Java HotSpot(TM) 64-Bit Server VM (24.80-b11) for linux-amd64 JRE (1.7.0_80-b15), built on Apr 10 2015 19:53:14 by "java_re" with gcc 4.3.0 20080428 (Red Hat 4.3.0-8)
Memory: 4k page, physical 8061648k(5969212k free), swap 4194296k(4164924k free)
CommandLine flags: -XX:+DisableExplicitGC -XX:GCLogFileSize=3145728 -XX:InitialHeapSize=4294967296 -XX:MaxHeapSize=4294967296 -XX:MaxPermSize=1073741824 -XX:NumberOfGCLogFiles=5 -XX:+PrintGC -XX:+PrintGCDateStamps -XX:+PrintGCDetails -XX:+PrintGCTimeStamps -XX:-TraceClassUnloading -XX:+UnlockExperimentalVMOptions -XX:+UseCompressedOops -XX:+UseG1GC -XX:+UseGCLogFileRotation -XX:+UseLargePages 
2016-08-30T13:35:57.614+0200: 7.748: [GC pause (young), 0.0760200 secs]
   [Parallel Time: 59.6 ms, GC Workers: 2]
      [GC Worker Start (ms): Min: 7748.3, Avg: 7750.2, Max: 7752.2, Diff: 3.9]
      [Ext Root Scanning (ms): Min: 10.5, Avg: 15.9, Max: 21.3, Diff: 10.8, Sum: 31.9]
      [Update RS (ms): Min: 0.0, Avg: 0.1, Max: 0.2, Diff: 0.2, Sum: 0.2]
         [Processed Buffers: Min: 0, Avg: 26.0, Max: 52, Diff: 52, Sum: 52]
      [Scan RS (ms): Min: 0.0, Avg: 0.2, Max: 0.4, Diff: 0.4, Sum: 0.4]
      [Code Root Scanning (ms): Min: 0.0, Avg: 0.2, Max: 0.3, Diff: 0.3, Sum: 0.3]
      [Object Copy (ms): Min: 38.2, Avg: 41.1, Max: 44.1, Diff: 5.9, Sum: 82.3]
      [Termination (ms): Min: 0.0, Avg: 0.0, Max: 0.0, Diff: 0.0, Sum: 0.0]
      [GC Worker Other (ms): Min: 0.0, Avg: 0.0, Max: 0.0, Diff: 0.0, Sum: 0.1]
      [GC Worker Total (ms): Min: 55.6, Avg: 57.6, Max: 59.6, Diff: 3.9, Sum: 115.2]
      [GC Worker End (ms): Min: 7807.8, Avg: 7807.8, Max: 7807.8, Diff: 0.0]
   [Code Root Fixup: 0.1 ms]
   [Code Root Migration: 0.2 ms]
   [Clear CT: 0.1 ms]
   [Other: 16.0 ms]
      [Choose CSet: 0.0 ms]
      [Ref Proc: 15.3 ms]
      [Ref Enq: 0.3 ms]
      [Free CSet: 0.2 ms]
   [Eden: 204.0M(204.0M)->0.0B(178.0M) Survivors: 0.0B->26.0M Heap: 204.0M(4096.0M)->43.6M(4096.0M)]
 [Times: user=0.11 sys=0.02, real=0.07 secs] 
2016-08-30T13:36:01.085+0200: 11.219: [GC pause (young), 0.0882290 secs]
   [Parallel Time: 77.5 ms, GC Workers: 2]
      [GC Worker Start (ms): Min: 11219.5, Avg: 11219.5, Max: 11219.5, Diff: 0.0]
      [Ext Root Scanning (ms): Min: 13.1, Avg: 14.1, Max: 15.0, Diff: 1.9, Sum: 28.1]
      [Update RS (ms): Min: 0.0, Avg: 0.1, Max: 0.1, Diff: 0.1, Sum: 0.1]
         [Processed Buffers: Min: 0, Avg: 16.0, Max: 32, Diff: 32, Sum: 32]
      [Scan RS (ms): Min: 1.3, Avg: 2.5, Max: 3.7, Diff: 2.5, Sum: 5.0]
      [Code Root Scanning (ms): Min: 0.1, Avg: 0.2, Max: 0.2, Diff: 0.1, Sum: 0.4]
      [Object Copy (ms): Min: 60.1, Avg: 60.4, Max: 60.7, Diff: 0.6, Sum: 120.8]
      [Termination (ms): Min: 0.2, Avg: 0.2, Max: 0.2, Diff: 0.0, Sum: 0.4]
      [GC Worker Other (ms): Min: 0.0, Avg: 0.0, Max: 0.0, Diff: 0.0, Sum: 0.1]
      [GC Worker Total (ms): Min: 77.4, Avg: 77.4, Max: 77.4, Diff: 0.0, Sum: 154.9]
      [GC Worker End (ms): Min: 11296.9, Avg: 11296.9, Max: 11296.9, Diff: 0.0]
   [Code Root Fixup: 0.2 ms]
   [Code Root Migration: 0.4 ms]
   [Clear CT: 0.1 ms]
   [Other: 10.1 ms]
      [Choose CSet: 0.0 ms]
      [Ref Proc: 9.5 ms]
      [Ref Enq: 0.2 ms]
      [Free CSet: 0.2 ms]
   [Eden: 178.0M(178.0M)->0.0B(178.0M) Survivors: 26.0M->26.0M Heap: 221.6M(4096.0M)->69.0M(4096.0M)]
 [Times: user=0.16 sys=0.01, real=0.08 secs] 
2016-08-30T13:36:01.874+0200: 12.009: [GC pause (young), 0.0708470 secs]
   [Parallel Time: 56.3 ms, GC Workers: 2]
      [GC Worker Start (ms): Min: 12009.0, Avg: 12009.1, Max: 12009.1, Diff: 0.0]
      [Ext Root Scanning (ms): Min: 12.3, Avg: 15.4, Max: 18.5, Diff: 6.2, Sum: 30.7]
      [Update RS (ms): Min: 5.7, Avg: 9.0, Max: 12.4, Diff: 6.7, Sum: 18.1]
         [Processed Buffers: Min: 10, Avg: 26.0, Max: 42, Diff: 32, Sum: 52]
      [Scan RS (ms): Min: 0.6, Avg: 0.7, Max: 0.7, Diff: 0.1, Sum: 1.4]
      [Code Root Scanning (ms): Min: 0.0, Avg: 0.0, Max: 0.1, Diff: 0.1, Sum: 0.1]
      [Object Copy (ms): Min: 30.7, Avg: 31.0, Max: 31.4, Diff: 0.7, Sum: 62.0]
      [Termination (ms): Min: 0.0, Avg: 0.0, Max: 0.0, Diff: 0.0, Sum: 0.0]
      [GC Worker Other (ms): Min: 0.0, Avg: 0.0, Max: 0.0, Diff: 0.0, Sum: 0.1]
      [GC Worker Total (ms): Min: 56.2, Avg: 56.2, Max: 56.2, Diff: 0.0, Sum: 112.4]
      [GC Worker End (ms): Min: 12065.2, Avg: 12065.2, Max: 12065.2, Diff: 0.0]
   [Code Root Fixup: 0.0 ms]
   [Code Root Migration: 0.1 ms]
   [Clear CT: 0.1 ms]
   [Other: 14.3 ms]
      [Choose CSet: 0.0 ms]
      [Ref Proc: 13.6 ms]
      [Ref Enq: 0.2 ms]
      [Free CSet: 0.2 ms]
   [Eden: 178.0M(178.0M)->0.0B(178.0M) Survivors: 26.0M->26.0M Heap: 247.0M(4096.0M)->89.0M(4096.0M)]
 [Times: user=0.12 sys=0.00, real=0.08 secs] 
2016-08-30T13:36:02.867+0200: 13.001: [GC pause (young), 0.0455070 secs]
   [Parallel Time: 33.0 ms, GC Workers: 2]
      [GC Worker Start (ms): Min: 13001.5, Avg: 13001.5, Max: 13001.5, Diff: 0.0]
      [Ext Root Scanning (ms): Min: 16.4, Avg: 17.0, Max: 17.6, Diff: 1.2, Sum: 34.0]
      [Update RS (ms): Min: 0.5, Avg: 0.9, Max: 1.3, Diff: 0.8, Sum: 1.8]
         [Processed Buffers: Min: 1, Avg: 6.0, Max: 11, Diff: 10, Sum: 12]
      [Scan RS (ms): Min: 0.3, Avg: 0.4, Max: 0.4, Diff: 0.0, Sum: 0.7]
      [Code Root Scanning (ms): Min: 0.0, Avg: 0.1, Max: 0.1, Diff: 0.0, Sum: 0.1]
      [Object Copy (ms): Min: 14.4, Avg: 14.6, Max: 14.8, Diff: 0.3, Sum: 29.2]
      [Termination (ms): Min: 0.0, Avg: 0.0, Max: 0.0, Diff: 0.0, Sum: 0.0]
      [GC Worker Other (ms): Min: 0.0, Avg: 0.0, Max: 0.0, Diff: 0.0, Sum: 0.1]
      [GC Worker Total (ms): Min: 32.9, Avg: 32.9, Max: 32.9, Diff: 0.0, Sum: 65.8]
      [GC Worker End (ms): Min: 13034.4, Avg: 13034.4, Max: 13034.4, Diff: 0.0]
   [Code Root Fixup: 0.0 ms]
   [Code Root Migration: 0.0 ms]
   [Clear CT: 0.1 ms]
   [Other: 12.4 ms]
      [Choose CSet: 0.0 ms]
      [Ref Proc: 11.8 ms]
      [Ref Enq: 0.2 ms]
      [Free CSet: 0.2 ms]
   [Eden: 178.0M(178.0M)->0.0B(178.0M) Survivors: 26.0M->26.0M Heap: 267.0M(4096.0M)->88.0M(4096.0M)]
 [Times: user=0.08 sys=0.00, real=0.04 secs] 
2016-08-30T13:36:03.592+0200: 13.726: [GC pause (young), 0.0422880 secs]
   [Parallel Time: 30.2 ms, GC Workers: 2]
      [GC Worker Start (ms): Min: 13726.1, Avg: 13726.1, Max: 13726.1, Diff: 0.0]
      [Ext Root Scanning (ms): Min: 9.8, Avg: 10.9, Max: 12.0, Diff: 2.2, Sum: 21.8]
      [Update RS (ms): Min: 0.0, Avg: 0.7, Max: 1.5, Diff: 1.5, Sum: 1.5]
         [Processed Buffers: Min: 0, Avg: 6.0, Max: 12, Diff: 12, Sum: 12]
      [Scan RS (ms): Min: 0.7, Avg: 1.2, Max: 1.6, Diff: 1.0, Sum: 2.3]
      [Code Root Scanning (ms): Min: 0.0, Avg: 0.0, Max: 0.0, Diff: 0.0, Sum: 0.1]
      [Object Copy (ms): Min: 17.2, Avg: 17.3, Max: 17.5, Diff: 0.2, Sum: 34.7]
      [Termination (ms): Min: 0.0, Avg: 0.0, Max: 0.0, Diff: 0.0, Sum: 0.0]
      [GC Worker Other (ms): Min: 0.0, Avg: 0.0, Max: 0.0, Diff: 0.0, Sum: 0.0]
      [GC Worker Total (ms): Min: 30.2, Avg: 30.2, Max: 30.2, Diff: 0.0, Sum: 60.4]
      [GC Worker End (ms): Min: 13756.3, Avg: 13756.3, Max: 13756.3, Diff: 0.0]
   [Code Root Fixup: 0.0 ms]
   [Code Root Migration: 0.0 ms]
   [Clear CT: 0.1 ms]
   [Other: 11.9 ms]
      [Choose CSet: 0.0 ms]
      [Ref Proc: 11.2 ms]
      [Ref Enq: 0.3 ms]
      [Free CSet: 0.2 ms]
   [Eden: 178.0M(178.0M)->0.0B(178.0M) Survivors: 26.0M->26.0M Heap: 266.0M(4096.0M)->92.0M(4096.0M)]
 [Times: user=0.08 sys=0.00, real=0.04 secs] 
2016-08-30T13:36:08.458+0200: 18.593: [GC pause (young), 0.0977000 secs]
   [Parallel Time: 79.6 ms, GC Workers: 2]
      [GC Worker Start (ms): Min: 18592.9, Avg: 18592.9, Max: 18592.9, Diff: 0.0]
      [Ext Root Scanning (ms): Min: 17.3, Avg: 19.9, Max: 22.4, Diff: 5.1, Sum: 39.8]
      [Update RS (ms): Min: 0.0, Avg: 1.3, Max: 2.6, Diff: 2.6, Sum: 2.6]
         [Processed Buffers: Min: 0, Avg: 24.5, Max: 49, Diff: 49, Sum: 49]
      [Scan RS (ms): Min: 1.5, Avg: 3.3, Max: 5.2, Diff: 3.8, Sum: 6.7]
      [Code Root Scanning (ms): Min: 0.0, Avg: 0.1, Max: 0.1, Diff: 0.0, Sum: 0.1]
      [Object Copy (ms): Min: 54.3, Avg: 55.0, Max: 55.6, Diff: 1.4, Sum: 109.9]
      [Termination (ms): Min: 0.0, Avg: 0.0, Max: 0.0, Diff: 0.0, Sum: 0.0]
      [GC Worker Other (ms): Min: 0.0, Avg: 0.0, Max: 0.0, Diff: 0.0, Sum: 0.1]
      [GC Worker Total (ms): Min: 79.6, Avg: 79.6, Max: 79.6, Diff: 0.0, Sum: 159.1]
      [GC Worker End (ms): Min: 18672.5, Avg: 18672.5, Max: 18672.5, Diff: 0.0]
   [Code Root Fixup: 0.1 ms]
   [Code Root Migration: 0.1 ms]
   [Clear CT: 0.2 ms]
   [Other: 17.8 ms]
      [Choose CSet: 0.0 ms]
      [Ref Proc: 16.6 ms]
      [Ref Enq: 0.4 ms]
      [Free CSet: 0.4 ms]
   [Eden: 178.0M(178.0M)->0.0B(178.0M) Survivors: 26.0M->26.0M Heap: 270.0M(4096.0M)->110.0M(4096.0M)]
 [Times: user=0.17 sys=0.00, real=0.10 secs] 
2016-08-30T13:36:14.828+0200: 24.963: [GC pause (young), 0.0903660 secs]
   [Parallel Time: 79.7 ms, GC Workers: 2]
      [GC Worker Start (ms): Min: 24963.0, Avg: 24963.0, Max: 24963.0, Diff: 0.0]
      [Ext Root Scanning (ms): Min: 16.9, Avg: 18.1, Max: 19.4, Diff: 2.4, Sum: 36.3]
      [Update RS (ms): Min: 0.0, Avg: 1.1, Max: 2.3, Diff: 2.3, Sum: 2.3]
         [Processed Buffers: Min: 0, Avg: 12.5, Max: 25, Diff: 25, Sum: 25]
      [Scan RS (ms): Min: 5.4, Avg: 6.4, Max: 7.5, Diff: 2.1, Sum: 12.8]
      [Code Root Scanning (ms): Min: 0.1, Avg: 0.1, Max: 0.1, Diff: 0.1, Sum: 0.2]
      [Object Copy (ms): Min: 52.8, Avg: 53.8, Max: 54.8, Diff: 2.0, Sum: 107.6]
      [Termination (ms): Min: 0.0, Avg: 0.0, Max: 0.0, Diff: 0.0, Sum: 0.0]
      [GC Worker Other (ms): Min: 0.0, Avg: 0.0, Max: 0.0, Diff: 0.0, Sum: 0.0]
      [GC Worker Total (ms): Min: 79.6, Avg: 79.6, Max: 79.6, Diff: 0.0, Sum: 159.3]
      [GC Worker End (ms): Min: 25042.6, Avg: 25042.6, Max: 25042.6, Diff: 0.0]
   [Code Root Fixup: 0.1 ms]
   [Code Root Migration: 0.2 ms]
   [Clear CT: 0.1 ms]
   [Other: 10.3 ms]
      [Choose CSet: 0.0 ms]
      [Ref Proc: 9.6 ms]
      [Ref Enq: 0.2 ms]
      [Free CSet: 0.2 ms]
   [Eden: 178.0M(178.0M)->0.0B(178.0M) Survivors: 26.0M->26.0M Heap: 288.0M(4096.0M)->135.2M(4096.0M)]
 [Times: user=0.17 sys=0.00, real=0.09 secs] 
2016-08-30T13:36:21.597+0200: 31.731: [GC pause (young), 0.0590310 secs]
   [Parallel Time: 47.6 ms, GC Workers: 2]
      [GC Worker Start (ms): Min: 31731.2, Avg: 31731.2, Max: 31731.2, Diff: 0.0]
      [Ext Root Scanning (ms): Min: 17.9, Avg: 18.7, Max: 19.6, Diff: 1.7, Sum: 37.5]
      [Update RS (ms): Min: 1.4, Avg: 1.7, Max: 2.1, Diff: 0.7, Sum: 3.4]
         [Processed Buffers: Min: 18, Avg: 22.5, Max: 27, Diff: 9, Sum: 45]
      [Scan RS (ms): Min: 1.0, Avg: 1.1, Max: 1.2, Diff: 0.1, Sum: 2.2]
      [Code Root Scanning (ms): Min: 0.0, Avg: 0.1, Max: 0.3, Diff: 0.2, Sum: 0.3]
      [Object Copy (ms): Min: 25.6, Avg: 25.9, Max: 26.2, Diff: 0.6, Sum: 51.7]
      [Termination (ms): Min: 0.0, Avg: 0.0, Max: 0.0, Diff: 0.0, Sum: 0.0]
      [GC Worker Other (ms): Min: 0.0, Avg: 0.0, Max: 0.1, Diff: 0.0, Sum: 0.1]
      [GC Worker Total (ms): Min: 47.6, Avg: 47.6, Max: 47.6, Diff: 0.0, Sum: 95.2]
      [GC Worker End (ms): Min: 31778.8, Avg: 31778.8, Max: 31778.8, Diff: 0.0]
   [Code Root Fixup: 0.2 ms]
   [Code Root Migration: 0.3 ms]
   [Clear CT: 0.2 ms]
   [Other: 10.8 ms]
      [Choose CSet: 0.0 ms]
      [Ref Proc: 10.2 ms]
      [Ref Enq: 0.2 ms]
      [Free CSet: 0.2 ms]
   [Eden: 178.0M(178.0M)->0.0B(178.0M) Survivors: 26.0M->26.0M Heap: 313.2M(4096.0M)->148.0M(4096.0M)]
 [Times: user=0.10 sys=0.01, real=0.06 secs] 
2016-08-30T13:36:23.273+0200: 33.408: [GC pause (young), 0.0801340 secs]
   [Parallel Time: 67.1 ms, GC Workers: 2]
      [GC Worker Start (ms): Min: 33407.8, Avg: 33408.0, Max: 33408.2, Diff: 0.5]
      [Ext Root Scanning (ms): Min: 18.3, Avg: 25.0, Max: 31.6, Diff: 13.2, Sum: 49.9]
      [Update RS (ms): Min: 0.0, Avg: 1.0, Max: 2.1, Diff: 2.1, Sum: 2.1]
         [Processed Buffers: Min: 0, Avg: 16.5, Max: 33, Diff: 33, Sum: 33]
      [Scan RS (ms): Min: 0.0, Avg: 1.2, Max: 2.3, Diff: 2.3, Sum: 2.3]
      [Code Root Scanning (ms): Min: 0.0, Avg: 0.1, Max: 0.3, Diff: 0.3, Sum: 0.3]
      [Object Copy (ms): Min: 35.0, Avg: 39.5, Max: 44.1, Diff: 9.1, Sum: 79.1]
      [Termination (ms): Min: 0.0, Avg: 0.0, Max: 0.0, Diff: 0.0, Sum: 0.0]
      [GC Worker Other (ms): Min: 0.0, Avg: 0.0, Max: 0.0, Diff: 0.0, Sum: 0.1]
      [GC Worker Total (ms): Min: 66.6, Avg: 66.9, Max: 67.1, Diff: 0.5, Sum: 133.7]
      [GC Worker End (ms): Min: 33474.9, Avg: 33474.9, Max: 33474.9, Diff: 0.0]
   [Code Root Fixup: 0.3 ms]
   [Code Root Migration: 0.4 ms]
   [Clear CT: 0.1 ms]
   [Other: 12.2 ms]
      [Choose CSet: 0.0 ms]
      [Ref Proc: 11.3 ms]
      [Ref Enq: 0.2 ms]
      [Free CSet: 0.3 ms]
   [Eden: 178.0M(178.0M)->0.0B(202.0M) Survivors: 26.0M->26.0M Heap: 326.0M(4096.0M)->164.0M(4096.0M)]
 [Times: user=0.14 sys=0.00, real=0.08 secs] 
2016-08-30T13:36:30.905+0200: 41.040: [GC pause (young), 0.1372170 secs]
   [Parallel Time: 127.7 ms, GC Workers: 2]
      [GC Worker Start (ms): Min: 41040.0, Avg: 41040.0, Max: 41040.0, Diff: 0.0]
      [Ext Root Scanning (ms): Min: 36.2, Avg: 36.5, Max: 36.8, Diff: 0.6, Sum: 73.0]
      [Update RS (ms): Min: 4.3, Avg: 4.5, Max: 4.7, Diff: 0.4, Sum: 9.1]
         [Processed Buffers: Min: 20, Avg: 27.5, Max: 35, Diff: 15, Sum: 55]
      [Scan RS (ms): Min: 2.7, Avg: 3.0, Max: 3.2, Diff: 0.5, Sum: 5.9]
      [Code Root Scanning (ms): Min: 0.1, Avg: 0.2, Max: 0.3, Diff: 0.2, Sum: 0.4]
      [Object Copy (ms): Min: 83.0, Avg: 83.3, Max: 83.7, Diff: 0.7, Sum: 166.7]
      [Termination (ms): Min: 0.0, Avg: 0.0, Max: 0.0, Diff: 0.0, Sum: 0.0]
      [GC Worker Other (ms): Min: 0.1, Avg: 0.1, Max: 0.1, Diff: 0.0, Sum: 0.1]
      [GC Worker Total (ms): Min: 127.6, Avg: 127.6, Max: 127.6, Diff: 0.0, Sum: 255.3]
      [GC Worker End (ms): Min: 41167.6, Avg: 41167.6, Max: 41167.6, Diff: 0.0]
   [Code Root Fixup: 0.1 ms]
   [Code Root Migration: 0.3 ms]
   [Clear CT: 0.2 ms]
   [Other: 9.0 ms]
      [Choose CSet: 0.0 ms]
      [Ref Proc: 8.2 ms]
      [Ref Enq: 0.1 ms]
      [Free CSet: 0.3 ms]
   [Eden: 202.0M(202.0M)->0.0B(238.0M) Survivors: 26.0M->28.0M Heap: 366.0M(4096.0M)->181.0M(4096.0M)]
 [Times: user=0.25 sys=0.02, real=0.14 secs] 
2016-08-30T13:36:35.271+0200: 45.405: [GC pause (young), 0.0787500 secs]
   [Parallel Time: 73.7 ms, GC Workers: 2]
      [GC Worker Start (ms): Min: 45405.6, Avg: 45405.6, Max: 45405.7, Diff: 0.0]
      [Ext Root Scanning (ms): Min: 21.2, Avg: 29.5, Max: 37.8, Diff: 16.6, Sum: 59.1]
      [Update RS (ms): Min: 0.0, Avg: 2.9, Max: 5.8, Diff: 5.8, Sum: 5.8]
         [Processed Buffers: Min: 0, Avg: 22.5, Max: 45, Diff: 45, Sum: 45]
      [Scan RS (ms): Min: 0.0, Avg: 1.1, Max: 2.2, Diff: 2.2, Sum: 2.2]
      [Code Root Scanning (ms): Min: 0.0, Avg: 0.1, Max: 0.2, Diff: 0.2, Sum: 0.2]
      [Object Copy (ms): Min: 35.8, Avg: 40.0, Max: 44.1, Diff: 8.4, Sum: 79.9]
      [Termination (ms): Min: 0.0, Avg: 0.0, Max: 0.0, Diff: 0.0, Sum: 0.0]
      [GC Worker Other (ms): Min: 0.0, Avg: 0.0, Max: 0.0, Diff: 0.0, Sum: 0.1]
      [GC Worker Total (ms): Min: 73.6, Avg: 73.6, Max: 73.7, Diff: 0.0, Sum: 147.3]
      [GC Worker End (ms): Min: 45479.3, Avg: 45479.3, Max: 45479.3, Diff: 0.0]
   [Code Root Fixup: 0.1 ms]
   [Code Root Migration: 0.2 ms]
   [Clear CT: 0.1 ms]
   [Other: 4.6 ms]
      [Choose CSet: 0.0 ms]
      [Ref Proc: 4.0 ms]
      [Ref Enq: 0.1 ms]
      [Free CSet: 0.3 ms]
   [Eden: 238.0M(238.0M)->0.0B(444.0M) Survivors: 28.0M->28.0M Heap: 419.0M(4096.0M)->180.0M(4096.0M)]
 [Times: user=0.14 sys=0.01, real=0.08 secs] 
2016-08-30T13:36:40.855+0200: 50.990: [GC pause (young), 0.1132430 secs]
   [Parallel Time: 95.6 ms, GC Workers: 2]
      [GC Worker Start (ms): Min: 50990.0, Avg: 50991.1, Max: 50992.2, Diff: 2.2]
      [Ext Root Scanning (ms): Min: 20.9, Avg: 29.1, Max: 37.3, Diff: 16.4, Sum: 58.2]
      [Update RS (ms): Min: 0.0, Avg: 2.7, Max: 5.4, Diff: 5.4, Sum: 5.4]
         [Processed Buffers: Min: 0, Avg: 31.0, Max: 62, Diff: 62, Sum: 62]
      [Scan RS (ms): Min: 0.0, Avg: 1.6, Max: 3.1, Diff: 3.1, Sum: 3.2]
      [Code Root Scanning (ms): Min: 0.0, Avg: 0.1, Max: 0.3, Diff: 0.3, Sum: 0.3]
      [Object Copy (ms): Min: 56.1, Avg: 60.9, Max: 65.8, Diff: 9.7, Sum: 121.9]
      [Termination (ms): Min: 0.0, Avg: 0.0, Max: 0.0, Diff: 0.0, Sum: 0.0]
      [GC Worker Other (ms): Min: 0.0, Avg: 0.0, Max: 0.0, Diff: 0.0, Sum: 0.1]
      [GC Worker Total (ms): Min: 93.4, Avg: 94.5, Max: 95.6, Diff: 2.2, Sum: 189.1]
      [GC Worker End (ms): Min: 51085.6, Avg: 51085.6, Max: 51085.6, Diff: 0.0]
   [Code Root Fixup: 0.1 ms]
   [Code Root Migration: 0.2 ms]
   [Clear CT: 0.2 ms]
   [Other: 17.1 ms]
      [Choose CSet: 0.0 ms]
      [Ref Proc: 16.1 ms]
      [Ref Enq: 0.3 ms]
      [Free CSet: 0.4 ms]
   [Eden: 444.0M(444.0M)->0.0B(366.0M) Survivors: 28.0M->60.0M Heap: 624.0M(4096.0M)->223.0M(4096.0M)]
 [Times: user=0.19 sys=0.02, real=0.11 secs] 
2016-08-30T13:37:26.455+0200: 96.590: [GC pause (young), 0.2973010 secs]
   [Parallel Time: 286.0 ms, GC Workers: 2]
      [GC Worker Start (ms): Min: 96589.9, Avg: 96589.9, Max: 96589.9, Diff: 0.0]
      [Ext Root Scanning (ms): Min: 91.7, Avg: 96.2, Max: 100.7, Diff: 9.0, Sum: 192.4]
      [Update RS (ms): Min: 9.7, Avg: 10.8, Max: 11.9, Diff: 2.2, Sum: 21.6]
         [Processed Buffers: Min: 57, Avg: 63.5, Max: 70, Diff: 13, Sum: 127]
      [Scan RS (ms): Min: 5.6, Avg: 8.8, Max: 11.9, Diff: 6.3, Sum: 17.5]
      [Code Root Scanning (ms): Min: 0.1, Avg: 3.3, Max: 6.5, Diff: 6.5, Sum: 6.6]
      [Object Copy (ms): Min: 161.0, Avg: 166.7, Max: 172.5, Diff: 11.5, Sum: 333.5]
      [Termination (ms): Min: 0.0, Avg: 0.1, Max: 0.1, Diff: 0.1, Sum: 0.1]
      [GC Worker Other (ms): Min: 0.0, Avg: 0.1, Max: 0.1, Diff: 0.1, Sum: 0.2]
      [GC Worker Total (ms): Min: 285.9, Avg: 285.9, Max: 285.9, Diff: 0.0, Sum: 571.8]
      [GC Worker End (ms): Min: 96875.8, Avg: 96875.8, Max: 96875.8, Diff: 0.0]
   [Code Root Fixup: 0.1 ms]
   [Code Root Migration: 0.3 ms]
   [Clear CT: 0.3 ms]
   [Other: 10.7 ms]
      [Choose CSet: 0.0 ms]
      [Ref Proc: 9.5 ms]
      [Ref Enq: 0.2 ms]
      [Free CSet: 0.4 ms]
   [Eden: 340.0M(340.0M)->0.0B(154.0M) Survivors: 60.0M->50.0M Heap: 563.0M(4096.0M)->235.0M(4096.0M)]
 [Times: user=0.29 sys=0.00, real=0.30 secs] 
2016-08-30T13:39:13.066+0200: 203.200: [GC pause (young), 0.1615590 secs]
   [Parallel Time: 158.1 ms, GC Workers: 2]
      [GC Worker Start (ms): Min: 203200.8, Avg: 203201.9, Max: 203203.0, Diff: 2.2]
      [Ext Root Scanning (ms): Min: 43.4, Avg: 45.2, Max: 47.0, Diff: 3.6, Sum: 90.4]
      [Update RS (ms): Min: 6.5, Avg: 8.7, Max: 10.9, Diff: 4.5, Sum: 17.4]
         [Processed Buffers: Min: 51, Avg: 53.0, Max: 55, Diff: 4, Sum: 106]
      [Scan RS (ms): Min: 8.8, Avg: 8.9, Max: 9.0, Diff: 0.2, Sum: 17.8]
      [Code Root Scanning (ms): Min: 0.1, Avg: 0.1, Max: 0.2, Diff: 0.1, Sum: 0.3]
      [Object Copy (ms): Min: 93.2, Avg: 94.0, Max: 94.7, Diff: 1.4, Sum: 187.9]
      [Termination (ms): Min: 0.0, Avg: 0.0, Max: 0.0, Diff: 0.0, Sum: 0.0]
      [GC Worker Other (ms): Min: 0.1, Avg: 0.1, Max: 0.1, Diff: 0.0, Sum: 0.1]
      [GC Worker Total (ms): Min: 155.8, Avg: 156.9, Max: 158.1, Diff: 2.2, Sum: 313.9]
      [GC Worker End (ms): Min: 203358.8, Avg: 203358.8, Max: 203358.8, Diff: 0.0]
   [Code Root Fixup: 0.1 ms]
   [Code Root Migration: 0.2 ms]
   [Clear CT: 0.2 ms]
   [Other: 2.9 ms]
      [Choose CSet: 0.0 ms]
      [Ref Proc: 1.5 ms]
      [Ref Enq: 0.1 ms]
      [Free CSet: 0.4 ms]
   [Eden: 154.0M(154.0M)->0.0B(680.0M) Survivors: 50.0M->6144.0K Heap: 389.0M(4096.0M)->228.0M(4096.0M)]
 [Times: user=0.32 sys=0.00, real=0.16 secs] 
2016-08-30T13:41:14.766+0200: 324.900: [GC pause (young), 0.1850640 secs]
   [Parallel Time: 172.3 ms, GC Workers: 2]
      [GC Worker Start (ms): Min: 324901.1, Avg: 324901.2, Max: 324901.2, Diff: 0.1]
      [Ext Root Scanning (ms): Min: 51.1, Avg: 53.4, Max: 55.7, Diff: 4.6, Sum: 106.8]
      [Update RS (ms): Min: 14.2, Avg: 16.9, Max: 19.5, Diff: 5.3, Sum: 33.7]
         [Processed Buffers: Min: 151, Avg: 186.0, Max: 221, Diff: 70, Sum: 372]
      [Scan RS (ms): Min: 1.1, Avg: 1.4, Max: 1.7, Diff: 0.6, Sum: 2.8]
      [Code Root Scanning (ms): Min: 0.2, Avg: 0.3, Max: 0.4, Diff: 0.2, Sum: 0.6]
      [Object Copy (ms): Min: 100.1, Avg: 100.1, Max: 100.1, Diff: 0.0, Sum: 200.3]
      [Termination (ms): Min: 0.0, Avg: 0.1, Max: 0.1, Diff: 0.1, Sum: 0.1]
      [GC Worker Other (ms): Min: 0.1, Avg: 0.1, Max: 0.1, Diff: 0.0, Sum: 0.2]
      [GC Worker Total (ms): Min: 172.2, Avg: 172.2, Max: 172.3, Diff: 0.1, Sum: 344.4]
      [GC Worker End (ms): Min: 325073.3, Avg: 325073.4, Max: 325073.4, Diff: 0.1]
   [Code Root Fixup: 0.1 ms]
   [Code Root Migration: 0.2 ms]
   [Clear CT: 0.2 ms]
   [Other: 12.1 ms]
      [Choose CSet: 0.0 ms]
      [Ref Proc: 9.6 ms]
      [Ref Enq: 0.4 ms]
      [Free CSet: 0.7 ms]
   [Eden: 680.0M(680.0M)->0.0B(118.0M) Survivors: 6144.0K->86.0M Heap: 908.0M(4096.0M)->361.0M(4096.0M)]
 [Times: user=0.31 sys=0.05, real=0.18 secs] 
2016-08-30T13:41:18.140+0200: 328.274: [GC pause (young), 0.1693780 secs]
   [Parallel Time: 164.2 ms, GC Workers: 2]
      [GC Worker Start (ms): Min: 328275.6, Avg: 328275.6, Max: 328275.6, Diff: 0.1]
      [Ext Root Scanning (ms): Min: 50.1, Avg: 50.5, Max: 50.8, Diff: 0.7, Sum: 100.9]
      [Update RS (ms): Min: 9.6, Avg: 10.5, Max: 11.3, Diff: 1.6, Sum: 20.9]
         [Processed Buffers: Min: 141, Avg: 142.0, Max: 143, Diff: 2, Sum: 284]
      [Scan RS (ms): Min: 6.1, Avg: 6.8, Max: 7.4, Diff: 1.3, Sum: 13.5]
      [Code Root Scanning (ms): Min: 0.0, Avg: 0.2, Max: 0.3, Diff: 0.3, Sum: 0.4]
      [Object Copy (ms): Min: 96.1, Avg: 96.2, Max: 96.3, Diff: 0.2, Sum: 192.4]
      [Termination (ms): Min: 0.0, Avg: 0.0, Max: 0.0, Diff: 0.0, Sum: 0.0]
      [GC Worker Other (ms): Min: 0.1, Avg: 0.1, Max: 0.1, Diff: 0.0, Sum: 0.2]
      [GC Worker Total (ms): Min: 164.1, Avg: 164.1, Max: 164.1, Diff: 0.1, Sum: 328.2]
      [GC Worker End (ms): Min: 328439.7, Avg: 328439.7, Max: 328439.7, Diff: 0.0]
   [Code Root Fixup: 0.2 ms]
   [Code Root Migration: 0.3 ms]
   [Clear CT: 0.2 ms]
   [Other: 4.4 ms]
      [Choose CSet: 0.0 ms]
      [Ref Proc: 1.7 ms]
      [Ref Enq: 0.2 ms]
      [Free CSet: 0.5 ms]
   [Eden: 118.0M(118.0M)->0.0B(254.0M) Survivors: 86.0M->18.0M Heap: 479.0M(4096.0M)->379.0M(4096.0M)]
 [Times: user=0.34 sys=0.00, real=0.17 secs] 
2016-08-30T13:41:27.015+0200: 337.149: [GC pause (young), 0.1373580 secs]
   [Parallel Time: 130.7 ms, GC Workers: 2]
      [GC Worker Start (ms): Min: 337151.5, Avg: 337151.5, Max: 337151.5, Diff: 0.0]
      [Ext Root Scanning (ms): Min: 49.8, Avg: 50.2, Max: 50.5, Diff: 0.7, Sum: 100.3]
      [Update RS (ms): Min: 27.9, Avg: 28.2, Max: 28.5, Diff: 0.6, Sum: 56.4]
         [Processed Buffers: Min: 429, Avg: 448.0, Max: 467, Diff: 38, Sum: 896]
      [Scan RS (ms): Min: 3.9, Avg: 4.1, Max: 4.4, Diff: 0.5, Sum: 8.2]
      [Code Root Scanning (ms): Min: 0.1, Avg: 0.1, Max: 0.1, Diff: 0.0, Sum: 0.2]
      [Object Copy (ms): Min: 47.7, Avg: 47.9, Max: 48.0, Diff: 0.4, Sum: 95.7]
      [Termination (ms): Min: 0.0, Avg: 0.0, Max: 0.0, Diff: 0.0, Sum: 0.0]
      [GC Worker Other (ms): Min: 0.1, Avg: 0.1, Max: 0.1, Diff: 0.0, Sum: 0.1]
      [GC Worker Total (ms): Min: 130.5, Avg: 130.5, Max: 130.6, Diff: 0.0, Sum: 261.1]
      [GC Worker End (ms): Min: 337282.0, Avg: 337282.0, Max: 337282.0, Diff: 0.0]
   [Code Root Fixup: 0.1 ms]
   [Code Root Migration: 0.1 ms]
   [Clear CT: 0.2 ms]
   [Other: 6.4 ms]
      [Choose CSet: 0.0 ms]
      [Ref Proc: 3.4 ms]
      [Ref Enq: 0.2 ms]
      [Free CSet: 0.4 ms]
   [Eden: 254.0M(254.0M)->0.0B(210.0M) Survivors: 18.0M->34.0M Heap: 633.0M(4096.0M)->404.0M(4096.0M)]
 [Times: user=0.27 sys=0.00, real=0.13 secs] 
2016-08-30T13:41:32.769+0200: 342.903: [GC pause (young), 0.1475490 secs]
   [Parallel Time: 141.7 ms, GC Workers: 2]
      [GC Worker Start (ms): Min: 342904.9, Avg: 342904.9, Max: 342904.9, Diff: 0.0]
      [Ext Root Scanning (ms): Min: 49.2, Avg: 49.3, Max: 49.5, Diff: 0.3, Sum: 98.7]
      [Update RS (ms): Min: 24.1, Avg: 24.5, Max: 24.8, Diff: 0.8, Sum: 48.9]
         [Processed Buffers: Min: 290, Avg: 346.5, Max: 403, Diff: 113, Sum: 693]
      [Scan RS (ms): Min: 7.4, Avg: 7.5, Max: 7.5, Diff: 0.1, Sum: 15.0]
      [Code Root Scanning (ms): Min: 0.0, Avg: 0.1, Max: 0.1, Diff: 0.1, Sum: 0.2]
      [Object Copy (ms): Min: 59.6, Avg: 60.1, Max: 60.6, Diff: 1.0, Sum: 120.2]
      [Termination (ms): Min: 0.0, Avg: 0.0, Max: 0.0, Diff: 0.0, Sum: 0.0]
      [GC Worker Other (ms): Min: 0.1, Avg: 0.1, Max: 0.1, Diff: 0.0, Sum: 0.2]
      [GC Worker Total (ms): Min: 141.6, Avg: 141.6, Max: 141.6, Diff: 0.0, Sum: 283.2]
      [GC Worker End (ms): Min: 343046.5, Avg: 343046.5, Max: 343046.5, Diff: 0.0]
   [Code Root Fixup: 0.1 ms]
   [Code Root Migration: 0.1 ms]
   [Clear CT: 0.2 ms]
   [Other: 5.5 ms]
      [Choose CSet: 0.0 ms]
      [Ref Proc: 2.2 ms]
      [Ref Enq: 0.2 ms]
      [Free CSet: 0.5 ms]
   [Eden: 172.0M(172.0M)->0.0B(290.0M) Survivors: 34.0M->24.0M Heap: 576.0M(4096.0M)->426.0M(4096.0M)]
 [Times: user=0.29 sys=0.00, real=0.15 secs] 
2016-08-30T13:41:42.506+0200: 352.640: [GC pause (young), 0.1534300 secs]
   [Parallel Time: 146.6 ms, GC Workers: 2]
      [GC Worker Start (ms): Min: 352642.3, Avg: 352642.3, Max: 352642.3, Diff: 0.0]
      [Ext Root Scanning (ms): Min: 54.2, Avg: 54.4, Max: 54.6, Diff: 0.5, Sum: 108.8]
      [Update RS (ms): Min: 33.3, Avg: 33.9, Max: 34.5, Diff: 1.1, Sum: 67.8]
         [Processed Buffers: Min: 471, Avg: 494.0, Max: 517, Diff: 46, Sum: 988]
      [Scan RS (ms): Min: 5.7, Avg: 5.7, Max: 5.7, Diff: 0.1, Sum: 11.4]
      [Code Root Scanning (ms): Min: 0.2, Avg: 0.2, Max: 0.2, Diff: 0.0, Sum: 0.3]
      [Object Copy (ms): Min: 52.0, Avg: 52.3, Max: 52.7, Diff: 0.7, Sum: 104.6]
      [Termination (ms): Min: 0.0, Avg: 0.0, Max: 0.0, Diff: 0.0, Sum: 0.0]
      [GC Worker Other (ms): Min: 0.1, Avg: 0.1, Max: 0.1, Diff: 0.0, Sum: 0.2]
      [GC Worker Total (ms): Min: 146.6, Avg: 146.6, Max: 146.6, Diff: 0.0, Sum: 293.2]
      [GC Worker End (ms): Min: 352788.9, Avg: 352788.9, Max: 352788.9, Diff: 0.0]
   [Code Root Fixup: 0.1 ms]
   [Code Root Migration: 0.1 ms]
   [Clear CT: 0.2 ms]
   [Other: 6.4 ms]
      [Choose CSet: 0.0 ms]
      [Ref Proc: 2.7 ms]
      [Ref Enq: 0.2 ms]
      [Free CSet: 0.5 ms]
   [Eden: 290.0M(290.0M)->0.0B(266.0M) Survivors: 24.0M->34.0M Heap: 716.0M(4096.0M)->455.0M(4096.0M)]
 [Times: user=0.29 sys=0.00, real=0.16 secs] 
2016-08-30T13:41:50.343+0200: 360.477: [GC pause (young), 0.1456850 secs]
   [Parallel Time: 137.5 ms, GC Workers: 2]
      [GC Worker Start (ms): Min: 360478.8, Avg: 360478.8, Max: 360478.8, Diff: 0.0]
      [Ext Root Scanning (ms): Min: 51.2, Avg: 51.4, Max: 51.7, Diff: 0.6, Sum: 102.9]
      [Update RS (ms): Min: 25.6, Avg: 26.1, Max: 26.6, Diff: 1.0, Sum: 52.2]
         [Processed Buffers: Min: 398, Avg: 403.0, Max: 408, Diff: 10, Sum: 806]
      [Scan RS (ms): Min: 6.8, Avg: 7.2, Max: 7.6, Diff: 0.8, Sum: 14.3]
      [Code Root Scanning (ms): Min: 0.0, Avg: 0.2, Max: 0.3, Diff: 0.3, Sum: 0.3]
      [Object Copy (ms): Min: 52.1, Avg: 52.3, Max: 52.6, Diff: 0.5, Sum: 104.7]
      [Termination (ms): Min: 0.0, Avg: 0.0, Max: 0.0, Diff: 0.0, Sum: 0.0]
      [GC Worker Other (ms): Min: 0.1, Avg: 0.1, Max: 0.1, Diff: 0.0, Sum: 0.3]
      [GC Worker Total (ms): Min: 137.4, Avg: 137.4, Max: 137.4, Diff: 0.0, Sum: 274.7]
      [GC Worker End (ms): Min: 360616.2, Avg: 360616.2, Max: 360616.2, Diff: 0.0]
   [Code Root Fixup: 0.2 ms]
   [Code Root Migration: 0.2 ms]
   [Clear CT: 0.2 ms]
   [Other: 7.6 ms]
      [Choose CSet: 0.0 ms]
      [Ref Proc: 3.7 ms]
      [Ref Enq: 0.3 ms]
      [Free CSet: 0.5 ms]
   [Eden: 212.0M(212.0M)->0.0B(390.0M) Survivors: 34.0M->22.0M Heap: 667.0M(4096.0M)->473.0M(4096.0M)]
 [Times: user=0.28 sys=0.00, real=0.15 secs] 
2016-08-30T13:42:02.895+0200: 373.030: [GC pause (young), 0.1501870 secs]
   [Parallel Time: 141.6 ms, GC Workers: 2]
      [GC Worker Start (ms): Min: 373031.9, Avg: 373034.6, Max: 373037.2, Diff: 5.4]
      [Ext Root Scanning (ms): Min: 49.4, Avg: 52.3, Max: 55.2, Diff: 5.8, Sum: 104.6]
      [Update RS (ms): Min: 30.9, Avg: 31.3, Max: 31.7, Diff: 0.8, Sum: 62.6]
         [Processed Buffers: Min: 358, Avg: 389.0, Max: 420, Diff: 62, Sum: 778]
      [Scan RS (ms): Min: 7.7, Avg: 7.9, Max: 8.0, Diff: 0.3, Sum: 15.7]
      [Code Root Scanning (ms): Min: 0.1, Avg: 0.2, Max: 0.2, Diff: 0.1, Sum: 0.3]
      [Object Copy (ms): Min: 46.8, Avg: 47.1, Max: 47.4, Diff: 0.6, Sum: 94.3]
      [Termination (ms): Min: 0.0, Avg: 0.0, Max: 0.0, Diff: 0.0, Sum: 0.0]
      [GC Worker Other (ms): Min: 0.1, Avg: 0.1, Max: 0.1, Diff: 0.1, Sum: 0.2]
      [GC Worker Total (ms): Min: 136.2, Avg: 138.9, Max: 141.6, Diff: 5.4, Sum: 277.7]
      [GC Worker End (ms): Min: 373173.4, Avg: 373173.4, Max: 373173.4, Diff: 0.0]
   [Code Root Fixup: 0.1 ms]
   [Code Root Migration: 0.1 ms]
   [Clear CT: 0.2 ms]
   [Other: 8.1 ms]
      [Choose CSet: 0.0 ms]
      [Ref Proc: 3.9 ms]
      [Ref Enq: 0.4 ms]
      [Free CSet: 0.7 ms]
   [Eden: 296.0M(296.0M)->0.0B(304.0M) Survivors: 22.0M->40.0M Heap: 769.0M(4096.0M)->494.0M(4096.0M)]
 [Times: user=0.28 sys=0.01, real=0.15 secs] 
2016-08-30T13:42:11.041+0200: 381.176: [GC pause (young), 0.1588630 secs]
   [Parallel Time: 151.1 ms, GC Workers: 2]
      [GC Worker Start (ms): Min: 381177.4, Avg: 381177.5, Max: 381177.5, Diff: 0.0]
      [Ext Root Scanning (ms): Min: 51.1, Avg: 51.3, Max: 51.5, Diff: 0.4, Sum: 102.6]
      [Update RS (ms): Min: 25.4, Avg: 25.5, Max: 25.6, Diff: 0.3, Sum: 51.0]
         [Processed Buffers: Min: 363, Avg: 384.0, Max: 405, Diff: 42, Sum: 768]
      [Scan RS (ms): Min: 9.1, Avg: 9.2, Max: 9.3, Diff: 0.1, Sum: 18.4]
      [Code Root Scanning (ms): Min: 0.1, Avg: 0.1, Max: 0.1, Diff: 0.0, Sum: 0.2]
      [Object Copy (ms): Min: 64.5, Avg: 64.7, Max: 64.9, Diff: 0.5, Sum: 129.4]
      [Termination (ms): Min: 0.0, Avg: 0.0, Max: 0.0, Diff: 0.0, Sum: 0.0]
      [GC Worker Other (ms): Min: 0.1, Avg: 0.1, Max: 0.2, Diff: 0.1, Sum: 0.2]
      [GC Worker Total (ms): Min: 150.9, Avg: 151.0, Max: 151.0, Diff: 0.0, Sum: 301.9]
      [GC Worker End (ms): Min: 381328.4, Avg: 381328.4, Max: 381328.4, Diff: 0.0]
   [Code Root Fixup: 0.2 ms]
   [Code Root Migration: 0.2 ms]
   [Clear CT: 0.3 ms]
   [Other: 7.2 ms]
      [Choose CSet: 0.0 ms]
      [Ref Proc: 3.1 ms]
      [Ref Enq: 0.3 ms]
      [Free CSet: 0.7 ms]
   [Eden: 222.0M(222.0M)->0.0B(362.0M) Survivors: 40.0M->28.0M Heap: 716.0M(4096.0M)->516.0M(4096.0M)]
 [Times: user=0.31 sys=0.00, real=0.16 secs] 
2016-08-30T13:42:24.319+0200: 394.453: [GC pause (young), 0.1646530 secs]
   [Parallel Time: 155.3 ms, GC Workers: 2]
      [GC Worker Start (ms): Min: 394455.5, Avg: 394455.5, Max: 394455.5, Diff: 0.0]
      [Ext Root Scanning (ms): Min: 51.3, Avg: 52.1, Max: 52.8, Diff: 1.5, Sum: 104.1]
      [Update RS (ms): Min: 34.1, Avg: 34.9, Max: 35.6, Diff: 1.5, Sum: 69.8]
         [Processed Buffers: Min: 391, Avg: 412.0, Max: 433, Diff: 42, Sum: 824]
      [Scan RS (ms): Min: 8.7, Avg: 9.2, Max: 9.7, Diff: 1.0, Sum: 18.4]
      [Code Root Scanning (ms): Min: 0.1, Avg: 0.2, Max: 0.2, Diff: 0.0, Sum: 0.3]
      [Object Copy (ms): Min: 58.2, Avg: 58.8, Max: 59.3, Diff: 1.1, Sum: 117.5]
      [Termination (ms): Min: 0.0, Avg: 0.0, Max: 0.0, Diff: 0.0, Sum: 0.0]
      [GC Worker Other (ms): Min: 0.1, Avg: 0.1, Max: 0.1, Diff: 0.0, Sum: 0.2]
      [GC Worker Total (ms): Min: 155.2, Avg: 155.2, Max: 155.2, Diff: 0.0, Sum: 310.4]
      [GC Worker End (ms): Min: 394610.7, Avg: 394610.7, Max: 394610.7, Diff: 0.0]
   [Code Root Fixup: 0.1 ms]
   [Code Root Migration: 0.1 ms]
   [Clear CT: 0.3 ms]
   [Other: 8.8 ms]
      [Choose CSet: 0.0 ms]
      [Ref Proc: 3.9 ms]
      [Ref Enq: 0.4 ms]
      [Free CSet: 0.9 ms]
   [Eden: 344.0M(288.0M)->0.0B(352.0M) Survivors: 28.0M->34.0M Heap: 860.0M(4096.0M)->543.0M(4096.0M)]
 [Times: user=0.32 sys=0.00, real=0.17 secs] 
2016-08-30T13:42:36.491+0200: 406.625: [GC pause (young), 0.2008450 secs]
   [Parallel Time: 195.0 ms, GC Workers: 2]
      [GC Worker Start (ms): Min: 406627.2, Avg: 406627.2, Max: 406627.2, Diff: 0.0]
      [Ext Root Scanning (ms): Min: 79.4, Avg: 80.9, Max: 82.4, Diff: 3.0, Sum: 161.7]
      [Update RS (ms): Min: 37.5, Avg: 41.4, Max: 45.4, Diff: 7.9, Sum: 82.8]
         [Processed Buffers: Min: 265, Avg: 373.5, Max: 482, Diff: 217, Sum: 747]
      [Scan RS (ms): Min: 13.9, Avg: 14.1, Max: 14.2, Diff: 0.4, Sum: 28.1]
      [Code Root Scanning (ms): Min: 0.1, Avg: 0.1, Max: 0.1, Diff: 0.0, Sum: 0.3]
      [Object Copy (ms): Min: 56.0, Avg: 58.2, Max: 60.4, Diff: 4.4, Sum: 116.4]
      [Termination (ms): Min: 0.0, Avg: 0.1, Max: 0.2, Diff: 0.2, Sum: 0.2]
      [GC Worker Other (ms): Min: 0.1, Avg: 0.1, Max: 0.2, Diff: 0.1, Sum: 0.3]
      [GC Worker Total (ms): Min: 194.9, Avg: 194.9, Max: 194.9, Diff: 0.0, Sum: 389.8]
      [GC Worker End (ms): Min: 406822.1, Avg: 406822.1, Max: 406822.1, Diff: 0.0]
   [Code Root Fixup: 0.1 ms]
   [Code Root Migration: 0.1 ms]
   [Clear CT: 0.3 ms]
   [Other: 5.4 ms]
      [Choose CSet: 0.0 ms]
      [Ref Proc: 2.3 ms]
      [Ref Enq: 0.2 ms]
      [Free CSet: 0.5 ms]
   [Eden: 286.0M(286.0M)->0.0B(286.0M) Survivors: 34.0M->26.0M Heap: 829.0M(4096.0M)->560.0M(4096.0M)]
 [Times: user=0.27 sys=0.00, real=0.20 secs] 
2016-08-30T13:42:48.169+0200: 418.303: [GC pause (young), 0.2494850 secs]
   [Parallel Time: 234.3 ms, GC Workers: 2]
      [GC Worker Start (ms): Min: 418304.6, Avg: 418305.9, Max: 418307.3, Diff: 2.7]
      [Ext Root Scanning (ms): Min: 68.0, Avg: 74.3, Max: 80.6, Diff: 12.6, Sum: 148.5]
      [Update RS (ms): Min: 33.5, Avg: 44.3, Max: 55.1, Diff: 21.6, Sum: 88.7]
         [Processed Buffers: Min: 388, Avg: 423.5, Max: 459, Diff: 71, Sum: 847]
      [Scan RS (ms): Min: 11.0, Avg: 14.9, Max: 18.9, Diff: 8.0, Sum: 29.9]
      [Code Root Scanning (ms): Min: 0.0, Avg: 0.0, Max: 0.1, Diff: 0.0, Sum: 0.1]
      [Object Copy (ms): Min: 87.0, Avg: 94.1, Max: 101.3, Diff: 14.2, Sum: 188.3]
      [Termination (ms): Min: 0.0, Avg: 0.0, Max: 0.0, Diff: 0.0, Sum: 0.0]
      [GC Worker Other (ms): Min: 0.0, Avg: 0.1, Max: 0.1, Diff: 0.0, Sum: 0.1]
      [GC Worker Total (ms): Min: 226.4, Avg: 227.8, Max: 229.1, Diff: 2.7, Sum: 455.6]
      [GC Worker End (ms): Min: 418533.7, Avg: 418533.7, Max: 418533.7, Diff: 0.0]
   [Code Root Fixup: 0.1 ms]
   [Code Root Migration: 0.0 ms]
   [Clear CT: 0.2 ms]
   [Other: 15.0 ms]
      [Choose CSet: 0.0 ms]
      [Ref Proc: 12.7 ms]
      [Ref Enq: 0.2 ms]
      [Free CSet: 0.3 ms]
   [Eden: 286.0M(286.0M)->0.0B(168.0M) Survivors: 26.0M->36.0M Heap: 846.0M(4096.0M)->590.0M(4096.0M)]
 [Times: user=0.16 sys=0.00, real=0.25 secs] 
2016-08-30T13:42:54.688+0200: 424.822: [GC pause (young), 0.1389320 secs]
   [Parallel Time: 132.6 ms, GC Workers: 2]
      [GC Worker Start (ms): Min: 424823.9, Avg: 424823.9, Max: 424823.9, Diff: 0.1]
      [Ext Root Scanning (ms): Min: 49.5, Avg: 49.7, Max: 50.0, Diff: 0.5, Sum: 99.5]
      [Update RS (ms): Min: 25.8, Avg: 26.5, Max: 27.2, Diff: 1.4, Sum: 53.0]
         [Processed Buffers: Min: 352, Avg: 355.0, Max: 358, Diff: 6, Sum: 710]
      [Scan RS (ms): Min: 7.8, Avg: 8.1, Max: 8.4, Diff: 0.6, Sum: 16.2]
      [Code Root Scanning (ms): Min: 0.0, Avg: 0.1, Max: 0.2, Diff: 0.2, Sum: 0.2]
      [Object Copy (ms): Min: 47.3, Avg: 48.0, Max: 48.6, Diff: 1.3, Sum: 96.0]
      [Termination (ms): Min: 0.0, Avg: 0.0, Max: 0.0, Diff: 0.0, Sum: 0.0]
      [GC Worker Other (ms): Min: 0.1, Avg: 0.1, Max: 0.1, Diff: 0.0, Sum: 0.2]
      [GC Worker Total (ms): Min: 132.5, Avg: 132.5, Max: 132.6, Diff: 0.1, Sum: 265.1]
      [GC Worker End (ms): Min: 424956.4, Avg: 424956.4, Max: 424956.4, Diff: 0.0]
   [Code Root Fixup: 0.2 ms]
   [Code Root Migration: 0.2 ms]
   [Clear CT: 0.3 ms]
   [Other: 5.7 ms]
      [Choose CSet: 0.0 ms]
      [Ref Proc: 2.1 ms]
      [Ref Enq: 0.2 ms]
      [Free CSet: 0.5 ms]
   [Eden: 168.0M(168.0M)->0.0B(262.0M) Survivors: 36.0M->20.0M Heap: 758.0M(4096.0M)->600.0M(4096.0M)]
 [Times: user=0.27 sys=0.01, real=0.13 secs] 
2016-08-30T13:43:03.668+0200: 433.802: [GC pause (young), 0.1035680 secs]
   [Parallel Time: 98.6 ms, GC Workers: 2]
      [GC Worker Start (ms): Min: 433803.7, Avg: 433803.7, Max: 433803.8, Diff: 0.0]
      [Ext Root Scanning (ms): Min: 30.6, Avg: 39.0, Max: 47.5, Diff: 17.0, Sum: 78.1]
      [Update RS (ms): Min: 12.3, Avg: 22.1, Max: 31.8, Diff: 19.5, Sum: 44.1]
         [Processed Buffers: Min: 162, Avg: 427.0, Max: 692, Diff: 530, Sum: 854]
      [Scan RS (ms): Min: 3.9, Avg: 4.1, Max: 4.2, Diff: 0.3, Sum: 8.2]
      [Code Root Scanning (ms): Min: 0.1, Avg: 0.1, Max: 0.1, Diff: 0.0, Sum: 0.2]
      [Object Copy (ms): Min: 32.1, Avg: 33.2, Max: 34.2, Diff: 2.1, Sum: 66.4]
      [Termination (ms): Min: 0.0, Avg: 0.0, Max: 0.0, Diff: 0.0, Sum: 0.0]
      [GC Worker Other (ms): Min: 0.1, Avg: 0.1, Max: 0.1, Diff: 0.1, Sum: 0.2]
      [GC Worker Total (ms): Min: 98.5, Avg: 98.6, Max: 98.6, Diff: 0.0, Sum: 197.1]
      [GC Worker End (ms): Min: 433902.3, Avg: 433902.3, Max: 433902.3, Diff: 0.0]
   [Code Root Fixup: 0.1 ms]
   [Code Root Migration: 0.1 ms]
   [Clear CT: 0.2 ms]
   [Other: 4.5 ms]
      [Choose CSet: 0.0 ms]
      [Ref Proc: 1.9 ms]
      [Ref Enq: 0.2 ms]
      [Free CSet: 0.3 ms]
   [Eden: 262.0M(262.0M)->0.0B(368.0M) Survivors: 20.0M->36.0M Heap: 862.0M(4096.0M)->627.0M(4096.0M)]
 [Times: user=0.20 sys=0.00, real=0.11 secs] 
2016-08-30T13:43:14.247+0200: 444.382: [GC pause (young), 0.1630900 secs]
   [Parallel Time: 156.1 ms, GC Workers: 2]
      [GC Worker Start (ms): Min: 444383.7, Avg: 444383.7, Max: 444383.7, Diff: 0.0]
      [Ext Root Scanning (ms): Min: 50.2, Avg: 51.1, Max: 51.9, Diff: 1.8, Sum: 102.1]
      [Update RS (ms): Min: 30.2, Avg: 32.2, Max: 34.2, Diff: 3.9, Sum: 64.4]
         [Processed Buffers: Min: 371, Avg: 444.0, Max: 517, Diff: 146, Sum: 888]
      [Scan RS (ms): Min: 10.6, Avg: 11.0, Max: 11.3, Diff: 0.8, Sum: 21.9]
      [Code Root Scanning (ms): Min: 0.1, Avg: 0.1, Max: 0.2, Diff: 0.1, Sum: 0.3]
      [Object Copy (ms): Min: 60.8, Avg: 61.5, Max: 62.2, Diff: 1.4, Sum: 123.0]
      [Termination (ms): Min: 0.0, Avg: 0.0, Max: 0.0, Diff: 0.0, Sum: 0.0]
      [GC Worker Other (ms): Min: 0.1, Avg: 0.1, Max: 0.1, Diff: 0.1, Sum: 0.2]
      [GC Worker Total (ms): Min: 156.0, Avg: 156.0, Max: 156.0, Diff: 0.0, Sum: 311.9]
      [GC Worker End (ms): Min: 444539.6, Avg: 444539.6, Max: 444539.6, Diff: 0.0]
   [Code Root Fixup: 0.2 ms]
   [Code Root Migration: 0.1 ms]
   [Clear CT: 0.3 ms]
   [Other: 6.5 ms]
      [Choose CSet: 0.0 ms]
      [Ref Proc: 2.5 ms]
      [Ref Enq: 0.2 ms]
      [Free CSet: 0.6 ms]
   [Eden: 270.0M(170.0M)->0.0B(428.0M) Survivors: 36.0M->26.0M Heap: 897.0M(4096.0M)->660.0M(4096.0M)]
 [Times: user=0.31 sys=0.00, real=0.17 secs] 
2016-08-30T13:43:29.132+0200: 459.267: [GC pause (young), 0.1599430 secs]
   [Parallel Time: 152.6 ms, GC Workers: 2]
      [GC Worker Start (ms): Min: 459268.8, Avg: 459269.1, Max: 459269.4, Diff: 0.6]
      [Ext Root Scanning (ms): Min: 50.8, Avg: 51.4, Max: 51.9, Diff: 1.1, Sum: 102.7]
      [Update RS (ms): Min: 38.5, Avg: 38.7, Max: 38.9, Diff: 0.4, Sum: 77.4]
         [Processed Buffers: Min: 434, Avg: 441.5, Max: 449, Diff: 15, Sum: 883]
      [Scan RS (ms): Min: 9.7, Avg: 9.7, Max: 9.8, Diff: 0.1, Sum: 19.5]
      [Code Root Scanning (ms): Min: 0.1, Avg: 0.1, Max: 0.2, Diff: 0.1, Sum: 0.3]
      [Object Copy (ms): Min: 51.5, Avg: 52.1, Max: 52.7, Diff: 1.3, Sum: 104.2]
      [Termination (ms): Min: 0.0, Avg: 0.0, Max: 0.0, Diff: 0.0, Sum: 0.0]
      [GC Worker Other (ms): Min: 0.1, Avg: 0.1, Max: 0.1, Diff: 0.0, Sum: 0.3]
      [GC Worker Total (ms): Min: 151.9, Avg: 152.2, Max: 152.5, Diff: 0.6, Sum: 304.4]
      [GC Worker End (ms): Min: 459421.3, Avg: 459421.3, Max: 459421.3, Diff: 0.0]
   [Code Root Fixup: 0.1 ms]
   [Code Root Migration: 0.1 ms]
   [Clear CT: 0.3 ms]
   [Other: 6.9 ms]
      [Choose CSet: 0.0 ms]
      [Ref Proc: 3.0 ms]
      [Ref Enq: 0.2 ms]
      [Free CSet: 0.7 ms]
   [Eden: 334.0M(276.0M)->0.0B(412.0M) Survivors: 26.0M->32.0M Heap: 994.0M(4096.0M)->689.0M(4096.0M)]
 [Times: user=0.31 sys=0.00, real=0.16 secs] 
2016-08-30T13:43:41.486+0200: 471.620: [GC pause (young), 0.1679340 secs]
   [Parallel Time: 160.9 ms, GC Workers: 2]
      [GC Worker Start (ms): Min: 471622.2, Avg: 471622.2, Max: 471622.2, Diff: 0.0]
      [Ext Root Scanning (ms): Min: 55.1, Avg: 57.6, Max: 60.1, Diff: 4.9, Sum: 115.2]
      [Update RS (ms): Min: 35.2, Avg: 36.7, Max: 38.3, Diff: 3.1, Sum: 73.4]
         [Processed Buffers: Min: 388, Avg: 403.5, Max: 419, Diff: 31, Sum: 807]
      [Scan RS (ms): Min: 10.1, Avg: 10.2, Max: 10.2, Diff: 0.1, Sum: 20.3]
      [Code Root Scanning (ms): Min: 0.1, Avg: 0.1, Max: 0.1, Diff: 0.0, Sum: 0.2]
      [Object Copy (ms): Min: 55.3, Avg: 56.2, Max: 57.0, Diff: 1.8, Sum: 112.3]
      [Termination (ms): Min: 0.0, Avg: 0.0, Max: 0.0, Diff: 0.0, Sum: 0.0]
      [GC Worker Other (ms): Min: 0.1, Avg: 0.1, Max: 0.1, Diff: 0.0, Sum: 0.2]
      [GC Worker Total (ms): Min: 160.9, Avg: 160.9, Max: 160.9, Diff: 0.0, Sum: 321.8]
      [GC Worker End (ms): Min: 471783.1, Avg: 471783.1, Max: 471783.1, Diff: 0.0]
   [Code Root Fixup: 0.2 ms]
   [Code Root Migration: 0.1 ms]
   [Clear CT: 0.3 ms]
   [Other: 6.5 ms]
      [Choose CSet: 0.0 ms]
      [Ref Proc: 2.5 ms]
      [Ref Enq: 0.2 ms]
      [Free CSet: 0.7 ms]
   [Eden: 298.0M(298.0M)->0.0B(406.0M) Survivors: 32.0M->34.0M Heap: 987.0M(4096.0M)->710.0M(4096.0M)]
 [Times: user=0.31 sys=0.00, real=0.16 secs] 
2016-08-30T13:43:54.384+0200: 484.519: [GC pause (young), 0.1608300 secs]
   [Parallel Time: 151.6 ms, GC Workers: 2]
      [GC Worker Start (ms): Min: 484520.6, Avg: 484520.6, Max: 484520.6, Diff: 0.0]
      [Ext Root Scanning (ms): Min: 50.5, Avg: 50.6, Max: 50.7, Diff: 0.2, Sum: 101.3]
      [Update RS (ms): Min: 31.3, Avg: 31.9, Max: 32.5, Diff: 1.2, Sum: 63.8]
         [Processed Buffers: Min: 355, Avg: 355.5, Max: 356, Diff: 1, Sum: 711]
      [Scan RS (ms): Min: 10.5, Avg: 10.8, Max: 11.0, Diff: 0.5, Sum: 21.6]
      [Code Root Scanning (ms): Min: 0.1, Avg: 0.1, Max: 0.1, Diff: 0.0, Sum: 0.3]
      [Object Copy (ms): Min: 57.7, Avg: 57.9, Max: 58.2, Diff: 0.5, Sum: 115.8]
      [Termination (ms): Min: 0.0, Avg: 0.0, Max: 0.0, Diff: 0.0, Sum: 0.0]
      [GC Worker Other (ms): Min: 0.1, Avg: 0.1, Max: 0.2, Diff: 0.0, Sum: 0.3]
      [GC Worker Total (ms): Min: 151.5, Avg: 151.5, Max: 151.5, Diff: 0.0, Sum: 303.0]
      [GC Worker End (ms): Min: 484672.1, Avg: 484672.1, Max: 484672.1, Diff: 0.0]
   [Code Root Fixup: 0.2 ms]
   [Code Root Migration: 0.1 ms]
   [Clear CT: 0.3 ms]
   [Other: 8.7 ms]
      [Choose CSet: 0.0 ms]
      [Ref Proc: 4.6 ms]
      [Ref Enq: 0.4 ms]
      [Free CSet: 0.8 ms]
   [Eden: 304.0M(304.0M)->0.0B(514.0M) Survivors: 34.0M->26.0M Heap: 1014.0M(4096.0M)->726.0M(4096.0M)]
 [Times: user=0.30 sys=0.00, real=0.16 secs] 
2016-08-30T13:44:12.658+0200: 502.793: [GC pause (young), 0.1729910 secs]
   [Parallel Time: 162.9 ms, GC Workers: 2]
      [GC Worker Start (ms): Min: 502794.7, Avg: 502794.7, Max: 502794.7, Diff: 0.0]
      [Ext Root Scanning (ms): Min: 50.5, Avg: 50.7, Max: 51.0, Diff: 0.4, Sum: 101.5]
      [Update RS (ms): Min: 33.5, Avg: 33.7, Max: 33.9, Diff: 0.4, Sum: 67.3]
         [Processed Buffers: Min: 360, Avg: 377.0, Max: 394, Diff: 34, Sum: 754]
      [Scan RS (ms): Min: 10.9, Avg: 10.9, Max: 10.9, Diff: 0.0, Sum: 21.9]
      [Code Root Scanning (ms): Min: 0.1, Avg: 0.1, Max: 0.2, Diff: 0.1, Sum: 0.3]
      [Object Copy (ms): Min: 66.8, Avg: 67.3, Max: 67.8, Diff: 1.0, Sum: 134.6]
      [Termination (ms): Min: 0.0, Avg: 0.0, Max: 0.0, Diff: 0.0, Sum: 0.0]
      [GC Worker Other (ms): Min: 0.1, Avg: 0.1, Max: 0.1, Diff: 0.0, Sum: 0.2]
      [GC Worker Total (ms): Min: 162.8, Avg: 162.9, Max: 162.9, Diff: 0.0, Sum: 325.7]
      [GC Worker End (ms): Min: 502957.6, Avg: 502957.6, Max: 502957.6, Diff: 0.0]
   [Code Root Fixup: 0.2 ms]
   [Code Root Migration: 0.1 ms]
   [Clear CT: 0.4 ms]
   [Other: 9.3 ms]
      [Choose CSet: 0.0 ms]
      [Ref Proc: 4.7 ms]
      [Ref Enq: 0.5 ms]
      [Free CSet: 1.1 ms]
   [Eden: 388.0M(388.0M)->0.0B(346.0M) Survivors: 26.0M->52.0M Heap: 1114.0M(4096.0M)->756.0M(4096.0M)]
 [Times: user=0.31 sys=0.02, real=0.18 secs] 
2016-08-30T13:44:24.304+0200: 514.438: [GC pause (young), 0.1719590 secs]
   [Parallel Time: 162.7 ms, GC Workers: 2]
      [GC Worker Start (ms): Min: 514440.2, Avg: 514440.2, Max: 514440.2, Diff: 0.0]
      [Ext Root Scanning (ms): Min: 49.8, Avg: 50.1, Max: 50.4, Diff: 0.6, Sum: 100.2]
      [Update RS (ms): Min: 27.1, Avg: 27.5, Max: 27.9, Diff: 0.8, Sum: 55.0]
         [Processed Buffers: Min: 376, Avg: 389.0, Max: 402, Diff: 26, Sum: 778]
      [Scan RS (ms): Min: 13.6, Avg: 13.7, Max: 13.7, Diff: 0.1, Sum: 27.4]
      [Code Root Scanning (ms): Min: 0.1, Avg: 0.1, Max: 0.1, Diff: 0.0, Sum: 0.2]
      [Object Copy (ms): Min: 71.0, Avg: 71.1, Max: 71.3, Diff: 0.3, Sum: 142.3]
      [Termination (ms): Min: 0.0, Avg: 0.0, Max: 0.0, Diff: 0.0, Sum: 0.0]
      [GC Worker Other (ms): Min: 0.1, Avg: 0.1, Max: 0.1, Diff: 0.0, Sum: 0.2]
      [GC Worker Total (ms): Min: 162.6, Avg: 162.6, Max: 162.7, Diff: 0.0, Sum: 325.3]
      [GC Worker End (ms): Min: 514602.9, Avg: 514602.9, Max: 514602.9, Diff: 0.0]
   [Code Root Fixup: 0.1 ms]
   [Code Root Migration: 0.1 ms]
   [Clear CT: 0.3 ms]
   [Other: 8.7 ms]
      [Choose CSet: 0.0 ms]
      [Ref Proc: 4.3 ms]
      [Ref Enq: 0.3 ms]
      [Free CSet: 0.8 ms]
   [Eden: 278.0M(220.0M)->0.0B(472.0M) Survivors: 52.0M->34.0M Heap: 1034.0M(4096.0M)->781.0M(4096.0M)]
 [Times: user=0.34 sys=0.01, real=0.17 secs] 
2016-08-30T13:44:39.249+0200: 529.383: [GC pause (young), 0.1670870 secs]
   [Parallel Time: 158.6 ms, GC Workers: 2]
      [GC Worker Start (ms): Min: 529385.1, Avg: 529385.1, Max: 529385.1, Diff: 0.0]
      [Ext Root Scanning (ms): Min: 47.1, Avg: 48.4, Max: 49.7, Diff: 2.6, Sum: 96.9]
      [Update RS (ms): Min: 33.5, Avg: 34.5, Max: 35.5, Diff: 2.0, Sum: 69.0]
         [Processed Buffers: Min: 381, Avg: 404.0, Max: 427, Diff: 46, Sum: 808]
      [Scan RS (ms): Min: 10.0, Avg: 10.6, Max: 11.3, Diff: 1.3, Sum: 21.3]
      [Code Root Scanning (ms): Min: 0.1, Avg: 0.1, Max: 0.2, Diff: 0.1, Sum: 0.3]
      [Object Copy (ms): Min: 64.3, Avg: 64.6, Max: 65.0, Diff: 0.7, Sum: 129.3]
      [Termination (ms): Min: 0.0, Avg: 0.0, Max: 0.0, Diff: 0.0, Sum: 0.0]
      [GC Worker Other (ms): Min: 0.1, Avg: 0.1, Max: 0.1, Diff: 0.0, Sum: 0.3]
      [GC Worker Total (ms): Min: 158.4, Avg: 158.5, Max: 158.5, Diff: 0.0, Sum: 316.9]
      [GC Worker End (ms): Min: 529543.6, Avg: 529543.6, Max: 529543.6, Diff: 0.0]
   [Code Root Fixup: 0.1 ms]
   [Code Root Migration: 0.1 ms]
   [Clear CT: 0.3 ms]
   [Other: 8.0 ms]
      [Choose CSet: 0.0 ms]
      [Ref Proc: 3.9 ms]
      [Ref Enq: 0.3 ms]
      [Free CSet: 0.9 ms]
   [Eden: 382.0M(382.0M)->0.0B(462.0M) Survivors: 34.0M->40.0M Heap: 1163.0M(4096.0M)->812.0M(4096.0M)]
 [Times: user=0.31 sys=0.02, real=0.17 secs] 
2016-08-30T13:44:54.267+0200: 544.402: [GC pause (young), 0.1641050 secs]
   [Parallel Time: 155.6 ms, GC Workers: 2]
      [GC Worker Start (ms): Min: 544403.9, Avg: 544403.9, Max: 544403.9, Diff: 0.0]
      [Ext Root Scanning (ms): Min: 49.2, Avg: 49.7, Max: 50.2, Diff: 1.0, Sum: 99.5]
      [Update RS (ms): Min: 37.6, Avg: 38.7, Max: 39.7, Diff: 2.1, Sum: 77.3]
         [Processed Buffers: Min: 385, Avg: 411.5, Max: 438, Diff: 53, Sum: 823]
      [Scan RS (ms): Min: 11.0, Avg: 11.4, Max: 11.9, Diff: 0.9, Sum: 22.8]
      [Code Root Scanning (ms): Min: 0.2, Avg: 0.2, Max: 0.2, Diff: 0.0, Sum: 0.3]
      [Object Copy (ms): Min: 55.3, Avg: 55.3, Max: 55.4, Diff: 0.1, Sum: 110.7]
      [Termination (ms): Min: 0.0, Avg: 0.0, Max: 0.0, Diff: 0.0, Sum: 0.0]
      [GC Worker Other (ms): Min: 0.1, Avg: 0.2, Max: 0.2, Diff: 0.0, Sum: 0.3]
      [GC Worker Total (ms): Min: 155.5, Avg: 155.5, Max: 155.5, Diff: 0.0, Sum: 311.0]
      [GC Worker End (ms): Min: 544559.4, Avg: 544559.4, Max: 544559.4, Diff: 0.0]
   [Code Root Fixup: 0.1 ms]
   [Code Root Migration: 0.1 ms]
   [Clear CT: 0.3 ms]
   [Other: 8.0 ms]
      [Choose CSet: 0.0 ms]
      [Ref Proc: 3.9 ms]
      [Ref Enq: 0.3 ms]
      [Free CSet: 0.8 ms]
   [Eden: 380.0M(380.0M)->0.0B(532.0M) Survivors: 40.0M->38.0M Heap: 1192.0M(4096.0M)->840.0M(4096.0M)]
 [Times: user=0.31 sys=0.01, real=0.16 secs] 
2016-08-30T13:45:14.420+0200: 564.554: [GC pause (young), 0.2186370 secs]
   [Parallel Time: 203.5 ms, GC Workers: 2]
      [GC Worker Start (ms): Min: 564557.1, Avg: 564557.1, Max: 564557.1, Diff: 0.0]
      [Ext Root Scanning (ms): Min: 54.0, Avg: 56.2, Max: 58.3, Diff: 4.3, Sum: 112.3]
      [Update RS (ms): Min: 46.8, Avg: 50.6, Max: 54.3, Diff: 7.5, Sum: 101.1]
         [Processed Buffers: Min: 347, Avg: 417.0, Max: 487, Diff: 140, Sum: 834]
      [Scan RS (ms): Min: 13.0, Avg: 13.6, Max: 14.2, Diff: 1.2, Sum: 27.2]
      [Code Root Scanning (ms): Min: 0.1, Avg: 0.2, Max: 0.4, Diff: 0.2, Sum: 0.5]
      [Object Copy (ms): Min: 81.8, Avg: 82.7, Max: 83.6, Diff: 1.9, Sum: 165.4]
      [Termination (ms): Min: 0.0, Avg: 0.0, Max: 0.0, Diff: 0.0, Sum: 0.0]
      [GC Worker Other (ms): Min: 0.1, Avg: 0.1, Max: 0.2, Diff: 0.0, Sum: 0.3]
      [GC Worker Total (ms): Min: 203.4, Avg: 203.4, Max: 203.4, Diff: 0.0, Sum: 406.8]
      [GC Worker End (ms): Min: 564760.5, Avg: 564760.5, Max: 564760.5, Diff: 0.0]
   [Code Root Fixup: 0.2 ms]
   [Code Root Migration: 0.1 ms]
   [Clear CT: 0.5 ms]
   [Other: 14.4 ms]
      [Choose CSet: 0.0 ms]
      [Ref Proc: 8.1 ms]
      [Ref Enq: 0.6 ms]
      [Free CSet: 1.3 ms]
   [Eden: 470.0M(434.0M)->0.0B(318.0M) Survivors: 38.0M->50.0M Heap: 1310.0M(4096.0M)->873.0M(4096.0M)]
 [Times: user=0.38 sys=0.03, real=0.22 secs] 
2016-08-30T13:45:29.713+0200: 579.848: [GC pause (young), 0.1767730 secs]
   [Parallel Time: 166.9 ms, GC Workers: 2]
      [GC Worker Start (ms): Min: 579849.6, Avg: 579849.6, Max: 579849.6, Diff: 0.0]
      [Ext Root Scanning (ms): Min: 54.4, Avg: 54.6, Max: 54.8, Diff: 0.4, Sum: 109.2]
      [Update RS (ms): Min: 36.3, Avg: 37.0, Max: 37.6, Diff: 1.3, Sum: 73.9]
         [Processed Buffers: Min: 348, Avg: 365.0, Max: 382, Diff: 34, Sum: 730]
      [Scan RS (ms): Min: 11.6, Avg: 12.1, Max: 12.6, Diff: 1.0, Sum: 24.2]
      [Code Root Scanning (ms): Min: 0.1, Avg: 0.1, Max: 0.1, Diff: 0.0, Sum: 0.3]
      [Object Copy (ms): Min: 62.8, Avg: 62.8, Max: 62.8, Diff: 0.0, Sum: 125.6]
      [Termination (ms): Min: 0.0, Avg: 0.0, Max: 0.0, Diff: 0.0, Sum: 0.0]
      [GC Worker Other (ms): Min: 0.1, Avg: 0.2, Max: 0.2, Diff: 0.1, Sum: 0.3]
      [GC Worker Total (ms): Min: 166.8, Avg: 166.8, Max: 166.8, Diff: 0.0, Sum: 333.6]
      [GC Worker End (ms): Min: 580016.4, Avg: 580016.4, Max: 580016.4, Diff: 0.0]
   [Code Root Fixup: 0.2 ms]
   [Code Root Migration: 0.1 ms]
   [Clear CT: 0.4 ms]
   [Other: 9.2 ms]
      [Choose CSet: 0.0 ms]
      [Ref Proc: 4.1 ms]
      [Ref Enq: 0.4 ms]
      [Free CSet: 1.1 ms]
   [Eden: 318.0M(318.0M)->0.0B(412.0M) Survivors: 50.0M->36.0M Heap: 1191.0M(4096.0M)->882.0M(4096.0M)]
 [Times: user=0.34 sys=0.00, real=0.17 secs] 
2016-08-30T13:45:45.845+0200: 595.980: [GC pause (young), 0.1864280 secs]
   [Parallel Time: 177.6 ms, GC Workers: 2]
      [GC Worker Start (ms): Min: 595981.7, Avg: 595981.7, Max: 595981.7, Diff: 0.0]
      [Ext Root Scanning (ms): Min: 50.7, Avg: 50.9, Max: 51.0, Diff: 0.3, Sum: 101.8]
      [Update RS (ms): Min: 45.3, Avg: 45.7, Max: 46.2, Diff: 0.9, Sum: 91.5]
         [Processed Buffers: Min: 387, Avg: 433.5, Max: 480, Diff: 93, Sum: 867]
      [Scan RS (ms): Min: 9.5, Avg: 10.2, Max: 11.0, Diff: 1.5, Sum: 20.4]
      [Code Root Scanning (ms): Min: 0.1, Avg: 0.2, Max: 0.2, Diff: 0.0, Sum: 0.3]
      [Object Copy (ms): Min: 70.2, Avg: 70.3, Max: 70.4, Diff: 0.2, Sum: 140.6]
      [Termination (ms): Min: 0.0, Avg: 0.0, Max: 0.0, Diff: 0.0, Sum: 0.0]
      [GC Worker Other (ms): Min: 0.1, Avg: 0.1, Max: 0.2, Diff: 0.0, Sum: 0.3]
      [GC Worker Total (ms): Min: 177.5, Avg: 177.5, Max: 177.5, Diff: 0.0, Sum: 354.9]
      [GC Worker End (ms): Min: 596159.1, Avg: 596159.1, Max: 596159.2, Diff: 0.0]
   [Code Root Fixup: 0.1 ms]
   [Code Root Migration: 0.1 ms]
   [Clear CT: 0.3 ms]
   [Other: 8.3 ms]
      [Choose CSet: 0.0 ms]
      [Ref Proc: 3.9 ms]
      [Ref Enq: 0.3 ms]
      [Free CSet: 0.8 ms]
   [Eden: 412.0M(412.0M)->0.0B(348.0M) Survivors: 36.0M->52.0M Heap: 1294.0M(4096.0M)->922.0M(4096.0M)]
 [Times: user=0.36 sys=0.00, real=0.18 secs] 
2016-08-30T13:46:02.410+0200: 612.544: [GC pause (young), 0.1846110 secs]
   [Parallel Time: 174.5 ms, GC Workers: 2]
      [GC Worker Start (ms): Min: 612545.9, Avg: 612545.9, Max: 612545.9, Diff: 0.0]
      [Ext Root Scanning (ms): Min: 50.3, Avg: 50.3, Max: 50.4, Diff: 0.1, Sum: 100.7]
      [Update RS (ms): Min: 41.1, Avg: 41.3, Max: 41.6, Diff: 0.5, Sum: 82.7]
         [Processed Buffers: Min: 344, Avg: 363.5, Max: 383, Diff: 39, Sum: 727]
      [Scan RS (ms): Min: 16.0, Avg: 16.6, Max: 17.3, Diff: 1.4, Sum: 33.3]
      [Code Root Scanning (ms): Min: 0.1, Avg: 0.1, Max: 0.1, Diff: 0.0, Sum: 0.3]
      [Object Copy (ms): Min: 65.3, Avg: 65.7, Max: 66.2, Diff: 1.0, Sum: 131.5]
      [Termination (ms): Min: 0.0, Avg: 0.0, Max: 0.0, Diff: 0.0, Sum: 0.0]
      [GC Worker Other (ms): Min: 0.1, Avg: 0.1, Max: 0.1, Diff: 0.1, Sum: 0.2]
      [GC Worker Total (ms): Min: 174.3, Avg: 174.3, Max: 174.3, Diff: 0.0, Sum: 348.7]
      [GC Worker End (ms): Min: 612720.2, Avg: 612720.2, Max: 612720.2, Diff: 0.0]
   [Code Root Fixup: 0.2 ms]
   [Code Root Migration: 0.1 ms]
   [Clear CT: 0.4 ms]
   [Other: 9.5 ms]
      [Choose CSet: 0.0 ms]
      [Ref Proc: 4.6 ms]
      [Ref Enq: 0.5 ms]
      [Free CSet: 1.1 ms]
   [Eden: 348.0M(348.0M)->0.0B(426.0M) Survivors: 52.0M->30.0M Heap: 1270.0M(4096.0M)->931.0M(4096.0M)]
 [Times: user=0.34 sys=0.00, real=0.18 secs] 
2016-08-30T13:46:19.433+0200: 629.567: [GC pause (young), 0.2021660 secs]
   [Parallel Time: 189.5 ms, GC Workers: 2]
      [GC Worker Start (ms): Min: 629569.4, Avg: 629569.4, Max: 629569.4, Diff: 0.0]
      [Ext Root Scanning (ms): Min: 49.6, Avg: 49.8, Max: 50.0, Diff: 0.4, Sum: 99.5]
      [Update RS (ms): Min: 53.3, Avg: 53.4, Max: 53.4, Diff: 0.0, Sum: 106.7]
         [Processed Buffers: Min: 340, Avg: 424.0, Max: 508, Diff: 168, Sum: 848]
      [Scan RS (ms): Min: 11.1, Avg: 11.4, Max: 11.6, Diff: 0.6, Sum: 22.7]
      [Code Root Scanning (ms): Min: 0.1, Avg: 0.2, Max: 0.2, Diff: 0.1, Sum: 0.3]
      [Object Copy (ms): Min: 74.1, Avg: 74.7, Max: 75.3, Diff: 1.2, Sum: 149.4]
      [Termination (ms): Min: 0.0, Avg: 0.0, Max: 0.0, Diff: 0.0, Sum: 0.0]
      [GC Worker Other (ms): Min: 0.1, Avg: 0.1, Max: 0.1, Diff: 0.0, Sum: 0.2]
      [GC Worker Total (ms): Min: 189.5, Avg: 189.5, Max: 189.5, Diff: 0.0, Sum: 378.9]
      [GC Worker End (ms): Min: 629758.9, Avg: 629758.9, Max: 629758.9, Diff: 0.0]
   [Code Root Fixup: 0.3 ms]
   [Code Root Migration: 0.1 ms]
   [Clear CT: 0.5 ms]
   [Other: 11.8 ms]
      [Choose CSet: 0.0 ms]
      [Ref Proc: 6.6 ms]
      [Ref Enq: 0.6 ms]
      [Free CSet: 1.1 ms]
   [Eden: 426.0M(426.0M)->0.0B(270.0M) Survivors: 30.0M->58.0M Heap: 1357.0M(4096.0M)->969.0M(4096.0M)]
 [Times: user=0.35 sys=0.02, real=0.20 secs] 
2016-08-30T13:46:31.957+0200: 642.092: [GC pause (young), 0.2040780 secs]
   [Parallel Time: 195.2 ms, GC Workers: 2]
      [GC Worker Start (ms): Min: 642093.5, Avg: 642093.6, Max: 642093.6, Diff: 0.1]
      [Ext Root Scanning (ms): Min: 51.2, Avg: 51.5, Max: 51.7, Diff: 0.6, Sum: 102.9]
      [Update RS (ms): Min: 36.0, Avg: 36.1, Max: 36.3, Diff: 0.3, Sum: 72.2]
         [Processed Buffers: Min: 393, Avg: 399.5, Max: 406, Diff: 13, Sum: 799]
      [Scan RS (ms): Min: 15.2, Avg: 16.0, Max: 16.7, Diff: 1.5, Sum: 31.9]
      [Code Root Scanning (ms): Min: 0.1, Avg: 0.1, Max: 0.1, Diff: 0.0, Sum: 0.2]
      [Object Copy (ms): Min: 90.7, Avg: 91.3, Max: 92.0, Diff: 1.3, Sum: 182.7]
      [Termination (ms): Min: 0.0, Avg: 0.0, Max: 0.0, Diff: 0.0, Sum: 0.0]
      [GC Worker Other (ms): Min: 0.1, Avg: 0.2, Max: 0.2, Diff: 0.1, Sum: 0.3]
      [GC Worker Total (ms): Min: 195.1, Avg: 195.1, Max: 195.2, Diff: 0.1, Sum: 390.3]
      [GC Worker End (ms): Min: 642288.7, Avg: 642288.7, Max: 642288.7, Diff: 0.0]
   [Code Root Fixup: 0.2 ms]
   [Code Root Migration: 0.1 ms]
   [Clear CT: 0.3 ms]
   [Other: 8.3 ms]
      [Choose CSet: 0.0 ms]
      [Ref Proc: 3.7 ms]
      [Ref Enq: 0.3 ms]
      [Free CSet: 0.8 ms]
   [Eden: 270.0M(270.0M)->0.0B(398.0M) Survivors: 58.0M->28.0M Heap: 1239.0M(4096.0M)->994.0M(4096.0M)]
 [Times: user=0.39 sys=0.00, real=0.21 secs] 
2016-08-30T13:46:47.780+0200: 657.915: [GC pause (young), 0.2378920 secs]
   [Parallel Time: 205.3 ms, GC Workers: 2]
      [GC Worker Start (ms): Min: 657921.9, Avg: 657921.9, Max: 657921.9, Diff: 0.0]
      [Ext Root Scanning (ms): Min: 48.2, Avg: 52.6, Max: 57.1, Diff: 8.9, Sum: 105.3]
      [Update RS (ms): Min: 47.8, Avg: 50.8, Max: 53.7, Diff: 5.9, Sum: 101.5]
         [Processed Buffers: Min: 284, Avg: 427.5, Max: 571, Diff: 287, Sum: 855]
      [Scan RS (ms): Min: 15.2, Avg: 17.2, Max: 19.1, Diff: 3.9, Sum: 34.3]
      [Code Root Scanning (ms): Min: 0.0, Avg: 0.1, Max: 0.1, Diff: 0.1, Sum: 0.1]
      [Object Copy (ms): Min: 81.2, Avg: 84.6, Max: 88.0, Diff: 6.8, Sum: 169.1]
      [Termination (ms): Min: 0.0, Avg: 0.0, Max: 0.0, Diff: 0.0, Sum: 0.0]
      [GC Worker Other (ms): Min: 0.1, Avg: 0.1, Max: 0.1, Diff: 0.0, Sum: 0.1]
      [GC Worker Total (ms): Min: 205.3, Avg: 205.3, Max: 205.3, Diff: 0.0, Sum: 410.5]
      [GC Worker End (ms): Min: 658127.1, Avg: 658127.1, Max: 658127.1, Diff: 0.0]
   [Code Root Fixup: 0.1 ms]
   [Code Root Migration: 0.1 ms]
   [Clear CT: 0.5 ms]
   [Other: 31.9 ms]
      [Choose CSet: 0.0 ms]
      [Ref Proc: 17.1 ms]
      [Ref Enq: 0.3 ms]
      [Free CSet: 6.3 ms]
   [Eden: 398.0M(398.0M)->0.0B(150.0M) Survivors: 28.0M->54.0M Heap: 1392.0M(4096.0M)->1032.0M(4096.0M)]
 [Times: user=0.19 sys=0.01, real=0.24 secs] 
2016-08-30T13:46:53.615+0200: 663.749: [GC pause (young), 0.1256370 secs]
   [Parallel Time: 120.9 ms, GC Workers: 2]
      [GC Worker Start (ms): Min: 663750.9, Avg: 663750.9, Max: 663750.9, Diff: 0.0]
      [Ext Root Scanning (ms): Min: 39.7, Avg: 45.5, Max: 51.4, Diff: 11.7, Sum: 91.1]
      [Update RS (ms): Min: 13.7, Avg: 19.7, Max: 25.7, Diff: 12.0, Sum: 39.5]
         [Processed Buffers: Min: 187, Avg: 328.0, Max: 469, Diff: 282, Sum: 656]
      [Scan RS (ms): Min: 8.7, Avg: 9.1, Max: 9.5, Diff: 0.8, Sum: 18.2]
      [Code Root Scanning (ms): Min: 0.0, Avg: 0.1, Max: 0.1, Diff: 0.0, Sum: 0.1]
      [Object Copy (ms): Min: 45.7, Avg: 46.2, Max: 46.8, Diff: 1.1, Sum: 92.4]
      [Termination (ms): Min: 0.0, Avg: 0.0, Max: 0.0, Diff: 0.0, Sum: 0.0]
      [GC Worker Other (ms): Min: 0.1, Avg: 0.1, Max: 0.1, Diff: 0.0, Sum: 0.2]
      [GC Worker Total (ms): Min: 120.8, Avg: 120.8, Max: 120.8, Diff: 0.0, Sum: 241.6]
      [GC Worker End (ms): Min: 663871.7, Avg: 663871.7, Max: 663871.7, Diff: 0.0]
   [Code Root Fixup: 0.1 ms]
   [Code Root Migration: 0.0 ms]
   [Clear CT: 0.3 ms]
   [Other: 4.3 ms]
      [Choose CSet: 0.0 ms]
      [Ref Proc: 1.3 ms]
      [Ref Enq: 0.1 ms]
      [Free CSet: 0.3 ms]
   [Eden: 150.0M(150.0M)->0.0B(442.0M) Survivors: 54.0M->18.0M Heap: 1182.0M(4096.0M)->1049.0M(4096.0M)]
 [Times: user=0.24 sys=0.00, real=0.12 secs] 
2016-08-30T13:47:11.921+0200: 682.055: [GC pause (young), 0.2351340 secs]
   [Parallel Time: 225.6 ms, GC Workers: 2]
      [GC Worker Start (ms): Min: 682057.6, Avg: 682057.6, Max: 682057.6, Diff: 0.0]
      [Ext Root Scanning (ms): Min: 83.3, Avg: 94.1, Max: 104.9, Diff: 21.6, Sum: 188.2]
      [Update RS (ms): Min: 46.8, Avg: 57.5, Max: 68.1, Diff: 21.3, Sum: 114.9]
         [Processed Buffers: Min: 371, Avg: 412.5, Max: 454, Diff: 83, Sum: 825]
      [Scan RS (ms): Min: 9.6, Avg: 9.7, Max: 9.8, Diff: 0.1, Sum: 19.4]
      [Code Root Scanning (ms): Min: 0.1, Avg: 0.1, Max: 0.2, Diff: 0.1, Sum: 0.3]
      [Object Copy (ms): Min: 63.8, Avg: 63.9, Max: 64.0, Diff: 0.2, Sum: 127.8]
      [Termination (ms): Min: 0.0, Avg: 0.1, Max: 0.1, Diff: 0.1, Sum: 0.1]
      [GC Worker Other (ms): Min: 0.1, Avg: 0.1, Max: 0.2, Diff: 0.1, Sum: 0.2]
      [GC Worker Total (ms): Min: 225.6, Avg: 225.6, Max: 225.6, Diff: 0.0, Sum: 451.1]
      [GC Worker End (ms): Min: 682283.1, Avg: 682283.1, Max: 682283.1, Diff: 0.0]
   [Code Root Fixup: 0.1 ms]
   [Code Root Migration: 0.1 ms]
   [Clear CT: 0.4 ms]
   [Other: 9.0 ms]
      [Choose CSet: 0.0 ms]
      [Ref Proc: 4.4 ms]
      [Ref Enq: 0.3 ms]
      [Free CSet: 0.9 ms]
   [Eden: 442.0M(442.0M)->0.0B(148.0M) Survivors: 18.0M->56.0M Heap: 1491.0M(4096.0M)->1087.0M(4096.0M)]
 [Times: user=0.44 sys=0.02, real=0.24 secs] 
2016-08-30T13:47:16.246+0200: 686.380: [GC pause (young), 0.1571560 secs]
   [Parallel Time: 150.9 ms, GC Workers: 2]
      [GC Worker Start (ms): Min: 686381.7, Avg: 686381.7, Max: 686381.7, Diff: 0.0]
      [Ext Root Scanning (ms): Min: 50.4, Avg: 51.0, Max: 51.7, Diff: 1.3, Sum: 102.1]
      [Update RS (ms): Min: 25.3, Avg: 26.5, Max: 27.6, Diff: 2.3, Sum: 53.0]
         [Processed Buffers: Min: 265, Avg: 274.5, Max: 284, Diff: 19, Sum: 549]
      [Scan RS (ms): Min: 10.9, Avg: 11.0, Max: 11.0, Diff: 0.1, Sum: 22.0]
      [Code Root Scanning (ms): Min: 0.1, Avg: 0.1, Max: 0.1, Diff: 0.0, Sum: 0.1]
      [Object Copy (ms): Min: 61.6, Avg: 62.2, Max: 62.7, Diff: 1.1, Sum: 124.4]
      [Termination (ms): Min: 0.0, Avg: 0.0, Max: 0.0, Diff: 0.0, Sum: 0.0]
      [GC Worker Other (ms): Min: 0.1, Avg: 0.1, Max: 0.1, Diff: 0.0, Sum: 0.2]
      [GC Worker Total (ms): Min: 150.8, Avg: 150.9, Max: 150.9, Diff: 0.0, Sum: 301.7]
      [GC Worker End (ms): Min: 686532.6, Avg: 686532.6, Max: 686532.6, Diff: 0.0]
   [Code Root Fixup: 0.2 ms]
   [Code Root Migration: 0.0 ms]
   [Clear CT: 0.3 ms]
   [Other: 5.6 ms]
      [Choose CSet: 0.0 ms]
      [Ref Proc: 1.9 ms]
      [Ref Enq: 0.2 ms]
      [Free CSet: 0.5 ms]
   [Eden: 148.0M(148.0M)->0.0B(300.0M) Survivors: 56.0M->24.0M Heap: 1235.0M(4096.0M)->1103.0M(4096.0M)]
 [Times: user=0.31 sys=0.00, real=0.16 secs] 
2016-08-30T13:47:29.644+0200: 699.779: [GC pause (young), 0.1849420 secs]
   [Parallel Time: 178.5 ms, GC Workers: 2]
      [GC Worker Start (ms): Min: 699780.4, Avg: 699780.4, Max: 699780.4, Diff: 0.0]
      [Ext Root Scanning (ms): Min: 70.3, Avg: 74.8, Max: 79.2, Diff: 8.8, Sum: 149.5]
      [Update RS (ms): Min: 38.5, Avg: 47.6, Max: 56.6, Diff: 18.0, Sum: 95.1]
         [Processed Buffers: Min: 408, Avg: 417.0, Max: 426, Diff: 18, Sum: 834]
      [Scan RS (ms): Min: 4.6, Avg: 6.7, Max: 8.9, Diff: 4.4, Sum: 13.5]
      [Code Root Scanning (ms): Min: 0.1, Avg: 0.1, Max: 0.1, Diff: 0.0, Sum: 0.1]
      [Object Copy (ms): Min: 46.9, Avg: 49.2, Max: 51.6, Diff: 4.8, Sum: 98.5]
      [Termination (ms): Min: 0.0, Avg: 0.0, Max: 0.0, Diff: 0.0, Sum: 0.0]
      [GC Worker Other (ms): Min: 0.0, Avg: 0.1, Max: 0.1, Diff: 0.1, Sum: 0.1]
      [GC Worker Total (ms): Min: 178.4, Avg: 178.4, Max: 178.4, Diff: 0.0, Sum: 356.9]
      [GC Worker End (ms): Min: 699958.8, Avg: 699958.8, Max: 699958.8, Diff: 0.0]
   [Code Root Fixup: 0.3 ms]
   [Code Root Migration: 0.0 ms]
   [Clear CT: 0.2 ms]
   [Other: 5.9 ms]
      [Choose CSet: 0.0 ms]
      [Ref Proc: 2.7 ms]
      [Ref Enq: 0.2 ms]
      [Free CSet: 0.5 ms]
   [Eden: 300.0M(300.0M)->0.0B(246.0M) Survivors: 24.0M->30.0M Heap: 1403.0M(4096.0M)->1126.0M(4096.0M)]
 [Times: user=0.18 sys=0.00, real=0.19 secs] 
2016-08-30T13:47:40.613+0200: 710.748: [GC pause (young), 0.1225350 secs]
   [Parallel Time: 116.9 ms, GC Workers: 2]
      [GC Worker Start (ms): Min: 710749.6, Avg: 710749.6, Max: 710749.6, Diff: 0.0]
      [Ext Root Scanning (ms): Min: 40.0, Avg: 45.7, Max: 51.4, Diff: 11.4, Sum: 91.4]
      [Update RS (ms): Min: 19.8, Avg: 26.4, Max: 33.1, Diff: 13.4, Sum: 52.9]
         [Processed Buffers: Min: 173, Avg: 382.0, Max: 591, Diff: 418, Sum: 764]
      [Scan RS (ms): Min: 6.2, Avg: 6.3, Max: 6.3, Diff: 0.0, Sum: 12.5]
      [Code Root Scanning (ms): Min: 0.1, Avg: 0.1, Max: 0.1, Diff: 0.0, Sum: 0.1]
      [Object Copy (ms): Min: 37.3, Avg: 38.3, Max: 39.3, Diff: 2.0, Sum: 76.6]
      [Termination (ms): Min: 0.0, Avg: 0.0, Max: 0.0, Diff: 0.0, Sum: 0.0]
      [GC Worker Other (ms): Min: 0.1, Avg: 0.1, Max: 0.1, Diff: 0.0, Sum: 0.2]
      [GC Worker Total (ms): Min: 116.8, Avg: 116.9, Max: 116.9, Diff: 0.0, Sum: 233.7]
      [GC Worker End (ms): Min: 710866.4, Avg: 710866.4, Max: 710866.4, Diff: 0.0]
   [Code Root Fixup: 0.1 ms]
   [Code Root Migration: 0.0 ms]
   [Clear CT: 0.3 ms]
   [Other: 5.2 ms]
      [Choose CSet: 0.0 ms]
      [Ref Proc: 1.9 ms]
      [Ref Enq: 0.2 ms]
      [Free CSet: 0.4 ms]
   [Eden: 246.0M(246.0M)->0.0B(408.0M) Survivors: 30.0M->28.0M Heap: 1372.0M(4096.0M)->1144.0M(4096.0M)]
 [Times: user=0.23 sys=0.00, real=0.12 secs] 
2016-08-30T13:47:54.630+0200: 724.764: [GC pause (young), 0.1604890 secs]
   [Parallel Time: 152.4 ms, GC Workers: 2]
      [GC Worker Start (ms): Min: 724766.2, Avg: 724766.2, Max: 724766.2, Diff: 0.0]
      [Ext Root Scanning (ms): Min: 50.0, Avg: 50.1, Max: 50.2, Diff: 0.2, Sum: 100.1]
      [Update RS (ms): Min: 40.5, Avg: 40.9, Max: 41.4, Diff: 0.9, Sum: 81.8]
         [Processed Buffers: Min: 393, Avg: 403.0, Max: 413, Diff: 20, Sum: 806]
      [Scan RS (ms): Min: 9.7, Avg: 9.7, Max: 9.7, Diff: 0.0, Sum: 19.4]
      [Code Root Scanning (ms): Min: 0.1, Avg: 0.1, Max: 0.1, Diff: 0.0, Sum: 0.3]
      [Object Copy (ms): Min: 50.8, Avg: 51.3, Max: 51.7, Diff: 0.8, Sum: 102.5]
      [Termination (ms): Min: 0.0, Avg: 0.1, Max: 0.1, Diff: 0.1, Sum: 0.1]
      [GC Worker Other (ms): Min: 0.1, Avg: 0.1, Max: 0.2, Diff: 0.0, Sum: 0.3]
      [GC Worker Total (ms): Min: 152.3, Avg: 152.3, Max: 152.3, Diff: 0.0, Sum: 304.5]
      [GC Worker End (ms): Min: 724918.4, Avg: 724918.5, Max: 724918.5, Diff: 0.0]
   [Code Root Fixup: 0.2 ms]
   [Code Root Migration: 0.1 ms]
   [Clear CT: 0.3 ms]
   [Other: 7.6 ms]
      [Choose CSet: 0.0 ms]
      [Ref Proc: 3.5 ms]
      [Ref Enq: 0.2 ms]
      [Free CSet: 0.7 ms]
   [Eden: 354.0M(336.0M)->0.0B(432.0M) Survivors: 28.0M->36.0M Heap: 1498.0M(4096.0M)->1173.0M(4096.0M)]
 [Times: user=0.31 sys=0.01, real=0.16 secs] 
2016-08-30T13:48:09.063+0200: 739.198: [GC pause (young), 0.1688050 secs]
   [Parallel Time: 161.9 ms, GC Workers: 2]
      [GC Worker Start (ms): Min: 739199.5, Avg: 739199.5, Max: 739199.5, Diff: 0.0]
      [Ext Root Scanning (ms): Min: 74.6, Avg: 79.8, Max: 84.9, Diff: 10.3, Sum: 159.5]
      [Update RS (ms): Min: 26.5, Avg: 34.6, Max: 42.7, Diff: 16.2, Sum: 69.2]
         [Processed Buffers: Min: 297, Avg: 367.0, Max: 437, Diff: 140, Sum: 734]
      [Scan RS (ms): Min: 4.1, Avg: 6.7, Max: 9.3, Diff: 5.1, Sum: 13.4]
      [Code Root Scanning (ms): Min: 0.1, Avg: 0.1, Max: 0.1, Diff: 0.0, Sum: 0.1]
      [Object Copy (ms): Min: 40.2, Avg: 40.6, Max: 41.0, Diff: 0.8, Sum: 81.2]
      [Termination (ms): Min: 0.0, Avg: 0.0, Max: 0.0, Diff: 0.0, Sum: 0.0]
      [GC Worker Other (ms): Min: 0.0, Avg: 0.1, Max: 0.2, Diff: 0.1, Sum: 0.2]
      [GC Worker Total (ms): Min: 161.8, Avg: 161.8, Max: 161.8, Diff: 0.0, Sum: 323.7]
      [GC Worker End (ms): Min: 739361.3, Avg: 739361.3, Max: 739361.3, Diff: 0.0]
   [Code Root Fixup: 0.1 ms]
   [Code Root Migration: 0.0 ms]
   [Clear CT: 0.5 ms]
   [Other: 6.2 ms]
      [Choose CSet: 0.0 ms]
      [Ref Proc: 2.6 ms]
      [Ref Enq: 0.2 ms]
      [Free CSet: 0.6 ms]
   [Eden: 304.0M(300.0M)->0.0B(486.0M) Survivors: 36.0M->28.0M Heap: 1477.0M(4096.0M)->1187.0M(4096.0M)]
 [Times: user=0.24 sys=0.00, real=0.17 secs] 
2016-08-30T13:48:27.324+0200: 757.458: [GC pause (young), 0.2028170 secs]
   [Parallel Time: 183.3 ms, GC Workers: 2]
      [GC Worker Start (ms): Min: 757460.1, Avg: 757460.1, Max: 757460.1, Diff: 0.0]
      [Ext Root Scanning (ms): Min: 50.3, Avg: 50.6, Max: 50.8, Diff: 0.5, Sum: 101.1]
      [Update RS (ms): Min: 46.5, Avg: 46.8, Max: 47.0, Diff: 0.5, Sum: 93.5]
         [Processed Buffers: Min: 372, Avg: 395.5, Max: 419, Diff: 47, Sum: 791]
      [Scan RS (ms): Min: 11.2, Avg: 11.2, Max: 11.2, Diff: 0.0, Sum: 22.4]
      [Code Root Scanning (ms): Min: 0.2, Avg: 0.2, Max: 0.2, Diff: 0.1, Sum: 0.4]
      [Object Copy (ms): Min: 74.5, Avg: 74.5, Max: 74.5, Diff: 0.0, Sum: 149.0]
      [Termination (ms): Min: 0.0, Avg: 0.0, Max: 0.0, Diff: 0.0, Sum: 0.0]
      [GC Worker Other (ms): Min: 0.1, Avg: 0.1, Max: 0.1, Diff: 0.0, Sum: 0.1]
      [GC Worker Total (ms): Min: 183.2, Avg: 183.2, Max: 183.3, Diff: 0.0, Sum: 366.5]
      [GC Worker End (ms): Min: 757643.4, Avg: 757643.4, Max: 757643.4, Diff: 0.0]
   [Code Root Fixup: 0.2 ms]
   [Code Root Migration: 0.1 ms]
   [Clear CT: 0.8 ms]
   [Other: 18.3 ms]
      [Choose CSet: 0.0 ms]
      [Ref Proc: 13.1 ms]
      [Ref Enq: 0.6 ms]
      [Free CSet: 1.2 ms]
   [Eden: 452.0M(404.0M)->0.0B(300.0M) Survivors: 28.0M->54.0M Heap: 1639.0M(4096.0M)->1220.0M(4096.0M)]
 [Times: user=0.35 sys=0.02, real=0.20 secs] 
2016-08-30T13:48:39.211+0200: 769.345: [GC pause (young), 0.1942890 secs]
   [Parallel Time: 186.6 ms, GC Workers: 2]
      [GC Worker Start (ms): Min: 769347.4, Avg: 769347.7, Max: 769348.0, Diff: 0.6]
      [Ext Root Scanning (ms): Min: 52.0, Avg: 52.8, Max: 53.5, Diff: 1.5, Sum: 105.5]
      [Update RS (ms): Min: 36.9, Avg: 38.1, Max: 39.3, Diff: 2.4, Sum: 76.2]
         [Processed Buffers: Min: 422, Avg: 442.0, Max: 462, Diff: 40, Sum: 884]
      [Scan RS (ms): Min: 14.0, Avg: 14.8, Max: 15.6, Diff: 1.6, Sum: 29.6]
      [Code Root Scanning (ms): Min: 0.1, Avg: 0.1, Max: 0.1, Diff: 0.0, Sum: 0.3]
      [Object Copy (ms): Min: 79.6, Avg: 80.3, Max: 80.9, Diff: 1.3, Sum: 160.5]
      [Termination (ms): Min: 0.0, Avg: 0.0, Max: 0.0, Diff: 0.0, Sum: 0.0]
      [GC Worker Other (ms): Min: 0.1, Avg: 0.1, Max: 0.2, Diff: 0.0, Sum: 0.3]
      [GC Worker Total (ms): Min: 185.9, Avg: 186.2, Max: 186.5, Diff: 0.6, Sum: 372.4]
      [GC Worker End (ms): Min: 769533.9, Avg: 769533.9, Max: 769533.9, Diff: 0.0]
   [Code Root Fixup: 0.2 ms]
   [Code Root Migration: 0.1 ms]
   [Clear CT: 0.4 ms]
   [Other: 7.0 ms]
      [Choose CSet: 0.0 ms]
      [Ref Proc: 2.8 ms]
      [Ref Enq: 0.2 ms]
      [Free CSet: 0.7 ms]
   [Eden: 300.0M(300.0M)->0.0B(362.0M) Survivors: 54.0M->32.0M Heap: 1520.0M(4096.0M)->1244.0M(4096.0M)]
 [Times: user=0.38 sys=0.01, real=0.19 secs] 
2016-08-30T13:48:53.209+0200: 783.343: [GC pause (young), 0.1815240 secs]
   [Parallel Time: 170.8 ms, GC Workers: 2]
      [GC Worker Start (ms): Min: 783345.3, Avg: 783345.3, Max: 783345.3, Diff: 0.0]
      [Ext Root Scanning (ms): Min: 50.6, Avg: 51.5, Max: 52.5, Diff: 2.0, Sum: 103.1]
      [Update RS (ms): Min: 42.4, Avg: 43.9, Max: 45.4, Diff: 3.1, Sum: 87.8]
         [Processed Buffers: Min: 405, Avg: 418.0, Max: 431, Diff: 26, Sum: 836]
      [Scan RS (ms): Min: 10.3, Avg: 10.6, Max: 11.0, Diff: 0.7, Sum: 21.3]
      [Code Root Scanning (ms): Min: 0.1, Avg: 0.1, Max: 0.2, Diff: 0.1, Sum: 0.3]
      [Object Copy (ms): Min: 64.2, Avg: 64.3, Max: 64.5, Diff: 0.3, Sum: 128.7]
      [Termination (ms): Min: 0.0, Avg: 0.0, Max: 0.0, Diff: 0.0, Sum: 0.0]
      [GC Worker Other (ms): Min: 0.1, Avg: 0.1, Max: 0.1, Diff: 0.0, Sum: 0.2]
      [GC Worker Total (ms): Min: 170.7, Avg: 170.7, Max: 170.7, Diff: 0.0, Sum: 341.4]
      [GC Worker End (ms): Min: 783516.0, Avg: 783516.0, Max: 783516.0, Diff: 0.0]
   [Code Root Fixup: 0.2 ms]
   [Code Root Migration: 0.1 ms]
   [Clear CT: 0.4 ms]
   [Other: 10.0 ms]
      [Choose CSet: 0.0 ms]
      [Ref Proc: 4.7 ms]
      [Ref Enq: 0.5 ms]
      [Free CSet: 1.4 ms]
   [Eden: 362.0M(362.0M)->0.0B(340.0M) Survivors: 32.0M->38.0M Heap: 1606.0M(4096.0M)->1274.0M(4096.0M)]
 [Times: user=0.34 sys=0.00, real=0.18 secs] 
2016-08-30T13:49:04.512+0200: 794.647: [GC pause (young), 0.1547790 secs]
   [Parallel Time: 147.9 ms, GC Workers: 2]
      [GC Worker Start (ms): Min: 794648.5, Avg: 794648.5, Max: 794648.5, Diff: 0.0]
      [Ext Root Scanning (ms): Min: 51.6, Avg: 52.4, Max: 53.1, Diff: 1.5, Sum: 104.7]
      [Update RS (ms): Min: 37.2, Avg: 37.6, Max: 38.1, Diff: 0.9, Sum: 75.3]
         [Processed Buffers: Min: 384, Avg: 394.0, Max: 404, Diff: 20, Sum: 788]
      [Scan RS (ms): Min: 11.3, Avg: 11.5, Max: 11.7, Diff: 0.3, Sum: 23.0]
      [Code Root Scanning (ms): Min: 0.1, Avg: 0.1, Max: 0.1, Diff: 0.0, Sum: 0.2]
      [Object Copy (ms): Min: 45.6, Avg: 45.9, Max: 46.3, Diff: 0.7, Sum: 91.9]
      [Termination (ms): Min: 0.0, Avg: 0.0, Max: 0.0, Diff: 0.0, Sum: 0.0]
      [GC Worker Other (ms): Min: 0.1, Avg: 0.3, Max: 0.5, Diff: 0.4, Sum: 0.6]
      [GC Worker Total (ms): Min: 147.8, Avg: 147.9, Max: 147.9, Diff: 0.0, Sum: 295.7]
      [GC Worker End (ms): Min: 794796.4, Avg: 794796.4, Max: 794796.4, Diff: 0.0]
   [Code Root Fixup: 0.1 ms]
   [Code Root Migration: 0.0 ms]
   [Clear CT: 0.3 ms]
   [Other: 6.4 ms]
      [Choose CSet: 0.0 ms]
      [Ref Proc: 2.4 ms]
      [Ref Enq: 0.2 ms]
      [Free CSet: 0.7 ms]
   [Eden: 282.0M(244.0M)->0.0B(522.0M) Survivors: 38.0M->28.0M Heap: 1556.0M(4096.0M)->1291.0M(4096.0M)]
 [Times: user=0.29 sys=0.00, real=0.16 secs] 
2016-08-30T13:49:22.619+0200: 812.753: [GC pause (young), 0.1884440 secs]
   [Parallel Time: 179.1 ms, GC Workers: 2]
      [GC Worker Start (ms): Min: 812755.4, Avg: 812756.7, Max: 812757.9, Diff: 2.5]
      [Ext Root Scanning (ms): Min: 50.5, Avg: 51.5, Max: 52.6, Diff: 2.1, Sum: 103.1]
      [Update RS (ms): Min: 49.2, Avg: 49.6, Max: 50.0, Diff: 0.7, Sum: 99.2]
         [Processed Buffers: Min: 423, Avg: 443.0, Max: 463, Diff: 40, Sum: 886]
      [Scan RS (ms): Min: 10.8, Avg: 11.1, Max: 11.4, Diff: 0.6, Sum: 22.2]
      [Code Root Scanning (ms): Min: 0.1, Avg: 0.2, Max: 0.2, Diff: 0.1, Sum: 0.3]
      [Object Copy (ms): Min: 64.4, Avg: 65.3, Max: 66.1, Diff: 1.7, Sum: 130.5]
      [Termination (ms): Min: 0.0, Avg: 0.0, Max: 0.0, Diff: 0.0, Sum: 0.0]
      [GC Worker Other (ms): Min: 0.1, Avg: 0.1, Max: 0.1, Diff: 0.0, Sum: 0.1]
      [GC Worker Total (ms): Min: 176.5, Avg: 177.7, Max: 179.0, Diff: 2.5, Sum: 355.4]
      [GC Worker End (ms): Min: 812934.4, Avg: 812934.4, Max: 812934.4, Diff: 0.0]
   [Code Root Fixup: 0.1 ms]
   [Code Root Migration: 0.1 ms]
   [Clear CT: 0.4 ms]
   [Other: 8.8 ms]
      [Choose CSet: 0.0 ms]
      [Ref Proc: 4.4 ms]
      [Ref Enq: 0.3 ms]
      [Free CSet: 0.9 ms]
   [Eden: 446.0M(414.0M)->0.0B(362.0M) Survivors: 28.0M->56.0M Heap: 1737.0M(4096.0M)->1327.0M(4096.0M)]
 [Times: user=0.35 sys=0.03, real=0.19 secs] 
2016-08-30T13:49:33.744+0200: 823.879: [GC pause (young), 0.1821610 secs]
   [Parallel Time: 175.6 ms, GC Workers: 2]
      [GC Worker Start (ms): Min: 823881.0, Avg: 823882.0, Max: 823883.0, Diff: 2.0]
      [Ext Root Scanning (ms): Min: 55.3, Avg: 59.1, Max: 62.8, Diff: 7.4, Sum: 118.1]
      [Update RS (ms): Min: 32.2, Avg: 36.3, Max: 40.5, Diff: 8.3, Sum: 72.7]
         [Processed Buffers: Min: 337, Avg: 392.5, Max: 448, Diff: 111, Sum: 785]
      [Scan RS (ms): Min: 14.9, Avg: 15.3, Max: 15.7, Diff: 0.9, Sum: 30.6]
      [Code Root Scanning (ms): Min: 0.1, Avg: 0.1, Max: 0.2, Diff: 0.1, Sum: 0.2]
      [Object Copy (ms): Min: 62.7, Avg: 63.6, Max: 64.6, Diff: 1.9, Sum: 127.3]
      [Termination (ms): Min: 0.0, Avg: 0.0, Max: 0.0, Diff: 0.0, Sum: 0.0]
      [GC Worker Other (ms): Min: 0.1, Avg: 0.1, Max: 0.1, Diff: 0.0, Sum: 0.2]
      [GC Worker Total (ms): Min: 173.5, Avg: 174.5, Max: 175.5, Diff: 2.0, Sum: 349.1]
      [GC Worker End (ms): Min: 824056.5, Avg: 824056.5, Max: 824056.5, Diff: 0.0]
   [Code Root Fixup: 0.1 ms]
   [Code Root Migration: 0.0 ms]
   [Clear CT: 0.3 ms]
   [Other: 6.1 ms]
      [Choose CSet: 0.0 ms]
      [Ref Proc: 1.9 ms]
      [Ref Enq: 0.1 ms]
      [Free CSet: 0.8 ms]
   [Eden: 240.0M(240.0M)->0.0B(584.0M) Survivors: 56.0M->22.0M Heap: 1567.0M(4096.0M)->1343.0M(4096.0M)]
 [Times: user=0.35 sys=0.00, real=0.18 secs] 
2016-08-30T13:49:52.653+0200: 842.788: [GC pause (young), 0.2091650 secs]
   [Parallel Time: 194.2 ms, GC Workers: 2]
      [GC Worker Start (ms): Min: 842790.1, Avg: 842790.5, Max: 842791.0, Diff: 1.0]
      [Ext Root Scanning (ms): Min: 50.1, Avg: 50.2, Max: 50.3, Diff: 0.2, Sum: 100.4]
      [Update RS (ms): Min: 56.8, Avg: 57.3, Max: 57.7, Diff: 0.9, Sum: 114.5]
         [Processed Buffers: Min: 410, Avg: 436.0, Max: 462, Diff: 52, Sum: 872]
      [Scan RS (ms): Min: 10.5, Avg: 11.0, Max: 11.5, Diff: 1.1, Sum: 22.0]
      [Code Root Scanning (ms): Min: 0.1, Avg: 0.2, Max: 0.2, Diff: 0.1, Sum: 0.3]
      [Object Copy (ms): Min: 74.7, Avg: 74.9, Max: 75.2, Diff: 0.5, Sum: 149.9]
      [Termination (ms): Min: 0.0, Avg: 0.0, Max: 0.0, Diff: 0.0, Sum: 0.0]
      [GC Worker Other (ms): Min: 0.1, Avg: 0.1, Max: 0.1, Diff: 0.0, Sum: 0.1]
      [GC Worker Total (ms): Min: 193.2, Avg: 193.6, Max: 194.1, Diff: 1.0, Sum: 387.3]
      [GC Worker End (ms): Min: 842984.2, Avg: 842984.2, Max: 842984.2, Diff: 0.0]
   [Code Root Fixup: 0.6 ms]
   [Code Root Migration: 0.1 ms]
   [Clear CT: 0.6 ms]
   [Other: 13.7 ms]
      [Choose CSet: 0.0 ms]
      [Ref Proc: 7.8 ms]
      [Ref Enq: 0.7 ms]
      [Free CSet: 1.6 ms]
   [Eden: 480.0M(476.0M)->0.0B(234.0M) Survivors: 22.0M->64.0M Heap: 1823.0M(4096.0M)->1389.0M(4096.0M)]
 [Times: user=0.38 sys=0.02, real=0.21 secs] 
2016-08-30T13:50:01.920+0200: 852.055: [GC pause (young), 0.1984250 secs]
   [Parallel Time: 189.2 ms, GC Workers: 2]
      [GC Worker Start (ms): Min: 852056.5, Avg: 852056.6, Max: 852056.6, Diff: 0.0]
      [Ext Root Scanning (ms): Min: 50.1, Avg: 52.6, Max: 55.1, Diff: 5.0, Sum: 105.2]
      [Update RS (ms): Min: 41.3, Avg: 43.9, Max: 46.5, Diff: 5.2, Sum: 87.8]
         [Processed Buffers: Min: 337, Avg: 358.5, Max: 380, Diff: 43, Sum: 717]
      [Scan RS (ms): Min: 13.5, Avg: 14.0, Max: 14.5, Diff: 1.0, Sum: 28.0]
      [Code Root Scanning (ms): Min: 0.0, Avg: 0.1, Max: 0.2, Diff: 0.2, Sum: 0.2]
      [Object Copy (ms): Min: 77.6, Avg: 78.3, Max: 79.0, Diff: 1.4, Sum: 156.6]
      [Termination (ms): Min: 0.0, Avg: 0.0, Max: 0.0, Diff: 0.0, Sum: 0.0]
      [GC Worker Other (ms): Min: 0.1, Avg: 0.1, Max: 0.1, Diff: 0.0, Sum: 0.2]
      [GC Worker Total (ms): Min: 189.1, Avg: 189.1, Max: 189.1, Diff: 0.0, Sum: 378.2]
      [GC Worker End (ms): Min: 852245.6, Avg: 852245.6, Max: 852245.6, Diff: 0.0]
   [Code Root Fixup: 0.3 ms]
   [Code Root Migration: 0.1 ms]
   [Clear CT: 0.5 ms]
   [Other: 8.4 ms]
      [Choose CSet: 0.0 ms]
      [Ref Proc: 3.4 ms]
      [Ref Enq: 0.3 ms]
      [Free CSet: 1.1 ms]
   [Eden: 234.0M(234.0M)->0.0B(400.0M) Survivors: 64.0M->24.0M Heap: 1623.0M(4096.0M)->1400.0M(4096.0M)]
 [Times: user=0.38 sys=0.00, real=0.20 secs] 
2016-08-30T13:50:15.419+0200: 865.553: [GC pause (young), 0.1828950 secs]
   [Parallel Time: 172.8 ms, GC Workers: 2]
      [GC Worker Start (ms): Min: 865555.4, Avg: 865555.4, Max: 865555.4, Diff: 0.0]
      [Ext Root Scanning (ms): Min: 50.2, Avg: 51.4, Max: 52.6, Diff: 2.4, Sum: 102.9]
      [Update RS (ms): Min: 53.0, Avg: 55.2, Max: 57.4, Diff: 4.4, Sum: 110.4]
         [Processed Buffers: Min: 376, Avg: 409.5, Max: 443, Diff: 67, Sum: 819]
      [Scan RS (ms): Min: 8.9, Avg: 9.8, Max: 10.7, Diff: 1.7, Sum: 19.6]
      [Code Root Scanning (ms): Min: 0.1, Avg: 0.1, Max: 0.1, Diff: 0.0, Sum: 0.3]
      [Object Copy (ms): Min: 55.9, Avg: 56.0, Max: 56.1, Diff: 0.2, Sum: 112.1]
      [Termination (ms): Min: 0.0, Avg: 0.0, Max: 0.0, Diff: 0.0, Sum: 0.0]
      [GC Worker Other (ms): Min: 0.1, Avg: 0.1, Max: 0.2, Diff: 0.0, Sum: 0.3]
      [GC Worker Total (ms): Min: 172.7, Avg: 172.7, Max: 172.7, Diff: 0.0, Sum: 345.5]
      [GC Worker End (ms): Min: 865728.2, Avg: 865728.2, Max: 865728.2, Diff: 0.0]
   [Code Root Fixup: 0.2 ms]
   [Code Root Migration: 0.1 ms]
   [Clear CT: 0.5 ms]
   [Other: 9.4 ms]
      [Choose CSet: 0.0 ms]
      [Ref Proc: 4.6 ms]
      [Ref Enq: 0.4 ms]
      [Free CSet: 1.0 ms]
   [Eden: 340.0M(318.0M)->0.0B(268.0M) Survivors: 24.0M->44.0M Heap: 1740.0M(4096.0M)->1430.0M(4096.0M)]
 [Times: user=0.34 sys=0.00, real=0.18 secs] 
2016-08-30T13:50:25.850+0200: 875.984: [GC pause (young), 0.1797140 secs]
   [Parallel Time: 172.6 ms, GC Workers: 2]
      [GC Worker Start (ms): Min: 875986.2, Avg: 875986.2, Max: 875986.2, Diff: 0.0]
      [Ext Root Scanning (ms): Min: 50.3, Avg: 50.4, Max: 50.6, Diff: 0.3, Sum: 100.8]
      [Update RS (ms): Min: 45.8, Avg: 46.6, Max: 47.4, Diff: 1.6, Sum: 93.2]
         [Processed Buffers: Min: 443, Avg: 459.0, Max: 475, Diff: 32, Sum: 918]
      [Scan RS (ms): Min: 11.2, Avg: 11.7, Max: 12.1, Diff: 0.9, Sum: 23.4]
      [Code Root Scanning (ms): Min: 0.0, Avg: 0.1, Max: 0.2, Diff: 0.1, Sum: 0.2]
      [Object Copy (ms): Min: 63.4, Avg: 63.5, Max: 63.6, Diff: 0.2, Sum: 127.1]
      [Termination (ms): Min: 0.0, Avg: 0.0, Max: 0.0, Diff: 0.0, Sum: 0.0]
      [GC Worker Other (ms): Min: 0.1, Avg: 0.1, Max: 0.2, Diff: 0.1, Sum: 0.2]
      [GC Worker Total (ms): Min: 172.5, Avg: 172.5, Max: 172.5, Diff: 0.0, Sum: 344.9]
      [GC Worker End (ms): Min: 876158.7, Avg: 876158.7, Max: 876158.7, Diff: 0.0]
   [Code Root Fixup: 0.1 ms]
   [Code Root Migration: 0.0 ms]
   [Clear CT: 0.3 ms]
   [Other: 6.6 ms]
      [Choose CSet: 0.0 ms]
      [Ref Proc: 2.5 ms]
      [Ref Enq: 0.2 ms]
      [Free CSet: 0.5 ms]
   [Eden: 268.0M(268.0M)->0.0B(302.0M) Survivors: 44.0M->34.0M Heap: 1698.0M(4096.0M)->1462.0M(4096.0M)]
 [Times: user=0.35 sys=0.00, real=0.18 secs] 
2016-08-30T13:50:36.796+0200: 886.930: [GC pause (young), 0.3362450 secs]
   [Parallel Time: 327.3 ms, GC Workers: 2]
      [GC Worker Start (ms): Min: 886931.9, Avg: 886932.6, Max: 886933.2, Diff: 1.3]
      [Ext Root Scanning (ms): Min: 81.2, Avg: 93.9, Max: 106.5, Diff: 25.3, Sum: 187.8]
      [Update RS (ms): Min: 87.4, Avg: 94.4, Max: 101.4, Diff: 14.0, Sum: 188.7]
         [Processed Buffers: Min: 429, Avg: 447.0, Max: 465, Diff: 36, Sum: 894]
      [Scan RS (ms): Min: 23.9, Avg: 23.9, Max: 23.9, Diff: 0.0, Sum: 47.8]
      [Code Root Scanning (ms): Min: 0.1, Avg: 0.1, Max: 0.1, Diff: 0.0, Sum: 0.2]
      [Object Copy (ms): Min: 104.8, Avg: 112.0, Max: 119.2, Diff: 14.4, Sum: 224.0]
      [Termination (ms): Min: 0.0, Avg: 2.2, Max: 4.5, Diff: 4.5, Sum: 4.5]
      [GC Worker Other (ms): Min: 0.1, Avg: 0.1, Max: 0.1, Diff: 0.0, Sum: 0.2]
      [GC Worker Total (ms): Min: 325.9, Avg: 326.6, Max: 327.3, Diff: 1.3, Sum: 653.2]
      [GC Worker End (ms): Min: 887259.2, Avg: 887259.2, Max: 887259.2, Diff: 0.0]
   [Code Root Fixup: 0.3 ms]
   [Code Root Migration: 0.1 ms]
   [Clear CT: 0.7 ms]
   [Other: 7.9 ms]
      [Choose CSet: 0.0 ms]
      [Ref Proc: 3.8 ms]
      [Ref Enq: 0.4 ms]
      [Free CSet: 0.6 ms]
   [Eden: 302.0M(302.0M)->0.0B(174.0M) Survivors: 34.0M->30.0M Heap: 1764.0M(4096.0M)->1486.0M(4096.0M)]
 [Times: user=0.28 sys=0.00, real=0.34 secs] 
2016-08-30T13:50:41.633+0200: 891.767: [GC pause (young), 0.1469620 secs]
   [Parallel Time: 141.3 ms, GC Workers: 2]
      [GC Worker Start (ms): Min: 891769.2, Avg: 891770.1, Max: 891771.0, Diff: 1.8]
      [Ext Root Scanning (ms): Min: 50.4, Avg: 51.0, Max: 51.7, Diff: 1.3, Sum: 102.0]
      [Update RS (ms): Min: 38.6, Avg: 39.7, Max: 40.8, Diff: 2.2, Sum: 79.4]
         [Processed Buffers: Min: 392, Avg: 403.0, Max: 414, Diff: 22, Sum: 806]
      [Scan RS (ms): Min: 7.9, Avg: 8.6, Max: 9.3, Diff: 1.4, Sum: 17.2]
      [Code Root Scanning (ms): Min: 0.1, Avg: 0.1, Max: 0.1, Diff: 0.0, Sum: 0.1]
      [Object Copy (ms): Min: 40.7, Avg: 40.9, Max: 41.1, Diff: 0.4, Sum: 81.8]
      [Termination (ms): Min: 0.0, Avg: 0.0, Max: 0.0, Diff: 0.0, Sum: 0.0]
      [GC Worker Other (ms): Min: 0.1, Avg: 0.1, Max: 0.1, Diff: 0.0, Sum: 0.2]
      [GC Worker Total (ms): Min: 139.5, Avg: 140.3, Max: 141.2, Diff: 1.8, Sum: 280.7]
      [GC Worker End (ms): Min: 891910.5, Avg: 891910.5, Max: 891910.5, Diff: 0.0]
   [Code Root Fixup: 0.2 ms]
   [Code Root Migration: 0.0 ms]
   [Clear CT: 0.3 ms]
   [Other: 5.2 ms]
      [Choose CSet: 0.0 ms]
      [Ref Proc: 1.6 ms]
      [Ref Enq: 0.1 ms]
      [Free CSet: 0.4 ms]
   [Eden: 174.0M(174.0M)->0.0B(186.0M) Survivors: 30.0M->18.0M Heap: 1660.0M(4096.0M)->1501.0M(4096.0M)]
 [Times: user=0.29 sys=0.00, real=0.15 secs] 
2016-08-30T13:50:48.192+0200: 898.326: [GC pause (young), 0.1431790 secs]
   [Parallel Time: 138.8 ms, GC Workers: 2]
      [GC Worker Start (ms): Min: 898327.3, Avg: 898327.3, Max: 898327.3, Diff: 0.0]
      [Ext Root Scanning (ms): Min: 44.9, Avg: 49.2, Max: 53.6, Diff: 8.7, Sum: 98.5]
      [Update RS (ms): Min: 41.8, Avg: 46.0, Max: 50.2, Diff: 8.3, Sum: 92.0]
         [Processed Buffers: Min: 361, Avg: 431.0, Max: 501, Diff: 140, Sum: 862]
      [Scan RS (ms): Min: 1.7, Avg: 6.4, Max: 11.0, Diff: 9.3, Sum: 12.8]
      [Code Root Scanning (ms): Min: 0.0, Avg: 2.6, Max: 5.2, Diff: 5.2, Sum: 5.2]
      [Object Copy (ms): Min: 32.2, Avg: 34.5, Max: 36.7, Diff: 4.5, Sum: 68.9]
      [Termination (ms): Min: 0.0, Avg: 0.1, Max: 0.1, Diff: 0.1, Sum: 0.1]
      [GC Worker Other (ms): Min: 0.0, Avg: 0.0, Max: 0.1, Diff: 0.0, Sum: 0.1]
      [GC Worker Total (ms): Min: 138.8, Avg: 138.8, Max: 138.8, Diff: 0.0, Sum: 277.6]
      [GC Worker End (ms): Min: 898466.0, Avg: 898466.1, Max: 898466.1, Diff: 0.0]
   [Code Root Fixup: 0.2 ms]
   [Code Root Migration: 0.0 ms]
   [Clear CT: 0.4 ms]
   [Other: 3.8 ms]
      [Choose CSet: 0.0 ms]
      [Ref Proc: 1.4 ms]
      [Ref Enq: 0.1 ms]
      [Free CSet: 0.3 ms]
   [Eden: 186.0M(186.0M)->0.0B(188.0M) Survivors: 18.0M->18.0M Heap: 1687.0M(4096.0M)->1517.0M(4096.0M)]
 [Times: user=0.15 sys=0.00, real=0.14 secs] 
2016-08-30T13:50:55.615+0200: 905.750: [GC pause (young), 0.1117780 secs]
   [Parallel Time: 106.9 ms, GC Workers: 2]
      [GC Worker Start (ms): Min: 905751.3, Avg: 905752.3, Max: 905753.3, Diff: 2.0]
      [Ext Root Scanning (ms): Min: 37.5, Avg: 43.5, Max: 49.6, Diff: 12.2, Sum: 87.1]
      [Update RS (ms): Min: 20.9, Avg: 28.3, Max: 35.6, Diff: 14.7, Sum: 56.6]
         [Processed Buffers: Min: 236, Avg: 374.0, Max: 512, Diff: 276, Sum: 748]
      [Scan RS (ms): Min: 4.3, Avg: 4.6, Max: 5.0, Diff: 0.6, Sum: 9.3]
      [Code Root Scanning (ms): Min: 0.0, Avg: 0.0, Max: 0.1, Diff: 0.0, Sum: 0.1]
      [Object Copy (ms): Min: 29.2, Avg: 29.2, Max: 29.3, Diff: 0.2, Sum: 58.5]
      [Termination (ms): Min: 0.0, Avg: 0.0, Max: 0.0, Diff: 0.0, Sum: 0.0]
      [GC Worker Other (ms): Min: 0.1, Avg: 0.1, Max: 0.1, Diff: 0.0, Sum: 0.2]
      [GC Worker Total (ms): Min: 104.9, Avg: 105.9, Max: 106.8, Diff: 2.0, Sum: 211.7]
      [GC Worker End (ms): Min: 905858.1, Avg: 905858.1, Max: 905858.1, Diff: 0.0]
   [Code Root Fixup: 0.1 ms]
   [Code Root Migration: 0.0 ms]
   [Clear CT: 0.3 ms]
   [Other: 4.4 ms]
      [Choose CSet: 0.0 ms]
      [Ref Proc: 1.4 ms]
      [Ref Enq: 0.1 ms]
      [Free CSet: 0.3 ms]
   [Eden: 188.0M(188.0M)->0.0B(382.0M) Survivors: 18.0M->20.0M Heap: 1705.0M(4096.0M)->1534.0M(4096.0M)]
 [Times: user=0.22 sys=0.00, real=0.11 secs] 
2016-08-30T13:51:08.008+0200: 918.142: [GC pause (young), 0.1487650 secs]
   [Parallel Time: 142.2 ms, GC Workers: 2]
      [GC Worker Start (ms): Min: 918144.4, Avg: 918144.4, Max: 918144.4, Diff: 0.0]
      [Ext Root Scanning (ms): Min: 51.2, Avg: 51.4, Max: 51.7, Diff: 0.5, Sum: 102.9]
      [Update RS (ms): Min: 44.2, Avg: 44.3, Max: 44.5, Diff: 0.3, Sum: 88.7]
         [Processed Buffers: Min: 368, Avg: 379.0, Max: 390, Diff: 22, Sum: 758]
      [Scan RS (ms): Min: 7.8, Avg: 8.3, Max: 8.8, Diff: 1.0, Sum: 16.7]
      [Code Root Scanning (ms): Min: 0.1, Avg: 0.1, Max: 0.1, Diff: 0.0, Sum: 0.2]
      [Object Copy (ms): Min: 37.5, Avg: 37.8, Max: 38.1, Diff: 0.7, Sum: 75.6]
      [Termination (ms): Min: 0.0, Avg: 0.0, Max: 0.0, Diff: 0.0, Sum: 0.0]
      [GC Worker Other (ms): Min: 0.1, Avg: 0.1, Max: 0.1, Diff: 0.1, Sum: 0.2]
      [GC Worker Total (ms): Min: 142.1, Avg: 142.1, Max: 142.1, Diff: 0.0, Sum: 284.2]
      [GC Worker End (ms): Min: 918286.5, Avg: 918286.5, Max: 918286.5, Diff: 0.0]
   [Code Root Fixup: 0.2 ms]
   [Code Root Migration: 0.0 ms]
   [Clear CT: 0.3 ms]
   [Other: 6.0 ms]
      [Choose CSet: 0.0 ms]
      [Ref Proc: 2.4 ms]
      [Ref Enq: 0.2 ms]
      [Free CSet: 0.6 ms]
   [Eden: 284.0M(274.0M)->0.0B(384.0M) Survivors: 20.0M->38.0M Heap: 1818.0M(4096.0M)->1555.0M(4096.0M)]
 [Times: user=0.29 sys=0.00, real=0.15 secs] 
2016-08-30T13:51:19.444+0200: 929.579: [GC pause (young), 0.1978990 secs]
   [Parallel Time: 189.0 ms, GC Workers: 2]
      [GC Worker Start (ms): Min: 929580.6, Avg: 929580.6, Max: 929580.6, Diff: 0.0]
      [Ext Root Scanning (ms): Min: 51.3, Avg: 53.8, Max: 56.3, Diff: 4.9, Sum: 107.6]
      [Update RS (ms): Min: 47.3, Avg: 49.2, Max: 51.2, Diff: 3.9, Sum: 98.5]
         [Processed Buffers: Min: 356, Avg: 416.5, Max: 477, Diff: 121, Sum: 833]
      [Scan RS (ms): Min: 11.4, Avg: 11.5, Max: 11.5, Diff: 0.1, Sum: 22.9]
      [Code Root Scanning (ms): Min: 0.1, Avg: 0.1, Max: 0.1, Diff: 0.0, Sum: 0.3]
      [Object Copy (ms): Min: 73.6, Avg: 74.2, Max: 74.8, Diff: 1.2, Sum: 148.4]
      [Termination (ms): Min: 0.0, Avg: 0.0, Max: 0.0, Diff: 0.0, Sum: 0.0]
      [GC Worker Other (ms): Min: 0.1, Avg: 0.1, Max: 0.2, Diff: 0.1, Sum: 0.2]
      [GC Worker Total (ms): Min: 188.9, Avg: 188.9, Max: 188.9, Diff: 0.0, Sum: 377.8]
      [GC Worker End (ms): Min: 929769.5, Avg: 929769.5, Max: 929769.5, Diff: 0.0]
   [Code Root Fixup: 0.2 ms]
   [Code Root Migration: 0.1 ms]
   [Clear CT: 0.4 ms]
   [Other: 8.2 ms]
      [Choose CSet: 0.0 ms]
      [Ref Proc: 3.8 ms]
      [Ref Enq: 0.3 ms]
      [Free CSet: 0.7 ms]
   [Eden: 314.0M(196.0M)->0.0B(326.0M) Survivors: 38.0M->30.0M Heap: 1869.0M(4096.0M)->1589.0M(4096.0M)]
 [Times: user=0.35 sys=0.02, real=0.19 secs] 
2016-08-30T13:51:32.891+0200: 943.025: [GC pause (young), 0.1946670 secs]
   [Parallel Time: 184.2 ms, GC Workers: 2]
      [GC Worker Start (ms): Min: 943027.6, Avg: 943027.6, Max: 943027.7, Diff: 0.0]
      [Ext Root Scanning (ms): Min: 52.9, Avg: 61.9, Max: 70.9, Diff: 17.9, Sum: 123.8]
      [Update RS (ms): Min: 42.5, Avg: 51.2, Max: 60.0, Diff: 17.4, Sum: 102.5]
         [Processed Buffers: Min: 372, Avg: 397.5, Max: 423, Diff: 51, Sum: 795]
      [Scan RS (ms): Min: 10.1, Avg: 10.7, Max: 11.2, Diff: 1.0, Sum: 21.3]
      [Code Root Scanning (ms): Min: 0.1, Avg: 0.1, Max: 0.1, Diff: 0.1, Sum: 0.2]
      [Object Copy (ms): Min: 59.8, Avg: 60.0, Max: 60.3, Diff: 0.5, Sum: 120.1]
      [Termination (ms): Min: 0.0, Avg: 0.0, Max: 0.0, Diff: 0.0, Sum: 0.0]
      [GC Worker Other (ms): Min: 0.1, Avg: 0.1, Max: 0.2, Diff: 0.0, Sum: 0.3]
      [GC Worker Total (ms): Min: 184.1, Avg: 184.1, Max: 184.1, Diff: 0.0, Sum: 368.2]
      [GC Worker End (ms): Min: 943211.7, Avg: 943211.7, Max: 943211.7, Diff: 0.0]
   [Code Root Fixup: 0.2 ms]
   [Code Root Migration: 0.1 ms]
   [Clear CT: 0.9 ms]
   [Other: 9.3 ms]
      [Choose CSet: 0.0 ms]
      [Ref Proc: 4.5 ms]
      [Ref Enq: 0.4 ms]
      [Free CSet: 0.9 ms]
   [Eden: 298.0M(224.0M)->0.0B(262.0M) Survivors: 30.0M->32.0M Heap: 1887.0M(4096.0M)->1615.0M(4096.0M)]
 [Times: user=0.37 sys=0.00, real=0.20 secs] 
2016-08-30T13:51:42.341+0200: 952.475: [GC pause (young), 0.1818400 secs]
   [Parallel Time: 173.6 ms, GC Workers: 2]
      [GC Worker Start (ms): Min: 952477.2, Avg: 952479.1, Max: 952481.0, Diff: 3.8]
      [Ext Root Scanning (ms): Min: 52.1, Avg: 53.6, Max: 55.1, Diff: 3.0, Sum: 107.3]
      [Update RS (ms): Min: 47.0, Avg: 47.2, Max: 47.5, Diff: 0.5, Sum: 94.5]
         [Processed Buffers: Min: 364, Avg: 410.5, Max: 457, Diff: 93, Sum: 821]
      [Scan RS (ms): Min: 8.6, Avg: 8.7, Max: 8.9, Diff: 0.2, Sum: 17.5]
      [Code Root Scanning (ms): Min: 0.1, Avg: 0.1, Max: 0.1, Diff: 0.0, Sum: 0.2]
      [Object Copy (ms): Min: 61.7, Avg: 61.8, Max: 61.8, Diff: 0.1, Sum: 123.5]
      [Termination (ms): Min: 0.0, Avg: 0.0, Max: 0.0, Diff: 0.0, Sum: 0.0]
      [GC Worker Other (ms): Min: 0.1, Avg: 0.1, Max: 0.1, Diff: 0.0, Sum: 0.2]
      [GC Worker Total (ms): Min: 169.7, Avg: 171.6, Max: 173.5, Diff: 3.8, Sum: 343.2]
      [GC Worker End (ms): Min: 952650.7, Avg: 952650.7, Max: 952650.7, Diff: 0.0]
   [Code Root Fixup: 0.1 ms]
   [Code Root Migration: 0.1 ms]
   [Clear CT: 0.4 ms]
   [Other: 7.7 ms]
      [Choose CSet: 0.0 ms]
      [Ref Proc: 3.7 ms]
      [Ref Enq: 0.2 ms]
      [Free CSet: 0.6 ms]
   [Eden: 262.0M(262.0M)->0.0B(250.0M) Survivors: 32.0M->36.0M Heap: 1877.0M(4096.0M)->1643.0M(4096.0M)]
 [Times: user=0.33 sys=0.00, real=0.18 secs] 
2016-08-30T13:51:52.363+0200: 962.498: [GC pause (young), 0.1656880 secs]
   [Parallel Time: 158.9 ms, GC Workers: 2]
      [GC Worker Start (ms): Min: 962499.9, Avg: 962499.9, Max: 962499.9, Diff: 0.0]
      [Ext Root Scanning (ms): Min: 50.0, Avg: 50.5, Max: 51.0, Diff: 0.9, Sum: 101.0]
      [Update RS (ms): Min: 46.4, Avg: 47.0, Max: 47.5, Diff: 1.0, Sum: 93.9]
         [Processed Buffers: Min: 403, Avg: 419.0, Max: 435, Diff: 32, Sum: 838]
      [Scan RS (ms): Min: 7.8, Avg: 8.3, Max: 8.9, Diff: 1.1, Sum: 16.6]
      [Code Root Scanning (ms): Min: 0.1, Avg: 0.1, Max: 0.1, Diff: 0.0, Sum: 0.2]
      [Object Copy (ms): Min: 52.3, Avg: 52.8, Max: 53.3, Diff: 1.0, Sum: 105.6]
      [Termination (ms): Min: 0.0, Avg: 0.0, Max: 0.0, Diff: 0.0, Sum: 0.0]
      [GC Worker Other (ms): Min: 0.1, Avg: 0.1, Max: 0.2, Diff: 0.1, Sum: 0.3]
      [GC Worker Total (ms): Min: 158.8, Avg: 158.8, Max: 158.8, Diff: 0.0, Sum: 317.6]
      [GC Worker End (ms): Min: 962658.7, Avg: 962658.7, Max: 962658.7, Diff: 0.0]
   [Code Root Fixup: 0.1 ms]
   [Code Root Migration: 0.0 ms]
   [Clear CT: 0.4 ms]
   [Other: 6.2 ms]
      [Choose CSet: 0.0 ms]
      [Ref Proc: 2.2 ms]
      [Ref Enq: 0.2 ms]
      [Free CSet: 0.5 ms]
   [Eden: 250.0M(250.0M)->0.0B(394.0M) Survivors: 36.0M->24.0M Heap: 1893.0M(4096.0M)->1660.0M(4096.0M)]
 [Times: user=0.31 sys=0.00, real=0.17 secs] 
2016-08-30T13:52:04.052+0200: 974.187: [GC pause (young), 0.1804470 secs]
   [Parallel Time: 170.5 ms, GC Workers: 2]
      [GC Worker Start (ms): Min: 974188.8, Avg: 974189.9, Max: 974191.0, Diff: 2.2]
      [Ext Root Scanning (ms): Min: 50.5, Avg: 54.4, Max: 58.4, Diff: 7.9, Sum: 108.9]
      [Update RS (ms): Min: 44.5, Avg: 45.1, Max: 45.8, Diff: 1.4, Sum: 90.3]
         [Processed Buffers: Min: 369, Avg: 407.5, Max: 446, Diff: 77, Sum: 815]
      [Scan RS (ms): Min: 8.3, Avg: 9.1, Max: 9.9, Diff: 1.6, Sum: 18.2]
      [Code Root Scanning (ms): Min: 0.1, Avg: 0.1, Max: 0.1, Diff: 0.0, Sum: 0.2]
      [Object Copy (ms): Min: 56.8, Avg: 60.3, Max: 63.9, Diff: 7.1, Sum: 120.7]
      [Termination (ms): Min: 0.0, Avg: 0.0, Max: 0.0, Diff: 0.0, Sum: 0.0]
      [GC Worker Other (ms): Min: 0.2, Avg: 0.2, Max: 0.2, Diff: 0.1, Sum: 0.4]
      [GC Worker Total (ms): Min: 168.2, Avg: 169.3, Max: 170.4, Diff: 2.2, Sum: 338.6]
      [GC Worker End (ms): Min: 974359.2, Avg: 974359.2, Max: 974359.2, Diff: 0.0]
   [Code Root Fixup: 0.2 ms]
   [Code Root Migration: 0.1 ms]
   [Clear CT: 0.5 ms]
   [Other: 9.2 ms]
      [Choose CSet: 0.0 ms]
      [Ref Proc: 4.6 ms]
      [Ref Enq: 0.4 ms]
      [Free CSet: 0.8 ms]
   [Eden: 296.0M(280.0M)->0.0B(316.0M) Survivors: 24.0M->30.0M Heap: 1956.0M(4096.0M)->1685.0M(4096.0M)]
 [Times: user=0.32 sys=0.02, real=0.18 secs] 
2016-08-30T13:52:14.848+0200: 984.982: [GC pause (young), 0.1870600 secs]
   [Parallel Time: 176.2 ms, GC Workers: 2]
      [GC Worker Start (ms): Min: 984984.5, Avg: 984984.6, Max: 984984.6, Diff: 0.1]
      [Ext Root Scanning (ms): Min: 51.1, Avg: 51.1, Max: 51.1, Diff: 0.0, Sum: 102.2]
      [Update RS (ms): Min: 51.3, Avg: 51.4, Max: 51.6, Diff: 0.3, Sum: 102.9]
         [Processed Buffers: Min: 455, Avg: 456.5, Max: 458, Diff: 3, Sum: 913]
      [Scan RS (ms): Min: 8.6, Avg: 9.0, Max: 9.4, Diff: 0.8, Sum: 18.0]
      [Code Root Scanning (ms): Min: 0.1, Avg: 0.1, Max: 0.1, Diff: 0.0, Sum: 0.2]
      [Object Copy (ms): Min: 63.8, Avg: 64.3, Max: 64.9, Diff: 1.2, Sum: 128.7]
      [Termination (ms): Min: 0.0, Avg: 0.0, Max: 0.0, Diff: 0.0, Sum: 0.0]
      [GC Worker Other (ms): Min: 0.1, Avg: 0.1, Max: 0.1, Diff: 0.0, Sum: 0.2]
      [GC Worker Total (ms): Min: 176.1, Avg: 176.1, Max: 176.1, Diff: 0.1, Sum: 352.2]
      [GC Worker End (ms): Min: 985160.7, Avg: 985160.7, Max: 985160.7, Diff: 0.0]
   [Code Root Fixup: 0.3 ms]
   [Code Root Migration: 0.1 ms]
   [Clear CT: 0.5 ms]
   [Other: 10.0 ms]
      [Choose CSet: 0.0 ms]
      [Ref Proc: 5.2 ms]
      [Ref Enq: 0.4 ms]
      [Free CSet: 0.8 ms]
   [Eden: 316.0M(316.0M)->0.0B(292.0M) Survivors: 30.0M->38.0M Heap: 2001.0M(4096.0M)->1716.0M(4096.0M)]
 [Times: user=0.34 sys=0.02, real=0.19 secs] 
2016-08-30T13:52:26.640+0200: 996.774: [GC pause (young), 0.2466460 secs]
   [Parallel Time: 239.5 ms, GC Workers: 2]
      [GC Worker Start (ms): Min: 996776.6, Avg: 996776.6, Max: 996776.6, Diff: 0.0]
      [Ext Root Scanning (ms): Min: 102.5, Avg: 107.2, Max: 111.8, Diff: 9.3, Sum: 214.3]
      [Update RS (ms): Min: 52.9, Avg: 55.7, Max: 58.6, Diff: 5.7, Sum: 111.5]
         [Processed Buffers: Min: 413, Avg: 418.5, Max: 424, Diff: 11, Sum: 837]
      [Scan RS (ms): Min: 11.2, Avg: 12.5, Max: 13.8, Diff: 2.6, Sum: 25.0]
      [Code Root Scanning (ms): Min: 0.0, Avg: 0.1, Max: 0.1, Diff: 0.0, Sum: 0.1]
      [Object Copy (ms): Min: 60.7, Avg: 63.8, Max: 67.0, Diff: 6.3, Sum: 127.7]
      [Termination (ms): Min: 0.0, Avg: 0.1, Max: 0.1, Diff: 0.1, Sum: 0.1]
      [GC Worker Other (ms): Min: 0.0, Avg: 0.1, Max: 0.1, Diff: 0.1, Sum: 0.2]
      [GC Worker Total (ms): Min: 239.4, Avg: 239.4, Max: 239.4, Diff: 0.0, Sum: 478.9]
      [GC Worker End (ms): Min: 997016.0, Avg: 997016.0, Max: 997016.0, Diff: 0.0]
   [Code Root Fixup: 0.1 ms]
   [Code Root Migration: 0.0 ms]
   [Clear CT: 1.1 ms]
   [Other: 5.9 ms]
      [Choose CSet: 0.0 ms]
      [Ref Proc: 2.2 ms]
      [Ref Enq: 0.2 ms]
      [Free CSet: 0.5 ms]
   [Eden: 276.0M(214.0M)->0.0B(178.0M) Survivors: 38.0M->26.0M Heap: 1992.0M(4096.0M)->1730.0M(4096.0M)]
 [Times: user=0.24 sys=0.00, real=0.25 secs] 
2016-08-30T13:52:33.250+0200: 1003.384: [GC pause (young), 0.1471690 secs]
   [Parallel Time: 141.4 ms, GC Workers: 2]
      [GC Worker Start (ms): Min: 1003386.2, Avg: 1003387.0, Max: 1003387.8, Diff: 1.6]
      [Ext Root Scanning (ms): Min: 52.6, Avg: 52.9, Max: 53.3, Diff: 0.8, Sum: 105.9]
      [Update RS (ms): Min: 39.2, Avg: 39.3, Max: 39.5, Diff: 0.3, Sum: 78.7]
         [Processed Buffers: Min: 307, Avg: 354.5, Max: 402, Diff: 95, Sum: 709]
      [Scan RS (ms): Min: 7.5, Avg: 7.8, Max: 8.1, Diff: 0.6, Sum: 15.6]
      [Code Root Scanning (ms): Min: 0.0, Avg: 0.1, Max: 0.1, Diff: 0.1, Sum: 0.2]
      [Object Copy (ms): Min: 40.1, Avg: 40.2, Max: 40.3, Diff: 0.2, Sum: 80.5]
      [Termination (ms): Min: 0.0, Avg: 0.0, Max: 0.0, Diff: 0.0, Sum: 0.0]
      [GC Worker Other (ms): Min: 0.1, Avg: 0.1, Max: 0.2, Diff: 0.1, Sum: 0.3]
      [GC Worker Total (ms): Min: 139.7, Avg: 140.5, Max: 141.3, Diff: 1.6, Sum: 281.1]
      [GC Worker End (ms): Min: 1003527.5, Avg: 1003527.5, Max: 1003527.5, Diff: 0.0]
   [Code Root Fixup: 0.1 ms]
   [Code Root Migration: 0.0 ms]
   [Clear CT: 0.4 ms]
   [Other: 5.2 ms]
      [Choose CSet: 0.0 ms]
      [Ref Proc: 1.6 ms]
      [Ref Enq: 0.1 ms]
      [Free CSet: 0.4 ms]
   [Eden: 178.0M(178.0M)->0.0B(266.0M) Survivors: 26.0M->20.0M Heap: 1908.0M(4096.0M)->1745.0M(4096.0M)]
 [Times: user=0.29 sys=0.00, real=0.15 secs] 
2016-08-30T13:52:42.954+0200: 1013.089: [GC pause (young), 0.1935600 secs]
   [Parallel Time: 185.0 ms, GC Workers: 2]
      [GC Worker Start (ms): Min: 1013090.9, Avg: 1013090.9, Max: 1013090.9, Diff: 0.0]
      [Ext Root Scanning (ms): Min: 50.2, Avg: 50.5, Max: 50.8, Diff: 0.6, Sum: 101.0]
      [Update RS (ms): Min: 65.2, Avg: 67.4, Max: 69.6, Diff: 4.4, Sum: 134.8]
         [Processed Buffers: Min: 462, Avg: 477.5, Max: 493, Diff: 31, Sum: 955]
      [Scan RS (ms): Min: 12.1, Avg: 12.6, Max: 13.0, Diff: 0.9, Sum: 25.1]
      [Code Root Scanning (ms): Min: 0.0, Avg: 0.1, Max: 0.2, Diff: 0.2, Sum: 0.2]
      [Object Copy (ms): Min: 52.9, Avg: 54.2, Max: 55.6, Diff: 2.7, Sum: 108.4]
      [Termination (ms): Min: 0.0, Avg: 0.0, Max: 0.0, Diff: 0.0, Sum: 0.0]
      [GC Worker Other (ms): Min: 0.1, Avg: 0.1, Max: 0.1, Diff: 0.0, Sum: 0.3]
      [GC Worker Total (ms): Min: 184.9, Avg: 184.9, Max: 184.9, Diff: 0.0, Sum: 369.8]
      [GC Worker End (ms): Min: 1013275.8, Avg: 1013275.8, Max: 1013275.8, Diff: 0.0]
   [Code Root Fixup: 0.4 ms]
   [Code Root Migration: 0.1 ms]
   [Clear CT: 0.5 ms]
   [Other: 7.7 ms]
      [Choose CSet: 0.0 ms]
      [Ref Proc: 3.3 ms]
      [Ref Enq: 0.4 ms]
      [Free CSet: 0.6 ms]
   [Eden: 266.0M(266.0M)->0.0B(174.0M) Survivors: 20.0M->30.0M Heap: 2011.0M(4096.0M)->1772.0M(4096.0M)]
 [Times: user=0.32 sys=0.00, real=0.20 secs] 
2016-08-30T13:52:49.247+0200: 1019.382: [GC pause (young), 0.1421190 secs]
   [Parallel Time: 136.8 ms, GC Workers: 2]
      [GC Worker Start (ms): Min: 1019382.9, Avg: 1019382.9, Max: 1019382.9, Diff: 0.0]
      [Ext Root Scanning (ms): Min: 45.2, Avg: 45.4, Max: 45.6, Diff: 0.4, Sum: 90.8]
      [Update RS (ms): Min: 37.1, Avg: 38.4, Max: 39.7, Diff: 2.6, Sum: 76.8]
         [Processed Buffers: Min: 357, Avg: 377.5, Max: 398, Diff: 41, Sum: 755]
      [Scan RS (ms): Min: 7.3, Avg: 8.4, Max: 9.5, Diff: 2.2, Sum: 16.8]
      [Code Root Scanning (ms): Min: 0.1, Avg: 0.1, Max: 0.1, Diff: 0.0, Sum: 0.1]
      [Object Copy (ms): Min: 44.3, Avg: 44.4, Max: 44.4, Diff: 0.0, Sum: 88.7]
      [Termination (ms): Min: 0.0, Avg: 0.0, Max: 0.0, Diff: 0.0, Sum: 0.0]
      [GC Worker Other (ms): Min: 0.1, Avg: 0.1, Max: 0.1, Diff: 0.0, Sum: 0.2]
      [GC Worker Total (ms): Min: 136.8, Avg: 136.8, Max: 136.8, Diff: 0.0, Sum: 273.6]
      [GC Worker End (ms): Min: 1019519.7, Avg: 1019519.7, Max: 1019519.7, Diff: 0.0]
   [Code Root Fixup: 0.2 ms]
   [Code Root Migration: 0.0 ms]
   [Clear CT: 0.4 ms]
   [Other: 4.7 ms]
      [Choose CSet: 0.0 ms]
      [Ref Proc: 1.7 ms]
      [Ref Enq: 0.1 ms]
      [Free CSet: 0.4 ms]
   [Eden: 174.0M(174.0M)->0.0B(368.0M) Survivors: 30.0M->20.0M Heap: 1946.0M(4096.0M)->1788.0M(4096.0M)]
 [Times: user=0.28 sys=0.00, real=0.15 secs] 
2016-08-30T13:53:01.491+0200: 1031.625: [GC pause (young), 0.1777810 secs]
   [Parallel Time: 168.5 ms, GC Workers: 2]
      [GC Worker Start (ms): Min: 1031627.4, Avg: 1031627.5, Max: 1031627.5, Diff: 0.0]
      [Ext Root Scanning (ms): Min: 48.5, Avg: 51.8, Max: 55.0, Diff: 6.5, Sum: 103.5]
      [Update RS (ms): Min: 48.4, Avg: 50.9, Max: 53.4, Diff: 5.0, Sum: 101.9]
         [Processed Buffers: Min: 441, Avg: 455.0, Max: 469, Diff: 28, Sum: 910]
      [Scan RS (ms): Min: 8.1, Avg: 8.1, Max: 8.1, Diff: 0.0, Sum: 16.2]
      [Code Root Scanning (ms): Min: 0.1, Avg: 0.1, Max: 0.1, Diff: 0.0, Sum: 0.3]
      [Object Copy (ms): Min: 51.5, Avg: 57.3, Max: 63.0, Diff: 11.5, Sum: 114.5]
      [Termination (ms): Min: 0.0, Avg: 0.0, Max: 0.0, Diff: 0.0, Sum: 0.0]
      [GC Worker Other (ms): Min: 0.1, Avg: 0.2, Max: 0.2, Diff: 0.0, Sum: 0.3]
      [GC Worker Total (ms): Min: 168.4, Avg: 168.4, Max: 168.4, Diff: 0.0, Sum: 336.7]
      [GC Worker End (ms): Min: 1031795.8, Avg: 1031795.8, Max: 1031795.8, Diff: 0.0]
   [Code Root Fixup: 0.2 ms]
   [Code Root Migration: 0.1 ms]
   [Clear CT: 0.4 ms]
   [Other: 8.6 ms]
      [Choose CSet: 0.0 ms]
      [Ref Proc: 4.1 ms]
      [Ref Enq: 0.4 ms]
      [Free CSet: 0.8 ms]
   [Eden: 352.0M(250.0M)->0.0B(282.0M) Survivors: 20.0M->34.0M Heap: 2140.0M(4096.0M)->1823.0M(4096.0M)]
 [Times: user=0.31 sys=0.02, real=0.17 secs] 
2016-08-30T13:53:12.126+0200: 1042.260: [GC pause (young), 0.1563380 secs]
   [Parallel Time: 150.1 ms, GC Workers: 2]
      [GC Worker Start (ms): Min: 1042261.8, Avg: 1042261.8, Max: 1042261.8, Diff: 0.0]
      [Ext Root Scanning (ms): Min: 46.5, Avg: 46.9, Max: 47.3, Diff: 0.8, Sum: 93.7]
      [Update RS (ms): Min: 43.7, Avg: 44.5, Max: 45.2, Diff: 1.5, Sum: 88.9]
         [Processed Buffers: Min: 478, Avg: 492.5, Max: 507, Diff: 29, Sum: 985]
      [Scan RS (ms): Min: 9.0, Avg: 9.7, Max: 10.4, Diff: 1.4, Sum: 19.4]
      [Code Root Scanning (ms): Min: 0.1, Avg: 0.1, Max: 0.1, Diff: 0.0, Sum: 0.2]
      [Object Copy (ms): Min: 48.4, Avg: 48.8, Max: 49.2, Diff: 0.8, Sum: 97.6]
      [Termination (ms): Min: 0.0, Avg: 0.0, Max: 0.0, Diff: 0.0, Sum: 0.0]
      [GC Worker Other (ms): Min: 0.1, Avg: 0.1, Max: 0.2, Diff: 0.0, Sum: 0.3]
      [GC Worker Total (ms): Min: 150.0, Avg: 150.0, Max: 150.0, Diff: 0.0, Sum: 300.0]
      [GC Worker End (ms): Min: 1042411.8, Avg: 1042411.8, Max: 1042411.8, Diff: 0.0]
   [Code Root Fixup: 0.1 ms]
   [Code Root Migration: 0.0 ms]
   [Clear CT: 0.4 ms]
   [Other: 5.7 ms]
      [Choose CSet: 0.0 ms]
      [Ref Proc: 2.3 ms]
      [Ref Enq: 0.2 ms]
      [Free CSet: 0.7 ms]
   [Eden: 268.0M(174.0M)->0.0B(408.0M) Survivors: 34.0M->26.0M Heap: 2091.0M(4096.0M)->1848.0M(4096.0M)]
 [Times: user=0.30 sys=0.00, real=0.16 secs] 
2016-08-30T13:53:23.745+0200: 1053.879: [GC pause (young), 0.1624530 secs]
   [Parallel Time: 155.1 ms, GC Workers: 2]
      [GC Worker Start (ms): Min: 1053881.1, Avg: 1053881.1, Max: 1053881.1, Diff: 0.0]
      [Ext Root Scanning (ms): Min: 50.9, Avg: 51.4, Max: 51.9, Diff: 1.0, Sum: 102.8]
      [Update RS (ms): Min: 47.5, Avg: 47.9, Max: 48.3, Diff: 0.9, Sum: 95.8]
         [Processed Buffers: Min: 437, Avg: 442.0, Max: 447, Diff: 10, Sum: 884]
      [Scan RS (ms): Min: 10.6, Avg: 10.6, Max: 10.7, Diff: 0.1, Sum: 21.3]
      [Code Root Scanning (ms): Min: 0.1, Avg: 0.1, Max: 0.1, Diff: 0.1, Sum: 0.2]
      [Object Copy (ms): Min: 44.7, Avg: 44.8, Max: 44.9, Diff: 0.2, Sum: 89.7]
      [Termination (ms): Min: 0.0, Avg: 0.0, Max: 0.0, Diff: 0.0, Sum: 0.0]
      [GC Worker Other (ms): Min: 0.1, Avg: 0.1, Max: 0.1, Diff: 0.0, Sum: 0.2]
      [GC Worker Total (ms): Min: 155.0, Avg: 155.0, Max: 155.0, Diff: 0.0, Sum: 310.0]
      [GC Worker End (ms): Min: 1054036.1, Avg: 1054036.1, Max: 1054036.1, Diff: 0.0]
   [Code Root Fixup: 0.2 ms]
   [Code Root Migration: 0.0 ms]
   [Clear CT: 0.4 ms]
   [Other: 6.7 ms]
      [Choose CSet: 0.0 ms]
      [Ref Proc: 2.6 ms]
      [Ref Enq: 0.2 ms]
      [Free CSet: 0.6 ms]
   [Eden: 292.0M(272.0M)->0.0B(436.0M) Survivors: 26.0M->28.0M Heap: 2140.0M(4096.0M)->1869.0M(4096.0M)]
 [Times: user=0.31 sys=0.00, real=0.16 secs] 
2016-08-30T13:53:35.736+0200: 1065.870: [GC pause (young), 0.1700380 secs]
   [Parallel Time: 162.3 ms, GC Workers: 2]
      [GC Worker Start (ms): Min: 1065871.8, Avg: 1065871.8, Max: 1065871.8, Diff: 0.1]
      [Ext Root Scanning (ms): Min: 47.3, Avg: 48.9, Max: 50.6, Diff: 3.4, Sum: 97.9]
      [Update RS (ms): Min: 48.5, Avg: 50.2, Max: 52.0, Diff: 3.5, Sum: 100.4]
         [Processed Buffers: Min: 431, Avg: 431.5, Max: 432, Diff: 1, Sum: 863]
      [Scan RS (ms): Min: 9.8, Avg: 10.0, Max: 10.2, Diff: 0.4, Sum: 20.1]
      [Code Root Scanning (ms): Min: 0.1, Avg: 0.1, Max: 0.1, Diff: 0.0, Sum: 0.3]
      [Object Copy (ms): Min: 52.6, Avg: 52.8, Max: 53.0, Diff: 0.4, Sum: 105.5]
      [Termination (ms): Min: 0.0, Avg: 0.0, Max: 0.0, Diff: 0.0, Sum: 0.0]
      [GC Worker Other (ms): Min: 0.1, Avg: 0.1, Max: 0.2, Diff: 0.1, Sum: 0.3]
      [GC Worker Total (ms): Min: 162.2, Avg: 162.2, Max: 162.3, Diff: 0.1, Sum: 324.4]
      [GC Worker End (ms): Min: 1066034.0, Avg: 1066034.0, Max: 1066034.0, Diff: 0.0]
   [Code Root Fixup: 0.2 ms]
   [Code Root Migration: 0.1 ms]
   [Clear CT: 0.8 ms]
   [Other: 6.8 ms]
      [Choose CSet: 0.0 ms]
      [Ref Proc: 3.2 ms]
      [Ref Enq: 0.2 ms]
      [Free CSet: 0.6 ms]
   [Eden: 318.0M(310.0M)->0.0B(468.0M) Survivors: 28.0M->32.0M Heap: 2187.0M(4096.0M)->1895.0M(4096.0M)]
 [Times: user=0.32 sys=0.01, real=0.17 secs] 
2016-08-30T13:53:47.144+0200: 1077.278: [GC pause (young) (initial-mark), 0.4032310 secs]
   [Parallel Time: 395.0 ms, GC Workers: 2]
      [GC Worker Start (ms): Min: 1077279.9, Avg: 1077281.0, Max: 1077282.2, Diff: 2.4]
      [Ext Root Scanning (ms): Min: 76.3, Avg: 86.1, Max: 96.0, Diff: 19.7, Sum: 172.2]
      [Code Root Marking (ms): Min: 10.6, Avg: 12.0, Max: 13.5, Diff: 2.9, Sum: 24.1]
      [Update RS (ms): Min: 104.8, Avg: 108.6, Max: 112.3, Diff: 7.5, Sum: 217.1]
         [Processed Buffers: Min: 418, Avg: 468.5, Max: 519, Diff: 101, Sum: 937]
      [Scan RS (ms): Min: 15.2, Avg: 19.0, Max: 22.9, Diff: 7.7, Sum: 38.0]
      [Code Root Scanning (ms): Min: 0.0, Avg: 0.1, Max: 0.1, Diff: 0.0, Sum: 0.1]
      [Object Copy (ms): Min: 145.9, Avg: 158.5, Max: 171.0, Diff: 25.0, Sum: 316.9]
      [Termination (ms): Min: 0.0, Avg: 4.7, Max: 9.5, Diff: 9.5, Sum: 9.5]
      [GC Worker Other (ms): Min: 0.1, Avg: 0.1, Max: 0.1, Diff: 0.0, Sum: 0.1]
      [GC Worker Total (ms): Min: 383.2, Avg: 389.1, Max: 395.0, Diff: 11.8, Sum: 778.2]
      [GC Worker End (ms): Min: 1077665.4, Avg: 1077670.1, Max: 1077674.8, Diff: 9.4]
   [Code Root Fixup: 0.2 ms]
   [Code Root Migration: 0.0 ms]
   [Clear CT: 0.6 ms]
   [Other: 7.4 ms]
      [Choose CSet: 0.0 ms]
      [Ref Proc: 3.1 ms]
      [Ref Enq: 0.3 ms]
      [Free CSet: 0.6 ms]
   [Eden: 324.0M(304.0M)->0.0B(168.0M) Survivors: 32.0M->36.0M Heap: 2219.0M(4096.0M)->1921.0M(4096.0M)]
 [Times: user=0.23 sys=0.02, real=0.41 secs] 
2016-08-30T13:53:47.547+0200: 1077.682: [GC concurrent-root-region-scan-start]
2016-08-30T13:53:47.613+0200: 1077.747: [GC concurrent-root-region-scan-end, 0.0657410 secs]
2016-08-30T13:53:47.613+0200: 1077.747: [GC concurrent-mark-start]
2016-08-30T13:53:49.178+0200: 1079.313: [GC concurrent-mark-end, 1.5651180 secs]
2016-08-30T13:53:49.186+0200: 1079.320: [GC remark 2016-08-30T13:53:49.188+0200: 1079.323: [GC ref-proc, 0.0749310 secs], 0.1035460 secs]
 [Times: user=0.10 sys=0.00, real=0.11 secs] 
2016-08-30T13:53:49.303+0200: 1079.437: [GC cleanup 1955M->1631M(4096M), 0.0261570 secs]
 [Times: user=0.03 sys=0.00, real=0.03 secs] 
2016-08-30T13:53:49.331+0200: 1079.466: [GC concurrent-cleanup-start]
2016-08-30T13:53:49.332+0200: 1079.466: [GC concurrent-cleanup-end, 0.0005270 secs]
2016-08-30T13:53:53.199+0200: 1083.333: [GC pause (young), 0.1622700 secs]
   [Parallel Time: 155.1 ms, GC Workers: 2]
      [GC Worker Start (ms): Min: 1083334.9, Avg: 1083336.1, Max: 1083337.2, Diff: 2.4]
      [Ext Root Scanning (ms): Min: 52.7, Avg: 53.4, Max: 54.0, Diff: 1.4, Sum: 106.7]
      [Update RS (ms): Min: 38.8, Avg: 39.0, Max: 39.3, Diff: 0.4, Sum: 78.1]
         [Processed Buffers: Min: 304, Avg: 327.0, Max: 350, Diff: 46, Sum: 654]
      [Scan RS (ms): Min: 10.1, Avg: 10.2, Max: 10.3, Diff: 0.1, Sum: 20.4]
      [Code Root Scanning (ms): Min: 0.1, Avg: 0.1, Max: 0.1, Diff: 0.0, Sum: 0.1]
      [Object Copy (ms): Min: 49.0, Avg: 51.0, Max: 53.1, Diff: 4.0, Sum: 102.1]
      [Termination (ms): Min: 0.0, Avg: 0.0, Max: 0.0, Diff: 0.0, Sum: 0.0]
      [GC Worker Other (ms): Min: 0.1, Avg: 0.1, Max: 0.2, Diff: 0.1, Sum: 0.2]
      [GC Worker Total (ms): Min: 152.7, Avg: 153.8, Max: 155.0, Diff: 2.4, Sum: 307.7]
      [GC Worker End (ms): Min: 1083489.9, Avg: 1083489.9, Max: 1083489.9, Diff: 0.0]
   [Code Root Fixup: 0.4 ms]
   [Code Root Migration: 0.0 ms]
   [Clear CT: 0.5 ms]
   [Other: 6.3 ms]
      [Choose CSet: 0.0 ms]
      [Ref Proc: 2.4 ms]
      [Ref Enq: 0.2 ms]
      [Free CSet: 0.5 ms]
   [Eden: 168.0M(168.0M)->0.0B(186.0M) Survivors: 36.0M->18.0M Heap: 1765.0M(4096.0M)->1608.0M(4096.0M)]
 [Times: user=0.30 sys=0.00, real=0.16 secs] 
2016-08-30T13:53:59.297+0200: 1089.432: [GC pause (mixed), 0.1624290 secs]
   [Parallel Time: 153.6 ms, GC Workers: 2]
      [GC Worker Start (ms): Min: 1089433.8, Avg: 1089435.0, Max: 1089436.2, Diff: 2.5]
      [Ext Root Scanning (ms): Min: 50.7, Avg: 52.3, Max: 53.8, Diff: 3.1, Sum: 104.5]
      [Update RS (ms): Min: 41.8, Avg: 42.9, Max: 44.0, Diff: 2.2, Sum: 85.8]
         [Processed Buffers: Min: 372, Avg: 380.5, Max: 389, Diff: 17, Sum: 761]
      [Scan RS (ms): Min: 14.6, Avg: 14.9, Max: 15.1, Diff: 0.5, Sum: 29.7]
      [Code Root Scanning (ms): Min: 0.1, Avg: 0.1, Max: 0.2, Diff: 0.0, Sum: 0.3]
      [Object Copy (ms): Min: 41.4, Avg: 42.0, Max: 42.6, Diff: 1.3, Sum: 84.0]
      [Termination (ms): Min: 0.0, Avg: 0.0, Max: 0.0, Diff: 0.0, Sum: 0.0]
      [GC Worker Other (ms): Min: 0.1, Avg: 0.1, Max: 0.2, Diff: 0.1, Sum: 0.2]
      [GC Worker Total (ms): Min: 151.0, Avg: 152.3, Max: 153.5, Diff: 2.5, Sum: 304.6]
      [GC Worker End (ms): Min: 1089587.3, Avg: 1089587.3, Max: 1089587.3, Diff: 0.0]
   [Code Root Fixup: 0.3 ms]
   [Code Root Migration: 0.1 ms]
   [Clear CT: 0.8 ms]
   [Other: 7.7 ms]
      [Choose CSet: 0.2 ms]
      [Ref Proc: 2.7 ms]
      [Ref Enq: 0.2 ms]
      [Free CSet: 1.2 ms]
   [Eden: 186.0M(186.0M)->0.0B(186.0M) Survivors: 18.0M->18.0M Heap: 1794.0M(4096.0M)->1447.0M(4096.0M)]
 [Times: user=0.31 sys=0.00, real=0.17 secs] 
2016-08-30T13:54:06.255+0200: 1096.389: [GC pause (mixed), 0.1556070 secs]
   [Parallel Time: 149.0 ms, GC Workers: 2]
      [GC Worker Start (ms): Min: 1096391.3, Avg: 1096391.3, Max: 1096391.4, Diff: 0.0]
      [Ext Root Scanning (ms): Min: 50.5, Avg: 50.5, Max: 50.5, Diff: 0.1, Sum: 101.0]
      [Update RS (ms): Min: 39.5, Avg: 39.8, Max: 40.0, Diff: 0.5, Sum: 79.5]
         [Processed Buffers: Min: 386, Avg: 390.5, Max: 395, Diff: 9, Sum: 781]
      [Scan RS (ms): Min: 20.5, Avg: 20.6, Max: 20.7, Diff: 0.2, Sum: 41.2]
      [Code Root Scanning (ms): Min: 0.1, Avg: 0.2, Max: 0.3, Diff: 0.2, Sum: 0.4]
      [Object Copy (ms): Min: 37.0, Avg: 37.4, Max: 37.9, Diff: 0.8, Sum: 74.9]
      [Termination (ms): Min: 0.0, Avg: 0.0, Max: 0.0, Diff: 0.0, Sum: 0.0]
      [GC Worker Other (ms): Min: 0.1, Avg: 0.3, Max: 0.6, Diff: 0.5, Sum: 0.7]
      [GC Worker Total (ms): Min: 148.8, Avg: 148.8, Max: 148.8, Diff: 0.0, Sum: 297.6]
      [GC Worker End (ms): Min: 1096540.2, Avg: 1096540.2, Max: 1096540.2, Diff: 0.0]
   [Code Root Fixup: 0.2 ms]
   [Code Root Migration: 0.1 ms]
   [Clear CT: 0.6 ms]
   [Other: 5.8 ms]
      [Choose CSet: 0.2 ms]
      [Ref Proc: 1.6 ms]
      [Ref Enq: 0.1 ms]
      [Free CSet: 0.9 ms]
   [Eden: 186.0M(186.0M)->0.0B(180.0M) Survivors: 18.0M->24.0M Heap: 1633.0M(4096.0M)->1295.0M(4096.0M)]
 [Times: user=0.30 sys=0.01, real=0.16 secs] 
2016-08-30T13:54:12.458+0200: 1102.593: [GC pause (mixed), 0.1867520 secs]
   [Parallel Time: 179.2 ms, GC Workers: 2]
      [GC Worker Start (ms): Min: 1102595.0, Avg: 1102595.0, Max: 1102595.0, Diff: 0.0]
      [Ext Root Scanning (ms): Min: 54.2, Avg: 58.4, Max: 62.7, Diff: 8.5, Sum: 116.8]
      [Update RS (ms): Min: 36.1, Avg: 39.6, Max: 43.1, Diff: 7.0, Sum: 79.2]
         [Processed Buffers: Min: 381, Avg: 419.0, Max: 457, Diff: 76, Sum: 838]
      [Scan RS (ms): Min: 27.3, Avg: 27.9, Max: 28.6, Diff: 1.3, Sum: 55.8]
      [Code Root Scanning (ms): Min: 0.1, Avg: 0.2, Max: 0.2, Diff: 0.0, Sum: 0.3]
      [Object Copy (ms): Min: 52.8, Avg: 52.9, Max: 53.0, Diff: 0.2, Sum: 105.7]
      [Termination (ms): Min: 0.0, Avg: 0.0, Max: 0.0, Diff: 0.0, Sum: 0.0]
      [GC Worker Other (ms): Min: 0.1, Avg: 0.1, Max: 0.1, Diff: 0.0, Sum: 0.2]
      [GC Worker Total (ms): Min: 179.1, Avg: 179.1, Max: 179.1, Diff: 0.0, Sum: 358.2]
      [GC Worker End (ms): Min: 1102774.1, Avg: 1102774.1, Max: 1102774.1, Diff: 0.0]
   [Code Root Fixup: 0.3 ms]
   [Code Root Migration: 0.1 ms]
   [Clear CT: 0.7 ms]
   [Other: 6.5 ms]
      [Choose CSet: 0.3 ms]
      [Ref Proc: 1.5 ms]
      [Ref Enq: 0.1 ms]
      [Free CSet: 1.2 ms]
   [Eden: 180.0M(180.0M)->0.0B(180.0M) Survivors: 24.0M->24.0M Heap: 1475.0M(4096.0M)->1146.0M(4096.0M)]
 [Times: user=0.35 sys=0.00, real=0.19 secs] 
2016-08-30T13:54:17.341+0200: 1107.475: [GC pause (mixed), 0.1999960 secs]
   [Parallel Time: 192.8 ms, GC Workers: 2]
      [GC Worker Start (ms): Min: 1107477.8, Avg: 1107477.8, Max: 1107477.8, Diff: 0.0]
      [Ext Root Scanning (ms): Min: 51.4, Avg: 51.5, Max: 51.7, Diff: 0.3, Sum: 103.0]
      [Update RS (ms): Min: 36.8, Avg: 37.4, Max: 37.9, Diff: 1.1, Sum: 74.7]
         [Processed Buffers: Min: 377, Avg: 393.0, Max: 409, Diff: 32, Sum: 786]
      [Scan RS (ms): Min: 42.1, Avg: 42.2, Max: 42.4, Diff: 0.4, Sum: 84.5]
      [Code Root Scanning (ms): Min: 0.1, Avg: 0.2, Max: 0.2, Diff: 0.0, Sum: 0.3]
      [Object Copy (ms): Min: 60.8, Avg: 61.3, Max: 61.8, Diff: 1.1, Sum: 122.6]
      [Termination (ms): Min: 0.0, Avg: 0.0, Max: 0.0, Diff: 0.0, Sum: 0.0]
      [GC Worker Other (ms): Min: 0.1, Avg: 0.1, Max: 0.2, Diff: 0.1, Sum: 0.3]
      [GC Worker Total (ms): Min: 192.7, Avg: 192.7, Max: 192.7, Diff: 0.0, Sum: 385.4]
      [GC Worker End (ms): Min: 1107670.5, Avg: 1107670.5, Max: 1107670.5, Diff: 0.0]
   [Code Root Fixup: 0.2 ms]
   [Code Root Migration: 0.1 ms]
   [Clear CT: 0.5 ms]
   [Other: 6.4 ms]
      [Choose CSet: 0.4 ms]
      [Ref Proc: 1.5 ms]
      [Ref Enq: 0.1 ms]
      [Free CSet: 1.1 ms]
   [Eden: 180.0M(180.0M)->0.0B(184.0M) Survivors: 24.0M->20.0M Heap: 1326.0M(4096.0M)->1004.0M(4096.0M)]
 [Times: user=0.38 sys=0.00, real=0.20 secs] 
2016-08-30T13:54:24.422+0200: 1114.556: [GC pause (mixed), 0.2199430 secs]
   [Parallel Time: 211.4 ms, GC Workers: 2]
      [GC Worker Start (ms): Min: 1114558.4, Avg: 1114558.4, Max: 1114558.4, Diff: 0.0]
      [Ext Root Scanning (ms): Min: 51.2, Avg: 51.8, Max: 52.4, Diff: 1.1, Sum: 103.6]
      [Update RS (ms): Min: 49.3, Avg: 49.5, Max: 49.8, Diff: 0.6, Sum: 99.1]
         [Processed Buffers: Min: 340, Avg: 391.5, Max: 443, Diff: 103, Sum: 783]
      [Scan RS (ms): Min: 40.6, Avg: 41.1, Max: 41.6, Diff: 0.9, Sum: 82.2]
      [Code Root Scanning (ms): Min: 0.1, Avg: 0.4, Max: 0.7, Diff: 0.6, Sum: 0.8]
      [Object Copy (ms): Min: 67.9, Avg: 68.4, Max: 68.9, Diff: 1.0, Sum: 136.8]
      [Termination (ms): Min: 0.0, Avg: 0.0, Max: 0.0, Diff: 0.0, Sum: 0.0]
      [GC Worker Other (ms): Min: 0.1, Avg: 0.1, Max: 0.2, Diff: 0.0, Sum: 0.3]
      [GC Worker Total (ms): Min: 211.3, Avg: 211.3, Max: 211.4, Diff: 0.0, Sum: 422.7]
      [GC Worker End (ms): Min: 1114769.8, Avg: 1114769.8, Max: 1114769.8, Diff: 0.0]
   [Code Root Fixup: 0.4 ms]
   [Code Root Migration: 0.5 ms]
   [Clear CT: 0.7 ms]
   [Other: 6.9 ms]
      [Choose CSet: 0.5 ms]
      [Ref Proc: 1.9 ms]
      [Ref Enq: 0.1 ms]
      [Free CSet: 1.1 ms]
   [Eden: 184.0M(184.0M)->0.0B(182.0M) Survivors: 20.0M->22.0M Heap: 1188.0M(4096.0M)->916.0M(4096.0M)]
 [Times: user=0.41 sys=0.00, real=0.23 secs] 
2016-08-30T13:54:31.951+0200: 1122.085: [GC pause (young), 0.1450330 secs]
   [Parallel Time: 137.2 ms, GC Workers: 2]
      [GC Worker Start (ms): Min: 1122086.9, Avg: 1122086.9, Max: 1122086.9, Diff: 0.0]
      [Ext Root Scanning (ms): Min: 50.8, Avg: 51.2, Max: 51.5, Diff: 0.7, Sum: 102.3]
      [Update RS (ms): Min: 40.7, Avg: 40.9, Max: 41.0, Diff: 0.3, Sum: 81.7]
         [Processed Buffers: Min: 364, Avg: 379.0, Max: 394, Diff: 30, Sum: 758]
      [Scan RS (ms): Min: 6.1, Avg: 6.2, Max: 6.3, Diff: 0.2, Sum: 12.5]
      [Code Root Scanning (ms): Min: 0.0, Avg: 0.1, Max: 0.1, Diff: 0.0, Sum: 0.1]
      [Object Copy (ms): Min: 38.3, Avg: 38.6, Max: 38.8, Diff: 0.5, Sum: 77.2]
      [Termination (ms): Min: 0.0, Avg: 0.0, Max: 0.0, Diff: 0.0, Sum: 0.0]
      [GC Worker Other (ms): Min: 0.1, Avg: 0.2, Max: 0.2, Diff: 0.1, Sum: 0.4]
      [GC Worker Total (ms): Min: 137.1, Avg: 137.1, Max: 137.1, Diff: 0.0, Sum: 274.2]
      [GC Worker End (ms): Min: 1122224.0, Avg: 1122224.0, Max: 1122224.0, Diff: 0.0]
   [Code Root Fixup: 0.2 ms]
   [Code Root Migration: 0.0 ms]
   [Clear CT: 0.4 ms]
   [Other: 7.2 ms]
      [Choose CSet: 0.0 ms]
      [Ref Proc: 3.3 ms]
      [Ref Enq: 0.3 ms]
      [Free CSet: 0.5 ms]
   [Eden: 182.0M(182.0M)->0.0B(188.0M) Survivors: 22.0M->16.0M Heap: 1098.0M(4096.0M)->929.0M(4096.0M)]
 [Times: user=0.28 sys=0.01, real=0.15 secs] 
2016-08-30T13:54:38.689+0200: 1128.824: [GC pause (young), 0.0922330 secs]
   [Parallel Time: 88.6 ms, GC Workers: 2]
      [GC Worker Start (ms): Min: 1128824.7, Avg: 1128826.0, Max: 1128827.2, Diff: 2.5]
      [Ext Root Scanning (ms): Min: 37.0, Avg: 43.5, Max: 49.9, Diff: 12.9, Sum: 86.9]
      [Update RS (ms): Min: 17.1, Avg: 20.1, Max: 23.2, Diff: 6.1, Sum: 40.3]
         [Processed Buffers: Min: 335, Avg: 388.5, Max: 442, Diff: 107, Sum: 777]
      [Scan RS (ms): Min: 2.9, Avg: 3.1, Max: 3.3, Diff: 0.4, Sum: 6.2]
      [Code Root Scanning (ms): Min: 0.0, Avg: 0.0, Max: 0.0, Diff: 0.0, Sum: 0.0]
      [Object Copy (ms): Min: 18.6, Avg: 20.5, Max: 22.4, Diff: 3.8, Sum: 41.0]
      [Termination (ms): Min: 0.0, Avg: 0.0, Max: 0.0, Diff: 0.0, Sum: 0.0]
      [GC Worker Other (ms): Min: 0.1, Avg: 0.1, Max: 0.1, Diff: 0.0, Sum: 0.1]
      [GC Worker Total (ms): Min: 86.0, Avg: 87.3, Max: 88.5, Diff: 2.5, Sum: 174.6]
      [GC Worker End (ms): Min: 1128913.2, Avg: 1128913.2, Max: 1128913.2, Diff: 0.0]
   [Code Root Fixup: 0.1 ms]
   [Code Root Migration: 0.0 ms]
   [Clear CT: 0.2 ms]
   [Other: 3.3 ms]
      [Choose CSet: 0.0 ms]
      [Ref Proc: 1.2 ms]
      [Ref Enq: 0.1 ms]
      [Free CSet: 0.3 ms]
   [Eden: 188.0M(188.0M)->0.0B(286.0M) Survivors: 16.0M->20.0M Heap: 1117.0M(4096.0M)->946.0M(4096.0M)]
 [Times: user=0.14 sys=0.00, real=0.09 secs] 
2016-08-30T13:54:49.865+0200: 1140.000: [GC pause (young), 0.1584120 secs]
   [Parallel Time: 151.3 ms, GC Workers: 2]
      [GC Worker Start (ms): Min: 1140001.7, Avg: 1140001.8, Max: 1140001.8, Diff: 0.0]
      [Ext Root Scanning (ms): Min: 50.0, Avg: 50.4, Max: 50.7, Diff: 0.7, Sum: 100.7]
      [Update RS (ms): Min: 51.3, Avg: 52.2, Max: 53.1, Diff: 1.7, Sum: 104.4]
         [Processed Buffers: Min: 438, Avg: 459.0, Max: 480, Diff: 42, Sum: 918]
      [Scan RS (ms): Min: 6.5, Avg: 7.0, Max: 7.5, Diff: 1.0, Sum: 14.0]
      [Code Root Scanning (ms): Min: 0.1, Avg: 0.1, Max: 0.1, Diff: 0.0, Sum: 0.2]
      [Object Copy (ms): Min: 40.5, Avg: 41.3, Max: 42.1, Diff: 1.5, Sum: 82.6]
      [Termination (ms): Min: 0.0, Avg: 0.0, Max: 0.0, Diff: 0.0, Sum: 0.0]
      [GC Worker Other (ms): Min: 0.2, Avg: 0.2, Max: 0.2, Diff: 0.0, Sum: 0.4]
      [GC Worker Total (ms): Min: 151.1, Avg: 151.1, Max: 151.1, Diff: 0.0, Sum: 302.3]
      [GC Worker End (ms): Min: 1140152.9, Avg: 1140152.9, Max: 1140152.9, Diff: 0.0]
   [Code Root Fixup: 0.2 ms]
   [Code Root Migration: 0.1 ms]
   [Clear CT: 0.6 ms]
   [Other: 6.3 ms]
      [Choose CSet: 0.0 ms]
      [Ref Proc: 2.5 ms]
      [Ref Enq: 0.2 ms]
      [Free CSet: 0.5 ms]
   [Eden: 286.0M(286.0M)->0.0B(264.0M) Survivors: 20.0M->40.0M Heap: 1232.0M(4096.0M)->969.0M(4096.0M)]
 [Times: user=0.30 sys=0.00, real=0.16 secs] 
2016-08-30T13:54:59.847+0200: 1149.981: [GC pause (young), 0.1774770 secs]
   [Parallel Time: 170.2 ms, GC Workers: 2]
      [GC Worker Start (ms): Min: 1149983.2, Avg: 1149984.5, Max: 1149985.7, Diff: 2.4]
      [Ext Root Scanning (ms): Min: 51.3, Avg: 52.1, Max: 52.8, Diff: 1.5, Sum: 104.1]
      [Update RS (ms): Min: 47.0, Avg: 48.5, Max: 50.0, Diff: 3.0, Sum: 97.1]
         [Processed Buffers: Min: 435, Avg: 445.5, Max: 456, Diff: 21, Sum: 891]
      [Scan RS (ms): Min: 10.3, Avg: 11.3, Max: 12.3, Diff: 2.0, Sum: 22.6]
      [Code Root Scanning (ms): Min: 0.1, Avg: 0.1, Max: 0.1, Diff: 0.0, Sum: 0.2]
      [Object Copy (ms): Min: 56.7, Avg: 56.7, Max: 56.7, Diff: 0.0, Sum: 113.4]
      [Termination (ms): Min: 0.0, Avg: 0.0, Max: 0.0, Diff: 0.0, Sum: 0.0]
      [GC Worker Other (ms): Min: 0.1, Avg: 0.2, Max: 0.2, Diff: 0.0, Sum: 0.3]
      [GC Worker Total (ms): Min: 167.6, Avg: 168.9, Max: 170.1, Diff: 2.4, Sum: 337.7]
      [GC Worker End (ms): Min: 1150153.3, Avg: 1150153.3, Max: 1150153.3, Diff: 0.0]
   [Code Root Fixup: 0.2 ms]
   [Code Root Migration: 0.1 ms]
   [Clear CT: 0.4 ms]
   [Other: 6.7 ms]
      [Choose CSet: 0.0 ms]
      [Ref Proc: 2.7 ms]
      [Ref Enq: 0.2 ms]
      [Free CSet: 0.5 ms]
   [Eden: 264.0M(264.0M)->0.0B(312.0M) Survivors: 40.0M->28.0M Heap: 1233.0M(4096.0M)->991.0M(4096.0M)]
 [Times: user=0.34 sys=0.00, real=0.18 secs] 
2016-08-30T13:55:12.857+0200: 1162.992: [GC pause (young), 0.1907120 secs]
   [Parallel Time: 180.1 ms, GC Workers: 2]
      [GC Worker Start (ms): Min: 1162993.8, Avg: 1162994.5, Max: 1162995.2, Diff: 1.5]
      [Ext Root Scanning (ms): Min: 52.3, Avg: 56.8, Max: 61.2, Diff: 9.0, Sum: 113.5]
      [Update RS (ms): Min: 47.8, Avg: 52.8, Max: 57.8, Diff: 10.1, Sum: 105.6]
         [Processed Buffers: Min: 387, Avg: 458.0, Max: 529, Diff: 142, Sum: 916]
      [Scan RS (ms): Min: 9.7, Avg: 9.7, Max: 9.8, Diff: 0.1, Sum: 19.5]
      [Code Root Scanning (ms): Min: 0.1, Avg: 0.1, Max: 0.1, Diff: 0.0, Sum: 0.2]
      [Object Copy (ms): Min: 59.6, Avg: 59.8, Max: 60.0, Diff: 0.4, Sum: 119.5]
      [Termination (ms): Min: 0.0, Avg: 0.0, Max: 0.0, Diff: 0.0, Sum: 0.0]
      [GC Worker Other (ms): Min: 0.1, Avg: 0.1, Max: 0.1, Diff: 0.0, Sum: 0.3]
      [GC Worker Total (ms): Min: 178.6, Avg: 179.3, Max: 180.0, Diff: 1.5, Sum: 358.6]
      [GC Worker End (ms): Min: 1163173.8, Avg: 1163173.8, Max: 1163173.8, Diff: 0.0]
   [Code Root Fixup: 0.2 ms]
   [Code Root Migration: 0.1 ms]
   [Clear CT: 0.5 ms]
   [Other: 9.8 ms]
      [Choose CSet: 0.0 ms]
      [Ref Proc: 4.9 ms]
      [Ref Enq: 0.4 ms]
      [Free CSet: 0.9 ms]
   [Eden: 312.0M(312.0M)->0.0B(226.0M) Survivors: 28.0M->42.0M Heap: 1303.0M(4096.0M)->1022.0M(4096.0M)]
 [Times: user=0.37 sys=0.00, real=0.19 secs] 
2016-08-30T13:55:21.403+0200: 1171.537: [GC pause (young), 0.1713590 secs]
   [Parallel Time: 163.4 ms, GC Workers: 2]
      [GC Worker Start (ms): Min: 1171538.8, Avg: 1171539.8, Max: 1171540.8, Diff: 2.0]
      [Ext Root Scanning (ms): Min: 49.9, Avg: 50.4, Max: 50.9, Diff: 0.9, Sum: 100.8]
      [Update RS (ms): Min: 41.2, Avg: 43.3, Max: 45.4, Diff: 4.2, Sum: 86.6]
         [Processed Buffers: Min: 360, Avg: 360.5, Max: 361, Diff: 1, Sum: 721]
      [Scan RS (ms): Min: 10.9, Avg: 12.7, Max: 14.4, Diff: 3.4, Sum: 25.3]
      [Code Root Scanning (ms): Min: 0.1, Avg: 0.1, Max: 0.1, Diff: 0.0, Sum: 0.2]
      [Object Copy (ms): Min: 55.7, Avg: 55.8, Max: 56.0, Diff: 0.3, Sum: 111.6]
      [Termination (ms): Min: 0.0, Avg: 0.0, Max: 0.0, Diff: 0.0, Sum: 0.0]
      [GC Worker Other (ms): Min: 0.1, Avg: 0.2, Max: 0.2, Diff: 0.1, Sum: 0.3]
      [GC Worker Total (ms): Min: 161.4, Avg: 162.4, Max: 163.4, Diff: 2.0, Sum: 324.8]
      [GC Worker End (ms): Min: 1171702.2, Avg: 1171702.2, Max: 1171702.2, Diff: 0.0]
   [Code Root Fixup: 0.3 ms]
   [Code Root Migration: 0.1 ms]
   [Clear CT: 0.4 ms]
   [Other: 7.1 ms]
      [Choose CSet: 0.0 ms]
      [Ref Proc: 2.9 ms]
      [Ref Enq: 0.2 ms]
      [Free CSet: 0.6 ms]
   [Eden: 226.0M(226.0M)->0.0B(332.0M) Survivors: 42.0M->24.0M Heap: 1248.0M(4096.0M)->1041.0M(4096.0M)]
 [Times: user=0.32 sys=0.00, real=0.17 secs] 
2016-08-30T13:55:34.615+0200: 1184.750: [GC pause (young), 0.1653110 secs]
   [Parallel Time: 157.4 ms, GC Workers: 2]
      [GC Worker Start (ms): Min: 1184751.6, Avg: 1184751.7, Max: 1184751.7, Diff: 0.0]
      [Ext Root Scanning (ms): Min: 52.8, Avg: 53.2, Max: 53.6, Diff: 0.9, Sum: 106.4]
      [Update RS (ms): Min: 49.4, Avg: 49.5, Max: 49.6, Diff: 0.2, Sum: 99.0]
         [Processed Buffers: Min: 434, Avg: 438.0, Max: 442, Diff: 8, Sum: 876]
      [Scan RS (ms): Min: 9.0, Avg: 9.1, Max: 9.2, Diff: 0.2, Sum: 18.2]
      [Code Root Scanning (ms): Min: 0.1, Avg: 0.1, Max: 0.2, Diff: 0.1, Sum: 0.3]
      [Object Copy (ms): Min: 44.8, Avg: 45.2, Max: 45.7, Diff: 1.0, Sum: 90.5]
      [Termination (ms): Min: 0.0, Avg: 0.0, Max: 0.0, Diff: 0.0, Sum: 0.0]
      [GC Worker Other (ms): Min: 0.1, Avg: 0.1, Max: 0.1, Diff: 0.0, Sum: 0.3]
      [GC Worker Total (ms): Min: 157.3, Avg: 157.3, Max: 157.3, Diff: 0.0, Sum: 314.6]
      [GC Worker End (ms): Min: 1184909.0, Avg: 1184909.0, Max: 1184909.0, Diff: 0.0]
   [Code Root Fixup: 0.2 ms]
   [Code Root Migration: 0.1 ms]
   [Clear CT: 0.3 ms]
   [Other: 7.3 ms]
      [Choose CSet: 0.0 ms]
      [Ref Proc: 3.1 ms]
      [Ref Enq: 0.2 ms]
      [Free CSet: 0.8 ms]
   [Eden: 332.0M(332.0M)->0.0B(302.0M) Survivors: 24.0M->46.0M Heap: 1373.0M(4096.0M)->1067.0M(4096.0M)]
 [Times: user=0.32 sys=0.01, real=0.16 secs] 
2016-08-30T13:55:45.792+0200: 1195.927: [GC pause (young), 0.1895550 secs]
   [Parallel Time: 179.1 ms, GC Workers: 2]
      [GC Worker Start (ms): Min: 1195929.0, Avg: 1195929.0, Max: 1195929.0, Diff: 0.0]
      [Ext Root Scanning (ms): Min: 50.2, Avg: 50.9, Max: 51.6, Diff: 1.4, Sum: 101.9]
      [Update RS (ms): Min: 45.5, Avg: 45.9, Max: 46.3, Diff: 0.8, Sum: 91.8]
         [Processed Buffers: Min: 433, Avg: 450.0, Max: 467, Diff: 34, Sum: 900]
      [Scan RS (ms): Min: 12.3, Avg: 12.9, Max: 13.4, Diff: 1.1, Sum: 25.7]
      [Code Root Scanning (ms): Min: 0.1, Avg: 0.1, Max: 0.1, Diff: 0.0, Sum: 0.2]
      [Object Copy (ms): Min: 68.8, Avg: 69.1, Max: 69.3, Diff: 0.5, Sum: 138.2]
      [Termination (ms): Min: 0.0, Avg: 0.0, Max: 0.0, Diff: 0.0, Sum: 0.0]
      [GC Worker Other (ms): Min: 0.1, Avg: 0.1, Max: 0.2, Diff: 0.1, Sum: 0.3]
      [GC Worker Total (ms): Min: 179.0, Avg: 179.0, Max: 179.0, Diff: 0.0, Sum: 358.0]
      [GC Worker End (ms): Min: 1196108.0, Avg: 1196108.0, Max: 1196108.0, Diff: 0.0]
   [Code Root Fixup: 0.4 ms]
   [Code Root Migration: 0.1 ms]
   [Clear CT: 0.5 ms]
   [Other: 9.4 ms]
      [Choose CSet: 0.0 ms]
      [Ref Proc: 4.6 ms]
      [Ref Enq: 0.3 ms]
      [Free CSet: 0.9 ms]
   [Eden: 302.0M(302.0M)->0.0B(316.0M) Survivors: 46.0M->38.0M Heap: 1369.0M(4096.0M)->1093.0M(4096.0M)]
 [Times: user=0.37 sys=0.00, real=0.19 secs] 
2016-08-30T13:55:58.240+0200: 1208.375: [GC pause (young), 0.1641100 secs]
   [Parallel Time: 156.8 ms, GC Workers: 2]
      [GC Worker Start (ms): Min: 1208376.9, Avg: 1208376.9, Max: 1208376.9, Diff: 0.0]
      [Ext Root Scanning (ms): Min: 49.5, Avg: 49.8, Max: 50.1, Diff: 0.6, Sum: 99.6]
      [Update RS (ms): Min: 47.8, Avg: 48.3, Max: 48.7, Diff: 1.0, Sum: 96.5]
         [Processed Buffers: Min: 416, Avg: 417.5, Max: 419, Diff: 3, Sum: 835]
      [Scan RS (ms): Min: 10.3, Avg: 10.6, Max: 10.9, Diff: 0.6, Sum: 21.2]
      [Code Root Scanning (ms): Min: 0.1, Avg: 0.1, Max: 0.1, Diff: 0.0, Sum: 0.2]
      [Object Copy (ms): Min: 47.4, Avg: 47.8, Max: 48.3, Diff: 1.0, Sum: 95.7]
      [Termination (ms): Min: 0.0, Avg: 0.0, Max: 0.0, Diff: 0.0, Sum: 0.0]
      [GC Worker Other (ms): Min: 0.1, Avg: 0.1, Max: 0.2, Diff: 0.1, Sum: 0.3]
      [GC Worker Total (ms): Min: 156.7, Avg: 156.7, Max: 156.7, Diff: 0.0, Sum: 313.4]
      [GC Worker End (ms): Min: 1208533.6, Avg: 1208533.6, Max: 1208533.6, Diff: 0.0]
   [Code Root Fixup: 0.1 ms]
   [Code Root Migration: 0.1 ms]
   [Clear CT: 0.4 ms]
   [Other: 6.7 ms]
      [Choose CSet: 0.0 ms]
      [Ref Proc: 2.8 ms]
      [Ref Enq: 0.2 ms]
      [Free CSet: 0.6 ms]
   [Eden: 316.0M(316.0M)->0.0B(458.0M) Survivors: 38.0M->32.0M Heap: 1409.0M(4096.0M)->1114.0M(4096.0M)]
 [Times: user=0.32 sys=0.00, real=0.16 secs] 
2016-08-30T13:56:15.797+0200: 1225.931: [GC pause (young), 0.2019040 secs]
   [Parallel Time: 188.6 ms, GC Workers: 2]
      [GC Worker Start (ms): Min: 1225933.1, Avg: 1225933.2, Max: 1225933.2, Diff: 0.0]
      [Ext Root Scanning (ms): Min: 49.8, Avg: 50.2, Max: 50.5, Diff: 0.7, Sum: 100.4]
      [Update RS (ms): Min: 52.0, Avg: 52.5, Max: 52.9, Diff: 0.9, Sum: 105.0]
         [Processed Buffers: Min: 435, Avg: 442.0, Max: 449, Diff: 14, Sum: 884]
      [Scan RS (ms): Min: 11.8, Avg: 12.1, Max: 12.4, Diff: 0.6, Sum: 24.2]
      [Code Root Scanning (ms): Min: 0.1, Avg: 0.2, Max: 0.3, Diff: 0.2, Sum: 0.4]
      [Object Copy (ms): Min: 72.9, Avg: 73.3, Max: 73.8, Diff: 0.9, Sum: 146.7]
      [Termination (ms): Min: 0.0, Avg: 0.0, Max: 0.0, Diff: 0.0, Sum: 0.0]
      [GC Worker Other (ms): Min: 0.1, Avg: 0.2, Max: 0.2, Diff: 0.1, Sum: 0.4]
      [GC Worker Total (ms): Min: 188.5, Avg: 188.5, Max: 188.5, Diff: 0.0, Sum: 377.0]
      [GC Worker End (ms): Min: 1226121.7, Avg: 1226121.7, Max: 1226121.7, Diff: 0.0]
   [Code Root Fixup: 0.2 ms]
   [Code Root Migration: 0.1 ms]
   [Clear CT: 0.6 ms]
   [Other: 12.4 ms]
      [Choose CSet: 0.0 ms]
      [Ref Proc: 7.1 ms]
      [Ref Enq: 0.5 ms]
      [Free CSet: 1.3 ms]
   [Eden: 458.0M(458.0M)->0.0B(276.0M) Survivors: 32.0M->62.0M Heap: 1572.0M(4096.0M)->1145.0M(4096.0M)]
 [Times: user=0.38 sys=0.00, real=0.21 secs] 
2016-08-30T13:56:27.134+0200: 1237.268: [GC pause (young), 0.1709290 secs]
   [Parallel Time: 164.4 ms, GC Workers: 2]
      [GC Worker Start (ms): Min: 1237270.0, Avg: 1237270.0, Max: 1237270.1, Diff: 0.0]
      [Ext Root Scanning (ms): Min: 49.7, Avg: 50.3, Max: 50.9, Diff: 1.2, Sum: 100.6]
      [Update RS (ms): Min: 40.9, Avg: 40.9, Max: 40.9, Diff: 0.0, Sum: 81.8]
         [Processed Buffers: Min: 352, Avg: 369.5, Max: 387, Diff: 35, Sum: 739]
      [Scan RS (ms): Min: 13.4, Avg: 14.2, Max: 15.0, Diff: 1.6, Sum: 28.3]
      [Code Root Scanning (ms): Min: 0.1, Avg: 0.1, Max: 0.1, Diff: 0.0, Sum: 0.2]
      [Object Copy (ms): Min: 58.5, Avg: 58.6, Max: 58.8, Diff: 0.3, Sum: 117.3]
      [Termination (ms): Min: 0.0, Avg: 0.0, Max: 0.0, Diff: 0.0, Sum: 0.0]
      [GC Worker Other (ms): Min: 0.1, Avg: 0.1, Max: 0.1, Diff: 0.1, Sum: 0.2]
      [GC Worker Total (ms): Min: 164.2, Avg: 164.2, Max: 164.3, Diff: 0.0, Sum: 328.5]
      [GC Worker End (ms): Min: 1237434.3, Avg: 1237434.3, Max: 1237434.3, Diff: 0.0]
   [Code Root Fixup: 0.2 ms]
   [Code Root Migration: 0.1 ms]
   [Clear CT: 0.4 ms]
   [Other: 5.9 ms]
      [Choose CSet: 0.0 ms]
      [Ref Proc: 2.2 ms]
      [Ref Enq: 0.1 ms]
      [Free CSet: 0.6 ms]
   [Eden: 276.0M(276.0M)->0.0B(430.0M) Survivors: 62.0M->26.0M Heap: 1421.0M(4096.0M)->1156.0M(4096.0M)]
 [Times: user=0.33 sys=0.00, real=0.17 secs] 
2016-08-30T13:56:44.705+0200: 1254.840: [GC pause (young), 0.1897170 secs]
   [Parallel Time: 180.1 ms, GC Workers: 2]
      [GC Worker Start (ms): Min: 1254841.7, Avg: 1254841.8, Max: 1254841.8, Diff: 0.0]
      [Ext Root Scanning (ms): Min: 50.9, Avg: 51.3, Max: 51.7, Diff: 0.7, Sum: 102.6]
      [Update RS (ms): Min: 55.7, Avg: 55.9, Max: 56.1, Diff: 0.4, Sum: 111.8]
         [Processed Buffers: Min: 426, Avg: 457.5, Max: 489, Diff: 63, Sum: 915]
      [Scan RS (ms): Min: 10.3, Avg: 10.9, Max: 11.5, Diff: 1.2, Sum: 21.7]
      [Code Root Scanning (ms): Min: 0.2, Avg: 0.2, Max: 0.2, Diff: 0.0, Sum: 0.3]
      [Object Copy (ms): Min: 61.6, Avg: 61.6, Max: 61.6, Diff: 0.0, Sum: 123.1]
      [Termination (ms): Min: 0.0, Avg: 0.0, Max: 0.0, Diff: 0.0, Sum: 0.0]
      [GC Worker Other (ms): Min: 0.1, Avg: 0.2, Max: 0.2, Diff: 0.0, Sum: 0.3]
      [GC Worker Total (ms): Min: 180.0, Avg: 180.0, Max: 180.0, Diff: 0.0, Sum: 360.0]
      [GC Worker End (ms): Min: 1255021.7, Avg: 1255021.8, Max: 1255021.8, Diff: 0.0]
   [Code Root Fixup: 0.2 ms]
   [Code Root Migration: 0.1 ms]
   [Clear CT: 0.4 ms]
   [Other: 8.9 ms]
      [Choose CSet: 0.0 ms]
      [Ref Proc: 4.4 ms]
      [Ref Enq: 0.3 ms]
      [Free CSet: 0.9 ms]
   [Eden: 430.0M(430.0M)->0.0B(290.0M) Survivors: 26.0M->58.0M Heap: 1586.0M(4096.0M)->1193.0M(4096.0M)]
 [Times: user=0.36 sys=0.00, real=0.19 secs] 
2016-08-30T13:56:55.962+0200: 1266.097: [GC pause (young), 0.1855480 secs]
   [Parallel Time: 178.5 ms, GC Workers: 2]
      [GC Worker Start (ms): Min: 1266098.7, Avg: 1266098.7, Max: 1266098.7, Diff: 0.0]
      [Ext Root Scanning (ms): Min: 50.9, Avg: 52.0, Max: 53.2, Diff: 2.3, Sum: 104.1]
      [Update RS (ms): Min: 42.4, Avg: 43.9, Max: 45.4, Diff: 3.0, Sum: 87.7]
         [Processed Buffers: Min: 405, Avg: 405.0, Max: 405, Diff: 0, Sum: 810]
      [Scan RS (ms): Min: 14.5, Avg: 15.1, Max: 15.7, Diff: 1.2, Sum: 30.2]
      [Code Root Scanning (ms): Min: 0.1, Avg: 0.1, Max: 0.2, Diff: 0.1, Sum: 0.3]
      [Object Copy (ms): Min: 66.9, Avg: 67.2, Max: 67.4, Diff: 0.6, Sum: 134.3]
      [Termination (ms): Min: 0.0, Avg: 0.0, Max: 0.0, Diff: 0.0, Sum: 0.0]
      [GC Worker Other (ms): Min: 0.1, Avg: 0.1, Max: 0.2, Diff: 0.1, Sum: 0.3]
      [GC Worker Total (ms): Min: 178.4, Avg: 178.4, Max: 178.4, Diff: 0.0, Sum: 356.8]
      [GC Worker End (ms): Min: 1266277.1, Avg: 1266277.1, Max: 1266277.1, Diff: 0.0]
   [Code Root Fixup: 0.2 ms]
   [Code Root Migration: 0.1 ms]
   [Clear CT: 0.4 ms]
   [Other: 6.4 ms]
      [Choose CSet: 0.0 ms]
      [Ref Proc: 2.4 ms]
      [Ref Enq: 0.1 ms]
      [Free CSet: 0.7 ms]
   [Eden: 290.0M(290.0M)->0.0B(450.0M) Survivors: 58.0M->30.0M Heap: 1483.0M(4096.0M)->1214.0M(4096.0M)]
 [Times: user=0.36 sys=0.00, real=0.19 secs] 
2016-08-30T13:57:14.717+0200: 1284.851: [GC pause (young), 0.1892090 secs]
   [Parallel Time: 176.7 ms, GC Workers: 2]
      [GC Worker Start (ms): Min: 1284853.3, Avg: 1284853.4, Max: 1284853.4, Diff: 0.0]
      [Ext Root Scanning (ms): Min: 50.2, Avg: 51.0, Max: 51.8, Diff: 1.5, Sum: 102.0]
      [Update RS (ms): Min: 53.7, Avg: 53.8, Max: 53.9, Diff: 0.1, Sum: 107.6]
         [Processed Buffers: Min: 420, Avg: 430.5, Max: 441, Diff: 21, Sum: 861]
      [Scan RS (ms): Min: 11.3, Avg: 11.4, Max: 11.5, Diff: 0.2, Sum: 22.7]
      [Code Root Scanning (ms): Min: 0.1, Avg: 0.2, Max: 0.2, Diff: 0.1, Sum: 0.3]
      [Object Copy (ms): Min: 59.6, Avg: 60.2, Max: 60.8, Diff: 1.2, Sum: 120.4]
      [Termination (ms): Min: 0.0, Avg: 0.0, Max: 0.0, Diff: 0.0, Sum: 0.0]
      [GC Worker Other (ms): Min: 0.0, Avg: 0.1, Max: 0.1, Diff: 0.1, Sum: 0.2]
      [GC Worker Total (ms): Min: 176.6, Avg: 176.6, Max: 176.6, Diff: 0.0, Sum: 353.2]
      [GC Worker End (ms): Min: 1285030.0, Avg: 1285030.0, Max: 1285030.0, Diff: 0.0]
   [Code Root Fixup: 0.3 ms]
   [Code Root Migration: 0.1 ms]
   [Clear CT: 0.8 ms]
   [Other: 11.3 ms]
      [Choose CSet: 0.0 ms]
      [Ref Proc: 6.1 ms]
      [Ref Enq: 0.4 ms]
      [Free CSet: 1.2 ms]
   [Eden: 450.0M(450.0M)->0.0B(264.0M) Survivors: 30.0M->60.0M Heap: 1664.0M(4096.0M)->1244.0M(4096.0M)]
 [Times: user=0.36 sys=0.01, real=0.19 secs] 
2016-08-30T13:57:23.955+0200: 1294.090: [GC pause (young), 0.1869260 secs]
   [Parallel Time: 179.8 ms, GC Workers: 2]
      [GC Worker Start (ms): Min: 1294091.3, Avg: 1294091.8, Max: 1294092.2, Diff: 0.9]
      [Ext Root Scanning (ms): Min: 53.2, Avg: 53.7, Max: 54.2, Diff: 0.9, Sum: 107.4]
      [Update RS (ms): Min: 42.4, Avg: 43.0, Max: 43.6, Diff: 1.2, Sum: 86.0]
         [Processed Buffers: Min: 379, Avg: 381.5, Max: 384, Diff: 5, Sum: 763]
      [Scan RS (ms): Min: 12.7, Avg: 13.3, Max: 13.9, Diff: 1.3, Sum: 26.6]
      [Code Root Scanning (ms): Min: 0.0, Avg: 0.1, Max: 0.2, Diff: 0.1, Sum: 0.2]
      [Object Copy (ms): Min: 68.2, Avg: 69.1, Max: 69.9, Diff: 1.7, Sum: 138.1]
      [Termination (ms): Min: 0.0, Avg: 0.0, Max: 0.0, Diff: 0.0, Sum: 0.0]
      [GC Worker Other (ms): Min: 0.1, Avg: 0.1, Max: 0.1, Diff: 0.0, Sum: 0.3]
      [GC Worker Total (ms): Min: 178.8, Avg: 179.3, Max: 179.7, Diff: 0.9, Sum: 358.6]
      [GC Worker End (ms): Min: 1294271.0, Avg: 1294271.0, Max: 1294271.0, Diff: 0.0]
   [Code Root Fixup: 0.2 ms]
   [Code Root Migration: 0.1 ms]
   [Clear CT: 0.4 ms]
   [Other: 6.5 ms]
      [Choose CSet: 0.0 ms]
      [Ref Proc: 2.4 ms]
      [Ref Enq: 0.1 ms]
      [Free CSet: 0.6 ms]
   [Eden: 264.0M(264.0M)->0.0B(452.0M) Survivors: 60.0M->32.0M Heap: 1508.0M(4096.0M)->1262.0M(4096.0M)]
 [Times: user=0.35 sys=0.00, real=0.19 secs] 
2016-08-30T13:57:43.481+0200: 1313.615: [GC pause (young), 0.1864050 secs]
   [Parallel Time: 175.6 ms, GC Workers: 2]
      [GC Worker Start (ms): Min: 1313617.2, Avg: 1313617.2, Max: 1313617.2, Diff: 0.0]
      [Ext Root Scanning (ms): Min: 51.9, Avg: 59.1, Max: 66.2, Diff: 14.3, Sum: 118.1]
      [Update RS (ms): Min: 45.5, Avg: 53.0, Max: 60.5, Diff: 15.0, Sum: 106.0]
         [Processed Buffers: Min: 381, Avg: 438.5, Max: 496, Diff: 115, Sum: 877]
      [Scan RS (ms): Min: 11.1, Avg: 11.2, Max: 11.4, Diff: 0.4, Sum: 22.5]
      [Code Root Scanning (ms): Min: 0.1, Avg: 0.2, Max: 0.2, Diff: 0.1, Sum: 0.3]
      [Object Copy (ms): Min: 51.3, Avg: 51.9, Max: 52.4, Diff: 1.0, Sum: 103.7]
      [Termination (ms): Min: 0.0, Avg: 0.0, Max: 0.0, Diff: 0.0, Sum: 0.0]
      [GC Worker Other (ms): Min: 0.1, Avg: 0.1, Max: 0.2, Diff: 0.0, Sum: 0.3]
      [GC Worker Total (ms): Min: 175.5, Avg: 175.5, Max: 175.5, Diff: 0.0, Sum: 350.9]
      [GC Worker End (ms): Min: 1313792.7, Avg: 1313792.7, Max: 1313792.7, Diff: 0.0]
   [Code Root Fixup: 0.4 ms]
   [Code Root Migration: 0.1 ms]
   [Clear CT: 0.4 ms]
   [Other: 10.0 ms]
      [Choose CSet: 0.0 ms]
      [Ref Proc: 5.4 ms]
      [Ref Enq: 0.3 ms]
      [Free CSet: 1.0 ms]
   [Eden: 444.0M(318.0M)->0.0B(326.0M) Survivors: 32.0M->44.0M Heap: 1706.0M(4096.0M)->1302.0M(4096.0M)]
 [Times: user=0.35 sys=0.01, real=0.19 secs] 
2016-08-30T13:57:57.624+0200: 1327.758: [GC pause (young), 0.1771830 secs]
   [Parallel Time: 167.9 ms, GC Workers: 2]
      [GC Worker Start (ms): Min: 1327760.1, Avg: 1327760.8, Max: 1327761.5, Diff: 1.3]
      [Ext Root Scanning (ms): Min: 50.3, Avg: 50.6, Max: 50.9, Diff: 0.6, Sum: 101.1]
      [Update RS (ms): Min: 48.1, Avg: 48.8, Max: 49.4, Diff: 1.4, Sum: 97.5]
         [Processed Buffers: Min: 431, Avg: 433.0, Max: 435, Diff: 4, Sum: 866]
      [Scan RS (ms): Min: 11.6, Avg: 11.7, Max: 11.8, Diff: 0.2, Sum: 23.4]
      [Code Root Scanning (ms): Min: 0.1, Avg: 0.1, Max: 0.2, Diff: 0.1, Sum: 0.2]
      [Object Copy (ms): Min: 54.9, Avg: 55.8, Max: 56.7, Diff: 1.7, Sum: 111.6]
      [Termination (ms): Min: 0.0, Avg: 0.0, Max: 0.0, Diff: 0.0, Sum: 0.0]
      [GC Worker Other (ms): Min: 0.1, Avg: 0.2, Max: 0.2, Diff: 0.1, Sum: 0.3]
      [GC Worker Total (ms): Min: 166.5, Avg: 167.1, Max: 167.8, Diff: 1.3, Sum: 334.3]
      [GC Worker End (ms): Min: 1327927.9, Avg: 1327927.9, Max: 1327927.9, Diff: 0.0]
   [Code Root Fixup: 0.3 ms]
   [Code Root Migration: 0.1 ms]
   [Clear CT: 0.4 ms]
   [Other: 8.5 ms]
      [Choose CSet: 0.0 ms]
      [Ref Proc: 3.9 ms]
      [Ref Enq: 0.3 ms]
      [Free CSet: 0.9 ms]
   [Eden: 326.0M(326.0M)->0.0B(480.0M) Survivors: 44.0M->34.0M Heap: 1628.0M(4096.0M)->1334.0M(4096.0M)]
 [Times: user=0.34 sys=0.00, real=0.18 secs] 
2016-08-30T13:58:18.662+0200: 1348.796: [GC pause (young), 0.1236800 secs]
   [Parallel Time: 116.8 ms, GC Workers: 2]
      [GC Worker Start (ms): Min: 1348797.7, Avg: 1348799.2, Max: 1348800.7, Diff: 3.0]
      [Ext Root Scanning (ms): Min: 36.7, Avg: 37.3, Max: 38.0, Diff: 1.3, Sum: 74.7]
      [Update RS (ms): Min: 18.8, Avg: 29.2, Max: 39.6, Diff: 20.8, Sum: 58.4]
         [Processed Buffers: Min: 177, Avg: 447.0, Max: 717, Diff: 540, Sum: 894]
      [Scan RS (ms): Min: 5.5, Avg: 5.7, Max: 5.9, Diff: 0.4, Sum: 11.4]
      [Code Root Scanning (ms): Min: 0.1, Avg: 0.1, Max: 0.1, Diff: 0.0, Sum: 0.1]
      [Object Copy (ms): Min: 34.8, Avg: 42.8, Max: 50.9, Diff: 16.1, Sum: 85.7]
      [Termination (ms): Min: 0.0, Avg: 0.0, Max: 0.0, Diff: 0.0, Sum: 0.0]
      [GC Worker Other (ms): Min: 0.1, Avg: 0.1, Max: 0.1, Diff: 0.0, Sum: 0.2]
      [GC Worker Total (ms): Min: 113.7, Avg: 115.2, Max: 116.7, Diff: 3.0, Sum: 230.4]
      [GC Worker End (ms): Min: 1348914.4, Avg: 1348914.4, Max: 1348914.4, Diff: 0.0]
   [Code Root Fixup: 0.2 ms]
   [Code Root Migration: 0.1 ms]
   [Clear CT: 0.3 ms]
   [Other: 6.4 ms]
      [Choose CSet: 0.0 ms]
      [Ref Proc: 3.4 ms]
      [Ref Enq: 0.2 ms]
      [Free CSet: 0.7 ms]
   [Eden: 480.0M(480.0M)->0.0B(426.0M) Survivors: 34.0M->66.0M Heap: 1814.0M(4096.0M)->1370.0M(4096.0M)]
 [Times: user=0.19 sys=0.01, real=0.12 secs] 
2016-08-30T13:58:30.654+0200: 1360.788: [GC pause (young), 0.2011800 secs]
   [Parallel Time: 190.9 ms, GC Workers: 2]
      [GC Worker Start (ms): Min: 1360790.2, Avg: 1360790.2, Max: 1360790.2, Diff: 0.0]
      [Ext Root Scanning (ms): Min: 50.3, Avg: 50.9, Max: 51.4, Diff: 1.1, Sum: 101.8]
      [Update RS (ms): Min: 45.7, Avg: 46.5, Max: 47.4, Diff: 1.7, Sum: 93.1]
         [Processed Buffers: Min: 353, Avg: 374.0, Max: 395, Diff: 42, Sum: 748]
      [Scan RS (ms): Min: 16.1, Avg: 16.1, Max: 16.1, Diff: 0.1, Sum: 32.2]
      [Code Root Scanning (ms): Min: 0.1, Avg: 0.1, Max: 0.2, Diff: 0.1, Sum: 0.3]
      [Object Copy (ms): Min: 76.8, Avg: 77.0, Max: 77.3, Diff: 0.4, Sum: 154.1]
      [Termination (ms): Min: 0.0, Avg: 0.0, Max: 0.0, Diff: 0.0, Sum: 0.0]
      [GC Worker Other (ms): Min: 0.1, Avg: 0.2, Max: 0.2, Diff: 0.0, Sum: 0.3]
      [GC Worker Total (ms): Min: 190.8, Avg: 190.9, Max: 190.9, Diff: 0.0, Sum: 381.7]
      [GC Worker End (ms): Min: 1360981.0, Avg: 1360981.0, Max: 1360981.0, Diff: 0.0]
   [Code Root Fixup: 0.3 ms]
   [Code Root Migration: 0.1 ms]
   [Clear CT: 0.6 ms]
   [Other: 9.2 ms]
      [Choose CSet: 0.0 ms]
      [Ref Proc: 4.5 ms]
      [Ref Enq: 0.3 ms]
      [Free CSet: 0.9 ms]
   [Eden: 308.0M(254.0M)->0.0B(608.0M) Survivors: 66.0M->32.0M Heap: 1678.0M(4096.0M)->1383.0M(4096.0M)]
 [Times: user=0.39 sys=0.00, real=0.20 secs] 
2016-08-30T13:58:51.399+0200: 1381.534: [GC pause (young), 0.2373420 secs]
   [Parallel Time: 226.5 ms, GC Workers: 2]
      [GC Worker Start (ms): Min: 1381536.2, Avg: 1381538.3, Max: 1381540.4, Diff: 4.2]
      [Ext Root Scanning (ms): Min: 52.7, Avg: 55.1, Max: 57.6, Diff: 4.9, Sum: 110.2]
      [Update RS (ms): Min: 67.9, Avg: 72.3, Max: 76.7, Diff: 8.8, Sum: 144.7]
         [Processed Buffers: Min: 399, Avg: 441.5, Max: 484, Diff: 85, Sum: 883]
      [Scan RS (ms): Min: 12.2, Avg: 12.5, Max: 12.8, Diff: 0.6, Sum: 25.0]
      [Code Root Scanning (ms): Min: 0.2, Avg: 0.2, Max: 0.2, Diff: 0.1, Sum: 0.4]
      [Object Copy (ms): Min: 83.8, Avg: 84.0, Max: 84.2, Diff: 0.4, Sum: 168.1]
      [Termination (ms): Min: 0.0, Avg: 0.0, Max: 0.0, Diff: 0.0, Sum: 0.0]
      [GC Worker Other (ms): Min: 0.1, Avg: 0.1, Max: 0.2, Diff: 0.0, Sum: 0.3]
      [GC Worker Total (ms): Min: 222.2, Avg: 224.3, Max: 226.4, Diff: 4.2, Sum: 448.6]
      [GC Worker End (ms): Min: 1381762.6, Avg: 1381762.6, Max: 1381762.6, Diff: 0.0]
   [Code Root Fixup: 0.2 ms]
   [Code Root Migration: 0.1 ms]
   [Clear CT: 0.5 ms]
   [Other: 10.1 ms]
      [Choose CSet: 0.0 ms]
      [Ref Proc: 4.8 ms]
      [Ref Enq: 0.3 ms]
      [Free CSet: 1.1 ms]
   [Eden: 516.0M(410.0M)->0.0B(194.0M) Survivors: 32.0M->56.0M Heap: 1899.0M(4096.0M)->1429.0M(4096.0M)]
 [Times: user=0.45 sys=0.00, real=0.24 secs] 
2016-08-30T13:58:58.794+0200: 1388.928: [GC pause (young), 0.1677680 secs]
   [Parallel Time: 160.3 ms, GC Workers: 2]
      [GC Worker Start (ms): Min: 1388930.0, Avg: 1388930.0, Max: 1388930.0, Diff: 0.0]
      [Ext Root Scanning (ms): Min: 50.1, Avg: 51.3, Max: 52.6, Diff: 2.4, Sum: 102.7]
      [Update RS (ms): Min: 37.8, Avg: 38.1, Max: 38.4, Diff: 0.6, Sum: 76.2]
         [Processed Buffers: Min: 301, Avg: 332.5, Max: 364, Diff: 63, Sum: 665]
      [Scan RS (ms): Min: 11.1, Avg: 11.6, Max: 12.0, Diff: 0.9, Sum: 23.1]
      [Code Root Scanning (ms): Min: 0.1, Avg: 0.1, Max: 0.1, Diff: 0.0, Sum: 0.2]
      [Object Copy (ms): Min: 58.4, Avg: 58.9, Max: 59.4, Diff: 1.0, Sum: 117.9]
      [Termination (ms): Min: 0.0, Avg: 0.0, Max: 0.0, Diff: 0.0, Sum: 0.0]
      [GC Worker Other (ms): Min: 0.1, Avg: 0.1, Max: 0.2, Diff: 0.1, Sum: 0.3]
      [GC Worker Total (ms): Min: 160.1, Avg: 160.2, Max: 160.2, Diff: 0.0, Sum: 320.3]
      [GC Worker End (ms): Min: 1389090.2, Avg: 1389090.2, Max: 1389090.2, Diff: 0.0]
   [Code Root Fixup: 0.5 ms]
   [Code Root Migration: 0.1 ms]
   [Clear CT: 0.5 ms]
   [Other: 6.4 ms]
      [Choose CSet: 0.0 ms]
      [Ref Proc: 2.4 ms]
      [Ref Enq: 0.2 ms]
      [Free CSet: 0.6 ms]
   [Eden: 194.0M(194.0M)->0.0B(434.0M) Survivors: 56.0M->20.0M Heap: 1623.0M(4096.0M)->1434.0M(4096.0M)]
 [Times: user=0.32 sys=0.01, real=0.16 secs] 
2016-08-30T13:59:15.627+0200: 1405.762: [GC pause (young), 0.1740680 secs]
   [Parallel Time: 165.7 ms, GC Workers: 2]
      [GC Worker Start (ms): Min: 1405764.0, Avg: 1405764.0, Max: 1405764.0, Diff: 0.0]
      [Ext Root Scanning (ms): Min: 50.7, Avg: 51.8, Max: 52.8, Diff: 2.1, Sum: 103.5]
      [Update RS (ms): Min: 56.8, Avg: 58.9, Max: 61.0, Diff: 4.2, Sum: 117.8]
         [Processed Buffers: Min: 434, Avg: 445.5, Max: 457, Diff: 23, Sum: 891]
      [Scan RS (ms): Min: 8.5, Avg: 9.2, Max: 9.9, Diff: 1.4, Sum: 18.3]
      [Code Root Scanning (ms): Min: 0.1, Avg: 0.1, Max: 0.2, Diff: 0.0, Sum: 0.3]
      [Object Copy (ms): Min: 45.2, Avg: 45.5, Max: 45.9, Diff: 0.6, Sum: 91.1]
      [Termination (ms): Min: 0.0, Avg: 0.0, Max: 0.0, Diff: 0.0, Sum: 0.0]
      [GC Worker Other (ms): Min: 0.1, Avg: 0.1, Max: 0.2, Diff: 0.1, Sum: 0.3]
      [GC Worker Total (ms): Min: 165.6, Avg: 165.7, Max: 165.7, Diff: 0.0, Sum: 331.3]
      [GC Worker End (ms): Min: 1405929.7, Avg: 1405929.7, Max: 1405929.7, Diff: 0.0]
   [Code Root Fixup: 0.2 ms]
   [Code Root Migration: 0.1 ms]
   [Clear CT: 0.4 ms]
   [Other: 7.6 ms]
      [Choose CSet: 0.0 ms]
      [Ref Proc: 3.4 ms]
      [Ref Enq: 0.3 ms]
      [Free CSet: 0.9 ms]
   [Eden: 434.0M(434.0M)->0.0B(268.0M) Survivors: 20.0M->54.0M Heap: 1868.0M(4096.0M)->1468.0M(4096.0M)]
 [Times: user=0.34 sys=0.00, real=0.17 secs] 
2016-08-30T13:59:26.044+0200: 1416.178: [GC pause (young), 0.1859030 secs]
   [Parallel Time: 177.3 ms, GC Workers: 2]
      [GC Worker Start (ms): Min: 1416180.1, Avg: 1416180.1, Max: 1416180.1, Diff: 0.0]
      [Ext Root Scanning (ms): Min: 51.9, Avg: 51.9, Max: 52.0, Diff: 0.0, Sum: 103.9]
      [Update RS (ms): Min: 46.1, Avg: 47.3, Max: 48.5, Diff: 2.4, Sum: 94.6]
         [Processed Buffers: Min: 373, Avg: 384.5, Max: 396, Diff: 23, Sum: 769]
      [Scan RS (ms): Min: 11.9, Avg: 12.9, Max: 14.0, Diff: 2.1, Sum: 25.8]
      [Code Root Scanning (ms): Min: 0.0, Avg: 0.1, Max: 0.2, Diff: 0.2, Sum: 0.2]
      [Object Copy (ms): Min: 64.7, Avg: 64.8, Max: 64.8, Diff: 0.1, Sum: 129.5]
      [Termination (ms): Min: 0.0, Avg: 0.0, Max: 0.0, Diff: 0.0, Sum: 0.0]
      [GC Worker Other (ms): Min: 0.1, Avg: 0.1, Max: 0.2, Diff: 0.0, Sum: 0.3]
      [GC Worker Total (ms): Min: 177.2, Avg: 177.2, Max: 177.2, Diff: 0.0, Sum: 354.4]
      [GC Worker End (ms): Min: 1416357.3, Avg: 1416357.3, Max: 1416357.3, Diff: 0.0]
   [Code Root Fixup: 0.3 ms]
   [Code Root Migration: 0.1 ms]
   [Clear CT: 0.5 ms]
   [Other: 7.7 ms]
      [Choose CSet: 0.0 ms]
      [Ref Proc: 3.4 ms]
      [Ref Enq: 0.3 ms]
      [Free CSet: 0.7 ms]
   [Eden: 268.0M(268.0M)->0.0B(450.0M) Survivors: 54.0M->26.0M Heap: 1736.0M(4096.0M)->1478.0M(4096.0M)]
 [Times: user=0.36 sys=0.00, real=0.19 secs] 
2016-08-30T13:59:44.105+0200: 1434.239: [GC pause (young), 0.1798420 secs]
   [Parallel Time: 171.2 ms, GC Workers: 2]
      [GC Worker Start (ms): Min: 1434241.1, Avg: 1434241.1, Max: 1434241.1, Diff: 0.0]
      [Ext Root Scanning (ms): Min: 51.2, Avg: 51.7, Max: 52.3, Diff: 1.1, Sum: 103.4]
      [Update RS (ms): Min: 57.0, Avg: 58.0, Max: 59.0, Diff: 2.0, Sum: 116.0]
         [Processed Buffers: Min: 355, Avg: 435.5, Max: 516, Diff: 161, Sum: 871]
      [Scan RS (ms): Min: 11.3, Avg: 11.4, Max: 11.5, Diff: 0.2, Sum: 22.7]
      [Code Root Scanning (ms): Min: 0.1, Avg: 0.2, Max: 0.2, Diff: 0.1, Sum: 0.3]
      [Object Copy (ms): Min: 49.2, Avg: 49.7, Max: 50.3, Diff: 1.1, Sum: 99.5]
      [Termination (ms): Min: 0.0, Avg: 0.0, Max: 0.0, Diff: 0.0, Sum: 0.0]
      [GC Worker Other (ms): Min: 0.1, Avg: 0.1, Max: 0.2, Diff: 0.1, Sum: 0.3]
      [GC Worker Total (ms): Min: 171.1, Avg: 171.1, Max: 171.1, Diff: 0.0, Sum: 342.2]
      [GC Worker End (ms): Min: 1434412.2, Avg: 1434412.2, Max: 1434412.2, Diff: 0.0]
   [Code Root Fixup: 0.2 ms]
   [Code Root Migration: 0.1 ms]
   [Clear CT: 0.5 ms]
   [Other: 7.9 ms]
      [Choose CSet: 0.0 ms]
      [Ref Proc: 3.6 ms]
      [Ref Enq: 0.2 ms]
      [Free CSet: 0.8 ms]
   [Eden: 432.0M(320.0M)->0.0B(342.0M) Survivors: 26.0M->44.0M Heap: 1910.0M(4096.0M)->1515.0M(4096.0M)]
 [Times: user=0.35 sys=0.00, real=0.18 secs] 
2016-08-30T13:59:56.623+0200: 1446.757: [GC pause (young), 0.1765090 secs]
   [Parallel Time: 168.3 ms, GC Workers: 2]
      [GC Worker Start (ms): Min: 1446759.4, Avg: 1446759.4, Max: 1446759.5, Diff: 0.0]
      [Ext Root Scanning (ms): Min: 52.4, Avg: 53.6, Max: 54.9, Diff: 2.5, Sum: 107.3]
      [Update RS (ms): Min: 50.3, Avg: 51.1, Max: 51.9, Diff: 1.7, Sum: 102.2]
         [Processed Buffers: Min: 369, Avg: 386.0, Max: 403, Diff: 34, Sum: 772]
      [Scan RS (ms): Min: 11.2, Avg: 11.8, Max: 12.4, Diff: 1.2, Sum: 23.6]
      [Code Root Scanning (ms): Min: 0.1, Avg: 0.1, Max: 0.1, Diff: 0.0, Sum: 0.3]
      [Object Copy (ms): Min: 51.1, Avg: 51.3, Max: 51.6, Diff: 0.5, Sum: 102.7]
      [Termination (ms): Min: 0.0, Avg: 0.0, Max: 0.0, Diff: 0.0, Sum: 0.0]
      [GC Worker Other (ms): Min: 0.1, Avg: 0.2, Max: 0.2, Diff: 0.1, Sum: 0.3]
      [GC Worker Total (ms): Min: 168.1, Avg: 168.2, Max: 168.2, Diff: 0.0, Sum: 336.3]
      [GC Worker End (ms): Min: 1446927.6, Avg: 1446927.6, Max: 1446927.6, Diff: 0.0]
   [Code Root Fixup: 0.2 ms]
   [Code Root Migration: 0.1 ms]
   [Clear CT: 0.8 ms]
   [Other: 7.2 ms]
      [Choose CSet: 0.0 ms]
      [Ref Proc: 2.9 ms]
      [Ref Enq: 0.2 ms]
      [Free CSet: 0.6 ms]
   [Eden: 342.0M(342.0M)->0.0B(490.0M) Survivors: 44.0M->34.0M Heap: 1857.0M(4096.0M)->1537.0M(4096.0M)]
 [Times: user=0.35 sys=0.00, real=0.18 secs] 
2016-08-30T14:00:14.117+0200: 1464.252: [GC pause (young), 0.1810780 secs]
   [Parallel Time: 171.5 ms, GC Workers: 2]
      [GC Worker Start (ms): Min: 1464253.8, Avg: 1464253.8, Max: 1464253.8, Diff: 0.0]
      [Ext Root Scanning (ms): Min: 50.4, Avg: 50.5, Max: 50.5, Diff: 0.1, Sum: 101.0]
      [Update RS (ms): Min: 61.2, Avg: 61.7, Max: 62.2, Diff: 1.0, Sum: 123.4]
         [Processed Buffers: Min: 421, Avg: 458.5, Max: 496, Diff: 75, Sum: 917]
      [Scan RS (ms): Min: 11.4, Avg: 11.7, Max: 12.0, Diff: 0.6, Sum: 23.4]
      [Code Root Scanning (ms): Min: 0.2, Avg: 0.2, Max: 0.2, Diff: 0.0, Sum: 0.4]
      [Object Copy (ms): Min: 47.1, Avg: 47.2, Max: 47.4, Diff: 0.3, Sum: 94.5]
      [Termination (ms): Min: 0.0, Avg: 0.0, Max: 0.0, Diff: 0.0, Sum: 0.0]
      [GC Worker Other (ms): Min: 0.1, Avg: 0.2, Max: 0.2, Diff: 0.1, Sum: 0.3]
      [GC Worker Total (ms): Min: 171.4, Avg: 171.4, Max: 171.4, Diff: 0.0, Sum: 342.9]
      [GC Worker End (ms): Min: 1464425.3, Avg: 1464425.3, Max: 1464425.3, Diff: 0.0]
   [Code Root Fixup: 0.2 ms]
   [Code Root Migration: 0.1 ms]
   [Clear CT: 0.4 ms]
   [Other: 8.9 ms]
      [Choose CSet: 0.0 ms]
      [Ref Proc: 4.6 ms]
      [Ref Enq: 0.2 ms]
      [Free CSet: 0.9 ms]
   [Eden: 490.0M(490.0M)->0.0B(372.0M) Survivors: 34.0M->66.0M Heap: 2027.0M(4096.0M)->1573.0M(4096.0M)]
 [Times: user=0.35 sys=0.00, real=0.18 secs] 
2016-08-30T14:00:25.143+0200: 1475.277: [GC pause (young), 0.1984020 secs]
   [Parallel Time: 188.6 ms, GC Workers: 2]
      [GC Worker Start (ms): Min: 1475279.3, Avg: 1475279.3, Max: 1475279.3, Diff: 0.0]
      [Ext Root Scanning (ms): Min: 50.5, Avg: 51.0, Max: 51.5, Diff: 1.0, Sum: 102.0]
      [Update RS (ms): Min: 45.7, Avg: 46.7, Max: 47.8, Diff: 2.0, Sum: 93.5]
         [Processed Buffers: Min: 407, Avg: 409.0, Max: 411, Diff: 4, Sum: 818]
      [Scan RS (ms): Min: 15.0, Avg: 15.6, Max: 16.2, Diff: 1.2, Sum: 31.2]
      [Code Root Scanning (ms): Min: 0.1, Avg: 0.1, Max: 0.2, Diff: 0.0, Sum: 0.3]
      [Object Copy (ms): Min: 74.9, Avg: 74.9, Max: 75.0, Diff: 0.1, Sum: 149.9]
      [Termination (ms): Min: 0.0, Avg: 0.0, Max: 0.0, Diff: 0.0, Sum: 0.0]
      [GC Worker Other (ms): Min: 0.1, Avg: 0.1, Max: 0.2, Diff: 0.0, Sum: 0.3]
      [GC Worker Total (ms): Min: 188.5, Avg: 188.5, Max: 188.5, Diff: 0.0, Sum: 377.0]
      [GC Worker End (ms): Min: 1475467.8, Avg: 1475467.8, Max: 1475467.8, Diff: 0.0]
   [Code Root Fixup: 0.3 ms]
   [Code Root Migration: 0.1 ms]
   [Clear CT: 0.6 ms]
   [Other: 8.8 ms]
      [Choose CSet: 0.0 ms]
      [Ref Proc: 3.9 ms]
      [Ref Enq: 0.3 ms]
      [Free CSet: 0.9 ms]
   [Eden: 288.0M(190.0M)->0.0B(540.0M) Survivors: 66.0M->28.0M Heap: 1861.0M(4096.0M)->1584.0M(4096.0M)]
 [Times: user=0.38 sys=0.00, real=0.20 secs] 
2016-08-30T14:00:42.618+0200: 1492.753: [GC pause (young), 0.1724430 secs]
   [Parallel Time: 164.3 ms, GC Workers: 2]
      [GC Worker Start (ms): Min: 1492754.8, Avg: 1492754.8, Max: 1492754.8, Diff: 0.0]
      [Ext Root Scanning (ms): Min: 52.7, Avg: 52.8, Max: 53.0, Diff: 0.3, Sum: 105.7]
      [Update RS (ms): Min: 57.5, Avg: 57.7, Max: 57.9, Diff: 0.4, Sum: 115.4]
         [Processed Buffers: Min: 409, Avg: 437.0, Max: 465, Diff: 56, Sum: 874]
      [Scan RS (ms): Min: 11.2, Avg: 11.4, Max: 11.6, Diff: 0.4, Sum: 22.8]
      [Code Root Scanning (ms): Min: 0.2, Avg: 0.2, Max: 0.2, Diff: 0.0, Sum: 0.4]
      [Object Copy (ms): Min: 41.8, Avg: 41.9, Max: 42.0, Diff: 0.2, Sum: 83.8]
      [Termination (ms): Min: 0.0, Avg: 0.0, Max: 0.0, Diff: 0.0, Sum: 0.0]
      [GC Worker Other (ms): Min: 0.2, Avg: 0.2, Max: 0.2, Diff: 0.0, Sum: 0.4]
      [GC Worker Total (ms): Min: 164.2, Avg: 164.2, Max: 164.2, Diff: 0.0, Sum: 328.4]
      [GC Worker End (ms): Min: 1492919.0, Avg: 1492919.0, Max: 1492919.0, Diff: 0.0]
   [Code Root Fixup: 0.2 ms]
   [Code Root Migration: 0.1 ms]
   [Clear CT: 0.4 ms]
   [Other: 7.4 ms]
      [Choose CSet: 0.0 ms]
      [Ref Proc: 3.1 ms]
      [Ref Enq: 0.2 ms]
      [Free CSet: 0.8 ms]
   [Eden: 412.0M(366.0M)->0.0B(462.0M) Survivors: 28.0M->44.0M Heap: 1996.0M(4096.0M)->1618.0M(4096.0M)]
 [Times: user=0.33 sys=0.00, real=0.18 secs] 
2016-08-30T14:00:56.096+0200: 1506.231: [GC pause (young), 0.1787180 secs]
   [Parallel Time: 171.3 ms, GC Workers: 2]
      [GC Worker Start (ms): Min: 1506232.5, Avg: 1506232.5, Max: 1506232.5, Diff: 0.0]
      [Ext Root Scanning (ms): Min: 50.9, Avg: 51.1, Max: 51.4, Diff: 0.5, Sum: 102.2]
      [Update RS (ms): Min: 53.5, Avg: 54.0, Max: 54.5, Diff: 1.0, Sum: 108.0]
         [Processed Buffers: Min: 396, Avg: 398.0, Max: 400, Diff: 4, Sum: 796]
      [Scan RS (ms): Min: 12.4, Avg: 12.5, Max: 12.6, Diff: 0.3, Sum: 25.0]
      [Code Root Scanning (ms): Min: 0.1, Avg: 0.1, Max: 0.2, Diff: 0.0, Sum: 0.3]
      [Object Copy (ms): Min: 52.8, Avg: 53.2, Max: 53.5, Diff: 0.7, Sum: 106.4]
      [Termination (ms): Min: 0.0, Avg: 0.0, Max: 0.0, Diff: 0.0, Sum: 0.0]
      [GC Worker Other (ms): Min: 0.2, Avg: 0.2, Max: 0.2, Diff: 0.0, Sum: 0.4]
      [GC Worker Total (ms): Min: 171.1, Avg: 171.1, Max: 171.1, Diff: 0.0, Sum: 342.3]
      [GC Worker End (ms): Min: 1506403.6, Avg: 1506403.6, Max: 1506403.6, Diff: 0.0]
   [Code Root Fixup: 0.2 ms]
   [Code Root Migration: 0.1 ms]
   [Clear CT: 0.4 ms]
   [Other: 6.8 ms]
      [Choose CSet: 0.0 ms]
      [Ref Proc: 2.8 ms]
      [Ref Enq: 0.2 ms]
      [Free CSet: 0.7 ms]
   [Eden: 350.0M(284.0M)->0.0B(558.0M) Survivors: 44.0M->38.0M Heap: 1968.0M(4096.0M)->1639.0M(4096.0M)]
 [Times: user=0.35 sys=0.00, real=0.18 secs] 
2016-08-30T14:01:10.187+0200: 1520.321: [GC pause (young), 0.1865920 secs]
   [Parallel Time: 176.2 ms, GC Workers: 2]
      [GC Worker Start (ms): Min: 1520322.9, Avg: 1520322.9, Max: 1520322.9, Diff: 0.0]
      [Ext Root Scanning (ms): Min: 51.5, Avg: 51.6, Max: 51.8, Diff: 0.4, Sum: 103.3]
      [Update RS (ms): Min: 52.0, Avg: 52.3, Max: 52.6, Diff: 0.6, Sum: 104.6]
         [Processed Buffers: Min: 371, Avg: 373.5, Max: 376, Diff: 5, Sum: 747]
      [Scan RS (ms): Min: 11.9, Avg: 11.9, Max: 12.0, Diff: 0.1, Sum: 23.9]
      [Code Root Scanning (ms): Min: 0.1, Avg: 0.1, Max: 0.2, Diff: 0.0, Sum: 0.3]
      [Object Copy (ms): Min: 59.3, Avg: 59.9, Max: 60.5, Diff: 1.2, Sum: 119.8]
      [Termination (ms): Min: 0.0, Avg: 0.0, Max: 0.0, Diff: 0.0, Sum: 0.0]
      [GC Worker Other (ms): Min: 0.1, Avg: 0.2, Max: 0.2, Diff: 0.2, Sum: 0.3]
      [GC Worker Total (ms): Min: 176.1, Avg: 176.1, Max: 176.1, Diff: 0.0, Sum: 352.2]
      [GC Worker End (ms): Min: 1520499.0, Avg: 1520499.0, Max: 1520499.1, Diff: 0.1]
   [Code Root Fixup: 0.3 ms]
   [Code Root Migration: 0.1 ms]
   [Clear CT: 0.5 ms]
   [Other: 9.5 ms]
      [Choose CSet: 0.0 ms]
      [Ref Proc: 4.5 ms]
      [Ref Enq: 0.3 ms]
      [Free CSet: 1.2 ms]
   [Eden: 346.0M(346.0M)->0.0B(468.0M) Survivors: 38.0M->32.0M Heap: 1985.0M(4096.0M)->1660.0M(4096.0M)]
 [Times: user=0.35 sys=0.00, real=0.19 secs] 
2016-08-30T14:01:28.843+0200: 1538.977: [GC pause (young), 0.1915860 secs]
   [Parallel Time: 182.7 ms, GC Workers: 2]
      [GC Worker Start (ms): Min: 1538979.5, Avg: 1538979.5, Max: 1538979.5, Diff: 0.0]
      [Ext Root Scanning (ms): Min: 52.1, Avg: 52.1, Max: 52.2, Diff: 0.1, Sum: 104.2]
      [Update RS (ms): Min: 63.9, Avg: 64.3, Max: 64.6, Diff: 0.7, Sum: 128.5]
         [Processed Buffers: Min: 409, Avg: 437.0, Max: 465, Diff: 56, Sum: 874]
      [Scan RS (ms): Min: 11.8, Avg: 12.0, Max: 12.2, Diff: 0.4, Sum: 24.0]
      [Code Root Scanning (ms): Min: 0.1, Avg: 0.2, Max: 0.2, Diff: 0.1, Sum: 0.4]
      [Object Copy (ms): Min: 53.3, Avg: 53.9, Max: 54.5, Diff: 1.2, Sum: 107.8]
      [Termination (ms): Min: 0.0, Avg: 0.0, Max: 0.0, Diff: 0.0, Sum: 0.0]
      [GC Worker Other (ms): Min: 0.0, Avg: 0.1, Max: 0.2, Diff: 0.1, Sum: 0.2]
      [GC Worker Total (ms): Min: 182.5, Avg: 182.6, Max: 182.6, Diff: 0.0, Sum: 365.1]
      [GC Worker End (ms): Min: 1539162.1, Avg: 1539162.1, Max: 1539162.1, Diff: 0.0]
   [Code Root Fixup: 0.2 ms]
   [Code Root Migration: 0.1 ms]
   [Clear CT: 0.5 ms]
   [Other: 8.2 ms]
      [Choose CSet: 0.0 ms]
      [Ref Proc: 3.7 ms]
      [Ref Enq: 0.2 ms]
      [Free CSet: 0.9 ms]
   [Eden: 464.0M(318.0M)->0.0B(392.0M) Survivors: 32.0M->44.0M Heap: 2124.0M(4096.0M)->1694.0M(4096.0M)]
 [Times: user=0.37 sys=0.00, real=0.19 secs] 
2016-08-30T14:01:41.845+0200: 1551.979: [GC pause (young), 0.1764090 secs]
   [Parallel Time: 169.0 ms, GC Workers: 2]
      [GC Worker Start (ms): Min: 1551981.4, Avg: 1551981.4, Max: 1551981.4, Diff: 0.0]
      [Ext Root Scanning (ms): Min: 52.1, Avg: 52.6, Max: 53.2, Diff: 1.2, Sum: 105.3]
      [Update RS (ms): Min: 47.6, Avg: 47.8, Max: 48.0, Diff: 0.4, Sum: 95.6]
         [Processed Buffers: Min: 382, Avg: 408.5, Max: 435, Diff: 53, Sum: 817]
      [Scan RS (ms): Min: 13.9, Avg: 14.2, Max: 14.5, Diff: 0.7, Sum: 28.4]
      [Code Root Scanning (ms): Min: 0.1, Avg: 0.1, Max: 0.2, Diff: 0.1, Sum: 0.3]
      [Object Copy (ms): Min: 53.4, Avg: 54.0, Max: 54.5, Diff: 1.0, Sum: 107.9]
      [Termination (ms): Min: 0.0, Avg: 0.0, Max: 0.0, Diff: 0.0, Sum: 0.0]
      [GC Worker Other (ms): Min: 0.1, Avg: 0.2, Max: 0.2, Diff: 0.1, Sum: 0.4]
      [GC Worker Total (ms): Min: 168.9, Avg: 168.9, Max: 169.0, Diff: 0.0, Sum: 337.9]
      [GC Worker End (ms): Min: 1552150.3, Avg: 1552150.3, Max: 1552150.3, Diff: 0.0]
   [Code Root Fixup: 0.2 ms]
   [Code Root Migration: 0.0 ms]
   [Clear CT: 0.4 ms]
   [Other: 6.6 ms]
      [Choose CSet: 0.0 ms]
      [Ref Proc: 2.4 ms]
      [Ref Enq: 0.1 ms]
      [Free CSet: 0.8 ms]
   [Eden: 300.0M(256.0M)->0.0B(500.0M) Survivors: 44.0M->32.0M Heap: 1994.0M(4096.0M)->1712.0M(4096.0M)]
 [Times: user=0.34 sys=0.00, real=0.18 secs] 
2016-08-30T14:02:02.496+0200: 1572.631: [GC pause (young), 0.1912110 secs]
   [Parallel Time: 182.0 ms, GC Workers: 2]
      [GC Worker Start (ms): Min: 1572632.9, Avg: 1572634.9, Max: 1572637.0, Diff: 4.1]
      [Ext Root Scanning (ms): Min: 54.9, Avg: 56.1, Max: 57.4, Diff: 2.5, Sum: 112.3]
      [Update RS (ms): Min: 58.9, Avg: 60.4, Max: 61.9, Diff: 3.0, Sum: 120.8]
         [Processed Buffers: Min: 363, Avg: 400.0, Max: 437, Diff: 74, Sum: 800]
      [Scan RS (ms): Min: 9.6, Avg: 9.8, Max: 10.0, Diff: 0.4, Sum: 19.6]
      [Code Root Scanning (ms): Min: 0.1, Avg: 0.1, Max: 0.1, Diff: 0.0, Sum: 0.2]
      [Object Copy (ms): Min: 51.8, Avg: 53.3, Max: 54.8, Diff: 3.1, Sum: 106.6]
      [Termination (ms): Min: 0.0, Avg: 0.0, Max: 0.0, Diff: 0.0, Sum: 0.0]
      [GC Worker Other (ms): Min: 0.1, Avg: 0.1, Max: 0.2, Diff: 0.0, Sum: 0.3]
      [GC Worker Total (ms): Min: 177.8, Avg: 179.9, Max: 181.9, Diff: 4.1, Sum: 359.8]
      [GC Worker End (ms): Min: 1572814.8, Avg: 1572814.8, Max: 1572814.8, Diff: 0.0]
   [Code Root Fixup: 0.2 ms]
   [Code Root Migration: 0.1 ms]
   [Clear CT: 0.5 ms]
   [Other: 8.6 ms]
      [Choose CSet: 0.0 ms]
      [Ref Proc: 4.3 ms]
      [Ref Enq: 0.2 ms]
      [Free CSet: 0.9 ms]
   [Eden: 450.0M(360.0M)->0.0B(402.0M) Survivors: 32.0M->46.0M Heap: 2162.0M(4096.0M)->1745.0M(4096.0M)]
 [Times: user=0.35 sys=0.01, real=0.19 secs] 
2016-08-30T14:02:19.283+0200: 1589.417: [GC pause (young), 0.2233510 secs]
   [Parallel Time: 212.2 ms, GC Workers: 2]
      [GC Worker Start (ms): Min: 1589419.5, Avg: 1589419.5, Max: 1589419.5, Diff: 0.0]
      [Ext Root Scanning (ms): Min: 53.8, Avg: 65.9, Max: 78.1, Diff: 24.3, Sum: 131.8]
      [Update RS (ms): Min: 49.0, Avg: 62.0, Max: 75.1, Diff: 26.1, Sum: 124.0]
         [Processed Buffers: Min: 299, Avg: 425.5, Max: 552, Diff: 253, Sum: 851]
      [Scan RS (ms): Min: 12.5, Avg: 13.1, Max: 13.7, Diff: 1.2, Sum: 26.2]
      [Code Root Scanning (ms): Min: 0.1, Avg: 0.2, Max: 0.2, Diff: 0.1, Sum: 0.3]
      [Object Copy (ms): Min: 70.4, Avg: 70.7, Max: 71.0, Diff: 0.6, Sum: 141.4]
      [Termination (ms): Min: 0.0, Avg: 0.0, Max: 0.0, Diff: 0.0, Sum: 0.0]
      [GC Worker Other (ms): Min: 0.1, Avg: 0.1, Max: 0.2, Diff: 0.1, Sum: 0.2]
      [GC Worker Total (ms): Min: 212.0, Avg: 212.0, Max: 212.0, Diff: 0.0, Sum: 424.0]
      [GC Worker End (ms): Min: 1589631.5, Avg: 1589631.5, Max: 1589631.5, Diff: 0.0]
   [Code Root Fixup: 0.2 ms]
   [Code Root Migration: 0.1 ms]
   [Clear CT: 0.9 ms]
   [Other: 9.9 ms]
      [Choose CSet: 0.0 ms]
      [Ref Proc: 5.1 ms]
      [Ref Enq: 0.3 ms]
      [Free CSet: 1.0 ms]
   [Eden: 402.0M(402.0M)->0.0B(248.0M) Survivors: 46.0M->46.0M Heap: 2147.0M(4096.0M)->1774.0M(4096.0M)]
 [Times: user=0.41 sys=0.00, real=0.23 secs] 
2016-08-30T14:02:28.689+0200: 1598.824: [GC pause (young), 0.2374860 secs]
   [Parallel Time: 226.3 ms, GC Workers: 2]
      [GC Worker Start (ms): Min: 1598825.7, Avg: 1598827.7, Max: 1598829.7, Diff: 4.0]
      [Ext Root Scanning (ms): Min: 64.4, Avg: 75.3, Max: 86.1, Diff: 21.7, Sum: 150.5]
      [Update RS (ms): Min: 68.0, Avg: 79.1, Max: 90.2, Diff: 22.2, Sum: 158.2]
         [Processed Buffers: Min: 242, Avg: 374.0, Max: 506, Diff: 264, Sum: 748]
      [Scan RS (ms): Min: 15.2, Avg: 17.1, Max: 18.9, Diff: 3.6, Sum: 34.1]
      [Code Root Scanning (ms): Min: 0.0, Avg: 0.1, Max: 0.2, Diff: 0.2, Sum: 0.2]
      [Object Copy (ms): Min: 43.3, Avg: 46.7, Max: 50.2, Diff: 6.9, Sum: 93.5]
      [Termination (ms): Min: 0.0, Avg: 0.0, Max: 0.0, Diff: 0.0, Sum: 0.0]
      [GC Worker Other (ms): Min: 0.1, Avg: 3.0, Max: 5.9, Diff: 5.8, Sum: 6.1]
      [GC Worker Total (ms): Min: 216.4, Avg: 221.3, Max: 226.3, Diff: 9.9, Sum: 442.7]
      [GC Worker End (ms): Min: 1599046.1, Avg: 1599049.0, Max: 1599052.0, Diff: 5.8]
   [Code Root Fixup: 0.3 ms]
   [Code Root Migration: 0.0 ms]
   [Clear CT: 0.4 ms]
   [Other: 10.5 ms]
      [Choose CSet: 0.0 ms]
      [Ref Proc: 7.0 ms]
      [Ref Enq: 0.1 ms]
      [Free CSet: 0.5 ms]
   [Eden: 248.0M(248.0M)->0.0B(180.0M) Survivors: 46.0M->24.0M Heap: 2022.0M(4096.0M)->1788.0M(4096.0M)]
 [Times: user=0.31 sys=0.01, real=0.24 secs] 
2016-08-30T14:02:35.176+0200: 1605.310: [GC pause (young), 0.1512040 secs]
   [Parallel Time: 144.3 ms, GC Workers: 2]
      [GC Worker Start (ms): Min: 1605311.8, Avg: 1605311.8, Max: 1605311.8, Diff: 0.0]
      [Ext Root Scanning (ms): Min: 51.2, Avg: 51.9, Max: 52.5, Diff: 1.3, Sum: 103.7]
      [Update RS (ms): Min: 42.5, Avg: 43.1, Max: 43.7, Diff: 1.2, Sum: 86.2]
         [Processed Buffers: Min: 307, Avg: 345.5, Max: 384, Diff: 77, Sum: 691]
      [Scan RS (ms): Min: 7.3, Avg: 7.8, Max: 8.3, Diff: 1.0, Sum: 15.5]
      [Code Root Scanning (ms): Min: 0.1, Avg: 0.1, Max: 0.1, Diff: 0.0, Sum: 0.1]
      [Object Copy (ms): Min: 40.7, Avg: 41.2, Max: 41.8, Diff: 1.1, Sum: 82.5]
      [Termination (ms): Min: 0.0, Avg: 0.0, Max: 0.0, Diff: 0.0, Sum: 0.0]
      [GC Worker Other (ms): Min: 0.1, Avg: 0.1, Max: 0.2, Diff: 0.1, Sum: 0.3]
      [GC Worker Total (ms): Min: 144.2, Avg: 144.2, Max: 144.2, Diff: 0.0, Sum: 288.4]
      [GC Worker End (ms): Min: 1605456.0, Avg: 1605456.0, Max: 1605456.0, Diff: 0.0]
   [Code Root Fixup: 0.4 ms]
   [Code Root Migration: 0.0 ms]
   [Clear CT: 0.5 ms]
   [Other: 6.0 ms]
      [Choose CSet: 0.0 ms]
      [Ref Proc: 2.2 ms]
      [Ref Enq: 0.2 ms]
      [Free CSet: 0.5 ms]
   [Eden: 180.0M(180.0M)->0.0B(224.0M) Survivors: 24.0M->22.0M Heap: 1968.0M(4096.0M)->1804.0M(4096.0M)]
 [Times: user=0.29 sys=0.00, real=0.16 secs] 
2016-08-30T14:02:42.981+0200: 1613.115: [GC pause (young), 0.1531810 secs]
   [Parallel Time: 146.9 ms, GC Workers: 2]
      [GC Worker Start (ms): Min: 1613117.1, Avg: 1613117.1, Max: 1613117.2, Diff: 0.1]
      [Ext Root Scanning (ms): Min: 51.9, Avg: 52.0, Max: 52.2, Diff: 0.3, Sum: 104.1]
      [Update RS (ms): Min: 50.7, Avg: 51.0, Max: 51.4, Diff: 0.7, Sum: 102.1]
         [Processed Buffers: Min: 431, Avg: 446.5, Max: 462, Diff: 31, Sum: 893]
      [Scan RS (ms): Min: 5.9, Avg: 6.4, Max: 6.9, Diff: 1.0, Sum: 12.9]
      [Code Root Scanning (ms): Min: 0.0, Avg: 0.1, Max: 0.2, Diff: 0.2, Sum: 0.2]
      [Object Copy (ms): Min: 36.7, Avg: 37.0, Max: 37.4, Diff: 0.7, Sum: 74.0]
      [Termination (ms): Min: 0.0, Avg: 0.0, Max: 0.0, Diff: 0.0, Sum: 0.0]
      [GC Worker Other (ms): Min: 0.1, Avg: 0.1, Max: 0.2, Diff: 0.0, Sum: 0.3]
      [GC Worker Total (ms): Min: 146.7, Avg: 146.8, Max: 146.8, Diff: 0.1, Sum: 293.5]
      [GC Worker End (ms): Min: 1613263.9, Avg: 1613263.9, Max: 1613263.9, Diff: 0.0]
   [Code Root Fixup: 0.2 ms]
   [Code Root Migration: 0.0 ms]
   [Clear CT: 0.4 ms]
   [Other: 5.7 ms]
      [Choose CSet: 0.0 ms]
      [Ref Proc: 1.8 ms]
      [Ref Enq: 0.1 ms]
      [Free CSet: 0.5 ms]
   [Eden: 224.0M(224.0M)->0.0B(342.0M) Survivors: 22.0M->22.0M Heap: 2028.0M(4096.0M)->1822.0M(4096.0M)]
 [Times: user=0.30 sys=0.00, real=0.15 secs] 
2016-08-30T14:02:57.393+0200: 1627.527: [GC pause (young), 0.1923210 secs]
   [Parallel Time: 182.0 ms, GC Workers: 2]
      [GC Worker Start (ms): Min: 1627529.4, Avg: 1627529.7, Max: 1627530.0, Diff: 0.6]
      [Ext Root Scanning (ms): Min: 52.7, Avg: 52.7, Max: 52.7, Diff: 0.0, Sum: 105.3]
      [Update RS (ms): Min: 64.0, Avg: 64.3, Max: 64.6, Diff: 0.6, Sum: 128.6]
         [Processed Buffers: Min: 367, Avg: 447.5, Max: 528, Diff: 161, Sum: 895]
      [Scan RS (ms): Min: 10.9, Avg: 11.0, Max: 11.1, Diff: 0.2, Sum: 21.9]
      [Code Root Scanning (ms): Min: 0.1, Avg: 0.1, Max: 0.1, Diff: 0.0, Sum: 0.2]
      [Object Copy (ms): Min: 53.4, Avg: 53.5, Max: 53.6, Diff: 0.3, Sum: 107.0]
      [Termination (ms): Min: 0.0, Avg: 0.0, Max: 0.0, Diff: 0.0, Sum: 0.0]
      [GC Worker Other (ms): Min: 0.1, Avg: 0.2, Max: 0.2, Diff: 0.1, Sum: 0.3]
      [GC Worker Total (ms): Min: 181.4, Avg: 181.7, Max: 182.0, Diff: 0.6, Sum: 363.4]
      [GC Worker End (ms): Min: 1627711.4, Avg: 1627711.4, Max: 1627711.4, Diff: 0.0]
   [Code Root Fixup: 0.3 ms]
   [Code Root Migration: 0.1 ms]
   [Clear CT: 0.5 ms]
   [Other: 9.4 ms]
      [Choose CSet: 0.0 ms]
      [Ref Proc: 4.5 ms]
      [Ref Enq: 0.4 ms]
      [Free CSet: 0.9 ms]
   [Eden: 336.0M(192.0M)->0.0B(252.0M) Survivors: 22.0M->28.0M Heap: 2158.0M(4096.0M)->1847.0M(4096.0M)]
 [Times: user=0.35 sys=0.00, real=0.19 secs] 
2016-08-30T14:03:07.910+0200: 1638.044: [GC pause (young), 0.2137400 secs]
   [Parallel Time: 207.3 ms, GC Workers: 2]
      [GC Worker Start (ms): Min: 1638045.9, Avg: 1638045.9, Max: 1638045.9, Diff: 0.0]
      [Ext Root Scanning (ms): Min: 64.6, Avg: 78.8, Max: 93.1, Diff: 28.6, Sum: 157.7]
      [Update RS (ms): Min: 48.5, Avg: 62.3, Max: 76.1, Diff: 27.6, Sum: 124.6]
         [Processed Buffers: Min: 356, Avg: 396.5, Max: 437, Diff: 81, Sum: 793]
      [Scan RS (ms): Min: 11.1, Avg: 11.5, Max: 11.9, Diff: 0.8, Sum: 22.9]
      [Code Root Scanning (ms): Min: 0.0, Avg: 0.0, Max: 0.1, Diff: 0.1, Sum: 0.1]
      [Object Copy (ms): Min: 53.6, Avg: 54.4, Max: 55.2, Diff: 1.6, Sum: 108.8]
      [Termination (ms): Min: 0.0, Avg: 0.1, Max: 0.1, Diff: 0.1, Sum: 0.1]
      [GC Worker Other (ms): Min: 0.1, Avg: 0.1, Max: 0.1, Diff: 0.0, Sum: 0.2]
      [GC Worker Total (ms): Min: 207.2, Avg: 207.2, Max: 207.2, Diff: 0.1, Sum: 414.4]
      [GC Worker End (ms): Min: 1638253.1, Avg: 1638253.1, Max: 1638253.2, Diff: 0.1]
   [Code Root Fixup: 0.2 ms]
   [Code Root Migration: 0.0 ms]
   [Clear CT: 0.5 ms]
   [Other: 5.7 ms]
      [Choose CSet: 0.0 ms]
      [Ref Proc: 2.2 ms]
      [Ref Enq: 0.1 ms]
      [Free CSet: 0.5 ms]
   [Eden: 252.0M(252.0M)->0.0B(178.0M) Survivors: 28.0M->26.0M Heap: 2099.0M(4096.0M)->1869.0M(4096.0M)]
 [Times: user=0.24 sys=0.00, real=0.22 secs] 
2016-08-30T14:03:14.215+0200: 1644.350: [GC pause (young) (initial-mark), 0.1744840 secs]
   [Parallel Time: 166.4 ms, GC Workers: 2]
      [GC Worker Start (ms): Min: 1644352.2, Avg: 1644353.8, Max: 1644355.4, Diff: 3.2]
      [Ext Root Scanning (ms): Min: 52.7, Avg: 53.3, Max: 53.9, Diff: 1.2, Sum: 106.6]
      [Code Root Marking (ms): Min: 10.6, Avg: 11.0, Max: 11.3, Diff: 0.8, Sum: 21.9]
      [Update RS (ms): Min: 42.0, Avg: 42.8, Max: 43.5, Diff: 1.5, Sum: 85.6]
         [Processed Buffers: Min: 380, Avg: 382.5, Max: 385, Diff: 5, Sum: 765]
      [Scan RS (ms): Min: 6.9, Avg: 7.4, Max: 7.9, Diff: 1.0, Sum: 14.8]
      [Code Root Scanning (ms): Min: 0.0, Avg: 0.1, Max: 0.1, Diff: 0.1, Sum: 0.1]
      [Object Copy (ms): Min: 48.5, Avg: 50.1, Max: 51.6, Diff: 3.1, Sum: 100.1]
      [Termination (ms): Min: 0.0, Avg: 0.0, Max: 0.0, Diff: 0.0, Sum: 0.0]
      [GC Worker Other (ms): Min: 0.1, Avg: 0.1, Max: 0.2, Diff: 0.0, Sum: 0.3]
      [GC Worker Total (ms): Min: 163.1, Avg: 164.7, Max: 166.3, Diff: 3.2, Sum: 329.4]
      [GC Worker End (ms): Min: 1644518.5, Avg: 1644518.5, Max: 1644518.5, Diff: 0.0]
   [Code Root Fixup: 0.3 ms]
   [Code Root Migration: 0.0 ms]
   [Clear CT: 0.4 ms]
   [Other: 7.4 ms]
      [Choose CSet: 0.0 ms]
      [Ref Proc: 1.8 ms]
      [Ref Enq: 0.2 ms]
      [Free CSet: 0.6 ms]
   [Eden: 178.0M(178.0M)->0.0B(218.0M) Survivors: 26.0M->22.0M Heap: 2047.0M(4096.0M)->1887.0M(4096.0M)]
 [Times: user=0.34 sys=0.00, real=0.17 secs] 
2016-08-30T14:03:14.390+0200: 1644.525: [GC concurrent-root-region-scan-start]
2016-08-30T14:03:14.398+0200: 1644.532: [GC concurrent-root-region-scan-end, 0.0075440 secs]
2016-08-30T14:03:14.398+0200: 1644.532: [GC concurrent-mark-start]
2016-08-30T14:03:15.265+0200: 1645.399: [GC concurrent-mark-end, 0.8672820 secs]
2016-08-30T14:03:15.267+0200: 1645.401: [GC remark 2016-08-30T14:03:15.269+0200: 1645.403: [GC ref-proc, 0.0728180 secs], 0.0919280 secs]
 [Times: user=0.11 sys=0.00, real=0.09 secs] 
2016-08-30T14:03:15.367+0200: 1645.501: [GC cleanup 1917M->1807M(4096M), 0.0239670 secs]
 [Times: user=0.04 sys=0.00, real=0.02 secs] 
2016-08-30T14:03:15.392+0200: 1645.526: [GC concurrent-cleanup-start]
2016-08-30T14:03:15.392+0200: 1645.526: [GC concurrent-cleanup-end, 0.0003160 secs]
2016-08-30T14:03:21.476+0200: 1651.611: [GC pause (young), 0.1554530 secs]
   [Parallel Time: 148.8 ms, GC Workers: 2]
      [GC Worker Start (ms): Min: 1651612.5, Avg: 1651612.5, Max: 1651612.6, Diff: 0.0]
      [Ext Root Scanning (ms): Min: 51.6, Avg: 58.1, Max: 64.6, Diff: 13.0, Sum: 116.2]
      [Update RS (ms): Min: 40.2, Avg: 46.8, Max: 53.3, Diff: 13.0, Sum: 93.5]
         [Processed Buffers: Min: 385, Avg: 417.5, Max: 450, Diff: 65, Sum: 835]
      [Scan RS (ms): Min: 6.8, Avg: 6.9, Max: 7.0, Diff: 0.2, Sum: 13.7]
      [Code Root Scanning (ms): Min: 0.1, Avg: 0.1, Max: 0.1, Diff: 0.0, Sum: 0.2]
      [Object Copy (ms): Min: 36.7, Avg: 36.7, Max: 36.8, Diff: 0.2, Sum: 73.5]
      [Termination (ms): Min: 0.0, Avg: 0.0, Max: 0.0, Diff: 0.0, Sum: 0.0]
      [GC Worker Other (ms): Min: 0.2, Avg: 0.2, Max: 0.2, Diff: 0.0, Sum: 0.3]
      [GC Worker Total (ms): Min: 148.7, Avg: 148.7, Max: 148.7, Diff: 0.0, Sum: 297.4]
      [GC Worker End (ms): Min: 1651761.3, Avg: 1651761.3, Max: 1651761.3, Diff: 0.0]
   [Code Root Fixup: 0.2 ms]
   [Code Root Migration: 0.0 ms]
   [Clear CT: 0.4 ms]
   [Other: 6.0 ms]
      [Choose CSet: 0.0 ms]
      [Ref Proc: 2.4 ms]
      [Ref Enq: 0.1 ms]
      [Free CSet: 0.5 ms]
   [Eden: 218.0M(218.0M)->0.0B(182.0M) Survivors: 22.0M->22.0M Heap: 1995.0M(4096.0M)->1796.0M(4096.0M)]
 [Times: user=0.29 sys=0.01, real=0.15 secs] 
2016-08-30T14:03:28.694+0200: 1658.829: [GC pause (mixed), 0.1819270 secs]
   [Parallel Time: 175.9 ms, GC Workers: 2]
      [GC Worker Start (ms): Min: 1658830.2, Avg: 1658832.1, Max: 1658834.0, Diff: 3.8]
      [Ext Root Scanning (ms): Min: 50.3, Avg: 55.4, Max: 60.5, Diff: 10.2, Sum: 110.9]
      [Update RS (ms): Min: 49.7, Avg: 52.8, Max: 55.9, Diff: 6.2, Sum: 105.6]
         [Processed Buffers: Min: 371, Avg: 373.0, Max: 375, Diff: 4, Sum: 746]
      [Scan RS (ms): Min: 17.6, Avg: 19.0, Max: 20.5, Diff: 2.9, Sum: 38.1]
      [Code Root Scanning (ms): Min: 0.0, Avg: 0.1, Max: 0.1, Diff: 0.1, Sum: 0.2]
      [Object Copy (ms): Min: 44.0, Avg: 46.5, Max: 48.9, Diff: 4.8, Sum: 92.9]
      [Termination (ms): Min: 0.0, Avg: 0.1, Max: 0.1, Diff: 0.1, Sum: 0.1]
      [GC Worker Other (ms): Min: 0.1, Avg: 0.1, Max: 0.1, Diff: 0.0, Sum: 0.2]
      [GC Worker Total (ms): Min: 172.1, Avg: 174.0, Max: 175.9, Diff: 3.8, Sum: 347.9]
      [GC Worker End (ms): Min: 1659006.0, Avg: 1659006.0, Max: 1659006.0, Diff: 0.0]
   [Code Root Fixup: 0.2 ms]
   [Code Root Migration: 0.1 ms]
   [Clear CT: 1.0 ms]
   [Other: 4.8 ms]
      [Choose CSet: 0.1 ms]
      [Ref Proc: 1.4 ms]
      [Ref Enq: 0.1 ms]
      [Free CSet: 0.9 ms]
   [Eden: 182.0M(182.0M)->0.0B(186.0M) Survivors: 22.0M->18.0M Heap: 1978.0M(4096.0M)->1612.0M(4096.0M)]
 [Times: user=0.19 sys=0.00, real=0.19 secs] 
2016-08-30T14:03:36.294+0200: 1666.429: [GC pause (mixed), 0.1892750 secs]
   [Parallel Time: 180.1 ms, GC Workers: 2]
      [GC Worker Start (ms): Min: 1666430.9, Avg: 1666432.5, Max: 1666434.0, Diff: 3.0]
      [Ext Root Scanning (ms): Min: 53.8, Avg: 54.9, Max: 56.1, Diff: 2.3, Sum: 109.9]
      [Update RS (ms): Min: 44.0, Avg: 44.2, Max: 44.5, Diff: 0.6, Sum: 88.5]
         [Processed Buffers: Min: 353, Avg: 359.0, Max: 365, Diff: 12, Sum: 718]
      [Scan RS (ms): Min: 25.8, Avg: 26.5, Max: 27.2, Diff: 1.5, Sum: 53.0]
      [Code Root Scanning (ms): Min: 0.1, Avg: 0.1, Max: 0.2, Diff: 0.1, Sum: 0.3]
      [Object Copy (ms): Min: 51.8, Avg: 52.6, Max: 53.4, Diff: 1.6, Sum: 105.2]
      [Termination (ms): Min: 0.0, Avg: 0.0, Max: 0.0, Diff: 0.0, Sum: 0.0]
      [GC Worker Other (ms): Min: 0.0, Avg: 0.1, Max: 0.2, Diff: 0.1, Sum: 0.2]
      [GC Worker Total (ms): Min: 177.0, Avg: 178.5, Max: 180.1, Diff: 3.0, Sum: 357.1]
      [GC Worker End (ms): Min: 1666611.0, Avg: 1666611.0, Max: 1666611.0, Diff: 0.0]
   [Code Root Fixup: 0.3 ms]
   [Code Root Migration: 0.1 ms]
   [Clear CT: 0.8 ms]
   [Other: 8.0 ms]
      [Choose CSet: 0.3 ms]
      [Ref Proc: 2.4 ms]
      [Ref Enq: 0.2 ms]
      [Free CSet: 1.5 ms]
   [Eden: 186.0M(186.0M)->0.0B(184.0M) Survivors: 18.0M->20.0M Heap: 1798.0M(4096.0M)->1436.0M(4096.0M)]
 [Times: user=0.36 sys=0.00, real=0.19 secs] 
2016-08-30T14:03:43.007+0200: 1673.141: [GC pause (mixed), 0.2182720 secs]
   [Parallel Time: 209.1 ms, GC Workers: 2]
      [GC Worker Start (ms): Min: 1673143.5, Avg: 1673143.6, Max: 1673143.7, Diff: 0.1]
      [Ext Root Scanning (ms): Min: 49.8, Avg: 50.4, Max: 51.0, Diff: 1.2, Sum: 100.8]
      [Update RS (ms): Min: 36.8, Avg: 38.0, Max: 39.2, Diff: 2.4, Sum: 76.0]
         [Processed Buffers: Min: 365, Avg: 383.0, Max: 401, Diff: 36, Sum: 766]
      [Scan RS (ms): Min: 43.0, Avg: 43.9, Max: 44.8, Diff: 1.8, Sum: 87.8]
      [Code Root Scanning (ms): Min: 0.1, Avg: 0.2, Max: 0.2, Diff: 0.1, Sum: 0.3]
      [Object Copy (ms): Min: 76.1, Avg: 76.3, Max: 76.5, Diff: 0.4, Sum: 152.6]
      [Termination (ms): Min: 0.0, Avg: 0.0, Max: 0.0, Diff: 0.0, Sum: 0.0]
      [GC Worker Other (ms): Min: 0.2, Avg: 0.2, Max: 0.2, Diff: 0.0, Sum: 0.3]
      [GC Worker Total (ms): Min: 208.8, Avg: 208.9, Max: 209.0, Diff: 0.1, Sum: 417.8]
      [GC Worker End (ms): Min: 1673352.5, Avg: 1673352.5, Max: 1673352.5, Diff: 0.0]
   [Code Root Fixup: 0.5 ms]
   [Code Root Migration: 0.1 ms]
   [Clear CT: 0.8 ms]
   [Other: 7.9 ms]
      [Choose CSet: 0.4 ms]
      [Ref Proc: 2.0 ms]
      [Ref Enq: 0.2 ms]
      [Free CSet: 1.7 ms]
   [Eden: 184.0M(184.0M)->0.0B(178.0M) Survivors: 20.0M->26.0M Heap: 1620.0M(4096.0M)->1280.0M(4096.0M)]
 [Times: user=0.42 sys=0.01, real=0.22 secs] 
2016-08-30T14:03:49.650+0200: 1679.785: [GC pause (mixed), 0.2376860 secs]
   [Parallel Time: 229.9 ms, GC Workers: 2]
      [GC Worker Start (ms): Min: 1679787.3, Avg: 1679787.3, Max: 1679787.3, Diff: 0.0]
      [Ext Root Scanning (ms): Min: 50.2, Avg: 50.5, Max: 50.7, Diff: 0.5, Sum: 100.9]
      [Update RS (ms): Min: 32.5, Avg: 33.4, Max: 34.3, Diff: 1.9, Sum: 66.8]
         [Processed Buffers: Min: 357, Avg: 358.0, Max: 359, Diff: 2, Sum: 716]
      [Scan RS (ms): Min: 59.5, Avg: 60.2, Max: 60.9, Diff: 1.4, Sum: 120.4]
      [Code Root Scanning (ms): Min: 0.1, Avg: 0.2, Max: 0.2, Diff: 0.1, Sum: 0.3]
      [Object Copy (ms): Min: 85.0, Avg: 85.4, Max: 85.8, Diff: 0.8, Sum: 170.8]
      [Termination (ms): Min: 0.0, Avg: 0.0, Max: 0.0, Diff: 0.0, Sum: 0.0]
      [GC Worker Other (ms): Min: 0.1, Avg: 0.1, Max: 0.2, Diff: 0.1, Sum: 0.3]
      [GC Worker Total (ms): Min: 229.7, Avg: 229.7, Max: 229.8, Diff: 0.0, Sum: 459.5]
      [GC Worker End (ms): Min: 1680017.0, Avg: 1680017.0, Max: 1680017.0, Diff: 0.0]
   [Code Root Fixup: 0.3 ms]
   [Code Root Migration: 0.1 ms]
   [Clear CT: 0.6 ms]
   [Other: 6.8 ms]
      [Choose CSet: 0.7 ms]
      [Ref Proc: 1.4 ms]
      [Ref Enq: 0.1 ms]
      [Free CSet: 1.4 ms]
   [Eden: 178.0M(178.0M)->0.0B(184.0M) Survivors: 26.0M->20.0M Heap: 1458.0M(4096.0M)->1130.0M(4096.0M)]
 [Times: user=0.46 sys=0.01, real=0.24 secs] 
2016-08-30T14:03:56.679+0200: 1686.814: [GC pause (mixed), 0.2447550 secs]
   [Parallel Time: 236.4 ms, GC Workers: 2]
      [GC Worker Start (ms): Min: 1686816.5, Avg: 1686817.4, Max: 1686818.4, Diff: 1.9]
      [Ext Root Scanning (ms): Min: 50.7, Avg: 51.4, Max: 52.1, Diff: 1.3, Sum: 102.8]
      [Update RS (ms): Min: 36.3, Avg: 37.2, Max: 38.1, Diff: 1.8, Sum: 74.4]
         [Processed Buffers: Min: 354, Avg: 363.0, Max: 372, Diff: 18, Sum: 726]
      [Scan RS (ms): Min: 74.6, Avg: 75.0, Max: 75.5, Diff: 0.9, Sum: 150.1]
      [Code Root Scanning (ms): Min: 0.1, Avg: 0.2, Max: 0.2, Diff: 0.2, Sum: 0.3]
      [Object Copy (ms): Min: 71.3, Avg: 71.4, Max: 71.5, Diff: 0.2, Sum: 142.9]
      [Termination (ms): Min: 0.0, Avg: 0.0, Max: 0.0, Diff: 0.0, Sum: 0.0]
      [GC Worker Other (ms): Min: 0.1, Avg: 0.1, Max: 0.2, Diff: 0.0, Sum: 0.3]
      [GC Worker Total (ms): Min: 234.4, Avg: 235.4, Max: 236.3, Diff: 1.9, Sum: 470.8]
      [GC Worker End (ms): Min: 1687052.8, Avg: 1687052.8, Max: 1687052.8, Diff: 0.0]
   [Code Root Fixup: 0.2 ms]
   [Code Root Migration: 0.1 ms]
   [Clear CT: 0.6 ms]
   [Other: 7.4 ms]
      [Choose CSet: 1.0 ms]
      [Ref Proc: 1.4 ms]
      [Ref Enq: 0.1 ms]
      [Free CSet: 1.6 ms]
   [Eden: 184.0M(184.0M)->0.0B(184.0M) Survivors: 20.0M->20.0M Heap: 1314.0M(4096.0M)->983.0M(4096.0M)]
 [Times: user=0.48 sys=0.00, real=0.24 secs] 
2016-08-30T14:04:04.667+0200: 1694.802: [GC pause (mixed), 0.1663400 secs]
   [Parallel Time: 159.0 ms, GC Workers: 2]
      [GC Worker Start (ms): Min: 1694803.5, Avg: 1694803.5, Max: 1694803.5, Diff: 0.0]
      [Ext Root Scanning (ms): Min: 51.4, Avg: 52.5, Max: 53.6, Diff: 2.2, Sum: 105.0]
      [Update RS (ms): Min: 47.9, Avg: 48.3, Max: 48.7, Diff: 0.9, Sum: 96.6]
         [Processed Buffers: Min: 338, Avg: 368.0, Max: 398, Diff: 60, Sum: 736]
      [Scan RS (ms): Min: 15.2, Avg: 15.4, Max: 15.7, Diff: 0.5, Sum: 30.8]
      [Code Root Scanning (ms): Min: 0.0, Avg: 0.1, Max: 0.1, Diff: 0.1, Sum: 0.2]
      [Object Copy (ms): Min: 42.0, Avg: 42.5, Max: 43.0, Diff: 1.0, Sum: 85.0]
      [Termination (ms): Min: 0.0, Avg: 0.0, Max: 0.0, Diff: 0.0, Sum: 0.0]
      [GC Worker Other (ms): Min: 0.1, Avg: 0.2, Max: 0.2, Diff: 0.0, Sum: 0.3]
      [GC Worker Total (ms): Min: 158.9, Avg: 158.9, Max: 158.9, Diff: 0.0, Sum: 317.8]
      [GC Worker End (ms): Min: 1694962.4, Avg: 1694962.4, Max: 1694962.4, Diff: 0.0]
   [Code Root Fixup: 0.3 ms]
   [Code Root Migration: 0.0 ms]
   [Clear CT: 0.7 ms]
   [Other: 6.3 ms]
      [Choose CSet: 0.1 ms]
      [Ref Proc: 2.0 ms]
      [Ref Enq: 0.2 ms]
      [Free CSet: 0.7 ms]
   [Eden: 184.0M(184.0M)->0.0B(184.0M) Survivors: 20.0M->20.0M Heap: 1167.0M(4096.0M)->988.0M(4096.0M)]
 [Times: user=0.31 sys=0.01, real=0.17 secs] 
2016-08-30T14:04:11.486+0200: 1701.621: [GC pause (young), 0.1475890 secs]
   [Parallel Time: 142.2 ms, GC Workers: 2]
      [GC Worker Start (ms): Min: 1701622.6, Avg: 1701622.7, Max: 1701622.7, Diff: 0.0]
      [Ext Root Scanning (ms): Min: 51.5, Avg: 55.3, Max: 59.2, Diff: 7.7, Sum: 110.6]
      [Update RS (ms): Min: 34.7, Avg: 42.3, Max: 49.9, Diff: 15.2, Sum: 84.5]
         [Processed Buffers: Min: 346, Avg: 378.0, Max: 410, Diff: 64, Sum: 756]
      [Scan RS (ms): Min: 6.7, Avg: 6.8, Max: 6.8, Diff: 0.0, Sum: 13.5]
      [Code Root Scanning (ms): Min: 0.1, Avg: 0.1, Max: 0.1, Diff: 0.0, Sum: 0.1]
      [Object Copy (ms): Min: 33.6, Avg: 37.4, Max: 41.3, Diff: 7.7, Sum: 74.9]
      [Termination (ms): Min: 0.0, Avg: 0.0, Max: 0.1, Diff: 0.0, Sum: 0.1]
      [GC Worker Other (ms): Min: 0.1, Avg: 0.1, Max: 0.1, Diff: 0.1, Sum: 0.2]
      [GC Worker Total (ms): Min: 142.0, Avg: 142.0, Max: 142.0, Diff: 0.0, Sum: 284.0]
      [GC Worker End (ms): Min: 1701764.6, Avg: 1701764.7, Max: 1701764.7, Diff: 0.0]
   [Code Root Fixup: 0.2 ms]
   [Code Root Migration: 0.0 ms]
   [Clear CT: 0.3 ms]
   [Other: 4.9 ms]
      [Choose CSet: 0.0 ms]
      [Ref Proc: 1.3 ms]
      [Ref Enq: 0.1 ms]
      [Free CSet: 0.5 ms]
   [Eden: 184.0M(184.0M)->0.0B(182.0M) Survivors: 20.0M->22.0M Heap: 1172.0M(4096.0M)->1007.0M(4096.0M)]
 [Times: user=0.27 sys=0.00, real=0.15 secs] 
2016-08-30T14:04:18.170+0200: 1708.305: [GC pause (young), 0.1472970 secs]
   [Parallel Time: 140.5 ms, GC Workers: 2]
      [GC Worker Start (ms): Min: 1708306.6, Avg: 1708306.6, Max: 1708306.7, Diff: 0.0]
      [Ext Root Scanning (ms): Min: 50.8, Avg: 51.8, Max: 52.8, Diff: 1.9, Sum: 103.6]
      [Update RS (ms): Min: 40.1, Avg: 40.3, Max: 40.4, Diff: 0.3, Sum: 80.6]
         [Processed Buffers: Min: 345, Avg: 384.5, Max: 424, Diff: 79, Sum: 769]
      [Scan RS (ms): Min: 6.5, Avg: 7.1, Max: 7.7, Diff: 1.2, Sum: 14.2]
      [Code Root Scanning (ms): Min: 0.0, Avg: 0.1, Max: 0.1, Diff: 0.1, Sum: 0.1]
      [Object Copy (ms): Min: 40.8, Avg: 41.0, Max: 41.2, Diff: 0.4, Sum: 82.0]
      [Termination (ms): Min: 0.0, Avg: 0.0, Max: 0.0, Diff: 0.0, Sum: 0.0]
      [GC Worker Other (ms): Min: 0.1, Avg: 0.2, Max: 0.2, Diff: 0.1, Sum: 0.3]
      [GC Worker Total (ms): Min: 140.4, Avg: 140.4, Max: 140.5, Diff: 0.0, Sum: 280.9]
      [GC Worker End (ms): Min: 1708447.1, Avg: 1708447.1, Max: 1708447.1, Diff: 0.0]
   [Code Root Fixup: 0.3 ms]
   [Code Root Migration: 0.0 ms]
   [Clear CT: 0.5 ms]
   [Other: 6.0 ms]
      [Choose CSet: 0.0 ms]
      [Ref Proc: 2.0 ms]
      [Ref Enq: 0.2 ms]
      [Free CSet: 0.5 ms]
   [Eden: 182.0M(182.0M)->0.0B(180.0M) Survivors: 22.0M->24.0M Heap: 1189.0M(4096.0M)->1029.0M(4096.0M)]
 [Times: user=0.28 sys=0.00, real=0.15 secs] 
2016-08-30T14:04:25.271+0200: 1715.406: [GC pause (young), 0.1495320 secs]
   [Parallel Time: 142.6 ms, GC Workers: 2]
      [GC Worker Start (ms): Min: 1715408.1, Avg: 1715408.1, Max: 1715408.1, Diff: 0.0]
      [Ext Root Scanning (ms): Min: 51.7, Avg: 55.1, Max: 58.5, Diff: 6.8, Sum: 110.3]
      [Update RS (ms): Min: 37.9, Avg: 41.1, Max: 44.3, Diff: 6.3, Sum: 82.2]
         [Processed Buffers: Min: 340, Avg: 347.0, Max: 354, Diff: 14, Sum: 694]
      [Scan RS (ms): Min: 6.0, Avg: 6.1, Max: 6.3, Diff: 0.4, Sum: 12.3]
      [Code Root Scanning (ms): Min: 0.1, Avg: 0.1, Max: 0.1, Diff: 0.0, Sum: 0.1]
      [Object Copy (ms): Min: 39.8, Avg: 39.9, Max: 40.0, Diff: 0.1, Sum: 79.8]
      [Termination (ms): Min: 0.0, Avg: 0.0, Max: 0.0, Diff: 0.0, Sum: 0.0]
      [GC Worker Other (ms): Min: 0.1, Avg: 0.2, Max: 0.2, Diff: 0.0, Sum: 0.3]
      [GC Worker Total (ms): Min: 142.5, Avg: 142.5, Max: 142.5, Diff: 0.0, Sum: 285.0]
      [GC Worker End (ms): Min: 1715550.6, Avg: 1715550.6, Max: 1715550.6, Diff: 0.0]
   [Code Root Fixup: 0.3 ms]
   [Code Root Migration: 0.0 ms]
   [Clear CT: 0.4 ms]
   [Other: 6.2 ms]
      [Choose CSet: 0.0 ms]
      [Ref Proc: 2.0 ms]
      [Ref Enq: 0.2 ms]
      [Free CSet: 0.5 ms]
   [Eden: 180.0M(180.0M)->0.0B(184.0M) Survivors: 24.0M->20.0M Heap: 1209.0M(4096.0M)->1045.0M(4096.0M)]
 [Times: user=0.29 sys=0.00, real=0.15 secs] 
2016-08-30T14:04:32.232+0200: 1722.366: [GC pause (young), 0.1424240 secs]
   [Parallel Time: 136.9 ms, GC Workers: 2]
      [GC Worker Start (ms): Min: 1722368.2, Avg: 1722368.2, Max: 1722368.2, Diff: 0.0]
      [Ext Root Scanning (ms): Min: 51.1, Avg: 51.1, Max: 51.1, Diff: 0.0, Sum: 102.2]
      [Update RS (ms): Min: 41.4, Avg: 41.7, Max: 42.1, Diff: 0.6, Sum: 83.5]
         [Processed Buffers: Min: 366, Avg: 369.0, Max: 372, Diff: 6, Sum: 738]
      [Scan RS (ms): Min: 5.9, Avg: 6.1, Max: 6.3, Diff: 0.4, Sum: 12.1]
      [Code Root Scanning (ms): Min: 0.1, Avg: 0.1, Max: 0.1, Diff: 0.0, Sum: 0.1]
      [Object Copy (ms): Min: 37.6, Avg: 37.7, Max: 37.9, Diff: 0.2, Sum: 75.5]
      [Termination (ms): Min: 0.0, Avg: 0.0, Max: 0.0, Diff: 0.0, Sum: 0.0]
      [GC Worker Other (ms): Min: 0.1, Avg: 0.1, Max: 0.2, Diff: 0.0, Sum: 0.3]
      [GC Worker Total (ms): Min: 136.8, Avg: 136.8, Max: 136.9, Diff: 0.0, Sum: 273.7]
      [GC Worker End (ms): Min: 1722505.0, Avg: 1722505.0, Max: 1722505.0, Diff: 0.0]
   [Code Root Fixup: 0.2 ms]
   [Code Root Migration: 0.0 ms]
   [Clear CT: 0.3 ms]
   [Other: 5.0 ms]
      [Choose CSet: 0.0 ms]
      [Ref Proc: 1.5 ms]
      [Ref Enq: 0.1 ms]
      [Free CSet: 0.4 ms]
   [Eden: 184.0M(184.0M)->0.0B(312.0M) Survivors: 20.0M->20.0M Heap: 1229.0M(4096.0M)->1061.0M(4096.0M)]
 [Times: user=0.28 sys=0.00, real=0.15 secs] 
2016-08-30T14:04:43.807+0200: 1733.941: [GC pause (young), 0.1773800 secs]
   [Parallel Time: 167.8 ms, GC Workers: 2]
      [GC Worker Start (ms): Min: 1733943.2, Avg: 1733943.3, Max: 1733943.3, Diff: 0.1]
      [Ext Root Scanning (ms): Min: 53.1, Avg: 54.1, Max: 55.1, Diff: 2.0, Sum: 108.2]
      [Update RS (ms): Min: 54.3, Avg: 54.3, Max: 54.3, Diff: 0.0, Sum: 108.6]
         [Processed Buffers: Min: 450, Avg: 456.5, Max: 463, Diff: 13, Sum: 913]
      [Scan RS (ms): Min: 7.7, Avg: 8.2, Max: 8.6, Diff: 0.9, Sum: 16.4]
      [Code Root Scanning (ms): Min: 0.1, Avg: 0.1, Max: 0.2, Diff: 0.1, Sum: 0.2]
      [Object Copy (ms): Min: 50.2, Avg: 50.8, Max: 51.3, Diff: 1.0, Sum: 101.5]
      [Termination (ms): Min: 0.0, Avg: 0.0, Max: 0.0, Diff: 0.0, Sum: 0.0]
      [GC Worker Other (ms): Min: 0.2, Avg: 0.2, Max: 0.2, Diff: 0.1, Sum: 0.4]
      [GC Worker Total (ms): Min: 167.7, Avg: 167.7, Max: 167.7, Diff: 0.1, Sum: 335.4]
      [GC Worker End (ms): Min: 1734111.0, Avg: 1734111.0, Max: 1734111.0, Diff: 0.0]
   [Code Root Fixup: 0.4 ms]
   [Code Root Migration: 0.1 ms]
   [Clear CT: 0.4 ms]
   [Other: 8.7 ms]
      [Choose CSet: 0.0 ms]
      [Ref Proc: 4.0 ms]
      [Ref Enq: 0.3 ms]
      [Free CSet: 0.9 ms]
   [Eden: 312.0M(312.0M)->0.0B(250.0M) Survivors: 20.0M->42.0M Heap: 1373.0M(4096.0M)->1090.0M(4096.0M)]
 [Times: user=0.34 sys=0.00, real=0.17 secs] 
2016-08-30T14:04:52.727+0200: 1742.861: [GC pause (young), 0.1668490 secs]
   [Parallel Time: 160.4 ms, GC Workers: 2]
      [GC Worker Start (ms): Min: 1742863.2, Avg: 1742863.2, Max: 1742863.2, Diff: 0.0]
      [Ext Root Scanning (ms): Min: 52.1, Avg: 52.2, Max: 52.2, Diff: 0.1, Sum: 104.4]
      [Update RS (ms): Min: 47.7, Avg: 47.7, Max: 47.7, Diff: 0.1, Sum: 95.4]
         [Processed Buffers: Min: 420, Avg: 446.5, Max: 473, Diff: 53, Sum: 893]
      [Scan RS (ms): Min: 12.3, Avg: 12.4, Max: 12.5, Diff: 0.2, Sum: 24.8]
      [Code Root Scanning (ms): Min: 0.1, Avg: 0.1, Max: 0.1, Diff: 0.0, Sum: 0.3]
      [Object Copy (ms): Min: 47.8, Avg: 47.8, Max: 47.8, Diff: 0.0, Sum: 95.5]
      [Termination (ms): Min: 0.0, Avg: 0.0, Max: 0.0, Diff: 0.0, Sum: 0.0]
      [GC Worker Other (ms): Min: 0.1, Avg: 0.1, Max: 0.2, Diff: 0.0, Sum: 0.3]
      [GC Worker Total (ms): Min: 160.3, Avg: 160.3, Max: 160.3, Diff: 0.0, Sum: 320.7]
      [GC Worker End (ms): Min: 1743023.5, Avg: 1743023.5, Max: 1743023.5, Diff: 0.0]
   [Code Root Fixup: 0.2 ms]
   [Code Root Migration: 0.0 ms]
   [Clear CT: 0.3 ms]
   [Other: 5.9 ms]
      [Choose CSet: 0.0 ms]
      [Ref Proc: 2.1 ms]
      [Ref Enq: 0.1 ms]
      [Free CSet: 0.5 ms]
   [Eden: 250.0M(250.0M)->0.0B(364.0M) Survivors: 42.0M->26.0M Heap: 1340.0M(4096.0M)->1113.0M(4096.0M)]
 [Times: user=0.33 sys=0.00, real=0.17 secs] 
2016-08-30T14:05:06.753+0200: 1756.887: [GC pause (young), 0.1836870 secs]
   [Parallel Time: 172.0 ms, GC Workers: 2]
      [GC Worker Start (ms): Min: 1756889.4, Avg: 1756889.4, Max: 1756889.4, Diff: 0.0]
      [Ext Root Scanning (ms): Min: 50.0, Avg: 50.2, Max: 50.4, Diff: 0.4, Sum: 100.4]
      [Update RS (ms): Min: 53.7, Avg: 54.4, Max: 55.1, Diff: 1.4, Sum: 108.9]
         [Processed Buffers: Min: 414, Avg: 448.5, Max: 483, Diff: 69, Sum: 897]
      [Scan RS (ms): Min: 9.4, Avg: 9.9, Max: 10.3, Diff: 0.9, Sum: 19.7]
      [Code Root Scanning (ms): Min: 0.1, Avg: 0.1, Max: 0.2, Diff: 0.1, Sum: 0.3]
      [Object Copy (ms): Min: 56.7, Avg: 57.2, Max: 57.6, Diff: 0.9, Sum: 114.3]
      [Termination (ms): Min: 0.0, Avg: 0.0, Max: 0.0, Diff: 0.0, Sum: 0.0]
      [GC Worker Other (ms): Min: 0.1, Avg: 0.1, Max: 0.2, Diff: 0.0, Sum: 0.3]
      [GC Worker Total (ms): Min: 171.9, Avg: 171.9, Max: 171.9, Diff: 0.0, Sum: 343.9]
      [GC Worker End (ms): Min: 1757061.4, Avg: 1757061.4, Max: 1757061.4, Diff: 0.0]
   [Code Root Fixup: 0.4 ms]
   [Code Root Migration: 0.1 ms]
   [Clear CT: 0.5 ms]
   [Other: 10.7 ms]
      [Choose CSet: 0.0 ms]
      [Ref Proc: 6.0 ms]
      [Ref Enq: 0.4 ms]
      [Free CSet: 0.9 ms]
   [Eden: 364.0M(364.0M)->0.0B(230.0M) Survivors: 26.0M->50.0M Heap: 1477.0M(4096.0M)->1140.0M(4096.0M)]
 [Times: user=0.36 sys=0.00, real=0.18 secs] 
2016-08-30T14:05:14.684+0200: 1764.818: [GC pause (young), 0.1823070 secs]
   [Parallel Time: 174.4 ms, GC Workers: 2]
      [GC Worker Start (ms): Min: 1764820.0, Avg: 1764820.1, Max: 1764820.1, Diff: 0.0]
      [Ext Root Scanning (ms): Min: 49.9, Avg: 50.3, Max: 50.6, Diff: 0.7, Sum: 100.5]
      [Update RS (ms): Min: 45.9, Avg: 46.0, Max: 46.0, Diff: 0.1, Sum: 92.0]
         [Processed Buffers: Min: 380, Avg: 397.5, Max: 415, Diff: 35, Sum: 795]
      [Scan RS (ms): Min: 11.4, Avg: 12.0, Max: 12.6, Diff: 1.2, Sum: 24.0]
      [Code Root Scanning (ms): Min: 0.0, Avg: 0.1, Max: 0.2, Diff: 0.2, Sum: 0.2]
      [Object Copy (ms): Min: 65.4, Avg: 65.7, Max: 66.0, Diff: 0.6, Sum: 131.4]
      [Termination (ms): Min: 0.0, Avg: 0.0, Max: 0.0, Diff: 0.0, Sum: 0.0]
      [GC Worker Other (ms): Min: 0.1, Avg: 0.1, Max: 0.2, Diff: 0.0, Sum: 0.3]
      [GC Worker Total (ms): Min: 174.2, Avg: 174.2, Max: 174.2, Diff: 0.0, Sum: 348.4]
      [GC Worker End (ms): Min: 1764994.3, Avg: 1764994.3, Max: 1764994.3, Diff: 0.0]
   [Code Root Fixup: 0.3 ms]
   [Code Root Migration: 0.1 ms]
   [Clear CT: 0.5 ms]
   [Other: 7.2 ms]
      [Choose CSet: 0.0 ms]
      [Ref Proc: 2.8 ms]
      [Ref Enq: 0.3 ms]
      [Free CSet: 0.7 ms]
   [Eden: 230.0M(230.0M)->0.0B(404.0M) Survivors: 50.0M->26.0M Heap: 1370.0M(4096.0M)->1159.0M(4096.0M)]
 [Times: user=0.35 sys=0.00, real=0.18 secs] 
2016-08-30T14:05:31.649+0200: 1781.783: [GC pause (young), 0.1339100 secs]
   [Parallel Time: 125.1 ms, GC Workers: 2]
      [GC Worker Start (ms): Min: 1781785.9, Avg: 1781786.0, Max: 1781786.0, Diff: 0.0]
      [Ext Root Scanning (ms): Min: 35.8, Avg: 40.9, Max: 46.1, Diff: 10.3, Sum: 81.9]
      [Update RS (ms): Min: 37.5, Avg: 43.1, Max: 48.7, Diff: 11.3, Sum: 86.2]
         [Processed Buffers: Min: 352, Avg: 428.5, Max: 505, Diff: 153, Sum: 857]
      [Scan RS (ms): Min: 5.9, Avg: 6.4, Max: 6.9, Diff: 1.0, Sum: 12.8]
      [Code Root Scanning (ms): Min: 0.0, Avg: 0.1, Max: 0.1, Diff: 0.1, Sum: 0.2]
      [Object Copy (ms): Min: 34.4, Avg: 34.4, Max: 34.4, Diff: 0.0, Sum: 68.8]
      [Termination (ms): Min: 0.0, Avg: 0.0, Max: 0.0, Diff: 0.0, Sum: 0.0]
      [GC Worker Other (ms): Min: 0.1, Avg: 0.1, Max: 0.1, Diff: 0.0, Sum: 0.2]
      [GC Worker Total (ms): Min: 125.0, Avg: 125.0, Max: 125.0, Diff: 0.0, Sum: 250.1]
      [GC Worker End (ms): Min: 1781911.0, Avg: 1781911.0, Max: 1781911.0, Diff: 0.0]
   [Code Root Fixup: 0.4 ms]
   [Code Root Migration: 0.1 ms]
   [Clear CT: 0.3 ms]
   [Other: 8.0 ms]
      [Choose CSet: 0.0 ms]
      [Ref Proc: 3.4 ms]
      [Ref Enq: 0.2 ms]
      [Free CSet: 0.7 ms]
   [Eden: 404.0M(404.0M)->0.0B(402.0M) Survivors: 26.0M->54.0M Heap: 1563.0M(4096.0M)->1187.0M(4096.0M)]
 [Times: user=0.26 sys=0.01, real=0.13 secs] 
2016-08-30T14:05:48.114+0200: 1798.248: [GC pause (young), 0.3866680 secs]
   [Parallel Time: 379.8 ms, GC Workers: 2]
      [GC Worker Start (ms): Min: 1798249.6, Avg: 1798251.3, Max: 1798253.0, Diff: 3.4]
      [Ext Root Scanning (ms): Min: 90.4, Avg: 93.6, Max: 96.7, Diff: 6.4, Sum: 187.1]
      [Update RS (ms): Min: 127.4, Avg: 129.9, Max: 132.4, Diff: 5.0, Sum: 259.8]
         [Processed Buffers: Min: 383, Avg: 416.5, Max: 450, Diff: 67, Sum: 833]
      [Scan RS (ms): Min: 14.4, Avg: 18.1, Max: 21.8, Diff: 7.4, Sum: 36.2]
      [Code Root Scanning (ms): Min: 0.0, Avg: 0.1, Max: 0.1, Diff: 0.1, Sum: 0.1]
      [Object Copy (ms): Min: 135.0, Avg: 136.3, Max: 137.7, Diff: 2.7, Sum: 272.7]
      [Termination (ms): Min: 0.0, Avg: 0.1, Max: 0.1, Diff: 0.1, Sum: 0.1]
      [GC Worker Other (ms): Min: 0.1, Avg: 0.1, Max: 0.1, Diff: 0.0, Sum: 0.2]
      [GC Worker Total (ms): Min: 376.4, Avg: 378.1, Max: 379.8, Diff: 3.4, Sum: 756.2]
      [GC Worker End (ms): Min: 1798629.3, Avg: 1798629.4, Max: 1798629.4, Diff: 0.0]
   [Code Root Fixup: 0.2 ms]
   [Code Root Migration: 0.0 ms]
   [Clear CT: 0.5 ms]
   [Other: 6.1 ms]
      [Choose CSet: 0.0 ms]
      [Ref Proc: 2.9 ms]
      [Ref Enq: 0.2 ms]
      [Free CSet: 0.8 ms]
   [Eden: 402.0M(402.0M)->0.0B(158.0M) Survivors: 54.0M->46.0M Heap: 1589.0M(4096.0M)->1216.0M(4096.0M)]
 [Times: user=0.21 sys=0.01, real=0.39 secs] 
2016-08-30T14:05:54.076+0200: 1804.210: [GC pause (young), 0.1625000 secs]
   [Parallel Time: 154.9 ms, GC Workers: 2]
      [GC Worker Start (ms): Min: 1804212.1, Avg: 1804213.5, Max: 1804215.0, Diff: 2.9]
      [Ext Root Scanning (ms): Min: 53.3, Avg: 54.9, Max: 56.5, Diff: 3.2, Sum: 109.8]
      [Update RS (ms): Min: 36.9, Avg: 37.3, Max: 37.6, Diff: 0.7, Sum: 74.5]
         [Processed Buffers: Min: 296, Avg: 315.0, Max: 334, Diff: 38, Sum: 630]
      [Scan RS (ms): Min: 9.1, Avg: 9.4, Max: 9.8, Diff: 0.7, Sum: 18.9]
      [Code Root Scanning (ms): Min: 0.1, Avg: 0.1, Max: 0.1, Diff: 0.0, Sum: 0.1]
      [Object Copy (ms): Min: 48.6, Avg: 51.6, Max: 54.7, Diff: 6.1, Sum: 103.2]
      [Termination (ms): Min: 0.0, Avg: 0.0, Max: 0.0, Diff: 0.0, Sum: 0.0]
      [GC Worker Other (ms): Min: 0.1, Avg: 0.1, Max: 0.1, Diff: 0.0, Sum: 0.3]
      [GC Worker Total (ms): Min: 152.0, Avg: 153.4, Max: 154.9, Diff: 2.9, Sum: 306.9]
      [GC Worker End (ms): Min: 1804367.0, Avg: 1804367.0, Max: 1804367.0, Diff: 0.0]
   [Code Root Fixup: 0.3 ms]
   [Code Root Migration: 0.0 ms]
   [Clear CT: 0.4 ms]
   [Other: 6.8 ms]
      [Choose CSet: 0.0 ms]
      [Ref Proc: 2.9 ms]
      [Ref Enq: 0.1 ms]
      [Free CSet: 0.6 ms]
   [Eden: 158.0M(158.0M)->0.0B(186.0M) Survivors: 46.0M->18.0M Heap: 1374.0M(4096.0M)->1222.0M(4096.0M)]
 [Times: user=0.30 sys=0.00, real=0.17 secs] 
2016-08-30T14:06:02.162+0200: 1812.296: [GC pause (young), 0.1493110 secs]
   [Parallel Time: 142.4 ms, GC Workers: 2]
      [GC Worker Start (ms): Min: 1812297.7, Avg: 1812297.7, Max: 1812297.7, Diff: 0.0]
      [Ext Root Scanning (ms): Min: 49.8, Avg: 49.8, Max: 49.8, Diff: 0.1, Sum: 99.6]
      [Update RS (ms): Min: 43.8, Avg: 44.3, Max: 44.8, Diff: 1.0, Sum: 88.7]
         [Processed Buffers: Min: 356, Avg: 374.5, Max: 393, Diff: 37, Sum: 749]
      [Scan RS (ms): Min: 6.6, Avg: 9.1, Max: 11.6, Diff: 4.9, Sum: 18.2]
      [Code Root Scanning (ms): Min: 0.1, Avg: 0.1, Max: 0.1, Diff: 0.0, Sum: 0.1]
      [Object Copy (ms): Min: 36.9, Avg: 38.9, Max: 40.9, Diff: 4.0, Sum: 77.8]
      [Termination (ms): Min: 0.0, Avg: 0.0, Max: 0.0, Diff: 0.0, Sum: 0.0]
      [GC Worker Other (ms): Min: 0.2, Avg: 0.2, Max: 0.2, Diff: 0.0, Sum: 0.3]
      [GC Worker Total (ms): Min: 142.4, Avg: 142.4, Max: 142.4, Diff: 0.0, Sum: 284.7]
      [GC Worker End (ms): Min: 1812440.1, Avg: 1812440.1, Max: 1812440.1, Diff: 0.0]
   [Code Root Fixup: 0.4 ms]
   [Code Root Migration: 0.0 ms]
   [Clear CT: 0.5 ms]
   [Other: 6.0 ms]
      [Choose CSet: 0.0 ms]
      [Ref Proc: 2.3 ms]
      [Ref Enq: 0.2 ms]
      [Free CSet: 0.5 ms]
   [Eden: 186.0M(186.0M)->0.0B(184.0M) Survivors: 18.0M->20.0M Heap: 1408.0M(4096.0M)->1238.0M(4096.0M)]
 [Times: user=0.27 sys=0.01, real=0.15 secs] 
2016-08-30T14:06:09.180+0200: 1819.315: [GC pause (young), 0.1451450 secs]
   [Parallel Time: 138.5 ms, GC Workers: 2]
      [GC Worker Start (ms): Min: 1819316.3, Avg: 1819316.3, Max: 1819316.3, Diff: 0.0]
      [Ext Root Scanning (ms): Min: 51.1, Avg: 51.4, Max: 51.7, Diff: 0.6, Sum: 102.8]
      [Update RS (ms): Min: 41.2, Avg: 41.5, Max: 41.9, Diff: 0.7, Sum: 83.0]
         [Processed Buffers: Min: 323, Avg: 343.5, Max: 364, Diff: 41, Sum: 687]
      [Scan RS (ms): Min: 5.8, Avg: 5.9, Max: 6.0, Diff: 0.2, Sum: 11.9]
      [Code Root Scanning (ms): Min: 0.0, Avg: 0.1, Max: 0.1, Diff: 0.1, Sum: 0.1]
      [Object Copy (ms): Min: 38.8, Avg: 39.4, Max: 39.9, Diff: 1.1, Sum: 78.7]
      [Termination (ms): Min: 0.0, Avg: 0.0, Max: 0.0, Diff: 0.0, Sum: 0.0]
      [GC Worker Other (ms): Min: 0.1, Avg: 0.1, Max: 0.2, Diff: 0.0, Sum: 0.3]
      [GC Worker Total (ms): Min: 138.4, Avg: 138.4, Max: 138.5, Diff: 0.0, Sum: 276.9]
      [GC Worker End (ms): Min: 1819454.7, Avg: 1819454.7, Max: 1819454.7, Diff: 0.0]
   [Code Root Fixup: 0.3 ms]
   [Code Root Migration: 0.0 ms]
   [Clear CT: 0.4 ms]
   [Other: 5.9 ms]
      [Choose CSet: 0.0 ms]
      [Ref Proc: 2.3 ms]
      [Ref Enq: 0.2 ms]
      [Free CSet: 0.5 ms]
   [Eden: 184.0M(184.0M)->0.0B(228.0M) Survivors: 20.0M->20.0M Heap: 1422.0M(4096.0M)->1255.0M(4096.0M)]
 [Times: user=0.28 sys=0.00, real=0.14 secs] 
2016-08-30T14:06:16.951+0200: 1827.086: [GC pause (young), 0.1606090 secs]
   [Parallel Time: 152.9 ms, GC Workers: 2]
      [GC Worker Start (ms): Min: 1827087.6, Avg: 1827087.7, Max: 1827087.7, Diff: 0.0]
      [Ext Root Scanning (ms): Min: 51.0, Avg: 51.9, Max: 52.9, Diff: 1.9, Sum: 103.9]
      [Update RS (ms): Min: 47.9, Avg: 48.6, Max: 49.2, Diff: 1.4, Sum: 97.1]
         [Processed Buffers: Min: 431, Avg: 442.0, Max: 453, Diff: 22, Sum: 884]
      [Scan RS (ms): Min: 6.2, Avg: 6.7, Max: 7.2, Diff: 1.0, Sum: 13.4]
      [Code Root Scanning (ms): Min: 0.0, Avg: 0.1, Max: 0.2, Diff: 0.1, Sum: 0.2]
      [Object Copy (ms): Min: 45.1, Avg: 45.4, Max: 45.7, Diff: 0.5, Sum: 90.8]
      [Termination (ms): Min: 0.0, Avg: 0.0, Max: 0.0, Diff: 0.0, Sum: 0.0]
      [GC Worker Other (ms): Min: 0.1, Avg: 0.2, Max: 0.2, Diff: 0.0, Sum: 0.3]
      [GC Worker Total (ms): Min: 152.8, Avg: 152.8, Max: 152.9, Diff: 0.0, Sum: 305.7]
      [GC Worker End (ms): Min: 1827240.5, Avg: 1827240.5, Max: 1827240.5, Diff: 0.0]
   [Code Root Fixup: 0.3 ms]
   [Code Root Migration: 0.1 ms]
   [Clear CT: 0.4 ms]
   [Other: 6.9 ms]
      [Choose CSet: 0.0 ms]
      [Ref Proc: 2.6 ms]
      [Ref Enq: 0.2 ms]
      [Free CSet: 0.6 ms]
   [Eden: 228.0M(228.0M)->0.0B(246.0M) Survivors: 20.0M->28.0M Heap: 1483.0M(4096.0M)->1279.0M(4096.0M)]
 [Times: user=0.31 sys=0.00, real=0.16 secs] 
2016-08-30T14:06:27.131+0200: 1837.265: [GC pause (young), 0.1637070 secs]
   [Parallel Time: 155.7 ms, GC Workers: 2]
      [GC Worker Start (ms): Min: 1837267.3, Avg: 1837267.3, Max: 1837267.3, Diff: 0.0]
      [Ext Root Scanning (ms): Min: 49.6, Avg: 49.8, Max: 49.9, Diff: 0.3, Sum: 99.6]
      [Update RS (ms): Min: 50.0, Avg: 50.7, Max: 51.3, Diff: 1.3, Sum: 101.4]
         [Processed Buffers: Min: 414, Avg: 424.0, Max: 434, Diff: 20, Sum: 848]
      [Scan RS (ms): Min: 8.6, Avg: 8.9, Max: 9.2, Diff: 0.6, Sum: 17.7]
      [Code Root Scanning (ms): Min: 0.1, Avg: 0.1, Max: 0.1, Diff: 0.0, Sum: 0.2]
      [Object Copy (ms): Min: 45.5, Avg: 46.1, Max: 46.6, Diff: 1.1, Sum: 92.1]
      [Termination (ms): Min: 0.0, Avg: 0.0, Max: 0.0, Diff: 0.0, Sum: 0.0]
      [GC Worker Other (ms): Min: 0.1, Avg: 0.2, Max: 0.2, Diff: 0.0, Sum: 0.3]
      [GC Worker Total (ms): Min: 155.6, Avg: 155.6, Max: 155.7, Diff: 0.0, Sum: 311.3]
      [GC Worker End (ms): Min: 1837422.9, Avg: 1837422.9, Max: 1837422.9, Diff: 0.0]
   [Code Root Fixup: 0.3 ms]
   [Code Root Migration: 0.1 ms]
   [Clear CT: 0.4 ms]
   [Other: 7.1 ms]
      [Choose CSet: 0.0 ms]
      [Ref Proc: 2.9 ms]
      [Ref Enq: 0.2 ms]
      [Free CSet: 0.6 ms]
   [Eden: 246.0M(246.0M)->0.0B(344.0M) Survivors: 28.0M->22.0M Heap: 1525.0M(4096.0M)->1294.0M(4096.0M)]
 [Times: user=0.32 sys=0.00, real=0.17 secs] 
2016-08-30T14:06:40.630+0200: 1850.764: [GC pause (young), 0.1988280 secs]
   [Parallel Time: 186.6 ms, GC Workers: 2]
      [GC Worker Start (ms): Min: 1850766.7, Avg: 1850766.8, Max: 1850766.8, Diff: 0.1]
      [Ext Root Scanning (ms): Min: 59.5, Avg: 60.9, Max: 62.3, Diff: 2.8, Sum: 121.8]
      [Update RS (ms): Min: 56.5, Avg: 58.9, Max: 61.3, Diff: 4.8, Sum: 117.8]
         [Processed Buffers: Min: 433, Avg: 445.0, Max: 457, Diff: 24, Sum: 890]
      [Scan RS (ms): Min: 9.3, Avg: 9.9, Max: 10.5, Diff: 1.2, Sum: 19.8]
      [Code Root Scanning (ms): Min: 0.1, Avg: 0.1, Max: 0.1, Diff: 0.0, Sum: 0.3]
      [Object Copy (ms): Min: 56.1, Avg: 56.5, Max: 56.9, Diff: 0.7, Sum: 113.0]
      [Termination (ms): Min: 0.0, Avg: 0.0, Max: 0.0, Diff: 0.0, Sum: 0.0]
      [GC Worker Other (ms): Min: 0.1, Avg: 0.2, Max: 0.2, Diff: 0.1, Sum: 0.3]
      [GC Worker Total (ms): Min: 186.4, Avg: 186.5, Max: 186.5, Diff: 0.1, Sum: 373.0]
      [GC Worker End (ms): Min: 1850953.2, Avg: 1850953.2, Max: 1850953.2, Diff: 0.0]
   [Code Root Fixup: 0.4 ms]
   [Code Root Migration: 0.1 ms]
   [Clear CT: 0.5 ms]
   [Other: 11.3 ms]
      [Choose CSet: 0.0 ms]
      [Ref Proc: 6.0 ms]
      [Ref Enq: 0.3 ms]
      [Free CSet: 1.0 ms]
   [Eden: 344.0M(344.0M)->0.0B(184.0M) Survivors: 22.0M->46.0M Heap: 1638.0M(4096.0M)->1322.0M(4096.0M)]
 [Times: user=0.37 sys=0.00, real=0.20 secs] 
2016-08-30T14:06:45.120+0200: 1855.255: [GC pause (young), 0.1645410 secs]
   [Parallel Time: 157.8 ms, GC Workers: 2]
      [GC Worker Start (ms): Min: 1855256.5, Avg: 1855256.5, Max: 1855256.5, Diff: 0.0]
      [Ext Root Scanning (ms): Min: 49.5, Avg: 49.8, Max: 50.2, Diff: 0.7, Sum: 99.7]
      [Update RS (ms): Min: 37.1, Avg: 37.6, Max: 38.1, Diff: 1.0, Sum: 75.2]
         [Processed Buffers: Min: 323, Avg: 375.5, Max: 428, Diff: 105, Sum: 751]
      [Scan RS (ms): Min: 11.4, Avg: 12.1, Max: 12.7, Diff: 1.4, Sum: 24.1]
      [Code Root Scanning (ms): Min: 0.1, Avg: 0.1, Max: 0.1, Diff: 0.0, Sum: 0.1]
      [Object Copy (ms): Min: 57.6, Avg: 58.1, Max: 58.7, Diff: 1.1, Sum: 116.2]
      [Termination (ms): Min: 0.0, Avg: 0.0, Max: 0.0, Diff: 0.0, Sum: 0.0]
      [GC Worker Other (ms): Min: 0.1, Avg: 0.1, Max: 0.1, Diff: 0.0, Sum: 0.2]
      [GC Worker Total (ms): Min: 157.7, Avg: 157.7, Max: 157.8, Diff: 0.0, Sum: 315.5]
      [GC Worker End (ms): Min: 1855414.2, Avg: 1855414.2, Max: 1855414.2, Diff: 0.0]
   [Code Root Fixup: 0.4 ms]
   [Code Root Migration: 0.0 ms]
   [Clear CT: 0.5 ms]
   [Other: 5.9 ms]
      [Choose CSet: 0.0 ms]
      [Ref Proc: 1.8 ms]
      [Ref Enq: 0.2 ms]
      [Free CSet: 0.6 ms]
   [Eden: 158.0M(158.0M)->0.0B(402.0M) Survivors: 46.0M->20.0M Heap: 1480.0M(4096.0M)->1336.0M(4096.0M)]
 [Times: user=0.31 sys=0.00, real=0.17 secs] 
2016-08-30T14:07:02.112+0200: 1872.247: [GC pause (young), 0.1964150 secs]
   [Parallel Time: 184.1 ms, GC Workers: 2]
      [GC Worker Start (ms): Min: 1872249.2, Avg: 1872251.2, Max: 1872253.2, Diff: 4.1]
      [Ext Root Scanning (ms): Min: 52.1, Avg: 53.0, Max: 53.8, Diff: 1.7, Sum: 105.9]
      [Update RS (ms): Min: 63.6, Avg: 64.9, Max: 66.2, Diff: 2.7, Sum: 129.8]
         [Processed Buffers: Min: 439, Avg: 444.0, Max: 449, Diff: 10, Sum: 888]
      [Scan RS (ms): Min: 8.9, Avg: 9.2, Max: 9.5, Diff: 0.6, Sum: 18.4]
      [Code Root Scanning (ms): Min: 0.1, Avg: 0.1, Max: 0.2, Diff: 0.0, Sum: 0.3]
      [Object Copy (ms): Min: 54.4, Avg: 54.6, Max: 54.7, Diff: 0.3, Sum: 109.2]
      [Termination (ms): Min: 0.0, Avg: 0.0, Max: 0.0, Diff: 0.0, Sum: 0.0]
      [GC Worker Other (ms): Min: 0.2, Avg: 0.2, Max: 0.2, Diff: 0.0, Sum: 0.3]
      [GC Worker Total (ms): Min: 179.9, Avg: 182.0, Max: 184.0, Diff: 4.1, Sum: 363.9]
      [GC Worker End (ms): Min: 1872433.2, Avg: 1872433.2, Max: 1872433.2, Diff: 0.0]
   [Code Root Fixup: 0.4 ms]
   [Code Root Migration: 0.1 ms]
   [Clear CT: 0.5 ms]
   [Other: 11.3 ms]
      [Choose CSet: 0.0 ms]
      [Ref Proc: 5.8 ms]
      [Ref Enq: 0.4 ms]
      [Free CSet: 1.1 ms]
   [Eden: 402.0M(402.0M)->0.0B(194.0M) Survivors: 20.0M->48.0M Heap: 1738.0M(4096.0M)->1364.0M(4096.0M)]
 [Times: user=0.37 sys=0.00, real=0.20 secs] 
2016-08-30T14:07:08.985+0200: 1879.119: [GC pause (young), 0.1551030 secs]
   [Parallel Time: 149.6 ms, GC Workers: 2]
      [GC Worker Start (ms): Min: 1879120.7, Avg: 1879120.8, Max: 1879120.8, Diff: 0.0]
      [Ext Root Scanning (ms): Min: 49.9, Avg: 50.2, Max: 50.5, Diff: 0.5, Sum: 100.4]
      [Update RS (ms): Min: 37.6, Avg: 38.7, Max: 39.9, Diff: 2.2, Sum: 77.5]
         [Processed Buffers: Min: 283, Avg: 302.0, Max: 321, Diff: 38, Sum: 604]
      [Scan RS (ms): Min: 12.3, Avg: 13.1, Max: 13.8, Diff: 1.5, Sum: 26.1]
      [Code Root Scanning (ms): Min: 0.0, Avg: 0.1, Max: 0.1, Diff: 0.1, Sum: 0.2]
      [Object Copy (ms): Min: 46.7, Avg: 47.3, Max: 47.9, Diff: 1.2, Sum: 94.6]
      [Termination (ms): Min: 0.0, Avg: 0.0, Max: 0.0, Diff: 0.0, Sum: 0.0]
      [GC Worker Other (ms): Min: 0.1, Avg: 0.1, Max: 0.2, Diff: 0.0, Sum: 0.3]
      [GC Worker Total (ms): Min: 149.5, Avg: 149.5, Max: 149.6, Diff: 0.0, Sum: 299.1]
      [GC Worker End (ms): Min: 1879270.3, Avg: 1879270.3, Max: 1879270.3, Diff: 0.0]
   [Code Root Fixup: 0.2 ms]
   [Code Root Migration: 0.0 ms]
   [Clear CT: 0.4 ms]
   [Other: 4.8 ms]
      [Choose CSet: 0.0 ms]
      [Ref Proc: 1.3 ms]
      [Ref Enq: 0.1 ms]
      [Free CSet: 0.5 ms]
   [Eden: 164.0M(156.0M)->0.0B(496.0M) Survivors: 48.0M->20.0M Heap: 1528.0M(4096.0M)->1374.0M(4096.0M)]
 [Times: user=0.30 sys=0.00, real=0.16 secs] 
2016-08-30T14:07:24.962+0200: 1895.096: [GC pause (young), 0.1712740 secs]
   [Parallel Time: 163.0 ms, GC Workers: 2]
      [GC Worker Start (ms): Min: 1895098.3, Avg: 1895098.3, Max: 1895098.3, Diff: 0.0]
      [Ext Root Scanning (ms): Min: 49.7, Avg: 50.0, Max: 50.3, Diff: 0.6, Sum: 100.1]
      [Update RS (ms): Min: 56.8, Avg: 57.2, Max: 57.7, Diff: 0.9, Sum: 114.5]
         [Processed Buffers: Min: 391, Avg: 415.0, Max: 439, Diff: 48, Sum: 830]
      [Scan RS (ms): Min: 8.8, Avg: 8.9, Max: 9.1, Diff: 0.3, Sum: 17.9]
      [Code Root Scanning (ms): Min: 0.1, Avg: 0.2, Max: 0.2, Diff: 0.0, Sum: 0.3]
      [Object Copy (ms): Min: 45.8, Avg: 46.4, Max: 47.0, Diff: 1.2, Sum: 92.8]
      [Termination (ms): Min: 0.0, Avg: 0.0, Max: 0.0, Diff: 0.0, Sum: 0.0]
      [GC Worker Other (ms): Min: 0.1, Avg: 0.1, Max: 0.2, Diff: 0.0, Sum: 0.3]
      [GC Worker Total (ms): Min: 162.9, Avg: 162.9, Max: 162.9, Diff: 0.0, Sum: 325.8]
      [GC Worker End (ms): Min: 1895261.2, Avg: 1895261.2, Max: 1895261.2, Diff: 0.0]
   [Code Root Fixup: 0.2 ms]
   [Code Root Migration: 0.1 ms]
   [Clear CT: 0.4 ms]
   [Other: 7.5 ms]
      [Choose CSet: 0.0 ms]
      [Ref Proc: 3.2 ms]
      [Ref Enq: 0.2 ms]
      [Free CSet: 0.8 ms]
   [Eden: 398.0M(382.0M)->0.0B(312.0M) Survivors: 20.0M->50.0M Heap: 1772.0M(4096.0M)->1405.0M(4096.0M)]
 [Times: user=0.33 sys=0.00, real=0.17 secs] 
2016-08-30T14:07:36.027+0200: 1906.162: [GC pause (young), 0.1865380 secs]
   [Parallel Time: 177.4 ms, GC Workers: 2]
      [GC Worker Start (ms): Min: 1906163.7, Avg: 1906163.7, Max: 1906163.7, Diff: 0.0]
      [Ext Root Scanning (ms): Min: 49.3, Avg: 49.6, Max: 49.9, Diff: 0.6, Sum: 99.2]
      [Update RS (ms): Min: 47.9, Avg: 48.1, Max: 48.3, Diff: 0.3, Sum: 96.2]
         [Processed Buffers: Min: 379, Avg: 380.5, Max: 382, Diff: 3, Sum: 761]
      [Scan RS (ms): Min: 12.5, Avg: 13.1, Max: 13.7, Diff: 1.2, Sum: 26.1]
      [Code Root Scanning (ms): Min: 0.1, Avg: 0.1, Max: 0.1, Diff: 0.1, Sum: 0.2]
      [Object Copy (ms): Min: 66.2, Avg: 66.3, Max: 66.5, Diff: 0.2, Sum: 132.7]
      [Termination (ms): Min: 0.0, Avg: 0.0, Max: 0.0, Diff: 0.0, Sum: 0.0]
      [GC Worker Other (ms): Min: 0.1, Avg: 0.1, Max: 0.2, Diff: 0.0, Sum: 0.3]
      [GC Worker Total (ms): Min: 177.4, Avg: 177.4, Max: 177.4, Diff: 0.0, Sum: 354.7]
      [GC Worker End (ms): Min: 1906341.0, Avg: 1906341.0, Max: 1906341.0, Diff: 0.0]
   [Code Root Fixup: 0.3 ms]
   [Code Root Migration: 0.1 ms]
   [Clear CT: 0.5 ms]
   [Other: 8.2 ms]
      [Choose CSet: 0.0 ms]
      [Ref Proc: 3.7 ms]
      [Ref Enq: 0.3 ms]
      [Free CSet: 0.8 ms]
   [Eden: 284.0M(166.0M)->0.0B(446.0M) Survivors: 50.0M->28.0M Heap: 1689.0M(4096.0M)->1425.0M(4096.0M)]
 [Times: user=0.37 sys=0.00, real=0.19 secs] 
2016-08-30T14:07:51.928+0200: 1922.063: [GC pause (young), 0.1977650 secs]
   [Parallel Time: 188.7 ms, GC Workers: 2]
      [GC Worker Start (ms): Min: 1922064.6, Avg: 1922064.6, Max: 1922064.6, Diff: 0.1]
      [Ext Root Scanning (ms): Min: 51.6, Avg: 51.9, Max: 52.1, Diff: 0.5, Sum: 103.7]
      [Update RS (ms): Min: 62.2, Avg: 62.7, Max: 63.1, Diff: 0.8, Sum: 125.3]
         [Processed Buffers: Min: 424, Avg: 432.5, Max: 441, Diff: 17, Sum: 865]
      [Scan RS (ms): Min: 10.5, Avg: 10.7, Max: 10.8, Diff: 0.3, Sum: 21.3]
      [Code Root Scanning (ms): Min: 0.1, Avg: 0.1, Max: 0.2, Diff: 0.1, Sum: 0.3]
      [Object Copy (ms): Min: 63.1, Avg: 63.2, Max: 63.2, Diff: 0.1, Sum: 126.3]
      [Termination (ms): Min: 0.0, Avg: 0.0, Max: 0.0, Diff: 0.0, Sum: 0.0]
      [GC Worker Other (ms): Min: 0.1, Avg: 0.1, Max: 0.2, Diff: 0.0, Sum: 0.3]
      [GC Worker Total (ms): Min: 188.6, Avg: 188.6, Max: 188.7, Diff: 0.1, Sum: 377.2]
      [GC Worker End (ms): Min: 1922253.2, Avg: 1922253.2, Max: 1922253.2, Diff: 0.0]
   [Code Root Fixup: 0.2 ms]
   [Code Root Migration: 0.1 ms]
   [Clear CT: 0.4 ms]
   [Other: 8.4 ms]
      [Choose CSet: 0.0 ms]
      [Ref Proc: 4.0 ms]
      [Ref Enq: 0.2 ms]
      [Free CSet: 0.9 ms]
   [Eden: 406.0M(308.0M)->0.0B(284.0M) Survivors: 28.0M->42.0M Heap: 1831.0M(4096.0M)->1463.0M(4096.0M)]
 [Times: user=0.38 sys=0.01, real=0.20 secs] 
2016-08-30T14:08:02.162+0200: 1932.296: [GC pause (young), 0.1922400 secs]
   [Parallel Time: 183.0 ms, GC Workers: 2]
      [GC Worker Start (ms): Min: 1932298.2, Avg: 1932298.2, Max: 1932298.2, Diff: 0.0]
      [Ext Root Scanning (ms): Min: 50.0, Avg: 50.1, Max: 50.2, Diff: 0.3, Sum: 100.2]
      [Update RS (ms): Min: 50.8, Avg: 52.0, Max: 53.3, Diff: 2.5, Sum: 104.1]
         [Processed Buffers: Min: 401, Avg: 491.0, Max: 581, Diff: 180, Sum: 982]
      [Scan RS (ms): Min: 10.9, Avg: 11.8, Max: 12.7, Diff: 1.8, Sum: 23.7]
      [Code Root Scanning (ms): Min: 0.0, Avg: 0.1, Max: 0.2, Diff: 0.2, Sum: 0.2]
      [Object Copy (ms): Min: 68.5, Avg: 68.6, Max: 68.7, Diff: 0.2, Sum: 137.2]
      [Termination (ms): Min: 0.0, Avg: 0.0, Max: 0.0, Diff: 0.0, Sum: 0.0]
      [GC Worker Other (ms): Min: 0.1, Avg: 0.2, Max: 0.2, Diff: 0.0, Sum: 0.3]
      [GC Worker Total (ms): Min: 182.9, Avg: 182.9, Max: 182.9, Diff: 0.0, Sum: 365.7]
      [GC Worker End (ms): Min: 1932481.1, Avg: 1932481.1, Max: 1932481.1, Diff: 0.0]
   [Code Root Fixup: 0.3 ms]
   [Code Root Migration: 0.1 ms]
   [Clear CT: 0.5 ms]
   [Other: 8.4 ms]
      [Choose CSet: 0.0 ms]
      [Ref Proc: 3.7 ms]
      [Ref Enq: 0.3 ms]
      [Free CSet: 0.8 ms]
   [Eden: 284.0M(284.0M)->0.0B(360.0M) Survivors: 42.0M->30.0M Heap: 1747.0M(4096.0M)->1489.0M(4096.0M)]
 [Times: user=0.37 sys=0.01, real=0.19 secs] 
2016-08-30T14:08:14.416+0200: 1944.551: [GC pause (young), 0.2091700 secs]
   [Parallel Time: 200.9 ms, GC Workers: 2]
      [GC Worker Start (ms): Min: 1944552.9, Avg: 1944552.9, Max: 1944553.0, Diff: 0.1]
      [Ext Root Scanning (ms): Min: 53.6, Avg: 63.3, Max: 72.9, Diff: 19.3, Sum: 126.5]
      [Update RS (ms): Min: 55.6, Avg: 66.4, Max: 77.2, Diff: 21.6, Sum: 132.8]
         [Processed Buffers: Min: 312, Avg: 492.0, Max: 672, Diff: 360, Sum: 984]
      [Scan RS (ms): Min: 10.6, Avg: 11.1, Max: 11.6, Diff: 0.9, Sum: 22.2]
      [Code Root Scanning (ms): Min: 0.1, Avg: 0.1, Max: 0.1, Diff: 0.0, Sum: 0.2]
      [Object Copy (ms): Min: 59.0, Avg: 59.8, Max: 60.5, Diff: 1.5, Sum: 119.5]
      [Termination (ms): Min: 0.0, Avg: 0.0, Max: 0.0, Diff: 0.0, Sum: 0.0]
      [GC Worker Other (ms): Min: 0.1, Avg: 0.2, Max: 0.2, Diff: 0.0, Sum: 0.3]
      [GC Worker Total (ms): Min: 200.8, Avg: 200.8, Max: 200.8, Diff: 0.1, Sum: 401.6]
      [GC Worker End (ms): Min: 1944753.7, Avg: 1944753.7, Max: 1944753.7, Diff: 0.0]
   [Code Root Fixup: 0.2 ms]
   [Code Root Migration: 0.1 ms]
   [Clear CT: 0.4 ms]
   [Other: 7.6 ms]
      [Choose CSet: 0.0 ms]
      [Ref Proc: 3.2 ms]
      [Ref Enq: 0.2 ms]
      [Free CSet: 0.7 ms]
   [Eden: 360.0M(360.0M)->0.0B(230.0M) Survivors: 30.0M->38.0M Heap: 1849.0M(4096.0M)->1520.0M(4096.0M)]
 [Times: user=0.37 sys=0.00, real=0.21 secs] 
2016-08-30T14:08:24.267+0200: 1954.402: [GC pause (young), 0.1564750 secs]
   [Parallel Time: 148.7 ms, GC Workers: 2]
      [GC Worker Start (ms): Min: 1954403.8, Avg: 1954404.3, Max: 1954404.8, Diff: 1.0]
      [Ext Root Scanning (ms): Min: 54.1, Avg: 54.5, Max: 55.0, Diff: 0.9, Sum: 109.1]
      [Update RS (ms): Min: 45.0, Avg: 45.9, Max: 46.9, Diff: 1.9, Sum: 91.9]
         [Processed Buffers: Min: 392, Avg: 408.0, Max: 424, Diff: 32, Sum: 816]
      [Scan RS (ms): Min: 8.4, Avg: 8.6, Max: 8.8, Diff: 0.4, Sum: 17.2]
      [Code Root Scanning (ms): Min: 0.0, Avg: 0.0, Max: 0.1, Diff: 0.0, Sum: 0.1]
      [Object Copy (ms): Min: 37.9, Avg: 38.7, Max: 39.5, Diff: 1.6, Sum: 77.5]
      [Termination (ms): Min: 0.0, Avg: 0.0, Max: 0.0, Diff: 0.0, Sum: 0.0]
      [GC Worker Other (ms): Min: 0.2, Avg: 0.2, Max: 0.2, Diff: 0.0, Sum: 0.4]
      [GC Worker Total (ms): Min: 147.5, Avg: 148.1, Max: 148.6, Diff: 1.0, Sum: 296.1]
      [GC Worker End (ms): Min: 1954552.4, Avg: 1954552.4, Max: 1954552.4, Diff: 0.0]
   [Code Root Fixup: 0.3 ms]
   [Code Root Migration: 0.0 ms]
   [Clear CT: 0.7 ms]
   [Other: 6.8 ms]
      [Choose CSet: 0.0 ms]
      [Ref Proc: 2.7 ms]
      [Ref Enq: 0.2 ms]
      [Free CSet: 0.6 ms]
   [Eden: 230.0M(230.0M)->0.0B(562.0M) Survivors: 38.0M->20.0M Heap: 1750.0M(4096.0M)->1529.0M(4096.0M)]
 [Times: user=0.30 sys=0.00, real=0.16 secs] 
2016-08-30T14:08:42.172+0200: 1972.306: [GC pause (young), 0.1853810 secs]
   [Parallel Time: 174.8 ms, GC Workers: 2]
      [GC Worker Start (ms): Min: 1972308.3, Avg: 1972308.8, Max: 1972309.3, Diff: 0.9]
      [Ext Root Scanning (ms): Min: 50.9, Avg: 51.4, Max: 51.8, Diff: 0.8, Sum: 102.7]
      [Update RS (ms): Min: 56.2, Avg: 56.9, Max: 57.5, Diff: 1.3, Sum: 113.7]
         [Processed Buffers: Min: 426, Avg: 427.5, Max: 429, Diff: 3, Sum: 855]
      [Scan RS (ms): Min: 10.2, Avg: 10.3, Max: 10.4, Diff: 0.2, Sum: 20.5]
      [Code Root Scanning (ms): Min: 0.1, Avg: 0.1, Max: 0.2, Diff: 0.1, Sum: 0.3]
      [Object Copy (ms): Min: 54.8, Avg: 55.4, Max: 55.9, Diff: 1.2, Sum: 110.7]
      [Termination (ms): Min: 0.0, Avg: 0.0, Max: 0.0, Diff: 0.0, Sum: 0.0]
      [GC Worker Other (ms): Min: 0.2, Avg: 0.2, Max: 0.2, Diff: 0.0, Sum: 0.4]
      [GC Worker Total (ms): Min: 173.7, Avg: 174.2, Max: 174.6, Diff: 0.9, Sum: 348.3]
      [GC Worker End (ms): Min: 1972483.0, Avg: 1972483.0, Max: 1972483.0, Diff: 0.0]
   [Code Root Fixup: 0.3 ms]
   [Code Root Migration: 0.1 ms]
   [Clear CT: 0.5 ms]
   [Other: 9.7 ms]
      [Choose CSet: 0.0 ms]
      [Ref Proc: 4.8 ms]
      [Ref Enq: 0.4 ms]
      [Free CSet: 1.1 ms]
   [Eden: 378.0M(358.0M)->0.0B(260.0M) Survivors: 20.0M->48.0M Heap: 1907.0M(4096.0M)->1560.0M(4096.0M)]
 [Times: user=0.36 sys=0.01, real=0.19 secs] 
2016-08-30T14:08:51.935+0200: 1982.069: [GC pause (young), 0.1871710 secs]
   [Parallel Time: 180.1 ms, GC Workers: 2]
      [GC Worker Start (ms): Min: 1982071.0, Avg: 1982071.1, Max: 1982071.3, Diff: 0.2]
      [Ext Root Scanning (ms): Min: 49.6, Avg: 50.0, Max: 50.5, Diff: 0.9, Sum: 100.0]
      [Update RS (ms): Min: 49.0, Avg: 49.0, Max: 49.1, Diff: 0.1, Sum: 98.1]
         [Processed Buffers: Min: 410, Avg: 440.0, Max: 470, Diff: 60, Sum: 880]
      [Scan RS (ms): Min: 12.1, Avg: 12.7, Max: 13.3, Diff: 1.2, Sum: 25.4]
      [Code Root Scanning (ms): Min: 0.0, Avg: 0.1, Max: 0.2, Diff: 0.2, Sum: 0.2]
      [Object Copy (ms): Min: 67.9, Avg: 68.0, Max: 68.0, Diff: 0.1, Sum: 135.9]
      [Termination (ms): Min: 0.0, Avg: 0.0, Max: 0.0, Diff: 0.0, Sum: 0.0]
      [GC Worker Other (ms): Min: 0.1, Avg: 0.1, Max: 0.2, Diff: 0.0, Sum: 0.3]
      [GC Worker Total (ms): Min: 179.9, Avg: 180.0, Max: 180.1, Diff: 0.2, Sum: 360.0]
      [GC Worker End (ms): Min: 1982251.1, Avg: 1982251.1, Max: 1982251.1, Diff: 0.0]
   [Code Root Fixup: 0.2 ms]
   [Code Root Migration: 0.1 ms]
   [Clear CT: 0.5 ms]
   [Other: 6.3 ms]
      [Choose CSet: 0.0 ms]
      [Ref Proc: 2.3 ms]
      [Ref Enq: 0.1 ms]
      [Free CSet: 0.6 ms]
   [Eden: 260.0M(260.0M)->0.0B(320.0M) Survivors: 48.0M->32.0M Heap: 1820.0M(4096.0M)->1587.0M(4096.0M)]
 [Times: user=0.36 sys=0.01, real=0.18 secs] 
2016-08-30T14:09:05.318+0200: 1995.452: [GC pause (young), 0.1776790 secs]
   [Parallel Time: 169.7 ms, GC Workers: 2]
      [GC Worker Start (ms): Min: 1995454.1, Avg: 1995454.1, Max: 1995454.1, Diff: 0.0]
      [Ext Root Scanning (ms): Min: 50.4, Avg: 50.7, Max: 50.9, Diff: 0.5, Sum: 101.3]
      [Update RS (ms): Min: 52.4, Avg: 52.6, Max: 52.7, Diff: 0.3, Sum: 105.1]
         [Processed Buffers: Min: 404, Avg: 420.5, Max: 437, Diff: 33, Sum: 841]
      [Scan RS (ms): Min: 8.4, Avg: 9.4, Max: 10.4, Diff: 2.0, Sum: 18.8]
      [Code Root Scanning (ms): Min: 0.1, Avg: 0.1, Max: 0.1, Diff: 0.0, Sum: 0.2]
      [Object Copy (ms): Min: 56.1, Avg: 56.8, Max: 57.4, Diff: 1.3, Sum: 113.5]
      [Termination (ms): Min: 0.0, Avg: 0.0, Max: 0.0, Diff: 0.0, Sum: 0.0]
      [GC Worker Other (ms): Min: 0.1, Avg: 0.1, Max: 0.2, Diff: 0.0, Sum: 0.3]
      [GC Worker Total (ms): Min: 169.6, Avg: 169.7, Max: 169.7, Diff: 0.0, Sum: 339.3]
      [GC Worker End (ms): Min: 1995623.7, Avg: 1995623.7, Max: 1995623.7, Diff: 0.0]
   [Code Root Fixup: 0.2 ms]
   [Code Root Migration: 0.1 ms]
   [Clear CT: 0.4 ms]
   [Other: 7.3 ms]
      [Choose CSet: 0.0 ms]
      [Ref Proc: 3.2 ms]
      [Ref Enq: 0.1 ms]
      [Free CSet: 0.6 ms]
   [Eden: 320.0M(320.0M)->0.0B(338.0M) Survivors: 32.0M->36.0M Heap: 1907.0M(4096.0M)->1615.0M(4096.0M)]
 [Times: user=0.34 sys=0.00, real=0.18 secs] 
2016-08-30T14:09:18.516+0200: 2008.651: [GC pause (young), 0.1890870 secs]
   [Parallel Time: 179.1 ms, GC Workers: 2]
      [GC Worker Start (ms): Min: 2008652.7, Avg: 2008652.7, Max: 2008652.7, Diff: 0.0]
      [Ext Root Scanning (ms): Min: 50.4, Avg: 51.1, Max: 51.8, Diff: 1.4, Sum: 102.2]
      [Update RS (ms): Min: 55.1, Avg: 55.5, Max: 56.0, Diff: 0.9, Sum: 111.1]
         [Processed Buffers: Min: 400, Avg: 429.5, Max: 459, Diff: 59, Sum: 859]
      [Scan RS (ms): Min: 10.4, Avg: 10.9, Max: 11.5, Diff: 1.1, Sum: 21.9]
      [Code Root Scanning (ms): Min: 0.1, Avg: 0.1, Max: 0.1, Diff: 0.0, Sum: 0.3]
      [Object Copy (ms): Min: 60.5, Avg: 61.1, Max: 61.7, Diff: 1.1, Sum: 122.2]
      [Termination (ms): Min: 0.0, Avg: 0.0, Max: 0.0, Diff: 0.0, Sum: 0.0]
      [GC Worker Other (ms): Min: 0.1, Avg: 0.2, Max: 0.2, Diff: 0.1, Sum: 0.3]
      [GC Worker Total (ms): Min: 179.0, Avg: 179.0, Max: 179.0, Diff: 0.0, Sum: 358.0]
      [GC Worker End (ms): Min: 2008831.6, Avg: 2008831.6, Max: 2008831.6, Diff: 0.0]
   [Code Root Fixup: 0.4 ms]
   [Code Root Migration: 0.1 ms]
   [Clear CT: 0.5 ms]
   [Other: 9.0 ms]
      [Choose CSet: 0.0 ms]
      [Ref Proc: 4.0 ms]
      [Ref Enq: 0.4 ms]
      [Free CSet: 0.9 ms]
   [Eden: 326.0M(248.0M)->0.0B(334.0M) Survivors: 36.0M->36.0M Heap: 1941.0M(4096.0M)->1641.0M(4096.0M)]
 [Times: user=0.37 sys=0.00, real=0.19 secs] 
2016-08-30T14:09:32.616+0200: 2022.750: [GC pause (young), 0.1705230 secs]
   [Parallel Time: 163.4 ms, GC Workers: 2]
      [GC Worker Start (ms): Min: 2022752.1, Avg: 2022752.2, Max: 2022752.2, Diff: 0.0]
      [Ext Root Scanning (ms): Min: 51.5, Avg: 52.2, Max: 52.9, Diff: 1.4, Sum: 104.4]
      [Update RS (ms): Min: 54.2, Avg: 54.6, Max: 54.9, Diff: 0.7, Sum: 109.2]
         [Processed Buffers: Min: 394, Avg: 407.0, Max: 420, Diff: 26, Sum: 814]
      [Scan RS (ms): Min: 10.2, Avg: 10.5, Max: 10.7, Diff: 0.5, Sum: 21.0]
      [Code Root Scanning (ms): Min: 0.1, Avg: 0.1, Max: 0.1, Diff: 0.0, Sum: 0.2]
      [Object Copy (ms): Min: 44.8, Avg: 45.6, Max: 46.4, Diff: 1.6, Sum: 91.2]
      [Termination (ms): Min: 0.0, Avg: 0.0, Max: 0.0, Diff: 0.0, Sum: 0.0]
      [GC Worker Other (ms): Min: 0.2, Avg: 0.2, Max: 0.2, Diff: 0.0, Sum: 0.4]
      [GC Worker Total (ms): Min: 163.2, Avg: 163.2, Max: 163.2, Diff: 0.0, Sum: 326.4]
      [GC Worker End (ms): Min: 2022915.4, Avg: 2022915.4, Max: 2022915.4, Diff: 0.0]
   [Code Root Fixup: 0.2 ms]
   [Code Root Migration: 0.0 ms]
   [Clear CT: 0.5 ms]
   [Other: 6.4 ms]
      [Choose CSet: 0.0 ms]
      [Ref Proc: 2.4 ms]
      [Ref Enq: 0.1 ms]
      [Free CSet: 0.6 ms]
   [Eden: 328.0M(244.0M)->0.0B(400.0M) Survivors: 36.0M->32.0M Heap: 1969.0M(4096.0M)->1663.0M(4096.0M)]
 [Times: user=0.33 sys=0.00, real=0.17 secs] 
2016-08-30T14:09:44.415+0200: 2034.549: [GC pause (young), 0.2095800 secs]
   [Parallel Time: 201.6 ms, GC Workers: 2]
      [GC Worker Start (ms): Min: 2034551.1, Avg: 2034551.1, Max: 2034551.1, Diff: 0.0]
      [Ext Root Scanning (ms): Min: 60.0, Avg: 66.2, Max: 72.3, Diff: 12.3, Sum: 132.3]
      [Update RS (ms): Min: 62.0, Avg: 66.0, Max: 69.9, Diff: 7.9, Sum: 132.0]
         [Processed Buffers: Min: 439, Avg: 442.0, Max: 445, Diff: 6, Sum: 884]
      [Scan RS (ms): Min: 10.6, Avg: 10.9, Max: 11.1, Diff: 0.5, Sum: 21.7]
      [Code Root Scanning (ms): Min: 0.1, Avg: 0.1, Max: 0.2, Diff: 0.1, Sum: 0.2]
      [Object Copy (ms): Min: 55.7, Avg: 58.2, Max: 60.6, Diff: 4.9, Sum: 116.4]
      [Termination (ms): Min: 0.0, Avg: 0.0, Max: 0.1, Diff: 0.1, Sum: 0.1]
      [GC Worker Other (ms): Min: 0.2, Avg: 0.2, Max: 0.2, Diff: 0.0, Sum: 0.3]
      [GC Worker Total (ms): Min: 201.5, Avg: 201.5, Max: 201.5, Diff: 0.0, Sum: 403.0]
      [GC Worker End (ms): Min: 2034752.6, Avg: 2034752.6, Max: 2034752.6, Diff: 0.0]
   [Code Root Fixup: 0.2 ms]
   [Code Root Migration: 0.1 ms]
   [Clear CT: 0.5 ms]
   [Other: 7.2 ms]
      [Choose CSet: 0.0 ms]
      [Ref Proc: 3.0 ms]
      [Ref Enq: 0.2 ms]
      [Free CSet: 0.7 ms]
   [Eden: 314.0M(294.0M)->0.0B(256.0M) Survivors: 32.0M->34.0M Heap: 1977.0M(4096.0M)->1688.0M(4096.0M)]
 [Times: user=0.36 sys=0.00, real=0.21 secs] 
2016-08-30T14:09:54.230+0200: 2044.364: [GC pause (young), 0.1584840 secs]
   [Parallel Time: 152.0 ms, GC Workers: 2]
      [GC Worker Start (ms): Min: 2044366.3, Avg: 2044367.3, Max: 2044368.2, Diff: 1.9]
      [Ext Root Scanning (ms): Min: 50.2, Avg: 50.4, Max: 50.6, Diff: 0.4, Sum: 100.8]
      [Update RS (ms): Min: 52.5, Avg: 52.6, Max: 52.6, Diff: 0.1, Sum: 105.1]
         [Processed Buffers: Min: 388, Avg: 394.5, Max: 401, Diff: 13, Sum: 789]
      [Scan RS (ms): Min: 9.3, Avg: 9.3, Max: 9.4, Diff: 0.1, Sum: 18.6]
      [Code Root Scanning (ms): Min: 0.1, Avg: 0.1, Max: 0.1, Diff: 0.0, Sum: 0.2]
      [Object Copy (ms): Min: 37.7, Avg: 38.5, Max: 39.2, Diff: 1.5, Sum: 76.9]
      [Termination (ms): Min: 0.0, Avg: 0.0, Max: 0.0, Diff: 0.0, Sum: 0.0]
      [GC Worker Other (ms): Min: 0.2, Avg: 0.2, Max: 0.2, Diff: 0.0, Sum: 0.4]
      [GC Worker Total (ms): Min: 150.1, Avg: 151.0, Max: 152.0, Diff: 1.9, Sum: 302.0]
      [GC Worker End (ms): Min: 2044518.3, Avg: 2044518.3, Max: 2044518.3, Diff: 0.0]
   [Code Root Fixup: 0.2 ms]
   [Code Root Migration: 0.0 ms]
   [Clear CT: 0.4 ms]
   [Other: 5.8 ms]
      [Choose CSet: 0.0 ms]
      [Ref Proc: 2.1 ms]
      [Ref Enq: 0.1 ms]
      [Free CSet: 0.5 ms]
   [Eden: 256.0M(256.0M)->0.0B(410.0M) Survivors: 34.0M->28.0M Heap: 1944.0M(4096.0M)->1705.0M(4096.0M)]
 [Times: user=0.31 sys=0.00, real=0.16 secs] 
2016-08-30T14:10:09.891+0200: 2060.026: [GC pause (young), 0.1998500 secs]
   [Parallel Time: 187.4 ms, GC Workers: 2]
      [GC Worker Start (ms): Min: 2060027.6, Avg: 2060027.7, Max: 2060027.7, Diff: 0.1]
      [Ext Root Scanning (ms): Min: 51.3, Avg: 52.3, Max: 53.4, Diff: 2.2, Sum: 104.7]
      [Update RS (ms): Min: 60.9, Avg: 62.7, Max: 64.6, Diff: 3.7, Sum: 125.4]
         [Processed Buffers: Min: 418, Avg: 441.0, Max: 464, Diff: 46, Sum: 882]
      [Scan RS (ms): Min: 9.3, Avg: 9.9, Max: 10.5, Diff: 1.2, Sum: 19.8]
      [Code Root Scanning (ms): Min: 0.1, Avg: 0.2, Max: 0.2, Diff: 0.1, Sum: 0.3]
      [Object Copy (ms): Min: 61.8, Avg: 62.0, Max: 62.2, Diff: 0.4, Sum: 123.9]
      [Termination (ms): Min: 0.0, Avg: 0.0, Max: 0.0, Diff: 0.0, Sum: 0.0]
      [GC Worker Other (ms): Min: 0.1, Avg: 0.1, Max: 0.2, Diff: 0.0, Sum: 0.3]
      [GC Worker Total (ms): Min: 187.2, Avg: 187.2, Max: 187.3, Diff: 0.1, Sum: 374.5]
      [GC Worker End (ms): Min: 2060214.9, Avg: 2060214.9, Max: 2060214.9, Diff: 0.1]
   [Code Root Fixup: 0.5 ms]
   [Code Root Migration: 0.1 ms]
   [Clear CT: 0.6 ms]
   [Other: 11.2 ms]
      [Choose CSet: 0.0 ms]
      [Ref Proc: 6.4 ms]
      [Ref Enq: 0.4 ms]
      [Free CSet: 1.0 ms]
   [Eden: 410.0M(410.0M)->0.0B(254.0M) Survivors: 28.0M->56.0M Heap: 2115.0M(4096.0M)->1733.0M(4096.0M)]
 [Times: user=0.38 sys=0.01, real=0.20 secs] 
2016-08-30T14:10:13.735+0200: 2063.869: [GC pause (young), 0.1630060 secs]
   [Parallel Time: 157.7 ms, GC Workers: 2]
      [GC Worker Start (ms): Min: 2063870.8, Avg: 2063870.8, Max: 2063870.9, Diff: 0.0]
      [Ext Root Scanning (ms): Min: 50.1, Avg: 58.2, Max: 66.2, Diff: 16.1, Sum: 116.3]
      [Update RS (ms): Min: 27.5, Avg: 35.0, Max: 42.5, Diff: 15.0, Sum: 70.0]
         [Processed Buffers: Min: 320, Avg: 342.0, Max: 364, Diff: 44, Sum: 684]
      [Scan RS (ms): Min: 11.4, Avg: 12.5, Max: 13.6, Diff: 2.2, Sum: 24.9]
      [Code Root Scanning (ms): Min: 0.0, Avg: 0.1, Max: 0.1, Diff: 0.1, Sum: 0.1]
      [Object Copy (ms): Min: 51.2, Avg: 51.8, Max: 52.4, Diff: 1.2, Sum: 103.7]
      [Termination (ms): Min: 0.0, Avg: 0.0, Max: 0.0, Diff: 0.0, Sum: 0.0]
      [GC Worker Other (ms): Min: 0.1, Avg: 0.2, Max: 0.2, Diff: 0.0, Sum: 0.3]
      [GC Worker Total (ms): Min: 157.6, Avg: 157.6, Max: 157.7, Diff: 0.0, Sum: 315.3]
      [GC Worker End (ms): Min: 2064028.5, Avg: 2064028.5, Max: 2064028.5, Diff: 0.0]
   [Code Root Fixup: 0.2 ms]
   [Code Root Migration: 0.0 ms]
   [Clear CT: 0.4 ms]
   [Other: 4.6 ms]
      [Choose CSet: 0.0 ms]
      [Ref Proc: 1.1 ms]
      [Ref Enq: 0.1 ms]
      [Free CSet: 0.4 ms]
   [Eden: 150.0M(150.0M)->0.0B(472.0M) Survivors: 56.0M->22.0M Heap: 1883.0M(4096.0M)->1746.0M(4096.0M)]
 [Times: user=0.32 sys=0.00, real=0.17 secs] 
2016-08-30T14:10:31.425+0200: 2081.559: [GC pause (young), 0.1928270 secs]
   [Parallel Time: 184.5 ms, GC Workers: 2]
      [GC Worker Start (ms): Min: 2081561.5, Avg: 2081561.5, Max: 2081561.5, Diff: 0.0]
      [Ext Root Scanning (ms): Min: 51.5, Avg: 58.2, Max: 64.9, Diff: 13.4, Sum: 116.5]
      [Update RS (ms): Min: 61.0, Avg: 67.6, Max: 74.1, Diff: 13.2, Sum: 135.1]
         [Processed Buffers: Min: 280, Avg: 389.0, Max: 498, Diff: 218, Sum: 778]
      [Scan RS (ms): Min: 9.1, Avg: 9.4, Max: 9.6, Diff: 0.5, Sum: 18.7]
      [Code Root Scanning (ms): Min: 0.1, Avg: 0.1, Max: 0.2, Diff: 0.1, Sum: 0.3]
      [Object Copy (ms): Min: 48.8, Avg: 48.9, Max: 49.1, Diff: 0.3, Sum: 97.9]
      [Termination (ms): Min: 0.0, Avg: 0.0, Max: 0.0, Diff: 0.0, Sum: 0.0]
      [GC Worker Other (ms): Min: 0.1, Avg: 0.2, Max: 0.2, Diff: 0.1, Sum: 0.3]
      [GC Worker Total (ms): Min: 184.4, Avg: 184.4, Max: 184.4, Diff: 0.0, Sum: 368.8]
      [GC Worker End (ms): Min: 2081745.9, Avg: 2081745.9, Max: 2081745.9, Diff: 0.0]
   [Code Root Fixup: 0.2 ms]
   [Code Root Migration: 0.1 ms]
   [Clear CT: 0.5 ms]
   [Other: 7.5 ms]
      [Choose CSet: 0.0 ms]
      [Ref Proc: 3.2 ms]
      [Ref Enq: 0.2 ms]
      [Free CSet: 0.9 ms]
   [Eden: 382.0M(382.0M)->0.0B(236.0M) Survivors: 22.0M->46.0M Heap: 2128.0M(4096.0M)->1772.0M(4096.0M)]
 [Times: user=0.35 sys=0.00, real=0.19 secs] 
2016-08-30T14:10:41.381+0200: 2091.516: [GC pause (young), 0.1932790 secs]
   [Parallel Time: 185.0 ms, GC Workers: 2]
      [GC Worker Start (ms): Min: 2091517.5, Avg: 2091518.4, Max: 2091519.3, Diff: 1.8]
      [Ext Root Scanning (ms): Min: 52.6, Avg: 53.4, Max: 54.2, Diff: 1.6, Sum: 106.8]
      [Update RS (ms): Min: 49.1, Avg: 49.8, Max: 50.5, Diff: 1.4, Sum: 99.6]
         [Processed Buffers: Min: 342, Avg: 383.0, Max: 424, Diff: 82, Sum: 766]
      [Scan RS (ms): Min: 17.4, Avg: 17.5, Max: 17.6, Diff: 0.2, Sum: 35.1]
      [Code Root Scanning (ms): Min: 0.1, Avg: 0.1, Max: 0.1, Diff: 0.1, Sum: 0.2]
      [Object Copy (ms): Min: 62.4, Avg: 63.1, Max: 63.7, Diff: 1.3, Sum: 126.1]
      [Termination (ms): Min: 0.0, Avg: 0.0, Max: 0.0, Diff: 0.0, Sum: 0.0]
      [GC Worker Other (ms): Min: 0.2, Avg: 0.2, Max: 0.2, Diff: 0.0, Sum: 0.3]
      [GC Worker Total (ms): Min: 183.1, Avg: 184.0, Max: 184.9, Diff: 1.8, Sum: 368.1]
      [GC Worker End (ms): Min: 2091702.4, Avg: 2091702.4, Max: 2091702.4, Diff: 0.0]
   [Code Root Fixup: 0.3 ms]
   [Code Root Migration: 0.1 ms]
   [Clear CT: 0.6 ms]
   [Other: 7.2 ms]
      [Choose CSet: 0.0 ms]
      [Ref Proc: 2.9 ms]
      [Ref Enq: 0.2 ms]
      [Free CSet: 0.6 ms]
   [Eden: 236.0M(236.0M)->0.0B(314.0M) Survivors: 46.0M->28.0M Heap: 2008.0M(4096.0M)->1787.0M(4096.0M)]
 [Times: user=0.36 sys=0.01, real=0.19 secs] 
2016-08-30T14:10:54.205+0200: 2104.339: [GC pause (young), 0.1727870 secs]
   [Parallel Time: 165.8 ms, GC Workers: 2]
      [GC Worker Start (ms): Min: 2104341.1, Avg: 2104341.1, Max: 2104341.1, Diff: 0.0]
      [Ext Root Scanning (ms): Min: 50.8, Avg: 50.8, Max: 50.8, Diff: 0.0, Sum: 101.5]
      [Update RS (ms): Min: 60.6, Avg: 60.8, Max: 61.0, Diff: 0.4, Sum: 121.5]
         [Processed Buffers: Min: 386, Avg: 415.5, Max: 445, Diff: 59, Sum: 831]
      [Scan RS (ms): Min: 10.0, Avg: 10.1, Max: 10.2, Diff: 0.2, Sum: 20.1]
      [Code Root Scanning (ms): Min: 0.1, Avg: 0.1, Max: 0.1, Diff: 0.0, Sum: 0.2]
      [Object Copy (ms): Min: 43.8, Avg: 43.9, Max: 44.0, Diff: 0.2, Sum: 87.8]
      [Termination (ms): Min: 0.0, Avg: 0.0, Max: 0.0, Diff: 0.0, Sum: 0.0]
      [GC Worker Other (ms): Min: 0.1, Avg: 0.2, Max: 0.2, Diff: 0.0, Sum: 0.3]
      [GC Worker Total (ms): Min: 165.8, Avg: 165.8, Max: 165.8, Diff: 0.0, Sum: 331.5]
      [GC Worker End (ms): Min: 2104506.9, Avg: 2104506.9, Max: 2104506.9, Diff: 0.0]
   [Code Root Fixup: 0.2 ms]
   [Code Root Migration: 0.1 ms]
   [Clear CT: 0.5 ms]
   [Other: 6.2 ms]
      [Choose CSet: 0.0 ms]
      [Ref Proc: 2.3 ms]
      [Ref Enq: 0.1 ms]
      [Free CSet: 0.6 ms]
   [Eden: 314.0M(314.0M)->0.0B(348.0M) Survivors: 28.0M->32.0M Heap: 2101.0M(4096.0M)->1810.0M(4096.0M)]
 [Times: user=0.33 sys=0.00, real=0.17 secs] 
2016-08-30T14:11:07.440+0200: 2117.574: [GC pause (young), 0.2008070 secs]
   [Parallel Time: 190.8 ms, GC Workers: 2]
      [GC Worker Start (ms): Min: 2117576.5, Avg: 2117576.5, Max: 2117576.6, Diff: 0.1]
      [Ext Root Scanning (ms): Min: 50.4, Avg: 51.0, Max: 51.7, Diff: 1.3, Sum: 102.1]
      [Update RS (ms): Min: 72.2, Avg: 73.4, Max: 74.6, Diff: 2.4, Sum: 146.8]
         [Processed Buffers: Min: 356, Avg: 412.5, Max: 469, Diff: 113, Sum: 825]
      [Scan RS (ms): Min: 10.0, Avg: 10.5, Max: 11.1, Diff: 1.1, Sum: 21.0]
      [Code Root Scanning (ms): Min: 0.1, Avg: 0.1, Max: 0.2, Diff: 0.1, Sum: 0.2]
      [Object Copy (ms): Min: 55.4, Avg: 55.5, Max: 55.5, Diff: 0.0, Sum: 110.9]
      [Termination (ms): Min: 0.0, Avg: 0.0, Max: 0.0, Diff: 0.0, Sum: 0.0]
      [GC Worker Other (ms): Min: 0.1, Avg: 0.2, Max: 0.2, Diff: 0.1, Sum: 0.3]
      [GC Worker Total (ms): Min: 190.7, Avg: 190.7, Max: 190.7, Diff: 0.1, Sum: 381.4]
      [GC Worker End (ms): Min: 2117767.2, Avg: 2117767.3, Max: 2117767.3, Diff: 0.0]
   [Code Root Fixup: 0.4 ms]
   [Code Root Migration: 0.1 ms]
   [Clear CT: 0.5 ms]
   [Other: 9.1 ms]
      [Choose CSet: 0.0 ms]
      [Ref Proc: 4.4 ms]
      [Ref Enq: 0.3 ms]
      [Free CSet: 0.8 ms]
   [Eden: 340.0M(214.0M)->0.0B(280.0M) Survivors: 32.0M->32.0M Heap: 2150.0M(4096.0M)->1844.0M(4096.0M)]
 [Times: user=0.36 sys=0.00, real=0.20 secs] 
2016-08-30T14:11:16.343+0200: 2126.477: [GC pause (young), 0.1775900 secs]
   [Parallel Time: 169.8 ms, GC Workers: 2]
      [GC Worker Start (ms): Min: 2126479.8, Avg: 2126479.8, Max: 2126479.8, Diff: 0.0]
      [Ext Root Scanning (ms): Min: 51.3, Avg: 51.5, Max: 51.7, Diff: 0.3, Sum: 103.0]
      [Update RS (ms): Min: 62.6, Avg: 62.7, Max: 62.8, Diff: 0.2, Sum: 125.4]
         [Processed Buffers: Min: 448, Avg: 532.5, Max: 617, Diff: 169, Sum: 1065]
      [Scan RS (ms): Min: 9.6, Avg: 9.8, Max: 10.0, Diff: 0.4, Sum: 19.7]
      [Code Root Scanning (ms): Min: 0.1, Avg: 0.1, Max: 0.1, Diff: 0.0, Sum: 0.2]
      [Object Copy (ms): Min: 44.9, Avg: 45.4, Max: 46.0, Diff: 1.0, Sum: 90.9]
      [Termination (ms): Min: 0.0, Avg: 0.0, Max: 0.0, Diff: 0.0, Sum: 0.0]
      [GC Worker Other (ms): Min: 0.2, Avg: 0.2, Max: 0.2, Diff: 0.0, Sum: 0.3]
      [GC Worker Total (ms): Min: 169.7, Avg: 169.7, Max: 169.8, Diff: 0.0, Sum: 339.5]
      [GC Worker End (ms): Min: 2126649.5, Avg: 2126649.6, Max: 2126649.6, Diff: 0.0]
   [Code Root Fixup: 0.2 ms]
   [Code Root Migration: 0.0 ms]
   [Clear CT: 0.4 ms]
   [Other: 7.1 ms]
      [Choose CSet: 0.0 ms]
      [Ref Proc: 2.8 ms]
      [Ref Enq: 0.1 ms]
      [Free CSet: 0.5 ms]
   [Eden: 280.0M(280.0M)->0.0B(278.0M) Survivors: 32.0M->30.0M Heap: 2124.0M(4096.0M)->1873.0M(4096.0M)]
 [Times: user=0.34 sys=0.00, real=0.18 secs] 
2016-08-30T14:11:27.848+0200: 2137.982: [GC pause (young) (initial-mark), 0.1746460 secs]
   [Parallel Time: 166.8 ms, GC Workers: 2]
      [GC Worker Start (ms): Min: 2137984.8, Avg: 2137984.8, Max: 2137984.8, Diff: 0.0]
      [Ext Root Scanning (ms): Min: 50.4, Avg: 50.8, Max: 51.2, Diff: 0.9, Sum: 101.6]
      [Code Root Marking (ms): Min: 11.1, Avg: 11.9, Max: 12.6, Diff: 1.5, Sum: 23.7]
      [Update RS (ms): Min: 52.0, Avg: 52.2, Max: 52.3, Diff: 0.3, Sum: 104.3]
         [Processed Buffers: Min: 357, Avg: 378.5, Max: 400, Diff: 43, Sum: 757]
      [Scan RS (ms): Min: 7.7, Avg: 7.9, Max: 8.1, Diff: 0.4, Sum: 15.9]
      [Code Root Scanning (ms): Min: 0.0, Avg: 0.1, Max: 0.1, Diff: 0.0, Sum: 0.1]
      [Object Copy (ms): Min: 42.9, Avg: 43.8, Max: 44.6, Diff: 1.7, Sum: 87.5]
      [Termination (ms): Min: 0.0, Avg: 0.0, Max: 0.0, Diff: 0.0, Sum: 0.0]
      [GC Worker Other (ms): Min: 0.2, Avg: 0.2, Max: 0.2, Diff: 0.0, Sum: 0.3]
      [GC Worker Total (ms): Min: 166.7, Avg: 166.7, Max: 166.7, Diff: 0.0, Sum: 333.4]
      [GC Worker End (ms): Min: 2138151.5, Avg: 2138151.5, Max: 2138151.5, Diff: 0.0]
   [Code Root Fixup: 0.2 ms]
   [Code Root Migration: 0.0 ms]
   [Clear CT: 0.4 ms]
   [Other: 7.2 ms]
      [Choose CSet: 0.0 ms]
      [Ref Proc: 2.0 ms]
      [Ref Enq: 0.1 ms]
      [Free CSet: 0.6 ms]
   [Eden: 256.0M(174.0M)->0.0B(362.0M) Survivors: 30.0M->24.0M Heap: 2129.0M(4096.0M)->1887.0M(4096.0M)]
 [Times: user=0.34 sys=0.00, real=0.18 secs] 
2016-08-30T14:11:28.023+0200: 2138.157: [GC concurrent-root-region-scan-start]
2016-08-30T14:11:28.038+0200: 2138.172: [GC concurrent-root-region-scan-end, 0.0150500 secs]
2016-08-30T14:11:28.038+0200: 2138.172: [GC concurrent-mark-start]
2016-08-30T14:11:29.315+0200: 2139.449: [GC concurrent-mark-end, 1.2769970 secs]
2016-08-30T14:11:29.318+0200: 2139.452: [GC remark 2016-08-30T14:11:29.320+0200: 2139.455: [GC ref-proc, 0.1031290 secs], 0.1247780 secs]
 [Times: user=0.15 sys=0.00, real=0.12 secs] 
2016-08-30T14:11:29.452+0200: 2139.586: [GC cleanup 1921M->1839M(4096M), 0.0386760 secs]
 [Times: user=0.07 sys=0.00, real=0.04 secs] 
2016-08-30T14:11:29.493+0200: 2139.627: [GC concurrent-cleanup-start]
2016-08-30T14:11:29.493+0200: 2139.628: [GC concurrent-cleanup-end, 0.0002560 secs]
2016-08-30T14:11:43.648+0200: 2153.782: [GC pause (young), 0.1959580 secs]
   [Parallel Time: 184.3 ms, GC Workers: 2]
      [GC Worker Start (ms): Min: 2153784.2, Avg: 2153784.2, Max: 2153784.3, Diff: 0.0]
      [Ext Root Scanning (ms): Min: 51.4, Avg: 51.5, Max: 51.7, Diff: 0.3, Sum: 103.1]
      [Update RS (ms): Min: 60.5, Avg: 61.2, Max: 62.0, Diff: 1.5, Sum: 122.4]
         [Processed Buffers: Min: 426, Avg: 429.0, Max: 432, Diff: 6, Sum: 858]
      [Scan RS (ms): Min: 10.1, Avg: 10.1, Max: 10.2, Diff: 0.1, Sum: 20.3]
      [Code Root Scanning (ms): Min: 0.1, Avg: 0.1, Max: 0.2, Diff: 0.1, Sum: 0.3]
      [Object Copy (ms): Min: 60.4, Avg: 60.9, Max: 61.5, Diff: 1.2, Sum: 121.9]
      [Termination (ms): Min: 0.0, Avg: 0.0, Max: 0.0, Diff: 0.0, Sum: 0.0]
      [GC Worker Other (ms): Min: 0.2, Avg: 0.2, Max: 0.2, Diff: 0.1, Sum: 0.4]
      [GC Worker Total (ms): Min: 184.1, Avg: 184.2, Max: 184.2, Diff: 0.0, Sum: 368.3]
      [GC Worker End (ms): Min: 2153968.4, Avg: 2153968.4, Max: 2153968.4, Diff: 0.0]
   [Code Root Fixup: 0.4 ms]
   [Code Root Migration: 0.1 ms]
   [Clear CT: 0.6 ms]
   [Other: 10.5 ms]
      [Choose CSet: 0.0 ms]
      [Ref Proc: 5.6 ms]
      [Ref Enq: 0.4 ms]
      [Free CSet: 0.9 ms]
   [Eden: 362.0M(362.0M)->0.0B(154.0M) Survivors: 24.0M->50.0M Heap: 2167.0M(4096.0M)->1843.0M(4096.0M)]
 [Times: user=0.38 sys=0.01, real=0.20 secs] 
2016-08-30T14:11:50.815+0200: 2160.949: [GC pause (mixed), 0.2373640 secs]
   [Parallel Time: 229.0 ms, GC Workers: 2]
      [GC Worker Start (ms): Min: 2160951.2, Avg: 2160951.2, Max: 2160951.2, Diff: 0.0]
      [Ext Root Scanning (ms): Min: 71.4, Avg: 75.6, Max: 79.8, Diff: 8.4, Sum: 151.2]
      [Update RS (ms): Min: 58.7, Avg: 69.3, Max: 79.8, Diff: 21.1, Sum: 138.5]
         [Processed Buffers: Min: 329, Avg: 360.0, Max: 391, Diff: 62, Sum: 720]
      [Scan RS (ms): Min: 28.5, Avg: 29.5, Max: 30.6, Diff: 2.1, Sum: 59.1]
      [Code Root Scanning (ms): Min: 0.1, Avg: 0.1, Max: 0.2, Diff: 0.1, Sum: 0.2]
      [Object Copy (ms): Min: 46.8, Avg: 54.2, Max: 61.7, Diff: 14.9, Sum: 108.4]
      [Termination (ms): Min: 0.0, Avg: 0.0, Max: 0.0, Diff: 0.0, Sum: 0.0]
      [GC Worker Other (ms): Min: 0.1, Avg: 0.1, Max: 0.2, Diff: 0.0, Sum: 0.3]
      [GC Worker Total (ms): Min: 228.9, Avg: 228.9, Max: 228.9, Diff: 0.0, Sum: 457.8]
      [GC Worker End (ms): Min: 2161180.1, Avg: 2161180.1, Max: 2161180.1, Diff: 0.0]
   [Code Root Fixup: 0.2 ms]
   [Code Root Migration: 0.1 ms]
   [Clear CT: 0.8 ms]
   [Other: 7.3 ms]
      [Choose CSet: 0.3 ms]
      [Ref Proc: 2.8 ms]
      [Ref Enq: 0.1 ms]
      [Free CSet: 1.2 ms]
   [Eden: 154.0M(154.0M)->0.0B(190.0M) Survivors: 50.0M->14.0M Heap: 1997.0M(4096.0M)->1600.0M(4096.0M)]
 [Times: user=0.31 sys=0.00, real=0.24 secs] 
2016-08-30T14:11:57.853+0200: 2167.988: [GC pause (mixed), 0.2099770 secs]
   [Parallel Time: 203.0 ms, GC Workers: 2]
      [GC Worker Start (ms): Min: 2167989.9, Avg: 2167989.9, Max: 2167989.9, Diff: 0.0]
      [Ext Root Scanning (ms): Min: 79.9, Avg: 89.0, Max: 98.1, Diff: 18.2, Sum: 178.0]
      [Update RS (ms): Min: 33.5, Avg: 46.8, Max: 60.1, Diff: 26.6, Sum: 93.7]
         [Processed Buffers: Min: 180, Avg: 363.0, Max: 546, Diff: 366, Sum: 726]
      [Scan RS (ms): Min: 22.1, Avg: 22.3, Max: 22.5, Diff: 0.4, Sum: 44.6]
      [Code Root Scanning (ms): Min: 0.1, Avg: 0.1, Max: 0.1, Diff: 0.1, Sum: 0.2]
      [Object Copy (ms): Min: 40.7, Avg: 44.6, Max: 48.6, Diff: 7.9, Sum: 89.3]
      [Termination (ms): Min: 0.0, Avg: 0.0, Max: 0.0, Diff: 0.0, Sum: 0.0]
      [GC Worker Other (ms): Min: 0.1, Avg: 0.1, Max: 0.2, Diff: 0.1, Sum: 0.3]
      [GC Worker Total (ms): Min: 203.0, Avg: 203.0, Max: 203.0, Diff: 0.0, Sum: 406.0]
      [GC Worker End (ms): Min: 2168192.9, Avg: 2168192.9, Max: 2168192.9, Diff: 0.0]
   [Code Root Fixup: 0.2 ms]
   [Code Root Migration: 0.1 ms]
   [Clear CT: 0.5 ms]
   [Other: 6.1 ms]
      [Choose CSet: 0.4 ms]
      [Ref Proc: 1.5 ms]
      [Ref Enq: 0.1 ms]
      [Free CSet: 1.1 ms]
   [Eden: 190.0M(190.0M)->0.0B(178.0M) Survivors: 14.0M->26.0M Heap: 1790.0M(4096.0M)->1435.0M(4096.0M)]
 [Times: user=0.30 sys=0.01, real=0.21 secs] 
2016-08-30T14:12:05.119+0200: 2175.253: [GC pause (mixed), 0.2441220 secs]
   [Parallel Time: 236.2 ms, GC Workers: 2]
      [GC Worker Start (ms): Min: 2175255.5, Avg: 2175257.4, Max: 2175259.3, Diff: 3.8]
      [Ext Root Scanning (ms): Min: 49.1, Avg: 50.5, Max: 51.9, Diff: 2.8, Sum: 101.0]
      [Update RS (ms): Min: 37.8, Avg: 38.6, Max: 39.3, Diff: 1.5, Sum: 77.1]
         [Processed Buffers: Min: 288, Avg: 349.5, Max: 411, Diff: 123, Sum: 699]
      [Scan RS (ms): Min: 55.1, Avg: 55.5, Max: 55.8, Diff: 0.6, Sum: 110.9]
      [Code Root Scanning (ms): Min: 0.1, Avg: 0.2, Max: 0.2, Diff: 0.1, Sum: 0.4]
      [Object Copy (ms): Min: 89.3, Avg: 89.4, Max: 89.5, Diff: 0.2, Sum: 178.8]
      [Termination (ms): Min: 0.0, Avg: 0.0, Max: 0.0, Diff: 0.0, Sum: 0.0]
      [GC Worker Other (ms): Min: 0.1, Avg: 0.2, Max: 0.2, Diff: 0.0, Sum: 0.3]
      [GC Worker Total (ms): Min: 232.4, Avg: 234.3, Max: 236.2, Diff: 3.8, Sum: 468.5]
      [GC Worker End (ms): Min: 2175491.7, Avg: 2175491.7, Max: 2175491.7, Diff: 0.0]
   [Code Root Fixup: 0.2 ms]
   [Code Root Migration: 0.1 ms]
   [Clear CT: 0.6 ms]
   [Other: 7.0 ms]
      [Choose CSet: 0.6 ms]
      [Ref Proc: 1.4 ms]
      [Ref Enq: 0.1 ms]
      [Free CSet: 1.6 ms]
   [Eden: 178.0M(178.0M)->0.0B(182.0M) Survivors: 26.0M->22.0M Heap: 1613.0M(4096.0M)->1280.0M(4096.0M)]
 [Times: user=0.47 sys=0.00, real=0.24 secs] 
2016-08-30T14:12:11.971+0200: 2182.106: [GC pause (mixed), 0.2406450 secs]
   [Parallel Time: 230.9 ms, GC Workers: 2]
      [GC Worker Start (ms): Min: 2182108.9, Avg: 2182108.9, Max: 2182108.9, Diff: 0.0]
      [Ext Root Scanning (ms): Min: 54.9, Avg: 55.1, Max: 55.3, Diff: 0.3, Sum: 110.2]
      [Update RS (ms): Min: 35.3, Avg: 35.7, Max: 36.1, Diff: 0.8, Sum: 71.4]
         [Processed Buffers: Min: 353, Avg: 366.0, Max: 379, Diff: 26, Sum: 732]
      [Scan RS (ms): Min: 62.2, Avg: 62.4, Max: 62.5, Diff: 0.3, Sum: 124.7]
      [Code Root Scanning (ms): Min: 0.1, Avg: 0.2, Max: 0.2, Diff: 0.1, Sum: 0.3]
      [Object Copy (ms): Min: 76.9, Avg: 77.4, Max: 77.8, Diff: 0.9, Sum: 154.7]
      [Termination (ms): Min: 0.0, Avg: 0.0, Max: 0.0, Diff: 0.0, Sum: 0.0]
      [GC Worker Other (ms): Min: 0.1, Avg: 0.2, Max: 0.2, Diff: 0.0, Sum: 0.3]
      [GC Worker Total (ms): Min: 230.8, Avg: 230.8, Max: 230.9, Diff: 0.0, Sum: 461.7]
      [GC Worker End (ms): Min: 2182339.7, Avg: 2182339.8, Max: 2182339.8, Diff: 0.0]
   [Code Root Fixup: 0.3 ms]
   [Code Root Migration: 0.1 ms]
   [Clear CT: 0.6 ms]
   [Other: 8.7 ms]
      [Choose CSet: 1.0 ms]
      [Ref Proc: 1.7 ms]
      [Ref Enq: 0.2 ms]
      [Free CSet: 2.0 ms]
   [Eden: 182.0M(182.0M)->0.0B(184.0M) Survivors: 22.0M->20.0M Heap: 1462.0M(4096.0M)->1133.0M(4096.0M)]
 [Times: user=0.46 sys=0.00, real=0.24 secs] 
2016-08-30T14:12:19.397+0200: 2189.532: [GC pause (mixed), 0.2705100 secs]
   [Parallel Time: 260.7 ms, GC Workers: 2]
      [GC Worker Start (ms): Min: 2189535.0, Avg: 2189535.0, Max: 2189535.0, Diff: 0.0]
      [Ext Root Scanning (ms): Min: 54.6, Avg: 56.0, Max: 57.3, Diff: 2.7, Sum: 111.9]
      [Update RS (ms): Min: 35.1, Avg: 36.9, Max: 38.7, Diff: 3.6, Sum: 73.9]
         [Processed Buffers: Min: 356, Avg: 362.5, Max: 369, Diff: 13, Sum: 725]
      [Scan RS (ms): Min: 97.1, Avg: 97.4, Max: 97.8, Diff: 0.7, Sum: 194.8]
      [Code Root Scanning (ms): Min: 0.1, Avg: 0.2, Max: 0.2, Diff: 0.1, Sum: 0.4]
      [Object Copy (ms): Min: 69.7, Avg: 69.9, Max: 70.1, Diff: 0.4, Sum: 139.8]
      [Termination (ms): Min: 0.0, Avg: 0.0, Max: 0.0, Diff: 0.0, Sum: 0.0]
      [GC Worker Other (ms): Min: 0.1, Avg: 0.1, Max: 0.2, Diff: 0.0, Sum: 0.3]
      [GC Worker Total (ms): Min: 260.6, Avg: 260.6, Max: 260.6, Diff: 0.0, Sum: 521.2]
      [GC Worker End (ms): Min: 2189795.5, Avg: 2189795.5, Max: 2189795.5, Diff: 0.0]
   [Code Root Fixup: 0.4 ms]
   [Code Root Migration: 0.2 ms]
   [Clear CT: 0.6 ms]
   [Other: 8.7 ms]
      [Choose CSet: 1.3 ms]
      [Ref Proc: 1.4 ms]
      [Ref Enq: 0.1 ms]
      [Free CSet: 2.0 ms]
   [Eden: 184.0M(184.0M)->0.0B(184.0M) Survivors: 20.0M->20.0M Heap: 1317.0M(4096.0M)->1025.0M(4096.0M)]
 [Times: user=0.51 sys=0.00, real=0.27 secs] 
2016-08-30T14:12:25.657+0200: 2195.791: [GC pause (young), 0.1413350 secs]
   [Parallel Time: 134.3 ms, GC Workers: 2]
      [GC Worker Start (ms): Min: 2195792.8, Avg: 2195792.8, Max: 2195792.8, Diff: 0.0]
      [Ext Root Scanning (ms): Min: 49.9, Avg: 50.0, Max: 50.1, Diff: 0.2, Sum: 100.1]
      [Update RS (ms): Min: 37.6, Avg: 38.3, Max: 39.1, Diff: 1.5, Sum: 76.6]
         [Processed Buffers: Min: 306, Avg: 338.0, Max: 370, Diff: 64, Sum: 676]
      [Scan RS (ms): Min: 6.6, Avg: 6.9, Max: 7.2, Diff: 0.6, Sum: 13.9]
      [Code Root Scanning (ms): Min: 0.0, Avg: 0.1, Max: 0.1, Diff: 0.1, Sum: 0.1]
      [Object Copy (ms): Min: 38.1, Avg: 38.6, Max: 39.1, Diff: 1.1, Sum: 77.2]
      [Termination (ms): Min: 0.0, Avg: 0.0, Max: 0.0, Diff: 0.0, Sum: 0.0]
      [GC Worker Other (ms): Min: 0.1, Avg: 0.2, Max: 0.3, Diff: 0.1, Sum: 0.4]
      [GC Worker Total (ms): Min: 134.1, Avg: 134.2, Max: 134.2, Diff: 0.1, Sum: 268.3]
      [GC Worker End (ms): Min: 2195927.0, Avg: 2195927.0, Max: 2195927.0, Diff: 0.1]
   [Code Root Fixup: 0.4 ms]
   [Code Root Migration: 0.0 ms]
   [Clear CT: 0.4 ms]
   [Other: 6.2 ms]
      [Choose CSet: 0.0 ms]
      [Ref Proc: 2.2 ms]
      [Ref Enq: 0.2 ms]
      [Free CSet: 0.6 ms]
   [Eden: 184.0M(184.0M)->0.0B(182.0M) Survivors: 20.0M->22.0M Heap: 1209.0M(4096.0M)->1044.0M(4096.0M)]
 [Times: user=0.27 sys=0.01, real=0.14 secs] 
2016-08-30T14:12:33.680+0200: 2203.814: [GC pause (young), 0.1433080 secs]
   [Parallel Time: 136.6 ms, GC Workers: 2]
      [GC Worker Start (ms): Min: 2203816.2, Avg: 2203816.2, Max: 2203816.2, Diff: 0.0]
      [Ext Root Scanning (ms): Min: 51.1, Avg: 51.7, Max: 52.3, Diff: 1.2, Sum: 103.4]
      [Update RS (ms): Min: 39.4, Avg: 40.6, Max: 41.8, Diff: 2.4, Sum: 81.2]
         [Processed Buffers: Min: 357, Avg: 364.5, Max: 372, Diff: 15, Sum: 729]
      [Scan RS (ms): Min: 5.7, Avg: 6.1, Max: 6.6, Diff: 0.9, Sum: 12.3]
      [Code Root Scanning (ms): Min: 0.1, Avg: 0.1, Max: 0.1, Diff: 0.0, Sum: 0.1]
      [Object Copy (ms): Min: 37.9, Avg: 37.9, Max: 38.0, Diff: 0.1, Sum: 75.8]
      [Termination (ms): Min: 0.0, Avg: 0.0, Max: 0.0, Diff: 0.0, Sum: 0.0]
      [GC Worker Other (ms): Min: 0.1, Avg: 0.1, Max: 0.2, Diff: 0.1, Sum: 0.2]
      [GC Worker Total (ms): Min: 136.5, Avg: 136.5, Max: 136.5, Diff: 0.0, Sum: 273.0]
      [GC Worker End (ms): Min: 2203952.7, Avg: 2203952.7, Max: 2203952.7, Diff: 0.0]
   [Code Root Fixup: 0.4 ms]
   [Code Root Migration: 0.0 ms]
   [Clear CT: 0.4 ms]
   [Other: 5.9 ms]
      [Choose CSet: 0.0 ms]
      [Ref Proc: 2.0 ms]
      [Ref Enq: 0.2 ms]
      [Free CSet: 0.5 ms]
   [Eden: 182.0M(182.0M)->0.0B(186.0M) Survivors: 22.0M->18.0M Heap: 1226.0M(4096.0M)->1059.0M(4096.0M)]
 [Times: user=0.28 sys=0.00, real=0.14 secs] 
2016-08-30T14:12:41.759+0200: 2211.893: [GC pause (young), 0.1496450 secs]
   [Parallel Time: 143.0 ms, GC Workers: 2]
      [GC Worker Start (ms): Min: 2211895.2, Avg: 2211895.5, Max: 2211895.9, Diff: 0.7]
      [Ext Root Scanning (ms): Min: 51.3, Avg: 51.7, Max: 52.0, Diff: 0.7, Sum: 103.4]
      [Update RS (ms): Min: 43.9, Avg: 45.3, Max: 46.8, Diff: 2.8, Sum: 90.7]
         [Processed Buffers: Min: 347, Avg: 371.5, Max: 396, Diff: 49, Sum: 743]
      [Scan RS (ms): Min: 5.9, Avg: 6.5, Max: 7.1, Diff: 1.2, Sum: 13.0]
      [Code Root Scanning (ms): Min: 0.1, Avg: 0.1, Max: 0.1, Diff: 0.0, Sum: 0.1]
      [Object Copy (ms): Min: 38.8, Avg: 38.9, Max: 39.0, Diff: 0.2, Sum: 77.8]
      [Termination (ms): Min: 0.0, Avg: 0.0, Max: 0.0, Diff: 0.0, Sum: 0.0]
      [GC Worker Other (ms): Min: 0.1, Avg: 0.1, Max: 0.1, Diff: 0.0, Sum: 0.1]
      [GC Worker Total (ms): Min: 142.2, Avg: 142.6, Max: 142.9, Diff: 0.7, Sum: 285.1]
      [GC Worker End (ms): Min: 2212038.1, Avg: 2212038.1, Max: 2212038.1, Diff: 0.0]
   [Code Root Fixup: 0.3 ms]
   [Code Root Migration: 0.0 ms]
   [Clear CT: 0.4 ms]
   [Other: 5.9 ms]
      [Choose CSet: 0.0 ms]
      [Ref Proc: 1.9 ms]
      [Ref Enq: 0.2 ms]
      [Free CSet: 0.5 ms]
   [Eden: 186.0M(186.0M)->0.0B(182.0M) Survivors: 18.0M->22.0M Heap: 1245.0M(4096.0M)->1078.0M(4096.0M)]
 [Times: user=0.28 sys=0.00, real=0.15 secs] 
2016-08-30T14:12:49.659+0200: 2219.794: [GC pause (young), 0.1442510 secs]
   [Parallel Time: 137.6 ms, GC Workers: 2]
      [GC Worker Start (ms): Min: 2219795.4, Avg: 2219795.6, Max: 2219795.9, Diff: 0.5]
      [Ext Root Scanning (ms): Min: 50.0, Avg: 50.0, Max: 50.0, Diff: 0.1, Sum: 100.0]
      [Update RS (ms): Min: 39.5, Avg: 40.4, Max: 41.3, Diff: 1.8, Sum: 80.9]
         [Processed Buffers: Min: 343, Avg: 343.0, Max: 343, Diff: 0, Sum: 686]
      [Scan RS (ms): Min: 6.0, Avg: 6.6, Max: 7.2, Diff: 1.2, Sum: 13.1]
      [Code Root Scanning (ms): Min: 0.0, Avg: 0.1, Max: 0.1, Diff: 0.1, Sum: 0.1]
      [Object Copy (ms): Min: 39.5, Avg: 40.1, Max: 40.6, Diff: 1.1, Sum: 80.1]
      [Termination (ms): Min: 0.0, Avg: 0.0, Max: 0.0, Diff: 0.0, Sum: 0.0]
      [GC Worker Other (ms): Min: 0.2, Avg: 0.2, Max: 0.2, Diff: 0.0, Sum: 0.3]
      [GC Worker Total (ms): Min: 137.0, Avg: 137.3, Max: 137.5, Diff: 0.5, Sum: 274.6]
      [GC Worker End (ms): Min: 2219932.9, Avg: 2219932.9, Max: 2219932.9, Diff: 0.0]
   [Code Root Fixup: 0.3 ms]
   [Code Root Migration: 0.0 ms]
   [Clear CT: 0.4 ms]
   [Other: 5.9 ms]
      [Choose CSet: 0.0 ms]
      [Ref Proc: 2.1 ms]
      [Ref Enq: 0.2 ms]
      [Free CSet: 0.5 ms]
   [Eden: 182.0M(182.0M)->0.0B(182.0M) Survivors: 22.0M->22.0M Heap: 1260.0M(4096.0M)->1098.0M(4096.0M)]
 [Times: user=0.28 sys=0.00, real=0.15 secs] 
2016-08-30T14:12:57.227+0200: 2227.361: [GC pause (young), 0.1452560 secs]
   [Parallel Time: 139.8 ms, GC Workers: 2]
      [GC Worker Start (ms): Min: 2227363.3, Avg: 2227363.3, Max: 2227363.3, Diff: 0.0]
      [Ext Root Scanning (ms): Min: 49.8, Avg: 50.5, Max: 51.2, Diff: 1.5, Sum: 101.0]
      [Update RS (ms): Min: 36.3, Avg: 37.0, Max: 37.7, Diff: 1.4, Sum: 74.1]
         [Processed Buffers: Min: 349, Avg: 352.5, Max: 356, Diff: 7, Sum: 705]
      [Scan RS (ms): Min: 6.2, Avg: 6.6, Max: 7.0, Diff: 0.8, Sum: 13.1]
      [Code Root Scanning (ms): Min: 0.0, Avg: 0.1, Max: 0.1, Diff: 0.1, Sum: 0.1]
      [Object Copy (ms): Min: 45.0, Avg: 45.0, Max: 45.0, Diff: 0.0, Sum: 89.9]
      [Termination (ms): Min: 0.0, Avg: 0.5, Max: 0.9, Diff: 0.9, Sum: 0.9]
      [GC Worker Other (ms): Min: 0.1, Avg: 0.1, Max: 0.2, Diff: 0.0, Sum: 0.3]
      [GC Worker Total (ms): Min: 139.7, Avg: 139.7, Max: 139.7, Diff: 0.0, Sum: 279.5]
      [GC Worker End (ms): Min: 2227503.0, Avg: 2227503.0, Max: 2227503.0, Diff: 0.0]
   [Code Root Fixup: 0.3 ms]
   [Code Root Migration: 0.0 ms]
   [Clear CT: 0.3 ms]
   [Other: 4.8 ms]
      [Choose CSet: 0.0 ms]
      [Ref Proc: 1.4 ms]
      [Ref Enq: 0.1 ms]
      [Free CSet: 0.4 ms]
   [Eden: 182.0M(182.0M)->0.0B(208.0M) Survivors: 22.0M->22.0M Heap: 1280.0M(4096.0M)->1114.0M(4096.0M)]
 [Times: user=0.26 sys=0.00, real=0.15 secs] 
2016-08-30T14:13:05.846+0200: 2235.980: [GC pause (young), 0.1461930 secs]
   [Parallel Time: 140.2 ms, GC Workers: 2]
      [GC Worker Start (ms): Min: 2235982.1, Avg: 2235982.1, Max: 2235982.1, Diff: 0.0]
      [Ext Root Scanning (ms): Min: 49.9, Avg: 50.3, Max: 50.8, Diff: 0.9, Sum: 100.7]
      [Update RS (ms): Min: 45.2, Avg: 45.3, Max: 45.5, Diff: 0.3, Sum: 90.7]
         [Processed Buffers: Min: 357, Avg: 373.5, Max: 390, Diff: 33, Sum: 747]
      [Scan RS (ms): Min: 5.7, Avg: 6.2, Max: 6.7, Diff: 0.9, Sum: 12.4]
      [Code Root Scanning (ms): Min: 0.1, Avg: 0.1, Max: 0.1, Diff: 0.0, Sum: 0.2]
      [Object Copy (ms): Min: 37.8, Avg: 38.0, Max: 38.2, Diff: 0.4, Sum: 76.0]
      [Termination (ms): Min: 0.0, Avg: 0.0, Max: 0.0, Diff: 0.0, Sum: 0.0]
      [GC Worker Other (ms): Min: 0.1, Avg: 0.2, Max: 0.2, Diff: 0.0, Sum: 0.3]
      [GC Worker Total (ms): Min: 140.1, Avg: 140.1, Max: 140.1, Diff: 0.0, Sum: 280.2]
      [GC Worker End (ms): Min: 2236122.2, Avg: 2236122.2, Max: 2236122.2, Diff: 0.0]
   [Code Root Fixup: 0.2 ms]
   [Code Root Migration: 0.0 ms]
   [Clear CT: 0.4 ms]
   [Other: 5.4 ms]
      [Choose CSet: 0.0 ms]
      [Ref Proc: 1.6 ms]
      [Ref Enq: 0.1 ms]
      [Free CSet: 0.5 ms]
   [Eden: 208.0M(208.0M)->0.0B(326.0M) Survivors: 22.0M->24.0M Heap: 1322.0M(4096.0M)->1131.0M(4096.0M)]
 [Times: user=0.29 sys=0.00, real=0.14 secs] 
2016-08-30T14:13:19.652+0200: 2249.786: [GC pause (young), 0.1743450 secs]
   [Parallel Time: 164.7 ms, GC Workers: 2]
      [GC Worker Start (ms): Min: 2249788.3, Avg: 2249789.1, Max: 2249789.9, Diff: 1.6]
      [Ext Root Scanning (ms): Min: 49.6, Avg: 49.9, Max: 50.3, Diff: 0.7, Sum: 99.9]
      [Update RS (ms): Min: 54.7, Avg: 54.9, Max: 55.2, Diff: 0.5, Sum: 109.8]
         [Processed Buffers: Min: 414, Avg: 434.0, Max: 454, Diff: 40, Sum: 868]
      [Scan RS (ms): Min: 8.2, Avg: 8.7, Max: 9.3, Diff: 1.0, Sum: 17.5]
      [Code Root Scanning (ms): Min: 0.1, Avg: 0.1, Max: 0.1, Diff: 0.0, Sum: 0.2]
      [Object Copy (ms): Min: 49.3, Avg: 49.9, Max: 50.6, Diff: 1.3, Sum: 99.9]
      [Termination (ms): Min: 0.0, Avg: 0.0, Max: 0.0, Diff: 0.0, Sum: 0.0]
      [GC Worker Other (ms): Min: 0.2, Avg: 0.2, Max: 0.2, Diff: 0.1, Sum: 0.4]
      [GC Worker Total (ms): Min: 163.1, Avg: 163.8, Max: 164.6, Diff: 1.6, Sum: 327.7]
      [GC Worker End (ms): Min: 2249953.0, Avg: 2249953.0, Max: 2249953.0, Diff: 0.0]
   [Code Root Fixup: 0.3 ms]
   [Code Root Migration: 0.1 ms]
   [Clear CT: 0.5 ms]
   [Other: 8.7 ms]
      [Choose CSet: 0.0 ms]
      [Ref Proc: 4.1 ms]
      [Ref Enq: 0.3 ms]
      [Free CSet: 0.9 ms]
   [Eden: 326.0M(326.0M)->0.0B(296.0M) Survivors: 24.0M->44.0M Heap: 1457.0M(4096.0M)->1155.0M(4096.0M)]
 [Times: user=0.33 sys=0.00, real=0.18 secs] 
2016-08-30T14:13:32.259+0200: 2262.394: [GC pause (young), 0.1861430 secs]
   [Parallel Time: 176.0 ms, GC Workers: 2]
      [GC Worker Start (ms): Min: 2262395.8, Avg: 2262395.8, Max: 2262395.8, Diff: 0.0]
      [Ext Root Scanning (ms): Min: 50.4, Avg: 50.4, Max: 50.4, Diff: 0.1, Sum: 100.8]
      [Update RS (ms): Min: 47.1, Avg: 47.6, Max: 48.2, Diff: 1.1, Sum: 95.2]
         [Processed Buffers: Min: 368, Avg: 409.5, Max: 451, Diff: 83, Sum: 819]
      [Scan RS (ms): Min: 13.6, Avg: 14.0, Max: 14.3, Diff: 0.8, Sum: 27.9]
      [Code Root Scanning (ms): Min: 0.1, Avg: 0.1, Max: 0.2, Diff: 0.1, Sum: 0.2]
      [Object Copy (ms): Min: 63.5, Avg: 63.6, Max: 63.7, Diff: 0.2, Sum: 127.2]
      [Termination (ms): Min: 0.0, Avg: 0.0, Max: 0.0, Diff: 0.0, Sum: 0.0]
      [GC Worker Other (ms): Min: 0.2, Avg: 0.2, Max: 0.2, Diff: 0.0, Sum: 0.3]
      [GC Worker Total (ms): Min: 175.9, Avg: 175.9, Max: 175.9, Diff: 0.0, Sum: 351.8]
      [GC Worker End (ms): Min: 2262571.7, Avg: 2262571.7, Max: 2262571.7, Diff: 0.0]
   [Code Root Fixup: 0.3 ms]
   [Code Root Migration: 0.1 ms]
   [Clear CT: 0.5 ms]
   [Other: 9.2 ms]
      [Choose CSet: 0.0 ms]
      [Ref Proc: 4.5 ms]
      [Ref Enq: 0.3 ms]
      [Free CSet: 0.9 ms]
   [Eden: 296.0M(296.0M)->0.0B(360.0M) Survivors: 44.0M->28.0M Heap: 1451.0M(4096.0M)->1177.0M(4096.0M)]
 [Times: user=0.37 sys=0.00, real=0.18 secs] 
2016-08-30T14:13:45.721+0200: 2275.856: [GC pause (young), 0.1854150 secs]
   [Parallel Time: 175.3 ms, GC Workers: 2]
      [GC Worker Start (ms): Min: 2275858.0, Avg: 2275858.4, Max: 2275858.9, Diff: 0.9]
      [Ext Root Scanning (ms): Min: 52.9, Avg: 53.8, Max: 54.6, Diff: 1.7, Sum: 107.6]
      [Update RS (ms): Min: 57.4, Avg: 58.1, Max: 58.8, Diff: 1.4, Sum: 116.2]
         [Processed Buffers: Min: 438, Avg: 458.5, Max: 479, Diff: 41, Sum: 917]
      [Scan RS (ms): Min: 10.1, Avg: 10.2, Max: 10.4, Diff: 0.3, Sum: 20.5]
      [Code Root Scanning (ms): Min: 0.1, Avg: 0.1, Max: 0.1, Diff: 0.0, Sum: 0.3]
      [Object Copy (ms): Min: 52.2, Avg: 52.3, Max: 52.4, Diff: 0.2, Sum: 104.6]
      [Termination (ms): Min: 0.0, Avg: 0.0, Max: 0.0, Diff: 0.0, Sum: 0.0]
      [GC Worker Other (ms): Min: 0.2, Avg: 0.2, Max: 0.2, Diff: 0.0, Sum: 0.4]
      [GC Worker Total (ms): Min: 174.3, Avg: 174.8, Max: 175.2, Diff: 0.9, Sum: 349.5]
      [GC Worker End (ms): Min: 2276033.2, Avg: 2276033.2, Max: 2276033.2, Diff: 0.0]
   [Code Root Fixup: 0.5 ms]
   [Code Root Migration: 0.1 ms]
   [Clear CT: 0.4 ms]
   [Other: 9.2 ms]
      [Choose CSet: 0.0 ms]
      [Ref Proc: 4.4 ms]
      [Ref Enq: 0.4 ms]
      [Free CSet: 0.9 ms]
   [Eden: 360.0M(360.0M)->0.0B(262.0M) Survivors: 28.0M->48.0M Heap: 1537.0M(4096.0M)->1217.0M(4096.0M)]
 [Times: user=0.36 sys=0.00, real=0.18 secs] 
2016-08-30T14:13:57.130+0200: 2287.265: [GC pause (young), 0.1681590 secs]
   [Parallel Time: 159.7 ms, GC Workers: 2]
      [GC Worker Start (ms): Min: 2287266.6, Avg: 2287266.6, Max: 2287266.6, Diff: 0.0]
      [Ext Root Scanning (ms): Min: 50.8, Avg: 50.9, Max: 51.1, Diff: 0.3, Sum: 101.9]
      [Update RS (ms): Min: 44.1, Avg: 44.4, Max: 44.6, Diff: 0.5, Sum: 88.7]
         [Processed Buffers: Min: 353, Avg: 375.0, Max: 397, Diff: 44, Sum: 750]
      [Scan RS (ms): Min: 11.2, Avg: 11.2, Max: 11.2, Diff: 0.1, Sum: 22.4]
      [Code Root Scanning (ms): Min: 0.1, Avg: 0.1, Max: 0.1, Diff: 0.0, Sum: 0.2]
      [Object Copy (ms): Min: 52.8, Avg: 52.9, Max: 53.0, Diff: 0.2, Sum: 105.8]
      [Termination (ms): Min: 0.0, Avg: 0.0, Max: 0.0, Diff: 0.0, Sum: 0.0]
      [GC Worker Other (ms): Min: 0.1, Avg: 0.2, Max: 0.2, Diff: 0.0, Sum: 0.3]
      [GC Worker Total (ms): Min: 159.6, Avg: 159.6, Max: 159.7, Diff: 0.0, Sum: 319.3]
      [GC Worker End (ms): Min: 2287426.3, Avg: 2287426.3, Max: 2287426.3, Diff: 0.0]
   [Code Root Fixup: 0.3 ms]
   [Code Root Migration: 0.1 ms]
   [Clear CT: 0.5 ms]
   [Other: 7.5 ms]
      [Choose CSet: 0.0 ms]
      [Ref Proc: 3.1 ms]
      [Ref Enq: 0.2 ms]
      [Free CSet: 0.8 ms]
   [Eden: 262.0M(262.0M)->0.0B(432.0M) Survivors: 48.0M->24.0M Heap: 1479.0M(4096.0M)->1223.0M(4096.0M)]
 [Times: user=0.33 sys=0.00, real=0.17 secs] 
2016-08-30T14:14:14.708+0200: 2304.843: [GC pause (young), 0.1778640 secs]
   [Parallel Time: 169.0 ms, GC Workers: 2]
      [GC Worker Start (ms): Min: 2304845.1, Avg: 2304845.1, Max: 2304845.1, Diff: 0.0]
      [Ext Root Scanning (ms): Min: 50.1, Avg: 50.5, Max: 50.9, Diff: 0.7, Sum: 101.0]
      [Update RS (ms): Min: 53.5, Avg: 53.7, Max: 53.9, Diff: 0.4, Sum: 107.4]
         [Processed Buffers: Min: 386, Avg: 419.0, Max: 452, Diff: 66, Sum: 838]
      [Scan RS (ms): Min: 11.4, Avg: 11.5, Max: 11.6, Diff: 0.1, Sum: 23.0]
      [Code Root Scanning (ms): Min: 0.1, Avg: 0.1, Max: 0.2, Diff: 0.1, Sum: 0.3]
      [Object Copy (ms): Min: 52.3, Avg: 52.8, Max: 53.3, Diff: 1.0, Sum: 105.6]
      [Termination (ms): Min: 0.0, Avg: 0.0, Max: 0.0, Diff: 0.0, Sum: 0.0]
      [GC Worker Other (ms): Min: 0.1, Avg: 0.2, Max: 0.2, Diff: 0.0, Sum: 0.3]
      [GC Worker Total (ms): Min: 168.8, Avg: 168.8, Max: 168.8, Diff: 0.0, Sum: 337.6]
      [GC Worker End (ms): Min: 2305013.9, Avg: 2305013.9, Max: 2305013.9, Diff: 0.0]
   [Code Root Fixup: 0.3 ms]
   [Code Root Migration: 0.1 ms]
   [Clear CT: 0.4 ms]
   [Other: 8.1 ms]
      [Choose CSet: 0.0 ms]
      [Ref Proc: 3.6 ms]
      [Ref Enq: 0.2 ms]
      [Free CSet: 1.0 ms]
   [Eden: 432.0M(432.0M)->0.0B(322.0M) Survivors: 24.0M->58.0M Heap: 1655.0M(4096.0M)->1268.0M(4096.0M)]
 [Times: user=0.34 sys=0.00, real=0.18 secs] 
2016-08-30T14:14:30.326+0200: 2320.460: [GC pause (young), 0.1959910 secs]
   [Parallel Time: 188.8 ms, GC Workers: 2]
      [GC Worker Start (ms): Min: 2320462.0, Avg: 2320462.0, Max: 2320462.0, Diff: 0.0]
      [Ext Root Scanning (ms): Min: 53.6, Avg: 59.1, Max: 64.6, Diff: 11.0, Sum: 118.2]
      [Update RS (ms): Min: 42.7, Avg: 50.2, Max: 57.8, Diff: 15.1, Sum: 100.5]
         [Processed Buffers: Min: 274, Avg: 370.0, Max: 466, Diff: 192, Sum: 740]
      [Scan RS (ms): Min: 17.1, Avg: 17.8, Max: 18.4, Diff: 1.3, Sum: 35.5]
      [Code Root Scanning (ms): Min: 0.1, Avg: 0.2, Max: 0.2, Diff: 0.1, Sum: 0.4]
      [Object Copy (ms): Min: 59.8, Avg: 61.2, Max: 62.6, Diff: 2.7, Sum: 122.4]
      [Termination (ms): Min: 0.0, Avg: 0.0, Max: 0.0, Diff: 0.0, Sum: 0.0]
      [GC Worker Other (ms): Min: 0.1, Avg: 0.2, Max: 0.2, Diff: 0.0, Sum: 0.3]
      [GC Worker Total (ms): Min: 188.6, Avg: 188.7, Max: 188.7, Diff: 0.0, Sum: 377.3]
      [GC Worker End (ms): Min: 2320650.6, Avg: 2320650.6, Max: 2320650.6, Diff: 0.0]
   [Code Root Fixup: 0.4 ms]
   [Code Root Migration: 0.1 ms]
   [Clear CT: 0.4 ms]
   [Other: 6.5 ms]
      [Choose CSet: 0.0 ms]
      [Ref Proc: 2.3 ms]
      [Ref Enq: 0.1 ms]
      [Free CSet: 0.8 ms]
   [Eden: 322.0M(322.0M)->0.0B(406.0M) Survivors: 58.0M->30.0M Heap: 1590.0M(4096.0M)->1293.0M(4096.0M)]
 [Times: user=0.38 sys=0.00, real=0.19 secs] 
2016-08-30T14:14:48.200+0200: 2338.335: [GC pause (young), 0.3265410 secs]
   [Parallel Time: 319.9 ms, GC Workers: 2]
      [GC Worker Start (ms): Min: 2338336.1, Avg: 2338336.5, Max: 2338336.9, Diff: 0.8]
      [Ext Root Scanning (ms): Min: 80.1, Avg: 90.9, Max: 101.6, Diff: 21.5, Sum: 181.8]
      [Update RS (ms): Min: 107.2, Avg: 114.2, Max: 121.2, Diff: 14.0, Sum: 228.4]
         [Processed Buffers: Min: 389, Avg: 433.5, Max: 478, Diff: 89, Sum: 867]
      [Scan RS (ms): Min: 30.1, Avg: 33.1, Max: 36.0, Diff: 6.0, Sum: 66.1]
      [Code Root Scanning (ms): Min: 0.1, Avg: 0.1, Max: 0.1, Diff: 0.0, Sum: 0.2]
      [Object Copy (ms): Min: 74.8, Avg: 76.0, Max: 77.2, Diff: 2.4, Sum: 151.9]
      [Termination (ms): Min: 0.0, Avg: 0.0, Max: 0.0, Diff: 0.0, Sum: 0.0]
      [GC Worker Other (ms): Min: 0.0, Avg: 0.1, Max: 0.1, Diff: 0.1, Sum: 0.2]
      [GC Worker Total (ms): Min: 313.9, Avg: 314.3, Max: 314.6, Diff: 0.8, Sum: 628.5]
      [GC Worker End (ms): Min: 2338650.7, Avg: 2338650.7, Max: 2338650.7, Diff: 0.0]
   [Code Root Fixup: 0.3 ms]
   [Code Root Migration: 0.0 ms]
   [Clear CT: 0.5 ms]
   [Other: 5.9 ms]
      [Choose CSet: 0.0 ms]
      [Ref Proc: 2.6 ms]
      [Ref Enq: 0.2 ms]
      [Free CSet: 0.7 ms]
   [Eden: 406.0M(406.0M)->0.0B(148.0M) Survivors: 30.0M->56.0M Heap: 1699.0M(4096.0M)->1324.0M(4096.0M)]
 [Times: user=0.20 sys=0.00, real=0.32 secs] 
2016-08-30T14:14:55.764+0200: 2345.899: [GC pause (young), 0.1741770 secs]
   [Parallel Time: 167.7 ms, GC Workers: 2]
      [GC Worker Start (ms): Min: 2345900.4, Avg: 2345902.2, Max: 2345904.0, Diff: 3.6]
      [Ext Root Scanning (ms): Min: 60.9, Avg: 61.9, Max: 62.8, Diff: 2.0, Sum: 123.7]
      [Update RS (ms): Min: 36.1, Avg: 37.1, Max: 38.1, Diff: 2.0, Sum: 74.2]
         [Processed Buffers: Min: 266, Avg: 284.0, Max: 302, Diff: 36, Sum: 568]
      [Scan RS (ms): Min: 13.1, Avg: 13.5, Max: 14.0, Diff: 0.9, Sum: 27.1]
      [Code Root Scanning (ms): Min: 0.1, Avg: 0.1, Max: 0.1, Diff: 0.0, Sum: 0.2]
      [Object Copy (ms): Min: 52.8, Avg: 53.1, Max: 53.4, Diff: 0.6, Sum: 106.2]
      [Termination (ms): Min: 0.0, Avg: 0.0, Max: 0.0, Diff: 0.0, Sum: 0.0]
      [GC Worker Other (ms): Min: 0.1, Avg: 0.1, Max: 0.2, Diff: 0.1, Sum: 0.3]
      [GC Worker Total (ms): Min: 164.0, Avg: 165.8, Max: 167.6, Diff: 3.6, Sum: 331.6]
      [GC Worker End (ms): Min: 2346068.0, Avg: 2346068.0, Max: 2346068.0, Diff: 0.0]
   [Code Root Fixup: 0.4 ms]
   [Code Root Migration: 0.0 ms]
   [Clear CT: 0.5 ms]
   [Other: 5.6 ms]
      [Choose CSet: 0.0 ms]
      [Ref Proc: 1.8 ms]
      [Ref Enq: 0.1 ms]
      [Free CSet: 0.6 ms]
   [Eden: 148.0M(148.0M)->0.0B(188.0M) Survivors: 56.0M->16.0M Heap: 1472.0M(4096.0M)->1319.0M(4096.0M)]
 [Times: user=0.33 sys=0.00, real=0.17 secs] 
2016-08-30T14:15:02.964+0200: 2353.098: [GC pause (young), 0.1421210 secs]
   [Parallel Time: 134.8 ms, GC Workers: 2]
      [GC Worker Start (ms): Min: 2353099.9, Avg: 2353101.9, Max: 2353103.8, Diff: 4.0]
      [Ext Root Scanning (ms): Min: 48.5, Avg: 49.7, Max: 50.8, Diff: 2.3, Sum: 99.3]
      [Update RS (ms): Min: 39.2, Avg: 40.2, Max: 41.2, Diff: 1.9, Sum: 80.4]
         [Processed Buffers: Min: 288, Avg: 333.0, Max: 378, Diff: 90, Sum: 666]
      [Scan RS (ms): Min: 4.6, Avg: 5.2, Max: 5.7, Diff: 1.2, Sum: 10.3]
      [Code Root Scanning (ms): Min: 0.1, Avg: 0.1, Max: 0.1, Diff: 0.0, Sum: 0.2]
      [Object Copy (ms): Min: 37.0, Avg: 37.5, Max: 37.9, Diff: 0.9, Sum: 74.9]
      [Termination (ms): Min: 0.0, Avg: 0.0, Max: 0.0, Diff: 0.0, Sum: 0.0]
      [GC Worker Other (ms): Min: 0.1, Avg: 0.2, Max: 0.2, Diff: 0.1, Sum: 0.3]
      [GC Worker Total (ms): Min: 130.8, Avg: 132.7, Max: 134.7, Diff: 4.0, Sum: 265.5]
      [GC Worker End (ms): Min: 2353234.6, Avg: 2353234.6, Max: 2353234.6, Diff: 0.0]
   [Code Root Fixup: 0.3 ms]
   [Code Root Migration: 0.0 ms]
   [Clear CT: 0.4 ms]
   [Other: 6.6 ms]
      [Choose CSet: 0.0 ms]
      [Ref Proc: 3.0 ms]
      [Ref Enq: 0.1 ms]
      [Free CSet: 0.5 ms]
   [Eden: 188.0M(188.0M)->0.0B(178.0M) Survivors: 16.0M->26.0M Heap: 1507.0M(4096.0M)->1341.0M(4096.0M)]
 [Times: user=0.26 sys=0.00, real=0.14 secs] 
2016-08-30T14:15:09.506+0200: 2359.640: [GC pause (young), 0.1653390 secs]
   [Parallel Time: 157.9 ms, GC Workers: 2]
      [GC Worker Start (ms): Min: 2359642.2, Avg: 2359642.2, Max: 2359642.2, Diff: 0.0]
      [Ext Root Scanning (ms): Min: 58.0, Avg: 67.2, Max: 76.3, Diff: 18.3, Sum: 134.3]
      [Update RS (ms): Min: 29.3, Avg: 41.1, Max: 53.0, Diff: 23.6, Sum: 82.3]
         [Processed Buffers: Min: 303, Avg: 330.0, Max: 357, Diff: 54, Sum: 660]
      [Scan RS (ms): Min: 5.7, Avg: 5.9, Max: 6.2, Diff: 0.5, Sum: 11.9]
      [Code Root Scanning (ms): Min: 0.1, Avg: 0.1, Max: 0.1, Diff: 0.0, Sum: 0.1]
      [Object Copy (ms): Min: 40.9, Avg: 43.3, Max: 45.7, Diff: 4.8, Sum: 86.6]
      [Termination (ms): Min: 0.0, Avg: 0.0, Max: 0.0, Diff: 0.0, Sum: 0.0]
      [GC Worker Other (ms): Min: 0.2, Avg: 0.2, Max: 0.2, Diff: 0.0, Sum: 0.4]
      [GC Worker Total (ms): Min: 157.8, Avg: 157.8, Max: 157.8, Diff: 0.0, Sum: 315.7]
      [GC Worker End (ms): Min: 2359800.0, Avg: 2359800.0, Max: 2359800.0, Diff: 0.0]
   [Code Root Fixup: 0.5 ms]
   [Code Root Migration: 0.0 ms]
   [Clear CT: 0.4 ms]
   [Other: 6.4 ms]
      [Choose CSet: 0.0 ms]
      [Ref Proc: 2.4 ms]
      [Ref Enq: 0.2 ms]
      [Free CSet: 0.5 ms]
   [Eden: 178.0M(178.0M)->0.0B(178.0M) Survivors: 26.0M->26.0M Heap: 1519.0M(4096.0M)->1365.0M(4096.0M)]
 [Times: user=0.28 sys=0.00, real=0.17 secs] 
2016-08-30T14:15:14.620+0200: 2364.755: [GC pause (young), 0.1391900 secs]
   [Parallel Time: 133.6 ms, GC Workers: 2]
      [GC Worker Start (ms): Min: 2364756.9, Avg: 2364756.9, Max: 2364756.9, Diff: 0.0]
      [Ext Root Scanning (ms): Min: 52.0, Avg: 52.2, Max: 52.4, Diff: 0.3, Sum: 104.4]
      [Update RS (ms): Min: 40.2, Avg: 40.3, Max: 40.4, Diff: 0.2, Sum: 80.6]
         [Processed Buffers: Min: 339, Avg: 389.5, Max: 440, Diff: 101, Sum: 779]
      [Scan RS (ms): Min: 5.7, Avg: 5.7, Max: 5.8, Diff: 0.1, Sum: 11.4]
      [Code Root Scanning (ms): Min: 0.1, Avg: 0.1, Max: 0.1, Diff: 0.0, Sum: 0.1]
      [Object Copy (ms): Min: 35.0, Avg: 35.1, Max: 35.3, Diff: 0.3, Sum: 70.3]
      [Termination (ms): Min: 0.0, Avg: 0.0, Max: 0.0, Diff: 0.0, Sum: 0.0]
      [GC Worker Other (ms): Min: 0.0, Avg: 0.1, Max: 0.1, Diff: 0.1, Sum: 0.2]
      [GC Worker Total (ms): Min: 133.5, Avg: 133.5, Max: 133.5, Diff: 0.0, Sum: 267.0]
      [GC Worker End (ms): Min: 2364890.4, Avg: 2364890.4, Max: 2364890.4, Diff: 0.0]
   [Code Root Fixup: 0.2 ms]
   [Code Root Migration: 0.0 ms]
   [Clear CT: 0.4 ms]
   [Other: 4.9 ms]
      [Choose CSet: 0.0 ms]
      [Ref Proc: 1.3 ms]
      [Ref Enq: 0.1 ms]
      [Free CSet: 0.4 ms]
   [Eden: 178.0M(178.0M)->0.0B(298.0M) Survivors: 26.0M->26.0M Heap: 1543.0M(4096.0M)->1387.0M(4096.0M)]
 [Times: user=0.27 sys=0.01, real=0.14 secs] 
2016-08-30T14:15:27.685+0200: 2377.819: [GC pause (young), 0.1699970 secs]
   [Parallel Time: 160.9 ms, GC Workers: 2]
      [GC Worker Start (ms): Min: 2377821.5, Avg: 2377822.9, Max: 2377824.3, Diff: 2.7]
      [Ext Root Scanning (ms): Min: 52.4, Avg: 52.8, Max: 53.2, Diff: 0.8, Sum: 105.6]
      [Update RS (ms): Min: 51.9, Avg: 52.8, Max: 53.6, Diff: 1.7, Sum: 105.6]
         [Processed Buffers: Min: 376, Avg: 412.0, Max: 448, Diff: 72, Sum: 824]
      [Scan RS (ms): Min: 7.7, Avg: 8.3, Max: 8.9, Diff: 1.2, Sum: 16.5]
      [Code Root Scanning (ms): Min: 0.1, Avg: 0.1, Max: 0.1, Diff: 0.0, Sum: 0.2]
      [Object Copy (ms): Min: 44.7, Avg: 45.4, Max: 46.1, Diff: 1.5, Sum: 90.8]
      [Termination (ms): Min: 0.0, Avg: 0.0, Max: 0.0, Diff: 0.0, Sum: 0.0]
      [GC Worker Other (ms): Min: 0.1, Avg: 0.2, Max: 0.2, Diff: 0.0, Sum: 0.3]
      [GC Worker Total (ms): Min: 158.1, Avg: 159.5, Max: 160.9, Diff: 2.7, Sum: 319.0]
      [GC Worker End (ms): Min: 2377982.4, Avg: 2377982.4, Max: 2377982.4, Diff: 0.0]
   [Code Root Fixup: 0.3 ms]
   [Code Root Migration: 0.1 ms]
   [Clear CT: 0.5 ms]
   [Other: 8.2 ms]
      [Choose CSet: 0.0 ms]
      [Ref Proc: 3.9 ms]
      [Ref Enq: 0.1 ms]
      [Free CSet: 0.7 ms]
   [Eden: 298.0M(298.0M)->0.0B(334.0M) Survivors: 26.0M->26.0M Heap: 1685.0M(4096.0M)->1404.0M(4096.0M)]
 [Times: user=0.33 sys=0.01, real=0.17 secs] 
2016-08-30T14:15:41.396+0200: 2391.530: [GC pause (young), 0.1929150 secs]
   [Parallel Time: 182.8 ms, GC Workers: 2]
      [GC Worker Start (ms): Min: 2391532.1, Avg: 2391532.1, Max: 2391532.1, Diff: 0.0]
      [Ext Root Scanning (ms): Min: 50.5, Avg: 50.6, Max: 50.6, Diff: 0.1, Sum: 101.1]
      [Update RS (ms): Min: 60.8, Avg: 61.8, Max: 62.8, Diff: 2.1, Sum: 123.6]
         [Processed Buffers: Min: 362, Avg: 408.0, Max: 454, Diff: 92, Sum: 816]
      [Scan RS (ms): Min: 11.5, Avg: 12.1, Max: 12.8, Diff: 1.3, Sum: 24.2]
      [Code Root Scanning (ms): Min: 0.1, Avg: 0.1, Max: 0.1, Diff: 0.0, Sum: 0.2]
      [Object Copy (ms): Min: 57.7, Avg: 58.0, Max: 58.3, Diff: 0.5, Sum: 116.0]
      [Termination (ms): Min: 0.0, Avg: 0.0, Max: 0.0, Diff: 0.0, Sum: 0.0]
      [GC Worker Other (ms): Min: 0.1, Avg: 0.2, Max: 0.2, Diff: 0.1, Sum: 0.4]
      [GC Worker Total (ms): Min: 182.7, Avg: 182.8, Max: 182.8, Diff: 0.0, Sum: 365.5]
      [GC Worker End (ms): Min: 2391714.9, Avg: 2391714.9, Max: 2391714.9, Diff: 0.0]
   [Code Root Fixup: 0.3 ms]
   [Code Root Migration: 0.1 ms]
   [Clear CT: 0.5 ms]
   [Other: 9.2 ms]
      [Choose CSet: 0.0 ms]
      [Ref Proc: 4.2 ms]
      [Ref Enq: 0.4 ms]
      [Free CSet: 0.8 ms]
   [Eden: 314.0M(200.0M)->0.0B(278.0M) Survivors: 26.0M->30.0M Heap: 1718.0M(4096.0M)->1435.0M(4096.0M)]
 [Times: user=0.36 sys=0.00, real=0.19 secs] 
2016-08-30T14:15:53.808+0200: 2403.942: [GC pause (young), 0.1748690 secs]
   [Parallel Time: 167.0 ms, GC Workers: 2]
      [GC Worker Start (ms): Min: 2403944.4, Avg: 2403944.4, Max: 2403944.4, Diff: 0.0]
      [Ext Root Scanning (ms): Min: 57.5, Avg: 57.8, Max: 58.1, Diff: 0.7, Sum: 115.6]
      [Update RS (ms): Min: 46.0, Avg: 46.6, Max: 47.1, Diff: 1.1, Sum: 93.1]
         [Processed Buffers: Min: 395, Avg: 409.5, Max: 424, Diff: 29, Sum: 819]
      [Scan RS (ms): Min: 9.7, Avg: 9.8, Max: 10.0, Diff: 0.3, Sum: 19.7]
      [Code Root Scanning (ms): Min: 0.1, Avg: 0.1, Max: 0.1, Diff: 0.1, Sum: 0.2]
      [Object Copy (ms): Min: 51.7, Avg: 52.4, Max: 53.1, Diff: 1.4, Sum: 104.8]
      [Termination (ms): Min: 0.0, Avg: 0.0, Max: 0.0, Diff: 0.0, Sum: 0.0]
      [GC Worker Other (ms): Min: 0.1, Avg: 0.2, Max: 0.2, Diff: 0.0, Sum: 0.3]
      [GC Worker Total (ms): Min: 166.9, Avg: 166.9, Max: 166.9, Diff: 0.0, Sum: 333.8]
      [GC Worker End (ms): Min: 2404111.3, Avg: 2404111.3, Max: 2404111.3, Diff: 0.0]
   [Code Root Fixup: 0.2 ms]
   [Code Root Migration: 0.1 ms]
   [Clear CT: 0.4 ms]
   [Other: 7.2 ms]
      [Choose CSet: 0.0 ms]
      [Ref Proc: 2.9 ms]
      [Ref Enq: 0.1 ms]
      [Free CSet: 0.7 ms]
   [Eden: 278.0M(278.0M)->0.0B(320.0M) Survivors: 30.0M->26.0M Heap: 1713.0M(4096.0M)->1460.0M(4096.0M)]
 [Times: user=0.33 sys=0.01, real=0.17 secs] 
2016-08-30T14:16:06.394+0200: 2416.529: [GC pause (young), 0.1873360 secs]
   [Parallel Time: 176.0 ms, GC Workers: 2]
      [GC Worker Start (ms): Min: 2416530.6, Avg: 2416530.6, Max: 2416530.6, Diff: 0.0]
      [Ext Root Scanning (ms): Min: 50.8, Avg: 51.1, Max: 51.5, Diff: 0.7, Sum: 102.2]
      [Update RS (ms): Min: 54.6, Avg: 55.7, Max: 56.8, Diff: 2.2, Sum: 111.4]
         [Processed Buffers: Min: 387, Avg: 407.5, Max: 428, Diff: 41, Sum: 815]
      [Scan RS (ms): Min: 9.9, Avg: 11.5, Max: 13.0, Diff: 3.1, Sum: 22.9]
      [Code Root Scanning (ms): Min: 0.0, Avg: 0.1, Max: 0.2, Diff: 0.2, Sum: 0.2]
      [Object Copy (ms): Min: 57.1, Avg: 57.3, Max: 57.4, Diff: 0.3, Sum: 114.6]
      [Termination (ms): Min: 0.0, Avg: 0.0, Max: 0.0, Diff: 0.0, Sum: 0.0]
      [GC Worker Other (ms): Min: 0.2, Avg: 0.2, Max: 0.2, Diff: 0.0, Sum: 0.3]
      [GC Worker Total (ms): Min: 175.9, Avg: 175.9, Max: 175.9, Diff: 0.0, Sum: 351.7]
      [GC Worker End (ms): Min: 2416706.5, Avg: 2416706.5, Max: 2416706.5, Diff: 0.0]
   [Code Root Fixup: 0.5 ms]
   [Code Root Migration: 0.1 ms]
   [Clear CT: 1.0 ms]
   [Other: 9.7 ms]
      [Choose CSet: 0.0 ms]
      [Ref Proc: 5.1 ms]
      [Ref Enq: 0.3 ms]
      [Free CSet: 0.9 ms]
   [Eden: 316.0M(224.0M)->0.0B(294.0M) Survivors: 26.0M->32.0M Heap: 1776.0M(4096.0M)->1489.0M(4096.0M)]
 [Times: user=0.34 sys=0.01, real=0.19 secs] 
2016-08-30T14:16:17.505+0200: 2427.639: [GC pause (young), 0.1858550 secs]
   [Parallel Time: 176.6 ms, GC Workers: 2]
      [GC Worker Start (ms): Min: 2427641.2, Avg: 2427641.2, Max: 2427641.2, Diff: 0.0]
      [Ext Root Scanning (ms): Min: 53.3, Avg: 54.1, Max: 54.9, Diff: 1.5, Sum: 108.2]
      [Update RS (ms): Min: 53.0, Avg: 53.2, Max: 53.4, Diff: 0.4, Sum: 106.4]
         [Processed Buffers: Min: 397, Avg: 458.0, Max: 519, Diff: 122, Sum: 916]
      [Scan RS (ms): Min: 9.9, Avg: 10.0, Max: 10.2, Diff: 0.3, Sum: 20.1]
      [Code Root Scanning (ms): Min: 0.1, Avg: 0.1, Max: 0.2, Diff: 0.1, Sum: 0.3]
      [Object Copy (ms): Min: 58.0, Avg: 58.9, Max: 59.7, Diff: 1.7, Sum: 117.7]
      [Termination (ms): Min: 0.0, Avg: 0.0, Max: 0.0, Diff: 0.0, Sum: 0.0]
      [GC Worker Other (ms): Min: 0.2, Avg: 0.2, Max: 0.2, Diff: 0.0, Sum: 0.4]
      [GC Worker Total (ms): Min: 176.6, Avg: 176.6, Max: 176.6, Diff: 0.0, Sum: 353.1]
      [GC Worker End (ms): Min: 2427817.8, Avg: 2427817.8, Max: 2427817.8, Diff: 0.0]
   [Code Root Fixup: 0.3 ms]
   [Code Root Migration: 0.1 ms]
   [Clear CT: 0.5 ms]
   [Other: 8.3 ms]
      [Choose CSet: 0.0 ms]
      [Ref Proc: 3.6 ms]
      [Ref Enq: 0.3 ms]
      [Free CSet: 0.7 ms]
   [Eden: 294.0M(294.0M)->0.0B(258.0M) Survivors: 32.0M->38.0M Heap: 1783.0M(4096.0M)->1523.0M(4096.0M)]
 [Times: user=0.35 sys=0.00, real=0.18 secs] 
2016-08-30T14:16:27.411+0200: 2437.545: [GC pause (young), 0.1729630 secs]
   [Parallel Time: 165.3 ms, GC Workers: 2]
      [GC Worker Start (ms): Min: 2437547.1, Avg: 2437547.1, Max: 2437547.1, Diff: 0.0]
      [Ext Root Scanning (ms): Min: 50.2, Avg: 50.4, Max: 50.7, Diff: 0.5, Sum: 100.9]
      [Update RS (ms): Min: 55.8, Avg: 56.6, Max: 57.4, Diff: 1.6, Sum: 113.1]
         [Processed Buffers: Min: 405, Avg: 416.5, Max: 428, Diff: 23, Sum: 833]
      [Scan RS (ms): Min: 9.1, Avg: 9.4, Max: 9.7, Diff: 0.7, Sum: 18.8]
      [Code Root Scanning (ms): Min: 0.1, Avg: 0.1, Max: 0.1, Diff: 0.0, Sum: 0.2]
      [Object Copy (ms): Min: 48.4, Avg: 48.5, Max: 48.7, Diff: 0.4, Sum: 97.1]
      [Termination (ms): Min: 0.0, Avg: 0.0, Max: 0.0, Diff: 0.0, Sum: 0.0]
      [GC Worker Other (ms): Min: 0.1, Avg: 0.2, Max: 0.2, Diff: 0.1, Sum: 0.3]
      [GC Worker Total (ms): Min: 165.2, Avg: 165.2, Max: 165.2, Diff: 0.0, Sum: 330.4]
      [GC Worker End (ms): Min: 2437712.3, Avg: 2437712.3, Max: 2437712.3, Diff: 0.0]
   [Code Root Fixup: 0.3 ms]
   [Code Root Migration: 0.0 ms]
   [Clear CT: 0.4 ms]
   [Other: 6.9 ms]
      [Choose CSet: 0.0 ms]
      [Ref Proc: 2.9 ms]
      [Ref Enq: 0.2 ms]
      [Free CSet: 0.5 ms]
   [Eden: 258.0M(258.0M)->0.0B(408.0M) Survivors: 38.0M->26.0M Heap: 1781.0M(4096.0M)->1539.0M(4096.0M)]
 [Times: user=0.32 sys=0.00, real=0.18 secs] 
2016-08-30T14:16:41.223+0200: 2451.357: [GC pause (young), 0.1625430 secs]
   [Parallel Time: 154.4 ms, GC Workers: 2]
      [GC Worker Start (ms): Min: 2451359.8, Avg: 2451359.8, Max: 2451359.8, Diff: 0.0]
      [Ext Root Scanning (ms): Min: 51.0, Avg: 51.1, Max: 51.2, Diff: 0.2, Sum: 102.2]
      [Update RS (ms): Min: 52.0, Avg: 52.4, Max: 52.8, Diff: 0.8, Sum: 104.9]
         [Processed Buffers: Min: 402, Avg: 428.5, Max: 455, Diff: 53, Sum: 857]
      [Scan RS (ms): Min: 9.1, Avg: 9.4, Max: 9.8, Diff: 0.8, Sum: 18.9]
      [Code Root Scanning (ms): Min: 0.1, Avg: 0.1, Max: 0.1, Diff: 0.0, Sum: 0.2]
      [Object Copy (ms): Min: 40.9, Avg: 41.0, Max: 41.1, Diff: 0.2, Sum: 82.0]
      [Termination (ms): Min: 0.0, Avg: 0.0, Max: 0.0, Diff: 0.0, Sum: 0.0]
      [GC Worker Other (ms): Min: 0.2, Avg: 0.2, Max: 0.2, Diff: 0.0, Sum: 0.4]
      [GC Worker Total (ms): Min: 154.3, Avg: 154.3, Max: 154.3, Diff: 0.0, Sum: 308.5]
      [GC Worker End (ms): Min: 2451514.1, Avg: 2451514.1, Max: 2451514.1, Diff: 0.0]
   [Code Root Fixup: 0.3 ms]
   [Code Root Migration: 0.0 ms]
   [Clear CT: 0.4 ms]
   [Other: 7.4 ms]
      [Choose CSet: 0.0 ms]
      [Ref Proc: 3.0 ms]
      [Ref Enq: 0.2 ms]
      [Free CSet: 0.6 ms]
   [Eden: 306.0M(286.0M)->0.0B(472.0M) Survivors: 26.0M->30.0M Heap: 1845.0M(4096.0M)->1558.0M(4096.0M)]
 [Times: user=0.31 sys=0.01, real=0.17 secs] 
2016-08-30T14:16:53.620+0200: 2463.755: [GC pause (young), 0.1662810 secs]
   [Parallel Time: 157.1 ms, GC Workers: 2]
      [GC Worker Start (ms): Min: 2463756.9, Avg: 2463756.9, Max: 2463756.9, Diff: 0.0]
      [Ext Root Scanning (ms): Min: 51.5, Avg: 51.6, Max: 51.6, Diff: 0.1, Sum: 103.1]
      [Update RS (ms): Min: 51.8, Avg: 52.5, Max: 53.2, Diff: 1.4, Sum: 105.0]
         [Processed Buffers: Min: 389, Avg: 415.5, Max: 442, Diff: 53, Sum: 831]
      [Scan RS (ms): Min: 8.1, Avg: 8.3, Max: 8.4, Diff: 0.3, Sum: 16.5]
      [Code Root Scanning (ms): Min: 0.1, Avg: 0.1, Max: 0.1, Diff: 0.1, Sum: 0.2]
      [Object Copy (ms): Min: 43.8, Avg: 44.3, Max: 44.8, Diff: 0.9, Sum: 88.6]
      [Termination (ms): Min: 0.0, Avg: 0.0, Max: 0.0, Diff: 0.0, Sum: 0.0]
      [GC Worker Other (ms): Min: 0.2, Avg: 0.2, Max: 0.2, Diff: 0.0, Sum: 0.4]
      [GC Worker Total (ms): Min: 156.9, Avg: 156.9, Max: 157.0, Diff: 0.0, Sum: 313.9]
      [GC Worker End (ms): Min: 2463913.9, Avg: 2463913.9, Max: 2463913.9, Diff: 0.0]
   [Code Root Fixup: 0.4 ms]
   [Code Root Migration: 0.1 ms]
   [Clear CT: 0.5 ms]
   [Other: 8.2 ms]
      [Choose CSet: 0.0 ms]
      [Ref Proc: 3.6 ms]
      [Ref Enq: 0.3 ms]
      [Free CSet: 0.7 ms]
   [Eden: 330.0M(320.0M)->0.0B(502.0M) Survivors: 30.0M->38.0M Heap: 1888.0M(4096.0M)->1583.0M(4096.0M)]
 [Times: user=0.32 sys=0.00, real=0.17 secs] 
2016-08-30T14:17:06.254+0200: 2476.389: [GC pause (young), 0.1822010 secs]
   [Parallel Time: 172.4 ms, GC Workers: 2]
      [GC Worker Start (ms): Min: 2476390.5, Avg: 2476390.6, Max: 2476390.6, Diff: 0.0]
      [Ext Root Scanning (ms): Min: 50.6, Avg: 50.7, Max: 50.8, Diff: 0.2, Sum: 101.4]
      [Update RS (ms): Min: 52.2, Avg: 52.2, Max: 52.2, Diff: 0.0, Sum: 104.5]
         [Processed Buffers: Min: 399, Avg: 401.5, Max: 404, Diff: 5, Sum: 803]
      [Scan RS (ms): Min: 10.0, Avg: 10.4, Max: 10.8, Diff: 0.8, Sum: 20.7]
      [Code Root Scanning (ms): Min: 0.1, Avg: 0.1, Max: 0.1, Diff: 0.0, Sum: 0.2]
      [Object Copy (ms): Min: 58.2, Avg: 58.8, Max: 59.4, Diff: 1.1, Sum: 117.6]
      [Termination (ms): Min: 0.0, Avg: 0.0, Max: 0.0, Diff: 0.0, Sum: 0.0]
      [GC Worker Other (ms): Min: 0.1, Avg: 0.1, Max: 0.1, Diff: 0.0, Sum: 0.1]
      [GC Worker Total (ms): Min: 172.3, Avg: 172.3, Max: 172.3, Diff: 0.0, Sum: 344.6]
      [GC Worker End (ms): Min: 2476562.9, Avg: 2476562.9, Max: 2476562.9, Diff: 0.0]
   [Code Root Fixup: 0.4 ms]
   [Code Root Migration: 0.1 ms]
   [Clear CT: 0.6 ms]
   [Other: 8.8 ms]
      [Choose CSet: 0.0 ms]
      [Ref Proc: 4.1 ms]
      [Ref Enq: 0.3 ms]
      [Free CSet: 0.9 ms]
   [Eden: 320.0M(320.0M)->0.0B(546.0M) Survivors: 38.0M->30.0M Heap: 1903.0M(4096.0M)->1606.0M(4096.0M)]
 [Times: user=0.36 sys=0.00, real=0.18 secs] 
2016-08-30T14:17:20.626+0200: 2490.760: [GC pause (young), 0.1689710 secs]
   [Parallel Time: 160.5 ms, GC Workers: 2]
      [GC Worker Start (ms): Min: 2490762.3, Avg: 2490762.3, Max: 2490762.4, Diff: 0.0]
      [Ext Root Scanning (ms): Min: 50.3, Avg: 51.1, Max: 51.8, Diff: 1.5, Sum: 102.2]
      [Update RS (ms): Min: 53.4, Avg: 53.9, Max: 54.4, Diff: 1.0, Sum: 107.7]
         [Processed Buffers: Min: 415, Avg: 452.0, Max: 489, Diff: 74, Sum: 904]
      [Scan RS (ms): Min: 7.7, Avg: 8.3, Max: 9.0, Diff: 1.3, Sum: 16.7]
      [Code Root Scanning (ms): Min: 0.1, Avg: 0.1, Max: 0.1, Diff: 0.1, Sum: 0.2]
      [Object Copy (ms): Min: 46.5, Avg: 46.8, Max: 47.2, Diff: 0.7, Sum: 93.7]
      [Termination (ms): Min: 0.0, Avg: 0.0, Max: 0.0, Diff: 0.0, Sum: 0.0]
      [GC Worker Other (ms): Min: 0.1, Avg: 0.2, Max: 0.2, Diff: 0.0, Sum: 0.3]
      [GC Worker Total (ms): Min: 160.4, Avg: 160.4, Max: 160.4, Diff: 0.0, Sum: 320.8]
      [GC Worker End (ms): Min: 2490922.7, Avg: 2490922.7, Max: 2490922.7, Diff: 0.0]
   [Code Root Fixup: 0.3 ms]
   [Code Root Migration: 0.0 ms]
   [Clear CT: 0.9 ms]
   [Other: 7.3 ms]
      [Choose CSet: 0.0 ms]
      [Ref Proc: 3.2 ms]
      [Ref Enq: 0.2 ms]
      [Free CSet: 0.7 ms]
   [Eden: 358.0M(358.0M)->0.0B(464.0M) Survivors: 30.0M->40.0M Heap: 1964.0M(4096.0M)->1636.0M(4096.0M)]
 [Times: user=0.33 sys=0.00, real=0.17 secs] 
2016-08-30T14:17:36.273+0200: 2506.408: [GC pause (young), 0.2019380 secs]
   [Parallel Time: 190.0 ms, GC Workers: 2]
      [GC Worker Start (ms): Min: 2506409.6, Avg: 2506410.0, Max: 2506410.3, Diff: 0.7]
      [Ext Root Scanning (ms): Min: 52.7, Avg: 52.8, Max: 52.9, Diff: 0.2, Sum: 105.6]
      [Update RS (ms): Min: 56.2, Avg: 56.2, Max: 56.3, Diff: 0.1, Sum: 112.5]
         [Processed Buffers: Min: 354, Avg: 397.5, Max: 441, Diff: 87, Sum: 795]
      [Scan RS (ms): Min: 13.1, Avg: 13.2, Max: 13.4, Diff: 0.4, Sum: 26.5]
      [Code Root Scanning (ms): Min: 0.1, Avg: 0.1, Max: 0.2, Diff: 0.1, Sum: 0.3]
      [Object Copy (ms): Min: 66.7, Avg: 67.0, Max: 67.3, Diff: 0.6, Sum: 134.0]
      [Termination (ms): Min: 0.0, Avg: 0.0, Max: 0.0, Diff: 0.0, Sum: 0.0]
      [GC Worker Other (ms): Min: 0.2, Avg: 0.2, Max: 0.2, Diff: 0.0, Sum: 0.3]
      [GC Worker Total (ms): Min: 189.2, Avg: 189.6, Max: 189.9, Diff: 0.7, Sum: 379.2]
      [GC Worker End (ms): Min: 2506599.5, Avg: 2506599.5, Max: 2506599.5, Diff: 0.0]
   [Code Root Fixup: 0.5 ms]
   [Code Root Migration: 0.1 ms]
   [Clear CT: 1.1 ms]
   [Other: 10.3 ms]
      [Choose CSet: 0.0 ms]
      [Ref Proc: 5.2 ms]
      [Ref Enq: 0.3 ms]
      [Free CSet: 0.8 ms]
   [Eden: 340.0M(338.0M)->0.0B(334.0M) Survivors: 40.0M->42.0M Heap: 1976.0M(4096.0M)->1660.0M(4096.0M)]
 [Times: user=0.38 sys=0.00, real=0.21 secs] 
2016-08-30T14:17:48.609+0200: 2518.744: [GC pause (young), 0.1550310 secs]
   [Parallel Time: 149.6 ms, GC Workers: 2]
      [GC Worker Start (ms): Min: 2518744.8, Avg: 2518746.3, Max: 2518747.8, Diff: 3.0]
      [Ext Root Scanning (ms): Min: 27.1, Avg: 35.8, Max: 44.5, Diff: 17.4, Sum: 71.6]
      [Update RS (ms): Min: 34.1, Avg: 44.2, Max: 54.3, Diff: 20.1, Sum: 88.4]
         [Processed Buffers: Min: 213, Avg: 432.0, Max: 651, Diff: 438, Sum: 864]
      [Scan RS (ms): Min: 11.0, Avg: 11.4, Max: 11.8, Diff: 0.8, Sum: 22.8]
      [Code Root Scanning (ms): Min: 0.1, Avg: 0.1, Max: 0.1, Diff: 0.0, Sum: 0.1]
      [Object Copy (ms): Min: 56.0, Avg: 56.5, Max: 57.1, Diff: 1.1, Sum: 113.1]
      [Termination (ms): Min: 0.0, Avg: 0.0, Max: 0.0, Diff: 0.0, Sum: 0.0]
      [GC Worker Other (ms): Min: 0.1, Avg: 0.1, Max: 0.1, Diff: 0.0, Sum: 0.2]
      [GC Worker Total (ms): Min: 146.6, Avg: 148.1, Max: 149.6, Diff: 3.0, Sum: 296.2]
      [GC Worker End (ms): Min: 2518894.4, Avg: 2518894.4, Max: 2518894.4, Diff: 0.0]
   [Code Root Fixup: 0.2 ms]
   [Code Root Migration: 0.0 ms]
   [Clear CT: 0.3 ms]
   [Other: 4.8 ms]
      [Choose CSet: 0.0 ms]
      [Ref Proc: 2.1 ms]
      [Ref Enq: 0.2 ms]
      [Free CSet: 0.5 ms]
   [Eden: 330.0M(252.0M)->0.0B(442.0M) Survivors: 42.0M->38.0M Heap: 1990.0M(4096.0M)->1684.0M(4096.0M)]
 [Times: user=0.18 sys=0.00, real=0.15 secs] 
2016-08-30T14:18:02.143+0200: 2532.277: [GC pause (young), 0.1848810 secs]
   [Parallel Time: 174.8 ms, GC Workers: 2]
      [GC Worker Start (ms): Min: 2532279.1, Avg: 2532279.1, Max: 2532279.1, Diff: 0.0]
      [Ext Root Scanning (ms): Min: 50.5, Avg: 51.1, Max: 51.7, Diff: 1.2, Sum: 102.2]
      [Update RS (ms): Min: 54.4, Avg: 55.1, Max: 55.8, Diff: 1.4, Sum: 110.1]
         [Processed Buffers: Min: 386, Avg: 405.0, Max: 424, Diff: 38, Sum: 810]
      [Scan RS (ms): Min: 11.6, Avg: 11.6, Max: 11.6, Diff: 0.0, Sum: 23.3]
      [Code Root Scanning (ms): Min: 0.1, Avg: 0.1, Max: 0.1, Diff: 0.0, Sum: 0.2]
      [Object Copy (ms): Min: 56.4, Avg: 56.5, Max: 56.6, Diff: 0.2, Sum: 113.0]
      [Termination (ms): Min: 0.0, Avg: 0.0, Max: 0.1, Diff: 0.1, Sum: 0.1]
      [GC Worker Other (ms): Min: 0.1, Avg: 0.1, Max: 0.2, Diff: 0.0, Sum: 0.3]
      [GC Worker Total (ms): Min: 174.6, Avg: 174.6, Max: 174.7, Diff: 0.1, Sum: 349.3]
      [GC Worker End (ms): Min: 2532453.7, Avg: 2532453.7, Max: 2532453.8, Diff: 0.0]
   [Code Root Fixup: 0.4 ms]
   [Code Root Migration: 0.1 ms]
   [Clear CT: 0.6 ms]
   [Other: 9.0 ms]
      [Choose CSet: 0.0 ms]
      [Ref Proc: 4.2 ms]
      [Ref Enq: 0.3 ms]
      [Free CSet: 0.9 ms]
   [Eden: 318.0M(302.0M)->0.0B(438.0M) Survivors: 38.0M->30.0M Heap: 2002.0M(4096.0M)->1702.0M(4096.0M)]
 [Times: user=0.36 sys=0.00, real=0.19 secs] 
2016-08-30T14:18:14.225+0200: 2544.360: [GC pause (young), 0.1948210 secs]
   [Parallel Time: 184.3 ms, GC Workers: 2]
      [GC Worker Start (ms): Min: 2544362.5, Avg: 2544363.7, Max: 2544364.9, Diff: 2.4]
      [Ext Root Scanning (ms): Min: 51.8, Avg: 55.3, Max: 58.8, Diff: 6.9, Sum: 110.6]
      [Update RS (ms): Min: 59.9, Avg: 66.0, Max: 72.1, Diff: 12.1, Sum: 132.0]
         [Processed Buffers: Min: 398, Avg: 471.0, Max: 544, Diff: 146, Sum: 942]
      [Scan RS (ms): Min: 6.5, Avg: 9.7, Max: 12.9, Diff: 6.4, Sum: 19.5]
      [Code Root Scanning (ms): Min: 0.0, Avg: 0.1, Max: 0.2, Diff: 0.1, Sum: 0.2]
      [Object Copy (ms): Min: 51.3, Avg: 51.8, Max: 52.4, Diff: 1.1, Sum: 103.7]
      [Termination (ms): Min: 0.0, Avg: 0.0, Max: 0.0, Diff: 0.0, Sum: 0.0]
      [GC Worker Other (ms): Min: 0.0, Avg: 0.1, Max: 0.1, Diff: 0.1, Sum: 0.2]
      [GC Worker Total (ms): Min: 181.9, Avg: 183.0, Max: 184.2, Diff: 2.4, Sum: 366.1]
      [GC Worker End (ms): Min: 2544546.8, Avg: 2544546.8, Max: 2544546.8, Diff: 0.0]
   [Code Root Fixup: 0.6 ms]
   [Code Root Migration: 0.1 ms]
   [Clear CT: 0.4 ms]
   [Other: 9.5 ms]
      [Choose CSet: 0.0 ms]
      [Ref Proc: 3.9 ms]
      [Ref Enq: 0.3 ms]
      [Free CSet: 1.0 ms]
   [Eden: 334.0M(312.0M)->0.0B(310.0M) Survivors: 30.0M->42.0M Heap: 2036.0M(4096.0M)->1737.0M(4096.0M)]
 [Times: user=0.35 sys=0.00, real=0.20 secs] 
2016-08-30T14:18:26.454+0200: 2556.589: [GC pause (young), 0.1939490 secs]
   [Parallel Time: 186.7 ms, GC Workers: 2]
      [GC Worker Start (ms): Min: 2556590.6, Avg: 2556590.6, Max: 2556590.6, Diff: 0.0]
      [Ext Root Scanning (ms): Min: 78.2, Avg: 83.6, Max: 89.0, Diff: 10.8, Sum: 167.3]
      [Update RS (ms): Min: 50.2, Avg: 55.9, Max: 61.7, Diff: 11.4, Sum: 111.9]
         [Processed Buffers: Min: 385, Avg: 393.0, Max: 401, Diff: 16, Sum: 786]
      [Scan RS (ms): Min: 7.7, Avg: 7.7, Max: 7.7, Diff: 0.0, Sum: 15.4]
      [Code Root Scanning (ms): Min: 0.1, Avg: 0.1, Max: 0.1, Diff: 0.0, Sum: 0.1]
      [Object Copy (ms): Min: 38.0, Avg: 38.4, Max: 38.7, Diff: 0.7, Sum: 76.7]
      [Termination (ms): Min: 0.0, Avg: 0.0, Max: 0.0, Diff: 0.0, Sum: 0.0]
      [GC Worker Other (ms): Min: 0.1, Avg: 0.1, Max: 0.1, Diff: 0.1, Sum: 0.2]
      [GC Worker Total (ms): Min: 185.8, Avg: 185.8, Max: 185.8, Diff: 0.0, Sum: 371.6]
      [GC Worker End (ms): Min: 2556776.4, Avg: 2556776.4, Max: 2556776.4, Diff: 0.0]
   [Code Root Fixup: 0.2 ms]
   [Code Root Migration: 0.0 ms]
   [Clear CT: 0.7 ms]
   [Other: 6.2 ms]
      [Choose CSet: 0.0 ms]
      [Ref Proc: 2.2 ms]
      [Ref Enq: 0.1 ms]
      [Free CSet: 0.7 ms]
   [Eden: 282.0M(228.0M)->0.0B(310.0M) Survivors: 42.0M->26.0M Heap: 2019.0M(4096.0M)->1750.0M(4096.0M)]
 [Times: user=0.29 sys=0.01, real=0.19 secs] 
2016-08-30T14:18:38.966+0200: 2569.100: [GC pause (young), 0.1564410 secs]
   [Parallel Time: 149.4 ms, GC Workers: 2]
      [GC Worker Start (ms): Min: 2569101.9, Avg: 2569102.0, Max: 2569102.0, Diff: 0.1]
      [Ext Root Scanning (ms): Min: 49.8, Avg: 50.1, Max: 50.4, Diff: 0.5, Sum: 100.2]
      [Update RS (ms): Min: 49.0, Avg: 49.8, Max: 50.6, Diff: 1.6, Sum: 99.7]
         [Processed Buffers: Min: 398, Avg: 405.0, Max: 412, Diff: 14, Sum: 810]
      [Scan RS (ms): Min: 8.1, Avg: 9.0, Max: 9.9, Diff: 1.8, Sum: 18.0]
      [Code Root Scanning (ms): Min: 0.1, Avg: 0.1, Max: 0.1, Diff: 0.0, Sum: 0.2]
      [Object Copy (ms): Min: 39.6, Avg: 40.1, Max: 40.5, Diff: 0.9, Sum: 80.1]
      [Termination (ms): Min: 0.0, Avg: 0.0, Max: 0.0, Diff: 0.0, Sum: 0.0]
      [GC Worker Other (ms): Min: 0.2, Avg: 0.2, Max: 0.2, Diff: 0.1, Sum: 0.4]
      [GC Worker Total (ms): Min: 149.3, Avg: 149.3, Max: 149.3, Diff: 0.1, Sum: 298.6]
      [GC Worker End (ms): Min: 2569251.3, Avg: 2569251.3, Max: 2569251.3, Diff: 0.0]
   [Code Root Fixup: 0.2 ms]
   [Code Root Migration: 0.0 ms]
   [Clear CT: 0.4 ms]
   [Other: 6.4 ms]
      [Choose CSet: 0.0 ms]
      [Ref Proc: 2.5 ms]
      [Ref Enq: 0.1 ms]
      [Free CSet: 0.6 ms]
   [Eden: 310.0M(310.0M)->0.0B(404.0M) Survivors: 26.0M->32.0M Heap: 2060.0M(4096.0M)->1774.0M(4096.0M)]
 [Times: user=0.31 sys=0.01, real=0.15 secs] 
2016-08-30T14:18:54.767+0200: 2584.901: [GC pause (young), 0.1894100 secs]
   [Parallel Time: 178.6 ms, GC Workers: 2]
      [GC Worker Start (ms): Min: 2584903.6, Avg: 2584903.6, Max: 2584903.6, Diff: 0.0]
      [Ext Root Scanning (ms): Min: 51.9, Avg: 52.1, Max: 52.2, Diff: 0.3, Sum: 104.1]
      [Update RS (ms): Min: 57.1, Avg: 57.8, Max: 58.4, Diff: 1.3, Sum: 115.6]
         [Processed Buffers: Min: 380, Avg: 406.5, Max: 433, Diff: 53, Sum: 813]
      [Scan RS (ms): Min: 10.5, Avg: 10.8, Max: 11.1, Diff: 0.5, Sum: 21.6]
      [Code Root Scanning (ms): Min: 0.1, Avg: 0.1, Max: 0.2, Diff: 0.0, Sum: 0.3]
      [Object Copy (ms): Min: 57.3, Avg: 57.5, Max: 57.7, Diff: 0.4, Sum: 115.0]
      [Termination (ms): Min: 0.0, Avg: 0.0, Max: 0.1, Diff: 0.1, Sum: 0.1]
      [GC Worker Other (ms): Min: 0.1, Avg: 0.1, Max: 0.1, Diff: 0.0, Sum: 0.1]
      [GC Worker Total (ms): Min: 178.4, Avg: 178.4, Max: 178.4, Diff: 0.0, Sum: 356.9]
      [GC Worker End (ms): Min: 2585082.0, Avg: 2585082.0, Max: 2585082.0, Diff: 0.0]
   [Code Root Fixup: 0.4 ms]
   [Code Root Migration: 0.1 ms]
   [Clear CT: 0.6 ms]
   [Other: 9.7 ms]
      [Choose CSet: 0.0 ms]
      [Ref Proc: 4.6 ms]
      [Ref Enq: 0.4 ms]
      [Free CSet: 1.1 ms]
   [Eden: 368.0M(286.0M)->0.0B(350.0M) Survivors: 32.0M->34.0M Heap: 2142.0M(4096.0M)->1798.0M(4096.0M)]
 [Times: user=0.37 sys=0.00, real=0.19 secs] 
2016-08-30T14:19:08.327+0200: 2598.462: [GC pause (young), 0.1809820 secs]
   [Parallel Time: 167.1 ms, GC Workers: 2]
      [GC Worker Start (ms): Min: 2598463.7, Avg: 2598463.7, Max: 2598463.7, Diff: 0.0]
      [Ext Root Scanning (ms): Min: 50.8, Avg: 51.0, Max: 51.1, Diff: 0.3, Sum: 101.9]
      [Update RS (ms): Min: 55.3, Avg: 55.4, Max: 55.5, Diff: 0.2, Sum: 110.9]
         [Processed Buffers: Min: 385, Avg: 408.0, Max: 431, Diff: 46, Sum: 816]
      [Scan RS (ms): Min: 11.3, Avg: 11.9, Max: 12.5, Diff: 1.2, Sum: 23.8]
      [Code Root Scanning (ms): Min: 0.1, Avg: 0.1, Max: 0.1, Diff: 0.0, Sum: 0.3]
      [Object Copy (ms): Min: 47.9, Avg: 48.5, Max: 49.1, Diff: 1.2, Sum: 97.0]
      [Termination (ms): Min: 0.0, Avg: 0.0, Max: 0.0, Diff: 0.0, Sum: 0.0]
      [GC Worker Other (ms): Min: 0.1, Avg: 0.1, Max: 0.2, Diff: 0.2, Sum: 0.3]
      [GC Worker Total (ms): Min: 167.0, Avg: 167.0, Max: 167.0, Diff: 0.0, Sum: 334.0]
      [GC Worker End (ms): Min: 2598630.7, Avg: 2598630.7, Max: 2598630.7, Diff: 0.0]
   [Code Root Fixup: 0.2 ms]
   [Code Root Migration: 0.1 ms]
   [Clear CT: 5.5 ms]
   [Other: 8.1 ms]
      [Choose CSet: 0.0 ms]
      [Ref Proc: 2.8 ms]
      [Ref Enq: 0.2 ms]
      [Free CSet: 0.7 ms]
   [Eden: 350.0M(350.0M)->0.0B(352.0M) Survivors: 34.0M->40.0M Heap: 2148.0M(4096.0M)->1828.0M(4096.0M)]
 [Times: user=0.33 sys=0.01, real=0.19 secs] 
2016-08-30T14:19:22.143+0200: 2612.277: [GC pause (young), 0.1944770 secs]
   [Parallel Time: 184.4 ms, GC Workers: 2]
      [GC Worker Start (ms): Min: 2612279.2, Avg: 2612279.3, Max: 2612279.5, Diff: 0.3]
      [Ext Root Scanning (ms): Min: 51.2, Avg: 51.2, Max: 51.2, Diff: 0.1, Sum: 102.4]
      [Update RS (ms): Min: 59.0, Avg: 59.5, Max: 60.1, Diff: 1.2, Sum: 119.1]
         [Processed Buffers: Min: 414, Avg: 424.5, Max: 435, Diff: 21, Sum: 849]
      [Scan RS (ms): Min: 10.4, Avg: 10.6, Max: 10.7, Diff: 0.3, Sum: 21.1]
      [Code Root Scanning (ms): Min: 0.1, Avg: 0.1, Max: 0.2, Diff: 0.1, Sum: 0.3]
      [Object Copy (ms): Min: 61.7, Avg: 62.4, Max: 63.2, Diff: 1.5, Sum: 124.8]
      [Termination (ms): Min: 0.0, Avg: 0.0, Max: 0.0, Diff: 0.0, Sum: 0.0]
      [GC Worker Other (ms): Min: 0.0, Avg: 0.2, Max: 0.3, Diff: 0.3, Sum: 0.4]
      [GC Worker Total (ms): Min: 183.9, Avg: 184.1, Max: 184.2, Diff: 0.3, Sum: 368.1]
      [GC Worker End (ms): Min: 2612463.3, Avg: 2612463.4, Max: 2612463.4, Diff: 0.1]
   [Code Root Fixup: 0.4 ms]
   [Code Root Migration: 0.1 ms]
   [Clear CT: 0.6 ms]
   [Other: 9.1 ms]
      [Choose CSet: 0.0 ms]
      [Ref Proc: 4.1 ms]
      [Ref Enq: 0.3 ms]
      [Free CSet: 1.0 ms]
   [Eden: 340.0M(270.0M)->0.0B(320.0M) Survivors: 40.0M->34.0M Heap: 2168.0M(4096.0M)->1853.0M(4096.0M)]
 [Times: user=0.38 sys=0.00, real=0.19 secs] 
2016-08-30T14:19:34.144+0200: 2624.278: [GC pause (young), 0.1642980 secs]
   [Parallel Time: 156.0 ms, GC Workers: 2]
      [GC Worker Start (ms): Min: 2624280.2, Avg: 2624280.3, Max: 2624280.3, Diff: 0.0]
      [Ext Root Scanning (ms): Min: 50.3, Avg: 50.4, Max: 50.6, Diff: 0.3, Sum: 100.9]
      [Update RS (ms): Min: 43.7, Avg: 44.5, Max: 45.3, Diff: 1.5, Sum: 89.0]
         [Processed Buffers: Min: 328, Avg: 379.5, Max: 431, Diff: 103, Sum: 759]
      [Scan RS (ms): Min: 10.9, Avg: 11.3, Max: 11.7, Diff: 0.9, Sum: 22.6]
      [Code Root Scanning (ms): Min: 0.1, Avg: 0.1, Max: 0.1, Diff: 0.0, Sum: 0.2]
      [Object Copy (ms): Min: 49.3, Avg: 49.5, Max: 49.6, Diff: 0.3, Sum: 98.9]
      [Termination (ms): Min: 0.0, Avg: 0.0, Max: 0.0, Diff: 0.0, Sum: 0.0]
      [GC Worker Other (ms): Min: 0.1, Avg: 0.1, Max: 0.1, Diff: 0.1, Sum: 0.2]
      [GC Worker Total (ms): Min: 155.9, Avg: 155.9, Max: 155.9, Diff: 0.0, Sum: 311.9]
      [GC Worker End (ms): Min: 2624436.2, Avg: 2624436.2, Max: 2624436.2, Diff: 0.0]
   [Code Root Fixup: 0.4 ms]
   [Code Root Migration: 0.1 ms]
   [Clear CT: 0.6 ms]
   [Other: 7.3 ms]
      [Choose CSet: 0.0 ms]
      [Ref Proc: 3.0 ms]
      [Ref Enq: 0.2 ms]
      [Free CSet: 0.8 ms]
   [Eden: 262.0M(232.0M)->0.0B(478.0M) Survivors: 34.0M->26.0M Heap: 2115.0M(4096.0M)->1867.0M(4096.0M)]
 [Times: user=0.31 sys=0.01, real=0.16 secs] 
2016-08-30T14:19:51.255+0200: 2641.389: [GC pause (young), 0.2055320 secs]
   [Parallel Time: 191.9 ms, GC Workers: 2]
      [GC Worker Start (ms): Min: 2641391.6, Avg: 2641391.9, Max: 2641392.3, Diff: 0.6]
      [Ext Root Scanning (ms): Min: 51.3, Avg: 51.9, Max: 52.5, Diff: 1.2, Sum: 103.8]
      [Update RS (ms): Min: 63.2, Avg: 64.6, Max: 66.1, Diff: 2.8, Sum: 129.3]
         [Processed Buffers: Min: 377, Avg: 441.5, Max: 506, Diff: 129, Sum: 883]
      [Scan RS (ms): Min: 10.0, Avg: 10.6, Max: 11.2, Diff: 1.3, Sum: 21.2]
      [Code Root Scanning (ms): Min: 0.1, Avg: 0.2, Max: 0.2, Diff: 0.1, Sum: 0.3]
      [Object Copy (ms): Min: 63.9, Avg: 64.0, Max: 64.0, Diff: 0.1, Sum: 128.0]
      [Termination (ms): Min: 0.0, Avg: 0.0, Max: 0.0, Diff: 0.0, Sum: 0.0]
      [GC Worker Other (ms): Min: 0.2, Avg: 0.2, Max: 0.3, Diff: 0.1, Sum: 0.4]
      [GC Worker Total (ms): Min: 191.2, Avg: 191.5, Max: 191.8, Diff: 0.6, Sum: 383.0]
      [GC Worker End (ms): Min: 2641583.4, Avg: 2641583.4, Max: 2641583.4, Diff: 0.0]
   [Code Root Fixup: 0.3 ms]
   [Code Root Migration: 0.1 ms]
   [Clear CT: 1.1 ms]
   [Other: 12.1 ms]
      [Choose CSet: 0.0 ms]
      [Ref Proc: 6.9 ms]
      [Ref Enq: 0.4 ms]
      [Free CSet: 1.1 ms]
   [Eden: 418.0M(350.0M)->0.0B(266.0M) Survivors: 26.0M->48.0M Heap: 2285.0M(4096.0M)->1898.0M(4096.0M)]
 [Times: user=0.37 sys=0.02, real=0.20 secs] 
2016-08-30T14:19:58.158+0200: 2648.293: [GC pause (young) (initial-mark), 0.2051410 secs]
   [Parallel Time: 197.0 ms, GC Workers: 2]
      [GC Worker Start (ms): Min: 2648295.7, Avg: 2648296.2, Max: 2648296.8, Diff: 1.1]
      [Ext Root Scanning (ms): Min: 49.9, Avg: 50.8, Max: 51.6, Diff: 1.8, Sum: 101.5]
      [Code Root Marking (ms): Min: 12.7, Avg: 12.8, Max: 12.9, Diff: 0.1, Sum: 25.6]
      [Update RS (ms): Min: 43.9, Avg: 45.0, Max: 46.2, Diff: 2.3, Sum: 90.1]
         [Processed Buffers: Min: 401, Avg: 441.5, Max: 482, Diff: 81, Sum: 883]
      [Scan RS (ms): Min: 13.9, Avg: 15.0, Max: 16.1, Diff: 2.1, Sum: 30.0]
      [Code Root Scanning (ms): Min: 0.1, Avg: 0.1, Max: 0.1, Diff: 0.1, Sum: 0.2]
      [Object Copy (ms): Min: 71.1, Avg: 72.5, Max: 73.9, Diff: 2.8, Sum: 145.0]
      [Termination (ms): Min: 0.0, Avg: 0.0, Max: 0.0, Diff: 0.0, Sum: 0.0]
      [GC Worker Other (ms): Min: 0.2, Avg: 0.2, Max: 0.2, Diff: 0.0, Sum: 0.4]
      [GC Worker Total (ms): Min: 195.8, Avg: 196.4, Max: 197.0, Diff: 1.1, Sum: 392.8]
      [GC Worker End (ms): Min: 2648492.6, Avg: 2648492.6, Max: 2648492.6, Diff: 0.0]
   [Code Root Fixup: 0.2 ms]
   [Code Root Migration: 0.1 ms]
   [Clear CT: 0.5 ms]
   [Other: 7.4 ms]
      [Choose CSet: 0.0 ms]
      [Ref Proc: 1.8 ms]
      [Ref Enq: 0.1 ms]
      [Free CSet: 0.6 ms]
   [Eden: 222.0M(176.0M)->0.0B(302.0M) Survivors: 48.0M->26.0M Heap: 2120.0M(4096.0M)->1921.0M(4096.0M)]
 [Times: user=0.39 sys=0.00, real=0.20 secs] 
2016-08-30T14:19:58.364+0200: 2648.498: [GC concurrent-root-region-scan-start]
2016-08-30T14:19:58.377+0200: 2648.511: [GC concurrent-root-region-scan-end, 0.0129660 secs]
2016-08-30T14:19:58.377+0200: 2648.511: [GC concurrent-mark-start]
2016-08-30T14:19:59.347+0200: 2649.481: [GC concurrent-mark-end, 0.9701950 secs]
2016-08-30T14:19:59.351+0200: 2649.486: [GC remark 2016-08-30T14:19:59.354+0200: 2649.488: [GC ref-proc, 0.3202300 secs], 0.3415040 secs]
 [Times: user=0.36 sys=0.00, real=0.34 secs] 
2016-08-30T14:19:59.715+0200: 2649.850: [GC cleanup 1965M->1881M(4096M), 0.0335360 secs]
 [Times: user=0.07 sys=0.00, real=0.04 secs] 
2016-08-30T14:19:59.750+0200: 2649.884: [GC concurrent-cleanup-start]
2016-08-30T14:19:59.750+0200: 2649.884: [GC concurrent-cleanup-end, 0.0002120 secs]
2016-08-30T14:20:09.189+0200: 2659.323: [GC pause (young), 0.1766410 secs]
   [Parallel Time: 169.4 ms, GC Workers: 2]
      [GC Worker Start (ms): Min: 2659325.2, Avg: 2659325.2, Max: 2659325.2, Diff: 0.1]
      [Ext Root Scanning (ms): Min: 51.1, Avg: 52.9, Max: 54.6, Diff: 3.5, Sum: 105.7]
      [Update RS (ms): Min: 60.7, Avg: 62.4, Max: 64.1, Diff: 3.4, Sum: 124.8]
         [Processed Buffers: Min: 432, Avg: 450.0, Max: 468, Diff: 36, Sum: 900]
      [Scan RS (ms): Min: 7.7, Avg: 8.0, Max: 8.3, Diff: 0.6, Sum: 16.0]
      [Code Root Scanning (ms): Min: 0.1, Avg: 0.1, Max: 0.1, Diff: 0.0, Sum: 0.2]
      [Object Copy (ms): Min: 45.4, Avg: 45.8, Max: 46.2, Diff: 0.8, Sum: 91.6]
      [Termination (ms): Min: 0.0, Avg: 0.0, Max: 0.0, Diff: 0.0, Sum: 0.0]
      [GC Worker Other (ms): Min: 0.1, Avg: 0.1, Max: 0.2, Diff: 0.1, Sum: 0.2]
      [GC Worker Total (ms): Min: 169.3, Avg: 169.3, Max: 169.3, Diff: 0.1, Sum: 338.6]
      [GC Worker End (ms): Min: 2659494.5, Avg: 2659494.5, Max: 2659494.5, Diff: 0.0]
   [Code Root Fixup: 0.3 ms]
   [Code Root Migration: 0.1 ms]
   [Clear CT: 0.4 ms]
   [Other: 6.5 ms]
      [Choose CSet: 0.0 ms]
      [Ref Proc: 2.6 ms]
      [Ref Enq: 0.1 ms]
      [Free CSet: 0.5 ms]
   [Eden: 302.0M(302.0M)->0.0B(174.0M) Survivors: 26.0M->30.0M Heap: 2139.0M(4096.0M)->1862.0M(4096.0M)]
 [Times: user=0.35 sys=0.00, real=0.17 secs] 
2016-08-30T14:20:13.984+0200: 2664.119: [GC pause (mixed), 0.1860690 secs]
   [Parallel Time: 176.8 ms, GC Workers: 2]
      [GC Worker Start (ms): Min: 2664121.0, Avg: 2664121.5, Max: 2664122.0, Diff: 1.0]
      [Ext Root Scanning (ms): Min: 50.7, Avg: 50.9, Max: 51.1, Diff: 0.3, Sum: 101.8]
      [Update RS (ms): Min: 40.2, Avg: 40.9, Max: 41.7, Diff: 1.5, Sum: 81.9]
         [Processed Buffers: Min: 340, Avg: 391.0, Max: 442, Diff: 102, Sum: 782]
      [Scan RS (ms): Min: 26.1, Avg: 26.4, Max: 26.7, Diff: 0.6, Sum: 52.8]
      [Code Root Scanning (ms): Min: 0.1, Avg: 0.2, Max: 0.2, Diff: 0.1, Sum: 0.4]
      [Object Copy (ms): Min: 57.3, Avg: 57.6, Max: 57.9, Diff: 0.6, Sum: 115.2]
      [Termination (ms): Min: 0.0, Avg: 0.0, Max: 0.0, Diff: 0.0, Sum: 0.0]
      [GC Worker Other (ms): Min: 0.1, Avg: 0.1, Max: 0.1, Diff: 0.1, Sum: 0.2]
      [GC Worker Total (ms): Min: 175.7, Avg: 176.2, Max: 176.7, Diff: 1.0, Sum: 352.4]
      [GC Worker End (ms): Min: 2664297.7, Avg: 2664297.7, Max: 2664297.7, Diff: 0.0]
   [Code Root Fixup: 0.4 ms]
   [Code Root Migration: 0.2 ms]
   [Clear CT: 0.8 ms]
   [Other: 8.0 ms]
      [Choose CSet: 0.3 ms]
      [Ref Proc: 2.0 ms]
      [Ref Enq: 0.2 ms]
      [Free CSet: 2.0 ms]
   [Eden: 174.0M(174.0M)->0.0B(182.0M) Survivors: 30.0M->22.0M Heap: 2036.0M(4096.0M)->1566.0M(4096.0M)]
 [Times: user=0.36 sys=0.00, real=0.19 secs] 
2016-08-30T14:20:20.509+0200: 2670.643: [GC pause (mixed), 0.2344920 secs]
   [Parallel Time: 222.2 ms, GC Workers: 2]
      [GC Worker Start (ms): Min: 2670645.5, Avg: 2670645.5, Max: 2670645.5, Diff: 0.0]
      [Ext Root Scanning (ms): Min: 60.5, Avg: 62.1, Max: 63.7, Diff: 3.2, Sum: 124.2]
      [Update RS (ms): Min: 40.0, Avg: 42.2, Max: 44.4, Diff: 4.4, Sum: 84.5]
         [Processed Buffers: Min: 406, Avg: 406.5, Max: 407, Diff: 1, Sum: 813]
      [Scan RS (ms): Min: 37.8, Avg: 38.1, Max: 38.3, Diff: 0.5, Sum: 76.1]
      [Code Root Scanning (ms): Min: 0.1, Avg: 0.2, Max: 0.2, Diff: 0.1, Sum: 0.3]
      [Object Copy (ms): Min: 77.8, Avg: 78.5, Max: 79.3, Diff: 1.5, Sum: 157.0]
      [Termination (ms): Min: 0.0, Avg: 0.0, Max: 0.0, Diff: 0.0, Sum: 0.0]
      [GC Worker Other (ms): Min: 0.2, Avg: 0.6, Max: 1.0, Diff: 0.8, Sum: 1.2]
      [GC Worker Total (ms): Min: 221.3, Avg: 221.7, Max: 222.2, Diff: 0.9, Sum: 443.4]
      [GC Worker End (ms): Min: 2670866.7, Avg: 2670867.2, Max: 2670867.6, Diff: 0.9]
   [Code Root Fixup: 0.2 ms]
   [Code Root Migration: 0.1 ms]
   [Clear CT: 0.7 ms]
   [Other: 11.3 ms]
      [Choose CSet: 0.5 ms]
      [Ref Proc: 5.9 ms]
      [Ref Enq: 0.1 ms]
      [Free CSet: 1.4 ms]
   [Eden: 182.0M(182.0M)->0.0B(186.0M) Survivors: 22.0M->18.0M Heap: 1748.0M(4096.0M)->1396.0M(4096.0M)]
 [Times: user=0.42 sys=0.00, real=0.24 secs] 
2016-08-30T14:20:26.699+0200: 2676.833: [GC pause (mixed), 0.2112460 secs]
   [Parallel Time: 203.0 ms, GC Workers: 2]
      [GC Worker Start (ms): Min: 2676836.1, Avg: 2676836.1, Max: 2676836.2, Diff: 0.1]
      [Ext Root Scanning (ms): Min: 52.5, Avg: 52.5, Max: 52.6, Diff: 0.1, Sum: 105.0]
      [Update RS (ms): Min: 39.1, Avg: 39.6, Max: 40.1, Diff: 1.0, Sum: 79.2]
         [Processed Buffers: Min: 371, Avg: 377.5, Max: 384, Diff: 13, Sum: 755]
      [Scan RS (ms): Min: 56.0, Avg: 56.2, Max: 56.3, Diff: 0.3, Sum: 112.4]
      [Code Root Scanning (ms): Min: 0.1, Avg: 0.1, Max: 0.2, Diff: 0.1, Sum: 0.3]
      [Object Copy (ms): Min: 53.9, Avg: 54.3, Max: 54.8, Diff: 0.9, Sum: 108.7]
      [Termination (ms): Min: 0.0, Avg: 0.0, Max: 0.0, Diff: 0.0, Sum: 0.0]
      [GC Worker Other (ms): Min: 0.2, Avg: 0.2, Max: 0.2, Diff: 0.0, Sum: 0.3]
      [GC Worker Total (ms): Min: 202.9, Avg: 202.9, Max: 203.0, Diff: 0.1, Sum: 405.9]
      [GC Worker End (ms): Min: 2677039.1, Avg: 2677039.1, Max: 2677039.1, Diff: 0.0]
   [Code Root Fixup: 0.2 ms]
   [Code Root Migration: 0.1 ms]
   [Clear CT: 0.7 ms]
   [Other: 7.3 ms]
      [Choose CSet: 0.8 ms]
      [Ref Proc: 1.6 ms]
      [Ref Enq: 0.1 ms]
      [Free CSet: 1.5 ms]
   [Eden: 186.0M(186.0M)->0.0B(182.0M) Survivors: 18.0M->22.0M Heap: 1582.0M(4096.0M)->1238.0M(4096.0M)]
 [Times: user=0.40 sys=0.00, real=0.22 secs] 
2016-08-30T14:20:34.212+0200: 2684.346: [GC pause (mixed), 0.2286540 secs]
   [Parallel Time: 219.7 ms, GC Workers: 2]
      [GC Worker Start (ms): Min: 2684349.4, Avg: 2684349.5, Max: 2684349.5, Diff: 0.1]
      [Ext Root Scanning (ms): Min: 49.9, Avg: 51.2, Max: 52.5, Diff: 2.7, Sum: 102.4]
      [Update RS (ms): Min: 38.7, Avg: 38.7, Max: 38.8, Diff: 0.0, Sum: 77.5]
         [Processed Buffers: Min: 361, Avg: 374.5, Max: 388, Diff: 27, Sum: 749]
      [Scan RS (ms): Min: 73.1, Avg: 73.2, Max: 73.4, Diff: 0.2, Sum: 146.5]
      [Code Root Scanning (ms): Min: 0.1, Avg: 0.2, Max: 0.3, Diff: 0.2, Sum: 0.4]
      [Object Copy (ms): Min: 55.1, Avg: 56.2, Max: 57.3, Diff: 2.2, Sum: 112.3]
      [Termination (ms): Min: 0.0, Avg: 0.0, Max: 0.0, Diff: 0.0, Sum: 0.0]
      [GC Worker Other (ms): Min: 0.1, Avg: 0.1, Max: 0.2, Diff: 0.1, Sum: 0.2]
      [GC Worker Total (ms): Min: 219.6, Avg: 219.6, Max: 219.7, Diff: 0.1, Sum: 439.3]
      [GC Worker End (ms): Min: 2684569.1, Avg: 2684569.1, Max: 2684569.1, Diff: 0.0]
   [Code Root Fixup: 0.3 ms]
   [Code Root Migration: 0.2 ms]
   [Clear CT: 0.6 ms]
   [Other: 7.9 ms]
      [Choose CSet: 1.5 ms]
      [Ref Proc: 1.3 ms]
      [Ref Enq: 0.1 ms]
      [Free CSet: 1.8 ms]
   [Eden: 182.0M(182.0M)->0.0B(184.0M) Survivors: 22.0M->20.0M Heap: 1420.0M(4096.0M)->1077.0M(4096.0M)]
 [Times: user=0.45 sys=0.00, real=0.23 secs] 
2016-08-30T14:20:41.231+0200: 2691.365: [GC pause (mixed), 0.2408230 secs]
   [Parallel Time: 229.1 ms, GC Workers: 2]
      [GC Worker Start (ms): Min: 2691367.7, Avg: 2691367.8, Max: 2691367.8, Diff: 0.1]
      [Ext Root Scanning (ms): Min: 52.7, Avg: 53.3, Max: 53.9, Diff: 1.1, Sum: 106.6]
      [Update RS (ms): Min: 41.0, Avg: 41.7, Max: 42.4, Diff: 1.4, Sum: 83.3]
         [Processed Buffers: Min: 328, Avg: 367.0, Max: 406, Diff: 78, Sum: 734]
      [Scan RS (ms): Min: 61.2, Avg: 61.4, Max: 61.7, Diff: 0.5, Sum: 122.9]
      [Code Root Scanning (ms): Min: 0.1, Avg: 0.3, Max: 0.5, Diff: 0.4, Sum: 0.7]
      [Object Copy (ms): Min: 71.5, Avg: 72.2, Max: 72.8, Diff: 1.3, Sum: 144.3]
      [Termination (ms): Min: 0.0, Avg: 0.0, Max: 0.0, Diff: 0.0, Sum: 0.0]
      [GC Worker Other (ms): Min: 0.1, Avg: 0.1, Max: 0.2, Diff: 0.1, Sum: 0.2]
      [GC Worker Total (ms): Min: 229.0, Avg: 229.0, Max: 229.1, Diff: 0.1, Sum: 458.1]
      [GC Worker End (ms): Min: 2691596.8, Avg: 2691596.8, Max: 2691596.8, Diff: 0.0]
   [Code Root Fixup: 0.6 ms]
   [Code Root Migration: 0.9 ms]
   [Clear CT: 1.0 ms]
   [Other: 9.2 ms]
      [Choose CSet: 0.8 ms]
      [Ref Proc: 2.1 ms]
      [Ref Enq: 0.2 ms]
      [Free CSet: 1.8 ms]
   [Eden: 184.0M(184.0M)->0.0B(184.0M) Survivors: 20.0M->20.0M Heap: 1261.0M(4096.0M)->1018.0M(4096.0M)]
 [Times: user=0.46 sys=0.01, real=0.25 secs] 
2016-08-30T14:20:46.981+0200: 2697.115: [GC pause (young), 0.2078970 secs]
   [Parallel Time: 202.5 ms, GC Workers: 2]
      [GC Worker Start (ms): Min: 2697117.4, Avg: 2697118.7, Max: 2697120.0, Diff: 2.6]
      [Ext Root Scanning (ms): Min: 89.0, Avg: 99.9, Max: 110.9, Diff: 21.9, Sum: 199.8]
      [Update RS (ms): Min: 44.0, Avg: 51.2, Max: 58.4, Diff: 14.4, Sum: 102.4]
         [Processed Buffers: Min: 288, Avg: 360.0, Max: 432, Diff: 144, Sum: 720]
      [Scan RS (ms): Min: 1.3, Avg: 7.2, Max: 13.0, Diff: 11.7, Sum: 14.3]
      [Code Root Scanning (ms): Min: 0.0, Avg: 0.0, Max: 0.0, Diff: 0.0, Sum: 0.1]
      [Object Copy (ms): Min: 39.2, Avg: 42.6, Max: 46.1, Diff: 6.9, Sum: 85.2]
      [Termination (ms): Min: 0.0, Avg: 0.1, Max: 0.1, Diff: 0.1, Sum: 0.1]
      [GC Worker Other (ms): Min: 0.1, Avg: 0.2, Max: 0.2, Diff: 0.1, Sum: 0.3]
      [GC Worker Total (ms): Min: 199.9, Avg: 201.2, Max: 202.4, Diff: 2.5, Sum: 402.3]
      [GC Worker End (ms): Min: 2697319.8, Avg: 2697319.8, Max: 2697319.9, Diff: 0.0]
   [Code Root Fixup: 0.2 ms]
   [Code Root Migration: 0.0 ms]
   [Clear CT: 0.4 ms]
   [Other: 4.7 ms]
      [Choose CSet: 0.0 ms]
      [Ref Proc: 1.2 ms]
      [Ref Enq: 0.1 ms]
      [Free CSet: 0.3 ms]
   [Eden: 184.0M(184.0M)->0.0B(180.0M) Survivors: 20.0M->24.0M Heap: 1202.0M(4096.0M)->1037.0M(4096.0M)]
 [Times: user=0.22 sys=0.01, real=0.21 secs] 
2016-08-30T14:20:53.421+0200: 2703.555: [GC pause (young), 0.1554910 secs]
   [Parallel Time: 148.3 ms, GC Workers: 2]
      [GC Worker Start (ms): Min: 2703556.9, Avg: 2703558.9, Max: 2703561.0, Diff: 4.1]
      [Ext Root Scanning (ms): Min: 53.5, Avg: 55.3, Max: 57.2, Diff: 3.7, Sum: 110.7]
      [Update RS (ms): Min: 44.6, Avg: 44.9, Max: 45.2, Diff: 0.6, Sum: 89.8]
         [Processed Buffers: Min: 276, Avg: 315.5, Max: 355, Diff: 79, Sum: 631]
      [Scan RS (ms): Min: 6.8, Avg: 7.3, Max: 7.7, Diff: 0.9, Sum: 14.5]
      [Code Root Scanning (ms): Min: 0.0, Avg: 0.1, Max: 0.1, Diff: 0.1, Sum: 0.1]
      [Object Copy (ms): Min: 38.3, Avg: 38.4, Max: 38.4, Diff: 0.1, Sum: 76.7]
      [Termination (ms): Min: 0.0, Avg: 0.0, Max: 0.0, Diff: 0.0, Sum: 0.0]
      [GC Worker Other (ms): Min: 0.2, Avg: 0.2, Max: 0.2, Diff: 0.1, Sum: 0.4]
      [GC Worker Total (ms): Min: 144.1, Avg: 146.2, Max: 148.2, Diff: 4.1, Sum: 292.3]
      [GC Worker End (ms): Min: 2703705.1, Avg: 2703705.1, Max: 2703705.1, Diff: 0.0]
   [Code Root Fixup: 0.5 ms]
   [Code Root Migration: 0.0 ms]
   [Clear CT: 0.4 ms]
   [Other: 6.2 ms]
      [Choose CSet: 0.0 ms]
      [Ref Proc: 2.3 ms]
      [Ref Enq: 0.2 ms]
      [Free CSet: 0.5 ms]
   [Eden: 180.0M(180.0M)->0.0B(182.0M) Survivors: 24.0M->22.0M Heap: 1217.0M(4096.0M)->1055.0M(4096.0M)]
 [Times: user=0.28 sys=0.00, real=0.16 secs] 
2016-08-30T14:21:00.490+0200: 2710.624: [GC pause (young), 0.1489900 secs]
   [Parallel Time: 142.5 ms, GC Workers: 2]
      [GC Worker Start (ms): Min: 2710625.9, Avg: 2710625.9, Max: 2710625.9, Diff: 0.0]
      [Ext Root Scanning (ms): Min: 54.0, Avg: 60.8, Max: 67.7, Diff: 13.7, Sum: 121.7]
      [Update RS (ms): Min: 31.6, Avg: 37.4, Max: 43.1, Diff: 11.5, Sum: 74.7]
         [Processed Buffers: Min: 308, Avg: 382.0, Max: 456, Diff: 148, Sum: 764]
      [Scan RS (ms): Min: 5.9, Avg: 6.5, Max: 7.1, Diff: 1.3, Sum: 13.0]
      [Code Root Scanning (ms): Min: 0.1, Avg: 0.1, Max: 0.1, Diff: 0.0, Sum: 0.1]
      [Object Copy (ms): Min: 37.0, Avg: 37.5, Max: 37.9, Diff: 0.9, Sum: 74.9]
      [Termination (ms): Min: 0.0, Avg: 0.0, Max: 0.0, Diff: 0.0, Sum: 0.0]
      [GC Worker Other (ms): Min: 0.2, Avg: 0.2, Max: 0.2, Diff: 0.0, Sum: 0.3]
      [GC Worker Total (ms): Min: 142.4, Avg: 142.4, Max: 142.4, Diff: 0.0, Sum: 284.8]
      [GC Worker End (ms): Min: 2710768.3, Avg: 2710768.3, Max: 2710768.3, Diff: 0.0]
   [Code Root Fixup: 0.3 ms]
   [Code Root Migration: 0.0 ms]
   [Clear CT: 0.4 ms]
   [Other: 5.8 ms]
      [Choose CSet: 0.0 ms]
      [Ref Proc: 2.1 ms]
      [Ref Enq: 0.2 ms]
      [Free CSet: 0.5 ms]
   [Eden: 182.0M(182.0M)->0.0B(186.0M) Survivors: 22.0M->18.0M Heap: 1237.0M(4096.0M)->1070.0M(4096.0M)]
 [Times: user=0.27 sys=0.00, real=0.15 secs] 
2016-08-30T14:21:07.861+0200: 2717.995: [GC pause (young), 0.1430520 secs]
   [Parallel Time: 135.7 ms, GC Workers: 2]
      [GC Worker Start (ms): Min: 2717996.8, Avg: 2717996.8, Max: 2717996.9, Diff: 0.0]
      [Ext Root Scanning (ms): Min: 50.7, Avg: 50.8, Max: 50.8, Diff: 0.1, Sum: 101.5]
      [Update RS (ms): Min: 39.6, Avg: 40.1, Max: 40.6, Diff: 1.0, Sum: 80.2]
         [Processed Buffers: Min: 360, Avg: 363.0, Max: 366, Diff: 6, Sum: 726]
      [Scan RS (ms): Min: 5.7, Avg: 6.3, Max: 6.8, Diff: 1.1, Sum: 12.5]
      [Code Root Scanning (ms): Min: 0.0, Avg: 0.1, Max: 0.1, Diff: 0.1, Sum: 0.1]
      [Object Copy (ms): Min: 38.2, Avg: 38.3, Max: 38.3, Diff: 0.1, Sum: 76.5]
      [Termination (ms): Min: 0.0, Avg: 0.0, Max: 0.0, Diff: 0.0, Sum: 0.0]
      [GC Worker Other (ms): Min: 0.1, Avg: 0.1, Max: 0.2, Diff: 0.1, Sum: 0.2]
      [GC Worker Total (ms): Min: 135.6, Avg: 135.6, Max: 135.6, Diff: 0.0, Sum: 271.2]
      [GC Worker End (ms): Min: 2718132.5, Avg: 2718132.5, Max: 2718132.5, Diff: 0.0]
   [Code Root Fixup: 0.5 ms]
   [Code Root Migration: 0.0 ms]
   [Clear CT: 0.7 ms]
   [Other: 6.1 ms]
      [Choose CSet: 0.0 ms]
      [Ref Proc: 2.1 ms]
      [Ref Enq: 0.2 ms]
      [Free CSet: 0.5 ms]
   [Eden: 186.0M(186.0M)->0.0B(180.0M) Survivors: 18.0M->24.0M Heap: 1256.0M(4096.0M)->1087.0M(4096.0M)]
 [Times: user=0.28 sys=0.00, real=0.14 secs] 
2016-08-30T14:21:13.982+0200: 2724.116: [GC pause (young), 0.1458980 secs]
   [Parallel Time: 139.3 ms, GC Workers: 2]
      [GC Worker Start (ms): Min: 2724118.2, Avg: 2724119.1, Max: 2724120.0, Diff: 1.8]
      [Ext Root Scanning (ms): Min: 50.6, Avg: 51.6, Max: 52.6, Diff: 2.0, Sum: 103.2]
      [Update RS (ms): Min: 38.8, Avg: 39.0, Max: 39.3, Diff: 0.5, Sum: 78.0]
         [Processed Buffers: Min: 327, Avg: 374.0, Max: 421, Diff: 94, Sum: 748]
      [Scan RS (ms): Min: 6.1, Avg: 6.7, Max: 7.3, Diff: 1.2, Sum: 13.3]
      [Code Root Scanning (ms): Min: 0.1, Avg: 0.1, Max: 0.1, Diff: 0.0, Sum: 0.1]
      [Object Copy (ms): Min: 40.1, Avg: 40.8, Max: 41.5, Diff: 1.4, Sum: 81.6]
      [Termination (ms): Min: 0.0, Avg: 0.0, Max: 0.0, Diff: 0.0, Sum: 0.0]
      [GC Worker Other (ms): Min: 0.1, Avg: 0.1, Max: 0.1, Diff: 0.1, Sum: 0.2]
      [GC Worker Total (ms): Min: 137.3, Avg: 138.2, Max: 139.1, Diff: 1.8, Sum: 276.5]
      [GC Worker End (ms): Min: 2724257.3, Avg: 2724257.3, Max: 2724257.3, Diff: 0.0]
   [Code Root Fixup: 0.4 ms]
   [Code Root Migration: 0.0 ms]
   [Clear CT: 0.4 ms]
   [Other: 5.8 ms]
      [Choose CSet: 0.0 ms]
      [Ref Proc: 1.7 ms]
      [Ref Enq: 0.2 ms]
      [Free CSet: 0.5 ms]
   [Eden: 180.0M(180.0M)->0.0B(178.0M) Survivors: 24.0M->26.0M Heap: 1267.0M(4096.0M)->1109.0M(4096.0M)]
 [Times: user=0.28 sys=0.00, real=0.15 secs] 
2016-08-30T14:21:21.364+0200: 2731.498: [GC pause (young), 0.1397770 secs]
   [Parallel Time: 132.4 ms, GC Workers: 2]
      [GC Worker Start (ms): Min: 2731500.1, Avg: 2731500.1, Max: 2731500.1, Diff: 0.0]
      [Ext Root Scanning (ms): Min: 49.2, Avg: 49.3, Max: 49.4, Diff: 0.2, Sum: 98.6]
      [Update RS (ms): Min: 36.8, Avg: 37.2, Max: 37.5, Diff: 0.6, Sum: 74.3]
         [Processed Buffers: Min: 301, Avg: 370.0, Max: 439, Diff: 138, Sum: 740]
      [Scan RS (ms): Min: 6.4, Avg: 6.6, Max: 6.7, Diff: 0.3, Sum: 13.1]
      [Code Root Scanning (ms): Min: 0.1, Avg: 0.1, Max: 0.1, Diff: 0.0, Sum: 0.1]
      [Object Copy (ms): Min: 38.8, Avg: 39.1, Max: 39.3, Diff: 0.5, Sum: 78.1]
      [Termination (ms): Min: 0.0, Avg: 0.0, Max: 0.0, Diff: 0.0, Sum: 0.0]
      [GC Worker Other (ms): Min: 0.1, Avg: 0.2, Max: 0.2, Diff: 0.0, Sum: 0.3]
      [GC Worker Total (ms): Min: 132.3, Avg: 132.3, Max: 132.3, Diff: 0.0, Sum: 264.7]
      [GC Worker End (ms): Min: 2731632.5, Avg: 2731632.5, Max: 2731632.5, Diff: 0.0]
   [Code Root Fixup: 0.3 ms]
   [Code Root Migration: 0.0 ms]
   [Clear CT: 0.7 ms]
   [Other: 6.3 ms]
      [Choose CSet: 0.0 ms]
      [Ref Proc: 2.6 ms]
      [Ref Enq: 0.2 ms]
      [Free CSet: 0.5 ms]
   [Eden: 178.0M(178.0M)->0.0B(266.0M) Survivors: 26.0M->18.0M Heap: 1287.0M(4096.0M)->1125.0M(4096.0M)]
 [Times: user=0.27 sys=0.00, real=0.14 secs] 
2016-08-30T14:21:31.130+0200: 2741.264: [GC pause (young), 0.1696980 secs]
   [Parallel Time: 160.8 ms, GC Workers: 2]
      [GC Worker Start (ms): Min: 2741266.1, Avg: 2741268.2, Max: 2741270.2, Diff: 4.1]
      [Ext Root Scanning (ms): Min: 54.0, Avg: 55.2, Max: 56.3, Diff: 2.3, Sum: 110.3]
      [Update RS (ms): Min: 50.9, Avg: 51.5, Max: 52.2, Diff: 1.3, Sum: 103.1]
         [Processed Buffers: Min: 434, Avg: 457.5, Max: 481, Diff: 47, Sum: 915]
      [Scan RS (ms): Min: 6.3, Avg: 6.5, Max: 6.8, Diff: 0.6, Sum: 13.1]
      [Code Root Scanning (ms): Min: 0.1, Avg: 0.1, Max: 0.1, Diff: 0.0, Sum: 0.2]
      [Object Copy (ms): Min: 44.5, Avg: 45.1, Max: 45.7, Diff: 1.2, Sum: 90.1]
      [Termination (ms): Min: 0.0, Avg: 0.1, Max: 0.1, Diff: 0.1, Sum: 0.1]
      [GC Worker Other (ms): Min: 0.2, Avg: 0.2, Max: 0.2, Diff: 0.0, Sum: 0.3]
      [GC Worker Total (ms): Min: 156.6, Avg: 158.6, Max: 160.7, Diff: 4.0, Sum: 317.3]
      [GC Worker End (ms): Min: 2741426.8, Avg: 2741426.8, Max: 2741426.8, Diff: 0.1]
   [Code Root Fixup: 0.5 ms]
   [Code Root Migration: 0.1 ms]
   [Clear CT: 0.5 ms]
   [Other: 7.8 ms]
      [Choose CSet: 0.0 ms]
      [Ref Proc: 3.5 ms]
      [Ref Enq: 0.3 ms]
      [Free CSet: 0.6 ms]
   [Eden: 266.0M(266.0M)->0.0B(238.0M) Survivors: 18.0M->36.0M Heap: 1391.0M(4096.0M)->1147.0M(4096.0M)]
 [Times: user=0.32 sys=0.01, real=0.18 secs] 
2016-08-30T14:21:40.640+0200: 2750.774: [GC pause (young), 0.2212430 secs]
   [Parallel Time: 213.0 ms, GC Workers: 2]
      [GC Worker Start (ms): Min: 2750776.4, Avg: 2750776.4, Max: 2750776.4, Diff: 0.0]
      [Ext Root Scanning (ms): Min: 50.3, Avg: 54.2, Max: 58.2, Diff: 7.9, Sum: 108.5]
      [Update RS (ms): Min: 48.1, Avg: 51.9, Max: 55.8, Diff: 7.7, Sum: 103.8]
         [Processed Buffers: Min: 396, Avg: 467.0, Max: 538, Diff: 142, Sum: 934]
      [Scan RS (ms): Min: 19.8, Avg: 20.4, Max: 21.0, Diff: 1.1, Sum: 40.8]
      [Code Root Scanning (ms): Min: 0.0, Avg: 0.1, Max: 0.2, Diff: 0.2, Sum: 0.3]
      [Object Copy (ms): Min: 85.6, Avg: 86.1, Max: 86.6, Diff: 1.0, Sum: 172.2]
      [Termination (ms): Min: 0.0, Avg: 0.0, Max: 0.0, Diff: 0.0, Sum: 0.0]
      [GC Worker Other (ms): Min: 0.1, Avg: 0.2, Max: 0.2, Diff: 0.0, Sum: 0.3]
      [GC Worker Total (ms): Min: 212.9, Avg: 212.9, Max: 212.9, Diff: 0.0, Sum: 425.8]
      [GC Worker End (ms): Min: 2750989.3, Avg: 2750989.3, Max: 2750989.3, Diff: 0.0]
   [Code Root Fixup: 0.4 ms]
   [Code Root Migration: 0.1 ms]
   [Clear CT: 0.4 ms]
   [Other: 7.4 ms]
      [Choose CSet: 0.0 ms]
      [Ref Proc: 3.0 ms]
      [Ref Enq: 0.2 ms]
      [Free CSet: 0.6 ms]
   [Eden: 238.0M(238.0M)->0.0B(182.0M) Survivors: 36.0M->22.0M Heap: 1385.0M(4096.0M)->1168.0M(4096.0M)]
 [Times: user=0.37 sys=0.01, real=0.23 secs] 
2016-08-30T14:21:46.194+0200: 2756.329: [GC pause (young), 0.1702870 secs]
   [Parallel Time: 164.2 ms, GC Workers: 2]
      [GC Worker Start (ms): Min: 2756330.7, Avg: 2756330.7, Max: 2756330.7, Diff: 0.0]
      [Ext Root Scanning (ms): Min: 52.2, Avg: 52.4, Max: 52.6, Diff: 0.4, Sum: 104.8]
      [Update RS (ms): Min: 44.0, Avg: 44.7, Max: 45.4, Diff: 1.4, Sum: 89.4]
         [Processed Buffers: Min: 364, Avg: 416.0, Max: 468, Diff: 104, Sum: 832]
      [Scan RS (ms): Min: 10.0, Avg: 12.1, Max: 14.2, Diff: 4.2, Sum: 24.2]
      [Code Root Scanning (ms): Min: 0.1, Avg: 0.1, Max: 0.1, Diff: 0.0, Sum: 0.2]
      [Object Copy (ms): Min: 48.9, Avg: 49.8, Max: 50.6, Diff: 1.7, Sum: 99.5]
      [Termination (ms): Min: 0.0, Avg: 2.4, Max: 4.8, Diff: 4.8, Sum: 4.8]
      [GC Worker Other (ms): Min: 0.0, Avg: 0.1, Max: 0.2, Diff: 0.1, Sum: 0.2]
      [GC Worker Total (ms): Min: 161.5, Avg: 161.6, Max: 161.6, Diff: 0.0, Sum: 323.1]
      [GC Worker End (ms): Min: 2756492.2, Avg: 2756492.2, Max: 2756492.3, Diff: 0.0]
   [Code Root Fixup: 0.2 ms]
   [Code Root Migration: 0.0 ms]
   [Clear CT: 0.6 ms]
   [Other: 5.2 ms]
      [Choose CSet: 0.0 ms]
      [Ref Proc: 1.4 ms]
      [Ref Enq: 0.1 ms]
      [Free CSet: 0.4 ms]
   [Eden: 182.0M(182.0M)->0.0B(180.0M) Survivors: 22.0M->24.0M Heap: 1350.0M(4096.0M)->1187.0M(4096.0M)]
 [Times: user=0.29 sys=0.00, real=0.17 secs] 
2016-08-30T14:21:53.705+0200: 2763.840: [GC pause (young), 0.1530380 secs]
   [Parallel Time: 147.4 ms, GC Workers: 2]
      [GC Worker Start (ms): Min: 2763841.6, Avg: 2763844.3, Max: 2763847.0, Diff: 5.4]
      [Ext Root Scanning (ms): Min: 50.6, Avg: 59.1, Max: 67.6, Diff: 17.0, Sum: 118.2]
      [Update RS (ms): Min: 35.7, Avg: 42.6, Max: 49.6, Diff: 13.9, Sum: 85.3]
         [Processed Buffers: Min: 292, Avg: 347.5, Max: 403, Diff: 111, Sum: 695]
      [Scan RS (ms): Min: 7.6, Avg: 7.7, Max: 7.8, Diff: 0.3, Sum: 15.4]
      [Code Root Scanning (ms): Min: 0.1, Avg: 0.1, Max: 0.1, Diff: 0.0, Sum: 0.2]
      [Object Copy (ms): Min: 33.9, Avg: 34.9, Max: 35.9, Diff: 2.0, Sum: 69.8]
      [Termination (ms): Min: 0.0, Avg: 0.0, Max: 0.0, Diff: 0.0, Sum: 0.0]
      [GC Worker Other (ms): Min: 0.1, Avg: 0.2, Max: 0.2, Diff: 0.0, Sum: 0.3]
      [GC Worker Total (ms): Min: 141.9, Avg: 144.6, Max: 147.3, Diff: 5.4, Sum: 289.1]
      [GC Worker End (ms): Min: 2763988.8, Avg: 2763988.8, Max: 2763988.8, Diff: 0.0]
   [Code Root Fixup: 0.2 ms]
   [Code Root Migration: 0.0 ms]
   [Clear CT: 0.4 ms]
   [Other: 5.0 ms]
      [Choose CSet: 0.0 ms]
      [Ref Proc: 1.6 ms]
      [Ref Enq: 0.1 ms]
      [Free CSet: 0.4 ms]
   [Eden: 180.0M(180.0M)->0.0B(298.0M) Survivors: 24.0M->20.0M Heap: 1367.0M(4096.0M)->1201.0M(4096.0M)]
 [Times: user=0.29 sys=0.00, real=0.15 secs] 
2016-08-30T14:22:06.621+0200: 2776.756: [GC pause (young), 0.1689010 secs]
   [Parallel Time: 159.5 ms, GC Workers: 2]
      [GC Worker Start (ms): Min: 2776757.8, Avg: 2776757.8, Max: 2776757.8, Diff: 0.0]
      [Ext Root Scanning (ms): Min: 51.3, Avg: 52.5, Max: 53.7, Diff: 2.4, Sum: 105.0]
      [Update RS (ms): Min: 50.6, Avg: 50.8, Max: 51.0, Diff: 0.4, Sum: 101.7]
         [Processed Buffers: Min: 384, Avg: 401.0, Max: 418, Diff: 34, Sum: 802]
      [Scan RS (ms): Min: 7.3, Avg: 7.7, Max: 8.0, Diff: 0.6, Sum: 15.3]
      [Code Root Scanning (ms): Min: 0.1, Avg: 0.1, Max: 0.1, Diff: 0.0, Sum: 0.2]
      [Object Copy (ms): Min: 47.5, Avg: 48.2, Max: 48.8, Diff: 1.3, Sum: 96.3]
      [Termination (ms): Min: 0.0, Avg: 0.0, Max: 0.0, Diff: 0.0, Sum: 0.0]
      [GC Worker Other (ms): Min: 0.1, Avg: 0.2, Max: 0.2, Diff: 0.0, Sum: 0.3]
      [GC Worker Total (ms): Min: 159.4, Avg: 159.5, Max: 159.5, Diff: 0.0, Sum: 318.9]
      [GC Worker End (ms): Min: 2776917.3, Avg: 2776917.3, Max: 2776917.3, Diff: 0.0]
   [Code Root Fixup: 0.3 ms]
   [Code Root Migration: 0.1 ms]
   [Clear CT: 0.5 ms]
   [Other: 8.5 ms]
      [Choose CSet: 0.0 ms]
      [Ref Proc: 3.8 ms]
      [Ref Enq: 0.3 ms]
      [Free CSet: 0.8 ms]
   [Eden: 298.0M(298.0M)->0.0B(278.0M) Survivors: 20.0M->40.0M Heap: 1499.0M(4096.0M)->1226.0M(4096.0M)]
 [Times: user=0.33 sys=0.00, real=0.17 secs] 
2016-08-30T14:22:18.620+0200: 2788.755: [GC pause (young), 0.1622910 secs]
   [Parallel Time: 156.1 ms, GC Workers: 2]
      [GC Worker Start (ms): Min: 2788756.5, Avg: 2788756.5, Max: 2788756.5, Diff: 0.0]
      [Ext Root Scanning (ms): Min: 51.7, Avg: 52.6, Max: 53.6, Diff: 1.9, Sum: 105.3]
      [Update RS (ms): Min: 45.9, Avg: 46.0, Max: 46.2, Diff: 0.3, Sum: 92.1]
         [Processed Buffers: Min: 382, Avg: 450.0, Max: 518, Diff: 136, Sum: 900]
      [Scan RS (ms): Min: 8.6, Avg: 9.4, Max: 10.2, Diff: 1.6, Sum: 18.7]
      [Code Root Scanning (ms): Min: 0.1, Avg: 0.1, Max: 0.1, Diff: 0.0, Sum: 0.2]
      [Object Copy (ms): Min: 47.7, Avg: 47.7, Max: 47.8, Diff: 0.0, Sum: 95.5]
      [Termination (ms): Min: 0.0, Avg: 0.0, Max: 0.0, Diff: 0.0, Sum: 0.0]
      [GC Worker Other (ms): Min: 0.1, Avg: 0.2, Max: 0.2, Diff: 0.0, Sum: 0.3]
      [GC Worker Total (ms): Min: 156.0, Avg: 156.0, Max: 156.0, Diff: 0.0, Sum: 312.1]
      [GC Worker End (ms): Min: 2788912.5, Avg: 2788912.5, Max: 2788912.6, Diff: 0.0]
   [Code Root Fixup: 0.2 ms]
   [Code Root Migration: 0.0 ms]
   [Clear CT: 0.4 ms]
   [Other: 5.5 ms]
      [Choose CSet: 0.0 ms]
      [Ref Proc: 1.8 ms]
      [Ref Enq: 0.1 ms]
      [Free CSet: 0.5 ms]
   [Eden: 278.0M(278.0M)->0.0B(320.0M) Survivors: 40.0M->32.0M Heap: 1504.0M(4096.0M)->1255.0M(4096.0M)]
 [Times: user=0.31 sys=0.00, real=0.16 secs] 
2016-08-30T14:22:33.298+0200: 2803.433: [GC pause (young), 0.1695410 secs]
   [Parallel Time: 159.8 ms, GC Workers: 2]
      [GC Worker Start (ms): Min: 2803434.7, Avg: 2803434.7, Max: 2803434.8, Diff: 0.1]
      [Ext Root Scanning (ms): Min: 50.1, Avg: 50.7, Max: 51.3, Diff: 1.3, Sum: 101.4]
      [Update RS (ms): Min: 46.2, Avg: 46.7, Max: 47.2, Diff: 1.0, Sum: 93.4]
         [Processed Buffers: Min: 333, Avg: 357.5, Max: 382, Diff: 49, Sum: 715]
      [Scan RS (ms): Min: 10.7, Avg: 11.3, Max: 12.0, Diff: 1.2, Sum: 22.7]
      [Code Root Scanning (ms): Min: 0.1, Avg: 0.1, Max: 0.1, Diff: 0.0, Sum: 0.2]
      [Object Copy (ms): Min: 49.9, Avg: 50.6, Max: 51.4, Diff: 1.5, Sum: 101.3]
      [Termination (ms): Min: 0.0, Avg: 0.0, Max: 0.0, Diff: 0.0, Sum: 0.0]
      [GC Worker Other (ms): Min: 0.1, Avg: 0.1, Max: 0.2, Diff: 0.1, Sum: 0.2]
      [GC Worker Total (ms): Min: 159.6, Avg: 159.7, Max: 159.7, Diff: 0.1, Sum: 319.3]
      [GC Worker End (ms): Min: 2803594.4, Avg: 2803594.4, Max: 2803594.4, Diff: 0.0]
   [Code Root Fixup: 0.3 ms]
   [Code Root Migration: 0.1 ms]
   [Clear CT: 0.6 ms]
   [Other: 8.8 ms]
      [Choose CSet: 0.0 ms]
      [Ref Proc: 3.7 ms]
      [Ref Enq: 0.3 ms]
      [Free CSet: 1.3 ms]
   [Eden: 320.0M(320.0M)->0.0B(394.0M) Survivors: 32.0M->28.0M Heap: 1575.0M(4096.0M)->1270.0M(4096.0M)]
 [Times: user=0.33 sys=0.00, real=0.17 secs] 
2016-08-30T14:22:50.451+0200: 2820.585: [GC pause (young), 0.1809430 secs]
   [Parallel Time: 172.5 ms, GC Workers: 2]
      [GC Worker Start (ms): Min: 2820587.6, Avg: 2820587.6, Max: 2820587.6, Diff: 0.0]
      [Ext Root Scanning (ms): Min: 51.6, Avg: 55.2, Max: 58.9, Diff: 7.3, Sum: 110.5]
      [Update RS (ms): Min: 51.4, Avg: 56.8, Max: 62.2, Diff: 10.8, Sum: 113.6]
         [Processed Buffers: Min: 408, Avg: 423.0, Max: 438, Diff: 30, Sum: 846]
      [Scan RS (ms): Min: 10.9, Avg: 11.1, Max: 11.4, Diff: 0.5, Sum: 22.3]
      [Code Root Scanning (ms): Min: 0.1, Avg: 0.1, Max: 0.2, Diff: 0.1, Sum: 0.3]
      [Object Copy (ms): Min: 47.1, Avg: 49.0, Max: 51.0, Diff: 3.9, Sum: 98.0]
      [Termination (ms): Min: 0.0, Avg: 0.0, Max: 0.0, Diff: 0.0, Sum: 0.0]
      [GC Worker Other (ms): Min: 0.1, Avg: 0.1, Max: 0.2, Diff: 0.1, Sum: 0.2]
      [GC Worker Total (ms): Min: 172.4, Avg: 172.4, Max: 172.5, Diff: 0.0, Sum: 344.9]
      [GC Worker End (ms): Min: 2820760.0, Avg: 2820760.0, Max: 2820760.0, Diff: 0.0]
   [Code Root Fixup: 0.2 ms]
   [Code Root Migration: 0.1 ms]
   [Clear CT: 0.7 ms]
   [Other: 7.4 ms]
      [Choose CSet: 0.0 ms]
      [Ref Proc: 3.2 ms]
      [Ref Enq: 0.2 ms]
      [Free CSet: 0.8 ms]
   [Eden: 394.0M(394.0M)->0.0B(278.0M) Survivors: 28.0M->54.0M Heap: 1664.0M(4096.0M)->1314.0M(4096.0M)]
 [Times: user=0.34 sys=0.00, real=0.19 secs] 
2016-08-30T14:23:02.438+0200: 2832.572: [GC pause (young), 0.1885940 secs]
   [Parallel Time: 179.9 ms, GC Workers: 2]
      [GC Worker Start (ms): Min: 2832574.1, Avg: 2832574.5, Max: 2832575.0, Diff: 0.9]
      [Ext Root Scanning (ms): Min: 49.8, Avg: 50.5, Max: 51.1, Diff: 1.3, Sum: 101.0]
      [Update RS (ms): Min: 52.6, Avg: 52.8, Max: 52.9, Diff: 0.3, Sum: 105.6]
         [Processed Buffers: Min: 348, Avg: 422.0, Max: 496, Diff: 148, Sum: 844]
      [Scan RS (ms): Min: 13.9, Avg: 14.2, Max: 14.5, Diff: 0.5, Sum: 28.4]
      [Code Root Scanning (ms): Min: 0.1, Avg: 0.1, Max: 0.1, Diff: 0.0, Sum: 0.2]
      [Object Copy (ms): Min: 61.5, Avg: 61.6, Max: 61.6, Diff: 0.1, Sum: 123.2]
      [Termination (ms): Min: 0.0, Avg: 0.0, Max: 0.0, Diff: 0.0, Sum: 0.0]
      [GC Worker Other (ms): Min: 0.1, Avg: 0.2, Max: 0.2, Diff: 0.0, Sum: 0.3]
      [GC Worker Total (ms): Min: 178.9, Avg: 179.3, Max: 179.8, Diff: 0.9, Sum: 358.7]
      [GC Worker End (ms): Min: 2832753.9, Avg: 2832753.9, Max: 2832753.9, Diff: 0.0]
   [Code Root Fixup: 0.5 ms]
   [Code Root Migration: 0.1 ms]
   [Clear CT: 0.5 ms]
   [Other: 7.7 ms]
      [Choose CSet: 0.0 ms]
      [Ref Proc: 3.3 ms]
      [Ref Enq: 0.2 ms]
      [Free CSet: 0.9 ms]
   [Eden: 278.0M(278.0M)->0.0B(422.0M) Survivors: 54.0M->26.0M Heap: 1592.0M(4096.0M)->1339.0M(4096.0M)]
 [Times: user=0.35 sys=0.00, real=0.19 secs] 
2016-08-30T14:23:22.230+0200: 2852.364: [GC pause (young), 0.1829370 secs]
   [Parallel Time: 172.0 ms, GC Workers: 2]
      [GC Worker Start (ms): Min: 2852366.0, Avg: 2852366.0, Max: 2852366.1, Diff: 0.0]
      [Ext Root Scanning (ms): Min: 49.3, Avg: 49.9, Max: 50.5, Diff: 1.2, Sum: 99.7]
      [Update RS (ms): Min: 54.4, Avg: 54.5, Max: 54.6, Diff: 0.2, Sum: 109.0]
         [Processed Buffers: Min: 376, Avg: 391.5, Max: 407, Diff: 31, Sum: 783]
      [Scan RS (ms): Min: 12.3, Avg: 12.4, Max: 12.5, Diff: 0.1, Sum: 24.8]
      [Code Root Scanning (ms): Min: 0.1, Avg: 0.2, Max: 0.2, Diff: 0.1, Sum: 0.3]
      [Object Copy (ms): Min: 54.3, Avg: 54.9, Max: 55.4, Diff: 1.1, Sum: 109.7]
      [Termination (ms): Min: 0.0, Avg: 0.0, Max: 0.0, Diff: 0.0, Sum: 0.0]
      [GC Worker Other (ms): Min: 0.1, Avg: 0.1, Max: 0.1, Diff: 0.0, Sum: 0.1]
      [GC Worker Total (ms): Min: 171.9, Avg: 171.9, Max: 171.9, Diff: 0.0, Sum: 343.7]
      [GC Worker End (ms): Min: 2852537.9, Avg: 2852537.9, Max: 2852537.9, Diff: 0.0]
   [Code Root Fixup: 0.4 ms]
   [Code Root Migration: 0.1 ms]
   [Clear CT: 0.6 ms]
   [Other: 9.8 ms]
      [Choose CSet: 0.0 ms]
      [Ref Proc: 5.0 ms]
      [Ref Enq: 0.4 ms]
      [Free CSet: 1.2 ms]
   [Eden: 422.0M(422.0M)->0.0B(256.0M) Survivors: 26.0M->48.0M Heap: 1761.0M(4096.0M)->1361.0M(4096.0M)]
 [Times: user=0.36 sys=0.01, real=0.18 secs] 
2016-08-30T14:23:32.728+0200: 2862.862: [GC pause (young), 0.1819690 secs]
   [Parallel Time: 173.8 ms, GC Workers: 2]
      [GC Worker Start (ms): Min: 2862864.0, Avg: 2862864.0, Max: 2862864.0, Diff: 0.0]
      [Ext Root Scanning (ms): Min: 50.1, Avg: 51.7, Max: 53.2, Diff: 3.1, Sum: 103.3]
      [Update RS (ms): Min: 39.1, Avg: 42.0, Max: 44.8, Diff: 5.7, Sum: 83.9]
         [Processed Buffers: Min: 318, Avg: 362.5, Max: 407, Diff: 89, Sum: 725]
      [Scan RS (ms): Min: 13.3, Avg: 14.3, Max: 15.3, Diff: 1.9, Sum: 28.6]
      [Code Root Scanning (ms): Min: 0.1, Avg: 0.1, Max: 0.1, Diff: 0.0, Sum: 0.2]
      [Object Copy (ms): Min: 65.3, Avg: 65.6, Max: 65.8, Diff: 0.5, Sum: 131.1]
      [Termination (ms): Min: 0.0, Avg: 0.0, Max: 0.0, Diff: 0.0, Sum: 0.0]
      [GC Worker Other (ms): Min: 0.1, Avg: 0.1, Max: 0.2, Diff: 0.1, Sum: 0.2]
      [GC Worker Total (ms): Min: 173.7, Avg: 173.7, Max: 173.7, Diff: 0.0, Sum: 347.4]
      [GC Worker End (ms): Min: 2863037.7, Avg: 2863037.7, Max: 2863037.7, Diff: 0.0]
   [Code Root Fixup: 0.5 ms]
   [Code Root Migration: 0.1 ms]
   [Clear CT: 0.5 ms]
   [Other: 7.1 ms]
      [Choose CSet: 0.0 ms]
      [Ref Proc: 3.1 ms]
      [Ref Enq: 0.3 ms]
      [Free CSet: 0.7 ms]
   [Eden: 256.0M(256.0M)->0.0B(356.0M) Survivors: 48.0M->32.0M Heap: 1617.0M(4096.0M)->1382.0M(4096.0M)]
 [Times: user=0.36 sys=0.01, real=0.18 secs] 
2016-08-30T14:23:49.308+0200: 2879.443: [GC pause (young), 0.1943630 secs]
   [Parallel Time: 187.5 ms, GC Workers: 2]
      [GC Worker Start (ms): Min: 2879444.4, Avg: 2879445.7, Max: 2879447.0, Diff: 2.6]
      [Ext Root Scanning (ms): Min: 94.1, Avg: 97.2, Max: 100.2, Diff: 6.0, Sum: 194.3]
      [Update RS (ms): Min: 39.6, Avg: 40.2, Max: 40.8, Diff: 1.2, Sum: 80.3]
         [Processed Buffers: Min: 338, Avg: 414.0, Max: 490, Diff: 152, Sum: 828]
      [Scan RS (ms): Min: 6.3, Avg: 6.6, Max: 6.8, Diff: 0.5, Sum: 13.1]
      [Code Root Scanning (ms): Min: 0.1, Avg: 0.1, Max: 0.1, Diff: 0.1, Sum: 0.2]
      [Object Copy (ms): Min: 40.7, Avg: 42.0, Max: 43.4, Diff: 2.7, Sum: 84.1]
      [Termination (ms): Min: 0.0, Avg: 0.0, Max: 0.0, Diff: 0.0, Sum: 0.0]
      [GC Worker Other (ms): Min: 0.0, Avg: 0.1, Max: 0.1, Diff: 0.1, Sum: 0.2]
      [GC Worker Total (ms): Min: 184.8, Avg: 186.1, Max: 187.4, Diff: 2.6, Sum: 372.2]
      [GC Worker End (ms): Min: 2879631.8, Avg: 2879631.8, Max: 2879631.8, Diff: 0.0]
   [Code Root Fixup: 0.2 ms]
   [Code Root Migration: 0.0 ms]
   [Clear CT: 0.6 ms]
   [Other: 6.1 ms]
      [Choose CSet: 0.0 ms]
      [Ref Proc: 2.5 ms]
      [Ref Enq: 0.2 ms]
      [Free CSet: 0.7 ms]
   [Eden: 356.0M(356.0M)->0.0B(160.0M) Survivors: 32.0M->50.0M Heap: 1738.0M(4096.0M)->1421.0M(4096.0M)]
 [Times: user=0.27 sys=0.00, real=0.20 secs] 
2016-08-30T14:23:55.600+0200: 2885.734: [GC pause (young), 0.1571960 secs]
   [Parallel Time: 150.6 ms, GC Workers: 2]
      [GC Worker Start (ms): Min: 2885735.8, Avg: 2885737.5, Max: 2885739.2, Diff: 3.4]
      [Ext Root Scanning (ms): Min: 52.2, Avg: 53.1, Max: 54.1, Diff: 2.0, Sum: 106.3]
      [Update RS (ms): Min: 33.9, Avg: 34.6, Max: 35.3, Diff: 1.4, Sum: 69.2]
         [Processed Buffers: Min: 256, Avg: 272.5, Max: 289, Diff: 33, Sum: 545]
      [Scan RS (ms): Min: 9.8, Avg: 9.8, Max: 9.8, Diff: 0.0, Sum: 19.6]
      [Code Root Scanning (ms): Min: 0.1, Avg: 0.1, Max: 0.1, Diff: 0.0, Sum: 0.1]
      [Object Copy (ms): Min: 51.1, Avg: 51.1, Max: 51.1, Diff: 0.0, Sum: 102.2]
      [Termination (ms): Min: 0.0, Avg: 0.0, Max: 0.0, Diff: 0.0, Sum: 0.0]
      [GC Worker Other (ms): Min: 0.1, Avg: 0.1, Max: 0.1, Diff: 0.0, Sum: 0.1]
      [GC Worker Total (ms): Min: 147.1, Avg: 148.8, Max: 150.5, Diff: 3.4, Sum: 297.6]
      [GC Worker End (ms): Min: 2885886.3, Avg: 2885886.3, Max: 2885886.3, Diff: 0.0]
   [Code Root Fixup: 0.3 ms]
   [Code Root Migration: 0.0 ms]
   [Clear CT: 0.5 ms]
   [Other: 5.7 ms]
      [Choose CSet: 0.0 ms]
      [Ref Proc: 2.0 ms]
      [Ref Enq: 0.1 ms]
      [Free CSet: 0.5 ms]
   [Eden: 160.0M(160.0M)->0.0B(414.0M) Survivors: 50.0M->20.0M Heap: 1581.0M(4096.0M)->1426.0M(4096.0M)]
 [Times: user=0.30 sys=0.00, real=0.16 secs] 
2016-08-30T14:24:14.700+0200: 2904.835: [GC pause (young), 0.1694760 secs]
   [Parallel Time: 161.9 ms, GC Workers: 2]
      [GC Worker Start (ms): Min: 2904836.4, Avg: 2904836.5, Max: 2904836.5, Diff: 0.0]
      [Ext Root Scanning (ms): Min: 50.7, Avg: 51.4, Max: 52.1, Diff: 1.4, Sum: 102.7]
      [Update RS (ms): Min: 56.1, Avg: 56.6, Max: 57.1, Diff: 0.9, Sum: 113.2]
         [Processed Buffers: Min: 412, Avg: 417.0, Max: 422, Diff: 10, Sum: 834]
      [Scan RS (ms): Min: 9.0, Avg: 9.3, Max: 9.5, Diff: 0.5, Sum: 18.5]
      [Code Root Scanning (ms): Min: 0.1, Avg: 0.1, Max: 0.2, Diff: 0.1, Sum: 0.3]
      [Object Copy (ms): Min: 43.9, Avg: 44.3, Max: 44.8, Diff: 0.8, Sum: 88.7]
      [Termination (ms): Min: 0.0, Avg: 0.0, Max: 0.0, Diff: 0.0, Sum: 0.0]
      [GC Worker Other (ms): Min: 0.1, Avg: 0.1, Max: 0.2, Diff: 0.2, Sum: 0.3]
      [GC Worker Total (ms): Min: 161.8, Avg: 161.8, Max: 161.9, Diff: 0.0, Sum: 323.7]
      [GC Worker End (ms): Min: 2904998.3, Avg: 2904998.3, Max: 2904998.3, Diff: 0.0]
   [Code Root Fixup: 0.3 ms]
   [Code Root Migration: 0.1 ms]
   [Clear CT: 0.4 ms]
   [Other: 6.9 ms]
      [Choose CSet: 0.0 ms]
      [Ref Proc: 3.1 ms]
      [Ref Enq: 0.2 ms]
      [Free CSet: 0.8 ms]
   [Eden: 414.0M(414.0M)->0.0B(230.0M) Survivors: 20.0M->56.0M Heap: 1840.0M(4096.0M)->1466.0M(4096.0M)]
 [Times: user=0.33 sys=0.01, real=0.17 secs] 
2016-08-30T14:24:24.736+0200: 2914.870: [GC pause (young), 0.1812720 secs]
   [Parallel Time: 173.5 ms, GC Workers: 2]
      [GC Worker Start (ms): Min: 2914871.6, Avg: 2914874.4, Max: 2914877.2, Diff: 5.6]
      [Ext Root Scanning (ms): Min: 50.7, Avg: 53.3, Max: 56.0, Diff: 5.3, Sum: 106.6]
      [Update RS (ms): Min: 43.2, Avg: 43.7, Max: 44.3, Diff: 1.1, Sum: 87.5]
         [Processed Buffers: Min: 329, Avg: 345.5, Max: 362, Diff: 33, Sum: 691]
      [Scan RS (ms): Min: 12.2, Avg: 13.2, Max: 14.2, Diff: 2.1, Sum: 26.4]
      [Code Root Scanning (ms): Min: 0.1, Avg: 0.1, Max: 0.1, Diff: 0.0, Sum: 0.2]
      [Object Copy (ms): Min: 59.3, Avg: 60.0, Max: 60.8, Diff: 1.4, Sum: 120.1]
      [Termination (ms): Min: 0.0, Avg: 0.0, Max: 0.0, Diff: 0.0, Sum: 0.0]
      [GC Worker Other (ms): Min: 0.1, Avg: 0.1, Max: 0.1, Diff: 0.1, Sum: 0.2]
      [GC Worker Total (ms): Min: 167.7, Avg: 170.5, Max: 173.3, Diff: 5.6, Sum: 341.0]
      [GC Worker End (ms): Min: 2915044.9, Avg: 2915044.9, Max: 2915044.9, Diff: 0.0]
   [Code Root Fixup: 0.5 ms]
   [Code Root Migration: 0.0 ms]
   [Clear CT: 0.5 ms]
   [Other: 6.8 ms]
      [Choose CSet: 0.0 ms]
      [Ref Proc: 2.6 ms]
      [Ref Enq: 0.2 ms]
      [Free CSet: 0.7 ms]
   [Eden: 230.0M(230.0M)->0.0B(468.0M) Survivors: 56.0M->26.0M Heap: 1696.0M(4096.0M)->1474.0M(4096.0M)]
 [Times: user=0.34 sys=0.00, real=0.18 secs] 
2016-08-30T14:24:38.251+0200: 2928.386: [GC pause (young), 0.1458940 secs]
   [Parallel Time: 137.9 ms, GC Workers: 2]
      [GC Worker Start (ms): Min: 2928386.8, Avg: 2928386.8, Max: 2928386.8, Diff: 0.0]
      [Ext Root Scanning (ms): Min: 41.5, Avg: 52.3, Max: 63.2, Diff: 21.7, Sum: 104.7]
      [Update RS (ms): Min: 38.7, Avg: 46.6, Max: 54.5, Diff: 15.8, Sum: 93.3]
         [Processed Buffers: Min: 242, Avg: 360.5, Max: 479, Diff: 237, Sum: 721]
      [Scan RS (ms): Min: 5.0, Avg: 5.1, Max: 5.3, Diff: 0.4, Sum: 10.3]
      [Code Root Scanning (ms): Min: 0.0, Avg: 0.0, Max: 0.1, Diff: 0.0, Sum: 0.1]
      [Object Copy (ms): Min: 30.9, Avg: 33.6, Max: 36.4, Diff: 5.5, Sum: 67.2]
      [Termination (ms): Min: 0.0, Avg: 0.0, Max: 0.0, Diff: 0.0, Sum: 0.0]
      [GC Worker Other (ms): Min: 0.0, Avg: 0.1, Max: 0.1, Diff: 0.0, Sum: 0.1]
      [GC Worker Total (ms): Min: 137.8, Avg: 137.8, Max: 137.8, Diff: 0.0, Sum: 275.7]
      [GC Worker End (ms): Min: 2928524.6, Avg: 2928524.6, Max: 2928524.6, Diff: 0.0]
   [Code Root Fixup: 0.2 ms]
   [Code Root Migration: 0.0 ms]
   [Clear CT: 0.3 ms]
   [Other: 7.5 ms]
      [Choose CSet: 0.0 ms]
      [Ref Proc: 4.9 ms]
      [Ref Enq: 0.1 ms]
      [Free CSet: 0.6 ms]
   [Eden: 316.0M(316.0M)->0.0B(656.0M) Survivors: 26.0M->32.0M Heap: 1790.0M(4096.0M)->1498.0M(4096.0M)]
 [Times: user=0.16 sys=0.00, real=0.14 secs] 
2016-08-30T14:24:57.094+0200: 2947.228: [GC pause (young), 0.2168800 secs]
   [Parallel Time: 203.8 ms, GC Workers: 2]
      [GC Worker Start (ms): Min: 2947230.2, Avg: 2947230.2, Max: 2947230.2, Diff: 0.0]
      [Ext Root Scanning (ms): Min: 51.0, Avg: 53.5, Max: 55.9, Diff: 4.8, Sum: 106.9]
      [Update RS (ms): Min: 65.1, Avg: 67.9, Max: 70.8, Diff: 5.7, Sum: 135.8]
         [Processed Buffers: Min: 418, Avg: 420.0, Max: 422, Diff: 4, Sum: 840]
      [Scan RS (ms): Min: 11.6, Avg: 11.6, Max: 11.7, Diff: 0.1, Sum: 23.3]
      [Code Root Scanning (ms): Min: 0.1, Avg: 0.2, Max: 0.2, Diff: 0.0, Sum: 0.3]
      [Object Copy (ms): Min: 69.8, Avg: 70.3, Max: 70.7, Diff: 0.9, Sum: 140.5]
      [Termination (ms): Min: 0.0, Avg: 0.0, Max: 0.0, Diff: 0.0, Sum: 0.0]
      [GC Worker Other (ms): Min: 0.2, Avg: 0.2, Max: 0.3, Diff: 0.1, Sum: 0.4]
      [GC Worker Total (ms): Min: 203.7, Avg: 203.7, Max: 203.7, Diff: 0.0, Sum: 407.4]
      [GC Worker End (ms): Min: 2947433.8, Avg: 2947433.8, Max: 2947433.9, Diff: 0.0]
   [Code Root Fixup: 0.4 ms]
   [Code Root Migration: 0.1 ms]
   [Clear CT: 0.7 ms]
   [Other: 12.0 ms]
      [Choose CSet: 0.0 ms]
      [Ref Proc: 6.3 ms]
      [Ref Enq: 0.7 ms]
      [Free CSet: 1.4 ms]
   [Eden: 464.0M(452.0M)->0.0B(248.0M) Survivors: 32.0M->62.0M Heap: 1962.0M(4096.0M)->1532.0M(4096.0M)]
 [Times: user=0.42 sys=0.00, real=0.22 secs] 
2016-08-30T14:25:07.932+0200: 2958.066: [GC pause (young), 0.1773690 secs]
   [Parallel Time: 170.9 ms, GC Workers: 2]
      [GC Worker Start (ms): Min: 2958067.6, Avg: 2958067.6, Max: 2958067.6, Diff: 0.0]
      [Ext Root Scanning (ms): Min: 50.6, Avg: 50.8, Max: 51.0, Diff: 0.4, Sum: 101.7]
      [Update RS (ms): Min: 42.9, Avg: 43.7, Max: 44.5, Diff: 1.7, Sum: 87.4]
         [Processed Buffers: Min: 366, Avg: 367.5, Max: 369, Diff: 3, Sum: 735]
      [Scan RS (ms): Min: 14.2, Avg: 14.9, Max: 15.5, Diff: 1.3, Sum: 29.7]
      [Code Root Scanning (ms): Min: 0.1, Avg: 0.1, Max: 0.1, Diff: 0.0, Sum: 0.2]
      [Object Copy (ms): Min: 61.1, Avg: 61.1, Max: 61.1, Diff: 0.1, Sum: 122.2]
      [Termination (ms): Min: 0.0, Avg: 0.0, Max: 0.0, Diff: 0.0, Sum: 0.0]
      [GC Worker Other (ms): Min: 0.1, Avg: 0.2, Max: 0.2, Diff: 0.1, Sum: 0.4]
      [GC Worker Total (ms): Min: 170.8, Avg: 170.8, Max: 170.8, Diff: 0.0, Sum: 341.6]
      [GC Worker End (ms): Min: 2958238.4, Avg: 2958238.4, Max: 2958238.4, Diff: 0.0]
   [Code Root Fixup: 0.2 ms]
   [Code Root Migration: 0.1 ms]
   [Clear CT: 0.5 ms]
   [Other: 5.7 ms]
      [Choose CSet: 0.0 ms]
      [Ref Proc: 2.0 ms]
      [Ref Enq: 0.1 ms]
      [Free CSet: 0.6 ms]
   [Eden: 248.0M(248.0M)->0.0B(476.0M) Survivors: 62.0M->28.0M Heap: 1780.0M(4096.0M)->1543.0M(4096.0M)]
 [Times: user=0.34 sys=0.00, real=0.18 secs] 
2016-08-30T14:25:26.285+0200: 2976.420: [GC pause (young), 0.1913490 secs]
   [Parallel Time: 182.1 ms, GC Workers: 2]
      [GC Worker Start (ms): Min: 2976421.7, Avg: 2976421.7, Max: 2976421.7, Diff: 0.0]
      [Ext Root Scanning (ms): Min: 53.6, Avg: 55.7, Max: 57.8, Diff: 4.2, Sum: 111.4]
      [Update RS (ms): Min: 54.7, Avg: 57.1, Max: 59.4, Diff: 4.7, Sum: 114.2]
         [Processed Buffers: Min: 384, Avg: 399.0, Max: 414, Diff: 30, Sum: 798]
      [Scan RS (ms): Min: 10.6, Avg: 10.7, Max: 10.7, Diff: 0.1, Sum: 21.3]
      [Code Root Scanning (ms): Min: 0.1, Avg: 0.2, Max: 0.2, Diff: 0.1, Sum: 0.3]
      [Object Copy (ms): Min: 58.2, Avg: 58.3, Max: 58.5, Diff: 0.3, Sum: 116.7]
      [Termination (ms): Min: 0.0, Avg: 0.0, Max: 0.0, Diff: 0.0, Sum: 0.0]
      [GC Worker Other (ms): Min: 0.1, Avg: 0.1, Max: 0.1, Diff: 0.1, Sum: 0.2]
      [GC Worker Total (ms): Min: 182.0, Avg: 182.1, Max: 182.1, Diff: 0.0, Sum: 364.1]
      [GC Worker End (ms): Min: 2976603.8, Avg: 2976603.8, Max: 2976603.8, Diff: 0.0]
   [Code Root Fixup: 0.3 ms]
   [Code Root Migration: 0.1 ms]
   [Clear CT: 0.5 ms]
   [Other: 8.3 ms]
      [Choose CSet: 0.0 ms]
      [Ref Proc: 4.0 ms]
      [Ref Enq: 0.2 ms]
      [Free CSet: 1.0 ms]
   [Eden: 434.0M(350.0M)->0.0B(338.0M) Survivors: 28.0M->48.0M Heap: 1977.0M(4096.0M)->1580.0M(4096.0M)]
 [Times: user=0.37 sys=0.00, real=0.19 secs] 
2016-08-30T14:25:40.987+0200: 2991.122: [GC pause (young), 0.1960690 secs]
   [Parallel Time: 185.4 ms, GC Workers: 2]
      [GC Worker Start (ms): Min: 2991123.3, Avg: 2991126.3, Max: 2991129.2, Diff: 6.0]
      [Ext Root Scanning (ms): Min: 52.6, Avg: 55.4, Max: 58.3, Diff: 5.7, Sum: 110.9]
      [Update RS (ms): Min: 52.1, Avg: 52.4, Max: 52.7, Diff: 0.6, Sum: 104.8]
         [Processed Buffers: Min: 337, Avg: 377.5, Max: 418, Diff: 81, Sum: 755]
      [Scan RS (ms): Min: 12.3, Avg: 12.3, Max: 12.3, Diff: 0.1, Sum: 24.6]
      [Code Root Scanning (ms): Min: 0.1, Avg: 0.1, Max: 0.1, Diff: 0.0, Sum: 0.2]
      [Object Copy (ms): Min: 61.4, Avg: 61.9, Max: 62.3, Diff: 0.9, Sum: 123.7]
      [Termination (ms): Min: 0.0, Avg: 0.0, Max: 0.0, Diff: 0.0, Sum: 0.0]
      [GC Worker Other (ms): Min: 0.2, Avg: 0.2, Max: 0.2, Diff: 0.1, Sum: 0.4]
      [GC Worker Total (ms): Min: 179.3, Avg: 182.3, Max: 185.3, Diff: 6.0, Sum: 364.6]
      [GC Worker End (ms): Min: 2991308.6, Avg: 2991308.6, Max: 2991308.6, Diff: 0.0]
   [Code Root Fixup: 0.4 ms]
   [Code Root Migration: 0.1 ms]
   [Clear CT: 0.6 ms]
   [Other: 9.7 ms]
      [Choose CSet: 0.0 ms]
      [Ref Proc: 5.2 ms]
      [Ref Enq: 0.3 ms]
      [Free CSet: 0.9 ms]
   [Eden: 338.0M(338.0M)->0.0B(354.0M) Survivors: 48.0M->36.0M Heap: 1918.0M(4096.0M)->1599.0M(4096.0M)]
 [Times: user=0.36 sys=0.00, real=0.20 secs] 
2016-08-30T14:25:54.293+0200: 3004.428: [GC pause (young), 0.1850280 secs]
   [Parallel Time: 177.2 ms, GC Workers: 2]
      [GC Worker Start (ms): Min: 3004429.3, Avg: 3004429.3, Max: 3004429.3, Diff: 0.0]
      [Ext Root Scanning (ms): Min: 53.6, Avg: 55.5, Max: 57.3, Diff: 3.7, Sum: 110.9]
      [Update RS (ms): Min: 49.1, Avg: 52.0, Max: 54.9, Diff: 5.8, Sum: 103.9]
         [Processed Buffers: Min: 410, Avg: 417.0, Max: 424, Diff: 14, Sum: 834]
      [Scan RS (ms): Min: 11.1, Avg: 11.3, Max: 11.4, Diff: 0.3, Sum: 22.5]
      [Code Root Scanning (ms): Min: 0.1, Avg: 0.1, Max: 0.2, Diff: 0.0, Sum: 0.3]
      [Object Copy (ms): Min: 57.1, Avg: 58.1, Max: 59.1, Diff: 1.9, Sum: 116.2]
      [Termination (ms): Min: 0.0, Avg: 0.0, Max: 0.0, Diff: 0.0, Sum: 0.0]
      [GC Worker Other (ms): Min: 0.2, Avg: 0.2, Max: 0.3, Diff: 0.1, Sum: 0.4]
      [GC Worker Total (ms): Min: 177.1, Avg: 177.1, Max: 177.1, Diff: 0.0, Sum: 354.3]
      [GC Worker End (ms): Min: 3004606.4, Avg: 3004606.4, Max: 3004606.4, Diff: 0.0]
   [Code Root Fixup: 0.3 ms]
   [Code Root Migration: 0.1 ms]
   [Clear CT: 0.5 ms]
   [Other: 6.9 ms]
      [Choose CSet: 0.0 ms]
      [Ref Proc: 2.8 ms]
      [Ref Enq: 0.2 ms]
      [Free CSet: 0.9 ms]
   [Eden: 354.0M(354.0M)->0.0B(354.0M) Survivors: 36.0M->36.0M Heap: 1953.0M(4096.0M)->1624.0M(4096.0M)]
 [Times: user=0.36 sys=0.00, real=0.18 secs] 
2016-08-30T14:26:08.891+0200: 3019.026: [GC pause (young), 0.1815040 secs]
   [Parallel Time: 171.5 ms, GC Workers: 2]
      [GC Worker Start (ms): Min: 3019027.5, Avg: 3019027.5, Max: 3019027.5, Diff: 0.0]
      [Ext Root Scanning (ms): Min: 48.6, Avg: 49.2, Max: 49.8, Diff: 1.2, Sum: 98.4]
      [Update RS (ms): Min: 50.3, Avg: 50.5, Max: 50.6, Diff: 0.2, Sum: 100.9]
         [Processed Buffers: Min: 369, Avg: 384.0, Max: 399, Diff: 30, Sum: 768]
      [Scan RS (ms): Min: 11.4, Avg: 11.6, Max: 11.8, Diff: 0.4, Sum: 23.2]
      [Code Root Scanning (ms): Min: 0.1, Avg: 0.1, Max: 0.1, Diff: 0.0, Sum: 0.3]
      [Object Copy (ms): Min: 59.3, Avg: 59.9, Max: 60.4, Diff: 1.1, Sum: 119.8]
      [Termination (ms): Min: 0.0, Avg: 0.0, Max: 0.0, Diff: 0.0, Sum: 0.0]
      [GC Worker Other (ms): Min: 0.2, Avg: 0.2, Max: 0.2, Diff: 0.0, Sum: 0.4]
      [GC Worker Total (ms): Min: 171.4, Avg: 171.4, Max: 171.5, Diff: 0.0, Sum: 342.9]
      [GC Worker End (ms): Min: 3019198.9, Avg: 3019198.9, Max: 3019198.9, Diff: 0.0]
   [Code Root Fixup: 0.3 ms]
   [Code Root Migration: 0.1 ms]
   [Clear CT: 0.6 ms]
   [Other: 8.9 ms]
      [Choose CSet: 0.0 ms]
      [Ref Proc: 4.3 ms]
      [Ref Enq: 0.3 ms]
      [Free CSet: 1.0 ms]
   [Eden: 354.0M(354.0M)->0.0B(368.0M) Survivors: 36.0M->34.0M Heap: 1978.0M(4096.0M)->1649.0M(4096.0M)]
 [Times: user=0.35 sys=0.00, real=0.19 secs] 
2016-08-30T14:26:21.430+0200: 3031.565: [GC pause (young), 0.1722580 secs]
   [Parallel Time: 166.1 ms, GC Workers: 2]
      [GC Worker Start (ms): Min: 3031566.3, Avg: 3031566.3, Max: 3031566.3, Diff: 0.0]
      [Ext Root Scanning (ms): Min: 50.6, Avg: 51.0, Max: 51.5, Diff: 0.9, Sum: 102.0]
      [Update RS (ms): Min: 53.9, Avg: 55.0, Max: 56.1, Diff: 2.2, Sum: 110.0]
         [Processed Buffers: Min: 369, Avg: 413.0, Max: 457, Diff: 88, Sum: 826]
      [Scan RS (ms): Min: 9.9, Avg: 10.5, Max: 11.0, Diff: 1.0, Sum: 20.9]
      [Code Root Scanning (ms): Min: 0.1, Avg: 0.1, Max: 0.1, Diff: 0.0, Sum: 0.2]
      [Object Copy (ms): Min: 49.1, Avg: 49.2, Max: 49.3, Diff: 0.2, Sum: 98.4]
      [Termination (ms): Min: 0.0, Avg: 0.0, Max: 0.0, Diff: 0.0, Sum: 0.0]
      [GC Worker Other (ms): Min: 0.1, Avg: 0.2, Max: 0.2, Diff: 0.1, Sum: 0.4]
      [GC Worker Total (ms): Min: 165.9, Avg: 166.0, Max: 166.0, Diff: 0.0, Sum: 331.9]
      [GC Worker End (ms): Min: 3031732.2, Avg: 3031732.2, Max: 3031732.2, Diff: 0.0]
   [Code Root Fixup: 0.2 ms]
   [Code Root Migration: 0.0 ms]
   [Clear CT: 0.4 ms]
   [Other: 5.6 ms]
      [Choose CSet: 0.0 ms]
      [Ref Proc: 2.0 ms]
      [Ref Enq: 0.1 ms]
      [Free CSet: 0.7 ms]
   [Eden: 288.0M(286.0M)->0.0B(406.0M) Survivors: 34.0M->34.0M Heap: 1937.0M(4096.0M)->1674.0M(4096.0M)]
 [Times: user=0.32 sys=0.00, real=0.17 secs] 
2016-08-30T14:26:39.577+0200: 3049.711: [GC pause (young), 0.1727820 secs]
   [Parallel Time: 164.4 ms, GC Workers: 2]
      [GC Worker Start (ms): Min: 3049712.7, Avg: 3049712.7, Max: 3049712.7, Diff: 0.0]
      [Ext Root Scanning (ms): Min: 49.6, Avg: 50.0, Max: 50.3, Diff: 0.8, Sum: 99.9]
      [Update RS (ms): Min: 54.9, Avg: 55.8, Max: 56.6, Diff: 1.7, Sum: 111.5]
         [Processed Buffers: Min: 412, Avg: 415.0, Max: 418, Diff: 6, Sum: 830]
      [Scan RS (ms): Min: 10.9, Avg: 11.4, Max: 11.8, Diff: 0.8, Sum: 22.7]
      [Code Root Scanning (ms): Min: 0.1, Avg: 0.1, Max: 0.2, Diff: 0.1, Sum: 0.3]
      [Object Copy (ms): Min: 46.2, Avg: 47.0, Max: 47.8, Diff: 1.7, Sum: 94.0]
      [Termination (ms): Min: 0.0, Avg: 0.0, Max: 0.0, Diff: 0.0, Sum: 0.0]
      [GC Worker Other (ms): Min: 0.1, Avg: 0.1, Max: 0.1, Diff: 0.1, Sum: 0.2]
      [GC Worker Total (ms): Min: 164.3, Avg: 164.3, Max: 164.4, Diff: 0.0, Sum: 328.7]
      [GC Worker End (ms): Min: 3049877.1, Avg: 3049877.1, Max: 3049877.1, Diff: 0.0]
   [Code Root Fixup: 0.3 ms]
   [Code Root Migration: 0.1 ms]
   [Clear CT: 0.4 ms]
   [Other: 7.6 ms]
      [Choose CSet: 0.0 ms]
      [Ref Proc: 3.8 ms]
      [Ref Enq: 0.2 ms]
      [Free CSet: 0.8 ms]
   [Eden: 406.0M(406.0M)->0.0B(410.0M) Survivors: 34.0M->52.0M Heap: 2080.0M(4096.0M)->1711.0M(4096.0M)]
 [Times: user=0.33 sys=0.00, real=0.17 secs] 
2016-08-30T14:26:54.838+0200: 3064.973: [GC pause (young), 0.1782520 secs]
   [Parallel Time: 170.2 ms, GC Workers: 2]
      [GC Worker Start (ms): Min: 3064974.5, Avg: 3064974.5, Max: 3064974.5, Diff: 0.0]
      [Ext Root Scanning (ms): Min: 52.5, Avg: 55.6, Max: 58.8, Diff: 6.3, Sum: 111.3]
      [Update RS (ms): Min: 48.6, Avg: 52.5, Max: 56.3, Diff: 7.7, Sum: 104.9]
         [Processed Buffers: Min: 362, Avg: 382.5, Max: 403, Diff: 41, Sum: 765]
      [Scan RS (ms): Min: 11.1, Avg: 11.4, Max: 11.7, Diff: 0.7, Sum: 22.8]
      [Code Root Scanning (ms): Min: 0.1, Avg: 0.1, Max: 0.2, Diff: 0.1, Sum: 0.3]
      [Object Copy (ms): Min: 49.9, Avg: 50.2, Max: 50.6, Diff: 0.6, Sum: 100.5]
      [Termination (ms): Min: 0.0, Avg: 0.0, Max: 0.0, Diff: 0.0, Sum: 0.0]
      [GC Worker Other (ms): Min: 0.2, Avg: 0.2, Max: 0.3, Diff: 0.1, Sum: 0.4]
      [GC Worker Total (ms): Min: 170.1, Avg: 170.1, Max: 170.1, Diff: 0.0, Sum: 340.1]
      [GC Worker End (ms): Min: 3065144.6, Avg: 3065144.6, Max: 3065144.6, Diff: 0.0]
   [Code Root Fixup: 0.2 ms]
   [Code Root Migration: 0.1 ms]
   [Clear CT: 1.0 ms]
   [Other: 6.8 ms]
      [Choose CSet: 0.0 ms]
      [Ref Proc: 2.7 ms]
      [Ref Enq: 0.2 ms]
      [Free CSet: 1.0 ms]
   [Eden: 368.0M(316.0M)->0.0B(516.0M) Survivors: 52.0M->34.0M Heap: 2079.0M(4096.0M)->1725.0M(4096.0M)]
 [Times: user=0.34 sys=0.00, real=0.18 secs] 
2016-08-30T14:27:11.078+0200: 3081.212: [GC pause (young), 0.1728460 secs]
   [Parallel Time: 164.9 ms, GC Workers: 2]
      [GC Worker Start (ms): Min: 3081213.9, Avg: 3081214.5, Max: 3081215.0, Diff: 1.1]
      [Ext Root Scanning (ms): Min: 50.5, Avg: 50.7, Max: 50.9, Diff: 0.4, Sum: 101.4]
      [Update RS (ms): Min: 52.9, Avg: 53.4, Max: 53.9, Diff: 0.9, Sum: 106.8]
         [Processed Buffers: Min: 402, Avg: 410.0, Max: 418, Diff: 16, Sum: 820]
      [Scan RS (ms): Min: 12.1, Avg: 12.5, Max: 12.8, Diff: 0.7, Sum: 24.9]
      [Code Root Scanning (ms): Min: 0.1, Avg: 0.1, Max: 0.2, Diff: 0.0, Sum: 0.3]
      [Object Copy (ms): Min: 46.8, Avg: 47.4, Max: 48.0, Diff: 1.3, Sum: 94.8]
      [Termination (ms): Min: 0.0, Avg: 0.0, Max: 0.0, Diff: 0.0, Sum: 0.0]
      [GC Worker Other (ms): Min: 0.2, Avg: 0.2, Max: 0.2, Diff: 0.1, Sum: 0.4]
      [GC Worker Total (ms): Min: 163.7, Avg: 164.3, Max: 164.8, Diff: 1.1, Sum: 328.5]
      [GC Worker End (ms): Min: 3081378.7, Avg: 3081378.7, Max: 3081378.7, Diff: 0.0]
   [Code Root Fixup: 0.3 ms]
   [Code Root Migration: 0.1 ms]
   [Clear CT: 0.4 ms]
   [Other: 7.2 ms]
      [Choose CSet: 0.0 ms]
      [Ref Proc: 3.2 ms]
      [Ref Enq: 0.2 ms]
      [Free CSet: 0.8 ms]
   [Eden: 392.0M(382.0M)->0.0B(556.0M) Survivors: 34.0M->36.0M Heap: 2117.0M(4096.0M)->1749.0M(4096.0M)]
 [Times: user=0.34 sys=0.00, real=0.18 secs] 
2016-08-30T14:27:24.877+0200: 3095.011: [GC pause (young), 0.1921120 secs]
   [Parallel Time: 181.6 ms, GC Workers: 2]
      [GC Worker Start (ms): Min: 3095012.9, Avg: 3095012.9, Max: 3095012.9, Diff: 0.0]
      [Ext Root Scanning (ms): Min: 50.6, Avg: 51.0, Max: 51.3, Diff: 0.7, Sum: 101.9]
      [Update RS (ms): Min: 52.1, Avg: 53.1, Max: 54.2, Diff: 2.1, Sum: 106.2]
         [Processed Buffers: Min: 375, Avg: 426.0, Max: 477, Diff: 102, Sum: 852]
      [Scan RS (ms): Min: 13.1, Avg: 13.1, Max: 13.1, Diff: 0.0, Sum: 26.2]
      [Code Root Scanning (ms): Min: 0.1, Avg: 0.1, Max: 0.2, Diff: 0.1, Sum: 0.3]
      [Object Copy (ms): Min: 63.3, Avg: 64.0, Max: 64.7, Diff: 1.3, Sum: 128.0]
      [Termination (ms): Min: 0.0, Avg: 0.0, Max: 0.0, Diff: 0.0, Sum: 0.0]
      [GC Worker Other (ms): Min: 0.1, Avg: 0.2, Max: 0.2, Diff: 0.0, Sum: 0.3]
      [GC Worker Total (ms): Min: 181.5, Avg: 181.5, Max: 181.5, Diff: 0.0, Sum: 363.0]
      [GC Worker End (ms): Min: 3095194.4, Avg: 3095194.4, Max: 3095194.4, Diff: 0.0]
   [Code Root Fixup: 0.5 ms]
   [Code Root Migration: 0.1 ms]
   [Clear CT: 0.6 ms]
   [Other: 9.3 ms]
      [Choose CSet: 0.0 ms]
      [Ref Proc: 4.6 ms]
      [Ref Enq: 0.4 ms]
      [Free CSet: 1.0 ms]
   [Eden: 374.0M(374.0M)->0.0B(470.0M) Survivors: 36.0M->40.0M Heap: 2123.0M(4096.0M)->1778.0M(4096.0M)]
 [Times: user=0.37 sys=0.00, real=0.19 secs] 
2016-08-30T14:27:43.856+0200: 3113.990: [GC pause (young), 0.2115170 secs]
   [Parallel Time: 199.2 ms, GC Workers: 2]
      [GC Worker Start (ms): Min: 3113991.9, Avg: 3113991.9, Max: 3113992.0, Diff: 0.1]
      [Ext Root Scanning (ms): Min: 49.6, Avg: 50.3, Max: 51.0, Diff: 1.4, Sum: 100.6]
      [Update RS (ms): Min: 58.1, Avg: 58.8, Max: 59.5, Diff: 1.4, Sum: 117.6]
         [Processed Buffers: Min: 430, Avg: 457.0, Max: 484, Diff: 54, Sum: 914]
      [Scan RS (ms): Min: 13.3, Avg: 13.4, Max: 13.5, Diff: 0.2, Sum: 26.8]
      [Code Root Scanning (ms): Min: 0.1, Avg: 0.2, Max: 0.2, Diff: 0.1, Sum: 0.4]
      [Object Copy (ms): Min: 76.2, Avg: 76.3, Max: 76.5, Diff: 0.3, Sum: 152.6]
      [Termination (ms): Min: 0.0, Avg: 0.0, Max: 0.0, Diff: 0.0, Sum: 0.0]
      [GC Worker Other (ms): Min: 0.1, Avg: 0.1, Max: 0.2, Diff: 0.1, Sum: 0.2]
      [GC Worker Total (ms): Min: 199.0, Avg: 199.1, Max: 199.2, Diff: 0.1, Sum: 398.2]
      [GC Worker End (ms): Min: 3114191.0, Avg: 3114191.0, Max: 3114191.0, Diff: 0.0]
   [Code Root Fixup: 0.5 ms]
   [Code Root Migration: 0.1 ms]
   [Clear CT: 0.7 ms]
   [Other: 11.1 ms]
      [Choose CSet: 0.0 ms]
      [Ref Proc: 6.1 ms]
      [Ref Enq: 0.5 ms]
      [Free CSet: 1.2 ms]
   [Eden: 462.0M(326.0M)->0.0B(324.0M) Survivors: 40.0M->42.0M Heap: 2240.0M(4096.0M)->1805.0M(4096.0M)]
 [Times: user=0.41 sys=0.00, real=0.21 secs] 
2016-08-30T14:27:55.900+0200: 3126.035: [GC pause (young), 0.1885870 secs]
   [Parallel Time: 178.7 ms, GC Workers: 2]
      [GC Worker Start (ms): Min: 3126036.3, Avg: 3126036.3, Max: 3126036.3, Diff: 0.0]
      [Ext Root Scanning (ms): Min: 53.3, Avg: 54.3, Max: 55.2, Diff: 1.9, Sum: 108.5]
      [Update RS (ms): Min: 48.0, Avg: 48.6, Max: 49.1, Diff: 1.0, Sum: 97.1]
         [Processed Buffers: Min: 409, Avg: 427.5, Max: 446, Diff: 37, Sum: 855]
      [Scan RS (ms): Min: 11.3, Avg: 11.8, Max: 12.3, Diff: 1.0, Sum: 23.6]
      [Code Root Scanning (ms): Min: 0.1, Avg: 0.1, Max: 0.2, Diff: 0.1, Sum: 0.2]
      [Object Copy (ms): Min: 63.6, Avg: 63.7, Max: 63.9, Diff: 0.3, Sum: 127.5]
      [Termination (ms): Min: 0.0, Avg: 0.0, Max: 0.0, Diff: 0.0, Sum: 0.0]
      [GC Worker Other (ms): Min: 0.1, Avg: 0.2, Max: 0.2, Diff: 0.0, Sum: 0.3]
      [GC Worker Total (ms): Min: 178.6, Avg: 178.6, Max: 178.7, Diff: 0.0, Sum: 357.3]
      [GC Worker End (ms): Min: 3126215.0, Avg: 3126215.0, Max: 3126215.0, Diff: 0.0]
   [Code Root Fixup: 0.5 ms]
   [Code Root Migration: 0.1 ms]
   [Clear CT: 0.5 ms]
   [Other: 8.8 ms]
      [Choose CSet: 0.0 ms]
      [Ref Proc: 4.5 ms]
      [Ref Enq: 0.2 ms]
      [Free CSet: 0.8 ms]
   [Eden: 324.0M(324.0M)->0.0B(356.0M) Survivors: 42.0M->32.0M Heap: 2129.0M(4096.0M)->1824.0M(4096.0M)]
 [Times: user=0.36 sys=0.01, real=0.19 secs] 
2016-08-30T14:28:11.255+0200: 3141.390: [GC pause (young), 0.2643800 secs]
   [Parallel Time: 256.9 ms, GC Workers: 2]
      [GC Worker Start (ms): Min: 3141391.2, Avg: 3141391.2, Max: 3141391.2, Diff: 0.0]
      [Ext Root Scanning (ms): Min: 66.1, Avg: 69.2, Max: 72.3, Diff: 6.2, Sum: 138.4]
      [Update RS (ms): Min: 96.1, Avg: 100.0, Max: 104.0, Diff: 7.9, Sum: 200.0]
         [Processed Buffers: Min: 433, Avg: 440.5, Max: 448, Diff: 15, Sum: 881]
      [Scan RS (ms): Min: 14.2, Avg: 15.9, Max: 17.6, Diff: 3.4, Sum: 31.8]
      [Code Root Scanning (ms): Min: 0.1, Avg: 3.0, Max: 5.8, Diff: 5.7, Sum: 6.0]
      [Object Copy (ms): Min: 68.4, Avg: 68.6, Max: 68.9, Diff: 0.5, Sum: 137.3]
      [Termination (ms): Min: 0.0, Avg: 0.1, Max: 0.1, Diff: 0.1, Sum: 0.1]
      [GC Worker Other (ms): Min: 0.1, Avg: 0.1, Max: 0.1, Diff: 0.0, Sum: 0.2]
      [GC Worker Total (ms): Min: 256.9, Avg: 256.9, Max: 256.9, Diff: 0.0, Sum: 513.8]
      [GC Worker End (ms): Min: 3141648.1, Avg: 3141648.1, Max: 3141648.1, Diff: 0.0]
   [Code Root Fixup: 0.2 ms]
   [Code Root Migration: 0.0 ms]
   [Clear CT: 0.6 ms]
   [Other: 6.6 ms]
      [Choose CSet: 0.0 ms]
      [Ref Proc: 3.6 ms]
      [Ref Enq: 0.2 ms]
      [Free CSet: 0.6 ms]
   [Eden: 356.0M(356.0M)->0.0B(170.0M) Survivors: 32.0M->34.0M Heap: 2180.0M(4096.0M)->1847.0M(4096.0M)]
 [Times: user=0.28 sys=0.01, real=0.27 secs] 
2016-08-30T14:28:17.003+0200: 3147.137: [GC pause (young), 0.1562340 secs]
   [Parallel Time: 149.7 ms, GC Workers: 2]
      [GC Worker Start (ms): Min: 3147138.8, Avg: 3147141.5, Max: 3147144.2, Diff: 5.4]
      [Ext Root Scanning (ms): Min: 48.0, Avg: 51.4, Max: 54.9, Diff: 6.9, Sum: 102.9]
      [Update RS (ms): Min: 37.5, Avg: 38.9, Max: 40.2, Diff: 2.7, Sum: 77.8]
         [Processed Buffers: Min: 300, Avg: 341.0, Max: 382, Diff: 82, Sum: 682]
      [Scan RS (ms): Min: 9.5, Avg: 9.8, Max: 10.1, Diff: 0.6, Sum: 19.5]
      [Code Root Scanning (ms): Min: 0.1, Avg: 0.1, Max: 0.1, Diff: 0.0, Sum: 0.1]
      [Object Copy (ms): Min: 45.8, Avg: 46.6, Max: 47.4, Diff: 1.7, Sum: 93.2]
      [Termination (ms): Min: 0.0, Avg: 0.0, Max: 0.0, Diff: 0.0, Sum: 0.0]
      [GC Worker Other (ms): Min: 0.1, Avg: 0.1, Max: 0.1, Diff: 0.1, Sum: 0.2]
      [GC Worker Total (ms): Min: 144.2, Avg: 146.9, Max: 149.6, Diff: 5.4, Sum: 293.7]
      [GC Worker End (ms): Min: 3147288.4, Avg: 3147288.4, Max: 3147288.4, Diff: 0.0]
   [Code Root Fixup: 0.4 ms]
   [Code Root Migration: 0.0 ms]
   [Clear CT: 0.5 ms]
   [Other: 5.6 ms]
      [Choose CSet: 0.0 ms]
      [Ref Proc: 1.9 ms]
      [Ref Enq: 0.2 ms]
      [Free CSet: 0.5 ms]
   [Eden: 170.0M(170.0M)->0.0B(234.0M) Survivors: 34.0M->20.0M Heap: 2017.0M(4096.0M)->1861.0M(4096.0M)]
 [Times: user=0.29 sys=0.00, real=0.15 secs] 
2016-08-30T14:28:26.426+0200: 3156.560: [GC pause (young), 0.1725010 secs]
   [Parallel Time: 166.4 ms, GC Workers: 2]
      [GC Worker Start (ms): Min: 3156561.9, Avg: 3156562.0, Max: 3156562.0, Diff: 0.1]
      [Ext Root Scanning (ms): Min: 51.5, Avg: 54.3, Max: 57.1, Diff: 5.7, Sum: 108.6]
      [Update RS (ms): Min: 55.1, Avg: 59.7, Max: 64.3, Diff: 9.3, Sum: 119.4]
         [Processed Buffers: Min: 336, Avg: 418.5, Max: 501, Diff: 165, Sum: 837]
      [Scan RS (ms): Min: 9.2, Avg: 9.5, Max: 9.9, Diff: 0.6, Sum: 19.1]
      [Code Root Scanning (ms): Min: 0.1, Avg: 0.1, Max: 0.1, Diff: 0.0, Sum: 0.2]
      [Object Copy (ms): Min: 39.9, Avg: 42.0, Max: 44.2, Diff: 4.3, Sum: 84.1]
      [Termination (ms): Min: 0.0, Avg: 0.0, Max: 0.0, Diff: 0.0, Sum: 0.0]
      [GC Worker Other (ms): Min: 0.1, Avg: 0.4, Max: 0.7, Diff: 0.5, Sum: 0.8]
      [GC Worker Total (ms): Min: 165.7, Avg: 166.1, Max: 166.4, Diff: 0.6, Sum: 332.1]
      [GC Worker End (ms): Min: 3156727.8, Avg: 3156728.0, Max: 3156728.3, Diff: 0.5]
   [Code Root Fixup: 0.2 ms]
   [Code Root Migration: 0.0 ms]
   [Clear CT: 0.4 ms]
   [Other: 5.4 ms]
      [Choose CSet: 0.0 ms]
      [Ref Proc: 2.2 ms]
      [Ref Enq: 0.1 ms]
      [Free CSet: 0.4 ms]
   [Eden: 234.0M(234.0M)->0.0B(240.0M) Survivors: 20.0M->24.0M Heap: 2095.0M(4096.0M)->1881.0M(4096.0M)]
 [Times: user=0.29 sys=0.00, real=0.17 secs] 
2016-08-30T14:28:35.811+0200: 3165.945: [GC pause (young) (initial-mark), 0.1684590 secs]
   [Parallel Time: 161.4 ms, GC Workers: 2]
      [GC Worker Start (ms): Min: 3165947.3, Avg: 3165947.3, Max: 3165947.3, Diff: 0.0]
      [Ext Root Scanning (ms): Min: 50.0, Avg: 50.7, Max: 51.4, Diff: 1.4, Sum: 101.4]
      [Code Root Marking (ms): Min: 11.9, Avg: 12.3, Max: 12.7, Diff: 0.9, Sum: 24.6]
      [Update RS (ms): Min: 43.4, Avg: 43.5, Max: 43.5, Diff: 0.1, Sum: 86.9]
         [Processed Buffers: Min: 438, Avg: 439.0, Max: 440, Diff: 2, Sum: 878]
      [Scan RS (ms): Min: 7.7, Avg: 7.9, Max: 8.1, Diff: 0.4, Sum: 15.8]
      [Code Root Scanning (ms): Min: 0.1, Avg: 0.1, Max: 0.1, Diff: 0.0, Sum: 0.2]
      [Object Copy (ms): Min: 46.0, Avg: 46.8, Max: 47.7, Diff: 1.7, Sum: 93.7]
      [Termination (ms): Min: 0.0, Avg: 0.0, Max: 0.0, Diff: 0.0, Sum: 0.0]
      [GC Worker Other (ms): Min: 0.0, Avg: 0.1, Max: 0.1, Diff: 0.1, Sum: 0.2]
      [GC Worker Total (ms): Min: 161.4, Avg: 161.4, Max: 161.4, Diff: 0.0, Sum: 322.7]
      [GC Worker End (ms): Min: 3166108.7, Avg: 3166108.7, Max: 3166108.7, Diff: 0.0]
   [Code Root Fixup: 0.2 ms]
   [Code Root Migration: 0.0 ms]
   [Clear CT: 0.4 ms]
   [Other: 6.4 ms]
      [Choose CSet: 0.0 ms]
      [Ref Proc: 2.0 ms]
      [Ref Enq: 0.1 ms]
      [Free CSet: 0.5 ms]
   [Eden: 240.0M(240.0M)->0.0B(310.0M) Survivors: 24.0M->24.0M Heap: 2121.0M(4096.0M)->1900.0M(4096.0M)]
 [Times: user=0.33 sys=0.00, real=0.17 secs] 
2016-08-30T14:28:35.980+0200: 3166.114: [GC concurrent-root-region-scan-start]
2016-08-30T14:28:36.005+0200: 3166.139: [GC concurrent-root-region-scan-end, 0.0247580 secs]
2016-08-30T14:28:36.005+0200: 3166.139: [GC concurrent-mark-start]
2016-08-30T14:28:37.109+0200: 3167.244: [GC concurrent-mark-end, 1.1048670 secs]
2016-08-30T14:28:37.116+0200: 3167.250: [GC remark 2016-08-30T14:28:37.118+0200: 3167.252: [GC ref-proc, 0.0683270 secs], 0.1000340 secs]
 [Times: user=0.10 sys=0.00, real=0.10 secs] 
2016-08-30T14:28:37.234+0200: 3167.368: [GC cleanup 1933M->1825M(4096M), 0.0450460 secs]
 [Times: user=0.04 sys=0.00, real=0.04 secs] 
2016-08-30T14:28:37.281+0200: 3167.415: [GC concurrent-cleanup-start]
2016-08-30T14:28:37.281+0200: 3167.416: [GC concurrent-cleanup-end, 0.0002490 secs]
2016-08-30T14:28:46.501+0200: 3176.636: [GC pause (young), 0.3474480 secs]
   [Parallel Time: 336.5 ms, GC Workers: 2]
      [GC Worker Start (ms): Min: 3176637.6, Avg: 3176638.9, Max: 3176640.2, Diff: 2.6]
      [Ext Root Scanning (ms): Min: 126.8, Avg: 138.8, Max: 150.9, Diff: 24.1, Sum: 277.7]
      [Update RS (ms): Min: 85.1, Avg: 92.9, Max: 100.7, Diff: 15.6, Sum: 185.9]
         [Processed Buffers: Min: 457, Avg: 472.5, Max: 488, Diff: 31, Sum: 945]
      [Scan RS (ms): Min: 10.0, Avg: 15.3, Max: 20.7, Diff: 10.7, Sum: 30.7]
      [Code Root Scanning (ms): Min: 0.0, Avg: 0.1, Max: 0.1, Diff: 0.0, Sum: 0.1]
      [Object Copy (ms): Min: 76.1, Avg: 80.8, Max: 85.5, Diff: 9.4, Sum: 161.6]
      [Termination (ms): Min: 0.0, Avg: 6.7, Max: 13.4, Diff: 13.4, Sum: 13.4]
      [GC Worker Other (ms): Min: 0.0, Avg: 0.1, Max: 0.1, Diff: 0.1, Sum: 0.1]
      [GC Worker Total (ms): Min: 333.0, Avg: 334.8, Max: 336.5, Diff: 3.5, Sum: 669.5]
      [GC Worker End (ms): Min: 3176973.2, Avg: 3176973.7, Max: 3176974.1, Diff: 0.9]
   [Code Root Fixup: 0.2 ms]
   [Code Root Migration: 0.0 ms]
   [Clear CT: 0.5 ms]
   [Other: 10.1 ms]
      [Choose CSet: 0.0 ms]
      [Ref Proc: 6.8 ms]
      [Ref Enq: 0.2 ms]
      [Free CSet: 0.4 ms]
   [Eden: 310.0M(310.0M)->0.0B(164.0M) Survivors: 24.0M->40.0M Heap: 2102.0M(4096.0M)->1825.0M(4096.0M)]
 [Times: user=0.22 sys=0.00, real=0.35 secs] 
2016-08-30T14:28:54.485+0200: 3184.619: [GC pause (mixed), 0.2157610 secs]
   [Parallel Time: 207.6 ms, GC Workers: 2]
      [GC Worker Start (ms): Min: 3184621.1, Avg: 3184623.7, Max: 3184626.2, Diff: 5.2]
      [Ext Root Scanning (ms): Min: 86.8, Avg: 90.0, Max: 93.3, Diff: 6.6, Sum: 180.1]
      [Update RS (ms): Min: 39.6, Avg: 42.1, Max: 44.6, Diff: 4.9, Sum: 84.2]
         [Processed Buffers: Min: 237, Avg: 322.0, Max: 407, Diff: 170, Sum: 644]
      [Scan RS (ms): Min: 18.5, Avg: 18.9, Max: 19.4, Diff: 0.9, Sum: 37.9]
      [Code Root Scanning (ms): Min: 0.1, Avg: 0.1, Max: 0.1, Diff: 0.0, Sum: 0.2]
      [Object Copy (ms): Min: 49.9, Avg: 53.5, Max: 57.1, Diff: 7.2, Sum: 107.0]
      [Termination (ms): Min: 0.0, Avg: 0.0, Max: 0.0, Diff: 0.0, Sum: 0.0]
      [GC Worker Other (ms): Min: 0.2, Avg: 0.2, Max: 0.2, Diff: 0.0, Sum: 0.3]
      [GC Worker Total (ms): Min: 202.3, Avg: 204.9, Max: 207.5, Diff: 5.2, Sum: 409.8]
      [GC Worker End (ms): Min: 3184828.6, Avg: 3184828.6, Max: 3184828.6, Diff: 0.0]
   [Code Root Fixup: 0.5 ms]
   [Code Root Migration: 0.1 ms]
   [Clear CT: 0.8 ms]
   [Other: 6.8 ms]
      [Choose CSet: 0.2 ms]
      [Ref Proc: 1.9 ms]
      [Ref Enq: 0.2 ms]
      [Free CSet: 1.5 ms]
   [Eden: 164.0M(164.0M)->0.0B(188.0M) Survivors: 40.0M->16.0M Heap: 1989.0M(4096.0M)->1630.0M(4096.0M)]
 [Times: user=0.34 sys=0.00, real=0.22 secs] 
2016-08-30T14:29:00.705+0200: 3190.840: [GC pause (mixed), 0.1611310 secs]
   [Parallel Time: 154.8 ms, GC Workers: 2]
      [GC Worker Start (ms): Min: 3190841.5, Avg: 3190841.5, Max: 3190841.5, Diff: 0.0]
      [Ext Root Scanning (ms): Min: 50.2, Avg: 50.4, Max: 50.5, Diff: 0.3, Sum: 100.8]
      [Update RS (ms): Min: 38.5, Avg: 38.6, Max: 38.7, Diff: 0.2, Sum: 77.3]
         [Processed Buffers: Min: 349, Avg: 351.0, Max: 353, Diff: 4, Sum: 702]
      [Scan RS (ms): Min: 25.7, Avg: 26.2, Max: 26.7, Diff: 1.0, Sum: 52.4]
      [Code Root Scanning (ms): Min: 0.1, Avg: 0.1, Max: 0.2, Diff: 0.1, Sum: 0.3]
      [Object Copy (ms): Min: 38.8, Avg: 39.3, Max: 39.8, Diff: 1.0, Sum: 78.6]
      [Termination (ms): Min: 0.0, Avg: 0.0, Max: 0.0, Diff: 0.0, Sum: 0.0]
      [GC Worker Other (ms): Min: 0.1, Avg: 0.1, Max: 0.1, Diff: 0.1, Sum: 0.2]
      [GC Worker Total (ms): Min: 154.7, Avg: 154.7, Max: 154.7, Diff: 0.0, Sum: 309.5]
      [GC Worker End (ms): Min: 3190996.3, Avg: 3190996.3, Max: 3190996.3, Diff: 0.0]
   [Code Root Fixup: 0.2 ms]
   [Code Root Migration: 0.1 ms]
   [Clear CT: 0.6 ms]
   [Other: 5.5 ms]
      [Choose CSet: 0.2 ms]
      [Ref Proc: 1.5 ms]
      [Ref Enq: 0.1 ms]
      [Free CSet: 1.0 ms]
   [Eden: 188.0M(188.0M)->0.0B(182.0M) Survivors: 16.0M->22.0M Heap: 1818.0M(4096.0M)->1463.0M(4096.0M)]
 [Times: user=0.31 sys=0.00, real=0.16 secs] 
2016-08-30T14:29:07.578+0200: 3197.713: [GC pause (mixed), 0.1870240 secs]
   [Parallel Time: 180.7 ms, GC Workers: 2]
      [GC Worker Start (ms): Min: 3197714.4, Avg: 3197714.4, Max: 3197714.5, Diff: 0.0]
      [Ext Root Scanning (ms): Min: 49.6, Avg: 49.9, Max: 50.3, Diff: 0.6, Sum: 99.9]
      [Update RS (ms): Min: 34.4, Avg: 34.9, Max: 35.5, Diff: 1.1, Sum: 69.9]
         [Processed Buffers: Min: 340, Avg: 348.5, Max: 357, Diff: 17, Sum: 697]
      [Scan RS (ms): Min: 40.9, Avg: 41.5, Max: 42.2, Diff: 1.3, Sum: 83.1]
      [Code Root Scanning (ms): Min: 0.1, Avg: 0.1, Max: 0.2, Diff: 0.1, Sum: 0.3]
      [Object Copy (ms): Min: 53.7, Avg: 53.9, Max: 54.2, Diff: 0.6, Sum: 107.9]
      [Termination (ms): Min: 0.0, Avg: 0.0, Max: 0.0, Diff: 0.0, Sum: 0.0]
      [GC Worker Other (ms): Min: 0.1, Avg: 0.1, Max: 0.1, Diff: 0.0, Sum: 0.3]
      [GC Worker Total (ms): Min: 180.6, Avg: 180.6, Max: 180.6, Diff: 0.0, Sum: 361.2]
      [GC Worker End (ms): Min: 3197895.1, Avg: 3197895.1, Max: 3197895.1, Diff: 0.0]
   [Code Root Fixup: 0.2 ms]
   [Code Root Migration: 0.1 ms]
   [Clear CT: 0.5 ms]
   [Other: 5.6 ms]
      [Choose CSet: 0.4 ms]
      [Ref Proc: 1.3 ms]
      [Ref Enq: 0.1 ms]
      [Free CSet: 1.1 ms]
   [Eden: 182.0M(182.0M)->0.0B(178.0M) Survivors: 22.0M->26.0M Heap: 1645.0M(4096.0M)->1311.0M(4096.0M)]
 [Times: user=0.36 sys=0.00, real=0.19 secs] 
2016-08-30T14:29:13.591+0200: 3203.726: [GC pause (mixed), 0.2594820 secs]
   [Parallel Time: 251.8 ms, GC Workers: 2]
      [GC Worker Start (ms): Min: 3203728.5, Avg: 3203728.5, Max: 3203728.6, Diff: 0.0]
      [Ext Root Scanning (ms): Min: 49.2, Avg: 49.4, Max: 49.7, Diff: 0.5, Sum: 98.8]
      [Update RS (ms): Min: 35.3, Avg: 35.7, Max: 36.0, Diff: 0.7, Sum: 71.3]
         [Processed Buffers: Min: 391, Avg: 410.5, Max: 430, Diff: 39, Sum: 821]
      [Scan RS (ms): Min: 78.0, Avg: 78.3, Max: 78.7, Diff: 0.7, Sum: 156.7]
      [Code Root Scanning (ms): Min: 0.1, Avg: 0.2, Max: 0.2, Diff: 0.2, Sum: 0.3]
      [Object Copy (ms): Min: 87.6, Avg: 88.0, Max: 88.4, Diff: 0.8, Sum: 176.0]
      [Termination (ms): Min: 0.0, Avg: 0.0, Max: 0.0, Diff: 0.0, Sum: 0.0]
      [GC Worker Other (ms): Min: 0.1, Avg: 0.1, Max: 0.1, Diff: 0.0, Sum: 0.3]
      [GC Worker Total (ms): Min: 251.7, Avg: 251.7, Max: 251.7, Diff: 0.0, Sum: 503.4]
      [GC Worker End (ms): Min: 3203980.3, Avg: 3203980.3, Max: 3203980.3, Diff: 0.0]
   [Code Root Fixup: 0.2 ms]
   [Code Root Migration: 0.1 ms]
   [Clear CT: 0.6 ms]
   [Other: 6.8 ms]
      [Choose CSet: 1.0 ms]
      [Ref Proc: 1.2 ms]
      [Ref Enq: 0.1 ms]
      [Free CSet: 1.4 ms]
   [Eden: 178.0M(178.0M)->0.0B(180.0M) Survivors: 26.0M->24.0M Heap: 1489.0M(4096.0M)->1161.0M(4096.0M)]
 [Times: user=0.50 sys=0.01, real=0.26 secs] 
2016-08-30T14:29:20.573+0200: 3210.707: [GC pause (mixed), 0.2380080 secs]
   [Parallel Time: 230.3 ms, GC Workers: 2]
      [GC Worker Start (ms): Min: 3210709.9, Avg: 3210709.9, Max: 3210709.9, Diff: 0.0]
      [Ext Root Scanning (ms): Min: 50.3, Avg: 50.5, Max: 50.6, Diff: 0.3, Sum: 100.9]
      [Update RS (ms): Min: 34.2, Avg: 34.4, Max: 34.5, Diff: 0.3, Sum: 68.8]
         [Processed Buffers: Min: 380, Avg: 402.0, Max: 424, Diff: 44, Sum: 804]
      [Scan RS (ms): Min: 73.3, Avg: 73.3, Max: 73.4, Diff: 0.1, Sum: 146.6]
      [Code Root Scanning (ms): Min: 0.1, Avg: 0.2, Max: 0.3, Diff: 0.2, Sum: 0.4]
      [Object Copy (ms): Min: 71.6, Avg: 71.7, Max: 71.8, Diff: 0.2, Sum: 143.4]
      [Termination (ms): Min: 0.0, Avg: 0.0, Max: 0.0, Diff: 0.0, Sum: 0.0]
      [GC Worker Other (ms): Min: 0.1, Avg: 0.1, Max: 0.1, Diff: 0.0, Sum: 0.3]
      [GC Worker Total (ms): Min: 230.2, Avg: 230.2, Max: 230.2, Diff: 0.0, Sum: 460.4]
      [GC Worker End (ms): Min: 3210940.1, Avg: 3210940.1, Max: 3210940.1, Diff: 0.0]
   [Code Root Fixup: 0.3 ms]
   [Code Root Migration: 0.2 ms]
   [Clear CT: 0.6 ms]
   [Other: 6.5 ms]
      [Choose CSet: 0.9 ms]
      [Ref Proc: 1.3 ms]
      [Ref Enq: 0.1 ms]
      [Free CSet: 1.4 ms]
   [Eden: 180.0M(180.0M)->0.0B(186.0M) Survivors: 24.0M->18.0M Heap: 1341.0M(4096.0M)->1032.0M(4096.0M)]
 [Times: user=0.46 sys=0.00, real=0.24 secs] 
2016-08-30T14:29:28.738+0200: 3218.873: [GC pause (young), 0.1393010 secs]
   [Parallel Time: 132.8 ms, GC Workers: 2]
      [GC Worker Start (ms): Min: 3218874.2, Avg: 3218874.2, Max: 3218874.2, Diff: 0.1]
      [Ext Root Scanning (ms): Min: 51.1, Avg: 51.7, Max: 52.3, Diff: 1.2, Sum: 103.4]
      [Update RS (ms): Min: 35.5, Avg: 37.4, Max: 39.2, Diff: 3.7, Sum: 74.7]
         [Processed Buffers: Min: 345, Avg: 362.0, Max: 379, Diff: 34, Sum: 724]
      [Scan RS (ms): Min: 6.4, Avg: 7.3, Max: 8.3, Diff: 1.9, Sum: 14.7]
      [Code Root Scanning (ms): Min: 0.1, Avg: 0.1, Max: 0.1, Diff: 0.0, Sum: 0.1]
      [Object Copy (ms): Min: 35.8, Avg: 36.1, Max: 36.4, Diff: 0.6, Sum: 72.2]
      [Termination (ms): Min: 0.0, Avg: 0.0, Max: 0.0, Diff: 0.0, Sum: 0.0]
      [GC Worker Other (ms): Min: 0.1, Avg: 0.1, Max: 0.1, Diff: 0.0, Sum: 0.3]
      [GC Worker Total (ms): Min: 132.7, Avg: 132.7, Max: 132.8, Diff: 0.0, Sum: 265.5]
      [GC Worker End (ms): Min: 3219006.9, Avg: 3219006.9, Max: 3219006.9, Diff: 0.0]
   [Code Root Fixup: 0.4 ms]
   [Code Root Migration: 0.0 ms]
   [Clear CT: 0.4 ms]
   [Other: 5.6 ms]
      [Choose CSet: 0.0 ms]
      [Ref Proc: 2.1 ms]
      [Ref Enq: 0.2 ms]
      [Free CSet: 0.5 ms]
   [Eden: 186.0M(186.0M)->0.0B(184.0M) Survivors: 18.0M->20.0M Heap: 1218.0M(4096.0M)->1046.0M(4096.0M)]
 [Times: user=0.27 sys=0.01, real=0.14 secs] 
2016-08-30T14:29:35.570+0200: 3225.705: [GC pause (young), 0.1366470 secs]
   [Parallel Time: 129.8 ms, GC Workers: 2]
      [GC Worker Start (ms): Min: 3225706.1, Avg: 3225706.1, Max: 3225706.2, Diff: 0.0]
      [Ext Root Scanning (ms): Min: 49.6, Avg: 49.8, Max: 50.0, Diff: 0.4, Sum: 99.6]
      [Update RS (ms): Min: 35.2, Avg: 35.2, Max: 35.3, Diff: 0.2, Sum: 70.5]
         [Processed Buffers: Min: 336, Avg: 351.5, Max: 367, Diff: 31, Sum: 703]
      [Scan RS (ms): Min: 6.3, Avg: 6.4, Max: 6.6, Diff: 0.2, Sum: 12.9]
      [Code Root Scanning (ms): Min: 0.1, Avg: 0.1, Max: 0.1, Diff: 0.0, Sum: 0.1]
      [Object Copy (ms): Min: 37.8, Avg: 38.0, Max: 38.2, Diff: 0.4, Sum: 76.0]
      [Termination (ms): Min: 0.0, Avg: 0.0, Max: 0.0, Diff: 0.0, Sum: 0.0]
      [GC Worker Other (ms): Min: 0.1, Avg: 0.1, Max: 0.2, Diff: 0.0, Sum: 0.3]
      [GC Worker Total (ms): Min: 129.7, Avg: 129.7, Max: 129.7, Diff: 0.0, Sum: 259.4]
      [GC Worker End (ms): Min: 3225835.9, Avg: 3225835.9, Max: 3225835.9, Diff: 0.0]
   [Code Root Fixup: 0.4 ms]
   [Code Root Migration: 0.0 ms]
   [Clear CT: 0.4 ms]
   [Other: 6.1 ms]
      [Choose CSet: 0.0 ms]
      [Ref Proc: 2.3 ms]
      [Ref Enq: 0.2 ms]
      [Free CSet: 0.9 ms]
   [Eden: 184.0M(184.0M)->0.0B(182.0M) Survivors: 20.0M->22.0M Heap: 1230.0M(4096.0M)->1064.0M(4096.0M)]
 [Times: user=0.26 sys=0.01, real=0.14 secs] 
2016-08-30T14:29:41.859+0200: 3231.993: [GC pause (young), 0.1433160 secs]
   [Parallel Time: 136.3 ms, GC Workers: 2]
      [GC Worker Start (ms): Min: 3231995.1, Avg: 3231996.2, Max: 3231997.2, Diff: 2.2]
      [Ext Root Scanning (ms): Min: 50.6, Avg: 51.1, Max: 51.7, Diff: 1.1, Sum: 102.2]
      [Update RS (ms): Min: 35.7, Avg: 37.3, Max: 38.9, Diff: 3.2, Sum: 74.6]
         [Processed Buffers: Min: 366, Avg: 399.0, Max: 432, Diff: 66, Sum: 798]
      [Scan RS (ms): Min: 6.2, Avg: 6.8, Max: 7.4, Diff: 1.2, Sum: 13.6]
      [Code Root Scanning (ms): Min: 0.1, Avg: 0.1, Max: 0.1, Diff: 0.0, Sum: 0.1]
      [Object Copy (ms): Min: 39.1, Avg: 39.7, Max: 40.3, Diff: 1.2, Sum: 79.4]
      [Termination (ms): Min: 0.0, Avg: 0.0, Max: 0.0, Diff: 0.0, Sum: 0.0]
      [GC Worker Other (ms): Min: 0.1, Avg: 0.1, Max: 0.2, Diff: 0.0, Sum: 0.3]
      [GC Worker Total (ms): Min: 134.1, Avg: 135.2, Max: 136.2, Diff: 2.2, Sum: 270.3]
      [GC Worker End (ms): Min: 3232131.3, Avg: 3232131.3, Max: 3232131.3, Diff: 0.0]
   [Code Root Fixup: 0.4 ms]
   [Code Root Migration: 0.0 ms]
   [Clear CT: 0.7 ms]
   [Other: 5.9 ms]
      [Choose CSet: 0.0 ms]
      [Ref Proc: 2.0 ms]
      [Ref Enq: 0.2 ms]
      [Free CSet: 0.4 ms]
   [Eden: 182.0M(182.0M)->0.0B(180.0M) Survivors: 22.0M->24.0M Heap: 1246.0M(4096.0M)->1084.0M(4096.0M)]
 [Times: user=0.27 sys=0.00, real=0.14 secs] 
2016-08-30T14:29:48.026+0200: 3238.161: [GC pause (young), 0.2185990 secs]
   [Parallel Time: 214.3 ms, GC Workers: 2]
      [GC Worker Start (ms): Min: 3238161.9, Avg: 3238163.1, Max: 3238164.2, Diff: 2.3]
      [Ext Root Scanning (ms): Min: 69.7, Avg: 69.9, Max: 70.2, Diff: 0.5, Sum: 139.9]
      [Update RS (ms): Min: 45.8, Avg: 58.5, Max: 71.1, Diff: 25.3, Sum: 116.9]
         [Processed Buffers: Min: 300, Avg: 384.0, Max: 468, Diff: 168, Sum: 768]
      [Scan RS (ms): Min: 9.7, Avg: 10.3, Max: 10.8, Diff: 1.1, Sum: 20.6]
      [Code Root Scanning (ms): Min: 0.0, Avg: 0.0, Max: 0.1, Diff: 0.0, Sum: 0.1]
      [Object Copy (ms): Min: 57.2, Avg: 70.7, Max: 84.2, Diff: 27.0, Sum: 141.4]
      [Termination (ms): Min: 0.0, Avg: 1.8, Max: 3.6, Diff: 3.6, Sum: 3.6]
      [GC Worker Other (ms): Min: 0.1, Avg: 0.1, Max: 0.1, Diff: 0.0, Sum: 0.2]
      [GC Worker Total (ms): Min: 210.7, Avg: 211.3, Max: 212.0, Diff: 1.3, Sum: 422.7]
      [GC Worker End (ms): Min: 3238372.6, Avg: 3238374.4, Max: 3238376.2, Diff: 3.6]
   [Code Root Fixup: 0.2 ms]
   [Code Root Migration: 0.0 ms]
   [Clear CT: 0.4 ms]
   [Other: 3.6 ms]
      [Choose CSet: 0.0 ms]
      [Ref Proc: 1.3 ms]
      [Ref Enq: 0.1 ms]
      [Free CSet: 0.3 ms]
   [Eden: 180.0M(180.0M)->0.0B(180.0M) Survivors: 24.0M->24.0M Heap: 1264.0M(4096.0M)->1106.0M(4096.0M)]
 [Times: user=0.14 sys=0.00, real=0.22 secs] 
2016-08-30T14:29:55.682+0200: 3245.816: [GC pause (young), 0.1413490 secs]
   [Parallel Time: 134.5 ms, GC Workers: 2]
      [GC Worker Start (ms): Min: 3245817.4, Avg: 3245818.2, Max: 3245819.0, Diff: 1.6]
      [Ext Root Scanning (ms): Min: 52.9, Avg: 53.2, Max: 53.5, Diff: 0.6, Sum: 106.4]
      [Update RS (ms): Min: 35.9, Avg: 36.3, Max: 36.7, Diff: 0.8, Sum: 72.7]
         [Processed Buffers: Min: 313, Avg: 345.0, Max: 377, Diff: 64, Sum: 690]
      [Scan RS (ms): Min: 6.6, Avg: 6.8, Max: 7.0, Diff: 0.4, Sum: 13.6]
      [Code Root Scanning (ms): Min: 0.1, Avg: 0.1, Max: 0.1, Diff: 0.0, Sum: 0.1]
      [Object Copy (ms): Min: 37.1, Avg: 37.2, Max: 37.3, Diff: 0.2, Sum: 74.3]
      [Termination (ms): Min: 0.0, Avg: 0.0, Max: 0.0, Diff: 0.0, Sum: 0.0]
      [GC Worker Other (ms): Min: 0.1, Avg: 0.1, Max: 0.2, Diff: 0.0, Sum: 0.3]
      [GC Worker Total (ms): Min: 132.9, Avg: 133.7, Max: 134.5, Diff: 1.6, Sum: 267.4]
      [GC Worker End (ms): Min: 3245951.9, Avg: 3245951.9, Max: 3245951.9, Diff: 0.0]
   [Code Root Fixup: 0.5 ms]
   [Code Root Migration: 0.0 ms]
   [Clear CT: 0.4 ms]
   [Other: 5.9 ms]
      [Choose CSet: 0.0 ms]
      [Ref Proc: 2.0 ms]
      [Ref Enq: 0.2 ms]
      [Free CSet: 1.0 ms]
   [Eden: 180.0M(180.0M)->0.0B(184.0M) Survivors: 24.0M->20.0M Heap: 1286.0M(4096.0M)->1119.0M(4096.0M)]
 [Times: user=0.27 sys=0.01, real=0.14 secs] 
2016-08-30T14:30:02.939+0200: 3253.073: [GC pause (young), 0.1401940 secs]
   [Parallel Time: 133.3 ms, GC Workers: 2]
      [GC Worker Start (ms): Min: 3253074.8, Avg: 3253074.8, Max: 3253074.9, Diff: 0.1]
      [Ext Root Scanning (ms): Min: 50.1, Avg: 51.4, Max: 52.7, Diff: 2.5, Sum: 102.8]
      [Update RS (ms): Min: 36.5, Avg: 37.7, Max: 38.8, Diff: 2.3, Sum: 75.4]
         [Processed Buffers: Min: 359, Avg: 360.0, Max: 361, Diff: 2, Sum: 720]
      [Scan RS (ms): Min: 5.3, Avg: 5.6, Max: 5.9, Diff: 0.6, Sum: 11.2]
      [Code Root Scanning (ms): Min: 0.0, Avg: 0.1, Max: 0.1, Diff: 0.1, Sum: 0.1]
      [Object Copy (ms): Min: 37.9, Avg: 38.4, Max: 38.9, Diff: 1.0, Sum: 76.7]
      [Termination (ms): Min: 0.0, Avg: 0.0, Max: 0.0, Diff: 0.0, Sum: 0.0]
      [GC Worker Other (ms): Min: 0.0, Avg: 0.1, Max: 0.1, Diff: 0.1, Sum: 0.2]
      [GC Worker Total (ms): Min: 133.2, Avg: 133.2, Max: 133.3, Diff: 0.1, Sum: 266.4]
      [GC Worker End (ms): Min: 3253208.1, Avg: 3253208.1, Max: 3253208.1, Diff: 0.0]
   [Code Root Fixup: 0.5 ms]
   [Code Root Migration: 0.0 ms]
   [Clear CT: 0.4 ms]
   [Other: 5.9 ms]
      [Choose CSet: 0.0 ms]
      [Ref Proc: 2.5 ms]
      [Ref Enq: 0.2 ms]
      [Free CSet: 0.4 ms]
   [Eden: 184.0M(184.0M)->0.0B(184.0M) Survivors: 20.0M->20.0M Heap: 1303.0M(4096.0M)->1137.0M(4096.0M)]
 [Times: user=0.27 sys=0.00, real=0.14 secs] 
2016-08-30T14:30:10.083+0200: 3260.218: [GC pause (young), 0.1364680 secs]
   [Parallel Time: 131.1 ms, GC Workers: 2]
      [GC Worker Start (ms): Min: 3260219.3, Avg: 3260219.3, Max: 3260219.4, Diff: 0.0]
      [Ext Root Scanning (ms): Min: 50.3, Avg: 50.8, Max: 51.2, Diff: 0.9, Sum: 101.5]
      [Update RS (ms): Min: 37.3, Avg: 37.8, Max: 38.3, Diff: 1.0, Sum: 75.6]
         [Processed Buffers: Min: 368, Avg: 368.5, Max: 369, Diff: 1, Sum: 737]
      [Scan RS (ms): Min: 6.1, Avg: 6.4, Max: 6.6, Diff: 0.6, Sum: 12.7]
      [Code Root Scanning (ms): Min: 0.0, Avg: 0.1, Max: 0.1, Diff: 0.1, Sum: 0.1]
      [Object Copy (ms): Min: 35.5, Avg: 35.9, Max: 36.3, Diff: 0.7, Sum: 71.8]
      [Termination (ms): Min: 0.0, Avg: 0.0, Max: 0.0, Diff: 0.0, Sum: 0.0]
      [GC Worker Other (ms): Min: 0.1, Avg: 0.1, Max: 0.1, Diff: 0.0, Sum: 0.3]
      [GC Worker Total (ms): Min: 131.0, Avg: 131.0, Max: 131.0, Diff: 0.0, Sum: 262.0]
      [GC Worker End (ms): Min: 3260350.3, Avg: 3260350.3, Max: 3260350.3, Diff: 0.0]
   [Code Root Fixup: 0.3 ms]
   [Code Root Migration: 0.0 ms]
   [Clear CT: 0.4 ms]
   [Other: 4.7 ms]
      [Choose CSet: 0.0 ms]
      [Ref Proc: 1.5 ms]
      [Ref Enq: 0.1 ms]
      [Free CSet: 0.4 ms]
   [Eden: 184.0M(184.0M)->0.0B(306.0M) Survivors: 20.0M->20.0M Heap: 1321.0M(4096.0M)->1154.0M(4096.0M)]
 [Times: user=0.27 sys=0.00, real=0.14 secs] 
2016-08-30T14:30:20.975+0200: 3271.109: [GC pause (young), 0.1731950 secs]
   [Parallel Time: 164.4 ms, GC Workers: 2]
      [GC Worker Start (ms): Min: 3271110.9, Avg: 3271113.1, Max: 3271115.2, Diff: 4.3]
      [Ext Root Scanning (ms): Min: 50.1, Avg: 52.9, Max: 55.7, Diff: 5.6, Sum: 105.7]
      [Update RS (ms): Min: 50.2, Avg: 50.2, Max: 50.2, Diff: 0.0, Sum: 100.5]
         [Processed Buffers: Min: 480, Avg: 481.5, Max: 483, Diff: 3, Sum: 963]
      [Scan RS (ms): Min: 6.9, Avg: 7.0, Max: 7.0, Diff: 0.2, Sum: 13.9]
      [Code Root Scanning (ms): Min: 0.1, Avg: 0.1, Max: 0.1, Diff: 0.0, Sum: 0.2]
      [Object Copy (ms): Min: 46.9, Avg: 51.9, Max: 56.9, Diff: 10.1, Sum: 103.8]
      [Termination (ms): Min: 0.0, Avg: 0.0, Max: 0.0, Diff: 0.0, Sum: 0.0]
      [GC Worker Other (ms): Min: 0.1, Avg: 0.2, Max: 0.2, Diff: 0.0, Sum: 0.3]
      [GC Worker Total (ms): Min: 160.1, Avg: 162.2, Max: 164.4, Diff: 4.3, Sum: 324.4]
      [GC Worker End (ms): Min: 3271275.3, Avg: 3271275.3, Max: 3271275.3, Diff: 0.0]
   [Code Root Fixup: 0.4 ms]
   [Code Root Migration: 0.1 ms]
   [Clear CT: 0.5 ms]
   [Other: 7.9 ms]
      [Choose CSet: 0.0 ms]
      [Ref Proc: 3.8 ms]
      [Ref Enq: 0.3 ms]
      [Free CSet: 0.6 ms]
   [Eden: 306.0M(306.0M)->0.0B(256.0M) Survivors: 20.0M->42.0M Heap: 1460.0M(4096.0M)->1181.0M(4096.0M)]
 [Times: user=0.32 sys=0.00, real=0.17 secs] 
2016-08-30T14:30:32.357+0200: 3282.491: [GC pause (young), 0.1797910 secs]
   [Parallel Time: 172.0 ms, GC Workers: 2]
      [GC Worker Start (ms): Min: 3282492.8, Avg: 3282492.8, Max: 3282492.8, Diff: 0.0]
      [Ext Root Scanning (ms): Min: 52.4, Avg: 53.6, Max: 54.7, Diff: 2.3, Sum: 107.1]
      [Update RS (ms): Min: 38.8, Avg: 39.5, Max: 40.1, Diff: 1.3, Sum: 78.9]
         [Processed Buffers: Min: 342, Avg: 388.5, Max: 435, Diff: 93, Sum: 777]
      [Scan RS (ms): Min: 11.8, Avg: 11.9, Max: 12.0, Diff: 0.2, Sum: 23.8]
      [Code Root Scanning (ms): Min: 0.1, Avg: 0.1, Max: 0.1, Diff: 0.0, Sum: 0.2]
      [Object Copy (ms): Min: 66.0, Avg: 66.7, Max: 67.3, Diff: 1.3, Sum: 133.3]
      [Termination (ms): Min: 0.0, Avg: 0.0, Max: 0.0, Diff: 0.0, Sum: 0.0]
      [GC Worker Other (ms): Min: 0.1, Avg: 0.2, Max: 0.2, Diff: 0.1, Sum: 0.4]
      [GC Worker Total (ms): Min: 171.8, Avg: 171.9, Max: 171.9, Diff: 0.0, Sum: 343.7]
      [GC Worker End (ms): Min: 3282664.6, Avg: 3282664.6, Max: 3282664.6, Diff: 0.0]
   [Code Root Fixup: 0.4 ms]
   [Code Root Migration: 0.0 ms]
   [Clear CT: 0.5 ms]
   [Other: 6.9 ms]
      [Choose CSet: 0.0 ms]
      [Ref Proc: 2.8 ms]
      [Ref Enq: 0.2 ms]
      [Free CSet: 0.7 ms]
   [Eden: 256.0M(256.0M)->0.0B(334.0M) Survivors: 42.0M->26.0M Heap: 1437.0M(4096.0M)->1199.0M(4096.0M)]
 [Times: user=0.34 sys=0.00, real=0.18 secs] 
2016-08-30T14:30:45.892+0200: 3296.026: [GC pause (young), 0.1761130 secs]
   [Parallel Time: 166.8 ms, GC Workers: 2]
      [GC Worker Start (ms): Min: 3296028.0, Avg: 3296028.0, Max: 3296028.0, Diff: 0.0]
      [Ext Root Scanning (ms): Min: 50.4, Avg: 50.9, Max: 51.5, Diff: 1.1, Sum: 101.8]
      [Update RS (ms): Min: 48.2, Avg: 48.5, Max: 48.9, Diff: 0.8, Sum: 97.1]
         [Processed Buffers: Min: 411, Avg: 428.5, Max: 446, Diff: 35, Sum: 857]
      [Scan RS (ms): Min: 10.3, Avg: 10.5, Max: 10.7, Diff: 0.4, Sum: 21.1]
      [Code Root Scanning (ms): Min: 0.1, Avg: 0.1, Max: 0.2, Diff: 0.1, Sum: 0.3]
      [Object Copy (ms): Min: 56.4, Avg: 56.4, Max: 56.5, Diff: 0.1, Sum: 112.8]
      [Termination (ms): Min: 0.0, Avg: 0.0, Max: 0.0, Diff: 0.0, Sum: 0.0]
      [GC Worker Other (ms): Min: 0.1, Avg: 0.2, Max: 0.2, Diff: 0.0, Sum: 0.3]
      [GC Worker Total (ms): Min: 166.7, Avg: 166.7, Max: 166.7, Diff: 0.0, Sum: 333.4]
      [GC Worker End (ms): Min: 3296194.7, Avg: 3296194.7, Max: 3296194.7, Diff: 0.0]
   [Code Root Fixup: 0.3 ms]
   [Code Root Migration: 0.1 ms]
   [Clear CT: 0.5 ms]
   [Other: 8.4 ms]
      [Choose CSet: 0.0 ms]
      [Ref Proc: 4.0 ms]
      [Ref Enq: 0.4 ms]
      [Free CSet: 0.9 ms]
   [Eden: 334.0M(334.0M)->0.0B(256.0M) Survivors: 26.0M->40.0M Heap: 1533.0M(4096.0M)->1232.0M(4096.0M)]
 [Times: user=0.34 sys=0.01, real=0.18 secs] 
2016-08-30T14:30:56.125+0200: 3306.260: [GC pause (young), 0.1837130 secs]
   [Parallel Time: 175.7 ms, GC Workers: 2]
      [GC Worker Start (ms): Min: 3306261.2, Avg: 3306262.7, Max: 3306264.2, Diff: 3.0]
      [Ext Root Scanning (ms): Min: 54.9, Avg: 59.8, Max: 64.7, Diff: 9.8, Sum: 119.7]
      [Update RS (ms): Min: 48.5, Avg: 52.4, Max: 56.3, Diff: 7.8, Sum: 104.7]
         [Processed Buffers: Min: 366, Avg: 395.0, Max: 424, Diff: 58, Sum: 790]
      [Scan RS (ms): Min: 9.5, Avg: 10.1, Max: 10.8, Diff: 1.2, Sum: 20.3]
      [Code Root Scanning (ms): Min: 0.1, Avg: 0.1, Max: 0.1, Diff: 0.0, Sum: 0.2]
      [Object Copy (ms): Min: 50.4, Avg: 51.5, Max: 52.6, Diff: 2.2, Sum: 103.1]
      [Termination (ms): Min: 0.0, Avg: 0.0, Max: 0.0, Diff: 0.0, Sum: 0.0]
      [GC Worker Other (ms): Min: 0.1, Avg: 0.2, Max: 0.2, Diff: 0.0, Sum: 0.3]
      [GC Worker Total (ms): Min: 172.7, Avg: 174.2, Max: 175.6, Diff: 3.0, Sum: 348.3]
      [GC Worker End (ms): Min: 3306436.9, Avg: 3306436.9, Max: 3306436.9, Diff: 0.0]
   [Code Root Fixup: 0.3 ms]
   [Code Root Migration: 0.1 ms]
   [Clear CT: 0.5 ms]
   [Other: 7.1 ms]
      [Choose CSet: 0.0 ms]
      [Ref Proc: 3.3 ms]
      [Ref Enq: 0.2 ms]
      [Free CSet: 0.6 ms]
   [Eden: 256.0M(256.0M)->0.0B(360.0M) Survivors: 40.0M->24.0M Heap: 1488.0M(4096.0M)->1242.0M(4096.0M)]
 [Times: user=0.35 sys=0.00, real=0.18 secs] 
2016-08-30T14:31:11.990+0200: 3322.124: [GC pause (young), 0.1806160 secs]
   [Parallel Time: 170.9 ms, GC Workers: 2]
      [GC Worker Start (ms): Min: 3322125.8, Avg: 3322125.8, Max: 3322125.8, Diff: 0.0]
      [Ext Root Scanning (ms): Min: 49.0, Avg: 49.8, Max: 50.7, Diff: 1.6, Sum: 99.7]
      [Update RS (ms): Min: 51.3, Avg: 52.1, Max: 53.0, Diff: 1.7, Sum: 104.3]
         [Processed Buffers: Min: 425, Avg: 441.5, Max: 458, Diff: 33, Sum: 883]
      [Scan RS (ms): Min: 9.1, Avg: 9.7, Max: 10.3, Diff: 1.2, Sum: 19.4]
      [Code Root Scanning (ms): Min: 0.1, Avg: 0.1, Max: 0.1, Diff: 0.0, Sum: 0.3]
      [Object Copy (ms): Min: 58.3, Avg: 58.9, Max: 59.5, Diff: 1.2, Sum: 117.7]
      [Termination (ms): Min: 0.0, Avg: 0.0, Max: 0.0, Diff: 0.0, Sum: 0.0]
      [GC Worker Other (ms): Min: 0.1, Avg: 0.1, Max: 0.2, Diff: 0.1, Sum: 0.3]
      [GC Worker Total (ms): Min: 170.8, Avg: 170.8, Max: 170.8, Diff: 0.0, Sum: 341.6]
      [GC Worker End (ms): Min: 3322296.7, Avg: 3322296.7, Max: 3322296.7, Diff: 0.0]
   [Code Root Fixup: 0.4 ms]
   [Code Root Migration: 0.1 ms]
   [Clear CT: 0.5 ms]
   [Other: 8.8 ms]
      [Choose CSet: 0.0 ms]
      [Ref Proc: 4.5 ms]
      [Ref Enq: 0.4 ms]
      [Free CSet: 0.8 ms]
   [Eden: 360.0M(360.0M)->0.0B(244.0M) Survivors: 24.0M->48.0M Heap: 1602.0M(4096.0M)->1273.0M(4096.0M)]
 [Times: user=0.35 sys=0.00, real=0.18 secs] 
2016-08-30T14:31:21.804+0200: 3331.938: [GC pause (young), 0.1737070 secs]
   [Parallel Time: 167.4 ms, GC Workers: 2]
      [GC Worker Start (ms): Min: 3331939.7, Avg: 3331939.7, Max: 3331939.7, Diff: 0.0]
      [Ext Root Scanning (ms): Min: 55.7, Avg: 56.1, Max: 56.4, Diff: 0.8, Sum: 112.1]
      [Update RS (ms): Min: 43.0, Avg: 43.3, Max: 43.5, Diff: 0.5, Sum: 86.6]
         [Processed Buffers: Min: 396, Avg: 445.0, Max: 494, Diff: 98, Sum: 890]
      [Scan RS (ms): Min: 13.6, Avg: 13.6, Max: 13.7, Diff: 0.0, Sum: 27.3]
      [Code Root Scanning (ms): Min: 0.1, Avg: 0.1, Max: 0.1, Diff: 0.1, Sum: 0.2]
      [Object Copy (ms): Min: 53.4, Avg: 54.1, Max: 54.8, Diff: 1.4, Sum: 108.2]
      [Termination (ms): Min: 0.0, Avg: 0.0, Max: 0.0, Diff: 0.0, Sum: 0.0]
      [GC Worker Other (ms): Min: 0.1, Avg: 0.2, Max: 0.2, Diff: 0.1, Sum: 0.4]
      [GC Worker Total (ms): Min: 167.3, Avg: 167.4, Max: 167.4, Diff: 0.0, Sum: 334.7]
      [GC Worker End (ms): Min: 3332107.1, Avg: 3332107.1, Max: 3332107.1, Diff: 0.0]
   [Code Root Fixup: 0.3 ms]
   [Code Root Migration: 0.0 ms]
   [Clear CT: 0.4 ms]
   [Other: 5.6 ms]
      [Choose CSet: 0.0 ms]
      [Ref Proc: 1.9 ms]
      [Ref Enq: 0.1 ms]
      [Free CSet: 0.6 ms]
   [Eden: 244.0M(244.0M)->0.0B(382.0M) Survivors: 48.0M->26.0M Heap: 1517.0M(4096.0M)->1293.0M(4096.0M)]
 [Times: user=0.33 sys=0.00, real=0.17 secs] 
2016-08-30T14:31:37.587+0200: 3347.721: [GC pause (young), 0.1974540 secs]
   [Parallel Time: 186.5 ms, GC Workers: 2]
      [GC Worker Start (ms): Min: 3347723.1, Avg: 3347723.1, Max: 3347723.1, Diff: 0.0]
      [Ext Root Scanning (ms): Min: 50.9, Avg: 54.8, Max: 58.6, Diff: 7.7, Sum: 109.5]
      [Update RS (ms): Min: 53.2, Avg: 61.3, Max: 69.4, Diff: 16.1, Sum: 122.6]
         [Processed Buffers: Min: 407, Avg: 447.5, Max: 488, Diff: 81, Sum: 895]
      [Scan RS (ms): Min: 9.5, Avg: 9.9, Max: 10.4, Diff: 0.9, Sum: 19.9]
      [Code Root Scanning (ms): Min: 0.1, Avg: 0.1, Max: 0.1, Diff: 0.0, Sum: 0.1]
      [Object Copy (ms): Min: 55.5, Avg: 60.2, Max: 64.9, Diff: 9.4, Sum: 120.5]
      [Termination (ms): Min: 0.0, Avg: 0.0, Max: 0.0, Diff: 0.0, Sum: 0.0]
      [GC Worker Other (ms): Min: 0.1, Avg: 0.1, Max: 0.2, Diff: 0.1, Sum: 0.3]
      [GC Worker Total (ms): Min: 186.5, Avg: 186.5, Max: 186.5, Diff: 0.0, Sum: 372.9]
      [GC Worker End (ms): Min: 3347909.6, Avg: 3347909.6, Max: 3347909.6, Diff: 0.0]
   [Code Root Fixup: 0.2 ms]
   [Code Root Migration: 0.0 ms]
   [Clear CT: 0.4 ms]
   [Other: 10.3 ms]
      [Choose CSet: 0.0 ms]
      [Ref Proc: 6.9 ms]
      [Ref Enq: 0.2 ms]
      [Free CSet: 0.6 ms]
   [Eden: 382.0M(382.0M)->0.0B(204.0M) Survivors: 26.0M->50.0M Heap: 1675.0M(4096.0M)->1318.0M(4096.0M)]
 [Times: user=0.29 sys=0.00, real=0.20 secs] 
2016-08-30T14:31:44.579+0200: 3354.714: [GC pause (young), 0.1816530 secs]
   [Parallel Time: 176.1 ms, GC Workers: 2]
      [GC Worker Start (ms): Min: 3354715.3, Avg: 3354715.3, Max: 3354715.3, Diff: 0.1]
      [Ext Root Scanning (ms): Min: 51.3, Avg: 66.9, Max: 82.5, Diff: 31.3, Sum: 133.8]
      [Update RS (ms): Min: 29.3, Avg: 45.5, Max: 61.7, Diff: 32.3, Sum: 91.0]
         [Processed Buffers: Min: 129, Avg: 408.0, Max: 687, Diff: 558, Sum: 816]
      [Scan RS (ms): Min: 13.2, Avg: 13.2, Max: 13.3, Diff: 0.1, Sum: 26.5]
      [Code Root Scanning (ms): Min: 0.1, Avg: 0.1, Max: 0.1, Diff: 0.0, Sum: 0.2]
      [Object Copy (ms): Min: 49.6, Avg: 50.1, Max: 50.6, Diff: 1.1, Sum: 100.2]
      [Termination (ms): Min: 0.0, Avg: 0.0, Max: 0.0, Diff: 0.0, Sum: 0.0]
      [GC Worker Other (ms): Min: 0.1, Avg: 0.1, Max: 0.2, Diff: 0.0, Sum: 0.3]
      [GC Worker Total (ms): Min: 176.0, Avg: 176.0, Max: 176.0, Diff: 0.1, Sum: 352.0]
      [GC Worker End (ms): Min: 3354891.3, Avg: 3354891.3, Max: 3354891.3, Diff: 0.0]
   [Code Root Fixup: 0.3 ms]
   [Code Root Migration: 0.0 ms]
   [Clear CT: 0.4 ms]
   [Other: 4.9 ms]
      [Choose CSet: 0.0 ms]
      [Ref Proc: 1.5 ms]
      [Ref Enq: 0.1 ms]
      [Free CSet: 0.4 ms]
   [Eden: 204.0M(204.0M)->0.0B(352.0M) Survivors: 50.0M->24.0M Heap: 1522.0M(4096.0M)->1331.0M(4096.0M)]
 [Times: user=0.31 sys=0.00, real=0.18 secs] 
2016-08-30T14:32:00.020+0200: 3370.155: [GC pause (young), 0.1809430 secs]
   [Parallel Time: 169.6 ms, GC Workers: 2]
      [GC Worker Start (ms): Min: 3370156.8, Avg: 3370156.8, Max: 3370156.8, Diff: 0.0]
      [Ext Root Scanning (ms): Min: 51.8, Avg: 52.0, Max: 52.2, Diff: 0.4, Sum: 104.0]
      [Update RS (ms): Min: 55.2, Avg: 55.9, Max: 56.5, Diff: 1.4, Sum: 111.7]
         [Processed Buffers: Min: 457, Avg: 457.0, Max: 457, Diff: 0, Sum: 914]
      [Scan RS (ms): Min: 8.8, Avg: 9.3, Max: 9.7, Diff: 0.9, Sum: 18.5]
      [Code Root Scanning (ms): Min: 0.1, Avg: 0.1, Max: 0.1, Diff: 0.0, Sum: 0.2]
      [Object Copy (ms): Min: 51.5, Avg: 52.0, Max: 52.5, Diff: 1.0, Sum: 104.0]
      [Termination (ms): Min: 0.0, Avg: 0.0, Max: 0.0, Diff: 0.0, Sum: 0.0]
      [GC Worker Other (ms): Min: 0.1, Avg: 0.2, Max: 0.2, Diff: 0.1, Sum: 0.3]
      [GC Worker Total (ms): Min: 169.4, Avg: 169.4, Max: 169.5, Diff: 0.1, Sum: 338.9]
      [GC Worker End (ms): Min: 3370326.2, Avg: 3370326.2, Max: 3370326.2, Diff: 0.0]
   [Code Root Fixup: 0.4 ms]
   [Code Root Migration: 0.1 ms]
   [Clear CT: 0.5 ms]
   [Other: 10.3 ms]
      [Choose CSet: 0.0 ms]
      [Ref Proc: 5.9 ms]
      [Ref Enq: 0.3 ms]
      [Free CSet: 0.9 ms]
   [Eden: 352.0M(352.0M)->0.0B(224.0M) Survivors: 24.0M->46.0M Heap: 1683.0M(4096.0M)->1353.0M(4096.0M)]
 [Times: user=0.35 sys=0.00, real=0.18 secs] 
2016-08-30T14:32:07.748+0200: 3377.883: [GC pause (young), 0.1713460 secs]
   [Parallel Time: 163.6 ms, GC Workers: 2]
      [GC Worker Start (ms): Min: 3377883.9, Avg: 3377883.9, Max: 3377883.9, Diff: 0.0]
      [Ext Root Scanning (ms): Min: 49.7, Avg: 50.2, Max: 50.7, Diff: 1.0, Sum: 100.4]
      [Update RS (ms): Min: 38.9, Avg: 38.9, Max: 38.9, Diff: 0.0, Sum: 77.9]
         [Processed Buffers: Min: 352, Avg: 368.5, Max: 385, Diff: 33, Sum: 737]
      [Scan RS (ms): Min: 12.5, Avg: 12.6, Max: 12.7, Diff: 0.2, Sum: 25.3]
      [Code Root Scanning (ms): Min: 0.1, Avg: 0.1, Max: 0.1, Diff: 0.0, Sum: 0.2]
      [Object Copy (ms): Min: 61.0, Avg: 61.5, Max: 61.9, Diff: 0.9, Sum: 123.0]
      [Termination (ms): Min: 0.0, Avg: 0.0, Max: 0.0, Diff: 0.0, Sum: 0.0]
      [GC Worker Other (ms): Min: 0.1, Avg: 0.2, Max: 0.2, Diff: 0.0, Sum: 0.3]
      [GC Worker Total (ms): Min: 163.5, Avg: 163.5, Max: 163.5, Diff: 0.0, Sum: 327.0]
      [GC Worker End (ms): Min: 3378047.4, Avg: 3378047.4, Max: 3378047.4, Diff: 0.0]
   [Code Root Fixup: 0.4 ms]
   [Code Root Migration: 0.0 ms]
   [Clear CT: 0.6 ms]
   [Other: 6.7 ms]
      [Choose CSet: 0.0 ms]
      [Ref Proc: 2.9 ms]
      [Ref Enq: 0.2 ms]
      [Free CSet: 0.6 ms]
   [Eden: 224.0M(224.0M)->0.0B(446.0M) Survivors: 46.0M->26.0M Heap: 1577.0M(4096.0M)->1368.0M(4096.0M)]
 [Times: user=0.33 sys=0.01, real=0.17 secs] 
2016-08-30T14:32:26.428+0200: 3396.563: [GC pause (young), 0.1799500 secs]
   [Parallel Time: 171.8 ms, GC Workers: 2]
      [GC Worker Start (ms): Min: 3396564.5, Avg: 3396564.5, Max: 3396564.5, Diff: 0.0]
      [Ext Root Scanning (ms): Min: 50.7, Avg: 51.0, Max: 51.2, Diff: 0.5, Sum: 101.9]
      [Update RS (ms): Min: 61.4, Avg: 62.2, Max: 63.0, Diff: 1.7, Sum: 124.4]
         [Processed Buffers: Min: 382, Avg: 426.5, Max: 471, Diff: 89, Sum: 853]
      [Scan RS (ms): Min: 10.6, Avg: 10.6, Max: 10.6, Diff: 0.0, Sum: 21.2]
      [Code Root Scanning (ms): Min: 0.1, Avg: 0.1, Max: 0.2, Diff: 0.0, Sum: 0.3]
      [Object Copy (ms): Min: 47.1, Avg: 47.7, Max: 48.3, Diff: 1.2, Sum: 95.4]
      [Termination (ms): Min: 0.0, Avg: 0.0, Max: 0.0, Diff: 0.0, Sum: 0.0]
      [GC Worker Other (ms): Min: 0.0, Avg: 0.1, Max: 0.1, Diff: 0.1, Sum: 0.2]
      [GC Worker Total (ms): Min: 171.7, Avg: 171.7, Max: 171.7, Diff: 0.0, Sum: 343.3]
      [GC Worker End (ms): Min: 3396736.2, Avg: 3396736.2, Max: 3396736.2, Diff: 0.0]
   [Code Root Fixup: 0.2 ms]
   [Code Root Migration: 0.1 ms]
   [Clear CT: 0.5 ms]
   [Other: 7.3 ms]
      [Choose CSet: 0.0 ms]
      [Ref Proc: 3.3 ms]
      [Ref Enq: 0.2 ms]
      [Free CSet: 0.9 ms]
   [Eden: 446.0M(446.0M)->0.0B(290.0M) Survivors: 26.0M->58.0M Heap: 1814.0M(4096.0M)->1401.0M(4096.0M)]
 [Times: user=0.33 sys=0.01, real=0.18 secs] 
2016-08-30T14:32:37.760+0200: 3407.894: [GC pause (young), 0.2130260 secs]
   [Parallel Time: 207.4 ms, GC Workers: 2]
      [GC Worker Start (ms): Min: 3407895.0, Avg: 3407895.1, Max: 3407895.1, Diff: 0.0]
      [Ext Root Scanning (ms): Min: 74.5, Avg: 78.1, Max: 81.6, Diff: 7.0, Sum: 156.1]
      [Update RS (ms): Min: 42.1, Avg: 42.3, Max: 42.4, Diff: 0.3, Sum: 84.5]
         [Processed Buffers: Min: 243, Avg: 346.5, Max: 450, Diff: 207, Sum: 693]
      [Scan RS (ms): Min: 12.3, Avg: 17.0, Max: 21.7, Diff: 9.4, Sum: 34.1]
      [Code Root Scanning (ms): Min: 0.0, Avg: 0.0, Max: 0.1, Diff: 0.1, Sum: 0.1]
      [Object Copy (ms): Min: 58.5, Avg: 66.6, Max: 74.6, Diff: 16.2, Sum: 133.1]
      [Termination (ms): Min: 0.0, Avg: 0.0, Max: 0.0, Diff: 0.0, Sum: 0.0]
      [GC Worker Other (ms): Min: 0.1, Avg: 1.8, Max: 3.4, Diff: 3.3, Sum: 3.5]
      [GC Worker Total (ms): Min: 204.1, Avg: 205.7, Max: 207.4, Diff: 3.3, Sum: 411.4]
      [GC Worker End (ms): Min: 3408099.1, Avg: 3408100.8, Max: 3408102.4, Diff: 3.3]
   [Code Root Fixup: 0.4 ms]
   [Code Root Migration: 0.0 ms]
   [Clear CT: 0.6 ms]
   [Other: 4.6 ms]
      [Choose CSet: 0.0 ms]
      [Ref Proc: 2.0 ms]
      [Ref Enq: 0.1 ms]
      [Free CSet: 0.5 ms]
   [Eden: 270.0M(150.0M)->0.0B(298.0M) Survivors: 58.0M->26.0M Heap: 1671.0M(4096.0M)->1415.0M(4096.0M)]
 [Times: user=0.22 sys=0.00, real=0.22 secs] 
2016-08-30T14:32:49.446+0200: 3419.580: [GC pause (young), 0.1647710 secs]
   [Parallel Time: 157.9 ms, GC Workers: 2]
      [GC Worker Start (ms): Min: 3419582.1, Avg: 3419583.1, Max: 3419584.1, Diff: 2.0]
      [Ext Root Scanning (ms): Min: 51.0, Avg: 55.7, Max: 60.4, Diff: 9.4, Sum: 111.4]
      [Update RS (ms): Min: 47.5, Avg: 50.7, Max: 54.0, Diff: 6.5, Sum: 101.5]
         [Processed Buffers: Min: 450, Avg: 461.5, Max: 473, Diff: 23, Sum: 923]
      [Scan RS (ms): Min: 8.1, Avg: 8.6, Max: 9.2, Diff: 1.1, Sum: 17.3]
      [Code Root Scanning (ms): Min: 0.1, Avg: 0.1, Max: 0.1, Diff: 0.0, Sum: 0.2]
      [Object Copy (ms): Min: 41.5, Avg: 41.5, Max: 41.6, Diff: 0.2, Sum: 83.1]
      [Termination (ms): Min: 0.0, Avg: 0.0, Max: 0.0, Diff: 0.0, Sum: 0.0]
      [GC Worker Other (ms): Min: 0.1, Avg: 0.2, Max: 0.2, Diff: 0.0, Sum: 0.3]
      [GC Worker Total (ms): Min: 155.9, Avg: 156.9, Max: 157.9, Diff: 2.0, Sum: 313.8]
      [GC Worker End (ms): Min: 3419740.0, Avg: 3419740.0, Max: 3419740.0, Diff: 0.0]
   [Code Root Fixup: 0.3 ms]
   [Code Root Migration: 0.0 ms]
   [Clear CT: 0.3 ms]
   [Other: 6.1 ms]
      [Choose CSet: 0.0 ms]
      [Ref Proc: 2.2 ms]
      [Ref Enq: 0.1 ms]
      [Free CSet: 0.5 ms]
   [Eden: 298.0M(298.0M)->0.0B(254.0M) Survivors: 26.0M->38.0M Heap: 1713.0M(4096.0M)->1453.0M(4096.0M)]
 [Times: user=0.31 sys=0.00, real=0.16 secs] 
2016-08-30T14:32:59.221+0200: 3429.355: [GC pause (young), 0.1662950 secs]
   [Parallel Time: 158.1 ms, GC Workers: 2]
      [GC Worker Start (ms): Min: 3429357.0, Avg: 3429357.0, Max: 3429357.0, Diff: 0.0]
      [Ext Root Scanning (ms): Min: 49.7, Avg: 50.2, Max: 50.8, Diff: 1.1, Sum: 100.5]
      [Update RS (ms): Min: 44.4, Avg: 44.5, Max: 44.6, Diff: 0.3, Sum: 89.0]
         [Processed Buffers: Min: 388, Avg: 388.0, Max: 388, Diff: 0, Sum: 776]
      [Scan RS (ms): Min: 9.4, Avg: 9.7, Max: 9.9, Diff: 0.5, Sum: 19.3]
      [Code Root Scanning (ms): Min: 0.1, Avg: 0.1, Max: 0.1, Diff: 0.0, Sum: 0.2]
      [Object Copy (ms): Min: 52.7, Avg: 53.3, Max: 53.9, Diff: 1.3, Sum: 106.6]
      [Termination (ms): Min: 0.0, Avg: 0.0, Max: 0.0, Diff: 0.0, Sum: 0.0]
      [GC Worker Other (ms): Min: 0.2, Avg: 0.2, Max: 0.2, Diff: 0.0, Sum: 0.4]
      [GC Worker Total (ms): Min: 158.0, Avg: 158.0, Max: 158.0, Diff: 0.0, Sum: 315.9]
      [GC Worker End (ms): Min: 3429515.0, Avg: 3429515.0, Max: 3429515.0, Diff: 0.0]
   [Code Root Fixup: 0.5 ms]
   [Code Root Migration: 0.0 ms]
   [Clear CT: 0.5 ms]
   [Other: 7.1 ms]
      [Choose CSet: 0.0 ms]
      [Ref Proc: 3.2 ms]
      [Ref Enq: 0.2 ms]
      [Free CSet: 0.6 ms]
   [Eden: 254.0M(254.0M)->0.0B(512.0M) Survivors: 38.0M->24.0M Heap: 1707.0M(4096.0M)->1470.0M(4096.0M)]
 [Times: user=0.32 sys=0.00, real=0.17 secs] 
2016-08-30T14:33:17.858+0200: 3447.992: [GC pause (young), 0.3167820 secs]
   [Parallel Time: 304.3 ms, GC Workers: 2]
      [GC Worker Start (ms): Min: 3447993.1, Avg: 3447995.0, Max: 3447997.0, Diff: 3.9]
      [Ext Root Scanning (ms): Min: 89.1, Avg: 92.7, Max: 96.3, Diff: 7.2, Sum: 185.4]
      [Update RS (ms): Min: 88.2, Avg: 90.9, Max: 93.6, Diff: 5.5, Sum: 181.8]
         [Processed Buffers: Min: 418, Avg: 430.0, Max: 442, Diff: 24, Sum: 860]
      [Scan RS (ms): Min: 12.2, Avg: 16.9, Max: 21.6, Diff: 9.5, Sum: 33.8]
      [Code Root Scanning (ms): Min: 0.0, Avg: 0.1, Max: 0.1, Diff: 0.1, Sum: 0.2]
      [Object Copy (ms): Min: 91.9, Avg: 95.8, Max: 99.6, Diff: 7.7, Sum: 191.5]
      [Termination (ms): Min: 0.0, Avg: 5.8, Max: 11.7, Diff: 11.7, Sum: 11.7]
      [GC Worker Other (ms): Min: 0.1, Avg: 0.1, Max: 0.1, Diff: 0.0, Sum: 0.2]
      [GC Worker Total (ms): Min: 300.4, Avg: 302.3, Max: 304.3, Diff: 3.9, Sum: 604.6]
      [GC Worker End (ms): Min: 3448297.3, Avg: 3448297.3, Max: 3448297.3, Diff: 0.0]
   [Code Root Fixup: 0.4 ms]
   [Code Root Migration: 0.0 ms]
   [Clear CT: 0.3 ms]
   [Other: 11.7 ms]
      [Choose CSet: 0.0 ms]
      [Ref Proc: 8.8 ms]
      [Ref Enq: 0.2 ms]
      [Free CSet: 0.7 ms]
   [Eden: 430.0M(328.0M)->0.0B(160.0M) Survivors: 24.0M->44.0M Heap: 1900.0M(4096.0M)->1511.0M(4096.0M)]
 [Times: user=0.21 sys=0.01, real=0.31 secs] 
2016-08-30T14:33:23.977+0200: 3454.112: [GC pause (young), 0.1581960 secs]
   [Parallel Time: 151.6 ms, GC Workers: 2]
      [GC Worker Start (ms): Min: 3454112.9, Avg: 3454112.9, Max: 3454112.9, Diff: 0.0]
      [Ext Root Scanning (ms): Min: 50.1, Avg: 50.6, Max: 51.1, Diff: 1.0, Sum: 101.2]
      [Update RS (ms): Min: 33.8, Avg: 33.9, Max: 34.0, Diff: 0.2, Sum: 67.8]
         [Processed Buffers: Min: 317, Avg: 345.0, Max: 373, Diff: 56, Sum: 690]
      [Scan RS (ms): Min: 13.5, Avg: 13.7, Max: 13.9, Diff: 0.4, Sum: 27.4]
      [Code Root Scanning (ms): Min: 0.1, Avg: 0.1, Max: 0.1, Diff: 0.0, Sum: 0.1]
      [Object Copy (ms): Min: 53.0, Avg: 53.1, Max: 53.3, Diff: 0.3, Sum: 106.2]
      [Termination (ms): Min: 0.0, Avg: 0.0, Max: 0.0, Diff: 0.0, Sum: 0.0]
      [GC Worker Other (ms): Min: 0.1, Avg: 0.1, Max: 0.1, Diff: 0.1, Sum: 0.2]
      [GC Worker Total (ms): Min: 151.5, Avg: 151.5, Max: 151.5, Diff: 0.0, Sum: 303.0]
      [GC Worker End (ms): Min: 3454264.4, Avg: 3454264.4, Max: 3454264.4, Diff: 0.0]
   [Code Root Fixup: 0.4 ms]
   [Code Root Migration: 0.0 ms]
   [Clear CT: 0.5 ms]
   [Other: 5.6 ms]
      [Choose CSet: 0.0 ms]
      [Ref Proc: 2.0 ms]
      [Ref Enq: 0.1 ms]
      [Free CSet: 0.5 ms]
   [Eden: 160.0M(160.0M)->0.0B(188.0M) Survivors: 44.0M->16.0M Heap: 1671.0M(4096.0M)->1522.0M(4096.0M)]
 [Times: user=0.30 sys=0.00, real=0.16 secs] 
2016-08-30T14:33:30.709+0200: 3460.844: [GC pause (young), 0.1379360 secs]
   [Parallel Time: 131.3 ms, GC Workers: 2]
      [GC Worker Start (ms): Min: 3460845.1, Avg: 3460846.4, Max: 3460847.6, Diff: 2.6]
      [Ext Root Scanning (ms): Min: 48.2, Avg: 49.7, Max: 51.1, Diff: 2.9, Sum: 99.3]
      [Update RS (ms): Min: 38.1, Avg: 38.2, Max: 38.3, Diff: 0.2, Sum: 76.4]
         [Processed Buffers: Min: 359, Avg: 373.0, Max: 387, Diff: 28, Sum: 746]
      [Scan RS (ms): Min: 5.6, Avg: 5.7, Max: 5.8, Diff: 0.2, Sum: 11.4]
      [Code Root Scanning (ms): Min: 0.1, Avg: 0.1, Max: 0.1, Diff: 0.0, Sum: 0.1]
      [Object Copy (ms): Min: 36.2, Avg: 36.2, Max: 36.2, Diff: 0.0, Sum: 72.5]
      [Termination (ms): Min: 0.0, Avg: 0.0, Max: 0.0, Diff: 0.0, Sum: 0.0]
      [GC Worker Other (ms): Min: 0.1, Avg: 0.1, Max: 0.1, Diff: 0.1, Sum: 0.2]
      [GC Worker Total (ms): Min: 128.7, Avg: 130.0, Max: 131.3, Diff: 2.6, Sum: 259.9]
      [GC Worker End (ms): Min: 3460976.3, Avg: 3460976.3, Max: 3460976.3, Diff: 0.0]
   [Code Root Fixup: 0.5 ms]
   [Code Root Migration: 0.0 ms]
   [Clear CT: 0.4 ms]
   [Other: 5.7 ms]
      [Choose CSet: 0.0 ms]
      [Ref Proc: 2.3 ms]
      [Ref Enq: 0.2 ms]
      [Free CSet: 0.4 ms]
   [Eden: 188.0M(188.0M)->0.0B(246.0M) Survivors: 16.0M->24.0M Heap: 1710.0M(4096.0M)->1543.0M(4096.0M)]
 [Times: user=0.27 sys=0.00, real=0.13 secs] 
2016-08-30T14:33:41.939+0200: 3472.073: [GC pause (young), 0.1448500 secs]
   [Parallel Time: 139.7 ms, GC Workers: 2]
      [GC Worker Start (ms): Min: 3472074.7, Avg: 3472074.7, Max: 3472074.7, Diff: 0.0]
      [Ext Root Scanning (ms): Min: 50.0, Avg: 50.5, Max: 51.0, Diff: 1.0, Sum: 101.0]
      [Update RS (ms): Min: 42.0, Avg: 42.8, Max: 43.6, Diff: 1.6, Sum: 85.6]
         [Processed Buffers: Min: 421, Avg: 428.5, Max: 436, Diff: 15, Sum: 857]
      [Scan RS (ms): Min: 6.0, Avg: 6.8, Max: 7.5, Diff: 1.5, Sum: 13.5]
      [Code Root Scanning (ms): Min: 0.1, Avg: 0.1, Max: 0.1, Diff: 0.0, Sum: 0.2]
      [Object Copy (ms): Min: 38.8, Avg: 39.4, Max: 40.0, Diff: 1.2, Sum: 78.8]
      [Termination (ms): Min: 0.0, Avg: 0.0, Max: 0.0, Diff: 0.0, Sum: 0.0]
      [GC Worker Other (ms): Min: 0.0, Avg: 0.1, Max: 0.2, Diff: 0.1, Sum: 0.2]
      [GC Worker Total (ms): Min: 139.6, Avg: 139.6, Max: 139.6, Diff: 0.0, Sum: 279.2]
      [GC Worker End (ms): Min: 3472214.3, Avg: 3472214.3, Max: 3472214.3, Diff: 0.0]
   [Code Root Fixup: 0.2 ms]
   [Code Root Migration: 0.0 ms]
   [Clear CT: 0.3 ms]
   [Other: 4.6 ms]
      [Choose CSet: 0.0 ms]
      [Ref Proc: 1.5 ms]
      [Ref Enq: 0.1 ms]
      [Free CSet: 0.4 ms]
   [Eden: 246.0M(246.0M)->0.0B(354.0M) Survivors: 24.0M->30.0M Heap: 1789.0M(4096.0M)->1567.0M(4096.0M)]
 [Times: user=0.28 sys=0.00, real=0.15 secs] 
2016-08-30T14:33:53.275+0200: 3483.410: [GC pause (young), 0.1581950 secs]
   [Parallel Time: 149.8 ms, GC Workers: 2]
      [GC Worker Start (ms): Min: 3483411.5, Avg: 3483411.5, Max: 3483411.5, Diff: 0.0]
      [Ext Root Scanning (ms): Min: 50.0, Avg: 50.3, Max: 50.7, Diff: 0.8, Sum: 100.7]
      [Update RS (ms): Min: 42.5, Avg: 43.0, Max: 43.4, Diff: 0.9, Sum: 85.9]
         [Processed Buffers: Min: 367, Avg: 382.0, Max: 397, Diff: 30, Sum: 764]
      [Scan RS (ms): Min: 8.8, Avg: 9.4, Max: 10.0, Diff: 1.2, Sum: 18.8]
      [Code Root Scanning (ms): Min: 0.1, Avg: 0.1, Max: 0.1, Diff: 0.0, Sum: 0.2]
      [Object Copy (ms): Min: 46.2, Avg: 46.8, Max: 47.4, Diff: 1.2, Sum: 93.5]
      [Termination (ms): Min: 0.0, Avg: 0.0, Max: 0.0, Diff: 0.0, Sum: 0.0]
      [GC Worker Other (ms): Min: 0.1, Avg: 0.1, Max: 0.2, Diff: 0.1, Sum: 0.2]
      [GC Worker Total (ms): Min: 149.7, Avg: 149.7, Max: 149.7, Diff: 0.0, Sum: 299.4]
      [GC Worker End (ms): Min: 3483561.2, Avg: 3483561.2, Max: 3483561.2, Diff: 0.0]
   [Code Root Fixup: 0.4 ms]
   [Code Root Migration: 0.1 ms]
   [Clear CT: 0.5 ms]
   [Other: 7.4 ms]
      [Choose CSet: 0.0 ms]
      [Ref Proc: 3.3 ms]
      [Ref Enq: 0.2 ms]
      [Free CSet: 0.8 ms]
   [Eden: 274.0M(226.0M)->0.0B(482.0M) Survivors: 30.0M->26.0M Heap: 1841.0M(4096.0M)->1584.0M(4096.0M)]
 [Times: user=0.31 sys=0.00, real=0.16 secs] 
2016-08-30T14:34:08.753+0200: 3498.888: [GC pause (young), 0.1627290 secs]
   [Parallel Time: 153.8 ms, GC Workers: 2]
      [GC Worker Start (ms): Min: 3498889.2, Avg: 3498889.2, Max: 3498889.2, Diff: 0.0]
      [Ext Root Scanning (ms): Min: 48.7, Avg: 49.2, Max: 49.7, Diff: 1.0, Sum: 98.5]
      [Update RS (ms): Min: 45.5, Avg: 45.8, Max: 46.2, Diff: 0.7, Sum: 91.6]
         [Processed Buffers: Min: 357, Avg: 370.5, Max: 384, Diff: 27, Sum: 741]
      [Scan RS (ms): Min: 8.7, Avg: 9.2, Max: 9.7, Diff: 1.0, Sum: 18.5]
      [Code Root Scanning (ms): Min: 0.1, Avg: 0.1, Max: 0.1, Diff: 0.0, Sum: 0.2]
      [Object Copy (ms): Min: 48.5, Avg: 49.1, Max: 49.8, Diff: 1.2, Sum: 98.3]
      [Termination (ms): Min: 0.0, Avg: 0.0, Max: 0.0, Diff: 0.0, Sum: 0.0]
      [GC Worker Other (ms): Min: 0.2, Avg: 0.2, Max: 0.2, Diff: 0.0, Sum: 0.3]
      [GC Worker Total (ms): Min: 153.7, Avg: 153.7, Max: 153.7, Diff: 0.0, Sum: 307.4]
      [GC Worker End (ms): Min: 3499042.9, Avg: 3499042.9, Max: 3499042.9, Diff: 0.0]
   [Code Root Fixup: 0.4 ms]
   [Code Root Migration: 0.1 ms]
   [Clear CT: 0.6 ms]
   [Other: 8.0 ms]
      [Choose CSet: 0.0 ms]
      [Ref Proc: 3.7 ms]
      [Ref Enq: 0.3 ms]
      [Free CSet: 0.8 ms]
   [Eden: 324.0M(324.0M)->0.0B(536.0M) Survivors: 26.0M->34.0M Heap: 1908.0M(4096.0M)->1606.0M(4096.0M)]
 [Times: user=0.32 sys=0.00, real=0.17 secs] 
2016-08-30T14:34:22.487+0200: 3512.621: [GC pause (young), 0.1877200 secs]
   [Parallel Time: 177.2 ms, GC Workers: 2]
      [GC Worker Start (ms): Min: 3512623.0, Avg: 3512623.0, Max: 3512623.0, Diff: 0.1]
      [Ext Root Scanning (ms): Min: 51.9, Avg: 57.2, Max: 62.5, Diff: 10.6, Sum: 114.4]
      [Update RS (ms): Min: 43.9, Avg: 49.4, Max: 54.9, Diff: 10.9, Sum: 98.8]
         [Processed Buffers: Min: 411, Avg: 415.0, Max: 419, Diff: 8, Sum: 830]
      [Scan RS (ms): Min: 9.9, Avg: 10.1, Max: 10.3, Diff: 0.4, Sum: 20.2]
      [Code Root Scanning (ms): Min: 0.1, Avg: 0.1, Max: 0.1, Diff: 0.0, Sum: 0.3]
      [Object Copy (ms): Min: 60.1, Avg: 60.1, Max: 60.1, Diff: 0.0, Sum: 120.2]
      [Termination (ms): Min: 0.0, Avg: 0.0, Max: 0.0, Diff: 0.0, Sum: 0.0]
      [GC Worker Other (ms): Min: 0.1, Avg: 0.2, Max: 0.2, Diff: 0.0, Sum: 0.3]
      [GC Worker Total (ms): Min: 177.1, Avg: 177.1, Max: 177.1, Diff: 0.1, Sum: 354.2]
      [GC Worker End (ms): Min: 3512800.1, Avg: 3512800.1, Max: 3512800.1, Diff: 0.0]
   [Code Root Fixup: 0.4 ms]
   [Code Root Migration: 0.1 ms]
   [Clear CT: 0.6 ms]
   [Other: 9.5 ms]
      [Choose CSet: 0.0 ms]
      [Ref Proc: 5.1 ms]
      [Ref Enq: 0.3 ms]
      [Free CSet: 0.9 ms]
   [Eden: 352.0M(340.0M)->0.0B(396.0M) Survivors: 34.0M->40.0M Heap: 1958.0M(4096.0M)->1636.0M(4096.0M)]
 [Times: user=0.35 sys=0.01, real=0.18 secs] 
2016-08-30T14:34:33.298+0200: 3523.433: [GC pause (young), 0.1606730 secs]
   [Parallel Time: 154.0 ms, GC Workers: 2]
      [GC Worker Start (ms): Min: 3523434.2, Avg: 3523434.2, Max: 3523434.2, Diff: 0.0]
      [Ext Root Scanning (ms): Min: 49.8, Avg: 50.4, Max: 51.0, Diff: 1.3, Sum: 100.8]
      [Update RS (ms): Min: 39.0, Avg: 39.8, Max: 40.5, Diff: 1.5, Sum: 79.6]
         [Processed Buffers: Min: 350, Avg: 373.5, Max: 397, Diff: 47, Sum: 747]
      [Scan RS (ms): Min: 9.7, Avg: 10.5, Max: 11.4, Diff: 1.7, Sum: 21.1]
      [Code Root Scanning (ms): Min: 0.1, Avg: 0.1, Max: 0.1, Diff: 0.0, Sum: 0.2]
      [Object Copy (ms): Min: 52.4, Avg: 53.0, Max: 53.5, Diff: 1.1, Sum: 105.9]
      [Termination (ms): Min: 0.0, Avg: 0.0, Max: 0.0, Diff: 0.0, Sum: 0.0]
      [GC Worker Other (ms): Min: 0.1, Avg: 0.1, Max: 0.2, Diff: 0.0, Sum: 0.3]
      [GC Worker Total (ms): Min: 153.9, Avg: 153.9, Max: 153.9, Diff: 0.0, Sum: 307.9]
      [GC Worker End (ms): Min: 3523588.2, Avg: 3523588.2, Max: 3523588.2, Diff: 0.0]
   [Code Root Fixup: 0.2 ms]
   [Code Root Migration: 0.0 ms]
   [Clear CT: 0.5 ms]
   [Other: 5.9 ms]
      [Choose CSet: 0.0 ms]
      [Ref Proc: 2.3 ms]
      [Ref Enq: 0.1 ms]
      [Free CSet: 0.6 ms]
   [Eden: 272.0M(264.0M)->0.0B(578.0M) Survivors: 40.0M->28.0M Heap: 1908.0M(4096.0M)->1655.0M(4096.0M)]
 [Times: user=0.31 sys=0.00, real=0.16 secs] 
2016-08-30T14:34:51.572+0200: 3541.707: [GC pause (young), 0.1685280 secs]
   [Parallel Time: 160.6 ms, GC Workers: 2]
      [GC Worker Start (ms): Min: 3541708.3, Avg: 3541708.3, Max: 3541708.3, Diff: 0.0]
      [Ext Root Scanning (ms): Min: 49.4, Avg: 49.7, Max: 50.0, Diff: 0.6, Sum: 99.5]
      [Update RS (ms): Min: 55.1, Avg: 55.2, Max: 55.3, Diff: 0.2, Sum: 110.4]
         [Processed Buffers: Min: 426, Avg: 440.5, Max: 455, Diff: 29, Sum: 881]
      [Scan RS (ms): Min: 9.8, Avg: 10.2, Max: 10.6, Diff: 0.7, Sum: 20.4]
      [Code Root Scanning (ms): Min: 0.1, Avg: 0.2, Max: 0.2, Diff: 0.0, Sum: 0.3]
      [Object Copy (ms): Min: 44.5, Avg: 45.1, Max: 45.7, Diff: 1.2, Sum: 90.3]
      [Termination (ms): Min: 0.0, Avg: 0.0, Max: 0.0, Diff: 0.0, Sum: 0.0]
      [GC Worker Other (ms): Min: 0.1, Avg: 0.1, Max: 0.1, Diff: 0.1, Sum: 0.2]
      [GC Worker Total (ms): Min: 160.5, Avg: 160.5, Max: 160.5, Diff: 0.0, Sum: 321.0]
      [GC Worker End (ms): Min: 3541868.8, Avg: 3541868.8, Max: 3541868.8, Diff: 0.0]
   [Code Root Fixup: 0.3 ms]
   [Code Root Migration: 0.1 ms]
   [Clear CT: 0.4 ms]
   [Other: 7.2 ms]
      [Choose CSet: 0.0 ms]
      [Ref Proc: 3.4 ms]
      [Ref Enq: 0.3 ms]
      [Free CSet: 0.7 ms]
   [Eden: 424.0M(404.0M)->0.0B(448.0M) Survivors: 28.0M->54.0M Heap: 2079.0M(4096.0M)->1692.0M(4096.0M)]
 [Times: user=0.32 sys=0.01, real=0.17 secs] 
2016-08-30T14:35:02.714+0200: 3552.849: [GC pause (young), 0.1967000 secs]
   [Parallel Time: 188.0 ms, GC Workers: 2]
      [GC Worker Start (ms): Min: 3552850.2, Avg: 3552850.2, Max: 3552850.2, Diff: 0.0]
      [Ext Root Scanning (ms): Min: 55.4, Avg: 55.9, Max: 56.4, Diff: 1.0, Sum: 111.8]
      [Update RS (ms): Min: 44.1, Avg: 44.7, Max: 45.3, Diff: 1.2, Sum: 89.4]
         [Processed Buffers: Min: 415, Avg: 440.5, Max: 466, Diff: 51, Sum: 881]
      [Scan RS (ms): Min: 14.0, Avg: 14.2, Max: 14.3, Diff: 0.3, Sum: 28.3]
      [Code Root Scanning (ms): Min: 0.1, Avg: 0.1, Max: 0.1, Diff: 0.0, Sum: 0.2]
      [Object Copy (ms): Min: 72.5, Avg: 72.8, Max: 73.1, Diff: 0.6, Sum: 145.6]
      [Termination (ms): Min: 0.0, Avg: 0.0, Max: 0.0, Diff: 0.0, Sum: 0.0]
      [GC Worker Other (ms): Min: 0.2, Avg: 0.2, Max: 0.2, Diff: 0.0, Sum: 0.3]
      [GC Worker Total (ms): Min: 187.9, Avg: 187.9, Max: 187.9, Diff: 0.0, Sum: 375.8]
      [GC Worker End (ms): Min: 3553038.0, Avg: 3553038.0, Max: 3553038.0, Diff: 0.0]
   [Code Root Fixup: 0.5 ms]
   [Code Root Migration: 0.1 ms]
   [Clear CT: 0.6 ms]
   [Other: 7.6 ms]
      [Choose CSet: 0.0 ms]
      [Ref Proc: 3.4 ms]
      [Ref Enq: 0.3 ms]
      [Free CSet: 0.7 ms]
   [Eden: 288.0M(274.0M)->0.0B(472.0M) Survivors: 54.0M->36.0M Heap: 1980.0M(4096.0M)->1723.0M(4096.0M)]
 [Times: user=0.37 sys=0.01, real=0.19 secs] 
2016-08-30T14:35:18.306+0200: 3568.441: [GC pause (young), 0.1700070 secs]
   [Parallel Time: 162.6 ms, GC Workers: 2]
      [GC Worker Start (ms): Min: 3568442.5, Avg: 3568442.5, Max: 3568442.5, Diff: 0.0]
      [Ext Root Scanning (ms): Min: 50.5, Avg: 51.0, Max: 51.4, Diff: 0.8, Sum: 101.9]
      [Update RS (ms): Min: 50.1, Avg: 50.8, Max: 51.6, Diff: 1.5, Sum: 101.7]
         [Processed Buffers: Min: 404, Avg: 446.0, Max: 488, Diff: 84, Sum: 892]
      [Scan RS (ms): Min: 10.3, Avg: 10.4, Max: 10.6, Diff: 0.3, Sum: 20.9]
      [Code Root Scanning (ms): Min: 0.1, Avg: 0.1, Max: 0.2, Diff: 0.1, Sum: 0.3]
      [Object Copy (ms): Min: 49.9, Avg: 50.1, Max: 50.2, Diff: 0.3, Sum: 100.2]
      [Termination (ms): Min: 0.0, Avg: 0.0, Max: 0.0, Diff: 0.0, Sum: 0.0]
      [GC Worker Other (ms): Min: 0.1, Avg: 0.1, Max: 0.1, Diff: 0.1, Sum: 0.2]
      [GC Worker Total (ms): Min: 162.6, Avg: 162.6, Max: 162.6, Diff: 0.0, Sum: 325.1]
      [GC Worker End (ms): Min: 3568605.0, Avg: 3568605.0, Max: 3568605.0, Diff: 0.0]
   [Code Root Fixup: 0.2 ms]
   [Code Root Migration: 0.0 ms]
   [Clear CT: 0.4 ms]
   [Other: 6.7 ms]
      [Choose CSet: 0.0 ms]
      [Ref Proc: 2.8 ms]
      [Ref Enq: 0.2 ms]
      [Free CSet: 0.7 ms]
   [Eden: 368.0M(324.0M)->0.0B(534.0M) Survivors: 36.0M->38.0M Heap: 2091.0M(4096.0M)->1751.0M(4096.0M)]
 [Times: user=0.33 sys=0.00, real=0.17 secs] 
2016-08-30T14:35:32.125+0200: 3582.259: [GC pause (young), 0.1729020 secs]
   [Parallel Time: 163.8 ms, GC Workers: 2]
      [GC Worker Start (ms): Min: 3582261.0, Avg: 3582261.0, Max: 3582261.1, Diff: 0.0]
      [Ext Root Scanning (ms): Min: 48.8, Avg: 49.2, Max: 49.5, Diff: 0.7, Sum: 98.3]
      [Update RS (ms): Min: 48.1, Avg: 48.8, Max: 49.5, Diff: 1.4, Sum: 97.6]
         [Processed Buffers: Min: 370, Avg: 397.5, Max: 425, Diff: 55, Sum: 795]
      [Scan RS (ms): Min: 11.2, Avg: 11.7, Max: 12.1, Diff: 0.9, Sum: 23.3]
      [Code Root Scanning (ms): Min: 0.1, Avg: 0.1, Max: 0.2, Diff: 0.1, Sum: 0.2]
      [Object Copy (ms): Min: 53.2, Avg: 53.8, Max: 54.5, Diff: 1.2, Sum: 107.7]
      [Termination (ms): Min: 0.0, Avg: 0.0, Max: 0.0, Diff: 0.0, Sum: 0.0]
      [GC Worker Other (ms): Min: 0.1, Avg: 0.2, Max: 0.2, Diff: 0.0, Sum: 0.3]
      [GC Worker Total (ms): Min: 163.7, Avg: 163.8, Max: 163.8, Diff: 0.0, Sum: 327.5]
      [GC Worker End (ms): Min: 3582424.8, Avg: 3582424.8, Max: 3582424.8, Diff: 0.0]
   [Code Root Fixup: 0.5 ms]
   [Code Root Migration: 0.1 ms]
   [Clear CT: 0.6 ms]
   [Other: 8.0 ms]
      [Choose CSet: 0.0 ms]
      [Ref Proc: 3.8 ms]
      [Ref Enq: 0.3 ms]
      [Free CSet: 0.8 ms]
   [Eden: 322.0M(322.0M)->0.0B(664.0M) Survivors: 38.0M->26.0M Heap: 2073.0M(4096.0M)->1763.0M(4096.0M)]
 [Times: user=0.34 sys=0.00, real=0.18 secs] 
2016-08-30T14:35:52.866+0200: 3603.001: [GC pause (young), 0.2072280 secs]
   [Parallel Time: 193.8 ms, GC Workers: 2]
      [GC Worker Start (ms): Min: 3603002.5, Avg: 3603002.5, Max: 3603002.6, Diff: 0.1]
      [Ext Root Scanning (ms): Min: 51.0, Avg: 51.6, Max: 52.2, Diff: 1.2, Sum: 103.2]
      [Update RS (ms): Min: 61.3, Avg: 62.8, Max: 64.3, Diff: 3.0, Sum: 125.6]
         [Processed Buffers: Min: 375, Avg: 421.0, Max: 467, Diff: 92, Sum: 842]
      [Scan RS (ms): Min: 10.8, Avg: 11.6, Max: 12.5, Diff: 1.7, Sum: 23.3]
      [Code Root Scanning (ms): Min: 0.1, Avg: 0.2, Max: 0.2, Diff: 0.1, Sum: 0.3]
      [Object Copy (ms): Min: 67.4, Avg: 67.4, Max: 67.4, Diff: 0.0, Sum: 134.8]
      [Termination (ms): Min: 0.0, Avg: 0.0, Max: 0.0, Diff: 0.0, Sum: 0.0]
      [GC Worker Other (ms): Min: 0.1, Avg: 0.1, Max: 0.2, Diff: 0.1, Sum: 0.2]
      [GC Worker Total (ms): Min: 193.7, Avg: 193.7, Max: 193.7, Diff: 0.1, Sum: 387.4]
      [GC Worker End (ms): Min: 3603196.2, Avg: 3603196.2, Max: 3603196.2, Diff: 0.0]
   [Code Root Fixup: 0.4 ms]
   [Code Root Migration: 0.1 ms]
   [Clear CT: 0.6 ms]
   [Other: 12.3 ms]
      [Choose CSet: 0.0 ms]
      [Ref Proc: 7.1 ms]
      [Ref Enq: 0.5 ms]
      [Free CSet: 1.5 ms]
   [Eden: 452.0M(424.0M)->0.0B(294.0M) Survivors: 26.0M->58.0M Heap: 2215.0M(4096.0M)->1809.0M(4096.0M)]
 [Times: user=0.39 sys=0.00, real=0.21 secs] 
2016-08-30T14:36:02.638+0200: 3612.772: [GC pause (young), 0.1804700 secs]
   [Parallel Time: 172.7 ms, GC Workers: 2]
      [GC Worker Start (ms): Min: 3612773.5, Avg: 3612773.9, Max: 3612774.4, Diff: 0.9]
      [Ext Root Scanning (ms): Min: 51.9, Avg: 52.2, Max: 52.5, Diff: 0.5, Sum: 104.4]
      [Update RS (ms): Min: 38.2, Avg: 38.2, Max: 38.2, Diff: 0.0, Sum: 76.3]
         [Processed Buffers: Min: 395, Avg: 399.5, Max: 404, Diff: 9, Sum: 799]
      [Scan RS (ms): Min: 15.3, Avg: 15.4, Max: 15.4, Diff: 0.0, Sum: 30.7]
      [Code Root Scanning (ms): Min: 0.1, Avg: 0.1, Max: 0.1, Diff: 0.0, Sum: 0.2]
      [Object Copy (ms): Min: 66.0, Avg: 66.2, Max: 66.4, Diff: 0.4, Sum: 132.4]
      [Termination (ms): Min: 0.0, Avg: 0.0, Max: 0.0, Diff: 0.0, Sum: 0.0]
      [GC Worker Other (ms): Min: 0.1, Avg: 0.2, Max: 0.2, Diff: 0.0, Sum: 0.3]
      [GC Worker Total (ms): Min: 171.7, Avg: 172.2, Max: 172.6, Diff: 0.9, Sum: 344.3]
      [GC Worker End (ms): Min: 3612946.1, Avg: 3612946.1, Max: 3612946.1, Diff: 0.0]
   [Code Root Fixup: 0.6 ms]
   [Code Root Migration: 0.0 ms]
   [Clear CT: 0.6 ms]
   [Other: 6.5 ms]
      [Choose CSet: 0.0 ms]
      [Ref Proc: 2.5 ms]
      [Ref Enq: 0.2 ms]
      [Free CSet: 0.7 ms]
   [Eden: 202.0M(202.0M)->0.0B(708.0M) Survivors: 58.0M->18.0M Heap: 2011.0M(4096.0M)->1826.0M(4096.0M)]
 [Times: user=0.35 sys=0.00, real=0.18 secs] 
2016-08-30T14:36:24.152+0200: 3634.286: [GC pause (young), 0.1887420 secs]
   [Parallel Time: 179.7 ms, GC Workers: 2]
      [GC Worker Start (ms): Min: 3634288.1, Avg: 3634288.1, Max: 3634288.1, Diff: 0.0]
      [Ext Root Scanning (ms): Min: 50.2, Avg: 51.7, Max: 53.1, Diff: 2.8, Sum: 103.3]
      [Update RS (ms): Min: 55.8, Avg: 58.4, Max: 61.0, Diff: 5.2, Sum: 116.8]
         [Processed Buffers: Min: 386, Avg: 418.0, Max: 450, Diff: 64, Sum: 836]
      [Scan RS (ms): Min: 10.3, Avg: 10.7, Max: 11.2, Diff: 1.0, Sum: 21.5]
      [Code Root Scanning (ms): Min: 0.1, Avg: 0.2, Max: 0.2, Diff: 0.1, Sum: 0.3]
      [Object Copy (ms): Min: 57.7, Avg: 58.5, Max: 59.2, Diff: 1.4, Sum: 116.9]
      [Termination (ms): Min: 0.0, Avg: 0.0, Max: 0.0, Diff: 0.0, Sum: 0.0]
      [GC Worker Other (ms): Min: 0.1, Avg: 0.1, Max: 0.2, Diff: 0.1, Sum: 0.2]
      [GC Worker Total (ms): Min: 179.5, Avg: 179.5, Max: 179.5, Diff: 0.0, Sum: 359.0]
      [GC Worker End (ms): Min: 3634467.6, Avg: 3634467.6, Max: 3634467.6, Diff: 0.0]
   [Code Root Fixup: 0.3 ms]
   [Code Root Migration: 0.1 ms]
   [Clear CT: 0.5 ms]
   [Other: 8.3 ms]
      [Choose CSet: 0.0 ms]
      [Ref Proc: 4.2 ms]
      [Ref Enq: 0.2 ms]
      [Free CSet: 1.0 ms]
   [Eden: 476.0M(476.0M)->0.0B(272.0M) Survivors: 18.0M->58.0M Heap: 2302.0M(4096.0M)->1866.0M(4096.0M)]
 [Times: user=0.36 sys=0.01, real=0.19 secs] 
2016-08-30T14:36:35.571+0200: 3645.705: [GC pause (young), 0.1579690 secs]
   [Parallel Time: 151.7 ms, GC Workers: 2]
      [GC Worker Start (ms): Min: 3645706.8, Avg: 3645706.8, Max: 3645706.8, Diff: 0.0]
      [Ext Root Scanning (ms): Min: 49.1, Avg: 50.1, Max: 51.1, Diff: 2.0, Sum: 100.2]
      [Update RS (ms): Min: 36.4, Avg: 37.5, Max: 38.5, Diff: 2.1, Sum: 74.9]
         [Processed Buffers: Min: 310, Avg: 319.0, Max: 328, Diff: 18, Sum: 638]
      [Scan RS (ms): Min: 13.7, Avg: 14.3, Max: 14.9, Diff: 1.1, Sum: 28.6]
      [Code Root Scanning (ms): Min: 0.1, Avg: 0.1, Max: 0.1, Diff: 0.1, Sum: 0.2]
      [Object Copy (ms): Min: 49.0, Avg: 49.6, Max: 50.1, Diff: 1.1, Sum: 99.2]
      [Termination (ms): Min: 0.0, Avg: 0.0, Max: 0.0, Diff: 0.0, Sum: 0.0]
      [GC Worker Other (ms): Min: 0.1, Avg: 0.1, Max: 0.1, Diff: 0.1, Sum: 0.2]
      [GC Worker Total (ms): Min: 151.6, Avg: 151.6, Max: 151.6, Diff: 0.0, Sum: 303.3]
      [GC Worker End (ms): Min: 3645858.4, Avg: 3645858.4, Max: 3645858.4, Diff: 0.0]
   [Code Root Fixup: 0.2 ms]
   [Code Root Migration: 0.0 ms]
   [Clear CT: 0.5 ms]
   [Other: 5.5 ms]
      [Choose CSet: 0.0 ms]
      [Ref Proc: 1.8 ms]
      [Ref Enq: 0.1 ms]
      [Free CSet: 0.6 ms]
   [Eden: 246.0M(180.0M)->0.0B(702.0M) Survivors: 58.0M->24.0M Heap: 2112.0M(4096.0M)->1874.0M(4096.0M)]
 [Times: user=0.31 sys=0.01, real=0.16 secs] 
2016-08-30T14:36:59.067+0200: 3669.202: [GC pause (young) (initial-mark), 0.1908190 secs]
   [Parallel Time: 181.2 ms, GC Workers: 2]
      [GC Worker Start (ms): Min: 3669204.2, Avg: 3669204.2, Max: 3669204.2, Diff: 0.1]
      [Ext Root Scanning (ms): Min: 52.0, Avg: 53.1, Max: 54.2, Diff: 2.2, Sum: 106.3]
      [Code Root Marking (ms): Min: 12.8, Avg: 13.0, Max: 13.1, Diff: 0.4, Sum: 25.9]
      [Update RS (ms): Min: 52.8, Avg: 53.0, Max: 53.2, Diff: 0.5, Sum: 106.0]
         [Processed Buffers: Min: 384, Avg: 394.0, Max: 404, Diff: 20, Sum: 788]
      [Scan RS (ms): Min: 7.1, Avg: 7.2, Max: 7.2, Diff: 0.1, Sum: 14.3]
      [Code Root Scanning (ms): Min: 0.1, Avg: 0.1, Max: 0.1, Diff: 0.0, Sum: 0.2]
      [Object Copy (ms): Min: 53.6, Avg: 54.6, Max: 55.6, Diff: 1.9, Sum: 109.2]
      [Termination (ms): Min: 0.0, Avg: 0.0, Max: 0.0, Diff: 0.0, Sum: 0.0]
      [GC Worker Other (ms): Min: 0.1, Avg: 0.1, Max: 0.2, Diff: 0.1, Sum: 0.2]
      [GC Worker Total (ms): Min: 181.0, Avg: 181.1, Max: 181.1, Diff: 0.1, Sum: 362.1]
      [GC Worker End (ms): Min: 3669385.3, Avg: 3669385.3, Max: 3669385.3, Diff: 0.0]
   [Code Root Fixup: 0.3 ms]
   [Code Root Migration: 0.1 ms]
   [Clear CT: 0.5 ms]
   [Other: 8.8 ms]
      [Choose CSet: 0.0 ms]
      [Ref Proc: 3.9 ms]
      [Ref Enq: 0.2 ms]
      [Free CSet: 0.9 ms]
   [Eden: 518.0M(518.0M)->0.0B(316.0M) Survivors: 24.0M->60.0M Heap: 2392.0M(4096.0M)->1911.0M(4096.0M)]
 [Times: user=0.36 sys=0.01, real=0.19 secs] 
2016-08-30T14:36:59.259+0200: 3669.393: [GC concurrent-root-region-scan-start]
2016-08-30T14:36:59.291+0200: 3669.426: [GC concurrent-root-region-scan-end, 0.0326280 secs]
2016-08-30T14:36:59.291+0200: 3669.426: [GC concurrent-mark-start]
2016-08-30T14:37:00.413+0200: 3670.547: [GC concurrent-mark-end, 1.1216280 secs]
2016-08-30T14:37:00.415+0200: 3670.549: [GC remark 2016-08-30T14:37:00.419+0200: 3670.554: [GC ref-proc, 0.0672240 secs], 0.0889880 secs]
 [Times: user=0.10 sys=0.00, real=0.09 secs] 
2016-08-30T14:37:00.544+0200: 3670.679: [GC cleanup 1951M->1858M(4096M), 0.0307800 secs]
 [Times: user=0.05 sys=0.00, real=0.03 secs] 
2016-08-30T14:37:00.576+0200: 3670.710: [GC concurrent-cleanup-start]
2016-08-30T14:37:00.576+0200: 3670.711: [GC concurrent-cleanup-end, 0.0003490 secs]
2016-08-30T14:37:11.630+0200: 3681.764: [GC pause (young), 0.1853260 secs]
   [Parallel Time: 176.7 ms, GC Workers: 2]
      [GC Worker Start (ms): Min: 3681765.9, Avg: 3681765.9, Max: 3681765.9, Diff: 0.0]
      [Ext Root Scanning (ms): Min: 53.7, Avg: 53.8, Max: 53.8, Diff: 0.0, Sum: 107.5]
      [Update RS (ms): Min: 42.8, Avg: 42.9, Max: 42.9, Diff: 0.1, Sum: 85.7]
         [Processed Buffers: Min: 318, Avg: 361.5, Max: 405, Diff: 87, Sum: 723]
      [Scan RS (ms): Min: 14.5, Avg: 14.6, Max: 14.6, Diff: 0.0, Sum: 29.1]
      [Code Root Scanning (ms): Min: 0.1, Avg: 0.1, Max: 0.1, Diff: 0.0, Sum: 0.2]
      [Object Copy (ms): Min: 65.1, Avg: 65.2, Max: 65.3, Diff: 0.2, Sum: 130.3]
      [Termination (ms): Min: 0.0, Avg: 0.0, Max: 0.0, Diff: 0.0, Sum: 0.0]
      [GC Worker Other (ms): Min: 0.1, Avg: 0.2, Max: 0.2, Diff: 0.1, Sum: 0.3]
      [GC Worker Total (ms): Min: 176.6, Avg: 176.6, Max: 176.6, Diff: 0.0, Sum: 353.2]
      [GC Worker End (ms): Min: 3681942.5, Avg: 3681942.5, Max: 3681942.5, Diff: 0.0]
   [Code Root Fixup: 0.4 ms]
   [Code Root Migration: 0.1 ms]
   [Clear CT: 0.6 ms]
   [Other: 7.6 ms]
      [Choose CSet: 0.0 ms]
      [Ref Proc: 3.3 ms]
      [Ref Enq: 0.3 ms]
      [Free CSet: 0.9 ms]
   [Eden: 286.0M(202.0M)->0.0B(172.0M) Survivors: 60.0M->32.0M Heap: 2104.0M(4096.0M)->1826.0M(4096.0M)]
 [Times: user=0.35 sys=0.00, real=0.19 secs] 
2016-08-30T14:37:18.104+0200: 3688.239: [GC pause (mixed), 0.1899580 secs]
   [Parallel Time: 179.3 ms, GC Workers: 2]
      [GC Worker Start (ms): Min: 3688240.5, Avg: 3688240.5, Max: 3688240.5, Diff: 0.1]
      [Ext Root Scanning (ms): Min: 49.7, Avg: 50.1, Max: 50.5, Diff: 0.8, Sum: 100.3]
      [Update RS (ms): Min: 32.0, Avg: 32.6, Max: 33.2, Diff: 1.2, Sum: 65.2]
         [Processed Buffers: Min: 353, Avg: 358.5, Max: 364, Diff: 11, Sum: 717]
      [Scan RS (ms): Min: 32.2, Avg: 32.4, Max: 32.6, Diff: 0.4, Sum: 64.9]
      [Code Root Scanning (ms): Min: 0.1, Avg: 0.2, Max: 0.3, Diff: 0.2, Sum: 0.4]
      [Object Copy (ms): Min: 63.5, Avg: 63.8, Max: 64.0, Diff: 0.6, Sum: 127.5]
      [Termination (ms): Min: 0.0, Avg: 0.0, Max: 0.0, Diff: 0.0, Sum: 0.0]
      [GC Worker Other (ms): Min: 0.1, Avg: 0.1, Max: 0.1, Diff: 0.0, Sum: 0.1]
      [GC Worker Total (ms): Min: 179.2, Avg: 179.2, Max: 179.2, Diff: 0.1, Sum: 358.4]
      [GC Worker End (ms): Min: 3688419.7, Avg: 3688419.7, Max: 3688419.7, Diff: 0.0]
   [Code Root Fixup: 0.5 ms]
   [Code Root Migration: 0.1 ms]
   [Clear CT: 0.8 ms]
   [Other: 9.2 ms]
      [Choose CSet: 0.3 ms]
      [Ref Proc: 3.3 ms]
      [Ref Enq: 0.2 ms]
      [Free CSet: 2.3 ms]
   [Eden: 172.0M(172.0M)->0.0B(180.0M) Survivors: 32.0M->24.0M Heap: 1998.0M(4096.0M)->1451.0M(4096.0M)]
 [Times: user=0.37 sys=0.00, real=0.19 secs] 
2016-08-30T14:37:24.199+0200: 3694.334: [GC pause (mixed), 0.1944720 secs]
   [Parallel Time: 185.8 ms, GC Workers: 2]
      [GC Worker Start (ms): Min: 3694335.6, Avg: 3694335.7, Max: 3694335.7, Diff: 0.0]
      [Ext Root Scanning (ms): Min: 49.3, Avg: 49.5, Max: 49.6, Diff: 0.3, Sum: 99.0]
      [Update RS (ms): Min: 33.8, Avg: 34.0, Max: 34.1, Diff: 0.3, Sum: 67.9]
         [Processed Buffers: Min: 322, Avg: 333.5, Max: 345, Diff: 23, Sum: 667]
      [Scan RS (ms): Min: 41.3, Avg: 41.4, Max: 41.6, Diff: 0.4, Sum: 82.9]
      [Code Root Scanning (ms): Min: 0.1, Avg: 0.2, Max: 0.2, Diff: 0.1, Sum: 0.3]
      [Object Copy (ms): Min: 60.5, Avg: 60.6, Max: 60.8, Diff: 0.2, Sum: 121.3]
      [Termination (ms): Min: 0.0, Avg: 0.0, Max: 0.0, Diff: 0.0, Sum: 0.0]
      [GC Worker Other (ms): Min: 0.0, Avg: 0.0, Max: 0.1, Diff: 0.0, Sum: 0.1]
      [GC Worker Total (ms): Min: 185.7, Avg: 185.7, Max: 185.8, Diff: 0.0, Sum: 371.5]
      [GC Worker End (ms): Min: 3694521.4, Avg: 3694521.4, Max: 3694521.4, Diff: 0.0]
   [Code Root Fixup: 0.5 ms]
   [Code Root Migration: 0.1 ms]
   [Clear CT: 0.6 ms]
   [Other: 7.6 ms]
      [Choose CSet: 0.4 ms]
      [Ref Proc: 2.5 ms]
      [Ref Enq: 0.2 ms]
      [Free CSet: 1.4 ms]
   [Eden: 180.0M(180.0M)->0.0B(182.0M) Survivors: 24.0M->22.0M Heap: 1631.0M(4096.0M)->1288.0M(4096.0M)]
 [Times: user=0.38 sys=0.00, real=0.20 secs] 
2016-08-30T14:37:31.341+0200: 3701.475: [GC pause (mixed), 0.2520990 secs]
   [Parallel Time: 244.2 ms, GC Workers: 2]
      [GC Worker Start (ms): Min: 3701477.5, Avg: 3701477.5, Max: 3701477.5, Diff: 0.0]
      [Ext Root Scanning (ms): Min: 49.0, Avg: 49.4, Max: 49.8, Diff: 0.8, Sum: 98.8]
      [Update RS (ms): Min: 33.6, Avg: 33.8, Max: 34.0, Diff: 0.3, Sum: 67.6]
         [Processed Buffers: Min: 370, Avg: 384.0, Max: 398, Diff: 28, Sum: 768]
      [Scan RS (ms): Min: 64.4, Avg: 64.5, Max: 64.7, Diff: 0.3, Sum: 129.0]
      [Code Root Scanning (ms): Min: 0.1, Avg: 0.1, Max: 0.2, Diff: 0.1, Sum: 0.3]
      [Object Copy (ms): Min: 95.9, Avg: 96.2, Max: 96.5, Diff: 0.6, Sum: 192.4]
      [Termination (ms): Min: 0.0, Avg: 0.0, Max: 0.0, Diff: 0.0, Sum: 0.0]
      [GC Worker Other (ms): Min: 0.1, Avg: 0.1, Max: 0.1, Diff: 0.0, Sum: 0.3]
      [GC Worker Total (ms): Min: 244.2, Avg: 244.2, Max: 244.2, Diff: 0.0, Sum: 488.4]
      [GC Worker End (ms): Min: 3701721.7, Avg: 3701721.7, Max: 3701721.7, Diff: 0.0]
   [Code Root Fixup: 0.2 ms]
   [Code Root Migration: 0.1 ms]
   [Clear CT: 0.7 ms]
   [Other: 6.8 ms]
      [Choose CSet: 0.7 ms]
      [Ref Proc: 1.5 ms]
      [Ref Enq: 0.1 ms]
      [Free CSet: 1.5 ms]
   [Eden: 182.0M(182.0M)->0.0B(186.0M) Survivors: 22.0M->18.0M Heap: 1470.0M(4096.0M)->1134.0M(4096.0M)]
 [Times: user=0.48 sys=0.00, real=0.25 secs] 
2016-08-30T14:37:38.144+0200: 3708.278: [GC pause (mixed), 0.2433240 secs]
   [Parallel Time: 235.1 ms, GC Workers: 2]
      [GC Worker Start (ms): Min: 3708281.0, Avg: 3708281.0, Max: 3708281.1, Diff: 0.0]
      [Ext Root Scanning (ms): Min: 46.0, Avg: 48.8, Max: 51.6, Diff: 5.6, Sum: 97.6]
      [Update RS (ms): Min: 33.8, Avg: 35.5, Max: 37.2, Diff: 3.4, Sum: 70.9]
         [Processed Buffers: Min: 354, Avg: 384.0, Max: 414, Diff: 60, Sum: 768]
      [Scan RS (ms): Min: 90.9, Avg: 91.0, Max: 91.2, Diff: 0.2, Sum: 182.1]
      [Code Root Scanning (ms): Min: 0.1, Avg: 0.2, Max: 0.3, Diff: 0.3, Sum: 0.4]
      [Object Copy (ms): Min: 58.4, Avg: 59.4, Max: 60.4, Diff: 2.1, Sum: 118.8]
      [Termination (ms): Min: 0.0, Avg: 0.0, Max: 0.0, Diff: 0.0, Sum: 0.0]
      [GC Worker Other (ms): Min: 0.1, Avg: 0.1, Max: 0.1, Diff: 0.0, Sum: 0.3]
      [GC Worker Total (ms): Min: 235.1, Avg: 235.1, Max: 235.1, Diff: 0.0, Sum: 470.1]
      [GC Worker End (ms): Min: 3708516.1, Avg: 3708516.1, Max: 3708516.1, Diff: 0.0]
   [Code Root Fixup: 0.2 ms]
   [Code Root Migration: 0.2 ms]
   [Clear CT: 0.6 ms]
   [Other: 7.2 ms]
      [Choose CSet: 1.1 ms]
      [Ref Proc: 1.5 ms]
      [Ref Enq: 0.1 ms]
      [Free CSet: 1.6 ms]
   [Eden: 186.0M(186.0M)->0.0B(184.0M) Survivors: 18.0M->20.0M Heap: 1320.0M(4096.0M)->988.0M(4096.0M)]
 [Times: user=0.47 sys=0.01, real=0.25 secs] 
2016-08-30T14:37:43.240+0200: 3713.375: [GC pause (young), 0.1428020 secs]
   [Parallel Time: 134.9 ms, GC Workers: 2]
      [GC Worker Start (ms): Min: 3713376.4, Avg: 3713376.4, Max: 3713376.4, Diff: 0.0]
      [Ext Root Scanning (ms): Min: 49.4, Avg: 50.1, Max: 50.9, Diff: 1.5, Sum: 100.3]
      [Update RS (ms): Min: 38.0, Avg: 38.5, Max: 39.0, Diff: 1.0, Sum: 77.1]
         [Processed Buffers: Min: 398, Avg: 433.5, Max: 469, Diff: 71, Sum: 867]
      [Scan RS (ms): Min: 6.0, Avg: 6.8, Max: 7.5, Diff: 1.5, Sum: 13.5]
      [Code Root Scanning (ms): Min: 0.1, Avg: 0.1, Max: 0.1, Diff: 0.0, Sum: 0.1]
      [Object Copy (ms): Min: 38.5, Avg: 39.1, Max: 39.6, Diff: 1.0, Sum: 78.1]
      [Termination (ms): Min: 0.0, Avg: 0.0, Max: 0.0, Diff: 0.0, Sum: 0.0]
      [GC Worker Other (ms): Min: 0.1, Avg: 0.2, Max: 0.2, Diff: 0.0, Sum: 0.3]
      [GC Worker Total (ms): Min: 134.7, Avg: 134.7, Max: 134.7, Diff: 0.0, Sum: 269.4]
      [GC Worker End (ms): Min: 3713511.1, Avg: 3713511.1, Max: 3713511.1, Diff: 0.0]
   [Code Root Fixup: 0.4 ms]
   [Code Root Migration: 0.0 ms]
   [Clear CT: 0.4 ms]
   [Other: 7.2 ms]
      [Choose CSet: 0.0 ms]
      [Ref Proc: 3.4 ms]
      [Ref Enq: 0.2 ms]
      [Free CSet: 0.5 ms]
   [Eden: 184.0M(184.0M)->0.0B(180.0M) Survivors: 20.0M->24.0M Heap: 1172.0M(4096.0M)->1010.0M(4096.0M)]
 [Times: user=0.28 sys=0.00, real=0.14 secs] 
2016-08-30T14:37:49.871+0200: 3720.006: [GC pause (young), 0.1384020 secs]
   [Parallel Time: 131.6 ms, GC Workers: 2]
      [GC Worker Start (ms): Min: 3720007.5, Avg: 3720007.5, Max: 3720007.5, Diff: 0.0]
      [Ext Root Scanning (ms): Min: 49.7, Avg: 49.9, Max: 50.0, Diff: 0.3, Sum: 99.7]
      [Update RS (ms): Min: 35.3, Avg: 36.1, Max: 37.0, Diff: 1.7, Sum: 72.3]
         [Processed Buffers: Min: 350, Avg: 424.5, Max: 499, Diff: 149, Sum: 849]
      [Scan RS (ms): Min: 6.5, Avg: 7.0, Max: 7.5, Diff: 1.0, Sum: 14.0]
      [Code Root Scanning (ms): Min: 0.1, Avg: 0.1, Max: 0.1, Diff: 0.0, Sum: 0.1]
      [Object Copy (ms): Min: 38.1, Avg: 38.3, Max: 38.5, Diff: 0.4, Sum: 76.6]
      [Termination (ms): Min: 0.0, Avg: 0.0, Max: 0.0, Diff: 0.0, Sum: 0.0]
      [GC Worker Other (ms): Min: 0.1, Avg: 0.1, Max: 0.1, Diff: 0.0, Sum: 0.2]
      [GC Worker Total (ms): Min: 131.4, Avg: 131.4, Max: 131.5, Diff: 0.1, Sum: 262.9]
      [GC Worker End (ms): Min: 3720139.0, Avg: 3720139.0, Max: 3720139.0, Diff: 0.0]
   [Code Root Fixup: 0.4 ms]
   [Code Root Migration: 0.0 ms]
   [Clear CT: 0.4 ms]
   [Other: 6.0 ms]
      [Choose CSet: 0.0 ms]
      [Ref Proc: 2.4 ms]
      [Ref Enq: 0.2 ms]
      [Free CSet: 0.5 ms]
   [Eden: 180.0M(180.0M)->0.0B(186.0M) Survivors: 24.0M->18.0M Heap: 1190.0M(4096.0M)->1026.0M(4096.0M)]
 [Times: user=0.27 sys=0.00, real=0.14 secs] 
2016-08-30T14:37:56.892+0200: 3727.027: [GC pause (young), 0.1589330 secs]
   [Parallel Time: 152.2 ms, GC Workers: 2]
      [GC Worker Start (ms): Min: 3727028.1, Avg: 3727028.1, Max: 3727028.1, Diff: 0.0]
      [Ext Root Scanning (ms): Min: 71.2, Avg: 71.6, Max: 71.9, Diff: 0.8, Sum: 143.1]
      [Update RS (ms): Min: 38.0, Avg: 38.1, Max: 38.2, Diff: 0.1, Sum: 76.2]
         [Processed Buffers: Min: 365, Avg: 369.5, Max: 374, Diff: 9, Sum: 739]
      [Scan RS (ms): Min: 6.0, Avg: 6.4, Max: 6.8, Diff: 0.9, Sum: 12.8]
      [Code Root Scanning (ms): Min: 0.1, Avg: 0.1, Max: 0.1, Diff: 0.0, Sum: 0.1]
      [Object Copy (ms): Min: 35.8, Avg: 35.9, Max: 35.9, Diff: 0.1, Sum: 71.7]
      [Termination (ms): Min: 0.0, Avg: 0.0, Max: 0.0, Diff: 0.0, Sum: 0.0]
      [GC Worker Other (ms): Min: 0.1, Avg: 0.1, Max: 0.1, Diff: 0.1, Sum: 0.2]
      [GC Worker Total (ms): Min: 152.1, Avg: 152.1, Max: 152.1, Diff: 0.0, Sum: 304.2]
      [GC Worker End (ms): Min: 3727180.2, Avg: 3727180.2, Max: 3727180.2, Diff: 0.0]
   [Code Root Fixup: 0.5 ms]
   [Code Root Migration: 0.0 ms]
   [Clear CT: 0.4 ms]
   [Other: 5.9 ms]
      [Choose CSet: 0.0 ms]
      [Ref Proc: 2.1 ms]
      [Ref Enq: 0.2 ms]
      [Free CSet: 0.6 ms]
   [Eden: 186.0M(186.0M)->0.0B(184.0M) Survivors: 18.0M->20.0M Heap: 1212.0M(4096.0M)->1041.0M(4096.0M)]
 [Times: user=0.27 sys=0.00, real=0.16 secs] 
2016-08-30T14:38:05.355+0200: 3735.489: [GC pause (young), 0.1358940 secs]
   [Parallel Time: 129.3 ms, GC Workers: 2]
      [GC Worker Start (ms): Min: 3735490.8, Avg: 3735490.8, Max: 3735490.8, Diff: 0.0]
      [Ext Root Scanning (ms): Min: 48.5, Avg: 49.3, Max: 50.1, Diff: 1.6, Sum: 98.7]
      [Update RS (ms): Min: 36.8, Avg: 37.3, Max: 37.7, Diff: 0.9, Sum: 74.5]
         [Processed Buffers: Min: 348, Avg: 372.0, Max: 396, Diff: 48, Sum: 744]
      [Scan RS (ms): Min: 6.2, Avg: 6.2, Max: 6.2, Diff: 0.0, Sum: 12.4]
      [Code Root Scanning (ms): Min: 0.1, Avg: 0.1, Max: 0.1, Diff: 0.0, Sum: 0.1]
      [Object Copy (ms): Min: 35.9, Avg: 36.3, Max: 36.7, Diff: 0.8, Sum: 72.6]
      [Termination (ms): Min: 0.0, Avg: 0.0, Max: 0.0, Diff: 0.0, Sum: 0.0]
      [GC Worker Other (ms): Min: 0.1, Avg: 0.1, Max: 0.1, Diff: 0.1, Sum: 0.2]
      [GC Worker Total (ms): Min: 129.3, Avg: 129.3, Max: 129.3, Diff: 0.0, Sum: 258.5]
      [GC Worker End (ms): Min: 3735620.1, Avg: 3735620.1, Max: 3735620.1, Diff: 0.0]
   [Code Root Fixup: 0.4 ms]
   [Code Root Migration: 0.0 ms]
   [Clear CT: 0.5 ms]
   [Other: 5.7 ms]
      [Choose CSet: 0.0 ms]
      [Ref Proc: 2.1 ms]
      [Ref Enq: 0.2 ms]
      [Free CSet: 0.5 ms]
   [Eden: 184.0M(184.0M)->0.0B(184.0M) Survivors: 20.0M->20.0M Heap: 1225.0M(4096.0M)->1055.0M(4096.0M)]
 [Times: user=0.27 sys=0.01, real=0.14 secs] 
2016-08-30T14:38:11.739+0200: 3741.874: [GC pause (young), 0.1418800 secs]
   [Parallel Time: 134.4 ms, GC Workers: 2]
      [GC Worker Start (ms): Min: 3741875.2, Avg: 3741875.2, Max: 3741875.2, Diff: 0.0]
      [Ext Root Scanning (ms): Min: 50.7, Avg: 51.3, Max: 51.9, Diff: 1.1, Sum: 102.6]
      [Update RS (ms): Min: 37.2, Avg: 37.6, Max: 38.0, Diff: 0.8, Sum: 75.1]
         [Processed Buffers: Min: 345, Avg: 370.0, Max: 395, Diff: 50, Sum: 740]
      [Scan RS (ms): Min: 6.0, Avg: 6.3, Max: 6.5, Diff: 0.6, Sum: 12.5]
      [Code Root Scanning (ms): Min: 0.1, Avg: 0.1, Max: 0.1, Diff: 0.0, Sum: 0.1]
      [Object Copy (ms): Min: 38.6, Avg: 39.0, Max: 39.5, Diff: 0.9, Sum: 78.1]
      [Termination (ms): Min: 0.0, Avg: 0.0, Max: 0.0, Diff: 0.0, Sum: 0.0]
      [GC Worker Other (ms): Min: 0.1, Avg: 0.1, Max: 0.2, Diff: 0.0, Sum: 0.3]
      [GC Worker Total (ms): Min: 134.3, Avg: 134.4, Max: 134.4, Diff: 0.0, Sum: 268.7]
      [GC Worker End (ms): Min: 3742009.5, Avg: 3742009.5, Max: 3742009.5, Diff: 0.0]
   [Code Root Fixup: 0.4 ms]
   [Code Root Migration: 0.0 ms]
   [Clear CT: 0.4 ms]
   [Other: 6.6 ms]
      [Choose CSet: 0.0 ms]
      [Ref Proc: 2.9 ms]
      [Ref Enq: 0.2 ms]
      [Free CSet: 0.5 ms]
   [Eden: 184.0M(184.0M)->0.0B(236.0M) Survivors: 20.0M->22.0M Heap: 1239.0M(4096.0M)->1073.0M(4096.0M)]
 [Times: user=0.27 sys=0.00, real=0.15 secs] 
2016-08-30T14:38:20.662+0200: 3750.796: [GC pause (young), 0.1569480 secs]
   [Parallel Time: 148.3 ms, GC Workers: 2]
      [GC Worker Start (ms): Min: 3750797.8, Avg: 3750797.8, Max: 3750797.8, Diff: 0.0]
      [Ext Root Scanning (ms): Min: 50.7, Avg: 51.0, Max: 51.4, Diff: 0.7, Sum: 102.0]
      [Update RS (ms): Min: 43.2, Avg: 44.2, Max: 45.1, Diff: 1.9, Sum: 88.3]
         [Processed Buffers: Min: 408, Avg: 444.0, Max: 480, Diff: 72, Sum: 888]
      [Scan RS (ms): Min: 7.1, Avg: 7.1, Max: 7.1, Diff: 0.0, Sum: 14.1]
      [Code Root Scanning (ms): Min: 0.1, Avg: 0.1, Max: 0.1, Diff: 0.0, Sum: 0.2]
      [Object Copy (ms): Min: 45.1, Avg: 45.8, Max: 46.4, Diff: 1.2, Sum: 91.5]
      [Termination (ms): Min: 0.0, Avg: 0.0, Max: 0.0, Diff: 0.0, Sum: 0.0]
      [GC Worker Other (ms): Min: 0.1, Avg: 0.1, Max: 0.2, Diff: 0.1, Sum: 0.3]
      [GC Worker Total (ms): Min: 148.2, Avg: 148.2, Max: 148.2, Diff: 0.0, Sum: 296.5]
      [GC Worker End (ms): Min: 3750946.0, Avg: 3750946.0, Max: 3750946.0, Diff: 0.0]
   [Code Root Fixup: 0.5 ms]
   [Code Root Migration: 0.0 ms]
   [Clear CT: 0.4 ms]
   [Other: 7.7 ms]
      [Choose CSet: 0.0 ms]
      [Ref Proc: 3.9 ms]
      [Ref Enq: 0.2 ms]
      [Free CSet: 0.5 ms]
   [Eden: 236.0M(236.0M)->0.0B(274.0M) Survivors: 22.0M->30.0M Heap: 1309.0M(4096.0M)->1099.0M(4096.0M)]
 [Times: user=0.30 sys=0.01, real=0.16 secs] 
2016-08-30T14:38:31.575+0200: 3761.709: [GC pause (young), 0.1567210 secs]
   [Parallel Time: 150.6 ms, GC Workers: 2]
      [GC Worker Start (ms): Min: 3761710.9, Avg: 3761710.9, Max: 3761710.9, Diff: 0.0]
      [Ext Root Scanning (ms): Min: 49.6, Avg: 50.7, Max: 51.7, Diff: 2.1, Sum: 101.4]
      [Update RS (ms): Min: 48.3, Avg: 48.6, Max: 48.9, Diff: 0.7, Sum: 97.2]
         [Processed Buffers: Min: 406, Avg: 439.5, Max: 473, Diff: 67, Sum: 879]
      [Scan RS (ms): Min: 7.2, Avg: 7.7, Max: 8.3, Diff: 1.1, Sum: 15.5]
      [Code Root Scanning (ms): Min: 0.0, Avg: 0.1, Max: 0.2, Diff: 0.2, Sum: 0.2]
      [Object Copy (ms): Min: 43.1, Avg: 43.2, Max: 43.3, Diff: 0.2, Sum: 86.4]
      [Termination (ms): Min: 0.0, Avg: 0.0, Max: 0.0, Diff: 0.0, Sum: 0.0]
      [GC Worker Other (ms): Min: 0.1, Avg: 0.2, Max: 0.2, Diff: 0.0, Sum: 0.3]
      [GC Worker Total (ms): Min: 150.5, Avg: 150.5, Max: 150.5, Diff: 0.0, Sum: 301.0]
      [GC Worker End (ms): Min: 3761861.4, Avg: 3761861.4, Max: 3761861.4, Diff: 0.0]
   [Code Root Fixup: 0.2 ms]
   [Code Root Migration: 0.1 ms]
   [Clear CT: 0.4 ms]
   [Other: 5.5 ms]
      [Choose CSet: 0.0 ms]
      [Ref Proc: 2.2 ms]
      [Ref Enq: 0.1 ms]
      [Free CSet: 0.5 ms]
   [Eden: 274.0M(274.0M)->0.0B(356.0M) Survivors: 30.0M->30.0M Heap: 1373.0M(4096.0M)->1122.0M(4096.0M)]
 [Times: user=0.31 sys=0.00, real=0.16 secs] 
2016-08-30T14:38:45.611+0200: 3775.745: [GC pause (young), 0.1818800 secs]
   [Parallel Time: 171.5 ms, GC Workers: 2]
      [GC Worker Start (ms): Min: 3775747.0, Avg: 3775747.0, Max: 3775747.0, Diff: 0.0]
      [Ext Root Scanning (ms): Min: 50.5, Avg: 51.7, Max: 52.9, Diff: 2.4, Sum: 103.4]
      [Update RS (ms): Min: 49.5, Avg: 50.0, Max: 50.5, Diff: 1.0, Sum: 100.0]
         [Processed Buffers: Min: 407, Avg: 447.5, Max: 488, Diff: 81, Sum: 895]
      [Scan RS (ms): Min: 9.3, Avg: 10.0, Max: 10.7, Diff: 1.4, Sum: 20.0]
      [Code Root Scanning (ms): Min: 0.1, Avg: 0.1, Max: 0.1, Diff: 0.0, Sum: 0.2]
      [Object Copy (ms): Min: 59.3, Avg: 59.3, Max: 59.4, Diff: 0.1, Sum: 118.7]
      [Termination (ms): Min: 0.0, Avg: 0.0, Max: 0.0, Diff: 0.0, Sum: 0.0]
      [GC Worker Other (ms): Min: 0.1, Avg: 0.2, Max: 0.2, Diff: 0.0, Sum: 0.3]
      [GC Worker Total (ms): Min: 171.3, Avg: 171.3, Max: 171.3, Diff: 0.0, Sum: 342.6]
      [GC Worker End (ms): Min: 3775918.3, Avg: 3775918.3, Max: 3775918.3, Diff: 0.0]
   [Code Root Fixup: 0.4 ms]
   [Code Root Migration: 0.1 ms]
   [Clear CT: 0.5 ms]
   [Other: 9.5 ms]
      [Choose CSet: 0.0 ms]
      [Ref Proc: 4.9 ms]
      [Ref Enq: 0.3 ms]
      [Free CSet: 1.0 ms]
   [Eden: 356.0M(356.0M)->0.0B(302.0M) Survivors: 30.0M->46.0M Heap: 1478.0M(4096.0M)->1155.0M(4096.0M)]
 [Times: user=0.35 sys=0.00, real=0.18 secs] 
2016-08-30T14:38:58.816+0200: 3788.951: [GC pause (young), 0.1556800 secs]
   [Parallel Time: 148.9 ms, GC Workers: 2]
      [GC Worker Start (ms): Min: 3788952.5, Avg: 3788952.5, Max: 3788952.5, Diff: 0.0]
      [Ext Root Scanning (ms): Min: 50.5, Avg: 50.5, Max: 50.6, Diff: 0.1, Sum: 101.0]
      [Update RS (ms): Min: 43.6, Avg: 43.8, Max: 44.0, Diff: 0.4, Sum: 87.6]
         [Processed Buffers: Min: 378, Avg: 381.5, Max: 385, Diff: 7, Sum: 763]
      [Scan RS (ms): Min: 11.2, Avg: 11.4, Max: 11.6, Diff: 0.4, Sum: 22.8]
      [Code Root Scanning (ms): Min: 0.1, Avg: 0.1, Max: 0.1, Diff: 0.0, Sum: 0.2]
      [Object Copy (ms): Min: 42.8, Avg: 42.9, Max: 43.0, Diff: 0.1, Sum: 85.8]
      [Termination (ms): Min: 0.0, Avg: 0.0, Max: 0.0, Diff: 0.0, Sum: 0.0]
      [GC Worker Other (ms): Min: 0.1, Avg: 0.1, Max: 0.2, Diff: 0.0, Sum: 0.3]
      [GC Worker Total (ms): Min: 148.8, Avg: 148.9, Max: 148.9, Diff: 0.0, Sum: 297.7]
      [GC Worker End (ms): Min: 3789101.4, Avg: 3789101.4, Max: 3789101.4, Diff: 0.0]
   [Code Root Fixup: 0.2 ms]
   [Code Root Migration: 0.0 ms]
   [Clear CT: 0.4 ms]
   [Other: 6.1 ms]
      [Choose CSet: 0.0 ms]
      [Ref Proc: 2.3 ms]
      [Ref Enq: 0.1 ms]
      [Free CSet: 0.7 ms]
   [Eden: 302.0M(302.0M)->0.0B(544.0M) Survivors: 46.0M->26.0M Heap: 1457.0M(4096.0M)->1166.0M(4096.0M)]
 [Times: user=0.30 sys=0.00, real=0.16 secs] 
2016-08-30T14:39:23.606+0200: 3813.740: [GC pause (young), 0.1988090 secs]
   [Parallel Time: 185.9 ms, GC Workers: 2]
      [GC Worker Start (ms): Min: 3813741.8, Avg: 3813741.8, Max: 3813741.8, Diff: 0.0]
      [Ext Root Scanning (ms): Min: 49.6, Avg: 50.3, Max: 51.0, Diff: 1.4, Sum: 100.5]
      [Update RS (ms): Min: 55.9, Avg: 56.6, Max: 57.3, Diff: 1.4, Sum: 113.3]
         [Processed Buffers: Min: 336, Avg: 374.5, Max: 413, Diff: 77, Sum: 749]
      [Scan RS (ms): Min: 12.2, Avg: 12.8, Max: 13.4, Diff: 1.1, Sum: 25.6]
      [Code Root Scanning (ms): Min: 0.2, Avg: 0.2, Max: 0.2, Diff: 0.1, Sum: 0.4]
      [Object Copy (ms): Min: 65.2, Avg: 65.8, Max: 66.3, Diff: 1.1, Sum: 131.5]
      [Termination (ms): Min: 0.0, Avg: 0.0, Max: 0.0, Diff: 0.0, Sum: 0.0]
      [GC Worker Other (ms): Min: 0.1, Avg: 0.2, Max: 0.2, Diff: 0.0, Sum: 0.3]
      [GC Worker Total (ms): Min: 185.8, Avg: 185.8, Max: 185.8, Diff: 0.0, Sum: 371.6]
      [GC Worker End (ms): Min: 3813927.6, Avg: 3813927.6, Max: 3813927.6, Diff: 0.0]
   [Code Root Fixup: 0.4 ms]
   [Code Root Migration: 0.2 ms]
   [Clear CT: 0.6 ms]
   [Other: 11.7 ms]
      [Choose CSet: 0.0 ms]
      [Ref Proc: 6.5 ms]
      [Ref Enq: 0.6 ms]
      [Free CSet: 1.5 ms]
   [Eden: 544.0M(544.0M)->0.0B(328.0M) Survivors: 26.0M->62.0M Heap: 1710.0M(4096.0M)->1202.0M(4096.0M)]
 [Times: user=0.38 sys=0.01, real=0.20 secs] 
2016-08-30T14:39:38.392+0200: 3828.526: [GC pause (young), 0.1568320 secs]
   [Parallel Time: 148.8 ms, GC Workers: 2]
      [GC Worker Start (ms): Min: 3828527.2, Avg: 3828527.3, Max: 3828527.3, Diff: 0.0]
      [Ext Root Scanning (ms): Min: 27.7, Avg: 34.1, Max: 40.6, Diff: 12.9, Sum: 68.3]
      [Update RS (ms): Min: 33.3, Avg: 39.2, Max: 45.1, Diff: 11.8, Sum: 78.5]
         [Processed Buffers: Min: 116, Avg: 366.0, Max: 616, Diff: 500, Sum: 732]
      [Scan RS (ms): Min: 17.5, Avg: 17.5, Max: 17.6, Diff: 0.0, Sum: 35.1]
      [Code Root Scanning (ms): Min: 0.0, Avg: 0.1, Max: 0.1, Diff: 0.0, Sum: 0.1]
      [Object Copy (ms): Min: 57.2, Avg: 57.7, Max: 58.3, Diff: 1.1, Sum: 115.4]
      [Termination (ms): Min: 0.0, Avg: 0.0, Max: 0.0, Diff: 0.0, Sum: 0.0]
      [GC Worker Other (ms): Min: 0.1, Avg: 0.1, Max: 0.1, Diff: 0.0, Sum: 0.2]
      [GC Worker Total (ms): Min: 148.8, Avg: 148.8, Max: 148.8, Diff: 0.0, Sum: 297.6]
      [GC Worker End (ms): Min: 3828676.0, Avg: 3828676.0, Max: 3828676.0, Diff: 0.0]
   [Code Root Fixup: 0.2 ms]
   [Code Root Migration: 0.0 ms]
   [Clear CT: 0.3 ms]
   [Other: 7.5 ms]
      [Choose CSet: 0.0 ms]
      [Ref Proc: 5.0 ms]
      [Ref Enq: 0.1 ms]
      [Free CSet: 0.5 ms]
   [Eden: 328.0M(328.0M)->0.0B(408.0M) Survivors: 62.0M->42.0M Heap: 1530.0M(4096.0M)->1221.0M(4096.0M)]
 [Times: user=0.18 sys=0.00, real=0.16 secs] 
2016-08-30T14:39:54.343+0200: 3844.477: [GC pause (young), 0.1917160 secs]
   [Parallel Time: 180.7 ms, GC Workers: 2]
      [GC Worker Start (ms): Min: 3844478.9, Avg: 3844478.9, Max: 3844478.9, Diff: 0.0]
      [Ext Root Scanning (ms): Min: 50.0, Avg: 50.6, Max: 51.1, Diff: 1.1, Sum: 101.1]
      [Update RS (ms): Min: 49.0, Avg: 49.6, Max: 50.2, Diff: 1.2, Sum: 99.3]
         [Processed Buffers: Min: 394, Avg: 398.5, Max: 403, Diff: 9, Sum: 797]
      [Scan RS (ms): Min: 11.4, Avg: 11.6, Max: 11.7, Diff: 0.2, Sum: 23.1]
      [Code Root Scanning (ms): Min: 0.1, Avg: 0.1, Max: 0.2, Diff: 0.1, Sum: 0.3]
      [Object Copy (ms): Min: 68.4, Avg: 68.5, Max: 68.6, Diff: 0.2, Sum: 137.1]
      [Termination (ms): Min: 0.0, Avg: 0.0, Max: 0.0, Diff: 0.0, Sum: 0.0]
      [GC Worker Other (ms): Min: 0.1, Avg: 0.2, Max: 0.2, Diff: 0.0, Sum: 0.3]
      [GC Worker Total (ms): Min: 180.6, Avg: 180.6, Max: 180.6, Diff: 0.0, Sum: 361.2]
      [GC Worker End (ms): Min: 3844659.5, Avg: 3844659.5, Max: 3844659.5, Diff: 0.0]
   [Code Root Fixup: 0.6 ms]
   [Code Root Migration: 0.1 ms]
   [Clear CT: 0.5 ms]
   [Other: 9.8 ms]
      [Choose CSet: 0.0 ms]
      [Ref Proc: 5.1 ms]
      [Ref Enq: 0.4 ms]
      [Free CSet: 1.2 ms]
   [Eden: 408.0M(408.0M)->0.0B(374.0M) Survivors: 42.0M->40.0M Heap: 1629.0M(4096.0M)->1245.0M(4096.0M)]
 [Times: user=0.36 sys=0.00, real=0.19 secs] 
2016-08-30T14:40:11.479+0200: 3861.614: [GC pause (young), 0.2058360 secs]
   [Parallel Time: 195.4 ms, GC Workers: 2]
      [GC Worker Start (ms): Min: 3861615.5, Avg: 3861616.9, Max: 3861618.4, Diff: 2.9]
      [Ext Root Scanning (ms): Min: 62.1, Avg: 63.3, Max: 64.5, Diff: 2.4, Sum: 126.6]
      [Update RS (ms): Min: 50.9, Avg: 53.0, Max: 55.0, Diff: 4.0, Sum: 105.9]
         [Processed Buffers: Min: 391, Avg: 410.5, Max: 430, Diff: 39, Sum: 821]
      [Scan RS (ms): Min: 12.3, Avg: 12.3, Max: 12.3, Diff: 0.0, Sum: 24.6]
      [Code Root Scanning (ms): Min: 0.1, Avg: 0.1, Max: 0.2, Diff: 0.1, Sum: 0.3]
      [Object Copy (ms): Min: 64.3, Avg: 65.0, Max: 65.7, Diff: 1.4, Sum: 130.0]
      [Termination (ms): Min: 0.0, Avg: 0.0, Max: 0.0, Diff: 0.0, Sum: 0.0]
      [GC Worker Other (ms): Min: 0.1, Avg: 0.2, Max: 0.2, Diff: 0.1, Sum: 0.3]
      [GC Worker Total (ms): Min: 192.4, Avg: 193.9, Max: 195.3, Diff: 2.9, Sum: 387.7]
      [GC Worker End (ms): Min: 3861810.8, Avg: 3861810.8, Max: 3861810.8, Diff: 0.0]
   [Code Root Fixup: 0.4 ms]
   [Code Root Migration: 0.1 ms]
   [Clear CT: 0.5 ms]
   [Other: 9.5 ms]
      [Choose CSet: 0.0 ms]
      [Ref Proc: 4.6 ms]
      [Ref Enq: 0.4 ms]
      [Free CSet: 1.0 ms]
   [Eden: 374.0M(374.0M)->0.0B(274.0M) Survivors: 40.0M->42.0M Heap: 1619.0M(4096.0M)->1270.0M(4096.0M)]
 [Times: user=0.38 sys=0.00, real=0.21 secs] 
2016-08-30T14:40:23.425+0200: 3873.559: [GC pause (young), 0.1696200 secs]
   [Parallel Time: 160.0 ms, GC Workers: 2]
      [GC Worker Start (ms): Min: 3873560.6, Avg: 3873562.3, Max: 3873564.0, Diff: 3.4]
      [Ext Root Scanning (ms): Min: 57.9, Avg: 61.3, Max: 64.7, Diff: 6.9, Sum: 122.6]
      [Update RS (ms): Min: 40.8, Avg: 41.3, Max: 41.8, Diff: 1.0, Sum: 82.6]
         [Processed Buffers: Min: 140, Avg: 385.0, Max: 630, Diff: 490, Sum: 770]
      [Scan RS (ms): Min: 3.3, Avg: 6.6, Max: 10.0, Diff: 6.8, Sum: 13.3]
      [Code Root Scanning (ms): Min: 0.0, Avg: 0.0, Max: 0.1, Diff: 0.1, Sum: 0.1]
      [Object Copy (ms): Min: 47.6, Avg: 48.8, Max: 50.0, Diff: 2.4, Sum: 97.7]
      [Termination (ms): Min: 0.0, Avg: 0.0, Max: 0.0, Diff: 0.0, Sum: 0.0]
      [GC Worker Other (ms): Min: 0.1, Avg: 0.1, Max: 0.1, Diff: 0.0, Sum: 0.2]
      [GC Worker Total (ms): Min: 156.6, Avg: 158.2, Max: 159.9, Diff: 3.4, Sum: 316.5]
      [GC Worker End (ms): Min: 3873720.5, Avg: 3873720.5, Max: 3873720.5, Diff: 0.0]
   [Code Root Fixup: 0.2 ms]
   [Code Root Migration: 0.0 ms]
   [Clear CT: 0.3 ms]
   [Other: 9.1 ms]
      [Choose CSet: 0.0 ms]
      [Ref Proc: 6.1 ms]
      [Ref Enq: 0.1 ms]
      [Free CSet: 0.5 ms]
   [Eden: 274.0M(274.0M)->0.0B(388.0M) Survivors: 42.0M->28.0M Heap: 1544.0M(4096.0M)->1284.0M(4096.0M)]
 [Times: user=0.21 sys=0.00, real=0.17 secs] 
2016-08-30T14:40:39.586+0200: 3889.720: [GC pause (young), 0.1768670 secs]
   [Parallel Time: 166.7 ms, GC Workers: 2]
      [GC Worker Start (ms): Min: 3889721.8, Avg: 3889721.8, Max: 3889721.8, Diff: 0.0]
      [Ext Root Scanning (ms): Min: 49.8, Avg: 50.4, Max: 51.1, Diff: 1.3, Sum: 100.9]
      [Update RS (ms): Min: 51.7, Avg: 51.8, Max: 52.0, Diff: 0.4, Sum: 103.7]
         [Processed Buffers: Min: 395, Avg: 405.5, Max: 416, Diff: 21, Sum: 811]
      [Scan RS (ms): Min: 10.2, Avg: 10.9, Max: 11.6, Diff: 1.4, Sum: 21.8]
      [Code Root Scanning (ms): Min: 0.1, Avg: 0.1, Max: 0.2, Diff: 0.1, Sum: 0.3]
      [Object Copy (ms): Min: 53.0, Avg: 53.2, Max: 53.4, Diff: 0.4, Sum: 106.4]
      [Termination (ms): Min: 0.0, Avg: 0.0, Max: 0.0, Diff: 0.0, Sum: 0.0]
      [GC Worker Other (ms): Min: 0.1, Avg: 0.1, Max: 0.2, Diff: 0.1, Sum: 0.2]
      [GC Worker Total (ms): Min: 166.6, Avg: 166.6, Max: 166.6, Diff: 0.0, Sum: 333.3]
      [GC Worker End (ms): Min: 3889888.4, Avg: 3889888.4, Max: 3889888.4, Diff: 0.0]
   [Code Root Fixup: 0.4 ms]
   [Code Root Migration: 0.1 ms]
   [Clear CT: 0.6 ms]
   [Other: 9.0 ms]
      [Choose CSet: 0.0 ms]
      [Ref Proc: 4.7 ms]
      [Ref Enq: 0.3 ms]
      [Free CSet: 1.1 ms]
   [Eden: 388.0M(388.0M)->0.0B(318.0M) Survivors: 28.0M->48.0M Heap: 1672.0M(4096.0M)->1304.0M(4096.0M)]
 [Times: user=0.34 sys=0.00, real=0.17 secs] 
2016-08-30T14:40:52.955+0200: 3903.089: [GC pause (young), 0.1849100 secs]
   [Parallel Time: 176.3 ms, GC Workers: 2]
      [GC Worker Start (ms): Min: 3903090.6, Avg: 3903092.3, Max: 3903094.0, Diff: 3.4]
      [Ext Root Scanning (ms): Min: 48.7, Avg: 50.9, Max: 53.0, Diff: 4.3, Sum: 101.7]
      [Update RS (ms): Min: 41.1, Avg: 43.1, Max: 45.1, Diff: 4.0, Sum: 86.2]
         [Processed Buffers: Min: 340, Avg: 363.0, Max: 386, Diff: 46, Sum: 726]
      [Scan RS (ms): Min: 14.1, Avg: 14.9, Max: 15.6, Diff: 1.5, Sum: 29.7]
      [Code Root Scanning (ms): Min: 0.1, Avg: 0.1, Max: 0.2, Diff: 0.1, Sum: 0.2]
      [Object Copy (ms): Min: 64.7, Avg: 65.4, Max: 66.1, Diff: 1.5, Sum: 130.8]
      [Termination (ms): Min: 0.0, Avg: 0.0, Max: 0.0, Diff: 0.0, Sum: 0.0]
      [GC Worker Other (ms): Min: 0.1, Avg: 0.2, Max: 0.2, Diff: 0.0, Sum: 0.3]
      [GC Worker Total (ms): Min: 172.8, Avg: 174.5, Max: 176.2, Diff: 3.4, Sum: 349.0]
      [GC Worker End (ms): Min: 3903266.8, Avg: 3903266.8, Max: 3903266.8, Diff: 0.0]
   [Code Root Fixup: 0.3 ms]
   [Code Root Migration: 0.1 ms]
   [Clear CT: 0.5 ms]
   [Other: 7.7 ms]
      [Choose CSet: 0.0 ms]
      [Ref Proc: 3.5 ms]
      [Ref Enq: 0.3 ms]
      [Free CSet: 0.9 ms]
   [Eden: 318.0M(318.0M)->0.0B(372.0M) Survivors: 48.0M->30.0M Heap: 1622.0M(4096.0M)->1321.0M(4096.0M)]
 [Times: user=0.36 sys=0.00, real=0.19 secs] 
2016-08-30T14:41:10.145+0200: 3920.280: [GC pause (young), 0.1679280 secs]
   [Parallel Time: 158.2 ms, GC Workers: 2]
      [GC Worker Start (ms): Min: 3920281.3, Avg: 3920281.4, Max: 3920281.4, Diff: 0.0]
      [Ext Root Scanning (ms): Min: 50.5, Avg: 50.7, Max: 50.9, Diff: 0.5, Sum: 101.4]
      [Update RS (ms): Min: 42.1, Avg: 42.7, Max: 43.2, Diff: 1.1, Sum: 85.3]
         [Processed Buffers: Min: 356, Avg: 362.0, Max: 368, Diff: 12, Sum: 724]
      [Scan RS (ms): Min: 10.0, Avg: 10.6, Max: 11.1, Diff: 1.1, Sum: 21.1]
      [Code Root Scanning (ms): Min: 0.1, Avg: 0.1, Max: 0.2, Diff: 0.1, Sum: 0.3]
      [Object Copy (ms): Min: 53.6, Avg: 53.7, Max: 53.7, Diff: 0.1, Sum: 107.3]
      [Termination (ms): Min: 0.0, Avg: 0.0, Max: 0.0, Diff: 0.0, Sum: 0.0]
      [GC Worker Other (ms): Min: 0.1, Avg: 0.3, Max: 0.5, Diff: 0.4, Sum: 0.6]
      [GC Worker Total (ms): Min: 158.1, Avg: 158.1, Max: 158.1, Diff: 0.0, Sum: 316.1]
      [GC Worker End (ms): Min: 3920439.4, Avg: 3920439.4, Max: 3920439.4, Diff: 0.0]
   [Code Root Fixup: 0.4 ms]
   [Code Root Migration: 0.1 ms]
   [Clear CT: 0.5 ms]
   [Other: 8.8 ms]
      [Choose CSet: 0.0 ms]
      [Ref Proc: 4.2 ms]
      [Ref Enq: 0.3 ms]
      [Free CSet: 1.1 ms]
   [Eden: 372.0M(372.0M)->0.0B(388.0M) Survivors: 30.0M->38.0M Heap: 1693.0M(4096.0M)->1346.0M(4096.0M)]
 [Times: user=0.33 sys=0.00, real=0.17 secs] 
2016-08-30T14:41:25.226+0200: 3935.361: [GC pause (young), 0.1736990 secs]
   [Parallel Time: 163.8 ms, GC Workers: 2]
      [GC Worker Start (ms): Min: 3935362.3, Avg: 3935362.3, Max: 3935362.3, Diff: 0.0]
      [Ext Root Scanning (ms): Min: 48.5, Avg: 49.2, Max: 49.8, Diff: 1.4, Sum: 98.3]
      [Update RS (ms): Min: 44.5, Avg: 45.2, Max: 45.9, Diff: 1.4, Sum: 90.4]
         [Processed Buffers: Min: 326, Avg: 355.5, Max: 385, Diff: 59, Sum: 711]
      [Scan RS (ms): Min: 11.5, Avg: 12.1, Max: 12.7, Diff: 1.2, Sum: 24.3]
      [Code Root Scanning (ms): Min: 0.2, Avg: 0.2, Max: 0.2, Diff: 0.0, Sum: 0.3]
      [Object Copy (ms): Min: 56.3, Avg: 56.9, Max: 57.5, Diff: 1.2, Sum: 113.7]
      [Termination (ms): Min: 0.0, Avg: 0.0, Max: 0.0, Diff: 0.0, Sum: 0.0]
      [GC Worker Other (ms): Min: 0.1, Avg: 0.2, Max: 0.2, Diff: 0.0, Sum: 0.3]
      [GC Worker Total (ms): Min: 163.7, Avg: 163.7, Max: 163.7, Diff: 0.1, Sum: 327.4]
      [GC Worker End (ms): Min: 3935526.0, Avg: 3935526.0, Max: 3935526.0, Diff: 0.0]
   [Code Root Fixup: 0.5 ms]
   [Code Root Migration: 0.1 ms]
   [Clear CT: 0.6 ms]
   [Other: 8.7 ms]
      [Choose CSet: 0.0 ms]
      [Ref Proc: 4.2 ms]
      [Ref Enq: 0.3 ms]
      [Free CSet: 1.1 ms]
   [Eden: 388.0M(388.0M)->0.0B(472.0M) Survivors: 38.0M->32.0M Heap: 1734.0M(4096.0M)->1365.0M(4096.0M)]
 [Times: user=0.34 sys=0.00, real=0.18 secs] 
2016-08-30T14:41:45.396+0200: 3955.530: [GC pause (young), 0.1975690 secs]
   [Parallel Time: 188.8 ms, GC Workers: 2]
      [GC Worker Start (ms): Min: 3955531.9, Avg: 3955531.9, Max: 3955532.0, Diff: 0.0]
      [Ext Root Scanning (ms): Min: 49.7, Avg: 49.9, Max: 50.1, Diff: 0.4, Sum: 99.8]
      [Update RS (ms): Min: 61.3, Avg: 62.6, Max: 64.0, Diff: 2.7, Sum: 125.3]
         [Processed Buffers: Min: 421, Avg: 442.0, Max: 463, Diff: 42, Sum: 884]
      [Scan RS (ms): Min: 13.2, Avg: 14.4, Max: 15.6, Diff: 2.4, Sum: 28.8]
      [Code Root Scanning (ms): Min: 0.1, Avg: 0.2, Max: 0.2, Diff: 0.1, Sum: 0.3]
      [Object Copy (ms): Min: 61.3, Avg: 61.3, Max: 61.4, Diff: 0.1, Sum: 122.7]
      [Termination (ms): Min: 0.0, Avg: 0.0, Max: 0.0, Diff: 0.0, Sum: 0.0]
      [GC Worker Other (ms): Min: 0.2, Avg: 0.2, Max: 0.2, Diff: 0.1, Sum: 0.4]
      [GC Worker Total (ms): Min: 188.6, Avg: 188.6, Max: 188.6, Diff: 0.0, Sum: 377.3]
      [GC Worker End (ms): Min: 3955720.6, Avg: 3955720.6, Max: 3955720.6, Diff: 0.0]
   [Code Root Fixup: 0.3 ms]
   [Code Root Migration: 0.1 ms]
   [Clear CT: 0.4 ms]
   [Other: 8.0 ms]
      [Choose CSet: 0.0 ms]
      [Ref Proc: 4.1 ms]
      [Ref Enq: 0.2 ms]
      [Free CSet: 0.9 ms]
   [Eden: 472.0M(472.0M)->0.0B(340.0M) Survivors: 32.0M->64.0M Heap: 1837.0M(4096.0M)->1405.0M(4096.0M)]
 [Times: user=0.37 sys=0.01, real=0.20 secs] 
2016-08-30T14:41:57.080+0200: 3967.215: [GC pause (young), 0.2579100 secs]
   [Parallel Time: 249.0 ms, GC Workers: 2]
      [GC Worker Start (ms): Min: 3967216.4, Avg: 3967216.4, Max: 3967216.4, Diff: 0.0]
      [Ext Root Scanning (ms): Min: 49.6, Avg: 49.9, Max: 50.3, Diff: 0.6, Sum: 99.9]
      [Update RS (ms): Min: 39.3, Avg: 40.0, Max: 40.6, Diff: 1.3, Sum: 79.9]
         [Processed Buffers: Min: 397, Avg: 427.5, Max: 458, Diff: 61, Sum: 855]
      [Scan RS (ms): Min: 21.5, Avg: 21.9, Max: 22.3, Diff: 0.7, Sum: 43.8]
      [Code Root Scanning (ms): Min: 0.1, Avg: 0.1, Max: 0.2, Diff: 0.1, Sum: 0.3]
      [Object Copy (ms): Min: 136.1, Avg: 136.7, Max: 137.3, Diff: 1.2, Sum: 273.5]
      [Termination (ms): Min: 0.0, Avg: 0.0, Max: 0.0, Diff: 0.0, Sum: 0.0]
      [GC Worker Other (ms): Min: 0.2, Avg: 0.2, Max: 0.2, Diff: 0.0, Sum: 0.4]
      [GC Worker Total (ms): Min: 248.9, Avg: 248.9, Max: 248.9, Diff: 0.0, Sum: 497.8]
      [GC Worker End (ms): Min: 3967465.3, Avg: 3967465.3, Max: 3967465.3, Diff: 0.0]
   [Code Root Fixup: 0.4 ms]
   [Code Root Migration: 0.1 ms]
   [Clear CT: 0.5 ms]
   [Other: 8.0 ms]
      [Choose CSet: 0.0 ms]
      [Ref Proc: 3.2 ms]
      [Ref Enq: 0.2 ms]
      [Free CSet: 1.0 ms]
   [Eden: 264.0M(200.0M)->0.0B(284.0M) Survivors: 64.0M->24.0M Heap: 1669.0M(4096.0M)->1420.0M(4096.0M)]
 [Times: user=0.43 sys=0.00, real=0.26 secs] 
2016-08-30T14:42:09.625+0200: 3979.759: [GC pause (young), 0.1625180 secs]
   [Parallel Time: 153.9 ms, GC Workers: 2]
      [GC Worker Start (ms): Min: 3979761.1, Avg: 3979761.1, Max: 3979761.2, Diff: 0.0]
      [Ext Root Scanning (ms): Min: 50.6, Avg: 50.8, Max: 51.1, Diff: 0.5, Sum: 101.7]
      [Update RS (ms): Min: 45.9, Avg: 46.4, Max: 46.9, Diff: 1.1, Sum: 92.8]
         [Processed Buffers: Min: 381, Avg: 406.0, Max: 431, Diff: 50, Sum: 812]
      [Scan RS (ms): Min: 8.4, Avg: 9.2, Max: 10.0, Diff: 1.6, Sum: 18.4]
      [Code Root Scanning (ms): Min: 0.1, Avg: 0.1, Max: 0.1, Diff: 0.0, Sum: 0.2]
      [Object Copy (ms): Min: 46.6, Avg: 47.1, Max: 47.7, Diff: 1.1, Sum: 94.3]
      [Termination (ms): Min: 0.0, Avg: 0.0, Max: 0.0, Diff: 0.0, Sum: 0.0]
      [GC Worker Other (ms): Min: 0.1, Avg: 0.2, Max: 0.2, Diff: 0.1, Sum: 0.4]
      [GC Worker Total (ms): Min: 153.8, Avg: 153.8, Max: 153.9, Diff: 0.0, Sum: 307.7]
      [GC Worker End (ms): Min: 3979915.0, Avg: 3979915.0, Max: 3979915.0, Diff: 0.0]
   [Code Root Fixup: 0.5 ms]
   [Code Root Migration: 0.1 ms]
   [Clear CT: 0.5 ms]
   [Other: 7.6 ms]
      [Choose CSet: 0.0 ms]
      [Ref Proc: 3.6 ms]
      [Ref Enq: 0.2 ms]
      [Free CSet: 0.7 ms]
   [Eden: 284.0M(284.0M)->0.0B(244.0M) Survivors: 24.0M->40.0M Heap: 1704.0M(4096.0M)->1439.0M(4096.0M)]
 [Times: user=0.32 sys=0.01, real=0.17 secs] 
2016-08-30T14:42:17.851+0200: 3987.985: [GC pause (young), 0.1788770 secs]
   [Parallel Time: 170.8 ms, GC Workers: 2]
      [GC Worker Start (ms): Min: 3987987.0, Avg: 3987987.0, Max: 3987987.0, Diff: 0.0]
      [Ext Root Scanning (ms): Min: 52.9, Avg: 53.0, Max: 53.1, Diff: 0.3, Sum: 106.0]
      [Update RS (ms): Min: 43.3, Avg: 43.6, Max: 43.8, Diff: 0.4, Sum: 87.1]
         [Processed Buffers: Min: 391, Avg: 416.5, Max: 442, Diff: 51, Sum: 833]
      [Scan RS (ms): Min: 11.7, Avg: 11.8, Max: 11.8, Diff: 0.1, Sum: 23.5]
      [Code Root Scanning (ms): Min: 0.1, Avg: 0.1, Max: 0.1, Diff: 0.1, Sum: 0.2]
      [Object Copy (ms): Min: 61.7, Avg: 62.1, Max: 62.4, Diff: 0.8, Sum: 124.1]
      [Termination (ms): Min: 0.0, Avg: 0.0, Max: 0.0, Diff: 0.0, Sum: 0.0]
      [GC Worker Other (ms): Min: 0.1, Avg: 0.2, Max: 0.2, Diff: 0.1, Sum: 0.3]
      [GC Worker Total (ms): Min: 170.7, Avg: 170.7, Max: 170.7, Diff: 0.0, Sum: 341.4]
      [GC Worker End (ms): Min: 3988157.7, Avg: 3988157.7, Max: 3988157.7, Diff: 0.0]
   [Code Root Fixup: 0.5 ms]
   [Code Root Migration: 0.0 ms]
   [Clear CT: 0.5 ms]
   [Other: 7.1 ms]
      [Choose CSet: 0.0 ms]
      [Ref Proc: 3.0 ms]
      [Ref Enq: 0.3 ms]
      [Free CSet: 0.6 ms]
   [Eden: 244.0M(244.0M)->0.0B(312.0M) Survivors: 40.0M->30.0M Heap: 1683.0M(4096.0M)->1465.0M(4096.0M)]
 [Times: user=0.34 sys=0.00, real=0.18 secs] 
2016-08-30T14:42:30.909+0200: 4001.044: [GC pause (young), 0.1591500 secs]
   [Parallel Time: 152.9 ms, GC Workers: 2]
      [GC Worker Start (ms): Min: 4001045.5, Avg: 4001045.5, Max: 4001045.6, Diff: 0.0]
      [Ext Root Scanning (ms): Min: 49.4, Avg: 49.6, Max: 49.9, Diff: 0.5, Sum: 99.3]
      [Update RS (ms): Min: 44.1, Avg: 45.0, Max: 46.0, Diff: 1.9, Sum: 90.0]
         [Processed Buffers: Min: 394, Avg: 426.5, Max: 459, Diff: 65, Sum: 853]
      [Scan RS (ms): Min: 7.7, Avg: 8.8, Max: 9.8, Diff: 2.1, Sum: 17.5]
      [Code Root Scanning (ms): Min: 0.1, Avg: 0.1, Max: 0.1, Diff: 0.0, Sum: 0.2]
      [Object Copy (ms): Min: 49.0, Avg: 49.2, Max: 49.4, Diff: 0.4, Sum: 98.4]
      [Termination (ms): Min: 0.0, Avg: 0.0, Max: 0.0, Diff: 0.0, Sum: 0.0]
      [GC Worker Other (ms): Min: 0.1, Avg: 0.2, Max: 0.2, Diff: 0.1, Sum: 0.3]
      [GC Worker Total (ms): Min: 152.9, Avg: 152.9, Max: 152.9, Diff: 0.0, Sum: 305.8]
      [GC Worker End (ms): Min: 4001198.4, Avg: 4001198.4, Max: 4001198.4, Diff: 0.0]
   [Code Root Fixup: 0.2 ms]
   [Code Root Migration: 0.0 ms]
   [Clear CT: 0.3 ms]
   [Other: 5.6 ms]
      [Choose CSet: 0.0 ms]
      [Ref Proc: 2.2 ms]
      [Ref Enq: 0.1 ms]
      [Free CSet: 0.5 ms]
   [Eden: 312.0M(312.0M)->0.0B(416.0M) Survivors: 30.0M->28.0M Heap: 1777.0M(4096.0M)->1486.0M(4096.0M)]
 [Times: user=0.31 sys=0.00, real=0.16 secs] 
2016-08-30T14:42:48.342+0200: 4018.476: [GC pause (young), 0.1823300 secs]
   [Parallel Time: 176.0 ms, GC Workers: 2]
      [GC Worker Start (ms): Min: 4018477.6, Avg: 4018477.6, Max: 4018477.6, Diff: 0.0]
      [Ext Root Scanning (ms): Min: 47.6, Avg: 50.3, Max: 52.9, Diff: 5.3, Sum: 100.5]
      [Update RS (ms): Min: 46.8, Avg: 52.6, Max: 58.3, Diff: 11.5, Sum: 105.1]
         [Processed Buffers: Min: 396, Avg: 450.5, Max: 505, Diff: 109, Sum: 901]
      [Scan RS (ms): Min: 9.7, Avg: 10.1, Max: 10.5, Diff: 0.7, Sum: 20.2]
      [Code Root Scanning (ms): Min: 0.0, Avg: 0.1, Max: 0.1, Diff: 0.1, Sum: 0.1]
      [Object Copy (ms): Min: 60.2, Avg: 62.9, Max: 65.6, Diff: 5.4, Sum: 125.8]
      [Termination (ms): Min: 0.0, Avg: 0.1, Max: 0.1, Diff: 0.1, Sum: 0.1]
      [GC Worker Other (ms): Min: 0.0, Avg: 0.1, Max: 0.1, Diff: 0.0, Sum: 0.1]
      [GC Worker Total (ms): Min: 176.0, Avg: 176.0, Max: 176.0, Diff: 0.0, Sum: 352.0]
      [GC Worker End (ms): Min: 4018653.6, Avg: 4018653.6, Max: 4018653.6, Diff: 0.0]
   [Code Root Fixup: 0.2 ms]
   [Code Root Migration: 0.0 ms]
   [Clear CT: 0.5 ms]
   [Other: 5.6 ms]
      [Choose CSet: 0.0 ms]
      [Ref Proc: 2.9 ms]
      [Ref Enq: 0.2 ms]
      [Free CSet: 0.6 ms]
   [Eden: 416.0M(302.0M)->0.0B(332.0M) Survivors: 28.0M->42.0M Heap: 1902.0M(4096.0M)->1524.0M(4096.0M)]
 [Times: user=0.18 sys=0.00, real=0.19 secs] 
2016-08-30T14:43:02.292+0200: 4032.426: [GC pause (young), 0.1680050 secs]
   [Parallel Time: 161.0 ms, GC Workers: 2]
      [GC Worker Start (ms): Min: 4032427.9, Avg: 4032430.1, Max: 4032432.4, Diff: 4.5]
      [Ext Root Scanning (ms): Min: 49.4, Avg: 51.4, Max: 53.3, Diff: 3.9, Sum: 102.8]
      [Update RS (ms): Min: 46.6, Avg: 47.1, Max: 47.6, Diff: 1.0, Sum: 94.2]
         [Processed Buffers: Min: 346, Avg: 374.0, Max: 402, Diff: 56, Sum: 748]
      [Scan RS (ms): Min: 10.6, Avg: 11.0, Max: 11.3, Diff: 0.8, Sum: 21.9]
      [Code Root Scanning (ms): Min: 0.1, Avg: 0.1, Max: 0.1, Diff: 0.0, Sum: 0.2]
      [Object Copy (ms): Min: 48.8, Avg: 48.9, Max: 49.1, Diff: 0.3, Sum: 97.9]
      [Termination (ms): Min: 0.0, Avg: 0.0, Max: 0.0, Diff: 0.0, Sum: 0.0]
      [GC Worker Other (ms): Min: 0.1, Avg: 0.1, Max: 0.1, Diff: 0.0, Sum: 0.2]
      [GC Worker Total (ms): Min: 156.4, Avg: 158.6, Max: 160.9, Diff: 4.5, Sum: 317.3]
      [GC Worker End (ms): Min: 4032588.8, Avg: 4032588.8, Max: 4032588.8, Diff: 0.0]
   [Code Root Fixup: 0.2 ms]
   [Code Root Migration: 0.1 ms]
   [Clear CT: 0.4 ms]
   [Other: 6.4 ms]
      [Choose CSet: 0.0 ms]
      [Ref Proc: 2.5 ms]
      [Ref Enq: 0.1 ms]
      [Free CSet: 0.6 ms]
   [Eden: 332.0M(332.0M)->0.0B(532.0M) Survivors: 42.0M->26.0M Heap: 1856.0M(4096.0M)->1538.0M(4096.0M)]
 [Times: user=0.32 sys=0.00, real=0.17 secs] 
2016-08-30T14:43:21.165+0200: 4051.300: [GC pause (young), 0.1795880 secs]
   [Parallel Time: 171.6 ms, GC Workers: 2]
      [GC Worker Start (ms): Min: 4051301.7, Avg: 4051301.7, Max: 4051301.7, Diff: 0.0]
      [Ext Root Scanning (ms): Min: 50.0, Avg: 50.4, Max: 50.8, Diff: 0.8, Sum: 100.7]
      [Update RS (ms): Min: 56.1, Avg: 56.7, Max: 57.3, Diff: 1.2, Sum: 113.4]
         [Processed Buffers: Min: 422, Avg: 438.5, Max: 455, Diff: 33, Sum: 877]
      [Scan RS (ms): Min: 11.2, Avg: 11.6, Max: 12.0, Diff: 0.7, Sum: 23.2]
      [Code Root Scanning (ms): Min: 0.1, Avg: 0.1, Max: 0.2, Diff: 0.1, Sum: 0.3]
      [Object Copy (ms): Min: 51.9, Avg: 52.5, Max: 53.1, Diff: 1.2, Sum: 105.0]
      [Termination (ms): Min: 0.0, Avg: 0.0, Max: 0.0, Diff: 0.0, Sum: 0.0]
      [GC Worker Other (ms): Min: 0.1, Avg: 0.1, Max: 0.2, Diff: 0.0, Sum: 0.3]
      [GC Worker Total (ms): Min: 171.5, Avg: 171.5, Max: 171.5, Diff: 0.0, Sum: 343.0]
      [GC Worker End (ms): Min: 4051473.2, Avg: 4051473.2, Max: 4051473.2, Diff: 0.0]
   [Code Root Fixup: 0.2 ms]
   [Code Root Migration: 0.1 ms]
   [Clear CT: 0.4 ms]
   [Other: 7.4 ms]
      [Choose CSet: 0.0 ms]
      [Ref Proc: 3.5 ms]
      [Ref Enq: 0.2 ms]
      [Free CSet: 0.7 ms]
   [Eden: 432.0M(396.0M)->0.0B(338.0M) Survivors: 26.0M->54.0M Heap: 1970.0M(4096.0M)->1579.0M(4096.0M)]
 [Times: user=0.35 sys=0.00, real=0.18 secs] 
2016-08-30T14:43:32.240+0200: 4062.375: [GC pause (young), 0.1805990 secs]
   [Parallel Time: 172.3 ms, GC Workers: 2]
      [GC Worker Start (ms): Min: 4062376.5, Avg: 4062376.5, Max: 4062376.5, Diff: 0.0]
      [Ext Root Scanning (ms): Min: 48.7, Avg: 49.3, Max: 50.0, Diff: 1.3, Sum: 98.6]
      [Update RS (ms): Min: 39.1, Avg: 39.8, Max: 40.6, Diff: 1.5, Sum: 79.7]
         [Processed Buffers: Min: 431, Avg: 443.5, Max: 456, Diff: 25, Sum: 887]
      [Scan RS (ms): Min: 14.5, Avg: 15.2, Max: 15.8, Diff: 1.2, Sum: 30.3]
      [Code Root Scanning (ms): Min: 0.1, Avg: 0.1, Max: 0.1, Diff: 0.0, Sum: 0.2]
      [Object Copy (ms): Min: 67.1, Avg: 67.7, Max: 68.2, Diff: 1.0, Sum: 135.3]
      [Termination (ms): Min: 0.0, Avg: 0.0, Max: 0.0, Diff: 0.0, Sum: 0.0]
      [GC Worker Other (ms): Min: 0.2, Avg: 0.2, Max: 0.2, Diff: 0.0, Sum: 0.3]
      [GC Worker Total (ms): Min: 172.2, Avg: 172.2, Max: 172.2, Diff: 0.0, Sum: 344.5]
      [GC Worker End (ms): Min: 4062548.7, Avg: 4062548.7, Max: 4062548.7, Diff: 0.0]
   [Code Root Fixup: 0.3 ms]
   [Code Root Migration: 0.0 ms]
   [Clear CT: 0.5 ms]
   [Other: 7.4 ms]
      [Choose CSet: 0.0 ms]
      [Ref Proc: 3.0 ms]
      [Ref Enq: 0.2 ms]
      [Free CSet: 0.8 ms]
   [Eden: 248.0M(206.0M)->0.0B(650.0M) Survivors: 54.0M->24.0M Heap: 1827.0M(4096.0M)->1601.0M(4096.0M)]
 [Times: user=0.34 sys=0.00, real=0.18 secs] 
2016-08-30T14:43:53.309+0200: 4083.443: [GC pause (young), 0.1734330 secs]
   [Parallel Time: 162.8 ms, GC Workers: 2]
      [GC Worker Start (ms): Min: 4083445.1, Avg: 4083445.1, Max: 4083445.1, Diff: 0.1]
      [Ext Root Scanning (ms): Min: 50.5, Avg: 51.2, Max: 51.8, Diff: 1.3, Sum: 102.3]
      [Update RS (ms): Min: 50.4, Avg: 50.8, Max: 51.1, Diff: 0.7, Sum: 101.5]
         [Processed Buffers: Min: 374, Avg: 377.0, Max: 380, Diff: 6, Sum: 754]
      [Scan RS (ms): Min: 11.5, Avg: 11.8, Max: 12.0, Diff: 0.5, Sum: 23.5]
      [Code Root Scanning (ms): Min: 0.2, Avg: 0.2, Max: 0.2, Diff: 0.0, Sum: 0.4]
      [Object Copy (ms): Min: 48.0, Avg: 48.8, Max: 49.6, Diff: 1.6, Sum: 97.6]
      [Termination (ms): Min: 0.0, Avg: 0.0, Max: 0.0, Diff: 0.0, Sum: 0.0]
      [GC Worker Other (ms): Min: 0.1, Avg: 0.1, Max: 0.1, Diff: 0.1, Sum: 0.2]
      [GC Worker Total (ms): Min: 162.7, Avg: 162.7, Max: 162.8, Diff: 0.1, Sum: 325.4]
      [GC Worker End (ms): Min: 4083607.8, Avg: 4083607.8, Max: 4083607.8, Diff: 0.0]
   [Code Root Fixup: 0.4 ms]
   [Code Root Migration: 0.1 ms]
   [Clear CT: 0.5 ms]
   [Other: 9.7 ms]
      [Choose CSet: 0.0 ms]
      [Ref Proc: 5.2 ms]
      [Ref Enq: 0.4 ms]
      [Free CSet: 1.2 ms]
   [Eden: 470.0M(450.0M)->0.0B(396.0M) Survivors: 24.0M->52.0M Heap: 2071.0M(4096.0M)->1629.0M(4096.0M)]
 [Times: user=0.33 sys=0.01, real=0.17 secs] 
2016-08-30T14:44:05.896+0200: 4096.030: [GC pause (young), 0.1777720 secs]
   [Parallel Time: 170.8 ms, GC Workers: 2]
      [GC Worker Start (ms): Min: 4096031.5, Avg: 4096031.5, Max: 4096031.5, Diff: 0.0]
      [Ext Root Scanning (ms): Min: 51.3, Avg: 51.6, Max: 51.8, Diff: 0.4, Sum: 103.1]
      [Update RS (ms): Min: 37.8, Avg: 37.8, Max: 37.8, Diff: 0.0, Sum: 75.5]
         [Processed Buffers: Min: 307, Avg: 326.0, Max: 345, Diff: 38, Sum: 652]
      [Scan RS (ms): Min: 15.2, Avg: 15.7, Max: 16.1, Diff: 0.9, Sum: 31.3]
      [Code Root Scanning (ms): Min: 0.1, Avg: 0.1, Max: 0.1, Diff: 0.0, Sum: 0.2]
      [Object Copy (ms): Min: 65.3, Avg: 65.5, Max: 65.7, Diff: 0.4, Sum: 130.9]
      [Termination (ms): Min: 0.0, Avg: 0.0, Max: 0.0, Diff: 0.0, Sum: 0.0]
      [GC Worker Other (ms): Min: 0.1, Avg: 0.2, Max: 0.2, Diff: 0.1, Sum: 0.3]
      [GC Worker Total (ms): Min: 170.7, Avg: 170.7, Max: 170.8, Diff: 0.0, Sum: 341.5]
      [GC Worker End (ms): Min: 4096202.2, Avg: 4096202.2, Max: 4096202.2, Diff: 0.0]
   [Code Root Fixup: 0.2 ms]
   [Code Root Migration: 0.1 ms]
   [Clear CT: 0.5 ms]
   [Other: 6.2 ms]
      [Choose CSet: 0.0 ms]
      [Ref Proc: 2.4 ms]
      [Ref Enq: 0.1 ms]
      [Free CSet: 0.7 ms]
   [Eden: 294.0M(242.0M)->0.0B(542.0M) Survivors: 52.0M->36.0M Heap: 1923.0M(4096.0M)->1649.0M(4096.0M)]
 [Times: user=0.35 sys=0.01, real=0.18 secs] 
2016-08-30T14:44:28.731+0200: 4118.865: [GC pause (young), 0.2131930 secs]
   [Parallel Time: 202.5 ms, GC Workers: 2]
      [GC Worker Start (ms): Min: 4118866.8, Avg: 4118867.0, Max: 4118867.3, Diff: 0.5]
      [Ext Root Scanning (ms): Min: 49.7, Avg: 50.3, Max: 50.9, Diff: 1.3, Sum: 100.6]
      [Update RS (ms): Min: 63.9, Avg: 64.4, Max: 64.9, Diff: 1.0, Sum: 128.7]
         [Processed Buffers: Min: 303, Avg: 398.0, Max: 493, Diff: 190, Sum: 796]
      [Scan RS (ms): Min: 13.2, Avg: 13.8, Max: 14.3, Diff: 1.1, Sum: 27.5]
      [Code Root Scanning (ms): Min: 0.2, Avg: 0.2, Max: 0.2, Diff: 0.1, Sum: 0.4]
      [Object Copy (ms): Min: 73.2, Avg: 73.3, Max: 73.5, Diff: 0.3, Sum: 146.7]
      [Termination (ms): Min: 0.0, Avg: 0.0, Max: 0.0, Diff: 0.0, Sum: 0.0]
      [GC Worker Other (ms): Min: 0.1, Avg: 0.2, Max: 0.2, Diff: 0.1, Sum: 0.3]
      [GC Worker Total (ms): Min: 201.9, Avg: 202.2, Max: 202.4, Diff: 0.5, Sum: 404.4]
      [GC Worker End (ms): Min: 4119069.2, Avg: 4119069.2, Max: 4119069.2, Diff: 0.0]
   [Code Root Fixup: 0.4 ms]
   [Code Root Migration: 0.1 ms]
   [Clear CT: 1.2 ms]
   [Other: 9.1 ms]
      [Choose CSet: 0.0 ms]
      [Ref Proc: 4.7 ms]
      [Ref Enq: 0.3 ms]
      [Free CSet: 1.1 ms]
   [Eden: 516.0M(408.0M)->0.0B(300.0M) Survivors: 36.0M->48.0M Heap: 2165.0M(4096.0M)->1683.0M(4096.0M)]
 [Times: user=0.41 sys=0.00, real=0.21 secs] 
2016-08-30T14:44:40.133+0200: 4130.267: [GC pause (young), 0.1830420 secs]
   [Parallel Time: 174.9 ms, GC Workers: 2]
      [GC Worker Start (ms): Min: 4130269.0, Avg: 4130269.0, Max: 4130269.0, Diff: 0.1]
      [Ext Root Scanning (ms): Min: 50.9, Avg: 51.5, Max: 52.2, Diff: 1.3, Sum: 103.1]
      [Update RS (ms): Min: 46.0, Avg: 47.0, Max: 47.9, Diff: 1.9, Sum: 93.9]
         [Processed Buffers: Min: 374, Avg: 386.5, Max: 399, Diff: 25, Sum: 773]
      [Scan RS (ms): Min: 11.1, Avg: 12.0, Max: 12.9, Diff: 1.7, Sum: 24.0]
      [Code Root Scanning (ms): Min: 0.1, Avg: 0.1, Max: 0.1, Diff: 0.0, Sum: 0.2]
      [Object Copy (ms): Min: 63.4, Avg: 64.0, Max: 64.6, Diff: 1.2, Sum: 128.0]
      [Termination (ms): Min: 0.0, Avg: 0.0, Max: 0.0, Diff: 0.0, Sum: 0.0]
      [GC Worker Other (ms): Min: 0.1, Avg: 0.2, Max: 0.2, Diff: 0.1, Sum: 0.3]
      [GC Worker Total (ms): Min: 174.8, Avg: 174.8, Max: 174.9, Diff: 0.1, Sum: 349.7]
      [GC Worker End (ms): Min: 4130443.8, Avg: 4130443.8, Max: 4130443.9, Diff: 0.0]
   [Code Root Fixup: 0.4 ms]
   [Code Root Migration: 0.1 ms]
   [Clear CT: 0.5 ms]
   [Other: 7.1 ms]
      [Choose CSet: 0.0 ms]
      [Ref Proc: 3.4 ms]
      [Ref Enq: 0.2 ms]
      [Free CSet: 0.6 ms]
   [Eden: 300.0M(300.0M)->0.0B(398.0M) Survivors: 48.0M->32.0M Heap: 1983.0M(4096.0M)->1702.0M(4096.0M)]
 [Times: user=0.36 sys=0.00, real=0.18 secs] 
2016-08-30T14:44:54.607+0200: 4144.741: [GC pause (young), 0.1841790 secs]
   [Parallel Time: 172.5 ms, GC Workers: 2]
      [GC Worker Start (ms): Min: 4144742.9, Avg: 4144742.9, Max: 4144742.9, Diff: 0.1]
      [Ext Root Scanning (ms): Min: 49.3, Avg: 49.6, Max: 49.9, Diff: 0.6, Sum: 99.2]
      [Update RS (ms): Min: 54.1, Avg: 54.2, Max: 54.3, Diff: 0.2, Sum: 108.5]
         [Processed Buffers: Min: 435, Avg: 451.0, Max: 467, Diff: 32, Sum: 902]
      [Scan RS (ms): Min: 9.8, Avg: 10.2, Max: 10.5, Diff: 0.7, Sum: 20.3]
      [Code Root Scanning (ms): Min: 0.1, Avg: 0.1, Max: 0.2, Diff: 0.0, Sum: 0.3]
      [Object Copy (ms): Min: 58.0, Avg: 58.1, Max: 58.1, Diff: 0.1, Sum: 116.2]
      [Termination (ms): Min: 0.0, Avg: 0.0, Max: 0.0, Diff: 0.0, Sum: 0.0]
      [GC Worker Other (ms): Min: 0.2, Avg: 0.2, Max: 0.2, Diff: 0.1, Sum: 0.4]
      [GC Worker Total (ms): Min: 172.4, Avg: 172.4, Max: 172.4, Diff: 0.1, Sum: 344.8]
      [GC Worker End (ms): Min: 4144915.3, Avg: 4144915.3, Max: 4144915.3, Diff: 0.0]
   [Code Root Fixup: 0.4 ms]
   [Code Root Migration: 0.1 ms]
   [Clear CT: 1.1 ms]
   [Other: 10.1 ms]
      [Choose CSet: 0.0 ms]
      [Ref Proc: 5.4 ms]
      [Ref Enq: 0.4 ms]
      [Free CSet: 1.0 ms]
   [Eden: 398.0M(398.0M)->0.0B(392.0M) Survivors: 32.0M->36.0M Heap: 2100.0M(4096.0M)->1729.0M(4096.0M)]
 [Times: user=0.36 sys=0.01, real=0.18 secs] 
2016-08-30T14:45:07.241+0200: 4157.375: [GC pause (young), 0.1667460 secs]
   [Parallel Time: 158.5 ms, GC Workers: 2]
      [GC Worker Start (ms): Min: 4157377.1, Avg: 4157378.3, Max: 4157379.6, Diff: 2.5]
      [Ext Root Scanning (ms): Min: 52.5, Avg: 53.2, Max: 54.0, Diff: 1.5, Sum: 106.4]
      [Update RS (ms): Min: 37.9, Avg: 38.3, Max: 38.7, Diff: 0.7, Sum: 76.6]
         [Processed Buffers: Min: 340, Avg: 356.5, Max: 373, Diff: 33, Sum: 713]
      [Scan RS (ms): Min: 12.5, Avg: 12.6, Max: 12.7, Diff: 0.2, Sum: 25.2]
      [Code Root Scanning (ms): Min: 0.1, Avg: 0.1, Max: 0.1, Diff: 0.0, Sum: 0.2]
      [Object Copy (ms): Min: 52.6, Avg: 52.7, Max: 52.7, Diff: 0.0, Sum: 105.3]
      [Termination (ms): Min: 0.0, Avg: 0.0, Max: 0.0, Diff: 0.0, Sum: 0.0]
      [GC Worker Other (ms): Min: 0.1, Avg: 0.2, Max: 0.2, Diff: 0.1, Sum: 0.4]
      [GC Worker Total (ms): Min: 155.8, Avg: 157.1, Max: 158.3, Diff: 2.5, Sum: 314.2]
      [GC Worker End (ms): Min: 4157535.4, Avg: 4157535.4, Max: 4157535.4, Diff: 0.0]
   [Code Root Fixup: 0.4 ms]
   [Code Root Migration: 0.0 ms]
   [Clear CT: 0.6 ms]
   [Other: 7.3 ms]
      [Choose CSet: 0.0 ms]
      [Ref Proc: 3.0 ms]
      [Ref Enq: 0.2 ms]
      [Free CSet: 0.9 ms]
   [Eden: 270.0M(264.0M)->0.0B(484.0M) Survivors: 36.0M->22.0M Heap: 1999.0M(4096.0M)->1742.0M(4096.0M)]
 [Times: user=0.32 sys=0.00, real=0.17 secs] 
2016-08-30T14:45:26.901+0200: 4177.035: [GC pause (young), 0.1904970 secs]
   [Parallel Time: 182.1 ms, GC Workers: 2]
      [GC Worker Start (ms): Min: 4177037.1, Avg: 4177037.1, Max: 4177037.1, Diff: 0.0]
      [Ext Root Scanning (ms): Min: 54.1, Avg: 56.4, Max: 58.8, Diff: 4.7, Sum: 112.8]
      [Update RS (ms): Min: 60.0, Avg: 60.7, Max: 61.5, Diff: 1.5, Sum: 121.4]
         [Processed Buffers: Min: 406, Avg: 410.5, Max: 415, Diff: 9, Sum: 821]
      [Scan RS (ms): Min: 10.8, Avg: 11.6, Max: 12.3, Diff: 1.5, Sum: 23.1]
      [Code Root Scanning (ms): Min: 0.1, Avg: 0.2, Max: 0.2, Diff: 0.0, Sum: 0.3]
      [Object Copy (ms): Min: 50.6, Avg: 53.0, Max: 55.3, Diff: 4.7, Sum: 106.0]
      [Termination (ms): Min: 0.0, Avg: 0.0, Max: 0.0, Diff: 0.0, Sum: 0.0]
      [GC Worker Other (ms): Min: 0.2, Avg: 0.2, Max: 0.2, Diff: 0.0, Sum: 0.3]
      [GC Worker Total (ms): Min: 182.0, Avg: 182.0, Max: 182.0, Diff: 0.0, Sum: 364.0]
      [GC Worker End (ms): Min: 4177219.1, Avg: 4177219.1, Max: 4177219.1, Diff: 0.0]
   [Code Root Fixup: 0.3 ms]
   [Code Root Migration: 0.1 ms]
   [Clear CT: 0.4 ms]
   [Other: 7.6 ms]
      [Choose CSet: 0.0 ms]
      [Ref Proc: 3.6 ms]
      [Ref Enq: 0.2 ms]
      [Free CSet: 0.9 ms]
   [Eden: 484.0M(484.0M)->0.0B(328.0M) Survivors: 22.0M->64.0M Heap: 2226.0M(4096.0M)->1784.0M(4096.0M)]
 [Times: user=0.36 sys=0.00, real=0.19 secs] 
2016-08-30T14:45:38.248+0200: 4188.383: [GC pause (young), 0.1341960 secs]
   [Parallel Time: 128.5 ms, GC Workers: 2]
      [GC Worker Start (ms): Min: 4188383.6, Avg: 4188383.6, Max: 4188383.6, Diff: 0.0]
      [Ext Root Scanning (ms): Min: 32.8, Avg: 39.0, Max: 45.3, Diff: 12.6, Sum: 78.1]
      [Update RS (ms): Min: 21.4, Avg: 28.7, Max: 35.9, Diff: 14.4, Sum: 57.3]
         [Processed Buffers: Min: 191, Avg: 342.0, Max: 493, Diff: 302, Sum: 684]
      [Scan RS (ms): Min: 11.0, Avg: 11.3, Max: 11.5, Diff: 0.5, Sum: 22.5]
      [Code Root Scanning (ms): Min: 0.0, Avg: 0.1, Max: 0.1, Diff: 0.1, Sum: 0.1]
      [Object Copy (ms): Min: 48.0, Avg: 49.3, Max: 50.5, Diff: 2.4, Sum: 98.5]
      [Termination (ms): Min: 0.0, Avg: 0.0, Max: 0.0, Diff: 0.0, Sum: 0.0]
      [GC Worker Other (ms): Min: 0.1, Avg: 0.1, Max: 0.2, Diff: 0.1, Sum: 0.3]
      [GC Worker Total (ms): Min: 128.4, Avg: 128.4, Max: 128.4, Diff: 0.0, Sum: 256.9]
      [GC Worker End (ms): Min: 4188512.0, Avg: 4188512.0, Max: 4188512.0, Diff: 0.0]
   [Code Root Fixup: 0.2 ms]
   [Code Root Migration: 0.0 ms]
   [Clear CT: 0.5 ms]
   [Other: 5.0 ms]
      [Choose CSet: 0.0 ms]
      [Ref Proc: 2.0 ms]
      [Ref Enq: 0.1 ms]
      [Free CSet: 0.6 ms]
   [Eden: 246.0M(206.0M)->0.0B(632.0M) Survivors: 64.0M->26.0M Heap: 2030.0M(4096.0M)->1787.0M(4096.0M)]
 [Times: user=0.26 sys=0.01, real=0.14 secs] 
2016-08-30T14:45:59.461+0200: 4209.596: [GC pause (young), 0.2115460 secs]
   [Parallel Time: 197.2 ms, GC Workers: 2]
      [GC Worker Start (ms): Min: 4209597.7, Avg: 4209597.7, Max: 4209597.7, Diff: 0.0]
      [Ext Root Scanning (ms): Min: 50.0, Avg: 56.9, Max: 63.9, Diff: 14.0, Sum: 113.9]
      [Update RS (ms): Min: 53.7, Avg: 60.2, Max: 66.7, Diff: 13.0, Sum: 120.3]
         [Processed Buffers: Min: 380, Avg: 425.5, Max: 471, Diff: 91, Sum: 851]
      [Scan RS (ms): Min: 10.9, Avg: 10.9, Max: 11.0, Diff: 0.2, Sum: 21.9]
      [Code Root Scanning (ms): Min: 0.1, Avg: 0.2, Max: 0.2, Diff: 0.1, Sum: 0.4]
      [Object Copy (ms): Min: 68.1, Avg: 68.7, Max: 69.3, Diff: 1.2, Sum: 137.5]
      [Termination (ms): Min: 0.0, Avg: 0.0, Max: 0.0, Diff: 0.0, Sum: 0.0]
      [GC Worker Other (ms): Min: 0.2, Avg: 0.2, Max: 0.2, Diff: 0.0, Sum: 0.4]
      [GC Worker Total (ms): Min: 197.1, Avg: 197.2, Max: 197.2, Diff: 0.0, Sum: 394.3]
      [GC Worker End (ms): Min: 4209794.9, Avg: 4209794.9, Max: 4209794.9, Diff: 0.0]
   [Code Root Fixup: 0.6 ms]
   [Code Root Migration: 0.1 ms]
   [Clear CT: 0.6 ms]
   [Other: 13.0 ms]
      [Choose CSet: 0.0 ms]
      [Ref Proc: 8.0 ms]
      [Ref Enq: 0.5 ms]
      [Free CSet: 1.3 ms]
   [Eden: 536.0M(510.0M)->0.0B(338.0M) Survivors: 26.0M->68.0M Heap: 2323.0M(4096.0M)->1833.0M(4096.0M)]
 [Times: user=0.40 sys=0.00, real=0.22 secs] 
2016-08-30T14:46:11.748+0200: 4221.883: [GC pause (young), 0.1947340 secs]
   [Parallel Time: 188.0 ms, GC Workers: 2]
      [GC Worker Start (ms): Min: 4221884.0, Avg: 4221884.0, Max: 4221884.0, Diff: 0.0]
      [Ext Root Scanning (ms): Min: 51.7, Avg: 54.4, Max: 57.0, Diff: 5.2, Sum: 108.7]
      [Update RS (ms): Min: 36.4, Avg: 40.6, Max: 44.7, Diff: 8.3, Sum: 81.1]
         [Processed Buffers: Min: 363, Avg: 367.5, Max: 372, Diff: 9, Sum: 735]
      [Scan RS (ms): Min: 14.3, Avg: 15.0, Max: 15.8, Diff: 1.4, Sum: 30.1]
      [Code Root Scanning (ms): Min: 0.1, Avg: 0.1, Max: 0.1, Diff: 0.1, Sum: 0.2]
      [Object Copy (ms): Min: 76.9, Avg: 77.7, Max: 78.6, Diff: 1.7, Sum: 155.4]
      [Termination (ms): Min: 0.0, Avg: 0.0, Max: 0.0, Diff: 0.0, Sum: 0.0]
      [GC Worker Other (ms): Min: 0.1, Avg: 0.2, Max: 0.2, Diff: 0.0, Sum: 0.3]
      [GC Worker Total (ms): Min: 187.9, Avg: 187.9, Max: 187.9, Diff: 0.0, Sum: 375.9]
      [GC Worker End (ms): Min: 4222071.9, Avg: 4222071.9, Max: 4222071.9, Diff: 0.0]
   [Code Root Fixup: 0.2 ms]
   [Code Root Migration: 0.1 ms]
   [Clear CT: 0.5 ms]
   [Other: 5.9 ms]
      [Choose CSet: 0.0 ms]
      [Ref Proc: 2.2 ms]
      [Ref Enq: 0.1 ms]
      [Free CSet: 0.7 ms]
   [Eden: 276.0M(200.0M)->0.0B(404.0M) Survivors: 68.0M->34.0M Heap: 2109.0M(4096.0M)->1844.0M(4096.0M)]
 [Times: user=0.38 sys=0.01, real=0.19 secs] 
2016-08-30T14:46:31.200+0200: 4241.335: [GC pause (young), 0.1836720 secs]
   [Parallel Time: 169.2 ms, GC Workers: 2]
      [GC Worker Start (ms): Min: 4241336.4, Avg: 4241336.4, Max: 4241336.4, Diff: 0.0]
      [Ext Root Scanning (ms): Min: 50.7, Avg: 52.4, Max: 54.1, Diff: 3.4, Sum: 104.8]
      [Update RS (ms): Min: 48.7, Avg: 49.7, Max: 50.7, Diff: 2.0, Sum: 99.5]
         [Processed Buffers: Min: 343, Avg: 363.0, Max: 383, Diff: 40, Sum: 726]
      [Scan RS (ms): Min: 11.2, Avg: 11.8, Max: 12.5, Diff: 1.4, Sum: 23.7]
      [Code Root Scanning (ms): Min: 0.1, Avg: 0.1, Max: 0.2, Diff: 0.1, Sum: 0.3]
      [Object Copy (ms): Min: 54.8, Avg: 54.9, Max: 54.9, Diff: 0.1, Sum: 109.7]
      [Termination (ms): Min: 0.0, Avg: 0.0, Max: 0.0, Diff: 0.0, Sum: 0.0]
      [GC Worker Other (ms): Min: 0.1, Avg: 0.1, Max: 0.2, Diff: 0.0, Sum: 0.3]
      [GC Worker Total (ms): Min: 169.1, Avg: 169.1, Max: 169.1, Diff: 0.0, Sum: 338.2]
      [GC Worker End (ms): Min: 4241505.5, Avg: 4241505.5, Max: 4241505.5, Diff: 0.0]
   [Code Root Fixup: 0.7 ms]
   [Code Root Migration: 0.1 ms]
   [Clear CT: 0.7 ms]
   [Other: 13.0 ms]
      [Choose CSet: 0.0 ms]
      [Ref Proc: 7.5 ms]
      [Ref Enq: 0.6 ms]
      [Free CSet: 1.5 ms]
   [Eden: 404.0M(404.0M)->0.0B(414.0M) Survivors: 34.0M->30.0M Heap: 2248.0M(4096.0M)->1858.0M(4096.0M)]
 [Times: user=0.35 sys=0.01, real=0.18 secs] 
2016-08-30T14:46:49.287+0200: 4259.421: [GC pause (young), 0.1756570 secs]
   [Parallel Time: 167.7 ms, GC Workers: 2]
      [GC Worker Start (ms): Min: 4259422.7, Avg: 4259422.7, Max: 4259422.8, Diff: 0.0]
      [Ext Root Scanning (ms): Min: 50.4, Avg: 50.7, Max: 51.0, Diff: 0.5, Sum: 101.4]
      [Update RS (ms): Min: 51.8, Avg: 52.2, Max: 52.5, Diff: 0.8, Sum: 104.3]
         [Processed Buffers: Min: 392, Avg: 411.5, Max: 431, Diff: 39, Sum: 823]
      [Scan RS (ms): Min: 11.4, Avg: 11.7, Max: 12.0, Diff: 0.7, Sum: 23.4]
      [Code Root Scanning (ms): Min: 0.1, Avg: 0.1, Max: 0.2, Diff: 0.1, Sum: 0.3]
      [Object Copy (ms): Min: 52.6, Avg: 52.8, Max: 53.0, Diff: 0.4, Sum: 105.7]
      [Termination (ms): Min: 0.0, Avg: 0.0, Max: 0.0, Diff: 0.0, Sum: 0.0]
      [GC Worker Other (ms): Min: 0.2, Avg: 0.2, Max: 0.2, Diff: 0.0, Sum: 0.3]
      [GC Worker Total (ms): Min: 167.7, Avg: 167.7, Max: 167.7, Diff: 0.0, Sum: 335.4]
      [GC Worker End (ms): Min: 4259590.4, Avg: 4259590.4, Max: 4259590.4, Diff: 0.0]
   [Code Root Fixup: 0.2 ms]
   [Code Root Migration: 0.1 ms]
   [Clear CT: 0.4 ms]
   [Other: 7.2 ms]
      [Choose CSet: 0.0 ms]
      [Ref Proc: 3.3 ms]
      [Ref Enq: 0.2 ms]
      [Free CSet: 0.8 ms]
   [Eden: 414.0M(414.0M)->0.0B(336.0M) Survivors: 30.0M->56.0M Heap: 2272.0M(4096.0M)->1901.0M(4096.0M)]
 [Times: user=0.35 sys=0.00, real=0.18 secs] 
2016-08-30T14:47:01.492+0200: 4271.626: [GC pause (young) (initial-mark), 0.2188190 secs]
   [Parallel Time: 209.8 ms, GC Workers: 2]
      [GC Worker Start (ms): Min: 4271629.7, Avg: 4271629.7, Max: 4271629.7, Diff: 0.0]
      [Ext Root Scanning (ms): Min: 54.6, Avg: 54.9, Max: 55.2, Diff: 0.6, Sum: 109.8]
      [Code Root Marking (ms): Min: 12.0, Avg: 12.3, Max: 12.7, Diff: 0.8, Sum: 24.7]
      [Update RS (ms): Min: 44.5, Avg: 45.4, Max: 46.3, Diff: 1.7, Sum: 90.8]
         [Processed Buffers: Min: 418, Avg: 434.5, Max: 451, Diff: 33, Sum: 869]
      [Scan RS (ms): Min: 15.3, Avg: 15.9, Max: 16.4, Diff: 1.1, Sum: 31.8]
      [Code Root Scanning (ms): Min: 0.1, Avg: 0.1, Max: 0.1, Diff: 0.0, Sum: 0.2]
      [Object Copy (ms): Min: 80.8, Avg: 81.0, Max: 81.2, Diff: 0.4, Sum: 161.9]
      [Termination (ms): Min: 0.0, Avg: 0.0, Max: 0.0, Diff: 0.0, Sum: 0.0]
      [GC Worker Other (ms): Min: 0.1, Avg: 0.2, Max: 0.2, Diff: 0.0, Sum: 0.3]
      [GC Worker Total (ms): Min: 209.8, Avg: 209.8, Max: 209.8, Diff: 0.0, Sum: 419.5]
      [GC Worker End (ms): Min: 4271839.4, Avg: 4271839.4, Max: 4271839.4, Diff: 0.0]
   [Code Root Fixup: 0.4 ms]
   [Code Root Migration: 0.0 ms]
   [Clear CT: 0.4 ms]
   [Other: 8.1 ms]
      [Choose CSet: 0.0 ms]
      [Ref Proc: 2.3 ms]
      [Ref Enq: 0.1 ms]
      [Free CSet: 0.6 ms]
   [Eden: 294.0M(210.0M)->0.0B(340.0M) Survivors: 56.0M->30.0M Heap: 2195.0M(4096.0M)->1929.0M(4096.0M)]
 [Times: user=0.41 sys=0.00, real=0.21 secs] 
2016-08-30T14:47:01.711+0200: 4271.846: [GC concurrent-root-region-scan-start]
2016-08-30T14:47:01.730+0200: 4271.864: [GC concurrent-root-region-scan-end, 0.0187750 secs]
2016-08-30T14:47:01.730+0200: 4271.865: [GC concurrent-mark-start]
2016-08-30T14:47:02.721+0200: 4272.855: [GC concurrent-mark-end, 0.9908440 secs]
2016-08-30T14:47:02.723+0200: 4272.858: [GC remark 2016-08-30T14:47:02.725+0200: 4272.859: [GC ref-proc, 0.1151730 secs], 0.1408380 secs]
 [Times: user=0.16 sys=0.00, real=0.14 secs] 
2016-08-30T14:47:02.872+0200: 4273.006: [GC cleanup 1960M->1866M(4096M), 0.0378900 secs]
 [Times: user=0.08 sys=0.00, real=0.04 secs] 
2016-08-30T14:47:02.911+0200: 4273.045: [GC concurrent-cleanup-start]
2016-08-30T14:47:02.911+0200: 4273.045: [GC concurrent-cleanup-end, 0.0003830 secs]
2016-08-30T14:47:14.579+0200: 4284.713: [GC pause (young), 0.1771510 secs]
   [Parallel Time: 167.5 ms, GC Workers: 2]
      [GC Worker Start (ms): Min: 4284714.9, Avg: 4284715.0, Max: 4284715.0, Diff: 0.1]
      [Ext Root Scanning (ms): Min: 48.6, Avg: 49.0, Max: 49.4, Diff: 0.8, Sum: 98.0]
      [Update RS (ms): Min: 47.6, Avg: 47.9, Max: 48.2, Diff: 0.6, Sum: 95.7]
         [Processed Buffers: Min: 419, Avg: 446.0, Max: 473, Diff: 54, Sum: 892]
      [Scan RS (ms): Min: 9.3, Avg: 9.4, Max: 9.5, Diff: 0.2, Sum: 18.7]
      [Code Root Scanning (ms): Min: 0.1, Avg: 0.1, Max: 0.1, Diff: 0.0, Sum: 0.2]
      [Object Copy (ms): Min: 60.1, Avg: 60.9, Max: 61.7, Diff: 1.7, Sum: 121.8]
      [Termination (ms): Min: 0.0, Avg: 0.0, Max: 0.0, Diff: 0.0, Sum: 0.0]
      [GC Worker Other (ms): Min: 0.1, Avg: 0.2, Max: 0.2, Diff: 0.1, Sum: 0.4]
      [GC Worker Total (ms): Min: 167.4, Avg: 167.4, Max: 167.4, Diff: 0.1, Sum: 334.8]
      [GC Worker End (ms): Min: 4284882.4, Avg: 4284882.4, Max: 4284882.4, Diff: 0.0]
   [Code Root Fixup: 0.5 ms]
   [Code Root Migration: 0.1 ms]
   [Clear CT: 0.5 ms]
   [Other: 8.6 ms]
      [Choose CSet: 0.0 ms]
      [Ref Proc: 4.2 ms]
      [Ref Enq: 0.3 ms]
      [Free CSet: 0.9 ms]
   [Eden: 340.0M(340.0M)->0.0B(164.0M) Survivors: 30.0M->40.0M Heap: 2175.0M(4096.0M)->1868.0M(4096.0M)]
 [Times: user=0.34 sys=0.00, real=0.18 secs] 
2016-08-30T14:47:22.844+0200: 4292.978: [GC pause (mixed), 0.1881310 secs]
   [Parallel Time: 179.4 ms, GC Workers: 2]
      [GC Worker Start (ms): Min: 4292979.8, Avg: 4292979.9, Max: 4292979.9, Diff: 0.0]
      [Ext Root Scanning (ms): Min: 50.4, Avg: 50.8, Max: 51.1, Diff: 0.7, Sum: 101.6]
      [Update RS (ms): Min: 34.4, Avg: 34.9, Max: 35.4, Diff: 1.0, Sum: 69.8]
         [Processed Buffers: Min: 324, Avg: 336.5, Max: 349, Diff: 25, Sum: 673]
      [Scan RS (ms): Min: 31.0, Avg: 31.2, Max: 31.3, Diff: 0.4, Sum: 62.3]
      [Code Root Scanning (ms): Min: 0.2, Avg: 0.2, Max: 0.3, Diff: 0.1, Sum: 0.4]
      [Object Copy (ms): Min: 62.0, Avg: 62.1, Max: 62.2, Diff: 0.2, Sum: 124.2]
      [Termination (ms): Min: 0.0, Avg: 0.0, Max: 0.0, Diff: 0.0, Sum: 0.0]
      [GC Worker Other (ms): Min: 0.1, Avg: 0.2, Max: 0.2, Diff: 0.0, Sum: 0.3]
      [GC Worker Total (ms): Min: 179.3, Avg: 179.3, Max: 179.3, Diff: 0.0, Sum: 358.6]
      [GC Worker End (ms): Min: 4293159.2, Avg: 4293159.2, Max: 4293159.2, Diff: 0.0]
   [Code Root Fixup: 0.4 ms]
   [Code Root Migration: 0.1 ms]
   [Clear CT: 0.8 ms]
   [Other: 7.4 ms]
      [Choose CSet: 0.3 ms]
      [Ref Proc: 1.9 ms]
      [Ref Enq: 0.1 ms]
      [Free CSet: 2.1 ms]
   [Eden: 164.0M(164.0M)->0.0B(190.0M) Survivors: 40.0M->14.0M Heap: 2032.0M(4096.0M)->1485.0M(4096.0M)]
 [Times: user=0.36 sys=0.01, real=0.19 secs] 
2016-08-30T14:47:30.622+0200: 4300.757: [GC pause (mixed), 0.2025370 secs]
   [Parallel Time: 195.9 ms, GC Workers: 2]
      [GC Worker Start (ms): Min: 4300758.4, Avg: 4300758.4, Max: 4300758.5, Diff: 0.0]
      [Ext Root Scanning (ms): Min: 49.2, Avg: 50.3, Max: 51.3, Diff: 2.1, Sum: 100.5]
      [Update RS (ms): Min: 34.5, Avg: 34.8, Max: 35.1, Diff: 0.6, Sum: 69.6]
         [Processed Buffers: Min: 337, Avg: 353.5, Max: 370, Diff: 33, Sum: 707]
      [Scan RS (ms): Min: 40.6, Avg: 40.9, Max: 41.2, Diff: 0.6, Sum: 81.8]
      [Code Root Scanning (ms): Min: 0.1, Avg: 0.1, Max: 0.2, Diff: 0.1, Sum: 0.3]
      [Object Copy (ms): Min: 69.1, Avg: 69.6, Max: 70.0, Diff: 0.9, Sum: 139.1]
      [Termination (ms): Min: 0.0, Avg: 0.0, Max: 0.0, Diff: 0.0, Sum: 0.0]
      [GC Worker Other (ms): Min: 0.1, Avg: 0.1, Max: 0.2, Diff: 0.0, Sum: 0.3]
      [GC Worker Total (ms): Min: 195.8, Avg: 195.8, Max: 195.8, Diff: 0.0, Sum: 391.6]
      [GC Worker End (ms): Min: 4300954.2, Avg: 4300954.2, Max: 4300954.2, Diff: 0.0]
   [Code Root Fixup: 0.2 ms]
   [Code Root Migration: 0.1 ms]
   [Clear CT: 0.6 ms]
   [Other: 5.8 ms]
      [Choose CSet: 0.4 ms]
      [Ref Proc: 1.4 ms]
      [Ref Enq: 0.1 ms]
      [Free CSet: 1.1 ms]
   [Eden: 190.0M(190.0M)->0.0B(178.0M) Survivors: 14.0M->26.0M Heap: 1675.0M(4096.0M)->1325.0M(4096.0M)]
 [Times: user=0.40 sys=0.00, real=0.20 secs] 
2016-08-30T14:47:38.104+0200: 4308.239: [GC pause (mixed), 0.3465940 secs]
   [Parallel Time: 339.4 ms, GC Workers: 2]
      [GC Worker Start (ms): Min: 4308240.6, Avg: 4308242.3, Max: 4308244.0, Diff: 3.3]
      [Ext Root Scanning (ms): Min: 56.5, Avg: 64.6, Max: 72.8, Diff: 16.4, Sum: 129.3]
      [Update RS (ms): Min: 51.4, Avg: 54.5, Max: 57.6, Diff: 6.1, Sum: 109.0]
         [Processed Buffers: Min: 298, Avg: 348.0, Max: 398, Diff: 100, Sum: 696]
      [Scan RS (ms): Min: 111.0, Avg: 112.6, Max: 114.3, Diff: 3.3, Sum: 225.3]
      [Code Root Scanning (ms): Min: 0.0, Avg: 0.1, Max: 0.1, Diff: 0.1, Sum: 0.2]
      [Object Copy (ms): Min: 100.7, Avg: 105.7, Max: 110.7, Diff: 10.0, Sum: 211.4]
      [Termination (ms): Min: 0.0, Avg: 0.1, Max: 0.1, Diff: 0.1, Sum: 0.1]
      [GC Worker Other (ms): Min: 0.1, Avg: 0.1, Max: 0.1, Diff: 0.0, Sum: 0.2]
      [GC Worker Total (ms): Min: 336.1, Avg: 337.7, Max: 339.4, Diff: 3.3, Sum: 675.4]
      [GC Worker End (ms): Min: 4308580.0, Avg: 4308580.0, Max: 4308580.0, Diff: 0.0]
   [Code Root Fixup: 0.2 ms]
   [Code Root Migration: 0.0 ms]
   [Clear CT: 1.0 ms]
   [Other: 6.0 ms]
      [Choose CSet: 0.7 ms]
      [Ref Proc: 1.5 ms]
      [Ref Enq: 0.1 ms]
      [Free CSet: 1.3 ms]
   [Eden: 178.0M(178.0M)->0.0B(180.0M) Survivors: 26.0M->24.0M Heap: 1503.0M(4096.0M)->1173.0M(4096.0M)]
 [Times: user=0.34 sys=0.00, real=0.35 secs] 
2016-08-30T14:47:43.580+0200: 4313.714: [GC pause (mixed), 0.2718410 secs]
   [Parallel Time: 263.2 ms, GC Workers: 2]
      [GC Worker Start (ms): Min: 4313717.0, Avg: 4313718.2, Max: 4313719.4, Diff: 2.3]
      [Ext Root Scanning (ms): Min: 51.4, Avg: 52.2, Max: 53.0, Diff: 1.6, Sum: 104.4]
      [Update RS (ms): Min: 30.2, Avg: 30.7, Max: 31.3, Diff: 1.1, Sum: 61.4]
         [Processed Buffers: Min: 370, Avg: 391.5, Max: 413, Diff: 43, Sum: 783]
      [Scan RS (ms): Min: 93.7, Avg: 93.9, Max: 94.0, Diff: 0.3, Sum: 187.8]
      [Code Root Scanning (ms): Min: 0.2, Avg: 0.2, Max: 0.2, Diff: 0.0, Sum: 0.5]
      [Object Copy (ms): Min: 84.7, Avg: 84.7, Max: 84.8, Diff: 0.0, Sum: 169.5]
      [Termination (ms): Min: 0.0, Avg: 0.0, Max: 0.0, Diff: 0.0, Sum: 0.0]
      [GC Worker Other (ms): Min: 0.1, Avg: 0.1, Max: 0.1, Diff: 0.0, Sum: 0.3]
      [GC Worker Total (ms): Min: 260.8, Avg: 261.9, Max: 263.1, Diff: 2.3, Sum: 523.9]
      [GC Worker End (ms): Min: 4313980.1, Avg: 4313980.1, Max: 4313980.1, Diff: 0.0]
   [Code Root Fixup: 0.3 ms]
   [Code Root Migration: 0.2 ms]
   [Clear CT: 0.7 ms]
   [Other: 7.5 ms]
      [Choose CSet: 1.1 ms]
      [Ref Proc: 1.3 ms]
      [Ref Enq: 0.1 ms]
      [Free CSet: 1.8 ms]
   [Eden: 180.0M(180.0M)->0.0B(178.0M) Survivors: 24.0M->26.0M Heap: 1353.0M(4096.0M)->1033.0M(4096.0M)]
 [Times: user=0.53 sys=0.00, real=0.27 secs] 
2016-08-30T14:47:51.658+0200: 4321.793: [GC pause (young), 0.1407330 secs]
   [Parallel Time: 134.2 ms, GC Workers: 2]
      [GC Worker Start (ms): Min: 4321794.4, Avg: 4321796.2, Max: 4321798.0, Diff: 3.6]
      [Ext Root Scanning (ms): Min: 49.2, Avg: 49.5, Max: 49.9, Diff: 0.6, Sum: 99.1]
      [Update RS (ms): Min: 34.1, Avg: 34.3, Max: 34.6, Diff: 0.5, Sum: 68.7]
         [Processed Buffers: Min: 364, Avg: 387.5, Max: 411, Diff: 47, Sum: 775]
      [Scan RS (ms): Min: 6.8, Avg: 7.0, Max: 7.3, Diff: 0.5, Sum: 14.0]
      [Code Root Scanning (ms): Min: 0.0, Avg: 0.1, Max: 0.1, Diff: 0.1, Sum: 0.1]
      [Object Copy (ms): Min: 39.2, Avg: 41.3, Max: 43.3, Diff: 4.1, Sum: 82.6]
      [Termination (ms): Min: 0.0, Avg: 0.0, Max: 0.0, Diff: 0.0, Sum: 0.0]
      [GC Worker Other (ms): Min: 0.1, Avg: 0.1, Max: 0.1, Diff: 0.0, Sum: 0.3]
      [GC Worker Total (ms): Min: 130.6, Avg: 132.4, Max: 134.2, Diff: 3.6, Sum: 264.8]
      [GC Worker End (ms): Min: 4321928.6, Avg: 4321928.6, Max: 4321928.6, Diff: 0.0]
   [Code Root Fixup: 0.4 ms]
   [Code Root Migration: 0.0 ms]
   [Clear CT: 0.4 ms]
   [Other: 5.7 ms]
      [Choose CSet: 0.0 ms]
      [Ref Proc: 2.1 ms]
      [Ref Enq: 0.2 ms]
      [Free CSet: 0.5 ms]
   [Eden: 178.0M(178.0M)->0.0B(188.0M) Survivors: 26.0M->16.0M Heap: 1211.0M(4096.0M)->1047.0M(4096.0M)]
 [Times: user=0.26 sys=0.00, real=0.15 secs] 
2016-08-30T14:47:59.875+0200: 4330.010: [GC pause (young), 0.1468450 secs]
   [Parallel Time: 140.3 ms, GC Workers: 2]
      [GC Worker Start (ms): Min: 4330011.1, Avg: 4330011.5, Max: 4330012.0, Diff: 0.9]
      [Ext Root Scanning (ms): Min: 50.8, Avg: 51.8, Max: 52.9, Diff: 2.1, Sum: 103.7]
      [Update RS (ms): Min: 39.6, Avg: 41.1, Max: 42.6, Diff: 3.0, Sum: 82.2]
         [Processed Buffers: Min: 305, Avg: 364.0, Max: 423, Diff: 118, Sum: 728]
      [Scan RS (ms): Min: 6.7, Avg: 7.1, Max: 7.5, Diff: 0.8, Sum: 14.3]
      [Code Root Scanning (ms): Min: 0.1, Avg: 0.1, Max: 0.1, Diff: 0.0, Sum: 0.2]
      [Object Copy (ms): Min: 39.1, Avg: 39.5, Max: 39.9, Diff: 0.8, Sum: 79.0]
      [Termination (ms): Min: 0.0, Avg: 0.0, Max: 0.0, Diff: 0.0, Sum: 0.0]
      [GC Worker Other (ms): Min: 0.1, Avg: 0.1, Max: 0.2, Diff: 0.0, Sum: 0.3]
      [GC Worker Total (ms): Min: 139.3, Avg: 139.8, Max: 140.2, Diff: 0.9, Sum: 279.6]
      [GC Worker End (ms): Min: 4330151.3, Avg: 4330151.3, Max: 4330151.3, Diff: 0.0]
   [Code Root Fixup: 0.3 ms]
   [Code Root Migration: 0.0 ms]
   [Clear CT: 0.4 ms]
   [Other: 5.8 ms]
      [Choose CSet: 0.0 ms]
      [Ref Proc: 2.3 ms]
      [Ref Enq: 0.2 ms]
      [Free CSet: 0.5 ms]
   [Eden: 188.0M(188.0M)->0.0B(178.0M) Survivors: 16.0M->26.0M Heap: 1235.0M(4096.0M)->1062.0M(4096.0M)]
 [Times: user=0.29 sys=0.00, real=0.15 secs] 
2016-08-30T14:48:06.710+0200: 4336.845: [GC pause (young), 0.1512150 secs]
   [Parallel Time: 144.7 ms, GC Workers: 2]
      [GC Worker Start (ms): Min: 4336846.0, Avg: 4336846.0, Max: 4336846.0, Diff: 0.0]
      [Ext Root Scanning (ms): Min: 51.4, Avg: 52.3, Max: 53.3, Diff: 1.9, Sum: 104.7]
      [Update RS (ms): Min: 35.1, Avg: 35.2, Max: 35.3, Diff: 0.1, Sum: 70.4]
         [Processed Buffers: Min: 348, Avg: 376.5, Max: 405, Diff: 57, Sum: 753]
      [Scan RS (ms): Min: 10.2, Avg: 10.4, Max: 10.6, Diff: 0.4, Sum: 20.8]
      [Code Root Scanning (ms): Min: 0.0, Avg: 0.1, Max: 0.1, Diff: 0.1, Sum: 0.2]
      [Object Copy (ms): Min: 45.8, Avg: 46.5, Max: 47.2, Diff: 1.4, Sum: 93.1]
      [Termination (ms): Min: 0.0, Avg: 0.0, Max: 0.0, Diff: 0.0, Sum: 0.0]
      [GC Worker Other (ms): Min: 0.1, Avg: 0.1, Max: 0.1, Diff: 0.1, Sum: 0.2]
      [GC Worker Total (ms): Min: 144.6, Avg: 144.6, Max: 144.6, Diff: 0.0, Sum: 289.3]
      [GC Worker End (ms): Min: 4336990.7, Avg: 4336990.7, Max: 4336990.7, Diff: 0.0]
   [Code Root Fixup: 0.5 ms]
   [Code Root Migration: 0.0 ms]
   [Clear CT: 0.4 ms]
   [Other: 5.6 ms]
      [Choose CSet: 0.0 ms]
      [Ref Proc: 2.1 ms]
      [Ref Enq: 0.2 ms]
      [Free CSet: 0.5 ms]
   [Eden: 178.0M(178.0M)->0.0B(182.0M) Survivors: 26.0M->22.0M Heap: 1240.0M(4096.0M)->1083.0M(4096.0M)]
 [Times: user=0.29 sys=0.01, real=0.16 secs] 
2016-08-30T14:48:13.167+0200: 4343.302: [GC pause (young), 0.1399840 secs]
   [Parallel Time: 133.4 ms, GC Workers: 2]
      [GC Worker Start (ms): Min: 4343303.5, Avg: 4343303.6, Max: 4343303.6, Diff: 0.1]
      [Ext Root Scanning (ms): Min: 50.1, Avg: 50.5, Max: 50.9, Diff: 0.9, Sum: 101.0]
      [Update RS (ms): Min: 37.0, Avg: 37.3, Max: 37.7, Diff: 0.8, Sum: 74.7]
         [Processed Buffers: Min: 392, Avg: 407.5, Max: 423, Diff: 31, Sum: 815]
      [Scan RS (ms): Min: 6.0, Avg: 6.3, Max: 6.6, Diff: 0.6, Sum: 12.6]
      [Code Root Scanning (ms): Min: 0.0, Avg: 0.1, Max: 0.1, Diff: 0.1, Sum: 0.1]
      [Object Copy (ms): Min: 38.5, Avg: 38.9, Max: 39.2, Diff: 0.7, Sum: 77.7]
      [Termination (ms): Min: 0.0, Avg: 0.0, Max: 0.0, Diff: 0.0, Sum: 0.0]
      [GC Worker Other (ms): Min: 0.1, Avg: 0.1, Max: 0.1, Diff: 0.0, Sum: 0.3]
      [GC Worker Total (ms): Min: 133.2, Avg: 133.3, Max: 133.3, Diff: 0.1, Sum: 266.5]
      [GC Worker End (ms): Min: 4343436.8, Avg: 4343436.8, Max: 4343436.8, Diff: 0.0]
   [Code Root Fixup: 0.4 ms]
   [Code Root Migration: 0.0 ms]
   [Clear CT: 0.8 ms]
   [Other: 5.4 ms]
      [Choose CSet: 0.0 ms]
      [Ref Proc: 1.9 ms]
      [Ref Enq: 0.1 ms]
      [Free CSet: 0.4 ms]
   [Eden: 182.0M(182.0M)->0.0B(182.0M) Survivors: 22.0M->22.0M Heap: 1265.0M(4096.0M)->1102.0M(4096.0M)]
 [Times: user=0.27 sys=0.00, real=0.14 secs] 
2016-08-30T14:48:19.662+0200: 4349.797: [GC pause (young), 0.1390860 secs]
   [Parallel Time: 132.3 ms, GC Workers: 2]
      [GC Worker Start (ms): Min: 4349798.3, Avg: 4349798.3, Max: 4349798.4, Diff: 0.0]
      [Ext Root Scanning (ms): Min: 50.4, Avg: 50.8, Max: 51.2, Diff: 0.8, Sum: 101.6]
      [Update RS (ms): Min: 36.1, Avg: 37.0, Max: 37.8, Diff: 1.7, Sum: 74.0]
         [Processed Buffers: Min: 384, Avg: 387.5, Max: 391, Diff: 7, Sum: 775]
      [Scan RS (ms): Min: 6.1, Avg: 6.7, Max: 7.3, Diff: 1.2, Sum: 13.3]
      [Code Root Scanning (ms): Min: 0.0, Avg: 0.1, Max: 0.1, Diff: 0.1, Sum: 0.1]
      [Object Copy (ms): Min: 37.3, Avg: 37.5, Max: 37.7, Diff: 0.4, Sum: 75.0]
      [Termination (ms): Min: 0.0, Avg: 0.0, Max: 0.0, Diff: 0.0, Sum: 0.0]
      [GC Worker Other (ms): Min: 0.1, Avg: 0.1, Max: 0.2, Diff: 0.0, Sum: 0.3]
      [GC Worker Total (ms): Min: 132.2, Avg: 132.2, Max: 132.2, Diff: 0.0, Sum: 264.4]
      [GC Worker End (ms): Min: 4349930.5, Avg: 4349930.5, Max: 4349930.5, Diff: 0.0]
   [Code Root Fixup: 0.3 ms]
   [Code Root Migration: 0.0 ms]
   [Clear CT: 0.4 ms]
   [Other: 6.0 ms]
      [Choose CSet: 0.0 ms]
      [Ref Proc: 2.4 ms]
      [Ref Enq: 0.2 ms]
      [Free CSet: 0.5 ms]
   [Eden: 182.0M(182.0M)->0.0B(186.0M) Survivors: 22.0M->18.0M Heap: 1284.0M(4096.0M)->1118.0M(4096.0M)]
 [Times: user=0.26 sys=0.00, real=0.14 secs] 
2016-08-30T14:48:26.256+0200: 4356.390: [GC pause (young), 0.1370070 secs]
   [Parallel Time: 130.4 ms, GC Workers: 2]
      [GC Worker Start (ms): Min: 4356391.4, Avg: 4356392.0, Max: 4356392.6, Diff: 1.2]
      [Ext Root Scanning (ms): Min: 48.3, Avg: 50.2, Max: 52.1, Diff: 3.7, Sum: 100.4]
      [Update RS (ms): Min: 35.9, Avg: 36.4, Max: 36.9, Diff: 1.0, Sum: 72.8]
         [Processed Buffers: Min: 331, Avg: 361.0, Max: 391, Diff: 60, Sum: 722]
      [Scan RS (ms): Min: 5.7, Avg: 6.3, Max: 6.9, Diff: 1.3, Sum: 12.6]
      [Code Root Scanning (ms): Min: 0.1, Avg: 0.1, Max: 0.1, Diff: 0.0, Sum: 0.1]
      [Object Copy (ms): Min: 36.4, Avg: 36.6, Max: 36.8, Diff: 0.3, Sum: 73.2]
      [Termination (ms): Min: 0.0, Avg: 0.0, Max: 0.0, Diff: 0.0, Sum: 0.0]
      [GC Worker Other (ms): Min: 0.1, Avg: 0.1, Max: 0.1, Diff: 0.0, Sum: 0.3]
      [GC Worker Total (ms): Min: 129.1, Avg: 129.7, Max: 130.3, Diff: 1.2, Sum: 259.4]
      [GC Worker End (ms): Min: 4356521.7, Avg: 4356521.7, Max: 4356521.7, Diff: 0.0]
   [Code Root Fixup: 0.5 ms]
   [Code Root Migration: 0.0 ms]
   [Clear CT: 0.4 ms]
   [Other: 5.7 ms]
      [Choose CSet: 0.0 ms]
      [Ref Proc: 2.3 ms]
      [Ref Enq: 0.2 ms]
      [Free CSet: 0.5 ms]
   [Eden: 186.0M(186.0M)->0.0B(258.0M) Survivors: 18.0M->20.0M Heap: 1304.0M(4096.0M)->1135.0M(4096.0M)]
 [Times: user=0.27 sys=0.00, real=0.13 secs] 
2016-08-30T14:48:35.425+0200: 4365.560: [GC pause (young), 0.1512960 secs]
   [Parallel Time: 145.0 ms, GC Workers: 2]
      [GC Worker Start (ms): Min: 4365561.3, Avg: 4365562.2, Max: 4365563.0, Diff: 1.7]
      [Ext Root Scanning (ms): Min: 49.4, Avg: 49.9, Max: 50.4, Diff: 1.0, Sum: 99.8]
      [Update RS (ms): Min: 52.4, Avg: 52.9, Max: 53.5, Diff: 1.0, Sum: 105.9]
         [Processed Buffers: Min: 340, Avg: 454.5, Max: 569, Diff: 229, Sum: 909]
      [Scan RS (ms): Min: 6.4, Avg: 6.6, Max: 6.7, Diff: 0.3, Sum: 13.1]
      [Code Root Scanning (ms): Min: 0.1, Avg: 0.1, Max: 0.1, Diff: 0.0, Sum: 0.2]
      [Object Copy (ms): Min: 34.5, Avg: 34.5, Max: 34.5, Diff: 0.0, Sum: 68.9]
      [Termination (ms): Min: 0.0, Avg: 0.0, Max: 0.0, Diff: 0.0, Sum: 0.0]
      [GC Worker Other (ms): Min: 0.1, Avg: 0.1, Max: 0.1, Diff: 0.0, Sum: 0.3]
      [GC Worker Total (ms): Min: 143.2, Avg: 144.1, Max: 144.9, Diff: 1.7, Sum: 288.2]
      [GC Worker End (ms): Min: 4365706.3, Avg: 4365706.3, Max: 4365706.3, Diff: 0.0]
   [Code Root Fixup: 0.2 ms]
   [Code Root Migration: 0.0 ms]
   [Clear CT: 0.3 ms]
   [Other: 5.7 ms]
      [Choose CSet: 0.0 ms]
      [Ref Proc: 2.3 ms]
      [Ref Enq: 0.1 ms]
      [Free CSet: 0.4 ms]
   [Eden: 258.0M(258.0M)->0.0B(276.0M) Survivors: 20.0M->36.0M Heap: 1393.0M(4096.0M)->1152.0M(4096.0M)]
 [Times: user=0.28 sys=0.00, real=0.16 secs] 
2016-08-30T14:48:45.573+0200: 4375.708: [GC pause (young), 0.1605840 secs]
   [Parallel Time: 153.9 ms, GC Workers: 2]
      [GC Worker Start (ms): Min: 4375710.0, Avg: 4375710.0, Max: 4375710.0, Diff: 0.0]
      [Ext Root Scanning (ms): Min: 49.9, Avg: 50.0, Max: 50.0, Diff: 0.1, Sum: 99.9]
      [Update RS (ms): Min: 47.5, Avg: 48.0, Max: 48.5, Diff: 0.9, Sum: 96.0]
         [Processed Buffers: Min: 447, Avg: 452.0, Max: 457, Diff: 10, Sum: 904]
      [Scan RS (ms): Min: 8.7, Avg: 9.0, Max: 9.4, Diff: 0.8, Sum: 18.1]
      [Code Root Scanning (ms): Min: 0.1, Avg: 0.1, Max: 0.1, Diff: 0.0, Sum: 0.1]
      [Object Copy (ms): Min: 46.5, Avg: 46.6, Max: 46.7, Diff: 0.2, Sum: 93.2]
      [Termination (ms): Min: 0.0, Avg: 0.0, Max: 0.0, Diff: 0.0, Sum: 0.0]
      [GC Worker Other (ms): Min: 0.1, Avg: 0.1, Max: 0.1, Diff: 0.0, Sum: 0.3]
      [GC Worker Total (ms): Min: 153.8, Avg: 153.8, Max: 153.8, Diff: 0.0, Sum: 307.6]
      [GC Worker End (ms): Min: 4375863.8, Avg: 4375863.8, Max: 4375863.8, Diff: 0.0]
   [Code Root Fixup: 0.4 ms]
   [Code Root Migration: 0.0 ms]
   [Clear CT: 0.4 ms]
   [Other: 5.9 ms]
      [Choose CSet: 0.0 ms]
      [Ref Proc: 2.1 ms]
      [Ref Enq: 0.1 ms]
      [Free CSet: 0.5 ms]
   [Eden: 276.0M(276.0M)->0.0B(338.0M) Survivors: 36.0M->30.0M Heap: 1428.0M(4096.0M)->1173.0M(4096.0M)]
 [Times: user=0.32 sys=0.00, real=0.16 secs] 
2016-08-30T14:48:59.413+0200: 4389.548: [GC pause (young), 0.1739190 secs]
   [Parallel Time: 164.4 ms, GC Workers: 2]
      [GC Worker Start (ms): Min: 4389549.4, Avg: 4389549.4, Max: 4389549.4, Diff: 0.0]
      [Ext Root Scanning (ms): Min: 49.8, Avg: 50.1, Max: 50.3, Diff: 0.5, Sum: 100.1]
      [Update RS (ms): Min: 51.9, Avg: 52.8, Max: 53.8, Diff: 1.9, Sum: 105.7]
         [Processed Buffers: Min: 373, Avg: 436.5, Max: 500, Diff: 127, Sum: 873]
      [Scan RS (ms): Min: 11.9, Avg: 12.5, Max: 13.0, Diff: 1.1, Sum: 24.9]
      [Code Root Scanning (ms): Min: 0.1, Avg: 0.1, Max: 0.2, Diff: 0.1, Sum: 0.2]
      [Object Copy (ms): Min: 48.0, Avg: 48.7, Max: 49.4, Diff: 1.3, Sum: 97.4]
      [Termination (ms): Min: 0.0, Avg: 0.0, Max: 0.0, Diff: 0.0, Sum: 0.0]
      [GC Worker Other (ms): Min: 0.1, Avg: 0.1, Max: 0.1, Diff: 0.0, Sum: 0.3]
      [GC Worker Total (ms): Min: 164.3, Avg: 164.3, Max: 164.3, Diff: 0.0, Sum: 328.5]
      [GC Worker End (ms): Min: 4389713.6, Avg: 4389713.7, Max: 4389713.7, Diff: 0.0]
   [Code Root Fixup: 0.5 ms]
   [Code Root Migration: 0.1 ms]
   [Clear CT: 0.4 ms]
   [Other: 8.6 ms]
      [Choose CSet: 0.0 ms]
      [Ref Proc: 4.3 ms]
      [Ref Enq: 0.3 ms]
      [Free CSet: 0.9 ms]
   [Eden: 338.0M(338.0M)->0.0B(342.0M) Survivors: 30.0M->30.0M Heap: 1511.0M(4096.0M)->1194.0M(4096.0M)]
 [Times: user=0.32 sys=0.00, real=0.17 secs] 
2016-08-30T14:49:13.475+0200: 4403.609: [GC pause (young), 0.1837260 secs]
   [Parallel Time: 174.1 ms, GC Workers: 2]
      [GC Worker Start (ms): Min: 4403610.7, Avg: 4403610.7, Max: 4403610.7, Diff: 0.0]
      [Ext Root Scanning (ms): Min: 53.8, Avg: 59.3, Max: 64.8, Diff: 11.0, Sum: 118.6]
      [Update RS (ms): Min: 40.9, Avg: 47.1, Max: 53.3, Diff: 12.3, Sum: 94.2]
         [Processed Buffers: Min: 358, Avg: 421.0, Max: 484, Diff: 126, Sum: 842]
      [Scan RS (ms): Min: 10.8, Avg: 11.4, Max: 12.0, Diff: 1.3, Sum: 22.8]
      [Code Root Scanning (ms): Min: 0.1, Avg: 0.1, Max: 0.2, Diff: 0.1, Sum: 0.3]
      [Object Copy (ms): Min: 56.0, Avg: 56.0, Max: 56.0, Diff: 0.0, Sum: 112.0]
      [Termination (ms): Min: 0.0, Avg: 0.0, Max: 0.0, Diff: 0.0, Sum: 0.0]
      [GC Worker Other (ms): Min: 0.1, Avg: 0.1, Max: 0.2, Diff: 0.1, Sum: 0.2]
      [GC Worker Total (ms): Min: 174.0, Avg: 174.0, Max: 174.1, Diff: 0.0, Sum: 348.1]
      [GC Worker End (ms): Min: 4403784.7, Avg: 4403784.7, Max: 4403784.7, Diff: 0.0]
   [Code Root Fixup: 0.6 ms]
   [Code Root Migration: 0.1 ms]
   [Clear CT: 0.5 ms]
   [Other: 8.5 ms]
      [Choose CSet: 0.0 ms]
      [Ref Proc: 4.0 ms]
      [Ref Enq: 0.3 ms]
      [Free CSet: 1.0 ms]
   [Eden: 342.0M(342.0M)->0.0B(310.0M) Survivors: 30.0M->36.0M Heap: 1536.0M(4096.0M)->1221.0M(4096.0M)]
 [Times: user=0.34 sys=0.00, real=0.18 secs] 
2016-08-30T14:49:26.678+0200: 4416.813: [GC pause (young), 0.1593850 secs]
   [Parallel Time: 152.3 ms, GC Workers: 2]
      [GC Worker Start (ms): Min: 4416814.5, Avg: 4416814.6, Max: 4416814.6, Diff: 0.0]
      [Ext Root Scanning (ms): Min: 49.9, Avg: 50.4, Max: 50.9, Diff: 0.9, Sum: 100.8]
      [Update RS (ms): Min: 43.4, Avg: 43.6, Max: 43.7, Diff: 0.3, Sum: 87.1]
         [Processed Buffers: Min: 374, Avg: 380.0, Max: 386, Diff: 12, Sum: 760]
      [Scan RS (ms): Min: 10.3, Avg: 10.5, Max: 10.6, Diff: 0.3, Sum: 20.9]
      [Code Root Scanning (ms): Min: 0.1, Avg: 0.1, Max: 0.1, Diff: 0.0, Sum: 0.2]
      [Object Copy (ms): Min: 47.3, Avg: 47.5, Max: 47.7, Diff: 0.4, Sum: 95.0]
      [Termination (ms): Min: 0.0, Avg: 0.0, Max: 0.0, Diff: 0.0, Sum: 0.0]
      [GC Worker Other (ms): Min: 0.1, Avg: 0.1, Max: 0.1, Diff: 0.0, Sum: 0.3]
      [GC Worker Total (ms): Min: 152.2, Avg: 152.2, Max: 152.2, Diff: 0.0, Sum: 304.4]
      [GC Worker End (ms): Min: 4416966.8, Avg: 4416966.8, Max: 4416966.8, Diff: 0.0]
   [Code Root Fixup: 0.3 ms]
   [Code Root Migration: 0.0 ms]
   [Clear CT: 0.4 ms]
   [Other: 6.4 ms]
      [Choose CSet: 0.0 ms]
      [Ref Proc: 2.4 ms]
      [Ref Enq: 0.1 ms]
      [Free CSet: 0.6 ms]
   [Eden: 310.0M(310.0M)->0.0B(404.0M) Survivors: 36.0M->34.0M Heap: 1531.0M(4096.0M)->1241.0M(4096.0M)]
 [Times: user=0.31 sys=0.01, real=0.16 secs] 
2016-08-30T14:49:43.344+0200: 4433.478: [GC pause (young), 0.1950830 secs]
   [Parallel Time: 184.6 ms, GC Workers: 2]
      [GC Worker Start (ms): Min: 4433479.9, Avg: 4433479.9, Max: 4433479.9, Diff: 0.0]
      [Ext Root Scanning (ms): Min: 50.0, Avg: 50.2, Max: 50.5, Diff: 0.5, Sum: 100.4]
      [Update RS (ms): Min: 52.2, Avg: 52.6, Max: 52.9, Diff: 0.6, Sum: 105.1]
         [Processed Buffers: Min: 397, Avg: 433.0, Max: 469, Diff: 72, Sum: 866]
      [Scan RS (ms): Min: 10.0, Avg: 10.6, Max: 11.2, Diff: 1.2, Sum: 21.2]
      [Code Root Scanning (ms): Min: 0.1, Avg: 0.1, Max: 0.2, Diff: 0.0, Sum: 0.3]
      [Object Copy (ms): Min: 70.8, Avg: 70.8, Max: 70.8, Diff: 0.0, Sum: 141.6]
      [Termination (ms): Min: 0.0, Avg: 0.0, Max: 0.0, Diff: 0.0, Sum: 0.0]
      [GC Worker Other (ms): Min: 0.2, Avg: 0.2, Max: 0.2, Diff: 0.0, Sum: 0.3]
      [GC Worker Total (ms): Min: 184.5, Avg: 184.5, Max: 184.5, Diff: 0.0, Sum: 368.9]
      [GC Worker End (ms): Min: 4433664.4, Avg: 4433664.4, Max: 4433664.4, Diff: 0.0]
   [Code Root Fixup: 0.5 ms]
   [Code Root Migration: 0.1 ms]
   [Clear CT: 0.5 ms]
   [Other: 9.5 ms]
      [Choose CSet: 0.0 ms]
      [Ref Proc: 4.8 ms]
      [Ref Enq: 0.4 ms]
      [Free CSet: 1.0 ms]
   [Eden: 404.0M(404.0M)->0.0B(336.0M) Survivors: 34.0M->42.0M Heap: 1645.0M(4096.0M)->1271.0M(4096.0M)]
 [Times: user=0.36 sys=0.01, real=0.20 secs] 
2016-08-30T14:49:58.579+0200: 4448.713: [GC pause (young), 0.1579470 secs]
   [Parallel Time: 151.0 ms, GC Workers: 2]
      [GC Worker Start (ms): Min: 4448714.8, Avg: 4448714.9, Max: 4448714.9, Diff: 0.0]
      [Ext Root Scanning (ms): Min: 51.0, Avg: 51.3, Max: 51.6, Diff: 0.6, Sum: 102.6]
      [Update RS (ms): Min: 43.7, Avg: 44.1, Max: 44.4, Diff: 0.7, Sum: 88.1]
         [Processed Buffers: Min: 375, Avg: 386.0, Max: 397, Diff: 22, Sum: 772]
      [Scan RS (ms): Min: 10.0, Avg: 10.2, Max: 10.5, Diff: 0.5, Sum: 20.5]
      [Code Root Scanning (ms): Min: 0.1, Avg: 0.1, Max: 0.1, Diff: 0.1, Sum: 0.2]
      [Object Copy (ms): Min: 44.7, Avg: 45.1, Max: 45.5, Diff: 0.9, Sum: 90.2]
      [Termination (ms): Min: 0.0, Avg: 0.0, Max: 0.0, Diff: 0.0, Sum: 0.0]
      [GC Worker Other (ms): Min: 0.2, Avg: 0.2, Max: 0.2, Diff: 0.0, Sum: 0.3]
      [GC Worker Total (ms): Min: 150.9, Avg: 150.9, Max: 150.9, Diff: 0.0, Sum: 301.9]
      [GC Worker End (ms): Min: 4448865.8, Avg: 4448865.8, Max: 4448865.8, Diff: 0.0]
   [Code Root Fixup: 0.3 ms]
   [Code Root Migration: 0.1 ms]
   [Clear CT: 0.4 ms]
   [Other: 6.2 ms]
      [Choose CSet: 0.0 ms]
      [Ref Proc: 2.6 ms]
      [Ref Enq: 0.2 ms]
      [Free CSet: 0.7 ms]
   [Eden: 336.0M(336.0M)->0.0B(504.0M) Survivors: 42.0M->30.0M Heap: 1607.0M(4096.0M)->1283.0M(4096.0M)]
 [Times: user=0.31 sys=0.00, real=0.15 secs] 
2016-08-30T14:50:21.599+0200: 4471.734: [GC pause (young), 0.1963270 secs]
   [Parallel Time: 183.7 ms, GC Workers: 2]
      [GC Worker Start (ms): Min: 4471735.3, Avg: 4471735.3, Max: 4471735.3, Diff: 0.0]
      [Ext Root Scanning (ms): Min: 49.2, Avg: 49.7, Max: 50.2, Diff: 1.0, Sum: 99.5]
      [Update RS (ms): Min: 55.0, Avg: 56.3, Max: 57.6, Diff: 2.5, Sum: 112.6]
         [Processed Buffers: Min: 397, Avg: 410.5, Max: 424, Diff: 27, Sum: 821]
      [Scan RS (ms): Min: 11.5, Avg: 12.6, Max: 13.7, Diff: 2.1, Sum: 25.2]
      [Code Root Scanning (ms): Min: 0.2, Avg: 0.2, Max: 0.2, Diff: 0.0, Sum: 0.4]
      [Object Copy (ms): Min: 64.4, Avg: 64.7, Max: 65.0, Diff: 0.6, Sum: 129.4]
      [Termination (ms): Min: 0.0, Avg: 0.0, Max: 0.0, Diff: 0.0, Sum: 0.0]
      [GC Worker Other (ms): Min: 0.1, Avg: 0.1, Max: 0.1, Diff: 0.0, Sum: 0.3]
      [GC Worker Total (ms): Min: 183.6, Avg: 183.7, Max: 183.7, Diff: 0.0, Sum: 367.3]
      [GC Worker End (ms): Min: 4471918.9, Avg: 4471918.9, Max: 4471918.9, Diff: 0.0]
   [Code Root Fixup: 0.4 ms]
   [Code Root Migration: 0.1 ms]
   [Clear CT: 0.6 ms]
   [Other: 11.5 ms]
      [Choose CSet: 0.0 ms]
      [Ref Proc: 6.4 ms]
      [Ref Enq: 0.5 ms]
      [Free CSet: 1.6 ms]
   [Eden: 504.0M(504.0M)->0.0B(354.0M) Survivors: 30.0M->64.0M Heap: 1787.0M(4096.0M)->1316.0M(4096.0M)]
 [Times: user=0.38 sys=0.00, real=0.20 secs] 
2016-08-30T14:50:37.005+0200: 4487.140: [GC pause (young), 0.2206210 secs]
   [Parallel Time: 208.4 ms, GC Workers: 2]
      [GC Worker Start (ms): Min: 4487144.6, Avg: 4487144.6, Max: 4487144.6, Diff: 0.0]
      [Ext Root Scanning (ms): Min: 62.7, Avg: 77.7, Max: 92.7, Diff: 30.0, Sum: 155.4]
      [Update RS (ms): Min: 26.1, Avg: 40.0, Max: 53.9, Diff: 27.7, Sum: 80.0]
         [Processed Buffers: Min: 184, Avg: 356.5, Max: 529, Diff: 345, Sum: 713]
      [Scan RS (ms): Min: 19.7, Avg: 21.8, Max: 23.8, Diff: 4.1, Sum: 43.5]
      [Code Root Scanning (ms): Min: 0.1, Avg: 0.1, Max: 0.2, Diff: 0.1, Sum: 0.2]
      [Object Copy (ms): Min: 65.5, Avg: 68.2, Max: 70.9, Diff: 5.4, Sum: 136.4]
      [Termination (ms): Min: 0.0, Avg: 0.5, Max: 0.9, Diff: 0.9, Sum: 0.9]
      [GC Worker Other (ms): Min: 0.1, Avg: 0.1, Max: 0.1, Diff: 0.0, Sum: 0.2]
      [GC Worker Total (ms): Min: 208.4, Avg: 208.4, Max: 208.4, Diff: 0.0, Sum: 416.7]
      [GC Worker End (ms): Min: 4487353.0, Avg: 4487353.0, Max: 4487353.0, Diff: 0.0]
   [Code Root Fixup: 0.3 ms]
   [Code Root Migration: 0.0 ms]
   [Clear CT: 0.3 ms]
   [Other: 11.5 ms]
      [Choose CSet: 0.0 ms]
      [Ref Proc: 4.5 ms]
      [Ref Enq: 0.2 ms]
      [Free CSet: 0.7 ms]
   [Eden: 354.0M(354.0M)->0.0B(224.0M) Survivors: 64.0M->42.0M Heap: 1670.0M(4096.0M)->1327.0M(4096.0M)]
 [Times: user=0.28 sys=0.00, real=0.22 secs] 
2016-08-30T14:50:45.109+0200: 4495.244: [GC pause (young), 0.1678580 secs]
   [Parallel Time: 158.5 ms, GC Workers: 2]
      [GC Worker Start (ms): Min: 4495245.4, Avg: 4495245.4, Max: 4495245.5, Diff: 0.1]
      [Ext Root Scanning (ms): Min: 50.6, Avg: 52.0, Max: 53.5, Diff: 2.9, Sum: 104.0]
      [Update RS (ms): Min: 38.5, Avg: 40.2, Max: 42.0, Diff: 3.5, Sum: 80.4]
         [Processed Buffers: Min: 356, Avg: 388.5, Max: 421, Diff: 65, Sum: 777]
      [Scan RS (ms): Min: 8.9, Avg: 9.0, Max: 9.1, Diff: 0.2, Sum: 18.0]
      [Code Root Scanning (ms): Min: 0.1, Avg: 0.1, Max: 0.1, Diff: 0.0, Sum: 0.2]
      [Object Copy (ms): Min: 56.8, Avg: 56.9, Max: 57.0, Diff: 0.3, Sum: 113.8]
      [Termination (ms): Min: 0.0, Avg: 0.0, Max: 0.0, Diff: 0.0, Sum: 0.0]
      [GC Worker Other (ms): Min: 0.1, Avg: 0.2, Max: 0.2, Diff: 0.0, Sum: 0.3]
      [GC Worker Total (ms): Min: 158.3, Avg: 158.4, Max: 158.4, Diff: 0.1, Sum: 316.8]
      [GC Worker End (ms): Min: 4495403.8, Avg: 4495403.8, Max: 4495403.8, Diff: 0.0]
   [Code Root Fixup: 0.5 ms]
   [Code Root Migration: 0.1 ms]
   [Clear CT: 0.5 ms]
   [Other: 8.3 ms]
      [Choose CSet: 0.0 ms]
      [Ref Proc: 3.7 ms]
      [Ref Enq: 0.3 ms]
      [Free CSet: 0.7 ms]
   [Eden: 224.0M(224.0M)->0.0B(332.0M) Survivors: 42.0M->28.0M Heap: 1551.0M(4096.0M)->1347.0M(4096.0M)]
 [Times: user=0.33 sys=0.01, real=0.17 secs] 
2016-08-30T14:50:59.017+0200: 4509.151: [GC pause (young), 0.1664040 secs]
   [Parallel Time: 158.9 ms, GC Workers: 2]
      [GC Worker Start (ms): Min: 4509153.2, Avg: 4509153.2, Max: 4509153.2, Diff: 0.0]
      [Ext Root Scanning (ms): Min: 49.8, Avg: 50.2, Max: 50.7, Diff: 0.9, Sum: 100.5]
      [Update RS (ms): Min: 47.6, Avg: 47.9, Max: 48.2, Diff: 0.6, Sum: 95.8]
         [Processed Buffers: Min: 408, Avg: 430.5, Max: 453, Diff: 45, Sum: 861]
      [Scan RS (ms): Min: 8.4, Avg: 8.4, Max: 8.5, Diff: 0.1, Sum: 16.8]
      [Code Root Scanning (ms): Min: 0.1, Avg: 0.1, Max: 0.1, Diff: 0.0, Sum: 0.2]
      [Object Copy (ms): Min: 51.3, Avg: 52.0, Max: 52.7, Diff: 1.4, Sum: 104.0]
      [Termination (ms): Min: 0.0, Avg: 0.0, Max: 0.0, Diff: 0.0, Sum: 0.0]
      [GC Worker Other (ms): Min: 0.1, Avg: 0.1, Max: 0.2, Diff: 0.0, Sum: 0.3]
      [GC Worker Total (ms): Min: 158.8, Avg: 158.8, Max: 158.8, Diff: 0.0, Sum: 317.7]
      [GC Worker End (ms): Min: 4509312.1, Avg: 4509312.1, Max: 4509312.1, Diff: 0.0]
   [Code Root Fixup: 0.3 ms]
   [Code Root Migration: 0.1 ms]
   [Clear CT: 0.4 ms]
   [Other: 6.8 ms]
      [Choose CSet: 0.0 ms]
      [Ref Proc: 2.8 ms]
      [Ref Enq: 0.2 ms]
      [Free CSet: 0.7 ms]
   [Eden: 332.0M(332.0M)->0.0B(344.0M) Survivors: 28.0M->38.0M Heap: 1679.0M(4096.0M)->1376.0M(4096.0M)]
 [Times: user=0.31 sys=0.01, real=0.17 secs] 
2016-08-30T14:51:13.226+0200: 4523.360: [GC pause (young), 0.1729270 secs]
   [Parallel Time: 163.7 ms, GC Workers: 2]
      [GC Worker Start (ms): Min: 4523362.1, Avg: 4523362.1, Max: 4523362.1, Diff: 0.0]
      [Ext Root Scanning (ms): Min: 49.5, Avg: 49.7, Max: 49.8, Diff: 0.3, Sum: 99.4]
      [Update RS (ms): Min: 45.0, Avg: 45.0, Max: 45.0, Diff: 0.0, Sum: 90.0]
         [Processed Buffers: Min: 368, Avg: 412.5, Max: 457, Diff: 89, Sum: 825]
      [Scan RS (ms): Min: 11.3, Avg: 11.3, Max: 11.3, Diff: 0.0, Sum: 22.7]
      [Code Root Scanning (ms): Min: 0.1, Avg: 0.1, Max: 0.1, Diff: 0.0, Sum: 0.2]
      [Object Copy (ms): Min: 57.2, Avg: 57.4, Max: 57.5, Diff: 0.3, Sum: 114.8]
      [Termination (ms): Min: 0.0, Avg: 0.0, Max: 0.0, Diff: 0.0, Sum: 0.0]
      [GC Worker Other (ms): Min: 0.1, Avg: 0.1, Max: 0.2, Diff: 0.0, Sum: 0.3]
      [GC Worker Total (ms): Min: 163.6, Avg: 163.7, Max: 163.7, Diff: 0.0, Sum: 327.3]
      [GC Worker End (ms): Min: 4523525.7, Avg: 4523525.7, Max: 4523525.7, Diff: 0.0]
   [Code Root Fixup: 0.4 ms]
   [Code Root Migration: 0.1 ms]
   [Clear CT: 0.5 ms]
   [Other: 8.2 ms]
      [Choose CSet: 0.0 ms]
      [Ref Proc: 3.6 ms]
      [Ref Enq: 0.3 ms]
      [Free CSet: 1.0 ms]
   [Eden: 344.0M(344.0M)->0.0B(374.0M) Survivors: 38.0M->38.0M Heap: 1720.0M(4096.0M)->1400.0M(4096.0M)]
 [Times: user=0.33 sys=0.00, real=0.17 secs] 
2016-08-30T14:51:30.038+0200: 4540.173: [GC pause (young), 0.1692550 secs]
   [Parallel Time: 161.7 ms, GC Workers: 2]
      [GC Worker Start (ms): Min: 4540174.3, Avg: 4540174.3, Max: 4540174.3, Diff: 0.0]
      [Ext Root Scanning (ms): Min: 50.3, Avg: 51.0, Max: 51.7, Diff: 1.4, Sum: 102.1]
      [Update RS (ms): Min: 52.4, Avg: 53.1, Max: 53.8, Diff: 1.4, Sum: 106.1]
         [Processed Buffers: Min: 381, Avg: 390.0, Max: 399, Diff: 18, Sum: 780]
      [Scan RS (ms): Min: 10.2, Avg: 10.7, Max: 11.3, Diff: 1.2, Sum: 21.5]
      [Code Root Scanning (ms): Min: 0.1, Avg: 0.1, Max: 0.2, Diff: 0.1, Sum: 0.3]
      [Object Copy (ms): Min: 45.9, Avg: 46.5, Max: 47.1, Diff: 1.2, Sum: 93.0]
      [Termination (ms): Min: 0.0, Avg: 0.0, Max: 0.0, Diff: 0.0, Sum: 0.0]
      [GC Worker Other (ms): Min: 0.1, Avg: 0.1, Max: 0.2, Diff: 0.0, Sum: 0.3]
      [GC Worker Total (ms): Min: 161.6, Avg: 161.6, Max: 161.6, Diff: 0.0, Sum: 323.2]
      [GC Worker End (ms): Min: 4540335.9, Avg: 4540335.9, Max: 4540335.9, Diff: 0.0]
   [Code Root Fixup: 0.2 ms]
   [Code Root Migration: 0.1 ms]
   [Clear CT: 0.4 ms]
   [Other: 6.9 ms]
      [Choose CSet: 0.0 ms]
      [Ref Proc: 3.3 ms]
      [Ref Enq: 0.2 ms]
      [Free CSet: 0.7 ms]
   [Eden: 374.0M(374.0M)->0.0B(420.0M) Survivors: 38.0M->40.0M Heap: 1774.0M(4096.0M)->1425.0M(4096.0M)]
 [Times: user=0.33 sys=0.00, real=0.17 secs] 
2016-08-30T14:51:48.298+0200: 4558.433: [GC pause (young), 0.3091120 secs]
   [Parallel Time: 302.8 ms, GC Workers: 2]
      [GC Worker Start (ms): Min: 4558433.5, Avg: 4558434.7, Max: 4558436.0, Diff: 2.5]
      [Ext Root Scanning (ms): Min: 74.9, Avg: 75.9, Max: 76.9, Diff: 2.0, Sum: 151.7]
      [Update RS (ms): Min: 83.9, Avg: 86.0, Max: 88.1, Diff: 4.2, Sum: 172.1]
         [Processed Buffers: Min: 359, Avg: 435.5, Max: 512, Diff: 153, Sum: 871]
      [Scan RS (ms): Min: 31.6, Avg: 36.3, Max: 40.9, Diff: 9.3, Sum: 72.5]
      [Code Root Scanning (ms): Min: 0.1, Avg: 0.1, Max: 0.1, Diff: 0.0, Sum: 0.1]
      [Object Copy (ms): Min: 94.4, Avg: 96.1, Max: 97.7, Diff: 3.3, Sum: 192.1]
      [Termination (ms): Min: 0.0, Avg: 6.0, Max: 12.0, Diff: 12.0, Sum: 12.0]
      [GC Worker Other (ms): Min: 0.1, Avg: 0.1, Max: 0.1, Diff: 0.0, Sum: 0.2]
      [GC Worker Total (ms): Min: 300.3, Avg: 300.4, Max: 300.6, Diff: 0.3, Sum: 600.8]
      [GC Worker End (ms): Min: 4558734.0, Avg: 4558735.1, Max: 4558736.2, Diff: 2.2]
   [Code Root Fixup: 0.2 ms]
   [Code Root Migration: 0.1 ms]
   [Clear CT: 0.3 ms]
   [Other: 5.8 ms]
      [Choose CSet: 0.0 ms]
      [Ref Proc: 3.2 ms]
      [Ref Enq: 0.2 ms]
      [Free CSet: 0.6 ms]
   [Eden: 420.0M(420.0M)->0.0B(156.0M) Survivors: 40.0M->48.0M Heap: 1845.0M(4096.0M)->1456.0M(4096.0M)]
 [Times: user=0.20 sys=0.00, real=0.31 secs] 
2016-08-30T14:51:55.057+0200: 4565.191: [GC pause (young), 0.1483180 secs]
   [Parallel Time: 142.1 ms, GC Workers: 2]
      [GC Worker Start (ms): Min: 4565192.4, Avg: 4565192.4, Max: 4565192.4, Diff: 0.0]
      [Ext Root Scanning (ms): Min: 50.1, Avg: 50.1, Max: 50.2, Diff: 0.1, Sum: 100.2]
      [Update RS (ms): Min: 33.2, Avg: 33.7, Max: 34.2, Diff: 1.0, Sum: 67.4]
         [Processed Buffers: Min: 276, Avg: 298.5, Max: 321, Diff: 45, Sum: 597]
      [Scan RS (ms): Min: 9.6, Avg: 9.6, Max: 9.6, Diff: 0.0, Sum: 19.1]
      [Code Root Scanning (ms): Min: 0.0, Avg: 0.1, Max: 0.1, Diff: 0.0, Sum: 0.1]
      [Object Copy (ms): Min: 47.9, Avg: 48.3, Max: 48.8, Diff: 0.8, Sum: 96.7]
      [Termination (ms): Min: 0.0, Avg: 0.0, Max: 0.0, Diff: 0.0, Sum: 0.0]
      [GC Worker Other (ms): Min: 0.1, Avg: 0.1, Max: 0.1, Diff: 0.0, Sum: 0.3]
      [GC Worker Total (ms): Min: 141.9, Avg: 141.9, Max: 141.9, Diff: 0.0, Sum: 283.9]
      [GC Worker End (ms): Min: 4565334.3, Avg: 4565334.3, Max: 4565334.3, Diff: 0.0]
   [Code Root Fixup: 0.4 ms]
   [Code Root Migration: 0.0 ms]
   [Clear CT: 0.5 ms]
   [Other: 5.4 ms]
      [Choose CSet: 0.0 ms]
      [Ref Proc: 2.0 ms]
      [Ref Enq: 0.1 ms]
      [Free CSet: 0.5 ms]
   [Eden: 156.0M(156.0M)->0.0B(216.0M) Survivors: 48.0M->18.0M Heap: 1612.0M(4096.0M)->1458.0M(4096.0M)]
 [Times: user=0.29 sys=0.00, real=0.14 secs] 
2016-08-30T14:52:04.044+0200: 4574.178: [GC pause (young), 0.1445030 secs]
   [Parallel Time: 138.9 ms, GC Workers: 2]
      [GC Worker Start (ms): Min: 4574180.1, Avg: 4574180.1, Max: 4574180.1, Diff: 0.0]
      [Ext Root Scanning (ms): Min: 53.0, Avg: 53.9, Max: 54.8, Diff: 1.9, Sum: 107.8]
      [Update RS (ms): Min: 43.0, Avg: 44.3, Max: 45.6, Diff: 2.6, Sum: 88.7]
         [Processed Buffers: Min: 367, Avg: 383.5, Max: 400, Diff: 33, Sum: 767]
      [Scan RS (ms): Min: 5.8, Avg: 5.9, Max: 6.1, Diff: 0.3, Sum: 11.8]
      [Code Root Scanning (ms): Min: 0.1, Avg: 0.1, Max: 0.1, Diff: 0.0, Sum: 0.2]
      [Object Copy (ms): Min: 33.9, Avg: 34.4, Max: 34.9, Diff: 1.1, Sum: 68.8]
      [Termination (ms): Min: 0.0, Avg: 0.0, Max: 0.0, Diff: 0.0, Sum: 0.0]
      [GC Worker Other (ms): Min: 0.1, Avg: 0.2, Max: 0.2, Diff: 0.0, Sum: 0.3]
      [GC Worker Total (ms): Min: 138.8, Avg: 138.8, Max: 138.8, Diff: 0.0, Sum: 277.6]
      [GC Worker End (ms): Min: 4574318.9, Avg: 4574318.9, Max: 4574318.9, Diff: 0.0]
   [Code Root Fixup: 0.3 ms]
   [Code Root Migration: 0.0 ms]
   [Clear CT: 0.4 ms]
   [Other: 5.0 ms]
      [Choose CSet: 0.0 ms]
      [Ref Proc: 1.7 ms]
      [Ref Enq: 0.1 ms]
      [Free CSet: 0.4 ms]
   [Eden: 216.0M(216.0M)->0.0B(322.0M) Survivors: 18.0M->22.0M Heap: 1674.0M(4096.0M)->1477.0M(4096.0M)]
 [Times: user=0.27 sys=0.01, real=0.15 secs] 
2016-08-30T14:52:16.575+0200: 4586.710: [GC pause (young), 0.1776790 secs]
   [Parallel Time: 166.6 ms, GC Workers: 2]
      [GC Worker Start (ms): Min: 4586711.6, Avg: 4586711.6, Max: 4586711.6, Diff: 0.0]
      [Ext Root Scanning (ms): Min: 52.1, Avg: 52.9, Max: 53.7, Diff: 1.7, Sum: 105.8]
      [Update RS (ms): Min: 49.9, Avg: 50.0, Max: 50.1, Diff: 0.2, Sum: 100.0]
         [Processed Buffers: Min: 423, Avg: 451.0, Max: 479, Diff: 56, Sum: 902]
      [Scan RS (ms): Min: 8.6, Avg: 8.7, Max: 8.8, Diff: 0.2, Sum: 17.4]
      [Code Root Scanning (ms): Min: 0.1, Avg: 0.1, Max: 0.1, Diff: 0.0, Sum: 0.2]
      [Object Copy (ms): Min: 53.8, Avg: 54.6, Max: 55.4, Diff: 1.6, Sum: 109.2]
      [Termination (ms): Min: 0.0, Avg: 0.0, Max: 0.0, Diff: 0.0, Sum: 0.0]
      [GC Worker Other (ms): Min: 0.1, Avg: 0.1, Max: 0.2, Diff: 0.0, Sum: 0.3]
      [GC Worker Total (ms): Min: 166.4, Avg: 166.4, Max: 166.4, Diff: 0.0, Sum: 332.9]
      [GC Worker End (ms): Min: 4586878.0, Avg: 4586878.0, Max: 4586878.0, Diff: 0.0]
   [Code Root Fixup: 0.4 ms]
   [Code Root Migration: 0.1 ms]
   [Clear CT: 0.5 ms]
   [Other: 10.1 ms]
      [Choose CSet: 0.0 ms]
      [Ref Proc: 5.6 ms]
      [Ref Enq: 0.4 ms]
      [Free CSet: 0.9 ms]
   [Eden: 322.0M(322.0M)->0.0B(262.0M) Survivors: 22.0M->44.0M Heap: 1799.0M(4096.0M)->1509.0M(4096.0M)]
 [Times: user=0.34 sys=0.00, real=0.18 secs] 
2016-08-30T14:52:27.356+0200: 4597.490: [GC pause (young), 0.1882120 secs]
   [Parallel Time: 179.5 ms, GC Workers: 2]
      [GC Worker Start (ms): Min: 4597492.0, Avg: 4597492.0, Max: 4597492.1, Diff: 0.0]
      [Ext Root Scanning (ms): Min: 50.5, Avg: 52.3, Max: 54.1, Diff: 3.5, Sum: 104.6]
      [Update RS (ms): Min: 44.4, Avg: 46.8, Max: 49.1, Diff: 4.8, Sum: 93.5]
         [Processed Buffers: Min: 413, Avg: 458.0, Max: 503, Diff: 90, Sum: 916]
      [Scan RS (ms): Min: 10.8, Avg: 11.3, Max: 11.8, Diff: 1.0, Sum: 22.6]
      [Code Root Scanning (ms): Min: 0.1, Avg: 0.1, Max: 0.1, Diff: 0.0, Sum: 0.2]
      [Object Copy (ms): Min: 68.7, Avg: 68.8, Max: 69.0, Diff: 0.3, Sum: 137.6]
      [Termination (ms): Min: 0.0, Avg: 0.0, Max: 0.0, Diff: 0.0, Sum: 0.0]
      [GC Worker Other (ms): Min: 0.1, Avg: 0.2, Max: 0.2, Diff: 0.0, Sum: 0.3]
      [GC Worker Total (ms): Min: 179.4, Avg: 179.4, Max: 179.4, Diff: 0.0, Sum: 358.9]
      [GC Worker End (ms): Min: 4597671.5, Avg: 4597671.5, Max: 4597671.5, Diff: 0.0]
   [Code Root Fixup: 0.4 ms]
   [Code Root Migration: 0.1 ms]
   [Clear CT: 0.9 ms]
   [Other: 7.3 ms]
      [Choose CSet: 0.0 ms]
      [Ref Proc: 3.1 ms]
      [Ref Enq: 0.2 ms]
      [Free CSet: 0.7 ms]
   [Eden: 262.0M(262.0M)->0.0B(378.0M) Survivors: 44.0M->24.0M Heap: 1771.0M(4096.0M)->1532.0M(4096.0M)]
 [Times: user=0.35 sys=0.00, real=0.19 secs] 
2016-08-30T14:52:41.381+0200: 4611.516: [GC pause (young), 0.1839760 secs]
   [Parallel Time: 174.9 ms, GC Workers: 2]
      [GC Worker Start (ms): Min: 4611518.3, Avg: 4611519.3, Max: 4611520.3, Diff: 1.9]
      [Ext Root Scanning (ms): Min: 52.5, Avg: 52.6, Max: 52.7, Diff: 0.1, Sum: 105.2]
      [Update RS (ms): Min: 52.1, Avg: 53.2, Max: 54.2, Diff: 2.1, Sum: 106.3]
         [Processed Buffers: Min: 434, Avg: 443.5, Max: 453, Diff: 19, Sum: 887]
      [Scan RS (ms): Min: 13.0, Avg: 13.8, Max: 14.5, Diff: 1.5, Sum: 27.5]
      [Code Root Scanning (ms): Min: 0.1, Avg: 0.1, Max: 0.1, Diff: 0.0, Sum: 0.2]
      [Object Copy (ms): Min: 53.4, Avg: 54.0, Max: 54.6, Diff: 1.3, Sum: 108.0]
      [Termination (ms): Min: 0.0, Avg: 0.0, Max: 0.0, Diff: 0.0, Sum: 0.0]
      [GC Worker Other (ms): Min: 0.1, Avg: 0.1, Max: 0.2, Diff: 0.0, Sum: 0.3]
      [GC Worker Total (ms): Min: 172.8, Avg: 173.8, Max: 174.8, Diff: 1.9, Sum: 347.6]
      [GC Worker End (ms): Min: 4611693.1, Avg: 4611693.1, Max: 4611693.1, Diff: 0.0]
   [Code Root Fixup: 0.3 ms]
   [Code Root Migration: 0.1 ms]
   [Clear CT: 0.4 ms]
   [Other: 8.3 ms]
      [Choose CSet: 0.0 ms]
      [Ref Proc: 3.1 ms]
      [Ref Enq: 0.2 ms]
      [Free CSet: 0.9 ms]
   [Eden: 342.0M(234.0M)->0.0B(314.0M) Survivors: 24.0M->32.0M Heap: 1874.0M(4096.0M)->1556.0M(4096.0M)]
 [Times: user=0.34 sys=0.00, real=0.19 secs] 
2016-08-30T14:52:52.621+0200: 4622.755: [GC pause (young), 0.1375720 secs]
   [Parallel Time: 130.9 ms, GC Workers: 2]
      [GC Worker Start (ms): Min: 4622756.5, Avg: 4622756.5, Max: 4622756.6, Diff: 0.0]
      [Ext Root Scanning (ms): Min: 51.6, Avg: 58.6, Max: 65.7, Diff: 14.1, Sum: 117.3]
      [Update RS (ms): Min: 22.2, Avg: 30.6, Max: 39.0, Diff: 16.8, Sum: 61.3]
         [Processed Buffers: Min: 328, Avg: 344.5, Max: 361, Diff: 33, Sum: 689]
      [Scan RS (ms): Min: 8.0, Avg: 8.1, Max: 8.3, Diff: 0.3, Sum: 16.3]
      [Code Root Scanning (ms): Min: 0.0, Avg: 0.1, Max: 0.1, Diff: 0.1, Sum: 0.1]
      [Object Copy (ms): Min: 32.0, Avg: 33.2, Max: 34.4, Diff: 2.4, Sum: 66.4]
      [Termination (ms): Min: 0.0, Avg: 0.0, Max: 0.0, Diff: 0.0, Sum: 0.0]
      [GC Worker Other (ms): Min: 0.1, Avg: 0.2, Max: 0.2, Diff: 0.1, Sum: 0.3]
      [GC Worker Total (ms): Min: 130.8, Avg: 130.8, Max: 130.9, Diff: 0.0, Sum: 261.7]
      [GC Worker End (ms): Min: 4622887.4, Avg: 4622887.4, Max: 4622887.4, Diff: 0.0]
   [Code Root Fixup: 0.3 ms]
   [Code Root Migration: 0.0 ms]
   [Clear CT: 0.5 ms]
   [Other: 5.8 ms]
      [Choose CSet: 0.0 ms]
      [Ref Proc: 2.4 ms]
      [Ref Enq: 0.2 ms]
      [Free CSet: 0.6 ms]
   [Eden: 230.0M(174.0M)->0.0B(554.0M) Survivors: 32.0M->18.0M Heap: 1786.0M(4096.0M)->1563.0M(4096.0M)]
 [Times: user=0.27 sys=0.00, real=0.14 secs] 
2016-08-30T14:53:12.347+0200: 4642.482: [GC pause (young), 0.1966610 secs]
   [Parallel Time: 186.7 ms, GC Workers: 2]
      [GC Worker Start (ms): Min: 4642483.0, Avg: 4642483.0, Max: 4642483.0, Diff: 0.0]
      [Ext Root Scanning (ms): Min: 56.1, Avg: 57.6, Max: 59.1, Diff: 3.0, Sum: 115.2]
      [Update RS (ms): Min: 51.6, Avg: 53.2, Max: 54.7, Diff: 3.1, Sum: 106.3]
         [Processed Buffers: Min: 418, Avg: 432.0, Max: 446, Diff: 28, Sum: 864]
      [Scan RS (ms): Min: 8.1, Avg: 8.5, Max: 8.9, Diff: 0.7, Sum: 17.0]
      [Code Root Scanning (ms): Min: 0.1, Avg: 0.1, Max: 0.2, Diff: 0.1, Sum: 0.3]
      [Object Copy (ms): Min: 64.5, Avg: 67.1, Max: 69.7, Diff: 5.2, Sum: 134.2]
      [Termination (ms): Min: 0.0, Avg: 0.0, Max: 0.0, Diff: 0.0, Sum: 0.0]
      [GC Worker Other (ms): Min: 0.1, Avg: 0.1, Max: 0.2, Diff: 0.1, Sum: 0.2]
      [GC Worker Total (ms): Min: 186.6, Avg: 186.6, Max: 186.6, Diff: 0.0, Sum: 373.3]
      [GC Worker End (ms): Min: 4642669.6, Avg: 4642669.6, Max: 4642669.6, Diff: 0.0]
   [Code Root Fixup: 0.5 ms]
   [Code Root Migration: 0.1 ms]
   [Clear CT: 0.5 ms]
   [Other: 8.9 ms]
      [Choose CSet: 0.0 ms]
      [Ref Proc: 4.9 ms]
      [Ref Enq: 0.3 ms]
      [Free CSet: 1.0 ms]
   [Eden: 456.0M(436.0M)->0.0B(316.0M) Survivors: 18.0M->58.0M Heap: 2019.0M(4096.0M)->1613.0M(4096.0M)]
 [Times: user=0.33 sys=0.00, real=0.20 secs] 
2016-08-30T14:53:19.831+0200: 4649.965: [GC pause (young), 0.1721760 secs]
   [Parallel Time: 165.2 ms, GC Workers: 2]
      [GC Worker Start (ms): Min: 4649966.7, Avg: 4649967.4, Max: 4649968.2, Diff: 1.4]
      [Ext Root Scanning (ms): Min: 50.9, Avg: 51.6, Max: 52.2, Diff: 1.3, Sum: 103.1]
      [Update RS (ms): Min: 36.0, Avg: 36.4, Max: 36.7, Diff: 0.7, Sum: 72.7]
         [Processed Buffers: Min: 315, Avg: 357.5, Max: 400, Diff: 85, Sum: 715]
      [Scan RS (ms): Min: 13.8, Avg: 13.9, Max: 14.1, Diff: 0.3, Sum: 27.9]
      [Code Root Scanning (ms): Min: 0.1, Avg: 0.1, Max: 0.1, Diff: 0.0, Sum: 0.2]
      [Object Copy (ms): Min: 62.0, Avg: 62.2, Max: 62.5, Diff: 0.5, Sum: 124.4]
      [Termination (ms): Min: 0.0, Avg: 0.0, Max: 0.0, Diff: 0.0, Sum: 0.0]
      [GC Worker Other (ms): Min: 0.2, Avg: 0.2, Max: 0.2, Diff: 0.0, Sum: 0.4]
      [GC Worker Total (ms): Min: 163.6, Avg: 164.3, Max: 165.1, Diff: 1.5, Sum: 328.7]
      [GC Worker End (ms): Min: 4650131.8, Avg: 4650131.8, Max: 4650131.8, Diff: 0.0]
   [Code Root Fixup: 0.4 ms]
   [Code Root Migration: 0.0 ms]
   [Clear CT: 0.5 ms]
   [Other: 6.1 ms]
      [Choose CSet: 0.0 ms]
      [Ref Proc: 2.3 ms]
      [Ref Enq: 0.2 ms]
      [Free CSet: 0.6 ms]
   [Eden: 182.0M(182.0M)->0.0B(600.0M) Survivors: 58.0M->20.0M Heap: 1795.0M(4096.0M)->1632.0M(4096.0M)]
 [Times: user=0.33 sys=0.00, real=0.17 secs] 
2016-08-30T14:53:41.300+0200: 4671.435: [GC pause (young), 0.1734910 secs]
   [Parallel Time: 165.1 ms, GC Workers: 2]
      [GC Worker Start (ms): Min: 4671436.5, Avg: 4671436.6, Max: 4671436.6, Diff: 0.0]
      [Ext Root Scanning (ms): Min: 50.8, Avg: 52.3, Max: 53.7, Diff: 2.9, Sum: 104.5]
      [Update RS (ms): Min: 55.4, Avg: 56.8, Max: 58.3, Diff: 3.0, Sum: 113.7]
         [Processed Buffers: Min: 411, Avg: 413.5, Max: 416, Diff: 5, Sum: 827]
      [Scan RS (ms): Min: 9.0, Avg: 9.6, Max: 10.2, Diff: 1.2, Sum: 19.2]
      [Code Root Scanning (ms): Min: 0.1, Avg: 0.2, Max: 0.2, Diff: 0.1, Sum: 0.3]
      [Object Copy (ms): Min: 45.2, Avg: 45.9, Max: 46.7, Diff: 1.4, Sum: 91.9]
      [Termination (ms): Min: 0.0, Avg: 0.0, Max: 0.0, Diff: 0.0, Sum: 0.0]
      [GC Worker Other (ms): Min: 0.1, Avg: 0.2, Max: 0.2, Diff: 0.0, Sum: 0.3]
      [GC Worker Total (ms): Min: 165.0, Avg: 165.0, Max: 165.0, Diff: 0.0, Sum: 330.0]
      [GC Worker End (ms): Min: 4671601.5, Avg: 4671601.5, Max: 4671601.5, Diff: 0.0]
   [Code Root Fixup: 0.2 ms]
   [Code Root Migration: 0.1 ms]
   [Clear CT: 0.5 ms]
   [Other: 7.7 ms]
      [Choose CSet: 0.0 ms]
      [Ref Proc: 3.7 ms]
      [Ref Enq: 0.3 ms]
      [Free CSet: 0.9 ms]
   [Eden: 476.0M(476.0M)->0.0B(392.0M) Survivors: 20.0M->54.0M Heap: 2108.0M(4096.0M)->1666.0M(4096.0M)]
 [Times: user=0.33 sys=0.01, real=0.18 secs] 
2016-08-30T14:53:53.301+0200: 4683.436: [GC pause (young), 0.2215950 secs]
   [Parallel Time: 207.8 ms, GC Workers: 2]
      [GC Worker Start (ms): Min: 4683437.5, Avg: 4683437.5, Max: 4683437.5, Diff: 0.0]
      [Ext Root Scanning (ms): Min: 52.7, Avg: 54.0, Max: 55.2, Diff: 2.5, Sum: 108.0]
      [Update RS (ms): Min: 50.0, Avg: 50.5, Max: 51.1, Diff: 1.2, Sum: 101.1]
         [Processed Buffers: Min: 325, Avg: 374.0, Max: 423, Diff: 98, Sum: 748]
      [Scan RS (ms): Min: 15.6, Avg: 16.1, Max: 16.6, Diff: 1.0, Sum: 32.2]
      [Code Root Scanning (ms): Min: 0.1, Avg: 0.1, Max: 0.2, Diff: 0.1, Sum: 0.3]
      [Object Copy (ms): Min: 86.6, Avg: 86.7, Max: 86.9, Diff: 0.3, Sum: 173.5]
      [Termination (ms): Min: 0.0, Avg: 0.0, Max: 0.0, Diff: 0.0, Sum: 0.0]
      [GC Worker Other (ms): Min: 0.2, Avg: 0.2, Max: 0.2, Diff: 0.0, Sum: 0.4]
      [GC Worker Total (ms): Min: 207.7, Avg: 207.7, Max: 207.7, Diff: 0.0, Sum: 415.3]
      [GC Worker End (ms): Min: 4683645.1, Avg: 4683645.1, Max: 4683645.1, Diff: 0.0]
   [Code Root Fixup: 0.5 ms]
   [Code Root Migration: 0.1 ms]
   [Clear CT: 0.6 ms]
   [Other: 12.6 ms]
      [Choose CSet: 0.0 ms]
      [Ref Proc: 5.9 ms]
      [Ref Enq: 0.3 ms]
      [Free CSet: 3.1 ms]
   [Eden: 310.0M(218.0M)->0.0B(314.0M) Survivors: 54.0M->34.0M Heap: 1976.0M(4096.0M)->1686.0M(4096.0M)]
 [Times: user=0.41 sys=0.00, real=0.22 secs] 
2016-08-30T14:54:06.366+0200: 4696.500: [GC pause (young), 0.1785120 secs]
   [Parallel Time: 169.5 ms, GC Workers: 2]
      [GC Worker Start (ms): Min: 4696501.9, Avg: 4696502.0, Max: 4696502.0, Diff: 0.1]
      [Ext Root Scanning (ms): Min: 51.5, Avg: 51.8, Max: 52.1, Diff: 0.6, Sum: 103.6]
      [Update RS (ms): Min: 43.4, Avg: 43.9, Max: 44.3, Diff: 1.0, Sum: 87.7]
         [Processed Buffers: Min: 326, Avg: 370.0, Max: 414, Diff: 88, Sum: 740]
      [Scan RS (ms): Min: 10.3, Avg: 10.7, Max: 11.0, Diff: 0.7, Sum: 21.3]
      [Code Root Scanning (ms): Min: 0.1, Avg: 0.1, Max: 0.1, Diff: 0.0, Sum: 0.2]
      [Object Copy (ms): Min: 62.4, Avg: 62.8, Max: 63.3, Diff: 0.9, Sum: 125.7]
      [Termination (ms): Min: 0.0, Avg: 0.0, Max: 0.0, Diff: 0.0, Sum: 0.0]
      [GC Worker Other (ms): Min: 0.1, Avg: 0.1, Max: 0.2, Diff: 0.1, Sum: 0.3]
      [GC Worker Total (ms): Min: 169.3, Avg: 169.4, Max: 169.4, Diff: 0.1, Sum: 338.8]
      [GC Worker End (ms): Min: 4696671.3, Avg: 4696671.3, Max: 4696671.3, Diff: 0.0]
   [Code Root Fixup: 0.4 ms]
   [Code Root Migration: 0.1 ms]
   [Clear CT: 0.5 ms]
   [Other: 8.1 ms]
      [Choose CSet: 0.0 ms]
      [Ref Proc: 3.6 ms]
      [Ref Enq: 0.3 ms]
      [Free CSet: 1.0 ms]
   [Eden: 314.0M(314.0M)->0.0B(336.0M) Survivors: 34.0M->30.0M Heap: 2000.0M(4096.0M)->1704.0M(4096.0M)]
 [Times: user=0.33 sys=0.00, real=0.18 secs] 
2016-08-30T14:54:20.282+0200: 4710.416: [GC pause (young), 0.1754990 secs]
   [Parallel Time: 166.3 ms, GC Workers: 2]
      [GC Worker Start (ms): Min: 4710418.1, Avg: 4710418.1, Max: 4710418.1, Diff: 0.0]
      [Ext Root Scanning (ms): Min: 52.8, Avg: 53.6, Max: 54.4, Diff: 1.6, Sum: 107.1]
      [Update RS (ms): Min: 50.8, Avg: 51.5, Max: 52.2, Diff: 1.4, Sum: 103.1]
         [Processed Buffers: Min: 358, Avg: 424.0, Max: 490, Diff: 132, Sum: 848]
      [Scan RS (ms): Min: 9.0, Avg: 9.5, Max: 10.0, Diff: 1.1, Sum: 19.0]
      [Code Root Scanning (ms): Min: 0.1, Avg: 0.1, Max: 0.2, Diff: 0.1, Sum: 0.2]
      [Object Copy (ms): Min: 50.8, Avg: 51.3, Max: 51.8, Diff: 0.9, Sum: 102.6]
      [Termination (ms): Min: 0.0, Avg: 0.0, Max: 0.0, Diff: 0.0, Sum: 0.0]
      [GC Worker Other (ms): Min: 0.1, Avg: 0.2, Max: 0.2, Diff: 0.0, Sum: 0.3]
      [GC Worker Total (ms): Min: 166.2, Avg: 166.2, Max: 166.2, Diff: 0.0, Sum: 332.4]
      [GC Worker End (ms): Min: 4710584.3, Avg: 4710584.3, Max: 4710584.3, Diff: 0.0]
   [Code Root Fixup: 0.4 ms]
   [Code Root Migration: 0.1 ms]
   [Clear CT: 0.4 ms]
   [Other: 8.3 ms]
      [Choose CSet: 0.0 ms]
      [Ref Proc: 3.7 ms]
      [Ref Enq: 0.3 ms]
      [Free CSet: 0.8 ms]
   [Eden: 336.0M(336.0M)->0.0B(312.0M) Survivors: 30.0M->40.0M Heap: 2040.0M(4096.0M)->1735.0M(4096.0M)]
 [Times: user=0.34 sys=0.00, real=0.17 secs] 
2016-08-30T14:54:32.585+0200: 4722.720: [GC pause (young), 0.1787270 secs]
   [Parallel Time: 168.9 ms, GC Workers: 2]
      [GC Worker Start (ms): Min: 4722721.9, Avg: 4722721.9, Max: 4722721.9, Diff: 0.0]
      [Ext Root Scanning (ms): Min: 49.8, Avg: 50.0, Max: 50.2, Diff: 0.3, Sum: 100.0]
      [Update RS (ms): Min: 48.1, Avg: 48.3, Max: 48.5, Diff: 0.4, Sum: 96.6]
         [Processed Buffers: Min: 389, Avg: 412.5, Max: 436, Diff: 47, Sum: 825]
      [Scan RS (ms): Min: 10.6, Avg: 10.8, Max: 11.1, Diff: 0.4, Sum: 21.7]
      [Code Root Scanning (ms): Min: 0.1, Avg: 0.1, Max: 0.1, Diff: 0.0, Sum: 0.2]
      [Object Copy (ms): Min: 59.1, Avg: 59.4, Max: 59.6, Diff: 0.5, Sum: 118.8]
      [Termination (ms): Min: 0.0, Avg: 0.0, Max: 0.0, Diff: 0.0, Sum: 0.0]
      [GC Worker Other (ms): Min: 0.1, Avg: 0.1, Max: 0.2, Diff: 0.1, Sum: 0.3]
      [GC Worker Total (ms): Min: 168.7, Avg: 168.7, Max: 168.7, Diff: 0.0, Sum: 337.5]
      [GC Worker End (ms): Min: 4722890.6, Avg: 4722890.6, Max: 4722890.6, Diff: 0.0]
   [Code Root Fixup: 0.4 ms]
   [Code Root Migration: 0.1 ms]
   [Clear CT: 0.5 ms]
   [Other: 8.9 ms]
      [Choose CSet: 0.0 ms]
      [Ref Proc: 4.1 ms]
      [Ref Enq: 0.3 ms]
      [Free CSet: 0.8 ms]
   [Eden: 312.0M(312.0M)->0.0B(366.0M) Survivors: 40.0M->34.0M Heap: 2047.0M(4096.0M)->1758.0M(4096.0M)]
 [Times: user=0.35 sys=0.00, real=0.18 secs] 
2016-08-30T14:54:48.167+0200: 4738.302: [GC pause (young), 0.1922650 secs]
   [Parallel Time: 186.6 ms, GC Workers: 2]
      [GC Worker Start (ms): Min: 4738302.7, Avg: 4738302.7, Max: 4738302.7, Diff: 0.0]
      [Ext Root Scanning (ms): Min: 53.8, Avg: 57.8, Max: 61.8, Diff: 8.1, Sum: 115.6]
      [Update RS (ms): Min: 54.7, Avg: 56.1, Max: 57.5, Diff: 2.7, Sum: 112.2]
         [Processed Buffers: Min: 233, Avg: 415.0, Max: 597, Diff: 364, Sum: 830]
      [Scan RS (ms): Min: 7.3, Avg: 10.2, Max: 13.1, Diff: 5.8, Sum: 20.4]
      [Code Root Scanning (ms): Min: 0.1, Avg: 0.1, Max: 0.2, Diff: 0.2, Sum: 0.3]
      [Object Copy (ms): Min: 60.5, Avg: 61.2, Max: 61.9, Diff: 1.4, Sum: 122.4]
      [Termination (ms): Min: 0.0, Avg: 1.0, Max: 2.0, Diff: 2.0, Sum: 2.0]
      [GC Worker Other (ms): Min: 0.1, Avg: 0.1, Max: 0.1, Diff: 0.0, Sum: 0.2]
      [GC Worker Total (ms): Min: 186.6, Avg: 186.6, Max: 186.6, Diff: 0.0, Sum: 373.1]
      [GC Worker End (ms): Min: 4738489.3, Avg: 4738489.3, Max: 4738489.3, Diff: 0.0]
   [Code Root Fixup: 0.2 ms]
   [Code Root Migration: 0.0 ms]
   [Clear CT: 0.4 ms]
   [Other: 5.1 ms]
      [Choose CSet: 0.0 ms]
      [Ref Proc: 2.4 ms]
      [Ref Enq: 0.2 ms]
      [Free CSet: 0.5 ms]
   [Eden: 366.0M(366.0M)->0.0B(308.0M) Survivors: 34.0M->46.0M Heap: 2124.0M(4096.0M)->1790.0M(4096.0M)]
 [Times: user=0.22 sys=0.00, real=0.19 secs] 
2016-08-30T14:55:02.588+0200: 4752.723: [GC pause (young), 0.1694200 secs]
   [Parallel Time: 160.4 ms, GC Workers: 2]
      [GC Worker Start (ms): Min: 4752724.2, Avg: 4752724.2, Max: 4752724.2, Diff: 0.0]
      [Ext Root Scanning (ms): Min: 49.9, Avg: 50.2, Max: 50.5, Diff: 0.6, Sum: 100.5]
      [Update RS (ms): Min: 43.3, Avg: 44.5, Max: 45.8, Diff: 2.6, Sum: 89.1]
         [Processed Buffers: Min: 352, Avg: 367.5, Max: 383, Diff: 31, Sum: 735]
      [Scan RS (ms): Min: 10.1, Avg: 10.9, Max: 11.7, Diff: 1.6, Sum: 21.8]
      [Code Root Scanning (ms): Min: 0.1, Avg: 0.1, Max: 0.2, Diff: 0.1, Sum: 0.2]
      [Object Copy (ms): Min: 54.3, Avg: 54.4, Max: 54.5, Diff: 0.2, Sum: 108.8]
      [Termination (ms): Min: 0.0, Avg: 0.0, Max: 0.0, Diff: 0.0, Sum: 0.0]
      [GC Worker Other (ms): Min: 0.1, Avg: 0.2, Max: 0.2, Diff: 0.1, Sum: 0.3]
      [GC Worker Total (ms): Min: 160.3, Avg: 160.3, Max: 160.3, Diff: 0.0, Sum: 320.7]
      [GC Worker End (ms): Min: 4752884.5, Avg: 4752884.5, Max: 4752884.5, Diff: 0.0]
   [Code Root Fixup: 0.5 ms]
   [Code Root Migration: 0.1 ms]
   [Clear CT: 0.6 ms]
   [Other: 7.8 ms]
      [Choose CSet: 0.0 ms]
      [Ref Proc: 3.7 ms]
      [Ref Enq: 0.3 ms]
      [Free CSet: 0.8 ms]
   [Eden: 308.0M(308.0M)->0.0B(448.0M) Survivors: 46.0M->30.0M Heap: 2098.0M(4096.0M)->1800.0M(4096.0M)]
 [Times: user=0.32 sys=0.01, real=0.17 secs] 
2016-08-30T14:55:19.201+0200: 4769.336: [GC pause (young), 0.1853780 secs]
   [Parallel Time: 175.3 ms, GC Workers: 2]
      [GC Worker Start (ms): Min: 4769337.7, Avg: 4769337.7, Max: 4769337.7, Diff: 0.0]
      [Ext Root Scanning (ms): Min: 49.8, Avg: 49.9, Max: 50.1, Diff: 0.3, Sum: 99.9]
      [Update RS (ms): Min: 52.0, Avg: 52.8, Max: 53.7, Diff: 1.7, Sum: 105.6]
         [Processed Buffers: Min: 424, Avg: 428.5, Max: 433, Diff: 9, Sum: 857]
      [Scan RS (ms): Min: 9.3, Avg: 10.0, Max: 10.6, Diff: 1.3, Sum: 19.9]
      [Code Root Scanning (ms): Min: 0.1, Avg: 0.1, Max: 0.1, Diff: 0.0, Sum: 0.3]
      [Object Copy (ms): Min: 62.2, Avg: 62.2, Max: 62.2, Diff: 0.0, Sum: 124.4]
      [Termination (ms): Min: 0.0, Avg: 0.0, Max: 0.0, Diff: 0.0, Sum: 0.0]
      [GC Worker Other (ms): Min: 0.1, Avg: 0.2, Max: 0.2, Diff: 0.0, Sum: 0.3]
      [GC Worker Total (ms): Min: 175.2, Avg: 175.2, Max: 175.2, Diff: 0.0, Sum: 350.4]
      [GC Worker End (ms): Min: 4769512.9, Avg: 4769512.9, Max: 4769512.9, Diff: 0.0]
   [Code Root Fixup: 0.5 ms]
   [Code Root Migration: 0.1 ms]
   [Clear CT: 0.5 ms]
   [Other: 9.0 ms]
      [Choose CSet: 0.0 ms]
      [Ref Proc: 4.5 ms]
      [Ref Enq: 0.3 ms]
      [Free CSet: 0.9 ms]
   [Eden: 370.0M(342.0M)->0.0B(374.0M) Survivors: 30.0M->46.0M Heap: 2170.0M(4096.0M)->1838.0M(4096.0M)]
 [Times: user=0.36 sys=0.00, real=0.18 secs] 
2016-08-30T14:55:32.978+0200: 4783.112: [GC pause (young), 0.1677240 secs]
   [Parallel Time: 159.5 ms, GC Workers: 2]
      [GC Worker Start (ms): Min: 4783113.6, Avg: 4783113.7, Max: 4783113.7, Diff: 0.0]
      [Ext Root Scanning (ms): Min: 49.3, Avg: 50.0, Max: 50.6, Diff: 1.3, Sum: 99.9]
      [Update RS (ms): Min: 45.7, Avg: 46.4, Max: 47.0, Diff: 1.3, Sum: 92.7]
         [Processed Buffers: Min: 325, Avg: 351.5, Max: 378, Diff: 53, Sum: 703]
      [Scan RS (ms): Min: 10.9, Avg: 11.6, Max: 12.2, Diff: 1.4, Sum: 23.1]
      [Code Root Scanning (ms): Min: 0.1, Avg: 0.1, Max: 0.2, Diff: 0.1, Sum: 0.2]
      [Object Copy (ms): Min: 50.7, Avg: 51.2, Max: 51.8, Diff: 1.1, Sum: 102.4]
      [Termination (ms): Min: 0.0, Avg: 0.0, Max: 0.0, Diff: 0.0, Sum: 0.0]
      [GC Worker Other (ms): Min: 0.1, Avg: 0.2, Max: 0.2, Diff: 0.0, Sum: 0.3]
      [GC Worker Total (ms): Min: 159.4, Avg: 159.4, Max: 159.4, Diff: 0.0, Sum: 318.7]
      [GC Worker End (ms): Min: 4783273.0, Avg: 4783273.0, Max: 4783273.0, Diff: 0.0]
   [Code Root Fixup: 0.4 ms]
   [Code Root Migration: 0.1 ms]
   [Clear CT: 0.5 ms]
   [Other: 7.3 ms]
      [Choose CSet: 0.0 ms]
      [Ref Proc: 3.1 ms]
      [Ref Enq: 0.3 ms]
      [Free CSet: 0.9 ms]
   [Eden: 276.0M(276.0M)->0.0B(434.0M) Survivors: 46.0M->26.0M Heap: 2114.0M(4096.0M)->1840.0M(4096.0M)]
 [Times: user=0.33 sys=0.00, real=0.17 secs] 
2016-08-30T14:55:51.299+0200: 4801.433: [GC pause (young), 0.1765820 secs]
   [Parallel Time: 168.0 ms, GC Workers: 2]
      [GC Worker Start (ms): Min: 4801434.6, Avg: 4801434.7, Max: 4801434.7, Diff: 0.0]
      [Ext Root Scanning (ms): Min: 49.3, Avg: 49.9, Max: 50.5, Diff: 1.3, Sum: 99.8]
      [Update RS (ms): Min: 53.6, Avg: 54.3, Max: 55.1, Diff: 1.4, Sum: 108.7]
         [Processed Buffers: Min: 408, Avg: 427.0, Max: 446, Diff: 38, Sum: 854]
      [Scan RS (ms): Min: 9.4, Avg: 10.1, Max: 10.8, Diff: 1.4, Sum: 20.2]
      [Code Root Scanning (ms): Min: 0.1, Avg: 0.1, Max: 0.2, Diff: 0.1, Sum: 0.3]
      [Object Copy (ms): Min: 52.7, Avg: 53.4, Max: 54.0, Diff: 1.2, Sum: 106.7]
      [Termination (ms): Min: 0.0, Avg: 0.0, Max: 0.0, Diff: 0.0, Sum: 0.0]
      [GC Worker Other (ms): Min: 0.0, Avg: 0.1, Max: 0.1, Diff: 0.1, Sum: 0.2]
      [GC Worker Total (ms): Min: 167.9, Avg: 167.9, Max: 168.0, Diff: 0.0, Sum: 335.9]
      [GC Worker End (ms): Min: 4801602.6, Avg: 4801602.6, Max: 4801602.6, Diff: 0.0]
   [Code Root Fixup: 0.3 ms]
   [Code Root Migration: 0.1 ms]
   [Clear CT: 0.5 ms]
   [Other: 7.7 ms]
      [Choose CSet: 0.0 ms]
      [Ref Proc: 3.9 ms]
      [Ref Enq: 0.2 ms]
      [Free CSet: 1.0 ms]
   [Eden: 434.0M(434.0M)->0.0B(380.0M) Survivors: 26.0M->58.0M Heap: 2274.0M(4096.0M)->1886.0M(4096.0M)]
 [Times: user=0.35 sys=0.00, real=0.18 secs] 
2016-08-30T14:56:02.057+0200: 4812.192: [GC pause (young), 0.1878830 secs]
   [Parallel Time: 178.9 ms, GC Workers: 2]
      [GC Worker Start (ms): Min: 4812193.4, Avg: 4812193.4, Max: 4812193.4, Diff: 0.0]
      [Ext Root Scanning (ms): Min: 48.9, Avg: 49.3, Max: 49.7, Diff: 0.8, Sum: 98.5]
      [Update RS (ms): Min: 43.3, Avg: 43.9, Max: 44.6, Diff: 1.3, Sum: 87.8]
         [Processed Buffers: Min: 428, Avg: 458.0, Max: 488, Diff: 60, Sum: 916]
      [Scan RS (ms): Min: 13.3, Avg: 13.7, Max: 14.2, Diff: 0.9, Sum: 27.5]
      [Code Root Scanning (ms): Min: 0.1, Avg: 0.1, Max: 0.1, Diff: 0.0, Sum: 0.2]
      [Object Copy (ms): Min: 71.0, Avg: 71.6, Max: 72.2, Diff: 1.2, Sum: 143.1]
      [Termination (ms): Min: 0.0, Avg: 0.0, Max: 0.0, Diff: 0.0, Sum: 0.0]
      [GC Worker Other (ms): Min: 0.1, Avg: 0.2, Max: 0.2, Diff: 0.0, Sum: 0.3]
      [GC Worker Total (ms): Min: 178.8, Avg: 178.8, Max: 178.8, Diff: 0.0, Sum: 357.6]
      [GC Worker End (ms): Min: 4812372.2, Avg: 4812372.2, Max: 4812372.2, Diff: 0.0]
   [Code Root Fixup: 0.4 ms]
   [Code Root Migration: 0.1 ms]
   [Clear CT: 0.5 ms]
   [Other: 8.0 ms]
      [Choose CSet: 0.0 ms]
      [Ref Proc: 3.6 ms]
      [Ref Enq: 0.3 ms]
      [Free CSet: 0.9 ms]
   [Eden: 282.0M(282.0M)->0.0B(462.0M) Survivors: 58.0M->30.0M Heap: 2168.0M(4096.0M)->1910.0M(4096.0M)]
 [Times: user=0.36 sys=0.00, real=0.19 secs] 
2016-08-30T14:56:22.197+0200: 4832.331: [GC pause (young) (initial-mark), 0.2186050 secs]
   [Parallel Time: 206.9 ms, GC Workers: 2]
      [GC Worker Start (ms): Min: 4832333.5, Avg: 4832333.5, Max: 4832333.5, Diff: 0.0]
      [Ext Root Scanning (ms): Min: 49.5, Avg: 50.9, Max: 52.3, Diff: 2.8, Sum: 101.9]
      [Code Root Marking (ms): Min: 12.3, Avg: 12.5, Max: 12.7, Diff: 0.4, Sum: 25.0]
      [Update RS (ms): Min: 55.3, Avg: 55.4, Max: 55.6, Diff: 0.3, Sum: 110.9]
         [Processed Buffers: Min: 396, Avg: 410.0, Max: 424, Diff: 28, Sum: 820]
      [Scan RS (ms): Min: 11.1, Avg: 11.1, Max: 11.1, Diff: 0.0, Sum: 22.1]
      [Code Root Scanning (ms): Min: 0.1, Avg: 0.2, Max: 0.2, Diff: 0.1, Sum: 0.3]
      [Object Copy (ms): Min: 75.3, Avg: 76.7, Max: 78.0, Diff: 2.7, Sum: 153.3]
      [Termination (ms): Min: 0.0, Avg: 0.0, Max: 0.0, Diff: 0.0, Sum: 0.0]
      [GC Worker Other (ms): Min: 0.1, Avg: 0.1, Max: 0.2, Diff: 0.1, Sum: 0.2]
      [GC Worker Total (ms): Min: 206.9, Avg: 206.9, Max: 206.9, Diff: 0.0, Sum: 413.8]
      [GC Worker End (ms): Min: 4832540.4, Avg: 4832540.4, Max: 4832540.4, Diff: 0.0]
   [Code Root Fixup: 0.3 ms]
   [Code Root Migration: 0.1 ms]
   [Clear CT: 0.6 ms]
   [Other: 10.6 ms]
      [Choose CSet: 0.0 ms]
      [Ref Proc: 4.8 ms]
      [Ref Enq: 0.4 ms]
      [Free CSet: 1.1 ms]
   [Eden: 436.0M(380.0M)->0.0B(264.0M) Survivors: 30.0M->48.0M Heap: 2346.0M(4096.0M)->1945.0M(4096.0M)]
 [Times: user=0.43 sys=0.00, real=0.21 secs] 
2016-08-30T14:56:22.416+0200: 4832.551: [GC concurrent-root-region-scan-start]
2016-08-30T14:56:22.449+0200: 4832.583: [GC concurrent-root-region-scan-end, 0.0326310 secs]
2016-08-30T14:56:22.449+0200: 4832.583: [GC concurrent-mark-start]
2016-08-30T14:56:23.673+0200: 4833.808: [GC concurrent-mark-end, 1.2242600 secs]
2016-08-30T14:56:23.675+0200: 4833.810: [GC remark 2016-08-30T14:56:23.679+0200: 4833.813: [GC ref-proc, 0.1198040 secs], 0.1458090 secs]
 [Times: user=0.17 sys=0.00, real=0.15 secs] 
2016-08-30T14:56:23.826+0200: 4833.961: [GC cleanup 1993M->1883M(4096M), 0.0387610 secs]
 [Times: user=0.08 sys=0.00, real=0.04 secs] 
2016-08-30T14:56:23.866+0200: 4834.001: [GC concurrent-cleanup-start]
2016-08-30T14:56:23.866+0200: 4834.001: [GC concurrent-cleanup-end, 0.0003720 secs]
2016-08-30T14:56:34.222+0200: 4844.357: [GC pause (young), 0.1666060 secs]
   [Parallel Time: 158.4 ms, GC Workers: 2]
      [GC Worker Start (ms): Min: 4844358.2, Avg: 4844358.2, Max: 4844358.2, Diff: 0.0]
      [Ext Root Scanning (ms): Min: 50.6, Avg: 51.2, Max: 51.8, Diff: 1.2, Sum: 102.3]
      [Update RS (ms): Min: 38.8, Avg: 39.3, Max: 39.8, Diff: 1.1, Sum: 78.6]
         [Processed Buffers: Min: 316, Avg: 343.5, Max: 371, Diff: 55, Sum: 687]
      [Scan RS (ms): Min: 11.6, Avg: 11.6, Max: 11.7, Diff: 0.1, Sum: 23.3]
      [Code Root Scanning (ms): Min: 0.1, Avg: 0.1, Max: 0.1, Diff: 0.0, Sum: 0.2]
      [Object Copy (ms): Min: 55.9, Avg: 56.0, Max: 56.1, Diff: 0.2, Sum: 111.9]
      [Termination (ms): Min: 0.0, Avg: 0.0, Max: 0.0, Diff: 0.0, Sum: 0.0]
      [GC Worker Other (ms): Min: 0.1, Avg: 0.2, Max: 0.2, Diff: 0.0, Sum: 0.3]
      [GC Worker Total (ms): Min: 158.3, Avg: 158.3, Max: 158.4, Diff: 0.0, Sum: 316.7]
      [GC Worker End (ms): Min: 4844516.6, Avg: 4844516.6, Max: 4844516.6, Diff: 0.0]
   [Code Root Fixup: 0.6 ms]
   [Code Root Migration: 0.0 ms]
   [Clear CT: 0.6 ms]
   [Other: 7.0 ms]
      [Choose CSet: 0.0 ms]
      [Ref Proc: 2.9 ms]
      [Ref Enq: 0.2 ms]
      [Free CSet: 0.8 ms]
   [Eden: 264.0M(264.0M)->0.0B(176.0M) Survivors: 48.0M->28.0M Heap: 2099.0M(4096.0M)->1843.0M(4096.0M)]
 [Times: user=0.33 sys=0.00, real=0.17 secs] 
2016-08-30T14:56:41.231+0200: 4851.365: [GC pause (mixed), 0.2060540 secs]
   [Parallel Time: 198.2 ms, GC Workers: 2]
      [GC Worker Start (ms): Min: 4851367.0, Avg: 4851367.0, Max: 4851367.0, Diff: 0.0]
      [Ext Root Scanning (ms): Min: 50.4, Avg: 50.9, Max: 51.5, Diff: 1.1, Sum: 101.8]
      [Update RS (ms): Min: 46.0, Avg: 48.6, Max: 51.2, Diff: 5.2, Sum: 97.3]
         [Processed Buffers: Min: 311, Avg: 328.0, Max: 345, Diff: 34, Sum: 656]
      [Scan RS (ms): Min: 41.7, Avg: 44.0, Max: 46.4, Diff: 4.7, Sum: 88.1]
      [Code Root Scanning (ms): Min: 0.1, Avg: 0.2, Max: 0.3, Diff: 0.2, Sum: 0.4]
      [Object Copy (ms): Min: 53.8, Avg: 54.2, Max: 54.6, Diff: 0.9, Sum: 108.4]
      [Termination (ms): Min: 0.0, Avg: 0.0, Max: 0.0, Diff: 0.0, Sum: 0.0]
      [GC Worker Other (ms): Min: 0.1, Avg: 0.1, Max: 0.1, Diff: 0.1, Sum: 0.2]
      [GC Worker Total (ms): Min: 198.1, Avg: 198.1, Max: 198.1, Diff: 0.0, Sum: 396.2]
      [GC Worker End (ms): Min: 4851565.1, Avg: 4851565.1, Max: 4851565.1, Diff: 0.0]
   [Code Root Fixup: 0.4 ms]
   [Code Root Migration: 0.1 ms]
   [Clear CT: 1.2 ms]
   [Other: 6.3 ms]
      [Choose CSet: 0.3 ms]
      [Ref Proc: 1.8 ms]
      [Ref Enq: 0.1 ms]
      [Free CSet: 1.4 ms]
   [Eden: 176.0M(176.0M)->0.0B(184.0M) Survivors: 28.0M->20.0M Heap: 2019.0M(4096.0M)->1474.0M(4096.0M)]
 [Times: user=0.34 sys=0.01, real=0.20 secs] 
2016-08-30T14:56:47.870+0200: 4858.005: [GC pause (mixed), 0.2732290 secs]
   [Parallel Time: 261.8 ms, GC Workers: 2]
      [GC Worker Start (ms): Min: 4858009.4, Avg: 4858009.4, Max: 4858009.4, Diff: 0.0]
      [Ext Root Scanning (ms): Min: 48.8, Avg: 58.7, Max: 68.5, Diff: 19.7, Sum: 117.3]
      [Update RS (ms): Min: 30.4, Avg: 42.3, Max: 54.3, Diff: 23.9, Sum: 84.7]
         [Processed Buffers: Min: 215, Avg: 325.0, Max: 435, Diff: 220, Sum: 650]
      [Scan RS (ms): Min: 44.6, Avg: 46.4, Max: 48.2, Diff: 3.6, Sum: 92.8]
      [Code Root Scanning (ms): Min: 0.0, Avg: 0.1, Max: 0.1, Diff: 0.1, Sum: 0.2]
      [Object Copy (ms): Min: 98.3, Avg: 98.5, Max: 98.8, Diff: 0.5, Sum: 197.0]
      [Termination (ms): Min: 0.0, Avg: 0.0, Max: 0.0, Diff: 0.0, Sum: 0.0]
      [GC Worker Other (ms): Min: 0.1, Avg: 0.1, Max: 0.1, Diff: 0.0, Sum: 0.2]
      [GC Worker Total (ms): Min: 246.1, Avg: 246.1, Max: 246.1, Diff: 0.0, Sum: 492.2]
      [GC Worker End (ms): Min: 4858255.5, Avg: 4858255.5, Max: 4858255.5, Diff: 0.0]
   [Code Root Fixup: 0.3 ms]
   [Code Root Migration: 0.0 ms]
   [Clear CT: 0.5 ms]
   [Other: 10.5 ms]
      [Choose CSet: 0.3 ms]
      [Ref Proc: 3.6 ms]
      [Ref Enq: 0.1 ms]
      [Free CSet: 1.0 ms]
   [Eden: 184.0M(184.0M)->0.0B(180.0M) Survivors: 20.0M->24.0M Heap: 1658.0M(4096.0M)->1314.0M(4096.0M)]
 [Times: user=0.23 sys=0.00, real=0.28 secs] 
2016-08-30T14:56:54.994+0200: 4865.128: [GC pause (mixed), 0.2289340 secs]
   [Parallel Time: 221.4 ms, GC Workers: 2]
      [GC Worker Start (ms): Min: 4865130.2, Avg: 4865130.3, Max: 4865130.3, Diff: 0.1]
      [Ext Root Scanning (ms): Min: 50.5, Avg: 50.8, Max: 51.1, Diff: 0.7, Sum: 101.6]
      [Update RS (ms): Min: 35.5, Avg: 35.7, Max: 36.0, Diff: 0.5, Sum: 71.5]
         [Processed Buffers: Min: 344, Avg: 368.5, Max: 393, Diff: 49, Sum: 737]
      [Scan RS (ms): Min: 73.4, Avg: 73.8, Max: 74.1, Diff: 0.7, Sum: 147.5]
      [Code Root Scanning (ms): Min: 0.1, Avg: 0.2, Max: 0.2, Diff: 0.1, Sum: 0.3]
      [Object Copy (ms): Min: 60.1, Avg: 60.7, Max: 61.3, Diff: 1.1, Sum: 121.4]
      [Termination (ms): Min: 0.0, Avg: 0.0, Max: 0.0, Diff: 0.0, Sum: 0.0]
      [GC Worker Other (ms): Min: 0.1, Avg: 0.1, Max: 0.1, Diff: 0.0, Sum: 0.3]
      [GC Worker Total (ms): Min: 221.2, Avg: 221.3, Max: 221.3, Diff: 0.1, Sum: 442.6]
      [GC Worker End (ms): Min: 4865351.5, Avg: 4865351.6, Max: 4865351.6, Diff: 0.0]
   [Code Root Fixup: 0.3 ms]
   [Code Root Migration: 0.1 ms]
   [Clear CT: 0.6 ms]
   [Other: 6.6 ms]
      [Choose CSet: 0.8 ms]
      [Ref Proc: 1.4 ms]
      [Ref Enq: 0.1 ms]
      [Free CSet: 1.4 ms]
   [Eden: 180.0M(180.0M)->0.0B(184.0M) Survivors: 24.0M->20.0M Heap: 1494.0M(4096.0M)->1153.0M(4096.0M)]
 [Times: user=0.44 sys=0.00, real=0.23 secs] 
2016-08-30T14:57:02.578+0200: 4872.712: [GC pause (mixed), 0.2437170 secs]
   [Parallel Time: 235.8 ms, GC Workers: 2]
      [GC Worker Start (ms): Min: 4872715.1, Avg: 4872715.1, Max: 4872715.1, Diff: 0.0]
      [Ext Root Scanning (ms): Min: 49.9, Avg: 51.4, Max: 52.9, Diff: 2.9, Sum: 102.8]
      [Update RS (ms): Min: 34.0, Avg: 35.3, Max: 36.6, Diff: 2.6, Sum: 70.7]
         [Processed Buffers: Min: 337, Avg: 397.0, Max: 457, Diff: 120, Sum: 794]
      [Scan RS (ms): Min: 73.0, Avg: 73.2, Max: 73.5, Diff: 0.5, Sum: 146.5]
      [Code Root Scanning (ms): Min: 0.1, Avg: 0.1, Max: 0.1, Diff: 0.0, Sum: 0.2]
      [Object Copy (ms): Min: 75.4, Avg: 75.5, Max: 75.5, Diff: 0.2, Sum: 150.9]
      [Termination (ms): Min: 0.0, Avg: 0.0, Max: 0.0, Diff: 0.0, Sum: 0.0]
      [GC Worker Other (ms): Min: 0.1, Avg: 0.1, Max: 0.1, Diff: 0.0, Sum: 0.3]
      [GC Worker Total (ms): Min: 235.7, Avg: 235.7, Max: 235.7, Diff: 0.0, Sum: 471.3]
      [GC Worker End (ms): Min: 4872950.8, Avg: 4872950.8, Max: 4872950.8, Diff: 0.0]
   [Code Root Fixup: 0.2 ms]
   [Code Root Migration: 0.0 ms]
   [Clear CT: 0.6 ms]
   [Other: 7.1 ms]
      [Choose CSet: 1.0 ms]
      [Ref Proc: 1.3 ms]
      [Ref Enq: 0.1 ms]
      [Free CSet: 1.5 ms]
   [Eden: 184.0M(184.0M)->0.0B(184.0M) Survivors: 20.0M->20.0M Heap: 1337.0M(4096.0M)->1002.0M(4096.0M)]
 [Times: user=0.48 sys=0.00, real=0.24 secs] 
2016-08-30T14:57:10.931+0200: 4881.065: [GC pause (mixed), 0.1474350 secs]
   [Parallel Time: 140.3 ms, GC Workers: 2]
      [GC Worker Start (ms): Min: 4881066.6, Avg: 4881066.7, Max: 4881066.7, Diff: 0.0]
      [Ext Root Scanning (ms): Min: 49.1, Avg: 49.4, Max: 49.8, Diff: 0.7, Sum: 98.8]
      [Update RS (ms): Min: 36.2, Avg: 36.5, Max: 36.8, Diff: 0.6, Sum: 73.0]
         [Processed Buffers: Min: 360, Avg: 360.5, Max: 361, Diff: 1, Sum: 721]
      [Scan RS (ms): Min: 12.2, Avg: 12.4, Max: 12.6, Diff: 0.4, Sum: 24.8]
      [Code Root Scanning (ms): Min: 0.1, Avg: 0.1, Max: 0.1, Diff: 0.0, Sum: 0.1]
      [Object Copy (ms): Min: 41.2, Avg: 41.7, Max: 42.2, Diff: 1.0, Sum: 83.4]
      [Termination (ms): Min: 0.0, Avg: 0.0, Max: 0.0, Diff: 0.0, Sum: 0.0]
      [GC Worker Other (ms): Min: 0.1, Avg: 0.2, Max: 0.2, Diff: 0.0, Sum: 0.3]
      [GC Worker Total (ms): Min: 140.2, Avg: 140.2, Max: 140.3, Diff: 0.0, Sum: 280.5]
      [GC Worker End (ms): Min: 4881206.9, Avg: 4881206.9, Max: 4881206.9, Diff: 0.0]
   [Code Root Fixup: 0.4 ms]
   [Code Root Migration: 0.0 ms]
   [Clear CT: 0.9 ms]
   [Other: 5.8 ms]
      [Choose CSet: 0.0 ms]
      [Ref Proc: 2.1 ms]
      [Ref Enq: 0.2 ms]
      [Free CSet: 0.6 ms]
   [Eden: 184.0M(184.0M)->0.0B(184.0M) Survivors: 20.0M->20.0M Heap: 1186.0M(4096.0M)->1010.0M(4096.0M)]
 [Times: user=0.28 sys=0.00, real=0.15 secs] 
2016-08-30T14:57:16.842+0200: 4886.976: [GC pause (young), 0.1427370 secs]
   [Parallel Time: 136.0 ms, GC Workers: 2]
      [GC Worker Start (ms): Min: 4886978.1, Avg: 4886978.1, Max: 4886978.1, Diff: 0.0]
      [Ext Root Scanning (ms): Min: 50.6, Avg: 51.4, Max: 52.3, Diff: 1.7, Sum: 102.9]
      [Update RS (ms): Min: 36.8, Avg: 37.1, Max: 37.3, Diff: 0.5, Sum: 74.1]
         [Processed Buffers: Min: 351, Avg: 401.0, Max: 451, Diff: 100, Sum: 802]
      [Scan RS (ms): Min: 5.5, Avg: 5.8, Max: 6.2, Diff: 0.7, Sum: 11.7]
      [Code Root Scanning (ms): Min: 0.0, Avg: 0.1, Max: 0.1, Diff: 0.1, Sum: 0.1]
      [Object Copy (ms): Min: 41.1, Avg: 41.3, Max: 41.5, Diff: 0.4, Sum: 82.6]
      [Termination (ms): Min: 0.0, Avg: 0.0, Max: 0.0, Diff: 0.0, Sum: 0.0]
      [GC Worker Other (ms): Min: 0.1, Avg: 0.2, Max: 0.2, Diff: 0.0, Sum: 0.3]
      [GC Worker Total (ms): Min: 135.9, Avg: 135.9, Max: 135.9, Diff: 0.0, Sum: 271.8]
      [GC Worker End (ms): Min: 4887114.0, Avg: 4887114.0, Max: 4887114.0, Diff: 0.0]
   [Code Root Fixup: 0.5 ms]
   [Code Root Migration: 0.0 ms]
   [Clear CT: 0.4 ms]
   [Other: 5.9 ms]
      [Choose CSet: 0.0 ms]
      [Ref Proc: 2.0 ms]
      [Ref Enq: 0.2 ms]
      [Free CSet: 0.4 ms]
   [Eden: 184.0M(184.0M)->0.0B(178.0M) Survivors: 20.0M->26.0M Heap: 1194.0M(4096.0M)->1037.0M(4096.0M)]
 [Times: user=0.27 sys=0.00, real=0.14 secs] 
2016-08-30T14:57:24.329+0200: 4894.463: [GC pause (young), 0.1419120 secs]
   [Parallel Time: 135.2 ms, GC Workers: 2]
      [GC Worker Start (ms): Min: 4894465.0, Avg: 4894465.0, Max: 4894465.0, Diff: 0.0]
      [Ext Root Scanning (ms): Min: 50.0, Avg: 50.8, Max: 51.7, Diff: 1.7, Sum: 101.6]
      [Update RS (ms): Min: 35.4, Avg: 35.6, Max: 35.8, Diff: 0.4, Sum: 71.3]
         [Processed Buffers: Min: 365, Avg: 380.0, Max: 395, Diff: 30, Sum: 760]
      [Scan RS (ms): Min: 6.8, Avg: 7.0, Max: 7.2, Diff: 0.4, Sum: 14.0]
      [Code Root Scanning (ms): Min: 0.0, Avg: 0.1, Max: 0.1, Diff: 0.1, Sum: 0.1]
      [Object Copy (ms): Min: 40.6, Avg: 41.5, Max: 42.4, Diff: 1.8, Sum: 83.0]
      [Termination (ms): Min: 0.0, Avg: 0.0, Max: 0.0, Diff: 0.0, Sum: 0.0]
      [GC Worker Other (ms): Min: 0.1, Avg: 0.1, Max: 0.2, Diff: 0.0, Sum: 0.3]
      [GC Worker Total (ms): Min: 135.1, Avg: 135.2, Max: 135.2, Diff: 0.0, Sum: 270.3]
      [GC Worker End (ms): Min: 4894600.2, Avg: 4894600.2, Max: 4894600.2, Diff: 0.0]
   [Code Root Fixup: 0.4 ms]
   [Code Root Migration: 0.0 ms]
   [Clear CT: 0.4 ms]
   [Other: 5.8 ms]
      [Choose CSet: 0.0 ms]
      [Ref Proc: 2.2 ms]
      [Ref Enq: 0.2 ms]
      [Free CSet: 0.5 ms]
   [Eden: 178.0M(178.0M)->0.0B(184.0M) Survivors: 26.0M->20.0M Heap: 1215.0M(4096.0M)->1054.0M(4096.0M)]
 [Times: user=0.27 sys=0.00, real=0.14 secs] 
2016-08-30T14:57:30.738+0200: 4900.873: [GC pause (young), 0.1426160 secs]
   [Parallel Time: 135.1 ms, GC Workers: 2]
      [GC Worker Start (ms): Min: 4900874.1, Avg: 4900874.3, Max: 4900874.5, Diff: 0.4]
      [Ext Root Scanning (ms): Min: 51.6, Avg: 51.7, Max: 51.9, Diff: 0.3, Sum: 103.5]
      [Update RS (ms): Min: 36.5, Avg: 37.7, Max: 38.9, Diff: 2.4, Sum: 75.4]
         [Processed Buffers: Min: 387, Avg: 392.5, Max: 398, Diff: 11, Sum: 785]
      [Scan RS (ms): Min: 5.8, Avg: 6.5, Max: 7.1, Diff: 1.3, Sum: 12.9]
      [Code Root Scanning (ms): Min: 0.0, Avg: 0.1, Max: 0.1, Diff: 0.1, Sum: 0.1]
      [Object Copy (ms): Min: 38.3, Avg: 38.8, Max: 39.3, Diff: 1.0, Sum: 77.6]
      [Termination (ms): Min: 0.0, Avg: 0.0, Max: 0.0, Diff: 0.0, Sum: 0.0]
      [GC Worker Other (ms): Min: 0.1, Avg: 0.1, Max: 0.2, Diff: 0.0, Sum: 0.3]
      [GC Worker Total (ms): Min: 134.7, Avg: 134.9, Max: 135.1, Diff: 0.4, Sum: 269.8]
      [GC Worker End (ms): Min: 4901009.2, Avg: 4901009.2, Max: 4901009.2, Diff: 0.0]
   [Code Root Fixup: 0.4 ms]
   [Code Root Migration: 0.0 ms]
   [Clear CT: 0.4 ms]
   [Other: 6.7 ms]
      [Choose CSet: 0.0 ms]
      [Ref Proc: 3.1 ms]
      [Ref Enq: 0.2 ms]
      [Free CSet: 0.5 ms]
   [Eden: 184.0M(184.0M)->0.0B(186.0M) Survivors: 20.0M->18.0M Heap: 1238.0M(4096.0M)->1070.0M(4096.0M)]
 [Times: user=0.27 sys=0.00, real=0.14 secs] 
2016-08-30T14:57:38.498+0200: 4908.633: [GC pause (young), 0.1466720 secs]
   [Parallel Time: 136.3 ms, GC Workers: 2]
      [GC Worker Start (ms): Min: 4908638.1, Avg: 4908638.1, Max: 4908638.1, Diff: 0.0]
      [Ext Root Scanning (ms): Min: 54.0, Avg: 55.2, Max: 56.3, Diff: 2.3, Sum: 110.3]
      [Update RS (ms): Min: 36.9, Avg: 37.7, Max: 38.4, Diff: 1.5, Sum: 75.4]
         [Processed Buffers: Min: 365, Avg: 380.0, Max: 395, Diff: 30, Sum: 760]
      [Scan RS (ms): Min: 6.2, Avg: 6.7, Max: 7.1, Diff: 0.9, Sum: 13.3]
      [Code Root Scanning (ms): Min: 0.1, Avg: 0.1, Max: 0.1, Diff: 0.0, Sum: 0.1]
      [Object Copy (ms): Min: 35.6, Avg: 36.5, Max: 37.3, Diff: 1.7, Sum: 72.9]
      [Termination (ms): Min: 0.0, Avg: 0.0, Max: 0.0, Diff: 0.0, Sum: 0.0]
      [GC Worker Other (ms): Min: 0.1, Avg: 0.1, Max: 0.2, Diff: 0.0, Sum: 0.3]
      [GC Worker Total (ms): Min: 136.2, Avg: 136.2, Max: 136.2, Diff: 0.0, Sum: 272.4]
      [GC Worker End (ms): Min: 4908774.3, Avg: 4908774.3, Max: 4908774.3, Diff: 0.0]
   [Code Root Fixup: 0.3 ms]
   [Code Root Migration: 0.0 ms]
   [Clear CT: 0.4 ms]
   [Other: 9.7 ms]
      [Choose CSet: 0.0 ms]
      [Ref Proc: 2.3 ms]
      [Ref Enq: 0.2 ms]
      [Free CSet: 0.5 ms]
   [Eden: 186.0M(186.0M)->0.0B(200.0M) Survivors: 18.0M->20.0M Heap: 1256.0M(4096.0M)->1086.0M(4096.0M)]
 [Times: user=0.27 sys=0.00, real=0.15 secs] 
2016-08-30T14:57:44.797+0200: 4914.932: [GC pause (young), 0.1521460 secs]
   [Parallel Time: 145.4 ms, GC Workers: 2]
      [GC Worker Start (ms): Min: 4914933.4, Avg: 4914933.4, Max: 4914933.5, Diff: 0.0]
      [Ext Root Scanning (ms): Min: 57.4, Avg: 58.0, Max: 58.7, Diff: 1.3, Sum: 116.0]
      [Update RS (ms): Min: 38.7, Avg: 39.4, Max: 40.0, Diff: 1.4, Sum: 78.7]
         [Processed Buffers: Min: 381, Avg: 405.5, Max: 430, Diff: 49, Sum: 811]
      [Scan RS (ms): Min: 6.0, Avg: 6.4, Max: 6.8, Diff: 0.8, Sum: 12.8]
      [Code Root Scanning (ms): Min: 0.0, Avg: 0.1, Max: 0.1, Diff: 0.1, Sum: 0.1]
      [Object Copy (ms): Min: 40.9, Avg: 41.3, Max: 41.8, Diff: 0.9, Sum: 82.7]
      [Termination (ms): Min: 0.0, Avg: 0.0, Max: 0.0, Diff: 0.0, Sum: 0.0]
      [GC Worker Other (ms): Min: 0.1, Avg: 0.2, Max: 0.2, Diff: 0.1, Sum: 0.3]
      [GC Worker Total (ms): Min: 145.4, Avg: 145.4, Max: 145.4, Diff: 0.0, Sum: 290.7]
      [GC Worker End (ms): Min: 4915078.8, Avg: 4915078.8, Max: 4915078.8, Diff: 0.0]
   [Code Root Fixup: 0.6 ms]
   [Code Root Migration: 0.0 ms]
   [Clear CT: 0.4 ms]
   [Other: 5.7 ms]
      [Choose CSet: 0.0 ms]
      [Ref Proc: 2.1 ms]
      [Ref Enq: 0.2 ms]
      [Free CSet: 0.5 ms]
   [Eden: 200.0M(200.0M)->0.0B(236.0M) Survivors: 20.0M->28.0M Heap: 1286.0M(4096.0M)->1110.0M(4096.0M)]
 [Times: user=0.28 sys=0.00, real=0.16 secs] 
2016-08-30T14:57:54.740+0200: 4924.874: [GC pause (young), 0.1614350 secs]
   [Parallel Time: 153.8 ms, GC Workers: 2]
      [GC Worker Start (ms): Min: 4924875.5, Avg: 4924876.6, Max: 4924877.7, Diff: 2.2]
      [Ext Root Scanning (ms): Min: 54.0, Avg: 56.9, Max: 59.9, Diff: 5.9, Sum: 113.8]
      [Update RS (ms): Min: 42.6, Avg: 43.5, Max: 44.4, Diff: 1.8, Sum: 86.9]
         [Processed Buffers: Min: 416, Avg: 430.0, Max: 444, Diff: 28, Sum: 860]
      [Scan RS (ms): Min: 7.3, Avg: 7.5, Max: 7.7, Diff: 0.4, Sum: 15.1]
      [Code Root Scanning (ms): Min: 0.1, Avg: 0.1, Max: 0.1, Diff: 0.0, Sum: 0.2]
      [Object Copy (ms): Min: 43.8, Avg: 44.5, Max: 45.3, Diff: 1.5, Sum: 89.0]
      [Termination (ms): Min: 0.0, Avg: 0.0, Max: 0.0, Diff: 0.0, Sum: 0.0]
      [GC Worker Other (ms): Min: 0.1, Avg: 0.1, Max: 0.1, Diff: 0.0, Sum: 0.3]
      [GC Worker Total (ms): Min: 151.6, Avg: 152.6, Max: 153.7, Diff: 2.2, Sum: 305.3]
      [GC Worker End (ms): Min: 4925029.3, Avg: 4925029.3, Max: 4925029.3, Diff: 0.0]
   [Code Root Fixup: 0.4 ms]
   [Code Root Migration: 0.0 ms]
   [Clear CT: 0.5 ms]
   [Other: 6.7 ms]
      [Choose CSet: 0.0 ms]
      [Ref Proc: 2.9 ms]
      [Ref Enq: 0.2 ms]
      [Free CSet: 0.6 ms]
   [Eden: 236.0M(236.0M)->0.0B(312.0M) Survivors: 28.0M->22.0M Heap: 1346.0M(4096.0M)->1125.0M(4096.0M)]
 [Times: user=0.30 sys=0.01, real=0.17 secs] 
2016-08-30T14:58:07.600+0200: 4937.734: [GC pause (young), 0.1897670 secs]
   [Parallel Time: 181.5 ms, GC Workers: 2]
      [GC Worker Start (ms): Min: 4937736.1, Avg: 4937736.1, Max: 4937736.1, Diff: 0.0]
      [Ext Root Scanning (ms): Min: 86.2, Avg: 87.9, Max: 89.7, Diff: 3.5, Sum: 175.8]
      [Update RS (ms): Min: 41.4, Avg: 41.9, Max: 42.4, Diff: 1.0, Sum: 83.7]
         [Processed Buffers: Min: 337, Avg: 393.5, Max: 450, Diff: 113, Sum: 787]
      [Scan RS (ms): Min: 11.4, Avg: 11.7, Max: 12.1, Diff: 0.6, Sum: 23.5]
      [Code Root Scanning (ms): Min: 0.0, Avg: 0.1, Max: 0.1, Diff: 0.0, Sum: 0.1]
      [Object Copy (ms): Min: 38.7, Avg: 39.7, Max: 40.7, Diff: 1.9, Sum: 79.4]
      [Termination (ms): Min: 0.0, Avg: 0.0, Max: 0.0, Diff: 0.0, Sum: 0.0]
      [GC Worker Other (ms): Min: 0.1, Avg: 0.1, Max: 0.2, Diff: 0.0, Sum: 0.3]
      [GC Worker Total (ms): Min: 181.4, Avg: 181.4, Max: 181.4, Diff: 0.0, Sum: 362.8]
      [GC Worker End (ms): Min: 4937917.5, Avg: 4937917.5, Max: 4937917.5, Diff: 0.0]
   [Code Root Fixup: 0.2 ms]
   [Code Root Migration: 0.2 ms]
   [Clear CT: 0.5 ms]
   [Other: 7.4 ms]
      [Choose CSet: 0.0 ms]
      [Ref Proc: 4.0 ms]
      [Ref Enq: 0.1 ms]
      [Free CSet: 0.6 ms]
   [Eden: 312.0M(312.0M)->0.0B(174.0M) Survivors: 22.0M->42.0M Heap: 1437.0M(4096.0M)->1148.0M(4096.0M)]
 [Times: user=0.22 sys=0.00, real=0.19 secs] 
2016-08-30T14:58:13.179+0200: 4943.314: [GC pause (young), 0.1578410 secs]
   [Parallel Time: 151.4 ms, GC Workers: 2]
      [GC Worker Start (ms): Min: 4943315.6, Avg: 4943316.6, Max: 4943317.6, Diff: 2.0]
      [Ext Root Scanning (ms): Min: 50.9, Avg: 51.1, Max: 51.2, Diff: 0.3, Sum: 102.1]
      [Update RS (ms): Min: 32.2, Avg: 33.0, Max: 33.8, Diff: 1.6, Sum: 66.0]
         [Processed Buffers: Min: 359, Avg: 369.5, Max: 380, Diff: 21, Sum: 739]
      [Scan RS (ms): Min: 12.4, Avg: 12.5, Max: 12.7, Diff: 0.4, Sum: 25.1]
      [Code Root Scanning (ms): Min: 0.0, Avg: 0.1, Max: 0.1, Diff: 0.1, Sum: 0.1]
      [Object Copy (ms): Min: 53.3, Avg: 53.4, Max: 53.5, Diff: 0.2, Sum: 106.9]
      [Termination (ms): Min: 0.0, Avg: 0.0, Max: 0.0, Diff: 0.0, Sum: 0.0]
      [GC Worker Other (ms): Min: 0.1, Avg: 0.2, Max: 0.2, Diff: 0.0, Sum: 0.3]
      [GC Worker Total (ms): Min: 149.2, Avg: 150.2, Max: 151.3, Diff: 2.0, Sum: 300.5]
      [GC Worker End (ms): Min: 4943466.8, Avg: 4943466.8, Max: 4943466.8, Diff: 0.0]
   [Code Root Fixup: 0.4 ms]
   [Code Root Migration: 0.0 ms]
   [Clear CT: 0.4 ms]
   [Other: 5.7 ms]
      [Choose CSet: 0.0 ms]
      [Ref Proc: 1.7 ms]
      [Ref Enq: 0.1 ms]
      [Free CSet: 0.5 ms]
   [Eden: 174.0M(174.0M)->0.0B(352.0M) Survivors: 42.0M->20.0M Heap: 1322.0M(4096.0M)->1163.0M(4096.0M)]
 [Times: user=0.31 sys=0.00, real=0.16 secs] 
2016-08-30T14:58:28.805+0200: 4958.939: [GC pause (young), 0.1728310 secs]
   [Parallel Time: 162.7 ms, GC Workers: 2]
      [GC Worker Start (ms): Min: 4958941.1, Avg: 4958942.0, Max: 4958943.0, Diff: 1.9]
      [Ext Root Scanning (ms): Min: 49.5, Avg: 50.1, Max: 50.7, Diff: 1.2, Sum: 100.3]
      [Update RS (ms): Min: 49.2, Avg: 50.3, Max: 51.4, Diff: 2.2, Sum: 100.6]
         [Processed Buffers: Min: 398, Avg: 406.5, Max: 415, Diff: 17, Sum: 813]
      [Scan RS (ms): Min: 7.8, Avg: 8.4, Max: 9.1, Diff: 1.3, Sum: 16.9]
      [Code Root Scanning (ms): Min: 0.1, Avg: 0.1, Max: 0.1, Diff: 0.0, Sum: 0.3]
      [Object Copy (ms): Min: 52.4, Avg: 52.5, Max: 52.7, Diff: 0.2, Sum: 105.1]
      [Termination (ms): Min: 0.0, Avg: 0.0, Max: 0.0, Diff: 0.0, Sum: 0.0]
      [GC Worker Other (ms): Min: 0.1, Avg: 0.1, Max: 0.2, Diff: 0.0, Sum: 0.3]
      [GC Worker Total (ms): Min: 160.7, Avg: 161.7, Max: 162.7, Diff: 1.9, Sum: 323.4]
      [GC Worker End (ms): Min: 4959103.7, Avg: 4959103.7, Max: 4959103.7, Diff: 0.0]
   [Code Root Fixup: 0.5 ms]
   [Code Root Migration: 0.1 ms]
   [Clear CT: 0.5 ms]
   [Other: 9.1 ms]
      [Choose CSet: 0.0 ms]
      [Ref Proc: 4.7 ms]
      [Ref Enq: 0.3 ms]
      [Free CSet: 0.9 ms]
   [Eden: 352.0M(352.0M)->0.0B(246.0M) Survivors: 20.0M->48.0M Heap: 1515.0M(4096.0M)->1194.0M(4096.0M)]
 [Times: user=0.33 sys=0.01, real=0.18 secs] 
2016-08-30T14:58:38.544+0200: 4968.679: [GC pause (young), 0.1296850 secs]
   [Parallel Time: 122.6 ms, GC Workers: 2]
      [GC Worker Start (ms): Min: 4968679.5, Avg: 4968680.0, Max: 4968680.4, Diff: 0.9]
      [Ext Root Scanning (ms): Min: 30.8, Avg: 38.5, Max: 46.2, Diff: 15.4, Sum: 77.0]
      [Update RS (ms): Min: 17.4, Avg: 26.1, Max: 34.8, Diff: 17.3, Sum: 52.2]
         [Processed Buffers: Min: 192, Avg: 389.5, Max: 587, Diff: 395, Sum: 779]
      [Scan RS (ms): Min: 8.2, Avg: 8.4, Max: 8.6, Diff: 0.4, Sum: 16.7]
      [Code Root Scanning (ms): Min: 0.0, Avg: 0.1, Max: 0.1, Diff: 0.1, Sum: 0.2]
      [Object Copy (ms): Min: 47.7, Avg: 49.0, Max: 50.2, Diff: 2.5, Sum: 97.9]
      [Termination (ms): Min: 0.0, Avg: 0.0, Max: 0.0, Diff: 0.0, Sum: 0.0]
      [GC Worker Other (ms): Min: 0.1, Avg: 0.1, Max: 0.1, Diff: 0.0, Sum: 0.2]
      [GC Worker Total (ms): Min: 121.6, Avg: 122.1, Max: 122.6, Diff: 0.9, Sum: 244.2]
      [GC Worker End (ms): Min: 4968802.1, Avg: 4968802.1, Max: 4968802.1, Diff: 0.0]
   [Code Root Fixup: 0.4 ms]
   [Code Root Migration: 0.0 ms]
   [Clear CT: 0.4 ms]
   [Other: 6.2 ms]
      [Choose CSet: 0.0 ms]
      [Ref Proc: 3.0 ms]
      [Ref Enq: 0.3 ms]
      [Free CSet: 0.6 ms]
   [Eden: 246.0M(246.0M)->0.0B(484.0M) Survivors: 48.0M->28.0M Heap: 1440.0M(4096.0M)->1214.0M(4096.0M)]
 [Times: user=0.25 sys=0.00, real=0.13 secs] 
2016-08-30T14:58:59.978+0200: 4990.113: [GC pause (young), 0.1954950 secs]
   [Parallel Time: 186.0 ms, GC Workers: 2]
      [GC Worker Start (ms): Min: 4990114.7, Avg: 4990114.7, Max: 4990114.7, Diff: 0.0]
      [Ext Root Scanning (ms): Min: 50.9, Avg: 51.0, Max: 51.0, Diff: 0.1, Sum: 102.0]
      [Update RS (ms): Min: 60.5, Avg: 61.0, Max: 61.5, Diff: 1.1, Sum: 122.0]
         [Processed Buffers: Min: 383, Avg: 405.5, Max: 428, Diff: 45, Sum: 811]
      [Scan RS (ms): Min: 10.4, Avg: 11.0, Max: 11.7, Diff: 1.3, Sum: 22.1]
      [Code Root Scanning (ms): Min: 0.1, Avg: 0.2, Max: 0.2, Diff: 0.0, Sum: 0.3]
      [Object Copy (ms): Min: 62.5, Avg: 62.5, Max: 62.6, Diff: 0.0, Sum: 125.1]
      [Termination (ms): Min: 0.0, Avg: 0.0, Max: 0.0, Diff: 0.0, Sum: 0.0]
      [GC Worker Other (ms): Min: 0.1, Avg: 0.1, Max: 0.2, Diff: 0.0, Sum: 0.3]
      [GC Worker Total (ms): Min: 185.8, Avg: 185.8, Max: 185.8, Diff: 0.0, Sum: 371.7]
      [GC Worker End (ms): Min: 4990300.5, Avg: 4990300.6, Max: 4990300.6, Diff: 0.0]
   [Code Root Fixup: 0.2 ms]
   [Code Root Migration: 0.1 ms]
   [Clear CT: 0.8 ms]
   [Other: 8.4 ms]
      [Choose CSet: 0.0 ms]
      [Ref Proc: 4.0 ms]
      [Ref Enq: 0.2 ms]
      [Free CSet: 1.1 ms]
   [Eden: 484.0M(484.0M)->0.0B(250.0M) Survivors: 28.0M->62.0M Heap: 1698.0M(4096.0M)->1249.0M(4096.0M)]
 [Times: user=0.38 sys=0.00, real=0.20 secs] 
2016-08-30T14:59:11.314+0200: 5001.449: [GC pause (young), 0.1873670 secs]
   [Parallel Time: 179.1 ms, GC Workers: 2]
      [GC Worker Start (ms): Min: 5001450.4, Avg: 5001450.7, Max: 5001451.0, Diff: 0.6]
      [Ext Root Scanning (ms): Min: 51.2, Avg: 51.2, Max: 51.3, Diff: 0.1, Sum: 102.4]
      [Update RS (ms): Min: 42.4, Avg: 43.1, Max: 43.7, Diff: 1.3, Sum: 86.2]
         [Processed Buffers: Min: 342, Avg: 345.5, Max: 349, Diff: 7, Sum: 691]
      [Scan RS (ms): Min: 14.8, Avg: 15.1, Max: 15.4, Diff: 0.6, Sum: 30.1]
      [Code Root Scanning (ms): Min: 0.1, Avg: 0.1, Max: 0.1, Diff: 0.1, Sum: 0.2]
      [Object Copy (ms): Min: 68.4, Avg: 69.1, Max: 69.8, Diff: 1.3, Sum: 138.2]
      [Termination (ms): Min: 0.0, Avg: 0.0, Max: 0.0, Diff: 0.0, Sum: 0.0]
      [GC Worker Other (ms): Min: 0.1, Avg: 0.1, Max: 0.2, Diff: 0.0, Sum: 0.3]
      [GC Worker Total (ms): Min: 178.4, Avg: 178.7, Max: 179.0, Diff: 0.6, Sum: 357.4]
      [GC Worker End (ms): Min: 5001629.4, Avg: 5001629.4, Max: 5001629.4, Diff: 0.0]
   [Code Root Fixup: 0.4 ms]
   [Code Root Migration: 0.1 ms]
   [Clear CT: 0.5 ms]
   [Other: 7.3 ms]
      [Choose CSet: 0.0 ms]
      [Ref Proc: 3.0 ms]
      [Ref Enq: 0.2 ms]
      [Free CSet: 0.7 ms]
   [Eden: 250.0M(250.0M)->0.0B(378.0M) Survivors: 62.0M->28.0M Heap: 1499.0M(4096.0M)->1254.0M(4096.0M)]
 [Times: user=0.36 sys=0.01, real=0.18 secs] 
2016-08-30T14:59:25.952+0200: 5016.087: [GC pause (young), 0.1803840 secs]
   [Parallel Time: 170.2 ms, GC Workers: 2]
      [GC Worker Start (ms): Min: 5016088.2, Avg: 5016088.2, Max: 5016088.2, Diff: 0.0]
      [Ext Root Scanning (ms): Min: 50.2, Avg: 51.0, Max: 51.8, Diff: 1.5, Sum: 102.0]
      [Update RS (ms): Min: 49.5, Avg: 50.1, Max: 50.6, Diff: 1.1, Sum: 100.1]
         [Processed Buffers: Min: 359, Avg: 394.5, Max: 430, Diff: 71, Sum: 789]
      [Scan RS (ms): Min: 9.1, Avg: 9.4, Max: 9.6, Diff: 0.5, Sum: 18.8]
      [Code Root Scanning (ms): Min: 0.1, Avg: 0.1, Max: 0.1, Diff: 0.0, Sum: 0.2]
      [Object Copy (ms): Min: 59.4, Avg: 59.4, Max: 59.4, Diff: 0.1, Sum: 118.8]
      [Termination (ms): Min: 0.0, Avg: 0.0, Max: 0.0, Diff: 0.0, Sum: 0.0]
      [GC Worker Other (ms): Min: 0.1, Avg: 0.1, Max: 0.2, Diff: 0.0, Sum: 0.3]
      [GC Worker Total (ms): Min: 170.1, Avg: 170.1, Max: 170.1, Diff: 0.0, Sum: 340.2]
      [GC Worker End (ms): Min: 5016258.3, Avg: 5016258.3, Max: 5016258.3, Diff: 0.0]
   [Code Root Fixup: 0.5 ms]
   [Code Root Migration: 0.1 ms]
   [Clear CT: 0.5 ms]
   [Other: 9.2 ms]
      [Choose CSet: 0.0 ms]
      [Ref Proc: 4.7 ms]
      [Ref Enq: 0.4 ms]
      [Free CSet: 1.0 ms]
   [Eden: 378.0M(378.0M)->0.0B(344.0M) Survivors: 28.0M->42.0M Heap: 1632.0M(4096.0M)->1289.0M(4096.0M)]
 [Times: user=0.34 sys=0.00, real=0.18 secs] 
2016-08-30T14:59:40.288+0200: 5030.422: [GC pause (young), 0.1697970 secs]
   [Parallel Time: 161.9 ms, GC Workers: 2]
      [GC Worker Start (ms): Min: 5030424.4, Avg: 5030424.4, Max: 5030424.4, Diff: 0.0]
      [Ext Root Scanning (ms): Min: 51.6, Avg: 51.9, Max: 52.2, Diff: 0.6, Sum: 103.8]
      [Update RS (ms): Min: 46.2, Avg: 46.6, Max: 47.0, Diff: 0.8, Sum: 93.2]
         [Processed Buffers: Min: 397, Avg: 416.5, Max: 436, Diff: 39, Sum: 833]
      [Scan RS (ms): Min: 11.2, Avg: 11.4, Max: 11.5, Diff: 0.4, Sum: 22.7]
      [Code Root Scanning (ms): Min: 0.1, Avg: 0.1, Max: 0.1, Diff: 0.1, Sum: 0.2]
      [Object Copy (ms): Min: 51.2, Avg: 51.6, Max: 52.1, Diff: 0.9, Sum: 103.3]
      [Termination (ms): Min: 0.0, Avg: 0.0, Max: 0.0, Diff: 0.0, Sum: 0.0]
      [GC Worker Other (ms): Min: 0.1, Avg: 0.1, Max: 0.1, Diff: 0.0, Sum: 0.2]
      [GC Worker Total (ms): Min: 161.8, Avg: 161.8, Max: 161.8, Diff: 0.0, Sum: 323.6]
      [GC Worker End (ms): Min: 5030586.2, Avg: 5030586.2, Max: 5030586.2, Diff: 0.0]
   [Code Root Fixup: 0.3 ms]
   [Code Root Migration: 0.0 ms]
   [Clear CT: 0.4 ms]
   [Other: 7.2 ms]
      [Choose CSet: 0.0 ms]
      [Ref Proc: 2.9 ms]
      [Ref Enq: 0.2 ms]
      [Free CSet: 0.7 ms]
   [Eden: 344.0M(344.0M)->0.0B(444.0M) Survivors: 42.0M->36.0M Heap: 1633.0M(4096.0M)->1312.0M(4096.0M)]
 [Times: user=0.32 sys=0.00, real=0.18 secs] 
2016-08-30T14:59:59.236+0200: 5049.371: [GC pause (young), 0.1895690 secs]
   [Parallel Time: 180.8 ms, GC Workers: 2]
      [GC Worker Start (ms): Min: 5049372.4, Avg: 5049374.6, Max: 5049376.7, Diff: 4.3]
      [Ext Root Scanning (ms): Min: 50.1, Avg: 52.1, Max: 54.2, Diff: 4.1, Sum: 104.3]
      [Update RS (ms): Min: 52.0, Avg: 52.1, Max: 52.2, Diff: 0.2, Sum: 104.2]
         [Processed Buffers: Min: 383, Avg: 383.5, Max: 384, Diff: 1, Sum: 767]
      [Scan RS (ms): Min: 12.3, Avg: 12.5, Max: 12.7, Diff: 0.4, Sum: 25.1]
      [Code Root Scanning (ms): Min: 0.1, Avg: 0.1, Max: 0.2, Diff: 0.1, Sum: 0.3]
      [Object Copy (ms): Min: 61.2, Avg: 61.5, Max: 61.9, Diff: 0.7, Sum: 123.1]
      [Termination (ms): Min: 0.0, Avg: 0.0, Max: 0.0, Diff: 0.0, Sum: 0.0]
      [GC Worker Other (ms): Min: 0.1, Avg: 0.1, Max: 0.2, Diff: 0.0, Sum: 0.3]
      [GC Worker Total (ms): Min: 176.4, Avg: 178.6, Max: 180.7, Diff: 4.3, Sum: 357.2]
      [GC Worker End (ms): Min: 5049553.1, Avg: 5049553.1, Max: 5049553.1, Diff: 0.0]
   [Code Root Fixup: 0.2 ms]
   [Code Root Migration: 0.1 ms]
   [Clear CT: 0.5 ms]
   [Other: 7.9 ms]
      [Choose CSet: 0.0 ms]
      [Ref Proc: 3.7 ms]
      [Ref Enq: 0.2 ms]
      [Free CSet: 1.0 ms]
   [Eden: 444.0M(444.0M)->0.0B(402.0M) Survivors: 36.0M->40.0M Heap: 1756.0M(4096.0M)->1338.0M(4096.0M)]
 [Times: user=0.37 sys=0.00, real=0.19 secs] 
2016-08-30T15:00:16.167+0200: 5066.301: [GC pause (young), 0.1786430 secs]
   [Parallel Time: 171.0 ms, GC Workers: 2]
      [GC Worker Start (ms): Min: 5066303.0, Avg: 5066303.0, Max: 5066303.0, Diff: 0.0]
      [Ext Root Scanning (ms): Min: 50.9, Avg: 51.0, Max: 51.0, Diff: 0.1, Sum: 101.9]
      [Update RS (ms): Min: 51.3, Avg: 51.7, Max: 52.1, Diff: 0.8, Sum: 103.4]
         [Processed Buffers: Min: 411, Avg: 424.5, Max: 438, Diff: 27, Sum: 849]
      [Scan RS (ms): Min: 12.6, Avg: 12.9, Max: 13.2, Diff: 0.6, Sum: 25.9]
      [Code Root Scanning (ms): Min: 0.1, Avg: 0.2, Max: 0.2, Diff: 0.1, Sum: 0.3]
      [Object Copy (ms): Min: 55.0, Avg: 55.1, Max: 55.2, Diff: 0.2, Sum: 110.2]
      [Termination (ms): Min: 0.0, Avg: 0.0, Max: 0.0, Diff: 0.0, Sum: 0.0]
      [GC Worker Other (ms): Min: 0.1, Avg: 0.1, Max: 0.1, Diff: 0.0, Sum: 0.3]
      [GC Worker Total (ms): Min: 170.9, Avg: 171.0, Max: 171.0, Diff: 0.0, Sum: 341.9]
      [GC Worker End (ms): Min: 5066474.0, Avg: 5066474.0, Max: 5066474.0, Diff: 0.0]
   [Code Root Fixup: 0.3 ms]
   [Code Root Migration: 0.1 ms]
   [Clear CT: 0.4 ms]
   [Other: 6.9 ms]
      [Choose CSet: 0.0 ms]
      [Ref Proc: 3.1 ms]
      [Ref Enq: 0.2 ms]
      [Free CSet: 0.7 ms]
   [Eden: 402.0M(402.0M)->0.0B(368.0M) Survivors: 40.0M->52.0M Heap: 1740.0M(4096.0M)->1376.0M(4096.0M)]
 [Times: user=0.34 sys=0.01, real=0.18 secs] 
2016-08-30T15:00:31.748+0200: 5081.883: [GC pause (young), 0.1803290 secs]
   [Parallel Time: 172.2 ms, GC Workers: 2]
      [GC Worker Start (ms): Min: 5081884.2, Avg: 5081884.2, Max: 5081884.2, Diff: 0.1]
      [Ext Root Scanning (ms): Min: 50.2, Avg: 50.6, Max: 51.1, Diff: 0.9, Sum: 101.2]
      [Update RS (ms): Min: 48.9, Avg: 48.9, Max: 49.0, Diff: 0.2, Sum: 97.9]
         [Processed Buffers: Min: 371, Avg: 396.5, Max: 422, Diff: 51, Sum: 793]
      [Scan RS (ms): Min: 12.7, Avg: 12.8, Max: 13.0, Diff: 0.3, Sum: 25.6]
      [Code Root Scanning (ms): Min: 0.1, Avg: 0.1, Max: 0.2, Diff: 0.1, Sum: 0.3]
      [Object Copy (ms): Min: 59.2, Avg: 59.4, Max: 59.6, Diff: 0.4, Sum: 118.8]
      [Termination (ms): Min: 0.0, Avg: 0.0, Max: 0.0, Diff: 0.0, Sum: 0.0]
      [GC Worker Other (ms): Min: 0.2, Avg: 0.2, Max: 0.2, Diff: 0.0, Sum: 0.3]
      [GC Worker Total (ms): Min: 172.0, Avg: 172.1, Max: 172.1, Diff: 0.1, Sum: 344.2]
      [GC Worker End (ms): Min: 5082056.3, Avg: 5082056.3, Max: 5082056.3, Diff: 0.0]
   [Code Root Fixup: 0.3 ms]
   [Code Root Migration: 0.1 ms]
   [Clear CT: 0.4 ms]
   [Other: 7.3 ms]
      [Choose CSet: 0.0 ms]
      [Ref Proc: 3.3 ms]
      [Ref Enq: 0.2 ms]
      [Free CSet: 0.9 ms]
   [Eden: 368.0M(368.0M)->0.0B(474.0M) Survivors: 52.0M->34.0M Heap: 1744.0M(4096.0M)->1389.0M(4096.0M)]
 [Times: user=0.35 sys=0.00, real=0.18 secs] 
2016-08-30T15:00:52.431+0200: 5102.566: [GC pause (young), 0.2144760 secs]
   [Parallel Time: 202.1 ms, GC Workers: 2]
      [GC Worker Start (ms): Min: 5102567.6, Avg: 5102567.8, Max: 5102568.0, Diff: 0.4]
      [Ext Root Scanning (ms): Min: 50.6, Avg: 53.6, Max: 56.7, Diff: 6.2, Sum: 107.3]
      [Update RS (ms): Min: 62.6, Avg: 65.9, Max: 69.3, Diff: 6.7, Sum: 131.8]
         [Processed Buffers: Min: 401, Avg: 421.5, Max: 442, Diff: 41, Sum: 843]
      [Scan RS (ms): Min: 12.3, Avg: 12.8, Max: 13.3, Diff: 1.0, Sum: 25.5]
      [Code Root Scanning (ms): Min: 0.1, Avg: 0.2, Max: 0.2, Diff: 0.0, Sum: 0.3]
      [Object Copy (ms): Min: 68.8, Avg: 69.2, Max: 69.6, Diff: 0.9, Sum: 138.4]
      [Termination (ms): Min: 0.0, Avg: 0.0, Max: 0.0, Diff: 0.0, Sum: 0.0]
      [GC Worker Other (ms): Min: 0.1, Avg: 0.2, Max: 0.2, Diff: 0.0, Sum: 0.3]
      [GC Worker Total (ms): Min: 201.6, Avg: 201.8, Max: 202.1, Diff: 0.4, Sum: 403.7]
      [GC Worker End (ms): Min: 5102769.6, Avg: 5102769.6, Max: 5102769.6, Diff: 0.0]
   [Code Root Fixup: 0.5 ms]
   [Code Root Migration: 0.1 ms]
   [Clear CT: 0.6 ms]
   [Other: 11.2 ms]
      [Choose CSet: 0.0 ms]
      [Ref Proc: 6.2 ms]
      [Ref Enq: 0.5 ms]
      [Free CSet: 1.3 ms]
   [Eden: 468.0M(324.0M)->0.0B(288.0M) Survivors: 34.0M->46.0M Heap: 1857.0M(4096.0M)->1424.0M(4096.0M)]
 [Times: user=0.40 sys=0.00, real=0.21 secs] 
2016-08-30T15:01:04.822+0200: 5114.956: [GC pause (young), 0.1900200 secs]
   [Parallel Time: 181.5 ms, GC Workers: 2]
      [GC Worker Start (ms): Min: 5114957.7, Avg: 5114957.7, Max: 5114957.7, Diff: 0.0]
      [Ext Root Scanning (ms): Min: 52.3, Avg: 53.1, Max: 54.0, Diff: 1.7, Sum: 106.3]
      [Update RS (ms): Min: 46.1, Avg: 47.2, Max: 48.3, Diff: 2.2, Sum: 94.4]
         [Processed Buffers: Min: 311, Avg: 380.5, Max: 450, Diff: 139, Sum: 761]
      [Scan RS (ms): Min: 13.6, Avg: 13.9, Max: 14.2, Diff: 0.6, Sum: 27.8]
      [Code Root Scanning (ms): Min: 0.1, Avg: 0.1, Max: 0.1, Diff: 0.0, Sum: 0.2]
      [Object Copy (ms): Min: 66.4, Avg: 67.0, Max: 67.5, Diff: 1.2, Sum: 133.9]
      [Termination (ms): Min: 0.0, Avg: 0.0, Max: 0.0, Diff: 0.0, Sum: 0.0]
      [GC Worker Other (ms): Min: 0.1, Avg: 0.2, Max: 0.2, Diff: 0.1, Sum: 0.3]
      [GC Worker Total (ms): Min: 181.4, Avg: 181.5, Max: 181.5, Diff: 0.0, Sum: 362.9]
      [GC Worker End (ms): Min: 5115139.2, Avg: 5115139.2, Max: 5115139.2, Diff: 0.0]
   [Code Root Fixup: 0.4 ms]
   [Code Root Migration: 0.1 ms]
   [Clear CT: 0.6 ms]
   [Other: 7.5 ms]
      [Choose CSet: 0.0 ms]
      [Ref Proc: 3.3 ms]
      [Ref Enq: 0.3 ms]
      [Free CSet: 0.8 ms]
   [Eden: 288.0M(288.0M)->0.0B(376.0M) Survivors: 46.0M->28.0M Heap: 1712.0M(4096.0M)->1444.0M(4096.0M)]
 [Times: user=0.37 sys=0.00, real=0.19 secs] 
2016-08-30T15:01:20.007+0200: 5130.142: [GC pause (young), 0.1766250 secs]
   [Parallel Time: 169.2 ms, GC Workers: 2]
      [GC Worker Start (ms): Min: 5130143.6, Avg: 5130143.7, Max: 5130143.7, Diff: 0.0]
      [Ext Root Scanning (ms): Min: 53.0, Avg: 53.1, Max: 53.1, Diff: 0.1, Sum: 106.1]
      [Update RS (ms): Min: 51.7, Avg: 52.3, Max: 52.9, Diff: 1.2, Sum: 104.6]
         [Processed Buffers: Min: 424, Avg: 440.0, Max: 456, Diff: 32, Sum: 880]
      [Scan RS (ms): Min: 9.9, Avg: 10.0, Max: 10.0, Diff: 0.1, Sum: 20.0]
      [Code Root Scanning (ms): Min: 0.1, Avg: 0.1, Max: 0.1, Diff: 0.0, Sum: 0.2]
      [Object Copy (ms): Min: 52.9, Avg: 53.5, Max: 54.1, Diff: 1.3, Sum: 107.0]
      [Termination (ms): Min: 0.0, Avg: 0.0, Max: 0.0, Diff: 0.0, Sum: 0.0]
      [GC Worker Other (ms): Min: 0.1, Avg: 0.1, Max: 0.1, Diff: 0.0, Sum: 0.3]
      [GC Worker Total (ms): Min: 169.1, Avg: 169.1, Max: 169.1, Diff: 0.0, Sum: 338.3]
      [GC Worker End (ms): Min: 5130312.8, Avg: 5130312.8, Max: 5130312.8, Diff: 0.0]
   [Code Root Fixup: 0.3 ms]
   [Code Root Migration: 0.1 ms]
   [Clear CT: 0.4 ms]
   [Other: 6.7 ms]
      [Choose CSet: 0.0 ms]
      [Ref Proc: 3.0 ms]
      [Ref Enq: 0.2 ms]
      [Free CSet: 0.7 ms]
   [Eden: 376.0M(376.0M)->0.0B(298.0M) Survivors: 28.0M->52.0M Heap: 1820.0M(4096.0M)->1483.0M(4096.0M)]
 [Times: user=0.35 sys=0.00, real=0.18 secs] 
2016-08-30T15:01:31.742+0200: 5141.876: [GC pause (young), 0.1908310 secs]
   [Parallel Time: 184.1 ms, GC Workers: 2]
      [GC Worker Start (ms): Min: 5141877.9, Avg: 5141877.9, Max: 5141877.9, Diff: 0.0]
      [Ext Root Scanning (ms): Min: 51.5, Avg: 58.1, Max: 64.7, Diff: 13.3, Sum: 116.2]
      [Update RS (ms): Min: 41.9, Avg: 48.7, Max: 55.5, Diff: 13.7, Sum: 97.4]
         [Processed Buffers: Min: 317, Avg: 441.5, Max: 566, Diff: 249, Sum: 883]
      [Scan RS (ms): Min: 14.7, Avg: 14.8, Max: 14.8, Diff: 0.1, Sum: 29.6]
      [Code Root Scanning (ms): Min: 0.1, Avg: 0.1, Max: 0.1, Diff: 0.0, Sum: 0.2]
      [Object Copy (ms): Min: 62.1, Avg: 62.2, Max: 62.3, Diff: 0.2, Sum: 124.4]
      [Termination (ms): Min: 0.0, Avg: 0.0, Max: 0.0, Diff: 0.0, Sum: 0.0]
      [GC Worker Other (ms): Min: 0.1, Avg: 0.2, Max: 0.2, Diff: 0.1, Sum: 0.3]
      [GC Worker Total (ms): Min: 184.0, Avg: 184.0, Max: 184.0, Diff: 0.0, Sum: 368.1]
      [GC Worker End (ms): Min: 5142062.0, Avg: 5142062.0, Max: 5142062.0, Diff: 0.0]
   [Code Root Fixup: 0.2 ms]
   [Code Root Migration: 0.0 ms]
   [Clear CT: 0.4 ms]
   [Other: 6.1 ms]
      [Choose CSet: 0.0 ms]
      [Ref Proc: 2.1 ms]
      [Ref Enq: 0.1 ms]
      [Free CSet: 0.6 ms]
   [Eden: 298.0M(298.0M)->0.0B(470.0M) Survivors: 52.0M->26.0M Heap: 1781.0M(4096.0M)->1507.0M(4096.0M)]
 [Times: user=0.37 sys=0.01, real=0.19 secs] 
2016-08-30T15:01:51.654+0200: 5161.789: [GC pause (young), 0.1727050 secs]
   [Parallel Time: 164.4 ms, GC Workers: 2]
      [GC Worker Start (ms): Min: 5161790.6, Avg: 5161790.6, Max: 5161790.6, Diff: 0.1]
      [Ext Root Scanning (ms): Min: 49.5, Avg: 50.1, Max: 50.7, Diff: 1.2, Sum: 100.2]
      [Update RS (ms): Min: 57.3, Avg: 57.4, Max: 57.5, Diff: 0.2, Sum: 114.7]
         [Processed Buffers: Min: 398, Avg: 433.5, Max: 469, Diff: 71, Sum: 867]
      [Scan RS (ms): Min: 11.1, Avg: 11.2, Max: 11.4, Diff: 0.3, Sum: 22.4]
      [Code Root Scanning (ms): Min: 0.1, Avg: 0.2, Max: 0.2, Diff: 0.1, Sum: 0.3]
      [Object Copy (ms): Min: 44.7, Avg: 45.3, Max: 45.8, Diff: 1.1, Sum: 90.6]
      [Termination (ms): Min: 0.0, Avg: 0.0, Max: 0.0, Diff: 0.0, Sum: 0.0]
      [GC Worker Other (ms): Min: 0.1, Avg: 0.1, Max: 0.2, Diff: 0.1, Sum: 0.3]
      [GC Worker Total (ms): Min: 164.2, Avg: 164.3, Max: 164.3, Diff: 0.1, Sum: 328.5]
      [GC Worker End (ms): Min: 5161954.9, Avg: 5161954.9, Max: 5161954.9, Diff: 0.0]
   [Code Root Fixup: 0.2 ms]
   [Code Root Migration: 0.1 ms]
   [Clear CT: 0.4 ms]
   [Other: 7.6 ms]
      [Choose CSet: 0.0 ms]
      [Ref Proc: 3.7 ms]
      [Ref Enq: 0.2 ms]
      [Free CSet: 0.8 ms]
   [Eden: 470.0M(470.0M)->0.0B(292.0M) Survivors: 26.0M->62.0M Heap: 1977.0M(4096.0M)->1545.0M(4096.0M)]
 [Times: user=0.34 sys=0.00, real=0.18 secs] 
2016-08-30T15:02:05.961+0200: 5176.095: [GC pause (young), 0.1872610 secs]
   [Parallel Time: 178.6 ms, GC Workers: 2]
      [GC Worker Start (ms): Min: 5176096.7, Avg: 5176096.7, Max: 5176096.7, Diff: 0.0]
      [Ext Root Scanning (ms): Min: 50.4, Avg: 51.1, Max: 51.8, Diff: 1.5, Sum: 102.2]
      [Update RS (ms): Min: 44.0, Avg: 44.2, Max: 44.4, Diff: 0.4, Sum: 88.4]
         [Processed Buffers: Min: 348, Avg: 354.5, Max: 361, Diff: 13, Sum: 709]
      [Scan RS (ms): Min: 13.9, Avg: 14.9, Max: 15.8, Diff: 1.9, Sum: 29.7]
      [Code Root Scanning (ms): Min: 0.1, Avg: 0.1, Max: 0.1, Diff: 0.0, Sum: 0.2]
      [Object Copy (ms): Min: 68.0, Avg: 68.1, Max: 68.1, Diff: 0.1, Sum: 136.1]
      [Termination (ms): Min: 0.0, Avg: 0.0, Max: 0.0, Diff: 0.0, Sum: 0.0]
      [GC Worker Other (ms): Min: 0.1, Avg: 0.2, Max: 0.2, Diff: 0.0, Sum: 0.3]
      [GC Worker Total (ms): Min: 178.5, Avg: 178.5, Max: 178.5, Diff: 0.0, Sum: 357.0]
      [GC Worker End (ms): Min: 5176275.2, Avg: 5176275.2, Max: 5176275.2, Diff: 0.0]
   [Code Root Fixup: 0.4 ms]
   [Code Root Migration: 0.1 ms]
   [Clear CT: 0.6 ms]
   [Other: 7.6 ms]
      [Choose CSet: 0.0 ms]
      [Ref Proc: 3.3 ms]
      [Ref Enq: 0.3 ms]
      [Free CSet: 0.8 ms]
   [Eden: 292.0M(292.0M)->0.0B(446.0M) Survivors: 62.0M->32.0M Heap: 1837.0M(4096.0M)->1550.0M(4096.0M)]
 [Times: user=0.36 sys=0.00, real=0.18 secs] 
2016-08-30T15:02:24.242+0200: 5194.376: [GC pause (young), 0.2274520 secs]
   [Parallel Time: 216.1 ms, GC Workers: 2]
      [GC Worker Start (ms): Min: 5194378.4, Avg: 5194379.3, Max: 5194380.3, Diff: 1.9]
      [Ext Root Scanning (ms): Min: 63.2, Avg: 67.8, Max: 72.4, Diff: 9.2, Sum: 135.6]
      [Update RS (ms): Min: 68.8, Avg: 74.4, Max: 80.0, Diff: 11.3, Sum: 148.8]
         [Processed Buffers: Min: 310, Avg: 412.0, Max: 514, Diff: 204, Sum: 824]
      [Scan RS (ms): Min: 10.8, Avg: 11.2, Max: 11.6, Diff: 0.8, Sum: 22.4]
      [Code Root Scanning (ms): Min: 0.1, Avg: 0.2, Max: 0.2, Diff: 0.0, Sum: 0.3]
      [Object Copy (ms): Min: 61.2, Avg: 61.5, Max: 61.8, Diff: 0.6, Sum: 122.9]
      [Termination (ms): Min: 0.0, Avg: 0.0, Max: 0.0, Diff: 0.0, Sum: 0.0]
      [GC Worker Other (ms): Min: 0.1, Avg: 0.2, Max: 0.2, Diff: 0.0, Sum: 0.3]
      [GC Worker Total (ms): Min: 214.2, Avg: 215.2, Max: 216.1, Diff: 1.8, Sum: 430.3]
      [GC Worker End (ms): Min: 5194594.5, Avg: 5194594.5, Max: 5194594.5, Diff: 0.0]
   [Code Root Fixup: 0.2 ms]
   [Code Root Migration: 0.1 ms]
   [Clear CT: 0.7 ms]
   [Other: 10.3 ms]
      [Choose CSet: 0.0 ms]
      [Ref Proc: 5.5 ms]
      [Ref Enq: 0.4 ms]
      [Free CSet: 1.1 ms]
   [Eden: 446.0M(446.0M)->0.0B(180.0M) Survivors: 32.0M->60.0M Heap: 1996.0M(4096.0M)->1590.0M(4096.0M)]
 [Times: user=0.37 sys=0.00, real=0.22 secs] 
2016-08-30T15:02:30.973+0200: 5201.107: [GC pause (young), 0.1575700 secs]
   [Parallel Time: 152.5 ms, GC Workers: 2]
      [GC Worker Start (ms): Min: 5201108.7, Avg: 5201108.8, Max: 5201108.9, Diff: 0.2]
      [Ext Root Scanning (ms): Min: 56.5, Avg: 65.1, Max: 73.6, Diff: 17.2, Sum: 130.1]
      [Update RS (ms): Min: 22.7, Avg: 30.6, Max: 38.6, Diff: 16.0, Sum: 61.3]
         [Processed Buffers: Min: 285, Avg: 387.0, Max: 489, Diff: 204, Sum: 774]
      [Scan RS (ms): Min: 8.7, Avg: 9.3, Max: 10.0, Diff: 1.3, Sum: 18.7]
      [Code Root Scanning (ms): Min: 0.0, Avg: 0.1, Max: 0.1, Diff: 0.1, Sum: 0.1]
      [Object Copy (ms): Min: 47.0, Avg: 47.1, Max: 47.2, Diff: 0.2, Sum: 94.2]
      [Termination (ms): Min: 0.0, Avg: 0.0, Max: 0.0, Diff: 0.0, Sum: 0.0]
      [GC Worker Other (ms): Min: 0.1, Avg: 0.1, Max: 0.1, Diff: 0.0, Sum: 0.3]
      [GC Worker Total (ms): Min: 152.2, Avg: 152.3, Max: 152.4, Diff: 0.2, Sum: 304.6]
      [GC Worker End (ms): Min: 5201261.1, Avg: 5201261.1, Max: 5201261.1, Diff: 0.0]
   [Code Root Fixup: 0.2 ms]
   [Code Root Migration: 0.0 ms]
   [Clear CT: 0.4 ms]
   [Other: 4.5 ms]
      [Choose CSet: 0.0 ms]
      [Ref Proc: 1.3 ms]
      [Ref Enq: 0.1 ms]
      [Free CSet: 0.4 ms]
   [Eden: 180.0M(180.0M)->0.0B(586.0M) Survivors: 60.0M->16.0M Heap: 1770.0M(4096.0M)->1603.0M(4096.0M)]
 [Times: user=0.27 sys=0.00, real=0.16 secs] 
2016-08-30T15:02:54.406+0200: 5224.540: [GC pause (young), 0.1901010 secs]
   [Parallel Time: 181.3 ms, GC Workers: 2]
      [GC Worker Start (ms): Min: 5224542.2, Avg: 5224542.2, Max: 5224542.2, Diff: 0.0]
      [Ext Root Scanning (ms): Min: 55.0, Avg: 60.4, Max: 65.8, Diff: 10.8, Sum: 120.8]
      [Update RS (ms): Min: 62.3, Avg: 65.6, Max: 68.8, Diff: 6.5, Sum: 131.2]
         [Processed Buffers: Min: 356, Avg: 409.5, Max: 463, Diff: 107, Sum: 819]
      [Scan RS (ms): Min: 7.2, Avg: 7.2, Max: 7.3, Diff: 0.1, Sum: 14.5]
      [Code Root Scanning (ms): Min: 0.1, Avg: 0.1, Max: 0.1, Diff: 0.0, Sum: 0.2]
      [Object Copy (ms): Min: 45.6, Avg: 47.8, Max: 50.0, Diff: 4.4, Sum: 95.6]
      [Termination (ms): Min: 0.0, Avg: 0.0, Max: 0.0, Diff: 0.0, Sum: 0.0]
      [GC Worker Other (ms): Min: 0.1, Avg: 0.1, Max: 0.2, Diff: 0.0, Sum: 0.3]
      [GC Worker Total (ms): Min: 181.2, Avg: 181.3, Max: 181.3, Diff: 0.0, Sum: 362.5]
      [GC Worker End (ms): Min: 5224723.4, Avg: 5224723.4, Max: 5224723.4, Diff: 0.0]
   [Code Root Fixup: 0.2 ms]
   [Code Root Migration: 0.1 ms]
   [Clear CT: 0.4 ms]
   [Other: 8.1 ms]
      [Choose CSet: 0.0 ms]
      [Ref Proc: 4.1 ms]
      [Ref Enq: 0.2 ms]
      [Free CSet: 0.9 ms]
   [Eden: 522.0M(428.0M)->0.0B(258.0M) Survivors: 16.0M->56.0M Heap: 2125.0M(4096.0M)->1654.0M(4096.0M)]
 [Times: user=0.34 sys=0.01, real=0.19 secs] 
2016-08-30T15:03:05.573+0200: 5235.707: [GC pause (young), 0.1649710 secs]
   [Parallel Time: 155.7 ms, GC Workers: 2]
      [GC Worker Start (ms): Min: 5235709.0, Avg: 5235709.0, Max: 5235709.0, Diff: 0.0]
      [Ext Root Scanning (ms): Min: 49.7, Avg: 51.7, Max: 53.6, Diff: 3.9, Sum: 103.3]
      [Update RS (ms): Min: 37.1, Avg: 38.3, Max: 39.4, Diff: 2.3, Sum: 76.6]
         [Processed Buffers: Min: 324, Avg: 372.5, Max: 421, Diff: 97, Sum: 745]
      [Scan RS (ms): Min: 10.8, Avg: 11.2, Max: 11.6, Diff: 0.7, Sum: 22.4]
      [Code Root Scanning (ms): Min: 0.0, Avg: 0.1, Max: 0.1, Diff: 0.0, Sum: 0.1]
      [Object Copy (ms): Min: 53.9, Avg: 54.3, Max: 54.8, Diff: 0.9, Sum: 108.6]
      [Termination (ms): Min: 0.0, Avg: 0.0, Max: 0.0, Diff: 0.0, Sum: 0.0]
      [GC Worker Other (ms): Min: 0.1, Avg: 0.1, Max: 0.2, Diff: 0.0, Sum: 0.3]
      [GC Worker Total (ms): Min: 155.7, Avg: 155.7, Max: 155.7, Diff: 0.0, Sum: 311.3]
      [GC Worker End (ms): Min: 5235864.6, Avg: 5235864.6, Max: 5235864.6, Diff: 0.0]
   [Code Root Fixup: 0.5 ms]
   [Code Root Migration: 0.0 ms]
   [Clear CT: 0.7 ms]
   [Other: 8.0 ms]
      [Choose CSet: 0.0 ms]
      [Ref Proc: 3.9 ms]
      [Ref Enq: 0.2 ms]
      [Free CSet: 0.8 ms]
   [Eden: 254.0M(150.0M)->0.0B(574.0M) Survivors: 56.0M->26.0M Heap: 1908.0M(4096.0M)->1677.0M(4096.0M)]
 [Times: user=0.32 sys=0.00, real=0.16 secs] 
2016-08-30T15:03:27.077+0200: 5257.212: [GC pause (young), 0.2556910 secs]
   [Parallel Time: 246.8 ms, GC Workers: 2]
      [GC Worker Start (ms): Min: 5257213.6, Avg: 5257213.8, Max: 5257214.1, Diff: 0.5]
      [Ext Root Scanning (ms): Min: 91.0, Avg: 92.3, Max: 93.6, Diff: 2.6, Sum: 184.6]
      [Update RS (ms): Min: 68.0, Avg: 68.3, Max: 68.5, Diff: 0.5, Sum: 136.5]
         [Processed Buffers: Min: 372, Avg: 424.5, Max: 477, Diff: 105, Sum: 849]
      [Scan RS (ms): Min: 12.5, Avg: 12.9, Max: 13.3, Diff: 0.8, Sum: 25.9]
      [Code Root Scanning (ms): Min: 0.1, Avg: 0.1, Max: 0.1, Diff: 0.0, Sum: 0.2]
      [Object Copy (ms): Min: 70.4, Avg: 72.6, Max: 74.8, Diff: 4.4, Sum: 145.3]
      [Termination (ms): Min: 0.0, Avg: 0.1, Max: 0.1, Diff: 0.1, Sum: 0.1]
      [GC Worker Other (ms): Min: 0.1, Avg: 0.1, Max: 0.1, Diff: 0.0, Sum: 0.2]
      [GC Worker Total (ms): Min: 246.2, Avg: 246.4, Max: 246.7, Diff: 0.5, Sum: 492.9]
      [GC Worker End (ms): Min: 5257460.3, Avg: 5257460.3, Max: 5257460.3, Diff: 0.0]
   [Code Root Fixup: 0.2 ms]
   [Code Root Migration: 0.1 ms]
   [Clear CT: 0.7 ms]
   [Other: 8.0 ms]
      [Choose CSet: 0.0 ms]
      [Ref Proc: 4.0 ms]
      [Ref Enq: 0.2 ms]
      [Free CSet: 0.8 ms]
   [Eden: 512.0M(440.0M)->0.0B(144.0M) Survivors: 26.0M->60.0M Heap: 2189.0M(4096.0M)->1718.0M(4096.0M)]
 [Times: user=0.26 sys=0.00, real=0.26 secs] 
2016-08-30T15:03:32.325+0200: 5262.460: [GC pause (young), 0.1714490 secs]
   [Parallel Time: 164.8 ms, GC Workers: 2]
      [GC Worker Start (ms): Min: 5262461.1, Avg: 5262461.9, Max: 5262462.7, Diff: 1.6]
      [Ext Root Scanning (ms): Min: 50.2, Avg: 50.4, Max: 50.6, Diff: 0.4, Sum: 100.8]
      [Update RS (ms): Min: 33.3, Avg: 33.8, Max: 34.4, Diff: 1.2, Sum: 67.7]
         [Processed Buffers: Min: 318, Avg: 346.0, Max: 374, Diff: 56, Sum: 692]
      [Scan RS (ms): Min: 13.8, Avg: 14.6, Max: 15.4, Diff: 1.6, Sum: 29.2]
      [Code Root Scanning (ms): Min: 0.0, Avg: 0.1, Max: 0.1, Diff: 0.1, Sum: 0.1]
      [Object Copy (ms): Min: 64.5, Avg: 64.8, Max: 65.2, Diff: 0.7, Sum: 129.7]
      [Termination (ms): Min: 0.0, Avg: 0.0, Max: 0.0, Diff: 0.0, Sum: 0.0]
      [GC Worker Other (ms): Min: 0.1, Avg: 0.1, Max: 0.1, Diff: 0.0, Sum: 0.3]
      [GC Worker Total (ms): Min: 163.1, Avg: 163.9, Max: 164.7, Diff: 1.6, Sum: 327.8]
      [GC Worker End (ms): Min: 5262625.8, Avg: 5262625.8, Max: 5262625.8, Diff: 0.0]
   [Code Root Fixup: 0.4 ms]
   [Code Root Migration: 0.1 ms]
   [Clear CT: 0.5 ms]
   [Other: 5.7 ms]
      [Choose CSet: 0.0 ms]
      [Ref Proc: 1.9 ms]
      [Ref Enq: 0.1 ms]
      [Free CSet: 0.6 ms]
   [Eden: 144.0M(144.0M)->0.0B(408.0M) Survivors: 60.0M->16.0M Heap: 1862.0M(4096.0M)->1732.0M(4096.0M)]
 [Times: user=0.33 sys=0.00, real=0.17 secs] 
2016-08-30T15:03:49.639+0200: 5279.773: [GC pause (young), 0.1696270 secs]
   [Parallel Time: 161.9 ms, GC Workers: 2]
      [GC Worker Start (ms): Min: 5279775.2, Avg: 5279775.2, Max: 5279775.2, Diff: 0.0]
      [Ext Root Scanning (ms): Min: 50.7, Avg: 50.9, Max: 51.0, Diff: 0.3, Sum: 101.7]
      [Update RS (ms): Min: 57.9, Avg: 58.7, Max: 59.4, Diff: 1.4, Sum: 117.3]
         [Processed Buffers: Min: 458, Avg: 460.0, Max: 462, Diff: 4, Sum: 920]
      [Scan RS (ms): Min: 7.7, Avg: 8.4, Max: 9.1, Diff: 1.4, Sum: 16.8]
      [Code Root Scanning (ms): Min: 0.1, Avg: 0.1, Max: 0.2, Diff: 0.1, Sum: 0.3]
      [Object Copy (ms): Min: 43.4, Avg: 43.6, Max: 43.7, Diff: 0.3, Sum: 87.1]
      [Termination (ms): Min: 0.0, Avg: 0.0, Max: 0.0, Diff: 0.0, Sum: 0.0]
      [GC Worker Other (ms): Min: 0.1, Avg: 0.1, Max: 0.2, Diff: 0.0, Sum: 0.3]
      [GC Worker Total (ms): Min: 161.8, Avg: 161.8, Max: 161.8, Diff: 0.0, Sum: 323.6]
      [GC Worker End (ms): Min: 5279937.0, Avg: 5279937.0, Max: 5279937.0, Diff: 0.0]
   [Code Root Fixup: 0.3 ms]
   [Code Root Migration: 0.1 ms]
   [Clear CT: 0.4 ms]
   [Other: 7.0 ms]
      [Choose CSet: 0.0 ms]
      [Ref Proc: 3.3 ms]
      [Ref Enq: 0.2 ms]
      [Free CSet: 0.7 ms]
   [Eden: 408.0M(408.0M)->0.0B(206.0M) Survivors: 16.0M->54.0M Heap: 2140.0M(4096.0M)->1770.0M(4096.0M)]
 [Times: user=0.33 sys=0.00, real=0.17 secs] 
2016-08-30T15:03:57.684+0200: 5287.819: [GC pause (young), 0.1692630 secs]
   [Parallel Time: 161.6 ms, GC Workers: 2]
      [GC Worker Start (ms): Min: 5287820.2, Avg: 5287820.2, Max: 5287820.2, Diff: 0.0]
      [Ext Root Scanning (ms): Min: 49.2, Avg: 50.3, Max: 51.3, Diff: 2.0, Sum: 100.5]
      [Update RS (ms): Min: 37.8, Avg: 38.4, Max: 39.0, Diff: 1.2, Sum: 76.8]
         [Processed Buffers: Min: 332, Avg: 362.5, Max: 393, Diff: 61, Sum: 725]
      [Scan RS (ms): Min: 13.2, Avg: 13.3, Max: 13.3, Diff: 0.0, Sum: 26.5]
      [Code Root Scanning (ms): Min: 0.1, Avg: 0.1, Max: 0.1, Diff: 0.0, Sum: 0.2]
      [Object Copy (ms): Min: 58.9, Avg: 59.4, Max: 59.8, Diff: 0.9, Sum: 118.7]
      [Termination (ms): Min: 0.0, Avg: 0.0, Max: 0.0, Diff: 0.0, Sum: 0.0]
      [GC Worker Other (ms): Min: 0.1, Avg: 0.2, Max: 0.2, Diff: 0.1, Sum: 0.3]
      [GC Worker Total (ms): Min: 161.5, Avg: 161.5, Max: 161.5, Diff: 0.0, Sum: 323.0]
      [GC Worker End (ms): Min: 5287981.7, Avg: 5287981.8, Max: 5287981.8, Diff: 0.0]
   [Code Root Fixup: 0.4 ms]
   [Code Root Migration: 0.0 ms]
   [Clear CT: 0.6 ms]
   [Other: 6.7 ms]
      [Choose CSet: 0.0 ms]
      [Ref Proc: 2.6 ms]
      [Ref Enq: 0.2 ms]
      [Free CSet: 0.6 ms]
   [Eden: 206.0M(206.0M)->0.0B(488.0M) Survivors: 54.0M->22.0M Heap: 1976.0M(4096.0M)->1778.0M(4096.0M)]
 [Times: user=0.33 sys=0.00, real=0.17 secs] 
2016-08-30T15:04:18.502+0200: 5308.637: [GC pause (young), 0.1897560 secs]
   [Parallel Time: 180.4 ms, GC Workers: 2]
      [GC Worker Start (ms): Min: 5308638.8, Avg: 5308638.8, Max: 5308638.9, Diff: 0.0]
      [Ext Root Scanning (ms): Min: 53.2, Avg: 54.9, Max: 56.5, Diff: 3.3, Sum: 109.7]
      [Update RS (ms): Min: 62.6, Avg: 63.0, Max: 63.4, Diff: 0.8, Sum: 126.0]
         [Processed Buffers: Min: 420, Avg: 453.0, Max: 486, Diff: 66, Sum: 906]
      [Scan RS (ms): Min: 9.9, Avg: 9.9, Max: 9.9, Diff: 0.1, Sum: 19.8]
      [Code Root Scanning (ms): Min: 0.1, Avg: 0.2, Max: 0.2, Diff: 0.1, Sum: 0.3]
      [Object Copy (ms): Min: 51.0, Avg: 52.2, Max: 53.5, Diff: 2.5, Sum: 104.5]
      [Termination (ms): Min: 0.0, Avg: 0.0, Max: 0.0, Diff: 0.0, Sum: 0.0]
      [GC Worker Other (ms): Min: 0.1, Avg: 0.2, Max: 0.2, Diff: 0.0, Sum: 0.3]
      [GC Worker Total (ms): Min: 180.3, Avg: 180.3, Max: 180.3, Diff: 0.0, Sum: 360.6]
      [GC Worker End (ms): Min: 5308819.2, Avg: 5308819.2, Max: 5308819.2, Diff: 0.0]
   [Code Root Fixup: 0.2 ms]
   [Code Root Migration: 0.1 ms]
   [Clear CT: 0.9 ms]
   [Other: 8.2 ms]
      [Choose CSet: 0.0 ms]
      [Ref Proc: 4.0 ms]
      [Ref Enq: 0.3 ms]
      [Free CSet: 0.9 ms]
   [Eden: 488.0M(488.0M)->0.0B(222.0M) Survivors: 22.0M->64.0M Heap: 2266.0M(4096.0M)->1821.0M(4096.0M)]
 [Times: user=0.36 sys=0.01, real=0.19 secs] 
2016-08-30T15:04:27.674+0200: 5317.808: [GC pause (young), 0.1767290 secs]
   [Parallel Time: 169.0 ms, GC Workers: 2]
      [GC Worker Start (ms): Min: 5317809.9, Avg: 5317810.0, Max: 5317810.0, Diff: 0.0]
      [Ext Root Scanning (ms): Min: 50.6, Avg: 51.2, Max: 51.9, Diff: 1.3, Sum: 102.4]
      [Update RS (ms): Min: 39.3, Avg: 39.4, Max: 39.4, Diff: 0.1, Sum: 78.8]
         [Processed Buffers: Min: 299, Avg: 337.5, Max: 376, Diff: 77, Sum: 675]
      [Scan RS (ms): Min: 14.2, Avg: 14.2, Max: 14.3, Diff: 0.2, Sum: 28.5]
      [Code Root Scanning (ms): Min: 0.1, Avg: 0.1, Max: 0.1, Diff: 0.0, Sum: 0.2]
      [Object Copy (ms): Min: 63.3, Avg: 63.8, Max: 64.3, Diff: 1.0, Sum: 127.6]
      [Termination (ms): Min: 0.0, Avg: 0.0, Max: 0.0, Diff: 0.0, Sum: 0.0]
      [GC Worker Other (ms): Min: 0.1, Avg: 0.2, Max: 0.2, Diff: 0.0, Sum: 0.3]
      [GC Worker Total (ms): Min: 168.9, Avg: 168.9, Max: 168.9, Diff: 0.0, Sum: 337.8]
      [GC Worker End (ms): Min: 5317978.8, Avg: 5317978.8, Max: 5317978.8, Diff: 0.0]
   [Code Root Fixup: 0.5 ms]
   [Code Root Migration: 0.0 ms]
   [Clear CT: 0.6 ms]
   [Other: 6.6 ms]
      [Choose CSet: 0.0 ms]
      [Ref Proc: 2.6 ms]
      [Ref Enq: 0.2 ms]
      [Free CSet: 0.7 ms]
   [Eden: 222.0M(222.0M)->0.0B(518.0M) Survivors: 64.0M->22.0M Heap: 2043.0M(4096.0M)->1823.0M(4096.0M)]
 [Times: user=0.34 sys=0.00, real=0.18 secs] 
2016-08-30T15:04:50.198+0200: 5340.332: [GC pause (young), 0.1983720 secs]
   [Parallel Time: 186.1 ms, GC Workers: 2]
      [GC Worker Start (ms): Min: 5340333.9, Avg: 5340334.9, Max: 5340335.9, Diff: 2.0]
      [Ext Root Scanning (ms): Min: 50.3, Avg: 51.7, Max: 53.2, Diff: 2.9, Sum: 103.4]
      [Update RS (ms): Min: 58.4, Avg: 59.6, Max: 60.8, Diff: 2.4, Sum: 119.2]
         [Processed Buffers: Min: 429, Avg: 442.0, Max: 455, Diff: 26, Sum: 884]
      [Scan RS (ms): Min: 9.7, Avg: 10.1, Max: 10.6, Diff: 0.9, Sum: 20.2]
      [Code Root Scanning (ms): Min: 0.1, Avg: 0.2, Max: 0.2, Diff: 0.1, Sum: 0.3]
      [Object Copy (ms): Min: 63.0, Avg: 63.2, Max: 63.5, Diff: 0.5, Sum: 126.5]
      [Termination (ms): Min: 0.0, Avg: 0.0, Max: 0.0, Diff: 0.0, Sum: 0.0]
      [GC Worker Other (ms): Min: 0.2, Avg: 0.2, Max: 0.2, Diff: 0.0, Sum: 0.3]
      [GC Worker Total (ms): Min: 184.0, Avg: 185.0, Max: 186.0, Diff: 2.0, Sum: 370.0]
      [GC Worker End (ms): Min: 5340519.9, Avg: 5340519.9, Max: 5340519.9, Diff: 0.0]
   [Code Root Fixup: 0.5 ms]
   [Code Root Migration: 0.1 ms]
   [Clear CT: 0.6 ms]
   [Other: 11.2 ms]
      [Choose CSet: 0.0 ms]
      [Ref Proc: 6.4 ms]
      [Ref Enq: 0.4 ms]
      [Free CSet: 1.1 ms]
   [Eden: 448.0M(378.0M)->0.0B(268.0M) Survivors: 22.0M->50.0M Heap: 2271.0M(4096.0M)->1864.0M(4096.0M)]
 [Times: user=0.38 sys=0.00, real=0.20 secs] 
2016-08-30T15:05:01.631+0200: 5351.765: [GC pause (young), 0.1707780 secs]
   [Parallel Time: 164.3 ms, GC Workers: 2]
      [GC Worker Start (ms): Min: 5351766.7, Avg: 5351766.7, Max: 5351766.8, Diff: 0.1]
      [Ext Root Scanning (ms): Min: 51.6, Avg: 51.7, Max: 51.8, Diff: 0.2, Sum: 103.4]
      [Update RS (ms): Min: 41.1, Avg: 41.3, Max: 41.5, Diff: 0.3, Sum: 82.6]
         [Processed Buffers: Min: 375, Avg: 380.5, Max: 386, Diff: 11, Sum: 761]
      [Scan RS (ms): Min: 12.9, Avg: 13.2, Max: 13.5, Diff: 0.6, Sum: 26.3]
      [Code Root Scanning (ms): Min: 0.1, Avg: 0.1, Max: 0.1, Diff: 0.0, Sum: 0.2]
      [Object Copy (ms): Min: 57.8, Avg: 57.8, Max: 57.8, Diff: 0.0, Sum: 115.5]
      [Termination (ms): Min: 0.0, Avg: 0.0, Max: 0.0, Diff: 0.0, Sum: 0.0]
      [GC Worker Other (ms): Min: 0.1, Avg: 0.2, Max: 0.2, Diff: 0.1, Sum: 0.3]
      [GC Worker Total (ms): Min: 164.2, Avg: 164.2, Max: 164.2, Diff: 0.1, Sum: 328.4]
      [GC Worker End (ms): Min: 5351930.9, Avg: 5351930.9, Max: 5351930.9, Diff: 0.0]
   [Code Root Fixup: 0.2 ms]
   [Code Root Migration: 0.0 ms]
   [Clear CT: 0.4 ms]
   [Other: 5.8 ms]
      [Choose CSet: 0.0 ms]
      [Ref Proc: 2.1 ms]
      [Ref Enq: 0.1 ms]
      [Free CSet: 0.6 ms]
   [Eden: 268.0M(268.0M)->0.0B(442.0M) Survivors: 50.0M->30.0M Heap: 2132.0M(4096.0M)->1885.0M(4096.0M)]
 [Times: user=0.33 sys=0.00, real=0.17 secs] 
2016-08-30T15:05:18.004+0200: 5368.139: [GC pause (young) (initial-mark), 0.2002790 secs]
   [Parallel Time: 190.5 ms, GC Workers: 2]
      [GC Worker Start (ms): Min: 5368140.9, Avg: 5368140.9, Max: 5368141.0, Diff: 0.1]
      [Ext Root Scanning (ms): Min: 49.9, Avg: 50.9, Max: 51.9, Diff: 2.0, Sum: 101.8]
      [Code Root Marking (ms): Min: 12.4, Avg: 12.5, Max: 12.6, Diff: 0.2, Sum: 24.9]
      [Update RS (ms): Min: 60.8, Avg: 61.7, Max: 62.6, Diff: 1.8, Sum: 123.4]
         [Processed Buffers: Min: 415, Avg: 449.5, Max: 484, Diff: 69, Sum: 899]
      [Scan RS (ms): Min: 9.2, Avg: 9.7, Max: 10.3, Diff: 1.2, Sum: 19.5]
      [Code Root Scanning (ms): Min: 0.1, Avg: 0.1, Max: 0.2, Diff: 0.1, Sum: 0.3]
      [Object Copy (ms): Min: 54.1, Avg: 55.3, Max: 56.5, Diff: 2.4, Sum: 110.5]
      [Termination (ms): Min: 0.0, Avg: 0.0, Max: 0.0, Diff: 0.0, Sum: 0.0]
      [GC Worker Other (ms): Min: 0.1, Avg: 0.2, Max: 0.2, Diff: 0.1, Sum: 0.3]
      [GC Worker Total (ms): Min: 190.4, Avg: 190.4, Max: 190.4, Diff: 0.1, Sum: 380.8]
      [GC Worker End (ms): Min: 5368331.3, Avg: 5368331.3, Max: 5368331.3, Diff: 0.0]
   [Code Root Fixup: 0.2 ms]
   [Code Root Migration: 0.1 ms]
   [Clear CT: 0.8 ms]
   [Other: 8.7 ms]
      [Choose CSet: 0.0 ms]
      [Ref Proc: 3.7 ms]
      [Ref Enq: 0.2 ms]
      [Free CSet: 0.9 ms]
   [Eden: 442.0M(442.0M)->0.0B(240.0M) Survivors: 30.0M->60.0M Heap: 2327.0M(4096.0M)->1922.0M(4096.0M)]
 [Times: user=0.39 sys=0.00, real=0.20 secs] 
2016-08-30T15:05:18.205+0200: 5368.339: [GC concurrent-root-region-scan-start]
2016-08-30T15:05:18.237+0200: 5368.371: [GC concurrent-root-region-scan-end, 0.0316960 secs]
2016-08-30T15:05:18.237+0200: 5368.371: [GC concurrent-mark-start]
2016-08-30T15:05:19.373+0200: 5369.507: [GC concurrent-mark-end, 1.1362160 secs]
2016-08-30T15:05:19.375+0200: 5369.509: [GC remark 2016-08-30T15:05:19.377+0200: 5369.512: [GC ref-proc, 0.0719140 secs], 0.0911700 secs]
 [Times: user=0.11 sys=0.01, real=0.09 secs] 
2016-08-30T15:05:19.470+0200: 5369.605: [GC cleanup 1962M->1876M(4096M), 0.0281490 secs]
 [Times: user=0.06 sys=0.00, real=0.02 secs] 
2016-08-30T15:05:19.499+0200: 5369.633: [GC concurrent-cleanup-start]
2016-08-30T15:05:19.499+0200: 5369.634: [GC concurrent-cleanup-end, 0.0002130 secs]
2016-08-30T15:05:23.211+0200: 5373.346: [GC pause (young), 0.1705260 secs]
   [Parallel Time: 163.9 ms, GC Workers: 2]
      [GC Worker Start (ms): Min: 5373347.3, Avg: 5373347.3, Max: 5373347.3, Diff: 0.0]
      [Ext Root Scanning (ms): Min: 50.2, Avg: 50.3, Max: 50.3, Diff: 0.1, Sum: 100.5]
      [Update RS (ms): Min: 31.9, Avg: 32.4, Max: 32.9, Diff: 1.0, Sum: 64.8]
         [Processed Buffers: Min: 314, Avg: 327.5, Max: 341, Diff: 27, Sum: 655]
      [Scan RS (ms): Min: 14.1, Avg: 14.2, Max: 14.3, Diff: 0.2, Sum: 28.3]
      [Code Root Scanning (ms): Min: 0.1, Avg: 0.1, Max: 0.1, Diff: 0.0, Sum: 0.1]
      [Object Copy (ms): Min: 66.2, Avg: 66.8, Max: 67.3, Diff: 1.1, Sum: 133.5]
      [Termination (ms): Min: 0.0, Avg: 0.0, Max: 0.0, Diff: 0.0, Sum: 0.0]
      [GC Worker Other (ms): Min: 0.1, Avg: 0.1, Max: 0.1, Diff: 0.0, Sum: 0.3]
      [GC Worker Total (ms): Min: 163.8, Avg: 163.8, Max: 163.8, Diff: 0.0, Sum: 327.5]
      [GC Worker End (ms): Min: 5373511.0, Avg: 5373511.1, Max: 5373511.1, Diff: 0.0]
   [Code Root Fixup: 0.4 ms]
   [Code Root Migration: 0.0 ms]
   [Clear CT: 0.5 ms]
   [Other: 5.6 ms]
      [Choose CSet: 0.0 ms]
      [Ref Proc: 1.9 ms]
      [Ref Enq: 0.1 ms]
      [Free CSet: 0.6 ms]
   [Eden: 144.0M(144.0M)->0.0B(188.0M) Survivors: 60.0M->16.0M Heap: 1980.0M(4096.0M)->1847.0M(4096.0M)]
 [Times: user=0.34 sys=0.00, real=0.17 secs] 
2016-08-30T15:05:30.744+0200: 5380.878: [GC pause (mixed), 0.1811620 secs]
   [Parallel Time: 173.7 ms, GC Workers: 2]
      [GC Worker Start (ms): Min: 5380879.9, Avg: 5380879.9, Max: 5380879.9, Diff: 0.0]
      [Ext Root Scanning (ms): Min: 50.0, Avg: 52.7, Max: 55.4, Diff: 5.4, Sum: 105.4]
      [Update RS (ms): Min: 36.4, Avg: 39.3, Max: 42.2, Diff: 5.7, Sum: 78.6]
         [Processed Buffers: Min: 365, Avg: 404.0, Max: 443, Diff: 78, Sum: 808]
      [Scan RS (ms): Min: 28.5, Avg: 28.8, Max: 29.1, Diff: 0.6, Sum: 57.6]
      [Code Root Scanning (ms): Min: 0.1, Avg: 0.2, Max: 0.3, Diff: 0.2, Sum: 0.5]
      [Object Copy (ms): Min: 52.1, Avg: 52.4, Max: 52.6, Diff: 0.5, Sum: 104.8]
      [Termination (ms): Min: 0.0, Avg: 0.0, Max: 0.0, Diff: 0.0, Sum: 0.0]
      [GC Worker Other (ms): Min: 0.1, Avg: 0.1, Max: 0.2, Diff: 0.0, Sum: 0.3]
      [GC Worker Total (ms): Min: 173.6, Avg: 173.6, Max: 173.6, Diff: 0.0, Sum: 347.2]
      [GC Worker End (ms): Min: 5381053.5, Avg: 5381053.5, Max: 5381053.5, Diff: 0.0]
   [Code Root Fixup: 0.2 ms]
   [Code Root Migration: 0.1 ms]
   [Clear CT: 0.6 ms]
   [Other: 6.5 ms]
      [Choose CSet: 0.3 ms]
      [Ref Proc: 1.6 ms]
      [Ref Enq: 0.1 ms]
      [Free CSet: 1.7 ms]
   [Eden: 188.0M(188.0M)->0.0B(188.0M) Survivors: 16.0M->16.0M Heap: 2035.0M(4096.0M)->1470.0M(4096.0M)]
 [Times: user=0.36 sys=0.00, real=0.18 secs] 
2016-08-30T15:05:35.790+0200: 5385.925: [GC pause (mixed), 0.2483160 secs]
   [Parallel Time: 241.3 ms, GC Workers: 2]
      [GC Worker Start (ms): Min: 5385926.5, Avg: 5385926.5, Max: 5385926.5, Diff: 0.0]
      [Ext Root Scanning (ms): Min: 51.0, Avg: 55.4, Max: 59.7, Diff: 8.8, Sum: 110.7]
      [Update RS (ms): Min: 27.1, Avg: 33.0, Max: 38.8, Diff: 11.7, Sum: 65.9]
         [Processed Buffers: Min: 334, Avg: 348.5, Max: 363, Diff: 29, Sum: 697]
      [Scan RS (ms): Min: 45.7, Avg: 47.0, Max: 48.4, Diff: 2.7, Sum: 94.0]
      [Code Root Scanning (ms): Min: 0.1, Avg: 0.1, Max: 0.2, Diff: 0.1, Sum: 0.3]
      [Object Copy (ms): Min: 102.7, Avg: 105.6, Max: 108.5, Diff: 5.7, Sum: 211.2]
      [Termination (ms): Min: 0.0, Avg: 0.0, Max: 0.0, Diff: 0.0, Sum: 0.0]
      [GC Worker Other (ms): Min: 0.1, Avg: 0.1, Max: 0.1, Diff: 0.0, Sum: 0.1]
      [GC Worker Total (ms): Min: 241.1, Avg: 241.2, Max: 241.2, Diff: 0.0, Sum: 482.3]
      [GC Worker End (ms): Min: 5386167.7, Avg: 5386167.7, Max: 5386167.7, Diff: 0.0]
   [Code Root Fixup: 0.3 ms]
   [Code Root Migration: 0.1 ms]
   [Clear CT: 0.7 ms]
   [Other: 6.1 ms]
      [Choose CSet: 0.4 ms]
      [Ref Proc: 1.3 ms]
      [Ref Enq: 0.1 ms]
      [Free CSet: 1.3 ms]
   [Eden: 188.0M(188.0M)->0.0B(184.0M) Survivors: 16.0M->20.0M Heap: 1658.0M(4096.0M)->1312.0M(4096.0M)]
 [Times: user=0.43 sys=0.00, real=0.25 secs] 
2016-08-30T15:05:41.439+0200: 5391.574: [GC pause (mixed), 0.2543890 secs]
   [Parallel Time: 246.6 ms, GC Workers: 2]
      [GC Worker Start (ms): Min: 5391576.1, Avg: 5391576.1, Max: 5391576.1, Diff: 0.0]
      [Ext Root Scanning (ms): Min: 49.4, Avg: 49.9, Max: 50.4, Diff: 1.0, Sum: 99.8]
      [Update RS (ms): Min: 46.8, Avg: 46.9, Max: 47.0, Diff: 0.3, Sum: 93.8]
         [Processed Buffers: Min: 405, Avg: 440.5, Max: 476, Diff: 71, Sum: 881]
      [Scan RS (ms): Min: 67.1, Avg: 67.1, Max: 67.2, Diff: 0.1, Sum: 134.2]
      [Code Root Scanning (ms): Min: 0.1, Avg: 0.1, Max: 0.2, Diff: 0.1, Sum: 0.3]
      [Object Copy (ms): Min: 81.9, Avg: 82.3, Max: 82.7, Diff: 0.8, Sum: 164.6]
      [Termination (ms): Min: 0.0, Avg: 0.0, Max: 0.0, Diff: 0.0, Sum: 0.0]
      [GC Worker Other (ms): Min: 0.1, Avg: 0.1, Max: 0.2, Diff: 0.0, Sum: 0.3]
      [GC Worker Total (ms): Min: 246.5, Avg: 246.5, Max: 246.5, Diff: 0.0, Sum: 493.1]
      [GC Worker End (ms): Min: 5391822.7, Avg: 5391822.7, Max: 5391822.7, Diff: 0.0]
   [Code Root Fixup: 0.3 ms]
   [Code Root Migration: 0.1 ms]
   [Clear CT: 0.7 ms]
   [Other: 6.8 ms]
      [Choose CSet: 0.7 ms]
      [Ref Proc: 1.4 ms]
      [Ref Enq: 0.1 ms]
      [Free CSet: 1.4 ms]
   [Eden: 184.0M(184.0M)->0.0B(184.0M) Survivors: 20.0M->20.0M Heap: 1496.0M(4096.0M)->1169.0M(4096.0M)]
 [Times: user=0.48 sys=0.00, real=0.26 secs] 
2016-08-30T15:05:47.977+0200: 5398.112: [GC pause (mixed), 0.4489330 secs]
   [Parallel Time: 440.9 ms, GC Workers: 2]
      [GC Worker Start (ms): Min: 5398114.7, Avg: 5398114.7, Max: 5398114.7, Diff: 0.0]
      [Ext Root Scanning (ms): Min: 66.5, Avg: 70.1, Max: 73.6, Diff: 7.2, Sum: 140.1]
      [Update RS (ms): Min: 62.1, Avg: 66.0, Max: 69.9, Diff: 7.8, Sum: 132.0]
         [Processed Buffers: Min: 406, Avg: 409.5, Max: 413, Diff: 7, Sum: 819]
      [Scan RS (ms): Min: 131.8, Avg: 135.5, Max: 139.2, Diff: 7.4, Sum: 271.0]
      [Code Root Scanning (ms): Min: 0.1, Avg: 0.1, Max: 0.1, Diff: 0.0, Sum: 0.2]
      [Object Copy (ms): Min: 161.5, Avg: 162.2, Max: 163.0, Diff: 1.5, Sum: 324.4]
      [Termination (ms): Min: 0.0, Avg: 5.7, Max: 11.4, Diff: 11.4, Sum: 11.4]
      [GC Worker Other (ms): Min: 0.1, Avg: 0.1, Max: 0.1, Diff: 0.0, Sum: 0.2]
      [GC Worker Total (ms): Min: 438.5, Avg: 439.7, Max: 440.9, Diff: 2.4, Sum: 879.4]
      [GC Worker End (ms): Min: 5398553.2, Avg: 5398554.4, Max: 5398555.6, Diff: 2.4]
   [Code Root Fixup: 0.2 ms]
   [Code Root Migration: 0.1 ms]
   [Clear CT: 0.5 ms]
   [Other: 7.3 ms]
      [Choose CSet: 0.6 ms]
      [Ref Proc: 1.6 ms]
      [Ref Enq: 0.1 ms]
      [Free CSet: 1.2 ms]
   [Eden: 184.0M(184.0M)->0.0B(182.0M) Survivors: 20.0M->22.0M Heap: 1353.0M(4096.0M)->1047.0M(4096.0M)]
 [Times: user=0.32 sys=0.00, real=0.45 secs] 
2016-08-30T15:05:55.108+0200: 5405.243: [GC pause (young), 0.1437970 secs]
   [Parallel Time: 136.7 ms, GC Workers: 2]
      [GC Worker Start (ms): Min: 5405244.4, Avg: 5405244.4, Max: 5405244.5, Diff: 0.0]
      [Ext Root Scanning (ms): Min: 49.5, Avg: 50.4, Max: 51.4, Diff: 1.8, Sum: 100.9]
      [Update RS (ms): Min: 38.3, Avg: 38.7, Max: 39.1, Diff: 0.7, Sum: 77.4]
         [Processed Buffers: Min: 347, Avg: 352.5, Max: 358, Diff: 11, Sum: 705]
      [Scan RS (ms): Min: 6.3, Avg: 6.8, Max: 7.4, Diff: 1.1, Sum: 13.7]
      [Code Root Scanning (ms): Min: 0.0, Avg: 0.1, Max: 0.1, Diff: 0.1, Sum: 0.1]
      [Object Copy (ms): Min: 39.7, Avg: 40.4, Max: 41.1, Diff: 1.5, Sum: 80.8]
      [Termination (ms): Min: 0.0, Avg: 0.0, Max: 0.0, Diff: 0.0, Sum: 0.0]
      [GC Worker Other (ms): Min: 0.1, Avg: 0.1, Max: 0.2, Diff: 0.0, Sum: 0.3]
      [GC Worker Total (ms): Min: 136.6, Avg: 136.6, Max: 136.6, Diff: 0.0, Sum: 273.2]
      [GC Worker End (ms): Min: 5405381.0, Avg: 5405381.0, Max: 5405381.0, Diff: 0.0]
   [Code Root Fixup: 0.6 ms]
   [Code Root Migration: 0.0 ms]
   [Clear CT: 0.4 ms]
   [Other: 6.0 ms]
      [Choose CSet: 0.0 ms]
      [Ref Proc: 2.4 ms]
      [Ref Enq: 0.2 ms]
      [Free CSet: 0.5 ms]
   [Eden: 182.0M(182.0M)->0.0B(184.0M) Survivors: 22.0M->20.0M Heap: 1229.0M(4096.0M)->1063.0M(4096.0M)]
 [Times: user=0.28 sys=0.00, real=0.14 secs] 
2016-08-30T15:06:01.591+0200: 5411.725: [GC pause (young), 0.1502840 secs]
   [Parallel Time: 143.4 ms, GC Workers: 2]
      [GC Worker Start (ms): Min: 5411726.6, Avg: 5411728.3, Max: 5411730.0, Diff: 3.4]
      [Ext Root Scanning (ms): Min: 59.8, Avg: 60.5, Max: 61.3, Diff: 1.5, Sum: 121.1]
      [Update RS (ms): Min: 33.7, Avg: 35.3, Max: 36.9, Diff: 3.2, Sum: 70.6]
         [Processed Buffers: Min: 324, Avg: 350.5, Max: 377, Diff: 53, Sum: 701]
      [Scan RS (ms): Min: 6.5, Avg: 6.7, Max: 7.0, Diff: 0.5, Sum: 13.4]
      [Code Root Scanning (ms): Min: 0.0, Avg: 0.1, Max: 0.1, Diff: 0.1, Sum: 0.1]
      [Object Copy (ms): Min: 38.2, Avg: 38.8, Max: 39.4, Diff: 1.2, Sum: 77.7]
      [Termination (ms): Min: 0.0, Avg: 0.0, Max: 0.0, Diff: 0.0, Sum: 0.0]
      [GC Worker Other (ms): Min: 0.1, Avg: 0.1, Max: 0.1, Diff: 0.0, Sum: 0.3]
      [GC Worker Total (ms): Min: 139.9, Avg: 141.6, Max: 143.3, Diff: 3.4, Sum: 283.2]
      [GC Worker End (ms): Min: 5411869.9, Avg: 5411869.9, Max: 5411869.9, Diff: 0.0]
   [Code Root Fixup: 0.7 ms]
   [Code Root Migration: 0.0 ms]
   [Clear CT: 0.4 ms]
   [Other: 5.8 ms]
      [Choose CSet: 0.0 ms]
      [Ref Proc: 2.3 ms]
      [Ref Enq: 0.2 ms]
      [Free CSet: 0.5 ms]
   [Eden: 184.0M(184.0M)->0.0B(184.0M) Survivors: 20.0M->20.0M Heap: 1247.0M(4096.0M)->1080.0M(4096.0M)]
 [Times: user=0.27 sys=0.01, real=0.15 secs] 
2016-08-30T15:06:08.997+0200: 5419.132: [GC pause (young), 0.1369250 secs]
   [Parallel Time: 130.5 ms, GC Workers: 2]
      [GC Worker Start (ms): Min: 5419133.1, Avg: 5419133.1, Max: 5419133.1, Diff: 0.0]
      [Ext Root Scanning (ms): Min: 49.8, Avg: 50.4, Max: 51.0, Diff: 1.2, Sum: 100.8]
      [Update RS (ms): Min: 34.2, Avg: 34.5, Max: 34.8, Diff: 0.6, Sum: 69.0]
         [Processed Buffers: Min: 339, Avg: 365.5, Max: 392, Diff: 53, Sum: 731]
      [Scan RS (ms): Min: 5.9, Avg: 6.3, Max: 6.7, Diff: 0.8, Sum: 12.5]
      [Code Root Scanning (ms): Min: 0.1, Avg: 0.1, Max: 0.1, Diff: 0.0, Sum: 0.1]
      [Object Copy (ms): Min: 38.6, Avg: 39.1, Max: 39.6, Diff: 1.0, Sum: 78.2]
      [Termination (ms): Min: 0.0, Avg: 0.0, Max: 0.0, Diff: 0.0, Sum: 0.0]
      [GC Worker Other (ms): Min: 0.1, Avg: 0.1, Max: 0.2, Diff: 0.0, Sum: 0.3]
      [GC Worker Total (ms): Min: 130.5, Avg: 130.5, Max: 130.5, Diff: 0.0, Sum: 260.9]
      [GC Worker End (ms): Min: 5419263.6, Avg: 5419263.6, Max: 5419263.6, Diff: 0.0]
   [Code Root Fixup: 0.3 ms]
   [Code Root Migration: 0.0 ms]
   [Clear CT: 0.4 ms]
   [Other: 5.6 ms]
      [Choose CSet: 0.0 ms]
      [Ref Proc: 2.2 ms]
      [Ref Enq: 0.2 ms]
      [Free CSet: 0.5 ms]
   [Eden: 184.0M(184.0M)->0.0B(184.0M) Survivors: 20.0M->20.0M Heap: 1264.0M(4096.0M)->1099.0M(4096.0M)]
 [Times: user=0.27 sys=0.01, real=0.13 secs] 
2016-08-30T15:06:15.588+0200: 5425.723: [GC pause (young), 0.1470530 secs]
   [Parallel Time: 140.5 ms, GC Workers: 2]
      [GC Worker Start (ms): Min: 5425724.1, Avg: 5425724.1, Max: 5425724.1, Diff: 0.0]
      [Ext Root Scanning (ms): Min: 51.7, Avg: 52.7, Max: 53.7, Diff: 2.0, Sum: 105.4]
      [Update RS (ms): Min: 39.1, Avg: 39.7, Max: 40.2, Diff: 1.1, Sum: 79.3]
         [Processed Buffers: Min: 414, Avg: 430.0, Max: 446, Diff: 32, Sum: 860]
      [Scan RS (ms): Min: 6.4, Avg: 6.4, Max: 6.5, Diff: 0.0, Sum: 12.9]
      [Code Root Scanning (ms): Min: 0.0, Avg: 0.1, Max: 0.1, Diff: 0.0, Sum: 0.1]
      [Object Copy (ms): Min: 41.0, Avg: 41.4, Max: 41.8, Diff: 0.8, Sum: 82.8]
      [Termination (ms): Min: 0.0, Avg: 0.0, Max: 0.0, Diff: 0.0, Sum: 0.0]
      [GC Worker Other (ms): Min: 0.2, Avg: 0.2, Max: 0.2, Diff: 0.0, Sum: 0.4]
      [GC Worker Total (ms): Min: 140.4, Avg: 140.4, Max: 140.4, Diff: 0.0, Sum: 280.9]
      [GC Worker End (ms): Min: 5425864.5, Avg: 5425864.5, Max: 5425864.5, Diff: 0.0]
   [Code Root Fixup: 0.5 ms]
   [Code Root Migration: 0.0 ms]
   [Clear CT: 0.4 ms]
   [Other: 5.7 ms]
      [Choose CSet: 0.0 ms]
      [Ref Proc: 1.9 ms]
      [Ref Enq: 0.2 ms]
      [Free CSet: 0.7 ms]
   [Eden: 184.0M(184.0M)->0.0B(180.0M) Survivors: 20.0M->24.0M Heap: 1283.0M(4096.0M)->1121.0M(4096.0M)]
 [Times: user=0.28 sys=0.00, real=0.14 secs] 
2016-08-30T15:06:23.721+0200: 5433.856: [GC pause (young), 0.1409150 secs]
   [Parallel Time: 134.7 ms, GC Workers: 2]
      [GC Worker Start (ms): Min: 5433857.0, Avg: 5433857.0, Max: 5433857.0, Diff: 0.0]
      [Ext Root Scanning (ms): Min: 50.0, Avg: 50.3, Max: 50.6, Diff: 0.6, Sum: 100.5]
      [Update RS (ms): Min: 39.5, Avg: 39.8, Max: 40.2, Diff: 0.7, Sum: 79.7]
         [Processed Buffers: Min: 332, Avg: 353.5, Max: 375, Diff: 43, Sum: 707]
      [Scan RS (ms): Min: 7.1, Avg: 7.3, Max: 7.5, Diff: 0.4, Sum: 14.6]
      [Code Root Scanning (ms): Min: 0.1, Avg: 0.1, Max: 0.1, Diff: 0.0, Sum: 0.1]
      [Object Copy (ms): Min: 36.5, Avg: 37.0, Max: 37.4, Diff: 0.8, Sum: 73.9]
      [Termination (ms): Min: 0.0, Avg: 0.0, Max: 0.0, Diff: 0.0, Sum: 0.0]
      [GC Worker Other (ms): Min: 0.1, Avg: 0.1, Max: 0.2, Diff: 0.0, Sum: 0.3]
      [GC Worker Total (ms): Min: 134.6, Avg: 134.6, Max: 134.6, Diff: 0.0, Sum: 269.2]
      [GC Worker End (ms): Min: 5433991.6, Avg: 5433991.6, Max: 5433991.6, Diff: 0.0]
   [Code Root Fixup: 0.5 ms]
   [Code Root Migration: 0.0 ms]
   [Clear CT: 0.4 ms]
   [Other: 5.3 ms]
      [Choose CSet: 0.0 ms]
      [Ref Proc: 1.9 ms]
      [Ref Enq: 0.1 ms]
      [Free CSet: 0.5 ms]
   [Eden: 180.0M(180.0M)->0.0B(206.0M) Survivors: 24.0M->16.0M Heap: 1301.0M(4096.0M)->1133.0M(4096.0M)]
 [Times: user=0.27 sys=0.00, real=0.14 secs] 
2016-08-30T15:06:31.329+0200: 5441.464: [GC pause (young), 0.1396690 secs]
   [Parallel Time: 132.5 ms, GC Workers: 2]
      [GC Worker Start (ms): Min: 5441465.1, Avg: 5441465.1, Max: 5441465.1, Diff: 0.0]
      [Ext Root Scanning (ms): Min: 49.8, Avg: 50.0, Max: 50.3, Diff: 0.6, Sum: 100.1]
      [Update RS (ms): Min: 36.5, Avg: 37.0, Max: 37.4, Diff: 1.0, Sum: 73.9]
         [Processed Buffers: Min: 366, Avg: 371.5, Max: 377, Diff: 11, Sum: 743]
      [Scan RS (ms): Min: 6.2, Avg: 6.4, Max: 6.5, Diff: 0.3, Sum: 12.7]
      [Code Root Scanning (ms): Min: 0.0, Avg: 0.1, Max: 0.1, Diff: 0.1, Sum: 0.1]
      [Object Copy (ms): Min: 38.3, Avg: 38.9, Max: 39.5, Diff: 1.2, Sum: 77.8]
      [Termination (ms): Min: 0.0, Avg: 0.0, Max: 0.0, Diff: 0.0, Sum: 0.0]
      [GC Worker Other (ms): Min: 0.1, Avg: 0.1, Max: 0.1, Diff: 0.0, Sum: 0.3]
      [GC Worker Total (ms): Min: 132.5, Avg: 132.5, Max: 132.5, Diff: 0.0, Sum: 264.9]
      [GC Worker End (ms): Min: 5441597.6, Avg: 5441597.6, Max: 5441597.6, Diff: 0.0]
   [Code Root Fixup: 0.5 ms]
   [Code Root Migration: 0.0 ms]
   [Clear CT: 0.4 ms]
   [Other: 6.2 ms]
      [Choose CSet: 0.0 ms]
      [Ref Proc: 2.7 ms]
      [Ref Enq: 0.2 ms]
      [Free CSet: 0.5 ms]
   [Eden: 206.0M(206.0M)->0.0B(338.0M) Survivors: 16.0M->24.0M Heap: 1339.0M(4096.0M)->1154.0M(4096.0M)]
 [Times: user=0.26 sys=0.00, real=0.14 secs] 
2016-08-30T15:06:43.240+0200: 5453.374: [GC pause (young), 0.1743520 secs]
   [Parallel Time: 164.9 ms, GC Workers: 2]
      [GC Worker Start (ms): Min: 5453376.2, Avg: 5453376.2, Max: 5453376.2, Diff: 0.0]
      [Ext Root Scanning (ms): Min: 50.4, Avg: 50.4, Max: 50.4, Diff: 0.0, Sum: 100.8]
      [Update RS (ms): Min: 49.7, Avg: 50.4, Max: 51.0, Diff: 1.3, Sum: 100.7]
         [Processed Buffers: Min: 434, Avg: 452.5, Max: 471, Diff: 37, Sum: 905]
      [Scan RS (ms): Min: 7.5, Avg: 7.9, Max: 8.2, Diff: 0.7, Sum: 15.8]
      [Code Root Scanning (ms): Min: 0.1, Avg: 0.1, Max: 0.1, Diff: 0.0, Sum: 0.2]
      [Object Copy (ms): Min: 55.5, Avg: 55.8, Max: 56.2, Diff: 0.6, Sum: 111.7]
      [Termination (ms): Min: 0.0, Avg: 0.0, Max: 0.0, Diff: 0.0, Sum: 0.0]
      [GC Worker Other (ms): Min: 0.1, Avg: 0.1, Max: 0.1, Diff: 0.0, Sum: 0.3]
      [GC Worker Total (ms): Min: 164.7, Avg: 164.7, Max: 164.8, Diff: 0.0, Sum: 329.5]
      [GC Worker End (ms): Min: 5453540.9, Avg: 5453540.9, Max: 5453540.9, Diff: 0.0]
   [Code Root Fixup: 0.4 ms]
   [Code Root Migration: 0.1 ms]
   [Clear CT: 0.4 ms]
   [Other: 8.6 ms]
      [Choose CSet: 0.0 ms]
      [Ref Proc: 4.0 ms]
      [Ref Enq: 0.5 ms]
      [Free CSet: 0.9 ms]
   [Eden: 338.0M(338.0M)->0.0B(242.0M) Survivors: 24.0M->46.0M Heap: 1492.0M(4096.0M)->1190.0M(4096.0M)]
 [Times: user=0.34 sys=0.01, real=0.18 secs] 
2016-08-30T15:06:53.050+0200: 5463.185: [GC pause (young), 0.1755100 secs]
   [Parallel Time: 167.3 ms, GC Workers: 2]
      [GC Worker Start (ms): Min: 5463186.5, Avg: 5463186.5, Max: 5463186.5, Diff: 0.1]
      [Ext Root Scanning (ms): Min: 49.5, Avg: 49.5, Max: 49.5, Diff: 0.1, Sum: 99.0]
      [Update RS (ms): Min: 44.6, Avg: 44.9, Max: 45.1, Diff: 0.5, Sum: 89.7]
         [Processed Buffers: Min: 418, Avg: 453.0, Max: 488, Diff: 70, Sum: 906]
      [Scan RS (ms): Min: 11.0, Avg: 11.2, Max: 11.5, Diff: 0.5, Sum: 22.5]
      [Code Root Scanning (ms): Min: 0.0, Avg: 0.1, Max: 0.2, Diff: 0.1, Sum: 0.2]
      [Object Copy (ms): Min: 61.3, Avg: 61.3, Max: 61.4, Diff: 0.1, Sum: 122.7]
      [Termination (ms): Min: 0.0, Avg: 0.0, Max: 0.0, Diff: 0.0, Sum: 0.0]
      [GC Worker Other (ms): Min: 0.1, Avg: 0.1, Max: 0.2, Diff: 0.0, Sum: 0.3]
      [GC Worker Total (ms): Min: 167.2, Avg: 167.2, Max: 167.2, Diff: 0.1, Sum: 334.4]
      [GC Worker End (ms): Min: 5463353.7, Avg: 5463353.7, Max: 5463353.7, Diff: 0.0]
   [Code Root Fixup: 0.4 ms]
   [Code Root Migration: 0.0 ms]
   [Clear CT: 0.4 ms]
   [Other: 7.4 ms]
      [Choose CSet: 0.0 ms]
      [Ref Proc: 3.2 ms]
      [Ref Enq: 0.2 ms]
      [Free CSet: 0.7 ms]
   [Eden: 242.0M(242.0M)->0.0B(372.0M) Survivors: 46.0M->22.0M Heap: 1432.0M(4096.0M)->1212.0M(4096.0M)]
 [Times: user=0.34 sys=0.01, real=0.18 secs] 
2016-08-30T15:07:11.226+0200: 5481.361: [GC pause (young), 0.1750580 secs]
   [Parallel Time: 165.6 ms, GC Workers: 2]
      [GC Worker Start (ms): Min: 5481362.4, Avg: 5481362.4, Max: 5481362.4, Diff: 0.1]
      [Ext Root Scanning (ms): Min: 50.5, Avg: 51.1, Max: 51.6, Diff: 1.1, Sum: 102.1]
      [Update RS (ms): Min: 48.9, Avg: 49.4, Max: 49.9, Diff: 0.9, Sum: 98.8]
         [Processed Buffers: Min: 361, Avg: 371.5, Max: 382, Diff: 21, Sum: 743]
      [Scan RS (ms): Min: 9.8, Avg: 10.3, Max: 10.9, Diff: 1.0, Sum: 20.7]
      [Code Root Scanning (ms): Min: 0.1, Avg: 0.2, Max: 0.2, Diff: 0.1, Sum: 0.3]
      [Object Copy (ms): Min: 54.0, Avg: 54.5, Max: 55.0, Diff: 1.0, Sum: 108.9]
      [Termination (ms): Min: 0.0, Avg: 0.0, Max: 0.0, Diff: 0.0, Sum: 0.0]
      [GC Worker Other (ms): Min: 0.1, Avg: 0.1, Max: 0.1, Diff: 0.1, Sum: 0.2]
      [GC Worker Total (ms): Min: 165.5, Avg: 165.5, Max: 165.5, Diff: 0.1, Sum: 331.0]
      [GC Worker End (ms): Min: 5481527.9, Avg: 5481527.9, Max: 5481527.9, Diff: 0.0]
   [Code Root Fixup: 0.4 ms]
   [Code Root Migration: 0.1 ms]
   [Clear CT: 0.5 ms]
   [Other: 8.5 ms]
      [Choose CSet: 0.0 ms]
      [Ref Proc: 4.1 ms]
      [Ref Enq: 0.3 ms]
      [Free CSet: 1.0 ms]
   [Eden: 372.0M(372.0M)->0.0B(236.0M) Survivors: 22.0M->50.0M Heap: 1584.0M(4096.0M)->1240.0M(4096.0M)]
 [Times: user=0.33 sys=0.01, real=0.17 secs] 
2016-08-30T15:07:20.107+0200: 5490.241: [GC pause (young), 0.1760910 secs]
   [Parallel Time: 169.1 ms, GC Workers: 2]
      [GC Worker Start (ms): Min: 5490242.6, Avg: 5490242.6, Max: 5490242.6, Diff: 0.0]
      [Ext Root Scanning (ms): Min: 50.4, Avg: 50.8, Max: 51.2, Diff: 0.8, Sum: 101.5]
      [Update RS (ms): Min: 38.8, Avg: 39.1, Max: 39.3, Diff: 0.5, Sum: 78.1]
         [Processed Buffers: Min: 353, Avg: 355.0, Max: 357, Diff: 4, Sum: 710]
      [Scan RS (ms): Min: 12.6, Avg: 12.9, Max: 13.2, Diff: 0.5, Sum: 25.8]
      [Code Root Scanning (ms): Min: 0.0, Avg: 0.1, Max: 0.2, Diff: 0.2, Sum: 0.2]
      [Object Copy (ms): Min: 65.6, Avg: 66.1, Max: 66.5, Diff: 0.9, Sum: 132.1]
      [Termination (ms): Min: 0.0, Avg: 0.0, Max: 0.0, Diff: 0.0, Sum: 0.0]
      [GC Worker Other (ms): Min: 0.1, Avg: 0.1, Max: 0.2, Diff: 0.0, Sum: 0.3]
      [GC Worker Total (ms): Min: 169.0, Avg: 169.0, Max: 169.1, Diff: 0.0, Sum: 338.1]
      [GC Worker End (ms): Min: 5490411.6, Avg: 5490411.6, Max: 5490411.6, Diff: 0.0]
   [Code Root Fixup: 0.5 ms]
   [Code Root Migration: 0.0 ms]
   [Clear CT: 0.4 ms]
   [Other: 6.0 ms]
      [Choose CSet: 0.0 ms]
      [Ref Proc: 2.4 ms]
      [Ref Enq: 0.1 ms]
      [Free CSet: 0.6 ms]
   [Eden: 236.0M(236.0M)->0.0B(394.0M) Survivors: 50.0M->30.0M Heap: 1476.0M(4096.0M)->1261.0M(4096.0M)]
 [Times: user=0.35 sys=0.00, real=0.18 secs] 
2016-08-30T15:07:38.873+0200: 5509.007: [GC pause (young), 0.1741420 secs]
   [Parallel Time: 166.0 ms, GC Workers: 2]
      [GC Worker Start (ms): Min: 5509008.7, Avg: 5509008.7, Max: 5509008.7, Diff: 0.0]
      [Ext Root Scanning (ms): Min: 51.2, Avg: 52.4, Max: 53.6, Diff: 2.4, Sum: 104.8]
      [Update RS (ms): Min: 46.9, Avg: 48.1, Max: 49.4, Diff: 2.5, Sum: 96.3]
         [Processed Buffers: Min: 382, Avg: 390.0, Max: 398, Diff: 16, Sum: 780]
      [Scan RS (ms): Min: 9.7, Avg: 10.2, Max: 10.6, Diff: 0.8, Sum: 20.3]
      [Code Root Scanning (ms): Min: 0.1, Avg: 0.1, Max: 0.2, Diff: 0.1, Sum: 0.3]
      [Object Copy (ms): Min: 54.6, Avg: 55.0, Max: 55.4, Diff: 0.9, Sum: 110.0]
      [Termination (ms): Min: 0.0, Avg: 0.0, Max: 0.0, Diff: 0.0, Sum: 0.0]
      [GC Worker Other (ms): Min: 0.1, Avg: 0.1, Max: 0.1, Diff: 0.1, Sum: 0.2]
      [GC Worker Total (ms): Min: 166.0, Avg: 166.0, Max: 166.0, Diff: 0.0, Sum: 331.9]
      [GC Worker End (ms): Min: 5509174.7, Avg: 5509174.7, Max: 5509174.7, Diff: 0.0]
   [Code Root Fixup: 0.3 ms]
   [Code Root Migration: 0.1 ms]
   [Clear CT: 0.4 ms]
   [Other: 7.4 ms]
      [Choose CSet: 0.0 ms]
      [Ref Proc: 3.5 ms]
      [Ref Enq: 0.2 ms]
      [Free CSet: 0.9 ms]
   [Eden: 394.0M(394.0M)->0.0B(286.0M) Survivors: 30.0M->54.0M Heap: 1655.0M(4096.0M)->1286.0M(4096.0M)]
 [Times: user=0.34 sys=0.00, real=0.17 secs] 
2016-08-30T15:07:49.962+0200: 5520.097: [GC pause (young), 0.1946160 secs]
   [Parallel Time: 186.7 ms, GC Workers: 2]
      [GC Worker Start (ms): Min: 5520098.6, Avg: 5520098.6, Max: 5520098.6, Diff: 0.0]
      [Ext Root Scanning (ms): Min: 49.9, Avg: 56.4, Max: 62.9, Diff: 12.9, Sum: 112.8]
      [Update RS (ms): Min: 36.1, Avg: 42.8, Max: 49.4, Diff: 13.3, Sum: 85.6]
         [Processed Buffers: Min: 332, Avg: 406.0, Max: 480, Diff: 148, Sum: 812]
      [Scan RS (ms): Min: 13.3, Avg: 13.8, Max: 14.3, Diff: 1.1, Sum: 27.6]
      [Code Root Scanning (ms): Min: 0.1, Avg: 0.1, Max: 0.1, Diff: 0.0, Sum: 0.2]
      [Object Copy (ms): Min: 72.7, Avg: 73.4, Max: 74.1, Diff: 1.4, Sum: 146.8]
      [Termination (ms): Min: 0.0, Avg: 0.0, Max: 0.0, Diff: 0.0, Sum: 0.0]
      [GC Worker Other (ms): Min: 0.1, Avg: 0.1, Max: 0.2, Diff: 0.0, Sum: 0.3]
      [GC Worker Total (ms): Min: 186.6, Avg: 186.6, Max: 186.6, Diff: 0.0, Sum: 373.2]
      [GC Worker End (ms): Min: 5520285.2, Avg: 5520285.2, Max: 5520285.2, Diff: 0.0]
   [Code Root Fixup: 0.4 ms]
   [Code Root Migration: 0.1 ms]
   [Clear CT: 0.5 ms]
   [Other: 7.0 ms]
      [Choose CSet: 0.0 ms]
      [Ref Proc: 3.1 ms]
      [Ref Enq: 0.1 ms]
      [Free CSet: 0.7 ms]
   [Eden: 286.0M(286.0M)->0.0B(332.0M) Survivors: 54.0M->38.0M Heap: 1572.0M(4096.0M)->1313.0M(4096.0M)]
 [Times: user=0.38 sys=0.01, real=0.19 secs] 
2016-08-30T15:08:04.603+0200: 5534.738: [GC pause (young), 0.1704560 secs]
   [Parallel Time: 161.5 ms, GC Workers: 2]
      [GC Worker Start (ms): Min: 5534739.7, Avg: 5534739.7, Max: 5534739.8, Diff: 0.0]
      [Ext Root Scanning (ms): Min: 51.7, Avg: 52.3, Max: 53.0, Diff: 1.3, Sum: 104.7]
      [Update RS (ms): Min: 43.8, Avg: 44.4, Max: 45.0, Diff: 1.3, Sum: 88.8]
         [Processed Buffers: Min: 388, Avg: 397.5, Max: 407, Diff: 19, Sum: 795]
      [Scan RS (ms): Min: 10.2, Avg: 10.5, Max: 10.7, Diff: 0.5, Sum: 20.9]
      [Code Root Scanning (ms): Min: 0.1, Avg: 0.1, Max: 0.1, Diff: 0.0, Sum: 0.2]
      [Object Copy (ms): Min: 53.6, Avg: 53.9, Max: 54.2, Diff: 0.6, Sum: 107.8]
      [Termination (ms): Min: 0.0, Avg: 0.0, Max: 0.0, Diff: 0.0, Sum: 0.0]
      [GC Worker Other (ms): Min: 0.1, Avg: 0.1, Max: 0.2, Diff: 0.0, Sum: 0.3]
      [GC Worker Total (ms): Min: 161.4, Avg: 161.4, Max: 161.4, Diff: 0.0, Sum: 322.7]
      [GC Worker End (ms): Min: 5534901.1, Avg: 5534901.1, Max: 5534901.1, Diff: 0.0]
   [Code Root Fixup: 0.4 ms]
   [Code Root Migration: 0.1 ms]
   [Clear CT: 0.5 ms]
   [Other: 8.0 ms]
      [Choose CSet: 0.0 ms]
      [Ref Proc: 3.5 ms]
      [Ref Enq: 0.3 ms]
      [Free CSet: 0.9 ms]
   [Eden: 332.0M(332.0M)->0.0B(478.0M) Survivors: 38.0M->32.0M Heap: 1645.0M(4096.0M)->1331.0M(4096.0M)]
 [Times: user=0.33 sys=0.00, real=0.18 secs] 
2016-08-30T15:08:23.799+0200: 5553.934: [GC pause (young), 0.1996140 secs]
   [Parallel Time: 186.5 ms, GC Workers: 2]
      [GC Worker Start (ms): Min: 5553935.7, Avg: 5553935.8, Max: 5553935.8, Diff: 0.0]
      [Ext Root Scanning (ms): Min: 51.4, Avg: 51.7, Max: 52.0, Diff: 0.6, Sum: 103.4]
      [Update RS (ms): Min: 57.0, Avg: 57.1, Max: 57.2, Diff: 0.2, Sum: 114.2]
         [Processed Buffers: Min: 399, Avg: 428.5, Max: 458, Diff: 59, Sum: 857]
      [Scan RS (ms): Min: 11.2, Avg: 11.8, Max: 12.4, Diff: 1.1, Sum: 23.6]
      [Code Root Scanning (ms): Min: 0.1, Avg: 0.2, Max: 0.2, Diff: 0.1, Sum: 0.4]
      [Object Copy (ms): Min: 65.3, Avg: 65.5, Max: 65.7, Diff: 0.3, Sum: 131.0]
      [Termination (ms): Min: 0.0, Avg: 0.0, Max: 0.0, Diff: 0.0, Sum: 0.0]
      [GC Worker Other (ms): Min: 0.1, Avg: 0.1, Max: 0.1, Diff: 0.1, Sum: 0.2]
      [GC Worker Total (ms): Min: 186.4, Avg: 186.4, Max: 186.4, Diff: 0.0, Sum: 372.7]
      [GC Worker End (ms): Min: 5554122.1, Avg: 5554122.1, Max: 5554122.1, Diff: 0.0]
   [Code Root Fixup: 0.4 ms]
   [Code Root Migration: 0.1 ms]
   [Clear CT: 1.0 ms]
   [Other: 11.6 ms]
      [Choose CSet: 0.0 ms]
      [Ref Proc: 6.5 ms]
      [Ref Enq: 0.5 ms]
      [Free CSet: 1.3 ms]
   [Eden: 478.0M(478.0M)->0.0B(282.0M) Survivors: 32.0M->64.0M Heap: 1809.0M(4096.0M)->1365.0M(4096.0M)]
 [Times: user=0.39 sys=0.01, real=0.20 secs] 
2016-08-30T15:08:34.493+0200: 5564.627: [GC pause (young), 0.1982240 secs]
   [Parallel Time: 189.8 ms, GC Workers: 2]
      [GC Worker Start (ms): Min: 5564628.9, Avg: 5564628.9, Max: 5564628.9, Diff: 0.1]
      [Ext Root Scanning (ms): Min: 57.7, Avg: 64.8, Max: 71.9, Diff: 14.2, Sum: 129.6]
      [Update RS (ms): Min: 38.2, Avg: 45.4, Max: 52.6, Diff: 14.4, Sum: 90.8]
         [Processed Buffers: Min: 331, Avg: 372.0, Max: 413, Diff: 82, Sum: 744]
      [Scan RS (ms): Min: 14.6, Avg: 15.0, Max: 15.5, Diff: 0.9, Sum: 30.1]
      [Code Root Scanning (ms): Min: 0.1, Avg: 0.1, Max: 0.2, Diff: 0.1, Sum: 0.2]
      [Object Copy (ms): Min: 63.9, Avg: 64.2, Max: 64.6, Diff: 0.7, Sum: 128.5]
      [Termination (ms): Min: 0.0, Avg: 0.0, Max: 0.0, Diff: 0.0, Sum: 0.0]
      [GC Worker Other (ms): Min: 0.2, Avg: 0.2, Max: 0.2, Diff: 0.0, Sum: 0.3]
      [GC Worker Total (ms): Min: 189.7, Avg: 189.7, Max: 189.7, Diff: 0.0, Sum: 379.4]
      [GC Worker End (ms): Min: 5564818.6, Avg: 5564818.6, Max: 5564818.6, Diff: 0.0]
   [Code Root Fixup: 0.4 ms]
   [Code Root Migration: 0.1 ms]
   [Clear CT: 0.4 ms]
   [Other: 7.5 ms]
      [Choose CSet: 0.0 ms]
      [Ref Proc: 3.4 ms]
      [Ref Enq: 0.3 ms]
      [Free CSet: 0.7 ms]
   [Eden: 282.0M(282.0M)->0.0B(424.0M) Survivors: 64.0M->28.0M Heap: 1647.0M(4096.0M)->1378.0M(4096.0M)]
 [Times: user=0.37 sys=0.00, real=0.20 secs] 
2016-08-30T15:08:52.336+0200: 5582.470: [GC pause (young), 0.1922820 secs]
   [Parallel Time: 180.0 ms, GC Workers: 2]
      [GC Worker Start (ms): Min: 5582472.0, Avg: 5582472.0, Max: 5582472.1, Diff: 0.0]
      [Ext Root Scanning (ms): Min: 49.4, Avg: 49.9, Max: 50.4, Diff: 1.0, Sum: 99.9]
      [Update RS (ms): Min: 55.5, Avg: 56.0, Max: 56.4, Diff: 0.9, Sum: 111.9]
         [Processed Buffers: Min: 432, Avg: 432.0, Max: 432, Diff: 0, Sum: 864]
      [Scan RS (ms): Min: 10.3, Avg: 10.8, Max: 11.2, Diff: 0.9, Sum: 21.5]
      [Code Root Scanning (ms): Min: 0.2, Avg: 0.2, Max: 0.2, Diff: 0.0, Sum: 0.3]
      [Object Copy (ms): Min: 62.4, Avg: 63.0, Max: 63.5, Diff: 1.1, Sum: 125.9]
      [Termination (ms): Min: 0.0, Avg: 0.0, Max: 0.0, Diff: 0.0, Sum: 0.0]
      [GC Worker Other (ms): Min: 0.1, Avg: 0.1, Max: 0.1, Diff: 0.1, Sum: 0.2]
      [GC Worker Total (ms): Min: 179.9, Avg: 179.9, Max: 179.9, Diff: 0.0, Sum: 359.8]
      [GC Worker End (ms): Min: 5582651.9, Avg: 5582651.9, Max: 5582651.9, Diff: 0.0]
   [Code Root Fixup: 0.4 ms]
   [Code Root Migration: 0.1 ms]
   [Clear CT: 0.5 ms]
   [Other: 11.4 ms]
      [Choose CSet: 0.0 ms]
      [Ref Proc: 7.2 ms]
      [Ref Enq: 0.7 ms]
      [Free CSet: 0.7 ms]
   [Eden: 424.0M(424.0M)->0.0B(238.0M) Survivors: 28.0M->58.0M Heap: 1802.0M(4096.0M)->1411.0M(4096.0M)]
 [Times: user=0.36 sys=0.01, real=0.19 secs] 
2016-08-30T15:09:02.783+0200: 5592.918: [GC pause (young), 0.1845180 secs]
   [Parallel Time: 176.5 ms, GC Workers: 2]
      [GC Worker Start (ms): Min: 5592919.2, Avg: 5592919.2, Max: 5592919.2, Diff: 0.0]
      [Ext Root Scanning (ms): Min: 49.9, Avg: 50.7, Max: 51.5, Diff: 1.6, Sum: 101.4]
      [Update RS (ms): Min: 40.3, Avg: 40.3, Max: 40.3, Diff: 0.0, Sum: 80.5]
         [Processed Buffers: Min: 287, Avg: 344.0, Max: 401, Diff: 114, Sum: 688]
      [Scan RS (ms): Min: 15.0, Avg: 15.4, Max: 15.8, Diff: 0.8, Sum: 30.8]
      [Code Root Scanning (ms): Min: 0.1, Avg: 0.1, Max: 0.2, Diff: 0.1, Sum: 0.2]
      [Object Copy (ms): Min: 69.3, Avg: 69.7, Max: 70.2, Diff: 0.9, Sum: 139.4]
      [Termination (ms): Min: 0.0, Avg: 0.0, Max: 0.0, Diff: 0.0, Sum: 0.0]
      [GC Worker Other (ms): Min: 0.2, Avg: 0.2, Max: 0.2, Diff: 0.0, Sum: 0.3]
      [GC Worker Total (ms): Min: 176.4, Avg: 176.4, Max: 176.4, Diff: 0.0, Sum: 352.7]
      [GC Worker End (ms): Min: 5593095.5, Avg: 5593095.6, Max: 5593095.6, Diff: 0.0]
   [Code Root Fixup: 0.4 ms]
   [Code Root Migration: 0.1 ms]
   [Clear CT: 0.6 ms]
   [Other: 6.9 ms]
      [Choose CSet: 0.0 ms]
      [Ref Proc: 2.7 ms]
      [Ref Enq: 0.2 ms]
      [Free CSet: 0.7 ms]
   [Eden: 238.0M(238.0M)->0.0B(480.0M) Survivors: 58.0M->24.0M Heap: 1649.0M(4096.0M)->1419.0M(4096.0M)]
 [Times: user=0.35 sys=0.00, real=0.18 secs] 
2016-08-30T15:09:23.498+0200: 5613.633: [GC pause (young), 0.1884010 secs]
   [Parallel Time: 179.5 ms, GC Workers: 2]
      [GC Worker Start (ms): Min: 5613634.7, Avg: 5613636.4, Max: 5613638.2, Diff: 3.6]
      [Ext Root Scanning (ms): Min: 56.8, Avg: 57.1, Max: 57.3, Diff: 0.5, Sum: 114.1]
      [Update RS (ms): Min: 55.6, Avg: 57.0, Max: 58.3, Diff: 2.7, Sum: 113.9]
         [Processed Buffers: Min: 397, Avg: 420.5, Max: 444, Diff: 47, Sum: 841]
      [Scan RS (ms): Min: 12.2, Avg: 12.6, Max: 13.0, Diff: 0.8, Sum: 25.2]
      [Code Root Scanning (ms): Min: 0.1, Avg: 0.2, Max: 0.2, Diff: 0.1, Sum: 0.3]
      [Object Copy (ms): Min: 50.5, Avg: 50.8, Max: 51.0, Diff: 0.5, Sum: 101.6]
      [Termination (ms): Min: 0.0, Avg: 0.0, Max: 0.0, Diff: 0.0, Sum: 0.0]
      [GC Worker Other (ms): Min: 0.1, Avg: 0.1, Max: 0.2, Diff: 0.0, Sum: 0.3]
      [GC Worker Total (ms): Min: 175.9, Avg: 177.7, Max: 179.5, Diff: 3.6, Sum: 355.4]
      [GC Worker End (ms): Min: 5613814.2, Avg: 5613814.2, Max: 5613814.2, Diff: 0.0]
   [Code Root Fixup: 0.2 ms]
   [Code Root Migration: 0.1 ms]
   [Clear CT: 0.5 ms]
   [Other: 8.1 ms]
      [Choose CSet: 0.0 ms]
      [Ref Proc: 4.0 ms]
      [Ref Enq: 0.2 ms]
      [Free CSet: 0.9 ms]
   [Eden: 480.0M(480.0M)->0.0B(280.0M) Survivors: 24.0M->52.0M Heap: 1899.0M(4096.0M)->1448.0M(4096.0M)]
 [Times: user=0.35 sys=0.00, real=0.19 secs] 
2016-08-30T15:09:34.142+0200: 5624.276: [GC pause (young), 0.1749290 secs]
   [Parallel Time: 166.7 ms, GC Workers: 2]
      [GC Worker Start (ms): Min: 5624277.7, Avg: 5624279.5, Max: 5624281.2, Diff: 3.5]
      [Ext Root Scanning (ms): Min: 51.6, Avg: 53.5, Max: 55.4, Diff: 3.8, Sum: 107.0]
      [Update RS (ms): Min: 38.0, Avg: 38.2, Max: 38.3, Diff: 0.3, Sum: 76.3]
         [Processed Buffers: Min: 367, Avg: 377.5, Max: 388, Diff: 21, Sum: 755]
      [Scan RS (ms): Min: 14.0, Avg: 14.0, Max: 14.0, Diff: 0.1, Sum: 28.0]
      [Code Root Scanning (ms): Min: 0.1, Avg: 0.1, Max: 0.1, Diff: 0.0, Sum: 0.2]
      [Object Copy (ms): Min: 58.9, Avg: 59.0, Max: 59.0, Diff: 0.1, Sum: 118.0]
      [Termination (ms): Min: 0.0, Avg: 0.0, Max: 0.0, Diff: 0.0, Sum: 0.0]
      [GC Worker Other (ms): Min: 0.1, Avg: 0.1, Max: 0.1, Diff: 0.0, Sum: 0.3]
      [GC Worker Total (ms): Min: 163.1, Avg: 164.9, Max: 166.7, Diff: 3.5, Sum: 329.8]
      [GC Worker End (ms): Min: 5624444.4, Avg: 5624444.4, Max: 5624444.4, Diff: 0.0]
   [Code Root Fixup: 0.4 ms]
   [Code Root Migration: 0.0 ms]
   [Clear CT: 0.5 ms]
   [Other: 7.2 ms]
      [Choose CSet: 0.0 ms]
      [Ref Proc: 3.2 ms]
      [Ref Enq: 0.3 ms]
      [Free CSet: 0.8 ms]
   [Eden: 280.0M(280.0M)->0.0B(414.0M) Survivors: 52.0M->30.0M Heap: 1728.0M(4096.0M)->1466.0M(4096.0M)]
 [Times: user=0.33 sys=0.01, real=0.17 secs] 
2016-08-30T15:09:50.437+0200: 5640.572: [GC pause (young), 0.1998210 secs]
   [Parallel Time: 187.9 ms, GC Workers: 2]
      [GC Worker Start (ms): Min: 5640573.5, Avg: 5640573.5, Max: 5640573.6, Diff: 0.0]
      [Ext Root Scanning (ms): Min: 50.5, Avg: 50.6, Max: 50.8, Diff: 0.2, Sum: 101.3]
      [Update RS (ms): Min: 62.5, Avg: 62.7, Max: 62.8, Diff: 0.3, Sum: 125.3]
         [Processed Buffers: Min: 328, Avg: 438.0, Max: 548, Diff: 220, Sum: 876]
      [Scan RS (ms): Min: 10.0, Avg: 10.3, Max: 10.6, Diff: 0.6, Sum: 20.6]
      [Code Root Scanning (ms): Min: 0.1, Avg: 0.1, Max: 0.2, Diff: 0.1, Sum: 0.3]
      [Object Copy (ms): Min: 63.3, Avg: 63.9, Max: 64.6, Diff: 1.3, Sum: 127.8]
      [Termination (ms): Min: 0.0, Avg: 0.0, Max: 0.0, Diff: 0.0, Sum: 0.0]
      [GC Worker Other (ms): Min: 0.1, Avg: 0.1, Max: 0.1, Diff: 0.1, Sum: 0.2]
      [GC Worker Total (ms): Min: 187.8, Avg: 187.8, Max: 187.8, Diff: 0.0, Sum: 375.6]
      [GC Worker End (ms): Min: 5640761.3, Avg: 5640761.3, Max: 5640761.3, Diff: 0.0]
   [Code Root Fixup: 0.4 ms]
   [Code Root Migration: 0.1 ms]
   [Clear CT: 0.5 ms]
   [Other: 10.9 ms]
      [Choose CSet: 0.0 ms]
      [Ref Proc: 6.1 ms]
      [Ref Enq: 0.5 ms]
      [Free CSet: 1.0 ms]
   [Eden: 414.0M(414.0M)->0.0B(282.0M) Survivors: 30.0M->46.0M Heap: 1880.0M(4096.0M)->1505.0M(4096.0M)]
 [Times: user=0.37 sys=0.01, real=0.20 secs] 
2016-08-30T15:10:02.573+0200: 5652.708: [GC pause (young), 0.1460110 secs]
   [Parallel Time: 140.0 ms, GC Workers: 2]
      [GC Worker Start (ms): Min: 5652709.4, Avg: 5652709.4, Max: 5652709.4, Diff: 0.0]
      [Ext Root Scanning (ms): Min: 49.2, Avg: 50.0, Max: 50.8, Diff: 1.6, Sum: 100.0]
      [Update RS (ms): Min: 36.8, Avg: 37.6, Max: 38.5, Diff: 1.6, Sum: 75.3]
         [Processed Buffers: Min: 361, Avg: 378.0, Max: 395, Diff: 34, Sum: 756]
      [Scan RS (ms): Min: 8.8, Avg: 9.0, Max: 9.2, Diff: 0.4, Sum: 18.0]
      [Code Root Scanning (ms): Min: 0.1, Avg: 0.1, Max: 0.1, Diff: 0.1, Sum: 0.2]
      [Object Copy (ms): Min: 42.8, Avg: 43.0, Max: 43.3, Diff: 0.5, Sum: 86.1]
      [Termination (ms): Min: 0.0, Avg: 0.0, Max: 0.0, Diff: 0.0, Sum: 0.0]
      [GC Worker Other (ms): Min: 0.1, Avg: 0.1, Max: 0.1, Diff: 0.0, Sum: 0.3]
      [GC Worker Total (ms): Min: 139.9, Avg: 139.9, Max: 139.9, Diff: 0.0, Sum: 279.8]
      [GC Worker End (ms): Min: 5652849.3, Avg: 5652849.3, Max: 5652849.3, Diff: 0.0]
   [Code Root Fixup: 0.2 ms]
   [Code Root Migration: 0.0 ms]
   [Clear CT: 0.4 ms]
   [Other: 5.4 ms]
      [Choose CSet: 0.0 ms]
      [Ref Proc: 2.1 ms]
      [Ref Enq: 0.1 ms]
      [Free CSet: 0.5 ms]
   [Eden: 282.0M(282.0M)->0.0B(518.0M) Survivors: 46.0M->30.0M Heap: 1787.0M(4096.0M)->1517.0M(4096.0M)]
 [Times: user=0.28 sys=0.00, real=0.14 secs] 
2016-08-30T15:10:21.717+0200: 5671.852: [GC pause (young), 0.1990630 secs]
   [Parallel Time: 188.8 ms, GC Workers: 2]
      [GC Worker Start (ms): Min: 5671853.6, Avg: 5671853.7, Max: 5671853.7, Diff: 0.0]
      [Ext Root Scanning (ms): Min: 50.9, Avg: 51.2, Max: 51.5, Diff: 0.7, Sum: 102.4]
      [Update RS (ms): Min: 58.6, Avg: 59.1, Max: 59.6, Diff: 0.9, Sum: 118.2]
         [Processed Buffers: Min: 432, Avg: 438.0, Max: 444, Diff: 12, Sum: 876]
      [Scan RS (ms): Min: 11.4, Avg: 11.6, Max: 11.9, Diff: 0.5, Sum: 23.3]
      [Code Root Scanning (ms): Min: 0.1, Avg: 0.2, Max: 0.2, Diff: 0.1, Sum: 0.3]
      [Object Copy (ms): Min: 66.3, Avg: 66.4, Max: 66.5, Diff: 0.3, Sum: 132.8]
      [Termination (ms): Min: 0.0, Avg: 0.0, Max: 0.0, Diff: 0.0, Sum: 0.0]
      [GC Worker Other (ms): Min: 0.1, Avg: 0.2, Max: 0.2, Diff: 0.0, Sum: 0.3]
      [GC Worker Total (ms): Min: 188.7, Avg: 188.7, Max: 188.7, Diff: 0.0, Sum: 377.4]
      [GC Worker End (ms): Min: 5672042.3, Avg: 5672042.4, Max: 5672042.4, Diff: 0.0]
   [Code Root Fixup: 0.3 ms]
   [Code Root Migration: 0.1 ms]
   [Clear CT: 0.4 ms]
   [Other: 9.5 ms]
      [Choose CSet: 0.0 ms]
      [Ref Proc: 5.0 ms]
      [Ref Enq: 0.3 ms]
      [Free CSet: 1.0 ms]
   [Eden: 476.0M(390.0M)->0.0B(336.0M) Survivors: 30.0M->54.0M Heap: 1993.0M(4096.0M)->1555.0M(4096.0M)]
 [Times: user=0.39 sys=0.00, real=0.20 secs] 
2016-08-30T15:10:33.579+0200: 5683.714: [GC pause (young), 0.1660660 secs]
   [Parallel Time: 158.5 ms, GC Workers: 2]
      [GC Worker Start (ms): Min: 5683715.4, Avg: 5683715.4, Max: 5683715.4, Diff: 0.0]
      [Ext Root Scanning (ms): Min: 50.8, Avg: 51.6, Max: 52.5, Diff: 1.8, Sum: 103.3]
      [Update RS (ms): Min: 36.5, Avg: 38.1, Max: 39.7, Diff: 3.2, Sum: 76.2]
         [Processed Buffers: Min: 406, Avg: 473.5, Max: 541, Diff: 135, Sum: 947]
      [Scan RS (ms): Min: 11.4, Avg: 11.4, Max: 11.4, Diff: 0.1, Sum: 22.8]
      [Code Root Scanning (ms): Min: 0.1, Avg: 0.1, Max: 0.1, Diff: 0.0, Sum: 0.2]
      [Object Copy (ms): Min: 56.3, Avg: 57.0, Max: 57.8, Diff: 1.5, Sum: 114.0]
      [Termination (ms): Min: 0.0, Avg: 0.0, Max: 0.0, Diff: 0.0, Sum: 0.0]
      [GC Worker Other (ms): Min: 0.1, Avg: 0.1, Max: 0.1, Diff: 0.0, Sum: 0.3]
      [GC Worker Total (ms): Min: 158.4, Avg: 158.4, Max: 158.4, Diff: 0.0, Sum: 316.8]
      [GC Worker End (ms): Min: 5683873.8, Avg: 5683873.8, Max: 5683873.8, Diff: 0.0]
   [Code Root Fixup: 0.2 ms]
   [Code Root Migration: 0.0 ms]
   [Clear CT: 0.4 ms]
   [Other: 6.9 ms]
      [Choose CSet: 0.0 ms]
      [Ref Proc: 3.3 ms]
      [Ref Enq: 0.2 ms]
      [Free CSet: 0.6 ms]
   [Eden: 334.0M(206.0M)->0.0B(504.0M) Survivors: 54.0M->34.0M Heap: 1889.0M(4096.0M)->1586.0M(4096.0M)]
 [Times: user=0.32 sys=0.01, real=0.16 secs] 
2016-08-30T15:10:51.571+0200: 5701.705: [GC pause (young), 0.1575900 secs]
   [Parallel Time: 149.9 ms, GC Workers: 2]
      [GC Worker Start (ms): Min: 5701707.3, Avg: 5701707.3, Max: 5701707.4, Diff: 0.0]
      [Ext Root Scanning (ms): Min: 49.7, Avg: 49.9, Max: 50.2, Diff: 0.5, Sum: 99.8]
      [Update RS (ms): Min: 43.6, Avg: 44.1, Max: 44.7, Diff: 1.1, Sum: 88.2]
         [Processed Buffers: Min: 368, Avg: 422.5, Max: 477, Diff: 109, Sum: 845]
      [Scan RS (ms): Min: 8.1, Avg: 8.6, Max: 9.2, Diff: 1.1, Sum: 17.3]
      [Code Root Scanning (ms): Min: 0.1, Avg: 0.1, Max: 0.2, Diff: 0.1, Sum: 0.2]
      [Object Copy (ms): Min: 46.6, Avg: 46.9, Max: 47.2, Diff: 0.7, Sum: 93.8]
      [Termination (ms): Min: 0.0, Avg: 0.0, Max: 0.0, Diff: 0.0, Sum: 0.0]
      [GC Worker Other (ms): Min: 0.0, Avg: 0.1, Max: 0.1, Diff: 0.1, Sum: 0.2]
      [GC Worker Total (ms): Min: 149.8, Avg: 149.8, Max: 149.8, Diff: 0.0, Sum: 299.5]
      [GC Worker End (ms): Min: 5701857.1, Avg: 5701857.1, Max: 5701857.1, Diff: 0.0]
   [Code Root Fixup: 0.2 ms]
   [Code Root Migration: 0.0 ms]
   [Clear CT: 0.4 ms]
   [Other: 7.0 ms]
      [Choose CSet: 0.0 ms]
      [Ref Proc: 3.1 ms]
      [Ref Enq: 0.2 ms]
      [Free CSet: 0.8 ms]
   [Eden: 420.0M(356.0M)->0.0B(662.0M) Survivors: 34.0M->38.0M Heap: 2006.0M(4096.0M)->1613.0M(4096.0M)]
 [Times: user=0.30 sys=0.00, real=0.15 secs] 
2016-08-30T15:11:12.230+0200: 5722.364: [GC pause (young), 0.2012390 secs]
   [Parallel Time: 191.7 ms, GC Workers: 2]
      [GC Worker Start (ms): Min: 5722366.4, Avg: 5722366.4, Max: 5722366.4, Diff: 0.0]
      [Ext Root Scanning (ms): Min: 50.3, Avg: 51.0, Max: 51.7, Diff: 1.4, Sum: 102.0]
      [Update RS (ms): Min: 61.8, Avg: 62.4, Max: 63.1, Diff: 1.2, Sum: 124.9]
         [Processed Buffers: Min: 449, Avg: 458.0, Max: 467, Diff: 18, Sum: 916]
      [Scan RS (ms): Min: 13.7, Avg: 14.0, Max: 14.3, Diff: 0.7, Sum: 28.0]
      [Code Root Scanning (ms): Min: 0.1, Avg: 0.2, Max: 0.2, Diff: 0.1, Sum: 0.3]
      [Object Copy (ms): Min: 63.4, Avg: 63.9, Max: 64.3, Diff: 0.9, Sum: 127.7]
      [Termination (ms): Min: 0.0, Avg: 0.0, Max: 0.0, Diff: 0.0, Sum: 0.0]
      [GC Worker Other (ms): Min: 0.1, Avg: 0.1, Max: 0.1, Diff: 0.1, Sum: 0.2]
      [GC Worker Total (ms): Min: 191.6, Avg: 191.6, Max: 191.6, Diff: 0.0, Sum: 383.2]
      [GC Worker End (ms): Min: 5722558.0, Avg: 5722558.0, Max: 5722558.0, Diff: 0.0]
   [Code Root Fixup: 0.3 ms]
   [Code Root Migration: 0.1 ms]
   [Clear CT: 0.5 ms]
   [Other: 8.7 ms]
      [Choose CSet: 0.0 ms]
      [Ref Proc: 4.3 ms]
      [Ref Enq: 0.3 ms]
      [Free CSet: 1.0 ms]
   [Eden: 510.0M(406.0M)->0.0B(410.0M) Survivors: 38.0M->56.0M Heap: 2123.0M(4096.0M)->1654.0M(4096.0M)]
 [Times: user=0.39 sys=0.00, real=0.20 secs] 
2016-08-30T15:11:27.574+0200: 5737.709: [GC pause (young), 0.1623730 secs]
   [Parallel Time: 155.3 ms, GC Workers: 2]
      [GC Worker Start (ms): Min: 5737710.3, Avg: 5737710.4, Max: 5737710.4, Diff: 0.0]
      [Ext Root Scanning (ms): Min: 49.6, Avg: 49.6, Max: 49.7, Diff: 0.2, Sum: 99.3]
      [Update RS (ms): Min: 38.6, Avg: 38.6, Max: 38.6, Diff: 0.1, Sum: 77.2]
         [Processed Buffers: Min: 341, Avg: 360.0, Max: 379, Diff: 38, Sum: 720]
      [Scan RS (ms): Min: 10.8, Avg: 10.8, Max: 10.9, Diff: 0.2, Sum: 21.7]
      [Code Root Scanning (ms): Min: 0.1, Avg: 0.1, Max: 0.1, Diff: 0.0, Sum: 0.2]
      [Object Copy (ms): Min: 55.7, Avg: 55.9, Max: 56.0, Diff: 0.4, Sum: 111.7]
      [Termination (ms): Min: 0.0, Avg: 0.0, Max: 0.0, Diff: 0.0, Sum: 0.0]
      [GC Worker Other (ms): Min: 0.1, Avg: 0.1, Max: 0.1, Diff: 0.0, Sum: 0.2]
      [GC Worker Total (ms): Min: 155.1, Avg: 155.2, Max: 155.2, Diff: 0.0, Sum: 310.3]
      [GC Worker End (ms): Min: 5737865.5, Avg: 5737865.5, Max: 5737865.5, Diff: 0.0]
   [Code Root Fixup: 0.2 ms]
   [Code Root Migration: 0.0 ms]
   [Clear CT: 0.4 ms]
   [Other: 6.4 ms]
      [Choose CSet: 0.0 ms]
      [Ref Proc: 2.9 ms]
      [Ref Enq: 0.1 ms]
      [Free CSet: 0.7 ms]
   [Eden: 352.0M(280.0M)->0.0B(684.0M) Survivors: 56.0M->30.0M Heap: 2006.0M(4096.0M)->1662.0M(4096.0M)]
 [Times: user=0.31 sys=0.00, real=0.17 secs] 
2016-08-30T15:11:48.855+0200: 5758.989: [GC pause (young), 0.1386880 secs]
   [Parallel Time: 132.0 ms, GC Workers: 2]
      [GC Worker Start (ms): Min: 5758990.3, Avg: 5758990.3, Max: 5758990.3, Diff: 0.0]
      [Ext Root Scanning (ms): Min: 50.5, Avg: 50.8, Max: 51.2, Diff: 0.7, Sum: 101.7]
      [Update RS (ms): Min: 32.0, Avg: 34.6, Max: 37.2, Diff: 5.1, Sum: 69.2]
         [Processed Buffers: Min: 344, Avg: 459.0, Max: 574, Diff: 230, Sum: 918]
      [Scan RS (ms): Min: 6.8, Avg: 6.8, Max: 6.9, Diff: 0.0, Sum: 13.7]
      [Code Root Scanning (ms): Min: 0.1, Avg: 0.1, Max: 0.1, Diff: 0.0, Sum: 0.2]
      [Object Copy (ms): Min: 36.6, Avg: 39.5, Max: 42.4, Diff: 5.8, Sum: 79.0]
      [Termination (ms): Min: 0.0, Avg: 0.0, Max: 0.0, Diff: 0.0, Sum: 0.0]
      [GC Worker Other (ms): Min: 0.1, Avg: 0.1, Max: 0.1, Diff: 0.0, Sum: 0.2]
      [GC Worker Total (ms): Min: 132.0, Avg: 132.0, Max: 132.0, Diff: 0.0, Sum: 263.9]
      [GC Worker End (ms): Min: 5759122.3, Avg: 5759122.3, Max: 5759122.3, Diff: 0.0]
   [Code Root Fixup: 0.2 ms]
   [Code Root Migration: 0.0 ms]
   [Clear CT: 0.3 ms]
   [Other: 6.1 ms]
      [Choose CSet: 0.0 ms]
      [Ref Proc: 3.3 ms]
      [Ref Enq: 0.2 ms]
      [Free CSet: 0.7 ms]
   [Eden: 520.0M(514.0M)->0.0B(608.0M) Survivors: 30.0M->68.0M Heap: 2182.0M(4096.0M)->1707.0M(4096.0M)]
 [Times: user=0.19 sys=0.00, real=0.14 secs] 
2016-08-30T15:12:04.448+0200: 5774.583: [GC pause (young), 0.2183190 secs]
   [Parallel Time: 209.5 ms, GC Workers: 2]
      [GC Worker Start (ms): Min: 5774584.5, Avg: 5774587.4, Max: 5774590.2, Diff: 5.7]
      [Ext Root Scanning (ms): Min: 48.4, Avg: 54.7, Max: 61.0, Diff: 12.6, Sum: 109.4]
      [Update RS (ms): Min: 49.2, Avg: 53.2, Max: 57.1, Diff: 7.9, Sum: 106.3]
         [Processed Buffers: Min: 417, Avg: 451.5, Max: 486, Diff: 69, Sum: 903]
      [Scan RS (ms): Min: 17.8, Avg: 18.2, Max: 18.5, Diff: 0.7, Sum: 36.3]
      [Code Root Scanning (ms): Min: 0.1, Avg: 0.2, Max: 0.2, Diff: 0.0, Sum: 0.3]
      [Object Copy (ms): Min: 79.5, Avg: 80.3, Max: 81.1, Diff: 1.6, Sum: 160.6]
      [Termination (ms): Min: 0.0, Avg: 0.0, Max: 0.0, Diff: 0.0, Sum: 0.0]
      [GC Worker Other (ms): Min: 0.2, Avg: 0.2, Max: 0.2, Diff: 0.0, Sum: 0.3]
      [GC Worker Total (ms): Min: 203.8, Avg: 206.6, Max: 209.5, Diff: 5.7, Sum: 413.3]
      [GC Worker End (ms): Min: 5774794.0, Avg: 5774794.0, Max: 5774794.0, Diff: 0.0]
   [Code Root Fixup: 0.2 ms]
   [Code Root Migration: 0.1 ms]
   [Clear CT: 0.5 ms]
   [Other: 7.9 ms]
      [Choose CSet: 0.0 ms]
      [Ref Proc: 3.6 ms]
      [Ref Enq: 0.2 ms]
      [Free CSet: 0.9 ms]
   [Eden: 392.0M(392.0M)->0.0B(496.0M) Survivors: 68.0M->40.0M Heap: 2099.0M(4096.0M)->1738.0M(4096.0M)]
 [Times: user=0.40 sys=0.00, real=0.22 secs] 
2016-08-30T15:12:25.982+0200: 5796.117: [GC pause (young), 0.1907250 secs]
   [Parallel Time: 181.8 ms, GC Workers: 2]
      [GC Worker Start (ms): Min: 5796118.6, Avg: 5796118.7, Max: 5796118.7, Diff: 0.0]
      [Ext Root Scanning (ms): Min: 53.6, Avg: 54.0, Max: 54.4, Diff: 0.8, Sum: 108.0]
      [Update RS (ms): Min: 56.1, Avg: 56.5, Max: 56.9, Diff: 0.9, Sum: 113.0]
         [Processed Buffers: Min: 401, Avg: 407.0, Max: 413, Diff: 12, Sum: 814]
      [Scan RS (ms): Min: 13.5, Avg: 13.5, Max: 13.6, Diff: 0.1, Sum: 27.1]
      [Code Root Scanning (ms): Min: 0.1, Avg: 0.2, Max: 0.2, Diff: 0.1, Sum: 0.4]
      [Object Copy (ms): Min: 57.3, Avg: 57.4, Max: 57.4, Diff: 0.1, Sum: 114.7]
      [Termination (ms): Min: 0.0, Avg: 0.0, Max: 0.0, Diff: 0.0, Sum: 0.0]
      [GC Worker Other (ms): Min: 0.1, Avg: 0.1, Max: 0.2, Diff: 0.0, Sum: 0.3]
      [GC Worker Total (ms): Min: 181.7, Avg: 181.7, Max: 181.7, Diff: 0.0, Sum: 363.4]
      [GC Worker End (ms): Min: 5796300.4, Avg: 5796300.4, Max: 5796300.4, Diff: 0.0]
   [Code Root Fixup: 0.3 ms]
   [Code Root Migration: 0.1 ms]
   [Clear CT: 0.5 ms]
   [Other: 8.1 ms]
      [Choose CSet: 0.0 ms]
      [Ref Proc: 3.8 ms]
      [Ref Enq: 0.2 ms]
      [Free CSet: 1.0 ms]
   [Eden: 496.0M(496.0M)->0.0B(422.0M) Survivors: 40.0M->42.0M Heap: 2234.0M(4096.0M)->1760.0M(4096.0M)]
 [Times: user=0.37 sys=0.00, real=0.20 secs] 
2016-08-30T15:12:43.773+0200: 5813.907: [GC pause (young), 0.1839600 secs]
   [Parallel Time: 176.0 ms, GC Workers: 2]
      [GC Worker Start (ms): Min: 5813909.0, Avg: 5813909.1, Max: 5813909.1, Diff: 0.0]
      [Ext Root Scanning (ms): Min: 49.7, Avg: 49.7, Max: 49.7, Diff: 0.0, Sum: 99.4]
      [Update RS (ms): Min: 57.5, Avg: 58.0, Max: 58.5, Diff: 1.0, Sum: 115.9]
         [Processed Buffers: Min: 425, Avg: 431.5, Max: 438, Diff: 13, Sum: 863]
      [Scan RS (ms): Min: 12.5, Avg: 13.0, Max: 13.6, Diff: 1.1, Sum: 26.1]
      [Code Root Scanning (ms): Min: 0.1, Avg: 0.1, Max: 0.2, Diff: 0.0, Sum: 0.3]
      [Object Copy (ms): Min: 54.8, Avg: 54.9, Max: 54.9, Diff: 0.1, Sum: 109.8]
      [Termination (ms): Min: 0.0, Avg: 0.0, Max: 0.0, Diff: 0.0, Sum: 0.0]
      [GC Worker Other (ms): Min: 0.1, Avg: 0.1, Max: 0.1, Diff: 0.0, Sum: 0.3]
      [GC Worker Total (ms): Min: 175.9, Avg: 175.9, Max: 175.9, Diff: 0.0, Sum: 351.8]
      [GC Worker End (ms): Min: 5814084.9, Avg: 5814084.9, Max: 5814084.9, Diff: 0.0]
   [Code Root Fixup: 0.2 ms]
   [Code Root Migration: 0.1 ms]
   [Clear CT: 0.5 ms]
   [Other: 7.2 ms]
      [Choose CSet: 0.0 ms]
      [Ref Proc: 3.3 ms]
      [Ref Enq: 0.2 ms]
      [Free CSet: 0.8 ms]
   [Eden: 422.0M(422.0M)->0.0B(370.0M) Survivors: 42.0M->50.0M Heap: 2182.0M(4096.0M)->1794.0M(4096.0M)]
 [Times: user=0.35 sys=0.01, real=0.19 secs] 
2016-08-30T15:12:58.986+0200: 5829.121: [GC pause (young), 0.1834810 secs]
   [Parallel Time: 175.4 ms, GC Workers: 2]
      [GC Worker Start (ms): Min: 5829122.3, Avg: 5829122.3, Max: 5829122.3, Diff: 0.0]
      [Ext Root Scanning (ms): Min: 50.8, Avg: 54.0, Max: 57.2, Diff: 6.4, Sum: 108.0]
      [Update RS (ms): Min: 47.8, Avg: 50.9, Max: 54.1, Diff: 6.3, Sum: 101.8]
         [Processed Buffers: Min: 385, Avg: 404.0, Max: 423, Diff: 38, Sum: 808]
      [Scan RS (ms): Min: 11.7, Avg: 12.1, Max: 12.4, Diff: 0.7, Sum: 24.1]
      [Code Root Scanning (ms): Min: 0.1, Avg: 0.1, Max: 0.1, Diff: 0.0, Sum: 0.3]
      [Object Copy (ms): Min: 57.8, Avg: 58.0, Max: 58.2, Diff: 0.5, Sum: 116.0]
      [Termination (ms): Min: 0.0, Avg: 0.0, Max: 0.0, Diff: 0.0, Sum: 0.0]
      [GC Worker Other (ms): Min: 0.1, Avg: 0.2, Max: 0.2, Diff: 0.0, Sum: 0.3]
      [GC Worker Total (ms): Min: 175.3, Avg: 175.3, Max: 175.3, Diff: 0.0, Sum: 350.6]
      [GC Worker End (ms): Min: 5829297.6, Avg: 5829297.6, Max: 5829297.6, Diff: 0.0]
   [Code Root Fixup: 0.2 ms]
   [Code Root Migration: 0.1 ms]
   [Clear CT: 0.5 ms]
   [Other: 7.2 ms]
      [Choose CSet: 0.0 ms]
      [Ref Proc: 3.3 ms]
      [Ref Enq: 0.2 ms]
      [Free CSet: 0.8 ms]
   [Eden: 370.0M(370.0M)->0.0B(492.0M) Survivors: 50.0M->34.0M Heap: 2164.0M(4096.0M)->1808.0M(4096.0M)]
 [Times: user=0.35 sys=0.00, real=0.19 secs] 
2016-08-30T15:13:19.026+0200: 5849.161: [GC pause (young), 0.1064710 secs]
   [Parallel Time: 99.9 ms, GC Workers: 2]
      [GC Worker Start (ms): Min: 5849161.9, Avg: 5849161.9, Max: 5849161.9, Diff: 0.0]
      [Ext Root Scanning (ms): Min: 30.1, Avg: 30.3, Max: 30.5, Diff: 0.3, Sum: 60.6]
      [Update RS (ms): Min: 27.0, Avg: 29.2, Max: 31.4, Diff: 4.4, Sum: 58.4]
         [Processed Buffers: Min: 437, Avg: 447.5, Max: 458, Diff: 21, Sum: 895]
      [Scan RS (ms): Min: 6.0, Avg: 6.1, Max: 6.1, Diff: 0.1, Sum: 12.1]
      [Code Root Scanning (ms): Min: 0.0, Avg: 0.1, Max: 0.1, Diff: 0.0, Sum: 0.1]
      [Object Copy (ms): Min: 31.8, Avg: 34.1, Max: 36.4, Diff: 4.6, Sum: 68.3]
      [Termination (ms): Min: 0.0, Avg: 0.0, Max: 0.0, Diff: 0.0, Sum: 0.0]
      [GC Worker Other (ms): Min: 0.1, Avg: 0.1, Max: 0.1, Diff: 0.0, Sum: 0.2]
      [GC Worker Total (ms): Min: 99.9, Avg: 99.9, Max: 99.9, Diff: 0.0, Sum: 199.8]
      [GC Worker End (ms): Min: 5849261.8, Avg: 5849261.8, Max: 5849261.8, Diff: 0.0]
   [Code Root Fixup: 0.2 ms]
   [Code Root Migration: 0.0 ms]
   [Clear CT: 0.6 ms]
   [Other: 5.7 ms]
      [Choose CSet: 0.0 ms]
      [Ref Proc: 3.1 ms]
      [Ref Enq: 0.2 ms]
      [Free CSet: 0.7 ms]
   [Eden: 492.0M(492.0M)->0.0B(672.0M) Survivors: 34.0M->60.0M Heap: 2300.0M(4096.0M)->1835.0M(4096.0M)]
 [Times: user=0.19 sys=0.00, real=0.11 secs] 
2016-08-30T15:13:34.931+0200: 5865.065: [GC pause (young), 0.2211520 secs]
   [Parallel Time: 212.3 ms, GC Workers: 2]
      [GC Worker Start (ms): Min: 5865067.3, Avg: 5865068.5, Max: 5865069.7, Diff: 2.4]
      [Ext Root Scanning (ms): Min: 56.1, Avg: 56.2, Max: 56.2, Diff: 0.1, Sum: 112.3]
      [Update RS (ms): Min: 54.2, Avg: 54.5, Max: 54.8, Diff: 0.6, Sum: 108.9]
         [Processed Buffers: Min: 351, Avg: 404.0, Max: 457, Diff: 106, Sum: 808]
      [Scan RS (ms): Min: 17.2, Avg: 17.7, Max: 18.1, Diff: 0.9, Sum: 35.3]
      [Code Root Scanning (ms): Min: 0.1, Avg: 0.2, Max: 0.2, Diff: 0.0, Sum: 0.3]
      [Object Copy (ms): Min: 81.9, Avg: 82.4, Max: 82.9, Diff: 1.0, Sum: 164.7]
      [Termination (ms): Min: 0.0, Avg: 0.0, Max: 0.0, Diff: 0.0, Sum: 0.0]
      [GC Worker Other (ms): Min: 0.1, Avg: 0.1, Max: 0.1, Diff: 0.0, Sum: 0.3]
      [GC Worker Total (ms): Min: 209.8, Avg: 211.0, Max: 212.2, Diff: 2.4, Sum: 422.0]
      [GC Worker End (ms): Min: 5865279.4, Avg: 5865279.4, Max: 5865279.4, Diff: 0.0]
   [Code Root Fixup: 0.3 ms]
   [Code Root Migration: 0.1 ms]
   [Clear CT: 0.5 ms]
   [Other: 8.0 ms]
      [Choose CSet: 0.0 ms]
      [Ref Proc: 3.7 ms]
      [Ref Enq: 0.2 ms]
      [Free CSet: 0.9 ms]
   [Eden: 394.0M(390.0M)->0.0B(378.0M) Survivors: 60.0M->44.0M Heap: 2229.0M(4096.0M)->1859.0M(4096.0M)]
 [Times: user=0.42 sys=0.00, real=0.22 secs] 
2016-08-30T15:13:52.020+0200: 5882.155: [GC pause (young), 0.2030640 secs]
   [Parallel Time: 191.8 ms, GC Workers: 2]
      [GC Worker Start (ms): Min: 5882156.4, Avg: 5882156.4, Max: 5882156.4, Diff: 0.0]
      [Ext Root Scanning (ms): Min: 57.7, Avg: 60.0, Max: 62.3, Diff: 4.6, Sum: 120.0]
      [Update RS (ms): Min: 52.0, Avg: 53.1, Max: 54.2, Diff: 2.1, Sum: 106.2]
         [Processed Buffers: Min: 364, Avg: 413.5, Max: 463, Diff: 99, Sum: 827]
      [Scan RS (ms): Min: 12.1, Avg: 12.3, Max: 12.6, Diff: 0.5, Sum: 24.7]
      [Code Root Scanning (ms): Min: 0.1, Avg: 0.2, Max: 0.2, Diff: 0.1, Sum: 0.3]
      [Object Copy (ms): Min: 64.9, Avg: 66.0, Max: 67.0, Diff: 2.1, Sum: 131.9]
      [Termination (ms): Min: 0.0, Avg: 0.0, Max: 0.0, Diff: 0.0, Sum: 0.0]
      [GC Worker Other (ms): Min: 0.1, Avg: 0.2, Max: 0.2, Diff: 0.1, Sum: 0.3]
      [GC Worker Total (ms): Min: 191.7, Avg: 191.8, Max: 191.8, Diff: 0.0, Sum: 383.5]
      [GC Worker End (ms): Min: 5882348.2, Avg: 5882348.2, Max: 5882348.2, Diff: 0.0]
   [Code Root Fixup: 0.5 ms]
   [Code Root Migration: 0.1 ms]
   [Clear CT: 1.1 ms]
   [Other: 9.5 ms]
      [Choose CSet: 0.0 ms]
      [Ref Proc: 4.8 ms]
      [Ref Enq: 0.4 ms]
      [Free CSet: 1.0 ms]
   [Eden: 378.0M(378.0M)->0.0B(336.0M) Survivors: 44.0M->38.0M Heap: 2237.0M(4096.0M)->1884.0M(4096.0M)]
 [Times: user=0.38 sys=0.00, real=0.20 secs] 
2016-08-30T15:14:06.189+0200: 5896.323: [GC pause (young) (initial-mark), 0.1999850 secs]
   [Parallel Time: 189.3 ms, GC Workers: 2]
      [GC Worker Start (ms): Min: 5896325.1, Avg: 5896326.4, Max: 5896327.7, Diff: 2.6]
      [Ext Root Scanning (ms): Min: 50.6, Avg: 50.6, Max: 50.6, Diff: 0.0, Sum: 101.3]
      [Code Root Marking (ms): Min: 12.7, Avg: 13.0, Max: 13.3, Diff: 0.6, Sum: 26.0]
      [Update RS (ms): Min: 44.3, Avg: 44.5, Max: 44.7, Diff: 0.4, Sum: 89.0]
         [Processed Buffers: Min: 366, Avg: 368.5, Max: 371, Diff: 5, Sum: 737]
      [Scan RS (ms): Min: 12.1, Avg: 12.2, Max: 12.2, Diff: 0.1, Sum: 24.4]
      [Code Root Scanning (ms): Min: 0.1, Avg: 0.1, Max: 0.2, Diff: 0.1, Sum: 0.3]
      [Object Copy (ms): Min: 65.9, Avg: 67.2, Max: 68.5, Diff: 2.5, Sum: 134.4]
      [Termination (ms): Min: 0.0, Avg: 0.0, Max: 0.0, Diff: 0.0, Sum: 0.0]
      [GC Worker Other (ms): Min: 0.1, Avg: 0.2, Max: 0.2, Diff: 0.1, Sum: 0.4]
      [GC Worker Total (ms): Min: 186.6, Avg: 187.9, Max: 189.2, Diff: 2.6, Sum: 375.7]
      [GC Worker End (ms): Min: 5896514.3, Avg: 5896514.3, Max: 5896514.3, Diff: 0.0]
   [Code Root Fixup: 0.6 ms]
   [Code Root Migration: 0.1 ms]
   [Clear CT: 0.6 ms]
   [Other: 9.4 ms]
      [Choose CSet: 0.0 ms]
      [Ref Proc: 4.1 ms]
      [Ref Enq: 0.3 ms]
      [Free CSet: 0.9 ms]
   [Eden: 336.0M(336.0M)->0.0B(272.0M) Survivors: 38.0M->38.0M Heap: 2220.0M(4096.0M)->1904.0M(4096.0M)]
 [Times: user=0.39 sys=0.00, real=0.20 secs] 
2016-08-30T15:14:06.389+0200: 5896.524: [GC concurrent-root-region-scan-start]
2016-08-30T15:14:06.439+0200: 5896.574: [GC concurrent-root-region-scan-end, 0.0502500 secs]
2016-08-30T15:14:06.439+0200: 5896.574: [GC concurrent-mark-start]
2016-08-30T15:14:07.487+0200: 5897.622: [GC concurrent-mark-end, 1.0476380 secs]
2016-08-30T15:14:07.489+0200: 5897.624: [GC remark 2016-08-30T15:14:07.491+0200: 5897.625: [GC ref-proc, 0.0687230 secs], 0.0900680 secs]
 [Times: user=0.11 sys=0.00, real=0.09 secs] 
2016-08-30T15:14:07.620+0200: 5897.755: [GC cleanup 1946M->1870M(4096M), 0.0270980 secs]
 [Times: user=0.06 sys=0.00, real=0.02 secs] 
2016-08-30T15:14:07.649+0200: 5897.784: [GC concurrent-cleanup-start]
2016-08-30T15:14:07.649+0200: 5897.784: [GC concurrent-cleanup-end, 0.0002360 secs]
2016-08-30T15:14:15.600+0200: 5905.734: [GC pause (young), 0.1783640 secs]
   [Parallel Time: 171.5 ms, GC Workers: 2]
      [GC Worker Start (ms): Min: 5905735.6, Avg: 5905735.6, Max: 5905735.6, Diff: 0.0]
      [Ext Root Scanning (ms): Min: 49.0, Avg: 49.6, Max: 50.2, Diff: 1.2, Sum: 99.2]
      [Update RS (ms): Min: 48.5, Avg: 48.6, Max: 48.7, Diff: 0.2, Sum: 97.2]
         [Processed Buffers: Min: 412, Avg: 443.0, Max: 474, Diff: 62, Sum: 886]
      [Scan RS (ms): Min: 8.9, Avg: 9.0, Max: 9.0, Diff: 0.1, Sum: 17.9]
      [Code Root Scanning (ms): Min: 0.1, Avg: 0.1, Max: 0.2, Diff: 0.1, Sum: 0.3]
      [Object Copy (ms): Min: 63.5, Avg: 63.9, Max: 64.4, Diff: 0.9, Sum: 127.8]
      [Termination (ms): Min: 0.0, Avg: 0.0, Max: 0.0, Diff: 0.0, Sum: 0.0]
      [GC Worker Other (ms): Min: 0.1, Avg: 0.2, Max: 0.2, Diff: 0.0, Sum: 0.3]
      [GC Worker Total (ms): Min: 171.4, Avg: 171.4, Max: 171.4, Diff: 0.0, Sum: 342.8]
      [GC Worker End (ms): Min: 5905907.0, Avg: 5905907.0, Max: 5905907.0, Diff: 0.0]
   [Code Root Fixup: 0.3 ms]
   [Code Root Migration: 0.0 ms]
   [Clear CT: 0.4 ms]
   [Other: 6.1 ms]
      [Choose CSet: 0.0 ms]
      [Ref Proc: 2.3 ms]
      [Ref Enq: 0.2 ms]
      [Free CSet: 0.5 ms]
   [Eden: 272.0M(272.0M)->0.0B(168.0M) Survivors: 38.0M->36.0M Heap: 2100.0M(4096.0M)->1855.0M(4096.0M)]
 [Times: user=0.35 sys=0.00, real=0.18 secs] 
2016-08-30T15:14:21.676+0200: 5911.810: [GC pause (mixed), 0.1981010 secs]
   [Parallel Time: 189.6 ms, GC Workers: 2]
      [GC Worker Start (ms): Min: 5911812.1, Avg: 5911812.1, Max: 5911812.2, Diff: 0.0]
      [Ext Root Scanning (ms): Min: 66.7, Avg: 70.4, Max: 74.1, Diff: 7.3, Sum: 140.8]
      [Update RS (ms): Min: 29.2, Avg: 33.5, Max: 37.8, Diff: 8.6, Sum: 67.0]
         [Processed Buffers: Min: 289, Avg: 339.0, Max: 389, Diff: 100, Sum: 678]
      [Scan RS (ms): Min: 27.0, Avg: 27.4, Max: 27.8, Diff: 0.8, Sum: 54.8]
      [Code Root Scanning (ms): Min: 0.1, Avg: 0.2, Max: 0.2, Diff: 0.1, Sum: 0.4]
      [Object Copy (ms): Min: 56.8, Avg: 57.9, Max: 59.1, Diff: 2.3, Sum: 115.8]
      [Termination (ms): Min: 0.0, Avg: 0.0, Max: 0.0, Diff: 0.0, Sum: 0.0]
      [GC Worker Other (ms): Min: 0.1, Avg: 0.1, Max: 0.2, Diff: 0.1, Sum: 0.2]
      [GC Worker Total (ms): Min: 189.5, Avg: 189.5, Max: 189.5, Diff: 0.0, Sum: 379.0]
      [GC Worker End (ms): Min: 5912001.7, Avg: 5912001.7, Max: 5912001.7, Diff: 0.0]
   [Code Root Fixup: 0.5 ms]
   [Code Root Migration: 0.1 ms]
   [Clear CT: 0.7 ms]
   [Other: 7.2 ms]
      [Choose CSet: 0.2 ms]
      [Ref Proc: 1.9 ms]
      [Ref Enq: 0.2 ms]
      [Free CSet: 1.8 ms]
   [Eden: 168.0M(168.0M)->0.0B(188.0M) Survivors: 36.0M->16.0M Heap: 2023.0M(4096.0M)->1538.0M(4096.0M)]
 [Times: user=0.36 sys=0.01, real=0.20 secs] 
2016-08-30T15:14:28.923+0200: 5919.058: [GC pause (mixed), 0.2098810 secs]
   [Parallel Time: 201.1 ms, GC Workers: 2]
      [GC Worker Start (ms): Min: 5919059.5, Avg: 5919059.5, Max: 5919059.5, Diff: 0.0]
      [Ext Root Scanning (ms): Min: 52.1, Avg: 52.9, Max: 53.6, Diff: 1.4, Sum: 105.7]
      [Update RS (ms): Min: 34.9, Avg: 35.7, Max: 36.4, Diff: 1.4, Sum: 71.3]
         [Processed Buffers: Min: 393, Avg: 397.5, Max: 402, Diff: 9, Sum: 795]
      [Scan RS (ms): Min: 39.6, Avg: 40.1, Max: 40.5, Diff: 1.0, Sum: 80.1]
      [Code Root Scanning (ms): Min: 0.1, Avg: 0.1, Max: 0.2, Diff: 0.1, Sum: 0.3]
      [Object Copy (ms): Min: 71.6, Avg: 72.1, Max: 72.5, Diff: 0.9, Sum: 144.1]
      [Termination (ms): Min: 0.0, Avg: 0.0, Max: 0.0, Diff: 0.0, Sum: 0.0]
      [GC Worker Other (ms): Min: 0.1, Avg: 0.1, Max: 0.2, Diff: 0.0, Sum: 0.3]
      [GC Worker Total (ms): Min: 200.9, Avg: 200.9, Max: 200.9, Diff: 0.0, Sum: 401.8]
      [GC Worker End (ms): Min: 5919260.4, Avg: 5919260.4, Max: 5919260.4, Diff: 0.0]
   [Code Root Fixup: 0.4 ms]
   [Code Root Migration: 0.1 ms]
   [Clear CT: 0.8 ms]
   [Other: 7.6 ms]
      [Choose CSet: 0.3 ms]
      [Ref Proc: 2.4 ms]
      [Ref Enq: 0.2 ms]
      [Free CSet: 1.4 ms]
   [Eden: 188.0M(188.0M)->0.0B(186.0M) Survivors: 16.0M->18.0M Heap: 1726.0M(4096.0M)->1371.0M(4096.0M)]
 [Times: user=0.40 sys=0.01, real=0.21 secs] 
2016-08-30T15:14:34.587+0200: 5924.721: [GC pause (mixed), 0.2336700 secs]
   [Parallel Time: 225.9 ms, GC Workers: 2]
      [GC Worker Start (ms): Min: 5924723.4, Avg: 5924723.8, Max: 5924724.1, Diff: 0.6]
      [Ext Root Scanning (ms): Min: 51.4, Avg: 52.6, Max: 53.9, Diff: 2.5, Sum: 105.3]
      [Update RS (ms): Min: 33.8, Avg: 34.5, Max: 35.1, Diff: 1.3, Sum: 68.9]
         [Processed Buffers: Min: 377, Avg: 387.0, Max: 397, Diff: 20, Sum: 774]
      [Scan RS (ms): Min: 75.4, Avg: 75.7, Max: 76.1, Diff: 0.7, Sum: 151.5]
      [Code Root Scanning (ms): Min: 0.1, Avg: 0.2, Max: 0.2, Diff: 0.1, Sum: 0.3]
      [Object Copy (ms): Min: 62.3, Avg: 62.4, Max: 62.5, Diff: 0.2, Sum: 124.8]
      [Termination (ms): Min: 0.0, Avg: 0.0, Max: 0.0, Diff: 0.0, Sum: 0.0]
      [GC Worker Other (ms): Min: 0.1, Avg: 0.1, Max: 0.1, Diff: 0.0, Sum: 0.3]
      [GC Worker Total (ms): Min: 225.3, Avg: 225.6, Max: 225.9, Diff: 0.6, Sum: 451.1]
      [GC Worker End (ms): Min: 5924949.3, Avg: 5924949.3, Max: 5924949.3, Diff: 0.0]
   [Code Root Fixup: 0.3 ms]
   [Code Root Migration: 0.1 ms]
   [Clear CT: 0.6 ms]
   [Other: 6.8 ms]
      [Choose CSet: 0.8 ms]
      [Ref Proc: 1.4 ms]
      [Ref Enq: 0.1 ms]
      [Free CSet: 1.4 ms]
   [Eden: 186.0M(186.0M)->0.0B(182.0M) Survivors: 18.0M->22.0M Heap: 1557.0M(4096.0M)->1214.0M(4096.0M)]
 [Times: user=0.45 sys=0.01, real=0.23 secs] 
2016-08-30T15:14:41.272+0200: 5931.406: [GC pause (mixed), 0.2884390 secs]
   [Parallel Time: 279.2 ms, GC Workers: 2]
      [GC Worker Start (ms): Min: 5931409.2, Avg: 5931409.3, Max: 5931409.3, Diff: 0.0]
      [Ext Root Scanning (ms): Min: 49.7, Avg: 50.1, Max: 50.6, Diff: 0.9, Sum: 100.3]
      [Update RS (ms): Min: 34.9, Avg: 35.3, Max: 35.7, Diff: 0.7, Sum: 70.6]
         [Processed Buffers: Min: 374, Avg: 405.0, Max: 436, Diff: 62, Sum: 810]
      [Scan RS (ms): Min: 98.8, Avg: 98.9, Max: 99.1, Diff: 0.3, Sum: 197.8]
      [Code Root Scanning (ms): Min: 0.2, Avg: 0.2, Max: 0.2, Diff: 0.0, Sum: 0.4]
      [Object Copy (ms): Min: 94.2, Avg: 94.4, Max: 94.7, Diff: 0.5, Sum: 188.8]
      [Termination (ms): Min: 0.0, Avg: 0.0, Max: 0.0, Diff: 0.0, Sum: 0.0]
      [GC Worker Other (ms): Min: 0.1, Avg: 0.1, Max: 0.1, Diff: 0.0, Sum: 0.3]
      [GC Worker Total (ms): Min: 279.1, Avg: 279.1, Max: 279.2, Diff: 0.0, Sum: 558.3]
      [GC Worker End (ms): Min: 5931688.4, Avg: 5931688.4, Max: 5931688.4, Diff: 0.0]
   [Code Root Fixup: 0.3 ms]
   [Code Root Migration: 0.1 ms]
   [Clear CT: 0.6 ms]
   [Other: 8.2 ms]
      [Choose CSet: 1.4 ms]
      [Ref Proc: 1.4 ms]
      [Ref Enq: 0.1 ms]
      [Free CSet: 1.8 ms]
   [Eden: 182.0M(182.0M)->0.0B(186.0M) Survivors: 22.0M->18.0M Heap: 1396.0M(4096.0M)->1057.0M(4096.0M)]
 [Times: user=0.55 sys=0.01, real=0.29 secs] 
2016-08-30T15:14:47.613+0200: 5937.748: [GC pause (mixed), 0.2959580 secs]
   [Parallel Time: 289.1 ms, GC Workers: 2]
      [GC Worker Start (ms): Min: 5937750.2, Avg: 5937750.2, Max: 5937750.2, Diff: 0.0]
      [Ext Root Scanning (ms): Min: 60.9, Avg: 72.4, Max: 83.8, Diff: 22.9, Sum: 144.8]
      [Update RS (ms): Min: 46.8, Avg: 60.2, Max: 73.5, Diff: 26.6, Sum: 120.3]
         [Processed Buffers: Min: 352, Avg: 382.5, Max: 413, Diff: 61, Sum: 765]
      [Scan RS (ms): Min: 76.4, Avg: 77.5, Max: 78.5, Diff: 2.1, Sum: 154.9]
      [Code Root Scanning (ms): Min: 0.0, Avg: 0.0, Max: 0.1, Diff: 0.0, Sum: 0.1]
      [Object Copy (ms): Min: 77.1, Avg: 77.6, Max: 78.1, Diff: 1.0, Sum: 155.2]
      [Termination (ms): Min: 0.0, Avg: 1.4, Max: 2.7, Diff: 2.7, Sum: 2.7]
      [GC Worker Other (ms): Min: 0.1, Avg: 0.1, Max: 0.1, Diff: 0.0, Sum: 0.2]
      [GC Worker Total (ms): Min: 289.0, Avg: 289.1, Max: 289.1, Diff: 0.0, Sum: 578.1]
      [GC Worker End (ms): Min: 5938039.2, Avg: 5938039.3, Max: 5938039.3, Diff: 0.0]
   [Code Root Fixup: 0.3 ms]
   [Code Root Migration: 0.0 ms]
   [Clear CT: 1.0 ms]
   [Other: 5.5 ms]
      [Choose CSet: 0.3 ms]
      [Ref Proc: 1.2 ms]
      [Ref Enq: 0.1 ms]
      [Free CSet: 0.5 ms]
   [Eden: 186.0M(186.0M)->0.0B(180.0M) Survivors: 18.0M->24.0M Heap: 1243.0M(4096.0M)->1044.0M(4096.0M)]
 [Times: user=0.20 sys=0.00, real=0.30 secs] 
2016-08-30T15:14:54.376+0200: 5944.510: [GC pause (young), 0.1535510 secs]
   [Parallel Time: 147.9 ms, GC Workers: 2]
      [GC Worker Start (ms): Min: 5944511.6, Avg: 5944514.0, Max: 5944516.3, Diff: 4.6]
      [Ext Root Scanning (ms): Min: 52.6, Avg: 53.5, Max: 54.4, Diff: 1.8, Sum: 106.9]
      [Update RS (ms): Min: 40.4, Avg: 41.0, Max: 41.7, Diff: 1.3, Sum: 82.1]
         [Processed Buffers: Min: 295, Avg: 367.5, Max: 440, Diff: 145, Sum: 735]
      [Scan RS (ms): Min: 6.7, Avg: 6.8, Max: 7.0, Diff: 0.3, Sum: 13.6]
      [Code Root Scanning (ms): Min: 0.1, Avg: 0.1, Max: 0.1, Diff: 0.0, Sum: 0.2]
      [Object Copy (ms): Min: 43.1, Avg: 44.0, Max: 44.9, Diff: 1.8, Sum: 88.0]
      [Termination (ms): Min: 0.0, Avg: 0.0, Max: 0.0, Diff: 0.0, Sum: 0.0]
      [GC Worker Other (ms): Min: 0.1, Avg: 0.1, Max: 0.1, Diff: 0.0, Sum: 0.3]
      [GC Worker Total (ms): Min: 143.2, Avg: 145.5, Max: 147.9, Diff: 4.6, Sum: 291.1]
      [GC Worker End (ms): Min: 5944659.5, Avg: 5944659.5, Max: 5944659.5, Diff: 0.0]
   [Code Root Fixup: 0.2 ms]
   [Code Root Migration: 0.0 ms]
   [Clear CT: 0.3 ms]
   [Other: 5.0 ms]
      [Choose CSet: 0.0 ms]
      [Ref Proc: 1.6 ms]
      [Ref Enq: 0.1 ms]
      [Free CSet: 0.5 ms]
   [Eden: 180.0M(180.0M)->0.0B(184.0M) Survivors: 24.0M->20.0M Heap: 1224.0M(4096.0M)->1059.0M(4096.0M)]
 [Times: user=0.28 sys=0.00, real=0.16 secs] 
2016-08-30T15:15:01.587+0200: 5951.721: [GC pause (young), 0.1495360 secs]
   [Parallel Time: 142.7 ms, GC Workers: 2]
      [GC Worker Start (ms): Min: 5951722.8, Avg: 5951723.9, Max: 5951725.0, Diff: 2.1]
      [Ext Root Scanning (ms): Min: 57.0, Avg: 57.8, Max: 58.5, Diff: 1.6, Sum: 115.5]
      [Update RS (ms): Min: 38.0, Avg: 38.9, Max: 39.8, Diff: 1.9, Sum: 77.8]
         [Processed Buffers: Min: 389, Avg: 406.5, Max: 424, Diff: 35, Sum: 813]
      [Scan RS (ms): Min: 6.2, Avg: 6.5, Max: 6.7, Diff: 0.4, Sum: 12.9]
      [Code Root Scanning (ms): Min: 0.1, Avg: 0.1, Max: 0.1, Diff: 0.0, Sum: 0.1]
      [Object Copy (ms): Min: 37.9, Avg: 38.3, Max: 38.7, Diff: 0.8, Sum: 76.5]
      [Termination (ms): Min: 0.0, Avg: 0.0, Max: 0.0, Diff: 0.0, Sum: 0.0]
      [GC Worker Other (ms): Min: 0.1, Avg: 0.1, Max: 0.1, Diff: 0.1, Sum: 0.2]
      [GC Worker Total (ms): Min: 140.5, Avg: 141.6, Max: 142.6, Diff: 2.1, Sum: 283.1]
      [GC Worker End (ms): Min: 5951865.4, Avg: 5951865.5, Max: 5951865.5, Diff: 0.0]
   [Code Root Fixup: 0.6 ms]
   [Code Root Migration: 0.0 ms]
   [Clear CT: 0.4 ms]
   [Other: 5.8 ms]
      [Choose CSet: 0.0 ms]
      [Ref Proc: 2.4 ms]
      [Ref Enq: 0.2 ms]
      [Free CSet: 0.4 ms]
   [Eden: 184.0M(184.0M)->0.0B(184.0M) Survivors: 20.0M->20.0M Heap: 1243.0M(4096.0M)->1076.0M(4096.0M)]
 [Times: user=0.27 sys=0.01, real=0.15 secs] 
2016-08-30T15:15:09.121+0200: 5959.255: [GC pause (young), 0.1411720 secs]
   [Parallel Time: 134.4 ms, GC Workers: 2]
      [GC Worker Start (ms): Min: 5959257.1, Avg: 5959257.2, Max: 5959257.2, Diff: 0.0]
      [Ext Root Scanning (ms): Min: 50.9, Avg: 52.5, Max: 54.1, Diff: 3.2, Sum: 105.1]
      [Update RS (ms): Min: 36.0, Avg: 37.6, Max: 39.2, Diff: 3.2, Sum: 75.2]
         [Processed Buffers: Min: 394, Avg: 396.0, Max: 398, Diff: 4, Sum: 792]
      [Scan RS (ms): Min: 7.1, Avg: 7.2, Max: 7.4, Diff: 0.3, Sum: 14.5]
      [Code Root Scanning (ms): Min: 0.1, Avg: 0.1, Max: 0.1, Diff: 0.0, Sum: 0.1]
      [Object Copy (ms): Min: 36.6, Avg: 36.7, Max: 36.9, Diff: 0.3, Sum: 73.5]
      [Termination (ms): Min: 0.0, Avg: 0.0, Max: 0.0, Diff: 0.0, Sum: 0.0]
      [GC Worker Other (ms): Min: 0.1, Avg: 0.1, Max: 0.2, Diff: 0.0, Sum: 0.3]
      [GC Worker Total (ms): Min: 134.3, Avg: 134.3, Max: 134.3, Diff: 0.0, Sum: 268.6]
      [GC Worker End (ms): Min: 5959391.5, Avg: 5959391.5, Max: 5959391.5, Diff: 0.0]
   [Code Root Fixup: 0.4 ms]
   [Code Root Migration: 0.0 ms]
   [Clear CT: 0.4 ms]
   [Other: 6.0 ms]
      [Choose CSet: 0.0 ms]
      [Ref Proc: 2.2 ms]
      [Ref Enq: 0.2 ms]
      [Free CSet: 0.5 ms]
   [Eden: 184.0M(184.0M)->0.0B(186.0M) Survivors: 20.0M->18.0M Heap: 1260.0M(4096.0M)->1090.0M(4096.0M)]
 [Times: user=0.27 sys=0.01, real=0.14 secs] 
2016-08-30T15:15:15.580+0200: 5965.715: [GC pause (young), 0.1557620 secs]
   [Parallel Time: 147.2 ms, GC Workers: 2]
      [GC Worker Start (ms): Min: 5965716.4, Avg: 5965716.5, Max: 5965716.5, Diff: 0.0]
      [Ext Root Scanning (ms): Min: 53.2, Avg: 55.7, Max: 58.1, Diff: 4.9, Sum: 111.4]
      [Update RS (ms): Min: 37.8, Avg: 41.0, Max: 44.2, Diff: 6.4, Sum: 82.0]
         [Processed Buffers: Min: 359, Avg: 437.5, Max: 516, Diff: 157, Sum: 875]
      [Scan RS (ms): Min: 6.1, Avg: 6.3, Max: 6.5, Diff: 0.4, Sum: 12.7]
      [Code Root Scanning (ms): Min: 0.0, Avg: 0.1, Max: 0.1, Diff: 0.1, Sum: 0.1]
      [Object Copy (ms): Min: 42.9, Avg: 43.9, Max: 45.0, Diff: 2.1, Sum: 87.8]
      [Termination (ms): Min: 0.0, Avg: 0.0, Max: 0.0, Diff: 0.0, Sum: 0.0]
      [GC Worker Other (ms): Min: 0.1, Avg: 0.1, Max: 0.1, Diff: 0.1, Sum: 0.2]
      [GC Worker Total (ms): Min: 147.1, Avg: 147.1, Max: 147.1, Diff: 0.1, Sum: 294.2]
      [GC Worker End (ms): Min: 5965863.5, Avg: 5965863.5, Max: 5965863.5, Diff: 0.0]
   [Code Root Fixup: 0.5 ms]
   [Code Root Migration: 0.0 ms]
   [Clear CT: 0.5 ms]
   [Other: 7.5 ms]
      [Choose CSet: 0.0 ms]
      [Ref Proc: 3.0 ms]
      [Ref Enq: 0.3 ms]
      [Free CSet: 0.6 ms]
   [Eden: 186.0M(186.0M)->0.0B(178.0M) Survivors: 18.0M->26.0M Heap: 1276.0M(4096.0M)->1113.0M(4096.0M)]
 [Times: user=0.30 sys=0.01, real=0.15 secs] 
2016-08-30T15:15:22.950+0200: 5973.084: [GC pause (young), 0.1417700 secs]
   [Parallel Time: 135.4 ms, GC Workers: 2]
      [GC Worker Start (ms): Min: 5973085.6, Avg: 5973085.6, Max: 5973085.6, Diff: 0.0]
      [Ext Root Scanning (ms): Min: 51.6, Avg: 52.4, Max: 53.2, Diff: 1.7, Sum: 104.8]
      [Update RS (ms): Min: 36.8, Avg: 36.8, Max: 36.9, Diff: 0.1, Sum: 73.7]
         [Processed Buffers: Min: 320, Avg: 344.0, Max: 368, Diff: 48, Sum: 688]
      [Scan RS (ms): Min: 6.8, Avg: 7.3, Max: 7.7, Diff: 0.9, Sum: 14.5]
      [Code Root Scanning (ms): Min: 0.0, Avg: 0.1, Max: 0.1, Diff: 0.1, Sum: 0.1]
      [Object Copy (ms): Min: 38.1, Avg: 38.6, Max: 39.0, Diff: 0.9, Sum: 77.1]
      [Termination (ms): Min: 0.0, Avg: 0.0, Max: 0.0, Diff: 0.0, Sum: 0.0]
      [GC Worker Other (ms): Min: 0.1, Avg: 0.1, Max: 0.1, Diff: 0.0, Sum: 0.3]
      [GC Worker Total (ms): Min: 135.3, Avg: 135.3, Max: 135.3, Diff: 0.0, Sum: 270.6]
      [GC Worker End (ms): Min: 5973220.9, Avg: 5973220.9, Max: 5973220.9, Diff: 0.0]
   [Code Root Fixup: 0.5 ms]
   [Code Root Migration: 0.0 ms]
   [Clear CT: 0.4 ms]
   [Other: 5.5 ms]
      [Choose CSet: 0.0 ms]
      [Ref Proc: 2.1 ms]
      [Ref Enq: 0.2 ms]
      [Free CSet: 0.5 ms]
   [Eden: 178.0M(178.0M)->0.0B(232.0M) Survivors: 26.0M->18.0M Heap: 1291.0M(4096.0M)->1127.0M(4096.0M)]
 [Times: user=0.28 sys=0.01, real=0.15 secs] 
2016-08-30T15:15:31.384+0200: 5981.519: [GC pause (young), 0.1491380 secs]
   [Parallel Time: 142.9 ms, GC Workers: 2]
      [GC Worker Start (ms): Min: 5981520.6, Avg: 5981520.6, Max: 5981520.7, Diff: 0.1]
      [Ext Root Scanning (ms): Min: 51.2, Avg: 51.3, Max: 51.3, Diff: 0.1, Sum: 102.5]
      [Update RS (ms): Min: 43.8, Avg: 43.9, Max: 44.1, Diff: 0.2, Sum: 87.9]
         [Processed Buffers: Min: 418, Avg: 438.0, Max: 458, Diff: 40, Sum: 876]
      [Scan RS (ms): Min: 5.6, Avg: 6.3, Max: 6.9, Diff: 1.3, Sum: 12.5]
      [Code Root Scanning (ms): Min: 0.1, Avg: 0.1, Max: 0.1, Diff: 0.0, Sum: 0.1]
      [Object Copy (ms): Min: 40.7, Avg: 41.2, Max: 41.6, Diff: 1.0, Sum: 82.3]
      [Termination (ms): Min: 0.0, Avg: 0.0, Max: 0.0, Diff: 0.0, Sum: 0.0]
      [GC Worker Other (ms): Min: 0.1, Avg: 0.2, Max: 0.2, Diff: 0.0, Sum: 0.3]
      [GC Worker Total (ms): Min: 142.8, Avg: 142.9, Max: 142.9, Diff: 0.1, Sum: 285.7]
      [GC Worker End (ms): Min: 5981663.5, Avg: 5981663.5, Max: 5981663.5, Diff: 0.0]
   [Code Root Fixup: 0.2 ms]
   [Code Root Migration: 0.0 ms]
   [Clear CT: 0.3 ms]
   [Other: 5.6 ms]
      [Choose CSet: 0.0 ms]
      [Ref Proc: 2.1 ms]
      [Ref Enq: 0.1 ms]
      [Free CSet: 0.4 ms]
   [Eden: 232.0M(232.0M)->0.0B(282.0M) Survivors: 18.0M->32.0M Heap: 1359.0M(4096.0M)->1147.0M(4096.0M)]
 [Times: user=0.27 sys=0.00, real=0.15 secs] 
2016-08-30T15:15:41.493+0200: 5991.627: [GC pause (young), 0.1682350 secs]
   [Parallel Time: 161.3 ms, GC Workers: 2]
      [GC Worker Start (ms): Min: 5991629.6, Avg: 5991629.7, Max: 5991629.7, Diff: 0.0]
      [Ext Root Scanning (ms): Min: 57.7, Avg: 58.2, Max: 58.7, Diff: 0.9, Sum: 116.4]
      [Update RS (ms): Min: 46.0, Avg: 46.2, Max: 46.3, Diff: 0.3, Sum: 92.3]
         [Processed Buffers: Min: 529, Avg: 530.0, Max: 531, Diff: 2, Sum: 1060]
      [Scan RS (ms): Min: 10.3, Avg: 10.4, Max: 10.6, Diff: 0.3, Sum: 20.9]
      [Code Root Scanning (ms): Min: 0.1, Avg: 0.1, Max: 0.2, Diff: 0.1, Sum: 0.3]
      [Object Copy (ms): Min: 45.8, Avg: 46.1, Max: 46.5, Diff: 0.7, Sum: 92.3]
      [Termination (ms): Min: 0.0, Avg: 0.0, Max: 0.0, Diff: 0.0, Sum: 0.0]
      [GC Worker Other (ms): Min: 0.1, Avg: 0.2, Max: 0.2, Diff: 0.1, Sum: 0.3]
      [GC Worker Total (ms): Min: 161.2, Avg: 161.2, Max: 161.2, Diff: 0.0, Sum: 322.5]
      [GC Worker End (ms): Min: 5991790.9, Avg: 5991790.9, Max: 5991790.9, Diff: 0.0]
   [Code Root Fixup: 0.2 ms]
   [Code Root Migration: 0.0 ms]
   [Clear CT: 0.3 ms]
   [Other: 6.4 ms]
      [Choose CSet: 0.0 ms]
      [Ref Proc: 2.3 ms]
      [Ref Enq: 0.1 ms]
      [Free CSet: 0.5 ms]
   [Eden: 282.0M(282.0M)->0.0B(336.0M) Survivors: 32.0M->26.0M Heap: 1429.0M(4096.0M)->1171.0M(4096.0M)]
 [Times: user=0.31 sys=0.00, real=0.17 secs] 
2016-08-30T15:15:54.124+0200: 6004.258: [GC pause (young), 0.1684190 secs]
   [Parallel Time: 160.4 ms, GC Workers: 2]
      [GC Worker Start (ms): Min: 6004260.0, Avg: 6004262.0, Max: 6004264.0, Diff: 3.9]
      [Ext Root Scanning (ms): Min: 52.9, Avg: 53.9, Max: 55.0, Diff: 2.1, Sum: 107.9]
      [Update RS (ms): Min: 47.4, Avg: 47.7, Max: 48.1, Diff: 0.7, Sum: 95.5]
         [Processed Buffers: Min: 453, Avg: 458.5, Max: 464, Diff: 11, Sum: 917]
      [Scan RS (ms): Min: 10.0, Avg: 10.2, Max: 10.4, Diff: 0.4, Sum: 20.4]
      [Code Root Scanning (ms): Min: 0.1, Avg: 0.1, Max: 0.2, Diff: 0.1, Sum: 0.2]
      [Object Copy (ms): Min: 45.6, Avg: 46.3, Max: 47.0, Diff: 1.4, Sum: 92.5]
      [Termination (ms): Min: 0.0, Avg: 0.0, Max: 0.0, Diff: 0.0, Sum: 0.0]
      [GC Worker Other (ms): Min: 0.1, Avg: 0.2, Max: 0.2, Diff: 0.1, Sum: 0.3]
      [GC Worker Total (ms): Min: 156.5, Avg: 158.4, Max: 160.4, Diff: 3.9, Sum: 316.9]
      [GC Worker End (ms): Min: 6004420.4, Avg: 6004420.4, Max: 6004420.4, Diff: 0.0]
   [Code Root Fixup: 0.2 ms]
   [Code Root Migration: 0.0 ms]
   [Clear CT: 0.4 ms]
   [Other: 7.3 ms]
      [Choose CSet: 0.0 ms]
      [Ref Proc: 3.6 ms]
      [Ref Enq: 0.2 ms]
      [Free CSet: 0.6 ms]
   [Eden: 336.0M(336.0M)->0.0B(326.0M) Survivors: 26.0M->36.0M Heap: 1507.0M(4096.0M)->1198.0M(4096.0M)]
 [Times: user=0.31 sys=0.00, real=0.17 secs] 
2016-08-30T15:16:08.967+0200: 6019.102: [GC pause (young), 0.1676190 secs]
   [Parallel Time: 158.6 ms, GC Workers: 2]
      [GC Worker Start (ms): Min: 6019103.3, Avg: 6019103.3, Max: 6019103.3, Diff: 0.0]
      [Ext Root Scanning (ms): Min: 51.5, Avg: 51.7, Max: 51.8, Diff: 0.3, Sum: 103.4]
      [Update RS (ms): Min: 41.1, Avg: 41.5, Max: 41.8, Diff: 0.7, Sum: 82.9]
         [Processed Buffers: Min: 366, Avg: 375.0, Max: 384, Diff: 18, Sum: 750]
      [Scan RS (ms): Min: 11.3, Avg: 11.7, Max: 12.1, Diff: 0.8, Sum: 23.4]
      [Code Root Scanning (ms): Min: 0.1, Avg: 0.1, Max: 0.2, Diff: 0.1, Sum: 0.2]
      [Object Copy (ms): Min: 53.1, Avg: 53.3, Max: 53.6, Diff: 0.6, Sum: 106.7]
      [Termination (ms): Min: 0.0, Avg: 0.0, Max: 0.0, Diff: 0.0, Sum: 0.0]
      [GC Worker Other (ms): Min: 0.1, Avg: 0.2, Max: 0.2, Diff: 0.1, Sum: 0.3]
      [GC Worker Total (ms): Min: 158.5, Avg: 158.5, Max: 158.5, Diff: 0.0, Sum: 317.0]
      [GC Worker End (ms): Min: 6019261.8, Avg: 6019261.8, Max: 6019261.8, Diff: 0.0]
   [Code Root Fixup: 0.4 ms]
   [Code Root Migration: 0.1 ms]
   [Clear CT: 0.5 ms]
   [Other: 8.1 ms]
      [Choose CSet: 0.0 ms]
      [Ref Proc: 3.7 ms]
      [Ref Enq: 0.3 ms]
      [Free CSet: 1.0 ms]
   [Eden: 326.0M(326.0M)->0.0B(416.0M) Survivors: 36.0M->26.0M Heap: 1524.0M(4096.0M)->1212.0M(4096.0M)]
 [Times: user=0.32 sys=0.00, real=0.17 secs] 
2016-08-30T15:16:24.663+0200: 6034.798: [GC pause (young), 0.1900710 secs]
   [Parallel Time: 179.2 ms, GC Workers: 2]
      [GC Worker Start (ms): Min: 6034799.6, Avg: 6034800.3, Max: 6034801.1, Diff: 1.6]
      [Ext Root Scanning (ms): Min: 53.8, Avg: 53.8, Max: 53.8, Diff: 0.0, Sum: 107.6]
      [Update RS (ms): Min: 52.2, Avg: 52.6, Max: 53.1, Diff: 0.9, Sum: 105.2]
         [Processed Buffers: Min: 409, Avg: 426.5, Max: 444, Diff: 35, Sum: 853]
      [Scan RS (ms): Min: 10.8, Avg: 11.1, Max: 11.4, Diff: 0.7, Sum: 22.2]
      [Code Root Scanning (ms): Min: 0.1, Avg: 0.1, Max: 0.1, Diff: 0.0, Sum: 0.3]
      [Object Copy (ms): Min: 59.7, Avg: 60.5, Max: 61.2, Diff: 1.5, Sum: 120.9]
      [Termination (ms): Min: 0.0, Avg: 0.0, Max: 0.0, Diff: 0.0, Sum: 0.0]
      [GC Worker Other (ms): Min: 0.1, Avg: 0.2, Max: 0.2, Diff: 0.1, Sum: 0.3]
      [GC Worker Total (ms): Min: 177.5, Avg: 178.3, Max: 179.1, Diff: 1.6, Sum: 356.6]
      [GC Worker End (ms): Min: 6034978.6, Avg: 6034978.6, Max: 6034978.6, Diff: 0.0]
   [Code Root Fixup: 0.4 ms]
   [Code Root Migration: 0.1 ms]
   [Clear CT: 0.5 ms]
   [Other: 9.9 ms]
      [Choose CSet: 0.0 ms]
      [Ref Proc: 5.3 ms]
      [Ref Enq: 0.4 ms]
      [Free CSet: 1.2 ms]
   [Eden: 416.0M(416.0M)->0.0B(300.0M) Survivors: 26.0M->56.0M Heap: 1628.0M(4096.0M)->1245.0M(4096.0M)]
 [Times: user=0.37 sys=0.01, real=0.19 secs] 
2016-08-30T15:16:35.169+0200: 6045.303: [GC pause (young), 0.2058830 secs]
   [Parallel Time: 196.5 ms, GC Workers: 2]
      [GC Worker Start (ms): Min: 6045304.7, Avg: 6045304.7, Max: 6045304.8, Diff: 0.0]
      [Ext Root Scanning (ms): Min: 53.7, Avg: 59.2, Max: 64.7, Diff: 10.9, Sum: 118.4]
      [Update RS (ms): Min: 36.8, Avg: 43.2, Max: 49.5, Diff: 12.6, Sum: 86.3]
         [Processed Buffers: Min: 351, Avg: 398.0, Max: 445, Diff: 94, Sum: 796]
      [Scan RS (ms): Min: 13.6, Avg: 13.9, Max: 14.3, Diff: 0.7, Sum: 27.8]
      [Code Root Scanning (ms): Min: 0.1, Avg: 0.1, Max: 0.2, Diff: 0.1, Sum: 0.2]
      [Object Copy (ms): Min: 78.6, Avg: 79.9, Max: 81.2, Diff: 2.6, Sum: 159.8]
      [Termination (ms): Min: 0.0, Avg: 0.0, Max: 0.0, Diff: 0.0, Sum: 0.0]
      [GC Worker Other (ms): Min: 0.1, Avg: 0.1, Max: 0.2, Diff: 0.0, Sum: 0.3]
      [GC Worker Total (ms): Min: 196.4, Avg: 196.5, Max: 196.5, Diff: 0.0, Sum: 392.9]
      [GC Worker End (ms): Min: 6045501.2, Avg: 6045501.2, Max: 6045501.2, Diff: 0.0]
   [Code Root Fixup: 0.6 ms]
   [Code Root Migration: 0.1 ms]
   [Clear CT: 0.5 ms]
   [Other: 8.2 ms]
      [Choose CSet: 0.0 ms]
      [Ref Proc: 4.0 ms]
      [Ref Enq: 0.3 ms]
      [Free CSet: 0.7 ms]
   [Eden: 300.0M(300.0M)->0.0B(324.0M) Survivors: 56.0M->30.0M Heap: 1545.0M(4096.0M)->1266.0M(4096.0M)]
 [Times: user=0.40 sys=0.01, real=0.21 secs] 
2016-08-30T15:16:47.967+0200: 6058.102: [GC pause (young), 0.2417830 secs]
   [Parallel Time: 224.4 ms, GC Workers: 2]
      [GC Worker Start (ms): Min: 6058102.9, Avg: 6058102.9, Max: 6058102.9, Diff: 0.0]
      [Ext Root Scanning (ms): Min: 61.7, Avg: 72.4, Max: 83.1, Diff: 21.4, Sum: 144.8]
      [Update RS (ms): Min: 66.7, Avg: 71.2, Max: 75.8, Diff: 9.1, Sum: 142.5]
         [Processed Buffers: Min: 418, Avg: 452.5, Max: 487, Diff: 69, Sum: 905]
      [Scan RS (ms): Min: 1.5, Avg: 7.9, Max: 14.3, Diff: 12.7, Sum: 15.8]
      [Code Root Scanning (ms): Min: 0.0, Avg: 0.1, Max: 0.1, Diff: 0.1, Sum: 0.1]
      [Object Copy (ms): Min: 64.9, Avg: 68.9, Max: 73.0, Diff: 8.0, Sum: 137.9]
      [Termination (ms): Min: 0.0, Avg: 3.7, Max: 7.5, Diff: 7.5, Sum: 7.5]
      [GC Worker Other (ms): Min: 0.1, Avg: 0.1, Max: 0.1, Diff: 0.0, Sum: 0.2]
      [GC Worker Total (ms): Min: 224.4, Avg: 224.4, Max: 224.4, Diff: 0.0, Sum: 448.7]
      [GC Worker End (ms): Min: 6058327.2, Avg: 6058327.2, Max: 6058327.2, Diff: 0.0]
   [Code Root Fixup: 0.2 ms]
   [Code Root Migration: 0.0 ms]
   [Clear CT: 0.5 ms]
   [Other: 16.6 ms]
      [Choose CSet: 0.0 ms]
      [Ref Proc: 13.9 ms]
      [Ref Enq: 0.2 ms]
      [Free CSet: 0.5 ms]
   [Eden: 324.0M(324.0M)->0.0B(170.0M) Survivors: 30.0M->34.0M Heap: 1590.0M(4096.0M)->1290.0M(4096.0M)]
 [Times: user=0.19 sys=0.00, real=0.24 secs] 
2016-08-30T15:16:53.838+0200: 6063.972: [GC pause (young), 0.1499230 secs]
   [Parallel Time: 142.9 ms, GC Workers: 2]
      [GC Worker Start (ms): Min: 6063973.9, Avg: 6063973.9, Max: 6063973.9, Diff: 0.0]
      [Ext Root Scanning (ms): Min: 50.7, Avg: 51.7, Max: 52.7, Diff: 1.9, Sum: 103.4]
      [Update RS (ms): Min: 34.9, Avg: 36.4, Max: 37.9, Diff: 3.0, Sum: 72.8]
         [Processed Buffers: Min: 331, Avg: 340.0, Max: 349, Diff: 18, Sum: 680]
      [Scan RS (ms): Min: 9.0, Avg: 9.4, Max: 9.7, Diff: 0.7, Sum: 18.8]
      [Code Root Scanning (ms): Min: 0.0, Avg: 0.1, Max: 0.1, Diff: 0.0, Sum: 0.1]
      [Object Copy (ms): Min: 45.0, Avg: 45.1, Max: 45.2, Diff: 0.2, Sum: 90.2]
      [Termination (ms): Min: 0.0, Avg: 0.0, Max: 0.0, Diff: 0.0, Sum: 0.0]
      [GC Worker Other (ms): Min: 0.1, Avg: 0.2, Max: 0.2, Diff: 0.1, Sum: 0.3]
      [GC Worker Total (ms): Min: 142.8, Avg: 142.8, Max: 142.8, Diff: 0.0, Sum: 285.6]
      [GC Worker End (ms): Min: 6064116.7, Avg: 6064116.7, Max: 6064116.7, Diff: 0.0]
   [Code Root Fixup: 0.4 ms]
   [Code Root Migration: 0.0 ms]
   [Clear CT: 0.4 ms]
   [Other: 6.1 ms]
      [Choose CSet: 0.0 ms]
      [Ref Proc: 2.4 ms]
      [Ref Enq: 0.2 ms]
      [Free CSet: 0.5 ms]
   [Eden: 170.0M(170.0M)->0.0B(328.0M) Survivors: 34.0M->18.0M Heap: 1460.0M(4096.0M)->1300.0M(4096.0M)]
 [Times: user=0.30 sys=0.00, real=0.15 secs] 
2016-08-30T15:17:07.215+0200: 6077.349: [GC pause (young), 0.1624500 secs]
   [Parallel Time: 153.3 ms, GC Workers: 2]
      [GC Worker Start (ms): Min: 6077351.0, Avg: 6077351.0, Max: 6077351.1, Diff: 0.0]
      [Ext Root Scanning (ms): Min: 50.9, Avg: 52.2, Max: 53.5, Diff: 2.7, Sum: 104.4]
      [Update RS (ms): Min: 44.6, Avg: 45.7, Max: 46.8, Diff: 2.2, Sum: 91.4]
         [Processed Buffers: Min: 413, Avg: 428.5, Max: 444, Diff: 31, Sum: 857]
      [Scan RS (ms): Min: 7.6, Avg: 8.0, Max: 8.3, Diff: 0.7, Sum: 15.9]
      [Code Root Scanning (ms): Min: 0.1, Avg: 0.1, Max: 0.1, Diff: 0.0, Sum: 0.2]
      [Object Copy (ms): Min: 47.0, Avg: 47.0, Max: 47.1, Diff: 0.1, Sum: 94.1]
      [Termination (ms): Min: 0.0, Avg: 0.0, Max: 0.0, Diff: 0.0, Sum: 0.0]
      [GC Worker Other (ms): Min: 0.1, Avg: 0.2, Max: 0.2, Diff: 0.0, Sum: 0.3]
      [GC Worker Total (ms): Min: 153.2, Avg: 153.2, Max: 153.2, Diff: 0.0, Sum: 306.3]
      [GC Worker End (ms): Min: 6077504.2, Avg: 6077504.2, Max: 6077504.2, Diff: 0.0]
   [Code Root Fixup: 0.6 ms]
   [Code Root Migration: 0.1 ms]
   [Clear CT: 0.5 ms]
   [Other: 8.0 ms]
      [Choose CSet: 0.0 ms]
      [Ref Proc: 4.0 ms]
      [Ref Enq: 0.3 ms]
      [Free CSet: 0.8 ms]
   [Eden: 328.0M(328.0M)->0.0B(264.0M) Survivors: 18.0M->42.0M Heap: 1628.0M(4096.0M)->1324.0M(4096.0M)]
 [Times: user=0.32 sys=0.00, real=0.17 secs] 
2016-08-30T15:17:16.587+0200: 6086.721: [GC pause (young), 0.1762770 secs]
   [Parallel Time: 166.9 ms, GC Workers: 2]
      [GC Worker Start (ms): Min: 6086722.6, Avg: 6086722.6, Max: 6086722.6, Diff: 0.0]
      [Ext Root Scanning (ms): Min: 49.2, Avg: 49.9, Max: 50.6, Diff: 1.4, Sum: 99.8]
      [Update RS (ms): Min: 44.4, Avg: 44.9, Max: 45.4, Diff: 1.0, Sum: 89.8]
         [Processed Buffers: Min: 418, Avg: 425.0, Max: 432, Diff: 14, Sum: 850]
      [Scan RS (ms): Min: 11.0, Avg: 11.2, Max: 11.4, Diff: 0.5, Sum: 22.4]
      [Code Root Scanning (ms): Min: 0.1, Avg: 0.1, Max: 0.1, Diff: 0.0, Sum: 0.2]
      [Object Copy (ms): Min: 60.1, Avg: 60.4, Max: 60.8, Diff: 0.7, Sum: 120.8]
      [Termination (ms): Min: 0.0, Avg: 0.1, Max: 0.3, Diff: 0.3, Sum: 0.3]
      [GC Worker Other (ms): Min: 0.2, Avg: 0.2, Max: 0.2, Diff: 0.0, Sum: 0.3]
      [GC Worker Total (ms): Min: 166.7, Avg: 166.8, Max: 166.8, Diff: 0.0, Sum: 333.5]
      [GC Worker End (ms): Min: 6086889.3, Avg: 6086889.3, Max: 6086889.3, Diff: 0.0]
   [Code Root Fixup: 0.5 ms]
   [Code Root Migration: 0.1 ms]
   [Clear CT: 0.5 ms]
   [Other: 8.3 ms]
      [Choose CSet: 0.0 ms]
      [Ref Proc: 3.2 ms]
      [Ref Enq: 0.2 ms]
      [Free CSet: 0.7 ms]
   [Eden: 264.0M(264.0M)->0.0B(326.0M) Survivors: 42.0M->32.0M Heap: 1588.0M(4096.0M)->1346.0M(4096.0M)]
 [Times: user=0.34 sys=0.00, real=0.18 secs] 
2016-08-30T15:17:30.507+0200: 6100.642: [GC pause (young), 0.1695500 secs]
   [Parallel Time: 161.2 ms, GC Workers: 2]
      [GC Worker Start (ms): Min: 6100643.7, Avg: 6100643.7, Max: 6100643.8, Diff: 0.0]
      [Ext Root Scanning (ms): Min: 55.6, Avg: 57.5, Max: 59.4, Diff: 3.7, Sum: 115.0]
      [Update RS (ms): Min: 51.4, Avg: 51.8, Max: 52.2, Diff: 0.8, Sum: 103.5]
         [Processed Buffers: Min: 397, Avg: 427.5, Max: 458, Diff: 61, Sum: 855]
      [Scan RS (ms): Min: 10.1, Avg: 10.5, Max: 10.8, Diff: 0.7, Sum: 20.9]
      [Code Root Scanning (ms): Min: 0.1, Avg: 0.1, Max: 0.1, Diff: 0.0, Sum: 0.2]
      [Object Copy (ms): Min: 40.1, Avg: 41.2, Max: 42.3, Diff: 2.3, Sum: 82.4]
      [Termination (ms): Min: 0.0, Avg: 0.0, Max: 0.0, Diff: 0.0, Sum: 0.0]
      [GC Worker Other (ms): Min: 0.1, Avg: 0.2, Max: 0.2, Diff: 0.0, Sum: 0.3]
      [GC Worker Total (ms): Min: 161.2, Avg: 161.2, Max: 161.2, Diff: 0.0, Sum: 322.3]
      [GC Worker End (ms): Min: 6100804.9, Avg: 6100804.9, Max: 6100804.9, Diff: 0.0]
   [Code Root Fixup: 0.5 ms]
   [Code Root Migration: 0.0 ms]
   [Clear CT: 0.4 ms]
   [Other: 7.3 ms]
      [Choose CSet: 0.0 ms]
      [Ref Proc: 3.3 ms]
      [Ref Enq: 0.2 ms]
      [Free CSet: 0.8 ms]
   [Eden: 326.0M(326.0M)->0.0B(410.0M) Survivors: 32.0M->30.0M Heap: 1672.0M(4096.0M)->1366.0M(4096.0M)]
 [Times: user=0.32 sys=0.00, real=0.17 secs] 
2016-08-30T15:17:45.579+0200: 6115.713: [GC pause (young), 0.1906760 secs]
   [Parallel Time: 180.2 ms, GC Workers: 2]
      [GC Worker Start (ms): Min: 6115715.4, Avg: 6115716.2, Max: 6115717.0, Diff: 1.6]
      [Ext Root Scanning (ms): Min: 49.2, Avg: 49.8, Max: 50.5, Diff: 1.3, Sum: 99.6]
      [Update RS (ms): Min: 55.2, Avg: 55.5, Max: 55.8, Diff: 0.7, Sum: 111.0]
         [Processed Buffers: Min: 479, Avg: 493.5, Max: 508, Diff: 29, Sum: 987]
      [Scan RS (ms): Min: 11.0, Avg: 11.2, Max: 11.5, Diff: 0.5, Sum: 22.5]
      [Code Root Scanning (ms): Min: 0.1, Avg: 0.1, Max: 0.2, Diff: 0.0, Sum: 0.3]
      [Object Copy (ms): Min: 62.4, Avg: 62.4, Max: 62.5, Diff: 0.1, Sum: 124.9]
      [Termination (ms): Min: 0.0, Avg: 0.0, Max: 0.0, Diff: 0.0, Sum: 0.0]
      [GC Worker Other (ms): Min: 0.1, Avg: 0.1, Max: 0.2, Diff: 0.0, Sum: 0.3]
      [GC Worker Total (ms): Min: 178.5, Avg: 179.3, Max: 180.1, Diff: 1.6, Sum: 358.6]
      [GC Worker End (ms): Min: 6115895.5, Avg: 6115895.5, Max: 6115895.5, Diff: 0.0]
   [Code Root Fixup: 0.6 ms]
   [Code Root Migration: 0.1 ms]
   [Clear CT: 0.5 ms]
   [Other: 9.4 ms]
      [Choose CSet: 0.0 ms]
      [Ref Proc: 4.9 ms]
      [Ref Enq: 0.2 ms]
      [Free CSet: 0.9 ms]
   [Eden: 410.0M(410.0M)->0.0B(306.0M) Survivors: 30.0M->56.0M Heap: 1776.0M(4096.0M)->1396.0M(4096.0M)]
 [Times: user=0.37 sys=0.01, real=0.19 secs] 
2016-08-30T15:17:56.073+0200: 6126.207: [GC pause (young), 0.2100950 secs]
   [Parallel Time: 202.8 ms, GC Workers: 2]
      [GC Worker Start (ms): Min: 6126208.6, Avg: 6126208.7, Max: 6126208.7, Diff: 0.0]
      [Ext Root Scanning (ms): Min: 55.9, Avg: 61.9, Max: 67.8, Diff: 12.0, Sum: 123.7]
      [Update RS (ms): Min: 54.5, Avg: 60.5, Max: 66.5, Diff: 12.0, Sum: 121.0]
         [Processed Buffers: Min: 311, Avg: 456.0, Max: 601, Diff: 290, Sum: 912]
      [Scan RS (ms): Min: 14.6, Avg: 15.0, Max: 15.5, Diff: 0.8, Sum: 30.1]
      [Code Root Scanning (ms): Min: 0.1, Avg: 0.1, Max: 0.1, Diff: 0.0, Sum: 0.3]
      [Object Copy (ms): Min: 64.5, Avg: 65.0, Max: 65.5, Diff: 0.9, Sum: 130.0]
      [Termination (ms): Min: 0.0, Avg: 0.0, Max: 0.0, Diff: 0.0, Sum: 0.0]
      [GC Worker Other (ms): Min: 0.1, Avg: 0.1, Max: 0.2, Diff: 0.0, Sum: 0.3]
      [GC Worker Total (ms): Min: 202.7, Avg: 202.7, Max: 202.7, Diff: 0.0, Sum: 405.4]
      [GC Worker End (ms): Min: 6126411.3, Avg: 6126411.3, Max: 6126411.3, Diff: 0.0]
   [Code Root Fixup: 0.2 ms]
   [Code Root Migration: 0.0 ms]
   [Clear CT: 0.4 ms]
   [Other: 6.6 ms]
      [Choose CSet: 0.0 ms]
      [Ref Proc: 2.9 ms]
      [Ref Enq: 0.2 ms]
      [Free CSet: 0.6 ms]
   [Eden: 306.0M(306.0M)->0.0B(312.0M) Survivors: 56.0M->30.0M Heap: 1702.0M(4096.0M)->1414.0M(4096.0M)]
 [Times: user=0.36 sys=0.00, real=0.21 secs] 
2016-08-30T15:18:08.730+0200: 6138.864: [GC pause (young), 0.1639790 secs]
   [Parallel Time: 158.1 ms, GC Workers: 2]
      [GC Worker Start (ms): Min: 6138865.2, Avg: 6138865.2, Max: 6138865.2, Diff: 0.0]
      [Ext Root Scanning (ms): Min: 38.8, Avg: 39.2, Max: 39.6, Diff: 0.8, Sum: 78.4]
      [Update RS (ms): Min: 43.5, Avg: 43.6, Max: 43.6, Diff: 0.1, Sum: 87.1]
         [Processed Buffers: Min: 291, Avg: 428.5, Max: 566, Diff: 275, Sum: 857]
      [Scan RS (ms): Min: 10.7, Avg: 11.1, Max: 11.6, Diff: 1.0, Sum: 22.3]
      [Code Root Scanning (ms): Min: 0.1, Avg: 2.4, Max: 4.8, Diff: 4.7, Sum: 4.8]
      [Object Copy (ms): Min: 58.3, Avg: 61.6, Max: 64.9, Diff: 6.6, Sum: 123.2]
      [Termination (ms): Min: 0.0, Avg: 0.0, Max: 0.0, Diff: 0.0, Sum: 0.0]
      [GC Worker Other (ms): Min: 0.1, Avg: 0.1, Max: 0.1, Diff: 0.1, Sum: 0.2]
      [GC Worker Total (ms): Min: 158.0, Avg: 158.0, Max: 158.0, Diff: 0.0, Sum: 316.1]
      [GC Worker End (ms): Min: 6139023.2, Avg: 6139023.2, Max: 6139023.2, Diff: 0.0]
   [Code Root Fixup: 0.3 ms]
   [Code Root Migration: 0.0 ms]
   [Clear CT: 0.5 ms]
   [Other: 5.0 ms]
      [Choose CSet: 0.0 ms]
      [Ref Proc: 2.3 ms]
      [Ref Enq: 0.1 ms]
      [Free CSet: 0.5 ms]
   [Eden: 312.0M(312.0M)->0.0B(356.0M) Survivors: 30.0M->28.0M Heap: 1726.0M(4096.0M)->1434.0M(4096.0M)]
 [Times: user=0.20 sys=0.00, real=0.16 secs] 
2016-08-30T15:18:21.575+0200: 6151.709: [GC pause (young), 0.1899190 secs]
   [Parallel Time: 179.3 ms, GC Workers: 2]
      [GC Worker Start (ms): Min: 6151711.0, Avg: 6151711.0, Max: 6151711.0, Diff: 0.0]
      [Ext Root Scanning (ms): Min: 51.2, Avg: 51.7, Max: 52.1, Diff: 1.0, Sum: 103.3]
      [Update RS (ms): Min: 56.0, Avg: 56.1, Max: 56.3, Diff: 0.4, Sum: 112.3]
         [Processed Buffers: Min: 396, Avg: 447.0, Max: 498, Diff: 102, Sum: 894]
      [Scan RS (ms): Min: 9.8, Avg: 9.9, Max: 9.9, Diff: 0.1, Sum: 19.7]
      [Code Root Scanning (ms): Min: 0.1, Avg: 0.1, Max: 0.1, Diff: 0.0, Sum: 0.2]
      [Object Copy (ms): Min: 61.0, Avg: 61.3, Max: 61.6, Diff: 0.5, Sum: 122.6]
      [Termination (ms): Min: 0.0, Avg: 0.0, Max: 0.0, Diff: 0.0, Sum: 0.0]
      [GC Worker Other (ms): Min: 0.1, Avg: 0.1, Max: 0.2, Diff: 0.1, Sum: 0.3]
      [GC Worker Total (ms): Min: 179.2, Avg: 179.2, Max: 179.3, Diff: 0.0, Sum: 358.5]
      [GC Worker End (ms): Min: 6151890.2, Avg: 6151890.2, Max: 6151890.2, Diff: 0.0]
   [Code Root Fixup: 0.4 ms]
   [Code Root Migration: 0.1 ms]
   [Clear CT: 0.5 ms]
   [Other: 9.7 ms]
      [Choose CSet: 0.0 ms]
      [Ref Proc: 4.9 ms]
      [Ref Enq: 0.4 ms]
      [Free CSet: 0.6 ms]
   [Eden: 356.0M(356.0M)->0.0B(296.0M) Survivors: 28.0M->40.0M Heap: 1790.0M(4096.0M)->1466.0M(4096.0M)]
 [Times: user=0.37 sys=0.01, real=0.19 secs] 
2016-08-30T15:18:33.772+0200: 6163.907: [GC pause (young), 0.1715480 secs]
   [Parallel Time: 162.5 ms, GC Workers: 2]
      [GC Worker Start (ms): Min: 6163908.5, Avg: 6163908.6, Max: 6163908.7, Diff: 0.3]
      [Ext Root Scanning (ms): Min: 49.9, Avg: 50.2, Max: 50.5, Diff: 0.6, Sum: 100.4]
      [Update RS (ms): Min: 44.7, Avg: 44.8, Max: 44.8, Diff: 0.1, Sum: 89.5]
         [Processed Buffers: Min: 402, Avg: 406.0, Max: 410, Diff: 8, Sum: 812]
      [Scan RS (ms): Min: 11.6, Avg: 11.8, Max: 11.9, Diff: 0.3, Sum: 23.5]
      [Code Root Scanning (ms): Min: 0.1, Avg: 0.1, Max: 0.1, Diff: 0.0, Sum: 0.2]
      [Object Copy (ms): Min: 54.8, Avg: 55.4, Max: 55.9, Diff: 1.0, Sum: 110.7]
      [Termination (ms): Min: 0.0, Avg: 0.0, Max: 0.0, Diff: 0.0, Sum: 0.0]
      [GC Worker Other (ms): Min: 0.1, Avg: 0.2, Max: 0.2, Diff: 0.0, Sum: 0.3]
      [GC Worker Total (ms): Min: 162.2, Avg: 162.3, Max: 162.5, Diff: 0.3, Sum: 324.7]
      [GC Worker End (ms): Min: 6164070.9, Avg: 6164070.9, Max: 6164070.9, Diff: 0.0]
   [Code Root Fixup: 0.4 ms]
   [Code Root Migration: 0.1 ms]
   [Clear CT: 0.5 ms]
   [Other: 8.1 ms]
      [Choose CSet: 0.0 ms]
      [Ref Proc: 3.7 ms]
      [Ref Enq: 0.3 ms]
      [Free CSet: 0.9 ms]
   [Eden: 296.0M(296.0M)->0.0B(454.0M) Survivors: 40.0M->26.0M Heap: 1762.0M(4096.0M)->1481.0M(4096.0M)]
 [Times: user=0.33 sys=0.00, real=0.17 secs] 
2016-08-30T15:18:49.616+0200: 6179.750: [GC pause (young), 0.1517890 secs]
   [Parallel Time: 144.1 ms, GC Workers: 2]
      [GC Worker Start (ms): Min: 6179751.8, Avg: 6179751.8, Max: 6179751.9, Diff: 0.0]
      [Ext Root Scanning (ms): Min: 47.8, Avg: 51.6, Max: 55.4, Diff: 7.6, Sum: 103.1]
      [Update RS (ms): Min: 27.7, Avg: 36.3, Max: 45.0, Diff: 17.3, Sum: 72.7]
         [Processed Buffers: Min: 250, Avg: 460.0, Max: 670, Diff: 420, Sum: 920]
      [Scan RS (ms): Min: 7.4, Avg: 7.6, Max: 7.9, Diff: 0.5, Sum: 15.3]
      [Code Root Scanning (ms): Min: 0.1, Avg: 0.1, Max: 0.1, Diff: 0.0, Sum: 0.2]
      [Object Copy (ms): Min: 43.6, Avg: 48.3, Max: 52.9, Diff: 9.2, Sum: 96.5]
      [Termination (ms): Min: 0.0, Avg: 0.0, Max: 0.0, Diff: 0.0, Sum: 0.0]
      [GC Worker Other (ms): Min: 0.1, Avg: 0.1, Max: 0.2, Diff: 0.0, Sum: 0.3]
      [GC Worker Total (ms): Min: 144.0, Avg: 144.0, Max: 144.1, Diff: 0.0, Sum: 288.1]
      [GC Worker End (ms): Min: 6179895.9, Avg: 6179895.9, Max: 6179895.9, Diff: 0.0]
   [Code Root Fixup: 0.8 ms]
   [Code Root Migration: 0.1 ms]
   [Clear CT: 0.3 ms]
   [Other: 6.5 ms]
      [Choose CSet: 0.0 ms]
      [Ref Proc: 3.0 ms]
      [Ref Enq: 0.2 ms]
      [Free CSet: 0.6 ms]
   [Eden: 410.0M(322.0M)->0.0B(444.0M) Survivors: 26.0M->44.0M Heap: 1891.0M(4096.0M)->1519.0M(4096.0M)]
 [Times: user=0.26 sys=0.00, real=0.15 secs] 
2016-08-30T15:19:06.392+0200: 6196.527: [GC pause (young), 0.2015710 secs]
   [Parallel Time: 191.0 ms, GC Workers: 2]
      [GC Worker Start (ms): Min: 6196528.6, Avg: 6196528.6, Max: 6196528.7, Diff: 0.0]
      [Ext Root Scanning (ms): Min: 53.1, Avg: 53.2, Max: 53.4, Diff: 0.3, Sum: 106.5]
      [Update RS (ms): Min: 55.9, Avg: 56.0, Max: 56.0, Diff: 0.2, Sum: 111.9]
         [Processed Buffers: Min: 328, Avg: 398.5, Max: 469, Diff: 141, Sum: 797]
      [Scan RS (ms): Min: 15.6, Avg: 15.9, Max: 16.2, Diff: 0.6, Sum: 31.9]
      [Code Root Scanning (ms): Min: 0.1, Avg: 0.1, Max: 0.1, Diff: 0.0, Sum: 0.3]
      [Object Copy (ms): Min: 65.0, Avg: 65.5, Max: 66.1, Diff: 1.1, Sum: 131.1]
      [Termination (ms): Min: 0.0, Avg: 0.0, Max: 0.0, Diff: 0.0, Sum: 0.0]
      [GC Worker Other (ms): Min: 0.1, Avg: 0.2, Max: 0.2, Diff: 0.0, Sum: 0.3]
      [GC Worker Total (ms): Min: 191.0, Avg: 191.0, Max: 191.0, Diff: 0.0, Sum: 381.9]
      [GC Worker End (ms): Min: 6196719.6, Avg: 6196719.6, Max: 6196719.6, Diff: 0.0]
   [Code Root Fixup: 0.5 ms]
   [Code Root Migration: 0.1 ms]
   [Clear CT: 0.6 ms]
   [Other: 9.3 ms]
      [Choose CSet: 0.0 ms]
      [Ref Proc: 4.7 ms]
      [Ref Enq: 0.4 ms]
      [Free CSet: 1.0 ms]
   [Eden: 382.0M(304.0M)->0.0B(352.0M) Survivors: 44.0M->38.0M Heap: 1901.0M(4096.0M)->1539.0M(4096.0M)]
 [Times: user=0.37 sys=0.00, real=0.20 secs] 
2016-08-30T15:19:19.374+0200: 6209.509: [GC pause (young), 0.1742500 secs]
   [Parallel Time: 167.0 ms, GC Workers: 2]
      [GC Worker Start (ms): Min: 6209510.7, Avg: 6209510.7, Max: 6209510.7, Diff: 0.0]
      [Ext Root Scanning (ms): Min: 49.9, Avg: 50.6, Max: 51.3, Diff: 1.5, Sum: 101.2]
      [Update RS (ms): Min: 53.3, Avg: 53.7, Max: 54.0, Diff: 0.7, Sum: 107.3]
         [Processed Buffers: Min: 447, Avg: 458.5, Max: 470, Diff: 23, Sum: 917]
      [Scan RS (ms): Min: 10.7, Avg: 10.8, Max: 10.9, Diff: 0.2, Sum: 21.7]
      [Code Root Scanning (ms): Min: 0.1, Avg: 0.2, Max: 0.2, Diff: 0.1, Sum: 0.4]
      [Object Copy (ms): Min: 51.0, Avg: 51.5, Max: 52.0, Diff: 0.9, Sum: 103.0]
      [Termination (ms): Min: 0.0, Avg: 0.0, Max: 0.0, Diff: 0.0, Sum: 0.0]
      [GC Worker Other (ms): Min: 0.1, Avg: 0.2, Max: 0.2, Diff: 0.0, Sum: 0.3]
      [GC Worker Total (ms): Min: 166.9, Avg: 166.9, Max: 167.0, Diff: 0.0, Sum: 333.9]
      [GC Worker End (ms): Min: 6209677.7, Avg: 6209677.7, Max: 6209677.7, Diff: 0.0]
   [Code Root Fixup: 0.2 ms]
   [Code Root Migration: 0.1 ms]
   [Clear CT: 0.4 ms]
   [Other: 6.6 ms]
      [Choose CSet: 0.0 ms]
      [Ref Proc: 2.6 ms]
      [Ref Enq: 0.2 ms]
      [Free CSet: 0.6 ms]
   [Eden: 352.0M(352.0M)->0.0B(368.0M) Survivors: 38.0M->42.0M Heap: 1891.0M(4096.0M)->1569.0M(4096.0M)]
 [Times: user=0.33 sys=0.00, real=0.18 secs] 
2016-08-30T15:19:33.302+0200: 6223.437: [GC pause (young), 0.2003940 secs]
   [Parallel Time: 188.1 ms, GC Workers: 2]
      [GC Worker Start (ms): Min: 6223438.3, Avg: 6223438.3, Max: 6223438.3, Diff: 0.0]
      [Ext Root Scanning (ms): Min: 51.3, Avg: 51.5, Max: 51.6, Diff: 0.3, Sum: 102.9]
      [Update RS (ms): Min: 57.4, Avg: 58.7, Max: 60.0, Diff: 2.6, Sum: 117.4]
         [Processed Buffers: Min: 432, Avg: 435.5, Max: 439, Diff: 7, Sum: 871]
      [Scan RS (ms): Min: 10.8, Avg: 11.3, Max: 11.8, Diff: 1.0, Sum: 22.6]
      [Code Root Scanning (ms): Min: 0.1, Avg: 0.1, Max: 0.2, Diff: 0.0, Sum: 0.3]
      [Object Copy (ms): Min: 65.5, Avg: 66.2, Max: 66.8, Diff: 1.3, Sum: 132.3]
      [Termination (ms): Min: 0.0, Avg: 0.0, Max: 0.0, Diff: 0.0, Sum: 0.0]
      [GC Worker Other (ms): Min: 0.1, Avg: 0.2, Max: 0.2, Diff: 0.1, Sum: 0.3]
      [GC Worker Total (ms): Min: 187.9, Avg: 188.0, Max: 188.0, Diff: 0.0, Sum: 375.9]
      [GC Worker End (ms): Min: 6223626.3, Avg: 6223626.3, Max: 6223626.3, Diff: 0.0]
   [Code Root Fixup: 0.4 ms]
   [Code Root Migration: 0.1 ms]
   [Clear CT: 0.6 ms]
   [Other: 11.3 ms]
      [Choose CSet: 0.0 ms]
      [Ref Proc: 4.9 ms]
      [Ref Enq: 0.4 ms]
      [Free CSet: 1.0 ms]
   [Eden: 368.0M(368.0M)->0.0B(322.0M) Survivors: 42.0M->38.0M Heap: 1937.0M(4096.0M)->1596.0M(4096.0M)]
 [Times: user=0.38 sys=0.00, real=0.20 secs] 
2016-08-30T15:19:45.832+0200: 6235.966: [GC pause (young), 0.1850840 secs]
   [Parallel Time: 177.7 ms, GC Workers: 2]
      [GC Worker Start (ms): Min: 6235967.7, Avg: 6235968.2, Max: 6235968.8, Diff: 1.1]
      [Ext Root Scanning (ms): Min: 50.7, Avg: 50.8, Max: 50.8, Diff: 0.1, Sum: 101.5]
      [Update RS (ms): Min: 54.5, Avg: 54.8, Max: 55.0, Diff: 0.5, Sum: 109.5]
         [Processed Buffers: Min: 414, Avg: 454.5, Max: 495, Diff: 81, Sum: 909]
      [Scan RS (ms): Min: 10.4, Avg: 10.8, Max: 11.1, Diff: 0.7, Sum: 21.5]
      [Code Root Scanning (ms): Min: 0.1, Avg: 0.1, Max: 0.1, Diff: 0.1, Sum: 0.2]
      [Object Copy (ms): Min: 60.5, Avg: 60.5, Max: 60.6, Diff: 0.1, Sum: 121.1]
      [Termination (ms): Min: 0.0, Avg: 0.0, Max: 0.0, Diff: 0.0, Sum: 0.0]
      [GC Worker Other (ms): Min: 0.1, Avg: 0.1, Max: 0.2, Diff: 0.0, Sum: 0.3]
      [GC Worker Total (ms): Min: 176.5, Avg: 177.1, Max: 177.6, Diff: 1.1, Sum: 354.2]
      [GC Worker End (ms): Min: 6236145.3, Avg: 6236145.3, Max: 6236145.3, Diff: 0.0]
   [Code Root Fixup: 0.3 ms]
   [Code Root Migration: 0.1 ms]
   [Clear CT: 0.4 ms]
   [Other: 6.6 ms]
      [Choose CSet: 0.0 ms]
      [Ref Proc: 2.7 ms]
      [Ref Enq: 0.2 ms]
      [Free CSet: 0.8 ms]
   [Eden: 322.0M(322.0M)->0.0B(366.0M) Survivors: 38.0M->34.0M Heap: 1918.0M(4096.0M)->1618.0M(4096.0M)]
 [Times: user=0.36 sys=0.00, real=0.18 secs] 
2016-08-30T15:19:59.069+0200: 6249.203: [GC pause (young), 0.1674670 secs]
   [Parallel Time: 157.7 ms, GC Workers: 2]
      [GC Worker Start (ms): Min: 6249205.0, Avg: 6249205.1, Max: 6249205.1, Diff: 0.0]
      [Ext Root Scanning (ms): Min: 50.0, Avg: 51.2, Max: 52.5, Diff: 2.4, Sum: 102.5]
      [Update RS (ms): Min: 42.4, Avg: 43.4, Max: 44.4, Diff: 2.0, Sum: 86.8]
         [Processed Buffers: Min: 355, Avg: 374.0, Max: 393, Diff: 38, Sum: 748]
      [Scan RS (ms): Min: 11.5, Avg: 11.8, Max: 12.1, Diff: 0.6, Sum: 23.6]
      [Code Root Scanning (ms): Min: 0.1, Avg: 0.1, Max: 0.1, Diff: 0.0, Sum: 0.2]
      [Object Copy (ms): Min: 50.4, Avg: 50.9, Max: 51.5, Diff: 1.1, Sum: 101.9]
      [Termination (ms): Min: 0.0, Avg: 0.0, Max: 0.0, Diff: 0.0, Sum: 0.0]
      [GC Worker Other (ms): Min: 0.1, Avg: 0.2, Max: 0.2, Diff: 0.1, Sum: 0.3]
      [GC Worker Total (ms): Min: 157.6, Avg: 157.6, Max: 157.7, Diff: 0.0, Sum: 315.3]
      [GC Worker End (ms): Min: 6249362.7, Avg: 6249362.7, Max: 6249362.7, Diff: 0.0]
   [Code Root Fixup: 0.6 ms]
   [Code Root Migration: 0.1 ms]
   [Clear CT: 0.5 ms]
   [Other: 8.6 ms]
      [Choose CSet: 0.0 ms]
      [Ref Proc: 4.4 ms]
      [Ref Enq: 0.3 ms]
      [Free CSet: 0.8 ms]
   [Eden: 298.0M(250.0M)->0.0B(506.0M) Survivors: 34.0M->26.0M Heap: 1916.0M(4096.0M)->1633.0M(4096.0M)]
 [Times: user=0.32 sys=0.00, real=0.17 secs] 
2016-08-30T15:20:19.807+0200: 6269.942: [GC pause (young), 0.2097920 secs]
   [Parallel Time: 198.9 ms, GC Workers: 2]
      [GC Worker Start (ms): Min: 6269943.8, Avg: 6269943.8, Max: 6269943.9, Diff: 0.0]
      [Ext Root Scanning (ms): Min: 51.9, Avg: 53.1, Max: 54.4, Diff: 2.5, Sum: 106.2]
      [Update RS (ms): Min: 59.3, Avg: 61.2, Max: 63.1, Diff: 3.7, Sum: 122.4]
         [Processed Buffers: Min: 407, Avg: 436.0, Max: 465, Diff: 58, Sum: 872]
      [Scan RS (ms): Min: 11.1, Avg: 11.3, Max: 11.6, Diff: 0.5, Sum: 22.7]
      [Code Root Scanning (ms): Min: 0.1, Avg: 0.2, Max: 0.2, Diff: 0.1, Sum: 0.3]
      [Object Copy (ms): Min: 72.0, Avg: 72.9, Max: 73.8, Diff: 1.8, Sum: 145.8]
      [Termination (ms): Min: 0.0, Avg: 0.0, Max: 0.0, Diff: 0.0, Sum: 0.0]
      [GC Worker Other (ms): Min: 0.1, Avg: 0.1, Max: 0.2, Diff: 0.1, Sum: 0.3]
      [GC Worker Total (ms): Min: 198.8, Avg: 198.8, Max: 198.9, Diff: 0.1, Sum: 397.6]
      [GC Worker End (ms): Min: 6270142.6, Avg: 6270142.7, Max: 6270142.7, Diff: 0.0]
   [Code Root Fixup: 0.6 ms]
   [Code Root Migration: 0.1 ms]
   [Clear CT: 0.5 ms]
   [Other: 9.7 ms]
      [Choose CSet: 0.0 ms]
      [Ref Proc: 5.0 ms]
      [Ref Enq: 0.3 ms]
      [Free CSet: 1.2 ms]
   [Eden: 490.0M(370.0M)->0.0B(314.0M) Survivors: 26.0M->50.0M Heap: 2123.0M(4096.0M)->1677.0M(4096.0M)]
 [Times: user=0.41 sys=0.00, real=0.21 secs] 
2016-08-30T15:20:30.283+0200: 6280.417: [GC pause (young), 0.2285260 secs]
   [Parallel Time: 218.8 ms, GC Workers: 2]
      [GC Worker Start (ms): Min: 6280419.7, Avg: 6280419.7, Max: 6280419.7, Diff: 0.0]
      [Ext Root Scanning (ms): Min: 53.1, Avg: 60.3, Max: 67.5, Diff: 14.4, Sum: 120.6]
      [Update RS (ms): Min: 36.2, Avg: 44.1, Max: 52.1, Diff: 15.9, Sum: 88.2]
         [Processed Buffers: Min: 371, Avg: 436.5, Max: 502, Diff: 131, Sum: 873]
      [Scan RS (ms): Min: 14.8, Avg: 15.1, Max: 15.3, Diff: 0.6, Sum: 30.1]
      [Code Root Scanning (ms): Min: 0.1, Avg: 0.1, Max: 0.1, Diff: 0.0, Sum: 0.2]
      [Object Copy (ms): Min: 98.0, Avg: 99.0, Max: 99.9, Diff: 1.9, Sum: 197.9]
      [Termination (ms): Min: 0.0, Avg: 0.1, Max: 0.2, Diff: 0.2, Sum: 0.2]
      [GC Worker Other (ms): Min: 0.1, Avg: 0.1, Max: 0.1, Diff: 0.0, Sum: 0.2]
      [GC Worker Total (ms): Min: 218.7, Avg: 218.8, Max: 218.8, Diff: 0.1, Sum: 437.5]
      [GC Worker End (ms): Min: 6280638.4, Avg: 6280638.5, Max: 6280638.5, Diff: 0.0]
   [Code Root Fixup: 0.4 ms]
   [Code Root Migration: 0.1 ms]
   [Clear CT: 1.0 ms]
   [Other: 8.3 ms]
      [Choose CSet: 0.0 ms]
      [Ref Proc: 3.1 ms]
      [Ref Enq: 0.3 ms]
      [Free CSet: 0.6 ms]
   [Eden: 246.0M(194.0M)->0.0B(278.0M) Survivors: 50.0M->26.0M Heap: 1923.0M(4096.0M)->1700.0M(4096.0M)]
 [Times: user=0.38 sys=0.01, real=0.23 secs] 
2016-08-30T15:20:40.858+0200: 6290.992: [GC pause (young), 0.1621170 secs]
   [Parallel Time: 153.4 ms, GC Workers: 2]
      [GC Worker Start (ms): Min: 6290994.2, Avg: 6290994.7, Max: 6290995.3, Diff: 1.1]
      [Ext Root Scanning (ms): Min: 50.0, Avg: 50.5, Max: 51.0, Diff: 1.0, Sum: 101.0]
      [Update RS (ms): Min: 44.0, Avg: 44.4, Max: 44.8, Diff: 0.8, Sum: 88.9]
         [Processed Buffers: Min: 409, Avg: 416.5, Max: 424, Diff: 15, Sum: 833]
      [Scan RS (ms): Min: 8.1, Avg: 8.1, Max: 8.1, Diff: 0.1, Sum: 16.2]
      [Code Root Scanning (ms): Min: 0.1, Avg: 0.1, Max: 0.1, Diff: 0.0, Sum: 0.2]
      [Object Copy (ms): Min: 48.9, Avg: 49.6, Max: 50.2, Diff: 1.3, Sum: 99.1]
      [Termination (ms): Min: 0.0, Avg: 0.0, Max: 0.0, Diff: 0.0, Sum: 0.0]
      [GC Worker Other (ms): Min: 0.2, Avg: 0.2, Max: 0.2, Diff: 0.0, Sum: 0.3]
      [GC Worker Total (ms): Min: 152.3, Avg: 152.8, Max: 153.4, Diff: 1.1, Sum: 305.7]
      [GC Worker End (ms): Min: 6291147.5, Avg: 6291147.5, Max: 6291147.5, Diff: 0.0]
   [Code Root Fixup: 0.5 ms]
   [Code Root Migration: 0.1 ms]
   [Clear CT: 0.5 ms]
   [Other: 7.6 ms]
      [Choose CSet: 0.0 ms]
      [Ref Proc: 3.6 ms]
      [Ref Enq: 0.3 ms]
      [Free CSet: 0.6 ms]
   [Eden: 278.0M(278.0M)->0.0B(298.0M) Survivors: 26.0M->32.0M Heap: 1978.0M(4096.0M)->1725.0M(4096.0M)]
 [Times: user=0.31 sys=0.00, real=0.17 secs] 
2016-08-30T15:20:50.952+0200: 6301.086: [GC pause (young), 0.2095760 secs]
   [Parallel Time: 202.4 ms, GC Workers: 2]
      [GC Worker Start (ms): Min: 6301088.3, Avg: 6301088.3, Max: 6301088.3, Diff: 0.0]
      [Ext Root Scanning (ms): Min: 60.8, Avg: 67.9, Max: 75.1, Diff: 14.3, Sum: 135.9]
      [Update RS (ms): Min: 68.0, Avg: 75.6, Max: 83.1, Diff: 15.2, Sum: 151.1]
         [Processed Buffers: Min: 376, Avg: 479.5, Max: 583, Diff: 207, Sum: 959]
      [Scan RS (ms): Min: 10.6, Avg: 12.4, Max: 14.3, Diff: 3.7, Sum: 24.9]
      [Code Root Scanning (ms): Min: 0.1, Avg: 0.1, Max: 0.1, Diff: 0.0, Sum: 0.2]
      [Object Copy (ms): Min: 43.9, Avg: 46.1, Max: 48.4, Diff: 4.5, Sum: 92.3]
      [Termination (ms): Min: 0.0, Avg: 0.0, Max: 0.0, Diff: 0.0, Sum: 0.0]
      [GC Worker Other (ms): Min: 0.1, Avg: 0.2, Max: 0.2, Diff: 0.0, Sum: 0.3]
      [GC Worker Total (ms): Min: 202.3, Avg: 202.4, Max: 202.4, Diff: 0.0, Sum: 404.7]
      [GC Worker End (ms): Min: 6301290.6, Avg: 6301290.6, Max: 6301290.6, Diff: 0.0]
   [Code Root Fixup: 0.2 ms]
   [Code Root Migration: 0.0 ms]
   [Clear CT: 0.4 ms]
   [Other: 6.5 ms]
      [Choose CSet: 0.0 ms]
      [Ref Proc: 2.8 ms]
      [Ref Enq: 0.2 ms]
      [Free CSet: 0.5 ms]
   [Eden: 298.0M(298.0M)->0.0B(196.0M) Survivors: 32.0M->34.0M Heap: 2023.0M(4096.0M)->1753.0M(4096.0M)]
 [Times: user=0.33 sys=0.01, real=0.21 secs] 
2016-08-30T15:20:58.609+0200: 6308.743: [GC pause (young), 0.1548120 secs]
   [Parallel Time: 147.5 ms, GC Workers: 2]
      [GC Worker Start (ms): Min: 6308744.7, Avg: 6308744.8, Max: 6308744.8, Diff: 0.0]
      [Ext Root Scanning (ms): Min: 49.7, Avg: 49.9, Max: 50.2, Diff: 0.5, Sum: 99.9]
      [Update RS (ms): Min: 37.1, Avg: 37.7, Max: 38.2, Diff: 1.1, Sum: 75.3]
         [Processed Buffers: Min: 359, Avg: 368.5, Max: 378, Diff: 19, Sum: 737]
      [Scan RS (ms): Min: 9.8, Avg: 10.1, Max: 10.4, Diff: 0.6, Sum: 20.2]
      [Code Root Scanning (ms): Min: 0.0, Avg: 0.1, Max: 0.1, Diff: 0.1, Sum: 0.1]
      [Object Copy (ms): Min: 49.0, Avg: 49.5, Max: 50.0, Diff: 0.9, Sum: 99.0]
      [Termination (ms): Min: 0.0, Avg: 0.0, Max: 0.0, Diff: 0.0, Sum: 0.0]
      [GC Worker Other (ms): Min: 0.1, Avg: 0.1, Max: 0.1, Diff: 0.0, Sum: 0.3]
      [GC Worker Total (ms): Min: 147.4, Avg: 147.4, Max: 147.4, Diff: 0.0, Sum: 294.8]
      [GC Worker End (ms): Min: 6308892.2, Avg: 6308892.2, Max: 6308892.2, Diff: 0.0]
   [Code Root Fixup: 0.4 ms]
   [Code Root Migration: 0.0 ms]
   [Clear CT: 0.5 ms]
   [Other: 6.4 ms]
      [Choose CSet: 0.0 ms]
      [Ref Proc: 2.7 ms]
      [Ref Enq: 0.2 ms]
      [Free CSet: 0.5 ms]
   [Eden: 196.0M(196.0M)->0.0B(360.0M) Survivors: 34.0M->20.0M Heap: 1949.0M(4096.0M)->1768.0M(4096.0M)]
 [Times: user=0.30 sys=0.00, real=0.16 secs] 
2016-08-30T15:21:11.503+0200: 6321.637: [GC pause (young), 0.1708700 secs]
   [Parallel Time: 163.3 ms, GC Workers: 2]
      [GC Worker Start (ms): Min: 6321639.2, Avg: 6321641.2, Max: 6321643.2, Diff: 4.0]
      [Ext Root Scanning (ms): Min: 51.5, Avg: 54.7, Max: 57.8, Diff: 6.3, Sum: 109.3]
      [Update RS (ms): Min: 54.1, Avg: 58.3, Max: 62.6, Diff: 8.5, Sum: 116.7]
         [Processed Buffers: Min: 442, Avg: 474.0, Max: 506, Diff: 64, Sum: 948]
      [Scan RS (ms): Min: 7.0, Avg: 7.6, Max: 8.3, Diff: 1.3, Sum: 15.3]
      [Code Root Scanning (ms): Min: 0.1, Avg: 0.1, Max: 0.2, Diff: 0.1, Sum: 0.2]
      [Object Copy (ms): Min: 38.0, Avg: 40.4, Max: 42.8, Diff: 4.8, Sum: 80.8]
      [Termination (ms): Min: 0.0, Avg: 0.0, Max: 0.0, Diff: 0.0, Sum: 0.0]
      [GC Worker Other (ms): Min: 0.1, Avg: 0.1, Max: 0.1, Diff: 0.0, Sum: 0.3]
      [GC Worker Total (ms): Min: 159.3, Avg: 161.3, Max: 163.3, Diff: 4.0, Sum: 322.6]
      [GC Worker End (ms): Min: 6321802.5, Avg: 6321802.5, Max: 6321802.5, Diff: 0.0]
   [Code Root Fixup: 0.2 ms]
   [Code Root Migration: 0.0 ms]
   [Clear CT: 0.4 ms]
   [Other: 6.9 ms]
      [Choose CSet: 0.0 ms]
      [Ref Proc: 3.1 ms]
      [Ref Enq: 0.2 ms]
      [Free CSet: 0.6 ms]
   [Eden: 360.0M(360.0M)->0.0B(260.0M) Survivors: 20.0M->48.0M Heap: 2128.0M(4096.0M)->1805.0M(4096.0M)]
 [Times: user=0.33 sys=0.00, real=0.18 secs] 
2016-08-30T15:21:16.594+0200: 6326.729: [GC pause (young), 0.1634880 secs]
   [Parallel Time: 156.4 ms, GC Workers: 2]
      [GC Worker Start (ms): Min: 6326730.4, Avg: 6326730.4, Max: 6326730.4, Diff: 0.0]
      [Ext Root Scanning (ms): Min: 50.9, Avg: 51.2, Max: 51.5, Diff: 0.6, Sum: 102.4]
      [Update RS (ms): Min: 38.0, Avg: 38.3, Max: 38.7, Diff: 0.7, Sum: 76.7]
         [Processed Buffers: Min: 414, Avg: 434.5, Max: 455, Diff: 41, Sum: 869]
      [Scan RS (ms): Min: 11.5, Avg: 11.8, Max: 12.2, Diff: 0.7, Sum: 23.7]
      [Code Root Scanning (ms): Min: 0.1, Avg: 0.1, Max: 0.1, Diff: 0.0, Sum: 0.1]
      [Object Copy (ms): Min: 54.3, Avg: 54.7, Max: 55.2, Diff: 0.9, Sum: 109.5]
      [Termination (ms): Min: 0.0, Avg: 0.0, Max: 0.0, Diff: 0.0, Sum: 0.0]
      [GC Worker Other (ms): Min: 0.1, Avg: 0.1, Max: 0.2, Diff: 0.1, Sum: 0.2]
      [GC Worker Total (ms): Min: 156.3, Avg: 156.3, Max: 156.3, Diff: 0.0, Sum: 312.6]
      [GC Worker End (ms): Min: 6326886.7, Avg: 6326886.7, Max: 6326886.7, Diff: 0.0]
   [Code Root Fixup: 0.4 ms]
   [Code Root Migration: 0.0 ms]
   [Clear CT: 0.5 ms]
   [Other: 6.2 ms]
      [Choose CSet: 0.0 ms]
      [Ref Proc: 2.2 ms]
      [Ref Enq: 0.2 ms]
      [Free CSet: 0.6 ms]
   [Eden: 168.0M(168.0M)->0.0B(540.0M) Survivors: 48.0M->16.0M Heap: 1973.0M(4096.0M)->1822.0M(4096.0M)]
 [Times: user=0.32 sys=0.00, real=0.17 secs] 
2016-08-30T15:21:34.814+0200: 6344.948: [GC pause (young), 0.1936790 secs]
   [Parallel Time: 182.3 ms, GC Workers: 2]
      [GC Worker Start (ms): Min: 6344950.4, Avg: 6344950.4, Max: 6344950.4, Diff: 0.0]
      [Ext Root Scanning (ms): Min: 50.9, Avg: 52.3, Max: 53.7, Diff: 2.8, Sum: 104.5]
      [Update RS (ms): Min: 60.9, Avg: 62.4, Max: 64.0, Diff: 3.2, Sum: 124.9]
         [Processed Buffers: Min: 450, Avg: 482.5, Max: 515, Diff: 65, Sum: 965]
      [Scan RS (ms): Min: 9.8, Avg: 9.8, Max: 9.8, Diff: 0.0, Sum: 19.6]
      [Code Root Scanning (ms): Min: 0.1, Avg: 0.2, Max: 0.2, Diff: 0.1, Sum: 0.3]
      [Object Copy (ms): Min: 57.2, Avg: 57.4, Max: 57.6, Diff: 0.4, Sum: 114.8]
      [Termination (ms): Min: 0.0, Avg: 0.0, Max: 0.0, Diff: 0.0, Sum: 0.0]
      [GC Worker Other (ms): Min: 0.1, Avg: 0.1, Max: 0.2, Diff: 0.0, Sum: 0.3]
      [GC Worker Total (ms): Min: 182.2, Avg: 182.2, Max: 182.2, Diff: 0.0, Sum: 364.4]
      [GC Worker End (ms): Min: 6345132.6, Avg: 6345132.6, Max: 6345132.6, Diff: 0.0]
   [Code Root Fixup: 0.4 ms]
   [Code Root Migration: 0.1 ms]
   [Clear CT: 0.6 ms]
   [Other: 10.3 ms]
      [Choose CSet: 0.0 ms]
      [Ref Proc: 5.6 ms]
      [Ref Enq: 0.4 ms]
      [Free CSet: 1.1 ms]
   [Eden: 438.0M(430.0M)->0.0B(240.0M) Survivors: 16.0M->46.0M Heap: 2260.0M(4096.0M)->1852.0M(4096.0M)]
 [Times: user=0.38 sys=0.00, real=0.20 secs] 
2016-08-30T15:21:40.261+0200: 6350.396: [GC pause (young), 0.1537580 secs]
   [Parallel Time: 147.2 ms, GC Workers: 2]
      [GC Worker Start (ms): Min: 6350397.0, Avg: 6350397.0, Max: 6350397.0, Diff: 0.0]
      [Ext Root Scanning (ms): Min: 50.2, Avg: 50.4, Max: 50.7, Diff: 0.6, Sum: 100.9]
      [Update RS (ms): Min: 34.1, Avg: 34.7, Max: 35.4, Diff: 1.3, Sum: 69.4]
         [Processed Buffers: Min: 326, Avg: 339.0, Max: 352, Diff: 26, Sum: 678]
      [Scan RS (ms): Min: 12.8, Avg: 13.2, Max: 13.7, Diff: 0.9, Sum: 26.4]
      [Code Root Scanning (ms): Min: 0.0, Avg: 0.1, Max: 0.1, Diff: 0.1, Sum: 0.1]
      [Object Copy (ms): Min: 48.1, Avg: 48.6, Max: 49.1, Diff: 1.0, Sum: 97.1]
      [Termination (ms): Min: 0.0, Avg: 0.0, Max: 0.0, Diff: 0.0, Sum: 0.0]
      [GC Worker Other (ms): Min: 0.1, Avg: 0.1, Max: 0.1, Diff: 0.1, Sum: 0.2]
      [GC Worker Total (ms): Min: 147.0, Avg: 147.1, Max: 147.1, Diff: 0.1, Sum: 294.1]
      [GC Worker End (ms): Min: 6350544.1, Avg: 6350544.1, Max: 6350544.1, Diff: 0.0]
   [Code Root Fixup: 0.4 ms]
   [Code Root Migration: 0.0 ms]
   [Clear CT: 0.5 ms]
   [Other: 5.6 ms]
      [Choose CSet: 0.0 ms]
      [Ref Proc: 1.9 ms]
      [Ref Enq: 0.2 ms]
      [Free CSet: 0.5 ms]
   [Eden: 158.0M(158.0M)->0.0B(600.0M) Survivors: 46.0M->16.0M Heap: 2010.0M(4096.0M)->1860.0M(4096.0M)]
 [Times: user=0.30 sys=0.00, real=0.15 secs] 
2016-08-30T15:22:00.811+0200: 6370.946: [GC pause (young) (initial-mark), 0.2123540 secs]
   [Parallel Time: 202.0 ms, GC Workers: 2]
      [GC Worker Start (ms): Min: 6370948.2, Avg: 6370948.2, Max: 6370948.2, Diff: 0.0]
      [Ext Root Scanning (ms): Min: 51.0, Avg: 51.5, Max: 52.1, Diff: 1.1, Sum: 103.1]
      [Code Root Marking (ms): Min: 12.7, Avg: 13.0, Max: 13.2, Diff: 0.5, Sum: 25.9]
      [Update RS (ms): Min: 62.2, Avg: 62.3, Max: 62.5, Diff: 0.2, Sum: 124.7]
         [Processed Buffers: Min: 429, Avg: 450.0, Max: 471, Diff: 42, Sum: 900]
      [Scan RS (ms): Min: 10.0, Avg: 10.1, Max: 10.2, Diff: 0.3, Sum: 20.2]
      [Code Root Scanning (ms): Min: 0.1, Avg: 0.2, Max: 0.2, Diff: 0.1, Sum: 0.3]
      [Object Copy (ms): Min: 64.1, Avg: 64.6, Max: 65.2, Diff: 1.1, Sum: 129.2]
      [Termination (ms): Min: 0.0, Avg: 0.0, Max: 0.0, Diff: 0.0, Sum: 0.0]
      [GC Worker Other (ms): Min: 0.2, Avg: 0.2, Max: 0.2, Diff: 0.0, Sum: 0.3]
      [GC Worker Total (ms): Min: 201.9, Avg: 201.9, Max: 201.9, Diff: 0.0, Sum: 403.8]
      [GC Worker End (ms): Min: 6371150.1, Avg: 6371150.1, Max: 6371150.1, Diff: 0.0]
   [Code Root Fixup: 0.2 ms]
   [Code Root Migration: 0.1 ms]
   [Clear CT: 0.5 ms]
   [Other: 9.6 ms]
      [Choose CSet: 0.0 ms]
      [Ref Proc: 4.4 ms]
      [Ref Enq: 0.2 ms]
      [Free CSet: 1.0 ms]
   [Eden: 478.0M(478.0M)->0.0B(196.0M) Survivors: 16.0M->50.0M Heap: 2338.0M(4096.0M)->1895.0M(4096.0M)]
 [Times: user=0.41 sys=0.00, real=0.21 secs] 
2016-08-30T15:22:01.024+0200: 6371.159: [GC concurrent-root-region-scan-start]
2016-08-30T15:22:01.067+0200: 6371.202: [GC concurrent-root-region-scan-end, 0.0430860 secs]
2016-08-30T15:22:01.067+0200: 6371.202: [GC concurrent-mark-start]
2016-08-30T15:22:02.212+0200: 6372.346: [GC concurrent-mark-end, 1.1441530 secs]
2016-08-30T15:22:02.214+0200: 6372.348: [GC remark 2016-08-30T15:22:02.216+0200: 6372.350: [GC ref-proc, 0.0668740 secs], 0.0853910 secs]
 [Times: user=0.10 sys=0.00, real=0.08 secs] 
2016-08-30T15:22:02.307+0200: 6372.442: [GC cleanup 1945M->1864M(4096M), 0.0270310 secs]
 [Times: user=0.06 sys=0.00, real=0.03 secs] 
2016-08-30T15:22:02.335+0200: 6372.469: [GC concurrent-cleanup-start]
2016-08-30T15:22:02.335+0200: 6372.470: [GC concurrent-cleanup-end, 0.0002620 secs]
2016-08-30T15:22:08.058+0200: 6378.192: [GC pause (young), 0.1664870 secs]
   [Parallel Time: 159.2 ms, GC Workers: 2]
      [GC Worker Start (ms): Min: 6378193.7, Avg: 6378193.7, Max: 6378193.8, Diff: 0.0]
      [Ext Root Scanning (ms): Min: 49.0, Avg: 49.4, Max: 49.7, Diff: 0.7, Sum: 98.7]
      [Update RS (ms): Min: 39.1, Avg: 39.1, Max: 39.1, Diff: 0.0, Sum: 78.2]
         [Processed Buffers: Min: 324, Avg: 339.0, Max: 354, Diff: 30, Sum: 678]
      [Scan RS (ms): Min: 13.2, Avg: 13.5, Max: 13.8, Diff: 0.6, Sum: 27.0]
      [Code Root Scanning (ms): Min: 0.1, Avg: 0.1, Max: 0.1, Diff: 0.0, Sum: 0.2]
      [Object Copy (ms): Min: 56.4, Avg: 57.0, Max: 57.6, Diff: 1.2, Sum: 113.9]
      [Termination (ms): Min: 0.0, Avg: 0.0, Max: 0.0, Diff: 0.0, Sum: 0.0]
      [GC Worker Other (ms): Min: 0.1, Avg: 0.1, Max: 0.2, Diff: 0.0, Sum: 0.3]
      [GC Worker Total (ms): Min: 159.2, Avg: 159.2, Max: 159.2, Diff: 0.0, Sum: 318.3]
      [GC Worker End (ms): Min: 6378352.9, Avg: 6378352.9, Max: 6378352.9, Diff: 0.0]
   [Code Root Fixup: 0.5 ms]
   [Code Root Migration: 0.0 ms]
   [Clear CT: 0.6 ms]
   [Other: 6.2 ms]
      [Choose CSet: 0.0 ms]
      [Ref Proc: 2.4 ms]
      [Ref Enq: 0.2 ms]
      [Free CSet: 0.6 ms]
   [Eden: 196.0M(196.0M)->0.0B(182.0M) Survivors: 50.0M->22.0M Heap: 2010.0M(4096.0M)->1818.0M(4096.0M)]
 [Times: user=0.32 sys=0.00, real=0.17 secs] 
2016-08-30T15:22:13.354+0200: 6383.489: [GC pause (mixed), 0.1681170 secs]
   [Parallel Time: 161.4 ms, GC Workers: 2]
      [GC Worker Start (ms): Min: 6383490.6, Avg: 6383490.6, Max: 6383490.7, Diff: 0.1]
      [Ext Root Scanning (ms): Min: 49.2, Avg: 49.7, Max: 50.1, Diff: 0.9, Sum: 99.3]
      [Update RS (ms): Min: 35.3, Avg: 35.6, Max: 35.9, Diff: 0.6, Sum: 71.2]
         [Processed Buffers: Min: 356, Avg: 373.0, Max: 390, Diff: 34, Sum: 746]
      [Scan RS (ms): Min: 22.8, Avg: 23.0, Max: 23.2, Diff: 0.4, Sum: 45.9]
      [Code Root Scanning (ms): Min: 0.1, Avg: 0.2, Max: 0.2, Diff: 0.1, Sum: 0.3]
      [Object Copy (ms): Min: 52.3, Avg: 52.8, Max: 53.3, Diff: 1.0, Sum: 105.6]
      [Termination (ms): Min: 0.0, Avg: 0.0, Max: 0.0, Diff: 0.0, Sum: 0.0]
      [GC Worker Other (ms): Min: 0.1, Avg: 0.1, Max: 0.1, Diff: 0.1, Sum: 0.2]
      [GC Worker Total (ms): Min: 161.2, Avg: 161.3, Max: 161.3, Diff: 0.1, Sum: 322.6]
      [GC Worker End (ms): Min: 6383651.9, Avg: 6383651.9, Max: 6383651.9, Diff: 0.0]
   [Code Root Fixup: 0.2 ms]
   [Code Root Migration: 0.1 ms]
   [Clear CT: 0.6 ms]
   [Other: 5.8 ms]
      [Choose CSet: 0.2 ms]
      [Ref Proc: 1.4 ms]
      [Ref Enq: 0.1 ms]
      [Free CSet: 1.3 ms]
   [Eden: 182.0M(182.0M)->0.0B(178.0M) Survivors: 22.0M->26.0M Heap: 2000.0M(4096.0M)->1556.0M(4096.0M)]
 [Times: user=0.32 sys=0.00, real=0.17 secs] 
2016-08-30T15:22:20.621+0200: 6390.755: [GC pause (mixed), 0.1860010 secs]
   [Parallel Time: 177.0 ms, GC Workers: 2]
      [GC Worker Start (ms): Min: 6390757.3, Avg: 6390757.3, Max: 6390757.3, Diff: 0.0]
      [Ext Root Scanning (ms): Min: 51.0, Avg: 51.5, Max: 51.9, Diff: 1.0, Sum: 102.9]
      [Update RS (ms): Min: 37.0, Avg: 37.1, Max: 37.2, Diff: 0.2, Sum: 74.3]
         [Processed Buffers: Min: 333, Avg: 381.0, Max: 429, Diff: 96, Sum: 762]
      [Scan RS (ms): Min: 39.9, Avg: 40.0, Max: 40.2, Diff: 0.3, Sum: 80.1]
      [Code Root Scanning (ms): Min: 0.1, Avg: 0.2, Max: 0.3, Diff: 0.2, Sum: 0.4]
      [Object Copy (ms): Min: 47.5, Avg: 47.7, Max: 47.9, Diff: 0.4, Sum: 95.4]
      [Termination (ms): Min: 0.0, Avg: 0.0, Max: 0.0, Diff: 0.0, Sum: 0.0]
      [GC Worker Other (ms): Min: 0.2, Avg: 0.3, Max: 0.5, Diff: 0.3, Sum: 0.7]
      [GC Worker Total (ms): Min: 176.9, Avg: 176.9, Max: 176.9, Diff: 0.0, Sum: 353.8]
      [GC Worker End (ms): Min: 6390934.2, Avg: 6390934.2, Max: 6390934.2, Diff: 0.0]
   [Code Root Fixup: 0.4 ms]
   [Code Root Migration: 0.1 ms]
   [Clear CT: 0.6 ms]
   [Other: 7.9 ms]
      [Choose CSet: 0.4 ms]
      [Ref Proc: 2.1 ms]
      [Ref Enq: 0.2 ms]
      [Free CSet: 1.5 ms]
   [Eden: 178.0M(178.0M)->0.0B(188.0M) Survivors: 26.0M->16.0M Heap: 1734.0M(4096.0M)->1391.0M(4096.0M)]
 [Times: user=0.36 sys=0.00, real=0.19 secs] 
2016-08-30T15:22:28.104+0200: 6398.238: [GC pause (mixed), 0.2272520 secs]
   [Parallel Time: 219.6 ms, GC Workers: 2]
      [GC Worker Start (ms): Min: 6398240.5, Avg: 6398240.5, Max: 6398240.5, Diff: 0.0]
      [Ext Root Scanning (ms): Min: 50.6, Avg: 50.7, Max: 50.8, Diff: 0.2, Sum: 101.4]
      [Update RS (ms): Min: 37.3, Avg: 37.4, Max: 37.5, Diff: 0.3, Sum: 74.8]
         [Processed Buffers: Min: 361, Avg: 362.5, Max: 364, Diff: 3, Sum: 725]
      [Scan RS (ms): Min: 67.1, Avg: 67.5, Max: 67.8, Diff: 0.7, Sum: 135.0]
      [Code Root Scanning (ms): Min: 0.1, Avg: 0.2, Max: 0.2, Diff: 0.1, Sum: 0.4]
      [Object Copy (ms): Min: 63.5, Avg: 63.5, Max: 63.6, Diff: 0.1, Sum: 127.1]
      [Termination (ms): Min: 0.0, Avg: 0.0, Max: 0.0, Diff: 0.0, Sum: 0.0]
      [GC Worker Other (ms): Min: 0.1, Avg: 0.1, Max: 0.1, Diff: 0.0, Sum: 0.3]
      [GC Worker Total (ms): Min: 219.4, Avg: 219.4, Max: 219.4, Diff: 0.0, Sum: 438.8]
      [GC Worker End (ms): Min: 6398459.9, Avg: 6398459.9, Max: 6398459.9, Diff: 0.0]
   [Code Root Fixup: 0.2 ms]
   [Code Root Migration: 0.1 ms]
   [Clear CT: 1.0 ms]
   [Other: 6.4 ms]
      [Choose CSet: 0.6 ms]
      [Ref Proc: 1.6 ms]
      [Ref Enq: 0.1 ms]
      [Free CSet: 1.3 ms]
   [Eden: 188.0M(188.0M)->0.0B(184.0M) Survivors: 16.0M->20.0M Heap: 1579.0M(4096.0M)->1243.0M(4096.0M)]
 [Times: user=0.42 sys=0.00, real=0.23 secs] 
2016-08-30T15:22:35.624+0200: 6405.758: [GC pause (mixed), 0.2490860 secs]
   [Parallel Time: 240.0 ms, GC Workers: 2]
      [GC Worker Start (ms): Min: 6405760.4, Avg: 6405761.1, Max: 6405761.7, Diff: 1.3]
      [Ext Root Scanning (ms): Min: 49.2, Avg: 49.8, Max: 50.5, Diff: 1.3, Sum: 99.7]
      [Update RS (ms): Min: 32.8, Avg: 32.8, Max: 32.8, Diff: 0.0, Sum: 65.5]
         [Processed Buffers: Min: 322, Avg: 371.5, Max: 421, Diff: 99, Sum: 743]
      [Scan RS (ms): Min: 72.2, Avg: 72.3, Max: 72.4, Diff: 0.1, Sum: 144.6]
      [Code Root Scanning (ms): Min: 0.1, Avg: 0.1, Max: 0.2, Diff: 0.1, Sum: 0.2]
      [Object Copy (ms): Min: 84.1, Avg: 84.2, Max: 84.2, Diff: 0.1, Sum: 168.4]
      [Termination (ms): Min: 0.0, Avg: 0.0, Max: 0.0, Diff: 0.0, Sum: 0.0]
      [GC Worker Other (ms): Min: 0.1, Avg: 0.1, Max: 0.2, Diff: 0.0, Sum: 0.3]
      [GC Worker Total (ms): Min: 238.7, Avg: 239.3, Max: 240.0, Diff: 1.3, Sum: 478.6]
      [GC Worker End (ms): Min: 6406000.4, Avg: 6406000.4, Max: 6406000.4, Diff: 0.0]
   [Code Root Fixup: 0.5 ms]
   [Code Root Migration: 0.1 ms]
   [Clear CT: 0.6 ms]
   [Other: 7.9 ms]
      [Choose CSet: 0.9 ms]
      [Ref Proc: 1.8 ms]
      [Ref Enq: 0.2 ms]
      [Free CSet: 1.6 ms]
   [Eden: 184.0M(184.0M)->0.0B(184.0M) Survivors: 20.0M->20.0M Heap: 1427.0M(4096.0M)->1104.0M(4096.0M)]
 [Times: user=0.49 sys=0.00, real=0.25 secs] 
2016-08-30T15:22:42.090+0200: 6412.225: [GC pause (mixed), 0.2007750 secs]
   [Parallel Time: 194.2 ms, GC Workers: 2]
      [GC Worker Start (ms): Min: 6412226.5, Avg: 6412226.5, Max: 6412226.5, Diff: 0.0]
      [Ext Root Scanning (ms): Min: 50.1, Avg: 50.3, Max: 50.4, Diff: 0.4, Sum: 100.5]
      [Update RS (ms): Min: 37.4, Avg: 37.5, Max: 37.6, Diff: 0.3, Sum: 75.0]
         [Processed Buffers: Min: 390, Avg: 404.5, Max: 419, Diff: 29, Sum: 809]
      [Scan RS (ms): Min: 50.6, Avg: 50.9, Max: 51.1, Diff: 0.6, Sum: 101.7]
      [Code Root Scanning (ms): Min: 0.1, Avg: 0.1, Max: 0.2, Diff: 0.1, Sum: 0.3]
      [Object Copy (ms): Min: 55.2, Avg: 55.2, Max: 55.2, Diff: 0.1, Sum: 110.4]
      [Termination (ms): Min: 0.0, Avg: 0.0, Max: 0.0, Diff: 0.0, Sum: 0.0]
      [GC Worker Other (ms): Min: 0.1, Avg: 0.1, Max: 0.1, Diff: 0.0, Sum: 0.3]
      [GC Worker Total (ms): Min: 194.1, Avg: 194.1, Max: 194.1, Diff: 0.0, Sum: 388.2]
      [GC Worker End (ms): Min: 6412420.6, Avg: 6412420.6, Max: 6412420.6, Diff: 0.0]
   [Code Root Fixup: 0.3 ms]
   [Code Root Migration: 0.1 ms]
   [Clear CT: 0.7 ms]
   [Other: 5.6 ms]
      [Choose CSet: 0.3 ms]
      [Ref Proc: 1.4 ms]
      [Ref Enq: 0.1 ms]
      [Free CSet: 0.8 ms]
   [Eden: 184.0M(184.0M)->0.0B(180.0M) Survivors: 20.0M->24.0M Heap: 1288.0M(4096.0M)->1077.0M(4096.0M)]
 [Times: user=0.39 sys=0.00, real=0.20 secs] 
2016-08-30T15:22:49.938+0200: 6420.073: [GC pause (young), 0.1604420 secs]
   [Parallel Time: 153.7 ms, GC Workers: 2]
      [GC Worker Start (ms): Min: 6420074.4, Avg: 6420074.4, Max: 6420074.4, Diff: 0.0]
      [Ext Root Scanning (ms): Min: 49.8, Avg: 58.8, Max: 67.7, Diff: 17.9, Sum: 117.5]
      [Update RS (ms): Min: 33.1, Avg: 42.4, Max: 51.8, Diff: 18.7, Sum: 84.9]
         [Processed Buffers: Min: 229, Avg: 389.0, Max: 549, Diff: 320, Sum: 778]
      [Scan RS (ms): Min: 7.3, Avg: 7.9, Max: 8.5, Diff: 1.3, Sum: 15.8]
      [Code Root Scanning (ms): Min: 0.0, Avg: 0.1, Max: 0.1, Diff: 0.1, Sum: 0.1]
      [Object Copy (ms): Min: 43.2, Avg: 44.2, Max: 45.3, Diff: 2.1, Sum: 88.5]
      [Termination (ms): Min: 0.0, Avg: 0.0, Max: 0.0, Diff: 0.0, Sum: 0.0]
      [GC Worker Other (ms): Min: 0.1, Avg: 0.1, Max: 0.2, Diff: 0.0, Sum: 0.3]
      [GC Worker Total (ms): Min: 153.5, Avg: 153.5, Max: 153.6, Diff: 0.0, Sum: 307.1]
      [GC Worker End (ms): Min: 6420227.9, Avg: 6420227.9, Max: 6420227.9, Diff: 0.0]
   [Code Root Fixup: 0.5 ms]
   [Code Root Migration: 0.0 ms]
   [Clear CT: 0.4 ms]
   [Other: 5.8 ms]
      [Choose CSet: 0.0 ms]
      [Ref Proc: 2.2 ms]
      [Ref Enq: 0.2 ms]
      [Free CSet: 0.5 ms]
   [Eden: 180.0M(180.0M)->0.0B(184.0M) Survivors: 24.0M->20.0M Heap: 1257.0M(4096.0M)->1093.0M(4096.0M)]
 [Times: user=0.31 sys=0.00, real=0.17 secs] 
2016-08-30T15:22:56.715+0200: 6426.849: [GC pause (young), 0.1360880 secs]
   [Parallel Time: 129.7 ms, GC Workers: 2]
      [GC Worker Start (ms): Min: 6426850.7, Avg: 6426850.7, Max: 6426850.8, Diff: 0.1]
      [Ext Root Scanning (ms): Min: 49.8, Avg: 49.9, Max: 50.1, Diff: 0.3, Sum: 99.9]
      [Update RS (ms): Min: 35.7, Avg: 35.9, Max: 36.0, Diff: 0.3, Sum: 71.8]
         [Processed Buffers: Min: 357, Avg: 360.5, Max: 364, Diff: 7, Sum: 721]
      [Scan RS (ms): Min: 6.6, Avg: 6.7, Max: 6.8, Diff: 0.3, Sum: 13.4]
      [Code Root Scanning (ms): Min: 0.1, Avg: 0.1, Max: 0.1, Diff: 0.0, Sum: 0.2]
      [Object Copy (ms): Min: 36.7, Avg: 36.9, Max: 37.1, Diff: 0.4, Sum: 73.8]
      [Termination (ms): Min: 0.0, Avg: 0.0, Max: 0.0, Diff: 0.0, Sum: 0.0]
      [GC Worker Other (ms): Min: 0.0, Avg: 0.1, Max: 0.1, Diff: 0.1, Sum: 0.2]
      [GC Worker Total (ms): Min: 129.5, Avg: 129.6, Max: 129.7, Diff: 0.1, Sum: 259.2]
      [GC Worker End (ms): Min: 6426980.3, Avg: 6426980.3, Max: 6426980.4, Diff: 0.0]
   [Code Root Fixup: 0.4 ms]
   [Code Root Migration: 0.0 ms]
   [Clear CT: 0.4 ms]
   [Other: 5.6 ms]
      [Choose CSet: 0.0 ms]
      [Ref Proc: 2.1 ms]
      [Ref Enq: 0.2 ms]
      [Free CSet: 0.5 ms]
   [Eden: 184.0M(184.0M)->0.0B(182.0M) Survivors: 20.0M->22.0M Heap: 1277.0M(4096.0M)->1108.0M(4096.0M)]
 [Times: user=0.27 sys=0.00, real=0.14 secs] 
2016-08-30T15:23:03.383+0200: 6433.518: [GC pause (young), 0.1435990 secs]
   [Parallel Time: 138.1 ms, GC Workers: 2]
      [GC Worker Start (ms): Min: 6433519.3, Avg: 6433519.4, Max: 6433519.4, Diff: 0.0]
      [Ext Root Scanning (ms): Min: 50.8, Avg: 52.3, Max: 53.8, Diff: 3.0, Sum: 104.6]
      [Update RS (ms): Min: 35.0, Avg: 37.3, Max: 39.6, Diff: 4.6, Sum: 74.7]
         [Processed Buffers: Min: 349, Avg: 350.5, Max: 352, Diff: 3, Sum: 701]
      [Scan RS (ms): Min: 5.6, Avg: 6.1, Max: 6.6, Diff: 1.1, Sum: 12.2]
      [Code Root Scanning (ms): Min: 0.1, Avg: 0.1, Max: 0.1, Diff: 0.0, Sum: 0.2]
      [Object Copy (ms): Min: 41.8, Avg: 42.1, Max: 42.4, Diff: 0.6, Sum: 84.2]
      [Termination (ms): Min: 0.0, Avg: 0.0, Max: 0.0, Diff: 0.0, Sum: 0.0]
      [GC Worker Other (ms): Min: 0.1, Avg: 0.1, Max: 0.1, Diff: 0.0, Sum: 0.3]
      [GC Worker Total (ms): Min: 138.0, Avg: 138.1, Max: 138.1, Diff: 0.0, Sum: 276.1]
      [GC Worker End (ms): Min: 6433657.4, Avg: 6433657.4, Max: 6433657.4, Diff: 0.0]
   [Code Root Fixup: 0.3 ms]
   [Code Root Migration: 0.0 ms]
   [Clear CT: 0.4 ms]
   [Other: 4.8 ms]
      [Choose CSet: 0.0 ms]
      [Ref Proc: 1.6 ms]
      [Ref Enq: 0.1 ms]
      [Free CSet: 0.4 ms]
   [Eden: 182.0M(182.0M)->0.0B(182.0M) Survivors: 22.0M->22.0M Heap: 1290.0M(4096.0M)->1127.0M(4096.0M)]
 [Times: user=0.27 sys=0.00, real=0.14 secs] 
2016-08-30T15:23:09.967+0200: 6440.102: [GC pause (young), 0.2266780 secs]
   [Parallel Time: 221.6 ms, GC Workers: 2]
      [GC Worker Start (ms): Min: 6440103.0, Avg: 6440103.0, Max: 6440103.0, Diff: 0.0]
      [Ext Root Scanning (ms): Min: 90.1, Avg: 92.5, Max: 94.9, Diff: 4.8, Sum: 184.9]
      [Update RS (ms): Min: 72.3, Avg: 77.3, Max: 82.2, Diff: 9.9, Sum: 154.5]
         [Processed Buffers: Min: 371, Avg: 387.0, Max: 403, Diff: 32, Sum: 774]
      [Scan RS (ms): Min: 8.9, Avg: 9.3, Max: 9.7, Diff: 0.8, Sum: 18.6]
      [Code Root Scanning (ms): Min: 0.0, Avg: 0.0, Max: 0.0, Diff: 0.0, Sum: 0.1]
      [Object Copy (ms): Min: 39.5, Avg: 42.3, Max: 45.2, Diff: 5.7, Sum: 84.6]
      [Termination (ms): Min: 0.0, Avg: 0.1, Max: 0.1, Diff: 0.1, Sum: 0.1]
      [GC Worker Other (ms): Min: 0.0, Avg: 0.1, Max: 0.1, Diff: 0.1, Sum: 0.2]
      [GC Worker Total (ms): Min: 221.5, Avg: 221.5, Max: 221.5, Diff: 0.0, Sum: 443.1]
      [GC Worker End (ms): Min: 6440324.5, Avg: 6440324.6, Max: 6440324.6, Diff: 0.0]
   [Code Root Fixup: 0.3 ms]
   [Code Root Migration: 0.0 ms]
   [Clear CT: 0.5 ms]
   [Other: 4.3 ms]
      [Choose CSet: 0.0 ms]
      [Ref Proc: 1.5 ms]
      [Ref Enq: 0.1 ms]
      [Free CSet: 0.3 ms]
   [Eden: 182.0M(182.0M)->0.0B(186.0M) Survivors: 22.0M->18.0M Heap: 1309.0M(4096.0M)->1143.0M(4096.0M)]
 [Times: user=0.23 sys=0.00, real=0.23 secs] 
2016-08-30T15:23:14.842+0200: 6444.977: [GC pause (young), 0.1415280 secs]
   [Parallel Time: 135.0 ms, GC Workers: 2]
      [GC Worker Start (ms): Min: 6444978.5, Avg: 6444979.9, Max: 6444981.3, Diff: 2.8]
      [Ext Root Scanning (ms): Min: 49.3, Avg: 50.7, Max: 52.0, Diff: 2.7, Sum: 101.4]
      [Update RS (ms): Min: 37.4, Avg: 37.5, Max: 37.6, Diff: 0.1, Sum: 75.0]
         [Processed Buffers: Min: 416, Avg: 449.5, Max: 483, Diff: 67, Sum: 899]
      [Scan RS (ms): Min: 6.8, Avg: 6.8, Max: 6.9, Diff: 0.1, Sum: 13.7]
      [Code Root Scanning (ms): Min: 0.1, Avg: 0.1, Max: 0.1, Diff: 0.0, Sum: 0.1]
      [Object Copy (ms): Min: 38.4, Avg: 38.4, Max: 38.5, Diff: 0.1, Sum: 76.8]
      [Termination (ms): Min: 0.0, Avg: 0.0, Max: 0.0, Diff: 0.0, Sum: 0.0]
      [GC Worker Other (ms): Min: 0.0, Avg: 0.1, Max: 0.1, Diff: 0.0, Sum: 0.1]
      [GC Worker Total (ms): Min: 132.1, Avg: 133.5, Max: 135.0, Diff: 2.8, Sum: 267.1]
      [GC Worker End (ms): Min: 6445113.4, Avg: 6445113.4, Max: 6445113.4, Diff: 0.0]
   [Code Root Fixup: 0.4 ms]
   [Code Root Migration: 0.0 ms]
   [Clear CT: 0.4 ms]
   [Other: 5.7 ms]
      [Choose CSet: 0.0 ms]
      [Ref Proc: 2.0 ms]
      [Ref Enq: 0.2 ms]
      [Free CSet: 0.5 ms]
   [Eden: 186.0M(186.0M)->0.0B(180.0M) Survivors: 18.0M->24.0M Heap: 1329.0M(4096.0M)->1162.0M(4096.0M)]
 [Times: user=0.27 sys=0.01, real=0.15 secs] 
2016-08-30T15:23:20.590+0200: 6450.724: [GC pause (young), 0.1496000 secs]
   [Parallel Time: 142.5 ms, GC Workers: 2]
      [GC Worker Start (ms): Min: 6450725.6, Avg: 6450725.6, Max: 6450725.6, Diff: 0.0]
      [Ext Root Scanning (ms): Min: 51.3, Avg: 51.7, Max: 52.0, Diff: 0.6, Sum: 103.3]
      [Update RS (ms): Min: 40.6, Avg: 41.0, Max: 41.4, Diff: 0.8, Sum: 82.1]
         [Processed Buffers: Min: 395, Avg: 419.5, Max: 444, Diff: 49, Sum: 839]
      [Scan RS (ms): Min: 8.3, Avg: 8.6, Max: 8.9, Diff: 0.6, Sum: 17.2]
      [Code Root Scanning (ms): Min: 0.0, Avg: 0.1, Max: 0.1, Diff: 0.1, Sum: 0.1]
      [Object Copy (ms): Min: 40.7, Avg: 40.9, Max: 41.1, Diff: 0.4, Sum: 81.8]
      [Termination (ms): Min: 0.0, Avg: 0.0, Max: 0.0, Diff: 0.0, Sum: 0.0]
      [GC Worker Other (ms): Min: 0.0, Avg: 0.1, Max: 0.1, Diff: 0.1, Sum: 0.1]
      [GC Worker Total (ms): Min: 142.3, Avg: 142.3, Max: 142.4, Diff: 0.0, Sum: 284.7]
      [GC Worker End (ms): Min: 6450868.0, Avg: 6450868.0, Max: 6450868.0, Diff: 0.0]
   [Code Root Fixup: 0.5 ms]
   [Code Root Migration: 0.0 ms]
   [Clear CT: 0.5 ms]
   [Other: 6.1 ms]
      [Choose CSet: 0.0 ms]
      [Ref Proc: 2.5 ms]
      [Ref Enq: 0.2 ms]
      [Free CSet: 0.5 ms]
   [Eden: 180.0M(180.0M)->0.0B(188.0M) Survivors: 24.0M->16.0M Heap: 1342.0M(4096.0M)->1177.0M(4096.0M)]
 [Times: user=0.29 sys=0.00, real=0.15 secs] 
2016-08-30T15:23:27.643+0200: 6457.777: [GC pause (young), 0.1710160 secs]
   [Parallel Time: 165.0 ms, GC Workers: 2]
      [GC Worker Start (ms): Min: 6457778.8, Avg: 6457779.4, Max: 6457780.0, Diff: 1.2]
      [Ext Root Scanning (ms): Min: 65.7, Avg: 77.1, Max: 88.4, Diff: 22.7, Sum: 154.1]
      [Update RS (ms): Min: 25.9, Avg: 40.0, Max: 54.1, Diff: 28.2, Sum: 80.0]
         [Processed Buffers: Min: 327, Avg: 392.0, Max: 457, Diff: 130, Sum: 784]
      [Scan RS (ms): Min: 8.0, Avg: 8.2, Max: 8.4, Diff: 0.4, Sum: 16.5]
      [Code Root Scanning (ms): Min: 0.0, Avg: 0.0, Max: 0.1, Diff: 0.0, Sum: 0.1]
      [Object Copy (ms): Min: 36.9, Avg: 38.8, Max: 40.8, Diff: 3.9, Sum: 77.7]
      [Termination (ms): Min: 0.0, Avg: 0.0, Max: 0.0, Diff: 0.0, Sum: 0.0]
      [GC Worker Other (ms): Min: 0.1, Avg: 0.1, Max: 0.1, Diff: 0.0, Sum: 0.2]
      [GC Worker Total (ms): Min: 163.7, Avg: 164.3, Max: 164.9, Diff: 1.2, Sum: 328.6]
      [GC Worker End (ms): Min: 6457943.7, Avg: 6457943.7, Max: 6457943.7, Diff: 0.0]
   [Code Root Fixup: 0.3 ms]
   [Code Root Migration: 0.0 ms]
   [Clear CT: 0.3 ms]
   [Other: 5.4 ms]
      [Choose CSet: 0.0 ms]
      [Ref Proc: 2.7 ms]
      [Ref Enq: 0.1 ms]
      [Free CSet: 0.3 ms]
   [Eden: 188.0M(188.0M)->0.0B(184.0M) Survivors: 16.0M->20.0M Heap: 1365.0M(4096.0M)->1195.0M(4096.0M)]
 [Times: user=0.21 sys=0.01, real=0.17 secs] 
2016-08-30T15:23:33.577+0200: 6463.711: [GC pause (young), 0.1179490 secs]
   [Parallel Time: 113.2 ms, GC Workers: 2]
      [GC Worker Start (ms): Min: 6463712.9, Avg: 6463712.9, Max: 6463712.9, Diff: 0.1]
      [Ext Root Scanning (ms): Min: 49.3, Avg: 49.5, Max: 49.8, Diff: 0.5, Sum: 99.1]
      [Update RS (ms): Min: 28.0, Avg: 29.3, Max: 30.6, Diff: 2.5, Sum: 58.6]
         [Processed Buffers: Min: 317, Avg: 384.0, Max: 451, Diff: 134, Sum: 768]
      [Scan RS (ms): Min: 4.6, Avg: 5.0, Max: 5.5, Diff: 0.9, Sum: 10.0]
      [Code Root Scanning (ms): Min: 0.0, Avg: 0.0, Max: 0.1, Diff: 0.0, Sum: 0.1]
      [Object Copy (ms): Min: 28.5, Avg: 29.1, Max: 29.6, Diff: 1.1, Sum: 58.2]
      [Termination (ms): Min: 0.0, Avg: 0.0, Max: 0.0, Diff: 0.0, Sum: 0.0]
      [GC Worker Other (ms): Min: 0.1, Avg: 0.1, Max: 0.2, Diff: 0.0, Sum: 0.3]
      [GC Worker Total (ms): Min: 113.1, Avg: 113.1, Max: 113.1, Diff: 0.1, Sum: 226.2]
      [GC Worker End (ms): Min: 6463826.0, Avg: 6463826.0, Max: 6463826.0, Diff: 0.0]
   [Code Root Fixup: 0.2 ms]
   [Code Root Migration: 0.0 ms]
   [Clear CT: 0.3 ms]
   [Other: 4.2 ms]
      [Choose CSet: 0.0 ms]
      [Ref Proc: 1.4 ms]
      [Ref Enq: 0.1 ms]
      [Free CSet: 0.3 ms]
   [Eden: 184.0M(184.0M)->0.0B(376.0M) Survivors: 20.0M->20.0M Heap: 1379.0M(4096.0M)->1209.0M(4096.0M)]
 [Times: user=0.23 sys=0.00, real=0.12 secs] 
2016-08-30T15:23:47.251+0200: 6477.385: [GC pause (young), 0.3036440 secs]
   [Parallel Time: 297.7 ms, GC Workers: 2]
      [GC Worker Start (ms): Min: 6477386.4, Avg: 6477386.4, Max: 6477386.4, Diff: 0.0]
      [Ext Root Scanning (ms): Min: 59.1, Avg: 72.2, Max: 85.3, Diff: 26.2, Sum: 144.3]
      [Update RS (ms): Min: 100.7, Avg: 107.7, Max: 114.7, Diff: 13.9, Sum: 215.4]
         [Processed Buffers: Min: 407, Avg: 479.0, Max: 551, Diff: 144, Sum: 958]
      [Scan RS (ms): Min: 5.6, Avg: 11.7, Max: 17.8, Diff: 12.2, Sum: 23.5]
      [Code Root Scanning (ms): Min: 0.1, Avg: 0.1, Max: 0.1, Diff: 0.0, Sum: 0.1]
      [Object Copy (ms): Min: 90.9, Avg: 91.5, Max: 92.1, Diff: 1.3, Sum: 183.0]
      [Termination (ms): Min: 0.0, Avg: 7.5, Max: 15.0, Diff: 15.0, Sum: 15.0]
      [GC Worker Other (ms): Min: 0.1, Avg: 0.1, Max: 0.1, Diff: 0.0, Sum: 0.2]
      [GC Worker Total (ms): Min: 283.9, Avg: 290.7, Max: 297.6, Diff: 13.7, Sum: 581.5]
      [GC Worker End (ms): Min: 6477670.2, Avg: 6477677.1, Max: 6477684.0, Diff: 13.8]
   [Code Root Fixup: 0.3 ms]
   [Code Root Migration: 0.0 ms]
   [Clear CT: 0.5 ms]
   [Other: 5.2 ms]
      [Choose CSet: 0.0 ms]
      [Ref Proc: 2.4 ms]
      [Ref Enq: 0.2 ms]
      [Free CSet: 0.5 ms]
   [Eden: 376.0M(376.0M)->0.0B(154.0M) Survivors: 20.0M->50.0M Heap: 1585.0M(4096.0M)->1241.0M(4096.0M)]
 [Times: user=0.18 sys=0.00, real=0.30 secs] 
2016-08-30T15:23:52.897+0200: 6483.031: [GC pause (young), 0.1572590 secs]
   [Parallel Time: 150.6 ms, GC Workers: 2]
      [GC Worker Start (ms): Min: 6483032.4, Avg: 6483032.4, Max: 6483032.4, Diff: 0.0]
      [Ext Root Scanning (ms): Min: 50.0, Avg: 50.0, Max: 50.1, Diff: 0.1, Sum: 100.1]
      [Update RS (ms): Min: 31.1, Avg: 31.3, Max: 31.4, Diff: 0.2, Sum: 62.5]
         [Processed Buffers: Min: 294, Avg: 299.0, Max: 304, Diff: 10, Sum: 598]
      [Scan RS (ms): Min: 12.9, Avg: 13.3, Max: 13.7, Diff: 0.8, Sum: 26.5]
      [Code Root Scanning (ms): Min: 0.0, Avg: 0.1, Max: 0.1, Diff: 0.1, Sum: 0.1]
      [Object Copy (ms): Min: 55.2, Avg: 55.7, Max: 56.2, Diff: 1.1, Sum: 111.4]
      [Termination (ms): Min: 0.0, Avg: 0.0, Max: 0.0, Diff: 0.0, Sum: 0.0]
      [GC Worker Other (ms): Min: 0.1, Avg: 0.1, Max: 0.2, Diff: 0.0, Sum: 0.3]
      [GC Worker Total (ms): Min: 150.5, Avg: 150.5, Max: 150.5, Diff: 0.0, Sum: 301.0]
      [GC Worker End (ms): Min: 6483182.9, Avg: 6483182.9, Max: 6483182.9, Diff: 0.0]
   [Code Root Fixup: 0.5 ms]
   [Code Root Migration: 0.0 ms]
   [Clear CT: 0.5 ms]
   [Other: 5.7 ms]
      [Choose CSet: 0.0 ms]
      [Ref Proc: 2.1 ms]
      [Ref Enq: 0.2 ms]
      [Free CSet: 0.5 ms]
   [Eden: 154.0M(154.0M)->0.0B(186.0M) Survivors: 50.0M->18.0M Heap: 1395.0M(4096.0M)->1248.0M(4096.0M)]
 [Times: user=0.31 sys=0.00, real=0.16 secs] 
2016-08-30T15:24:02.044+0200: 6492.178: [GC pause (young), 0.1360880 secs]
   [Parallel Time: 129.8 ms, GC Workers: 2]
      [GC Worker Start (ms): Min: 6492179.7, Avg: 6492179.9, Max: 6492180.0, Diff: 0.3]
      [Ext Root Scanning (ms): Min: 49.9, Avg: 50.1, Max: 50.3, Diff: 0.3, Sum: 100.2]
      [Update RS (ms): Min: 37.3, Avg: 37.8, Max: 38.2, Diff: 0.9, Sum: 75.5]
         [Processed Buffers: Min: 347, Avg: 365.0, Max: 383, Diff: 36, Sum: 730]
      [Scan RS (ms): Min: 5.3, Avg: 5.7, Max: 6.1, Diff: 0.8, Sum: 11.4]
      [Code Root Scanning (ms): Min: 0.0, Avg: 0.1, Max: 0.1, Diff: 0.1, Sum: 0.1]
      [Object Copy (ms): Min: 35.8, Avg: 35.9, Max: 35.9, Diff: 0.2, Sum: 71.7]
      [Termination (ms): Min: 0.0, Avg: 0.0, Max: 0.0, Diff: 0.0, Sum: 0.0]
      [GC Worker Other (ms): Min: 0.1, Avg: 0.1, Max: 0.2, Diff: 0.0, Sum: 0.3]
      [GC Worker Total (ms): Min: 129.5, Avg: 129.6, Max: 129.8, Diff: 0.3, Sum: 259.3]
      [GC Worker End (ms): Min: 6492309.5, Avg: 6492309.5, Max: 6492309.5, Diff: 0.0]
   [Code Root Fixup: 0.5 ms]
   [Code Root Migration: 0.0 ms]
   [Clear CT: 0.4 ms]
   [Other: 5.4 ms]
      [Choose CSet: 0.0 ms]
      [Ref Proc: 1.9 ms]
      [Ref Enq: 0.1 ms]
      [Free CSet: 0.5 ms]
   [Eden: 186.0M(186.0M)->0.0B(300.0M) Survivors: 18.0M->16.0M Heap: 1434.0M(4096.0M)->1260.0M(4096.0M)]
 [Times: user=0.27 sys=0.00, real=0.14 secs] 
2016-08-30T15:24:13.474+0200: 6503.609: [GC pause (young), 0.1632950 secs]
   [Parallel Time: 156.7 ms, GC Workers: 2]
      [GC Worker Start (ms): Min: 6503610.4, Avg: 6503610.4, Max: 6503610.4, Diff: 0.0]
      [Ext Root Scanning (ms): Min: 52.3, Avg: 56.0, Max: 59.8, Diff: 7.5, Sum: 112.1]
      [Update RS (ms): Min: 41.9, Avg: 45.2, Max: 48.4, Diff: 6.5, Sum: 90.4]
         [Processed Buffers: Min: 371, Avg: 420.5, Max: 470, Diff: 99, Sum: 841]
      [Scan RS (ms): Min: 7.2, Avg: 7.6, Max: 8.0, Diff: 0.9, Sum: 15.2]
      [Code Root Scanning (ms): Min: 0.1, Avg: 0.1, Max: 0.1, Diff: 0.0, Sum: 0.2]
      [Object Copy (ms): Min: 47.5, Avg: 47.6, Max: 47.6, Diff: 0.0, Sum: 95.1]
      [Termination (ms): Min: 0.0, Avg: 0.0, Max: 0.0, Diff: 0.0, Sum: 0.0]
      [GC Worker Other (ms): Min: 0.1, Avg: 0.1, Max: 0.1, Diff: 0.0, Sum: 0.3]
      [GC Worker Total (ms): Min: 156.6, Avg: 156.6, Max: 156.6, Diff: 0.0, Sum: 313.2]
      [GC Worker End (ms): Min: 6503767.1, Avg: 6503767.1, Max: 6503767.1, Diff: 0.0]
   [Code Root Fixup: 0.2 ms]
   [Code Root Migration: 0.0 ms]
   [Clear CT: 0.4 ms]
   [Other: 6.0 ms]
      [Choose CSet: 0.0 ms]
      [Ref Proc: 2.4 ms]
      [Ref Enq: 0.2 ms]
      [Free CSet: 0.6 ms]
   [Eden: 300.0M(300.0M)->0.0B(226.0M) Survivors: 16.0M->40.0M Heap: 1560.0M(4096.0M)->1295.0M(4096.0M)]
 [Times: user=0.31 sys=0.00, real=0.16 secs] 
2016-08-30T15:24:21.808+0200: 6511.942: [GC pause (young), 0.1728930 secs]
   [Parallel Time: 165.2 ms, GC Workers: 2]
      [GC Worker Start (ms): Min: 6511943.8, Avg: 6511943.9, Max: 6511944.0, Diff: 0.2]
      [Ext Root Scanning (ms): Min: 51.4, Avg: 52.9, Max: 54.3, Diff: 2.9, Sum: 105.7]
      [Update RS (ms): Min: 44.1, Avg: 45.5, Max: 46.9, Diff: 2.8, Sum: 91.1]
         [Processed Buffers: Min: 445, Avg: 458.0, Max: 471, Diff: 26, Sum: 916]
      [Scan RS (ms): Min: 10.4, Avg: 10.7, Max: 11.1, Diff: 0.7, Sum: 21.5]
      [Code Root Scanning (ms): Min: 0.1, Avg: 0.1, Max: 0.1, Diff: 0.0, Sum: 0.2]
      [Object Copy (ms): Min: 55.2, Avg: 55.7, Max: 56.1, Diff: 0.9, Sum: 111.4]
      [Termination (ms): Min: 0.0, Avg: 0.0, Max: 0.0, Diff: 0.0, Sum: 0.0]
      [GC Worker Other (ms): Min: 0.1, Avg: 0.2, Max: 0.2, Diff: 0.1, Sum: 0.3]
      [GC Worker Total (ms): Min: 165.0, Avg: 165.1, Max: 165.1, Diff: 0.2, Sum: 330.1]
      [GC Worker End (ms): Min: 6512109.0, Avg: 6512109.0, Max: 6512109.0, Diff: 0.0]
   [Code Root Fixup: 0.6 ms]
   [Code Root Migration: 0.0 ms]
   [Clear CT: 0.4 ms]
   [Other: 6.7 ms]
      [Choose CSet: 0.0 ms]
      [Ref Proc: 2.7 ms]
      [Ref Enq: 0.2 ms]
      [Free CSet: 0.6 ms]
   [Eden: 226.0M(226.0M)->0.0B(338.0M) Survivors: 40.0M->22.0M Heap: 1521.0M(4096.0M)->1314.0M(4096.0M)]
 [Times: user=0.34 sys=0.00, real=0.17 secs] 
2016-08-30T15:24:35.604+0200: 6525.738: [GC pause (young), 0.1688620 secs]
   [Parallel Time: 161.7 ms, GC Workers: 2]
      [GC Worker Start (ms): Min: 6525740.1, Avg: 6525740.1, Max: 6525740.1, Diff: 0.0]
      [Ext Root Scanning (ms): Min: 53.3, Avg: 54.0, Max: 54.6, Diff: 1.3, Sum: 107.9]
      [Update RS (ms): Min: 50.8, Avg: 51.8, Max: 52.9, Diff: 2.2, Sum: 103.7]
         [Processed Buffers: Min: 435, Avg: 450.0, Max: 465, Diff: 30, Sum: 900]
      [Scan RS (ms): Min: 8.7, Avg: 8.7, Max: 8.8, Diff: 0.1, Sum: 17.5]
      [Code Root Scanning (ms): Min: 0.1, Avg: 0.1, Max: 0.1, Diff: 0.0, Sum: 0.2]
      [Object Copy (ms): Min: 46.3, Avg: 46.8, Max: 47.3, Diff: 1.0, Sum: 93.6]
      [Termination (ms): Min: 0.0, Avg: 0.0, Max: 0.0, Diff: 0.0, Sum: 0.0]
      [GC Worker Other (ms): Min: 0.1, Avg: 0.1, Max: 0.2, Diff: 0.0, Sum: 0.3]
      [GC Worker Total (ms): Min: 161.6, Avg: 161.6, Max: 161.6, Diff: 0.0, Sum: 323.2]
      [GC Worker End (ms): Min: 6525901.7, Avg: 6525901.7, Max: 6525901.7, Diff: 0.0]
   [Code Root Fixup: 0.4 ms]
   [Code Root Migration: 0.0 ms]
   [Clear CT: 0.4 ms]
   [Other: 6.3 ms]
      [Choose CSet: 0.0 ms]
      [Ref Proc: 2.8 ms]
      [Ref Enq: 0.2 ms]
      [Free CSet: 0.6 ms]
   [Eden: 338.0M(338.0M)->0.0B(256.0M) Survivors: 22.0M->46.0M Heap: 1652.0M(4096.0M)->1338.0M(4096.0M)]
 [Times: user=0.32 sys=0.00, real=0.17 secs] 
2016-08-30T15:24:44.324+0200: 6534.459: [GC pause (young), 0.1878550 secs]
   [Parallel Time: 172.6 ms, GC Workers: 2]
      [GC Worker Start (ms): Min: 6534460.3, Avg: 6534460.3, Max: 6534460.3, Diff: 0.0]
      [Ext Root Scanning (ms): Min: 50.2, Avg: 50.8, Max: 51.4, Diff: 1.2, Sum: 101.7]
      [Update RS (ms): Min: 44.8, Avg: 46.2, Max: 47.5, Diff: 2.7, Sum: 92.3]
         [Processed Buffers: Min: 430, Avg: 442.0, Max: 454, Diff: 24, Sum: 884]
      [Scan RS (ms): Min: 11.7, Avg: 12.3, Max: 12.9, Diff: 1.2, Sum: 24.6]
      [Code Root Scanning (ms): Min: 0.1, Avg: 0.1, Max: 0.1, Diff: 0.0, Sum: 0.2]
      [Object Copy (ms): Min: 62.8, Avg: 62.9, Max: 63.1, Diff: 0.3, Sum: 125.8]
      [Termination (ms): Min: 0.0, Avg: 0.0, Max: 0.0, Diff: 0.0, Sum: 0.0]
      [GC Worker Other (ms): Min: 0.1, Avg: 0.1, Max: 0.2, Diff: 0.0, Sum: 0.3]
      [GC Worker Total (ms): Min: 172.5, Avg: 172.5, Max: 172.5, Diff: 0.0, Sum: 345.0]
      [GC Worker End (ms): Min: 6534632.8, Avg: 6534632.8, Max: 6534632.8, Diff: 0.0]
   [Code Root Fixup: 0.4 ms]
   [Code Root Migration: 0.0 ms]
   [Clear CT: 7.2 ms]
   [Other: 7.7 ms]
      [Choose CSet: 0.0 ms]
      [Ref Proc: 3.2 ms]
      [Ref Enq: 0.4 ms]
      [Free CSet: 0.7 ms]
   [Eden: 256.0M(256.0M)->0.0B(320.0M) Survivors: 46.0M->32.0M Heap: 1594.0M(4096.0M)->1358.0M(4096.0M)]
 [Times: user=0.34 sys=0.00, real=0.19 secs] 
2016-08-30T15:24:56.999+0200: 6547.133: [GC pause (young), 0.1593600 secs]
   [Parallel Time: 152.1 ms, GC Workers: 2]
      [GC Worker Start (ms): Min: 6547134.8, Avg: 6547134.8, Max: 6547134.8, Diff: 0.0]
      [Ext Root Scanning (ms): Min: 54.5, Avg: 55.6, Max: 56.6, Diff: 2.1, Sum: 111.1]
      [Update RS (ms): Min: 43.2, Avg: 45.0, Max: 46.9, Diff: 3.7, Sum: 90.0]
         [Processed Buffers: Min: 400, Avg: 407.0, Max: 414, Diff: 14, Sum: 814]
      [Scan RS (ms): Min: 9.8, Avg: 10.5, Max: 11.1, Diff: 1.3, Sum: 20.9]
      [Code Root Scanning (ms): Min: 0.1, Avg: 0.1, Max: 0.1, Diff: 0.0, Sum: 0.2]
      [Object Copy (ms): Min: 39.3, Avg: 40.7, Max: 42.2, Diff: 2.9, Sum: 81.4]
      [Termination (ms): Min: 0.0, Avg: 0.0, Max: 0.0, Diff: 0.0, Sum: 0.0]
      [GC Worker Other (ms): Min: 0.1, Avg: 0.1, Max: 0.2, Diff: 0.0, Sum: 0.3]
      [GC Worker Total (ms): Min: 152.0, Avg: 152.0, Max: 152.0, Diff: 0.0, Sum: 304.0]
      [GC Worker End (ms): Min: 6547286.8, Avg: 6547286.8, Max: 6547286.8, Diff: 0.0]
   [Code Root Fixup: 0.3 ms]
   [Code Root Migration: 0.0 ms]
   [Clear CT: 0.4 ms]
   [Other: 6.5 ms]
      [Choose CSet: 0.0 ms]
      [Ref Proc: 2.7 ms]
      [Ref Enq: 0.1 ms]
      [Free CSet: 0.6 ms]
   [Eden: 320.0M(320.0M)->0.0B(436.0M) Survivors: 32.0M->30.0M Heap: 1678.0M(4096.0M)->1376.0M(4096.0M)]
 [Times: user=0.31 sys=0.00, real=0.16 secs] 
2016-08-30T15:25:14.764+0200: 6564.898: [GC pause (young), 0.2039330 secs]
   [Parallel Time: 189.9 ms, GC Workers: 2]
      [GC Worker Start (ms): Min: 6564899.7, Avg: 6564899.7, Max: 6564899.8, Diff: 0.0]
      [Ext Root Scanning (ms): Min: 52.5, Avg: 52.7, Max: 52.8, Diff: 0.2, Sum: 105.3]
      [Update RS (ms): Min: 57.0, Avg: 57.0, Max: 57.0, Diff: 0.0, Sum: 114.0]
         [Processed Buffers: Min: 435, Avg: 444.0, Max: 453, Diff: 18, Sum: 888]
      [Scan RS (ms): Min: 12.0, Avg: 12.2, Max: 12.4, Diff: 0.4, Sum: 24.4]
      [Code Root Scanning (ms): Min: 0.1, Avg: 0.2, Max: 0.2, Diff: 0.1, Sum: 0.4]
      [Object Copy (ms): Min: 67.5, Avg: 67.6, Max: 67.6, Diff: 0.2, Sum: 135.1]
      [Termination (ms): Min: 0.0, Avg: 0.0, Max: 0.0, Diff: 0.0, Sum: 0.0]
      [GC Worker Other (ms): Min: 0.1, Avg: 0.1, Max: 0.1, Diff: 0.1, Sum: 0.2]
      [GC Worker Total (ms): Min: 189.7, Avg: 189.7, Max: 189.7, Diff: 0.0, Sum: 379.4]
      [GC Worker End (ms): Min: 6565089.4, Avg: 6565089.4, Max: 6565089.4, Diff: 0.0]
   [Code Root Fixup: 0.5 ms]
   [Code Root Migration: 0.1 ms]
   [Clear CT: 0.6 ms]
   [Other: 12.9 ms]
      [Choose CSet: 0.0 ms]
      [Ref Proc: 8.0 ms]
      [Ref Enq: 0.6 ms]
      [Free CSet: 1.2 ms]
   [Eden: 436.0M(436.0M)->0.0B(246.0M) Survivors: 30.0M->60.0M Heap: 1812.0M(4096.0M)->1410.0M(4096.0M)]
 [Times: user=0.39 sys=0.00, real=0.20 secs] 
2016-08-30T15:25:25.460+0200: 6575.594: [GC pause (young), 0.1933640 secs]
   [Parallel Time: 186.5 ms, GC Workers: 2]
      [GC Worker Start (ms): Min: 6575596.5, Avg: 6575596.5, Max: 6575596.5, Diff: 0.0]
      [Ext Root Scanning (ms): Min: 62.0, Avg: 64.3, Max: 66.6, Diff: 4.6, Sum: 128.5]
      [Update RS (ms): Min: 44.0, Avg: 44.4, Max: 44.8, Diff: 0.8, Sum: 88.7]
         [Processed Buffers: Min: 353, Avg: 357.0, Max: 361, Diff: 8, Sum: 714]
      [Scan RS (ms): Min: 17.4, Avg: 17.8, Max: 18.2, Diff: 0.8, Sum: 35.6]
      [Code Root Scanning (ms): Min: 0.1, Avg: 0.1, Max: 0.1, Diff: 0.1, Sum: 0.2]
      [Object Copy (ms): Min: 57.4, Avg: 59.7, Max: 62.0, Diff: 4.6, Sum: 119.4]
      [Termination (ms): Min: 0.0, Avg: 0.0, Max: 0.0, Diff: 0.0, Sum: 0.0]
      [GC Worker Other (ms): Min: 0.1, Avg: 0.1, Max: 0.1, Diff: 0.0, Sum: 0.3]
      [GC Worker Total (ms): Min: 186.4, Avg: 186.4, Max: 186.4, Diff: 0.0, Sum: 372.8]
      [GC Worker End (ms): Min: 6575782.9, Avg: 6575782.9, Max: 6575782.9, Diff: 0.0]
   [Code Root Fixup: 0.3 ms]
   [Code Root Migration: 0.0 ms]
   [Clear CT: 0.4 ms]
   [Other: 6.2 ms]
      [Choose CSet: 0.0 ms]
      [Ref Proc: 2.0 ms]
      [Ref Enq: 0.1 ms]
      [Free CSet: 0.6 ms]
   [Eden: 246.0M(246.0M)->0.0B(388.0M) Survivors: 60.0M->26.0M Heap: 1656.0M(4096.0M)->1414.0M(4096.0M)]
 [Times: user=0.37 sys=0.00, real=0.20 secs] 
2016-08-30T15:25:41.202+0200: 6591.337: [GC pause (young), 0.1816420 secs]
   [Parallel Time: 170.7 ms, GC Workers: 2]
      [GC Worker Start (ms): Min: 6591338.5, Avg: 6591338.5, Max: 6591338.5, Diff: 0.0]
      [Ext Root Scanning (ms): Min: 51.7, Avg: 52.6, Max: 53.6, Diff: 1.9, Sum: 105.3]
      [Update RS (ms): Min: 49.6, Avg: 51.0, Max: 52.4, Diff: 2.8, Sum: 102.0]
         [Processed Buffers: Min: 406, Avg: 409.5, Max: 413, Diff: 7, Sum: 819]
      [Scan RS (ms): Min: 10.4, Avg: 10.6, Max: 10.7, Diff: 0.2, Sum: 21.1]
      [Code Root Scanning (ms): Min: 0.1, Avg: 0.1, Max: 0.2, Diff: 0.1, Sum: 0.3]
      [Object Copy (ms): Min: 55.7, Avg: 56.1, Max: 56.4, Diff: 0.7, Sum: 112.2]
      [Termination (ms): Min: 0.0, Avg: 0.0, Max: 0.0, Diff: 0.0, Sum: 0.0]
      [GC Worker Other (ms): Min: 0.1, Avg: 0.1, Max: 0.1, Diff: 0.0, Sum: 0.3]
      [GC Worker Total (ms): Min: 170.6, Avg: 170.6, Max: 170.6, Diff: 0.0, Sum: 341.2]
      [GC Worker End (ms): Min: 6591509.1, Avg: 6591509.1, Max: 6591509.1, Diff: 0.0]
   [Code Root Fixup: 0.4 ms]
   [Code Root Migration: 0.1 ms]
   [Clear CT: 0.5 ms]
   [Other: 9.9 ms]
      [Choose CSet: 0.0 ms]
      [Ref Proc: 5.4 ms]
      [Ref Enq: 0.3 ms]
      [Free CSet: 1.0 ms]
   [Eden: 388.0M(388.0M)->0.0B(292.0M) Survivors: 26.0M->50.0M Heap: 1802.0M(4096.0M)->1439.0M(4096.0M)]
 [Times: user=0.35 sys=0.00, real=0.18 secs] 
2016-08-30T15:25:52.033+0200: 6602.167: [GC pause (young), 0.1891130 secs]
   [Parallel Time: 180.5 ms, GC Workers: 2]
      [GC Worker Start (ms): Min: 6602169.1, Avg: 6602169.1, Max: 6602169.1, Diff: 0.0]
      [Ext Root Scanning (ms): Min: 53.8, Avg: 54.4, Max: 55.0, Diff: 1.2, Sum: 108.9]
      [Update RS (ms): Min: 45.1, Avg: 45.2, Max: 45.4, Diff: 0.3, Sum: 90.5]
         [Processed Buffers: Min: 342, Avg: 384.5, Max: 427, Diff: 85, Sum: 769]
      [Scan RS (ms): Min: 13.4, Avg: 13.4, Max: 13.5, Diff: 0.0, Sum: 26.9]
      [Code Root Scanning (ms): Min: 0.1, Avg: 0.1, Max: 0.1, Diff: 0.0, Sum: 0.2]
      [Object Copy (ms): Min: 66.3, Avg: 67.0, Max: 67.7, Diff: 1.4, Sum: 134.1]
      [Termination (ms): Min: 0.0, Avg: 0.0, Max: 0.0, Diff: 0.0, Sum: 0.0]
      [GC Worker Other (ms): Min: 0.1, Avg: 0.1, Max: 0.2, Diff: 0.0, Sum: 0.3]
      [GC Worker Total (ms): Min: 180.4, Avg: 180.4, Max: 180.4, Diff: 0.0, Sum: 360.8]
      [GC Worker End (ms): Min: 6602349.5, Avg: 6602349.5, Max: 6602349.5, Diff: 0.0]
   [Code Root Fixup: 0.5 ms]
   [Code Root Migration: 0.1 ms]
   [Clear CT: 0.6 ms]
   [Other: 7.5 ms]
      [Choose CSet: 0.0 ms]
      [Ref Proc: 3.3 ms]
      [Ref Enq: 0.3 ms]
      [Free CSet: 0.7 ms]
   [Eden: 292.0M(292.0M)->0.0B(352.0M) Survivors: 50.0M->34.0M Heap: 1731.0M(4096.0M)->1460.0M(4096.0M)]
 [Times: user=0.36 sys=0.00, real=0.19 secs] 
2016-08-30T15:26:06.272+0200: 6616.407: [GC pause (young), 0.1806260 secs]
   [Parallel Time: 170.2 ms, GC Workers: 2]
      [GC Worker Start (ms): Min: 6616408.3, Avg: 6616408.4, Max: 6616408.4, Diff: 0.0]
      [Ext Root Scanning (ms): Min: 50.2, Avg: 50.4, Max: 50.5, Diff: 0.2, Sum: 100.7]
      [Update RS (ms): Min: 50.2, Avg: 50.2, Max: 50.3, Diff: 0.1, Sum: 100.4]
         [Processed Buffers: Min: 377, Avg: 416.0, Max: 455, Diff: 78, Sum: 832]
      [Scan RS (ms): Min: 10.2, Avg: 10.2, Max: 10.2, Diff: 0.0, Sum: 20.4]
      [Code Root Scanning (ms): Min: 0.1, Avg: 0.1, Max: 0.1, Diff: 0.0, Sum: 0.2]
      [Object Copy (ms): Min: 59.0, Avg: 59.0, Max: 59.1, Diff: 0.1, Sum: 118.1]
      [Termination (ms): Min: 0.0, Avg: 0.0, Max: 0.0, Diff: 0.0, Sum: 0.0]
      [GC Worker Other (ms): Min: 0.1, Avg: 0.1, Max: 0.2, Diff: 0.0, Sum: 0.3]
      [GC Worker Total (ms): Min: 170.0, Avg: 170.1, Max: 170.1, Diff: 0.1, Sum: 340.1]
      [GC Worker End (ms): Min: 6616578.4, Avg: 6616578.4, Max: 6616578.4, Diff: 0.0]
   [Code Root Fixup: 0.4 ms]
   [Code Root Migration: 0.1 ms]
   [Clear CT: 0.5 ms]
   [Other: 9.5 ms]
      [Choose CSet: 0.0 ms]
      [Ref Proc: 4.5 ms]
      [Ref Enq: 0.4 ms]
      [Free CSet: 0.9 ms]
   [Eden: 352.0M(352.0M)->0.0B(338.0M) Survivors: 34.0M->42.0M Heap: 1812.0M(4096.0M)->1489.0M(4096.0M)]
 [Times: user=0.35 sys=0.00, real=0.18 secs] 
2016-08-30T15:26:18.584+0200: 6628.719: [GC pause (young), 0.1464630 secs]
   [Parallel Time: 140.0 ms, GC Workers: 2]
      [GC Worker Start (ms): Min: 6628720.3, Avg: 6628720.3, Max: 6628720.3, Diff: 0.0]
      [Ext Root Scanning (ms): Min: 44.6, Avg: 49.3, Max: 54.0, Diff: 9.4, Sum: 98.6]
      [Update RS (ms): Min: 33.7, Avg: 38.3, Max: 42.9, Diff: 9.2, Sum: 76.6]
         [Processed Buffers: Min: 273, Avg: 449.0, Max: 625, Diff: 352, Sum: 898]
      [Scan RS (ms): Min: 7.4, Avg: 7.6, Max: 7.9, Diff: 0.4, Sum: 15.3]
      [Code Root Scanning (ms): Min: 0.0, Avg: 0.1, Max: 0.1, Diff: 0.1, Sum: 0.1]
      [Object Copy (ms): Min: 44.4, Avg: 44.5, Max: 44.7, Diff: 0.2, Sum: 89.1]
      [Termination (ms): Min: 0.0, Avg: 0.0, Max: 0.0, Diff: 0.0, Sum: 0.0]
      [GC Worker Other (ms): Min: 0.1, Avg: 0.1, Max: 0.1, Diff: 0.0, Sum: 0.3]
      [GC Worker Total (ms): Min: 140.0, Avg: 140.0, Max: 140.0, Diff: 0.0, Sum: 280.0]
      [GC Worker End (ms): Min: 6628860.3, Avg: 6628860.3, Max: 6628860.3, Diff: 0.0]
   [Code Root Fixup: 0.2 ms]
   [Code Root Migration: 0.0 ms]
   [Clear CT: 0.4 ms]
   [Other: 5.8 ms]
      [Choose CSet: 0.0 ms]
      [Ref Proc: 2.4 ms]
      [Ref Enq: 0.2 ms]
      [Free CSet: 0.5 ms]
   [Eden: 338.0M(338.0M)->0.0B(502.0M) Survivors: 42.0M->34.0M Heap: 1827.0M(4096.0M)->1509.0M(4096.0M)]
 [Times: user=0.29 sys=0.00, real=0.15 secs] 
2016-08-30T15:26:31.602+0200: 6641.736: [GC pause (young), 0.1722010 secs]
   [Parallel Time: 165.4 ms, GC Workers: 2]
      [GC Worker Start (ms): Min: 6641737.6, Avg: 6641737.7, Max: 6641737.7, Diff: 0.1]
      [Ext Root Scanning (ms): Min: 50.0, Avg: 50.3, Max: 50.7, Diff: 0.7, Sum: 100.6]
      [Update RS (ms): Min: 52.2, Avg: 52.4, Max: 52.5, Diff: 0.4, Sum: 104.7]
         [Processed Buffers: Min: 408, Avg: 413.0, Max: 418, Diff: 10, Sum: 826]
      [Scan RS (ms): Min: 11.6, Avg: 11.9, Max: 12.2, Diff: 0.5, Sum: 23.8]
      [Code Root Scanning (ms): Min: 0.1, Avg: 0.1, Max: 0.1, Diff: 0.0, Sum: 0.2]
      [Object Copy (ms): Min: 50.2, Avg: 50.3, Max: 50.4, Diff: 0.3, Sum: 100.6]
      [Termination (ms): Min: 0.0, Avg: 0.0, Max: 0.0, Diff: 0.0, Sum: 0.0]
      [GC Worker Other (ms): Min: 0.2, Avg: 0.3, Max: 0.4, Diff: 0.2, Sum: 0.5]
      [GC Worker Total (ms): Min: 165.2, Avg: 165.3, Max: 165.3, Diff: 0.1, Sum: 330.5]
      [GC Worker End (ms): Min: 6641902.9, Avg: 6641902.9, Max: 6641903.0, Diff: 0.0]
   [Code Root Fixup: 0.3 ms]
   [Code Root Migration: 0.0 ms]
   [Clear CT: 0.4 ms]
   [Other: 6.1 ms]
      [Choose CSet: 0.0 ms]
      [Ref Proc: 2.6 ms]
      [Ref Enq: 0.2 ms]
      [Free CSet: 0.6 ms]
   [Eden: 336.0M(336.0M)->0.0B(526.0M) Survivors: 34.0M->34.0M Heap: 1845.0M(4096.0M)->1533.0M(4096.0M)]
 [Times: user=0.33 sys=0.00, real=0.17 secs] 
2016-08-30T15:26:46.598+0200: 6656.733: [GC pause (young), 0.1867410 secs]
   [Parallel Time: 179.6 ms, GC Workers: 2]
      [GC Worker Start (ms): Min: 6656734.3, Avg: 6656734.3, Max: 6656734.3, Diff: 0.0]
      [Ext Root Scanning (ms): Min: 42.1, Avg: 44.7, Max: 47.3, Diff: 5.2, Sum: 89.5]
      [Update RS (ms): Min: 51.2, Avg: 53.9, Max: 56.5, Diff: 5.3, Sum: 107.8]
         [Processed Buffers: Min: 338, Avg: 460.5, Max: 583, Diff: 245, Sum: 921]
      [Scan RS (ms): Min: 12.4, Avg: 15.8, Max: 19.3, Diff: 6.8, Sum: 31.7]
      [Code Root Scanning (ms): Min: 0.0, Avg: 0.1, Max: 0.1, Diff: 0.1, Sum: 0.1]
      [Object Copy (ms): Min: 61.4, Avg: 64.8, Max: 68.2, Diff: 6.8, Sum: 129.6]
      [Termination (ms): Min: 0.0, Avg: 0.1, Max: 0.1, Diff: 0.1, Sum: 0.1]
      [GC Worker Other (ms): Min: 0.1, Avg: 0.1, Max: 0.2, Diff: 0.0, Sum: 0.3]
      [GC Worker Total (ms): Min: 179.5, Avg: 179.5, Max: 179.5, Diff: 0.0, Sum: 359.0]
      [GC Worker End (ms): Min: 6656913.8, Avg: 6656913.8, Max: 6656913.8, Diff: 0.0]
   [Code Root Fixup: 0.3 ms]
   [Code Root Migration: 0.0 ms]
   [Clear CT: 0.6 ms]
   [Other: 6.2 ms]
      [Choose CSet: 0.0 ms]
      [Ref Proc: 2.7 ms]
      [Ref Enq: 0.2 ms]
      [Free CSet: 0.6 ms]
   [Eden: 370.0M(354.0M)->0.0B(416.0M) Survivors: 34.0M->38.0M Heap: 1903.0M(4096.0M)->1561.0M(4096.0M)]
 [Times: user=0.23 sys=0.00, real=0.19 secs] 
2016-08-30T15:26:58.759+0200: 6668.893: [GC pause (young), 0.1870270 secs]
   [Parallel Time: 177.2 ms, GC Workers: 2]
      [GC Worker Start (ms): Min: 6668895.4, Avg: 6668896.0, Max: 6668896.6, Diff: 1.2]
      [Ext Root Scanning (ms): Min: 51.1, Avg: 52.3, Max: 53.5, Diff: 2.4, Sum: 104.5]
      [Update RS (ms): Min: 50.1, Avg: 51.4, Max: 52.7, Diff: 2.6, Sum: 102.8]
         [Processed Buffers: Min: 443, Avg: 444.0, Max: 445, Diff: 2, Sum: 888]
      [Scan RS (ms): Min: 12.2, Avg: 12.2, Max: 12.3, Diff: 0.1, Sum: 24.5]
      [Code Root Scanning (ms): Min: 0.1, Avg: 0.2, Max: 0.2, Diff: 0.0, Sum: 0.3]
      [Object Copy (ms): Min: 59.9, Avg: 60.3, Max: 60.7, Diff: 0.9, Sum: 120.6]
      [Termination (ms): Min: 0.0, Avg: 0.0, Max: 0.0, Diff: 0.0, Sum: 0.0]
      [GC Worker Other (ms): Min: 0.1, Avg: 0.1, Max: 0.2, Diff: 0.1, Sum: 0.3]
      [GC Worker Total (ms): Min: 175.9, Avg: 176.5, Max: 177.1, Diff: 1.2, Sum: 353.0]
      [GC Worker End (ms): Min: 6669072.5, Avg: 6669072.5, Max: 6669072.5, Diff: 0.0]
   [Code Root Fixup: 0.4 ms]
   [Code Root Migration: 0.1 ms]
   [Clear CT: 0.6 ms]
   [Other: 8.8 ms]
      [Choose CSet: 0.0 ms]
      [Ref Proc: 4.2 ms]
      [Ref Enq: 0.3 ms]
      [Free CSet: 0.9 ms]
   [Eden: 416.0M(416.0M)->0.0B(446.0M) Survivors: 38.0M->30.0M Heap: 1977.0M(4096.0M)->1578.0M(4096.0M)]
 [Times: user=0.36 sys=0.00, real=0.19 secs] 
2016-08-30T15:27:14.974+0200: 6685.108: [GC pause (young), 0.1825580 secs]
   [Parallel Time: 174.3 ms, GC Workers: 2]
      [GC Worker Start (ms): Min: 6685109.7, Avg: 6685109.7, Max: 6685109.7, Diff: 0.0]
      [Ext Root Scanning (ms): Min: 51.8, Avg: 52.3, Max: 52.7, Diff: 0.9, Sum: 104.5]
      [Update RS (ms): Min: 56.2, Avg: 56.3, Max: 56.3, Diff: 0.1, Sum: 112.5]
         [Processed Buffers: Min: 465, Avg: 468.5, Max: 472, Diff: 7, Sum: 937]
      [Scan RS (ms): Min: 10.7, Avg: 11.1, Max: 11.4, Diff: 0.7, Sum: 22.1]
      [Code Root Scanning (ms): Min: 0.1, Avg: 0.1, Max: 0.2, Diff: 0.1, Sum: 0.3]
      [Object Copy (ms): Min: 54.3, Avg: 54.4, Max: 54.4, Diff: 0.1, Sum: 108.8]
      [Termination (ms): Min: 0.0, Avg: 0.0, Max: 0.0, Diff: 0.0, Sum: 0.0]
      [GC Worker Other (ms): Min: 0.0, Avg: 0.1, Max: 0.1, Diff: 0.1, Sum: 0.2]
      [GC Worker Total (ms): Min: 174.2, Avg: 174.2, Max: 174.2, Diff: 0.0, Sum: 348.4]
      [GC Worker End (ms): Min: 6685283.9, Avg: 6685283.9, Max: 6685283.9, Diff: 0.0]
   [Code Root Fixup: 0.3 ms]
   [Code Root Migration: 0.1 ms]
   [Clear CT: 0.4 ms]
   [Other: 7.5 ms]
      [Choose CSet: 0.0 ms]
      [Ref Proc: 3.6 ms]
      [Ref Enq: 0.2 ms]
      [Free CSet: 0.7 ms]
   [Eden: 428.0M(270.0M)->0.0B(394.0M) Survivors: 30.0M->38.0M Heap: 2006.0M(4096.0M)->1615.0M(4096.0M)]
 [Times: user=0.36 sys=0.00, real=0.18 secs] 
2016-08-30T15:27:29.610+0200: 6699.744: [GC pause (young), 0.2616700 secs]
   [Parallel Time: 252.3 ms, GC Workers: 2]
      [GC Worker Start (ms): Min: 6699745.8, Avg: 6699747.8, Max: 6699749.7, Diff: 3.8]
      [Ext Root Scanning (ms): Min: 76.2, Avg: 78.1, Max: 80.1, Diff: 3.9, Sum: 156.3]
      [Update RS (ms): Min: 79.4, Avg: 81.1, Max: 82.7, Diff: 3.3, Sum: 162.1]
         [Processed Buffers: Min: 466, Avg: 477.5, Max: 489, Diff: 23, Sum: 955]
      [Scan RS (ms): Min: 13.4, Avg: 16.0, Max: 18.6, Diff: 5.1, Sum: 32.0]
      [Code Root Scanning (ms): Min: 0.1, Avg: 0.1, Max: 0.1, Diff: 0.0, Sum: 0.2]
      [Object Copy (ms): Min: 74.6, Avg: 74.9, Max: 75.2, Diff: 0.6, Sum: 149.8]
      [Termination (ms): Min: 0.0, Avg: 0.1, Max: 0.1, Diff: 0.1, Sum: 0.1]
      [GC Worker Other (ms): Min: 0.1, Avg: 0.1, Max: 0.1, Diff: 0.0, Sum: 0.2]
      [GC Worker Total (ms): Min: 248.4, Avg: 250.4, Max: 252.3, Diff: 3.8, Sum: 500.7]
      [GC Worker End (ms): Min: 6699998.1, Avg: 6699998.1, Max: 6699998.1, Diff: 0.0]
   [Code Root Fixup: 0.3 ms]
   [Code Root Migration: 0.1 ms]
   [Clear CT: 0.6 ms]
   [Other: 8.4 ms]
      [Choose CSet: 0.0 ms]
      [Ref Proc: 5.1 ms]
      [Ref Enq: 0.2 ms]
      [Free CSet: 0.6 ms]
   [Eden: 388.0M(250.0M)->0.0B(168.0M) Survivors: 38.0M->36.0M Heap: 2003.0M(4096.0M)->1652.0M(4096.0M)]
 [Times: user=0.26 sys=0.00, real=0.27 secs] 
2016-08-30T15:27:34.877+0200: 6705.012: [GC pause (young), 0.1478130 secs]
   [Parallel Time: 142.3 ms, GC Workers: 2]
      [GC Worker Start (ms): Min: 6705013.3, Avg: 6705013.6, Max: 6705014.0, Diff: 0.7]
      [Ext Root Scanning (ms): Min: 49.9, Avg: 50.2, Max: 50.4, Diff: 0.5, Sum: 100.4]
      [Update RS (ms): Min: 36.6, Avg: 37.3, Max: 38.0, Diff: 1.4, Sum: 74.6]
         [Processed Buffers: Min: 337, Avg: 350.5, Max: 364, Diff: 27, Sum: 701]
      [Scan RS (ms): Min: 10.3, Avg: 10.8, Max: 11.2, Diff: 0.9, Sum: 21.5]
      [Code Root Scanning (ms): Min: 0.1, Avg: 0.1, Max: 0.1, Diff: 0.0, Sum: 0.1]
      [Object Copy (ms): Min: 43.4, Avg: 43.5, Max: 43.7, Diff: 0.3, Sum: 87.0]
      [Termination (ms): Min: 0.0, Avg: 0.0, Max: 0.0, Diff: 0.0, Sum: 0.0]
      [GC Worker Other (ms): Min: 0.1, Avg: 0.1, Max: 0.1, Diff: 0.0, Sum: 0.1]
      [GC Worker Total (ms): Min: 141.6, Avg: 141.9, Max: 142.3, Diff: 0.7, Sum: 283.8]
      [GC Worker End (ms): Min: 6705155.6, Avg: 6705155.6, Max: 6705155.6, Diff: 0.0]
   [Code Root Fixup: 0.2 ms]
   [Code Root Migration: 0.0 ms]
   [Clear CT: 0.5 ms]
   [Other: 4.7 ms]
      [Choose CSet: 0.0 ms]
      [Ref Proc: 1.5 ms]
      [Ref Enq: 0.1 ms]
      [Free CSet: 0.4 ms]
   [Eden: 168.0M(168.0M)->0.0B(316.0M) Survivors: 36.0M->20.0M Heap: 1820.0M(4096.0M)->1665.0M(4096.0M)]
 [Times: user=0.29 sys=0.00, real=0.15 secs] 
2016-08-30T15:27:46.882+0200: 6717.016: [GC pause (young), 0.2258220 secs]
   [Parallel Time: 215.4 ms, GC Workers: 2]
      [GC Worker Start (ms): Min: 6717018.1, Avg: 6717018.1, Max: 6717018.2, Diff: 0.0]
      [Ext Root Scanning (ms): Min: 60.8, Avg: 65.8, Max: 70.9, Diff: 10.2, Sum: 131.7]
      [Update RS (ms): Min: 61.5, Avg: 67.7, Max: 73.8, Diff: 12.3, Sum: 135.3]
         [Processed Buffers: Min: 415, Avg: 479.5, Max: 544, Diff: 129, Sum: 959]
      [Scan RS (ms): Min: 11.1, Avg: 11.6, Max: 12.0, Diff: 0.9, Sum: 23.1]
      [Code Root Scanning (ms): Min: 0.1, Avg: 0.1, Max: 0.2, Diff: 0.1, Sum: 0.3]
      [Object Copy (ms): Min: 68.4, Avg: 70.0, Max: 71.5, Diff: 3.1, Sum: 140.0]
      [Termination (ms): Min: 0.0, Avg: 0.0, Max: 0.0, Diff: 0.0, Sum: 0.0]
      [GC Worker Other (ms): Min: 0.1, Avg: 0.2, Max: 0.2, Diff: 0.1, Sum: 0.3]
      [GC Worker Total (ms): Min: 215.3, Avg: 215.3, Max: 215.4, Diff: 0.0, Sum: 430.7]
      [GC Worker End (ms): Min: 6717233.5, Avg: 6717233.5, Max: 6717233.5, Diff: 0.0]
   [Code Root Fixup: 0.7 ms]
   [Code Root Migration: 0.1 ms]
   [Clear CT: 0.8 ms]
   [Other: 8.8 ms]
      [Choose CSet: 0.0 ms]
      [Ref Proc: 4.5 ms]
      [Ref Enq: 0.3 ms]
      [Free CSet: 0.7 ms]
   [Eden: 316.0M(316.0M)->0.0B(162.0M) Survivors: 20.0M->42.0M Heap: 1981.0M(4096.0M)->1691.0M(4096.0M)]
 [Times: user=0.36 sys=0.00, real=0.23 secs] 
2016-08-30T15:27:52.242+0200: 6722.376: [GC pause (young), 0.1525500 secs]
   [Parallel Time: 147.5 ms, GC Workers: 2]
      [GC Worker Start (ms): Min: 6722377.5, Avg: 6722378.8, Max: 6722380.1, Diff: 2.7]
      [Ext Root Scanning (ms): Min: 49.8, Avg: 51.7, Max: 53.5, Diff: 3.8, Sum: 103.3]
      [Update RS (ms): Min: 32.6, Avg: 34.2, Max: 35.7, Diff: 3.1, Sum: 68.3]
         [Processed Buffers: Min: 314, Avg: 324.5, Max: 335, Diff: 21, Sum: 649]
      [Scan RS (ms): Min: 11.8, Avg: 12.2, Max: 12.5, Diff: 0.7, Sum: 24.3]
      [Code Root Scanning (ms): Min: 0.0, Avg: 0.1, Max: 0.1, Diff: 0.1, Sum: 0.1]
      [Object Copy (ms): Min: 47.3, Avg: 47.9, Max: 48.5, Diff: 1.2, Sum: 95.7]
      [Termination (ms): Min: 0.0, Avg: 0.0, Max: 0.0, Diff: 0.0, Sum: 0.0]
      [GC Worker Other (ms): Min: 0.1, Avg: 0.1, Max: 0.2, Diff: 0.0, Sum: 0.3]
      [GC Worker Total (ms): Min: 144.7, Avg: 146.1, Max: 147.4, Diff: 2.6, Sum: 292.1]
      [GC Worker End (ms): Min: 6722524.9, Avg: 6722524.9, Max: 6722524.9, Diff: 0.0]
   [Code Root Fixup: 0.2 ms]
   [Code Root Migration: 0.0 ms]
   [Clear CT: 0.4 ms]
   [Other: 4.5 ms]
      [Choose CSet: 0.0 ms]
      [Ref Proc: 1.4 ms]
      [Ref Enq: 0.1 ms]
      [Free CSet: 0.4 ms]
   [Eden: 162.0M(162.0M)->0.0B(284.0M) Survivors: 42.0M->18.0M Heap: 1853.0M(4096.0M)->1706.0M(4096.0M)]
 [Times: user=0.29 sys=0.00, real=0.15 secs] 
2016-08-30T15:28:02.788+0200: 6732.922: [GC pause (young), 0.1619000 secs]
   [Parallel Time: 153.1 ms, GC Workers: 2]
      [GC Worker Start (ms): Min: 6732923.7, Avg: 6732923.7, Max: 6732923.7, Diff: 0.0]
      [Ext Root Scanning (ms): Min: 50.0, Avg: 50.5, Max: 50.9, Diff: 0.9, Sum: 100.9]
      [Update RS (ms): Min: 50.1, Avg: 50.5, Max: 50.8, Diff: 0.7, Sum: 101.0]
         [Processed Buffers: Min: 433, Avg: 448.5, Max: 464, Diff: 31, Sum: 897]
      [Scan RS (ms): Min: 6.6, Avg: 6.6, Max: 6.6, Diff: 0.1, Sum: 13.2]
      [Code Root Scanning (ms): Min: 0.1, Avg: 0.1, Max: 0.1, Diff: 0.0, Sum: 0.2]
      [Object Copy (ms): Min: 45.2, Avg: 45.3, Max: 45.3, Diff: 0.1, Sum: 90.5]
      [Termination (ms): Min: 0.0, Avg: 0.0, Max: 0.0, Diff: 0.0, Sum: 0.0]
      [GC Worker Other (ms): Min: 0.1, Avg: 0.1, Max: 0.2, Diff: 0.0, Sum: 0.3]
      [GC Worker Total (ms): Min: 153.0, Avg: 153.0, Max: 153.1, Diff: 0.0, Sum: 306.1]
      [GC Worker End (ms): Min: 6733076.7, Avg: 6733076.7, Max: 6733076.7, Diff: 0.0]
   [Code Root Fixup: 0.5 ms]
   [Code Root Migration: 0.0 ms]
   [Clear CT: 0.5 ms]
   [Other: 7.8 ms]
      [Choose CSet: 0.0 ms]
      [Ref Proc: 3.8 ms]
      [Ref Enq: 0.3 ms]
      [Free CSet: 0.7 ms]
   [Eden: 284.0M(284.0M)->0.0B(212.0M) Survivors: 18.0M->38.0M Heap: 1990.0M(4096.0M)->1730.0M(4096.0M)]
 [Times: user=0.32 sys=0.00, real=0.16 secs] 
2016-08-30T15:28:10.065+0200: 6740.199: [GC pause (young), 0.1473650 secs]
   [Parallel Time: 142.8 ms, GC Workers: 2]
      [GC Worker Start (ms): Min: 6740200.5, Avg: 6740200.5, Max: 6740200.5, Diff: 0.0]
      [Ext Root Scanning (ms): Min: 26.0, Avg: 37.6, Max: 49.3, Diff: 23.3, Sum: 75.3]
      [Update RS (ms): Min: 32.4, Avg: 39.1, Max: 45.8, Diff: 13.3, Sum: 78.2]
         [Processed Buffers: Min: 166, Avg: 375.0, Max: 584, Diff: 418, Sum: 750]
      [Scan RS (ms): Min: 10.4, Avg: 10.6, Max: 10.8, Diff: 0.4, Sum: 21.2]
      [Code Root Scanning (ms): Min: 0.0, Avg: 0.0, Max: 0.1, Diff: 0.0, Sum: 0.1]
      [Object Copy (ms): Min: 50.4, Avg: 55.1, Max: 59.9, Diff: 9.5, Sum: 110.3]
      [Termination (ms): Min: 0.0, Avg: 0.1, Max: 0.1, Diff: 0.1, Sum: 0.1]
      [GC Worker Other (ms): Min: 0.1, Avg: 0.1, Max: 0.1, Diff: 0.0, Sum: 0.2]
      [GC Worker Total (ms): Min: 142.7, Avg: 142.7, Max: 142.8, Diff: 0.1, Sum: 285.4]
      [GC Worker End (ms): Min: 6740343.2, Avg: 6740343.2, Max: 6740343.3, Diff: 0.0]
   [Code Root Fixup: 0.2 ms]
   [Code Root Migration: 0.0 ms]
   [Clear CT: 0.5 ms]
   [Other: 3.8 ms]
      [Choose CSet: 0.0 ms]
      [Ref Proc: 1.3 ms]
      [Ref Enq: 0.1 ms]
      [Free CSet: 0.3 ms]
   [Eden: 186.0M(166.0M)->0.0B(472.0M) Survivors: 38.0M->18.0M Heap: 1916.0M(4096.0M)->1743.0M(4096.0M)]
 [Times: user=0.19 sys=0.01, real=0.15 secs] 
2016-08-30T15:28:25.898+0200: 6756.033: [GC pause (young), 0.2012860 secs]
   [Parallel Time: 189.5 ms, GC Workers: 2]
      [GC Worker Start (ms): Min: 6756034.8, Avg: 6756035.0, Max: 6756035.2, Diff: 0.5]
      [Ext Root Scanning (ms): Min: 52.3, Avg: 52.6, Max: 52.8, Diff: 0.5, Sum: 105.2]
      [Update RS (ms): Min: 64.7, Avg: 65.0, Max: 65.2, Diff: 0.5, Sum: 129.9]
         [Processed Buffers: Min: 440, Avg: 470.5, Max: 501, Diff: 61, Sum: 941]
      [Scan RS (ms): Min: 8.8, Avg: 8.8, Max: 8.8, Diff: 0.0, Sum: 17.7]
      [Code Root Scanning (ms): Min: 0.1, Avg: 0.1, Max: 0.2, Diff: 0.1, Sum: 0.3]
      [Object Copy (ms): Min: 61.8, Avg: 62.5, Max: 63.3, Diff: 1.5, Sum: 125.0]
      [Termination (ms): Min: 0.0, Avg: 0.0, Max: 0.0, Diff: 0.0, Sum: 0.0]
      [GC Worker Other (ms): Min: 0.1, Avg: 0.2, Max: 0.2, Diff: 0.0, Sum: 0.3]
      [GC Worker Total (ms): Min: 188.9, Avg: 189.2, Max: 189.4, Diff: 0.5, Sum: 378.4]
      [GC Worker End (ms): Min: 6756224.2, Avg: 6756224.2, Max: 6756224.2, Diff: 0.0]
   [Code Root Fixup: 0.4 ms]
   [Code Root Migration: 0.1 ms]
   [Clear CT: 0.5 ms]
   [Other: 10.8 ms]
      [Choose CSet: 0.0 ms]
      [Ref Proc: 5.9 ms]
      [Ref Enq: 0.4 ms]
      [Free CSet: 1.2 ms]
   [Eden: 440.0M(390.0M)->0.0B(188.0M) Survivors: 18.0M->52.0M Heap: 2183.0M(4096.0M)->1781.0M(4096.0M)]
 [Times: user=0.38 sys=0.01, real=0.21 secs] 
2016-08-30T15:28:30.345+0200: 6760.480: [GC pause (young), 0.1749310 secs]
   [Parallel Time: 166.1 ms, GC Workers: 2]
      [GC Worker Start (ms): Min: 6760481.2, Avg: 6760481.2, Max: 6760481.2, Diff: 0.0]
      [Ext Root Scanning (ms): Min: 50.1, Avg: 50.4, Max: 50.7, Diff: 0.6, Sum: 100.9]
      [Update RS (ms): Min: 30.9, Avg: 30.9, Max: 31.0, Diff: 0.2, Sum: 61.9]
         [Processed Buffers: Min: 315, Avg: 326.5, Max: 338, Diff: 23, Sum: 653]
      [Scan RS (ms): Min: 13.1, Avg: 13.3, Max: 13.6, Diff: 0.5, Sum: 26.6]
      [Code Root Scanning (ms): Min: 0.1, Avg: 0.1, Max: 0.1, Diff: 0.0, Sum: 0.1]
      [Object Copy (ms): Min: 69.9, Avg: 70.0, Max: 70.2, Diff: 0.3, Sum: 140.0]
      [Termination (ms): Min: 0.0, Avg: 0.0, Max: 0.0, Diff: 0.0, Sum: 0.0]
      [GC Worker Other (ms): Min: 0.1, Avg: 0.7, Max: 1.3, Diff: 1.2, Sum: 1.3]
      [GC Worker Total (ms): Min: 164.8, Avg: 165.4, Max: 166.0, Diff: 1.2, Sum: 330.9]
      [GC Worker End (ms): Min: 6760646.0, Avg: 6760646.6, Max: 6760647.2, Diff: 1.2]
   [Code Root Fixup: 0.6 ms]
   [Code Root Migration: 0.0 ms]
   [Clear CT: 0.8 ms]
   [Other: 7.4 ms]
      [Choose CSet: 0.0 ms]
      [Ref Proc: 3.5 ms]
      [Ref Enq: 0.2 ms]
      [Free CSet: 0.5 ms]
   [Eden: 152.0M(152.0M)->0.0B(452.0M) Survivors: 52.0M->18.0M Heap: 1933.0M(4096.0M)->1794.0M(4096.0M)]
 [Times: user=0.32 sys=0.01, real=0.18 secs] 
2016-08-30T15:28:48.105+0200: 6778.240: [GC pause (young), 0.1837400 secs]
   [Parallel Time: 177.2 ms, GC Workers: 2]
      [GC Worker Start (ms): Min: 6778240.7, Avg: 6778242.4, Max: 6778244.2, Diff: 3.6]
      [Ext Root Scanning (ms): Min: 45.9, Avg: 47.0, Max: 48.1, Diff: 2.2, Sum: 94.0]
      [Update RS (ms): Min: 57.9, Avg: 60.3, Max: 62.6, Diff: 4.7, Sum: 120.6]
         [Processed Buffers: Min: 465, Avg: 503.0, Max: 541, Diff: 76, Sum: 1006]
      [Scan RS (ms): Min: 5.4, Avg: 7.7, Max: 10.0, Diff: 4.6, Sum: 15.4]
      [Code Root Scanning (ms): Min: 0.1, Avg: 0.1, Max: 0.1, Diff: 0.0, Sum: 0.1]
      [Object Copy (ms): Min: 57.5, Avg: 59.3, Max: 61.0, Diff: 3.5, Sum: 118.5]
      [Termination (ms): Min: 0.0, Avg: 1.1, Max: 2.1, Diff: 2.1, Sum: 2.1]
      [GC Worker Other (ms): Min: 0.1, Avg: 0.1, Max: 0.1, Diff: 0.0, Sum: 0.1]
      [GC Worker Total (ms): Min: 173.6, Avg: 175.4, Max: 177.2, Diff: 3.6, Sum: 350.8]
      [GC Worker End (ms): Min: 6778417.8, Avg: 6778417.8, Max: 6778417.9, Diff: 0.0]
   [Code Root Fixup: 0.4 ms]
   [Code Root Migration: 0.0 ms]
   [Clear CT: 0.5 ms]
   [Other: 5.6 ms]
      [Choose CSet: 0.0 ms]
      [Ref Proc: 3.0 ms]
      [Ref Enq: 0.2 ms]
      [Free CSet: 0.6 ms]
   [Eden: 452.0M(452.0M)->0.0B(214.0M) Survivors: 18.0M->56.0M Heap: 2246.0M(4096.0M)->1832.0M(4096.0M)]
 [Times: user=0.18 sys=0.00, real=0.18 secs] 
2016-08-30T15:28:52.289+0200: 6782.424: [GC pause (young), 0.1683530 secs]
   [Parallel Time: 161.3 ms, GC Workers: 2]
      [GC Worker Start (ms): Min: 6782424.9, Avg: 6782427.6, Max: 6782430.2, Diff: 5.3]
      [Ext Root Scanning (ms): Min: 49.0, Avg: 50.8, Max: 52.7, Diff: 3.7, Sum: 101.6]
      [Update RS (ms): Min: 31.7, Avg: 32.2, Max: 32.8, Diff: 1.1, Sum: 64.5]
         [Processed Buffers: Min: 268, Avg: 299.0, Max: 330, Diff: 62, Sum: 598]
      [Scan RS (ms): Min: 12.9, Avg: 13.5, Max: 14.0, Diff: 1.1, Sum: 27.0]
      [Code Root Scanning (ms): Min: 0.0, Avg: 0.1, Max: 0.1, Diff: 0.0, Sum: 0.1]
      [Object Copy (ms): Min: 61.1, Avg: 61.9, Max: 62.6, Diff: 1.5, Sum: 123.7]
      [Termination (ms): Min: 0.0, Avg: 0.0, Max: 0.0, Diff: 0.0, Sum: 0.0]
      [GC Worker Other (ms): Min: 0.1, Avg: 0.1, Max: 0.1, Diff: 0.1, Sum: 0.2]
      [GC Worker Total (ms): Min: 155.9, Avg: 158.6, Max: 161.2, Diff: 5.3, Sum: 317.1]
      [GC Worker End (ms): Min: 6782586.1, Avg: 6782586.1, Max: 6782586.1, Diff: 0.0]
   [Code Root Fixup: 0.6 ms]
   [Code Root Migration: 0.0 ms]
   [Clear CT: 0.6 ms]
   [Other: 5.8 ms]
      [Choose CSet: 0.0 ms]
      [Ref Proc: 2.2 ms]
      [Ref Enq: 0.1 ms]
      [Free CSet: 0.5 ms]
   [Eden: 148.0M(148.0M)->0.0B(542.0M) Survivors: 56.0M->20.0M Heap: 1980.0M(4096.0M)->1844.0M(4096.0M)]
 [Times: user=0.33 sys=0.00, real=0.17 secs] 
2016-08-30T15:29:11.420+0200: 6801.554: [GC pause (young), 0.2065840 secs]
   [Parallel Time: 193.6 ms, GC Workers: 2]
      [GC Worker Start (ms): Min: 6801555.9, Avg: 6801555.9, Max: 6801555.9, Diff: 0.0]
      [Ext Root Scanning (ms): Min: 52.0, Avg: 52.1, Max: 52.3, Diff: 0.3, Sum: 104.3]
      [Update RS (ms): Min: 70.7, Avg: 70.8, Max: 70.9, Diff: 0.2, Sum: 141.5]
         [Processed Buffers: Min: 385, Avg: 453.5, Max: 522, Diff: 137, Sum: 907]
      [Scan RS (ms): Min: 8.6, Avg: 9.2, Max: 9.8, Diff: 1.2, Sum: 18.4]
      [Code Root Scanning (ms): Min: 0.1, Avg: 0.2, Max: 0.2, Diff: 0.1, Sum: 0.3]
      [Object Copy (ms): Min: 60.7, Avg: 61.1, Max: 61.5, Diff: 0.9, Sum: 122.2]
      [Termination (ms): Min: 0.0, Avg: 0.0, Max: 0.0, Diff: 0.0, Sum: 0.0]
      [GC Worker Other (ms): Min: 0.2, Avg: 0.2, Max: 0.2, Diff: 0.0, Sum: 0.3]
      [GC Worker Total (ms): Min: 193.5, Avg: 193.5, Max: 193.5, Diff: 0.0, Sum: 387.0]
      [GC Worker End (ms): Min: 6801749.4, Avg: 6801749.4, Max: 6801749.4, Diff: 0.0]
   [Code Root Fixup: 0.5 ms]
   [Code Root Migration: 0.1 ms]
   [Clear CT: 0.6 ms]
   [Other: 11.9 ms]
      [Choose CSet: 0.0 ms]
      [Ref Proc: 7.6 ms]
      [Ref Enq: 0.3 ms]
      [Free CSet: 1.0 ms]
   [Eden: 482.0M(452.0M)->0.0B(178.0M) Survivors: 20.0M->60.0M Heap: 2326.0M(4096.0M)->1884.0M(4096.0M)]
 [Times: user=0.38 sys=0.00, real=0.21 secs] 
2016-08-30T15:29:14.882+0200: 6805.017: [GC pause (young), 0.1622520 secs]
   [Parallel Time: 155.3 ms, GC Workers: 2]
      [GC Worker Start (ms): Min: 6805018.2, Avg: 6805018.2, Max: 6805018.2, Diff: 0.0]
      [Ext Root Scanning (ms): Min: 49.6, Avg: 50.0, Max: 50.5, Diff: 0.9, Sum: 100.1]
      [Update RS (ms): Min: 29.1, Avg: 29.3, Max: 29.4, Diff: 0.3, Sum: 58.5]
         [Processed Buffers: Min: 317, Avg: 333.0, Max: 349, Diff: 32, Sum: 666]
      [Scan RS (ms): Min: 13.0, Avg: 13.1, Max: 13.1, Diff: 0.1, Sum: 26.1]
      [Code Root Scanning (ms): Min: 0.1, Avg: 0.1, Max: 0.1, Diff: 0.0, Sum: 0.1]
      [Object Copy (ms): Min: 62.4, Avg: 62.8, Max: 63.1, Diff: 0.7, Sum: 125.6]
      [Termination (ms): Min: 0.0, Avg: 0.0, Max: 0.0, Diff: 0.0, Sum: 0.0]
      [GC Worker Other (ms): Min: 0.1, Avg: 0.1, Max: 0.1, Diff: 0.0, Sum: 0.1]
      [GC Worker Total (ms): Min: 155.3, Avg: 155.3, Max: 155.3, Diff: 0.0, Sum: 310.6]
      [GC Worker End (ms): Min: 6805173.5, Avg: 6805173.5, Max: 6805173.5, Diff: 0.0]
   [Code Root Fixup: 0.5 ms]
   [Code Root Migration: 0.0 ms]
   [Clear CT: 0.5 ms]
   [Other: 5.8 ms]
      [Choose CSet: 0.0 ms]
      [Ref Proc: 1.9 ms]
      [Ref Enq: 0.1 ms]
      [Free CSet: 0.6 ms]
   [Eden: 144.0M(144.0M)->0.0B(580.0M) Survivors: 60.0M->20.0M Heap: 2028.0M(4096.0M)->1896.0M(4096.0M)]
 [Times: user=0.32 sys=0.00, real=0.16 secs] 
2016-08-30T15:29:34.066+0200: 6824.201: [GC pause (young) (initial-mark), 0.2088530 secs]
   [Parallel Time: 195.9 ms, GC Workers: 2]
      [GC Worker Start (ms): Min: 6824206.0, Avg: 6824206.0, Max: 6824206.0, Diff: 0.0]
      [Ext Root Scanning (ms): Min: 53.8, Avg: 54.0, Max: 54.1, Diff: 0.3, Sum: 108.0]
      [Code Root Marking (ms): Min: 13.0, Avg: 13.0, Max: 13.0, Diff: 0.0, Sum: 26.1]
      [Update RS (ms): Min: 59.1, Avg: 59.5, Max: 59.8, Diff: 0.7, Sum: 118.9]
         [Processed Buffers: Min: 427, Avg: 443.0, Max: 459, Diff: 32, Sum: 886]
      [Scan RS (ms): Min: 9.5, Avg: 9.6, Max: 9.7, Diff: 0.2, Sum: 19.2]
      [Code Root Scanning (ms): Min: 0.1, Avg: 0.2, Max: 0.2, Diff: 0.1, Sum: 0.3]
      [Object Copy (ms): Min: 59.1, Avg: 59.5, Max: 60.0, Diff: 0.9, Sum: 119.0]
      [Termination (ms): Min: 0.0, Avg: 0.0, Max: 0.0, Diff: 0.0, Sum: 0.0]
      [GC Worker Other (ms): Min: 0.1, Avg: 0.1, Max: 0.1, Diff: 0.1, Sum: 0.2]
      [GC Worker Total (ms): Min: 195.9, Avg: 195.9, Max: 195.9, Diff: 0.0, Sum: 391.8]
      [GC Worker End (ms): Min: 6824401.9, Avg: 6824401.9, Max: 6824401.9, Diff: 0.0]
   [Code Root Fixup: 0.3 ms]
   [Code Root Migration: 0.1 ms]
   [Clear CT: 0.4 ms]
   [Other: 12.1 ms]
      [Choose CSet: 0.0 ms]
      [Ref Proc: 4.1 ms]
      [Ref Enq: 0.2 ms]
      [Free CSet: 0.9 ms]
   [Eden: 474.0M(472.0M)->0.0B(172.0M) Survivors: 20.0M->52.0M Heap: 2370.0M(4096.0M)->1928.0M(4096.0M)]
 [Times: user=0.40 sys=0.00, real=0.21 secs] 
2016-08-30T15:29:34.276+0200: 6824.410: [GC concurrent-root-region-scan-start]
2016-08-30T15:29:34.323+0200: 6824.457: [GC concurrent-root-region-scan-end, 0.0469770 secs]
2016-08-30T15:29:34.323+0200: 6824.457: [GC concurrent-mark-start]
2016-08-30T15:29:35.301+0200: 6825.435: [GC concurrent-mark-end, 0.9778750 secs]
2016-08-30T15:29:35.303+0200: 6825.437: [GC remark 2016-08-30T15:29:35.304+0200: 6825.439: [GC ref-proc, 0.0604710 secs], 0.0793290 secs]
 [Times: user=0.09 sys=0.00, real=0.08 secs] 
2016-08-30T15:29:35.386+0200: 6825.520: [GC cleanup 1972M->1908M(4096M), 0.0254580 secs]
 [Times: user=0.05 sys=0.00, real=0.03 secs] 
2016-08-30T15:29:35.412+0200: 6825.546: [GC concurrent-cleanup-start]
2016-08-30T15:29:35.412+0200: 6825.546: [GC concurrent-cleanup-end, 0.0001350 secs]
2016-08-30T15:29:39.721+0200: 6829.856: [GC pause (young), 0.1601620 secs]
   [Parallel Time: 154.7 ms, GC Workers: 2]
      [GC Worker Start (ms): Min: 6829857.2, Avg: 6829857.2, Max: 6829857.2, Diff: 0.0]
      [Ext Root Scanning (ms): Min: 49.6, Avg: 49.9, Max: 50.2, Diff: 0.6, Sum: 99.8]
      [Update RS (ms): Min: 34.0, Avg: 34.3, Max: 34.6, Diff: 0.6, Sum: 68.6]
         [Processed Buffers: Min: 300, Avg: 311.0, Max: 322, Diff: 22, Sum: 622]
      [Scan RS (ms): Min: 12.9, Avg: 13.0, Max: 13.0, Diff: 0.2, Sum: 25.9]
      [Code Root Scanning (ms): Min: 0.0, Avg: 0.1, Max: 0.1, Diff: 0.1, Sum: 0.1]
      [Object Copy (ms): Min: 57.0, Avg: 57.1, Max: 57.2, Diff: 0.2, Sum: 114.3]
      [Termination (ms): Min: 0.0, Avg: 0.0, Max: 0.0, Diff: 0.0, Sum: 0.0]
      [GC Worker Other (ms): Min: 0.1, Avg: 0.2, Max: 0.2, Diff: 0.0, Sum: 0.3]
      [GC Worker Total (ms): Min: 154.5, Avg: 154.5, Max: 154.5, Diff: 0.0, Sum: 309.0]
      [GC Worker End (ms): Min: 6830011.7, Avg: 6830011.7, Max: 6830011.7, Diff: 0.0]
   [Code Root Fixup: 0.2 ms]
   [Code Root Migration: 0.0 ms]
   [Clear CT: 0.5 ms]
   [Other: 4.8 ms]
      [Choose CSet: 0.0 ms]
      [Ref Proc: 1.5 ms]
      [Ref Enq: 0.1 ms]
      [Free CSet: 0.5 ms]
   [Eden: 172.0M(172.0M)->0.0B(182.0M) Survivors: 52.0M->22.0M Heap: 2036.0M(4096.0M)->1873.0M(4096.0M)]
 [Times: user=0.32 sys=0.00, real=0.16 secs] 
2016-08-30T15:29:45.224+0200: 6835.359: [GC pause (mixed), 0.1697380 secs]
   [Parallel Time: 163.1 ms, GC Workers: 2]
      [GC Worker Start (ms): Min: 6835360.5, Avg: 6835361.7, Max: 6835362.9, Diff: 2.4]
      [Ext Root Scanning (ms): Min: 50.3, Avg: 50.7, Max: 51.1, Diff: 0.8, Sum: 101.4]
      [Update RS (ms): Min: 36.1, Avg: 36.2, Max: 36.3, Diff: 0.2, Sum: 72.4]
         [Processed Buffers: Min: 378, Avg: 413.5, Max: 449, Diff: 71, Sum: 827]
      [Scan RS (ms): Min: 28.1, Avg: 28.5, Max: 28.8, Diff: 0.6, Sum: 56.9]
      [Code Root Scanning (ms): Min: 0.1, Avg: 0.2, Max: 0.3, Diff: 0.2, Sum: 0.4]
      [Object Copy (ms): Min: 45.8, Avg: 46.2, Max: 46.6, Diff: 0.9, Sum: 92.4]
      [Termination (ms): Min: 0.0, Avg: 0.0, Max: 0.0, Diff: 0.0, Sum: 0.0]
      [GC Worker Other (ms): Min: 0.1, Avg: 0.1, Max: 0.1, Diff: 0.1, Sum: 0.2]
      [GC Worker Total (ms): Min: 160.6, Avg: 161.8, Max: 163.0, Diff: 2.4, Sum: 323.6]
      [GC Worker End (ms): Min: 6835523.5, Avg: 6835523.5, Max: 6835523.5, Diff: 0.0]
   [Code Root Fixup: 0.2 ms]
   [Code Root Migration: 0.1 ms]
   [Clear CT: 0.6 ms]
   [Other: 5.8 ms]
      [Choose CSet: 0.2 ms]
      [Ref Proc: 1.2 ms]
      [Ref Enq: 0.1 ms]
      [Free CSet: 1.4 ms]
   [Eden: 182.0M(182.0M)->0.0B(180.0M) Survivors: 22.0M->24.0M Heap: 2055.0M(4096.0M)->1583.0M(4096.0M)]
 [Times: user=0.33 sys=0.00, real=0.17 secs] 
2016-08-30T15:29:51.596+0200: 6841.731: [GC pause (mixed), 0.1940350 secs]
   [Parallel Time: 187.0 ms, GC Workers: 2]
      [GC Worker Start (ms): Min: 6841732.6, Avg: 6841732.8, Max: 6841733.0, Diff: 0.4]
      [Ext Root Scanning (ms): Min: 49.6, Avg: 49.7, Max: 49.7, Diff: 0.1, Sum: 99.3]
      [Update RS (ms): Min: 33.7, Avg: 34.1, Max: 34.5, Diff: 0.8, Sum: 68.1]
         [Processed Buffers: Min: 340, Avg: 383.5, Max: 427, Diff: 87, Sum: 767]
      [Scan RS (ms): Min: 46.3, Avg: 46.4, Max: 46.5, Diff: 0.2, Sum: 92.7]
      [Code Root Scanning (ms): Min: 0.1, Avg: 0.1, Max: 0.2, Diff: 0.1, Sum: 0.3]
      [Object Copy (ms): Min: 56.2, Avg: 56.4, Max: 56.5, Diff: 0.3, Sum: 112.7]
      [Termination (ms): Min: 0.0, Avg: 0.0, Max: 0.0, Diff: 0.0, Sum: 0.0]
      [GC Worker Other (ms): Min: 0.1, Avg: 0.1, Max: 0.2, Diff: 0.0, Sum: 0.3]
      [GC Worker Total (ms): Min: 186.6, Avg: 186.7, Max: 186.9, Diff: 0.4, Sum: 373.5]
      [GC Worker End (ms): Min: 6841919.6, Avg: 6841919.6, Max: 6841919.6, Diff: 0.0]
   [Code Root Fixup: 0.2 ms]
   [Code Root Migration: 0.1 ms]
   [Clear CT: 1.0 ms]
   [Other: 5.8 ms]
      [Choose CSet: 0.4 ms]
      [Ref Proc: 1.3 ms]
      [Ref Enq: 0.1 ms]
      [Free CSet: 1.1 ms]
   [Eden: 180.0M(180.0M)->0.0B(184.0M) Survivors: 24.0M->20.0M Heap: 1763.0M(4096.0M)->1421.0M(4096.0M)]
 [Times: user=0.37 sys=0.01, real=0.19 secs] 
2016-08-30T15:29:58.583+0200: 6848.718: [GC pause (mixed), 0.2233760 secs]
   [Parallel Time: 216.1 ms, GC Workers: 2]
      [GC Worker Start (ms): Min: 6848719.9, Avg: 6848720.3, Max: 6848720.6, Diff: 0.7]
      [Ext Root Scanning (ms): Min: 50.3, Avg: 50.7, Max: 51.1, Diff: 0.8, Sum: 101.3]
      [Update RS (ms): Min: 34.5, Avg: 34.9, Max: 35.3, Diff: 0.7, Sum: 69.8]
         [Processed Buffers: Min: 368, Avg: 387.0, Max: 406, Diff: 38, Sum: 774]
      [Scan RS (ms): Min: 61.8, Avg: 61.8, Max: 61.9, Diff: 0.1, Sum: 123.6]
      [Code Root Scanning (ms): Min: 0.1, Avg: 0.1, Max: 0.2, Diff: 0.1, Sum: 0.3]
      [Object Copy (ms): Min: 67.5, Avg: 68.0, Max: 68.5, Diff: 1.0, Sum: 136.0]
      [Termination (ms): Min: 0.0, Avg: 0.0, Max: 0.0, Diff: 0.0, Sum: 0.0]
      [GC Worker Other (ms): Min: 0.1, Avg: 0.1, Max: 0.2, Diff: 0.0, Sum: 0.3]
      [GC Worker Total (ms): Min: 215.3, Avg: 215.7, Max: 216.0, Diff: 0.7, Sum: 431.3]
      [GC Worker End (ms): Min: 6848935.9, Avg: 6848935.9, Max: 6848935.9, Diff: 0.0]
   [Code Root Fixup: 0.2 ms]
   [Code Root Migration: 0.1 ms]
   [Clear CT: 0.6 ms]
   [Other: 6.4 ms]
      [Choose CSet: 0.7 ms]
      [Ref Proc: 1.4 ms]
      [Ref Enq: 0.1 ms]
      [Free CSet: 1.3 ms]
   [Eden: 184.0M(184.0M)->0.0B(186.0M) Survivors: 20.0M->18.0M Heap: 1605.0M(4096.0M)->1269.0M(4096.0M)]
 [Times: user=0.43 sys=0.01, real=0.23 secs] 
2016-08-30T15:30:04.834+0200: 6854.968: [GC pause (mixed), 0.2698640 secs]
   [Parallel Time: 261.8 ms, GC Workers: 2]
      [GC Worker Start (ms): Min: 6854970.8, Avg: 6854970.8, Max: 6854970.8, Diff: 0.1]
      [Ext Root Scanning (ms): Min: 51.8, Avg: 52.2, Max: 52.5, Diff: 0.7, Sum: 104.3]
      [Update RS (ms): Min: 34.1, Avg: 34.6, Max: 35.1, Diff: 1.0, Sum: 69.2]
         [Processed Buffers: Min: 390, Avg: 399.0, Max: 408, Diff: 18, Sum: 798]
      [Scan RS (ms): Min: 91.3, Avg: 91.5, Max: 91.7, Diff: 0.3, Sum: 183.0]
      [Code Root Scanning (ms): Min: 0.1, Avg: 0.2, Max: 0.2, Diff: 0.1, Sum: 0.4]
      [Object Copy (ms): Min: 82.4, Avg: 83.1, Max: 83.9, Diff: 1.5, Sum: 166.3]
      [Termination (ms): Min: 0.0, Avg: 0.0, Max: 0.0, Diff: 0.0, Sum: 0.0]
      [GC Worker Other (ms): Min: 0.1, Avg: 0.1, Max: 0.1, Diff: 0.0, Sum: 0.3]
      [GC Worker Total (ms): Min: 261.7, Avg: 261.7, Max: 261.7, Diff: 0.1, Sum: 523.4]
      [GC Worker End (ms): Min: 6855232.5, Avg: 6855232.5, Max: 6855232.5, Diff: 0.0]
   [Code Root Fixup: 0.2 ms]
   [Code Root Migration: 0.1 ms]
   [Clear CT: 0.6 ms]
   [Other: 7.1 ms]
      [Choose CSet: 1.0 ms]
      [Ref Proc: 1.4 ms]
      [Ref Enq: 0.1 ms]
      [Free CSet: 1.4 ms]
   [Eden: 186.0M(186.0M)->0.0B(182.0M) Survivors: 18.0M->22.0M Heap: 1455.0M(4096.0M)->1121.0M(4096.0M)]
 [Times: user=0.53 sys=0.00, real=0.27 secs] 
2016-08-30T15:30:11.247+0200: 6861.381: [GC pause (mixed), 0.2079490 secs]
   [Parallel Time: 201.5 ms, GC Workers: 2]
      [GC Worker Start (ms): Min: 6861383.2, Avg: 6861383.2, Max: 6861383.3, Diff: 0.0]
      [Ext Root Scanning (ms): Min: 51.4, Avg: 51.7, Max: 51.9, Diff: 0.6, Sum: 103.3]
      [Update RS (ms): Min: 39.6, Avg: 39.6, Max: 39.6, Diff: 0.0, Sum: 79.2]
         [Processed Buffers: Min: 353, Avg: 367.5, Max: 382, Diff: 29, Sum: 735]
      [Scan RS (ms): Min: 52.6, Avg: 53.0, Max: 53.4, Diff: 0.8, Sum: 106.0]
      [Code Root Scanning (ms): Min: 0.0, Avg: 0.1, Max: 0.2, Diff: 0.1, Sum: 0.2]
      [Object Copy (ms): Min: 56.9, Avg: 56.9, Max: 56.9, Diff: 0.0, Sum: 113.8]
      [Termination (ms): Min: 0.0, Avg: 0.0, Max: 0.0, Diff: 0.0, Sum: 0.0]
      [GC Worker Other (ms): Min: 0.1, Avg: 0.1, Max: 0.1, Diff: 0.0, Sum: 0.3]
      [GC Worker Total (ms): Min: 201.4, Avg: 201.4, Max: 201.4, Diff: 0.0, Sum: 402.8]
      [GC Worker End (ms): Min: 6861584.7, Avg: 6861584.7, Max: 6861584.7, Diff: 0.0]
   [Code Root Fixup: 0.3 ms]
   [Code Root Migration: 0.0 ms]
   [Clear CT: 0.6 ms]
   [Other: 5.5 ms]
      [Choose CSet: 0.4 ms]
      [Ref Proc: 1.3 ms]
      [Ref Enq: 0.1 ms]
      [Free CSet: 0.8 ms]
   [Eden: 182.0M(182.0M)->0.0B(188.0M) Survivors: 22.0M->16.0M Heap: 1303.0M(4096.0M)->1077.0M(4096.0M)]
 [Times: user=0.41 sys=0.01, real=0.20 secs] 
2016-08-30T15:30:17.488+0200: 6867.622: [GC pause (young), 0.1497290 secs]
   [Parallel Time: 144.8 ms, GC Workers: 2]
      [GC Worker Start (ms): Min: 6867624.0, Avg: 6867624.0, Max: 6867624.0, Diff: 0.0]
      [Ext Root Scanning (ms): Min: 59.3, Avg: 64.4, Max: 69.4, Diff: 10.1, Sum: 128.7]
      [Update RS (ms): Min: 36.7, Avg: 39.5, Max: 42.4, Diff: 5.7, Sum: 79.1]
         [Processed Buffers: Min: 339, Avg: 369.5, Max: 400, Diff: 61, Sum: 739]
      [Scan RS (ms): Min: 7.1, Avg: 7.1, Max: 7.1, Diff: 0.0, Sum: 14.2]
      [Code Root Scanning (ms): Min: 0.1, Avg: 0.1, Max: 0.1, Diff: 0.0, Sum: 0.2]
      [Object Copy (ms): Min: 31.3, Avg: 33.4, Max: 35.6, Diff: 4.3, Sum: 66.9]
      [Termination (ms): Min: 0.0, Avg: 0.0, Max: 0.0, Diff: 0.0, Sum: 0.0]
      [GC Worker Other (ms): Min: 0.1, Avg: 0.1, Max: 0.1, Diff: 0.0, Sum: 0.3]
      [GC Worker Total (ms): Min: 144.7, Avg: 144.7, Max: 144.7, Diff: 0.0, Sum: 289.3]
      [GC Worker End (ms): Min: 6867768.7, Avg: 6867768.7, Max: 6867768.7, Diff: 0.0]
   [Code Root Fixup: 0.4 ms]
   [Code Root Migration: 0.0 ms]
   [Clear CT: 0.3 ms]
   [Other: 4.3 ms]
      [Choose CSet: 0.0 ms]
      [Ref Proc: 1.3 ms]
      [Ref Enq: 0.1 ms]
      [Free CSet: 0.4 ms]
   [Eden: 188.0M(188.0M)->0.0B(180.0M) Survivors: 16.0M->24.0M Heap: 1265.0M(4096.0M)->1099.0M(4096.0M)]
 [Times: user=0.28 sys=0.00, real=0.15 secs] 
2016-08-30T15:30:23.564+0200: 6873.698: [GC pause (young), 0.1811360 secs]
   [Parallel Time: 174.5 ms, GC Workers: 2]
      [GC Worker Start (ms): Min: 6873699.4, Avg: 6873699.4, Max: 6873699.4, Diff: 0.0]
      [Ext Root Scanning (ms): Min: 55.8, Avg: 66.0, Max: 76.2, Diff: 20.3, Sum: 132.0]
      [Update RS (ms): Min: 41.4, Avg: 44.5, Max: 47.6, Diff: 6.2, Sum: 88.9]
         [Processed Buffers: Min: 323, Avg: 348.5, Max: 374, Diff: 51, Sum: 697]
      [Scan RS (ms): Min: 8.2, Avg: 10.1, Max: 12.0, Diff: 3.9, Sum: 20.2]
      [Code Root Scanning (ms): Min: 0.0, Avg: 0.0, Max: 0.1, Diff: 0.1, Sum: 0.1]
      [Object Copy (ms): Min: 44.7, Avg: 53.7, Max: 62.6, Diff: 17.9, Sum: 107.3]
      [Termination (ms): Min: 0.0, Avg: 0.1, Max: 0.2, Diff: 0.2, Sum: 0.2]
      [GC Worker Other (ms): Min: 0.1, Avg: 0.1, Max: 0.1, Diff: 0.0, Sum: 0.2]
      [GC Worker Total (ms): Min: 174.4, Avg: 174.4, Max: 174.4, Diff: 0.1, Sum: 348.8]
      [GC Worker End (ms): Min: 6873873.8, Avg: 6873873.8, Max: 6873873.8, Diff: 0.0]
   [Code Root Fixup: 0.3 ms]
   [Code Root Migration: 0.0 ms]
   [Clear CT: 0.4 ms]
   [Other: 5.9 ms]
      [Choose CSet: 0.0 ms]
      [Ref Proc: 3.5 ms]
      [Ref Enq: 0.1 ms]
      [Free CSet: 0.3 ms]
   [Eden: 180.0M(180.0M)->0.0B(182.0M) Survivors: 24.0M->22.0M Heap: 1279.0M(4096.0M)->1117.0M(4096.0M)]
 [Times: user=0.18 sys=0.00, real=0.18 secs] 
2016-08-30T15:30:30.402+0200: 6880.536: [GC pause (young), 0.1642620 secs]
   [Parallel Time: 156.5 ms, GC Workers: 2]
      [GC Worker Start (ms): Min: 6880538.0, Avg: 6880538.6, Max: 6880539.2, Diff: 1.2]
      [Ext Root Scanning (ms): Min: 52.3, Avg: 55.7, Max: 59.2, Diff: 6.9, Sum: 111.5]
      [Update RS (ms): Min: 40.9, Avg: 47.1, Max: 53.4, Diff: 12.5, Sum: 94.3]
         [Processed Buffers: Min: 366, Avg: 391.0, Max: 416, Diff: 50, Sum: 782]
      [Scan RS (ms): Min: 6.0, Avg: 8.6, Max: 11.3, Diff: 5.3, Sum: 17.2]
      [Code Root Scanning (ms): Min: 0.0, Avg: 0.1, Max: 0.2, Diff: 0.2, Sum: 0.2]
      [Object Copy (ms): Min: 43.3, Avg: 44.0, Max: 44.7, Diff: 1.4, Sum: 88.0]
      [Termination (ms): Min: 0.0, Avg: 0.0, Max: 0.0, Diff: 0.0, Sum: 0.0]
      [GC Worker Other (ms): Min: 0.1, Avg: 0.2, Max: 0.2, Diff: 0.0, Sum: 0.3]
      [GC Worker Total (ms): Min: 155.1, Avg: 155.8, Max: 156.4, Diff: 1.2, Sum: 311.5]
      [GC Worker End (ms): Min: 6880694.4, Avg: 6880694.4, Max: 6880694.4, Diff: 0.0]
   [Code Root Fixup: 0.6 ms]
   [Code Root Migration: 0.0 ms]
   [Clear CT: 0.4 ms]
   [Other: 6.8 ms]
      [Choose CSet: 0.0 ms]
      [Ref Proc: 3.2 ms]
      [Ref Enq: 0.2 ms]
      [Free CSet: 0.5 ms]
   [Eden: 182.0M(182.0M)->0.0B(184.0M) Survivors: 22.0M->20.0M Heap: 1299.0M(4096.0M)->1133.0M(4096.0M)]
 [Times: user=0.30 sys=0.00, real=0.16 secs] 
2016-08-30T15:30:37.274+0200: 6887.408: [GC pause (young), 0.1917950 secs]
   [Parallel Time: 187.4 ms, GC Workers: 2]
      [GC Worker Start (ms): Min: 6887409.2, Avg: 6887409.2, Max: 6887409.2, Diff: 0.0]
      [Ext Root Scanning (ms): Min: 73.4, Avg: 78.0, Max: 82.6, Diff: 9.2, Sum: 156.0]
      [Update RS (ms): Min: 45.0, Avg: 49.8, Max: 54.7, Diff: 9.6, Sum: 99.7]
         [Processed Buffers: Min: 352, Avg: 379.5, Max: 407, Diff: 55, Sum: 759]
      [Scan RS (ms): Min: 11.5, Avg: 11.7, Max: 11.9, Diff: 0.4, Sum: 23.4]
      [Code Root Scanning (ms): Min: 0.0, Avg: 0.0, Max: 0.0, Diff: 0.0, Sum: 0.1]
      [Object Copy (ms): Min: 47.7, Avg: 47.7, Max: 47.7, Diff: 0.0, Sum: 95.4]
      [Termination (ms): Min: 0.0, Avg: 0.1, Max: 0.1, Diff: 0.1, Sum: 0.1]
      [GC Worker Other (ms): Min: 0.1, Avg: 0.1, Max: 0.1, Diff: 0.0, Sum: 0.2]
      [GC Worker Total (ms): Min: 187.4, Avg: 187.4, Max: 187.4, Diff: 0.0, Sum: 374.8]
      [GC Worker End (ms): Min: 6887596.6, Avg: 6887596.6, Max: 6887596.6, Diff: 0.0]
   [Code Root Fixup: 0.4 ms]
   [Code Root Migration: 0.0 ms]
   [Clear CT: 0.4 ms]
   [Other: 3.6 ms]
      [Choose CSet: 0.0 ms]
      [Ref Proc: 1.4 ms]
      [Ref Enq: 0.1 ms]
      [Free CSet: 0.3 ms]
   [Eden: 184.0M(184.0M)->0.0B(184.0M) Survivors: 20.0M->20.0M Heap: 1317.0M(4096.0M)->1149.0M(4096.0M)]
 [Times: user=0.17 sys=0.00, real=0.19 secs] 
2016-08-30T15:30:43.365+0200: 6893.499: [GC pause (young), 0.1492940 secs]
   [Parallel Time: 139.3 ms, GC Workers: 2]
      [GC Worker Start (ms): Min: 6893500.8, Avg: 6893501.2, Max: 6893501.7, Diff: 0.9]
      [Ext Root Scanning (ms): Min: 50.8, Avg: 50.8, Max: 50.8, Diff: 0.0, Sum: 101.6]
      [Update RS (ms): Min: 39.5, Avg: 39.8, Max: 40.2, Diff: 0.7, Sum: 79.7]
         [Processed Buffers: Min: 418, Avg: 434.5, Max: 451, Diff: 33, Sum: 869]
      [Scan RS (ms): Min: 6.5, Avg: 6.8, Max: 7.1, Diff: 0.6, Sum: 13.7]
      [Code Root Scanning (ms): Min: 0.1, Avg: 0.1, Max: 0.1, Diff: 0.0, Sum: 0.1]
      [Object Copy (ms): Min: 36.7, Avg: 39.2, Max: 41.6, Diff: 4.8, Sum: 78.3]
      [Termination (ms): Min: 0.0, Avg: 2.0, Max: 3.9, Diff: 3.9, Sum: 3.9]
      [GC Worker Other (ms): Min: 0.1, Avg: 0.1, Max: 0.1, Diff: 0.0, Sum: 0.2]
      [GC Worker Total (ms): Min: 138.3, Avg: 138.8, Max: 139.3, Diff: 0.9, Sum: 277.6]
      [GC Worker End (ms): Min: 6893640.0, Avg: 6893640.0, Max: 6893640.0, Diff: 0.0]
   [Code Root Fixup: 0.3 ms]
   [Code Root Migration: 0.0 ms]
   [Clear CT: 0.5 ms]
   [Other: 9.1 ms]
      [Choose CSet: 0.0 ms]
      [Ref Proc: 5.9 ms]
      [Ref Enq: 0.1 ms]
      [Free CSet: 0.4 ms]
   [Eden: 184.0M(184.0M)->0.0B(180.0M) Survivors: 20.0M->24.0M Heap: 1333.0M(4096.0M)->1170.0M(4096.0M)]
 [Times: user=0.28 sys=0.00, real=0.15 secs] 
2016-08-30T15:30:49.577+0200: 6899.711: [GC pause (young), 0.1440410 secs]
   [Parallel Time: 136.7 ms, GC Workers: 2]
      [GC Worker Start (ms): Min: 6899712.9, Avg: 6899712.9, Max: 6899712.9, Diff: 0.0]
      [Ext Root Scanning (ms): Min: 52.1, Avg: 52.3, Max: 52.5, Diff: 0.4, Sum: 104.6]
      [Update RS (ms): Min: 37.7, Avg: 38.4, Max: 39.1, Diff: 1.4, Sum: 76.7]
         [Processed Buffers: Min: 403, Avg: 404.0, Max: 405, Diff: 2, Sum: 808]
      [Scan RS (ms): Min: 7.0, Avg: 7.2, Max: 7.3, Diff: 0.3, Sum: 14.3]
      [Code Root Scanning (ms): Min: 0.1, Avg: 0.1, Max: 0.1, Diff: 0.0, Sum: 0.1]
      [Object Copy (ms): Min: 37.9, Avg: 38.5, Max: 39.2, Diff: 1.3, Sum: 77.1]
      [Termination (ms): Min: 0.0, Avg: 0.0, Max: 0.0, Diff: 0.0, Sum: 0.0]
      [GC Worker Other (ms): Min: 0.2, Avg: 0.2, Max: 0.2, Diff: 0.0, Sum: 0.3]
      [GC Worker Total (ms): Min: 136.6, Avg: 136.6, Max: 136.6, Diff: 0.0, Sum: 273.2]
      [GC Worker End (ms): Min: 6899849.5, Avg: 6899849.5, Max: 6899849.5, Diff: 0.0]
   [Code Root Fixup: 0.4 ms]
   [Code Root Migration: 0.1 ms]
   [Clear CT: 0.4 ms]
   [Other: 6.5 ms]
      [Choose CSet: 0.0 ms]
      [Ref Proc: 2.8 ms]
      [Ref Enq: 0.2 ms]
      [Free CSet: 0.5 ms]
   [Eden: 180.0M(180.0M)->0.0B(184.0M) Survivors: 24.0M->20.0M Heap: 1350.0M(4096.0M)->1188.0M(4096.0M)]
 [Times: user=0.28 sys=0.00, real=0.14 secs] 
2016-08-30T15:30:54.753+0200: 6904.887: [GC pause (young), 0.1500110 secs]
   [Parallel Time: 143.0 ms, GC Workers: 2]
      [GC Worker Start (ms): Min: 6904889.1, Avg: 6904889.1, Max: 6904889.2, Diff: 0.0]
      [Ext Root Scanning (ms): Min: 58.7, Avg: 59.5, Max: 60.3, Diff: 1.6, Sum: 119.0]
      [Update RS (ms): Min: 37.3, Avg: 37.4, Max: 37.5, Diff: 0.2, Sum: 74.8]
         [Processed Buffers: Min: 385, Avg: 395.5, Max: 406, Diff: 21, Sum: 791]
      [Scan RS (ms): Min: 6.1, Avg: 6.5, Max: 7.0, Diff: 0.9, Sum: 13.1]
      [Code Root Scanning (ms): Min: 0.0, Avg: 0.1, Max: 0.1, Diff: 0.1, Sum: 0.1]
      [Object Copy (ms): Min: 38.8, Avg: 39.2, Max: 39.7, Diff: 0.9, Sum: 78.4]
      [Termination (ms): Min: 0.0, Avg: 0.0, Max: 0.0, Diff: 0.0, Sum: 0.0]
      [GC Worker Other (ms): Min: 0.1, Avg: 0.1, Max: 0.1, Diff: 0.1, Sum: 0.2]
      [GC Worker Total (ms): Min: 142.8, Avg: 142.8, Max: 142.8, Diff: 0.0, Sum: 285.7]
      [GC Worker End (ms): Min: 6905032.0, Avg: 6905032.0, Max: 6905032.0, Diff: 0.0]
   [Code Root Fixup: 0.4 ms]
   [Code Root Migration: 0.0 ms]
   [Clear CT: 0.4 ms]
   [Other: 6.2 ms]
      [Choose CSet: 0.0 ms]
      [Ref Proc: 2.5 ms]
      [Ref Enq: 0.2 ms]
      [Free CSet: 0.5 ms]
   [Eden: 184.0M(184.0M)->0.0B(210.0M) Survivors: 20.0M->24.0M Heap: 1372.0M(4096.0M)->1209.0M(4096.0M)]
 [Times: user=0.27 sys=0.00, real=0.15 secs] 
2016-08-30T15:31:02.581+0200: 6912.716: [GC pause (young), 0.1479450 secs]
   [Parallel Time: 141.0 ms, GC Workers: 2]
      [GC Worker Start (ms): Min: 6912717.3, Avg: 6912718.3, Max: 6912719.3, Diff: 2.0]
      [Ext Root Scanning (ms): Min: 49.4, Avg: 50.1, Max: 50.8, Diff: 1.5, Sum: 100.2]
      [Update RS (ms): Min: 41.9, Avg: 41.9, Max: 41.9, Diff: 0.0, Sum: 83.8]
         [Processed Buffers: Min: 385, Avg: 407.0, Max: 429, Diff: 44, Sum: 814]
      [Scan RS (ms): Min: 6.7, Avg: 6.8, Max: 6.8, Diff: 0.1, Sum: 13.5]
      [Code Root Scanning (ms): Min: 0.1, Avg: 0.1, Max: 0.1, Diff: 0.0, Sum: 0.1]
      [Object Copy (ms): Min: 40.6, Avg: 40.9, Max: 41.3, Diff: 0.7, Sum: 81.9]
      [Termination (ms): Min: 0.0, Avg: 0.0, Max: 0.0, Diff: 0.0, Sum: 0.0]
      [GC Worker Other (ms): Min: 0.1, Avg: 0.2, Max: 0.2, Diff: 0.0, Sum: 0.3]
      [GC Worker Total (ms): Min: 138.9, Avg: 139.9, Max: 140.9, Diff: 2.0, Sum: 279.8]
      [GC Worker End (ms): Min: 6912858.2, Avg: 6912858.2, Max: 6912858.2, Diff: 0.0]
   [Code Root Fixup: 0.6 ms]
   [Code Root Migration: 0.0 ms]
   [Clear CT: 0.4 ms]
   [Other: 6.0 ms]
      [Choose CSet: 0.0 ms]
      [Ref Proc: 2.4 ms]
      [Ref Enq: 0.2 ms]
      [Free CSet: 0.5 ms]
   [Eden: 210.0M(210.0M)->0.0B(330.0M) Survivors: 24.0M->20.0M Heap: 1419.0M(4096.0M)->1226.0M(4096.0M)]
 [Times: user=0.28 sys=0.00, real=0.15 secs] 
2016-08-30T15:31:13.427+0200: 6923.562: [GC pause (young), 0.1730910 secs]
   [Parallel Time: 164.1 ms, GC Workers: 2]
      [GC Worker Start (ms): Min: 6923563.3, Avg: 6923563.3, Max: 6923563.3, Diff: 0.0]
      [Ext Root Scanning (ms): Min: 45.9, Avg: 46.6, Max: 47.2, Diff: 1.2, Sum: 93.1]
      [Update RS (ms): Min: 59.2, Avg: 59.5, Max: 59.8, Diff: 0.6, Sum: 119.0]
         [Processed Buffers: Min: 454, Avg: 501.0, Max: 548, Diff: 94, Sum: 1002]
      [Scan RS (ms): Min: 7.3, Avg: 7.5, Max: 7.6, Diff: 0.3, Sum: 14.9]
      [Code Root Scanning (ms): Min: 0.1, Avg: 0.1, Max: 0.1, Diff: 0.1, Sum: 0.2]
      [Object Copy (ms): Min: 49.8, Avg: 50.3, Max: 50.7, Diff: 0.9, Sum: 100.6]
      [Termination (ms): Min: 0.0, Avg: 0.0, Max: 0.0, Diff: 0.0, Sum: 0.0]
      [GC Worker Other (ms): Min: 0.1, Avg: 0.1, Max: 0.1, Diff: 0.0, Sum: 0.2]
      [GC Worker Total (ms): Min: 164.0, Avg: 164.0, Max: 164.0, Diff: 0.0, Sum: 328.0]
      [GC Worker End (ms): Min: 6923727.3, Avg: 6923727.3, Max: 6923727.3, Diff: 0.0]
   [Code Root Fixup: 0.5 ms]
   [Code Root Migration: 0.0 ms]
   [Clear CT: 0.4 ms]
   [Other: 8.1 ms]
      [Choose CSet: 0.0 ms]
      [Ref Proc: 4.3 ms]
      [Ref Enq: 0.3 ms]
      [Free CSet: 0.6 ms]
   [Eden: 330.0M(330.0M)->0.0B(300.0M) Survivors: 20.0M->44.0M Heap: 1556.0M(4096.0M)->1259.0M(4096.0M)]
 [Times: user=0.33 sys=0.00, real=0.17 secs] 
2016-08-30T15:31:24.786+0200: 6934.920: [GC pause (young), 0.1879740 secs]
   [Parallel Time: 178.7 ms, GC Workers: 2]
      [GC Worker Start (ms): Min: 6934921.7, Avg: 6934921.7, Max: 6934921.7, Diff: 0.0]
      [Ext Root Scanning (ms): Min: 50.9, Avg: 52.3, Max: 53.8, Diff: 3.0, Sum: 104.7]
      [Update RS (ms): Min: 48.4, Avg: 50.1, Max: 51.8, Diff: 3.4, Sum: 100.2]
         [Processed Buffers: Min: 498, Avg: 498.5, Max: 499, Diff: 1, Sum: 997]
      [Scan RS (ms): Min: 13.5, Avg: 14.1, Max: 14.8, Diff: 1.2, Sum: 28.3]
      [Code Root Scanning (ms): Min: 0.1, Avg: 0.1, Max: 0.1, Diff: 0.0, Sum: 0.2]
      [Object Copy (ms): Min: 61.3, Avg: 61.8, Max: 62.2, Diff: 0.9, Sum: 123.5]
      [Termination (ms): Min: 0.0, Avg: 0.0, Max: 0.0, Diff: 0.0, Sum: 0.0]
      [GC Worker Other (ms): Min: 0.1, Avg: 0.1, Max: 0.2, Diff: 0.0, Sum: 0.3]
      [GC Worker Total (ms): Min: 178.6, Avg: 178.6, Max: 178.6, Diff: 0.0, Sum: 357.2]
      [GC Worker End (ms): Min: 6935100.3, Avg: 6935100.3, Max: 6935100.3, Diff: 0.0]
   [Code Root Fixup: 0.4 ms]
   [Code Root Migration: 0.1 ms]
   [Clear CT: 0.5 ms]
   [Other: 8.3 ms]
      [Choose CSet: 0.0 ms]
      [Ref Proc: 3.9 ms]
      [Ref Enq: 0.3 ms]
      [Free CSet: 0.9 ms]
   [Eden: 300.0M(300.0M)->0.0B(382.0M) Survivors: 44.0M->24.0M Heap: 1559.0M(4096.0M)->1280.0M(4096.0M)]
 [Times: user=0.37 sys=0.01, real=0.19 secs] 
2016-08-30T15:31:39.620+0200: 6949.755: [GC pause (young), 0.1924640 secs]
   [Parallel Time: 181.0 ms, GC Workers: 2]
      [GC Worker Start (ms): Min: 6949756.7, Avg: 6949759.3, Max: 6949762.0, Diff: 5.3]
      [Ext Root Scanning (ms): Min: 50.5, Avg: 52.2, Max: 53.9, Diff: 3.4, Sum: 104.4]
      [Update RS (ms): Min: 55.7, Avg: 56.1, Max: 56.6, Diff: 1.0, Sum: 112.3]
         [Processed Buffers: Min: 454, Avg: 467.0, Max: 480, Diff: 26, Sum: 934]
      [Scan RS (ms): Min: 11.3, Avg: 11.6, Max: 11.8, Diff: 0.5, Sum: 23.1]
      [Code Root Scanning (ms): Min: 0.1, Avg: 0.1, Max: 0.1, Diff: 0.0, Sum: 0.3]
      [Object Copy (ms): Min: 57.5, Avg: 58.1, Max: 58.8, Diff: 1.3, Sum: 116.2]
      [Termination (ms): Min: 0.0, Avg: 0.0, Max: 0.0, Diff: 0.0, Sum: 0.0]
      [GC Worker Other (ms): Min: 0.1, Avg: 0.2, Max: 0.2, Diff: 0.1, Sum: 0.3]
      [GC Worker Total (ms): Min: 175.7, Avg: 178.3, Max: 181.0, Diff: 5.3, Sum: 356.7]
      [GC Worker End (ms): Min: 6949937.7, Avg: 6949937.7, Max: 6949937.7, Diff: 0.0]
   [Code Root Fixup: 0.5 ms]
   [Code Root Migration: 0.1 ms]
   [Clear CT: 0.5 ms]
   [Other: 10.4 ms]
      [Choose CSet: 0.0 ms]
      [Ref Proc: 5.9 ms]
      [Ref Enq: 0.4 ms]
      [Free CSet: 0.9 ms]
   [Eden: 382.0M(382.0M)->0.0B(224.0M) Survivors: 24.0M->48.0M Heap: 1662.0M(4096.0M)->1304.0M(4096.0M)]
 [Times: user=0.37 sys=0.00, real=0.19 secs] 
2016-08-30T15:31:46.220+0200: 6956.354: [GC pause (young), 0.1845820 secs]
   [Parallel Time: 178.7 ms, GC Workers: 2]
      [GC Worker Start (ms): Min: 6956356.0, Avg: 6956356.4, Max: 6956356.9, Diff: 0.9]
      [Ext Root Scanning (ms): Min: 50.3, Avg: 51.0, Max: 51.8, Diff: 1.5, Sum: 102.0]
      [Update RS (ms): Min: 53.6, Avg: 53.9, Max: 54.1, Diff: 0.6, Sum: 107.7]
         [Processed Buffers: Min: 419, Avg: 442.5, Max: 466, Diff: 47, Sum: 885]
      [Scan RS (ms): Min: 18.0, Avg: 18.5, Max: 19.0, Diff: 1.0, Sum: 37.1]
      [Code Root Scanning (ms): Min: 0.1, Avg: 0.1, Max: 0.1, Diff: 0.0, Sum: 0.2]
      [Object Copy (ms): Min: 54.5, Avg: 54.6, Max: 54.6, Diff: 0.1, Sum: 109.2]
      [Termination (ms): Min: 0.0, Avg: 0.0, Max: 0.0, Diff: 0.0, Sum: 0.0]
      [GC Worker Other (ms): Min: 0.1, Avg: 0.2, Max: 0.2, Diff: 0.1, Sum: 0.3]
      [GC Worker Total (ms): Min: 177.8, Avg: 178.2, Max: 178.7, Diff: 0.9, Sum: 356.5]
      [GC Worker End (ms): Min: 6956534.7, Avg: 6956534.7, Max: 6956534.7, Diff: 0.0]
   [Code Root Fixup: 0.2 ms]
   [Code Root Migration: 0.0 ms]
   [Clear CT: 0.3 ms]
   [Other: 5.3 ms]
      [Choose CSet: 0.0 ms]
      [Ref Proc: 1.8 ms]
      [Ref Enq: 0.1 ms]
      [Free CSet: 0.5 ms]
   [Eden: 224.0M(224.0M)->0.0B(328.0M) Survivors: 48.0M->24.0M Heap: 1528.0M(4096.0M)->1319.0M(4096.0M)]
 [Times: user=0.32 sys=0.01, real=0.18 secs] 
2016-08-30T15:31:57.652+0200: 6967.787: [GC pause (young), 0.1738050 secs]
   [Parallel Time: 163.2 ms, GC Workers: 2]
      [GC Worker Start (ms): Min: 6967788.9, Avg: 6967788.9, Max: 6967789.0, Diff: 0.0]
      [Ext Root Scanning (ms): Min: 50.5, Avg: 51.0, Max: 51.5, Diff: 1.0, Sum: 101.9]
      [Update RS (ms): Min: 51.6, Avg: 52.1, Max: 52.7, Diff: 1.1, Sum: 104.3]
         [Processed Buffers: Min: 471, Avg: 492.5, Max: 514, Diff: 43, Sum: 985]
      [Scan RS (ms): Min: 9.7, Avg: 10.3, Max: 10.8, Diff: 1.1, Sum: 20.5]
      [Code Root Scanning (ms): Min: 0.1, Avg: 0.1, Max: 0.1, Diff: 0.1, Sum: 0.2]
      [Object Copy (ms): Min: 49.0, Avg: 49.5, Max: 49.9, Diff: 0.9, Sum: 98.9]
      [Termination (ms): Min: 0.0, Avg: 0.0, Max: 0.0, Diff: 0.0, Sum: 0.0]
      [GC Worker Other (ms): Min: 0.1, Avg: 0.2, Max: 0.2, Diff: 0.0, Sum: 0.3]
      [GC Worker Total (ms): Min: 163.1, Avg: 163.1, Max: 163.1, Diff: 0.0, Sum: 326.2]
      [GC Worker End (ms): Min: 6967952.1, Avg: 6967952.1, Max: 6967952.1, Diff: 0.0]
   [Code Root Fixup: 0.4 ms]
   [Code Root Migration: 0.1 ms]
   [Clear CT: 0.5 ms]
   [Other: 9.7 ms]
      [Choose CSet: 0.0 ms]
      [Ref Proc: 5.0 ms]
      [Ref Enq: 0.4 ms]
      [Free CSet: 0.9 ms]
   [Eden: 328.0M(328.0M)->0.0B(254.0M) Survivors: 24.0M->44.0M Heap: 1647.0M(4096.0M)->1341.0M(4096.0M)]
 [Times: user=0.34 sys=0.00, real=0.17 secs] 
2016-08-30T15:32:07.869+0200: 6978.004: [GC pause (young), 0.1677390 secs]
   [Parallel Time: 161.6 ms, GC Workers: 2]
      [GC Worker Start (ms): Min: 6978005.5, Avg: 6978005.5, Max: 6978005.5, Diff: 0.0]
      [Ext Root Scanning (ms): Min: 49.8, Avg: 51.6, Max: 53.4, Diff: 3.6, Sum: 103.2]
      [Update RS (ms): Min: 44.1, Avg: 45.7, Max: 47.4, Diff: 3.3, Sum: 91.5]
         [Processed Buffers: Min: 378, Avg: 410.0, Max: 442, Diff: 64, Sum: 820]
      [Scan RS (ms): Min: 14.0, Avg: 14.1, Max: 14.3, Diff: 0.3, Sum: 28.3]
      [Code Root Scanning (ms): Min: 0.1, Avg: 0.1, Max: 0.1, Diff: 0.0, Sum: 0.2]
      [Object Copy (ms): Min: 49.4, Avg: 49.8, Max: 50.1, Diff: 0.7, Sum: 99.6]
      [Termination (ms): Min: 0.0, Avg: 0.0, Max: 0.0, Diff: 0.0, Sum: 0.0]
      [GC Worker Other (ms): Min: 0.1, Avg: 0.2, Max: 0.2, Diff: 0.1, Sum: 0.3]
      [GC Worker Total (ms): Min: 161.5, Avg: 161.5, Max: 161.5, Diff: 0.0, Sum: 323.0]
      [GC Worker End (ms): Min: 6978167.0, Avg: 6978167.0, Max: 6978167.0, Diff: 0.0]
   [Code Root Fixup: 0.2 ms]
   [Code Root Migration: 0.0 ms]
   [Clear CT: 0.4 ms]
   [Other: 5.5 ms]
      [Choose CSet: 0.0 ms]
      [Ref Proc: 2.1 ms]
      [Ref Enq: 0.1 ms]
      [Free CSet: 0.5 ms]
   [Eden: 254.0M(254.0M)->0.0B(432.0M) Survivors: 44.0M->24.0M Heap: 1595.0M(4096.0M)->1355.0M(4096.0M)]
 [Times: user=0.33 sys=0.00, real=0.17 secs] 
2016-08-30T15:32:24.805+0200: 6994.939: [GC pause (young), 0.1888520 secs]
   [Parallel Time: 177.4 ms, GC Workers: 2]
      [GC Worker Start (ms): Min: 6994941.0, Avg: 6994941.0, Max: 6994941.0, Diff: 0.0]
      [Ext Root Scanning (ms): Min: 48.8, Avg: 49.2, Max: 49.5, Diff: 0.7, Sum: 98.4]
      [Update RS (ms): Min: 56.5, Avg: 56.6, Max: 56.7, Diff: 0.2, Sum: 113.2]
         [Processed Buffers: Min: 418, Avg: 444.5, Max: 471, Diff: 53, Sum: 889]
      [Scan RS (ms): Min: 11.2, Avg: 11.5, Max: 11.9, Diff: 0.7, Sum: 23.1]
      [Code Root Scanning (ms): Min: 0.1, Avg: 0.2, Max: 0.2, Diff: 0.1, Sum: 0.4]
      [Object Copy (ms): Min: 59.5, Avg: 59.7, Max: 59.8, Diff: 0.3, Sum: 119.3]
      [Termination (ms): Min: 0.0, Avg: 0.0, Max: 0.0, Diff: 0.0, Sum: 0.0]
      [GC Worker Other (ms): Min: 0.2, Avg: 0.2, Max: 0.2, Diff: 0.0, Sum: 0.3]
      [GC Worker Total (ms): Min: 177.3, Avg: 177.3, Max: 177.3, Diff: 0.0, Sum: 354.6]
      [GC Worker End (ms): Min: 6995118.3, Avg: 6995118.3, Max: 6995118.3, Diff: 0.0]
   [Code Root Fixup: 0.5 ms]
   [Code Root Migration: 0.1 ms]
   [Clear CT: 0.5 ms]
   [Other: 10.4 ms]
      [Choose CSet: 0.0 ms]
      [Ref Proc: 5.4 ms]
      [Ref Enq: 0.4 ms]
      [Free CSet: 1.4 ms]
   [Eden: 432.0M(432.0M)->0.0B(286.0M) Survivors: 24.0M->54.0M Heap: 1787.0M(4096.0M)->1385.0M(4096.0M)]
 [Times: user=0.36 sys=0.01, real=0.19 secs] 
2016-08-30T15:32:35.025+0200: 7005.160: [GC pause (young), 0.1992880 secs]
   [Parallel Time: 190.0 ms, GC Workers: 2]
      [GC Worker Start (ms): Min: 7005161.4, Avg: 7005162.6, Max: 7005163.8, Diff: 2.4]
      [Ext Root Scanning (ms): Min: 55.2, Avg: 57.2, Max: 59.3, Diff: 4.1, Sum: 114.5]
      [Update RS (ms): Min: 42.7, Avg: 45.9, Max: 49.1, Diff: 6.4, Sum: 91.8]
         [Processed Buffers: Min: 399, Avg: 420.0, Max: 441, Diff: 42, Sum: 840]
      [Scan RS (ms): Min: 14.3, Avg: 14.7, Max: 15.0, Diff: 0.7, Sum: 29.3]
      [Code Root Scanning (ms): Min: 0.1, Avg: 0.1, Max: 0.1, Diff: 0.0, Sum: 0.2]
      [Object Copy (ms): Min: 70.2, Avg: 70.6, Max: 71.1, Diff: 0.9, Sum: 141.3]
      [Termination (ms): Min: 0.0, Avg: 0.0, Max: 0.0, Diff: 0.0, Sum: 0.0]
      [GC Worker Other (ms): Min: 0.1, Avg: 0.2, Max: 0.2, Diff: 0.1, Sum: 0.3]
      [GC Worker Total (ms): Min: 187.5, Avg: 188.7, Max: 189.9, Diff: 2.4, Sum: 377.4]
      [GC Worker End (ms): Min: 7005351.3, Avg: 7005351.3, Max: 7005351.3, Diff: 0.0]
   [Code Root Fixup: 0.4 ms]
   [Code Root Migration: 0.1 ms]
   [Clear CT: 0.6 ms]
   [Other: 8.3 ms]
      [Choose CSet: 0.0 ms]
      [Ref Proc: 3.9 ms]
      [Ref Enq: 0.3 ms]
      [Free CSet: 0.7 ms]
   [Eden: 286.0M(286.0M)->0.0B(378.0M) Survivors: 54.0M->28.0M Heap: 1671.0M(4096.0M)->1402.0M(4096.0M)]
 [Times: user=0.38 sys=0.00, real=0.20 secs] 
2016-08-30T15:32:48.934+0200: 7019.068: [GC pause (young), 0.1042890 secs]
   [Parallel Time: 98.9 ms, GC Workers: 2]
      [GC Worker Start (ms): Min: 7019069.4, Avg: 7019069.4, Max: 7019069.5, Diff: 0.0]
      [Ext Root Scanning (ms): Min: 25.7, Avg: 35.3, Max: 44.9, Diff: 19.2, Sum: 70.6]
      [Update RS (ms): Min: 19.8, Avg: 26.6, Max: 33.4, Diff: 13.6, Sum: 53.2]
         [Processed Buffers: Min: 313, Avg: 471.5, Max: 630, Diff: 317, Sum: 943]
      [Scan RS (ms): Min: 4.8, Avg: 5.0, Max: 5.2, Diff: 0.4, Sum: 10.1]
      [Code Root Scanning (ms): Min: 0.1, Avg: 0.1, Max: 0.1, Diff: 0.0, Sum: 0.1]
      [Object Copy (ms): Min: 29.1, Avg: 31.7, Max: 34.4, Diff: 5.3, Sum: 63.4]
      [Termination (ms): Min: 0.0, Avg: 0.0, Max: 0.0, Diff: 0.0, Sum: 0.0]
      [GC Worker Other (ms): Min: 0.1, Avg: 0.1, Max: 0.1, Diff: 0.0, Sum: 0.2]
      [GC Worker Total (ms): Min: 98.8, Avg: 98.8, Max: 98.8, Diff: 0.0, Sum: 197.6]
      [GC Worker End (ms): Min: 7019168.3, Avg: 7019168.3, Max: 7019168.3, Diff: 0.0]
   [Code Root Fixup: 0.3 ms]
   [Code Root Migration: 0.0 ms]
   [Clear CT: 0.3 ms]
   [Other: 4.9 ms]
      [Choose CSet: 0.0 ms]
      [Ref Proc: 2.4 ms]
      [Ref Enq: 0.2 ms]
      [Free CSet: 0.5 ms]
   [Eden: 378.0M(378.0M)->0.0B(502.0M) Survivors: 28.0M->40.0M Heap: 1780.0M(4096.0M)->1432.0M(4096.0M)]
 [Times: user=0.18 sys=0.00, real=0.10 secs] 
2016-08-30T15:33:06.059+0200: 7036.194: [GC pause (young), 0.2179580 secs]
   [Parallel Time: 208.6 ms, GC Workers: 2]
      [GC Worker Start (ms): Min: 7036195.6, Avg: 7036195.7, Max: 7036195.7, Diff: 0.0]
      [Ext Root Scanning (ms): Min: 52.2, Avg: 53.0, Max: 53.8, Diff: 1.6, Sum: 106.0]
      [Update RS (ms): Min: 65.2, Avg: 66.1, Max: 67.0, Diff: 1.9, Sum: 132.2]
         [Processed Buffers: Min: 423, Avg: 450.0, Max: 477, Diff: 54, Sum: 900]
      [Scan RS (ms): Min: 16.8, Avg: 19.0, Max: 21.1, Diff: 4.3, Sum: 37.9]
      [Code Root Scanning (ms): Min: 0.1, Avg: 0.2, Max: 0.2, Diff: 0.0, Sum: 0.3]
      [Object Copy (ms): Min: 68.2, Avg: 70.2, Max: 72.2, Diff: 4.0, Sum: 140.4]
      [Termination (ms): Min: 0.0, Avg: 0.0, Max: 0.0, Diff: 0.0, Sum: 0.0]
      [GC Worker Other (ms): Min: 0.1, Avg: 0.2, Max: 0.2, Diff: 0.0, Sum: 0.3]
      [GC Worker Total (ms): Min: 208.5, Avg: 208.5, Max: 208.6, Diff: 0.0, Sum: 417.1]
      [GC Worker End (ms): Min: 7036404.2, Avg: 7036404.2, Max: 7036404.2, Diff: 0.0]
   [Code Root Fixup: 0.2 ms]
   [Code Root Migration: 0.1 ms]
   [Clear CT: 0.4 ms]
   [Other: 8.6 ms]
      [Choose CSet: 0.0 ms]
      [Ref Proc: 4.5 ms]
      [Ref Enq: 0.2 ms]
      [Free CSet: 0.9 ms]
   [Eden: 450.0M(340.0M)->0.0B(288.0M) Survivors: 40.0M->44.0M Heap: 1882.0M(4096.0M)->1463.0M(4096.0M)]
 [Times: user=0.37 sys=0.00, real=0.22 secs] 
2016-08-30T15:33:16.493+0200: 7046.628: [GC pause (young), 0.1746540 secs]
   [Parallel Time: 168.3 ms, GC Workers: 2]
      [GC Worker Start (ms): Min: 7046629.5, Avg: 7046629.5, Max: 7046629.5, Diff: 0.0]
      [Ext Root Scanning (ms): Min: 57.3, Avg: 58.3, Max: 59.2, Diff: 1.9, Sum: 116.6]
      [Update RS (ms): Min: 50.9, Avg: 51.5, Max: 52.1, Diff: 1.2, Sum: 103.1]
         [Processed Buffers: Min: 434, Avg: 437.5, Max: 441, Diff: 7, Sum: 875]
      [Scan RS (ms): Min: 11.4, Avg: 11.5, Max: 11.6, Diff: 0.2, Sum: 23.1]
      [Code Root Scanning (ms): Min: 0.1, Avg: 0.1, Max: 0.1, Diff: 0.1, Sum: 0.2]
      [Object Copy (ms): Min: 46.4, Avg: 46.6, Max: 46.8, Diff: 0.4, Sum: 93.2]
      [Termination (ms): Min: 0.0, Avg: 0.0, Max: 0.0, Diff: 0.0, Sum: 0.0]
      [GC Worker Other (ms): Min: 0.1, Avg: 0.1, Max: 0.1, Diff: 0.0, Sum: 0.3]
      [GC Worker Total (ms): Min: 168.2, Avg: 168.2, Max: 168.2, Diff: 0.0, Sum: 336.4]
      [GC Worker End (ms): Min: 7046797.7, Avg: 7046797.7, Max: 7046797.7, Diff: 0.0]
   [Code Root Fixup: 0.3 ms]
   [Code Root Migration: 0.0 ms]
   [Clear CT: 0.4 ms]
   [Other: 5.6 ms]
      [Choose CSet: 0.0 ms]
      [Ref Proc: 2.1 ms]
      [Ref Enq: 0.1 ms]
      [Free CSet: 0.5 ms]
   [Eden: 288.0M(288.0M)->0.0B(364.0M) Survivors: 44.0M->34.0M Heap: 1751.0M(4096.0M)->1481.0M(4096.0M)]
 [Times: user=0.33 sys=0.00, real=0.18 secs] 
2016-08-30T15:33:31.917+0200: 7062.052: [GC pause (young), 0.1958470 secs]
   [Parallel Time: 185.0 ms, GC Workers: 2]
      [GC Worker Start (ms): Min: 7062053.4, Avg: 7062053.8, Max: 7062054.3, Diff: 0.9]
      [Ext Root Scanning (ms): Min: 51.6, Avg: 58.8, Max: 66.1, Diff: 14.4, Sum: 117.7]
      [Update RS (ms): Min: 46.1, Avg: 54.9, Max: 63.6, Diff: 17.6, Sum: 109.7]
         [Processed Buffers: Min: 379, Avg: 416.5, Max: 454, Diff: 75, Sum: 833]
      [Scan RS (ms): Min: 11.1, Avg: 11.3, Max: 11.6, Diff: 0.5, Sum: 22.7]
      [Code Root Scanning (ms): Min: 0.1, Avg: 0.1, Max: 0.1, Diff: 0.0, Sum: 0.2]
      [Object Copy (ms): Min: 58.4, Avg: 59.2, Max: 60.1, Diff: 1.7, Sum: 118.4]
      [Termination (ms): Min: 0.0, Avg: 0.0, Max: 0.0, Diff: 0.0, Sum: 0.0]
      [GC Worker Other (ms): Min: 0.1, Avg: 0.2, Max: 0.2, Diff: 0.0, Sum: 0.3]
      [GC Worker Total (ms): Min: 184.0, Avg: 184.5, Max: 185.0, Diff: 0.9, Sum: 369.0]
      [GC Worker End (ms): Min: 7062238.3, Avg: 7062238.3, Max: 7062238.3, Diff: 0.0]
   [Code Root Fixup: 0.4 ms]
   [Code Root Migration: 0.1 ms]
   [Clear CT: 0.5 ms]
   [Other: 9.8 ms]
      [Choose CSet: 0.0 ms]
      [Ref Proc: 5.2 ms]
      [Ref Enq: 0.3 ms]
      [Free CSet: 1.0 ms]
   [Eden: 364.0M(364.0M)->0.0B(300.0M) Survivors: 34.0M->36.0M Heap: 1845.0M(4096.0M)->1504.0M(4096.0M)]
 [Times: user=0.38 sys=0.00, real=0.19 secs] 
2016-08-30T15:33:44.156+0200: 7074.291: [GC pause (young), 0.1790750 secs]
   [Parallel Time: 170.4 ms, GC Workers: 2]
      [GC Worker Start (ms): Min: 7074292.3, Avg: 7074292.7, Max: 7074293.1, Diff: 0.8]
      [Ext Root Scanning (ms): Min: 49.6, Avg: 49.7, Max: 49.8, Diff: 0.2, Sum: 99.4]
      [Update RS (ms): Min: 49.9, Avg: 50.1, Max: 50.4, Diff: 0.5, Sum: 100.3]
         [Processed Buffers: Min: 414, Avg: 443.5, Max: 473, Diff: 59, Sum: 887]
      [Scan RS (ms): Min: 10.2, Avg: 10.4, Max: 10.5, Diff: 0.3, Sum: 20.8]
      [Code Root Scanning (ms): Min: 0.1, Avg: 0.1, Max: 0.2, Diff: 0.1, Sum: 0.2]
      [Object Copy (ms): Min: 58.9, Avg: 59.6, Max: 60.2, Diff: 1.2, Sum: 119.1]
      [Termination (ms): Min: 0.0, Avg: 0.0, Max: 0.0, Diff: 0.0, Sum: 0.0]
      [GC Worker Other (ms): Min: 0.1, Avg: 0.1, Max: 0.2, Diff: 0.1, Sum: 0.2]
      [GC Worker Total (ms): Min: 169.6, Avg: 170.0, Max: 170.4, Diff: 0.8, Sum: 340.0]
      [GC Worker End (ms): Min: 7074462.7, Avg: 7074462.7, Max: 7074462.7, Diff: 0.0]
   [Code Root Fixup: 0.4 ms]
   [Code Root Migration: 0.1 ms]
   [Clear CT: 0.5 ms]
   [Other: 7.7 ms]
      [Choose CSet: 0.0 ms]
      [Ref Proc: 3.5 ms]
      [Ref Enq: 0.4 ms]
      [Free CSet: 0.7 ms]
   [Eden: 300.0M(300.0M)->0.0B(280.0M) Survivors: 36.0M->42.0M Heap: 1804.0M(4096.0M)->1533.0M(4096.0M)]
 [Times: user=0.34 sys=0.00, real=0.18 secs] 
2016-08-30T15:33:55.351+0200: 7085.485: [GC pause (young), 0.1871210 secs]
   [Parallel Time: 178.8 ms, GC Workers: 2]
      [GC Worker Start (ms): Min: 7085487.1, Avg: 7085487.1, Max: 7085487.2, Diff: 0.1]
      [Ext Root Scanning (ms): Min: 49.8, Avg: 60.4, Max: 71.0, Diff: 21.2, Sum: 120.8]
      [Update RS (ms): Min: 39.4, Avg: 50.4, Max: 61.4, Diff: 22.0, Sum: 100.8]
         [Processed Buffers: Min: 282, Avg: 419.0, Max: 556, Diff: 274, Sum: 838]
      [Scan RS (ms): Min: 11.1, Avg: 11.5, Max: 11.8, Diff: 0.7, Sum: 22.9]
      [Code Root Scanning (ms): Min: 0.1, Avg: 0.1, Max: 0.2, Diff: 0.1, Sum: 0.2]
      [Object Copy (ms): Min: 55.3, Avg: 56.1, Max: 56.9, Diff: 1.6, Sum: 112.3]
      [Termination (ms): Min: 0.0, Avg: 0.0, Max: 0.0, Diff: 0.0, Sum: 0.0]
      [GC Worker Other (ms): Min: 0.1, Avg: 0.2, Max: 0.2, Diff: 0.1, Sum: 0.3]
      [GC Worker Total (ms): Min: 178.6, Avg: 178.7, Max: 178.7, Diff: 0.1, Sum: 357.3]
      [GC Worker End (ms): Min: 7085665.8, Avg: 7085665.8, Max: 7085665.8, Diff: 0.0]
   [Code Root Fixup: 0.4 ms]
   [Code Root Migration: 0.0 ms]
   [Clear CT: 0.4 ms]
   [Other: 7.4 ms]
      [Choose CSet: 0.0 ms]
      [Ref Proc: 3.4 ms]
      [Ref Enq: 0.3 ms]
      [Free CSet: 0.7 ms]
   [Eden: 280.0M(280.0M)->0.0B(350.0M) Survivors: 42.0M->30.0M Heap: 1813.0M(4096.0M)->1550.0M(4096.0M)]
 [Times: user=0.35 sys=0.00, real=0.18 secs] 
2016-08-30T15:34:09.705+0200: 7099.840: [GC pause (young), 0.1647710 secs]
   [Parallel Time: 156.7 ms, GC Workers: 2]
      [GC Worker Start (ms): Min: 7099841.5, Avg: 7099841.5, Max: 7099841.5, Diff: 0.0]
      [Ext Root Scanning (ms): Min: 49.5, Avg: 50.1, Max: 50.8, Diff: 1.3, Sum: 100.3]
      [Update RS (ms): Min: 45.6, Avg: 45.7, Max: 45.8, Diff: 0.3, Sum: 91.4]
         [Processed Buffers: Min: 364, Avg: 383.0, Max: 402, Diff: 38, Sum: 766]
      [Scan RS (ms): Min: 10.4, Avg: 10.5, Max: 10.5, Diff: 0.0, Sum: 20.9]
      [Code Root Scanning (ms): Min: 0.1, Avg: 0.1, Max: 0.1, Diff: 0.1, Sum: 0.2]
      [Object Copy (ms): Min: 49.5, Avg: 50.0, Max: 50.5, Diff: 1.1, Sum: 100.0]
      [Termination (ms): Min: 0.0, Avg: 0.0, Max: 0.0, Diff: 0.0, Sum: 0.0]
      [GC Worker Other (ms): Min: 0.1, Avg: 0.2, Max: 0.2, Diff: 0.1, Sum: 0.3]
      [GC Worker Total (ms): Min: 156.6, Avg: 156.6, Max: 156.6, Diff: 0.0, Sum: 313.2]
      [GC Worker End (ms): Min: 7099998.1, Avg: 7099998.1, Max: 7099998.1, Diff: 0.0]
   [Code Root Fixup: 0.4 ms]
   [Code Root Migration: 0.0 ms]
   [Clear CT: 0.5 ms]
   [Other: 7.1 ms]
      [Choose CSet: 0.0 ms]
      [Ref Proc: 3.3 ms]
      [Ref Enq: 0.1 ms]
      [Free CSet: 0.8 ms]
   [Eden: 320.0M(238.0M)->0.0B(460.0M) Survivors: 30.0M->26.0M Heap: 1870.0M(4096.0M)->1565.0M(4096.0M)]
 [Times: user=0.32 sys=0.00, real=0.16 secs] 
2016-08-30T15:34:24.991+0200: 7115.126: [GC pause (young), 0.1795280 secs]
   [Parallel Time: 168.1 ms, GC Workers: 2]
      [GC Worker Start (ms): Min: 7115127.6, Avg: 7115127.6, Max: 7115127.6, Diff: 0.1]
      [Ext Root Scanning (ms): Min: 49.4, Avg: 49.7, Max: 50.0, Diff: 0.6, Sum: 99.4]
      [Update RS (ms): Min: 54.8, Avg: 55.0, Max: 55.2, Diff: 0.4, Sum: 110.0]
         [Processed Buffers: Min: 416, Avg: 423.5, Max: 431, Diff: 15, Sum: 847]
      [Scan RS (ms): Min: 10.9, Avg: 10.9, Max: 10.9, Diff: 0.0, Sum: 21.8]
      [Code Root Scanning (ms): Min: 0.1, Avg: 0.1, Max: 0.2, Diff: 0.1, Sum: 0.3]
      [Object Copy (ms): Min: 51.5, Avg: 52.1, Max: 52.7, Diff: 1.1, Sum: 104.2]
      [Termination (ms): Min: 0.0, Avg: 0.0, Max: 0.0, Diff: 0.0, Sum: 0.0]
      [GC Worker Other (ms): Min: 0.1, Avg: 0.1, Max: 0.2, Diff: 0.1, Sum: 0.3]
      [GC Worker Total (ms): Min: 168.0, Avg: 168.0, Max: 168.0, Diff: 0.0, Sum: 336.0]
      [GC Worker End (ms): Min: 7115295.6, Avg: 7115295.6, Max: 7115295.6, Diff: 0.0]
   [Code Root Fixup: 0.3 ms]
   [Code Root Migration: 0.1 ms]
   [Clear CT: 0.5 ms]
   [Other: 10.6 ms]
      [Choose CSet: 0.0 ms]
      [Ref Proc: 6.0 ms]
      [Ref Enq: 0.5 ms]
      [Free CSet: 0.9 ms]
   [Eden: 404.0M(300.0M)->0.0B(356.0M) Survivors: 26.0M->42.0M Heap: 1969.0M(4096.0M)->1605.0M(4096.0M)]
 [Times: user=0.35 sys=0.00, real=0.18 secs] 
2016-08-30T15:34:37.653+0200: 7127.788: [GC pause (young), 0.2520570 secs]
   [Parallel Time: 246.3 ms, GC Workers: 2]
      [GC Worker Start (ms): Min: 7127788.7, Avg: 7127788.7, Max: 7127788.7, Diff: 0.0]
      [Ext Root Scanning (ms): Min: 80.3, Avg: 82.1, Max: 83.8, Diff: 3.5, Sum: 164.2]
      [Update RS (ms): Min: 68.0, Avg: 69.3, Max: 70.6, Diff: 2.6, Sum: 138.6]
         [Processed Buffers: Min: 276, Avg: 396.0, Max: 516, Diff: 240, Sum: 792]
      [Scan RS (ms): Min: 15.0, Avg: 15.6, Max: 16.2, Diff: 1.2, Sum: 31.3]
      [Code Root Scanning (ms): Min: 0.1, Avg: 0.1, Max: 0.1, Diff: 0.0, Sum: 0.1]
      [Object Copy (ms): Min: 76.0, Avg: 77.6, Max: 79.3, Diff: 3.3, Sum: 155.3]
      [Termination (ms): Min: 0.0, Avg: 1.5, Max: 2.9, Diff: 2.9, Sum: 2.9]
      [GC Worker Other (ms): Min: 0.1, Avg: 0.1, Max: 0.1, Diff: 0.0, Sum: 0.2]
      [GC Worker Total (ms): Min: 246.2, Avg: 246.3, Max: 246.3, Diff: 0.0, Sum: 492.5]
      [GC Worker End (ms): Min: 7128035.0, Avg: 7128035.0, Max: 7128035.0, Diff: 0.0]
   [Code Root Fixup: 0.4 ms]
   [Code Root Migration: 0.0 ms]
   [Clear CT: 0.3 ms]
   [Other: 4.9 ms]
      [Choose CSet: 0.0 ms]
      [Ref Proc: 2.0 ms]
      [Ref Enq: 0.1 ms]
      [Free CSet: 0.6 ms]
   [Eden: 294.0M(252.0M)->0.0B(176.0M) Survivors: 42.0M->28.0M Heap: 1899.0M(4096.0M)->1628.0M(4096.0M)]
 [Times: user=0.19 sys=0.00, real=0.26 secs] 
2016-08-30T15:34:42.982+0200: 7133.116: [GC pause (young), 0.1460140 secs]
   [Parallel Time: 140.6 ms, GC Workers: 2]
      [GC Worker Start (ms): Min: 7133117.9, Avg: 7133117.9, Max: 7133117.9, Diff: 0.0]
      [Ext Root Scanning (ms): Min: 50.7, Avg: 50.8, Max: 50.9, Diff: 0.2, Sum: 101.6]
      [Update RS (ms): Min: 38.3, Avg: 38.9, Max: 39.6, Diff: 1.3, Sum: 77.9]
         [Processed Buffers: Min: 392, Avg: 394.5, Max: 397, Diff: 5, Sum: 789]
      [Scan RS (ms): Min: 7.8, Avg: 8.4, Max: 9.1, Diff: 1.3, Sum: 16.9]
      [Code Root Scanning (ms): Min: 0.0, Avg: 0.1, Max: 0.1, Diff: 0.1, Sum: 0.1]
      [Object Copy (ms): Min: 42.0, Avg: 42.2, Max: 42.3, Diff: 0.3, Sum: 84.3]
      [Termination (ms): Min: 0.0, Avg: 0.0, Max: 0.0, Diff: 0.0, Sum: 0.0]
      [GC Worker Other (ms): Min: 0.1, Avg: 0.1, Max: 0.1, Diff: 0.1, Sum: 0.2]
      [GC Worker Total (ms): Min: 140.5, Avg: 140.5, Max: 140.5, Diff: 0.0, Sum: 281.0]
      [GC Worker End (ms): Min: 7133258.5, Avg: 7133258.5, Max: 7133258.5, Diff: 0.0]
   [Code Root Fixup: 0.3 ms]
   [Code Root Migration: 0.0 ms]
   [Clear CT: 0.4 ms]
   [Other: 4.8 ms]
      [Choose CSet: 0.0 ms]
      [Ref Proc: 1.4 ms]
      [Ref Enq: 0.1 ms]
      [Free CSet: 0.4 ms]
   [Eden: 176.0M(176.0M)->0.0B(252.0M) Survivors: 28.0M->26.0M Heap: 1804.0M(4096.0M)->1652.0M(4096.0M)]
 [Times: user=0.28 sys=0.00, real=0.15 secs] 
2016-08-30T15:34:52.854+0200: 7142.988: [GC pause (young), 0.1509510 secs]
   [Parallel Time: 144.7 ms, GC Workers: 2]
      [GC Worker Start (ms): Min: 7142989.8, Avg: 7142989.8, Max: 7142989.8, Diff: 0.0]
      [Ext Root Scanning (ms): Min: 49.4, Avg: 49.8, Max: 50.1, Diff: 0.8, Sum: 99.5]
      [Update RS (ms): Min: 46.1, Avg: 46.6, Max: 47.1, Diff: 1.0, Sum: 93.2]
         [Processed Buffers: Min: 428, Avg: 435.5, Max: 443, Diff: 15, Sum: 871]
      [Scan RS (ms): Min: 6.9, Avg: 7.3, Max: 7.7, Diff: 0.8, Sum: 14.6]
      [Code Root Scanning (ms): Min: 0.0, Avg: 0.1, Max: 0.2, Diff: 0.1, Sum: 0.2]
      [Object Copy (ms): Min: 40.2, Avg: 40.7, Max: 41.1, Diff: 0.9, Sum: 81.3]
      [Termination (ms): Min: 0.0, Avg: 0.0, Max: 0.0, Diff: 0.0, Sum: 0.0]
      [GC Worker Other (ms): Min: 0.1, Avg: 0.1, Max: 0.2, Diff: 0.1, Sum: 0.3]
      [GC Worker Total (ms): Min: 144.6, Avg: 144.6, Max: 144.6, Diff: 0.0, Sum: 289.1]
      [GC Worker End (ms): Min: 7143134.3, Avg: 7143134.3, Max: 7143134.3, Diff: 0.0]
   [Code Root Fixup: 0.3 ms]
   [Code Root Migration: 0.1 ms]
   [Clear CT: 0.4 ms]
   [Other: 5.6 ms]
      [Choose CSet: 0.0 ms]
      [Ref Proc: 2.1 ms]
      [Ref Enq: 0.1 ms]
      [Free CSet: 0.5 ms]
   [Eden: 252.0M(252.0M)->0.0B(322.0M) Survivors: 26.0M->28.0M Heap: 1904.0M(4096.0M)->1676.0M(4096.0M)]
 [Times: user=0.29 sys=0.00, real=0.15 secs] 
2016-08-30T15:35:05.332+0200: 7155.467: [GC pause (young), 0.2053940 secs]
   [Parallel Time: 193.5 ms, GC Workers: 2]
      [GC Worker Start (ms): Min: 7155468.4, Avg: 7155468.4, Max: 7155468.4, Diff: 0.0]
      [Ext Root Scanning (ms): Min: 52.8, Avg: 62.5, Max: 72.2, Diff: 19.4, Sum: 125.1]
      [Update RS (ms): Min: 53.5, Avg: 60.6, Max: 67.7, Diff: 14.2, Sum: 121.2]
         [Processed Buffers: Min: 348, Avg: 401.5, Max: 455, Diff: 107, Sum: 803]
      [Scan RS (ms): Min: 13.5, Avg: 15.3, Max: 17.2, Diff: 3.7, Sum: 30.7]
      [Code Root Scanning (ms): Min: 0.1, Avg: 0.1, Max: 0.1, Diff: 0.1, Sum: 0.2]
      [Object Copy (ms): Min: 50.3, Avg: 53.0, Max: 55.7, Diff: 5.4, Sum: 106.0]
      [Termination (ms): Min: 0.0, Avg: 1.7, Max: 3.5, Diff: 3.5, Sum: 3.5]
      [GC Worker Other (ms): Min: 0.1, Avg: 0.1, Max: 0.2, Diff: 0.1, Sum: 0.3]
      [GC Worker Total (ms): Min: 193.4, Avg: 193.4, Max: 193.4, Diff: 0.0, Sum: 386.9]
      [GC Worker End (ms): Min: 7155661.9, Avg: 7155661.9, Max: 7155661.9, Diff: 0.0]
   [Code Root Fixup: 0.3 ms]
   [Code Root Migration: 0.0 ms]
   [Clear CT: 0.4 ms]
   [Other: 11.2 ms]
      [Choose CSet: 0.0 ms]
      [Ref Proc: 7.5 ms]
      [Ref Enq: 0.1 ms]
      [Free CSet: 0.6 ms]
   [Eden: 294.0M(242.0M)->0.0B(242.0M) Survivors: 28.0M->26.0M Heap: 1970.0M(4096.0M)->1694.0M(4096.0M)]
 [Times: user=0.30 sys=0.00, real=0.20 secs] 
2016-08-30T15:35:13.645+0200: 7163.780: [GC pause (young), 0.1637090 secs]
   [Parallel Time: 156.4 ms, GC Workers: 2]
      [GC Worker Start (ms): Min: 7163781.2, Avg: 7163782.7, Max: 7163784.2, Diff: 3.0]
      [Ext Root Scanning (ms): Min: 51.4, Avg: 53.4, Max: 55.4, Diff: 4.0, Sum: 106.7]
      [Update RS (ms): Min: 44.1, Avg: 45.4, Max: 46.6, Diff: 2.5, Sum: 90.7]
         [Processed Buffers: Min: 417, Avg: 438.5, Max: 460, Diff: 43, Sum: 877]
      [Scan RS (ms): Min: 8.3, Avg: 8.5, Max: 8.7, Diff: 0.4, Sum: 17.1]
      [Code Root Scanning (ms): Min: 0.0, Avg: 0.1, Max: 0.1, Diff: 0.1, Sum: 0.2]
      [Object Copy (ms): Min: 46.9, Avg: 47.3, Max: 47.8, Diff: 0.9, Sum: 94.7]
      [Termination (ms): Min: 0.0, Avg: 0.0, Max: 0.0, Diff: 0.0, Sum: 0.0]
      [GC Worker Other (ms): Min: 0.1, Avg: 0.1, Max: 0.1, Diff: 0.0, Sum: 0.3]
      [GC Worker Total (ms): Min: 153.3, Avg: 154.8, Max: 156.3, Diff: 3.0, Sum: 309.6]
      [GC Worker End (ms): Min: 7163937.5, Avg: 7163937.5, Max: 7163937.5, Diff: 0.0]
   [Code Root Fixup: 0.6 ms]
   [Code Root Migration: 0.0 ms]
   [Clear CT: 0.5 ms]
   [Other: 6.2 ms]
      [Choose CSet: 0.0 ms]
      [Ref Proc: 2.5 ms]
      [Ref Enq: 0.2 ms]
      [Free CSet: 0.6 ms]
   [Eden: 242.0M(242.0M)->0.0B(262.0M) Survivors: 26.0M->34.0M Heap: 1936.0M(4096.0M)->1719.0M(4096.0M)]
 [Times: user=0.30 sys=0.00, real=0.16 secs] 
2016-08-30T15:35:23.938+0200: 7174.073: [GC pause (young), 0.1665820 secs]
   [Parallel Time: 158.1 ms, GC Workers: 2]
      [GC Worker Start (ms): Min: 7174074.5, Avg: 7174074.5, Max: 7174074.5, Diff: 0.0]
      [Ext Root Scanning (ms): Min: 50.5, Avg: 51.4, Max: 52.4, Diff: 1.9, Sum: 102.9]
      [Update RS (ms): Min: 47.5, Avg: 48.0, Max: 48.4, Diff: 0.8, Sum: 95.9]
         [Processed Buffers: Min: 407, Avg: 416.0, Max: 425, Diff: 18, Sum: 832]
      [Scan RS (ms): Min: 8.3, Avg: 9.2, Max: 10.1, Diff: 1.8, Sum: 18.4]
      [Code Root Scanning (ms): Min: 0.1, Avg: 0.1, Max: 0.1, Diff: 0.0, Sum: 0.2]
      [Object Copy (ms): Min: 48.7, Avg: 49.2, Max: 49.6, Diff: 0.9, Sum: 98.3]
      [Termination (ms): Min: 0.0, Avg: 0.0, Max: 0.0, Diff: 0.0, Sum: 0.0]
      [GC Worker Other (ms): Min: 0.1, Avg: 0.1, Max: 0.1, Diff: 0.0, Sum: 0.3]
      [GC Worker Total (ms): Min: 158.0, Avg: 158.0, Max: 158.0, Diff: 0.0, Sum: 316.0]
      [GC Worker End (ms): Min: 7174232.5, Avg: 7174232.5, Max: 7174232.5, Diff: 0.0]
   [Code Root Fixup: 0.4 ms]
   [Code Root Migration: 0.0 ms]
   [Clear CT: 0.5 ms]
   [Other: 7.5 ms]
      [Choose CSet: 0.0 ms]
      [Ref Proc: 3.5 ms]
      [Ref Enq: 0.3 ms]
      [Free CSet: 0.6 ms]
   [Eden: 262.0M(262.0M)->0.0B(352.0M) Survivors: 34.0M->26.0M Heap: 1981.0M(4096.0M)->1735.0M(4096.0M)]
 [Times: user=0.32 sys=0.00, real=0.17 secs] 
2016-08-30T15:35:35.572+0200: 7185.707: [GC pause (young), 0.1748630 secs]
   [Parallel Time: 167.6 ms, GC Workers: 2]
      [GC Worker Start (ms): Min: 7185708.5, Avg: 7185708.6, Max: 7185708.6, Diff: 0.1]
      [Ext Root Scanning (ms): Min: 51.3, Avg: 52.4, Max: 53.4, Diff: 2.2, Sum: 104.7]
      [Update RS (ms): Min: 48.7, Avg: 50.1, Max: 51.6, Diff: 2.9, Sum: 100.2]
         [Processed Buffers: Min: 409, Avg: 443.5, Max: 478, Diff: 69, Sum: 887]
      [Scan RS (ms): Min: 9.7, Avg: 9.8, Max: 10.0, Diff: 0.2, Sum: 19.7]
      [Code Root Scanning (ms): Min: 0.1, Avg: 0.1, Max: 0.1, Diff: 0.0, Sum: 0.2]
      [Object Copy (ms): Min: 54.7, Avg: 54.9, Max: 55.1, Diff: 0.5, Sum: 109.8]
      [Termination (ms): Min: 0.0, Avg: 0.0, Max: 0.0, Diff: 0.0, Sum: 0.0]
      [GC Worker Other (ms): Min: 0.1, Avg: 0.2, Max: 0.2, Diff: 0.1, Sum: 0.3]
      [GC Worker Total (ms): Min: 167.4, Avg: 167.5, Max: 167.5, Diff: 0.1, Sum: 335.0]
      [GC Worker End (ms): Min: 7185876.1, Avg: 7185876.1, Max: 7185876.1, Diff: 0.0]
   [Code Root Fixup: 0.3 ms]
   [Code Root Migration: 0.0 ms]
   [Clear CT: 0.4 ms]
   [Other: 6.5 ms]
      [Choose CSet: 0.0 ms]
      [Ref Proc: 2.7 ms]
      [Ref Enq: 0.2 ms]
      [Free CSet: 0.7 ms]
   [Eden: 310.0M(234.0M)->0.0B(358.0M) Survivors: 26.0M->28.0M Heap: 2045.0M(4096.0M)->1757.0M(4096.0M)]
 [Times: user=0.35 sys=0.00, real=0.18 secs] 
2016-08-30T15:35:47.850+0200: 7197.984: [GC pause (young), 0.2241260 secs]
   [Parallel Time: 212.6 ms, GC Workers: 2]
      [GC Worker Start (ms): Min: 7197985.6, Avg: 7197985.6, Max: 7197985.6, Diff: 0.0]
      [Ext Root Scanning (ms): Min: 60.1, Avg: 61.6, Max: 63.0, Diff: 2.9, Sum: 123.1]
      [Update RS (ms): Min: 66.9, Avg: 67.3, Max: 67.8, Diff: 1.0, Sum: 134.7]
         [Processed Buffers: Min: 434, Avg: 489.5, Max: 545, Diff: 111, Sum: 979]
      [Scan RS (ms): Min: 11.0, Avg: 14.7, Max: 18.5, Diff: 7.5, Sum: 29.4]
      [Code Root Scanning (ms): Min: 0.0, Avg: 0.1, Max: 0.1, Diff: 0.1, Sum: 0.1]
      [Object Copy (ms): Min: 66.9, Avg: 68.7, Max: 70.6, Diff: 3.8, Sum: 137.5]
      [Termination (ms): Min: 0.0, Avg: 0.0, Max: 0.0, Diff: 0.0, Sum: 0.0]
      [GC Worker Other (ms): Min: 0.1, Avg: 0.1, Max: 0.1, Diff: 0.0, Sum: 0.2]
      [GC Worker Total (ms): Min: 212.5, Avg: 212.5, Max: 212.5, Diff: 0.0, Sum: 425.1]
      [GC Worker End (ms): Min: 7198198.2, Avg: 7198198.2, Max: 7198198.2, Diff: 0.0]
   [Code Root Fixup: 0.3 ms]
   [Code Root Migration: 0.0 ms]
   [Clear CT: 0.6 ms]
   [Other: 10.6 ms]
      [Choose CSet: 0.0 ms]
      [Ref Proc: 7.6 ms]
      [Ref Enq: 0.2 ms]
      [Free CSet: 0.6 ms]
   [Eden: 356.0M(246.0M)->0.0B(204.0M) Survivors: 28.0M->36.0M Heap: 2113.0M(4096.0M)->1790.0M(4096.0M)]
 [Times: user=0.22 sys=0.00, real=0.22 secs] 
2016-08-30T15:35:55.206+0200: 7205.340: [GC pause (young), 0.1657230 secs]
   [Parallel Time: 159.7 ms, GC Workers: 2]
      [GC Worker Start (ms): Min: 7205342.0, Avg: 7205344.6, Max: 7205347.2, Diff: 5.3]
      [Ext Root Scanning (ms): Min: 52.5, Avg: 53.7, Max: 54.8, Diff: 2.2, Sum: 107.3]
      [Update RS (ms): Min: 42.3, Avg: 43.1, Max: 44.0, Diff: 1.7, Sum: 86.3]
         [Processed Buffers: Min: 284, Avg: 422.5, Max: 561, Diff: 277, Sum: 845]
      [Scan RS (ms): Min: 10.8, Avg: 11.4, Max: 12.0, Diff: 1.2, Sum: 22.8]
      [Code Root Scanning (ms): Min: 0.0, Avg: 0.1, Max: 0.1, Diff: 0.1, Sum: 0.1]
      [Object Copy (ms): Min: 48.6, Avg: 48.7, Max: 48.7, Diff: 0.1, Sum: 97.3]
      [Termination (ms): Min: 0.0, Avg: 0.0, Max: 0.0, Diff: 0.0, Sum: 0.0]
      [GC Worker Other (ms): Min: 0.0, Avg: 0.1, Max: 0.2, Diff: 0.1, Sum: 0.2]
      [GC Worker Total (ms): Min: 154.4, Avg: 157.0, Max: 159.7, Diff: 5.3, Sum: 314.1]
      [GC Worker End (ms): Min: 7205501.6, Avg: 7205501.6, Max: 7205501.6, Diff: 0.0]
   [Code Root Fixup: 0.3 ms]
   [Code Root Migration: 0.0 ms]
   [Clear CT: 0.5 ms]
   [Other: 5.2 ms]
      [Choose CSet: 0.0 ms]
      [Ref Proc: 1.8 ms]
      [Ref Enq: 0.1 ms]
      [Free CSet: 0.5 ms]
   [Eden: 204.0M(204.0M)->0.0B(358.0M) Survivors: 36.0M->20.0M Heap: 1994.0M(4096.0M)->1806.0M(4096.0M)]
 [Times: user=0.32 sys=0.00, real=0.17 secs] 
2016-08-30T15:36:07.765+0200: 7217.899: [GC pause (young), 0.1852030 secs]
   [Parallel Time: 175.0 ms, GC Workers: 2]
      [GC Worker Start (ms): Min: 7217900.9, Avg: 7217902.6, Max: 7217904.2, Diff: 3.3]
      [Ext Root Scanning (ms): Min: 52.0, Avg: 54.0, Max: 55.9, Diff: 3.9, Sum: 107.9]
      [Update RS (ms): Min: 56.8, Avg: 56.9, Max: 56.9, Diff: 0.1, Sum: 113.7]
         [Processed Buffers: Min: 477, Avg: 483.5, Max: 490, Diff: 13, Sum: 967]
      [Scan RS (ms): Min: 8.0, Avg: 8.0, Max: 8.0, Diff: 0.0, Sum: 16.1]
      [Code Root Scanning (ms): Min: 0.1, Avg: 0.1, Max: 0.1, Diff: 0.0, Sum: 0.2]
      [Object Copy (ms): Min: 53.9, Avg: 54.1, Max: 54.3, Diff: 0.4, Sum: 108.2]
      [Termination (ms): Min: 0.0, Avg: 0.0, Max: 0.0, Diff: 0.0, Sum: 0.0]
      [GC Worker Other (ms): Min: 0.1, Avg: 0.2, Max: 0.2, Diff: 0.1, Sum: 0.3]
      [GC Worker Total (ms): Min: 171.6, Avg: 173.3, Max: 174.9, Diff: 3.3, Sum: 346.5]
      [GC Worker End (ms): Min: 7218075.8, Avg: 7218075.8, Max: 7218075.8, Diff: 0.0]
   [Code Root Fixup: 0.4 ms]
   [Code Root Migration: 0.1 ms]
   [Clear CT: 0.5 ms]
   [Other: 9.3 ms]
      [Choose CSet: 0.0 ms]
      [Ref Proc: 5.0 ms]
      [Ref Enq: 0.4 ms]
      [Free CSet: 0.8 ms]
   [Eden: 358.0M(358.0M)->0.0B(208.0M) Survivors: 20.0M->48.0M Heap: 2164.0M(4096.0M)->1838.0M(4096.0M)]
 [Times: user=0.35 sys=0.00, real=0.19 secs] 
2016-08-30T15:36:12.780+0200: 7222.915: [GC pause (young), 0.1859360 secs]
   [Parallel Time: 179.0 ms, GC Workers: 2]
      [GC Worker Start (ms): Min: 7222916.5, Avg: 7222916.5, Max: 7222916.5, Diff: 0.0]
      [Ext Root Scanning (ms): Min: 49.5, Avg: 58.5, Max: 67.5, Diff: 18.0, Sum: 117.0]
      [Update RS (ms): Min: 29.8, Avg: 39.3, Max: 48.9, Diff: 19.1, Sum: 78.7]
         [Processed Buffers: Min: 235, Avg: 406.5, Max: 578, Diff: 343, Sum: 813]
      [Scan RS (ms): Min: 14.1, Avg: 14.3, Max: 14.6, Diff: 0.5, Sum: 28.7]
      [Code Root Scanning (ms): Min: 0.0, Avg: 0.1, Max: 0.1, Diff: 0.1, Sum: 0.2]
      [Object Copy (ms): Min: 66.4, Avg: 66.6, Max: 66.9, Diff: 0.5, Sum: 133.3]
      [Termination (ms): Min: 0.0, Avg: 0.0, Max: 0.0, Diff: 0.0, Sum: 0.0]
      [GC Worker Other (ms): Min: 0.1, Avg: 0.1, Max: 0.1, Diff: 0.1, Sum: 0.2]
      [GC Worker Total (ms): Min: 179.0, Avg: 179.0, Max: 179.0, Diff: 0.0, Sum: 358.0]
      [GC Worker End (ms): Min: 7223095.5, Avg: 7223095.5, Max: 7223095.5, Diff: 0.0]
   [Code Root Fixup: 0.5 ms]
   [Code Root Migration: 0.0 ms]
   [Clear CT: 0.5 ms]
   [Other: 5.8 ms]
      [Choose CSet: 0.0 ms]
      [Ref Proc: 1.7 ms]
      [Ref Enq: 0.2 ms]
      [Free CSet: 0.5 ms]
   [Eden: 156.0M(156.0M)->0.0B(474.0M) Survivors: 48.0M->16.0M Heap: 1994.0M(4096.0M)->1853.0M(4096.0M)]
 [Times: user=0.37 sys=0.00, real=0.19 secs] 
2016-08-30T15:36:32.868+0200: 7243.003: [GC pause (young), 0.1940030 secs]
   [Parallel Time: 182.0 ms, GC Workers: 2]
      [GC Worker Start (ms): Min: 7243004.4, Avg: 7243004.4, Max: 7243004.4, Diff: 0.1]
      [Ext Root Scanning (ms): Min: 51.0, Avg: 51.4, Max: 51.9, Diff: 0.9, Sum: 102.9]
      [Update RS (ms): Min: 62.6, Avg: 63.0, Max: 63.5, Diff: 0.8, Sum: 126.1]
         [Processed Buffers: Min: 431, Avg: 441.5, Max: 452, Diff: 21, Sum: 883]
      [Scan RS (ms): Min: 9.7, Avg: 10.2, Max: 10.6, Diff: 0.9, Sum: 20.4]
      [Code Root Scanning (ms): Min: 0.1, Avg: 0.2, Max: 0.2, Diff: 0.1, Sum: 0.4]
      [Object Copy (ms): Min: 56.4, Avg: 56.9, Max: 57.5, Diff: 1.0, Sum: 113.9]
      [Termination (ms): Min: 0.0, Avg: 0.0, Max: 0.0, Diff: 0.0, Sum: 0.0]
      [GC Worker Other (ms): Min: 0.1, Avg: 0.1, Max: 0.2, Diff: 0.0, Sum: 0.3]
      [GC Worker Total (ms): Min: 181.9, Avg: 181.9, Max: 182.0, Diff: 0.1, Sum: 363.8]
      [GC Worker End (ms): Min: 7243186.3, Avg: 7243186.3, Max: 7243186.3, Diff: 0.0]
   [Code Root Fixup: 0.4 ms]
   [Code Root Migration: 0.1 ms]
   [Clear CT: 0.6 ms]
   [Other: 10.8 ms]
      [Choose CSet: 0.0 ms]
      [Ref Proc: 6.0 ms]
      [Ref Enq: 0.4 ms]
      [Free CSet: 1.1 ms]
   [Eden: 450.0M(358.0M)->0.0B(202.0M) Survivors: 16.0M->48.0M Heap: 2303.0M(4096.0M)->1887.0M(4096.0M)]
 [Times: user=0.38 sys=0.00, real=0.19 secs] 
2016-08-30T15:36:39.582+0200: 7249.717: [GC pause (young), 0.1630900 secs]
   [Parallel Time: 157.7 ms, GC Workers: 2]
      [GC Worker Start (ms): Min: 7249718.2, Avg: 7249718.2, Max: 7249718.2, Diff: 0.0]
      [Ext Root Scanning (ms): Min: 50.5, Avg: 51.8, Max: 53.1, Diff: 2.6, Sum: 103.5]
      [Update RS (ms): Min: 33.9, Avg: 35.1, Max: 36.4, Diff: 2.5, Sum: 70.2]
         [Processed Buffers: Min: 272, Avg: 312.5, Max: 353, Diff: 81, Sum: 625]
      [Scan RS (ms): Min: 14.5, Avg: 14.5, Max: 14.5, Diff: 0.0, Sum: 29.1]
      [Code Root Scanning (ms): Min: 0.0, Avg: 0.1, Max: 0.1, Diff: 0.0, Sum: 0.1]
      [Object Copy (ms): Min: 56.0, Avg: 56.1, Max: 56.2, Diff: 0.2, Sum: 112.1]
      [Termination (ms): Min: 0.0, Avg: 0.0, Max: 0.0, Diff: 0.0, Sum: 0.0]
      [GC Worker Other (ms): Min: 0.1, Avg: 0.1, Max: 0.1, Diff: 0.1, Sum: 0.2]
      [GC Worker Total (ms): Min: 157.6, Avg: 157.6, Max: 157.6, Diff: 0.0, Sum: 315.3]
      [GC Worker End (ms): Min: 7249875.8, Avg: 7249875.8, Max: 7249875.8, Diff: 0.0]
   [Code Root Fixup: 0.3 ms]
   [Code Root Migration: 0.0 ms]
   [Clear CT: 0.5 ms]
   [Other: 4.6 ms]
      [Choose CSet: 0.0 ms]
      [Ref Proc: 1.3 ms]
      [Ref Enq: 0.1 ms]
      [Free CSet: 0.5 ms]
   [Eden: 156.0M(156.0M)->0.0B(570.0M) Survivors: 48.0M->14.0M Heap: 2043.0M(4096.0M)->1893.0M(4096.0M)]
 [Times: user=0.32 sys=0.00, real=0.17 secs] 
2016-08-30T15:37:00.195+0200: 7270.329: [GC pause (young) (initial-mark), 0.2105840 secs]
   [Parallel Time: 200.0 ms, GC Workers: 2]
      [GC Worker Start (ms): Min: 7270331.5, Avg: 7270331.5, Max: 7270331.6, Diff: 0.0]
      [Ext Root Scanning (ms): Min: 49.6, Avg: 51.5, Max: 53.4, Diff: 3.8, Sum: 103.0]
      [Code Root Marking (ms): Min: 11.2, Avg: 13.1, Max: 15.0, Diff: 3.8, Sum: 26.2]
      [Update RS (ms): Min: 70.3, Avg: 70.5, Max: 70.7, Diff: 0.4, Sum: 140.9]
         [Processed Buffers: Min: 416, Avg: 455.0, Max: 494, Diff: 78, Sum: 910]
      [Scan RS (ms): Min: 10.8, Avg: 10.9, Max: 11.1, Diff: 0.3, Sum: 21.9]
      [Code Root Scanning (ms): Min: 0.2, Avg: 0.2, Max: 0.2, Diff: 0.0, Sum: 0.4]
      [Object Copy (ms): Min: 53.2, Avg: 53.6, Max: 53.9, Diff: 0.7, Sum: 107.1]
      [Termination (ms): Min: 0.0, Avg: 0.0, Max: 0.0, Diff: 0.0, Sum: 0.0]
      [GC Worker Other (ms): Min: 0.1, Avg: 0.1, Max: 0.2, Diff: 0.0, Sum: 0.3]
      [GC Worker Total (ms): Min: 199.9, Avg: 199.9, Max: 199.9, Diff: 0.0, Sum: 399.8]
      [GC Worker End (ms): Min: 7270531.5, Avg: 7270531.5, Max: 7270531.5, Diff: 0.0]
   [Code Root Fixup: 0.2 ms]
   [Code Root Migration: 0.1 ms]
   [Clear CT: 0.4 ms]
   [Other: 9.9 ms]
      [Choose CSet: 0.0 ms]
      [Ref Proc: 4.8 ms]
      [Ref Enq: 0.3 ms]
      [Free CSet: 0.9 ms]
   [Eden: 534.0M(478.0M)->0.0B(180.0M) Survivors: 14.0M->56.0M Heap: 2427.0M(4096.0M)->1935.0M(4096.0M)]
 [Times: user=0.41 sys=0.01, real=0.21 secs] 
2016-08-30T15:37:00.406+0200: 7270.540: [GC concurrent-root-region-scan-start]
2016-08-30T15:37:00.449+0200: 7270.584: [GC concurrent-root-region-scan-end, 0.0435630 secs]
2016-08-30T15:37:00.449+0200: 7270.584: [GC concurrent-mark-start]
2016-08-30T15:37:01.756+0200: 7271.890: [GC concurrent-mark-end, 1.3063210 secs]
2016-08-30T15:37:01.758+0200: 7271.892: [GC remark 2016-08-30T15:37:01.760+0200: 7271.894: [GC ref-proc, 0.0685720 secs], 0.1051710 secs]
 [Times: user=0.11 sys=0.00, real=0.10 secs] 
2016-08-30T15:37:01.868+0200: 7272.002: [GC cleanup 1994M->1919M(4096M), 0.0308910 secs]
 [Times: user=0.06 sys=0.01, real=0.03 secs] 
2016-08-30T15:37:01.899+0200: 7272.034: [GC concurrent-cleanup-start]
2016-08-30T15:37:01.900+0200: 7272.034: [GC concurrent-cleanup-end, 0.0001810 secs]
2016-08-30T15:37:05.576+0200: 7275.710: [GC pause (young), 0.1645410 secs]
   [Parallel Time: 158.5 ms, GC Workers: 2]
      [GC Worker Start (ms): Min: 7275711.4, Avg: 7275711.5, Max: 7275711.5, Diff: 0.0]
      [Ext Root Scanning (ms): Min: 50.7, Avg: 51.3, Max: 52.0, Diff: 1.3, Sum: 102.7]
      [Update RS (ms): Min: 31.0, Avg: 31.9, Max: 32.9, Diff: 2.0, Sum: 63.9]
         [Processed Buffers: Min: 278, Avg: 285.0, Max: 292, Diff: 14, Sum: 570]
      [Scan RS (ms): Min: 13.8, Avg: 13.9, Max: 14.0, Diff: 0.2, Sum: 27.8]
      [Code Root Scanning (ms): Min: 0.0, Avg: 0.1, Max: 0.1, Diff: 0.0, Sum: 0.1]
      [Object Copy (ms): Min: 60.9, Avg: 61.1, Max: 61.3, Diff: 0.4, Sum: 122.1]
      [Termination (ms): Min: 0.0, Avg: 0.0, Max: 0.0, Diff: 0.0, Sum: 0.0]
      [GC Worker Other (ms): Min: 0.1, Avg: 0.1, Max: 0.1, Diff: 0.0, Sum: 0.2]
      [GC Worker Total (ms): Min: 158.4, Avg: 158.4, Max: 158.4, Diff: 0.0, Sum: 316.8]
      [GC Worker End (ms): Min: 7275869.9, Avg: 7275869.9, Max: 7275869.9, Diff: 0.0]
   [Code Root Fixup: 0.8 ms]
   [Code Root Migration: 0.0 ms]
   [Clear CT: 0.5 ms]
   [Other: 4.7 ms]
      [Choose CSet: 0.0 ms]
      [Ref Proc: 1.3 ms]
      [Ref Enq: 0.1 ms]
      [Free CSet: 0.4 ms]
   [Eden: 148.0M(148.0M)->0.0B(186.0M) Survivors: 56.0M->18.0M Heap: 2008.0M(4096.0M)->1866.0M(4096.0M)]
 [Times: user=0.32 sys=0.00, real=0.17 secs] 
2016-08-30T15:37:11.970+0200: 7282.104: [GC pause (mixed), 0.1693850 secs]
   [Parallel Time: 162.3 ms, GC Workers: 2]
      [GC Worker Start (ms): Min: 7282105.9, Avg: 7282106.3, Max: 7282106.8, Diff: 0.9]
      [Ext Root Scanning (ms): Min: 50.5, Avg: 50.9, Max: 51.3, Diff: 0.8, Sum: 101.8]
      [Update RS (ms): Min: 39.1, Avg: 39.2, Max: 39.3, Diff: 0.2, Sum: 78.4]
         [Processed Buffers: Min: 372, Avg: 424.5, Max: 477, Diff: 105, Sum: 849]
      [Scan RS (ms): Min: 29.2, Avg: 29.4, Max: 29.6, Diff: 0.5, Sum: 58.8]
      [Code Root Scanning (ms): Min: 0.1, Avg: 0.2, Max: 0.3, Diff: 0.2, Sum: 0.4]
      [Object Copy (ms): Min: 41.9, Avg: 41.9, Max: 42.0, Diff: 0.1, Sum: 83.9]
      [Termination (ms): Min: 0.0, Avg: 0.0, Max: 0.0, Diff: 0.0, Sum: 0.0]
      [GC Worker Other (ms): Min: 0.1, Avg: 0.1, Max: 0.2, Diff: 0.0, Sum: 0.3]
      [GC Worker Total (ms): Min: 161.3, Avg: 161.8, Max: 162.3, Diff: 0.9, Sum: 323.6]
      [GC Worker End (ms): Min: 7282268.1, Avg: 7282268.1, Max: 7282268.1, Diff: 0.0]
   [Code Root Fixup: 0.3 ms]
   [Code Root Migration: 0.1 ms]
   [Clear CT: 0.6 ms]
   [Other: 6.1 ms]
      [Choose CSet: 0.3 ms]
      [Ref Proc: 1.4 ms]
      [Ref Enq: 0.1 ms]
      [Free CSet: 1.4 ms]
   [Eden: 186.0M(186.0M)->0.0B(182.0M) Survivors: 18.0M->22.0M Heap: 2052.0M(4096.0M)->1542.0M(4096.0M)]
 [Times: user=0.32 sys=0.01, real=0.16 secs] 
2016-08-30T15:37:18.250+0200: 7288.384: [GC pause (mixed), 0.2297870 secs]
   [Parallel Time: 220.3 ms, GC Workers: 2]
      [GC Worker Start (ms): Min: 7288386.4, Avg: 7288386.4, Max: 7288386.4, Diff: 0.0]
      [Ext Root Scanning (ms): Min: 50.9, Avg: 52.4, Max: 53.8, Diff: 3.0, Sum: 104.7]
      [Update RS (ms): Min: 35.9, Avg: 38.0, Max: 40.1, Diff: 4.2, Sum: 75.9]
         [Processed Buffers: Min: 356, Avg: 399.0, Max: 442, Diff: 86, Sum: 798]
      [Scan RS (ms): Min: 48.4, Avg: 48.5, Max: 48.5, Diff: 0.1, Sum: 96.9]
      [Code Root Scanning (ms): Min: 0.1, Avg: 0.1, Max: 0.2, Diff: 0.1, Sum: 0.3]
      [Object Copy (ms): Min: 80.4, Avg: 81.1, Max: 81.8, Diff: 1.3, Sum: 162.2]
      [Termination (ms): Min: 0.0, Avg: 0.0, Max: 0.0, Diff: 0.0, Sum: 0.0]
      [GC Worker Other (ms): Min: 0.1, Avg: 0.1, Max: 0.2, Diff: 0.0, Sum: 0.3]
      [GC Worker Total (ms): Min: 220.2, Avg: 220.2, Max: 220.2, Diff: 0.0, Sum: 440.3]
      [GC Worker End (ms): Min: 7288606.6, Avg: 7288606.6, Max: 7288606.6, Diff: 0.0]
   [Code Root Fixup: 0.5 ms]
   [Code Root Migration: 0.1 ms]
   [Clear CT: 0.8 ms]
   [Other: 8.2 ms]
      [Choose CSet: 0.4 ms]
      [Ref Proc: 2.4 ms]
      [Ref Enq: 0.2 ms]
      [Free CSet: 1.5 ms]
   [Eden: 182.0M(182.0M)->0.0B(182.0M) Survivors: 22.0M->22.0M Heap: 1724.0M(4096.0M)->1382.0M(4096.0M)]
 [Times: user=0.45 sys=0.00, real=0.23 secs] 
2016-08-30T15:37:24.579+0200: 7294.714: [GC pause (mixed), 0.2204000 secs]
   [Parallel Time: 213.2 ms, GC Workers: 2]
      [GC Worker Start (ms): Min: 7294715.7, Avg: 7294716.1, Max: 7294716.5, Diff: 0.7]
      [Ext Root Scanning (ms): Min: 51.1, Avg: 51.4, Max: 51.7, Diff: 0.7, Sum: 102.8]
      [Update RS (ms): Min: 33.3, Avg: 33.9, Max: 34.6, Diff: 1.3, Sum: 67.9]
         [Processed Buffers: Min: 344, Avg: 364.0, Max: 384, Diff: 40, Sum: 728]
      [Scan RS (ms): Min: 59.3, Avg: 59.4, Max: 59.5, Diff: 0.3, Sum: 118.8]
      [Code Root Scanning (ms): Min: 0.1, Avg: 0.1, Max: 0.2, Diff: 0.1, Sum: 0.3]
      [Object Copy (ms): Min: 67.4, Avg: 67.8, Max: 68.2, Diff: 0.9, Sum: 135.6]
      [Termination (ms): Min: 0.0, Avg: 0.0, Max: 0.0, Diff: 0.0, Sum: 0.0]
      [GC Worker Other (ms): Min: 0.1, Avg: 0.1, Max: 0.1, Diff: 0.0, Sum: 0.3]
      [GC Worker Total (ms): Min: 212.4, Avg: 212.8, Max: 213.2, Diff: 0.7, Sum: 425.6]
      [GC Worker End (ms): Min: 7294928.9, Avg: 7294928.9, Max: 7294928.9, Diff: 0.0]
   [Code Root Fixup: 0.3 ms]
   [Code Root Migration: 0.0 ms]
   [Clear CT: 0.6 ms]
   [Other: 6.3 ms]
      [Choose CSet: 0.6 ms]
      [Ref Proc: 1.2 ms]
      [Ref Enq: 0.1 ms]
      [Free CSet: 1.4 ms]
   [Eden: 182.0M(182.0M)->0.0B(184.0M) Survivors: 22.0M->20.0M Heap: 1564.0M(4096.0M)->1234.0M(4096.0M)]
 [Times: user=0.43 sys=0.00, real=0.22 secs] 
2016-08-30T15:37:30.891+0200: 7301.026: [GC pause (mixed), 0.2968400 secs]
   [Parallel Time: 287.2 ms, GC Workers: 2]
      [GC Worker Start (ms): Min: 7301029.5, Avg: 7301031.7, Max: 7301033.8, Diff: 4.3]
      [Ext Root Scanning (ms): Min: 50.3, Avg: 51.0, Max: 51.8, Diff: 1.5, Sum: 102.1]
      [Update RS (ms): Min: 37.4, Avg: 37.4, Max: 37.4, Diff: 0.0, Sum: 74.7]
         [Processed Buffers: Min: 378, Avg: 380.0, Max: 382, Diff: 4, Sum: 760]
      [Scan RS (ms): Min: 108.0, Avg: 108.3, Max: 108.5, Diff: 0.4, Sum: 216.5]
      [Code Root Scanning (ms): Min: 0.1, Avg: 0.2, Max: 0.2, Diff: 0.2, Sum: 0.3]
      [Object Copy (ms): Min: 86.7, Avg: 88.0, Max: 89.3, Diff: 2.6, Sum: 176.0]
      [Termination (ms): Min: 0.0, Avg: 0.0, Max: 0.0, Diff: 0.0, Sum: 0.0]
      [GC Worker Other (ms): Min: 0.1, Avg: 0.2, Max: 0.2, Diff: 0.1, Sum: 0.3]
      [GC Worker Total (ms): Min: 282.9, Avg: 285.0, Max: 287.1, Diff: 4.3, Sum: 570.0]
      [GC Worker End (ms): Min: 7301316.6, Avg: 7301316.6, Max: 7301316.6, Diff: 0.0]
   [Code Root Fixup: 0.3 ms]
   [Code Root Migration: 0.0 ms]
   [Clear CT: 0.7 ms]
   [Other: 8.7 ms]
      [Choose CSet: 2.0 ms]
      [Ref Proc: 1.5 ms]
      [Ref Enq: 0.1 ms]
      [Free CSet: 1.8 ms]
   [Eden: 184.0M(184.0M)->0.0B(188.0M) Survivors: 20.0M->16.0M Heap: 1418.0M(4096.0M)->1092.0M(4096.0M)]
 [Times: user=0.58 sys=0.01, real=0.30 secs] 
2016-08-30T15:37:38.621+0200: 7308.756: [GC pause (mixed), 0.1629260 secs]
   [Parallel Time: 154.8 ms, GC Workers: 2]
      [GC Worker Start (ms): Min: 7308757.5, Avg: 7308757.9, Max: 7308758.2, Diff: 0.7]
      [Ext Root Scanning (ms): Min: 52.4, Avg: 52.7, Max: 53.0, Diff: 0.6, Sum: 105.4]
      [Update RS (ms): Min: 37.5, Avg: 38.1, Max: 38.7, Diff: 1.2, Sum: 76.2]
         [Processed Buffers: Min: 355, Avg: 372.0, Max: 389, Diff: 34, Sum: 744]
      [Scan RS (ms): Min: 19.9, Avg: 20.3, Max: 20.6, Diff: 0.7, Sum: 40.6]
      [Code Root Scanning (ms): Min: 0.0, Avg: 0.1, Max: 0.1, Diff: 0.1, Sum: 0.2]
      [Object Copy (ms): Min: 43.0, Avg: 43.1, Max: 43.3, Diff: 0.3, Sum: 86.3]
      [Termination (ms): Min: 0.0, Avg: 0.0, Max: 0.0, Diff: 0.0, Sum: 0.0]
      [GC Worker Other (ms): Min: 0.1, Avg: 0.1, Max: 0.1, Diff: 0.0, Sum: 0.3]
      [GC Worker Total (ms): Min: 154.1, Avg: 154.4, Max: 154.8, Diff: 0.7, Sum: 308.8]
      [GC Worker End (ms): Min: 7308912.3, Avg: 7308912.3, Max: 7308912.3, Diff: 0.0]
   [Code Root Fixup: 0.5 ms]
   [Code Root Migration: 0.0 ms]
   [Clear CT: 0.9 ms]
   [Other: 6.7 ms]
      [Choose CSet: 0.1 ms]
      [Ref Proc: 2.6 ms]
      [Ref Enq: 0.2 ms]
      [Free CSet: 0.7 ms]
   [Eden: 188.0M(188.0M)->0.0B(184.0M) Survivors: 16.0M->20.0M Heap: 1280.0M(4096.0M)->1097.0M(4096.0M)]
 [Times: user=0.32 sys=0.00, real=0.17 secs] 
2016-08-30T15:37:44.255+0200: 7314.390: [GC pause (young), 0.1467160 secs]
   [Parallel Time: 140.6 ms, GC Workers: 2]
      [GC Worker Start (ms): Min: 7314391.1, Avg: 7314392.5, Max: 7314394.0, Diff: 2.9]
      [Ext Root Scanning (ms): Min: 53.6, Avg: 56.9, Max: 60.2, Diff: 6.6, Sum: 113.8]
      [Update RS (ms): Min: 35.0, Avg: 35.5, Max: 35.9, Diff: 1.0, Sum: 70.9]
         [Processed Buffers: Min: 407, Avg: 410.5, Max: 414, Diff: 7, Sum: 821]
      [Scan RS (ms): Min: 6.7, Avg: 6.7, Max: 6.7, Diff: 0.0, Sum: 13.4]
      [Code Root Scanning (ms): Min: 0.1, Avg: 0.1, Max: 0.1, Diff: 0.0, Sum: 0.2]
      [Object Copy (ms): Min: 38.4, Avg: 39.8, Max: 41.2, Diff: 2.8, Sum: 79.5]
      [Termination (ms): Min: 0.0, Avg: 0.0, Max: 0.0, Diff: 0.0, Sum: 0.0]
      [GC Worker Other (ms): Min: 0.1, Avg: 0.1, Max: 0.1, Diff: 0.1, Sum: 0.2]
      [GC Worker Total (ms): Min: 137.6, Avg: 139.0, Max: 140.5, Diff: 2.9, Sum: 278.1]
      [GC Worker End (ms): Min: 7314531.6, Avg: 7314531.6, Max: 7314531.6, Diff: 0.0]
   [Code Root Fixup: 0.4 ms]
   [Code Root Migration: 0.0 ms]
   [Clear CT: 0.4 ms]
   [Other: 5.3 ms]
      [Choose CSet: 0.0 ms]
      [Ref Proc: 1.9 ms]
      [Ref Enq: 0.2 ms]
      [Free CSet: 0.5 ms]
   [Eden: 184.0M(184.0M)->0.0B(178.0M) Survivors: 20.0M->26.0M Heap: 1281.0M(4096.0M)->1119.0M(4096.0M)]
 [Times: user=0.27 sys=0.00, real=0.14 secs] 
2016-08-30T15:37:51.479+0200: 7321.614: [GC pause (young), 0.1484880 secs]
   [Parallel Time: 142.0 ms, GC Workers: 2]
      [GC Worker Start (ms): Min: 7321615.0, Avg: 7321615.9, Max: 7321616.8, Diff: 1.8]
      [Ext Root Scanning (ms): Min: 53.7, Avg: 59.7, Max: 65.7, Diff: 12.0, Sum: 119.4]
      [Update RS (ms): Min: 30.5, Avg: 37.4, Max: 44.2, Diff: 13.7, Sum: 74.7]
         [Processed Buffers: Min: 378, Avg: 387.5, Max: 397, Diff: 19, Sum: 775]
      [Scan RS (ms): Min: 6.6, Avg: 7.1, Max: 7.5, Diff: 0.9, Sum: 14.1]
      [Code Root Scanning (ms): Min: 0.0, Avg: 0.1, Max: 0.1, Diff: 0.1, Sum: 0.1]
      [Object Copy (ms): Min: 36.3, Avg: 36.7, Max: 37.2, Diff: 0.9, Sum: 73.5]
      [Termination (ms): Min: 0.0, Avg: 0.0, Max: 0.0, Diff: 0.0, Sum: 0.0]
      [GC Worker Other (ms): Min: 0.1, Avg: 0.1, Max: 0.2, Diff: 0.0, Sum: 0.3]
      [GC Worker Total (ms): Min: 140.2, Avg: 141.1, Max: 142.0, Diff: 1.8, Sum: 282.2]
      [GC Worker End (ms): Min: 7321757.0, Avg: 7321757.0, Max: 7321757.0, Diff: 0.0]
   [Code Root Fixup: 0.5 ms]
   [Code Root Migration: 0.0 ms]
   [Clear CT: 0.4 ms]
   [Other: 5.6 ms]
      [Choose CSet: 0.0 ms]
      [Ref Proc: 2.1 ms]
      [Ref Enq: 0.2 ms]
      [Free CSet: 0.4 ms]
   [Eden: 178.0M(178.0M)->0.0B(188.0M) Survivors: 26.0M->16.0M Heap: 1297.0M(4096.0M)->1133.0M(4096.0M)]
 [Times: user=0.27 sys=0.00, real=0.15 secs] 
2016-08-30T15:37:59.006+0200: 7329.140: [GC pause (young), 0.1304200 secs]
   [Parallel Time: 124.4 ms, GC Workers: 2]
      [GC Worker Start (ms): Min: 7329141.5, Avg: 7329141.5, Max: 7329141.5, Diff: 0.0]
      [Ext Root Scanning (ms): Min: 49.5, Avg: 50.6, Max: 51.7, Diff: 2.2, Sum: 101.2]
      [Update RS (ms): Min: 36.3, Avg: 37.0, Max: 37.6, Diff: 1.3, Sum: 73.9]
         [Processed Buffers: Min: 364, Avg: 366.5, Max: 369, Diff: 5, Sum: 733]
      [Scan RS (ms): Min: 6.5, Avg: 6.5, Max: 6.5, Diff: 0.0, Sum: 13.0]
      [Code Root Scanning (ms): Min: 0.1, Avg: 0.1, Max: 0.1, Diff: 0.0, Sum: 0.1]
      [Object Copy (ms): Min: 29.6, Avg: 30.1, Max: 30.6, Diff: 1.0, Sum: 60.2]
      [Termination (ms): Min: 0.0, Avg: 0.0, Max: 0.0, Diff: 0.0, Sum: 0.0]
      [GC Worker Other (ms): Min: 0.1, Avg: 0.1, Max: 0.2, Diff: 0.0, Sum: 0.3]
      [GC Worker Total (ms): Min: 124.3, Avg: 124.4, Max: 124.4, Diff: 0.0, Sum: 248.7]
      [GC Worker End (ms): Min: 7329265.9, Avg: 7329265.9, Max: 7329265.9, Diff: 0.0]
   [Code Root Fixup: 0.4 ms]
   [Code Root Migration: 0.0 ms]
   [Clear CT: 0.4 ms]
   [Other: 5.2 ms]
      [Choose CSet: 0.0 ms]
      [Ref Proc: 1.9 ms]
      [Ref Enq: 0.1 ms]
      [Free CSet: 0.4 ms]
   [Eden: 188.0M(188.0M)->0.0B(186.0M) Survivors: 16.0M->18.0M Heap: 1321.0M(4096.0M)->1149.0M(4096.0M)]
 [Times: user=0.26 sys=0.00, real=0.14 secs] 
2016-08-30T15:38:02.444+0200: 7332.578: [GC pause (young), 0.1280060 secs]
   [Parallel Time: 122.9 ms, GC Workers: 2]
      [GC Worker Start (ms): Min: 7332579.8, Avg: 7332579.8, Max: 7332579.8, Diff: 0.0]
      [Ext Root Scanning (ms): Min: 50.3, Avg: 54.8, Max: 59.3, Diff: 9.0, Sum: 109.7]
      [Update RS (ms): Min: 27.4, Avg: 31.5, Max: 35.6, Diff: 8.1, Sum: 63.0]
         [Processed Buffers: Min: 212, Avg: 257.0, Max: 302, Diff: 90, Sum: 514]
      [Scan RS (ms): Min: 6.4, Avg: 6.5, Max: 6.6, Diff: 0.2, Sum: 13.0]
      [Code Root Scanning (ms): Min: 0.0, Avg: 0.1, Max: 0.1, Diff: 0.0, Sum: 0.1]
      [Object Copy (ms): Min: 29.4, Avg: 29.8, Max: 30.1, Diff: 0.8, Sum: 59.5]
      [Termination (ms): Min: 0.0, Avg: 0.0, Max: 0.0, Diff: 0.0, Sum: 0.0]
      [GC Worker Other (ms): Min: 0.1, Avg: 0.1, Max: 0.1, Diff: 0.1, Sum: 0.2]
      [GC Worker Total (ms): Min: 122.7, Avg: 122.7, Max: 122.8, Diff: 0.0, Sum: 245.5]
      [GC Worker End (ms): Min: 7332702.5, Avg: 7332702.5, Max: 7332702.5, Diff: 0.0]
   [Code Root Fixup: 0.4 ms]
   [Code Root Migration: 0.0 ms]
   [Clear CT: 0.4 ms]
   [Other: 4.4 ms]
      [Choose CSet: 0.0 ms]
      [Ref Proc: 1.1 ms]
      [Ref Enq: 0.1 ms]
      [Free CSet: 0.5 ms]
   [Eden: 186.0M(186.0M)->0.0B(320.0M) Survivors: 18.0M->12.0M Heap: 1335.0M(4096.0M)->1161.0M(4096.0M)]
 [Times: user=0.23 sys=0.00, real=0.13 secs] 
2016-08-30T15:38:13.901+0200: 7344.035: [GC pause (young), 0.1688880 secs]
   [Parallel Time: 159.7 ms, GC Workers: 2]
      [GC Worker Start (ms): Min: 7344037.0, Avg: 7344039.6, Max: 7344042.2, Diff: 5.2]
      [Ext Root Scanning (ms): Min: 50.5, Avg: 53.3, Max: 56.2, Diff: 5.7, Sum: 106.7]
      [Update RS (ms): Min: 51.1, Avg: 51.6, Max: 52.1, Diff: 1.0, Sum: 103.2]
         [Processed Buffers: Min: 503, Avg: 508.5, Max: 514, Diff: 11, Sum: 1017]
      [Scan RS (ms): Min: 5.7, Avg: 5.9, Max: 6.2, Diff: 0.5, Sum: 11.9]
      [Code Root Scanning (ms): Min: 0.1, Avg: 0.1, Max: 0.1, Diff: 0.0, Sum: 0.2]
      [Object Copy (ms): Min: 45.4, Avg: 45.9, Max: 46.5, Diff: 1.0, Sum: 91.9]
      [Termination (ms): Min: 0.0, Avg: 0.0, Max: 0.0, Diff: 0.0, Sum: 0.0]
      [GC Worker Other (ms): Min: 0.1, Avg: 0.1, Max: 0.2, Diff: 0.0, Sum: 0.3]
      [GC Worker Total (ms): Min: 154.5, Avg: 157.1, Max: 159.7, Diff: 5.2, Sum: 314.1]
      [GC Worker End (ms): Min: 7344196.7, Avg: 7344196.7, Max: 7344196.7, Diff: 0.0]
   [Code Root Fixup: 0.4 ms]
   [Code Root Migration: 0.1 ms]
   [Clear CT: 0.4 ms]
   [Other: 8.3 ms]
      [Choose CSet: 0.0 ms]
      [Ref Proc: 4.0 ms]
      [Ref Enq: 0.3 ms]
      [Free CSet: 0.8 ms]
   [Eden: 320.0M(320.0M)->0.0B(188.0M) Survivors: 12.0M->42.0M Heap: 1481.0M(4096.0M)->1195.0M(4096.0M)]
 [Times: user=0.32 sys=0.00, real=0.17 secs] 
2016-08-30T15:38:20.032+0200: 7350.167: [GC pause (young), 0.1610760 secs]
   [Parallel Time: 153.4 ms, GC Workers: 2]
      [GC Worker Start (ms): Min: 7350168.5, Avg: 7350168.5, Max: 7350168.5, Diff: 0.0]
      [Ext Root Scanning (ms): Min: 51.3, Avg: 51.6, Max: 52.0, Diff: 0.8, Sum: 103.3]
      [Update RS (ms): Min: 37.0, Avg: 37.6, Max: 38.3, Diff: 1.2, Sum: 75.3]
         [Processed Buffers: Min: 414, Avg: 428.5, Max: 443, Diff: 29, Sum: 857]
      [Scan RS (ms): Min: 11.4, Avg: 12.0, Max: 12.6, Diff: 1.2, Sum: 24.0]
      [Code Root Scanning (ms): Min: 0.1, Avg: 0.1, Max: 0.1, Diff: 0.0, Sum: 0.1]
      [Object Copy (ms): Min: 51.4, Avg: 51.8, Max: 52.1, Diff: 0.7, Sum: 103.5]
      [Termination (ms): Min: 0.0, Avg: 0.0, Max: 0.0, Diff: 0.0, Sum: 0.0]
      [GC Worker Other (ms): Min: 0.1, Avg: 0.1, Max: 0.2, Diff: 0.1, Sum: 0.3]
      [GC Worker Total (ms): Min: 153.3, Avg: 153.3, Max: 153.3, Diff: 0.0, Sum: 306.6]
      [GC Worker End (ms): Min: 7350321.8, Avg: 7350321.8, Max: 7350321.8, Diff: 0.0]
   [Code Root Fixup: 0.6 ms]
   [Code Root Migration: 0.0 ms]
   [Clear CT: 0.4 ms]
   [Other: 6.6 ms]
      [Choose CSet: 0.0 ms]
      [Ref Proc: 2.7 ms]
      [Ref Enq: 0.2 ms]
      [Free CSet: 0.5 ms]
   [Eden: 188.0M(188.0M)->0.0B(356.0M) Survivors: 42.0M->16.0M Heap: 1383.0M(4096.0M)->1210.0M(4096.0M)]
 [Times: user=0.31 sys=0.01, real=0.16 secs] 
2016-08-30T15:38:34.681+0200: 7364.816: [GC pause (young), 0.1757690 secs]
   [Parallel Time: 165.8 ms, GC Workers: 2]
      [GC Worker Start (ms): Min: 7364817.5, Avg: 7364817.7, Max: 7364818.0, Diff: 0.6]
      [Ext Root Scanning (ms): Min: 52.4, Avg: 52.7, Max: 53.0, Diff: 0.6, Sum: 105.4]
      [Update RS (ms): Min: 51.7, Avg: 51.8, Max: 51.9, Diff: 0.2, Sum: 103.6]
         [Processed Buffers: Min: 429, Avg: 453.0, Max: 477, Diff: 48, Sum: 906]
      [Scan RS (ms): Min: 8.4, Avg: 8.7, Max: 9.0, Diff: 0.6, Sum: 17.4]
      [Code Root Scanning (ms): Min: 0.1, Avg: 0.1, Max: 0.1, Diff: 0.1, Sum: 0.2]
      [Object Copy (ms): Min: 51.9, Avg: 52.0, Max: 52.1, Diff: 0.2, Sum: 104.0]
      [Termination (ms): Min: 0.0, Avg: 0.0, Max: 0.0, Diff: 0.0, Sum: 0.0]
      [GC Worker Other (ms): Min: 0.1, Avg: 0.2, Max: 0.2, Diff: 0.0, Sum: 0.3]
      [GC Worker Total (ms): Min: 165.2, Avg: 165.5, Max: 165.7, Diff: 0.5, Sum: 331.0]
      [GC Worker End (ms): Min: 7364983.2, Avg: 7364983.2, Max: 7364983.2, Diff: 0.0]
   [Code Root Fixup: 0.4 ms]
   [Code Root Migration: 0.1 ms]
   [Clear CT: 0.5 ms]
   [Other: 9.0 ms]
      [Choose CSet: 0.0 ms]
      [Ref Proc: 4.5 ms]
      [Ref Enq: 0.3 ms]
      [Free CSet: 0.9 ms]
   [Eden: 356.0M(356.0M)->0.0B(224.0M) Survivors: 16.0M->48.0M Heap: 1566.0M(4096.0M)->1242.0M(4096.0M)]
 [Times: user=0.34 sys=0.01, real=0.18 secs] 
2016-08-30T15:38:41.972+0200: 7372.106: [GC pause (young), 0.1616680 secs]
   [Parallel Time: 156.1 ms, GC Workers: 2]
      [GC Worker Start (ms): Min: 7372107.5, Avg: 7372107.5, Max: 7372107.5, Diff: 0.0]
      [Ext Root Scanning (ms): Min: 49.8, Avg: 50.0, Max: 50.3, Diff: 0.5, Sum: 100.1]
      [Update RS (ms): Min: 42.1, Avg: 42.3, Max: 42.4, Diff: 0.3, Sum: 84.6]
         [Processed Buffers: Min: 367, Avg: 394.5, Max: 422, Diff: 55, Sum: 789]
      [Scan RS (ms): Min: 11.7, Avg: 12.2, Max: 12.7, Diff: 1.0, Sum: 24.4]
      [Code Root Scanning (ms): Min: 0.1, Avg: 0.1, Max: 0.1, Diff: 0.0, Sum: 0.2]
      [Object Copy (ms): Min: 51.2, Avg: 51.3, Max: 51.4, Diff: 0.1, Sum: 102.6]
      [Termination (ms): Min: 0.0, Avg: 0.0, Max: 0.0, Diff: 0.0, Sum: 0.0]
      [GC Worker Other (ms): Min: 0.1, Avg: 0.1, Max: 0.2, Diff: 0.1, Sum: 0.3]
      [GC Worker Total (ms): Min: 156.0, Avg: 156.0, Max: 156.0, Diff: 0.0, Sum: 312.1]
      [GC Worker End (ms): Min: 7372263.5, Avg: 7372263.5, Max: 7372263.5, Diff: 0.0]
   [Code Root Fixup: 0.2 ms]
   [Code Root Migration: 0.0 ms]
   [Clear CT: 0.3 ms]
   [Other: 5.0 ms]
      [Choose CSet: 0.0 ms]
      [Ref Proc: 1.7 ms]
      [Ref Enq: 0.1 ms]
      [Free CSet: 0.5 ms]
   [Eden: 224.0M(224.0M)->0.0B(364.0M) Survivors: 48.0M->28.0M Heap: 1466.0M(4096.0M)->1263.0M(4096.0M)]
 [Times: user=0.31 sys=0.00, real=0.17 secs] 
2016-08-30T15:38:56.239+0200: 7386.373: [GC pause (young), 0.1836220 secs]
   [Parallel Time: 172.6 ms, GC Workers: 2]
      [GC Worker Start (ms): Min: 7386375.2, Avg: 7386377.1, Max: 7386379.0, Diff: 3.8]
      [Ext Root Scanning (ms): Min: 51.0, Avg: 51.7, Max: 52.4, Diff: 1.4, Sum: 103.4]
      [Update RS (ms): Min: 49.8, Avg: 51.1, Max: 52.4, Diff: 2.5, Sum: 102.2]
         [Processed Buffers: Min: 408, Avg: 447.5, Max: 487, Diff: 79, Sum: 895]
      [Scan RS (ms): Min: 9.5, Avg: 10.1, Max: 10.8, Diff: 1.3, Sum: 20.3]
      [Code Root Scanning (ms): Min: 0.1, Avg: 0.1, Max: 0.1, Diff: 0.0, Sum: 0.2]
      [Object Copy (ms): Min: 56.9, Avg: 57.5, Max: 58.0, Diff: 1.1, Sum: 114.9]
      [Termination (ms): Min: 0.0, Avg: 0.0, Max: 0.0, Diff: 0.0, Sum: 0.0]
      [GC Worker Other (ms): Min: 0.1, Avg: 0.1, Max: 0.2, Diff: 0.0, Sum: 0.3]
      [GC Worker Total (ms): Min: 168.7, Avg: 170.6, Max: 172.5, Diff: 3.8, Sum: 341.3]
      [GC Worker End (ms): Min: 7386547.7, Avg: 7386547.7, Max: 7386547.7, Diff: 0.0]
   [Code Root Fixup: 0.5 ms]
   [Code Root Migration: 0.1 ms]
   [Clear CT: 0.5 ms]
   [Other: 10.0 ms]
      [Choose CSet: 0.0 ms]
      [Ref Proc: 5.5 ms]
      [Ref Enq: 0.4 ms]
      [Free CSet: 1.0 ms]
   [Eden: 364.0M(364.0M)->0.0B(256.0M) Survivors: 28.0M->50.0M Heap: 1627.0M(4096.0M)->1291.0M(4096.0M)]
 [Times: user=0.35 sys=0.01, real=0.18 secs] 
2016-08-30T15:39:06.611+0200: 7396.746: [GC pause (young), 0.1964850 secs]
   [Parallel Time: 188.0 ms, GC Workers: 2]
      [GC Worker Start (ms): Min: 7396747.4, Avg: 7396749.0, Max: 7396750.6, Diff: 3.2]
      [Ext Root Scanning (ms): Min: 58.4, Avg: 59.0, Max: 59.7, Diff: 1.3, Sum: 118.1]
      [Update RS (ms): Min: 41.5, Avg: 43.9, Max: 46.3, Diff: 4.8, Sum: 87.8]
         [Processed Buffers: Min: 421, Avg: 470.5, Max: 520, Diff: 99, Sum: 941]
      [Scan RS (ms): Min: 14.1, Avg: 14.4, Max: 14.7, Diff: 0.6, Sum: 28.8]
      [Code Root Scanning (ms): Min: 0.0, Avg: 0.1, Max: 0.2, Diff: 0.1, Sum: 0.2]
      [Object Copy (ms): Min: 66.9, Avg: 68.8, Max: 70.6, Diff: 3.7, Sum: 137.5]
      [Termination (ms): Min: 0.0, Avg: 0.0, Max: 0.0, Diff: 0.0, Sum: 0.0]
      [GC Worker Other (ms): Min: 0.1, Avg: 0.1, Max: 0.2, Diff: 0.0, Sum: 0.3]
      [GC Worker Total (ms): Min: 184.8, Avg: 186.4, Max: 187.9, Diff: 3.2, Sum: 372.7]
      [GC Worker End (ms): Min: 7396935.4, Avg: 7396935.4, Max: 7396935.4, Diff: 0.0]
   [Code Root Fixup: 0.4 ms]
   [Code Root Migration: 0.0 ms]
   [Clear CT: 0.5 ms]
   [Other: 7.5 ms]
      [Choose CSet: 0.0 ms]
      [Ref Proc: 3.2 ms]
      [Ref Enq: 0.2 ms]
      [Free CSet: 0.7 ms]
   [Eden: 256.0M(256.0M)->0.0B(384.0M) Survivors: 50.0M->24.0M Heap: 1547.0M(4096.0M)->1311.0M(4096.0M)]
 [Times: user=0.35 sys=0.00, real=0.20 secs] 
2016-08-30T15:39:21.673+0200: 7411.808: [GC pause (young), 0.1854690 secs]
   [Parallel Time: 175.0 ms, GC Workers: 2]
      [GC Worker Start (ms): Min: 7411809.7, Avg: 7411810.8, Max: 7411811.9, Diff: 2.2]
      [Ext Root Scanning (ms): Min: 50.8, Avg: 51.0, Max: 51.2, Diff: 0.4, Sum: 102.0]
      [Update RS (ms): Min: 53.2, Avg: 54.8, Max: 56.3, Diff: 3.1, Sum: 109.6]
         [Processed Buffers: Min: 381, Avg: 442.0, Max: 503, Diff: 122, Sum: 884]
      [Scan RS (ms): Min: 9.2, Avg: 9.8, Max: 10.5, Diff: 1.3, Sum: 19.6]
      [Code Root Scanning (ms): Min: 0.1, Avg: 0.1, Max: 0.1, Diff: 0.0, Sum: 0.2]
      [Object Copy (ms): Min: 57.8, Avg: 57.9, Max: 57.9, Diff: 0.1, Sum: 115.7]
      [Termination (ms): Min: 0.0, Avg: 0.0, Max: 0.0, Diff: 0.0, Sum: 0.0]
      [GC Worker Other (ms): Min: 0.2, Avg: 0.2, Max: 0.2, Diff: 0.0, Sum: 0.3]
      [GC Worker Total (ms): Min: 172.7, Avg: 173.8, Max: 174.9, Diff: 2.2, Sum: 347.5]
      [GC Worker End (ms): Min: 7411984.6, Avg: 7411984.6, Max: 7411984.6, Diff: 0.0]
   [Code Root Fixup: 0.4 ms]
   [Code Root Migration: 0.1 ms]
   [Clear CT: 0.5 ms]
   [Other: 9.5 ms]
      [Choose CSet: 0.0 ms]
      [Ref Proc: 4.8 ms]
      [Ref Enq: 0.4 ms]
      [Free CSet: 0.8 ms]
   [Eden: 384.0M(384.0M)->0.0B(216.0M) Survivors: 24.0M->52.0M Heap: 1695.0M(4096.0M)->1339.0M(4096.0M)]
 [Times: user=0.36 sys=0.00, real=0.18 secs] 
2016-08-30T15:39:28.419+0200: 7418.553: [GC pause (young), 0.1831820 secs]
   [Parallel Time: 175.2 ms, GC Workers: 2]
      [GC Worker Start (ms): Min: 7418554.8, Avg: 7418554.8, Max: 7418554.8, Diff: 0.0]
      [Ext Root Scanning (ms): Min: 49.8, Avg: 51.1, Max: 52.5, Diff: 2.7, Sum: 102.2]
      [Update RS (ms): Min: 42.9, Avg: 43.9, Max: 45.0, Diff: 2.0, Sum: 87.9]
         [Processed Buffers: Min: 293, Avg: 358.0, Max: 423, Diff: 130, Sum: 716]
      [Scan RS (ms): Min: 14.7, Avg: 15.0, Max: 15.4, Diff: 0.7, Sum: 30.1]
      [Code Root Scanning (ms): Min: 0.0, Avg: 0.1, Max: 0.1, Diff: 0.1, Sum: 0.2]
      [Object Copy (ms): Min: 64.7, Avg: 64.8, Max: 64.8, Diff: 0.1, Sum: 129.6]
      [Termination (ms): Min: 0.0, Avg: 0.0, Max: 0.0, Diff: 0.0, Sum: 0.0]
      [GC Worker Other (ms): Min: 0.1, Avg: 0.2, Max: 0.2, Diff: 0.1, Sum: 0.3]
      [GC Worker Total (ms): Min: 175.1, Avg: 175.1, Max: 175.1, Diff: 0.0, Sum: 350.3]
      [GC Worker End (ms): Min: 7418730.0, Avg: 7418730.0, Max: 7418730.0, Diff: 0.0]
   [Code Root Fixup: 0.6 ms]
   [Code Root Migration: 0.0 ms]
   [Clear CT: 0.5 ms]
   [Other: 6.9 ms]
      [Choose CSet: 0.0 ms]
      [Ref Proc: 2.7 ms]
      [Ref Enq: 0.3 ms]
      [Free CSet: 0.7 ms]
   [Eden: 216.0M(216.0M)->0.0B(344.0M) Survivors: 52.0M->26.0M Heap: 1555.0M(4096.0M)->1355.0M(4096.0M)]
 [Times: user=0.34 sys=0.01, real=0.19 secs] 
2016-08-30T15:39:41.573+0200: 7431.708: [GC pause (young), 0.1920480 secs]
   [Parallel Time: 182.1 ms, GC Workers: 2]
      [GC Worker Start (ms): Min: 7431709.3, Avg: 7431709.3, Max: 7431709.4, Diff: 0.1]
      [Ext Root Scanning (ms): Min: 50.6, Avg: 50.6, Max: 50.6, Diff: 0.1, Sum: 101.2]
      [Update RS (ms): Min: 71.0, Avg: 71.9, Max: 72.7, Diff: 1.7, Sum: 143.7]
         [Processed Buffers: Min: 372, Avg: 484.0, Max: 596, Diff: 224, Sum: 968]
      [Scan RS (ms): Min: 8.9, Avg: 9.3, Max: 9.8, Diff: 1.0, Sum: 18.7]
      [Code Root Scanning (ms): Min: 0.1, Avg: 0.1, Max: 0.1, Diff: 0.0, Sum: 0.3]
      [Object Copy (ms): Min: 49.6, Avg: 50.0, Max: 50.3, Diff: 0.6, Sum: 99.9]
      [Termination (ms): Min: 0.0, Avg: 0.0, Max: 0.0, Diff: 0.0, Sum: 0.0]
      [GC Worker Other (ms): Min: 0.1, Avg: 0.1, Max: 0.1, Diff: 0.1, Sum: 0.2]
      [GC Worker Total (ms): Min: 181.9, Avg: 182.0, Max: 182.0, Diff: 0.1, Sum: 363.9]
      [GC Worker End (ms): Min: 7431891.3, Avg: 7431891.3, Max: 7431891.3, Diff: 0.0]
   [Code Root Fixup: 0.4 ms]
   [Code Root Migration: 0.1 ms]
   [Clear CT: 0.5 ms]
   [Other: 9.1 ms]
      [Choose CSet: 0.0 ms]
      [Ref Proc: 4.8 ms]
      [Ref Enq: 0.3 ms]
      [Free CSet: 0.8 ms]
   [Eden: 344.0M(344.0M)->0.0B(200.0M) Survivors: 26.0M->48.0M Heap: 1699.0M(4096.0M)->1381.0M(4096.0M)]
 [Times: user=0.34 sys=0.00, real=0.19 secs] 
2016-08-30T15:39:49.167+0200: 7439.301: [GC pause (young), 0.1733270 secs]
   [Parallel Time: 165.9 ms, GC Workers: 2]
      [GC Worker Start (ms): Min: 7439303.1, Avg: 7439303.1, Max: 7439303.1, Diff: 0.0]
      [Ext Root Scanning (ms): Min: 50.0, Avg: 50.5, Max: 51.1, Diff: 1.1, Sum: 101.1]
      [Update RS (ms): Min: 36.6, Avg: 37.5, Max: 38.5, Diff: 1.9, Sum: 75.1]
         [Processed Buffers: Min: 391, Avg: 419.0, Max: 447, Diff: 56, Sum: 838]
      [Scan RS (ms): Min: 13.3, Avg: 13.6, Max: 13.8, Diff: 0.5, Sum: 27.1]
      [Code Root Scanning (ms): Min: 0.1, Avg: 0.1, Max: 0.1, Diff: 0.0, Sum: 0.2]
      [Object Copy (ms): Min: 63.8, Avg: 63.9, Max: 64.0, Diff: 0.2, Sum: 127.8]
      [Termination (ms): Min: 0.0, Avg: 0.0, Max: 0.0, Diff: 0.0, Sum: 0.0]
      [GC Worker Other (ms): Min: 0.1, Avg: 0.2, Max: 0.2, Diff: 0.1, Sum: 0.3]
      [GC Worker Total (ms): Min: 165.8, Avg: 165.8, Max: 165.8, Diff: 0.0, Sum: 331.6]
      [GC Worker End (ms): Min: 7439468.9, Avg: 7439468.9, Max: 7439468.9, Diff: 0.0]
   [Code Root Fixup: 0.4 ms]
   [Code Root Migration: 0.0 ms]
   [Clear CT: 0.5 ms]
   [Other: 6.5 ms]
      [Choose CSet: 0.0 ms]
      [Ref Proc: 2.4 ms]
      [Ref Enq: 0.2 ms]
      [Free CSet: 0.6 ms]
   [Eden: 200.0M(200.0M)->0.0B(414.0M) Survivors: 48.0M->22.0M Heap: 1581.0M(4096.0M)->1401.0M(4096.0M)]
 [Times: user=0.34 sys=0.01, real=0.17 secs] 
2016-08-30T15:40:06.825+0200: 7456.960: [GC pause (young), 0.1779280 secs]
   [Parallel Time: 169.9 ms, GC Workers: 2]
      [GC Worker Start (ms): Min: 7456961.6, Avg: 7456963.3, Max: 7456964.9, Diff: 3.3]
      [Ext Root Scanning (ms): Min: 49.3, Avg: 52.1, Max: 54.9, Diff: 5.6, Sum: 104.2]
      [Update RS (ms): Min: 54.2, Avg: 56.5, Max: 58.7, Diff: 4.5, Sum: 113.0]
         [Processed Buffers: Min: 419, Avg: 442.5, Max: 466, Diff: 47, Sum: 885]
      [Scan RS (ms): Min: 9.0, Avg: 9.2, Max: 9.4, Diff: 0.4, Sum: 18.4]
      [Code Root Scanning (ms): Min: 0.1, Avg: 0.1, Max: 0.2, Diff: 0.1, Sum: 0.3]
      [Object Copy (ms): Min: 49.3, Avg: 50.2, Max: 51.0, Diff: 1.7, Sum: 100.3]
      [Termination (ms): Min: 0.0, Avg: 0.0, Max: 0.0, Diff: 0.0, Sum: 0.0]
      [GC Worker Other (ms): Min: 0.1, Avg: 0.1, Max: 0.1, Diff: 0.1, Sum: 0.2]
      [GC Worker Total (ms): Min: 166.6, Avg: 168.2, Max: 169.8, Diff: 3.3, Sum: 336.4]
      [GC Worker End (ms): Min: 7457131.5, Avg: 7457131.5, Max: 7457131.5, Diff: 0.0]
   [Code Root Fixup: 0.2 ms]
   [Code Root Migration: 0.1 ms]
   [Clear CT: 0.4 ms]
   [Other: 7.3 ms]
      [Choose CSet: 0.0 ms]
      [Ref Proc: 3.4 ms]
      [Ref Enq: 0.2 ms]
      [Free CSet: 0.8 ms]
   [Eden: 414.0M(414.0M)->0.0B(240.0M) Survivors: 22.0M->56.0M Heap: 1815.0M(4096.0M)->1435.0M(4096.0M)]
 [Times: user=0.34 sys=0.01, real=0.18 secs] 
2016-08-30T15:40:14.174+0200: 7464.308: [GC pause (young), 0.1848850 secs]
   [Parallel Time: 176.7 ms, GC Workers: 2]
      [GC Worker Start (ms): Min: 7464309.7, Avg: 7464309.7, Max: 7464309.7, Diff: 0.0]
      [Ext Root Scanning (ms): Min: 51.8, Avg: 52.1, Max: 52.4, Diff: 0.6, Sum: 104.2]
      [Update RS (ms): Min: 44.0, Avg: 44.5, Max: 45.0, Diff: 1.0, Sum: 89.0]
         [Processed Buffers: Min: 402, Avg: 420.0, Max: 438, Diff: 36, Sum: 840]
      [Scan RS (ms): Min: 12.6, Avg: 12.9, Max: 13.2, Diff: 0.6, Sum: 25.8]
      [Code Root Scanning (ms): Min: 0.0, Avg: 0.1, Max: 0.1, Diff: 0.1, Sum: 0.2]
      [Object Copy (ms): Min: 66.4, Avg: 66.9, Max: 67.4, Diff: 1.0, Sum: 133.7]
      [Termination (ms): Min: 0.0, Avg: 0.0, Max: 0.0, Diff: 0.0, Sum: 0.0]
      [GC Worker Other (ms): Min: 0.1, Avg: 0.1, Max: 0.2, Diff: 0.0, Sum: 0.3]
      [GC Worker Total (ms): Min: 176.6, Avg: 176.6, Max: 176.6, Diff: 0.0, Sum: 353.2]
      [GC Worker End (ms): Min: 7464486.3, Avg: 7464486.3, Max: 7464486.3, Diff: 0.0]
   [Code Root Fixup: 0.4 ms]
   [Code Root Migration: 0.0 ms]
   [Clear CT: 0.5 ms]
   [Other: 7.2 ms]
      [Choose CSet: 0.0 ms]
      [Ref Proc: 2.8 ms]
      [Ref Enq: 0.3 ms]
      [Free CSet: 0.6 ms]
   [Eden: 240.0M(240.0M)->0.0B(344.0M) Survivors: 56.0M->30.0M Heap: 1675.0M(4096.0M)->1452.0M(4096.0M)]
 [Times: user=0.36 sys=0.00, real=0.19 secs] 
2016-08-30T15:40:27.629+0200: 7477.763: [GC pause (young), 0.1748210 secs]
   [Parallel Time: 164.6 ms, GC Workers: 2]
      [GC Worker Start (ms): Min: 7477764.8, Avg: 7477764.8, Max: 7477764.8, Diff: 0.0]
      [Ext Root Scanning (ms): Min: 50.2, Avg: 50.5, Max: 50.9, Diff: 0.8, Sum: 101.1]
      [Update RS (ms): Min: 50.5, Avg: 50.8, Max: 51.0, Diff: 0.5, Sum: 101.6]
         [Processed Buffers: Min: 434, Avg: 453.5, Max: 473, Diff: 39, Sum: 907]
      [Scan RS (ms): Min: 9.4, Avg: 9.6, Max: 9.8, Diff: 0.4, Sum: 19.2]
      [Code Root Scanning (ms): Min: 0.1, Avg: 0.1, Max: 0.1, Diff: 0.0, Sum: 0.2]
      [Object Copy (ms): Min: 52.8, Avg: 53.3, Max: 53.8, Diff: 1.0, Sum: 106.6]
      [Termination (ms): Min: 0.0, Avg: 0.0, Max: 0.0, Diff: 0.0, Sum: 0.0]
      [GC Worker Other (ms): Min: 0.1, Avg: 0.1, Max: 0.1, Diff: 0.1, Sum: 0.2]
      [GC Worker Total (ms): Min: 164.4, Avg: 164.5, Max: 164.5, Diff: 0.0, Sum: 328.9]
      [GC Worker End (ms): Min: 7477929.3, Avg: 7477929.3, Max: 7477929.3, Diff: 0.0]
   [Code Root Fixup: 0.6 ms]
   [Code Root Migration: 0.1 ms]
   [Clear CT: 0.6 ms]
   [Other: 9.0 ms]
      [Choose CSet: 0.0 ms]
      [Ref Proc: 4.6 ms]
      [Ref Enq: 0.4 ms]
      [Free CSet: 0.8 ms]
   [Eden: 344.0M(344.0M)->0.0B(346.0M) Survivors: 30.0M->34.0M Heap: 1796.0M(4096.0M)->1476.0M(4096.0M)]
 [Times: user=0.34 sys=0.00, real=0.18 secs] 
2016-08-30T15:40:41.347+0200: 7491.482: [GC pause (young), 0.1721220 secs]
   [Parallel Time: 164.9 ms, GC Workers: 2]
      [GC Worker Start (ms): Min: 7491483.5, Avg: 7491483.5, Max: 7491483.5, Diff: 0.0]
      [Ext Root Scanning (ms): Min: 51.1, Avg: 51.3, Max: 51.5, Diff: 0.3, Sum: 102.6]
      [Update RS (ms): Min: 55.2, Avg: 55.7, Max: 56.3, Diff: 1.2, Sum: 111.5]
         [Processed Buffers: Min: 439, Avg: 452.5, Max: 466, Diff: 27, Sum: 905]
      [Scan RS (ms): Min: 10.5, Avg: 11.1, Max: 11.7, Diff: 1.2, Sum: 22.3]
      [Code Root Scanning (ms): Min: 0.1, Avg: 0.1, Max: 0.1, Diff: 0.1, Sum: 0.2]
      [Object Copy (ms): Min: 46.2, Avg: 46.4, Max: 46.6, Diff: 0.4, Sum: 92.8]
      [Termination (ms): Min: 0.0, Avg: 0.0, Max: 0.0, Diff: 0.0, Sum: 0.0]
      [GC Worker Other (ms): Min: 0.1, Avg: 0.1, Max: 0.1, Diff: 0.0, Sum: 0.3]
      [GC Worker Total (ms): Min: 164.8, Avg: 164.9, Max: 164.9, Diff: 0.0, Sum: 329.7]
      [GC Worker End (ms): Min: 7491648.4, Avg: 7491648.4, Max: 7491648.4, Diff: 0.0]
   [Code Root Fixup: 0.3 ms]
   [Code Root Migration: 0.0 ms]
   [Clear CT: 0.4 ms]
   [Other: 6.4 ms]
      [Choose CSet: 0.0 ms]
      [Ref Proc: 2.7 ms]
      [Ref Enq: 0.2 ms]
      [Free CSet: 0.6 ms]
   [Eden: 346.0M(346.0M)->0.0B(390.0M) Survivors: 34.0M->32.0M Heap: 1822.0M(4096.0M)->1498.0M(4096.0M)]
 [Times: user=0.33 sys=0.00, real=0.17 secs] 
2016-08-30T15:40:55.983+0200: 7506.118: [GC pause (young), 0.1750730 secs]
   [Parallel Time: 167.4 ms, GC Workers: 2]
      [GC Worker Start (ms): Min: 7506119.3, Avg: 7506119.3, Max: 7506119.4, Diff: 0.0]
      [Ext Root Scanning (ms): Min: 51.3, Avg: 52.5, Max: 53.7, Diff: 2.3, Sum: 105.0]
      [Update RS (ms): Min: 49.9, Avg: 51.7, Max: 53.5, Diff: 3.6, Sum: 103.4]
         [Processed Buffers: Min: 402, Avg: 434.5, Max: 467, Diff: 65, Sum: 869]
      [Scan RS (ms): Min: 12.2, Avg: 12.6, Max: 13.0, Diff: 0.9, Sum: 25.2]
      [Code Root Scanning (ms): Min: 0.1, Avg: 0.2, Max: 0.2, Diff: 0.1, Sum: 0.3]
      [Object Copy (ms): Min: 50.1, Avg: 50.2, Max: 50.3, Diff: 0.3, Sum: 100.4]
      [Termination (ms): Min: 0.0, Avg: 0.0, Max: 0.0, Diff: 0.0, Sum: 0.0]
      [GC Worker Other (ms): Min: 0.1, Avg: 0.1, Max: 0.2, Diff: 0.0, Sum: 0.3]
      [GC Worker Total (ms): Min: 167.3, Avg: 167.3, Max: 167.3, Diff: 0.0, Sum: 334.6]
      [GC Worker End (ms): Min: 7506286.7, Avg: 7506286.7, Max: 7506286.7, Diff: 0.0]
   [Code Root Fixup: 0.4 ms]
   [Code Root Migration: 0.1 ms]
   [Clear CT: 0.5 ms]
   [Other: 6.8 ms]
      [Choose CSet: 0.0 ms]
      [Ref Proc: 3.1 ms]
      [Ref Enq: 0.2 ms]
      [Free CSet: 0.7 ms]
   [Eden: 372.0M(296.0M)->0.0B(406.0M) Survivors: 32.0M->36.0M Heap: 1870.0M(4096.0M)->1522.0M(4096.0M)]
 [Times: user=0.34 sys=0.00, real=0.18 secs] 
2016-08-30T15:41:10.153+0200: 7520.288: [GC pause (young), 0.1745090 secs]
   [Parallel Time: 164.7 ms, GC Workers: 2]
      [GC Worker Start (ms): Min: 7520289.2, Avg: 7520289.2, Max: 7520289.3, Diff: 0.0]
      [Ext Root Scanning (ms): Min: 49.2, Avg: 49.8, Max: 50.5, Diff: 1.3, Sum: 99.6]
      [Update RS (ms): Min: 47.2, Avg: 47.2, Max: 47.2, Diff: 0.0, Sum: 94.4]
         [Processed Buffers: Min: 365, Avg: 386.5, Max: 408, Diff: 43, Sum: 773]
      [Scan RS (ms): Min: 11.4, Avg: 11.6, Max: 11.8, Diff: 0.4, Sum: 23.1]
      [Code Root Scanning (ms): Min: 0.1, Avg: 0.1, Max: 0.2, Diff: 0.1, Sum: 0.3]
      [Object Copy (ms): Min: 55.3, Avg: 55.7, Max: 56.2, Diff: 0.9, Sum: 111.5]
      [Termination (ms): Min: 0.0, Avg: 0.0, Max: 0.0, Diff: 0.0, Sum: 0.0]
      [GC Worker Other (ms): Min: 0.1, Avg: 0.2, Max: 0.2, Diff: 0.1, Sum: 0.3]
      [GC Worker Total (ms): Min: 164.6, Avg: 164.6, Max: 164.6, Diff: 0.0, Sum: 329.2]
      [GC Worker End (ms): Min: 7520453.9, Avg: 7520453.9, Max: 7520453.9, Diff: 0.0]
   [Code Root Fixup: 0.7 ms]
   [Code Root Migration: 0.1 ms]
   [Clear CT: 0.6 ms]
   [Other: 8.5 ms]
      [Choose CSet: 0.0 ms]
      [Ref Proc: 4.1 ms]
      [Ref Enq: 0.3 ms]
      [Free CSet: 1.0 ms]
   [Eden: 332.0M(326.0M)->0.0B(428.0M) Survivors: 36.0M->30.0M Heap: 1854.0M(4096.0M)->1539.0M(4096.0M)]
 [Times: user=0.34 sys=0.01, real=0.18 secs] 
2016-08-30T15:41:26.053+0200: 7536.188: [GC pause (young), 0.1782650 secs]
   [Parallel Time: 168.1 ms, GC Workers: 2]
      [GC Worker Start (ms): Min: 7536189.3, Avg: 7536189.8, Max: 7536190.2, Diff: 1.0]
      [Ext Root Scanning (ms): Min: 49.8, Avg: 49.9, Max: 50.0, Diff: 0.2, Sum: 99.8]
      [Update RS (ms): Min: 49.1, Avg: 49.1, Max: 49.2, Diff: 0.1, Sum: 98.3]
         [Processed Buffers: Min: 345, Avg: 368.5, Max: 392, Diff: 47, Sum: 737]
      [Scan RS (ms): Min: 11.4, Avg: 11.5, Max: 11.7, Diff: 0.3, Sum: 23.0]
      [Code Root Scanning (ms): Min: 0.1, Avg: 0.1, Max: 0.2, Diff: 0.1, Sum: 0.2]
      [Object Copy (ms): Min: 56.1, Avg: 56.7, Max: 57.3, Diff: 1.2, Sum: 113.5]
      [Termination (ms): Min: 0.0, Avg: 0.0, Max: 0.0, Diff: 0.0, Sum: 0.0]
      [GC Worker Other (ms): Min: 0.1, Avg: 0.2, Max: 0.2, Diff: 0.1, Sum: 0.3]
      [GC Worker Total (ms): Min: 167.1, Avg: 167.6, Max: 168.0, Diff: 1.0, Sum: 335.1]
      [GC Worker End (ms): Min: 7536357.3, Avg: 7536357.3, Max: 7536357.3, Diff: 0.0]
   [Code Root Fixup: 0.5 ms]
   [Code Root Migration: 0.1 ms]
   [Clear CT: 1.0 ms]
   [Other: 8.6 ms]
      [Choose CSet: 0.0 ms]
      [Ref Proc: 3.8 ms]
      [Ref Enq: 0.4 ms]
      [Free CSet: 1.0 ms]
   [Eden: 386.0M(352.0M)->0.0B(424.0M) Survivors: 30.0M->34.0M Heap: 1925.0M(4096.0M)->1560.0M(4096.0M)]
 [Times: user=0.34 sys=0.00, real=0.18 secs] 
2016-08-30T15:41:42.635+0200: 7552.769: [GC pause (young), 0.2063230 secs]
   [Parallel Time: 195.3 ms, GC Workers: 2]
      [GC Worker Start (ms): Min: 7552771.1, Avg: 7552772.2, Max: 7552773.4, Diff: 2.3]
      [Ext Root Scanning (ms): Min: 50.8, Avg: 51.6, Max: 52.4, Diff: 1.6, Sum: 103.2]
      [Update RS (ms): Min: 52.5, Avg: 53.2, Max: 53.9, Diff: 1.3, Sum: 106.4]
         [Processed Buffers: Min: 427, Avg: 432.0, Max: 437, Diff: 10, Sum: 864]
      [Scan RS (ms): Min: 12.6, Avg: 13.0, Max: 13.3, Diff: 0.7, Sum: 25.9]
      [Code Root Scanning (ms): Min: 0.2, Avg: 0.2, Max: 0.2, Diff: 0.0, Sum: 0.3]
      [Object Copy (ms): Min: 76.0, Avg: 76.0, Max: 76.0, Diff: 0.0, Sum: 152.1]
      [Termination (ms): Min: 0.0, Avg: 0.0, Max: 0.0, Diff: 0.0, Sum: 0.0]
      [GC Worker Other (ms): Min: 0.1, Avg: 0.2, Max: 0.2, Diff: 0.0, Sum: 0.3]
      [GC Worker Total (ms): Min: 193.0, Avg: 194.1, Max: 195.3, Diff: 2.3, Sum: 388.3]
      [GC Worker End (ms): Min: 7552966.4, Avg: 7552966.4, Max: 7552966.4, Diff: 0.0]
   [Code Root Fixup: 0.4 ms]
   [Code Root Migration: 0.1 ms]
   [Clear CT: 0.6 ms]
   [Other: 9.9 ms]
      [Choose CSet: 0.0 ms]
      [Ref Proc: 5.0 ms]
      [Ref Enq: 0.4 ms]
      [Free CSet: 1.1 ms]
   [Eden: 424.0M(424.0M)->0.0B(320.0M) Survivors: 34.0M->58.0M Heap: 1984.0M(4096.0M)->1610.0M(4096.0M)]
 [Times: user=0.39 sys=0.00, real=0.21 secs] 
2016-08-30T15:41:54.176+0200: 7564.310: [GC pause (young), 0.1860260 secs]
   [Parallel Time: 178.3 ms, GC Workers: 2]
      [GC Worker Start (ms): Min: 7564311.8, Avg: 7564311.9, Max: 7564311.9, Diff: 0.0]
      [Ext Root Scanning (ms): Min: 49.0, Avg: 49.7, Max: 50.4, Diff: 1.4, Sum: 99.4]
      [Update RS (ms): Min: 48.0, Avg: 48.5, Max: 49.0, Diff: 1.1, Sum: 97.0]
         [Processed Buffers: Min: 324, Avg: 381.5, Max: 439, Diff: 115, Sum: 763]
      [Scan RS (ms): Min: 11.0, Avg: 11.3, Max: 11.7, Diff: 0.7, Sum: 22.7]
      [Code Root Scanning (ms): Min: 0.1, Avg: 0.1, Max: 0.1, Diff: 0.0, Sum: 0.3]
      [Object Copy (ms): Min: 67.9, Avg: 68.4, Max: 69.0, Diff: 1.1, Sum: 136.8]
      [Termination (ms): Min: 0.0, Avg: 0.0, Max: 0.0, Diff: 0.0, Sum: 0.0]
      [GC Worker Other (ms): Min: 0.1, Avg: 0.2, Max: 0.2, Diff: 0.1, Sum: 0.3]
      [GC Worker Total (ms): Min: 178.3, Avg: 178.3, Max: 178.3, Diff: 0.0, Sum: 356.5]
      [GC Worker End (ms): Min: 7564490.1, Avg: 7564490.1, Max: 7564490.1, Diff: 0.0]
   [Code Root Fixup: 0.2 ms]
   [Code Root Migration: 0.1 ms]
   [Clear CT: 0.5 ms]
   [Other: 6.9 ms]
      [Choose CSet: 0.0 ms]
      [Ref Proc: 3.0 ms]
      [Ref Enq: 0.2 ms]
      [Free CSet: 0.7 ms]
   [Eden: 320.0M(320.0M)->0.0B(374.0M) Survivors: 58.0M->36.0M Heap: 1930.0M(4096.0M)->1631.0M(4096.0M)]
 [Times: user=0.36 sys=0.00, real=0.18 secs] 
2016-08-30T15:42:11.399+0200: 7581.534: [GC pause (young), 0.1936520 secs]
   [Parallel Time: 183.7 ms, GC Workers: 2]
      [GC Worker Start (ms): Min: 7581535.4, Avg: 7581535.4, Max: 7581535.4, Diff: 0.0]
      [Ext Root Scanning (ms): Min: 49.5, Avg: 49.9, Max: 50.3, Diff: 0.8, Sum: 99.8]
      [Update RS (ms): Min: 62.0, Avg: 62.4, Max: 62.8, Diff: 0.8, Sum: 124.8]
         [Processed Buffers: Min: 408, Avg: 416.5, Max: 425, Diff: 17, Sum: 833]
      [Scan RS (ms): Min: 10.7, Avg: 11.1, Max: 11.5, Diff: 0.9, Sum: 22.2]
      [Code Root Scanning (ms): Min: 0.1, Avg: 0.1, Max: 0.2, Diff: 0.1, Sum: 0.3]
      [Object Copy (ms): Min: 59.4, Avg: 59.9, Max: 60.3, Diff: 0.9, Sum: 119.8]
      [Termination (ms): Min: 0.0, Avg: 0.0, Max: 0.0, Diff: 0.0, Sum: 0.0]
      [GC Worker Other (ms): Min: 0.1, Avg: 0.2, Max: 0.2, Diff: 0.1, Sum: 0.3]
      [GC Worker Total (ms): Min: 183.6, Avg: 183.6, Max: 183.6, Diff: 0.0, Sum: 367.1]
      [GC Worker End (ms): Min: 7581719.0, Avg: 7581719.0, Max: 7581719.0, Diff: 0.0]
   [Code Root Fixup: 0.4 ms]
   [Code Root Migration: 0.1 ms]
   [Clear CT: 0.6 ms]
   [Other: 9.0 ms]
      [Choose CSet: 0.0 ms]
      [Ref Proc: 4.4 ms]
      [Ref Enq: 0.3 ms]
      [Free CSet: 1.1 ms]
   [Eden: 374.0M(374.0M)->0.0B(324.0M) Survivors: 36.0M->44.0M Heap: 2005.0M(4096.0M)->1658.0M(4096.0M)]
 [Times: user=0.36 sys=0.01, real=0.19 secs] 
2016-08-30T15:42:23.919+0200: 7594.054: [GC pause (young), 0.1795990 secs]
   [Parallel Time: 170.2 ms, GC Workers: 2]
      [GC Worker Start (ms): Min: 7594055.6, Avg: 7594055.6, Max: 7594055.6, Diff: 0.0]
      [Ext Root Scanning (ms): Min: 50.1, Avg: 51.3, Max: 52.4, Diff: 2.3, Sum: 102.5]
      [Update RS (ms): Min: 45.3, Avg: 46.2, Max: 47.2, Diff: 1.9, Sum: 92.4]
         [Processed Buffers: Min: 386, Avg: 389.5, Max: 393, Diff: 7, Sum: 779]
      [Scan RS (ms): Min: 12.1, Avg: 12.5, Max: 12.8, Diff: 0.7, Sum: 25.0]
      [Code Root Scanning (ms): Min: 0.1, Avg: 0.1, Max: 0.1, Diff: 0.0, Sum: 0.2]
      [Object Copy (ms): Min: 59.7, Avg: 59.8, Max: 59.9, Diff: 0.2, Sum: 119.7]
      [Termination (ms): Min: 0.0, Avg: 0.0, Max: 0.0, Diff: 0.0, Sum: 0.0]
      [GC Worker Other (ms): Min: 0.1, Avg: 0.2, Max: 0.2, Diff: 0.1, Sum: 0.3]
      [GC Worker Total (ms): Min: 170.0, Avg: 170.1, Max: 170.1, Diff: 0.0, Sum: 340.1]
      [GC Worker End (ms): Min: 7594225.6, Avg: 7594225.6, Max: 7594225.6, Diff: 0.0]
   [Code Root Fixup: 0.4 ms]
   [Code Root Migration: 0.1 ms]
   [Clear CT: 0.6 ms]
   [Other: 8.3 ms]
      [Choose CSet: 0.0 ms]
      [Ref Proc: 3.9 ms]
      [Ref Enq: 0.3 ms]
      [Free CSet: 0.9 ms]
   [Eden: 324.0M(324.0M)->0.0B(388.0M) Survivors: 44.0M->36.0M Heap: 1982.0M(4096.0M)->1677.0M(4096.0M)]
 [Times: user=0.34 sys=0.01, real=0.18 secs] 
2016-08-30T15:42:39.231+0200: 7609.365: [GC pause (young), 0.1781690 secs]
   [Parallel Time: 168.2 ms, GC Workers: 2]
      [GC Worker Start (ms): Min: 7609367.1, Avg: 7609367.1, Max: 7609367.1, Diff: 0.0]
      [Ext Root Scanning (ms): Min: 51.1, Avg: 51.1, Max: 51.2, Diff: 0.1, Sum: 102.2]
      [Update RS (ms): Min: 55.3, Avg: 55.6, Max: 55.9, Diff: 0.5, Sum: 111.2]
         [Processed Buffers: Min: 375, Avg: 427.5, Max: 480, Diff: 105, Sum: 855]
      [Scan RS (ms): Min: 10.5, Avg: 10.7, Max: 11.0, Diff: 0.5, Sum: 21.4]
      [Code Root Scanning (ms): Min: 0.1, Avg: 0.1, Max: 0.2, Diff: 0.0, Sum: 0.3]
      [Object Copy (ms): Min: 50.3, Avg: 50.4, Max: 50.4, Diff: 0.1, Sum: 100.8]
      [Termination (ms): Min: 0.0, Avg: 0.0, Max: 0.0, Diff: 0.0, Sum: 0.0]
      [GC Worker Other (ms): Min: 0.1, Avg: 0.2, Max: 0.2, Diff: 0.1, Sum: 0.3]
      [GC Worker Total (ms): Min: 168.1, Avg: 168.1, Max: 168.1, Diff: 0.0, Sum: 336.2]
      [GC Worker End (ms): Min: 7609535.2, Avg: 7609535.2, Max: 7609535.2, Diff: 0.0]
   [Code Root Fixup: 0.6 ms]
   [Code Root Migration: 0.1 ms]
   [Clear CT: 0.5 ms]
   [Other: 8.9 ms]
      [Choose CSet: 0.0 ms]
      [Ref Proc: 4.7 ms]
      [Ref Enq: 0.4 ms]
      [Free CSet: 0.8 ms]
   [Eden: 388.0M(388.0M)->0.0B(398.0M) Survivors: 36.0M->38.0M Heap: 2065.0M(4096.0M)->1705.0M(4096.0M)]
 [Times: user=0.34 sys=0.00, real=0.18 secs] 
2016-08-30T15:42:53.244+0200: 7623.379: [GC pause (young), 0.1988060 secs]
   [Parallel Time: 187.1 ms, GC Workers: 2]
      [GC Worker Start (ms): Min: 7623380.5, Avg: 7623380.6, Max: 7623380.6, Diff: 0.0]
      [Ext Root Scanning (ms): Min: 50.0, Avg: 50.4, Max: 50.8, Diff: 0.8, Sum: 100.9]
      [Update RS (ms): Min: 56.7, Avg: 57.0, Max: 57.2, Diff: 0.5, Sum: 113.9]
         [Processed Buffers: Min: 432, Avg: 471.0, Max: 510, Diff: 78, Sum: 942]
      [Scan RS (ms): Min: 11.9, Avg: 11.9, Max: 12.0, Diff: 0.2, Sum: 23.9]
      [Code Root Scanning (ms): Min: 0.1, Avg: 0.1, Max: 0.2, Diff: 0.1, Sum: 0.3]
      [Object Copy (ms): Min: 67.4, Avg: 67.5, Max: 67.5, Diff: 0.1, Sum: 134.9]
      [Termination (ms): Min: 0.0, Avg: 0.0, Max: 0.0, Diff: 0.0, Sum: 0.0]
      [GC Worker Other (ms): Min: 0.1, Avg: 0.2, Max: 0.2, Diff: 0.1, Sum: 0.3]
      [GC Worker Total (ms): Min: 187.1, Avg: 187.1, Max: 187.1, Diff: 0.0, Sum: 374.1]
      [GC Worker End (ms): Min: 7623567.6, Avg: 7623567.6, Max: 7623567.6, Diff: 0.0]
   [Code Root Fixup: 0.4 ms]
   [Code Root Migration: 0.1 ms]
   [Clear CT: 0.7 ms]
   [Other: 10.5 ms]
      [Choose CSet: 0.0 ms]
      [Ref Proc: 5.8 ms]
      [Ref Enq: 0.4 ms]
      [Free CSet: 1.0 ms]
   [Eden: 398.0M(398.0M)->0.0B(344.0M) Survivors: 38.0M->42.0M Heap: 2103.0M(4096.0M)->1735.0M(4096.0M)]
 [Times: user=0.38 sys=0.00, real=0.20 secs] 
2016-08-30T15:43:05.582+0200: 7635.716: [GC pause (young), 0.1713290 secs]
   [Parallel Time: 163.9 ms, GC Workers: 2]
      [GC Worker Start (ms): Min: 7635717.9, Avg: 7635717.9, Max: 7635717.9, Diff: 0.0]
      [Ext Root Scanning (ms): Min: 50.4, Avg: 50.5, Max: 50.6, Diff: 0.2, Sum: 101.1]
      [Update RS (ms): Min: 49.3, Avg: 49.4, Max: 49.5, Diff: 0.2, Sum: 98.8]
         [Processed Buffers: Min: 420, Avg: 428.5, Max: 437, Diff: 17, Sum: 857]
      [Scan RS (ms): Min: 12.4, Avg: 12.6, Max: 12.7, Diff: 0.3, Sum: 25.2]
      [Code Root Scanning (ms): Min: 0.1, Avg: 0.1, Max: 0.1, Diff: 0.0, Sum: 0.2]
      [Object Copy (ms): Min: 50.9, Avg: 51.0, Max: 51.2, Diff: 0.3, Sum: 102.0]
      [Termination (ms): Min: 0.0, Avg: 0.0, Max: 0.0, Diff: 0.0, Sum: 0.0]
      [GC Worker Other (ms): Min: 0.1, Avg: 0.2, Max: 0.2, Diff: 0.1, Sum: 0.3]
      [GC Worker Total (ms): Min: 163.8, Avg: 163.8, Max: 163.8, Diff: 0.0, Sum: 327.6]
      [GC Worker End (ms): Min: 7635881.7, Avg: 7635881.7, Max: 7635881.7, Diff: 0.0]
   [Code Root Fixup: 0.3 ms]
   [Code Root Migration: 0.0 ms]
   [Clear CT: 0.5 ms]
   [Other: 6.6 ms]
      [Choose CSet: 0.0 ms]
      [Ref Proc: 2.8 ms]
      [Ref Enq: 0.2 ms]
      [Free CSet: 0.7 ms]
   [Eden: 314.0M(248.0M)->0.0B(486.0M) Survivors: 42.0M->28.0M Heap: 2049.0M(4096.0M)->1753.0M(4096.0M)]
 [Times: user=0.33 sys=0.00, real=0.18 secs] 
2016-08-30T15:43:22.380+0200: 7652.514: [GC pause (young), 0.2015390 secs]
   [Parallel Time: 190.0 ms, GC Workers: 2]
      [GC Worker Start (ms): Min: 7652516.7, Avg: 7652516.7, Max: 7652516.7, Diff: 0.0]
      [Ext Root Scanning (ms): Min: 51.8, Avg: 53.0, Max: 54.3, Diff: 2.6, Sum: 106.1]
      [Update RS (ms): Min: 53.8, Avg: 55.4, Max: 57.0, Diff: 3.2, Sum: 110.8]
         [Processed Buffers: Min: 438, Avg: 447.0, Max: 456, Diff: 18, Sum: 894]
      [Scan RS (ms): Min: 16.5, Avg: 16.8, Max: 17.1, Diff: 0.6, Sum: 33.5]
      [Code Root Scanning (ms): Min: 0.1, Avg: 0.1, Max: 0.2, Diff: 0.1, Sum: 0.3]
      [Object Copy (ms): Min: 64.2, Avg: 64.3, Max: 64.4, Diff: 0.1, Sum: 128.6]
      [Termination (ms): Min: 0.0, Avg: 0.0, Max: 0.0, Diff: 0.0, Sum: 0.0]
      [GC Worker Other (ms): Min: 0.1, Avg: 0.1, Max: 0.1, Diff: 0.1, Sum: 0.2]
      [GC Worker Total (ms): Min: 189.8, Avg: 189.8, Max: 189.8, Diff: 0.0, Sum: 379.6]
      [GC Worker End (ms): Min: 7652706.5, Avg: 7652706.5, Max: 7652706.5, Diff: 0.0]
   [Code Root Fixup: 0.5 ms]
   [Code Root Migration: 0.1 ms]
   [Clear CT: 0.6 ms]
   [Other: 10.4 ms]
      [Choose CSet: 0.0 ms]
      [Ref Proc: 5.2 ms]
      [Ref Enq: 0.4 ms]
      [Free CSet: 1.0 ms]
   [Eden: 410.0M(374.0M)->0.0B(286.0M) Survivors: 28.0M->52.0M Heap: 2163.0M(4096.0M)->1782.0M(4096.0M)]
 [Times: user=0.37 sys=0.01, real=0.20 secs] 
2016-08-30T15:43:32.889+0200: 7663.024: [GC pause (young), 0.2013340 secs]
   [Parallel Time: 192.1 ms, GC Workers: 2]
      [GC Worker Start (ms): Min: 7663025.6, Avg: 7663027.1, Max: 7663028.6, Diff: 3.0]
      [Ext Root Scanning (ms): Min: 53.5, Avg: 54.5, Max: 55.5, Diff: 1.9, Sum: 109.0]
      [Update RS (ms): Min: 43.2, Avg: 44.5, Max: 45.9, Diff: 2.7, Sum: 89.0]
         [Processed Buffers: Min: 378, Avg: 422.5, Max: 467, Diff: 89, Sum: 845]
      [Scan RS (ms): Min: 15.7, Avg: 16.2, Max: 16.7, Diff: 1.0, Sum: 32.4]
      [Code Root Scanning (ms): Min: 0.1, Avg: 0.1, Max: 0.1, Diff: 0.0, Sum: 0.2]
      [Object Copy (ms): Min: 74.7, Avg: 74.9, Max: 75.2, Diff: 0.5, Sum: 149.9]
      [Termination (ms): Min: 0.0, Avg: 0.0, Max: 0.0, Diff: 0.0, Sum: 0.0]
      [GC Worker Other (ms): Min: 0.1, Avg: 0.2, Max: 0.2, Diff: 0.1, Sum: 0.3]
      [GC Worker Total (ms): Min: 188.9, Avg: 190.4, Max: 192.0, Diff: 3.0, Sum: 380.9]
      [GC Worker End (ms): Min: 7663217.6, Avg: 7663217.6, Max: 7663217.6, Diff: 0.0]
   [Code Root Fixup: 0.5 ms]
   [Code Root Migration: 0.1 ms]
   [Clear CT: 0.6 ms]
   [Other: 8.1 ms]
      [Choose CSet: 0.0 ms]
      [Ref Proc: 3.8 ms]
      [Ref Enq: 0.3 ms]
      [Free CSet: 0.7 ms]
   [Eden: 282.0M(154.0M)->0.0B(358.0M) Survivors: 52.0M->26.0M Heap: 2064.0M(4096.0M)->1801.0M(4096.0M)]
 [Times: user=0.38 sys=0.01, real=0.20 secs] 
2016-08-30T15:43:46.874+0200: 7677.009: [GC pause (young), 0.3113010 secs]
   [Parallel Time: 302.9 ms, GC Workers: 2]
      [GC Worker Start (ms): Min: 7677011.8, Avg: 7677011.8, Max: 7677011.8, Diff: 0.0]
      [Ext Root Scanning (ms): Min: 79.8, Avg: 81.4, Max: 83.0, Diff: 3.2, Sum: 162.8]
      [Update RS (ms): Min: 94.0, Avg: 96.8, Max: 99.6, Diff: 5.7, Sum: 193.6]
         [Processed Buffers: Min: 434, Avg: 459.5, Max: 485, Diff: 51, Sum: 919]
      [Scan RS (ms): Min: 12.0, Avg: 13.5, Max: 15.0, Diff: 3.0, Sum: 27.0]
      [Code Root Scanning (ms): Min: 0.0, Avg: 0.1, Max: 0.1, Diff: 0.0, Sum: 0.1]
      [Object Copy (ms): Min: 108.1, Avg: 110.9, Max: 113.7, Diff: 5.7, Sum: 221.8]
      [Termination (ms): Min: 0.0, Avg: 0.1, Max: 0.1, Diff: 0.1, Sum: 0.1]
      [GC Worker Other (ms): Min: 0.1, Avg: 0.1, Max: 0.1, Diff: 0.1, Sum: 0.2]
      [GC Worker Total (ms): Min: 302.9, Avg: 302.9, Max: 302.9, Diff: 0.0, Sum: 605.7]
      [GC Worker End (ms): Min: 7677314.6, Avg: 7677314.7, Max: 7677314.7, Diff: 0.0]
   [Code Root Fixup: 0.3 ms]
   [Code Root Migration: 0.0 ms]
   [Clear CT: 0.6 ms]
   [Other: 7.5 ms]
      [Choose CSet: 0.0 ms]
      [Ref Proc: 2.5 ms]
      [Ref Enq: 0.2 ms]
      [Free CSet: 0.5 ms]
   [Eden: 358.0M(358.0M)->0.0B(164.0M) Survivors: 26.0M->40.0M Heap: 2159.0M(4096.0M)->1835.0M(4096.0M)]
 [Times: user=0.20 sys=0.00, real=0.31 secs] 
2016-08-30T15:43:52.316+0200: 7682.451: [GC pause (young), 0.1551830 secs]
   [Parallel Time: 148.2 ms, GC Workers: 2]
      [GC Worker Start (ms): Min: 7682452.2, Avg: 7682454.1, Max: 7682456.0, Diff: 3.8]
      [Ext Root Scanning (ms): Min: 51.2, Avg: 51.8, Max: 52.4, Diff: 1.2, Sum: 103.6]
      [Update RS (ms): Min: 34.2, Avg: 36.0, Max: 37.7, Diff: 3.6, Sum: 71.9]
         [Processed Buffers: Min: 270, Avg: 318.5, Max: 367, Diff: 97, Sum: 637]
      [Scan RS (ms): Min: 10.0, Avg: 10.6, Max: 11.1, Diff: 1.1, Sum: 21.1]
      [Code Root Scanning (ms): Min: 0.1, Avg: 0.1, Max: 0.1, Diff: 0.0, Sum: 0.1]
      [Object Copy (ms): Min: 47.8, Avg: 47.8, Max: 47.8, Diff: 0.0, Sum: 95.7]
      [Termination (ms): Min: 0.0, Avg: 0.0, Max: 0.0, Diff: 0.0, Sum: 0.0]
      [GC Worker Other (ms): Min: 0.1, Avg: 0.1, Max: 0.1, Diff: 0.0, Sum: 0.1]
      [GC Worker Total (ms): Min: 144.4, Avg: 146.3, Max: 148.2, Diff: 3.8, Sum: 292.6]
      [GC Worker End (ms): Min: 7682600.4, Avg: 7682600.4, Max: 7682600.4, Diff: 0.0]
   [Code Root Fixup: 0.5 ms]
   [Code Root Migration: 0.0 ms]
   [Clear CT: 0.5 ms]
   [Other: 5.9 ms]
      [Choose CSet: 0.0 ms]
      [Ref Proc: 2.2 ms]
      [Ref Enq: 0.2 ms]
      [Free CSet: 0.5 ms]
   [Eden: 164.0M(164.0M)->0.0B(186.0M) Survivors: 40.0M->18.0M Heap: 1999.0M(4096.0M)->1843.0M(4096.0M)]
 [Times: user=0.30 sys=0.00, real=0.16 secs] 
2016-08-30T15:43:58.285+0200: 7688.420: [GC pause (young), 0.1425460 secs]
   [Parallel Time: 135.3 ms, GC Workers: 2]
      [GC Worker Start (ms): Min: 7688421.0, Avg: 7688421.5, Max: 7688422.0, Diff: 1.0]
      [Ext Root Scanning (ms): Min: 50.1, Avg: 50.5, Max: 50.9, Diff: 0.8, Sum: 101.0]
      [Update RS (ms): Min: 38.8, Avg: 39.3, Max: 39.9, Diff: 1.1, Sum: 78.6]
         [Processed Buffers: Min: 355, Avg: 403.0, Max: 451, Diff: 96, Sum: 806]
      [Scan RS (ms): Min: 5.7, Avg: 6.0, Max: 6.4, Diff: 0.7, Sum: 12.1]
      [Code Root Scanning (ms): Min: 0.1, Avg: 0.1, Max: 0.1, Diff: 0.0, Sum: 0.1]
      [Object Copy (ms): Min: 38.7, Avg: 38.8, Max: 38.9, Diff: 0.2, Sum: 77.6]
      [Termination (ms): Min: 0.0, Avg: 0.0, Max: 0.0, Diff: 0.0, Sum: 0.0]
      [GC Worker Other (ms): Min: 0.1, Avg: 0.1, Max: 0.1, Diff: 0.0, Sum: 0.1]
      [GC Worker Total (ms): Min: 134.3, Avg: 134.8, Max: 135.3, Diff: 1.0, Sum: 269.6]
      [GC Worker End (ms): Min: 7688556.3, Avg: 7688556.3, Max: 7688556.3, Diff: 0.0]
   [Code Root Fixup: 0.8 ms]
   [Code Root Migration: 0.0 ms]
   [Clear CT: 0.5 ms]
   [Other: 5.9 ms]
      [Choose CSet: 0.0 ms]
      [Ref Proc: 2.4 ms]
      [Ref Enq: 0.2 ms]
      [Free CSet: 0.5 ms]
   [Eden: 186.0M(186.0M)->0.0B(216.0M) Survivors: 18.0M->24.0M Heap: 2029.0M(4096.0M)->1866.0M(4096.0M)]
 [Times: user=0.27 sys=0.01, real=0.14 secs] 
2016-08-30T15:44:07.099+0200: 7697.234: [GC pause (young), 0.1420490 secs]
   [Parallel Time: 136.3 ms, GC Workers: 2]
      [GC Worker Start (ms): Min: 7697235.1, Avg: 7697235.1, Max: 7697235.2, Diff: 0.0]
      [Ext Root Scanning (ms): Min: 48.7, Avg: 49.4, Max: 50.0, Diff: 1.4, Sum: 98.7]
      [Update RS (ms): Min: 43.5, Avg: 43.8, Max: 44.2, Diff: 0.7, Sum: 87.7]
         [Processed Buffers: Min: 395, Avg: 423.0, Max: 451, Diff: 56, Sum: 846]
      [Scan RS (ms): Min: 6.2, Avg: 6.8, Max: 7.5, Diff: 1.3, Sum: 13.6]
      [Code Root Scanning (ms): Min: 0.1, Avg: 0.1, Max: 0.1, Diff: 0.0, Sum: 0.1]
      [Object Copy (ms): Min: 35.2, Avg: 35.6, Max: 36.1, Diff: 0.8, Sum: 71.3]
      [Termination (ms): Min: 0.0, Avg: 0.0, Max: 0.0, Diff: 0.0, Sum: 0.0]
      [GC Worker Other (ms): Min: 0.5, Avg: 0.5, Max: 0.6, Diff: 0.0, Sum: 1.1]
      [GC Worker Total (ms): Min: 136.2, Avg: 136.3, Max: 136.3, Diff: 0.0, Sum: 272.5]
      [GC Worker End (ms): Min: 7697371.4, Avg: 7697371.4, Max: 7697371.4, Diff: 0.0]
   [Code Root Fixup: 0.3 ms]
   [Code Root Migration: 0.0 ms]
   [Clear CT: 0.4 ms]
   [Other: 5.0 ms]
      [Choose CSet: 0.0 ms]
      [Ref Proc: 1.7 ms]
      [Ref Enq: 0.1 ms]
      [Free CSet: 0.5 ms]
   [Eden: 216.0M(216.0M)->0.0B(358.0M) Survivors: 24.0M->22.0M Heap: 2082.0M(4096.0M)->1884.0M(4096.0M)]
 [Times: user=0.27 sys=0.00, real=0.14 secs] 
2016-08-30T15:44:19.573+0200: 7709.708: [GC pause (young) (initial-mark), 0.2021800 secs]
   [Parallel Time: 192.9 ms, GC Workers: 2]
      [GC Worker Start (ms): Min: 7709710.2, Avg: 7709710.2, Max: 7709710.2, Diff: 0.0]
      [Ext Root Scanning (ms): Min: 53.3, Avg: 54.3, Max: 55.3, Diff: 2.0, Sum: 108.6]
      [Code Root Marking (ms): Min: 13.2, Avg: 13.5, Max: 13.9, Diff: 0.7, Sum: 27.1]
      [Update RS (ms): Min: 67.8, Avg: 67.8, Max: 67.8, Diff: 0.0, Sum: 135.6]
         [Processed Buffers: Min: 487, Avg: 503.5, Max: 520, Diff: 33, Sum: 1007]
      [Scan RS (ms): Min: 5.8, Avg: 6.3, Max: 6.7, Diff: 0.9, Sum: 12.5]
      [Code Root Scanning (ms): Min: 0.0, Avg: 0.1, Max: 0.1, Diff: 0.0, Sum: 0.1]
      [Object Copy (ms): Min: 49.6, Avg: 50.7, Max: 51.8, Diff: 2.1, Sum: 101.4]
      [Termination (ms): Min: 0.0, Avg: 0.0, Max: 0.0, Diff: 0.0, Sum: 0.0]
      [GC Worker Other (ms): Min: 0.1, Avg: 0.2, Max: 0.2, Diff: 0.1, Sum: 0.4]
      [GC Worker Total (ms): Min: 192.8, Avg: 192.9, Max: 192.9, Diff: 0.0, Sum: 385.7]
      [GC Worker End (ms): Min: 7709903.0, Avg: 7709903.0, Max: 7709903.0, Diff: 0.0]
   [Code Root Fixup: 0.3 ms]
   [Code Root Migration: 0.0 ms]
   [Clear CT: 0.4 ms]
   [Other: 8.5 ms]
      [Choose CSet: 0.0 ms]
      [Ref Proc: 3.6 ms]
      [Ref Enq: 0.2 ms]
      [Free CSet: 0.5 ms]
   [Eden: 358.0M(358.0M)->0.0B(190.0M) Survivors: 22.0M->48.0M Heap: 2242.0M(4096.0M)->1917.0M(4096.0M)]
 [Times: user=0.38 sys=0.01, real=0.21 secs] 
2016-08-30T15:44:19.776+0200: 7709.910: [GC concurrent-root-region-scan-start]
2016-08-30T15:44:19.802+0200: 7709.937: [GC concurrent-root-region-scan-end, 0.0264950 secs]
2016-08-30T15:44:19.802+0200: 7709.937: [GC concurrent-mark-start]
2016-08-30T15:44:21.267+0200: 7711.402: [GC concurrent-mark-end, 1.4648270 secs]
2016-08-30T15:44:21.269+0200: 7711.404: [GC remark 2016-08-30T15:44:21.271+0200: 7711.406: [GC ref-proc, 0.0915620 secs], 0.1112720 secs]
 [Times: user=0.13 sys=0.01, real=0.11 secs] 
2016-08-30T15:44:21.389+0200: 7711.524: [GC cleanup 1957M->1903M(4096M), 0.0393360 secs]
 [Times: user=0.07 sys=0.00, real=0.04 secs] 
2016-08-30T15:44:21.429+0200: 7711.564: [GC concurrent-cleanup-start]
2016-08-30T15:44:21.429+0200: 7711.564: [GC concurrent-cleanup-end, 0.0001490 secs]
2016-08-30T15:44:26.161+0200: 7716.296: [GC pause (young), 0.1507460 secs]
   [Parallel Time: 144.9 ms, GC Workers: 2]
      [GC Worker Start (ms): Min: 7716296.8, Avg: 7716296.8, Max: 7716296.8, Diff: 0.0]
      [Ext Root Scanning (ms): Min: 50.3, Avg: 58.0, Max: 65.8, Diff: 15.5, Sum: 116.0]
      [Update RS (ms): Min: 18.8, Avg: 27.3, Max: 35.8, Diff: 16.9, Sum: 54.6]
         [Processed Buffers: Min: 303, Avg: 337.0, Max: 371, Diff: 68, Sum: 674]
      [Scan RS (ms): Min: 11.0, Avg: 11.0, Max: 11.0, Diff: 0.1, Sum: 22.0]
      [Code Root Scanning (ms): Min: 0.0, Avg: 0.1, Max: 0.1, Diff: 0.0, Sum: 0.1]
      [Object Copy (ms): Min: 47.7, Avg: 48.4, Max: 49.0, Diff: 1.4, Sum: 96.7]
      [Termination (ms): Min: 0.0, Avg: 0.0, Max: 0.0, Diff: 0.0, Sum: 0.0]
      [GC Worker Other (ms): Min: 0.1, Avg: 0.1, Max: 0.1, Diff: 0.0, Sum: 0.2]
      [GC Worker Total (ms): Min: 144.8, Avg: 144.8, Max: 144.8, Diff: 0.0, Sum: 289.6]
      [GC Worker End (ms): Min: 7716441.6, Avg: 7716441.6, Max: 7716441.6, Diff: 0.0]
   [Code Root Fixup: 0.6 ms]
   [Code Root Migration: 0.0 ms]
   [Clear CT: 0.4 ms]
   [Other: 4.9 ms]
      [Choose CSet: 0.0 ms]
      [Ref Proc: 1.6 ms]
      [Ref Enq: 0.1 ms]
      [Free CSet: 0.7 ms]
   [Eden: 156.0M(156.0M)->0.0B(188.0M) Survivors: 48.0M->16.0M Heap: 2019.0M(4096.0M)->1878.0M(4096.0M)]
 [Times: user=0.28 sys=0.01, real=0.15 secs] 
2016-08-30T15:44:33.423+0200: 7723.557: [GC pause (mixed), 0.1856070 secs]
   [Parallel Time: 178.0 ms, GC Workers: 2]
      [GC Worker Start (ms): Min: 7723559.6, Avg: 7723559.7, Max: 7723559.7, Diff: 0.0]
      [Ext Root Scanning (ms): Min: 51.8, Avg: 52.4, Max: 53.0, Diff: 1.2, Sum: 104.8]
      [Update RS (ms): Min: 46.2, Avg: 46.6, Max: 46.9, Diff: 0.7, Sum: 93.1]
         [Processed Buffers: Min: 317, Avg: 379.0, Max: 441, Diff: 124, Sum: 758]
      [Scan RS (ms): Min: 26.7, Avg: 27.3, Max: 27.9, Diff: 1.2, Sum: 54.5]
      [Code Root Scanning (ms): Min: 0.1, Avg: 0.2, Max: 0.3, Diff: 0.1, Sum: 0.4]
      [Object Copy (ms): Min: 51.0, Avg: 51.4, Max: 51.9, Diff: 0.9, Sum: 102.9]
      [Termination (ms): Min: 0.0, Avg: 0.0, Max: 0.0, Diff: 0.0, Sum: 0.0]
      [GC Worker Other (ms): Min: 0.1, Avg: 0.1, Max: 0.1, Diff: 0.0, Sum: 0.3]
      [GC Worker Total (ms): Min: 178.0, Avg: 178.0, Max: 178.0, Diff: 0.0, Sum: 355.9]
      [GC Worker End (ms): Min: 7723737.6, Avg: 7723737.6, Max: 7723737.6, Diff: 0.0]
   [Code Root Fixup: 0.2 ms]
   [Code Root Migration: 0.1 ms]
   [Clear CT: 0.6 ms]
   [Other: 6.6 ms]
      [Choose CSet: 0.6 ms]
      [Ref Proc: 1.6 ms]
      [Ref Enq: 0.1 ms]
      [Free CSet: 1.5 ms]
   [Eden: 188.0M(188.0M)->0.0B(184.0M) Survivors: 16.0M->20.0M Heap: 2066.0M(4096.0M)->1561.0M(4096.0M)]
 [Times: user=0.34 sys=0.00, real=0.19 secs] 
2016-08-30T15:44:39.944+0200: 7730.078: [GC pause (mixed), 0.1787040 secs]
   [Parallel Time: 173.2 ms, GC Workers: 2]
      [GC Worker Start (ms): Min: 7730079.9, Avg: 7730079.9, Max: 7730079.9, Diff: 0.0]
      [Ext Root Scanning (ms): Min: 44.6, Avg: 44.8, Max: 45.1, Diff: 0.6, Sum: 89.7]
      [Update RS (ms): Min: 30.1, Avg: 30.1, Max: 30.1, Diff: 0.0, Sum: 60.3]
         [Processed Buffers: Min: 351, Avg: 377.0, Max: 403, Diff: 52, Sum: 754]
      [Scan RS (ms): Min: 39.4, Avg: 39.5, Max: 39.6, Diff: 0.2, Sum: 79.0]
      [Code Root Scanning (ms): Min: 0.1, Avg: 0.1, Max: 0.2, Diff: 0.1, Sum: 0.3]
      [Object Copy (ms): Min: 58.2, Avg: 58.4, Max: 58.6, Diff: 0.4, Sum: 116.8]
      [Termination (ms): Min: 0.0, Avg: 0.0, Max: 0.0, Diff: 0.0, Sum: 0.0]
      [GC Worker Other (ms): Min: 0.1, Avg: 0.1, Max: 0.1, Diff: 0.0, Sum: 0.2]
      [GC Worker Total (ms): Min: 173.1, Avg: 173.1, Max: 173.1, Diff: 0.0, Sum: 346.2]
      [GC Worker End (ms): Min: 7730253.0, Avg: 7730253.0, Max: 7730253.0, Diff: 0.0]
   [Code Root Fixup: 0.2 ms]
   [Code Root Migration: 0.0 ms]
   [Clear CT: 0.4 ms]
   [Other: 4.8 ms]
      [Choose CSet: 0.3 ms]
      [Ref Proc: 1.2 ms]
      [Ref Enq: 0.1 ms]
      [Free CSet: 0.9 ms]
   [Eden: 184.0M(184.0M)->0.0B(182.0M) Survivors: 20.0M->22.0M Heap: 1745.0M(4096.0M)->1400.0M(4096.0M)]
 [Times: user=0.35 sys=0.01, real=0.18 secs] 
2016-08-30T15:44:45.761+0200: 7735.895: [GC pause (mixed), 0.2389320 secs]
   [Parallel Time: 232.3 ms, GC Workers: 2]
      [GC Worker Start (ms): Min: 7735897.2, Avg: 7735897.2, Max: 7735897.2, Diff: 0.0]
      [Ext Root Scanning (ms): Min: 44.5, Avg: 45.5, Max: 46.5, Diff: 2.0, Sum: 91.0]
      [Update RS (ms): Min: 30.4, Avg: 30.5, Max: 30.7, Diff: 0.3, Sum: 61.1]
         [Processed Buffers: Min: 350, Avg: 402.0, Max: 454, Diff: 104, Sum: 804]
      [Scan RS (ms): Min: 74.0, Avg: 74.5, Max: 75.0, Diff: 1.1, Sum: 149.0]
      [Code Root Scanning (ms): Min: 0.1, Avg: 0.2, Max: 0.2, Diff: 0.2, Sum: 0.3]
      [Object Copy (ms): Min: 81.0, Avg: 81.4, Max: 81.8, Diff: 0.9, Sum: 162.8]
      [Termination (ms): Min: 0.0, Avg: 0.0, Max: 0.0, Diff: 0.0, Sum: 0.0]
      [GC Worker Other (ms): Min: 0.1, Avg: 0.1, Max: 0.1, Diff: 0.0, Sum: 0.2]
      [GC Worker Total (ms): Min: 232.2, Avg: 232.2, Max: 232.2, Diff: 0.0, Sum: 464.4]
      [GC Worker End (ms): Min: 7736129.4, Avg: 7736129.4, Max: 7736129.4, Diff: 0.0]
   [Code Root Fixup: 0.2 ms]
   [Code Root Migration: 0.0 ms]
   [Clear CT: 0.6 ms]
   [Other: 5.8 ms]
      [Choose CSet: 0.6 ms]
      [Ref Proc: 1.1 ms]
      [Ref Enq: 0.1 ms]
      [Free CSet: 1.3 ms]
   [Eden: 182.0M(182.0M)->0.0B(178.0M) Survivors: 22.0M->26.0M Heap: 1582.0M(4096.0M)->1253.0M(4096.0M)]
 [Times: user=0.47 sys=0.00, real=0.24 secs] 
2016-08-30T15:44:52.275+0200: 7742.409: [GC pause (mixed), 0.2562520 secs]
   [Parallel Time: 249.7 ms, GC Workers: 2]
      [GC Worker Start (ms): Min: 7742411.1, Avg: 7742411.5, Max: 7742411.9, Diff: 0.9]
      [Ext Root Scanning (ms): Min: 43.8, Avg: 44.3, Max: 44.7, Diff: 0.8, Sum: 88.5]
      [Update RS (ms): Min: 29.9, Avg: 30.1, Max: 30.4, Diff: 0.5, Sum: 60.3]
         [Processed Buffers: Min: 370, Avg: 383.5, Max: 397, Diff: 27, Sum: 767]
      [Scan RS (ms): Min: 93.2, Avg: 93.3, Max: 93.3, Diff: 0.1, Sum: 186.5]
      [Code Root Scanning (ms): Min: 0.1, Avg: 0.1, Max: 0.2, Diff: 0.1, Sum: 0.3]
      [Object Copy (ms): Min: 81.2, Avg: 81.3, Max: 81.4, Diff: 0.2, Sum: 162.5]
      [Termination (ms): Min: 0.0, Avg: 0.0, Max: 0.0, Diff: 0.0, Sum: 0.0]
      [GC Worker Other (ms): Min: 0.1, Avg: 0.1, Max: 0.1, Diff: 0.0, Sum: 0.2]
      [GC Worker Total (ms): Min: 248.8, Avg: 249.2, Max: 249.6, Diff: 0.9, Sum: 498.4]
      [GC Worker End (ms): Min: 7742660.7, Avg: 7742660.7, Max: 7742660.7, Diff: 0.0]
   [Code Root Fixup: 0.3 ms]
   [Code Root Migration: 0.1 ms]
   [Clear CT: 0.5 ms]
   [Other: 5.8 ms]
      [Choose CSet: 0.7 ms]
      [Ref Proc: 1.2 ms]
      [Ref Enq: 0.1 ms]
      [Free CSet: 1.3 ms]
   [Eden: 178.0M(178.0M)->0.0B(184.0M) Survivors: 26.0M->20.0M Heap: 1431.0M(4096.0M)->1110.0M(4096.0M)]
 [Times: user=0.50 sys=0.00, real=0.26 secs] 
2016-08-30T15:44:59.317+0200: 7749.452: [GC pause (mixed), 0.1366700 secs]
   [Parallel Time: 130.6 ms, GC Workers: 2]
      [GC Worker Start (ms): Min: 7749452.9, Avg: 7749452.9, Max: 7749452.9, Diff: 0.0]
      [Ext Root Scanning (ms): Min: 44.9, Avg: 45.0, Max: 45.1, Diff: 0.3, Sum: 90.0]
      [Update RS (ms): Min: 30.2, Avg: 30.3, Max: 30.4, Diff: 0.2, Sum: 60.6]
         [Processed Buffers: Min: 343, Avg: 375.5, Max: 408, Diff: 65, Sum: 751]
      [Scan RS (ms): Min: 15.8, Avg: 16.0, Max: 16.2, Diff: 0.5, Sum: 32.0]
      [Code Root Scanning (ms): Min: 0.0, Avg: 0.1, Max: 0.1, Diff: 0.1, Sum: 0.1]
      [Object Copy (ms): Min: 38.9, Avg: 39.0, Max: 39.1, Diff: 0.2, Sum: 78.0]
      [Termination (ms): Min: 0.0, Avg: 0.0, Max: 0.0, Diff: 0.0, Sum: 0.0]
      [GC Worker Other (ms): Min: 0.1, Avg: 0.1, Max: 0.1, Diff: 0.0, Sum: 0.2]
      [GC Worker Total (ms): Min: 130.5, Avg: 130.5, Max: 130.5, Diff: 0.0, Sum: 261.0]
      [GC Worker End (ms): Min: 7749583.4, Avg: 7749583.4, Max: 7749583.4, Diff: 0.0]
   [Code Root Fixup: 0.3 ms]
   [Code Root Migration: 0.0 ms]
   [Clear CT: 0.6 ms]
   [Other: 5.1 ms]
      [Choose CSet: 0.1 ms]
      [Ref Proc: 2.1 ms]
      [Ref Enq: 0.2 ms]
      [Free CSet: 0.5 ms]
   [Eden: 184.0M(184.0M)->0.0B(184.0M) Survivors: 20.0M->20.0M Heap: 1294.0M(4096.0M)->1118.0M(4096.0M)]
 [Times: user=0.26 sys=0.00, real=0.14 secs] 
2016-08-30T15:45:06.178+0200: 7756.313: [GC pause (young), 0.1232300 secs]
   [Parallel Time: 117.5 ms, GC Workers: 2]
      [GC Worker Start (ms): Min: 7756313.8, Avg: 7756313.8, Max: 7756313.8, Diff: 0.0]
      [Ext Root Scanning (ms): Min: 45.7, Avg: 46.0, Max: 46.4, Diff: 0.7, Sum: 92.1]
      [Update RS (ms): Min: 32.4, Avg: 32.5, Max: 32.5, Diff: 0.1, Sum: 64.9]
         [Processed Buffers: Min: 379, Avg: 391.0, Max: 403, Diff: 24, Sum: 782]
      [Scan RS (ms): Min: 6.0, Avg: 6.1, Max: 6.2, Diff: 0.2, Sum: 12.2]
      [Code Root Scanning (ms): Min: 0.1, Avg: 0.1, Max: 0.1, Diff: 0.0, Sum: 0.1]
      [Object Copy (ms): Min: 32.5, Avg: 32.6, Max: 32.8, Diff: 0.3, Sum: 65.2]
      [Termination (ms): Min: 0.0, Avg: 0.0, Max: 0.0, Diff: 0.0, Sum: 0.0]
      [GC Worker Other (ms): Min: 0.1, Avg: 0.1, Max: 0.1, Diff: 0.0, Sum: 0.2]
      [GC Worker Total (ms): Min: 117.4, Avg: 117.4, Max: 117.4, Diff: 0.0, Sum: 234.8]
      [GC Worker End (ms): Min: 7756431.2, Avg: 7756431.2, Max: 7756431.2, Diff: 0.0]
   [Code Root Fixup: 0.5 ms]
   [Code Root Migration: 0.0 ms]
   [Clear CT: 0.3 ms]
   [Other: 5.0 ms]
      [Choose CSet: 0.0 ms]
      [Ref Proc: 2.1 ms]
      [Ref Enq: 0.2 ms]
      [Free CSet: 0.4 ms]
   [Eden: 184.0M(184.0M)->0.0B(184.0M) Survivors: 20.0M->20.0M Heap: 1302.0M(4096.0M)->1133.0M(4096.0M)]
 [Times: user=0.24 sys=0.00, real=0.13 secs] 
2016-08-30T15:45:12.162+0200: 7762.297: [GC pause (young), 0.1296490 secs]
   [Parallel Time: 124.1 ms, GC Workers: 2]
      [GC Worker Start (ms): Min: 7762298.2, Avg: 7762298.9, Max: 7762299.6, Diff: 1.4]
      [Ext Root Scanning (ms): Min: 45.5, Avg: 45.6, Max: 45.7, Diff: 0.1, Sum: 91.2]
      [Update RS (ms): Min: 36.8, Avg: 37.8, Max: 38.9, Diff: 2.1, Sum: 75.7]
         [Processed Buffers: Min: 407, Avg: 443.0, Max: 479, Diff: 72, Sum: 886]
      [Scan RS (ms): Min: 6.2, Avg: 6.2, Max: 6.3, Diff: 0.1, Sum: 12.5]
      [Code Root Scanning (ms): Min: 0.1, Avg: 0.1, Max: 0.1, Diff: 0.0, Sum: 0.1]
      [Object Copy (ms): Min: 33.1, Avg: 33.4, Max: 33.7, Diff: 0.7, Sum: 66.8]
      [Termination (ms): Min: 0.0, Avg: 0.0, Max: 0.0, Diff: 0.0, Sum: 0.0]
      [GC Worker Other (ms): Min: 0.1, Avg: 0.1, Max: 0.1, Diff: 0.0, Sum: 0.2]
      [GC Worker Total (ms): Min: 122.6, Avg: 123.3, Max: 124.0, Diff: 1.4, Sum: 246.6]
      [GC Worker End (ms): Min: 7762422.2, Avg: 7762422.2, Max: 7762422.2, Diff: 0.0]
   [Code Root Fixup: 0.5 ms]
   [Code Root Migration: 0.0 ms]
   [Clear CT: 0.3 ms]
   [Other: 4.8 ms]
      [Choose CSet: 0.0 ms]
      [Ref Proc: 1.8 ms]
      [Ref Enq: 0.2 ms]
      [Free CSet: 0.4 ms]
   [Eden: 184.0M(184.0M)->0.0B(184.0M) Survivors: 20.0M->20.0M Heap: 1317.0M(4096.0M)->1149.0M(4096.0M)]
 [Times: user=0.25 sys=0.01, real=0.13 secs] 
2016-08-30T15:45:18.934+0200: 7769.068: [GC pause (young), 0.1613960 secs]
   [Parallel Time: 154.3 ms, GC Workers: 2]
      [GC Worker Start (ms): Min: 7769069.9, Avg: 7769069.9, Max: 7769069.9, Diff: 0.0]
      [Ext Root Scanning (ms): Min: 51.4, Avg: 60.4, Max: 69.5, Diff: 18.1, Sum: 120.9]
      [Update RS (ms): Min: 31.0, Avg: 40.8, Max: 50.6, Diff: 19.6, Sum: 81.6]
         [Processed Buffers: Min: 298, Avg: 402.5, Max: 507, Diff: 209, Sum: 805]
      [Scan RS (ms): Min: 8.8, Avg: 9.1, Max: 9.4, Diff: 0.6, Sum: 18.2]
      [Code Root Scanning (ms): Min: 0.0, Avg: 0.1, Max: 0.1, Diff: 0.1, Sum: 0.2]
      [Object Copy (ms): Min: 43.2, Avg: 43.7, Max: 44.1, Diff: 0.9, Sum: 87.3]
      [Termination (ms): Min: 0.0, Avg: 0.0, Max: 0.0, Diff: 0.0, Sum: 0.0]
      [GC Worker Other (ms): Min: 0.1, Avg: 0.1, Max: 0.2, Diff: 0.1, Sum: 0.2]
      [GC Worker Total (ms): Min: 154.2, Avg: 154.2, Max: 154.2, Diff: 0.0, Sum: 308.5]
      [GC Worker End (ms): Min: 7769224.1, Avg: 7769224.1, Max: 7769224.1, Diff: 0.0]
   [Code Root Fixup: 0.5 ms]
   [Code Root Migration: 0.0 ms]
   [Clear CT: 0.5 ms]
   [Other: 6.1 ms]
      [Choose CSet: 0.0 ms]
      [Ref Proc: 2.3 ms]
      [Ref Enq: 0.2 ms]
      [Free CSet: 0.5 ms]
   [Eden: 184.0M(184.0M)->0.0B(182.0M) Survivors: 20.0M->22.0M Heap: 1333.0M(4096.0M)->1167.0M(4096.0M)]
 [Times: user=0.32 sys=0.01, real=0.16 secs] 
2016-08-30T15:45:26.470+0200: 7776.604: [GC pause (young), 0.1312350 secs]
   [Parallel Time: 125.9 ms, GC Workers: 2]
      [GC Worker Start (ms): Min: 7776605.3, Avg: 7776605.3, Max: 7776605.3, Diff: 0.0]
      [Ext Root Scanning (ms): Min: 47.5, Avg: 52.7, Max: 57.9, Diff: 10.4, Sum: 105.4]
      [Update RS (ms): Min: 29.0, Avg: 34.2, Max: 39.4, Diff: 10.4, Sum: 68.4]
         [Processed Buffers: Min: 347, Avg: 360.0, Max: 373, Diff: 26, Sum: 720]
      [Scan RS (ms): Min: 5.6, Avg: 5.8, Max: 6.0, Diff: 0.4, Sum: 11.6]
      [Code Root Scanning (ms): Min: 0.0, Avg: 0.1, Max: 0.1, Diff: 0.1, Sum: 0.1]
      [Object Copy (ms): Min: 32.7, Avg: 32.9, Max: 33.2, Diff: 0.5, Sum: 65.8]
      [Termination (ms): Min: 0.0, Avg: 0.0, Max: 0.0, Diff: 0.0, Sum: 0.0]
      [GC Worker Other (ms): Min: 0.0, Avg: 0.0, Max: 0.0, Diff: 0.0, Sum: 0.1]
      [GC Worker Total (ms): Min: 125.8, Avg: 125.8, Max: 125.8, Diff: 0.0, Sum: 251.6]
      [GC Worker End (ms): Min: 7776731.1, Avg: 7776731.1, Max: 7776731.1, Diff: 0.0]
   [Code Root Fixup: 0.4 ms]
   [Code Root Migration: 0.0 ms]
   [Clear CT: 0.3 ms]
   [Other: 4.7 ms]
      [Choose CSet: 0.0 ms]
      [Ref Proc: 2.2 ms]
      [Ref Enq: 0.1 ms]
      [Free CSet: 0.3 ms]
   [Eden: 182.0M(182.0M)->0.0B(228.0M) Survivors: 22.0M->18.0M Heap: 1349.0M(4096.0M)->1180.0M(4096.0M)]
 [Times: user=0.23 sys=0.00, real=0.13 secs] 
2016-08-30T15:45:35.357+0200: 7785.491: [GC pause (young), 0.1899670 secs]
   [Parallel Time: 181.9 ms, GC Workers: 2]
      [GC Worker Start (ms): Min: 7785493.0, Avg: 7785493.0, Max: 7785493.1, Diff: 0.0]
      [Ext Root Scanning (ms): Min: 71.7, Avg: 71.9, Max: 72.1, Diff: 0.4, Sum: 143.8]
      [Update RS (ms): Min: 52.2, Avg: 52.4, Max: 52.6, Diff: 0.4, Sum: 104.8]
         [Processed Buffers: Min: 343, Avg: 406.0, Max: 469, Diff: 126, Sum: 812]
      [Scan RS (ms): Min: 6.2, Avg: 6.4, Max: 6.5, Diff: 0.3, Sum: 12.8]
      [Code Root Scanning (ms): Min: 0.1, Avg: 0.1, Max: 0.1, Diff: 0.1, Sum: 0.2]
      [Object Copy (ms): Min: 50.7, Avg: 50.9, Max: 51.1, Diff: 0.3, Sum: 101.8]
      [Termination (ms): Min: 0.0, Avg: 0.0, Max: 0.0, Diff: 0.0, Sum: 0.0]
      [GC Worker Other (ms): Min: 0.1, Avg: 0.1, Max: 0.1, Diff: 0.0, Sum: 0.2]
      [GC Worker Total (ms): Min: 181.8, Avg: 181.8, Max: 181.8, Diff: 0.0, Sum: 363.6]
      [GC Worker End (ms): Min: 7785674.8, Avg: 7785674.8, Max: 7785674.8, Diff: 0.0]
   [Code Root Fixup: 0.5 ms]
   [Code Root Migration: 0.0 ms]
   [Clear CT: 0.4 ms]
   [Other: 7.1 ms]
      [Choose CSet: 0.0 ms]
      [Ref Proc: 3.5 ms]
      [Ref Enq: 0.2 ms]
      [Free CSet: 0.4 ms]
   [Eden: 228.0M(228.0M)->0.0B(172.0M) Survivors: 18.0M->32.0M Heap: 1408.0M(4096.0M)->1197.0M(4096.0M)]
 [Times: user=0.36 sys=0.00, real=0.19 secs] 
2016-08-30T15:45:41.756+0200: 7791.890: [GC pause (young), 0.1466890 secs]
   [Parallel Time: 141.0 ms, GC Workers: 2]
      [GC Worker Start (ms): Min: 7791892.3, Avg: 7791892.3, Max: 7791892.3, Diff: 0.0]
      [Ext Root Scanning (ms): Min: 46.5, Avg: 52.2, Max: 57.9, Diff: 11.4, Sum: 104.4]
      [Update RS (ms): Min: 26.6, Avg: 33.2, Max: 39.7, Diff: 13.2, Sum: 66.3]
         [Processed Buffers: Min: 297, Avg: 372.0, Max: 447, Diff: 150, Sum: 744]
      [Scan RS (ms): Min: 10.7, Avg: 10.8, Max: 10.8, Diff: 0.2, Sum: 21.5]
      [Code Root Scanning (ms): Min: 0.1, Avg: 0.1, Max: 0.1, Diff: 0.0, Sum: 0.1]
      [Object Copy (ms): Min: 43.7, Avg: 44.6, Max: 45.5, Diff: 1.8, Sum: 89.2]
      [Termination (ms): Min: 0.0, Avg: 0.0, Max: 0.0, Diff: 0.0, Sum: 0.0]
      [GC Worker Other (ms): Min: 0.1, Avg: 0.1, Max: 0.1, Diff: 0.0, Sum: 0.2]
      [GC Worker Total (ms): Min: 140.9, Avg: 140.9, Max: 140.9, Diff: 0.0, Sum: 281.9]
      [GC Worker End (ms): Min: 7792033.3, Avg: 7792033.3, Max: 7792033.3, Diff: 0.0]
   [Code Root Fixup: 0.4 ms]
   [Code Root Migration: 0.0 ms]
   [Clear CT: 0.4 ms]
   [Other: 5.0 ms]
      [Choose CSet: 0.1 ms]
      [Ref Proc: 1.4 ms]
      [Ref Enq: 0.1 ms]
      [Free CSet: 0.4 ms]
   [Eden: 172.0M(172.0M)->0.0B(262.0M) Survivors: 32.0M->22.0M Heap: 1369.0M(4096.0M)->1214.0M(4096.0M)]
 [Times: user=0.29 sys=0.00, real=0.15 secs] 
2016-08-30T15:45:51.960+0200: 7802.094: [GC pause (young), 0.1393840 secs]
   [Parallel Time: 132.7 ms, GC Workers: 2]
      [GC Worker Start (ms): Min: 7802095.4, Avg: 7802095.4, Max: 7802095.4, Diff: 0.0]
      [Ext Root Scanning (ms): Min: 44.0, Avg: 44.5, Max: 45.0, Diff: 1.0, Sum: 89.1]
      [Update RS (ms): Min: 38.5, Avg: 39.1, Max: 39.6, Diff: 1.1, Sum: 78.2]
         [Processed Buffers: Min: 407, Avg: 420.0, Max: 433, Diff: 26, Sum: 840]
      [Scan RS (ms): Min: 5.5, Avg: 6.1, Max: 6.7, Diff: 1.1, Sum: 12.2]
      [Code Root Scanning (ms): Min: 0.1, Avg: 0.1, Max: 0.1, Diff: 0.0, Sum: 0.2]
      [Object Copy (ms): Min: 42.2, Avg: 42.7, Max: 43.2, Diff: 1.0, Sum: 85.3]
      [Termination (ms): Min: 0.0, Avg: 0.0, Max: 0.0, Diff: 0.0, Sum: 0.0]
      [GC Worker Other (ms): Min: 0.0, Avg: 0.1, Max: 0.1, Diff: 0.1, Sum: 0.2]
      [GC Worker Total (ms): Min: 132.5, Avg: 132.5, Max: 132.6, Diff: 0.0, Sum: 265.1]
      [GC Worker End (ms): Min: 7802228.0, Avg: 7802228.0, Max: 7802228.0, Diff: 0.0]
   [Code Root Fixup: 0.4 ms]
   [Code Root Migration: 0.0 ms]
   [Clear CT: 0.3 ms]
   [Other: 6.0 ms]
      [Choose CSet: 0.0 ms]
      [Ref Proc: 2.6 ms]
      [Ref Enq: 0.2 ms]
      [Free CSet: 0.8 ms]
   [Eden: 262.0M(262.0M)->0.0B(324.0M) Survivors: 22.0M->36.0M Heap: 1476.0M(4096.0M)->1247.0M(4096.0M)]
 [Times: user=0.27 sys=0.00, real=0.14 secs] 
2016-08-30T15:46:05.447+0200: 7815.581: [GC pause (young), 0.1758660 secs]
   [Parallel Time: 168.9 ms, GC Workers: 2]
      [GC Worker Start (ms): Min: 7815582.9, Avg: 7815582.9, Max: 7815582.9, Diff: 0.1]
      [Ext Root Scanning (ms): Min: 61.8, Avg: 63.3, Max: 64.8, Diff: 3.0, Sum: 126.6]
      [Update RS (ms): Min: 47.2, Avg: 48.9, Max: 50.5, Diff: 3.2, Sum: 97.7]
         [Processed Buffers: Min: 401, Avg: 410.0, Max: 419, Diff: 18, Sum: 820]
      [Scan RS (ms): Min: 8.3, Avg: 8.7, Max: 9.0, Diff: 0.8, Sum: 17.3]
      [Code Root Scanning (ms): Min: 0.1, Avg: 0.1, Max: 0.1, Diff: 0.0, Sum: 0.2]
      [Object Copy (ms): Min: 47.6, Avg: 47.8, Max: 48.0, Diff: 0.5, Sum: 95.6]
      [Termination (ms): Min: 0.0, Avg: 0.0, Max: 0.0, Diff: 0.0, Sum: 0.0]
      [GC Worker Other (ms): Min: 0.1, Avg: 0.1, Max: 0.1, Diff: 0.1, Sum: 0.2]
      [GC Worker Total (ms): Min: 168.7, Avg: 168.8, Max: 168.8, Diff: 0.1, Sum: 337.6]
      [GC Worker End (ms): Min: 7815751.7, Avg: 7815751.7, Max: 7815751.7, Diff: 0.0]
   [Code Root Fixup: 0.3 ms]
   [Code Root Migration: 0.1 ms]
   [Clear CT: 0.4 ms]
   [Other: 6.3 ms]
      [Choose CSet: 0.0 ms]
      [Ref Proc: 2.7 ms]
      [Ref Enq: 0.2 ms]
      [Free CSet: 0.6 ms]
   [Eden: 324.0M(324.0M)->0.0B(334.0M) Survivors: 36.0M->30.0M Heap: 1571.0M(4096.0M)->1270.0M(4096.0M)]
 [Times: user=0.31 sys=0.00, real=0.18 secs] 
2016-08-30T15:46:18.289+0200: 7828.424: [GC pause (young), 0.1899630 secs]
   [Parallel Time: 182.1 ms, GC Workers: 2]
      [GC Worker Start (ms): Min: 7828425.5, Avg: 7828425.5, Max: 7828425.5, Diff: 0.0]
      [Ext Root Scanning (ms): Min: 50.0, Avg: 50.1, Max: 50.2, Diff: 0.3, Sum: 100.2]
      [Update RS (ms): Min: 56.6, Avg: 56.6, Max: 56.7, Diff: 0.0, Sum: 113.3]
         [Processed Buffers: Min: 419, Avg: 437.5, Max: 456, Diff: 37, Sum: 875]
      [Scan RS (ms): Min: 11.3, Avg: 11.8, Max: 12.3, Diff: 1.0, Sum: 23.6]
      [Code Root Scanning (ms): Min: 0.1, Avg: 0.1, Max: 0.2, Diff: 0.0, Sum: 0.3]
      [Object Copy (ms): Min: 62.0, Avg: 62.7, Max: 63.4, Diff: 1.4, Sum: 125.4]
      [Termination (ms): Min: 0.0, Avg: 0.0, Max: 0.0, Diff: 0.0, Sum: 0.0]
      [GC Worker Other (ms): Min: 0.1, Avg: 0.1, Max: 0.2, Diff: 0.1, Sum: 0.3]
      [GC Worker Total (ms): Min: 181.5, Avg: 181.5, Max: 181.5, Diff: 0.0, Sum: 363.0]
      [GC Worker End (ms): Min: 7828607.0, Avg: 7828607.0, Max: 7828607.0, Diff: 0.0]
   [Code Root Fixup: 0.3 ms]
   [Code Root Migration: 0.1 ms]
   [Clear CT: 0.4 ms]
   [Other: 7.1 ms]
      [Choose CSet: 0.0 ms]
      [Ref Proc: 2.9 ms]
      [Ref Enq: 0.2 ms]
      [Free CSet: 0.8 ms]
   [Eden: 334.0M(334.0M)->0.0B(260.0M) Survivors: 30.0M->42.0M Heap: 1604.0M(4096.0M)->1304.0M(4096.0M)]
 [Times: user=0.37 sys=0.01, real=0.19 secs] 
2016-08-30T15:46:27.841+0200: 7837.976: [GC pause (young), 0.1579040 secs]
   [Parallel Time: 151.5 ms, GC Workers: 2]
      [GC Worker Start (ms): Min: 7837977.3, Avg: 7837979.3, Max: 7837981.4, Diff: 4.1]
      [Ext Root Scanning (ms): Min: 48.4, Avg: 50.3, Max: 52.1, Diff: 3.7, Sum: 100.6]
      [Update RS (ms): Min: 44.6, Avg: 45.3, Max: 46.1, Diff: 1.5, Sum: 90.7]
         [Processed Buffers: Min: 358, Avg: 386.5, Max: 415, Diff: 57, Sum: 773]
      [Scan RS (ms): Min: 9.2, Avg: 9.9, Max: 10.6, Diff: 1.4, Sum: 19.8]
      [Code Root Scanning (ms): Min: 0.1, Avg: 0.1, Max: 0.1, Diff: 0.0, Sum: 0.2]
      [Object Copy (ms): Min: 43.6, Avg: 43.7, Max: 43.9, Diff: 0.3, Sum: 87.4]
      [Termination (ms): Min: 0.0, Avg: 0.0, Max: 0.0, Diff: 0.0, Sum: 0.0]
      [GC Worker Other (ms): Min: 0.1, Avg: 0.1, Max: 0.2, Diff: 0.0, Sum: 0.3]
      [GC Worker Total (ms): Min: 147.4, Avg: 149.5, Max: 151.5, Diff: 4.1, Sum: 298.9]
      [GC Worker End (ms): Min: 7838128.8, Avg: 7838128.8, Max: 7838128.8, Diff: 0.0]
   [Code Root Fixup: 0.3 ms]
   [Code Root Migration: 0.0 ms]
   [Clear CT: 0.4 ms]
   [Other: 5.7 ms]
      [Choose CSet: 0.0 ms]
      [Ref Proc: 2.3 ms]
      [Ref Enq: 0.1 ms]
      [Free CSet: 0.5 ms]
   [Eden: 260.0M(260.0M)->0.0B(406.0M) Survivors: 42.0M->28.0M Heap: 1564.0M(4096.0M)->1320.0M(4096.0M)]
 [Times: user=0.31 sys=0.00, real=0.16 secs] 
2016-08-30T15:46:43.265+0200: 7853.400: [GC pause (young), 0.2042840 secs]
   [Parallel Time: 192.9 ms, GC Workers: 2]
      [GC Worker Start (ms): Min: 7853401.4, Avg: 7853401.4, Max: 7853401.4, Diff: 0.0]
      [Ext Root Scanning (ms): Min: 52.7, Avg: 56.0, Max: 59.3, Diff: 6.6, Sum: 112.0]
      [Update RS (ms): Min: 58.7, Avg: 62.1, Max: 65.5, Diff: 6.8, Sum: 124.3]
         [Processed Buffers: Min: 444, Avg: 489.0, Max: 534, Diff: 90, Sum: 978]
      [Scan RS (ms): Min: 10.5, Avg: 10.6, Max: 10.7, Diff: 0.2, Sum: 21.2]
      [Code Root Scanning (ms): Min: 0.1, Avg: 0.2, Max: 0.2, Diff: 0.1, Sum: 0.3]
      [Object Copy (ms): Min: 63.7, Avg: 63.9, Max: 64.1, Diff: 0.4, Sum: 127.8]
      [Termination (ms): Min: 0.0, Avg: 0.0, Max: 0.0, Diff: 0.0, Sum: 0.0]
      [GC Worker Other (ms): Min: 0.1, Avg: 0.1, Max: 0.1, Diff: 0.0, Sum: 0.3]
      [GC Worker Total (ms): Min: 192.9, Avg: 192.9, Max: 192.9, Diff: 0.0, Sum: 385.7]
      [GC Worker End (ms): Min: 7853594.2, Avg: 7853594.3, Max: 7853594.3, Diff: 0.0]
   [Code Root Fixup: 0.5 ms]
   [Code Root Migration: 0.1 ms]
   [Clear CT: 0.5 ms]
   [Other: 10.3 ms]
      [Choose CSet: 0.0 ms]
      [Ref Proc: 5.6 ms]
      [Ref Enq: 0.4 ms]
      [Free CSet: 1.0 ms]
   [Eden: 406.0M(406.0M)->0.0B(230.0M) Survivors: 28.0M->56.0M Heap: 1726.0M(4096.0M)->1356.0M(4096.0M)]
 [Times: user=0.38 sys=0.00, real=0.21 secs] 
2016-08-30T15:46:52.016+0200: 7862.151: [GC pause (young), 0.1896440 secs]
   [Parallel Time: 181.4 ms, GC Workers: 2]
      [GC Worker Start (ms): Min: 7862152.7, Avg: 7862152.7, Max: 7862152.7, Diff: 0.0]
      [Ext Root Scanning (ms): Min: 50.5, Avg: 51.3, Max: 52.2, Diff: 1.7, Sum: 102.6]
      [Update RS (ms): Min: 42.5, Avg: 43.7, Max: 44.9, Diff: 2.5, Sum: 87.4]
         [Processed Buffers: Min: 393, Avg: 439.0, Max: 485, Diff: 92, Sum: 878]
      [Scan RS (ms): Min: 15.4, Avg: 15.5, Max: 15.7, Diff: 0.3, Sum: 31.1]
      [Code Root Scanning (ms): Min: 0.1, Avg: 0.1, Max: 0.1, Diff: 0.1, Sum: 0.2]
      [Object Copy (ms): Min: 70.0, Avg: 70.5, Max: 71.0, Diff: 1.0, Sum: 141.1]
      [Termination (ms): Min: 0.0, Avg: 0.0, Max: 0.0, Diff: 0.0, Sum: 0.0]
      [GC Worker Other (ms): Min: 0.1, Avg: 0.2, Max: 0.2, Diff: 0.0, Sum: 0.3]
      [GC Worker Total (ms): Min: 181.3, Avg: 181.3, Max: 181.3, Diff: 0.0, Sum: 362.7]
      [GC Worker End (ms): Min: 7862334.0, Avg: 7862334.0, Max: 7862334.0, Diff: 0.0]
   [Code Root Fixup: 0.4 ms]
   [Code Root Migration: 0.0 ms]
   [Clear CT: 0.5 ms]
   [Other: 7.2 ms]
      [Choose CSet: 0.0 ms]
      [Ref Proc: 2.8 ms]
      [Ref Enq: 0.2 ms]
      [Free CSet: 0.7 ms]
   [Eden: 230.0M(230.0M)->0.0B(376.0M) Survivors: 56.0M->22.0M Heap: 1586.0M(4096.0M)->1373.0M(4096.0M)]
 [Times: user=0.37 sys=0.00, real=0.19 secs] 
2016-08-30T15:47:07.229+0200: 7877.363: [GC pause (young), 0.1801480 secs]
   [Parallel Time: 170.1 ms, GC Workers: 2]
      [GC Worker Start (ms): Min: 7877365.1, Avg: 7877365.2, Max: 7877365.2, Diff: 0.0]
      [Ext Root Scanning (ms): Min: 50.7, Avg: 50.7, Max: 50.7, Diff: 0.0, Sum: 101.5]
      [Update RS (ms): Min: 56.3, Avg: 56.4, Max: 56.6, Diff: 0.3, Sum: 112.9]
         [Processed Buffers: Min: 399, Avg: 424.5, Max: 450, Diff: 51, Sum: 849]
      [Scan RS (ms): Min: 9.7, Avg: 9.8, Max: 9.9, Diff: 0.2, Sum: 19.7]
      [Code Root Scanning (ms): Min: 0.1, Avg: 0.1, Max: 0.2, Diff: 0.1, Sum: 0.3]
      [Object Copy (ms): Min: 52.5, Avg: 52.6, Max: 52.7, Diff: 0.2, Sum: 105.3]
      [Termination (ms): Min: 0.0, Avg: 0.0, Max: 0.0, Diff: 0.0, Sum: 0.0]
      [GC Worker Other (ms): Min: 0.1, Avg: 0.1, Max: 0.1, Diff: 0.0, Sum: 0.3]
      [GC Worker Total (ms): Min: 169.9, Avg: 169.9, Max: 169.9, Diff: 0.0, Sum: 339.8]
      [GC Worker End (ms): Min: 7877535.1, Avg: 7877535.1, Max: 7877535.1, Diff: 0.0]
   [Code Root Fixup: 0.4 ms]
   [Code Root Migration: 0.1 ms]
   [Clear CT: 0.5 ms]
   [Other: 9.1 ms]
      [Choose CSet: 0.0 ms]
      [Ref Proc: 4.8 ms]
      [Ref Enq: 0.4 ms]
      [Free CSet: 0.9 ms]
   [Eden: 376.0M(376.0M)->0.0B(228.0M) Survivors: 22.0M->50.0M Heap: 1749.0M(4096.0M)->1402.0M(4096.0M)]
 [Times: user=0.35 sys=0.00, real=0.18 secs] 
2016-08-30T15:47:14.576+0200: 7884.711: [GC pause (young), 0.1704540 secs]
   [Parallel Time: 164.8 ms, GC Workers: 2]
      [GC Worker Start (ms): Min: 7884712.1, Avg: 7884712.2, Max: 7884712.2, Diff: 0.0]
      [Ext Root Scanning (ms): Min: 49.9, Avg: 51.5, Max: 53.0, Diff: 3.0, Sum: 102.9]
      [Update RS (ms): Min: 40.0, Avg: 40.4, Max: 40.7, Diff: 0.7, Sum: 80.8]
         [Processed Buffers: Min: 351, Avg: 397.5, Max: 444, Diff: 93, Sum: 795]
      [Scan RS (ms): Min: 12.8, Avg: 13.3, Max: 13.8, Diff: 0.9, Sum: 26.6]
      [Code Root Scanning (ms): Min: 0.0, Avg: 0.1, Max: 0.1, Diff: 0.1, Sum: 0.2]
      [Object Copy (ms): Min: 58.0, Avg: 59.3, Max: 60.7, Diff: 2.7, Sum: 118.7]
      [Termination (ms): Min: 0.0, Avg: 0.0, Max: 0.0, Diff: 0.0, Sum: 0.0]
      [GC Worker Other (ms): Min: 0.1, Avg: 0.1, Max: 0.1, Diff: 0.0, Sum: 0.3]
      [GC Worker Total (ms): Min: 164.7, Avg: 164.7, Max: 164.7, Diff: 0.0, Sum: 329.4]
      [GC Worker End (ms): Min: 7884876.9, Avg: 7884876.9, Max: 7884876.9, Diff: 0.0]
   [Code Root Fixup: 0.3 ms]
   [Code Root Migration: 0.0 ms]
   [Clear CT: 0.4 ms]
   [Other: 4.9 ms]
      [Choose CSet: 0.0 ms]
      [Ref Proc: 1.6 ms]
      [Ref Enq: 0.1 ms]
      [Free CSet: 0.5 ms]
   [Eden: 228.0M(228.0M)->0.0B(342.0M) Survivors: 50.0M->30.0M Heap: 1630.0M(4096.0M)->1425.0M(4096.0M)]
 [Times: user=0.33 sys=0.00, real=0.17 secs] 
2016-08-30T15:47:29.002+0200: 7899.137: [GC pause (young), 0.2181850 secs]
   [Parallel Time: 205.5 ms, GC Workers: 2]
      [GC Worker Start (ms): Min: 7899138.5, Avg: 7899138.5, Max: 7899138.5, Diff: 0.0]
      [Ext Root Scanning (ms): Min: 53.6, Avg: 79.4, Max: 105.3, Diff: 51.7, Sum: 158.9]
      [Update RS (ms): Min: 35.5, Avg: 59.8, Max: 84.2, Diff: 48.7, Sum: 119.7]
         [Processed Buffers: Min: 200, Avg: 432.5, Max: 665, Diff: 465, Sum: 865]
      [Scan RS (ms): Min: 9.2, Avg: 9.5, Max: 9.8, Diff: 0.6, Sum: 19.0]
      [Code Root Scanning (ms): Min: 0.1, Avg: 0.1, Max: 0.1, Diff: 0.1, Sum: 0.2]
      [Object Copy (ms): Min: 55.2, Avg: 55.4, Max: 55.6, Diff: 0.4, Sum: 110.9]
      [Termination (ms): Min: 0.0, Avg: 1.0, Max: 1.9, Diff: 1.9, Sum: 1.9]
      [GC Worker Other (ms): Min: 0.1, Avg: 0.1, Max: 0.1, Diff: 0.0, Sum: 0.2]
      [GC Worker Total (ms): Min: 205.4, Avg: 205.4, Max: 205.4, Diff: 0.0, Sum: 410.8]
      [GC Worker End (ms): Min: 7899343.9, Avg: 7899343.9, Max: 7899343.9, Diff: 0.0]
   [Code Root Fixup: 0.4 ms]
   [Code Root Migration: 0.0 ms]
   [Clear CT: 0.6 ms]
   [Other: 11.7 ms]
      [Choose CSet: 0.0 ms]
      [Ref Proc: 7.5 ms]
      [Ref Enq: 0.4 ms]
      [Free CSet: 0.8 ms]
   [Eden: 342.0M(342.0M)->0.0B(220.0M) Survivors: 30.0M->30.0M Heap: 1767.0M(4096.0M)->1447.0M(4096.0M)]
 [Times: user=0.30 sys=0.00, real=0.22 secs] 
2016-08-30T15:47:38.162+0200: 7908.297: [GC pause (young), 0.3000000 secs]
   [Parallel Time: 292.5 ms, GC Workers: 2]
      [GC Worker Start (ms): Min: 7908299.0, Avg: 7908299.2, Max: 7908299.4, Diff: 0.4]
      [Ext Root Scanning (ms): Min: 78.4, Avg: 91.2, Max: 103.9, Diff: 25.5, Sum: 182.3]
      [Update RS (ms): Min: 87.3, Avg: 100.0, Max: 112.6, Diff: 25.3, Sum: 199.9]
         [Processed Buffers: Min: 278, Avg: 387.5, Max: 497, Diff: 219, Sum: 775]
      [Scan RS (ms): Min: 14.6, Avg: 16.2, Max: 17.8, Diff: 3.1, Sum: 32.4]
      [Code Root Scanning (ms): Min: 0.1, Avg: 2.0, Max: 3.9, Diff: 3.8, Sum: 4.0]
      [Object Copy (ms): Min: 81.6, Avg: 82.3, Max: 83.0, Diff: 1.3, Sum: 164.6]
      [Termination (ms): Min: 0.0, Avg: 0.5, Max: 0.9, Diff: 0.9, Sum: 0.9]
      [GC Worker Other (ms): Min: 0.1, Avg: 0.1, Max: 0.2, Diff: 0.1, Sum: 0.2]
      [GC Worker Total (ms): Min: 292.0, Avg: 292.2, Max: 292.4, Diff: 0.4, Sum: 584.4]
      [GC Worker End (ms): Min: 7908591.4, Avg: 7908591.4, Max: 7908591.4, Diff: 0.0]
   [Code Root Fixup: 0.4 ms]
   [Code Root Migration: 0.0 ms]
   [Clear CT: 0.7 ms]
   [Other: 6.4 ms]
      [Choose CSet: 0.0 ms]
      [Ref Proc: 2.4 ms]
      [Ref Enq: 0.2 ms]
      [Free CSet: 0.4 ms]
   [Eden: 220.0M(220.0M)->0.0B(180.0M) Survivors: 30.0M->24.0M Heap: 1667.0M(4096.0M)->1461.0M(4096.0M)]
 [Times: user=0.32 sys=0.00, real=0.30 secs] 
2016-08-30T15:47:43.339+0200: 7913.474: [GC pause (young), 0.1488740 secs]
   [Parallel Time: 142.4 ms, GC Workers: 2]
      [GC Worker Start (ms): Min: 7913475.3, Avg: 7913475.7, Max: 7913476.0, Diff: 0.7]
      [Ext Root Scanning (ms): Min: 53.6, Avg: 54.8, Max: 55.9, Diff: 2.3, Sum: 109.6]
      [Update RS (ms): Min: 38.7, Avg: 40.0, Max: 41.2, Diff: 2.6, Sum: 79.9]
         [Processed Buffers: Min: 337, Avg: 393.5, Max: 450, Diff: 113, Sum: 787]
      [Scan RS (ms): Min: 6.5, Avg: 6.8, Max: 7.1, Diff: 0.6, Sum: 13.6]
      [Code Root Scanning (ms): Min: 0.1, Avg: 0.1, Max: 0.1, Diff: 0.0, Sum: 0.1]
      [Object Copy (ms): Min: 39.4, Avg: 40.2, Max: 40.9, Diff: 1.5, Sum: 80.3]
      [Termination (ms): Min: 0.0, Avg: 0.0, Max: 0.0, Diff: 0.0, Sum: 0.0]
      [GC Worker Other (ms): Min: 0.2, Avg: 0.2, Max: 0.2, Diff: 0.0, Sum: 0.3]
      [GC Worker Total (ms): Min: 141.6, Avg: 141.9, Max: 142.3, Diff: 0.7, Sum: 283.9]
      [GC Worker End (ms): Min: 7913617.6, Avg: 7913617.6, Max: 7913617.6, Diff: 0.0]
   [Code Root Fixup: 0.5 ms]
   [Code Root Migration: 0.0 ms]
   [Clear CT: 0.4 ms]
   [Other: 5.6 ms]
      [Choose CSet: 0.0 ms]
      [Ref Proc: 2.0 ms]
      [Ref Enq: 0.2 ms]
      [Free CSet: 0.5 ms]
   [Eden: 180.0M(180.0M)->0.0B(180.0M) Survivors: 24.0M->24.0M Heap: 1641.0M(4096.0M)->1482.0M(4096.0M)]
 [Times: user=0.29 sys=0.00, real=0.15 secs] 
2016-08-30T15:47:50.918+0200: 7921.052: [GC pause (young), 0.1882730 secs]
   [Parallel Time: 175.0 ms, GC Workers: 2]
      [GC Worker Start (ms): Min: 7921053.9, Avg: 7921054.0, Max: 7921054.0, Diff: 0.0]
      [Ext Root Scanning (ms): Min: 55.4, Avg: 64.0, Max: 72.7, Diff: 17.3, Sum: 128.1]
      [Update RS (ms): Min: 45.2, Avg: 53.8, Max: 62.5, Diff: 17.4, Sum: 107.7]
         [Processed Buffers: Min: 394, Avg: 399.0, Max: 404, Diff: 10, Sum: 798]
      [Scan RS (ms): Min: 8.2, Avg: 9.1, Max: 10.0, Diff: 1.8, Sum: 18.2]
      [Code Root Scanning (ms): Min: 0.0, Avg: 0.1, Max: 0.1, Diff: 0.1, Sum: 0.1]
      [Object Copy (ms): Min: 46.8, Avg: 47.7, Max: 48.7, Diff: 2.0, Sum: 95.5]
      [Termination (ms): Min: 0.0, Avg: 0.0, Max: 0.0, Diff: 0.0, Sum: 0.0]
      [GC Worker Other (ms): Min: 0.1, Avg: 0.1, Max: 0.1, Diff: 0.0, Sum: 0.3]
      [GC Worker Total (ms): Min: 174.9, Avg: 174.9, Max: 175.0, Diff: 0.0, Sum: 349.9]
      [GC Worker End (ms): Min: 7921228.9, Avg: 7921228.9, Max: 7921228.9, Diff: 0.0]
   [Code Root Fixup: 0.5 ms]
   [Code Root Migration: 0.0 ms]
   [Clear CT: 0.6 ms]
   [Other: 12.1 ms]
      [Choose CSet: 0.0 ms]
      [Ref Proc: 8.8 ms]
      [Ref Enq: 0.1 ms]
      [Free CSet: 0.4 ms]
   [Eden: 180.0M(180.0M)->0.0B(186.0M) Survivors: 24.0M->18.0M Heap: 1662.0M(4096.0M)->1497.0M(4096.0M)]
 [Times: user=0.27 sys=0.01, real=0.19 secs] 
2016-08-30T15:47:56.873+0200: 7927.007: [GC pause (young), 0.1403820 secs]
   [Parallel Time: 133.9 ms, GC Workers: 2]
      [GC Worker Start (ms): Min: 7927008.7, Avg: 7927009.9, Max: 7927011.2, Diff: 2.6]
      [Ext Root Scanning (ms): Min: 50.8, Avg: 52.1, Max: 53.3, Diff: 2.4, Sum: 104.1]
      [Update RS (ms): Min: 36.3, Avg: 37.1, Max: 37.8, Diff: 1.5, Sum: 74.2]
         [Processed Buffers: Min: 360, Avg: 370.5, Max: 381, Diff: 21, Sum: 741]
      [Scan RS (ms): Min: 6.2, Avg: 6.6, Max: 7.0, Diff: 0.9, Sum: 13.2]
      [Code Root Scanning (ms): Min: 0.0, Avg: 0.1, Max: 0.1, Diff: 0.1, Sum: 0.1]
      [Object Copy (ms): Min: 36.4, Avg: 36.7, Max: 37.0, Diff: 0.6, Sum: 73.4]
      [Termination (ms): Min: 0.0, Avg: 0.0, Max: 0.0, Diff: 0.0, Sum: 0.0]
      [GC Worker Other (ms): Min: 0.1, Avg: 0.1, Max: 0.1, Diff: 0.1, Sum: 0.2]
      [GC Worker Total (ms): Min: 131.3, Avg: 132.6, Max: 133.9, Diff: 2.6, Sum: 265.2]
      [GC Worker End (ms): Min: 7927142.5, Avg: 7927142.5, Max: 7927142.5, Diff: 0.0]
   [Code Root Fixup: 0.4 ms]
   [Code Root Migration: 0.0 ms]
   [Clear CT: 0.4 ms]
   [Other: 5.6 ms]
      [Choose CSet: 0.0 ms]
      [Ref Proc: 2.2 ms]
      [Ref Enq: 0.2 ms]
      [Free CSet: 0.4 ms]
   [Eden: 186.0M(186.0M)->0.0B(182.0M) Survivors: 18.0M->22.0M Heap: 1683.0M(4096.0M)->1516.0M(4096.0M)]
 [Times: user=0.27 sys=0.00, real=0.14 secs] 
2016-08-30T15:48:04.169+0200: 7934.303: [GC pause (young), 0.1520380 secs]
   [Parallel Time: 145.1 ms, GC Workers: 2]
      [GC Worker Start (ms): Min: 7934304.7, Avg: 7934306.3, Max: 7934307.9, Diff: 3.2]
      [Ext Root Scanning (ms): Min: 55.8, Avg: 58.2, Max: 60.6, Diff: 4.7, Sum: 116.4]
      [Update RS (ms): Min: 35.1, Avg: 39.8, Max: 44.5, Diff: 9.4, Sum: 79.6]
         [Processed Buffers: Min: 353, Avg: 373.0, Max: 393, Diff: 40, Sum: 746]
      [Scan RS (ms): Min: 5.8, Avg: 6.3, Max: 6.7, Diff: 0.9, Sum: 12.5]
      [Code Root Scanning (ms): Min: 0.1, Avg: 0.1, Max: 0.1, Diff: 0.0, Sum: 0.1]
      [Object Copy (ms): Min: 38.7, Avg: 39.0, Max: 39.4, Diff: 0.7, Sum: 78.0]
      [Termination (ms): Min: 0.0, Avg: 0.0, Max: 0.0, Diff: 0.0, Sum: 0.0]
      [GC Worker Other (ms): Min: 0.1, Avg: 0.1, Max: 0.1, Diff: 0.0, Sum: 0.2]
      [GC Worker Total (ms): Min: 141.9, Avg: 143.4, Max: 145.0, Diff: 3.2, Sum: 286.9]
      [GC Worker End (ms): Min: 7934449.7, Avg: 7934449.8, Max: 7934449.8, Diff: 0.0]
   [Code Root Fixup: 0.5 ms]
   [Code Root Migration: 0.0 ms]
   [Clear CT: 0.5 ms]
   [Other: 6.0 ms]
      [Choose CSet: 0.0 ms]
      [Ref Proc: 2.4 ms]
      [Ref Enq: 0.2 ms]
      [Free CSet: 0.5 ms]
   [Eden: 182.0M(182.0M)->0.0B(246.0M) Survivors: 22.0M->20.0M Heap: 1698.0M(4096.0M)->1531.0M(4096.0M)]
 [Times: user=0.29 sys=0.00, real=0.15 secs] 
2016-08-30T15:48:13.438+0200: 7943.572: [GC pause (young), 0.1621420 secs]
   [Parallel Time: 156.2 ms, GC Workers: 2]
      [GC Worker Start (ms): Min: 7943573.6, Avg: 7943573.6, Max: 7943573.7, Diff: 0.1]
      [Ext Root Scanning (ms): Min: 50.0, Avg: 50.7, Max: 51.3, Diff: 1.3, Sum: 101.4]
      [Update RS (ms): Min: 52.7, Avg: 52.9, Max: 53.0, Diff: 0.3, Sum: 105.8]
         [Processed Buffers: Min: 348, Avg: 441.5, Max: 535, Diff: 187, Sum: 883]
      [Scan RS (ms): Min: 6.9, Avg: 7.0, Max: 7.1, Diff: 0.2, Sum: 14.0]
      [Code Root Scanning (ms): Min: 0.1, Avg: 0.1, Max: 0.1, Diff: 0.0, Sum: 0.2]
      [Object Copy (ms): Min: 44.7, Avg: 45.3, Max: 45.9, Diff: 1.2, Sum: 90.6]
      [Termination (ms): Min: 0.0, Avg: 0.0, Max: 0.0, Diff: 0.0, Sum: 0.0]
      [GC Worker Other (ms): Min: 0.1, Avg: 0.1, Max: 0.1, Diff: 0.0, Sum: 0.3]
      [GC Worker Total (ms): Min: 156.1, Avg: 156.1, Max: 156.1, Diff: 0.1, Sum: 312.2]
      [GC Worker End (ms): Min: 7943729.7, Avg: 7943729.8, Max: 7943729.8, Diff: 0.0]
   [Code Root Fixup: 0.2 ms]
   [Code Root Migration: 0.0 ms]
   [Clear CT: 0.4 ms]
   [Other: 5.3 ms]
      [Choose CSet: 0.0 ms]
      [Ref Proc: 1.9 ms]
      [Ref Enq: 0.1 ms]
      [Free CSet: 0.5 ms]
   [Eden: 246.0M(246.0M)->0.0B(256.0M) Survivors: 20.0M->30.0M Heap: 1777.0M(4096.0M)->1559.0M(4096.0M)]
 [Times: user=0.30 sys=0.00, real=0.17 secs] 
2016-08-30T15:48:23.479+0200: 7953.614: [GC pause (young), 0.1719410 secs]
   [Parallel Time: 163.5 ms, GC Workers: 2]
      [GC Worker Start (ms): Min: 7953615.6, Avg: 7953615.6, Max: 7953615.6, Diff: 0.0]
      [Ext Root Scanning (ms): Min: 52.4, Avg: 58.6, Max: 64.8, Diff: 12.5, Sum: 117.2]
      [Update RS (ms): Min: 39.9, Avg: 46.4, Max: 53.0, Diff: 13.2, Sum: 92.9]
         [Processed Buffers: Min: 372, Avg: 418.5, Max: 465, Diff: 93, Sum: 837]
      [Scan RS (ms): Min: 8.9, Avg: 9.2, Max: 9.5, Diff: 0.6, Sum: 18.4]
      [Code Root Scanning (ms): Min: 0.0, Avg: 0.1, Max: 0.1, Diff: 0.1, Sum: 0.2]
      [Object Copy (ms): Min: 48.9, Avg: 48.9, Max: 48.9, Diff: 0.0, Sum: 97.9]
      [Termination (ms): Min: 0.0, Avg: 0.0, Max: 0.0, Diff: 0.0, Sum: 0.0]
      [GC Worker Other (ms): Min: 0.1, Avg: 0.1, Max: 0.2, Diff: 0.0, Sum: 0.3]
      [GC Worker Total (ms): Min: 163.4, Avg: 163.4, Max: 163.5, Diff: 0.0, Sum: 326.9]
      [GC Worker End (ms): Min: 7953779.1, Avg: 7953779.1, Max: 7953779.1, Diff: 0.0]
   [Code Root Fixup: 0.7 ms]
   [Code Root Migration: 0.0 ms]
   [Clear CT: 0.5 ms]
   [Other: 7.2 ms]
      [Choose CSet: 0.0 ms]
      [Ref Proc: 3.4 ms]
      [Ref Enq: 0.2 ms]
      [Free CSet: 0.5 ms]
   [Eden: 256.0M(256.0M)->0.0B(298.0M) Survivors: 30.0M->26.0M Heap: 1815.0M(4096.0M)->1577.0M(4096.0M)]
 [Times: user=0.32 sys=0.00, real=0.18 secs] 
2016-08-30T15:48:34.258+0200: 7964.393: [GC pause (young), 0.1696970 secs]
   [Parallel Time: 161.0 ms, GC Workers: 2]
      [GC Worker Start (ms): Min: 7964394.5, Avg: 7964394.5, Max: 7964394.5, Diff: 0.0]
      [Ext Root Scanning (ms): Min: 50.8, Avg: 51.9, Max: 53.0, Diff: 2.2, Sum: 103.8]
      [Update RS (ms): Min: 48.2, Avg: 49.0, Max: 49.7, Diff: 1.4, Sum: 97.9]
         [Processed Buffers: Min: 441, Avg: 446.5, Max: 452, Diff: 11, Sum: 893]
      [Scan RS (ms): Min: 9.2, Avg: 9.4, Max: 9.6, Diff: 0.4, Sum: 18.7]
      [Code Root Scanning (ms): Min: 0.1, Avg: 0.1, Max: 0.1, Diff: 0.0, Sum: 0.2]
      [Object Copy (ms): Min: 50.3, Avg: 50.4, Max: 50.5, Diff: 0.3, Sum: 100.8]
      [Termination (ms): Min: 0.0, Avg: 0.0, Max: 0.0, Diff: 0.0, Sum: 0.0]
      [GC Worker Other (ms): Min: 0.1, Avg: 0.1, Max: 0.2, Diff: 0.0, Sum: 0.3]
      [GC Worker Total (ms): Min: 160.9, Avg: 160.9, Max: 160.9, Diff: 0.0, Sum: 321.7]
      [GC Worker End (ms): Min: 7964555.4, Avg: 7964555.4, Max: 7964555.4, Diff: 0.0]
   [Code Root Fixup: 0.5 ms]
   [Code Root Migration: 0.1 ms]
   [Clear CT: 0.5 ms]
   [Other: 7.6 ms]
      [Choose CSet: 0.0 ms]
      [Ref Proc: 3.6 ms]
      [Ref Enq: 0.3 ms]
      [Free CSet: 0.7 ms]
   [Eden: 286.0M(214.0M)->0.0B(326.0M) Survivors: 26.0M->28.0M Heap: 1863.0M(4096.0M)->1598.0M(4096.0M)]
 [Times: user=0.33 sys=0.00, real=0.17 secs] 
2016-08-30T15:48:45.319+0200: 7975.453: [GC pause (young), 0.1703630 secs]
   [Parallel Time: 163.4 ms, GC Workers: 2]
      [GC Worker Start (ms): Min: 7975454.9, Avg: 7975454.9, Max: 7975455.0, Diff: 0.1]
      [Ext Root Scanning (ms): Min: 51.3, Avg: 51.5, Max: 51.8, Diff: 0.4, Sum: 103.1]
      [Update RS (ms): Min: 50.1, Avg: 50.4, Max: 50.8, Diff: 0.7, Sum: 100.9]
         [Processed Buffers: Min: 431, Avg: 459.0, Max: 487, Diff: 56, Sum: 918]
      [Scan RS (ms): Min: 8.9, Avg: 9.1, Max: 9.3, Diff: 0.4, Sum: 18.2]
      [Code Root Scanning (ms): Min: 0.1, Avg: 0.1, Max: 0.1, Diff: 0.1, Sum: 0.2]
      [Object Copy (ms): Min: 51.6, Avg: 52.0, Max: 52.3, Diff: 0.7, Sum: 103.9]
      [Termination (ms): Min: 0.0, Avg: 0.0, Max: 0.0, Diff: 0.0, Sum: 0.0]
      [GC Worker Other (ms): Min: 0.1, Avg: 0.1, Max: 0.2, Diff: 0.1, Sum: 0.2]
      [GC Worker Total (ms): Min: 163.2, Avg: 163.3, Max: 163.3, Diff: 0.1, Sum: 326.5]
      [GC Worker End (ms): Min: 7975618.2, Avg: 7975618.2, Max: 7975618.2, Diff: 0.0]
   [Code Root Fixup: 0.2 ms]
   [Code Root Migration: 0.0 ms]
   [Clear CT: 0.4 ms]
   [Other: 6.3 ms]
      [Choose CSet: 0.0 ms]
      [Ref Proc: 2.5 ms]
      [Ref Enq: 0.2 ms]
      [Free CSet: 0.5 ms]
   [Eden: 306.0M(234.0M)->0.0B(334.0M) Survivors: 28.0M->34.0M Heap: 1904.0M(4096.0M)->1627.0M(4096.0M)]
 [Times: user=0.33 sys=0.01, real=0.17 secs] 
2016-08-30T15:48:54.584+0200: 7984.718: [GC pause (young), 0.1554110 secs]
   [Parallel Time: 149.5 ms, GC Workers: 2]
      [GC Worker Start (ms): Min: 7984719.9, Avg: 7984720.0, Max: 7984720.0, Diff: 0.0]
      [Ext Root Scanning (ms): Min: 51.1, Avg: 52.2, Max: 53.3, Diff: 2.2, Sum: 104.4]
      [Update RS (ms): Min: 43.2, Avg: 43.9, Max: 44.6, Diff: 1.4, Sum: 87.8]
         [Processed Buffers: Min: 419, Avg: 439.5, Max: 460, Diff: 41, Sum: 879]
      [Scan RS (ms): Min: 9.7, Avg: 10.0, Max: 10.3, Diff: 0.5, Sum: 20.0]
      [Code Root Scanning (ms): Min: 0.1, Avg: 0.1, Max: 0.1, Diff: 0.0, Sum: 0.2]
      [Object Copy (ms): Min: 42.4, Avg: 43.0, Max: 43.7, Diff: 1.3, Sum: 86.1]
      [Termination (ms): Min: 0.0, Avg: 0.0, Max: 0.0, Diff: 0.0, Sum: 0.0]
      [GC Worker Other (ms): Min: 0.1, Avg: 0.1, Max: 0.1, Diff: 0.0, Sum: 0.3]
      [GC Worker Total (ms): Min: 149.3, Avg: 149.4, Max: 149.4, Diff: 0.0, Sum: 298.7]
      [GC Worker End (ms): Min: 7984869.3, Avg: 7984869.3, Max: 7984869.3, Diff: 0.0]
   [Code Root Fixup: 0.3 ms]
   [Code Root Migration: 0.0 ms]
   [Clear CT: 0.4 ms]
   [Other: 5.2 ms]
      [Choose CSet: 0.0 ms]
      [Ref Proc: 1.8 ms]
      [Ref Enq: 0.1 ms]
      [Free CSet: 0.5 ms]
   [Eden: 230.0M(230.0M)->0.0B(404.0M) Survivors: 34.0M->24.0M Heap: 1857.0M(4096.0M)->1645.0M(4096.0M)]
 [Times: user=0.30 sys=0.00, real=0.16 secs] 
2016-08-30T15:49:08.278+0200: 7998.412: [GC pause (young), 0.1716380 secs]
   [Parallel Time: 162.6 ms, GC Workers: 2]
      [GC Worker Start (ms): Min: 7998414.2, Avg: 7998414.2, Max: 7998414.3, Diff: 0.0]
      [Ext Root Scanning (ms): Min: 51.4, Avg: 51.5, Max: 51.5, Diff: 0.1, Sum: 103.0]
      [Update RS (ms): Min: 49.5, Avg: 50.1, Max: 50.8, Diff: 1.3, Sum: 100.2]
         [Processed Buffers: Min: 399, Avg: 411.5, Max: 424, Diff: 25, Sum: 823]
      [Scan RS (ms): Min: 9.3, Avg: 9.5, Max: 9.7, Diff: 0.4, Sum: 19.0]
      [Code Root Scanning (ms): Min: 0.1, Avg: 0.1, Max: 0.1, Diff: 0.1, Sum: 0.2]
      [Object Copy (ms): Min: 50.6, Avg: 51.1, Max: 51.7, Diff: 1.1, Sum: 102.3]
      [Termination (ms): Min: 0.0, Avg: 0.0, Max: 0.0, Diff: 0.0, Sum: 0.0]
      [GC Worker Other (ms): Min: 0.1, Avg: 0.1, Max: 0.1, Diff: 0.1, Sum: 0.2]
      [GC Worker Total (ms): Min: 162.5, Avg: 162.5, Max: 162.5, Diff: 0.0, Sum: 325.0]
      [GC Worker End (ms): Min: 7998576.7, Avg: 7998576.7, Max: 7998576.7, Diff: 0.0]
   [Code Root Fixup: 0.4 ms]
   [Code Root Migration: 0.1 ms]
   [Clear CT: 0.5 ms]
   [Other: 8.1 ms]
      [Choose CSet: 0.0 ms]
      [Ref Proc: 3.9 ms]
      [Ref Enq: 0.3 ms]
      [Free CSet: 0.9 ms]
   [Eden: 322.0M(322.0M)->0.0B(328.0M) Survivors: 24.0M->42.0M Heap: 1967.0M(4096.0M)->1664.0M(4096.0M)]
 [Times: user=0.33 sys=0.01, real=0.18 secs] 
2016-08-30T15:49:15.044+0200: 8005.178: [GC pause (young), 0.2266170 secs]
   [Parallel Time: 220.4 ms, GC Workers: 2]
      [GC Worker Start (ms): Min: 8005180.0, Avg: 8005180.0, Max: 8005180.1, Diff: 0.0]
      [Ext Root Scanning (ms): Min: 73.8, Avg: 74.5, Max: 75.2, Diff: 1.4, Sum: 149.0]
      [Update RS (ms): Min: 58.5, Avg: 58.6, Max: 58.7, Diff: 0.2, Sum: 117.2]
         [Processed Buffers: Min: 377, Avg: 395.5, Max: 414, Diff: 37, Sum: 791]
      [Scan RS (ms): Min: 16.5, Avg: 16.7, Max: 17.0, Diff: 0.6, Sum: 33.5]
      [Code Root Scanning (ms): Min: 0.1, Avg: 0.1, Max: 0.2, Diff: 0.1, Sum: 0.2]
      [Object Copy (ms): Min: 69.9, Avg: 70.2, Max: 70.5, Diff: 0.6, Sum: 140.4]
      [Termination (ms): Min: 0.0, Avg: 0.0, Max: 0.0, Diff: 0.0, Sum: 0.0]
      [GC Worker Other (ms): Min: 0.1, Avg: 0.1, Max: 0.2, Diff: 0.0, Sum: 0.3]
      [GC Worker Total (ms): Min: 220.3, Avg: 220.3, Max: 220.3, Diff: 0.0, Sum: 440.5]
      [GC Worker End (ms): Min: 8005400.3, Avg: 8005400.3, Max: 8005400.3, Diff: 0.0]
   [Code Root Fixup: 0.4 ms]
   [Code Root Migration: 0.0 ms]
   [Clear CT: 0.5 ms]
   [Other: 5.3 ms]
      [Choose CSet: 0.0 ms]
      [Ref Proc: 1.8 ms]
      [Ref Enq: 0.1 ms]
      [Free CSet: 0.4 ms]
   [Eden: 228.0M(228.0M)->0.0B(194.0M) Survivors: 42.0M->34.0M Heap: 1892.0M(4096.0M)->1693.0M(4096.0M)]
 [Times: user=0.44 sys=0.00, real=0.23 secs] 
2016-08-30T15:49:22.627+0200: 8012.762: [GC pause (young), 0.1507050 secs]
   [Parallel Time: 143.5 ms, GC Workers: 2]
      [GC Worker Start (ms): Min: 8012763.3, Avg: 8012763.3, Max: 8012763.3, Diff: 0.0]
      [Ext Root Scanning (ms): Min: 49.4, Avg: 50.2, Max: 50.9, Diff: 1.4, Sum: 100.3]
      [Update RS (ms): Min: 39.7, Avg: 40.3, Max: 40.9, Diff: 1.2, Sum: 80.6]
         [Processed Buffers: Min: 375, Avg: 375.0, Max: 375, Diff: 0, Sum: 750]
      [Scan RS (ms): Min: 7.7, Avg: 8.5, Max: 9.2, Diff: 1.5, Sum: 16.9]
      [Code Root Scanning (ms): Min: 0.1, Avg: 0.1, Max: 0.1, Diff: 0.0, Sum: 0.1]
      [Object Copy (ms): Min: 43.7, Avg: 44.3, Max: 44.8, Diff: 1.1, Sum: 88.5]
      [Termination (ms): Min: 0.0, Avg: 0.0, Max: 0.0, Diff: 0.0, Sum: 0.0]
      [GC Worker Other (ms): Min: 0.1, Avg: 0.1, Max: 0.2, Diff: 0.1, Sum: 0.3]
      [GC Worker Total (ms): Min: 143.4, Avg: 143.4, Max: 143.5, Diff: 0.0, Sum: 286.9]
      [GC Worker End (ms): Min: 8012906.7, Avg: 8012906.7, Max: 8012906.7, Diff: 0.0]
   [Code Root Fixup: 0.5 ms]
   [Code Root Migration: 0.0 ms]
   [Clear CT: 0.5 ms]
   [Other: 6.1 ms]
      [Choose CSet: 0.0 ms]
      [Ref Proc: 2.3 ms]
      [Ref Enq: 0.2 ms]
      [Free CSet: 0.5 ms]
   [Eden: 194.0M(194.0M)->0.0B(406.0M) Survivors: 34.0M->18.0M Heap: 1887.0M(4096.0M)->1706.0M(4096.0M)]
 [Times: user=0.29 sys=0.00, real=0.15 secs] 
2016-08-30T15:49:36.510+0200: 8026.644: [GC pause (young), 0.2708020 secs]
   [Parallel Time: 264.0 ms, GC Workers: 2]
      [GC Worker Start (ms): Min: 8026645.9, Avg: 8026647.6, Max: 8026649.2, Diff: 3.3]
      [Ext Root Scanning (ms): Min: 101.7, Avg: 103.8, Max: 105.9, Diff: 4.2, Sum: 207.7]
      [Update RS (ms): Min: 96.1, Avg: 96.5, Max: 97.0, Diff: 0.9, Sum: 193.1]
         [Processed Buffers: Min: 412, Avg: 419.0, Max: 426, Diff: 14, Sum: 838]
      [Scan RS (ms): Min: 10.0, Avg: 10.4, Max: 10.8, Diff: 0.8, Sum: 20.8]
      [Code Root Scanning (ms): Min: 0.0, Avg: 0.1, Max: 0.1, Diff: 0.1, Sum: 0.1]
      [Object Copy (ms): Min: 50.7, Avg: 51.3, Max: 51.9, Diff: 1.2, Sum: 102.6]
      [Termination (ms): Min: 0.0, Avg: 0.1, Max: 0.1, Diff: 0.1, Sum: 0.1]
      [GC Worker Other (ms): Min: 0.1, Avg: 0.1, Max: 0.2, Diff: 0.1, Sum: 0.2]
      [GC Worker Total (ms): Min: 260.6, Avg: 262.3, Max: 264.0, Diff: 3.4, Sum: 524.6]
      [GC Worker End (ms): Min: 8026909.8, Avg: 8026909.8, Max: 8026909.8, Diff: 0.0]
   [Code Root Fixup: 0.2 ms]
   [Code Root Migration: 0.0 ms]
   [Clear CT: 0.5 ms]
   [Other: 6.0 ms]
      [Choose CSet: 0.0 ms]
      [Ref Proc: 2.6 ms]
      [Ref Enq: 0.2 ms]
      [Free CSet: 0.5 ms]
   [Eden: 322.0M(322.0M)->0.0B(164.0M) Survivors: 18.0M->40.0M Heap: 2028.0M(4096.0M)->1728.0M(4096.0M)]
 [Times: user=0.27 sys=0.01, real=0.27 secs] 
2016-08-30T15:49:41.319+0200: 8031.453: [GC pause (young), 0.1644100 secs]
   [Parallel Time: 159.1 ms, GC Workers: 2]
      [GC Worker Start (ms): Min: 8031454.6, Avg: 8031455.8, Max: 8031456.9, Diff: 2.3]
      [Ext Root Scanning (ms): Min: 57.8, Avg: 61.1, Max: 64.4, Diff: 6.6, Sum: 122.1]
      [Update RS (ms): Min: 31.4, Avg: 36.0, Max: 40.5, Diff: 9.1, Sum: 71.9]
         [Processed Buffers: Min: 328, Avg: 329.0, Max: 330, Diff: 2, Sum: 658]
      [Scan RS (ms): Min: 11.1, Avg: 11.4, Max: 11.6, Diff: 0.4, Sum: 22.7]
      [Code Root Scanning (ms): Min: 0.0, Avg: 0.1, Max: 0.1, Diff: 0.1, Sum: 0.1]
      [Object Copy (ms): Min: 47.2, Avg: 49.4, Max: 51.5, Diff: 4.2, Sum: 98.7]
      [Termination (ms): Min: 0.0, Avg: 0.0, Max: 0.0, Diff: 0.0, Sum: 0.0]
      [GC Worker Other (ms): Min: 0.1, Avg: 0.1, Max: 0.1, Diff: 0.0, Sum: 0.3]
      [GC Worker Total (ms): Min: 156.8, Avg: 158.0, Max: 159.1, Diff: 2.3, Sum: 315.9]
      [GC Worker End (ms): Min: 8031613.7, Avg: 8031613.7, Max: 8031613.7, Diff: 0.0]
   [Code Root Fixup: 0.4 ms]
   [Code Root Migration: 0.0 ms]
   [Clear CT: 0.4 ms]
   [Other: 4.5 ms]
      [Choose CSet: 0.0 ms]
      [Ref Proc: 1.3 ms]
      [Ref Enq: 0.1 ms]
      [Free CSet: 0.4 ms]
   [Eden: 164.0M(164.0M)->0.0B(186.0M) Survivors: 40.0M->18.0M Heap: 1892.0M(4096.0M)->1741.0M(4096.0M)]
 [Times: user=0.29 sys=0.01, real=0.16 secs] 
2016-08-30T15:49:47.594+0200: 8037.728: [GC pause (young), 0.1643790 secs]
   [Parallel Time: 158.3 ms, GC Workers: 2]
      [GC Worker Start (ms): Min: 8037730.4, Avg: 8037730.4, Max: 8037730.4, Diff: 0.0]
      [Ext Root Scanning (ms): Min: 41.3, Avg: 52.3, Max: 63.2, Diff: 21.9, Sum: 104.5]
      [Update RS (ms): Min: 45.0, Avg: 51.5, Max: 58.0, Diff: 13.1, Sum: 103.0]
         [Processed Buffers: Min: 330, Avg: 416.5, Max: 503, Diff: 173, Sum: 833]
      [Scan RS (ms): Min: 5.3, Avg: 7.7, Max: 10.0, Diff: 4.8, Sum: 15.3]
      [Code Root Scanning (ms): Min: 0.0, Avg: 0.0, Max: 0.0, Diff: 0.0, Sum: 0.1]
      [Object Copy (ms): Min: 44.7, Avg: 46.8, Max: 48.8, Diff: 4.1, Sum: 93.5]
      [Termination (ms): Min: 0.0, Avg: 0.0, Max: 0.0, Diff: 0.0, Sum: 0.0]
      [GC Worker Other (ms): Min: 0.1, Avg: 0.1, Max: 0.1, Diff: 0.0, Sum: 0.2]
      [GC Worker Total (ms): Min: 158.3, Avg: 158.3, Max: 158.3, Diff: 0.0, Sum: 316.6]
      [GC Worker End (ms): Min: 8037888.7, Avg: 8037888.7, Max: 8037888.7, Diff: 0.0]
   [Code Root Fixup: 0.3 ms]
   [Code Root Migration: 0.0 ms]
   [Clear CT: 0.8 ms]
   [Other: 5.0 ms]
      [Choose CSet: 0.0 ms]
      [Ref Proc: 1.3 ms]
      [Ref Enq: 0.1 ms]
      [Free CSet: 0.3 ms]
   [Eden: 186.0M(186.0M)->0.0B(180.0M) Survivors: 18.0M->24.0M Heap: 1927.0M(4096.0M)->1763.0M(4096.0M)]
 [Times: user=0.16 sys=0.00, real=0.17 secs] 
2016-08-30T15:49:54.367+0200: 8044.502: [GC pause (young), 0.1502220 secs]
   [Parallel Time: 142.7 ms, GC Workers: 2]
      [GC Worker Start (ms): Min: 8044503.5, Avg: 8044503.6, Max: 8044503.6, Diff: 0.0]
      [Ext Root Scanning (ms): Min: 49.6, Avg: 50.3, Max: 51.0, Diff: 1.4, Sum: 100.6]
      [Update RS (ms): Min: 38.9, Avg: 39.2, Max: 39.5, Diff: 0.6, Sum: 78.4]
         [Processed Buffers: Min: 341, Avg: 374.0, Max: 407, Diff: 66, Sum: 748]
      [Scan RS (ms): Min: 7.8, Avg: 8.0, Max: 8.1, Diff: 0.2, Sum: 15.9]
      [Code Root Scanning (ms): Min: 0.0, Avg: 0.1, Max: 0.1, Diff: 0.1, Sum: 0.1]
      [Object Copy (ms): Min: 44.8, Avg: 45.0, Max: 45.3, Diff: 0.5, Sum: 90.0]
      [Termination (ms): Min: 0.0, Avg: 0.0, Max: 0.0, Diff: 0.0, Sum: 0.0]
      [GC Worker Other (ms): Min: 0.1, Avg: 0.1, Max: 0.2, Diff: 0.1, Sum: 0.3]
      [GC Worker Total (ms): Min: 142.6, Avg: 142.7, Max: 142.7, Diff: 0.0, Sum: 285.3]
      [GC Worker End (ms): Min: 8044646.2, Avg: 8044646.2, Max: 8044646.2, Diff: 0.0]
   [Code Root Fixup: 0.5 ms]
   [Code Root Migration: 0.0 ms]
   [Clear CT: 0.7 ms]
   [Other: 6.3 ms]
      [Choose CSet: 0.0 ms]
      [Ref Proc: 2.3 ms]
      [Ref Enq: 0.4 ms]
      [Free CSet: 0.5 ms]
   [Eden: 180.0M(180.0M)->0.0B(320.0M) Survivors: 24.0M->18.0M Heap: 1943.0M(4096.0M)->1777.0M(4096.0M)]
 [Times: user=0.28 sys=0.00, real=0.15 secs] 
2016-08-30T15:50:05.923+0200: 8056.058: [GC pause (young), 0.1718290 secs]
   [Parallel Time: 162.6 ms, GC Workers: 2]
      [GC Worker Start (ms): Min: 8056059.4, Avg: 8056059.8, Max: 8056060.3, Diff: 0.9]
      [Ext Root Scanning (ms): Min: 50.6, Avg: 50.7, Max: 50.7, Diff: 0.1, Sum: 101.3]
      [Update RS (ms): Min: 52.0, Avg: 52.4, Max: 52.9, Diff: 0.9, Sum: 104.9]
         [Processed Buffers: Min: 421, Avg: 450.0, Max: 479, Diff: 58, Sum: 900]
      [Scan RS (ms): Min: 7.2, Avg: 7.4, Max: 7.6, Diff: 0.4, Sum: 14.8]
      [Code Root Scanning (ms): Min: 0.1, Avg: 0.1, Max: 0.1, Diff: 0.0, Sum: 0.2]
      [Object Copy (ms): Min: 51.2, Avg: 51.3, Max: 51.5, Diff: 0.4, Sum: 102.7]
      [Termination (ms): Min: 0.0, Avg: 0.0, Max: 0.0, Diff: 0.0, Sum: 0.0]
      [GC Worker Other (ms): Min: 0.1, Avg: 0.1, Max: 0.2, Diff: 0.0, Sum: 0.3]
      [GC Worker Total (ms): Min: 161.6, Avg: 162.1, Max: 162.5, Diff: 0.9, Sum: 324.2]
      [GC Worker End (ms): Min: 8056221.9, Avg: 8056221.9, Max: 8056221.9, Diff: 0.0]
   [Code Root Fixup: 0.4 ms]
   [Code Root Migration: 0.1 ms]
   [Clear CT: 0.9 ms]
   [Other: 7.9 ms]
      [Choose CSet: 0.0 ms]
      [Ref Proc: 4.3 ms]
      [Ref Enq: 0.2 ms]
      [Free CSet: 0.6 ms]
   [Eden: 320.0M(320.0M)->0.0B(216.0M) Survivors: 18.0M->44.0M Heap: 2097.0M(4096.0M)->1805.0M(4096.0M)]
 [Times: user=0.33 sys=0.00, real=0.17 secs] 
2016-08-30T15:50:11.305+0200: 8061.439: [GC pause (young), 0.1675590 secs]
   [Parallel Time: 162.2 ms, GC Workers: 2]
      [GC Worker Start (ms): Min: 8061441.0, Avg: 8061441.1, Max: 8061441.1, Diff: 0.0]
      [Ext Root Scanning (ms): Min: 52.5, Avg: 53.8, Max: 55.0, Diff: 2.5, Sum: 107.5]
      [Update RS (ms): Min: 41.6, Avg: 43.0, Max: 44.5, Diff: 2.9, Sum: 86.0]
         [Processed Buffers: Min: 277, Avg: 366.0, Max: 455, Diff: 178, Sum: 732]
      [Scan RS (ms): Min: 12.1, Avg: 12.3, Max: 12.4, Diff: 0.3, Sum: 24.5]
      [Code Root Scanning (ms): Min: 0.0, Avg: 0.1, Max: 0.1, Diff: 0.0, Sum: 0.1]
      [Object Copy (ms): Min: 52.8, Avg: 52.8, Max: 52.9, Diff: 0.1, Sum: 105.6]
      [Termination (ms): Min: 0.0, Avg: 0.0, Max: 0.0, Diff: 0.0, Sum: 0.0]
      [GC Worker Other (ms): Min: 0.1, Avg: 0.1, Max: 0.1, Diff: 0.0, Sum: 0.3]
      [GC Worker Total (ms): Min: 162.1, Avg: 162.1, Max: 162.1, Diff: 0.0, Sum: 324.1]
      [GC Worker End (ms): Min: 8061603.1, Avg: 8061603.1, Max: 8061603.1, Diff: 0.0]
   [Code Root Fixup: 0.3 ms]
   [Code Root Migration: 0.0 ms]
   [Clear CT: 0.4 ms]
   [Other: 4.7 ms]
      [Choose CSet: 0.0 ms]
      [Ref Proc: 1.2 ms]
      [Ref Enq: 0.1 ms]
      [Free CSet: 0.4 ms]
   [Eden: 160.0M(160.0M)->0.0B(518.0M) Survivors: 44.0M->14.0M Heap: 1965.0M(4096.0M)->1813.0M(4096.0M)]
 [Times: user=0.31 sys=0.01, real=0.17 secs] 
2016-08-30T15:50:28.340+0200: 8078.474: [GC pause (young), 0.1781840 secs]
   [Parallel Time: 164.8 ms, GC Workers: 2]
      [GC Worker Start (ms): Min: 8078476.1, Avg: 8078476.1, Max: 8078476.1, Diff: 0.0]
      [Ext Root Scanning (ms): Min: 49.8, Avg: 50.6, Max: 51.5, Diff: 1.7, Sum: 101.2]
      [Update RS (ms): Min: 57.7, Avg: 57.7, Max: 57.8, Diff: 0.1, Sum: 115.4]
         [Processed Buffers: Min: 431, Avg: 443.5, Max: 456, Diff: 25, Sum: 887]
      [Scan RS (ms): Min: 9.2, Avg: 9.4, Max: 9.5, Diff: 0.4, Sum: 18.7]
      [Code Root Scanning (ms): Min: 0.1, Avg: 0.1, Max: 0.2, Diff: 0.0, Sum: 0.3]
      [Object Copy (ms): Min: 45.8, Avg: 46.4, Max: 47.0, Diff: 1.2, Sum: 92.7]
      [Termination (ms): Min: 0.0, Avg: 0.0, Max: 0.0, Diff: 0.0, Sum: 0.0]
      [GC Worker Other (ms): Min: 0.5, Avg: 0.5, Max: 0.5, Diff: 0.1, Sum: 1.0]
      [GC Worker Total (ms): Min: 164.7, Avg: 164.7, Max: 164.7, Diff: 0.0, Sum: 329.4]
      [GC Worker End (ms): Min: 8078640.9, Avg: 8078640.9, Max: 8078640.9, Diff: 0.0]
   [Code Root Fixup: 0.3 ms]
   [Code Root Migration: 0.1 ms]
   [Clear CT: 0.5 ms]
   [Other: 12.6 ms]
      [Choose CSet: 0.0 ms]
      [Ref Proc: 8.9 ms]
      [Ref Enq: 0.2 ms]
      [Free CSet: 0.7 ms]
   [Eden: 400.0M(386.0M)->0.0B(252.0M) Survivors: 14.0M->50.0M Heap: 2213.0M(4096.0M)->1851.0M(4096.0M)]
 [Times: user=0.34 sys=0.00, real=0.18 secs] 
2016-08-30T15:50:33.461+0200: 8083.596: [GC pause (young), 0.1572830 secs]
   [Parallel Time: 152.2 ms, GC Workers: 2]
      [GC Worker Start (ms): Min: 8083597.0, Avg: 8083597.0, Max: 8083597.1, Diff: 0.1]
      [Ext Root Scanning (ms): Min: 50.6, Avg: 57.4, Max: 64.2, Diff: 13.6, Sum: 114.8]
      [Update RS (ms): Min: 27.5, Avg: 34.1, Max: 40.7, Diff: 13.2, Sum: 68.2]
         [Processed Buffers: Min: 251, Avg: 307.5, Max: 364, Diff: 113, Sum: 615]
      [Scan RS (ms): Min: 13.1, Avg: 13.3, Max: 13.4, Diff: 0.3, Sum: 26.5]
      [Code Root Scanning (ms): Min: 0.1, Avg: 0.1, Max: 0.1, Diff: 0.0, Sum: 0.1]
      [Object Copy (ms): Min: 47.1, Avg: 47.1, Max: 47.2, Diff: 0.1, Sum: 94.3]
      [Termination (ms): Min: 0.0, Avg: 0.0, Max: 0.0, Diff: 0.0, Sum: 0.0]
      [GC Worker Other (ms): Min: 0.1, Avg: 0.1, Max: 0.2, Diff: 0.0, Sum: 0.3]
      [GC Worker Total (ms): Min: 152.0, Avg: 152.1, Max: 152.1, Diff: 0.1, Sum: 304.2]
      [GC Worker End (ms): Min: 8083749.1, Avg: 8083749.1, Max: 8083749.1, Diff: 0.0]
   [Code Root Fixup: 0.3 ms]
   [Code Root Migration: 0.0 ms]
   [Clear CT: 0.4 ms]
   [Other: 4.4 ms]
      [Choose CSet: 0.0 ms]
      [Ref Proc: 1.3 ms]
      [Ref Enq: 0.1 ms]
      [Free CSet: 0.4 ms]
   [Eden: 154.0M(154.0M)->0.0B(544.0M) Survivors: 50.0M->18.0M Heap: 2005.0M(4096.0M)->1862.0M(4096.0M)]
 [Times: user=0.29 sys=0.00, real=0.16 secs] 
2016-08-30T15:50:51.475+0200: 8101.609: [GC pause (young) (initial-mark), 0.2320850 secs]
   [Parallel Time: 218.9 ms, GC Workers: 2]
      [GC Worker Start (ms): Min: 8101611.7, Avg: 8101613.3, Max: 8101615.0, Diff: 3.3]
      [Ext Root Scanning (ms): Min: 55.3, Avg: 55.9, Max: 56.5, Diff: 1.2, Sum: 111.9]
      [Code Root Marking (ms): Min: 10.8, Avg: 12.9, Max: 15.0, Diff: 4.2, Sum: 25.8]
      [Update RS (ms): Min: 60.9, Avg: 61.5, Max: 62.0, Diff: 1.1, Sum: 122.9]
         [Processed Buffers: Min: 471, Avg: 481.5, Max: 492, Diff: 21, Sum: 963]
      [Scan RS (ms): Min: 8.8, Avg: 9.0, Max: 9.1, Diff: 0.3, Sum: 17.9]
      [Code Root Scanning (ms): Min: 0.1, Avg: 0.2, Max: 0.2, Diff: 0.1, Sum: 0.3]
      [Object Copy (ms): Min: 73.8, Avg: 77.2, Max: 80.7, Diff: 6.9, Sum: 154.5]
      [Termination (ms): Min: 0.0, Avg: 0.2, Max: 0.3, Diff: 0.3, Sum: 0.3]
      [GC Worker Other (ms): Min: 0.0, Avg: 0.2, Max: 0.4, Diff: 0.3, Sum: 0.4]
      [GC Worker Total (ms): Min: 215.4, Avg: 217.0, Max: 218.7, Diff: 3.2, Sum: 434.1]
      [GC Worker End (ms): Min: 8101830.3, Avg: 8101830.4, Max: 8101830.4, Diff: 0.1]
   [Code Root Fixup: 0.5 ms]
   [Code Root Migration: 0.1 ms]
   [Clear CT: 0.6 ms]
   [Other: 12.1 ms]
      [Choose CSet: 0.0 ms]
      [Ref Proc: 6.1 ms]
      [Ref Enq: 0.5 ms]
      [Free CSet: 1.1 ms]
   [Eden: 464.0M(438.0M)->0.0B(148.0M) Survivors: 18.0M->56.0M Heap: 2326.0M(4096.0M)->1900.0M(4096.0M)]
 [Times: user=0.42 sys=0.00, real=0.23 secs] 
2016-08-30T15:50:51.708+0200: 8101.842: [GC concurrent-root-region-scan-start]
2016-08-30T15:50:51.756+0200: 8101.891: [GC concurrent-root-region-scan-end, 0.0486820 secs]
2016-08-30T15:50:51.756+0200: 8101.891: [GC concurrent-mark-start]
2016-08-30T15:50:52.983+0200: 8103.118: [GC concurrent-mark-end, 1.2271450 secs]
2016-08-30T15:50:52.986+0200: 8103.120: [GC remark 2016-08-30T15:50:52.988+0200: 8103.123: [GC ref-proc, 0.0707920 secs], 0.0878970 secs]
 [Times: user=0.11 sys=0.00, real=0.08 secs] 
2016-08-30T15:50:53.081+0200: 8103.215: [GC cleanup 1954M->1884M(4096M), 0.0273180 secs]
 [Times: user=0.05 sys=0.00, real=0.03 secs] 
2016-08-30T15:50:53.109+0200: 8103.243: [GC concurrent-cleanup-start]
2016-08-30T15:50:53.109+0200: 8103.243: [GC concurrent-cleanup-end, 0.0001870 secs]
2016-08-30T15:50:56.639+0200: 8106.774: [GC pause (young), 0.1612320 secs]
   [Parallel Time: 154.5 ms, GC Workers: 2]
      [GC Worker Start (ms): Min: 8106775.0, Avg: 8106775.0, Max: 8106775.1, Diff: 0.0]
      [Ext Root Scanning (ms): Min: 50.7, Avg: 51.0, Max: 51.4, Diff: 0.7, Sum: 102.0]
      [Update RS (ms): Min: 32.8, Avg: 33.0, Max: 33.1, Diff: 0.3, Sum: 66.0]
         [Processed Buffers: Min: 286, Avg: 300.0, Max: 314, Diff: 28, Sum: 600]
      [Scan RS (ms): Min: 13.1, Avg: 13.2, Max: 13.3, Diff: 0.2, Sum: 26.5]
      [Code Root Scanning (ms): Min: 0.0, Avg: 0.1, Max: 0.1, Diff: 0.0, Sum: 0.1]
      [Object Copy (ms): Min: 56.4, Avg: 57.0, Max: 57.6, Diff: 1.2, Sum: 114.0]
      [Termination (ms): Min: 0.0, Avg: 0.0, Max: 0.0, Diff: 0.0, Sum: 0.0]
      [GC Worker Other (ms): Min: 0.1, Avg: 0.1, Max: 0.1, Diff: 0.1, Sum: 0.2]
      [GC Worker Total (ms): Min: 154.4, Avg: 154.4, Max: 154.4, Diff: 0.0, Sum: 308.8]
      [GC Worker End (ms): Min: 8106929.4, Avg: 8106929.4, Max: 8106929.4, Diff: 0.0]
   [Code Root Fixup: 0.6 ms]
   [Code Root Migration: 0.0 ms]
   [Clear CT: 0.6 ms]
   [Other: 5.5 ms]
      [Choose CSet: 0.0 ms]
      [Ref Proc: 1.8 ms]
      [Ref Enq: 0.1 ms]
      [Free CSet: 0.6 ms]
   [Eden: 148.0M(148.0M)->0.0B(188.0M) Survivors: 56.0M->16.0M Heap: 1978.0M(4096.0M)->1831.0M(4096.0M)]
 [Times: user=0.31 sys=0.00, real=0.16 secs] 
2016-08-30T15:51:03.246+0200: 8113.381: [GC pause (mixed), 0.1746160 secs]
   [Parallel Time: 165.8 ms, GC Workers: 2]
      [GC Worker Start (ms): Min: 8113382.4, Avg: 8113382.4, Max: 8113382.4, Diff: 0.0]
      [Ext Root Scanning (ms): Min: 49.7, Avg: 50.0, Max: 50.3, Diff: 0.7, Sum: 100.0]
      [Update RS (ms): Min: 37.3, Avg: 37.4, Max: 37.6, Diff: 0.3, Sum: 74.9]
         [Processed Buffers: Min: 383, Avg: 396.0, Max: 409, Diff: 26, Sum: 792]
      [Scan RS (ms): Min: 26.0, Avg: 26.3, Max: 26.5, Diff: 0.5, Sum: 52.5]
      [Code Root Scanning (ms): Min: 0.1, Avg: 0.2, Max: 0.2, Diff: 0.1, Sum: 0.4]
      [Object Copy (ms): Min: 51.6, Avg: 51.7, Max: 51.9, Diff: 0.3, Sum: 103.5]
      [Termination (ms): Min: 0.0, Avg: 0.0, Max: 0.0, Diff: 0.0, Sum: 0.0]
      [GC Worker Other (ms): Min: 0.1, Avg: 0.1, Max: 0.1, Diff: 0.0, Sum: 0.1]
      [GC Worker Total (ms): Min: 165.7, Avg: 165.7, Max: 165.7, Diff: 0.0, Sum: 331.4]
      [GC Worker End (ms): Min: 8113548.1, Avg: 8113548.1, Max: 8113548.1, Diff: 0.0]
   [Code Root Fixup: 0.4 ms]
   [Code Root Migration: 0.1 ms]
   [Clear CT: 0.8 ms]
   [Other: 7.6 ms]
      [Choose CSet: 0.2 ms]
      [Ref Proc: 2.3 ms]
      [Ref Enq: 0.2 ms]
      [Free CSet: 1.9 ms]
   [Eden: 188.0M(188.0M)->0.0B(182.0M) Survivors: 16.0M->22.0M Heap: 2019.0M(4096.0M)->1535.0M(4096.0M)]
 [Times: user=0.34 sys=0.00, real=0.17 secs] 
2016-08-30T15:51:08.904+0200: 8119.038: [GC pause (mixed), 0.2103090 secs]
   [Parallel Time: 203.2 ms, GC Workers: 2]
      [GC Worker Start (ms): Min: 8119040.0, Avg: 8119040.6, Max: 8119041.3, Diff: 1.3]
      [Ext Root Scanning (ms): Min: 48.8, Avg: 49.9, Max: 51.0, Diff: 2.3, Sum: 99.8]
      [Update RS (ms): Min: 38.4, Avg: 39.0, Max: 39.6, Diff: 1.2, Sum: 78.0]
         [Processed Buffers: Min: 393, Avg: 415.0, Max: 437, Diff: 44, Sum: 830]
      [Scan RS (ms): Min: 46.8, Avg: 47.0, Max: 47.3, Diff: 0.6, Sum: 94.1]
      [Code Root Scanning (ms): Min: 0.1, Avg: 0.2, Max: 0.2, Diff: 0.1, Sum: 0.3]
      [Object Copy (ms): Min: 66.2, Avg: 66.3, Max: 66.4, Diff: 0.2, Sum: 132.5]
      [Termination (ms): Min: 0.0, Avg: 0.0, Max: 0.0, Diff: 0.0, Sum: 0.0]
      [GC Worker Other (ms): Min: 0.1, Avg: 0.1, Max: 0.1, Diff: 0.0, Sum: 0.2]
      [GC Worker Total (ms): Min: 201.8, Avg: 202.5, Max: 203.1, Diff: 1.3, Sum: 404.9]
      [GC Worker End (ms): Min: 8119243.1, Avg: 8119243.1, Max: 8119243.1, Diff: 0.0]
   [Code Root Fixup: 0.3 ms]
   [Code Root Migration: 0.1 ms]
   [Clear CT: 0.6 ms]
   [Other: 6.3 ms]
      [Choose CSet: 0.4 ms]
      [Ref Proc: 1.8 ms]
      [Ref Enq: 0.1 ms]
      [Free CSet: 1.2 ms]
   [Eden: 182.0M(182.0M)->0.0B(186.0M) Survivors: 22.0M->18.0M Heap: 1717.0M(4096.0M)->1370.0M(4096.0M)]
 [Times: user=0.41 sys=0.01, real=0.21 secs] 
2016-08-30T15:51:14.221+0200: 8124.356: [GC pause (mixed), 0.2277330 secs]
   [Parallel Time: 220.4 ms, GC Workers: 2]
      [GC Worker Start (ms): Min: 8124358.3, Avg: 8124358.4, Max: 8124358.4, Diff: 0.1]
      [Ext Root Scanning (ms): Min: 50.6, Avg: 51.2, Max: 51.7, Diff: 1.1, Sum: 102.4]
      [Update RS (ms): Min: 40.0, Avg: 40.6, Max: 41.1, Diff: 1.2, Sum: 81.1]
         [Processed Buffers: Min: 457, Avg: 476.5, Max: 496, Diff: 39, Sum: 953]
      [Scan RS (ms): Min: 52.5, Avg: 52.9, Max: 53.2, Diff: 0.7, Sum: 105.8]
      [Code Root Scanning (ms): Min: 0.1, Avg: 0.1, Max: 0.2, Diff: 0.1, Sum: 0.2]
      [Object Copy (ms): Min: 75.0, Avg: 75.4, Max: 75.8, Diff: 0.8, Sum: 150.8]
      [Termination (ms): Min: 0.0, Avg: 0.0, Max: 0.0, Diff: 0.0, Sum: 0.0]
      [GC Worker Other (ms): Min: 0.1, Avg: 0.1, Max: 0.1, Diff: 0.0, Sum: 0.3]
      [GC Worker Total (ms): Min: 220.3, Avg: 220.3, Max: 220.3, Diff: 0.1, Sum: 440.6]
      [GC Worker End (ms): Min: 8124578.7, Avg: 8124578.7, Max: 8124578.7, Diff: 0.0]
   [Code Root Fixup: 0.3 ms]
   [Code Root Migration: 0.1 ms]
   [Clear CT: 0.6 ms]
   [Other: 6.4 ms]
      [Choose CSet: 0.7 ms]
      [Ref Proc: 1.4 ms]
      [Ref Enq: 0.1 ms]
      [Free CSet: 1.2 ms]
   [Eden: 186.0M(186.0M)->0.0B(182.0M) Survivors: 18.0M->22.0M Heap: 1556.0M(4096.0M)->1225.0M(4096.0M)]
 [Times: user=0.45 sys=0.00, real=0.23 secs] 
2016-08-30T15:51:21.219+0200: 8131.353: [GC pause (mixed), 0.3071260 secs]
   [Parallel Time: 298.3 ms, GC Workers: 2]
      [GC Worker Start (ms): Min: 8131356.0, Avg: 8131356.0, Max: 8131356.0, Diff: 0.0]
      [Ext Root Scanning (ms): Min: 50.5, Avg: 51.8, Max: 53.1, Diff: 2.7, Sum: 103.6]
      [Update RS (ms): Min: 33.6, Avg: 34.8, Max: 36.0, Diff: 2.4, Sum: 69.6]
         [Processed Buffers: Min: 436, Avg: 445.0, Max: 454, Diff: 18, Sum: 890]
      [Scan RS (ms): Min: 104.7, Avg: 105.1, Max: 105.5, Diff: 0.8, Sum: 210.2]
      [Code Root Scanning (ms): Min: 0.1, Avg: 0.2, Max: 0.2, Diff: 0.1, Sum: 0.3]
      [Object Copy (ms): Min: 105.9, Avg: 106.3, Max: 106.6, Diff: 0.6, Sum: 212.5]
      [Termination (ms): Min: 0.0, Avg: 0.0, Max: 0.0, Diff: 0.0, Sum: 0.0]
      [GC Worker Other (ms): Min: 0.1, Avg: 0.1, Max: 0.1, Diff: 0.0, Sum: 0.3]
      [GC Worker Total (ms): Min: 298.2, Avg: 298.2, Max: 298.3, Diff: 0.0, Sum: 596.5]
      [GC Worker End (ms): Min: 8131654.3, Avg: 8131654.3, Max: 8131654.3, Diff: 0.0]
   [Code Root Fixup: 0.3 ms]
   [Code Root Migration: 0.1 ms]
   [Clear CT: 0.7 ms]
   [Other: 7.8 ms]
      [Choose CSet: 1.0 ms]
      [Ref Proc: 1.5 ms]
      [Ref Enq: 0.1 ms]
      [Free CSet: 1.6 ms]
   [Eden: 182.0M(182.0M)->0.0B(190.0M) Survivors: 22.0M->14.0M Heap: 1407.0M(4096.0M)->1085.0M(4096.0M)]
 [Times: user=0.60 sys=0.00, real=0.31 secs] 
2016-08-30T15:51:28.689+0200: 8138.824: [GC pause (mixed), 0.1628710 secs]
   [Parallel Time: 156.3 ms, GC Workers: 2]
      [GC Worker Start (ms): Min: 8138825.6, Avg: 8138825.6, Max: 8138825.6, Diff: 0.0]
      [Ext Root Scanning (ms): Min: 51.7, Avg: 52.0, Max: 52.2, Diff: 0.5, Sum: 103.9]
      [Update RS (ms): Min: 38.1, Avg: 38.9, Max: 39.7, Diff: 1.5, Sum: 77.8]
         [Processed Buffers: Min: 355, Avg: 430.0, Max: 505, Diff: 150, Sum: 860]
      [Scan RS (ms): Min: 24.8, Avg: 25.1, Max: 25.4, Diff: 0.5, Sum: 50.2]
      [Code Root Scanning (ms): Min: 0.0, Avg: 0.1, Max: 0.1, Diff: 0.1, Sum: 0.1]
      [Object Copy (ms): Min: 39.8, Avg: 40.0, Max: 40.2, Diff: 0.4, Sum: 80.0]
      [Termination (ms): Min: 0.0, Avg: 0.0, Max: 0.0, Diff: 0.0, Sum: 0.0]
      [GC Worker Other (ms): Min: 0.1, Avg: 0.2, Max: 0.2, Diff: 0.0, Sum: 0.3]
      [GC Worker Total (ms): Min: 156.2, Avg: 156.2, Max: 156.2, Diff: 0.0, Sum: 312.3]
      [GC Worker End (ms): Min: 8138981.7, Avg: 8138981.7, Max: 8138981.8, Diff: 0.0]
   [Code Root Fixup: 0.3 ms]
   [Code Root Migration: 0.0 ms]
   [Clear CT: 0.8 ms]
   [Other: 5.5 ms]
      [Choose CSet: 0.1 ms]
      [Ref Proc: 1.7 ms]
      [Ref Enq: 0.1 ms]
      [Free CSet: 0.6 ms]
   [Eden: 190.0M(190.0M)->0.0B(178.0M) Survivors: 14.0M->26.0M Heap: 1275.0M(4096.0M)->1082.0M(4096.0M)]
 [Times: user=0.32 sys=0.00, real=0.17 secs] 
2016-08-30T15:51:33.863+0200: 8143.997: [GC pause (young), 0.1487920 secs]
   [Parallel Time: 142.1 ms, GC Workers: 2]
      [GC Worker Start (ms): Min: 8143998.4, Avg: 8143998.4, Max: 8143998.4, Diff: 0.0]
      [Ext Root Scanning (ms): Min: 49.7, Avg: 50.0, Max: 50.2, Diff: 0.5, Sum: 99.9]
      [Update RS (ms): Min: 34.4, Avg: 35.2, Max: 36.0, Diff: 1.6, Sum: 70.3]
         [Processed Buffers: Min: 340, Avg: 365.5, Max: 391, Diff: 51, Sum: 731]
      [Scan RS (ms): Min: 9.1, Avg: 9.9, Max: 10.7, Diff: 1.6, Sum: 19.8]
      [Code Root Scanning (ms): Min: 0.0, Avg: 0.1, Max: 0.1, Diff: 0.1, Sum: 0.2]
      [Object Copy (ms): Min: 46.4, Avg: 46.7, Max: 47.0, Diff: 0.6, Sum: 93.5]
      [Termination (ms): Min: 0.0, Avg: 0.0, Max: 0.0, Diff: 0.0, Sum: 0.0]
      [GC Worker Other (ms): Min: 0.0, Avg: 0.1, Max: 0.2, Diff: 0.1, Sum: 0.2]
      [GC Worker Total (ms): Min: 141.9, Avg: 141.9, Max: 141.9, Diff: 0.0, Sum: 283.8]
      [GC Worker End (ms): Min: 8144140.3, Avg: 8144140.3, Max: 8144140.3, Diff: 0.1]
   [Code Root Fixup: 0.4 ms]
   [Code Root Migration: 0.0 ms]
   [Clear CT: 0.4 ms]
   [Other: 5.9 ms]
      [Choose CSet: 0.0 ms]
      [Ref Proc: 2.4 ms]
      [Ref Enq: 0.2 ms]
      [Free CSet: 0.5 ms]
   [Eden: 178.0M(178.0M)->0.0B(184.0M) Survivors: 26.0M->20.0M Heap: 1260.0M(4096.0M)->1098.0M(4096.0M)]
 [Times: user=0.29 sys=0.01, real=0.15 secs] 
2016-08-30T15:51:40.341+0200: 8150.475: [GC pause (young), 0.1380850 secs]
   [Parallel Time: 132.5 ms, GC Workers: 2]
      [GC Worker Start (ms): Min: 8150476.9, Avg: 8150476.9, Max: 8150476.9, Diff: 0.0]
      [Ext Root Scanning (ms): Min: 51.7, Avg: 51.9, Max: 52.1, Diff: 0.4, Sum: 103.8]
      [Update RS (ms): Min: 35.8, Avg: 36.6, Max: 37.4, Diff: 1.6, Sum: 73.1]
         [Processed Buffers: Min: 389, Avg: 416.0, Max: 443, Diff: 54, Sum: 832]
      [Scan RS (ms): Min: 5.9, Avg: 6.4, Max: 6.9, Diff: 1.0, Sum: 12.8]
      [Code Root Scanning (ms): Min: 0.0, Avg: 0.1, Max: 0.1, Diff: 0.1, Sum: 0.1]
      [Object Copy (ms): Min: 36.7, Avg: 37.2, Max: 37.7, Diff: 0.9, Sum: 74.4]
      [Termination (ms): Min: 0.0, Avg: 0.0, Max: 0.0, Diff: 0.0, Sum: 0.0]
      [GC Worker Other (ms): Min: 0.2, Avg: 0.2, Max: 0.2, Diff: 0.0, Sum: 0.3]
      [GC Worker Total (ms): Min: 132.3, Avg: 132.3, Max: 132.3, Diff: 0.0, Sum: 264.6]
      [GC Worker End (ms): Min: 8150609.2, Avg: 8150609.2, Max: 8150609.2, Diff: 0.0]
   [Code Root Fixup: 0.4 ms]
   [Code Root Migration: 0.0 ms]
   [Clear CT: 0.4 ms]
   [Other: 4.9 ms]
      [Choose CSet: 0.0 ms]
      [Ref Proc: 1.6 ms]
      [Ref Enq: 0.1 ms]
      [Free CSet: 0.4 ms]
   [Eden: 184.0M(184.0M)->0.0B(186.0M) Survivors: 20.0M->18.0M Heap: 1282.0M(4096.0M)->1114.0M(4096.0M)]
 [Times: user=0.26 sys=0.00, real=0.14 secs] 
2016-08-30T15:51:47.006+0200: 8157.141: [GC pause (young), 0.1924870 secs]
   [Parallel Time: 187.7 ms, GC Workers: 2]
      [GC Worker Start (ms): Min: 8157142.3, Avg: 8157144.1, Max: 8157146.0, Diff: 3.7]
      [Ext Root Scanning (ms): Min: 88.1, Avg: 89.6, Max: 91.1, Diff: 3.0, Sum: 179.2]
      [Update RS (ms): Min: 47.2, Avg: 48.2, Max: 49.2, Diff: 2.0, Sum: 96.3]
         [Processed Buffers: Min: 296, Avg: 428.5, Max: 561, Diff: 265, Sum: 857]
      [Scan RS (ms): Min: 7.2, Avg: 7.6, Max: 8.0, Diff: 0.8, Sum: 15.2]
      [Code Root Scanning (ms): Min: 0.0, Avg: 0.0, Max: 0.1, Diff: 0.1, Sum: 0.1]
      [Object Copy (ms): Min: 36.4, Avg: 40.3, Max: 44.2, Diff: 7.8, Sum: 80.6]
      [Termination (ms): Min: 0.0, Avg: 0.1, Max: 0.1, Diff: 0.1, Sum: 0.1]
      [GC Worker Other (ms): Min: 0.0, Avg: 0.1, Max: 0.1, Diff: 0.1, Sum: 0.1]
      [GC Worker Total (ms): Min: 184.0, Avg: 185.8, Max: 187.7, Diff: 3.7, Sum: 371.6]
      [GC Worker End (ms): Min: 8157329.9, Avg: 8157329.9, Max: 8157330.0, Diff: 0.0]
   [Code Root Fixup: 0.3 ms]
   [Code Root Migration: 0.0 ms]
   [Clear CT: 0.4 ms]
   [Other: 4.1 ms]
      [Choose CSet: 0.0 ms]
      [Ref Proc: 1.1 ms]
      [Ref Enq: 0.1 ms]
      [Free CSet: 0.3 ms]
   [Eden: 186.0M(186.0M)->0.0B(182.0M) Survivors: 18.0M->22.0M Heap: 1300.0M(4096.0M)->1132.0M(4096.0M)]
 [Times: user=0.20 sys=0.00, real=0.19 secs] 
2016-08-30T15:51:52.238+0200: 8162.372: [GC pause (young), 0.1463210 secs]
   [Parallel Time: 139.4 ms, GC Workers: 2]
      [GC Worker Start (ms): Min: 8162373.9, Avg: 8162374.9, Max: 8162375.9, Diff: 2.0]
      [Ext Root Scanning (ms): Min: 52.1, Avg: 52.3, Max: 52.4, Diff: 0.3, Sum: 104.6]
      [Update RS (ms): Min: 38.1, Avg: 39.1, Max: 40.0, Diff: 1.8, Sum: 78.1]
         [Processed Buffers: Min: 361, Avg: 367.5, Max: 374, Diff: 13, Sum: 735]
      [Scan RS (ms): Min: 6.7, Avg: 7.3, Max: 7.8, Diff: 1.1, Sum: 14.6]
      [Code Root Scanning (ms): Min: 0.1, Avg: 0.1, Max: 0.1, Diff: 0.0, Sum: 0.1]
      [Object Copy (ms): Min: 39.0, Avg: 39.5, Max: 40.0, Diff: 1.0, Sum: 79.1]
      [Termination (ms): Min: 0.0, Avg: 0.0, Max: 0.0, Diff: 0.0, Sum: 0.0]
      [GC Worker Other (ms): Min: 0.1, Avg: 0.1, Max: 0.1, Diff: 0.1, Sum: 0.2]
      [GC Worker Total (ms): Min: 137.4, Avg: 138.3, Max: 139.3, Diff: 2.0, Sum: 276.7]
      [GC Worker End (ms): Min: 8162513.3, Avg: 8162513.3, Max: 8162513.3, Diff: 0.0]
   [Code Root Fixup: 0.4 ms]
   [Code Root Migration: 0.0 ms]
   [Clear CT: 0.4 ms]
   [Other: 6.0 ms]
      [Choose CSet: 0.0 ms]
      [Ref Proc: 2.5 ms]
      [Ref Enq: 0.2 ms]
      [Free CSet: 0.4 ms]
   [Eden: 182.0M(182.0M)->0.0B(184.0M) Survivors: 22.0M->20.0M Heap: 1314.0M(4096.0M)->1150.0M(4096.0M)]
 [Times: user=0.28 sys=0.01, real=0.15 secs] 
2016-08-30T15:51:59.880+0200: 8170.014: [GC pause (young), 0.1464830 secs]
   [Parallel Time: 137.6 ms, GC Workers: 2]
      [GC Worker Start (ms): Min: 8170016.2, Avg: 8170016.3, Max: 8170016.3, Diff: 0.0]
      [Ext Root Scanning (ms): Min: 52.0, Avg: 53.7, Max: 55.3, Diff: 3.3, Sum: 107.3]
      [Update RS (ms): Min: 35.2, Avg: 37.0, Max: 38.7, Diff: 3.5, Sum: 74.0]
         [Processed Buffers: Min: 376, Avg: 409.0, Max: 442, Diff: 66, Sum: 818]
      [Scan RS (ms): Min: 6.3, Avg: 6.3, Max: 6.3, Diff: 0.0, Sum: 12.7]
      [Code Root Scanning (ms): Min: 0.1, Avg: 0.1, Max: 0.1, Diff: 0.0, Sum: 0.1]
      [Object Copy (ms): Min: 40.2, Avg: 40.4, Max: 40.5, Diff: 0.3, Sum: 80.7]
      [Termination (ms): Min: 0.0, Avg: 0.0, Max: 0.0, Diff: 0.0, Sum: 0.0]
      [GC Worker Other (ms): Min: 0.1, Avg: 0.1, Max: 0.1, Diff: 0.0, Sum: 0.2]
      [GC Worker Total (ms): Min: 137.5, Avg: 137.5, Max: 137.5, Diff: 0.0, Sum: 275.0]
      [GC Worker End (ms): Min: 8170153.7, Avg: 8170153.7, Max: 8170153.7, Diff: 0.0]
   [Code Root Fixup: 0.7 ms]
   [Code Root Migration: 0.0 ms]
   [Clear CT: 0.4 ms]
   [Other: 7.8 ms]
      [Choose CSet: 0.0 ms]
      [Ref Proc: 3.3 ms]
      [Ref Enq: 0.3 ms]
      [Free CSet: 0.5 ms]
   [Eden: 184.0M(184.0M)->0.0B(194.0M) Survivors: 20.0M->18.0M Heap: 1334.0M(4096.0M)->1166.0M(4096.0M)]
 [Times: user=0.29 sys=0.00, real=0.15 secs] 
2016-08-30T15:52:08.190+0200: 8178.324: [GC pause (young), 0.1393860 secs]
   [Parallel Time: 132.7 ms, GC Workers: 2]
      [GC Worker Start (ms): Min: 8178326.2, Avg: 8178326.2, Max: 8178326.2, Diff: 0.0]
      [Ext Root Scanning (ms): Min: 49.7, Avg: 50.2, Max: 50.6, Diff: 0.9, Sum: 100.3]
      [Update RS (ms): Min: 37.8, Avg: 38.1, Max: 38.5, Diff: 0.7, Sum: 76.3]
         [Processed Buffers: Min: 379, Avg: 393.0, Max: 407, Diff: 28, Sum: 786]
      [Scan RS (ms): Min: 6.6, Avg: 6.8, Max: 7.1, Diff: 0.6, Sum: 13.7]
      [Code Root Scanning (ms): Min: 0.0, Avg: 0.1, Max: 0.1, Diff: 0.1, Sum: 0.1]
      [Object Copy (ms): Min: 36.7, Avg: 37.2, Max: 37.7, Diff: 0.9, Sum: 74.4]
      [Termination (ms): Min: 0.0, Avg: 0.0, Max: 0.0, Diff: 0.0, Sum: 0.0]
      [GC Worker Other (ms): Min: 0.1, Avg: 0.1, Max: 0.1, Diff: 0.0, Sum: 0.3]
      [GC Worker Total (ms): Min: 132.6, Avg: 132.6, Max: 132.6, Diff: 0.0, Sum: 265.1]
      [GC Worker End (ms): Min: 8178458.7, Avg: 8178458.7, Max: 8178458.7, Diff: 0.0]
   [Code Root Fixup: 0.4 ms]
   [Code Root Migration: 0.0 ms]
   [Clear CT: 0.5 ms]
   [Other: 5.8 ms]
      [Choose CSet: 0.0 ms]
      [Ref Proc: 2.1 ms]
      [Ref Enq: 0.2 ms]
      [Free CSet: 0.5 ms]
   [Eden: 194.0M(194.0M)->0.0B(292.0M) Survivors: 18.0M->20.0M Heap: 1360.0M(4096.0M)->1182.0M(4096.0M)]
 [Times: user=0.27 sys=0.00, real=0.14 secs] 
2016-08-30T15:52:17.991+0200: 8188.126: [GC pause (young), 0.1785050 secs]
   [Parallel Time: 168.7 ms, GC Workers: 2]
      [GC Worker Start (ms): Min: 8188127.7, Avg: 8188129.4, Max: 8188131.1, Diff: 3.4]
      [Ext Root Scanning (ms): Min: 51.5, Avg: 53.5, Max: 55.6, Diff: 4.1, Sum: 107.1]
      [Update RS (ms): Min: 52.0, Avg: 53.1, Max: 54.2, Diff: 2.2, Sum: 106.2]
         [Processed Buffers: Min: 444, Avg: 470.0, Max: 496, Diff: 52, Sum: 940]
      [Scan RS (ms): Min: 7.0, Avg: 7.3, Max: 7.7, Diff: 0.6, Sum: 14.7]
      [Code Root Scanning (ms): Min: 0.1, Avg: 0.1, Max: 0.1, Diff: 0.1, Sum: 0.2]
      [Object Copy (ms): Min: 52.2, Avg: 52.7, Max: 53.1, Diff: 0.9, Sum: 105.3]
      [Termination (ms): Min: 0.0, Avg: 0.0, Max: 0.0, Diff: 0.0, Sum: 0.0]
      [GC Worker Other (ms): Min: 0.1, Avg: 0.1, Max: 0.2, Diff: 0.0, Sum: 0.3]
      [GC Worker Total (ms): Min: 165.2, Avg: 166.9, Max: 168.6, Diff: 3.4, Sum: 333.8]
      [GC Worker End (ms): Min: 8188296.3, Avg: 8188296.3, Max: 8188296.3, Diff: 0.0]
   [Code Root Fixup: 0.5 ms]
   [Code Root Migration: 0.1 ms]
   [Clear CT: 0.5 ms]
   [Other: 8.8 ms]
      [Choose CSet: 0.0 ms]
      [Ref Proc: 4.4 ms]
      [Ref Enq: 0.4 ms]
      [Free CSet: 0.7 ms]
   [Eden: 292.0M(292.0M)->0.0B(230.0M) Survivors: 20.0M->40.0M Heap: 1474.0M(4096.0M)->1212.0M(4096.0M)]
 [Times: user=0.34 sys=0.00, real=0.18 secs] 
2016-08-30T15:52:26.576+0200: 8196.710: [GC pause (young), 0.1683740 secs]
   [Parallel Time: 160.5 ms, GC Workers: 2]
      [GC Worker Start (ms): Min: 8196711.9, Avg: 8196711.9, Max: 8196712.0, Diff: 0.0]
      [Ext Root Scanning (ms): Min: 51.0, Avg: 51.5, Max: 52.1, Diff: 1.1, Sum: 103.1]
      [Update RS (ms): Min: 42.8, Avg: 43.4, Max: 44.0, Diff: 1.2, Sum: 86.7]
         [Processed Buffers: Min: 437, Avg: 462.5, Max: 488, Diff: 51, Sum: 925]
      [Scan RS (ms): Min: 10.8, Avg: 11.3, Max: 11.9, Diff: 1.1, Sum: 22.6]
      [Code Root Scanning (ms): Min: 0.1, Avg: 0.1, Max: 0.1, Diff: 0.0, Sum: 0.2]
      [Object Copy (ms): Min: 53.3, Avg: 53.9, Max: 54.5, Diff: 1.2, Sum: 107.8]
      [Termination (ms): Min: 0.0, Avg: 0.0, Max: 0.0, Diff: 0.0, Sum: 0.0]
      [GC Worker Other (ms): Min: 0.1, Avg: 0.1, Max: 0.2, Diff: 0.0, Sum: 0.3]
      [GC Worker Total (ms): Min: 160.3, Avg: 160.4, Max: 160.4, Diff: 0.0, Sum: 320.7]
      [GC Worker End (ms): Min: 8196872.3, Avg: 8196872.3, Max: 8196872.3, Diff: 0.0]
   [Code Root Fixup: 0.4 ms]
   [Code Root Migration: 0.0 ms]
   [Clear CT: 0.4 ms]
   [Other: 7.0 ms]
      [Choose CSet: 0.0 ms]
      [Ref Proc: 3.0 ms]
      [Ref Enq: 0.2 ms]
      [Free CSet: 0.6 ms]
   [Eden: 230.0M(230.0M)->0.0B(330.0M) Survivors: 40.0M->24.0M Heap: 1442.0M(4096.0M)->1236.0M(4096.0M)]
 [Times: user=0.33 sys=0.00, real=0.17 secs] 
2016-08-30T15:52:39.455+0200: 8209.590: [GC pause (young), 0.1679520 secs]
   [Parallel Time: 160.8 ms, GC Workers: 2]
      [GC Worker Start (ms): Min: 8209591.3, Avg: 8209591.3, Max: 8209591.3, Diff: 0.0]
      [Ext Root Scanning (ms): Min: 49.9, Avg: 57.0, Max: 64.1, Diff: 14.2, Sum: 114.0]
      [Update RS (ms): Min: 44.2, Avg: 50.7, Max: 57.2, Diff: 13.0, Sum: 101.4]
         [Processed Buffers: Min: 421, Avg: 455.5, Max: 490, Diff: 69, Sum: 911]
      [Scan RS (ms): Min: 8.9, Avg: 9.0, Max: 9.1, Diff: 0.2, Sum: 18.0]
      [Code Root Scanning (ms): Min: 0.1, Avg: 0.1, Max: 0.1, Diff: 0.0, Sum: 0.2]
      [Object Copy (ms): Min: 43.3, Avg: 43.8, Max: 44.3, Diff: 1.0, Sum: 87.6]
      [Termination (ms): Min: 0.0, Avg: 0.0, Max: 0.0, Diff: 0.0, Sum: 0.0]
      [GC Worker Other (ms): Min: 0.1, Avg: 0.1, Max: 0.2, Diff: 0.0, Sum: 0.3]
      [GC Worker Total (ms): Min: 160.7, Avg: 160.7, Max: 160.7, Diff: 0.0, Sum: 321.4]
      [GC Worker End (ms): Min: 8209752.0, Avg: 8209752.0, Max: 8209752.0, Diff: 0.0]
   [Code Root Fixup: 0.2 ms]
   [Code Root Migration: 0.0 ms]
   [Clear CT: 0.4 ms]
   [Other: 6.5 ms]
      [Choose CSet: 0.0 ms]
      [Ref Proc: 2.8 ms]
      [Ref Enq: 0.2 ms]
      [Free CSet: 0.7 ms]
   [Eden: 330.0M(330.0M)->0.0B(254.0M) Survivors: 24.0M->46.0M Heap: 1566.0M(4096.0M)->1259.0M(4096.0M)]
 [Times: user=0.32 sys=0.00, real=0.17 secs] 
2016-08-30T15:52:48.458+0200: 8218.593: [GC pause (young), 0.2255500 secs]
   [Parallel Time: 220.6 ms, GC Workers: 2]
      [GC Worker Start (ms): Min: 8218593.9, Avg: 8218593.9, Max: 8218593.9, Diff: 0.0]
      [Ext Root Scanning (ms): Min: 93.6, Avg: 96.1, Max: 98.7, Diff: 5.1, Sum: 192.2]
      [Update RS (ms): Min: 49.3, Avg: 49.5, Max: 49.8, Diff: 0.5, Sum: 99.1]
         [Processed Buffers: Min: 378, Avg: 427.5, Max: 477, Diff: 99, Sum: 855]
      [Scan RS (ms): Min: 11.6, Avg: 12.4, Max: 13.3, Diff: 1.7, Sum: 24.9]
      [Code Root Scanning (ms): Min: 0.0, Avg: 0.1, Max: 0.1, Diff: 0.1, Sum: 0.1]
      [Object Copy (ms): Min: 60.8, Avg: 61.8, Max: 62.8, Diff: 2.0, Sum: 123.7]
      [Termination (ms): Min: 0.0, Avg: 0.5, Max: 0.9, Diff: 0.9, Sum: 0.9]
      [GC Worker Other (ms): Min: 0.1, Avg: 0.1, Max: 0.1, Diff: 0.0, Sum: 0.2]
      [GC Worker Total (ms): Min: 220.5, Avg: 220.5, Max: 220.6, Diff: 0.0, Sum: 441.1]
      [GC Worker End (ms): Min: 8218814.4, Avg: 8218814.4, Max: 8218814.4, Diff: 0.0]
   [Code Root Fixup: 0.3 ms]
   [Code Root Migration: 0.0 ms]
   [Clear CT: 0.5 ms]
   [Other: 4.2 ms]
      [Choose CSet: 0.0 ms]
      [Ref Proc: 1.7 ms]
      [Ref Enq: 0.1 ms]
      [Free CSet: 0.4 ms]
   [Eden: 254.0M(254.0M)->0.0B(174.0M) Survivors: 46.0M->30.0M Heap: 1513.0M(4096.0M)->1279.0M(4096.0M)]
 [Times: user=0.18 sys=0.00, real=0.23 secs] 
2016-08-30T15:52:54.852+0200: 8224.986: [GC pause (young), 0.1534970 secs]
   [Parallel Time: 146.9 ms, GC Workers: 2]
      [GC Worker Start (ms): Min: 8224987.8, Avg: 8224989.5, Max: 8224991.2, Diff: 3.4]
      [Ext Root Scanning (ms): Min: 53.7, Avg: 56.7, Max: 59.8, Diff: 6.2, Sum: 113.5]
      [Update RS (ms): Min: 35.7, Avg: 37.1, Max: 38.6, Diff: 2.9, Sum: 74.3]
         [Processed Buffers: Min: 277, Avg: 331.0, Max: 385, Diff: 108, Sum: 662]
      [Scan RS (ms): Min: 8.3, Avg: 8.7, Max: 9.1, Diff: 0.7, Sum: 17.4]
      [Code Root Scanning (ms): Min: 0.1, Avg: 0.1, Max: 0.1, Diff: 0.0, Sum: 0.1]
      [Object Copy (ms): Min: 41.9, Avg: 42.4, Max: 42.9, Diff: 1.0, Sum: 84.8]
      [Termination (ms): Min: 0.0, Avg: 0.0, Max: 0.0, Diff: 0.0, Sum: 0.0]
      [GC Worker Other (ms): Min: 0.1, Avg: 0.1, Max: 0.1, Diff: 0.0, Sum: 0.2]
      [GC Worker Total (ms): Min: 143.4, Avg: 145.1, Max: 146.8, Diff: 3.4, Sum: 290.3]
      [GC Worker End (ms): Min: 8225134.7, Avg: 8225134.7, Max: 8225134.7, Diff: 0.0]
   [Code Root Fixup: 0.5 ms]
   [Code Root Migration: 0.0 ms]
   [Clear CT: 0.4 ms]
   [Other: 5.6 ms]
      [Choose CSet: 0.0 ms]
      [Ref Proc: 2.0 ms]
      [Ref Enq: 0.1 ms]
      [Free CSet: 0.5 ms]
   [Eden: 174.0M(174.0M)->0.0B(352.0M) Survivors: 30.0M->18.0M Heap: 1453.0M(4096.0M)->1291.0M(4096.0M)]
 [Times: user=0.29 sys=0.01, real=0.16 secs] 
2016-08-30T15:53:07.077+0200: 8237.212: [GC pause (young), 0.1503650 secs]
   [Parallel Time: 143.2 ms, GC Workers: 2]
      [GC Worker Start (ms): Min: 8237213.3, Avg: 8237213.4, Max: 8237213.4, Diff: 0.0]
      [Ext Root Scanning (ms): Min: 48.8, Avg: 48.8, Max: 48.8, Diff: 0.0, Sum: 97.6]
      [Update RS (ms): Min: 45.8, Avg: 46.5, Max: 47.2, Diff: 1.4, Sum: 93.0]
         [Processed Buffers: Min: 430, Avg: 448.5, Max: 467, Diff: 37, Sum: 897]
      [Scan RS (ms): Min: 6.3, Avg: 6.9, Max: 7.5, Diff: 1.3, Sum: 13.8]
      [Code Root Scanning (ms): Min: 0.1, Avg: 0.1, Max: 0.1, Diff: 0.1, Sum: 0.2]
      [Object Copy (ms): Min: 40.5, Avg: 40.6, Max: 40.7, Diff: 0.2, Sum: 81.2]
      [Termination (ms): Min: 0.0, Avg: 0.0, Max: 0.0, Diff: 0.0, Sum: 0.0]
      [GC Worker Other (ms): Min: 0.1, Avg: 0.1, Max: 0.1, Diff: 0.0, Sum: 0.2]
      [GC Worker Total (ms): Min: 143.1, Avg: 143.1, Max: 143.1, Diff: 0.0, Sum: 286.2]
      [GC Worker End (ms): Min: 8237356.4, Avg: 8237356.4, Max: 8237356.4, Diff: 0.0]
   [Code Root Fixup: 0.2 ms]
   [Code Root Migration: 0.0 ms]
   [Clear CT: 0.3 ms]
   [Other: 6.6 ms]
      [Choose CSet: 0.0 ms]
      [Ref Proc: 3.4 ms]
      [Ref Enq: 0.2 ms]
      [Free CSet: 0.5 ms]
   [Eden: 352.0M(352.0M)->0.0B(294.0M) Survivors: 18.0M->48.0M Heap: 1643.0M(4096.0M)->1322.0M(4096.0M)]
 [Times: user=0.29 sys=0.00, real=0.15 secs] 
2016-08-30T15:53:15.347+0200: 8245.482: [GC pause (young), 0.1784320 secs]
   [Parallel Time: 170.7 ms, GC Workers: 2]
      [GC Worker Start (ms): Min: 8245483.1, Avg: 8245483.1, Max: 8245483.1, Diff: 0.0]
      [Ext Root Scanning (ms): Min: 46.9, Avg: 47.2, Max: 47.4, Diff: 0.6, Sum: 94.3]
      [Update RS (ms): Min: 42.2, Avg: 42.9, Max: 43.5, Diff: 1.3, Sum: 85.7]
         [Processed Buffers: Min: 448, Avg: 457.0, Max: 466, Diff: 18, Sum: 914]
      [Scan RS (ms): Min: 10.3, Avg: 10.8, Max: 11.4, Diff: 1.1, Sum: 21.6]
      [Code Root Scanning (ms): Min: 0.1, Avg: 0.1, Max: 0.1, Diff: 0.1, Sum: 0.2]
      [Object Copy (ms): Min: 67.1, Avg: 67.3, Max: 67.4, Diff: 0.3, Sum: 134.5]
      [Termination (ms): Min: 0.0, Avg: 0.0, Max: 0.0, Diff: 0.0, Sum: 0.0]
      [GC Worker Other (ms): Min: 0.1, Avg: 0.1, Max: 0.2, Diff: 0.1, Sum: 0.3]
      [GC Worker Total (ms): Min: 168.3, Avg: 168.3, Max: 168.3, Diff: 0.0, Sum: 336.6]
      [GC Worker End (ms): Min: 8245651.4, Avg: 8245651.4, Max: 8245651.4, Diff: 0.0]
   [Code Root Fixup: 0.4 ms]
   [Code Root Migration: 0.0 ms]
   [Clear CT: 0.4 ms]
   [Other: 6.9 ms]
      [Choose CSet: 0.0 ms]
      [Ref Proc: 3.5 ms]
      [Ref Enq: 0.3 ms]
      [Free CSet: 0.5 ms]
   [Eden: 294.0M(294.0M)->0.0B(348.0M) Survivors: 48.0M->36.0M Heap: 1616.0M(4096.0M)->1347.0M(4096.0M)]
 [Times: user=0.33 sys=0.00, real=0.18 secs] 
2016-08-30T15:53:29.912+0200: 8260.047: [GC pause (young), 0.1567600 secs]
   [Parallel Time: 148.3 ms, GC Workers: 2]
      [GC Worker Start (ms): Min: 8260048.3, Avg: 8260048.4, Max: 8260048.4, Diff: 0.0]
      [Ext Root Scanning (ms): Min: 45.1, Avg: 45.2, Max: 45.4, Diff: 0.2, Sum: 90.5]
      [Update RS (ms): Min: 43.5, Avg: 44.0, Max: 44.6, Diff: 1.1, Sum: 88.1]
         [Processed Buffers: Min: 458, Avg: 464.5, Max: 471, Diff: 13, Sum: 929]
      [Scan RS (ms): Min: 9.0, Avg: 9.3, Max: 9.5, Diff: 0.5, Sum: 18.5]
      [Code Root Scanning (ms): Min: 0.1, Avg: 0.1, Max: 0.1, Diff: 0.1, Sum: 0.2]
      [Object Copy (ms): Min: 49.1, Avg: 49.5, Max: 49.9, Diff: 0.8, Sum: 99.0]
      [Termination (ms): Min: 0.0, Avg: 0.0, Max: 0.0, Diff: 0.0, Sum: 0.0]
      [GC Worker Other (ms): Min: 0.1, Avg: 0.1, Max: 0.2, Diff: 0.1, Sum: 0.3]
      [GC Worker Total (ms): Min: 148.3, Avg: 148.3, Max: 148.3, Diff: 0.0, Sum: 296.6]
      [GC Worker End (ms): Min: 8260196.6, Avg: 8260196.6, Max: 8260196.6, Diff: 0.0]
   [Code Root Fixup: 0.4 ms]
   [Code Root Migration: 0.0 ms]
   [Clear CT: 0.4 ms]
   [Other: 7.5 ms]
      [Choose CSet: 0.0 ms]
      [Ref Proc: 4.0 ms]
      [Ref Enq: 0.3 ms]
      [Free CSet: 0.7 ms]
   [Eden: 348.0M(348.0M)->0.0B(552.0M) Survivors: 36.0M->26.0M Heap: 1695.0M(4096.0M)->1364.0M(4096.0M)]
 [Times: user=0.30 sys=0.00, real=0.16 secs] 
2016-08-30T15:53:48.127+0200: 8278.262: [GC pause (young), 0.2883150 secs]
   [Parallel Time: 271.6 ms, GC Workers: 2]
      [GC Worker Start (ms): Min: 8278270.9, Avg: 8278272.4, Max: 8278274.0, Diff: 3.0]
      [Ext Root Scanning (ms): Min: 80.0, Avg: 81.1, Max: 82.2, Diff: 2.1, Sum: 162.2]
      [Update RS (ms): Min: 101.8, Avg: 106.7, Max: 111.6, Diff: 9.8, Sum: 213.3]
         [Processed Buffers: Min: 451, Avg: 530.5, Max: 610, Diff: 159, Sum: 1061]
      [Scan RS (ms): Min: 10.7, Avg: 14.2, Max: 17.7, Diff: 7.0, Sum: 28.4]
      [Code Root Scanning (ms): Min: 0.1, Avg: 0.1, Max: 0.1, Diff: 0.0, Sum: 0.1]
      [Object Copy (ms): Min: 67.0, Avg: 67.8, Max: 68.6, Diff: 1.6, Sum: 135.6]
      [Termination (ms): Min: 0.0, Avg: 0.1, Max: 0.1, Diff: 0.1, Sum: 0.1]
      [GC Worker Other (ms): Min: 0.1, Avg: 0.2, Max: 0.2, Diff: 0.2, Sum: 0.3]
      [GC Worker Total (ms): Min: 268.6, Avg: 270.1, Max: 271.6, Diff: 3.0, Sum: 540.1]
      [GC Worker End (ms): Min: 8278542.5, Avg: 8278542.5, Max: 8278542.5, Diff: 0.0]
   [Code Root Fixup: 0.2 ms]
   [Code Root Migration: 0.1 ms]
   [Clear CT: 0.6 ms]
   [Other: 15.9 ms]
      [Choose CSet: 0.0 ms]
      [Ref Proc: 4.8 ms]
      [Ref Enq: 0.3 ms]
      [Free CSet: 0.7 ms]
   [Eden: 492.0M(404.0M)->0.0B(150.0M) Survivors: 26.0M->54.0M Heap: 1856.0M(4096.0M)->1402.0M(4096.0M)]
 [Times: user=0.21 sys=0.00, real=0.29 secs] 
2016-08-30T15:53:52.623+0200: 8282.758: [GC pause (young), 0.1861740 secs]
   [Parallel Time: 179.0 ms, GC Workers: 2]
      [GC Worker Start (ms): Min: 8282759.3, Avg: 8282760.6, Max: 8282762.0, Diff: 2.7]
      [Ext Root Scanning (ms): Min: 58.5, Avg: 58.6, Max: 58.7, Diff: 0.2, Sum: 117.2]
      [Update RS (ms): Min: 36.6, Avg: 37.0, Max: 37.4, Diff: 0.8, Sum: 73.9]
         [Processed Buffers: Min: 337, Avg: 346.5, Max: 356, Diff: 19, Sum: 693]
      [Scan RS (ms): Min: 15.7, Avg: 16.2, Max: 16.6, Diff: 0.9, Sum: 32.3]
      [Code Root Scanning (ms): Min: 0.0, Avg: 0.1, Max: 0.1, Diff: 0.1, Sum: 0.1]
      [Object Copy (ms): Min: 65.1, Avg: 65.7, Max: 66.3, Diff: 1.3, Sum: 131.4]
      [Termination (ms): Min: 0.0, Avg: 0.0, Max: 0.0, Diff: 0.0, Sum: 0.0]
      [GC Worker Other (ms): Min: 0.1, Avg: 0.1, Max: 0.1, Diff: 0.1, Sum: 0.2]
      [GC Worker Total (ms): Min: 176.2, Avg: 177.6, Max: 179.0, Diff: 2.7, Sum: 355.2]
      [GC Worker End (ms): Min: 8282938.2, Avg: 8282938.2, Max: 8282938.2, Diff: 0.0]
   [Code Root Fixup: 0.5 ms]
   [Code Root Migration: 0.0 ms]
   [Clear CT: 0.6 ms]
   [Other: 6.0 ms]
      [Choose CSet: 0.0 ms]
      [Ref Proc: 2.0 ms]
      [Ref Enq: 0.1 ms]
      [Free CSet: 0.5 ms]
   [Eden: 150.0M(150.0M)->0.0B(226.0M) Survivors: 54.0M->18.0M Heap: 1552.0M(4096.0M)->1416.0M(4096.0M)]
 [Times: user=0.34 sys=0.00, real=0.19 secs] 
2016-08-30T15:54:00.148+0200: 8290.283: [GC pause (young), 0.1327270 secs]
   [Parallel Time: 126.3 ms, GC Workers: 2]
      [GC Worker Start (ms): Min: 8290284.1, Avg: 8290284.1, Max: 8290284.1, Diff: 0.0]
      [Ext Root Scanning (ms): Min: 44.4, Avg: 44.7, Max: 44.9, Diff: 0.4, Sum: 89.3]
      [Update RS (ms): Min: 41.4, Avg: 41.4, Max: 41.5, Diff: 0.0, Sum: 82.9]
         [Processed Buffers: Min: 466, Avg: 475.5, Max: 485, Diff: 19, Sum: 951]
      [Scan RS (ms): Min: 5.5, Avg: 5.6, Max: 5.6, Diff: 0.1, Sum: 11.1]
      [Code Root Scanning (ms): Min: 0.1, Avg: 0.1, Max: 0.1, Diff: 0.0, Sum: 0.1]
      [Object Copy (ms): Min: 34.2, Avg: 34.4, Max: 34.6, Diff: 0.4, Sum: 68.7]
      [Termination (ms): Min: 0.0, Avg: 0.0, Max: 0.0, Diff: 0.0, Sum: 0.0]
      [GC Worker Other (ms): Min: 0.1, Avg: 0.1, Max: 0.1, Diff: 0.0, Sum: 0.2]
      [GC Worker Total (ms): Min: 126.2, Avg: 126.2, Max: 126.2, Diff: 0.0, Sum: 252.4]
      [GC Worker End (ms): Min: 8290410.3, Avg: 8290410.3, Max: 8290410.3, Diff: 0.0]
   [Code Root Fixup: 0.5 ms]
   [Code Root Migration: 0.0 ms]
   [Clear CT: 0.3 ms]
   [Other: 5.6 ms]
      [Choose CSet: 0.0 ms]
      [Ref Proc: 2.5 ms]
      [Ref Enq: 0.2 ms]
      [Free CSet: 0.4 ms]
   [Eden: 226.0M(226.0M)->0.0B(360.0M) Survivors: 18.0M->18.0M Heap: 1642.0M(4096.0M)->1432.0M(4096.0M)]
 [Times: user=0.26 sys=0.01, real=0.13 secs] 
2016-08-30T15:54:12.882+0200: 8303.017: [GC pause (young), 0.1595830 secs]
   [Parallel Time: 150.6 ms, GC Workers: 2]
      [GC Worker Start (ms): Min: 8303018.5, Avg: 8303018.5, Max: 8303018.5, Diff: 0.0]
      [Ext Root Scanning (ms): Min: 44.6, Avg: 44.7, Max: 44.9, Diff: 0.3, Sum: 89.4]
      [Update RS (ms): Min: 50.0, Avg: 50.2, Max: 50.3, Diff: 0.3, Sum: 100.3]
         [Processed Buffers: Min: 499, Avg: 503.0, Max: 507, Diff: 8, Sum: 1006]
      [Scan RS (ms): Min: 8.2, Avg: 8.4, Max: 8.6, Diff: 0.4, Sum: 16.9]
      [Code Root Scanning (ms): Min: 0.1, Avg: 0.1, Max: 0.1, Diff: 0.0, Sum: 0.2]
      [Object Copy (ms): Min: 46.9, Avg: 47.0, Max: 47.2, Diff: 0.3, Sum: 94.0]
      [Termination (ms): Min: 0.0, Avg: 0.0, Max: 0.0, Diff: 0.0, Sum: 0.0]
      [GC Worker Other (ms): Min: 0.1, Avg: 0.1, Max: 0.2, Diff: 0.1, Sum: 0.3]
      [GC Worker Total (ms): Min: 150.6, Avg: 150.6, Max: 150.6, Diff: 0.0, Sum: 301.1]
      [GC Worker End (ms): Min: 8303169.1, Avg: 8303169.1, Max: 8303169.1, Diff: 0.0]
   [Code Root Fixup: 0.4 ms]
   [Code Root Migration: 0.0 ms]
   [Clear CT: 0.4 ms]
   [Other: 8.1 ms]
      [Choose CSet: 0.0 ms]
      [Ref Proc: 4.0 ms]
      [Ref Enq: 0.4 ms]
      [Free CSet: 0.7 ms]
   [Eden: 360.0M(360.0M)->0.0B(278.0M) Survivors: 18.0M->48.0M Heap: 1792.0M(4096.0M)->1463.0M(4096.0M)]
 [Times: user=0.32 sys=0.00, real=0.16 secs] 
2016-08-30T15:54:19.405+0200: 8309.540: [GC pause (young), 0.1597550 secs]
   [Parallel Time: 153.4 ms, GC Workers: 2]
      [GC Worker Start (ms): Min: 8309541.0, Avg: 8309541.0, Max: 8309541.0, Diff: 0.0]
      [Ext Root Scanning (ms): Min: 45.5, Avg: 45.8, Max: 46.2, Diff: 0.8, Sum: 91.7]
      [Update RS (ms): Min: 31.4, Avg: 31.8, Max: 32.2, Diff: 0.8, Sum: 63.6]
         [Processed Buffers: Min: 336, Avg: 359.0, Max: 382, Diff: 46, Sum: 718]
      [Scan RS (ms): Min: 15.6, Avg: 17.1, Max: 18.7, Diff: 3.2, Sum: 34.3]
      [Code Root Scanning (ms): Min: 0.0, Avg: 0.1, Max: 0.1, Diff: 0.1, Sum: 0.2]
      [Object Copy (ms): Min: 57.5, Avg: 58.3, Max: 59.1, Diff: 1.6, Sum: 116.5]
      [Termination (ms): Min: 0.0, Avg: 0.0, Max: 0.0, Diff: 0.0, Sum: 0.0]
      [GC Worker Other (ms): Min: 0.1, Avg: 0.1, Max: 0.2, Diff: 0.1, Sum: 0.3]
      [GC Worker Total (ms): Min: 153.3, Avg: 153.3, Max: 153.3, Diff: 0.0, Sum: 306.6]
      [GC Worker End (ms): Min: 8309694.3, Avg: 8309694.3, Max: 8309694.3, Diff: 0.0]
   [Code Root Fixup: 0.5 ms]
   [Code Root Migration: 0.0 ms]
   [Clear CT: 0.4 ms]
   [Other: 5.4 ms]
      [Choose CSet: 0.0 ms]
      [Ref Proc: 2.1 ms]
      [Ref Enq: 0.2 ms]
      [Free CSet: 0.5 ms]
   [Eden: 180.0M(156.0M)->0.0B(582.0M) Survivors: 48.0M->18.0M Heap: 1643.0M(4096.0M)->1475.0M(4096.0M)]
 [Times: user=0.30 sys=0.00, real=0.16 secs] 
2016-08-30T15:54:34.814+0200: 8324.949: [GC pause (young), 0.1592210 secs]
   [Parallel Time: 152.1 ms, GC Workers: 2]
      [GC Worker Start (ms): Min: 8324950.1, Avg: 8324950.4, Max: 8324950.8, Diff: 0.6]
      [Ext Root Scanning (ms): Min: 47.5, Avg: 47.9, Max: 48.3, Diff: 0.8, Sum: 95.8]
      [Update RS (ms): Min: 49.6, Avg: 49.9, Max: 50.1, Diff: 0.5, Sum: 99.8]
         [Processed Buffers: Min: 476, Avg: 487.5, Max: 499, Diff: 23, Sum: 975]
      [Scan RS (ms): Min: 8.1, Avg: 8.4, Max: 8.7, Diff: 0.7, Sum: 16.8]
      [Code Root Scanning (ms): Min: 0.1, Avg: 0.2, Max: 0.2, Diff: 0.1, Sum: 0.4]
      [Object Copy (ms): Min: 45.0, Avg: 45.2, Max: 45.5, Diff: 0.5, Sum: 90.5]
      [Termination (ms): Min: 0.0, Avg: 0.0, Max: 0.0, Diff: 0.0, Sum: 0.0]
      [GC Worker Other (ms): Min: 0.1, Avg: 0.1, Max: 0.2, Diff: 0.1, Sum: 0.2]
      [GC Worker Total (ms): Min: 151.4, Avg: 151.8, Max: 152.1, Diff: 0.6, Sum: 303.5]
      [GC Worker End (ms): Min: 8325102.2, Avg: 8325102.2, Max: 8325102.2, Diff: 0.0]
   [Code Root Fixup: 0.3 ms]
   [Code Root Migration: 0.1 ms]
   [Clear CT: 0.4 ms]
   [Other: 6.4 ms]
      [Choose CSet: 0.0 ms]
      [Ref Proc: 3.1 ms]
      [Ref Enq: 0.2 ms]
      [Free CSet: 0.7 ms]
   [Eden: 582.0M(582.0M)->0.0B(462.0M) Survivors: 18.0M->48.0M Heap: 2057.0M(4096.0M)->1506.0M(4096.0M)]
 [Times: user=0.30 sys=0.01, real=0.16 secs] 
2016-08-30T15:54:45.841+0200: 8335.976: [GC pause (young), 0.1909670 secs]
   [Parallel Time: 183.5 ms, GC Workers: 2]
      [GC Worker Start (ms): Min: 8335978.2, Avg: 8335978.2, Max: 8335978.2, Diff: 0.0]
      [Ext Root Scanning (ms): Min: 46.7, Avg: 59.5, Max: 72.3, Diff: 25.6, Sum: 119.0]
      [Update RS (ms): Min: 39.4, Avg: 53.9, Max: 68.3, Diff: 28.9, Sum: 107.8]
         [Processed Buffers: Min: 289, Avg: 515.0, Max: 741, Diff: 452, Sum: 1030]
      [Scan RS (ms): Min: 11.4, Avg: 11.8, Max: 12.2, Diff: 0.8, Sum: 23.5]
      [Code Root Scanning (ms): Min: 0.1, Avg: 0.1, Max: 0.1, Diff: 0.0, Sum: 0.2]
      [Object Copy (ms): Min: 56.1, Avg: 58.1, Max: 60.2, Diff: 4.1, Sum: 116.2]
      [Termination (ms): Min: 0.0, Avg: 0.0, Max: 0.0, Diff: 0.0, Sum: 0.0]
      [GC Worker Other (ms): Min: 0.1, Avg: 0.1, Max: 0.1, Diff: 0.0, Sum: 0.2]
      [GC Worker Total (ms): Min: 183.5, Avg: 183.5, Max: 183.5, Diff: 0.0, Sum: 366.9]
      [GC Worker End (ms): Min: 8336161.6, Avg: 8336161.6, Max: 8336161.6, Diff: 0.0]
   [Code Root Fixup: 0.2 ms]
   [Code Root Migration: 0.0 ms]
   [Clear CT: 0.4 ms]
   [Other: 6.8 ms]
      [Choose CSet: 0.0 ms]
      [Ref Proc: 2.5 ms]
      [Ref Enq: 0.2 ms]
      [Free CSet: 0.5 ms]
   [Eden: 342.0M(278.0M)->0.0B(394.0M) Survivors: 48.0M->40.0M Heap: 1848.0M(4096.0M)->1535.0M(4096.0M)]
 [Times: user=0.38 sys=0.00, real=0.19 secs] 
2016-08-30T15:54:59.853+0200: 8349.987: [GC pause (young), 0.1819420 secs]
   [Parallel Time: 170.8 ms, GC Workers: 2]
      [GC Worker Start (ms): Min: 8349988.9, Avg: 8349989.1, Max: 8349989.2, Diff: 0.3]
      [Ext Root Scanning (ms): Min: 46.4, Avg: 46.5, Max: 46.6, Diff: 0.2, Sum: 93.0]
      [Update RS (ms): Min: 49.6, Avg: 49.9, Max: 50.2, Diff: 0.6, Sum: 99.8]
         [Processed Buffers: Min: 464, Avg: 467.5, Max: 471, Diff: 7, Sum: 935]
      [Scan RS (ms): Min: 11.6, Avg: 11.9, Max: 12.3, Diff: 0.7, Sum: 23.9]
      [Code Root Scanning (ms): Min: 0.1, Avg: 0.1, Max: 0.2, Diff: 0.0, Sum: 0.3]
      [Object Copy (ms): Min: 61.3, Avg: 61.9, Max: 62.6, Diff: 1.3, Sum: 123.8]
      [Termination (ms): Min: 0.0, Avg: 0.0, Max: 0.0, Diff: 0.0, Sum: 0.0]
      [GC Worker Other (ms): Min: 0.1, Avg: 0.1, Max: 0.1, Diff: 0.0, Sum: 0.3]
      [GC Worker Total (ms): Min: 170.4, Avg: 170.6, Max: 170.7, Diff: 0.3, Sum: 341.1]
      [GC Worker End (ms): Min: 8350159.6, Avg: 8350159.6, Max: 8350159.6, Diff: 0.0]
   [Code Root Fixup: 0.5 ms]
   [Code Root Migration: 0.1 ms]
   [Clear CT: 0.5 ms]
   [Other: 10.2 ms]
      [Choose CSet: 0.0 ms]
      [Ref Proc: 6.1 ms]
      [Ref Enq: 0.4 ms]
      [Free CSet: 0.8 ms]
   [Eden: 394.0M(394.0M)->0.0B(416.0M) Survivors: 40.0M->38.0M Heap: 1929.0M(4096.0M)->1560.0M(4096.0M)]
 [Times: user=0.35 sys=0.00, real=0.18 secs] 
2016-08-30T15:55:13.846+0200: 8363.980: [GC pause (young), 0.1869290 secs]
   [Parallel Time: 176.6 ms, GC Workers: 2]
      [GC Worker Start (ms): Min: 8363981.8, Avg: 8363981.8, Max: 8363981.8, Diff: 0.0]
      [Ext Root Scanning (ms): Min: 45.8, Avg: 46.5, Max: 47.1, Diff: 1.2, Sum: 92.9]
      [Update RS (ms): Min: 52.4, Avg: 53.0, Max: 53.6, Diff: 1.2, Sum: 105.9]
         [Processed Buffers: Min: 459, Avg: 495.5, Max: 532, Diff: 73, Sum: 991]
      [Scan RS (ms): Min: 11.5, Avg: 11.5, Max: 11.6, Diff: 0.1, Sum: 23.1]
      [Code Root Scanning (ms): Min: 0.1, Avg: 0.1, Max: 0.2, Diff: 0.0, Sum: 0.3]
      [Object Copy (ms): Min: 65.2, Avg: 65.2, Max: 65.3, Diff: 0.1, Sum: 130.5]
      [Termination (ms): Min: 0.0, Avg: 0.0, Max: 0.0, Diff: 0.0, Sum: 0.0]
      [GC Worker Other (ms): Min: 0.1, Avg: 0.1, Max: 0.2, Diff: 0.0, Sum: 0.3]
      [GC Worker Total (ms): Min: 176.5, Avg: 176.5, Max: 176.5, Diff: 0.0, Sum: 353.0]
      [GC Worker End (ms): Min: 8364158.3, Avg: 8364158.3, Max: 8364158.3, Diff: 0.0]
   [Code Root Fixup: 0.4 ms]
   [Code Root Migration: 0.1 ms]
   [Clear CT: 0.5 ms]
   [Other: 9.4 ms]
      [Choose CSet: 0.0 ms]
      [Ref Proc: 5.1 ms]
      [Ref Enq: 0.4 ms]
      [Free CSet: 0.9 ms]
   [Eden: 416.0M(416.0M)->0.0B(374.0M) Survivors: 38.0M->46.0M Heap: 1976.0M(4096.0M)->1593.0M(4096.0M)]
 [Times: user=0.36 sys=0.00, real=0.18 secs] 
2016-08-30T15:55:27.581+0200: 8377.716: [GC pause (young), 0.1664410 secs]
   [Parallel Time: 158.6 ms, GC Workers: 2]
      [GC Worker Start (ms): Min: 8377717.6, Avg: 8377717.8, Max: 8377718.0, Diff: 0.4]
      [Ext Root Scanning (ms): Min: 50.3, Avg: 50.6, Max: 50.9, Diff: 0.6, Sum: 101.2]
      [Update RS (ms): Min: 50.1, Avg: 50.4, Max: 50.7, Diff: 0.6, Sum: 100.7]
         [Processed Buffers: Min: 414, Avg: 441.0, Max: 468, Diff: 54, Sum: 882]
      [Scan RS (ms): Min: 12.5, Avg: 12.7, Max: 13.0, Diff: 0.5, Sum: 25.5]
      [Code Root Scanning (ms): Min: 0.1, Avg: 0.1, Max: 0.1, Diff: 0.0, Sum: 0.2]
      [Object Copy (ms): Min: 44.3, Avg: 44.4, Max: 44.5, Diff: 0.2, Sum: 88.8]
      [Termination (ms): Min: 0.0, Avg: 0.0, Max: 0.0, Diff: 0.0, Sum: 0.0]
      [GC Worker Other (ms): Min: 0.1, Avg: 0.1, Max: 0.2, Diff: 0.0, Sum: 0.3]
      [GC Worker Total (ms): Min: 158.2, Avg: 158.4, Max: 158.5, Diff: 0.4, Sum: 316.7]
      [GC Worker End (ms): Min: 8377876.2, Avg: 8377876.2, Max: 8377876.2, Diff: 0.0]
   [Code Root Fixup: 0.3 ms]
   [Code Root Migration: 0.1 ms]
   [Clear CT: 0.4 ms]
   [Other: 7.0 ms]
      [Choose CSet: 0.0 ms]
      [Ref Proc: 3.2 ms]
      [Ref Enq: 0.2 ms]
      [Free CSet: 0.7 ms]
   [Eden: 364.0M(254.0M)->0.0B(556.0M) Survivors: 46.0M->28.0M Heap: 1957.0M(4096.0M)->1606.0M(4096.0M)]
 [Times: user=0.32 sys=0.00, real=0.17 secs] 
2016-08-30T15:55:44.167+0200: 8394.301: [GC pause (young), 0.1963660 secs]
   [Parallel Time: 186.5 ms, GC Workers: 2]
      [GC Worker Start (ms): Min: 8394303.1, Avg: 8394303.1, Max: 8394303.1, Diff: 0.0]
      [Ext Root Scanning (ms): Min: 51.3, Avg: 52.2, Max: 53.1, Diff: 1.8, Sum: 104.4]
      [Update RS (ms): Min: 59.6, Avg: 60.5, Max: 61.4, Diff: 1.8, Sum: 121.0]
         [Processed Buffers: Min: 460, Avg: 502.0, Max: 544, Diff: 84, Sum: 1004]
      [Scan RS (ms): Min: 12.3, Avg: 12.7, Max: 13.0, Diff: 0.7, Sum: 25.4]
      [Code Root Scanning (ms): Min: 0.1, Avg: 0.1, Max: 0.2, Diff: 0.0, Sum: 0.3]
      [Object Copy (ms): Min: 60.3, Avg: 60.7, Max: 61.1, Diff: 0.8, Sum: 121.4]
      [Termination (ms): Min: 0.0, Avg: 0.0, Max: 0.0, Diff: 0.0, Sum: 0.0]
      [GC Worker Other (ms): Min: 0.2, Avg: 0.2, Max: 0.2, Diff: 0.0, Sum: 0.3]
      [GC Worker Total (ms): Min: 186.4, Avg: 186.4, Max: 186.4, Diff: 0.0, Sum: 372.8]
      [GC Worker End (ms): Min: 8394489.5, Avg: 8394489.5, Max: 8394489.5, Diff: 0.0]
   [Code Root Fixup: 0.2 ms]
   [Code Root Migration: 0.1 ms]
   [Clear CT: 0.8 ms]
   [Other: 8.8 ms]
      [Choose CSet: 0.0 ms]
      [Ref Proc: 4.5 ms]
      [Ref Enq: 0.3 ms]
      [Free CSet: 0.9 ms]
   [Eden: 438.0M(436.0M)->0.0B(368.0M) Survivors: 28.0M->58.0M Heap: 2044.0M(4096.0M)->1642.0M(4096.0M)]
 [Times: user=0.38 sys=0.00, real=0.20 secs] 
2016-08-30T15:55:51.602+0200: 8401.737: [GC pause (young), 0.1863130 secs]
   [Parallel Time: 177.8 ms, GC Workers: 2]
      [GC Worker Start (ms): Min: 8401738.6, Avg: 8401738.8, Max: 8401739.0, Diff: 0.4]
      [Ext Root Scanning (ms): Min: 49.2, Avg: 49.8, Max: 50.5, Diff: 1.2, Sum: 99.7]
      [Update RS (ms): Min: 39.0, Avg: 39.7, Max: 40.5, Diff: 1.5, Sum: 79.5]
         [Processed Buffers: Min: 409, Avg: 456.0, Max: 503, Diff: 94, Sum: 912]
      [Scan RS (ms): Min: 16.0, Avg: 16.6, Max: 17.1, Diff: 1.1, Sum: 33.2]
      [Code Root Scanning (ms): Min: 0.1, Avg: 0.1, Max: 0.1, Diff: 0.0, Sum: 0.2]
      [Object Copy (ms): Min: 70.6, Avg: 71.2, Max: 71.8, Diff: 1.2, Sum: 142.4]
      [Termination (ms): Min: 0.0, Avg: 0.0, Max: 0.0, Diff: 0.0, Sum: 0.0]
      [GC Worker Other (ms): Min: 0.2, Avg: 0.2, Max: 0.2, Diff: 0.0, Sum: 0.3]
      [GC Worker Total (ms): Min: 177.4, Avg: 177.6, Max: 177.8, Diff: 0.4, Sum: 355.2]
      [GC Worker End (ms): Min: 8401916.4, Avg: 8401916.4, Max: 8401916.4, Diff: 0.0]
   [Code Root Fixup: 0.5 ms]
   [Code Root Migration: 0.1 ms]
   [Clear CT: 0.6 ms]
   [Other: 7.3 ms]
      [Choose CSet: 0.0 ms]
      [Ref Proc: 2.8 ms]
      [Ref Enq: 0.2 ms]
      [Free CSet: 0.6 ms]
   [Eden: 204.0M(204.0M)->0.0B(634.0M) Survivors: 58.0M->16.0M Heap: 1846.0M(4096.0M)->1655.0M(4096.0M)]
 [Times: user=0.36 sys=0.01, real=0.18 secs] 
2016-08-30T15:56:11.453+0200: 8421.588: [GC pause (young), 0.1849620 secs]
   [Parallel Time: 174.8 ms, GC Workers: 2]
      [GC Worker Start (ms): Min: 8421590.0, Avg: 8421590.0, Max: 8421590.0, Diff: 0.0]
      [Ext Root Scanning (ms): Min: 51.4, Avg: 58.9, Max: 66.5, Diff: 15.0, Sum: 117.9]
      [Update RS (ms): Min: 54.7, Avg: 61.6, Max: 68.4, Diff: 13.7, Sum: 123.1]
         [Processed Buffers: Min: 408, Avg: 493.5, Max: 579, Diff: 171, Sum: 987]
      [Scan RS (ms): Min: 8.5, Avg: 8.7, Max: 8.9, Diff: 0.4, Sum: 17.4]
      [Code Root Scanning (ms): Min: 0.1, Avg: 0.1, Max: 0.2, Diff: 0.0, Sum: 0.3]
      [Object Copy (ms): Min: 44.7, Avg: 45.2, Max: 45.7, Diff: 1.0, Sum: 90.4]
      [Termination (ms): Min: 0.0, Avg: 0.0, Max: 0.0, Diff: 0.0, Sum: 0.0]
      [GC Worker Other (ms): Min: 0.1, Avg: 0.2, Max: 0.2, Diff: 0.0, Sum: 0.3]
      [GC Worker Total (ms): Min: 174.7, Avg: 174.7, Max: 174.7, Diff: 0.0, Sum: 349.4]
      [GC Worker End (ms): Min: 8421764.7, Avg: 8421764.7, Max: 8421764.7, Diff: 0.0]
   [Code Root Fixup: 0.3 ms]
   [Code Root Migration: 0.1 ms]
   [Clear CT: 0.4 ms]
   [Other: 9.4 ms]
      [Choose CSet: 0.0 ms]
      [Ref Proc: 4.7 ms]
      [Ref Enq: 0.3 ms]
      [Free CSet: 1.0 ms]
   [Eden: 546.0M(518.0M)->0.0B(314.0M) Survivors: 16.0M->62.0M Heap: 2201.0M(4096.0M)->1700.0M(4096.0M)]
 [Times: user=0.34 sys=0.01, real=0.18 secs] 
2016-08-30T15:56:22.579+0200: 8432.714: [GC pause (young), 0.1710120 secs]
   [Parallel Time: 164.2 ms, GC Workers: 2]
      [GC Worker Start (ms): Min: 8432715.4, Avg: 8432715.4, Max: 8432715.4, Diff: 0.0]
      [Ext Root Scanning (ms): Min: 50.1, Avg: 51.0, Max: 51.9, Diff: 1.9, Sum: 102.0]
      [Update RS (ms): Min: 45.1, Avg: 45.1, Max: 45.2, Diff: 0.1, Sum: 90.3]
         [Processed Buffers: Min: 384, Avg: 414.5, Max: 445, Diff: 61, Sum: 829]
      [Scan RS (ms): Min: 15.8, Avg: 15.8, Max: 15.9, Diff: 0.1, Sum: 31.6]
      [Code Root Scanning (ms): Min: 0.1, Avg: 0.1, Max: 0.1, Diff: 0.0, Sum: 0.3]
      [Object Copy (ms): Min: 51.1, Avg: 51.9, Max: 52.8, Diff: 1.7, Sum: 103.8]
      [Termination (ms): Min: 0.0, Avg: 0.0, Max: 0.0, Diff: 0.0, Sum: 0.0]
      [GC Worker Other (ms): Min: 0.1, Avg: 0.1, Max: 0.2, Diff: 0.1, Sum: 0.3]
      [GC Worker Total (ms): Min: 164.1, Avg: 164.1, Max: 164.2, Diff: 0.0, Sum: 328.3]
      [GC Worker End (ms): Min: 8432879.5, Avg: 8432879.5, Max: 8432879.5, Diff: 0.0]
   [Code Root Fixup: 0.4 ms]
   [Code Root Migration: 0.0 ms]
   [Clear CT: 0.4 ms]
   [Other: 5.9 ms]
      [Choose CSet: 0.0 ms]
      [Ref Proc: 2.3 ms]
      [Ref Enq: 0.1 ms]
      [Free CSet: 0.6 ms]
   [Eden: 300.0M(160.0M)->0.0B(596.0M) Survivors: 62.0M->28.0M Heap: 2000.0M(4096.0M)->1712.0M(4096.0M)]
 [Times: user=0.33 sys=0.00, real=0.17 secs] 
2016-08-30T15:56:43.579+0200: 8453.713: [GC pause (young), 0.1928690 secs]
   [Parallel Time: 180.5 ms, GC Workers: 2]
      [GC Worker Start (ms): Min: 8453715.1, Avg: 8453715.2, Max: 8453715.2, Diff: 0.0]
      [Ext Root Scanning (ms): Min: 51.0, Avg: 51.3, Max: 51.5, Diff: 0.5, Sum: 102.5]
      [Update RS (ms): Min: 62.7, Avg: 62.9, Max: 63.1, Diff: 0.3, Sum: 125.8]
         [Processed Buffers: Min: 481, Avg: 491.5, Max: 502, Diff: 21, Sum: 983]
      [Scan RS (ms): Min: 11.7, Avg: 11.8, Max: 11.8, Diff: 0.0, Sum: 23.5]
      [Code Root Scanning (ms): Min: 0.1, Avg: 0.2, Max: 0.2, Diff: 0.1, Sum: 0.3]
      [Object Copy (ms): Min: 53.7, Avg: 54.2, Max: 54.6, Diff: 0.9, Sum: 108.4]
      [Termination (ms): Min: 0.0, Avg: 0.0, Max: 0.0, Diff: 0.0, Sum: 0.0]
      [GC Worker Other (ms): Min: 0.2, Avg: 0.2, Max: 0.2, Diff: 0.0, Sum: 0.3]
      [GC Worker Total (ms): Min: 180.4, Avg: 180.4, Max: 180.5, Diff: 0.0, Sum: 360.9]
      [GC Worker End (ms): Min: 8453895.6, Avg: 8453895.6, Max: 8453895.6, Diff: 0.0]
   [Code Root Fixup: 0.5 ms]
   [Code Root Migration: 0.1 ms]
   [Clear CT: 0.5 ms]
   [Other: 11.2 ms]
      [Choose CSet: 0.0 ms]
      [Ref Proc: 6.4 ms]
      [Ref Enq: 0.6 ms]
      [Free CSet: 1.1 ms]
   [Eden: 510.0M(450.0M)->0.0B(330.0M) Survivors: 28.0M->60.0M Heap: 2222.0M(4096.0M)->1749.0M(4096.0M)]
 [Times: user=0.37 sys=0.00, real=0.19 secs] 
2016-08-30T15:56:54.427+0200: 8464.561: [GC pause (young), 0.2173680 secs]
   [Parallel Time: 206.9 ms, GC Workers: 2]
      [GC Worker Start (ms): Min: 8464563.1, Avg: 8464563.1, Max: 8464563.1, Diff: 0.0]
      [Ext Root Scanning (ms): Min: 50.1, Avg: 50.7, Max: 51.3, Diff: 1.3, Sum: 101.4]
      [Update RS (ms): Min: 58.5, Avg: 58.7, Max: 59.0, Diff: 0.5, Sum: 117.5]
         [Processed Buffers: Min: 455, Avg: 466.0, Max: 477, Diff: 22, Sum: 932]
      [Scan RS (ms): Min: 16.4, Avg: 16.8, Max: 17.3, Diff: 0.9, Sum: 33.7]
      [Code Root Scanning (ms): Min: 0.1, Avg: 0.1, Max: 0.1, Diff: 0.0, Sum: 0.2]
      [Object Copy (ms): Min: 80.3, Avg: 80.3, Max: 80.3, Diff: 0.0, Sum: 160.6]
      [Termination (ms): Min: 0.0, Avg: 0.0, Max: 0.0, Diff: 0.0, Sum: 0.0]
      [GC Worker Other (ms): Min: 0.1, Avg: 0.2, Max: 0.2, Diff: 0.1, Sum: 0.3]
      [GC Worker Total (ms): Min: 206.8, Avg: 206.8, Max: 206.8, Diff: 0.0, Sum: 413.6]
      [GC Worker End (ms): Min: 8464769.9, Avg: 8464769.9, Max: 8464769.9, Diff: 0.0]
   [Code Root Fixup: 0.5 ms]
   [Code Root Migration: 0.1 ms]
   [Clear CT: 0.6 ms]
   [Other: 9.3 ms]
      [Choose CSet: 0.0 ms]
      [Ref Proc: 4.5 ms]
      [Ref Enq: 0.3 ms]
      [Free CSet: 0.8 ms]
   [Eden: 316.0M(172.0M)->0.0B(382.0M) Survivors: 60.0M->30.0M Heap: 2065.0M(4096.0M)->1768.0M(4096.0M)]
 [Times: user=0.40 sys=0.01, real=0.22 secs] 
2016-08-30T15:57:10.017+0200: 8480.151: [GC pause (young), 0.1850020 secs]
   [Parallel Time: 174.5 ms, GC Workers: 2]
      [GC Worker Start (ms): Min: 8480153.2, Avg: 8480153.2, Max: 8480153.2, Diff: 0.0]
      [Ext Root Scanning (ms): Min: 52.5, Avg: 52.7, Max: 53.0, Diff: 0.5, Sum: 105.5]
      [Update RS (ms): Min: 50.6, Avg: 50.7, Max: 50.8, Diff: 0.2, Sum: 101.4]
         [Processed Buffers: Min: 413, Avg: 434.0, Max: 455, Diff: 42, Sum: 868]
      [Scan RS (ms): Min: 10.9, Avg: 11.1, Max: 11.3, Diff: 0.5, Sum: 22.2]
      [Code Root Scanning (ms): Min: 0.1, Avg: 0.1, Max: 0.1, Diff: 0.0, Sum: 0.2]
      [Object Copy (ms): Min: 59.4, Avg: 59.5, Max: 59.7, Diff: 0.3, Sum: 119.0]
      [Termination (ms): Min: 0.0, Avg: 0.0, Max: 0.0, Diff: 0.0, Sum: 0.0]
      [GC Worker Other (ms): Min: 0.1, Avg: 0.2, Max: 0.2, Diff: 0.0, Sum: 0.3]
      [GC Worker Total (ms): Min: 174.3, Avg: 174.3, Max: 174.3, Diff: 0.0, Sum: 348.6]
      [GC Worker End (ms): Min: 8480327.5, Avg: 8480327.5, Max: 8480327.5, Diff: 0.0]
   [Code Root Fixup: 0.4 ms]
   [Code Root Migration: 0.1 ms]
   [Clear CT: 0.6 ms]
   [Other: 9.4 ms]
      [Choose CSet: 0.0 ms]
      [Ref Proc: 4.7 ms]
      [Ref Enq: 0.3 ms]
      [Free CSet: 1.0 ms]
   [Eden: 382.0M(382.0M)->0.0B(368.0M) Survivors: 30.0M->32.0M Heap: 2150.0M(4096.0M)->1792.0M(4096.0M)]
 [Times: user=0.36 sys=0.00, real=0.19 secs] 
2016-08-30T15:57:23.406+0200: 8493.541: [GC pause (young), 0.1884640 secs]
   [Parallel Time: 180.8 ms, GC Workers: 2]
      [GC Worker Start (ms): Min: 8493542.3, Avg: 8493542.3, Max: 8493542.3, Diff: 0.0]
      [Ext Root Scanning (ms): Min: 49.4, Avg: 50.3, Max: 51.3, Diff: 1.9, Sum: 100.7]
      [Update RS (ms): Min: 57.8, Avg: 59.0, Max: 60.2, Diff: 2.4, Sum: 118.0]
         [Processed Buffers: Min: 338, Avg: 443.5, Max: 549, Diff: 211, Sum: 887]
      [Scan RS (ms): Min: 12.2, Avg: 12.5, Max: 12.8, Diff: 0.7, Sum: 25.0]
      [Code Root Scanning (ms): Min: 0.1, Avg: 0.1, Max: 0.2, Diff: 0.1, Sum: 0.3]
      [Object Copy (ms): Min: 58.5, Avg: 58.6, Max: 58.6, Diff: 0.1, Sum: 117.2]
      [Termination (ms): Min: 0.0, Avg: 0.0, Max: 0.0, Diff: 0.0, Sum: 0.0]
      [GC Worker Other (ms): Min: 0.1, Avg: 0.2, Max: 0.2, Diff: 0.0, Sum: 0.3]
      [GC Worker Total (ms): Min: 180.7, Avg: 180.7, Max: 180.7, Diff: 0.0, Sum: 361.4]
      [GC Worker End (ms): Min: 8493723.0, Avg: 8493723.0, Max: 8493723.0, Diff: 0.0]
   [Code Root Fixup: 0.2 ms]
   [Code Root Migration: 0.1 ms]
   [Clear CT: 0.5 ms]
   [Other: 6.9 ms]
      [Choose CSet: 0.0 ms]
      [Ref Proc: 3.0 ms]
      [Ref Enq: 0.2 ms]
      [Free CSet: 0.7 ms]
   [Eden: 368.0M(368.0M)->0.0B(306.0M) Survivors: 32.0M->38.0M Heap: 2160.0M(4096.0M)->1818.0M(4096.0M)]
 [Times: user=0.36 sys=0.00, real=0.19 secs] 
2016-08-30T15:57:37.125+0200: 8507.259: [GC pause (young), 0.3007120 secs]
   [Parallel Time: 294.2 ms, GC Workers: 2]
      [GC Worker Start (ms): Min: 8507260.5, Avg: 8507260.5, Max: 8507260.5, Diff: 0.0]
      [Ext Root Scanning (ms): Min: 109.4, Avg: 110.7, Max: 112.1, Diff: 2.7, Sum: 221.4]
      [Update RS (ms): Min: 64.9, Avg: 69.0, Max: 73.1, Diff: 8.2, Sum: 138.0]
         [Processed Buffers: Min: 385, Avg: 395.0, Max: 405, Diff: 20, Sum: 790]
      [Scan RS (ms): Min: 18.9, Avg: 19.8, Max: 20.8, Diff: 1.9, Sum: 39.7]
      [Code Root Scanning (ms): Min: 0.1, Avg: 0.1, Max: 0.1, Diff: 0.0, Sum: 0.2]
      [Object Copy (ms): Min: 92.5, Avg: 94.3, Max: 96.0, Diff: 3.5, Sum: 188.5]
      [Termination (ms): Min: 0.0, Avg: 0.1, Max: 0.2, Diff: 0.2, Sum: 0.2]
      [GC Worker Other (ms): Min: 0.0, Avg: 0.1, Max: 0.1, Diff: 0.1, Sum: 0.1]
      [GC Worker Total (ms): Min: 294.1, Avg: 294.1, Max: 294.1, Diff: 0.0, Sum: 588.2]
      [GC Worker End (ms): Min: 8507554.6, Avg: 8507554.6, Max: 8507554.6, Diff: 0.0]
   [Code Root Fixup: 0.3 ms]
   [Code Root Migration: 0.0 ms]
   [Clear CT: 0.7 ms]
   [Other: 5.4 ms]
      [Choose CSet: 0.0 ms]
      [Ref Proc: 2.3 ms]
      [Ref Enq: 0.1 ms]
      [Free CSet: 0.5 ms]
   [Eden: 306.0M(306.0M)->0.0B(176.0M) Survivors: 38.0M->28.0M Heap: 2124.0M(4096.0M)->1832.0M(4096.0M)]
 [Times: user=0.29 sys=0.00, real=0.31 secs] 
2016-08-30T15:57:41.992+0200: 8512.126: [GC pause (young), 0.1576990 secs]
   [Parallel Time: 151.0 ms, GC Workers: 2]
      [GC Worker Start (ms): Min: 8512127.8, Avg: 8512128.9, Max: 8512130.0, Diff: 2.1]
      [Ext Root Scanning (ms): Min: 54.2, Avg: 54.7, Max: 55.2, Diff: 1.0, Sum: 109.4]
      [Update RS (ms): Min: 39.4, Avg: 39.6, Max: 39.9, Diff: 0.5, Sum: 79.3]
         [Processed Buffers: Min: 348, Avg: 374.5, Max: 401, Diff: 53, Sum: 749]
      [Scan RS (ms): Min: 8.7, Avg: 8.7, Max: 8.7, Diff: 0.0, Sum: 17.4]
      [Code Root Scanning (ms): Min: 0.0, Avg: 0.1, Max: 0.1, Diff: 0.0, Sum: 0.1]
      [Object Copy (ms): Min: 46.0, Avg: 46.7, Max: 47.4, Diff: 1.4, Sum: 93.4]
      [Termination (ms): Min: 0.0, Avg: 0.0, Max: 0.0, Diff: 0.0, Sum: 0.0]
      [GC Worker Other (ms): Min: 0.1, Avg: 0.1, Max: 0.1, Diff: 0.1, Sum: 0.2]
      [GC Worker Total (ms): Min: 148.8, Avg: 149.9, Max: 151.0, Diff: 2.1, Sum: 299.8]
      [GC Worker End (ms): Min: 8512278.8, Avg: 8512278.8, Max: 8512278.8, Diff: 0.0]
   [Code Root Fixup: 0.4 ms]
   [Code Root Migration: 0.0 ms]
   [Clear CT: 0.5 ms]
   [Other: 5.7 ms]
      [Choose CSet: 0.0 ms]
      [Ref Proc: 2.1 ms]
      [Ref Enq: 0.2 ms]
      [Free CSet: 0.5 ms]
   [Eden: 176.0M(176.0M)->0.0B(182.0M) Survivors: 28.0M->22.0M Heap: 2008.0M(4096.0M)->1850.0M(4096.0M)]
 [Times: user=0.29 sys=0.00, real=0.16 secs] 
2016-08-30T15:57:48.262+0200: 8518.396: [GC pause (young), 0.2639170 secs]
   [Parallel Time: 258.9 ms, GC Workers: 2]
      [GC Worker Start (ms): Min: 8518397.4, Avg: 8518397.4, Max: 8518397.4, Diff: 0.0]
      [Ext Root Scanning (ms): Min: 72.3, Avg: 79.0, Max: 85.7, Diff: 13.4, Sum: 158.0]
      [Update RS (ms): Min: 70.5, Avg: 80.7, Max: 90.9, Diff: 20.4, Sum: 161.5]
         [Processed Buffers: Min: 339, Avg: 405.5, Max: 472, Diff: 133, Sum: 811]
      [Scan RS (ms): Min: 6.3, Avg: 8.2, Max: 10.1, Diff: 3.8, Sum: 16.4]
      [Code Root Scanning (ms): Min: 0.0, Avg: 0.0, Max: 0.0, Diff: 0.0, Sum: 0.1]
      [Object Copy (ms): Min: 85.3, Avg: 88.7, Max: 92.1, Diff: 6.8, Sum: 177.4]
      [Termination (ms): Min: 0.0, Avg: 2.1, Max: 4.1, Diff: 4.1, Sum: 4.1]
      [GC Worker Other (ms): Min: 0.0, Avg: 0.1, Max: 0.1, Diff: 0.1, Sum: 0.1]
      [GC Worker Total (ms): Min: 258.8, Avg: 258.8, Max: 258.8, Diff: 0.0, Sum: 517.6]
      [GC Worker End (ms): Min: 8518656.2, Avg: 8518656.2, Max: 8518656.3, Diff: 0.0]
   [Code Root Fixup: 0.3 ms]
   [Code Root Migration: 0.0 ms]
   [Clear CT: 0.6 ms]
   [Other: 4.1 ms]
      [Choose CSet: 0.0 ms]
      [Ref Proc: 1.4 ms]
      [Ref Enq: 0.1 ms]
      [Free CSet: 0.3 ms]
   [Eden: 182.0M(182.0M)->0.0B(184.0M) Survivors: 22.0M->20.0M Heap: 2032.0M(4096.0M)->1868.0M(4096.0M)]
 [Times: user=0.17 sys=0.00, real=0.26 secs] 
2016-08-30T15:57:55.913+0200: 8526.048: [GC pause (young) (initial-mark), 0.1736780 secs]
   [Parallel Time: 167.2 ms, GC Workers: 2]
      [GC Worker Start (ms): Min: 8526049.6, Avg: 8526049.9, Max: 8526050.3, Diff: 0.7]
      [Ext Root Scanning (ms): Min: 55.9, Avg: 58.2, Max: 60.4, Diff: 4.5, Sum: 116.4]
      [Code Root Marking (ms): Min: 13.8, Avg: 14.3, Max: 14.8, Diff: 0.9, Sum: 28.6]
      [Update RS (ms): Min: 37.1, Avg: 37.7, Max: 38.3, Diff: 1.2, Sum: 75.4]
         [Processed Buffers: Min: 334, Avg: 340.0, Max: 346, Diff: 12, Sum: 680]
      [Scan RS (ms): Min: 6.1, Avg: 6.4, Max: 6.6, Diff: 0.5, Sum: 12.7]
      [Code Root Scanning (ms): Min: 0.0, Avg: 0.1, Max: 0.1, Diff: 0.1, Sum: 0.1]
      [Object Copy (ms): Min: 47.7, Avg: 50.1, Max: 52.5, Diff: 4.8, Sum: 100.2]
      [Termination (ms): Min: 0.0, Avg: 0.0, Max: 0.0, Diff: 0.0, Sum: 0.0]
      [GC Worker Other (ms): Min: 0.1, Avg: 0.1, Max: 0.2, Diff: 0.1, Sum: 0.2]
      [GC Worker Total (ms): Min: 166.4, Avg: 166.8, Max: 167.1, Diff: 0.7, Sum: 333.6]
      [GC Worker End (ms): Min: 8526216.7, Avg: 8526216.7, Max: 8526216.7, Diff: 0.0]
   [Code Root Fixup: 0.3 ms]
   [Code Root Migration: 0.0 ms]
   [Clear CT: 0.4 ms]
   [Other: 5.8 ms]
      [Choose CSet: 0.0 ms]
      [Ref Proc: 1.5 ms]
      [Ref Enq: 0.1 ms]
      [Free CSet: 0.4 ms]
   [Eden: 184.0M(184.0M)->0.0B(182.0M) Survivors: 20.0M->22.0M Heap: 2052.0M(4096.0M)->1887.0M(4096.0M)]
 [Times: user=0.32 sys=0.00, real=0.17 secs] 
2016-08-30T15:57:56.088+0200: 8526.222: [GC concurrent-root-region-scan-start]
2016-08-30T15:57:56.100+0200: 8526.234: [GC concurrent-root-region-scan-end, 0.0123470 secs]
2016-08-30T15:57:56.100+0200: 8526.234: [GC concurrent-mark-start]
2016-08-30T15:57:57.677+0200: 8527.811: [GC concurrent-mark-end, 1.5767230 secs]
2016-08-30T15:57:57.679+0200: 8527.814: [GC remark 2016-08-30T15:57:57.682+0200: 8527.816: [GC ref-proc, 0.1031740 secs], 0.1304020 secs]
 [Times: user=0.15 sys=0.00, real=0.13 secs] 
2016-08-30T15:57:57.817+0200: 8527.951: [GC cleanup 1947M->1883M(4096M), 0.0453340 secs]
 [Times: user=0.09 sys=0.01, real=0.05 secs] 
2016-08-30T15:57:57.863+0200: 8527.998: [GC concurrent-cleanup-start]
2016-08-30T15:57:57.863+0200: 8527.998: [GC concurrent-cleanup-end, 0.0002420 secs]
2016-08-30T15:58:01.659+0200: 8531.793: [GC pause (young), 0.1427960 secs]
   [Parallel Time: 136.0 ms, GC Workers: 2]
      [GC Worker Start (ms): Min: 8531794.5, Avg: 8531794.5, Max: 8531794.5, Diff: 0.0]
      [Ext Root Scanning (ms): Min: 50.3, Avg: 50.8, Max: 51.3, Diff: 1.0, Sum: 101.6]
      [Update RS (ms): Min: 37.7, Avg: 37.7, Max: 37.7, Diff: 0.0, Sum: 75.4]
         [Processed Buffers: Min: 356, Avg: 364.5, Max: 373, Diff: 17, Sum: 729]
      [Scan RS (ms): Min: 6.1, Avg: 6.2, Max: 6.2, Diff: 0.1, Sum: 12.3]
      [Code Root Scanning (ms): Min: 0.1, Avg: 0.1, Max: 0.1, Diff: 0.0, Sum: 0.1]
      [Object Copy (ms): Min: 40.6, Avg: 41.1, Max: 41.6, Diff: 0.9, Sum: 82.2]
      [Termination (ms): Min: 0.0, Avg: 0.0, Max: 0.0, Diff: 0.0, Sum: 0.0]
      [GC Worker Other (ms): Min: 0.1, Avg: 0.1, Max: 0.1, Diff: 0.0, Sum: 0.1]
      [GC Worker Total (ms): Min: 135.9, Avg: 135.9, Max: 135.9, Diff: 0.0, Sum: 271.8]
      [GC Worker End (ms): Min: 8531930.4, Avg: 8531930.4, Max: 8531930.4, Diff: 0.0]
   [Code Root Fixup: 0.5 ms]
   [Code Root Migration: 0.0 ms]
   [Clear CT: 0.5 ms]
   [Other: 5.8 ms]
      [Choose CSet: 0.0 ms]
      [Ref Proc: 2.3 ms]
      [Ref Enq: 0.2 ms]
      [Free CSet: 0.5 ms]
   [Eden: 182.0M(182.0M)->0.0B(184.0M) Survivors: 22.0M->20.0M Heap: 2005.0M(4096.0M)->1841.0M(4096.0M)]
 [Times: user=0.28 sys=0.00, real=0.15 secs] 
2016-08-30T15:58:08.649+0200: 8538.783: [GC pause (mixed), 0.1913500 secs]
   [Parallel Time: 185.4 ms, GC Workers: 2]
      [GC Worker Start (ms): Min: 8538784.7, Avg: 8538786.0, Max: 8538787.3, Diff: 2.5]
      [Ext Root Scanning (ms): Min: 65.1, Avg: 72.4, Max: 79.8, Diff: 14.7, Sum: 144.8]
      [Update RS (ms): Min: 40.6, Avg: 41.1, Max: 41.6, Diff: 1.1, Sum: 82.2]
         [Processed Buffers: Min: 270, Avg: 394.5, Max: 519, Diff: 249, Sum: 789]
      [Scan RS (ms): Min: 20.2, Avg: 20.4, Max: 20.5, Diff: 0.3, Sum: 40.7]
      [Code Root Scanning (ms): Min: 0.0, Avg: 0.1, Max: 0.1, Diff: 0.0, Sum: 0.1]
      [Object Copy (ms): Min: 43.5, Avg: 50.0, Max: 56.5, Diff: 13.0, Sum: 100.0]
      [Termination (ms): Min: 0.0, Avg: 0.1, Max: 0.1, Diff: 0.1, Sum: 0.1]
      [GC Worker Other (ms): Min: 0.0, Avg: 0.1, Max: 0.1, Diff: 0.1, Sum: 0.1]
      [GC Worker Total (ms): Min: 182.8, Avg: 184.1, Max: 185.3, Diff: 2.6, Sum: 368.1]
      [GC Worker End (ms): Min: 8538970.1, Avg: 8538970.1, Max: 8538970.1, Diff: 0.0]
   [Code Root Fixup: 0.3 ms]
   [Code Root Migration: 0.0 ms]
   [Clear CT: 0.8 ms]
   [Other: 4.9 ms]
      [Choose CSet: 0.1 ms]
      [Ref Proc: 1.6 ms]
      [Ref Enq: 0.1 ms]
      [Free CSet: 0.8 ms]
   [Eden: 184.0M(184.0M)->0.0B(184.0M) Survivors: 20.0M->20.0M Heap: 2025.0M(4096.0M)->1657.0M(4096.0M)]
 [Times: user=0.19 sys=0.00, real=0.20 secs] 
2016-08-30T15:58:15.201+0200: 8545.335: [GC pause (mixed), 0.1822520 secs]
   [Parallel Time: 174.9 ms, GC Workers: 2]
      [GC Worker Start (ms): Min: 8545337.1, Avg: 8545337.4, Max: 8545337.6, Diff: 0.5]
      [Ext Root Scanning (ms): Min: 53.2, Avg: 53.4, Max: 53.6, Diff: 0.4, Sum: 106.8]
      [Update RS (ms): Min: 36.5, Avg: 37.0, Max: 37.5, Diff: 1.0, Sum: 74.0]
         [Processed Buffers: Min: 401, Avg: 439.5, Max: 478, Diff: 77, Sum: 879]
      [Scan RS (ms): Min: 34.8, Avg: 35.4, Max: 35.9, Diff: 1.1, Sum: 70.8]
      [Code Root Scanning (ms): Min: 0.1, Avg: 0.1, Max: 0.2, Diff: 0.1, Sum: 0.3]
      [Object Copy (ms): Min: 48.4, Avg: 48.6, Max: 48.7, Diff: 0.3, Sum: 97.1]
      [Termination (ms): Min: 0.0, Avg: 0.0, Max: 0.0, Diff: 0.0, Sum: 0.0]
      [GC Worker Other (ms): Min: 0.1, Avg: 0.1, Max: 0.1, Diff: 0.0, Sum: 0.3]
      [GC Worker Total (ms): Min: 174.4, Avg: 174.6, Max: 174.9, Diff: 0.5, Sum: 349.2]
      [GC Worker End (ms): Min: 8545512.0, Avg: 8545512.0, Max: 8545512.0, Diff: 0.0]
   [Code Root Fixup: 0.4 ms]
   [Code Root Migration: 0.1 ms]
   [Clear CT: 0.6 ms]
   [Other: 6.3 ms]
      [Choose CSet: 0.3 ms]
      [Ref Proc: 1.8 ms]
      [Ref Enq: 0.1 ms]
      [Free CSet: 1.0 ms]
   [Eden: 184.0M(184.0M)->0.0B(182.0M) Survivors: 20.0M->22.0M Heap: 1841.0M(4096.0M)->1487.0M(4096.0M)]
 [Times: user=0.35 sys=0.00, real=0.19 secs] 
2016-08-30T15:58:22.575+0200: 8552.709: [GC pause (mixed), 0.1953970 secs]
   [Parallel Time: 188.5 ms, GC Workers: 2]
      [GC Worker Start (ms): Min: 8552711.1, Avg: 8552711.1, Max: 8552711.1, Diff: 0.0]
      [Ext Root Scanning (ms): Min: 50.4, Avg: 50.9, Max: 51.4, Diff: 1.0, Sum: 101.8]
      [Update RS (ms): Min: 32.7, Avg: 33.1, Max: 33.5, Diff: 0.7, Sum: 66.2]
         [Processed Buffers: Min: 363, Avg: 371.0, Max: 379, Diff: 16, Sum: 742]
      [Scan RS (ms): Min: 48.1, Avg: 48.2, Max: 48.3, Diff: 0.2, Sum: 96.4]
      [Code Root Scanning (ms): Min: 0.1, Avg: 0.1, Max: 0.2, Diff: 0.1, Sum: 0.2]
      [Object Copy (ms): Min: 55.9, Avg: 56.1, Max: 56.3, Diff: 0.4, Sum: 112.2]
      [Termination (ms): Min: 0.0, Avg: 0.0, Max: 0.0, Diff: 0.0, Sum: 0.0]
      [GC Worker Other (ms): Min: 0.0, Avg: 0.0, Max: 0.0, Diff: 0.0, Sum: 0.1]
      [GC Worker Total (ms): Min: 188.4, Avg: 188.4, Max: 188.4, Diff: 0.0, Sum: 376.8]
      [GC Worker End (ms): Min: 8552899.5, Avg: 8552899.5, Max: 8552899.5, Diff: 0.0]
   [Code Root Fixup: 0.2 ms]
   [Code Root Migration: 0.1 ms]
   [Clear CT: 0.5 ms]
   [Other: 6.1 ms]
      [Choose CSet: 0.6 ms]
      [Ref Proc: 1.4 ms]
      [Ref Enq: 0.1 ms]
      [Free CSet: 1.2 ms]
   [Eden: 182.0M(182.0M)->0.0B(186.0M) Survivors: 22.0M->18.0M Heap: 1669.0M(4096.0M)->1330.0M(4096.0M)]
 [Times: user=0.38 sys=0.00, real=0.19 secs] 
2016-08-30T15:58:29.487+0200: 8559.621: [GC pause (mixed), 0.2677420 secs]
   [Parallel Time: 259.6 ms, GC Workers: 2]
      [GC Worker Start (ms): Min: 8559623.8, Avg: 8559623.9, Max: 8559623.9, Diff: 0.1]
      [Ext Root Scanning (ms): Min: 52.6, Avg: 55.4, Max: 58.2, Diff: 5.6, Sum: 110.7]
      [Update RS (ms): Min: 28.3, Avg: 32.0, Max: 35.6, Diff: 7.3, Sum: 63.9]
         [Processed Buffers: Min: 313, Avg: 367.5, Max: 422, Diff: 109, Sum: 735]
      [Scan RS (ms): Min: 96.3, Avg: 96.9, Max: 97.5, Diff: 1.2, Sum: 193.8]
      [Code Root Scanning (ms): Min: 0.1, Avg: 0.2, Max: 0.3, Diff: 0.2, Sum: 0.4]
      [Object Copy (ms): Min: 74.5, Avg: 75.0, Max: 75.4, Diff: 0.9, Sum: 149.9]
      [Termination (ms): Min: 0.0, Avg: 0.0, Max: 0.0, Diff: 0.0, Sum: 0.0]
      [GC Worker Other (ms): Min: 0.0, Avg: 0.1, Max: 0.1, Diff: 0.1, Sum: 0.2]
      [GC Worker Total (ms): Min: 259.4, Avg: 259.5, Max: 259.5, Diff: 0.1, Sum: 518.9]
      [GC Worker End (ms): Min: 8559883.3, Avg: 8559883.3, Max: 8559883.3, Diff: 0.0]
   [Code Root Fixup: 0.3 ms]
   [Code Root Migration: 0.1 ms]
   [Clear CT: 0.6 ms]
   [Other: 7.2 ms]
      [Choose CSet: 1.0 ms]
      [Ref Proc: 1.5 ms]
      [Ref Enq: 0.1 ms]
      [Free CSet: 1.6 ms]
   [Eden: 186.0M(186.0M)->0.0B(184.0M) Survivors: 18.0M->20.0M Heap: 1516.0M(4096.0M)->1175.0M(4096.0M)]
 [Times: user=0.51 sys=0.00, real=0.27 secs] 
2016-08-30T15:58:37.859+0200: 8567.993: [GC pause (mixed), 0.4571580 secs]
   [Parallel Time: 449.4 ms, GC Workers: 2]
      [GC Worker Start (ms): Min: 8567995.7, Avg: 8567995.7, Max: 8567995.7, Diff: 0.0]
      [Ext Root Scanning (ms): Min: 58.9, Avg: 64.2, Max: 69.5, Diff: 10.6, Sum: 128.4]
      [Update RS (ms): Min: 76.7, Avg: 80.7, Max: 84.6, Diff: 7.9, Sum: 161.3]
         [Processed Buffers: Min: 348, Avg: 366.0, Max: 384, Diff: 36, Sum: 732]
      [Scan RS (ms): Min: 176.0, Avg: 177.4, Max: 178.9, Diff: 2.9, Sum: 354.9]
      [Code Root Scanning (ms): Min: 0.0, Avg: 0.1, Max: 0.2, Diff: 0.2, Sum: 0.2]
      [Object Copy (ms): Min: 126.6, Avg: 126.8, Max: 127.0, Diff: 0.3, Sum: 253.6]
      [Termination (ms): Min: 0.0, Avg: 0.1, Max: 0.1, Diff: 0.1, Sum: 0.1]
      [GC Worker Other (ms): Min: 0.1, Avg: 0.1, Max: 0.1, Diff: 0.0, Sum: 0.2]
      [GC Worker Total (ms): Min: 449.4, Avg: 449.4, Max: 449.4, Diff: 0.0, Sum: 898.8]
      [GC Worker End (ms): Min: 8568445.1, Avg: 8568445.1, Max: 8568445.1, Diff: 0.0]
   [Code Root Fixup: 0.3 ms]
   [Code Root Migration: 0.0 ms]
   [Clear CT: 1.0 ms]
   [Other: 6.3 ms]
      [Choose CSet: 0.9 ms]
      [Ref Proc: 1.3 ms]
      [Ref Enq: 0.1 ms]
      [Free CSet: 1.3 ms]
   [Eden: 184.0M(184.0M)->0.0B(186.0M) Survivors: 20.0M->18.0M Heap: 1359.0M(4096.0M)->1064.0M(4096.0M)]
 [Times: user=0.41 sys=0.00, real=0.46 secs] 
2016-08-30T15:58:43.593+0200: 8573.728: [GC pause (young), 0.1588630 secs]
   [Parallel Time: 151.9 ms, GC Workers: 2]
      [GC Worker Start (ms): Min: 8573729.6, Avg: 8573729.9, Max: 8573730.3, Diff: 0.7]
      [Ext Root Scanning (ms): Min: 53.0, Avg: 60.0, Max: 66.9, Diff: 13.8, Sum: 119.9]
      [Update RS (ms): Min: 30.3, Avg: 37.5, Max: 44.7, Diff: 14.4, Sum: 75.0]
         [Processed Buffers: Min: 335, Avg: 376.5, Max: 418, Diff: 83, Sum: 753]
      [Scan RS (ms): Min: 7.2, Avg: 7.4, Max: 7.5, Diff: 0.3, Sum: 14.7]
      [Code Root Scanning (ms): Min: 0.1, Avg: 0.1, Max: 0.1, Diff: 0.0, Sum: 0.2]
      [Object Copy (ms): Min: 46.5, Avg: 46.5, Max: 46.6, Diff: 0.2, Sum: 93.1]
      [Termination (ms): Min: 0.0, Avg: 0.0, Max: 0.0, Diff: 0.0, Sum: 0.0]
      [GC Worker Other (ms): Min: 0.1, Avg: 0.1, Max: 0.1, Diff: 0.0, Sum: 0.2]
      [GC Worker Total (ms): Min: 151.2, Avg: 151.6, Max: 151.9, Diff: 0.7, Sum: 303.1]
      [GC Worker End (ms): Min: 8573881.5, Avg: 8573881.5, Max: 8573881.5, Diff: 0.0]
   [Code Root Fixup: 0.5 ms]
   [Code Root Migration: 0.0 ms]
   [Clear CT: 0.4 ms]
   [Other: 6.0 ms]
      [Choose CSet: 0.0 ms]
      [Ref Proc: 2.1 ms]
      [Ref Enq: 0.2 ms]
      [Free CSet: 0.5 ms]
   [Eden: 186.0M(186.0M)->0.0B(178.0M) Survivors: 18.0M->26.0M Heap: 1250.0M(4096.0M)->1092.0M(4096.0M)]
 [Times: user=0.30 sys=0.00, real=0.16 secs] 
2016-08-30T15:58:50.305+0200: 8580.439: [GC pause (young), 0.1426640 secs]
   [Parallel Time: 135.7 ms, GC Workers: 2]
      [GC Worker Start (ms): Min: 8580440.6, Avg: 8580440.6, Max: 8580440.6, Diff: 0.0]
      [Ext Root Scanning (ms): Min: 50.3, Avg: 52.1, Max: 53.9, Diff: 3.6, Sum: 104.2]
      [Update RS (ms): Min: 34.3, Avg: 36.2, Max: 38.1, Diff: 3.9, Sum: 72.4]
         [Processed Buffers: Min: 412, Avg: 412.5, Max: 413, Diff: 1, Sum: 825]
      [Scan RS (ms): Min: 6.7, Avg: 6.8, Max: 6.9, Diff: 0.2, Sum: 13.6]
      [Code Root Scanning (ms): Min: 0.0, Avg: 0.1, Max: 0.1, Diff: 0.1, Sum: 0.1]
      [Object Copy (ms): Min: 40.1, Avg: 40.3, Max: 40.6, Diff: 0.5, Sum: 80.6]
      [Termination (ms): Min: 0.0, Avg: 0.0, Max: 0.0, Diff: 0.0, Sum: 0.0]
      [GC Worker Other (ms): Min: 0.0, Avg: 0.1, Max: 0.2, Diff: 0.1, Sum: 0.2]
      [GC Worker Total (ms): Min: 135.6, Avg: 135.6, Max: 135.6, Diff: 0.0, Sum: 271.2]
      [GC Worker End (ms): Min: 8580576.2, Avg: 8580576.2, Max: 8580576.2, Diff: 0.0]
   [Code Root Fixup: 0.4 ms]
   [Code Root Migration: 0.0 ms]
   [Clear CT: 0.4 ms]
   [Other: 6.2 ms]
      [Choose CSet: 0.0 ms]
      [Ref Proc: 2.5 ms]
      [Ref Enq: 0.2 ms]
      [Free CSet: 0.4 ms]
   [Eden: 178.0M(178.0M)->0.0B(186.0M) Survivors: 26.0M->18.0M Heap: 1270.0M(4096.0M)->1111.0M(4096.0M)]
 [Times: user=0.28 sys=0.00, real=0.15 secs] 
2016-08-30T15:58:57.386+0200: 8587.520: [GC pause (young), 0.1493720 secs]
   [Parallel Time: 142.7 ms, GC Workers: 2]
      [GC Worker Start (ms): Min: 8587522.0, Avg: 8587523.9, Max: 8587525.9, Diff: 3.9]
      [Ext Root Scanning (ms): Min: 50.0, Avg: 50.9, Max: 51.8, Diff: 1.8, Sum: 101.8]
      [Update RS (ms): Min: 38.0, Avg: 38.4, Max: 38.7, Diff: 0.7, Sum: 76.7]
         [Processed Buffers: Min: 343, Avg: 375.5, Max: 408, Diff: 65, Sum: 751]
      [Scan RS (ms): Min: 6.4, Avg: 6.5, Max: 6.6, Diff: 0.2, Sum: 13.0]
      [Code Root Scanning (ms): Min: 0.1, Avg: 0.1, Max: 0.1, Diff: 0.0, Sum: 0.1]
      [Object Copy (ms): Min: 43.9, Avg: 44.7, Max: 45.4, Diff: 1.5, Sum: 89.4]
      [Termination (ms): Min: 0.0, Avg: 0.0, Max: 0.0, Diff: 0.0, Sum: 0.0]
      [GC Worker Other (ms): Min: 0.1, Avg: 0.1, Max: 0.2, Diff: 0.0, Sum: 0.3]
      [GC Worker Total (ms): Min: 138.7, Avg: 140.7, Max: 142.6, Diff: 3.9, Sum: 281.3]
      [GC Worker End (ms): Min: 8587664.6, Avg: 8587664.6, Max: 8587664.6, Diff: 0.0]
   [Code Root Fixup: 0.4 ms]
   [Code Root Migration: 0.0 ms]
   [Clear CT: 0.4 ms]
   [Other: 5.9 ms]
      [Choose CSet: 0.0 ms]
      [Ref Proc: 2.2 ms]
      [Ref Enq: 0.2 ms]
      [Free CSet: 0.4 ms]
   [Eden: 186.0M(186.0M)->0.0B(182.0M) Survivors: 18.0M->22.0M Heap: 1297.0M(4096.0M)->1130.0M(4096.0M)]
 [Times: user=0.28 sys=0.00, real=0.15 secs] 
2016-08-30T15:59:03.097+0200: 8593.231: [GC pause (young), 0.1379410 secs]
   [Parallel Time: 131.3 ms, GC Workers: 2]
      [GC Worker Start (ms): Min: 8593232.7, Avg: 8593232.7, Max: 8593232.8, Diff: 0.0]
      [Ext Root Scanning (ms): Min: 48.9, Avg: 49.6, Max: 50.3, Diff: 1.4, Sum: 99.2]
      [Update RS (ms): Min: 34.4, Avg: 35.0, Max: 35.7, Diff: 1.3, Sum: 70.1]
         [Processed Buffers: Min: 308, Avg: 344.5, Max: 381, Diff: 73, Sum: 689]
      [Scan RS (ms): Min: 5.9, Avg: 6.3, Max: 6.6, Diff: 0.7, Sum: 12.6]
      [Code Root Scanning (ms): Min: 0.0, Avg: 0.1, Max: 0.1, Diff: 0.1, Sum: 0.1]
      [Object Copy (ms): Min: 39.6, Avg: 40.1, Max: 40.6, Diff: 1.0, Sum: 80.2]
      [Termination (ms): Min: 0.0, Avg: 0.0, Max: 0.0, Diff: 0.0, Sum: 0.0]
      [GC Worker Other (ms): Min: 0.1, Avg: 0.1, Max: 0.2, Diff: 0.0, Sum: 0.3]
      [GC Worker Total (ms): Min: 131.2, Avg: 131.2, Max: 131.2, Diff: 0.0, Sum: 262.4]
      [GC Worker End (ms): Min: 8593364.0, Avg: 8593364.0, Max: 8593364.0, Diff: 0.0]
   [Code Root Fixup: 0.5 ms]
   [Code Root Migration: 0.0 ms]
   [Clear CT: 0.4 ms]
   [Other: 5.6 ms]
      [Choose CSet: 0.0 ms]
      [Ref Proc: 2.3 ms]
      [Ref Enq: 0.2 ms]
      [Free CSet: 0.5 ms]
   [Eden: 182.0M(182.0M)->0.0B(182.0M) Survivors: 22.0M->22.0M Heap: 1312.0M(4096.0M)->1148.0M(4096.0M)]
 [Times: user=0.27 sys=0.00, real=0.14 secs] 
2016-08-30T15:59:09.338+0200: 8599.472: [GC pause (young), 0.1482650 secs]
   [Parallel Time: 141.5 ms, GC Workers: 2]
      [GC Worker Start (ms): Min: 8599473.8, Avg: 8599473.9, Max: 8599473.9, Diff: 0.0]
      [Ext Root Scanning (ms): Min: 51.2, Avg: 55.0, Max: 58.8, Diff: 7.6, Sum: 110.0]
      [Update RS (ms): Min: 32.5, Avg: 37.8, Max: 43.0, Diff: 10.5, Sum: 75.6]
         [Processed Buffers: Min: 334, Avg: 386.0, Max: 438, Diff: 104, Sum: 772]
      [Scan RS (ms): Min: 6.5, Avg: 6.8, Max: 7.1, Diff: 0.7, Sum: 13.6]
      [Code Root Scanning (ms): Min: 0.0, Avg: 0.1, Max: 0.1, Diff: 0.1, Sum: 0.1]
      [Object Copy (ms): Min: 40.6, Avg: 41.7, Max: 42.7, Diff: 2.2, Sum: 83.3]
      [Termination (ms): Min: 0.0, Avg: 0.0, Max: 0.0, Diff: 0.0, Sum: 0.0]
      [GC Worker Other (ms): Min: 0.1, Avg: 0.2, Max: 0.2, Diff: 0.0, Sum: 0.3]
      [GC Worker Total (ms): Min: 141.4, Avg: 141.5, Max: 141.5, Diff: 0.0, Sum: 282.9]
      [GC Worker End (ms): Min: 8599615.3, Avg: 8599615.3, Max: 8599615.3, Diff: 0.0]
   [Code Root Fixup: 0.5 ms]
   [Code Root Migration: 0.0 ms]
   [Clear CT: 0.4 ms]
   [Other: 5.8 ms]
      [Choose CSet: 0.0 ms]
      [Ref Proc: 2.2 ms]
      [Ref Enq: 0.2 ms]
      [Free CSet: 0.6 ms]
   [Eden: 182.0M(182.0M)->0.0B(186.0M) Survivors: 22.0M->18.0M Heap: 1330.0M(4096.0M)->1165.0M(4096.0M)]
 [Times: user=0.28 sys=0.00, real=0.15 secs] 
2016-08-30T15:59:15.004+0200: 8605.139: [GC pause (young), 0.1499440 secs]
   [Parallel Time: 142.2 ms, GC Workers: 2]
      [GC Worker Start (ms): Min: 8605140.5, Avg: 8605142.2, Max: 8605144.0, Diff: 3.5]
      [Ext Root Scanning (ms): Min: 52.8, Avg: 53.4, Max: 54.0, Diff: 1.2, Sum: 106.7]
      [Update RS (ms): Min: 41.0, Avg: 41.9, Max: 42.7, Diff: 1.7, Sum: 83.8]
         [Processed Buffers: Min: 428, Avg: 465.5, Max: 503, Diff: 75, Sum: 931]
      [Scan RS (ms): Min: 6.6, Avg: 6.7, Max: 6.9, Diff: 0.3, Sum: 13.5]
      [Code Root Scanning (ms): Min: 0.1, Avg: 0.1, Max: 0.1, Diff: 0.0, Sum: 0.1]
      [Object Copy (ms): Min: 37.6, Avg: 38.1, Max: 38.6, Diff: 0.9, Sum: 76.2]
      [Termination (ms): Min: 0.0, Avg: 0.0, Max: 0.0, Diff: 0.0, Sum: 0.0]
      [GC Worker Other (ms): Min: 0.1, Avg: 0.1, Max: 0.2, Diff: 0.0, Sum: 0.3]
      [GC Worker Total (ms): Min: 138.5, Avg: 140.3, Max: 142.0, Diff: 3.5, Sum: 280.6]
      [GC Worker End (ms): Min: 8605282.5, Avg: 8605282.5, Max: 8605282.5, Diff: 0.0]
   [Code Root Fixup: 0.5 ms]
   [Code Root Migration: 0.0 ms]
   [Clear CT: 0.7 ms]
   [Other: 6.6 ms]
      [Choose CSet: 0.0 ms]
      [Ref Proc: 2.7 ms]
      [Ref Enq: 0.2 ms]
      [Free CSet: 0.5 ms]
   [Eden: 186.0M(186.0M)->0.0B(182.0M) Survivors: 18.0M->22.0M Heap: 1351.0M(4096.0M)->1184.0M(4096.0M)]
 [Times: user=0.28 sys=0.00, real=0.15 secs] 
2016-08-30T15:59:21.879+0200: 8612.014: [GC pause (young), 0.1415190 secs]
   [Parallel Time: 134.8 ms, GC Workers: 2]
      [GC Worker Start (ms): Min: 8612015.4, Avg: 8612016.7, Max: 8612018.0, Diff: 2.6]
      [Ext Root Scanning (ms): Min: 48.5, Avg: 50.2, Max: 52.0, Diff: 3.5, Sum: 100.4]
      [Update RS (ms): Min: 39.6, Avg: 39.9, Max: 40.2, Diff: 0.6, Sum: 79.8]
         [Processed Buffers: Min: 412, Avg: 415.5, Max: 419, Diff: 7, Sum: 831]
      [Scan RS (ms): Min: 7.9, Avg: 7.9, Max: 7.9, Diff: 0.0, Sum: 15.7]
      [Code Root Scanning (ms): Min: 0.1, Avg: 0.1, Max: 0.1, Diff: 0.0, Sum: 0.1]
      [Object Copy (ms): Min: 35.1, Avg: 35.2, Max: 35.4, Diff: 0.3, Sum: 70.5]
      [Termination (ms): Min: 0.0, Avg: 0.0, Max: 0.0, Diff: 0.0, Sum: 0.0]
      [GC Worker Other (ms): Min: 0.1, Avg: 0.1, Max: 0.2, Diff: 0.0, Sum: 0.3]
      [GC Worker Total (ms): Min: 132.1, Avg: 133.4, Max: 134.7, Diff: 2.6, Sum: 266.8]
      [GC Worker End (ms): Min: 8612150.1, Avg: 8612150.1, Max: 8612150.1, Diff: 0.0]
   [Code Root Fixup: 0.5 ms]
   [Code Root Migration: 0.0 ms]
   [Clear CT: 0.5 ms]
   [Other: 5.8 ms]
      [Choose CSet: 0.0 ms]
      [Ref Proc: 2.2 ms]
      [Ref Enq: 0.2 ms]
      [Free CSet: 0.5 ms]
   [Eden: 182.0M(182.0M)->0.0B(422.0M) Survivors: 22.0M->14.0M Heap: 1366.0M(4096.0M)->1196.0M(4096.0M)]
 [Times: user=0.27 sys=0.00, real=0.14 secs] 
2016-08-30T15:59:38.692+0200: 8628.826: [GC pause (young), 0.1422810 secs]
   [Parallel Time: 133.9 ms, GC Workers: 2]
      [GC Worker Start (ms): Min: 8628827.8, Avg: 8628827.8, Max: 8628827.8, Diff: 0.0]
      [Ext Root Scanning (ms): Min: 42.7, Avg: 46.7, Max: 50.7, Diff: 7.9, Sum: 93.4]
      [Update RS (ms): Min: 36.9, Avg: 41.2, Max: 45.5, Diff: 8.6, Sum: 82.5]
         [Processed Buffers: Min: 248, Avg: 459.5, Max: 671, Diff: 423, Sum: 919]
      [Scan RS (ms): Min: 6.4, Avg: 7.0, Max: 7.6, Diff: 1.1, Sum: 14.0]
      [Code Root Scanning (ms): Min: 0.1, Avg: 0.1, Max: 0.1, Diff: 0.1, Sum: 0.2]
      [Object Copy (ms): Min: 37.8, Avg: 38.7, Max: 39.6, Diff: 1.8, Sum: 77.4]
      [Termination (ms): Min: 0.0, Avg: 0.0, Max: 0.0, Diff: 0.0, Sum: 0.0]
      [GC Worker Other (ms): Min: 0.0, Avg: 0.1, Max: 0.1, Diff: 0.0, Sum: 0.1]
      [GC Worker Total (ms): Min: 133.8, Avg: 133.8, Max: 133.8, Diff: 0.0, Sum: 267.6]
      [GC Worker End (ms): Min: 8628961.6, Avg: 8628961.6, Max: 8628961.6, Diff: 0.0]
   [Code Root Fixup: 0.4 ms]
   [Code Root Migration: 0.1 ms]
   [Clear CT: 0.6 ms]
   [Other: 7.3 ms]
      [Choose CSet: 0.0 ms]
      [Ref Proc: 4.1 ms]
      [Ref Enq: 0.2 ms]
      [Free CSet: 0.7 ms]
   [Eden: 422.0M(422.0M)->0.0B(402.0M) Survivors: 14.0M->48.0M Heap: 1618.0M(4096.0M)->1229.0M(4096.0M)]
 [Times: user=0.24 sys=0.00, real=0.15 secs] 
2016-08-30T15:59:52.397+0200: 8642.531: [GC pause (young), 0.2064520 secs]
   [Parallel Time: 197.9 ms, GC Workers: 2]
      [GC Worker Start (ms): Min: 8642533.1, Avg: 8642533.2, Max: 8642533.2, Diff: 0.0]
      [Ext Root Scanning (ms): Min: 52.5, Avg: 53.3, Max: 54.2, Diff: 1.8, Sum: 106.7]
      [Update RS (ms): Min: 57.3, Avg: 57.9, Max: 58.4, Diff: 1.2, Sum: 115.7]
         [Processed Buffers: Min: 392, Avg: 435.5, Max: 479, Diff: 87, Sum: 871]
      [Scan RS (ms): Min: 16.6, Avg: 16.9, Max: 17.2, Diff: 0.7, Sum: 33.8]
      [Code Root Scanning (ms): Min: 0.1, Avg: 0.2, Max: 0.2, Diff: 0.1, Sum: 0.3]
      [Object Copy (ms): Min: 69.5, Avg: 69.6, Max: 69.7, Diff: 0.1, Sum: 139.2]
      [Termination (ms): Min: 0.0, Avg: 0.0, Max: 0.0, Diff: 0.0, Sum: 0.0]
      [GC Worker Other (ms): Min: 0.0, Avg: 0.1, Max: 0.1, Diff: 0.0, Sum: 0.1]
      [GC Worker Total (ms): Min: 197.9, Avg: 197.9, Max: 197.9, Diff: 0.0, Sum: 395.8]
      [GC Worker End (ms): Min: 8642731.0, Avg: 8642731.0, Max: 8642731.0, Diff: 0.0]
   [Code Root Fixup: 0.3 ms]
   [Code Root Migration: 0.1 ms]
   [Clear CT: 0.8 ms]
   [Other: 7.4 ms]
      [Choose CSet: 0.0 ms]
      [Ref Proc: 3.2 ms]
      [Ref Enq: 0.2 ms]
      [Free CSet: 0.7 ms]
   [Eden: 402.0M(402.0M)->0.0B(260.0M) Survivors: 48.0M->48.0M Heap: 1631.0M(4096.0M)->1259.0M(4096.0M)]
 [Times: user=0.38 sys=0.00, real=0.20 secs] 
2016-08-30T16:00:02.100+0200: 8652.234: [GC pause (young), 0.1687280 secs]
   [Parallel Time: 160.3 ms, GC Workers: 2]
      [GC Worker Start (ms): Min: 8652235.6, Avg: 8652237.4, Max: 8652239.2, Diff: 3.6]
      [Ext Root Scanning (ms): Min: 45.3, Avg: 46.5, Max: 47.6, Diff: 2.3, Sum: 93.0]
      [Update RS (ms): Min: 41.8, Avg: 41.9, Max: 42.0, Diff: 0.2, Sum: 83.8]
         [Processed Buffers: Min: 379, Avg: 401.0, Max: 423, Diff: 44, Sum: 802]
      [Scan RS (ms): Min: 11.1, Avg: 11.1, Max: 11.1, Diff: 0.1, Sum: 22.2]
      [Code Root Scanning (ms): Min: 0.1, Avg: 0.1, Max: 0.1, Diff: 0.0, Sum: 0.2]
      [Object Copy (ms): Min: 57.9, Avg: 58.7, Max: 59.5, Diff: 1.5, Sum: 117.4]
      [Termination (ms): Min: 0.0, Avg: 0.0, Max: 0.0, Diff: 0.0, Sum: 0.0]
      [GC Worker Other (ms): Min: 0.1, Avg: 0.1, Max: 0.1, Diff: 0.0, Sum: 0.3]
      [GC Worker Total (ms): Min: 156.6, Avg: 158.4, Max: 160.2, Diff: 3.6, Sum: 316.9]
      [GC Worker End (ms): Min: 8652395.8, Avg: 8652395.8, Max: 8652395.8, Diff: 0.0]
   [Code Root Fixup: 0.6 ms]
   [Code Root Migration: 0.1 ms]
   [Clear CT: 0.5 ms]
   [Other: 7.3 ms]
      [Choose CSet: 0.0 ms]
      [Ref Proc: 3.2 ms]
      [Ref Enq: 0.2 ms]
      [Free CSet: 0.6 ms]
   [Eden: 260.0M(260.0M)->0.0B(396.0M) Survivors: 48.0M->26.0M Heap: 1519.0M(4096.0M)->1274.0M(4096.0M)]
 [Times: user=0.33 sys=0.00, real=0.17 secs] 
2016-08-30T16:00:16.728+0200: 8666.862: [GC pause (young), 0.2537840 secs]
   [Parallel Time: 245.4 ms, GC Workers: 2]
      [GC Worker Start (ms): Min: 8666864.0, Avg: 8666864.1, Max: 8666864.1, Diff: 0.0]
      [Ext Root Scanning (ms): Min: 75.3, Avg: 75.5, Max: 75.8, Diff: 0.6, Sum: 151.1]
      [Update RS (ms): Min: 74.5, Avg: 75.3, Max: 76.2, Diff: 1.7, Sum: 150.6]
         [Processed Buffers: Min: 444, Avg: 463.0, Max: 482, Diff: 38, Sum: 926]
      [Scan RS (ms): Min: 13.8, Avg: 14.5, Max: 15.1, Diff: 1.3, Sum: 28.9]
      [Code Root Scanning (ms): Min: 0.2, Avg: 0.2, Max: 0.3, Diff: 0.1, Sum: 0.4]
      [Object Copy (ms): Min: 79.7, Avg: 79.7, Max: 79.7, Diff: 0.0, Sum: 159.4]
      [Termination (ms): Min: 0.0, Avg: 0.0, Max: 0.0, Diff: 0.0, Sum: 0.0]
      [GC Worker Other (ms): Min: 0.1, Avg: 0.1, Max: 0.1, Diff: 0.0, Sum: 0.2]
      [GC Worker Total (ms): Min: 245.3, Avg: 245.3, Max: 245.3, Diff: 0.0, Sum: 490.6]
      [GC Worker End (ms): Min: 8667109.4, Avg: 8667109.4, Max: 8667109.4, Diff: 0.0]
   [Code Root Fixup: 0.3 ms]
   [Code Root Migration: 0.1 ms]
   [Clear CT: 0.5 ms]
   [Other: 7.5 ms]
      [Choose CSet: 0.0 ms]
      [Ref Proc: 3.6 ms]
      [Ref Enq: 0.2 ms]
      [Free CSet: 0.8 ms]
   [Eden: 396.0M(396.0M)->0.0B(150.0M) Survivors: 26.0M->54.0M Heap: 1670.0M(4096.0M)->1305.0M(4096.0M)]
 [Times: user=0.49 sys=0.00, real=0.26 secs] 
2016-08-30T16:00:22.321+0200: 8672.456: [GC pause (young), 0.1631410 secs]
   [Parallel Time: 157.8 ms, GC Workers: 2]
      [GC Worker Start (ms): Min: 8672456.7, Avg: 8672456.7, Max: 8672456.7, Diff: 0.0]
      [Ext Root Scanning (ms): Min: 50.9, Avg: 51.0, Max: 51.2, Diff: 0.4, Sum: 102.1]
      [Update RS (ms): Min: 34.9, Avg: 35.5, Max: 36.0, Diff: 1.1, Sum: 70.9]
         [Processed Buffers: Min: 296, Avg: 304.5, Max: 313, Diff: 17, Sum: 609]
      [Scan RS (ms): Min: 14.4, Avg: 14.7, Max: 15.0, Diff: 0.6, Sum: 29.4]
      [Code Root Scanning (ms): Min: 0.0, Avg: 0.1, Max: 0.1, Diff: 0.1, Sum: 0.1]
      [Object Copy (ms): Min: 56.3, Avg: 56.3, Max: 56.4, Diff: 0.1, Sum: 112.7]
      [Termination (ms): Min: 0.0, Avg: 0.0, Max: 0.0, Diff: 0.0, Sum: 0.0]
      [GC Worker Other (ms): Min: 0.1, Avg: 0.1, Max: 0.1, Diff: 0.0, Sum: 0.2]
      [GC Worker Total (ms): Min: 157.7, Avg: 157.8, Max: 157.8, Diff: 0.0, Sum: 315.5]
      [GC Worker End (ms): Min: 8672614.5, Avg: 8672614.5, Max: 8672614.5, Diff: 0.0]
   [Code Root Fixup: 0.3 ms]
   [Code Root Migration: 0.0 ms]
   [Clear CT: 0.6 ms]
   [Other: 4.3 ms]
      [Choose CSet: 0.0 ms]
      [Ref Proc: 1.3 ms]
      [Ref Enq: 0.1 ms]
      [Free CSet: 0.4 ms]
   [Eden: 150.0M(150.0M)->0.0B(254.0M) Survivors: 54.0M->18.0M Heap: 1455.0M(4096.0M)->1318.0M(4096.0M)]
 [Times: user=0.29 sys=0.00, real=0.16 secs] 
2016-08-30T16:00:31.669+0200: 8681.804: [GC pause (young), 0.1547750 secs]
   [Parallel Time: 146.4 ms, GC Workers: 2]
      [GC Worker Start (ms): Min: 8681805.5, Avg: 8681806.7, Max: 8681808.0, Diff: 2.5]
      [Ext Root Scanning (ms): Min: 51.4, Avg: 52.0, Max: 52.5, Diff: 1.1, Sum: 103.9]
      [Update RS (ms): Min: 46.1, Avg: 47.0, Max: 47.9, Diff: 1.9, Sum: 94.0]
         [Processed Buffers: Min: 461, Avg: 470.0, Max: 479, Diff: 18, Sum: 940]
      [Scan RS (ms): Min: 5.8, Avg: 6.1, Max: 6.4, Diff: 0.6, Sum: 12.2]
      [Code Root Scanning (ms): Min: 0.1, Avg: 0.1, Max: 0.1, Diff: 0.0, Sum: 0.2]
      [Object Copy (ms): Min: 39.8, Avg: 39.8, Max: 39.9, Diff: 0.1, Sum: 79.7]
      [Termination (ms): Min: 0.0, Avg: 0.0, Max: 0.0, Diff: 0.0, Sum: 0.0]
      [GC Worker Other (ms): Min: 0.1, Avg: 0.1, Max: 0.2, Diff: 0.0, Sum: 0.3]
      [GC Worker Total (ms): Min: 143.9, Avg: 145.1, Max: 146.4, Diff: 2.5, Sum: 290.2]
      [GC Worker End (ms): Min: 8681951.8, Avg: 8681951.8, Max: 8681951.8, Diff: 0.0]
   [Code Root Fixup: 0.5 ms]
   [Code Root Migration: 0.0 ms]
   [Clear CT: 0.5 ms]
   [Other: 7.3 ms]
      [Choose CSet: 0.0 ms]
      [Ref Proc: 3.4 ms]
      [Ref Enq: 0.2 ms]
      [Free CSet: 0.6 ms]
   [Eden: 254.0M(254.0M)->0.0B(234.0M) Survivors: 18.0M->34.0M Heap: 1572.0M(4096.0M)->1335.0M(4096.0M)]
 [Times: user=0.30 sys=0.00, real=0.16 secs] 
2016-08-30T16:00:40.747+0200: 8690.881: [GC pause (young), 0.1658380 secs]
   [Parallel Time: 158.7 ms, GC Workers: 2]
      [GC Worker Start (ms): Min: 8690883.1, Avg: 8690884.1, Max: 8690885.0, Diff: 1.9]
      [Ext Root Scanning (ms): Min: 55.6, Avg: 57.9, Max: 60.2, Diff: 4.6, Sum: 115.7]
      [Update RS (ms): Min: 38.8, Avg: 40.7, Max: 42.6, Diff: 3.8, Sum: 81.4]
         [Processed Buffers: Min: 415, Avg: 421.5, Max: 428, Diff: 13, Sum: 843]
      [Scan RS (ms): Min: 9.7, Avg: 10.0, Max: 10.2, Diff: 0.5, Sum: 20.0]
      [Code Root Scanning (ms): Min: 0.1, Avg: 0.1, Max: 0.1, Diff: 0.1, Sum: 0.2]
      [Object Copy (ms): Min: 47.5, Avg: 48.6, Max: 49.6, Diff: 2.1, Sum: 97.1]
      [Termination (ms): Min: 0.0, Avg: 0.0, Max: 0.0, Diff: 0.0, Sum: 0.0]
      [GC Worker Other (ms): Min: 0.1, Avg: 0.1, Max: 0.1, Diff: 0.0, Sum: 0.2]
      [GC Worker Total (ms): Min: 156.4, Avg: 157.3, Max: 158.3, Diff: 1.9, Sum: 314.6]
      [GC Worker End (ms): Min: 8691041.4, Avg: 8691041.4, Max: 8691041.4, Diff: 0.0]
   [Code Root Fixup: 0.5 ms]
   [Code Root Migration: 0.0 ms]
   [Clear CT: 0.4 ms]
   [Other: 6.2 ms]
      [Choose CSet: 0.0 ms]
      [Ref Proc: 2.7 ms]
      [Ref Enq: 0.2 ms]
      [Free CSet: 0.5 ms]
   [Eden: 234.0M(234.0M)->0.0B(398.0M) Survivors: 34.0M->22.0M Heap: 1569.0M(4096.0M)->1351.0M(4096.0M)]
 [Times: user=0.30 sys=0.00, real=0.16 secs] 
2016-08-30T16:00:54.596+0200: 8704.730: [GC pause (young), 0.1898260 secs]
   [Parallel Time: 178.3 ms, GC Workers: 2]
      [GC Worker Start (ms): Min: 8704731.9, Avg: 8704731.9, Max: 8704731.9, Diff: 0.0]
      [Ext Root Scanning (ms): Min: 51.1, Avg: 51.5, Max: 51.8, Diff: 0.8, Sum: 102.9]
      [Update RS (ms): Min: 57.9, Avg: 58.8, Max: 59.8, Diff: 2.0, Sum: 117.7]
         [Processed Buffers: Min: 460, Avg: 462.5, Max: 465, Diff: 5, Sum: 925]
      [Scan RS (ms): Min: 9.9, Avg: 9.9, Max: 9.9, Diff: 0.0, Sum: 19.8]
      [Code Root Scanning (ms): Min: 0.1, Avg: 0.1, Max: 0.2, Diff: 0.1, Sum: 0.3]
      [Object Copy (ms): Min: 57.1, Avg: 57.7, Max: 58.3, Diff: 1.3, Sum: 115.4]
      [Termination (ms): Min: 0.0, Avg: 0.0, Max: 0.0, Diff: 0.0, Sum: 0.0]
      [GC Worker Other (ms): Min: 0.1, Avg: 0.1, Max: 0.1, Diff: 0.1, Sum: 0.2]
      [GC Worker Total (ms): Min: 178.1, Avg: 178.1, Max: 178.1, Diff: 0.1, Sum: 356.2]
      [GC Worker End (ms): Min: 8704910.0, Avg: 8704910.0, Max: 8704910.0, Diff: 0.0]
   [Code Root Fixup: 0.7 ms]
   [Code Root Migration: 0.1 ms]
   [Clear CT: 0.5 ms]
   [Other: 10.3 ms]
      [Choose CSet: 0.0 ms]
      [Ref Proc: 5.7 ms]
      [Ref Enq: 0.4 ms]
      [Free CSet: 1.0 ms]
   [Eden: 398.0M(398.0M)->0.0B(220.0M) Survivors: 22.0M->54.0M Heap: 1749.0M(4096.0M)->1383.0M(4096.0M)]
 [Times: user=0.36 sys=0.00, real=0.19 secs] 
2016-08-30T16:01:02.791+0200: 8712.926: [GC pause (young), 0.1743140 secs]
   [Parallel Time: 168.0 ms, GC Workers: 2]
      [GC Worker Start (ms): Min: 8712927.4, Avg: 8712927.5, Max: 8712927.5, Diff: 0.0]
      [Ext Root Scanning (ms): Min: 52.0, Avg: 53.3, Max: 54.7, Diff: 2.7, Sum: 106.7]
      [Update RS (ms): Min: 38.1, Avg: 39.5, Max: 40.9, Diff: 2.9, Sum: 79.0]
         [Processed Buffers: Min: 334, Avg: 375.0, Max: 416, Diff: 82, Sum: 750]
      [Scan RS (ms): Min: 13.8, Avg: 13.8, Max: 13.8, Diff: 0.0, Sum: 27.6]
      [Code Root Scanning (ms): Min: 0.1, Avg: 0.1, Max: 0.1, Diff: 0.1, Sum: 0.2]
      [Object Copy (ms): Min: 60.9, Avg: 61.1, Max: 61.2, Diff: 0.3, Sum: 122.2]
      [Termination (ms): Min: 0.0, Avg: 0.0, Max: 0.0, Diff: 0.0, Sum: 0.0]
      [GC Worker Other (ms): Min: 0.1, Avg: 0.2, Max: 0.2, Diff: 0.1, Sum: 0.3]
      [GC Worker Total (ms): Min: 168.0, Avg: 168.0, Max: 168.0, Diff: 0.0, Sum: 335.9]
      [GC Worker End (ms): Min: 8713095.4, Avg: 8713095.4, Max: 8713095.4, Diff: 0.0]
   [Code Root Fixup: 0.3 ms]
   [Code Root Migration: 0.0 ms]
   [Clear CT: 0.4 ms]
   [Other: 5.5 ms]
      [Choose CSet: 0.0 ms]
      [Ref Proc: 1.9 ms]
      [Ref Enq: 0.1 ms]
      [Free CSet: 0.5 ms]
   [Eden: 220.0M(220.0M)->0.0B(502.0M) Survivors: 54.0M->22.0M Heap: 1603.0M(4096.0M)->1396.0M(4096.0M)]
 [Times: user=0.34 sys=0.00, real=0.17 secs] 
2016-08-30T16:01:22.575+0200: 8732.709: [GC pause (young), 0.1885050 secs]
   [Parallel Time: 179.0 ms, GC Workers: 2]
      [GC Worker Start (ms): Min: 8732711.5, Avg: 8732713.4, Max: 8732715.2, Diff: 3.7]
      [Ext Root Scanning (ms): Min: 48.5, Avg: 51.3, Max: 54.0, Diff: 5.4, Sum: 102.5]
      [Update RS (ms): Min: 65.8, Avg: 66.2, Max: 66.6, Diff: 0.8, Sum: 132.4]
         [Processed Buffers: Min: 444, Avg: 468.5, Max: 493, Diff: 49, Sum: 937]
      [Scan RS (ms): Min: 8.5, Avg: 8.5, Max: 8.6, Diff: 0.1, Sum: 17.0]
      [Code Root Scanning (ms): Min: 0.1, Avg: 0.1, Max: 0.1, Diff: 0.0, Sum: 0.2]
      [Object Copy (ms): Min: 50.5, Avg: 50.9, Max: 51.4, Diff: 0.9, Sum: 101.8]
      [Termination (ms): Min: 0.0, Avg: 0.0, Max: 0.0, Diff: 0.0, Sum: 0.0]
      [GC Worker Other (ms): Min: 0.1, Avg: 0.1, Max: 0.1, Diff: 0.1, Sum: 0.2]
      [GC Worker Total (ms): Min: 175.2, Avg: 177.1, Max: 178.9, Diff: 3.7, Sum: 354.2]
      [GC Worker End (ms): Min: 8732890.4, Avg: 8732890.4, Max: 8732890.4, Diff: 0.0]
   [Code Root Fixup: 0.3 ms]
   [Code Root Migration: 0.1 ms]
   [Clear CT: 0.5 ms]
   [Other: 8.7 ms]
      [Choose CSet: 0.0 ms]
      [Ref Proc: 4.2 ms]
      [Ref Enq: 0.3 ms]
      [Free CSet: 0.9 ms]
   [Eden: 502.0M(358.0M)->0.0B(274.0M) Survivors: 22.0M->48.0M Heap: 1898.0M(4096.0M)->1431.0M(4096.0M)]
 [Times: user=0.36 sys=0.00, real=0.19 secs] 
2016-08-30T16:01:32.164+0200: 8742.298: [GC pause (young), 0.1808380 secs]
   [Parallel Time: 174.3 ms, GC Workers: 2]
      [GC Worker Start (ms): Min: 8742300.1, Avg: 8742300.1, Max: 8742300.1, Diff: 0.0]
      [Ext Root Scanning (ms): Min: 49.7, Avg: 50.4, Max: 51.2, Diff: 1.5, Sum: 100.9]
      [Update RS (ms): Min: 44.1, Avg: 44.7, Max: 45.3, Diff: 1.2, Sum: 89.5]
         [Processed Buffers: Min: 505, Avg: 513.0, Max: 521, Diff: 16, Sum: 1026]
      [Scan RS (ms): Min: 15.7, Avg: 16.3, Max: 17.0, Diff: 1.3, Sum: 32.7]
      [Code Root Scanning (ms): Min: 0.0, Avg: 0.1, Max: 0.2, Diff: 0.2, Sum: 0.2]
      [Object Copy (ms): Min: 61.9, Avg: 62.5, Max: 63.0, Diff: 1.2, Sum: 124.9]
      [Termination (ms): Min: 0.0, Avg: 0.0, Max: 0.0, Diff: 0.0, Sum: 0.0]
      [GC Worker Other (ms): Min: 0.1, Avg: 0.1, Max: 0.2, Diff: 0.0, Sum: 0.3]
      [GC Worker Total (ms): Min: 174.2, Avg: 174.2, Max: 174.2, Diff: 0.0, Sum: 348.4]
      [GC Worker End (ms): Min: 8742474.3, Avg: 8742474.3, Max: 8742474.3, Diff: 0.0]
   [Code Root Fixup: 0.3 ms]
   [Code Root Migration: 0.0 ms]
   [Clear CT: 0.4 ms]
   [Other: 5.8 ms]
      [Choose CSet: 0.0 ms]
      [Ref Proc: 2.1 ms]
      [Ref Enq: 0.1 ms]
      [Free CSet: 0.5 ms]
   [Eden: 274.0M(274.0M)->0.0B(466.0M) Survivors: 48.0M->26.0M Heap: 1705.0M(4096.0M)->1454.0M(4096.0M)]
 [Times: user=0.35 sys=0.00, real=0.18 secs] 
2016-08-30T16:01:50.459+0200: 8760.593: [GC pause (young), 0.2116540 secs]
   [Parallel Time: 199.6 ms, GC Workers: 2]
      [GC Worker Start (ms): Min: 8760595.2, Avg: 8760595.3, Max: 8760595.3, Diff: 0.1]
      [Ext Root Scanning (ms): Min: 50.0, Avg: 56.6, Max: 63.2, Diff: 13.1, Sum: 113.2]
      [Update RS (ms): Min: 59.2, Avg: 66.4, Max: 73.5, Diff: 14.2, Sum: 132.7]
         [Processed Buffers: Min: 461, Avg: 512.0, Max: 563, Diff: 102, Sum: 1024]
      [Scan RS (ms): Min: 10.2, Avg: 10.7, Max: 11.2, Diff: 1.0, Sum: 21.4]
      [Code Root Scanning (ms): Min: 0.1, Avg: 0.2, Max: 0.2, Diff: 0.0, Sum: 0.3]
      [Object Copy (ms): Min: 65.4, Avg: 65.5, Max: 65.6, Diff: 0.2, Sum: 131.0]
      [Termination (ms): Min: 0.0, Avg: 0.0, Max: 0.0, Diff: 0.0, Sum: 0.0]
      [GC Worker Other (ms): Min: 0.1, Avg: 0.2, Max: 0.2, Diff: 0.1, Sum: 0.3]
      [GC Worker Total (ms): Min: 199.4, Avg: 199.5, Max: 199.5, Diff: 0.1, Sum: 398.9]
      [GC Worker End (ms): Min: 8760794.7, Avg: 8760794.7, Max: 8760794.7, Diff: 0.0]
   [Code Root Fixup: 0.4 ms]
   [Code Root Migration: 0.1 ms]
   [Clear CT: 0.6 ms]
   [Other: 11.0 ms]
      [Choose CSet: 0.0 ms]
      [Ref Proc: 6.1 ms]
      [Ref Enq: 0.5 ms]
      [Free CSet: 1.1 ms]
   [Eden: 466.0M(466.0M)->0.0B(166.0M) Survivors: 26.0M->60.0M Heap: 1920.0M(4096.0M)->1487.0M(4096.0M)]
 [Times: user=0.39 sys=0.00, real=0.21 secs] 
2016-08-30T16:01:55.955+0200: 8766.090: [GC pause (young), 0.1728740 secs]
   [Parallel Time: 166.0 ms, GC Workers: 2]
      [GC Worker Start (ms): Min: 8766091.2, Avg: 8766091.2, Max: 8766091.2, Diff: 0.0]
      [Ext Root Scanning (ms): Min: 49.9, Avg: 51.6, Max: 53.4, Diff: 3.5, Sum: 103.2]
      [Update RS (ms): Min: 29.9, Avg: 32.0, Max: 34.1, Diff: 4.2, Sum: 63.9]
         [Processed Buffers: Min: 275, Avg: 308.5, Max: 342, Diff: 67, Sum: 617]
      [Scan RS (ms): Min: 15.0, Avg: 15.1, Max: 15.3, Diff: 0.3, Sum: 30.2]
      [Code Root Scanning (ms): Min: 0.1, Avg: 0.1, Max: 0.1, Diff: 0.0, Sum: 0.1]
      [Object Copy (ms): Min: 66.7, Avg: 67.0, Max: 67.2, Diff: 0.4, Sum: 133.9]
      [Termination (ms): Min: 0.0, Avg: 0.0, Max: 0.0, Diff: 0.0, Sum: 0.0]
      [GC Worker Other (ms): Min: 0.2, Avg: 0.2, Max: 0.2, Diff: 0.0, Sum: 0.3]
      [GC Worker Total (ms): Min: 165.9, Avg: 165.9, Max: 165.9, Diff: 0.0, Sum: 331.8]
      [GC Worker End (ms): Min: 8766257.1, Avg: 8766257.1, Max: 8766257.1, Diff: 0.0]
   [Code Root Fixup: 0.4 ms]
   [Code Root Migration: 0.0 ms]
   [Clear CT: 0.5 ms]
   [Other: 5.9 ms]
      [Choose CSet: 0.0 ms]
      [Ref Proc: 2.0 ms]
      [Ref Enq: 0.1 ms]
      [Free CSet: 0.6 ms]
   [Eden: 166.0M(166.0M)->0.0B(486.0M) Survivors: 60.0M->20.0M Heap: 1653.0M(4096.0M)->1494.0M(4096.0M)]
 [Times: user=0.34 sys=0.00, real=0.17 secs] 
2016-08-30T16:02:15.235+0200: 8785.370: [GC pause (young), 0.2056470 secs]
   [Parallel Time: 193.1 ms, GC Workers: 2]
      [GC Worker Start (ms): Min: 8785371.7, Avg: 8785371.7, Max: 8785371.8, Diff: 0.1]
      [Ext Root Scanning (ms): Min: 55.0, Avg: 55.7, Max: 56.3, Diff: 1.3, Sum: 111.4]
      [Update RS (ms): Min: 65.2, Avg: 65.4, Max: 65.6, Diff: 0.4, Sum: 130.8]
         [Processed Buffers: Min: 483, Avg: 491.0, Max: 499, Diff: 16, Sum: 982]
      [Scan RS (ms): Min: 8.5, Avg: 8.6, Max: 8.7, Diff: 0.3, Sum: 17.2]
      [Code Root Scanning (ms): Min: 0.1, Avg: 0.2, Max: 0.2, Diff: 0.1, Sum: 0.3]
      [Object Copy (ms): Min: 62.4, Avg: 63.0, Max: 63.7, Diff: 1.3, Sum: 126.1]
      [Termination (ms): Min: 0.0, Avg: 0.0, Max: 0.0, Diff: 0.0, Sum: 0.0]
      [GC Worker Other (ms): Min: 0.1, Avg: 0.1, Max: 0.1, Diff: 0.1, Sum: 0.2]
      [GC Worker Total (ms): Min: 192.9, Avg: 193.0, Max: 193.0, Diff: 0.1, Sum: 386.0]
      [GC Worker End (ms): Min: 8785564.7, Avg: 8785564.7, Max: 8785564.7, Diff: 0.0]
   [Code Root Fixup: 0.5 ms]
   [Code Root Migration: 0.1 ms]
   [Clear CT: 0.7 ms]
   [Other: 11.3 ms]
      [Choose CSet: 0.0 ms]
      [Ref Proc: 6.4 ms]
      [Ref Enq: 0.5 ms]
      [Free CSet: 1.0 ms]
   [Eden: 486.0M(486.0M)->0.0B(170.0M) Survivors: 20.0M->62.0M Heap: 1980.0M(4096.0M)->1536.0M(4096.0M)]
 [Times: user=0.39 sys=0.00, real=0.21 secs] 
2016-08-30T16:02:20.792+0200: 8790.926: [GC pause (young), 0.1697260 secs]
   [Parallel Time: 163.9 ms, GC Workers: 2]
      [GC Worker Start (ms): Min: 8790927.6, Avg: 8790927.6, Max: 8790927.6, Diff: 0.0]
      [Ext Root Scanning (ms): Min: 50.9, Avg: 52.4, Max: 53.9, Diff: 2.9, Sum: 104.8]
      [Update RS (ms): Min: 33.7, Avg: 35.3, Max: 36.9, Diff: 3.2, Sum: 70.7]
         [Processed Buffers: Min: 308, Avg: 329.5, Max: 351, Diff: 43, Sum: 659]
      [Scan RS (ms): Min: 13.8, Avg: 14.2, Max: 14.5, Diff: 0.7, Sum: 28.3]
      [Code Root Scanning (ms): Min: 0.1, Avg: 0.1, Max: 0.1, Diff: 0.0, Sum: 0.1]
      [Object Copy (ms): Min: 61.2, Avg: 61.7, Max: 62.2, Diff: 1.0, Sum: 123.4]
      [Termination (ms): Min: 0.0, Avg: 0.0, Max: 0.0, Diff: 0.0, Sum: 0.0]
      [GC Worker Other (ms): Min: 0.1, Avg: 0.2, Max: 0.2, Diff: 0.1, Sum: 0.3]
      [GC Worker Total (ms): Min: 163.8, Avg: 163.8, Max: 163.8, Diff: 0.0, Sum: 327.6]
      [GC Worker End (ms): Min: 8791091.4, Avg: 8791091.4, Max: 8791091.4, Diff: 0.0]
   [Code Root Fixup: 0.3 ms]
   [Code Root Migration: 0.0 ms]
   [Clear CT: 0.4 ms]
   [Other: 5.1 ms]
      [Choose CSet: 0.0 ms]
      [Ref Proc: 1.6 ms]
      [Ref Enq: 0.1 ms]
      [Free CSet: 0.5 ms]
   [Eden: 170.0M(170.0M)->0.0B(604.0M) Survivors: 62.0M->14.0M Heap: 1706.0M(4096.0M)->1542.0M(4096.0M)]
 [Times: user=0.33 sys=0.00, real=0.17 secs] 
2016-08-30T16:02:41.740+0200: 8811.875: [GC pause (young), 0.2132000 secs]
   [Parallel Time: 199.6 ms, GC Workers: 2]
      [GC Worker Start (ms): Min: 8811876.8, Avg: 8811876.8, Max: 8811876.8, Diff: 0.0]
      [Ext Root Scanning (ms): Min: 49.3, Avg: 50.0, Max: 50.6, Diff: 1.3, Sum: 99.9]
      [Update RS (ms): Min: 71.8, Avg: 71.9, Max: 72.1, Diff: 0.3, Sum: 143.9]
         [Processed Buffers: Min: 493, Avg: 526.5, Max: 560, Diff: 67, Sum: 1053]
      [Scan RS (ms): Min: 10.3, Avg: 10.3, Max: 10.3, Diff: 0.0, Sum: 20.7]
      [Code Root Scanning (ms): Min: 0.1, Avg: 0.2, Max: 0.2, Diff: 0.1, Sum: 0.4]
      [Object Copy (ms): Min: 66.5, Avg: 66.9, Max: 67.4, Diff: 0.9, Sum: 133.9]
      [Termination (ms): Min: 0.0, Avg: 0.0, Max: 0.0, Diff: 0.0, Sum: 0.0]
      [GC Worker Other (ms): Min: 0.1, Avg: 0.1, Max: 0.2, Diff: 0.0, Sum: 0.3]
      [GC Worker Total (ms): Min: 199.5, Avg: 199.5, Max: 199.5, Diff: 0.0, Sum: 399.0]
      [GC Worker End (ms): Min: 8812076.3, Avg: 8812076.3, Max: 8812076.3, Diff: 0.0]
   [Code Root Fixup: 0.4 ms]
   [Code Root Migration: 0.1 ms]
   [Clear CT: 0.6 ms]
   [Other: 12.5 ms]
      [Choose CSet: 0.0 ms]
      [Ref Proc: 7.9 ms]
      [Ref Enq: 0.3 ms]
      [Free CSet: 1.0 ms]
   [Eden: 556.0M(480.0M)->0.0B(146.0M) Survivors: 14.0M->60.0M Heap: 2098.0M(4096.0M)->1588.0M(4096.0M)]
 [Times: user=0.41 sys=0.00, real=0.22 secs] 
2016-08-30T16:02:46.043+0200: 8816.178: [GC pause (young), 0.1790210 secs]
   [Parallel Time: 173.4 ms, GC Workers: 2]
      [GC Worker Start (ms): Min: 8816179.4, Avg: 8816179.4, Max: 8816179.4, Diff: 0.0]
      [Ext Root Scanning (ms): Min: 53.5, Avg: 56.6, Max: 59.7, Diff: 6.2, Sum: 113.2]
      [Update RS (ms): Min: 35.0, Avg: 38.9, Max: 42.8, Diff: 7.8, Sum: 77.8]
         [Processed Buffers: Min: 223, Avg: 341.5, Max: 460, Diff: 237, Sum: 683]
      [Scan RS (ms): Min: 17.1, Avg: 17.1, Max: 17.2, Diff: 0.1, Sum: 34.3]
      [Code Root Scanning (ms): Min: 0.1, Avg: 0.1, Max: 0.1, Diff: 0.1, Sum: 0.2]
      [Object Copy (ms): Min: 59.7, Avg: 60.5, Max: 61.3, Diff: 1.6, Sum: 121.0]
      [Termination (ms): Min: 0.0, Avg: 0.0, Max: 0.0, Diff: 0.0, Sum: 0.0]
      [GC Worker Other (ms): Min: 0.1, Avg: 0.1, Max: 0.1, Diff: 0.1, Sum: 0.2]
      [GC Worker Total (ms): Min: 173.3, Avg: 173.3, Max: 173.3, Diff: 0.0, Sum: 346.7]
      [GC Worker End (ms): Min: 8816352.7, Avg: 8816352.7, Max: 8816352.7, Diff: 0.0]
   [Code Root Fixup: 0.3 ms]
   [Code Root Migration: 0.0 ms]
   [Clear CT: 0.4 ms]
   [Other: 4.8 ms]
      [Choose CSet: 0.0 ms]
      [Ref Proc: 1.3 ms]
      [Ref Enq: 0.1 ms]
      [Free CSet: 0.5 ms]
   [Eden: 144.0M(144.0M)->0.0B(494.0M) Survivors: 60.0M->16.0M Heap: 1732.0M(4096.0M)->1597.0M(4096.0M)]
 [Times: user=0.35 sys=0.01, real=0.18 secs] 
2016-08-30T16:03:05.239+0200: 8835.373: [GC pause (young), 0.2013950 secs]
   [Parallel Time: 188.5 ms, GC Workers: 2]
      [GC Worker Start (ms): Min: 8835375.4, Avg: 8835375.4, Max: 8835375.4, Diff: 0.0]
      [Ext Root Scanning (ms): Min: 52.6, Avg: 53.9, Max: 55.2, Diff: 2.6, Sum: 107.8]
      [Update RS (ms): Min: 64.7, Avg: 65.0, Max: 65.3, Diff: 0.5, Sum: 130.0]
         [Processed Buffers: Min: 491, Avg: 494.0, Max: 497, Diff: 6, Sum: 988]
      [Scan RS (ms): Min: 9.1, Avg: 9.4, Max: 9.8, Diff: 0.7, Sum: 18.9]
      [Code Root Scanning (ms): Min: 0.1, Avg: 0.2, Max: 0.2, Diff: 0.1, Sum: 0.3]
      [Object Copy (ms): Min: 58.3, Avg: 59.8, Max: 61.3, Diff: 3.0, Sum: 119.6]
      [Termination (ms): Min: 0.0, Avg: 0.0, Max: 0.0, Diff: 0.0, Sum: 0.0]
      [GC Worker Other (ms): Min: 0.1, Avg: 0.1, Max: 0.1, Diff: 0.1, Sum: 0.2]
      [GC Worker Total (ms): Min: 188.4, Avg: 188.4, Max: 188.4, Diff: 0.0, Sum: 376.8]
      [GC Worker End (ms): Min: 8835563.8, Avg: 8835563.8, Max: 8835563.8, Diff: 0.0]
   [Code Root Fixup: 0.5 ms]
   [Code Root Migration: 0.1 ms]
   [Clear CT: 0.6 ms]
   [Other: 11.6 ms]
      [Choose CSet: 0.0 ms]
      [Ref Proc: 6.6 ms]
      [Ref Enq: 0.5 ms]
      [Free CSet: 1.2 ms]
   [Eden: 494.0M(494.0M)->0.0B(166.0M) Survivors: 16.0M->50.0M Heap: 2091.0M(4096.0M)->1632.0M(4096.0M)]
 [Times: user=0.38 sys=0.00, real=0.20 secs] 
2016-08-30T16:03:10.144+0200: 8840.279: [GC pause (young), 0.2574070 secs]
   [Parallel Time: 251.5 ms, GC Workers: 2]
      [GC Worker Start (ms): Min: 8840280.1, Avg: 8840281.6, Max: 8840283.2, Diff: 3.2]
      [Ext Root Scanning (ms): Min: 98.1, Avg: 98.9, Max: 99.8, Diff: 1.7, Sum: 197.9]
      [Update RS (ms): Min: 63.4, Avg: 63.9, Max: 64.4, Diff: 1.1, Sum: 127.8]
         [Processed Buffers: Min: 280, Avg: 337.5, Max: 395, Diff: 115, Sum: 675]
      [Scan RS (ms): Min: 13.4, Avg: 17.8, Max: 22.1, Diff: 8.7, Sum: 35.5]
      [Code Root Scanning (ms): Min: 0.0, Avg: 0.1, Max: 0.1, Diff: 0.1, Sum: 0.1]
      [Object Copy (ms): Min: 66.6, Avg: 69.1, Max: 71.6, Diff: 5.0, Sum: 138.2]
      [Termination (ms): Min: 0.0, Avg: 0.1, Max: 0.1, Diff: 0.1, Sum: 0.1]
      [GC Worker Other (ms): Min: 0.0, Avg: 0.1, Max: 0.1, Diff: 0.1, Sum: 0.1]
      [GC Worker Total (ms): Min: 248.3, Avg: 249.9, Max: 251.5, Diff: 3.1, Sum: 499.8]
      [GC Worker End (ms): Min: 8840531.5, Avg: 8840531.5, Max: 8840531.6, Diff: 0.0]
   [Code Root Fixup: 0.2 ms]
   [Code Root Migration: 0.0 ms]
   [Clear CT: 0.6 ms]
   [Other: 5.1 ms]
      [Choose CSet: 0.0 ms]
      [Ref Proc: 2.1 ms]
      [Ref Enq: 0.1 ms]
      [Free CSet: 0.4 ms]
   [Eden: 166.0M(166.0M)->0.0B(186.0M) Survivors: 50.0M->18.0M Heap: 1798.0M(4096.0M)->1642.0M(4096.0M)]
 [Times: user=0.25 sys=0.00, real=0.26 secs] 
2016-08-30T16:03:15.508+0200: 8845.643: [GC pause (young), 0.1513940 secs]
   [Parallel Time: 144.2 ms, GC Workers: 2]
      [GC Worker Start (ms): Min: 8845644.5, Avg: 8845646.4, Max: 8845648.2, Diff: 3.7]
      [Ext Root Scanning (ms): Min: 52.7, Avg: 54.1, Max: 55.4, Diff: 2.7, Sum: 108.2]
      [Update RS (ms): Min: 44.8, Avg: 45.2, Max: 45.7, Diff: 0.9, Sum: 90.4]
         [Processed Buffers: Min: 442, Avg: 482.5, Max: 523, Diff: 81, Sum: 965]
      [Scan RS (ms): Min: 5.7, Avg: 5.9, Max: 6.1, Diff: 0.4, Sum: 11.8]
      [Code Root Scanning (ms): Min: 0.0, Avg: 0.1, Max: 0.1, Diff: 0.1, Sum: 0.1]
      [Object Copy (ms): Min: 36.7, Avg: 37.0, Max: 37.2, Diff: 0.4, Sum: 73.9]
      [Termination (ms): Min: 0.0, Avg: 0.0, Max: 0.0, Diff: 0.0, Sum: 0.0]
      [GC Worker Other (ms): Min: 0.1, Avg: 0.1, Max: 0.1, Diff: 0.0, Sum: 0.1]
      [GC Worker Total (ms): Min: 140.4, Avg: 142.3, Max: 144.2, Diff: 3.7, Sum: 284.6]
      [GC Worker End (ms): Min: 8845788.7, Avg: 8845788.7, Max: 8845788.7, Diff: 0.0]
   [Code Root Fixup: 0.6 ms]
   [Code Root Migration: 0.0 ms]
   [Clear CT: 0.5 ms]
   [Other: 6.1 ms]
      [Choose CSet: 0.0 ms]
      [Ref Proc: 2.3 ms]
      [Ref Enq: 0.2 ms]
      [Free CSet: 0.5 ms]
   [Eden: 186.0M(186.0M)->0.0B(182.0M) Survivors: 18.0M->22.0M Heap: 1828.0M(4096.0M)->1662.0M(4096.0M)]
 [Times: user=0.29 sys=0.00, real=0.15 secs] 
2016-08-30T16:03:22.145+0200: 8852.279: [GC pause (young), 0.1452630 secs]
   [Parallel Time: 138.0 ms, GC Workers: 2]
      [GC Worker Start (ms): Min: 8852281.0, Avg: 8852281.0, Max: 8852281.0, Diff: 0.0]
      [Ext Root Scanning (ms): Min: 50.9, Avg: 50.9, Max: 50.9, Diff: 0.1, Sum: 101.8]
      [Update RS (ms): Min: 39.6, Avg: 39.9, Max: 40.1, Diff: 0.5, Sum: 79.8]
         [Processed Buffers: Min: 405, Avg: 421.5, Max: 438, Diff: 33, Sum: 843]
      [Scan RS (ms): Min: 7.8, Avg: 8.1, Max: 8.3, Diff: 0.5, Sum: 16.1]
      [Code Root Scanning (ms): Min: 0.1, Avg: 0.1, Max: 0.1, Diff: 0.0, Sum: 0.1]
      [Object Copy (ms): Min: 38.5, Avg: 39.0, Max: 39.4, Diff: 0.9, Sum: 77.9]
      [Termination (ms): Min: 0.0, Avg: 0.0, Max: 0.0, Diff: 0.0, Sum: 0.0]
      [GC Worker Other (ms): Min: 0.0, Avg: 0.1, Max: 0.1, Diff: 0.0, Sum: 0.1]
      [GC Worker Total (ms): Min: 137.9, Avg: 138.0, Max: 138.0, Diff: 0.0, Sum: 275.9]
      [GC Worker End (ms): Min: 8852419.0, Avg: 8852419.0, Max: 8852419.0, Diff: 0.0]
   [Code Root Fixup: 0.4 ms]
   [Code Root Migration: 0.1 ms]
   [Clear CT: 0.6 ms]
   [Other: 6.2 ms]
      [Choose CSet: 0.0 ms]
      [Ref Proc: 2.4 ms]
      [Ref Enq: 0.2 ms]
      [Free CSet: 0.5 ms]
   [Eden: 182.0M(182.0M)->0.0B(276.0M) Survivors: 22.0M->18.0M Heap: 1844.0M(4096.0M)->1677.0M(4096.0M)]
 [Times: user=0.29 sys=0.00, real=0.15 secs] 
2016-08-30T16:03:32.387+0200: 8862.521: [GC pause (young), 0.1705530 secs]
   [Parallel Time: 161.8 ms, GC Workers: 2]
      [GC Worker Start (ms): Min: 8862523.3, Avg: 8862523.3, Max: 8862523.3, Diff: 0.0]
      [Ext Root Scanning (ms): Min: 50.4, Avg: 50.9, Max: 51.4, Diff: 1.0, Sum: 101.7]
      [Update RS (ms): Min: 49.6, Avg: 50.0, Max: 50.3, Diff: 0.7, Sum: 100.0]
         [Processed Buffers: Min: 442, Avg: 480.5, Max: 519, Diff: 77, Sum: 961]
      [Scan RS (ms): Min: 9.3, Avg: 10.4, Max: 11.4, Diff: 2.1, Sum: 20.8]
      [Code Root Scanning (ms): Min: 0.0, Avg: 0.1, Max: 0.2, Diff: 0.1, Sum: 0.2]
      [Object Copy (ms): Min: 50.0, Avg: 50.2, Max: 50.5, Diff: 0.5, Sum: 100.5]
      [Termination (ms): Min: 0.0, Avg: 0.0, Max: 0.0, Diff: 0.0, Sum: 0.0]
      [GC Worker Other (ms): Min: 0.2, Avg: 0.2, Max: 0.2, Diff: 0.0, Sum: 0.3]
      [GC Worker Total (ms): Min: 161.7, Avg: 161.7, Max: 161.8, Diff: 0.0, Sum: 323.5]
      [GC Worker End (ms): Min: 8862685.0, Avg: 8862685.0, Max: 8862685.0, Diff: 0.0]
   [Code Root Fixup: 0.5 ms]
   [Code Root Migration: 0.0 ms]
   [Clear CT: 0.5 ms]
   [Other: 7.7 ms]
      [Choose CSet: 0.0 ms]
      [Ref Proc: 3.6 ms]
      [Ref Enq: 0.3 ms]
      [Free CSet: 0.6 ms]
   [Eden: 276.0M(276.0M)->0.0B(192.0M) Survivors: 18.0M->38.0M Heap: 1953.0M(4096.0M)->1697.0M(4096.0M)]
 [Times: user=0.32 sys=0.00, real=0.17 secs] 
2016-08-30T16:03:38.145+0200: 8868.280: [GC pause (young), 0.2095530 secs]
   [Parallel Time: 204.6 ms, GC Workers: 2]
      [GC Worker Start (ms): Min: 8868281.1, Avg: 8868281.1, Max: 8868281.1, Diff: 0.0]
      [Ext Root Scanning (ms): Min: 72.8, Avg: 87.9, Max: 103.0, Diff: 30.2, Sum: 175.8]
      [Update RS (ms): Min: 33.1, Avg: 45.4, Max: 57.7, Diff: 24.6, Sum: 90.8]
         [Processed Buffers: Min: 283, Avg: 343.5, Max: 404, Diff: 121, Sum: 687]
      [Scan RS (ms): Min: 13.1, Avg: 15.6, Max: 18.1, Diff: 5.0, Sum: 31.2]
      [Code Root Scanning (ms): Min: 0.0, Avg: 0.0, Max: 0.1, Diff: 0.0, Sum: 0.1]
      [Object Copy (ms): Min: 53.7, Avg: 54.5, Max: 55.3, Diff: 1.6, Sum: 109.0]
      [Termination (ms): Min: 0.0, Avg: 1.1, Max: 2.3, Diff: 2.3, Sum: 2.3]
      [GC Worker Other (ms): Min: 0.0, Avg: 0.0, Max: 0.0, Diff: 0.0, Sum: 0.1]
      [GC Worker Total (ms): Min: 204.5, Avg: 204.5, Max: 204.5, Diff: 0.0, Sum: 409.1]
      [GC Worker End (ms): Min: 8868485.6, Avg: 8868485.6, Max: 8868485.6, Diff: 0.0]
   [Code Root Fixup: 0.3 ms]
   [Code Root Migration: 0.0 ms]
   [Clear CT: 0.3 ms]
   [Other: 4.3 ms]
      [Choose CSet: 0.0 ms]
      [Ref Proc: 1.4 ms]
      [Ref Enq: 0.1 ms]
      [Free CSet: 0.3 ms]
   [Eden: 166.0M(166.0M)->0.0B(224.0M) Survivors: 38.0M->16.0M Heap: 1863.0M(4096.0M)->1707.0M(4096.0M)]
 [Times: user=0.21 sys=0.00, real=0.21 secs] 
2016-08-30T16:03:45.092+0200: 8875.227: [GC pause (young), 0.1556920 secs]
   [Parallel Time: 147.5 ms, GC Workers: 2]
      [GC Worker Start (ms): Min: 8875228.6, Avg: 8875228.6, Max: 8875228.7, Diff: 0.0]
      [Ext Root Scanning (ms): Min: 52.2, Avg: 52.2, Max: 52.2, Diff: 0.0, Sum: 104.3]
      [Update RS (ms): Min: 47.6, Avg: 48.0, Max: 48.3, Diff: 0.7, Sum: 95.9]
         [Processed Buffers: Min: 460, Avg: 474.5, Max: 489, Diff: 29, Sum: 949]
      [Scan RS (ms): Min: 6.6, Avg: 6.7, Max: 6.8, Diff: 0.2, Sum: 13.4]
      [Code Root Scanning (ms): Min: 0.1, Avg: 0.1, Max: 0.1, Diff: 0.0, Sum: 0.2]
      [Object Copy (ms): Min: 39.9, Avg: 40.4, Max: 40.9, Diff: 1.0, Sum: 80.7]
      [Termination (ms): Min: 0.0, Avg: 0.0, Max: 0.0, Diff: 0.0, Sum: 0.0]
      [GC Worker Other (ms): Min: 0.1, Avg: 0.1, Max: 0.2, Diff: 0.0, Sum: 0.3]
      [GC Worker Total (ms): Min: 147.4, Avg: 147.4, Max: 147.4, Diff: 0.0, Sum: 294.8]
      [GC Worker End (ms): Min: 8875376.1, Avg: 8875376.1, Max: 8875376.1, Diff: 0.0]
   [Code Root Fixup: 0.7 ms]
   [Code Root Migration: 0.0 ms]
   [Clear CT: 0.5 ms]
   [Other: 7.0 ms]
      [Choose CSet: 0.0 ms]
      [Ref Proc: 2.8 ms]
      [Ref Enq: 0.2 ms]
      [Free CSet: 0.6 ms]
   [Eden: 224.0M(224.0M)->0.0B(202.0M) Survivors: 16.0M->30.0M Heap: 1931.0M(4096.0M)->1730.0M(4096.0M)]
 [Times: user=0.30 sys=0.00, real=0.15 secs] 
2016-08-30T16:03:50.585+0200: 8880.720: [GC pause (young), 0.1543440 secs]
   [Parallel Time: 146.9 ms, GC Workers: 2]
      [GC Worker Start (ms): Min: 8880721.2, Avg: 8880721.3, Max: 8880721.3, Diff: 0.1]
      [Ext Root Scanning (ms): Min: 51.2, Avg: 52.0, Max: 52.8, Diff: 1.6, Sum: 104.0]
      [Update RS (ms): Min: 39.0, Avg: 39.2, Max: 39.5, Diff: 0.5, Sum: 78.5]
         [Processed Buffers: Min: 368, Avg: 424.5, Max: 481, Diff: 113, Sum: 849]
      [Scan RS (ms): Min: 10.1, Avg: 10.3, Max: 10.5, Diff: 0.4, Sum: 20.6]
      [Code Root Scanning (ms): Min: 0.0, Avg: 0.1, Max: 0.1, Diff: 0.1, Sum: 0.1]
      [Object Copy (ms): Min: 44.2, Avg: 45.0, Max: 45.8, Diff: 1.5, Sum: 90.0]
      [Termination (ms): Min: 0.0, Avg: 0.0, Max: 0.0, Diff: 0.0, Sum: 0.0]
      [GC Worker Other (ms): Min: 0.1, Avg: 0.1, Max: 0.1, Diff: 0.1, Sum: 0.2]
      [GC Worker Total (ms): Min: 146.7, Avg: 146.7, Max: 146.8, Diff: 0.1, Sum: 293.5]
      [GC Worker End (ms): Min: 8880868.0, Avg: 8880868.0, Max: 8880868.0, Diff: 0.0]
   [Code Root Fixup: 0.4 ms]
   [Code Root Migration: 0.0 ms]
   [Clear CT: 0.5 ms]
   [Other: 6.5 ms]
      [Choose CSet: 0.0 ms]
      [Ref Proc: 2.7 ms]
      [Ref Enq: 0.2 ms]
      [Free CSet: 0.5 ms]
   [Eden: 174.0M(174.0M)->0.0B(460.0M) Survivors: 30.0M->16.0M Heap: 1904.0M(4096.0M)->1745.0M(4096.0M)]
 [Times: user=0.30 sys=0.01, real=0.15 secs] 
2016-08-30T16:04:02.198+0200: 8892.333: [GC pause (young), 0.1594950 secs]
   [Parallel Time: 152.4 ms, GC Workers: 2]
      [GC Worker Start (ms): Min: 8892334.5, Avg: 8892334.5, Max: 8892334.6, Diff: 0.1]
      [Ext Root Scanning (ms): Min: 49.7, Avg: 50.0, Max: 50.4, Diff: 0.7, Sum: 100.1]
      [Update RS (ms): Min: 52.7, Avg: 52.9, Max: 53.1, Diff: 0.5, Sum: 105.8]
         [Processed Buffers: Min: 458, Avg: 468.5, Max: 479, Diff: 21, Sum: 937]
      [Scan RS (ms): Min: 8.2, Avg: 8.3, Max: 8.5, Diff: 0.3, Sum: 16.6]
      [Code Root Scanning (ms): Min: 0.1, Avg: 0.1, Max: 0.1, Diff: 0.0, Sum: 0.2]
      [Object Copy (ms): Min: 40.3, Avg: 40.8, Max: 41.2, Diff: 0.8, Sum: 81.5]
      [Termination (ms): Min: 0.0, Avg: 0.0, Max: 0.0, Diff: 0.0, Sum: 0.0]
      [GC Worker Other (ms): Min: 0.1, Avg: 0.1, Max: 0.2, Diff: 0.0, Sum: 0.3]
      [GC Worker Total (ms): Min: 152.3, Avg: 152.3, Max: 152.3, Diff: 0.1, Sum: 304.6]
      [GC Worker End (ms): Min: 8892486.8, Avg: 8892486.8, Max: 8892486.8, Diff: 0.0]
   [Code Root Fixup: 0.2 ms]
   [Code Root Migration: 0.0 ms]
   [Clear CT: 0.5 ms]
   [Other: 6.4 ms]
      [Choose CSet: 0.0 ms]
      [Ref Proc: 2.8 ms]
      [Ref Enq: 0.2 ms]
      [Free CSet: 0.6 ms]
   [Eden: 340.0M(340.0M)->0.0B(288.0M) Survivors: 16.0M->46.0M Heap: 2085.0M(4096.0M)->1775.0M(4096.0M)]
 [Times: user=0.31 sys=0.00, real=0.16 secs] 
2016-08-30T16:04:06.501+0200: 8896.635: [GC pause (young), 0.1651020 secs]
   [Parallel Time: 158.3 ms, GC Workers: 2]
      [GC Worker Start (ms): Min: 8896637.0, Avg: 8896637.0, Max: 8896637.0, Diff: 0.0]
      [Ext Root Scanning (ms): Min: 53.4, Avg: 55.3, Max: 57.2, Diff: 3.8, Sum: 110.6]
      [Update RS (ms): Min: 32.5, Avg: 33.0, Max: 33.5, Diff: 1.0, Sum: 66.0]
         [Processed Buffers: Min: 312, Avg: 343.0, Max: 374, Diff: 62, Sum: 686]
      [Scan RS (ms): Min: 11.8, Avg: 12.3, Max: 12.7, Diff: 1.0, Sum: 24.5]
      [Code Root Scanning (ms): Min: 0.1, Avg: 0.1, Max: 0.1, Diff: 0.0, Sum: 0.1]
      [Object Copy (ms): Min: 55.5, Avg: 57.4, Max: 59.3, Diff: 3.8, Sum: 114.8]
      [Termination (ms): Min: 0.0, Avg: 0.0, Max: 0.0, Diff: 0.0, Sum: 0.0]
      [GC Worker Other (ms): Min: 0.1, Avg: 0.2, Max: 0.2, Diff: 0.0, Sum: 0.3]
      [GC Worker Total (ms): Min: 158.2, Avg: 158.2, Max: 158.2, Diff: 0.0, Sum: 316.3]
      [GC Worker End (ms): Min: 8896795.2, Avg: 8896795.2, Max: 8896795.2, Diff: 0.0]
   [Code Root Fixup: 0.4 ms]
   [Code Root Migration: 0.0 ms]
   [Clear CT: 0.6 ms]
   [Other: 5.9 ms]
      [Choose CSet: 0.0 ms]
      [Ref Proc: 2.1 ms]
      [Ref Enq: 0.2 ms]
      [Free CSet: 0.5 ms]
   [Eden: 158.0M(158.0M)->0.0B(618.0M) Survivors: 46.0M->16.0M Heap: 1933.0M(4096.0M)->1786.0M(4096.0M)]
 [Times: user=0.31 sys=0.00, real=0.17 secs] 
2016-08-30T16:04:22.733+0200: 8912.867: [GC pause (young), 0.2099150 secs]
   [Parallel Time: 195.7 ms, GC Workers: 2]
      [GC Worker Start (ms): Min: 8912869.4, Avg: 8912869.4, Max: 8912869.5, Diff: 0.0]
      [Ext Root Scanning (ms): Min: 51.1, Avg: 51.3, Max: 51.5, Diff: 0.4, Sum: 102.6]
      [Update RS (ms): Min: 70.1, Avg: 70.5, Max: 70.9, Diff: 0.8, Sum: 141.0]
         [Processed Buffers: Min: 483, Avg: 533.5, Max: 584, Diff: 101, Sum: 1067]
      [Scan RS (ms): Min: 8.8, Avg: 8.9, Max: 8.9, Diff: 0.1, Sum: 17.7]
      [Code Root Scanning (ms): Min: 0.1, Avg: 0.2, Max: 0.2, Diff: 0.1, Sum: 0.3]
      [Object Copy (ms): Min: 64.4, Avg: 64.6, Max: 64.9, Diff: 0.4, Sum: 129.3]
      [Termination (ms): Min: 0.0, Avg: 0.0, Max: 0.0, Diff: 0.0, Sum: 0.0]
      [GC Worker Other (ms): Min: 0.1, Avg: 0.1, Max: 0.1, Diff: 0.0, Sum: 0.3]
      [GC Worker Total (ms): Min: 195.6, Avg: 195.7, Max: 195.7, Diff: 0.0, Sum: 391.3]
      [GC Worker End (ms): Min: 8913065.1, Avg: 8913065.1, Max: 8913065.1, Diff: 0.0]
   [Code Root Fixup: 0.5 ms]
   [Code Root Migration: 0.1 ms]
   [Clear CT: 0.6 ms]
   [Other: 13.0 ms]
      [Choose CSet: 0.0 ms]
      [Ref Proc: 7.7 ms]
      [Ref Enq: 0.6 ms]
      [Free CSet: 1.2 ms]
   [Eden: 498.0M(498.0M)->0.0B(214.0M) Survivors: 16.0M->60.0M Heap: 2284.0M(4096.0M)->1829.0M(4096.0M)]
 [Times: user=0.41 sys=0.01, real=0.21 secs] 
2016-08-30T16:04:27.087+0200: 8917.222: [GC pause (young), 0.1670760 secs]
   [Parallel Time: 160.1 ms, GC Workers: 2]
      [GC Worker Start (ms): Min: 8917223.3, Avg: 8917223.3, Max: 8917223.3, Diff: 0.0]
      [Ext Root Scanning (ms): Min: 50.6, Avg: 50.8, Max: 51.1, Diff: 0.5, Sum: 101.7]
      [Update RS (ms): Min: 31.9, Avg: 32.4, Max: 32.8, Diff: 0.9, Sum: 64.8]
         [Processed Buffers: Min: 312, Avg: 344.0, Max: 376, Diff: 64, Sum: 688]
      [Scan RS (ms): Min: 14.0, Avg: 14.5, Max: 14.9, Diff: 0.9, Sum: 29.0]
      [Code Root Scanning (ms): Min: 0.0, Avg: 0.1, Max: 0.1, Diff: 0.1, Sum: 0.1]
      [Object Copy (ms): Min: 61.9, Avg: 62.2, Max: 62.5, Diff: 0.5, Sum: 124.4]
      [Termination (ms): Min: 0.0, Avg: 0.0, Max: 0.0, Diff: 0.0, Sum: 0.0]
      [GC Worker Other (ms): Min: 0.1, Avg: 0.1, Max: 0.1, Diff: 0.0, Sum: 0.1]
      [GC Worker Total (ms): Min: 160.0, Avg: 160.0, Max: 160.0, Diff: 0.0, Sum: 320.0]
      [GC Worker End (ms): Min: 8917383.4, Avg: 8917383.4, Max: 8917383.4, Diff: 0.0]
   [Code Root Fixup: 0.5 ms]
   [Code Root Migration: 0.0 ms]
   [Clear CT: 0.6 ms]
   [Other: 5.8 ms]
      [Choose CSet: 0.0 ms]
      [Ref Proc: 1.9 ms]
      [Ref Enq: 0.1 ms]
      [Free CSet: 0.5 ms]
   [Eden: 144.0M(144.0M)->0.0B(626.0M) Survivors: 60.0M->14.0M Heap: 1973.0M(4096.0M)->1832.0M(4096.0M)]
 [Times: user=0.33 sys=0.00, real=0.17 secs] 
2016-08-30T16:04:46.189+0200: 8936.324: [GC pause (young), 0.1876640 secs]
   [Parallel Time: 175.9 ms, GC Workers: 2]
      [GC Worker Start (ms): Min: 8936325.7, Avg: 8936327.3, Max: 8936329.0, Diff: 3.3]
      [Ext Root Scanning (ms): Min: 51.8, Avg: 53.8, Max: 55.7, Diff: 3.9, Sum: 107.5]
      [Update RS (ms): Min: 68.3, Avg: 69.0, Max: 69.6, Diff: 1.3, Sum: 137.9]
         [Processed Buffers: Min: 454, Avg: 484.0, Max: 514, Diff: 60, Sum: 968]
      [Scan RS (ms): Min: 6.0, Avg: 6.7, Max: 7.4, Diff: 1.4, Sum: 13.4]
      [Code Root Scanning (ms): Min: 0.1, Avg: 0.1, Max: 0.1, Diff: 0.0, Sum: 0.2]
      [Object Copy (ms): Min: 44.5, Avg: 44.5, Max: 44.6, Diff: 0.2, Sum: 89.1]
      [Termination (ms): Min: 0.0, Avg: 0.0, Max: 0.0, Diff: 0.0, Sum: 0.0]
      [GC Worker Other (ms): Min: 0.0, Avg: 0.2, Max: 0.3, Diff: 0.3, Sum: 0.4]
      [GC Worker Total (ms): Min: 172.6, Avg: 174.2, Max: 175.9, Diff: 3.3, Sum: 348.5]
      [GC Worker End (ms): Min: 8936501.6, Avg: 8936501.6, Max: 8936501.6, Diff: 0.0]
   [Code Root Fixup: 0.3 ms]
   [Code Root Migration: 0.1 ms]
   [Clear CT: 0.7 ms]
   [Other: 10.7 ms]
      [Choose CSet: 0.0 ms]
      [Ref Proc: 6.5 ms]
      [Ref Enq: 0.3 ms]
      [Free CSet: 0.8 ms]
   [Eden: 514.0M(512.0M)->0.0B(228.0M) Survivors: 14.0M->60.0M Heap: 2346.0M(4096.0M)->1878.0M(4096.0M)]
 [Times: user=0.35 sys=0.00, real=0.19 secs] 
2016-08-30T16:04:51.626+0200: 8941.761: [GC pause (young), 0.1689150 secs]
   [Parallel Time: 162.2 ms, GC Workers: 2]
      [GC Worker Start (ms): Min: 8941761.9, Avg: 8941762.0, Max: 8941762.0, Diff: 0.0]
      [Ext Root Scanning (ms): Min: 50.0, Avg: 50.9, Max: 51.7, Diff: 1.6, Sum: 101.7]
      [Update RS (ms): Min: 34.2, Avg: 35.0, Max: 35.9, Diff: 1.7, Sum: 70.1]
         [Processed Buffers: Min: 265, Avg: 301.0, Max: 337, Diff: 72, Sum: 602]
      [Scan RS (ms): Min: 14.1, Avg: 14.6, Max: 15.0, Diff: 0.9, Sum: 29.1]
      [Code Root Scanning (ms): Min: 0.1, Avg: 0.1, Max: 0.1, Diff: 0.0, Sum: 0.1]
      [Object Copy (ms): Min: 61.0, Avg: 61.5, Max: 62.0, Diff: 0.9, Sum: 123.0]
      [Termination (ms): Min: 0.0, Avg: 0.0, Max: 0.0, Diff: 0.0, Sum: 0.0]
      [GC Worker Other (ms): Min: 0.1, Avg: 0.1, Max: 0.1, Diff: 0.1, Sum: 0.2]
      [GC Worker Total (ms): Min: 162.1, Avg: 162.2, Max: 162.2, Diff: 0.1, Sum: 324.3]
      [GC Worker End (ms): Min: 8941924.1, Avg: 8941924.1, Max: 8941924.1, Diff: 0.0]
   [Code Root Fixup: 0.5 ms]
   [Code Root Migration: 0.0 ms]
   [Clear CT: 0.6 ms]
   [Other: 5.6 ms]
      [Choose CSet: 0.0 ms]
      [Ref Proc: 1.9 ms]
      [Ref Enq: 0.2 ms]
      [Free CSet: 0.5 ms]
   [Eden: 144.0M(144.0M)->0.0B(652.0M) Survivors: 60.0M->12.0M Heap: 2022.0M(4096.0M)->1883.0M(4096.0M)]
 [Times: user=0.33 sys=0.00, real=0.17 secs] 
2016-08-30T16:05:12.972+0200: 8963.106: [GC pause (young) (initial-mark), 0.2309780 secs]
   [Parallel Time: 216.7 ms, GC Workers: 2]
      [GC Worker Start (ms): Min: 8963110.6, Avg: 8963110.6, Max: 8963110.6, Diff: 0.0]
      [Ext Root Scanning (ms): Min: 49.0, Avg: 50.0, Max: 51.1, Diff: 2.1, Sum: 100.1]
      [Code Root Marking (ms): Min: 12.9, Avg: 13.1, Max: 13.3, Diff: 0.4, Sum: 26.2]
      [Update RS (ms): Min: 66.5, Avg: 66.8, Max: 67.1, Diff: 0.6, Sum: 133.6]
         [Processed Buffers: Min: 463, Avg: 494.0, Max: 525, Diff: 62, Sum: 988]
      [Scan RS (ms): Min: 10.8, Avg: 10.9, Max: 10.9, Diff: 0.1, Sum: 21.8]
      [Code Root Scanning (ms): Min: 0.1, Avg: 0.2, Max: 0.2, Diff: 0.1, Sum: 0.4]
      [Object Copy (ms): Min: 74.2, Avg: 75.4, Max: 76.5, Diff: 2.3, Sum: 150.7]
      [Termination (ms): Min: 0.0, Avg: 0.0, Max: 0.0, Diff: 0.0, Sum: 0.0]
      [GC Worker Other (ms): Min: 0.1, Avg: 0.2, Max: 0.2, Diff: 0.1, Sum: 0.4]
      [GC Worker Total (ms): Min: 216.5, Avg: 216.6, Max: 216.6, Diff: 0.0, Sum: 433.1]
      [GC Worker End (ms): Min: 8963327.1, Avg: 8963327.1, Max: 8963327.1, Diff: 0.0]
   [Code Root Fixup: 0.4 ms]
   [Code Root Migration: 0.1 ms]
   [Clear CT: 0.6 ms]
   [Other: 13.1 ms]
      [Choose CSet: 0.0 ms]
      [Ref Proc: 5.8 ms]
      [Ref Enq: 0.3 ms]
      [Free CSet: 1.1 ms]
   [Eden: 536.0M(528.0M)->0.0B(142.0M) Survivors: 12.0M->62.0M Heap: 2419.0M(4096.0M)->1932.0M(4096.0M)]
 [Times: user=0.44 sys=0.01, real=0.23 secs] 
2016-08-30T16:05:13.203+0200: 8963.338: [GC concurrent-root-region-scan-start]
2016-08-30T16:05:13.287+0200: 8963.422: [GC concurrent-root-region-scan-end, 0.0835950 secs]
2016-08-30T16:05:13.287+0200: 8963.422: [GC concurrent-mark-start]
2016-08-30T16:05:14.950+0200: 8965.085: [GC concurrent-mark-end, 1.6632380 secs]
2016-08-30T16:05:14.953+0200: 8965.087: [GC remark 2016-08-30T16:05:14.955+0200: 8965.090: [GC ref-proc, 0.0704460 secs], 0.0896870 secs]
 [Times: user=0.10 sys=0.00, real=0.09 secs] 
2016-08-30T16:05:15.048+0200: 8965.182: [GC cleanup 2006M->1964M(4096M), 0.0311200 secs]
 [Times: user=0.06 sys=0.00, real=0.03 secs] 
2016-08-30T16:05:15.080+0200: 8965.214: [GC concurrent-cleanup-start]
2016-08-30T16:05:15.080+0200: 8965.214: [GC concurrent-cleanup-end, 0.0001080 secs]
2016-08-30T16:05:17.619+0200: 8967.753: [GC pause (young), 0.1722910 secs]
   [Parallel Time: 165.5 ms, GC Workers: 2]
      [GC Worker Start (ms): Min: 8967754.8, Avg: 8967754.8, Max: 8967754.8, Diff: 0.0]
      [Ext Root Scanning (ms): Min: 51.2, Avg: 51.4, Max: 51.5, Diff: 0.4, Sum: 102.7]
      [Update RS (ms): Min: 30.8, Avg: 31.8, Max: 32.7, Diff: 1.9, Sum: 63.5]
         [Processed Buffers: Min: 286, Avg: 301.5, Max: 317, Diff: 31, Sum: 603]
      [Scan RS (ms): Min: 15.3, Avg: 15.5, Max: 15.7, Diff: 0.5, Sum: 31.0]
      [Code Root Scanning (ms): Min: 0.0, Avg: 0.1, Max: 0.1, Diff: 0.1, Sum: 0.1]
      [Object Copy (ms): Min: 66.1, Avg: 66.6, Max: 67.1, Diff: 1.0, Sum: 133.2]
      [Termination (ms): Min: 0.0, Avg: 0.0, Max: 0.0, Diff: 0.0, Sum: 0.0]
      [GC Worker Other (ms): Min: 0.1, Avg: 0.1, Max: 0.1, Diff: 0.0, Sum: 0.1]
      [GC Worker Total (ms): Min: 165.4, Avg: 165.4, Max: 165.4, Diff: 0.0, Sum: 330.8]
      [GC Worker End (ms): Min: 8967920.2, Avg: 8967920.2, Max: 8967920.2, Diff: 0.0]
   [Code Root Fixup: 0.5 ms]
   [Code Root Migration: 0.1 ms]
   [Clear CT: 0.6 ms]
   [Other: 5.7 ms]
      [Choose CSet: 0.0 ms]
      [Ref Proc: 1.8 ms]
      [Ref Enq: 0.1 ms]
      [Free CSet: 0.6 ms]
   [Eden: 142.0M(142.0M)->0.0B(190.0M) Survivors: 62.0M->14.0M Heap: 2032.0M(4096.0M)->1895.0M(4096.0M)]
 [Times: user=0.34 sys=0.00, real=0.17 secs] 
2016-08-30T16:05:24.007+0200: 8974.141: [GC pause (mixed), 0.1771670 secs]
   [Parallel Time: 167.6 ms, GC Workers: 2]
      [GC Worker Start (ms): Min: 8974143.1, Avg: 8974143.1, Max: 8974143.1, Diff: 0.0]
      [Ext Root Scanning (ms): Min: 50.5, Avg: 51.8, Max: 53.2, Diff: 2.7, Sum: 103.7]
      [Update RS (ms): Min: 35.8, Avg: 37.6, Max: 39.4, Diff: 3.6, Sum: 75.1]
         [Processed Buffers: Min: 413, Avg: 418.0, Max: 423, Diff: 10, Sum: 836]
      [Scan RS (ms): Min: 27.9, Avg: 28.4, Max: 28.9, Diff: 1.0, Sum: 56.7]
      [Code Root Scanning (ms): Min: 0.1, Avg: 0.2, Max: 0.2, Diff: 0.1, Sum: 0.3]
      [Object Copy (ms): Min: 49.4, Avg: 49.4, Max: 49.4, Diff: 0.0, Sum: 98.8]
      [Termination (ms): Min: 0.0, Avg: 0.0, Max: 0.0, Diff: 0.0, Sum: 0.0]
      [GC Worker Other (ms): Min: 0.1, Avg: 0.1, Max: 0.1, Diff: 0.0, Sum: 0.1]
      [GC Worker Total (ms): Min: 167.4, Avg: 167.4, Max: 167.4, Diff: 0.0, Sum: 334.8]
      [GC Worker End (ms): Min: 8974310.5, Avg: 8974310.5, Max: 8974310.5, Diff: 0.0]
   [Code Root Fixup: 0.4 ms]
   [Code Root Migration: 0.1 ms]
   [Clear CT: 0.8 ms]
   [Other: 8.3 ms]
      [Choose CSet: 0.3 ms]
      [Ref Proc: 2.7 ms]
      [Ref Enq: 0.2 ms]
      [Free CSet: 1.9 ms]
   [Eden: 190.0M(190.0M)->0.0B(178.0M) Survivors: 14.0M->26.0M Heap: 2085.0M(4096.0M)->1603.0M(4096.0M)]
 [Times: user=0.34 sys=0.01, real=0.17 secs] 
2016-08-30T16:05:30.232+0200: 8980.366: [GC pause (mixed), 0.2213750 secs]
   [Parallel Time: 213.9 ms, GC Workers: 2]
      [GC Worker Start (ms): Min: 8980368.2, Avg: 8980370.1, Max: 8980372.0, Diff: 3.8]
      [Ext Root Scanning (ms): Min: 51.3, Avg: 53.7, Max: 56.0, Diff: 4.7, Sum: 107.4]
      [Update RS (ms): Min: 35.0, Avg: 35.1, Max: 35.2, Diff: 0.2, Sum: 70.2]
         [Processed Buffers: Min: 406, Avg: 414.5, Max: 423, Diff: 17, Sum: 829]
      [Scan RS (ms): Min: 44.4, Avg: 44.4, Max: 44.5, Diff: 0.1, Sum: 88.9]
      [Code Root Scanning (ms): Min: 0.1, Avg: 0.1, Max: 0.2, Diff: 0.1, Sum: 0.3]
      [Object Copy (ms): Min: 78.1, Avg: 78.5, Max: 78.8, Diff: 0.7, Sum: 156.9]
      [Termination (ms): Min: 0.0, Avg: 0.0, Max: 0.0, Diff: 0.0, Sum: 0.0]
      [GC Worker Other (ms): Min: 0.0, Avg: 0.1, Max: 0.1, Diff: 0.1, Sum: 0.2]
      [GC Worker Total (ms): Min: 210.1, Avg: 211.9, Max: 213.8, Diff: 3.8, Sum: 423.9]
      [GC Worker End (ms): Min: 8980582.1, Avg: 8980582.1, Max: 8980582.1, Diff: 0.0]
   [Code Root Fixup: 0.3 ms]
   [Code Root Migration: 0.1 ms]
   [Clear CT: 0.7 ms]
   [Other: 6.4 ms]
      [Choose CSet: 0.4 ms]
      [Ref Proc: 1.5 ms]
      [Ref Enq: 0.1 ms]
      [Free CSet: 1.3 ms]
   [Eden: 178.0M(178.0M)->0.0B(186.0M) Survivors: 26.0M->18.0M Heap: 1781.0M(4096.0M)->1433.0M(4096.0M)]
 [Times: user=0.42 sys=0.01, real=0.22 secs] 
2016-08-30T16:05:36.881+0200: 8987.016: [GC pause (mixed), 0.4025690 secs]
   [Parallel Time: 393.6 ms, GC Workers: 2]
      [GC Worker Start (ms): Min: 8987017.7, Avg: 8987017.7, Max: 8987017.7, Diff: 0.0]
      [Ext Root Scanning (ms): Min: 83.1, Avg: 88.8, Max: 94.5, Diff: 11.4, Sum: 177.7]
      [Update RS (ms): Min: 58.5, Avg: 66.9, Max: 75.3, Diff: 16.8, Sum: 133.8]
         [Processed Buffers: Min: 369, Avg: 389.5, Max: 410, Diff: 41, Sum: 779]
      [Scan RS (ms): Min: 72.9, Avg: 73.8, Max: 74.8, Diff: 1.9, Sum: 147.7]
      [Code Root Scanning (ms): Min: 0.2, Avg: 1.2, Max: 2.3, Diff: 2.1, Sum: 2.5]
      [Object Copy (ms): Min: 154.9, Avg: 157.5, Max: 160.1, Diff: 5.1, Sum: 315.0]
      [Termination (ms): Min: 0.0, Avg: 0.0, Max: 0.0, Diff: 0.0, Sum: 0.0]
      [GC Worker Other (ms): Min: 0.1, Avg: 0.1, Max: 0.1, Diff: 0.0, Sum: 0.2]
      [GC Worker Total (ms): Min: 388.4, Avg: 388.4, Max: 388.4, Diff: 0.0, Sum: 776.8]
      [GC Worker End (ms): Min: 8987406.1, Avg: 8987406.1, Max: 8987406.1, Diff: 0.0]
   [Code Root Fixup: 0.2 ms]
   [Code Root Migration: 0.0 ms]
   [Clear CT: 0.6 ms]
   [Other: 8.1 ms]
      [Choose CSet: 0.5 ms]
      [Ref Proc: 3.8 ms]
      [Ref Enq: 0.1 ms]
      [Free CSet: 1.1 ms]
   [Eden: 186.0M(186.0M)->0.0B(186.0M) Survivors: 18.0M->18.0M Heap: 1619.0M(4096.0M)->1277.0M(4096.0M)]
 [Times: user=0.35 sys=0.00, real=0.40 secs] 
2016-08-30T16:05:42.613+0200: 8992.748: [GC pause (mixed), 0.2760480 secs]
   [Parallel Time: 267.9 ms, GC Workers: 2]
      [GC Worker Start (ms): Min: 8992750.2, Avg: 8992750.2, Max: 8992750.2, Diff: 0.0]
      [Ext Root Scanning (ms): Min: 50.3, Avg: 50.7, Max: 51.1, Diff: 0.8, Sum: 101.3]
      [Update RS (ms): Min: 36.5, Avg: 36.8, Max: 37.1, Diff: 0.6, Sum: 73.7]
         [Processed Buffers: Min: 376, Avg: 431.5, Max: 487, Diff: 111, Sum: 863]
      [Scan RS (ms): Min: 88.3, Avg: 88.7, Max: 89.1, Diff: 0.8, Sum: 177.3]
      [Code Root Scanning (ms): Min: 0.1, Avg: 0.1, Max: 0.2, Diff: 0.1, Sum: 0.3]
      [Object Copy (ms): Min: 91.0, Avg: 91.4, Max: 91.7, Diff: 0.7, Sum: 182.8]
      [Termination (ms): Min: 0.0, Avg: 0.0, Max: 0.0, Diff: 0.0, Sum: 0.0]
      [GC Worker Other (ms): Min: 0.1, Avg: 0.1, Max: 0.1, Diff: 0.1, Sum: 0.2]
      [GC Worker Total (ms): Min: 267.8, Avg: 267.8, Max: 267.8, Diff: 0.0, Sum: 535.6]
      [GC Worker End (ms): Min: 8993018.0, Avg: 8993018.0, Max: 8993018.0, Diff: 0.0]
   [Code Root Fixup: 0.2 ms]
   [Code Root Migration: 0.0 ms]
   [Clear CT: 0.6 ms]
   [Other: 7.3 ms]
      [Choose CSet: 1.0 ms]
      [Ref Proc: 1.3 ms]
      [Ref Enq: 0.1 ms]
      [Free CSet: 1.6 ms]
   [Eden: 186.0M(186.0M)->0.0B(180.0M) Survivors: 18.0M->24.0M Heap: 1463.0M(4096.0M)->1143.0M(4096.0M)]
 [Times: user=0.54 sys=0.00, real=0.28 secs] 
2016-08-30T16:05:48.278+0200: 8998.413: [GC pause (mixed), 0.1886420 secs]
   [Parallel Time: 174.6 ms, GC Workers: 2]
      [GC Worker Start (ms): Min: 8998414.3, Avg: 8998414.3, Max: 8998414.3, Diff: 0.0]
      [Ext Root Scanning (ms): Min: 47.0, Avg: 54.7, Max: 62.4, Diff: 15.4, Sum: 109.3]
      [Update RS (ms): Min: 18.7, Avg: 26.0, Max: 33.3, Diff: 14.6, Sum: 52.1]
         [Processed Buffers: Min: 129, Avg: 395.5, Max: 662, Diff: 533, Sum: 791]
      [Scan RS (ms): Min: 43.2, Avg: 50.3, Max: 57.5, Diff: 14.3, Sum: 100.7]
      [Code Root Scanning (ms): Min: 0.1, Avg: 0.1, Max: 0.1, Diff: 0.0, Sum: 0.2]
      [Object Copy (ms): Min: 35.8, Avg: 43.4, Max: 50.9, Diff: 15.1, Sum: 86.7]
      [Termination (ms): Min: 0.0, Avg: 0.0, Max: 0.0, Diff: 0.0, Sum: 0.0]
      [GC Worker Other (ms): Min: 0.1, Avg: 0.1, Max: 0.1, Diff: 0.0, Sum: 0.2]
      [GC Worker Total (ms): Min: 174.5, Avg: 174.6, Max: 174.6, Diff: 0.0, Sum: 349.1]
      [GC Worker End (ms): Min: 8998588.9, Avg: 8998588.9, Max: 8998588.9, Diff: 0.0]
   [Code Root Fixup: 0.3 ms]
   [Code Root Migration: 0.2 ms]
   [Clear CT: 0.9 ms]
   [Other: 12.7 ms]
      [Choose CSet: 0.3 ms]
      [Ref Proc: 9.6 ms]
      [Ref Enq: 0.1 ms]
      [Free CSet: 0.6 ms]
   [Eden: 180.0M(180.0M)->0.0B(184.0M) Survivors: 24.0M->20.0M Heap: 1323.0M(4096.0M)->1123.0M(4096.0M)]
 [Times: user=0.23 sys=0.00, real=0.19 secs] 
2016-08-30T16:05:54.578+0200: 9004.713: [GC pause (young), 0.1305710 secs]
   [Parallel Time: 124.6 ms, GC Workers: 2]
      [GC Worker Start (ms): Min: 9004714.2, Avg: 9004714.2, Max: 9004714.2, Diff: 0.0]
      [Ext Root Scanning (ms): Min: 48.5, Avg: 48.5, Max: 48.6, Diff: 0.1, Sum: 97.1]
      [Update RS (ms): Min: 33.4, Avg: 33.7, Max: 34.0, Diff: 0.6, Sum: 67.4]
         [Processed Buffers: Min: 349, Avg: 394.0, Max: 439, Diff: 90, Sum: 788]
      [Scan RS (ms): Min: 5.8, Avg: 6.3, Max: 6.7, Diff: 0.9, Sum: 12.5]
      [Code Root Scanning (ms): Min: 0.0, Avg: 0.1, Max: 0.1, Diff: 0.1, Sum: 0.1]
      [Object Copy (ms): Min: 35.6, Avg: 35.8, Max: 36.0, Diff: 0.4, Sum: 71.5]
      [Termination (ms): Min: 0.0, Avg: 0.0, Max: 0.0, Diff: 0.0, Sum: 0.0]
      [GC Worker Other (ms): Min: 0.1, Avg: 0.1, Max: 0.2, Diff: 0.0, Sum: 0.3]
      [GC Worker Total (ms): Min: 124.4, Avg: 124.4, Max: 124.4, Diff: 0.0, Sum: 248.8]
      [GC Worker End (ms): Min: 9004838.6, Avg: 9004838.6, Max: 9004838.6, Diff: 0.0]
   [Code Root Fixup: 0.3 ms]
   [Code Root Migration: 0.0 ms]
   [Clear CT: 0.4 ms]
   [Other: 5.3 ms]
      [Choose CSet: 0.0 ms]
      [Ref Proc: 2.0 ms]
      [Ref Enq: 0.1 ms]
      [Free CSet: 0.4 ms]
   [Eden: 184.0M(184.0M)->0.0B(184.0M) Survivors: 20.0M->20.0M Heap: 1307.0M(4096.0M)->1141.0M(4096.0M)]
 [Times: user=0.25 sys=0.00, real=0.13 secs] 
2016-08-30T16:06:01.307+0200: 9011.442: [GC pause (young), 0.1379510 secs]
   [Parallel Time: 130.7 ms, GC Workers: 2]
      [GC Worker Start (ms): Min: 9011443.4, Avg: 9011443.4, Max: 9011443.4, Diff: 0.0]
      [Ext Root Scanning (ms): Min: 50.2, Avg: 50.6, Max: 51.0, Diff: 0.8, Sum: 101.2]
      [Update RS (ms): Min: 36.3, Avg: 36.8, Max: 37.3, Diff: 1.0, Sum: 73.6]
         [Processed Buffers: Min: 375, Avg: 396.5, Max: 418, Diff: 43, Sum: 793]
      [Scan RS (ms): Min: 6.1, Avg: 6.5, Max: 7.0, Diff: 0.9, Sum: 13.1]
      [Code Root Scanning (ms): Min: 0.1, Avg: 0.1, Max: 0.1, Diff: 0.0, Sum: 0.1]
      [Object Copy (ms): Min: 36.1, Avg: 36.5, Max: 36.9, Diff: 0.8, Sum: 73.0]
      [Termination (ms): Min: 0.0, Avg: 0.0, Max: 0.0, Diff: 0.0, Sum: 0.0]
      [GC Worker Other (ms): Min: 0.1, Avg: 0.1, Max: 0.2, Diff: 0.0, Sum: 0.3]
      [GC Worker Total (ms): Min: 130.6, Avg: 130.6, Max: 130.6, Diff: 0.0, Sum: 261.3]
      [GC Worker End (ms): Min: 9011574.0, Avg: 9011574.1, Max: 9011574.1, Diff: 0.0]
   [Code Root Fixup: 0.4 ms]
   [Code Root Migration: 0.0 ms]
   [Clear CT: 0.4 ms]
   [Other: 6.4 ms]
      [Choose CSet: 0.0 ms]
      [Ref Proc: 2.4 ms]
      [Ref Enq: 0.2 ms]
      [Free CSet: 0.9 ms]
   [Eden: 184.0M(184.0M)->0.0B(188.0M) Survivors: 20.0M->16.0M Heap: 1325.0M(4096.0M)->1154.0M(4096.0M)]
 [Times: user=0.27 sys=0.00, real=0.14 secs] 
2016-08-30T16:06:07.930+0200: 9018.065: [GC pause (young), 0.1383860 secs]
   [Parallel Time: 131.7 ms, GC Workers: 2]
      [GC Worker Start (ms): Min: 9018066.4, Avg: 9018066.4, Max: 9018066.4, Diff: 0.0]
      [Ext Root Scanning (ms): Min: 50.0, Avg: 50.1, Max: 50.3, Diff: 0.3, Sum: 100.3]
      [Update RS (ms): Min: 37.5, Avg: 38.1, Max: 38.6, Diff: 1.1, Sum: 76.1]
         [Processed Buffers: Min: 375, Avg: 388.5, Max: 402, Diff: 27, Sum: 777]
      [Scan RS (ms): Min: 6.6, Avg: 6.9, Max: 7.2, Diff: 0.6, Sum: 13.7]
      [Code Root Scanning (ms): Min: 0.0, Avg: 0.1, Max: 0.1, Diff: 0.1, Sum: 0.1]
      [Object Copy (ms): Min: 35.9, Avg: 36.3, Max: 36.8, Diff: 0.9, Sum: 72.6]
      [Termination (ms): Min: 0.0, Avg: 0.0, Max: 0.0, Diff: 0.0, Sum: 0.0]
      [GC Worker Other (ms): Min: 0.1, Avg: 0.1, Max: 0.2, Diff: 0.0, Sum: 0.3]
      [GC Worker Total (ms): Min: 131.6, Avg: 131.6, Max: 131.6, Diff: 0.0, Sum: 263.2]
      [GC Worker End (ms): Min: 9018198.0, Avg: 9018198.0, Max: 9018198.0, Diff: 0.0]
   [Code Root Fixup: 0.4 ms]
   [Code Root Migration: 0.0 ms]
   [Clear CT: 0.4 ms]
   [Other: 5.9 ms]
      [Choose CSet: 0.0 ms]
      [Ref Proc: 2.3 ms]
      [Ref Enq: 0.2 ms]
      [Free CSet: 0.5 ms]
   [Eden: 188.0M(188.0M)->0.0B(186.0M) Survivors: 16.0M->18.0M Heap: 1342.0M(4096.0M)->1170.0M(4096.0M)]
 [Times: user=0.27 sys=0.00, real=0.14 secs] 
2016-08-30T16:06:13.272+0200: 9023.406: [GC pause (young), 0.1433490 secs]
   [Parallel Time: 136.7 ms, GC Workers: 2]
      [GC Worker Start (ms): Min: 9023407.7, Avg: 9023407.7, Max: 9023407.8, Diff: 0.0]
      [Ext Root Scanning (ms): Min: 49.9, Avg: 50.4, Max: 50.8, Diff: 1.0, Sum: 100.7]
      [Update RS (ms): Min: 40.6, Avg: 40.7, Max: 40.9, Diff: 0.3, Sum: 81.5]
         [Processed Buffers: Min: 402, Avg: 449.5, Max: 497, Diff: 95, Sum: 899]
      [Scan RS (ms): Min: 6.4, Avg: 6.8, Max: 7.1, Diff: 0.6, Sum: 13.5]
      [Code Root Scanning (ms): Min: 0.1, Avg: 0.1, Max: 0.1, Diff: 0.0, Sum: 0.1]
      [Object Copy (ms): Min: 38.2, Avg: 38.6, Max: 38.9, Diff: 0.7, Sum: 77.2]
      [Termination (ms): Min: 0.0, Avg: 0.0, Max: 0.0, Diff: 0.0, Sum: 0.0]
      [GC Worker Other (ms): Min: 0.1, Avg: 0.1, Max: 0.2, Diff: 0.0, Sum: 0.3]
      [GC Worker Total (ms): Min: 136.6, Avg: 136.6, Max: 136.7, Diff: 0.0, Sum: 273.3]
      [GC Worker End (ms): Min: 9023544.4, Avg: 9023544.4, Max: 9023544.4, Diff: 0.0]
   [Code Root Fixup: 0.4 ms]
   [Code Root Migration: 0.0 ms]
   [Clear CT: 0.4 ms]
   [Other: 5.8 ms]
      [Choose CSet: 0.0 ms]
      [Ref Proc: 2.1 ms]
      [Ref Enq: 0.2 ms]
      [Free CSet: 0.5 ms]
   [Eden: 186.0M(186.0M)->0.0B(180.0M) Survivors: 18.0M->24.0M Heap: 1356.0M(4096.0M)->1192.0M(4096.0M)]
 [Times: user=0.28 sys=0.01, real=0.15 secs] 
2016-08-30T16:06:19.723+0200: 9029.858: [GC pause (young), 0.1422150 secs]
   [Parallel Time: 135.4 ms, GC Workers: 2]
      [GC Worker Start (ms): Min: 9029859.5, Avg: 9029860.5, Max: 9029861.6, Diff: 2.1]
      [Ext Root Scanning (ms): Min: 50.9, Avg: 51.5, Max: 52.2, Diff: 1.3, Sum: 103.0]
      [Update RS (ms): Min: 37.5, Avg: 37.6, Max: 37.8, Diff: 0.3, Sum: 75.3]
         [Processed Buffers: Min: 400, Avg: 424.5, Max: 449, Diff: 49, Sum: 849]
      [Scan RS (ms): Min: 7.4, Avg: 7.7, Max: 7.9, Diff: 0.5, Sum: 15.4]
      [Code Root Scanning (ms): Min: 0.1, Avg: 0.1, Max: 0.1, Diff: 0.0, Sum: 0.1]
      [Object Copy (ms): Min: 36.7, Avg: 37.2, Max: 37.7, Diff: 1.0, Sum: 74.4]
      [Termination (ms): Min: 0.0, Avg: 0.0, Max: 0.0, Diff: 0.0, Sum: 0.0]
      [GC Worker Other (ms): Min: 0.1, Avg: 0.2, Max: 0.2, Diff: 0.0, Sum: 0.3]
      [GC Worker Total (ms): Min: 133.2, Avg: 134.3, Max: 135.3, Diff: 2.1, Sum: 268.5]
      [GC Worker End (ms): Min: 9029994.8, Avg: 9029994.8, Max: 9029994.8, Diff: 0.0]
   [Code Root Fixup: 0.4 ms]
   [Code Root Migration: 0.0 ms]
   [Clear CT: 0.4 ms]
   [Other: 6.0 ms]
      [Choose CSet: 0.0 ms]
      [Ref Proc: 2.3 ms]
      [Ref Enq: 0.2 ms]
      [Free CSet: 0.4 ms]
   [Eden: 180.0M(180.0M)->0.0B(290.0M) Survivors: 24.0M->16.0M Heap: 1372.0M(4096.0M)->1206.0M(4096.0M)]
 [Times: user=0.28 sys=0.00, real=0.15 secs] 
2016-08-30T16:06:29.571+0200: 9039.705: [GC pause (young), 0.1474840 secs]
   [Parallel Time: 141.3 ms, GC Workers: 2]
      [GC Worker Start (ms): Min: 9039706.8, Avg: 9039706.8, Max: 9039706.8, Diff: 0.0]
      [Ext Root Scanning (ms): Min: 48.4, Avg: 48.9, Max: 49.4, Diff: 1.0, Sum: 97.8]
      [Update RS (ms): Min: 47.2, Avg: 47.2, Max: 47.3, Diff: 0.1, Sum: 94.5]
         [Processed Buffers: Min: 459, Avg: 467.0, Max: 475, Diff: 16, Sum: 934]
      [Scan RS (ms): Min: 6.6, Avg: 6.6, Max: 6.6, Diff: 0.0, Sum: 13.1]
      [Code Root Scanning (ms): Min: 0.1, Avg: 0.1, Max: 0.1, Diff: 0.0, Sum: 0.2]
      [Object Copy (ms): Min: 37.7, Avg: 38.3, Max: 38.8, Diff: 1.1, Sum: 76.5]
      [Termination (ms): Min: 0.0, Avg: 0.0, Max: 0.0, Diff: 0.0, Sum: 0.0]
      [GC Worker Other (ms): Min: 0.1, Avg: 0.1, Max: 0.1, Diff: 0.0, Sum: 0.3]
      [GC Worker Total (ms): Min: 141.2, Avg: 141.2, Max: 141.2, Diff: 0.0, Sum: 282.4]
      [GC Worker End (ms): Min: 9039848.0, Avg: 9039848.0, Max: 9039848.0, Diff: 0.0]
   [Code Root Fixup: 0.2 ms]
   [Code Root Migration: 0.0 ms]
   [Clear CT: 0.7 ms]
   [Other: 5.3 ms]
      [Choose CSet: 0.0 ms]
      [Ref Proc: 2.1 ms]
      [Ref Enq: 0.2 ms]
      [Free CSet: 0.4 ms]
   [Eden: 290.0M(290.0M)->0.0B(274.0M) Survivors: 16.0M->40.0M Heap: 1496.0M(4096.0M)->1233.0M(4096.0M)]
 [Times: user=0.29 sys=0.00, real=0.15 secs] 
2016-08-30T16:06:39.004+0200: 9049.138: [GC pause (young), 0.2030850 secs]
   [Parallel Time: 196.0 ms, GC Workers: 2]
      [GC Worker Start (ms): Min: 9049140.2, Avg: 9049141.7, Max: 9049143.2, Diff: 3.1]
      [Ext Root Scanning (ms): Min: 49.7, Avg: 50.5, Max: 51.4, Diff: 1.6, Sum: 101.1]
      [Update RS (ms): Min: 60.9, Avg: 61.0, Max: 61.1, Diff: 0.2, Sum: 122.0]
         [Processed Buffers: Min: 307, Avg: 431.5, Max: 556, Diff: 249, Sum: 863]
      [Scan RS (ms): Min: 17.1, Avg: 17.1, Max: 17.2, Diff: 0.0, Sum: 34.3]
      [Code Root Scanning (ms): Min: 0.1, Avg: 0.1, Max: 0.1, Diff: 0.0, Sum: 0.2]
      [Object Copy (ms): Min: 64.7, Avg: 65.4, Max: 66.0, Diff: 1.3, Sum: 130.7]
      [Termination (ms): Min: 0.0, Avg: 0.0, Max: 0.0, Diff: 0.0, Sum: 0.0]
      [GC Worker Other (ms): Min: 0.1, Avg: 0.1, Max: 0.2, Diff: 0.1, Sum: 0.3]
      [GC Worker Total (ms): Min: 192.8, Avg: 194.3, Max: 195.9, Diff: 3.1, Sum: 388.6]
      [GC Worker End (ms): Min: 9049336.0, Avg: 9049336.0, Max: 9049336.0, Diff: 0.0]
   [Code Root Fixup: 0.3 ms]
   [Code Root Migration: 0.0 ms]
   [Clear CT: 0.4 ms]
   [Other: 6.2 ms]
      [Choose CSet: 0.0 ms]
      [Ref Proc: 2.5 ms]
      [Ref Enq: 0.1 ms]
      [Free CSet: 0.5 ms]
   [Eden: 274.0M(274.0M)->0.0B(216.0M) Survivors: 40.0M->26.0M Heap: 1507.0M(4096.0M)->1252.0M(4096.0M)]
 [Times: user=0.34 sys=0.00, real=0.21 secs] 
2016-08-30T16:06:45.863+0200: 9055.997: [GC pause (young), 0.1669540 secs]
   [Parallel Time: 159.3 ms, GC Workers: 2]
      [GC Worker Start (ms): Min: 9055999.2, Avg: 9055999.2, Max: 9055999.2, Diff: 0.0]
      [Ext Root Scanning (ms): Min: 53.1, Avg: 53.1, Max: 53.1, Diff: 0.0, Sum: 106.2]
      [Update RS (ms): Min: 46.4, Avg: 47.1, Max: 47.7, Diff: 1.4, Sum: 94.1]
         [Processed Buffers: Min: 438, Avg: 450.5, Max: 463, Diff: 25, Sum: 901]
      [Scan RS (ms): Min: 8.3, Avg: 8.9, Max: 9.6, Diff: 1.3, Sum: 17.9]
      [Code Root Scanning (ms): Min: 0.0, Avg: 0.1, Max: 0.1, Diff: 0.1, Sum: 0.2]
      [Object Copy (ms): Min: 49.9, Avg: 49.9, Max: 49.9, Diff: 0.0, Sum: 99.7]
      [Termination (ms): Min: 0.0, Avg: 0.0, Max: 0.0, Diff: 0.0, Sum: 0.0]
      [GC Worker Other (ms): Min: 0.1, Avg: 0.1, Max: 0.2, Diff: 0.0, Sum: 0.3]
      [GC Worker Total (ms): Min: 159.2, Avg: 159.2, Max: 159.2, Diff: 0.0, Sum: 318.4]
      [GC Worker End (ms): Min: 9056158.4, Avg: 9056158.4, Max: 9056158.4, Diff: 0.0]
   [Code Root Fixup: 0.5 ms]
   [Code Root Migration: 0.0 ms]
   [Clear CT: 0.5 ms]
   [Other: 6.6 ms]
      [Choose CSet: 0.0 ms]
      [Ref Proc: 2.5 ms]
      [Ref Enq: 0.2 ms]
      [Free CSet: 0.6 ms]
   [Eden: 216.0M(216.0M)->0.0B(254.0M) Survivors: 26.0M->28.0M Heap: 1468.0M(4096.0M)->1276.0M(4096.0M)]
 [Times: user=0.32 sys=0.00, real=0.17 secs] 
2016-08-30T16:06:55.577+0200: 9065.711: [GC pause (young), 0.1640290 secs]
   [Parallel Time: 155.9 ms, GC Workers: 2]
      [GC Worker Start (ms): Min: 9065712.6, Avg: 9065713.0, Max: 9065713.4, Diff: 0.8]
      [Ext Root Scanning (ms): Min: 49.8, Avg: 49.9, Max: 50.0, Diff: 0.2, Sum: 99.8]
      [Update RS (ms): Min: 47.7, Avg: 48.5, Max: 49.3, Diff: 1.7, Sum: 97.0]
         [Processed Buffers: Min: 439, Avg: 477.0, Max: 515, Diff: 76, Sum: 954]
      [Scan RS (ms): Min: 8.2, Avg: 8.8, Max: 9.3, Diff: 1.1, Sum: 17.5]
      [Code Root Scanning (ms): Min: 0.1, Avg: 0.1, Max: 0.1, Diff: 0.0, Sum: 0.2]
      [Object Copy (ms): Min: 47.8, Avg: 48.0, Max: 48.3, Diff: 0.5, Sum: 96.0]
      [Termination (ms): Min: 0.0, Avg: 0.0, Max: 0.0, Diff: 0.0, Sum: 0.0]
      [GC Worker Other (ms): Min: 0.1, Avg: 0.2, Max: 0.2, Diff: 0.0, Sum: 0.3]
      [GC Worker Total (ms): Min: 155.0, Avg: 155.4, Max: 155.8, Diff: 0.8, Sum: 310.9]
      [GC Worker End (ms): Min: 9065868.4, Avg: 9065868.4, Max: 9065868.4, Diff: 0.0]
   [Code Root Fixup: 0.4 ms]
   [Code Root Migration: 0.0 ms]
   [Clear CT: 0.5 ms]
   [Other: 7.2 ms]
      [Choose CSet: 0.0 ms]
      [Ref Proc: 3.2 ms]
      [Ref Enq: 0.2 ms]
      [Free CSet: 0.6 ms]
   [Eden: 254.0M(254.0M)->0.0B(418.0M) Survivors: 28.0M->22.0M Heap: 1530.0M(4096.0M)->1292.0M(4096.0M)]
 [Times: user=0.32 sys=0.00, real=0.17 secs] 
2016-08-30T16:07:11.295+0200: 9081.429: [GC pause (young), 0.1811640 secs]
   [Parallel Time: 173.1 ms, GC Workers: 2]
      [GC Worker Start (ms): Min: 9081431.0, Avg: 9081431.1, Max: 9081431.1, Diff: 0.0]
      [Ext Root Scanning (ms): Min: 52.4, Avg: 52.4, Max: 52.4, Diff: 0.0, Sum: 104.8]
      [Update RS (ms): Min: 60.5, Avg: 61.3, Max: 62.2, Diff: 1.6, Sum: 122.7]
         [Processed Buffers: Min: 478, Avg: 485.5, Max: 493, Diff: 15, Sum: 971]
      [Scan RS (ms): Min: 11.0, Avg: 11.1, Max: 11.1, Diff: 0.1, Sum: 22.1]
      [Code Root Scanning (ms): Min: 0.1, Avg: 0.2, Max: 0.2, Diff: 0.1, Sum: 0.3]
      [Object Copy (ms): Min: 47.1, Avg: 47.9, Max: 48.6, Diff: 1.5, Sum: 95.7]
      [Termination (ms): Min: 0.0, Avg: 0.0, Max: 0.0, Diff: 0.0, Sum: 0.0]
      [GC Worker Other (ms): Min: 0.1, Avg: 0.1, Max: 0.1, Diff: 0.0, Sum: 0.3]
      [GC Worker Total (ms): Min: 173.0, Avg: 173.0, Max: 173.0, Diff: 0.0, Sum: 345.9]
      [GC Worker End (ms): Min: 9081604.0, Avg: 9081604.0, Max: 9081604.0, Diff: 0.0]
   [Code Root Fixup: 0.2 ms]
   [Code Root Migration: 0.1 ms]
   [Clear CT: 0.4 ms]
   [Other: 7.4 ms]
      [Choose CSet: 0.0 ms]
      [Ref Proc: 3.4 ms]
      [Ref Enq: 0.2 ms]
      [Free CSet: 0.8 ms]
   [Eden: 418.0M(418.0M)->0.0B(256.0M) Survivors: 22.0M->54.0M Heap: 1710.0M(4096.0M)->1324.0M(4096.0M)]
 [Times: user=0.35 sys=0.01, real=0.18 secs] 
2016-08-30T16:07:20.591+0200: 9090.725: [GC pause (young), 0.1856470 secs]
   [Parallel Time: 177.3 ms, GC Workers: 2]
      [GC Worker Start (ms): Min: 9090726.6, Avg: 9090726.7, Max: 9090726.7, Diff: 0.0]
      [Ext Root Scanning (ms): Min: 49.7, Avg: 50.2, Max: 50.8, Diff: 1.1, Sum: 100.5]
      [Update RS (ms): Min: 43.7, Avg: 44.1, Max: 44.5, Diff: 0.8, Sum: 88.2]
         [Processed Buffers: Min: 374, Avg: 395.5, Max: 417, Diff: 43, Sum: 791]
      [Scan RS (ms): Min: 14.6, Avg: 15.2, Max: 15.9, Diff: 1.3, Sum: 30.4]
      [Code Root Scanning (ms): Min: 0.1, Avg: 0.3, Max: 0.5, Diff: 0.4, Sum: 0.6]
      [Object Copy (ms): Min: 66.7, Avg: 67.2, Max: 67.8, Diff: 1.1, Sum: 134.5]
      [Termination (ms): Min: 0.0, Avg: 0.0, Max: 0.0, Diff: 0.0, Sum: 0.0]
      [GC Worker Other (ms): Min: 0.1, Avg: 0.1, Max: 0.2, Diff: 0.0, Sum: 0.3]
      [GC Worker Total (ms): Min: 177.2, Avg: 177.2, Max: 177.2, Diff: 0.0, Sum: 354.4]
      [GC Worker End (ms): Min: 9090903.9, Avg: 9090903.9, Max: 9090903.9, Diff: 0.0]
   [Code Root Fixup: 0.4 ms]
   [Code Root Migration: 0.1 ms]
   [Clear CT: 0.6 ms]
   [Other: 7.3 ms]
      [Choose CSet: 0.0 ms]
      [Ref Proc: 3.2 ms]
      [Ref Enq: 0.3 ms]
      [Free CSet: 0.7 ms]
   [Eden: 256.0M(256.0M)->0.0B(394.0M) Survivors: 54.0M->28.0M Heap: 1580.0M(4096.0M)->1338.0M(4096.0M)]
 [Times: user=0.36 sys=0.00, real=0.19 secs] 
2016-08-30T16:07:36.311+0200: 9106.446: [GC pause (young), 0.2118840 secs]
   [Parallel Time: 204.4 ms, GC Workers: 2]
      [GC Worker Start (ms): Min: 9106447.4, Avg: 9106447.7, Max: 9106448.0, Diff: 0.6]
      [Ext Root Scanning (ms): Min: 65.6, Avg: 67.8, Max: 70.1, Diff: 4.5, Sum: 135.7]
      [Update RS (ms): Min: 66.5, Avg: 69.0, Max: 71.5, Diff: 5.0, Sum: 138.0]
         [Processed Buffers: Min: 308, Avg: 443.0, Max: 578, Diff: 270, Sum: 886]
      [Scan RS (ms): Min: 8.5, Avg: 10.0, Max: 11.6, Diff: 3.1, Sum: 20.0]
      [Code Root Scanning (ms): Min: 0.1, Avg: 0.1, Max: 0.1, Diff: 0.0, Sum: 0.2]
      [Object Copy (ms): Min: 56.0, Avg: 57.0, Max: 57.9, Diff: 1.9, Sum: 113.9]
      [Termination (ms): Min: 0.0, Avg: 0.0, Max: 0.0, Diff: 0.0, Sum: 0.0]
      [GC Worker Other (ms): Min: 0.1, Avg: 0.1, Max: 0.2, Diff: 0.0, Sum: 0.3]
      [GC Worker Total (ms): Min: 203.7, Avg: 204.0, Max: 204.3, Diff: 0.6, Sum: 408.1]
      [GC Worker End (ms): Min: 9106651.7, Avg: 9106651.7, Max: 9106651.7, Diff: 0.0]
   [Code Root Fixup: 0.2 ms]
   [Code Root Migration: 0.0 ms]
   [Clear CT: 0.4 ms]
   [Other: 6.9 ms]
      [Choose CSet: 0.0 ms]
      [Ref Proc: 3.1 ms]
      [Ref Enq: 0.2 ms]
      [Free CSet: 0.7 ms]
   [Eden: 394.0M(394.0M)->0.0B(174.0M) Survivors: 28.0M->54.0M Heap: 1732.0M(4096.0M)->1367.0M(4096.0M)]
 [Times: user=0.31 sys=0.00, real=0.21 secs] 
2016-08-30T16:07:41.348+0200: 9111.482: [GC pause (young), 0.1786620 secs]
   [Parallel Time: 169.6 ms, GC Workers: 2]
      [GC Worker Start (ms): Min: 9111483.9, Avg: 9111483.9, Max: 9111483.9, Diff: 0.0]
      [Ext Root Scanning (ms): Min: 50.3, Avg: 50.7, Max: 51.2, Diff: 0.9, Sum: 101.4]
      [Update RS (ms): Min: 35.2, Avg: 35.9, Max: 36.6, Diff: 1.4, Sum: 71.8]
         [Processed Buffers: Min: 316, Avg: 340.5, Max: 365, Diff: 49, Sum: 681]
      [Scan RS (ms): Min: 13.5, Avg: 14.2, Max: 14.8, Diff: 1.3, Sum: 28.3]
      [Code Root Scanning (ms): Min: 0.0, Avg: 0.1, Max: 0.1, Diff: 0.1, Sum: 0.1]
      [Object Copy (ms): Min: 67.9, Avg: 68.4, Max: 69.0, Diff: 1.0, Sum: 136.9]
      [Termination (ms): Min: 0.0, Avg: 0.0, Max: 0.0, Diff: 0.0, Sum: 0.0]
      [GC Worker Other (ms): Min: 0.1, Avg: 0.2, Max: 0.3, Diff: 0.1, Sum: 0.4]
      [GC Worker Total (ms): Min: 169.5, Avg: 169.5, Max: 169.5, Diff: 0.0, Sum: 339.0]
      [GC Worker End (ms): Min: 9111653.4, Avg: 9111653.4, Max: 9111653.4, Diff: 0.0]
   [Code Root Fixup: 0.4 ms]
   [Code Root Migration: 0.0 ms]
   [Clear CT: 0.9 ms]
   [Other: 7.7 ms]
      [Choose CSet: 0.0 ms]
      [Ref Proc: 3.8 ms]
      [Ref Enq: 0.2 ms]
      [Free CSet: 0.5 ms]
   [Eden: 174.0M(174.0M)->0.0B(418.0M) Survivors: 54.0M->20.0M Heap: 1541.0M(4096.0M)->1381.0M(4096.0M)]
 [Times: user=0.33 sys=0.00, real=0.17 secs] 
2016-08-30T16:07:57.360+0200: 9127.494: [GC pause (young), 0.1940150 secs]
   [Parallel Time: 182.5 ms, GC Workers: 2]
      [GC Worker Start (ms): Min: 9127495.9, Avg: 9127496.4, Max: 9127497.0, Diff: 1.1]
      [Ext Root Scanning (ms): Min: 50.5, Avg: 53.0, Max: 55.5, Diff: 5.0, Sum: 105.9]
      [Update RS (ms): Min: 53.3, Avg: 55.8, Max: 58.3, Diff: 5.0, Sum: 111.6]
         [Processed Buffers: Min: 425, Avg: 449.0, Max: 473, Diff: 48, Sum: 898]
      [Scan RS (ms): Min: 9.0, Avg: 9.3, Max: 9.7, Diff: 0.7, Sum: 18.7]
      [Code Root Scanning (ms): Min: 0.1, Avg: 0.2, Max: 0.2, Diff: 0.1, Sum: 0.3]
      [Object Copy (ms): Min: 62.6, Avg: 63.5, Max: 64.4, Diff: 1.8, Sum: 126.9]
      [Termination (ms): Min: 0.0, Avg: 0.0, Max: 0.0, Diff: 0.0, Sum: 0.0]
      [GC Worker Other (ms): Min: 0.1, Avg: 0.2, Max: 0.2, Diff: 0.0, Sum: 0.3]
      [GC Worker Total (ms): Min: 181.3, Avg: 181.9, Max: 182.4, Diff: 1.1, Sum: 363.8]
      [GC Worker End (ms): Min: 9127678.3, Avg: 9127678.3, Max: 9127678.3, Diff: 0.0]
   [Code Root Fixup: 0.4 ms]
   [Code Root Migration: 0.1 ms]
   [Clear CT: 0.6 ms]
   [Other: 10.5 ms]
      [Choose CSet: 0.0 ms]
      [Ref Proc: 5.8 ms]
      [Ref Enq: 0.4 ms]
      [Free CSet: 1.0 ms]
   [Eden: 418.0M(418.0M)->0.0B(188.0M) Survivors: 20.0M->56.0M Heap: 1799.0M(4096.0M)->1417.0M(4096.0M)]
 [Times: user=0.36 sys=0.00, real=0.19 secs] 
2016-08-30T16:08:03.837+0200: 9133.971: [GC pause (young), 0.1685680 secs]
   [Parallel Time: 161.6 ms, GC Workers: 2]
      [GC Worker Start (ms): Min: 9133972.7, Avg: 9133972.7, Max: 9133972.7, Diff: 0.0]
      [Ext Root Scanning (ms): Min: 49.9, Avg: 50.2, Max: 50.6, Diff: 0.7, Sum: 100.5]
      [Update RS (ms): Min: 35.5, Avg: 35.6, Max: 35.7, Diff: 0.2, Sum: 71.2]
         [Processed Buffers: Min: 311, Avg: 327.5, Max: 344, Diff: 33, Sum: 655]
      [Scan RS (ms): Min: 13.7, Avg: 13.8, Max: 13.8, Diff: 0.0, Sum: 27.5]
      [Code Root Scanning (ms): Min: 0.1, Avg: 0.1, Max: 0.1, Diff: 0.0, Sum: 0.1]
      [Object Copy (ms): Min: 61.5, Avg: 61.7, Max: 61.9, Diff: 0.4, Sum: 123.4]
      [Termination (ms): Min: 0.0, Avg: 0.0, Max: 0.0, Diff: 0.0, Sum: 0.0]
      [GC Worker Other (ms): Min: 0.1, Avg: 0.2, Max: 0.2, Diff: 0.0, Sum: 0.3]
      [GC Worker Total (ms): Min: 161.5, Avg: 161.5, Max: 161.6, Diff: 0.0, Sum: 323.1]
      [GC Worker End (ms): Min: 9134134.3, Avg: 9134134.3, Max: 9134134.3, Diff: 0.0]
   [Code Root Fixup: 0.4 ms]
   [Code Root Migration: 0.0 ms]
   [Clear CT: 0.5 ms]
   [Other: 6.0 ms]
      [Choose CSet: 0.0 ms]
      [Ref Proc: 2.3 ms]
      [Ref Enq: 0.2 ms]
      [Free CSet: 0.5 ms]
   [Eden: 188.0M(188.0M)->0.0B(470.0M) Survivors: 56.0M->20.0M Heap: 1605.0M(4096.0M)->1427.0M(4096.0M)]
 [Times: user=0.33 sys=0.00, real=0.17 secs] 
2016-08-30T16:08:20.152+0200: 9150.286: [GC pause (young), 0.1888040 secs]
   [Parallel Time: 180.3 ms, GC Workers: 2]
      [GC Worker Start (ms): Min: 9150288.1, Avg: 9150288.1, Max: 9150288.1, Diff: 0.0]
      [Ext Root Scanning (ms): Min: 51.0, Avg: 51.8, Max: 52.7, Diff: 1.7, Sum: 103.6]
      [Update RS (ms): Min: 67.3, Avg: 68.1, Max: 68.9, Diff: 1.6, Sum: 136.3]
         [Processed Buffers: Min: 511, Avg: 527.0, Max: 543, Diff: 32, Sum: 1054]
      [Scan RS (ms): Min: 8.9, Avg: 9.0, Max: 9.0, Diff: 0.1, Sum: 17.9]
      [Code Root Scanning (ms): Min: 0.1, Avg: 0.2, Max: 0.2, Diff: 0.1, Sum: 0.4]
      [Object Copy (ms): Min: 50.9, Avg: 51.0, Max: 51.1, Diff: 0.1, Sum: 102.0]
      [Termination (ms): Min: 0.0, Avg: 0.0, Max: 0.0, Diff: 0.0, Sum: 0.0]
      [GC Worker Other (ms): Min: 0.1, Avg: 0.1, Max: 0.2, Diff: 0.0, Sum: 0.3]
      [GC Worker Total (ms): Min: 180.2, Avg: 180.2, Max: 180.2, Diff: 0.0, Sum: 360.4]
      [GC Worker End (ms): Min: 9150468.3, Avg: 9150468.3, Max: 9150468.3, Diff: 0.0]
   [Code Root Fixup: 0.2 ms]
   [Code Root Migration: 0.1 ms]
   [Clear CT: 0.4 ms]
   [Other: 7.9 ms]
      [Choose CSet: 0.0 ms]
      [Ref Proc: 4.0 ms]
      [Ref Enq: 0.3 ms]
      [Free CSet: 0.7 ms]
   [Eden: 470.0M(470.0M)->0.0B(222.0M) Survivors: 20.0M->62.0M Heap: 1897.0M(4096.0M)->1468.0M(4096.0M)]
 [Times: user=0.37 sys=0.00, real=0.19 secs] 
2016-08-30T16:08:29.190+0200: 9159.324: [GC pause (young), 0.1593030 secs]
   [Parallel Time: 152.8 ms, GC Workers: 2]
      [GC Worker Start (ms): Min: 9159326.1, Avg: 9159326.2, Max: 9159326.2, Diff: 0.0]
      [Ext Root Scanning (ms): Min: 49.6, Avg: 49.9, Max: 50.2, Diff: 0.6, Sum: 99.8]
      [Update RS (ms): Min: 39.5, Avg: 39.9, Max: 40.2, Diff: 0.7, Sum: 79.8]
         [Processed Buffers: Min: 365, Avg: 382.0, Max: 399, Diff: 34, Sum: 764]
      [Scan RS (ms): Min: 14.9, Avg: 15.0, Max: 15.2, Diff: 0.3, Sum: 30.1]
      [Code Root Scanning (ms): Min: 0.1, Avg: 0.1, Max: 0.1, Diff: 0.1, Sum: 0.2]
      [Object Copy (ms): Min: 47.5, Avg: 47.6, Max: 47.8, Diff: 0.3, Sum: 95.3]
      [Termination (ms): Min: 0.0, Avg: 0.0, Max: 0.0, Diff: 0.0, Sum: 0.0]
      [GC Worker Other (ms): Min: 0.2, Avg: 0.2, Max: 0.2, Diff: 0.0, Sum: 0.3]
      [GC Worker Total (ms): Min: 152.7, Avg: 152.7, Max: 152.7, Diff: 0.0, Sum: 305.4]
      [GC Worker End (ms): Min: 9159478.9, Avg: 9159478.9, Max: 9159478.9, Diff: 0.0]
   [Code Root Fixup: 0.4 ms]
   [Code Root Migration: 0.0 ms]
   [Clear CT: 0.4 ms]
   [Other: 5.6 ms]
      [Choose CSet: 0.0 ms]
      [Ref Proc: 1.8 ms]
      [Ref Enq: 0.1 ms]
      [Free CSet: 0.5 ms]
   [Eden: 222.0M(222.0M)->0.0B(624.0M) Survivors: 62.0M->18.0M Heap: 1690.0M(4096.0M)->1468.0M(4096.0M)]
 [Times: user=0.31 sys=0.00, real=0.16 secs] 
2016-08-30T16:08:51.738+0200: 9181.872: [GC pause (young), 0.2215880 secs]
   [Parallel Time: 210.1 ms, GC Workers: 2]
      [GC Worker Start (ms): Min: 9181873.9, Avg: 9181873.9, Max: 9181873.9, Diff: 0.0]
      [Ext Root Scanning (ms): Min: 51.9, Avg: 52.0, Max: 52.1, Diff: 0.2, Sum: 104.0]
      [Update RS (ms): Min: 71.8, Avg: 72.2, Max: 72.7, Diff: 0.8, Sum: 144.5]
         [Processed Buffers: Min: 455, Avg: 511.5, Max: 568, Diff: 113, Sum: 1023]
      [Scan RS (ms): Min: 11.0, Avg: 11.2, Max: 11.3, Diff: 0.2, Sum: 22.3]
      [Code Root Scanning (ms): Min: 0.1, Avg: 0.2, Max: 0.3, Diff: 0.1, Sum: 0.4]
      [Object Copy (ms): Min: 73.8, Avg: 74.3, Max: 74.8, Diff: 1.0, Sum: 148.6]
      [Termination (ms): Min: 0.0, Avg: 0.0, Max: 0.0, Diff: 0.0, Sum: 0.0]
      [GC Worker Other (ms): Min: 0.1, Avg: 0.2, Max: 0.2, Diff: 0.1, Sum: 0.3]
      [GC Worker Total (ms): Min: 210.0, Avg: 210.0, Max: 210.1, Diff: 0.0, Sum: 420.1]
      [GC Worker End (ms): Min: 9182084.0, Avg: 9182084.0, Max: 9182084.0, Diff: 0.0]
   [Code Root Fixup: 0.2 ms]
   [Code Root Migration: 0.1 ms]
   [Clear CT: 0.5 ms]
   [Other: 10.6 ms]
      [Choose CSet: 0.0 ms]
      [Ref Proc: 6.1 ms]
      [Ref Enq: 0.3 ms]
      [Free CSet: 1.1 ms]
   [Eden: 624.0M(624.0M)->0.0B(232.0M) Survivors: 18.0M->76.0M Heap: 2092.0M(4096.0M)->1525.0M(4096.0M)]
 [Times: user=0.43 sys=0.00, real=0.23 secs] 
2016-08-30T16:08:59.222+0200: 9189.356: [GC pause (young), 0.1858690 secs]
   [Parallel Time: 178.1 ms, GC Workers: 2]
      [GC Worker Start (ms): Min: 9189357.9, Avg: 9189357.9, Max: 9189357.9, Diff: 0.0]
      [Ext Root Scanning (ms): Min: 50.3, Avg: 50.8, Max: 51.3, Diff: 1.1, Sum: 101.6]
      [Update RS (ms): Min: 37.2, Avg: 37.3, Max: 37.4, Diff: 0.2, Sum: 74.6]
         [Processed Buffers: Min: 311, Avg: 362.0, Max: 413, Diff: 102, Sum: 724]
      [Scan RS (ms): Min: 16.2, Avg: 16.6, Max: 17.0, Diff: 0.9, Sum: 33.2]
      [Code Root Scanning (ms): Min: 0.1, Avg: 0.1, Max: 0.1, Diff: 0.1, Sum: 0.2]
      [Object Copy (ms): Min: 73.0, Avg: 73.0, Max: 73.0, Diff: 0.1, Sum: 146.0]
      [Termination (ms): Min: 0.0, Avg: 0.0, Max: 0.1, Diff: 0.1, Sum: 0.1]
      [GC Worker Other (ms): Min: 0.1, Avg: 0.2, Max: 0.2, Diff: 0.1, Sum: 0.3]
      [GC Worker Total (ms): Min: 177.9, Avg: 178.0, Max: 178.0, Diff: 0.1, Sum: 356.0]
      [GC Worker End (ms): Min: 9189535.9, Avg: 9189535.9, Max: 9189535.9, Diff: 0.0]
   [Code Root Fixup: 0.4 ms]
   [Code Root Migration: 0.1 ms]
   [Clear CT: 0.6 ms]
   [Other: 6.7 ms]
      [Choose CSet: 0.0 ms]
      [Ref Proc: 2.7 ms]
      [Ref Enq: 0.2 ms]
      [Free CSet: 0.6 ms]
   [Eden: 206.0M(128.0M)->0.0B(478.0M) Survivors: 76.0M->20.0M Heap: 1731.0M(4096.0M)->1524.0M(4096.0M)]
 [Times: user=0.36 sys=0.00, real=0.18 secs] 
2016-08-30T16:09:16.332+0200: 9206.467: [GC pause (young), 0.2252750 secs]
   [Parallel Time: 212.5 ms, GC Workers: 2]
      [GC Worker Start (ms): Min: 9206468.6, Avg: 9206470.1, Max: 9206471.7, Diff: 3.1]
      [Ext Root Scanning (ms): Min: 54.4, Avg: 57.1, Max: 59.9, Diff: 5.4, Sum: 114.3]
      [Update RS (ms): Min: 67.9, Avg: 69.4, Max: 70.9, Diff: 3.0, Sum: 138.7]
         [Processed Buffers: Min: 505, Avg: 515.0, Max: 525, Diff: 20, Sum: 1030]
      [Scan RS (ms): Min: 9.7, Avg: 9.7, Max: 9.8, Diff: 0.1, Sum: 19.5]
      [Code Root Scanning (ms): Min: 0.1, Avg: 0.2, Max: 0.2, Diff: 0.1, Sum: 0.3]
      [Object Copy (ms): Min: 74.0, Avg: 74.3, Max: 74.6, Diff: 0.5, Sum: 148.6]
      [Termination (ms): Min: 0.0, Avg: 0.0, Max: 0.0, Diff: 0.0, Sum: 0.0]
      [GC Worker Other (ms): Min: 0.2, Avg: 0.2, Max: 0.2, Diff: 0.0, Sum: 0.4]
      [GC Worker Total (ms): Min: 209.3, Avg: 210.9, Max: 212.4, Diff: 3.1, Sum: 421.7]
      [GC Worker End (ms): Min: 9206681.0, Avg: 9206681.0, Max: 9206681.0, Diff: 0.0]
   [Code Root Fixup: 0.4 ms]
   [Code Root Migration: 0.1 ms]
   [Clear CT: 0.6 ms]
   [Other: 11.7 ms]
      [Choose CSet: 0.0 ms]
      [Ref Proc: 6.7 ms]
      [Ref Enq: 0.5 ms]
      [Free CSet: 1.1 ms]
   [Eden: 478.0M(478.0M)->0.0B(152.0M) Survivors: 20.0M->64.0M Heap: 2002.0M(4096.0M)->1568.0M(4096.0M)]
 [Times: user=0.40 sys=0.01, real=0.22 secs] 
2016-08-30T16:09:21.220+0200: 9211.354: [GC pause (young), 0.1831440 secs]
   [Parallel Time: 175.9 ms, GC Workers: 2]
      [GC Worker Start (ms): Min: 9211355.6, Avg: 9211355.7, Max: 9211355.7, Diff: 0.1]
      [Ext Root Scanning (ms): Min: 56.0, Avg: 56.8, Max: 57.7, Diff: 1.8, Sum: 113.7]
      [Update RS (ms): Min: 32.7, Avg: 33.5, Max: 34.3, Diff: 1.6, Sum: 67.1]
         [Processed Buffers: Min: 297, Avg: 317.0, Max: 337, Diff: 40, Sum: 634]
      [Scan RS (ms): Min: 15.9, Avg: 16.1, Max: 16.3, Diff: 0.4, Sum: 32.2]
      [Code Root Scanning (ms): Min: 0.0, Avg: 0.1, Max: 0.1, Diff: 0.1, Sum: 0.1]
      [Object Copy (ms): Min: 67.7, Avg: 69.1, Max: 70.6, Diff: 2.9, Sum: 138.3]
      [Termination (ms): Min: 0.0, Avg: 0.0, Max: 0.0, Diff: 0.0, Sum: 0.0]
      [GC Worker Other (ms): Min: 0.1, Avg: 0.1, Max: 0.1, Diff: 0.1, Sum: 0.2]
      [GC Worker Total (ms): Min: 175.7, Avg: 175.8, Max: 175.8, Diff: 0.1, Sum: 351.6]
      [GC Worker End (ms): Min: 9211531.4, Avg: 9211531.4, Max: 9211531.4, Diff: 0.0]
   [Code Root Fixup: 0.6 ms]
   [Code Root Migration: 0.0 ms]
   [Clear CT: 0.5 ms]
   [Other: 6.1 ms]
      [Choose CSet: 0.0 ms]
      [Ref Proc: 2.1 ms]
      [Ref Enq: 0.2 ms]
      [Free CSet: 0.5 ms]
   [Eden: 152.0M(152.0M)->0.0B(490.0M) Survivors: 64.0M->14.0M Heap: 1720.0M(4096.0M)->1576.0M(4096.0M)]
 [Times: user=0.35 sys=0.00, real=0.19 secs] 
2016-08-30T16:09:39.596+0200: 9229.731: [GC pause (young), 0.1986200 secs]
   [Parallel Time: 185.7 ms, GC Workers: 2]
      [GC Worker Start (ms): Min: 9229732.9, Avg: 9229732.9, Max: 9229732.9, Diff: 0.0]
      [Ext Root Scanning (ms): Min: 51.2, Avg: 51.8, Max: 52.4, Diff: 1.2, Sum: 103.7]
      [Update RS (ms): Min: 65.0, Avg: 65.1, Max: 65.2, Diff: 0.2, Sum: 130.1]
         [Processed Buffers: Min: 475, Avg: 491.0, Max: 507, Diff: 32, Sum: 982]
      [Scan RS (ms): Min: 9.8, Avg: 10.2, Max: 10.6, Diff: 0.8, Sum: 20.4]
      [Code Root Scanning (ms): Min: 0.1, Avg: 0.1, Max: 0.2, Diff: 0.1, Sum: 0.3]
      [Object Copy (ms): Min: 58.1, Avg: 58.2, Max: 58.2, Diff: 0.1, Sum: 116.4]
      [Termination (ms): Min: 0.0, Avg: 0.0, Max: 0.0, Diff: 0.0, Sum: 0.0]
      [GC Worker Other (ms): Min: 0.1, Avg: 0.2, Max: 0.2, Diff: 0.0, Sum: 0.3]
      [GC Worker Total (ms): Min: 185.6, Avg: 185.6, Max: 185.6, Diff: 0.0, Sum: 371.2]
      [GC Worker End (ms): Min: 9229918.5, Avg: 9229918.5, Max: 9229918.5, Diff: 0.0]
   [Code Root Fixup: 0.4 ms]
   [Code Root Migration: 0.1 ms]
   [Clear CT: 0.6 ms]
   [Other: 11.8 ms]
      [Choose CSet: 0.0 ms]
      [Ref Proc: 6.6 ms]
      [Ref Enq: 0.5 ms]
      [Free CSet: 1.2 ms]
   [Eden: 490.0M(490.0M)->0.0B(206.0M) Survivors: 14.0M->52.0M Heap: 2066.0M(4096.0M)->1613.0M(4096.0M)]
 [Times: user=0.38 sys=0.00, real=0.20 secs] 
2016-08-30T16:09:46.060+0200: 9236.195: [GC pause (young), 0.1605620 secs]
   [Parallel Time: 155.1 ms, GC Workers: 2]
      [GC Worker Start (ms): Min: 9236196.5, Avg: 9236196.5, Max: 9236196.5, Diff: 0.0]
      [Ext Root Scanning (ms): Min: 50.5, Avg: 50.8, Max: 51.0, Diff: 0.5, Sum: 101.5]
      [Update RS (ms): Min: 39.6, Avg: 39.8, Max: 39.9, Diff: 0.3, Sum: 79.5]
         [Processed Buffers: Min: 374, Avg: 404.5, Max: 435, Diff: 61, Sum: 809]
      [Scan RS (ms): Min: 14.8, Avg: 14.9, Max: 15.0, Diff: 0.2, Sum: 29.8]
      [Code Root Scanning (ms): Min: 0.1, Avg: 0.1, Max: 0.1, Diff: 0.0, Sum: 0.2]
      [Object Copy (ms): Min: 49.1, Avg: 49.4, Max: 49.7, Diff: 0.6, Sum: 98.8]
      [Termination (ms): Min: 0.0, Avg: 0.0, Max: 0.0, Diff: 0.0, Sum: 0.0]
      [GC Worker Other (ms): Min: 0.1, Avg: 0.1, Max: 0.2, Diff: 0.0, Sum: 0.3]
      [GC Worker Total (ms): Min: 155.0, Avg: 155.0, Max: 155.0, Diff: 0.0, Sum: 310.0]
      [GC Worker End (ms): Min: 9236351.5, Avg: 9236351.5, Max: 9236351.5, Diff: 0.0]
   [Code Root Fixup: 0.3 ms]
   [Code Root Migration: 0.0 ms]
   [Clear CT: 0.4 ms]
   [Other: 4.8 ms]
      [Choose CSet: 0.0 ms]
      [Ref Proc: 1.4 ms]
      [Ref Enq: 0.1 ms]
      [Free CSet: 0.4 ms]
   [Eden: 206.0M(206.0M)->0.0B(448.0M) Survivors: 52.0M->26.0M Heap: 1819.0M(4096.0M)->1629.0M(4096.0M)]
 [Times: user=0.32 sys=0.00, real=0.16 secs] 
2016-08-30T16:10:04.044+0200: 9254.178: [GC pause (young), 0.1802950 secs]
   [Parallel Time: 171.6 ms, GC Workers: 2]
      [GC Worker Start (ms): Min: 9254180.6, Avg: 9254180.6, Max: 9254180.6, Diff: 0.0]
      [Ext Root Scanning (ms): Min: 52.5, Avg: 53.8, Max: 55.1, Diff: 2.6, Sum: 107.6]
      [Update RS (ms): Min: 60.4, Avg: 61.8, Max: 63.3, Diff: 2.9, Sum: 123.6]
         [Processed Buffers: Min: 449, Avg: 462.5, Max: 476, Diff: 27, Sum: 925]
      [Scan RS (ms): Min: 10.0, Avg: 10.7, Max: 11.4, Diff: 1.4, Sum: 21.3]
      [Code Root Scanning (ms): Min: 0.2, Avg: 0.2, Max: 0.2, Diff: 0.0, Sum: 0.3]
      [Object Copy (ms): Min: 44.3, Avg: 44.9, Max: 45.4, Diff: 1.1, Sum: 89.8]
      [Termination (ms): Min: 0.0, Avg: 0.0, Max: 0.0, Diff: 0.0, Sum: 0.0]
      [GC Worker Other (ms): Min: 0.1, Avg: 0.2, Max: 0.2, Diff: 0.0, Sum: 0.3]
      [GC Worker Total (ms): Min: 171.5, Avg: 171.5, Max: 171.5, Diff: 0.0, Sum: 343.0]
      [GC Worker End (ms): Min: 9254352.1, Avg: 9254352.1, Max: 9254352.1, Diff: 0.0]
   [Code Root Fixup: 0.3 ms]
   [Code Root Migration: 0.1 ms]
   [Clear CT: 0.5 ms]
   [Other: 7.9 ms]
      [Choose CSet: 0.0 ms]
      [Ref Proc: 3.7 ms]
      [Ref Enq: 0.2 ms]
      [Free CSet: 0.8 ms]
   [Eden: 448.0M(448.0M)->0.0B(274.0M) Survivors: 26.0M->58.0M Heap: 2077.0M(4096.0M)->1660.0M(4096.0M)]
 [Times: user=0.35 sys=0.01, real=0.18 secs] 
2016-08-30T16:10:12.427+0200: 9262.562: [GC pause (young), 0.1723830 secs]
   [Parallel Time: 166.1 ms, GC Workers: 2]
      [GC Worker Start (ms): Min: 9262563.4, Avg: 9262563.4, Max: 9262563.4, Diff: 0.0]
      [Ext Root Scanning (ms): Min: 49.2, Avg: 50.2, Max: 51.1, Diff: 1.8, Sum: 100.3]
      [Update RS (ms): Min: 49.7, Avg: 50.1, Max: 50.5, Diff: 0.8, Sum: 100.3]
         [Processed Buffers: Min: 307, Avg: 429.5, Max: 552, Diff: 245, Sum: 859]
      [Scan RS (ms): Min: 13.7, Avg: 14.3, Max: 14.8, Diff: 1.1, Sum: 28.5]
      [Code Root Scanning (ms): Min: 0.0, Avg: 0.1, Max: 0.2, Diff: 0.2, Sum: 0.2]
      [Object Copy (ms): Min: 50.5, Avg: 51.2, Max: 51.9, Diff: 1.4, Sum: 102.4]
      [Termination (ms): Min: 0.0, Avg: 0.0, Max: 0.0, Diff: 0.0, Sum: 0.0]
      [GC Worker Other (ms): Min: 0.1, Avg: 0.1, Max: 0.2, Diff: 0.0, Sum: 0.3]
      [GC Worker Total (ms): Min: 166.0, Avg: 166.0, Max: 166.0, Diff: 0.0, Sum: 332.1]
      [GC Worker End (ms): Min: 9262729.4, Avg: 9262729.4, Max: 9262729.4, Diff: 0.0]
   [Code Root Fixup: 0.3 ms]
   [Code Root Migration: 0.0 ms]
   [Clear CT: 0.4 ms]
   [Other: 5.5 ms]
      [Choose CSet: 0.0 ms]
      [Ref Proc: 2.0 ms]
      [Ref Enq: 0.1 ms]
      [Free CSet: 0.5 ms]
   [Eden: 274.0M(274.0M)->0.0B(458.0M) Survivors: 58.0M->32.0M Heap: 1934.0M(4096.0M)->1683.0M(4096.0M)]
 [Times: user=0.32 sys=0.00, real=0.17 secs] 
2016-08-30T16:10:26.792+0200: 9276.926: [GC pause (young), 0.1954810 secs]
   [Parallel Time: 186.6 ms, GC Workers: 2]
      [GC Worker Start (ms): Min: 9276928.2, Avg: 9276928.2, Max: 9276928.3, Diff: 0.0]
      [Ext Root Scanning (ms): Min: 60.0, Avg: 67.3, Max: 74.5, Diff: 14.6, Sum: 134.5]
      [Update RS (ms): Min: 56.6, Avg: 66.0, Max: 75.4, Diff: 18.8, Sum: 132.0]
         [Processed Buffers: Min: 378, Avg: 488.5, Max: 599, Diff: 221, Sum: 977]
      [Scan RS (ms): Min: 9.5, Avg: 9.8, Max: 10.1, Diff: 0.5, Sum: 19.6]
      [Code Root Scanning (ms): Min: 0.1, Avg: 0.2, Max: 0.2, Diff: 0.1, Sum: 0.3]
      [Object Copy (ms): Min: 41.3, Avg: 43.1, Max: 45.0, Diff: 3.7, Sum: 86.3]
      [Termination (ms): Min: 0.0, Avg: 0.0, Max: 0.0, Diff: 0.0, Sum: 0.0]
      [GC Worker Other (ms): Min: 0.1, Avg: 0.1, Max: 0.2, Diff: 0.0, Sum: 0.3]
      [GC Worker Total (ms): Min: 186.5, Avg: 186.5, Max: 186.5, Diff: 0.0, Sum: 373.0]
      [GC Worker End (ms): Min: 9277114.7, Avg: 9277114.7, Max: 9277114.7, Diff: 0.0]
   [Code Root Fixup: 0.3 ms]
   [Code Root Migration: 0.1 ms]
   [Clear CT: 0.5 ms]
   [Other: 8.1 ms]
      [Choose CSet: 0.0 ms]
      [Ref Proc: 4.0 ms]
      [Ref Enq: 0.2 ms]
      [Free CSet: 0.8 ms]
   [Eden: 426.0M(302.0M)->0.0B(358.0M) Survivors: 32.0M->36.0M Heap: 2109.0M(4096.0M)->1711.0M(4096.0M)]
 [Times: user=0.37 sys=0.01, real=0.20 secs] 
2016-08-30T16:10:39.698+0200: 9289.832: [GC pause (young), 0.1793180 secs]
   [Parallel Time: 171.6 ms, GC Workers: 2]
      [GC Worker Start (ms): Min: 9289833.8, Avg: 9289833.9, Max: 9289833.9, Diff: 0.0]
      [Ext Root Scanning (ms): Min: 49.9, Avg: 50.3, Max: 50.6, Diff: 0.7, Sum: 100.5]
      [Update RS (ms): Min: 55.8, Avg: 56.1, Max: 56.5, Diff: 0.7, Sum: 112.2]
         [Processed Buffers: Min: 427, Avg: 449.0, Max: 471, Diff: 44, Sum: 898]
      [Scan RS (ms): Min: 11.7, Avg: 11.8, Max: 11.8, Diff: 0.1, Sum: 23.5]
      [Code Root Scanning (ms): Min: 0.1, Avg: 0.1, Max: 0.2, Diff: 0.1, Sum: 0.3]
      [Object Copy (ms): Min: 53.0, Avg: 53.1, Max: 53.2, Diff: 0.2, Sum: 106.2]
      [Termination (ms): Min: 0.0, Avg: 0.0, Max: 0.0, Diff: 0.0, Sum: 0.0]
      [GC Worker Other (ms): Min: 0.2, Avg: 0.2, Max: 0.2, Diff: 0.1, Sum: 0.4]
      [GC Worker Total (ms): Min: 171.6, Avg: 171.6, Max: 171.6, Diff: 0.0, Sum: 343.2]
      [GC Worker End (ms): Min: 9290005.4, Avg: 9290005.4, Max: 9290005.4, Diff: 0.0]
   [Code Root Fixup: 0.3 ms]
   [Code Root Migration: 0.0 ms]
   [Clear CT: 0.5 ms]
   [Other: 6.8 ms]
      [Choose CSet: 0.0 ms]
      [Ref Proc: 3.1 ms]
      [Ref Enq: 0.2 ms]
      [Free CSet: 0.6 ms]
   [Eden: 356.0M(206.0M)->0.0B(420.0M) Survivors: 36.0M->32.0M Heap: 2067.0M(4096.0M)->1738.0M(4096.0M)]
 [Times: user=0.35 sys=0.00, real=0.18 secs] 
2016-08-30T16:10:54.604+0200: 9304.738: [GC pause (young), 0.2097430 secs]
   [Parallel Time: 197.8 ms, GC Workers: 2]
      [GC Worker Start (ms): Min: 9304739.9, Avg: 9304739.9, Max: 9304739.9, Diff: 0.0]
      [Ext Root Scanning (ms): Min: 52.9, Avg: 53.0, Max: 53.0, Diff: 0.1, Sum: 106.0]
      [Update RS (ms): Min: 63.9, Avg: 64.1, Max: 64.3, Diff: 0.4, Sum: 128.1]
         [Processed Buffers: Min: 436, Avg: 463.5, Max: 491, Diff: 55, Sum: 927]
      [Scan RS (ms): Min: 11.5, Avg: 11.7, Max: 11.9, Diff: 0.4, Sum: 23.4]
      [Code Root Scanning (ms): Min: 0.1, Avg: 0.2, Max: 0.2, Diff: 0.1, Sum: 0.3]
      [Object Copy (ms): Min: 68.6, Avg: 68.6, Max: 68.6, Diff: 0.1, Sum: 137.2]
      [Termination (ms): Min: 0.0, Avg: 0.0, Max: 0.0, Diff: 0.0, Sum: 0.0]
      [GC Worker Other (ms): Min: 0.1, Avg: 0.2, Max: 0.2, Diff: 0.1, Sum: 0.3]
      [GC Worker Total (ms): Min: 197.7, Avg: 197.7, Max: 197.7, Diff: 0.0, Sum: 395.5]
      [GC Worker End (ms): Min: 9304937.6, Avg: 9304937.6, Max: 9304937.6, Diff: 0.0]
   [Code Root Fixup: 0.5 ms]
   [Code Root Migration: 0.1 ms]
   [Clear CT: 0.6 ms]
   [Other: 10.7 ms]
      [Choose CSet: 0.0 ms]
      [Ref Proc: 5.5 ms]
      [Ref Enq: 0.4 ms]
      [Free CSet: 1.4 ms]
   [Eden: 420.0M(420.0M)->0.0B(266.0M) Survivors: 32.0M->44.0M Heap: 2158.0M(4096.0M)->1772.0M(4096.0M)]
 [Times: user=0.40 sys=0.01, real=0.21 secs] 
2016-08-30T16:11:03.586+0200: 9313.720: [GC pause (young), 0.1816410 secs]
   [Parallel Time: 172.1 ms, GC Workers: 2]
      [GC Worker Start (ms): Min: 9313722.6, Avg: 9313722.7, Max: 9313722.7, Diff: 0.1]
      [Ext Root Scanning (ms): Min: 51.3, Avg: 51.5, Max: 51.7, Diff: 0.4, Sum: 102.9]
      [Update RS (ms): Min: 48.3, Avg: 48.4, Max: 48.4, Diff: 0.1, Sum: 96.7]
         [Processed Buffers: Min: 389, Avg: 412.0, Max: 435, Diff: 46, Sum: 824]
      [Scan RS (ms): Min: 12.0, Avg: 12.2, Max: 12.5, Diff: 0.5, Sum: 24.5]
      [Code Root Scanning (ms): Min: 0.1, Avg: 0.1, Max: 0.1, Diff: 0.0, Sum: 0.2]
      [Object Copy (ms): Min: 59.3, Avg: 59.7, Max: 60.1, Diff: 0.8, Sum: 119.4]
      [Termination (ms): Min: 0.0, Avg: 0.0, Max: 0.0, Diff: 0.0, Sum: 0.0]
      [GC Worker Other (ms): Min: 0.1, Avg: 0.2, Max: 0.2, Diff: 0.1, Sum: 0.3]
      [GC Worker Total (ms): Min: 172.0, Avg: 172.0, Max: 172.0, Diff: 0.1, Sum: 344.0]
      [GC Worker End (ms): Min: 9313894.7, Avg: 9313894.7, Max: 9313894.7, Diff: 0.0]
   [Code Root Fixup: 0.6 ms]
   [Code Root Migration: 0.1 ms]
   [Clear CT: 0.6 ms]
   [Other: 8.3 ms]
      [Choose CSet: 0.0 ms]
      [Ref Proc: 3.5 ms]
      [Ref Enq: 0.2 ms]
      [Free CSet: 0.6 ms]
   [Eden: 266.0M(266.0M)->0.0B(404.0M) Survivors: 44.0M->26.0M Heap: 2038.0M(4096.0M)->1789.0M(4096.0M)]
 [Times: user=0.35 sys=0.00, real=0.18 secs] 
2016-08-30T16:11:17.031+0200: 9327.166: [GC pause (young), 0.1859010 secs]
   [Parallel Time: 177.3 ms, GC Workers: 2]
      [GC Worker Start (ms): Min: 9327167.6, Avg: 9327167.6, Max: 9327167.6, Diff: 0.0]
      [Ext Root Scanning (ms): Min: 49.9, Avg: 50.6, Max: 51.3, Diff: 1.5, Sum: 101.2]
      [Update RS (ms): Min: 63.5, Avg: 63.7, Max: 63.9, Diff: 0.4, Sum: 127.4]
         [Processed Buffers: Min: 514, Avg: 522.5, Max: 531, Diff: 17, Sum: 1045]
      [Scan RS (ms): Min: 10.1, Avg: 10.4, Max: 10.6, Diff: 0.5, Sum: 20.7]
      [Code Root Scanning (ms): Min: 0.1, Avg: 0.2, Max: 0.2, Diff: 0.1, Sum: 0.3]
      [Object Copy (ms): Min: 51.6, Avg: 52.3, Max: 53.0, Diff: 1.3, Sum: 104.6]
      [Termination (ms): Min: 0.0, Avg: 0.0, Max: 0.0, Diff: 0.0, Sum: 0.0]
      [GC Worker Other (ms): Min: 0.1, Avg: 0.1, Max: 0.2, Diff: 0.0, Sum: 0.3]
      [GC Worker Total (ms): Min: 177.2, Avg: 177.3, Max: 177.3, Diff: 0.0, Sum: 354.5]
      [GC Worker End (ms): Min: 9327344.9, Avg: 9327344.9, Max: 9327344.9, Diff: 0.0]
   [Code Root Fixup: 0.3 ms]
   [Code Root Migration: 0.1 ms]
   [Clear CT: 0.5 ms]
   [Other: 7.8 ms]
      [Choose CSet: 0.0 ms]
      [Ref Proc: 3.8 ms]
      [Ref Enq: 0.2 ms]
      [Free CSet: 0.7 ms]
   [Eden: 404.0M(404.0M)->0.0B(266.0M) Survivors: 26.0M->54.0M Heap: 2193.0M(4096.0M)->1827.0M(4096.0M)]
 [Times: user=0.36 sys=0.00, real=0.18 secs] 
2016-08-30T16:11:22.107+0200: 9332.242: [GC pause (young), 0.1712620 secs]
   [Parallel Time: 164.3 ms, GC Workers: 2]
      [GC Worker Start (ms): Min: 9332243.4, Avg: 9332243.4, Max: 9332243.4, Diff: 0.0]
      [Ext Root Scanning (ms): Min: 49.9, Avg: 50.2, Max: 50.5, Diff: 0.7, Sum: 100.4]
      [Update RS (ms): Min: 35.6, Avg: 36.2, Max: 36.8, Diff: 1.2, Sum: 72.4]
         [Processed Buffers: Min: 352, Avg: 374.5, Max: 397, Diff: 45, Sum: 749]
      [Scan RS (ms): Min: 15.9, Avg: 16.3, Max: 16.8, Diff: 0.9, Sum: 32.6]
      [Code Root Scanning (ms): Min: 0.0, Avg: 0.1, Max: 0.1, Diff: 0.1, Sum: 0.1]
      [Object Copy (ms): Min: 61.1, Avg: 61.3, Max: 61.5, Diff: 0.4, Sum: 122.6]
      [Termination (ms): Min: 0.0, Avg: 0.0, Max: 0.0, Diff: 0.0, Sum: 0.0]
      [GC Worker Other (ms): Min: 0.1, Avg: 0.1, Max: 0.1, Diff: 0.0, Sum: 0.1]
      [GC Worker Total (ms): Min: 164.2, Avg: 164.2, Max: 164.2, Diff: 0.0, Sum: 328.4]
      [GC Worker End (ms): Min: 9332407.6, Avg: 9332407.6, Max: 9332407.6, Diff: 0.0]
   [Code Root Fixup: 0.6 ms]
   [Code Root Migration: 0.0 ms]
   [Clear CT: 0.6 ms]
   [Other: 5.8 ms]
      [Choose CSet: 0.0 ms]
      [Ref Proc: 1.9 ms]
      [Ref Enq: 0.1 ms]
      [Free CSet: 0.5 ms]
   [Eden: 150.0M(150.0M)->0.0B(616.0M) Survivors: 54.0M->14.0M Heap: 1977.0M(4096.0M)->1841.0M(4096.0M)]
 [Times: user=0.33 sys=0.01, real=0.18 secs] 
2016-08-30T16:11:41.260+0200: 9351.394: [GC pause (young), 0.2035050 secs]
   [Parallel Time: 193.0 ms, GC Workers: 2]
      [GC Worker Start (ms): Min: 9351396.3, Avg: 9351397.8, Max: 9351399.2, Diff: 3.0]
      [Ext Root Scanning (ms): Min: 50.1, Avg: 51.4, Max: 52.8, Diff: 2.6, Sum: 102.9]
      [Update RS (ms): Min: 71.7, Avg: 72.0, Max: 72.2, Diff: 0.6, Sum: 143.9]
         [Processed Buffers: Min: 447, Avg: 479.0, Max: 511, Diff: 64, Sum: 958]
      [Scan RS (ms): Min: 10.2, Avg: 10.5, Max: 10.8, Diff: 0.6, Sum: 21.0]
      [Code Root Scanning (ms): Min: 0.1, Avg: 0.2, Max: 0.2, Diff: 0.1, Sum: 0.4]
      [Object Copy (ms): Min: 57.2, Avg: 57.2, Max: 57.3, Diff: 0.2, Sum: 114.5]
      [Termination (ms): Min: 0.0, Avg: 0.0, Max: 0.0, Diff: 0.0, Sum: 0.0]
      [GC Worker Other (ms): Min: 0.1, Avg: 0.1, Max: 0.1, Diff: 0.1, Sum: 0.2]
      [GC Worker Total (ms): Min: 190.0, Avg: 191.4, Max: 192.9, Diff: 3.0, Sum: 382.9]
      [GC Worker End (ms): Min: 9351589.2, Avg: 9351589.2, Max: 9351589.2, Diff: 0.0]
   [Code Root Fixup: 0.3 ms]
   [Code Root Migration: 0.1 ms]
   [Clear CT: 0.5 ms]
   [Other: 9.7 ms]
      [Choose CSet: 0.0 ms]
      [Ref Proc: 5.3 ms]
      [Ref Enq: 0.3 ms]
      [Free CSet: 1.0 ms]
   [Eden: 550.0M(508.0M)->0.0B(214.0M) Survivors: 14.0M->58.0M Heap: 2391.0M(4096.0M)->1885.0M(4096.0M)]
 [Times: user=0.39 sys=0.01, real=0.21 secs] 
2016-08-30T16:11:47.918+0200: 9358.052: [GC pause (young), 0.2438350 secs]
   [Parallel Time: 236.1 ms, GC Workers: 2]
      [GC Worker Start (ms): Min: 9358055.9, Avg: 9358055.9, Max: 9358056.0, Diff: 0.0]
      [Ext Root Scanning (ms): Min: 76.5, Avg: 81.9, Max: 87.4, Diff: 10.9, Sum: 163.8]
      [Update RS (ms): Min: 52.8, Avg: 60.8, Max: 68.8, Diff: 15.9, Sum: 121.6]
         [Processed Buffers: Min: 357, Avg: 367.5, Max: 378, Diff: 21, Sum: 735]
      [Scan RS (ms): Min: 14.3, Avg: 19.0, Max: 23.7, Diff: 9.4, Sum: 38.0]
      [Code Root Scanning (ms): Min: 0.0, Avg: 0.0, Max: 0.1, Diff: 0.0, Sum: 0.1]
      [Object Copy (ms): Min: 72.0, Avg: 73.6, Max: 75.3, Diff: 3.3, Sum: 147.3]
      [Termination (ms): Min: 0.0, Avg: 0.6, Max: 1.1, Diff: 1.1, Sum: 1.1]
      [GC Worker Other (ms): Min: 0.1, Avg: 0.1, Max: 0.1, Diff: 0.0, Sum: 0.2]
      [GC Worker Total (ms): Min: 236.1, Avg: 236.1, Max: 236.1, Diff: 0.0, Sum: 472.1]
      [GC Worker End (ms): Min: 9358292.0, Avg: 9358292.0, Max: 9358292.0, Diff: 0.0]
   [Code Root Fixup: 0.3 ms]
   [Code Root Migration: 0.0 ms]
   [Clear CT: 0.6 ms]
   [Other: 6.9 ms]
      [Choose CSet: 0.0 ms]
      [Ref Proc: 1.4 ms]
      [Ref Enq: 0.1 ms]
      [Free CSet: 0.4 ms]
   [Eden: 214.0M(214.0M)->0.0B(180.0M) Survivors: 58.0M->24.0M Heap: 2099.0M(4096.0M)->1900.0M(4096.0M)]
 [Times: user=0.19 sys=0.00, real=0.24 secs] 
2016-08-30T16:11:54.110+0200: 9364.244: [GC pause (young) (initial-mark), 0.1734920 secs]
   [Parallel Time: 165.1 ms, GC Workers: 2]
      [GC Worker Start (ms): Min: 9364246.5, Avg: 9364246.5, Max: 9364246.6, Diff: 0.2]
      [Ext Root Scanning (ms): Min: 51.5, Avg: 51.9, Max: 52.4, Diff: 0.9, Sum: 103.9]
      [Code Root Marking (ms): Min: 12.8, Avg: 13.2, Max: 13.7, Diff: 1.0, Sum: 26.5]
      [Update RS (ms): Min: 40.7, Avg: 40.8, Max: 40.9, Diff: 0.2, Sum: 81.6]
         [Processed Buffers: Min: 391, Avg: 395.0, Max: 399, Diff: 8, Sum: 790]
      [Scan RS (ms): Min: 8.2, Avg: 8.4, Max: 8.6, Diff: 0.4, Sum: 16.8]
      [Code Root Scanning (ms): Min: 0.0, Avg: 0.1, Max: 0.1, Diff: 0.1, Sum: 0.1]
      [Object Copy (ms): Min: 50.3, Avg: 50.4, Max: 50.4, Diff: 0.1, Sum: 100.8]
      [Termination (ms): Min: 0.0, Avg: 0.0, Max: 0.0, Diff: 0.0, Sum: 0.0]
      [GC Worker Other (ms): Min: 0.1, Avg: 0.1, Max: 0.1, Diff: 0.1, Sum: 0.2]
      [GC Worker Total (ms): Min: 164.9, Avg: 165.0, Max: 165.0, Diff: 0.2, Sum: 329.9]
      [GC Worker End (ms): Min: 9364411.5, Avg: 9364411.5, Max: 9364411.5, Diff: 0.0]
   [Code Root Fixup: 0.4 ms]
   [Code Root Migration: 0.0 ms]
   [Clear CT: 0.6 ms]
   [Other: 7.4 ms]
      [Choose CSet: 0.0 ms]
      [Ref Proc: 2.2 ms]
      [Ref Enq: 0.2 ms]
      [Free CSet: 0.6 ms]
   [Eden: 180.0M(180.0M)->0.0B(248.0M) Survivors: 24.0M->16.0M Heap: 2080.0M(4096.0M)->1911.0M(4096.0M)]
 [Times: user=0.33 sys=0.00, real=0.17 secs] 
2016-08-30T16:11:54.284+0200: 9364.418: [GC concurrent-root-region-scan-start]
2016-08-30T16:11:54.302+0200: 9364.436: [GC concurrent-root-region-scan-end, 0.0179680 secs]
2016-08-30T16:11:54.302+0200: 9364.436: [GC concurrent-mark-start]
2016-08-30T16:11:55.684+0200: 9365.818: [GC concurrent-mark-end, 1.3817850 secs]
2016-08-30T16:11:55.686+0200: 9365.820: [GC remark 2016-08-30T16:11:55.689+0200: 9365.823: [GC ref-proc, 0.1343540 secs], 0.1680270 secs]
 [Times: user=0.18 sys=0.00, real=0.17 secs] 
2016-08-30T16:11:55.860+0200: 9365.995: [GC cleanup 1959M->1889M(4096M), 0.0345800 secs]
 [Times: user=0.06 sys=0.00, real=0.03 secs] 
2016-08-30T16:11:55.895+0200: 9366.030: [GC concurrent-cleanup-start]
2016-08-30T16:11:55.896+0200: 9366.030: [GC concurrent-cleanup-end, 0.0002850 secs]
2016-08-30T16:12:03.073+0200: 9373.207: [GC pause (young), 0.1570770 secs]
   [Parallel Time: 148.4 ms, GC Workers: 2]
      [GC Worker Start (ms): Min: 9373209.3, Avg: 9373209.4, Max: 9373209.4, Diff: 0.0]
      [Ext Root Scanning (ms): Min: 51.1, Avg: 51.4, Max: 51.8, Diff: 0.7, Sum: 102.8]
      [Update RS (ms): Min: 48.8, Avg: 48.8, Max: 48.9, Diff: 0.1, Sum: 97.7]
         [Processed Buffers: Min: 434, Avg: 448.0, Max: 462, Diff: 28, Sum: 896]
      [Scan RS (ms): Min: 7.0, Avg: 7.2, Max: 7.3, Diff: 0.3, Sum: 14.3]
      [Code Root Scanning (ms): Min: 0.1, Avg: 0.1, Max: 0.1, Diff: 0.0, Sum: 0.2]
      [Object Copy (ms): Min: 40.2, Avg: 40.6, Max: 41.1, Diff: 0.9, Sum: 81.3]
      [Termination (ms): Min: 0.0, Avg: 0.0, Max: 0.0, Diff: 0.0, Sum: 0.0]
      [GC Worker Other (ms): Min: 0.1, Avg: 0.2, Max: 0.2, Diff: 0.0, Sum: 0.3]
      [GC Worker Total (ms): Min: 148.3, Avg: 148.3, Max: 148.3, Diff: 0.0, Sum: 296.6]
      [GC Worker End (ms): Min: 9373357.7, Avg: 9373357.7, Max: 9373357.7, Diff: 0.0]
   [Code Root Fixup: 0.5 ms]
   [Code Root Migration: 0.0 ms]
   [Clear CT: 0.5 ms]
   [Other: 7.6 ms]
      [Choose CSet: 0.0 ms]
      [Ref Proc: 3.4 ms]
      [Ref Enq: 0.2 ms]
      [Free CSet: 0.6 ms]
   [Eden: 248.0M(248.0M)->0.0B(170.0M) Survivors: 16.0M->34.0M Heap: 2089.0M(4096.0M)->1861.0M(4096.0M)]
 [Times: user=0.30 sys=0.00, real=0.16 secs] 
2016-08-30T16:12:09.940+0200: 9380.075: [GC pause (mixed), 0.1799880 secs]
   [Parallel Time: 171.7 ms, GC Workers: 2]
      [GC Worker Start (ms): Min: 9380076.5, Avg: 9380077.8, Max: 9380079.1, Diff: 2.5]
      [Ext Root Scanning (ms): Min: 49.2, Avg: 50.5, Max: 51.8, Diff: 2.5, Sum: 101.0]
      [Update RS (ms): Min: 34.7, Avg: 35.0, Max: 35.3, Diff: 0.6, Sum: 70.0]
         [Processed Buffers: Min: 306, Avg: 347.5, Max: 389, Diff: 83, Sum: 695]
      [Scan RS (ms): Min: 27.0, Avg: 27.4, Max: 27.9, Diff: 0.9, Sum: 54.8]
      [Code Root Scanning (ms): Min: 0.1, Avg: 0.2, Max: 0.2, Diff: 0.1, Sum: 0.3]
      [Object Copy (ms): Min: 56.9, Avg: 57.1, Max: 57.4, Diff: 0.5, Sum: 114.3]
      [Termination (ms): Min: 0.0, Avg: 0.0, Max: 0.0, Diff: 0.0, Sum: 0.0]
      [GC Worker Other (ms): Min: 0.1, Avg: 0.1, Max: 0.2, Diff: 0.1, Sum: 0.2]
      [GC Worker Total (ms): Min: 169.1, Avg: 170.3, Max: 171.6, Diff: 2.5, Sum: 340.7]
      [GC Worker End (ms): Min: 9380248.1, Avg: 9380248.1, Max: 9380248.1, Diff: 0.0]
   [Code Root Fixup: 0.5 ms]
   [Code Root Migration: 0.1 ms]
   [Clear CT: 0.8 ms]
   [Other: 7.0 ms]
      [Choose CSet: 0.2 ms]
      [Ref Proc: 2.0 ms]
      [Ref Enq: 0.2 ms]
      [Free CSet: 1.5 ms]
   [Eden: 170.0M(170.0M)->0.0B(188.0M) Survivors: 34.0M->16.0M Heap: 2031.0M(4096.0M)->1645.0M(4096.0M)]
 [Times: user=0.35 sys=0.00, real=0.18 secs] 
2016-08-30T16:12:15.600+0200: 9385.735: [GC pause (mixed), 0.1849900 secs]
   [Parallel Time: 178.7 ms, GC Workers: 2]
      [GC Worker Start (ms): Min: 9385736.6, Avg: 9385736.6, Max: 9385736.6, Diff: 0.0]
      [Ext Root Scanning (ms): Min: 50.1, Avg: 51.1, Max: 52.1, Diff: 2.0, Sum: 102.2]
      [Update RS (ms): Min: 39.5, Avg: 40.5, Max: 41.6, Diff: 2.0, Sum: 81.1]
         [Processed Buffers: Min: 414, Avg: 432.5, Max: 451, Diff: 37, Sum: 865]
      [Scan RS (ms): Min: 33.0, Avg: 33.6, Max: 34.2, Diff: 1.2, Sum: 67.3]
      [Code Root Scanning (ms): Min: 0.1, Avg: 0.1, Max: 0.1, Diff: 0.1, Sum: 0.2]
      [Object Copy (ms): Min: 52.6, Avg: 53.2, Max: 53.8, Diff: 1.3, Sum: 106.4]
      [Termination (ms): Min: 0.0, Avg: 0.0, Max: 0.0, Diff: 0.0, Sum: 0.0]
      [GC Worker Other (ms): Min: 0.0, Avg: 0.1, Max: 0.1, Diff: 0.1, Sum: 0.2]
      [GC Worker Total (ms): Min: 178.6, Avg: 178.7, Max: 178.7, Diff: 0.0, Sum: 357.3]
      [GC Worker End (ms): Min: 9385915.3, Avg: 9385915.3, Max: 9385915.3, Diff: 0.0]
   [Code Root Fixup: 0.3 ms]
   [Code Root Migration: 0.0 ms]
   [Clear CT: 0.6 ms]
   [Other: 5.3 ms]
      [Choose CSet: 0.3 ms]
      [Ref Proc: 1.2 ms]
      [Ref Enq: 0.1 ms]
      [Free CSet: 0.9 ms]
   [Eden: 188.0M(188.0M)->0.0B(178.0M) Survivors: 16.0M->26.0M Heap: 1833.0M(4096.0M)->1491.0M(4096.0M)]
 [Times: user=0.36 sys=0.01, real=0.18 secs] 
2016-08-30T16:12:20.989+0200: 9391.123: [GC pause (mixed), 0.2303120 secs]
   [Parallel Time: 222.8 ms, GC Workers: 2]
      [GC Worker Start (ms): Min: 9391125.1, Avg: 9391125.1, Max: 9391125.1, Diff: 0.0]
      [Ext Root Scanning (ms): Min: 49.4, Avg: 49.8, Max: 50.2, Diff: 0.7, Sum: 99.6]
      [Update RS (ms): Min: 36.1, Avg: 36.8, Max: 37.4, Diff: 1.3, Sum: 73.5]
         [Processed Buffers: Min: 371, Avg: 387.5, Max: 404, Diff: 33, Sum: 775]
      [Scan RS (ms): Min: 53.9, Avg: 54.5, Max: 55.1, Diff: 1.2, Sum: 108.9]
      [Code Root Scanning (ms): Min: 0.1, Avg: 0.1, Max: 0.2, Diff: 0.1, Sum: 0.3]
      [Object Copy (ms): Min: 81.2, Avg: 81.4, Max: 81.6, Diff: 0.4, Sum: 162.8]
      [Termination (ms): Min: 0.0, Avg: 0.0, Max: 0.0, Diff: 0.0, Sum: 0.0]
      [GC Worker Other (ms): Min: 0.0, Avg: 0.1, Max: 0.1, Diff: 0.1, Sum: 0.2]
      [GC Worker Total (ms): Min: 222.6, Avg: 222.6, Max: 222.7, Diff: 0.0, Sum: 445.3]
      [GC Worker End (ms): Min: 9391347.8, Avg: 9391347.8, Max: 9391347.8, Diff: 0.0]
   [Code Root Fixup: 0.3 ms]
   [Code Root Migration: 0.1 ms]
   [Clear CT: 0.6 ms]
   [Other: 6.6 ms]
      [Choose CSet: 0.5 ms]
      [Ref Proc: 1.6 ms]
      [Ref Enq: 0.1 ms]
      [Free CSet: 1.2 ms]
   [Eden: 178.0M(178.0M)->0.0B(184.0M) Survivors: 26.0M->20.0M Heap: 1669.0M(4096.0M)->1347.0M(4096.0M)]
 [Times: user=0.46 sys=0.00, real=0.23 secs] 
2016-08-30T16:12:27.392+0200: 9397.526: [GC pause (mixed), 0.2521880 secs]
   [Parallel Time: 243.4 ms, GC Workers: 2]
      [GC Worker Start (ms): Min: 9397528.5, Avg: 9397528.5, Max: 9397528.6, Diff: 0.1]
      [Ext Root Scanning (ms): Min: 50.9, Avg: 51.1, Max: 51.4, Diff: 0.5, Sum: 102.2]
      [Update RS (ms): Min: 35.1, Avg: 35.9, Max: 36.7, Diff: 1.6, Sum: 71.8]
         [Processed Buffers: Min: 389, Avg: 421.0, Max: 453, Diff: 64, Sum: 842]
      [Scan RS (ms): Min: 79.9, Avg: 80.3, Max: 80.6, Diff: 0.7, Sum: 160.5]
      [Code Root Scanning (ms): Min: 0.1, Avg: 0.1, Max: 0.2, Diff: 0.1, Sum: 0.3]
      [Object Copy (ms): Min: 75.7, Avg: 75.8, Max: 75.9, Diff: 0.2, Sum: 151.5]
      [Termination (ms): Min: 0.0, Avg: 0.0, Max: 0.0, Diff: 0.0, Sum: 0.0]
      [GC Worker Other (ms): Min: 0.1, Avg: 0.1, Max: 0.1, Diff: 0.0, Sum: 0.2]
      [GC Worker Total (ms): Min: 243.3, Avg: 243.3, Max: 243.4, Diff: 0.1, Sum: 486.6]
      [GC Worker End (ms): Min: 9397771.9, Avg: 9397771.9, Max: 9397771.9, Diff: 0.0]
   [Code Root Fixup: 0.3 ms]
   [Code Root Migration: 0.0 ms]
   [Clear CT: 0.6 ms]
   [Other: 7.8 ms]
      [Choose CSet: 0.8 ms]
      [Ref Proc: 2.2 ms]
      [Ref Enq: 0.1 ms]
      [Free CSet: 1.4 ms]
   [Eden: 184.0M(184.0M)->0.0B(188.0M) Survivors: 20.0M->16.0M Heap: 1531.0M(4096.0M)->1214.0M(4096.0M)]
 [Times: user=0.48 sys=0.00, real=0.25 secs] 
2016-08-30T16:12:34.092+0200: 9404.226: [GC pause (mixed), 0.2521560 secs]
   [Parallel Time: 244.3 ms, GC Workers: 2]
      [GC Worker Start (ms): Min: 9404228.2, Avg: 9404228.2, Max: 9404228.2, Diff: 0.0]
      [Ext Root Scanning (ms): Min: 50.3, Avg: 50.6, Max: 50.9, Diff: 0.6, Sum: 101.1]
      [Update RS (ms): Min: 38.1, Avg: 38.4, Max: 38.7, Diff: 0.6, Sum: 76.8]
         [Processed Buffers: Min: 380, Avg: 391.0, Max: 402, Diff: 22, Sum: 782]
      [Scan RS (ms): Min: 82.5, Avg: 82.7, Max: 83.0, Diff: 0.6, Sum: 165.5]
      [Code Root Scanning (ms): Min: 0.1, Avg: 0.2, Max: 0.2, Diff: 0.0, Sum: 0.3]
      [Object Copy (ms): Min: 71.8, Avg: 72.2, Max: 72.5, Diff: 0.7, Sum: 144.4]
      [Termination (ms): Min: 0.0, Avg: 0.0, Max: 0.0, Diff: 0.0, Sum: 0.0]
      [GC Worker Other (ms): Min: 0.1, Avg: 0.1, Max: 0.2, Diff: 0.1, Sum: 0.3]
      [GC Worker Total (ms): Min: 244.2, Avg: 244.2, Max: 244.2, Diff: 0.0, Sum: 488.4]
      [GC Worker End (ms): Min: 9404472.4, Avg: 9404472.4, Max: 9404472.4, Diff: 0.0]
   [Code Root Fixup: 0.3 ms]
   [Code Root Migration: 0.2 ms]
   [Clear CT: 0.7 ms]
   [Other: 6.7 ms]
      [Choose CSet: 0.6 ms]
      [Ref Proc: 1.6 ms]
      [Ref Enq: 0.1 ms]
      [Free CSet: 1.2 ms]
   [Eden: 188.0M(188.0M)->0.0B(184.0M) Survivors: 16.0M->20.0M Heap: 1402.0M(4096.0M)->1161.0M(4096.0M)]
 [Times: user=0.49 sys=0.00, real=0.26 secs] 
2016-08-30T16:12:39.681+0200: 9409.815: [GC pause (young), 0.1387970 secs]
   [Parallel Time: 133.0 ms, GC Workers: 2]
      [GC Worker Start (ms): Min: 9409816.9, Avg: 9409818.5, Max: 9409820.2, Diff: 3.3]
      [Ext Root Scanning (ms): Min: 48.7, Avg: 50.8, Max: 52.9, Diff: 4.3, Sum: 101.6]
      [Update RS (ms): Min: 37.6, Avg: 37.8, Max: 37.9, Diff: 0.3, Sum: 75.5]
         [Processed Buffers: Min: 402, Avg: 405.5, Max: 409, Diff: 7, Sum: 811]
      [Scan RS (ms): Min: 6.0, Avg: 6.5, Max: 7.0, Diff: 1.0, Sum: 13.0]
      [Code Root Scanning (ms): Min: 0.1, Avg: 0.1, Max: 0.1, Diff: 0.0, Sum: 0.1]
      [Object Copy (ms): Min: 35.8, Avg: 36.0, Max: 36.2, Diff: 0.3, Sum: 72.0]
      [Termination (ms): Min: 0.0, Avg: 0.0, Max: 0.0, Diff: 0.0, Sum: 0.0]
      [GC Worker Other (ms): Min: 0.1, Avg: 0.2, Max: 0.2, Diff: 0.0, Sum: 0.3]
      [GC Worker Total (ms): Min: 129.6, Avg: 131.2, Max: 132.9, Diff: 3.3, Sum: 262.5]
      [GC Worker End (ms): Min: 9409949.8, Avg: 9409949.8, Max: 9409949.8, Diff: 0.0]
   [Code Root Fixup: 0.3 ms]
   [Code Root Migration: 0.0 ms]
   [Clear CT: 0.3 ms]
   [Other: 5.2 ms]
      [Choose CSet: 0.0 ms]
      [Ref Proc: 1.7 ms]
      [Ref Enq: 0.1 ms]
      [Free CSet: 0.5 ms]
   [Eden: 184.0M(184.0M)->0.0B(184.0M) Survivors: 20.0M->20.0M Heap: 1345.0M(4096.0M)->1178.0M(4096.0M)]
 [Times: user=0.26 sys=0.00, real=0.14 secs] 
2016-08-30T16:12:44.846+0200: 9414.981: [GC pause (young), 0.1458770 secs]
   [Parallel Time: 139.1 ms, GC Workers: 2]
      [GC Worker Start (ms): Min: 9414982.6, Avg: 9414982.6, Max: 9414982.7, Diff: 0.0]
      [Ext Root Scanning (ms): Min: 50.3, Avg: 50.5, Max: 50.7, Diff: 0.4, Sum: 101.0]
      [Update RS (ms): Min: 42.3, Avg: 42.4, Max: 42.5, Diff: 0.1, Sum: 84.8]
         [Processed Buffers: Min: 449, Avg: 465.5, Max: 482, Diff: 33, Sum: 931]
      [Scan RS (ms): Min: 6.8, Avg: 7.0, Max: 7.3, Diff: 0.5, Sum: 14.1]
      [Code Root Scanning (ms): Min: 0.0, Avg: 0.1, Max: 0.1, Diff: 0.1, Sum: 0.1]
      [Object Copy (ms): Min: 38.4, Avg: 38.9, Max: 39.3, Diff: 0.9, Sum: 77.8]
      [Termination (ms): Min: 0.0, Avg: 0.0, Max: 0.0, Diff: 0.0, Sum: 0.0]
      [GC Worker Other (ms): Min: 0.1, Avg: 0.1, Max: 0.2, Diff: 0.0, Sum: 0.3]
      [GC Worker Total (ms): Min: 139.0, Avg: 139.1, Max: 139.1, Diff: 0.0, Sum: 278.1]
      [GC Worker End (ms): Min: 9415121.7, Avg: 9415121.7, Max: 9415121.7, Diff: 0.0]
   [Code Root Fixup: 0.4 ms]
   [Code Root Migration: 0.0 ms]
   [Clear CT: 0.4 ms]
   [Other: 5.9 ms]
      [Choose CSet: 0.0 ms]
      [Ref Proc: 2.0 ms]
      [Ref Enq: 0.2 ms]
      [Free CSet: 0.4 ms]
   [Eden: 184.0M(184.0M)->0.0B(182.0M) Survivors: 20.0M->22.0M Heap: 1362.0M(4096.0M)->1198.0M(4096.0M)]
 [Times: user=0.28 sys=0.00, real=0.14 secs] 
2016-08-30T16:12:50.902+0200: 9421.036: [GC pause (young), 0.1450200 secs]
   [Parallel Time: 137.9 ms, GC Workers: 2]
      [GC Worker Start (ms): Min: 9421038.0, Avg: 9421038.0, Max: 9421038.0, Diff: 0.0]
      [Ext Root Scanning (ms): Min: 50.7, Avg: 51.0, Max: 51.3, Diff: 0.6, Sum: 102.0]
      [Update RS (ms): Min: 39.9, Avg: 40.6, Max: 41.3, Diff: 1.4, Sum: 81.3]
         [Processed Buffers: Min: 385, Avg: 408.0, Max: 431, Diff: 46, Sum: 816]
      [Scan RS (ms): Min: 7.3, Avg: 7.8, Max: 8.3, Diff: 1.1, Sum: 15.6]
      [Code Root Scanning (ms): Min: 0.1, Avg: 0.1, Max: 0.1, Diff: 0.0, Sum: 0.1]
      [Object Copy (ms): Min: 37.6, Avg: 38.1, Max: 38.6, Diff: 1.0, Sum: 76.2]
      [Termination (ms): Min: 0.0, Avg: 0.0, Max: 0.0, Diff: 0.0, Sum: 0.0]
      [GC Worker Other (ms): Min: 0.1, Avg: 0.2, Max: 0.2, Diff: 0.0, Sum: 0.3]
      [GC Worker Total (ms): Min: 137.7, Avg: 137.7, Max: 137.7, Diff: 0.0, Sum: 275.4]
      [GC Worker End (ms): Min: 9421175.8, Avg: 9421175.8, Max: 9421175.8, Diff: 0.0]
   [Code Root Fixup: 0.5 ms]
   [Code Root Migration: 0.0 ms]
   [Clear CT: 0.5 ms]
   [Other: 6.1 ms]
      [Choose CSet: 0.0 ms]
      [Ref Proc: 2.3 ms]
      [Ref Enq: 0.2 ms]
      [Free CSet: 0.5 ms]
   [Eden: 182.0M(182.0M)->0.0B(188.0M) Survivors: 22.0M->16.0M Heap: 1380.0M(4096.0M)->1211.0M(4096.0M)]
 [Times: user=0.28 sys=0.01, real=0.15 secs] 
2016-08-30T16:12:57.196+0200: 9427.330: [GC pause (young), 0.1448820 secs]
   [Parallel Time: 137.5 ms, GC Workers: 2]
      [GC Worker Start (ms): Min: 9427331.8, Avg: 9427331.8, Max: 9427331.9, Diff: 0.0]
      [Ext Root Scanning (ms): Min: 50.0, Avg: 50.5, Max: 51.0, Diff: 1.0, Sum: 100.9]
      [Update RS (ms): Min: 40.8, Avg: 41.3, Max: 41.8, Diff: 1.0, Sum: 82.6]
         [Processed Buffers: Min: 347, Avg: 406.5, Max: 466, Diff: 119, Sum: 813]
      [Scan RS (ms): Min: 6.6, Avg: 7.1, Max: 7.6, Diff: 1.0, Sum: 14.2]
      [Code Root Scanning (ms): Min: 0.1, Avg: 0.1, Max: 0.1, Diff: 0.0, Sum: 0.1]
      [Object Copy (ms): Min: 37.8, Avg: 38.3, Max: 38.8, Diff: 1.0, Sum: 76.5]
      [Termination (ms): Min: 0.0, Avg: 0.0, Max: 0.0, Diff: 0.0, Sum: 0.0]
      [GC Worker Other (ms): Min: 0.1, Avg: 0.1, Max: 0.2, Diff: 0.0, Sum: 0.3]
      [GC Worker Total (ms): Min: 137.4, Avg: 137.4, Max: 137.4, Diff: 0.0, Sum: 274.7]
      [GC Worker End (ms): Min: 9427469.2, Avg: 9427469.2, Max: 9427469.2, Diff: 0.0]
   [Code Root Fixup: 0.5 ms]
   [Code Root Migration: 0.0 ms]
   [Clear CT: 0.4 ms]
   [Other: 6.5 ms]
      [Choose CSet: 0.0 ms]
      [Ref Proc: 2.5 ms]
      [Ref Enq: 0.2 ms]
      [Free CSet: 0.5 ms]
   [Eden: 188.0M(188.0M)->0.0B(184.0M) Survivors: 16.0M->20.0M Heap: 1399.0M(4096.0M)->1229.0M(4096.0M)]
 [Times: user=0.28 sys=0.01, real=0.14 secs] 
2016-08-30T16:13:04.373+0200: 9434.507: [GC pause (young), 0.1466630 secs]
   [Parallel Time: 137.2 ms, GC Workers: 2]
      [GC Worker Start (ms): Min: 9434508.7, Avg: 9434508.7, Max: 9434508.8, Diff: 0.1]
      [Ext Root Scanning (ms): Min: 50.7, Avg: 50.8, Max: 50.9, Diff: 0.2, Sum: 101.5]
      [Update RS (ms): Min: 40.6, Avg: 40.6, Max: 40.7, Diff: 0.1, Sum: 81.3]
         [Processed Buffers: Min: 363, Avg: 378.0, Max: 393, Diff: 30, Sum: 756]
      [Scan RS (ms): Min: 6.5, Avg: 6.8, Max: 7.2, Diff: 0.7, Sum: 13.7]
      [Code Root Scanning (ms): Min: 0.1, Avg: 0.1, Max: 0.1, Diff: 0.0, Sum: 0.1]
      [Object Copy (ms): Min: 38.3, Avg: 38.7, Max: 39.0, Diff: 0.7, Sum: 77.3]
      [Termination (ms): Min: 0.0, Avg: 0.0, Max: 0.0, Diff: 0.0, Sum: 0.0]
      [GC Worker Other (ms): Min: 0.1, Avg: 0.1, Max: 0.2, Diff: 0.0, Sum: 0.3]
      [GC Worker Total (ms): Min: 137.1, Avg: 137.1, Max: 137.2, Diff: 0.1, Sum: 274.2]
      [GC Worker End (ms): Min: 9434645.8, Avg: 9434645.8, Max: 9434645.8, Diff: 0.0]
   [Code Root Fixup: 0.4 ms]
   [Code Root Migration: 0.0 ms]
   [Clear CT: 0.4 ms]
   [Other: 8.7 ms]
      [Choose CSet: 0.0 ms]
      [Ref Proc: 5.4 ms]
      [Ref Enq: 0.2 ms]
      [Free CSet: 0.4 ms]
   [Eden: 184.0M(184.0M)->0.0B(334.0M) Survivors: 20.0M->16.0M Heap: 1413.0M(4096.0M)->1241.0M(4096.0M)]
 [Times: user=0.27 sys=0.00, real=0.15 secs] 
2016-08-30T16:13:15.900+0200: 9446.034: [GC pause (young), 0.1723260 secs]
   [Parallel Time: 164.6 ms, GC Workers: 2]
      [GC Worker Start (ms): Min: 9446035.8, Avg: 9446035.8, Max: 9446035.9, Diff: 0.1]
      [Ext Root Scanning (ms): Min: 49.8, Avg: 50.5, Max: 51.1, Diff: 1.3, Sum: 100.9]
      [Update RS (ms): Min: 56.4, Avg: 56.7, Max: 57.0, Diff: 0.6, Sum: 113.4]
         [Processed Buffers: Min: 457, Avg: 476.5, Max: 496, Diff: 39, Sum: 953]
      [Scan RS (ms): Min: 7.1, Avg: 7.5, Max: 7.9, Diff: 0.9, Sum: 15.0]
      [Code Root Scanning (ms): Min: 0.0, Avg: 0.1, Max: 0.2, Diff: 0.1, Sum: 0.2]
      [Object Copy (ms): Min: 49.1, Avg: 49.6, Max: 50.0, Diff: 1.0, Sum: 99.1]
      [Termination (ms): Min: 0.0, Avg: 0.0, Max: 0.0, Diff: 0.0, Sum: 0.0]
      [GC Worker Other (ms): Min: 0.1, Avg: 0.1, Max: 0.2, Diff: 0.0, Sum: 0.3]
      [GC Worker Total (ms): Min: 164.4, Avg: 164.5, Max: 164.5, Diff: 0.1, Sum: 328.9]
      [GC Worker End (ms): Min: 9446200.3, Avg: 9446200.3, Max: 9446200.3, Diff: 0.0]
   [Code Root Fixup: 0.3 ms]
   [Code Root Migration: 0.1 ms]
   [Clear CT: 0.8 ms]
   [Other: 6.7 ms]
      [Choose CSet: 0.0 ms]
      [Ref Proc: 3.0 ms]
      [Ref Enq: 0.2 ms]
      [Free CSet: 0.5 ms]
   [Eden: 334.0M(334.0M)->0.0B(248.0M) Survivors: 16.0M->44.0M Heap: 1575.0M(4096.0M)->1274.0M(4096.0M)]
 [Times: user=0.34 sys=0.01, real=0.17 secs] 
2016-08-30T16:13:23.998+0200: 9454.132: [GC pause (young), 0.1823660 secs]
   [Parallel Time: 173.2 ms, GC Workers: 2]
      [GC Worker Start (ms): Min: 9454133.7, Avg: 9454133.7, Max: 9454133.7, Diff: 0.0]
      [Ext Root Scanning (ms): Min: 51.0, Avg: 51.1, Max: 51.1, Diff: 0.0, Sum: 102.1]
      [Update RS (ms): Min: 44.0, Avg: 44.7, Max: 45.4, Diff: 1.4, Sum: 89.4]
         [Processed Buffers: Min: 471, Avg: 480.5, Max: 490, Diff: 19, Sum: 961]
      [Scan RS (ms): Min: 13.0, Avg: 13.6, Max: 14.1, Diff: 1.1, Sum: 27.1]
      [Code Root Scanning (ms): Min: 0.1, Avg: 0.1, Max: 0.1, Diff: 0.0, Sum: 0.2]
      [Object Copy (ms): Min: 63.4, Avg: 63.5, Max: 63.6, Diff: 0.2, Sum: 127.0]
      [Termination (ms): Min: 0.0, Avg: 0.0, Max: 0.0, Diff: 0.0, Sum: 0.0]
      [GC Worker Other (ms): Min: 0.1, Avg: 0.2, Max: 0.2, Diff: 0.0, Sum: 0.3]
      [GC Worker Total (ms): Min: 173.1, Avg: 173.1, Max: 173.1, Diff: 0.0, Sum: 346.2]
      [GC Worker End (ms): Min: 9454306.8, Avg: 9454306.8, Max: 9454306.8, Diff: 0.0]
   [Code Root Fixup: 0.4 ms]
   [Code Root Migration: 0.1 ms]
   [Clear CT: 1.0 ms]
   [Other: 7.7 ms]
      [Choose CSet: 0.0 ms]
      [Ref Proc: 3.4 ms]
      [Ref Enq: 0.2 ms]
      [Free CSet: 0.6 ms]
   [Eden: 248.0M(248.0M)->0.0B(330.0M) Survivors: 44.0M->24.0M Heap: 1522.0M(4096.0M)->1296.0M(4096.0M)]
 [Times: user=0.36 sys=0.01, real=0.19 secs] 
2016-08-30T16:13:35.359+0200: 9465.494: [GC pause (young), 0.2042600 secs]
   [Parallel Time: 195.1 ms, GC Workers: 2]
      [GC Worker Start (ms): Min: 9465495.8, Avg: 9465496.4, Max: 9465497.0, Diff: 1.3]
      [Ext Root Scanning (ms): Min: 52.6, Avg: 64.5, Max: 76.3, Diff: 23.7, Sum: 129.0]
      [Update RS (ms): Min: 43.2, Avg: 55.4, Max: 67.6, Diff: 24.4, Sum: 110.8]
         [Processed Buffers: Min: 383, Avg: 483.0, Max: 583, Diff: 200, Sum: 966]
      [Scan RS (ms): Min: 11.1, Avg: 15.8, Max: 20.5, Diff: 9.4, Sum: 31.6]
      [Code Root Scanning (ms): Min: 0.1, Avg: 0.1, Max: 0.1, Diff: 0.0, Sum: 0.2]
      [Object Copy (ms): Min: 52.7, Avg: 58.3, Max: 64.0, Diff: 11.3, Sum: 116.7]
      [Termination (ms): Min: 0.0, Avg: 0.0, Max: 0.0, Diff: 0.0, Sum: 0.0]
      [GC Worker Other (ms): Min: 0.1, Avg: 0.2, Max: 0.2, Diff: 0.0, Sum: 0.3]
      [GC Worker Total (ms): Min: 193.7, Avg: 194.3, Max: 194.9, Diff: 1.3, Sum: 388.6]
      [GC Worker End (ms): Min: 9465690.7, Avg: 9465690.7, Max: 9465690.7, Diff: 0.0]
   [Code Root Fixup: 0.4 ms]
   [Code Root Migration: 0.1 ms]
   [Clear CT: 0.5 ms]
   [Other: 8.3 ms]
      [Choose CSet: 0.0 ms]
      [Ref Proc: 4.4 ms]
      [Ref Enq: 0.2 ms]
      [Free CSet: 0.6 ms]
   [Eden: 330.0M(330.0M)->0.0B(158.0M) Survivors: 24.0M->46.0M Heap: 1626.0M(4096.0M)->1320.0M(4096.0M)]
 [Times: user=0.38 sys=0.00, real=0.21 secs] 
2016-08-30T16:13:41.232+0200: 9471.367: [GC pause (young), 0.1688230 secs]
   [Parallel Time: 161.4 ms, GC Workers: 2]
      [GC Worker Start (ms): Min: 9471368.2, Avg: 9471368.2, Max: 9471368.2, Diff: 0.0]
      [Ext Root Scanning (ms): Min: 52.7, Avg: 53.8, Max: 54.9, Diff: 2.2, Sum: 107.5]
      [Update RS (ms): Min: 35.0, Avg: 35.2, Max: 35.4, Diff: 0.4, Sum: 70.4]
         [Processed Buffers: Min: 304, Avg: 333.0, Max: 362, Diff: 58, Sum: 666]
      [Scan RS (ms): Min: 13.9, Avg: 14.2, Max: 14.4, Diff: 0.6, Sum: 28.3]
      [Code Root Scanning (ms): Min: 0.0, Avg: 0.1, Max: 0.1, Diff: 0.1, Sum: 0.1]
      [Object Copy (ms): Min: 57.1, Avg: 58.0, Max: 59.0, Diff: 1.8, Sum: 116.1]
      [Termination (ms): Min: 0.0, Avg: 0.0, Max: 0.0, Diff: 0.0, Sum: 0.0]
      [GC Worker Other (ms): Min: 0.1, Avg: 0.1, Max: 0.1, Diff: 0.0, Sum: 0.2]
      [GC Worker Total (ms): Min: 161.3, Avg: 161.3, Max: 161.3, Diff: 0.0, Sum: 322.6]
      [GC Worker End (ms): Min: 9471529.5, Avg: 9471529.5, Max: 9471529.5, Diff: 0.0]
   [Code Root Fixup: 0.6 ms]
   [Code Root Migration: 0.0 ms]
   [Clear CT: 0.9 ms]
   [Other: 5.9 ms]
      [Choose CSet: 0.0 ms]
      [Ref Proc: 1.9 ms]
      [Ref Enq: 0.1 ms]
      [Free CSet: 0.6 ms]
   [Eden: 158.0M(158.0M)->0.0B(358.0M) Survivors: 46.0M->14.0M Heap: 1478.0M(4096.0M)->1330.0M(4096.0M)]
 [Times: user=0.32 sys=0.00, real=0.17 secs] 
2016-08-30T16:13:53.485+0200: 9483.619: [GC pause (young), 0.1884370 secs]
   [Parallel Time: 178.0 ms, GC Workers: 2]
      [GC Worker Start (ms): Min: 9483620.9, Avg: 9483621.5, Max: 9483622.1, Diff: 1.2]
      [Ext Root Scanning (ms): Min: 52.8, Avg: 58.6, Max: 64.4, Diff: 11.6, Sum: 117.3]
      [Update RS (ms): Min: 53.2, Avg: 59.9, Max: 66.6, Diff: 13.4, Sum: 119.8]
         [Processed Buffers: Min: 381, Avg: 493.0, Max: 605, Diff: 224, Sum: 986]
      [Scan RS (ms): Min: 8.1, Avg: 8.3, Max: 8.4, Diff: 0.3, Sum: 16.5]
      [Code Root Scanning (ms): Min: 0.1, Avg: 0.1, Max: 0.1, Diff: 0.0, Sum: 0.2]
      [Object Copy (ms): Min: 50.1, Avg: 50.2, Max: 50.3, Diff: 0.3, Sum: 100.4]
      [Termination (ms): Min: 0.0, Avg: 0.0, Max: 0.0, Diff: 0.0, Sum: 0.0]
      [GC Worker Other (ms): Min: 0.2, Avg: 0.2, Max: 0.2, Diff: 0.0, Sum: 0.4]
      [GC Worker Total (ms): Min: 176.7, Avg: 177.3, Max: 178.0, Diff: 1.3, Sum: 354.7]
      [GC Worker End (ms): Min: 9483798.9, Avg: 9483798.9, Max: 9483798.9, Diff: 0.0]
   [Code Root Fixup: 0.5 ms]
   [Code Root Migration: 0.1 ms]
   [Clear CT: 0.6 ms]
   [Other: 9.3 ms]
      [Choose CSet: 0.0 ms]
      [Ref Proc: 4.7 ms]
      [Ref Enq: 0.4 ms]
      [Free CSet: 0.9 ms]
   [Eden: 358.0M(358.0M)->0.0B(168.0M) Survivors: 14.0M->48.0M Heap: 1688.0M(4096.0M)->1363.0M(4096.0M)]
 [Times: user=0.35 sys=0.00, real=0.18 secs] 
2016-08-30T16:14:00.085+0200: 9490.219: [GC pause (young), 0.1709590 secs]
   [Parallel Time: 162.1 ms, GC Workers: 2]
      [GC Worker Start (ms): Min: 9490220.6, Avg: 9490220.6, Max: 9490220.6, Diff: 0.0]
      [Ext Root Scanning (ms): Min: 51.9, Avg: 52.2, Max: 52.5, Diff: 0.6, Sum: 104.3]
      [Update RS (ms): Min: 35.8, Avg: 36.2, Max: 36.6, Diff: 0.8, Sum: 72.5]
         [Processed Buffers: Min: 319, Avg: 339.0, Max: 359, Diff: 40, Sum: 678]
      [Scan RS (ms): Min: 13.1, Avg: 13.4, Max: 13.6, Diff: 0.5, Sum: 26.7]
      [Code Root Scanning (ms): Min: 0.0, Avg: 0.1, Max: 0.1, Diff: 0.1, Sum: 0.1]
      [Object Copy (ms): Min: 59.6, Avg: 60.0, Max: 60.4, Diff: 0.8, Sum: 120.0]
      [Termination (ms): Min: 0.0, Avg: 0.0, Max: 0.0, Diff: 0.0, Sum: 0.0]
      [GC Worker Other (ms): Min: 0.1, Avg: 0.2, Max: 0.2, Diff: 0.0, Sum: 0.3]
      [GC Worker Total (ms): Min: 162.0, Avg: 162.0, Max: 162.0, Diff: 0.0, Sum: 324.0]
      [GC Worker End (ms): Min: 9490382.6, Avg: 9490382.6, Max: 9490382.6, Diff: 0.0]
   [Code Root Fixup: 0.6 ms]
   [Code Root Migration: 0.0 ms]
   [Clear CT: 0.6 ms]
   [Other: 7.7 ms]
      [Choose CSet: 0.0 ms]
      [Ref Proc: 3.3 ms]
      [Ref Enq: 0.3 ms]
      [Free CSet: 0.5 ms]
   [Eden: 168.0M(168.0M)->0.0B(452.0M) Survivors: 48.0M->14.0M Heap: 1531.0M(4096.0M)->1368.0M(4096.0M)]
 [Times: user=0.33 sys=0.01, real=0.17 secs] 
2016-08-30T16:14:16.223+0200: 9506.357: [GC pause (young), 0.2189280 secs]
   [Parallel Time: 208.6 ms, GC Workers: 2]
      [GC Worker Start (ms): Min: 9506360.0, Avg: 9506360.1, Max: 9506360.1, Diff: 0.1]
      [Ext Root Scanning (ms): Min: 55.5, Avg: 62.8, Max: 70.0, Diff: 14.5, Sum: 125.5]
      [Update RS (ms): Min: 63.1, Avg: 70.4, Max: 77.6, Diff: 14.5, Sum: 140.7]
         [Processed Buffers: Min: 424, Avg: 522.5, Max: 621, Diff: 197, Sum: 1045]
      [Scan RS (ms): Min: 10.3, Avg: 10.5, Max: 10.7, Diff: 0.4, Sum: 21.0]
      [Code Root Scanning (ms): Min: 0.1, Avg: 0.2, Max: 0.2, Diff: 0.1, Sum: 0.4]
      [Object Copy (ms): Min: 64.4, Avg: 64.6, Max: 64.8, Diff: 0.4, Sum: 129.2]
      [Termination (ms): Min: 0.0, Avg: 0.0, Max: 0.0, Diff: 0.0, Sum: 0.0]
      [GC Worker Other (ms): Min: 0.1, Avg: 0.1, Max: 0.1, Diff: 0.1, Sum: 0.2]
      [GC Worker Total (ms): Min: 208.4, Avg: 208.5, Max: 208.5, Diff: 0.1, Sum: 417.0]
      [GC Worker End (ms): Min: 9506568.5, Avg: 9506568.5, Max: 9506568.5, Diff: 0.0]
   [Code Root Fixup: 0.3 ms]
   [Code Root Migration: 0.1 ms]
   [Clear CT: 0.5 ms]
   [Other: 9.5 ms]
      [Choose CSet: 0.0 ms]
      [Ref Proc: 4.2 ms]
      [Ref Enq: 0.2 ms]
      [Free CSet: 0.9 ms]
   [Eden: 452.0M(452.0M)->0.0B(148.0M) Survivors: 14.0M->56.0M Heap: 1820.0M(4096.0M)->1411.0M(4096.0M)]
 [Times: user=0.43 sys=0.00, real=0.22 secs] 
2016-08-30T16:14:21.830+0200: 9511.965: [GC pause (young), 0.1680330 secs]
   [Parallel Time: 161.5 ms, GC Workers: 2]
      [GC Worker Start (ms): Min: 9511966.1, Avg: 9511966.1, Max: 9511966.1, Diff: 0.0]
      [Ext Root Scanning (ms): Min: 50.9, Avg: 51.1, Max: 51.2, Diff: 0.4, Sum: 102.1]
      [Update RS (ms): Min: 32.8, Avg: 32.9, Max: 33.0, Diff: 0.2, Sum: 65.8]
         [Processed Buffers: Min: 297, Avg: 311.5, Max: 326, Diff: 29, Sum: 623]
      [Scan RS (ms): Min: 15.6, Avg: 15.7, Max: 15.8, Diff: 0.3, Sum: 31.4]
      [Code Root Scanning (ms): Min: 0.1, Avg: 0.1, Max: 0.1, Diff: 0.0, Sum: 0.1]
      [Object Copy (ms): Min: 61.4, Avg: 61.6, Max: 61.7, Diff: 0.3, Sum: 123.2]
      [Termination (ms): Min: 0.0, Avg: 0.0, Max: 0.0, Diff: 0.0, Sum: 0.0]
      [GC Worker Other (ms): Min: 0.1, Avg: 0.1, Max: 0.2, Diff: 0.0, Sum: 0.3]
      [GC Worker Total (ms): Min: 161.4, Avg: 161.4, Max: 161.5, Diff: 0.0, Sum: 322.9]
      [GC Worker End (ms): Min: 9512127.5, Avg: 9512127.5, Max: 9512127.5, Diff: 0.0]
   [Code Root Fixup: 0.4 ms]
   [Code Root Migration: 0.0 ms]
   [Clear CT: 0.5 ms]
   [Other: 5.5 ms]
      [Choose CSet: 0.0 ms]
      [Ref Proc: 1.8 ms]
      [Ref Enq: 0.1 ms]
      [Free CSet: 0.5 ms]
   [Eden: 148.0M(148.0M)->0.0B(438.0M) Survivors: 56.0M->14.0M Heap: 1559.0M(4096.0M)->1419.0M(4096.0M)]
 [Times: user=0.32 sys=0.00, real=0.17 secs] 
2016-08-30T16:14:36.064+0200: 9526.199: [GC pause (young), 0.1955000 secs]
   [Parallel Time: 182.8 ms, GC Workers: 2]
      [GC Worker Start (ms): Min: 9526200.8, Avg: 9526200.8, Max: 9526200.8, Diff: 0.0]
      [Ext Root Scanning (ms): Min: 49.9, Avg: 50.4, Max: 50.9, Diff: 1.0, Sum: 100.8]
      [Update RS (ms): Min: 67.2, Avg: 67.8, Max: 68.4, Diff: 1.2, Sum: 135.7]
         [Processed Buffers: Min: 488, Avg: 489.0, Max: 490, Diff: 2, Sum: 978]
      [Scan RS (ms): Min: 7.5, Avg: 8.1, Max: 8.8, Diff: 1.3, Sum: 16.2]
      [Code Root Scanning (ms): Min: 0.1, Avg: 0.1, Max: 0.2, Diff: 0.0, Sum: 0.3]
      [Object Copy (ms): Min: 55.6, Avg: 56.1, Max: 56.7, Diff: 1.1, Sum: 112.2]
      [Termination (ms): Min: 0.0, Avg: 0.0, Max: 0.0, Diff: 0.0, Sum: 0.0]
      [GC Worker Other (ms): Min: 0.1, Avg: 0.1, Max: 0.1, Diff: 0.1, Sum: 0.2]
      [GC Worker Total (ms): Min: 182.7, Avg: 182.7, Max: 182.7, Diff: 0.0, Sum: 365.4]
      [GC Worker End (ms): Min: 9526383.5, Avg: 9526383.5, Max: 9526383.5, Diff: 0.0]
   [Code Root Fixup: 0.4 ms]
   [Code Root Migration: 0.1 ms]
   [Clear CT: 0.6 ms]
   [Other: 11.6 ms]
      [Choose CSet: 0.0 ms]
      [Ref Proc: 6.9 ms]
      [Ref Enq: 0.5 ms]
      [Free CSet: 1.0 ms]
   [Eden: 438.0M(438.0M)->0.0B(184.0M) Survivors: 14.0M->50.0M Heap: 1857.0M(4096.0M)->1454.0M(4096.0M)]
 [Times: user=0.37 sys=0.00, real=0.20 secs] 
2016-08-30T16:14:41.585+0200: 9531.720: [GC pause (young), 0.1556040 secs]
   [Parallel Time: 149.9 ms, GC Workers: 2]
      [GC Worker Start (ms): Min: 9531721.2, Avg: 9531721.3, Max: 9531721.3, Diff: 0.0]
      [Ext Root Scanning (ms): Min: 50.9, Avg: 51.4, Max: 51.8, Diff: 0.9, Sum: 102.7]
      [Update RS (ms): Min: 39.6, Avg: 40.0, Max: 40.4, Diff: 0.9, Sum: 80.0]
         [Processed Buffers: Min: 387, Avg: 397.0, Max: 407, Diff: 20, Sum: 794]
      [Scan RS (ms): Min: 10.2, Avg: 10.6, Max: 10.9, Diff: 0.7, Sum: 21.1]
      [Code Root Scanning (ms): Min: 0.0, Avg: 0.1, Max: 0.1, Diff: 0.1, Sum: 0.1]
      [Object Copy (ms): Min: 47.2, Avg: 47.7, Max: 48.2, Diff: 1.1, Sum: 95.4]
      [Termination (ms): Min: 0.0, Avg: 0.0, Max: 0.0, Diff: 0.0, Sum: 0.0]
      [GC Worker Other (ms): Min: 0.2, Avg: 0.2, Max: 0.2, Diff: 0.0, Sum: 0.3]
      [GC Worker Total (ms): Min: 149.9, Avg: 149.9, Max: 149.9, Diff: 0.0, Sum: 299.7]
      [GC Worker End (ms): Min: 9531871.1, Avg: 9531871.1, Max: 9531871.1, Diff: 0.0]
   [Code Root Fixup: 0.3 ms]
   [Code Root Migration: 0.0 ms]
   [Clear CT: 0.4 ms]
   [Other: 4.9 ms]
      [Choose CSet: 0.0 ms]
      [Ref Proc: 1.6 ms]
      [Ref Enq: 0.1 ms]
      [Free CSet: 0.4 ms]
   [Eden: 184.0M(184.0M)->0.0B(416.0M) Survivors: 50.0M->22.0M Heap: 1638.0M(4096.0M)->1469.0M(4096.0M)]
 [Times: user=0.31 sys=0.01, real=0.15 secs] 
2016-08-30T16:14:56.778+0200: 9546.912: [GC pause (young), 0.1814380 secs]
   [Parallel Time: 172.5 ms, GC Workers: 2]
      [GC Worker Start (ms): Min: 9546914.2, Avg: 9546914.3, Max: 9546914.3, Diff: 0.0]
      [Ext Root Scanning (ms): Min: 52.6, Avg: 53.2, Max: 53.8, Diff: 1.2, Sum: 106.4]
      [Update RS (ms): Min: 60.0, Avg: 60.4, Max: 60.8, Diff: 0.8, Sum: 120.8]
         [Processed Buffers: Min: 466, Avg: 482.5, Max: 499, Diff: 33, Sum: 965]
      [Scan RS (ms): Min: 10.0, Avg: 10.7, Max: 11.3, Diff: 1.3, Sum: 21.3]
      [Code Root Scanning (ms): Min: 0.1, Avg: 0.1, Max: 0.2, Diff: 0.0, Sum: 0.3]
      [Object Copy (ms): Min: 47.4, Avg: 47.8, Max: 48.2, Diff: 0.8, Sum: 95.7]
      [Termination (ms): Min: 0.0, Avg: 0.0, Max: 0.0, Diff: 0.0, Sum: 0.0]
      [GC Worker Other (ms): Min: 0.1, Avg: 0.2, Max: 0.2, Diff: 0.0, Sum: 0.3]
      [GC Worker Total (ms): Min: 172.4, Avg: 172.4, Max: 172.4, Diff: 0.0, Sum: 344.9]
      [GC Worker End (ms): Min: 9547086.7, Avg: 9547086.7, Max: 9547086.7, Diff: 0.0]
   [Code Root Fixup: 0.3 ms]
   [Code Root Migration: 0.1 ms]
   [Clear CT: 0.4 ms]
   [Other: 8.2 ms]
      [Choose CSet: 0.0 ms]
      [Ref Proc: 4.0 ms]
      [Ref Enq: 0.2 ms]
      [Free CSet: 0.8 ms]
   [Eden: 416.0M(416.0M)->0.0B(254.0M) Survivors: 22.0M->52.0M Heap: 1885.0M(4096.0M)->1499.0M(4096.0M)]
 [Times: user=0.35 sys=0.00, real=0.18 secs] 
2016-08-30T16:15:06.493+0200: 9556.628: [GC pause (young), 0.1953640 secs]
   [Parallel Time: 188.5 ms, GC Workers: 2]
      [GC Worker Start (ms): Min: 9556629.4, Avg: 9556629.4, Max: 9556629.5, Diff: 0.1]
      [Ext Root Scanning (ms): Min: 58.7, Avg: 59.7, Max: 60.6, Diff: 1.8, Sum: 119.3]
      [Update RS (ms): Min: 40.5, Avg: 44.4, Max: 48.2, Diff: 7.7, Sum: 88.7]
         [Processed Buffers: Min: 374, Avg: 413.0, Max: 452, Diff: 78, Sum: 826]
      [Scan RS (ms): Min: 15.4, Avg: 15.8, Max: 16.1, Diff: 0.6, Sum: 31.5]
      [Code Root Scanning (ms): Min: 0.1, Avg: 0.1, Max: 0.1, Diff: 0.0, Sum: 0.2]
      [Object Copy (ms): Min: 65.8, Avg: 68.4, Max: 71.0, Diff: 5.2, Sum: 136.8]
      [Termination (ms): Min: 0.0, Avg: 0.0, Max: 0.0, Diff: 0.0, Sum: 0.0]
      [GC Worker Other (ms): Min: 0.1, Avg: 0.1, Max: 0.1, Diff: 0.0, Sum: 0.3]
      [GC Worker Total (ms): Min: 188.3, Avg: 188.4, Max: 188.4, Diff: 0.1, Sum: 376.8]
      [GC Worker End (ms): Min: 9556817.8, Avg: 9556817.8, Max: 9556817.8, Diff: 0.0]
   [Code Root Fixup: 0.2 ms]
   [Code Root Migration: 0.0 ms]
   [Clear CT: 0.5 ms]
   [Other: 6.1 ms]
      [Choose CSet: 0.0 ms]
      [Ref Proc: 2.1 ms]
      [Ref Enq: 0.1 ms]
      [Free CSet: 0.6 ms]
   [Eden: 254.0M(254.0M)->0.0B(420.0M) Survivors: 52.0M->24.0M Heap: 1753.0M(4096.0M)->1510.0M(4096.0M)]
 [Times: user=0.36 sys=0.00, real=0.20 secs] 
2016-08-30T16:15:21.678+0200: 9571.813: [GC pause (young), 0.1747690 secs]
   [Parallel Time: 166.4 ms, GC Workers: 2]
      [GC Worker Start (ms): Min: 9571814.7, Avg: 9571814.7, Max: 9571814.8, Diff: 0.0]
      [Ext Root Scanning (ms): Min: 50.4, Avg: 50.6, Max: 50.8, Diff: 0.5, Sum: 101.2]
      [Update RS (ms): Min: 62.5, Avg: 62.8, Max: 63.1, Diff: 0.6, Sum: 125.6]
         [Processed Buffers: Min: 510, Avg: 512.5, Max: 515, Diff: 5, Sum: 1025]
      [Scan RS (ms): Min: 9.2, Avg: 9.8, Max: 10.4, Diff: 1.2, Sum: 19.7]
      [Code Root Scanning (ms): Min: 0.1, Avg: 0.1, Max: 0.2, Diff: 0.0, Sum: 0.3]
      [Object Copy (ms): Min: 42.7, Avg: 42.8, Max: 42.8, Diff: 0.1, Sum: 85.6]
      [Termination (ms): Min: 0.0, Avg: 0.0, Max: 0.0, Diff: 0.0, Sum: 0.0]
      [GC Worker Other (ms): Min: 0.1, Avg: 0.1, Max: 0.2, Diff: 0.1, Sum: 0.3]
      [GC Worker Total (ms): Min: 166.3, Avg: 166.3, Max: 166.3, Diff: 0.0, Sum: 332.6]
      [GC Worker End (ms): Min: 9571981.0, Avg: 9571981.0, Max: 9571981.0, Diff: 0.0]
   [Code Root Fixup: 0.3 ms]
   [Code Root Migration: 0.1 ms]
   [Clear CT: 0.4 ms]
   [Other: 7.6 ms]
      [Choose CSet: 0.0 ms]
      [Ref Proc: 3.7 ms]
      [Ref Enq: 0.2 ms]
      [Free CSet: 0.8 ms]
   [Eden: 420.0M(420.0M)->0.0B(268.0M) Survivors: 24.0M->56.0M Heap: 1930.0M(4096.0M)->1548.0M(4096.0M)]
 [Times: user=0.34 sys=0.00, real=0.17 secs] 
2016-08-30T16:15:26.838+0200: 9576.973: [GC pause (young), 0.1686140 secs]
   [Parallel Time: 161.0 ms, GC Workers: 2]
      [GC Worker Start (ms): Min: 9576974.2, Avg: 9576974.3, Max: 9576974.3, Diff: 0.0]
      [Ext Root Scanning (ms): Min: 50.2, Avg: 50.8, Max: 51.4, Diff: 1.2, Sum: 101.6]
      [Update RS (ms): Min: 30.2, Avg: 30.7, Max: 31.2, Diff: 1.0, Sum: 61.4]
         [Processed Buffers: Min: 341, Avg: 344.5, Max: 348, Diff: 7, Sum: 689]
      [Scan RS (ms): Min: 15.8, Avg: 16.3, Max: 16.8, Diff: 1.0, Sum: 32.6]
      [Code Root Scanning (ms): Min: 0.0, Avg: 0.1, Max: 0.1, Diff: 0.1, Sum: 0.2]
      [Object Copy (ms): Min: 62.3, Avg: 62.9, Max: 63.5, Diff: 1.2, Sum: 125.9]
      [Termination (ms): Min: 0.0, Avg: 0.0, Max: 0.0, Diff: 0.0, Sum: 0.0]
      [GC Worker Other (ms): Min: 0.1, Avg: 0.1, Max: 0.1, Diff: 0.1, Sum: 0.2]
      [GC Worker Total (ms): Min: 160.8, Avg: 160.9, Max: 160.9, Diff: 0.0, Sum: 321.7]
      [GC Worker End (ms): Min: 9577135.1, Avg: 9577135.1, Max: 9577135.1, Diff: 0.0]
   [Code Root Fixup: 0.5 ms]
   [Code Root Migration: 0.0 ms]
   [Clear CT: 0.6 ms]
   [Other: 6.6 ms]
      [Choose CSet: 0.0 ms]
      [Ref Proc: 2.7 ms]
      [Ref Enq: 0.2 ms]
      [Free CSet: 0.6 ms]
   [Eden: 148.0M(148.0M)->0.0B(710.0M) Survivors: 56.0M->14.0M Heap: 1696.0M(4096.0M)->1555.0M(4096.0M)]
 [Times: user=0.33 sys=0.00, real=0.18 secs] 
2016-08-30T16:15:49.375+0200: 9599.509: [GC pause (young), 0.2136880 secs]
   [Parallel Time: 202.6 ms, GC Workers: 2]
      [GC Worker Start (ms): Min: 9599511.0, Avg: 9599511.0, Max: 9599511.1, Diff: 0.0]
      [Ext Root Scanning (ms): Min: 51.9, Avg: 52.0, Max: 52.2, Diff: 0.3, Sum: 104.1]
      [Update RS (ms): Min: 79.4, Avg: 81.3, Max: 83.1, Diff: 3.7, Sum: 162.5]
         [Processed Buffers: Min: 526, Avg: 527.0, Max: 528, Diff: 2, Sum: 1054]
      [Scan RS (ms): Min: 10.1, Avg: 11.6, Max: 13.2, Diff: 3.0, Sum: 23.3]
      [Code Root Scanning (ms): Min: 0.2, Avg: 0.2, Max: 0.2, Diff: 0.0, Sum: 0.4]
      [Object Copy (ms): Min: 57.0, Avg: 57.2, Max: 57.4, Diff: 0.4, Sum: 114.5]
      [Termination (ms): Min: 0.0, Avg: 0.0, Max: 0.0, Diff: 0.0, Sum: 0.0]
      [GC Worker Other (ms): Min: 0.2, Avg: 0.2, Max: 0.2, Diff: 0.0, Sum: 0.3]
      [GC Worker Total (ms): Min: 202.5, Avg: 202.5, Max: 202.5, Diff: 0.0, Sum: 405.0]
      [GC Worker End (ms): Min: 9599713.6, Avg: 9599713.6, Max: 9599713.6, Diff: 0.0]
   [Code Root Fixup: 0.3 ms]
   [Code Root Migration: 0.1 ms]
   [Clear CT: 0.5 ms]
   [Other: 10.2 ms]
      [Choose CSet: 0.0 ms]
      [Ref Proc: 5.4 ms]
      [Ref Enq: 0.4 ms]
      [Free CSet: 1.1 ms]
   [Eden: 586.0M(586.0M)->0.0B(198.0M) Survivors: 14.0M->62.0M Heap: 2141.0M(4096.0M)->1603.0M(4096.0M)]
 [Times: user=0.40 sys=0.00, real=0.21 secs] 
2016-08-30T16:15:56.391+0200: 9606.526: [GC pause (young), 0.1851030 secs]
   [Parallel Time: 179.0 ms, GC Workers: 2]
      [GC Worker Start (ms): Min: 9606527.6, Avg: 9606527.6, Max: 9606527.6, Diff: 0.1]
      [Ext Root Scanning (ms): Min: 52.7, Avg: 52.8, Max: 52.8, Diff: 0.1, Sum: 105.6]
      [Update RS (ms): Min: 42.2, Avg: 42.4, Max: 42.7, Diff: 0.4, Sum: 84.9]
         [Processed Buffers: Min: 329, Avg: 355.5, Max: 382, Diff: 53, Sum: 711]
      [Scan RS (ms): Min: 20.8, Avg: 21.4, Max: 21.9, Diff: 1.0, Sum: 42.7]
      [Code Root Scanning (ms): Min: 0.1, Avg: 0.1, Max: 0.1, Diff: 0.1, Sum: 0.2]
      [Object Copy (ms): Min: 61.7, Avg: 62.1, Max: 62.4, Diff: 0.7, Sum: 124.2]
      [Termination (ms): Min: 0.0, Avg: 0.0, Max: 0.0, Diff: 0.0, Sum: 0.0]
      [GC Worker Other (ms): Min: 0.1, Avg: 0.2, Max: 0.2, Diff: 0.0, Sum: 0.3]
      [GC Worker Total (ms): Min: 178.9, Avg: 178.9, Max: 178.9, Diff: 0.1, Sum: 357.8]
      [GC Worker End (ms): Min: 9606706.5, Avg: 9606706.5, Max: 9606706.5, Diff: 0.0]
   [Code Root Fixup: 0.2 ms]
   [Code Root Migration: 0.0 ms]
   [Clear CT: 0.5 ms]
   [Other: 5.4 ms]
      [Choose CSet: 0.0 ms]
      [Ref Proc: 1.7 ms]
      [Ref Enq: 0.1 ms]
      [Free CSet: 0.5 ms]
   [Eden: 198.0M(198.0M)->0.0B(412.0M) Survivors: 62.0M->22.0M Heap: 1801.0M(4096.0M)->1605.0M(4096.0M)]
 [Times: user=0.35 sys=0.00, real=0.19 secs] 
2016-08-30T16:16:11.113+0200: 9621.247: [GC pause (young), 0.1988900 secs]
   [Parallel Time: 188.4 ms, GC Workers: 2]
      [GC Worker Start (ms): Min: 9621248.9, Avg: 9621249.0, Max: 9621249.0, Diff: 0.1]
      [Ext Root Scanning (ms): Min: 51.1, Avg: 61.9, Max: 72.6, Diff: 21.5, Sum: 123.7]
      [Update RS (ms): Min: 47.1, Avg: 58.7, Max: 70.2, Diff: 23.1, Sum: 117.4]
         [Processed Buffers: Min: 385, Avg: 465.5, Max: 546, Diff: 161, Sum: 931]
      [Scan RS (ms): Min: 8.9, Avg: 9.3, Max: 9.8, Diff: 0.8, Sum: 18.7]
      [Code Root Scanning (ms): Min: 0.1, Avg: 0.1, Max: 0.1, Diff: 0.0, Sum: 0.3]
      [Object Copy (ms): Min: 57.8, Avg: 58.1, Max: 58.4, Diff: 0.6, Sum: 116.2]
      [Termination (ms): Min: 0.0, Avg: 0.0, Max: 0.0, Diff: 0.0, Sum: 0.0]
      [GC Worker Other (ms): Min: 0.1, Avg: 0.1, Max: 0.1, Diff: 0.0, Sum: 0.2]
      [GC Worker Total (ms): Min: 188.2, Avg: 188.2, Max: 188.3, Diff: 0.1, Sum: 376.5]
      [GC Worker End (ms): Min: 9621437.2, Avg: 9621437.2, Max: 9621437.2, Diff: 0.0]
   [Code Root Fixup: 0.4 ms]
   [Code Root Migration: 0.1 ms]
   [Clear CT: 0.5 ms]
   [Other: 9.4 ms]
      [Choose CSet: 0.0 ms]
      [Ref Proc: 5.2 ms]
      [Ref Enq: 0.2 ms]
      [Free CSet: 0.9 ms]
   [Eden: 412.0M(412.0M)->0.0B(198.0M) Survivors: 22.0M->56.0M Heap: 2017.0M(4096.0M)->1640.0M(4096.0M)]
 [Times: user=0.38 sys=0.00, real=0.20 secs] 
2016-08-30T16:16:16.766+0200: 9626.901: [GC pause (young), 0.1801110 secs]
   [Parallel Time: 174.2 ms, GC Workers: 2]
      [GC Worker Start (ms): Min: 9626902.4, Avg: 9626903.7, Max: 9626905.0, Diff: 2.6]
      [Ext Root Scanning (ms): Min: 53.9, Avg: 54.3, Max: 54.6, Diff: 0.7, Sum: 108.5]
      [Update RS (ms): Min: 40.7, Avg: 41.9, Max: 43.1, Diff: 2.4, Sum: 83.8]
         [Processed Buffers: Min: 365, Avg: 396.0, Max: 427, Diff: 62, Sum: 792]
      [Scan RS (ms): Min: 12.6, Avg: 13.3, Max: 14.0, Diff: 1.3, Sum: 26.6]
      [Code Root Scanning (ms): Min: 0.1, Avg: 0.1, Max: 0.1, Diff: 0.0, Sum: 0.2]
      [Object Copy (ms): Min: 62.8, Avg: 63.2, Max: 63.6, Diff: 0.8, Sum: 126.4]
      [Termination (ms): Min: 0.0, Avg: 0.0, Max: 0.0, Diff: 0.0, Sum: 0.0]
      [GC Worker Other (ms): Min: 0.1, Avg: 0.1, Max: 0.2, Diff: 0.0, Sum: 0.3]
      [GC Worker Total (ms): Min: 171.6, Avg: 172.9, Max: 174.2, Diff: 2.6, Sum: 345.7]
      [GC Worker End (ms): Min: 9627076.6, Avg: 9627076.6, Max: 9627076.6, Diff: 0.0]
   [Code Root Fixup: 0.3 ms]
   [Code Root Migration: 0.0 ms]
   [Clear CT: 0.4 ms]
   [Other: 5.2 ms]
      [Choose CSet: 0.0 ms]
      [Ref Proc: 1.6 ms]
      [Ref Enq: 0.1 ms]
      [Free CSet: 0.5 ms]
   [Eden: 198.0M(198.0M)->0.0B(408.0M) Survivors: 56.0M->26.0M Heap: 1838.0M(4096.0M)->1657.0M(4096.0M)]
 [Times: user=0.34 sys=0.00, real=0.18 secs] 
2016-08-30T16:16:29.815+0200: 9639.949: [GC pause (young), 0.1903510 secs]
   [Parallel Time: 177.9 ms, GC Workers: 2]
      [GC Worker Start (ms): Min: 9639950.9, Avg: 9639950.9, Max: 9639951.0, Diff: 0.0]
      [Ext Root Scanning (ms): Min: 50.4, Avg: 50.9, Max: 51.5, Diff: 1.2, Sum: 101.9]
      [Update RS (ms): Min: 57.8, Avg: 57.9, Max: 58.0, Diff: 0.2, Sum: 115.8]
         [Processed Buffers: Min: 477, Avg: 489.0, Max: 501, Diff: 24, Sum: 978]
      [Scan RS (ms): Min: 10.5, Avg: 10.5, Max: 10.5, Diff: 0.0, Sum: 21.0]
      [Code Root Scanning (ms): Min: 0.1, Avg: 0.1, Max: 0.2, Diff: 0.0, Sum: 0.3]
      [Object Copy (ms): Min: 57.6, Avg: 58.2, Max: 58.7, Diff: 1.0, Sum: 116.3]
      [Termination (ms): Min: 0.0, Avg: 0.0, Max: 0.0, Diff: 0.0, Sum: 0.0]
      [GC Worker Other (ms): Min: 0.1, Avg: 0.2, Max: 0.2, Diff: 0.1, Sum: 0.4]
      [GC Worker Total (ms): Min: 177.8, Avg: 177.8, Max: 177.8, Diff: 0.0, Sum: 355.6]
      [GC Worker End (ms): Min: 9640128.8, Avg: 9640128.8, Max: 9640128.8, Diff: 0.0]
   [Code Root Fixup: 0.4 ms]
   [Code Root Migration: 0.1 ms]
   [Clear CT: 0.6 ms]
   [Other: 11.4 ms]
      [Choose CSet: 0.0 ms]
      [Ref Proc: 6.7 ms]
      [Ref Enq: 0.4 ms]
      [Free CSet: 1.0 ms]
   [Eden: 408.0M(408.0M)->0.0B(222.0M) Survivors: 26.0M->56.0M Heap: 2065.0M(4096.0M)->1687.0M(4096.0M)]
 [Times: user=0.36 sys=0.00, real=0.19 secs] 
2016-08-30T16:16:36.322+0200: 9646.456: [GC pause (young), 0.2397770 secs]
   [Parallel Time: 225.1 ms, GC Workers: 2]
      [GC Worker Start (ms): Min: 9646457.6, Avg: 9646457.6, Max: 9646457.6, Diff: 0.0]
      [Ext Root Scanning (ms): Min: 58.8, Avg: 59.1, Max: 59.4, Diff: 0.6, Sum: 118.1]
      [Update RS (ms): Min: 48.5, Avg: 48.8, Max: 49.1, Diff: 0.6, Sum: 97.6]
         [Processed Buffers: Min: 362, Avg: 382.0, Max: 402, Diff: 40, Sum: 764]
      [Scan RS (ms): Min: 19.4, Avg: 19.6, Max: 19.7, Diff: 0.3, Sum: 39.1]
      [Code Root Scanning (ms): Min: 0.1, Avg: 0.1, Max: 0.1, Diff: 0.0, Sum: 0.2]
      [Object Copy (ms): Min: 97.1, Avg: 97.3, Max: 97.4, Diff: 0.3, Sum: 194.6]
      [Termination (ms): Min: 0.0, Avg: 0.0, Max: 0.0, Diff: 0.0, Sum: 0.0]
      [GC Worker Other (ms): Min: 0.1, Avg: 0.2, Max: 0.2, Diff: 0.0, Sum: 0.3]
      [GC Worker Total (ms): Min: 225.0, Avg: 225.0, Max: 225.0, Diff: 0.0, Sum: 450.0]
      [GC Worker End (ms): Min: 9646682.6, Avg: 9646682.6, Max: 9646682.6, Diff: 0.0]
   [Code Root Fixup: 0.4 ms]
   [Code Root Migration: 0.0 ms]
   [Clear CT: 0.6 ms]
   [Other: 13.7 ms]
      [Choose CSet: 0.0 ms]
      [Ref Proc: 9.4 ms]
      [Ref Enq: 0.2 ms]
      [Free CSet: 0.6 ms]
   [Eden: 222.0M(222.0M)->0.0B(220.0M) Survivors: 56.0M->24.0M Heap: 1909.0M(4096.0M)->1702.0M(4096.0M)]
 [Times: user=0.37 sys=0.00, real=0.24 secs] 
2016-08-30T16:16:43.209+0200: 9653.344: [GC pause (young), 0.1674330 secs]
   [Parallel Time: 159.8 ms, GC Workers: 2]
      [GC Worker Start (ms): Min: 9653345.3, Avg: 9653345.3, Max: 9653345.3, Diff: 0.0]
      [Ext Root Scanning (ms): Min: 49.8, Avg: 52.2, Max: 54.6, Diff: 4.8, Sum: 104.3]
      [Update RS (ms): Min: 49.5, Avg: 52.1, Max: 54.7, Diff: 5.2, Sum: 104.1]
         [Processed Buffers: Min: 413, Avg: 448.5, Max: 484, Diff: 71, Sum: 897]
      [Scan RS (ms): Min: 7.6, Avg: 7.7, Max: 7.7, Diff: 0.0, Sum: 15.3]
      [Code Root Scanning (ms): Min: 0.1, Avg: 0.1, Max: 0.1, Diff: 0.0, Sum: 0.2]
      [Object Copy (ms): Min: 47.3, Avg: 47.5, Max: 47.8, Diff: 0.5, Sum: 95.1]
      [Termination (ms): Min: 0.0, Avg: 0.0, Max: 0.0, Diff: 0.0, Sum: 0.0]
      [GC Worker Other (ms): Min: 0.1, Avg: 0.1, Max: 0.2, Diff: 0.0, Sum: 0.3]
      [GC Worker Total (ms): Min: 159.7, Avg: 159.7, Max: 159.7, Diff: 0.0, Sum: 319.3]
      [GC Worker End (ms): Min: 9653505.0, Avg: 9653505.0, Max: 9653505.0, Diff: 0.0]
   [Code Root Fixup: 0.5 ms]
   [Code Root Migration: 0.0 ms]
   [Clear CT: 0.5 ms]
   [Other: 6.6 ms]
      [Choose CSet: 0.0 ms]
      [Ref Proc: 2.7 ms]
      [Ref Enq: 0.2 ms]
      [Free CSet: 0.5 ms]
   [Eden: 220.0M(220.0M)->0.0B(238.0M) Survivors: 24.0M->28.0M Heap: 1922.0M(4096.0M)->1727.0M(4096.0M)]
 [Times: user=0.33 sys=0.00, real=0.17 secs] 
2016-08-30T16:16:51.599+0200: 9661.733: [GC pause (young), 0.1626530 secs]
   [Parallel Time: 154.2 ms, GC Workers: 2]
      [GC Worker Start (ms): Min: 9661734.6, Avg: 9661735.7, Max: 9661736.8, Diff: 2.1]
      [Ext Root Scanning (ms): Min: 50.0, Avg: 50.5, Max: 51.0, Diff: 1.1, Sum: 101.0]
      [Update RS (ms): Min: 47.9, Avg: 48.0, Max: 48.0, Diff: 0.1, Sum: 96.0]
         [Processed Buffers: Min: 408, Avg: 455.0, Max: 502, Diff: 94, Sum: 910]
      [Scan RS (ms): Min: 8.4, Avg: 8.5, Max: 8.5, Diff: 0.1, Sum: 16.9]
      [Code Root Scanning (ms): Min: 0.1, Avg: 0.1, Max: 0.1, Diff: 0.0, Sum: 0.2]
      [Object Copy (ms): Min: 45.4, Avg: 45.9, Max: 46.4, Diff: 1.0, Sum: 91.8]
      [Termination (ms): Min: 0.0, Avg: 0.0, Max: 0.0, Diff: 0.0, Sum: 0.0]
      [GC Worker Other (ms): Min: 0.1, Avg: 0.2, Max: 0.2, Diff: 0.0, Sum: 0.3]
      [GC Worker Total (ms): Min: 152.0, Avg: 153.1, Max: 154.1, Diff: 2.1, Sum: 306.2]
      [GC Worker End (ms): Min: 9661888.8, Avg: 9661888.8, Max: 9661888.8, Diff: 0.0]
   [Code Root Fixup: 0.5 ms]
   [Code Root Migration: 0.0 ms]
   [Clear CT: 0.6 ms]
   [Other: 7.3 ms]
      [Choose CSet: 0.0 ms]
      [Ref Proc: 3.4 ms]
      [Ref Enq: 0.2 ms]
      [Free CSet: 0.6 ms]
   [Eden: 238.0M(238.0M)->0.0B(382.0M) Survivors: 28.0M->20.0M Heap: 1965.0M(4096.0M)->1744.0M(4096.0M)]
 [Times: user=0.31 sys=0.00, real=0.17 secs] 
2016-08-30T16:17:03.599+0200: 9673.733: [GC pause (young), 0.1745860 secs]
   [Parallel Time: 164.6 ms, GC Workers: 2]
      [GC Worker Start (ms): Min: 9673734.9, Avg: 9673735.0, Max: 9673735.0, Diff: 0.1]
      [Ext Root Scanning (ms): Min: 55.1, Avg: 55.5, Max: 55.9, Diff: 0.8, Sum: 111.0]
      [Update RS (ms): Min: 51.5, Avg: 51.7, Max: 51.8, Diff: 0.3, Sum: 103.3]
         [Processed Buffers: Min: 452, Avg: 477.5, Max: 503, Diff: 51, Sum: 955]
      [Scan RS (ms): Min: 9.4, Avg: 9.9, Max: 10.4, Diff: 1.0, Sum: 19.8]
      [Code Root Scanning (ms): Min: 0.1, Avg: 0.1, Max: 0.2, Diff: 0.1, Sum: 0.3]
      [Object Copy (ms): Min: 47.0, Avg: 47.1, Max: 47.2, Diff: 0.2, Sum: 94.2]
      [Termination (ms): Min: 0.0, Avg: 0.0, Max: 0.0, Diff: 0.0, Sum: 0.0]
      [GC Worker Other (ms): Min: 0.1, Avg: 0.2, Max: 0.2, Diff: 0.0, Sum: 0.3]
      [GC Worker Total (ms): Min: 164.4, Avg: 164.4, Max: 164.5, Diff: 0.1, Sum: 328.9]
      [GC Worker End (ms): Min: 9673899.4, Avg: 9673899.4, Max: 9673899.4, Diff: 0.0]
   [Code Root Fixup: 0.5 ms]
   [Code Root Migration: 0.1 ms]
   [Clear CT: 0.6 ms]
   [Other: 8.9 ms]
      [Choose CSet: 0.0 ms]
      [Ref Proc: 4.4 ms]
      [Ref Enq: 0.3 ms]
      [Free CSet: 1.0 ms]
   [Eden: 326.0M(274.0M)->0.0B(296.0M) Survivors: 20.0M->38.0M Heap: 2070.0M(4096.0M)->1763.0M(4096.0M)]
 [Times: user=0.33 sys=0.00, real=0.18 secs] 
2016-08-30T16:17:08.760+0200: 9678.894: [GC pause (young), 0.1648920 secs]
   [Parallel Time: 156.8 ms, GC Workers: 2]
      [GC Worker Start (ms): Min: 9678895.5, Avg: 9678895.5, Max: 9678895.5, Diff: 0.0]
      [Ext Root Scanning (ms): Min: 50.8, Avg: 52.1, Max: 53.4, Diff: 2.7, Sum: 104.2]
      [Update RS (ms): Min: 35.5, Avg: 37.0, Max: 38.5, Diff: 3.0, Sum: 74.0]
         [Processed Buffers: Min: 306, Avg: 337.5, Max: 369, Diff: 63, Sum: 675]
      [Scan RS (ms): Min: 13.2, Avg: 13.3, Max: 13.3, Diff: 0.1, Sum: 26.5]
      [Code Root Scanning (ms): Min: 0.1, Avg: 0.1, Max: 0.1, Diff: 0.0, Sum: 0.1]
      [Object Copy (ms): Min: 54.1, Avg: 54.2, Max: 54.4, Diff: 0.4, Sum: 108.5]
      [Termination (ms): Min: 0.0, Avg: 0.0, Max: 0.0, Diff: 0.0, Sum: 0.0]
      [GC Worker Other (ms): Min: 0.1, Avg: 0.1, Max: 0.1, Diff: 0.1, Sum: 0.2]
      [GC Worker Total (ms): Min: 156.7, Avg: 156.7, Max: 156.8, Diff: 0.0, Sum: 313.5]
      [GC Worker End (ms): Min: 9679052.3, Avg: 9679052.3, Max: 9679052.3, Diff: 0.0]
   [Code Root Fixup: 0.6 ms]
   [Code Root Migration: 0.0 ms]
   [Clear CT: 0.6 ms]
   [Other: 6.8 ms]
      [Choose CSet: 0.0 ms]
      [Ref Proc: 3.1 ms]
      [Ref Enq: 0.2 ms]
      [Free CSet: 0.5 ms]
   [Eden: 166.0M(166.0M)->0.0B(436.0M) Survivors: 38.0M->16.0M Heap: 1929.0M(4096.0M)->1774.0M(4096.0M)]
 [Times: user=0.31 sys=0.01, real=0.17 secs] 
2016-08-30T16:17:24.924+0200: 9695.059: [GC pause (young), 0.1901980 secs]
   [Parallel Time: 177.5 ms, GC Workers: 2]
      [GC Worker Start (ms): Min: 9695060.9, Avg: 9695060.9, Max: 9695060.9, Diff: 0.0]
      [Ext Root Scanning (ms): Min: 51.9, Avg: 52.7, Max: 53.5, Diff: 1.6, Sum: 105.4]
      [Update RS (ms): Min: 68.6, Avg: 69.5, Max: 70.4, Diff: 1.8, Sum: 138.9]
         [Processed Buffers: Min: 495, Avg: 516.5, Max: 538, Diff: 43, Sum: 1033]
      [Scan RS (ms): Min: 7.4, Avg: 7.8, Max: 8.1, Diff: 0.7, Sum: 15.5]
      [Code Root Scanning (ms): Min: 0.1, Avg: 0.1, Max: 0.2, Diff: 0.1, Sum: 0.2]
      [Object Copy (ms): Min: 46.9, Avg: 47.2, Max: 47.5, Diff: 0.5, Sum: 94.4]
      [Termination (ms): Min: 0.0, Avg: 0.0, Max: 0.0, Diff: 0.0, Sum: 0.0]
      [GC Worker Other (ms): Min: 0.2, Avg: 0.2, Max: 0.2, Diff: 0.0, Sum: 0.3]
      [GC Worker Total (ms): Min: 177.4, Avg: 177.4, Max: 177.4, Diff: 0.0, Sum: 354.8]
      [GC Worker End (ms): Min: 9695238.3, Avg: 9695238.3, Max: 9695238.3, Diff: 0.0]
   [Code Root Fixup: 0.5 ms]
   [Code Root Migration: 0.1 ms]
   [Clear CT: 0.5 ms]
   [Other: 11.7 ms]
      [Choose CSet: 0.0 ms]
      [Ref Proc: 7.0 ms]
      [Ref Enq: 0.5 ms]
      [Free CSet: 0.9 ms]
   [Eden: 436.0M(436.0M)->0.0B(232.0M) Survivors: 16.0M->52.0M Heap: 2210.0M(4096.0M)->1809.0M(4096.0M)]
 [Times: user=0.37 sys=0.00, real=0.19 secs] 
2016-08-30T16:17:28.882+0200: 9699.017: [GC pause (young), 0.2452280 secs]
   [Parallel Time: 239.9 ms, GC Workers: 2]
      [GC Worker Start (ms): Min: 9699018.4, Avg: 9699018.4, Max: 9699018.4, Diff: 0.0]
      [Ext Root Scanning (ms): Min: 67.3, Avg: 83.9, Max: 100.6, Diff: 33.3, Sum: 167.9]
      [Update RS (ms): Min: 41.4, Avg: 56.4, Max: 71.3, Diff: 29.8, Sum: 112.7]
         [Processed Buffers: Min: 206, Avg: 323.0, Max: 440, Diff: 234, Sum: 646]
      [Scan RS (ms): Min: 27.0, Avg: 28.3, Max: 29.7, Diff: 2.7, Sum: 56.7]
      [Code Root Scanning (ms): Min: 0.0, Avg: 0.1, Max: 0.1, Diff: 0.1, Sum: 0.1]
      [Object Copy (ms): Min: 70.5, Avg: 71.0, Max: 71.4, Diff: 0.9, Sum: 142.0]
      [Termination (ms): Min: 0.0, Avg: 0.1, Max: 0.1, Diff: 0.1, Sum: 0.1]
      [GC Worker Other (ms): Min: 0.0, Avg: 0.1, Max: 0.1, Diff: 0.1, Sum: 0.1]
      [GC Worker Total (ms): Min: 239.8, Avg: 239.8, Max: 239.8, Diff: 0.0, Sum: 479.6]
      [GC Worker End (ms): Min: 9699258.2, Avg: 9699258.2, Max: 9699258.2, Diff: 0.1]
   [Code Root Fixup: 0.3 ms]
   [Code Root Migration: 0.0 ms]
   [Clear CT: 0.5 ms]
   [Other: 4.5 ms]
      [Choose CSet: 0.0 ms]
      [Ref Proc: 1.4 ms]
      [Ref Enq: 0.1 ms]
      [Free CSet: 0.4 ms]
   [Eden: 152.0M(152.0M)->0.0B(188.0M) Survivors: 52.0M->16.0M Heap: 1961.0M(4096.0M)->1818.0M(4096.0M)]
 [Times: user=0.28 sys=0.00, real=0.25 secs] 
2016-08-30T16:17:34.587+0200: 9704.722: [GC pause (young), 0.1429620 secs]
   [Parallel Time: 135.4 ms, GC Workers: 2]
      [GC Worker Start (ms): Min: 9704723.8, Avg: 9704723.8, Max: 9704723.8, Diff: 0.0]
      [Ext Root Scanning (ms): Min: 50.9, Avg: 51.2, Max: 51.4, Diff: 0.6, Sum: 102.3]
      [Update RS (ms): Min: 41.8, Avg: 42.5, Max: 43.2, Diff: 1.4, Sum: 85.0]
         [Processed Buffers: Min: 432, Avg: 448.0, Max: 464, Diff: 32, Sum: 896]
      [Scan RS (ms): Min: 5.4, Avg: 6.1, Max: 6.8, Diff: 1.4, Sum: 12.2]
      [Code Root Scanning (ms): Min: 0.0, Avg: 0.1, Max: 0.1, Diff: 0.1, Sum: 0.1]
      [Object Copy (ms): Min: 35.2, Avg: 35.4, Max: 35.7, Diff: 0.4, Sum: 70.9]
      [Termination (ms): Min: 0.0, Avg: 0.0, Max: 0.0, Diff: 0.0, Sum: 0.0]
      [GC Worker Other (ms): Min: 0.1, Avg: 0.1, Max: 0.1, Diff: 0.0, Sum: 0.2]
      [GC Worker Total (ms): Min: 135.3, Avg: 135.4, Max: 135.4, Diff: 0.0, Sum: 270.7]
      [GC Worker End (ms): Min: 9704859.1, Avg: 9704859.1, Max: 9704859.1, Diff: 0.0]
   [Code Root Fixup: 0.5 ms]
   [Code Root Migration: 0.0 ms]
   [Clear CT: 0.5 ms]
   [Other: 6.6 ms]
      [Choose CSet: 0.0 ms]
      [Ref Proc: 2.7 ms]
      [Ref Enq: 0.2 ms]
      [Free CSet: 0.5 ms]
   [Eden: 188.0M(188.0M)->0.0B(288.0M) Survivors: 16.0M->18.0M Heap: 2006.0M(4096.0M)->1835.0M(4096.0M)]
 [Times: user=0.28 sys=0.00, real=0.15 secs] 
2016-08-30T16:17:44.777+0200: 9714.912: [GC pause (young), 0.1605860 secs]
   [Parallel Time: 153.9 ms, GC Workers: 2]
      [GC Worker Start (ms): Min: 9714913.4, Avg: 9714913.4, Max: 9714913.4, Diff: 0.0]
      [Ext Root Scanning (ms): Min: 47.9, Avg: 48.2, Max: 48.4, Diff: 0.5, Sum: 96.4]
      [Update RS (ms): Min: 52.8, Avg: 53.2, Max: 53.6, Diff: 0.8, Sum: 106.4]
         [Processed Buffers: Min: 508, Avg: 520.0, Max: 532, Diff: 24, Sum: 1040]
      [Scan RS (ms): Min: 7.5, Avg: 7.6, Max: 7.6, Diff: 0.0, Sum: 15.1]
      [Code Root Scanning (ms): Min: 0.1, Avg: 0.1, Max: 0.1, Diff: 0.0, Sum: 0.2]
      [Object Copy (ms): Min: 44.5, Avg: 44.7, Max: 44.8, Diff: 0.3, Sum: 89.3]
      [Termination (ms): Min: 0.0, Avg: 0.0, Max: 0.0, Diff: 0.0, Sum: 0.0]
      [GC Worker Other (ms): Min: 0.1, Avg: 0.1, Max: 0.2, Diff: 0.1, Sum: 0.3]
      [GC Worker Total (ms): Min: 153.8, Avg: 153.8, Max: 153.8, Diff: 0.0, Sum: 307.6]
      [GC Worker End (ms): Min: 9715067.2, Avg: 9715067.2, Max: 9715067.2, Diff: 0.0]
   [Code Root Fixup: 0.3 ms]
   [Code Root Migration: 0.0 ms]
   [Clear CT: 0.4 ms]
   [Other: 6.0 ms]
      [Choose CSet: 0.0 ms]
      [Ref Proc: 2.4 ms]
      [Ref Enq: 0.2 ms]
      [Free CSet: 0.6 ms]
   [Eden: 288.0M(288.0M)->0.0B(204.0M) Survivors: 18.0M->40.0M Heap: 2123.0M(4096.0M)->1864.0M(4096.0M)]
 [Times: user=0.31 sys=0.00, real=0.16 secs] 
2016-08-30T16:17:49.484+0200: 9719.618: [GC pause (young), 0.1678910 secs]
   [Parallel Time: 160.6 ms, GC Workers: 2]
      [GC Worker Start (ms): Min: 9719619.9, Avg: 9719619.9, Max: 9719619.9, Diff: 0.0]
      [Ext Root Scanning (ms): Min: 57.4, Avg: 62.0, Max: 66.5, Diff: 9.1, Sum: 124.0]
      [Update RS (ms): Min: 33.6, Avg: 38.1, Max: 42.5, Diff: 8.9, Sum: 76.1]
         [Processed Buffers: Min: 373, Avg: 412.5, Max: 452, Diff: 79, Sum: 825]
      [Scan RS (ms): Min: 10.6, Avg: 11.3, Max: 12.0, Diff: 1.4, Sum: 22.5]
      [Code Root Scanning (ms): Min: 0.0, Avg: 0.1, Max: 0.1, Diff: 0.1, Sum: 0.1]
      [Object Copy (ms): Min: 48.4, Avg: 49.1, Max: 49.8, Diff: 1.4, Sum: 98.2]
      [Termination (ms): Min: 0.0, Avg: 0.0, Max: 0.0, Diff: 0.0, Sum: 0.0]
      [GC Worker Other (ms): Min: 0.1, Avg: 0.1, Max: 0.1, Diff: 0.1, Sum: 0.2]
      [GC Worker Total (ms): Min: 160.6, Avg: 160.6, Max: 160.6, Diff: 0.0, Sum: 321.1]
      [GC Worker End (ms): Min: 9719780.4, Avg: 9719780.4, Max: 9719780.4, Diff: 0.0]
   [Code Root Fixup: 0.4 ms]
   [Code Root Migration: 0.0 ms]
   [Clear CT: 0.6 ms]
   [Other: 6.2 ms]
      [Choose CSet: 0.0 ms]
      [Ref Proc: 2.3 ms]
      [Ref Enq: 0.2 ms]
      [Free CSet: 0.5 ms]
   [Eden: 164.0M(164.0M)->0.0B(346.0M) Survivors: 40.0M->14.0M Heap: 2028.0M(4096.0M)->1878.0M(4096.0M)]
 [Times: user=0.30 sys=0.00, real=0.17 secs] 
2016-08-30T16:18:01.032+0200: 9731.166: [GC pause (young) (initial-mark), 0.2265520 secs]
   [Parallel Time: 213.1 ms, GC Workers: 2]
      [GC Worker Start (ms): Min: 9731171.3, Avg: 9731171.3, Max: 9731171.3, Diff: 0.0]
      [Ext Root Scanning (ms): Min: 70.5, Avg: 84.2, Max: 97.8, Diff: 27.2, Sum: 168.3]
      [Code Root Marking (ms): Min: 0.6, Avg: 13.4, Max: 26.3, Diff: 25.6, Sum: 26.9]
      [Update RS (ms): Min: 51.6, Avg: 51.7, Max: 51.8, Diff: 0.2, Sum: 103.4]
         [Processed Buffers: Min: 405, Avg: 481.5, Max: 558, Diff: 153, Sum: 963]
      [Scan RS (ms): Min: 6.2, Avg: 6.3, Max: 6.4, Diff: 0.2, Sum: 12.6]
      [Code Root Scanning (ms): Min: 0.1, Avg: 0.1, Max: 0.1, Diff: 0.0, Sum: 0.2]
      [Object Copy (ms): Min: 56.2, Avg: 57.0, Max: 57.9, Diff: 1.7, Sum: 114.1]
      [Termination (ms): Min: 0.0, Avg: 0.0, Max: 0.0, Diff: 0.0, Sum: 0.0]
      [GC Worker Other (ms): Min: 0.2, Avg: 0.2, Max: 0.2, Diff: 0.0, Sum: 0.3]
      [GC Worker Total (ms): Min: 212.9, Avg: 212.9, Max: 212.9, Diff: 0.0, Sum: 425.9]
      [GC Worker End (ms): Min: 9731384.2, Avg: 9731384.2, Max: 9731384.2, Diff: 0.0]
   [Code Root Fixup: 0.5 ms]
   [Code Root Migration: 0.0 ms]
   [Clear CT: 0.5 ms]
   [Other: 12.5 ms]
      [Choose CSet: 0.0 ms]
      [Ref Proc: 4.5 ms]
      [Ref Enq: 0.3 ms]
      [Free CSet: 0.7 ms]
   [Eden: 346.0M(346.0M)->0.0B(158.0M) Survivors: 14.0M->46.0M Heap: 2224.0M(4096.0M)->1909.0M(4096.0M)]
 [Times: user=0.38 sys=0.01, real=0.23 secs] 
2016-08-30T16:18:01.259+0200: 9731.393: [GC concurrent-root-region-scan-start]
2016-08-30T16:18:01.312+0200: 9731.446: [GC concurrent-root-region-scan-end, 0.0529810 secs]
2016-08-30T16:18:01.312+0200: 9731.446: [GC concurrent-mark-start]
2016-08-30T16:18:02.546+0200: 9732.680: [GC concurrent-mark-end, 1.2341710 secs]
2016-08-30T16:18:02.571+0200: 9732.705: [GC remark 2016-08-30T16:18:02.574+0200: 9732.708: [GC ref-proc, 0.0894400 secs], 0.1118850 secs]
 [Times: user=0.13 sys=0.00, real=0.12 secs] 
2016-08-30T16:18:02.690+0200: 9732.824: [GC cleanup 1957M->1891M(4096M), 0.0387960 secs]
 [Times: user=0.08 sys=0.00, real=0.04 secs] 
2016-08-30T16:18:02.730+0200: 9732.864: [GC concurrent-cleanup-start]
2016-08-30T16:18:02.730+0200: 9732.864: [GC concurrent-cleanup-end, 0.0002270 secs]
2016-08-30T16:18:07.286+0200: 9737.421: [GC pause (young), 0.1693280 secs]
   [Parallel Time: 164.0 ms, GC Workers: 2]
      [GC Worker Start (ms): Min: 9737422.3, Avg: 9737422.3, Max: 9737422.3, Diff: 0.0]
      [Ext Root Scanning (ms): Min: 56.6, Avg: 58.3, Max: 60.1, Diff: 3.5, Sum: 116.6]
      [Update RS (ms): Min: 43.3, Avg: 43.7, Max: 44.2, Diff: 0.9, Sum: 87.5]
         [Processed Buffers: Min: 329, Avg: 334.0, Max: 339, Diff: 10, Sum: 668]
      [Scan RS (ms): Min: 14.1, Avg: 14.2, Max: 14.3, Diff: 0.2, Sum: 28.5]
      [Code Root Scanning (ms): Min: 0.0, Avg: 0.1, Max: 0.1, Diff: 0.1, Sum: 0.1]
      [Object Copy (ms): Min: 45.9, Avg: 47.3, Max: 48.7, Diff: 2.8, Sum: 94.6]
      [Termination (ms): Min: 0.0, Avg: 0.0, Max: 0.0, Diff: 0.0, Sum: 0.0]
      [GC Worker Other (ms): Min: 0.1, Avg: 0.1, Max: 0.2, Diff: 0.2, Sum: 0.3]
      [GC Worker Total (ms): Min: 163.7, Avg: 163.8, Max: 163.9, Diff: 0.1, Sum: 327.6]
      [GC Worker End (ms): Min: 9737586.0, Avg: 9737586.1, Max: 9737586.2, Diff: 0.2]
   [Code Root Fixup: 0.2 ms]
   [Code Root Migration: 0.0 ms]
   [Clear CT: 0.5 ms]
   [Other: 4.6 ms]
      [Choose CSet: 0.0 ms]
      [Ref Proc: 1.3 ms]
      [Ref Enq: 0.1 ms]
      [Free CSet: 0.4 ms]
   [Eden: 158.0M(158.0M)->0.0B(188.0M) Survivors: 46.0M->16.0M Heap: 2001.0M(4096.0M)->1849.0M(4096.0M)]
 [Times: user=0.29 sys=0.01, real=0.17 secs] 
2016-08-30T16:18:12.607+0200: 9742.742: [GC pause (mixed), 0.1658950 secs]
   [Parallel Time: 157.4 ms, GC Workers: 2]
      [GC Worker Start (ms): Min: 9742743.6, Avg: 9742743.6, Max: 9742743.7, Diff: 0.0]
      [Ext Root Scanning (ms): Min: 51.7, Avg: 51.8, Max: 51.9, Diff: 0.2, Sum: 103.5]
      [Update RS (ms): Min: 41.0, Avg: 41.1, Max: 41.2, Diff: 0.2, Sum: 82.2]
         [Processed Buffers: Min: 395, Avg: 424.0, Max: 453, Diff: 58, Sum: 848]
      [Scan RS (ms): Min: 19.6, Avg: 19.8, Max: 20.0, Diff: 0.4, Sum: 39.6]
      [Code Root Scanning (ms): Min: 0.1, Avg: 0.1, Max: 0.2, Diff: 0.1, Sum: 0.3]
      [Object Copy (ms): Min: 44.3, Avg: 44.4, Max: 44.5, Diff: 0.1, Sum: 88.8]
      [Termination (ms): Min: 0.0, Avg: 0.0, Max: 0.0, Diff: 0.0, Sum: 0.0]
      [GC Worker Other (ms): Min: 0.1, Avg: 0.1, Max: 0.1, Diff: 0.1, Sum: 0.2]
      [GC Worker Total (ms): Min: 157.3, Avg: 157.3, Max: 157.3, Diff: 0.0, Sum: 314.6]
      [GC Worker End (ms): Min: 9742900.9, Avg: 9742900.9, Max: 9742900.9, Diff: 0.0]
   [Code Root Fixup: 0.5 ms]
   [Code Root Migration: 0.1 ms]
   [Clear CT: 0.8 ms]
   [Other: 7.3 ms]
      [Choose CSet: 0.1 ms]
      [Ref Proc: 2.3 ms]
      [Ref Enq: 0.2 ms]
      [Free CSet: 1.3 ms]
   [Eden: 188.0M(188.0M)->0.0B(178.0M) Survivors: 16.0M->26.0M Heap: 2037.0M(4096.0M)->1672.0M(4096.0M)]
 [Times: user=0.32 sys=0.00, real=0.17 secs] 
2016-08-30T16:18:17.929+0200: 9748.063: [GC pause (mixed), 0.3122010 secs]
   [Parallel Time: 306.7 ms, GC Workers: 2]
      [GC Worker Start (ms): Min: 9748064.5, Avg: 9748064.5, Max: 9748064.5, Diff: 0.0]
      [Ext Root Scanning (ms): Min: 66.9, Avg: 69.8, Max: 72.6, Diff: 5.7, Sum: 139.6]
      [Update RS (ms): Min: 65.1, Avg: 66.6, Max: 68.1, Diff: 3.0, Sum: 133.2]
         [Processed Buffers: Min: 411, Avg: 418.0, Max: 425, Diff: 14, Sum: 836]
      [Scan RS (ms): Min: 53.9, Avg: 53.9, Max: 53.9, Diff: 0.0, Sum: 107.9]
      [Code Root Scanning (ms): Min: 0.1, Avg: 0.1, Max: 0.1, Diff: 0.0, Sum: 0.2]
      [Object Copy (ms): Min: 106.3, Avg: 113.4, Max: 120.5, Diff: 14.1, Sum: 226.8]
      [Termination (ms): Min: 0.0, Avg: 2.7, Max: 5.4, Diff: 5.4, Sum: 5.4]
      [GC Worker Other (ms): Min: 0.1, Avg: 0.1, Max: 0.1, Diff: 0.0, Sum: 0.2]
      [GC Worker Total (ms): Min: 306.6, Avg: 306.6, Max: 306.6, Diff: 0.0, Sum: 613.3]
      [GC Worker End (ms): Min: 9748371.1, Avg: 9748371.1, Max: 9748371.1, Diff: 0.0]
   [Code Root Fixup: 0.3 ms]
   [Code Root Migration: 0.0 ms]
   [Clear CT: 0.5 ms]
   [Other: 4.7 ms]
      [Choose CSet: 0.2 ms]
      [Ref Proc: 1.3 ms]
      [Ref Enq: 0.1 ms]
      [Free CSet: 0.9 ms]
   [Eden: 178.0M(178.0M)->0.0B(184.0M) Survivors: 26.0M->20.0M Heap: 1850.0M(4096.0M)->1516.0M(4096.0M)]
 [Times: user=0.28 sys=0.00, real=0.31 secs] 
2016-08-30T16:18:23.813+0200: 9753.948: [GC pause (mixed), 0.2677400 secs]
   [Parallel Time: 257.7 ms, GC Workers: 2]
      [GC Worker Start (ms): Min: 9753950.1, Avg: 9753950.1, Max: 9753950.2, Diff: 0.0]
      [Ext Root Scanning (ms): Min: 50.5, Avg: 58.5, Max: 66.5, Diff: 16.0, Sum: 117.0]
      [Update RS (ms): Min: 32.2, Avg: 41.3, Max: 50.5, Diff: 18.3, Sum: 82.7]
         [Processed Buffers: Min: 293, Avg: 423.0, Max: 553, Diff: 260, Sum: 846]
      [Scan RS (ms): Min: 62.5, Avg: 62.7, Max: 62.9, Diff: 0.4, Sum: 125.4]
      [Code Root Scanning (ms): Min: 0.1, Avg: 0.1, Max: 0.2, Diff: 0.1, Sum: 0.3]
      [Object Copy (ms): Min: 93.9, Avg: 94.8, Max: 95.6, Diff: 1.7, Sum: 189.6]
      [Termination (ms): Min: 0.0, Avg: 0.0, Max: 0.0, Diff: 0.0, Sum: 0.0]
      [GC Worker Other (ms): Min: 0.1, Avg: 0.2, Max: 0.2, Diff: 0.0, Sum: 0.3]
      [GC Worker Total (ms): Min: 257.6, Avg: 257.6, Max: 257.7, Diff: 0.0, Sum: 515.3]
      [GC Worker End (ms): Min: 9754207.8, Avg: 9754207.8, Max: 9754207.8, Diff: 0.0]
   [Code Root Fixup: 0.5 ms]
   [Code Root Migration: 0.1 ms]
   [Clear CT: 0.7 ms]
   [Other: 8.8 ms]
      [Choose CSet: 0.7 ms]
      [Ref Proc: 2.3 ms]
      [Ref Enq: 0.2 ms]
      [Free CSet: 1.7 ms]
   [Eden: 184.0M(184.0M)->0.0B(184.0M) Survivors: 20.0M->20.0M Heap: 1700.0M(4096.0M)->1371.0M(4096.0M)]
 [Times: user=0.52 sys=0.00, real=0.27 secs] 
2016-08-30T16:18:29.210+0200: 9759.344: [GC pause (mixed), 0.2736830 secs]
   [Parallel Time: 265.3 ms, GC Workers: 2]
      [GC Worker Start (ms): Min: 9759347.0, Avg: 9759347.0, Max: 9759347.0, Diff: 0.0]
      [Ext Root Scanning (ms): Min: 52.9, Avg: 53.7, Max: 54.4, Diff: 1.4, Sum: 107.3]
      [Update RS (ms): Min: 32.8, Avg: 33.7, Max: 34.6, Diff: 1.8, Sum: 67.4]
         [Processed Buffers: Min: 389, Avg: 398.0, Max: 407, Diff: 18, Sum: 796]
      [Scan RS (ms): Min: 78.0, Avg: 78.2, Max: 78.5, Diff: 0.5, Sum: 156.5]
      [Code Root Scanning (ms): Min: 0.1, Avg: 0.1, Max: 0.2, Diff: 0.1, Sum: 0.3]
      [Object Copy (ms): Min: 99.2, Avg: 99.3, Max: 99.5, Diff: 0.4, Sum: 198.7]
      [Termination (ms): Min: 0.0, Avg: 0.0, Max: 0.0, Diff: 0.0, Sum: 0.0]
      [GC Worker Other (ms): Min: 0.1, Avg: 0.1, Max: 0.1, Diff: 0.0, Sum: 0.3]
      [GC Worker Total (ms): Min: 265.2, Avg: 265.3, Max: 265.3, Diff: 0.0, Sum: 530.5]
      [GC Worker End (ms): Min: 9759612.3, Avg: 9759612.3, Max: 9759612.3, Diff: 0.0]
   [Code Root Fixup: 0.2 ms]
   [Code Root Migration: 0.1 ms]
   [Clear CT: 0.7 ms]
   [Other: 7.4 ms]
      [Choose CSet: 0.8 ms]
      [Ref Proc: 1.6 ms]
      [Ref Enq: 0.1 ms]
      [Free CSet: 1.4 ms]
   [Eden: 184.0M(184.0M)->0.0B(184.0M) Survivors: 20.0M->20.0M Heap: 1555.0M(4096.0M)->1246.0M(4096.0M)]
 [Times: user=0.53 sys=0.01, real=0.27 secs] 
2016-08-30T16:18:34.766+0200: 9764.901: [GC pause (mixed), 0.2401740 secs]
   [Parallel Time: 232.4 ms, GC Workers: 2]
      [GC Worker Start (ms): Min: 9764903.2, Avg: 9764903.7, Max: 9764904.3, Diff: 1.0]
      [Ext Root Scanning (ms): Min: 51.8, Avg: 51.9, Max: 52.1, Diff: 0.3, Sum: 103.9]
      [Update RS (ms): Min: 36.6, Avg: 36.6, Max: 36.7, Diff: 0.1, Sum: 73.2]
         [Processed Buffers: Min: 406, Avg: 422.0, Max: 438, Diff: 32, Sum: 844]
      [Scan RS (ms): Min: 86.2, Avg: 86.4, Max: 86.5, Diff: 0.3, Sum: 172.7]
      [Code Root Scanning (ms): Min: 0.1, Avg: 0.1, Max: 0.2, Diff: 0.0, Sum: 0.3]
      [Object Copy (ms): Min: 56.1, Avg: 56.7, Max: 57.2, Diff: 1.1, Sum: 113.4]
      [Termination (ms): Min: 0.0, Avg: 0.0, Max: 0.0, Diff: 0.0, Sum: 0.0]
      [GC Worker Other (ms): Min: 0.1, Avg: 0.1, Max: 0.1, Diff: 0.0, Sum: 0.3]
      [GC Worker Total (ms): Min: 231.3, Avg: 231.9, Max: 232.4, Diff: 1.0, Sum: 463.7]
      [GC Worker End (ms): Min: 9765135.6, Avg: 9765135.6, Max: 9765135.6, Diff: 0.0]
   [Code Root Fixup: 0.3 ms]
   [Code Root Migration: 0.1 ms]
   [Clear CT: 0.6 ms]
   [Other: 6.6 ms]
      [Choose CSet: 0.7 ms]
      [Ref Proc: 1.4 ms]
      [Ref Enq: 0.1 ms]
      [Free CSet: 1.1 ms]
   [Eden: 184.0M(184.0M)->0.0B(182.0M) Survivors: 20.0M->22.0M Heap: 1430.0M(4096.0M)->1187.0M(4096.0M)]
 [Times: user=0.47 sys=0.00, real=0.25 secs] 
2016-08-30T16:18:40.904+0200: 9771.039: [GC pause (young), 0.1606190 secs]
   [Parallel Time: 152.7 ms, GC Workers: 2]
      [GC Worker Start (ms): Min: 9771040.1, Avg: 9771040.1, Max: 9771040.1, Diff: 0.0]
      [Ext Root Scanning (ms): Min: 53.5, Avg: 55.0, Max: 56.5, Diff: 2.9, Sum: 110.0]
      [Update RS (ms): Min: 34.9, Avg: 37.4, Max: 39.8, Diff: 4.9, Sum: 74.8]
         [Processed Buffers: Min: 370, Avg: 371.5, Max: 373, Diff: 3, Sum: 743]
      [Scan RS (ms): Min: 6.6, Avg: 7.1, Max: 7.5, Diff: 0.9, Sum: 14.1]
      [Code Root Scanning (ms): Min: 0.1, Avg: 0.1, Max: 0.1, Diff: 0.0, Sum: 0.1]
      [Object Copy (ms): Min: 45.8, Avg: 46.3, Max: 46.8, Diff: 1.0, Sum: 92.7]
      [Termination (ms): Min: 0.0, Avg: 0.0, Max: 0.0, Diff: 0.0, Sum: 0.0]
      [GC Worker Other (ms): Min: 0.2, Avg: 3.4, Max: 6.7, Diff: 6.5, Sum: 6.8]
      [GC Worker Total (ms): Min: 146.0, Avg: 149.3, Max: 152.6, Diff: 6.5, Sum: 298.6]
      [GC Worker End (ms): Min: 9771186.1, Avg: 9771189.4, Max: 9771192.7, Diff: 6.5]
   [Code Root Fixup: 0.3 ms]
   [Code Root Migration: 0.0 ms]
   [Clear CT: 0.4 ms]
   [Other: 7.3 ms]
      [Choose CSet: 0.0 ms]
      [Ref Proc: 3.9 ms]
      [Ref Enq: 0.1 ms]
      [Free CSet: 0.5 ms]
   [Eden: 182.0M(182.0M)->0.0B(184.0M) Survivors: 22.0M->20.0M Heap: 1369.0M(4096.0M)->1204.0M(4096.0M)]
 [Times: user=0.28 sys=0.01, real=0.16 secs] 
2016-08-30T16:18:46.764+0200: 9776.899: [GC pause (young), 0.2616540 secs]
   [Parallel Time: 251.7 ms, GC Workers: 2]
      [GC Worker Start (ms): Min: 9776905.3, Avg: 9776905.4, Max: 9776905.4, Diff: 0.0]
      [Ext Root Scanning (ms): Min: 75.0, Avg: 81.3, Max: 87.6, Diff: 12.6, Sum: 162.6]
      [Update RS (ms): Min: 75.5, Avg: 80.5, Max: 85.5, Diff: 10.0, Sum: 161.0]
         [Processed Buffers: Min: 416, Avg: 451.5, Max: 487, Diff: 71, Sum: 903]
      [Scan RS (ms): Min: 11.5, Avg: 11.8, Max: 12.1, Diff: 0.5, Sum: 23.6]
      [Code Root Scanning (ms): Min: 0.0, Avg: 0.0, Max: 0.0, Diff: 0.0, Sum: 0.1]
      [Object Copy (ms): Min: 71.1, Avg: 71.1, Max: 71.2, Diff: 0.2, Sum: 142.3]
      [Termination (ms): Min: 0.0, Avg: 4.2, Max: 8.5, Diff: 8.5, Sum: 8.5]
      [GC Worker Other (ms): Min: 0.0, Avg: 0.1, Max: 0.1, Diff: 0.1, Sum: 0.2]
      [GC Worker Total (ms): Min: 246.6, Avg: 249.1, Max: 251.6, Diff: 5.0, Sum: 498.2]
      [GC Worker End (ms): Min: 9777152.0, Avg: 9777154.5, Max: 9777157.0, Diff: 5.0]
   [Code Root Fixup: 0.4 ms]
   [Code Root Migration: 0.0 ms]
   [Clear CT: 0.5 ms]
   [Other: 9.1 ms]
      [Choose CSet: 0.0 ms]
      [Ref Proc: 1.2 ms]
      [Ref Enq: 0.1 ms]
      [Free CSet: 0.3 ms]
   [Eden: 184.0M(184.0M)->0.0B(182.0M) Survivors: 20.0M->22.0M Heap: 1388.0M(4096.0M)->1223.0M(4096.0M)]
 [Times: user=0.17 sys=0.00, real=0.26 secs] 
2016-08-30T16:18:52.743+0200: 9782.877: [GC pause (young), 0.1455680 secs]
   [Parallel Time: 138.6 ms, GC Workers: 2]
      [GC Worker Start (ms): Min: 9782878.5, Avg: 9782879.1, Max: 9782879.8, Diff: 1.3]
      [Ext Root Scanning (ms): Min: 49.9, Avg: 50.3, Max: 50.6, Diff: 0.7, Sum: 100.6]
      [Update RS (ms): Min: 38.7, Avg: 39.8, Max: 40.8, Diff: 2.1, Sum: 79.5]
         [Processed Buffers: Min: 346, Avg: 385.0, Max: 424, Diff: 78, Sum: 770]
      [Scan RS (ms): Min: 7.4, Avg: 8.0, Max: 8.5, Diff: 1.1, Sum: 15.9]
      [Code Root Scanning (ms): Min: 0.1, Avg: 0.1, Max: 0.1, Diff: 0.0, Sum: 0.1]
      [Object Copy (ms): Min: 39.1, Avg: 39.7, Max: 40.2, Diff: 1.1, Sum: 79.3]
      [Termination (ms): Min: 0.0, Avg: 0.0, Max: 0.0, Diff: 0.0, Sum: 0.0]
      [GC Worker Other (ms): Min: 0.1, Avg: 0.1, Max: 0.1, Diff: 0.0, Sum: 0.3]
      [GC Worker Total (ms): Min: 137.2, Avg: 137.8, Max: 138.5, Diff: 1.3, Sum: 275.7]
      [GC Worker End (ms): Min: 9783017.0, Avg: 9783017.0, Max: 9783017.0, Diff: 0.0]
   [Code Root Fixup: 0.5 ms]
   [Code Root Migration: 0.0 ms]
   [Clear CT: 0.5 ms]
   [Other: 5.9 ms]
      [Choose CSet: 0.0 ms]
      [Ref Proc: 2.4 ms]
      [Ref Enq: 0.2 ms]
      [Free CSet: 0.5 ms]
   [Eden: 182.0M(182.0M)->0.0B(186.0M) Survivors: 22.0M->18.0M Heap: 1405.0M(4096.0M)->1239.0M(4096.0M)]
 [Times: user=0.28 sys=0.00, real=0.14 secs] 
2016-08-30T16:18:58.225+0200: 9788.360: [GC pause (young), 0.1455150 secs]
   [Parallel Time: 138.2 ms, GC Workers: 2]
      [GC Worker Start (ms): Min: 9788361.3, Avg: 9788361.4, Max: 9788361.4, Diff: 0.0]
      [Ext Root Scanning (ms): Min: 51.6, Avg: 51.9, Max: 52.2, Diff: 0.6, Sum: 103.8]
      [Update RS (ms): Min: 40.1, Avg: 40.4, Max: 40.6, Diff: 0.5, Sum: 80.7]
         [Processed Buffers: Min: 396, Avg: 402.5, Max: 409, Diff: 13, Sum: 805]
      [Scan RS (ms): Min: 7.0, Avg: 7.2, Max: 7.3, Diff: 0.3, Sum: 14.4]
      [Code Root Scanning (ms): Min: 0.1, Avg: 0.1, Max: 0.1, Diff: 0.0, Sum: 0.1]
      [Object Copy (ms): Min: 38.1, Avg: 38.3, Max: 38.5, Diff: 0.4, Sum: 76.6]
      [Termination (ms): Min: 0.0, Avg: 0.0, Max: 0.0, Diff: 0.0, Sum: 0.0]
      [GC Worker Other (ms): Min: 0.2, Avg: 0.4, Max: 0.6, Diff: 0.4, Sum: 0.7]
      [GC Worker Total (ms): Min: 138.1, Avg: 138.1, Max: 138.2, Diff: 0.0, Sum: 276.3]
      [GC Worker End (ms): Min: 9788499.5, Avg: 9788499.5, Max: 9788499.5, Diff: 0.0]
   [Code Root Fixup: 0.5 ms]
   [Code Root Migration: 0.1 ms]
   [Clear CT: 0.5 ms]
   [Other: 6.2 ms]
      [Choose CSet: 0.0 ms]
      [Ref Proc: 2.4 ms]
      [Ref Enq: 0.2 ms]
      [Free CSet: 0.5 ms]
   [Eden: 186.0M(186.0M)->0.0B(184.0M) Survivors: 18.0M->20.0M Heap: 1425.0M(4096.0M)->1257.0M(4096.0M)]
 [Times: user=0.28 sys=0.00, real=0.15 secs] 
2016-08-30T16:19:04.814+0200: 9794.948: [GC pause (young), 0.1422870 secs]
   [Parallel Time: 135.2 ms, GC Workers: 2]
      [GC Worker Start (ms): Min: 9794950.0, Avg: 9794950.0, Max: 9794950.0, Diff: 0.0]
      [Ext Root Scanning (ms): Min: 49.9, Avg: 50.1, Max: 50.2, Diff: 0.3, Sum: 100.1]
      [Update RS (ms): Min: 38.7, Avg: 38.7, Max: 38.7, Diff: 0.1, Sum: 77.4]
         [Processed Buffers: Min: 372, Avg: 392.0, Max: 412, Diff: 40, Sum: 784]
      [Scan RS (ms): Min: 6.7, Avg: 6.8, Max: 6.8, Diff: 0.2, Sum: 13.5]
      [Code Root Scanning (ms): Min: 0.1, Avg: 0.1, Max: 0.1, Diff: 0.0, Sum: 0.1]
      [Object Copy (ms): Min: 39.2, Avg: 39.4, Max: 39.7, Diff: 0.5, Sum: 78.8]
      [Termination (ms): Min: 0.0, Avg: 0.0, Max: 0.0, Diff: 0.0, Sum: 0.0]
      [GC Worker Other (ms): Min: 0.1, Avg: 0.2, Max: 0.2, Diff: 0.0, Sum: 0.3]
      [GC Worker Total (ms): Min: 135.1, Avg: 135.1, Max: 135.1, Diff: 0.0, Sum: 270.3]
      [GC Worker End (ms): Min: 9795085.1, Avg: 9795085.1, Max: 9795085.1, Diff: 0.0]
   [Code Root Fixup: 0.4 ms]
   [Code Root Migration: 0.0 ms]
   [Clear CT: 0.4 ms]
   [Other: 6.2 ms]
      [Choose CSet: 0.0 ms]
      [Ref Proc: 2.6 ms]
      [Ref Enq: 0.2 ms]
      [Free CSet: 0.5 ms]
   [Eden: 184.0M(184.0M)->0.0B(184.0M) Survivors: 20.0M->20.0M Heap: 1441.0M(4096.0M)->1275.0M(4096.0M)]
 [Times: user=0.28 sys=0.00, real=0.14 secs] 
2016-08-30T16:19:11.206+0200: 9801.341: [GC pause (young), 0.1478420 secs]
   [Parallel Time: 141.1 ms, GC Workers: 2]
      [GC Worker Start (ms): Min: 9801342.0, Avg: 9801342.0, Max: 9801342.1, Diff: 0.1]
      [Ext Root Scanning (ms): Min: 50.7, Avg: 52.1, Max: 53.4, Diff: 2.8, Sum: 104.1]
      [Update RS (ms): Min: 42.0, Avg: 43.3, Max: 44.7, Diff: 2.6, Sum: 86.7]
         [Processed Buffers: Min: 302, Avg: 371.0, Max: 440, Diff: 138, Sum: 742]
      [Scan RS (ms): Min: 6.7, Avg: 6.8, Max: 6.9, Diff: 0.2, Sum: 13.6]
      [Code Root Scanning (ms): Min: 0.1, Avg: 0.1, Max: 0.1, Diff: 0.0, Sum: 0.1]
      [Object Copy (ms): Min: 38.6, Avg: 38.6, Max: 38.6, Diff: 0.0, Sum: 77.2]
      [Termination (ms): Min: 0.0, Avg: 0.0, Max: 0.0, Diff: 0.0, Sum: 0.0]
      [GC Worker Other (ms): Min: 0.1, Avg: 0.2, Max: 0.2, Diff: 0.0, Sum: 0.3]
      [GC Worker Total (ms): Min: 141.0, Avg: 141.0, Max: 141.0, Diff: 0.1, Sum: 282.0]
      [GC Worker End (ms): Min: 9801483.0, Avg: 9801483.0, Max: 9801483.0, Diff: 0.0]
   [Code Root Fixup: 0.4 ms]
   [Code Root Migration: 0.0 ms]
   [Clear CT: 0.4 ms]
   [Other: 5.9 ms]
      [Choose CSet: 0.0 ms]
      [Ref Proc: 2.3 ms]
      [Ref Enq: 0.2 ms]
      [Free CSet: 0.5 ms]
   [Eden: 184.0M(184.0M)->0.0B(184.0M) Survivors: 20.0M->20.0M Heap: 1459.0M(4096.0M)->1291.0M(4096.0M)]
 [Times: user=0.29 sys=0.00, real=0.15 secs] 
2016-08-30T16:19:15.773+0200: 9805.907: [GC pause (young), 0.1501630 secs]
   [Parallel Time: 142.7 ms, GC Workers: 2]
      [GC Worker Start (ms): Min: 9805908.9, Avg: 9805908.9, Max: 9805908.9, Diff: 0.0]
      [Ext Root Scanning (ms): Min: 50.7, Avg: 51.1, Max: 51.5, Diff: 0.7, Sum: 102.2]
      [Update RS (ms): Min: 42.5, Avg: 43.0, Max: 43.5, Diff: 0.9, Sum: 86.0]
         [Processed Buffers: Min: 437, Avg: 461.0, Max: 485, Diff: 48, Sum: 922]
      [Scan RS (ms): Min: 6.5, Avg: 7.1, Max: 7.7, Diff: 1.2, Sum: 14.2]
      [Code Root Scanning (ms): Min: 0.1, Avg: 0.1, Max: 0.1, Diff: 0.0, Sum: 0.1]
      [Object Copy (ms): Min: 40.7, Avg: 41.2, Max: 41.6, Diff: 1.0, Sum: 82.3]
      [Termination (ms): Min: 0.0, Avg: 0.0, Max: 0.0, Diff: 0.0, Sum: 0.0]
      [GC Worker Other (ms): Min: 0.2, Avg: 0.2, Max: 0.2, Diff: 0.0, Sum: 0.3]
      [GC Worker Total (ms): Min: 142.6, Avg: 142.6, Max: 142.6, Diff: 0.0, Sum: 285.2]
      [GC Worker End (ms): Min: 9806051.5, Avg: 9806051.5, Max: 9806051.5, Diff: 0.0]
   [Code Root Fixup: 0.6 ms]
   [Code Root Migration: 0.1 ms]
   [Clear CT: 0.5 ms]
   [Other: 6.4 ms]
      [Choose CSet: 0.0 ms]
      [Ref Proc: 2.4 ms]
      [Ref Enq: 0.2 ms]
      [Free CSet: 0.5 ms]
   [Eden: 184.0M(184.0M)->0.0B(204.0M) Survivors: 20.0M->24.0M Heap: 1475.0M(4096.0M)->1313.0M(4096.0M)]
 [Times: user=0.29 sys=0.01, real=0.15 secs] 
2016-08-30T16:19:21.843+0200: 9811.978: [GC pause (young), 0.1486710 secs]
   [Parallel Time: 140.8 ms, GC Workers: 2]
      [GC Worker Start (ms): Min: 9811979.7, Avg: 9811979.7, Max: 9811979.7, Diff: 0.0]
      [Ext Root Scanning (ms): Min: 49.9, Avg: 50.4, Max: 51.0, Diff: 1.1, Sum: 100.8]
      [Update RS (ms): Min: 41.8, Avg: 41.9, Max: 42.1, Diff: 0.3, Sum: 83.8]
         [Processed Buffers: Min: 442, Avg: 447.5, Max: 453, Diff: 11, Sum: 895]
      [Scan RS (ms): Min: 7.8, Avg: 8.2, Max: 8.6, Diff: 0.7, Sum: 16.4]
      [Code Root Scanning (ms): Min: 0.1, Avg: 0.1, Max: 0.1, Diff: 0.0, Sum: 0.1]
      [Object Copy (ms): Min: 39.5, Avg: 39.9, Max: 40.2, Diff: 0.7, Sum: 79.7]
      [Termination (ms): Min: 0.0, Avg: 0.0, Max: 0.0, Diff: 0.0, Sum: 0.0]
      [GC Worker Other (ms): Min: 0.2, Avg: 0.2, Max: 0.2, Diff: 0.0, Sum: 0.4]
      [GC Worker Total (ms): Min: 140.6, Avg: 140.6, Max: 140.7, Diff: 0.0, Sum: 281.3]
      [GC Worker End (ms): Min: 9812120.3, Avg: 9812120.3, Max: 9812120.3, Diff: 0.0]
   [Code Root Fixup: 0.4 ms]
   [Code Root Migration: 0.0 ms]
   [Clear CT: 0.9 ms]
   [Other: 6.5 ms]
      [Choose CSet: 0.0 ms]
      [Ref Proc: 2.7 ms]
      [Ref Enq: 0.2 ms]
      [Free CSet: 0.5 ms]
   [Eden: 204.0M(204.0M)->0.0B(322.0M) Survivors: 24.0M->20.0M Heap: 1517.0M(4096.0M)->1330.0M(4096.0M)]
 [Times: user=0.29 sys=0.00, real=0.15 secs] 
2016-08-30T16:19:32.075+0200: 9822.209: [GC pause (young), 0.1768000 secs]
   [Parallel Time: 166.6 ms, GC Workers: 2]
      [GC Worker Start (ms): Min: 9822211.2, Avg: 9822212.6, Max: 9822214.0, Diff: 2.8]
      [Ext Root Scanning (ms): Min: 48.8, Avg: 50.2, Max: 51.6, Diff: 2.8, Sum: 100.5]
      [Update RS (ms): Min: 56.7, Avg: 57.0, Max: 57.3, Diff: 0.7, Sum: 114.0]
         [Processed Buffers: Min: 484, Avg: 506.5, Max: 529, Diff: 45, Sum: 1013]
      [Scan RS (ms): Min: 7.6, Avg: 8.1, Max: 8.6, Diff: 1.0, Sum: 16.2]
      [Code Root Scanning (ms): Min: 0.1, Avg: 0.1, Max: 0.1, Diff: 0.0, Sum: 0.2]
      [Object Copy (ms): Min: 49.3, Avg: 49.4, Max: 49.6, Diff: 0.3, Sum: 98.9]
      [Termination (ms): Min: 0.0, Avg: 0.0, Max: 0.0, Diff: 0.0, Sum: 0.0]
      [GC Worker Other (ms): Min: 0.2, Avg: 0.2, Max: 0.2, Diff: 0.0, Sum: 0.4]
      [GC Worker Total (ms): Min: 163.7, Avg: 165.1, Max: 166.5, Diff: 2.8, Sum: 330.1]
      [GC Worker End (ms): Min: 9822377.7, Avg: 9822377.7, Max: 9822377.7, Diff: 0.0]
   [Code Root Fixup: 0.5 ms]
   [Code Root Migration: 0.1 ms]
   [Clear CT: 0.5 ms]
   [Other: 9.1 ms]
      [Choose CSet: 0.0 ms]
      [Ref Proc: 4.8 ms]
      [Ref Enq: 0.4 ms]
      [Free CSet: 0.7 ms]
   [Eden: 322.0M(322.0M)->0.0B(276.0M) Survivors: 20.0M->44.0M Heap: 1652.0M(4096.0M)->1358.0M(4096.0M)]
 [Times: user=0.34 sys=0.00, real=0.18 secs] 
2016-08-30T16:19:41.341+0200: 9831.475: [GC pause (young), 0.1936220 secs]
   [Parallel Time: 184.5 ms, GC Workers: 2]
      [GC Worker Start (ms): Min: 9831477.1, Avg: 9831477.1, Max: 9831477.1, Diff: 0.0]
      [Ext Root Scanning (ms): Min: 51.3, Avg: 51.7, Max: 52.0, Diff: 0.7, Sum: 103.4]
      [Update RS (ms): Min: 49.2, Avg: 49.9, Max: 50.7, Diff: 1.5, Sum: 99.9]
         [Processed Buffers: Min: 425, Avg: 449.5, Max: 474, Diff: 49, Sum: 899]
      [Scan RS (ms): Min: 13.1, Avg: 13.5, Max: 14.0, Diff: 0.9, Sum: 27.1]
      [Code Root Scanning (ms): Min: 0.1, Avg: 0.1, Max: 0.1, Diff: 0.0, Sum: 0.2]
      [Object Copy (ms): Min: 69.0, Avg: 69.0, Max: 69.0, Diff: 0.0, Sum: 138.0]
      [Termination (ms): Min: 0.0, Avg: 0.0, Max: 0.0, Diff: 0.0, Sum: 0.0]
      [GC Worker Other (ms): Min: 0.2, Avg: 0.2, Max: 0.2, Diff: 0.0, Sum: 0.4]
      [GC Worker Total (ms): Min: 184.5, Avg: 184.5, Max: 184.5, Diff: 0.0, Sum: 368.9]
      [GC Worker End (ms): Min: 9831661.5, Avg: 9831661.5, Max: 9831661.5, Diff: 0.0]
   [Code Root Fixup: 0.4 ms]
   [Code Root Migration: 0.1 ms]
   [Clear CT: 0.5 ms]
   [Other: 8.1 ms]
      [Choose CSet: 0.0 ms]
      [Ref Proc: 3.7 ms]
      [Ref Enq: 0.3 ms]
      [Free CSet: 0.7 ms]
   [Eden: 276.0M(276.0M)->0.0B(304.0M) Survivors: 44.0M->30.0M Heap: 1634.0M(4096.0M)->1373.0M(4096.0M)]
 [Times: user=0.36 sys=0.00, real=0.19 secs] 
2016-08-30T16:19:50.838+0200: 9840.972: [GC pause (young), 0.1823090 secs]
   [Parallel Time: 172.3 ms, GC Workers: 2]
      [GC Worker Start (ms): Min: 9840973.8, Avg: 9840973.8, Max: 9840973.8, Diff: 0.0]
      [Ext Root Scanning (ms): Min: 50.2, Avg: 50.3, Max: 50.3, Diff: 0.1, Sum: 100.5]
      [Update RS (ms): Min: 53.5, Avg: 53.9, Max: 54.3, Diff: 0.8, Sum: 107.7]
         [Processed Buffers: Min: 448, Avg: 489.5, Max: 531, Diff: 83, Sum: 979]
      [Scan RS (ms): Min: 9.5, Avg: 9.9, Max: 10.2, Diff: 0.7, Sum: 19.8]
      [Code Root Scanning (ms): Min: 0.1, Avg: 0.1, Max: 0.1, Diff: 0.0, Sum: 0.2]
      [Object Copy (ms): Min: 57.8, Avg: 57.8, Max: 57.8, Diff: 0.0, Sum: 115.7]
      [Termination (ms): Min: 0.0, Avg: 0.0, Max: 0.0, Diff: 0.0, Sum: 0.0]
      [GC Worker Other (ms): Min: 0.2, Avg: 0.2, Max: 0.2, Diff: 0.0, Sum: 0.3]
      [GC Worker Total (ms): Min: 172.1, Avg: 172.1, Max: 172.1, Diff: 0.0, Sum: 344.3]
      [GC Worker End (ms): Min: 9841145.9, Avg: 9841145.9, Max: 9841145.9, Diff: 0.0]
   [Code Root Fixup: 0.5 ms]
   [Code Root Migration: 0.1 ms]
   [Clear CT: 0.5 ms]
   [Other: 8.9 ms]
      [Choose CSet: 0.0 ms]
      [Ref Proc: 4.6 ms]
      [Ref Enq: 0.4 ms]
      [Free CSet: 0.7 ms]
   [Eden: 304.0M(304.0M)->0.0B(290.0M) Survivors: 30.0M->34.0M Heap: 1677.0M(4096.0M)->1401.0M(4096.0M)]
 [Times: user=0.35 sys=0.00, real=0.19 secs] 
2016-08-30T16:20:01.738+0200: 9851.872: [GC pause (young), 0.1977100 secs]
   [Parallel Time: 190.7 ms, GC Workers: 2]
      [GC Worker Start (ms): Min: 9851873.8, Avg: 9851873.8, Max: 9851873.9, Diff: 0.0]
      [Ext Root Scanning (ms): Min: 54.3, Avg: 54.9, Max: 55.6, Diff: 1.3, Sum: 109.9]
      [Update RS (ms): Min: 72.2, Avg: 72.7, Max: 73.1, Diff: 0.9, Sum: 145.3]
         [Processed Buffers: Min: 404, Avg: 465.0, Max: 526, Diff: 122, Sum: 930]
      [Scan RS (ms): Min: 10.6, Avg: 11.0, Max: 11.5, Diff: 0.9, Sum: 22.1]
      [Code Root Scanning (ms): Min: 0.1, Avg: 0.1, Max: 0.1, Diff: 0.0, Sum: 0.2]
      [Object Copy (ms): Min: 51.0, Avg: 51.7, Max: 52.4, Diff: 1.4, Sum: 103.3]
      [Termination (ms): Min: 0.0, Avg: 0.0, Max: 0.0, Diff: 0.0, Sum: 0.0]
      [GC Worker Other (ms): Min: 0.2, Avg: 0.2, Max: 0.2, Diff: 0.0, Sum: 0.4]
      [GC Worker Total (ms): Min: 190.6, Avg: 190.6, Max: 190.6, Diff: 0.0, Sum: 381.2]
      [GC Worker End (ms): Min: 9852064.5, Avg: 9852064.5, Max: 9852064.5, Diff: 0.0]
   [Code Root Fixup: 0.3 ms]
   [Code Root Migration: 0.0 ms]
   [Clear CT: 0.4 ms]
   [Other: 6.2 ms]
      [Choose CSet: 0.0 ms]
      [Ref Proc: 2.5 ms]
      [Ref Enq: 0.1 ms]
      [Free CSet: 0.5 ms]
   [Eden: 290.0M(290.0M)->0.0B(262.0M) Survivors: 34.0M->26.0M Heap: 1691.0M(4096.0M)->1419.0M(4096.0M)]
 [Times: user=0.34 sys=0.00, real=0.20 secs] 
2016-08-30T16:20:10.594+0200: 9860.728: [GC pause (young), 0.1887170 secs]
   [Parallel Time: 180.1 ms, GC Workers: 2]
      [GC Worker Start (ms): Min: 9860730.0, Avg: 9860730.0, Max: 9860730.0, Diff: 0.0]
      [Ext Root Scanning (ms): Min: 61.0, Avg: 64.1, Max: 67.2, Diff: 6.2, Sum: 128.3]
      [Update RS (ms): Min: 45.4, Avg: 52.5, Max: 59.5, Diff: 14.0, Sum: 104.9]
         [Processed Buffers: Min: 406, Avg: 440.0, Max: 474, Diff: 68, Sum: 880]
      [Scan RS (ms): Min: 8.9, Avg: 9.4, Max: 9.9, Diff: 1.0, Sum: 18.8]
      [Code Root Scanning (ms): Min: 0.1, Avg: 0.1, Max: 0.1, Diff: 0.0, Sum: 0.2]
      [Object Copy (ms): Min: 49.3, Avg: 53.7, Max: 58.2, Diff: 8.9, Sum: 107.5]
      [Termination (ms): Min: 0.0, Avg: 0.0, Max: 0.0, Diff: 0.0, Sum: 0.0]
      [GC Worker Other (ms): Min: 0.2, Avg: 0.2, Max: 0.2, Diff: 0.0, Sum: 0.4]
      [GC Worker Total (ms): Min: 180.0, Avg: 180.0, Max: 180.1, Diff: 0.0, Sum: 360.1]
      [GC Worker End (ms): Min: 9860910.1, Avg: 9860910.1, Max: 9860910.1, Diff: 0.0]
   [Code Root Fixup: 0.5 ms]
   [Code Root Migration: 0.0 ms]
   [Clear CT: 0.6 ms]
   [Other: 7.4 ms]
      [Choose CSet: 0.0 ms]
      [Ref Proc: 3.2 ms]
      [Ref Enq: 0.2 ms]
      [Free CSet: 0.6 ms]
   [Eden: 262.0M(262.0M)->0.0B(262.0M) Survivors: 26.0M->24.0M Heap: 1681.0M(4096.0M)->1437.0M(4096.0M)]
 [Times: user=0.31 sys=0.00, real=0.19 secs] 
2016-08-30T16:20:20.583+0200: 9870.717: [GC pause (young), 0.1503420 secs]
   [Parallel Time: 144.4 ms, GC Workers: 2]
      [GC Worker Start (ms): Min: 9870718.9, Avg: 9870719.0, Max: 9870719.0, Diff: 0.1]
      [Ext Root Scanning (ms): Min: 50.3, Avg: 50.4, Max: 50.6, Diff: 0.3, Sum: 100.9]
      [Update RS (ms): Min: 46.8, Avg: 47.1, Max: 47.4, Diff: 0.6, Sum: 94.2]
         [Processed Buffers: Min: 453, Avg: 481.5, Max: 510, Diff: 57, Sum: 963]
      [Scan RS (ms): Min: 7.0, Avg: 7.0, Max: 7.0, Diff: 0.0, Sum: 13.9]
      [Code Root Scanning (ms): Min: 0.1, Avg: 0.1, Max: 0.1, Diff: 0.0, Sum: 0.1]
      [Object Copy (ms): Min: 39.4, Avg: 39.5, Max: 39.7, Diff: 0.3, Sum: 79.1]
      [Termination (ms): Min: 0.0, Avg: 0.0, Max: 0.0, Diff: 0.0, Sum: 0.0]
      [GC Worker Other (ms): Min: 0.2, Avg: 0.2, Max: 0.2, Diff: 0.0, Sum: 0.3]
      [GC Worker Total (ms): Min: 144.3, Avg: 144.3, Max: 144.3, Diff: 0.1, Sum: 288.6]
      [GC Worker End (ms): Min: 9870863.3, Avg: 9870863.3, Max: 9870863.3, Diff: 0.0]
   [Code Root Fixup: 0.3 ms]
   [Code Root Migration: 0.0 ms]
   [Clear CT: 0.4 ms]
   [Other: 5.2 ms]
      [Choose CSet: 0.0 ms]
      [Ref Proc: 1.7 ms]
      [Ref Enq: 0.1 ms]
      [Free CSet: 0.4 ms]
   [Eden: 262.0M(262.0M)->0.0B(316.0M) Survivors: 24.0M->32.0M Heap: 1699.0M(4096.0M)->1464.0M(4096.0M)]
 [Times: user=0.29 sys=0.00, real=0.15 secs] 
2016-08-30T16:20:32.958+0200: 9883.093: [GC pause (young), 0.1818520 secs]
   [Parallel Time: 172.2 ms, GC Workers: 2]
      [GC Worker Start (ms): Min: 9883094.6, Avg: 9883094.7, Max: 9883094.7, Diff: 0.0]
      [Ext Root Scanning (ms): Min: 51.7, Avg: 51.9, Max: 52.0, Diff: 0.3, Sum: 103.7]
      [Update RS (ms): Min: 53.6, Avg: 54.1, Max: 54.6, Diff: 1.0, Sum: 108.2]
         [Processed Buffers: Min: 409, Avg: 433.0, Max: 457, Diff: 48, Sum: 866]
      [Scan RS (ms): Min: 10.1, Avg: 10.4, Max: 10.6, Diff: 0.4, Sum: 20.7]
      [Code Root Scanning (ms): Min: 0.1, Avg: 0.1, Max: 0.2, Diff: 0.1, Sum: 0.2]
      [Object Copy (ms): Min: 54.9, Avg: 55.5, Max: 56.2, Diff: 1.3, Sum: 111.1]
      [Termination (ms): Min: 0.0, Avg: 0.0, Max: 0.0, Diff: 0.0, Sum: 0.0]
      [GC Worker Other (ms): Min: 0.1, Avg: 0.1, Max: 0.2, Diff: 0.1, Sum: 0.2]
      [GC Worker Total (ms): Min: 172.1, Avg: 172.1, Max: 172.1, Diff: 0.0, Sum: 344.2]
      [GC Worker End (ms): Min: 9883266.8, Avg: 9883266.8, Max: 9883266.8, Diff: 0.0]
   [Code Root Fixup: 0.6 ms]
   [Code Root Migration: 0.1 ms]
   [Clear CT: 0.5 ms]
   [Other: 8.5 ms]
      [Choose CSet: 0.0 ms]
      [Ref Proc: 3.9 ms]
      [Ref Enq: 0.3 ms]
      [Free CSet: 0.8 ms]
   [Eden: 316.0M(316.0M)->0.0B(318.0M) Survivors: 32.0M->34.0M Heap: 1780.0M(4096.0M)->1489.0M(4096.0M)]
 [Times: user=0.36 sys=0.00, real=0.18 secs] 
2016-08-30T16:20:43.614+0200: 9893.748: [GC pause (young), 0.1763400 secs]
   [Parallel Time: 167.9 ms, GC Workers: 2]
      [GC Worker Start (ms): Min: 9893749.7, Avg: 9893749.7, Max: 9893749.7, Diff: 0.0]
      [Ext Root Scanning (ms): Min: 49.2, Avg: 49.5, Max: 49.9, Diff: 0.7, Sum: 99.1]
      [Update RS (ms): Min: 49.6, Avg: 50.5, Max: 51.3, Diff: 1.7, Sum: 101.0]
         [Processed Buffers: Min: 463, Avg: 465.0, Max: 467, Diff: 4, Sum: 930]
      [Scan RS (ms): Min: 9.1, Avg: 9.5, Max: 9.9, Diff: 0.9, Sum: 19.0]
      [Code Root Scanning (ms): Min: 0.1, Avg: 0.1, Max: 0.1, Diff: 0.0, Sum: 0.2]
      [Object Copy (ms): Min: 57.9, Avg: 58.0, Max: 58.0, Diff: 0.1, Sum: 115.9]
      [Termination (ms): Min: 0.0, Avg: 0.0, Max: 0.0, Diff: 0.0, Sum: 0.0]
      [GC Worker Other (ms): Min: 0.2, Avg: 0.2, Max: 0.2, Diff: 0.0, Sum: 0.3]
      [GC Worker Total (ms): Min: 167.8, Avg: 167.8, Max: 167.8, Diff: 0.0, Sum: 335.5]
      [GC Worker End (ms): Min: 9893917.5, Avg: 9893917.5, Max: 9893917.5, Diff: 0.0]
   [Code Root Fixup: 0.4 ms]
   [Code Root Migration: 0.0 ms]
   [Clear CT: 0.5 ms]
   [Other: 7.6 ms]
      [Choose CSet: 0.0 ms]
      [Ref Proc: 3.5 ms]
      [Ref Enq: 0.4 ms]
      [Free CSet: 0.6 ms]
   [Eden: 318.0M(318.0M)->0.0B(336.0M) Survivors: 34.0M->36.0M Heap: 1807.0M(4096.0M)->1520.0M(4096.0M)]
 [Times: user=0.34 sys=0.00, real=0.18 secs] 
2016-08-30T16:20:56.230+0200: 9906.364: [GC pause (young), 0.1945290 secs]
   [Parallel Time: 184.0 ms, GC Workers: 2]
      [GC Worker Start (ms): Min: 9906366.4, Avg: 9906368.3, Max: 9906370.2, Diff: 3.8]
      [Ext Root Scanning (ms): Min: 54.1, Avg: 56.7, Max: 59.4, Diff: 5.3, Sum: 113.4]
      [Update RS (ms): Min: 55.7, Avg: 55.9, Max: 56.1, Diff: 0.5, Sum: 111.8]
         [Processed Buffers: Min: 428, Avg: 443.0, Max: 458, Diff: 30, Sum: 886]
      [Scan RS (ms): Min: 11.3, Avg: 11.7, Max: 12.2, Diff: 0.9, Sum: 23.5]
      [Code Root Scanning (ms): Min: 0.1, Avg: 0.1, Max: 0.1, Diff: 0.0, Sum: 0.2]
      [Object Copy (ms): Min: 57.3, Avg: 57.3, Max: 57.4, Diff: 0.1, Sum: 114.7]
      [Termination (ms): Min: 0.0, Avg: 0.0, Max: 0.0, Diff: 0.0, Sum: 0.0]
      [GC Worker Other (ms): Min: 0.2, Avg: 0.2, Max: 0.2, Diff: 0.1, Sum: 0.4]
      [GC Worker Total (ms): Min: 180.1, Avg: 182.0, Max: 183.9, Diff: 3.8, Sum: 364.1]
      [GC Worker End (ms): Min: 9906550.3, Avg: 9906550.4, Max: 9906550.4, Diff: 0.0]
   [Code Root Fixup: 0.6 ms]
   [Code Root Migration: 0.1 ms]
   [Clear CT: 0.6 ms]
   [Other: 9.3 ms]
      [Choose CSet: 0.0 ms]
      [Ref Proc: 4.3 ms]
      [Ref Enq: 0.3 ms]
      [Free CSet: 1.1 ms]
   [Eden: 336.0M(336.0M)->0.0B(318.0M) Survivors: 36.0M->30.0M Heap: 1856.0M(4096.0M)->1538.0M(4096.0M)]
 [Times: user=0.36 sys=0.01, real=0.19 secs] 
2016-08-30T16:21:08.632+0200: 9918.766: [GC pause (young), 0.1772400 secs]
   [Parallel Time: 169.1 ms, GC Workers: 2]
      [GC Worker Start (ms): Min: 9918767.8, Avg: 9918767.8, Max: 9918767.9, Diff: 0.1]
      [Ext Root Scanning (ms): Min: 51.5, Avg: 52.2, Max: 52.9, Diff: 1.3, Sum: 104.4]
      [Update RS (ms): Min: 52.2, Avg: 52.3, Max: 52.4, Diff: 0.2, Sum: 104.5]
         [Processed Buffers: Min: 421, Avg: 423.0, Max: 425, Diff: 4, Sum: 846]
      [Scan RS (ms): Min: 10.6, Avg: 10.6, Max: 10.6, Diff: 0.0, Sum: 21.2]
      [Code Root Scanning (ms): Min: 0.1, Avg: 0.1, Max: 0.1, Diff: 0.0, Sum: 0.2]
      [Object Copy (ms): Min: 53.0, Avg: 53.7, Max: 54.4, Diff: 1.4, Sum: 107.3]
      [Termination (ms): Min: 0.0, Avg: 0.0, Max: 0.0, Diff: 0.0, Sum: 0.0]
      [GC Worker Other (ms): Min: 0.1, Avg: 0.2, Max: 0.2, Diff: 0.1, Sum: 0.3]
      [GC Worker Total (ms): Min: 169.0, Avg: 169.0, Max: 169.0, Diff: 0.1, Sum: 338.0]
      [GC Worker End (ms): Min: 9918936.8, Avg: 9918936.8, Max: 9918936.8, Diff: 0.0]
   [Code Root Fixup: 0.3 ms]
   [Code Root Migration: 0.0 ms]
   [Clear CT: 0.5 ms]
   [Other: 7.3 ms]
      [Choose CSet: 0.0 ms]
      [Ref Proc: 3.3 ms]
      [Ref Enq: 0.2 ms]
      [Free CSet: 0.6 ms]
   [Eden: 318.0M(318.0M)->0.0B(368.0M) Survivors: 30.0M->30.0M Heap: 1856.0M(4096.0M)->1561.0M(4096.0M)]
 [Times: user=0.34 sys=0.01, real=0.17 secs] 
2016-08-30T16:21:22.370+0200: 9932.505: [GC pause (young), 0.1964040 secs]
   [Parallel Time: 188.6 ms, GC Workers: 2]
      [GC Worker Start (ms): Min: 9932506.8, Avg: 9932506.8, Max: 9932506.8, Diff: 0.0]
      [Ext Root Scanning (ms): Min: 52.2, Avg: 54.4, Max: 56.7, Diff: 4.4, Sum: 108.9]
      [Update RS (ms): Min: 55.9, Avg: 59.4, Max: 62.9, Diff: 7.0, Sum: 118.9]
         [Processed Buffers: Min: 419, Avg: 444.5, Max: 470, Diff: 51, Sum: 889]
      [Scan RS (ms): Min: 14.5, Avg: 16.2, Max: 18.0, Diff: 3.5, Sum: 32.4]
      [Code Root Scanning (ms): Min: 0.1, Avg: 0.1, Max: 0.2, Diff: 0.0, Sum: 0.3]
      [Object Copy (ms): Min: 57.5, Avg: 58.0, Max: 58.5, Diff: 1.0, Sum: 116.1]
      [Termination (ms): Min: 0.0, Avg: 0.0, Max: 0.0, Diff: 0.0, Sum: 0.0]
      [GC Worker Other (ms): Min: 0.2, Avg: 0.2, Max: 0.2, Diff: 0.0, Sum: 0.4]
      [GC Worker Total (ms): Min: 188.4, Avg: 188.5, Max: 188.5, Diff: 0.0, Sum: 376.9]
      [GC Worker End (ms): Min: 9932695.3, Avg: 9932695.3, Max: 9932695.3, Diff: 0.0]
   [Code Root Fixup: 0.3 ms]
   [Code Root Migration: 0.1 ms]
   [Clear CT: 0.5 ms]
   [Other: 7.0 ms]
      [Choose CSet: 0.0 ms]
      [Ref Proc: 2.9 ms]
      [Ref Enq: 0.2 ms]
      [Free CSet: 0.8 ms]
   [Eden: 364.0M(264.0M)->0.0B(300.0M) Survivors: 30.0M->38.0M Heap: 1925.0M(4096.0M)->1590.0M(4096.0M)]
 [Times: user=0.37 sys=0.00, real=0.20 secs] 
2016-08-30T16:21:34.115+0200: 9944.250: [GC pause (young), 0.1754300 secs]
   [Parallel Time: 166.1 ms, GC Workers: 2]
      [GC Worker Start (ms): Min: 9944251.2, Avg: 9944251.2, Max: 9944251.2, Diff: 0.0]
      [Ext Root Scanning (ms): Min: 50.7, Avg: 51.2, Max: 51.6, Diff: 1.0, Sum: 102.3]
      [Update RS (ms): Min: 44.6, Avg: 44.8, Max: 45.0, Diff: 0.4, Sum: 89.5]
         [Processed Buffers: Min: 398, Avg: 423.0, Max: 448, Diff: 50, Sum: 846]
      [Scan RS (ms): Min: 11.8, Avg: 12.1, Max: 12.4, Diff: 0.6, Sum: 24.2]
      [Code Root Scanning (ms): Min: 0.1, Avg: 0.1, Max: 0.1, Diff: 0.0, Sum: 0.2]
      [Object Copy (ms): Min: 57.2, Avg: 57.7, Max: 58.3, Diff: 1.1, Sum: 115.5]
      [Termination (ms): Min: 0.0, Avg: 0.0, Max: 0.0, Diff: 0.0, Sum: 0.0]
      [GC Worker Other (ms): Min: 0.2, Avg: 0.2, Max: 0.2, Diff: 0.0, Sum: 0.4]
      [GC Worker Total (ms): Min: 166.1, Avg: 166.1, Max: 166.1, Diff: 0.0, Sum: 332.1]
      [GC Worker End (ms): Min: 9944417.3, Avg: 9944417.3, Max: 9944417.3, Diff: 0.0]
   [Code Root Fixup: 0.5 ms]
   [Code Root Migration: 0.1 ms]
   [Clear CT: 0.6 ms]
   [Other: 8.2 ms]
      [Choose CSet: 0.0 ms]
      [Ref Proc: 3.8 ms]
      [Ref Enq: 0.3 ms]
      [Free CSet: 0.8 ms]
   [Eden: 300.0M(300.0M)->0.0B(396.0M) Survivors: 38.0M->28.0M Heap: 1890.0M(4096.0M)->1609.0M(4096.0M)]
 [Times: user=0.34 sys=0.00, real=0.17 secs] 
2016-08-30T16:21:48.937+0200: 9959.071: [GC pause (young), 0.0969420 secs]
   [Parallel Time: 90.7 ms, GC Workers: 2]
      [GC Worker Start (ms): Min: 9959072.4, Avg: 9959073.7, Max: 9959075.1, Diff: 2.6]
      [Ext Root Scanning (ms): Min: 24.9, Avg: 26.4, Max: 27.8, Diff: 2.9, Sum: 52.7]
      [Update RS (ms): Min: 27.9, Avg: 27.9, Max: 27.9, Diff: 0.0, Sum: 55.8]
         [Processed Buffers: Min: 483, Avg: 484.5, Max: 486, Diff: 3, Sum: 969]
      [Scan RS (ms): Min: 5.1, Avg: 5.2, Max: 5.3, Diff: 0.3, Sum: 10.4]
      [Code Root Scanning (ms): Min: 0.1, Avg: 0.1, Max: 0.1, Diff: 0.0, Sum: 0.1]
      [Object Copy (ms): Min: 29.8, Avg: 29.8, Max: 29.8, Diff: 0.0, Sum: 59.6]
      [Termination (ms): Min: 0.0, Avg: 0.0, Max: 0.0, Diff: 0.0, Sum: 0.0]
      [GC Worker Other (ms): Min: 0.1, Avg: 0.1, Max: 0.1, Diff: 0.0, Sum: 0.2]
      [GC Worker Total (ms): Min: 88.1, Avg: 89.4, Max: 90.7, Diff: 2.6, Sum: 178.8]
      [GC Worker End (ms): Min: 9959163.2, Avg: 9959163.2, Max: 9959163.2, Diff: 0.0]
   [Code Root Fixup: 0.3 ms]
   [Code Root Migration: 0.0 ms]
   [Clear CT: 0.3 ms]
   [Other: 5.6 ms]
      [Choose CSet: 0.0 ms]
      [Ref Proc: 2.9 ms]
      [Ref Enq: 0.2 ms]
      [Free CSet: 0.6 ms]
   [Eden: 396.0M(396.0M)->0.0B(510.0M) Survivors: 28.0M->54.0M Heap: 2005.0M(4096.0M)->1643.0M(4096.0M)]
 [Times: user=0.18 sys=0.00, real=0.09 secs] 
2016-08-30T16:22:00.066+0200: 9970.200: [GC pause (young), 0.2096410 secs]
   [Parallel Time: 199.4 ms, GC Workers: 2]
      [GC Worker Start (ms): Min: 9970202.4, Avg: 9970202.4, Max: 9970202.4, Diff: 0.0]
      [Ext Root Scanning (ms): Min: 51.3, Avg: 51.7, Max: 52.1, Diff: 0.8, Sum: 103.4]
      [Update RS (ms): Min: 49.3, Avg: 49.8, Max: 50.3, Diff: 0.9, Sum: 99.6]
         [Processed Buffers: Min: 450, Avg: 464.5, Max: 479, Diff: 29, Sum: 929]
      [Scan RS (ms): Min: 16.0, Avg: 16.3, Max: 16.6, Diff: 0.6, Sum: 32.6]
      [Code Root Scanning (ms): Min: 0.1, Avg: 0.1, Max: 0.2, Diff: 0.1, Sum: 0.2]
      [Object Copy (ms): Min: 80.7, Avg: 81.2, Max: 81.8, Diff: 1.1, Sum: 162.5]
      [Termination (ms): Min: 0.0, Avg: 0.0, Max: 0.0, Diff: 0.0, Sum: 0.0]
      [GC Worker Other (ms): Min: 0.2, Avg: 0.2, Max: 0.2, Diff: 0.0, Sum: 0.4]
      [GC Worker Total (ms): Min: 199.3, Avg: 199.3, Max: 199.3, Diff: 0.0, Sum: 398.6]
      [GC Worker End (ms): Min: 9970401.7, Avg: 9970401.7, Max: 9970401.7, Diff: 0.0]
   [Code Root Fixup: 0.5 ms]
   [Code Root Migration: 0.1 ms]
   [Clear CT: 0.6 ms]
   [Other: 9.0 ms]
      [Choose CSet: 0.0 ms]
      [Ref Proc: 3.9 ms]
      [Ref Enq: 0.4 ms]
      [Free CSet: 0.9 ms]
   [Eden: 300.0M(300.0M)->0.0B(450.0M) Survivors: 54.0M->30.0M Heap: 1943.0M(4096.0M)->1672.0M(4096.0M)]
 [Times: user=0.41 sys=0.00, real=0.21 secs] 
2016-08-30T16:22:15.255+0200: 9985.389: [GC pause (young), 0.2086340 secs]
   [Parallel Time: 199.6 ms, GC Workers: 2]
      [GC Worker Start (ms): Min: 9985391.5, Avg: 9985391.5, Max: 9985391.6, Diff: 0.0]
      [Ext Root Scanning (ms): Min: 51.4, Avg: 54.9, Max: 58.4, Diff: 7.0, Sum: 109.8]
      [Update RS (ms): Min: 69.6, Avg: 72.9, Max: 76.3, Diff: 6.7, Sum: 145.9]
         [Processed Buffers: Min: 450, Avg: 530.5, Max: 611, Diff: 161, Sum: 1061]
      [Scan RS (ms): Min: 12.1, Avg: 12.7, Max: 13.4, Diff: 1.3, Sum: 25.5]
      [Code Root Scanning (ms): Min: 0.2, Avg: 0.2, Max: 0.2, Diff: 0.1, Sum: 0.4]
      [Object Copy (ms): Min: 58.1, Avg: 58.6, Max: 59.1, Diff: 0.9, Sum: 117.2]
      [Termination (ms): Min: 0.0, Avg: 0.0, Max: 0.0, Diff: 0.0, Sum: 0.0]
      [GC Worker Other (ms): Min: 0.1, Avg: 0.2, Max: 0.2, Diff: 0.1, Sum: 0.4]
      [GC Worker Total (ms): Min: 199.5, Avg: 199.6, Max: 199.6, Diff: 0.0, Sum: 399.1]
      [GC Worker End (ms): Min: 9985591.1, Avg: 9985591.1, Max: 9985591.1, Diff: 0.0]
   [Code Root Fixup: 0.3 ms]
   [Code Root Migration: 0.1 ms]
   [Clear CT: 0.4 ms]
   [Other: 8.2 ms]
      [Choose CSet: 0.0 ms]
      [Ref Proc: 4.1 ms]
      [Ref Enq: 0.3 ms]
      [Free CSet: 0.7 ms]
   [Eden: 450.0M(450.0M)->0.0B(210.0M) Survivors: 30.0M->60.0M Heap: 2122.0M(4096.0M)->1710.0M(4096.0M)]
 [Times: user=0.41 sys=0.01, real=0.21 secs] 
2016-08-30T16:22:20.295+0200: 9990.430: [GC pause (young), 0.1576930 secs]
   [Parallel Time: 151.8 ms, GC Workers: 2]
      [GC Worker Start (ms): Min: 9990431.8, Avg: 9990431.8, Max: 9990431.8, Diff: 0.0]
      [Ext Root Scanning (ms): Min: 50.8, Avg: 51.9, Max: 53.1, Diff: 2.3, Sum: 103.9]
      [Update RS (ms): Min: 33.7, Avg: 34.3, Max: 34.9, Diff: 1.3, Sum: 68.6]
         [Processed Buffers: Min: 355, Avg: 372.5, Max: 390, Diff: 35, Sum: 745]
      [Scan RS (ms): Min: 16.2, Avg: 16.4, Max: 16.6, Diff: 0.5, Sum: 32.8]
      [Code Root Scanning (ms): Min: 0.0, Avg: 0.1, Max: 0.1, Diff: 0.1, Sum: 0.1]
      [Object Copy (ms): Min: 48.6, Avg: 48.9, Max: 49.2, Diff: 0.5, Sum: 97.8]
      [Termination (ms): Min: 0.0, Avg: 0.0, Max: 0.0, Diff: 0.0, Sum: 0.0]
      [GC Worker Other (ms): Min: 0.1, Avg: 0.1, Max: 0.1, Diff: 0.0, Sum: 0.1]
      [GC Worker Total (ms): Min: 151.6, Avg: 151.7, Max: 151.7, Diff: 0.0, Sum: 303.3]
      [GC Worker End (ms): Min: 9990583.5, Avg: 9990583.5, Max: 9990583.5, Diff: 0.0]
   [Code Root Fixup: 0.3 ms]
   [Code Root Migration: 0.0 ms]
   [Clear CT: 0.4 ms]
   [Other: 5.1 ms]
      [Choose CSet: 0.0 ms]
      [Ref Proc: 1.2 ms]
      [Ref Enq: 0.1 ms]
      [Free CSet: 0.5 ms]
   [Eden: 144.0M(144.0M)->0.0B(810.0M) Survivors: 60.0M->12.0M Heap: 1854.0M(4096.0M)->1719.0M(4096.0M)]
 [Times: user=0.30 sys=0.00, real=0.16 secs] 
2016-08-30T16:22:43.790+0200: 10013.925: [GC pause (young), 0.1909620 secs]
   [Parallel Time: 180.1 ms, GC Workers: 2]
      [GC Worker Start (ms): Min: 10013926.7, Avg: 10013927.7, Max: 10013928.7, Diff: 2.0]
      [Ext Root Scanning (ms): Min: 50.4, Avg: 50.6, Max: 50.8, Diff: 0.3, Sum: 101.2]
      [Update RS (ms): Min: 73.1, Avg: 73.3, Max: 73.5, Diff: 0.3, Sum: 146.6]
         [Processed Buffers: Min: 487, Avg: 509.5, Max: 532, Diff: 45, Sum: 1019]
      [Scan RS (ms): Min: 7.2, Avg: 7.4, Max: 7.6, Diff: 0.4, Sum: 14.8]
      [Code Root Scanning (ms): Min: 0.1, Avg: 0.1, Max: 0.1, Diff: 0.1, Sum: 0.2]
      [Object Copy (ms): Min: 46.7, Avg: 47.5, Max: 48.3, Diff: 1.5, Sum: 95.0]
      [Termination (ms): Min: 0.0, Avg: 0.0, Max: 0.0, Diff: 0.0, Sum: 0.0]
      [GC Worker Other (ms): Min: 0.2, Avg: 0.2, Max: 0.2, Diff: 0.0, Sum: 0.3]
      [GC Worker Total (ms): Min: 178.1, Avg: 179.1, Max: 180.1, Diff: 2.0, Sum: 358.2]
      [GC Worker End (ms): Min: 10014106.8, Avg: 10014106.8, Max: 10014106.8, Diff: 0.0]
   [Code Root Fixup: 0.2 ms]
   [Code Root Migration: 0.1 ms]
   [Clear CT: 0.5 ms]
   [Other: 10.1 ms]
      [Choose CSet: 0.0 ms]
      [Ref Proc: 5.6 ms]
      [Ref Enq: 0.3 ms]
      [Free CSet: 1.1 ms]
   [Eden: 622.0M(622.0M)->0.0B(224.0M) Survivors: 12.0M->66.0M Heap: 2341.0M(4096.0M)->1773.0M(4096.0M)]
 [Times: user=0.37 sys=0.00, real=0.19 secs] 
2016-08-30T16:22:51.899+0200: 10022.033: [GC pause (young), 0.1907840 secs]
   [Parallel Time: 184.6 ms, GC Workers: 2]
      [GC Worker Start (ms): Min: 10022034.8, Avg: 10022034.9, Max: 10022035.0, Diff: 0.2]
      [Ext Root Scanning (ms): Min: 50.5, Avg: 50.5, Max: 50.6, Diff: 0.1, Sum: 101.0]
      [Update RS (ms): Min: 55.0, Avg: 55.6, Max: 56.3, Diff: 1.3, Sum: 111.3]
         [Processed Buffers: Min: 262, Avg: 376.5, Max: 491, Diff: 229, Sum: 753]
      [Scan RS (ms): Min: 21.5, Avg: 22.1, Max: 22.8, Diff: 1.3, Sum: 44.2]
      [Code Root Scanning (ms): Min: 0.1, Avg: 0.1, Max: 0.1, Diff: 0.1, Sum: 0.2]
      [Object Copy (ms): Min: 55.9, Avg: 55.9, Max: 55.9, Diff: 0.0, Sum: 111.8]
      [Termination (ms): Min: 0.0, Avg: 0.0, Max: 0.0, Diff: 0.0, Sum: 0.0]
      [GC Worker Other (ms): Min: 0.2, Avg: 0.2, Max: 0.2, Diff: 0.1, Sum: 0.4]
      [GC Worker Total (ms): Min: 184.3, Avg: 184.4, Max: 184.6, Diff: 0.2, Sum: 368.9]
      [GC Worker End (ms): Min: 10022219.3, Avg: 10022219.3, Max: 10022219.3, Diff: 0.0]
   [Code Root Fixup: 0.3 ms]
   [Code Root Migration: 0.0 ms]
   [Clear CT: 0.5 ms]
   [Other: 5.4 ms]
      [Choose CSet: 0.0 ms]
      [Ref Proc: 1.8 ms]
      [Ref Enq: 0.1 ms]
      [Free CSet: 0.5 ms]
   [Eden: 224.0M(224.0M)->0.0B(464.0M) Survivors: 66.0M->22.0M Heap: 1997.0M(4096.0M)->1779.0M(4096.0M)]
 [Times: user=0.32 sys=0.00, real=0.19 secs] 
2016-08-30T16:23:08.843+0200: 10038.977: [GC pause (young), 0.1564980 secs]
   [Parallel Time: 148.3 ms, GC Workers: 2]
      [GC Worker Start (ms): Min: 10038979.1, Avg: 10038979.1, Max: 10038979.1, Diff: 0.0]
      [Ext Root Scanning (ms): Min: 50.3, Avg: 56.2, Max: 62.2, Diff: 11.9, Sum: 112.4]
      [Update RS (ms): Min: 38.8, Avg: 44.5, Max: 50.2, Diff: 11.4, Sum: 89.0]
         [Processed Buffers: Min: 392, Avg: 470.0, Max: 548, Diff: 156, Sum: 940]
      [Scan RS (ms): Min: 6.3, Avg: 6.7, Max: 7.1, Diff: 0.7, Sum: 13.4]
      [Code Root Scanning (ms): Min: 0.1, Avg: 0.1, Max: 0.1, Diff: 0.0, Sum: 0.2]
      [Object Copy (ms): Min: 40.0, Avg: 40.5, Max: 41.1, Diff: 1.1, Sum: 81.1]
      [Termination (ms): Min: 0.0, Avg: 0.0, Max: 0.0, Diff: 0.0, Sum: 0.0]
      [GC Worker Other (ms): Min: 0.2, Avg: 0.2, Max: 0.2, Diff: 0.0, Sum: 0.3]
      [GC Worker Total (ms): Min: 148.2, Avg: 148.2, Max: 148.2, Diff: 0.0, Sum: 296.4]
      [GC Worker End (ms): Min: 10039127.3, Avg: 10039127.3, Max: 10039127.3, Diff: 0.0]
   [Code Root Fixup: 0.3 ms]
   [Code Root Migration: 0.1 ms]
   [Clear CT: 0.4 ms]
   [Other: 7.5 ms]
      [Choose CSet: 0.0 ms]
      [Ref Proc: 3.7 ms]
      [Ref Enq: 0.2 ms]
      [Free CSet: 0.8 ms]
   [Eden: 464.0M(464.0M)->0.0B(326.0M) Survivors: 22.0M->58.0M Heap: 2243.0M(4096.0M)->1815.0M(4096.0M)]
 [Times: user=0.28 sys=0.00, real=0.16 secs] 
2016-08-30T16:23:19.842+0200: 10049.977: [GC pause (young), 0.2066170 secs]
   [Parallel Time: 196.4 ms, GC Workers: 2]
      [GC Worker Start (ms): Min: 10049978.4, Avg: 10049978.4, Max: 10049978.4, Diff: 0.0]
      [Ext Root Scanning (ms): Min: 50.1, Avg: 50.3, Max: 50.5, Diff: 0.4, Sum: 100.5]
      [Update RS (ms): Min: 52.5, Avg: 52.7, Max: 52.8, Diff: 0.4, Sum: 105.3]
         [Processed Buffers: Min: 422, Avg: 452.5, Max: 483, Diff: 61, Sum: 905]
      [Scan RS (ms): Min: 14.7, Avg: 15.0, Max: 15.4, Diff: 0.7, Sum: 30.1]
      [Code Root Scanning (ms): Min: 0.1, Avg: 0.1, Max: 0.1, Diff: 0.1, Sum: 0.2]
      [Object Copy (ms): Min: 78.1, Avg: 78.1, Max: 78.1, Diff: 0.1, Sum: 156.2]
      [Termination (ms): Min: 0.0, Avg: 0.0, Max: 0.0, Diff: 0.0, Sum: 0.0]
      [GC Worker Other (ms): Min: 0.1, Avg: 0.2, Max: 0.2, Diff: 0.1, Sum: 0.4]
      [GC Worker Total (ms): Min: 196.4, Avg: 196.4, Max: 196.4, Diff: 0.0, Sum: 392.7]
      [GC Worker End (ms): Min: 10050174.7, Avg: 10050174.7, Max: 10050174.7, Diff: 0.0]
   [Code Root Fixup: 0.5 ms]
   [Code Root Migration: 0.1 ms]
   [Clear CT: 0.6 ms]
   [Other: 9.0 ms]
      [Choose CSet: 0.0 ms]
      [Ref Proc: 4.8 ms]
      [Ref Enq: 0.2 ms]
      [Free CSet: 0.7 ms]
   [Eden: 306.0M(148.0M)->0.0B(434.0M) Survivors: 58.0M->26.0M Heap: 2121.0M(4096.0M)->1833.0M(4096.0M)]
 [Times: user=0.40 sys=0.00, real=0.20 secs] 
2016-08-30T16:23:36.599+0200: 10066.733: [GC pause (young), 0.2327330 secs]
   [Parallel Time: 221.5 ms, GC Workers: 2]
      [GC Worker Start (ms): Min: 10066734.8, Avg: 10066734.8, Max: 10066734.8, Diff: 0.0]
      [Ext Root Scanning (ms): Min: 61.4, Avg: 68.9, Max: 76.4, Diff: 15.0, Sum: 137.8]
      [Update RS (ms): Min: 64.3, Avg: 75.2, Max: 86.1, Diff: 21.8, Sum: 150.4]
         [Processed Buffers: Min: 453, Avg: 482.0, Max: 511, Diff: 58, Sum: 964]
      [Scan RS (ms): Min: 9.9, Avg: 11.8, Max: 13.7, Diff: 3.7, Sum: 23.6]
      [Code Root Scanning (ms): Min: 0.0, Avg: 0.1, Max: 0.1, Diff: 0.1, Sum: 0.2]
      [Object Copy (ms): Min: 63.1, Avg: 64.7, Max: 66.2, Diff: 3.1, Sum: 129.4]
      [Termination (ms): Min: 0.0, Avg: 0.0, Max: 0.0, Diff: 0.0, Sum: 0.0]
      [GC Worker Other (ms): Min: 0.2, Avg: 0.5, Max: 0.8, Diff: 0.5, Sum: 1.0]
      [GC Worker Total (ms): Min: 220.8, Avg: 221.2, Max: 221.5, Diff: 0.7, Sum: 442.3]
      [GC Worker End (ms): Min: 10066955.7, Avg: 10066956.0, Max: 10066956.3, Diff: 0.6]
   [Code Root Fixup: 0.6 ms]
   [Code Root Migration: 0.1 ms]
   [Clear CT: 0.9 ms]
   [Other: 9.7 ms]
      [Choose CSet: 0.0 ms]
      [Ref Proc: 5.3 ms]
      [Ref Enq: 0.4 ms]
      [Free CSet: 0.9 ms]
   [Eden: 434.0M(434.0M)->0.0B(164.0M) Survivors: 26.0M->40.0M Heap: 2267.0M(4096.0M)->1871.0M(4096.0M)]
 [Times: user=0.28 sys=0.01, real=0.23 secs] 
2016-08-30T16:23:41.805+0200: 10071.940: [GC pause (young), 0.1746820 secs]
   [Parallel Time: 168.0 ms, GC Workers: 2]
      [GC Worker Start (ms): Min: 10071941.2, Avg: 10071943.1, Max: 10071945.0, Diff: 3.8]
      [Ext Root Scanning (ms): Min: 51.0, Avg: 52.7, Max: 54.4, Diff: 3.4, Sum: 105.4]
      [Update RS (ms): Min: 35.6, Avg: 36.5, Max: 37.5, Diff: 1.9, Sum: 73.1]
         [Processed Buffers: Min: 344, Avg: 376.0, Max: 408, Diff: 64, Sum: 752]
      [Scan RS (ms): Min: 11.3, Avg: 11.9, Max: 12.5, Diff: 1.2, Sum: 23.9]
      [Code Root Scanning (ms): Min: 0.0, Avg: 0.1, Max: 0.1, Diff: 0.1, Sum: 0.1]
      [Object Copy (ms): Min: 60.9, Avg: 62.5, Max: 64.0, Diff: 3.1, Sum: 125.0]
      [Termination (ms): Min: 0.0, Avg: 2.1, Max: 4.2, Diff: 4.2, Sum: 4.2]
      [GC Worker Other (ms): Min: 0.0, Avg: 0.1, Max: 0.1, Diff: 0.1, Sum: 0.2]
      [GC Worker Total (ms): Min: 164.0, Avg: 165.9, Max: 167.9, Diff: 3.9, Sum: 331.9]
      [GC Worker End (ms): Min: 10072109.0, Avg: 10072109.0, Max: 10072109.0, Diff: 0.0]
   [Code Root Fixup: 0.5 ms]
   [Code Root Migration: 0.0 ms]
   [Clear CT: 0.6 ms]
   [Other: 5.6 ms]
      [Choose CSet: 0.0 ms]
      [Ref Proc: 1.8 ms]
      [Ref Enq: 0.2 ms]
      [Free CSet: 0.5 ms]
   [Eden: 164.0M(164.0M)->0.0B(348.0M) Survivors: 40.0M->18.0M Heap: 2035.0M(4096.0M)->1883.0M(4096.0M)]
 [Times: user=0.31 sys=0.00, real=0.17 secs] 
2016-08-30T16:23:55.033+0200: 10085.168: [GC pause (young) (initial-mark), 0.1910000 secs]
   [Parallel Time: 179.1 ms, GC Workers: 2]
      [GC Worker Start (ms): Min: 10085171.3, Avg: 10085171.3, Max: 10085171.3, Diff: 0.0]
      [Ext Root Scanning (ms): Min: 54.6, Avg: 55.4, Max: 56.3, Diff: 1.6, Sum: 110.9]
      [Code Root Marking (ms): Min: 13.3, Avg: 13.7, Max: 14.1, Diff: 0.8, Sum: 27.4]
      [Update RS (ms): Min: 53.4, Avg: 54.1, Max: 54.9, Diff: 1.4, Sum: 108.3]
         [Processed Buffers: Min: 387, Avg: 443.0, Max: 499, Diff: 112, Sum: 886]
      [Scan RS (ms): Min: 6.0, Avg: 6.4, Max: 6.8, Diff: 0.8, Sum: 12.8]
      [Code Root Scanning (ms): Min: 0.1, Avg: 0.1, Max: 0.1, Diff: 0.0, Sum: 0.2]
      [Object Copy (ms): Min: 48.4, Avg: 49.2, Max: 49.9, Diff: 1.5, Sum: 98.3]
      [Termination (ms): Min: 0.0, Avg: 0.0, Max: 0.0, Diff: 0.0, Sum: 0.0]
      [GC Worker Other (ms): Min: 0.2, Avg: 0.2, Max: 0.2, Diff: 0.0, Sum: 0.3]
      [GC Worker Total (ms): Min: 179.0, Avg: 179.1, Max: 179.1, Diff: 0.0, Sum: 358.1]
      [GC Worker End (ms): Min: 10085350.3, Avg: 10085350.3, Max: 10085350.3, Diff: 0.0]
   [Code Root Fixup: 0.5 ms]
   [Code Root Migration: 0.1 ms]
   [Clear CT: 0.5 ms]
   [Other: 10.9 ms]
      [Choose CSet: 0.0 ms]
      [Ref Proc: 4.3 ms]
      [Ref Enq: 0.3 ms]
      [Free CSet: 0.8 ms]
   [Eden: 348.0M(348.0M)->0.0B(158.0M) Survivors: 18.0M->46.0M Heap: 2231.0M(4096.0M)->1912.0M(4096.0M)]
 [Times: user=0.36 sys=0.00, real=0.19 secs] 
2016-08-30T16:23:55.225+0200: 10085.359: [GC concurrent-root-region-scan-start]
2016-08-30T16:23:55.259+0200: 10085.393: [GC concurrent-root-region-scan-end, 0.0339030 secs]
2016-08-30T16:23:55.259+0200: 10085.393: [GC concurrent-mark-start]
2016-08-30T16:23:56.606+0200: 10086.740: [GC concurrent-mark-end, 1.3471950 secs]
2016-08-30T16:23:56.609+0200: 10086.743: [GC remark 2016-08-30T16:23:56.611+0200: 10086.745: [GC ref-proc, 0.1261750 secs], 0.1519010 secs]
 [Times: user=0.18 sys=0.00, real=0.15 secs] 
2016-08-30T16:23:56.769+0200: 10086.904: [GC cleanup 1963M->1919M(4096M), 0.0478450 secs]
 [Times: user=0.09 sys=0.00, real=0.05 secs] 
2016-08-30T16:23:56.819+0200: 10086.954: [GC concurrent-cleanup-start]
2016-08-30T16:23:56.819+0200: 10086.954: [GC concurrent-cleanup-end, 0.0002230 secs]
2016-08-30T16:23:59.967+0200: 10090.102: [GC pause (young), 0.1694270 secs]
   [Parallel Time: 162.4 ms, GC Workers: 2]
      [GC Worker Start (ms): Min: 10090103.3, Avg: 10090103.3, Max: 10090103.3, Diff: 0.0]
      [Ext Root Scanning (ms): Min: 55.6, Avg: 55.9, Max: 56.1, Diff: 0.5, Sum: 111.7]
      [Update RS (ms): Min: 32.7, Avg: 33.3, Max: 33.9, Diff: 1.2, Sum: 66.6]
         [Processed Buffers: Min: 307, Avg: 309.0, Max: 311, Diff: 4, Sum: 618]
      [Scan RS (ms): Min: 12.3, Avg: 12.4, Max: 12.5, Diff: 0.2, Sum: 24.8]
      [Code Root Scanning (ms): Min: 0.0, Avg: 0.1, Max: 0.1, Diff: 0.1, Sum: 0.1]
      [Object Copy (ms): Min: 60.1, Avg: 60.6, Max: 61.1, Diff: 1.0, Sum: 121.2]
      [Termination (ms): Min: 0.0, Avg: 0.0, Max: 0.0, Diff: 0.0, Sum: 0.0]
      [GC Worker Other (ms): Min: 0.1, Avg: 0.1, Max: 0.1, Diff: 0.0, Sum: 0.1]
      [GC Worker Total (ms): Min: 162.3, Avg: 162.3, Max: 162.3, Diff: 0.0, Sum: 324.6]
      [GC Worker End (ms): Min: 10090265.6, Avg: 10090265.6, Max: 10090265.6, Diff: 0.0]
   [Code Root Fixup: 0.4 ms]
   [Code Root Migration: 0.0 ms]
   [Clear CT: 0.6 ms]
   [Other: 5.9 ms]
      [Choose CSet: 0.0 ms]
      [Ref Proc: 2.1 ms]
      [Ref Enq: 0.2 ms]
      [Free CSet: 0.6 ms]
   [Eden: 158.0M(158.0M)->0.0B(184.0M) Survivors: 46.0M->20.0M Heap: 2026.0M(4096.0M)->1881.0M(4096.0M)]
 [Times: user=0.32 sys=0.01, real=0.17 secs] 
2016-08-30T16:24:06.738+0200: 10096.872: [GC pause (mixed), 0.1803520 secs]
   [Parallel Time: 170.8 ms, GC Workers: 2]
      [GC Worker Start (ms): Min: 10096874.5, Avg: 10096874.5, Max: 10096874.5, Diff: 0.0]
      [Ext Root Scanning (ms): Min: 52.3, Avg: 52.9, Max: 53.5, Diff: 1.2, Sum: 105.8]
      [Update RS (ms): Min: 36.4, Avg: 36.5, Max: 36.7, Diff: 0.3, Sum: 73.1]
         [Processed Buffers: Min: 362, Avg: 420.0, Max: 478, Diff: 116, Sum: 840]
      [Scan RS (ms): Min: 29.3, Avg: 29.5, Max: 29.7, Diff: 0.4, Sum: 59.0]
      [Code Root Scanning (ms): Min: 0.1, Avg: 0.2, Max: 0.3, Diff: 0.2, Sum: 0.4]
      [Object Copy (ms): Min: 50.9, Avg: 51.5, Max: 52.0, Diff: 1.2, Sum: 102.9]
      [Termination (ms): Min: 0.0, Avg: 0.0, Max: 0.0, Diff: 0.0, Sum: 0.0]
      [GC Worker Other (ms): Min: 0.0, Avg: 0.1, Max: 0.2, Diff: 0.1, Sum: 0.2]
      [GC Worker Total (ms): Min: 170.6, Avg: 170.7, Max: 170.7, Diff: 0.0, Sum: 341.3]
      [GC Worker End (ms): Min: 10097045.2, Avg: 10097045.2, Max: 10097045.2, Diff: 0.0]
   [Code Root Fixup: 0.8 ms]
   [Code Root Migration: 0.1 ms]
   [Clear CT: 0.8 ms]
   [Other: 7.9 ms]
      [Choose CSet: 0.2 ms]
      [Ref Proc: 2.4 ms]
      [Ref Enq: 0.2 ms]
      [Free CSet: 1.8 ms]
   [Eden: 184.0M(184.0M)->0.0B(188.0M) Survivors: 20.0M->16.0M Heap: 2065.0M(4096.0M)->1608.0M(4096.0M)]
 [Times: user=0.34 sys=0.00, real=0.18 secs] 
2016-08-30T16:24:12.411+0200: 10102.545: [GC pause (mixed), 0.1972440 secs]
   [Parallel Time: 190.5 ms, GC Workers: 2]
      [GC Worker Start (ms): Min: 10102547.0, Avg: 10102547.1, Max: 10102547.1, Diff: 0.0]
      [Ext Root Scanning (ms): Min: 49.8, Avg: 50.5, Max: 51.1, Diff: 1.3, Sum: 100.9]
      [Update RS (ms): Min: 42.5, Avg: 42.9, Max: 43.3, Diff: 0.9, Sum: 85.8]
         [Processed Buffers: Min: 412, Avg: 428.0, Max: 444, Diff: 32, Sum: 856]
      [Scan RS (ms): Min: 45.8, Avg: 46.2, Max: 46.5, Diff: 0.7, Sum: 92.3]
      [Code Root Scanning (ms): Min: 0.1, Avg: 0.1, Max: 0.2, Diff: 0.1, Sum: 0.2]
      [Object Copy (ms): Min: 50.1, Avg: 50.7, Max: 51.3, Diff: 1.1, Sum: 101.4]
      [Termination (ms): Min: 0.0, Avg: 0.0, Max: 0.0, Diff: 0.0, Sum: 0.0]
      [GC Worker Other (ms): Min: 0.0, Avg: 0.1, Max: 0.1, Diff: 0.1, Sum: 0.2]
      [GC Worker Total (ms): Min: 190.4, Avg: 190.4, Max: 190.4, Diff: 0.0, Sum: 380.8]
      [GC Worker End (ms): Min: 10102737.5, Avg: 10102737.5, Max: 10102737.5, Diff: 0.0]
   [Code Root Fixup: 0.2 ms]
   [Code Root Migration: 0.1 ms]
   [Clear CT: 0.6 ms]
   [Other: 5.9 ms]
      [Choose CSet: 0.4 ms]
      [Ref Proc: 1.2 ms]
      [Ref Enq: 0.1 ms]
      [Free CSet: 1.2 ms]
   [Eden: 188.0M(188.0M)->0.0B(180.0M) Survivors: 16.0M->24.0M Heap: 1796.0M(4096.0M)->1455.0M(4096.0M)]
 [Times: user=0.37 sys=0.00, real=0.19 secs] 
2016-08-30T16:24:19.343+0200: 10109.477: [GC pause (mixed), 0.2585860 secs]
   [Parallel Time: 250.8 ms, GC Workers: 2]
      [GC Worker Start (ms): Min: 10109479.5, Avg: 10109479.6, Max: 10109479.6, Diff: 0.0]
      [Ext Root Scanning (ms): Min: 50.0, Avg: 50.2, Max: 50.5, Diff: 0.5, Sum: 100.4]
      [Update RS (ms): Min: 35.4, Avg: 35.6, Max: 35.9, Diff: 0.6, Sum: 71.3]
         [Processed Buffers: Min: 368, Avg: 387.0, Max: 406, Diff: 38, Sum: 774]
      [Scan RS (ms): Min: 72.5, Avg: 72.6, Max: 72.7, Diff: 0.2, Sum: 145.2]
      [Code Root Scanning (ms): Min: 0.1, Avg: 0.2, Max: 0.2, Diff: 0.1, Sum: 0.4]
      [Object Copy (ms): Min: 91.4, Avg: 92.0, Max: 92.6, Diff: 1.2, Sum: 184.0]
      [Termination (ms): Min: 0.0, Avg: 0.0, Max: 0.0, Diff: 0.0, Sum: 0.0]
      [GC Worker Other (ms): Min: 0.0, Avg: 0.1, Max: 0.2, Diff: 0.1, Sum: 0.2]
      [GC Worker Total (ms): Min: 250.7, Avg: 250.7, Max: 250.7, Diff: 0.0, Sum: 501.5]
      [GC Worker End (ms): Min: 10109730.3, Avg: 10109730.3, Max: 10109730.3, Diff: 0.0]
   [Code Root Fixup: 0.3 ms]
   [Code Root Migration: 0.1 ms]
   [Clear CT: 0.6 ms]
   [Other: 6.9 ms]
      [Choose CSet: 0.7 ms]
      [Ref Proc: 1.3 ms]
      [Ref Enq: 0.1 ms]
      [Free CSet: 1.4 ms]
   [Eden: 180.0M(180.0M)->0.0B(184.0M) Survivors: 24.0M->20.0M Heap: 1635.0M(4096.0M)->1317.0M(4096.0M)]
 [Times: user=0.50 sys=0.00, real=0.26 secs] 
2016-08-30T16:24:26.586+0200: 10116.721: [GC pause (mixed), 0.3107080 secs]
   [Parallel Time: 301.6 ms, GC Workers: 2]
      [GC Worker Start (ms): Min: 10116723.5, Avg: 10116723.5, Max: 10116723.5, Diff: 0.0]
      [Ext Root Scanning (ms): Min: 50.1, Avg: 50.4, Max: 50.7, Diff: 0.6, Sum: 100.9]
      [Update RS (ms): Min: 34.8, Avg: 34.9, Max: 34.9, Diff: 0.2, Sum: 69.7]
         [Processed Buffers: Min: 301, Avg: 356.0, Max: 411, Diff: 110, Sum: 712]
      [Scan RS (ms): Min: 130.0, Avg: 130.4, Max: 130.8, Diff: 0.8, Sum: 260.8]
      [Code Root Scanning (ms): Min: 0.1, Avg: 0.3, Max: 0.5, Diff: 0.4, Sum: 0.5]
      [Object Copy (ms): Min: 85.2, Avg: 85.4, Max: 85.5, Diff: 0.4, Sum: 170.7]
      [Termination (ms): Min: 0.0, Avg: 0.0, Max: 0.0, Diff: 0.0, Sum: 0.0]
      [GC Worker Other (ms): Min: 0.1, Avg: 0.1, Max: 0.2, Diff: 0.1, Sum: 0.3]
      [GC Worker Total (ms): Min: 301.4, Avg: 301.5, Max: 301.5, Diff: 0.1, Sum: 602.9]
      [GC Worker End (ms): Min: 10117024.9, Avg: 10117025.0, Max: 10117025.0, Diff: 0.0]
   [Code Root Fixup: 0.3 ms]
   [Code Root Migration: 0.3 ms]
   [Clear CT: 0.6 ms]
   [Other: 7.9 ms]
      [Choose CSet: 1.4 ms]
      [Ref Proc: 1.3 ms]
      [Ref Enq: 0.1 ms]
      [Free CSet: 1.7 ms]
   [Eden: 184.0M(184.0M)->0.0B(184.0M) Survivors: 20.0M->20.0M Heap: 1501.0M(4096.0M)->1193.0M(4096.0M)]
 [Times: user=0.61 sys=0.00, real=0.31 secs] 
2016-08-30T16:24:33.014+0200: 10123.149: [GC pause (young), 0.1432040 secs]
   [Parallel Time: 136.2 ms, GC Workers: 2]
      [GC Worker Start (ms): Min: 10123150.3, Avg: 10123151.3, Max: 10123152.3, Diff: 2.0]
      [Ext Root Scanning (ms): Min: 50.3, Avg: 51.1, Max: 51.9, Diff: 1.6, Sum: 102.1]
      [Update RS (ms): Min: 36.9, Avg: 37.0, Max: 37.2, Diff: 0.3, Sum: 74.1]
         [Processed Buffers: Min: 339, Avg: 366.5, Max: 394, Diff: 55, Sum: 733]
      [Scan RS (ms): Min: 7.2, Avg: 7.2, Max: 7.3, Diff: 0.1, Sum: 14.4]
      [Code Root Scanning (ms): Min: 0.1, Avg: 0.1, Max: 0.1, Diff: 0.0, Sum: 0.1]
      [Object Copy (ms): Min: 39.5, Avg: 39.6, Max: 39.6, Diff: 0.1, Sum: 79.1]
      [Termination (ms): Min: 0.0, Avg: 0.0, Max: 0.0, Diff: 0.0, Sum: 0.0]
      [GC Worker Other (ms): Min: 0.1, Avg: 0.1, Max: 0.2, Diff: 0.0, Sum: 0.3]
      [GC Worker Total (ms): Min: 134.1, Avg: 135.1, Max: 136.1, Diff: 2.0, Sum: 270.2]
      [GC Worker End (ms): Min: 10123286.4, Avg: 10123286.4, Max: 10123286.4, Diff: 0.0]
   [Code Root Fixup: 0.4 ms]
   [Code Root Migration: 0.0 ms]
   [Clear CT: 0.4 ms]
   [Other: 6.1 ms]
      [Choose CSet: 0.0 ms]
      [Ref Proc: 2.4 ms]
      [Ref Enq: 0.2 ms]
      [Free CSet: 0.5 ms]
   [Eden: 184.0M(184.0M)->0.0B(180.0M) Survivors: 20.0M->24.0M Heap: 1377.0M(4096.0M)->1214.0M(4096.0M)]
 [Times: user=0.28 sys=0.00, real=0.14 secs] 
2016-08-30T16:24:39.353+0200: 10129.487: [GC pause (young), 0.1455500 secs]
   [Parallel Time: 138.3 ms, GC Workers: 2]
      [GC Worker Start (ms): Min: 10129488.8, Avg: 10129488.8, Max: 10129488.8, Diff: 0.0]
      [Ext Root Scanning (ms): Min: 50.1, Avg: 51.3, Max: 52.4, Diff: 2.3, Sum: 102.5]
      [Update RS (ms): Min: 38.8, Avg: 39.0, Max: 39.3, Diff: 0.5, Sum: 78.1]
         [Processed Buffers: Min: 376, Avg: 389.5, Max: 403, Diff: 27, Sum: 779]
      [Scan RS (ms): Min: 6.8, Avg: 7.3, Max: 7.8, Diff: 1.0, Sum: 14.6]
      [Code Root Scanning (ms): Min: 0.0, Avg: 0.1, Max: 0.1, Diff: 0.1, Sum: 0.1]
      [Object Copy (ms): Min: 39.9, Avg: 40.3, Max: 40.7, Diff: 0.8, Sum: 80.7]
      [Termination (ms): Min: 0.0, Avg: 0.0, Max: 0.0, Diff: 0.0, Sum: 0.0]
      [GC Worker Other (ms): Min: 0.3, Avg: 0.3, Max: 0.3, Diff: 0.0, Sum: 0.5]
      [GC Worker Total (ms): Min: 138.3, Avg: 138.3, Max: 138.3, Diff: 0.0, Sum: 276.5]
      [GC Worker End (ms): Min: 10129627.0, Avg: 10129627.1, Max: 10129627.1, Diff: 0.0]
   [Code Root Fixup: 0.6 ms]
   [Code Root Migration: 0.0 ms]
   [Clear CT: 0.4 ms]
   [Other: 6.2 ms]
      [Choose CSet: 0.0 ms]
      [Ref Proc: 2.5 ms]
      [Ref Enq: 0.2 ms]
      [Free CSet: 0.5 ms]
   [Eden: 180.0M(180.0M)->0.0B(184.0M) Survivors: 24.0M->20.0M Heap: 1394.0M(4096.0M)->1229.0M(4096.0M)]
 [Times: user=0.28 sys=0.01, real=0.15 secs] 
2016-08-30T16:24:45.573+0200: 10135.708: [GC pause (young), 0.1314860 secs]
   [Parallel Time: 126.0 ms, GC Workers: 2]
      [GC Worker Start (ms): Min: 10135709.2, Avg: 10135709.2, Max: 10135709.2, Diff: 0.0]
      [Ext Root Scanning (ms): Min: 49.5, Avg: 50.0, Max: 50.5, Diff: 1.1, Sum: 100.0]
      [Update RS (ms): Min: 38.7, Avg: 38.8, Max: 39.0, Diff: 0.3, Sum: 77.7]
         [Processed Buffers: Min: 413, Avg: 438.0, Max: 463, Diff: 50, Sum: 876]
      [Scan RS (ms): Min: 5.6, Avg: 5.7, Max: 5.9, Diff: 0.3, Sum: 11.4]
      [Code Root Scanning (ms): Min: 0.0, Avg: 0.1, Max: 0.1, Diff: 0.0, Sum: 0.1]
      [Object Copy (ms): Min: 30.6, Avg: 31.1, Max: 31.7, Diff: 1.1, Sum: 62.3]
      [Termination (ms): Min: 0.0, Avg: 0.0, Max: 0.0, Diff: 0.0, Sum: 0.0]
      [GC Worker Other (ms): Min: 0.1, Avg: 0.1, Max: 0.2, Diff: 0.1, Sum: 0.2]
      [GC Worker Total (ms): Min: 125.9, Avg: 125.9, Max: 125.9, Diff: 0.0, Sum: 251.7]
      [GC Worker End (ms): Min: 10135835.1, Avg: 10135835.1, Max: 10135835.1, Diff: 0.0]
   [Code Root Fixup: 0.2 ms]
   [Code Root Migration: 0.0 ms]
   [Clear CT: 0.7 ms]
   [Other: 4.4 ms]
      [Choose CSet: 0.0 ms]
      [Ref Proc: 1.2 ms]
      [Ref Enq: 0.1 ms]
      [Free CSet: 0.4 ms]
   [Eden: 184.0M(184.0M)->0.0B(184.0M) Survivors: 20.0M->20.0M Heap: 1413.0M(4096.0M)->1247.0M(4096.0M)]
 [Times: user=0.26 sys=0.00, real=0.14 secs] 
2016-08-30T16:24:52.645+0200: 10142.779: [GC pause (young), 0.1480310 secs]
   [Parallel Time: 140.9 ms, GC Workers: 2]
      [GC Worker Start (ms): Min: 10142780.5, Avg: 10142781.3, Max: 10142782.1, Diff: 1.6]
      [Ext Root Scanning (ms): Min: 49.3, Avg: 52.0, Max: 54.6, Diff: 5.3, Sum: 104.0]
      [Update RS (ms): Min: 37.9, Avg: 38.2, Max: 38.5, Diff: 0.6, Sum: 76.4]
         [Processed Buffers: Min: 327, Avg: 378.5, Max: 430, Diff: 103, Sum: 757]
      [Scan RS (ms): Min: 8.2, Avg: 8.3, Max: 8.4, Diff: 0.2, Sum: 16.6]
      [Code Root Scanning (ms): Min: 0.1, Avg: 0.1, Max: 0.1, Diff: 0.0, Sum: 0.1]
      [Object Copy (ms): Min: 37.5, Avg: 41.3, Max: 45.0, Diff: 7.5, Sum: 82.5]
      [Termination (ms): Min: 0.0, Avg: 0.0, Max: 0.0, Diff: 0.0, Sum: 0.0]
      [GC Worker Other (ms): Min: 0.2, Avg: 0.2, Max: 0.2, Diff: 0.0, Sum: 0.3]
      [GC Worker Total (ms): Min: 139.2, Avg: 140.0, Max: 140.8, Diff: 1.6, Sum: 280.1]
      [GC Worker End (ms): Min: 10142921.4, Avg: 10142921.4, Max: 10142921.4, Diff: 0.0]
   [Code Root Fixup: 0.4 ms]
   [Code Root Migration: 0.0 ms]
   [Clear CT: 0.5 ms]
   [Other: 6.2 ms]
      [Choose CSet: 0.0 ms]
      [Ref Proc: 2.4 ms]
      [Ref Enq: 0.2 ms]
      [Free CSet: 0.5 ms]
   [Eden: 184.0M(184.0M)->0.0B(184.0M) Survivors: 20.0M->20.0M Heap: 1431.0M(4096.0M)->1264.0M(4096.0M)]
 [Times: user=0.28 sys=0.00, real=0.15 secs] 
2016-08-30T16:24:59.216+0200: 10149.350: [GC pause (young), 0.1461090 secs]
   [Parallel Time: 139.2 ms, GC Workers: 2]
      [GC Worker Start (ms): Min: 10149352.0, Avg: 10149354.5, Max: 10149357.0, Diff: 5.0]
      [Ext Root Scanning (ms): Min: 49.6, Avg: 51.2, Max: 52.8, Diff: 3.2, Sum: 102.4]
      [Update RS (ms): Min: 38.7, Avg: 39.1, Max: 39.4, Diff: 0.7, Sum: 78.2]
         [Processed Buffers: Min: 378, Avg: 381.0, Max: 384, Diff: 6, Sum: 762]
      [Scan RS (ms): Min: 6.2, Avg: 6.3, Max: 6.5, Diff: 0.3, Sum: 12.7]
      [Code Root Scanning (ms): Min: 0.1, Avg: 0.1, Max: 0.1, Diff: 0.0, Sum: 0.1]
      [Object Copy (ms): Min: 39.0, Avg: 39.7, Max: 40.5, Diff: 1.5, Sum: 79.5]
      [Termination (ms): Min: 0.0, Avg: 0.0, Max: 0.0, Diff: 0.0, Sum: 0.0]
      [GC Worker Other (ms): Min: 0.2, Avg: 0.2, Max: 0.2, Diff: 0.0, Sum: 0.3]
      [GC Worker Total (ms): Min: 134.1, Avg: 136.6, Max: 139.1, Diff: 5.0, Sum: 273.2]
      [GC Worker End (ms): Min: 10149491.1, Avg: 10149491.1, Max: 10149491.1, Diff: 0.0]
   [Code Root Fixup: 0.4 ms]
   [Code Root Migration: 0.0 ms]
   [Clear CT: 0.5 ms]
   [Other: 6.0 ms]
      [Choose CSet: 0.0 ms]
      [Ref Proc: 2.4 ms]
      [Ref Enq: 0.2 ms]
      [Free CSet: 0.5 ms]
   [Eden: 184.0M(184.0M)->0.0B(182.0M) Survivors: 20.0M->22.0M Heap: 1448.0M(4096.0M)->1283.0M(4096.0M)]
 [Times: user=0.27 sys=0.00, real=0.14 secs] 
2016-08-30T16:25:04.972+0200: 10155.107: [GC pause (young), 0.1504530 secs]
   [Parallel Time: 142.7 ms, GC Workers: 2]
      [GC Worker Start (ms): Min: 10155108.2, Avg: 10155111.1, Max: 10155114.0, Diff: 5.8]
      [Ext Root Scanning (ms): Min: 51.7, Avg: 55.4, Max: 59.1, Diff: 7.3, Sum: 110.8]
      [Update RS (ms): Min: 37.3, Avg: 37.7, Max: 38.1, Diff: 0.8, Sum: 75.4]
         [Processed Buffers: Min: 355, Avg: 387.5, Max: 420, Diff: 65, Sum: 775]
      [Scan RS (ms): Min: 6.4, Avg: 6.7, Max: 7.1, Diff: 0.8, Sum: 13.5]
      [Code Root Scanning (ms): Min: 0.1, Avg: 0.1, Max: 0.1, Diff: 0.0, Sum: 0.1]
      [Object Copy (ms): Min: 39.6, Avg: 39.6, Max: 39.6, Diff: 0.0, Sum: 79.2]
      [Termination (ms): Min: 0.0, Avg: 0.0, Max: 0.0, Diff: 0.0, Sum: 0.0]
      [GC Worker Other (ms): Min: 0.1, Avg: 0.1, Max: 0.1, Diff: 0.0, Sum: 0.3]
      [GC Worker Total (ms): Min: 136.8, Avg: 139.7, Max: 142.6, Diff: 5.8, Sum: 279.3]
      [GC Worker End (ms): Min: 10155250.7, Avg: 10155250.7, Max: 10155250.7, Diff: 0.0]
   [Code Root Fixup: 0.5 ms]
   [Code Root Migration: 0.0 ms]
   [Clear CT: 0.4 ms]
   [Other: 6.7 ms]
      [Choose CSet: 0.0 ms]
      [Ref Proc: 3.1 ms]
      [Ref Enq: 0.2 ms]
      [Free CSet: 0.5 ms]
   [Eden: 182.0M(182.0M)->0.0B(236.0M) Survivors: 22.0M->22.0M Heap: 1465.0M(4096.0M)->1302.0M(4096.0M)]
 [Times: user=0.28 sys=0.01, real=0.15 secs] 
2016-08-30T16:25:12.923+0200: 10163.058: [GC pause (young), 0.1767750 secs]
   [Parallel Time: 168.6 ms, GC Workers: 2]
      [GC Worker Start (ms): Min: 10163059.4, Avg: 10163059.4, Max: 10163059.4, Diff: 0.0]
      [Ext Root Scanning (ms): Min: 67.1, Avg: 69.0, Max: 70.9, Diff: 3.8, Sum: 137.9]
      [Update RS (ms): Min: 46.0, Avg: 46.8, Max: 47.6, Diff: 1.6, Sum: 93.7]
         [Processed Buffers: Min: 476, Avg: 477.5, Max: 479, Diff: 3, Sum: 955]
      [Scan RS (ms): Min: 6.6, Avg: 6.9, Max: 7.3, Diff: 0.7, Sum: 13.9]
      [Code Root Scanning (ms): Min: 0.0, Avg: 0.1, Max: 0.1, Diff: 0.1, Sum: 0.2]
      [Object Copy (ms): Min: 44.0, Avg: 45.5, Max: 47.0, Diff: 3.0, Sum: 91.1]
      [Termination (ms): Min: 0.0, Avg: 0.0, Max: 0.0, Diff: 0.0, Sum: 0.0]
      [GC Worker Other (ms): Min: 0.1, Avg: 0.2, Max: 0.2, Diff: 0.0, Sum: 0.3]
      [GC Worker Total (ms): Min: 168.5, Avg: 168.5, Max: 168.5, Diff: 0.0, Sum: 337.0]
      [GC Worker End (ms): Min: 10163227.9, Avg: 10163227.9, Max: 10163227.9, Diff: 0.0]
   [Code Root Fixup: 0.5 ms]
   [Code Root Migration: 0.0 ms]
   [Clear CT: 0.9 ms]
   [Other: 6.8 ms]
      [Choose CSet: 0.0 ms]
      [Ref Proc: 2.7 ms]
      [Ref Enq: 0.2 ms]
      [Free CSet: 0.5 ms]
   [Eden: 236.0M(236.0M)->0.0B(210.0M) Survivors: 22.0M->28.0M Heap: 1538.0M(4096.0M)->1326.0M(4096.0M)]
 [Times: user=0.30 sys=0.00, real=0.18 secs] 
2016-08-30T16:25:21.462+0200: 10171.596: [GC pause (young), 0.1728310 secs]
   [Parallel Time: 165.5 ms, GC Workers: 2]
      [GC Worker Start (ms): Min: 10171598.0, Avg: 10171598.0, Max: 10171598.0, Diff: 0.0]
      [Ext Root Scanning (ms): Min: 61.7, Avg: 65.6, Max: 69.6, Diff: 7.9, Sum: 131.3]
      [Update RS (ms): Min: 35.1, Avg: 44.3, Max: 53.6, Diff: 18.4, Sum: 88.7]
         [Processed Buffers: Min: 383, Avg: 416.5, Max: 450, Diff: 67, Sum: 833]
      [Scan RS (ms): Min: 8.4, Avg: 9.0, Max: 9.5, Diff: 1.1, Sum: 18.0]
      [Code Root Scanning (ms): Min: 0.1, Avg: 0.1, Max: 0.1, Diff: 0.0, Sum: 0.2]
      [Object Copy (ms): Min: 41.3, Avg: 46.1, Max: 50.9, Diff: 9.5, Sum: 92.2]
      [Termination (ms): Min: 0.0, Avg: 0.0, Max: 0.0, Diff: 0.0, Sum: 0.0]
      [GC Worker Other (ms): Min: 0.1, Avg: 0.2, Max: 0.2, Diff: 0.0, Sum: 0.3]
      [GC Worker Total (ms): Min: 165.3, Avg: 165.3, Max: 165.3, Diff: 0.0, Sum: 330.6]
      [GC Worker End (ms): Min: 10171763.3, Avg: 10171763.3, Max: 10171763.3, Diff: 0.0]
   [Code Root Fixup: 0.6 ms]
   [Code Root Migration: 0.0 ms]
   [Clear CT: 0.5 ms]
   [Other: 6.3 ms]
      [Choose CSet: 0.0 ms]
      [Ref Proc: 2.5 ms]
      [Ref Enq: 0.2 ms]
      [Free CSet: 0.5 ms]
   [Eden: 210.0M(210.0M)->0.0B(276.0M) Survivors: 28.0M->18.0M Heap: 1536.0M(4096.0M)->1338.0M(4096.0M)]
 [Times: user=0.29 sys=0.00, real=0.17 secs] 
2016-08-30T16:25:30.583+0200: 10180.717: [GC pause (young), 0.1438890 secs]
   [Parallel Time: 137.6 ms, GC Workers: 2]
      [GC Worker Start (ms): Min: 10180718.9, Avg: 10180718.9, Max: 10180718.9, Diff: 0.0]
      [Ext Root Scanning (ms): Min: 50.7, Avg: 51.1, Max: 51.4, Diff: 0.7, Sum: 102.1]
      [Update RS (ms): Min: 43.8, Avg: 43.9, Max: 44.0, Diff: 0.2, Sum: 87.7]
         [Processed Buffers: Min: 429, Avg: 453.0, Max: 477, Diff: 48, Sum: 906]
      [Scan RS (ms): Min: 5.7, Avg: 5.7, Max: 5.7, Diff: 0.0, Sum: 11.4]
      [Code Root Scanning (ms): Min: 0.0, Avg: 0.1, Max: 0.1, Diff: 0.1, Sum: 0.1]
      [Object Copy (ms): Min: 36.4, Avg: 36.7, Max: 36.9, Diff: 0.5, Sum: 73.3]
      [Termination (ms): Min: 0.0, Avg: 0.0, Max: 0.0, Diff: 0.0, Sum: 0.0]
      [GC Worker Other (ms): Min: 0.1, Avg: 0.2, Max: 0.2, Diff: 0.0, Sum: 0.3]
      [GC Worker Total (ms): Min: 137.5, Avg: 137.5, Max: 137.5, Diff: 0.0, Sum: 275.0]
      [GC Worker End (ms): Min: 10180856.4, Avg: 10180856.4, Max: 10180856.4, Diff: 0.0]
   [Code Root Fixup: 0.3 ms]
   [Code Root Migration: 0.0 ms]
   [Clear CT: 0.4 ms]
   [Other: 5.6 ms]
      [Choose CSet: 0.0 ms]
      [Ref Proc: 2.2 ms]
      [Ref Enq: 0.1 ms]
      [Free CSet: 0.4 ms]
   [Eden: 276.0M(276.0M)->0.0B(324.0M) Survivors: 18.0M->38.0M Heap: 1614.0M(4096.0M)->1363.0M(4096.0M)]
 [Times: user=0.28 sys=0.00, real=0.14 secs] 
2016-08-30T16:25:44.581+0200: 10194.716: [GC pause (young), 0.1915870 secs]
   [Parallel Time: 182.3 ms, GC Workers: 2]
      [GC Worker Start (ms): Min: 10194717.2, Avg: 10194717.2, Max: 10194717.3, Diff: 0.1]
      [Ext Root Scanning (ms): Min: 50.3, Avg: 50.4, Max: 50.4, Diff: 0.0, Sum: 100.7]
      [Update RS (ms): Min: 49.9, Avg: 50.2, Max: 50.4, Diff: 0.5, Sum: 100.4]
         [Processed Buffers: Min: 425, Avg: 437.5, Max: 450, Diff: 25, Sum: 875]
      [Scan RS (ms): Min: 13.9, Avg: 14.2, Max: 14.4, Diff: 0.6, Sum: 28.3]
      [Code Root Scanning (ms): Min: 0.1, Avg: 0.1, Max: 0.1, Diff: 0.0, Sum: 0.2]
      [Object Copy (ms): Min: 67.2, Avg: 67.2, Max: 67.2, Diff: 0.0, Sum: 134.4]
      [Termination (ms): Min: 0.0, Avg: 0.0, Max: 0.0, Diff: 0.0, Sum: 0.0]
      [GC Worker Other (ms): Min: 0.1, Avg: 0.2, Max: 0.2, Diff: 0.0, Sum: 0.3]
      [GC Worker Total (ms): Min: 182.1, Avg: 182.2, Max: 182.2, Diff: 0.1, Sum: 364.3]
      [GC Worker End (ms): Min: 10194899.4, Avg: 10194899.4, Max: 10194899.4, Diff: 0.0]
   [Code Root Fixup: 0.4 ms]
   [Code Root Migration: 0.1 ms]
   [Clear CT: 0.6 ms]
   [Other: 8.3 ms]
      [Choose CSet: 0.0 ms]
      [Ref Proc: 3.8 ms]
      [Ref Enq: 0.3 ms]
      [Free CSet: 1.0 ms]
   [Eden: 324.0M(324.0M)->0.0B(228.0M) Survivors: 38.0M->42.0M Heap: 1687.0M(4096.0M)->1398.0M(4096.0M)]
 [Times: user=0.38 sys=0.00, real=0.20 secs] 
2016-08-30T16:25:53.315+0200: 10203.450: [GC pause (young), 0.1644380 secs]
   [Parallel Time: 156.5 ms, GC Workers: 2]
      [GC Worker Start (ms): Min: 10203451.6, Avg: 10203451.6, Max: 10203451.6, Diff: 0.0]
      [Ext Root Scanning (ms): Min: 50.5, Avg: 51.7, Max: 52.9, Diff: 2.4, Sum: 103.4]
      [Update RS (ms): Min: 41.7, Avg: 41.8, Max: 42.0, Diff: 0.2, Sum: 83.7]
         [Processed Buffers: Min: 331, Avg: 368.5, Max: 406, Diff: 75, Sum: 737]
      [Scan RS (ms): Min: 9.9, Avg: 10.3, Max: 10.7, Diff: 0.7, Sum: 20.6]
      [Code Root Scanning (ms): Min: 0.0, Avg: 0.1, Max: 0.1, Diff: 0.1, Sum: 0.2]
      [Object Copy (ms): Min: 51.7, Avg: 52.4, Max: 53.1, Diff: 1.3, Sum: 104.8]
      [Termination (ms): Min: 0.0, Avg: 0.0, Max: 0.0, Diff: 0.0, Sum: 0.0]
      [GC Worker Other (ms): Min: 0.1, Avg: 0.2, Max: 0.2, Diff: 0.0, Sum: 0.3]
      [GC Worker Total (ms): Min: 156.5, Avg: 156.5, Max: 156.5, Diff: 0.0, Sum: 312.9]
      [GC Worker End (ms): Min: 10203608.0, Avg: 10203608.0, Max: 10203608.0, Diff: 0.0]
   [Code Root Fixup: 0.6 ms]
   [Code Root Migration: 0.0 ms]
   [Clear CT: 0.5 ms]
   [Other: 6.8 ms]
      [Choose CSet: 0.0 ms]
      [Ref Proc: 2.8 ms]
      [Ref Enq: 0.2 ms]
      [Free CSet: 0.6 ms]
   [Eden: 228.0M(228.0M)->0.0B(428.0M) Survivors: 42.0M->24.0M Heap: 1626.0M(4096.0M)->1413.0M(4096.0M)]
 [Times: user=0.32 sys=0.00, real=0.16 secs] 
2016-08-30T16:26:09.598+0200: 10219.733: [GC pause (young), 0.1939560 secs]
   [Parallel Time: 182.0 ms, GC Workers: 2]
      [GC Worker Start (ms): Min: 10219734.4, Avg: 10219734.4, Max: 10219734.5, Diff: 0.0]
      [Ext Root Scanning (ms): Min: 50.4, Avg: 51.4, Max: 52.3, Diff: 1.9, Sum: 102.7]
      [Update RS (ms): Min: 59.7, Avg: 60.0, Max: 60.4, Diff: 0.7, Sum: 120.0]
         [Processed Buffers: Min: 442, Avg: 465.0, Max: 488, Diff: 46, Sum: 930]
      [Scan RS (ms): Min: 10.0, Avg: 10.0, Max: 10.0, Diff: 0.0, Sum: 20.1]
      [Code Root Scanning (ms): Min: 0.1, Avg: 0.1, Max: 0.2, Diff: 0.0, Sum: 0.3]
      [Object Copy (ms): Min: 59.7, Avg: 60.3, Max: 60.9, Diff: 1.2, Sum: 120.5]
      [Termination (ms): Min: 0.0, Avg: 0.0, Max: 0.0, Diff: 0.0, Sum: 0.0]
      [GC Worker Other (ms): Min: 0.1, Avg: 0.2, Max: 0.2, Diff: 0.0, Sum: 0.3]
      [GC Worker Total (ms): Min: 182.0, Avg: 182.0, Max: 182.0, Diff: 0.0, Sum: 364.0]
      [GC Worker End (ms): Min: 10219916.4, Avg: 10219916.4, Max: 10219916.4, Diff: 0.0]
   [Code Root Fixup: 0.6 ms]
   [Code Root Migration: 0.1 ms]
   [Clear CT: 0.6 ms]
   [Other: 10.6 ms]
      [Choose CSet: 0.0 ms]
      [Ref Proc: 5.6 ms]
      [Ref Enq: 0.4 ms]
      [Free CSet: 1.4 ms]
   [Eden: 428.0M(428.0M)->0.0B(246.0M) Survivors: 24.0M->58.0M Heap: 1841.0M(4096.0M)->1446.0M(4096.0M)]
 [Times: user=0.37 sys=0.00, real=0.19 secs] 
2016-08-30T16:26:18.253+0200: 10228.388: [GC pause (young), 0.1816180 secs]
   [Parallel Time: 174.9 ms, GC Workers: 2]
      [GC Worker Start (ms): Min: 10228389.5, Avg: 10228390.7, Max: 10228392.0, Diff: 2.5]
      [Ext Root Scanning (ms): Min: 49.8, Avg: 51.0, Max: 52.2, Diff: 2.4, Sum: 102.0]
      [Update RS (ms): Min: 45.5, Avg: 45.8, Max: 46.1, Diff: 0.6, Sum: 91.6]
         [Processed Buffers: Min: 438, Avg: 448.0, Max: 458, Diff: 20, Sum: 896]
      [Scan RS (ms): Min: 13.7, Avg: 13.9, Max: 14.2, Diff: 0.5, Sum: 27.9]
      [Code Root Scanning (ms): Min: 0.1, Avg: 0.1, Max: 0.1, Diff: 0.1, Sum: 0.2]
      [Object Copy (ms): Min: 62.6, Avg: 62.6, Max: 62.6, Diff: 0.0, Sum: 125.3]
      [Termination (ms): Min: 0.0, Avg: 0.0, Max: 0.0, Diff: 0.0, Sum: 0.0]
      [GC Worker Other (ms): Min: 0.1, Avg: 0.1, Max: 0.2, Diff: 0.0, Sum: 0.3]
      [GC Worker Total (ms): Min: 172.4, Avg: 173.6, Max: 174.9, Diff: 2.5, Sum: 347.2]
      [GC Worker End (ms): Min: 10228564.3, Avg: 10228564.3, Max: 10228564.3, Diff: 0.0]
   [Code Root Fixup: 0.2 ms]
   [Code Root Migration: 0.0 ms]
   [Clear CT: 0.4 ms]
   [Other: 6.0 ms]
      [Choose CSet: 0.0 ms]
      [Ref Proc: 2.1 ms]
      [Ref Enq: 0.1 ms]
      [Free CSet: 0.5 ms]
   [Eden: 246.0M(246.0M)->0.0B(448.0M) Survivors: 58.0M->26.0M Heap: 1692.0M(4096.0M)->1461.0M(4096.0M)]
 [Times: user=0.36 sys=0.00, real=0.18 secs] 
2016-08-30T16:26:34.396+0200: 10244.531: [GC pause (young), 0.1852570 secs]
   [Parallel Time: 176.6 ms, GC Workers: 2]
      [GC Worker Start (ms): Min: 10244532.5, Avg: 10244532.5, Max: 10244532.5, Diff: 0.0]
      [Ext Root Scanning (ms): Min: 51.0, Avg: 52.3, Max: 53.5, Diff: 2.5, Sum: 104.5]
      [Update RS (ms): Min: 64.6, Avg: 67.1, Max: 69.6, Diff: 5.0, Sum: 134.2]
         [Processed Buffers: Min: 389, Avg: 468.0, Max: 547, Diff: 158, Sum: 936]
      [Scan RS (ms): Min: 10.4, Avg: 11.3, Max: 12.2, Diff: 1.8, Sum: 22.5]
      [Code Root Scanning (ms): Min: 0.2, Avg: 0.2, Max: 0.2, Diff: 0.0, Sum: 0.3]
      [Object Copy (ms): Min: 45.2, Avg: 45.5, Max: 45.8, Diff: 0.6, Sum: 91.1]
      [Termination (ms): Min: 0.0, Avg: 0.0, Max: 0.0, Diff: 0.0, Sum: 0.0]
      [GC Worker Other (ms): Min: 0.2, Avg: 0.2, Max: 0.2, Diff: 0.0, Sum: 0.3]
      [GC Worker Total (ms): Min: 176.5, Avg: 176.5, Max: 176.5, Diff: 0.0, Sum: 353.0]
      [GC Worker End (ms): Min: 10244709.0, Avg: 10244709.0, Max: 10244709.0, Diff: 0.0]
   [Code Root Fixup: 0.2 ms]
   [Code Root Migration: 0.1 ms]
   [Clear CT: 0.4 ms]
   [Other: 8.0 ms]
      [Choose CSet: 0.0 ms]
      [Ref Proc: 4.0 ms]
      [Ref Enq: 0.2 ms]
      [Free CSet: 0.8 ms]
   [Eden: 448.0M(448.0M)->0.0B(236.0M) Survivors: 26.0M->60.0M Heap: 1909.0M(4096.0M)->1498.0M(4096.0M)]
 [Times: user=0.35 sys=0.01, real=0.19 secs] 
2016-08-30T16:26:41.351+0200: 10251.486: [GC pause (young), 0.1961200 secs]
   [Parallel Time: 189.0 ms, GC Workers: 2]
      [GC Worker Start (ms): Min: 10251487.7, Avg: 10251487.7, Max: 10251487.7, Diff: 0.0]
      [Ext Root Scanning (ms): Min: 50.7, Avg: 51.5, Max: 52.3, Diff: 1.5, Sum: 103.0]
      [Update RS (ms): Min: 43.1, Avg: 43.7, Max: 44.2, Diff: 1.1, Sum: 87.3]
         [Processed Buffers: Min: 389, Avg: 400.5, Max: 412, Diff: 23, Sum: 801]
      [Scan RS (ms): Min: 14.3, Avg: 14.6, Max: 14.9, Diff: 0.6, Sum: 29.2]
      [Code Root Scanning (ms): Min: 0.1, Avg: 0.1, Max: 0.1, Diff: 0.0, Sum: 0.2]
      [Object Copy (ms): Min: 78.4, Avg: 78.9, Max: 79.5, Diff: 1.0, Sum: 157.9]
      [Termination (ms): Min: 0.0, Avg: 0.0, Max: 0.0, Diff: 0.0, Sum: 0.0]
      [GC Worker Other (ms): Min: 0.1, Avg: 0.2, Max: 0.2, Diff: 0.0, Sum: 0.3]
      [GC Worker Total (ms): Min: 188.9, Avg: 189.0, Max: 189.0, Diff: 0.0, Sum: 377.9]
      [GC Worker End (ms): Min: 10251676.6, Avg: 10251676.6, Max: 10251676.6, Diff: 0.0]
   [Code Root Fixup: 0.3 ms]
   [Code Root Migration: 0.0 ms]
   [Clear CT: 0.5 ms]
   [Other: 6.2 ms]
      [Choose CSet: 0.0 ms]
      [Ref Proc: 2.2 ms]
      [Ref Enq: 0.1 ms]
      [Free CSet: 0.6 ms]
   [Eden: 236.0M(236.0M)->0.0B(450.0M) Survivors: 60.0M->26.0M Heap: 1734.0M(4096.0M)->1514.0M(4096.0M)]
 [Times: user=0.36 sys=0.01, real=0.19 secs] 
2016-08-30T16:26:57.370+0200: 10267.504: [GC pause (young), 0.1961010 secs]
   [Parallel Time: 187.1 ms, GC Workers: 2]
      [GC Worker Start (ms): Min: 10267506.0, Avg: 10267508.6, Max: 10267511.2, Diff: 5.2]
      [Ext Root Scanning (ms): Min: 49.9, Avg: 51.4, Max: 53.0, Diff: 3.1, Sum: 102.9]
      [Update RS (ms): Min: 62.1, Avg: 62.3, Max: 62.5, Diff: 0.4, Sum: 124.6]
         [Processed Buffers: Min: 443, Avg: 470.5, Max: 498, Diff: 55, Sum: 941]
      [Scan RS (ms): Min: 16.1, Avg: 16.3, Max: 16.4, Diff: 0.2, Sum: 32.5]
      [Code Root Scanning (ms): Min: 0.1, Avg: 0.1, Max: 0.2, Diff: 0.0, Sum: 0.3]
      [Object Copy (ms): Min: 53.2, Avg: 54.2, Max: 55.1, Diff: 1.9, Sum: 108.3]
      [Termination (ms): Min: 0.0, Avg: 0.0, Max: 0.0, Diff: 0.0, Sum: 0.0]
      [GC Worker Other (ms): Min: 0.1, Avg: 0.1, Max: 0.2, Diff: 0.0, Sum: 0.3]
      [GC Worker Total (ms): Min: 181.8, Avg: 184.4, Max: 187.1, Diff: 5.2, Sum: 368.9]
      [GC Worker End (ms): Min: 10267693.1, Avg: 10267693.1, Max: 10267693.1, Diff: 0.0]
   [Code Root Fixup: 0.2 ms]
   [Code Root Migration: 0.1 ms]
   [Clear CT: 0.5 ms]
   [Other: 8.2 ms]
      [Choose CSet: 0.0 ms]
      [Ref Proc: 4.0 ms]
      [Ref Enq: 0.2 ms]
      [Free CSet: 0.9 ms]
   [Eden: 450.0M(450.0M)->0.0B(194.0M) Survivors: 26.0M->56.0M Heap: 1964.0M(4096.0M)->1544.0M(4096.0M)]
 [Times: user=0.36 sys=0.00, real=0.20 secs] 
2016-08-30T16:27:03.846+0200: 10273.980: [GC pause (young), 0.1802980 secs]
   [Parallel Time: 172.6 ms, GC Workers: 2]
      [GC Worker Start (ms): Min: 10273981.6, Avg: 10273981.6, Max: 10273981.6, Diff: 0.0]
      [Ext Root Scanning (ms): Min: 50.9, Avg: 51.3, Max: 51.7, Diff: 0.8, Sum: 102.6]
      [Update RS (ms): Min: 37.6, Avg: 38.4, Max: 39.3, Diff: 1.7, Sum: 76.8]
         [Processed Buffers: Min: 346, Avg: 350.5, Max: 355, Diff: 9, Sum: 701]
      [Scan RS (ms): Min: 14.4, Avg: 14.8, Max: 15.2, Diff: 0.8, Sum: 29.6]
      [Code Root Scanning (ms): Min: 0.1, Avg: 0.1, Max: 0.1, Diff: 0.1, Sum: 0.2]
      [Object Copy (ms): Min: 67.6, Avg: 67.7, Max: 67.7, Diff: 0.1, Sum: 135.4]
      [Termination (ms): Min: 0.0, Avg: 0.0, Max: 0.0, Diff: 0.0, Sum: 0.0]
      [GC Worker Other (ms): Min: 0.1, Avg: 0.2, Max: 0.2, Diff: 0.1, Sum: 0.4]
      [GC Worker Total (ms): Min: 172.5, Avg: 172.5, Max: 172.5, Diff: 0.0, Sum: 344.9]
      [GC Worker End (ms): Min: 10274154.0, Avg: 10274154.0, Max: 10274154.0, Diff: 0.0]
   [Code Root Fixup: 0.7 ms]
   [Code Root Migration: 0.0 ms]
   [Clear CT: 0.6 ms]
   [Other: 6.4 ms]
      [Choose CSet: 0.0 ms]
      [Ref Proc: 2.4 ms]
      [Ref Enq: 0.2 ms]
      [Free CSet: 0.6 ms]
   [Eden: 194.0M(194.0M)->0.0B(500.0M) Survivors: 56.0M->20.0M Heap: 1738.0M(4096.0M)->1557.0M(4096.0M)]
 [Times: user=0.35 sys=0.00, real=0.18 secs] 
2016-08-30T16:27:22.337+0200: 10292.472: [GC pause (young), 0.2122040 secs]
   [Parallel Time: 202.0 ms, GC Workers: 2]
      [GC Worker Start (ms): Min: 10292473.5, Avg: 10292473.6, Max: 10292473.6, Diff: 0.0]
      [Ext Root Scanning (ms): Min: 50.3, Avg: 50.6, Max: 50.9, Diff: 0.5, Sum: 101.2]
      [Update RS (ms): Min: 68.3, Avg: 68.7, Max: 69.1, Diff: 0.8, Sum: 137.4]
         [Processed Buffers: Min: 480, Avg: 484.0, Max: 488, Diff: 8, Sum: 968]
      [Scan RS (ms): Min: 9.9, Avg: 10.5, Max: 11.0, Diff: 1.1, Sum: 21.0]
      [Code Root Scanning (ms): Min: 0.1, Avg: 0.2, Max: 0.2, Diff: 0.0, Sum: 0.3]
      [Object Copy (ms): Min: 71.7, Avg: 71.9, Max: 72.0, Diff: 0.2, Sum: 143.7]
      [Termination (ms): Min: 0.0, Avg: 0.0, Max: 0.0, Diff: 0.0, Sum: 0.0]
      [GC Worker Other (ms): Min: 0.1, Avg: 0.2, Max: 0.2, Diff: 0.0, Sum: 0.3]
      [GC Worker Total (ms): Min: 201.9, Avg: 202.0, Max: 202.0, Diff: 0.0, Sum: 403.9]
      [GC Worker End (ms): Min: 10292675.5, Avg: 10292675.5, Max: 10292675.5, Diff: 0.0]
   [Code Root Fixup: 0.4 ms]
   [Code Root Migration: 0.1 ms]
   [Clear CT: 0.5 ms]
   [Other: 9.2 ms]
      [Choose CSet: 0.0 ms]
      [Ref Proc: 4.6 ms]
      [Ref Enq: 0.3 ms]
      [Free CSet: 1.0 ms]
   [Eden: 500.0M(500.0M)->0.0B(164.0M) Survivors: 20.0M->64.0M Heap: 2057.0M(4096.0M)->1600.0M(4096.0M)]
 [Times: user=0.40 sys=0.00, real=0.21 secs] 
2016-08-30T16:27:28.710+0200: 10298.844: [GC pause (young), 0.2090260 secs]
   [Parallel Time: 187.4 ms, GC Workers: 2]
      [GC Worker Start (ms): Min: 10298853.7, Avg: 10298853.8, Max: 10298853.8, Diff: 0.0]
      [Ext Root Scanning (ms): Min: 45.7, Avg: 48.1, Max: 50.4, Diff: 4.7, Sum: 96.1]
      [Update RS (ms): Min: 34.8, Avg: 37.9, Max: 41.0, Diff: 6.3, Sum: 75.8]
         [Processed Buffers: Min: 227, Avg: 337.5, Max: 448, Diff: 221, Sum: 675]
      [Scan RS (ms): Min: 20.9, Avg: 22.1, Max: 23.4, Diff: 2.5, Sum: 44.3]
      [Code Root Scanning (ms): Min: 0.0, Avg: 0.0, Max: 0.1, Diff: 0.0, Sum: 0.1]
      [Object Copy (ms): Min: 74.8, Avg: 79.0, Max: 83.3, Diff: 8.5, Sum: 158.0]
      [Termination (ms): Min: 0.0, Avg: 0.0, Max: 0.0, Diff: 0.0, Sum: 0.0]
      [GC Worker Other (ms): Min: 0.1, Avg: 0.1, Max: 0.2, Diff: 0.0, Sum: 0.3]
      [GC Worker Total (ms): Min: 187.3, Avg: 187.3, Max: 187.3, Diff: 0.0, Sum: 374.6]
      [GC Worker End (ms): Min: 10299041.1, Avg: 10299041.1, Max: 10299041.1, Diff: 0.0]
   [Code Root Fixup: 0.4 ms]
   [Code Root Migration: 0.0 ms]
   [Clear CT: 0.4 ms]
   [Other: 20.8 ms]
      [Choose CSet: 0.0 ms]
      [Ref Proc: 9.1 ms]
      [Ref Enq: 0.1 ms]
      [Free CSet: 0.5 ms]
   [Eden: 164.0M(164.0M)->0.0B(438.0M) Survivors: 64.0M->14.0M Heap: 1764.0M(4096.0M)->1601.0M(4096.0M)]
 [Times: user=0.26 sys=0.00, real=0.21 secs] 
2016-08-30T16:27:44.981+0200: 10315.115: [GC pause (young), 0.1945940 secs]
   [Parallel Time: 184.7 ms, GC Workers: 2]
      [GC Worker Start (ms): Min: 10315117.5, Avg: 10315117.5, Max: 10315117.5, Diff: 0.0]
      [Ext Root Scanning (ms): Min: 52.8, Avg: 53.2, Max: 53.5, Diff: 0.7, Sum: 106.3]
      [Update RS (ms): Min: 63.5, Avg: 64.5, Max: 65.6, Diff: 2.1, Sum: 129.0]
         [Processed Buffers: Min: 484, Avg: 513.0, Max: 542, Diff: 58, Sum: 1026]
      [Scan RS (ms): Min: 9.0, Avg: 9.3, Max: 9.5, Diff: 0.5, Sum: 18.5]
      [Code Root Scanning (ms): Min: 0.1, Avg: 0.1, Max: 0.2, Diff: 0.1, Sum: 0.3]
      [Object Copy (ms): Min: 56.9, Avg: 57.3, Max: 57.8, Diff: 0.9, Sum: 114.7]
      [Termination (ms): Min: 0.0, Avg: 0.0, Max: 0.0, Diff: 0.0, Sum: 0.0]
      [GC Worker Other (ms): Min: 0.1, Avg: 0.2, Max: 0.2, Diff: 0.1, Sum: 0.3]
      [GC Worker Total (ms): Min: 184.5, Avg: 184.6, Max: 184.6, Diff: 0.0, Sum: 369.1]
      [GC Worker End (ms): Min: 10315302.0, Avg: 10315302.0, Max: 10315302.0, Diff: 0.0]
   [Code Root Fixup: 0.3 ms]
   [Code Root Migration: 0.1 ms]
   [Clear CT: 0.5 ms]
   [Other: 9.0 ms]
      [Choose CSet: 0.0 ms]
      [Ref Proc: 4.5 ms]
      [Ref Enq: 0.2 ms]
      [Free CSet: 0.8 ms]
   [Eden: 438.0M(438.0M)->0.0B(148.0M) Survivors: 14.0M->56.0M Heap: 2039.0M(4096.0M)->1643.0M(4096.0M)]
 [Times: user=0.37 sys=0.01, real=0.19 secs] 
2016-08-30T16:27:50.737+0200: 10320.871: [GC pause (young), 0.1705000 secs]
   [Parallel Time: 163.2 ms, GC Workers: 2]
      [GC Worker Start (ms): Min: 10320873.0, Avg: 10320875.6, Max: 10320878.2, Diff: 5.3]
      [Ext Root Scanning (ms): Min: 50.0, Avg: 51.7, Max: 53.4, Diff: 3.4, Sum: 103.5]
      [Update RS (ms): Min: 31.2, Avg: 31.9, Max: 32.6, Diff: 1.5, Sum: 63.8]
         [Processed Buffers: Min: 306, Avg: 324.0, Max: 342, Diff: 36, Sum: 648]
      [Scan RS (ms): Min: 13.3, Avg: 14.0, Max: 14.7, Diff: 1.4, Sum: 28.0]
      [Code Root Scanning (ms): Min: 0.0, Avg: 0.1, Max: 0.1, Diff: 0.0, Sum: 0.1]
      [Object Copy (ms): Min: 61.8, Avg: 62.6, Max: 63.5, Diff: 1.8, Sum: 125.3]
      [Termination (ms): Min: 0.0, Avg: 0.0, Max: 0.0, Diff: 0.0, Sum: 0.0]
      [GC Worker Other (ms): Min: 0.1, Avg: 0.1, Max: 0.1, Diff: 0.1, Sum: 0.2]
      [GC Worker Total (ms): Min: 157.8, Avg: 160.4, Max: 163.1, Diff: 5.3, Sum: 320.9]
      [GC Worker End (ms): Min: 10321036.0, Avg: 10321036.0, Max: 10321036.0, Diff: 0.0]
   [Code Root Fixup: 0.5 ms]
   [Code Root Migration: 0.0 ms]
   [Clear CT: 0.6 ms]
   [Other: 6.2 ms]
      [Choose CSet: 0.0 ms]
      [Ref Proc: 2.2 ms]
      [Ref Enq: 0.1 ms]
      [Free CSet: 0.5 ms]
   [Eden: 148.0M(148.0M)->0.0B(610.0M) Survivors: 56.0M->14.0M Heap: 1791.0M(4096.0M)->1649.0M(4096.0M)]
 [Times: user=0.33 sys=0.01, real=0.17 secs] 
2016-08-30T16:28:11.688+0200: 10341.823: [GC pause (young), 0.2018650 secs]
   [Parallel Time: 193.6 ms, GC Workers: 2]
      [GC Worker Start (ms): Min: 10341824.1, Avg: 10341825.7, Max: 10341827.2, Diff: 3.1]
      [Ext Root Scanning (ms): Min: 59.7, Avg: 60.0, Max: 60.3, Diff: 0.7, Sum: 120.0]
      [Update RS (ms): Min: 59.6, Avg: 60.9, Max: 62.1, Diff: 2.5, Sum: 121.8]
         [Processed Buffers: Min: 298, Avg: 452.5, Max: 607, Diff: 309, Sum: 905]
      [Scan RS (ms): Min: 10.4, Avg: 11.0, Max: 11.6, Diff: 1.3, Sum: 22.0]
      [Code Root Scanning (ms): Min: 0.0, Avg: 0.1, Max: 0.2, Diff: 0.1, Sum: 0.2]
      [Object Copy (ms): Min: 59.9, Avg: 60.0, Max: 60.1, Diff: 0.2, Sum: 120.0]
      [Termination (ms): Min: 0.0, Avg: 0.0, Max: 0.0, Diff: 0.0, Sum: 0.0]
      [GC Worker Other (ms): Min: 0.1, Avg: 0.1, Max: 0.1, Diff: 0.0, Sum: 0.2]
      [GC Worker Total (ms): Min: 190.5, Avg: 192.1, Max: 193.6, Diff: 3.1, Sum: 384.1]
      [GC Worker End (ms): Min: 10342017.7, Avg: 10342017.7, Max: 10342017.7, Diff: 0.0]
   [Code Root Fixup: 0.3 ms]
   [Code Root Migration: 0.1 ms]
   [Clear CT: 0.4 ms]
   [Other: 7.5 ms]
      [Choose CSet: 0.0 ms]
      [Ref Proc: 3.9 ms]
      [Ref Enq: 0.2 ms]
      [Free CSet: 0.9 ms]
   [Eden: 516.0M(460.0M)->0.0B(182.0M) Survivors: 14.0M->56.0M Heap: 2165.0M(4096.0M)->1691.0M(4096.0M)]
 [Times: user=0.23 sys=0.00, real=0.20 secs] 
2016-08-30T16:28:18.007+0200: 10348.141: [GC pause (young), 0.2235370 secs]
   [Parallel Time: 218.9 ms, GC Workers: 2]
      [GC Worker Start (ms): Min: 10348142.1, Avg: 10348142.1, Max: 10348142.1, Diff: 0.0]
      [Ext Root Scanning (ms): Min: 56.5, Avg: 60.7, Max: 64.8, Diff: 8.3, Sum: 121.3]
      [Update RS (ms): Min: 46.1, Avg: 50.2, Max: 54.3, Diff: 8.1, Sum: 100.4]
         [Processed Buffers: Min: 296, Avg: 342.0, Max: 388, Diff: 92, Sum: 684]
      [Scan RS (ms): Min: 13.5, Avg: 13.8, Max: 14.0, Diff: 0.5, Sum: 27.5]
      [Code Root Scanning (ms): Min: 0.0, Avg: 0.0, Max: 0.1, Diff: 0.0, Sum: 0.1]
      [Object Copy (ms): Min: 81.1, Avg: 85.4, Max: 89.7, Diff: 8.6, Sum: 170.8]
      [Termination (ms): Min: 0.0, Avg: 4.2, Max: 8.4, Diff: 8.3, Sum: 8.4]
      [GC Worker Other (ms): Min: 0.1, Avg: 0.1, Max: 0.1, Diff: 0.0, Sum: 0.2]
      [GC Worker Total (ms): Min: 214.3, Avg: 214.3, Max: 214.3, Diff: 0.0, Sum: 428.7]
      [GC Worker End (ms): Min: 10348356.4, Avg: 10348356.4, Max: 10348356.5, Diff: 0.0]
   [Code Root Fixup: 0.4 ms]
   [Code Root Migration: 0.0 ms]
   [Clear CT: 0.4 ms]
   [Other: 3.8 ms]
      [Choose CSet: 0.0 ms]
      [Ref Proc: 1.2 ms]
      [Ref Enq: 0.1 ms]
      [Free CSet: 0.4 ms]
   [Eden: 182.0M(182.0M)->0.0B(200.0M) Survivors: 56.0M->26.0M Heap: 1873.0M(4096.0M)->1706.0M(4096.0M)]
 [Times: user=0.19 sys=0.00, real=0.22 secs] 
2016-08-30T16:28:25.296+0200: 10355.430: [GC pause (young), 0.1453770 secs]
   [Parallel Time: 137.9 ms, GC Workers: 2]
      [GC Worker Start (ms): Min: 10355431.9, Avg: 10355431.9, Max: 10355431.9, Diff: 0.0]
      [Ext Root Scanning (ms): Min: 50.4, Avg: 50.6, Max: 50.8, Diff: 0.4, Sum: 101.2]
      [Update RS (ms): Min: 38.6, Avg: 39.3, Max: 40.0, Diff: 1.4, Sum: 78.6]
         [Processed Buffers: Min: 371, Avg: 381.0, Max: 391, Diff: 20, Sum: 762]
      [Scan RS (ms): Min: 6.6, Avg: 6.9, Max: 7.2, Diff: 0.6, Sum: 13.8]
      [Code Root Scanning (ms): Min: 0.1, Avg: 0.1, Max: 0.1, Diff: 0.0, Sum: 0.1]
      [Object Copy (ms): Min: 40.7, Avg: 40.8, Max: 41.0, Diff: 0.3, Sum: 81.6]
      [Termination (ms): Min: 0.0, Avg: 0.0, Max: 0.0, Diff: 0.0, Sum: 0.0]
      [GC Worker Other (ms): Min: 0.1, Avg: 0.1, Max: 0.1, Diff: 0.1, Sum: 0.2]
      [GC Worker Total (ms): Min: 137.8, Avg: 137.8, Max: 137.8, Diff: 0.0, Sum: 275.7]
      [GC Worker End (ms): Min: 10355569.7, Avg: 10355569.7, Max: 10355569.7, Diff: 0.0]
   [Code Root Fixup: 0.4 ms]
   [Code Root Migration: 0.0 ms]
   [Clear CT: 0.5 ms]
   [Other: 6.4 ms]
      [Choose CSet: 0.0 ms]
      [Ref Proc: 2.5 ms]
      [Ref Enq: 0.3 ms]
      [Free CSet: 0.6 ms]
   [Eden: 200.0M(200.0M)->0.0B(428.0M) Survivors: 26.0M->20.0M Heap: 1906.0M(4096.0M)->1721.0M(4096.0M)]
 [Times: user=0.28 sys=0.01, real=0.15 secs] 
2016-08-30T16:28:41.588+0200: 10371.722: [GC pause (young), 0.1912720 secs]
   [Parallel Time: 180.0 ms, GC Workers: 2]
      [GC Worker Start (ms): Min: 10371723.9, Avg: 10371723.9, Max: 10371723.9, Diff: 0.0]
      [Ext Root Scanning (ms): Min: 52.4, Avg: 52.9, Max: 53.3, Diff: 0.9, Sum: 105.7]
      [Update RS (ms): Min: 58.0, Avg: 59.5, Max: 61.0, Diff: 3.0, Sum: 119.0]
         [Processed Buffers: Min: 425, Avg: 468.0, Max: 511, Diff: 86, Sum: 936]
      [Scan RS (ms): Min: 9.8, Avg: 10.1, Max: 10.4, Diff: 0.5, Sum: 20.2]
      [Code Root Scanning (ms): Min: 0.1, Avg: 0.2, Max: 0.2, Diff: 0.0, Sum: 0.3]
      [Object Copy (ms): Min: 56.3, Avg: 57.1, Max: 57.9, Diff: 1.6, Sum: 114.2]
      [Termination (ms): Min: 0.0, Avg: 0.0, Max: 0.0, Diff: 0.0, Sum: 0.0]
      [GC Worker Other (ms): Min: 0.1, Avg: 0.2, Max: 0.2, Diff: 0.0, Sum: 0.3]
      [GC Worker Total (ms): Min: 179.9, Avg: 179.9, Max: 179.9, Diff: 0.0, Sum: 359.8]
      [GC Worker End (ms): Min: 10371903.8, Avg: 10371903.8, Max: 10371903.8, Diff: 0.0]
   [Code Root Fixup: 0.6 ms]
   [Code Root Migration: 0.1 ms]
   [Clear CT: 0.6 ms]
   [Other: 10.0 ms]
      [Choose CSet: 0.0 ms]
      [Ref Proc: 5.3 ms]
      [Ref Enq: 0.4 ms]
      [Free CSet: 1.1 ms]
   [Eden: 428.0M(428.0M)->0.0B(190.0M) Survivors: 20.0M->52.0M Heap: 2149.0M(4096.0M)->1754.0M(4096.0M)]
 [Times: user=0.37 sys=0.00, real=0.20 secs] 
2016-08-30T16:28:48.089+0200: 10378.223: [GC pause (young), 0.2477030 secs]
   [Parallel Time: 239.8 ms, GC Workers: 2]
      [GC Worker Start (ms): Min: 10378227.9, Avg: 10378229.1, Max: 10378230.2, Diff: 2.2]
      [Ext Root Scanning (ms): Min: 88.5, Avg: 97.1, Max: 105.6, Diff: 17.1, Sum: 194.1]
      [Update RS (ms): Min: 55.7, Avg: 67.2, Max: 78.7, Diff: 22.9, Sum: 134.4]
         [Processed Buffers: Min: 360, Avg: 364.0, Max: 368, Diff: 8, Sum: 728]
      [Scan RS (ms): Min: 12.5, Avg: 14.7, Max: 16.8, Diff: 4.3, Sum: 29.4]
      [Code Root Scanning (ms): Min: 0.0, Avg: 0.0, Max: 0.0, Diff: 0.0, Sum: 0.1]
      [Object Copy (ms): Min: 59.1, Avg: 59.5, Max: 59.9, Diff: 0.8, Sum: 119.1]
      [Termination (ms): Min: 0.0, Avg: 0.1, Max: 0.1, Diff: 0.1, Sum: 0.1]
      [GC Worker Other (ms): Min: 0.1, Avg: 0.1, Max: 0.1, Diff: 0.0, Sum: 0.2]
      [GC Worker Total (ms): Min: 237.5, Avg: 238.6, Max: 239.8, Diff: 2.2, Sum: 477.3]
      [GC Worker End (ms): Min: 10378467.7, Avg: 10378467.7, Max: 10378467.7, Diff: 0.0]
   [Code Root Fixup: 0.3 ms]
   [Code Root Migration: 0.0 ms]
   [Clear CT: 0.6 ms]
   [Other: 7.0 ms]
      [Choose CSet: 0.0 ms]
      [Ref Proc: 1.2 ms]
      [Ref Enq: 0.1 ms]
      [Free CSet: 0.3 ms]
   [Eden: 190.0M(190.0M)->0.0B(178.0M) Survivors: 52.0M->26.0M Heap: 1944.0M(4096.0M)->1768.0M(4096.0M)]
 [Times: user=0.16 sys=0.00, real=0.25 secs] 
2016-08-30T16:28:54.011+0200: 10384.145: [GC pause (young), 0.1465470 secs]
   [Parallel Time: 139.0 ms, GC Workers: 2]
      [GC Worker Start (ms): Min: 10384146.6, Avg: 10384147.1, Max: 10384147.5, Diff: 0.9]
      [Ext Root Scanning (ms): Min: 49.8, Avg: 51.5, Max: 53.2, Diff: 3.5, Sum: 103.0]
      [Update RS (ms): Min: 38.1, Avg: 38.8, Max: 39.4, Diff: 1.3, Sum: 77.5]
         [Processed Buffers: Min: 311, Avg: 341.0, Max: 371, Diff: 60, Sum: 682]
      [Scan RS (ms): Min: 6.8, Avg: 7.0, Max: 7.2, Diff: 0.4, Sum: 14.0]
      [Code Root Scanning (ms): Min: 0.1, Avg: 0.1, Max: 0.1, Diff: 0.0, Sum: 0.1]
      [Object Copy (ms): Min: 40.2, Avg: 41.0, Max: 41.9, Diff: 1.6, Sum: 82.1]
      [Termination (ms): Min: 0.0, Avg: 0.0, Max: 0.0, Diff: 0.0, Sum: 0.0]
      [GC Worker Other (ms): Min: 0.1, Avg: 0.1, Max: 0.1, Diff: 0.0, Sum: 0.3]
      [GC Worker Total (ms): Min: 138.0, Avg: 138.5, Max: 138.9, Diff: 0.9, Sum: 277.0]
      [GC Worker End (ms): Min: 10384285.6, Avg: 10384285.6, Max: 10384285.6, Diff: 0.0]
   [Code Root Fixup: 0.4 ms]
   [Code Root Migration: 0.0 ms]
   [Clear CT: 1.1 ms]
   [Other: 6.0 ms]
      [Choose CSet: 0.0 ms]
      [Ref Proc: 2.3 ms]
      [Ref Enq: 0.2 ms]
      [Free CSet: 0.5 ms]
   [Eden: 178.0M(178.0M)->0.0B(220.0M) Survivors: 26.0M->20.0M Heap: 1946.0M(4096.0M)->1784.0M(4096.0M)]
 [Times: user=0.28 sys=0.00, real=0.14 secs] 
2016-08-30T16:29:02.026+0200: 10392.160: [GC pause (young), 0.1506570 secs]
   [Parallel Time: 144.6 ms, GC Workers: 2]
      [GC Worker Start (ms): Min: 10392161.7, Avg: 10392163.3, Max: 10392164.8, Diff: 3.1]
      [Ext Root Scanning (ms): Min: 51.3, Avg: 51.7, Max: 52.0, Diff: 0.7, Sum: 103.3]
      [Update RS (ms): Min: 44.4, Avg: 45.3, Max: 46.1, Diff: 1.6, Sum: 90.5]
         [Processed Buffers: Min: 359, Avg: 411.5, Max: 464, Diff: 105, Sum: 823]
      [Scan RS (ms): Min: 5.8, Avg: 6.4, Max: 6.9, Diff: 1.1, Sum: 12.7]
      [Code Root Scanning (ms): Min: 0.1, Avg: 0.1, Max: 0.1, Diff: 0.0, Sum: 0.1]
      [Object Copy (ms): Min: 37.8, Avg: 39.4, Max: 41.0, Diff: 3.2, Sum: 78.8]
      [Termination (ms): Min: 0.0, Avg: 0.0, Max: 0.0, Diff: 0.0, Sum: 0.0]
      [GC Worker Other (ms): Min: 0.1, Avg: 0.1, Max: 0.2, Diff: 0.0, Sum: 0.3]
      [GC Worker Total (ms): Min: 141.4, Avg: 142.9, Max: 144.4, Diff: 3.1, Sum: 285.8]
      [GC Worker End (ms): Min: 10392306.2, Avg: 10392306.2, Max: 10392306.2, Diff: 0.0]
   [Code Root Fixup: 0.3 ms]
   [Code Root Migration: 0.0 ms]
   [Clear CT: 0.4 ms]
   [Other: 5.4 ms]
      [Choose CSet: 0.0 ms]
      [Ref Proc: 1.9 ms]
      [Ref Enq: 0.1 ms]
      [Free CSet: 0.4 ms]
   [Eden: 220.0M(220.0M)->0.0B(366.0M) Survivors: 20.0M->22.0M Heap: 2004.0M(4096.0M)->1803.0M(4096.0M)]
 [Times: user=0.28 sys=0.00, real=0.15 secs] 
2016-08-30T16:29:13.837+0200: 10403.971: [GC pause (young), 0.1909830 secs]
   [Parallel Time: 180.5 ms, GC Workers: 2]
      [GC Worker Start (ms): Min: 10403973.2, Avg: 10403975.7, Max: 10403978.2, Diff: 5.1]
      [Ext Root Scanning (ms): Min: 54.2, Avg: 55.7, Max: 57.1, Diff: 3.0, Sum: 111.3]
      [Update RS (ms): Min: 54.3, Avg: 54.4, Max: 54.5, Diff: 0.1, Sum: 108.8]
         [Processed Buffers: Min: 452, Avg: 462.5, Max: 473, Diff: 21, Sum: 925]
      [Scan RS (ms): Min: 9.2, Avg: 9.5, Max: 9.7, Diff: 0.6, Sum: 18.9]
      [Code Root Scanning (ms): Min: 0.1, Avg: 0.1, Max: 0.1, Diff: 0.0, Sum: 0.2]
      [Object Copy (ms): Min: 57.5, Avg: 58.2, Max: 58.9, Diff: 1.4, Sum: 116.3]
      [Termination (ms): Min: 0.0, Avg: 0.0, Max: 0.0, Diff: 0.0, Sum: 0.0]
      [GC Worker Other (ms): Min: 0.1, Avg: 0.1, Max: 0.1, Diff: 0.1, Sum: 0.2]
      [GC Worker Total (ms): Min: 175.4, Avg: 177.9, Max: 180.4, Diff: 5.1, Sum: 355.8]
      [GC Worker End (ms): Min: 10404153.6, Avg: 10404153.6, Max: 10404153.6, Diff: 0.0]
   [Code Root Fixup: 0.5 ms]
   [Code Root Migration: 0.1 ms]
   [Clear CT: 0.6 ms]
   [Other: 9.4 ms]
      [Choose CSet: 0.0 ms]
      [Ref Proc: 4.4 ms]
      [Ref Enq: 0.5 ms]
      [Free CSet: 0.9 ms]
   [Eden: 338.0M(208.0M)->0.0B(268.0M) Survivors: 22.0M->30.0M Heap: 2141.0M(4096.0M)->1840.0M(4096.0M)]
 [Times: user=0.35 sys=0.00, real=0.19 secs] 
2016-08-30T16:29:24.376+0200: 10414.510: [GC pause (young), 0.1769280 secs]
   [Parallel Time: 170.5 ms, GC Workers: 2]
      [GC Worker Start (ms): Min: 10414512.2, Avg: 10414512.2, Max: 10414512.2, Diff: 0.0]
      [Ext Root Scanning (ms): Min: 52.0, Avg: 55.2, Max: 58.3, Diff: 6.3, Sum: 110.3]
      [Update RS (ms): Min: 47.9, Avg: 51.9, Max: 55.8, Diff: 7.8, Sum: 103.7]
         [Processed Buffers: Min: 445, Avg: 488.5, Max: 532, Diff: 87, Sum: 977]
      [Scan RS (ms): Min: 9.1, Avg: 11.7, Max: 14.3, Diff: 5.2, Sum: 23.4]
      [Code Root Scanning (ms): Min: 0.1, Avg: 0.1, Max: 0.1, Diff: 0.0, Sum: 0.2]
      [Object Copy (ms): Min: 49.6, Avg: 51.4, Max: 53.3, Diff: 3.7, Sum: 102.9]
      [Termination (ms): Min: 0.0, Avg: 0.0, Max: 0.1, Diff: 0.1, Sum: 0.1]
      [GC Worker Other (ms): Min: 0.1, Avg: 0.1, Max: 0.2, Diff: 0.0, Sum: 0.3]
      [GC Worker Total (ms): Min: 170.4, Avg: 170.4, Max: 170.4, Diff: 0.0, Sum: 340.8]
      [GC Worker End (ms): Min: 10414682.6, Avg: 10414682.6, Max: 10414682.6, Diff: 0.0]
   [Code Root Fixup: 0.3 ms]
   [Code Root Migration: 0.0 ms]
   [Clear CT: 0.4 ms]
   [Other: 5.7 ms]
      [Choose CSet: 0.0 ms]
      [Ref Proc: 2.1 ms]
      [Ref Enq: 0.1 ms]
      [Free CSet: 0.5 ms]
   [Eden: 268.0M(268.0M)->0.0B(292.0M) Survivors: 30.0M->28.0M Heap: 2108.0M(4096.0M)->1867.0M(4096.0M)]
 [Times: user=0.33 sys=0.00, real=0.17 secs] 
2016-08-30T16:29:34.073+0200: 10424.208: [GC pause (young), 0.1771120 secs]
   [Parallel Time: 168.1 ms, GC Workers: 2]
      [GC Worker Start (ms): Min: 10424209.3, Avg: 10424209.3, Max: 10424209.3, Diff: 0.0]
      [Ext Root Scanning (ms): Min: 52.9, Avg: 53.6, Max: 54.3, Diff: 1.4, Sum: 107.2]
      [Update RS (ms): Min: 53.3, Avg: 53.4, Max: 53.6, Diff: 0.3, Sum: 106.9]
         [Processed Buffers: Min: 459, Avg: 480.0, Max: 501, Diff: 42, Sum: 960]
      [Scan RS (ms): Min: 8.7, Avg: 8.9, Max: 9.1, Diff: 0.4, Sum: 17.8]
      [Code Root Scanning (ms): Min: 0.1, Avg: 0.1, Max: 0.2, Diff: 0.1, Sum: 0.2]
      [Object Copy (ms): Min: 51.2, Avg: 51.8, Max: 52.4, Diff: 1.2, Sum: 103.5]
      [Termination (ms): Min: 0.0, Avg: 0.0, Max: 0.0, Diff: 0.0, Sum: 0.0]
      [GC Worker Other (ms): Min: 0.1, Avg: 0.2, Max: 0.2, Diff: 0.0, Sum: 0.3]
      [GC Worker Total (ms): Min: 168.0, Avg: 168.0, Max: 168.0, Diff: 0.0, Sum: 336.0]
      [GC Worker End (ms): Min: 10424377.3, Avg: 10424377.3, Max: 10424377.3, Diff: 0.0]
   [Code Root Fixup: 0.4 ms]
   [Code Root Migration: 0.1 ms]
   [Clear CT: 0.6 ms]
   [Other: 8.0 ms]
      [Choose CSet: 0.0 ms]
      [Ref Proc: 3.8 ms]
      [Ref Enq: 0.3 ms]
      [Free CSet: 0.7 ms]
   [Eden: 292.0M(292.0M)->0.0B(318.0M) Survivors: 28.0M->28.0M Heap: 2159.0M(4096.0M)->1890.0M(4096.0M)]
 [Times: user=0.34 sys=0.00, real=0.18 secs] 
2016-08-30T16:29:44.932+0200: 10435.066: [GC pause (young) (initial-mark), 0.2133460 secs]
   [Parallel Time: 202.5 ms, GC Workers: 2]
      [GC Worker Start (ms): Min: 10435068.7, Avg: 10435068.7, Max: 10435068.7, Diff: 0.0]
      [Ext Root Scanning (ms): Min: 52.3, Avg: 52.7, Max: 53.2, Diff: 0.9, Sum: 105.4]
      [Code Root Marking (ms): Min: 12.6, Avg: 13.0, Max: 13.3, Diff: 0.7, Sum: 25.9]
      [Update RS (ms): Min: 56.2, Avg: 57.3, Max: 58.4, Diff: 2.2, Sum: 114.5]
         [Processed Buffers: Min: 483, Avg: 489.0, Max: 495, Diff: 12, Sum: 978]
      [Scan RS (ms): Min: 9.7, Avg: 10.3, Max: 11.0, Diff: 1.3, Sum: 20.7]
      [Code Root Scanning (ms): Min: 0.0, Avg: 0.1, Max: 0.2, Diff: 0.1, Sum: 0.2]
      [Object Copy (ms): Min: 68.3, Avg: 68.8, Max: 69.2, Diff: 0.9, Sum: 137.6]
      [Termination (ms): Min: 0.0, Avg: 0.0, Max: 0.0, Diff: 0.0, Sum: 0.0]
      [GC Worker Other (ms): Min: 0.2, Avg: 0.2, Max: 0.2, Diff: 0.0, Sum: 0.3]
      [GC Worker Total (ms): Min: 202.4, Avg: 202.4, Max: 202.4, Diff: 0.0, Sum: 404.7]
      [GC Worker End (ms): Min: 10435271.1, Avg: 10435271.1, Max: 10435271.1, Diff: 0.0]
   [Code Root Fixup: 0.4 ms]
   [Code Root Migration: 0.1 ms]
   [Clear CT: 0.6 ms]
   [Other: 9.7 ms]
      [Choose CSet: 0.0 ms]
      [Ref Proc: 4.1 ms]
      [Ref Enq: 0.3 ms]
      [Free CSet: 0.7 ms]
   [Eden: 318.0M(318.0M)->0.0B(186.0M) Survivors: 28.0M->36.0M Heap: 2208.0M(4096.0M)->1917.0M(4096.0M)]
 [Times: user=0.41 sys=0.01, real=0.21 secs] 
2016-08-30T16:29:45.146+0200: 10435.280: [GC concurrent-root-region-scan-start]
2016-08-30T16:29:45.191+0200: 10435.325: [GC concurrent-root-region-scan-end, 0.0449310 secs]
2016-08-30T16:29:45.191+0200: 10435.325: [GC concurrent-mark-start]
2016-08-30T16:29:46.107+0200: 10436.241: [GC pause (young), 0.0611080 secs]
   [Parallel Time: 57.8 ms, GC Workers: 2]
      [GC Worker Start (ms): Min: 10436241.7, Avg: 10436241.7, Max: 10436241.7, Diff: 0.0]
      [Ext Root Scanning (ms): Min: 25.0, Avg: 25.4, Max: 25.8, Diff: 0.7, Sum: 50.8]
      [SATB Filtering (ms): Min: 0.0, Avg: 0.5, Max: 1.0, Diff: 1.0, Sum: 1.0]
      [Update RS (ms): Min: 8.6, Avg: 8.6, Max: 8.6, Diff: 0.1, Sum: 17.2]
         [Processed Buffers: Min: 140, Avg: 154.5, Max: 169, Diff: 29, Sum: 309]
      [Scan RS (ms): Min: 4.9, Avg: 5.1, Max: 5.2, Diff: 0.2, Sum: 10.1]
      [Code Root Scanning (ms): Min: 0.0, Avg: 0.0, Max: 0.1, Diff: 0.1, Sum: 0.1]
      [Object Copy (ms): Min: 18.0, Avg: 18.0, Max: 18.1, Diff: 0.1, Sum: 36.1]
      [Termination (ms): Min: 0.0, Avg: 0.0, Max: 0.0, Diff: 0.0, Sum: 0.0]
      [GC Worker Other (ms): Min: 0.1, Avg: 0.1, Max: 0.1, Diff: 0.0, Sum: 0.2]
      [GC Worker Total (ms): Min: 57.7, Avg: 57.7, Max: 57.7, Diff: 0.0, Sum: 115.5]
      [GC Worker End (ms): Min: 10436299.4, Avg: 10436299.4, Max: 10436299.4, Diff: 0.0]
   [Code Root Fixup: 0.3 ms]
   [Code Root Migration: 0.0 ms]
   [Clear CT: 0.3 ms]
   [Other: 2.7 ms]
      [Choose CSet: 0.0 ms]
      [Ref Proc: 0.8 ms]
      [Ref Enq: 0.1 ms]
      [Free CSet: 0.4 ms]
   [Eden: 186.0M(186.0M)->0.0B(744.0M) Survivors: 36.0M->6144.0K Heap: 2103.0M(4096.0M)->1921.0M(4096.0M)]
 [Times: user=0.12 sys=0.00, real=0.06 secs] 
2016-08-30T16:29:46.775+0200: 10436.910: [GC concurrent-mark-end, 1.5845420 secs]
2016-08-30T16:29:46.777+0200: 10436.912: [GC remark 2016-08-30T16:29:46.779+0200: 10436.914: [GC ref-proc, 0.0605620 secs], 0.0862350 secs]
 [Times: user=0.09 sys=0.00, real=0.09 secs] 
2016-08-30T16:29:46.867+0200: 10437.001: [GC cleanup 2034M->1986M(4096M), 0.0491120 secs]
 [Times: user=0.05 sys=0.00, real=0.05 secs] 
2016-08-30T16:29:46.918+0200: 10437.052: [GC concurrent-cleanup-start]
2016-08-30T16:29:46.918+0200: 10437.052: [GC concurrent-cleanup-end, 0.0001130 secs]
2016-08-30T16:30:08.326+0200: 10458.460: [GC pause (young), 0.2155800 secs]
   [Parallel Time: 201.6 ms, GC Workers: 2]
      [GC Worker Start (ms): Min: 10458462.4, Avg: 10458462.5, Max: 10458462.7, Diff: 0.2]
      [Ext Root Scanning (ms): Min: 51.1, Avg: 51.7, Max: 52.4, Diff: 1.3, Sum: 103.5]
      [Update RS (ms): Min: 71.4, Avg: 71.6, Max: 71.7, Diff: 0.2, Sum: 143.1]
         [Processed Buffers: Min: 442, Avg: 473.0, Max: 504, Diff: 62, Sum: 946]
      [Scan RS (ms): Min: 7.6, Avg: 7.7, Max: 7.7, Diff: 0.0, Sum: 15.3]
      [Code Root Scanning (ms): Min: 0.2, Avg: 0.2, Max: 0.3, Diff: 0.0, Sum: 0.5]
      [Object Copy (ms): Min: 69.4, Avg: 70.0, Max: 70.7, Diff: 1.3, Sum: 140.0]
      [Termination (ms): Min: 0.0, Avg: 0.0, Max: 0.0, Diff: 0.0, Sum: 0.0]
      [GC Worker Other (ms): Min: 0.2, Avg: 0.2, Max: 0.2, Diff: 0.0, Sum: 0.4]
      [GC Worker Total (ms): Min: 201.3, Avg: 201.4, Max: 201.5, Diff: 0.2, Sum: 402.8]
      [GC Worker End (ms): Min: 10458663.9, Avg: 10458663.9, Max: 10458663.9, Diff: 0.0]
   [Code Root Fixup: 0.5 ms]
   [Code Root Migration: 0.1 ms]
   [Clear CT: 0.6 ms]
   [Other: 12.8 ms]
      [Choose CSet: 0.0 ms]
      [Ref Proc: 7.8 ms]
      [Ref Enq: 0.4 ms]
      [Free CSet: 1.2 ms]
   [Eden: 744.0M(744.0M)->0.0B(150.0M) Survivors: 6144.0K->54.0M Heap: 2617.0M(4096.0M)->1922.0M(4096.0M)]
 [Times: user=0.39 sys=0.00, real=0.21 secs] 
2016-08-30T16:30:12.257+0200: 10462.391: [GC pause (mixed), 0.1915670 secs]
   [Parallel Time: 185.5 ms, GC Workers: 2]
      [GC Worker Start (ms): Min: 10462392.8, Avg: 10462392.8, Max: 10462392.9, Diff: 0.1]
      [Ext Root Scanning (ms): Min: 63.3, Avg: 64.2, Max: 65.2, Diff: 2.0, Sum: 128.5]
      [Update RS (ms): Min: 28.0, Avg: 29.1, Max: 30.1, Diff: 2.2, Sum: 58.1]
         [Processed Buffers: Min: 336, Avg: 368.0, Max: 400, Diff: 64, Sum: 736]
      [Scan RS (ms): Min: 33.6, Avg: 33.9, Max: 34.2, Diff: 0.6, Sum: 67.8]
      [Code Root Scanning (ms): Min: 0.2, Avg: 0.2, Max: 0.2, Diff: 0.0, Sum: 0.4]
      [Object Copy (ms): Min: 57.6, Avg: 58.0, Max: 58.3, Diff: 0.8, Sum: 115.9]
      [Termination (ms): Min: 0.0, Avg: 0.0, Max: 0.0, Diff: 0.0, Sum: 0.0]
      [GC Worker Other (ms): Min: 0.0, Avg: 0.0, Max: 0.1, Diff: 0.0, Sum: 0.1]
      [GC Worker Total (ms): Min: 185.4, Avg: 185.4, Max: 185.4, Diff: 0.1, Sum: 370.8]
      [GC Worker End (ms): Min: 10462578.2, Avg: 10462578.2, Max: 10462578.2, Diff: 0.0]
   [Code Root Fixup: 0.2 ms]
   [Code Root Migration: 0.1 ms]
   [Clear CT: 0.5 ms]
   [Other: 5.3 ms]
      [Choose CSet: 0.2 ms]
      [Ref Proc: 1.0 ms]
      [Ref Enq: 0.1 ms]
      [Free CSet: 1.2 ms]
   [Eden: 150.0M(150.0M)->0.0B(186.0M) Survivors: 54.0M->18.0M Heap: 2072.0M(4096.0M)->1659.0M(4096.0M)]
 [Times: user=0.35 sys=0.01, real=0.19 secs] 
2016-08-30T16:30:17.780+0200: 10467.914: [GC pause (mixed), 0.1877230 secs]
   [Parallel Time: 181.0 ms, GC Workers: 2]
      [GC Worker Start (ms): Min: 10467916.5, Avg: 10467916.5, Max: 10467916.5, Diff: 0.0]
      [Ext Root Scanning (ms): Min: 50.4, Avg: 50.5, Max: 50.6, Diff: 0.2, Sum: 101.0]
      [Update RS (ms): Min: 37.9, Avg: 38.2, Max: 38.4, Diff: 0.5, Sum: 76.3]
         [Processed Buffers: Min: 419, Avg: 442.0, Max: 465, Diff: 46, Sum: 884]
      [Scan RS (ms): Min: 41.7, Avg: 42.1, Max: 42.4, Diff: 0.7, Sum: 84.2]
      [Code Root Scanning (ms): Min: 0.1, Avg: 0.1, Max: 0.2, Diff: 0.1, Sum: 0.2]
      [Object Copy (ms): Min: 49.8, Avg: 50.0, Max: 50.1, Diff: 0.3, Sum: 99.9]
      [Termination (ms): Min: 0.0, Avg: 0.0, Max: 0.0, Diff: 0.0, Sum: 0.0]
      [GC Worker Other (ms): Min: 0.0, Avg: 0.1, Max: 0.1, Diff: 0.1, Sum: 0.2]
      [GC Worker Total (ms): Min: 180.9, Avg: 180.9, Max: 181.0, Diff: 0.0, Sum: 361.9]
      [GC Worker End (ms): Min: 10468097.4, Avg: 10468097.4, Max: 10468097.4, Diff: 0.0]
   [Code Root Fixup: 0.2 ms]
   [Code Root Migration: 0.1 ms]
   [Clear CT: 0.5 ms]
   [Other: 5.9 ms]
      [Choose CSet: 0.4 ms]
      [Ref Proc: 1.4 ms]
      [Ref Enq: 0.1 ms]
      [Free CSet: 1.1 ms]
   [Eden: 186.0M(186.0M)->0.0B(184.0M) Survivors: 18.0M->20.0M Heap: 1845.0M(4096.0M)->1510.0M(4096.0M)]
 [Times: user=0.36 sys=0.00, real=0.19 secs] 
2016-08-30T16:30:24.101+0200: 10474.235: [GC pause (mixed), 0.2833440 secs]
   [Parallel Time: 272.2 ms, GC Workers: 2]
      [GC Worker Start (ms): Min: 10474238.8, Avg: 10474238.8, Max: 10474238.8, Diff: 0.0]
      [Ext Root Scanning (ms): Min: 81.4, Avg: 83.3, Max: 85.1, Diff: 3.7, Sum: 166.5]
      [Update RS (ms): Min: 44.5, Avg: 46.6, Max: 48.7, Diff: 4.2, Sum: 93.2]
         [Processed Buffers: Min: 274, Avg: 406.0, Max: 538, Diff: 264, Sum: 812]
      [Scan RS (ms): Min: 43.2, Avg: 43.8, Max: 44.4, Diff: 1.2, Sum: 87.6]
      [Code Root Scanning (ms): Min: 0.0, Avg: 0.1, Max: 0.2, Diff: 0.2, Sum: 0.3]
      [Object Copy (ms): Min: 95.0, Avg: 98.2, Max: 101.4, Diff: 6.4, Sum: 196.4]
      [Termination (ms): Min: 0.0, Avg: 0.0, Max: 0.0, Diff: 0.0, Sum: 0.0]
      [GC Worker Other (ms): Min: 0.1, Avg: 0.1, Max: 0.1, Diff: 0.0, Sum: 0.2]
      [GC Worker Total (ms): Min: 272.1, Avg: 272.1, Max: 272.1, Diff: 0.0, Sum: 544.2]
      [GC Worker End (ms): Min: 10474510.9, Avg: 10474510.9, Max: 10474510.9, Diff: 0.0]
   [Code Root Fixup: 0.4 ms]
   [Code Root Migration: 0.3 ms]
   [Clear CT: 0.9 ms]
   [Other: 9.7 ms]
      [Choose CSet: 0.6 ms]
      [Ref Proc: 3.2 ms]
      [Ref Enq: 0.1 ms]
      [Free CSet: 1.1 ms]
   [Eden: 184.0M(184.0M)->0.0B(182.0M) Survivors: 20.0M->22.0M Heap: 1694.0M(4096.0M)->1379.0M(4096.0M)]
 [Times: user=0.33 sys=0.00, real=0.29 secs] 
2016-08-30T16:30:29.736+0200: 10479.870: [GC pause (mixed), 0.2838720 secs]
   [Parallel Time: 274.8 ms, GC Workers: 2]
      [GC Worker Start (ms): Min: 10479873.0, Avg: 10479873.2, Max: 10479873.3, Diff: 0.3]
      [Ext Root Scanning (ms): Min: 51.4, Avg: 51.6, Max: 51.7, Diff: 0.3, Sum: 103.2]
      [Update RS (ms): Min: 34.0, Avg: 34.5, Max: 35.0, Diff: 1.0, Sum: 69.0]
         [Processed Buffers: Min: 391, Avg: 396.0, Max: 401, Diff: 10, Sum: 792]
      [Scan RS (ms): Min: 105.0, Avg: 105.4, Max: 105.7, Diff: 0.6, Sum: 210.7]
      [Code Root Scanning (ms): Min: 0.2, Avg: 0.4, Max: 0.7, Diff: 0.5, Sum: 0.9]
      [Object Copy (ms): Min: 82.5, Avg: 82.6, Max: 82.6, Diff: 0.1, Sum: 165.2]
      [Termination (ms): Min: 0.0, Avg: 0.0, Max: 0.0, Diff: 0.0, Sum: 0.0]
      [GC Worker Other (ms): Min: 0.1, Avg: 0.1, Max: 0.1, Diff: 0.0, Sum: 0.3]
      [GC Worker Total (ms): Min: 274.4, Avg: 274.6, Max: 274.7, Diff: 0.3, Sum: 549.2]
      [GC Worker End (ms): Min: 10480147.8, Avg: 10480147.8, Max: 10480147.8, Diff: 0.0]
   [Code Root Fixup: 0.5 ms]
   [Code Root Migration: 0.6 ms]
   [Clear CT: 0.6 ms]
   [Other: 7.3 ms]
      [Choose CSet: 1.0 ms]
      [Ref Proc: 1.4 ms]
      [Ref Enq: 0.1 ms]
      [Free CSet: 1.5 ms]
   [Eden: 182.0M(182.0M)->0.0B(186.0M) Survivors: 22.0M->18.0M Heap: 1561.0M(4096.0M)->1267.0M(4096.0M)]
 [Times: user=0.54 sys=0.01, real=0.28 secs] 
2016-08-30T16:30:36.379+0200: 10486.513: [GC pause (young), 0.2250380 secs]
   [Parallel Time: 219.6 ms, GC Workers: 2]
      [GC Worker Start (ms): Min: 10486519.1, Avg: 10486520.2, Max: 10486521.4, Diff: 2.3]
      [Ext Root Scanning (ms): Min: 101.0, Avg: 102.5, Max: 104.1, Diff: 3.2, Sum: 205.1]
      [Update RS (ms): Min: 62.7, Avg: 63.2, Max: 63.7, Diff: 1.0, Sum: 126.3]
         [Processed Buffers: Min: 290, Avg: 402.0, Max: 514, Diff: 224, Sum: 804]
      [Scan RS (ms): Min: 2.6, Avg: 7.3, Max: 11.9, Diff: 9.4, Sum: 14.5]
      [Code Root Scanning (ms): Min: 0.0, Avg: 0.0, Max: 0.1, Diff: 0.1, Sum: 0.1]
      [Object Copy (ms): Min: 31.8, Avg: 36.4, Max: 41.1, Diff: 9.3, Sum: 72.8]
      [Termination (ms): Min: 0.0, Avg: 0.0, Max: 0.0, Diff: 0.0, Sum: 0.0]
      [GC Worker Other (ms): Min: 0.1, Avg: 0.1, Max: 0.1, Diff: 0.0, Sum: 0.3]
      [GC Worker Total (ms): Min: 208.4, Avg: 209.6, Max: 210.7, Diff: 2.3, Sum: 419.1]
      [GC Worker End (ms): Min: 10486729.8, Avg: 10486729.8, Max: 10486729.8, Diff: 0.0]
   [Code Root Fixup: 0.3 ms]
   [Code Root Migration: 0.0 ms]
   [Clear CT: 0.6 ms]
   [Other: 4.6 ms]
      [Choose CSet: 0.0 ms]
      [Ref Proc: 1.5 ms]
      [Ref Enq: 0.1 ms]
      [Free CSet: 0.4 ms]
   [Eden: 186.0M(186.0M)->0.0B(184.0M) Survivors: 18.0M->20.0M Heap: 1453.0M(4096.0M)->1284.0M(4096.0M)]
 [Times: user=0.23 sys=0.00, real=0.22 secs] 
2016-08-30T16:30:41.914+0200: 10492.048: [GC pause (young), 0.1446650 secs]
   [Parallel Time: 138.1 ms, GC Workers: 2]
      [GC Worker Start (ms): Min: 10492050.0, Avg: 10492051.0, Max: 10492052.0, Diff: 2.0]
      [Ext Root Scanning (ms): Min: 49.8, Avg: 50.1, Max: 50.4, Diff: 0.7, Sum: 100.2]
      [Update RS (ms): Min: 40.7, Avg: 41.1, Max: 41.5, Diff: 0.8, Sum: 82.2]
         [Processed Buffers: Min: 428, Avg: 434.5, Max: 441, Diff: 13, Sum: 869]
      [Scan RS (ms): Min: 6.4, Avg: 6.8, Max: 7.2, Diff: 0.8, Sum: 13.6]
      [Code Root Scanning (ms): Min: 0.0, Avg: 0.1, Max: 0.1, Diff: 0.1, Sum: 0.1]
      [Object Copy (ms): Min: 38.1, Avg: 38.7, Max: 39.3, Diff: 1.2, Sum: 77.4]
      [Termination (ms): Min: 0.0, Avg: 0.0, Max: 0.0, Diff: 0.0, Sum: 0.0]
      [GC Worker Other (ms): Min: 0.1, Avg: 0.1, Max: 0.2, Diff: 0.1, Sum: 0.3]
      [GC Worker Total (ms): Min: 136.0, Avg: 137.0, Max: 138.0, Diff: 2.0, Sum: 273.9]
      [GC Worker End (ms): Min: 10492188.0, Avg: 10492188.0, Max: 10492188.0, Diff: 0.0]
   [Code Root Fixup: 0.4 ms]
   [Code Root Migration: 0.1 ms]
   [Clear CT: 0.4 ms]
   [Other: 5.7 ms]
      [Choose CSet: 0.0 ms]
      [Ref Proc: 2.0 ms]
      [Ref Enq: 0.2 ms]
      [Free CSet: 0.5 ms]
   [Eden: 184.0M(184.0M)->0.0B(184.0M) Survivors: 20.0M->20.0M Heap: 1468.0M(4096.0M)->1302.0M(4096.0M)]
 [Times: user=0.28 sys=0.00, real=0.15 secs] 
2016-08-30T16:30:48.567+0200: 10498.702: [GC pause (young), 0.1070330 secs]
   [Parallel Time: 103.2 ms, GC Workers: 2]
      [GC Worker Start (ms): Min: 10498702.6, Avg: 10498702.6, Max: 10498702.6, Diff: 0.0]
      [Ext Root Scanning (ms): Min: 27.4, Avg: 40.2, Max: 53.0, Diff: 25.6, Sum: 80.4]
      [Update RS (ms): Min: 12.2, Avg: 27.3, Max: 42.4, Diff: 30.1, Sum: 54.6]
         [Processed Buffers: Min: 51, Avg: 424.5, Max: 798, Diff: 747, Sum: 849]
      [Scan RS (ms): Min: 2.0, Avg: 6.6, Max: 11.1, Diff: 9.1, Sum: 13.2]
      [Code Root Scanning (ms): Min: 0.0, Avg: 0.0, Max: 0.1, Diff: 0.1, Sum: 0.1]
      [Object Copy (ms): Min: 26.7, Avg: 29.0, Max: 31.3, Diff: 4.7, Sum: 58.0]
      [Termination (ms): Min: 0.0, Avg: 0.0, Max: 0.0, Diff: 0.0, Sum: 0.0]
      [GC Worker Other (ms): Min: 0.0, Avg: 0.1, Max: 0.1, Diff: 0.0, Sum: 0.1]
      [GC Worker Total (ms): Min: 103.2, Avg: 103.2, Max: 103.2, Diff: 0.0, Sum: 206.4]
      [GC Worker End (ms): Min: 10498805.8, Avg: 10498805.8, Max: 10498805.8, Diff: 0.0]
   [Code Root Fixup: 0.3 ms]
   [Code Root Migration: 0.0 ms]
   [Clear CT: 0.2 ms]
   [Other: 3.3 ms]
      [Choose CSet: 0.0 ms]
      [Ref Proc: 1.1 ms]
      [Ref Enq: 0.1 ms]
      [Free CSet: 0.3 ms]
   [Eden: 184.0M(184.0M)->0.0B(184.0M) Survivors: 20.0M->20.0M Heap: 1486.0M(4096.0M)->1319.0M(4096.0M)]
 [Times: user=0.14 sys=0.00, real=0.11 secs] 
2016-08-30T16:30:55.229+0200: 10505.364: [GC pause (young), 0.1385790 secs]
   [Parallel Time: 131.5 ms, GC Workers: 2]
      [GC Worker Start (ms): Min: 10505365.0, Avg: 10505365.0, Max: 10505365.0, Diff: 0.0]
      [Ext Root Scanning (ms): Min: 51.7, Avg: 51.7, Max: 51.7, Diff: 0.0, Sum: 103.3]
      [Update RS (ms): Min: 34.3, Avg: 34.8, Max: 35.2, Diff: 0.9, Sum: 69.6]
         [Processed Buffers: Min: 335, Avg: 351.0, Max: 367, Diff: 32, Sum: 702]
      [Scan RS (ms): Min: 6.6, Avg: 7.0, Max: 7.3, Diff: 0.7, Sum: 14.0]
      [Code Root Scanning (ms): Min: 0.1, Avg: 0.1, Max: 0.1, Diff: 0.0, Sum: 0.1]
      [Object Copy (ms): Min: 37.7, Avg: 37.8, Max: 37.9, Diff: 0.2, Sum: 75.7]
      [Termination (ms): Min: 0.0, Avg: 0.0, Max: 0.0, Diff: 0.0, Sum: 0.0]
      [GC Worker Other (ms): Min: 0.1, Avg: 0.1, Max: 0.1, Diff: 0.0, Sum: 0.1]
      [GC Worker Total (ms): Min: 131.4, Avg: 131.4, Max: 131.4, Diff: 0.0, Sum: 262.8]
      [GC Worker End (ms): Min: 10505496.4, Avg: 10505496.4, Max: 10505496.4, Diff: 0.0]
   [Code Root Fixup: 0.4 ms]
   [Code Root Migration: 0.0 ms]
   [Clear CT: 0.9 ms]
   [Other: 5.8 ms]
      [Choose CSet: 0.0 ms]
      [Ref Proc: 2.3 ms]
      [Ref Enq: 0.2 ms]
      [Free CSet: 0.5 ms]
   [Eden: 184.0M(184.0M)->0.0B(182.0M) Survivors: 20.0M->22.0M Heap: 1503.0M(4096.0M)->1337.0M(4096.0M)]
 [Times: user=0.26 sys=0.01, real=0.14 secs] 
2016-08-30T16:31:01.608+0200: 10511.742: [GC pause (young), 0.1441580 secs]
   [Parallel Time: 137.2 ms, GC Workers: 2]
      [GC Worker Start (ms): Min: 10511743.7, Avg: 10511744.5, Max: 10511745.4, Diff: 1.8]
      [Ext Root Scanning (ms): Min: 51.1, Avg: 51.2, Max: 51.4, Diff: 0.3, Sum: 102.5]
      [Update RS (ms): Min: 39.6, Avg: 39.8, Max: 40.0, Diff: 0.4, Sum: 79.6]
         [Processed Buffers: Min: 354, Avg: 385.0, Max: 416, Diff: 62, Sum: 770]
      [Scan RS (ms): Min: 6.4, Avg: 6.6, Max: 6.9, Diff: 0.5, Sum: 13.3]
      [Code Root Scanning (ms): Min: 0.0, Avg: 0.1, Max: 0.1, Diff: 0.1, Sum: 0.1]
      [Object Copy (ms): Min: 37.8, Avg: 38.4, Max: 39.0, Diff: 1.2, Sum: 76.7]
      [Termination (ms): Min: 0.0, Avg: 0.0, Max: 0.0, Diff: 0.0, Sum: 0.0]
      [GC Worker Other (ms): Min: 0.1, Avg: 0.1, Max: 0.2, Diff: 0.0, Sum: 0.3]
      [GC Worker Total (ms): Min: 135.3, Avg: 136.2, Max: 137.1, Diff: 1.8, Sum: 272.4]
      [GC Worker End (ms): Min: 10511880.8, Avg: 10511880.8, Max: 10511880.8, Diff: 0.0]
   [Code Root Fixup: 0.5 ms]
   [Code Root Migration: 0.0 ms]
   [Clear CT: 0.5 ms]
   [Other: 6.0 ms]
      [Choose CSet: 0.0 ms]
      [Ref Proc: 2.2 ms]
      [Ref Enq: 0.2 ms]
      [Free CSet: 0.5 ms]
   [Eden: 182.0M(182.0M)->0.0B(188.0M) Survivors: 22.0M->16.0M Heap: 1519.0M(4096.0M)->1351.0M(4096.0M)]
 [Times: user=0.28 sys=0.00, real=0.15 secs] 
2016-08-30T16:31:08.804+0200: 10518.938: [GC pause (young), 0.1419150 secs]
   [Parallel Time: 134.7 ms, GC Workers: 2]
      [GC Worker Start (ms): Min: 10518939.9, Avg: 10518939.9, Max: 10518939.9, Diff: 0.0]
      [Ext Root Scanning (ms): Min: 52.0, Avg: 52.1, Max: 52.2, Diff: 0.2, Sum: 104.2]
      [Update RS (ms): Min: 38.0, Avg: 38.9, Max: 39.7, Diff: 1.7, Sum: 77.7]
         [Processed Buffers: Min: 356, Avg: 403.0, Max: 450, Diff: 94, Sum: 806]
      [Scan RS (ms): Min: 5.9, Avg: 6.5, Max: 7.1, Diff: 1.1, Sum: 13.0]
      [Code Root Scanning (ms): Min: 0.1, Avg: 0.1, Max: 0.1, Diff: 0.0, Sum: 0.1]
      [Object Copy (ms): Min: 36.7, Avg: 36.9, Max: 37.1, Diff: 0.4, Sum: 73.8]
      [Termination (ms): Min: 0.0, Avg: 0.0, Max: 0.0, Diff: 0.0, Sum: 0.0]
      [GC Worker Other (ms): Min: 0.1, Avg: 0.2, Max: 0.2, Diff: 0.1, Sum: 0.3]
      [GC Worker Total (ms): Min: 134.6, Avg: 134.6, Max: 134.6, Diff: 0.0, Sum: 269.2]
      [GC Worker End (ms): Min: 10519074.5, Avg: 10519074.5, Max: 10519074.5, Diff: 0.0]
   [Code Root Fixup: 0.6 ms]
   [Code Root Migration: 0.0 ms]
   [Clear CT: 0.9 ms]
   [Other: 5.7 ms]
      [Choose CSet: 0.0 ms]
      [Ref Proc: 2.2 ms]
      [Ref Enq: 0.2 ms]
      [Free CSet: 0.5 ms]
   [Eden: 188.0M(188.0M)->0.0B(278.0M) Survivors: 16.0M->18.0M Heap: 1539.0M(4096.0M)->1367.0M(4096.0M)]
 [Times: user=0.27 sys=0.00, real=0.14 secs] 
2016-08-30T16:31:17.183+0200: 10527.317: [GC pause (young), 0.1709680 secs]
   [Parallel Time: 161.9 ms, GC Workers: 2]
      [GC Worker Start (ms): Min: 10527319.2, Avg: 10527321.1, Max: 10527323.0, Diff: 3.7]
      [Ext Root Scanning (ms): Min: 49.8, Avg: 50.0, Max: 50.2, Diff: 0.4, Sum: 100.0]
      [Update RS (ms): Min: 50.6, Avg: 50.9, Max: 51.3, Diff: 0.6, Sum: 101.9]
         [Processed Buffers: Min: 500, Avg: 504.5, Max: 509, Diff: 9, Sum: 1009]
      [Scan RS (ms): Min: 6.9, Avg: 7.1, Max: 7.4, Diff: 0.5, Sum: 14.3]
      [Code Root Scanning (ms): Min: 0.1, Avg: 0.1, Max: 0.1, Diff: 0.0, Sum: 0.2]
      [Object Copy (ms): Min: 50.0, Avg: 51.6, Max: 53.1, Diff: 3.1, Sum: 103.2]
      [Termination (ms): Min: 0.0, Avg: 0.0, Max: 0.0, Diff: 0.0, Sum: 0.0]
      [GC Worker Other (ms): Min: 0.1, Avg: 0.2, Max: 0.2, Diff: 0.1, Sum: 0.3]
      [GC Worker Total (ms): Min: 158.1, Avg: 159.9, Max: 161.8, Diff: 3.7, Sum: 319.9]
      [GC Worker End (ms): Min: 10527481.0, Avg: 10527481.0, Max: 10527481.0, Diff: 0.0]
   [Code Root Fixup: 0.4 ms]
   [Code Root Migration: 0.1 ms]
   [Clear CT: 0.5 ms]
   [Other: 8.2 ms]
      [Choose CSet: 0.0 ms]
      [Ref Proc: 3.7 ms]
      [Ref Enq: 0.4 ms]
      [Free CSet: 0.6 ms]
   [Eden: 278.0M(278.0M)->0.0B(234.0M) Survivors: 18.0M->38.0M Heap: 1645.0M(4096.0M)->1399.0M(4096.0M)]
 [Times: user=0.32 sys=0.00, real=0.17 secs] 
2016-08-30T16:31:26.434+0200: 10536.568: [GC pause (young), 0.1893070 secs]
   [Parallel Time: 180.6 ms, GC Workers: 2]
      [GC Worker Start (ms): Min: 10536570.0, Avg: 10536570.0, Max: 10536570.0, Diff: 0.0]
      [Ext Root Scanning (ms): Min: 51.2, Avg: 60.7, Max: 70.1, Diff: 18.8, Sum: 121.3]
      [Update RS (ms): Min: 42.6, Avg: 51.8, Max: 61.0, Diff: 18.4, Sum: 103.6]
         [Processed Buffers: Min: 316, Avg: 484.5, Max: 653, Diff: 337, Sum: 969]
      [Scan RS (ms): Min: 11.3, Avg: 11.6, Max: 11.8, Diff: 0.5, Sum: 23.1]
      [Code Root Scanning (ms): Min: 0.0, Avg: 0.1, Max: 0.1, Diff: 0.1, Sum: 0.2]
      [Object Copy (ms): Min: 56.2, Avg: 56.2, Max: 56.3, Diff: 0.1, Sum: 112.5]
      [Termination (ms): Min: 0.0, Avg: 0.0, Max: 0.0, Diff: 0.0, Sum: 0.0]
      [GC Worker Other (ms): Min: 0.1, Avg: 0.2, Max: 0.2, Diff: 0.0, Sum: 0.3]
      [GC Worker Total (ms): Min: 180.5, Avg: 180.5, Max: 180.5, Diff: 0.0, Sum: 361.0]
      [GC Worker End (ms): Min: 10536750.5, Avg: 10536750.5, Max: 10536750.5, Diff: 0.0]
   [Code Root Fixup: 0.5 ms]
   [Code Root Migration: 0.0 ms]
   [Clear CT: 0.6 ms]
   [Other: 7.6 ms]
      [Choose CSet: 0.0 ms]
      [Ref Proc: 3.0 ms]
      [Ref Enq: 0.2 ms]
      [Free CSet: 0.8 ms]
   [Eden: 234.0M(234.0M)->0.0B(306.0M) Survivors: 38.0M->18.0M Heap: 1633.0M(4096.0M)->1417.0M(4096.0M)]
 [Times: user=0.34 sys=0.00, real=0.19 secs] 
2016-08-30T16:31:37.548+0200: 10547.683: [GC pause (young), 0.1979420 secs]
   [Parallel Time: 192.0 ms, GC Workers: 2]
      [GC Worker Start (ms): Min: 10547684.1, Avg: 10547684.1, Max: 10547684.1, Diff: 0.0]
      [Ext Root Scanning (ms): Min: 63.4, Avg: 64.9, Max: 66.5, Diff: 3.2, Sum: 129.9]
      [Update RS (ms): Min: 67.3, Avg: 67.8, Max: 68.3, Diff: 1.1, Sum: 135.6]
         [Processed Buffers: Min: 441, Avg: 450.5, Max: 460, Diff: 19, Sum: 901]
      [Scan RS (ms): Min: 6.7, Avg: 8.4, Max: 10.0, Diff: 3.3, Sum: 16.7]
      [Code Root Scanning (ms): Min: 0.0, Avg: 0.0, Max: 0.0, Diff: 0.0, Sum: 0.1]
      [Object Copy (ms): Min: 50.1, Avg: 50.6, Max: 51.0, Diff: 0.9, Sum: 101.2]
      [Termination (ms): Min: 0.0, Avg: 0.1, Max: 0.1, Diff: 0.1, Sum: 0.1]
      [GC Worker Other (ms): Min: 0.1, Avg: 0.1, Max: 0.1, Diff: 0.1, Sum: 0.2]
      [GC Worker Total (ms): Min: 191.9, Avg: 191.9, Max: 191.9, Diff: 0.0, Sum: 383.8]
      [GC Worker End (ms): Min: 10547876.0, Avg: 10547876.0, Max: 10547876.0, Diff: 0.0]
   [Code Root Fixup: 0.2 ms]
   [Code Root Migration: 0.0 ms]
   [Clear CT: 0.6 ms]
   [Other: 5.1 ms]
      [Choose CSet: 0.0 ms]
      [Ref Proc: 2.2 ms]
      [Ref Enq: 0.1 ms]
      [Free CSet: 0.5 ms]
   [Eden: 306.0M(306.0M)->0.0B(164.0M) Survivors: 18.0M->40.0M Heap: 1723.0M(4096.0M)->1439.0M(4096.0M)]
 [Times: user=0.22 sys=0.00, real=0.20 secs] 
2016-08-30T16:31:42.326+0200: 10552.461: [GC pause (young), 0.1582070 secs]
   [Parallel Time: 151.5 ms, GC Workers: 2]
      [GC Worker Start (ms): Min: 10552462.2, Avg: 10552462.2, Max: 10552462.2, Diff: 0.1]
      [Ext Root Scanning (ms): Min: 50.3, Avg: 50.5, Max: 50.8, Diff: 0.4, Sum: 101.1]
      [Update RS (ms): Min: 33.8, Avg: 34.7, Max: 35.6, Diff: 1.7, Sum: 69.4]
         [Processed Buffers: Min: 351, Avg: 369.0, Max: 387, Diff: 36, Sum: 738]
      [Scan RS (ms): Min: 11.5, Avg: 12.1, Max: 12.7, Diff: 1.2, Sum: 24.3]
      [Code Root Scanning (ms): Min: 0.0, Avg: 0.1, Max: 0.1, Diff: 0.1, Sum: 0.1]
      [Object Copy (ms): Min: 53.9, Avg: 53.9, Max: 54.0, Diff: 0.1, Sum: 107.8]
      [Termination (ms): Min: 0.0, Avg: 0.0, Max: 0.0, Diff: 0.0, Sum: 0.0]
      [GC Worker Other (ms): Min: 0.1, Avg: 0.1, Max: 0.1, Diff: 0.1, Sum: 0.2]
      [GC Worker Total (ms): Min: 151.4, Avg: 151.4, Max: 151.5, Diff: 0.1, Sum: 302.9]
      [GC Worker End (ms): Min: 10552613.6, Avg: 10552613.6, Max: 10552613.6, Diff: 0.0]
   [Code Root Fixup: 0.5 ms]
   [Code Root Migration: 0.0 ms]
   [Clear CT: 0.6 ms]
   [Other: 5.6 ms]
      [Choose CSet: 0.0 ms]
      [Ref Proc: 1.6 ms]
      [Ref Enq: 0.1 ms]
      [Free CSet: 0.6 ms]
   [Eden: 164.0M(164.0M)->0.0B(298.0M) Survivors: 40.0M->24.0M Heap: 1603.0M(4096.0M)->1453.0M(4096.0M)]
 [Times: user=0.30 sys=0.00, real=0.16 secs] 
2016-08-30T16:31:53.591+0200: 10563.726: [GC pause (young), 0.1730910 secs]
   [Parallel Time: 164.2 ms, GC Workers: 2]
      [GC Worker Start (ms): Min: 10563727.3, Avg: 10563727.3, Max: 10563727.3, Diff: 0.0]
      [Ext Root Scanning (ms): Min: 53.1, Avg: 57.9, Max: 62.7, Diff: 9.6, Sum: 115.8]
      [Update RS (ms): Min: 41.0, Avg: 46.6, Max: 52.1, Diff: 11.2, Sum: 93.1]
         [Processed Buffers: Min: 367, Avg: 435.0, Max: 503, Diff: 136, Sum: 870]
      [Scan RS (ms): Min: 7.4, Avg: 7.4, Max: 7.5, Diff: 0.1, Sum: 14.9]
      [Code Root Scanning (ms): Min: 0.1, Avg: 0.1, Max: 0.1, Diff: 0.0, Sum: 0.2]
      [Object Copy (ms): Min: 51.1, Avg: 51.9, Max: 52.7, Diff: 1.7, Sum: 103.8]
      [Termination (ms): Min: 0.0, Avg: 0.0, Max: 0.0, Diff: 0.0, Sum: 0.0]
      [GC Worker Other (ms): Min: 0.1, Avg: 0.2, Max: 0.2, Diff: 0.0, Sum: 0.3]
      [GC Worker Total (ms): Min: 164.1, Avg: 164.1, Max: 164.1, Diff: 0.0, Sum: 328.1]
      [GC Worker End (ms): Min: 10563891.4, Avg: 10563891.4, Max: 10563891.4, Diff: 0.0]
   [Code Root Fixup: 0.4 ms]
   [Code Root Migration: 0.1 ms]
   [Clear CT: 0.6 ms]
   [Other: 7.9 ms]
      [Choose CSet: 0.0 ms]
      [Ref Proc: 3.7 ms]
      [Ref Enq: 0.3 ms]
      [Free CSet: 0.7 ms]
   [Eden: 298.0M(298.0M)->0.0B(264.0M) Survivors: 24.0M->34.0M Heap: 1751.0M(4096.0M)->1482.0M(4096.0M)]
 [Times: user=0.33 sys=0.00, real=0.17 secs] 
2016-08-30T16:32:02.652+0200: 10572.786: [GC pause (young), 0.1552880 secs]
   [Parallel Time: 148.9 ms, GC Workers: 2]
      [GC Worker Start (ms): Min: 10572787.8, Avg: 10572787.8, Max: 10572787.8, Diff: 0.0]
      [Ext Root Scanning (ms): Min: 51.0, Avg: 51.2, Max: 51.4, Diff: 0.4, Sum: 102.4]
      [Update RS (ms): Min: 44.2, Avg: 44.7, Max: 45.1, Diff: 0.8, Sum: 89.3]
         [Processed Buffers: Min: 406, Avg: 416.0, Max: 426, Diff: 20, Sum: 832]
      [Scan RS (ms): Min: 9.2, Avg: 9.5, Max: 9.8, Diff: 0.6, Sum: 19.0]
      [Code Root Scanning (ms): Min: 0.1, Avg: 0.1, Max: 0.1, Diff: 0.1, Sum: 0.2]
      [Object Copy (ms): Min: 43.1, Avg: 43.2, Max: 43.4, Diff: 0.2, Sum: 86.5]
      [Termination (ms): Min: 0.0, Avg: 0.0, Max: 0.0, Diff: 0.0, Sum: 0.0]
      [GC Worker Other (ms): Min: 0.1, Avg: 0.2, Max: 0.2, Diff: 0.0, Sum: 0.3]
      [GC Worker Total (ms): Min: 148.8, Avg: 148.9, Max: 148.9, Diff: 0.0, Sum: 297.7]
      [GC Worker End (ms): Min: 10572936.7, Avg: 10572936.7, Max: 10572936.7, Diff: 0.0]
   [Code Root Fixup: 0.2 ms]
   [Code Root Migration: 0.0 ms]
   [Clear CT: 0.4 ms]
   [Other: 5.7 ms]
      [Choose CSet: 0.0 ms]
      [Ref Proc: 2.1 ms]
      [Ref Enq: 0.1 ms]
      [Free CSet: 0.5 ms]
   [Eden: 264.0M(264.0M)->0.0B(372.0M) Survivors: 34.0M->28.0M Heap: 1746.0M(4096.0M)->1503.0M(4096.0M)]
 [Times: user=0.31 sys=0.00, real=0.15 secs] 
2016-08-30T16:32:15.000+0200: 10585.134: [GC pause (young), 0.1809100 secs]
   [Parallel Time: 173.5 ms, GC Workers: 2]
      [GC Worker Start (ms): Min: 10585135.8, Avg: 10585135.9, Max: 10585136.1, Diff: 0.3]
      [Ext Root Scanning (ms): Min: 50.2, Avg: 50.5, Max: 50.9, Diff: 0.8, Sum: 101.1]
      [Update RS (ms): Min: 58.1, Avg: 58.9, Max: 59.6, Diff: 1.5, Sum: 117.8]
         [Processed Buffers: Min: 501, Avg: 504.0, Max: 507, Diff: 6, Sum: 1008]
      [Scan RS (ms): Min: 8.6, Avg: 9.1, Max: 9.6, Diff: 1.0, Sum: 18.2]
      [Code Root Scanning (ms): Min: 0.1, Avg: 0.1, Max: 0.2, Diff: 0.1, Sum: 0.2]
      [Object Copy (ms): Min: 54.4, Avg: 54.5, Max: 54.6, Diff: 0.2, Sum: 108.9]
      [Termination (ms): Min: 0.0, Avg: 0.0, Max: 0.0, Diff: 0.0, Sum: 0.0]
      [GC Worker Other (ms): Min: 0.1, Avg: 0.2, Max: 0.2, Diff: 0.1, Sum: 0.3]
      [GC Worker Total (ms): Min: 173.1, Avg: 173.3, Max: 173.4, Diff: 0.3, Sum: 346.5]
      [GC Worker End (ms): Min: 10585309.2, Avg: 10585309.2, Max: 10585309.2, Diff: 0.0]
   [Code Root Fixup: 0.3 ms]
   [Code Root Migration: 0.1 ms]
   [Clear CT: 0.4 ms]
   [Other: 6.7 ms]
      [Choose CSet: 0.0 ms]
      [Ref Proc: 3.0 ms]
      [Ref Enq: 0.2 ms]
      [Free CSet: 0.5 ms]
   [Eden: 372.0M(372.0M)->0.0B(288.0M) Survivors: 28.0M->46.0M Heap: 1875.0M(4096.0M)->1542.0M(4096.0M)]
 [Times: user=0.35 sys=0.00, real=0.18 secs] 
2016-08-30T16:32:24.845+0200: 10594.980: [GC pause (young), 0.1773090 secs]
   [Parallel Time: 168.0 ms, GC Workers: 2]
      [GC Worker Start (ms): Min: 10594981.7, Avg: 10594981.8, Max: 10594981.8, Diff: 0.0]
      [Ext Root Scanning (ms): Min: 50.2, Avg: 50.3, Max: 50.5, Diff: 0.3, Sum: 100.7]
      [Update RS (ms): Min: 46.8, Avg: 46.9, Max: 47.0, Diff: 0.2, Sum: 93.8]
         [Processed Buffers: Min: 402, Avg: 460.0, Max: 518, Diff: 116, Sum: 920]
      [Scan RS (ms): Min: 11.3, Avg: 11.5, Max: 11.7, Diff: 0.4, Sum: 23.0]
      [Code Root Scanning (ms): Min: 0.1, Avg: 0.1, Max: 0.1, Diff: 0.0, Sum: 0.2]
      [Object Copy (ms): Min: 58.3, Avg: 58.7, Max: 59.2, Diff: 0.9, Sum: 117.5]
      [Termination (ms): Min: 0.0, Avg: 0.0, Max: 0.0, Diff: 0.0, Sum: 0.0]
      [GC Worker Other (ms): Min: 0.2, Avg: 0.2, Max: 0.2, Diff: 0.0, Sum: 0.4]
      [GC Worker Total (ms): Min: 167.8, Avg: 167.8, Max: 167.8, Diff: 0.0, Sum: 335.6]
      [GC Worker End (ms): Min: 10595149.5, Avg: 10595149.6, Max: 10595149.6, Diff: 0.0]
   [Code Root Fixup: 0.5 ms]
   [Code Root Migration: 0.1 ms]
   [Clear CT: 0.6 ms]
   [Other: 8.2 ms]
      [Choose CSet: 0.0 ms]
      [Ref Proc: 3.7 ms]
      [Ref Enq: 0.3 ms]
      [Free CSet: 0.7 ms]
   [Eden: 288.0M(288.0M)->0.0B(436.0M) Survivors: 46.0M->26.0M Heap: 1830.0M(4096.0M)->1555.0M(4096.0M)]
 [Times: user=0.35 sys=0.00, real=0.18 secs] 
2016-08-30T16:32:39.090+0200: 10609.224: [GC pause (young), 0.1970330 secs]
   [Parallel Time: 184.8 ms, GC Workers: 2]
      [GC Worker Start (ms): Min: 10609226.3, Avg: 10609226.3, Max: 10609226.3, Diff: 0.0]
      [Ext Root Scanning (ms): Min: 50.4, Avg: 52.1, Max: 53.7, Diff: 3.3, Sum: 104.1]
      [Update RS (ms): Min: 57.9, Avg: 59.6, Max: 61.3, Diff: 3.4, Sum: 119.2]
         [Processed Buffers: Min: 448, Avg: 483.5, Max: 519, Diff: 71, Sum: 967]
      [Scan RS (ms): Min: 11.2, Avg: 11.4, Max: 11.6, Diff: 0.4, Sum: 22.7]
      [Code Root Scanning (ms): Min: 0.1, Avg: 0.1, Max: 0.2, Diff: 0.0, Sum: 0.3]
      [Object Copy (ms): Min: 61.1, Avg: 61.4, Max: 61.7, Diff: 0.6, Sum: 122.8]
      [Termination (ms): Min: 0.0, Avg: 0.0, Max: 0.0, Diff: 0.0, Sum: 0.0]
      [GC Worker Other (ms): Min: 0.1, Avg: 0.2, Max: 0.2, Diff: 0.1, Sum: 0.3]
      [GC Worker Total (ms): Min: 184.7, Avg: 184.7, Max: 184.7, Diff: 0.0, Sum: 369.5]
      [GC Worker End (ms): Min: 10609411.0, Avg: 10609411.0, Max: 10609411.0, Diff: 0.0]
   [Code Root Fixup: 0.4 ms]
   [Code Root Migration: 0.1 ms]
   [Clear CT: 0.6 ms]
   [Other: 11.2 ms]
      [Choose CSet: 0.0 ms]
      [Ref Proc: 6.9 ms]
      [Ref Enq: 0.2 ms]
      [Free CSet: 0.9 ms]
   [Eden: 436.0M(436.0M)->0.0B(256.0M) Survivors: 26.0M->56.0M Heap: 1991.0M(4096.0M)->1585.0M(4096.0M)]
 [Times: user=0.38 sys=0.01, real=0.20 secs] 
2016-08-30T16:32:47.263+0200: 10617.397: [GC pause (young), 0.3048480 secs]
   [Parallel Time: 297.1 ms, GC Workers: 2]
      [GC Worker Start (ms): Min: 10617398.6, Avg: 10617398.6, Max: 10617398.7, Diff: 0.0]
      [Ext Root Scanning (ms): Min: 73.2, Avg: 88.0, Max: 102.8, Diff: 29.6, Sum: 176.0]
      [Update RS (ms): Min: 71.2, Avg: 84.2, Max: 97.2, Diff: 26.0, Sum: 168.3]
         [Processed Buffers: Min: 317, Avg: 434.0, Max: 551, Diff: 234, Sum: 868]
      [Scan RS (ms): Min: 17.8, Avg: 22.6, Max: 27.4, Diff: 9.6, Sum: 45.1]
      [Code Root Scanning (ms): Min: 0.1, Avg: 0.1, Max: 0.1, Diff: 0.0, Sum: 0.1]
      [Object Copy (ms): Min: 98.5, Avg: 101.4, Max: 104.4, Diff: 6.0, Sum: 202.9]
      [Termination (ms): Min: 0.0, Avg: 0.4, Max: 0.8, Diff: 0.8, Sum: 0.8]
      [GC Worker Other (ms): Min: 0.1, Avg: 0.1, Max: 0.2, Diff: 0.1, Sum: 0.3]
      [GC Worker Total (ms): Min: 296.4, Avg: 296.8, Max: 297.1, Diff: 0.7, Sum: 593.5]
      [GC Worker End (ms): Min: 10617695.1, Avg: 10617695.4, Max: 10617695.7, Diff: 0.7]
   [Code Root Fixup: 0.4 ms]
   [Code Root Migration: 0.0 ms]
   [Clear CT: 0.8 ms]
   [Other: 6.5 ms]
      [Choose CSet: 0.0 ms]
      [Ref Proc: 3.0 ms]
      [Ref Enq: 0.2 ms]
      [Free CSet: 0.5 ms]
   [Eden: 256.0M(256.0M)->0.0B(174.0M) Survivors: 56.0M->30.0M Heap: 1841.0M(4096.0M)->1605.0M(4096.0M)]
 [Times: user=0.30 sys=0.00, real=0.31 secs] 
2016-08-30T16:32:53.287+0200: 10623.422: [GC pause (young), 0.1618440 secs]
   [Parallel Time: 153.8 ms, GC Workers: 2]
      [GC Worker Start (ms): Min: 10623423.9, Avg: 10623424.2, Max: 10623424.6, Diff: 0.7]
      [Ext Root Scanning (ms): Min: 50.3, Avg: 61.1, Max: 71.9, Diff: 21.6, Sum: 122.2]
      [Update RS (ms): Min: 27.1, Avg: 39.3, Max: 51.6, Diff: 24.5, Sum: 78.7]
         [Processed Buffers: Min: 236, Avg: 360.5, Max: 485, Diff: 249, Sum: 721]
      [Scan RS (ms): Min: 8.5, Avg: 8.9, Max: 9.2, Diff: 0.6, Sum: 17.7]
      [Code Root Scanning (ms): Min: 0.0, Avg: 0.1, Max: 0.1, Diff: 0.1, Sum: 0.1]
      [Object Copy (ms): Min: 42.6, Avg: 44.0, Max: 45.3, Diff: 2.8, Sum: 87.9]
      [Termination (ms): Min: 0.0, Avg: 0.0, Max: 0.0, Diff: 0.0, Sum: 0.0]
      [GC Worker Other (ms): Min: 0.1, Avg: 0.1, Max: 0.1, Diff: 0.1, Sum: 0.2]
      [GC Worker Total (ms): Min: 153.1, Avg: 153.4, Max: 153.8, Diff: 0.7, Sum: 306.8]
      [GC Worker End (ms): Min: 10623577.7, Avg: 10623577.7, Max: 10623577.7, Diff: 0.0]
   [Code Root Fixup: 0.4 ms]
   [Code Root Migration: 0.0 ms]
   [Clear CT: 0.5 ms]
   [Other: 7.0 ms]
      [Choose CSet: 0.0 ms]
      [Ref Proc: 2.9 ms]
      [Ref Enq: 0.2 ms]
      [Free CSet: 0.5 ms]
   [Eden: 174.0M(174.0M)->0.0B(184.0M) Survivors: 30.0M->20.0M Heap: 1779.0M(4096.0M)->1621.0M(4096.0M)]
 [Times: user=0.32 sys=0.00, real=0.17 secs] 
2016-08-30T16:33:00.124+0200: 10630.258: [GC pause (young), 0.1415600 secs]
   [Parallel Time: 134.9 ms, GC Workers: 2]
      [GC Worker Start (ms): Min: 10630259.7, Avg: 10630259.7, Max: 10630259.7, Diff: 0.0]
      [Ext Root Scanning (ms): Min: 52.0, Avg: 52.0, Max: 52.1, Diff: 0.1, Sum: 104.1]
      [Update RS (ms): Min: 39.6, Avg: 40.0, Max: 40.4, Diff: 0.9, Sum: 80.0]
         [Processed Buffers: Min: 387, Avg: 393.5, Max: 400, Diff: 13, Sum: 787]
      [Scan RS (ms): Min: 6.2, Avg: 6.4, Max: 6.5, Diff: 0.3, Sum: 12.7]
      [Code Root Scanning (ms): Min: 0.1, Avg: 0.1, Max: 0.1, Diff: 0.0, Sum: 0.1]
      [Object Copy (ms): Min: 35.6, Avg: 36.2, Max: 36.7, Diff: 1.1, Sum: 72.3]
      [Termination (ms): Min: 0.0, Avg: 0.0, Max: 0.0, Diff: 0.0, Sum: 0.0]
      [GC Worker Other (ms): Min: 0.1, Avg: 0.1, Max: 0.1, Diff: 0.1, Sum: 0.2]
      [GC Worker Total (ms): Min: 134.7, Avg: 134.7, Max: 134.8, Diff: 0.0, Sum: 269.5]
      [GC Worker End (ms): Min: 10630394.4, Avg: 10630394.4, Max: 10630394.4, Diff: 0.0]
   [Code Root Fixup: 0.4 ms]
   [Code Root Migration: 0.0 ms]
   [Clear CT: 0.5 ms]
   [Other: 5.8 ms]
      [Choose CSet: 0.0 ms]
      [Ref Proc: 2.1 ms]
      [Ref Enq: 0.2 ms]
      [Free CSet: 0.6 ms]
   [Eden: 184.0M(184.0M)->0.0B(322.0M) Survivors: 20.0M->16.0M Heap: 1805.0M(4096.0M)->1634.0M(4096.0M)]
 [Times: user=0.27 sys=0.01, real=0.14 secs] 
2016-08-30T16:33:11.667+0200: 10641.802: [GC pause (young), 0.1279060 secs]
   [Parallel Time: 121.0 ms, GC Workers: 2]
      [GC Worker Start (ms): Min: 10641803.2, Avg: 10641803.3, Max: 10641803.3, Diff: 0.1]
      [Ext Root Scanning (ms): Min: 35.1, Avg: 37.1, Max: 39.1, Diff: 4.0, Sum: 74.2]
      [Update RS (ms): Min: 40.3, Avg: 42.7, Max: 45.2, Diff: 4.9, Sum: 85.5]
         [Processed Buffers: Min: 412, Avg: 492.0, Max: 572, Diff: 160, Sum: 984]
      [Scan RS (ms): Min: 5.8, Avg: 6.0, Max: 6.2, Diff: 0.5, Sum: 12.0]
      [Code Root Scanning (ms): Min: 0.1, Avg: 0.1, Max: 0.2, Diff: 0.2, Sum: 0.3]
      [Object Copy (ms): Min: 34.7, Avg: 34.9, Max: 35.1, Diff: 0.5, Sum: 69.8]
      [Termination (ms): Min: 0.0, Avg: 0.0, Max: 0.0, Diff: 0.0, Sum: 0.0]
      [GC Worker Other (ms): Min: 0.0, Avg: 0.1, Max: 0.1, Diff: 0.1, Sum: 0.1]
      [GC Worker Total (ms): Min: 120.9, Avg: 120.9, Max: 121.0, Diff: 0.0, Sum: 241.9]
      [GC Worker End (ms): Min: 10641924.2, Avg: 10641924.2, Max: 10641924.2, Diff: 0.0]
   [Code Root Fixup: 0.4 ms]
   [Code Root Migration: 0.0 ms]
   [Clear CT: 0.4 ms]
   [Other: 6.1 ms]
      [Choose CSet: 0.0 ms]
      [Ref Proc: 2.9 ms]
      [Ref Enq: 0.2 ms]
      [Free CSet: 0.6 ms]
   [Eden: 322.0M(322.0M)->0.0B(294.0M) Survivors: 16.0M->44.0M Heap: 1956.0M(4096.0M)->1663.0M(4096.0M)]
 [Times: user=0.24 sys=0.00, real=0.13 secs] 
2016-08-30T16:33:16.380+0200: 10646.514: [GC pause (young), 0.1630720 secs]
   [Parallel Time: 157.5 ms, GC Workers: 2]
      [GC Worker Start (ms): Min: 10646515.6, Avg: 10646515.6, Max: 10646515.6, Diff: 0.0]
      [Ext Root Scanning (ms): Min: 51.7, Avg: 52.3, Max: 52.9, Diff: 1.2, Sum: 104.7]
      [Update RS (ms): Min: 31.7, Avg: 33.1, Max: 34.5, Diff: 2.8, Sum: 66.1]
         [Processed Buffers: Min: 332, Avg: 365.5, Max: 399, Diff: 67, Sum: 731]
      [Scan RS (ms): Min: 12.0, Avg: 12.3, Max: 12.6, Diff: 0.6, Sum: 24.5]
      [Code Root Scanning (ms): Min: 0.1, Avg: 0.1, Max: 0.1, Diff: 0.0, Sum: 0.1]
      [Object Copy (ms): Min: 59.1, Avg: 59.6, Max: 60.1, Diff: 1.1, Sum: 119.2]
      [Termination (ms): Min: 0.0, Avg: 0.0, Max: 0.0, Diff: 0.0, Sum: 0.0]
      [GC Worker Other (ms): Min: 0.1, Avg: 0.1, Max: 0.1, Diff: 0.1, Sum: 0.2]
      [GC Worker Total (ms): Min: 157.4, Avg: 157.4, Max: 157.4, Diff: 0.0, Sum: 314.8]
      [GC Worker End (ms): Min: 10646673.0, Avg: 10646673.0, Max: 10646673.0, Diff: 0.0]
   [Code Root Fixup: 0.3 ms]
   [Code Root Migration: 0.0 ms]
   [Clear CT: 0.5 ms]
   [Other: 4.8 ms]
      [Choose CSet: 0.0 ms]
      [Ref Proc: 1.4 ms]
      [Ref Enq: 0.1 ms]
      [Free CSet: 0.5 ms]
   [Eden: 160.0M(160.0M)->0.0B(458.0M) Survivors: 44.0M->20.0M Heap: 1823.0M(4096.0M)->1673.0M(4096.0M)]
 [Times: user=0.30 sys=0.00, real=0.17 secs] 
2016-08-30T16:33:34.076+0200: 10664.210: [GC pause (young), 0.1863740 secs]
   [Parallel Time: 174.5 ms, GC Workers: 2]
      [GC Worker Start (ms): Min: 10664212.2, Avg: 10664212.2, Max: 10664212.2, Diff: 0.0]
      [Ext Root Scanning (ms): Min: 50.8, Avg: 51.5, Max: 52.2, Diff: 1.4, Sum: 103.1]
      [Update RS (ms): Min: 56.8, Avg: 57.8, Max: 58.7, Diff: 1.9, Sum: 115.5]
         [Processed Buffers: Min: 393, Avg: 443.0, Max: 493, Diff: 100, Sum: 886]
      [Scan RS (ms): Min: 9.2, Avg: 9.5, Max: 9.8, Diff: 0.7, Sum: 19.0]
      [Code Root Scanning (ms): Min: 0.1, Avg: 0.1, Max: 0.2, Diff: 0.1, Sum: 0.3]
      [Object Copy (ms): Min: 54.6, Avg: 55.3, Max: 55.9, Diff: 1.3, Sum: 110.5]
      [Termination (ms): Min: 0.0, Avg: 0.0, Max: 0.0, Diff: 0.0, Sum: 0.0]
      [GC Worker Other (ms): Min: 0.1, Avg: 0.1, Max: 0.2, Diff: 0.1, Sum: 0.3]
      [GC Worker Total (ms): Min: 174.3, Avg: 174.3, Max: 174.4, Diff: 0.1, Sum: 348.7]
      [GC Worker End (ms): Min: 10664386.5, Avg: 10664386.5, Max: 10664386.6, Diff: 0.0]
   [Code Root Fixup: 0.5 ms]
   [Code Root Migration: 0.1 ms]
   [Clear CT: 0.6 ms]
   [Other: 10.7 ms]
      [Choose CSet: 0.0 ms]
      [Ref Proc: 5.9 ms]
      [Ref Enq: 0.5 ms]
      [Free CSet: 1.1 ms]
   [Eden: 444.0M(384.0M)->0.0B(290.0M) Survivors: 20.0M->50.0M Heap: 2117.0M(4096.0M)->1704.0M(4096.0M)]
 [Times: user=0.36 sys=0.00, real=0.18 secs] 
2016-08-30T16:33:42.835+0200: 10672.969: [GC pause (young), 0.1825560 secs]
   [Parallel Time: 173.9 ms, GC Workers: 2]
      [GC Worker Start (ms): Min: 10672971.0, Avg: 10672971.0, Max: 10672971.0, Diff: 0.0]
      [Ext Root Scanning (ms): Min: 49.8, Avg: 50.0, Max: 50.2, Diff: 0.4, Sum: 100.0]
      [Update RS (ms): Min: 44.1, Avg: 44.6, Max: 45.0, Diff: 0.9, Sum: 89.1]
         [Processed Buffers: Min: 425, Avg: 448.0, Max: 471, Diff: 46, Sum: 896]
      [Scan RS (ms): Min: 13.1, Avg: 13.6, Max: 14.0, Diff: 0.9, Sum: 27.2]
      [Code Root Scanning (ms): Min: 0.0, Avg: 0.1, Max: 0.2, Diff: 0.2, Sum: 0.2]
      [Object Copy (ms): Min: 65.2, Avg: 65.4, Max: 65.5, Diff: 0.3, Sum: 130.7]
      [Termination (ms): Min: 0.0, Avg: 0.0, Max: 0.0, Diff: 0.0, Sum: 0.0]
      [GC Worker Other (ms): Min: 0.1, Avg: 0.2, Max: 0.2, Diff: 0.0, Sum: 0.3]
      [GC Worker Total (ms): Min: 173.8, Avg: 173.8, Max: 173.8, Diff: 0.0, Sum: 347.5]
      [GC Worker End (ms): Min: 10673144.8, Avg: 10673144.8, Max: 10673144.8, Diff: 0.0]
   [Code Root Fixup: 0.5 ms]
   [Code Root Migration: 0.0 ms]
   [Clear CT: 0.6 ms]
   [Other: 7.5 ms]
      [Choose CSet: 0.0 ms]
      [Ref Proc: 3.4 ms]
      [Ref Enq: 0.3 ms]
      [Free CSet: 0.6 ms]
   [Eden: 276.0M(156.0M)->0.0B(402.0M) Survivors: 50.0M->26.0M Heap: 1980.0M(4096.0M)->1724.0M(4096.0M)]
 [Times: user=0.35 sys=0.01, real=0.18 secs] 
2016-08-30T16:33:56.002+0200: 10686.137: [GC pause (young), 0.1685730 secs]
   [Parallel Time: 160.6 ms, GC Workers: 2]
      [GC Worker Start (ms): Min: 10686138.6, Avg: 10686138.6, Max: 10686138.6, Diff: 0.1]
      [Ext Root Scanning (ms): Min: 51.1, Avg: 51.1, Max: 51.2, Diff: 0.2, Sum: 102.3]
      [Update RS (ms): Min: 48.0, Avg: 48.5, Max: 49.0, Diff: 1.0, Sum: 97.0]
         [Processed Buffers: Min: 438, Avg: 442.5, Max: 447, Diff: 9, Sum: 885]
      [Scan RS (ms): Min: 10.2, Avg: 10.7, Max: 11.2, Diff: 1.0, Sum: 21.4]
      [Code Root Scanning (ms): Min: 0.1, Avg: 0.1, Max: 0.2, Diff: 0.1, Sum: 0.3]
      [Object Copy (ms): Min: 49.9, Avg: 49.9, Max: 49.9, Diff: 0.0, Sum: 99.7]
      [Termination (ms): Min: 0.0, Avg: 0.0, Max: 0.1, Diff: 0.1, Sum: 0.1]
      [GC Worker Other (ms): Min: 0.1, Avg: 0.1, Max: 0.2, Diff: 0.0, Sum: 0.3]
      [GC Worker Total (ms): Min: 160.5, Avg: 160.5, Max: 160.6, Diff: 0.1, Sum: 321.1]
      [GC Worker End (ms): Min: 10686299.2, Avg: 10686299.2, Max: 10686299.2, Diff: 0.0]
   [Code Root Fixup: 0.3 ms]
   [Code Root Migration: 0.1 ms]
   [Clear CT: 0.5 ms]
   [Other: 7.1 ms]
      [Choose CSet: 0.0 ms]
      [Ref Proc: 3.1 ms]
      [Ref Enq: 0.2 ms]
      [Free CSet: 0.7 ms]
   [Eden: 346.0M(306.0M)->0.0B(392.0M) Survivors: 26.0M->34.0M Heap: 2070.0M(4096.0M)->1751.0M(4096.0M)]
 [Times: user=0.33 sys=0.01, real=0.17 secs] 
2016-08-30T16:34:10.278+0200: 10700.412: [GC pause (young), 0.1857210 secs]
   [Parallel Time: 175.0 ms, GC Workers: 2]
      [GC Worker Start (ms): Min: 10700414.6, Avg: 10700415.6, Max: 10700416.5, Diff: 1.9]
      [Ext Root Scanning (ms): Min: 50.4, Avg: 53.1, Max: 55.8, Diff: 5.4, Sum: 106.3]
      [Update RS (ms): Min: 53.3, Avg: 56.0, Max: 58.8, Diff: 5.6, Sum: 112.1]
         [Processed Buffers: Min: 396, Avg: 448.0, Max: 500, Diff: 104, Sum: 896]
      [Scan RS (ms): Min: 11.7, Avg: 11.8, Max: 11.9, Diff: 0.2, Sum: 23.6]
      [Code Root Scanning (ms): Min: 0.1, Avg: 0.1, Max: 0.2, Diff: 0.1, Sum: 0.3]
      [Object Copy (ms): Min: 51.8, Avg: 52.7, Max: 53.6, Diff: 1.8, Sum: 105.3]
      [Termination (ms): Min: 0.0, Avg: 0.0, Max: 0.0, Diff: 0.0, Sum: 0.0]
      [GC Worker Other (ms): Min: 0.1, Avg: 0.2, Max: 0.2, Diff: 0.0, Sum: 0.3]
      [GC Worker Total (ms): Min: 173.0, Avg: 173.9, Max: 174.9, Diff: 1.9, Sum: 347.9]
      [GC Worker End (ms): Min: 10700589.5, Avg: 10700589.5, Max: 10700589.5, Diff: 0.0]
   [Code Root Fixup: 0.5 ms]
   [Code Root Migration: 0.1 ms]
   [Clear CT: 0.5 ms]
   [Other: 9.7 ms]
      [Choose CSet: 0.0 ms]
      [Ref Proc: 4.6 ms]
      [Ref Enq: 0.4 ms]
      [Free CSet: 1.2 ms]
   [Eden: 376.0M(290.0M)->0.0B(356.0M) Survivors: 34.0M->38.0M Heap: 2127.0M(4096.0M)->1781.0M(4096.0M)]
 [Times: user=0.36 sys=0.00, real=0.19 secs] 
2016-08-30T16:34:22.570+0200: 10712.705: [GC pause (young), 0.1621540 secs]
   [Parallel Time: 155.0 ms, GC Workers: 2]
      [GC Worker Start (ms): Min: 10712706.6, Avg: 10712706.6, Max: 10712706.6, Diff: 0.0]
      [Ext Root Scanning (ms): Min: 49.6, Avg: 50.2, Max: 50.7, Diff: 1.1, Sum: 100.3]
      [Update RS (ms): Min: 46.8, Avg: 46.9, Max: 46.9, Diff: 0.1, Sum: 93.7]
         [Processed Buffers: Min: 425, Avg: 464.0, Max: 503, Diff: 78, Sum: 928]
      [Scan RS (ms): Min: 8.7, Avg: 9.0, Max: 9.4, Diff: 0.7, Sum: 18.0]
      [Code Root Scanning (ms): Min: 0.1, Avg: 0.1, Max: 0.1, Diff: 0.1, Sum: 0.2]
      [Object Copy (ms): Min: 48.3, Avg: 48.6, Max: 48.9, Diff: 0.6, Sum: 97.2]
      [Termination (ms): Min: 0.0, Avg: 0.0, Max: 0.0, Diff: 0.0, Sum: 0.0]
      [GC Worker Other (ms): Min: 0.1, Avg: 0.2, Max: 0.2, Diff: 0.0, Sum: 0.3]
      [GC Worker Total (ms): Min: 154.9, Avg: 154.9, Max: 154.9, Diff: 0.0, Sum: 309.8]
      [GC Worker End (ms): Min: 10712861.5, Avg: 10712861.5, Max: 10712861.5, Diff: 0.0]
   [Code Root Fixup: 0.2 ms]
   [Code Root Migration: 0.0 ms]
   [Clear CT: 0.5 ms]
   [Other: 6.4 ms]
      [Choose CSet: 0.0 ms]
      [Ref Proc: 2.7 ms]
      [Ref Enq: 0.2 ms]
      [Free CSet: 0.7 ms]
   [Eden: 354.0M(246.0M)->0.0B(424.0M) Survivors: 38.0M->36.0M Heap: 2135.0M(4096.0M)->1807.0M(4096.0M)]
 [Times: user=0.32 sys=0.00, real=0.17 secs] 
2016-08-30T16:34:33.601+0200: 10723.736: [GC pause (young), 0.1771770 secs]
   [Parallel Time: 167.1 ms, GC Workers: 2]
      [GC Worker Start (ms): Min: 10723737.8, Avg: 10723737.8, Max: 10723737.8, Diff: 0.0]
      [Ext Root Scanning (ms): Min: 50.6, Avg: 50.9, Max: 51.1, Diff: 0.5, Sum: 101.7]
      [Update RS (ms): Min: 45.7, Avg: 45.9, Max: 46.2, Diff: 0.5, Sum: 91.8]
         [Processed Buffers: Min: 420, Avg: 428.5, Max: 437, Diff: 17, Sum: 857]
      [Scan RS (ms): Min: 11.4, Avg: 11.8, Max: 12.2, Diff: 0.8, Sum: 23.6]
      [Code Root Scanning (ms): Min: 0.1, Avg: 0.1, Max: 0.1, Diff: 0.0, Sum: 0.2]
      [Object Copy (ms): Min: 58.1, Avg: 58.1, Max: 58.2, Diff: 0.1, Sum: 116.2]
      [Termination (ms): Min: 0.0, Avg: 0.0, Max: 0.0, Diff: 0.0, Sum: 0.0]
      [GC Worker Other (ms): Min: 0.1, Avg: 0.2, Max: 0.2, Diff: 0.1, Sum: 0.4]
      [GC Worker Total (ms): Min: 167.0, Avg: 167.0, Max: 167.0, Diff: 0.0, Sum: 334.0]
      [GC Worker End (ms): Min: 10723904.8, Avg: 10723904.8, Max: 10723904.8, Diff: 0.0]
   [Code Root Fixup: 0.6 ms]
   [Code Root Migration: 0.1 ms]
   [Clear CT: 0.6 ms]
   [Other: 8.8 ms]
      [Choose CSet: 0.0 ms]
      [Ref Proc: 4.1 ms]
      [Ref Enq: 0.3 ms]
      [Free CSet: 0.9 ms]
   [Eden: 316.0M(300.0M)->0.0B(480.0M) Survivors: 36.0M->30.0M Heap: 2123.0M(4096.0M)->1829.0M(4096.0M)]
 [Times: user=0.35 sys=0.00, real=0.18 secs] 
2016-08-30T16:34:51.343+0200: 10741.478: [GC pause (young), 0.2064530 secs]
   [Parallel Time: 197.4 ms, GC Workers: 2]
      [GC Worker Start (ms): Min: 10741479.7, Avg: 10741479.8, Max: 10741479.8, Diff: 0.0]
      [Ext Root Scanning (ms): Min: 49.9, Avg: 50.1, Max: 50.2, Diff: 0.3, Sum: 100.2]
      [Update RS (ms): Min: 64.2, Avg: 64.2, Max: 64.3, Diff: 0.1, Sum: 128.5]
         [Processed Buffers: Min: 451, Avg: 501.5, Max: 552, Diff: 101, Sum: 1003]
      [Scan RS (ms): Min: 11.6, Avg: 11.7, Max: 11.9, Diff: 0.3, Sum: 23.4]
      [Code Root Scanning (ms): Min: 0.2, Avg: 0.2, Max: 0.2, Diff: 0.0, Sum: 0.4]
      [Object Copy (ms): Min: 70.5, Avg: 70.9, Max: 71.3, Diff: 0.8, Sum: 141.8]
      [Termination (ms): Min: 0.0, Avg: 0.0, Max: 0.0, Diff: 0.0, Sum: 0.0]
      [GC Worker Other (ms): Min: 0.1, Avg: 0.2, Max: 0.2, Diff: 0.1, Sum: 0.3]
      [GC Worker Total (ms): Min: 197.3, Avg: 197.3, Max: 197.3, Diff: 0.0, Sum: 394.6]
      [GC Worker End (ms): Min: 10741677.1, Avg: 10741677.1, Max: 10741677.1, Diff: 0.0]
   [Code Root Fixup: 0.2 ms]
   [Code Root Migration: 0.1 ms]
   [Clear CT: 0.5 ms]
   [Other: 8.3 ms]
      [Choose CSet: 0.0 ms]
      [Ref Proc: 4.1 ms]
      [Ref Enq: 0.3 ms]
      [Free CSet: 0.9 ms]
   [Eden: 472.0M(352.0M)->0.0B(312.0M) Survivors: 30.0M->48.0M Heap: 2301.0M(4096.0M)->1869.0M(4096.0M)]
 [Times: user=0.39 sys=0.01, real=0.21 secs] 
2016-08-30T16:35:02.465+0200: 10752.600: [GC pause (young), 0.1921490 secs]
   [Parallel Time: 183.1 ms, GC Workers: 2]
      [GC Worker Start (ms): Min: 10752601.3, Avg: 10752601.3, Max: 10752601.3, Diff: 0.0]
      [Ext Root Scanning (ms): Min: 52.7, Avg: 57.8, Max: 63.0, Diff: 10.3, Sum: 115.7]
      [Update RS (ms): Min: 43.9, Avg: 48.8, Max: 53.7, Diff: 9.8, Sum: 97.6]
         [Processed Buffers: Min: 392, Avg: 399.5, Max: 407, Diff: 15, Sum: 799]
      [Scan RS (ms): Min: 13.8, Avg: 13.9, Max: 14.1, Diff: 0.3, Sum: 27.9]
      [Code Root Scanning (ms): Min: 0.1, Avg: 0.1, Max: 0.1, Diff: 0.0, Sum: 0.2]
      [Object Copy (ms): Min: 62.0, Avg: 62.2, Max: 62.3, Diff: 0.2, Sum: 124.3]
      [Termination (ms): Min: 0.0, Avg: 0.0, Max: 0.0, Diff: 0.0, Sum: 0.0]
      [GC Worker Other (ms): Min: 0.1, Avg: 0.2, Max: 0.2, Diff: 0.0, Sum: 0.3]
      [GC Worker Total (ms): Min: 183.0, Avg: 183.0, Max: 183.0, Diff: 0.0, Sum: 366.0]
      [GC Worker End (ms): Min: 10752784.3, Avg: 10752784.3, Max: 10752784.3, Diff: 0.0]
   [Code Root Fixup: 0.4 ms]
   [Code Root Migration: 0.0 ms]
   [Clear CT: 0.6 ms]
   [Other: 7.9 ms]
      [Choose CSet: 0.0 ms]
      [Ref Proc: 4.0 ms]
      [Ref Enq: 0.1 ms]
      [Free CSet: 0.7 ms]
   [Eden: 288.0M(212.0M)->0.0B(372.0M) Survivors: 48.0M->28.0M Heap: 2157.0M(4096.0M)->1882.0M(4096.0M)]
 [Times: user=0.36 sys=0.00, real=0.20 secs] 
2016-08-30T16:35:15.731+0200: 10765.866: [GC pause (young) (initial-mark), 0.2237560 secs]
   [Parallel Time: 214.2 ms, GC Workers: 2]
      [GC Worker Start (ms): Min: 10765868.4, Avg: 10765868.4, Max: 10765868.5, Diff: 0.0]
      [Ext Root Scanning (ms): Min: 52.7, Avg: 60.1, Max: 67.5, Diff: 14.8, Sum: 120.2]
      [Code Root Marking (ms): Min: 5.4, Avg: 13.6, Max: 21.9, Diff: 16.6, Sum: 27.3]
      [Update RS (ms): Min: 66.8, Avg: 67.0, Max: 67.3, Diff: 0.5, Sum: 134.1]
         [Processed Buffers: Min: 452, Avg: 509.0, Max: 566, Diff: 114, Sum: 1018]
      [Scan RS (ms): Min: 10.2, Avg: 10.8, Max: 11.4, Diff: 1.2, Sum: 21.6]
      [Code Root Scanning (ms): Min: 0.2, Avg: 0.2, Max: 0.2, Diff: 0.0, Sum: 0.4]
      [Object Copy (ms): Min: 60.9, Avg: 62.2, Max: 63.4, Diff: 2.4, Sum: 124.3]
      [Termination (ms): Min: 0.0, Avg: 0.0, Max: 0.0, Diff: 0.0, Sum: 0.0]
      [GC Worker Other (ms): Min: 0.1, Avg: 0.1, Max: 0.2, Diff: 0.0, Sum: 0.3]
      [GC Worker Total (ms): Min: 214.1, Avg: 214.1, Max: 214.1, Diff: 0.0, Sum: 428.2]
      [GC Worker End (ms): Min: 10766082.5, Avg: 10766082.5, Max: 10766082.5, Diff: 0.0]
   [Code Root Fixup: 0.4 ms]
   [Code Root Migration: 0.1 ms]
   [Clear CT: 0.8 ms]
   [Other: 8.3 ms]
      [Choose CSet: 0.0 ms]
      [Ref Proc: 3.2 ms]
      [Ref Enq: 0.3 ms]
      [Free CSet: 0.6 ms]
   [Eden: 372.0M(372.0M)->0.0B(178.0M) Survivors: 28.0M->50.0M Heap: 2254.0M(4096.0M)->1921.0M(4096.0M)]
 [Times: user=0.43 sys=0.00, real=0.22 secs] 
2016-08-30T16:35:15.956+0200: 10766.090: [GC concurrent-root-region-scan-start]
2016-08-30T16:35:15.988+0200: 10766.122: [GC concurrent-root-region-scan-end, 0.0323280 secs]
2016-08-30T16:35:15.988+0200: 10766.122: [GC concurrent-mark-start]
2016-08-30T16:35:17.205+0200: 10767.339: [GC concurrent-mark-end, 1.2166400 secs]
2016-08-30T16:35:17.207+0200: 10767.341: [GC remark 2016-08-30T16:35:17.209+0200: 10767.344: [GC ref-proc, 0.0686510 secs], 0.0857670 secs]
 [Times: user=0.10 sys=0.00, real=0.09 secs] 
2016-08-30T16:35:17.299+0200: 10767.434: [GC cleanup 1969M->1923M(4096M), 0.0307840 secs]
 [Times: user=0.06 sys=0.00, real=0.04 secs] 
2016-08-30T16:35:17.331+0200: 10767.465: [GC concurrent-cleanup-start]
2016-08-30T16:35:17.331+0200: 10767.465: [GC concurrent-cleanup-end, 0.0001510 secs]
2016-08-30T16:35:22.244+0200: 10772.378: [GC pause (young), 0.1626580 secs]
   [Parallel Time: 155.5 ms, GC Workers: 2]
      [GC Worker Start (ms): Min: 10772379.6, Avg: 10772379.6, Max: 10772379.6, Diff: 0.0]
      [Ext Root Scanning (ms): Min: 51.0, Avg: 51.1, Max: 51.1, Diff: 0.0, Sum: 102.1]
      [Update RS (ms): Min: 38.3, Avg: 38.3, Max: 38.4, Diff: 0.0, Sum: 76.7]
         [Processed Buffers: Min: 387, Avg: 401.0, Max: 415, Diff: 28, Sum: 802]
      [Scan RS (ms): Min: 11.4, Avg: 11.6, Max: 11.8, Diff: 0.4, Sum: 23.2]
      [Code Root Scanning (ms): Min: 0.1, Avg: 0.1, Max: 0.1, Diff: 0.0, Sum: 0.1]
      [Object Copy (ms): Min: 54.0, Avg: 54.2, Max: 54.4, Diff: 0.4, Sum: 108.5]
      [Termination (ms): Min: 0.0, Avg: 0.0, Max: 0.0, Diff: 0.0, Sum: 0.0]
      [GC Worker Other (ms): Min: 0.1, Avg: 0.2, Max: 0.2, Diff: 0.1, Sum: 0.3]
      [GC Worker Total (ms): Min: 155.5, Avg: 155.5, Max: 155.5, Diff: 0.0, Sum: 310.9]
      [GC Worker End (ms): Min: 10772535.0, Avg: 10772535.0, Max: 10772535.0, Diff: 0.0]
   [Code Root Fixup: 0.6 ms]
   [Code Root Migration: 0.0 ms]
   [Clear CT: 0.5 ms]
   [Other: 6.0 ms]
      [Choose CSet: 0.0 ms]
      [Ref Proc: 2.5 ms]
      [Ref Enq: 0.1 ms]
      [Free CSet: 0.5 ms]
   [Eden: 178.0M(178.0M)->0.0B(190.0M) Survivors: 50.0M->14.0M Heap: 2053.0M(4096.0M)->1888.0M(4096.0M)]
 [Times: user=0.32 sys=0.00, real=0.16 secs] 
2016-08-30T16:35:29.137+0200: 10779.271: [GC pause (mixed), 0.1732380 secs]
   [Parallel Time: 165.9 ms, GC Workers: 2]
      [GC Worker Start (ms): Min: 10779273.0, Avg: 10779273.1, Max: 10779273.1, Diff: 0.0]
      [Ext Root Scanning (ms): Min: 50.6, Avg: 50.7, Max: 50.7, Diff: 0.2, Sum: 101.3]
      [Update RS (ms): Min: 38.4, Avg: 38.7, Max: 39.0, Diff: 0.6, Sum: 77.4]
         [Processed Buffers: Min: 420, Avg: 421.0, Max: 422, Diff: 2, Sum: 842]
      [Scan RS (ms): Min: 33.3, Avg: 33.5, Max: 33.8, Diff: 0.5, Sum: 67.1]
      [Code Root Scanning (ms): Min: 0.1, Avg: 0.2, Max: 0.3, Diff: 0.2, Sum: 0.4]
      [Object Copy (ms): Min: 42.5, Avg: 42.7, Max: 42.8, Diff: 0.4, Sum: 85.3]
      [Termination (ms): Min: 0.0, Avg: 0.0, Max: 0.0, Diff: 0.0, Sum: 0.0]
      [GC Worker Other (ms): Min: 0.1, Avg: 0.1, Max: 0.1, Diff: 0.1, Sum: 0.2]
      [GC Worker Total (ms): Min: 165.8, Avg: 165.8, Max: 165.8, Diff: 0.0, Sum: 331.6]
      [GC Worker End (ms): Min: 10779438.9, Avg: 10779438.9, Max: 10779438.9, Diff: 0.0]
   [Code Root Fixup: 0.4 ms]
   [Code Root Migration: 0.1 ms]
   [Clear CT: 0.6 ms]
   [Other: 6.2 ms]
      [Choose CSet: 0.3 ms]
      [Ref Proc: 1.4 ms]
      [Ref Enq: 0.1 ms]
      [Free CSet: 1.4 ms]
   [Eden: 190.0M(190.0M)->0.0B(178.0M) Survivors: 14.0M->26.0M Heap: 2078.0M(4096.0M)->1602.0M(4096.0M)]
 [Times: user=0.34 sys=0.00, real=0.17 secs] 
2016-08-30T16:35:36.337+0200: 10786.471: [GC pause (mixed), 0.3744370 secs]
   [Parallel Time: 361.6 ms, GC Workers: 2]
      [GC Worker Start (ms): Min: 10786473.7, Avg: 10786473.7, Max: 10786473.7, Diff: 0.0]
      [Ext Root Scanning (ms): Min: 83.1, Avg: 119.1, Max: 155.2, Diff: 72.1, Sum: 238.2]
      [Update RS (ms): Min: 44.3, Avg: 86.2, Max: 128.0, Diff: 83.7, Sum: 172.3]
         [Processed Buffers: Min: 163, Avg: 364.0, Max: 565, Diff: 402, Sum: 728]
      [Scan RS (ms): Min: 57.9, Avg: 61.1, Max: 64.2, Diff: 6.3, Sum: 122.1]
      [Code Root Scanning (ms): Min: 0.1, Avg: 0.1, Max: 0.1, Diff: 0.1, Sum: 0.2]
      [Object Copy (ms): Min: 92.3, Avg: 95.0, Max: 97.7, Diff: 5.5, Sum: 190.0]
      [Termination (ms): Min: 0.0, Avg: 0.0, Max: 0.0, Diff: 0.0, Sum: 0.0]
      [GC Worker Other (ms): Min: 0.1, Avg: 0.1, Max: 0.2, Diff: 0.0, Sum: 0.3]
      [GC Worker Total (ms): Min: 361.6, Avg: 361.6, Max: 361.6, Diff: 0.0, Sum: 723.1]
      [GC Worker End (ms): Min: 10786835.3, Avg: 10786835.3, Max: 10786835.3, Diff: 0.0]
   [Code Root Fixup: 0.2 ms]
   [Code Root Migration: 0.0 ms]
   [Clear CT: 0.6 ms]
   [Other: 11.9 ms]
      [Choose CSet: 0.5 ms]
      [Ref Proc: 6.9 ms]
      [Ref Enq: 0.1 ms]
      [Free CSet: 1.1 ms]
   [Eden: 178.0M(178.0M)->0.0B(188.0M) Survivors: 26.0M->16.0M Heap: 1780.0M(4096.0M)->1443.0M(4096.0M)]
 [Times: user=0.43 sys=0.00, real=0.37 secs] 
2016-08-30T16:35:42.617+0200: 10792.751: [GC pause (mixed), 0.2444130 secs]
   [Parallel Time: 237.0 ms, GC Workers: 2]
      [GC Worker Start (ms): Min: 10792753.8, Avg: 10792753.8, Max: 10792753.8, Diff: 0.0]
      [Ext Root Scanning (ms): Min: 49.5, Avg: 50.0, Max: 50.6, Diff: 1.1, Sum: 100.1]
      [Update RS (ms): Min: 38.6, Avg: 39.1, Max: 39.5, Diff: 0.9, Sum: 78.2]
         [Processed Buffers: Min: 426, Avg: 446.5, Max: 467, Diff: 41, Sum: 893]
      [Scan RS (ms): Min: 81.9, Avg: 82.3, Max: 82.7, Diff: 0.8, Sum: 164.6]
      [Code Root Scanning (ms): Min: 0.1, Avg: 0.1, Max: 0.2, Diff: 0.1, Sum: 0.2]
      [Object Copy (ms): Min: 64.8, Avg: 65.2, Max: 65.6, Diff: 0.9, Sum: 130.4]
      [Termination (ms): Min: 0.0, Avg: 0.0, Max: 0.0, Diff: 0.0, Sum: 0.0]
      [GC Worker Other (ms): Min: 0.1, Avg: 0.1, Max: 0.2, Diff: 0.0, Sum: 0.3]
      [GC Worker Total (ms): Min: 236.9, Avg: 236.9, Max: 236.9, Diff: 0.0, Sum: 473.7]
      [GC Worker End (ms): Min: 10792990.7, Avg: 10792990.7, Max: 10792990.7, Diff: 0.0]
   [Code Root Fixup: 0.3 ms]
   [Code Root Migration: 0.0 ms]
   [Clear CT: 0.6 ms]
   [Other: 6.5 ms]
      [Choose CSet: 0.8 ms]
      [Ref Proc: 1.1 ms]
      [Ref Enq: 0.1 ms]
      [Free CSet: 1.4 ms]
   [Eden: 188.0M(188.0M)->0.0B(178.0M) Survivors: 16.0M->26.0M Heap: 1631.0M(4096.0M)->1304.0M(4096.0M)]
 [Times: user=0.47 sys=0.00, real=0.24 secs] 
2016-08-30T16:35:48.579+0200: 10798.713: [GC pause (mixed), 0.1883170 secs]
   [Parallel Time: 181.5 ms, GC Workers: 2]
      [GC Worker Start (ms): Min: 10798715.0, Avg: 10798715.0, Max: 10798715.0, Diff: 0.0]
      [Ext Root Scanning (ms): Min: 30.9, Avg: 32.7, Max: 34.6, Diff: 3.7, Sum: 65.4]
      [Update RS (ms): Min: 20.0, Avg: 22.0, Max: 24.0, Diff: 4.0, Sum: 44.0]
         [Processed Buffers: Min: 265, Avg: 375.5, Max: 486, Diff: 221, Sum: 751]
      [Scan RS (ms): Min: 72.3, Avg: 72.5, Max: 72.7, Diff: 0.3, Sum: 145.0]
      [Code Root Scanning (ms): Min: 0.1, Avg: 0.1, Max: 0.1, Diff: 0.1, Sum: 0.2]
      [Object Copy (ms): Min: 53.7, Avg: 54.0, Max: 54.3, Diff: 0.6, Sum: 108.0]
      [Termination (ms): Min: 0.0, Avg: 0.0, Max: 0.0, Diff: 0.0, Sum: 0.0]
      [GC Worker Other (ms): Min: 0.1, Avg: 0.1, Max: 0.1, Diff: 0.0, Sum: 0.2]
      [GC Worker Total (ms): Min: 181.4, Avg: 181.4, Max: 181.4, Diff: 0.0, Sum: 362.8]
      [GC Worker End (ms): Min: 10798896.4, Avg: 10798896.4, Max: 10798896.4, Diff: 0.0]
   [Code Root Fixup: 0.3 ms]
   [Code Root Migration: 0.1 ms]
   [Clear CT: 0.5 ms]
   [Other: 5.9 ms]
      [Choose CSet: 1.0 ms]
      [Ref Proc: 1.1 ms]
      [Ref Enq: 0.1 ms]
      [Free CSet: 1.7 ms]
   [Eden: 178.0M(178.0M)->0.0B(184.0M) Survivors: 26.0M->20.0M Heap: 1482.0M(4096.0M)->1152.0M(4096.0M)]
 [Times: user=0.34 sys=0.00, real=0.19 secs] 
2016-08-30T16:35:54.057+0200: 10804.192: [GC pause (mixed), 0.1630150 secs]
   [Parallel Time: 155.0 ms, GC Workers: 2]
      [GC Worker Start (ms): Min: 10804193.4, Avg: 10804193.4, Max: 10804193.4, Diff: 0.0]
      [Ext Root Scanning (ms): Min: 56.6, Avg: 57.4, Max: 58.3, Diff: 1.7, Sum: 114.8]
      [Update RS (ms): Min: 35.9, Avg: 36.1, Max: 36.3, Diff: 0.4, Sum: 72.3]
         [Processed Buffers: Min: 382, Avg: 392.5, Max: 403, Diff: 21, Sum: 785]
      [Scan RS (ms): Min: 14.6, Avg: 15.3, Max: 15.9, Diff: 1.3, Sum: 30.5]
      [Code Root Scanning (ms): Min: 0.0, Avg: 0.1, Max: 0.1, Diff: 0.1, Sum: 0.1]
      [Object Copy (ms): Min: 45.5, Avg: 45.9, Max: 46.2, Diff: 0.7, Sum: 91.7]
      [Termination (ms): Min: 0.0, Avg: 0.0, Max: 0.0, Diff: 0.0, Sum: 0.0]
      [GC Worker Other (ms): Min: 0.1, Avg: 0.2, Max: 0.2, Diff: 0.0, Sum: 0.3]
      [GC Worker Total (ms): Min: 154.9, Avg: 154.9, Max: 154.9, Diff: 0.0, Sum: 309.8]
      [GC Worker End (ms): Min: 10804348.3, Avg: 10804348.3, Max: 10804348.3, Diff: 0.0]
   [Code Root Fixup: 0.7 ms]
   [Code Root Migration: 0.0 ms]
   [Clear CT: 0.8 ms]
   [Other: 6.5 ms]
      [Choose CSet: 0.1 ms]
      [Ref Proc: 2.4 ms]
      [Ref Enq: 0.2 ms]
      [Free CSet: 0.6 ms]
   [Eden: 184.0M(184.0M)->0.0B(180.0M) Survivors: 20.0M->24.0M Heap: 1336.0M(4096.0M)->1165.0M(4096.0M)]
 [Times: user=0.30 sys=0.00, real=0.16 secs] 
2016-08-30T16:36:00.905+0200: 10811.040: [GC pause (young), 0.1340490 secs]
   [Parallel Time: 128.6 ms, GC Workers: 2]
      [GC Worker Start (ms): Min: 10811041.2, Avg: 10811041.2, Max: 10811041.3, Diff: 0.0]
      [Ext Root Scanning (ms): Min: 49.7, Avg: 49.8, Max: 49.8, Diff: 0.1, Sum: 99.6]
      [Update RS (ms): Min: 34.2, Avg: 34.3, Max: 34.5, Diff: 0.4, Sum: 68.7]
         [Processed Buffers: Min: 343, Avg: 377.0, Max: 411, Diff: 68, Sum: 754]
      [Scan RS (ms): Min: 7.0, Avg: 7.3, Max: 7.7, Diff: 0.6, Sum: 14.7]
      [Code Root Scanning (ms): Min: 0.0, Avg: 0.1, Max: 0.1, Diff: 0.1, Sum: 0.1]
      [Object Copy (ms): Min: 36.7, Avg: 36.8, Max: 36.9, Diff: 0.2, Sum: 73.7]
      [Termination (ms): Min: 0.0, Avg: 0.0, Max: 0.0, Diff: 0.0, Sum: 0.0]
      [GC Worker Other (ms): Min: 0.1, Avg: 0.1, Max: 0.1, Diff: 0.0, Sum: 0.3]
      [GC Worker Total (ms): Min: 128.5, Avg: 128.5, Max: 128.5, Diff: 0.0, Sum: 257.0]
      [GC Worker End (ms): Min: 10811169.8, Avg: 10811169.8, Max: 10811169.8, Diff: 0.0]
   [Code Root Fixup: 0.2 ms]
   [Code Root Migration: 0.0 ms]
   [Clear CT: 0.4 ms]
   [Other: 4.8 ms]
      [Choose CSet: 0.0 ms]
      [Ref Proc: 1.5 ms]
      [Ref Enq: 0.1 ms]
      [Free CSet: 0.4 ms]
   [Eden: 180.0M(180.0M)->0.0B(186.0M) Survivors: 24.0M->18.0M Heap: 1345.0M(4096.0M)->1180.0M(4096.0M)]
 [Times: user=0.26 sys=0.00, real=0.14 secs] 
2016-08-30T16:36:08.173+0200: 10818.308: [GC pause (young), 0.1473390 secs]
   [Parallel Time: 139.6 ms, GC Workers: 2]
      [GC Worker Start (ms): Min: 10818309.9, Avg: 10818310.5, Max: 10818311.1, Diff: 1.2]
      [Ext Root Scanning (ms): Min: 51.8, Avg: 55.6, Max: 59.3, Diff: 7.5, Sum: 111.1]
      [Update RS (ms): Min: 32.1, Avg: 36.5, Max: 41.0, Diff: 8.9, Sum: 73.1]
         [Processed Buffers: Min: 349, Avg: 372.5, Max: 396, Diff: 47, Sum: 745]
      [Scan RS (ms): Min: 7.1, Avg: 7.2, Max: 7.3, Diff: 0.2, Sum: 14.4]
      [Code Root Scanning (ms): Min: 0.1, Avg: 0.1, Max: 0.1, Diff: 0.0, Sum: 0.1]
      [Object Copy (ms): Min: 38.1, Avg: 39.3, Max: 40.5, Diff: 2.4, Sum: 78.6]
      [Termination (ms): Min: 0.0, Avg: 0.0, Max: 0.0, Diff: 0.0, Sum: 0.0]
      [GC Worker Other (ms): Min: 0.1, Avg: 0.2, Max: 0.2, Diff: 0.1, Sum: 0.4]
      [GC Worker Total (ms): Min: 138.3, Avg: 138.9, Max: 139.5, Diff: 1.2, Sum: 277.8]
      [GC Worker End (ms): Min: 10818449.4, Avg: 10818449.4, Max: 10818449.4, Diff: 0.0]
   [Code Root Fixup: 0.6 ms]
   [Code Root Migration: 0.0 ms]
   [Clear CT: 0.8 ms]
   [Other: 6.3 ms]
      [Choose CSet: 0.0 ms]
      [Ref Proc: 2.3 ms]
      [Ref Enq: 0.2 ms]
      [Free CSet: 0.5 ms]
   [Eden: 186.0M(186.0M)->0.0B(184.0M) Survivors: 18.0M->20.0M Heap: 1366.0M(4096.0M)->1196.0M(4096.0M)]
 [Times: user=0.29 sys=0.00, real=0.15 secs] 
2016-08-30T16:36:13.402+0200: 10823.537: [GC pause (young), 0.1532890 secs]
   [Parallel Time: 146.7 ms, GC Workers: 2]
      [GC Worker Start (ms): Min: 10823538.4, Avg: 10823540.1, Max: 10823541.9, Diff: 3.5]
      [Ext Root Scanning (ms): Min: 50.1, Avg: 50.9, Max: 51.6, Diff: 1.5, Sum: 101.7]
      [Update RS (ms): Min: 42.6, Avg: 44.6, Max: 46.6, Diff: 4.0, Sum: 89.3]
         [Processed Buffers: Min: 403, Avg: 406.5, Max: 410, Diff: 7, Sum: 813]
      [Scan RS (ms): Min: 4.9, Avg: 6.6, Max: 8.3, Diff: 3.4, Sum: 13.1]
      [Code Root Scanning (ms): Min: 0.1, Avg: 0.1, Max: 0.1, Diff: 0.0, Sum: 0.1]
      [Object Copy (ms): Min: 41.9, Avg: 42.6, Max: 43.2, Diff: 1.4, Sum: 85.1]
      [Termination (ms): Min: 0.0, Avg: 0.0, Max: 0.0, Diff: 0.0, Sum: 0.0]
      [GC Worker Other (ms): Min: 0.2, Avg: 0.2, Max: 0.2, Diff: 0.0, Sum: 0.4]
      [GC Worker Total (ms): Min: 143.1, Avg: 144.9, Max: 146.6, Diff: 3.5, Sum: 289.8]
      [GC Worker End (ms): Min: 10823685.0, Avg: 10823685.0, Max: 10823685.0, Diff: 0.0]
   [Code Root Fixup: 0.6 ms]
   [Code Root Migration: 0.0 ms]
   [Clear CT: 0.4 ms]
   [Other: 5.6 ms]
      [Choose CSet: 0.0 ms]
      [Ref Proc: 1.9 ms]
      [Ref Enq: 0.2 ms]
      [Free CSet: 0.5 ms]
   [Eden: 184.0M(184.0M)->0.0B(178.0M) Survivors: 20.0M->26.0M Heap: 1380.0M(4096.0M)->1218.0M(4096.0M)]
 [Times: user=0.28 sys=0.01, real=0.15 secs] 
2016-08-30T16:36:20.423+0200: 10830.557: [GC pause (young), 0.1500770 secs]
   [Parallel Time: 143.2 ms, GC Workers: 2]
      [GC Worker Start (ms): Min: 10830559.1, Avg: 10830559.1, Max: 10830559.1, Diff: 0.0]
      [Ext Root Scanning (ms): Min: 50.8, Avg: 51.4, Max: 51.9, Diff: 1.1, Sum: 102.8]
      [Update RS (ms): Min: 44.5, Avg: 45.1, Max: 45.7, Diff: 1.2, Sum: 90.2]
         [Processed Buffers: Min: 376, Avg: 390.0, Max: 404, Diff: 28, Sum: 780]
      [Scan RS (ms): Min: 7.7, Avg: 7.9, Max: 8.2, Diff: 0.5, Sum: 15.9]
      [Code Root Scanning (ms): Min: 0.0, Avg: 0.1, Max: 0.1, Diff: 0.0, Sum: 0.1]
      [Object Copy (ms): Min: 38.3, Avg: 38.5, Max: 38.7, Diff: 0.5, Sum: 77.0]
      [Termination (ms): Min: 0.0, Avg: 0.0, Max: 0.0, Diff: 0.0, Sum: 0.0]
      [GC Worker Other (ms): Min: 0.2, Avg: 0.2, Max: 0.2, Diff: 0.0, Sum: 0.3]
      [GC Worker Total (ms): Min: 143.1, Avg: 143.1, Max: 143.1, Diff: 0.0, Sum: 286.3]
      [GC Worker End (ms): Min: 10830702.3, Avg: 10830702.3, Max: 10830702.3, Diff: 0.0]
   [Code Root Fixup: 0.5 ms]
   [Code Root Migration: 0.0 ms]
   [Clear CT: 0.4 ms]
   [Other: 5.9 ms]
      [Choose CSet: 0.0 ms]
      [Ref Proc: 2.1 ms]
      [Ref Enq: 0.2 ms]
      [Free CSet: 0.5 ms]
   [Eden: 178.0M(178.0M)->0.0B(186.0M) Survivors: 26.0M->18.0M Heap: 1396.0M(4096.0M)->1234.0M(4096.0M)]
 [Times: user=0.28 sys=0.00, real=0.15 secs] 
2016-08-30T16:36:27.585+0200: 10837.719: [GC pause (young), 0.1238180 secs]
   [Parallel Time: 117.6 ms, GC Workers: 2]
      [GC Worker Start (ms): Min: 10837720.8, Avg: 10837720.8, Max: 10837720.8, Diff: 0.0]
      [Ext Root Scanning (ms): Min: 51.0, Avg: 51.3, Max: 51.5, Diff: 0.5, Sum: 102.6]
      [Update RS (ms): Min: 30.9, Avg: 31.4, Max: 32.0, Diff: 1.1, Sum: 62.9]
         [Processed Buffers: Min: 268, Avg: 365.5, Max: 463, Diff: 195, Sum: 731]
      [Scan RS (ms): Min: 4.2, Avg: 4.8, Max: 5.3, Diff: 1.1, Sum: 9.6]
      [Code Root Scanning (ms): Min: 0.0, Avg: 0.0, Max: 0.1, Diff: 0.0, Sum: 0.1]
      [Object Copy (ms): Min: 28.9, Avg: 29.7, Max: 30.6, Diff: 1.7, Sum: 59.5]
      [Termination (ms): Min: 0.0, Avg: 0.0, Max: 0.0, Diff: 0.0, Sum: 0.0]
      [GC Worker Other (ms): Min: 0.1, Avg: 0.2, Max: 0.2, Diff: 0.1, Sum: 0.3]
      [GC Worker Total (ms): Min: 117.5, Avg: 117.5, Max: 117.5, Diff: 0.0, Sum: 234.9]
      [GC Worker End (ms): Min: 10837838.3, Avg: 10837838.3, Max: 10837838.3, Diff: 0.0]
   [Code Root Fixup: 0.5 ms]
   [Code Root Migration: 0.0 ms]
   [Clear CT: 0.4 ms]
   [Other: 5.3 ms]
      [Choose CSet: 0.0 ms]
      [Ref Proc: 1.9 ms]
      [Ref Enq: 0.2 ms]
      [Free CSet: 0.5 ms]
   [Eden: 186.0M(186.0M)->0.0B(182.0M) Survivors: 18.0M->22.0M Heap: 1420.0M(4096.0M)->1251.0M(4096.0M)]
 [Times: user=0.24 sys=0.00, real=0.13 secs] 
2016-08-30T16:36:35.246+0200: 10845.381: [GC pause (young), 0.1444500 secs]
   [Parallel Time: 137.4 ms, GC Workers: 2]
      [GC Worker Start (ms): Min: 10845382.4, Avg: 10845382.4, Max: 10845382.4, Diff: 0.0]
      [Ext Root Scanning (ms): Min: 52.3, Avg: 53.4, Max: 54.5, Diff: 2.2, Sum: 106.8]
      [Update RS (ms): Min: 37.3, Avg: 38.5, Max: 39.6, Diff: 2.3, Sum: 76.9]
         [Processed Buffers: Min: 346, Avg: 356.5, Max: 367, Diff: 21, Sum: 713]
      [Scan RS (ms): Min: 6.3, Avg: 6.7, Max: 7.0, Diff: 0.7, Sum: 13.4]
      [Code Root Scanning (ms): Min: 0.1, Avg: 0.1, Max: 0.1, Diff: 0.0, Sum: 0.1]
      [Object Copy (ms): Min: 38.2, Avg: 38.6, Max: 39.0, Diff: 0.8, Sum: 77.2]
      [Termination (ms): Min: 0.0, Avg: 0.0, Max: 0.0, Diff: 0.0, Sum: 0.0]
      [GC Worker Other (ms): Min: 0.1, Avg: 0.2, Max: 0.2, Diff: 0.0, Sum: 0.3]
      [GC Worker Total (ms): Min: 137.3, Avg: 137.4, Max: 137.4, Diff: 0.0, Sum: 274.7]
      [GC Worker End (ms): Min: 10845519.7, Avg: 10845519.7, Max: 10845519.7, Diff: 0.0]
   [Code Root Fixup: 0.6 ms]
   [Code Root Migration: 0.0 ms]
   [Clear CT: 0.5 ms]
   [Other: 5.9 ms]
      [Choose CSet: 0.0 ms]
      [Ref Proc: 2.3 ms]
      [Ref Enq: 0.2 ms]
      [Free CSet: 0.5 ms]
   [Eden: 182.0M(182.0M)->0.0B(280.0M) Survivors: 22.0M->18.0M Heap: 1433.0M(4096.0M)->1264.0M(4096.0M)]
 [Times: user=0.29 sys=0.00, real=0.15 secs] 
2016-08-30T16:36:44.836+0200: 10854.971: [GC pause (young), 0.1704480 secs]
   [Parallel Time: 159.5 ms, GC Workers: 2]
      [GC Worker Start (ms): Min: 10854972.4, Avg: 10854972.8, Max: 10854973.3, Diff: 0.9]
      [Ext Root Scanning (ms): Min: 50.5, Avg: 50.9, Max: 51.3, Diff: 0.8, Sum: 101.7]
      [Update RS (ms): Min: 49.6, Avg: 49.7, Max: 49.8, Diff: 0.2, Sum: 99.4]
         [Processed Buffers: Min: 426, Avg: 460.5, Max: 495, Diff: 69, Sum: 921]
      [Scan RS (ms): Min: 6.3, Avg: 6.4, Max: 6.6, Diff: 0.3, Sum: 12.9]
      [Code Root Scanning (ms): Min: 0.0, Avg: 0.1, Max: 0.1, Diff: 0.1, Sum: 0.2]
      [Object Copy (ms): Min: 51.2, Avg: 51.7, Max: 52.3, Diff: 1.0, Sum: 103.5]
      [Termination (ms): Min: 0.0, Avg: 0.0, Max: 0.0, Diff: 0.0, Sum: 0.0]
      [GC Worker Other (ms): Min: 0.1, Avg: 0.1, Max: 0.2, Diff: 0.0, Sum: 0.3]
      [GC Worker Total (ms): Min: 158.6, Avg: 159.0, Max: 159.4, Diff: 0.8, Sum: 318.0]
      [GC Worker End (ms): Min: 10855131.8, Avg: 10855131.8, Max: 10855131.8, Diff: 0.0]
   [Code Root Fixup: 0.5 ms]
   [Code Root Migration: 0.1 ms]
   [Clear CT: 0.6 ms]
   [Other: 9.8 ms]
      [Choose CSet: 0.0 ms]
      [Ref Proc: 4.6 ms]
      [Ref Enq: 0.5 ms]
      [Free CSet: 0.8 ms]
   [Eden: 280.0M(280.0M)->0.0B(194.0M) Survivors: 18.0M->38.0M Heap: 1544.0M(4096.0M)->1297.0M(4096.0M)]
 [Times: user=0.32 sys=0.00, real=0.17 secs] 
2016-08-30T16:36:52.450+0200: 10862.585: [GC pause (young), 0.1698540 secs]
   [Parallel Time: 162.5 ms, GC Workers: 2]
      [GC Worker Start (ms): Min: 10862586.5, Avg: 10862586.5, Max: 10862586.5, Diff: 0.0]
      [Ext Root Scanning (ms): Min: 53.7, Avg: 59.1, Max: 64.5, Diff: 10.8, Sum: 118.2]
      [Update RS (ms): Min: 37.4, Avg: 41.9, Max: 46.3, Diff: 9.0, Sum: 83.7]
         [Processed Buffers: Min: 402, Avg: 415.0, Max: 428, Diff: 26, Sum: 830]
      [Scan RS (ms): Min: 10.4, Avg: 10.5, Max: 10.6, Diff: 0.2, Sum: 20.9]
      [Code Root Scanning (ms): Min: 0.0, Avg: 0.1, Max: 0.2, Diff: 0.1, Sum: 0.2]
      [Object Copy (ms): Min: 50.0, Avg: 50.8, Max: 51.6, Diff: 1.6, Sum: 101.7]
      [Termination (ms): Min: 0.0, Avg: 0.0, Max: 0.0, Diff: 0.0, Sum: 0.0]
      [GC Worker Other (ms): Min: 0.1, Avg: 0.1, Max: 0.1, Diff: 0.0, Sum: 0.2]
      [GC Worker Total (ms): Min: 162.4, Avg: 162.4, Max: 162.5, Diff: 0.0, Sum: 324.9]
      [GC Worker End (ms): Min: 10862748.9, Avg: 10862748.9, Max: 10862748.9, Diff: 0.0]
   [Code Root Fixup: 0.4 ms]
   [Code Root Migration: 0.0 ms]
   [Clear CT: 0.5 ms]
   [Other: 6.4 ms]
      [Choose CSet: 0.0 ms]
      [Ref Proc: 2.4 ms]
      [Ref Enq: 0.2 ms]
      [Free CSet: 0.6 ms]
   [Eden: 194.0M(194.0M)->0.0B(304.0M) Survivors: 38.0M->20.0M Heap: 1491.0M(4096.0M)->1316.0M(4096.0M)]
 [Times: user=0.31 sys=0.00, real=0.17 secs] 
2016-08-30T16:37:03.190+0200: 10873.324: [GC pause (young), 0.1683720 secs]
   [Parallel Time: 159.0 ms, GC Workers: 2]
      [GC Worker Start (ms): Min: 10873325.9, Avg: 10873325.9, Max: 10873325.9, Diff: 0.0]
      [Ext Root Scanning (ms): Min: 50.4, Avg: 50.7, Max: 50.9, Diff: 0.5, Sum: 101.3]
      [Update RS (ms): Min: 51.3, Avg: 51.4, Max: 51.5, Diff: 0.2, Sum: 102.8]
         [Processed Buffers: Min: 419, Avg: 457.0, Max: 495, Diff: 76, Sum: 914]
      [Scan RS (ms): Min: 7.5, Avg: 7.6, Max: 7.6, Diff: 0.1, Sum: 15.2]
      [Code Root Scanning (ms): Min: 0.1, Avg: 0.1, Max: 0.1, Diff: 0.0, Sum: 0.2]
      [Object Copy (ms): Min: 48.9, Avg: 49.0, Max: 49.2, Diff: 0.3, Sum: 98.1]
      [Termination (ms): Min: 0.0, Avg: 0.0, Max: 0.0, Diff: 0.0, Sum: 0.0]
      [GC Worker Other (ms): Min: 0.1, Avg: 0.2, Max: 0.2, Diff: 0.1, Sum: 0.3]
      [GC Worker Total (ms): Min: 158.9, Avg: 158.9, Max: 158.9, Diff: 0.0, Sum: 317.9]
      [GC Worker End (ms): Min: 10873484.8, Avg: 10873484.8, Max: 10873484.8, Diff: 0.0]
   [Code Root Fixup: 0.5 ms]
   [Code Root Migration: 0.1 ms]
   [Clear CT: 0.6 ms]
   [Other: 8.2 ms]
      [Choose CSet: 0.0 ms]
      [Ref Proc: 4.1 ms]
      [Ref Enq: 0.3 ms]
      [Free CSet: 0.7 ms]
   [Eden: 304.0M(304.0M)->0.0B(224.0M) Survivors: 20.0M->42.0M Heap: 1620.0M(4096.0M)->1341.0M(4096.0M)]
 [Times: user=0.32 sys=0.01, real=0.17 secs] 
2016-08-30T16:37:11.250+0200: 10881.384: [GC pause (young), 0.1857610 secs]
   [Parallel Time: 177.7 ms, GC Workers: 2]
      [GC Worker Start (ms): Min: 10881386.2, Avg: 10881386.2, Max: 10881386.3, Diff: 0.0]
      [Ext Root Scanning (ms): Min: 53.9, Avg: 57.1, Max: 60.4, Diff: 6.5, Sum: 114.2]
      [Update RS (ms): Min: 45.1, Avg: 48.2, Max: 51.4, Diff: 6.3, Sum: 96.4]
         [Processed Buffers: Min: 375, Avg: 417.0, Max: 459, Diff: 84, Sum: 834]
      [Scan RS (ms): Min: 14.1, Avg: 14.3, Max: 14.5, Diff: 0.4, Sum: 28.6]
      [Code Root Scanning (ms): Min: 0.1, Avg: 0.1, Max: 0.1, Diff: 0.1, Sum: 0.2]
      [Object Copy (ms): Min: 57.4, Avg: 57.7, Max: 58.1, Diff: 0.7, Sum: 115.5]
      [Termination (ms): Min: 0.0, Avg: 0.0, Max: 0.0, Diff: 0.0, Sum: 0.0]
      [GC Worker Other (ms): Min: 0.1, Avg: 0.2, Max: 0.2, Diff: 0.1, Sum: 0.3]
      [GC Worker Total (ms): Min: 177.6, Avg: 177.6, Max: 177.6, Diff: 0.0, Sum: 355.3]
      [GC Worker End (ms): Min: 10881563.9, Avg: 10881563.9, Max: 10881563.9, Diff: 0.0]
   [Code Root Fixup: 0.5 ms]
   [Code Root Migration: 0.0 ms]
   [Clear CT: 0.4 ms]
   [Other: 7.0 ms]
      [Choose CSet: 0.0 ms]
      [Ref Proc: 2.7 ms]
      [Ref Enq: 0.2 ms]
      [Free CSet: 0.6 ms]
   [Eden: 224.0M(224.0M)->0.0B(414.0M) Survivors: 42.0M->18.0M Heap: 1565.0M(4096.0M)->1354.0M(4096.0M)]
 [Times: user=0.35 sys=0.01, real=0.18 secs] 
2016-08-30T16:37:27.047+0200: 10897.182: [GC pause (young), 0.1833970 secs]
   [Parallel Time: 172.5 ms, GC Workers: 2]
      [GC Worker Start (ms): Min: 10897183.8, Avg: 10897183.8, Max: 10897183.8, Diff: 0.0]
      [Ext Root Scanning (ms): Min: 49.7, Avg: 50.1, Max: 50.4, Diff: 0.7, Sum: 100.1]
      [Update RS (ms): Min: 54.1, Avg: 54.5, Max: 54.8, Diff: 0.7, Sum: 109.0]
         [Processed Buffers: Min: 413, Avg: 447.0, Max: 481, Diff: 68, Sum: 894]
      [Scan RS (ms): Min: 10.4, Avg: 10.4, Max: 10.4, Diff: 0.0, Sum: 20.8]
      [Code Root Scanning (ms): Min: 0.1, Avg: 0.1, Max: 0.2, Diff: 0.1, Sum: 0.3]
      [Object Copy (ms): Min: 57.1, Avg: 57.1, Max: 57.1, Diff: 0.1, Sum: 114.2]
      [Termination (ms): Min: 0.0, Avg: 0.0, Max: 0.0, Diff: 0.0, Sum: 0.0]
      [GC Worker Other (ms): Min: 0.1, Avg: 0.2, Max: 0.2, Diff: 0.0, Sum: 0.3]
      [GC Worker Total (ms): Min: 172.3, Avg: 172.3, Max: 172.3, Diff: 0.0, Sum: 344.6]
      [GC Worker End (ms): Min: 10897356.1, Avg: 10897356.1, Max: 10897356.1, Diff: 0.0]
   [Code Root Fixup: 0.4 ms]
   [Code Root Migration: 0.1 ms]
   [Clear CT: 0.6 ms]
   [Other: 9.9 ms]
      [Choose CSet: 0.0 ms]
      [Ref Proc: 5.2 ms]
      [Ref Enq: 0.4 ms]
      [Free CSet: 1.1 ms]
   [Eden: 414.0M(414.0M)->0.0B(202.0M) Survivors: 18.0M->54.0M Heap: 1768.0M(4096.0M)->1391.0M(4096.0M)]
 [Times: user=0.36 sys=0.00, real=0.19 secs] 
2016-08-30T16:37:34.850+0200: 10904.984: [GC pause (young), 0.1734150 secs]
   [Parallel Time: 166.0 ms, GC Workers: 2]
      [GC Worker Start (ms): Min: 10904985.6, Avg: 10904985.6, Max: 10904985.6, Diff: 0.0]
      [Ext Root Scanning (ms): Min: 51.7, Avg: 52.6, Max: 53.5, Diff: 1.8, Sum: 105.3]
      [Update RS (ms): Min: 35.1, Avg: 36.5, Max: 37.9, Diff: 2.8, Sum: 73.0]
         [Processed Buffers: Min: 330, Avg: 348.0, Max: 366, Diff: 36, Sum: 696]
      [Scan RS (ms): Min: 14.4, Avg: 14.5, Max: 14.7, Diff: 0.4, Sum: 29.1]
      [Code Root Scanning (ms): Min: 0.1, Avg: 0.1, Max: 0.1, Diff: 0.0, Sum: 0.2]
      [Object Copy (ms): Min: 61.2, Avg: 62.0, Max: 62.7, Diff: 1.5, Sum: 123.9]
      [Termination (ms): Min: 0.0, Avg: 0.0, Max: 0.0, Diff: 0.0, Sum: 0.0]
      [GC Worker Other (ms): Min: 0.2, Avg: 0.2, Max: 0.2, Diff: 0.0, Sum: 0.3]
      [GC Worker Total (ms): Min: 165.8, Avg: 165.9, Max: 165.9, Diff: 0.0, Sum: 331.7]
      [GC Worker End (ms): Min: 10905151.5, Avg: 10905151.5, Max: 10905151.5, Diff: 0.0]
   [Code Root Fixup: 0.4 ms]
   [Code Root Migration: 0.0 ms]
   [Clear CT: 0.5 ms]
   [Other: 6.4 ms]
      [Choose CSet: 0.0 ms]
      [Ref Proc: 2.4 ms]
      [Ref Enq: 0.2 ms]
      [Free CSet: 0.6 ms]
   [Eden: 202.0M(202.0M)->0.0B(496.0M) Survivors: 54.0M->20.0M Heap: 1593.0M(4096.0M)->1399.0M(4096.0M)]
 [Times: user=0.33 sys=0.00, real=0.18 secs] 
2016-08-30T16:37:53.469+0200: 10923.603: [GC pause (young), 0.1996720 secs]
   [Parallel Time: 189.9 ms, GC Workers: 2]
      [GC Worker Start (ms): Min: 10923604.8, Avg: 10923604.8, Max: 10923604.8, Diff: 0.0]
      [Ext Root Scanning (ms): Min: 51.2, Avg: 58.5, Max: 65.8, Diff: 14.6, Sum: 117.0]
      [Update RS (ms): Min: 52.9, Avg: 61.3, Max: 69.7, Diff: 16.8, Sum: 122.5]
         [Processed Buffers: Min: 407, Avg: 443.5, Max: 480, Diff: 73, Sum: 887]
      [Scan RS (ms): Min: 10.7, Avg: 11.2, Max: 11.7, Diff: 1.1, Sum: 22.4]
      [Code Root Scanning (ms): Min: 0.1, Avg: 0.2, Max: 0.2, Diff: 0.1, Sum: 0.3]
      [Object Copy (ms): Min: 57.9, Avg: 58.4, Max: 59.0, Diff: 1.2, Sum: 116.9]
      [Termination (ms): Min: 0.0, Avg: 0.0, Max: 0.0, Diff: 0.0, Sum: 0.0]
      [GC Worker Other (ms): Min: 0.1, Avg: 0.2, Max: 0.2, Diff: 0.1, Sum: 0.3]
      [GC Worker Total (ms): Min: 189.8, Avg: 189.8, Max: 189.8, Diff: 0.0, Sum: 379.5]
      [GC Worker End (ms): Min: 10923794.6, Avg: 10923794.6, Max: 10923794.6, Diff: 0.0]
   [Code Root Fixup: 0.3 ms]
   [Code Root Migration: 0.1 ms]
   [Clear CT: 0.5 ms]
   [Other: 8.9 ms]
      [Choose CSet: 0.0 ms]
      [Ref Proc: 4.5 ms]
      [Ref Enq: 0.3 ms]
      [Free CSet: 1.0 ms]
   [Eden: 496.0M(496.0M)->0.0B(208.0M) Survivors: 20.0M->60.0M Heap: 1895.0M(4096.0M)->1438.0M(4096.0M)]
 [Times: user=0.37 sys=0.00, real=0.20 secs] 
2016-08-30T16:38:01.577+0200: 10931.712: [GC pause (young), 0.1566940 secs]
   [Parallel Time: 149.7 ms, GC Workers: 2]
      [GC Worker Start (ms): Min: 10931713.5, Avg: 10931713.5, Max: 10931713.5, Diff: 0.0]
      [Ext Root Scanning (ms): Min: 52.8, Avg: 54.8, Max: 56.9, Diff: 4.1, Sum: 109.6]
      [Update RS (ms): Min: 28.0, Avg: 30.4, Max: 32.8, Diff: 4.8, Sum: 60.9]
         [Processed Buffers: Min: 320, Avg: 353.0, Max: 386, Diff: 66, Sum: 706]
      [Scan RS (ms): Min: 11.4, Avg: 11.7, Max: 12.0, Diff: 0.6, Sum: 23.4]
      [Code Root Scanning (ms): Min: 0.1, Avg: 0.1, Max: 0.1, Diff: 0.0, Sum: 0.1]
      [Object Copy (ms): Min: 51.8, Avg: 52.4, Max: 53.1, Diff: 1.3, Sum: 104.9]
      [Termination (ms): Min: 0.0, Avg: 0.0, Max: 0.0, Diff: 0.0, Sum: 0.0]
      [GC Worker Other (ms): Min: 0.1, Avg: 0.2, Max: 0.2, Diff: 0.1, Sum: 0.3]
      [GC Worker Total (ms): Min: 149.6, Avg: 149.6, Max: 149.6, Diff: 0.0, Sum: 299.2]
      [GC Worker End (ms): Min: 10931863.1, Avg: 10931863.1, Max: 10931863.1, Diff: 0.0]
   [Code Root Fixup: 0.4 ms]
   [Code Root Migration: 0.0 ms]
   [Clear CT: 0.5 ms]
   [Other: 6.1 ms]
      [Choose CSet: 0.0 ms]
      [Ref Proc: 2.3 ms]
      [Ref Enq: 0.2 ms]
      [Free CSet: 0.5 ms]
   [Eden: 208.0M(208.0M)->0.0B(596.0M) Survivors: 60.0M->20.0M Heap: 1646.0M(4096.0M)->1445.0M(4096.0M)]
 [Times: user=0.30 sys=0.01, real=0.15 secs] 
2016-08-30T16:38:23.065+0200: 10953.200: [GC pause (young), 0.2156330 secs]
   [Parallel Time: 202.7 ms, GC Workers: 2]
      [GC Worker Start (ms): Min: 10953201.5, Avg: 10953201.5, Max: 10953201.6, Diff: 0.0]
      [Ext Root Scanning (ms): Min: 50.4, Avg: 51.7, Max: 53.0, Diff: 2.6, Sum: 103.4]
      [Update RS (ms): Min: 65.2, Avg: 65.7, Max: 66.1, Diff: 0.9, Sum: 131.3]
         [Processed Buffers: Min: 472, Avg: 476.5, Max: 481, Diff: 9, Sum: 953]
      [Scan RS (ms): Min: 10.9, Avg: 11.1, Max: 11.3, Diff: 0.4, Sum: 22.1]
      [Code Root Scanning (ms): Min: 0.2, Avg: 0.2, Max: 0.3, Diff: 0.1, Sum: 0.4]
      [Object Copy (ms): Min: 73.2, Avg: 73.8, Max: 74.4, Diff: 1.2, Sum: 147.6]
      [Termination (ms): Min: 0.0, Avg: 0.0, Max: 0.0, Diff: 0.0, Sum: 0.0]
      [GC Worker Other (ms): Min: 0.1, Avg: 0.2, Max: 0.2, Diff: 0.0, Sum: 0.3]
      [GC Worker Total (ms): Min: 202.6, Avg: 202.6, Max: 202.6, Diff: 0.0, Sum: 405.2]
      [GC Worker End (ms): Min: 10953404.2, Avg: 10953404.2, Max: 10953404.2, Diff: 0.0]
   [Code Root Fixup: 0.5 ms]
   [Code Root Migration: 0.1 ms]
   [Clear CT: 0.6 ms]
   [Other: 11.7 ms]
      [Choose CSet: 0.0 ms]
      [Ref Proc: 6.9 ms]
      [Ref Enq: 0.3 ms]
      [Free CSet: 1.2 ms]
   [Eden: 596.0M(596.0M)->0.0B(198.0M) Survivors: 20.0M->72.0M Heap: 2041.0M(4096.0M)->1496.0M(4096.0M)]
 [Times: user=0.41 sys=0.00, real=0.22 secs] 
2016-08-30T16:38:30.022+0200: 10960.156: [GC pause (young), 0.1653620 secs]
   [Parallel Time: 158.7 ms, GC Workers: 2]
      [GC Worker Start (ms): Min: 10960157.9, Avg: 10960157.9, Max: 10960157.9, Diff: 0.0]
      [Ext Root Scanning (ms): Min: 51.7, Avg: 56.5, Max: 61.2, Diff: 9.4, Sum: 112.9]
      [Update RS (ms): Min: 30.3, Avg: 34.6, Max: 38.8, Diff: 8.5, Sum: 69.2]
         [Processed Buffers: Min: 321, Avg: 334.0, Max: 347, Diff: 26, Sum: 668]
      [Scan RS (ms): Min: 15.1, Avg: 15.4, Max: 15.8, Diff: 0.7, Sum: 30.9]
      [Code Root Scanning (ms): Min: 0.1, Avg: 0.1, Max: 0.1, Diff: 0.0, Sum: 0.2]
      [Object Copy (ms): Min: 51.3, Avg: 51.4, Max: 51.5, Diff: 0.2, Sum: 102.8]
      [Termination (ms): Min: 0.0, Avg: 0.0, Max: 0.0, Diff: 0.0, Sum: 0.0]
      [GC Worker Other (ms): Min: 0.6, Avg: 0.6, Max: 0.6, Diff: 0.0, Sum: 1.1]
      [GC Worker Total (ms): Min: 158.5, Avg: 158.5, Max: 158.5, Diff: 0.0, Sum: 317.1]
      [GC Worker End (ms): Min: 10960316.4, Avg: 10960316.4, Max: 10960316.5, Diff: 0.0]
   [Code Root Fixup: 0.3 ms]
   [Code Root Migration: 0.0 ms]
   [Clear CT: 0.7 ms]
   [Other: 5.7 ms]
      [Choose CSet: 0.0 ms]
      [Ref Proc: 2.1 ms]
      [Ref Enq: 0.1 ms]
      [Free CSet: 0.5 ms]
   [Eden: 198.0M(198.0M)->0.0B(570.0M) Survivors: 72.0M->20.0M Heap: 1694.0M(4096.0M)->1502.0M(4096.0M)]
 [Times: user=0.31 sys=0.00, real=0.16 secs] 
2016-08-30T16:38:50.121+0200: 10980.256: [GC pause (young), 0.1974880 secs]
   [Parallel Time: 186.3 ms, GC Workers: 2]
      [GC Worker Start (ms): Min: 10980258.2, Avg: 10980258.2, Max: 10980258.3, Diff: 0.1]
      [Ext Root Scanning (ms): Min: 50.4, Avg: 50.9, Max: 51.4, Diff: 0.9, Sum: 101.8]
      [Update RS (ms): Min: 70.3, Avg: 71.0, Max: 71.6, Diff: 1.3, Sum: 141.9]
         [Processed Buffers: Min: 480, Avg: 517.5, Max: 555, Diff: 75, Sum: 1035]
      [Scan RS (ms): Min: 11.0, Avg: 11.1, Max: 11.1, Diff: 0.0, Sum: 22.1]
      [Code Root Scanning (ms): Min: 0.2, Avg: 0.2, Max: 0.2, Diff: 0.1, Sum: 0.4]
      [Object Copy (ms): Min: 52.9, Avg: 53.0, Max: 53.1, Diff: 0.3, Sum: 106.0]
      [Termination (ms): Min: 0.0, Avg: 0.0, Max: 0.0, Diff: 0.0, Sum: 0.0]
      [GC Worker Other (ms): Min: 0.1, Avg: 0.1, Max: 0.2, Diff: 0.1, Sum: 0.3]
      [GC Worker Total (ms): Min: 186.2, Avg: 186.2, Max: 186.3, Diff: 0.1, Sum: 372.5]
      [GC Worker End (ms): Min: 10980444.5, Avg: 10980444.5, Max: 10980444.5, Diff: 0.0]
   [Code Root Fixup: 0.2 ms]
   [Code Root Migration: 0.1 ms]
   [Clear CT: 0.5 ms]
   [Other: 10.4 ms]
      [Choose CSet: 0.0 ms]
      [Ref Proc: 5.7 ms]
      [Ref Enq: 0.3 ms]
      [Free CSet: 1.0 ms]
   [Eden: 570.0M(570.0M)->0.0B(226.0M) Survivors: 20.0M->70.0M Heap: 2072.0M(4096.0M)->1552.0M(4096.0M)]
 [Times: user=0.38 sys=0.00, real=0.20 secs] 
2016-08-30T16:38:56.962+0200: 10987.096: [GC pause (young), 0.1895560 secs]
   [Parallel Time: 181.3 ms, GC Workers: 2]
      [GC Worker Start (ms): Min: 10987097.6, Avg: 10987097.6, Max: 10987097.6, Diff: 0.0]
      [Ext Root Scanning (ms): Min: 56.0, Avg: 56.2, Max: 56.3, Diff: 0.3, Sum: 112.3]
      [Update RS (ms): Min: 38.3, Avg: 39.0, Max: 39.7, Diff: 1.4, Sum: 77.9]
         [Processed Buffers: Min: 348, Avg: 361.5, Max: 375, Diff: 27, Sum: 723]
      [Scan RS (ms): Min: 15.2, Avg: 15.6, Max: 16.0, Diff: 0.8, Sum: 31.2]
      [Code Root Scanning (ms): Min: 0.0, Avg: 0.1, Max: 0.1, Diff: 0.1, Sum: 0.2]
      [Object Copy (ms): Min: 70.2, Avg: 70.2, Max: 70.3, Diff: 0.1, Sum: 140.4]
      [Termination (ms): Min: 0.0, Avg: 0.0, Max: 0.0, Diff: 0.0, Sum: 0.0]
      [GC Worker Other (ms): Min: 0.1, Avg: 0.2, Max: 0.2, Diff: 0.1, Sum: 0.3]
      [GC Worker Total (ms): Min: 181.2, Avg: 181.2, Max: 181.2, Diff: 0.0, Sum: 362.4]
      [GC Worker End (ms): Min: 10987278.8, Avg: 10987278.8, Max: 10987278.8, Diff: 0.0]
   [Code Root Fixup: 0.6 ms]
   [Code Root Migration: 0.0 ms]
   [Clear CT: 1.0 ms]
   [Other: 6.6 ms]
      [Choose CSet: 0.0 ms]
      [Ref Proc: 2.9 ms]
      [Ref Enq: 0.1 ms]
      [Free CSet: 0.6 ms]
   [Eden: 226.0M(226.0M)->0.0B(488.0M) Survivors: 70.0M->22.0M Heap: 1778.0M(4096.0M)->1555.0M(4096.0M)]
 [Times: user=0.36 sys=0.01, real=0.19 secs] 
2016-08-30T16:39:15.578+0200: 11005.712: [GC pause (young), 0.1675680 secs]
   [Parallel Time: 159.4 ms, GC Workers: 2]
      [GC Worker Start (ms): Min: 11005713.8, Avg: 11005713.8, Max: 11005713.8, Diff: 0.0]
      [Ext Root Scanning (ms): Min: 51.9, Avg: 52.1, Max: 52.3, Diff: 0.4, Sum: 104.3]
      [Update RS (ms): Min: 52.7, Avg: 52.8, Max: 52.9, Diff: 0.2, Sum: 105.5]
         [Processed Buffers: Min: 367, Avg: 487.0, Max: 607, Diff: 240, Sum: 974]
      [Scan RS (ms): Min: 7.4, Avg: 7.5, Max: 7.7, Diff: 0.3, Sum: 15.1]
      [Code Root Scanning (ms): Min: 0.1, Avg: 0.1, Max: 0.1, Diff: 0.0, Sum: 0.2]
      [Object Copy (ms): Min: 46.5, Avg: 46.7, Max: 46.9, Diff: 0.3, Sum: 93.4]
      [Termination (ms): Min: 0.0, Avg: 0.0, Max: 0.0, Diff: 0.0, Sum: 0.0]
      [GC Worker Other (ms): Min: 0.2, Avg: 0.2, Max: 0.2, Diff: 0.0, Sum: 0.3]
      [GC Worker Total (ms): Min: 159.4, Avg: 159.4, Max: 159.4, Diff: 0.0, Sum: 318.8]
      [GC Worker End (ms): Min: 11005873.2, Avg: 11005873.2, Max: 11005873.2, Diff: 0.0]
   [Code Root Fixup: 0.2 ms]
   [Code Root Migration: 0.1 ms]
   [Clear CT: 0.4 ms]
   [Other: 7.4 ms]
      [Choose CSet: 0.0 ms]
      [Ref Proc: 3.6 ms]
      [Ref Enq: 0.2 ms]
      [Free CSet: 0.8 ms]
   [Eden: 488.0M(488.0M)->0.0B(308.0M) Survivors: 22.0M->60.0M Heap: 2043.0M(4096.0M)->1593.0M(4096.0M)]
 [Times: user=0.33 sys=0.00, real=0.16 secs] 
2016-08-30T16:39:25.624+0200: 11015.759: [GC pause (young), 0.1814590 secs]
   [Parallel Time: 174.3 ms, GC Workers: 2]
      [GC Worker Start (ms): Min: 11015760.3, Avg: 11015760.3, Max: 11015760.3, Diff: 0.0]
      [Ext Root Scanning (ms): Min: 50.3, Avg: 50.8, Max: 51.2, Diff: 0.9, Sum: 101.5]
      [Update RS (ms): Min: 48.4, Avg: 49.0, Max: 49.7, Diff: 1.3, Sum: 98.1]
         [Processed Buffers: Min: 406, Avg: 421.5, Max: 437, Diff: 31, Sum: 843]
      [Scan RS (ms): Min: 14.7, Avg: 15.2, Max: 15.6, Diff: 0.9, Sum: 30.3]
      [Code Root Scanning (ms): Min: 0.0, Avg: 0.1, Max: 0.2, Diff: 0.2, Sum: 0.2]
      [Object Copy (ms): Min: 58.4, Avg: 58.9, Max: 59.3, Diff: 0.9, Sum: 117.8]
      [Termination (ms): Min: 0.0, Avg: 0.1, Max: 0.2, Diff: 0.2, Sum: 0.2]
      [GC Worker Other (ms): Min: 0.1, Avg: 0.1, Max: 0.2, Diff: 0.0, Sum: 0.3]
      [GC Worker Total (ms): Min: 174.2, Avg: 174.2, Max: 174.2, Diff: 0.1, Sum: 348.4]
      [GC Worker End (ms): Min: 11015934.5, Avg: 11015934.5, Max: 11015934.5, Diff: 0.0]
   [Code Root Fixup: 0.3 ms]
   [Code Root Migration: 0.0 ms]
   [Clear CT: 0.5 ms]
   [Other: 6.3 ms]
      [Choose CSet: 0.0 ms]
      [Ref Proc: 2.6 ms]
      [Ref Enq: 0.1 ms]
      [Free CSet: 0.6 ms]
   [Eden: 308.0M(308.0M)->0.0B(526.0M) Survivors: 60.0M->30.0M Heap: 1901.0M(4096.0M)->1608.0M(4096.0M)]
 [Times: user=0.35 sys=0.01, real=0.18 secs] 
2016-08-30T16:39:44.735+0200: 11034.869: [GC pause (young), 0.2021020 secs]
   [Parallel Time: 191.4 ms, GC Workers: 2]
      [GC Worker Start (ms): Min: 11034871.1, Avg: 11034871.1, Max: 11034871.2, Diff: 0.0]
      [Ext Root Scanning (ms): Min: 52.3, Avg: 52.5, Max: 52.6, Diff: 0.3, Sum: 104.9]
      [Update RS (ms): Min: 66.0, Avg: 66.8, Max: 67.5, Diff: 1.4, Sum: 133.5]
         [Processed Buffers: Min: 465, Avg: 500.5, Max: 536, Diff: 71, Sum: 1001]
      [Scan RS (ms): Min: 12.8, Avg: 13.1, Max: 13.4, Diff: 0.5, Sum: 26.2]
      [Code Root Scanning (ms): Min: 0.1, Avg: 0.2, Max: 0.3, Diff: 0.1, Sum: 0.4]
      [Object Copy (ms): Min: 58.0, Avg: 58.7, Max: 59.3, Diff: 1.3, Sum: 117.3]
      [Termination (ms): Min: 0.0, Avg: 0.0, Max: 0.0, Diff: 0.0, Sum: 0.0]
      [GC Worker Other (ms): Min: 0.1, Avg: 0.2, Max: 0.2, Diff: 0.1, Sum: 0.3]
      [GC Worker Total (ms): Min: 191.3, Avg: 191.4, Max: 191.4, Diff: 0.0, Sum: 382.7]
      [GC Worker End (ms): Min: 11035062.5, Avg: 11035062.5, Max: 11035062.5, Diff: 0.0]
   [Code Root Fixup: 0.3 ms]
   [Code Root Migration: 0.1 ms]
   [Clear CT: 0.9 ms]
   [Other: 9.4 ms]
      [Choose CSet: 0.0 ms]
      [Ref Proc: 4.8 ms]
      [Ref Enq: 0.3 ms]
      [Free CSet: 1.0 ms]
   [Eden: 518.0M(362.0M)->0.0B(316.0M) Survivors: 30.0M->50.0M Heap: 2126.0M(4096.0M)->1650.0M(4096.0M)]
 [Times: user=0.40 sys=0.00, real=0.20 secs] 
2016-08-30T16:39:56.103+0200: 11046.237: [GC pause (young), 0.1946070 secs]
   [Parallel Time: 184.7 ms, GC Workers: 2]
      [GC Worker Start (ms): Min: 11046238.8, Avg: 11046240.0, Max: 11046241.3, Diff: 2.5]
      [Ext Root Scanning (ms): Min: 50.3, Avg: 51.5, Max: 52.7, Diff: 2.4, Sum: 102.9]
      [Update RS (ms): Min: 49.2, Avg: 49.6, Max: 50.0, Diff: 0.8, Sum: 99.2]
         [Processed Buffers: Min: 413, Avg: 426.0, Max: 439, Diff: 26, Sum: 852]
      [Scan RS (ms): Min: 14.3, Avg: 14.6, Max: 14.9, Diff: 0.6, Sum: 29.2]
      [Code Root Scanning (ms): Min: 0.1, Avg: 0.1, Max: 0.1, Diff: 0.0, Sum: 0.2]
      [Object Copy (ms): Min: 67.3, Avg: 67.4, Max: 67.6, Diff: 0.3, Sum: 134.9]
      [Termination (ms): Min: 0.0, Avg: 0.0, Max: 0.0, Diff: 0.0, Sum: 0.0]
      [GC Worker Other (ms): Min: 0.1, Avg: 0.1, Max: 0.2, Diff: 0.1, Sum: 0.3]
      [GC Worker Total (ms): Min: 182.1, Avg: 183.4, Max: 184.6, Diff: 2.5, Sum: 366.7]
      [GC Worker End (ms): Min: 11046423.4, Avg: 11046423.4, Max: 11046423.4, Diff: 0.0]
   [Code Root Fixup: 0.6 ms]
   [Code Root Migration: 0.1 ms]
   [Clear CT: 0.6 ms]
   [Other: 8.6 ms]
      [Choose CSet: 0.0 ms]
      [Ref Proc: 4.1 ms]
      [Ref Enq: 0.3 ms]
      [Free CSet: 0.8 ms]
   [Eden: 316.0M(316.0M)->0.0B(396.0M) Survivors: 50.0M->30.0M Heap: 1966.0M(4096.0M)->1664.0M(4096.0M)]
 [Times: user=0.37 sys=0.00, real=0.19 secs] 
2016-08-30T16:40:11.243+0200: 11061.377: [GC pause (young), 0.1842330 secs]
   [Parallel Time: 176.0 ms, GC Workers: 2]
      [GC Worker Start (ms): Min: 11061379.3, Avg: 11061379.4, Max: 11061379.4, Diff: 0.1]
      [Ext Root Scanning (ms): Min: 52.0, Avg: 52.5, Max: 52.9, Diff: 0.9, Sum: 104.9]
      [Update RS (ms): Min: 60.6, Avg: 60.7, Max: 60.9, Diff: 0.2, Sum: 121.5]
         [Processed Buffers: Min: 442, Avg: 459.5, Max: 477, Diff: 35, Sum: 919]
      [Scan RS (ms): Min: 11.7, Avg: 11.7, Max: 11.7, Diff: 0.1, Sum: 23.4]
      [Code Root Scanning (ms): Min: 0.1, Avg: 0.1, Max: 0.2, Diff: 0.0, Sum: 0.3]
      [Object Copy (ms): Min: 50.2, Avg: 50.8, Max: 51.3, Diff: 1.2, Sum: 101.5]
      [Termination (ms): Min: 0.0, Avg: 0.0, Max: 0.0, Diff: 0.0, Sum: 0.0]
      [GC Worker Other (ms): Min: 0.1, Avg: 0.1, Max: 0.2, Diff: 0.0, Sum: 0.3]
      [GC Worker Total (ms): Min: 175.9, Avg: 175.9, Max: 176.0, Diff: 0.1, Sum: 351.9]
      [GC Worker End (ms): Min: 11061555.3, Avg: 11061555.3, Max: 11061555.3, Diff: 0.0]
   [Code Root Fixup: 0.2 ms]
   [Code Root Migration: 0.1 ms]
   [Clear CT: 0.5 ms]
   [Other: 7.4 ms]
      [Choose CSet: 0.0 ms]
      [Ref Proc: 3.4 ms]
      [Ref Enq: 0.2 ms]
      [Free CSet: 0.8 ms]
   [Eden: 396.0M(396.0M)->0.0B(362.0M) Survivors: 30.0M->38.0M Heap: 2060.0M(4096.0M)->1692.0M(4096.0M)]
 [Times: user=0.36 sys=0.01, real=0.19 secs] 
2016-08-30T16:40:23.434+0200: 11073.568: [GC pause (young), 0.1591010 secs]
   [Parallel Time: 148.1 ms, GC Workers: 2]
      [GC Worker Start (ms): Min: 11073569.3, Avg: 11073569.3, Max: 11073569.3, Diff: 0.0]
      [Ext Root Scanning (ms): Min: 45.6, Avg: 50.1, Max: 54.7, Diff: 9.1, Sum: 100.3]
      [Update RS (ms): Min: 34.4, Avg: 40.2, Max: 46.0, Diff: 11.6, Sum: 80.5]
         [Processed Buffers: Min: 220, Avg: 454.5, Max: 689, Diff: 469, Sum: 909]
      [Scan RS (ms): Min: 8.7, Avg: 10.1, Max: 11.5, Diff: 2.8, Sum: 20.2]
      [Code Root Scanning (ms): Min: 0.0, Avg: 0.1, Max: 0.1, Diff: 0.1, Sum: 0.1]
      [Object Copy (ms): Min: 47.4, Avg: 47.4, Max: 47.5, Diff: 0.1, Sum: 94.9]
      [Termination (ms): Min: 0.0, Avg: 0.0, Max: 0.0, Diff: 0.0, Sum: 0.0]
      [GC Worker Other (ms): Min: 0.0, Avg: 0.1, Max: 0.1, Diff: 0.1, Sum: 0.1]
      [GC Worker Total (ms): Min: 148.0, Avg: 148.0, Max: 148.0, Diff: 0.0, Sum: 296.1]
      [GC Worker End (ms): Min: 11073717.3, Avg: 11073717.3, Max: 11073717.3, Diff: 0.0]
   [Code Root Fixup: 0.2 ms]
   [Code Root Migration: 0.0 ms]
   [Clear CT: 0.4 ms]
   [Other: 10.3 ms]
      [Choose CSet: 0.0 ms]
      [Ref Proc: 7.3 ms]
      [Ref Enq: 0.2 ms]
      [Free CSet: 0.6 ms]
   [Eden: 362.0M(362.0M)->0.0B(520.0M) Survivors: 38.0M->34.0M Heap: 2054.0M(4096.0M)->1717.0M(4096.0M)]
 [Times: user=0.22 sys=0.00, real=0.16 secs] 
2016-08-30T16:40:39.021+0200: 11089.156: [GC pause (young), 0.1799340 secs]
   [Parallel Time: 171.1 ms, GC Workers: 2]
      [GC Worker Start (ms): Min: 11089157.5, Avg: 11089157.5, Max: 11089157.5, Diff: 0.1]
      [Ext Root Scanning (ms): Min: 50.5, Avg: 51.2, Max: 51.8, Diff: 1.3, Sum: 102.3]
      [Update RS (ms): Min: 55.2, Avg: 55.3, Max: 55.3, Diff: 0.2, Sum: 110.5]
         [Processed Buffers: Min: 453, Avg: 475.5, Max: 498, Diff: 45, Sum: 951]
      [Scan RS (ms): Min: 13.1, Avg: 13.2, Max: 13.3, Diff: 0.2, Sum: 26.4]
      [Code Root Scanning (ms): Min: 0.1, Avg: 0.1, Max: 0.2, Diff: 0.0, Sum: 0.3]
      [Object Copy (ms): Min: 50.4, Avg: 51.1, Max: 51.7, Diff: 1.3, Sum: 102.1]
      [Termination (ms): Min: 0.0, Avg: 0.0, Max: 0.0, Diff: 0.0, Sum: 0.0]
      [GC Worker Other (ms): Min: 0.1, Avg: 0.1, Max: 0.2, Diff: 0.0, Sum: 0.3]
      [GC Worker Total (ms): Min: 170.9, Avg: 171.0, Max: 171.0, Diff: 0.1, Sum: 341.9]
      [GC Worker End (ms): Min: 11089328.4, Avg: 11089328.5, Max: 11089328.5, Diff: 0.0]
   [Code Root Fixup: 0.2 ms]
   [Code Root Migration: 0.1 ms]
   [Clear CT: 0.5 ms]
   [Other: 8.0 ms]
      [Choose CSet: 0.0 ms]
      [Ref Proc: 3.9 ms]
      [Ref Enq: 0.2 ms]
      [Free CSet: 0.8 ms]
   [Eden: 402.0M(326.0M)->0.0B(534.0M) Survivors: 34.0M->36.0M Heap: 2119.0M(4096.0M)->1743.0M(4096.0M)]
 [Times: user=0.35 sys=0.00, real=0.18 secs] 
2016-08-30T16:40:55.163+0200: 11105.297: [GC pause (young), 0.2065860 secs]
   [Parallel Time: 194.5 ms, GC Workers: 2]
      [GC Worker Start (ms): Min: 11105298.9, Avg: 11105299.0, Max: 11105299.0, Diff: 0.1]
      [Ext Root Scanning (ms): Min: 50.3, Avg: 50.6, Max: 50.9, Diff: 0.5, Sum: 101.2]
      [Update RS (ms): Min: 59.8, Avg: 60.6, Max: 61.4, Diff: 1.5, Sum: 121.2]
         [Processed Buffers: Min: 480, Avg: 481.0, Max: 482, Diff: 2, Sum: 962]
      [Scan RS (ms): Min: 12.8, Avg: 13.3, Max: 13.9, Diff: 1.1, Sum: 26.7]
      [Code Root Scanning (ms): Min: 0.1, Avg: 0.2, Max: 0.2, Diff: 0.1, Sum: 0.3]
      [Object Copy (ms): Min: 69.4, Avg: 69.5, Max: 69.6, Diff: 0.1, Sum: 139.0]
      [Termination (ms): Min: 0.0, Avg: 0.0, Max: 0.0, Diff: 0.0, Sum: 0.0]
      [GC Worker Other (ms): Min: 0.2, Avg: 0.2, Max: 0.2, Diff: 0.0, Sum: 0.3]
      [GC Worker Total (ms): Min: 194.3, Avg: 194.4, Max: 194.4, Diff: 0.1, Sum: 388.7]
      [GC Worker End (ms): Min: 11105493.3, Avg: 11105493.3, Max: 11105493.3, Diff: 0.0]
   [Code Root Fixup: 0.5 ms]
   [Code Root Migration: 0.1 ms]
   [Clear CT: 0.7 ms]
   [Other: 10.8 ms]
      [Choose CSet: 0.0 ms]
      [Ref Proc: 5.8 ms]
      [Ref Enq: 0.5 ms]
      [Free CSet: 1.1 ms]
   [Eden: 434.0M(338.0M)->0.0B(368.0M) Survivors: 36.0M->40.0M Heap: 2177.0M(4096.0M)->1772.0M(4096.0M)]
 [Times: user=0.40 sys=0.00, real=0.20 secs] 
2016-08-30T16:41:07.592+0200: 11117.727: [GC pause (young), 0.2075400 secs]
   [Parallel Time: 197.1 ms, GC Workers: 2]
      [GC Worker Start (ms): Min: 11117728.2, Avg: 11117728.3, Max: 11117728.3, Diff: 0.0]
      [Ext Root Scanning (ms): Min: 54.5, Avg: 54.6, Max: 54.7, Diff: 0.2, Sum: 109.2]
      [Update RS (ms): Min: 59.1, Avg: 60.4, Max: 61.7, Diff: 2.6, Sum: 120.9]
         [Processed Buffers: Min: 402, Avg: 448.5, Max: 495, Diff: 93, Sum: 897]
      [Scan RS (ms): Min: 13.5, Avg: 13.7, Max: 14.0, Diff: 0.5, Sum: 27.5]
      [Code Root Scanning (ms): Min: 0.1, Avg: 0.2, Max: 0.3, Diff: 0.1, Sum: 0.4]
      [Object Copy (ms): Min: 66.8, Avg: 67.9, Max: 69.0, Diff: 2.2, Sum: 135.8]
      [Termination (ms): Min: 0.0, Avg: 0.0, Max: 0.0, Diff: 0.0, Sum: 0.0]
      [GC Worker Other (ms): Min: 0.1, Avg: 0.2, Max: 0.2, Diff: 0.1, Sum: 0.3]
      [GC Worker Total (ms): Min: 197.0, Avg: 197.1, Max: 197.1, Diff: 0.0, Sum: 394.1]
      [GC Worker End (ms): Min: 11117925.3, Avg: 11117925.3, Max: 11117925.3, Diff: 0.0]
   [Code Root Fixup: 0.5 ms]
   [Code Root Migration: 0.1 ms]
   [Clear CT: 0.6 ms]
   [Other: 9.3 ms]
      [Choose CSet: 0.0 ms]
      [Ref Proc: 4.7 ms]
      [Ref Enq: 0.4 ms]
      [Free CSet: 0.8 ms]
   [Eden: 368.0M(368.0M)->0.0B(300.0M) Survivors: 40.0M->36.0M Heap: 2140.0M(4096.0M)->1799.0M(4096.0M)]
 [Times: user=0.40 sys=0.00, real=0.21 secs] 
2016-08-30T16:41:16.597+0200: 11126.731: [GC pause (young), 0.1940800 secs]
   [Parallel Time: 186.9 ms, GC Workers: 2]
      [GC Worker Start (ms): Min: 11126732.8, Avg: 11126732.8, Max: 11126732.8, Diff: 0.0]
      [Ext Root Scanning (ms): Min: 56.6, Avg: 59.4, Max: 62.1, Diff: 5.5, Sum: 118.7]
      [Update RS (ms): Min: 52.8, Avg: 57.2, Max: 61.6, Diff: 8.7, Sum: 114.4]
         [Processed Buffers: Min: 504, Avg: 512.0, Max: 520, Diff: 16, Sum: 1024]
      [Scan RS (ms): Min: 10.8, Avg: 11.1, Max: 11.3, Diff: 0.5, Sum: 22.1]
      [Code Root Scanning (ms): Min: 0.0, Avg: 0.1, Max: 0.2, Diff: 0.1, Sum: 0.2]
      [Object Copy (ms): Min: 57.6, Avg: 58.9, Max: 60.2, Diff: 2.6, Sum: 117.9]
      [Termination (ms): Min: 0.0, Avg: 0.0, Max: 0.0, Diff: 0.0, Sum: 0.0]
      [GC Worker Other (ms): Min: 0.1, Avg: 0.2, Max: 0.2, Diff: 0.0, Sum: 0.3]
      [GC Worker Total (ms): Min: 186.8, Avg: 186.8, Max: 186.8, Diff: 0.0, Sum: 373.7]
      [GC Worker End (ms): Min: 11126919.6, Avg: 11126919.6, Max: 11126919.6, Diff: 0.0]
   [Code Root Fixup: 0.3 ms]
   [Code Root Migration: 0.0 ms]
   [Clear CT: 0.5 ms]
   [Other: 6.3 ms]
      [Choose CSet: 0.0 ms]
      [Ref Proc: 2.7 ms]
      [Ref Enq: 0.2 ms]
      [Free CSet: 0.5 ms]
   [Eden: 300.0M(300.0M)->0.0B(278.0M) Survivors: 36.0M->34.0M Heap: 2099.0M(4096.0M)->1825.0M(4096.0M)]
 [Times: user=0.37 sys=0.00, real=0.19 secs] 
2016-08-30T16:41:27.118+0200: 11137.252: [GC pause (young), 0.1679070 secs]
   [Parallel Time: 161.0 ms, GC Workers: 2]
      [GC Worker Start (ms): Min: 11137253.7, Avg: 11137254.3, Max: 11137254.8, Diff: 1.1]
      [Ext Root Scanning (ms): Min: 50.4, Avg: 51.3, Max: 52.1, Diff: 1.7, Sum: 102.6]
      [Update RS (ms): Min: 51.5, Avg: 51.9, Max: 52.2, Diff: 0.7, Sum: 103.7]
         [Processed Buffers: Min: 445, Avg: 454.5, Max: 464, Diff: 19, Sum: 909]
      [Scan RS (ms): Min: 10.4, Avg: 10.5, Max: 10.6, Diff: 0.3, Sum: 21.0]
      [Code Root Scanning (ms): Min: 0.1, Avg: 0.1, Max: 0.2, Diff: 0.1, Sum: 0.2]
      [Object Copy (ms): Min: 46.2, Avg: 46.4, Max: 46.5, Diff: 0.3, Sum: 92.8]
      [Termination (ms): Min: 0.0, Avg: 0.0, Max: 0.0, Diff: 0.0, Sum: 0.0]
      [GC Worker Other (ms): Min: 0.1, Avg: 0.2, Max: 0.2, Diff: 0.0, Sum: 0.3]
      [GC Worker Total (ms): Min: 159.7, Avg: 160.3, Max: 160.9, Diff: 1.1, Sum: 320.6]
      [GC Worker End (ms): Min: 11137414.6, Avg: 11137414.6, Max: 11137414.6, Diff: 0.0]
   [Code Root Fixup: 0.3 ms]
   [Code Root Migration: 0.0 ms]
   [Clear CT: 0.5 ms]
   [Other: 6.1 ms]
      [Choose CSet: 0.0 ms]
      [Ref Proc: 2.5 ms]
      [Ref Enq: 0.2 ms]
      [Free CSet: 0.6 ms]
   [Eden: 278.0M(278.0M)->0.0B(536.0M) Survivors: 34.0M->22.0M Heap: 2103.0M(4096.0M)->1837.0M(4096.0M)]
 [Times: user=0.33 sys=0.00, real=0.17 secs] 
2016-08-30T16:41:41.209+0200: 11151.343: [GC pause (young), 0.1951380 secs]
   [Parallel Time: 186.3 ms, GC Workers: 2]
      [GC Worker Start (ms): Min: 11151344.9, Avg: 11151345.0, Max: 11151345.0, Diff: 0.0]
      [Ext Root Scanning (ms): Min: 54.1, Avg: 55.3, Max: 56.5, Diff: 2.4, Sum: 110.6]
      [Update RS (ms): Min: 57.9, Avg: 58.5, Max: 59.0, Diff: 1.1, Sum: 116.9]
         [Processed Buffers: Min: 423, Avg: 476.0, Max: 529, Diff: 106, Sum: 952]
      [Scan RS (ms): Min: 11.7, Avg: 11.8, Max: 11.9, Diff: 0.2, Sum: 23.5]
      [Code Root Scanning (ms): Min: 0.1, Avg: 0.1, Max: 0.1, Diff: 0.0, Sum: 0.2]
      [Object Copy (ms): Min: 59.7, Avg: 60.4, Max: 61.2, Diff: 1.5, Sum: 120.9]
      [Termination (ms): Min: 0.0, Avg: 0.0, Max: 0.0, Diff: 0.0, Sum: 0.0]
      [GC Worker Other (ms): Min: 0.1, Avg: 0.2, Max: 0.2, Diff: 0.1, Sum: 0.3]
      [GC Worker Total (ms): Min: 186.2, Avg: 186.2, Max: 186.3, Diff: 0.0, Sum: 372.5]
      [GC Worker End (ms): Min: 11151531.2, Avg: 11151531.2, Max: 11151531.2, Diff: 0.0]
   [Code Root Fixup: 0.3 ms]
   [Code Root Migration: 0.1 ms]
   [Clear CT: 0.6 ms]
   [Other: 7.9 ms]
      [Choose CSet: 0.0 ms]
      [Ref Proc: 3.8 ms]
      [Ref Enq: 0.2 ms]
      [Free CSet: 0.8 ms]
   [Eden: 362.0M(362.0M)->0.0B(264.0M) Survivors: 22.0M->46.0M Heap: 2199.0M(4096.0M)->1861.0M(4096.0M)]
 [Times: user=0.37 sys=0.00, real=0.19 secs] 
2016-08-30T16:41:45.146+0200: 11155.280: [GC pause (young), 0.1682480 secs]
   [Parallel Time: 161.3 ms, GC Workers: 2]
      [GC Worker Start (ms): Min: 11155281.5, Avg: 11155281.5, Max: 11155281.5, Diff: 0.0]
      [Ext Root Scanning (ms): Min: 52.9, Avg: 55.9, Max: 58.8, Diff: 6.0, Sum: 111.7]
      [Update RS (ms): Min: 31.8, Avg: 35.7, Max: 39.6, Diff: 7.8, Sum: 71.4]
         [Processed Buffers: Min: 350, Avg: 350.5, Max: 351, Diff: 1, Sum: 701]
      [Scan RS (ms): Min: 15.6, Avg: 15.8, Max: 16.0, Diff: 0.4, Sum: 31.5]
      [Code Root Scanning (ms): Min: 0.1, Avg: 0.1, Max: 0.1, Diff: 0.0, Sum: 0.1]
      [Object Copy (ms): Min: 52.6, Avg: 53.7, Max: 54.8, Diff: 2.2, Sum: 107.4]
      [Termination (ms): Min: 0.0, Avg: 0.0, Max: 0.0, Diff: 0.0, Sum: 0.0]
      [GC Worker Other (ms): Min: 0.1, Avg: 0.1, Max: 0.1, Diff: 0.1, Sum: 0.2]
      [GC Worker Total (ms): Min: 161.2, Avg: 161.2, Max: 161.2, Diff: 0.1, Sum: 322.4]
      [GC Worker End (ms): Min: 11155442.6, Avg: 11155442.7, Max: 11155442.7, Diff: 0.1]
   [Code Root Fixup: 0.5 ms]
   [Code Root Migration: 0.0 ms]
   [Clear CT: 1.9 ms]
   [Other: 4.4 ms]
      [Choose CSet: 0.0 ms]
      [Ref Proc: 1.1 ms]
      [Ref Enq: 0.1 ms]
      [Free CSet: 0.4 ms]
   [Eden: 158.0M(158.0M)->0.0B(434.0M) Survivors: 46.0M->22.0M Heap: 2019.0M(4096.0M)->1875.0M(4096.0M)]
 [Times: user=0.32 sys=0.01, real=0.17 secs] 
2016-08-30T16:42:00.288+0200: 11170.423: [GC pause (young) (initial-mark), 0.2351830 secs]
   [Parallel Time: 214.6 ms, GC Workers: 2]
      [GC Worker Start (ms): Min: 11170425.0, Avg: 11170425.6, Max: 11170426.2, Diff: 1.2]
      [Ext Root Scanning (ms): Min: 50.0, Avg: 50.9, Max: 51.9, Diff: 2.0, Sum: 101.9]
      [Code Root Marking (ms): Min: 13.2, Avg: 13.5, Max: 13.9, Diff: 0.7, Sum: 27.0]
      [Update RS (ms): Min: 65.7, Avg: 66.1, Max: 66.4, Diff: 0.7, Sum: 132.1]
         [Processed Buffers: Min: 455, Avg: 472.5, Max: 490, Diff: 35, Sum: 945]
      [Scan RS (ms): Min: 8.8, Avg: 9.4, Max: 10.1, Diff: 1.4, Sum: 18.9]
      [Code Root Scanning (ms): Min: 0.1, Avg: 0.2, Max: 0.2, Diff: 0.0, Sum: 0.3]
      [Object Copy (ms): Min: 73.3, Avg: 73.7, Max: 74.1, Diff: 0.9, Sum: 147.4]
      [Termination (ms): Min: 0.0, Avg: 0.0, Max: 0.0, Diff: 0.0, Sum: 0.0]
      [GC Worker Other (ms): Min: 0.1, Avg: 0.1, Max: 0.1, Diff: 0.0, Sum: 0.3]
      [GC Worker Total (ms): Min: 213.4, Avg: 214.0, Max: 214.6, Diff: 1.2, Sum: 427.9]
      [GC Worker End (ms): Min: 11170639.6, Avg: 11170639.6, Max: 11170639.6, Diff: 0.0]
   [Code Root Fixup: 0.5 ms]
   [Code Root Migration: 0.1 ms]
   [Clear CT: 0.6 ms]
   [Other: 19.4 ms]
      [Choose CSet: 0.0 ms]
      [Ref Proc: 13.8 ms]
      [Ref Enq: 0.3 ms]
      [Free CSet: 1.0 ms]
   [Eden: 434.0M(434.0M)->0.0B(146.0M) Survivors: 22.0M->58.0M Heap: 2309.0M(4096.0M)->1913.0M(4096.0M)]
 [Times: user=0.43 sys=0.00, real=0.24 secs] 
2016-08-30T16:42:00.524+0200: 11170.658: [GC concurrent-root-region-scan-start]
2016-08-30T16:42:00.577+0200: 11170.711: [GC concurrent-root-region-scan-end, 0.0530830 secs]
2016-08-30T16:42:00.577+0200: 11170.711: [GC concurrent-mark-start]
2016-08-30T16:42:01.974+0200: 11172.108: [GC concurrent-mark-end, 1.3966340 secs]
2016-08-30T16:42:01.976+0200: 11172.110: [GC remark 2016-08-30T16:42:01.978+0200: 11172.113: [GC ref-proc, 0.0589700 secs], 0.0867340 secs]
 [Times: user=0.10 sys=0.01, real=0.09 secs] 
2016-08-30T16:42:02.069+0200: 11172.203: [GC cleanup 1969M->1911M(4096M), 0.0292920 secs]
 [Times: user=0.06 sys=0.00, real=0.03 secs] 
2016-08-30T16:42:02.099+0200: 11172.233: [GC concurrent-cleanup-start]
2016-08-30T16:42:02.099+0200: 11172.233: [GC concurrent-cleanup-end, 0.0001350 secs]
2016-08-30T16:42:05.219+0200: 11175.353: [GC pause (young), 0.1697780 secs]
   [Parallel Time: 163.1 ms, GC Workers: 2]
      [GC Worker Start (ms): Min: 11175354.5, Avg: 11175354.6, Max: 11175354.6, Diff: 0.0]
      [Ext Root Scanning (ms): Min: 52.0, Avg: 54.4, Max: 56.7, Diff: 4.6, Sum: 108.7]
      [Update RS (ms): Min: 27.7, Avg: 30.9, Max: 34.2, Diff: 6.5, Sum: 61.8]
         [Processed Buffers: Min: 294, Avg: 317.0, Max: 340, Diff: 46, Sum: 634]
      [Scan RS (ms): Min: 13.7, Avg: 13.9, Max: 14.1, Diff: 0.3, Sum: 27.8]
      [Code Root Scanning (ms): Min: 0.0, Avg: 0.1, Max: 0.1, Diff: 0.0, Sum: 0.1]
      [Object Copy (ms): Min: 62.9, Avg: 63.7, Max: 64.4, Diff: 1.5, Sum: 127.3]
      [Termination (ms): Min: 0.0, Avg: 0.0, Max: 0.0, Diff: 0.0, Sum: 0.0]
      [GC Worker Other (ms): Min: 0.1, Avg: 0.1, Max: 0.1, Diff: 0.0, Sum: 0.1]
      [GC Worker Total (ms): Min: 163.0, Avg: 163.0, Max: 163.0, Diff: 0.0, Sum: 325.9]
      [GC Worker End (ms): Min: 11175517.5, Avg: 11175517.5, Max: 11175517.5, Diff: 0.0]
   [Code Root Fixup: 0.4 ms]
   [Code Root Migration: 0.0 ms]
   [Clear CT: 0.6 ms]
   [Other: 5.7 ms]
      [Choose CSet: 0.0 ms]
      [Ref Proc: 1.8 ms]
      [Ref Enq: 0.1 ms]
      [Free CSet: 0.5 ms]
   [Eden: 146.0M(146.0M)->0.0B(190.0M) Survivors: 58.0M->14.0M Heap: 2001.0M(4096.0M)->1860.0M(4096.0M)]
 [Times: user=0.33 sys=0.00, real=0.17 secs] 
2016-08-30T16:42:11.223+0200: 11181.357: [GC pause (mixed), 0.1755120 secs]
   [Parallel Time: 167.1 ms, GC Workers: 2]
      [GC Worker Start (ms): Min: 11181359.3, Avg: 11181359.4, Max: 11181359.4, Diff: 0.0]
      [Ext Root Scanning (ms): Min: 52.7, Avg: 52.8, Max: 52.9, Diff: 0.2, Sum: 105.5]
      [Update RS (ms): Min: 39.9, Avg: 40.4, Max: 41.0, Diff: 1.1, Sum: 80.9]
         [Processed Buffers: Min: 381, Avg: 391.0, Max: 401, Diff: 20, Sum: 782]
      [Scan RS (ms): Min: 25.1, Avg: 25.5, Max: 25.8, Diff: 0.7, Sum: 50.9]
      [Code Root Scanning (ms): Min: 0.1, Avg: 0.2, Max: 0.2, Diff: 0.1, Sum: 0.3]
      [Object Copy (ms): Min: 47.8, Avg: 48.1, Max: 48.3, Diff: 0.6, Sum: 96.1]
      [Termination (ms): Min: 0.0, Avg: 0.0, Max: 0.0, Diff: 0.0, Sum: 0.0]
      [GC Worker Other (ms): Min: 0.1, Avg: 0.1, Max: 0.2, Diff: 0.1, Sum: 0.2]
      [GC Worker Total (ms): Min: 167.0, Avg: 167.0, Max: 167.0, Diff: 0.0, Sum: 334.0]
      [GC Worker End (ms): Min: 11181526.4, Avg: 11181526.4, Max: 11181526.4, Diff: 0.0]
   [Code Root Fixup: 0.5 ms]
   [Code Root Migration: 0.1 ms]
   [Clear CT: 0.7 ms]
   [Other: 7.1 ms]
      [Choose CSet: 0.2 ms]
      [Ref Proc: 2.4 ms]
      [Ref Enq: 0.1 ms]
      [Free CSet: 1.3 ms]
   [Eden: 190.0M(190.0M)->0.0B(178.0M) Survivors: 14.0M->26.0M Heap: 2050.0M(4096.0M)->1619.0M(4096.0M)]
 [Times: user=0.34 sys=0.01, real=0.17 secs] 
2016-08-30T16:42:16.983+0200: 11187.118: [GC pause (mixed), 0.2023610 secs]
   [Parallel Time: 195.4 ms, GC Workers: 2]
      [GC Worker Start (ms): Min: 11187119.7, Avg: 11187120.8, Max: 11187121.9, Diff: 2.2]
      [Ext Root Scanning (ms): Min: 53.6, Avg: 55.0, Max: 56.4, Diff: 2.8, Sum: 109.9]
      [Update RS (ms): Min: 36.3, Avg: 36.4, Max: 36.5, Diff: 0.1, Sum: 72.8]
         [Processed Buffers: Min: 367, Avg: 410.0, Max: 453, Diff: 86, Sum: 820]
      [Scan RS (ms): Min: 44.9, Avg: 45.0, Max: 45.2, Diff: 0.3, Sum: 90.1]
      [Code Root Scanning (ms): Min: 0.1, Avg: 0.1, Max: 0.2, Diff: 0.1, Sum: 0.3]
      [Object Copy (ms): Min: 57.3, Avg: 57.6, Max: 57.8, Diff: 0.5, Sum: 115.2]
      [Termination (ms): Min: 0.0, Avg: 0.0, Max: 0.0, Diff: 0.0, Sum: 0.0]
      [GC Worker Other (ms): Min: 0.0, Avg: 0.1, Max: 0.1, Diff: 0.1, Sum: 0.2]
      [GC Worker Total (ms): Min: 193.1, Avg: 194.2, Max: 195.3, Diff: 2.3, Sum: 388.4]
      [GC Worker End (ms): Min: 11187315.0, Avg: 11187315.0, Max: 11187315.0, Diff: 0.0]
   [Code Root Fixup: 0.3 ms]
   [Code Root Migration: 0.1 ms]
   [Clear CT: 0.6 ms]
   [Other: 6.0 ms]
      [Choose CSet: 0.3 ms]
      [Ref Proc: 1.3 ms]
      [Ref Enq: 0.1 ms]
      [Free CSet: 1.1 ms]
   [Eden: 178.0M(178.0M)->0.0B(184.0M) Survivors: 26.0M->20.0M Heap: 1797.0M(4096.0M)->1457.0M(4096.0M)]
 [Times: user=0.39 sys=0.00, real=0.20 secs] 
2016-08-30T16:42:24.292+0200: 11194.426: [GC pause (mixed), 0.2569180 secs]
   [Parallel Time: 249.5 ms, GC Workers: 2]
      [GC Worker Start (ms): Min: 11194428.2, Avg: 11194428.2, Max: 11194428.2, Diff: 0.0]
      [Ext Root Scanning (ms): Min: 50.1, Avg: 50.4, Max: 50.6, Diff: 0.5, Sum: 100.8]
      [Update RS (ms): Min: 36.2, Avg: 37.0, Max: 37.8, Diff: 1.6, Sum: 74.0]
         [Processed Buffers: Min: 366, Avg: 376.0, Max: 386, Diff: 20, Sum: 752]
      [Scan RS (ms): Min: 60.1, Avg: 60.5, Max: 61.0, Diff: 0.8, Sum: 121.1]
      [Code Root Scanning (ms): Min: 0.1, Avg: 0.1, Max: 0.2, Diff: 0.1, Sum: 0.3]
      [Object Copy (ms): Min: 100.9, Avg: 101.1, Max: 101.3, Diff: 0.4, Sum: 202.3]
      [Termination (ms): Min: 0.0, Avg: 0.0, Max: 0.0, Diff: 0.0, Sum: 0.0]
      [GC Worker Other (ms): Min: 0.1, Avg: 0.2, Max: 0.2, Diff: 0.0, Sum: 0.3]
      [GC Worker Total (ms): Min: 249.4, Avg: 249.4, Max: 249.4, Diff: 0.0, Sum: 498.7]
      [GC Worker End (ms): Min: 11194677.5, Avg: 11194677.6, Max: 11194677.6, Diff: 0.0]
   [Code Root Fixup: 0.3 ms]
   [Code Root Migration: 0.1 ms]
   [Clear CT: 0.6 ms]
   [Other: 6.5 ms]
      [Choose CSet: 0.6 ms]
      [Ref Proc: 1.4 ms]
      [Ref Enq: 0.1 ms]
      [Free CSet: 1.4 ms]
   [Eden: 184.0M(184.0M)->0.0B(188.0M) Survivors: 20.0M->16.0M Heap: 1641.0M(4096.0M)->1310.0M(4096.0M)]
 [Times: user=0.49 sys=0.00, real=0.26 secs] 
2016-08-30T16:42:30.743+0200: 11200.878: [GC pause (mixed), 0.2565200 secs]
   [Parallel Time: 249.0 ms, GC Workers: 2]
      [GC Worker Start (ms): Min: 11200880.1, Avg: 11200880.1, Max: 11200880.1, Diff: 0.0]
      [Ext Root Scanning (ms): Min: 44.4, Avg: 47.3, Max: 50.3, Diff: 5.9, Sum: 94.7]
      [Update RS (ms): Min: 28.7, Avg: 31.4, Max: 34.1, Diff: 5.4, Sum: 62.8]
         [Processed Buffers: Min: 353, Avg: 372.5, Max: 392, Diff: 39, Sum: 745]
      [Scan RS (ms): Min: 93.0, Avg: 93.4, Max: 93.7, Diff: 0.7, Sum: 186.7]
      [Code Root Scanning (ms): Min: 0.1, Avg: 0.1, Max: 0.2, Diff: 0.1, Sum: 0.2]
      [Object Copy (ms): Min: 76.5, Avg: 76.6, Max: 76.7, Diff: 0.2, Sum: 153.2]
      [Termination (ms): Min: 0.0, Avg: 0.0, Max: 0.0, Diff: 0.0, Sum: 0.0]
      [GC Worker Other (ms): Min: 0.1, Avg: 0.1, Max: 0.1, Diff: 0.0, Sum: 0.3]
      [GC Worker Total (ms): Min: 248.9, Avg: 248.9, Max: 248.9, Diff: 0.0, Sum: 497.8]
      [GC Worker End (ms): Min: 11201129.0, Avg: 11201129.0, Max: 11201129.0, Diff: 0.0]
   [Code Root Fixup: 0.2 ms]
   [Code Root Migration: 0.0 ms]
   [Clear CT: 0.6 ms]
   [Other: 6.7 ms]
      [Choose CSet: 1.0 ms]
      [Ref Proc: 1.2 ms]
      [Ref Enq: 0.1 ms]
      [Free CSet: 1.5 ms]
   [Eden: 188.0M(188.0M)->0.0B(182.0M) Survivors: 16.0M->22.0M Heap: 1498.0M(4096.0M)->1183.0M(4096.0M)]
 [Times: user=0.50 sys=0.00, real=0.26 secs] 
2016-08-30T16:42:37.583+0200: 11207.717: [GC pause (mixed), 0.1970160 secs]
   [Parallel Time: 187.5 ms, GC Workers: 2]
      [GC Worker Start (ms): Min: 11207722.8, Avg: 11207724.0, Max: 11207725.2, Diff: 2.5]
      [Ext Root Scanning (ms): Min: 59.9, Avg: 63.8, Max: 67.6, Diff: 7.7, Sum: 127.5]
      [Update RS (ms): Min: 21.4, Avg: 26.9, Max: 32.3, Diff: 10.9, Sum: 53.7]
         [Processed Buffers: Min: 196, Avg: 376.5, Max: 557, Diff: 361, Sum: 753]
      [Scan RS (ms): Min: 40.2, Avg: 42.0, Max: 43.8, Diff: 3.6, Sum: 84.0]
      [Code Root Scanning (ms): Min: 0.0, Avg: 0.0, Max: 0.1, Diff: 0.0, Sum: 0.1]
      [Object Copy (ms): Min: 48.9, Avg: 50.5, Max: 52.1, Diff: 3.1, Sum: 101.0]
      [Termination (ms): Min: 0.0, Avg: 3.0, Max: 6.0, Diff: 6.0, Sum: 6.0]
      [GC Worker Other (ms): Min: 0.1, Avg: 0.1, Max: 0.1, Diff: 0.0, Sum: 0.2]
      [GC Worker Total (ms): Min: 185.0, Avg: 186.3, Max: 187.5, Diff: 2.5, Sum: 372.5]
      [GC Worker End (ms): Min: 11207910.2, Avg: 11207910.2, Max: 11207910.2, Diff: 0.0]
   [Code Root Fixup: 0.2 ms]
   [Code Root Migration: 0.0 ms]
   [Clear CT: 0.6 ms]
   [Other: 8.7 ms]
      [Choose CSet: 0.3 ms]
      [Ref Proc: 1.2 ms]
      [Ref Enq: 0.1 ms]
      [Free CSet: 0.7 ms]
   [Eden: 182.0M(182.0M)->0.0B(184.0M) Survivors: 22.0M->20.0M Heap: 1365.0M(4096.0M)->1166.0M(4096.0M)]
 [Times: user=0.26 sys=0.00, real=0.20 secs] 
2016-08-30T16:42:42.783+0200: 11212.917: [GC pause (young), 0.1450190 secs]
   [Parallel Time: 138.5 ms, GC Workers: 2]
      [GC Worker Start (ms): Min: 11212918.8, Avg: 11212918.8, Max: 11212918.9, Diff: 0.0]
      [Ext Root Scanning (ms): Min: 49.9, Avg: 51.8, Max: 53.7, Diff: 3.7, Sum: 103.6]
      [Update RS (ms): Min: 37.7, Avg: 39.1, Max: 40.6, Diff: 2.9, Sum: 78.2]
         [Processed Buffers: Min: 422, Avg: 439.0, Max: 456, Diff: 34, Sum: 878]
      [Scan RS (ms): Min: 6.1, Avg: 6.8, Max: 7.4, Diff: 1.3, Sum: 13.5]
      [Code Root Scanning (ms): Min: 0.0, Avg: 0.1, Max: 0.1, Diff: 0.1, Sum: 0.1]
      [Object Copy (ms): Min: 40.2, Avg: 40.5, Max: 40.8, Diff: 0.5, Sum: 81.0]
      [Termination (ms): Min: 0.0, Avg: 0.0, Max: 0.0, Diff: 0.0, Sum: 0.0]
      [GC Worker Other (ms): Min: 0.1, Avg: 0.1, Max: 0.1, Diff: 0.0, Sum: 0.2]
      [GC Worker Total (ms): Min: 138.4, Avg: 138.4, Max: 138.4, Diff: 0.0, Sum: 276.8]
      [GC Worker End (ms): Min: 11213057.2, Avg: 11213057.2, Max: 11213057.3, Diff: 0.0]
   [Code Root Fixup: 0.5 ms]
   [Code Root Migration: 0.0 ms]
   [Clear CT: 0.4 ms]
   [Other: 5.6 ms]
      [Choose CSet: 0.0 ms]
      [Ref Proc: 1.9 ms]
      [Ref Enq: 0.2 ms]
      [Free CSet: 0.5 ms]
   [Eden: 184.0M(184.0M)->0.0B(178.0M) Survivors: 20.0M->26.0M Heap: 1350.0M(4096.0M)->1190.0M(4096.0M)]
 [Times: user=0.28 sys=0.00, real=0.15 secs] 
2016-08-30T16:42:48.307+0200: 11218.442: [GC pause (young), 0.2492330 secs]
   [Parallel Time: 236.5 ms, GC Workers: 2]
      [GC Worker Start (ms): Min: 11218442.8, Avg: 11218442.8, Max: 11218442.8, Diff: 0.0]
      [Ext Root Scanning (ms): Min: 67.6, Avg: 72.2, Max: 76.9, Diff: 9.2, Sum: 144.5]
      [Update RS (ms): Min: 72.6, Avg: 75.8, Max: 79.0, Diff: 6.4, Sum: 151.6]
         [Processed Buffers: Min: 363, Avg: 377.0, Max: 391, Diff: 28, Sum: 754]
      [Scan RS (ms): Min: 10.0, Avg: 10.7, Max: 11.4, Diff: 1.3, Sum: 21.4]
      [Code Root Scanning (ms): Min: 0.0, Avg: 0.0, Max: 0.0, Diff: 0.0, Sum: 0.1]
      [Object Copy (ms): Min: 68.4, Avg: 72.6, Max: 76.8, Diff: 8.4, Sum: 145.2]
      [Termination (ms): Min: 0.0, Avg: 4.9, Max: 9.9, Diff: 9.9, Sum: 9.9]
      [GC Worker Other (ms): Min: 0.1, Avg: 0.1, Max: 0.1, Diff: 0.0, Sum: 0.2]
      [GC Worker Total (ms): Min: 236.4, Avg: 236.4, Max: 236.4, Diff: 0.0, Sum: 472.9]
      [GC Worker End (ms): Min: 11218679.2, Avg: 11218679.2, Max: 11218679.2, Diff: 0.0]
   [Code Root Fixup: 0.2 ms]
   [Code Root Migration: 0.0 ms]
   [Clear CT: 0.4 ms]
   [Other: 12.1 ms]
      [Choose CSet: 0.0 ms]
      [Ref Proc: 9.9 ms]
      [Ref Enq: 0.1 ms]
      [Free CSet: 0.3 ms]
   [Eden: 178.0M(178.0M)->0.0B(182.0M) Survivors: 26.0M->22.0M Heap: 1368.0M(4096.0M)->1210.0M(4096.0M)]
 [Times: user=0.14 sys=0.00, real=0.25 secs] 
2016-08-30T16:42:54.741+0200: 11224.876: [GC pause (young), 0.1413350 secs]
   [Parallel Time: 134.8 ms, GC Workers: 2]
      [GC Worker Start (ms): Min: 11224876.9, Avg: 11224878.0, Max: 11224879.0, Diff: 2.1]
      [Ext Root Scanning (ms): Min: 49.6, Avg: 50.8, Max: 52.0, Diff: 2.4, Sum: 101.6]
      [Update RS (ms): Min: 35.8, Avg: 36.2, Max: 36.7, Diff: 0.9, Sum: 72.5]
         [Processed Buffers: Min: 329, Avg: 362.0, Max: 395, Diff: 66, Sum: 724]
      [Scan RS (ms): Min: 6.4, Avg: 6.8, Max: 7.2, Diff: 0.7, Sum: 13.6]
      [Code Root Scanning (ms): Min: 0.0, Avg: 0.1, Max: 0.1, Diff: 0.1, Sum: 0.1]
      [Object Copy (ms): Min: 39.5, Avg: 39.6, Max: 39.7, Diff: 0.2, Sum: 79.2]
      [Termination (ms): Min: 0.0, Avg: 0.0, Max: 0.0, Diff: 0.0, Sum: 0.0]
      [GC Worker Other (ms): Min: 0.2, Avg: 0.2, Max: 0.2, Diff: 0.0, Sum: 0.3]
      [GC Worker Total (ms): Min: 132.6, Avg: 133.7, Max: 134.7, Diff: 2.1, Sum: 267.4]
      [GC Worker End (ms): Min: 11225011.6, Avg: 11225011.6, Max: 11225011.6, Diff: 0.0]
   [Code Root Fixup: 0.5 ms]
   [Code Root Migration: 0.0 ms]
   [Clear CT: 0.4 ms]
   [Other: 5.5 ms]
      [Choose CSet: 0.0 ms]
      [Ref Proc: 2.1 ms]
      [Ref Enq: 0.2 ms]
      [Free CSet: 0.5 ms]
   [Eden: 182.0M(182.0M)->0.0B(180.0M) Survivors: 22.0M->24.0M Heap: 1392.0M(4096.0M)->1232.0M(4096.0M)]
 [Times: user=0.27 sys=0.01, real=0.14 secs] 
2016-08-30T16:43:01.358+0200: 11231.492: [GC pause (young), 0.1398470 secs]
   [Parallel Time: 132.8 ms, GC Workers: 2]
      [GC Worker Start (ms): Min: 11231493.7, Avg: 11231493.7, Max: 11231493.7, Diff: 0.0]
      [Ext Root Scanning (ms): Min: 50.6, Avg: 50.9, Max: 51.3, Diff: 0.7, Sum: 101.8]
      [Update RS (ms): Min: 37.1, Avg: 37.5, Max: 38.0, Diff: 0.9, Sum: 75.0]
         [Processed Buffers: Min: 404, Avg: 414.5, Max: 425, Diff: 21, Sum: 829]
      [Scan RS (ms): Min: 6.0, Avg: 6.5, Max: 7.1, Diff: 1.1, Sum: 13.1]
      [Code Root Scanning (ms): Min: 0.1, Avg: 0.1, Max: 0.1, Diff: 0.0, Sum: 0.1]
      [Object Copy (ms): Min: 37.4, Avg: 37.6, Max: 37.8, Diff: 0.4, Sum: 75.2]
      [Termination (ms): Min: 0.0, Avg: 0.0, Max: 0.0, Diff: 0.0, Sum: 0.0]
      [GC Worker Other (ms): Min: 0.1, Avg: 0.1, Max: 0.1, Diff: 0.1, Sum: 0.2]
      [GC Worker Total (ms): Min: 132.7, Avg: 132.7, Max: 132.7, Diff: 0.0, Sum: 265.5]
      [GC Worker End (ms): Min: 11231626.4, Avg: 11231626.4, Max: 11231626.4, Diff: 0.0]
   [Code Root Fixup: 0.7 ms]
   [Code Root Migration: 0.0 ms]
   [Clear CT: 0.4 ms]
   [Other: 5.9 ms]
      [Choose CSet: 0.0 ms]
      [Ref Proc: 2.2 ms]
      [Ref Enq: 0.2 ms]
      [Free CSet: 0.5 ms]
   [Eden: 180.0M(180.0M)->0.0B(188.0M) Survivors: 24.0M->16.0M Heap: 1412.0M(4096.0M)->1243.0M(4096.0M)]
 [Times: user=0.27 sys=0.01, real=0.14 secs] 
2016-08-30T16:43:07.686+0200: 11237.820: [GC pause (young), 0.1552690 secs]
   [Parallel Time: 150.6 ms, GC Workers: 2]
      [GC Worker Start (ms): Min: 11237821.5, Avg: 11237823.4, Max: 11237825.2, Diff: 3.7]
      [Ext Root Scanning (ms): Min: 58.0, Avg: 58.7, Max: 59.5, Diff: 1.5, Sum: 117.5]
      [Update RS (ms): Min: 40.9, Avg: 46.5, Max: 52.2, Diff: 11.2, Sum: 93.1]
         [Processed Buffers: Min: 381, Avg: 403.5, Max: 426, Diff: 45, Sum: 807]
      [Scan RS (ms): Min: 1.2, Avg: 6.6, Max: 11.9, Diff: 10.8, Sum: 13.1]
      [Code Root Scanning (ms): Min: 0.0, Avg: 0.0, Max: 0.0, Diff: 0.0, Sum: 0.1]
      [Object Copy (ms): Min: 33.9, Avg: 36.5, Max: 39.1, Diff: 5.2, Sum: 72.9]
      [Termination (ms): Min: 0.0, Avg: 0.3, Max: 0.5, Diff: 0.5, Sum: 0.5]
      [GC Worker Other (ms): Min: 0.1, Avg: 0.1, Max: 0.1, Diff: 0.0, Sum: 0.2]
      [GC Worker Total (ms): Min: 146.9, Avg: 148.7, Max: 150.6, Diff: 3.6, Sum: 297.5]
      [GC Worker End (ms): Min: 11237972.1, Avg: 11237972.1, Max: 11237972.1, Diff: 0.0]
   [Code Root Fixup: 0.3 ms]
   [Code Root Migration: 0.0 ms]
   [Clear CT: 0.4 ms]
   [Other: 3.9 ms]
      [Choose CSet: 0.0 ms]
      [Ref Proc: 1.4 ms]
      [Ref Enq: 0.1 ms]
      [Free CSet: 0.3 ms]
   [Eden: 188.0M(188.0M)->0.0B(182.0M) Survivors: 16.0M->22.0M Heap: 1431.0M(4096.0M)->1261.0M(4096.0M)]
 [Times: user=0.15 sys=0.00, real=0.16 secs] 
2016-08-30T16:43:13.052+0200: 11243.187: [GC pause (young), 0.1618930 secs]
   [Parallel Time: 155.2 ms, GC Workers: 2]
      [GC Worker Start (ms): Min: 11243188.3, Avg: 11243188.8, Max: 11243189.3, Diff: 0.9]
      [Ext Root Scanning (ms): Min: 53.0, Avg: 61.1, Max: 69.2, Diff: 16.2, Sum: 122.2]
      [Update RS (ms): Min: 34.0, Avg: 44.1, Max: 54.1, Diff: 20.1, Sum: 88.1]
         [Processed Buffers: Min: 335, Avg: 438.0, Max: 541, Diff: 206, Sum: 876]
      [Scan RS (ms): Min: 6.9, Avg: 7.2, Max: 7.6, Diff: 0.7, Sum: 14.4]
      [Code Root Scanning (ms): Min: 0.1, Avg: 0.1, Max: 0.1, Diff: 0.0, Sum: 0.1]
      [Object Copy (ms): Min: 41.0, Avg: 42.1, Max: 43.2, Diff: 2.2, Sum: 84.2]
      [Termination (ms): Min: 0.0, Avg: 0.0, Max: 0.0, Diff: 0.0, Sum: 0.0]
      [GC Worker Other (ms): Min: 0.1, Avg: 0.2, Max: 0.2, Diff: 0.0, Sum: 0.3]
      [GC Worker Total (ms): Min: 154.3, Avg: 154.7, Max: 155.2, Diff: 0.9, Sum: 309.5]
      [GC Worker End (ms): Min: 11243343.5, Avg: 11243343.5, Max: 11243343.5, Diff: 0.0]
   [Code Root Fixup: 0.4 ms]
   [Code Root Migration: 0.0 ms]
   [Clear CT: 0.5 ms]
   [Other: 5.7 ms]
      [Choose CSet: 0.0 ms]
      [Ref Proc: 2.0 ms]
      [Ref Enq: 0.2 ms]
      [Free CSet: 0.5 ms]
   [Eden: 182.0M(182.0M)->0.0B(182.0M) Survivors: 22.0M->22.0M Heap: 1443.0M(4096.0M)->1280.0M(4096.0M)]
 [Times: user=0.31 sys=0.00, real=0.16 secs] 
2016-08-30T16:43:18.934+0200: 11249.068: [GC pause (young), 0.1666500 secs]
   [Parallel Time: 152.2 ms, GC Workers: 2]
      [GC Worker Start (ms): Min: 11249069.1, Avg: 11249071.0, Max: 11249073.0, Diff: 3.9]
      [Ext Root Scanning (ms): Min: 64.7, Avg: 64.7, Max: 64.8, Diff: 0.0, Sum: 129.5]
      [Update RS (ms): Min: 45.7, Avg: 47.0, Max: 48.2, Diff: 2.4, Sum: 93.9]
         [Processed Buffers: Min: 364, Avg: 429.0, Max: 494, Diff: 130, Sum: 858]
      [Scan RS (ms): Min: 1.1, Avg: 6.6, Max: 12.1, Diff: 11.0, Sum: 13.2]
      [Code Root Scanning (ms): Min: 0.0, Avg: 0.0, Max: 0.1, Diff: 0.1, Sum: 0.1]
      [Object Copy (ms): Min: 29.5, Avg: 31.9, Max: 34.3, Diff: 4.8, Sum: 63.8]
      [Termination (ms): Min: 0.0, Avg: 0.0, Max: 0.0, Diff: 0.0, Sum: 0.0]
      [GC Worker Other (ms): Min: 0.1, Avg: 0.1, Max: 0.1, Diff: 0.0, Sum: 0.2]
      [GC Worker Total (ms): Min: 148.4, Avg: 150.3, Max: 152.2, Diff: 3.9, Sum: 300.6]
      [GC Worker End (ms): Min: 11249221.3, Avg: 11249221.3, Max: 11249221.3, Diff: 0.0]
   [Code Root Fixup: 0.3 ms]
   [Code Root Migration: 0.0 ms]
   [Clear CT: 5.4 ms]
   [Other: 8.6 ms]
      [Choose CSet: 0.0 ms]
      [Ref Proc: 5.8 ms]
      [Ref Enq: 0.3 ms]
      [Free CSet: 0.4 ms]
   [Eden: 182.0M(182.0M)->0.0B(212.0M) Survivors: 22.0M->18.0M Heap: 1462.0M(4096.0M)->1295.0M(4096.0M)]
 [Times: user=0.13 sys=0.00, real=0.16 secs] 
2016-08-30T16:43:26.031+0200: 11256.165: [GC pause (young), 0.1517370 secs]
   [Parallel Time: 144.2 ms, GC Workers: 2]
      [GC Worker Start (ms): Min: 11256167.0, Avg: 11256167.0, Max: 11256167.0, Diff: 0.0]
      [Ext Root Scanning (ms): Min: 50.0, Avg: 53.0, Max: 55.9, Diff: 5.9, Sum: 105.9]
      [Update RS (ms): Min: 42.6, Avg: 42.8, Max: 43.0, Diff: 0.4, Sum: 85.5]
         [Processed Buffers: Min: 376, Avg: 423.0, Max: 470, Diff: 94, Sum: 846]
      [Scan RS (ms): Min: 6.9, Avg: 7.3, Max: 7.7, Diff: 0.8, Sum: 14.5]
      [Code Root Scanning (ms): Min: 0.0, Avg: 0.1, Max: 0.1, Diff: 0.1, Sum: 0.1]
      [Object Copy (ms): Min: 38.6, Avg: 40.8, Max: 43.1, Diff: 4.5, Sum: 81.7]
      [Termination (ms): Min: 0.0, Avg: 0.0, Max: 0.0, Diff: 0.0, Sum: 0.0]
      [GC Worker Other (ms): Min: 0.1, Avg: 0.2, Max: 0.2, Diff: 0.0, Sum: 0.3]
      [GC Worker Total (ms): Min: 144.1, Avg: 144.1, Max: 144.1, Diff: 0.0, Sum: 288.2]
      [GC Worker End (ms): Min: 11256311.1, Avg: 11256311.1, Max: 11256311.1, Diff: 0.0]
   [Code Root Fixup: 0.4 ms]
   [Code Root Migration: 0.0 ms]
   [Clear CT: 0.4 ms]
   [Other: 6.7 ms]
      [Choose CSet: 0.0 ms]
      [Ref Proc: 2.8 ms]
      [Ref Enq: 0.2 ms]
      [Free CSet: 0.5 ms]
   [Eden: 212.0M(212.0M)->0.0B(266.0M) Survivors: 18.0M->30.0M Heap: 1507.0M(4096.0M)->1312.0M(4096.0M)]
 [Times: user=0.29 sys=0.00, real=0.15 secs] 
2016-08-30T16:43:35.798+0200: 11265.933: [GC pause (young), 0.1739080 secs]
   [Parallel Time: 164.6 ms, GC Workers: 2]
      [GC Worker Start (ms): Min: 11265934.5, Avg: 11265934.5, Max: 11265934.5, Diff: 0.1]
      [Ext Root Scanning (ms): Min: 49.5, Avg: 50.2, Max: 50.9, Diff: 1.4, Sum: 100.4]
      [Update RS (ms): Min: 46.5, Avg: 46.9, Max: 47.2, Diff: 0.7, Sum: 93.7]
         [Processed Buffers: Min: 473, Avg: 514.0, Max: 555, Diff: 82, Sum: 1028]
      [Scan RS (ms): Min: 11.2, Avg: 11.6, Max: 12.0, Diff: 0.8, Sum: 23.2]
      [Code Root Scanning (ms): Min: 0.0, Avg: 0.1, Max: 0.2, Diff: 0.2, Sum: 0.2]
      [Object Copy (ms): Min: 55.0, Avg: 55.7, Max: 56.3, Diff: 1.2, Sum: 111.3]
      [Termination (ms): Min: 0.0, Avg: 0.0, Max: 0.0, Diff: 0.0, Sum: 0.0]
      [GC Worker Other (ms): Min: 0.1, Avg: 0.2, Max: 0.2, Diff: 0.0, Sum: 0.3]
      [GC Worker Total (ms): Min: 164.5, Avg: 164.5, Max: 164.6, Diff: 0.1, Sum: 329.1]
      [GC Worker End (ms): Min: 11266099.0, Avg: 11266099.0, Max: 11266099.0, Diff: 0.0]
   [Code Root Fixup: 0.4 ms]
   [Code Root Migration: 0.0 ms]
   [Clear CT: 0.5 ms]
   [Other: 8.3 ms]
      [Choose CSet: 0.0 ms]
      [Ref Proc: 4.1 ms]
      [Ref Enq: 0.3 ms]
      [Free CSet: 0.6 ms]
   [Eden: 266.0M(266.0M)->0.0B(316.0M) Survivors: 30.0M->26.0M Heap: 1578.0M(4096.0M)->1337.0M(4096.0M)]
 [Times: user=0.34 sys=0.00, real=0.17 secs] 
2016-08-30T16:43:46.640+0200: 11276.774: [GC pause (young), 0.2581980 secs]
   [Parallel Time: 245.2 ms, GC Workers: 2]
      [GC Worker Start (ms): Min: 11276776.3, Avg: 11276776.3, Max: 11276776.3, Diff: 0.0]
      [Ext Root Scanning (ms): Min: 66.7, Avg: 79.5, Max: 92.3, Diff: 25.6, Sum: 159.0]
      [Update RS (ms): Min: 76.1, Avg: 94.3, Max: 112.5, Diff: 36.4, Sum: 188.6]
         [Processed Buffers: Min: 374, Avg: 486.5, Max: 599, Diff: 225, Sum: 973]
      [Scan RS (ms): Min: 2.3, Avg: 6.2, Max: 10.0, Diff: 7.7, Sum: 12.3]
      [Code Root Scanning (ms): Min: 0.0, Avg: 0.1, Max: 0.1, Diff: 0.1, Sum: 0.1]
      [Object Copy (ms): Min: 63.5, Avg: 64.9, Max: 66.4, Diff: 3.0, Sum: 129.9]
      [Termination (ms): Min: 0.0, Avg: 0.0, Max: 0.0, Diff: 0.0, Sum: 0.0]
      [GC Worker Other (ms): Min: 0.1, Avg: 0.1, Max: 0.2, Diff: 0.0, Sum: 0.3]
      [GC Worker Total (ms): Min: 245.1, Avg: 245.1, Max: 245.1, Diff: 0.0, Sum: 490.2]
      [GC Worker End (ms): Min: 11277021.4, Avg: 11277021.4, Max: 11277021.4, Diff: 0.0]
   [Code Root Fixup: 0.3 ms]
   [Code Root Migration: 0.0 ms]
   [Clear CT: 0.3 ms]
   [Other: 12.4 ms]
      [Choose CSet: 0.0 ms]
      [Ref Proc: 8.6 ms]
      [Ref Enq: 0.2 ms]
      [Free CSet: 0.5 ms]
   [Eden: 316.0M(316.0M)->0.0B(170.0M) Survivors: 26.0M->34.0M Heap: 1653.0M(4096.0M)->1362.0M(4096.0M)]
 [Times: user=0.28 sys=0.00, real=0.26 secs] 
2016-08-30T16:43:52.327+0200: 11282.462: [GC pause (young), 0.1493450 secs]
   [Parallel Time: 142.9 ms, GC Workers: 2]
      [GC Worker Start (ms): Min: 11282463.4, Avg: 11282463.4, Max: 11282463.4, Diff: 0.0]
      [Ext Root Scanning (ms): Min: 49.8, Avg: 49.9, Max: 50.1, Diff: 0.3, Sum: 99.9]
      [Update RS (ms): Min: 37.2, Avg: 37.6, Max: 37.9, Diff: 0.7, Sum: 75.1]
         [Processed Buffers: Min: 298, Avg: 338.5, Max: 379, Diff: 81, Sum: 677]
      [Scan RS (ms): Min: 9.8, Avg: 10.1, Max: 10.3, Diff: 0.5, Sum: 20.2]
      [Code Root Scanning (ms): Min: 0.0, Avg: 0.1, Max: 0.1, Diff: 0.1, Sum: 0.1]
      [Object Copy (ms): Min: 45.0, Avg: 45.0, Max: 45.1, Diff: 0.1, Sum: 90.1]
      [Termination (ms): Min: 0.0, Avg: 0.0, Max: 0.0, Diff: 0.0, Sum: 0.0]
      [GC Worker Other (ms): Min: 0.1, Avg: 0.1, Max: 0.2, Diff: 0.1, Sum: 0.2]
      [GC Worker Total (ms): Min: 142.8, Avg: 142.8, Max: 142.8, Diff: 0.0, Sum: 285.6]
      [GC Worker End (ms): Min: 11282606.2, Avg: 11282606.2, Max: 11282606.2, Diff: 0.0]
   [Code Root Fixup: 0.4 ms]
   [Code Root Migration: 0.0 ms]
   [Clear CT: 0.4 ms]
   [Other: 5.6 ms]
      [Choose CSet: 0.0 ms]
      [Ref Proc: 2.1 ms]
      [Ref Enq: 0.2 ms]
      [Free CSet: 0.5 ms]
   [Eden: 170.0M(170.0M)->0.0B(196.0M) Survivors: 34.0M->20.0M Heap: 1532.0M(4096.0M)->1379.0M(4096.0M)]
 [Times: user=0.29 sys=0.00, real=0.15 secs] 
2016-08-30T16:43:59.164+0200: 11289.298: [GC pause (young), 0.1445360 secs]
   [Parallel Time: 137.4 ms, GC Workers: 2]
      [GC Worker Start (ms): Min: 11289299.9, Avg: 11289299.9, Max: 11289299.9, Diff: 0.0]
      [Ext Root Scanning (ms): Min: 51.0, Avg: 52.3, Max: 53.6, Diff: 2.6, Sum: 104.6]
      [Update RS (ms): Min: 39.9, Avg: 40.4, Max: 41.0, Diff: 1.1, Sum: 80.9]
         [Processed Buffers: Min: 395, Avg: 427.0, Max: 459, Diff: 64, Sum: 854]
      [Scan RS (ms): Min: 6.5, Avg: 6.7, Max: 6.8, Diff: 0.3, Sum: 13.3]
      [Code Root Scanning (ms): Min: 0.0, Avg: 0.1, Max: 0.1, Diff: 0.0, Sum: 0.1]
      [Object Copy (ms): Min: 37.2, Avg: 37.8, Max: 38.4, Diff: 1.2, Sum: 75.5]
      [Termination (ms): Min: 0.0, Avg: 0.0, Max: 0.0, Diff: 0.0, Sum: 0.0]
      [GC Worker Other (ms): Min: 0.0, Avg: 0.1, Max: 0.1, Diff: 0.0, Sum: 0.1]
      [GC Worker Total (ms): Min: 137.3, Avg: 137.3, Max: 137.3, Diff: 0.0, Sum: 274.6]
      [GC Worker End (ms): Min: 11289437.2, Avg: 11289437.2, Max: 11289437.2, Diff: 0.0]
   [Code Root Fixup: 0.5 ms]
   [Code Root Migration: 0.0 ms]
   [Clear CT: 0.5 ms]
   [Other: 6.1 ms]
      [Choose CSet: 0.0 ms]
      [Ref Proc: 2.4 ms]
      [Ref Enq: 0.2 ms]
      [Free CSet: 0.5 ms]
   [Eden: 196.0M(196.0M)->0.0B(362.0M) Survivors: 20.0M->20.0M Heap: 1575.0M(4096.0M)->1397.0M(4096.0M)]
 [Times: user=0.28 sys=0.00, real=0.15 secs] 
2016-08-30T16:44:11.587+0200: 11301.721: [GC pause (young), 0.1828660 secs]
   [Parallel Time: 173.0 ms, GC Workers: 2]
      [GC Worker Start (ms): Min: 11301722.9, Avg: 11301722.9, Max: 11301722.9, Diff: 0.0]
      [Ext Root Scanning (ms): Min: 52.8, Avg: 52.9, Max: 53.0, Diff: 0.2, Sum: 105.7]
      [Update RS (ms): Min: 55.1, Avg: 55.1, Max: 55.2, Diff: 0.1, Sum: 110.3]
         [Processed Buffers: Min: 465, Avg: 479.0, Max: 493, Diff: 28, Sum: 958]
      [Scan RS (ms): Min: 9.1, Avg: 9.1, Max: 9.1, Diff: 0.0, Sum: 18.1]
      [Code Root Scanning (ms): Min: 0.1, Avg: 0.1, Max: 0.1, Diff: 0.0, Sum: 0.2]
      [Object Copy (ms): Min: 55.4, Avg: 55.6, Max: 55.8, Diff: 0.4, Sum: 111.2]
      [Termination (ms): Min: 0.0, Avg: 0.0, Max: 0.0, Diff: 0.0, Sum: 0.0]
      [GC Worker Other (ms): Min: 0.1, Avg: 0.1, Max: 0.2, Diff: 0.1, Sum: 0.2]
      [GC Worker Total (ms): Min: 172.9, Avg: 172.9, Max: 172.9, Diff: 0.0, Sum: 345.8]
      [GC Worker End (ms): Min: 11301895.8, Avg: 11301895.8, Max: 11301895.8, Diff: 0.0]
   [Code Root Fixup: 0.5 ms]
   [Code Root Migration: 0.1 ms]
   [Clear CT: 0.5 ms]
   [Other: 8.8 ms]
      [Choose CSet: 0.0 ms]
      [Ref Proc: 4.9 ms]
      [Ref Enq: 0.2 ms]
      [Free CSet: 0.7 ms]
   [Eden: 362.0M(362.0M)->0.0B(230.0M) Survivors: 20.0M->48.0M Heap: 1759.0M(4096.0M)->1429.0M(4096.0M)]
 [Times: user=0.35 sys=0.00, real=0.18 secs] 
2016-08-30T16:44:20.595+0200: 11310.730: [GC pause (young), 0.1456280 secs]
   [Parallel Time: 139.9 ms, GC Workers: 2]
      [GC Worker Start (ms): Min: 11310731.1, Avg: 11310731.1, Max: 11310731.1, Diff: 0.0]
      [Ext Root Scanning (ms): Min: 46.9, Avg: 50.1, Max: 53.4, Diff: 6.4, Sum: 100.3]
      [Update RS (ms): Min: 27.9, Avg: 31.8, Max: 35.7, Diff: 7.8, Sum: 63.6]
         [Processed Buffers: Min: 291, Avg: 418.5, Max: 546, Diff: 255, Sum: 837]
      [Scan RS (ms): Min: 10.1, Avg: 10.3, Max: 10.5, Diff: 0.4, Sum: 20.6]
      [Code Root Scanning (ms): Min: 0.1, Avg: 0.1, Max: 0.1, Diff: 0.0, Sum: 0.1]
      [Object Copy (ms): Min: 46.9, Avg: 47.4, Max: 47.8, Diff: 0.9, Sum: 94.7]
      [Termination (ms): Min: 0.0, Avg: 0.0, Max: 0.0, Diff: 0.0, Sum: 0.0]
      [GC Worker Other (ms): Min: 0.1, Avg: 0.2, Max: 0.2, Diff: 0.0, Sum: 0.3]
      [GC Worker Total (ms): Min: 139.8, Avg: 139.8, Max: 139.8, Diff: 0.0, Sum: 279.6]
      [GC Worker End (ms): Min: 11310870.9, Avg: 11310870.9, Max: 11310870.9, Diff: 0.0]
   [Code Root Fixup: 0.3 ms]
   [Code Root Migration: 0.0 ms]
   [Clear CT: 0.4 ms]
   [Other: 4.9 ms]
      [Choose CSet: 0.0 ms]
      [Ref Proc: 1.7 ms]
      [Ref Enq: 0.1 ms]
      [Free CSet: 0.4 ms]
   [Eden: 230.0M(230.0M)->0.0B(442.0M) Survivors: 48.0M->26.0M Heap: 1659.0M(4096.0M)->1448.0M(4096.0M)]
 [Times: user=0.29 sys=0.00, real=0.14 secs] 
2016-08-30T16:44:35.575+0200: 11325.710: [GC pause (young), 0.1597220 secs]
   [Parallel Time: 151.4 ms, GC Workers: 2]
      [GC Worker Start (ms): Min: 11325711.6, Avg: 11325711.6, Max: 11325711.6, Diff: 0.0]
      [Ext Root Scanning (ms): Min: 51.2, Avg: 51.4, Max: 51.6, Diff: 0.3, Sum: 102.8]
      [Update RS (ms): Min: 44.6, Avg: 44.7, Max: 44.8, Diff: 0.2, Sum: 89.4]
         [Processed Buffers: Min: 371, Avg: 440.5, Max: 510, Diff: 139, Sum: 881]
      [Scan RS (ms): Min: 7.3, Avg: 7.7, Max: 8.1, Diff: 0.8, Sum: 15.3]
      [Code Root Scanning (ms): Min: 0.1, Avg: 0.1, Max: 0.1, Diff: 0.1, Sum: 0.2]
      [Object Copy (ms): Min: 46.5, Avg: 47.2, Max: 47.9, Diff: 1.4, Sum: 94.4]
      [Termination (ms): Min: 0.0, Avg: 0.0, Max: 0.0, Diff: 0.0, Sum: 0.0]
      [GC Worker Other (ms): Min: 0.1, Avg: 0.2, Max: 0.2, Diff: 0.0, Sum: 0.3]
      [GC Worker Total (ms): Min: 151.3, Avg: 151.3, Max: 151.3, Diff: 0.0, Sum: 302.5]
      [GC Worker End (ms): Min: 11325862.8, Avg: 11325862.8, Max: 11325862.8, Diff: 0.0]
   [Code Root Fixup: 0.2 ms]
   [Code Root Migration: 0.1 ms]
   [Clear CT: 0.4 ms]
   [Other: 7.6 ms]
      [Choose CSet: 0.0 ms]
      [Ref Proc: 3.9 ms]
      [Ref Enq: 0.2 ms]
      [Free CSet: 0.7 ms]
   [Eden: 442.0M(442.0M)->0.0B(362.0M) Survivors: 26.0M->60.0M Heap: 1890.0M(4096.0M)->1485.0M(4096.0M)]
 [Times: user=0.31 sys=0.00, real=0.16 secs] 
2016-08-30T16:44:46.593+0200: 11336.728: [GC pause (young), 0.2045940 secs]
   [Parallel Time: 196.0 ms, GC Workers: 2]
      [GC Worker Start (ms): Min: 11336729.1, Avg: 11336729.1, Max: 11336729.1, Diff: 0.0]
      [Ext Root Scanning (ms): Min: 44.9, Avg: 53.7, Max: 62.5, Diff: 17.6, Sum: 107.4]
      [Update RS (ms): Min: 31.0, Avg: 38.1, Max: 45.1, Diff: 14.1, Sum: 76.1]
         [Processed Buffers: Min: 273, Avg: 431.5, Max: 590, Diff: 317, Sum: 863]
      [Scan RS (ms): Min: 14.2, Avg: 14.3, Max: 14.5, Diff: 0.4, Sum: 28.7]
      [Code Root Scanning (ms): Min: 0.0, Avg: 0.1, Max: 0.1, Diff: 0.1, Sum: 0.1]
      [Object Copy (ms): Min: 87.2, Avg: 88.7, Max: 90.2, Diff: 3.0, Sum: 177.4]
      [Termination (ms): Min: 0.0, Avg: 0.0, Max: 0.0, Diff: 0.0, Sum: 0.0]
      [GC Worker Other (ms): Min: 0.1, Avg: 0.1, Max: 0.1, Diff: 0.0, Sum: 0.2]
      [GC Worker Total (ms): Min: 195.0, Avg: 195.0, Max: 195.0, Diff: 0.0, Sum: 390.0]
      [GC Worker End (ms): Min: 11336924.1, Avg: 11336924.1, Max: 11336924.1, Diff: 0.0]
   [Code Root Fixup: 0.3 ms]
   [Code Root Migration: 0.0 ms]
   [Clear CT: 0.9 ms]
   [Other: 7.4 ms]
      [Choose CSet: 0.0 ms]
      [Ref Proc: 3.4 ms]
      [Ref Enq: 0.3 ms]
      [Free CSet: 0.6 ms]
   [Eden: 300.0M(212.0M)->0.0B(374.0M) Survivors: 60.0M->34.0M Heap: 1785.0M(4096.0M)->1504.0M(4096.0M)]
 [Times: user=0.25 sys=0.00, real=0.21 secs] 
2016-08-30T16:45:00.827+0200: 11350.961: [GC pause (young), 0.1884760 secs]
   [Parallel Time: 177.4 ms, GC Workers: 2]
      [GC Worker Start (ms): Min: 11350963.1, Avg: 11350963.7, Max: 11350964.3, Diff: 1.3]
      [Ext Root Scanning (ms): Min: 50.6, Avg: 50.8, Max: 51.1, Diff: 0.5, Sum: 101.7]
      [Update RS (ms): Min: 52.0, Avg: 52.0, Max: 52.1, Diff: 0.1, Sum: 104.1]
         [Processed Buffers: Min: 411, Avg: 415.0, Max: 419, Diff: 8, Sum: 830]
      [Scan RS (ms): Min: 9.8, Avg: 10.0, Max: 10.3, Diff: 0.5, Sum: 20.1]
      [Code Root Scanning (ms): Min: 0.1, Avg: 0.1, Max: 0.2, Diff: 0.1, Sum: 0.3]
      [Object Copy (ms): Min: 63.4, Avg: 63.4, Max: 63.5, Diff: 0.1, Sum: 126.8]
      [Termination (ms): Min: 0.0, Avg: 0.0, Max: 0.0, Diff: 0.0, Sum: 0.0]
      [GC Worker Other (ms): Min: 0.1, Avg: 0.2, Max: 0.2, Diff: 0.1, Sum: 0.4]
      [GC Worker Total (ms): Min: 176.0, Avg: 176.6, Max: 177.3, Diff: 1.3, Sum: 353.3]
      [GC Worker End (ms): Min: 11351140.4, Avg: 11351140.4, Max: 11351140.4, Diff: 0.0]
   [Code Root Fixup: 0.5 ms]
   [Code Root Migration: 0.1 ms]
   [Clear CT: 0.8 ms]
   [Other: 9.7 ms]
      [Choose CSet: 0.0 ms]
      [Ref Proc: 4.8 ms]
      [Ref Enq: 0.4 ms]
      [Free CSet: 1.2 ms]
   [Eden: 374.0M(374.0M)->0.0B(342.0M) Survivors: 34.0M->36.0M Heap: 1878.0M(4096.0M)->1538.0M(4096.0M)]
 [Times: user=0.36 sys=0.01, real=0.19 secs] 
2016-08-30T16:45:13.417+0200: 11363.551: [GC pause (young), 0.2089710 secs]
   [Parallel Time: 198.4 ms, GC Workers: 2]
      [GC Worker Start (ms): Min: 11363553.4, Avg: 11363553.4, Max: 11363553.4, Diff: 0.0]
      [Ext Root Scanning (ms): Min: 54.0, Avg: 54.1, Max: 54.2, Diff: 0.2, Sum: 108.2]
      [Update RS (ms): Min: 61.5, Avg: 61.8, Max: 62.0, Diff: 0.4, Sum: 123.5]
         [Processed Buffers: Min: 448, Avg: 477.0, Max: 506, Diff: 58, Sum: 954]
      [Scan RS (ms): Min: 11.6, Avg: 11.9, Max: 12.2, Diff: 0.7, Sum: 23.8]
      [Code Root Scanning (ms): Min: 0.1, Avg: 0.1, Max: 0.1, Diff: 0.0, Sum: 0.2]
      [Object Copy (ms): Min: 69.6, Avg: 70.1, Max: 70.6, Diff: 1.0, Sum: 140.2]
      [Termination (ms): Min: 0.0, Avg: 0.0, Max: 0.0, Diff: 0.0, Sum: 0.0]
      [GC Worker Other (ms): Min: 0.2, Avg: 0.2, Max: 0.3, Diff: 0.2, Sum: 0.5]
      [GC Worker Total (ms): Min: 198.1, Avg: 198.2, Max: 198.3, Diff: 0.1, Sum: 396.4]
      [GC Worker End (ms): Min: 11363751.5, Avg: 11363751.6, Max: 11363751.7, Diff: 0.1]
   [Code Root Fixup: 0.5 ms]
   [Code Root Migration: 0.1 ms]
   [Clear CT: 0.6 ms]
   [Other: 9.3 ms]
      [Choose CSet: 0.0 ms]
      [Ref Proc: 4.2 ms]
      [Ref Enq: 0.3 ms]
      [Free CSet: 1.0 ms]
   [Eden: 342.0M(342.0M)->0.0B(240.0M) Survivors: 36.0M->40.0M Heap: 1880.0M(4096.0M)->1568.0M(4096.0M)]
 [Times: user=0.39 sys=0.00, real=0.21 secs] 
2016-08-30T16:45:22.574+0200: 11372.708: [GC pause (young), 0.1651770 secs]
   [Parallel Time: 157.3 ms, GC Workers: 2]
      [GC Worker Start (ms): Min: 11372710.0, Avg: 11372710.0, Max: 11372710.1, Diff: 0.1]
      [Ext Root Scanning (ms): Min: 50.0, Avg: 50.3, Max: 50.7, Diff: 0.7, Sum: 100.6]
      [Update RS (ms): Min: 44.7, Avg: 45.4, Max: 46.1, Diff: 1.4, Sum: 90.8]
         [Processed Buffers: Min: 396, Avg: 421.0, Max: 446, Diff: 50, Sum: 842]
      [Scan RS (ms): Min: 10.1, Avg: 10.6, Max: 11.1, Diff: 1.0, Sum: 21.2]
      [Code Root Scanning (ms): Min: 0.0, Avg: 0.1, Max: 0.2, Diff: 0.1, Sum: 0.2]
      [Object Copy (ms): Min: 50.4, Avg: 50.6, Max: 50.8, Diff: 0.4, Sum: 101.2]
      [Termination (ms): Min: 0.0, Avg: 0.0, Max: 0.0, Diff: 0.0, Sum: 0.0]
      [GC Worker Other (ms): Min: 0.2, Avg: 0.2, Max: 0.2, Diff: 0.1, Sum: 0.4]
      [GC Worker Total (ms): Min: 157.2, Avg: 157.2, Max: 157.2, Diff: 0.1, Sum: 314.4]
      [GC Worker End (ms): Min: 11372867.2, Avg: 11372867.2, Max: 11372867.2, Diff: 0.0]
   [Code Root Fixup: 0.4 ms]
   [Code Root Migration: 0.0 ms]
   [Clear CT: 0.5 ms]
   [Other: 6.8 ms]
      [Choose CSet: 0.0 ms]
      [Ref Proc: 2.9 ms]
      [Ref Enq: 0.2 ms]
      [Free CSet: 0.6 ms]
   [Eden: 240.0M(240.0M)->0.0B(432.0M) Survivors: 40.0M->22.0M Heap: 1808.0M(4096.0M)->1579.0M(4096.0M)]
 [Times: user=0.32 sys=0.00, real=0.16 secs] 
2016-08-30T16:45:40.020+0200: 11390.155: [GC pause (young), 0.2035940 secs]
   [Parallel Time: 191.2 ms, GC Workers: 2]
      [GC Worker Start (ms): Min: 11390156.5, Avg: 11390156.5, Max: 11390156.5, Diff: 0.0]
      [Ext Root Scanning (ms): Min: 56.4, Avg: 63.1, Max: 69.8, Diff: 13.4, Sum: 126.1]
      [Update RS (ms): Min: 50.7, Avg: 57.1, Max: 63.5, Diff: 12.8, Sum: 114.2]
         [Processed Buffers: Min: 413, Avg: 443.0, Max: 473, Diff: 60, Sum: 886]
      [Scan RS (ms): Min: 9.9, Avg: 10.2, Max: 10.6, Diff: 0.7, Sum: 20.5]
      [Code Root Scanning (ms): Min: 0.1, Avg: 0.1, Max: 0.2, Diff: 0.1, Sum: 0.3]
      [Object Copy (ms): Min: 60.3, Avg: 60.3, Max: 60.4, Diff: 0.1, Sum: 120.7]
      [Termination (ms): Min: 0.0, Avg: 0.0, Max: 0.0, Diff: 0.0, Sum: 0.0]
      [GC Worker Other (ms): Min: 0.2, Avg: 0.2, Max: 0.2, Diff: 0.0, Sum: 0.4]
      [GC Worker Total (ms): Min: 191.1, Avg: 191.1, Max: 191.1, Diff: 0.0, Sum: 382.1]
      [GC Worker End (ms): Min: 11390347.5, Avg: 11390347.5, Max: 11390347.5, Diff: 0.0]
   [Code Root Fixup: 0.5 ms]
   [Code Root Migration: 0.1 ms]
   [Clear CT: 0.6 ms]
   [Other: 11.3 ms]
      [Choose CSet: 0.0 ms]
      [Ref Proc: 6.6 ms]
      [Ref Enq: 0.4 ms]
      [Free CSet: 1.1 ms]
   [Eden: 432.0M(432.0M)->0.0B(198.0M) Survivors: 22.0M->58.0M Heap: 2011.0M(4096.0M)->1615.0M(4096.0M)]
 [Times: user=0.37 sys=0.00, real=0.21 secs] 
2016-08-30T16:45:45.260+0200: 11395.394: [GC pause (young), 0.1676600 secs]
   [Parallel Time: 162.2 ms, GC Workers: 2]
      [GC Worker Start (ms): Min: 11395396.0, Avg: 11395396.1, Max: 11395396.1, Diff: 0.0]
      [Ext Root Scanning (ms): Min: 57.1, Avg: 64.8, Max: 72.6, Diff: 15.5, Sum: 129.6]
      [Update RS (ms): Min: 31.3, Avg: 38.9, Max: 46.6, Diff: 15.3, Sum: 77.8]
         [Processed Buffers: Min: 385, Avg: 386.0, Max: 387, Diff: 2, Sum: 772]
      [Scan RS (ms): Min: 13.1, Avg: 13.5, Max: 13.9, Diff: 0.8, Sum: 27.0]
      [Code Root Scanning (ms): Min: 0.1, Avg: 0.1, Max: 0.1, Diff: 0.0, Sum: 0.2]
      [Object Copy (ms): Min: 44.2, Avg: 44.7, Max: 45.1, Diff: 1.0, Sum: 89.3]
      [Termination (ms): Min: 0.0, Avg: 0.0, Max: 0.0, Diff: 0.0, Sum: 0.0]
      [GC Worker Other (ms): Min: 0.1, Avg: 0.2, Max: 0.2, Diff: 0.0, Sum: 0.3]
      [GC Worker Total (ms): Min: 162.1, Avg: 162.1, Max: 162.2, Diff: 0.0, Sum: 324.3]
      [GC Worker End (ms): Min: 11395558.2, Avg: 11395558.2, Max: 11395558.2, Diff: 0.0]
   [Code Root Fixup: 0.2 ms]
   [Code Root Migration: 0.0 ms]
   [Clear CT: 0.4 ms]
   [Other: 4.8 ms]
      [Choose CSet: 0.0 ms]
      [Ref Proc: 1.3 ms]
      [Ref Enq: 0.1 ms]
      [Free CSet: 0.5 ms]
   [Eden: 198.0M(198.0M)->0.0B(390.0M) Survivors: 58.0M->28.0M Heap: 1813.0M(4096.0M)->1627.0M(4096.0M)]
 [Times: user=0.29 sys=0.00, real=0.17 secs] 
2016-08-30T16:46:01.463+0200: 11411.597: [GC pause (young), 0.1883510 secs]
   [Parallel Time: 179.6 ms, GC Workers: 2]
      [GC Worker Start (ms): Min: 11411599.1, Avg: 11411599.1, Max: 11411599.1, Diff: 0.0]
      [Ext Root Scanning (ms): Min: 53.0, Avg: 60.3, Max: 67.7, Diff: 14.6, Sum: 120.7]
      [Update RS (ms): Min: 50.5, Avg: 57.4, Max: 64.3, Diff: 13.8, Sum: 114.9]
         [Processed Buffers: Min: 401, Avg: 445.5, Max: 490, Diff: 89, Sum: 891]
      [Scan RS (ms): Min: 9.6, Avg: 9.6, Max: 9.6, Diff: 0.0, Sum: 19.2]
      [Code Root Scanning (ms): Min: 0.1, Avg: 0.2, Max: 0.2, Diff: 0.1, Sum: 0.3]
      [Object Copy (ms): Min: 51.3, Avg: 51.9, Max: 52.4, Diff: 1.0, Sum: 103.7]
      [Termination (ms): Min: 0.0, Avg: 0.0, Max: 0.0, Diff: 0.0, Sum: 0.0]
      [GC Worker Other (ms): Min: 0.1, Avg: 0.1, Max: 0.2, Diff: 0.1, Sum: 0.3]
      [GC Worker Total (ms): Min: 179.5, Avg: 179.5, Max: 179.5, Diff: 0.0, Sum: 359.0]
      [GC Worker End (ms): Min: 11411778.6, Avg: 11411778.6, Max: 11411778.6, Diff: 0.0]
   [Code Root Fixup: 0.3 ms]
   [Code Root Migration: 0.1 ms]
   [Clear CT: 0.5 ms]
   [Other: 7.9 ms]
      [Choose CSet: 0.0 ms]
      [Ref Proc: 3.6 ms]
      [Ref Enq: 0.2 ms]
      [Free CSet: 0.8 ms]
   [Eden: 390.0M(390.0M)->0.0B(238.0M) Survivors: 28.0M->52.0M Heap: 2017.0M(4096.0M)->1652.0M(4096.0M)]
 [Times: user=0.34 sys=0.00, real=0.19 secs] 
2016-08-30T16:46:09.771+0200: 11419.906: [GC pause (young), 0.1674050 secs]
   [Parallel Time: 161.4 ms, GC Workers: 2]
      [GC Worker Start (ms): Min: 11419907.1, Avg: 11419907.1, Max: 11419907.1, Diff: 0.0]
      [Ext Root Scanning (ms): Min: 51.1, Avg: 52.5, Max: 53.8, Diff: 2.8, Sum: 104.9]
      [Update RS (ms): Min: 42.1, Avg: 43.7, Max: 45.4, Diff: 3.3, Sum: 87.5]
         [Processed Buffers: Min: 314, Avg: 392.0, Max: 470, Diff: 156, Sum: 784]
      [Scan RS (ms): Min: 14.0, Avg: 14.1, Max: 14.2, Diff: 0.1, Sum: 28.2]
      [Code Root Scanning (ms): Min: 0.1, Avg: 0.1, Max: 0.1, Diff: 0.1, Sum: 0.2]
      [Object Copy (ms): Min: 50.7, Avg: 50.8, Max: 51.0, Diff: 0.3, Sum: 101.7]
      [Termination (ms): Min: 0.0, Avg: 0.0, Max: 0.0, Diff: 0.0, Sum: 0.0]
      [GC Worker Other (ms): Min: 0.1, Avg: 0.2, Max: 0.2, Diff: 0.1, Sum: 0.3]
      [GC Worker Total (ms): Min: 161.4, Avg: 161.4, Max: 161.4, Diff: 0.0, Sum: 322.8]
      [GC Worker End (ms): Min: 11420068.5, Avg: 11420068.5, Max: 11420068.5, Diff: 0.0]
   [Code Root Fixup: 0.3 ms]
   [Code Root Migration: 0.0 ms]
   [Clear CT: 0.5 ms]
   [Other: 5.2 ms]
      [Choose CSet: 0.0 ms]
      [Ref Proc: 1.8 ms]
      [Ref Enq: 0.1 ms]
      [Free CSet: 0.5 ms]
   [Eden: 238.0M(238.0M)->0.0B(556.0M) Survivors: 52.0M->24.0M Heap: 1890.0M(4096.0M)->1665.0M(4096.0M)]
 [Times: user=0.33 sys=0.01, real=0.17 secs] 
2016-08-30T16:46:26.919+0200: 11437.054: [GC pause (young), 0.2064880 secs]
   [Parallel Time: 193.6 ms, GC Workers: 2]
      [GC Worker Start (ms): Min: 11437055.7, Avg: 11437056.0, Max: 11437056.2, Diff: 0.5]
      [Ext Root Scanning (ms): Min: 50.1, Avg: 51.1, Max: 52.0, Diff: 1.9, Sum: 102.1]
      [Update RS (ms): Min: 64.2, Avg: 65.2, Max: 66.3, Diff: 2.1, Sum: 130.4]
         [Processed Buffers: Min: 444, Avg: 468.0, Max: 492, Diff: 48, Sum: 936]
      [Scan RS (ms): Min: 10.7, Avg: 11.1, Max: 11.4, Diff: 0.7, Sum: 22.2]
      [Code Root Scanning (ms): Min: 0.1, Avg: 0.2, Max: 0.2, Diff: 0.1, Sum: 0.3]
      [Object Copy (ms): Min: 64.9, Avg: 65.6, Max: 66.3, Diff: 1.3, Sum: 131.2]
      [Termination (ms): Min: 0.0, Avg: 0.0, Max: 0.0, Diff: 0.0, Sum: 0.0]
      [GC Worker Other (ms): Min: 0.1, Avg: 0.2, Max: 0.2, Diff: 0.1, Sum: 0.3]
      [GC Worker Total (ms): Min: 193.0, Avg: 193.3, Max: 193.5, Diff: 0.5, Sum: 386.6]
      [GC Worker End (ms): Min: 11437249.3, Avg: 11437249.3, Max: 11437249.3, Diff: 0.0]
   [Code Root Fixup: 0.4 ms]
   [Code Root Migration: 0.1 ms]
   [Clear CT: 0.7 ms]
   [Other: 11.7 ms]
      [Choose CSet: 0.0 ms]
      [Ref Proc: 6.4 ms]
      [Ref Enq: 0.6 ms]
      [Free CSet: 1.3 ms]
   [Eden: 466.0M(390.0M)->0.0B(236.0M) Survivors: 24.0M->52.0M Heap: 2131.0M(4096.0M)->1702.0M(4096.0M)]
 [Times: user=0.40 sys=0.00, real=0.21 secs] 
2016-08-30T16:46:32.286+0200: 11442.421: [GC pause (young), 0.1695060 secs]
   [Parallel Time: 162.6 ms, GC Workers: 2]
      [GC Worker Start (ms): Min: 11442422.3, Avg: 11442422.3, Max: 11442422.3, Diff: 0.1]
      [Ext Root Scanning (ms): Min: 50.9, Avg: 51.4, Max: 52.0, Diff: 1.1, Sum: 102.8]
      [Update RS (ms): Min: 33.5, Avg: 33.9, Max: 34.2, Diff: 0.8, Sum: 67.7]
         [Processed Buffers: Min: 309, Avg: 362.0, Max: 415, Diff: 106, Sum: 724]
      [Scan RS (ms): Min: 15.6, Avg: 15.9, Max: 16.3, Diff: 0.7, Sum: 31.9]
      [Code Root Scanning (ms): Min: 0.0, Avg: 0.1, Max: 0.1, Diff: 0.1, Sum: 0.1]
      [Object Copy (ms): Min: 60.6, Avg: 61.2, Max: 61.7, Diff: 1.1, Sum: 122.3]
      [Termination (ms): Min: 0.0, Avg: 0.0, Max: 0.0, Diff: 0.0, Sum: 0.0]
      [GC Worker Other (ms): Min: 0.1, Avg: 0.1, Max: 0.1, Diff: 0.1, Sum: 0.2]
      [GC Worker Total (ms): Min: 162.5, Avg: 162.5, Max: 162.6, Diff: 0.1, Sum: 325.1]
      [GC Worker End (ms): Min: 11442584.8, Avg: 11442584.8, Max: 11442584.8, Diff: 0.0]
   [Code Root Fixup: 0.5 ms]
   [Code Root Migration: 0.0 ms]
   [Clear CT: 0.6 ms]
   [Other: 5.8 ms]
      [Choose CSet: 0.0 ms]
      [Ref Proc: 1.9 ms]
      [Ref Enq: 0.2 ms]
      [Free CSet: 0.6 ms]
   [Eden: 152.0M(152.0M)->0.0B(604.0M) Survivors: 52.0M->14.0M Heap: 1854.0M(4096.0M)->1715.0M(4096.0M)]
 [Times: user=0.33 sys=0.00, real=0.17 secs] 
2016-08-30T16:46:53.824+0200: 11463.958: [GC pause (young), 0.2091870 secs]
   [Parallel Time: 197.6 ms, GC Workers: 2]
      [GC Worker Start (ms): Min: 11463960.1, Avg: 11463960.2, Max: 11463960.2, Diff: 0.2]
      [Ext Root Scanning (ms): Min: 48.4, Avg: 48.5, Max: 48.7, Diff: 0.2, Sum: 97.1]
      [Update RS (ms): Min: 74.9, Avg: 75.2, Max: 75.4, Diff: 0.5, Sum: 150.3]
         [Processed Buffers: Min: 447, Avg: 482.5, Max: 518, Diff: 71, Sum: 965]
      [Scan RS (ms): Min: 10.1, Avg: 10.1, Max: 10.2, Diff: 0.1, Sum: 20.2]
      [Code Root Scanning (ms): Min: 0.2, Avg: 0.2, Max: 0.2, Diff: 0.1, Sum: 0.4]
      [Object Copy (ms): Min: 63.2, Avg: 63.3, Max: 63.4, Diff: 0.2, Sum: 126.5]
      [Termination (ms): Min: 0.0, Avg: 0.0, Max: 0.0, Diff: 0.0, Sum: 0.0]
      [GC Worker Other (ms): Min: 0.2, Avg: 0.2, Max: 0.2, Diff: 0.0, Sum: 0.3]
      [GC Worker Total (ms): Min: 197.4, Avg: 197.5, Max: 197.6, Diff: 0.2, Sum: 394.9]
      [GC Worker End (ms): Min: 11464157.6, Avg: 11464157.6, Max: 11464157.6, Diff: 0.0]
   [Code Root Fixup: 0.3 ms]
   [Code Root Migration: 0.1 ms]
   [Clear CT: 0.5 ms]
   [Other: 10.7 ms]
      [Choose CSet: 0.0 ms]
      [Ref Proc: 6.2 ms]
      [Ref Enq: 0.3 ms]
      [Free CSet: 1.2 ms]
   [Eden: 596.0M(480.0M)->0.0B(162.0M) Survivors: 14.0M->62.0M Heap: 2311.0M(4096.0M)->1765.0M(4096.0M)]
 [Times: user=0.40 sys=0.01, real=0.21 secs] 
2016-08-30T16:46:59.119+0200: 11469.254: [GC pause (young), 0.1646960 secs]
   [Parallel Time: 159.4 ms, GC Workers: 2]
      [GC Worker Start (ms): Min: 11469255.0, Avg: 11469257.0, Max: 11469259.1, Diff: 4.0]
      [Ext Root Scanning (ms): Min: 49.4, Avg: 51.1, Max: 52.8, Diff: 3.4, Sum: 102.1]
      [Update RS (ms): Min: 32.2, Avg: 32.4, Max: 32.6, Diff: 0.5, Sum: 64.8]
         [Processed Buffers: Min: 291, Avg: 294.5, Max: 298, Diff: 7, Sum: 589]
      [Scan RS (ms): Min: 16.1, Avg: 16.4, Max: 16.6, Diff: 0.6, Sum: 32.7]
      [Code Root Scanning (ms): Min: 0.0, Avg: 0.1, Max: 0.1, Diff: 0.1, Sum: 0.1]
      [Object Copy (ms): Min: 57.1, Avg: 57.3, Max: 57.5, Diff: 0.5, Sum: 114.6]
      [Termination (ms): Min: 0.0, Avg: 0.0, Max: 0.0, Diff: 0.0, Sum: 0.0]
      [GC Worker Other (ms): Min: 0.1, Avg: 0.1, Max: 0.1, Diff: 0.0, Sum: 0.1]
      [GC Worker Total (ms): Min: 155.3, Avg: 157.3, Max: 159.3, Diff: 4.0, Sum: 314.6]
      [GC Worker End (ms): Min: 11469414.3, Avg: 11469414.3, Max: 11469414.3, Diff: 0.0]
   [Code Root Fixup: 0.3 ms]
   [Code Root Migration: 0.0 ms]
   [Clear CT: 0.5 ms]
   [Other: 4.6 ms]
      [Choose CSet: 0.1 ms]
      [Ref Proc: 1.2 ms]
      [Ref Enq: 0.1 ms]
      [Free CSet: 0.5 ms]
   [Eden: 142.0M(142.0M)->0.0B(632.0M) Survivors: 62.0M->14.0M Heap: 1907.0M(4096.0M)->1772.0M(4096.0M)]
 [Times: user=0.32 sys=0.00, real=0.16 secs] 
2016-08-30T16:47:20.374+0200: 11490.509: [GC pause (young), 0.2076770 secs]
   [Parallel Time: 196.9 ms, GC Workers: 2]
      [GC Worker Start (ms): Min: 11490510.8, Avg: 11490510.8, Max: 11490510.9, Diff: 0.0]
      [Ext Root Scanning (ms): Min: 52.0, Avg: 52.8, Max: 53.5, Diff: 1.5, Sum: 105.5]
      [Update RS (ms): Min: 84.4, Avg: 84.7, Max: 85.1, Diff: 0.7, Sum: 169.5]
         [Processed Buffers: Min: 519, Avg: 540.5, Max: 562, Diff: 43, Sum: 1081]
      [Scan RS (ms): Min: 6.3, Avg: 6.4, Max: 6.4, Diff: 0.0, Sum: 12.7]
      [Code Root Scanning (ms): Min: 0.1, Avg: 0.1, Max: 0.1, Diff: 0.1, Sum: 0.2]
      [Object Copy (ms): Min: 52.0, Avg: 52.5, Max: 53.0, Diff: 1.0, Sum: 105.1]
      [Termination (ms): Min: 0.0, Avg: 0.0, Max: 0.0, Diff: 0.0, Sum: 0.0]
      [GC Worker Other (ms): Min: 0.2, Avg: 0.3, Max: 0.3, Diff: 0.1, Sum: 0.6]
      [GC Worker Total (ms): Min: 196.7, Avg: 196.8, Max: 196.8, Diff: 0.0, Sum: 393.5]
      [GC Worker End (ms): Min: 11490707.6, Avg: 11490707.6, Max: 11490707.6, Diff: 0.0]
   [Code Root Fixup: 0.3 ms]
   [Code Root Migration: 0.1 ms]
   [Clear CT: 0.5 ms]
   [Other: 9.9 ms]
      [Choose CSet: 0.0 ms]
      [Ref Proc: 5.4 ms]
      [Ref Enq: 0.4 ms]
      [Free CSet: 1.0 ms]
   [Eden: 632.0M(632.0M)->0.0B(176.0M) Survivors: 14.0M->70.0M Heap: 2404.0M(4096.0M)->1829.0M(4096.0M)]
 [Times: user=0.39 sys=0.00, real=0.21 secs] 
2016-08-30T16:47:24.586+0200: 11494.720: [GC pause (young), 0.1830170 secs]
   [Parallel Time: 178.6 ms, GC Workers: 2]
      [GC Worker Start (ms): Min: 11494721.7, Avg: 11494723.5, Max: 11494725.2, Diff: 3.5]
      [Ext Root Scanning (ms): Min: 53.6, Avg: 66.5, Max: 79.5, Diff: 25.9, Sum: 133.1]
      [Update RS (ms): Min: 25.8, Avg: 32.7, Max: 39.6, Diff: 13.8, Sum: 65.4]
         [Processed Buffers: Min: 225, Avg: 291.5, Max: 358, Diff: 133, Sum: 583]
      [Scan RS (ms): Min: 15.5, Avg: 15.6, Max: 15.8, Diff: 0.3, Sum: 31.2]
      [Code Root Scanning (ms): Min: 0.0, Avg: 0.1, Max: 0.1, Diff: 0.1, Sum: 0.1]
      [Object Copy (ms): Min: 57.7, Avg: 61.8, Max: 66.0, Diff: 8.3, Sum: 123.6]
      [Termination (ms): Min: 0.0, Avg: 0.0, Max: 0.0, Diff: 0.0, Sum: 0.0]
      [GC Worker Other (ms): Min: 0.0, Avg: 0.0, Max: 0.0, Diff: 0.0, Sum: 0.1]
      [GC Worker Total (ms): Min: 175.0, Avg: 176.8, Max: 178.5, Diff: 3.5, Sum: 353.6]
      [GC Worker End (ms): Min: 11494900.3, Avg: 11494900.3, Max: 11494900.3, Diff: 0.0]
   [Code Root Fixup: 0.3 ms]
   [Code Root Migration: 0.0 ms]
   [Clear CT: 0.4 ms]
   [Other: 3.8 ms]
      [Choose CSet: 0.0 ms]
      [Ref Proc: 0.9 ms]
      [Ref Enq: 0.1 ms]
      [Free CSet: 0.4 ms]
   [Eden: 134.0M(134.0M)->0.0B(546.0M) Survivors: 70.0M->14.0M Heap: 1963.0M(4096.0M)->1829.0M(4096.0M)]
 [Times: user=0.27 sys=0.01, real=0.18 secs] 
2016-08-30T16:47:44.333+0200: 11514.467: [GC pause (young), 0.2079590 secs]
   [Parallel Time: 197.2 ms, GC Workers: 2]
      [GC Worker Start (ms): Min: 11514469.1, Avg: 11514469.1, Max: 11514469.1, Diff: 0.0]
      [Ext Root Scanning (ms): Min: 52.0, Avg: 52.2, Max: 52.4, Diff: 0.4, Sum: 104.5]
      [Update RS (ms): Min: 73.8, Avg: 74.3, Max: 74.9, Diff: 1.2, Sum: 148.7]
         [Processed Buffers: Min: 500, Avg: 517.0, Max: 534, Diff: 34, Sum: 1034]
      [Scan RS (ms): Min: 8.5, Avg: 9.2, Max: 9.8, Diff: 1.3, Sum: 18.3]
      [Code Root Scanning (ms): Min: 0.1, Avg: 0.2, Max: 0.2, Diff: 0.1, Sum: 0.4]
      [Object Copy (ms): Min: 60.9, Avg: 61.1, Max: 61.2, Diff: 0.3, Sum: 122.1]
      [Termination (ms): Min: 0.0, Avg: 0.0, Max: 0.0, Diff: 0.0, Sum: 0.0]
      [GC Worker Other (ms): Min: 0.1, Avg: 0.1, Max: 0.1, Diff: 0.0, Sum: 0.3]
      [GC Worker Total (ms): Min: 197.1, Avg: 197.1, Max: 197.1, Diff: 0.0, Sum: 394.2]
      [GC Worker End (ms): Min: 11514666.2, Avg: 11514666.2, Max: 11514666.2, Diff: 0.0]
   [Code Root Fixup: 0.4 ms]
   [Code Root Migration: 0.1 ms]
   [Clear CT: 0.9 ms]
   [Other: 9.5 ms]
      [Choose CSet: 0.0 ms]
      [Ref Proc: 5.1 ms]
      [Ref Enq: 0.3 ms]
      [Free CSet: 1.0 ms]
   [Eden: 546.0M(546.0M)->0.0B(140.0M) Survivors: 14.0M->64.0M Heap: 2375.0M(4096.0M)->1878.0M(4096.0M)]
 [Times: user=0.40 sys=0.00, real=0.20 secs] 
2016-08-30T16:47:48.492+0200: 11518.627: [GC pause (young), 0.2570790 secs]
   [Parallel Time: 253.5 ms, GC Workers: 2]
      [GC Worker Start (ms): Min: 11518627.3, Avg: 11518628.8, Max: 11518630.2, Diff: 2.9]
      [Ext Root Scanning (ms): Min: 96.2, Avg: 101.1, Max: 106.1, Diff: 9.9, Sum: 202.2]
      [Update RS (ms): Min: 74.5, Avg: 79.7, Max: 84.9, Diff: 10.4, Sum: 159.4]
         [Processed Buffers: Min: 220, Avg: 293.0, Max: 366, Diff: 146, Sum: 586]
      [Scan RS (ms): Min: 9.1, Avg: 9.3, Max: 9.4, Diff: 0.2, Sum: 18.5]
      [Code Root Scanning (ms): Min: 0.0, Avg: 0.0, Max: 0.0, Diff: 0.0, Sum: 0.1]
      [Object Copy (ms): Min: 51.9, Avg: 56.0, Max: 60.1, Diff: 8.2, Sum: 112.0]
      [Termination (ms): Min: 0.0, Avg: 5.9, Max: 11.8, Diff: 11.8, Sum: 11.8]
      [GC Worker Other (ms): Min: 0.0, Avg: 0.0, Max: 0.0, Diff: 0.0, Sum: 0.1]
      [GC Worker Total (ms): Min: 250.6, Avg: 252.1, Max: 253.5, Diff: 2.9, Sum: 504.1]
      [GC Worker End (ms): Min: 11518880.8, Avg: 11518880.8, Max: 11518880.8, Diff: 0.0]
   [Code Root Fixup: 0.2 ms]
   [Code Root Migration: 0.0 ms]
   [Clear CT: 0.3 ms]
   [Other: 3.0 ms]
      [Choose CSet: 0.0 ms]
      [Ref Proc: 0.9 ms]
      [Ref Enq: 0.1 ms]
      [Free CSet: 0.3 ms]
   [Eden: 140.0M(140.0M)->0.0B(192.0M) Survivors: 64.0M->12.0M Heap: 2018.0M(4096.0M)->1884.0M(4096.0M)]
 [Times: user=0.16 sys=0.00, real=0.26 secs] 
2016-08-30T16:47:54.203+0200: 11524.338: [GC pause (young) (initial-mark), 0.1621940 secs]
   [Parallel Time: 153.8 ms, GC Workers: 2]
      [GC Worker Start (ms): Min: 11524339.8, Avg: 11524339.8, Max: 11524339.8, Diff: 0.0]
      [Ext Root Scanning (ms): Min: 49.8, Avg: 51.7, Max: 53.7, Diff: 4.0, Sum: 103.5]
      [Code Root Marking (ms): Min: 11.9, Avg: 13.1, Max: 14.3, Diff: 2.4, Sum: 26.2]
      [Update RS (ms): Min: 38.6, Avg: 39.4, Max: 40.2, Diff: 1.6, Sum: 78.9]
         [Processed Buffers: Min: 402, Avg: 429.0, Max: 456, Diff: 54, Sum: 858]
      [Scan RS (ms): Min: 5.2, Avg: 5.8, Max: 6.3, Diff: 1.1, Sum: 11.5]
      [Code Root Scanning (ms): Min: 0.0, Avg: 0.1, Max: 0.1, Diff: 0.1, Sum: 0.1]
      [Object Copy (ms): Min: 42.4, Avg: 43.4, Max: 44.5, Diff: 2.1, Sum: 86.9]
      [Termination (ms): Min: 0.0, Avg: 0.0, Max: 0.0, Diff: 0.0, Sum: 0.0]
      [GC Worker Other (ms): Min: 0.1, Avg: 0.1, Max: 0.2, Diff: 0.1, Sum: 0.2]
      [GC Worker Total (ms): Min: 153.7, Avg: 153.7, Max: 153.7, Diff: 0.0, Sum: 307.3]
      [GC Worker End (ms): Min: 11524493.5, Avg: 11524493.5, Max: 11524493.5, Diff: 0.0]
   [Code Root Fixup: 0.5 ms]
   [Code Root Migration: 0.0 ms]
   [Clear CT: 0.5 ms]
   [Other: 7.4 ms]
      [Choose CSet: 0.0 ms]
      [Ref Proc: 2.5 ms]
      [Ref Enq: 0.2 ms]
      [Free CSet: 0.5 ms]
   [Eden: 192.0M(192.0M)->0.0B(178.0M) Survivors: 12.0M->26.0M Heap: 2076.0M(4096.0M)->1901.0M(4096.0M)]
 [Times: user=0.31 sys=0.01, real=0.17 secs] 
2016-08-30T16:47:54.366+0200: 11524.501: [GC concurrent-root-region-scan-start]
2016-08-30T16:47:54.391+0200: 11524.525: [GC concurrent-root-region-scan-end, 0.0248330 secs]
2016-08-30T16:47:54.391+0200: 11524.525: [GC concurrent-mark-start]
2016-08-30T16:47:56.244+0200: 11526.379: [GC concurrent-mark-end, 1.8535140 secs]
2016-08-30T16:47:56.247+0200: 11526.381: [GC remark 2016-08-30T16:47:56.249+0200: 11526.384: [GC ref-proc, 0.0706310 secs], 0.0896290 secs]
 [Times: user=0.11 sys=0.00, real=0.09 secs] 
2016-08-30T16:47:56.340+0200: 11526.474: [GC cleanup 1967M->1911M(4096M), 0.0309170 secs]
 [Times: user=0.06 sys=0.00, real=0.03 secs] 
2016-08-30T16:47:56.372+0200: 11526.507: [GC concurrent-cleanup-start]
2016-08-30T16:47:56.372+0200: 11526.507: [GC concurrent-cleanup-end, 0.0001160 secs]
2016-08-30T16:48:00.089+0200: 11530.223: [GC pause (young), 0.1517300 secs]
   [Parallel Time: 144.2 ms, GC Workers: 2]
      [GC Worker Start (ms): Min: 11530224.6, Avg: 11530224.6, Max: 11530224.6, Diff: 0.0]
      [Ext Root Scanning (ms): Min: 50.0, Avg: 50.7, Max: 51.5, Diff: 1.5, Sum: 101.4]
      [Update RS (ms): Min: 38.8, Avg: 39.0, Max: 39.3, Diff: 0.5, Sum: 78.0]
         [Processed Buffers: Min: 380, Avg: 389.0, Max: 398, Diff: 18, Sum: 778]
      [Scan RS (ms): Min: 9.6, Avg: 9.6, Max: 9.6, Diff: 0.1, Sum: 19.2]
      [Code Root Scanning (ms): Min: 0.0, Avg: 0.1, Max: 0.1, Diff: 0.1, Sum: 0.1]
      [Object Copy (ms): Min: 44.0, Avg: 44.5, Max: 45.0, Diff: 0.9, Sum: 89.0]
      [Termination (ms): Min: 0.0, Avg: 0.0, Max: 0.0, Diff: 0.0, Sum: 0.0]
      [GC Worker Other (ms): Min: 0.1, Avg: 0.2, Max: 0.2, Diff: 0.0, Sum: 0.3]
      [GC Worker Total (ms): Min: 144.1, Avg: 144.1, Max: 144.1, Diff: 0.0, Sum: 288.2]
      [GC Worker End (ms): Min: 11530368.7, Avg: 11530368.7, Max: 11530368.7, Diff: 0.0]
   [Code Root Fixup: 0.6 ms]
   [Code Root Migration: 0.0 ms]
   [Clear CT: 1.1 ms]
   [Other: 5.8 ms]
      [Choose CSet: 0.0 ms]
      [Ref Proc: 2.1 ms]
      [Ref Enq: 0.2 ms]
      [Free CSet: 0.6 ms]
   [Eden: 178.0M(178.0M)->0.0B(186.0M) Survivors: 26.0M->18.0M Heap: 2023.0M(4096.0M)->1861.0M(4096.0M)]
 [Times: user=0.30 sys=0.00, real=0.15 secs] 
2016-08-30T16:48:05.751+0200: 11535.885: [GC pause (mixed), 0.1536240 secs]
   [Parallel Time: 147.2 ms, GC Workers: 2]
      [GC Worker Start (ms): Min: 11535886.8, Avg: 11535888.1, Max: 11535889.5, Diff: 2.7]
      [Ext Root Scanning (ms): Min: 49.7, Avg: 51.7, Max: 53.7, Diff: 4.0, Sum: 103.4]
      [Update RS (ms): Min: 38.4, Avg: 39.0, Max: 39.5, Diff: 1.1, Sum: 77.9]
         [Processed Buffers: Min: 403, Avg: 410.5, Max: 418, Diff: 15, Sum: 821]
      [Scan RS (ms): Min: 18.2, Avg: 18.4, Max: 18.6, Diff: 0.4, Sum: 36.9]
      [Code Root Scanning (ms): Min: 0.1, Avg: 0.1, Max: 0.2, Diff: 0.1, Sum: 0.3]
      [Object Copy (ms): Min: 36.3, Avg: 36.4, Max: 36.5, Diff: 0.2, Sum: 72.8]
      [Termination (ms): Min: 0.0, Avg: 0.0, Max: 0.0, Diff: 0.0, Sum: 0.0]
      [GC Worker Other (ms): Min: 0.1, Avg: 0.1, Max: 0.2, Diff: 0.1, Sum: 0.2]
      [GC Worker Total (ms): Min: 144.4, Avg: 145.8, Max: 147.2, Diff: 2.7, Sum: 291.6]
      [GC Worker End (ms): Min: 11536033.9, Avg: 11536033.9, Max: 11536033.9, Diff: 0.0]
   [Code Root Fixup: 0.3 ms]
   [Code Root Migration: 0.1 ms]
   [Clear CT: 0.6 ms]
   [Other: 5.5 ms]
      [Choose CSet: 0.1 ms]
      [Ref Proc: 1.5 ms]
      [Ref Enq: 0.1 ms]
      [Free CSet: 1.0 ms]
   [Eden: 186.0M(186.0M)->0.0B(184.0M) Survivors: 18.0M->20.0M Heap: 2047.0M(4096.0M)->1684.0M(4096.0M)]
 [Times: user=0.29 sys=0.00, real=0.15 secs] 
2016-08-30T16:48:12.141+0200: 11542.276: [GC pause (mixed), 0.2173230 secs]
   [Parallel Time: 204.9 ms, GC Workers: 2]
      [GC Worker Start (ms): Min: 11542277.9, Avg: 11542277.9, Max: 11542277.9, Diff: 0.0]
      [Ext Root Scanning (ms): Min: 52.3, Avg: 52.4, Max: 52.5, Diff: 0.2, Sum: 104.8]
      [Update RS (ms): Min: 40.4, Avg: 41.2, Max: 42.0, Diff: 1.6, Sum: 82.4]
         [Processed Buffers: Min: 413, Avg: 449.0, Max: 485, Diff: 72, Sum: 898]
      [Scan RS (ms): Min: 40.7, Avg: 41.1, Max: 41.6, Diff: 0.9, Sum: 82.2]
      [Code Root Scanning (ms): Min: 0.1, Avg: 0.1, Max: 0.2, Diff: 0.1, Sum: 0.3]
      [Object Copy (ms): Min: 69.8, Avg: 70.0, Max: 70.1, Diff: 0.3, Sum: 139.9]
      [Termination (ms): Min: 0.0, Avg: 0.0, Max: 0.0, Diff: 0.0, Sum: 0.0]
      [GC Worker Other (ms): Min: 0.1, Avg: 0.1, Max: 0.1, Diff: 0.0, Sum: 0.1]
      [GC Worker Total (ms): Min: 204.8, Avg: 204.8, Max: 204.9, Diff: 0.0, Sum: 409.7]
      [GC Worker End (ms): Min: 11542482.7, Avg: 11542482.7, Max: 11542482.7, Diff: 0.0]
   [Code Root Fixup: 0.4 ms]
   [Code Root Migration: 0.1 ms]
   [Clear CT: 0.8 ms]
   [Other: 11.1 ms]
      [Choose CSet: 0.3 ms]
      [Ref Proc: 2.3 ms]
      [Ref Enq: 0.2 ms]
      [Free CSet: 4.6 ms]
   [Eden: 184.0M(184.0M)->0.0B(186.0M) Survivors: 20.0M->18.0M Heap: 1868.0M(4096.0M)->1522.0M(4096.0M)]
 [Times: user=0.41 sys=0.00, real=0.22 secs] 
2016-08-30T16:48:18.825+0200: 11548.960: [GC pause (mixed), 0.1183480 secs]
   [Parallel Time: 113.3 ms, GC Workers: 2]
      [GC Worker Start (ms): Min: 11548960.7, Avg: 11548960.7, Max: 11548960.7, Diff: 0.0]
      [Ext Root Scanning (ms): Min: 23.6, Avg: 23.8, Max: 24.0, Diff: 0.3, Sum: 47.6]
      [Update RS (ms): Min: 18.1, Avg: 18.2, Max: 18.2, Diff: 0.1, Sum: 36.3]
         [Processed Buffers: Min: 363, Avg: 380.5, Max: 398, Diff: 35, Sum: 761]
      [Scan RS (ms): Min: 26.9, Avg: 27.1, Max: 27.3, Diff: 0.3, Sum: 54.2]
      [Code Root Scanning (ms): Min: 0.0, Avg: 0.1, Max: 0.1, Diff: 0.1, Sum: 0.1]
      [Object Copy (ms): Min: 44.0, Avg: 44.1, Max: 44.1, Diff: 0.1, Sum: 88.1]
      [Termination (ms): Min: 0.0, Avg: 0.0, Max: 0.0, Diff: 0.0, Sum: 0.0]
      [GC Worker Other (ms): Min: 0.0, Avg: 0.1, Max: 0.1, Diff: 0.0, Sum: 0.1]
      [GC Worker Total (ms): Min: 113.3, Avg: 113.3, Max: 113.3, Diff: 0.0, Sum: 226.5]
      [GC Worker End (ms): Min: 11549073.9, Avg: 11549073.9, Max: 11549074.0, Diff: 0.0]
   [Code Root Fixup: 0.2 ms]
   [Code Root Migration: 0.0 ms]
   [Clear CT: 0.4 ms]
   [Other: 4.4 ms]
      [Choose CSet: 0.3 ms]
      [Ref Proc: 1.0 ms]
      [Ref Enq: 0.1 ms]
      [Free CSet: 1.0 ms]
   [Eden: 186.0M(186.0M)->0.0B(184.0M) Survivors: 18.0M->20.0M Heap: 1708.0M(4096.0M)->1379.0M(4096.0M)]
 [Times: user=0.23 sys=0.01, real=0.12 secs] 
2016-08-30T16:48:24.784+0200: 11554.918: [GC pause (mixed), 0.2759030 secs]
   [Parallel Time: 268.0 ms, GC Workers: 2]
      [GC Worker Start (ms): Min: 11554920.5, Avg: 11554922.2, Max: 11554924.0, Diff: 3.5]
      [Ext Root Scanning (ms): Min: 49.2, Avg: 50.1, Max: 51.0, Diff: 1.8, Sum: 100.2]
      [Update RS (ms): Min: 33.2, Avg: 33.5, Max: 33.8, Diff: 0.6, Sum: 67.0]
         [Processed Buffers: Min: 323, Avg: 364.0, Max: 405, Diff: 82, Sum: 728]
      [Scan RS (ms): Min: 79.1, Avg: 79.7, Max: 80.2, Diff: 1.2, Sum: 159.3]
      [Code Root Scanning (ms): Min: 0.1, Avg: 0.1, Max: 0.2, Diff: 0.1, Sum: 0.3]
      [Object Copy (ms): Min: 102.0, Avg: 102.6, Max: 103.2, Diff: 1.2, Sum: 205.3]
      [Termination (ms): Min: 0.0, Avg: 0.0, Max: 0.0, Diff: 0.0, Sum: 0.0]
      [GC Worker Other (ms): Min: 0.1, Avg: 0.2, Max: 0.2, Diff: 0.1, Sum: 0.3]
      [GC Worker Total (ms): Min: 264.5, Avg: 266.2, Max: 268.0, Diff: 3.5, Sum: 532.4]
      [GC Worker End (ms): Min: 11555188.4, Avg: 11555188.4, Max: 11555188.4, Diff: 0.0]
   [Code Root Fixup: 0.2 ms]
   [Code Root Migration: 0.1 ms]
   [Clear CT: 0.6 ms]
   [Other: 6.9 ms]
      [Choose CSet: 0.8 ms]
      [Ref Proc: 1.4 ms]
      [Ref Enq: 0.1 ms]
      [Free CSet: 1.5 ms]
   [Eden: 184.0M(184.0M)->0.0B(182.0M) Survivors: 20.0M->22.0M Heap: 1563.0M(4096.0M)->1260.0M(4096.0M)]
 [Times: user=0.54 sys=0.00, real=0.28 secs] 
2016-08-30T16:48:31.578+0200: 11561.713: [GC pause (mixed), 0.2382590 secs]
   [Parallel Time: 231.0 ms, GC Workers: 2]
      [GC Worker Start (ms): Min: 11561714.9, Avg: 11561714.9, Max: 11561714.9, Diff: 0.1]
      [Ext Root Scanning (ms): Min: 51.9, Avg: 52.1, Max: 52.3, Diff: 0.4, Sum: 104.2]
      [Update RS (ms): Min: 37.9, Avg: 38.4, Max: 38.9, Diff: 0.9, Sum: 76.8]
         [Processed Buffers: Min: 351, Avg: 384.0, Max: 417, Diff: 66, Sum: 768]
      [Scan RS (ms): Min: 80.9, Avg: 81.1, Max: 81.4, Diff: 0.5, Sum: 162.2]
      [Code Root Scanning (ms): Min: 0.1, Avg: 0.1, Max: 0.1, Diff: 0.0, Sum: 0.2]
      [Object Copy (ms): Min: 59.0, Avg: 59.0, Max: 59.0, Diff: 0.1, Sum: 118.0]
      [Termination (ms): Min: 0.0, Avg: 0.0, Max: 0.0, Diff: 0.0, Sum: 0.0]
      [GC Worker Other (ms): Min: 0.1, Avg: 0.2, Max: 0.2, Diff: 0.0, Sum: 0.3]
      [GC Worker Total (ms): Min: 230.8, Avg: 230.9, Max: 230.9, Diff: 0.1, Sum: 461.7]
      [GC Worker End (ms): Min: 11561945.8, Avg: 11561945.8, Max: 11561945.8, Diff: 0.0]
   [Code Root Fixup: 0.2 ms]
   [Code Root Migration: 0.0 ms]
   [Clear CT: 0.6 ms]
   [Other: 6.4 ms]
      [Choose CSet: 0.6 ms]
      [Ref Proc: 1.6 ms]
      [Ref Enq: 0.1 ms]
      [Free CSet: 1.0 ms]
   [Eden: 182.0M(182.0M)->0.0B(186.0M) Survivors: 22.0M->18.0M Heap: 1442.0M(4096.0M)->1215.0M(4096.0M)]
 [Times: user=0.46 sys=0.00, real=0.24 secs] 
2016-08-30T16:48:38.092+0200: 11568.227: [GC pause (young), 0.1859850 secs]
   [Parallel Time: 172.0 ms, GC Workers: 2]
      [GC Worker Start (ms): Min: 11568228.4, Avg: 11568228.5, Max: 11568228.5, Diff: 0.0]
      [Ext Root Scanning (ms): Min: 53.1, Avg: 64.7, Max: 76.2, Diff: 23.1, Sum: 129.3]
      [Update RS (ms): Min: 44.3, Avg: 55.6, Max: 66.9, Diff: 22.6, Sum: 111.2]
         [Processed Buffers: Min: 327, Avg: 418.0, Max: 509, Diff: 182, Sum: 836]
      [Scan RS (ms): Min: 9.2, Avg: 9.5, Max: 9.9, Diff: 0.7, Sum: 19.1]
      [Code Root Scanning (ms): Min: 0.1, Avg: 0.1, Max: 0.1, Diff: 0.0, Sum: 0.1]
      [Object Copy (ms): Min: 41.3, Avg: 41.9, Max: 42.5, Diff: 1.3, Sum: 83.8]
      [Termination (ms): Min: 0.0, Avg: 0.0, Max: 0.0, Diff: 0.0, Sum: 0.0]
      [GC Worker Other (ms): Min: 0.1, Avg: 0.1, Max: 0.2, Diff: 0.0, Sum: 0.3]
      [GC Worker Total (ms): Min: 171.9, Avg: 171.9, Max: 171.9, Diff: 0.0, Sum: 343.9]
      [GC Worker End (ms): Min: 11568400.4, Avg: 11568400.4, Max: 11568400.4, Diff: 0.0]
   [Code Root Fixup: 0.2 ms]
   [Code Root Migration: 0.0 ms]
   [Clear CT: 0.3 ms]
   [Other: 13.4 ms]
      [Choose CSet: 0.0 ms]
      [Ref Proc: 10.1 ms]
      [Ref Enq: 0.1 ms]
      [Free CSet: 0.4 ms]
   [Eden: 186.0M(186.0M)->0.0B(186.0M) Survivors: 18.0M->18.0M Heap: 1401.0M(4096.0M)->1229.0M(4096.0M)]
 [Times: user=0.28 sys=0.00, real=0.18 secs] 
2016-08-30T16:48:43.304+0200: 11573.438: [GC pause (young), 0.1474950 secs]
   [Parallel Time: 140.7 ms, GC Workers: 2]
      [GC Worker Start (ms): Min: 11573439.7, Avg: 11573439.7, Max: 11573439.7, Diff: 0.0]
      [Ext Root Scanning (ms): Min: 51.7, Avg: 52.9, Max: 54.1, Diff: 2.3, Sum: 105.8]
      [Update RS (ms): Min: 39.7, Avg: 41.8, Max: 43.9, Diff: 4.2, Sum: 83.6]
         [Processed Buffers: Min: 380, Avg: 440.5, Max: 501, Diff: 121, Sum: 881]
      [Scan RS (ms): Min: 6.8, Avg: 7.2, Max: 7.7, Diff: 0.9, Sum: 14.4]
      [Code Root Scanning (ms): Min: 0.1, Avg: 0.1, Max: 0.1, Diff: 0.0, Sum: 0.1]
      [Object Copy (ms): Min: 38.0, Avg: 38.5, Max: 39.0, Diff: 1.0, Sum: 77.0]
      [Termination (ms): Min: 0.0, Avg: 0.0, Max: 0.0, Diff: 0.0, Sum: 0.0]
      [GC Worker Other (ms): Min: 0.1, Avg: 0.2, Max: 0.2, Diff: 0.1, Sum: 0.3]
      [GC Worker Total (ms): Min: 140.6, Avg: 140.6, Max: 140.6, Diff: 0.0, Sum: 281.3]
      [GC Worker End (ms): Min: 11573580.3, Avg: 11573580.3, Max: 11573580.3, Diff: 0.0]
   [Code Root Fixup: 0.4 ms]
   [Code Root Migration: 0.0 ms]
   [Clear CT: 0.5 ms]
   [Other: 5.8 ms]
      [Choose CSet: 0.0 ms]
      [Ref Proc: 2.1 ms]
      [Ref Enq: 0.2 ms]
      [Free CSet: 0.5 ms]
   [Eden: 186.0M(186.0M)->0.0B(180.0M) Survivors: 18.0M->24.0M Heap: 1415.0M(4096.0M)->1250.0M(4096.0M)]
 [Times: user=0.29 sys=0.00, real=0.15 secs] 
2016-08-30T16:48:48.685+0200: 11578.819: [GC pause (young), 0.1150910 secs]
   [Parallel Time: 106.1 ms, GC Workers: 2]
      [GC Worker Start (ms): Min: 11578820.1, Avg: 11578820.2, Max: 11578820.2, Diff: 0.0]
      [Ext Root Scanning (ms): Min: 25.6, Avg: 32.3, Max: 38.9, Diff: 13.3, Sum: 64.5]
      [Update RS (ms): Min: 37.1, Avg: 43.4, Max: 49.8, Diff: 12.7, Sum: 86.9]
         [Processed Buffers: Min: 379, Avg: 395.5, Max: 412, Diff: 33, Sum: 791]
      [Scan RS (ms): Min: 7.0, Avg: 8.0, Max: 9.0, Diff: 2.1, Sum: 16.0]
      [Code Root Scanning (ms): Min: 0.0, Avg: 0.0, Max: 0.0, Diff: 0.0, Sum: 0.0]
      [Object Copy (ms): Min: 20.9, Avg: 22.2, Max: 23.5, Diff: 2.7, Sum: 44.4]
      [Termination (ms): Min: 0.0, Avg: 0.0, Max: 0.0, Diff: 0.0, Sum: 0.0]
      [GC Worker Other (ms): Min: 0.1, Avg: 0.1, Max: 0.1, Diff: 0.0, Sum: 0.2]
      [GC Worker Total (ms): Min: 106.0, Avg: 106.0, Max: 106.0, Diff: 0.0, Sum: 212.1]
      [GC Worker End (ms): Min: 11578926.2, Avg: 11578926.2, Max: 11578926.2, Diff: 0.0]
   [Code Root Fixup: 0.2 ms]
   [Code Root Migration: 0.0 ms]
   [Clear CT: 0.2 ms]
   [Other: 8.5 ms]
      [Choose CSet: 0.0 ms]
      [Ref Proc: 6.6 ms]
      [Ref Enq: 0.1 ms]
      [Free CSet: 0.3 ms]
   [Eden: 180.0M(180.0M)->0.0B(184.0M) Survivors: 24.0M->20.0M Heap: 1430.0M(4096.0M)->1267.0M(4096.0M)]
 [Times: user=0.15 sys=0.00, real=0.11 secs] 
2016-08-30T16:48:54.319+0200: 11584.454: [GC pause (young), 0.1493970 secs]
   [Parallel Time: 141.6 ms, GC Workers: 2]
      [GC Worker Start (ms): Min: 11584455.3, Avg: 11584455.3, Max: 11584455.3, Diff: 0.0]
      [Ext Root Scanning (ms): Min: 51.9, Avg: 52.1, Max: 52.3, Diff: 0.4, Sum: 104.2]
      [Update RS (ms): Min: 38.6, Avg: 39.7, Max: 40.7, Diff: 2.1, Sum: 79.3]
         [Processed Buffers: Min: 378, Avg: 403.0, Max: 428, Diff: 50, Sum: 806]
      [Scan RS (ms): Min: 7.1, Avg: 7.5, Max: 7.9, Diff: 0.7, Sum: 15.0]
      [Code Root Scanning (ms): Min: 0.0, Avg: 0.1, Max: 0.1, Diff: 0.1, Sum: 0.1]
      [Object Copy (ms): Min: 41.6, Avg: 42.0, Max: 42.4, Diff: 0.8, Sum: 84.0]
      [Termination (ms): Min: 0.0, Avg: 0.0, Max: 0.0, Diff: 0.0, Sum: 0.0]
      [GC Worker Other (ms): Min: 0.1, Avg: 0.2, Max: 0.2, Diff: 0.0, Sum: 0.3]
      [GC Worker Total (ms): Min: 141.4, Avg: 141.4, Max: 141.5, Diff: 0.0, Sum: 282.9]
      [GC Worker End (ms): Min: 11584596.7, Avg: 11584596.7, Max: 11584596.7, Diff: 0.0]
   [Code Root Fixup: 0.6 ms]
   [Code Root Migration: 0.0 ms]
   [Clear CT: 0.8 ms]
   [Other: 6.3 ms]
      [Choose CSet: 0.0 ms]
      [Ref Proc: 2.6 ms]
      [Ref Enq: 0.2 ms]
      [Free CSet: 0.5 ms]
   [Eden: 184.0M(184.0M)->0.0B(180.0M) Survivors: 20.0M->24.0M Heap: 1451.0M(4096.0M)->1288.0M(4096.0M)]
 [Times: user=0.29 sys=0.00, real=0.15 secs] 
2016-08-30T16:48:59.736+0200: 11589.871: [GC pause (young), 0.1483600 secs]
   [Parallel Time: 140.9 ms, GC Workers: 2]
      [GC Worker Start (ms): Min: 11589872.1, Avg: 11589873.8, Max: 11589875.4, Diff: 3.3]
      [Ext Root Scanning (ms): Min: 54.4, Avg: 55.6, Max: 56.8, Diff: 2.5, Sum: 111.2]
      [Update RS (ms): Min: 37.1, Avg: 37.8, Max: 38.6, Diff: 1.5, Sum: 75.6]
         [Processed Buffers: Min: 348, Avg: 392.5, Max: 437, Diff: 89, Sum: 785]
      [Scan RS (ms): Min: 6.4, Avg: 7.1, Max: 7.7, Diff: 1.3, Sum: 14.1]
      [Code Root Scanning (ms): Min: 0.1, Avg: 0.1, Max: 0.1, Diff: 0.0, Sum: 0.1]
      [Object Copy (ms): Min: 38.2, Avg: 38.5, Max: 38.8, Diff: 0.5, Sum: 77.0]
      [Termination (ms): Min: 0.0, Avg: 0.0, Max: 0.0, Diff: 0.0, Sum: 0.0]
      [GC Worker Other (ms): Min: 0.1, Avg: 0.2, Max: 0.2, Diff: 0.0, Sum: 0.3]
      [GC Worker Total (ms): Min: 137.5, Avg: 139.2, Max: 140.8, Diff: 3.3, Sum: 278.3]
      [GC Worker End (ms): Min: 11590012.9, Avg: 11590012.9, Max: 11590012.9, Diff: 0.0]
   [Code Root Fixup: 0.4 ms]
   [Code Root Migration: 0.0 ms]
   [Clear CT: 0.5 ms]
   [Other: 6.6 ms]
      [Choose CSet: 0.0 ms]
      [Ref Proc: 2.6 ms]
      [Ref Enq: 0.2 ms]
      [Free CSet: 0.8 ms]
   [Eden: 180.0M(180.0M)->0.0B(268.0M) Survivors: 24.0M->16.0M Heap: 1468.0M(4096.0M)->1301.0M(4096.0M)]
 [Times: user=0.27 sys=0.00, real=0.15 secs] 
2016-08-30T16:49:08.449+0200: 11598.584: [GC pause (young), 0.1663520 secs]
   [Parallel Time: 157.7 ms, GC Workers: 2]
      [GC Worker Start (ms): Min: 11598585.4, Avg: 11598585.4, Max: 11598585.4, Diff: 0.0]
      [Ext Root Scanning (ms): Min: 50.8, Avg: 56.3, Max: 61.7, Diff: 10.9, Sum: 112.5]
      [Update RS (ms): Min: 43.8, Avg: 50.3, Max: 56.8, Diff: 13.0, Sum: 100.6]
         [Processed Buffers: Min: 408, Avg: 458.0, Max: 508, Diff: 100, Sum: 916]
      [Scan RS (ms): Min: 6.3, Avg: 6.7, Max: 7.0, Diff: 0.7, Sum: 13.3]
      [Code Root Scanning (ms): Min: 0.0, Avg: 0.1, Max: 0.2, Diff: 0.2, Sum: 0.2]
      [Object Copy (ms): Min: 43.4, Avg: 44.1, Max: 44.7, Diff: 1.3, Sum: 88.1]
      [Termination (ms): Min: 0.0, Avg: 0.0, Max: 0.0, Diff: 0.0, Sum: 0.0]
      [GC Worker Other (ms): Min: 0.2, Avg: 0.2, Max: 0.2, Diff: 0.0, Sum: 0.4]
      [GC Worker Total (ms): Min: 157.6, Avg: 157.6, Max: 157.6, Diff: 0.0, Sum: 315.1]
      [GC Worker End (ms): Min: 11598743.0, Avg: 11598743.0, Max: 11598743.0, Diff: 0.0]
   [Code Root Fixup: 0.4 ms]
   [Code Root Migration: 0.0 ms]
   [Clear CT: 0.4 ms]
   [Other: 7.7 ms]
      [Choose CSet: 0.0 ms]
      [Ref Proc: 3.7 ms]
      [Ref Enq: 0.3 ms]
      [Free CSet: 0.6 ms]
   [Eden: 268.0M(268.0M)->0.0B(218.0M) Survivors: 16.0M->36.0M Heap: 1569.0M(4096.0M)->1325.0M(4096.0M)]
 [Times: user=0.31 sys=0.00, real=0.17 secs] 
2016-08-30T16:49:14.784+0200: 11604.919: [GC pause (young), 0.1832920 secs]
   [Parallel Time: 175.2 ms, GC Workers: 2]
      [GC Worker Start (ms): Min: 11604920.4, Avg: 11604920.4, Max: 11604920.4, Diff: 0.0]
      [Ext Root Scanning (ms): Min: 52.5, Avg: 52.8, Max: 53.1, Diff: 0.5, Sum: 105.6]
      [Update RS (ms): Min: 48.0, Avg: 48.0, Max: 48.1, Diff: 0.1, Sum: 96.1]
         [Processed Buffers: Min: 444, Avg: 483.5, Max: 523, Diff: 79, Sum: 967]
      [Scan RS (ms): Min: 12.3, Avg: 12.4, Max: 12.4, Diff: 0.0, Sum: 24.7]
      [Code Root Scanning (ms): Min: 0.1, Avg: 0.1, Max: 0.1, Diff: 0.0, Sum: 0.2]
      [Object Copy (ms): Min: 61.4, Avg: 61.6, Max: 61.7, Diff: 0.3, Sum: 123.2]
      [Termination (ms): Min: 0.0, Avg: 0.0, Max: 0.0, Diff: 0.0, Sum: 0.0]
      [GC Worker Other (ms): Min: 0.1, Avg: 0.2, Max: 0.2, Diff: 0.0, Sum: 0.3]
      [GC Worker Total (ms): Min: 175.0, Avg: 175.0, Max: 175.0, Diff: 0.0, Sum: 350.1]
      [GC Worker End (ms): Min: 11605095.5, Avg: 11605095.5, Max: 11605095.5, Diff: 0.0]
   [Code Root Fixup: 0.6 ms]
   [Code Root Migration: 0.0 ms]
   [Clear CT: 0.5 ms]
   [Other: 6.9 ms]
      [Choose CSet: 0.0 ms]
      [Ref Proc: 2.7 ms]
      [Ref Enq: 0.2 ms]
      [Free CSet: 0.6 ms]
   [Eden: 218.0M(218.0M)->0.0B(222.0M) Survivors: 36.0M->30.0M Heap: 1543.0M(4096.0M)->1352.0M(4096.0M)]
 [Times: user=0.36 sys=0.00, real=0.19 secs] 
2016-08-30T16:49:23.085+0200: 11613.219: [GC pause (young), 0.1562730 secs]
   [Parallel Time: 148.6 ms, GC Workers: 2]
      [GC Worker Start (ms): Min: 11613221.1, Avg: 11613221.1, Max: 11613221.1, Diff: 0.0]
      [Ext Root Scanning (ms): Min: 50.1, Avg: 50.4, Max: 50.7, Diff: 0.6, Sum: 100.8]
      [Update RS (ms): Min: 44.9, Avg: 45.2, Max: 45.4, Diff: 0.5, Sum: 90.3]
         [Processed Buffers: Min: 422, Avg: 450.0, Max: 478, Diff: 56, Sum: 900]
      [Scan RS (ms): Min: 9.0, Avg: 9.1, Max: 9.3, Diff: 0.3, Sum: 18.3]
      [Code Root Scanning (ms): Min: 0.1, Avg: 0.1, Max: 0.1, Diff: 0.0, Sum: 0.1]
      [Object Copy (ms): Min: 43.4, Avg: 43.5, Max: 43.7, Diff: 0.3, Sum: 87.1]
      [Termination (ms): Min: 0.0, Avg: 0.0, Max: 0.0, Diff: 0.0, Sum: 0.0]
      [GC Worker Other (ms): Min: 0.2, Avg: 0.2, Max: 0.2, Diff: 0.0, Sum: 0.4]
      [GC Worker Total (ms): Min: 148.5, Avg: 148.5, Max: 148.5, Diff: 0.0, Sum: 297.0]
      [GC Worker End (ms): Min: 11613369.6, Avg: 11613369.6, Max: 11613369.6, Diff: 0.0]
   [Code Root Fixup: 0.6 ms]
   [Code Root Migration: 0.0 ms]
   [Clear CT: 0.5 ms]
   [Other: 6.6 ms]
      [Choose CSet: 0.0 ms]
      [Ref Proc: 2.7 ms]
      [Ref Enq: 0.2 ms]
      [Free CSet: 0.6 ms]
   [Eden: 222.0M(222.0M)->0.0B(456.0M) Survivors: 30.0M->18.0M Heap: 1574.0M(4096.0M)->1365.0M(4096.0M)]
 [Times: user=0.30 sys=0.00, real=0.16 secs] 
2016-08-30T16:49:38.778+0200: 11628.912: [GC pause (young), 0.1084920 secs]
   [Parallel Time: 101.8 ms, GC Workers: 2]
      [GC Worker Start (ms): Min: 11628913.2, Avg: 11628913.2, Max: 11628913.2, Diff: 0.0]
      [Ext Root Scanning (ms): Min: 25.4, Avg: 29.4, Max: 33.5, Diff: 8.1, Sum: 58.9]
      [Update RS (ms): Min: 27.7, Avg: 32.5, Max: 37.4, Diff: 9.7, Sum: 65.0]
         [Processed Buffers: Min: 345, Avg: 505.0, Max: 665, Diff: 320, Sum: 1010]
      [Scan RS (ms): Min: 5.3, Avg: 5.4, Max: 5.5, Diff: 0.2, Sum: 10.8]
      [Code Root Scanning (ms): Min: 0.1, Avg: 0.1, Max: 0.1, Diff: 0.0, Sum: 0.2]
      [Object Copy (ms): Min: 33.6, Avg: 34.2, Max: 34.9, Diff: 1.3, Sum: 68.5]
      [Termination (ms): Min: 0.0, Avg: 0.0, Max: 0.0, Diff: 0.0, Sum: 0.0]
      [GC Worker Other (ms): Min: 0.1, Avg: 0.1, Max: 0.1, Diff: 0.0, Sum: 0.2]
      [GC Worker Total (ms): Min: 101.8, Avg: 101.8, Max: 101.8, Diff: 0.0, Sum: 203.6]
      [GC Worker End (ms): Min: 11629015.0, Avg: 11629015.0, Max: 11629015.0, Diff: 0.0]
   [Code Root Fixup: 0.2 ms]
   [Code Root Migration: 0.0 ms]
   [Clear CT: 0.3 ms]
   [Other: 6.1 ms]
      [Choose CSet: 0.0 ms]
      [Ref Proc: 3.5 ms]
      [Ref Enq: 0.2 ms]
      [Free CSet: 0.6 ms]
   [Eden: 456.0M(456.0M)->0.0B(428.0M) Survivors: 18.0M->54.0M Heap: 1821.0M(4096.0M)->1400.0M(4096.0M)]
 [Times: user=0.21 sys=0.00, real=0.11 secs] 
2016-08-30T16:49:54.462+0200: 11644.596: [GC pause (young), 0.2063240 secs]
   [Parallel Time: 197.8 ms, GC Workers: 2]
      [GC Worker Start (ms): Min: 11644598.0, Avg: 11644599.5, Max: 11644601.0, Diff: 3.0]
      [Ext Root Scanning (ms): Min: 49.9, Avg: 58.1, Max: 66.3, Diff: 16.4, Sum: 116.2]
      [Update RS (ms): Min: 51.4, Avg: 58.0, Max: 64.6, Diff: 13.2, Sum: 116.0]
         [Processed Buffers: Min: 397, Avg: 450.0, Max: 503, Diff: 106, Sum: 900]
      [Scan RS (ms): Min: 17.0, Avg: 17.4, Max: 17.7, Diff: 0.6, Sum: 34.7]
      [Code Root Scanning (ms): Min: 0.1, Avg: 0.1, Max: 0.2, Diff: 0.0, Sum: 0.3]
      [Object Copy (ms): Min: 62.3, Avg: 62.4, Max: 62.6, Diff: 0.3, Sum: 124.8]
      [Termination (ms): Min: 0.0, Avg: 0.0, Max: 0.0, Diff: 0.0, Sum: 0.0]
      [GC Worker Other (ms): Min: 0.1, Avg: 0.2, Max: 0.2, Diff: 0.1, Sum: 0.3]
      [GC Worker Total (ms): Min: 194.7, Avg: 196.2, Max: 197.7, Diff: 3.0, Sum: 392.4]
      [GC Worker End (ms): Min: 11644795.7, Avg: 11644795.7, Max: 11644795.7, Diff: 0.0]
   [Code Root Fixup: 0.3 ms]
   [Code Root Migration: 0.1 ms]
   [Clear CT: 0.4 ms]
   [Other: 7.8 ms]
      [Choose CSet: 0.0 ms]
      [Ref Proc: 3.6 ms]
      [Ref Enq: 0.2 ms]
      [Free CSet: 0.9 ms]
   [Eden: 428.0M(428.0M)->0.0B(360.0M) Survivors: 54.0M->38.0M Heap: 1828.0M(4096.0M)->1420.0M(4096.0M)]
 [Times: user=0.39 sys=0.00, real=0.21 secs] 
2016-08-30T16:50:08.270+0200: 11658.404: [GC pause (young), 0.1937680 secs]
   [Parallel Time: 183.5 ms, GC Workers: 2]
      [GC Worker Start (ms): Min: 11658405.7, Avg: 11658406.1, Max: 11658406.5, Diff: 0.7]
      [Ext Root Scanning (ms): Min: 49.5, Avg: 49.9, Max: 50.3, Diff: 0.8, Sum: 99.9]
      [Update RS (ms): Min: 54.9, Avg: 55.1, Max: 55.2, Diff: 0.3, Sum: 110.1]
         [Processed Buffers: Min: 406, Avg: 442.0, Max: 478, Diff: 72, Sum: 884]
      [Scan RS (ms): Min: 13.5, Avg: 13.9, Max: 14.2, Diff: 0.7, Sum: 27.8]
      [Code Root Scanning (ms): Min: 0.1, Avg: 0.3, Max: 0.5, Diff: 0.4, Sum: 0.7]
      [Object Copy (ms): Min: 63.6, Avg: 63.7, Max: 63.7, Diff: 0.0, Sum: 127.3]
      [Termination (ms): Min: 0.0, Avg: 0.0, Max: 0.0, Diff: 0.0, Sum: 0.0]
      [GC Worker Other (ms): Min: 0.1, Avg: 0.2, Max: 0.2, Diff: 0.0, Sum: 0.3]
      [GC Worker Total (ms): Min: 182.6, Avg: 183.0, Max: 183.4, Diff: 0.7, Sum: 366.0]
      [GC Worker End (ms): Min: 11658589.1, Avg: 11658589.1, Max: 11658589.1, Diff: 0.0]
   [Code Root Fixup: 0.4 ms]
   [Code Root Migration: 0.1 ms]
   [Clear CT: 0.6 ms]
   [Other: 9.2 ms]
      [Choose CSet: 0.0 ms]
      [Ref Proc: 4.6 ms]
      [Ref Enq: 0.4 ms]
      [Free CSet: 0.9 ms]
   [Eden: 360.0M(360.0M)->0.0B(342.0M) Survivors: 38.0M->32.0M Heap: 1780.0M(4096.0M)->1444.0M(4096.0M)]
 [Times: user=0.38 sys=0.00, real=0.19 secs] 
2016-08-30T16:50:20.717+0200: 11670.852: [GC pause (young), 0.1967290 secs]
   [Parallel Time: 186.4 ms, GC Workers: 2]
      [GC Worker Start (ms): Min: 11670854.2, Avg: 11670854.3, Max: 11670854.3, Diff: 0.0]
      [Ext Root Scanning (ms): Min: 53.2, Avg: 53.9, Max: 54.5, Diff: 1.3, Sum: 107.7]
      [Update RS (ms): Min: 58.7, Avg: 58.8, Max: 59.0, Diff: 0.3, Sum: 117.6]
         [Processed Buffers: Min: 481, Avg: 504.5, Max: 528, Diff: 47, Sum: 1009]
      [Scan RS (ms): Min: 11.0, Avg: 11.3, Max: 11.6, Diff: 0.6, Sum: 22.7]
      [Code Root Scanning (ms): Min: 0.1, Avg: 0.1, Max: 0.2, Diff: 0.1, Sum: 0.2]
      [Object Copy (ms): Min: 61.5, Avg: 62.0, Max: 62.4, Diff: 0.9, Sum: 124.0]
      [Termination (ms): Min: 0.0, Avg: 0.0, Max: 0.0, Diff: 0.0, Sum: 0.0]
      [GC Worker Other (ms): Min: 0.1, Avg: 0.2, Max: 0.2, Diff: 0.0, Sum: 0.3]
      [GC Worker Total (ms): Min: 186.3, Avg: 186.3, Max: 186.3, Diff: 0.0, Sum: 372.6]
      [GC Worker End (ms): Min: 11671040.5, Avg: 11671040.5, Max: 11671040.5, Diff: 0.0]
   [Code Root Fixup: 0.5 ms]
   [Code Root Migration: 0.1 ms]
   [Clear CT: 0.5 ms]
   [Other: 9.3 ms]
      [Choose CSet: 0.0 ms]
      [Ref Proc: 4.2 ms]
      [Ref Enq: 0.3 ms]
      [Free CSet: 0.8 ms]
   [Eden: 342.0M(342.0M)->0.0B(268.0M) Survivors: 32.0M->36.0M Heap: 1786.0M(4096.0M)->1471.0M(4096.0M)]
 [Times: user=0.38 sys=0.00, real=0.19 secs] 
2016-08-30T16:50:30.972+0200: 11681.106: [GC pause (young), 0.1742500 secs]
   [Parallel Time: 167.6 ms, GC Workers: 2]
      [GC Worker Start (ms): Min: 11681107.9, Avg: 11681107.9, Max: 11681107.9, Diff: 0.0]
      [Ext Root Scanning (ms): Min: 49.6, Avg: 50.2, Max: 50.8, Diff: 1.2, Sum: 100.4]
      [Update RS (ms): Min: 55.2, Avg: 55.7, Max: 56.2, Diff: 1.0, Sum: 111.4]
         [Processed Buffers: Min: 344, Avg: 449.5, Max: 555, Diff: 211, Sum: 899]
      [Scan RS (ms): Min: 10.8, Avg: 11.2, Max: 11.6, Diff: 0.8, Sum: 22.3]
      [Code Root Scanning (ms): Min: 0.0, Avg: 0.1, Max: 0.2, Diff: 0.1, Sum: 0.2]
      [Object Copy (ms): Min: 49.6, Avg: 50.2, Max: 50.8, Diff: 1.2, Sum: 100.5]
      [Termination (ms): Min: 0.0, Avg: 0.0, Max: 0.0, Diff: 0.0, Sum: 0.0]
      [GC Worker Other (ms): Min: 0.2, Avg: 0.2, Max: 0.2, Diff: 0.0, Sum: 0.3]
      [GC Worker Total (ms): Min: 167.5, Avg: 167.5, Max: 167.5, Diff: 0.0, Sum: 335.1]
      [GC Worker End (ms): Min: 11681275.4, Avg: 11681275.4, Max: 11681275.4, Diff: 0.0]
   [Code Root Fixup: 0.3 ms]
   [Code Root Migration: 0.0 ms]
   [Clear CT: 0.4 ms]
   [Other: 5.8 ms]
      [Choose CSet: 0.0 ms]
      [Ref Proc: 2.3 ms]
      [Ref Enq: 0.1 ms]
      [Free CSet: 0.5 ms]
   [Eden: 268.0M(268.0M)->0.0B(392.0M) Survivors: 36.0M->26.0M Heap: 1739.0M(4096.0M)->1489.0M(4096.0M)]
 [Times: user=0.32 sys=0.01, real=0.17 secs] 
2016-08-30T16:50:45.142+0200: 11695.277: [GC pause (young), 0.1942420 secs]
   [Parallel Time: 182.8 ms, GC Workers: 2]
      [GC Worker Start (ms): Min: 11695279.1, Avg: 11695279.3, Max: 11695279.4, Diff: 0.2]
      [Ext Root Scanning (ms): Min: 52.4, Avg: 53.9, Max: 55.3, Diff: 2.9, Sum: 107.7]
      [Update RS (ms): Min: 57.0, Avg: 58.8, Max: 60.6, Diff: 3.6, Sum: 117.5]
         [Processed Buffers: Min: 480, Avg: 485.5, Max: 491, Diff: 11, Sum: 971]
      [Scan RS (ms): Min: 10.2, Avg: 10.5, Max: 10.7, Diff: 0.5, Sum: 20.9]
      [Code Root Scanning (ms): Min: 0.1, Avg: 0.1, Max: 0.2, Diff: 0.1, Sum: 0.3]
      [Object Copy (ms): Min: 58.7, Avg: 59.2, Max: 59.7, Diff: 1.0, Sum: 118.3]
      [Termination (ms): Min: 0.0, Avg: 0.0, Max: 0.0, Diff: 0.0, Sum: 0.0]
      [GC Worker Other (ms): Min: 0.2, Avg: 0.2, Max: 0.2, Diff: 0.1, Sum: 0.4]
      [GC Worker Total (ms): Min: 182.5, Avg: 182.6, Max: 182.7, Diff: 0.2, Sum: 365.2]
      [GC Worker End (ms): Min: 11695461.9, Avg: 11695461.9, Max: 11695461.9, Diff: 0.0]
   [Code Root Fixup: 0.6 ms]
   [Code Root Migration: 0.1 ms]
   [Clear CT: 0.6 ms]
   [Other: 10.2 ms]
      [Choose CSet: 0.0 ms]
      [Ref Proc: 5.2 ms]
      [Ref Enq: 0.4 ms]
      [Free CSet: 1.0 ms]
   [Eden: 392.0M(392.0M)->0.0B(242.0M) Survivors: 26.0M->54.0M Heap: 1881.0M(4096.0M)->1520.0M(4096.0M)]
 [Times: user=0.38 sys=0.01, real=0.19 secs] 
2016-08-30T16:50:53.315+0200: 11703.449: [GC pause (young), 0.1862950 secs]
   [Parallel Time: 177.9 ms, GC Workers: 2]
      [GC Worker Start (ms): Min: 11703451.0, Avg: 11703451.0, Max: 11703451.1, Diff: 0.0]
      [Ext Root Scanning (ms): Min: 51.2, Avg: 51.6, Max: 52.0, Diff: 0.8, Sum: 103.2]
      [Update RS (ms): Min: 42.3, Avg: 43.9, Max: 45.5, Diff: 3.2, Sum: 87.8]
         [Processed Buffers: Min: 342, Avg: 378.0, Max: 414, Diff: 72, Sum: 756]
      [Scan RS (ms): Min: 14.0, Avg: 14.5, Max: 15.0, Diff: 1.0, Sum: 29.0]
      [Code Root Scanning (ms): Min: 0.0, Avg: 0.1, Max: 0.2, Diff: 0.2, Sum: 0.2]
      [Object Copy (ms): Min: 66.9, Avg: 67.6, Max: 68.3, Diff: 1.4, Sum: 135.2]
      [Termination (ms): Min: 0.0, Avg: 0.0, Max: 0.0, Diff: 0.0, Sum: 0.0]
      [GC Worker Other (ms): Min: 0.1, Avg: 0.2, Max: 0.2, Diff: 0.0, Sum: 0.3]
      [GC Worker Total (ms): Min: 177.8, Avg: 177.8, Max: 177.8, Diff: 0.0, Sum: 355.7]
      [GC Worker End (ms): Min: 11703628.9, Avg: 11703628.9, Max: 11703628.9, Diff: 0.0]
   [Code Root Fixup: 0.5 ms]
   [Code Root Migration: 0.1 ms]
   [Clear CT: 0.6 ms]
   [Other: 7.3 ms]
      [Choose CSet: 0.0 ms]
      [Ref Proc: 3.1 ms]
      [Ref Enq: 0.2 ms]
      [Free CSet: 0.6 ms]
   [Eden: 242.0M(242.0M)->0.0B(402.0M) Survivors: 54.0M->24.0M Heap: 1762.0M(4096.0M)->1531.0M(4096.0M)]
 [Times: user=0.37 sys=0.00, real=0.19 secs] 
2016-08-30T16:51:09.037+0200: 11719.172: [GC pause (young), 0.1865500 secs]
   [Parallel Time: 175.6 ms, GC Workers: 2]
      [GC Worker Start (ms): Min: 11719173.4, Avg: 11719173.5, Max: 11719173.5, Diff: 0.1]
      [Ext Root Scanning (ms): Min: 50.4, Avg: 50.8, Max: 51.3, Diff: 0.9, Sum: 101.7]
      [Update RS (ms): Min: 56.0, Avg: 56.9, Max: 57.8, Diff: 1.8, Sum: 113.9]
         [Processed Buffers: Min: 441, Avg: 443.0, Max: 445, Diff: 4, Sum: 886]
      [Scan RS (ms): Min: 10.0, Avg: 10.5, Max: 10.9, Diff: 0.9, Sum: 20.9]
      [Code Root Scanning (ms): Min: 0.1, Avg: 0.1, Max: 0.2, Diff: 0.0, Sum: 0.3]
      [Object Copy (ms): Min: 56.9, Avg: 56.9, Max: 57.0, Diff: 0.1, Sum: 113.9]
      [Termination (ms): Min: 0.0, Avg: 0.0, Max: 0.0, Diff: 0.0, Sum: 0.0]
      [GC Worker Other (ms): Min: 0.1, Avg: 0.2, Max: 0.2, Diff: 0.1, Sum: 0.3]
      [GC Worker Total (ms): Min: 175.4, Avg: 175.5, Max: 175.5, Diff: 0.1, Sum: 350.9]
      [GC Worker End (ms): Min: 11719348.9, Avg: 11719348.9, Max: 11719348.9, Diff: 0.0]
   [Code Root Fixup: 0.5 ms]
   [Code Root Migration: 0.1 ms]
   [Clear CT: 0.6 ms]
   [Other: 9.8 ms]
      [Choose CSet: 0.0 ms]
      [Ref Proc: 5.2 ms]
      [Ref Enq: 0.4 ms]
      [Free CSet: 1.0 ms]
   [Eden: 402.0M(402.0M)->0.0B(240.0M) Survivors: 24.0M->50.0M Heap: 1933.0M(4096.0M)->1557.0M(4096.0M)]
 [Times: user=0.36 sys=0.00, real=0.19 secs] 
2016-08-30T16:51:16.110+0200: 11726.245: [GC pause (young), 0.1737480 secs]
   [Parallel Time: 167.4 ms, GC Workers: 2]
      [GC Worker Start (ms): Min: 11726246.5, Avg: 11726246.5, Max: 11726246.5, Diff: 0.0]
      [Ext Root Scanning (ms): Min: 51.2, Avg: 52.0, Max: 52.7, Diff: 1.5, Sum: 103.9]
      [Update RS (ms): Min: 47.3, Avg: 47.5, Max: 47.7, Diff: 0.5, Sum: 95.0]
         [Processed Buffers: Min: 416, Avg: 419.0, Max: 422, Diff: 6, Sum: 838]
      [Scan RS (ms): Min: 13.5, Avg: 13.8, Max: 14.0, Diff: 0.5, Sum: 27.5]
      [Code Root Scanning (ms): Min: 0.0, Avg: 0.1, Max: 0.1, Diff: 0.1, Sum: 0.2]
      [Object Copy (ms): Min: 53.1, Avg: 53.8, Max: 54.6, Diff: 1.4, Sum: 107.7]
      [Termination (ms): Min: 0.0, Avg: 0.0, Max: 0.0, Diff: 0.0, Sum: 0.0]
      [GC Worker Other (ms): Min: 0.2, Avg: 0.2, Max: 0.2, Diff: 0.0, Sum: 0.4]
      [GC Worker Total (ms): Min: 167.4, Avg: 167.4, Max: 167.4, Diff: 0.0, Sum: 334.7]
      [GC Worker End (ms): Min: 11726413.9, Avg: 11726413.9, Max: 11726413.9, Diff: 0.0]
   [Code Root Fixup: 0.4 ms]
   [Code Root Migration: 0.0 ms]
   [Clear CT: 0.4 ms]
   [Other: 5.4 ms]
      [Choose CSet: 0.0 ms]
      [Ref Proc: 1.9 ms]
      [Ref Enq: 0.1 ms]
      [Free CSet: 0.5 ms]
   [Eden: 240.0M(240.0M)->0.0B(382.0M) Survivors: 50.0M->32.0M Heap: 1797.0M(4096.0M)->1580.0M(4096.0M)]
 [Times: user=0.34 sys=0.00, real=0.17 secs] 
2016-08-30T16:51:31.186+0200: 11741.320: [GC pause (young), 0.1892400 secs]
   [Parallel Time: 177.7 ms, GC Workers: 2]
      [GC Worker Start (ms): Min: 11741322.0, Avg: 11741322.0, Max: 11741322.0, Diff: 0.0]
      [Ext Root Scanning (ms): Min: 52.0, Avg: 52.1, Max: 52.2, Diff: 0.2, Sum: 104.2]
      [Update RS (ms): Min: 55.4, Avg: 55.6, Max: 55.7, Diff: 0.3, Sum: 111.1]
         [Processed Buffers: Min: 445, Avg: 448.0, Max: 451, Diff: 6, Sum: 896]
      [Scan RS (ms): Min: 11.1, Avg: 11.3, Max: 11.5, Diff: 0.4, Sum: 22.5]
      [Code Root Scanning (ms): Min: 0.1, Avg: 0.1, Max: 0.2, Diff: 0.1, Sum: 0.3]
      [Object Copy (ms): Min: 57.8, Avg: 58.4, Max: 58.9, Diff: 1.1, Sum: 116.7]
      [Termination (ms): Min: 0.0, Avg: 0.0, Max: 0.0, Diff: 0.0, Sum: 0.0]
      [GC Worker Other (ms): Min: 0.1, Avg: 0.2, Max: 0.2, Diff: 0.0, Sum: 0.3]
      [GC Worker Total (ms): Min: 177.6, Avg: 177.6, Max: 177.6, Diff: 0.0, Sum: 355.2]
      [GC Worker End (ms): Min: 11741499.6, Avg: 11741499.6, Max: 11741499.6, Diff: 0.0]
   [Code Root Fixup: 0.4 ms]
   [Code Root Migration: 0.1 ms]
   [Clear CT: 0.6 ms]
   [Other: 10.4 ms]
      [Choose CSet: 0.0 ms]
      [Ref Proc: 5.8 ms]
      [Ref Enq: 0.4 ms]
      [Free CSet: 0.9 ms]
   [Eden: 382.0M(382.0M)->0.0B(342.0M) Survivors: 32.0M->36.0M Heap: 1962.0M(4096.0M)->1607.0M(4096.0M)]
 [Times: user=0.36 sys=0.00, real=0.19 secs] 
2016-08-30T16:51:43.031+0200: 11753.166: [GC pause (young), 0.1951830 secs]
   [Parallel Time: 185.2 ms, GC Workers: 2]
      [GC Worker Start (ms): Min: 11753167.7, Avg: 11753167.7, Max: 11753167.7, Diff: 0.0]
      [Ext Root Scanning (ms): Min: 50.0, Avg: 50.4, Max: 50.7, Diff: 0.7, Sum: 100.7]
      [Update RS (ms): Min: 58.3, Avg: 58.4, Max: 58.5, Diff: 0.2, Sum: 116.7]
         [Processed Buffers: Min: 475, Avg: 494.0, Max: 513, Diff: 38, Sum: 988]
      [Scan RS (ms): Min: 12.0, Avg: 12.0, Max: 12.1, Diff: 0.0, Sum: 24.1]
      [Code Root Scanning (ms): Min: 0.1, Avg: 0.1, Max: 0.2, Diff: 0.1, Sum: 0.3]
      [Object Copy (ms): Min: 63.8, Avg: 64.0, Max: 64.2, Diff: 0.4, Sum: 127.9]
      [Termination (ms): Min: 0.0, Avg: 0.0, Max: 0.0, Diff: 0.0, Sum: 0.0]
      [GC Worker Other (ms): Min: 0.1, Avg: 0.2, Max: 0.2, Diff: 0.1, Sum: 0.4]
      [GC Worker Total (ms): Min: 185.1, Avg: 185.1, Max: 185.1, Diff: 0.0, Sum: 370.1]
      [GC Worker End (ms): Min: 11753352.8, Avg: 11753352.8, Max: 11753352.8, Diff: 0.0]
   [Code Root Fixup: 0.5 ms]
   [Code Root Migration: 0.1 ms]
   [Clear CT: 0.6 ms]
   [Other: 8.9 ms]
      [Choose CSet: 0.0 ms]
      [Ref Proc: 4.2 ms]
      [Ref Enq: 0.3 ms]
      [Free CSet: 0.8 ms]
   [Eden: 342.0M(342.0M)->0.0B(296.0M) Survivors: 36.0M->38.0M Heap: 1949.0M(4096.0M)->1635.0M(4096.0M)]
 [Times: user=0.38 sys=0.00, real=0.19 secs] 
2016-08-30T16:51:53.057+0200: 11763.192: [GC pause (young), 0.1915590 secs]
   [Parallel Time: 182.1 ms, GC Workers: 2]
      [GC Worker Start (ms): Min: 11763193.6, Avg: 11763193.6, Max: 11763193.7, Diff: 0.1]
      [Ext Root Scanning (ms): Min: 52.4, Avg: 52.8, Max: 53.2, Diff: 0.8, Sum: 105.6]
      [Update RS (ms): Min: 55.5, Avg: 55.6, Max: 55.7, Diff: 0.2, Sum: 111.2]
         [Processed Buffers: Min: 451, Avg: 470.5, Max: 490, Diff: 39, Sum: 941]
      [Scan RS (ms): Min: 11.1, Avg: 11.4, Max: 11.8, Diff: 0.7, Sum: 22.9]
      [Code Root Scanning (ms): Min: 0.0, Avg: 0.1, Max: 0.2, Diff: 0.1, Sum: 0.2]
      [Object Copy (ms): Min: 61.8, Avg: 61.8, Max: 61.9, Diff: 0.0, Sum: 123.7]
      [Termination (ms): Min: 0.0, Avg: 0.0, Max: 0.0, Diff: 0.0, Sum: 0.0]
      [GC Worker Other (ms): Min: 0.1, Avg: 0.2, Max: 0.2, Diff: 0.0, Sum: 0.3]
      [GC Worker Total (ms): Min: 181.9, Avg: 181.9, Max: 182.0, Diff: 0.1, Sum: 363.9]
      [GC Worker End (ms): Min: 11763375.6, Avg: 11763375.6, Max: 11763375.6, Diff: 0.0]
   [Code Root Fixup: 0.6 ms]
   [Code Root Migration: 0.1 ms]
   [Clear CT: 0.6 ms]
   [Other: 8.2 ms]
      [Choose CSet: 0.0 ms]
      [Ref Proc: 3.9 ms]
      [Ref Enq: 0.3 ms]
      [Free CSet: 0.7 ms]
   [Eden: 296.0M(296.0M)->0.0B(338.0M) Survivors: 38.0M->28.0M Heap: 1931.0M(4096.0M)->1651.0M(4096.0M)]
 [Times: user=0.37 sys=0.00, real=0.19 secs] 
2016-08-30T16:52:05.287+0200: 11775.421: [GC pause (young), 0.1845800 secs]
   [Parallel Time: 174.5 ms, GC Workers: 2]
      [GC Worker Start (ms): Min: 11775422.9, Avg: 11775423.0, Max: 11775423.0, Diff: 0.0]
      [Ext Root Scanning (ms): Min: 52.7, Avg: 53.1, Max: 53.6, Diff: 0.8, Sum: 106.3]
      [Update RS (ms): Min: 53.3, Avg: 54.1, Max: 54.9, Diff: 1.6, Sum: 108.2]
         [Processed Buffers: Min: 449, Avg: 459.0, Max: 469, Diff: 20, Sum: 918]
      [Scan RS (ms): Min: 9.8, Avg: 10.6, Max: 11.3, Diff: 1.5, Sum: 21.2]
      [Code Root Scanning (ms): Min: 0.1, Avg: 0.1, Max: 0.1, Diff: 0.0, Sum: 0.2]
      [Object Copy (ms): Min: 55.9, Avg: 56.3, Max: 56.8, Diff: 0.9, Sum: 112.7]
      [Termination (ms): Min: 0.0, Avg: 0.0, Max: 0.0, Diff: 0.0, Sum: 0.0]
      [GC Worker Other (ms): Min: 0.1, Avg: 0.2, Max: 0.2, Diff: 0.0, Sum: 0.3]
      [GC Worker Total (ms): Min: 174.4, Avg: 174.5, Max: 174.5, Diff: 0.0, Sum: 348.9]
      [GC Worker End (ms): Min: 11775597.4, Avg: 11775597.4, Max: 11775597.4, Diff: 0.0]
   [Code Root Fixup: 0.5 ms]
   [Code Root Migration: 0.1 ms]
   [Clear CT: 0.6 ms]
   [Other: 8.9 ms]
      [Choose CSet: 0.0 ms]
      [Ref Proc: 4.4 ms]
      [Ref Enq: 0.3 ms]
      [Free CSet: 0.8 ms]
   [Eden: 338.0M(338.0M)->0.0B(354.0M) Survivors: 28.0M->30.0M Heap: 1989.0M(4096.0M)->1675.0M(4096.0M)]
 [Times: user=0.36 sys=0.00, real=0.18 secs] 
2016-08-30T16:52:18.657+0200: 11788.791: [GC pause (young), 0.1942560 secs]
   [Parallel Time: 184.8 ms, GC Workers: 2]
      [GC Worker Start (ms): Min: 11788792.8, Avg: 11788792.8, Max: 11788792.8, Diff: 0.0]
      [Ext Root Scanning (ms): Min: 53.4, Avg: 54.4, Max: 55.3, Diff: 1.9, Sum: 108.7]
      [Update RS (ms): Min: 57.0, Avg: 57.6, Max: 58.3, Diff: 1.3, Sum: 115.2]
         [Processed Buffers: Min: 444, Avg: 448.0, Max: 452, Diff: 8, Sum: 896]
      [Scan RS (ms): Min: 10.2, Avg: 10.9, Max: 11.7, Diff: 1.4, Sum: 21.9]
      [Code Root Scanning (ms): Min: 0.1, Avg: 0.1, Max: 0.1, Diff: 0.0, Sum: 0.2]
      [Object Copy (ms): Min: 61.1, Avg: 61.4, Max: 61.8, Diff: 0.6, Sum: 122.9]
      [Termination (ms): Min: 0.0, Avg: 0.0, Max: 0.0, Diff: 0.0, Sum: 0.0]
      [GC Worker Other (ms): Min: 0.1, Avg: 0.2, Max: 0.3, Diff: 0.2, Sum: 0.5]
      [GC Worker Total (ms): Min: 184.7, Avg: 184.7, Max: 184.7, Diff: 0.0, Sum: 369.4]
      [GC Worker End (ms): Min: 11788977.4, Avg: 11788977.4, Max: 11788977.4, Diff: 0.0]
   [Code Root Fixup: 0.4 ms]
   [Code Root Migration: 0.1 ms]
   [Clear CT: 0.6 ms]
   [Other: 8.4 ms]
      [Choose CSet: 0.0 ms]
      [Ref Proc: 4.0 ms]
      [Ref Enq: 0.3 ms]
      [Free CSet: 0.8 ms]
   [Eden: 354.0M(354.0M)->0.0B(290.0M) Survivors: 30.0M->38.0M Heap: 2029.0M(4096.0M)->1706.0M(4096.0M)]
 [Times: user=0.38 sys=0.01, real=0.19 secs] 
2016-08-30T16:52:29.039+0200: 11799.174: [GC pause (young), 0.2821950 secs]
   [Parallel Time: 276.0 ms, GC Workers: 2]
      [GC Worker Start (ms): Min: 11799175.2, Avg: 11799175.2, Max: 11799175.2, Diff: 0.0]
      [Ext Root Scanning (ms): Min: 92.3, Avg: 95.9, Max: 99.4, Diff: 7.1, Sum: 191.7]
      [Update RS (ms): Min: 99.4, Avg: 100.2, Max: 101.0, Diff: 1.6, Sum: 200.5]
         [Processed Buffers: Min: 374, Avg: 419.5, Max: 465, Diff: 91, Sum: 839]
      [Scan RS (ms): Min: 13.5, Avg: 17.8, Max: 22.1, Diff: 8.7, Sum: 35.6]
      [Code Root Scanning (ms): Min: 0.1, Avg: 0.1, Max: 0.1, Diff: 0.0, Sum: 0.2]
      [Object Copy (ms): Min: 61.8, Avg: 61.8, Max: 61.8, Diff: 0.0, Sum: 123.5]
      [Termination (ms): Min: 0.0, Avg: 0.1, Max: 0.1, Diff: 0.1, Sum: 0.1]
      [GC Worker Other (ms): Min: 0.1, Avg: 0.1, Max: 0.1, Diff: 0.0, Sum: 0.2]
      [GC Worker Total (ms): Min: 275.9, Avg: 275.9, Max: 275.9, Diff: 0.0, Sum: 551.8]
      [GC Worker End (ms): Min: 11799451.1, Avg: 11799451.1, Max: 11799451.2, Diff: 0.0]
   [Code Root Fixup: 0.2 ms]
   [Code Root Migration: 0.0 ms]
   [Clear CT: 0.7 ms]
   [Other: 5.3 ms]
      [Choose CSet: 0.0 ms]
      [Ref Proc: 2.2 ms]
      [Ref Enq: 0.1 ms]
      [Free CSet: 0.4 ms]
   [Eden: 290.0M(290.0M)->0.0B(174.0M) Survivors: 38.0M->30.0M Heap: 1996.0M(4096.0M)->1724.0M(4096.0M)]
 [Times: user=0.29 sys=0.00, real=0.28 secs] 
2016-08-30T16:52:34.897+0200: 11805.032: [GC pause (young), 0.1579430 secs]
   [Parallel Time: 151.2 ms, GC Workers: 2]
      [GC Worker Start (ms): Min: 11805033.3, Avg: 11805033.9, Max: 11805034.6, Diff: 1.3]
      [Ext Root Scanning (ms): Min: 55.4, Avg: 56.2, Max: 57.0, Diff: 1.6, Sum: 112.4]
      [Update RS (ms): Min: 38.2, Avg: 39.1, Max: 40.0, Diff: 1.8, Sum: 78.2]
         [Processed Buffers: Min: 344, Avg: 363.0, Max: 382, Diff: 38, Sum: 726]
      [Scan RS (ms): Min: 9.2, Avg: 9.8, Max: 10.4, Diff: 1.2, Sum: 19.6]
      [Code Root Scanning (ms): Min: 0.0, Avg: 0.1, Max: 0.2, Diff: 0.1, Sum: 0.2]
      [Object Copy (ms): Min: 45.1, Avg: 45.2, Max: 45.4, Diff: 0.2, Sum: 90.5]
      [Termination (ms): Min: 0.0, Avg: 0.0, Max: 0.0, Diff: 0.0, Sum: 0.0]
      [GC Worker Other (ms): Min: 0.1, Avg: 0.1, Max: 0.1, Diff: 0.0, Sum: 0.1]
      [GC Worker Total (ms): Min: 149.9, Avg: 150.5, Max: 151.1, Diff: 1.3, Sum: 301.0]
      [GC Worker End (ms): Min: 11805184.4, Avg: 11805184.4, Max: 11805184.4, Diff: 0.0]
   [Code Root Fixup: 0.4 ms]
   [Code Root Migration: 0.0 ms]
   [Clear CT: 0.5 ms]
   [Other: 5.8 ms]
      [Choose CSet: 0.0 ms]
      [Ref Proc: 2.2 ms]
      [Ref Enq: 0.2 ms]
      [Free CSet: 0.5 ms]
   [Eden: 174.0M(174.0M)->0.0B(184.0M) Survivors: 30.0M->20.0M Heap: 1898.0M(4096.0M)->1737.0M(4096.0M)]
 [Times: user=0.30 sys=0.01, real=0.15 secs] 
2016-08-30T16:52:40.577+0200: 11810.711: [GC pause (young), 0.1515940 secs]
   [Parallel Time: 144.5 ms, GC Workers: 2]
      [GC Worker Start (ms): Min: 11810712.8, Avg: 11810715.4, Max: 11810718.0, Diff: 5.2]
      [Ext Root Scanning (ms): Min: 52.1, Avg: 54.1, Max: 56.0, Diff: 3.8, Sum: 108.1]
      [Update RS (ms): Min: 41.0, Avg: 41.5, Max: 42.1, Diff: 1.1, Sum: 83.1]
         [Processed Buffers: Min: 368, Avg: 402.0, Max: 436, Diff: 68, Sum: 804]
      [Scan RS (ms): Min: 6.6, Avg: 6.6, Max: 6.6, Diff: 0.0, Sum: 13.1]
      [Code Root Scanning (ms): Min: 0.0, Avg: 0.1, Max: 0.1, Diff: 0.0, Sum: 0.1]
      [Object Copy (ms): Min: 39.1, Avg: 39.3, Max: 39.4, Diff: 0.3, Sum: 78.6]
      [Termination (ms): Min: 0.0, Avg: 0.0, Max: 0.0, Diff: 0.0, Sum: 0.0]
      [GC Worker Other (ms): Min: 0.2, Avg: 0.2, Max: 0.3, Diff: 0.0, Sum: 0.5]
      [GC Worker Total (ms): Min: 139.1, Avg: 141.7, Max: 144.4, Diff: 5.2, Sum: 283.5]
      [GC Worker End (ms): Min: 11810857.1, Avg: 11810857.1, Max: 11810857.1, Diff: 0.0]
   [Code Root Fixup: 0.6 ms]
   [Code Root Migration: 0.0 ms]
   [Clear CT: 0.5 ms]
   [Other: 6.0 ms]
      [Choose CSet: 0.0 ms]
      [Ref Proc: 2.4 ms]
      [Ref Enq: 0.2 ms]
      [Free CSet: 0.5 ms]
   [Eden: 184.0M(184.0M)->0.0B(246.0M) Survivors: 20.0M->20.0M Heap: 1921.0M(4096.0M)->1754.0M(4096.0M)]
 [Times: user=0.29 sys=0.01, real=0.16 secs] 
2016-08-30T16:52:49.021+0200: 11819.155: [GC pause (young), 0.0985050 secs]
   [Parallel Time: 94.1 ms, GC Workers: 2]
      [GC Worker Start (ms): Min: 11819156.1, Avg: 11819156.2, Max: 11819156.2, Diff: 0.0]
      [Ext Root Scanning (ms): Min: 32.0, Avg: 41.4, Max: 50.7, Diff: 18.7, Sum: 82.8]
      [Update RS (ms): Min: 17.4, Avg: 27.2, Max: 37.1, Diff: 19.7, Sum: 54.5]
         [Processed Buffers: Min: 306, Avg: 517.5, Max: 729, Diff: 423, Sum: 1035]
      [Scan RS (ms): Min: 3.2, Avg: 3.5, Max: 3.8, Diff: 0.6, Sum: 7.1]
      [Code Root Scanning (ms): Min: 0.0, Avg: 0.0, Max: 0.1, Diff: 0.0, Sum: 0.1]
      [Object Copy (ms): Min: 21.6, Avg: 21.7, Max: 21.9, Diff: 0.4, Sum: 43.5]
      [Termination (ms): Min: 0.0, Avg: 0.0, Max: 0.0, Diff: 0.0, Sum: 0.0]
      [GC Worker Other (ms): Min: 0.1, Avg: 0.1, Max: 0.1, Diff: 0.0, Sum: 0.2]
      [GC Worker Total (ms): Min: 94.0, Avg: 94.1, Max: 94.1, Diff: 0.0, Sum: 188.1]
      [GC Worker End (ms): Min: 11819250.2, Avg: 11819250.2, Max: 11819250.2, Diff: 0.0]
   [Code Root Fixup: 0.3 ms]
   [Code Root Migration: 0.0 ms]
   [Clear CT: 0.3 ms]
   [Other: 3.8 ms]
      [Choose CSet: 0.0 ms]
      [Ref Proc: 1.5 ms]
      [Ref Enq: 0.1 ms]
      [Free CSet: 0.3 ms]
   [Eden: 246.0M(246.0M)->0.0B(462.0M) Survivors: 20.0M->28.0M Heap: 2000.0M(4096.0M)->1778.0M(4096.0M)]
 [Times: user=0.15 sys=0.00, real=0.10 secs] 
2016-08-30T16:52:59.742+0200: 11829.876: [GC pause (young), 0.1551660 secs]
   [Parallel Time: 148.8 ms, GC Workers: 2]
      [GC Worker Start (ms): Min: 11829877.8, Avg: 11829877.8, Max: 11829877.8, Diff: 0.0]
      [Ext Root Scanning (ms): Min: 51.4, Avg: 51.4, Max: 51.5, Diff: 0.1, Sum: 102.9]
      [Update RS (ms): Min: 45.8, Avg: 46.9, Max: 47.9, Diff: 2.1, Sum: 93.8]
         [Processed Buffers: Min: 434, Avg: 450.5, Max: 467, Diff: 33, Sum: 901]
      [Scan RS (ms): Min: 10.0, Avg: 10.4, Max: 10.8, Diff: 0.9, Sum: 20.8]
      [Code Root Scanning (ms): Min: 0.1, Avg: 0.1, Max: 0.1, Diff: 0.1, Sum: 0.2]
      [Object Copy (ms): Min: 39.1, Avg: 39.7, Max: 40.4, Diff: 1.4, Sum: 79.5]
      [Termination (ms): Min: 0.0, Avg: 0.0, Max: 0.0, Diff: 0.0, Sum: 0.0]
      [GC Worker Other (ms): Min: 0.1, Avg: 0.2, Max: 0.2, Diff: 0.1, Sum: 0.3]
      [GC Worker Total (ms): Min: 148.7, Avg: 148.7, Max: 148.7, Diff: 0.0, Sum: 297.4]
      [GC Worker End (ms): Min: 11830026.5, Avg: 11830026.5, Max: 11830026.5, Diff: 0.0]
   [Code Root Fixup: 0.2 ms]
   [Code Root Migration: 0.0 ms]
   [Clear CT: 0.5 ms]
   [Other: 5.6 ms]
      [Choose CSet: 0.0 ms]
      [Ref Proc: 2.0 ms]
      [Ref Enq: 0.1 ms]
      [Free CSet: 0.6 ms]
   [Eden: 258.0M(242.0M)->0.0B(572.0M) Survivors: 28.0M->22.0M Heap: 2036.0M(4096.0M)->1792.0M(4096.0M)]
 [Times: user=0.31 sys=0.00, real=0.15 secs] 
2016-08-30T16:53:15.623+0200: 11845.758: [GC pause (young), 0.1819870 secs]
   [Parallel Time: 174.2 ms, GC Workers: 2]
      [GC Worker Start (ms): Min: 11845759.8, Avg: 11845759.8, Max: 11845759.8, Diff: 0.0]
      [Ext Root Scanning (ms): Min: 52.3, Avg: 52.8, Max: 53.2, Diff: 0.9, Sum: 105.6]
      [Update RS (ms): Min: 63.8, Avg: 63.9, Max: 64.1, Diff: 0.3, Sum: 127.8]
         [Processed Buffers: Min: 427, Avg: 450.5, Max: 474, Diff: 47, Sum: 901]
      [Scan RS (ms): Min: 10.3, Avg: 10.3, Max: 10.3, Diff: 0.0, Sum: 20.7]
      [Code Root Scanning (ms): Min: 0.1, Avg: 0.1, Max: 0.1, Diff: 0.0, Sum: 0.3]
      [Object Copy (ms): Min: 46.7, Avg: 46.9, Max: 47.1, Diff: 0.4, Sum: 93.8]
      [Termination (ms): Min: 0.0, Avg: 0.0, Max: 0.0, Diff: 0.0, Sum: 0.0]
      [GC Worker Other (ms): Min: 0.1, Avg: 0.1, Max: 0.1, Diff: 0.1, Sum: 0.2]
      [GC Worker Total (ms): Min: 174.1, Avg: 174.1, Max: 174.1, Diff: 0.0, Sum: 348.3]
      [GC Worker End (ms): Min: 11845933.9, Avg: 11845933.9, Max: 11845933.9, Diff: 0.0]
   [Code Root Fixup: 0.2 ms]
   [Code Root Migration: 0.0 ms]
   [Clear CT: 0.5 ms]
   [Other: 7.0 ms]
      [Choose CSet: 0.0 ms]
      [Ref Proc: 3.1 ms]
      [Ref Enq: 0.2 ms]
      [Free CSet: 0.7 ms]
   [Eden: 388.0M(362.0M)->0.0B(394.0M) Survivors: 22.0M->48.0M Heap: 2180.0M(4096.0M)->1830.0M(4096.0M)]
 [Times: user=0.36 sys=0.01, real=0.18 secs] 
2016-08-30T16:53:22.828+0200: 11852.963: [GC pause (young), 0.1798240 secs]
   [Parallel Time: 173.4 ms, GC Workers: 2]
      [GC Worker Start (ms): Min: 11852964.2, Avg: 11852964.2, Max: 11852964.2, Diff: 0.0]
      [Ext Root Scanning (ms): Min: 50.4, Avg: 50.9, Max: 51.3, Diff: 0.9, Sum: 101.7]
      [Update RS (ms): Min: 43.8, Avg: 44.1, Max: 44.5, Diff: 0.7, Sum: 88.3]
         [Processed Buffers: Min: 395, Avg: 430.0, Max: 465, Diff: 70, Sum: 860]
      [Scan RS (ms): Min: 13.1, Avg: 13.3, Max: 13.5, Diff: 0.5, Sum: 26.6]
      [Code Root Scanning (ms): Min: 0.0, Avg: 0.1, Max: 0.1, Diff: 0.1, Sum: 0.2]
      [Object Copy (ms): Min: 64.3, Avg: 64.8, Max: 65.3, Diff: 1.1, Sum: 129.6]
      [Termination (ms): Min: 0.0, Avg: 0.0, Max: 0.0, Diff: 0.0, Sum: 0.0]
      [GC Worker Other (ms): Min: 0.2, Avg: 0.2, Max: 0.2, Diff: 0.0, Sum: 0.3]
      [GC Worker Total (ms): Min: 173.3, Avg: 173.3, Max: 173.3, Diff: 0.0, Sum: 346.7]
      [GC Worker End (ms): Min: 11853137.5, Avg: 11853137.5, Max: 11853137.5, Diff: 0.0]
   [Code Root Fixup: 0.2 ms]
   [Code Root Migration: 0.0 ms]
   [Clear CT: 0.5 ms]
   [Other: 5.7 ms]
      [Choose CSet: 0.0 ms]
      [Ref Proc: 2.0 ms]
      [Ref Enq: 0.1 ms]
      [Free CSet: 0.6 ms]
   [Eden: 214.0M(214.0M)->0.0B(504.0M) Survivors: 48.0M->24.0M Heap: 2044.0M(4096.0M)->1853.0M(4096.0M)]
 [Times: user=0.35 sys=0.00, real=0.18 secs] 
2016-08-30T16:53:39.388+0200: 11869.523: [GC pause (young), 0.2145790 secs]
   [Parallel Time: 202.5 ms, GC Workers: 2]
      [GC Worker Start (ms): Min: 11869524.6, Avg: 11869524.6, Max: 11869524.6, Diff: 0.0]
      [Ext Root Scanning (ms): Min: 50.3, Avg: 55.6, Max: 60.9, Diff: 10.5, Sum: 111.2]
      [Update RS (ms): Min: 67.4, Avg: 69.8, Max: 72.3, Diff: 4.9, Sum: 139.7]
         [Processed Buffers: Min: 453, Avg: 472.0, Max: 491, Diff: 38, Sum: 944]
      [Scan RS (ms): Min: 8.9, Avg: 10.2, Max: 11.4, Diff: 2.5, Sum: 20.3]
      [Code Root Scanning (ms): Min: 0.1, Avg: 0.1, Max: 0.2, Diff: 0.0, Sum: 0.3]
      [Object Copy (ms): Min: 62.5, Avg: 66.5, Max: 70.5, Diff: 8.1, Sum: 133.0]
      [Termination (ms): Min: 0.0, Avg: 0.0, Max: 0.0, Diff: 0.0, Sum: 0.0]
      [GC Worker Other (ms): Min: 0.2, Avg: 0.2, Max: 0.2, Diff: 0.0, Sum: 0.3]
      [GC Worker Total (ms): Min: 202.4, Avg: 202.4, Max: 202.4, Diff: 0.0, Sum: 404.8]
      [GC Worker End (ms): Min: 11869727.0, Avg: 11869727.0, Max: 11869727.0, Diff: 0.0]
   [Code Root Fixup: 0.5 ms]
   [Code Root Migration: 0.1 ms]
   [Clear CT: 0.6 ms]
   [Other: 10.9 ms]
      [Choose CSet: 0.0 ms]
      [Ref Proc: 6.1 ms]
      [Ref Enq: 0.4 ms]
      [Free CSet: 1.0 ms]
   [Eden: 440.0M(362.0M)->0.0B(198.0M) Survivors: 24.0M->50.0M Heap: 2293.0M(4096.0M)->1887.0M(4096.0M)]
 [Times: user=0.38 sys=0.00, real=0.21 secs] 
2016-08-30T16:53:43.578+0200: 11873.713: [GC pause (young), 0.1716070 secs]
   [Parallel Time: 164.8 ms, GC Workers: 2]
      [GC Worker Start (ms): Min: 11873714.4, Avg: 11873714.4, Max: 11873714.4, Diff: 0.1]
      [Ext Root Scanning (ms): Min: 51.0, Avg: 51.2, Max: 51.3, Diff: 0.3, Sum: 102.3]
      [Update RS (ms): Min: 37.0, Avg: 37.9, Max: 38.8, Diff: 1.8, Sum: 75.8]
         [Processed Buffers: Min: 410, Avg: 441.0, Max: 472, Diff: 62, Sum: 882]
      [Scan RS (ms): Min: 14.3, Avg: 14.9, Max: 15.5, Diff: 1.2, Sum: 29.8]
      [Code Root Scanning (ms): Min: 0.1, Avg: 0.1, Max: 0.1, Diff: 0.0, Sum: 0.1]
      [Object Copy (ms): Min: 60.4, Avg: 60.6, Max: 60.7, Diff: 0.3, Sum: 121.1]
      [Termination (ms): Min: 0.0, Avg: 0.0, Max: 0.0, Diff: 0.0, Sum: 0.0]
      [GC Worker Other (ms): Min: 0.1, Avg: 0.1, Max: 0.1, Diff: 0.0, Sum: 0.1]
      [GC Worker Total (ms): Min: 164.6, Avg: 164.7, Max: 164.7, Diff: 0.1, Sum: 329.3]
      [GC Worker End (ms): Min: 11873879.0, Avg: 11873879.0, Max: 11873879.0, Diff: 0.0]
   [Code Root Fixup: 0.5 ms]
   [Code Root Migration: 0.0 ms]
   [Clear CT: 0.5 ms]
   [Other: 5.8 ms]
      [Choose CSet: 0.0 ms]
      [Ref Proc: 1.7 ms]
      [Ref Enq: 0.2 ms]
      [Free CSet: 0.6 ms]
   [Eden: 154.0M(154.0M)->0.0B(486.0M) Survivors: 50.0M->20.0M Heap: 2041.0M(4096.0M)->1905.0M(4096.0M)]
 [Times: user=0.34 sys=0.00, real=0.17 secs] 
2016-08-30T16:54:02.596+0200: 11892.730: [GC pause (young) (initial-mark), 0.2028390 secs]
   [Parallel Time: 193.0 ms, GC Workers: 2]
      [GC Worker Start (ms): Min: 11892732.4, Avg: 11892732.4, Max: 11892732.4, Diff: 0.0]
      [Ext Root Scanning (ms): Min: 52.2, Avg: 53.0, Max: 53.8, Diff: 1.6, Sum: 106.0]
      [Code Root Marking (ms): Min: 13.5, Avg: 13.9, Max: 14.3, Diff: 0.8, Sum: 27.9]
      [Update RS (ms): Min: 64.9, Avg: 65.1, Max: 65.3, Diff: 0.4, Sum: 130.2]
         [Processed Buffers: Min: 460, Avg: 480.0, Max: 500, Diff: 40, Sum: 960]
      [Scan RS (ms): Min: 8.8, Avg: 9.3, Max: 9.8, Diff: 0.9, Sum: 18.6]
      [Code Root Scanning (ms): Min: 0.1, Avg: 0.2, Max: 0.2, Diff: 0.1, Sum: 0.3]
      [Object Copy (ms): Min: 50.7, Avg: 51.3, Max: 51.9, Diff: 1.2, Sum: 102.6]
      [Termination (ms): Min: 0.0, Avg: 0.0, Max: 0.0, Diff: 0.0, Sum: 0.0]
      [GC Worker Other (ms): Min: 0.1, Avg: 0.1, Max: 0.1, Diff: 0.1, Sum: 0.2]
      [GC Worker Total (ms): Min: 192.9, Avg: 192.9, Max: 192.9, Diff: 0.0, Sum: 385.8]
      [GC Worker End (ms): Min: 11892925.3, Avg: 11892925.3, Max: 11892925.3, Diff: 0.0]
   [Code Root Fixup: 0.4 ms]
   [Code Root Migration: 0.1 ms]
   [Clear CT: 0.5 ms]
   [Other: 9.0 ms]
      [Choose CSet: 0.0 ms]
      [Ref Proc: 3.9 ms]
      [Ref Enq: 0.2 ms]
      [Free CSet: 0.8 ms]
   [Eden: 486.0M(486.0M)->0.0B(176.0M) Survivors: 20.0M->54.0M Heap: 2391.0M(4096.0M)->1940.0M(4096.0M)]
 [Times: user=0.39 sys=0.00, real=0.20 secs] 
2016-08-30T16:54:02.799+0200: 11892.933: [GC concurrent-root-region-scan-start]
2016-08-30T16:54:02.829+0200: 11892.964: [GC concurrent-root-region-scan-end, 0.0304700 secs]
2016-08-30T16:54:02.829+0200: 11892.964: [GC concurrent-mark-start]
2016-08-30T16:54:04.435+0200: 11894.569: [GC concurrent-mark-end, 1.6053990 secs]
2016-08-30T16:54:04.437+0200: 11894.571: [GC remark 2016-08-30T16:54:04.439+0200: 11894.573: [GC ref-proc, 0.0696330 secs], 0.0912440 secs]
 [Times: user=0.10 sys=0.00, real=0.09 secs] 
2016-08-30T16:54:04.536+0200: 11894.670: [GC cleanup 1995M->1941M(4096M), 0.0310720 secs]
 [Times: user=0.06 sys=0.00, real=0.03 secs] 
2016-08-30T16:54:04.568+0200: 11894.702: [GC concurrent-cleanup-start]
2016-08-30T16:54:04.568+0200: 11894.702: [GC concurrent-cleanup-end, 0.0001280 secs]
2016-08-30T16:54:07.736+0200: 11897.871: [GC pause (young), 0.1579480 secs]
   [Parallel Time: 152.6 ms, GC Workers: 2]
      [GC Worker Start (ms): Min: 11897872.0, Avg: 11897872.0, Max: 11897872.0, Diff: 0.0]
      [Ext Root Scanning (ms): Min: 50.7, Avg: 50.7, Max: 50.7, Diff: 0.0, Sum: 101.3]
      [Update RS (ms): Min: 33.7, Avg: 34.1, Max: 34.5, Diff: 0.8, Sum: 68.3]
         [Processed Buffers: Min: 324, Avg: 325.5, Max: 327, Diff: 3, Sum: 651]
      [Scan RS (ms): Min: 14.3, Avg: 14.3, Max: 14.3, Diff: 0.0, Sum: 28.6]
      [Code Root Scanning (ms): Min: 0.0, Avg: 0.1, Max: 0.1, Diff: 0.0, Sum: 0.1]
      [Object Copy (ms): Min: 52.9, Avg: 53.3, Max: 53.7, Diff: 0.8, Sum: 106.6]
      [Termination (ms): Min: 0.0, Avg: 0.0, Max: 0.0, Diff: 0.0, Sum: 0.0]
      [GC Worker Other (ms): Min: 0.1, Avg: 0.1, Max: 0.1, Diff: 0.0, Sum: 0.1]
      [GC Worker Total (ms): Min: 152.5, Avg: 152.5, Max: 152.5, Diff: 0.0, Sum: 305.0]
      [GC Worker End (ms): Min: 11898024.5, Avg: 11898024.5, Max: 11898024.5, Diff: 0.0]
   [Code Root Fixup: 0.4 ms]
   [Code Root Migration: 0.0 ms]
   [Clear CT: 0.5 ms]
   [Other: 4.5 ms]
      [Choose CSet: 0.0 ms]
      [Ref Proc: 1.2 ms]
      [Ref Enq: 0.1 ms]
      [Free CSet: 0.5 ms]
   [Eden: 150.0M(150.0M)->0.0B(188.0M) Survivors: 54.0M->16.0M Heap: 2036.0M(4096.0M)->1888.0M(4096.0M)]
 [Times: user=0.31 sys=0.00, real=0.16 secs] 
2016-08-30T16:54:13.641+0200: 11903.776: [GC pause (mixed), 0.1852010 secs]
   [Parallel Time: 176.6 ms, GC Workers: 2]
      [GC Worker Start (ms): Min: 11903777.8, Avg: 11903777.8, Max: 11903777.8, Diff: 0.0]
      [Ext Root Scanning (ms): Min: 50.0, Avg: 50.3, Max: 50.5, Diff: 0.5, Sum: 100.5]
      [Update RS (ms): Min: 40.0, Avg: 40.5, Max: 41.1, Diff: 1.1, Sum: 81.1]
         [Processed Buffers: Min: 445, Avg: 445.5, Max: 446, Diff: 1, Sum: 891]
      [Scan RS (ms): Min: 30.7, Avg: 31.3, Max: 31.8, Diff: 1.0, Sum: 62.5]
      [Code Root Scanning (ms): Min: 0.1, Avg: 0.2, Max: 0.2, Diff: 0.1, Sum: 0.3]
      [Object Copy (ms): Min: 54.1, Avg: 54.2, Max: 54.4, Diff: 0.3, Sum: 108.4]
      [Termination (ms): Min: 0.0, Avg: 0.0, Max: 0.0, Diff: 0.0, Sum: 0.0]
      [GC Worker Other (ms): Min: 0.1, Avg: 0.1, Max: 0.1, Diff: 0.0, Sum: 0.1]
      [GC Worker Total (ms): Min: 176.5, Avg: 176.5, Max: 176.5, Diff: 0.0, Sum: 353.0]
      [GC Worker End (ms): Min: 11903954.3, Avg: 11903954.3, Max: 11903954.3, Diff: 0.0]
   [Code Root Fixup: 0.4 ms]
   [Code Root Migration: 0.1 ms]
   [Clear CT: 0.8 ms]
   [Other: 7.4 ms]
      [Choose CSet: 0.3 ms]
      [Ref Proc: 2.0 ms]
      [Ref Enq: 0.2 ms]
      [Free CSet: 1.7 ms]
   [Eden: 188.0M(188.0M)->0.0B(178.0M) Survivors: 16.0M->26.0M Heap: 2076.0M(4096.0M)->1628.0M(4096.0M)]
 [Times: user=0.36 sys=0.00, real=0.19 secs] 
2016-08-30T16:54:20.580+0200: 11910.714: [GC pause (mixed), 0.2158800 secs]
   [Parallel Time: 208.5 ms, GC Workers: 2]
      [GC Worker Start (ms): Min: 11910716.4, Avg: 11910716.4, Max: 11910716.4, Diff: 0.0]
      [Ext Root Scanning (ms): Min: 54.7, Avg: 54.8, Max: 55.0, Diff: 0.3, Sum: 109.6]
      [Update RS (ms): Min: 37.6, Avg: 38.7, Max: 39.7, Diff: 2.1, Sum: 77.3]
         [Processed Buffers: Min: 394, Avg: 411.5, Max: 429, Diff: 35, Sum: 823]
      [Scan RS (ms): Min: 51.0, Avg: 51.4, Max: 51.7, Diff: 0.7, Sum: 102.7]
      [Code Root Scanning (ms): Min: 0.1, Avg: 0.1, Max: 0.2, Diff: 0.1, Sum: 0.3]
      [Object Copy (ms): Min: 62.8, Avg: 63.3, Max: 63.7, Diff: 0.9, Sum: 126.6]
      [Termination (ms): Min: 0.0, Avg: 0.0, Max: 0.0, Diff: 0.0, Sum: 0.0]
      [GC Worker Other (ms): Min: 0.1, Avg: 0.1, Max: 0.2, Diff: 0.0, Sum: 0.3]
      [GC Worker Total (ms): Min: 208.4, Avg: 208.4, Max: 208.4, Diff: 0.0, Sum: 416.8]
      [GC Worker End (ms): Min: 11910924.8, Avg: 11910924.8, Max: 11910924.8, Diff: 0.0]
   [Code Root Fixup: 0.3 ms]
   [Code Root Migration: 0.1 ms]
   [Clear CT: 0.6 ms]
   [Other: 6.4 ms]
      [Choose CSet: 0.7 ms]
      [Ref Proc: 1.4 ms]
      [Ref Enq: 0.1 ms]
      [Free CSet: 1.2 ms]
   [Eden: 178.0M(178.0M)->0.0B(188.0M) Survivors: 26.0M->16.0M Heap: 1806.0M(4096.0M)->1470.0M(4096.0M)]
 [Times: user=0.42 sys=0.00, real=0.22 secs] 
2016-08-30T16:54:26.816+0200: 11916.950: [GC pause (mixed), 0.2416580 secs]
   [Parallel Time: 233.9 ms, GC Workers: 2]
      [GC Worker Start (ms): Min: 11916952.3, Avg: 11916952.3, Max: 11916952.3, Diff: 0.0]
      [Ext Root Scanning (ms): Min: 49.4, Avg: 49.8, Max: 50.3, Diff: 1.0, Sum: 99.7]
      [Update RS (ms): Min: 36.6, Avg: 36.7, Max: 36.8, Diff: 0.2, Sum: 73.3]
         [Processed Buffers: Min: 375, Avg: 388.5, Max: 402, Diff: 27, Sum: 777]
      [Scan RS (ms): Min: 65.0, Avg: 65.3, Max: 65.7, Diff: 0.7, Sum: 130.7]
      [Code Root Scanning (ms): Min: 0.1, Avg: 0.1, Max: 0.2, Diff: 0.1, Sum: 0.3]
      [Object Copy (ms): Min: 81.5, Avg: 81.7, Max: 81.9, Diff: 0.4, Sum: 163.4]
      [Termination (ms): Min: 0.0, Avg: 0.0, Max: 0.0, Diff: 0.0, Sum: 0.0]
      [GC Worker Other (ms): Min: 0.1, Avg: 0.1, Max: 0.2, Diff: 0.0, Sum: 0.3]
      [GC Worker Total (ms): Min: 233.8, Avg: 233.8, Max: 233.8, Diff: 0.0, Sum: 467.6]
      [GC Worker End (ms): Min: 11917186.1, Avg: 11917186.1, Max: 11917186.1, Diff: 0.0]
   [Code Root Fixup: 0.2 ms]
   [Code Root Migration: 0.1 ms]
   [Clear CT: 0.6 ms]
   [Other: 6.9 ms]
      [Choose CSet: 0.7 ms]
      [Ref Proc: 1.4 ms]
      [Ref Enq: 0.1 ms]
      [Free CSet: 1.4 ms]
   [Eden: 188.0M(188.0M)->0.0B(184.0M) Survivors: 16.0M->20.0M Heap: 1658.0M(4096.0M)->1333.0M(4096.0M)]
 [Times: user=0.47 sys=0.00, real=0.24 secs] 
2016-08-30T16:54:33.572+0200: 11923.706: [GC pause (mixed), 0.2975810 secs]
   [Parallel Time: 288.7 ms, GC Workers: 2]
      [GC Worker Start (ms): Min: 11923708.6, Avg: 11923708.9, Max: 11923709.2, Diff: 0.6]
      [Ext Root Scanning (ms): Min: 50.7, Avg: 50.8, Max: 50.9, Diff: 0.2, Sum: 101.6]
      [Update RS (ms): Min: 34.3, Avg: 35.2, Max: 36.1, Diff: 1.8, Sum: 70.5]
         [Processed Buffers: Min: 359, Avg: 378.5, Max: 398, Diff: 39, Sum: 757]
      [Scan RS (ms): Min: 111.7, Avg: 112.4, Max: 113.1, Diff: 1.4, Sum: 224.9]
      [Code Root Scanning (ms): Min: 0.1, Avg: 0.3, Max: 0.6, Diff: 0.6, Sum: 0.7]
      [Object Copy (ms): Min: 88.8, Avg: 89.5, Max: 90.1, Diff: 1.3, Sum: 178.9]
      [Termination (ms): Min: 0.0, Avg: 0.0, Max: 0.0, Diff: 0.0, Sum: 0.0]
      [GC Worker Other (ms): Min: 0.1, Avg: 0.1, Max: 0.1, Diff: 0.0, Sum: 0.3]
      [GC Worker Total (ms): Min: 288.1, Avg: 288.4, Max: 288.7, Diff: 0.6, Sum: 576.8]
      [GC Worker End (ms): Min: 11923997.3, Avg: 11923997.3, Max: 11923997.3, Diff: 0.0]
   [Code Root Fixup: 0.5 ms]
   [Code Root Migration: 0.6 ms]
   [Clear CT: 0.6 ms]
   [Other: 7.2 ms]
      [Choose CSet: 1.1 ms]
      [Ref Proc: 1.3 ms]
      [Ref Enq: 0.1 ms]
      [Free CSet: 1.5 ms]
   [Eden: 184.0M(184.0M)->0.0B(184.0M) Survivors: 20.0M->20.0M Heap: 1517.0M(4096.0M)->1214.0M(4096.0M)]
 [Times: user=0.58 sys=0.00, real=0.30 secs] 
2016-08-30T16:54:39.999+0200: 11930.133: [GC pause (mixed), 0.1453830 secs]
   [Parallel Time: 139.1 ms, GC Workers: 2]
      [GC Worker Start (ms): Min: 11930135.6, Avg: 11930135.6, Max: 11930135.6, Diff: 0.0]
      [Ext Root Scanning (ms): Min: 51.3, Avg: 51.6, Max: 51.8, Diff: 0.5, Sum: 103.1]
      [Update RS (ms): Min: 38.5, Avg: 38.6, Max: 38.7, Diff: 0.1, Sum: 77.2]
         [Processed Buffers: Min: 402, Avg: 410.5, Max: 419, Diff: 17, Sum: 821]
      [Scan RS (ms): Min: 13.5, Avg: 13.7, Max: 14.0, Diff: 0.5, Sum: 27.4]
      [Code Root Scanning (ms): Min: 0.0, Avg: 0.1, Max: 0.1, Diff: 0.1, Sum: 0.1]
      [Object Copy (ms): Min: 34.4, Avg: 34.9, Max: 35.5, Diff: 1.1, Sum: 69.9]
      [Termination (ms): Min: 0.0, Avg: 0.0, Max: 0.0, Diff: 0.0, Sum: 0.0]
      [GC Worker Other (ms): Min: 0.1, Avg: 0.1, Max: 0.1, Diff: 0.1, Sum: 0.2]
      [GC Worker Total (ms): Min: 139.0, Avg: 139.0, Max: 139.0, Diff: 0.0, Sum: 278.0]
      [GC Worker End (ms): Min: 11930274.6, Avg: 11930274.6, Max: 11930274.6, Diff: 0.0]
   [Code Root Fixup: 0.2 ms]
   [Code Root Migration: 0.0 ms]
   [Clear CT: 0.7 ms]
   [Other: 5.4 ms]
      [Choose CSet: 0.0 ms]
      [Ref Proc: 1.5 ms]
      [Ref Enq: 0.1 ms]
      [Free CSet: 0.5 ms]
   [Eden: 184.0M(184.0M)->0.0B(186.0M) Survivors: 20.0M->18.0M Heap: 1398.0M(4096.0M)->1225.0M(4096.0M)]
 [Times: user=0.29 sys=0.01, real=0.14 secs] 
2016-08-30T16:54:45.434+0200: 11935.569: [GC pause (young), 0.1483870 secs]
   [Parallel Time: 141.8 ms, GC Workers: 2]
      [GC Worker Start (ms): Min: 11935570.4, Avg: 11935570.4, Max: 11935570.4, Diff: 0.0]
      [Ext Root Scanning (ms): Min: 50.8, Avg: 50.9, Max: 51.0, Diff: 0.2, Sum: 101.9]
      [Update RS (ms): Min: 45.1, Avg: 45.6, Max: 46.1, Diff: 1.0, Sum: 91.2]
         [Processed Buffers: Min: 375, Avg: 461.5, Max: 548, Diff: 173, Sum: 923]
      [Scan RS (ms): Min: 6.5, Avg: 7.0, Max: 7.4, Diff: 0.9, Sum: 14.0]
      [Code Root Scanning (ms): Min: 0.0, Avg: 0.1, Max: 0.1, Diff: 0.1, Sum: 0.1]
      [Object Copy (ms): Min: 38.0, Avg: 38.1, Max: 38.2, Diff: 0.2, Sum: 76.2]
      [Termination (ms): Min: 0.0, Avg: 0.0, Max: 0.0, Diff: 0.0, Sum: 0.0]
      [GC Worker Other (ms): Min: 0.1, Avg: 0.1, Max: 0.1, Diff: 0.0, Sum: 0.1]
      [GC Worker Total (ms): Min: 141.8, Avg: 141.8, Max: 141.8, Diff: 0.0, Sum: 283.5]
      [GC Worker End (ms): Min: 11935712.1, Avg: 11935712.1, Max: 11935712.1, Diff: 0.0]
   [Code Root Fixup: 0.5 ms]
   [Code Root Migration: 0.0 ms]
   [Clear CT: 0.4 ms]
   [Other: 5.6 ms]
      [Choose CSet: 0.0 ms]
      [Ref Proc: 1.7 ms]
      [Ref Enq: 0.2 ms]
      [Free CSet: 0.5 ms]
   [Eden: 186.0M(186.0M)->0.0B(180.0M) Survivors: 18.0M->24.0M Heap: 1411.0M(4096.0M)->1247.0M(4096.0M)]
 [Times: user=0.28 sys=0.00, real=0.15 secs] 
2016-08-30T16:54:50.627+0200: 11940.761: [GC pause (young), 0.1526550 secs]
   [Parallel Time: 145.6 ms, GC Workers: 2]
      [GC Worker Start (ms): Min: 11940763.0, Avg: 11940763.7, Max: 11940764.3, Diff: 1.3]
      [Ext Root Scanning (ms): Min: 53.6, Avg: 56.2, Max: 58.8, Diff: 5.2, Sum: 112.4]
      [Update RS (ms): Min: 41.0, Avg: 41.1, Max: 41.2, Diff: 0.2, Sum: 82.1]
         [Processed Buffers: Min: 396, Avg: 411.5, Max: 427, Diff: 31, Sum: 823]
      [Scan RS (ms): Min: 7.3, Avg: 7.4, Max: 7.4, Diff: 0.1, Sum: 14.7]
      [Code Root Scanning (ms): Min: 0.1, Avg: 0.1, Max: 0.1, Diff: 0.0, Sum: 0.1]
      [Object Copy (ms): Min: 37.8, Avg: 39.9, Max: 42.0, Diff: 4.2, Sum: 79.8]
      [Termination (ms): Min: 0.0, Avg: 0.0, Max: 0.0, Diff: 0.0, Sum: 0.0]
      [GC Worker Other (ms): Min: 0.1, Avg: 0.1, Max: 0.2, Diff: 0.2, Sum: 0.3]
      [GC Worker Total (ms): Min: 144.1, Avg: 144.7, Max: 145.4, Diff: 1.4, Sum: 289.5]
      [GC Worker End (ms): Min: 11940908.4, Avg: 11940908.4, Max: 11940908.4, Diff: 0.1]
   [Code Root Fixup: 0.4 ms]
   [Code Root Migration: 0.0 ms]
   [Clear CT: 0.4 ms]
   [Other: 6.2 ms]
      [Choose CSet: 0.0 ms]
      [Ref Proc: 2.4 ms]
      [Ref Enq: 0.2 ms]
      [Free CSet: 0.5 ms]
   [Eden: 180.0M(180.0M)->0.0B(190.0M) Survivors: 24.0M->14.0M Heap: 1427.0M(4096.0M)->1258.0M(4096.0M)]
 [Times: user=0.27 sys=0.00, real=0.16 secs] 
2016-08-30T16:54:56.706+0200: 11946.840: [GC pause (young), 0.1449950 secs]
   [Parallel Time: 137.7 ms, GC Workers: 2]
      [GC Worker Start (ms): Min: 11946841.8, Avg: 11946843.0, Max: 11946844.3, Diff: 2.5]
      [Ext Root Scanning (ms): Min: 50.2, Avg: 50.9, Max: 51.6, Diff: 1.5, Sum: 101.8]
      [Update RS (ms): Min: 40.8, Avg: 41.2, Max: 41.5, Diff: 0.7, Sum: 82.4]
         [Processed Buffers: Min: 424, Avg: 433.0, Max: 442, Diff: 18, Sum: 866]
      [Scan RS (ms): Min: 6.9, Avg: 7.1, Max: 7.2, Diff: 0.3, Sum: 14.2]
      [Code Root Scanning (ms): Min: 0.0, Avg: 0.1, Max: 0.1, Diff: 0.1, Sum: 0.1]
      [Object Copy (ms): Min: 36.4, Avg: 37.0, Max: 37.7, Diff: 1.2, Sum: 74.1]
      [Termination (ms): Min: 0.0, Avg: 0.0, Max: 0.0, Diff: 0.0, Sum: 0.0]
      [GC Worker Other (ms): Min: 0.1, Avg: 0.2, Max: 0.2, Diff: 0.1, Sum: 0.4]
      [GC Worker Total (ms): Min: 135.2, Avg: 136.4, Max: 137.7, Diff: 2.5, Sum: 272.9]
      [GC Worker End (ms): Min: 11946979.5, Avg: 11946979.5, Max: 11946979.5, Diff: 0.0]
   [Code Root Fixup: 0.6 ms]
   [Code Root Migration: 0.0 ms]
   [Clear CT: 0.4 ms]
   [Other: 6.2 ms]
      [Choose CSet: 0.0 ms]
      [Ref Proc: 2.5 ms]
      [Ref Enq: 0.2 ms]
      [Free CSet: 0.5 ms]
   [Eden: 190.0M(190.0M)->0.0B(178.0M) Survivors: 14.0M->26.0M Heap: 1448.0M(4096.0M)->1274.0M(4096.0M)]
 [Times: user=0.28 sys=0.01, real=0.15 secs] 
2016-08-30T16:55:03.279+0200: 11953.413: [GC pause (young), 0.1518890 secs]
   [Parallel Time: 145.2 ms, GC Workers: 2]
      [GC Worker Start (ms): Min: 11953414.6, Avg: 11953414.6, Max: 11953414.6, Diff: 0.0]
      [Ext Root Scanning (ms): Min: 49.5, Avg: 50.0, Max: 50.4, Diff: 0.9, Sum: 99.9]
      [Update RS (ms): Min: 37.1, Avg: 37.2, Max: 37.2, Diff: 0.2, Sum: 74.3]
         [Processed Buffers: Min: 348, Avg: 399.5, Max: 451, Diff: 103, Sum: 799]
      [Scan RS (ms): Min: 11.3, Avg: 11.5, Max: 11.8, Diff: 0.5, Sum: 23.0]
      [Code Root Scanning (ms): Min: 0.1, Avg: 0.1, Max: 0.1, Diff: 0.0, Sum: 0.1]
      [Object Copy (ms): Min: 45.5, Avg: 46.2, Max: 46.9, Diff: 1.3, Sum: 92.4]
      [Termination (ms): Min: 0.0, Avg: 0.0, Max: 0.0, Diff: 0.0, Sum: 0.0]
      [GC Worker Other (ms): Min: 0.1, Avg: 0.1, Max: 0.2, Diff: 0.1, Sum: 0.2]
      [GC Worker Total (ms): Min: 145.0, Avg: 145.0, Max: 145.0, Diff: 0.0, Sum: 290.0]
      [GC Worker End (ms): Min: 11953559.6, Avg: 11953559.6, Max: 11953559.6, Diff: 0.0]
   [Code Root Fixup: 0.4 ms]
   [Code Root Migration: 0.0 ms]
   [Clear CT: 0.5 ms]
   [Other: 5.8 ms]
      [Choose CSet: 0.0 ms]
      [Ref Proc: 2.1 ms]
      [Ref Enq: 0.2 ms]
      [Free CSet: 0.5 ms]
   [Eden: 178.0M(178.0M)->0.0B(196.0M) Survivors: 26.0M->18.0M Heap: 1452.0M(4096.0M)->1292.0M(4096.0M)]
 [Times: user=0.30 sys=0.00, real=0.16 secs] 
2016-08-30T16:55:09.580+0200: 11959.714: [GC pause (young), 0.1196570 secs]
   [Parallel Time: 114.6 ms, GC Workers: 2]
      [GC Worker Start (ms): Min: 11959715.8, Avg: 11959715.8, Max: 11959715.8, Diff: 0.0]
      [Ext Root Scanning (ms): Min: 46.2, Avg: 49.0, Max: 51.8, Diff: 5.6, Sum: 98.0]
      [Update RS (ms): Min: 29.7, Avg: 31.6, Max: 33.6, Diff: 3.8, Sum: 63.3]
         [Processed Buffers: Min: 268, Avg: 398.0, Max: 528, Diff: 260, Sum: 796]
      [Scan RS (ms): Min: 4.6, Avg: 4.8, Max: 5.0, Diff: 0.5, Sum: 9.6]
      [Code Root Scanning (ms): Min: 0.0, Avg: 0.0, Max: 0.0, Diff: 0.0, Sum: 0.1]
      [Object Copy (ms): Min: 28.3, Avg: 28.9, Max: 29.6, Diff: 1.3, Sum: 57.9]
      [Termination (ms): Min: 0.0, Avg: 0.0, Max: 0.0, Diff: 0.0, Sum: 0.0]
      [GC Worker Other (ms): Min: 0.1, Avg: 0.1, Max: 0.1, Diff: 0.0, Sum: 0.3]
      [GC Worker Total (ms): Min: 114.6, Avg: 114.6, Max: 114.6, Diff: 0.0, Sum: 229.1]
      [GC Worker End (ms): Min: 11959830.3, Avg: 11959830.4, Max: 11959830.4, Diff: 0.0]
   [Code Root Fixup: 0.3 ms]
   [Code Root Migration: 0.0 ms]
   [Clear CT: 0.3 ms]
   [Other: 4.4 ms]
      [Choose CSet: 0.0 ms]
      [Ref Proc: 1.4 ms]
      [Ref Enq: 0.1 ms]
      [Free CSet: 0.4 ms]
   [Eden: 196.0M(196.0M)->0.0B(426.0M) Survivors: 18.0M->18.0M Heap: 1488.0M(4096.0M)->1307.0M(4096.0M)]
 [Times: user=0.23 sys=0.00, real=0.12 secs] 
2016-08-30T16:55:22.771+0200: 11972.906: [GC pause (young), 0.2010210 secs]
   [Parallel Time: 188.9 ms, GC Workers: 2]
      [GC Worker Start (ms): Min: 11972907.5, Avg: 11972909.2, Max: 11972910.9, Diff: 3.4]
      [Ext Root Scanning (ms): Min: 48.4, Avg: 49.2, Max: 50.0, Diff: 1.6, Sum: 98.4]
      [Update RS (ms): Min: 67.6, Avg: 67.7, Max: 67.8, Diff: 0.2, Sum: 135.4]
         [Processed Buffers: Min: 490, Avg: 526.0, Max: 562, Diff: 72, Sum: 1052]
      [Scan RS (ms): Min: 9.3, Avg: 9.4, Max: 9.6, Diff: 0.3, Sum: 18.8]
      [Code Root Scanning (ms): Min: 0.1, Avg: 0.2, Max: 0.2, Diff: 0.0, Sum: 0.3]
      [Object Copy (ms): Min: 59.6, Avg: 60.5, Max: 61.3, Diff: 1.8, Sum: 120.9]
      [Termination (ms): Min: 0.0, Avg: 0.0, Max: 0.1, Diff: 0.1, Sum: 0.1]
      [GC Worker Other (ms): Min: 0.1, Avg: 0.1, Max: 0.2, Diff: 0.1, Sum: 0.3]
      [GC Worker Total (ms): Min: 185.4, Avg: 187.1, Max: 188.8, Diff: 3.4, Sum: 374.2]
      [GC Worker End (ms): Min: 11973096.3, Avg: 11973096.3, Max: 11973096.3, Diff: 0.0]
   [Code Root Fixup: 0.4 ms]
   [Code Root Migration: 0.1 ms]
   [Clear CT: 0.5 ms]
   [Other: 11.1 ms]
      [Choose CSet: 0.0 ms]
      [Ref Proc: 6.2 ms]
      [Ref Enq: 0.5 ms]
      [Free CSet: 1.0 ms]
   [Eden: 426.0M(426.0M)->0.0B(148.0M) Survivors: 18.0M->56.0M Heap: 1733.0M(4096.0M)->1346.0M(4096.0M)]
 [Times: user=0.39 sys=0.00, real=0.21 secs] 
2016-08-30T16:55:28.342+0200: 11978.476: [GC pause (young), 0.1703840 secs]
   [Parallel Time: 163.8 ms, GC Workers: 2]
      [GC Worker Start (ms): Min: 11978477.5, Avg: 11978477.5, Max: 11978477.5, Diff: 0.0]
      [Ext Root Scanning (ms): Min: 51.4, Avg: 51.9, Max: 52.3, Diff: 0.9, Sum: 103.7]
      [Update RS (ms): Min: 33.5, Avg: 33.7, Max: 33.9, Diff: 0.4, Sum: 67.4]
         [Processed Buffers: Min: 327, Avg: 340.0, Max: 353, Diff: 26, Sum: 680]
      [Scan RS (ms): Min: 15.4, Avg: 15.8, Max: 16.3, Diff: 0.9, Sum: 31.7]
      [Code Root Scanning (ms): Min: 0.0, Avg: 0.1, Max: 0.1, Diff: 0.1, Sum: 0.1]
      [Object Copy (ms): Min: 62.1, Avg: 62.2, Max: 62.4, Diff: 0.4, Sum: 124.5]
      [Termination (ms): Min: 0.0, Avg: 0.0, Max: 0.0, Diff: 0.0, Sum: 0.0]
      [GC Worker Other (ms): Min: 0.1, Avg: 0.1, Max: 0.1, Diff: 0.0, Sum: 0.1]
      [GC Worker Total (ms): Min: 163.7, Avg: 163.7, Max: 163.8, Diff: 0.0, Sum: 327.5]
      [GC Worker End (ms): Min: 11978641.3, Avg: 11978641.3, Max: 11978641.3, Diff: 0.0]
   [Code Root Fixup: 0.2 ms]
   [Code Root Migration: 0.0 ms]
   [Clear CT: 0.4 ms]
   [Other: 5.8 ms]
      [Choose CSet: 0.0 ms]
      [Ref Proc: 2.3 ms]
      [Ref Enq: 0.1 ms]
      [Free CSet: 0.5 ms]
   [Eden: 148.0M(148.0M)->0.0B(454.0M) Survivors: 56.0M->14.0M Heap: 1494.0M(4096.0M)->1348.0M(4096.0M)]
 [Times: user=0.32 sys=0.00, real=0.17 secs] 
2016-08-30T16:55:41.379+0200: 11991.513: [GC pause (young), 0.1904650 secs]
   [Parallel Time: 182.0 ms, GC Workers: 2]
      [GC Worker Start (ms): Min: 11991515.3, Avg: 11991515.3, Max: 11991515.3, Diff: 0.0]
      [Ext Root Scanning (ms): Min: 51.9, Avg: 52.2, Max: 52.6, Diff: 0.7, Sum: 104.4]
      [Update RS (ms): Min: 75.3, Avg: 76.2, Max: 77.1, Diff: 1.9, Sum: 152.4]
         [Processed Buffers: Min: 474, Avg: 520.0, Max: 566, Diff: 92, Sum: 1040]
      [Scan RS (ms): Min: 5.9, Avg: 6.1, Max: 6.2, Diff: 0.4, Sum: 12.1]
      [Code Root Scanning (ms): Min: 0.1, Avg: 0.1, Max: 0.2, Diff: 0.1, Sum: 0.2]
      [Object Copy (ms): Min: 46.8, Avg: 47.1, Max: 47.5, Diff: 0.8, Sum: 94.3]
      [Termination (ms): Min: 0.0, Avg: 0.0, Max: 0.0, Diff: 0.0, Sum: 0.0]
      [GC Worker Other (ms): Min: 0.1, Avg: 0.1, Max: 0.1, Diff: 0.0, Sum: 0.3]
      [GC Worker Total (ms): Min: 181.9, Avg: 181.9, Max: 181.9, Diff: 0.0, Sum: 363.8]
      [GC Worker End (ms): Min: 11991697.2, Avg: 11991697.2, Max: 11991697.2, Diff: 0.0]
   [Code Root Fixup: 0.3 ms]
   [Code Root Migration: 0.1 ms]
   [Clear CT: 0.4 ms]
   [Other: 7.7 ms]
      [Choose CSet: 0.0 ms]
      [Ref Proc: 3.8 ms]
      [Ref Enq: 0.2 ms]
      [Free CSet: 0.7 ms]
   [Eden: 454.0M(454.0M)->0.0B(166.0M) Survivors: 14.0M->60.0M Heap: 1802.0M(4096.0M)->1394.0M(4096.0M)]
 [Times: user=0.36 sys=0.00, real=0.19 secs] 
2016-08-30T16:55:45.580+0200: 11995.715: [GC pause (young), 0.1704220 secs]
   [Parallel Time: 163.7 ms, GC Workers: 2]
      [GC Worker Start (ms): Min: 11995716.2, Avg: 11995716.2, Max: 11995716.2, Diff: 0.0]
      [Ext Root Scanning (ms): Min: 51.3, Avg: 51.4, Max: 51.5, Diff: 0.2, Sum: 102.9]
      [Update RS (ms): Min: 35.5, Avg: 35.6, Max: 35.7, Diff: 0.2, Sum: 71.2]
         [Processed Buffers: Min: 352, Avg: 378.0, Max: 404, Diff: 52, Sum: 756]
      [Scan RS (ms): Min: 13.0, Avg: 13.2, Max: 13.5, Diff: 0.5, Sum: 26.5]
      [Code Root Scanning (ms): Min: 0.0, Avg: 0.1, Max: 0.1, Diff: 0.1, Sum: 0.1]
      [Object Copy (ms): Min: 62.8, Avg: 63.1, Max: 63.4, Diff: 0.6, Sum: 126.2]
      [Termination (ms): Min: 0.0, Avg: 0.0, Max: 0.0, Diff: 0.0, Sum: 0.0]
      [GC Worker Other (ms): Min: 0.2, Avg: 0.2, Max: 0.2, Diff: 0.0, Sum: 0.3]
      [GC Worker Total (ms): Min: 163.6, Avg: 163.6, Max: 163.6, Diff: 0.0, Sum: 327.2]
      [GC Worker End (ms): Min: 11995879.8, Avg: 11995879.8, Max: 11995879.8, Diff: 0.0]
   [Code Root Fixup: 0.6 ms]
   [Code Root Migration: 0.0 ms]
   [Clear CT: 0.4 ms]
   [Other: 5.7 ms]
      [Choose CSet: 0.0 ms]
      [Ref Proc: 1.9 ms]
      [Ref Enq: 0.2 ms]
      [Free CSet: 0.4 ms]
   [Eden: 166.0M(166.0M)->0.0B(392.0M) Survivors: 60.0M->18.0M Heap: 1560.0M(4096.0M)->1405.0M(4096.0M)]
 [Times: user=0.33 sys=0.00, real=0.17 secs] 
2016-08-30T16:56:00.640+0200: 12010.774: [GC pause (young), 0.1993430 secs]
   [Parallel Time: 188.6 ms, GC Workers: 2]
      [GC Worker Start (ms): Min: 12010776.0, Avg: 12010776.1, Max: 12010776.1, Diff: 0.0]
      [Ext Root Scanning (ms): Min: 67.6, Avg: 67.7, Max: 67.9, Diff: 0.4, Sum: 135.5]
      [Update RS (ms): Min: 58.2, Avg: 58.6, Max: 58.9, Diff: 0.8, Sum: 117.1]
         [Processed Buffers: Min: 444, Avg: 468.0, Max: 492, Diff: 48, Sum: 936]
      [Scan RS (ms): Min: 9.4, Avg: 9.5, Max: 9.5, Diff: 0.1, Sum: 19.0]
      [Code Root Scanning (ms): Min: 0.1, Avg: 0.1, Max: 0.2, Diff: 0.0, Sum: 0.3]
      [Object Copy (ms): Min: 52.2, Avg: 52.4, Max: 52.5, Diff: 0.3, Sum: 104.7]
      [Termination (ms): Min: 0.0, Avg: 0.0, Max: 0.0, Diff: 0.0, Sum: 0.0]
      [GC Worker Other (ms): Min: 0.1, Avg: 0.2, Max: 0.2, Diff: 0.0, Sum: 0.3]
      [GC Worker Total (ms): Min: 188.5, Avg: 188.5, Max: 188.5, Diff: 0.0, Sum: 376.9]
      [GC Worker End (ms): Min: 12010964.5, Avg: 12010964.5, Max: 12010964.5, Diff: 0.0]
   [Code Root Fixup: 0.4 ms]
   [Code Root Migration: 0.1 ms]
   [Clear CT: 0.5 ms]
   [Other: 9.7 ms]
      [Choose CSet: 0.0 ms]
      [Ref Proc: 5.1 ms]
      [Ref Enq: 0.4 ms]
      [Free CSet: 1.0 ms]
   [Eden: 392.0M(392.0M)->0.0B(172.0M) Survivors: 18.0M->44.0M Heap: 1797.0M(4096.0M)->1431.0M(4096.0M)]
 [Times: user=0.39 sys=0.00, real=0.20 secs] 
2016-08-30T16:56:05.994+0200: 12016.128: [GC pause (young), 0.1544410 secs]
   [Parallel Time: 149.0 ms, GC Workers: 2]
      [GC Worker Start (ms): Min: 12016130.0, Avg: 12016130.0, Max: 12016130.0, Diff: 0.0]
      [Ext Root Scanning (ms): Min: 52.0, Avg: 53.0, Max: 54.0, Diff: 1.9, Sum: 106.0]
      [Update RS (ms): Min: 36.4, Avg: 37.0, Max: 37.5, Diff: 1.1, Sum: 73.9]
         [Processed Buffers: Min: 322, Avg: 352.5, Max: 383, Diff: 61, Sum: 705]
      [Scan RS (ms): Min: 13.0, Avg: 13.5, Max: 14.0, Diff: 1.0, Sum: 27.0]
      [Code Root Scanning (ms): Min: 0.1, Avg: 0.1, Max: 0.1, Diff: 0.0, Sum: 0.1]
      [Object Copy (ms): Min: 45.2, Avg: 45.3, Max: 45.4, Diff: 0.2, Sum: 90.6]
      [Termination (ms): Min: 0.0, Avg: 0.0, Max: 0.0, Diff: 0.0, Sum: 0.0]
      [GC Worker Other (ms): Min: 0.1, Avg: 0.1, Max: 0.1, Diff: 0.0, Sum: 0.1]
      [GC Worker Total (ms): Min: 148.9, Avg: 148.9, Max: 148.9, Diff: 0.0, Sum: 297.8]
      [GC Worker End (ms): Min: 12016278.9, Avg: 12016278.9, Max: 12016278.9, Diff: 0.0]
   [Code Root Fixup: 0.3 ms]
   [Code Root Migration: 0.0 ms]
   [Clear CT: 0.4 ms]
   [Other: 4.7 ms]
      [Choose CSet: 0.0 ms]
      [Ref Proc: 1.3 ms]
      [Ref Enq: 0.1 ms]
      [Free CSet: 0.4 ms]
   [Eden: 172.0M(172.0M)->0.0B(406.0M) Survivors: 44.0M->20.0M Heap: 1603.0M(4096.0M)->1442.0M(4096.0M)]
 [Times: user=0.29 sys=0.00, real=0.16 secs] 
2016-08-30T16:56:18.853+0200: 12028.988: [GC pause (young), 0.1796220 secs]
   [Parallel Time: 170.9 ms, GC Workers: 2]
      [GC Worker Start (ms): Min: 12028989.9, Avg: 12028989.9, Max: 12028989.9, Diff: 0.0]
      [Ext Root Scanning (ms): Min: 51.8, Avg: 51.9, Max: 52.0, Diff: 0.2, Sum: 103.8]
      [Update RS (ms): Min: 67.5, Avg: 68.1, Max: 68.6, Diff: 1.1, Sum: 136.2]
         [Processed Buffers: Min: 498, Avg: 542.5, Max: 587, Diff: 89, Sum: 1085]
      [Scan RS (ms): Min: 8.0, Avg: 8.3, Max: 8.7, Diff: 0.8, Sum: 16.7]
      [Code Root Scanning (ms): Min: 0.1, Avg: 0.1, Max: 0.1, Diff: 0.0, Sum: 0.3]
      [Object Copy (ms): Min: 42.0, Avg: 42.2, Max: 42.4, Diff: 0.5, Sum: 84.4]
      [Termination (ms): Min: 0.0, Avg: 0.0, Max: 0.0, Diff: 0.0, Sum: 0.0]
      [GC Worker Other (ms): Min: 0.2, Avg: 0.2, Max: 0.2, Diff: 0.0, Sum: 0.4]
      [GC Worker Total (ms): Min: 170.8, Avg: 170.8, Max: 170.8, Diff: 0.0, Sum: 341.6]
      [GC Worker End (ms): Min: 12029160.7, Avg: 12029160.7, Max: 12029160.7, Diff: 0.0]
   [Code Root Fixup: 0.3 ms]
   [Code Root Migration: 0.1 ms]
   [Clear CT: 0.7 ms]
   [Other: 7.7 ms]
      [Choose CSet: 0.0 ms]
      [Ref Proc: 3.7 ms]
      [Ref Enq: 0.3 ms]
      [Free CSet: 0.7 ms]
   [Eden: 406.0M(406.0M)->0.0B(232.0M) Survivors: 20.0M->54.0M Heap: 1848.0M(4096.0M)->1479.0M(4096.0M)]
 [Times: user=0.35 sys=0.00, real=0.18 secs] 
2016-08-30T16:56:26.089+0200: 12036.224: [GC pause (young), 0.1751750 secs]
   [Parallel Time: 168.7 ms, GC Workers: 2]
      [GC Worker Start (ms): Min: 12036225.1, Avg: 12036225.9, Max: 12036226.7, Diff: 1.6]
      [Ext Root Scanning (ms): Min: 50.7, Avg: 51.1, Max: 51.5, Diff: 0.8, Sum: 102.2]
      [Update RS (ms): Min: 44.4, Avg: 45.0, Max: 45.6, Diff: 1.2, Sum: 90.0]
         [Processed Buffers: Min: 386, Avg: 417.0, Max: 448, Diff: 62, Sum: 834]
      [Scan RS (ms): Min: 14.1, Avg: 14.5, Max: 14.8, Diff: 0.6, Sum: 28.9]
      [Code Root Scanning (ms): Min: 0.0, Avg: 0.1, Max: 0.2, Diff: 0.1, Sum: 0.2]
      [Object Copy (ms): Min: 56.4, Avg: 57.1, Max: 57.7, Diff: 1.2, Sum: 114.1]
      [Termination (ms): Min: 0.0, Avg: 0.0, Max: 0.0, Diff: 0.0, Sum: 0.0]
      [GC Worker Other (ms): Min: 0.2, Avg: 0.2, Max: 0.2, Diff: 0.0, Sum: 0.4]
      [GC Worker Total (ms): Min: 167.1, Avg: 167.9, Max: 168.7, Diff: 1.6, Sum: 335.7]
      [GC Worker End (ms): Min: 12036393.7, Avg: 12036393.7, Max: 12036393.7, Diff: 0.0]
   [Code Root Fixup: 0.3 ms]
   [Code Root Migration: 0.0 ms]
   [Clear CT: 0.4 ms]
   [Other: 5.7 ms]
      [Choose CSet: 0.0 ms]
      [Ref Proc: 2.1 ms]
      [Ref Enq: 0.1 ms]
      [Free CSet: 0.5 ms]
   [Eden: 232.0M(232.0M)->0.0B(462.0M) Survivors: 54.0M->22.0M Heap: 1711.0M(4096.0M)->1486.0M(4096.0M)]
 [Times: user=0.34 sys=0.00, real=0.18 secs] 
2016-08-30T16:56:42.350+0200: 12052.485: [GC pause (young), 0.1908260 secs]
   [Parallel Time: 182.0 ms, GC Workers: 2]
      [GC Worker Start (ms): Min: 12052486.9, Avg: 12052487.0, Max: 12052487.0, Diff: 0.1]
      [Ext Root Scanning (ms): Min: 50.7, Avg: 51.0, Max: 51.2, Diff: 0.4, Sum: 101.9]
      [Update RS (ms): Min: 66.5, Avg: 67.2, Max: 67.8, Diff: 1.3, Sum: 134.3]
         [Processed Buffers: Min: 483, Avg: 499.5, Max: 516, Diff: 33, Sum: 999]
      [Scan RS (ms): Min: 10.4, Avg: 10.9, Max: 11.3, Diff: 0.9, Sum: 21.7]
      [Code Root Scanning (ms): Min: 0.1, Avg: 0.2, Max: 0.2, Diff: 0.0, Sum: 0.3]
      [Object Copy (ms): Min: 52.6, Avg: 52.6, Max: 52.7, Diff: 0.1, Sum: 105.2]
      [Termination (ms): Min: 0.0, Avg: 0.0, Max: 0.0, Diff: 0.0, Sum: 0.0]
      [GC Worker Other (ms): Min: 0.2, Avg: 0.2, Max: 0.2, Diff: 0.0, Sum: 0.3]
      [GC Worker Total (ms): Min: 181.9, Avg: 181.9, Max: 182.0, Diff: 0.1, Sum: 363.9]
      [GC Worker End (ms): Min: 12052668.9, Avg: 12052668.9, Max: 12052668.9, Diff: 0.0]
   [Code Root Fixup: 0.2 ms]
   [Code Root Migration: 0.1 ms]
   [Clear CT: 0.4 ms]
   [Other: 8.1 ms]
      [Choose CSet: 0.0 ms]
      [Ref Proc: 3.9 ms]
      [Ref Enq: 0.2 ms]
      [Free CSet: 0.8 ms]
   [Eden: 462.0M(462.0M)->0.0B(244.0M) Survivors: 22.0M->62.0M Heap: 1948.0M(4096.0M)->1525.0M(4096.0M)]
 [Times: user=0.36 sys=0.00, real=0.19 secs] 
2016-08-30T16:56:50.821+0200: 12060.955: [GC pause (young), 0.2259380 secs]
   [Parallel Time: 216.4 ms, GC Workers: 2]
      [GC Worker Start (ms): Min: 12060956.7, Avg: 12060956.7, Max: 12060956.7, Diff: 0.0]
      [Ext Root Scanning (ms): Min: 54.5, Avg: 66.3, Max: 78.1, Diff: 23.6, Sum: 132.6]
      [Update RS (ms): Min: 44.9, Avg: 55.1, Max: 65.3, Diff: 20.4, Sum: 110.2]
         [Processed Buffers: Min: 161, Avg: 397.0, Max: 633, Diff: 472, Sum: 794]
      [Scan RS (ms): Min: 21.0, Avg: 21.5, Max: 22.0, Diff: 1.0, Sum: 43.0]
      [Code Root Scanning (ms): Min: 0.0, Avg: 0.1, Max: 0.2, Diff: 0.2, Sum: 0.2]
      [Object Copy (ms): Min: 69.8, Avg: 71.0, Max: 72.3, Diff: 2.5, Sum: 142.0]
      [Termination (ms): Min: 0.0, Avg: 2.2, Max: 4.4, Diff: 4.4, Sum: 4.4]
      [GC Worker Other (ms): Min: 0.1, Avg: 0.1, Max: 0.1, Diff: 0.1, Sum: 0.2]
      [GC Worker Total (ms): Min: 216.3, Avg: 216.3, Max: 216.3, Diff: 0.0, Sum: 432.7]
      [GC Worker End (ms): Min: 12061173.0, Avg: 12061173.0, Max: 12061173.0, Diff: 0.0]
   [Code Root Fixup: 0.3 ms]
   [Code Root Migration: 0.0 ms]
   [Clear CT: 0.7 ms]
   [Other: 8.5 ms]
      [Choose CSet: 0.0 ms]
      [Ref Proc: 4.9 ms]
      [Ref Enq: 0.1 ms]
      [Free CSet: 0.5 ms]
   [Eden: 244.0M(244.0M)->0.0B(274.0M) Survivors: 62.0M->22.0M Heap: 1769.0M(4096.0M)->1537.0M(4096.0M)]
 [Times: user=0.34 sys=0.00, real=0.23 secs] 
2016-08-30T16:57:00.170+0200: 12070.305: [GC pause (young), 0.1861750 secs]
   [Parallel Time: 177.1 ms, GC Workers: 2]
      [GC Worker Start (ms): Min: 12070306.8, Avg: 12070308.9, Max: 12070311.0, Diff: 4.2]
      [Ext Root Scanning (ms): Min: 56.6, Avg: 59.9, Max: 63.2, Diff: 6.6, Sum: 119.8]
      [Update RS (ms): Min: 51.5, Avg: 56.9, Max: 62.2, Diff: 10.7, Sum: 113.7]
         [Processed Buffers: Min: 434, Avg: 467.5, Max: 501, Diff: 67, Sum: 935]
      [Scan RS (ms): Min: 8.1, Avg: 8.5, Max: 8.9, Diff: 0.8, Sum: 17.0]
      [Code Root Scanning (ms): Min: 0.0, Avg: 0.1, Max: 0.2, Diff: 0.1, Sum: 0.2]
      [Object Copy (ms): Min: 49.0, Avg: 49.4, Max: 49.8, Diff: 0.9, Sum: 98.8]
      [Termination (ms): Min: 0.0, Avg: 0.0, Max: 0.0, Diff: 0.0, Sum: 0.0]
      [GC Worker Other (ms): Min: 0.1, Avg: 0.2, Max: 0.2, Diff: 0.0, Sum: 0.3]
      [GC Worker Total (ms): Min: 172.8, Avg: 175.0, Max: 177.1, Diff: 4.2, Sum: 349.9]
      [GC Worker End (ms): Min: 12070483.8, Avg: 12070483.8, Max: 12070483.8, Diff: 0.0]
   [Code Root Fixup: 0.4 ms]
   [Code Root Migration: 0.0 ms]
   [Clear CT: 0.5 ms]
   [Other: 8.1 ms]
      [Choose CSet: 0.0 ms]
      [Ref Proc: 3.6 ms]
      [Ref Enq: 0.3 ms]
      [Free CSet: 0.6 ms]
   [Eden: 274.0M(274.0M)->0.0B(242.0M) Survivors: 22.0M->28.0M Heap: 1811.0M(4096.0M)->1560.0M(4096.0M)]
 [Times: user=0.35 sys=0.00, real=0.18 secs] 
2016-08-30T16:57:08.604+0200: 12078.739: [GC pause (young), 0.1579500 secs]
   [Parallel Time: 151.5 ms, GC Workers: 2]
      [GC Worker Start (ms): Min: 12078740.5, Avg: 12078740.7, Max: 12078740.9, Diff: 0.3]
      [Ext Root Scanning (ms): Min: 51.0, Avg: 51.1, Max: 51.1, Diff: 0.0, Sum: 102.1]
      [Update RS (ms): Min: 47.4, Avg: 47.9, Max: 48.4, Diff: 1.0, Sum: 95.8]
         [Processed Buffers: Min: 443, Avg: 451.5, Max: 460, Diff: 17, Sum: 903]
      [Scan RS (ms): Min: 8.9, Avg: 9.4, Max: 9.9, Diff: 1.0, Sum: 18.9]
      [Code Root Scanning (ms): Min: 0.0, Avg: 0.1, Max: 0.2, Diff: 0.2, Sum: 0.2]
      [Object Copy (ms): Min: 42.5, Avg: 42.6, Max: 42.7, Diff: 0.3, Sum: 85.2]
      [Termination (ms): Min: 0.0, Avg: 0.0, Max: 0.0, Diff: 0.0, Sum: 0.0]
      [GC Worker Other (ms): Min: 0.2, Avg: 0.2, Max: 0.2, Diff: 0.0, Sum: 0.4]
      [GC Worker Total (ms): Min: 151.1, Avg: 151.3, Max: 151.4, Diff: 0.3, Sum: 302.6]
      [GC Worker End (ms): Min: 12078892.0, Avg: 12078892.0, Max: 12078892.0, Diff: 0.0]
   [Code Root Fixup: 0.3 ms]
   [Code Root Migration: 0.0 ms]
   [Clear CT: 0.5 ms]
   [Other: 5.6 ms]
      [Choose CSet: 0.0 ms]
      [Ref Proc: 2.0 ms]
      [Ref Enq: 0.1 ms]
      [Free CSet: 0.5 ms]
   [Eden: 242.0M(242.0M)->0.0B(388.0M) Survivors: 28.0M->24.0M Heap: 1802.0M(4096.0M)->1577.0M(4096.0M)]
 [Times: user=0.31 sys=0.00, real=0.16 secs] 
2016-08-30T16:57:22.780+0200: 12092.915: [GC pause (young), 0.2035480 secs]
   [Parallel Time: 192.7 ms, GC Workers: 2]
      [GC Worker Start (ms): Min: 12092916.5, Avg: 12092918.1, Max: 12092919.6, Diff: 3.1]
      [Ext Root Scanning (ms): Min: 52.4, Avg: 53.9, Max: 55.4, Diff: 3.0, Sum: 107.8]
      [Update RS (ms): Min: 67.2, Avg: 67.5, Max: 67.8, Diff: 0.6, Sum: 134.9]
         [Processed Buffers: Min: 462, Avg: 474.5, Max: 487, Diff: 25, Sum: 949]
      [Scan RS (ms): Min: 10.5, Avg: 11.0, Max: 11.5, Diff: 1.0, Sum: 22.0]
      [Code Root Scanning (ms): Min: 0.1, Avg: 0.1, Max: 0.2, Diff: 0.0, Sum: 0.3]
      [Object Copy (ms): Min: 58.2, Avg: 58.4, Max: 58.5, Diff: 0.3, Sum: 116.7]
      [Termination (ms): Min: 0.0, Avg: 0.0, Max: 0.0, Diff: 0.0, Sum: 0.0]
      [GC Worker Other (ms): Min: 0.1, Avg: 0.2, Max: 0.2, Diff: 0.1, Sum: 0.4]
      [GC Worker Total (ms): Min: 189.5, Avg: 191.1, Max: 192.7, Diff: 3.2, Sum: 382.2]
      [GC Worker End (ms): Min: 12093109.2, Avg: 12093109.2, Max: 12093109.2, Diff: 0.0]
   [Code Root Fixup: 0.4 ms]
   [Code Root Migration: 0.1 ms]
   [Clear CT: 0.6 ms]
   [Other: 9.7 ms]
      [Choose CSet: 0.0 ms]
      [Ref Proc: 5.2 ms]
      [Ref Enq: 0.4 ms]
      [Free CSet: 1.0 ms]
   [Eden: 388.0M(388.0M)->0.0B(226.0M) Survivors: 24.0M->52.0M Heap: 1965.0M(4096.0M)->1609.0M(4096.0M)]
 [Times: user=0.39 sys=0.00, real=0.21 secs] 
2016-08-30T16:57:30.239+0200: 12100.374: [GC pause (young), 0.1929620 secs]
   [Parallel Time: 187.4 ms, GC Workers: 2]
      [GC Worker Start (ms): Min: 12100375.0, Avg: 12100375.0, Max: 12100375.0, Diff: 0.0]
      [Ext Root Scanning (ms): Min: 75.6, Avg: 76.1, Max: 76.6, Diff: 1.0, Sum: 152.3]
      [Update RS (ms): Min: 52.2, Avg: 55.8, Max: 59.4, Diff: 7.2, Sum: 111.6]
         [Processed Buffers: Min: 288, Avg: 382.0, Max: 476, Diff: 188, Sum: 764]
      [Scan RS (ms): Min: 13.2, Avg: 13.7, Max: 14.2, Diff: 1.0, Sum: 27.4]
      [Code Root Scanning (ms): Min: 0.0, Avg: 0.0, Max: 0.1, Diff: 0.1, Sum: 0.1]
      [Object Copy (ms): Min: 38.9, Avg: 41.5, Max: 44.1, Diff: 5.2, Sum: 83.0]
      [Termination (ms): Min: 0.0, Avg: 0.0, Max: 0.0, Diff: 0.0, Sum: 0.0]
      [GC Worker Other (ms): Min: 0.1, Avg: 0.2, Max: 0.2, Diff: 0.1, Sum: 0.3]
      [GC Worker Total (ms): Min: 187.3, Avg: 187.3, Max: 187.3, Diff: 0.0, Sum: 374.6]
      [GC Worker End (ms): Min: 12100562.3, Avg: 12100562.3, Max: 12100562.3, Diff: 0.0]
   [Code Root Fixup: 0.3 ms]
   [Code Root Migration: 0.0 ms]
   [Clear CT: 0.4 ms]
   [Other: 4.9 ms]
      [Choose CSet: 0.0 ms]
      [Ref Proc: 1.6 ms]
      [Ref Enq: 0.1 ms]
      [Free CSet: 0.5 ms]
   [Eden: 218.0M(152.0M)->0.0B(286.0M) Survivors: 52.0M->20.0M Heap: 1827.0M(4096.0M)->1618.0M(4096.0M)]
 [Times: user=0.29 sys=0.00, real=0.20 secs] 
2016-08-30T16:57:41.376+0200: 12111.510: [GC pause (young), 0.1780020 secs]
   [Parallel Time: 169.2 ms, GC Workers: 2]
      [GC Worker Start (ms): Min: 12111512.2, Avg: 12111513.1, Max: 12111514.0, Diff: 1.8]
      [Ext Root Scanning (ms): Min: 50.6, Avg: 50.8, Max: 51.0, Diff: 0.4, Sum: 101.6]
      [Update RS (ms): Min: 55.0, Avg: 55.4, Max: 55.8, Diff: 0.8, Sum: 110.8]
         [Processed Buffers: Min: 460, Avg: 468.5, Max: 477, Diff: 17, Sum: 937]
      [Scan RS (ms): Min: 8.6, Avg: 8.8, Max: 9.0, Diff: 0.4, Sum: 17.6]
      [Code Root Scanning (ms): Min: 0.1, Avg: 0.1, Max: 0.1, Diff: 0.0, Sum: 0.2]
      [Object Copy (ms): Min: 52.4, Avg: 53.0, Max: 53.5, Diff: 1.0, Sum: 105.9]
      [Termination (ms): Min: 0.0, Avg: 0.0, Max: 0.0, Diff: 0.0, Sum: 0.0]
      [GC Worker Other (ms): Min: 0.2, Avg: 0.2, Max: 0.2, Diff: 0.0, Sum: 0.4]
      [GC Worker Total (ms): Min: 167.3, Avg: 168.2, Max: 169.2, Diff: 1.8, Sum: 336.5]
      [GC Worker End (ms): Min: 12111681.4, Avg: 12111681.4, Max: 12111681.4, Diff: 0.0]
   [Code Root Fixup: 0.4 ms]
   [Code Root Migration: 0.1 ms]
   [Clear CT: 0.5 ms]
   [Other: 7.8 ms]
      [Choose CSet: 0.0 ms]
      [Ref Proc: 3.5 ms]
      [Ref Enq: 0.3 ms]
      [Free CSet: 0.7 ms]
   [Eden: 286.0M(286.0M)->0.0B(204.0M) Survivors: 20.0M->40.0M Heap: 1904.0M(4096.0M)->1639.0M(4096.0M)]
 [Times: user=0.33 sys=0.00, real=0.18 secs] 
2016-08-30T16:57:48.259+0200: 12118.393: [GC pause (young), 0.2253420 secs]
   [Parallel Time: 220.9 ms, GC Workers: 2]
      [GC Worker Start (ms): Min: 12118394.0, Avg: 12118394.0, Max: 12118394.0, Diff: 0.0]
      [Ext Root Scanning (ms): Min: 53.3, Avg: 59.3, Max: 65.2, Diff: 11.9, Sum: 118.5]
      [Update RS (ms): Min: 62.0, Avg: 67.7, Max: 73.4, Diff: 11.4, Sum: 135.5]
         [Processed Buffers: Min: 294, Avg: 362.5, Max: 431, Diff: 137, Sum: 725]
      [Scan RS (ms): Min: 11.6, Avg: 19.0, Max: 26.3, Diff: 14.7, Sum: 38.0]
      [Code Root Scanning (ms): Min: 0.0, Avg: 0.0, Max: 0.0, Diff: 0.0, Sum: 0.1]
      [Object Copy (ms): Min: 67.1, Avg: 70.2, Max: 73.3, Diff: 6.2, Sum: 140.5]
      [Termination (ms): Min: 0.0, Avg: 4.5, Max: 9.1, Diff: 9.1, Sum: 9.1]
      [GC Worker Other (ms): Min: 0.1, Avg: 0.1, Max: 0.1, Diff: 0.0, Sum: 0.2]
      [GC Worker Total (ms): Min: 220.9, Avg: 220.9, Max: 220.9, Diff: 0.0, Sum: 441.8]
      [GC Worker End (ms): Min: 12118614.9, Avg: 12118614.9, Max: 12118614.9, Diff: 0.0]
   [Code Root Fixup: 0.3 ms]
   [Code Root Migration: 0.0 ms]
   [Clear CT: 0.5 ms]
   [Other: 3.6 ms]
      [Choose CSet: 0.0 ms]
      [Ref Proc: 1.3 ms]
      [Ref Enq: 0.1 ms]
      [Free CSet: 0.3 ms]
   [Eden: 204.0M(204.0M)->0.0B(178.0M) Survivors: 40.0M->26.0M Heap: 1843.0M(4096.0M)->1654.0M(4096.0M)]
 [Times: user=0.17 sys=0.00, real=0.22 secs] 
2016-08-30T16:57:53.302+0200: 12123.437: [GC pause (young), 0.1452430 secs]
   [Parallel Time: 138.3 ms, GC Workers: 2]
      [GC Worker Start (ms): Min: 12123438.1, Avg: 12123439.1, Max: 12123440.0, Diff: 1.9]
      [Ext Root Scanning (ms): Min: 51.0, Avg: 51.7, Max: 52.3, Diff: 1.3, Sum: 103.3]
      [Update RS (ms): Min: 36.4, Avg: 37.7, Max: 39.1, Diff: 2.7, Sum: 75.4]
         [Processed Buffers: Min: 370, Avg: 374.0, Max: 378, Diff: 8, Sum: 748]
      [Scan RS (ms): Min: 7.0, Avg: 7.3, Max: 7.5, Diff: 0.5, Sum: 14.5]
      [Code Root Scanning (ms): Min: 0.0, Avg: 0.1, Max: 0.1, Diff: 0.1, Sum: 0.1]
      [Object Copy (ms): Min: 40.5, Avg: 40.5, Max: 40.5, Diff: 0.1, Sum: 81.0]
      [Termination (ms): Min: 0.0, Avg: 0.0, Max: 0.0, Diff: 0.0, Sum: 0.0]
      [GC Worker Other (ms): Min: 0.1, Avg: 0.1, Max: 0.1, Diff: 0.1, Sum: 0.2]
      [GC Worker Total (ms): Min: 136.3, Avg: 137.3, Max: 138.3, Diff: 1.9, Sum: 274.6]
      [GC Worker End (ms): Min: 12123576.4, Avg: 12123576.4, Max: 12123576.4, Diff: 0.0]
   [Code Root Fixup: 0.4 ms]
   [Code Root Migration: 0.0 ms]
   [Clear CT: 0.5 ms]
   [Other: 6.0 ms]
      [Choose CSet: 0.0 ms]
      [Ref Proc: 2.2 ms]
      [Ref Enq: 0.2 ms]
      [Free CSet: 0.5 ms]
   [Eden: 178.0M(178.0M)->0.0B(252.0M) Survivors: 26.0M->22.0M Heap: 1832.0M(4096.0M)->1673.0M(4096.0M)]
 [Times: user=0.28 sys=0.00, real=0.15 secs] 
2016-08-30T16:58:02.229+0200: 12132.363: [GC pause (young), 0.1548580 secs]
   [Parallel Time: 148.5 ms, GC Workers: 2]
      [GC Worker Start (ms): Min: 12132364.9, Avg: 12132364.9, Max: 12132364.9, Diff: 0.0]
      [Ext Root Scanning (ms): Min: 51.1, Avg: 52.2, Max: 53.3, Diff: 2.2, Sum: 104.4]
      [Update RS (ms): Min: 46.4, Avg: 47.4, Max: 48.4, Diff: 2.0, Sum: 94.8]
         [Processed Buffers: Min: 401, Avg: 433.5, Max: 466, Diff: 65, Sum: 867]
      [Scan RS (ms): Min: 6.2, Avg: 6.9, Max: 7.6, Diff: 1.3, Sum: 13.8]
      [Code Root Scanning (ms): Min: 0.1, Avg: 0.1, Max: 0.1, Diff: 0.0, Sum: 0.2]
      [Object Copy (ms): Min: 40.8, Avg: 41.6, Max: 42.4, Diff: 1.6, Sum: 83.3]
      [Termination (ms): Min: 0.0, Avg: 0.0, Max: 0.0, Diff: 0.0, Sum: 0.0]
      [GC Worker Other (ms): Min: 0.1, Avg: 0.1, Max: 0.2, Diff: 0.0, Sum: 0.3]
      [GC Worker Total (ms): Min: 148.3, Avg: 148.4, Max: 148.4, Diff: 0.0, Sum: 296.7]
      [GC Worker End (ms): Min: 12132513.2, Avg: 12132513.2, Max: 12132513.2, Diff: 0.0]
   [Code Root Fixup: 0.2 ms]
   [Code Root Migration: 0.0 ms]
   [Clear CT: 0.5 ms]
   [Other: 5.6 ms]
      [Choose CSet: 0.0 ms]
      [Ref Proc: 2.1 ms]
      [Ref Enq: 0.1 ms]
      [Free CSet: 0.5 ms]
   [Eden: 252.0M(252.0M)->0.0B(304.0M) Survivors: 22.0M->28.0M Heap: 1925.0M(4096.0M)->1697.0M(4096.0M)]
 [Times: user=0.30 sys=0.00, real=0.15 secs] 
2016-08-30T16:58:12.468+0200: 12142.602: [GC pause (young), 0.1797990 secs]
   [Parallel Time: 172.2 ms, GC Workers: 2]
      [GC Worker Start (ms): Min: 12142604.0, Avg: 12142604.0, Max: 12142604.1, Diff: 0.0]
      [Ext Root Scanning (ms): Min: 53.0, Avg: 59.1, Max: 65.1, Diff: 12.1, Sum: 118.2]
      [Update RS (ms): Min: 50.0, Avg: 56.4, Max: 62.9, Diff: 13.0, Sum: 112.9]
         [Processed Buffers: Min: 440, Avg: 470.0, Max: 500, Diff: 60, Sum: 940]
      [Scan RS (ms): Min: 7.9, Avg: 8.7, Max: 9.4, Diff: 1.5, Sum: 17.3]
      [Code Root Scanning (ms): Min: 0.1, Avg: 0.1, Max: 0.1, Diff: 0.0, Sum: 0.3]
      [Object Copy (ms): Min: 47.3, Avg: 47.6, Max: 47.9, Diff: 0.6, Sum: 95.3]
      [Termination (ms): Min: 0.0, Avg: 0.0, Max: 0.0, Diff: 0.0, Sum: 0.0]
      [GC Worker Other (ms): Min: 0.1, Avg: 0.2, Max: 0.2, Diff: 0.0, Sum: 0.3]
      [GC Worker Total (ms): Min: 172.1, Avg: 172.1, Max: 172.1, Diff: 0.0, Sum: 344.2]
      [GC Worker End (ms): Min: 12142776.2, Avg: 12142776.2, Max: 12142776.2, Diff: 0.0]
   [Code Root Fixup: 0.3 ms]
   [Code Root Migration: 0.0 ms]
   [Clear CT: 0.5 ms]
   [Other: 6.8 ms]
      [Choose CSet: 0.0 ms]
      [Ref Proc: 3.1 ms]
      [Ref Enq: 0.2 ms]
      [Free CSet: 0.5 ms]
   [Eden: 304.0M(304.0M)->0.0B(280.0M) Survivors: 28.0M->36.0M Heap: 2001.0M(4096.0M)->1727.0M(4096.0M)]
 [Times: user=0.33 sys=0.00, real=0.18 secs] 
2016-08-30T16:58:19.065+0200: 12149.199: [GC pause (young), 0.0839050 secs]
   [Parallel Time: 80.2 ms, GC Workers: 2]
      [GC Worker Start (ms): Min: 12149200.2, Avg: 12149201.1, Max: 12149202.0, Diff: 1.8]
      [Ext Root Scanning (ms): Min: 30.1, Avg: 30.4, Max: 30.7, Diff: 0.5, Sum: 60.8]
      [Update RS (ms): Min: 20.1, Avg: 21.0, Max: 22.0, Diff: 2.0, Sum: 42.1]
         [Processed Buffers: Min: 353, Avg: 369.0, Max: 385, Diff: 32, Sum: 738]
      [Scan RS (ms): Min: 4.8, Avg: 5.3, Max: 5.8, Diff: 1.0, Sum: 10.5]
      [Code Root Scanning (ms): Min: 0.0, Avg: 0.0, Max: 0.0, Diff: 0.0, Sum: 0.1]
      [Object Copy (ms): Min: 22.3, Avg: 22.4, Max: 22.5, Diff: 0.2, Sum: 44.8]
      [Termination (ms): Min: 0.0, Avg: 0.0, Max: 0.0, Diff: 0.0, Sum: 0.0]
      [GC Worker Other (ms): Min: 0.0, Avg: 0.1, Max: 0.1, Diff: 0.1, Sum: 0.1]
      [GC Worker Total (ms): Min: 78.3, Avg: 79.2, Max: 80.1, Diff: 1.8, Sum: 158.4]
      [GC Worker End (ms): Min: 12149280.3, Avg: 12149280.3, Max: 12149280.3, Diff: 0.0]
   [Code Root Fixup: 0.2 ms]
   [Code Root Migration: 0.0 ms]
   [Clear CT: 0.3 ms]
   [Other: 3.2 ms]
      [Choose CSet: 0.0 ms]
      [Ref Proc: 1.1 ms]
      [Ref Enq: 0.1 ms]
      [Free CSet: 0.3 ms]
   [Eden: 176.0M(176.0M)->0.0B(662.0M) Survivors: 36.0M->16.0M Heap: 1903.0M(4096.0M)->1737.0M(4096.0M)]
 [Times: user=0.15 sys=0.00, real=0.08 secs] 
2016-08-30T16:58:39.762+0200: 12169.897: [GC pause (young), 0.2081980 secs]
   [Parallel Time: 194.4 ms, GC Workers: 2]
      [GC Worker Start (ms): Min: 12169898.7, Avg: 12169898.8, Max: 12169898.8, Diff: 0.0]
      [Ext Root Scanning (ms): Min: 50.3, Avg: 50.8, Max: 51.4, Diff: 1.1, Sum: 101.7]
      [Update RS (ms): Min: 69.8, Avg: 70.1, Max: 70.4, Diff: 0.6, Sum: 140.2]
         [Processed Buffers: Min: 461, Avg: 474.0, Max: 487, Diff: 26, Sum: 948]
      [Scan RS (ms): Min: 10.0, Avg: 10.3, Max: 10.6, Diff: 0.6, Sum: 20.6]
      [Code Root Scanning (ms): Min: 0.1, Avg: 0.2, Max: 0.2, Diff: 0.1, Sum: 0.3]
      [Object Copy (ms): Min: 62.2, Avg: 62.7, Max: 63.2, Diff: 1.0, Sum: 125.4]
      [Termination (ms): Min: 0.0, Avg: 0.0, Max: 0.0, Diff: 0.0, Sum: 0.0]
      [GC Worker Other (ms): Min: 0.1, Avg: 0.1, Max: 0.2, Diff: 0.1, Sum: 0.3]
      [GC Worker Total (ms): Min: 194.3, Avg: 194.3, Max: 194.3, Diff: 0.0, Sum: 388.5]
      [GC Worker End (ms): Min: 12170093.0, Avg: 12170093.0, Max: 12170093.0, Diff: 0.0]
   [Code Root Fixup: 0.6 ms]
   [Code Root Migration: 0.1 ms]
   [Clear CT: 0.7 ms]
   [Other: 12.5 ms]
      [Choose CSet: 0.0 ms]
      [Ref Proc: 7.4 ms]
      [Ref Enq: 0.5 ms]
      [Free CSet: 1.2 ms]
   [Eden: 536.0M(536.0M)->0.0B(344.0M) Survivors: 16.0M->58.0M Heap: 2273.0M(4096.0M)->1779.0M(4096.0M)]
 [Times: user=0.40 sys=0.00, real=0.21 secs] 
2016-08-30T16:58:44.762+0200: 12174.896: [GC pause (young), 0.1803240 secs]
   [Parallel Time: 172.6 ms, GC Workers: 2]
      [GC Worker Start (ms): Min: 12174897.8, Avg: 12174897.8, Max: 12174897.8, Diff: 0.0]
      [Ext Root Scanning (ms): Min: 49.2, Avg: 49.6, Max: 50.0, Diff: 0.9, Sum: 99.2]
      [Update RS (ms): Min: 38.0, Avg: 38.9, Max: 39.7, Diff: 1.7, Sum: 77.8]
         [Processed Buffers: Min: 374, Avg: 380.0, Max: 386, Diff: 12, Sum: 760]
      [Scan RS (ms): Min: 14.4, Avg: 15.0, Max: 15.5, Diff: 1.1, Sum: 30.0]
      [Code Root Scanning (ms): Min: 0.0, Avg: 0.1, Max: 0.1, Diff: 0.1, Sum: 0.1]
      [Object Copy (ms): Min: 68.7, Avg: 68.8, Max: 69.0, Diff: 0.3, Sum: 137.7]
      [Termination (ms): Min: 0.0, Avg: 0.0, Max: 0.0, Diff: 0.0, Sum: 0.0]
      [GC Worker Other (ms): Min: 0.1, Avg: 0.2, Max: 0.2, Diff: 0.1, Sum: 0.3]
      [GC Worker Total (ms): Min: 172.5, Avg: 172.5, Max: 172.6, Diff: 0.0, Sum: 345.1]
      [GC Worker End (ms): Min: 12175070.4, Avg: 12175070.4, Max: 12175070.4, Diff: 0.0]
   [Code Root Fixup: 0.4 ms]
   [Code Root Migration: 0.0 ms]
   [Clear CT: 1.1 ms]
   [Other: 6.1 ms]
      [Choose CSet: 0.0 ms]
      [Ref Proc: 2.0 ms]
      [Ref Enq: 0.2 ms]
      [Free CSet: 0.6 ms]
   [Eden: 180.0M(180.0M)->0.0B(422.0M) Survivors: 58.0M->24.0M Heap: 1959.0M(4096.0M)->1795.0M(4096.0M)]
 [Times: user=0.35 sys=0.00, real=0.18 secs] 
2016-08-30T16:59:00.317+0200: 12190.451: [GC pause (young), 0.1997500 secs]
   [Parallel Time: 186.8 ms, GC Workers: 2]
      [GC Worker Start (ms): Min: 12190453.1, Avg: 12190453.8, Max: 12190454.5, Diff: 1.4]
      [Ext Root Scanning (ms): Min: 52.9, Avg: 52.9, Max: 52.9, Diff: 0.0, Sum: 105.9]
      [Update RS (ms): Min: 62.4, Avg: 63.2, Max: 64.0, Diff: 1.6, Sum: 126.4]
         [Processed Buffers: Min: 438, Avg: 475.0, Max: 512, Diff: 74, Sum: 950]
      [Scan RS (ms): Min: 9.6, Avg: 9.8, Max: 10.0, Diff: 0.4, Sum: 19.6]
      [Code Root Scanning (ms): Min: 0.1, Avg: 0.1, Max: 0.2, Diff: 0.0, Sum: 0.3]
      [Object Copy (ms): Min: 57.9, Avg: 58.6, Max: 59.3, Diff: 1.4, Sum: 117.3]
      [Termination (ms): Min: 0.0, Avg: 0.6, Max: 1.2, Diff: 1.2, Sum: 1.2]
      [GC Worker Other (ms): Min: 0.1, Avg: 0.1, Max: 0.2, Diff: 0.0, Sum: 0.3]
      [GC Worker Total (ms): Min: 184.8, Avg: 185.5, Max: 186.2, Diff: 1.4, Sum: 371.0]
      [GC Worker End (ms): Min: 12190639.2, Avg: 12190639.3, Max: 12190639.3, Diff: 0.1]
   [Code Root Fixup: 0.6 ms]
   [Code Root Migration: 0.1 ms]
   [Clear CT: 0.6 ms]
   [Other: 11.7 ms]
      [Choose CSet: 0.0 ms]
      [Ref Proc: 7.0 ms]
      [Ref Enq: 0.4 ms]
      [Free CSet: 1.0 ms]
   [Eden: 422.0M(422.0M)->0.0B(232.0M) Survivors: 24.0M->54.0M Heap: 2217.0M(4096.0M)->1825.0M(4096.0M)]
 [Times: user=0.37 sys=0.01, real=0.20 secs] 
2016-08-30T16:59:05.578+0200: 12195.713: [GC pause (young), 0.1694380 secs]
   [Parallel Time: 162.8 ms, GC Workers: 2]
      [GC Worker Start (ms): Min: 12195714.2, Avg: 12195714.2, Max: 12195714.2, Diff: 0.0]
      [Ext Root Scanning (ms): Min: 51.8, Avg: 52.2, Max: 52.6, Diff: 0.8, Sum: 104.5]
      [Update RS (ms): Min: 34.8, Avg: 35.1, Max: 35.4, Diff: 0.6, Sum: 70.2]
         [Processed Buffers: Min: 320, Avg: 323.0, Max: 326, Diff: 6, Sum: 646]
      [Scan RS (ms): Min: 14.1, Avg: 14.3, Max: 14.5, Diff: 0.4, Sum: 28.5]
      [Code Root Scanning (ms): Min: 0.0, Avg: 0.1, Max: 0.1, Diff: 0.1, Sum: 0.1]
      [Object Copy (ms): Min: 60.7, Avg: 61.0, Max: 61.3, Diff: 0.6, Sum: 122.0]
      [Termination (ms): Min: 0.0, Avg: 0.0, Max: 0.0, Diff: 0.0, Sum: 0.0]
      [GC Worker Other (ms): Min: 0.1, Avg: 0.1, Max: 0.2, Diff: 0.1, Sum: 0.2]
      [GC Worker Total (ms): Min: 162.7, Avg: 162.8, Max: 162.8, Diff: 0.0, Sum: 325.5]
      [GC Worker End (ms): Min: 12195877.0, Avg: 12195877.0, Max: 12195877.0, Diff: 0.0]
   [Code Root Fixup: 0.5 ms]
   [Code Root Migration: 0.0 ms]
   [Clear CT: 0.6 ms]
   [Other: 5.6 ms]
      [Choose CSet: 0.0 ms]
      [Ref Proc: 2.1 ms]
      [Ref Enq: 0.1 ms]
      [Free CSet: 0.5 ms]
   [Eden: 150.0M(150.0M)->0.0B(470.0M) Survivors: 54.0M->16.0M Heap: 1975.0M(4096.0M)->1834.0M(4096.0M)]
 [Times: user=0.32 sys=0.00, real=0.17 secs] 
2016-08-30T16:59:22.314+0200: 12212.449: [GC pause (young), 0.2026650 secs]
   [Parallel Time: 193.5 ms, GC Workers: 2]
      [GC Worker Start (ms): Min: 12212450.8, Avg: 12212450.8, Max: 12212450.8, Diff: 0.0]
      [Ext Root Scanning (ms): Min: 51.0, Avg: 51.3, Max: 51.6, Diff: 0.6, Sum: 102.6]
      [Update RS (ms): Min: 70.9, Avg: 71.7, Max: 72.4, Diff: 1.5, Sum: 143.3]
         [Processed Buffers: Min: 466, Avg: 499.0, Max: 532, Diff: 66, Sum: 998]
      [Scan RS (ms): Min: 8.6, Avg: 9.2, Max: 9.8, Diff: 1.2, Sum: 18.4]
      [Code Root Scanning (ms): Min: 0.1, Avg: 0.1, Max: 0.2, Diff: 0.1, Sum: 0.3]
      [Object Copy (ms): Min: 60.7, Avg: 60.9, Max: 61.1, Diff: 0.4, Sum: 121.9]
      [Termination (ms): Min: 0.0, Avg: 0.0, Max: 0.0, Diff: 0.0, Sum: 0.0]
      [GC Worker Other (ms): Min: 0.2, Avg: 0.2, Max: 0.2, Diff: 0.0, Sum: 0.3]
      [GC Worker Total (ms): Min: 193.4, Avg: 193.4, Max: 193.5, Diff: 0.0, Sum: 386.9]
      [GC Worker End (ms): Min: 12212644.3, Avg: 12212644.3, Max: 12212644.3, Diff: 0.0]
   [Code Root Fixup: 0.2 ms]
   [Code Root Migration: 0.1 ms]
   [Clear CT: 0.5 ms]
   [Other: 8.3 ms]
      [Choose CSet: 0.0 ms]
      [Ref Proc: 4.0 ms]
      [Ref Enq: 0.2 ms]
      [Free CSet: 0.9 ms]
   [Eden: 470.0M(470.0M)->0.0B(220.0M) Survivors: 16.0M->58.0M Heap: 2304.0M(4096.0M)->1876.0M(4096.0M)]
 [Times: user=0.39 sys=0.00, real=0.20 secs] 
2016-08-30T16:59:27.105+0200: 12217.240: [GC pause (young), 0.1584180 secs]
   [Parallel Time: 153.4 ms, GC Workers: 2]
      [GC Worker Start (ms): Min: 12217241.2, Avg: 12217242.1, Max: 12217242.9, Diff: 1.6]
      [Ext Root Scanning (ms): Min: 49.0, Avg: 49.9, Max: 50.9, Diff: 1.9, Sum: 99.9]
      [Update RS (ms): Min: 33.6, Avg: 33.6, Max: 33.7, Diff: 0.1, Sum: 67.3]
         [Processed Buffers: Min: 284, Avg: 302.0, Max: 320, Diff: 36, Sum: 604]
      [Scan RS (ms): Min: 15.0, Avg: 15.1, Max: 15.3, Diff: 0.2, Sum: 30.3]
      [Code Root Scanning (ms): Min: 0.1, Avg: 0.1, Max: 0.1, Diff: 0.0, Sum: 0.1]
      [Object Copy (ms): Min: 53.2, Avg: 53.5, Max: 53.8, Diff: 0.5, Sum: 107.0]
      [Termination (ms): Min: 0.0, Avg: 0.0, Max: 0.0, Diff: 0.0, Sum: 0.0]
      [GC Worker Other (ms): Min: 0.1, Avg: 0.1, Max: 0.1, Diff: 0.1, Sum: 0.2]
      [GC Worker Total (ms): Min: 151.6, Avg: 152.4, Max: 153.2, Diff: 1.6, Sum: 304.8]
      [GC Worker End (ms): Min: 12217394.5, Avg: 12217394.5, Max: 12217394.5, Diff: 0.0]
   [Code Root Fixup: 0.2 ms]
   [Code Root Migration: 0.0 ms]
   [Clear CT: 0.4 ms]
   [Other: 4.4 ms]
      [Choose CSet: 0.0 ms]
      [Ref Proc: 1.1 ms]
      [Ref Enq: 0.1 ms]
      [Free CSet: 0.4 ms]
   [Eden: 146.0M(146.0M)->0.0B(546.0M) Survivors: 58.0M->14.0M Heap: 2022.0M(4096.0M)->1882.0M(4096.0M)]
 [Times: user=0.31 sys=0.00, real=0.16 secs] 
2016-08-30T16:59:45.133+0200: 12235.267: [GC pause (young) (initial-mark), 0.2570800 secs]
   [Parallel Time: 245.6 ms, GC Workers: 2]
      [GC Worker Start (ms): Min: 12235270.1, Avg: 12235270.2, Max: 12235270.3, Diff: 0.1]
      [Ext Root Scanning (ms): Min: 53.9, Avg: 64.0, Max: 74.1, Diff: 20.2, Sum: 128.0]
      [Code Root Marking (ms): Min: 0.8, Avg: 13.1, Max: 25.5, Diff: 24.7, Sum: 26.3]
      [Update RS (ms): Min: 77.6, Avg: 77.9, Max: 78.3, Diff: 0.7, Sum: 155.9]
         [Processed Buffers: Min: 460, Avg: 519.0, Max: 578, Diff: 118, Sum: 1038]
      [Scan RS (ms): Min: 10.9, Avg: 11.3, Max: 11.7, Diff: 0.8, Sum: 22.6]
      [Code Root Scanning (ms): Min: 0.2, Avg: 0.2, Max: 0.2, Diff: 0.1, Sum: 0.4]
      [Object Copy (ms): Min: 76.5, Avg: 78.8, Max: 81.1, Diff: 4.6, Sum: 157.5]
      [Termination (ms): Min: 0.0, Avg: 0.0, Max: 0.0, Diff: 0.0, Sum: 0.0]
      [GC Worker Other (ms): Min: 0.1, Avg: 0.2, Max: 0.2, Diff: 0.0, Sum: 0.3]
      [GC Worker Total (ms): Min: 245.4, Avg: 245.5, Max: 245.6, Diff: 0.1, Sum: 491.0]
      [GC Worker End (ms): Min: 12235515.7, Avg: 12235515.7, Max: 12235515.7, Diff: 0.0]
   [Code Root Fixup: 0.3 ms]
   [Code Root Migration: 0.1 ms]
   [Clear CT: 0.4 ms]
   [Other: 10.6 ms]
      [Choose CSet: 0.0 ms]
      [Ref Proc: 5.1 ms]
      [Ref Enq: 0.3 ms]
      [Free CSet: 0.9 ms]
   [Eden: 516.0M(474.0M)->0.0B(142.0M) Survivors: 14.0M->62.0M Heap: 2398.0M(4096.0M)->1930.0M(4096.0M)]
 [Times: user=0.49 sys=0.00, real=0.25 secs] 
2016-08-30T16:59:45.391+0200: 12235.525: [GC concurrent-root-region-scan-start]
2016-08-30T16:59:45.428+0200: 12235.562: [GC concurrent-root-region-scan-end, 0.0369800 secs]
2016-08-30T16:59:45.428+0200: 12235.562: [GC concurrent-mark-start]
2016-08-30T16:59:47.007+0200: 12237.141: [GC concurrent-mark-end, 1.5792490 secs]
2016-08-30T16:59:47.015+0200: 12237.149: [GC remark 2016-08-30T16:59:47.017+0200: 12237.152: [GC ref-proc, 0.0699520 secs], 0.1108690 secs]
 [Times: user=0.11 sys=0.00, real=0.11 secs] 
2016-08-30T16:59:47.171+0200: 12237.305: [GC cleanup 1967M->1923M(4096M), 0.0621200 secs]
 [Times: user=0.04 sys=0.00, real=0.07 secs] 
2016-08-30T16:59:47.234+0200: 12237.368: [GC concurrent-cleanup-start]
2016-08-30T16:59:47.234+0200: 12237.368: [GC concurrent-cleanup-end, 0.0001260 secs]
2016-08-30T16:59:50.142+0200: 12240.276: [GC pause (young), 0.1727280 secs]
   [Parallel Time: 166.0 ms, GC Workers: 2]
      [GC Worker Start (ms): Min: 12240277.5, Avg: 12240278.8, Max: 12240280.1, Diff: 2.6]
      [Ext Root Scanning (ms): Min: 49.4, Avg: 50.8, Max: 52.2, Diff: 2.8, Sum: 101.7]
      [Update RS (ms): Min: 33.8, Avg: 34.0, Max: 34.2, Diff: 0.4, Sum: 68.1]
         [Processed Buffers: Min: 265, Avg: 313.0, Max: 361, Diff: 96, Sum: 626]
      [Scan RS (ms): Min: 15.3, Avg: 15.6, Max: 15.8, Diff: 0.5, Sum: 31.1]
      [Code Root Scanning (ms): Min: 0.0, Avg: 0.1, Max: 0.1, Diff: 0.1, Sum: 0.1]
      [Object Copy (ms): Min: 64.0, Avg: 64.1, Max: 64.3, Diff: 0.4, Sum: 128.3]
      [Termination (ms): Min: 0.0, Avg: 0.0, Max: 0.0, Diff: 0.0, Sum: 0.0]
      [GC Worker Other (ms): Min: 0.1, Avg: 0.1, Max: 0.1, Diff: 0.0, Sum: 0.1]
      [GC Worker Total (ms): Min: 163.4, Avg: 164.7, Max: 166.0, Diff: 2.6, Sum: 329.4]
      [GC Worker End (ms): Min: 12240443.5, Avg: 12240443.5, Max: 12240443.5, Diff: 0.0]
   [Code Root Fixup: 0.4 ms]
   [Code Root Migration: 0.0 ms]
   [Clear CT: 0.6 ms]
   [Other: 5.6 ms]
      [Choose CSet: 0.0 ms]
      [Ref Proc: 1.9 ms]
      [Ref Enq: 0.1 ms]
      [Free CSet: 0.5 ms]
   [Eden: 142.0M(142.0M)->0.0B(190.0M) Survivors: 62.0M->14.0M Heap: 2028.0M(4096.0M)->1889.0M(4096.0M)]
 [Times: user=0.32 sys=0.00, real=0.18 secs] 
2016-08-30T16:59:56.836+0200: 12246.971: [GC pause (mixed), 0.1733270 secs]
   [Parallel Time: 166.1 ms, GC Workers: 2]
      [GC Worker Start (ms): Min: 12246972.6, Avg: 12246972.7, Max: 12246972.7, Diff: 0.0]
      [Ext Root Scanning (ms): Min: 51.1, Avg: 51.3, Max: 51.5, Diff: 0.5, Sum: 102.6]
      [Update RS (ms): Min: 40.5, Avg: 40.9, Max: 41.2, Diff: 0.7, Sum: 81.7]
         [Processed Buffers: Min: 342, Avg: 385.0, Max: 428, Diff: 86, Sum: 770]
      [Scan RS (ms): Min: 27.4, Avg: 27.8, Max: 28.1, Diff: 0.7, Sum: 55.5]
      [Code Root Scanning (ms): Min: 0.1, Avg: 0.2, Max: 0.2, Diff: 0.1, Sum: 0.4]
      [Object Copy (ms): Min: 45.7, Avg: 45.9, Max: 46.0, Diff: 0.3, Sum: 91.8]
      [Termination (ms): Min: 0.0, Avg: 0.0, Max: 0.0, Diff: 0.0, Sum: 0.0]
      [GC Worker Other (ms): Min: 0.0, Avg: 0.1, Max: 0.1, Diff: 0.0, Sum: 0.1]
      [GC Worker Total (ms): Min: 166.0, Avg: 166.0, Max: 166.1, Diff: 0.0, Sum: 332.1]
      [GC Worker End (ms): Min: 12247138.7, Avg: 12247138.7, Max: 12247138.7, Diff: 0.0]
   [Code Root Fixup: 0.3 ms]
   [Code Root Migration: 0.1 ms]
   [Clear CT: 0.6 ms]
   [Other: 6.2 ms]
      [Choose CSet: 0.2 ms]
      [Ref Proc: 1.7 ms]
      [Ref Enq: 0.1 ms]
      [Free CSet: 1.2 ms]
   [Eden: 190.0M(190.0M)->0.0B(178.0M) Survivors: 14.0M->26.0M Heap: 2079.0M(4096.0M)->1655.0M(4096.0M)]
 [Times: user=0.34 sys=0.00, real=0.17 secs] 
2016-08-30T17:00:02.015+0200: 12252.150: [GC pause (mixed), 0.2136320 secs]
   [Parallel Time: 205.5 ms, GC Workers: 2]
      [GC Worker Start (ms): Min: 12252151.0, Avg: 12252151.0, Max: 12252151.0, Diff: 0.0]
      [Ext Root Scanning (ms): Min: 45.7, Avg: 46.7, Max: 47.8, Diff: 2.0, Sum: 93.5]
      [Update RS (ms): Min: 31.7, Avg: 32.1, Max: 32.5, Diff: 0.8, Sum: 64.2]
         [Processed Buffers: Min: 330, Avg: 356.0, Max: 382, Diff: 52, Sum: 712]
      [Scan RS (ms): Min: 42.5, Avg: 42.6, Max: 42.7, Diff: 0.2, Sum: 85.1]
      [Code Root Scanning (ms): Min: 0.1, Avg: 0.1, Max: 0.2, Diff: 0.1, Sum: 0.3]
      [Object Copy (ms): Min: 83.3, Avg: 83.7, Max: 84.2, Diff: 1.0, Sum: 167.5]
      [Termination (ms): Min: 0.0, Avg: 0.0, Max: 0.0, Diff: 0.0, Sum: 0.0]
      [GC Worker Other (ms): Min: 0.1, Avg: 0.1, Max: 0.1, Diff: 0.1, Sum: 0.2]
      [GC Worker Total (ms): Min: 205.4, Avg: 205.4, Max: 205.4, Diff: 0.0, Sum: 410.7]
      [GC Worker End (ms): Min: 12252356.3, Avg: 12252356.3, Max: 12252356.3, Diff: 0.0]
   [Code Root Fixup: 0.4 ms]
   [Code Root Migration: 0.1 ms]
   [Clear CT: 0.7 ms]
   [Other: 7.0 ms]
      [Choose CSet: 0.3 ms]
      [Ref Proc: 2.2 ms]
      [Ref Enq: 0.2 ms]
      [Free CSet: 1.5 ms]
   [Eden: 178.0M(178.0M)->0.0B(182.0M) Survivors: 26.0M->22.0M Heap: 1833.0M(4096.0M)->1505.0M(4096.0M)]
 [Times: user=0.41 sys=0.01, real=0.21 secs] 
2016-08-30T17:00:07.866+0200: 12258.001: [GC pause (mixed), 0.2304110 secs]
   [Parallel Time: 222.7 ms, GC Workers: 2]
      [GC Worker Start (ms): Min: 12258003.4, Avg: 12258003.5, Max: 12258003.5, Diff: 0.0]
      [Ext Root Scanning (ms): Min: 49.7, Avg: 50.2, Max: 50.7, Diff: 1.0, Sum: 100.3]
      [Update RS (ms): Min: 37.3, Avg: 37.3, Max: 37.4, Diff: 0.1, Sum: 74.7]
         [Processed Buffers: Min: 394, Avg: 396.0, Max: 398, Diff: 4, Sum: 792]
      [Scan RS (ms): Min: 54.3, Avg: 54.4, Max: 54.5, Diff: 0.2, Sum: 108.8]
      [Code Root Scanning (ms): Min: 0.1, Avg: 0.1, Max: 0.2, Diff: 0.1, Sum: 0.3]
      [Object Copy (ms): Min: 79.7, Avg: 80.3, Max: 80.9, Diff: 1.2, Sum: 160.7]
      [Termination (ms): Min: 0.0, Avg: 0.0, Max: 0.0, Diff: 0.0, Sum: 0.0]
      [GC Worker Other (ms): Min: 0.1, Avg: 0.1, Max: 0.2, Diff: 0.0, Sum: 0.3]
      [GC Worker Total (ms): Min: 222.5, Avg: 222.5, Max: 222.5, Diff: 0.0, Sum: 445.0]
      [GC Worker End (ms): Min: 12258226.0, Avg: 12258226.0, Max: 12258226.0, Diff: 0.0]
   [Code Root Fixup: 0.3 ms]
   [Code Root Migration: 0.0 ms]
   [Clear CT: 0.6 ms]
   [Other: 6.8 ms]
      [Choose CSet: 0.6 ms]
      [Ref Proc: 1.4 ms]
      [Ref Enq: 0.1 ms]
      [Free CSet: 1.2 ms]
   [Eden: 182.0M(182.0M)->0.0B(188.0M) Survivors: 22.0M->16.0M Heap: 1687.0M(4096.0M)->1365.0M(4096.0M)]
 [Times: user=0.45 sys=0.01, real=0.23 secs] 
2016-08-30T17:00:13.154+0200: 12263.289: [GC pause (mixed), 0.3197660 secs]
   [Parallel Time: 310.6 ms, GC Workers: 2]
      [GC Worker Start (ms): Min: 12263291.6, Avg: 12263291.6, Max: 12263291.6, Diff: 0.0]
      [Ext Root Scanning (ms): Min: 49.7, Avg: 49.7, Max: 49.7, Diff: 0.1, Sum: 99.4]
      [Update RS (ms): Min: 39.2, Avg: 39.4, Max: 39.7, Diff: 0.5, Sum: 78.9]
         [Processed Buffers: Min: 444, Avg: 456.0, Max: 468, Diff: 24, Sum: 912]
      [Scan RS (ms): Min: 126.7, Avg: 127.1, Max: 127.5, Diff: 0.7, Sum: 254.2]
      [Code Root Scanning (ms): Min: 0.1, Avg: 0.2, Max: 0.4, Diff: 0.3, Sum: 0.5]
      [Object Copy (ms): Min: 93.8, Avg: 93.9, Max: 93.9, Diff: 0.1, Sum: 187.7]
      [Termination (ms): Min: 0.0, Avg: 0.0, Max: 0.0, Diff: 0.0, Sum: 0.0]
      [GC Worker Other (ms): Min: 0.1, Avg: 0.1, Max: 0.2, Diff: 0.0, Sum: 0.3]
      [GC Worker Total (ms): Min: 310.5, Avg: 310.5, Max: 310.5, Diff: 0.0, Sum: 621.0]
      [GC Worker End (ms): Min: 12263602.1, Avg: 12263602.1, Max: 12263602.1, Diff: 0.0]
   [Code Root Fixup: 0.3 ms]
   [Code Root Migration: 0.3 ms]
   [Clear CT: 0.6 ms]
   [Other: 8.0 ms]
      [Choose CSet: 1.1 ms]
      [Ref Proc: 1.4 ms]
      [Ref Enq: 0.1 ms]
      [Free CSet: 1.5 ms]
   [Eden: 188.0M(188.0M)->0.0B(180.0M) Survivors: 16.0M->24.0M Heap: 1553.0M(4096.0M)->1257.0M(4096.0M)]
 [Times: user=0.63 sys=0.00, real=0.32 secs] 
2016-08-30T17:00:19.012+0200: 12269.147: [GC pause (mixed), 0.1699270 secs]
   [Parallel Time: 162.3 ms, GC Workers: 2]
      [GC Worker Start (ms): Min: 12269148.4, Avg: 12269148.4, Max: 12269148.5, Diff: 0.0]
      [Ext Root Scanning (ms): Min: 50.2, Avg: 50.2, Max: 50.2, Diff: 0.1, Sum: 100.4]
      [Update RS (ms): Min: 42.6, Avg: 43.1, Max: 43.7, Diff: 1.1, Sum: 86.3]
         [Processed Buffers: Min: 384, Avg: 411.5, Max: 439, Diff: 55, Sum: 823]
      [Scan RS (ms): Min: 22.1, Avg: 22.8, Max: 23.5, Diff: 1.4, Sum: 45.6]
      [Code Root Scanning (ms): Min: 0.0, Avg: 0.1, Max: 0.1, Diff: 0.1, Sum: 0.1]
      [Object Copy (ms): Min: 45.9, Avg: 46.0, Max: 46.1, Diff: 0.2, Sum: 92.0]
      [Termination (ms): Min: 0.0, Avg: 0.0, Max: 0.0, Diff: 0.0, Sum: 0.0]
      [GC Worker Other (ms): Min: 0.1, Avg: 0.1, Max: 0.1, Diff: 0.1, Sum: 0.2]
      [GC Worker Total (ms): Min: 162.3, Avg: 162.3, Max: 162.3, Diff: 0.0, Sum: 324.5]
      [GC Worker End (ms): Min: 12269310.7, Avg: 12269310.7, Max: 12269310.7, Diff: 0.0]
   [Code Root Fixup: 0.4 ms]
   [Code Root Migration: 0.0 ms]
   [Clear CT: 0.8 ms]
   [Other: 6.3 ms]
      [Choose CSet: 0.1 ms]
      [Ref Proc: 2.1 ms]
      [Ref Enq: 0.2 ms]
      [Free CSet: 0.6 ms]
   [Eden: 180.0M(180.0M)->0.0B(188.0M) Survivors: 24.0M->16.0M Heap: 1437.0M(4096.0M)->1265.0M(4096.0M)]
 [Times: user=0.33 sys=0.00, real=0.17 secs] 
2016-08-30T17:00:24.674+0200: 12274.809: [GC pause (young), 0.1370550 secs]
   [Parallel Time: 129.9 ms, GC Workers: 2]
      [GC Worker Start (ms): Min: 12274812.7, Avg: 12274812.7, Max: 12274812.7, Diff: 0.0]
      [Ext Root Scanning (ms): Min: 44.1, Avg: 51.2, Max: 58.3, Diff: 14.1, Sum: 102.4]
      [Update RS (ms): Min: 28.1, Avg: 35.8, Max: 43.4, Diff: 15.3, Sum: 71.6]
         [Processed Buffers: Min: 330, Avg: 411.0, Max: 492, Diff: 162, Sum: 822]
      [Scan RS (ms): Min: 6.6, Avg: 6.7, Max: 6.9, Diff: 0.3, Sum: 13.5]
      [Code Root Scanning (ms): Min: 0.1, Avg: 0.1, Max: 0.1, Diff: 0.0, Sum: 0.1]
      [Object Copy (ms): Min: 33.6, Avg: 34.1, Max: 34.5, Diff: 0.9, Sum: 68.2]
      [Termination (ms): Min: 0.0, Avg: 0.0, Max: 0.0, Diff: 0.0, Sum: 0.0]
      [GC Worker Other (ms): Min: 0.1, Avg: 0.1, Max: 0.1, Diff: 0.0, Sum: 0.3]
      [GC Worker Total (ms): Min: 128.0, Avg: 128.0, Max: 128.0, Diff: 0.0, Sum: 256.0]
      [GC Worker End (ms): Min: 12274940.7, Avg: 12274940.7, Max: 12274940.7, Diff: 0.0]
   [Code Root Fixup: 0.3 ms]
   [Code Root Migration: 0.0 ms]
   [Clear CT: 0.4 ms]
   [Other: 6.4 ms]
      [Choose CSet: 0.0 ms]
      [Ref Proc: 2.2 ms]
      [Ref Enq: 0.1 ms]
      [Free CSet: 0.4 ms]
   [Eden: 188.0M(188.0M)->0.0B(184.0M) Survivors: 16.0M->20.0M Heap: 1453.0M(4096.0M)->1284.0M(4096.0M)]
 [Times: user=0.24 sys=0.00, real=0.14 secs] 
2016-08-30T17:00:29.815+0200: 12279.949: [GC pause (young), 0.1428660 secs]
   [Parallel Time: 135.5 ms, GC Workers: 2]
      [GC Worker Start (ms): Min: 12279950.9, Avg: 12279950.9, Max: 12279950.9, Diff: 0.0]
      [Ext Root Scanning (ms): Min: 50.9, Avg: 51.2, Max: 51.5, Diff: 0.6, Sum: 102.4]
      [Update RS (ms): Min: 38.2, Avg: 38.4, Max: 38.6, Diff: 0.3, Sum: 76.8]
         [Processed Buffers: Min: 417, Avg: 427.0, Max: 437, Diff: 20, Sum: 854]
      [Scan RS (ms): Min: 7.4, Avg: 7.4, Max: 7.4, Diff: 0.0, Sum: 14.8]
      [Code Root Scanning (ms): Min: 0.1, Avg: 0.1, Max: 0.1, Diff: 0.0, Sum: 0.1]
      [Object Copy (ms): Min: 37.8, Avg: 38.3, Max: 38.8, Diff: 1.0, Sum: 76.5]
      [Termination (ms): Min: 0.0, Avg: 0.0, Max: 0.0, Diff: 0.0, Sum: 0.0]
      [GC Worker Other (ms): Min: 0.1, Avg: 0.1, Max: 0.1, Diff: 0.1, Sum: 0.2]
      [GC Worker Total (ms): Min: 135.4, Avg: 135.4, Max: 135.5, Diff: 0.0, Sum: 270.9]
      [GC Worker End (ms): Min: 12280086.4, Avg: 12280086.4, Max: 12280086.4, Diff: 0.0]
   [Code Root Fixup: 0.7 ms]
   [Code Root Migration: 0.0 ms]
   [Clear CT: 0.4 ms]
   [Other: 6.1 ms]
      [Choose CSet: 0.0 ms]
      [Ref Proc: 2.4 ms]
      [Ref Enq: 0.2 ms]
      [Free CSet: 0.5 ms]
   [Eden: 184.0M(184.0M)->0.0B(184.0M) Survivors: 20.0M->20.0M Heap: 1468.0M(4096.0M)->1300.0M(4096.0M)]
 [Times: user=0.28 sys=0.00, real=0.14 secs] 
2016-08-30T17:00:36.333+0200: 12286.468: [GC pause (young), 0.2407510 secs]
   [Parallel Time: 234.1 ms, GC Workers: 2]
      [GC Worker Start (ms): Min: 12286469.4, Avg: 12286469.4, Max: 12286469.4, Diff: 0.0]
      [Ext Root Scanning (ms): Min: 92.8, Avg: 96.1, Max: 99.5, Diff: 6.7, Sum: 192.2]
      [Update RS (ms): Min: 82.1, Avg: 83.5, Max: 84.9, Diff: 2.8, Sum: 167.0]
         [Processed Buffers: Min: 316, Avg: 417.0, Max: 518, Diff: 202, Sum: 834]
      [Scan RS (ms): Min: 2.1, Avg: 6.0, Max: 9.9, Diff: 7.8, Sum: 12.0]
      [Code Root Scanning (ms): Min: 0.0, Avg: 0.0, Max: 0.0, Diff: 0.0, Sum: 0.1]
      [Object Copy (ms): Min: 42.4, Avg: 48.3, Max: 54.1, Diff: 11.7, Sum: 96.5]
      [Termination (ms): Min: 0.0, Avg: 0.1, Max: 0.1, Diff: 0.1, Sum: 0.1]
      [GC Worker Other (ms): Min: 0.0, Avg: 0.1, Max: 0.1, Diff: 0.1, Sum: 0.1]
      [GC Worker Total (ms): Min: 234.0, Avg: 234.0, Max: 234.0, Diff: 0.0, Sum: 468.0]
      [GC Worker End (ms): Min: 12286703.4, Avg: 12286703.4, Max: 12286703.4, Diff: 0.0]
   [Code Root Fixup: 0.2 ms]
   [Code Root Migration: 0.0 ms]
   [Clear CT: 0.5 ms]
   [Other: 6.0 ms]
      [Choose CSet: 0.0 ms]
      [Ref Proc: 2.9 ms]
      [Ref Enq: 0.1 ms]
      [Free CSet: 0.3 ms]
   [Eden: 184.0M(184.0M)->0.0B(184.0M) Survivors: 20.0M->20.0M Heap: 1484.0M(4096.0M)->1316.0M(4096.0M)]
 [Times: user=0.23 sys=0.00, real=0.24 secs] 
2016-08-30T17:00:41.443+0200: 12291.578: [GC pause (young), 0.1524460 secs]
   [Parallel Time: 145.5 ms, GC Workers: 2]
      [GC Worker Start (ms): Min: 12291579.3, Avg: 12291579.8, Max: 12291580.2, Diff: 1.0]
      [Ext Root Scanning (ms): Min: 49.5, Avg: 53.8, Max: 58.1, Diff: 8.5, Sum: 107.6]
      [Update RS (ms): Min: 41.6, Avg: 45.5, Max: 49.5, Diff: 7.9, Sum: 91.1]
         [Processed Buffers: Min: 339, Avg: 436.0, Max: 533, Diff: 194, Sum: 872]
      [Scan RS (ms): Min: 7.1, Avg: 7.4, Max: 7.6, Diff: 0.5, Sum: 14.8]
      [Code Root Scanning (ms): Min: 0.0, Avg: 0.1, Max: 0.1, Diff: 0.1, Sum: 0.1]
      [Object Copy (ms): Min: 37.9, Avg: 38.0, Max: 38.1, Diff: 0.3, Sum: 76.0]
      [Termination (ms): Min: 0.0, Avg: 0.0, Max: 0.0, Diff: 0.0, Sum: 0.0]
      [GC Worker Other (ms): Min: 0.1, Avg: 0.1, Max: 0.2, Diff: 0.0, Sum: 0.3]
      [GC Worker Total (ms): Min: 144.5, Avg: 145.0, Max: 145.5, Diff: 1.0, Sum: 289.9]
      [GC Worker End (ms): Min: 12291724.7, Avg: 12291724.7, Max: 12291724.7, Diff: 0.0]
   [Code Root Fixup: 0.5 ms]
   [Code Root Migration: 0.0 ms]
   [Clear CT: 0.4 ms]
   [Other: 6.0 ms]
      [Choose CSet: 0.0 ms]
      [Ref Proc: 2.2 ms]
      [Ref Enq: 0.2 ms]
      [Free CSet: 0.5 ms]
   [Eden: 184.0M(184.0M)->0.0B(184.0M) Survivors: 20.0M->20.0M Heap: 1500.0M(4096.0M)->1333.0M(4096.0M)]
 [Times: user=0.28 sys=0.00, real=0.15 secs] 
2016-08-30T17:00:47.214+0200: 12297.348: [GC pause (young), 0.1219780 secs]
   [Parallel Time: 114.4 ms, GC Workers: 2]
      [GC Worker Start (ms): Min: 12297350.2, Avg: 12297350.2, Max: 12297350.2, Diff: 0.0]
      [Ext Root Scanning (ms): Min: 34.6, Avg: 41.0, Max: 47.4, Diff: 12.8, Sum: 82.0]
      [Update RS (ms): Min: 30.7, Avg: 37.7, Max: 44.8, Diff: 14.1, Sum: 75.5]
         [Processed Buffers: Min: 377, Avg: 418.5, Max: 460, Diff: 83, Sum: 837]
      [Scan RS (ms): Min: 7.3, Avg: 7.7, Max: 8.1, Diff: 0.8, Sum: 15.4]
      [Code Root Scanning (ms): Min: 0.0, Avg: 0.0, Max: 0.1, Diff: 0.1, Sum: 0.1]
      [Object Copy (ms): Min: 27.2, Avg: 27.3, Max: 27.5, Diff: 0.4, Sum: 54.7]
      [Termination (ms): Min: 0.0, Avg: 0.0, Max: 0.0, Diff: 0.0, Sum: 0.0]
      [GC Worker Other (ms): Min: 0.1, Avg: 0.1, Max: 0.1, Diff: 0.0, Sum: 0.2]
      [GC Worker Total (ms): Min: 113.9, Avg: 113.9, Max: 113.9, Diff: 0.0, Sum: 227.9]
      [GC Worker End (ms): Min: 12297464.1, Avg: 12297464.1, Max: 12297464.1, Diff: 0.0]
   [Code Root Fixup: 0.2 ms]
   [Code Root Migration: 0.0 ms]
   [Clear CT: 0.5 ms]
   [Other: 6.8 ms]
      [Choose CSet: 0.0 ms]
      [Ref Proc: 3.7 ms]
      [Ref Enq: 0.1 ms]
      [Free CSet: 0.3 ms]
   [Eden: 184.0M(184.0M)->0.0B(186.0M) Survivors: 20.0M->18.0M Heap: 1517.0M(4096.0M)->1350.0M(4096.0M)]
 [Times: user=0.15 sys=0.00, real=0.12 secs] 
2016-08-30T17:00:54.032+0200: 12304.166: [GC pause (young), 0.1418090 secs]
   [Parallel Time: 135.0 ms, GC Workers: 2]
      [GC Worker Start (ms): Min: 12304168.1, Avg: 12304169.2, Max: 12304170.3, Diff: 2.2]
      [Ext Root Scanning (ms): Min: 50.0, Avg: 50.3, Max: 50.7, Diff: 0.8, Sum: 100.7]
      [Update RS (ms): Min: 39.2, Avg: 39.6, Max: 39.9, Diff: 0.8, Sum: 79.1]
         [Processed Buffers: Min: 352, Avg: 389.0, Max: 426, Diff: 74, Sum: 778]
      [Scan RS (ms): Min: 7.3, Avg: 7.6, Max: 7.8, Diff: 0.5, Sum: 15.2]
      [Code Root Scanning (ms): Min: 0.1, Avg: 0.1, Max: 0.1, Diff: 0.0, Sum: 0.1]
      [Object Copy (ms): Min: 35.5, Avg: 36.1, Max: 36.7, Diff: 1.2, Sum: 72.2]
      [Termination (ms): Min: 0.0, Avg: 0.0, Max: 0.0, Diff: 0.0, Sum: 0.0]
      [GC Worker Other (ms): Min: 0.1, Avg: 0.2, Max: 0.2, Diff: 0.1, Sum: 0.4]
      [GC Worker Total (ms): Min: 132.7, Avg: 133.8, Max: 134.9, Diff: 2.2, Sum: 267.6]
      [GC Worker End (ms): Min: 12304303.0, Avg: 12304303.0, Max: 12304303.0, Diff: 0.0]
   [Code Root Fixup: 0.4 ms]
   [Code Root Migration: 0.0 ms]
   [Clear CT: 0.5 ms]
   [Other: 5.9 ms]
      [Choose CSet: 0.0 ms]
      [Ref Proc: 2.2 ms]
      [Ref Enq: 0.2 ms]
      [Free CSet: 0.5 ms]
   [Eden: 186.0M(186.0M)->0.0B(246.0M) Survivors: 18.0M->18.0M Heap: 1536.0M(4096.0M)->1364.0M(4096.0M)]
 [Times: user=0.27 sys=0.01, real=0.15 secs] 
2016-08-30T17:01:01.818+0200: 12311.952: [GC pause (young), 0.1618580 secs]
   [Parallel Time: 152.9 ms, GC Workers: 2]
      [GC Worker Start (ms): Min: 12311953.8, Avg: 12311953.8, Max: 12311953.8, Diff: 0.0]
      [Ext Root Scanning (ms): Min: 51.4, Avg: 53.1, Max: 54.8, Diff: 3.4, Sum: 106.1]
      [Update RS (ms): Min: 48.9, Avg: 49.5, Max: 50.1, Diff: 1.2, Sum: 99.0]
         [Processed Buffers: Min: 446, Avg: 473.5, Max: 501, Diff: 55, Sum: 947]
      [Scan RS (ms): Min: 6.7, Avg: 7.4, Max: 8.1, Diff: 1.4, Sum: 14.8]
      [Code Root Scanning (ms): Min: 0.1, Avg: 0.1, Max: 0.1, Diff: 0.0, Sum: 0.2]
      [Object Copy (ms): Min: 42.3, Avg: 42.7, Max: 43.2, Diff: 0.9, Sum: 85.4]
      [Termination (ms): Min: 0.0, Avg: 0.0, Max: 0.0, Diff: 0.0, Sum: 0.0]
      [GC Worker Other (ms): Min: 0.1, Avg: 0.1, Max: 0.1, Diff: 0.1, Sum: 0.2]
      [GC Worker Total (ms): Min: 152.8, Avg: 152.8, Max: 152.9, Diff: 0.0, Sum: 305.7]
      [GC Worker End (ms): Min: 12312106.7, Avg: 12312106.7, Max: 12312106.7, Diff: 0.0]
   [Code Root Fixup: 0.5 ms]
   [Code Root Migration: 0.0 ms]
   [Clear CT: 0.9 ms]
   [Other: 7.5 ms]
      [Choose CSet: 0.0 ms]
      [Ref Proc: 3.4 ms]
      [Ref Enq: 0.2 ms]
      [Free CSet: 0.6 ms]
   [Eden: 246.0M(246.0M)->0.0B(246.0M) Survivors: 18.0M->34.0M Heap: 1610.0M(4096.0M)->1381.0M(4096.0M)]
 [Times: user=0.31 sys=0.01, real=0.16 secs] 
2016-08-30T17:01:10.935+0200: 12321.069: [GC pause (young), 0.1757490 secs]
   [Parallel Time: 167.7 ms, GC Workers: 2]
      [GC Worker Start (ms): Min: 12321071.1, Avg: 12321071.7, Max: 12321072.4, Diff: 1.3]
      [Ext Root Scanning (ms): Min: 53.4, Avg: 53.6, Max: 53.7, Diff: 0.3, Sum: 107.2]
      [Update RS (ms): Min: 45.6, Avg: 46.0, Max: 46.5, Diff: 0.9, Sum: 92.0]
         [Processed Buffers: Min: 426, Avg: 429.0, Max: 432, Diff: 6, Sum: 858]
      [Scan RS (ms): Min: 11.3, Avg: 11.6, Max: 12.0, Diff: 0.7, Sum: 23.3]
      [Code Root Scanning (ms): Min: 0.0, Avg: 0.1, Max: 0.2, Diff: 0.2, Sum: 0.2]
      [Object Copy (ms): Min: 55.0, Avg: 55.5, Max: 56.1, Diff: 1.1, Sum: 111.1]
      [Termination (ms): Min: 0.0, Avg: 0.0, Max: 0.0, Diff: 0.0, Sum: 0.0]
      [GC Worker Other (ms): Min: 0.1, Avg: 0.2, Max: 0.2, Diff: 0.1, Sum: 0.3]
      [GC Worker Total (ms): Min: 166.4, Avg: 167.0, Max: 167.7, Diff: 1.3, Sum: 334.0]
      [GC Worker End (ms): Min: 12321238.7, Avg: 12321238.7, Max: 12321238.7, Diff: 0.0]
   [Code Root Fixup: 0.4 ms]
   [Code Root Migration: 0.0 ms]
   [Clear CT: 0.5 ms]
   [Other: 7.1 ms]
      [Choose CSet: 0.0 ms]
      [Ref Proc: 3.0 ms]
      [Ref Enq: 0.2 ms]
      [Free CSet: 0.6 ms]
   [Eden: 246.0M(246.0M)->0.0B(314.0M) Survivors: 34.0M->22.0M Heap: 1627.0M(4096.0M)->1397.0M(4096.0M)]
 [Times: user=0.33 sys=0.00, real=0.18 secs] 
2016-08-30T17:01:21.632+0200: 12331.766: [GC pause (young), 0.1889000 secs]
   [Parallel Time: 179.2 ms, GC Workers: 2]
      [GC Worker Start (ms): Min: 12331768.1, Avg: 12331769.1, Max: 12331770.0, Diff: 1.9]
      [Ext Root Scanning (ms): Min: 52.6, Avg: 53.9, Max: 55.1, Diff: 2.5, Sum: 107.8]
      [Update RS (ms): Min: 61.2, Avg: 61.4, Max: 61.7, Diff: 0.4, Sum: 122.9]
         [Processed Buffers: Min: 433, Avg: 473.5, Max: 514, Diff: 81, Sum: 947]
      [Scan RS (ms): Min: 9.2, Avg: 9.3, Max: 9.4, Diff: 0.2, Sum: 18.5]
      [Code Root Scanning (ms): Min: 0.1, Avg: 0.1, Max: 0.1, Diff: 0.0, Sum: 0.3]
      [Object Copy (ms): Min: 53.3, Avg: 53.4, Max: 53.4, Diff: 0.1, Sum: 106.7]
      [Termination (ms): Min: 0.0, Avg: 0.0, Max: 0.0, Diff: 0.0, Sum: 0.0]
      [GC Worker Other (ms): Min: 0.1, Avg: 0.2, Max: 0.2, Diff: 0.0, Sum: 0.3]
      [GC Worker Total (ms): Min: 177.3, Avg: 178.3, Max: 179.2, Diff: 1.9, Sum: 356.5]
      [GC Worker End (ms): Min: 12331947.3, Avg: 12331947.3, Max: 12331947.3, Diff: 0.0]
   [Code Root Fixup: 0.5 ms]
   [Code Root Migration: 0.1 ms]
   [Clear CT: 1.0 ms]
   [Other: 8.1 ms]
      [Choose CSet: 0.0 ms]
      [Ref Proc: 3.9 ms]
      [Ref Enq: 0.4 ms]
      [Free CSet: 0.8 ms]
   [Eden: 314.0M(314.0M)->0.0B(202.0M) Survivors: 22.0M->42.0M Heap: 1711.0M(4096.0M)->1420.0M(4096.0M)]
 [Times: user=0.36 sys=0.01, real=0.19 secs] 
2016-08-30T17:01:29.127+0200: 12339.261: [GC pause (young), 0.1669330 secs]
   [Parallel Time: 159.8 ms, GC Workers: 2]
      [GC Worker Start (ms): Min: 12339262.8, Avg: 12339264.8, Max: 12339266.7, Diff: 3.9]
      [Ext Root Scanning (ms): Min: 46.8, Avg: 48.7, Max: 50.7, Diff: 3.9, Sum: 97.4]
      [Update RS (ms): Min: 38.6, Avg: 38.9, Max: 39.3, Diff: 0.8, Sum: 77.9]
         [Processed Buffers: Min: 372, Avg: 381.5, Max: 391, Diff: 19, Sum: 763]
      [Scan RS (ms): Min: 13.2, Avg: 13.4, Max: 13.5, Diff: 0.3, Sum: 26.7]
      [Code Root Scanning (ms): Min: 0.0, Avg: 0.1, Max: 0.1, Diff: 0.1, Sum: 0.2]
      [Object Copy (ms): Min: 56.3, Avg: 56.5, Max: 56.6, Diff: 0.3, Sum: 113.0]
      [Termination (ms): Min: 0.0, Avg: 0.0, Max: 0.0, Diff: 0.0, Sum: 0.0]
      [GC Worker Other (ms): Min: 0.1, Avg: 0.2, Max: 0.2, Diff: 0.0, Sum: 0.3]
      [GC Worker Total (ms): Min: 155.8, Avg: 157.8, Max: 159.7, Diff: 3.9, Sum: 315.5]
      [GC Worker End (ms): Min: 12339422.5, Avg: 12339422.5, Max: 12339422.5, Diff: 0.0]
   [Code Root Fixup: 0.5 ms]
   [Code Root Migration: 0.0 ms]
   [Clear CT: 0.5 ms]
   [Other: 6.1 ms]
      [Choose CSet: 0.0 ms]
      [Ref Proc: 2.5 ms]
      [Ref Enq: 0.2 ms]
      [Free CSet: 0.5 ms]
   [Eden: 202.0M(202.0M)->0.0B(412.0M) Survivors: 42.0M->18.0M Heap: 1622.0M(4096.0M)->1431.0M(4096.0M)]
 [Times: user=0.32 sys=0.00, real=0.17 secs] 
2016-08-30T17:01:44.220+0200: 12354.354: [GC pause (young), 0.1832110 secs]
   [Parallel Time: 174.9 ms, GC Workers: 2]
      [GC Worker Start (ms): Min: 12354356.2, Avg: 12354356.3, Max: 12354356.3, Diff: 0.0]
      [Ext Root Scanning (ms): Min: 51.3, Avg: 56.4, Max: 61.5, Diff: 10.2, Sum: 112.8]
      [Update RS (ms): Min: 57.1, Avg: 62.7, Max: 68.3, Diff: 11.1, Sum: 125.4]
         [Processed Buffers: Min: 463, Avg: 510.0, Max: 557, Diff: 94, Sum: 1020]
      [Scan RS (ms): Min: 9.6, Avg: 9.8, Max: 10.0, Diff: 0.5, Sum: 19.6]
      [Code Root Scanning (ms): Min: 0.1, Avg: 0.1, Max: 0.2, Diff: 0.1, Sum: 0.3]
      [Object Copy (ms): Min: 44.9, Avg: 45.5, Max: 46.2, Diff: 1.3, Sum: 91.0]
      [Termination (ms): Min: 0.0, Avg: 0.0, Max: 0.0, Diff: 0.0, Sum: 0.0]
      [GC Worker Other (ms): Min: 0.1, Avg: 0.2, Max: 0.2, Diff: 0.1, Sum: 0.4]
      [GC Worker Total (ms): Min: 174.7, Avg: 174.7, Max: 174.8, Diff: 0.0, Sum: 349.5]
      [GC Worker End (ms): Min: 12354531.0, Avg: 12354531.0, Max: 12354531.0, Diff: 0.0]
   [Code Root Fixup: 0.3 ms]
   [Code Root Migration: 0.1 ms]
   [Clear CT: 0.4 ms]
   [Other: 7.5 ms]
      [Choose CSet: 0.0 ms]
      [Ref Proc: 3.5 ms]
      [Ref Enq: 0.2 ms]
      [Free CSet: 0.8 ms]
   [Eden: 412.0M(412.0M)->0.0B(202.0M) Survivors: 18.0M->54.0M Heap: 1843.0M(4096.0M)->1470.0M(4096.0M)]
 [Times: user=0.36 sys=0.01, real=0.19 secs] 
2016-08-30T17:01:51.344+0200: 12361.478: [GC pause (young), 0.1814440 secs]
   [Parallel Time: 175.6 ms, GC Workers: 2]
      [GC Worker Start (ms): Min: 12361479.6, Avg: 12361479.6, Max: 12361479.6, Diff: 0.1]
      [Ext Root Scanning (ms): Min: 50.5, Avg: 56.6, Max: 62.8, Diff: 12.3, Sum: 113.3]
      [Update RS (ms): Min: 36.2, Avg: 43.0, Max: 49.9, Diff: 13.7, Sum: 86.1]
         [Processed Buffers: Min: 277, Avg: 366.0, Max: 455, Diff: 178, Sum: 732]
      [Scan RS (ms): Min: 14.9, Avg: 15.8, Max: 16.6, Diff: 1.7, Sum: 31.6]
      [Code Root Scanning (ms): Min: 0.1, Avg: 0.1, Max: 0.1, Diff: 0.1, Sum: 0.2]
      [Object Copy (ms): Min: 58.2, Avg: 59.8, Max: 61.3, Diff: 3.1, Sum: 119.5]
      [Termination (ms): Min: 0.0, Avg: 0.0, Max: 0.0, Diff: 0.0, Sum: 0.0]
      [GC Worker Other (ms): Min: 0.1, Avg: 0.2, Max: 0.2, Diff: 0.0, Sum: 0.3]
      [GC Worker Total (ms): Min: 175.5, Avg: 175.5, Max: 175.5, Diff: 0.1, Sum: 351.0]
      [GC Worker End (ms): Min: 12361655.1, Avg: 12361655.1, Max: 12361655.1, Diff: 0.0]
   [Code Root Fixup: 0.3 ms]
   [Code Root Migration: 0.0 ms]
   [Clear CT: 0.4 ms]
   [Other: 5.1 ms]
      [Choose CSet: 0.0 ms]
      [Ref Proc: 1.8 ms]
      [Ref Enq: 0.1 ms]
      [Free CSet: 0.5 ms]
   [Eden: 202.0M(202.0M)->0.0B(490.0M) Survivors: 54.0M->16.0M Heap: 1672.0M(4096.0M)->1480.0M(4096.0M)]
 [Times: user=0.35 sys=0.00, real=0.18 secs] 
2016-08-30T17:02:10.951+0200: 12381.085: [GC pause (young), 0.1880340 secs]
   [Parallel Time: 179.1 ms, GC Workers: 2]
      [GC Worker Start (ms): Min: 12381087.1, Avg: 12381087.1, Max: 12381087.1, Diff: 0.0]
      [Ext Root Scanning (ms): Min: 50.3, Avg: 50.6, Max: 50.9, Diff: 0.6, Sum: 101.1]
      [Update RS (ms): Min: 61.8, Avg: 62.4, Max: 62.9, Diff: 1.1, Sum: 124.8]
         [Processed Buffers: Min: 431, Avg: 446.5, Max: 462, Diff: 31, Sum: 893]
      [Scan RS (ms): Min: 11.1, Avg: 11.3, Max: 11.6, Diff: 0.5, Sum: 22.7]
      [Code Root Scanning (ms): Min: 0.1, Avg: 0.2, Max: 0.2, Diff: 0.1, Sum: 0.3]
      [Object Copy (ms): Min: 53.9, Avg: 54.5, Max: 55.0, Diff: 1.2, Sum: 108.9]
      [Termination (ms): Min: 0.0, Avg: 0.0, Max: 0.0, Diff: 0.0, Sum: 0.0]
      [GC Worker Other (ms): Min: 0.1, Avg: 0.2, Max: 0.2, Diff: 0.1, Sum: 0.3]
      [GC Worker Total (ms): Min: 179.1, Avg: 179.1, Max: 179.1, Diff: 0.0, Sum: 358.2]
      [GC Worker End (ms): Min: 12381266.2, Avg: 12381266.2, Max: 12381266.2, Diff: 0.0]
   [Code Root Fixup: 0.3 ms]
   [Code Root Migration: 0.1 ms]
   [Clear CT: 0.5 ms]
   [Other: 8.0 ms]
      [Choose CSet: 0.0 ms]
      [Ref Proc: 3.9 ms]
      [Ref Enq: 0.2 ms]
      [Free CSet: 0.9 ms]
   [Eden: 490.0M(490.0M)->0.0B(218.0M) Survivors: 16.0M->56.0M Heap: 1970.0M(4096.0M)->1520.0M(4096.0M)]
 [Times: user=0.37 sys=0.00, real=0.19 secs] 
2016-08-30T17:02:17.231+0200: 12387.365: [GC pause (young), 0.1725070 secs]
   [Parallel Time: 165.0 ms, GC Workers: 2]
      [GC Worker Start (ms): Min: 12387367.0, Avg: 12387367.0, Max: 12387367.0, Diff: 0.0]
      [Ext Root Scanning (ms): Min: 49.2, Avg: 49.6, Max: 50.1, Diff: 0.9, Sum: 99.2]
      [Update RS (ms): Min: 40.0, Avg: 40.2, Max: 40.5, Diff: 0.5, Sum: 80.4]
         [Processed Buffers: Min: 375, Avg: 399.5, Max: 424, Diff: 49, Sum: 799]
      [Scan RS (ms): Min: 13.7, Avg: 13.9, Max: 14.0, Diff: 0.3, Sum: 27.7]
      [Code Root Scanning (ms): Min: 0.0, Avg: 0.1, Max: 0.1, Diff: 0.1, Sum: 0.2]
      [Object Copy (ms): Min: 60.6, Avg: 61.0, Max: 61.4, Diff: 0.9, Sum: 122.0]
      [Termination (ms): Min: 0.0, Avg: 0.0, Max: 0.0, Diff: 0.0, Sum: 0.0]
      [GC Worker Other (ms): Min: 0.2, Avg: 0.2, Max: 0.2, Diff: 0.0, Sum: 0.3]
      [GC Worker Total (ms): Min: 165.0, Avg: 165.0, Max: 165.0, Diff: 0.0, Sum: 329.9]
      [GC Worker End (ms): Min: 12387531.9, Avg: 12387532.0, Max: 12387532.0, Diff: 0.0]
   [Code Root Fixup: 0.4 ms]
   [Code Root Migration: 0.0 ms]
   [Clear CT: 0.5 ms]
   [Other: 6.5 ms]
      [Choose CSet: 0.0 ms]
      [Ref Proc: 2.4 ms]
      [Ref Enq: 0.2 ms]
      [Free CSet: 0.6 ms]
   [Eden: 218.0M(218.0M)->0.0B(418.0M) Survivors: 56.0M->30.0M Heap: 1738.0M(4096.0M)->1541.0M(4096.0M)]
 [Times: user=0.34 sys=0.01, real=0.17 secs] 
2016-08-30T17:02:34.151+0200: 12404.285: [GC pause (young), 0.2001890 secs]
   [Parallel Time: 188.0 ms, GC Workers: 2]
      [GC Worker Start (ms): Min: 12404287.4, Avg: 12404287.4, Max: 12404287.4, Diff: 0.0]
      [Ext Root Scanning (ms): Min: 51.3, Avg: 51.3, Max: 51.4, Diff: 0.1, Sum: 102.7]
      [Update RS (ms): Min: 62.4, Avg: 62.9, Max: 63.5, Diff: 1.0, Sum: 125.9]
         [Processed Buffers: Min: 435, Avg: 462.0, Max: 489, Diff: 54, Sum: 924]
      [Scan RS (ms): Min: 11.1, Avg: 11.6, Max: 12.2, Diff: 1.1, Sum: 23.2]
      [Code Root Scanning (ms): Min: 0.1, Avg: 0.2, Max: 0.2, Diff: 0.0, Sum: 0.3]
      [Object Copy (ms): Min: 61.7, Avg: 61.8, Max: 61.8, Diff: 0.1, Sum: 123.6]
      [Termination (ms): Min: 0.0, Avg: 0.0, Max: 0.0, Diff: 0.0, Sum: 0.0]
      [GC Worker Other (ms): Min: 0.1, Avg: 0.1, Max: 0.1, Diff: 0.1, Sum: 0.2]
      [GC Worker Total (ms): Min: 187.9, Avg: 187.9, Max: 187.9, Diff: 0.0, Sum: 375.9]
      [GC Worker End (ms): Min: 12404475.3, Avg: 12404475.3, Max: 12404475.3, Diff: 0.0]
   [Code Root Fixup: 0.5 ms]
   [Code Root Migration: 0.1 ms]
   [Clear CT: 0.8 ms]
   [Other: 10.8 ms]
      [Choose CSet: 0.0 ms]
      [Ref Proc: 5.6 ms]
      [Ref Enq: 0.4 ms]
      [Free CSet: 1.1 ms]
   [Eden: 418.0M(418.0M)->0.0B(204.0M) Survivors: 30.0M->56.0M Heap: 1959.0M(4096.0M)->1573.0M(4096.0M)]
 [Times: user=0.39 sys=0.00, real=0.20 secs] 
2016-08-30T17:02:41.242+0200: 12411.377: [GC pause (young), 0.1716830 secs]
   [Parallel Time: 165.7 ms, GC Workers: 2]
      [GC Worker Start (ms): Min: 12411378.2, Avg: 12411378.6, Max: 12411379.0, Diff: 0.9]
      [Ext Root Scanning (ms): Min: 49.8, Avg: 50.4, Max: 51.1, Diff: 1.3, Sum: 100.8]
      [Update RS (ms): Min: 42.8, Avg: 43.3, Max: 43.8, Diff: 1.0, Sum: 86.6]
         [Processed Buffers: Min: 345, Avg: 420.5, Max: 496, Diff: 151, Sum: 841]
      [Scan RS (ms): Min: 16.4, Avg: 16.7, Max: 17.0, Diff: 0.6, Sum: 33.4]
      [Code Root Scanning (ms): Min: 0.0, Avg: 0.1, Max: 0.2, Diff: 0.1, Sum: 0.2]
      [Object Copy (ms): Min: 54.4, Avg: 54.5, Max: 54.6, Diff: 0.1, Sum: 109.0]
      [Termination (ms): Min: 0.0, Avg: 0.0, Max: 0.0, Diff: 0.0, Sum: 0.0]
      [GC Worker Other (ms): Min: 0.1, Avg: 0.2, Max: 0.2, Diff: 0.0, Sum: 0.3]
      [GC Worker Total (ms): Min: 164.7, Avg: 165.2, Max: 165.6, Diff: 0.9, Sum: 330.3]
      [GC Worker End (ms): Min: 12411543.8, Avg: 12411543.8, Max: 12411543.8, Diff: 0.0]
   [Code Root Fixup: 0.2 ms]
   [Code Root Migration: 0.0 ms]
   [Clear CT: 0.5 ms]
   [Other: 5.3 ms]
      [Choose CSet: 0.0 ms]
      [Ref Proc: 1.7 ms]
      [Ref Enq: 0.1 ms]
      [Free CSet: 0.5 ms]
   [Eden: 204.0M(204.0M)->0.0B(592.0M) Survivors: 56.0M->16.0M Heap: 1777.0M(4096.0M)->1588.0M(4096.0M)]
 [Times: user=0.33 sys=0.01, real=0.17 secs] 
2016-08-30T17:03:03.358+0200: 12433.493: [GC pause (young), 0.2135370 secs]
   [Parallel Time: 200.2 ms, GC Workers: 2]
      [GC Worker Start (ms): Min: 12433494.9, Avg: 12433494.9, Max: 12433494.9, Diff: 0.0]
      [Ext Root Scanning (ms): Min: 66.2, Avg: 66.9, Max: 67.6, Diff: 1.3, Sum: 133.8]
      [Update RS (ms): Min: 65.1, Avg: 65.7, Max: 66.3, Diff: 1.2, Sum: 131.4]
         [Processed Buffers: Min: 399, Avg: 439.5, Max: 480, Diff: 81, Sum: 879]
      [Scan RS (ms): Min: 8.4, Avg: 11.3, Max: 14.3, Diff: 5.9, Sum: 22.7]
      [Code Root Scanning (ms): Min: 0.3, Avg: 3.3, Max: 6.3, Diff: 6.0, Sum: 6.6]
      [Object Copy (ms): Min: 52.7, Avg: 52.8, Max: 52.8, Diff: 0.1, Sum: 105.5]
      [Termination (ms): Min: 0.0, Avg: 0.0, Max: 0.0, Diff: 0.0, Sum: 0.0]
      [GC Worker Other (ms): Min: 0.0, Avg: 0.1, Max: 0.2, Diff: 0.1, Sum: 0.2]
      [GC Worker Total (ms): Min: 200.1, Avg: 200.1, Max: 200.2, Diff: 0.0, Sum: 400.3]
      [GC Worker End (ms): Min: 12433695.0, Avg: 12433695.1, Max: 12433695.1, Diff: 0.0]
   [Code Root Fixup: 0.5 ms]
   [Code Root Migration: 0.1 ms]
   [Clear CT: 0.6 ms]
   [Other: 12.2 ms]
      [Choose CSet: 0.0 ms]
      [Ref Proc: 7.1 ms]
      [Ref Enq: 0.5 ms]
      [Free CSet: 1.2 ms]
   [Eden: 590.0M(458.0M)->0.0B(144.0M) Survivors: 16.0M->60.0M Heap: 2178.0M(4096.0M)->1638.0M(4096.0M)]
 [Times: user=0.37 sys=0.00, real=0.21 secs] 
2016-08-30T17:03:08.287+0200: 12438.422: [GC pause (young), 0.2288400 secs]
   [Parallel Time: 224.0 ms, GC Workers: 2]
      [GC Worker Start (ms): Min: 12438423.2, Avg: 12438426.1, Max: 12438429.0, Diff: 5.8]
      [Ext Root Scanning (ms): Min: 80.8, Avg: 84.7, Max: 88.7, Diff: 7.9, Sum: 169.5]
      [Update RS (ms): Min: 42.3, Avg: 42.9, Max: 43.4, Diff: 1.1, Sum: 85.7]
         [Processed Buffers: Min: 313, Avg: 336.0, Max: 359, Diff: 46, Sum: 672]
      [Scan RS (ms): Min: 13.5, Avg: 18.0, Max: 22.4, Diff: 8.9, Sum: 35.9]
      [Code Root Scanning (ms): Min: 0.0, Avg: 0.0, Max: 0.0, Diff: 0.0, Sum: 0.1]
      [Object Copy (ms): Min: 72.5, Avg: 75.3, Max: 78.0, Diff: 5.5, Sum: 150.5]
      [Termination (ms): Min: 0.0, Avg: 0.1, Max: 0.1, Diff: 0.1, Sum: 0.1]
      [GC Worker Other (ms): Min: 0.1, Avg: 0.1, Max: 0.1, Diff: 0.0, Sum: 0.3]
      [GC Worker Total (ms): Min: 218.2, Avg: 221.1, Max: 224.0, Diff: 5.8, Sum: 442.1]
      [GC Worker End (ms): Min: 12438647.1, Avg: 12438647.2, Max: 12438647.2, Diff: 0.0]
   [Code Root Fixup: 0.2 ms]
   [Code Root Migration: 0.0 ms]
   [Clear CT: 0.6 ms]
   [Other: 4.0 ms]
      [Choose CSet: 0.0 ms]
      [Ref Proc: 1.1 ms]
      [Ref Enq: 0.1 ms]
      [Free CSet: 0.4 ms]
   [Eden: 144.0M(144.0M)->0.0B(264.0M) Survivors: 60.0M->16.0M Heap: 1782.0M(4096.0M)->1650.0M(4096.0M)]
 [Times: user=0.22 sys=0.00, real=0.23 secs] 
2016-08-30T17:03:18.091+0200: 12448.226: [GC pause (young), 0.2512110 secs]
   [Parallel Time: 241.9 ms, GC Workers: 2]
      [GC Worker Start (ms): Min: 12448227.2, Avg: 12448228.6, Max: 12448230.0, Diff: 2.8]
      [Ext Root Scanning (ms): Min: 70.6, Avg: 79.6, Max: 88.5, Diff: 17.9, Sum: 159.1]
      [Update RS (ms): Min: 63.2, Avg: 70.7, Max: 78.3, Diff: 15.1, Sum: 141.5]
         [Processed Buffers: Min: 419, Avg: 478.5, Max: 538, Diff: 119, Sum: 957]
      [Scan RS (ms): Min: 10.8, Avg: 10.8, Max: 10.8, Diff: 0.0, Sum: 21.5]
      [Code Root Scanning (ms): Min: 0.0, Avg: 0.0, Max: 0.0, Diff: 0.0, Sum: 0.1]
      [Object Copy (ms): Min: 68.5, Avg: 74.8, Max: 81.0, Diff: 12.5, Sum: 149.5]
      [Termination (ms): Min: 0.0, Avg: 4.0, Max: 8.0, Diff: 8.0, Sum: 8.0]
      [GC Worker Other (ms): Min: 0.1, Avg: 0.1, Max: 0.1, Diff: 0.0, Sum: 0.2]
      [GC Worker Total (ms): Min: 239.1, Avg: 239.9, Max: 240.8, Diff: 1.7, Sum: 479.9]
      [GC Worker End (ms): Min: 12448468.0, Avg: 12448468.5, Max: 12448469.0, Diff: 1.1]
   [Code Root Fixup: 0.2 ms]
   [Code Root Migration: 0.0 ms]
   [Clear CT: 0.3 ms]
   [Other: 8.8 ms]
      [Choose CSet: 0.0 ms]
      [Ref Proc: 6.1 ms]
      [Ref Enq: 0.1 ms]
      [Free CSet: 0.3 ms]
   [Eden: 264.0M(264.0M)->0.0B(168.0M) Survivors: 16.0M->36.0M Heap: 1914.0M(4096.0M)->1675.0M(4096.0M)]
 [Times: user=0.17 sys=0.00, real=0.25 secs] 
2016-08-30T17:03:24.385+0200: 12454.520: [GC pause (young), 0.1691270 secs]
   [Parallel Time: 162.3 ms, GC Workers: 2]
      [GC Worker Start (ms): Min: 12454521.3, Avg: 12454521.3, Max: 12454521.3, Diff: 0.0]
      [Ext Root Scanning (ms): Min: 51.9, Avg: 52.6, Max: 53.3, Diff: 1.3, Sum: 105.2]
      [Update RS (ms): Min: 38.4, Avg: 39.3, Max: 40.1, Diff: 1.7, Sum: 78.5]
         [Processed Buffers: Min: 333, Avg: 367.5, Max: 402, Diff: 69, Sum: 735]
      [Scan RS (ms): Min: 12.2, Avg: 12.8, Max: 13.5, Diff: 1.3, Sum: 25.7]
      [Code Root Scanning (ms): Min: 0.1, Avg: 0.1, Max: 0.1, Diff: 0.0, Sum: 0.1]
      [Object Copy (ms): Min: 56.7, Avg: 57.3, Max: 57.8, Diff: 1.1, Sum: 114.6]
      [Termination (ms): Min: 0.0, Avg: 0.0, Max: 0.0, Diff: 0.0, Sum: 0.0]
      [GC Worker Other (ms): Min: 0.1, Avg: 0.1, Max: 0.1, Diff: 0.1, Sum: 0.2]
      [GC Worker Total (ms): Min: 162.2, Avg: 162.2, Max: 162.2, Diff: 0.0, Sum: 324.4]
      [GC Worker End (ms): Min: 12454683.5, Avg: 12454683.5, Max: 12454683.5, Diff: 0.0]
   [Code Root Fixup: 0.5 ms]
   [Code Root Migration: 0.0 ms]
   [Clear CT: 0.6 ms]
   [Other: 5.8 ms]
      [Choose CSet: 0.0 ms]
      [Ref Proc: 2.1 ms]
      [Ref Enq: 0.1 ms]
      [Free CSet: 0.5 ms]
   [Eden: 168.0M(168.0M)->0.0B(186.0M) Survivors: 36.0M->18.0M Heap: 1843.0M(4096.0M)->1692.0M(4096.0M)]
 [Times: user=0.31 sys=0.00, real=0.17 secs] 
2016-08-30T17:03:29.849+0200: 12459.984: [GC pause (young), 0.1428230 secs]
   [Parallel Time: 136.7 ms, GC Workers: 2]
      [GC Worker Start (ms): Min: 12459985.3, Avg: 12459985.3, Max: 12459985.4, Diff: 0.0]
      [Ext Root Scanning (ms): Min: 49.9, Avg: 50.2, Max: 50.5, Diff: 0.6, Sum: 100.4]
      [Update RS (ms): Min: 40.3, Avg: 40.7, Max: 41.0, Diff: 0.7, Sum: 81.3]
         [Processed Buffers: Min: 357, Avg: 374.0, Max: 391, Diff: 34, Sum: 748]
      [Scan RS (ms): Min: 6.1, Avg: 6.4, Max: 6.6, Diff: 0.5, Sum: 12.8]
      [Code Root Scanning (ms): Min: 0.0, Avg: 0.1, Max: 0.1, Diff: 0.1, Sum: 0.1]
      [Object Copy (ms): Min: 38.9, Avg: 39.1, Max: 39.4, Diff: 0.4, Sum: 78.3]
      [Termination (ms): Min: 0.0, Avg: 0.0, Max: 0.0, Diff: 0.0, Sum: 0.0]
      [GC Worker Other (ms): Min: 0.1, Avg: 0.1, Max: 0.2, Diff: 0.0, Sum: 0.3]
      [GC Worker Total (ms): Min: 136.6, Avg: 136.6, Max: 136.6, Diff: 0.0, Sum: 273.2]
      [GC Worker End (ms): Min: 12460121.9, Avg: 12460121.9, Max: 12460121.9, Diff: 0.0]
   [Code Root Fixup: 0.4 ms]
   [Code Root Migration: 0.0 ms]
   [Clear CT: 0.4 ms]
   [Other: 5.3 ms]
      [Choose CSet: 0.0 ms]
      [Ref Proc: 2.2 ms]
      [Ref Enq: 0.1 ms]
      [Free CSet: 0.4 ms]
   [Eden: 186.0M(186.0M)->0.0B(184.0M) Survivors: 18.0M->24.0M Heap: 1878.0M(4096.0M)->1714.0M(4096.0M)]
 [Times: user=0.28 sys=0.00, real=0.14 secs] 
2016-08-30T17:03:36.370+0200: 12466.505: [GC pause (young), 0.1541860 secs]
   [Parallel Time: 146.5 ms, GC Workers: 2]
      [GC Worker Start (ms): Min: 12466506.3, Avg: 12466506.3, Max: 12466506.3, Diff: 0.0]
      [Ext Root Scanning (ms): Min: 50.2, Avg: 50.7, Max: 51.2, Diff: 1.0, Sum: 101.4]
      [Update RS (ms): Min: 40.1, Avg: 40.4, Max: 40.7, Diff: 0.6, Sum: 80.8]
         [Processed Buffers: Min: 378, Avg: 387.5, Max: 397, Diff: 19, Sum: 775]
      [Scan RS (ms): Min: 6.3, Avg: 6.8, Max: 7.3, Diff: 0.9, Sum: 13.6]
      [Code Root Scanning (ms): Min: 0.0, Avg: 0.1, Max: 0.1, Diff: 0.1, Sum: 0.1]
      [Object Copy (ms): Min: 48.1, Avg: 48.1, Max: 48.2, Diff: 0.1, Sum: 96.3]
      [Termination (ms): Min: 0.0, Avg: 0.2, Max: 0.5, Diff: 0.5, Sum: 0.5]
      [GC Worker Other (ms): Min: 0.0, Avg: 0.1, Max: 0.1, Diff: 0.1, Sum: 0.2]
      [GC Worker Total (ms): Min: 146.4, Avg: 146.4, Max: 146.4, Diff: 0.0, Sum: 292.8]
      [GC Worker End (ms): Min: 12466652.7, Avg: 12466652.7, Max: 12466652.8, Diff: 0.0]
   [Code Root Fixup: 0.5 ms]
   [Code Root Migration: 0.0 ms]
   [Clear CT: 0.8 ms]
   [Other: 6.4 ms]
      [Choose CSet: 0.0 ms]
      [Ref Proc: 2.5 ms]
      [Ref Enq: 0.2 ms]
      [Free CSet: 0.5 ms]
   [Eden: 184.0M(184.0M)->0.0B(328.0M) Survivors: 24.0M->18.0M Heap: 1898.0M(4096.0M)->1728.0M(4096.0M)]
 [Times: user=0.28 sys=0.00, real=0.15 secs] 
2016-08-30T17:03:47.955+0200: 12478.090: [GC pause (young), 0.2062940 secs]
   [Parallel Time: 182.2 ms, GC Workers: 2]
      [GC Worker Start (ms): Min: 12478090.9, Avg: 12478090.9, Max: 12478090.9, Diff: 0.0]
      [Ext Root Scanning (ms): Min: 49.4, Avg: 57.5, Max: 65.7, Diff: 16.3, Sum: 115.0]
      [Update RS (ms): Min: 56.5, Avg: 65.4, Max: 74.4, Diff: 17.9, Sum: 130.9]
         [Processed Buffers: Min: 392, Avg: 516.5, Max: 641, Diff: 249, Sum: 1033]
      [Scan RS (ms): Min: 14.4, Avg: 15.9, Max: 17.4, Diff: 3.0, Sum: 31.8]
      [Code Root Scanning (ms): Min: 0.0, Avg: 0.0, Max: 0.1, Diff: 0.1, Sum: 0.1]
      [Object Copy (ms): Min: 40.9, Avg: 43.2, Max: 45.5, Diff: 4.5, Sum: 86.4]
      [Termination (ms): Min: 0.0, Avg: 0.0, Max: 0.0, Diff: 0.0, Sum: 0.0]
      [GC Worker Other (ms): Min: 0.1, Avg: 0.1, Max: 0.1, Diff: 0.0, Sum: 0.2]
      [GC Worker Total (ms): Min: 182.2, Avg: 182.2, Max: 182.2, Diff: 0.0, Sum: 364.3]
      [GC Worker End (ms): Min: 12478273.1, Avg: 12478273.1, Max: 12478273.1, Diff: 0.0]
   [Code Root Fixup: 0.3 ms]
   [Code Root Migration: 0.0 ms]
   [Clear CT: 4.6 ms]
   [Other: 19.1 ms]
      [Choose CSet: 0.0 ms]
      [Ref Proc: 16.8 ms]
      [Ref Enq: 0.2 ms]
      [Free CSet: 0.4 ms]
   [Eden: 328.0M(328.0M)->0.0B(160.0M) Survivors: 18.0M->44.0M Heap: 2056.0M(4096.0M)->1757.0M(4096.0M)]
 [Times: user=0.17 sys=0.00, real=0.21 secs] 
2016-08-30T17:03:53.902+0200: 12484.037: [GC pause (young), 0.1671120 secs]
   [Parallel Time: 160.2 ms, GC Workers: 2]
      [GC Worker Start (ms): Min: 12484038.0, Avg: 12484038.0, Max: 12484038.0, Diff: 0.1]
      [Ext Root Scanning (ms): Min: 49.4, Avg: 50.2, Max: 51.0, Diff: 1.7, Sum: 100.4]
      [Update RS (ms): Min: 37.7, Avg: 38.4, Max: 39.0, Diff: 1.3, Sum: 76.7]
         [Processed Buffers: Min: 310, Avg: 322.0, Max: 334, Diff: 24, Sum: 644]
      [Scan RS (ms): Min: 14.5, Avg: 14.6, Max: 14.7, Diff: 0.2, Sum: 29.2]
      [Code Root Scanning (ms): Min: 0.1, Avg: 0.1, Max: 0.1, Diff: 0.1, Sum: 0.2]
      [Object Copy (ms): Min: 56.6, Avg: 56.7, Max: 56.8, Diff: 0.2, Sum: 113.4]
      [Termination (ms): Min: 0.0, Avg: 0.0, Max: 0.0, Diff: 0.0, Sum: 0.0]
      [GC Worker Other (ms): Min: 0.1, Avg: 0.1, Max: 0.1, Diff: 0.1, Sum: 0.2]
      [GC Worker Total (ms): Min: 160.0, Avg: 160.1, Max: 160.1, Diff: 0.1, Sum: 320.2]
      [GC Worker End (ms): Min: 12484198.1, Avg: 12484198.1, Max: 12484198.1, Diff: 0.0]
   [Code Root Fixup: 0.5 ms]
   [Code Root Migration: 0.0 ms]
   [Clear CT: 0.6 ms]
   [Other: 5.7 ms]
      [Choose CSet: 0.0 ms]
      [Ref Proc: 2.2 ms]
      [Ref Enq: 0.1 ms]
      [Free CSet: 0.5 ms]
   [Eden: 160.0M(160.0M)->0.0B(280.0M) Survivors: 44.0M->18.0M Heap: 1917.0M(4096.0M)->1766.0M(4096.0M)]
 [Times: user=0.32 sys=0.00, real=0.16 secs] 
2016-08-30T17:04:03.360+0200: 12493.494: [GC pause (young), 0.1567490 secs]
   [Parallel Time: 146.9 ms, GC Workers: 2]
      [GC Worker Start (ms): Min: 12493496.0, Avg: 12493496.0, Max: 12493496.0, Diff: 0.0]
      [Ext Root Scanning (ms): Min: 49.6, Avg: 50.6, Max: 51.6, Diff: 2.0, Sum: 101.2]
      [Update RS (ms): Min: 48.8, Avg: 49.4, Max: 50.1, Diff: 1.3, Sum: 98.8]
         [Processed Buffers: Min: 444, Avg: 454.5, Max: 465, Diff: 21, Sum: 909]
      [Scan RS (ms): Min: 6.6, Avg: 6.8, Max: 7.0, Diff: 0.3, Sum: 13.6]
      [Code Root Scanning (ms): Min: 0.1, Avg: 0.1, Max: 0.1, Diff: 0.0, Sum: 0.2]
      [Object Copy (ms): Min: 39.2, Avg: 39.7, Max: 40.2, Diff: 1.1, Sum: 79.4]
      [Termination (ms): Min: 0.0, Avg: 0.0, Max: 0.0, Diff: 0.0, Sum: 0.0]
      [GC Worker Other (ms): Min: 0.1, Avg: 0.2, Max: 0.2, Diff: 0.0, Sum: 0.3]
      [GC Worker Total (ms): Min: 146.8, Avg: 146.8, Max: 146.8, Diff: 0.0, Sum: 293.6]
      [GC Worker End (ms): Min: 12493642.8, Avg: 12493642.8, Max: 12493642.8, Diff: 0.0]
   [Code Root Fixup: 0.3 ms]
   [Code Root Migration: 0.0 ms]
   [Clear CT: 0.7 ms]
   [Other: 8.8 ms]
      [Choose CSet: 0.0 ms]
      [Ref Proc: 5.2 ms]
      [Ref Enq: 0.1 ms]
      [Free CSet: 0.5 ms]
   [Eden: 280.0M(280.0M)->0.0B(262.0M) Survivors: 18.0M->38.0M Heap: 2046.0M(4096.0M)->1793.0M(4096.0M)]
 [Times: user=0.29 sys=0.00, real=0.16 secs] 
2016-08-30T17:04:09.241+0200: 12499.376: [GC pause (young), 0.1591730 secs]
   [Parallel Time: 152.4 ms, GC Workers: 2]
      [GC Worker Start (ms): Min: 12499377.1, Avg: 12499377.8, Max: 12499378.5, Diff: 1.4]
      [Ext Root Scanning (ms): Min: 51.6, Avg: 51.7, Max: 51.8, Diff: 0.2, Sum: 103.4]
      [Update RS (ms): Min: 38.3, Avg: 38.4, Max: 38.6, Diff: 0.4, Sum: 76.9]
         [Processed Buffers: Min: 381, Avg: 392.0, Max: 403, Diff: 22, Sum: 784]
      [Scan RS (ms): Min: 10.6, Avg: 10.8, Max: 10.9, Diff: 0.3, Sum: 21.6]
      [Code Root Scanning (ms): Min: 0.0, Avg: 0.1, Max: 0.1, Diff: 0.1, Sum: 0.1]
      [Object Copy (ms): Min: 49.8, Avg: 50.5, Max: 51.3, Diff: 1.5, Sum: 101.0]
      [Termination (ms): Min: 0.0, Avg: 0.0, Max: 0.0, Diff: 0.0, Sum: 0.0]
      [GC Worker Other (ms): Min: 0.1, Avg: 0.1, Max: 0.1, Diff: 0.0, Sum: 0.1]
      [GC Worker Total (ms): Min: 150.9, Avg: 151.6, Max: 152.3, Diff: 1.4, Sum: 303.2]
      [GC Worker End (ms): Min: 12499529.4, Avg: 12499529.4, Max: 12499529.4, Diff: 0.0]
   [Code Root Fixup: 0.4 ms]
   [Code Root Migration: 0.0 ms]
   [Clear CT: 0.5 ms]
   [Other: 5.8 ms]
      [Choose CSet: 0.0 ms]
      [Ref Proc: 2.1 ms]
      [Ref Enq: 0.2 ms]
      [Free CSet: 0.5 ms]
   [Eden: 174.0M(166.0M)->0.0B(504.0M) Survivors: 38.0M->16.0M Heap: 1967.0M(4096.0M)->1807.0M(4096.0M)]
 [Times: user=0.30 sys=0.01, real=0.16 secs] 
2016-08-30T17:04:23.681+0200: 12513.815: [GC pause (young), 0.1893660 secs]
   [Parallel Time: 178.4 ms, GC Workers: 2]
      [GC Worker Start (ms): Min: 12513817.1, Avg: 12513817.1, Max: 12513817.1, Diff: 0.0]
      [Ext Root Scanning (ms): Min: 50.1, Avg: 50.5, Max: 50.8, Diff: 0.7, Sum: 100.9]
      [Update RS (ms): Min: 64.3, Avg: 64.8, Max: 65.4, Diff: 1.1, Sum: 129.7]
         [Processed Buffers: Min: 451, Avg: 471.5, Max: 492, Diff: 41, Sum: 943]
      [Scan RS (ms): Min: 8.4, Avg: 9.1, Max: 9.7, Diff: 1.3, Sum: 18.1]
      [Code Root Scanning (ms): Min: 0.1, Avg: 0.1, Max: 0.1, Diff: 0.0, Sum: 0.3]
      [Object Copy (ms): Min: 53.4, Avg: 53.6, Max: 53.9, Diff: 0.5, Sum: 107.3]
      [Termination (ms): Min: 0.0, Avg: 0.0, Max: 0.0, Diff: 0.0, Sum: 0.0]
      [GC Worker Other (ms): Min: 0.2, Avg: 0.2, Max: 0.2, Diff: 0.0, Sum: 0.4]
      [GC Worker Total (ms): Min: 178.3, Avg: 178.3, Max: 178.4, Diff: 0.0, Sum: 356.7]
      [GC Worker End (ms): Min: 12513995.5, Avg: 12513995.5, Max: 12513995.5, Diff: 0.0]
   [Code Root Fixup: 0.5 ms]
   [Code Root Migration: 0.1 ms]
   [Clear CT: 0.6 ms]
   [Other: 9.8 ms]
      [Choose CSet: 0.0 ms]
      [Ref Proc: 5.2 ms]
      [Ref Enq: 0.4 ms]
      [Free CSet: 1.0 ms]
   [Eden: 404.0M(404.0M)->0.0B(242.0M) Survivors: 16.0M->48.0M Heap: 2211.0M(4096.0M)->1840.0M(4096.0M)]
 [Times: user=0.36 sys=0.00, real=0.19 secs] 
2016-08-30T17:04:28.728+0200: 12518.863: [GC pause (young), 0.1699560 secs]
   [Parallel Time: 164.6 ms, GC Workers: 2]
      [GC Worker Start (ms): Min: 12518864.4, Avg: 12518864.4, Max: 12518864.4, Diff: 0.0]
      [Ext Root Scanning (ms): Min: 49.7, Avg: 50.3, Max: 50.9, Diff: 1.2, Sum: 100.6]
      [Update RS (ms): Min: 42.2, Avg: 43.4, Max: 44.5, Diff: 2.3, Sum: 86.7]
         [Processed Buffers: Min: 336, Avg: 338.0, Max: 340, Diff: 4, Sum: 676]
      [Scan RS (ms): Min: 15.5, Avg: 16.6, Max: 17.7, Diff: 2.2, Sum: 33.2]
      [Code Root Scanning (ms): Min: 0.0, Avg: 0.1, Max: 0.2, Diff: 0.2, Sum: 0.2]
      [Object Copy (ms): Min: 53.4, Avg: 54.0, Max: 54.6, Diff: 1.2, Sum: 108.0]
      [Termination (ms): Min: 0.0, Avg: 0.0, Max: 0.0, Diff: 0.0, Sum: 0.0]
      [GC Worker Other (ms): Min: 0.1, Avg: 0.1, Max: 0.1, Diff: 0.1, Sum: 0.2]
      [GC Worker Total (ms): Min: 164.5, Avg: 164.5, Max: 164.5, Diff: 0.0, Sum: 329.0]
      [GC Worker End (ms): Min: 12519028.9, Avg: 12519028.9, Max: 12519028.9, Diff: 0.0]
   [Code Root Fixup: 0.3 ms]
   [Code Root Migration: 0.0 ms]
   [Clear CT: 0.5 ms]
   [Other: 4.6 ms]
      [Choose CSet: 0.0 ms]
      [Ref Proc: 1.4 ms]
      [Ref Enq: 0.1 ms]
      [Free CSet: 0.4 ms]
   [Eden: 156.0M(156.0M)->0.0B(508.0M) Survivors: 48.0M->16.0M Heap: 1996.0M(4096.0M)->1847.0M(4096.0M)]
 [Times: user=0.30 sys=0.00, real=0.17 secs] 
2016-08-30T17:04:43.926+0200: 12534.060: [GC pause (young), 0.1947700 secs]
   [Parallel Time: 185.8 ms, GC Workers: 2]
      [GC Worker Start (ms): Min: 12534061.9, Avg: 12534061.9, Max: 12534061.9, Diff: 0.0]
      [Ext Root Scanning (ms): Min: 51.1, Avg: 51.3, Max: 51.6, Diff: 0.5, Sum: 102.6]
      [Update RS (ms): Min: 67.6, Avg: 68.2, Max: 68.9, Diff: 1.3, Sum: 136.5]
         [Processed Buffers: Min: 473, Avg: 511.0, Max: 549, Diff: 76, Sum: 1022]
      [Scan RS (ms): Min: 8.1, Avg: 8.8, Max: 9.5, Diff: 1.4, Sum: 17.5]
      [Code Root Scanning (ms): Min: 0.1, Avg: 0.1, Max: 0.1, Diff: 0.0, Sum: 0.3]
      [Object Copy (ms): Min: 56.9, Avg: 57.1, Max: 57.3, Diff: 0.4, Sum: 114.2]
      [Termination (ms): Min: 0.0, Avg: 0.0, Max: 0.0, Diff: 0.0, Sum: 0.0]
      [GC Worker Other (ms): Min: 0.1, Avg: 0.2, Max: 0.2, Diff: 0.0, Sum: 0.3]
      [GC Worker Total (ms): Min: 185.7, Avg: 185.7, Max: 185.7, Diff: 0.0, Sum: 371.5]
      [GC Worker End (ms): Min: 12534247.6, Avg: 12534247.6, Max: 12534247.6, Diff: 0.0]
   [Code Root Fixup: 0.3 ms]
   [Code Root Migration: 0.1 ms]
   [Clear CT: 0.5 ms]
   [Other: 8.1 ms]
      [Choose CSet: 0.0 ms]
      [Ref Proc: 3.9 ms]
      [Ref Enq: 0.2 ms]
      [Free CSet: 0.9 ms]
   [Eden: 426.0M(392.0M)->0.0B(208.0M) Survivors: 16.0M->52.0M Heap: 2273.0M(4096.0M)->1888.0M(4096.0M)]
 [Times: user=0.38 sys=0.00, real=0.20 secs] 
2016-08-30T17:04:48.581+0200: 12538.715: [GC pause (young), 0.1245550 secs]
   [Parallel Time: 120.9 ms, GC Workers: 2]
      [GC Worker Start (ms): Min: 12538715.9, Avg: 12538715.9, Max: 12538715.9, Diff: 0.0]
      [Ext Root Scanning (ms): Min: 24.7, Avg: 40.6, Max: 56.5, Diff: 31.9, Sum: 81.2]
      [Update RS (ms): Min: 3.1, Avg: 18.8, Max: 34.5, Diff: 31.4, Sum: 37.6]
         [Processed Buffers: Min: 56, Avg: 351.0, Max: 646, Diff: 590, Sum: 702]
      [Scan RS (ms): Min: 7.6, Avg: 7.8, Max: 8.0, Diff: 0.4, Sum: 15.5]
      [Code Root Scanning (ms): Min: 0.0, Avg: 0.0, Max: 0.0, Diff: 0.0, Sum: 0.0]
      [Object Copy (ms): Min: 41.8, Avg: 47.7, Max: 53.6, Diff: 11.7, Sum: 95.4]
      [Termination (ms): Min: 0.0, Avg: 5.9, Max: 11.7, Diff: 11.7, Sum: 11.7]
      [GC Worker Other (ms): Min: 0.0, Avg: 0.1, Max: 0.1, Diff: 0.1, Sum: 0.1]
      [GC Worker Total (ms): Min: 120.8, Avg: 120.8, Max: 120.8, Diff: 0.0, Sum: 241.7]
      [GC Worker End (ms): Min: 12538836.8, Avg: 12538836.8, Max: 12538836.8, Diff: 0.0]
   [Code Root Fixup: 0.3 ms]
   [Code Root Migration: 0.0 ms]
   [Clear CT: 0.3 ms]
   [Other: 3.0 ms]
      [Choose CSet: 0.0 ms]
      [Ref Proc: 1.0 ms]
      [Ref Enq: 0.1 ms]
      [Free CSet: 0.3 ms]
   [Eden: 152.0M(152.0M)->0.0B(766.0M) Survivors: 52.0M->14.0M Heap: 2040.0M(4096.0M)->1901.0M(4096.0M)]
 [Times: user=0.17 sys=0.00, real=0.12 secs] 
2016-08-30T17:05:11.581+0200: 12561.716: [GC pause (young) (initial-mark), 0.2147310 secs]
   [Parallel Time: 203.8 ms, GC Workers: 2]
      [GC Worker Start (ms): Min: 12561718.0, Avg: 12561718.0, Max: 12561718.0, Diff: 0.0]
      [Ext Root Scanning (ms): Min: 49.7, Avg: 51.2, Max: 52.8, Diff: 3.0, Sum: 102.5]
      [Code Root Marking (ms): Min: 13.6, Avg: 13.7, Max: 13.7, Diff: 0.1, Sum: 27.3]
      [Update RS (ms): Min: 75.5, Avg: 75.7, Max: 75.8, Diff: 0.3, Sum: 151.4]
         [Processed Buffers: Min: 454, Avg: 492.5, Max: 531, Diff: 77, Sum: 985]
      [Scan RS (ms): Min: 7.1, Avg: 7.4, Max: 7.7, Diff: 0.6, Sum: 14.8]
      [Code Root Scanning (ms): Min: 0.1, Avg: 0.1, Max: 0.1, Diff: 0.0, Sum: 0.2]
      [Object Copy (ms): Min: 53.8, Avg: 55.5, Max: 57.1, Diff: 3.3, Sum: 110.9]
      [Termination (ms): Min: 0.0, Avg: 0.0, Max: 0.0, Diff: 0.0, Sum: 0.0]
      [GC Worker Other (ms): Min: 0.1, Avg: 0.1, Max: 0.2, Diff: 0.0, Sum: 0.3]
      [GC Worker Total (ms): Min: 203.7, Avg: 203.7, Max: 203.7, Diff: 0.0, Sum: 407.4]
      [GC Worker End (ms): Min: 12561921.7, Avg: 12561921.8, Max: 12561921.8, Diff: 0.0]
   [Code Root Fixup: 0.2 ms]
   [Code Root Migration: 0.1 ms]
   [Clear CT: 0.5 ms]
   [Other: 10.2 ms]
      [Choose CSet: 0.0 ms]
      [Ref Proc: 4.8 ms]
      [Ref Enq: 0.3 ms]
      [Free CSet: 1.0 ms]
   [Eden: 580.0M(548.0M)->0.0B(168.0M) Survivors: 14.0M->62.0M Heap: 2481.0M(4096.0M)->1948.0M(4096.0M)]
 [Times: user=0.42 sys=0.00, real=0.22 secs] 
2016-08-30T17:05:11.796+0200: 12561.931: [GC concurrent-root-region-scan-start]
2016-08-30T17:05:11.832+0200: 12561.967: [GC concurrent-root-region-scan-end, 0.0361060 secs]
2016-08-30T17:05:11.832+0200: 12561.967: [GC concurrent-mark-start]
2016-08-30T17:05:13.655+0200: 12563.789: [GC concurrent-mark-end, 1.8224200 secs]
2016-08-30T17:05:13.658+0200: 12563.792: [GC remark 2016-08-30T17:05:13.662+0200: 12563.796: [GC ref-proc, 0.1307610 secs], 0.1598680 secs]
 [Times: user=0.19 sys=0.01, real=0.16 secs] 
2016-08-30T17:05:13.825+0200: 12563.959: [GC cleanup 2039M->1986M(4096M), 0.0475580 secs]
 [Times: user=0.09 sys=0.00, real=0.04 secs] 
2016-08-30T17:05:13.873+0200: 12564.007: [GC concurrent-cleanup-start]
2016-08-30T17:05:13.873+0200: 12564.008: [GC concurrent-cleanup-end, 0.0001960 secs]
2016-08-30T17:05:15.884+0200: 12566.018: [GC pause (young), 0.1695510 secs]
   [Parallel Time: 163.0 ms, GC Workers: 2]
      [GC Worker Start (ms): Min: 12566019.7, Avg: 12566019.7, Max: 12566019.7, Diff: 0.0]
      [Ext Root Scanning (ms): Min: 50.0, Avg: 50.2, Max: 50.4, Diff: 0.5, Sum: 100.4]
      [Update RS (ms): Min: 32.6, Avg: 33.0, Max: 33.3, Diff: 0.6, Sum: 65.9]
         [Processed Buffers: Min: 313, Avg: 320.5, Max: 328, Diff: 15, Sum: 641]
      [Scan RS (ms): Min: 15.4, Avg: 15.5, Max: 15.6, Diff: 0.2, Sum: 31.1]
      [Code Root Scanning (ms): Min: 0.1, Avg: 0.1, Max: 0.1, Diff: 0.0, Sum: 0.1]
      [Object Copy (ms): Min: 64.1, Avg: 64.1, Max: 64.1, Diff: 0.0, Sum: 128.1]
      [Termination (ms): Min: 0.0, Avg: 0.0, Max: 0.0, Diff: 0.0, Sum: 0.0]
      [GC Worker Other (ms): Min: 0.1, Avg: 0.1, Max: 0.1, Diff: 0.0, Sum: 0.1]
      [GC Worker Total (ms): Min: 162.9, Avg: 162.9, Max: 162.9, Diff: 0.0, Sum: 325.8]
      [GC Worker End (ms): Min: 12566182.6, Avg: 12566182.6, Max: 12566182.6, Diff: 0.0]
   [Code Root Fixup: 0.4 ms]
   [Code Root Migration: 0.0 ms]
   [Clear CT: 0.6 ms]
   [Other: 5.5 ms]
      [Choose CSet: 0.0 ms]
      [Ref Proc: 1.6 ms]
      [Ref Enq: 0.1 ms]
      [Free CSet: 0.6 ms]
   [Eden: 142.0M(142.0M)->0.0B(186.0M) Survivors: 62.0M->18.0M Heap: 2037.0M(4096.0M)->1901.0M(4096.0M)]
 [Times: user=0.33 sys=0.01, real=0.17 secs] 
2016-08-30T17:05:22.722+0200: 12572.856: [GC pause (mixed), 0.1719840 secs]
   [Parallel Time: 164.9 ms, GC Workers: 2]
      [GC Worker Start (ms): Min: 12572858.1, Avg: 12572858.2, Max: 12572858.2, Diff: 0.1]
      [Ext Root Scanning (ms): Min: 52.0, Avg: 52.0, Max: 52.0, Diff: 0.0, Sum: 104.0]
      [Update RS (ms): Min: 39.2, Avg: 39.4, Max: 39.6, Diff: 0.4, Sum: 78.8]
         [Processed Buffers: Min: 376, Avg: 379.5, Max: 383, Diff: 7, Sum: 759]
      [Scan RS (ms): Min: 30.1, Avg: 30.5, Max: 30.8, Diff: 0.7, Sum: 60.9]
      [Code Root Scanning (ms): Min: 0.1, Avg: 0.2, Max: 0.2, Diff: 0.1, Sum: 0.3]
      [Object Copy (ms): Min: 42.1, Avg: 42.3, Max: 42.5, Diff: 0.4, Sum: 84.5]
      [Termination (ms): Min: 0.0, Avg: 0.0, Max: 0.0, Diff: 0.0, Sum: 0.0]
      [GC Worker Other (ms): Min: 0.4, Avg: 0.5, Max: 0.6, Diff: 0.2, Sum: 1.0]
      [GC Worker Total (ms): Min: 164.8, Avg: 164.8, Max: 164.9, Diff: 0.1, Sum: 329.6]
      [GC Worker End (ms): Min: 12573023.0, Avg: 12573023.0, Max: 12573023.0, Diff: 0.0]
   [Code Root Fixup: 0.3 ms]
   [Code Root Migration: 0.1 ms]
   [Clear CT: 0.7 ms]
   [Other: 6.0 ms]
      [Choose CSet: 0.4 ms]
      [Ref Proc: 1.4 ms]
      [Ref Enq: 0.1 ms]
      [Free CSet: 1.1 ms]
   [Eden: 186.0M(186.0M)->0.0B(184.0M) Survivors: 18.0M->20.0M Heap: 2087.0M(4096.0M)->1657.0M(4096.0M)]
 [Times: user=0.33 sys=0.01, real=0.18 secs] 
2016-08-30T17:05:30.086+0200: 12580.221: [GC pause (mixed), 0.2125350 secs]
   [Parallel Time: 204.1 ms, GC Workers: 2]
      [GC Worker Start (ms): Min: 12580222.5, Avg: 12580222.5, Max: 12580222.5, Diff: 0.0]
      [Ext Root Scanning (ms): Min: 51.9, Avg: 52.0, Max: 52.1, Diff: 0.2, Sum: 104.0]
      [Update RS (ms): Min: 37.5, Avg: 37.8, Max: 38.1, Diff: 0.6, Sum: 75.6]
         [Processed Buffers: Min: 375, Avg: 391.0, Max: 407, Diff: 32, Sum: 782]
      [Scan RS (ms): Min: 48.2, Avg: 48.6, Max: 49.0, Diff: 0.8, Sum: 97.2]
      [Code Root Scanning (ms): Min: 0.1, Avg: 0.1, Max: 0.2, Diff: 0.1, Sum: 0.3]
      [Object Copy (ms): Min: 65.3, Avg: 65.3, Max: 65.4, Diff: 0.1, Sum: 130.7]
      [Termination (ms): Min: 0.0, Avg: 0.0, Max: 0.0, Diff: 0.0, Sum: 0.0]
      [GC Worker Other (ms): Min: 0.1, Avg: 0.2, Max: 0.2, Diff: 0.0, Sum: 0.3]
      [GC Worker Total (ms): Min: 204.0, Avg: 204.0, Max: 204.0, Diff: 0.0, Sum: 408.1]
      [GC Worker End (ms): Min: 12580426.5, Avg: 12580426.5, Max: 12580426.5, Diff: 0.0]
   [Code Root Fixup: 0.5 ms]
   [Code Root Migration: 0.1 ms]
   [Clear CT: 0.6 ms]
   [Other: 7.3 ms]
      [Choose CSet: 0.4 ms]
      [Ref Proc: 2.0 ms]
      [Ref Enq: 0.2 ms]
      [Free CSet: 1.4 ms]
   [Eden: 184.0M(184.0M)->0.0B(188.0M) Survivors: 20.0M->16.0M Heap: 1841.0M(4096.0M)->1504.0M(4096.0M)]
 [Times: user=0.42 sys=0.00, real=0.21 secs] 
2016-08-30T17:05:36.370+0200: 12586.504: [GC pause (mixed), 0.3297660 secs]
   [Parallel Time: 320.7 ms, GC Workers: 2]
      [GC Worker Start (ms): Min: 12586506.4, Avg: 12586506.4, Max: 12586506.4, Diff: 0.0]
      [Ext Root Scanning (ms): Min: 54.9, Avg: 66.4, Max: 77.9, Diff: 23.0, Sum: 132.8]
      [Update RS (ms): Min: 31.9, Avg: 45.9, Max: 60.0, Diff: 28.0, Sum: 91.9]
         [Processed Buffers: Min: 126, Avg: 382.0, Max: 638, Diff: 512, Sum: 764]
      [Scan RS (ms): Min: 94.8, Avg: 95.7, Max: 96.5, Diff: 1.7, Sum: 191.3]
      [Code Root Scanning (ms): Min: 0.1, Avg: 0.2, Max: 0.3, Diff: 0.2, Sum: 0.3]
      [Object Copy (ms): Min: 102.7, Avg: 108.4, Max: 114.1, Diff: 11.3, Sum: 216.8]
      [Termination (ms): Min: 0.0, Avg: 3.9, Max: 7.8, Diff: 7.8, Sum: 7.8]
      [GC Worker Other (ms): Min: 0.1, Avg: 0.1, Max: 0.2, Diff: 0.0, Sum: 0.3]
      [GC Worker Total (ms): Min: 320.6, Avg: 320.6, Max: 320.6, Diff: 0.0, Sum: 641.2]
      [GC Worker End (ms): Min: 12586827.0, Avg: 12586827.0, Max: 12586827.0, Diff: 0.0]
   [Code Root Fixup: 0.3 ms]
   [Code Root Migration: 0.0 ms]
   [Clear CT: 0.5 ms]
   [Other: 8.2 ms]
      [Choose CSet: 0.6 ms]
      [Ref Proc: 1.4 ms]
      [Ref Enq: 0.1 ms]
      [Free CSet: 3.2 ms]
   [Eden: 188.0M(188.0M)->0.0B(182.0M) Survivors: 16.0M->22.0M Heap: 1692.0M(4096.0M)->1376.0M(4096.0M)]
 [Times: user=0.48 sys=0.01, real=0.33 secs] 
2016-08-30T17:05:41.694+0200: 12591.828: [GC pause (mixed), 0.3014840 secs]
   [Parallel Time: 292.7 ms, GC Workers: 2]
      [GC Worker Start (ms): Min: 12591830.7, Avg: 12591830.7, Max: 12591830.8, Diff: 0.0]
      [Ext Root Scanning (ms): Min: 50.1, Avg: 54.5, Max: 58.9, Diff: 8.8, Sum: 109.0]
      [Update RS (ms): Min: 40.3, Avg: 41.6, Max: 43.0, Diff: 2.7, Sum: 83.3]
         [Processed Buffers: Min: 403, Avg: 421.5, Max: 440, Diff: 37, Sum: 843]
      [Scan RS (ms): Min: 105.4, Avg: 105.5, Max: 105.6, Diff: 0.2, Sum: 211.0]
      [Code Root Scanning (ms): Min: 0.0, Avg: 0.3, Max: 0.5, Diff: 0.4, Sum: 0.5]
      [Object Copy (ms): Min: 87.4, Avg: 90.6, Max: 93.8, Diff: 6.4, Sum: 181.2]
      [Termination (ms): Min: 0.0, Avg: 0.0, Max: 0.0, Diff: 0.0, Sum: 0.0]
      [GC Worker Other (ms): Min: 0.1, Avg: 0.1, Max: 0.2, Diff: 0.0, Sum: 0.3]
      [GC Worker Total (ms): Min: 292.6, Avg: 292.6, Max: 292.7, Diff: 0.0, Sum: 585.3]
      [GC Worker End (ms): Min: 12592123.4, Avg: 12592123.4, Max: 12592123.4, Diff: 0.0]
   [Code Root Fixup: 0.4 ms]
   [Code Root Migration: 0.5 ms]
   [Clear CT: 0.6 ms]
   [Other: 7.3 ms]
      [Choose CSet: 1.0 ms]
      [Ref Proc: 1.1 ms]
      [Ref Enq: 0.1 ms]
      [Free CSet: 1.5 ms]
   [Eden: 182.0M(182.0M)->0.0B(182.0M) Survivors: 22.0M->22.0M Heap: 1558.0M(4096.0M)->1280.0M(4096.0M)]
 [Times: user=0.58 sys=0.01, real=0.30 secs] 
2016-08-30T17:05:48.045+0200: 12598.180: [GC pause (young), 0.2780070 secs]
   [Parallel Time: 266.8 ms, GC Workers: 2]
      [GC Worker Start (ms): Min: 12598187.5, Avg: 12598189.4, Max: 12598191.2, Diff: 3.7]
      [Ext Root Scanning (ms): Min: 89.7, Avg: 90.0, Max: 90.2, Diff: 0.5, Sum: 179.9]
      [Update RS (ms): Min: 66.6, Avg: 69.4, Max: 72.2, Diff: 5.7, Sum: 138.8]
         [Processed Buffers: Min: 398, Avg: 419.5, Max: 441, Diff: 43, Sum: 839]
      [Scan RS (ms): Min: 12.0, Avg: 12.3, Max: 12.5, Diff: 0.5, Sum: 24.6]
      [Code Root Scanning (ms): Min: 0.0, Avg: 0.0, Max: 0.0, Diff: 0.0, Sum: 0.1]
      [Object Copy (ms): Min: 86.0, Avg: 87.1, Max: 88.2, Diff: 2.2, Sum: 174.1]
      [Termination (ms): Min: 0.0, Avg: 3.3, Max: 6.6, Diff: 6.6, Sum: 6.6]
      [GC Worker Other (ms): Min: 0.1, Avg: 0.1, Max: 0.1, Diff: 0.0, Sum: 0.2]
      [GC Worker Total (ms): Min: 257.6, Avg: 262.1, Max: 266.7, Diff: 9.1, Sum: 524.3]
      [GC Worker End (ms): Min: 12598448.8, Avg: 12598451.5, Max: 12598454.2, Diff: 5.4]
   [Code Root Fixup: 0.2 ms]
   [Code Root Migration: 0.0 ms]
   [Clear CT: 0.5 ms]
   [Other: 10.5 ms]
      [Choose CSet: 0.0 ms]
      [Ref Proc: 1.3 ms]
      [Ref Enq: 0.1 ms]
      [Free CSet: 0.3 ms]
   [Eden: 182.0M(182.0M)->0.0B(182.0M) Survivors: 22.0M->22.0M Heap: 1462.0M(4096.0M)->1301.0M(4096.0M)]
 [Times: user=0.16 sys=0.00, real=0.28 secs] 
2016-08-30T17:05:55.200+0200: 12605.334: [GC pause (young), 0.1496930 secs]
   [Parallel Time: 143.0 ms, GC Workers: 2]
      [GC Worker Start (ms): Min: 12605335.9, Avg: 12605336.3, Max: 12605336.8, Diff: 0.9]
      [Ext Root Scanning (ms): Min: 52.3, Avg: 52.5, Max: 52.6, Diff: 0.3, Sum: 104.9]
      [Update RS (ms): Min: 41.7, Avg: 41.8, Max: 41.9, Diff: 0.2, Sum: 83.5]
         [Processed Buffers: Min: 348, Avg: 363.5, Max: 379, Diff: 31, Sum: 727]
      [Scan RS (ms): Min: 7.4, Avg: 7.5, Max: 7.5, Diff: 0.1, Sum: 14.9]
      [Code Root Scanning (ms): Min: 0.1, Avg: 0.1, Max: 0.1, Diff: 0.0, Sum: 0.1]
      [Object Copy (ms): Min: 40.3, Avg: 40.6, Max: 40.8, Diff: 0.5, Sum: 81.1]
      [Termination (ms): Min: 0.0, Avg: 0.0, Max: 0.0, Diff: 0.0, Sum: 0.0]
      [GC Worker Other (ms): Min: 0.1, Avg: 0.2, Max: 0.2, Diff: 0.0, Sum: 0.3]
      [GC Worker Total (ms): Min: 142.0, Avg: 142.5, Max: 143.0, Diff: 0.9, Sum: 285.0]
      [GC Worker End (ms): Min: 12605478.8, Avg: 12605478.8, Max: 12605478.8, Diff: 0.0]
   [Code Root Fixup: 0.4 ms]
   [Code Root Migration: 0.0 ms]
   [Clear CT: 0.5 ms]
   [Other: 5.7 ms]
      [Choose CSet: 0.0 ms]
      [Ref Proc: 2.0 ms]
      [Ref Enq: 0.2 ms]
      [Free CSet: 0.5 ms]
   [Eden: 182.0M(182.0M)->0.0B(184.0M) Survivors: 22.0M->20.0M Heap: 1483.0M(4096.0M)->1318.0M(4096.0M)]
 [Times: user=0.29 sys=0.00, real=0.15 secs] 
2016-08-30T17:06:01.823+0200: 12611.957: [GC pause (young), 0.1450090 secs]
   [Parallel Time: 137.5 ms, GC Workers: 2]
      [GC Worker Start (ms): Min: 12611959.7, Avg: 12611960.9, Max: 12611962.1, Diff: 2.4]
      [Ext Root Scanning (ms): Min: 50.4, Avg: 52.0, Max: 53.5, Diff: 3.1, Sum: 104.0]
      [Update RS (ms): Min: 38.1, Avg: 38.8, Max: 39.4, Diff: 1.3, Sum: 77.5]
         [Processed Buffers: Min: 374, Avg: 376.5, Max: 379, Diff: 5, Sum: 753]
      [Scan RS (ms): Min: 6.2, Avg: 6.4, Max: 6.6, Diff: 0.4, Sum: 12.9]
      [Code Root Scanning (ms): Min: 0.0, Avg: 0.1, Max: 0.1, Diff: 0.1, Sum: 0.1]
      [Object Copy (ms): Min: 38.7, Avg: 38.8, Max: 38.8, Diff: 0.1, Sum: 77.5]
      [Termination (ms): Min: 0.0, Avg: 0.0, Max: 0.0, Diff: 0.0, Sum: 0.0]
      [GC Worker Other (ms): Min: 0.2, Avg: 0.2, Max: 0.2, Diff: 0.0, Sum: 0.3]
      [GC Worker Total (ms): Min: 135.0, Avg: 136.2, Max: 137.4, Diff: 2.4, Sum: 272.3]
      [GC Worker End (ms): Min: 12612097.1, Avg: 12612097.1, Max: 12612097.1, Diff: 0.0]
   [Code Root Fixup: 0.5 ms]
   [Code Root Migration: 0.0 ms]
   [Clear CT: 0.5 ms]
   [Other: 6.5 ms]
      [Choose CSet: 0.0 ms]
      [Ref Proc: 2.2 ms]
      [Ref Enq: 0.2 ms]
      [Free CSet: 0.5 ms]
   [Eden: 184.0M(184.0M)->0.0B(184.0M) Survivors: 20.0M->20.0M Heap: 1502.0M(4096.0M)->1335.0M(4096.0M)]
 [Times: user=0.27 sys=0.00, real=0.14 secs] 
2016-08-30T17:06:08.353+0200: 12618.487: [GC pause (young), 0.1397040 secs]
   [Parallel Time: 134.1 ms, GC Workers: 2]
      [GC Worker Start (ms): Min: 12618488.7, Avg: 12618488.7, Max: 12618488.7, Diff: 0.0]
      [Ext Root Scanning (ms): Min: 51.3, Avg: 51.6, Max: 52.0, Diff: 0.7, Sum: 103.3]
      [Update RS (ms): Min: 38.6, Avg: 39.0, Max: 39.3, Diff: 0.7, Sum: 77.9]
         [Processed Buffers: Min: 368, Avg: 395.5, Max: 423, Diff: 55, Sum: 791]
      [Scan RS (ms): Min: 6.0, Avg: 6.4, Max: 6.8, Diff: 0.8, Sum: 12.8]
      [Code Root Scanning (ms): Min: 0.0, Avg: 0.1, Max: 0.1, Diff: 0.1, Sum: 0.1]
      [Object Copy (ms): Min: 36.6, Avg: 36.8, Max: 37.0, Diff: 0.5, Sum: 73.6]
      [Termination (ms): Min: 0.0, Avg: 0.0, Max: 0.0, Diff: 0.0, Sum: 0.0]
      [GC Worker Other (ms): Min: 0.1, Avg: 0.2, Max: 0.2, Diff: 0.0, Sum: 0.3]
      [GC Worker Total (ms): Min: 134.0, Avg: 134.0, Max: 134.0, Diff: 0.0, Sum: 268.1]
      [GC Worker End (ms): Min: 12618622.7, Avg: 12618622.7, Max: 12618622.7, Diff: 0.0]
   [Code Root Fixup: 0.4 ms]
   [Code Root Migration: 0.0 ms]
   [Clear CT: 0.4 ms]
   [Other: 4.8 ms]
      [Choose CSet: 0.0 ms]
      [Ref Proc: 1.5 ms]
      [Ref Enq: 0.1 ms]
      [Free CSet: 0.4 ms]
   [Eden: 184.0M(184.0M)->0.0B(186.0M) Survivors: 20.0M->18.0M Heap: 1519.0M(4096.0M)->1351.0M(4096.0M)]
 [Times: user=0.27 sys=0.00, real=0.14 secs] 
2016-08-30T17:06:13.599+0200: 12623.733: [GC pause (young), 0.1489440 secs]
   [Parallel Time: 143.3 ms, GC Workers: 2]
      [GC Worker Start (ms): Min: 12623734.9, Avg: 12623734.9, Max: 12623734.9, Diff: 0.0]
      [Ext Root Scanning (ms): Min: 51.3, Avg: 51.3, Max: 51.3, Diff: 0.1, Sum: 102.6]
      [Update RS (ms): Min: 40.9, Avg: 44.0, Max: 47.1, Diff: 6.2, Sum: 88.0]
         [Processed Buffers: Min: 450, Avg: 450.5, Max: 451, Diff: 1, Sum: 901]
      [Scan RS (ms): Min: 7.4, Avg: 10.5, Max: 13.6, Diff: 6.2, Sum: 21.0]
      [Code Root Scanning (ms): Min: 0.0, Avg: 0.1, Max: 0.1, Diff: 0.1, Sum: 0.1]
      [Object Copy (ms): Min: 37.1, Avg: 37.2, Max: 37.3, Diff: 0.2, Sum: 74.3]
      [Termination (ms): Min: 0.0, Avg: 0.0, Max: 0.0, Diff: 0.0, Sum: 0.0]
      [GC Worker Other (ms): Min: 0.2, Avg: 0.2, Max: 0.2, Diff: 0.0, Sum: 0.3]
      [GC Worker Total (ms): Min: 143.2, Avg: 143.2, Max: 143.2, Diff: 0.0, Sum: 286.4]
      [GC Worker End (ms): Min: 12623878.1, Avg: 12623878.1, Max: 12623878.1, Diff: 0.0]
   [Code Root Fixup: 0.4 ms]
   [Code Root Migration: 0.0 ms]
   [Clear CT: 0.4 ms]
   [Other: 4.8 ms]
      [Choose CSet: 0.0 ms]
      [Ref Proc: 1.4 ms]
      [Ref Enq: 0.1 ms]
      [Free CSet: 0.4 ms]
   [Eden: 186.0M(186.0M)->0.0B(180.0M) Survivors: 18.0M->24.0M Heap: 1537.0M(4096.0M)->1373.0M(4096.0M)]
 [Times: user=0.27 sys=0.00, real=0.15 secs] 
2016-08-30T17:06:19.739+0200: 12629.874: [GC pause (young), 0.1453090 secs]
   [Parallel Time: 138.4 ms, GC Workers: 2]
      [GC Worker Start (ms): Min: 12629875.1, Avg: 12629875.1, Max: 12629875.1, Diff: 0.0]
      [Ext Root Scanning (ms): Min: 50.0, Avg: 50.4, Max: 50.7, Diff: 0.7, Sum: 100.7]
      [Update RS (ms): Min: 41.9, Avg: 42.2, Max: 42.5, Diff: 0.6, Sum: 84.5]
         [Processed Buffers: Min: 389, Avg: 432.5, Max: 476, Diff: 87, Sum: 865]
      [Scan RS (ms): Min: 7.7, Avg: 7.9, Max: 8.0, Diff: 0.3, Sum: 15.8]
      [Code Root Scanning (ms): Min: 0.0, Avg: 0.1, Max: 0.1, Diff: 0.1, Sum: 0.1]
      [Object Copy (ms): Min: 37.1, Avg: 37.6, Max: 38.1, Diff: 1.0, Sum: 75.2]
      [Termination (ms): Min: 0.0, Avg: 0.0, Max: 0.0, Diff: 0.0, Sum: 0.0]
      [GC Worker Other (ms): Min: 0.1, Avg: 0.1, Max: 0.2, Diff: 0.1, Sum: 0.3]
      [GC Worker Total (ms): Min: 138.3, Avg: 138.3, Max: 138.3, Diff: 0.0, Sum: 276.6]
      [GC Worker End (ms): Min: 12630013.4, Avg: 12630013.4, Max: 12630013.4, Diff: 0.0]
   [Code Root Fixup: 0.4 ms]
   [Code Root Migration: 0.0 ms]
   [Clear CT: 0.5 ms]
   [Other: 6.0 ms]
      [Choose CSet: 0.0 ms]
      [Ref Proc: 2.3 ms]
      [Ref Enq: 0.2 ms]
      [Free CSet: 0.5 ms]
   [Eden: 180.0M(180.0M)->0.0B(190.0M) Survivors: 24.0M->14.0M Heap: 1553.0M(4096.0M)->1384.0M(4096.0M)]
 [Times: user=0.28 sys=0.00, real=0.15 secs] 
2016-08-30T17:06:26.634+0200: 12636.768: [GC pause (young), 0.1462950 secs]
   [Parallel Time: 139.2 ms, GC Workers: 2]
      [GC Worker Start (ms): Min: 12636769.7, Avg: 12636769.7, Max: 12636769.7, Diff: 0.1]
      [Ext Root Scanning (ms): Min: 52.4, Avg: 52.9, Max: 53.5, Diff: 1.2, Sum: 105.9]
      [Update RS (ms): Min: 40.3, Avg: 40.6, Max: 41.0, Diff: 0.6, Sum: 81.3]
         [Processed Buffers: Min: 361, Avg: 365.0, Max: 369, Diff: 8, Sum: 730]
      [Scan RS (ms): Min: 6.9, Avg: 7.4, Max: 7.8, Diff: 0.8, Sum: 14.7]
      [Code Root Scanning (ms): Min: 0.0, Avg: 0.1, Max: 0.1, Diff: 0.1, Sum: 0.1]
      [Object Copy (ms): Min: 37.5, Avg: 38.0, Max: 38.5, Diff: 1.0, Sum: 76.0]
      [Termination (ms): Min: 0.0, Avg: 0.0, Max: 0.0, Diff: 0.0, Sum: 0.0]
      [GC Worker Other (ms): Min: 0.2, Avg: 0.2, Max: 0.2, Diff: 0.0, Sum: 0.3]
      [GC Worker Total (ms): Min: 139.1, Avg: 139.1, Max: 139.2, Diff: 0.1, Sum: 278.3]
      [GC Worker End (ms): Min: 12636908.8, Avg: 12636908.8, Max: 12636908.8, Diff: 0.0]
   [Code Root Fixup: 0.5 ms]
   [Code Root Migration: 0.0 ms]
   [Clear CT: 0.5 ms]
   [Other: 6.1 ms]
      [Choose CSet: 0.0 ms]
      [Ref Proc: 2.3 ms]
      [Ref Enq: 0.2 ms]
      [Free CSet: 0.5 ms]
   [Eden: 190.0M(190.0M)->0.0B(196.0M) Survivors: 14.0M->26.0M Heap: 1574.0M(4096.0M)->1403.0M(4096.0M)]
 [Times: user=0.28 sys=0.00, real=0.14 secs] 
2016-08-30T17:06:34.312+0200: 12644.447: [GC pause (young), 0.1557210 secs]
   [Parallel Time: 148.4 ms, GC Workers: 2]
      [GC Worker Start (ms): Min: 12644448.5, Avg: 12644448.5, Max: 12644448.5, Diff: 0.0]
      [Ext Root Scanning (ms): Min: 50.8, Avg: 50.8, Max: 50.8, Diff: 0.0, Sum: 101.6]
      [Update RS (ms): Min: 38.4, Avg: 39.1, Max: 39.9, Diff: 1.4, Sum: 78.3]
         [Processed Buffers: Min: 396, Avg: 402.5, Max: 409, Diff: 13, Sum: 805]
      [Scan RS (ms): Min: 9.7, Avg: 10.4, Max: 11.2, Diff: 1.6, Sum: 20.9]
      [Code Root Scanning (ms): Min: 0.0, Avg: 0.1, Max: 0.1, Diff: 0.1, Sum: 0.1]
      [Object Copy (ms): Min: 47.6, Avg: 47.7, Max: 47.8, Diff: 0.2, Sum: 95.5]
      [Termination (ms): Min: 0.0, Avg: 0.0, Max: 0.0, Diff: 0.0, Sum: 0.0]
      [GC Worker Other (ms): Min: 0.1, Avg: 0.2, Max: 0.2, Diff: 0.1, Sum: 0.3]
      [GC Worker Total (ms): Min: 148.4, Avg: 148.4, Max: 148.4, Diff: 0.0, Sum: 296.8]
      [GC Worker End (ms): Min: 12644596.9, Avg: 12644596.9, Max: 12644596.9, Diff: 0.0]
   [Code Root Fixup: 0.6 ms]
   [Code Root Migration: 0.0 ms]
   [Clear CT: 0.5 ms]
   [Other: 6.1 ms]
      [Choose CSet: 0.0 ms]
      [Ref Proc: 2.2 ms]
      [Ref Enq: 0.2 ms]
      [Free CSet: 0.5 ms]
   [Eden: 196.0M(196.0M)->0.0B(320.0M) Survivors: 26.0M->22.0M Heap: 1599.0M(4096.0M)->1425.0M(4096.0M)]
 [Times: user=0.30 sys=0.00, real=0.16 secs] 
2016-08-30T17:06:45.090+0200: 12655.225: [GC pause (young), 0.1692600 secs]
   [Parallel Time: 162.3 ms, GC Workers: 2]
      [GC Worker Start (ms): Min: 12655226.6, Avg: 12655226.6, Max: 12655226.6, Diff: 0.0]
      [Ext Root Scanning (ms): Min: 50.2, Avg: 50.8, Max: 51.5, Diff: 1.3, Sum: 101.7]
      [Update RS (ms): Min: 58.1, Avg: 58.1, Max: 58.1, Diff: 0.1, Sum: 116.2]
         [Processed Buffers: Min: 471, Avg: 491.5, Max: 512, Diff: 41, Sum: 983]
      [Scan RS (ms): Min: 6.9, Avg: 7.3, Max: 7.6, Diff: 0.7, Sum: 14.5]
      [Code Root Scanning (ms): Min: 0.1, Avg: 0.1, Max: 0.1, Diff: 0.1, Sum: 0.2]
      [Object Copy (ms): Min: 45.4, Avg: 45.7, Max: 46.1, Diff: 0.7, Sum: 91.5]
      [Termination (ms): Min: 0.0, Avg: 0.0, Max: 0.0, Diff: 0.0, Sum: 0.0]
      [GC Worker Other (ms): Min: 0.2, Avg: 0.2, Max: 0.2, Diff: 0.0, Sum: 0.3]
      [GC Worker Total (ms): Min: 162.2, Avg: 162.2, Max: 162.2, Diff: 0.0, Sum: 324.4]
      [GC Worker End (ms): Min: 12655388.8, Avg: 12655388.8, Max: 12655388.8, Diff: 0.0]
   [Code Root Fixup: 0.3 ms]
   [Code Root Migration: 0.0 ms]
   [Clear CT: 0.4 ms]
   [Other: 6.3 ms]
      [Choose CSet: 0.0 ms]
      [Ref Proc: 2.6 ms]
      [Ref Enq: 0.3 ms]
      [Free CSet: 0.5 ms]
   [Eden: 320.0M(320.0M)->0.0B(190.0M) Survivors: 22.0M->44.0M Heap: 1745.0M(4096.0M)->1460.0M(4096.0M)]
 [Times: user=0.33 sys=0.00, real=0.17 secs] 
2016-08-30T17:06:52.369+0200: 12662.504: [GC pause (young), 0.1677130 secs]
   [Parallel Time: 160.5 ms, GC Workers: 2]
      [GC Worker Start (ms): Min: 12662505.4, Avg: 12662505.4, Max: 12662505.4, Diff: 0.0]
      [Ext Root Scanning (ms): Min: 48.9, Avg: 49.5, Max: 50.1, Diff: 1.2, Sum: 99.0]
      [Update RS (ms): Min: 39.8, Avg: 40.0, Max: 40.1, Diff: 0.3, Sum: 79.9]
         [Processed Buffers: Min: 343, Avg: 386.0, Max: 429, Diff: 86, Sum: 772]
      [Scan RS (ms): Min: 10.0, Avg: 10.4, Max: 10.7, Diff: 0.7, Sum: 20.7]
      [Code Root Scanning (ms): Min: 0.0, Avg: 0.1, Max: 0.1, Diff: 0.1, Sum: 0.1]
      [Object Copy (ms): Min: 60.0, Avg: 60.4, Max: 60.8, Diff: 0.8, Sum: 120.8]
      [Termination (ms): Min: 0.0, Avg: 0.0, Max: 0.0, Diff: 0.0, Sum: 0.0]
      [GC Worker Other (ms): Min: 0.2, Avg: 0.2, Max: 0.2, Diff: 0.0, Sum: 0.3]
      [GC Worker Total (ms): Min: 160.5, Avg: 160.5, Max: 160.5, Diff: 0.0, Sum: 320.9]
      [GC Worker End (ms): Min: 12662665.8, Avg: 12662665.8, Max: 12662665.8, Diff: 0.0]
   [Code Root Fixup: 0.5 ms]
   [Code Root Migration: 0.0 ms]
   [Clear CT: 0.5 ms]
   [Other: 6.1 ms]
      [Choose CSet: 0.0 ms]
      [Ref Proc: 2.3 ms]
      [Ref Enq: 0.2 ms]
      [Free CSet: 0.6 ms]
   [Eden: 190.0M(190.0M)->0.0B(494.0M) Survivors: 44.0M->20.0M Heap: 1650.0M(4096.0M)->1479.0M(4096.0M)]
 [Times: user=0.32 sys=0.00, real=0.17 secs] 
2016-08-30T17:07:11.585+0200: 12681.720: [GC pause (young), 0.1968670 secs]
   [Parallel Time: 187.5 ms, GC Workers: 2]
      [GC Worker Start (ms): Min: 12681721.4, Avg: 12681721.4, Max: 12681721.4, Diff: 0.0]
      [Ext Root Scanning (ms): Min: 51.5, Avg: 53.4, Max: 55.3, Diff: 3.8, Sum: 106.8]
      [Update RS (ms): Min: 68.2, Avg: 69.7, Max: 71.3, Diff: 3.1, Sum: 139.5]
         [Processed Buffers: Min: 478, Avg: 482.5, Max: 487, Diff: 9, Sum: 965]
      [Scan RS (ms): Min: 10.8, Avg: 11.1, Max: 11.3, Diff: 0.5, Sum: 22.2]
      [Code Root Scanning (ms): Min: 0.1, Avg: 0.2, Max: 0.2, Diff: 0.1, Sum: 0.3]
      [Object Copy (ms): Min: 52.8, Avg: 52.9, Max: 53.0, Diff: 0.3, Sum: 105.8]
      [Termination (ms): Min: 0.0, Avg: 0.0, Max: 0.0, Diff: 0.0, Sum: 0.0]
      [GC Worker Other (ms): Min: 0.2, Avg: 0.2, Max: 0.2, Diff: 0.0, Sum: 0.3]
      [GC Worker Total (ms): Min: 187.4, Avg: 187.4, Max: 187.4, Diff: 0.0, Sum: 374.9]
      [GC Worker End (ms): Min: 12681908.9, Avg: 12681908.9, Max: 12681908.9, Diff: 0.0]
   [Code Root Fixup: 0.4 ms]
   [Code Root Migration: 0.1 ms]
   [Clear CT: 0.5 ms]
   [Other: 8.4 ms]
      [Choose CSet: 0.0 ms]
      [Ref Proc: 4.3 ms]
      [Ref Enq: 0.3 ms]
      [Free CSet: 0.9 ms]
   [Eden: 494.0M(494.0M)->0.0B(144.0M) Survivors: 20.0M->60.0M Heap: 1973.0M(4096.0M)->1519.0M(4096.0M)]
 [Times: user=0.38 sys=0.01, real=0.20 secs] 
2016-08-30T17:07:18.013+0200: 12688.148: [GC pause (young), 0.1693090 secs]
   [Parallel Time: 163.0 ms, GC Workers: 2]
      [GC Worker Start (ms): Min: 12688149.2, Avg: 12688149.2, Max: 12688149.2, Diff: 0.0]
      [Ext Root Scanning (ms): Min: 50.5, Avg: 50.5, Max: 50.5, Diff: 0.0, Sum: 101.0]
      [Update RS (ms): Min: 33.8, Avg: 34.1, Max: 34.5, Diff: 0.8, Sum: 68.3]
         [Processed Buffers: Min: 286, Avg: 299.0, Max: 312, Diff: 26, Sum: 598]
      [Scan RS (ms): Min: 16.2, Avg: 16.5, Max: 16.8, Diff: 0.5, Sum: 33.0]
      [Code Root Scanning (ms): Min: 0.0, Avg: 0.1, Max: 0.1, Diff: 0.0, Sum: 0.1]
      [Object Copy (ms): Min: 61.5, Avg: 61.6, Max: 61.6, Diff: 0.2, Sum: 123.1]
      [Termination (ms): Min: 0.0, Avg: 0.0, Max: 0.0, Diff: 0.0, Sum: 0.0]
      [GC Worker Other (ms): Min: 0.1, Avg: 0.2, Max: 0.2, Diff: 0.0, Sum: 0.3]
      [GC Worker Total (ms): Min: 162.9, Avg: 162.9, Max: 162.9, Diff: 0.0, Sum: 325.9]
      [GC Worker End (ms): Min: 12688312.1, Avg: 12688312.1, Max: 12688312.1, Diff: 0.0]
   [Code Root Fixup: 0.4 ms]
   [Code Root Migration: 0.0 ms]
   [Clear CT: 0.6 ms]
   [Other: 5.3 ms]
      [Choose CSet: 0.0 ms]
      [Ref Proc: 1.5 ms]
      [Ref Enq: 0.1 ms]
      [Free CSet: 0.5 ms]
   [Eden: 144.0M(144.0M)->0.0B(580.0M) Survivors: 60.0M->14.0M Heap: 1663.0M(4096.0M)->1520.0M(4096.0M)]
 [Times: user=0.33 sys=0.00, real=0.17 secs] 
2016-08-30T17:07:41.087+0200: 12711.221: [GC pause (young), 0.1872860 secs]
   [Parallel Time: 177.3 ms, GC Workers: 2]
      [GC Worker Start (ms): Min: 12711223.0, Avg: 12711223.0, Max: 12711223.1, Diff: 0.0]
      [Ext Root Scanning (ms): Min: 51.2, Avg: 51.7, Max: 52.2, Diff: 1.0, Sum: 103.4]
      [Update RS (ms): Min: 68.5, Avg: 68.6, Max: 68.7, Diff: 0.2, Sum: 137.1]
         [Processed Buffers: Min: 400, Avg: 452.0, Max: 504, Diff: 104, Sum: 904]
      [Scan RS (ms): Min: 10.4, Avg: 10.6, Max: 10.7, Diff: 0.3, Sum: 21.1]
      [Code Root Scanning (ms): Min: 0.1, Avg: 0.2, Max: 0.3, Diff: 0.1, Sum: 0.4]
      [Object Copy (ms): Min: 45.8, Avg: 46.0, Max: 46.2, Diff: 0.4, Sum: 92.0]
      [Termination (ms): Min: 0.0, Avg: 0.0, Max: 0.0, Diff: 0.0, Sum: 0.0]
      [GC Worker Other (ms): Min: 0.1, Avg: 0.2, Max: 0.2, Diff: 0.0, Sum: 0.3]
      [GC Worker Total (ms): Min: 177.2, Avg: 177.2, Max: 177.2, Diff: 0.0, Sum: 354.4]
      [GC Worker End (ms): Min: 12711400.2, Avg: 12711400.2, Max: 12711400.2, Diff: 0.0]
   [Code Root Fixup: 0.3 ms]
   [Code Root Migration: 0.1 ms]
   [Clear CT: 0.5 ms]
   [Other: 9.2 ms]
      [Choose CSet: 0.0 ms]
      [Ref Proc: 5.0 ms]
      [Ref Enq: 0.3 ms]
      [Free CSet: 1.0 ms]
   [Eden: 580.0M(580.0M)->0.0B(220.0M) Survivors: 14.0M->56.0M Heap: 2100.0M(4096.0M)->1562.0M(4096.0M)]
 [Times: user=0.36 sys=0.00, real=0.18 secs] 
2016-08-30T17:07:47.397+0200: 12717.531: [GC pause (young), 0.3147660 secs]
   [Parallel Time: 302.6 ms, GC Workers: 2]
      [GC Worker Start (ms): Min: 12717539.4, Avg: 12717540.7, Max: 12717542.0, Diff: 2.6]
      [Ext Root Scanning (ms): Min: 82.6, Avg: 92.5, Max: 102.5, Diff: 19.9, Sum: 185.1]
      [Update RS (ms): Min: 62.5, Avg: 66.1, Max: 69.8, Diff: 7.3, Sum: 132.3]
         [Processed Buffers: Min: 308, Avg: 398.5, Max: 489, Diff: 181, Sum: 797]
      [Scan RS (ms): Min: 18.4, Avg: 21.2, Max: 23.9, Diff: 5.5, Sum: 42.3]
      [Code Root Scanning (ms): Min: 0.0, Avg: 0.0, Max: 0.1, Diff: 0.0, Sum: 0.1]
      [Object Copy (ms): Min: 110.4, Avg: 119.3, Max: 128.2, Diff: 17.8, Sum: 238.6]
      [Termination (ms): Min: 0.0, Avg: 1.7, Max: 3.5, Diff: 3.5, Sum: 3.5]
      [GC Worker Other (ms): Min: 0.1, Avg: 0.1, Max: 0.1, Diff: 0.0, Sum: 0.2]
      [GC Worker Total (ms): Min: 299.5, Avg: 301.0, Max: 302.6, Diff: 3.1, Sum: 602.1]
      [GC Worker End (ms): Min: 12717841.4, Avg: 12717841.7, Max: 12717842.0, Diff: 0.5]
   [Code Root Fixup: 0.4 ms]
   [Code Root Migration: 0.0 ms]
   [Clear CT: 0.4 ms]
   [Other: 11.3 ms]
      [Choose CSet: 0.0 ms]
      [Ref Proc: 1.4 ms]
      [Ref Enq: 0.1 ms]
      [Free CSet: 0.4 ms]
   [Eden: 220.0M(220.0M)->0.0B(176.0M) Survivors: 56.0M->28.0M Heap: 1782.0M(4096.0M)->1578.0M(4096.0M)]
 [Times: user=0.21 sys=0.00, real=0.31 secs] 
2016-08-30T17:07:52.932+0200: 12723.067: [GC pause (young), 0.1530180 secs]
   [Parallel Time: 146.1 ms, GC Workers: 2]
      [GC Worker Start (ms): Min: 12723068.5, Avg: 12723068.5, Max: 12723068.5, Diff: 0.0]
      [Ext Root Scanning (ms): Min: 52.6, Avg: 54.7, Max: 56.7, Diff: 4.2, Sum: 109.3]
      [Update RS (ms): Min: 36.2, Avg: 39.3, Max: 42.4, Diff: 6.1, Sum: 78.6]
         [Processed Buffers: Min: 331, Avg: 335.0, Max: 339, Diff: 8, Sum: 670]
      [Scan RS (ms): Min: 7.9, Avg: 8.2, Max: 8.6, Diff: 0.7, Sum: 16.4]
      [Code Root Scanning (ms): Min: 0.0, Avg: 0.1, Max: 0.1, Diff: 0.1, Sum: 0.1]
      [Object Copy (ms): Min: 43.1, Avg: 43.7, Max: 44.2, Diff: 1.1, Sum: 87.3]
      [Termination (ms): Min: 0.0, Avg: 0.0, Max: 0.0, Diff: 0.0, Sum: 0.0]
      [GC Worker Other (ms): Min: 0.1, Avg: 0.1, Max: 0.2, Diff: 0.1, Sum: 0.2]
      [GC Worker Total (ms): Min: 146.0, Avg: 146.0, Max: 146.0, Diff: 0.0, Sum: 292.0]
      [GC Worker End (ms): Min: 12723214.5, Avg: 12723214.5, Max: 12723214.5, Diff: 0.0]
   [Code Root Fixup: 0.4 ms]
   [Code Root Migration: 0.0 ms]
   [Clear CT: 0.5 ms]
   [Other: 6.0 ms]
      [Choose CSet: 0.0 ms]
      [Ref Proc: 2.2 ms]
      [Ref Enq: 0.2 ms]
      [Free CSet: 0.5 ms]
   [Eden: 176.0M(176.0M)->0.0B(184.0M) Survivors: 28.0M->20.0M Heap: 1754.0M(4096.0M)->1596.0M(4096.0M)]
 [Times: user=0.30 sys=0.00, real=0.16 secs] 
2016-08-30T17:07:59.369+0200: 12729.504: [GC pause (young), 0.1437630 secs]
   [Parallel Time: 136.9 ms, GC Workers: 2]
      [GC Worker Start (ms): Min: 12729505.5, Avg: 12729505.5, Max: 12729505.5, Diff: 0.0]
      [Ext Root Scanning (ms): Min: 50.2, Avg: 50.3, Max: 50.3, Diff: 0.1, Sum: 100.6]
      [Update RS (ms): Min: 39.3, Avg: 39.7, Max: 40.1, Diff: 0.8, Sum: 79.4]
         [Processed Buffers: Min: 371, Avg: 386.0, Max: 401, Diff: 30, Sum: 772]
      [Scan RS (ms): Min: 6.0, Avg: 6.4, Max: 6.8, Diff: 0.8, Sum: 12.8]
      [Code Root Scanning (ms): Min: 0.1, Avg: 0.1, Max: 0.1, Diff: 0.0, Sum: 0.1]
      [Object Copy (ms): Min: 40.1, Avg: 40.2, Max: 40.3, Diff: 0.1, Sum: 80.4]
      [Termination (ms): Min: 0.0, Avg: 0.0, Max: 0.0, Diff: 0.0, Sum: 0.0]
      [GC Worker Other (ms): Min: 0.2, Avg: 0.2, Max: 0.2, Diff: 0.0, Sum: 0.3]
      [GC Worker Total (ms): Min: 136.8, Avg: 136.8, Max: 136.8, Diff: 0.0, Sum: 273.6]
      [GC Worker End (ms): Min: 12729642.3, Avg: 12729642.3, Max: 12729642.3, Diff: 0.0]
   [Code Root Fixup: 0.4 ms]
   [Code Root Migration: 0.0 ms]
   [Clear CT: 0.5 ms]
   [Other: 6.0 ms]
      [Choose CSet: 0.0 ms]
      [Ref Proc: 2.2 ms]
      [Ref Enq: 0.2 ms]
      [Free CSet: 0.5 ms]
   [Eden: 184.0M(184.0M)->0.0B(298.0M) Survivors: 20.0M->16.0M Heap: 1780.0M(4096.0M)->1611.0M(4096.0M)]
 [Times: user=0.27 sys=0.00, real=0.14 secs] 
2016-08-30T17:08:11.178+0200: 12741.313: [GC pause (young), 0.2391250 secs]
   [Parallel Time: 232.6 ms, GC Workers: 2]
      [GC Worker Start (ms): Min: 12741314.5, Avg: 12741314.5, Max: 12741314.5, Diff: 0.0]
      [Ext Root Scanning (ms): Min: 72.2, Avg: 76.4, Max: 80.6, Diff: 8.4, Sum: 152.8]
      [Update RS (ms): Min: 86.4, Avg: 93.6, Max: 100.8, Diff: 14.5, Sum: 187.2]
         [Processed Buffers: Min: 312, Avg: 433.5, Max: 555, Diff: 243, Sum: 867]
      [Scan RS (ms): Min: 8.1, Avg: 14.1, Max: 20.2, Diff: 12.1, Sum: 28.2]
      [Code Root Scanning (ms): Min: 0.1, Avg: 0.1, Max: 0.1, Diff: 0.0, Sum: 0.2]
      [Object Copy (ms): Min: 45.1, Avg: 48.2, Max: 51.3, Diff: 6.2, Sum: 96.4]
      [Termination (ms): Min: 0.0, Avg: 0.1, Max: 0.1, Diff: 0.1, Sum: 0.1]
      [GC Worker Other (ms): Min: 0.1, Avg: 0.1, Max: 0.1, Diff: 0.0, Sum: 0.3]
      [GC Worker Total (ms): Min: 232.5, Avg: 232.6, Max: 232.6, Diff: 0.0, Sum: 465.1]
      [GC Worker End (ms): Min: 12741547.0, Avg: 12741547.1, Max: 12741547.1, Diff: 0.0]
   [Code Root Fixup: 0.2 ms]
   [Code Root Migration: 0.0 ms]
   [Clear CT: 0.6 ms]
   [Other: 5.6 ms]
      [Choose CSet: 0.0 ms]
      [Ref Proc: 2.1 ms]
      [Ref Enq: 0.1 ms]
      [Free CSet: 0.6 ms]
   [Eden: 298.0M(298.0M)->0.0B(166.0M) Survivors: 16.0M->38.0M Heap: 1909.0M(4096.0M)->1633.0M(4096.0M)]
 [Times: user=0.28 sys=0.00, real=0.24 secs] 
2016-08-30T17:08:15.341+0200: 12745.476: [GC pause (young), 0.1563230 secs]
   [Parallel Time: 150.7 ms, GC Workers: 2]
      [GC Worker Start (ms): Min: 12745477.8, Avg: 12745478.7, Max: 12745479.7, Diff: 1.8]
      [Ext Root Scanning (ms): Min: 51.3, Avg: 52.0, Max: 52.8, Diff: 1.5, Sum: 104.1]
      [Update RS (ms): Min: 38.0, Avg: 38.0, Max: 38.1, Diff: 0.1, Sum: 76.0]
         [Processed Buffers: Min: 349, Avg: 360.0, Max: 371, Diff: 22, Sum: 720]
      [Scan RS (ms): Min: 11.4, Avg: 11.8, Max: 12.3, Diff: 0.8, Sum: 23.7]
      [Code Root Scanning (ms): Min: 0.0, Avg: 0.1, Max: 0.1, Diff: 0.1, Sum: 0.1]
      [Object Copy (ms): Min: 47.3, Avg: 47.6, Max: 47.9, Diff: 0.7, Sum: 95.2]
      [Termination (ms): Min: 0.0, Avg: 0.0, Max: 0.0, Diff: 0.0, Sum: 0.0]
      [GC Worker Other (ms): Min: 0.1, Avg: 0.1, Max: 0.2, Diff: 0.1, Sum: 0.2]
      [GC Worker Total (ms): Min: 148.8, Avg: 149.7, Max: 150.6, Diff: 1.8, Sum: 299.3]
      [GC Worker End (ms): Min: 12745628.4, Avg: 12745628.4, Max: 12745628.4, Diff: 0.0]
   [Code Root Fixup: 0.3 ms]
   [Code Root Migration: 0.0 ms]
   [Clear CT: 0.4 ms]
   [Other: 4.9 ms]
      [Choose CSet: 0.0 ms]
      [Ref Proc: 1.0 ms]
      [Ref Enq: 0.1 ms]
      [Free CSet: 0.4 ms]
   [Eden: 166.0M(166.0M)->0.0B(180.0M) Survivors: 38.0M->24.0M Heap: 1799.0M(4096.0M)->1650.0M(4096.0M)]
 [Times: user=0.31 sys=0.00, real=0.15 secs] 
2016-08-30T17:08:21.971+0200: 12752.106: [GC pause (young), 0.1409820 secs]
   [Parallel Time: 135.5 ms, GC Workers: 2]
      [GC Worker Start (ms): Min: 12752107.1, Avg: 12752107.1, Max: 12752107.1, Diff: 0.0]
      [Ext Root Scanning (ms): Min: 49.7, Avg: 50.5, Max: 51.4, Diff: 1.7, Sum: 101.1]
      [Update RS (ms): Min: 39.0, Avg: 39.8, Max: 40.5, Diff: 1.4, Sum: 79.5]
         [Processed Buffers: Min: 338, Avg: 374.5, Max: 411, Diff: 73, Sum: 749]
      [Scan RS (ms): Min: 6.8, Avg: 7.2, Max: 7.6, Diff: 0.9, Sum: 14.4]
      [Code Root Scanning (ms): Min: 0.1, Avg: 0.1, Max: 0.1, Diff: 0.0, Sum: 0.2]
      [Object Copy (ms): Min: 37.2, Avg: 37.7, Max: 38.2, Diff: 1.1, Sum: 75.4]
      [Termination (ms): Min: 0.0, Avg: 0.0, Max: 0.0, Diff: 0.0, Sum: 0.0]
      [GC Worker Other (ms): Min: 0.1, Avg: 0.1, Max: 0.1, Diff: 0.0, Sum: 0.3]
      [GC Worker Total (ms): Min: 135.4, Avg: 135.4, Max: 135.4, Diff: 0.0, Sum: 270.8]
      [GC Worker End (ms): Min: 12752242.5, Avg: 12752242.5, Max: 12752242.5, Diff: 0.0]
   [Code Root Fixup: 0.3 ms]
   [Code Root Migration: 0.0 ms]
   [Clear CT: 0.4 ms]
   [Other: 4.8 ms]
      [Choose CSet: 0.0 ms]
      [Ref Proc: 1.5 ms]
      [Ref Enq: 0.1 ms]
      [Free CSet: 0.4 ms]
   [Eden: 180.0M(180.0M)->0.0B(272.0M) Survivors: 24.0M->18.0M Heap: 1830.0M(4096.0M)->1666.0M(4096.0M)]
 [Times: user=0.28 sys=0.00, real=0.14 secs] 
2016-08-30T17:08:32.094+0200: 12762.228: [GC pause (young), 0.1556210 secs]
   [Parallel Time: 149.0 ms, GC Workers: 2]
      [GC Worker Start (ms): Min: 12762229.9, Avg: 12762229.9, Max: 12762229.9, Diff: 0.0]
      [Ext Root Scanning (ms): Min: 52.4, Avg: 52.8, Max: 53.2, Diff: 0.9, Sum: 105.6]
      [Update RS (ms): Min: 50.6, Avg: 51.1, Max: 51.6, Diff: 1.1, Sum: 102.2]
         [Processed Buffers: Min: 436, Avg: 452.5, Max: 469, Diff: 33, Sum: 905]
      [Scan RS (ms): Min: 7.1, Avg: 7.3, Max: 7.6, Diff: 0.5, Sum: 14.7]
      [Code Root Scanning (ms): Min: 0.1, Avg: 0.1, Max: 0.1, Diff: 0.0, Sum: 0.2]
      [Object Copy (ms): Min: 37.2, Avg: 37.4, Max: 37.6, Diff: 0.4, Sum: 74.8]
      [Termination (ms): Min: 0.0, Avg: 0.0, Max: 0.0, Diff: 0.0, Sum: 0.0]
      [GC Worker Other (ms): Min: 0.2, Avg: 0.2, Max: 0.2, Diff: 0.0, Sum: 0.4]
      [GC Worker Total (ms): Min: 148.9, Avg: 148.9, Max: 148.9, Diff: 0.0, Sum: 297.8]
      [GC Worker End (ms): Min: 12762378.8, Avg: 12762378.8, Max: 12762378.8, Diff: 0.0]
   [Code Root Fixup: 0.3 ms]
   [Code Root Migration: 0.0 ms]
   [Clear CT: 0.5 ms]
   [Other: 5.8 ms]
      [Choose CSet: 0.0 ms]
      [Ref Proc: 2.4 ms]
      [Ref Enq: 0.1 ms]
      [Free CSet: 0.5 ms]
   [Eden: 272.0M(272.0M)->0.0B(254.0M) Survivors: 18.0M->38.0M Heap: 1938.0M(4096.0M)->1687.0M(4096.0M)]
 [Times: user=0.30 sys=0.00, real=0.15 secs] 
2016-08-30T17:08:40.436+0200: 12770.570: [GC pause (young), 0.1785140 secs]
   [Parallel Time: 172.4 ms, GC Workers: 2]
      [GC Worker Start (ms): Min: 12770571.8, Avg: 12770571.9, Max: 12770572.0, Diff: 0.2]
      [Ext Root Scanning (ms): Min: 51.7, Avg: 56.6, Max: 61.5, Diff: 9.8, Sum: 113.1]
      [Update RS (ms): Min: 45.0, Avg: 50.6, Max: 56.1, Diff: 11.1, Sum: 101.1]
         [Processed Buffers: Min: 267, Avg: 373.5, Max: 480, Diff: 213, Sum: 747]
      [Scan RS (ms): Min: 11.7, Avg: 11.8, Max: 11.9, Diff: 0.1, Sum: 23.6]
      [Code Root Scanning (ms): Min: 0.1, Avg: 0.1, Max: 0.1, Diff: 0.0, Sum: 0.2]
      [Object Copy (ms): Min: 52.3, Avg: 53.0, Max: 53.8, Diff: 1.5, Sum: 106.0]
      [Termination (ms): Min: 0.0, Avg: 0.0, Max: 0.0, Diff: 0.0, Sum: 0.0]
      [GC Worker Other (ms): Min: 0.2, Avg: 0.2, Max: 0.2, Diff: 0.0, Sum: 0.4]
      [GC Worker Total (ms): Min: 172.2, Avg: 172.2, Max: 172.3, Diff: 0.2, Sum: 344.5]
      [GC Worker End (ms): Min: 12770744.2, Avg: 12770744.2, Max: 12770744.2, Diff: 0.0]
   [Code Root Fixup: 0.3 ms]
   [Code Root Migration: 0.0 ms]
   [Clear CT: 0.5 ms]
   [Other: 5.3 ms]
      [Choose CSet: 0.0 ms]
      [Ref Proc: 1.7 ms]
      [Ref Enq: 0.1 ms]
      [Free CSet: 0.5 ms]
   [Eden: 204.0M(166.0M)->0.0B(358.0M) Survivors: 38.0M->20.0M Heap: 1891.0M(4096.0M)->1697.0M(4096.0M)]
 [Times: user=0.33 sys=0.00, real=0.18 secs] 
2016-08-30T17:08:53.491+0200: 12783.625: [GC pause (young), 0.1928040 secs]
   [Parallel Time: 182.9 ms, GC Workers: 2]
      [GC Worker Start (ms): Min: 12783627.2, Avg: 12783627.2, Max: 12783627.2, Diff: 0.0]
      [Ext Root Scanning (ms): Min: 60.6, Avg: 60.9, Max: 61.1, Diff: 0.5, Sum: 121.7]
      [Update RS (ms): Min: 57.5, Avg: 57.5, Max: 57.6, Diff: 0.1, Sum: 115.1]
         [Processed Buffers: Min: 405, Avg: 430.0, Max: 455, Diff: 50, Sum: 860]
      [Scan RS (ms): Min: 9.8, Avg: 10.2, Max: 10.6, Diff: 0.8, Sum: 20.5]
      [Code Root Scanning (ms): Min: 0.1, Avg: 0.1, Max: 0.2, Diff: 0.1, Sum: 0.3]
      [Object Copy (ms): Min: 53.6, Avg: 53.8, Max: 54.0, Diff: 0.4, Sum: 107.6]
      [Termination (ms): Min: 0.0, Avg: 0.0, Max: 0.0, Diff: 0.0, Sum: 0.0]
      [GC Worker Other (ms): Min: 0.2, Avg: 0.2, Max: 0.2, Diff: 0.0, Sum: 0.3]
      [GC Worker Total (ms): Min: 182.8, Avg: 182.8, Max: 182.8, Diff: 0.0, Sum: 365.5]
      [GC Worker End (ms): Min: 12783809.9, Avg: 12783809.9, Max: 12783809.9, Diff: 0.0]
   [Code Root Fixup: 0.5 ms]
   [Code Root Migration: 0.1 ms]
   [Clear CT: 0.6 ms]
   [Other: 8.8 ms]
      [Choose CSet: 0.0 ms]
      [Ref Proc: 4.2 ms]
      [Ref Enq: 0.3 ms]
      [Free CSet: 0.9 ms]
   [Eden: 358.0M(358.0M)->0.0B(198.0M) Survivors: 20.0M->48.0M Heap: 2055.0M(4096.0M)->1725.0M(4096.0M)]
 [Times: user=0.35 sys=0.00, real=0.20 secs] 
2016-08-30T17:08:58.924+0200: 12789.058: [GC pause (young), 0.1845340 secs]
   [Parallel Time: 177.7 ms, GC Workers: 2]
      [GC Worker Start (ms): Min: 12789059.8, Avg: 12789061.4, Max: 12789063.0, Diff: 3.1]
      [Ext Root Scanning (ms): Min: 64.6, Avg: 69.5, Max: 74.5, Diff: 9.9, Sum: 139.1]
      [Update RS (ms): Min: 31.8, Avg: 32.6, Max: 33.5, Diff: 1.7, Sum: 65.3]
         [Processed Buffers: Min: 282, Avg: 284.0, Max: 286, Diff: 4, Sum: 568]
      [Scan RS (ms): Min: 12.8, Avg: 13.3, Max: 13.8, Diff: 0.9, Sum: 26.6]
      [Code Root Scanning (ms): Min: 0.0, Avg: 0.1, Max: 0.1, Diff: 0.1, Sum: 0.1]
      [Object Copy (ms): Min: 57.3, Avg: 60.4, Max: 63.5, Diff: 6.2, Sum: 120.9]
      [Termination (ms): Min: 0.0, Avg: 0.0, Max: 0.0, Diff: 0.0, Sum: 0.0]
      [GC Worker Other (ms): Min: 0.1, Avg: 0.1, Max: 0.2, Diff: 0.1, Sum: 0.2]
      [GC Worker Total (ms): Min: 174.5, Avg: 176.1, Max: 177.7, Diff: 3.1, Sum: 352.2]
      [GC Worker End (ms): Min: 12789237.5, Avg: 12789237.5, Max: 12789237.5, Diff: 0.0]
   [Code Root Fixup: 0.5 ms]
   [Code Root Migration: 0.0 ms]
   [Clear CT: 0.5 ms]
   [Other: 5.7 ms]
      [Choose CSet: 0.0 ms]
      [Ref Proc: 2.2 ms]
      [Ref Enq: 0.1 ms]
      [Free CSet: 0.6 ms]
   [Eden: 156.0M(156.0M)->0.0B(370.0M) Survivors: 48.0M->18.0M Heap: 1881.0M(4096.0M)->1736.0M(4096.0M)]
 [Times: user=0.32 sys=0.00, real=0.19 secs] 
2016-08-30T17:09:11.656+0200: 12801.790: [GC pause (young), 0.1935100 secs]
   [Parallel Time: 181.8 ms, GC Workers: 2]
      [GC Worker Start (ms): Min: 12801792.2, Avg: 12801792.4, Max: 12801792.7, Diff: 0.5]
      [Ext Root Scanning (ms): Min: 50.7, Avg: 54.9, Max: 59.1, Diff: 8.4, Sum: 109.8]
      [Update RS (ms): Min: 59.0, Avg: 63.5, Max: 68.0, Diff: 9.1, Sum: 127.0]
         [Processed Buffers: Min: 471, Avg: 513.0, Max: 555, Diff: 84, Sum: 1026]
      [Scan RS (ms): Min: 6.9, Avg: 7.5, Max: 8.0, Diff: 1.1, Sum: 14.9]
      [Code Root Scanning (ms): Min: 0.1, Avg: 0.1, Max: 0.2, Diff: 0.1, Sum: 0.3]
      [Object Copy (ms): Min: 54.6, Avg: 55.3, Max: 56.0, Diff: 1.5, Sum: 110.6]
      [Termination (ms): Min: 0.0, Avg: 0.0, Max: 0.0, Diff: 0.0, Sum: 0.0]
      [GC Worker Other (ms): Min: 0.1, Avg: 0.2, Max: 0.2, Diff: 0.0, Sum: 0.3]
      [GC Worker Total (ms): Min: 181.2, Avg: 181.5, Max: 181.7, Diff: 0.5, Sum: 363.0]
      [GC Worker End (ms): Min: 12801973.9, Avg: 12801973.9, Max: 12801973.9, Diff: 0.0]
   [Code Root Fixup: 0.5 ms]
   [Code Root Migration: 0.1 ms]
   [Clear CT: 0.5 ms]
   [Other: 10.6 ms]
      [Choose CSet: 0.0 ms]
      [Ref Proc: 6.0 ms]
      [Ref Enq: 0.4 ms]
      [Free CSet: 0.8 ms]
   [Eden: 370.0M(370.0M)->0.0B(166.0M) Survivors: 18.0M->50.0M Heap: 2106.0M(4096.0M)->1770.0M(4096.0M)]
 [Times: user=0.37 sys=0.00, real=0.20 secs] 
2016-08-30T17:09:16.451+0200: 12806.585: [GC pause (young), 0.1719440 secs]
   [Parallel Time: 166.4 ms, GC Workers: 2]
      [GC Worker Start (ms): Min: 12806586.6, Avg: 12806586.6, Max: 12806586.6, Diff: 0.0]
      [Ext Root Scanning (ms): Min: 49.8, Avg: 55.9, Max: 62.0, Diff: 12.2, Sum: 111.8]
      [Update RS (ms): Min: 35.0, Avg: 40.6, Max: 46.2, Diff: 11.2, Sum: 81.2]
         [Processed Buffers: Min: 275, Avg: 351.0, Max: 427, Diff: 152, Sum: 702]
      [Scan RS (ms): Min: 12.4, Avg: 12.7, Max: 13.1, Diff: 0.6, Sum: 25.5]
      [Code Root Scanning (ms): Min: 0.1, Avg: 0.1, Max: 0.1, Diff: 0.0, Sum: 0.1]
      [Object Copy (ms): Min: 56.8, Avg: 57.0, Max: 57.1, Diff: 0.3, Sum: 113.9]
      [Termination (ms): Min: 0.0, Avg: 0.0, Max: 0.0, Diff: 0.0, Sum: 0.0]
      [GC Worker Other (ms): Min: 0.0, Avg: 0.1, Max: 0.1, Diff: 0.1, Sum: 0.2]
      [GC Worker Total (ms): Min: 166.3, Avg: 166.3, Max: 166.3, Diff: 0.0, Sum: 332.7]
      [GC Worker End (ms): Min: 12806753.0, Avg: 12806753.0, Max: 12806753.0, Diff: 0.0]
   [Code Root Fixup: 0.3 ms]
   [Code Root Migration: 0.0 ms]
   [Clear CT: 0.5 ms]
   [Other: 4.7 ms]
      [Choose CSet: 0.0 ms]
      [Ref Proc: 1.3 ms]
      [Ref Enq: 0.1 ms]
      [Free CSet: 0.4 ms]
   [Eden: 154.0M(154.0M)->0.0B(336.0M) Survivors: 50.0M->22.0M Heap: 1924.0M(4096.0M)->1787.0M(4096.0M)]
 [Times: user=0.33 sys=0.00, real=0.17 secs] 
2016-08-30T17:09:29.139+0200: 12819.274: [GC pause (young), 0.1957160 secs]
   [Parallel Time: 185.9 ms, GC Workers: 2]
      [GC Worker Start (ms): Min: 12819275.5, Avg: 12819278.3, Max: 12819281.0, Diff: 5.5]
      [Ext Root Scanning (ms): Min: 57.3, Avg: 60.7, Max: 64.2, Diff: 6.9, Sum: 121.5]
      [Update RS (ms): Min: 64.0, Avg: 65.1, Max: 66.2, Diff: 2.2, Sum: 130.3]
         [Processed Buffers: Min: 463, Avg: 479.5, Max: 496, Diff: 33, Sum: 959]
      [Scan RS (ms): Min: 7.7, Avg: 8.2, Max: 8.7, Diff: 1.0, Sum: 16.4]
      [Code Root Scanning (ms): Min: 0.1, Avg: 0.1, Max: 0.1, Diff: 0.0, Sum: 0.2]
      [Object Copy (ms): Min: 47.8, Avg: 48.7, Max: 49.5, Diff: 1.7, Sum: 97.4]
      [Termination (ms): Min: 0.0, Avg: 0.0, Max: 0.0, Diff: 0.0, Sum: 0.0]
      [GC Worker Other (ms): Min: 0.0, Avg: 0.1, Max: 0.1, Diff: 0.1, Sum: 0.2]
      [GC Worker Total (ms): Min: 180.2, Avg: 183.0, Max: 185.7, Diff: 5.5, Sum: 365.9]
      [GC Worker End (ms): Min: 12819461.2, Avg: 12819461.2, Max: 12819461.2, Diff: 0.0]
   [Code Root Fixup: 0.5 ms]
   [Code Root Migration: 0.1 ms]
   [Clear CT: 0.6 ms]
   [Other: 8.7 ms]
      [Choose CSet: 0.0 ms]
      [Ref Proc: 4.3 ms]
      [Ref Enq: 0.3 ms]
      [Free CSet: 0.7 ms]
   [Eden: 336.0M(336.0M)->0.0B(172.0M) Survivors: 22.0M->46.0M Heap: 2123.0M(4096.0M)->1812.0M(4096.0M)]
 [Times: user=0.36 sys=0.00, real=0.20 secs] 
2016-08-30T17:09:34.593+0200: 12824.728: [GC pause (young), 0.1555740 secs]
   [Parallel Time: 150.0 ms, GC Workers: 2]
      [GC Worker Start (ms): Min: 12824729.2, Avg: 12824729.2, Max: 12824729.2, Diff: 0.0]
      [Ext Root Scanning (ms): Min: 53.9, Avg: 54.1, Max: 54.3, Diff: 0.4, Sum: 108.2]
      [Update RS (ms): Min: 36.9, Avg: 37.7, Max: 38.6, Diff: 1.8, Sum: 75.5]
         [Processed Buffers: Min: 330, Avg: 339.5, Max: 349, Diff: 19, Sum: 679]
      [Scan RS (ms): Min: 11.5, Avg: 12.1, Max: 12.8, Diff: 1.3, Sum: 24.3]
      [Code Root Scanning (ms): Min: 0.0, Avg: 0.1, Max: 0.1, Diff: 0.1, Sum: 0.1]
      [Object Copy (ms): Min: 45.3, Avg: 45.7, Max: 46.1, Diff: 0.7, Sum: 91.4]
      [Termination (ms): Min: 0.0, Avg: 0.0, Max: 0.0, Diff: 0.0, Sum: 0.0]
      [GC Worker Other (ms): Min: 0.0, Avg: 0.1, Max: 0.2, Diff: 0.1, Sum: 0.2]
      [GC Worker Total (ms): Min: 149.9, Avg: 149.9, Max: 149.9, Diff: 0.0, Sum: 299.8]
      [GC Worker End (ms): Min: 12824879.1, Avg: 12824879.1, Max: 12824879.1, Diff: 0.0]
   [Code Root Fixup: 0.5 ms]
   [Code Root Migration: 0.0 ms]
   [Clear CT: 0.5 ms]
   [Other: 4.6 ms]
      [Choose CSet: 0.0 ms]
      [Ref Proc: 1.4 ms]
      [Ref Enq: 0.1 ms]
      [Free CSet: 0.4 ms]
   [Eden: 158.0M(158.0M)->0.0B(570.0M) Survivors: 46.0M->14.0M Heap: 1970.0M(4096.0M)->1819.0M(4096.0M)]
 [Times: user=0.30 sys=0.00, real=0.15 secs] 
2016-08-30T17:09:51.580+0200: 12841.714: [GC pause (young), 0.2073910 secs]
   [Parallel Time: 198.7 ms, GC Workers: 2]
      [GC Worker Start (ms): Min: 12841716.3, Avg: 12841716.3, Max: 12841716.3, Diff: 0.0]
      [Ext Root Scanning (ms): Min: 54.7, Avg: 65.5, Max: 76.4, Diff: 21.7, Sum: 131.1]
      [Update RS (ms): Min: 65.0, Avg: 76.2, Max: 87.4, Diff: 22.4, Sum: 152.5]
         [Processed Buffers: Min: 351, Avg: 502.5, Max: 654, Diff: 303, Sum: 1005]
      [Scan RS (ms): Min: 6.8, Avg: 7.6, Max: 8.4, Diff: 1.6, Sum: 15.1]
      [Code Root Scanning (ms): Min: 0.1, Avg: 0.1, Max: 0.2, Diff: 0.1, Sum: 0.2]
      [Object Copy (ms): Min: 47.9, Avg: 49.0, Max: 50.0, Diff: 2.2, Sum: 97.9]
      [Termination (ms): Min: 0.0, Avg: 0.0, Max: 0.0, Diff: 0.0, Sum: 0.0]
      [GC Worker Other (ms): Min: 0.1, Avg: 0.1, Max: 0.2, Diff: 0.1, Sum: 0.2]
      [GC Worker Total (ms): Min: 198.5, Avg: 198.5, Max: 198.5, Diff: 0.0, Sum: 397.1]
      [GC Worker End (ms): Min: 12841914.8, Avg: 12841914.8, Max: 12841914.9, Diff: 0.0]
   [Code Root Fixup: 0.2 ms]
   [Code Root Migration: 0.1 ms]
   [Clear CT: 0.5 ms]
   [Other: 8.0 ms]
      [Choose CSet: 0.0 ms]
      [Ref Proc: 4.0 ms]
      [Ref Enq: 0.2 ms]
      [Free CSet: 0.7 ms]
   [Eden: 484.0M(462.0M)->0.0B(202.0M) Survivors: 14.0M->56.0M Heap: 2303.0M(4096.0M)->1860.0M(4096.0M)]
 [Times: user=0.39 sys=0.01, real=0.21 secs] 
2016-08-30T17:09:56.438+0200: 12846.573: [GC pause (young), 0.1798000 secs]
   [Parallel Time: 174.1 ms, GC Workers: 2]
      [GC Worker Start (ms): Min: 12846574.1, Avg: 12846575.4, Max: 12846576.6, Diff: 2.4]
      [Ext Root Scanning (ms): Min: 54.3, Avg: 60.9, Max: 67.5, Diff: 13.1, Sum: 121.8]
      [Update RS (ms): Min: 32.5, Avg: 37.6, Max: 42.8, Diff: 10.3, Sum: 75.2]
         [Processed Buffers: Min: 302, Avg: 319.0, Max: 336, Diff: 34, Sum: 638]
      [Scan RS (ms): Min: 14.6, Avg: 15.1, Max: 15.6, Diff: 1.0, Sum: 30.2]
      [Code Root Scanning (ms): Min: 0.1, Avg: 0.1, Max: 0.1, Diff: 0.0, Sum: 0.1]
      [Object Copy (ms): Min: 55.8, Avg: 58.9, Max: 62.1, Diff: 6.2, Sum: 117.9]
      [Termination (ms): Min: 0.0, Avg: 0.0, Max: 0.0, Diff: 0.0, Sum: 0.0]
      [GC Worker Other (ms): Min: 0.1, Avg: 0.1, Max: 0.1, Diff: 0.0, Sum: 0.1]
      [GC Worker Total (ms): Min: 171.5, Avg: 172.7, Max: 173.9, Diff: 2.4, Sum: 345.5]
      [GC Worker End (ms): Min: 12846748.1, Avg: 12846748.1, Max: 12846748.1, Diff: 0.0]
   [Code Root Fixup: 0.3 ms]
   [Code Root Migration: 0.0 ms]
   [Clear CT: 0.6 ms]
   [Other: 4.8 ms]
      [Choose CSet: 0.0 ms]
      [Ref Proc: 1.4 ms]
      [Ref Enq: 0.1 ms]
      [Free CSet: 0.5 ms]
   [Eden: 148.0M(148.0M)->0.0B(488.0M) Survivors: 56.0M->16.0M Heap: 2008.0M(4096.0M)->1864.0M(4096.0M)]
 [Times: user=0.32 sys=0.00, real=0.18 secs] 
2016-08-30T17:10:13.362+0200: 12863.496: [GC pause (young) (initial-mark), 0.2547190 secs]
   [Parallel Time: 243.0 ms, GC Workers: 2]
      [GC Worker Start (ms): Min: 12863498.5, Avg: 12863499.8, Max: 12863501.0, Diff: 2.5]
      [Ext Root Scanning (ms): Min: 50.1, Avg: 60.5, Max: 70.8, Diff: 20.6, Sum: 120.9]
      [Code Root Marking (ms): Min: 1.8, Avg: 14.3, Max: 26.8, Diff: 24.9, Sum: 28.6]
      [Update RS (ms): Min: 80.6, Avg: 80.7, Max: 80.8, Diff: 0.2, Sum: 161.4]
         [Processed Buffers: Min: 399, Avg: 508.5, Max: 618, Diff: 219, Sum: 1017]
      [Scan RS (ms): Min: 8.8, Avg: 9.0, Max: 9.1, Diff: 0.2, Sum: 17.9]
      [Code Root Scanning (ms): Min: 0.1, Avg: 0.2, Max: 0.2, Diff: 0.1, Sum: 0.3]
      [Object Copy (ms): Min: 73.9, Avg: 77.0, Max: 80.2, Diff: 6.3, Sum: 154.0]
      [Termination (ms): Min: 0.0, Avg: 0.0, Max: 0.0, Diff: 0.0, Sum: 0.0]
      [GC Worker Other (ms): Min: 0.1, Avg: 0.1, Max: 0.1, Diff: 0.0, Sum: 0.2]
      [GC Worker Total (ms): Min: 240.4, Avg: 241.7, Max: 242.9, Diff: 2.5, Sum: 483.4]
      [GC Worker End (ms): Min: 12863741.4, Avg: 12863741.4, Max: 12863741.4, Diff: 0.0]
   [Code Root Fixup: 0.3 ms]
   [Code Root Migration: 0.1 ms]
   [Clear CT: 0.6 ms]
   [Other: 10.8 ms]
      [Choose CSet: 0.0 ms]
      [Ref Proc: 5.3 ms]
      [Ref Enq: 0.3 ms]
      [Free CSet: 1.0 ms]
   [Eden: 488.0M(488.0M)->0.0B(144.0M) Survivors: 16.0M->60.0M Heap: 2352.0M(4096.0M)->1909.0M(4096.0M)]
 [Times: user=0.48 sys=0.00, real=0.25 secs] 
2016-08-30T17:10:13.617+0200: 12863.751: [GC concurrent-root-region-scan-start]
2016-08-30T17:10:13.676+0200: 12863.811: [GC concurrent-root-region-scan-end, 0.0594420 secs]
2016-08-30T17:10:13.676+0200: 12863.811: [GC concurrent-mark-start]
2016-08-30T17:10:15.031+0200: 12865.166: [GC concurrent-mark-end, 1.3551040 secs]
2016-08-30T17:10:15.033+0200: 12865.168: [GC remark 2016-08-30T17:10:15.036+0200: 12865.170: [GC ref-proc, 0.0545310 secs], 0.0713480 secs]
 [Times: user=0.09 sys=0.00, real=0.07 secs] 
2016-08-30T17:10:15.107+0200: 12865.242: [GC cleanup 1970M->1935M(4096M), 0.0324120 secs]
 [Times: user=0.07 sys=0.00, real=0.04 secs] 
2016-08-30T17:10:15.141+0200: 12865.275: [GC concurrent-cleanup-start]
2016-08-30T17:10:15.141+0200: 12865.275: [GC concurrent-cleanup-end, 0.0000800 secs]
2016-08-30T17:10:18.630+0200: 12868.764: [GC pause (young), 0.1720590 secs]
   [Parallel Time: 165.4 ms, GC Workers: 2]
      [GC Worker Start (ms): Min: 12868765.3, Avg: 12868765.4, Max: 12868765.4, Diff: 0.1]
      [Ext Root Scanning (ms): Min: 50.5, Avg: 51.0, Max: 51.5, Diff: 1.0, Sum: 102.0]
      [Update RS (ms): Min: 34.6, Avg: 34.7, Max: 34.8, Diff: 0.2, Sum: 69.4]
         [Processed Buffers: Min: 283, Avg: 311.5, Max: 340, Diff: 57, Sum: 623]
      [Scan RS (ms): Min: 15.4, Avg: 15.4, Max: 15.5, Diff: 0.1, Sum: 30.9]
      [Code Root Scanning (ms): Min: 0.0, Avg: 0.1, Max: 0.1, Diff: 0.0, Sum: 0.1]
      [Object Copy (ms): Min: 63.4, Avg: 64.0, Max: 64.5, Diff: 1.1, Sum: 128.0]
      [Termination (ms): Min: 0.0, Avg: 0.0, Max: 0.0, Diff: 0.0, Sum: 0.0]
      [GC Worker Other (ms): Min: 0.1, Avg: 0.2, Max: 0.2, Diff: 0.0, Sum: 0.3]
      [GC Worker Total (ms): Min: 165.3, Avg: 165.3, Max: 165.3, Diff: 0.1, Sum: 330.6]
      [GC Worker End (ms): Min: 12868930.7, Avg: 12868930.7, Max: 12868930.7, Diff: 0.0]
   [Code Root Fixup: 0.4 ms]
   [Code Root Migration: 0.0 ms]
   [Clear CT: 0.7 ms]
   [Other: 5.5 ms]
      [Choose CSet: 0.0 ms]
      [Ref Proc: 1.9 ms]
      [Ref Enq: 0.1 ms]
      [Free CSet: 0.6 ms]
   [Eden: 144.0M(144.0M)->0.0B(190.0M) Survivors: 60.0M->14.0M Heap: 2018.0M(4096.0M)->1878.0M(4096.0M)]
 [Times: user=0.33 sys=0.00, real=0.17 secs] 
2016-08-30T17:10:25.647+0200: 12875.781: [GC pause (mixed), 0.1797170 secs]
   [Parallel Time: 171.3 ms, GC Workers: 2]
      [GC Worker Start (ms): Min: 12875783.1, Avg: 12875783.1, Max: 12875783.1, Diff: 0.0]
      [Ext Root Scanning (ms): Min: 57.4, Avg: 59.2, Max: 61.1, Diff: 3.7, Sum: 118.4]
      [Update RS (ms): Min: 41.9, Avg: 42.4, Max: 43.0, Diff: 1.1, Sum: 84.9]
         [Processed Buffers: Min: 404, Avg: 406.5, Max: 409, Diff: 5, Sum: 813]
      [Scan RS (ms): Min: 21.7, Avg: 22.1, Max: 22.5, Diff: 0.7, Sum: 44.2]
      [Code Root Scanning (ms): Min: 0.1, Avg: 0.1, Max: 0.2, Diff: 0.1, Sum: 0.3]
      [Object Copy (ms): Min: 45.0, Avg: 47.1, Max: 49.2, Diff: 4.2, Sum: 94.3]
      [Termination (ms): Min: 0.0, Avg: 0.0, Max: 0.0, Diff: 0.0, Sum: 0.0]
      [GC Worker Other (ms): Min: 0.2, Avg: 0.2, Max: 0.2, Diff: 0.0, Sum: 0.3]
      [GC Worker Total (ms): Min: 171.2, Avg: 171.2, Max: 171.2, Diff: 0.0, Sum: 342.3]
      [GC Worker End (ms): Min: 12875954.3, Avg: 12875954.3, Max: 12875954.3, Diff: 0.0]
   [Code Root Fixup: 0.5 ms]
   [Code Root Migration: 0.1 ms]
   [Clear CT: 0.9 ms]
   [Other: 7.0 ms]
      [Choose CSet: 0.2 ms]
      [Ref Proc: 2.3 ms]
      [Ref Enq: 0.2 ms]
      [Free CSet: 1.3 ms]
   [Eden: 190.0M(190.0M)->0.0B(178.0M) Survivors: 14.0M->26.0M Heap: 2068.0M(4096.0M)->1682.0M(4096.0M)]
 [Times: user=0.33 sys=0.00, real=0.18 secs] 
2016-08-30T17:10:32.590+0200: 12882.725: [GC pause (mixed), 0.2106010 secs]
   [Parallel Time: 201.9 ms, GC Workers: 2]
      [GC Worker Start (ms): Min: 12882726.7, Avg: 12882728.2, Max: 12882729.7, Diff: 2.9]
      [Ext Root Scanning (ms): Min: 56.5, Avg: 57.0, Max: 57.5, Diff: 1.0, Sum: 114.0]
      [Update RS (ms): Min: 35.2, Avg: 36.1, Max: 37.1, Diff: 1.9, Sum: 72.3]
         [Processed Buffers: Min: 342, Avg: 379.5, Max: 417, Diff: 75, Sum: 759]
      [Scan RS (ms): Min: 42.8, Avg: 43.1, Max: 43.4, Diff: 0.6, Sum: 86.3]
      [Code Root Scanning (ms): Min: 0.1, Avg: 0.3, Max: 0.5, Diff: 0.4, Sum: 0.5]
      [Object Copy (ms): Min: 61.9, Avg: 63.7, Max: 65.6, Diff: 3.6, Sum: 127.5]
      [Termination (ms): Min: 0.0, Avg: 0.0, Max: 0.0, Diff: 0.0, Sum: 0.0]
      [GC Worker Other (ms): Min: 0.0, Avg: 0.0, Max: 0.0, Diff: 0.0, Sum: 0.1]
      [GC Worker Total (ms): Min: 198.9, Avg: 200.3, Max: 201.8, Diff: 2.9, Sum: 400.7]
      [GC Worker End (ms): Min: 12882928.5, Avg: 12882928.5, Max: 12882928.5, Diff: 0.0]
   [Code Root Fixup: 0.6 ms]
   [Code Root Migration: 0.6 ms]
   [Clear CT: 0.6 ms]
   [Other: 6.9 ms]
      [Choose CSet: 0.3 ms]
      [Ref Proc: 1.8 ms]
      [Ref Enq: 0.2 ms]
      [Free CSet: 1.4 ms]
   [Eden: 178.0M(178.0M)->0.0B(186.0M) Survivors: 26.0M->18.0M Heap: 1860.0M(4096.0M)->1534.0M(4096.0M)]
 [Times: user=0.40 sys=0.00, real=0.22 secs] 
2016-08-30T17:10:38.609+0200: 12888.744: [GC pause (mixed), 0.2700220 secs]
   [Parallel Time: 263.5 ms, GC Workers: 2]
      [GC Worker Start (ms): Min: 12888744.9, Avg: 12888744.9, Max: 12888744.9, Diff: 0.0]
      [Ext Root Scanning (ms): Min: 46.3, Avg: 47.6, Max: 48.9, Diff: 2.6, Sum: 95.2]
      [Update RS (ms): Min: 37.3, Avg: 37.8, Max: 38.3, Diff: 1.0, Sum: 75.6]
         [Processed Buffers: Min: 357, Avg: 406.5, Max: 456, Diff: 99, Sum: 813]
      [Scan RS (ms): Min: 64.4, Avg: 65.1, Max: 65.8, Diff: 1.4, Sum: 130.2]
      [Code Root Scanning (ms): Min: 0.0, Avg: 0.1, Max: 0.1, Diff: 0.1, Sum: 0.1]
      [Object Copy (ms): Min: 112.7, Avg: 112.8, Max: 112.9, Diff: 0.2, Sum: 225.6]
      [Termination (ms): Min: 0.0, Avg: 0.1, Max: 0.1, Diff: 0.1, Sum: 0.1]
      [GC Worker Other (ms): Min: 0.0, Avg: 0.1, Max: 0.1, Diff: 0.1, Sum: 0.1]
      [GC Worker Total (ms): Min: 263.4, Avg: 263.5, Max: 263.5, Diff: 0.0, Sum: 526.9]
      [GC Worker End (ms): Min: 12889008.4, Avg: 12889008.4, Max: 12889008.4, Diff: 0.0]
   [Code Root Fixup: 0.2 ms]
   [Code Root Migration: 0.0 ms]
   [Clear CT: 0.9 ms]
   [Other: 5.3 ms]
      [Choose CSet: 0.4 ms]
      [Ref Proc: 1.4 ms]
      [Ref Enq: 0.1 ms]
      [Free CSet: 1.1 ms]
   [Eden: 186.0M(186.0M)->0.0B(186.0M) Survivors: 18.0M->18.0M Heap: 1720.0M(4096.0M)->1408.0M(4096.0M)]
 [Times: user=0.33 sys=0.00, real=0.27 secs] 
2016-08-30T17:10:43.580+0200: 12893.714: [GC pause (mixed), 0.2810590 secs]
   [Parallel Time: 272.8 ms, GC Workers: 2]
      [GC Worker Start (ms): Min: 12893716.6, Avg: 12893719.4, Max: 12893722.2, Diff: 5.7]
      [Ext Root Scanning (ms): Min: 47.0, Avg: 49.1, Max: 51.2, Diff: 4.2, Sum: 98.3]
      [Update RS (ms): Min: 35.5, Avg: 35.7, Max: 35.8, Diff: 0.4, Sum: 71.3]
         [Processed Buffers: Min: 434, Avg: 470.0, Max: 506, Diff: 72, Sum: 940]
      [Scan RS (ms): Min: 99.8, Avg: 100.2, Max: 100.6, Diff: 0.8, Sum: 200.4]
      [Code Root Scanning (ms): Min: 0.1, Avg: 0.2, Max: 0.3, Diff: 0.2, Sum: 0.4]
      [Object Copy (ms): Min: 83.9, Avg: 84.5, Max: 85.1, Diff: 1.3, Sum: 169.0]
      [Termination (ms): Min: 0.0, Avg: 0.0, Max: 0.0, Diff: 0.0, Sum: 0.0]
      [GC Worker Other (ms): Min: 0.1, Avg: 0.1, Max: 0.2, Diff: 0.0, Sum: 0.3]
      [GC Worker Total (ms): Min: 267.0, Avg: 269.9, Max: 272.7, Diff: 5.6, Sum: 539.7]
      [GC Worker End (ms): Min: 12893989.2, Avg: 12893989.2, Max: 12893989.3, Diff: 0.0]
   [Code Root Fixup: 0.4 ms]
   [Code Root Migration: 0.3 ms]
   [Clear CT: 0.6 ms]
   [Other: 7.0 ms]
      [Choose CSet: 0.8 ms]
      [Ref Proc: 1.2 ms]
      [Ref Enq: 0.1 ms]
      [Free CSet: 1.4 ms]
   [Eden: 186.0M(186.0M)->0.0B(180.0M) Survivors: 18.0M->24.0M Heap: 1594.0M(4096.0M)->1307.0M(4096.0M)]
 [Times: user=0.53 sys=0.01, real=0.28 secs] 
2016-08-30T17:10:50.425+0200: 12900.559: [GC pause (mixed), 0.1606370 secs]
   [Parallel Time: 153.1 ms, GC Workers: 2]
      [GC Worker Start (ms): Min: 12900560.9, Avg: 12900561.0, Max: 12900561.0, Diff: 0.1]
      [Ext Root Scanning (ms): Min: 50.8, Avg: 51.4, Max: 52.1, Diff: 1.3, Sum: 102.9]
      [Update RS (ms): Min: 43.2, Avg: 44.4, Max: 45.5, Diff: 2.3, Sum: 88.7]
         [Processed Buffers: Min: 295, Avg: 411.0, Max: 527, Diff: 232, Sum: 822]
      [Scan RS (ms): Min: 14.8, Avg: 14.8, Max: 14.8, Diff: 0.0, Sum: 29.5]
      [Code Root Scanning (ms): Min: 0.1, Avg: 0.1, Max: 0.1, Diff: 0.1, Sum: 0.2]
      [Object Copy (ms): Min: 41.7, Avg: 42.2, Max: 42.6, Diff: 0.9, Sum: 84.4]
      [Termination (ms): Min: 0.0, Avg: 0.0, Max: 0.0, Diff: 0.0, Sum: 0.0]
      [GC Worker Other (ms): Min: 0.1, Avg: 0.1, Max: 0.2, Diff: 0.1, Sum: 0.2]
      [GC Worker Total (ms): Min: 152.9, Avg: 153.0, Max: 153.0, Diff: 0.1, Sum: 305.9]
      [GC Worker End (ms): Min: 12900713.9, Avg: 12900713.9, Max: 12900713.9, Diff: 0.0]
   [Code Root Fixup: 0.4 ms]
   [Code Root Migration: 0.0 ms]
   [Clear CT: 0.8 ms]
   [Other: 6.3 ms]
      [Choose CSet: 0.1 ms]
      [Ref Proc: 2.4 ms]
      [Ref Enq: 0.2 ms]
      [Free CSet: 0.5 ms]
   [Eden: 180.0M(180.0M)->0.0B(188.0M) Survivors: 24.0M->16.0M Heap: 1487.0M(4096.0M)->1319.0M(4096.0M)]
 [Times: user=0.30 sys=0.00, real=0.16 secs] 
2016-08-30T17:10:56.884+0200: 12907.018: [GC pause (young), 0.1457210 secs]
   [Parallel Time: 138.4 ms, GC Workers: 2]
      [GC Worker Start (ms): Min: 12907019.7, Avg: 12907019.7, Max: 12907019.7, Diff: 0.0]
      [Ext Root Scanning (ms): Min: 53.1, Avg: 53.9, Max: 54.7, Diff: 1.5, Sum: 107.8]
      [Update RS (ms): Min: 40.3, Avg: 40.5, Max: 40.7, Diff: 0.4, Sum: 81.1]
         [Processed Buffers: Min: 351, Avg: 399.5, Max: 448, Diff: 97, Sum: 799]
      [Scan RS (ms): Min: 6.7, Avg: 6.9, Max: 7.1, Diff: 0.4, Sum: 13.7]
      [Code Root Scanning (ms): Min: 0.1, Avg: 0.1, Max: 0.1, Diff: 0.0, Sum: 0.1]
      [Object Copy (ms): Min: 36.0, Avg: 36.8, Max: 37.6, Diff: 1.6, Sum: 73.7]
      [Termination (ms): Min: 0.0, Avg: 0.0, Max: 0.0, Diff: 0.0, Sum: 0.0]
      [GC Worker Other (ms): Min: 0.0, Avg: 0.1, Max: 0.1, Diff: 0.1, Sum: 0.2]
      [GC Worker Total (ms): Min: 138.3, Avg: 138.3, Max: 138.3, Diff: 0.0, Sum: 276.5]
      [GC Worker End (ms): Min: 12907158.0, Avg: 12907158.0, Max: 12907158.0, Diff: 0.0]
   [Code Root Fixup: 0.5 ms]
   [Code Root Migration: 0.0 ms]
   [Clear CT: 0.8 ms]
   [Other: 6.0 ms]
      [Choose CSet: 0.0 ms]
      [Ref Proc: 2.3 ms]
      [Ref Enq: 0.2 ms]
      [Free CSet: 0.5 ms]
   [Eden: 188.0M(188.0M)->0.0B(186.0M) Survivors: 16.0M->18.0M Heap: 1507.0M(4096.0M)->1334.0M(4096.0M)]
 [Times: user=0.28 sys=0.00, real=0.15 secs] 
2016-08-30T17:11:04.197+0200: 12914.332: [GC pause (young), 0.1456070 secs]
   [Parallel Time: 138.8 ms, GC Workers: 2]
      [GC Worker Start (ms): Min: 12914333.3, Avg: 12914335.4, Max: 12914337.5, Diff: 4.2]
      [Ext Root Scanning (ms): Min: 49.9, Avg: 51.3, Max: 52.6, Diff: 2.7, Sum: 102.5]
      [Update RS (ms): Min: 41.4, Avg: 41.7, Max: 41.9, Diff: 0.5, Sum: 83.4]
         [Processed Buffers: Min: 373, Avg: 380.5, Max: 388, Diff: 15, Sum: 761]
      [Scan RS (ms): Min: 7.0, Avg: 7.1, Max: 7.3, Diff: 0.3, Sum: 14.3]
      [Code Root Scanning (ms): Min: 0.1, Avg: 0.1, Max: 0.1, Diff: 0.0, Sum: 0.1]
      [Object Copy (ms): Min: 35.7, Avg: 36.4, Max: 37.1, Diff: 1.4, Sum: 72.8]
      [Termination (ms): Min: 0.0, Avg: 0.0, Max: 0.0, Diff: 0.0, Sum: 0.0]
      [GC Worker Other (ms): Min: 0.0, Avg: 0.1, Max: 0.1, Diff: 0.1, Sum: 0.2]
      [GC Worker Total (ms): Min: 134.5, Avg: 136.6, Max: 138.7, Diff: 4.2, Sum: 273.2]
      [GC Worker End (ms): Min: 12914472.0, Avg: 12914472.0, Max: 12914472.0, Diff: 0.0]
   [Code Root Fixup: 0.5 ms]
   [Code Root Migration: 0.0 ms]
   [Clear CT: 0.4 ms]
   [Other: 5.9 ms]
      [Choose CSet: 0.0 ms]
      [Ref Proc: 2.2 ms]
      [Ref Enq: 0.2 ms]
      [Free CSet: 0.5 ms]
   [Eden: 186.0M(186.0M)->0.0B(186.0M) Survivors: 18.0M->18.0M Heap: 1520.0M(4096.0M)->1348.0M(4096.0M)]
 [Times: user=0.28 sys=0.00, real=0.14 secs] 
2016-08-30T17:11:10.376+0200: 12920.511: [GC pause (young), 0.1508800 secs]
   [Parallel Time: 143.9 ms, GC Workers: 2]
      [GC Worker Start (ms): Min: 12920512.4, Avg: 12920512.4, Max: 12920512.4, Diff: 0.0]
      [Ext Root Scanning (ms): Min: 50.5, Avg: 50.7, Max: 50.9, Diff: 0.4, Sum: 101.5]
      [Update RS (ms): Min: 37.4, Avg: 37.9, Max: 38.4, Diff: 1.0, Sum: 75.8]
         [Processed Buffers: Min: 359, Avg: 394.0, Max: 429, Diff: 70, Sum: 788]
      [Scan RS (ms): Min: 7.4, Avg: 7.8, Max: 8.3, Diff: 0.9, Sum: 15.7]
      [Code Root Scanning (ms): Min: 0.0, Avg: 0.1, Max: 0.1, Diff: 0.1, Sum: 0.1]
      [Object Copy (ms): Min: 45.4, Avg: 46.3, Max: 47.3, Diff: 1.9, Sum: 92.7]
      [Termination (ms): Min: 0.0, Avg: 0.8, Max: 1.6, Diff: 1.6, Sum: 1.6]
      [GC Worker Other (ms): Min: 0.1, Avg: 0.1, Max: 0.1, Diff: 0.0, Sum: 0.2]
      [GC Worker Total (ms): Min: 143.8, Avg: 143.8, Max: 143.8, Diff: 0.0, Sum: 287.6]
      [GC Worker End (ms): Min: 12920656.1, Avg: 12920656.2, Max: 12920656.2, Diff: 0.1]
   [Code Root Fixup: 0.4 ms]
   [Code Root Migration: 0.0 ms]
   [Clear CT: 0.4 ms]
   [Other: 6.1 ms]
      [Choose CSet: 0.0 ms]
      [Ref Proc: 2.3 ms]
      [Ref Enq: 0.2 ms]
      [Free CSet: 0.5 ms]
   [Eden: 186.0M(186.0M)->0.0B(184.0M) Survivors: 18.0M->20.0M Heap: 1534.0M(4096.0M)->1366.0M(4096.0M)]
 [Times: user=0.28 sys=0.00, real=0.16 secs] 
2016-08-30T17:11:16.177+0200: 12926.311: [GC pause (young), 0.1456880 secs]
   [Parallel Time: 139.1 ms, GC Workers: 2]
      [GC Worker Start (ms): Min: 12926312.7, Avg: 12926312.7, Max: 12926312.7, Diff: 0.1]
      [Ext Root Scanning (ms): Min: 50.2, Avg: 50.7, Max: 51.2, Diff: 1.0, Sum: 101.3]
      [Update RS (ms): Min: 41.4, Avg: 41.8, Max: 42.2, Diff: 0.8, Sum: 83.7]
         [Processed Buffers: Min: 402, Avg: 451.0, Max: 500, Diff: 98, Sum: 902]
      [Scan RS (ms): Min: 6.2, Avg: 6.6, Max: 7.0, Diff: 0.8, Sum: 13.2]
      [Code Root Scanning (ms): Min: 0.0, Avg: 0.1, Max: 0.1, Diff: 0.1, Sum: 0.1]
      [Object Copy (ms): Min: 39.3, Avg: 39.8, Max: 40.3, Diff: 1.1, Sum: 79.6]
      [Termination (ms): Min: 0.0, Avg: 0.0, Max: 0.0, Diff: 0.0, Sum: 0.0]
      [GC Worker Other (ms): Min: 0.1, Avg: 0.1, Max: 0.1, Diff: 0.1, Sum: 0.2]
      [GC Worker Total (ms): Min: 139.0, Avg: 139.0, Max: 139.1, Diff: 0.1, Sum: 278.1]
      [GC Worker End (ms): Min: 12926451.8, Avg: 12926451.8, Max: 12926451.8, Diff: 0.0]
   [Code Root Fixup: 0.5 ms]
   [Code Root Migration: 0.0 ms]
   [Clear CT: 0.4 ms]
   [Other: 5.6 ms]
      [Choose CSet: 0.0 ms]
      [Ref Proc: 1.8 ms]
      [Ref Enq: 0.2 ms]
      [Free CSet: 0.5 ms]
   [Eden: 184.0M(184.0M)->0.0B(178.0M) Survivors: 20.0M->26.0M Heap: 1550.0M(4096.0M)->1389.0M(4096.0M)]
 [Times: user=0.28 sys=0.01, real=0.15 secs] 
2016-08-30T17:11:22.577+0200: 12932.712: [GC pause (young), 0.1433020 secs]
   [Parallel Time: 136.7 ms, GC Workers: 2]
      [GC Worker Start (ms): Min: 12932713.0, Avg: 12932713.1, Max: 12932713.1, Diff: 0.0]
      [Ext Root Scanning (ms): Min: 51.0, Avg: 51.0, Max: 51.1, Diff: 0.1, Sum: 102.1]
      [Update RS (ms): Min: 39.2, Avg: 39.5, Max: 39.8, Diff: 0.6, Sum: 79.0]
         [Processed Buffers: Min: 372, Avg: 383.0, Max: 394, Diff: 22, Sum: 766]
      [Scan RS (ms): Min: 7.3, Avg: 7.7, Max: 8.0, Diff: 0.7, Sum: 15.3]
      [Code Root Scanning (ms): Min: 0.1, Avg: 0.1, Max: 0.1, Diff: 0.0, Sum: 0.1]
      [Object Copy (ms): Min: 38.1, Avg: 38.2, Max: 38.3, Diff: 0.2, Sum: 76.5]
      [Termination (ms): Min: 0.0, Avg: 0.0, Max: 0.0, Diff: 0.0, Sum: 0.0]
      [GC Worker Other (ms): Min: 0.1, Avg: 0.1, Max: 0.2, Diff: 0.0, Sum: 0.3]
      [GC Worker Total (ms): Min: 136.6, Avg: 136.6, Max: 136.6, Diff: 0.0, Sum: 273.2]
      [GC Worker End (ms): Min: 12932849.7, Avg: 12932849.7, Max: 12932849.7, Diff: 0.0]
   [Code Root Fixup: 0.4 ms]
   [Code Root Migration: 0.0 ms]
   [Clear CT: 0.5 ms]
   [Other: 5.7 ms]
      [Choose CSet: 0.0 ms]
      [Ref Proc: 2.1 ms]
      [Ref Enq: 0.2 ms]
      [Free CSet: 0.5 ms]
   [Eden: 178.0M(178.0M)->0.0B(368.0M) Survivors: 26.0M->16.0M Heap: 1567.0M(4096.0M)->1402.0M(4096.0M)]
 [Times: user=0.28 sys=0.00, real=0.15 secs] 
2016-08-30T17:11:37.241+0200: 12947.375: [GC pause (young), 0.2211540 secs]
   [Parallel Time: 214.4 ms, GC Workers: 2]
      [GC Worker Start (ms): Min: 12947376.7, Avg: 12947376.7, Max: 12947376.7, Diff: 0.0]
      [Ext Root Scanning (ms): Min: 62.4, Avg: 77.8, Max: 93.2, Diff: 30.8, Sum: 155.6]
      [Update RS (ms): Min: 62.4, Avg: 75.8, Max: 89.3, Diff: 26.9, Sum: 151.7]
         [Processed Buffers: Min: 432, Avg: 463.0, Max: 494, Diff: 62, Sum: 926]
      [Scan RS (ms): Min: 5.5, Avg: 9.0, Max: 12.5, Diff: 7.0, Sum: 18.0]
      [Code Root Scanning (ms): Min: 0.0, Avg: 0.1, Max: 0.1, Diff: 0.1, Sum: 0.1]
      [Object Copy (ms): Min: 49.9, Avg: 51.5, Max: 53.0, Diff: 3.1, Sum: 102.9]
      [Termination (ms): Min: 0.0, Avg: 0.1, Max: 0.1, Diff: 0.1, Sum: 0.1]
      [GC Worker Other (ms): Min: 0.1, Avg: 0.1, Max: 0.1, Diff: 0.0, Sum: 0.2]
      [GC Worker Total (ms): Min: 214.3, Avg: 214.3, Max: 214.3, Diff: 0.0, Sum: 428.6]
      [GC Worker End (ms): Min: 12947591.0, Avg: 12947591.0, Max: 12947591.1, Diff: 0.0]
   [Code Root Fixup: 0.3 ms]
   [Code Root Migration: 0.0 ms]
   [Clear CT: 0.6 ms]
   [Other: 5.9 ms]
      [Choose CSet: 0.0 ms]
      [Ref Proc: 2.6 ms]
      [Ref Enq: 0.2 ms]
      [Free CSet: 0.6 ms]
   [Eden: 368.0M(368.0M)->0.0B(158.0M) Survivors: 16.0M->46.0M Heap: 1770.0M(4096.0M)->1431.0M(4096.0M)]
 [Times: user=0.19 sys=0.00, real=0.22 secs] 
2016-08-30T17:11:41.832+0200: 12951.967: [GC pause (young), 0.1559470 secs]
   [Parallel Time: 150.8 ms, GC Workers: 2]
      [GC Worker Start (ms): Min: 12951968.0, Avg: 12951968.8, Max: 12951969.6, Diff: 1.6]
      [Ext Root Scanning (ms): Min: 51.9, Avg: 52.0, Max: 52.0, Diff: 0.1, Sum: 103.9]
      [Update RS (ms): Min: 34.3, Avg: 34.4, Max: 34.5, Diff: 0.1, Sum: 68.8]
         [Processed Buffers: Min: 339, Avg: 349.0, Max: 359, Diff: 20, Sum: 698]
      [Scan RS (ms): Min: 12.2, Avg: 12.3, Max: 12.4, Diff: 0.2, Sum: 24.5]
      [Code Root Scanning (ms): Min: 0.1, Avg: 0.1, Max: 0.1, Diff: 0.0, Sum: 0.1]
      [Object Copy (ms): Min: 50.4, Avg: 51.1, Max: 51.9, Diff: 1.6, Sum: 102.3]
      [Termination (ms): Min: 0.0, Avg: 0.0, Max: 0.0, Diff: 0.0, Sum: 0.0]
      [GC Worker Other (ms): Min: 0.1, Avg: 0.1, Max: 0.2, Diff: 0.1, Sum: 0.2]
      [GC Worker Total (ms): Min: 149.2, Avg: 149.9, Max: 150.7, Diff: 1.6, Sum: 299.9]
      [GC Worker End (ms): Min: 12952118.7, Avg: 12952118.7, Max: 12952118.7, Diff: 0.0]
   [Code Root Fixup: 0.3 ms]
   [Code Root Migration: 0.0 ms]
   [Clear CT: 0.4 ms]
   [Other: 4.4 ms]
      [Choose CSet: 0.0 ms]
      [Ref Proc: 1.1 ms]
      [Ref Enq: 0.1 ms]
      [Free CSet: 0.4 ms]
   [Eden: 158.0M(158.0M)->0.0B(246.0M) Survivors: 46.0M->22.0M Heap: 1589.0M(4096.0M)->1444.0M(4096.0M)]
 [Times: user=0.31 sys=0.01, real=0.15 secs] 
2016-08-30T17:11:50.173+0200: 12960.307: [GC pause (young), 0.1570910 secs]
   [Parallel Time: 148.5 ms, GC Workers: 2]
      [GC Worker Start (ms): Min: 12960309.2, Avg: 12960309.2, Max: 12960309.2, Diff: 0.0]
      [Ext Root Scanning (ms): Min: 50.1, Avg: 50.2, Max: 50.4, Diff: 0.3, Sum: 100.5]
      [Update RS (ms): Min: 48.1, Avg: 48.4, Max: 48.7, Diff: 0.6, Sum: 96.9]
         [Processed Buffers: Min: 390, Avg: 448.0, Max: 506, Diff: 116, Sum: 896]
      [Scan RS (ms): Min: 6.4, Avg: 6.6, Max: 6.9, Diff: 0.5, Sum: 13.3]
      [Code Root Scanning (ms): Min: 0.0, Avg: 0.1, Max: 0.1, Diff: 0.1, Sum: 0.2]
      [Object Copy (ms): Min: 42.7, Avg: 42.9, Max: 43.1, Diff: 0.4, Sum: 85.8]
      [Termination (ms): Min: 0.0, Avg: 0.0, Max: 0.0, Diff: 0.0, Sum: 0.0]
      [GC Worker Other (ms): Min: 0.1, Avg: 0.2, Max: 0.2, Diff: 0.0, Sum: 0.3]
      [GC Worker Total (ms): Min: 148.4, Avg: 148.4, Max: 148.4, Diff: 0.0, Sum: 296.9]
      [GC Worker End (ms): Min: 12960457.6, Avg: 12960457.6, Max: 12960457.6, Diff: 0.0]
   [Code Root Fixup: 0.4 ms]
   [Code Root Migration: 0.1 ms]
   [Clear CT: 0.9 ms]
   [Other: 7.2 ms]
      [Choose CSet: 0.0 ms]
      [Ref Proc: 3.2 ms]
      [Ref Enq: 0.2 ms]
      [Free CSet: 0.7 ms]
   [Eden: 246.0M(246.0M)->0.0B(306.0M) Survivors: 22.0M->26.0M Heap: 1690.0M(4096.0M)->1466.0M(4096.0M)]
 [Times: user=0.31 sys=0.00, real=0.15 secs] 
2016-08-30T17:12:01.178+0200: 12971.313: [GC pause (young), 0.1767690 secs]
   [Parallel Time: 168.1 ms, GC Workers: 2]
      [GC Worker Start (ms): Min: 12971315.0, Avg: 12971315.6, Max: 12971316.2, Diff: 1.1]
      [Ext Root Scanning (ms): Min: 51.6, Avg: 51.7, Max: 51.9, Diff: 0.2, Sum: 103.5]
      [Update RS (ms): Min: 56.0, Avg: 56.1, Max: 56.1, Diff: 0.1, Sum: 112.1]
         [Processed Buffers: Min: 405, Avg: 447.5, Max: 490, Diff: 85, Sum: 895]
      [Scan RS (ms): Min: 8.6, Avg: 8.9, Max: 9.3, Diff: 0.7, Sum: 17.9]
      [Code Root Scanning (ms): Min: 0.1, Avg: 0.1, Max: 0.2, Diff: 0.1, Sum: 0.2]
      [Object Copy (ms): Min: 50.4, Avg: 50.4, Max: 50.5, Diff: 0.1, Sum: 100.8]
      [Termination (ms): Min: 0.0, Avg: 0.0, Max: 0.0, Diff: 0.0, Sum: 0.0]
      [GC Worker Other (ms): Min: 0.1, Avg: 0.2, Max: 0.2, Diff: 0.0, Sum: 0.3]
      [GC Worker Total (ms): Min: 166.9, Avg: 167.4, Max: 168.0, Diff: 1.1, Sum: 334.9]
      [GC Worker End (ms): Min: 12971483.0, Avg: 12971483.0, Max: 12971483.0, Diff: 0.0]
   [Code Root Fixup: 0.4 ms]
   [Code Root Migration: 0.0 ms]
   [Clear CT: 0.8 ms]
   [Other: 7.5 ms]
      [Choose CSet: 0.0 ms]
      [Ref Proc: 3.5 ms]
      [Ref Enq: 0.1 ms]
      [Free CSet: 0.5 ms]
   [Eden: 306.0M(306.0M)->0.0B(302.0M) Survivors: 26.0M->32.0M Heap: 1772.0M(4096.0M)->1491.0M(4096.0M)]
 [Times: user=0.34 sys=0.01, real=0.18 secs] 
2016-08-30T17:12:11.853+0200: 12981.987: [GC pause (young), 0.1684820 secs]
   [Parallel Time: 161.7 ms, GC Workers: 2]
      [GC Worker Start (ms): Min: 12981989.4, Avg: 12981989.7, Max: 12981990.0, Diff: 0.6]
      [Ext Root Scanning (ms): Min: 50.2, Avg: 50.5, Max: 50.7, Diff: 0.6, Sum: 100.9]
      [Update RS (ms): Min: 53.4, Avg: 53.5, Max: 53.7, Diff: 0.3, Sum: 107.1]
         [Processed Buffers: Min: 442, Avg: 486.0, Max: 530, Diff: 88, Sum: 972]
      [Scan RS (ms): Min: 9.9, Avg: 10.0, Max: 10.1, Diff: 0.3, Sum: 20.0]
      [Code Root Scanning (ms): Min: 0.1, Avg: 0.1, Max: 0.1, Diff: 0.1, Sum: 0.2]
      [Object Copy (ms): Min: 47.1, Avg: 47.1, Max: 47.1, Diff: 0.0, Sum: 94.3]
      [Termination (ms): Min: 0.0, Avg: 0.0, Max: 0.0, Diff: 0.0, Sum: 0.0]
      [GC Worker Other (ms): Min: 0.1, Avg: 0.1, Max: 0.2, Diff: 0.1, Sum: 0.2]
      [GC Worker Total (ms): Min: 161.0, Avg: 161.3, Max: 161.6, Diff: 0.6, Sum: 322.7]
      [GC Worker End (ms): Min: 12982151.0, Avg: 12982151.0, Max: 12982151.0, Diff: 0.0]
   [Code Root Fixup: 0.3 ms]
   [Code Root Migration: 0.0 ms]
   [Clear CT: 0.5 ms]
   [Other: 6.0 ms]
      [Choose CSet: 0.0 ms]
      [Ref Proc: 2.3 ms]
      [Ref Enq: 0.2 ms]
      [Free CSet: 0.5 ms]
   [Eden: 302.0M(302.0M)->0.0B(362.0M) Survivors: 32.0M->32.0M Heap: 1793.0M(4096.0M)->1514.0M(4096.0M)]
 [Times: user=0.33 sys=0.00, real=0.17 secs] 
2016-08-30T17:12:24.684+0200: 12994.819: [GC pause (young), 0.1881100 secs]
   [Parallel Time: 180.1 ms, GC Workers: 2]
      [GC Worker Start (ms): Min: 12994820.6, Avg: 12994820.7, Max: 12994820.7, Diff: 0.0]
      [Ext Root Scanning (ms): Min: 51.2, Avg: 54.3, Max: 57.4, Diff: 6.2, Sum: 108.6]
      [Update RS (ms): Min: 54.3, Avg: 57.8, Max: 61.3, Diff: 7.0, Sum: 115.6]
         [Processed Buffers: Min: 475, Avg: 479.0, Max: 483, Diff: 8, Sum: 958]
      [Scan RS (ms): Min: 11.5, Avg: 11.9, Max: 12.3, Diff: 0.9, Sum: 23.8]
      [Code Root Scanning (ms): Min: 0.1, Avg: 0.1, Max: 0.2, Diff: 0.1, Sum: 0.3]
      [Object Copy (ms): Min: 54.9, Avg: 55.8, Max: 56.6, Diff: 1.7, Sum: 111.6]
      [Termination (ms): Min: 0.0, Avg: 0.0, Max: 0.0, Diff: 0.0, Sum: 0.0]
      [GC Worker Other (ms): Min: 0.1, Avg: 0.1, Max: 0.1, Diff: 0.0, Sum: 0.3]
      [GC Worker Total (ms): Min: 180.0, Avg: 180.0, Max: 180.1, Diff: 0.0, Sum: 360.1]
      [GC Worker End (ms): Min: 12995000.7, Avg: 12995000.7, Max: 12995000.7, Diff: 0.0]
   [Code Root Fixup: 0.2 ms]
   [Code Root Migration: 0.1 ms]
   [Clear CT: 0.5 ms]
   [Other: 7.2 ms]
      [Choose CSet: 0.0 ms]
      [Ref Proc: 3.1 ms]
      [Ref Enq: 0.2 ms]
      [Free CSet: 0.8 ms]
   [Eden: 362.0M(362.0M)->0.0B(344.0M) Survivors: 32.0M->32.0M Heap: 1876.0M(4096.0M)->1537.0M(4096.0M)]
 [Times: user=0.37 sys=0.01, real=0.19 secs] 
2016-08-30T17:12:38.668+0200: 13008.803: [GC pause (young), 0.1872080 secs]
   [Parallel Time: 177.7 ms, GC Workers: 2]
      [GC Worker Start (ms): Min: 13008804.2, Avg: 13008804.8, Max: 13008805.5, Diff: 1.3]
      [Ext Root Scanning (ms): Min: 49.8, Avg: 50.5, Max: 51.2, Diff: 1.4, Sum: 101.0]
      [Update RS (ms): Min: 52.1, Avg: 52.5, Max: 52.9, Diff: 0.8, Sum: 105.0]
         [Processed Buffers: Min: 353, Avg: 430.0, Max: 507, Diff: 154, Sum: 860]
      [Scan RS (ms): Min: 11.8, Avg: 12.3, Max: 12.8, Diff: 0.9, Sum: 24.6]
      [Code Root Scanning (ms): Min: 0.1, Avg: 0.1, Max: 0.1, Diff: 0.0, Sum: 0.3]
      [Object Copy (ms): Min: 61.4, Avg: 61.4, Max: 61.4, Diff: 0.0, Sum: 122.9]
      [Termination (ms): Min: 0.0, Avg: 0.0, Max: 0.0, Diff: 0.0, Sum: 0.0]
      [GC Worker Other (ms): Min: 0.1, Avg: 0.2, Max: 0.2, Diff: 0.1, Sum: 0.3]
      [GC Worker Total (ms): Min: 176.4, Avg: 177.0, Max: 177.7, Diff: 1.3, Sum: 354.0]
      [GC Worker End (ms): Min: 13008981.8, Avg: 13008981.8, Max: 13008981.8, Diff: 0.0]
   [Code Root Fixup: 0.5 ms]
   [Code Root Migration: 0.1 ms]
   [Clear CT: 0.9 ms]
   [Other: 8.0 ms]
      [Choose CSet: 0.0 ms]
      [Ref Proc: 4.1 ms]
      [Ref Enq: 0.2 ms]
      [Free CSet: 0.8 ms]
   [Eden: 344.0M(344.0M)->0.0B(332.0M) Survivors: 32.0M->36.0M Heap: 1881.0M(4096.0M)->1565.0M(4096.0M)]
 [Times: user=0.36 sys=0.00, real=0.19 secs] 
2016-08-30T17:12:50.571+0200: 13020.705: [GC pause (young), 0.1779500 secs]
   [Parallel Time: 170.6 ms, GC Workers: 2]
      [GC Worker Start (ms): Min: 13020707.1, Avg: 13020707.1, Max: 13020707.1, Diff: 0.0]
      [Ext Root Scanning (ms): Min: 50.0, Avg: 50.5, Max: 51.0, Diff: 0.9, Sum: 101.0]
      [Update RS (ms): Min: 53.1, Avg: 53.4, Max: 53.7, Diff: 0.5, Sum: 106.8]
         [Processed Buffers: Min: 429, Avg: 471.0, Max: 513, Diff: 84, Sum: 942]
      [Scan RS (ms): Min: 10.6, Avg: 11.0, Max: 11.3, Diff: 0.6, Sum: 21.9]
      [Code Root Scanning (ms): Min: 0.1, Avg: 0.1, Max: 0.1, Diff: 0.0, Sum: 0.2]
      [Object Copy (ms): Min: 54.9, Avg: 55.5, Max: 56.0, Diff: 1.0, Sum: 110.9]
      [Termination (ms): Min: 0.0, Avg: 0.0, Max: 0.0, Diff: 0.0, Sum: 0.0]
      [GC Worker Other (ms): Min: 0.2, Avg: 0.2, Max: 0.2, Diff: 0.0, Sum: 0.3]
      [GC Worker Total (ms): Min: 170.6, Avg: 170.6, Max: 170.6, Diff: 0.0, Sum: 341.2]
      [GC Worker End (ms): Min: 13020877.6, Avg: 13020877.6, Max: 13020877.6, Diff: 0.0]
   [Code Root Fixup: 0.3 ms]
   [Code Root Migration: 0.1 ms]
   [Clear CT: 0.5 ms]
   [Other: 6.5 ms]
      [Choose CSet: 0.0 ms]
      [Ref Proc: 2.6 ms]
      [Ref Enq: 0.2 ms]
      [Free CSet: 0.7 ms]
   [Eden: 332.0M(332.0M)->0.0B(336.0M) Survivors: 36.0M->38.0M Heap: 1897.0M(4096.0M)->1594.0M(4096.0M)]
 [Times: user=0.34 sys=0.00, real=0.18 secs] 
2016-08-30T17:13:02.353+0200: 13032.487: [GC pause (young), 0.1744780 secs]
   [Parallel Time: 167.4 ms, GC Workers: 2]
      [GC Worker Start (ms): Min: 13032488.7, Avg: 13032488.8, Max: 13032488.8, Diff: 0.0]
      [Ext Root Scanning (ms): Min: 48.9, Avg: 49.4, Max: 49.9, Diff: 1.1, Sum: 98.8]
      [Update RS (ms): Min: 53.1, Avg: 53.6, Max: 54.0, Diff: 0.9, Sum: 107.2]
         [Processed Buffers: Min: 421, Avg: 428.0, Max: 435, Diff: 14, Sum: 856]
      [Scan RS (ms): Min: 10.7, Avg: 11.2, Max: 11.7, Diff: 1.0, Sum: 22.4]
      [Code Root Scanning (ms): Min: 0.1, Avg: 0.1, Max: 0.1, Diff: 0.0, Sum: 0.2]
      [Object Copy (ms): Min: 52.3, Avg: 52.9, Max: 53.4, Diff: 1.2, Sum: 105.7]
      [Termination (ms): Min: 0.0, Avg: 0.0, Max: 0.0, Diff: 0.0, Sum: 0.0]
      [GC Worker Other (ms): Min: 0.2, Avg: 0.2, Max: 0.2, Diff: 0.0, Sum: 0.3]
      [GC Worker Total (ms): Min: 167.3, Avg: 167.3, Max: 167.3, Diff: 0.0, Sum: 334.6]
      [GC Worker End (ms): Min: 13032656.1, Avg: 13032656.1, Max: 13032656.1, Diff: 0.0]
   [Code Root Fixup: 0.3 ms]
   [Code Root Migration: 0.0 ms]
   [Clear CT: 0.5 ms]
   [Other: 6.3 ms]
      [Choose CSet: 0.0 ms]
      [Ref Proc: 2.7 ms]
      [Ref Enq: 0.2 ms]
      [Free CSet: 0.7 ms]
   [Eden: 336.0M(336.0M)->0.0B(392.0M) Survivors: 38.0M->36.0M Heap: 1930.0M(4096.0M)->1621.0M(4096.0M)]
 [Times: user=0.33 sys=0.01, real=0.18 secs] 
2016-08-30T17:13:16.052+0200: 13046.187: [GC pause (young), 0.1932630 secs]
   [Parallel Time: 184.7 ms, GC Workers: 2]
      [GC Worker Start (ms): Min: 13046188.4, Avg: 13046191.3, Max: 13046194.2, Diff: 5.8]
      [Ext Root Scanning (ms): Min: 49.0, Avg: 51.8, Max: 54.6, Diff: 5.6, Sum: 103.6]
      [Update RS (ms): Min: 57.9, Avg: 58.2, Max: 58.6, Diff: 0.7, Sum: 116.4]
         [Processed Buffers: Min: 478, Avg: 489.0, Max: 500, Diff: 22, Sum: 978]
      [Scan RS (ms): Min: 10.4, Avg: 10.9, Max: 11.4, Diff: 1.0, Sum: 21.7]
      [Code Root Scanning (ms): Min: 0.1, Avg: 0.1, Max: 0.2, Diff: 0.0, Sum: 0.3]
      [Object Copy (ms): Min: 60.3, Avg: 60.5, Max: 60.7, Diff: 0.4, Sum: 121.1]
      [Termination (ms): Min: 0.0, Avg: 0.0, Max: 0.0, Diff: 0.0, Sum: 0.0]
      [GC Worker Other (ms): Min: 0.1, Avg: 0.2, Max: 0.2, Diff: 0.0, Sum: 0.3]
      [GC Worker Total (ms): Min: 178.8, Avg: 181.7, Max: 184.6, Diff: 5.8, Sum: 363.4]
      [GC Worker End (ms): Min: 13046373.0, Avg: 13046373.0, Max: 13046373.0, Diff: 0.0]
   [Code Root Fixup: 0.3 ms]
   [Code Root Migration: 0.1 ms]
   [Clear CT: 0.5 ms]
   [Other: 7.7 ms]
      [Choose CSet: 0.0 ms]
      [Ref Proc: 3.5 ms]
      [Ref Enq: 0.2 ms]
      [Free CSet: 0.8 ms]
   [Eden: 392.0M(392.0M)->0.0B(352.0M) Survivors: 36.0M->42.0M Heap: 2013.0M(4096.0M)->1653.0M(4096.0M)]
 [Times: user=0.37 sys=0.00, real=0.20 secs] 
2016-08-30T17:13:28.391+0200: 13058.525: [GC pause (young), 0.1250120 secs]
   [Parallel Time: 117.9 ms, GC Workers: 2]
      [GC Worker Start (ms): Min: 13058526.4, Avg: 13058526.4, Max: 13058526.4, Diff: 0.0]
      [Ext Root Scanning (ms): Min: 39.4, Avg: 41.3, Max: 43.3, Diff: 3.9, Sum: 82.7]
      [Update RS (ms): Min: 28.2, Avg: 29.8, Max: 31.3, Diff: 3.1, Sum: 59.5]
         [Processed Buffers: Min: 420, Avg: 451.5, Max: 483, Diff: 63, Sum: 903]
      [Scan RS (ms): Min: 7.1, Avg: 7.2, Max: 7.4, Diff: 0.3, Sum: 14.4]
      [Code Root Scanning (ms): Min: 0.1, Avg: 0.1, Max: 0.1, Diff: 0.0, Sum: 0.1]
      [Object Copy (ms): Min: 36.1, Avg: 39.4, Max: 42.7, Diff: 6.6, Sum: 78.8]
      [Termination (ms): Min: 0.0, Avg: 0.0, Max: 0.0, Diff: 0.0, Sum: 0.0]
      [GC Worker Other (ms): Min: 0.1, Avg: 0.1, Max: 0.1, Diff: 0.0, Sum: 0.2]
      [GC Worker Total (ms): Min: 117.9, Avg: 117.9, Max: 117.9, Diff: 0.0, Sum: 235.8]
      [GC Worker End (ms): Min: 13058644.3, Avg: 13058644.3, Max: 13058644.3, Diff: 0.0]
   [Code Root Fixup: 0.3 ms]
   [Code Root Migration: 0.0 ms]
   [Clear CT: 0.4 ms]
   [Other: 6.3 ms]
      [Choose CSet: 0.0 ms]
      [Ref Proc: 3.5 ms]
      [Ref Enq: 0.2 ms]
      [Free CSet: 0.6 ms]
   [Eden: 352.0M(352.0M)->0.0B(656.0M) Survivors: 42.0M->30.0M Heap: 2005.0M(4096.0M)->1667.0M(4096.0M)]
 [Times: user=0.20 sys=0.00, real=0.12 secs] 
2016-08-30T17:13:46.744+0200: 13076.879: [GC pause (young), 0.3716050 secs]
   [Parallel Time: 357.3 ms, GC Workers: 2]
      [GC Worker Start (ms): Min: 13076886.2, Avg: 13076886.2, Max: 13076886.2, Diff: 0.0]
      [Ext Root Scanning (ms): Min: 86.0, Avg: 102.7, Max: 119.4, Diff: 33.4, Sum: 205.3]
      [Update RS (ms): Min: 131.9, Avg: 150.9, Max: 169.9, Diff: 38.0, Sum: 301.8]
         [Processed Buffers: Min: 378, Avg: 504.0, Max: 630, Diff: 252, Sum: 1008]
      [Scan RS (ms): Min: 15.8, Avg: 18.9, Max: 22.0, Diff: 6.2, Sum: 37.9]
      [Code Root Scanning (ms): Min: 0.0, Avg: 0.1, Max: 0.2, Diff: 0.1, Sum: 0.2]
      [Object Copy (ms): Min: 78.1, Avg: 78.6, Max: 79.1, Diff: 1.0, Sum: 157.1]
      [Termination (ms): Min: 0.0, Avg: 3.1, Max: 6.2, Diff: 6.2, Sum: 6.2]
      [GC Worker Other (ms): Min: 0.2, Avg: 0.2, Max: 0.3, Diff: 0.1, Sum: 0.5]
      [GC Worker Total (ms): Min: 351.8, Avg: 354.5, Max: 357.2, Diff: 5.3, Sum: 709.0]
      [GC Worker End (ms): Min: 13077238.0, Avg: 13077240.7, Max: 13077243.4, Diff: 5.4]
   [Code Root Fixup: 0.2 ms]
   [Code Root Migration: 0.1 ms]
   [Clear CT: 0.4 ms]
   [Other: 13.7 ms]
      [Choose CSet: 0.0 ms]
      [Ref Proc: 4.0 ms]
      [Ref Enq: 0.3 ms]
      [Free CSet: 0.8 ms]
   [Eden: 518.0M(478.0M)->0.0B(140.0M) Survivors: 30.0M->64.0M Heap: 2185.0M(4096.0M)->1705.0M(4096.0M)]
 [Times: user=0.34 sys=0.00, real=0.37 secs] 
2016-08-30T17:13:51.439+0200: 13081.574: [GC pause (young), 0.1761770 secs]
   [Parallel Time: 170.7 ms, GC Workers: 2]
      [GC Worker Start (ms): Min: 13081575.0, Avg: 13081575.0, Max: 13081575.0, Diff: 0.0]
      [Ext Root Scanning (ms): Min: 50.4, Avg: 50.4, Max: 50.5, Diff: 0.0, Sum: 100.9]
      [Update RS (ms): Min: 39.8, Avg: 40.0, Max: 40.1, Diff: 0.3, Sum: 79.9]
         [Processed Buffers: Min: 228, Avg: 313.0, Max: 398, Diff: 170, Sum: 626]
      [Scan RS (ms): Min: 16.1, Avg: 16.6, Max: 17.1, Diff: 1.0, Sum: 33.3]
      [Code Root Scanning (ms): Min: 0.0, Avg: 0.1, Max: 0.1, Diff: 0.0, Sum: 0.1]
      [Object Copy (ms): Min: 63.0, Avg: 63.3, Max: 63.6, Diff: 0.6, Sum: 126.6]
      [Termination (ms): Min: 0.0, Avg: 0.0, Max: 0.0, Diff: 0.0, Sum: 0.0]
      [GC Worker Other (ms): Min: 0.1, Avg: 0.1, Max: 0.1, Diff: 0.0, Sum: 0.2]
      [GC Worker Total (ms): Min: 170.5, Avg: 170.5, Max: 170.5, Diff: 0.0, Sum: 341.0]
      [GC Worker End (ms): Min: 13081745.5, Avg: 13081745.5, Max: 13081745.5, Diff: 0.0]
   [Code Root Fixup: 0.3 ms]
   [Code Root Migration: 0.0 ms]
   [Clear CT: 0.5 ms]
   [Other: 4.7 ms]
      [Choose CSet: 0.0 ms]
      [Ref Proc: 1.4 ms]
      [Ref Enq: 0.1 ms]
      [Free CSet: 0.5 ms]
   [Eden: 140.0M(140.0M)->0.0B(190.0M) Survivors: 64.0M->14.0M Heap: 1845.0M(4096.0M)->1715.0M(4096.0M)]
 [Times: user=0.33 sys=0.00, real=0.18 secs] 
2016-08-30T17:13:57.580+0200: 13087.714: [GC pause (young), 0.1400430 secs]
   [Parallel Time: 133.1 ms, GC Workers: 2]
      [GC Worker Start (ms): Min: 13087715.9, Avg: 13087715.9, Max: 13087715.9, Diff: 0.0]
      [Ext Root Scanning (ms): Min: 50.3, Avg: 50.5, Max: 50.8, Diff: 0.5, Sum: 101.1]
      [Update RS (ms): Min: 41.1, Avg: 41.2, Max: 41.2, Diff: 0.1, Sum: 82.3]
         [Processed Buffers: Min: 331, Avg: 401.0, Max: 471, Diff: 140, Sum: 802]
      [Scan RS (ms): Min: 6.4, Avg: 6.5, Max: 6.5, Diff: 0.1, Sum: 13.0]
      [Code Root Scanning (ms): Min: 0.0, Avg: 0.1, Max: 0.1, Diff: 0.1, Sum: 0.1]
      [Object Copy (ms): Min: 34.3, Avg: 34.7, Max: 35.0, Diff: 0.7, Sum: 69.4]
      [Termination (ms): Min: 0.0, Avg: 0.0, Max: 0.0, Diff: 0.0, Sum: 0.0]
      [GC Worker Other (ms): Min: 0.0, Avg: 0.0, Max: 0.0, Diff: 0.0, Sum: 0.1]
      [GC Worker Total (ms): Min: 133.0, Avg: 133.0, Max: 133.0, Diff: 0.0, Sum: 266.0]
      [GC Worker End (ms): Min: 13087848.9, Avg: 13087848.9, Max: 13087848.9, Diff: 0.0]
   [Code Root Fixup: 0.5 ms]
   [Code Root Migration: 0.0 ms]
   [Clear CT: 0.6 ms]
   [Other: 5.8 ms]
      [Choose CSet: 0.0 ms]
      [Ref Proc: 2.3 ms]
      [Ref Enq: 0.2 ms]
      [Free CSet: 0.5 ms]
   [Eden: 190.0M(190.0M)->0.0B(178.0M) Survivors: 14.0M->26.0M Heap: 1905.0M(4096.0M)->1732.0M(4096.0M)]
 [Times: user=0.28 sys=0.00, real=0.14 secs] 
2016-08-30T17:14:03.756+0200: 13093.890: [GC pause (young), 0.1523520 secs]
   [Parallel Time: 145.5 ms, GC Workers: 2]
      [GC Worker Start (ms): Min: 13093891.6, Avg: 13093891.6, Max: 13093891.6, Diff: 0.0]
      [Ext Root Scanning (ms): Min: 49.8, Avg: 52.0, Max: 54.1, Diff: 4.4, Sum: 103.9]
      [Update RS (ms): Min: 37.1, Avg: 38.7, Max: 40.2, Diff: 3.2, Sum: 77.3]
         [Processed Buffers: Min: 389, Avg: 396.5, Max: 404, Diff: 15, Sum: 793]
      [Scan RS (ms): Min: 9.6, Avg: 9.8, Max: 10.1, Diff: 0.5, Sum: 19.6]
      [Code Root Scanning (ms): Min: 0.0, Avg: 0.1, Max: 0.1, Diff: 0.1, Sum: 0.1]
      [Object Copy (ms): Min: 44.5, Avg: 44.8, Max: 45.2, Diff: 0.8, Sum: 89.7]
      [Termination (ms): Min: 0.0, Avg: 0.0, Max: 0.0, Diff: 0.0, Sum: 0.0]
      [GC Worker Other (ms): Min: 0.1, Avg: 0.1, Max: 0.1, Diff: 0.1, Sum: 0.2]
      [GC Worker Total (ms): Min: 145.4, Avg: 145.5, Max: 145.5, Diff: 0.0, Sum: 290.9]
      [GC Worker End (ms): Min: 13094037.1, Avg: 13094037.1, Max: 13094037.1, Diff: 0.0]
   [Code Root Fixup: 0.5 ms]
   [Code Root Migration: 0.0 ms]
   [Clear CT: 0.5 ms]
   [Other: 5.8 ms]
      [Choose CSet: 0.0 ms]
      [Ref Proc: 2.0 ms]
      [Ref Enq: 0.2 ms]
      [Free CSet: 0.5 ms]
   [Eden: 178.0M(178.0M)->0.0B(272.0M) Survivors: 26.0M->20.0M Heap: 1910.0M(4096.0M)->1750.0M(4096.0M)]
 [Times: user=0.29 sys=0.00, real=0.15 secs] 
2016-08-30T17:14:12.396+0200: 13102.531: [GC pause (young), 0.2044400 secs]
   [Parallel Time: 194.9 ms, GC Workers: 2]
      [GC Worker Start (ms): Min: 13102532.9, Avg: 13102532.9, Max: 13102532.9, Diff: 0.0]
      [Ext Root Scanning (ms): Min: 50.5, Avg: 50.6, Max: 50.8, Diff: 0.3, Sum: 101.3]
      [Update RS (ms): Min: 68.3, Avg: 68.4, Max: 68.4, Diff: 0.1, Sum: 136.7]
         [Processed Buffers: Min: 488, Avg: 492.5, Max: 497, Diff: 9, Sum: 985]
      [Scan RS (ms): Min: 9.8, Avg: 10.1, Max: 10.3, Diff: 0.5, Sum: 20.1]
      [Code Root Scanning (ms): Min: 0.1, Avg: 0.1, Max: 0.1, Diff: 0.0, Sum: 0.2]
      [Object Copy (ms): Min: 64.8, Avg: 64.9, Max: 65.1, Diff: 0.3, Sum: 129.9]
      [Termination (ms): Min: 0.0, Avg: 0.6, Max: 1.1, Diff: 1.1, Sum: 1.1]
      [GC Worker Other (ms): Min: 0.1, Avg: 0.1, Max: 0.2, Diff: 0.1, Sum: 0.2]
      [GC Worker Total (ms): Min: 194.8, Avg: 194.8, Max: 194.8, Diff: 0.0, Sum: 389.6]
      [GC Worker End (ms): Min: 13102727.7, Avg: 13102727.7, Max: 13102727.7, Diff: 0.0]
   [Code Root Fixup: 0.4 ms]
   [Code Root Migration: 0.1 ms]
   [Clear CT: 1.3 ms]
   [Other: 7.8 ms]
      [Choose CSet: 0.0 ms]
      [Ref Proc: 3.5 ms]
      [Ref Enq: 0.4 ms]
      [Free CSet: 0.6 ms]
   [Eden: 272.0M(272.0M)->0.0B(166.0M) Survivors: 20.0M->38.0M Heap: 2022.0M(4096.0M)->1776.0M(4096.0M)]
 [Times: user=0.33 sys=0.00, real=0.20 secs] 
2016-08-30T17:14:17.517+0200: 13107.651: [GC pause (young), 0.1590620 secs]
   [Parallel Time: 152.2 ms, GC Workers: 2]
      [GC Worker Start (ms): Min: 13107652.6, Avg: 13107652.7, Max: 13107652.7, Diff: 0.0]
      [Ext Root Scanning (ms): Min: 48.3, Avg: 49.0, Max: 49.8, Diff: 1.5, Sum: 98.0]
      [Update RS (ms): Min: 39.5, Avg: 39.5, Max: 39.5, Diff: 0.0, Sum: 79.0]
         [Processed Buffers: Min: 381, Avg: 414.5, Max: 448, Diff: 67, Sum: 829]
      [Scan RS (ms): Min: 10.9, Avg: 11.1, Max: 11.3, Diff: 0.4, Sum: 22.2]
      [Code Root Scanning (ms): Min: 0.0, Avg: 0.1, Max: 0.1, Diff: 0.1, Sum: 0.1]
      [Object Copy (ms): Min: 51.7, Avg: 52.2, Max: 52.8, Diff: 1.1, Sum: 104.5]
      [Termination (ms): Min: 0.0, Avg: 0.0, Max: 0.0, Diff: 0.0, Sum: 0.0]
      [GC Worker Other (ms): Min: 0.1, Avg: 0.1, Max: 0.1, Diff: 0.1, Sum: 0.2]
      [GC Worker Total (ms): Min: 152.1, Avg: 152.1, Max: 152.1, Diff: 0.0, Sum: 304.1]
      [GC Worker End (ms): Min: 13107804.7, Avg: 13107804.7, Max: 13107804.7, Diff: 0.0]
   [Code Root Fixup: 0.4 ms]
   [Code Root Migration: 0.0 ms]
   [Clear CT: 0.6 ms]
   [Other: 5.9 ms]
      [Choose CSet: 0.0 ms]
      [Ref Proc: 2.1 ms]
      [Ref Enq: 0.2 ms]
      [Free CSet: 0.5 ms]
   [Eden: 166.0M(166.0M)->0.0B(394.0M) Survivors: 38.0M->16.0M Heap: 1942.0M(4096.0M)->1792.0M(4096.0M)]
 [Times: user=0.30 sys=0.00, real=0.16 secs] 
2016-08-30T17:14:31.903+0200: 13122.038: [GC pause (young), 0.1935090 secs]
   [Parallel Time: 182.8 ms, GC Workers: 2]
      [GC Worker Start (ms): Min: 13122039.7, Avg: 13122040.6, Max: 13122041.6, Diff: 1.8]
      [Ext Root Scanning (ms): Min: 52.5, Avg: 52.8, Max: 53.1, Diff: 0.6, Sum: 105.6]
      [Update RS (ms): Min: 64.6, Avg: 66.5, Max: 68.4, Diff: 3.7, Sum: 133.0]
         [Processed Buffers: Min: 436, Avg: 484.0, Max: 532, Diff: 96, Sum: 968]
      [Scan RS (ms): Min: 8.8, Avg: 9.3, Max: 9.8, Diff: 1.0, Sum: 18.7]
      [Code Root Scanning (ms): Min: 0.1, Avg: 0.1, Max: 0.1, Diff: 0.0, Sum: 0.3]
      [Object Copy (ms): Min: 52.9, Avg: 52.9, Max: 53.0, Diff: 0.2, Sum: 105.9]
      [Termination (ms): Min: 0.0, Avg: 0.0, Max: 0.0, Diff: 0.0, Sum: 0.0]
      [GC Worker Other (ms): Min: 0.1, Avg: 0.1, Max: 0.2, Diff: 0.1, Sum: 0.2]
      [GC Worker Total (ms): Min: 180.9, Avg: 181.9, Max: 182.8, Diff: 1.8, Sum: 363.7]
      [GC Worker End (ms): Min: 13122222.5, Avg: 13122222.5, Max: 13122222.5, Diff: 0.0]
   [Code Root Fixup: 0.4 ms]
   [Code Root Migration: 0.1 ms]
   [Clear CT: 0.6 ms]
   [Other: 9.6 ms]
      [Choose CSet: 0.0 ms]
      [Ref Proc: 4.9 ms]
      [Ref Enq: 0.4 ms]
      [Free CSet: 0.9 ms]
   [Eden: 394.0M(394.0M)->0.0B(158.0M) Survivors: 16.0M->46.0M Heap: 2186.0M(4096.0M)->1823.0M(4096.0M)]
 [Times: user=0.37 sys=0.00, real=0.20 secs] 
2016-08-30T17:14:38.298+0200: 13128.432: [GC pause (young), 0.1732120 secs]
   [Parallel Time: 163.6 ms, GC Workers: 2]
      [GC Worker Start (ms): Min: 13128433.2, Avg: 13128433.3, Max: 13128433.4, Diff: 0.3]
      [Ext Root Scanning (ms): Min: 55.5, Avg: 59.6, Max: 63.8, Diff: 8.3, Sum: 119.3]
      [Update RS (ms): Min: 13.9, Avg: 30.3, Max: 46.7, Diff: 32.8, Sum: 60.7]
         [Processed Buffers: Min: 128, Avg: 354.5, Max: 581, Diff: 453, Sum: 709]
      [Scan RS (ms): Min: 11.2, Avg: 12.3, Max: 13.3, Diff: 2.1, Sum: 24.5]
      [Code Root Scanning (ms): Min: 0.0, Avg: 0.0, Max: 0.0, Diff: 0.0, Sum: 0.1]
      [Object Copy (ms): Min: 49.8, Avg: 61.2, Max: 72.5, Diff: 22.7, Sum: 122.3]
      [Termination (ms): Min: 0.0, Avg: 0.0, Max: 0.0, Diff: 0.0, Sum: 0.0]
      [GC Worker Other (ms): Min: 0.0, Avg: 0.0, Max: 0.0, Diff: 0.0, Sum: 0.1]
      [GC Worker Total (ms): Min: 163.3, Avg: 163.4, Max: 163.6, Diff: 0.3, Sum: 326.9]
      [GC Worker End (ms): Min: 13128596.7, Avg: 13128596.7, Max: 13128596.7, Diff: 0.0]
   [Code Root Fixup: 0.3 ms]
   [Code Root Migration: 0.0 ms]
   [Clear CT: 0.4 ms]
   [Other: 8.9 ms]
      [Choose CSet: 0.0 ms]
      [Ref Proc: 6.6 ms]
      [Ref Enq: 0.1 ms]
      [Free CSet: 0.4 ms]
   [Eden: 158.0M(158.0M)->0.0B(470.0M) Survivors: 46.0M->14.0M Heap: 1981.0M(4096.0M)->1831.0M(4096.0M)]
 [Times: user=0.18 sys=0.00, real=0.17 secs] 
2016-08-30T17:14:54.144+0200: 13144.278: [GC pause (young), 0.1944520 secs]
   [Parallel Time: 181.4 ms, GC Workers: 2]
      [GC Worker Start (ms): Min: 13144280.3, Avg: 13144280.3, Max: 13144280.4, Diff: 0.0]
      [Ext Root Scanning (ms): Min: 50.2, Avg: 50.4, Max: 50.6, Diff: 0.4, Sum: 100.7]
      [Update RS (ms): Min: 63.2, Avg: 63.4, Max: 63.5, Diff: 0.3, Sum: 126.8]
         [Processed Buffers: Min: 440, Avg: 461.0, Max: 482, Diff: 42, Sum: 922]
      [Scan RS (ms): Min: 9.6, Avg: 9.7, Max: 9.9, Diff: 0.3, Sum: 19.5]
      [Code Root Scanning (ms): Min: 0.1, Avg: 0.2, Max: 0.2, Diff: 0.1, Sum: 0.3]
      [Object Copy (ms): Min: 57.4, Avg: 57.5, Max: 57.5, Diff: 0.1, Sum: 115.0]
      [Termination (ms): Min: 0.0, Avg: 0.0, Max: 0.0, Diff: 0.0, Sum: 0.0]
      [GC Worker Other (ms): Min: 0.1, Avg: 0.1, Max: 0.1, Diff: 0.1, Sum: 0.2]
      [GC Worker Total (ms): Min: 181.2, Avg: 181.2, Max: 181.2, Diff: 0.0, Sum: 362.5]
      [GC Worker End (ms): Min: 13144461.6, Avg: 13144461.6, Max: 13144461.6, Diff: 0.0]
   [Code Root Fixup: 0.4 ms]
   [Code Root Migration: 0.1 ms]
   [Clear CT: 1.2 ms]
   [Other: 11.4 ms]
      [Choose CSet: 0.0 ms]
      [Ref Proc: 6.5 ms]
      [Ref Enq: 0.4 ms]
      [Free CSet: 1.2 ms]
   [Eden: 438.0M(342.0M)->0.0B(172.0M) Survivors: 14.0M->46.0M Heap: 2269.0M(4096.0M)->1868.0M(4096.0M)]
 [Times: user=0.38 sys=0.00, real=0.19 secs] 
2016-08-30T17:14:58.599+0200: 13148.733: [GC pause (young), 0.1742850 secs]
   [Parallel Time: 167.0 ms, GC Workers: 2]
      [GC Worker Start (ms): Min: 13148734.8, Avg: 13148737.5, Max: 13148740.2, Diff: 5.5]
      [Ext Root Scanning (ms): Min: 49.3, Avg: 53.3, Max: 57.2, Diff: 7.9, Sum: 106.5]
      [Update RS (ms): Min: 35.3, Avg: 36.9, Max: 38.5, Diff: 3.2, Sum: 73.7]
         [Processed Buffers: Min: 349, Avg: 353.0, Max: 357, Diff: 8, Sum: 706]
      [Scan RS (ms): Min: 14.0, Avg: 14.3, Max: 14.7, Diff: 0.7, Sum: 28.6]
      [Code Root Scanning (ms): Min: 0.0, Avg: 0.1, Max: 0.1, Diff: 0.1, Sum: 0.1]
      [Object Copy (ms): Min: 59.6, Avg: 59.6, Max: 59.6, Diff: 0.0, Sum: 119.2]
      [Termination (ms): Min: 0.0, Avg: 0.0, Max: 0.0, Diff: 0.0, Sum: 0.0]
      [GC Worker Other (ms): Min: 0.1, Avg: 0.1, Max: 0.1, Diff: 0.0, Sum: 0.1]
      [GC Worker Total (ms): Min: 161.4, Avg: 164.2, Max: 166.9, Diff: 5.5, Sum: 328.3]
      [GC Worker End (ms): Min: 13148901.7, Avg: 13148901.7, Max: 13148901.7, Diff: 0.0]
   [Code Root Fixup: 0.6 ms]
   [Code Root Migration: 0.0 ms]
   [Clear CT: 0.6 ms]
   [Other: 6.1 ms]
      [Choose CSet: 0.0 ms]
      [Ref Proc: 2.2 ms]
      [Ref Enq: 0.2 ms]
      [Free CSet: 0.6 ms]
   [Eden: 158.0M(158.0M)->0.0B(396.0M) Survivors: 46.0M->18.0M Heap: 2026.0M(4096.0M)->1881.0M(4096.0M)]
 [Times: user=0.33 sys=0.00, real=0.18 secs] 
2016-08-30T17:15:13.153+0200: 13163.288: [GC pause (young) (initial-mark), 0.2110820 secs]
   [Parallel Time: 201.2 ms, GC Workers: 2]
      [GC Worker Start (ms): Min: 13163290.2, Avg: 13163290.2, Max: 13163290.2, Diff: 0.0]
      [Ext Root Scanning (ms): Min: 50.7, Avg: 50.7, Max: 50.7, Diff: 0.0, Sum: 101.4]
      [Code Root Marking (ms): Min: 13.2, Avg: 13.2, Max: 13.3, Diff: 0.1, Sum: 26.5]
      [Update RS (ms): Min: 63.1, Avg: 63.9, Max: 64.8, Diff: 1.6, Sum: 127.9]
         [Processed Buffers: Min: 498, Avg: 502.5, Max: 507, Diff: 9, Sum: 1005]
      [Scan RS (ms): Min: 7.6, Avg: 8.2, Max: 8.9, Diff: 1.3, Sum: 16.5]
      [Code Root Scanning (ms): Min: 0.1, Avg: 0.1, Max: 0.1, Diff: 0.0, Sum: 0.3]
      [Object Copy (ms): Min: 64.5, Avg: 64.6, Max: 64.8, Diff: 0.3, Sum: 129.3]
      [Termination (ms): Min: 0.0, Avg: 0.0, Max: 0.0, Diff: 0.0, Sum: 0.0]
      [GC Worker Other (ms): Min: 0.1, Avg: 0.1, Max: 0.2, Diff: 0.0, Sum: 0.3]
      [GC Worker Total (ms): Min: 201.0, Avg: 201.0, Max: 201.0, Diff: 0.0, Sum: 402.1]
      [GC Worker End (ms): Min: 13163491.2, Avg: 13163491.2, Max: 13163491.2, Diff: 0.0]
   [Code Root Fixup: 0.3 ms]
   [Code Root Migration: 0.1 ms]
   [Clear CT: 0.5 ms]
   [Other: 9.1 ms]
      [Choose CSet: 0.0 ms]
      [Ref Proc: 4.0 ms]
      [Ref Enq: 0.2 ms]
      [Free CSet: 0.7 ms]
   [Eden: 396.0M(396.0M)->0.0B(152.0M) Survivors: 18.0M->52.0M Heap: 2277.0M(4096.0M)->1923.0M(4096.0M)]
 [Times: user=0.41 sys=0.00, real=0.22 secs] 
2016-08-30T17:15:13.365+0200: 13163.499: [GC concurrent-root-region-scan-start]
2016-08-30T17:15:13.399+0200: 13163.533: [GC concurrent-root-region-scan-end, 0.0338630 secs]
2016-08-30T17:15:13.399+0200: 13163.533: [GC concurrent-mark-start]
2016-08-30T17:15:15.024+0200: 13165.159: [GC concurrent-mark-end, 1.6253910 secs]
2016-08-30T17:15:15.027+0200: 13165.161: [GC remark 2016-08-30T17:15:15.029+0200: 13165.163: [GC ref-proc, 0.0671750 secs], 0.0862120 secs]
 [Times: user=0.10 sys=0.00, real=0.08 secs] 
2016-08-30T17:15:15.117+0200: 13165.251: [GC cleanup 1979M->1941M(4096M), 0.0332150 secs]
 [Times: user=0.06 sys=0.00, real=0.03 secs] 
2016-08-30T17:15:15.151+0200: 13165.285: [GC concurrent-cleanup-start]
2016-08-30T17:15:15.151+0200: 13165.285: [GC concurrent-cleanup-end, 0.0000980 secs]
2016-08-30T17:15:18.455+0200: 13168.589: [GC pause (young), 0.1650740 secs]
   [Parallel Time: 160.0 ms, GC Workers: 2]
      [GC Worker Start (ms): Min: 13168590.9, Avg: 13168590.9, Max: 13168590.9, Diff: 0.0]
      [Ext Root Scanning (ms): Min: 51.2, Avg: 57.8, Max: 64.5, Diff: 13.3, Sum: 115.6]
      [Update RS (ms): Min: 29.9, Avg: 38.6, Max: 47.3, Diff: 17.4, Sum: 77.2]
         [Processed Buffers: Min: 280, Avg: 376.0, Max: 472, Diff: 192, Sum: 752]
      [Scan RS (ms): Min: 15.8, Avg: 15.9, Max: 16.0, Diff: 0.2, Sum: 31.8]
      [Code Root Scanning (ms): Min: 0.0, Avg: 0.1, Max: 0.1, Diff: 0.1, Sum: 0.1]
      [Object Copy (ms): Min: 45.4, Avg: 47.5, Max: 49.6, Diff: 4.2, Sum: 95.0]
      [Termination (ms): Min: 0.0, Avg: 0.0, Max: 0.0, Diff: 0.0, Sum: 0.0]
      [GC Worker Other (ms): Min: 0.1, Avg: 0.1, Max: 0.1, Diff: 0.0, Sum: 0.1]
      [GC Worker Total (ms): Min: 159.9, Avg: 159.9, Max: 159.9, Diff: 0.0, Sum: 319.9]
      [GC Worker End (ms): Min: 13168750.9, Avg: 13168750.9, Max: 13168750.9, Diff: 0.0]
   [Code Root Fixup: 0.2 ms]
   [Code Root Migration: 0.0 ms]
   [Clear CT: 0.4 ms]
   [Other: 4.4 ms]
      [Choose CSet: 0.0 ms]
      [Ref Proc: 1.2 ms]
      [Ref Enq: 0.1 ms]
      [Free CSet: 0.4 ms]
   [Eden: 152.0M(152.0M)->0.0B(188.0M) Survivors: 52.0M->16.0M Heap: 2037.0M(4096.0M)->1897.0M(4096.0M)]
 [Times: user=0.30 sys=0.00, real=0.16 secs] 
2016-08-30T17:15:24.377+0200: 13174.511: [GC pause (mixed), 0.1814060 secs]
   [Parallel Time: 172.9 ms, GC Workers: 2]
      [GC Worker Start (ms): Min: 13174512.9, Avg: 13174513.0, Max: 13174513.0, Diff: 0.0]
      [Ext Root Scanning (ms): Min: 50.5, Avg: 51.0, Max: 51.4, Diff: 0.9, Sum: 101.9]
      [Update RS (ms): Min: 40.2, Avg: 40.5, Max: 40.8, Diff: 0.6, Sum: 81.0]
         [Processed Buffers: Min: 389, Avg: 394.0, Max: 399, Diff: 10, Sum: 788]
      [Scan RS (ms): Min: 22.6, Avg: 23.0, Max: 23.3, Diff: 0.7, Sum: 46.0]
      [Code Root Scanning (ms): Min: 0.1, Avg: 0.1, Max: 0.2, Diff: 0.1, Sum: 0.3]
      [Object Copy (ms): Min: 57.6, Avg: 58.0, Max: 58.4, Diff: 0.7, Sum: 116.0]
      [Termination (ms): Min: 0.0, Avg: 0.0, Max: 0.0, Diff: 0.0, Sum: 0.0]
      [GC Worker Other (ms): Min: 0.1, Avg: 0.1, Max: 0.2, Diff: 0.1, Sum: 0.2]
      [GC Worker Total (ms): Min: 172.7, Avg: 172.7, Max: 172.7, Diff: 0.0, Sum: 345.4]
      [GC Worker End (ms): Min: 13174685.6, Avg: 13174685.7, Max: 13174685.7, Diff: 0.0]
   [Code Root Fixup: 0.4 ms]
   [Code Root Migration: 0.1 ms]
   [Clear CT: 0.7 ms]
   [Other: 7.3 ms]
      [Choose CSet: 0.2 ms]
      [Ref Proc: 2.3 ms]
      [Ref Enq: 0.2 ms]
      [Free CSet: 1.4 ms]
   [Eden: 188.0M(188.0M)->0.0B(182.0M) Survivors: 16.0M->22.0M Heap: 2085.0M(4096.0M)->1693.0M(4096.0M)]
 [Times: user=0.34 sys=0.01, real=0.18 secs] 
2016-08-30T17:15:30.636+0200: 13180.770: [GC pause (mixed), 0.2299390 secs]
   [Parallel Time: 222.2 ms, GC Workers: 2]
      [GC Worker Start (ms): Min: 13180772.7, Avg: 13180772.7, Max: 13180772.7, Diff: 0.0]
      [Ext Root Scanning (ms): Min: 50.4, Avg: 50.4, Max: 50.5, Diff: 0.1, Sum: 100.9]
      [Update RS (ms): Min: 42.9, Avg: 43.4, Max: 44.0, Diff: 1.1, Sum: 86.9]
         [Processed Buffers: Min: 362, Avg: 381.5, Max: 401, Diff: 39, Sum: 763]
      [Scan RS (ms): Min: 49.1, Avg: 49.5, Max: 49.9, Diff: 0.8, Sum: 98.9]
      [Code Root Scanning (ms): Min: 0.1, Avg: 0.1, Max: 0.2, Diff: 0.1, Sum: 0.3]
      [Object Copy (ms): Min: 78.5, Avg: 78.6, Max: 78.7, Diff: 0.2, Sum: 157.2]
      [Termination (ms): Min: 0.0, Avg: 0.0, Max: 0.0, Diff: 0.0, Sum: 0.0]
      [GC Worker Other (ms): Min: 0.0, Avg: 0.1, Max: 0.1, Diff: 0.1, Sum: 0.2]
      [GC Worker Total (ms): Min: 222.2, Avg: 222.2, Max: 222.2, Diff: 0.0, Sum: 444.3]
      [GC Worker End (ms): Min: 13180994.8, Avg: 13180994.8, Max: 13180994.8, Diff: 0.0]
   [Code Root Fixup: 0.3 ms]
   [Code Root Migration: 0.1 ms]
   [Clear CT: 0.6 ms]
   [Other: 6.7 ms]
      [Choose CSet: 0.7 ms]
      [Ref Proc: 1.4 ms]
      [Ref Enq: 0.1 ms]
      [Free CSet: 1.3 ms]
   [Eden: 182.0M(182.0M)->0.0B(188.0M) Survivors: 22.0M->16.0M Heap: 1875.0M(4096.0M)->1546.0M(4096.0M)]
 [Times: user=0.45 sys=0.00, real=0.23 secs] 
2016-08-30T17:15:37.044+0200: 13187.178: [GC pause (mixed), 0.3146630 secs]
   [Parallel Time: 307.7 ms, GC Workers: 2]
      [GC Worker Start (ms): Min: 13187180.3, Avg: 13187180.3, Max: 13187180.3, Diff: 0.0]
      [Ext Root Scanning (ms): Min: 64.1, Avg: 84.0, Max: 104.0, Diff: 39.9, Sum: 168.1]
      [Update RS (ms): Min: 24.1, Avg: 41.9, Max: 59.7, Diff: 35.6, Sum: 83.8]
         [Processed Buffers: Min: 116, Avg: 414.5, Max: 713, Diff: 597, Sum: 829]
      [Scan RS (ms): Min: 66.1, Avg: 67.6, Max: 69.0, Diff: 2.9, Sum: 135.1]
      [Code Root Scanning (ms): Min: 0.0, Avg: 0.1, Max: 0.2, Diff: 0.2, Sum: 0.2]
      [Object Copy (ms): Min: 104.2, Avg: 108.5, Max: 112.8, Diff: 8.5, Sum: 217.0]
      [Termination (ms): Min: 0.0, Avg: 3.1, Max: 6.2, Diff: 6.2, Sum: 6.2]
      [GC Worker Other (ms): Min: 0.1, Avg: 0.1, Max: 0.1, Diff: 0.0, Sum: 0.2]
      [GC Worker Total (ms): Min: 302.9, Avg: 305.3, Max: 307.7, Diff: 4.7, Sum: 610.6]
      [GC Worker End (ms): Min: 13187483.2, Avg: 13187485.6, Max: 13187488.0, Diff: 4.7]
   [Code Root Fixup: 0.3 ms]
   [Code Root Migration: 0.0 ms]
   [Clear CT: 0.5 ms]
   [Other: 6.1 ms]
      [Choose CSet: 0.5 ms]
      [Ref Proc: 1.4 ms]
      [Ref Enq: 0.1 ms]
      [Free CSet: 1.1 ms]
   [Eden: 188.0M(188.0M)->0.0B(178.0M) Survivors: 16.0M->26.0M Heap: 1734.0M(4096.0M)->1421.0M(4096.0M)]
 [Times: user=0.39 sys=0.00, real=0.32 secs] 
2016-08-30T17:15:42.001+0200: 13192.136: [GC pause (mixed), 0.3031140 secs]
   [Parallel Time: 295.3 ms, GC Workers: 2]
      [GC Worker Start (ms): Min: 13192138.0, Avg: 13192138.0, Max: 13192138.0, Diff: 0.0]
      [Ext Root Scanning (ms): Min: 51.9, Avg: 52.5, Max: 53.2, Diff: 1.3, Sum: 105.0]
      [Update RS (ms): Min: 33.9, Avg: 34.6, Max: 35.3, Diff: 1.4, Sum: 69.3]
         [Processed Buffers: Min: 409, Avg: 410.5, Max: 412, Diff: 3, Sum: 821]
      [Scan RS (ms): Min: 120.7, Avg: 120.9, Max: 121.0, Diff: 0.3, Sum: 241.8]
      [Code Root Scanning (ms): Min: 0.1, Avg: 0.3, Max: 0.5, Diff: 0.4, Sum: 0.6]
      [Object Copy (ms): Min: 86.4, Avg: 86.8, Max: 87.2, Diff: 0.7, Sum: 173.6]
      [Termination (ms): Min: 0.0, Avg: 0.0, Max: 0.0, Diff: 0.0, Sum: 0.0]
      [GC Worker Other (ms): Min: 0.1, Avg: 0.1, Max: 0.1, Diff: 0.0, Sum: 0.2]
      [GC Worker Total (ms): Min: 295.2, Avg: 295.2, Max: 295.3, Diff: 0.0, Sum: 590.5]
      [GC Worker End (ms): Min: 13192433.3, Avg: 13192433.3, Max: 13192433.3, Diff: 0.0]
   [Code Root Fixup: 0.3 ms]
   [Code Root Migration: 0.3 ms]
   [Clear CT: 0.6 ms]
   [Other: 6.6 ms]
      [Choose CSet: 0.7 ms]
      [Ref Proc: 1.1 ms]
      [Ref Enq: 0.1 ms]
      [Free CSet: 1.3 ms]
   [Eden: 178.0M(178.0M)->0.0B(184.0M) Survivors: 26.0M->20.0M Heap: 1599.0M(4096.0M)->1343.0M(4096.0M)]
 [Times: user=0.58 sys=0.00, real=0.30 secs] 
2016-08-30T17:15:47.648+0200: 13197.783: [GC pause (young), 0.1902310 secs]
   [Parallel Time: 185.5 ms, GC Workers: 2]
      [GC Worker Start (ms): Min: 13197784.0, Avg: 13197785.4, Max: 13197786.8, Diff: 2.8]
      [Ext Root Scanning (ms): Min: 85.6, Avg: 88.7, Max: 91.7, Diff: 6.1, Sum: 177.3]
      [Update RS (ms): Min: 45.4, Avg: 45.7, Max: 45.9, Diff: 0.5, Sum: 91.3]
         [Processed Buffers: Min: 419, Avg: 420.5, Max: 422, Diff: 3, Sum: 841]
      [Scan RS (ms): Min: 3.4, Avg: 7.1, Max: 10.9, Diff: 7.5, Sum: 14.3]
      [Code Root Scanning (ms): Min: 0.0, Avg: 0.0, Max: 0.1, Diff: 0.1, Sum: 0.1]
      [Object Copy (ms): Min: 41.2, Avg: 42.3, Max: 43.4, Diff: 2.1, Sum: 84.6]
      [Termination (ms): Min: 0.0, Avg: 0.2, Max: 0.4, Diff: 0.4, Sum: 0.4]
      [GC Worker Other (ms): Min: 0.1, Avg: 0.1, Max: 0.1, Diff: 0.0, Sum: 0.2]
      [GC Worker Total (ms): Min: 182.7, Avg: 184.0, Max: 185.4, Diff: 2.8, Sum: 368.1]
      [GC Worker End (ms): Min: 13197969.4, Avg: 13197969.5, Max: 13197969.5, Diff: 0.0]
   [Code Root Fixup: 0.2 ms]
   [Code Root Migration: 0.0 ms]
   [Clear CT: 0.5 ms]
   [Other: 4.1 ms]
      [Choose CSet: 0.0 ms]
      [Ref Proc: 1.3 ms]
      [Ref Enq: 0.1 ms]
      [Free CSet: 0.3 ms]
   [Eden: 184.0M(184.0M)->0.0B(182.0M) Survivors: 20.0M->22.0M Heap: 1527.0M(4096.0M)->1364.0M(4096.0M)]
 [Times: user=0.18 sys=0.00, real=0.20 secs] 
2016-08-30T17:15:53.455+0200: 13203.589: [GC pause (young), 0.1581480 secs]
   [Parallel Time: 151.8 ms, GC Workers: 2]
      [GC Worker Start (ms): Min: 13203590.7, Avg: 13203590.9, Max: 13203591.1, Diff: 0.4]
      [Ext Root Scanning (ms): Min: 52.0, Avg: 58.8, Max: 65.5, Diff: 13.5, Sum: 117.5]
      [Update RS (ms): Min: 40.3, Avg: 47.0, Max: 53.7, Diff: 13.3, Sum: 94.0]
         [Processed Buffers: Min: 237, Avg: 360.0, Max: 483, Diff: 246, Sum: 720]
      [Scan RS (ms): Min: 8.1, Avg: 8.2, Max: 8.4, Diff: 0.3, Sum: 16.5]
      [Code Root Scanning (ms): Min: 0.0, Avg: 0.1, Max: 0.1, Diff: 0.1, Sum: 0.1]
      [Object Copy (ms): Min: 37.1, Avg: 37.1, Max: 37.2, Diff: 0.1, Sum: 74.3]
      [Termination (ms): Min: 0.0, Avg: 0.0, Max: 0.0, Diff: 0.0, Sum: 0.0]
      [GC Worker Other (ms): Min: 0.1, Avg: 0.2, Max: 0.3, Diff: 0.2, Sum: 0.5]
      [GC Worker Total (ms): Min: 151.4, Avg: 151.4, Max: 151.5, Diff: 0.1, Sum: 302.9]
      [GC Worker End (ms): Min: 13203742.2, Avg: 13203742.3, Max: 13203742.4, Diff: 0.2]
   [Code Root Fixup: 0.3 ms]
   [Code Root Migration: 0.0 ms]
   [Clear CT: 1.3 ms]
   [Other: 4.7 ms]
      [Choose CSet: 0.0 ms]
      [Ref Proc: 1.6 ms]
      [Ref Enq: 0.1 ms]
      [Free CSet: 0.4 ms]
   [Eden: 182.0M(182.0M)->0.0B(182.0M) Survivors: 22.0M->22.0M Heap: 1546.0M(4096.0M)->1381.0M(4096.0M)]
 [Times: user=0.27 sys=0.00, real=0.16 secs] 
2016-08-30T17:16:00.395+0200: 13210.530: [GC pause (young), 0.1517660 secs]
   [Parallel Time: 145.0 ms, GC Workers: 2]
      [GC Worker Start (ms): Min: 13210531.2, Avg: 13210531.6, Max: 13210532.0, Diff: 0.8]
      [Ext Root Scanning (ms): Min: 49.1, Avg: 49.6, Max: 50.2, Diff: 1.1, Sum: 99.3]
      [Update RS (ms): Min: 43.0, Avg: 43.2, Max: 43.4, Diff: 0.4, Sum: 86.4]
         [Processed Buffers: Min: 386, Avg: 403.0, Max: 420, Diff: 34, Sum: 806]
      [Scan RS (ms): Min: 8.3, Avg: 9.0, Max: 9.7, Diff: 1.4, Sum: 18.0]
      [Code Root Scanning (ms): Min: 0.0, Avg: 0.1, Max: 0.1, Diff: 0.1, Sum: 0.1]
      [Object Copy (ms): Min: 41.8, Avg: 42.5, Max: 43.3, Diff: 1.5, Sum: 85.1]
      [Termination (ms): Min: 0.0, Avg: 0.0, Max: 0.0, Diff: 0.0, Sum: 0.0]
      [GC Worker Other (ms): Min: 0.1, Avg: 0.1, Max: 0.1, Diff: 0.0, Sum: 0.1]
      [GC Worker Total (ms): Min: 144.1, Avg: 144.5, Max: 144.9, Diff: 0.8, Sum: 289.0]
      [GC Worker End (ms): Min: 13210676.1, Avg: 13210676.1, Max: 13210676.1, Diff: 0.0]
   [Code Root Fixup: 0.4 ms]
   [Code Root Migration: 0.0 ms]
   [Clear CT: 0.4 ms]
   [Other: 5.9 ms]
      [Choose CSet: 0.0 ms]
      [Ref Proc: 2.2 ms]
      [Ref Enq: 0.2 ms]
      [Free CSet: 0.5 ms]
   [Eden: 182.0M(182.0M)->0.0B(188.0M) Survivors: 22.0M->16.0M Heap: 1563.0M(4096.0M)->1394.0M(4096.0M)]
 [Times: user=0.29 sys=0.00, real=0.15 secs] 
2016-08-30T17:16:06.988+0200: 13217.122: [GC pause (young), 0.1463380 secs]
   [Parallel Time: 139.5 ms, GC Workers: 2]
      [GC Worker Start (ms): Min: 13217123.8, Avg: 13217123.8, Max: 13217123.8, Diff: 0.0]
      [Ext Root Scanning (ms): Min: 51.0, Avg: 51.5, Max: 52.0, Diff: 1.0, Sum: 103.0]
      [Update RS (ms): Min: 42.7, Avg: 42.8, Max: 42.9, Diff: 0.2, Sum: 85.6]
         [Processed Buffers: Min: 353, Avg: 376.5, Max: 400, Diff: 47, Sum: 753]
      [Scan RS (ms): Min: 7.6, Avg: 7.8, Max: 7.9, Diff: 0.3, Sum: 15.6]
      [Code Root Scanning (ms): Min: 0.0, Avg: 0.1, Max: 0.1, Diff: 0.1, Sum: 0.1]
      [Object Copy (ms): Min: 36.7, Avg: 37.1, Max: 37.6, Diff: 0.9, Sum: 74.2]
      [Termination (ms): Min: 0.0, Avg: 0.0, Max: 0.0, Diff: 0.0, Sum: 0.0]
      [GC Worker Other (ms): Min: 0.1, Avg: 0.1, Max: 0.1, Diff: 0.1, Sum: 0.2]
      [GC Worker Total (ms): Min: 139.3, Avg: 139.4, Max: 139.4, Diff: 0.0, Sum: 278.7]
      [GC Worker End (ms): Min: 13217263.2, Avg: 13217263.2, Max: 13217263.2, Diff: 0.0]
   [Code Root Fixup: 0.4 ms]
   [Code Root Migration: 0.0 ms]
   [Clear CT: 0.5 ms]
   [Other: 5.9 ms]
      [Choose CSet: 0.0 ms]
      [Ref Proc: 2.2 ms]
      [Ref Enq: 0.2 ms]
      [Free CSet: 0.5 ms]
   [Eden: 188.0M(188.0M)->0.0B(184.0M) Survivors: 16.0M->20.0M Heap: 1582.0M(4096.0M)->1411.0M(4096.0M)]
 [Times: user=0.28 sys=0.01, real=0.15 secs] 
2016-08-30T17:16:11.764+0200: 13221.898: [GC pause (young), 0.1506840 secs]
   [Parallel Time: 143.7 ms, GC Workers: 2]
      [GC Worker Start (ms): Min: 13221899.8, Avg: 13221899.8, Max: 13221899.8, Diff: 0.0]
      [Ext Root Scanning (ms): Min: 50.3, Avg: 51.5, Max: 52.8, Diff: 2.5, Sum: 103.0]
      [Update RS (ms): Min: 46.2, Avg: 47.1, Max: 48.0, Diff: 1.9, Sum: 94.2]
         [Processed Buffers: Min: 370, Avg: 447.0, Max: 524, Diff: 154, Sum: 894]
      [Scan RS (ms): Min: 6.4, Avg: 6.9, Max: 7.4, Diff: 1.0, Sum: 13.8]
      [Code Root Scanning (ms): Min: 0.0, Avg: 0.1, Max: 0.1, Diff: 0.1, Sum: 0.1]
      [Object Copy (ms): Min: 37.7, Avg: 37.9, Max: 38.1, Diff: 0.4, Sum: 75.8]
      [Termination (ms): Min: 0.0, Avg: 0.0, Max: 0.0, Diff: 0.0, Sum: 0.0]
      [GC Worker Other (ms): Min: 0.1, Avg: 0.1, Max: 0.2, Diff: 0.0, Sum: 0.3]
      [GC Worker Total (ms): Min: 143.6, Avg: 143.6, Max: 143.7, Diff: 0.0, Sum: 287.3]
      [GC Worker End (ms): Min: 13222043.5, Avg: 13222043.5, Max: 13222043.5, Diff: 0.0]
   [Code Root Fixup: 0.4 ms]
   [Code Root Migration: 0.0 ms]
   [Clear CT: 0.5 ms]
   [Other: 6.0 ms]
      [Choose CSet: 0.0 ms]
      [Ref Proc: 2.1 ms]
      [Ref Enq: 0.2 ms]
      [Free CSet: 0.5 ms]
   [Eden: 184.0M(184.0M)->0.0B(184.0M) Survivors: 20.0M->20.0M Heap: 1595.0M(4096.0M)->1428.0M(4096.0M)]
 [Times: user=0.29 sys=0.00, real=0.15 secs] 
2016-08-30T17:16:16.692+0200: 13226.827: [GC pause (young), 0.1499870 secs]
   [Parallel Time: 143.0 ms, GC Workers: 2]
      [GC Worker Start (ms): Min: 13226828.3, Avg: 13226829.2, Max: 13226830.0, Diff: 1.8]
      [Ext Root Scanning (ms): Min: 50.7, Avg: 51.0, Max: 51.2, Diff: 0.5, Sum: 101.9]
      [Update RS (ms): Min: 45.1, Avg: 45.4, Max: 45.7, Diff: 0.6, Sum: 90.8]
         [Processed Buffers: Min: 419, Avg: 433.5, Max: 448, Diff: 29, Sum: 867]
      [Scan RS (ms): Min: 7.3, Avg: 7.5, Max: 7.7, Diff: 0.4, Sum: 15.0]
      [Code Root Scanning (ms): Min: 0.1, Avg: 0.1, Max: 0.1, Diff: 0.0, Sum: 0.1]
      [Object Copy (ms): Min: 37.4, Avg: 38.0, Max: 38.5, Diff: 1.1, Sum: 75.9]
      [Termination (ms): Min: 0.0, Avg: 0.0, Max: 0.0, Diff: 0.0, Sum: 0.0]
      [GC Worker Other (ms): Min: 0.1, Avg: 0.1, Max: 0.2, Diff: 0.0, Sum: 0.3]
      [GC Worker Total (ms): Min: 141.2, Avg: 142.1, Max: 142.9, Diff: 1.8, Sum: 284.1]
      [GC Worker End (ms): Min: 13226971.2, Avg: 13226971.2, Max: 13226971.2, Diff: 0.0]
   [Code Root Fixup: 0.5 ms]
   [Code Root Migration: 0.0 ms]
   [Clear CT: 0.5 ms]
   [Other: 6.0 ms]
      [Choose CSet: 0.0 ms]
      [Ref Proc: 2.2 ms]
      [Ref Enq: 0.2 ms]
      [Free CSet: 0.5 ms]
   [Eden: 184.0M(184.0M)->0.0B(182.0M) Survivors: 20.0M->22.0M Heap: 1612.0M(4096.0M)->1447.0M(4096.0M)]
 [Times: user=0.29 sys=0.00, real=0.16 secs] 
2016-08-30T17:16:23.438+0200: 13233.573: [GC pause (young), 0.1518390 secs]
   [Parallel Time: 145.1 ms, GC Workers: 2]
      [GC Worker Start (ms): Min: 13233574.1, Avg: 13233574.2, Max: 13233574.2, Diff: 0.0]
      [Ext Root Scanning (ms): Min: 51.2, Avg: 51.4, Max: 51.6, Diff: 0.5, Sum: 102.8]
      [Update RS (ms): Min: 49.3, Avg: 49.6, Max: 49.8, Diff: 0.5, Sum: 99.2]
         [Processed Buffers: Min: 288, Avg: 386.0, Max: 484, Diff: 196, Sum: 772]
      [Scan RS (ms): Min: 7.1, Avg: 7.3, Max: 7.5, Diff: 0.5, Sum: 14.6]
      [Code Root Scanning (ms): Min: 0.0, Avg: 0.1, Max: 0.1, Diff: 0.0, Sum: 0.1]
      [Object Copy (ms): Min: 36.3, Avg: 36.5, Max: 36.7, Diff: 0.4, Sum: 73.0]
      [Termination (ms): Min: 0.0, Avg: 0.0, Max: 0.0, Diff: 0.0, Sum: 0.0]
      [GC Worker Other (ms): Min: 0.1, Avg: 0.1, Max: 0.1, Diff: 0.1, Sum: 0.2]
      [GC Worker Total (ms): Min: 145.0, Avg: 145.0, Max: 145.0, Diff: 0.0, Sum: 290.0]
      [GC Worker End (ms): Min: 13233719.1, Avg: 13233719.1, Max: 13233719.1, Diff: 0.0]
   [Code Root Fixup: 0.5 ms]
   [Code Root Migration: 0.0 ms]
   [Clear CT: 0.5 ms]
   [Other: 5.7 ms]
      [Choose CSet: 0.0 ms]
      [Ref Proc: 2.1 ms]
      [Ref Enq: 0.2 ms]
      [Free CSet: 0.5 ms]
   [Eden: 182.0M(182.0M)->0.0B(258.0M) Survivors: 22.0M->20.0M Heap: 1629.0M(4096.0M)->1463.0M(4096.0M)]
 [Times: user=0.28 sys=0.00, real=0.15 secs] 
2016-08-30T17:16:33.464+0200: 13243.598: [GC pause (young), 0.1606440 secs]
   [Parallel Time: 154.4 ms, GC Workers: 2]
      [GC Worker Start (ms): Min: 13243599.9, Avg: 13243599.9, Max: 13243599.9, Diff: 0.0]
      [Ext Root Scanning (ms): Min: 50.4, Avg: 59.9, Max: 69.3, Diff: 18.9, Sum: 119.7]
      [Update RS (ms): Min: 42.9, Avg: 49.3, Max: 55.8, Diff: 12.9, Sum: 98.7]
         [Processed Buffers: Min: 412, Avg: 464.5, Max: 517, Diff: 105, Sum: 929]
      [Scan RS (ms): Min: 6.9, Avg: 7.1, Max: 7.2, Diff: 0.3, Sum: 14.1]
      [Code Root Scanning (ms): Min: 0.1, Avg: 0.1, Max: 0.1, Diff: 0.0, Sum: 0.2]
      [Object Copy (ms): Min: 35.0, Avg: 37.8, Max: 40.6, Diff: 5.6, Sum: 75.7]
      [Termination (ms): Min: 0.0, Avg: 0.0, Max: 0.0, Diff: 0.0, Sum: 0.0]
      [GC Worker Other (ms): Min: 0.0, Avg: 0.1, Max: 0.2, Diff: 0.1, Sum: 0.2]
      [GC Worker Total (ms): Min: 154.3, Avg: 154.3, Max: 154.3, Diff: 0.0, Sum: 308.6]
      [GC Worker End (ms): Min: 13243754.2, Avg: 13243754.2, Max: 13243754.2, Diff: 0.0]
   [Code Root Fixup: 0.3 ms]
   [Code Root Migration: 0.0 ms]
   [Clear CT: 0.4 ms]
   [Other: 5.6 ms]
      [Choose CSet: 0.0 ms]
      [Ref Proc: 2.0 ms]
      [Ref Enq: 0.1 ms]
      [Free CSet: 0.5 ms]
   [Eden: 258.0M(258.0M)->0.0B(290.0M) Survivors: 20.0M->36.0M Heap: 1721.0M(4096.0M)->1481.0M(4096.0M)]
 [Times: user=0.29 sys=0.00, real=0.16 secs] 
2016-08-30T17:16:42.953+0200: 13253.088: [GC pause (young), 0.1752330 secs]
   [Parallel Time: 168.6 ms, GC Workers: 2]
      [GC Worker Start (ms): Min: 13253089.5, Avg: 13253089.5, Max: 13253089.5, Diff: 0.0]
      [Ext Root Scanning (ms): Min: 50.6, Avg: 50.8, Max: 51.0, Diff: 0.5, Sum: 101.6]
      [Update RS (ms): Min: 57.5, Avg: 57.8, Max: 58.2, Diff: 0.6, Sum: 115.7]
         [Processed Buffers: Min: 426, Avg: 450.5, Max: 475, Diff: 49, Sum: 901]
      [Scan RS (ms): Min: 11.4, Avg: 11.5, Max: 11.6, Diff: 0.2, Sum: 23.0]
      [Code Root Scanning (ms): Min: 0.1, Avg: 0.1, Max: 0.1, Diff: 0.0, Sum: 0.2]
      [Object Copy (ms): Min: 47.3, Avg: 48.0, Max: 48.7, Diff: 1.4, Sum: 96.1]
      [Termination (ms): Min: 0.0, Avg: 0.0, Max: 0.0, Diff: 0.0, Sum: 0.0]
      [GC Worker Other (ms): Min: 0.1, Avg: 0.2, Max: 0.2, Diff: 0.1, Sum: 0.3]
      [GC Worker Total (ms): Min: 168.5, Avg: 168.5, Max: 168.5, Diff: 0.0, Sum: 336.9]
      [GC Worker End (ms): Min: 13253258.0, Avg: 13253258.0, Max: 13253258.0, Diff: 0.0]
   [Code Root Fixup: 0.2 ms]
   [Code Root Migration: 0.0 ms]
   [Clear CT: 0.4 ms]
   [Other: 6.0 ms]
      [Choose CSet: 0.0 ms]
      [Ref Proc: 2.3 ms]
      [Ref Enq: 0.1 ms]
      [Free CSet: 0.5 ms]
   [Eden: 290.0M(290.0M)->0.0B(284.0M) Survivors: 36.0M->32.0M Heap: 1771.0M(4096.0M)->1507.0M(4096.0M)]
 [Times: user=0.34 sys=0.00, real=0.18 secs] 
2016-08-30T17:16:52.868+0200: 13263.003: [GC pause (young), 0.1902000 secs]
   [Parallel Time: 181.2 ms, GC Workers: 2]
      [GC Worker Start (ms): Min: 13263004.3, Avg: 13263004.4, Max: 13263004.4, Diff: 0.0]
      [Ext Root Scanning (ms): Min: 49.3, Avg: 56.3, Max: 63.4, Diff: 14.1, Sum: 112.6]
      [Update RS (ms): Min: 46.6, Avg: 54.0, Max: 61.3, Diff: 14.7, Sum: 107.9]
         [Processed Buffers: Min: 388, Avg: 448.5, Max: 509, Diff: 121, Sum: 897]
      [Scan RS (ms): Min: 11.1, Avg: 11.3, Max: 11.6, Diff: 0.5, Sum: 22.6]
      [Code Root Scanning (ms): Min: 0.1, Avg: 0.1, Max: 0.1, Diff: 0.0, Sum: 0.2]
      [Object Copy (ms): Min: 58.7, Avg: 59.3, Max: 59.8, Diff: 1.1, Sum: 118.6]
      [Termination (ms): Min: 0.0, Avg: 0.0, Max: 0.0, Diff: 0.0, Sum: 0.0]
      [GC Worker Other (ms): Min: 0.1, Avg: 0.1, Max: 0.1, Diff: 0.0, Sum: 0.2]
      [GC Worker Total (ms): Min: 181.1, Avg: 181.1, Max: 181.1, Diff: 0.0, Sum: 362.2]
      [GC Worker End (ms): Min: 13263185.5, Avg: 13263185.5, Max: 13263185.5, Diff: 0.0]
   [Code Root Fixup: 0.4 ms]
   [Code Root Migration: 0.1 ms]
   [Clear CT: 0.6 ms]
   [Other: 8.0 ms]
      [Choose CSet: 0.0 ms]
      [Ref Proc: 3.8 ms]
      [Ref Enq: 0.3 ms]
      [Free CSet: 0.7 ms]
   [Eden: 284.0M(284.0M)->0.0B(266.0M) Survivors: 32.0M->30.0M Heap: 1791.0M(4096.0M)->1532.0M(4096.0M)]
 [Times: user=0.37 sys=0.00, real=0.20 secs] 
2016-08-30T17:17:01.342+0200: 13271.476: [GC pause (young), 0.1674710 secs]
   [Parallel Time: 151.7 ms, GC Workers: 2]
      [GC Worker Start (ms): Min: 13271477.6, Avg: 13271477.7, Max: 13271477.7, Diff: 0.0]
      [Ext Root Scanning (ms): Min: 49.8, Avg: 53.1, Max: 56.5, Diff: 6.7, Sum: 106.2]
      [Update RS (ms): Min: 48.0, Avg: 49.2, Max: 50.4, Diff: 2.5, Sum: 98.4]
         [Processed Buffers: Min: 379, Avg: 435.0, Max: 491, Diff: 112, Sum: 870]
      [Scan RS (ms): Min: 10.0, Avg: 10.3, Max: 10.6, Diff: 0.7, Sum: 20.6]
      [Code Root Scanning (ms): Min: 0.0, Avg: 0.1, Max: 0.1, Diff: 0.1, Sum: 0.2]
      [Object Copy (ms): Min: 37.1, Avg: 38.8, Max: 40.5, Diff: 3.5, Sum: 77.6]
      [Termination (ms): Min: 0.0, Avg: 0.0, Max: 0.0, Diff: 0.0, Sum: 0.0]
      [GC Worker Other (ms): Min: 0.1, Avg: 0.1, Max: 0.1, Diff: 0.0, Sum: 0.2]
      [GC Worker Total (ms): Min: 151.7, Avg: 151.7, Max: 151.7, Diff: 0.0, Sum: 303.3]
      [GC Worker End (ms): Min: 13271629.3, Avg: 13271629.3, Max: 13271629.3, Diff: 0.0]
   [Code Root Fixup: 0.3 ms]
   [Code Root Migration: 0.0 ms]
   [Clear CT: 0.4 ms]
   [Other: 15.1 ms]
      [Choose CSet: 0.0 ms]
      [Ref Proc: 12.0 ms]
      [Ref Enq: 0.1 ms]
      [Free CSet: 0.4 ms]
   [Eden: 266.0M(266.0M)->0.0B(322.0M) Survivors: 30.0M->26.0M Heap: 1798.0M(4096.0M)->1552.0M(4096.0M)]
 [Times: user=0.24 sys=0.00, real=0.16 secs] 
2016-08-30T17:17:13.612+0200: 13283.747: [GC pause (young), 0.1970740 secs]
   [Parallel Time: 186.7 ms, GC Workers: 2]
      [GC Worker Start (ms): Min: 13283748.8, Avg: 13283748.8, Max: 13283748.8, Diff: 0.0]
      [Ext Root Scanning (ms): Min: 49.9, Avg: 50.5, Max: 51.0, Diff: 1.1, Sum: 100.9]
      [Update RS (ms): Min: 56.8, Avg: 56.9, Max: 57.0, Diff: 0.1, Sum: 113.8]
         [Processed Buffers: Min: 462, Avg: 470.5, Max: 479, Diff: 17, Sum: 941]
      [Scan RS (ms): Min: 10.0, Avg: 10.1, Max: 10.1, Diff: 0.1, Sum: 20.2]
      [Code Root Scanning (ms): Min: 0.1, Avg: 0.1, Max: 0.1, Diff: 0.0, Sum: 0.2]
      [Object Copy (ms): Min: 68.3, Avg: 68.9, Max: 69.5, Diff: 1.2, Sum: 137.8]
      [Termination (ms): Min: 0.0, Avg: 0.0, Max: 0.0, Diff: 0.0, Sum: 0.0]
      [GC Worker Other (ms): Min: 0.2, Avg: 0.2, Max: 0.2, Diff: 0.0, Sum: 0.3]
      [GC Worker Total (ms): Min: 186.6, Avg: 186.6, Max: 186.6, Diff: 0.0, Sum: 373.2]
      [GC Worker End (ms): Min: 13283935.4, Avg: 13283935.4, Max: 13283935.4, Diff: 0.0]
   [Code Root Fixup: 0.4 ms]
   [Code Root Migration: 0.1 ms]
   [Clear CT: 0.5 ms]
   [Other: 9.4 ms]
      [Choose CSet: 0.0 ms]
      [Ref Proc: 4.6 ms]
      [Ref Enq: 0.3 ms]
      [Free CSet: 0.9 ms]
   [Eden: 322.0M(322.0M)->0.0B(250.0M) Survivors: 26.0M->36.0M Heap: 1874.0M(4096.0M)->1581.0M(4096.0M)]
 [Times: user=0.35 sys=0.01, real=0.19 secs] 
2016-08-30T17:17:21.995+0200: 13292.129: [GC pause (young), 0.1740240 secs]
   [Parallel Time: 165.3 ms, GC Workers: 2]
      [GC Worker Start (ms): Min: 13292130.9, Avg: 13292130.9, Max: 13292130.9, Diff: 0.0]
      [Ext Root Scanning (ms): Min: 52.8, Avg: 53.2, Max: 53.6, Diff: 0.8, Sum: 106.4]
      [Update RS (ms): Min: 46.8, Avg: 47.8, Max: 48.7, Diff: 1.9, Sum: 95.6]
         [Processed Buffers: Min: 398, Avg: 410.5, Max: 423, Diff: 25, Sum: 821]
      [Scan RS (ms): Min: 10.7, Avg: 11.2, Max: 11.8, Diff: 1.1, Sum: 22.5]
      [Code Root Scanning (ms): Min: 0.0, Avg: 0.1, Max: 0.2, Diff: 0.1, Sum: 0.2]
      [Object Copy (ms): Min: 52.7, Avg: 52.7, Max: 52.8, Diff: 0.1, Sum: 105.5]
      [Termination (ms): Min: 0.0, Avg: 0.0, Max: 0.0, Diff: 0.0, Sum: 0.0]
      [GC Worker Other (ms): Min: 0.1, Avg: 0.2, Max: 0.2, Diff: 0.0, Sum: 0.3]
      [GC Worker Total (ms): Min: 165.2, Avg: 165.2, Max: 165.2, Diff: 0.0, Sum: 330.5]
      [GC Worker End (ms): Min: 13292296.1, Avg: 13292296.1, Max: 13292296.1, Diff: 0.0]
   [Code Root Fixup: 0.5 ms]
   [Code Root Migration: 0.0 ms]
   [Clear CT: 0.6 ms]
   [Other: 7.5 ms]
      [Choose CSet: 0.0 ms]
      [Ref Proc: 3.4 ms]
      [Ref Enq: 0.3 ms]
      [Free CSet: 0.7 ms]
   [Eden: 250.0M(250.0M)->0.0B(322.0M) Survivors: 36.0M->26.0M Heap: 1831.0M(4096.0M)->1597.0M(4096.0M)]
 [Times: user=0.32 sys=0.01, real=0.17 secs] 
2016-08-30T17:17:33.100+0200: 13303.235: [GC pause (young), 0.1841280 secs]
   [Parallel Time: 173.9 ms, GC Workers: 2]
      [GC Worker Start (ms): Min: 13303236.5, Avg: 13303236.5, Max: 13303236.5, Diff: 0.0]
      [Ext Root Scanning (ms): Min: 51.5, Avg: 51.8, Max: 52.1, Diff: 0.6, Sum: 103.6]
      [Update RS (ms): Min: 55.0, Avg: 55.9, Max: 56.8, Diff: 1.8, Sum: 111.8]
         [Processed Buffers: Min: 398, Avg: 468.0, Max: 538, Diff: 140, Sum: 936]
      [Scan RS (ms): Min: 10.2, Avg: 10.2, Max: 10.3, Diff: 0.1, Sum: 20.5]
      [Code Root Scanning (ms): Min: 0.1, Avg: 0.1, Max: 0.2, Diff: 0.0, Sum: 0.3]
      [Object Copy (ms): Min: 54.9, Avg: 55.6, Max: 56.2, Diff: 1.3, Sum: 111.1]
      [Termination (ms): Min: 0.0, Avg: 0.0, Max: 0.0, Diff: 0.0, Sum: 0.0]
      [GC Worker Other (ms): Min: 0.1, Avg: 0.1, Max: 0.1, Diff: 0.0, Sum: 0.3]
      [GC Worker Total (ms): Min: 173.8, Avg: 173.8, Max: 173.8, Diff: 0.0, Sum: 347.6]
      [GC Worker End (ms): Min: 13303410.2, Avg: 13303410.3, Max: 13303410.3, Diff: 0.0]
   [Code Root Fixup: 0.5 ms]
   [Code Root Migration: 0.1 ms]
   [Clear CT: 0.6 ms]
   [Other: 9.1 ms]
      [Choose CSet: 0.0 ms]
      [Ref Proc: 4.5 ms]
      [Ref Enq: 0.3 ms]
      [Free CSet: 0.8 ms]
   [Eden: 322.0M(322.0M)->0.0B(294.0M) Survivors: 26.0M->34.0M Heap: 1919.0M(4096.0M)->1623.0M(4096.0M)]
 [Times: user=0.36 sys=0.00, real=0.19 secs] 
2016-08-30T17:17:42.301+0200: 13312.436: [GC pause (young), 0.1807460 secs]
   [Parallel Time: 173.4 ms, GC Workers: 2]
      [GC Worker Start (ms): Min: 13312437.7, Avg: 13312437.7, Max: 13312437.7, Diff: 0.0]
      [Ext Root Scanning (ms): Min: 51.8, Avg: 52.0, Max: 52.3, Diff: 0.5, Sum: 104.1]
      [Update RS (ms): Min: 51.4, Avg: 51.9, Max: 52.3, Diff: 0.9, Sum: 103.7]
         [Processed Buffers: Min: 470, Avg: 473.0, Max: 476, Diff: 6, Sum: 946]
      [Scan RS (ms): Min: 9.9, Avg: 10.4, Max: 10.9, Diff: 1.0, Sum: 20.9]
      [Code Root Scanning (ms): Min: 0.1, Avg: 0.1, Max: 0.1, Diff: 0.0, Sum: 0.2]
      [Object Copy (ms): Min: 58.0, Avg: 58.7, Max: 59.4, Diff: 1.4, Sum: 117.4]
      [Termination (ms): Min: 0.0, Avg: 0.0, Max: 0.0, Diff: 0.0, Sum: 0.0]
      [GC Worker Other (ms): Min: 0.1, Avg: 0.1, Max: 0.2, Diff: 0.0, Sum: 0.3]
      [GC Worker Total (ms): Min: 173.3, Avg: 173.3, Max: 173.3, Diff: 0.0, Sum: 346.6]
      [GC Worker End (ms): Min: 13312611.0, Avg: 13312611.0, Max: 13312611.0, Diff: 0.0]
   [Code Root Fixup: 0.3 ms]
   [Code Root Migration: 0.0 ms]
   [Clear CT: 0.5 ms]
   [Other: 6.4 ms]
      [Choose CSet: 0.0 ms]
      [Ref Proc: 2.5 ms]
      [Ref Enq: 0.2 ms]
      [Free CSet: 0.6 ms]
   [Eden: 294.0M(294.0M)->0.0B(298.0M) Survivors: 34.0M->36.0M Heap: 1917.0M(4096.0M)->1650.0M(4096.0M)]
 [Times: user=0.35 sys=0.00, real=0.18 secs] 
2016-08-30T17:17:51.853+0200: 13321.987: [GC pause (young), 0.1826520 secs]
   [Parallel Time: 173.5 ms, GC Workers: 2]
      [GC Worker Start (ms): Min: 13321989.0, Avg: 13321989.1, Max: 13321989.1, Diff: 0.1]
      [Ext Root Scanning (ms): Min: 49.6, Avg: 50.2, Max: 50.7, Diff: 1.0, Sum: 100.3]
      [Update RS (ms): Min: 57.5, Avg: 58.1, Max: 58.6, Diff: 1.1, Sum: 116.2]
         [Processed Buffers: Min: 443, Avg: 473.5, Max: 504, Diff: 61, Sum: 947]
      [Scan RS (ms): Min: 10.0, Avg: 10.5, Max: 11.0, Diff: 1.0, Sum: 21.0]
      [Code Root Scanning (ms): Min: 0.0, Avg: 0.1, Max: 0.2, Diff: 0.1, Sum: 0.2]
      [Object Copy (ms): Min: 53.9, Avg: 54.4, Max: 55.0, Diff: 1.1, Sum: 108.8]
      [Termination (ms): Min: 0.0, Avg: 0.0, Max: 0.0, Diff: 0.0, Sum: 0.0]
      [GC Worker Other (ms): Min: 0.1, Avg: 0.2, Max: 0.2, Diff: 0.0, Sum: 0.3]
      [GC Worker Total (ms): Min: 173.4, Avg: 173.4, Max: 173.5, Diff: 0.1, Sum: 346.8]
      [GC Worker End (ms): Min: 13322162.5, Avg: 13322162.5, Max: 13322162.5, Diff: 0.0]
   [Code Root Fixup: 0.4 ms]
   [Code Root Migration: 0.1 ms]
   [Clear CT: 0.6 ms]
   [Other: 8.1 ms]
      [Choose CSet: 0.0 ms]
      [Ref Proc: 3.8 ms]
      [Ref Enq: 0.3 ms]
      [Free CSet: 0.6 ms]
   [Eden: 298.0M(298.0M)->0.0B(358.0M) Survivors: 36.0M->28.0M Heap: 1948.0M(4096.0M)->1669.0M(4096.0M)]
 [Times: user=0.36 sys=0.01, real=0.18 secs] 
2016-08-30T17:18:04.430+0200: 13334.564: [GC pause (young), 0.1803530 secs]
   [Parallel Time: 172.1 ms, GC Workers: 2]
      [GC Worker Start (ms): Min: 13334565.9, Avg: 13334565.9, Max: 13334565.9, Diff: 0.0]
      [Ext Root Scanning (ms): Min: 50.8, Avg: 51.4, Max: 52.0, Diff: 1.2, Sum: 102.8]
      [Update RS (ms): Min: 59.2, Avg: 59.3, Max: 59.5, Diff: 0.4, Sum: 118.7]
         [Processed Buffers: Min: 410, Avg: 457.5, Max: 505, Diff: 95, Sum: 915]
      [Scan RS (ms): Min: 10.9, Avg: 11.2, Max: 11.4, Diff: 0.5, Sum: 22.3]
      [Code Root Scanning (ms): Min: 0.1, Avg: 0.1, Max: 0.1, Diff: 0.0, Sum: 0.2]
      [Object Copy (ms): Min: 49.4, Avg: 49.9, Max: 50.4, Diff: 1.1, Sum: 99.8]
      [Termination (ms): Min: 0.0, Avg: 0.0, Max: 0.0, Diff: 0.0, Sum: 0.0]
      [GC Worker Other (ms): Min: 0.2, Avg: 0.2, Max: 0.2, Diff: 0.0, Sum: 0.3]
      [GC Worker Total (ms): Min: 172.1, Avg: 172.1, Max: 172.1, Diff: 0.0, Sum: 344.1]
      [GC Worker End (ms): Min: 13334737.9, Avg: 13334738.0, Max: 13334738.0, Diff: 0.0]
   [Code Root Fixup: 0.3 ms]
   [Code Root Migration: 0.1 ms]
   [Clear CT: 0.5 ms]
   [Other: 7.4 ms]
      [Choose CSet: 0.0 ms]
      [Ref Proc: 3.4 ms]
      [Ref Enq: 0.2 ms]
      [Free CSet: 0.7 ms]
   [Eden: 340.0M(240.0M)->0.0B(378.0M) Survivors: 28.0M->30.0M Heap: 2009.0M(4096.0M)->1691.0M(4096.0M)]
 [Times: user=0.34 sys=0.00, real=0.19 secs] 
2016-08-30T17:18:16.497+0200: 13346.631: [GC pause (young), 0.1949670 secs]
   [Parallel Time: 185.1 ms, GC Workers: 2]
      [GC Worker Start (ms): Min: 13346632.9, Avg: 13346635.5, Max: 13346638.0, Diff: 5.0]
      [Ext Root Scanning (ms): Min: 53.1, Avg: 56.2, Max: 59.4, Diff: 6.3, Sum: 112.5]
      [Update RS (ms): Min: 53.7, Avg: 55.6, Max: 57.6, Diff: 3.9, Sum: 111.3]
         [Processed Buffers: Min: 427, Avg: 437.5, Max: 448, Diff: 21, Sum: 875]
      [Scan RS (ms): Min: 11.1, Avg: 11.6, Max: 12.0, Diff: 0.9, Sum: 23.1]
      [Code Root Scanning (ms): Min: 0.1, Avg: 0.1, Max: 0.1, Diff: 0.0, Sum: 0.2]
      [Object Copy (ms): Min: 57.8, Avg: 58.6, Max: 59.5, Diff: 1.6, Sum: 117.3]
      [Termination (ms): Min: 0.1, Avg: 0.1, Max: 0.1, Diff: 0.1, Sum: 0.2]
      [GC Worker Other (ms): Min: 0.1, Avg: 0.1, Max: 0.1, Diff: 0.0, Sum: 0.3]
      [GC Worker Total (ms): Min: 179.9, Avg: 182.4, Max: 184.9, Diff: 5.0, Sum: 364.8]
      [GC Worker End (ms): Min: 13346817.8, Avg: 13346817.9, Max: 13346817.9, Diff: 0.1]
   [Code Root Fixup: 0.4 ms]
   [Code Root Migration: 0.1 ms]
   [Clear CT: 0.6 ms]
   [Other: 8.8 ms]
      [Choose CSet: 0.0 ms]
      [Ref Proc: 4.2 ms]
      [Ref Enq: 0.3 ms]
      [Free CSet: 0.9 ms]
   [Eden: 332.0M(254.0M)->0.0B(302.0M) Survivors: 30.0M->36.0M Heap: 2023.0M(4096.0M)->1716.0M(4096.0M)]
 [Times: user=0.36 sys=0.00, real=0.20 secs] 
2016-08-30T17:18:27.688+0200: 13357.822: [GC pause (young), 0.2051280 secs]
   [Parallel Time: 199.2 ms, GC Workers: 2]
      [GC Worker Start (ms): Min: 13357823.5, Avg: 13357825.2, Max: 13357827.0, Diff: 3.4]
      [Ext Root Scanning (ms): Min: 53.4, Avg: 57.6, Max: 61.8, Diff: 8.4, Sum: 115.2]
      [Update RS (ms): Min: 62.1, Avg: 66.5, Max: 70.9, Diff: 8.8, Sum: 132.9]
         [Processed Buffers: Min: 320, Avg: 421.0, Max: 522, Diff: 202, Sum: 842]
      [Scan RS (ms): Min: 10.6, Avg: 12.1, Max: 13.5, Diff: 2.8, Sum: 24.1]
      [Code Root Scanning (ms): Min: 0.0, Avg: 0.1, Max: 0.1, Diff: 0.1, Sum: 0.1]
      [Object Copy (ms): Min: 59.0, Avg: 60.3, Max: 61.6, Diff: 2.5, Sum: 120.6]
      [Termination (ms): Min: 0.0, Avg: 0.8, Max: 1.6, Diff: 1.6, Sum: 1.6]
      [GC Worker Other (ms): Min: 0.1, Avg: 0.1, Max: 0.1, Diff: 0.0, Sum: 0.2]
      [GC Worker Total (ms): Min: 195.7, Avg: 197.4, Max: 199.1, Diff: 3.4, Sum: 394.8]
      [GC Worker End (ms): Min: 13358022.6, Avg: 13358022.7, Max: 13358022.7, Diff: 0.0]
   [Code Root Fixup: 0.2 ms]
   [Code Root Migration: 0.0 ms]
   [Clear CT: 0.7 ms]
   [Other: 5.0 ms]
      [Choose CSet: 0.0 ms]
      [Ref Proc: 2.2 ms]
      [Ref Enq: 0.1 ms]
      [Free CSet: 0.5 ms]
   [Eden: 302.0M(302.0M)->0.0B(264.0M) Survivors: 36.0M->28.0M Heap: 2018.0M(4096.0M)->1735.0M(4096.0M)]
 [Times: user=0.21 sys=0.00, real=0.21 secs] 
2016-08-30T17:18:37.765+0200: 13367.899: [GC pause (young), 0.1405340 secs]
   [Parallel Time: 130.5 ms, GC Workers: 2]
      [GC Worker Start (ms): Min: 13367900.3, Avg: 13367900.8, Max: 13367901.4, Diff: 1.2]
      [Ext Root Scanning (ms): Min: 42.6, Avg: 47.9, Max: 53.1, Diff: 10.5, Sum: 95.8]
      [Update RS (ms): Min: 34.5, Avg: 39.9, Max: 45.4, Diff: 10.9, Sum: 79.8]
         [Processed Buffers: Min: 279, Avg: 436.5, Max: 594, Diff: 315, Sum: 873]
      [Scan RS (ms): Min: 7.7, Avg: 8.3, Max: 8.9, Diff: 1.1, Sum: 16.6]
      [Code Root Scanning (ms): Min: 0.0, Avg: 0.0, Max: 0.1, Diff: 0.0, Sum: 0.1]
      [Object Copy (ms): Min: 32.7, Avg: 33.7, Max: 34.6, Diff: 1.9, Sum: 67.3]
      [Termination (ms): Min: 0.0, Avg: 0.0, Max: 0.0, Diff: 0.0, Sum: 0.0]
      [GC Worker Other (ms): Min: 0.1, Avg: 0.1, Max: 0.1, Diff: 0.0, Sum: 0.2]
      [GC Worker Total (ms): Min: 129.3, Avg: 129.9, Max: 130.5, Diff: 1.2, Sum: 259.8]
      [GC Worker End (ms): Min: 13368030.7, Avg: 13368030.7, Max: 13368030.7, Diff: 0.0]
   [Code Root Fixup: 0.3 ms]
   [Code Root Migration: 0.0 ms]
   [Clear CT: 0.4 ms]
   [Other: 9.3 ms]
      [Choose CSet: 0.0 ms]
      [Ref Proc: 6.7 ms]
      [Ref Enq: 0.1 ms]
      [Free CSet: 0.4 ms]
   [Eden: 264.0M(264.0M)->0.0B(490.0M) Survivors: 28.0M->26.0M Heap: 1999.0M(4096.0M)->1754.0M(4096.0M)]
 [Times: user=0.18 sys=0.00, real=0.14 secs] 
2016-08-30T17:18:52.974+0200: 13383.108: [GC pause (young), 0.1986070 secs]
   [Parallel Time: 186.9 ms, GC Workers: 2]
      [GC Worker Start (ms): Min: 13383109.9, Avg: 13383109.9, Max: 13383109.9, Diff: 0.0]
      [Ext Root Scanning (ms): Min: 50.5, Avg: 50.5, Max: 50.5, Diff: 0.0, Sum: 101.1]
      [Update RS (ms): Min: 61.9, Avg: 62.3, Max: 62.7, Diff: 0.8, Sum: 124.6]
         [Processed Buffers: Min: 445, Avg: 447.0, Max: 449, Diff: 4, Sum: 894]
      [Scan RS (ms): Min: 10.0, Avg: 10.6, Max: 11.1, Diff: 1.1, Sum: 21.2]
      [Code Root Scanning (ms): Min: 0.1, Avg: 0.1, Max: 0.2, Diff: 0.1, Sum: 0.3]
      [Object Copy (ms): Min: 62.9, Avg: 63.0, Max: 63.1, Diff: 0.3, Sum: 126.0]
      [Termination (ms): Min: 0.0, Avg: 0.0, Max: 0.0, Diff: 0.0, Sum: 0.0]
      [GC Worker Other (ms): Min: 0.2, Avg: 0.2, Max: 0.2, Diff: 0.0, Sum: 0.4]
      [GC Worker Total (ms): Min: 186.7, Avg: 186.8, Max: 186.8, Diff: 0.1, Sum: 373.5]
      [GC Worker End (ms): Min: 13383296.6, Avg: 13383296.6, Max: 13383296.7, Diff: 0.0]
   [Code Root Fixup: 0.6 ms]
   [Code Root Migration: 0.1 ms]
   [Clear CT: 0.7 ms]
   [Other: 10.4 ms]
      [Choose CSet: 0.0 ms]
      [Ref Proc: 5.5 ms]
      [Ref Enq: 0.4 ms]
      [Free CSet: 1.1 ms]
   [Eden: 416.0M(310.0M)->0.0B(326.0M) Survivors: 26.0M->42.0M Heap: 2170.0M(4096.0M)->1788.0M(4096.0M)]
 [Times: user=0.38 sys=0.01, real=0.20 secs] 
2016-08-30T17:19:05.269+0200: 13395.403: [GC pause (young), 0.2025520 secs]
   [Parallel Time: 193.4 ms, GC Workers: 2]
      [GC Worker Start (ms): Min: 13395405.6, Avg: 13395406.7, Max: 13395407.9, Diff: 2.3]
      [Ext Root Scanning (ms): Min: 50.2, Avg: 55.9, Max: 61.5, Diff: 11.3, Sum: 111.7]
      [Update RS (ms): Min: 49.2, Avg: 54.3, Max: 59.4, Diff: 10.3, Sum: 108.6]
         [Processed Buffers: Min: 349, Avg: 420.5, Max: 492, Diff: 143, Sum: 841]
      [Scan RS (ms): Min: 12.3, Avg: 12.4, Max: 12.6, Diff: 0.3, Sum: 24.9]
      [Code Root Scanning (ms): Min: 0.1, Avg: 0.1, Max: 0.1, Diff: 0.0, Sum: 0.2]
      [Object Copy (ms): Min: 68.6, Avg: 69.3, Max: 70.0, Diff: 1.5, Sum: 138.6]
      [Termination (ms): Min: 0.0, Avg: 0.0, Max: 0.0, Diff: 0.0, Sum: 0.0]
      [GC Worker Other (ms): Min: 0.2, Avg: 0.2, Max: 0.2, Diff: 0.0, Sum: 0.4]
      [GC Worker Total (ms): Min: 191.1, Avg: 192.2, Max: 193.3, Diff: 2.3, Sum: 384.4]
      [GC Worker End (ms): Min: 13395598.9, Avg: 13395598.9, Max: 13395598.9, Diff: 0.0]
   [Code Root Fixup: 0.4 ms]
   [Code Root Migration: 0.1 ms]
   [Clear CT: 0.6 ms]
   [Other: 8.1 ms]
      [Choose CSet: 0.0 ms]
      [Ref Proc: 3.7 ms]
      [Ref Enq: 0.2 ms]
      [Free CSet: 0.7 ms]
   [Eden: 326.0M(326.0M)->0.0B(302.0M) Survivors: 42.0M->32.0M Heap: 2114.0M(4096.0M)->1811.0M(4096.0M)]
 [Times: user=0.39 sys=0.00, real=0.20 secs] 
2016-08-30T17:19:15.584+0200: 13405.719: [GC pause (young), 0.1646300 secs]
   [Parallel Time: 158.0 ms, GC Workers: 2]
      [GC Worker Start (ms): Min: 13405720.3, Avg: 13405720.4, Max: 13405720.5, Diff: 0.2]
      [Ext Root Scanning (ms): Min: 49.9, Avg: 50.5, Max: 51.1, Diff: 1.1, Sum: 101.0]
      [Update RS (ms): Min: 52.3, Avg: 52.5, Max: 52.7, Diff: 0.4, Sum: 105.0]
         [Processed Buffers: Min: 465, Avg: 466.0, Max: 467, Diff: 2, Sum: 932]
      [Scan RS (ms): Min: 10.0, Avg: 10.1, Max: 10.2, Diff: 0.2, Sum: 20.3]
      [Code Root Scanning (ms): Min: 0.1, Avg: 0.1, Max: 0.1, Diff: 0.1, Sum: 0.2]
      [Object Copy (ms): Min: 44.1, Avg: 44.5, Max: 45.0, Diff: 0.9, Sum: 89.0]
      [Termination (ms): Min: 0.0, Avg: 0.0, Max: 0.0, Diff: 0.0, Sum: 0.0]
      [GC Worker Other (ms): Min: 0.1, Avg: 0.2, Max: 0.2, Diff: 0.0, Sum: 0.3]
      [GC Worker Total (ms): Min: 157.8, Avg: 157.9, Max: 158.0, Diff: 0.2, Sum: 315.8]
      [GC Worker End (ms): Min: 13405878.3, Avg: 13405878.3, Max: 13405878.3, Diff: 0.0]
   [Code Root Fixup: 0.3 ms]
   [Code Root Migration: 0.0 ms]
   [Clear CT: 0.5 ms]
   [Other: 5.8 ms]
      [Choose CSet: 0.0 ms]
      [Ref Proc: 2.2 ms]
      [Ref Enq: 0.1 ms]
      [Free CSet: 0.5 ms]
   [Eden: 302.0M(302.0M)->0.0B(340.0M) Survivors: 32.0M->38.0M Heap: 2113.0M(4096.0M)->1840.0M(4096.0M)]
 [Times: user=0.32 sys=0.00, real=0.16 secs] 
2016-08-30T17:19:27.231+0200: 13417.366: [GC pause (young), 0.1866650 secs]
   [Parallel Time: 175.6 ms, GC Workers: 2]
      [GC Worker Start (ms): Min: 13417367.4, Avg: 13417367.4, Max: 13417367.4, Diff: 0.0]
      [Ext Root Scanning (ms): Min: 50.3, Avg: 50.6, Max: 51.0, Diff: 0.7, Sum: 101.3]
      [Update RS (ms): Min: 53.8, Avg: 53.8, Max: 53.9, Diff: 0.1, Sum: 107.6]
         [Processed Buffers: Min: 434, Avg: 438.0, Max: 442, Diff: 8, Sum: 876]
      [Scan RS (ms): Min: 11.2, Avg: 11.3, Max: 11.4, Diff: 0.2, Sum: 22.6]
      [Code Root Scanning (ms): Min: 0.1, Avg: 0.1, Max: 0.1, Diff: 0.0, Sum: 0.2]
      [Object Copy (ms): Min: 59.3, Avg: 59.5, Max: 59.6, Diff: 0.4, Sum: 118.9]
      [Termination (ms): Min: 0.0, Avg: 0.0, Max: 0.0, Diff: 0.0, Sum: 0.0]
      [GC Worker Other (ms): Min: 0.1, Avg: 0.2, Max: 0.2, Diff: 0.0, Sum: 0.3]
      [GC Worker Total (ms): Min: 175.5, Avg: 175.5, Max: 175.5, Diff: 0.0, Sum: 351.0]
      [GC Worker End (ms): Min: 13417542.9, Avg: 13417542.9, Max: 13417542.9, Diff: 0.0]
   [Code Root Fixup: 0.5 ms]
   [Code Root Migration: 0.1 ms]
   [Clear CT: 0.7 ms]
   [Other: 9.8 ms]
      [Choose CSet: 0.0 ms]
      [Ref Proc: 5.4 ms]
      [Ref Enq: 0.3 ms]
      [Free CSet: 0.8 ms]
   [Eden: 340.0M(340.0M)->0.0B(380.0M) Survivors: 38.0M->32.0M Heap: 2180.0M(4096.0M)->1860.0M(4096.0M)]
 [Times: user=0.36 sys=0.01, real=0.19 secs] 
2016-08-30T17:19:38.612+0200: 13428.747: [GC pause (young), 0.1378360 secs]
   [Parallel Time: 131.8 ms, GC Workers: 2]
      [GC Worker Start (ms): Min: 13428747.6, Avg: 13428747.6, Max: 13428747.6, Diff: 0.0]
      [Ext Root Scanning (ms): Min: 28.0, Avg: 40.6, Max: 53.2, Diff: 25.2, Sum: 81.2]
      [Update RS (ms): Min: 28.3, Avg: 41.7, Max: 55.1, Diff: 26.7, Sum: 83.4]
         [Processed Buffers: Min: 423, Avg: 460.5, Max: 498, Diff: 75, Sum: 921]
      [Scan RS (ms): Min: 7.4, Avg: 10.6, Max: 13.7, Diff: 6.3, Sum: 21.1]
      [Code Root Scanning (ms): Min: 0.0, Avg: 0.0, Max: 0.0, Diff: 0.0, Sum: 0.1]
      [Object Copy (ms): Min: 34.3, Avg: 37.6, Max: 41.0, Diff: 6.7, Sum: 75.3]
      [Termination (ms): Min: 0.0, Avg: 0.6, Max: 1.1, Diff: 1.1, Sum: 1.1]
      [GC Worker Other (ms): Min: 0.1, Avg: 0.1, Max: 0.1, Diff: 0.0, Sum: 0.2]
      [GC Worker Total (ms): Min: 131.2, Avg: 131.2, Max: 131.2, Diff: 0.0, Sum: 262.4]
      [GC Worker End (ms): Min: 13428878.7, Avg: 13428878.7, Max: 13428878.8, Diff: 0.0]
   [Code Root Fixup: 0.2 ms]
   [Code Root Migration: 0.0 ms]
   [Clear CT: 0.6 ms]
   [Other: 5.2 ms]
      [Choose CSet: 0.0 ms]
      [Ref Proc: 2.7 ms]
      [Ref Enq: 0.2 ms]
      [Free CSet: 0.5 ms]
   [Eden: 330.0M(246.0M)->0.0B(640.0M) Survivors: 32.0M->34.0M Heap: 2190.0M(4096.0M)->1883.0M(4096.0M)]
 [Times: user=0.19 sys=0.00, real=0.14 secs] 
2016-08-30T17:19:51.924+0200: 13442.059: [GC pause (young) (initial-mark), 0.2118320 secs]
   [Parallel Time: 202.1 ms, GC Workers: 2]
      [GC Worker Start (ms): Min: 13442061.0, Avg: 13442061.0, Max: 13442061.0, Diff: 0.0]
      [Ext Root Scanning (ms): Min: 50.6, Avg: 51.7, Max: 52.9, Diff: 2.2, Sum: 103.5]
      [Code Root Marking (ms): Min: 13.3, Avg: 13.5, Max: 13.8, Diff: 0.5, Sum: 27.0]
      [Update RS (ms): Min: 63.5, Avg: 63.7, Max: 63.9, Diff: 0.3, Sum: 127.4]
         [Processed Buffers: Min: 459, Avg: 482.0, Max: 505, Diff: 46, Sum: 964]
      [Scan RS (ms): Min: 12.4, Avg: 12.5, Max: 12.7, Diff: 0.3, Sum: 25.0]
      [Code Root Scanning (ms): Min: 0.1, Avg: 0.1, Max: 0.2, Diff: 0.1, Sum: 0.3]
      [Object Copy (ms): Min: 59.1, Avg: 60.1, Max: 61.1, Diff: 2.0, Sum: 120.2]
      [Termination (ms): Min: 0.0, Avg: 0.0, Max: 0.0, Diff: 0.0, Sum: 0.0]
      [GC Worker Other (ms): Min: 0.2, Avg: 0.2, Max: 0.2, Diff: 0.0, Sum: 0.4]
      [GC Worker Total (ms): Min: 201.9, Avg: 201.9, Max: 201.9, Diff: 0.0, Sum: 403.9]
      [GC Worker End (ms): Min: 13442262.9, Avg: 13442262.9, Max: 13442262.9, Diff: 0.0]
   [Code Root Fixup: 0.3 ms]
   [Code Root Migration: 0.1 ms]
   [Clear CT: 0.5 ms]
   [Other: 8.9 ms]
      [Choose CSet: 0.0 ms]
      [Ref Proc: 3.9 ms]
      [Ref Enq: 0.2 ms]
      [Free CSet: 0.7 ms]
   [Eden: 400.0M(400.0M)->0.0B(340.0M) Survivors: 34.0M->46.0M Heap: 2283.0M(4096.0M)->1919.0M(4096.0M)]
 [Times: user=0.41 sys=0.00, real=0.22 secs] 
2016-08-30T17:19:52.136+0200: 13442.271: [GC concurrent-root-region-scan-start]
2016-08-30T17:19:52.165+0200: 13442.300: [GC concurrent-root-region-scan-end, 0.0286790 secs]
2016-08-30T17:19:52.165+0200: 13442.300: [GC concurrent-mark-start]
2016-08-30T17:19:54.222+0200: 13444.356: [GC concurrent-mark-end, 2.0567970 secs]
2016-08-30T17:19:54.225+0200: 13444.359: [GC remark 2016-08-30T17:19:54.227+0200: 13444.361: [GC ref-proc, 0.0697390 secs], 0.0904390 secs]
 [Times: user=0.11 sys=0.00, real=0.09 secs] 
2016-08-30T17:19:54.319+0200: 13444.453: [GC cleanup 1986M->1938M(4096M), 0.0373830 secs]
 [Times: user=0.07 sys=0.00, real=0.04 secs] 
2016-08-30T17:19:54.357+0200: 13444.491: [GC concurrent-cleanup-start]
2016-08-30T17:19:54.357+0200: 13444.491: [GC concurrent-cleanup-end, 0.0001300 secs]
2016-08-30T17:20:02.582+0200: 13452.716: [GC pause (young), 0.1754930 secs]
   [Parallel Time: 167.7 ms, GC Workers: 2]
      [GC Worker Start (ms): Min: 13452718.2, Avg: 13452718.2, Max: 13452718.2, Diff: 0.0]
      [Ext Root Scanning (ms): Min: 50.2, Avg: 50.6, Max: 51.0, Diff: 0.8, Sum: 101.2]
      [Update RS (ms): Min: 55.7, Avg: 56.7, Max: 57.7, Diff: 2.0, Sum: 113.4]
         [Processed Buffers: Min: 432, Avg: 456.5, Max: 481, Diff: 49, Sum: 913]
      [Scan RS (ms): Min: 12.9, Avg: 13.1, Max: 13.2, Diff: 0.3, Sum: 26.1]
      [Code Root Scanning (ms): Min: 0.1, Avg: 0.1, Max: 0.1, Diff: 0.0, Sum: 0.2]
      [Object Copy (ms): Min: 46.4, Avg: 46.9, Max: 47.5, Diff: 1.0, Sum: 93.9]
      [Termination (ms): Min: 0.0, Avg: 0.0, Max: 0.0, Diff: 0.0, Sum: 0.0]
      [GC Worker Other (ms): Min: 0.2, Avg: 0.2, Max: 0.2, Diff: 0.0, Sum: 0.3]
      [GC Worker Total (ms): Min: 167.6, Avg: 167.6, Max: 167.6, Diff: 0.0, Sum: 335.2]
      [GC Worker End (ms): Min: 13452885.8, Avg: 13452885.8, Max: 13452885.8, Diff: 0.0]
   [Code Root Fixup: 0.4 ms]
   [Code Root Migration: 0.1 ms]
   [Clear CT: 0.5 ms]
   [Other: 6.9 ms]
      [Choose CSet: 0.0 ms]
      [Ref Proc: 3.1 ms]
      [Ref Enq: 0.2 ms]
      [Free CSet: 0.6 ms]
   [Eden: 340.0M(340.0M)->0.0B(170.0M) Survivors: 46.0M->34.0M Heap: 2211.0M(4096.0M)->1892.0M(4096.0M)]
 [Times: user=0.34 sys=0.00, real=0.18 secs] 
2016-08-30T17:20:08.018+0200: 13458.152: [GC pause (mixed), 0.2198540 secs]
   [Parallel Time: 213.0 ms, GC Workers: 2]
      [GC Worker Start (ms): Min: 13458153.7, Avg: 13458153.7, Max: 13458153.7, Diff: 0.0]
      [Ext Root Scanning (ms): Min: 52.8, Avg: 66.5, Max: 80.2, Diff: 27.4, Sum: 133.1]
      [Update RS (ms): Min: 23.8, Avg: 39.9, Max: 55.9, Diff: 32.1, Sum: 79.7]
         [Processed Buffers: Min: 161, Avg: 362.5, Max: 564, Diff: 403, Sum: 725]
      [Scan RS (ms): Min: 38.1, Avg: 38.4, Max: 38.7, Diff: 0.6, Sum: 76.8]
      [Code Root Scanning (ms): Min: 0.1, Avg: 0.2, Max: 0.2, Diff: 0.1, Sum: 0.4]
      [Object Copy (ms): Min: 65.6, Avg: 67.8, Max: 69.9, Diff: 4.3, Sum: 135.6]
      [Termination (ms): Min: 0.0, Avg: 0.0, Max: 0.0, Diff: 0.0, Sum: 0.0]
      [GC Worker Other (ms): Min: 0.1, Avg: 0.1, Max: 0.1, Diff: 0.1, Sum: 0.2]
      [GC Worker Total (ms): Min: 212.9, Avg: 212.9, Max: 212.9, Diff: 0.0, Sum: 425.7]
      [GC Worker End (ms): Min: 13458366.6, Avg: 13458366.6, Max: 13458366.6, Diff: 0.0]
   [Code Root Fixup: 0.3 ms]
   [Code Root Migration: 0.1 ms]
   [Clear CT: 0.6 ms]
   [Other: 5.9 ms]
      [Choose CSet: 0.2 ms]
      [Ref Proc: 1.4 ms]
      [Ref Enq: 0.1 ms]
      [Free CSet: 1.3 ms]
   [Eden: 170.0M(170.0M)->0.0B(186.0M) Survivors: 34.0M->18.0M Heap: 2062.0M(4096.0M)->1664.0M(4096.0M)]
 [Times: user=0.42 sys=0.01, real=0.22 secs] 
2016-08-30T17:20:14.276+0200: 13464.410: [GC pause (mixed), 0.2223250 secs]
   [Parallel Time: 215.4 ms, GC Workers: 2]
      [GC Worker Start (ms): Min: 13464412.5, Avg: 13464414.4, Max: 13464416.2, Diff: 3.7]
      [Ext Root Scanning (ms): Min: 49.4, Avg: 50.6, Max: 51.8, Diff: 2.4, Sum: 101.2]
      [Update RS (ms): Min: 44.2, Avg: 44.8, Max: 45.4, Diff: 1.2, Sum: 89.6]
         [Processed Buffers: Min: 430, Avg: 454.0, Max: 478, Diff: 48, Sum: 908]
      [Scan RS (ms): Min: 50.8, Avg: 51.3, Max: 51.7, Diff: 0.8, Sum: 102.5]
      [Code Root Scanning (ms): Min: 0.1, Avg: 0.1, Max: 0.2, Diff: 0.1, Sum: 0.2]
      [Object Copy (ms): Min: 66.0, Avg: 66.6, Max: 67.2, Diff: 1.2, Sum: 133.1]
      [Termination (ms): Min: 0.0, Avg: 0.0, Max: 0.0, Diff: 0.0, Sum: 0.0]
      [GC Worker Other (ms): Min: 0.1, Avg: 0.1, Max: 0.2, Diff: 0.1, Sum: 0.3]
      [GC Worker Total (ms): Min: 211.7, Avg: 213.5, Max: 215.4, Diff: 3.7, Sum: 427.1]
      [GC Worker End (ms): Min: 13464627.9, Avg: 13464627.9, Max: 13464627.9, Diff: 0.0]
   [Code Root Fixup: 0.3 ms]
   [Code Root Migration: 0.0 ms]
   [Clear CT: 0.6 ms]
   [Other: 6.0 ms]
      [Choose CSet: 0.4 ms]
      [Ref Proc: 1.3 ms]
      [Ref Enq: 0.1 ms]
      [Free CSet: 1.2 ms]
   [Eden: 186.0M(186.0M)->0.0B(184.0M) Survivors: 18.0M->20.0M Heap: 1850.0M(4096.0M)->1526.0M(4096.0M)]
 [Times: user=0.43 sys=0.00, real=0.22 secs] 
2016-08-30T17:20:20.576+0200: 13470.711: [GC pause (mixed), 0.2378320 secs]
   [Parallel Time: 230.7 ms, GC Workers: 2]
      [GC Worker Start (ms): Min: 13470712.7, Avg: 13470712.7, Max: 13470712.7, Diff: 0.0]
      [Ext Root Scanning (ms): Min: 55.1, Avg: 60.3, Max: 65.5, Diff: 10.5, Sum: 120.6]
      [Update RS (ms): Min: 36.3, Avg: 42.0, Max: 47.7, Diff: 11.4, Sum: 84.1]
         [Processed Buffers: Min: 381, Avg: 415.0, Max: 449, Diff: 68, Sum: 830]
      [Scan RS (ms): Min: 52.2, Avg: 52.5, Max: 52.8, Diff: 0.6, Sum: 105.0]
      [Code Root Scanning (ms): Min: 0.0, Avg: 0.1, Max: 0.2, Diff: 0.1, Sum: 0.2]
      [Object Copy (ms): Min: 75.4, Avg: 75.6, Max: 75.7, Diff: 0.3, Sum: 151.2]
      [Termination (ms): Min: 0.0, Avg: 0.0, Max: 0.0, Diff: 0.0, Sum: 0.0]
      [GC Worker Other (ms): Min: 0.0, Avg: 0.1, Max: 0.2, Diff: 0.1, Sum: 0.2]
      [GC Worker Total (ms): Min: 230.6, Avg: 230.6, Max: 230.6, Diff: 0.0, Sum: 461.2]
      [GC Worker End (ms): Min: 13470943.3, Avg: 13470943.3, Max: 13470943.3, Diff: 0.0]
   [Code Root Fixup: 0.2 ms]
   [Code Root Migration: 0.1 ms]
   [Clear CT: 0.5 ms]
   [Other: 6.4 ms]
      [Choose CSet: 0.6 ms]
      [Ref Proc: 1.3 ms]
      [Ref Enq: 0.1 ms]
      [Free CSet: 1.2 ms]
   [Eden: 184.0M(184.0M)->0.0B(188.0M) Survivors: 20.0M->16.0M Heap: 1710.0M(4096.0M)->1417.0M(4096.0M)]
 [Times: user=0.44 sys=0.00, real=0.24 secs] 
2016-08-30T17:20:27.930+0200: 13478.064: [GC pause (mixed), 0.2564150 secs]
   [Parallel Time: 248.9 ms, GC Workers: 2]
      [GC Worker Start (ms): Min: 13478066.6, Avg: 13478066.6, Max: 13478066.6, Diff: 0.0]
      [Ext Root Scanning (ms): Min: 50.4, Avg: 50.7, Max: 51.0, Diff: 0.6, Sum: 101.4]
      [Update RS (ms): Min: 40.2, Avg: 41.0, Max: 41.7, Diff: 1.5, Sum: 81.9]
         [Processed Buffers: Min: 388, Avg: 388.0, Max: 388, Diff: 0, Sum: 776]
      [Scan RS (ms): Min: 93.8, Avg: 94.3, Max: 94.9, Diff: 1.1, Sum: 188.7]
      [Code Root Scanning (ms): Min: 0.1, Avg: 0.1, Max: 0.1, Diff: 0.1, Sum: 0.2]
      [Object Copy (ms): Min: 62.2, Avg: 62.6, Max: 63.0, Diff: 0.9, Sum: 125.2]
      [Termination (ms): Min: 0.0, Avg: 0.0, Max: 0.0, Diff: 0.0, Sum: 0.0]
      [GC Worker Other (ms): Min: 0.1, Avg: 0.1, Max: 0.1, Diff: 0.0, Sum: 0.3]
      [GC Worker Total (ms): Min: 248.8, Avg: 248.8, Max: 248.8, Diff: 0.0, Sum: 497.6]
      [GC Worker End (ms): Min: 13478315.4, Avg: 13478315.4, Max: 13478315.4, Diff: 0.0]
   [Code Root Fixup: 0.2 ms]
   [Code Root Migration: 0.1 ms]
   [Clear CT: 0.6 ms]
   [Other: 6.7 ms]
      [Choose CSet: 0.8 ms]
      [Ref Proc: 1.4 ms]
      [Ref Enq: 0.1 ms]
      [Free CSet: 1.1 ms]
   [Eden: 188.0M(188.0M)->0.0B(184.0M) Survivors: 16.0M->20.0M Heap: 1605.0M(4096.0M)->1372.0M(4096.0M)]
 [Times: user=0.50 sys=0.00, real=0.26 secs] 
2016-08-30T17:20:33.870+0200: 13484.005: [GC pause (young), 0.1523590 secs]
   [Parallel Time: 145.4 ms, GC Workers: 2]
      [GC Worker Start (ms): Min: 13484006.4, Avg: 13484006.4, Max: 13484006.4, Diff: 0.0]
      [Ext Root Scanning (ms): Min: 50.8, Avg: 56.5, Max: 62.3, Diff: 11.5, Sum: 113.1]
      [Update RS (ms): Min: 34.7, Avg: 40.7, Max: 46.8, Diff: 12.2, Sum: 81.5]
         [Processed Buffers: Min: 349, Avg: 373.5, Max: 398, Diff: 49, Sum: 747]
      [Scan RS (ms): Min: 7.0, Avg: 7.5, Max: 8.1, Diff: 1.0, Sum: 15.1]
      [Code Root Scanning (ms): Min: 0.1, Avg: 0.1, Max: 0.1, Diff: 0.0, Sum: 0.1]
      [Object Copy (ms): Min: 40.0, Avg: 40.2, Max: 40.4, Diff: 0.4, Sum: 80.5]
      [Termination (ms): Min: 0.0, Avg: 0.0, Max: 0.0, Diff: 0.0, Sum: 0.0]
      [GC Worker Other (ms): Min: 0.1, Avg: 0.2, Max: 0.2, Diff: 0.0, Sum: 0.3]
      [GC Worker Total (ms): Min: 145.3, Avg: 145.3, Max: 145.3, Diff: 0.0, Sum: 290.5]
      [GC Worker End (ms): Min: 13484151.7, Avg: 13484151.7, Max: 13484151.7, Diff: 0.0]
   [Code Root Fixup: 0.5 ms]
   [Code Root Migration: 0.0 ms]
   [Clear CT: 0.4 ms]
   [Other: 5.9 ms]
      [Choose CSet: 0.0 ms]
      [Ref Proc: 2.2 ms]
      [Ref Enq: 0.2 ms]
      [Free CSet: 0.5 ms]
   [Eden: 184.0M(184.0M)->0.0B(184.0M) Survivors: 20.0M->20.0M Heap: 1556.0M(4096.0M)->1390.0M(4096.0M)]
 [Times: user=0.28 sys=0.00, real=0.16 secs] 
2016-08-30T17:20:40.984+0200: 13491.118: [GC pause (young), 0.1425460 secs]
   [Parallel Time: 135.8 ms, GC Workers: 2]
      [GC Worker Start (ms): Min: 13491119.9, Avg: 13491120.0, Max: 13491120.0, Diff: 0.1]
      [Ext Root Scanning (ms): Min: 50.2, Avg: 50.6, Max: 51.0, Diff: 0.7, Sum: 101.2]
      [Update RS (ms): Min: 40.2, Avg: 40.8, Max: 41.4, Diff: 1.2, Sum: 81.5]
         [Processed Buffers: Min: 383, Avg: 390.0, Max: 397, Diff: 14, Sum: 780]
      [Scan RS (ms): Min: 6.8, Avg: 7.2, Max: 7.7, Diff: 0.9, Sum: 14.5]
      [Code Root Scanning (ms): Min: 0.0, Avg: 0.1, Max: 0.1, Diff: 0.1, Sum: 0.1]
      [Object Copy (ms): Min: 36.7, Avg: 36.9, Max: 37.1, Diff: 0.4, Sum: 73.8]
      [Termination (ms): Min: 0.0, Avg: 0.0, Max: 0.0, Diff: 0.0, Sum: 0.0]
      [GC Worker Other (ms): Min: 0.1, Avg: 0.1, Max: 0.2, Diff: 0.0, Sum: 0.3]
      [GC Worker Total (ms): Min: 135.6, Avg: 135.7, Max: 135.7, Diff: 0.1, Sum: 271.4]
      [GC Worker End (ms): Min: 13491255.6, Avg: 13491255.6, Max: 13491255.6, Diff: 0.0]
   [Code Root Fixup: 0.4 ms]
   [Code Root Migration: 0.0 ms]
   [Clear CT: 0.4 ms]
   [Other: 5.8 ms]
      [Choose CSet: 0.0 ms]
      [Ref Proc: 2.2 ms]
      [Ref Enq: 0.2 ms]
      [Free CSet: 0.5 ms]
   [Eden: 184.0M(184.0M)->0.0B(186.0M) Survivors: 20.0M->18.0M Heap: 1574.0M(4096.0M)->1404.0M(4096.0M)]
 [Times: user=0.28 sys=0.00, real=0.14 secs] 
2016-08-30T17:20:45.089+0200: 13495.224: [GC pause (young), 0.1423170 secs]
   [Parallel Time: 136.6 ms, GC Workers: 2]
      [GC Worker Start (ms): Min: 13495225.4, Avg: 13495225.4, Max: 13495225.4, Diff: 0.0]
      [Ext Root Scanning (ms): Min: 50.1, Avg: 50.5, Max: 50.9, Diff: 0.8, Sum: 100.9]
      [Update RS (ms): Min: 40.0, Avg: 40.5, Max: 40.9, Diff: 0.9, Sum: 81.0]
         [Processed Buffers: Min: 385, Avg: 406.0, Max: 427, Diff: 42, Sum: 812]
      [Scan RS (ms): Min: 6.7, Avg: 7.1, Max: 7.5, Diff: 0.8, Sum: 14.2]
      [Code Root Scanning (ms): Min: 0.0, Avg: 0.1, Max: 0.1, Diff: 0.1, Sum: 0.1]
      [Object Copy (ms): Min: 37.9, Avg: 38.3, Max: 38.7, Diff: 0.8, Sum: 76.5]
      [Termination (ms): Min: 0.0, Avg: 0.0, Max: 0.0, Diff: 0.0, Sum: 0.0]
      [GC Worker Other (ms): Min: 0.1, Avg: 0.2, Max: 0.2, Diff: 0.1, Sum: 0.4]
      [GC Worker Total (ms): Min: 136.6, Avg: 136.6, Max: 136.6, Diff: 0.0, Sum: 273.1]
      [GC Worker End (ms): Min: 13495361.9, Avg: 13495361.9, Max: 13495361.9, Diff: 0.0]
   [Code Root Fixup: 0.3 ms]
   [Code Root Migration: 0.0 ms]
   [Clear CT: 0.4 ms]
   [Other: 4.9 ms]
      [Choose CSet: 0.0 ms]
      [Ref Proc: 1.5 ms]
      [Ref Enq: 0.1 ms]
      [Free CSet: 0.4 ms]
   [Eden: 186.0M(186.0M)->0.0B(178.0M) Survivors: 18.0M->26.0M Heap: 1590.0M(4096.0M)->1430.0M(4096.0M)]
 [Times: user=0.27 sys=0.00, real=0.14 secs] 
2016-08-30T17:20:50.468+0200: 13500.602: [GC pause (young), 0.1518650 secs]
   [Parallel Time: 144.9 ms, GC Workers: 2]
      [GC Worker Start (ms): Min: 13500603.8, Avg: 13500603.8, Max: 13500603.8, Diff: 0.0]
      [Ext Root Scanning (ms): Min: 51.3, Avg: 57.9, Max: 64.5, Diff: 13.3, Sum: 115.8]
      [Update RS (ms): Min: 31.3, Avg: 39.0, Max: 46.8, Diff: 15.5, Sum: 78.0]
         [Processed Buffers: Min: 346, Avg: 390.0, Max: 434, Diff: 88, Sum: 780]
      [Scan RS (ms): Min: 7.0, Avg: 7.6, Max: 8.2, Diff: 1.1, Sum: 15.2]
      [Code Root Scanning (ms): Min: 0.1, Avg: 0.1, Max: 0.1, Diff: 0.0, Sum: 0.1]
      [Object Copy (ms): Min: 39.6, Avg: 40.1, Max: 40.6, Diff: 1.0, Sum: 80.2]
      [Termination (ms): Min: 0.0, Avg: 0.0, Max: 0.0, Diff: 0.0, Sum: 0.0]
      [GC Worker Other (ms): Min: 0.1, Avg: 0.1, Max: 0.1, Diff: 0.1, Sum: 0.2]
      [GC Worker Total (ms): Min: 144.8, Avg: 144.8, Max: 144.8, Diff: 0.0, Sum: 289.6]
      [GC Worker End (ms): Min: 13500748.6, Avg: 13500748.6, Max: 13500748.6, Diff: 0.0]
   [Code Root Fixup: 0.4 ms]
   [Code Root Migration: 0.0 ms]
   [Clear CT: 0.5 ms]
   [Other: 6.0 ms]
      [Choose CSet: 0.0 ms]
      [Ref Proc: 2.3 ms]
      [Ref Enq: 0.2 ms]
      [Free CSet: 0.5 ms]
   [Eden: 178.0M(178.0M)->0.0B(186.0M) Survivors: 26.0M->18.0M Heap: 1608.0M(4096.0M)->1448.0M(4096.0M)]
 [Times: user=0.28 sys=0.00, real=0.15 secs] 
2016-08-30T17:20:57.225+0200: 13507.360: [GC pause (young), 0.1468070 secs]
   [Parallel Time: 140.0 ms, GC Workers: 2]
      [GC Worker Start (ms): Min: 13507361.2, Avg: 13507361.2, Max: 13507361.2, Diff: 0.0]
      [Ext Root Scanning (ms): Min: 51.4, Avg: 51.6, Max: 51.7, Diff: 0.3, Sum: 103.2]
      [Update RS (ms): Min: 41.8, Avg: 42.2, Max: 42.7, Diff: 0.9, Sum: 84.5]
         [Processed Buffers: Min: 359, Avg: 385.0, Max: 411, Diff: 52, Sum: 770]
      [Scan RS (ms): Min: 6.8, Avg: 7.0, Max: 7.2, Diff: 0.3, Sum: 14.0]
      [Code Root Scanning (ms): Min: 0.0, Avg: 0.1, Max: 0.1, Diff: 0.1, Sum: 0.1]
      [Object Copy (ms): Min: 38.3, Avg: 38.8, Max: 39.2, Diff: 1.0, Sum: 77.5]
      [Termination (ms): Min: 0.0, Avg: 0.0, Max: 0.0, Diff: 0.0, Sum: 0.0]
      [GC Worker Other (ms): Min: 0.2, Avg: 0.2, Max: 0.2, Diff: 0.1, Sum: 0.4]
      [GC Worker Total (ms): Min: 139.8, Avg: 139.8, Max: 139.9, Diff: 0.0, Sum: 279.7]
      [GC Worker End (ms): Min: 13507501.0, Avg: 13507501.0, Max: 13507501.0, Diff: 0.0]
   [Code Root Fixup: 0.4 ms]
   [Code Root Migration: 0.0 ms]
   [Clear CT: 0.5 ms]
   [Other: 5.8 ms]
      [Choose CSet: 0.0 ms]
      [Ref Proc: 2.2 ms]
      [Ref Enq: 0.2 ms]
      [Free CSet: 0.5 ms]
   [Eden: 186.0M(186.0M)->0.0B(294.0M) Survivors: 18.0M->18.0M Heap: 1634.0M(4096.0M)->1463.0M(4096.0M)]
 [Times: user=0.29 sys=0.01, real=0.15 secs] 
2016-08-30T17:21:07.035+0200: 13517.170: [GC pause (young), 0.1704610 secs]
   [Parallel Time: 161.3 ms, GC Workers: 2]
      [GC Worker Start (ms): Min: 13517171.5, Avg: 13517173.3, Max: 13517175.2, Diff: 3.8]
      [Ext Root Scanning (ms): Min: 50.3, Avg: 51.9, Max: 53.4, Diff: 3.1, Sum: 103.8]
      [Update RS (ms): Min: 53.7, Avg: 54.0, Max: 54.2, Diff: 0.6, Sum: 107.9]
         [Processed Buffers: Min: 458, Avg: 468.5, Max: 479, Diff: 21, Sum: 937]
      [Scan RS (ms): Min: 6.9, Avg: 7.1, Max: 7.3, Diff: 0.3, Sum: 14.2]
      [Code Root Scanning (ms): Min: 0.1, Avg: 0.1, Max: 0.1, Diff: 0.0, Sum: 0.2]
      [Object Copy (ms): Min: 45.9, Avg: 46.1, Max: 46.3, Diff: 0.4, Sum: 92.2]
      [Termination (ms): Min: 0.0, Avg: 0.0, Max: 0.0, Diff: 0.0, Sum: 0.0]
      [GC Worker Other (ms): Min: 0.1, Avg: 0.1, Max: 0.1, Diff: 0.0, Sum: 0.3]
      [GC Worker Total (ms): Min: 157.4, Avg: 159.3, Max: 161.2, Diff: 3.8, Sum: 318.6]
      [GC Worker End (ms): Min: 13517332.6, Avg: 13517332.6, Max: 13517332.6, Diff: 0.0]
   [Code Root Fixup: 0.5 ms]
   [Code Root Migration: 0.0 ms]
   [Clear CT: 0.5 ms]
   [Other: 8.1 ms]
      [Choose CSet: 0.0 ms]
      [Ref Proc: 3.9 ms]
      [Ref Enq: 0.3 ms]
      [Free CSet: 0.6 ms]
   [Eden: 294.0M(294.0M)->0.0B(208.0M) Survivors: 18.0M->40.0M Heap: 1757.0M(4096.0M)->1487.0M(4096.0M)]
 [Times: user=0.32 sys=0.00, real=0.17 secs] 
2016-08-30T17:21:12.988+0200: 13523.123: [GC pause (young), 0.1749330 secs]
   [Parallel Time: 167.2 ms, GC Workers: 2]
      [GC Worker Start (ms): Min: 13523124.5, Avg: 13523124.5, Max: 13523124.5, Diff: 0.0]
      [Ext Root Scanning (ms): Min: 50.5, Avg: 50.5, Max: 50.5, Diff: 0.1, Sum: 101.0]
      [Update RS (ms): Min: 44.7, Avg: 45.0, Max: 45.3, Diff: 0.6, Sum: 90.0]
         [Processed Buffers: Min: 397, Avg: 422.0, Max: 447, Diff: 50, Sum: 844]
      [Scan RS (ms): Min: 11.5, Avg: 12.0, Max: 12.5, Diff: 1.0, Sum: 24.0]
      [Code Root Scanning (ms): Min: 0.0, Avg: 0.1, Max: 0.1, Diff: 0.1, Sum: 0.2]
      [Object Copy (ms): Min: 59.1, Avg: 59.3, Max: 59.6, Diff: 0.4, Sum: 118.7]
      [Termination (ms): Min: 0.0, Avg: 0.0, Max: 0.0, Diff: 0.0, Sum: 0.0]
      [GC Worker Other (ms): Min: 0.1, Avg: 0.1, Max: 0.2, Diff: 0.0, Sum: 0.3]
      [GC Worker Total (ms): Min: 167.0, Avg: 167.1, Max: 167.1, Diff: 0.0, Sum: 334.1]
      [GC Worker End (ms): Min: 13523291.5, Avg: 13523291.5, Max: 13523291.5, Diff: 0.0]
   [Code Root Fixup: 0.4 ms]
   [Code Root Migration: 0.0 ms]
   [Clear CT: 0.5 ms]
   [Other: 6.8 ms]
      [Choose CSet: 0.0 ms]
      [Ref Proc: 2.5 ms]
      [Ref Enq: 0.2 ms]
      [Free CSet: 0.6 ms]
   [Eden: 208.0M(208.0M)->0.0B(340.0M) Survivors: 40.0M->26.0M Heap: 1695.0M(4096.0M)->1507.0M(4096.0M)]
 [Times: user=0.34 sys=0.00, real=0.17 secs] 
2016-08-30T17:21:26.913+0200: 13537.048: [GC pause (young), 0.1899140 secs]
   [Parallel Time: 182.1 ms, GC Workers: 2]
      [GC Worker Start (ms): Min: 13537049.7, Avg: 13537049.7, Max: 13537049.8, Diff: 0.0]
      [Ext Root Scanning (ms): Min: 53.1, Avg: 62.0, Max: 70.9, Diff: 17.8, Sum: 124.0]
      [Update RS (ms): Min: 44.2, Avg: 53.7, Max: 63.2, Diff: 19.0, Sum: 107.4]
         [Processed Buffers: Min: 332, Avg: 450.0, Max: 568, Diff: 236, Sum: 900]
      [Scan RS (ms): Min: 11.5, Avg: 11.7, Max: 12.0, Diff: 0.5, Sum: 23.5]
      [Code Root Scanning (ms): Min: 0.1, Avg: 0.1, Max: 0.2, Diff: 0.1, Sum: 0.3]
      [Object Copy (ms): Min: 53.5, Avg: 54.3, Max: 55.1, Diff: 1.6, Sum: 108.6]
      [Termination (ms): Min: 0.0, Avg: 0.0, Max: 0.0, Diff: 0.0, Sum: 0.0]
      [GC Worker Other (ms): Min: 0.1, Avg: 0.1, Max: 0.1, Diff: 0.1, Sum: 0.2]
      [GC Worker Total (ms): Min: 181.9, Avg: 182.0, Max: 182.0, Diff: 0.0, Sum: 363.9]
      [GC Worker End (ms): Min: 13537231.7, Avg: 13537231.7, Max: 13537231.7, Diff: 0.0]
   [Code Root Fixup: 0.2 ms]
   [Code Root Migration: 0.1 ms]
   [Clear CT: 0.5 ms]
   [Other: 7.0 ms]
      [Choose CSet: 0.0 ms]
      [Ref Proc: 2.9 ms]
      [Ref Enq: 0.2 ms]
      [Free CSet: 0.7 ms]
   [Eden: 340.0M(340.0M)->0.0B(268.0M) Survivors: 26.0M->26.0M Heap: 1847.0M(4096.0M)->1527.0M(4096.0M)]
 [Times: user=0.36 sys=0.00, real=0.19 secs] 
2016-08-30T17:21:36.916+0200: 13547.050: [GC pause (young), 0.2272610 secs]
   [Parallel Time: 219.0 ms, GC Workers: 2]
      [GC Worker Start (ms): Min: 13547052.0, Avg: 13547052.0, Max: 13547052.1, Diff: 0.0]
      [Ext Root Scanning (ms): Min: 61.9, Avg: 86.1, Max: 110.3, Diff: 48.3, Sum: 172.2]
      [Update RS (ms): Min: 48.4, Avg: 71.9, Max: 95.4, Diff: 47.0, Sum: 143.8]
         [Processed Buffers: Min: 271, Avg: 437.5, Max: 604, Diff: 333, Sum: 875]
      [Scan RS (ms): Min: 13.7, Avg: 14.2, Max: 14.7, Diff: 0.9, Sum: 28.4]
      [Code Root Scanning (ms): Min: 0.0, Avg: 0.1, Max: 0.1, Diff: 0.1, Sum: 0.2]
      [Object Copy (ms): Min: 41.4, Avg: 43.4, Max: 45.5, Diff: 4.1, Sum: 86.9]
      [Termination (ms): Min: 0.0, Avg: 3.1, Max: 6.2, Diff: 6.2, Sum: 6.2]
      [GC Worker Other (ms): Min: 0.1, Avg: 0.1, Max: 0.2, Diff: 0.1, Sum: 0.2]
      [GC Worker Total (ms): Min: 218.9, Avg: 218.9, Max: 218.9, Diff: 0.0, Sum: 437.8]
      [GC Worker End (ms): Min: 13547271.0, Avg: 13547271.0, Max: 13547271.0, Diff: 0.0]
   [Code Root Fixup: 0.2 ms]
   [Code Root Migration: 0.0 ms]
   [Clear CT: 0.4 ms]
   [Other: 7.7 ms]
      [Choose CSet: 0.0 ms]
      [Ref Proc: 4.5 ms]
      [Ref Enq: 0.1 ms]
      [Free CSet: 0.4 ms]
   [Eden: 268.0M(268.0M)->0.0B(174.0M) Survivors: 26.0M->30.0M Heap: 1795.0M(4096.0M)->1549.0M(4096.0M)]
 [Times: user=0.28 sys=0.00, real=0.23 secs] 
2016-08-30T17:21:42.291+0200: 13552.425: [GC pause (young), 0.1513190 secs]
   [Parallel Time: 144.4 ms, GC Workers: 2]
      [GC Worker Start (ms): Min: 13552427.0, Avg: 13552427.0, Max: 13552427.0, Diff: 0.0]
      [Ext Root Scanning (ms): Min: 50.6, Avg: 50.9, Max: 51.2, Diff: 0.6, Sum: 101.9]
      [Update RS (ms): Min: 42.0, Avg: 42.4, Max: 42.8, Diff: 0.9, Sum: 84.8]
         [Processed Buffers: Min: 403, Avg: 424.0, Max: 445, Diff: 42, Sum: 848]
      [Scan RS (ms): Min: 7.8, Avg: 8.2, Max: 8.7, Diff: 0.9, Sum: 16.4]
      [Code Root Scanning (ms): Min: 0.1, Avg: 0.1, Max: 0.1, Diff: 0.0, Sum: 0.1]
      [Object Copy (ms): Min: 42.4, Avg: 42.7, Max: 42.9, Diff: 0.4, Sum: 85.3]
      [Termination (ms): Min: 0.0, Avg: 0.0, Max: 0.0, Diff: 0.0, Sum: 0.0]
      [GC Worker Other (ms): Min: 0.1, Avg: 0.1, Max: 0.1, Diff: 0.1, Sum: 0.2]
      [GC Worker Total (ms): Min: 144.3, Avg: 144.3, Max: 144.3, Diff: 0.0, Sum: 288.7]
      [GC Worker End (ms): Min: 13552571.3, Avg: 13552571.3, Max: 13552571.3, Diff: 0.0]
   [Code Root Fixup: 0.4 ms]
   [Code Root Migration: 0.0 ms]
   [Clear CT: 0.5 ms]
   [Other: 5.9 ms]
      [Choose CSet: 0.0 ms]
      [Ref Proc: 2.2 ms]
      [Ref Enq: 0.2 ms]
      [Free CSet: 0.5 ms]
   [Eden: 174.0M(174.0M)->0.0B(224.0M) Survivors: 30.0M->20.0M Heap: 1723.0M(4096.0M)->1566.0M(4096.0M)]
 [Times: user=0.29 sys=0.01, real=0.16 secs] 
2016-08-30T17:21:50.359+0200: 13560.494: [GC pause (young), 0.1661930 secs]
   [Parallel Time: 155.8 ms, GC Workers: 2]
      [GC Worker Start (ms): Min: 13560495.4, Avg: 13560495.4, Max: 13560495.4, Diff: 0.0]
      [Ext Root Scanning (ms): Min: 51.0, Avg: 51.7, Max: 52.3, Diff: 1.3, Sum: 103.3]
      [Update RS (ms): Min: 47.1, Avg: 48.3, Max: 49.5, Diff: 2.5, Sum: 96.6]
         [Processed Buffers: Min: 400, Avg: 419.0, Max: 438, Diff: 38, Sum: 838]
      [Scan RS (ms): Min: 7.1, Avg: 7.2, Max: 7.3, Diff: 0.2, Sum: 14.4]
      [Code Root Scanning (ms): Min: 0.1, Avg: 0.1, Max: 0.1, Diff: 0.0, Sum: 0.2]
      [Object Copy (ms): Min: 47.9, Avg: 48.4, Max: 48.8, Diff: 0.9, Sum: 96.7]
      [Termination (ms): Min: 0.0, Avg: 0.0, Max: 0.0, Diff: 0.0, Sum: 0.0]
      [GC Worker Other (ms): Min: 0.1, Avg: 0.1, Max: 0.2, Diff: 0.0, Sum: 0.3]
      [GC Worker Total (ms): Min: 155.7, Avg: 155.7, Max: 155.7, Diff: 0.0, Sum: 311.5]
      [GC Worker End (ms): Min: 13560651.1, Avg: 13560651.1, Max: 13560651.1, Diff: 0.0]
   [Code Root Fixup: 0.5 ms]
   [Code Root Migration: 0.0 ms]
   [Clear CT: 3.0 ms]
   [Other: 6.8 ms]
      [Choose CSet: 0.0 ms]
      [Ref Proc: 2.8 ms]
      [Ref Enq: 0.2 ms]
      [Free CSet: 0.5 ms]
   [Eden: 224.0M(224.0M)->0.0B(244.0M) Survivors: 20.0M->26.0M Heap: 1790.0M(4096.0M)->1588.0M(4096.0M)]
 [Times: user=0.31 sys=0.01, real=0.17 secs] 
2016-08-30T17:22:00.581+0200: 13570.716: [GC pause (young), 0.1542030 secs]
   [Parallel Time: 147.8 ms, GC Workers: 2]
      [GC Worker Start (ms): Min: 13570717.3, Avg: 13570717.3, Max: 13570717.4, Diff: 0.0]
      [Ext Root Scanning (ms): Min: 52.0, Avg: 53.0, Max: 54.0, Diff: 2.0, Sum: 106.0]
      [Update RS (ms): Min: 46.8, Avg: 47.9, Max: 48.9, Diff: 2.1, Sum: 95.7]
         [Processed Buffers: Min: 387, Avg: 389.0, Max: 391, Diff: 4, Sum: 778]
      [Scan RS (ms): Min: 8.3, Avg: 8.5, Max: 8.7, Diff: 0.4, Sum: 17.0]
      [Code Root Scanning (ms): Min: 0.1, Avg: 0.1, Max: 0.1, Diff: 0.1, Sum: 0.2]
      [Object Copy (ms): Min: 38.0, Avg: 38.1, Max: 38.3, Diff: 0.3, Sum: 76.2]
      [Termination (ms): Min: 0.0, Avg: 0.0, Max: 0.0, Diff: 0.0, Sum: 0.0]
      [GC Worker Other (ms): Min: 0.1, Avg: 0.2, Max: 0.2, Diff: 0.0, Sum: 0.3]
      [GC Worker Total (ms): Min: 147.7, Avg: 147.7, Max: 147.8, Diff: 0.0, Sum: 295.5]
      [GC Worker End (ms): Min: 13570865.1, Avg: 13570865.1, Max: 13570865.1, Diff: 0.0]
   [Code Root Fixup: 0.4 ms]
   [Code Root Migration: 0.0 ms]
   [Clear CT: 0.5 ms]
   [Other: 5.5 ms]
      [Choose CSet: 0.0 ms]
      [Ref Proc: 1.9 ms]
      [Ref Enq: 0.1 ms]
      [Free CSet: 0.5 ms]
   [Eden: 244.0M(244.0M)->0.0B(414.0M) Survivors: 26.0M->24.0M Heap: 1832.0M(4096.0M)->1606.0M(4096.0M)]
 [Times: user=0.29 sys=0.00, real=0.16 secs] 
2016-08-30T17:22:14.978+0200: 13585.113: [GC pause (young), 0.1972250 secs]
   [Parallel Time: 185.8 ms, GC Workers: 2]
      [GC Worker Start (ms): Min: 13585114.5, Avg: 13585114.5, Max: 13585114.5, Diff: 0.0]
      [Ext Root Scanning (ms): Min: 52.0, Avg: 52.2, Max: 52.4, Diff: 0.4, Sum: 104.4]
      [Update RS (ms): Min: 60.2, Avg: 60.6, Max: 60.9, Diff: 0.7, Sum: 121.2]
         [Processed Buffers: Min: 445, Avg: 464.0, Max: 483, Diff: 38, Sum: 928]
      [Scan RS (ms): Min: 9.7, Avg: 10.1, Max: 10.6, Diff: 0.9, Sum: 20.2]
      [Code Root Scanning (ms): Min: 0.1, Avg: 0.1, Max: 0.2, Diff: 0.0, Sum: 0.3]
      [Object Copy (ms): Min: 62.5, Avg: 62.5, Max: 62.5, Diff: 0.1, Sum: 125.0]
      [Termination (ms): Min: 0.0, Avg: 0.0, Max: 0.0, Diff: 0.0, Sum: 0.0]
      [GC Worker Other (ms): Min: 0.1, Avg: 0.1, Max: 0.1, Diff: 0.1, Sum: 0.2]
      [GC Worker Total (ms): Min: 185.6, Avg: 185.6, Max: 185.6, Diff: 0.0, Sum: 371.2]
      [GC Worker End (ms): Min: 13585300.1, Avg: 13585300.1, Max: 13585300.1, Diff: 0.0]
   [Code Root Fixup: 0.5 ms]
   [Code Root Migration: 0.1 ms]
   [Clear CT: 0.6 ms]
   [Other: 10.3 ms]
      [Choose CSet: 0.0 ms]
      [Ref Proc: 5.5 ms]
      [Ref Enq: 0.4 ms]
      [Free CSet: 1.1 ms]
   [Eden: 414.0M(414.0M)->0.0B(264.0M) Survivors: 24.0M->56.0M Heap: 2020.0M(4096.0M)->1645.0M(4096.0M)]
 [Times: user=0.38 sys=0.00, real=0.19 secs] 
2016-08-30T17:22:25.493+0200: 13595.627: [GC pause (young), 0.2024490 secs]
   [Parallel Time: 194.0 ms, GC Workers: 2]
      [GC Worker Start (ms): Min: 13595628.8, Avg: 13595630.3, Max: 13595631.8, Diff: 3.0]
      [Ext Root Scanning (ms): Min: 55.9, Avg: 56.0, Max: 56.1, Diff: 0.2, Sum: 112.0]
      [Update RS (ms): Min: 45.7, Avg: 46.5, Max: 47.3, Diff: 1.6, Sum: 93.0]
         [Processed Buffers: Min: 451, Avg: 466.0, Max: 481, Diff: 30, Sum: 932]
      [Scan RS (ms): Min: 16.6, Avg: 16.7, Max: 16.8, Diff: 0.2, Sum: 33.3]
      [Code Root Scanning (ms): Min: 0.1, Avg: 0.1, Max: 0.1, Diff: 0.1, Sum: 0.2]
      [Object Copy (ms): Min: 70.6, Avg: 73.1, Max: 75.5, Diff: 4.9, Sum: 146.1]
      [Termination (ms): Min: 0.0, Avg: 0.0, Max: 0.0, Diff: 0.0, Sum: 0.0]
      [GC Worker Other (ms): Min: 0.1, Avg: 0.2, Max: 0.2, Diff: 0.0, Sum: 0.3]
      [GC Worker Total (ms): Min: 191.0, Avg: 192.5, Max: 194.0, Diff: 3.0, Sum: 385.0]
      [GC Worker End (ms): Min: 13595822.7, Avg: 13595822.7, Max: 13595822.7, Diff: 0.0]
   [Code Root Fixup: 0.6 ms]
   [Code Root Migration: 0.0 ms]
   [Clear CT: 0.6 ms]
   [Other: 7.2 ms]
      [Choose CSet: 0.0 ms]
      [Ref Proc: 2.9 ms]
      [Ref Enq: 0.2 ms]
      [Free CSet: 0.7 ms]
   [Eden: 254.0M(148.0M)->0.0B(360.0M) Survivors: 56.0M->24.0M Heap: 1899.0M(4096.0M)->1665.0M(4096.0M)]
 [Times: user=0.37 sys=0.01, real=0.20 secs] 
2016-08-30T17:22:38.041+0200: 13608.176: [GC pause (young), 0.2815600 secs]
   [Parallel Time: 270.6 ms, GC Workers: 2]
      [GC Worker Start (ms): Min: 13608181.5, Avg: 13608181.5, Max: 13608181.5, Diff: 0.0]
      [Ext Root Scanning (ms): Min: 97.3, Avg: 98.7, Max: 100.0, Diff: 2.8, Sum: 197.3]
      [Update RS (ms): Min: 89.3, Avg: 93.4, Max: 97.5, Diff: 8.2, Sum: 186.8]
         [Processed Buffers: Min: 437, Avg: 465.0, Max: 493, Diff: 56, Sum: 930]
      [Scan RS (ms): Min: 3.8, Avg: 6.1, Max: 8.5, Diff: 4.6, Sum: 12.3]
      [Code Root Scanning (ms): Min: 0.1, Avg: 0.1, Max: 0.1, Diff: 0.0, Sum: 0.1]
      [Object Copy (ms): Min: 69.7, Avg: 71.1, Max: 72.5, Diff: 2.8, Sum: 142.2]
      [Termination (ms): Min: 0.0, Avg: 1.0, Max: 2.1, Diff: 2.1, Sum: 2.1]
      [GC Worker Other (ms): Min: 0.1, Avg: 0.1, Max: 0.1, Diff: 0.0, Sum: 0.3]
      [GC Worker Total (ms): Min: 270.5, Avg: 270.5, Max: 270.5, Diff: 0.0, Sum: 541.0]
      [GC Worker End (ms): Min: 13608452.0, Avg: 13608452.0, Max: 13608452.0, Diff: 0.0]
   [Code Root Fixup: 0.3 ms]
   [Code Root Migration: 0.0 ms]
   [Clear CT: 0.4 ms]
   [Other: 10.3 ms]
      [Choose CSet: 0.0 ms]
      [Ref Proc: 2.7 ms]
      [Ref Enq: 0.2 ms]
      [Free CSet: 0.6 ms]
   [Eden: 360.0M(360.0M)->0.0B(156.0M) Survivors: 24.0M->48.0M Heap: 2025.0M(4096.0M)->1695.0M(4096.0M)]
 [Times: user=0.26 sys=0.00, real=0.28 secs] 
2016-08-30T17:22:42.288+0200: 13612.422: [GC pause (young), 0.1795870 secs]
   [Parallel Time: 173.8 ms, GC Workers: 2]
      [GC Worker Start (ms): Min: 13612423.7, Avg: 13612423.7, Max: 13612423.7, Diff: 0.0]
      [Ext Root Scanning (ms): Min: 51.9, Avg: 53.0, Max: 54.1, Diff: 2.2, Sum: 106.1]
      [Update RS (ms): Min: 37.6, Avg: 39.0, Max: 40.4, Diff: 2.9, Sum: 78.0]
         [Processed Buffers: Min: 358, Avg: 381.5, Max: 405, Diff: 47, Sum: 763]
      [Scan RS (ms): Min: 17.0, Avg: 17.3, Max: 17.6, Diff: 0.6, Sum: 34.6]
      [Code Root Scanning (ms): Min: 0.1, Avg: 0.1, Max: 0.1, Diff: 0.0, Sum: 0.2]
      [Object Copy (ms): Min: 64.1, Avg: 64.2, Max: 64.2, Diff: 0.1, Sum: 128.3]
      [Termination (ms): Min: 0.0, Avg: 0.0, Max: 0.0, Diff: 0.0, Sum: 0.0]
      [GC Worker Other (ms): Min: 0.1, Avg: 0.1, Max: 0.1, Diff: 0.1, Sum: 0.2]
      [GC Worker Total (ms): Min: 173.7, Avg: 173.7, Max: 173.7, Diff: 0.0, Sum: 347.3]
      [GC Worker End (ms): Min: 13612597.4, Avg: 13612597.4, Max: 13612597.4, Diff: 0.0]
   [Code Root Fixup: 0.2 ms]
   [Code Root Migration: 0.0 ms]
   [Clear CT: 0.5 ms]
   [Other: 5.0 ms]
      [Choose CSet: 0.0 ms]
      [Ref Proc: 1.2 ms]
      [Ref Enq: 0.1 ms]
      [Free CSet: 0.5 ms]
   [Eden: 156.0M(156.0M)->0.0B(186.0M) Survivors: 48.0M->18.0M Heap: 1851.0M(4096.0M)->1712.0M(4096.0M)]
 [Times: user=0.35 sys=0.00, real=0.18 secs] 
2016-08-30T17:22:49.585+0200: 13619.720: [GC pause (young), 0.1439530 secs]
   [Parallel Time: 137.8 ms, GC Workers: 2]
      [GC Worker Start (ms): Min: 13619721.9, Avg: 13619722.0, Max: 13619722.0, Diff: 0.1]
      [Ext Root Scanning (ms): Min: 50.0, Avg: 50.2, Max: 50.5, Diff: 0.5, Sum: 100.5]
      [Update RS (ms): Min: 45.1, Avg: 45.1, Max: 45.1, Diff: 0.0, Sum: 90.3]
         [Processed Buffers: Min: 358, Avg: 447.5, Max: 537, Diff: 179, Sum: 895]
      [Scan RS (ms): Min: 6.7, Avg: 7.0, Max: 7.3, Diff: 0.6, Sum: 14.0]
      [Code Root Scanning (ms): Min: 0.1, Avg: 0.1, Max: 0.1, Diff: 0.0, Sum: 0.1]
      [Object Copy (ms): Min: 35.1, Avg: 35.3, Max: 35.4, Diff: 0.2, Sum: 70.5]
      [Termination (ms): Min: 0.0, Avg: 0.0, Max: 0.0, Diff: 0.0, Sum: 0.0]
      [GC Worker Other (ms): Min: 0.1, Avg: 0.1, Max: 0.1, Diff: 0.0, Sum: 0.1]
      [GC Worker Total (ms): Min: 137.7, Avg: 137.8, Max: 137.8, Diff: 0.1, Sum: 275.5]
      [GC Worker End (ms): Min: 13619859.7, Avg: 13619859.7, Max: 13619859.7, Diff: 0.0]
   [Code Root Fixup: 0.3 ms]
   [Code Root Migration: 0.0 ms]
   [Clear CT: 0.5 ms]
   [Other: 5.3 ms]
      [Choose CSet: 0.0 ms]
      [Ref Proc: 1.5 ms]
      [Ref Enq: 0.1 ms]
      [Free CSet: 0.4 ms]
   [Eden: 186.0M(186.0M)->0.0B(270.0M) Survivors: 18.0M->18.0M Heap: 1898.0M(4096.0M)->1729.0M(4096.0M)]
 [Times: user=0.28 sys=0.00, real=0.14 secs] 
2016-08-30T17:23:00.934+0200: 13631.069: [GC pause (young), 0.1601210 secs]
   [Parallel Time: 153.5 ms, GC Workers: 2]
      [GC Worker Start (ms): Min: 13631070.5, Avg: 13631070.5, Max: 13631070.5, Diff: 0.0]
      [Ext Root Scanning (ms): Min: 50.3, Avg: 50.5, Max: 50.8, Diff: 0.5, Sum: 101.0]
      [Update RS (ms): Min: 53.0, Avg: 53.2, Max: 53.4, Diff: 0.4, Sum: 106.3]
         [Processed Buffers: Min: 385, Avg: 404.5, Max: 424, Diff: 39, Sum: 809]
      [Scan RS (ms): Min: 7.8, Avg: 7.9, Max: 8.0, Diff: 0.2, Sum: 15.9]
      [Code Root Scanning (ms): Min: 0.1, Avg: 0.1, Max: 0.1, Diff: 0.0, Sum: 0.2]
      [Object Copy (ms): Min: 41.5, Avg: 41.6, Max: 41.7, Diff: 0.2, Sum: 83.2]
      [Termination (ms): Min: 0.0, Avg: 0.0, Max: 0.0, Diff: 0.0, Sum: 0.0]
      [GC Worker Other (ms): Min: 0.1, Avg: 0.1, Max: 0.1, Diff: 0.0, Sum: 0.3]
      [GC Worker Total (ms): Min: 153.4, Avg: 153.4, Max: 153.5, Diff: 0.0, Sum: 306.9]
      [GC Worker End (ms): Min: 13631224.0, Avg: 13631224.0, Max: 13631224.0, Diff: 0.0]
   [Code Root Fixup: 0.3 ms]
   [Code Root Migration: 0.0 ms]
   [Clear CT: 0.5 ms]
   [Other: 5.8 ms]
      [Choose CSet: 0.0 ms]
      [Ref Proc: 2.2 ms]
      [Ref Enq: 0.1 ms]
      [Free CSet: 0.6 ms]
   [Eden: 270.0M(270.0M)->0.0B(236.0M) Survivors: 18.0M->36.0M Heap: 1999.0M(4096.0M)->1749.0M(4096.0M)]
 [Times: user=0.31 sys=0.00, real=0.17 secs] 
2016-08-30T17:23:02.131+0200: 13632.265: [GC pause (young), 0.0919980 secs]
   [Parallel Time: 88.8 ms, GC Workers: 2]
      [GC Worker Start (ms): Min: 13632265.8, Avg: 13632266.6, Max: 13632267.4, Diff: 1.6]
      [Ext Root Scanning (ms): Min: 28.7, Avg: 37.8, Max: 46.9, Diff: 18.2, Sum: 75.6]
      [Update RS (ms): Min: 2.2, Avg: 11.7, Max: 21.3, Diff: 19.1, Sum: 23.5]
         [Processed Buffers: Min: 16, Avg: 161.0, Max: 306, Diff: 290, Sum: 322]
      [Scan RS (ms): Min: 7.6, Avg: 7.9, Max: 8.3, Diff: 0.7, Sum: 15.8]
      [Code Root Scanning (ms): Min: 0.0, Avg: 0.1, Max: 0.1, Diff: 0.0, Sum: 0.1]
      [Object Copy (ms): Min: 28.8, Avg: 30.3, Max: 31.8, Diff: 3.1, Sum: 60.6]
      [Termination (ms): Min: 0.0, Avg: 0.0, Max: 0.0, Diff: 0.0, Sum: 0.0]
      [GC Worker Other (ms): Min: 0.1, Avg: 0.1, Max: 0.2, Diff: 0.0, Sum: 0.3]
      [GC Worker Total (ms): Min: 87.2, Avg: 87.9, Max: 88.7, Diff: 1.6, Sum: 175.9]
      [GC Worker End (ms): Min: 13632354.5, Avg: 13632354.5, Max: 13632354.5, Diff: 0.0]
   [Code Root Fixup: 0.2 ms]
   [Code Root Migration: 0.0 ms]
   [Clear CT: 0.4 ms]
   [Other: 2.5 ms]
      [Choose CSet: 0.0 ms]
      [Ref Proc: 0.4 ms]
      [Ref Enq: 0.0 ms]
      [Free CSet: 0.4 ms]
   [Eden: 236.0M(236.0M)->0.0B(1008.0M) Survivors: 36.0M->10.0M Heap: 1985.0M(4096.0M)->1758.0M(4096.0M)]
 [Times: user=0.18 sys=0.00, real=0.09 secs] 
2016-08-30T17:23:23.008+0200: 13653.142: [GC pause (young), 0.2159060 secs]
   [Parallel Time: 204.1 ms, GC Workers: 2]
      [GC Worker Start (ms): Min: 13653144.3, Avg: 13653144.3, Max: 13653144.3, Diff: 0.0]
      [Ext Root Scanning (ms): Min: 50.6, Avg: 51.8, Max: 52.9, Diff: 2.3, Sum: 103.6]
      [Update RS (ms): Min: 70.9, Avg: 72.2, Max: 73.4, Diff: 2.5, Sum: 144.3]
         [Processed Buffers: Min: 461, Avg: 480.0, Max: 499, Diff: 38, Sum: 960]
      [Scan RS (ms): Min: 9.6, Avg: 9.6, Max: 9.6, Diff: 0.0, Sum: 19.2]
      [Code Root Scanning (ms): Min: 0.3, Avg: 0.3, Max: 0.3, Diff: 0.1, Sum: 0.6]
      [Object Copy (ms): Min: 69.9, Avg: 70.0, Max: 70.2, Diff: 0.3, Sum: 140.0]
      [Termination (ms): Min: 0.0, Avg: 0.0, Max: 0.0, Diff: 0.0, Sum: 0.0]
      [GC Worker Other (ms): Min: 0.1, Avg: 0.2, Max: 0.2, Diff: 0.0, Sum: 0.3]
      [GC Worker Total (ms): Min: 204.0, Avg: 204.0, Max: 204.1, Diff: 0.0, Sum: 408.1]
      [GC Worker End (ms): Min: 13653348.4, Avg: 13653348.4, Max: 13653348.4, Diff: 0.0]
   [Code Root Fixup: 0.2 ms]
   [Code Root Migration: 0.1 ms]
   [Clear CT: 0.7 ms]
   [Other: 10.7 ms]
      [Choose CSet: 0.0 ms]
      [Ref Proc: 5.5 ms]
      [Ref Enq: 0.3 ms]
      [Free CSet: 1.5 ms]
   [Eden: 922.0M(922.0M)->0.0B(210.0M) Survivors: 10.0M->64.0M Heap: 2680.0M(4096.0M)->1813.0M(4096.0M)]
 [Times: user=0.40 sys=0.02, real=0.21 secs] 
2016-08-30T17:23:28.440+0200: 13658.575: [GC pause (young), 0.1442880 secs]
   [Parallel Time: 131.3 ms, GC Workers: 2]
      [GC Worker Start (ms): Min: 13658575.4, Avg: 13658575.4, Max: 13658575.4, Diff: 0.0]
      [Ext Root Scanning (ms): Min: 30.4, Avg: 42.4, Max: 54.4, Diff: 23.9, Sum: 84.8]
      [Update RS (ms): Min: 12.5, Avg: 24.2, Max: 35.9, Diff: 23.4, Sum: 48.4]
         [Processed Buffers: Min: 82, Avg: 315.5, Max: 549, Diff: 467, Sum: 631]
      [Scan RS (ms): Min: 11.4, Avg: 11.5, Max: 11.6, Diff: 0.2, Sum: 23.0]
      [Code Root Scanning (ms): Min: 0.0, Avg: 0.0, Max: 0.0, Diff: 0.0, Sum: 0.1]
      [Object Copy (ms): Min: 51.5, Avg: 51.9, Max: 52.3, Diff: 0.8, Sum: 103.9]
      [Termination (ms): Min: 0.0, Avg: 0.0, Max: 0.0, Diff: 0.0, Sum: 0.0]
      [GC Worker Other (ms): Min: 0.0, Avg: 0.1, Max: 0.1, Diff: 0.1, Sum: 0.1]
      [GC Worker Total (ms): Min: 130.1, Avg: 130.1, Max: 130.2, Diff: 0.0, Sum: 260.3]
      [GC Worker End (ms): Min: 13658705.6, Avg: 13658705.6, Max: 13658705.6, Diff: 0.0]
   [Code Root Fixup: 0.2 ms]
   [Code Root Migration: 0.0 ms]
   [Clear CT: 0.4 ms]
   [Other: 12.3 ms]
      [Choose CSet: 0.0 ms]
      [Ref Proc: 9.9 ms]
      [Ref Enq: 0.1 ms]
      [Free CSet: 0.4 ms]
   [Eden: 140.0M(140.0M)->0.0B(842.0M) Survivors: 64.0M->14.0M Heap: 1953.0M(4096.0M)->1818.0M(4096.0M)]
 [Times: user=0.18 sys=0.00, real=0.14 secs] 
2016-08-30T17:23:54.578+0200: 13684.713: [GC pause (young), 0.1885110 secs]
   [Parallel Time: 177.1 ms, GC Workers: 2]
      [GC Worker Start (ms): Min: 13684714.9, Avg: 13684714.9, Max: 13684714.9, Diff: 0.0]
      [Ext Root Scanning (ms): Min: 51.7, Avg: 52.2, Max: 52.7, Diff: 1.0, Sum: 104.4]
      [Update RS (ms): Min: 69.3, Avg: 69.3, Max: 69.3, Diff: 0.1, Sum: 138.6]
         [Processed Buffers: Min: 401, Avg: 438.5, Max: 476, Diff: 75, Sum: 877]
      [Scan RS (ms): Min: 9.3, Avg: 9.3, Max: 9.4, Diff: 0.0, Sum: 18.7]
      [Code Root Scanning (ms): Min: 0.1, Avg: 0.1, Max: 0.2, Diff: 0.1, Sum: 0.3]
      [Object Copy (ms): Min: 45.5, Avg: 45.9, Max: 46.3, Diff: 0.8, Sum: 91.7]
      [Termination (ms): Min: 0.0, Avg: 0.0, Max: 0.0, Diff: 0.0, Sum: 0.0]
      [GC Worker Other (ms): Min: 0.2, Avg: 0.2, Max: 0.2, Diff: 0.0, Sum: 0.4]
      [GC Worker Total (ms): Min: 177.0, Avg: 177.0, Max: 177.0, Diff: 0.0, Sum: 354.0]
      [GC Worker End (ms): Min: 13684891.8, Avg: 13684891.8, Max: 13684891.8, Diff: 0.0]
   [Code Root Fixup: 0.4 ms]
   [Code Root Migration: 0.1 ms]
   [Clear CT: 0.5 ms]
   [Other: 10.4 ms]
      [Choose CSet: 0.0 ms]
      [Ref Proc: 5.8 ms]
      [Ref Enq: 0.3 ms]
      [Free CSet: 1.2 ms]
   [Eden: 634.0M(594.0M)->0.0B(294.0M) Survivors: 14.0M->62.0M Heap: 2452.0M(4096.0M)->1866.0M(4096.0M)]
 [Times: user=0.36 sys=0.01, real=0.19 secs] 
2016-08-30T17:24:03.793+0200: 13693.928: [GC pause (young), 0.1890410 secs]
   [Parallel Time: 182.3 ms, GC Workers: 2]
      [GC Worker Start (ms): Min: 13693929.5, Avg: 13693929.5, Max: 13693929.5, Diff: 0.0]
      [Ext Root Scanning (ms): Min: 50.2, Avg: 50.5, Max: 50.9, Diff: 0.7, Sum: 101.0]
      [Update RS (ms): Min: 46.7, Avg: 46.8, Max: 47.0, Diff: 0.3, Sum: 93.7]
         [Processed Buffers: Min: 389, Avg: 393.5, Max: 398, Diff: 9, Sum: 787]
      [Scan RS (ms): Min: 16.3, Avg: 16.6, Max: 16.9, Diff: 0.7, Sum: 33.2]
      [Code Root Scanning (ms): Min: 0.1, Avg: 0.1, Max: 0.2, Diff: 0.1, Sum: 0.3]
      [Object Copy (ms): Min: 67.4, Avg: 68.0, Max: 68.6, Diff: 1.2, Sum: 136.0]
      [Termination (ms): Min: 0.0, Avg: 0.0, Max: 0.0, Diff: 0.0, Sum: 0.0]
      [GC Worker Other (ms): Min: 0.1, Avg: 0.2, Max: 0.2, Diff: 0.0, Sum: 0.3]
      [GC Worker Total (ms): Min: 182.2, Avg: 182.2, Max: 182.2, Diff: 0.0, Sum: 364.4]
      [GC Worker End (ms): Min: 13694111.7, Avg: 13694111.7, Max: 13694111.7, Diff: 0.0]
   [Code Root Fixup: 0.3 ms]
   [Code Root Migration: 0.0 ms]
   [Clear CT: 0.5 ms]
   [Other: 6.0 ms]
      [Choose CSet: 0.0 ms]
      [Ref Proc: 2.3 ms]
      [Ref Enq: 0.1 ms]
      [Free CSet: 0.6 ms]
   [Eden: 294.0M(294.0M)->0.0B(424.0M) Survivors: 62.0M->34.0M Heap: 2160.0M(4096.0M)->1886.0M(4096.0M)]
 [Times: user=0.37 sys=0.01, real=0.19 secs] 
2016-08-30T17:24:20.309+0200: 13710.443: [GC pause (young) (initial-mark), 0.2139620 secs]
   [Parallel Time: 202.8 ms, GC Workers: 2]
      [GC Worker Start (ms): Min: 13710445.6, Avg: 13710446.8, Max: 13710448.0, Diff: 2.4]
      [Ext Root Scanning (ms): Min: 51.3, Avg: 52.1, Max: 52.9, Diff: 1.7, Sum: 104.2]
      [Code Root Marking (ms): Min: 13.4, Avg: 14.1, Max: 14.8, Diff: 1.4, Sum: 28.2]
      [Update RS (ms): Min: 62.0, Avg: 62.5, Max: 63.0, Diff: 1.0, Sum: 125.1]
         [Processed Buffers: Min: 485, Avg: 495.0, Max: 505, Diff: 20, Sum: 990]
      [Scan RS (ms): Min: 8.1, Avg: 8.2, Max: 8.3, Diff: 0.2, Sum: 16.3]
      [Code Root Scanning (ms): Min: 0.1, Avg: 0.1, Max: 0.1, Diff: 0.1, Sum: 0.2]
      [Object Copy (ms): Min: 63.0, Avg: 64.4, Max: 65.8, Diff: 2.8, Sum: 128.8]
      [Termination (ms): Min: 0.0, Avg: 0.0, Max: 0.0, Diff: 0.0, Sum: 0.0]
      [GC Worker Other (ms): Min: 0.0, Avg: 0.1, Max: 0.1, Diff: 0.1, Sum: 0.2]
      [GC Worker Total (ms): Min: 200.3, Avg: 201.5, Max: 202.7, Diff: 2.4, Sum: 403.0]
      [GC Worker End (ms): Min: 13710648.3, Avg: 13710648.3, Max: 13710648.3, Diff: 0.0]
   [Code Root Fixup: 0.3 ms]
   [Code Root Migration: 0.1 ms]
   [Clear CT: 0.5 ms]
   [Other: 10.3 ms]
      [Choose CSet: 0.0 ms]
      [Ref Proc: 5.2 ms]
      [Ref Enq: 0.2 ms]
      [Free CSet: 0.8 ms]
   [Eden: 424.0M(424.0M)->0.0B(228.0M) Survivors: 34.0M->46.0M Heap: 2310.0M(4096.0M)->1923.0M(4096.0M)]
 [Times: user=0.40 sys=0.00, real=0.21 secs] 
2016-08-30T17:24:20.523+0200: 13710.657: [GC concurrent-root-region-scan-start]
2016-08-30T17:24:20.579+0200: 13710.713: [GC concurrent-root-region-scan-end, 0.0555970 secs]
2016-08-30T17:24:20.579+0200: 13710.713: [GC concurrent-mark-start]
2016-08-30T17:24:22.250+0200: 13712.384: [GC concurrent-mark-end, 1.6712380 secs]
2016-08-30T17:24:22.253+0200: 13712.388: [GC remark 2016-08-30T17:24:22.256+0200: 13712.391: [GC ref-proc, 0.1141010 secs], 0.1422950 secs]
 [Times: user=0.17 sys=0.00, real=0.14 secs] 
2016-08-30T17:24:22.415+0200: 13712.549: [GC cleanup 2000M->1948M(4096M), 0.0541300 secs]
 [Times: user=0.11 sys=0.00, real=0.06 secs] 
2016-08-30T17:24:22.470+0200: 13712.604: [GC concurrent-cleanup-start]
2016-08-30T17:24:22.470+0200: 13712.605: [GC concurrent-cleanup-end, 0.0001970 secs]
2016-08-30T17:24:27.337+0200: 13717.472: [GC pause (young), 0.1886380 secs]
   [Parallel Time: 178.7 ms, GC Workers: 2]
      [GC Worker Start (ms): Min: 13717473.4, Avg: 13717473.4, Max: 13717473.4, Diff: 0.0]
      [Ext Root Scanning (ms): Min: 52.1, Avg: 53.9, Max: 55.7, Diff: 3.6, Sum: 107.8]
      [Update RS (ms): Min: 42.9, Avg: 44.7, Max: 46.5, Diff: 3.5, Sum: 89.4]
         [Processed Buffers: Min: 372, Avg: 398.5, Max: 425, Diff: 53, Sum: 797]
      [Scan RS (ms): Min: 13.5, Avg: 13.7, Max: 13.9, Diff: 0.4, Sum: 27.4]
      [Code Root Scanning (ms): Min: 0.1, Avg: 0.1, Max: 0.1, Diff: 0.0, Sum: 0.2]
      [Object Copy (ms): Min: 65.6, Avg: 65.7, Max: 65.8, Diff: 0.2, Sum: 131.4]
      [Termination (ms): Min: 0.0, Avg: 0.3, Max: 0.7, Diff: 0.7, Sum: 0.7]
      [GC Worker Other (ms): Min: 0.2, Avg: 0.2, Max: 0.2, Diff: 0.0, Sum: 0.3]
      [GC Worker Total (ms): Min: 178.6, Avg: 178.6, Max: 178.6, Diff: 0.0, Sum: 357.2]
      [GC Worker End (ms): Min: 13717652.0, Avg: 13717652.0, Max: 13717652.0, Diff: 0.0]
   [Code Root Fixup: 0.4 ms]
   [Code Root Migration: 0.0 ms]
   [Clear CT: 0.6 ms]
   [Other: 8.9 ms]
      [Choose CSet: 0.0 ms]
      [Ref Proc: 4.8 ms]
      [Ref Enq: 0.2 ms]
      [Free CSet: 0.7 ms]
   [Eden: 228.0M(228.0M)->0.0B(180.0M) Survivors: 46.0M->24.0M Heap: 2099.0M(4096.0M)->1883.0M(4096.0M)]
 [Times: user=0.35 sys=0.01, real=0.19 secs] 
2016-08-30T17:24:33.720+0200: 13723.855: [GC pause (mixed), 0.1886710 secs]
   [Parallel Time: 179.5 ms, GC Workers: 2]
      [GC Worker Start (ms): Min: 13723856.7, Avg: 13723856.8, Max: 13723856.8, Diff: 0.0]
      [Ext Root Scanning (ms): Min: 52.6, Avg: 52.9, Max: 53.2, Diff: 0.6, Sum: 105.7]
      [Update RS (ms): Min: 36.0, Avg: 36.3, Max: 36.6, Diff: 0.6, Sum: 72.6]
         [Processed Buffers: Min: 364, Avg: 373.0, Max: 382, Diff: 18, Sum: 746]
      [Scan RS (ms): Min: 30.4, Avg: 30.8, Max: 31.2, Diff: 0.9, Sum: 61.6]
      [Code Root Scanning (ms): Min: 0.1, Avg: 0.1, Max: 0.2, Diff: 0.1, Sum: 0.3]
      [Object Copy (ms): Min: 59.1, Avg: 59.1, Max: 59.2, Diff: 0.1, Sum: 118.3]
      [Termination (ms): Min: 0.0, Avg: 0.0, Max: 0.0, Diff: 0.0, Sum: 0.0]
      [GC Worker Other (ms): Min: 0.1, Avg: 0.1, Max: 0.1, Diff: 0.1, Sum: 0.2]
      [GC Worker Total (ms): Min: 179.4, Avg: 179.4, Max: 179.4, Diff: 0.0, Sum: 358.7]
      [GC Worker End (ms): Min: 13724036.1, Avg: 13724036.1, Max: 13724036.1, Diff: 0.0]
   [Code Root Fixup: 0.5 ms]
   [Code Root Migration: 0.1 ms]
   [Clear CT: 0.7 ms]
   [Other: 7.9 ms]
      [Choose CSet: 0.2 ms]
      [Ref Proc: 2.2 ms]
      [Ref Enq: 0.2 ms]
      [Free CSet: 1.7 ms]
   [Eden: 180.0M(180.0M)->0.0B(188.0M) Survivors: 24.0M->16.0M Heap: 2063.0M(4096.0M)->1670.0M(4096.0M)]
 [Times: user=0.36 sys=0.00, real=0.19 secs] 
2016-08-30T17:24:40.215+0200: 13730.349: [GC pause (mixed), 0.2605680 secs]
   [Parallel Time: 252.2 ms, GC Workers: 2]
      [GC Worker Start (ms): Min: 13730351.1, Avg: 13730351.2, Max: 13730351.2, Diff: 0.0]
      [Ext Root Scanning (ms): Min: 54.3, Avg: 55.7, Max: 57.1, Diff: 2.8, Sum: 111.5]
      [Update RS (ms): Min: 36.8, Avg: 40.3, Max: 43.7, Diff: 6.9, Sum: 80.5]
         [Processed Buffers: Min: 351, Avg: 393.5, Max: 436, Diff: 85, Sum: 787]
      [Scan RS (ms): Min: 59.1, Avg: 59.2, Max: 59.4, Diff: 0.2, Sum: 118.5]
      [Code Root Scanning (ms): Min: 0.1, Avg: 0.2, Max: 0.3, Diff: 0.2, Sum: 0.4]
      [Object Copy (ms): Min: 94.5, Avg: 96.6, Max: 98.8, Diff: 4.3, Sum: 193.2]
      [Termination (ms): Min: 0.0, Avg: 0.0, Max: 0.0, Diff: 0.0, Sum: 0.0]
      [GC Worker Other (ms): Min: 0.1, Avg: 0.1, Max: 0.1, Diff: 0.1, Sum: 0.2]
      [GC Worker Total (ms): Min: 252.2, Avg: 252.2, Max: 252.2, Diff: 0.0, Sum: 504.3]
      [GC Worker End (ms): Min: 13730603.3, Avg: 13730603.3, Max: 13730603.3, Diff: 0.0]
   [Code Root Fixup: 0.2 ms]
   [Code Root Migration: 0.1 ms]
   [Clear CT: 0.7 ms]
   [Other: 7.4 ms]
      [Choose CSet: 0.5 ms]
      [Ref Proc: 2.2 ms]
      [Ref Enq: 0.1 ms]
      [Free CSet: 1.4 ms]
   [Eden: 188.0M(188.0M)->0.0B(186.0M) Survivors: 16.0M->18.0M Heap: 1858.0M(4096.0M)->1522.0M(4096.0M)]
 [Times: user=0.51 sys=0.00, real=0.26 secs] 
2016-08-30T17:24:45.576+0200: 13735.711: [GC pause (mixed), 0.2714090 secs]
   [Parallel Time: 263.5 ms, GC Workers: 2]
      [GC Worker Start (ms): Min: 13735713.3, Avg: 13735713.4, Max: 13735713.4, Diff: 0.1]
      [Ext Root Scanning (ms): Min: 50.0, Avg: 50.6, Max: 51.1, Diff: 1.1, Sum: 101.1]
      [Update RS (ms): Min: 36.7, Avg: 36.9, Max: 37.1, Diff: 0.4, Sum: 73.7]
         [Processed Buffers: Min: 418, Avg: 453.0, Max: 488, Diff: 70, Sum: 906]
      [Scan RS (ms): Min: 88.2, Avg: 88.6, Max: 89.0, Diff: 0.8, Sum: 177.2]
      [Code Root Scanning (ms): Min: 0.1, Avg: 0.1, Max: 0.2, Diff: 0.1, Sum: 0.2]
      [Object Copy (ms): Min: 86.2, Avg: 87.1, Max: 88.0, Diff: 1.7, Sum: 174.2]
      [Termination (ms): Min: 0.0, Avg: 0.0, Max: 0.0, Diff: 0.0, Sum: 0.0]
      [GC Worker Other (ms): Min: 0.1, Avg: 0.1, Max: 0.1, Diff: 0.0, Sum: 0.3]
      [GC Worker Total (ms): Min: 263.4, Avg: 263.4, Max: 263.4, Diff: 0.1, Sum: 526.8]
      [GC Worker End (ms): Min: 13735976.8, Avg: 13735976.8, Max: 13735976.8, Diff: 0.0]
   [Code Root Fixup: 0.2 ms]
   [Code Root Migration: 0.0 ms]
   [Clear CT: 0.7 ms]
   [Other: 7.0 ms]
      [Choose CSet: 1.1 ms]
      [Ref Proc: 1.3 ms]
      [Ref Enq: 0.1 ms]
      [Free CSet: 1.4 ms]
   [Eden: 186.0M(186.0M)->0.0B(180.0M) Survivors: 18.0M->24.0M Heap: 1708.0M(4096.0M)->1383.0M(4096.0M)]
 [Times: user=0.53 sys=0.00, real=0.27 secs] 
2016-08-30T17:24:51.176+0200: 13741.310: [GC pause (mixed), 0.3022900 secs]
   [Parallel Time: 293.1 ms, GC Workers: 2]
      [GC Worker Start (ms): Min: 13741313.8, Avg: 13741313.8, Max: 13741313.8, Diff: 0.0]
      [Ext Root Scanning (ms): Min: 52.4, Avg: 52.5, Max: 52.5, Diff: 0.1, Sum: 104.9]
      [Update RS (ms): Min: 36.7, Avg: 36.8, Max: 36.9, Diff: 0.2, Sum: 73.7]
         [Processed Buffers: Min: 353, Avg: 398.0, Max: 443, Diff: 90, Sum: 796]
      [Scan RS (ms): Min: 132.1, Avg: 132.3, Max: 132.6, Diff: 0.4, Sum: 264.7]
      [Code Root Scanning (ms): Min: 0.1, Avg: 0.1, Max: 0.2, Diff: 0.1, Sum: 0.3]
      [Object Copy (ms): Min: 70.7, Avg: 71.1, Max: 71.5, Diff: 0.8, Sum: 142.1]
      [Termination (ms): Min: 0.0, Avg: 0.0, Max: 0.0, Diff: 0.0, Sum: 0.0]
      [GC Worker Other (ms): Min: 0.1, Avg: 0.1, Max: 0.2, Diff: 0.0, Sum: 0.3]
      [GC Worker Total (ms): Min: 293.0, Avg: 293.0, Max: 293.0, Diff: 0.0, Sum: 586.0]
      [GC Worker End (ms): Min: 13741606.8, Avg: 13741606.8, Max: 13741606.8, Diff: 0.0]
   [Code Root Fixup: 0.3 ms]
   [Code Root Migration: 0.0 ms]
   [Clear CT: 0.6 ms]
   [Other: 8.2 ms]
      [Choose CSet: 1.6 ms]
      [Ref Proc: 1.3 ms]
      [Ref Enq: 0.1 ms]
      [Free CSet: 1.9 ms]
   [Eden: 180.0M(180.0M)->0.0B(186.0M) Survivors: 24.0M->18.0M Heap: 1563.0M(4096.0M)->1229.0M(4096.0M)]
 [Times: user=0.59 sys=0.00, real=0.30 secs] 
2016-08-30T17:24:57.288+0200: 13747.422: [GC pause (mixed), 0.2444640 secs]
   [Parallel Time: 236.7 ms, GC Workers: 2]
      [GC Worker Start (ms): Min: 13747424.9, Avg: 13747425.0, Max: 13747425.0, Diff: 0.0]
      [Ext Root Scanning (ms): Min: 51.4, Avg: 51.6, Max: 51.8, Diff: 0.4, Sum: 103.2]
      [Update RS (ms): Min: 35.4, Avg: 36.2, Max: 37.0, Diff: 1.7, Sum: 72.4]
         [Processed Buffers: Min: 400, Avg: 420.5, Max: 441, Diff: 41, Sum: 841]
      [Scan RS (ms): Min: 91.4, Avg: 91.8, Max: 92.2, Diff: 0.9, Sum: 183.6]
      [Code Root Scanning (ms): Min: 0.0, Avg: 0.1, Max: 0.1, Diff: 0.1, Sum: 0.2]
      [Object Copy (ms): Min: 56.7, Avg: 56.8, Max: 56.9, Diff: 0.3, Sum: 113.6]
      [Termination (ms): Min: 0.0, Avg: 0.0, Max: 0.0, Diff: 0.0, Sum: 0.0]
      [GC Worker Other (ms): Min: 0.1, Avg: 0.1, Max: 0.1, Diff: 0.0, Sum: 0.3]
      [GC Worker Total (ms): Min: 236.6, Avg: 236.6, Max: 236.6, Diff: 0.0, Sum: 473.2]
      [GC Worker End (ms): Min: 13747661.6, Avg: 13747661.6, Max: 13747661.6, Diff: 0.0]
   [Code Root Fixup: 0.3 ms]
   [Code Root Migration: 0.0 ms]
   [Clear CT: 0.6 ms]
   [Other: 6.8 ms]
      [Choose CSet: 0.9 ms]
      [Ref Proc: 1.3 ms]
      [Ref Enq: 0.1 ms]
      [Free CSet: 1.3 ms]
   [Eden: 186.0M(186.0M)->0.0B(186.0M) Survivors: 18.0M->18.0M Heap: 1415.0M(4096.0M)->1171.0M(4096.0M)]
 [Times: user=0.47 sys=0.00, real=0.24 secs] 
2016-08-30T17:25:04.328+0200: 13754.462: [GC pause (young), 0.1469570 secs]
   [Parallel Time: 141.3 ms, GC Workers: 2]
      [GC Worker Start (ms): Min: 13754464.3, Avg: 13754464.3, Max: 13754464.3, Diff: 0.0]
      [Ext Root Scanning (ms): Min: 52.0, Avg: 61.4, Max: 70.9, Diff: 18.9, Sum: 122.8]
      [Update RS (ms): Min: 29.7, Avg: 40.3, Max: 51.0, Diff: 21.4, Sum: 80.7]
         [Processed Buffers: Min: 253, Avg: 353.5, Max: 454, Diff: 201, Sum: 707]
      [Scan RS (ms): Min: 6.1, Avg: 6.5, Max: 6.9, Diff: 0.8, Sum: 13.0]
      [Code Root Scanning (ms): Min: 0.0, Avg: 0.1, Max: 0.1, Diff: 0.1, Sum: 0.1]
      [Object Copy (ms): Min: 31.1, Avg: 32.8, Max: 34.4, Diff: 3.4, Sum: 65.5]
      [Termination (ms): Min: 0.0, Avg: 0.0, Max: 0.0, Diff: 0.0, Sum: 0.0]
      [GC Worker Other (ms): Min: 0.1, Avg: 0.2, Max: 0.2, Diff: 0.0, Sum: 0.3]
      [GC Worker Total (ms): Min: 141.2, Avg: 141.2, Max: 141.2, Diff: 0.0, Sum: 282.4]
      [GC Worker End (ms): Min: 13754605.5, Avg: 13754605.5, Max: 13754605.5, Diff: 0.0]
   [Code Root Fixup: 0.3 ms]
   [Code Root Migration: 0.0 ms]
   [Clear CT: 0.3 ms]
   [Other: 5.0 ms]
      [Choose CSet: 0.0 ms]
      [Ref Proc: 1.4 ms]
      [Ref Enq: 0.1 ms]
      [Free CSet: 0.4 ms]
   [Eden: 186.0M(186.0M)->0.0B(184.0M) Survivors: 18.0M->20.0M Heap: 1357.0M(4096.0M)->1186.0M(4096.0M)]
 [Times: user=0.29 sys=0.00, real=0.15 secs] 
2016-08-30T17:25:10.246+0200: 13760.380: [GC pause (young), 0.1616600 secs]
   [Parallel Time: 154.6 ms, GC Workers: 2]
      [GC Worker Start (ms): Min: 13760381.6, Avg: 13760381.6, Max: 13760381.7, Diff: 0.0]
      [Ext Root Scanning (ms): Min: 50.6, Avg: 50.8, Max: 51.0, Diff: 0.4, Sum: 101.5]
      [Update RS (ms): Min: 41.0, Avg: 41.6, Max: 42.1, Diff: 1.1, Sum: 83.1]
         [Processed Buffers: Min: 328, Avg: 385.0, Max: 442, Diff: 114, Sum: 770]
      [Scan RS (ms): Min: 8.9, Avg: 9.1, Max: 9.4, Diff: 0.5, Sum: 18.3]
      [Code Root Scanning (ms): Min: 0.0, Avg: 0.1, Max: 0.1, Diff: 0.1, Sum: 0.1]
      [Object Copy (ms): Min: 51.8, Avg: 52.8, Max: 53.8, Diff: 2.0, Sum: 105.6]
      [Termination (ms): Min: 0.0, Avg: 0.0, Max: 0.0, Diff: 0.0, Sum: 0.0]
      [GC Worker Other (ms): Min: 0.1, Avg: 0.1, Max: 0.2, Diff: 0.0, Sum: 0.3]
      [GC Worker Total (ms): Min: 154.5, Avg: 154.5, Max: 154.5, Diff: 0.0, Sum: 309.0]
      [GC Worker End (ms): Min: 13760536.1, Avg: 13760536.1, Max: 13760536.1, Diff: 0.0]
   [Code Root Fixup: 0.5 ms]
   [Code Root Migration: 0.0 ms]
   [Clear CT: 0.4 ms]
   [Other: 6.2 ms]
      [Choose CSet: 0.0 ms]
      [Ref Proc: 2.2 ms]
      [Ref Enq: 0.2 ms]
      [Free CSet: 0.5 ms]
   [Eden: 184.0M(184.0M)->0.0B(184.0M) Survivors: 20.0M->20.0M Heap: 1370.0M(4096.0M)->1203.0M(4096.0M)]
 [Times: user=0.28 sys=0.00, real=0.16 secs] 
2016-08-30T17:25:15.497+0200: 13765.631: [GC pause (young), 0.1543310 secs]
   [Parallel Time: 147.0 ms, GC Workers: 2]
      [GC Worker Start (ms): Min: 13765633.1, Avg: 13765633.1, Max: 13765633.1, Diff: 0.0]
      [Ext Root Scanning (ms): Min: 58.1, Avg: 59.4, Max: 60.6, Diff: 2.5, Sum: 118.7]
      [Update RS (ms): Min: 39.7, Avg: 39.9, Max: 40.2, Diff: 0.5, Sum: 79.9]
         [Processed Buffers: Min: 468, Avg: 468.5, Max: 469, Diff: 1, Sum: 937]
      [Scan RS (ms): Min: 6.5, Avg: 6.8, Max: 7.0, Diff: 0.6, Sum: 13.5]
      [Code Root Scanning (ms): Min: 0.0, Avg: 0.1, Max: 0.1, Diff: 0.0, Sum: 0.1]
      [Object Copy (ms): Min: 39.9, Avg: 40.7, Max: 41.4, Diff: 1.5, Sum: 81.3]
      [Termination (ms): Min: 0.0, Avg: 0.0, Max: 0.0, Diff: 0.0, Sum: 0.0]
      [GC Worker Other (ms): Min: 0.1, Avg: 0.1, Max: 0.2, Diff: 0.0, Sum: 0.3]
      [GC Worker Total (ms): Min: 146.9, Avg: 147.0, Max: 147.0, Diff: 0.0, Sum: 293.9]
      [GC Worker End (ms): Min: 13765780.0, Avg: 13765780.0, Max: 13765780.0, Diff: 0.0]
   [Code Root Fixup: 0.4 ms]
   [Code Root Migration: 0.0 ms]
   [Clear CT: 0.4 ms]
   [Other: 6.5 ms]
      [Choose CSet: 0.0 ms]
      [Ref Proc: 2.6 ms]
      [Ref Enq: 0.2 ms]
      [Free CSet: 0.5 ms]
   [Eden: 184.0M(184.0M)->0.0B(178.0M) Survivors: 20.0M->26.0M Heap: 1387.0M(4096.0M)->1227.0M(4096.0M)]
 [Times: user=0.28 sys=0.00, real=0.15 secs] 
2016-08-30T17:25:21.660+0200: 13771.794: [GC pause (young), 0.1512050 secs]
   [Parallel Time: 143.8 ms, GC Workers: 2]
      [GC Worker Start (ms): Min: 13771795.9, Avg: 13771795.9, Max: 13771795.9, Diff: 0.0]
      [Ext Root Scanning (ms): Min: 56.8, Avg: 57.9, Max: 59.0, Diff: 2.2, Sum: 115.8]
      [Update RS (ms): Min: 38.2, Avg: 39.5, Max: 40.7, Diff: 2.6, Sum: 78.9]
         [Processed Buffers: Min: 389, Avg: 391.5, Max: 394, Diff: 5, Sum: 783]
      [Scan RS (ms): Min: 7.0, Avg: 7.3, Max: 7.7, Diff: 0.7, Sum: 14.6]
      [Code Root Scanning (ms): Min: 0.0, Avg: 0.1, Max: 0.1, Diff: 0.1, Sum: 0.1]
      [Object Copy (ms): Min: 38.3, Avg: 38.9, Max: 39.4, Diff: 1.1, Sum: 77.7]
      [Termination (ms): Min: 0.0, Avg: 0.0, Max: 0.0, Diff: 0.0, Sum: 0.0]
      [GC Worker Other (ms): Min: 0.1, Avg: 0.2, Max: 0.2, Diff: 0.0, Sum: 0.3]
      [GC Worker Total (ms): Min: 143.7, Avg: 143.7, Max: 143.8, Diff: 0.0, Sum: 287.5]
      [GC Worker End (ms): Min: 13771939.7, Avg: 13771939.7, Max: 13771939.7, Diff: 0.0]
   [Code Root Fixup: 0.4 ms]
   [Code Root Migration: 0.0 ms]
   [Clear CT: 0.4 ms]
   [Other: 6.5 ms]
      [Choose CSet: 0.0 ms]
      [Ref Proc: 3.0 ms]
      [Ref Enq: 0.2 ms]
      [Free CSet: 0.5 ms]
   [Eden: 178.0M(178.0M)->0.0B(190.0M) Survivors: 26.0M->14.0M Heap: 1405.0M(4096.0M)->1240.0M(4096.0M)]
 [Times: user=0.28 sys=0.00, real=0.15 secs] 
2016-08-30T17:25:27.474+0200: 13777.609: [GC pause (young), 0.1576650 secs]
   [Parallel Time: 150.4 ms, GC Workers: 2]
      [GC Worker Start (ms): Min: 13777610.3, Avg: 13777610.3, Max: 13777610.4, Diff: 0.1]
      [Ext Root Scanning (ms): Min: 55.0, Avg: 60.5, Max: 66.1, Diff: 11.0, Sum: 121.1]
      [Update RS (ms): Min: 41.2, Avg: 45.7, Max: 50.2, Diff: 9.0, Sum: 91.3]
         [Processed Buffers: Min: 373, Avg: 443.5, Max: 514, Diff: 141, Sum: 887]
      [Scan RS (ms): Min: 6.2, Avg: 6.7, Max: 7.2, Diff: 0.9, Sum: 13.4]
      [Code Root Scanning (ms): Min: 0.0, Avg: 0.1, Max: 0.1, Diff: 0.1, Sum: 0.1]
      [Object Copy (ms): Min: 36.6, Avg: 37.1, Max: 37.7, Diff: 1.1, Sum: 74.3]
      [Termination (ms): Min: 0.0, Avg: 0.0, Max: 0.0, Diff: 0.0, Sum: 0.0]
      [GC Worker Other (ms): Min: 0.1, Avg: 0.2, Max: 0.2, Diff: 0.0, Sum: 0.3]
      [GC Worker Total (ms): Min: 150.2, Avg: 150.3, Max: 150.3, Diff: 0.1, Sum: 300.6]
      [GC Worker End (ms): Min: 13777760.6, Avg: 13777760.6, Max: 13777760.6, Diff: 0.0]
   [Code Root Fixup: 0.4 ms]
   [Code Root Migration: 0.0 ms]
   [Clear CT: 0.5 ms]
   [Other: 6.4 ms]
      [Choose CSet: 0.0 ms]
      [Ref Proc: 2.6 ms]
      [Ref Enq: 0.2 ms]
      [Free CSet: 0.5 ms]
   [Eden: 190.0M(190.0M)->0.0B(178.0M) Survivors: 14.0M->26.0M Heap: 1430.0M(4096.0M)->1256.0M(4096.0M)]
 [Times: user=0.29 sys=0.00, real=0.16 secs] 
2016-08-30T17:25:34.260+0200: 13784.395: [GC pause (young), 0.1524600 secs]
   [Parallel Time: 145.6 ms, GC Workers: 2]
      [GC Worker Start (ms): Min: 13784396.1, Avg: 13784396.1, Max: 13784396.1, Diff: 0.0]
      [Ext Root Scanning (ms): Min: 51.4, Avg: 51.7, Max: 52.0, Diff: 0.6, Sum: 103.4]
      [Update RS (ms): Min: 37.1, Avg: 37.1, Max: 37.2, Diff: 0.1, Sum: 74.3]
         [Processed Buffers: Min: 361, Avg: 375.5, Max: 390, Diff: 29, Sum: 751]
      [Scan RS (ms): Min: 10.3, Avg: 10.7, Max: 11.1, Diff: 0.8, Sum: 21.4]
      [Code Root Scanning (ms): Min: 0.0, Avg: 0.1, Max: 0.1, Diff: 0.1, Sum: 0.1]
      [Object Copy (ms): Min: 45.5, Avg: 45.6, Max: 45.7, Diff: 0.3, Sum: 91.2]
      [Termination (ms): Min: 0.0, Avg: 0.0, Max: 0.0, Diff: 0.0, Sum: 0.0]
      [GC Worker Other (ms): Min: 0.1, Avg: 0.1, Max: 0.2, Diff: 0.1, Sum: 0.3]
      [GC Worker Total (ms): Min: 145.3, Avg: 145.3, Max: 145.3, Diff: 0.0, Sum: 290.7]
      [GC Worker End (ms): Min: 13784541.4, Avg: 13784541.4, Max: 13784541.5, Diff: 0.0]
   [Code Root Fixup: 0.5 ms]
   [Code Root Migration: 0.0 ms]
   [Clear CT: 0.5 ms]
   [Other: 5.9 ms]
      [Choose CSet: 0.0 ms]
      [Ref Proc: 2.1 ms]
      [Ref Enq: 0.2 ms]
      [Free CSet: 0.7 ms]
   [Eden: 178.0M(178.0M)->0.0B(186.0M) Survivors: 26.0M->18.0M Heap: 1434.0M(4096.0M)->1272.0M(4096.0M)]
 [Times: user=0.30 sys=0.00, real=0.15 secs] 
2016-08-30T17:25:40.330+0200: 13790.464: [GC pause (young), 0.1362350 secs]
   [Parallel Time: 130.6 ms, GC Workers: 2]
      [GC Worker Start (ms): Min: 13790465.7, Avg: 13790465.7, Max: 13790465.8, Diff: 0.0]
      [Ext Root Scanning (ms): Min: 49.5, Avg: 50.1, Max: 50.8, Diff: 1.3, Sum: 100.2]
      [Update RS (ms): Min: 39.5, Avg: 39.6, Max: 39.6, Diff: 0.1, Sum: 79.1]
         [Processed Buffers: Min: 370, Avg: 407.0, Max: 444, Diff: 74, Sum: 814]
      [Scan RS (ms): Min: 6.5, Avg: 6.6, Max: 6.6, Diff: 0.1, Sum: 13.1]
      [Code Root Scanning (ms): Min: 0.1, Avg: 0.1, Max: 0.1, Diff: 0.0, Sum: 0.1]
      [Object Copy (ms): Min: 33.4, Avg: 34.0, Max: 34.7, Diff: 1.4, Sum: 68.1]
      [Termination (ms): Min: 0.0, Avg: 0.0, Max: 0.0, Diff: 0.0, Sum: 0.0]
      [GC Worker Other (ms): Min: 0.1, Avg: 0.1, Max: 0.1, Diff: 0.0, Sum: 0.3]
      [GC Worker Total (ms): Min: 130.5, Avg: 130.5, Max: 130.5, Diff: 0.0, Sum: 261.0]
      [GC Worker End (ms): Min: 13790596.3, Avg: 13790596.3, Max: 13790596.3, Diff: 0.0]
   [Code Root Fixup: 0.3 ms]
   [Code Root Migration: 0.0 ms]
   [Clear CT: 0.4 ms]
   [Other: 4.9 ms]
      [Choose CSet: 0.0 ms]
      [Ref Proc: 1.6 ms]
      [Ref Enq: 0.1 ms]
      [Free CSet: 0.4 ms]
   [Eden: 186.0M(186.0M)->0.0B(222.0M) Survivors: 18.0M->16.0M Heap: 1458.0M(4096.0M)->1285.0M(4096.0M)]
 [Times: user=0.26 sys=0.00, real=0.13 secs] 
2016-08-30T17:25:47.934+0200: 13798.068: [GC pause (young), 0.2911440 secs]
   [Parallel Time: 285.1 ms, GC Workers: 2]
      [GC Worker Start (ms): Min: 13798070.2, Avg: 13798071.8, Max: 13798073.5, Diff: 3.3]
      [Ext Root Scanning (ms): Min: 69.6, Avg: 73.9, Max: 78.2, Diff: 8.5, Sum: 147.8]
      [Update RS (ms): Min: 86.0, Avg: 94.2, Max: 102.3, Diff: 16.3, Sum: 188.4]
         [Processed Buffers: Min: 478, Avg: 485.5, Max: 493, Diff: 15, Sum: 971]
      [Scan RS (ms): Min: 12.0, Avg: 20.1, Max: 28.3, Diff: 16.4, Sum: 40.3]
      [Code Root Scanning (ms): Min: 0.0, Avg: 0.0, Max: 0.0, Diff: 0.0, Sum: 0.1]
      [Object Copy (ms): Min: 76.5, Avg: 86.9, Max: 97.3, Diff: 20.8, Sum: 173.8]
      [Termination (ms): Min: 0.0, Avg: 4.1, Max: 8.2, Diff: 8.2, Sum: 8.2]
      [GC Worker Other (ms): Min: 0.1, Avg: 0.1, Max: 0.1, Diff: 0.0, Sum: 0.2]
      [GC Worker Total (ms): Min: 277.0, Avg: 279.4, Max: 281.8, Diff: 4.8, Sum: 558.7]
      [GC Worker End (ms): Min: 13798347.2, Avg: 13798351.2, Max: 13798355.2, Diff: 8.1]
   [Code Root Fixup: 0.4 ms]
   [Code Root Migration: 0.0 ms]
   [Clear CT: 0.5 ms]
   [Other: 5.1 ms]
      [Choose CSet: 0.0 ms]
      [Ref Proc: 1.6 ms]
      [Ref Enq: 0.1 ms]
      [Free CSet: 0.4 ms]
   [Eden: 222.0M(222.0M)->0.0B(174.0M) Survivors: 16.0M->30.0M Heap: 1507.0M(4096.0M)->1309.0M(4096.0M)]
 [Times: user=0.17 sys=0.00, real=0.29 secs] 
2016-08-30T17:25:54.061+0200: 13804.196: [GC pause (young), 0.1546830 secs]
   [Parallel Time: 147.8 ms, GC Workers: 2]
      [GC Worker Start (ms): Min: 13804197.4, Avg: 13804197.5, Max: 13804197.6, Diff: 0.2]
      [Ext Root Scanning (ms): Min: 52.5, Avg: 53.4, Max: 54.3, Diff: 1.8, Sum: 106.8]
      [Update RS (ms): Min: 36.2, Avg: 38.3, Max: 40.5, Diff: 4.3, Sum: 76.7]
         [Processed Buffers: Min: 360, Avg: 396.5, Max: 433, Diff: 73, Sum: 793]
      [Scan RS (ms): Min: 9.4, Avg: 10.0, Max: 10.7, Diff: 1.2, Sum: 20.1]
      [Code Root Scanning (ms): Min: 0.0, Avg: 0.1, Max: 0.1, Diff: 0.1, Sum: 0.1]
      [Object Copy (ms): Min: 44.9, Avg: 45.6, Max: 46.3, Diff: 1.4, Sum: 91.2]
      [Termination (ms): Min: 0.0, Avg: 0.0, Max: 0.0, Diff: 0.0, Sum: 0.0]
      [GC Worker Other (ms): Min: 0.1, Avg: 0.2, Max: 0.2, Diff: 0.0, Sum: 0.3]
      [GC Worker Total (ms): Min: 147.5, Avg: 147.6, Max: 147.7, Diff: 0.2, Sum: 295.1]
      [GC Worker End (ms): Min: 13804345.0, Avg: 13804345.0, Max: 13804345.0, Diff: 0.0]
   [Code Root Fixup: 0.5 ms]
   [Code Root Migration: 0.0 ms]
   [Clear CT: 0.4 ms]
   [Other: 6.0 ms]
      [Choose CSet: 0.0 ms]
      [Ref Proc: 2.1 ms]
      [Ref Enq: 0.2 ms]
      [Free CSet: 0.5 ms]
   [Eden: 174.0M(174.0M)->0.0B(186.0M) Survivors: 30.0M->18.0M Heap: 1483.0M(4096.0M)->1326.0M(4096.0M)]
 [Times: user=0.30 sys=0.00, real=0.15 secs] 
2016-08-30T17:25:59.393+0200: 13809.528: [GC pause (young), 0.1547370 secs]
   [Parallel Time: 147.6 ms, GC Workers: 2]
      [GC Worker Start (ms): Min: 13809528.9, Avg: 13809531.6, Max: 13809534.2, Diff: 5.3]
      [Ext Root Scanning (ms): Min: 52.7, Avg: 53.8, Max: 55.0, Diff: 2.3, Sum: 107.7]
      [Update RS (ms): Min: 38.5, Avg: 40.0, Max: 41.6, Diff: 3.0, Sum: 80.1]
         [Processed Buffers: Min: 332, Avg: 375.5, Max: 419, Diff: 87, Sum: 751]
      [Scan RS (ms): Min: 9.5, Avg: 11.2, Max: 12.8, Diff: 3.3, Sum: 22.4]
      [Code Root Scanning (ms): Min: 0.1, Avg: 0.1, Max: 0.1, Diff: 0.0, Sum: 0.1]
      [Object Copy (ms): Min: 37.9, Avg: 39.6, Max: 41.2, Diff: 3.3, Sum: 79.2]
      [Termination (ms): Min: 0.0, Avg: 0.0, Max: 0.0, Diff: 0.0, Sum: 0.0]
      [GC Worker Other (ms): Min: 0.1, Avg: 0.2, Max: 0.2, Diff: 0.0, Sum: 0.3]
      [GC Worker Total (ms): Min: 142.2, Avg: 144.9, Max: 147.5, Diff: 5.3, Sum: 289.7]
      [GC Worker End (ms): Min: 13809676.4, Avg: 13809676.4, Max: 13809676.4, Diff: 0.0]
   [Code Root Fixup: 0.7 ms]
   [Code Root Migration: 0.0 ms]
   [Clear CT: 0.5 ms]
   [Other: 6.0 ms]
      [Choose CSet: 0.0 ms]
      [Ref Proc: 2.5 ms]
      [Ref Enq: 0.2 ms]
      [Free CSet: 0.5 ms]
   [Eden: 186.0M(186.0M)->0.0B(182.0M) Survivors: 18.0M->22.0M Heap: 1512.0M(4096.0M)->1346.0M(4096.0M)]
 [Times: user=0.28 sys=0.00, real=0.15 secs] 
2016-08-30T17:26:05.464+0200: 13815.598: [GC pause (young), 0.1504180 secs]
   [Parallel Time: 143.6 ms, GC Workers: 2]
      [GC Worker Start (ms): Min: 13815599.9, Avg: 13815600.0, Max: 13815600.0, Diff: 0.0]
      [Ext Root Scanning (ms): Min: 53.3, Avg: 59.3, Max: 65.4, Diff: 12.1, Sum: 118.6]
      [Update RS (ms): Min: 32.7, Avg: 38.5, Max: 44.3, Diff: 11.7, Sum: 77.0]
         [Processed Buffers: Min: 363, Avg: 410.5, Max: 458, Diff: 95, Sum: 821]
      [Scan RS (ms): Min: 6.1, Avg: 6.5, Max: 6.9, Diff: 0.8, Sum: 13.0]
      [Code Root Scanning (ms): Min: 0.0, Avg: 0.1, Max: 0.1, Diff: 0.1, Sum: 0.1]
      [Object Copy (ms): Min: 38.7, Avg: 39.0, Max: 39.2, Diff: 0.5, Sum: 77.9]
      [Termination (ms): Min: 0.0, Avg: 0.0, Max: 0.0, Diff: 0.0, Sum: 0.0]
      [GC Worker Other (ms): Min: 0.2, Avg: 0.2, Max: 0.2, Diff: 0.0, Sum: 0.3]
      [GC Worker Total (ms): Min: 143.4, Avg: 143.5, Max: 143.5, Diff: 0.0, Sum: 286.9]
      [GC Worker End (ms): Min: 13815743.4, Avg: 13815743.4, Max: 13815743.4, Diff: 0.0]
   [Code Root Fixup: 0.4 ms]
   [Code Root Migration: 0.0 ms]
   [Clear CT: 0.5 ms]
   [Other: 5.9 ms]
      [Choose CSet: 0.0 ms]
      [Ref Proc: 2.3 ms]
      [Ref Enq: 0.2 ms]
      [Free CSet: 0.5 ms]
   [Eden: 182.0M(182.0M)->0.0B(186.0M) Survivors: 22.0M->18.0M Heap: 1528.0M(4096.0M)->1362.0M(4096.0M)]
 [Times: user=0.28 sys=0.00, real=0.15 secs] 
2016-08-30T17:26:11.703+0200: 13821.838: [GC pause (young), 0.1430620 secs]
   [Parallel Time: 137.4 ms, GC Workers: 2]
      [GC Worker Start (ms): Min: 13821839.5, Avg: 13821839.5, Max: 13821839.5, Diff: 0.0]
      [Ext Root Scanning (ms): Min: 52.3, Avg: 57.3, Max: 62.3, Diff: 10.0, Sum: 114.6]
      [Update RS (ms): Min: 33.9, Avg: 40.4, Max: 46.9, Diff: 13.1, Sum: 80.8]
         [Processed Buffers: Min: 388, Avg: 432.0, Max: 476, Diff: 88, Sum: 864]
      [Scan RS (ms): Min: 6.3, Avg: 6.7, Max: 7.1, Diff: 0.8, Sum: 13.4]
      [Code Root Scanning (ms): Min: 0.0, Avg: 0.1, Max: 0.1, Diff: 0.1, Sum: 0.1]
      [Object Copy (ms): Min: 31.6, Avg: 32.7, Max: 33.8, Diff: 2.1, Sum: 65.4]
      [Termination (ms): Min: 0.0, Avg: 0.0, Max: 0.0, Diff: 0.0, Sum: 0.0]
      [GC Worker Other (ms): Min: 0.2, Avg: 0.2, Max: 0.2, Diff: 0.0, Sum: 0.3]
      [GC Worker Total (ms): Min: 137.3, Avg: 137.3, Max: 137.4, Diff: 0.0, Sum: 274.7]
      [GC Worker End (ms): Min: 13821976.9, Avg: 13821976.9, Max: 13821976.9, Diff: 0.0]
   [Code Root Fixup: 0.3 ms]
   [Code Root Migration: 0.0 ms]
   [Clear CT: 0.4 ms]
   [Other: 4.9 ms]
      [Choose CSet: 0.0 ms]
      [Ref Proc: 1.3 ms]
      [Ref Enq: 0.1 ms]
      [Free CSet: 0.4 ms]
   [Eden: 186.0M(186.0M)->0.0B(256.0M) Survivors: 18.0M->18.0M Heap: 1548.0M(4096.0M)->1378.0M(4096.0M)]
 [Times: user=0.28 sys=0.01, real=0.15 secs] 
2016-08-30T17:26:20.453+0200: 13830.587: [GC pause (young), 0.1775860 secs]
   [Parallel Time: 169.1 ms, GC Workers: 2]
      [GC Worker Start (ms): Min: 13830589.0, Avg: 13830589.0, Max: 13830589.0, Diff: 0.0]
      [Ext Root Scanning (ms): Min: 52.2, Avg: 64.3, Max: 76.4, Diff: 24.2, Sum: 128.5]
      [Update RS (ms): Min: 36.5, Avg: 49.5, Max: 62.4, Diff: 25.9, Sum: 98.9]
         [Processed Buffers: Min: 329, Avg: 460.0, Max: 591, Diff: 262, Sum: 920]
      [Scan RS (ms): Min: 8.0, Avg: 8.1, Max: 8.1, Diff: 0.1, Sum: 16.1]
      [Code Root Scanning (ms): Min: 0.1, Avg: 0.1, Max: 0.1, Diff: 0.1, Sum: 0.2]
      [Object Copy (ms): Min: 46.1, Avg: 46.8, Max: 47.5, Diff: 1.5, Sum: 93.6]
      [Termination (ms): Min: 0.0, Avg: 0.0, Max: 0.0, Diff: 0.0, Sum: 0.0]
      [GC Worker Other (ms): Min: 0.2, Avg: 0.2, Max: 0.2, Diff: 0.0, Sum: 0.4]
      [GC Worker Total (ms): Min: 168.9, Avg: 168.9, Max: 168.9, Diff: 0.0, Sum: 337.8]
      [GC Worker End (ms): Min: 13830757.9, Avg: 13830757.9, Max: 13830757.9, Diff: 0.0]
   [Code Root Fixup: 0.5 ms]
   [Code Root Migration: 0.0 ms]
   [Clear CT: 0.5 ms]
   [Other: 7.5 ms]
      [Choose CSet: 0.0 ms]
      [Ref Proc: 3.5 ms]
      [Ref Enq: 0.3 ms]
      [Free CSet: 0.6 ms]
   [Eden: 256.0M(256.0M)->0.0B(202.0M) Survivors: 18.0M->36.0M Heap: 1634.0M(4096.0M)->1403.0M(4096.0M)]
 [Times: user=0.33 sys=0.00, real=0.18 secs] 
2016-08-30T17:26:28.220+0200: 13838.354: [GC pause (young), 0.1635170 secs]
   [Parallel Time: 155.7 ms, GC Workers: 2]
      [GC Worker Start (ms): Min: 13838355.9, Avg: 13838355.9, Max: 13838355.9, Diff: 0.0]
      [Ext Root Scanning (ms): Min: 49.8, Avg: 50.4, Max: 51.0, Diff: 1.2, Sum: 100.8]
      [Update RS (ms): Min: 40.5, Avg: 40.5, Max: 40.5, Diff: 0.0, Sum: 81.0]
         [Processed Buffers: Min: 421, Avg: 426.0, Max: 431, Diff: 10, Sum: 852]
      [Scan RS (ms): Min: 11.5, Avg: 11.6, Max: 11.7, Diff: 0.2, Sum: 23.2]
      [Code Root Scanning (ms): Min: 0.1, Avg: 0.1, Max: 0.1, Diff: 0.0, Sum: 0.2]
      [Object Copy (ms): Min: 52.4, Avg: 52.9, Max: 53.4, Diff: 1.0, Sum: 105.7]
      [Termination (ms): Min: 0.0, Avg: 0.0, Max: 0.0, Diff: 0.0, Sum: 0.0]
      [GC Worker Other (ms): Min: 0.2, Avg: 0.2, Max: 0.2, Diff: 0.0, Sum: 0.4]
      [GC Worker Total (ms): Min: 155.6, Avg: 155.6, Max: 155.6, Diff: 0.0, Sum: 311.2]
      [GC Worker End (ms): Min: 13838511.5, Avg: 13838511.5, Max: 13838511.5, Diff: 0.0]
   [Code Root Fixup: 0.9 ms]
   [Code Root Migration: 0.0 ms]
   [Clear CT: 0.6 ms]
   [Other: 6.4 ms]
      [Choose CSet: 0.0 ms]
      [Ref Proc: 2.4 ms]
      [Ref Enq: 0.2 ms]
      [Free CSet: 0.6 ms]
   [Eden: 202.0M(202.0M)->0.0B(324.0M) Survivors: 36.0M->22.0M Heap: 1605.0M(4096.0M)->1423.0M(4096.0M)]
 [Times: user=0.32 sys=0.00, real=0.16 secs] 
2016-08-30T17:26:39.612+0200: 13849.747: [GC pause (young), 0.1757450 secs]
   [Parallel Time: 165.9 ms, GC Workers: 2]
      [GC Worker Start (ms): Min: 13849748.5, Avg: 13849748.6, Max: 13849748.6, Diff: 0.1]
      [Ext Root Scanning (ms): Min: 51.3, Avg: 51.9, Max: 52.5, Diff: 1.2, Sum: 103.8]
      [Update RS (ms): Min: 53.2, Avg: 53.5, Max: 53.7, Diff: 0.5, Sum: 106.9]
         [Processed Buffers: Min: 477, Avg: 480.5, Max: 484, Diff: 7, Sum: 961]
      [Scan RS (ms): Min: 8.1, Avg: 8.4, Max: 8.8, Diff: 0.8, Sum: 16.9]
      [Code Root Scanning (ms): Min: 0.1, Avg: 0.1, Max: 0.1, Diff: 0.0, Sum: 0.3]
      [Object Copy (ms): Min: 51.2, Avg: 51.7, Max: 52.3, Diff: 1.1, Sum: 103.5]
      [Termination (ms): Min: 0.0, Avg: 0.0, Max: 0.0, Diff: 0.0, Sum: 0.0]
      [GC Worker Other (ms): Min: 0.1, Avg: 0.1, Max: 0.2, Diff: 0.1, Sum: 0.2]
      [GC Worker Total (ms): Min: 165.8, Avg: 165.8, Max: 165.8, Diff: 0.1, Sum: 331.6]
      [GC Worker End (ms): Min: 13849914.4, Avg: 13849914.4, Max: 13849914.4, Diff: 0.0]
   [Code Root Fixup: 0.4 ms]
   [Code Root Migration: 0.1 ms]
   [Clear CT: 0.5 ms]
   [Other: 8.8 ms]
      [Choose CSet: 0.0 ms]
      [Ref Proc: 4.4 ms]
      [Ref Enq: 0.3 ms]
      [Free CSet: 0.8 ms]
   [Eden: 324.0M(324.0M)->0.0B(218.0M) Survivors: 22.0M->44.0M Heap: 1747.0M(4096.0M)->1447.0M(4096.0M)]
 [Times: user=0.34 sys=0.00, real=0.18 secs] 
2016-08-30T17:26:46.310+0200: 13856.445: [GC pause (young), 0.1801030 secs]
   [Parallel Time: 174.3 ms, GC Workers: 2]
      [GC Worker Start (ms): Min: 13856446.3, Avg: 13856446.3, Max: 13856446.3, Diff: 0.0]
      [Ext Root Scanning (ms): Min: 51.8, Avg: 51.9, Max: 51.9, Diff: 0.0, Sum: 103.7]
      [Update RS (ms): Min: 44.6, Avg: 45.4, Max: 46.1, Diff: 1.5, Sum: 90.7]
         [Processed Buffers: Min: 374, Avg: 394.0, Max: 414, Diff: 40, Sum: 788]
      [Scan RS (ms): Min: 13.2, Avg: 13.5, Max: 13.8, Diff: 0.6, Sum: 27.0]
      [Code Root Scanning (ms): Min: 0.0, Avg: 0.1, Max: 0.1, Diff: 0.1, Sum: 0.2]
      [Object Copy (ms): Min: 62.8, Avg: 63.2, Max: 63.6, Diff: 0.8, Sum: 126.4]
      [Termination (ms): Min: 0.0, Avg: 0.0, Max: 0.0, Diff: 0.0, Sum: 0.0]
      [GC Worker Other (ms): Min: 0.1, Avg: 0.2, Max: 0.2, Diff: 0.0, Sum: 0.3]
      [GC Worker Total (ms): Min: 174.2, Avg: 174.2, Max: 174.2, Diff: 0.0, Sum: 348.3]
      [GC Worker End (ms): Min: 13856620.5, Avg: 13856620.5, Max: 13856620.5, Diff: 0.0]
   [Code Root Fixup: 0.3 ms]
   [Code Root Migration: 0.0 ms]
   [Clear CT: 0.4 ms]
   [Other: 5.0 ms]
      [Choose CSet: 0.0 ms]
      [Ref Proc: 1.6 ms]
      [Ref Enq: 0.1 ms]
      [Free CSet: 0.5 ms]
   [Eden: 218.0M(218.0M)->0.0B(326.0M) Survivors: 44.0M->26.0M Heap: 1665.0M(4096.0M)->1462.0M(4096.0M)]
 [Times: user=0.32 sys=0.00, real=0.18 secs] 
2016-08-30T17:26:57.498+0200: 13867.632: [GC pause (young), 0.1828120 secs]
   [Parallel Time: 172.9 ms, GC Workers: 2]
      [GC Worker Start (ms): Min: 13867634.1, Avg: 13867635.6, Max: 13867637.0, Diff: 2.8]
      [Ext Root Scanning (ms): Min: 57.0, Avg: 57.9, Max: 58.8, Diff: 1.8, Sum: 115.8]
      [Update RS (ms): Min: 50.9, Avg: 50.9, Max: 51.0, Diff: 0.1, Sum: 101.9]
         [Processed Buffers: Min: 436, Avg: 450.5, Max: 465, Diff: 29, Sum: 901]
      [Scan RS (ms): Min: 8.7, Avg: 8.9, Max: 9.1, Diff: 0.4, Sum: 17.7]
      [Code Root Scanning (ms): Min: 0.1, Avg: 0.1, Max: 0.1, Diff: 0.0, Sum: 0.2]
      [Object Copy (ms): Min: 52.8, Avg: 53.5, Max: 54.2, Diff: 1.4, Sum: 107.0]
      [Termination (ms): Min: 0.0, Avg: 0.0, Max: 0.0, Diff: 0.0, Sum: 0.0]
      [GC Worker Other (ms): Min: 0.1, Avg: 0.2, Max: 0.2, Diff: 0.0, Sum: 0.3]
      [GC Worker Total (ms): Min: 170.0, Avg: 171.4, Max: 172.9, Diff: 2.8, Sum: 342.9]
      [GC Worker End (ms): Min: 13867807.0, Avg: 13867807.0, Max: 13867807.0, Diff: 0.0]
   [Code Root Fixup: 0.5 ms]
   [Code Root Migration: 0.1 ms]
   [Clear CT: 0.6 ms]
   [Other: 8.8 ms]
      [Choose CSet: 0.0 ms]
      [Ref Proc: 4.2 ms]
      [Ref Enq: 0.3 ms]
      [Free CSet: 0.8 ms]
   [Eden: 326.0M(326.0M)->0.0B(296.0M) Survivors: 26.0M->32.0M Heap: 1788.0M(4096.0M)->1488.0M(4096.0M)]
 [Times: user=0.33 sys=0.01, real=0.19 secs] 
2016-08-30T17:27:08.725+0200: 13878.859: [GC pause (young), 0.1699230 secs]
   [Parallel Time: 161.5 ms, GC Workers: 2]
      [GC Worker Start (ms): Min: 13878861.0, Avg: 13878861.1, Max: 13878861.1, Diff: 0.0]
      [Ext Root Scanning (ms): Min: 50.6, Avg: 50.9, Max: 51.2, Diff: 0.6, Sum: 101.8]
      [Update RS (ms): Min: 46.0, Avg: 46.2, Max: 46.4, Diff: 0.4, Sum: 92.4]
         [Processed Buffers: Min: 408, Avg: 433.5, Max: 459, Diff: 51, Sum: 867]
      [Scan RS (ms): Min: 9.9, Avg: 10.4, Max: 10.8, Diff: 0.9, Sum: 20.8]
      [Code Root Scanning (ms): Min: 0.1, Avg: 0.1, Max: 0.1, Diff: 0.0, Sum: 0.2]
      [Object Copy (ms): Min: 53.6, Avg: 53.7, Max: 53.7, Diff: 0.1, Sum: 107.3]
      [Termination (ms): Min: 0.0, Avg: 0.0, Max: 0.0, Diff: 0.0, Sum: 0.0]
      [GC Worker Other (ms): Min: 0.1, Avg: 0.1, Max: 0.1, Diff: 0.0, Sum: 0.3]
      [GC Worker Total (ms): Min: 161.4, Avg: 161.4, Max: 161.4, Diff: 0.0, Sum: 322.8]
      [GC Worker End (ms): Min: 13879022.4, Avg: 13879022.5, Max: 13879022.5, Diff: 0.0]
   [Code Root Fixup: 0.4 ms]
   [Code Root Migration: 0.1 ms]
   [Clear CT: 0.5 ms]
   [Other: 7.5 ms]
      [Choose CSet: 0.0 ms]
      [Ref Proc: 3.5 ms]
      [Ref Enq: 0.3 ms]
      [Free CSet: 0.7 ms]
   [Eden: 296.0M(296.0M)->0.0B(400.0M) Survivors: 32.0M->28.0M Heap: 1784.0M(4096.0M)->1506.0M(4096.0M)]
 [Times: user=0.33 sys=0.00, real=0.17 secs] 
2016-08-30T17:27:22.839+0200: 13892.974: [GC pause (young), 0.1788840 secs]
   [Parallel Time: 170.8 ms, GC Workers: 2]
      [GC Worker Start (ms): Min: 13892975.2, Avg: 13892975.6, Max: 13892976.0, Diff: 0.8]
      [Ext Root Scanning (ms): Min: 52.4, Avg: 53.0, Max: 53.6, Diff: 1.2, Sum: 106.0]
      [Update RS (ms): Min: 57.6, Avg: 58.0, Max: 58.4, Diff: 0.9, Sum: 116.0]
         [Processed Buffers: Min: 424, Avg: 455.0, Max: 486, Diff: 62, Sum: 910]
      [Scan RS (ms): Min: 8.7, Avg: 8.8, Max: 9.0, Diff: 0.3, Sum: 17.7]
      [Code Root Scanning (ms): Min: 0.1, Avg: 0.1, Max: 0.1, Diff: 0.0, Sum: 0.2]
      [Object Copy (ms): Min: 49.9, Avg: 50.3, Max: 50.7, Diff: 0.8, Sum: 100.6]
      [Termination (ms): Min: 0.0, Avg: 0.0, Max: 0.0, Diff: 0.0, Sum: 0.0]
      [GC Worker Other (ms): Min: 0.1, Avg: 0.1, Max: 0.2, Diff: 0.0, Sum: 0.3]
      [GC Worker Total (ms): Min: 170.0, Avg: 170.4, Max: 170.8, Diff: 0.8, Sum: 340.8]
      [GC Worker End (ms): Min: 13893146.0, Avg: 13893146.0, Max: 13893146.0, Diff: 0.0]
   [Code Root Fixup: 0.2 ms]
   [Code Root Migration: 0.1 ms]
   [Clear CT: 0.5 ms]
   [Other: 7.3 ms]
      [Choose CSet: 0.0 ms]
      [Ref Proc: 3.6 ms]
      [Ref Enq: 0.2 ms]
      [Free CSet: 0.7 ms]
   [Eden: 400.0M(400.0M)->0.0B(294.0M) Survivors: 28.0M->54.0M Heap: 1906.0M(4096.0M)->1540.0M(4096.0M)]
 [Times: user=0.34 sys=0.01, real=0.18 secs] 
2016-08-30T17:27:28.199+0200: 13898.333: [GC pause (young), 0.1744080 secs]
   [Parallel Time: 167.5 ms, GC Workers: 2]
      [GC Worker Start (ms): Min: 13898335.1, Avg: 13898335.1, Max: 13898335.1, Diff: 0.0]
      [Ext Root Scanning (ms): Min: 51.1, Avg: 51.3, Max: 51.5, Diff: 0.4, Sum: 102.6]
      [Update RS (ms): Min: 36.4, Avg: 36.9, Max: 37.4, Diff: 0.9, Sum: 73.8]
         [Processed Buffers: Min: 340, Avg: 363.5, Max: 387, Diff: 47, Sum: 727]
      [Scan RS (ms): Min: 17.6, Avg: 18.2, Max: 18.9, Diff: 1.3, Sum: 36.5]
      [Code Root Scanning (ms): Min: 0.0, Avg: 0.1, Max: 0.1, Diff: 0.1, Sum: 0.1]
      [Object Copy (ms): Min: 59.9, Avg: 60.5, Max: 61.0, Diff: 1.0, Sum: 120.9]
      [Termination (ms): Min: 0.0, Avg: 0.2, Max: 0.4, Diff: 0.4, Sum: 0.4]
      [GC Worker Other (ms): Min: 0.0, Avg: 0.1, Max: 0.1, Diff: 0.1, Sum: 0.2]
      [GC Worker Total (ms): Min: 167.1, Avg: 167.3, Max: 167.5, Diff: 0.4, Sum: 334.6]
      [GC Worker End (ms): Min: 13898502.2, Avg: 13898502.4, Max: 13898502.5, Diff: 0.3]
   [Code Root Fixup: 0.3 ms]
   [Code Root Migration: 0.0 ms]
   [Clear CT: 0.5 ms]
   [Other: 6.1 ms]
      [Choose CSet: 0.0 ms]
      [Ref Proc: 2.0 ms]
      [Ref Enq: 0.1 ms]
      [Free CSet: 0.6 ms]
   [Eden: 160.0M(160.0M)->0.0B(694.0M) Survivors: 54.0M->16.0M Heap: 1700.0M(4096.0M)->1552.0M(4096.0M)]
 [Times: user=0.31 sys=0.00, real=0.17 secs] 
2016-08-30T17:27:51.859+0200: 13921.993: [GC pause (young), 0.2311950 secs]
   [Parallel Time: 219.0 ms, GC Workers: 2]
      [GC Worker Start (ms): Min: 13921995.3, Avg: 13921995.3, Max: 13921995.3, Diff: 0.1]
      [Ext Root Scanning (ms): Min: 51.0, Avg: 51.3, Max: 51.6, Diff: 0.5, Sum: 102.6]
      [Update RS (ms): Min: 76.9, Avg: 77.6, Max: 78.2, Diff: 1.3, Sum: 155.2]
         [Processed Buffers: Min: 511, Avg: 512.5, Max: 514, Diff: 3, Sum: 1025]
      [Scan RS (ms): Min: 10.3, Avg: 10.8, Max: 11.4, Diff: 1.1, Sum: 21.7]
      [Code Root Scanning (ms): Min: 0.2, Avg: 0.2, Max: 0.3, Diff: 0.1, Sum: 0.4]
      [Object Copy (ms): Min: 78.7, Avg: 78.9, Max: 79.0, Diff: 0.2, Sum: 157.7]
      [Termination (ms): Min: 0.0, Avg: 0.0, Max: 0.0, Diff: 0.0, Sum: 0.0]
      [GC Worker Other (ms): Min: 0.1, Avg: 0.1, Max: 0.1, Diff: 0.1, Sum: 0.2]
      [GC Worker Total (ms): Min: 218.9, Avg: 218.9, Max: 218.9, Diff: 0.0, Sum: 437.7]
      [GC Worker End (ms): Min: 13922214.1, Avg: 13922214.2, Max: 13922214.2, Diff: 0.0]
   [Code Root Fixup: 0.3 ms]
   [Code Root Migration: 0.1 ms]
   [Clear CT: 0.6 ms]
   [Other: 11.2 ms]
      [Choose CSet: 0.0 ms]
      [Ref Proc: 6.1 ms]
      [Ref Enq: 0.4 ms]
      [Free CSet: 1.3 ms]
   [Eden: 636.0M(546.0M)->0.0B(142.0M) Survivors: 16.0M->70.0M Heap: 2188.0M(4096.0M)->1607.0M(4096.0M)]
 [Times: user=0.45 sys=0.00, real=0.23 secs] 
2016-08-30T17:27:57.047+0200: 13927.181: [GC pause (young), 0.1695620 secs]
   [Parallel Time: 164.0 ms, GC Workers: 2]
      [GC Worker Start (ms): Min: 13927182.7, Avg: 13927182.9, Max: 13927183.2, Diff: 0.5]
      [Ext Root Scanning (ms): Min: 49.6, Avg: 50.5, Max: 51.3, Diff: 1.7, Sum: 100.9]
      [Update RS (ms): Min: 31.8, Avg: 32.1, Max: 32.5, Diff: 0.8, Sum: 64.3]
         [Processed Buffers: Min: 310, Avg: 315.5, Max: 321, Diff: 11, Sum: 631]
      [Scan RS (ms): Min: 15.7, Avg: 16.5, Max: 17.2, Diff: 1.5, Sum: 32.9]
      [Code Root Scanning (ms): Min: 0.0, Avg: 0.1, Max: 0.1, Diff: 0.1, Sum: 0.1]
      [Object Copy (ms): Min: 64.2, Avg: 64.4, Max: 64.7, Diff: 0.5, Sum: 128.9]
      [Termination (ms): Min: 0.0, Avg: 0.0, Max: 0.0, Diff: 0.0, Sum: 0.0]
      [GC Worker Other (ms): Min: 0.2, Avg: 0.2, Max: 0.2, Diff: 0.0, Sum: 0.3]
      [GC Worker Total (ms): Min: 163.5, Avg: 163.7, Max: 163.9, Diff: 0.4, Sum: 327.4]
      [GC Worker End (ms): Min: 13927346.6, Avg: 13927346.6, Max: 13927346.7, Diff: 0.0]
   [Code Root Fixup: 0.2 ms]
   [Code Root Migration: 0.0 ms]
   [Clear CT: 0.4 ms]
   [Other: 4.8 ms]
      [Choose CSet: 0.0 ms]
      [Ref Proc: 1.3 ms]
      [Ref Enq: 0.1 ms]
      [Free CSet: 0.5 ms]
   [Eden: 142.0M(142.0M)->0.0B(588.0M) Survivors: 70.0M->14.0M Heap: 1749.0M(4096.0M)->1605.0M(4096.0M)]
 [Times: user=0.33 sys=0.00, real=0.17 secs] 
2016-08-30T17:28:18.933+0200: 13949.067: [GC pause (young), 0.1117270 secs]
   [Parallel Time: 104.1 ms, GC Workers: 2]
      [GC Worker Start (ms): Min: 13949068.4, Avg: 13949069.8, Max: 13949071.2, Diff: 2.8]
      [Ext Root Scanning (ms): Min: 32.1, Avg: 33.3, Max: 34.6, Diff: 2.5, Sum: 66.7]
      [Update RS (ms): Min: 32.3, Avg: 32.6, Max: 32.9, Diff: 0.6, Sum: 65.2]
         [Processed Buffers: Min: 491, Avg: 501.0, Max: 511, Diff: 20, Sum: 1002]
      [Scan RS (ms): Min: 5.1, Avg: 5.2, Max: 5.2, Diff: 0.1, Sum: 10.4]
      [Code Root Scanning (ms): Min: 0.1, Avg: 0.1, Max: 0.1, Diff: 0.0, Sum: 0.2]
      [Object Copy (ms): Min: 31.3, Avg: 31.4, Max: 31.5, Diff: 0.2, Sum: 62.7]
      [Termination (ms): Min: 0.0, Avg: 0.0, Max: 0.0, Diff: 0.0, Sum: 0.0]
      [GC Worker Other (ms): Min: 0.1, Avg: 0.1, Max: 0.1, Diff: 0.0, Sum: 0.2]
      [GC Worker Total (ms): Min: 101.3, Avg: 102.7, Max: 104.1, Diff: 2.8, Sum: 205.3]
      [GC Worker End (ms): Min: 13949172.5, Avg: 13949172.5, Max: 13949172.5, Diff: 0.0]
   [Code Root Fixup: 0.3 ms]
   [Code Root Migration: 0.1 ms]
   [Clear CT: 0.3 ms]
   [Other: 6.9 ms]
      [Choose CSet: 0.0 ms]
      [Ref Proc: 3.9 ms]
      [Ref Enq: 0.3 ms]
      [Free CSet: 0.8 ms]
   [Eden: 576.0M(480.0M)->0.0B(402.0M) Survivors: 14.0M->58.0M Heap: 2181.0M(4096.0M)->1649.0M(4096.0M)]
 [Times: user=0.20 sys=0.01, real=0.11 secs] 
2016-08-30T17:28:30.927+0200: 13961.062: [GC pause (young), 0.1876560 secs]
   [Parallel Time: 179.8 ms, GC Workers: 2]
      [GC Worker Start (ms): Min: 13961063.5, Avg: 13961063.5, Max: 13961063.5, Diff: 0.0]
      [Ext Root Scanning (ms): Min: 51.2, Avg: 51.6, Max: 52.1, Diff: 0.9, Sum: 103.3]
      [Update RS (ms): Min: 49.0, Avg: 49.6, Max: 50.2, Diff: 1.2, Sum: 99.2]
         [Processed Buffers: Min: 397, Avg: 406.0, Max: 415, Diff: 18, Sum: 812]
      [Scan RS (ms): Min: 16.2, Avg: 16.7, Max: 17.1, Diff: 0.8, Sum: 33.3]
      [Code Root Scanning (ms): Min: 0.1, Avg: 0.1, Max: 0.2, Diff: 0.0, Sum: 0.3]
      [Object Copy (ms): Min: 60.9, Avg: 61.5, Max: 62.1, Diff: 1.2, Sum: 123.0]
      [Termination (ms): Min: 0.0, Avg: 0.0, Max: 0.0, Diff: 0.0, Sum: 0.0]
      [GC Worker Other (ms): Min: 0.1, Avg: 0.2, Max: 0.2, Diff: 0.1, Sum: 0.3]
      [GC Worker Total (ms): Min: 179.7, Avg: 179.7, Max: 179.7, Diff: 0.0, Sum: 359.3]
      [GC Worker End (ms): Min: 13961243.2, Avg: 13961243.2, Max: 13961243.2, Diff: 0.0]
   [Code Root Fixup: 0.2 ms]
   [Code Root Migration: 0.0 ms]
   [Clear CT: 0.5 ms]
   [Other: 7.1 ms]
      [Choose CSet: 0.0 ms]
      [Ref Proc: 3.1 ms]
      [Ref Enq: 0.2 ms]
      [Free CSet: 0.7 ms]
   [Eden: 348.0M(210.0M)->0.0B(490.0M) Survivors: 58.0M->34.0M Heap: 1997.0M(4096.0M)->1670.0M(4096.0M)]
 [Times: user=0.37 sys=0.00, real=0.19 secs] 
2016-08-30T17:28:47.893+0200: 13978.027: [GC pause (young), 0.3593870 secs]
   [Parallel Time: 345.8 ms, GC Workers: 2]
      [GC Worker Start (ms): Min: 13978034.2, Avg: 13978034.2, Max: 13978034.2, Diff: 0.0]
      [Ext Root Scanning (ms): Min: 82.7, Avg: 86.8, Max: 90.9, Diff: 8.2, Sum: 173.6]
      [Update RS (ms): Min: 116.1, Avg: 123.1, Max: 130.2, Diff: 14.1, Sum: 246.3]
         [Processed Buffers: Min: 493, Avg: 545.0, Max: 597, Diff: 104, Sum: 1090]
      [Scan RS (ms): Min: 14.8, Avg: 17.4, Max: 19.9, Diff: 5.1, Sum: 34.7]
      [Code Root Scanning (ms): Min: 0.0, Avg: 0.1, Max: 0.1, Diff: 0.1, Sum: 0.1]
      [Object Copy (ms): Min: 112.3, Avg: 112.7, Max: 113.1, Diff: 0.9, Sum: 225.4]
      [Termination (ms): Min: 0.0, Avg: 3.3, Max: 6.5, Diff: 6.5, Sum: 6.5]
      [GC Worker Other (ms): Min: 0.0, Avg: 0.1, Max: 0.1, Diff: 0.1, Sum: 0.1]
      [GC Worker Total (ms): Min: 341.0, Avg: 343.4, Max: 345.8, Diff: 4.8, Sum: 686.8]
      [GC Worker End (ms): Min: 13978375.2, Avg: 13978377.6, Max: 13978380.0, Diff: 4.8]
   [Code Root Fixup: 0.2 ms]
   [Code Root Migration: 0.0 ms]
   [Clear CT: 0.6 ms]
   [Other: 12.7 ms]
      [Choose CSet: 0.0 ms]
      [Ref Proc: 3.4 ms]
      [Ref Enq: 0.2 ms]
      [Free CSet: 0.9 ms]
   [Eden: 490.0M(490.0M)->0.0B(150.0M) Survivors: 34.0M->54.0M Heap: 2160.0M(4096.0M)->1721.0M(4096.0M)]
 [Times: user=0.22 sys=0.00, real=0.36 secs] 
2016-08-30T17:28:52.586+0200: 13982.721: [GC pause (young), 0.1706190 secs]
   [Parallel Time: 163.2 ms, GC Workers: 2]
      [GC Worker Start (ms): Min: 13982722.5, Avg: 13982724.3, Max: 13982726.0, Diff: 3.6]
      [Ext Root Scanning (ms): Min: 51.4, Avg: 52.8, Max: 54.2, Diff: 2.8, Sum: 105.7]
      [Update RS (ms): Min: 34.4, Avg: 35.0, Max: 35.6, Diff: 1.1, Sum: 70.0]
         [Processed Buffers: Min: 303, Avg: 337.0, Max: 371, Diff: 68, Sum: 674]
      [Scan RS (ms): Min: 12.9, Avg: 13.6, Max: 14.2, Diff: 1.3, Sum: 27.1]
      [Code Root Scanning (ms): Min: 0.0, Avg: 0.1, Max: 0.1, Diff: 0.0, Sum: 0.1]
      [Object Copy (ms): Min: 59.4, Avg: 59.9, Max: 60.3, Diff: 0.9, Sum: 119.8]
      [Termination (ms): Min: 0.0, Avg: 0.0, Max: 0.0, Diff: 0.0, Sum: 0.0]
      [GC Worker Other (ms): Min: 0.1, Avg: 0.1, Max: 0.1, Diff: 0.0, Sum: 0.1]
      [GC Worker Total (ms): Min: 159.6, Avg: 161.4, Max: 163.2, Diff: 3.6, Sum: 322.8]
      [GC Worker End (ms): Min: 13982885.7, Avg: 13982885.7, Max: 13982885.7, Diff: 0.0]
   [Code Root Fixup: 0.6 ms]
   [Code Root Migration: 0.0 ms]
   [Clear CT: 0.6 ms]
   [Other: 6.1 ms]
      [Choose CSet: 0.0 ms]
      [Ref Proc: 2.1 ms]
      [Ref Enq: 0.2 ms]
      [Free CSet: 0.7 ms]
   [Eden: 150.0M(150.0M)->0.0B(186.0M) Survivors: 54.0M->18.0M Heap: 1871.0M(4096.0M)->1729.0M(4096.0M)]
 [Times: user=0.32 sys=0.01, real=0.17 secs] 
2016-08-30T17:28:58.641+0200: 13988.776: [GC pause (young), 0.1427330 secs]
   [Parallel Time: 135.7 ms, GC Workers: 2]
      [GC Worker Start (ms): Min: 13988777.5, Avg: 13988777.5, Max: 13988777.6, Diff: 0.0]
      [Ext Root Scanning (ms): Min: 51.1, Avg: 51.5, Max: 52.0, Diff: 0.8, Sum: 103.1]
      [Update RS (ms): Min: 41.0, Avg: 41.5, Max: 41.9, Diff: 0.9, Sum: 82.9]
         [Processed Buffers: Min: 375, Avg: 411.5, Max: 448, Diff: 73, Sum: 823]
      [Scan RS (ms): Min: 5.5, Avg: 6.0, Max: 6.4, Diff: 0.9, Sum: 11.9]
      [Code Root Scanning (ms): Min: 0.1, Avg: 0.1, Max: 0.1, Diff: 0.0, Sum: 0.1]
      [Object Copy (ms): Min: 35.9, Avg: 36.3, Max: 36.8, Diff: 0.9, Sum: 72.7]
      [Termination (ms): Min: 0.0, Avg: 0.0, Max: 0.1, Diff: 0.1, Sum: 0.1]
      [GC Worker Other (ms): Min: 0.1, Avg: 0.1, Max: 0.2, Diff: 0.1, Sum: 0.2]
      [GC Worker Total (ms): Min: 135.5, Avg: 135.5, Max: 135.5, Diff: 0.0, Sum: 271.0]
      [GC Worker End (ms): Min: 13988913.1, Avg: 13988913.1, Max: 13988913.1, Diff: 0.0]
   [Code Root Fixup: 0.4 ms]
   [Code Root Migration: 0.0 ms]
   [Clear CT: 0.5 ms]
   [Other: 6.1 ms]
      [Choose CSet: 0.0 ms]
      [Ref Proc: 2.3 ms]
      [Ref Enq: 0.2 ms]
      [Free CSet: 0.5 ms]
   [Eden: 186.0M(186.0M)->0.0B(260.0M) Survivors: 18.0M->18.0M Heap: 1915.0M(4096.0M)->1744.0M(4096.0M)]
 [Times: user=0.27 sys=0.00, real=0.14 secs] 
2016-08-30T17:29:06.434+0200: 13996.568: [GC pause (young), 0.1680970 secs]
   [Parallel Time: 161.5 ms, GC Workers: 2]
      [GC Worker Start (ms): Min: 13996570.2, Avg: 13996570.2, Max: 13996570.3, Diff: 0.0]
      [Ext Root Scanning (ms): Min: 52.6, Avg: 52.7, Max: 52.9, Diff: 0.3, Sum: 105.4]
      [Update RS (ms): Min: 59.9, Avg: 60.2, Max: 60.5, Diff: 0.6, Sum: 120.4]
         [Processed Buffers: Min: 435, Avg: 455.5, Max: 476, Diff: 41, Sum: 911]
      [Scan RS (ms): Min: 7.3, Avg: 7.6, Max: 7.9, Diff: 0.6, Sum: 15.2]
      [Code Root Scanning (ms): Min: 0.1, Avg: 0.1, Max: 0.1, Diff: 0.0, Sum: 0.2]
      [Object Copy (ms): Min: 40.6, Avg: 40.7, Max: 40.8, Diff: 0.2, Sum: 81.3]
      [Termination (ms): Min: 0.0, Avg: 0.0, Max: 0.0, Diff: 0.0, Sum: 0.0]
      [GC Worker Other (ms): Min: 0.1, Avg: 0.2, Max: 0.2, Diff: 0.0, Sum: 0.3]
      [GC Worker Total (ms): Min: 161.4, Avg: 161.4, Max: 161.5, Diff: 0.0, Sum: 322.9]
      [GC Worker End (ms): Min: 13996731.7, Avg: 13996731.7, Max: 13996731.7, Diff: 0.0]
   [Code Root Fixup: 0.2 ms]
   [Code Root Migration: 0.0 ms]
   [Clear CT: 0.4 ms]
   [Other: 5.9 ms]
      [Choose CSet: 0.0 ms]
      [Ref Proc: 2.3 ms]
      [Ref Enq: 0.1 ms]
      [Free CSet: 0.5 ms]
   [Eden: 260.0M(260.0M)->0.0B(212.0M) Survivors: 18.0M->36.0M Heap: 2004.0M(4096.0M)->1770.0M(4096.0M)]
 [Times: user=0.30 sys=0.00, real=0.17 secs] 
2016-08-30T17:29:12.971+0200: 14003.105: [GC pause (young), 0.1944130 secs]
   [Parallel Time: 181.4 ms, GC Workers: 2]
      [GC Worker Start (ms): Min: 14003106.9, Avg: 14003106.9, Max: 14003106.9, Diff: 0.0]
      [Ext Root Scanning (ms): Min: 50.7, Avg: 50.8, Max: 50.8, Diff: 0.1, Sum: 101.6]
      [Update RS (ms): Min: 46.5, Avg: 46.6, Max: 46.8, Diff: 0.3, Sum: 93.2]
         [Processed Buffers: Min: 455, Avg: 506.5, Max: 558, Diff: 103, Sum: 1013]
      [Scan RS (ms): Min: 11.8, Avg: 12.1, Max: 12.3, Diff: 0.5, Sum: 24.1]
      [Code Root Scanning (ms): Min: 0.1, Avg: 0.1, Max: 0.1, Diff: 0.0, Sum: 0.2]
      [Object Copy (ms): Min: 71.5, Avg: 71.6, Max: 71.7, Diff: 0.2, Sum: 143.2]
      [Termination (ms): Min: 0.0, Avg: 0.0, Max: 0.0, Diff: 0.0, Sum: 0.0]
      [GC Worker Other (ms): Min: 0.1, Avg: 0.1, Max: 0.2, Diff: 0.1, Sum: 0.3]
      [GC Worker Total (ms): Min: 181.3, Avg: 181.3, Max: 181.3, Diff: 0.0, Sum: 362.6]
      [GC Worker End (ms): Min: 14003288.2, Avg: 14003288.2, Max: 14003288.2, Diff: 0.0]
   [Code Root Fixup: 0.7 ms]
   [Code Root Migration: 0.0 ms]
   [Clear CT: 0.5 ms]
   [Other: 11.8 ms]
      [Choose CSet: 0.0 ms]
      [Ref Proc: 7.5 ms]
      [Ref Enq: 0.2 ms]
      [Free CSet: 0.6 ms]
   [Eden: 212.0M(212.0M)->0.0B(242.0M) Survivors: 36.0M->26.0M Heap: 1982.0M(4096.0M)->1795.0M(4096.0M)]
 [Times: user=0.34 sys=0.00, real=0.20 secs] 
2016-08-30T17:29:21.569+0200: 14011.703: [GC pause (young), 0.1525070 secs]
   [Parallel Time: 146.4 ms, GC Workers: 2]
      [GC Worker Start (ms): Min: 14011705.1, Avg: 14011705.1, Max: 14011705.1, Diff: 0.0]
      [Ext Root Scanning (ms): Min: 49.6, Avg: 50.1, Max: 50.7, Diff: 1.1, Sum: 100.3]
      [Update RS (ms): Min: 48.8, Avg: 49.2, Max: 49.7, Diff: 0.8, Sum: 98.5]
         [Processed Buffers: Min: 471, Avg: 471.0, Max: 471, Diff: 0, Sum: 942]
      [Scan RS (ms): Min: 8.6, Avg: 8.9, Max: 9.2, Diff: 0.6, Sum: 17.8]
      [Code Root Scanning (ms): Min: 0.0, Avg: 0.1, Max: 0.2, Diff: 0.1, Sum: 0.2]
      [Object Copy (ms): Min: 37.2, Avg: 37.7, Max: 38.2, Diff: 1.0, Sum: 75.5]
      [Termination (ms): Min: 0.0, Avg: 0.0, Max: 0.0, Diff: 0.0, Sum: 0.0]
      [GC Worker Other (ms): Min: 0.2, Avg: 0.2, Max: 0.2, Diff: 0.0, Sum: 0.3]
      [GC Worker Total (ms): Min: 146.3, Avg: 146.3, Max: 146.3, Diff: 0.0, Sum: 292.5]
      [GC Worker End (ms): Min: 14011851.4, Avg: 14011851.4, Max: 14011851.4, Diff: 0.0]
   [Code Root Fixup: 0.2 ms]
   [Code Root Migration: 0.0 ms]
   [Clear CT: 0.5 ms]
   [Other: 5.4 ms]
      [Choose CSet: 0.0 ms]
      [Ref Proc: 2.0 ms]
      [Ref Enq: 0.1 ms]
      [Free CSet: 0.5 ms]
   [Eden: 242.0M(242.0M)->0.0B(394.0M) Survivors: 26.0M->20.0M Heap: 2037.0M(4096.0M)->1812.0M(4096.0M)]
 [Times: user=0.29 sys=0.00, real=0.15 secs] 
2016-08-30T17:29:35.125+0200: 14025.259: [GC pause (young), 0.1904340 secs]
   [Parallel Time: 179.6 ms, GC Workers: 2]
      [GC Worker Start (ms): Min: 14025261.1, Avg: 14025261.1, Max: 14025261.1, Diff: 0.0]
      [Ext Root Scanning (ms): Min: 49.8, Avg: 50.0, Max: 50.2, Diff: 0.4, Sum: 100.0]
      [Update RS (ms): Min: 63.0, Avg: 63.1, Max: 63.2, Diff: 0.2, Sum: 126.3]
         [Processed Buffers: Min: 471, Avg: 480.0, Max: 489, Diff: 18, Sum: 960]
      [Scan RS (ms): Min: 10.2, Avg: 10.3, Max: 10.4, Diff: 0.3, Sum: 20.6]
      [Code Root Scanning (ms): Min: 0.1, Avg: 0.1, Max: 0.2, Diff: 0.1, Sum: 0.3]
      [Object Copy (ms): Min: 55.6, Avg: 55.9, Max: 56.1, Diff: 0.5, Sum: 111.7]
      [Termination (ms): Min: 0.0, Avg: 0.0, Max: 0.0, Diff: 0.0, Sum: 0.0]
      [GC Worker Other (ms): Min: 0.2, Avg: 0.2, Max: 0.2, Diff: 0.0, Sum: 0.3]
      [GC Worker Total (ms): Min: 179.5, Avg: 179.6, Max: 179.6, Diff: 0.0, Sum: 359.1]
      [GC Worker End (ms): Min: 14025440.6, Avg: 14025440.6, Max: 14025440.6, Diff: 0.0]
   [Code Root Fixup: 0.4 ms]
   [Code Root Migration: 0.1 ms]
   [Clear CT: 0.6 ms]
   [Other: 9.6 ms]
      [Choose CSet: 0.0 ms]
      [Ref Proc: 5.1 ms]
      [Ref Enq: 0.4 ms]
      [Free CSet: 1.0 ms]
   [Eden: 394.0M(394.0M)->0.0B(198.0M) Survivors: 20.0M->50.0M Heap: 2206.0M(4096.0M)->1842.0M(4096.0M)]
 [Times: user=0.37 sys=0.01, real=0.19 secs] 
2016-08-30T17:29:40.570+0200: 14030.705: [GC pause (young), 0.1551950 secs]
   [Parallel Time: 150.0 ms, GC Workers: 2]
      [GC Worker Start (ms): Min: 14030706.2, Avg: 14030706.2, Max: 14030706.2, Diff: 0.0]
      [Ext Root Scanning (ms): Min: 50.4, Avg: 51.2, Max: 52.1, Diff: 1.7, Sum: 102.4]
      [Update RS (ms): Min: 34.4, Avg: 34.8, Max: 35.2, Diff: 0.8, Sum: 69.6]
         [Processed Buffers: Min: 281, Avg: 320.5, Max: 360, Diff: 79, Sum: 641]
      [Scan RS (ms): Min: 14.0, Avg: 14.4, Max: 14.8, Diff: 0.8, Sum: 28.8]
      [Code Root Scanning (ms): Min: 0.0, Avg: 0.1, Max: 0.1, Diff: 0.1, Sum: 0.1]
      [Object Copy (ms): Min: 48.4, Avg: 49.3, Max: 50.1, Diff: 1.7, Sum: 98.6]
      [Termination (ms): Min: 0.0, Avg: 0.0, Max: 0.0, Diff: 0.0, Sum: 0.0]
      [GC Worker Other (ms): Min: 0.2, Avg: 0.2, Max: 0.2, Diff: 0.0, Sum: 0.3]
      [GC Worker Total (ms): Min: 149.9, Avg: 149.9, Max: 149.9, Diff: 0.0, Sum: 299.8]
      [GC Worker End (ms): Min: 14030856.1, Avg: 14030856.1, Max: 14030856.1, Diff: 0.0]
   [Code Root Fixup: 0.2 ms]
   [Code Root Migration: 0.0 ms]
   [Clear CT: 0.5 ms]
   [Other: 4.5 ms]
      [Choose CSet: 0.0 ms]
      [Ref Proc: 1.3 ms]
      [Ref Enq: 0.1 ms]
      [Free CSet: 0.5 ms]
   [Eden: 154.0M(154.0M)->0.0B(402.0M) Survivors: 50.0M->16.0M Heap: 1996.0M(4096.0M)->1849.0M(4096.0M)]
 [Times: user=0.31 sys=0.00, real=0.16 secs] 
2016-08-30T17:29:53.709+0200: 14043.843: [GC pause (young), 0.1931950 secs]
   [Parallel Time: 181.8 ms, GC Workers: 2]
      [GC Worker Start (ms): Min: 14043845.2, Avg: 14043845.2, Max: 14043845.2, Diff: 0.0]
      [Ext Root Scanning (ms): Min: 51.1, Avg: 51.5, Max: 52.0, Diff: 0.9, Sum: 103.1]
      [Update RS (ms): Min: 64.5, Avg: 64.8, Max: 65.1, Diff: 0.6, Sum: 129.6]
         [Processed Buffers: Min: 484, Avg: 512.5, Max: 541, Diff: 57, Sum: 1025]
      [Scan RS (ms): Min: 7.7, Avg: 7.8, Max: 7.9, Diff: 0.2, Sum: 15.6]
      [Code Root Scanning (ms): Min: 0.1, Avg: 0.1, Max: 0.2, Diff: 0.0, Sum: 0.3]
      [Object Copy (ms): Min: 57.2, Avg: 57.2, Max: 57.3, Diff: 0.1, Sum: 114.5]
      [Termination (ms): Min: 0.0, Avg: 0.0, Max: 0.0, Diff: 0.0, Sum: 0.0]
      [GC Worker Other (ms): Min: 0.2, Avg: 0.2, Max: 0.2, Diff: 0.0, Sum: 0.3]
      [GC Worker Total (ms): Min: 181.7, Avg: 181.7, Max: 181.7, Diff: 0.0, Sum: 363.5]
      [GC Worker End (ms): Min: 14044027.0, Avg: 14044027.0, Max: 14044027.0, Diff: 0.0]
   [Code Root Fixup: 0.5 ms]
   [Code Root Migration: 0.1 ms]
   [Clear CT: 0.6 ms]
   [Other: 10.2 ms]
      [Choose CSet: 0.0 ms]
      [Ref Proc: 5.3 ms]
      [Ref Enq: 0.4 ms]
      [Free CSet: 1.1 ms]
   [Eden: 402.0M(402.0M)->0.0B(214.0M) Survivors: 16.0M->54.0M Heap: 2251.0M(4096.0M)->1887.0M(4096.0M)]
 [Times: user=0.37 sys=0.00, real=0.19 secs] 
2016-08-30T17:29:58.808+0200: 14048.942: [GC pause (young), 0.1606200 secs]
   [Parallel Time: 154.9 ms, GC Workers: 2]
      [GC Worker Start (ms): Min: 14048943.8, Avg: 14048943.8, Max: 14048943.8, Diff: 0.0]
      [Ext Root Scanning (ms): Min: 50.2, Avg: 50.4, Max: 50.6, Diff: 0.4, Sum: 100.7]
      [Update RS (ms): Min: 37.6, Avg: 38.5, Max: 39.3, Diff: 1.8, Sum: 76.9]
         [Processed Buffers: Min: 321, Avg: 338.0, Max: 355, Diff: 34, Sum: 676]
      [Scan RS (ms): Min: 13.4, Avg: 14.0, Max: 14.7, Diff: 1.3, Sum: 28.0]
      [Code Root Scanning (ms): Min: 0.0, Avg: 0.1, Max: 0.1, Diff: 0.1, Sum: 0.1]
      [Object Copy (ms): Min: 51.5, Avg: 51.9, Max: 52.3, Diff: 0.8, Sum: 103.8]
      [Termination (ms): Min: 0.0, Avg: 0.0, Max: 0.0, Diff: 0.0, Sum: 0.0]
      [GC Worker Other (ms): Min: 0.1, Avg: 0.1, Max: 0.1, Diff: 0.0, Sum: 0.1]
      [GC Worker Total (ms): Min: 154.9, Avg: 154.9, Max: 154.9, Diff: 0.0, Sum: 309.7]
      [GC Worker End (ms): Min: 14049098.6, Avg: 14049098.6, Max: 14049098.6, Diff: 0.0]
   [Code Root Fixup: 0.4 ms]
   [Code Root Migration: 0.0 ms]
   [Clear CT: 0.5 ms]
   [Other: 4.8 ms]
      [Choose CSet: 0.0 ms]
      [Ref Proc: 1.3 ms]
      [Ref Enq: 0.1 ms]
      [Free CSet: 0.5 ms]
   [Eden: 150.0M(150.0M)->0.0B(530.0M) Survivors: 54.0M->14.0M Heap: 2037.0M(4096.0M)->1892.0M(4096.0M)]
 [Times: user=0.32 sys=0.01, real=0.16 secs] 
2016-08-30T17:30:18.489+0200: 14068.623: [GC pause (young) (initial-mark), 0.2398640 secs]
   [Parallel Time: 228.7 ms, GC Workers: 2]
      [GC Worker Start (ms): Min: 14068625.8, Avg: 14068625.8, Max: 14068625.8, Diff: 0.0]
      [Ext Root Scanning (ms): Min: 57.1, Avg: 60.4, Max: 63.6, Diff: 6.5, Sum: 120.7]
      [Code Root Marking (ms): Min: 12.3, Avg: 13.6, Max: 14.9, Diff: 2.5, Sum: 27.2]
      [Update RS (ms): Min: 73.3, Avg: 74.1, Max: 75.0, Diff: 1.7, Sum: 148.3]
         [Processed Buffers: Min: 527, Avg: 538.0, Max: 549, Diff: 22, Sum: 1076]
      [Scan RS (ms): Min: 8.9, Avg: 9.4, Max: 10.0, Diff: 1.1, Sum: 18.8]
      [Code Root Scanning (ms): Min: 0.1, Avg: 0.2, Max: 0.2, Diff: 0.1, Sum: 0.3]
      [Object Copy (ms): Min: 66.6, Avg: 70.8, Max: 75.0, Diff: 8.5, Sum: 141.6]
      [Termination (ms): Min: 0.0, Avg: 0.0, Max: 0.0, Diff: 0.0, Sum: 0.0]
      [GC Worker Other (ms): Min: 0.1, Avg: 0.2, Max: 0.2, Diff: 0.0, Sum: 0.3]
      [GC Worker Total (ms): Min: 228.6, Avg: 228.6, Max: 228.6, Diff: 0.0, Sum: 457.3]
      [GC Worker End (ms): Min: 14068854.5, Avg: 14068854.5, Max: 14068854.5, Diff: 0.0]
   [Code Root Fixup: 0.3 ms]
   [Code Root Migration: 0.1 ms]
   [Clear CT: 0.5 ms]
   [Other: 10.3 ms]
      [Choose CSet: 0.0 ms]
      [Ref Proc: 4.7 ms]
      [Ref Enq: 0.3 ms]
      [Free CSet: 1.0 ms]
   [Eden: 530.0M(530.0M)->0.0B(144.0M) Survivors: 14.0M->60.0M Heap: 2422.0M(4096.0M)->1939.0M(4096.0M)]
 [Times: user=0.45 sys=0.00, real=0.24 secs] 
2016-08-30T17:30:18.729+0200: 14068.864: [GC concurrent-root-region-scan-start]
2016-08-30T17:30:18.759+0200: 14068.894: [GC concurrent-root-region-scan-end, 0.0300210 secs]
2016-08-30T17:30:18.759+0200: 14068.894: [GC concurrent-mark-start]
2016-08-30T17:30:20.199+0200: 14070.334: [GC concurrent-mark-end, 1.4401000 secs]
2016-08-30T17:30:20.203+0200: 14070.337: [GC remark 2016-08-30T17:30:20.205+0200: 14070.339: [GC ref-proc, 0.1246540 secs], 0.1460910 secs]
 [Times: user=0.16 sys=0.00, real=0.14 secs] 
2016-08-30T17:30:20.354+0200: 14070.488: [GC cleanup 1989M->1928M(4096M), 0.0382610 secs]
 [Times: user=0.07 sys=0.00, real=0.04 secs] 
2016-08-30T17:30:20.393+0200: 14070.527: [GC concurrent-cleanup-start]
2016-08-30T17:30:20.393+0200: 14070.527: [GC concurrent-cleanup-end, 0.0001590 secs]
2016-08-30T17:30:23.581+0200: 14073.715: [GC pause (young), 0.1293220 secs]
   [Parallel Time: 118.8 ms, GC Workers: 2]
      [GC Worker Start (ms): Min: 14073716.0, Avg: 14073716.0, Max: 14073716.0, Diff: 0.0]
      [Ext Root Scanning (ms): Min: 32.5, Avg: 42.4, Max: 52.4, Diff: 19.8, Sum: 84.9]
      [Update RS (ms): Min: 11.6, Avg: 23.9, Max: 36.2, Diff: 24.6, Sum: 47.8]
         [Processed Buffers: Min: 217, Avg: 307.0, Max: 397, Diff: 180, Sum: 614]
      [Scan RS (ms): Min: 6.4, Avg: 8.4, Max: 10.5, Diff: 4.1, Sum: 16.8]
      [Code Root Scanning (ms): Min: 0.0, Avg: 0.0, Max: 0.1, Diff: 0.1, Sum: 0.1]
      [Object Copy (ms): Min: 43.3, Avg: 43.5, Max: 43.6, Diff: 0.4, Sum: 86.9]
      [Termination (ms): Min: 0.0, Avg: 0.1, Max: 0.2, Diff: 0.2, Sum: 0.2]
      [GC Worker Other (ms): Min: 0.4, Avg: 0.4, Max: 0.4, Diff: 0.0, Sum: 0.8]
      [GC Worker Total (ms): Min: 118.8, Avg: 118.8, Max: 118.8, Diff: 0.0, Sum: 237.6]
      [GC Worker End (ms): Min: 14073834.8, Avg: 14073834.8, Max: 14073834.8, Diff: 0.0]
   [Code Root Fixup: 0.3 ms]
   [Code Root Migration: 0.0 ms]
   [Clear CT: 6.6 ms]
   [Other: 3.6 ms]
      [Choose CSet: 0.0 ms]
      [Ref Proc: 1.2 ms]
      [Ref Enq: 0.1 ms]
      [Free CSet: 0.4 ms]
   [Eden: 144.0M(144.0M)->0.0B(190.0M) Survivors: 60.0M->14.0M Heap: 2022.0M(4096.0M)->1877.0M(4096.0M)]
 [Times: user=0.18 sys=0.00, real=0.13 secs] 
2016-08-30T17:30:29.329+0200: 14079.464: [GC pause (mixed), 0.1926910 secs]
   [Parallel Time: 185.8 ms, GC Workers: 2]
      [GC Worker Start (ms): Min: 14079465.6, Avg: 14079465.6, Max: 14079465.6, Diff: 0.0]
      [Ext Root Scanning (ms): Min: 51.4, Avg: 57.3, Max: 63.2, Diff: 11.8, Sum: 114.6]
      [Update RS (ms): Min: 36.8, Avg: 43.1, Max: 49.3, Diff: 12.5, Sum: 86.1]
         [Processed Buffers: Min: 304, Avg: 419.5, Max: 535, Diff: 231, Sum: 839]
      [Scan RS (ms): Min: 34.5, Avg: 35.3, Max: 36.1, Diff: 1.6, Sum: 70.6]
      [Code Root Scanning (ms): Min: 0.1, Avg: 0.2, Max: 0.3, Diff: 0.3, Sum: 0.4]
      [Object Copy (ms): Min: 48.7, Avg: 49.7, Max: 50.6, Diff: 1.9, Sum: 99.3]
      [Termination (ms): Min: 0.0, Avg: 0.0, Max: 0.0, Diff: 0.0, Sum: 0.0]
      [GC Worker Other (ms): Min: 0.0, Avg: 0.1, Max: 0.2, Diff: 0.1, Sum: 0.2]
      [GC Worker Total (ms): Min: 185.6, Avg: 185.6, Max: 185.6, Diff: 0.0, Sum: 371.3]
      [GC Worker End (ms): Min: 14079651.2, Avg: 14079651.2, Max: 14079651.2, Diff: 0.0]
   [Code Root Fixup: 0.2 ms]
   [Code Root Migration: 0.1 ms]
   [Clear CT: 0.6 ms]
   [Other: 6.0 ms]
      [Choose CSet: 0.3 ms]
      [Ref Proc: 1.6 ms]
      [Ref Enq: 0.1 ms]
      [Free CSet: 1.3 ms]
   [Eden: 190.0M(190.0M)->0.0B(178.0M) Survivors: 14.0M->26.0M Heap: 2067.0M(4096.0M)->1583.0M(4096.0M)]
 [Times: user=0.37 sys=0.00, real=0.19 secs] 
2016-08-30T17:30:35.422+0200: 14085.556: [GC pause (mixed), 0.2078560 secs]
   [Parallel Time: 201.0 ms, GC Workers: 2]
      [GC Worker Start (ms): Min: 14085558.0, Avg: 14085558.0, Max: 14085558.0, Diff: 0.0]
      [Ext Root Scanning (ms): Min: 52.8, Avg: 52.9, Max: 53.1, Diff: 0.4, Sum: 105.9]
      [Update RS (ms): Min: 41.5, Avg: 42.0, Max: 42.5, Diff: 1.1, Sum: 84.0]
         [Processed Buffers: Min: 336, Avg: 369.5, Max: 403, Diff: 67, Sum: 739]
      [Scan RS (ms): Min: 48.3, Avg: 48.8, Max: 49.3, Diff: 1.0, Sum: 97.7]
      [Code Root Scanning (ms): Min: 0.1, Avg: 0.1, Max: 0.2, Diff: 0.1, Sum: 0.3]
      [Object Copy (ms): Min: 56.8, Avg: 56.9, Max: 57.1, Diff: 0.3, Sum: 113.8]
      [Termination (ms): Min: 0.0, Avg: 0.0, Max: 0.0, Diff: 0.0, Sum: 0.0]
      [GC Worker Other (ms): Min: 0.1, Avg: 0.1, Max: 0.1, Diff: 0.1, Sum: 0.2]
      [GC Worker Total (ms): Min: 200.9, Avg: 200.9, Max: 201.0, Diff: 0.0, Sum: 401.9]
      [GC Worker End (ms): Min: 14085758.9, Avg: 14085758.9, Max: 14085758.9, Diff: 0.0]
   [Code Root Fixup: 0.4 ms]
   [Code Root Migration: 0.1 ms]
   [Clear CT: 0.6 ms]
   [Other: 5.8 ms]
      [Choose CSet: 0.5 ms]
      [Ref Proc: 1.3 ms]
      [Ref Enq: 0.1 ms]
      [Free CSet: 1.2 ms]
   [Eden: 178.0M(178.0M)->0.0B(188.0M) Survivors: 26.0M->16.0M Heap: 1761.0M(4096.0M)->1425.0M(4096.0M)]
 [Times: user=0.40 sys=0.01, real=0.21 secs] 
2016-08-30T17:30:41.210+0200: 14091.345: [GC pause (mixed), 0.2374660 secs]
   [Parallel Time: 228.1 ms, GC Workers: 2]
      [GC Worker Start (ms): Min: 14091346.9, Avg: 14091346.9, Max: 14091346.9, Diff: 0.0]
      [Ext Root Scanning (ms): Min: 50.4, Avg: 50.6, Max: 50.7, Diff: 0.3, Sum: 101.2]
      [Update RS (ms): Min: 39.3, Avg: 40.0, Max: 40.7, Diff: 1.4, Sum: 80.1]
         [Processed Buffers: Min: 414, Avg: 419.5, Max: 425, Diff: 11, Sum: 839]
      [Scan RS (ms): Min: 53.0, Avg: 53.6, Max: 54.1, Diff: 1.2, Sum: 107.1]
      [Code Root Scanning (ms): Min: 0.1, Avg: 0.1, Max: 0.2, Diff: 0.1, Sum: 0.3]
      [Object Copy (ms): Min: 83.4, Avg: 83.5, Max: 83.6, Diff: 0.2, Sum: 167.1]
      [Termination (ms): Min: 0.0, Avg: 0.0, Max: 0.0, Diff: 0.0, Sum: 0.0]
      [GC Worker Other (ms): Min: 0.2, Avg: 0.2, Max: 0.2, Diff: 0.0, Sum: 0.3]
      [GC Worker Total (ms): Min: 228.0, Avg: 228.0, Max: 228.0, Diff: 0.0, Sum: 456.0]
      [GC Worker End (ms): Min: 14091574.9, Avg: 14091574.9, Max: 14091575.0, Diff: 0.0]
   [Code Root Fixup: 0.4 ms]
   [Code Root Migration: 0.1 ms]
   [Clear CT: 0.6 ms]
   [Other: 8.3 ms]
      [Choose CSet: 0.6 ms]
      [Ref Proc: 2.2 ms]
      [Ref Enq: 0.2 ms]
      [Free CSet: 1.6 ms]
   [Eden: 188.0M(188.0M)->0.0B(186.0M) Survivors: 16.0M->18.0M Heap: 1613.0M(4096.0M)->1286.0M(4096.0M)]
 [Times: user=0.46 sys=0.00, real=0.24 secs] 
2016-08-30T17:30:46.282+0200: 14096.417: [GC pause (mixed), 0.3267950 secs]
   [Parallel Time: 317.8 ms, GC Workers: 2]
      [GC Worker Start (ms): Min: 14096419.6, Avg: 14096419.6, Max: 14096419.6, Diff: 0.0]
      [Ext Root Scanning (ms): Min: 51.0, Avg: 51.4, Max: 51.7, Diff: 0.7, Sum: 102.8]
      [Update RS (ms): Min: 38.0, Avg: 38.0, Max: 38.1, Diff: 0.1, Sum: 76.1]
         [Processed Buffers: Min: 436, Avg: 452.0, Max: 468, Diff: 32, Sum: 904]
      [Scan RS (ms): Min: 118.6, Avg: 121.1, Max: 123.7, Diff: 5.1, Sum: 242.3]
      [Code Root Scanning (ms): Min: 0.1, Avg: 0.1, Max: 0.2, Diff: 0.1, Sum: 0.3]
      [Object Copy (ms): Min: 104.7, Avg: 106.9, Max: 109.0, Diff: 4.3, Sum: 213.8]
      [Termination (ms): Min: 0.0, Avg: 0.0, Max: 0.0, Diff: 0.0, Sum: 0.0]
      [GC Worker Other (ms): Min: 0.1, Avg: 0.1, Max: 0.1, Diff: 0.0, Sum: 0.3]
      [GC Worker Total (ms): Min: 317.7, Avg: 317.7, Max: 317.7, Diff: 0.0, Sum: 635.4]
      [GC Worker End (ms): Min: 14096737.3, Avg: 14096737.3, Max: 14096737.3, Diff: 0.0]
   [Code Root Fixup: 0.3 ms]
   [Code Root Migration: 0.0 ms]
   [Clear CT: 1.1 ms]
   [Other: 7.5 ms]
      [Choose CSet: 1.1 ms]
      [Ref Proc: 1.5 ms]
      [Ref Enq: 0.1 ms]
      [Free CSet: 1.5 ms]
   [Eden: 186.0M(186.0M)->0.0B(182.0M) Survivors: 18.0M->22.0M Heap: 1472.0M(4096.0M)->1180.0M(4096.0M)]
 [Times: user=0.55 sys=0.01, real=0.33 secs] 
2016-08-30T17:30:51.852+0200: 14101.987: [GC pause (young), 0.1440400 secs]
   [Parallel Time: 136.2 ms, GC Workers: 2]
      [GC Worker Start (ms): Min: 14101988.6, Avg: 14101988.8, Max: 14101989.0, Diff: 0.4]
      [Ext Root Scanning (ms): Min: 50.5, Avg: 50.5, Max: 50.6, Diff: 0.1, Sum: 101.1]
      [Update RS (ms): Min: 39.2, Avg: 40.0, Max: 40.8, Diff: 1.6, Sum: 79.9]
         [Processed Buffers: Min: 402, Avg: 423.5, Max: 445, Diff: 43, Sum: 847]
      [Scan RS (ms): Min: 7.9, Avg: 8.1, Max: 8.3, Diff: 0.4, Sum: 16.2]
      [Code Root Scanning (ms): Min: 0.0, Avg: 0.1, Max: 0.1, Diff: 0.1, Sum: 0.1]
      [Object Copy (ms): Min: 36.5, Avg: 37.2, Max: 37.9, Diff: 1.4, Sum: 74.3]
      [Termination (ms): Min: 0.0, Avg: 0.0, Max: 0.0, Diff: 0.0, Sum: 0.0]
      [GC Worker Other (ms): Min: 0.1, Avg: 0.2, Max: 0.2, Diff: 0.0, Sum: 0.3]
      [GC Worker Total (ms): Min: 135.8, Avg: 136.0, Max: 136.2, Diff: 0.4, Sum: 271.9]
      [GC Worker End (ms): Min: 14102124.7, Avg: 14102124.8, Max: 14102124.8, Diff: 0.0]
   [Code Root Fixup: 0.4 ms]
   [Code Root Migration: 0.0 ms]
   [Clear CT: 0.4 ms]
   [Other: 7.0 ms]
      [Choose CSet: 0.0 ms]
      [Ref Proc: 3.1 ms]
      [Ref Enq: 0.2 ms]
      [Free CSet: 0.5 ms]
   [Eden: 182.0M(182.0M)->0.0B(188.0M) Survivors: 22.0M->16.0M Heap: 1362.0M(4096.0M)->1194.0M(4096.0M)]
 [Times: user=0.28 sys=0.00, real=0.15 secs] 
2016-08-30T17:30:57.631+0200: 14107.766: [GC pause (young), 0.1450640 secs]
   [Parallel Time: 138.0 ms, GC Workers: 2]
      [GC Worker Start (ms): Min: 14107767.6, Avg: 14107768.4, Max: 14107769.2, Diff: 1.7]
      [Ext Root Scanning (ms): Min: 51.7, Avg: 51.8, Max: 51.9, Diff: 0.2, Sum: 103.7]
      [Update RS (ms): Min: 39.6, Avg: 39.8, Max: 39.9, Diff: 0.3, Sum: 79.6]
         [Processed Buffers: Min: 422, Avg: 426.5, Max: 431, Diff: 9, Sum: 853]
      [Scan RS (ms): Min: 6.4, Avg: 6.7, Max: 6.9, Diff: 0.5, Sum: 13.4]
      [Code Root Scanning (ms): Min: 0.0, Avg: 0.1, Max: 0.1, Diff: 0.1, Sum: 0.1]
      [Object Copy (ms): Min: 38.0, Avg: 38.6, Max: 39.2, Diff: 1.2, Sum: 77.2]
      [Termination (ms): Min: 0.0, Avg: 0.0, Max: 0.0, Diff: 0.0, Sum: 0.0]
      [GC Worker Other (ms): Min: 0.1, Avg: 0.2, Max: 0.2, Diff: 0.0, Sum: 0.3]
      [GC Worker Total (ms): Min: 136.3, Avg: 137.1, Max: 137.9, Diff: 1.7, Sum: 274.2]
      [GC Worker End (ms): Min: 14107905.5, Avg: 14107905.5, Max: 14107905.5, Diff: 0.0]
   [Code Root Fixup: 0.5 ms]
   [Code Root Migration: 0.0 ms]
   [Clear CT: 0.5 ms]
   [Other: 6.1 ms]
      [Choose CSet: 0.0 ms]
      [Ref Proc: 2.3 ms]
      [Ref Enq: 0.2 ms]
      [Free CSet: 0.5 ms]
   [Eden: 188.0M(188.0M)->0.0B(184.0M) Survivors: 16.0M->20.0M Heap: 1382.0M(4096.0M)->1213.0M(4096.0M)]
 [Times: user=0.28 sys=0.00, real=0.15 secs] 
2016-08-30T17:31:03.103+0200: 14113.237: [GC pause (young), 0.1691150 secs]
   [Parallel Time: 161.9 ms, GC Workers: 2]
      [GC Worker Start (ms): Min: 14113239.0, Avg: 14113239.0, Max: 14113239.0, Diff: 0.0]
      [Ext Root Scanning (ms): Min: 51.3, Avg: 70.0, Max: 88.7, Diff: 37.4, Sum: 140.0]
      [Update RS (ms): Min: 27.2, Avg: 45.0, Max: 62.8, Diff: 35.6, Sum: 90.0]
         [Processed Buffers: Min: 141, Avg: 406.0, Max: 671, Diff: 530, Sum: 812]
      [Scan RS (ms): Min: 6.9, Avg: 7.2, Max: 7.6, Diff: 0.7, Sum: 14.5]
      [Code Root Scanning (ms): Min: 0.0, Avg: 0.1, Max: 0.1, Diff: 0.1, Sum: 0.1]
      [Object Copy (ms): Min: 38.8, Avg: 39.3, Max: 39.8, Diff: 1.0, Sum: 78.6]
      [Termination (ms): Min: 0.0, Avg: 0.0, Max: 0.0, Diff: 0.0, Sum: 0.0]
      [GC Worker Other (ms): Min: 0.1, Avg: 0.1, Max: 0.2, Diff: 0.0, Sum: 0.3]
      [GC Worker Total (ms): Min: 161.7, Avg: 161.7, Max: 161.7, Diff: 0.0, Sum: 323.4]
      [GC Worker End (ms): Min: 14113400.7, Avg: 14113400.7, Max: 14113400.7, Diff: 0.0]
   [Code Root Fixup: 0.5 ms]
   [Code Root Migration: 0.0 ms]
   [Clear CT: 0.4 ms]
   [Other: 6.2 ms]
      [Choose CSet: 0.0 ms]
      [Ref Proc: 2.4 ms]
      [Ref Enq: 0.2 ms]
      [Free CSet: 0.5 ms]
   [Eden: 184.0M(184.0M)->0.0B(186.0M) Survivors: 20.0M->18.0M Heap: 1397.0M(4096.0M)->1229.0M(4096.0M)]
 [Times: user=0.28 sys=0.00, real=0.17 secs] 
2016-08-30T17:31:09.881+0200: 14120.016: [GC pause (young), 0.1410240 secs]
   [Parallel Time: 134.0 ms, GC Workers: 2]
      [GC Worker Start (ms): Min: 14120017.2, Avg: 14120017.2, Max: 14120017.2, Diff: 0.1]
      [Ext Root Scanning (ms): Min: 49.2, Avg: 49.6, Max: 50.0, Diff: 0.8, Sum: 99.2]
      [Update RS (ms): Min: 39.7, Avg: 40.1, Max: 40.4, Diff: 0.7, Sum: 80.2]
         [Processed Buffers: Min: 382, Avg: 402.5, Max: 423, Diff: 41, Sum: 805]
      [Scan RS (ms): Min: 6.6, Avg: 7.0, Max: 7.4, Diff: 0.8, Sum: 14.0]
      [Code Root Scanning (ms): Min: 0.1, Avg: 0.1, Max: 0.1, Diff: 0.0, Sum: 0.1]
      [Object Copy (ms): Min: 36.6, Avg: 37.0, Max: 37.3, Diff: 0.6, Sum: 73.9]
      [Termination (ms): Min: 0.0, Avg: 0.0, Max: 0.0, Diff: 0.0, Sum: 0.0]
      [GC Worker Other (ms): Min: 0.1, Avg: 0.2, Max: 0.2, Diff: 0.0, Sum: 0.3]
      [GC Worker Total (ms): Min: 133.8, Avg: 133.9, Max: 133.9, Diff: 0.1, Sum: 267.7]
      [GC Worker End (ms): Min: 14120151.1, Avg: 14120151.1, Max: 14120151.1, Diff: 0.0]
   [Code Root Fixup: 0.5 ms]
   [Code Root Migration: 0.0 ms]
   [Clear CT: 0.5 ms]
   [Other: 6.0 ms]
      [Choose CSet: 0.0 ms]
      [Ref Proc: 2.3 ms]
      [Ref Enq: 0.2 ms]
      [Free CSet: 0.5 ms]
   [Eden: 186.0M(186.0M)->0.0B(186.0M) Survivors: 18.0M->18.0M Heap: 1415.0M(4096.0M)->1245.0M(4096.0M)]
 [Times: user=0.27 sys=0.00, real=0.14 secs] 
2016-08-30T17:31:14.583+0200: 14124.718: [GC pause (young), 0.1425280 secs]
   [Parallel Time: 136.9 ms, GC Workers: 2]
      [GC Worker Start (ms): Min: 14124719.3, Avg: 14124719.3, Max: 14124719.3, Diff: 0.0]
      [Ext Root Scanning (ms): Min: 49.6, Avg: 50.4, Max: 51.3, Diff: 1.6, Sum: 100.9]
      [Update RS (ms): Min: 44.4, Avg: 44.7, Max: 44.9, Diff: 0.5, Sum: 89.3]
         [Processed Buffers: Min: 468, Avg: 468.5, Max: 469, Diff: 1, Sum: 937]
      [Scan RS (ms): Min: 6.5, Avg: 7.0, Max: 7.6, Diff: 1.1, Sum: 14.1]
      [Code Root Scanning (ms): Min: 0.0, Avg: 0.1, Max: 0.1, Diff: 0.1, Sum: 0.1]
      [Object Copy (ms): Min: 33.9, Avg: 34.5, Max: 35.0, Diff: 1.1, Sum: 68.9]
      [Termination (ms): Min: 0.0, Avg: 0.0, Max: 0.0, Diff: 0.0, Sum: 0.0]
      [GC Worker Other (ms): Min: 0.0, Avg: 0.1, Max: 0.2, Diff: 0.1, Sum: 0.2]
      [GC Worker Total (ms): Min: 136.8, Avg: 136.8, Max: 136.8, Diff: 0.0, Sum: 273.6]
      [GC Worker End (ms): Min: 14124856.1, Avg: 14124856.1, Max: 14124856.1, Diff: 0.0]
   [Code Root Fixup: 0.3 ms]
   [Code Root Migration: 0.0 ms]
   [Clear CT: 0.4 ms]
   [Other: 4.9 ms]
      [Choose CSet: 0.0 ms]
      [Ref Proc: 1.5 ms]
      [Ref Enq: 0.1 ms]
      [Free CSet: 0.4 ms]
   [Eden: 186.0M(186.0M)->0.0B(180.0M) Survivors: 18.0M->24.0M Heap: 1431.0M(4096.0M)->1266.0M(4096.0M)]
 [Times: user=0.27 sys=0.01, real=0.14 secs] 
2016-08-30T17:31:20.762+0200: 14130.897: [GC pause (young), 0.1449490 secs]
   [Parallel Time: 137.8 ms, GC Workers: 2]
      [GC Worker Start (ms): Min: 14130898.7, Avg: 14130898.7, Max: 14130898.7, Diff: 0.0]
      [Ext Root Scanning (ms): Min: 49.5, Avg: 49.8, Max: 50.1, Diff: 0.6, Sum: 99.6]
      [Update RS (ms): Min: 41.4, Avg: 41.8, Max: 42.2, Diff: 0.8, Sum: 83.6]
         [Processed Buffers: Min: 431, Avg: 440.0, Max: 449, Diff: 18, Sum: 880]
      [Scan RS (ms): Min: 7.8, Avg: 8.3, Max: 8.8, Diff: 0.9, Sum: 16.6]
      [Code Root Scanning (ms): Min: 0.1, Avg: 0.1, Max: 0.1, Diff: 0.0, Sum: 0.2]
      [Object Copy (ms): Min: 37.3, Avg: 37.6, Max: 37.8, Diff: 0.5, Sum: 75.2]
      [Termination (ms): Min: 0.0, Avg: 0.0, Max: 0.0, Diff: 0.0, Sum: 0.0]
      [GC Worker Other (ms): Min: 0.1, Avg: 0.1, Max: 0.2, Diff: 0.0, Sum: 0.3]
      [GC Worker Total (ms): Min: 137.7, Avg: 137.7, Max: 137.7, Diff: 0.0, Sum: 275.4]
      [GC Worker End (ms): Min: 14131036.4, Avg: 14131036.4, Max: 14131036.4, Diff: 0.0]
   [Code Root Fixup: 0.4 ms]
   [Code Root Migration: 0.0 ms]
   [Clear CT: 0.5 ms]
   [Other: 6.3 ms]
      [Choose CSet: 0.0 ms]
      [Ref Proc: 2.3 ms]
      [Ref Enq: 0.2 ms]
      [Free CSet: 0.5 ms]
   [Eden: 180.0M(180.0M)->0.0B(314.0M) Survivors: 24.0M->16.0M Heap: 1446.0M(4096.0M)->1280.0M(4096.0M)]
 [Times: user=0.28 sys=0.00, real=0.14 secs] 
2016-08-30T17:31:31.212+0200: 14141.346: [GC pause (young), 0.1680220 secs]
   [Parallel Time: 158.7 ms, GC Workers: 2]
      [GC Worker Start (ms): Min: 14141348.0, Avg: 14141348.0, Max: 14141348.0, Diff: 0.0]
      [Ext Root Scanning (ms): Min: 50.7, Avg: 51.4, Max: 52.1, Diff: 1.4, Sum: 102.8]
      [Update RS (ms): Min: 51.1, Avg: 51.9, Max: 52.8, Diff: 1.7, Sum: 103.9]
         [Processed Buffers: Min: 474, Avg: 494.5, Max: 515, Diff: 41, Sum: 989]
      [Scan RS (ms): Min: 8.1, Avg: 8.4, Max: 8.7, Diff: 0.6, Sum: 16.8]
      [Code Root Scanning (ms): Min: 0.1, Avg: 0.1, Max: 0.1, Diff: 0.1, Sum: 0.2]
      [Object Copy (ms): Min: 46.5, Avg: 46.7, Max: 46.8, Diff: 0.2, Sum: 93.3]
      [Termination (ms): Min: 0.0, Avg: 0.0, Max: 0.0, Diff: 0.0, Sum: 0.0]
      [GC Worker Other (ms): Min: 0.1, Avg: 0.2, Max: 0.2, Diff: 0.0, Sum: 0.3]
      [GC Worker Total (ms): Min: 158.6, Avg: 158.6, Max: 158.6, Diff: 0.0, Sum: 317.2]
      [GC Worker End (ms): Min: 14141506.6, Avg: 14141506.6, Max: 14141506.6, Diff: 0.0]
   [Code Root Fixup: 0.4 ms]
   [Code Root Migration: 0.1 ms]
   [Clear CT: 0.5 ms]
   [Other: 8.4 ms]
      [Choose CSet: 0.0 ms]
      [Ref Proc: 4.1 ms]
      [Ref Enq: 0.3 ms]
      [Free CSet: 0.7 ms]
   [Eden: 314.0M(314.0M)->0.0B(252.0M) Survivors: 16.0M->42.0M Heap: 1594.0M(4096.0M)->1306.0M(4096.0M)]
 [Times: user=0.33 sys=0.00, real=0.17 secs] 
2016-08-30T17:31:39.820+0200: 14149.955: [GC pause (young), 0.1594120 secs]
   [Parallel Time: 153.3 ms, GC Workers: 2]
      [GC Worker Start (ms): Min: 14149956.3, Avg: 14149956.3, Max: 14149956.3, Diff: 0.0]
      [Ext Root Scanning (ms): Min: 49.7, Avg: 50.6, Max: 51.4, Diff: 1.7, Sum: 101.2]
      [Update RS (ms): Min: 43.4, Avg: 44.2, Max: 45.0, Diff: 1.6, Sum: 88.5]
         [Processed Buffers: Min: 384, Avg: 418.0, Max: 452, Diff: 68, Sum: 836]
      [Scan RS (ms): Min: 12.7, Avg: 13.3, Max: 13.9, Diff: 1.2, Sum: 26.6]
      [Code Root Scanning (ms): Min: 0.1, Avg: 0.1, Max: 0.1, Diff: 0.0, Sum: 0.2]
      [Object Copy (ms): Min: 44.2, Avg: 44.9, Max: 45.6, Diff: 1.3, Sum: 89.8]
      [Termination (ms): Min: 0.0, Avg: 0.0, Max: 0.0, Diff: 0.0, Sum: 0.0]
      [GC Worker Other (ms): Min: 0.2, Avg: 0.2, Max: 0.2, Diff: 0.0, Sum: 0.3]
      [GC Worker Total (ms): Min: 153.3, Avg: 153.3, Max: 153.3, Diff: 0.0, Sum: 306.6]
      [GC Worker End (ms): Min: 14150109.6, Avg: 14150109.6, Max: 14150109.6, Diff: 0.0]
   [Code Root Fixup: 0.2 ms]
   [Code Root Migration: 0.0 ms]
   [Clear CT: 0.4 ms]
   [Other: 5.4 ms]
      [Choose CSet: 0.0 ms]
      [Ref Proc: 1.9 ms]
      [Ref Enq: 0.1 ms]
      [Free CSet: 0.5 ms]
   [Eden: 252.0M(252.0M)->0.0B(332.0M) Survivors: 42.0M->26.0M Heap: 1558.0M(4096.0M)->1322.0M(4096.0M)]
 [Times: user=0.31 sys=0.00, real=0.16 secs] 
2016-08-30T17:31:50.310+0200: 14160.445: [GC pause (young), 0.1714210 secs]
   [Parallel Time: 163.9 ms, GC Workers: 2]
      [GC Worker Start (ms): Min: 14160446.5, Avg: 14160446.5, Max: 14160446.5, Diff: 0.0]
      [Ext Root Scanning (ms): Min: 50.5, Avg: 51.0, Max: 51.5, Diff: 1.0, Sum: 102.0]
      [Update RS (ms): Min: 60.1, Avg: 60.4, Max: 60.6, Diff: 0.5, Sum: 120.7]
         [Processed Buffers: Min: 515, Avg: 535.5, Max: 556, Diff: 41, Sum: 1071]
      [Scan RS (ms): Min: 8.0, Avg: 8.4, Max: 8.9, Diff: 0.8, Sum: 16.9]
      [Code Root Scanning (ms): Min: 0.1, Avg: 0.1, Max: 0.1, Diff: 0.0, Sum: 0.2]
      [Object Copy (ms): Min: 43.4, Avg: 43.8, Max: 44.2, Diff: 0.7, Sum: 87.6]
      [Termination (ms): Min: 0.0, Avg: 0.0, Max: 0.0, Diff: 0.0, Sum: 0.0]
      [GC Worker Other (ms): Min: 0.1, Avg: 0.1, Max: 0.1, Diff: 0.1, Sum: 0.2]
      [GC Worker Total (ms): Min: 163.8, Avg: 163.8, Max: 163.8, Diff: 0.0, Sum: 327.6]
      [GC Worker End (ms): Min: 14160610.3, Avg: 14160610.3, Max: 14160610.3, Diff: 0.0]
   [Code Root Fixup: 0.3 ms]
   [Code Root Migration: 0.1 ms]
   [Clear CT: 0.4 ms]
   [Other: 6.8 ms]
      [Choose CSet: 0.0 ms]
      [Ref Proc: 2.9 ms]
      [Ref Enq: 0.2 ms]
      [Free CSet: 0.5 ms]
   [Eden: 332.0M(332.0M)->0.0B(306.0M) Survivors: 26.0M->38.0M Heap: 1654.0M(4096.0M)->1355.0M(4096.0M)]
 [Times: user=0.33 sys=0.00, real=0.17 secs] 
2016-08-30T17:32:00.656+0200: 14170.791: [GC pause (young), 0.1769040 secs]
   [Parallel Time: 170.7 ms, GC Workers: 2]
      [GC Worker Start (ms): Min: 14170792.6, Avg: 14170792.6, Max: 14170792.6, Diff: 0.0]
      [Ext Root Scanning (ms): Min: 52.0, Avg: 54.4, Max: 56.7, Diff: 4.7, Sum: 108.7]
      [Update RS (ms): Min: 49.3, Avg: 49.4, Max: 49.5, Diff: 0.2, Sum: 98.9]
         [Processed Buffers: Min: 426, Avg: 465.0, Max: 504, Diff: 78, Sum: 930]
      [Scan RS (ms): Min: 11.0, Avg: 11.3, Max: 11.6, Diff: 0.6, Sum: 22.6]
      [Code Root Scanning (ms): Min: 0.1, Avg: 0.1, Max: 0.1, Diff: 0.1, Sum: 0.2]
      [Object Copy (ms): Min: 53.1, Avg: 55.2, Max: 57.4, Diff: 4.3, Sum: 110.4]
      [Termination (ms): Min: 0.0, Avg: 0.0, Max: 0.0, Diff: 0.0, Sum: 0.0]
      [GC Worker Other (ms): Min: 0.2, Avg: 0.2, Max: 0.2, Diff: 0.0, Sum: 0.3]
      [GC Worker Total (ms): Min: 170.6, Avg: 170.6, Max: 170.6, Diff: 0.0, Sum: 341.2]
      [GC Worker End (ms): Min: 14170963.1, Avg: 14170963.1, Max: 14170963.1, Diff: 0.0]
   [Code Root Fixup: 0.2 ms]
   [Code Root Migration: 0.0 ms]
   [Clear CT: 0.4 ms]
   [Other: 5.6 ms]
      [Choose CSet: 0.0 ms]
      [Ref Proc: 2.2 ms]
      [Ref Enq: 0.1 ms]
      [Free CSet: 0.5 ms]
   [Eden: 306.0M(306.0M)->0.0B(344.0M) Survivors: 38.0M->32.0M Heap: 1661.0M(4096.0M)->1377.0M(4096.0M)]
 [Times: user=0.34 sys=0.00, real=0.18 secs] 
2016-08-30T17:32:13.410+0200: 14183.544: [GC pause (young), 0.1883980 secs]
   [Parallel Time: 181.3 ms, GC Workers: 2]
      [GC Worker Start (ms): Min: 14183546.3, Avg: 14183546.4, Max: 14183546.4, Diff: 0.1]
      [Ext Root Scanning (ms): Min: 55.3, Avg: 57.0, Max: 58.7, Diff: 3.4, Sum: 114.0]
      [Update RS (ms): Min: 59.3, Avg: 61.2, Max: 63.1, Diff: 3.8, Sum: 122.4]
         [Processed Buffers: Min: 462, Avg: 478.5, Max: 495, Diff: 33, Sum: 957]
      [Scan RS (ms): Min: 10.9, Avg: 11.5, Max: 12.0, Diff: 1.1, Sum: 23.0]
      [Code Root Scanning (ms): Min: 0.1, Avg: 0.1, Max: 0.2, Diff: 0.1, Sum: 0.2]
      [Object Copy (ms): Min: 50.9, Avg: 51.2, Max: 51.5, Diff: 0.6, Sum: 102.4]
      [Termination (ms): Min: 0.0, Avg: 0.0, Max: 0.0, Diff: 0.0, Sum: 0.0]
      [GC Worker Other (ms): Min: 0.1, Avg: 0.2, Max: 0.2, Diff: 0.0, Sum: 0.3]
      [GC Worker Total (ms): Min: 181.2, Avg: 181.2, Max: 181.2, Diff: 0.1, Sum: 362.4]
      [GC Worker End (ms): Min: 14183727.6, Avg: 14183727.6, Max: 14183727.6, Diff: 0.0]
   [Code Root Fixup: 0.2 ms]
   [Code Root Migration: 0.0 ms]
   [Clear CT: 0.4 ms]
   [Other: 6.4 ms]
      [Choose CSet: 0.0 ms]
      [Ref Proc: 2.5 ms]
      [Ref Enq: 0.2 ms]
      [Free CSet: 0.7 ms]
   [Eden: 344.0M(344.0M)->0.0B(290.0M) Survivors: 32.0M->38.0M Heap: 1721.0M(4096.0M)->1405.0M(4096.0M)]
 [Times: user=0.34 sys=0.00, real=0.19 secs] 
2016-08-30T17:32:23.726+0200: 14193.860: [GC pause (young), 0.1781780 secs]
   [Parallel Time: 169.4 ms, GC Workers: 2]
      [GC Worker Start (ms): Min: 14193861.6, Avg: 14193861.7, Max: 14193861.7, Diff: 0.1]
      [Ext Root Scanning (ms): Min: 50.5, Avg: 51.0, Max: 51.4, Diff: 0.9, Sum: 102.0]
      [Update RS (ms): Min: 49.9, Avg: 49.9, Max: 50.0, Diff: 0.1, Sum: 99.8]
         [Processed Buffers: Min: 421, Avg: 422.5, Max: 424, Diff: 3, Sum: 845]
      [Scan RS (ms): Min: 10.6, Avg: 10.9, Max: 11.2, Diff: 0.6, Sum: 21.7]
      [Code Root Scanning (ms): Min: 0.0, Avg: 0.1, Max: 0.2, Diff: 0.2, Sum: 0.2]
      [Object Copy (ms): Min: 57.1, Avg: 57.2, Max: 57.3, Diff: 0.1, Sum: 114.4]
      [Termination (ms): Min: 0.0, Avg: 0.0, Max: 0.0, Diff: 0.0, Sum: 0.0]
      [GC Worker Other (ms): Min: 0.2, Avg: 0.2, Max: 0.2, Diff: 0.0, Sum: 0.4]
      [GC Worker Total (ms): Min: 169.2, Avg: 169.3, Max: 169.3, Diff: 0.1, Sum: 338.5]
      [GC Worker End (ms): Min: 14194030.9, Avg: 14194030.9, Max: 14194030.9, Diff: 0.0]
   [Code Root Fixup: 0.6 ms]
   [Code Root Migration: 0.1 ms]
   [Clear CT: 0.5 ms]
   [Other: 7.6 ms]
      [Choose CSet: 0.0 ms]
      [Ref Proc: 3.5 ms]
      [Ref Enq: 0.3 ms]
      [Free CSet: 0.7 ms]
   [Eden: 290.0M(290.0M)->0.0B(332.0M) Survivors: 38.0M->32.0M Heap: 1695.0M(4096.0M)->1425.0M(4096.0M)]
 [Times: user=0.35 sys=0.01, real=0.18 secs] 
2016-08-30T17:32:34.806+0200: 14204.940: [GC pause (young), 0.1763180 secs]
   [Parallel Time: 168.5 ms, GC Workers: 2]
      [GC Worker Start (ms): Min: 14204942.1, Avg: 14204942.1, Max: 14204942.1, Diff: 0.0]
      [Ext Root Scanning (ms): Min: 50.2, Avg: 51.0, Max: 51.8, Diff: 1.6, Sum: 102.1]
      [Update RS (ms): Min: 48.2, Avg: 48.8, Max: 49.4, Diff: 1.3, Sum: 97.6]
         [Processed Buffers: Min: 438, Avg: 438.5, Max: 439, Diff: 1, Sum: 877]
      [Scan RS (ms): Min: 10.3, Avg: 10.6, Max: 10.9, Diff: 0.6, Sum: 21.3]
      [Code Root Scanning (ms): Min: 0.1, Avg: 0.1, Max: 0.1, Diff: 0.0, Sum: 0.3]
      [Object Copy (ms): Min: 57.5, Avg: 57.6, Max: 57.7, Diff: 0.2, Sum: 115.2]
      [Termination (ms): Min: 0.0, Avg: 0.0, Max: 0.0, Diff: 0.0, Sum: 0.0]
      [GC Worker Other (ms): Min: 0.2, Avg: 0.2, Max: 0.2, Diff: 0.1, Sum: 0.4]
      [GC Worker Total (ms): Min: 168.4, Avg: 168.4, Max: 168.4, Diff: 0.0, Sum: 336.8]
      [GC Worker End (ms): Min: 14205110.5, Avg: 14205110.5, Max: 14205110.5, Diff: 0.0]
   [Code Root Fixup: 0.3 ms]
   [Code Root Migration: 0.0 ms]
   [Clear CT: 0.5 ms]
   [Other: 7.0 ms]
      [Choose CSet: 0.0 ms]
      [Ref Proc: 3.0 ms]
      [Ref Enq: 0.2 ms]
      [Free CSet: 0.7 ms]
   [Eden: 332.0M(332.0M)->0.0B(362.0M) Survivors: 32.0M->36.0M Heap: 1757.0M(4096.0M)->1452.0M(4096.0M)]
 [Times: user=0.34 sys=0.00, real=0.18 secs] 
2016-08-30T17:32:47.347+0200: 14217.481: [GC pause (young), 0.3446050 secs]
   [Parallel Time: 337.1 ms, GC Workers: 2]
      [GC Worker Start (ms): Min: 14217482.8, Avg: 14217484.9, Max: 14217487.0, Diff: 4.2]
      [Ext Root Scanning (ms): Min: 104.2, Avg: 106.3, Max: 108.5, Diff: 4.3, Sum: 212.7]
      [Update RS (ms): Min: 121.4, Avg: 126.5, Max: 131.5, Diff: 10.1, Sum: 252.9]
         [Processed Buffers: Min: 458, Avg: 492.5, Max: 527, Diff: 69, Sum: 985]
      [Scan RS (ms): Min: 11.6, Avg: 13.7, Max: 15.8, Diff: 4.2, Sum: 27.4]
      [Code Root Scanning (ms): Min: 0.0, Avg: 0.1, Max: 0.1, Diff: 0.1, Sum: 0.1]
      [Object Copy (ms): Min: 85.4, Avg: 87.5, Max: 89.6, Diff: 4.2, Sum: 175.0]
      [Termination (ms): Min: 0.0, Avg: 0.7, Max: 1.5, Diff: 1.5, Sum: 1.5]
      [GC Worker Other (ms): Min: 0.1, Avg: 0.1, Max: 0.2, Diff: 0.0, Sum: 0.3]
      [GC Worker Total (ms): Min: 332.8, Avg: 334.9, Max: 337.1, Diff: 4.2, Sum: 669.9]
      [GC Worker End (ms): Min: 14217819.8, Avg: 14217819.8, Max: 14217819.8, Diff: 0.0]
   [Code Root Fixup: 0.3 ms]
   [Code Root Migration: 0.0 ms]
   [Clear CT: 0.6 ms]
   [Other: 6.5 ms]
      [Choose CSet: 0.0 ms]
      [Ref Proc: 2.8 ms]
      [Ref Enq: 0.2 ms]
      [Free CSet: 0.6 ms]
   [Eden: 362.0M(362.0M)->0.0B(162.0M) Survivors: 36.0M->42.0M Heap: 1814.0M(4096.0M)->1484.0M(4096.0M)]
 [Times: user=0.30 sys=0.01, real=0.34 secs] 
2016-08-30T17:32:52.879+0200: 14223.013: [GC pause (young), 0.1620750 secs]
   [Parallel Time: 155.4 ms, GC Workers: 2]
      [GC Worker Start (ms): Min: 14223014.5, Avg: 14223016.2, Max: 14223018.0, Diff: 3.5]
      [Ext Root Scanning (ms): Min: 53.5, Avg: 54.7, Max: 55.9, Diff: 2.5, Sum: 109.4]
      [Update RS (ms): Min: 36.9, Avg: 37.7, Max: 38.5, Diff: 1.6, Sum: 75.4]
         [Processed Buffers: Min: 356, Avg: 365.5, Max: 375, Diff: 19, Sum: 731]
      [Scan RS (ms): Min: 10.5, Avg: 11.1, Max: 11.7, Diff: 1.1, Sum: 22.2]
      [Code Root Scanning (ms): Min: 0.0, Avg: 0.1, Max: 0.1, Diff: 0.1, Sum: 0.1]
      [Object Copy (ms): Min: 49.3, Avg: 50.0, Max: 50.6, Diff: 1.4, Sum: 99.9]
      [Termination (ms): Min: 0.0, Avg: 0.0, Max: 0.0, Diff: 0.0, Sum: 0.0]
      [GC Worker Other (ms): Min: 0.1, Avg: 0.1, Max: 0.1, Diff: 0.0, Sum: 0.1]
      [GC Worker Total (ms): Min: 151.8, Avg: 153.6, Max: 155.3, Diff: 3.5, Sum: 307.1]
      [GC Worker End (ms): Min: 14223169.8, Avg: 14223169.8, Max: 14223169.8, Diff: 0.0]
   [Code Root Fixup: 0.5 ms]
   [Code Root Migration: 0.0 ms]
   [Clear CT: 0.5 ms]
   [Other: 5.7 ms]
      [Choose CSet: 0.0 ms]
      [Ref Proc: 1.9 ms]
      [Ref Enq: 0.1 ms]
      [Free CSet: 0.5 ms]
   [Eden: 162.0M(162.0M)->0.0B(188.0M) Survivors: 42.0M->16.0M Heap: 1646.0M(4096.0M)->1492.0M(4096.0M)]
 [Times: user=0.30 sys=0.00, real=0.16 secs] 
2016-08-30T17:33:00.145+0200: 14230.279: [GC pause (young), 0.1348040 secs]
   [Parallel Time: 128.0 ms, GC Workers: 2]
      [GC Worker Start (ms): Min: 14230281.1, Avg: 14230281.1, Max: 14230281.1, Diff: 0.0]
      [Ext Root Scanning (ms): Min: 48.9, Avg: 49.3, Max: 49.8, Diff: 0.8, Sum: 98.7]
      [Update RS (ms): Min: 37.0, Avg: 37.7, Max: 38.4, Diff: 1.4, Sum: 75.4]
         [Processed Buffers: Min: 367, Avg: 401.5, Max: 436, Diff: 69, Sum: 803]
      [Scan RS (ms): Min: 5.9, Avg: 6.3, Max: 6.7, Diff: 0.8, Sum: 12.6]
      [Code Root Scanning (ms): Min: 0.0, Avg: 0.1, Max: 0.1, Diff: 0.1, Sum: 0.1]
      [Object Copy (ms): Min: 34.2, Avg: 34.3, Max: 34.5, Diff: 0.3, Sum: 68.7]
      [Termination (ms): Min: 0.0, Avg: 0.0, Max: 0.0, Diff: 0.0, Sum: 0.0]
      [GC Worker Other (ms): Min: 0.1, Avg: 0.1, Max: 0.1, Diff: 0.0, Sum: 0.1]
      [GC Worker Total (ms): Min: 127.8, Avg: 127.8, Max: 127.9, Diff: 0.0, Sum: 255.7]
      [GC Worker End (ms): Min: 14230408.9, Avg: 14230409.0, Max: 14230409.0, Diff: 0.0]
   [Code Root Fixup: 0.4 ms]
   [Code Root Migration: 0.0 ms]
   [Clear CT: 0.5 ms]
   [Other: 5.9 ms]
      [Choose CSet: 0.0 ms]
      [Ref Proc: 2.3 ms]
      [Ref Enq: 0.2 ms]
      [Free CSet: 0.5 ms]
   [Eden: 188.0M(188.0M)->0.0B(178.0M) Survivors: 16.0M->26.0M Heap: 1680.0M(4096.0M)->1506.0M(4096.0M)]
 [Times: user=0.26 sys=0.00, real=0.14 secs] 
2016-08-30T17:33:06.174+0200: 14236.308: [GC pause (young), 0.1535670 secs]
   [Parallel Time: 147.7 ms, GC Workers: 2]
      [GC Worker Start (ms): Min: 14236309.7, Avg: 14236309.7, Max: 14236309.7, Diff: 0.0]
      [Ext Root Scanning (ms): Min: 49.7, Avg: 50.5, Max: 51.2, Diff: 1.6, Sum: 100.9]
      [Update RS (ms): Min: 39.8, Avg: 40.9, Max: 41.9, Diff: 2.1, Sum: 81.8]
         [Processed Buffers: Min: 352, Avg: 385.5, Max: 419, Diff: 67, Sum: 771]
      [Scan RS (ms): Min: 8.8, Avg: 9.6, Max: 10.5, Diff: 1.6, Sum: 19.3]
      [Code Root Scanning (ms): Min: 0.1, Avg: 0.1, Max: 0.1, Diff: 0.0, Sum: 0.1]
      [Object Copy (ms): Min: 45.8, Avg: 46.4, Max: 47.1, Diff: 1.2, Sum: 92.9]
      [Termination (ms): Min: 0.0, Avg: 0.0, Max: 0.0, Diff: 0.0, Sum: 0.0]
      [GC Worker Other (ms): Min: 0.1, Avg: 0.1, Max: 0.2, Diff: 0.1, Sum: 0.2]
      [GC Worker Total (ms): Min: 147.6, Avg: 147.6, Max: 147.6, Diff: 0.0, Sum: 295.2]
      [GC Worker End (ms): Min: 14236457.3, Avg: 14236457.3, Max: 14236457.3, Diff: 0.0]
   [Code Root Fixup: 0.4 ms]
   [Code Root Migration: 0.0 ms]
   [Clear CT: 0.4 ms]
   [Other: 5.1 ms]
      [Choose CSet: 0.0 ms]
      [Ref Proc: 1.6 ms]
      [Ref Enq: 0.1 ms]
      [Free CSet: 0.4 ms]
   [Eden: 178.0M(178.0M)->0.0B(324.0M) Survivors: 26.0M->18.0M Heap: 1684.0M(4096.0M)->1523.0M(4096.0M)]
 [Times: user=0.30 sys=0.01, real=0.16 secs] 
2016-08-30T17:33:17.886+0200: 14248.020: [GC pause (young), 0.2296020 secs]
   [Parallel Time: 224.1 ms, GC Workers: 2]
      [GC Worker Start (ms): Min: 14248021.2, Avg: 14248021.2, Max: 14248021.2, Diff: 0.0]
      [Ext Root Scanning (ms): Min: 77.0, Avg: 82.0, Max: 87.0, Diff: 9.9, Sum: 164.0]
      [Update RS (ms): Min: 77.3, Avg: 82.1, Max: 86.9, Diff: 9.6, Sum: 164.2]
         [Processed Buffers: Min: 487, Avg: 503.5, Max: 520, Diff: 33, Sum: 1007]
      [Scan RS (ms): Min: 8.9, Avg: 9.2, Max: 9.6, Diff: 0.6, Sum: 18.5]
      [Code Root Scanning (ms): Min: 0.0, Avg: 0.0, Max: 0.1, Diff: 0.0, Sum: 0.1]
      [Object Copy (ms): Min: 45.2, Avg: 45.3, Max: 45.4, Diff: 0.2, Sum: 90.5]
      [Termination (ms): Min: 0.0, Avg: 0.0, Max: 0.0, Diff: 0.0, Sum: 0.0]
      [GC Worker Other (ms): Min: 0.0, Avg: 2.7, Max: 5.4, Diff: 5.3, Sum: 5.4]
      [GC Worker Total (ms): Min: 218.8, Avg: 221.4, Max: 224.0, Diff: 5.2, Sum: 442.8]
      [GC Worker End (ms): Min: 14248240.0, Avg: 14248242.6, Max: 14248245.2, Diff: 5.2]
   [Code Root Fixup: 0.3 ms]
   [Code Root Migration: 0.0 ms]
   [Clear CT: 0.4 ms]
   [Other: 4.9 ms]
      [Choose CSet: 0.0 ms]
      [Ref Proc: 2.2 ms]
      [Ref Enq: 0.2 ms]
      [Free CSet: 0.5 ms]
   [Eden: 324.0M(324.0M)->0.0B(160.0M) Survivors: 18.0M->44.0M Heap: 1847.0M(4096.0M)->1550.0M(4096.0M)]
 [Times: user=0.18 sys=0.00, real=0.23 secs] 
2016-08-30T17:33:23.702+0200: 14253.836: [GC pause (young), 0.1586450 secs]
   [Parallel Time: 151.5 ms, GC Workers: 2]
      [GC Worker Start (ms): Min: 14253837.4, Avg: 14253837.5, Max: 14253837.5, Diff: 0.1]
      [Ext Root Scanning (ms): Min: 49.2, Avg: 49.9, Max: 50.5, Diff: 1.4, Sum: 99.7]
      [Update RS (ms): Min: 33.9, Avg: 34.3, Max: 34.7, Diff: 0.8, Sum: 68.6]
         [Processed Buffers: Min: 311, Avg: 316.5, Max: 322, Diff: 11, Sum: 633]
      [Scan RS (ms): Min: 12.5, Avg: 13.1, Max: 13.6, Diff: 1.1, Sum: 26.1]
      [Code Root Scanning (ms): Min: 0.0, Avg: 0.1, Max: 0.1, Diff: 0.1, Sum: 0.1]
      [Object Copy (ms): Min: 53.6, Avg: 54.1, Max: 54.6, Diff: 1.0, Sum: 108.2]
      [Termination (ms): Min: 0.0, Avg: 0.0, Max: 0.0, Diff: 0.0, Sum: 0.0]
      [GC Worker Other (ms): Min: 0.1, Avg: 0.1, Max: 0.1, Diff: 0.0, Sum: 0.1]
      [GC Worker Total (ms): Min: 151.4, Avg: 151.4, Max: 151.5, Diff: 0.1, Sum: 302.9]
      [GC Worker End (ms): Min: 14253988.9, Avg: 14253988.9, Max: 14253988.9, Diff: 0.0]
   [Code Root Fixup: 0.4 ms]
   [Code Root Migration: 0.1 ms]
   [Clear CT: 0.6 ms]
   [Other: 6.1 ms]
      [Choose CSet: 0.0 ms]
      [Ref Proc: 2.2 ms]
      [Ref Enq: 0.1 ms]
      [Free CSet: 0.6 ms]
   [Eden: 160.0M(160.0M)->0.0B(280.0M) Survivors: 44.0M->18.0M Heap: 1710.0M(4096.0M)->1560.0M(4096.0M)]
 [Times: user=0.31 sys=0.00, real=0.16 secs] 
2016-08-30T17:33:33.765+0200: 14263.899: [GC pause (young), 0.1604800 secs]
   [Parallel Time: 151.9 ms, GC Workers: 2]
      [GC Worker Start (ms): Min: 14263901.0, Avg: 14263901.1, Max: 14263901.1, Diff: 0.0]
      [Ext Root Scanning (ms): Min: 49.6, Avg: 50.5, Max: 51.3, Diff: 1.7, Sum: 100.9]
      [Update RS (ms): Min: 49.9, Avg: 50.2, Max: 50.5, Diff: 0.6, Sum: 100.4]
         [Processed Buffers: Min: 472, Avg: 474.0, Max: 476, Diff: 4, Sum: 948]
      [Scan RS (ms): Min: 6.1, Avg: 6.6, Max: 7.0, Diff: 0.9, Sum: 13.2]
      [Code Root Scanning (ms): Min: 0.0, Avg: 0.1, Max: 0.2, Diff: 0.2, Sum: 0.2]
      [Object Copy (ms): Min: 43.7, Avg: 44.3, Max: 45.0, Diff: 1.3, Sum: 88.6]
      [Termination (ms): Min: 0.0, Avg: 0.0, Max: 0.0, Diff: 0.0, Sum: 0.0]
      [GC Worker Other (ms): Min: 0.1, Avg: 0.1, Max: 0.1, Diff: 0.0, Sum: 0.3]
      [GC Worker Total (ms): Min: 151.8, Avg: 151.8, Max: 151.8, Diff: 0.0, Sum: 303.5]
      [GC Worker End (ms): Min: 14264052.8, Avg: 14264052.8, Max: 14264052.8, Diff: 0.0]
   [Code Root Fixup: 0.4 ms]
   [Code Root Migration: 0.1 ms]
   [Clear CT: 0.5 ms]
   [Other: 7.6 ms]
      [Choose CSet: 0.0 ms]
      [Ref Proc: 3.6 ms]
      [Ref Enq: 0.3 ms]
      [Free CSet: 0.6 ms]
   [Eden: 280.0M(280.0M)->0.0B(222.0M) Survivors: 18.0M->38.0M Heap: 1840.0M(4096.0M)->1583.0M(4096.0M)]
 [Times: user=0.31 sys=0.00, real=0.16 secs] 
2016-08-30T17:33:41.128+0200: 14271.262: [GC pause (young), 0.1786690 secs]
   [Parallel Time: 170.1 ms, GC Workers: 2]
      [GC Worker Start (ms): Min: 14271263.8, Avg: 14271263.8, Max: 14271263.9, Diff: 0.1]
      [Ext Root Scanning (ms): Min: 53.5, Avg: 53.6, Max: 53.7, Diff: 0.2, Sum: 107.2]
      [Update RS (ms): Min: 44.4, Avg: 45.2, Max: 45.9, Diff: 1.5, Sum: 90.3]
         [Processed Buffers: Min: 435, Avg: 464.5, Max: 494, Diff: 59, Sum: 929]
      [Scan RS (ms): Min: 11.0, Avg: 11.7, Max: 12.4, Diff: 1.4, Sum: 23.4]
      [Code Root Scanning (ms): Min: 0.0, Avg: 0.1, Max: 0.2, Diff: 0.1, Sum: 0.2]
      [Object Copy (ms): Min: 59.2, Avg: 59.3, Max: 59.4, Diff: 0.2, Sum: 118.5]
      [Termination (ms): Min: 0.0, Avg: 0.0, Max: 0.0, Diff: 0.0, Sum: 0.0]
      [GC Worker Other (ms): Min: 0.2, Avg: 0.2, Max: 0.2, Diff: 0.0, Sum: 0.4]
      [GC Worker Total (ms): Min: 170.0, Avg: 170.0, Max: 170.0, Diff: 0.1, Sum: 340.0]
      [GC Worker End (ms): Min: 14271433.8, Avg: 14271433.8, Max: 14271433.8, Diff: 0.0]
   [Code Root Fixup: 0.6 ms]
   [Code Root Migration: 0.0 ms]
   [Clear CT: 0.6 ms]
   [Other: 7.3 ms]
      [Choose CSet: 0.0 ms]
      [Ref Proc: 3.0 ms]
      [Ref Enq: 0.2 ms]
      [Free CSet: 0.6 ms]
   [Eden: 222.0M(222.0M)->0.0B(354.0M) Survivors: 38.0M->22.0M Heap: 1805.0M(4096.0M)->1604.0M(4096.0M)]
 [Times: user=0.35 sys=0.00, real=0.18 secs] 
2016-08-30T17:33:52.783+0200: 14282.918: [GC pause (young), 0.1772540 secs]
   [Parallel Time: 169.6 ms, GC Workers: 2]
      [GC Worker Start (ms): Min: 14282919.8, Avg: 14282919.8, Max: 14282919.8, Diff: 0.0]
      [Ext Root Scanning (ms): Min: 51.3, Avg: 51.9, Max: 52.5, Diff: 1.2, Sum: 103.8]
      [Update RS (ms): Min: 55.6, Avg: 55.8, Max: 56.1, Diff: 0.4, Sum: 111.7]
         [Processed Buffers: Min: 480, Avg: 486.5, Max: 493, Diff: 13, Sum: 973]
      [Scan RS (ms): Min: 9.4, Avg: 9.8, Max: 10.1, Diff: 0.7, Sum: 19.5]
      [Code Root Scanning (ms): Min: 0.1, Avg: 0.1, Max: 0.1, Diff: 0.0, Sum: 0.2]
      [Object Copy (ms): Min: 51.6, Avg: 51.7, Max: 51.7, Diff: 0.1, Sum: 103.4]
      [Termination (ms): Min: 0.0, Avg: 0.0, Max: 0.0, Diff: 0.0, Sum: 0.0]
      [GC Worker Other (ms): Min: 0.2, Avg: 0.2, Max: 0.2, Diff: 0.0, Sum: 0.3]
      [GC Worker Total (ms): Min: 169.5, Avg: 169.5, Max: 169.5, Diff: 0.0, Sum: 339.0]
      [GC Worker End (ms): Min: 14283089.3, Avg: 14283089.3, Max: 14283089.3, Diff: 0.0]
   [Code Root Fixup: 0.3 ms]
   [Code Root Migration: 0.0 ms]
   [Clear CT: 0.4 ms]
   [Other: 7.0 ms]
      [Choose CSet: 0.0 ms]
      [Ref Proc: 3.0 ms]
      [Ref Enq: 0.2 ms]
      [Free CSet: 0.7 ms]
   [Eden: 350.0M(264.0M)->0.0B(286.0M) Survivors: 22.0M->36.0M Heap: 1954.0M(4096.0M)->1638.0M(4096.0M)]
 [Times: user=0.35 sys=0.00, real=0.18 secs] 
2016-08-30T17:34:03.299+0200: 14293.434: [GC pause (young), 0.1666820 secs]
   [Parallel Time: 160.1 ms, GC Workers: 2]
      [GC Worker Start (ms): Min: 14293435.6, Avg: 14293435.6, Max: 14293435.6, Diff: 0.0]
      [Ext Root Scanning (ms): Min: 53.8, Avg: 53.9, Max: 54.0, Diff: 0.2, Sum: 107.8]
      [Update RS (ms): Min: 47.6, Avg: 47.6, Max: 47.6, Diff: 0.0, Sum: 95.2]
         [Processed Buffers: Min: 404, Avg: 443.5, Max: 483, Diff: 79, Sum: 887]
      [Scan RS (ms): Min: 12.1, Avg: 12.2, Max: 12.3, Diff: 0.2, Sum: 24.3]
      [Code Root Scanning (ms): Min: 0.1, Avg: 0.1, Max: 0.1, Diff: 0.0, Sum: 0.2]
      [Object Copy (ms): Min: 46.1, Avg: 46.1, Max: 46.2, Diff: 0.1, Sum: 92.2]
      [Termination (ms): Min: 0.0, Avg: 0.0, Max: 0.0, Diff: 0.0, Sum: 0.0]
      [GC Worker Other (ms): Min: 0.2, Avg: 0.2, Max: 0.2, Diff: 0.0, Sum: 0.3]
      [GC Worker Total (ms): Min: 160.0, Avg: 160.0, Max: 160.0, Diff: 0.0, Sum: 320.1]
      [GC Worker End (ms): Min: 14293595.6, Avg: 14293595.7, Max: 14293595.7, Diff: 0.0]
   [Code Root Fixup: 0.3 ms]
   [Code Root Migration: 0.0 ms]
   [Clear CT: 0.4 ms]
   [Other: 5.8 ms]
      [Choose CSet: 0.0 ms]
      [Ref Proc: 2.2 ms]
      [Ref Enq: 0.1 ms]
      [Free CSet: 0.6 ms]
   [Eden: 276.0M(176.0M)->0.0B(410.0M) Survivors: 36.0M->28.0M Heap: 1914.0M(4096.0M)->1656.0M(4096.0M)]
 [Times: user=0.32 sys=0.00, real=0.17 secs] 
2016-08-30T17:34:17.422+0200: 14307.556: [GC pause (young), 0.1867800 secs]
   [Parallel Time: 178.9 ms, GC Workers: 2]
      [GC Worker Start (ms): Min: 14307558.3, Avg: 14307558.3, Max: 14307558.3, Diff: 0.0]
      [Ext Root Scanning (ms): Min: 50.5, Avg: 50.9, Max: 51.4, Diff: 1.0, Sum: 101.9]
      [Update RS (ms): Min: 71.0, Avg: 71.3, Max: 71.6, Diff: 0.6, Sum: 142.7]
         [Processed Buffers: Min: 464, Avg: 493.5, Max: 523, Diff: 59, Sum: 987]
      [Scan RS (ms): Min: 10.4, Avg: 10.6, Max: 10.9, Diff: 0.5, Sum: 21.2]
      [Code Root Scanning (ms): Min: 0.1, Avg: 0.1, Max: 0.2, Diff: 0.1, Sum: 0.3]
      [Object Copy (ms): Min: 45.5, Avg: 45.6, Max: 45.7, Diff: 0.2, Sum: 91.3]
      [Termination (ms): Min: 0.0, Avg: 0.0, Max: 0.0, Diff: 0.0, Sum: 0.0]
      [GC Worker Other (ms): Min: 0.2, Avg: 0.2, Max: 0.2, Diff: 0.0, Sum: 0.3]
      [GC Worker Total (ms): Min: 178.8, Avg: 178.8, Max: 178.8, Diff: 0.0, Sum: 357.7]
      [GC Worker End (ms): Min: 14307737.2, Avg: 14307737.2, Max: 14307737.2, Diff: 0.0]
   [Code Root Fixup: 0.2 ms]
   [Code Root Migration: 0.1 ms]
   [Clear CT: 0.4 ms]
   [Other: 7.2 ms]
      [Choose CSet: 0.0 ms]
      [Ref Proc: 3.2 ms]
      [Ref Enq: 0.2 ms]
      [Free CSet: 0.8 ms]
   [Eden: 406.0M(294.0M)->0.0B(304.0M) Survivors: 28.0M->42.0M Heap: 2062.0M(4096.0M)->1690.0M(4096.0M)]
 [Times: user=0.35 sys=0.00, real=0.19 secs] 
2016-08-30T17:34:27.639+0200: 14317.774: [GC pause (young), 0.1868090 secs]
   [Parallel Time: 179.2 ms, GC Workers: 2]
      [GC Worker Start (ms): Min: 14317775.6, Avg: 14317776.7, Max: 14317777.7, Diff: 2.1]
      [Ext Root Scanning (ms): Min: 50.2, Avg: 51.6, Max: 52.9, Diff: 2.7, Sum: 103.2]
      [Update RS (ms): Min: 52.1, Avg: 52.2, Max: 52.2, Diff: 0.2, Sum: 104.3]
         [Processed Buffers: Min: 448, Avg: 451.0, Max: 454, Diff: 6, Sum: 902]
      [Scan RS (ms): Min: 12.7, Avg: 12.8, Max: 13.0, Diff: 0.3, Sum: 25.6]
      [Code Root Scanning (ms): Min: 0.1, Avg: 0.1, Max: 0.1, Diff: 0.0, Sum: 0.2]
      [Object Copy (ms): Min: 61.2, Avg: 61.3, Max: 61.4, Diff: 0.2, Sum: 122.5]
      [Termination (ms): Min: 0.0, Avg: 0.0, Max: 0.0, Diff: 0.0, Sum: 0.0]
      [GC Worker Other (ms): Min: 0.2, Avg: 0.2, Max: 0.2, Diff: 0.1, Sum: 0.4]
      [GC Worker Total (ms): Min: 177.1, Avg: 178.1, Max: 179.2, Diff: 2.1, Sum: 356.2]
      [GC Worker End (ms): Min: 14317954.8, Avg: 14317954.8, Max: 14317954.8, Diff: 0.0]
   [Code Root Fixup: 0.2 ms]
   [Code Root Migration: 0.1 ms]
   [Clear CT: 0.5 ms]
   [Other: 6.8 ms]
      [Choose CSet: 0.0 ms]
      [Ref Proc: 2.7 ms]
      [Ref Enq: 0.2 ms]
      [Free CSet: 0.6 ms]
   [Eden: 304.0M(304.0M)->0.0B(398.0M) Survivors: 42.0M->28.0M Heap: 1994.0M(4096.0M)->1707.0M(4096.0M)]
 [Times: user=0.36 sys=0.00, real=0.18 secs] 
2016-08-30T17:34:39.306+0200: 14329.441: [GC pause (young), 0.1638840 secs]
   [Parallel Time: 156.8 ms, GC Workers: 2]
      [GC Worker Start (ms): Min: 14329442.4, Avg: 14329442.4, Max: 14329442.4, Diff: 0.0]
      [Ext Root Scanning (ms): Min: 50.1, Avg: 50.3, Max: 50.5, Diff: 0.4, Sum: 100.5]
      [Update RS (ms): Min: 52.3, Avg: 52.4, Max: 52.5, Diff: 0.2, Sum: 104.8]
         [Processed Buffers: Min: 454, Avg: 479.0, Max: 504, Diff: 50, Sum: 958]
      [Scan RS (ms): Min: 10.6, Avg: 10.6, Max: 10.6, Diff: 0.0, Sum: 21.2]
      [Code Root Scanning (ms): Min: 0.1, Avg: 0.1, Max: 0.1, Diff: 0.0, Sum: 0.2]
      [Object Copy (ms): Min: 42.8, Avg: 43.1, Max: 43.5, Diff: 0.7, Sum: 86.2]
      [Termination (ms): Min: 0.0, Avg: 0.0, Max: 0.0, Diff: 0.0, Sum: 0.0]
      [GC Worker Other (ms): Min: 0.2, Avg: 0.2, Max: 0.2, Diff: 0.0, Sum: 0.3]
      [GC Worker Total (ms): Min: 156.6, Avg: 156.7, Max: 156.7, Diff: 0.0, Sum: 313.3]
      [GC Worker End (ms): Min: 14329599.1, Avg: 14329599.1, Max: 14329599.1, Diff: 0.0]
   [Code Root Fixup: 0.3 ms]
   [Code Root Migration: 0.0 ms]
   [Clear CT: 0.4 ms]
   [Other: 6.4 ms]
      [Choose CSet: 0.0 ms]
      [Ref Proc: 2.6 ms]
      [Ref Enq: 0.1 ms]
      [Free CSet: 0.7 ms]
   [Eden: 320.0M(266.0M)->0.0B(494.0M) Survivors: 28.0M->30.0M Heap: 2027.0M(4096.0M)->1729.0M(4096.0M)]
 [Times: user=0.32 sys=0.00, real=0.16 secs] 
2016-08-30T17:34:53.237+0200: 14343.371: [GC pause (young), 0.2112420 secs]
   [Parallel Time: 199.9 ms, GC Workers: 2]
      [GC Worker Start (ms): Min: 14343373.3, Avg: 14343373.3, Max: 14343373.3, Diff: 0.0]
      [Ext Root Scanning (ms): Min: 57.8, Avg: 59.7, Max: 61.6, Diff: 3.8, Sum: 119.4]
      [Update RS (ms): Min: 62.2, Avg: 64.3, Max: 66.5, Diff: 4.2, Sum: 128.7]
         [Processed Buffers: Min: 458, Avg: 487.0, Max: 516, Diff: 58, Sum: 974]
      [Scan RS (ms): Min: 10.7, Avg: 11.1, Max: 11.4, Diff: 0.7, Sum: 22.2]
      [Code Root Scanning (ms): Min: 0.1, Avg: 0.1, Max: 0.2, Diff: 0.1, Sum: 0.3]
      [Object Copy (ms): Min: 64.3, Avg: 64.4, Max: 64.5, Diff: 0.3, Sum: 128.8]
      [Termination (ms): Min: 0.0, Avg: 0.0, Max: 0.0, Diff: 0.0, Sum: 0.0]
      [GC Worker Other (ms): Min: 0.2, Avg: 0.2, Max: 0.2, Diff: 0.0, Sum: 0.4]
      [GC Worker Total (ms): Min: 199.8, Avg: 199.8, Max: 199.9, Diff: 0.0, Sum: 399.7]
      [GC Worker End (ms): Min: 14343573.2, Avg: 14343573.2, Max: 14343573.2, Diff: 0.0]
   [Code Root Fixup: 0.6 ms]
   [Code Root Migration: 0.1 ms]
   [Clear CT: 0.6 ms]
   [Other: 10.1 ms]
      [Choose CSet: 0.0 ms]
      [Ref Proc: 5.8 ms]
      [Ref Enq: 0.2 ms]
      [Free CSet: 0.9 ms]
   [Eden: 404.0M(326.0M)->0.0B(290.0M) Survivors: 30.0M->42.0M Heap: 2133.0M(4096.0M)->1762.0M(4096.0M)]
 [Times: user=0.40 sys=0.00, real=0.21 secs] 
2016-08-30T17:35:03.138+0200: 14353.273: [GC pause (young), 0.1846000 secs]
   [Parallel Time: 175.8 ms, GC Workers: 2]
      [GC Worker Start (ms): Min: 14353274.3, Avg: 14353274.3, Max: 14353274.3, Diff: 0.0]
      [Ext Root Scanning (ms): Min: 50.6, Avg: 50.8, Max: 51.0, Diff: 0.4, Sum: 101.6]
      [Update RS (ms): Min: 51.5, Avg: 51.7, Max: 51.8, Diff: 0.3, Sum: 103.3]
         [Processed Buffers: Min: 415, Avg: 443.0, Max: 471, Diff: 56, Sum: 886]
      [Scan RS (ms): Min: 12.4, Avg: 12.4, Max: 12.4, Diff: 0.0, Sum: 24.8]
      [Code Root Scanning (ms): Min: 0.1, Avg: 0.1, Max: 0.2, Diff: 0.0, Sum: 0.3]
      [Object Copy (ms): Min: 60.5, Avg: 60.5, Max: 60.5, Diff: 0.0, Sum: 121.1]
      [Termination (ms): Min: 0.0, Avg: 0.0, Max: 0.0, Diff: 0.0, Sum: 0.0]
      [GC Worker Other (ms): Min: 0.2, Avg: 0.2, Max: 0.2, Diff: 0.0, Sum: 0.4]
      [GC Worker Total (ms): Min: 175.7, Avg: 175.7, Max: 175.7, Diff: 0.0, Sum: 351.5]
      [GC Worker End (ms): Min: 14353450.0, Avg: 14353450.0, Max: 14353450.0, Diff: 0.0]
   [Code Root Fixup: 0.5 ms]
   [Code Root Migration: 0.1 ms]
   [Clear CT: 0.6 ms]
   [Other: 7.6 ms]
      [Choose CSet: 0.0 ms]
      [Ref Proc: 3.8 ms]
      [Ref Enq: 0.2 ms]
      [Free CSet: 0.6 ms]
   [Eden: 290.0M(290.0M)->0.0B(382.0M) Survivors: 42.0M->28.0M Heap: 2052.0M(4096.0M)->1781.0M(4096.0M)]
 [Times: user=0.36 sys=0.00, real=0.18 secs] 
2016-08-30T17:35:15.689+0200: 14365.823: [GC pause (young), 0.1692320 secs]
   [Parallel Time: 161.9 ms, GC Workers: 2]
      [GC Worker Start (ms): Min: 14365825.2, Avg: 14365825.2, Max: 14365825.2, Diff: 0.0]
      [Ext Root Scanning (ms): Min: 50.1, Avg: 50.7, Max: 51.3, Diff: 1.1, Sum: 101.4]
      [Update RS (ms): Min: 56.9, Avg: 57.0, Max: 57.1, Diff: 0.2, Sum: 114.0]
         [Processed Buffers: Min: 429, Avg: 455.5, Max: 482, Diff: 53, Sum: 911]
      [Scan RS (ms): Min: 10.9, Avg: 10.9, Max: 11.0, Diff: 0.1, Sum: 21.9]
      [Code Root Scanning (ms): Min: 0.1, Avg: 0.1, Max: 0.1, Diff: 0.0, Sum: 0.3]
      [Object Copy (ms): Min: 42.5, Avg: 42.9, Max: 43.3, Diff: 0.8, Sum: 85.8]
      [Termination (ms): Min: 0.0, Avg: 0.0, Max: 0.0, Diff: 0.0, Sum: 0.0]
      [GC Worker Other (ms): Min: 0.2, Avg: 0.2, Max: 0.2, Diff: 0.0, Sum: 0.3]
      [GC Worker Total (ms): Min: 161.8, Avg: 161.9, Max: 161.9, Diff: 0.0, Sum: 323.7]
      [GC Worker End (ms): Min: 14365987.0, Avg: 14365987.0, Max: 14365987.0, Diff: 0.0]
   [Code Root Fixup: 0.2 ms]
   [Code Root Migration: 0.0 ms]
   [Clear CT: 0.4 ms]
   [Other: 6.6 ms]
      [Choose CSet: 0.0 ms]
      [Ref Proc: 2.8 ms]
      [Ref Enq: 0.2 ms]
      [Free CSet: 0.7 ms]
   [Eden: 362.0M(272.0M)->0.0B(368.0M) Survivors: 28.0M->38.0M Heap: 2143.0M(4096.0M)->1815.0M(4096.0M)]
 [Times: user=0.32 sys=0.00, real=0.17 secs] 
2016-08-30T17:35:27.141+0200: 14377.276: [GC pause (young), 0.1856460 secs]
   [Parallel Time: 178.2 ms, GC Workers: 2]
      [GC Worker Start (ms): Min: 14377277.5, Avg: 14377277.5, Max: 14377277.5, Diff: 0.0]
      [Ext Root Scanning (ms): Min: 52.1, Avg: 52.1, Max: 52.1, Diff: 0.1, Sum: 104.2]
      [Update RS (ms): Min: 51.7, Avg: 51.7, Max: 51.7, Diff: 0.0, Sum: 103.3]
         [Processed Buffers: Min: 454, Avg: 466.0, Max: 478, Diff: 24, Sum: 932]
      [Scan RS (ms): Min: 12.3, Avg: 12.4, Max: 12.5, Diff: 0.2, Sum: 24.8]
      [Code Root Scanning (ms): Min: 0.1, Avg: 0.1, Max: 0.1, Diff: 0.0, Sum: 0.2]
      [Object Copy (ms): Min: 61.6, Avg: 61.6, Max: 61.7, Diff: 0.1, Sum: 123.2]
      [Termination (ms): Min: 0.0, Avg: 0.0, Max: 0.0, Diff: 0.0, Sum: 0.0]
      [GC Worker Other (ms): Min: 0.2, Avg: 0.2, Max: 0.2, Diff: 0.0, Sum: 0.4]
      [GC Worker Total (ms): Min: 178.1, Avg: 178.1, Max: 178.1, Diff: 0.0, Sum: 356.2]
      [GC Worker End (ms): Min: 14377455.6, Avg: 14377455.6, Max: 14377455.6, Diff: 0.0]
   [Code Root Fixup: 0.3 ms]
   [Code Root Migration: 0.1 ms]
   [Clear CT: 0.5 ms]
   [Other: 6.6 ms]
      [Choose CSet: 0.0 ms]
      [Ref Proc: 2.6 ms]
      [Ref Enq: 0.1 ms]
      [Free CSet: 0.7 ms]
   [Eden: 314.0M(238.0M)->0.0B(424.0M) Survivors: 38.0M->30.0M Heap: 2129.0M(4096.0M)->1841.0M(4096.0M)]
 [Times: user=0.36 sys=0.01, real=0.18 secs] 
2016-08-30T17:35:41.576+0200: 14391.711: [GC pause (young), 0.2067700 secs]
   [Parallel Time: 195.4 ms, GC Workers: 2]
      [GC Worker Start (ms): Min: 14391712.5, Avg: 14391712.5, Max: 14391712.5, Diff: 0.0]
      [Ext Root Scanning (ms): Min: 53.9, Avg: 54.1, Max: 54.3, Diff: 0.4, Sum: 108.1]
      [Update RS (ms): Min: 60.4, Avg: 60.8, Max: 61.1, Diff: 0.6, Sum: 121.5]
         [Processed Buffers: Min: 448, Avg: 449.0, Max: 450, Diff: 2, Sum: 898]
      [Scan RS (ms): Min: 11.7, Avg: 12.1, Max: 12.4, Diff: 0.7, Sum: 24.1]
      [Code Root Scanning (ms): Min: 0.1, Avg: 0.1, Max: 0.1, Diff: 0.0, Sum: 0.3]
      [Object Copy (ms): Min: 67.9, Avg: 68.1, Max: 68.2, Diff: 0.3, Sum: 136.1]
      [Termination (ms): Min: 0.0, Avg: 0.0, Max: 0.0, Diff: 0.0, Sum: 0.0]
      [GC Worker Other (ms): Min: 0.2, Avg: 0.2, Max: 0.2, Diff: 0.1, Sum: 0.4]
      [GC Worker Total (ms): Min: 195.3, Avg: 195.3, Max: 195.3, Diff: 0.0, Sum: 390.6]
      [GC Worker End (ms): Min: 14391907.8, Avg: 14391907.8, Max: 14391907.8, Diff: 0.1]
   [Code Root Fixup: 0.7 ms]
   [Code Root Migration: 0.1 ms]
   [Clear CT: 0.6 ms]
   [Other: 9.9 ms]
      [Choose CSet: 0.0 ms]
      [Ref Proc: 4.9 ms]
      [Ref Enq: 0.3 ms]
      [Free CSet: 1.1 ms]
   [Eden: 372.0M(282.0M)->0.0B(270.0M) Survivors: 30.0M->40.0M Heap: 2213.0M(4096.0M)->1878.0M(4096.0M)]
 [Times: user=0.40 sys=0.00, real=0.21 secs] 
2016-08-30T17:35:50.377+0200: 14400.511: [GC pause (young), 0.1896630 secs]
   [Parallel Time: 180.5 ms, GC Workers: 2]
      [GC Worker Start (ms): Min: 14400512.7, Avg: 14400512.7, Max: 14400512.7, Diff: 0.0]
      [Ext Root Scanning (ms): Min: 51.4, Avg: 51.5, Max: 51.7, Diff: 0.2, Sum: 103.1]
      [Update RS (ms): Min: 48.3, Avg: 49.2, Max: 50.1, Diff: 1.9, Sum: 98.4]
         [Processed Buffers: Min: 412, Avg: 450.5, Max: 489, Diff: 77, Sum: 901]
      [Scan RS (ms): Min: 10.6, Avg: 11.2, Max: 11.7, Diff: 1.1, Sum: 22.3]
      [Code Root Scanning (ms): Min: 0.0, Avg: 0.1, Max: 0.2, Diff: 0.2, Sum: 0.2]
      [Object Copy (ms): Min: 67.8, Avg: 68.2, Max: 68.7, Diff: 0.9, Sum: 136.5]
      [Termination (ms): Min: 0.0, Avg: 0.0, Max: 0.0, Diff: 0.0, Sum: 0.0]
      [GC Worker Other (ms): Min: 0.2, Avg: 0.2, Max: 0.2, Diff: 0.0, Sum: 0.4]
      [GC Worker Total (ms): Min: 180.4, Avg: 180.4, Max: 180.4, Diff: 0.0, Sum: 360.9]
      [GC Worker End (ms): Min: 14400693.1, Avg: 14400693.1, Max: 14400693.1, Diff: 0.0]
   [Code Root Fixup: 0.5 ms]
   [Code Root Migration: 0.1 ms]
   [Clear CT: 0.7 ms]
   [Other: 7.9 ms]
      [Choose CSet: 0.0 ms]
      [Ref Proc: 3.5 ms]
      [Ref Enq: 0.3 ms]
      [Free CSet: 0.7 ms]
   [Eden: 270.0M(270.0M)->0.0B(328.0M) Survivors: 40.0M->30.0M Heap: 2148.0M(4096.0M)->1904.0M(4096.0M)]
 [Times: user=0.35 sys=0.00, real=0.19 secs] 
2016-08-30T17:36:02.841+0200: 14412.975: [GC pause (young) (initial-mark), 0.2107690 secs]
   [Parallel Time: 199.5 ms, GC Workers: 2]
      [GC Worker Start (ms): Min: 14412977.2, Avg: 14412978.1, Max: 14412979.0, Diff: 1.8]
      [Ext Root Scanning (ms): Min: 50.7, Avg: 50.8, Max: 50.8, Diff: 0.1, Sum: 101.5]
      [Code Root Marking (ms): Min: 13.4, Avg: 13.4, Max: 13.4, Diff: 0.1, Sum: 26.8]
      [Update RS (ms): Min: 55.8, Avg: 56.0, Max: 56.1, Diff: 0.4, Sum: 111.9]
         [Processed Buffers: Min: 412, Avg: 433.0, Max: 454, Diff: 42, Sum: 866]
      [Scan RS (ms): Min: 10.2, Avg: 10.4, Max: 10.5, Diff: 0.3, Sum: 20.7]
      [Code Root Scanning (ms): Min: 0.1, Avg: 0.1, Max: 0.1, Diff: 0.0, Sum: 0.2]
      [Object Copy (ms): Min: 67.2, Avg: 67.7, Max: 68.3, Diff: 1.1, Sum: 135.5]
      [Termination (ms): Min: 0.0, Avg: 0.0, Max: 0.0, Diff: 0.0, Sum: 0.0]
      [GC Worker Other (ms): Min: 0.2, Avg: 0.2, Max: 0.2, Diff: 0.0, Sum: 0.4]
      [GC Worker Total (ms): Min: 197.6, Avg: 198.5, Max: 199.4, Diff: 1.8, Sum: 397.0]
      [GC Worker End (ms): Min: 14413176.6, Avg: 14413176.6, Max: 14413176.6, Diff: 0.0]
   [Code Root Fixup: 0.4 ms]
   [Code Root Migration: 0.1 ms]
   [Clear CT: 0.7 ms]
   [Other: 10.1 ms]
      [Choose CSet: 0.0 ms]
      [Ref Proc: 4.4 ms]
      [Ref Enq: 0.3 ms]
      [Free CSet: 1.0 ms]
   [Eden: 328.0M(328.0M)->0.0B(220.0M) Survivors: 30.0M->34.0M Heap: 2232.0M(4096.0M)->1930.0M(4096.0M)]
 [Times: user=0.40 sys=0.00, real=0.21 secs] 
2016-08-30T17:36:03.052+0200: 14413.187: [GC concurrent-root-region-scan-start]
2016-08-30T17:36:03.109+0200: 14413.243: [GC concurrent-root-region-scan-end, 0.0566580 secs]
2016-08-30T17:36:03.109+0200: 14413.243: [GC concurrent-mark-start]
2016-08-30T17:36:04.867+0200: 14415.002: [GC concurrent-mark-end, 1.7586650 secs]
2016-08-30T17:36:04.872+0200: 14415.006: [GC remark 2016-08-30T17:36:04.874+0200: 14415.009: [GC ref-proc, 0.0737970 secs], 0.0923250 secs]
 [Times: user=0.11 sys=0.00, real=0.10 secs] 
2016-08-30T17:36:04.969+0200: 14415.103: [GC cleanup 1996M->1934M(4096M), 0.0347720 secs]
 [Times: user=0.07 sys=0.00, real=0.03 secs] 
2016-08-30T17:36:05.004+0200: 14415.138: [GC concurrent-cleanup-start]
2016-08-30T17:36:05.004+0200: 14415.139: [GC concurrent-cleanup-end, 0.0001700 secs]
2016-08-30T17:36:10.718+0200: 14420.853: [GC pause (young), 0.1596360 secs]
   [Parallel Time: 151.9 ms, GC Workers: 2]
      [GC Worker Start (ms): Min: 14420854.1, Avg: 14420854.1, Max: 14420854.1, Diff: 0.0]
      [Ext Root Scanning (ms): Min: 49.2, Avg: 49.6, Max: 50.1, Diff: 1.0, Sum: 99.3]
      [Update RS (ms): Min: 42.3, Avg: 42.7, Max: 43.1, Diff: 0.8, Sum: 85.5]
         [Processed Buffers: Min: 362, Avg: 405.5, Max: 449, Diff: 87, Sum: 811]
      [Scan RS (ms): Min: 9.6, Avg: 9.6, Max: 9.7, Diff: 0.0, Sum: 19.3]
      [Code Root Scanning (ms): Min: 0.1, Avg: 0.1, Max: 0.1, Diff: 0.0, Sum: 0.2]
      [Object Copy (ms): Min: 49.4, Avg: 49.5, Max: 49.6, Diff: 0.2, Sum: 99.0]
      [Termination (ms): Min: 0.0, Avg: 0.0, Max: 0.0, Diff: 0.0, Sum: 0.0]
      [GC Worker Other (ms): Min: 0.2, Avg: 0.2, Max: 0.2, Diff: 0.0, Sum: 0.3]
      [GC Worker Total (ms): Min: 151.7, Avg: 151.8, Max: 151.8, Diff: 0.0, Sum: 303.5]
      [GC Worker End (ms): Min: 14421005.8, Avg: 14421005.8, Max: 14421005.8, Diff: 0.0]
   [Code Root Fixup: 0.5 ms]
   [Code Root Migration: 0.1 ms]
   [Clear CT: 0.6 ms]
   [Other: 6.6 ms]
      [Choose CSet: 0.0 ms]
      [Ref Proc: 2.7 ms]
      [Ref Enq: 0.2 ms]
      [Free CSet: 0.6 ms]
   [Eden: 220.0M(220.0M)->0.0B(184.0M) Survivors: 34.0M->20.0M Heap: 2088.0M(4096.0M)->1882.0M(4096.0M)]
 [Times: user=0.31 sys=0.00, real=0.16 secs] 
2016-08-30T17:36:16.423+0200: 14426.558: [GC pause (mixed), 0.1767410 secs]
   [Parallel Time: 170.3 ms, GC Workers: 2]
      [GC Worker Start (ms): Min: 14426559.5, Avg: 14426559.5, Max: 14426559.5, Diff: 0.0]
      [Ext Root Scanning (ms): Min: 49.9, Avg: 50.4, Max: 50.9, Diff: 1.0, Sum: 100.9]
      [Update RS (ms): Min: 50.3, Avg: 50.5, Max: 50.7, Diff: 0.5, Sum: 101.0]
         [Processed Buffers: Min: 380, Avg: 425.5, Max: 471, Diff: 91, Sum: 851]
      [Scan RS (ms): Min: 30.6, Avg: 31.1, Max: 31.6, Diff: 1.0, Sum: 62.2]
      [Code Root Scanning (ms): Min: 0.1, Avg: 0.2, Max: 0.2, Diff: 0.1, Sum: 0.3]
      [Object Copy (ms): Min: 37.7, Avg: 37.9, Max: 38.1, Diff: 0.4, Sum: 75.8]
      [Termination (ms): Min: 0.0, Avg: 0.0, Max: 0.0, Diff: 0.0, Sum: 0.0]
      [GC Worker Other (ms): Min: 0.1, Avg: 0.1, Max: 0.1, Diff: 0.0, Sum: 0.1]
      [GC Worker Total (ms): Min: 170.2, Avg: 170.2, Max: 170.2, Diff: 0.0, Sum: 340.4]
      [GC Worker End (ms): Min: 14426729.7, Avg: 14426729.7, Max: 14426729.7, Diff: 0.0]
   [Code Root Fixup: 0.2 ms]
   [Code Root Migration: 0.1 ms]
   [Clear CT: 0.5 ms]
   [Other: 5.7 ms]
      [Choose CSet: 0.2 ms]
      [Ref Proc: 1.2 ms]
      [Ref Enq: 0.1 ms]
      [Free CSet: 1.2 ms]
   [Eden: 184.0M(184.0M)->0.0B(182.0M) Survivors: 20.0M->22.0M Heap: 2066.0M(4096.0M)->1619.0M(4096.0M)]
 [Times: user=0.33 sys=0.00, real=0.18 secs] 
2016-08-30T17:36:22.713+0200: 14432.848: [GC pause (mixed), 0.2328520 secs]
   [Parallel Time: 223.9 ms, GC Workers: 2]
      [GC Worker Start (ms): Min: 14432849.6, Avg: 14432849.6, Max: 14432849.6, Diff: 0.0]
      [Ext Root Scanning (ms): Min: 53.1, Avg: 53.6, Max: 54.1, Diff: 0.9, Sum: 107.2]
      [Update RS (ms): Min: 36.9, Avg: 37.4, Max: 37.8, Diff: 0.9, Sum: 74.7]
         [Processed Buffers: Min: 339, Avg: 357.5, Max: 376, Diff: 37, Sum: 715]
      [Scan RS (ms): Min: 50.0, Avg: 50.3, Max: 50.6, Diff: 0.6, Sum: 100.5]
      [Code Root Scanning (ms): Min: 0.1, Avg: 0.1, Max: 0.2, Diff: 0.1, Sum: 0.3]
      [Object Copy (ms): Min: 82.0, Avg: 82.3, Max: 82.7, Diff: 0.7, Sum: 164.7]
      [Termination (ms): Min: 0.0, Avg: 0.0, Max: 0.0, Diff: 0.0, Sum: 0.0]
      [GC Worker Other (ms): Min: 0.1, Avg: 0.1, Max: 0.2, Diff: 0.0, Sum: 0.3]
      [GC Worker Total (ms): Min: 223.8, Avg: 223.9, Max: 223.9, Diff: 0.0, Sum: 447.7]
      [GC Worker End (ms): Min: 14433073.4, Avg: 14433073.4, Max: 14433073.4, Diff: 0.0]
   [Code Root Fixup: 0.4 ms]
   [Code Root Migration: 0.1 ms]
   [Clear CT: 0.7 ms]
   [Other: 7.7 ms]
      [Choose CSet: 0.4 ms]
      [Ref Proc: 2.8 ms]
      [Ref Enq: 0.1 ms]
      [Free CSet: 1.3 ms]
   [Eden: 182.0M(182.0M)->0.0B(184.0M) Survivors: 22.0M->20.0M Heap: 1801.0M(4096.0M)->1464.0M(4096.0M)]
 [Times: user=0.46 sys=0.00, real=0.23 secs] 
2016-08-30T17:36:28.371+0200: 14438.505: [GC pause (mixed), 0.2413620 secs]
   [Parallel Time: 234.3 ms, GC Workers: 2]
      [GC Worker Start (ms): Min: 14438507.4, Avg: 14438507.4, Max: 14438507.4, Diff: 0.0]
      [Ext Root Scanning (ms): Min: 46.8, Avg: 47.7, Max: 48.6, Diff: 1.8, Sum: 95.4]
      [Update RS (ms): Min: 38.8, Avg: 39.0, Max: 39.2, Diff: 0.5, Sum: 78.0]
         [Processed Buffers: Min: 334, Avg: 402.5, Max: 471, Diff: 137, Sum: 805]
      [Scan RS (ms): Min: 64.3, Avg: 64.7, Max: 65.1, Diff: 0.8, Sum: 129.5]
      [Code Root Scanning (ms): Min: 0.1, Avg: 0.1, Max: 0.2, Diff: 0.1, Sum: 0.3]
      [Object Copy (ms): Min: 82.2, Avg: 82.5, Max: 82.9, Diff: 0.7, Sum: 165.1]
      [Termination (ms): Min: 0.0, Avg: 0.0, Max: 0.0, Diff: 0.0, Sum: 0.0]
      [GC Worker Other (ms): Min: 0.0, Avg: 0.1, Max: 0.1, Diff: 0.1, Sum: 0.2]
      [GC Worker Total (ms): Min: 234.2, Avg: 234.2, Max: 234.2, Diff: 0.0, Sum: 468.5]
      [GC Worker End (ms): Min: 14438741.6, Avg: 14438741.6, Max: 14438741.6, Diff: 0.0]
   [Code Root Fixup: 0.2 ms]
   [Code Root Migration: 0.0 ms]
   [Clear CT: 0.5 ms]
   [Other: 6.3 ms]
      [Choose CSet: 0.6 ms]
      [Ref Proc: 1.3 ms]
      [Ref Enq: 0.1 ms]
      [Free CSet: 1.3 ms]
   [Eden: 184.0M(184.0M)->0.0B(184.0M) Survivors: 20.0M->20.0M Heap: 1648.0M(4096.0M)->1331.0M(4096.0M)]
 [Times: user=0.44 sys=0.00, real=0.24 secs] 
2016-08-30T17:36:33.773+0200: 14443.907: [GC pause (mixed), 0.2909420 secs]
   [Parallel Time: 281.7 ms, GC Workers: 2]
      [GC Worker Start (ms): Min: 14443909.8, Avg: 14443909.8, Max: 14443909.8, Diff: 0.0]
      [Ext Root Scanning (ms): Min: 50.5, Avg: 51.3, Max: 52.0, Diff: 1.5, Sum: 102.6]
      [Update RS (ms): Min: 33.5, Avg: 34.1, Max: 34.6, Diff: 1.1, Sum: 68.1]
         [Processed Buffers: Min: 397, Avg: 410.5, Max: 424, Diff: 27, Sum: 821]
      [Scan RS (ms): Min: 106.8, Avg: 107.1, Max: 107.3, Diff: 0.4, Sum: 214.1]
      [Code Root Scanning (ms): Min: 0.2, Avg: 0.5, Max: 0.7, Diff: 0.4, Sum: 0.9]
      [Object Copy (ms): Min: 88.4, Avg: 88.5, Max: 88.7, Diff: 0.4, Sum: 177.1]
      [Termination (ms): Min: 0.0, Avg: 0.0, Max: 0.0, Diff: 0.0, Sum: 0.0]
      [GC Worker Other (ms): Min: 0.1, Avg: 0.2, Max: 0.2, Diff: 0.0, Sum: 0.3]
      [GC Worker Total (ms): Min: 281.5, Avg: 281.5, Max: 281.6, Diff: 0.0, Sum: 563.1]
      [GC Worker End (ms): Min: 14444191.3, Avg: 14444191.3, Max: 14444191.4, Diff: 0.1]
   [Code Root Fixup: 0.5 ms]
   [Code Root Migration: 0.7 ms]
   [Clear CT: 0.6 ms]
   [Other: 7.5 ms]
      [Choose CSet: 1.1 ms]
      [Ref Proc: 1.3 ms]
      [Ref Enq: 0.1 ms]
      [Free CSet: 1.6 ms]
   [Eden: 184.0M(184.0M)->0.0B(184.0M) Survivors: 20.0M->20.0M Heap: 1515.0M(4096.0M)->1224.0M(4096.0M)]
 [Times: user=0.57 sys=0.01, real=0.29 secs] 
2016-08-30T17:36:39.401+0200: 14449.536: [GC pause (young), 0.1491410 secs]
   [Parallel Time: 141.6 ms, GC Workers: 2]
      [GC Worker Start (ms): Min: 14449537.1, Avg: 14449537.1, Max: 14449537.1, Diff: 0.0]
      [Ext Root Scanning (ms): Min: 49.5, Avg: 50.0, Max: 50.5, Diff: 1.0, Sum: 100.0]
      [Update RS (ms): Min: 37.3, Avg: 37.9, Max: 38.5, Diff: 1.2, Sum: 75.8]
         [Processed Buffers: Min: 379, Avg: 399.0, Max: 419, Diff: 40, Sum: 798]
      [Scan RS (ms): Min: 9.2, Avg: 9.7, Max: 10.2, Diff: 1.0, Sum: 19.3]
      [Code Root Scanning (ms): Min: 0.0, Avg: 0.1, Max: 0.1, Diff: 0.1, Sum: 0.1]
      [Object Copy (ms): Min: 43.3, Avg: 43.8, Max: 44.3, Diff: 1.0, Sum: 87.5]
      [Termination (ms): Min: 0.0, Avg: 0.0, Max: 0.0, Diff: 0.0, Sum: 0.0]
      [GC Worker Other (ms): Min: 0.1, Avg: 0.2, Max: 0.2, Diff: 0.0, Sum: 0.3]
      [GC Worker Total (ms): Min: 141.5, Avg: 141.5, Max: 141.5, Diff: 0.0, Sum: 283.0]
      [GC Worker End (ms): Min: 14449678.6, Avg: 14449678.6, Max: 14449678.6, Diff: 0.0]
   [Code Root Fixup: 0.4 ms]
   [Code Root Migration: 0.0 ms]
   [Clear CT: 0.5 ms]
   [Other: 6.6 ms]
      [Choose CSet: 0.0 ms]
      [Ref Proc: 2.8 ms]
      [Ref Enq: 0.2 ms]
      [Free CSet: 0.5 ms]
   [Eden: 184.0M(184.0M)->0.0B(186.0M) Survivors: 20.0M->18.0M Heap: 1408.0M(4096.0M)->1241.0M(4096.0M)]
 [Times: user=0.27 sys=0.01, real=0.15 secs] 
2016-08-30T17:36:44.075+0200: 14454.209: [GC pause (young), 0.1521010 secs]
   [Parallel Time: 144.9 ms, GC Workers: 2]
      [GC Worker Start (ms): Min: 14454210.7, Avg: 14454210.7, Max: 14454210.7, Diff: 0.0]
      [Ext Root Scanning (ms): Min: 52.4, Avg: 52.6, Max: 52.8, Diff: 0.4, Sum: 105.2]
      [Update RS (ms): Min: 44.0, Avg: 44.4, Max: 44.8, Diff: 0.8, Sum: 88.8]
         [Processed Buffers: Min: 454, Avg: 459.0, Max: 464, Diff: 10, Sum: 918]
      [Scan RS (ms): Min: 6.6, Avg: 6.8, Max: 6.9, Diff: 0.3, Sum: 13.5]
      [Code Root Scanning (ms): Min: 0.1, Avg: 0.1, Max: 0.1, Diff: 0.0, Sum: 0.1]
      [Object Copy (ms): Min: 40.4, Avg: 40.9, Max: 41.4, Diff: 1.0, Sum: 81.8]
      [Termination (ms): Min: 0.0, Avg: 0.0, Max: 0.0, Diff: 0.0, Sum: 0.0]
      [GC Worker Other (ms): Min: 0.1, Avg: 0.1, Max: 0.2, Diff: 0.1, Sum: 0.2]
      [GC Worker Total (ms): Min: 144.8, Avg: 144.8, Max: 144.8, Diff: 0.0, Sum: 289.6]
      [GC Worker End (ms): Min: 14454355.6, Avg: 14454355.6, Max: 14454355.6, Diff: 0.0]
   [Code Root Fixup: 0.5 ms]
   [Code Root Migration: 0.0 ms]
   [Clear CT: 0.4 ms]
   [Other: 6.3 ms]
      [Choose CSet: 0.0 ms]
      [Ref Proc: 2.3 ms]
      [Ref Enq: 0.2 ms]
      [Free CSet: 0.5 ms]
   [Eden: 186.0M(186.0M)->0.0B(180.0M) Survivors: 18.0M->24.0M Heap: 1427.0M(4096.0M)->1263.0M(4096.0M)]
 [Times: user=0.30 sys=0.00, real=0.15 secs] 
2016-08-30T17:36:49.237+0200: 14459.371: [GC pause (young), 0.1467810 secs]
   [Parallel Time: 139.7 ms, GC Workers: 2]
      [GC Worker Start (ms): Min: 14459372.6, Avg: 14459372.6, Max: 14459372.7, Diff: 0.0]
      [Ext Root Scanning (ms): Min: 50.5, Avg: 50.6, Max: 50.6, Diff: 0.1, Sum: 101.1]
      [Update RS (ms): Min: 41.9, Avg: 42.6, Max: 43.3, Diff: 1.4, Sum: 85.2]
         [Processed Buffers: Min: 358, Avg: 403.0, Max: 448, Diff: 90, Sum: 806]
      [Scan RS (ms): Min: 7.6, Avg: 8.1, Max: 8.6, Diff: 0.9, Sum: 16.2]
      [Code Root Scanning (ms): Min: 0.1, Avg: 0.1, Max: 0.1, Diff: 0.0, Sum: 0.1]
      [Object Copy (ms): Min: 38.0, Avg: 38.2, Max: 38.3, Diff: 0.3, Sum: 76.3]
      [Termination (ms): Min: 0.0, Avg: 0.0, Max: 0.0, Diff: 0.0, Sum: 0.0]
      [GC Worker Other (ms): Min: 0.1, Avg: 0.1, Max: 0.1, Diff: 0.1, Sum: 0.2]
      [GC Worker Total (ms): Min: 139.5, Avg: 139.6, Max: 139.6, Diff: 0.0, Sum: 279.1]
      [GC Worker End (ms): Min: 14459512.2, Avg: 14459512.2, Max: 14459512.2, Diff: 0.0]
   [Code Root Fixup: 0.5 ms]
   [Code Root Migration: 0.0 ms]
   [Clear CT: 0.4 ms]
   [Other: 6.2 ms]
      [Choose CSet: 0.0 ms]
      [Ref Proc: 2.4 ms]
      [Ref Enq: 0.2 ms]
      [Free CSet: 0.5 ms]
   [Eden: 180.0M(180.0M)->0.0B(186.0M) Survivors: 24.0M->18.0M Heap: 1443.0M(4096.0M)->1279.0M(4096.0M)]
 [Times: user=0.28 sys=0.00, real=0.15 secs] 
2016-08-30T17:36:56.734+0200: 14466.869: [GC pause (young), 0.1469900 secs]
   [Parallel Time: 140.0 ms, GC Workers: 2]
      [GC Worker Start (ms): Min: 14466870.3, Avg: 14466870.3, Max: 14466870.3, Diff: 0.0]
      [Ext Root Scanning (ms): Min: 50.5, Avg: 50.7, Max: 50.9, Diff: 0.3, Sum: 101.4]
      [Update RS (ms): Min: 43.3, Avg: 43.5, Max: 43.7, Diff: 0.4, Sum: 87.0]
         [Processed Buffers: Min: 349, Avg: 387.5, Max: 426, Diff: 77, Sum: 775]
      [Scan RS (ms): Min: 6.7, Avg: 6.9, Max: 7.2, Diff: 0.5, Sum: 13.9]
      [Code Root Scanning (ms): Min: 0.1, Avg: 0.1, Max: 0.1, Diff: 0.0, Sum: 0.1]
      [Object Copy (ms): Min: 38.4, Avg: 38.5, Max: 38.7, Diff: 0.2, Sum: 77.1]
      [Termination (ms): Min: 0.0, Avg: 0.0, Max: 0.0, Diff: 0.0, Sum: 0.0]
      [GC Worker Other (ms): Min: 0.1, Avg: 0.1, Max: 0.1, Diff: 0.1, Sum: 0.2]
      [GC Worker Total (ms): Min: 139.9, Avg: 139.9, Max: 139.9, Diff: 0.0, Sum: 279.8]
      [GC Worker End (ms): Min: 14467010.2, Avg: 14467010.2, Max: 14467010.2, Diff: 0.0]
   [Code Root Fixup: 0.4 ms]
   [Code Root Migration: 0.0 ms]
   [Clear CT: 0.5 ms]
   [Other: 6.1 ms]
      [Choose CSet: 0.0 ms]
      [Ref Proc: 2.3 ms]
      [Ref Enq: 0.2 ms]
      [Free CSet: 0.5 ms]
   [Eden: 186.0M(186.0M)->0.0B(186.0M) Survivors: 18.0M->18.0M Heap: 1465.0M(4096.0M)->1296.0M(4096.0M)]
 [Times: user=0.29 sys=0.00, real=0.15 secs] 
2016-08-30T17:37:04.093+0200: 14474.227: [GC pause (young), 0.1419540 secs]
   [Parallel Time: 135.0 ms, GC Workers: 2]
      [GC Worker Start (ms): Min: 14474228.9, Avg: 14474229.0, Max: 14474229.0, Diff: 0.0]
      [Ext Root Scanning (ms): Min: 50.3, Avg: 50.7, Max: 51.2, Diff: 0.9, Sum: 101.4]
      [Update RS (ms): Min: 39.8, Avg: 40.5, Max: 41.1, Diff: 1.3, Sum: 81.0]
         [Processed Buffers: Min: 376, Avg: 389.0, Max: 402, Diff: 26, Sum: 778]
      [Scan RS (ms): Min: 6.8, Avg: 7.5, Max: 8.1, Diff: 1.3, Sum: 14.9]
      [Code Root Scanning (ms): Min: 0.0, Avg: 0.1, Max: 0.1, Diff: 0.1, Sum: 0.1]
      [Object Copy (ms): Min: 35.6, Avg: 36.1, Max: 36.5, Diff: 0.9, Sum: 72.1]
      [Termination (ms): Min: 0.0, Avg: 0.0, Max: 0.0, Diff: 0.0, Sum: 0.0]
      [GC Worker Other (ms): Min: 0.2, Avg: 0.2, Max: 0.2, Diff: 0.0, Sum: 0.3]
      [GC Worker Total (ms): Min: 134.9, Avg: 134.9, Max: 135.0, Diff: 0.0, Sum: 269.9]
      [GC Worker End (ms): Min: 14474363.9, Avg: 14474363.9, Max: 14474363.9, Diff: 0.0]
   [Code Root Fixup: 0.5 ms]
   [Code Root Migration: 0.0 ms]
   [Clear CT: 0.5 ms]
   [Other: 5.9 ms]
      [Choose CSet: 0.0 ms]
      [Ref Proc: 2.2 ms]
      [Ref Enq: 0.2 ms]
      [Free CSet: 0.5 ms]
   [Eden: 186.0M(186.0M)->0.0B(188.0M) Survivors: 18.0M->16.0M Heap: 1482.0M(4096.0M)->1308.0M(4096.0M)]
 [Times: user=0.27 sys=0.00, real=0.14 secs] 
2016-08-30T17:37:10.713+0200: 14480.847: [GC pause (young), 0.1435000 secs]
   [Parallel Time: 136.5 ms, GC Workers: 2]
      [GC Worker Start (ms): Min: 14480848.9, Avg: 14480848.9, Max: 14480848.9, Diff: 0.0]
      [Ext Root Scanning (ms): Min: 50.6, Avg: 51.8, Max: 53.0, Diff: 2.4, Sum: 103.6]
      [Update RS (ms): Min: 37.9, Avg: 39.2, Max: 40.4, Diff: 2.6, Sum: 78.3]
         [Processed Buffers: Min: 361, Avg: 386.5, Max: 412, Diff: 51, Sum: 773]
      [Scan RS (ms): Min: 7.2, Avg: 7.5, Max: 7.8, Diff: 0.6, Sum: 15.0]
      [Code Root Scanning (ms): Min: 0.0, Avg: 0.1, Max: 0.1, Diff: 0.1, Sum: 0.1]
      [Object Copy (ms): Min: 37.4, Avg: 37.6, Max: 37.9, Diff: 0.5, Sum: 75.2]
      [Termination (ms): Min: 0.0, Avg: 0.0, Max: 0.0, Diff: 0.0, Sum: 0.0]
      [GC Worker Other (ms): Min: 0.2, Avg: 0.2, Max: 0.2, Diff: 0.0, Sum: 0.3]
      [GC Worker Total (ms): Min: 136.3, Avg: 136.3, Max: 136.4, Diff: 0.0, Sum: 272.7]
      [GC Worker End (ms): Min: 14480985.2, Avg: 14480985.2, Max: 14480985.2, Diff: 0.0]
   [Code Root Fixup: 0.4 ms]
   [Code Root Migration: 0.0 ms]
   [Clear CT: 0.4 ms]
   [Other: 6.2 ms]
      [Choose CSet: 0.0 ms]
      [Ref Proc: 2.5 ms]
      [Ref Enq: 0.2 ms]
      [Free CSet: 0.5 ms]
   [Eden: 188.0M(188.0M)->0.0B(322.0M) Survivors: 16.0M->20.0M Heap: 1496.0M(4096.0M)->1325.0M(4096.0M)]
 [Times: user=0.28 sys=0.00, real=0.15 secs] 
2016-08-30T17:37:21.482+0200: 14491.616: [GC pause (young), 0.1926580 secs]
   [Parallel Time: 183.3 ms, GC Workers: 2]
      [GC Worker Start (ms): Min: 14491618.2, Avg: 14491618.2, Max: 14491618.3, Diff: 0.2]
      [Ext Root Scanning (ms): Min: 53.0, Avg: 58.4, Max: 63.7, Diff: 10.8, Sum: 116.7]
      [Update RS (ms): Min: 57.7, Avg: 63.0, Max: 68.3, Diff: 10.6, Sum: 126.0]
         [Processed Buffers: Min: 464, Avg: 495.5, Max: 527, Diff: 63, Sum: 991]
      [Scan RS (ms): Min: 7.7, Avg: 7.9, Max: 8.1, Diff: 0.4, Sum: 15.8]
      [Code Root Scanning (ms): Min: 0.1, Avg: 0.1, Max: 0.1, Diff: 0.0, Sum: 0.2]
      [Object Copy (ms): Min: 53.2, Avg: 53.6, Max: 53.9, Diff: 0.7, Sum: 107.1]
      [Termination (ms): Min: 0.0, Avg: 0.0, Max: 0.0, Diff: 0.0, Sum: 0.0]
      [GC Worker Other (ms): Min: 0.1, Avg: 0.2, Max: 0.2, Diff: 0.0, Sum: 0.3]
      [GC Worker Total (ms): Min: 183.0, Avg: 183.1, Max: 183.2, Diff: 0.2, Sum: 366.2]
      [GC Worker End (ms): Min: 14491801.3, Avg: 14491801.3, Max: 14491801.4, Diff: 0.0]
   [Code Root Fixup: 0.4 ms]
   [Code Root Migration: 0.1 ms]
   [Clear CT: 0.4 ms]
   [Other: 8.5 ms]
      [Choose CSet: 0.0 ms]
      [Ref Proc: 4.3 ms]
      [Ref Enq: 0.4 ms]
      [Free CSet: 0.7 ms]
   [Eden: 322.0M(322.0M)->0.0B(192.0M) Survivors: 20.0M->44.0M Heap: 1647.0M(4096.0M)->1359.0M(4096.0M)]
 [Times: user=0.36 sys=0.00, real=0.19 secs] 
2016-08-30T17:37:27.611+0200: 14497.746: [GC pause (young), 0.1671580 secs]
   [Parallel Time: 159.5 ms, GC Workers: 2]
      [GC Worker Start (ms): Min: 14497747.5, Avg: 14497747.5, Max: 14497747.5, Diff: 0.0]
      [Ext Root Scanning (ms): Min: 51.6, Avg: 52.3, Max: 52.9, Diff: 1.3, Sum: 104.5]
      [Update RS (ms): Min: 38.9, Avg: 39.3, Max: 39.7, Diff: 0.8, Sum: 78.6]
         [Processed Buffers: Min: 408, Avg: 415.5, Max: 423, Diff: 15, Sum: 831]
      [Scan RS (ms): Min: 13.3, Avg: 13.3, Max: 13.3, Diff: 0.0, Sum: 26.6]
      [Code Root Scanning (ms): Min: 0.1, Avg: 0.1, Max: 0.1, Diff: 0.0, Sum: 0.1]
      [Object Copy (ms): Min: 54.1, Avg: 54.3, Max: 54.5, Diff: 0.5, Sum: 108.6]
      [Termination (ms): Min: 0.0, Avg: 0.0, Max: 0.0, Diff: 0.0, Sum: 0.0]
      [GC Worker Other (ms): Min: 0.1, Avg: 0.2, Max: 0.2, Diff: 0.0, Sum: 0.3]
      [GC Worker Total (ms): Min: 159.3, Avg: 159.4, Max: 159.4, Diff: 0.0, Sum: 318.7]
      [GC Worker End (ms): Min: 14497906.9, Avg: 14497906.9, Max: 14497906.9, Diff: 0.0]
   [Code Root Fixup: 0.6 ms]
   [Code Root Migration: 0.0 ms]
   [Clear CT: 0.5 ms]
   [Other: 6.6 ms]
      [Choose CSet: 0.0 ms]
      [Ref Proc: 2.4 ms]
      [Ref Enq: 0.2 ms]
      [Free CSet: 0.6 ms]
   [Eden: 192.0M(192.0M)->0.0B(360.0M) Survivors: 44.0M->18.0M Heap: 1551.0M(4096.0M)->1375.0M(4096.0M)]
 [Times: user=0.32 sys=0.00, real=0.17 secs] 
2016-08-30T17:37:39.975+0200: 14510.110: [GC pause (young), 0.1831170 secs]
   [Parallel Time: 172.8 ms, GC Workers: 2]
      [GC Worker Start (ms): Min: 14510111.3, Avg: 14510111.3, Max: 14510111.3, Diff: 0.0]
      [Ext Root Scanning (ms): Min: 49.5, Avg: 50.0, Max: 50.6, Diff: 1.1, Sum: 100.1]
      [Update RS (ms): Min: 57.8, Avg: 58.3, Max: 58.8, Diff: 0.9, Sum: 116.6]
         [Processed Buffers: Min: 453, Avg: 476.5, Max: 500, Diff: 47, Sum: 953]
      [Scan RS (ms): Min: 9.8, Avg: 9.9, Max: 10.0, Diff: 0.2, Sum: 19.8]
      [Code Root Scanning (ms): Min: 0.1, Avg: 0.1, Max: 0.1, Diff: 0.0, Sum: 0.2]
      [Object Copy (ms): Min: 54.1, Avg: 54.2, Max: 54.2, Diff: 0.0, Sum: 108.3]
      [Termination (ms): Min: 0.0, Avg: 0.0, Max: 0.0, Diff: 0.0, Sum: 0.0]
      [GC Worker Other (ms): Min: 0.1, Avg: 0.2, Max: 0.2, Diff: 0.0, Sum: 0.3]
      [GC Worker Total (ms): Min: 172.7, Avg: 172.7, Max: 172.7, Diff: 0.0, Sum: 345.4]
      [GC Worker End (ms): Min: 14510284.0, Avg: 14510284.0, Max: 14510284.0, Diff: 0.0]
   [Code Root Fixup: 0.4 ms]
   [Code Root Migration: 0.1 ms]
   [Clear CT: 0.6 ms]
   [Other: 9.2 ms]
      [Choose CSet: 0.0 ms]
      [Ref Proc: 4.8 ms]
      [Ref Enq: 0.4 ms]
      [Free CSet: 0.8 ms]
   [Eden: 360.0M(360.0M)->0.0B(214.0M) Survivors: 18.0M->46.0M Heap: 1735.0M(4096.0M)->1403.0M(4096.0M)]
 [Times: user=0.35 sys=0.01, real=0.19 secs] 
2016-08-30T17:37:45.977+0200: 14516.111: [GC pause (young), 0.1877770 secs]
   [Parallel Time: 179.7 ms, GC Workers: 2]
      [GC Worker Start (ms): Min: 14516112.9, Avg: 14516113.0, Max: 14516113.0, Diff: 0.0]
      [Ext Root Scanning (ms): Min: 54.7, Avg: 54.8, Max: 54.9, Diff: 0.2, Sum: 109.7]
      [Update RS (ms): Min: 45.3, Avg: 45.4, Max: 45.4, Diff: 0.1, Sum: 90.7]
         [Processed Buffers: Min: 402, Avg: 422.0, Max: 442, Diff: 40, Sum: 844]
      [Scan RS (ms): Min: 14.3, Avg: 14.4, Max: 14.4, Diff: 0.0, Sum: 28.7]
      [Code Root Scanning (ms): Min: 0.1, Avg: 0.1, Max: 0.1, Diff: 0.0, Sum: 0.2]
      [Object Copy (ms): Min: 64.7, Avg: 64.8, Max: 64.9, Diff: 0.1, Sum: 129.6]
      [Termination (ms): Min: 0.0, Avg: 0.0, Max: 0.0, Diff: 0.0, Sum: 0.0]
      [GC Worker Other (ms): Min: 0.2, Avg: 0.2, Max: 0.2, Diff: 0.0, Sum: 0.4]
      [GC Worker Total (ms): Min: 179.6, Avg: 179.6, Max: 179.6, Diff: 0.0, Sum: 359.2]
      [GC Worker End (ms): Min: 14516292.6, Avg: 14516292.6, Max: 14516292.6, Diff: 0.0]
   [Code Root Fixup: 0.7 ms]
   [Code Root Migration: 0.0 ms]
   [Clear CT: 0.5 ms]
   [Other: 6.8 ms]
      [Choose CSet: 0.0 ms]
      [Ref Proc: 2.5 ms]
      [Ref Enq: 0.2 ms]
      [Free CSet: 0.7 ms]
   [Eden: 214.0M(214.0M)->0.0B(288.0M) Survivors: 46.0M->28.0M Heap: 1617.0M(4096.0M)->1421.0M(4096.0M)]
 [Times: user=0.37 sys=0.00, real=0.19 secs] 
2016-08-30T17:37:55.420+0200: 14525.554: [GC pause (young), 0.1662960 secs]
   [Parallel Time: 159.6 ms, GC Workers: 2]
      [GC Worker Start (ms): Min: 14525556.3, Avg: 14525556.3, Max: 14525556.3, Diff: 0.0]
      [Ext Root Scanning (ms): Min: 50.1, Avg: 50.8, Max: 51.5, Diff: 1.4, Sum: 101.6]
      [Update RS (ms): Min: 59.4, Avg: 59.8, Max: 60.2, Diff: 0.8, Sum: 119.6]
         [Processed Buffers: Min: 421, Avg: 472.0, Max: 523, Diff: 102, Sum: 944]
      [Scan RS (ms): Min: 9.1, Avg: 9.4, Max: 9.6, Diff: 0.5, Sum: 18.8]
      [Code Root Scanning (ms): Min: 0.1, Avg: 0.1, Max: 0.1, Diff: 0.1, Sum: 0.2]
      [Object Copy (ms): Min: 38.7, Avg: 39.3, Max: 39.8, Diff: 1.2, Sum: 78.5]
      [Termination (ms): Min: 0.0, Avg: 0.0, Max: 0.0, Diff: 0.0, Sum: 0.0]
      [GC Worker Other (ms): Min: 0.1, Avg: 0.2, Max: 0.2, Diff: 0.0, Sum: 0.3]
      [GC Worker Total (ms): Min: 159.5, Avg: 159.5, Max: 159.5, Diff: 0.0, Sum: 319.0]
      [GC Worker End (ms): Min: 14525715.8, Avg: 14525715.8, Max: 14525715.8, Diff: 0.0]
   [Code Root Fixup: 0.3 ms]
   [Code Root Migration: 0.0 ms]
   [Clear CT: 0.4 ms]
   [Other: 5.9 ms]
      [Choose CSet: 0.0 ms]
      [Ref Proc: 2.3 ms]
      [Ref Enq: 0.1 ms]
      [Free CSet: 0.5 ms]
   [Eden: 288.0M(288.0M)->0.0B(350.0M) Survivors: 28.0M->26.0M Heap: 1709.0M(4096.0M)->1441.0M(4096.0M)]
 [Times: user=0.31 sys=0.00, real=0.17 secs] 
2016-08-30T17:38:07.325+0200: 14537.459: [GC pause (young), 0.2043970 secs]
   [Parallel Time: 193.4 ms, GC Workers: 2]
      [GC Worker Start (ms): Min: 14537460.8, Avg: 14537460.8, Max: 14537460.8, Diff: 0.0]
      [Ext Root Scanning (ms): Min: 50.5, Avg: 51.0, Max: 51.5, Diff: 1.0, Sum: 102.0]
      [Update RS (ms): Min: 54.0, Avg: 54.6, Max: 55.3, Diff: 1.3, Sum: 109.3]
         [Processed Buffers: Min: 428, Avg: 452.0, Max: 476, Diff: 48, Sum: 904]
      [Scan RS (ms): Min: 11.3, Avg: 11.8, Max: 12.2, Diff: 0.9, Sum: 23.5]
      [Code Root Scanning (ms): Min: 0.2, Avg: 0.6, Max: 1.1, Diff: 0.9, Sum: 1.2]
      [Object Copy (ms): Min: 74.4, Avg: 74.5, Max: 74.6, Diff: 0.2, Sum: 148.9]
      [Termination (ms): Min: 0.0, Avg: 0.0, Max: 0.0, Diff: 0.0, Sum: 0.0]
      [GC Worker Other (ms): Min: 0.1, Avg: 0.1, Max: 0.2, Diff: 0.1, Sum: 0.2]
      [GC Worker Total (ms): Min: 192.6, Avg: 192.6, Max: 192.6, Diff: 0.0, Sum: 385.2]
      [GC Worker End (ms): Min: 14537653.4, Avg: 14537653.4, Max: 14537653.4, Diff: 0.0]
   [Code Root Fixup: 0.4 ms]
   [Code Root Migration: 0.1 ms]
   [Clear CT: 0.6 ms]
   [Other: 9.9 ms]
      [Choose CSet: 0.0 ms]
      [Ref Proc: 5.4 ms]
      [Ref Enq: 0.4 ms]
      [Free CSet: 0.9 ms]
   [Eden: 350.0M(350.0M)->0.0B(234.0M) Survivors: 26.0M->34.0M Heap: 1791.0M(4096.0M)->1468.0M(4096.0M)]
 [Times: user=0.36 sys=0.00, real=0.20 secs] 
2016-08-30T17:38:14.573+0200: 14544.708: [GC pause (young), 0.1590870 secs]
   [Parallel Time: 153.0 ms, GC Workers: 2]
      [GC Worker Start (ms): Min: 14544709.3, Avg: 14544709.3, Max: 14544709.3, Diff: 0.1]
      [Ext Root Scanning (ms): Min: 49.8, Avg: 50.1, Max: 50.4, Diff: 0.6, Sum: 100.1]
      [Update RS (ms): Min: 49.6, Avg: 50.3, Max: 51.0, Diff: 1.4, Sum: 100.6]
         [Processed Buffers: Min: 435, Avg: 450.5, Max: 466, Diff: 31, Sum: 901]
      [Scan RS (ms): Min: 9.7, Avg: 10.0, Max: 10.3, Diff: 0.6, Sum: 20.1]
      [Code Root Scanning (ms): Min: 0.0, Avg: 0.1, Max: 0.2, Diff: 0.1, Sum: 0.2]
      [Object Copy (ms): Min: 41.7, Avg: 42.3, Max: 42.9, Diff: 1.2, Sum: 84.5]
      [Termination (ms): Min: 0.0, Avg: 0.0, Max: 0.0, Diff: 0.0, Sum: 0.0]
      [GC Worker Other (ms): Min: 0.2, Avg: 0.2, Max: 0.2, Diff: 0.0, Sum: 0.3]
      [GC Worker Total (ms): Min: 152.9, Avg: 152.9, Max: 153.0, Diff: 0.1, Sum: 305.9]
      [GC Worker End (ms): Min: 14544862.2, Avg: 14544862.2, Max: 14544862.2, Diff: 0.0]
   [Code Root Fixup: 0.3 ms]
   [Code Root Migration: 0.0 ms]
   [Clear CT: 0.4 ms]
   [Other: 5.3 ms]
      [Choose CSet: 0.0 ms]
      [Ref Proc: 1.8 ms]
      [Ref Enq: 0.1 ms]
      [Free CSet: 0.5 ms]
   [Eden: 234.0M(234.0M)->0.0B(340.0M) Survivors: 34.0M->26.0M Heap: 1702.0M(4096.0M)->1489.0M(4096.0M)]
 [Times: user=0.31 sys=0.00, real=0.16 secs] 
2016-08-30T17:38:26.959+0200: 14557.094: [GC pause (young), 0.2155510 secs]
   [Parallel Time: 203.7 ms, GC Workers: 2]
      [GC Worker Start (ms): Min: 14557095.5, Avg: 14557095.5, Max: 14557095.5, Diff: 0.0]
      [Ext Root Scanning (ms): Min: 59.1, Avg: 65.1, Max: 71.2, Diff: 12.1, Sum: 130.3]
      [Update RS (ms): Min: 57.9, Avg: 66.0, Max: 74.1, Diff: 16.2, Sum: 132.0]
         [Processed Buffers: Min: 240, Avg: 485.5, Max: 731, Diff: 491, Sum: 971]
      [Scan RS (ms): Min: 9.8, Avg: 10.1, Max: 10.4, Diff: 0.6, Sum: 20.3]
      [Code Root Scanning (ms): Min: 0.1, Avg: 0.1, Max: 0.1, Diff: 0.0, Sum: 0.2]
      [Object Copy (ms): Min: 58.8, Avg: 59.5, Max: 60.2, Diff: 1.4, Sum: 119.0]
      [Termination (ms): Min: 0.0, Avg: 2.2, Max: 4.3, Diff: 4.3, Sum: 4.3]
      [GC Worker Other (ms): Min: 0.1, Avg: 0.1, Max: 0.1, Diff: 0.1, Sum: 0.2]
      [GC Worker Total (ms): Min: 202.7, Avg: 203.2, Max: 203.6, Diff: 0.9, Sum: 406.3]
      [GC Worker End (ms): Min: 14557298.2, Avg: 14557298.7, Max: 14557299.1, Diff: 0.9]
   [Code Root Fixup: 0.4 ms]
   [Code Root Migration: 0.0 ms]
   [Clear CT: 0.8 ms]
   [Other: 10.6 ms]
      [Choose CSet: 0.0 ms]
      [Ref Proc: 6.4 ms]
      [Ref Enq: 0.3 ms]
      [Free CSet: 0.7 ms]
   [Eden: 340.0M(340.0M)->0.0B(208.0M) Survivors: 26.0M->30.0M Heap: 1829.0M(4096.0M)->1512.0M(4096.0M)]
 [Times: user=0.28 sys=0.00, real=0.21 secs] 
2016-08-30T17:38:33.282+0200: 14563.416: [GC pause (young), 0.1614050 secs]
   [Parallel Time: 154.7 ms, GC Workers: 2]
      [GC Worker Start (ms): Min: 14563417.7, Avg: 14563418.4, Max: 14563419.1, Diff: 1.4]
      [Ext Root Scanning (ms): Min: 50.7, Avg: 51.7, Max: 52.8, Diff: 2.1, Sum: 103.5]
      [Update RS (ms): Min: 42.4, Avg: 42.6, Max: 42.8, Diff: 0.5, Sum: 85.2]
         [Processed Buffers: Min: 401, Avg: 406.5, Max: 412, Diff: 11, Sum: 813]
      [Scan RS (ms): Min: 10.0, Avg: 10.1, Max: 10.3, Diff: 0.3, Sum: 20.2]
      [Code Root Scanning (ms): Min: 0.1, Avg: 0.1, Max: 0.1, Diff: 0.0, Sum: 0.2]
      [Object Copy (ms): Min: 49.2, Avg: 49.2, Max: 49.3, Diff: 0.1, Sum: 98.5]
      [Termination (ms): Min: 0.0, Avg: 0.0, Max: 0.0, Diff: 0.0, Sum: 0.0]
      [GC Worker Other (ms): Min: 0.2, Avg: 0.2, Max: 0.2, Diff: 0.0, Sum: 0.3]
      [GC Worker Total (ms): Min: 153.2, Avg: 153.9, Max: 154.6, Diff: 1.4, Sum: 307.8]
      [GC Worker End (ms): Min: 14563572.3, Avg: 14563572.3, Max: 14563572.3, Diff: 0.0]
   [Code Root Fixup: 0.4 ms]
   [Code Root Migration: 0.0 ms]
   [Clear CT: 0.4 ms]
   [Other: 5.8 ms]
      [Choose CSet: 0.0 ms]
      [Ref Proc: 2.2 ms]
      [Ref Enq: 0.1 ms]
      [Free CSet: 0.5 ms]
   [Eden: 208.0M(208.0M)->0.0B(332.0M) Survivors: 30.0M->22.0M Heap: 1720.0M(4096.0M)->1527.0M(4096.0M)]
 [Times: user=0.30 sys=0.01, real=0.16 secs] 
2016-08-30T17:38:44.874+0200: 14575.008: [GC pause (young), 0.1835520 secs]
   [Parallel Time: 173.5 ms, GC Workers: 2]
      [GC Worker Start (ms): Min: 14575010.3, Avg: 14575010.6, Max: 14575010.8, Diff: 0.5]
      [Ext Root Scanning (ms): Min: 51.1, Avg: 51.5, Max: 51.9, Diff: 0.9, Sum: 103.0]
      [Update RS (ms): Min: 57.0, Avg: 57.5, Max: 58.0, Diff: 1.0, Sum: 115.0]
         [Processed Buffers: Min: 476, Avg: 481.5, Max: 487, Diff: 11, Sum: 963]
      [Scan RS (ms): Min: 9.0, Avg: 9.4, Max: 9.9, Diff: 0.8, Sum: 18.9]
      [Code Root Scanning (ms): Min: 0.1, Avg: 0.2, Max: 0.2, Diff: 0.0, Sum: 0.3]
      [Object Copy (ms): Min: 54.3, Avg: 54.4, Max: 54.5, Diff: 0.2, Sum: 108.8]
      [Termination (ms): Min: 0.0, Avg: 0.0, Max: 0.0, Diff: 0.0, Sum: 0.0]
      [GC Worker Other (ms): Min: 0.2, Avg: 0.2, Max: 0.2, Diff: 0.0, Sum: 0.3]
      [GC Worker Total (ms): Min: 172.9, Avg: 173.2, Max: 173.5, Diff: 0.5, Sum: 346.4]
      [GC Worker End (ms): Min: 14575183.8, Avg: 14575183.8, Max: 14575183.8, Diff: 0.0]
   [Code Root Fixup: 0.4 ms]
   [Code Root Migration: 0.1 ms]
   [Clear CT: 0.6 ms]
   [Other: 9.0 ms]
      [Choose CSet: 0.0 ms]
      [Ref Proc: 4.2 ms]
      [Ref Enq: 0.3 ms]
      [Free CSet: 1.0 ms]
   [Eden: 332.0M(332.0M)->0.0B(248.0M) Survivors: 22.0M->46.0M Heap: 1859.0M(4096.0M)->1559.0M(4096.0M)]
 [Times: user=0.35 sys=0.01, real=0.19 secs] 
2016-08-30T17:38:53.714+0200: 14583.848: [GC pause (young), 0.1849320 secs]
   [Parallel Time: 176.4 ms, GC Workers: 2]
      [GC Worker Start (ms): Min: 14583850.0, Avg: 14583850.0, Max: 14583850.0, Diff: 0.0]
      [Ext Root Scanning (ms): Min: 50.0, Avg: 50.3, Max: 50.5, Diff: 0.5, Sum: 100.5]
      [Update RS (ms): Min: 45.2, Avg: 46.0, Max: 46.8, Diff: 1.6, Sum: 92.0]
         [Processed Buffers: Min: 396, Avg: 454.5, Max: 513, Diff: 117, Sum: 909]
      [Scan RS (ms): Min: 14.4, Avg: 15.0, Max: 15.6, Diff: 1.2, Sum: 30.0]
      [Code Root Scanning (ms): Min: 0.0, Avg: 0.1, Max: 0.2, Diff: 0.1, Sum: 0.2]
      [Object Copy (ms): Min: 64.4, Avg: 64.8, Max: 65.2, Diff: 0.8, Sum: 129.6]
      [Termination (ms): Min: 0.0, Avg: 0.0, Max: 0.0, Diff: 0.0, Sum: 0.0]
      [GC Worker Other (ms): Min: 0.2, Avg: 0.2, Max: 0.2, Diff: 0.0, Sum: 0.4]
      [GC Worker Total (ms): Min: 176.3, Avg: 176.3, Max: 176.3, Diff: 0.0, Sum: 352.7]
      [GC Worker End (ms): Min: 14584026.3, Avg: 14584026.3, Max: 14584026.3, Diff: 0.0]
   [Code Root Fixup: 0.4 ms]
   [Code Root Migration: 0.1 ms]
   [Clear CT: 0.6 ms]
   [Other: 7.4 ms]
      [Choose CSet: 0.0 ms]
      [Ref Proc: 3.3 ms]
      [Ref Enq: 0.2 ms]
      [Free CSet: 0.7 ms]
   [Eden: 248.0M(248.0M)->0.0B(386.0M) Survivors: 46.0M->24.0M Heap: 1807.0M(4096.0M)->1579.0M(4096.0M)]
 [Times: user=0.36 sys=0.00, real=0.18 secs] 
2016-08-30T17:39:06.782+0200: 14596.917: [GC pause (young), 0.1792030 secs]
   [Parallel Time: 171.0 ms, GC Workers: 2]
      [GC Worker Start (ms): Min: 14596918.6, Avg: 14596918.7, Max: 14596918.7, Diff: 0.0]
      [Ext Root Scanning (ms): Min: 49.9, Avg: 50.3, Max: 50.7, Diff: 0.8, Sum: 100.5]
      [Update RS (ms): Min: 56.1, Avg: 56.4, Max: 56.7, Diff: 0.6, Sum: 112.8]
         [Processed Buffers: Min: 435, Avg: 466.0, Max: 497, Diff: 62, Sum: 932]
      [Scan RS (ms): Min: 10.1, Avg: 10.4, Max: 10.6, Diff: 0.4, Sum: 20.7]
      [Code Root Scanning (ms): Min: 0.1, Avg: 0.1, Max: 0.1, Diff: 0.0, Sum: 0.3]
      [Object Copy (ms): Min: 53.3, Avg: 53.6, Max: 53.9, Diff: 0.5, Sum: 107.2]
      [Termination (ms): Min: 0.0, Avg: 0.0, Max: 0.0, Diff: 0.0, Sum: 0.0]
      [GC Worker Other (ms): Min: 0.2, Avg: 0.2, Max: 0.3, Diff: 0.1, Sum: 0.4]
      [GC Worker Total (ms): Min: 170.9, Avg: 170.9, Max: 171.0, Diff: 0.0, Sum: 341.9]
      [GC Worker End (ms): Min: 14597089.6, Avg: 14597089.6, Max: 14597089.6, Diff: 0.0]
   [Code Root Fixup: 0.2 ms]
   [Code Root Migration: 0.1 ms]
   [Clear CT: 0.5 ms]
   [Other: 7.4 ms]
      [Choose CSet: 0.0 ms]
      [Ref Proc: 3.4 ms]
      [Ref Enq: 0.2 ms]
      [Free CSet: 0.8 ms]
   [Eden: 386.0M(386.0M)->0.0B(258.0M) Survivors: 24.0M->52.0M Heap: 1965.0M(4096.0M)->1613.0M(4096.0M)]
 [Times: user=0.35 sys=0.00, real=0.18 secs] 
2016-08-30T17:39:13.806+0200: 14603.940: [GC pause (young), 0.1877130 secs]
   [Parallel Time: 181.1 ms, GC Workers: 2]
      [GC Worker Start (ms): Min: 14603941.8, Avg: 14603943.5, Max: 14603945.2, Diff: 3.5]
      [Ext Root Scanning (ms): Min: 53.9, Avg: 54.7, Max: 55.5, Diff: 1.5, Sum: 109.4]
      [Update RS (ms): Min: 48.6, Avg: 48.9, Max: 49.2, Diff: 0.6, Sum: 97.8]
         [Processed Buffers: Min: 465, Avg: 506.0, Max: 547, Diff: 82, Sum: 1012]
      [Scan RS (ms): Min: 15.1, Avg: 15.3, Max: 15.5, Diff: 0.5, Sum: 30.6]
      [Code Root Scanning (ms): Min: 0.1, Avg: 0.1, Max: 0.1, Diff: 0.0, Sum: 0.2]
      [Object Copy (ms): Min: 59.3, Avg: 60.1, Max: 61.0, Diff: 1.8, Sum: 120.3]
      [Termination (ms): Min: 0.0, Avg: 0.0, Max: 0.0, Diff: 0.0, Sum: 0.0]
      [GC Worker Other (ms): Min: 0.2, Avg: 0.2, Max: 0.2, Diff: 0.0, Sum: 0.3]
      [GC Worker Total (ms): Min: 177.6, Avg: 179.3, Max: 181.0, Diff: 3.5, Sum: 358.6]
      [GC Worker End (ms): Min: 14604122.8, Avg: 14604122.8, Max: 14604122.8, Diff: 0.0]
   [Code Root Fixup: 0.3 ms]
   [Code Root Migration: 0.0 ms]
   [Clear CT: 0.5 ms]
   [Other: 5.8 ms]
      [Choose CSet: 0.0 ms]
      [Ref Proc: 2.2 ms]
      [Ref Enq: 0.1 ms]
      [Free CSet: 0.5 ms]
   [Eden: 258.0M(258.0M)->0.0B(358.0M) Survivors: 52.0M->32.0M Heap: 1871.0M(4096.0M)->1640.0M(4096.0M)]
 [Times: user=0.35 sys=0.00, real=0.19 secs] 
2016-08-30T17:39:25.892+0200: 14616.027: [GC pause (young), 0.1869810 secs]
   [Parallel Time: 178.7 ms, GC Workers: 2]
      [GC Worker Start (ms): Min: 14616028.4, Avg: 14616028.7, Max: 14616029.0, Diff: 0.6]
      [Ext Root Scanning (ms): Min: 50.6, Avg: 50.7, Max: 50.8, Diff: 0.1, Sum: 101.4]
      [Update RS (ms): Min: 61.9, Avg: 62.3, Max: 62.6, Diff: 0.7, Sum: 124.5]
         [Processed Buffers: Min: 486, Avg: 491.5, Max: 497, Diff: 11, Sum: 983]
      [Scan RS (ms): Min: 11.1, Avg: 11.3, Max: 11.5, Diff: 0.4, Sum: 22.6]
      [Code Root Scanning (ms): Min: 0.1, Avg: 0.1, Max: 0.2, Diff: 0.1, Sum: 0.2]
      [Object Copy (ms): Min: 53.3, Avg: 53.8, Max: 54.3, Diff: 1.0, Sum: 107.6]
      [Termination (ms): Min: 0.0, Avg: 0.0, Max: 0.0, Diff: 0.0, Sum: 0.0]
      [GC Worker Other (ms): Min: 0.2, Avg: 0.2, Max: 0.2, Diff: 0.0, Sum: 0.3]
      [GC Worker Total (ms): Min: 178.0, Avg: 178.3, Max: 178.6, Diff: 0.6, Sum: 356.7]
      [GC Worker End (ms): Min: 14616207.0, Avg: 14616207.0, Max: 14616207.0, Diff: 0.0]
   [Code Root Fixup: 0.3 ms]
   [Code Root Migration: 0.1 ms]
   [Clear CT: 0.5 ms]
   [Other: 7.4 ms]
      [Choose CSet: 0.0 ms]
      [Ref Proc: 3.3 ms]
      [Ref Enq: 0.2 ms]
      [Free CSet: 0.8 ms]
   [Eden: 358.0M(358.0M)->0.0B(398.0M) Survivors: 32.0M->28.0M Heap: 1998.0M(4096.0M)->1659.0M(4096.0M)]
 [Times: user=0.36 sys=0.00, real=0.19 secs] 
2016-08-30T17:39:39.394+0200: 14629.529: [GC pause (young), 0.1978460 secs]
   [Parallel Time: 188.2 ms, GC Workers: 2]
      [GC Worker Start (ms): Min: 14629530.4, Avg: 14629530.4, Max: 14629530.4, Diff: 0.0]
      [Ext Root Scanning (ms): Min: 50.2, Avg: 50.4, Max: 50.6, Diff: 0.5, Sum: 100.8]
      [Update RS (ms): Min: 66.5, Avg: 66.8, Max: 67.1, Diff: 0.7, Sum: 133.6]
         [Processed Buffers: Min: 427, Avg: 465.5, Max: 504, Diff: 77, Sum: 931]
      [Scan RS (ms): Min: 14.2, Avg: 14.3, Max: 14.5, Diff: 0.3, Sum: 28.7]
      [Code Root Scanning (ms): Min: 0.1, Avg: 0.1, Max: 0.2, Diff: 0.1, Sum: 0.3]
      [Object Copy (ms): Min: 56.2, Avg: 56.3, Max: 56.3, Diff: 0.1, Sum: 112.5]
      [Termination (ms): Min: 0.0, Avg: 0.0, Max: 0.0, Diff: 0.0, Sum: 0.0]
      [GC Worker Other (ms): Min: 0.2, Avg: 0.2, Max: 0.2, Diff: 0.0, Sum: 0.3]
      [GC Worker Total (ms): Min: 188.1, Avg: 188.1, Max: 188.1, Diff: 0.0, Sum: 376.2]
      [GC Worker End (ms): Min: 14629718.5, Avg: 14629718.5, Max: 14629718.5, Diff: 0.0]
   [Code Root Fixup: 0.2 ms]
   [Code Root Migration: 0.1 ms]
   [Clear CT: 0.5 ms]
   [Other: 8.9 ms]
      [Choose CSet: 0.0 ms]
      [Ref Proc: 4.7 ms]
      [Ref Enq: 0.2 ms]
      [Free CSet: 0.8 ms]
   [Eden: 390.0M(230.0M)->0.0B(294.0M) Survivors: 28.0M->34.0M Heap: 2049.0M(4096.0M)->1689.0M(4096.0M)]
 [Times: user=0.37 sys=0.00, real=0.20 secs] 
2016-08-30T17:39:48.576+0200: 14638.710: [GC pause (young), 0.1462160 secs]
   [Parallel Time: 141.3 ms, GC Workers: 2]
      [GC Worker Start (ms): Min: 14638711.3, Avg: 14638711.3, Max: 14638711.3, Diff: 0.0]
      [Ext Root Scanning (ms): Min: 27.5, Avg: 31.9, Max: 36.3, Diff: 8.8, Sum: 63.9]
      [Update RS (ms): Min: 47.4, Avg: 56.8, Max: 66.2, Diff: 18.8, Sum: 113.6]
         [Processed Buffers: Min: 381, Avg: 520.0, Max: 659, Diff: 278, Sum: 1040]
      [Scan RS (ms): Min: 4.5, Avg: 5.2, Max: 5.9, Diff: 1.4, Sum: 10.4]
      [Code Root Scanning (ms): Min: 0.0, Avg: 0.0, Max: 0.1, Diff: 0.1, Sum: 0.1]
      [Object Copy (ms): Min: 41.5, Avg: 47.2, Max: 52.9, Diff: 11.5, Sum: 94.4]
      [Termination (ms): Min: 0.0, Avg: 0.0, Max: 0.0, Diff: 0.0, Sum: 0.0]
      [GC Worker Other (ms): Min: 0.1, Avg: 0.1, Max: 0.1, Diff: 0.0, Sum: 0.2]
      [GC Worker Total (ms): Min: 141.3, Avg: 141.3, Max: 141.3, Diff: 0.0, Sum: 282.6]
      [GC Worker End (ms): Min: 14638852.6, Avg: 14638852.6, Max: 14638852.6, Diff: 0.0]
   [Code Root Fixup: 0.2 ms]
   [Code Root Migration: 0.0 ms]
   [Clear CT: 0.3 ms]
   [Other: 4.3 ms]
      [Choose CSet: 0.0 ms]
      [Ref Proc: 1.9 ms]
      [Ref Enq: 0.1 ms]
      [Free CSet: 0.4 ms]
   [Eden: 294.0M(294.0M)->0.0B(358.0M) Survivors: 34.0M->36.0M Heap: 1983.0M(4096.0M)->1720.0M(4096.0M)]
 [Times: user=0.19 sys=0.00, real=0.15 secs] 
2016-08-30T17:40:00.873+0200: 14651.008: [GC pause (young), 0.1938430 secs]
   [Parallel Time: 184.7 ms, GC Workers: 2]
      [GC Worker Start (ms): Min: 14651009.4, Avg: 14651011.3, Max: 14651013.2, Diff: 3.8]
      [Ext Root Scanning (ms): Min: 49.4, Avg: 50.9, Max: 52.3, Diff: 2.9, Sum: 101.8]
      [Update RS (ms): Min: 56.8, Avg: 57.0, Max: 57.1, Diff: 0.2, Sum: 113.9]
         [Processed Buffers: Min: 451, Avg: 481.0, Max: 511, Diff: 60, Sum: 962]
      [Scan RS (ms): Min: 12.0, Avg: 12.2, Max: 12.5, Diff: 0.5, Sum: 24.5]
      [Code Root Scanning (ms): Min: 0.1, Avg: 0.1, Max: 0.2, Diff: 0.1, Sum: 0.3]
      [Object Copy (ms): Min: 61.7, Avg: 62.3, Max: 62.9, Diff: 1.2, Sum: 124.6]
      [Termination (ms): Min: 0.0, Avg: 0.0, Max: 0.0, Diff: 0.0, Sum: 0.0]
      [GC Worker Other (ms): Min: 0.1, Avg: 0.1, Max: 0.1, Diff: 0.0, Sum: 0.3]
      [GC Worker Total (ms): Min: 180.7, Avg: 182.7, Max: 184.6, Diff: 3.9, Sum: 365.3]
      [GC Worker End (ms): Min: 14651194.0, Avg: 14651194.0, Max: 14651194.0, Diff: 0.0]
   [Code Root Fixup: 0.4 ms]
   [Code Root Migration: 0.1 ms]
   [Clear CT: 0.6 ms]
   [Other: 8.2 ms]
      [Choose CSet: 0.0 ms]
      [Ref Proc: 4.1 ms]
      [Ref Enq: 0.2 ms]
      [Free CSet: 0.8 ms]
   [Eden: 358.0M(358.0M)->0.0B(330.0M) Survivors: 36.0M->34.0M Heap: 2078.0M(4096.0M)->1746.0M(4096.0M)]
 [Times: user=0.37 sys=0.00, real=0.19 secs] 
2016-08-30T17:40:11.253+0200: 14661.388: [GC pause (young), 0.1919900 secs]
   [Parallel Time: 184.2 ms, GC Workers: 2]
      [GC Worker Start (ms): Min: 14661389.4, Avg: 14661390.8, Max: 14661392.2, Diff: 2.8]
      [Ext Root Scanning (ms): Min: 53.3, Avg: 54.1, Max: 54.9, Diff: 1.6, Sum: 108.2]
      [Update RS (ms): Min: 55.9, Avg: 56.2, Max: 56.5, Diff: 0.6, Sum: 112.3]
         [Processed Buffers: Min: 443, Avg: 456.5, Max: 470, Diff: 27, Sum: 913]
      [Scan RS (ms): Min: 11.1, Avg: 11.2, Max: 11.3, Diff: 0.3, Sum: 22.4]
      [Code Root Scanning (ms): Min: 0.1, Avg: 0.1, Max: 0.1, Diff: 0.0, Sum: 0.2]
      [Object Copy (ms): Min: 60.5, Avg: 60.9, Max: 61.4, Diff: 0.9, Sum: 121.8]
      [Termination (ms): Min: 0.0, Avg: 0.0, Max: 0.0, Diff: 0.0, Sum: 0.0]
      [GC Worker Other (ms): Min: 0.1, Avg: 0.2, Max: 0.2, Diff: 0.0, Sum: 0.3]
      [GC Worker Total (ms): Min: 181.3, Avg: 182.7, Max: 184.1, Diff: 2.8, Sum: 365.4]
      [GC Worker End (ms): Min: 14661573.5, Avg: 14661573.5, Max: 14661573.5, Diff: 0.0]
   [Code Root Fixup: 0.3 ms]
   [Code Root Migration: 0.1 ms]
   [Clear CT: 0.5 ms]
   [Other: 7.0 ms]
      [Choose CSet: 0.0 ms]
      [Ref Proc: 3.0 ms]
      [Ref Enq: 0.2 ms]
      [Free CSet: 0.7 ms]
   [Eden: 330.0M(330.0M)->0.0B(308.0M) Survivors: 34.0M->34.0M Heap: 2076.0M(4096.0M)->1771.0M(4096.0M)]
 [Times: user=0.36 sys=0.01, real=0.19 secs] 
2016-08-30T17:40:22.179+0200: 14672.314: [GC pause (young), 0.1691720 secs]
   [Parallel Time: 159.3 ms, GC Workers: 2]
      [GC Worker Start (ms): Min: 14672315.7, Avg: 14672316.0, Max: 14672316.3, Diff: 0.6]
      [Ext Root Scanning (ms): Min: 50.4, Avg: 50.8, Max: 51.2, Diff: 0.8, Sum: 101.5]
      [Update RS (ms): Min: 53.8, Avg: 53.9, Max: 54.0, Diff: 0.3, Sum: 107.8]
         [Processed Buffers: Min: 413, Avg: 456.0, Max: 499, Diff: 86, Sum: 912]
      [Scan RS (ms): Min: 11.5, Avg: 11.7, Max: 11.9, Diff: 0.4, Sum: 23.4]
      [Code Root Scanning (ms): Min: 0.1, Avg: 0.1, Max: 0.1, Diff: 0.0, Sum: 0.2]
      [Object Copy (ms): Min: 41.7, Avg: 42.3, Max: 42.9, Diff: 1.2, Sum: 84.5]
      [Termination (ms): Min: 0.0, Avg: 0.0, Max: 0.0, Diff: 0.0, Sum: 0.0]
      [GC Worker Other (ms): Min: 0.2, Avg: 0.2, Max: 0.2, Diff: 0.0, Sum: 0.3]
      [GC Worker Total (ms): Min: 158.6, Avg: 158.9, Max: 159.3, Diff: 0.6, Sum: 317.9]
      [GC Worker End (ms): Min: 14672474.9, Avg: 14672474.9, Max: 14672474.9, Diff: 0.0]
   [Code Root Fixup: 0.3 ms]
   [Code Root Migration: 0.0 ms]
   [Clear CT: 0.4 ms]
   [Other: 9.1 ms]
      [Choose CSet: 0.0 ms]
      [Ref Proc: 5.4 ms]
      [Ref Enq: 0.2 ms]
      [Free CSet: 0.6 ms]
   [Eden: 308.0M(308.0M)->0.0B(440.0M) Survivors: 34.0M->28.0M Heap: 2079.0M(4096.0M)->1790.0M(4096.0M)]
 [Times: user=0.32 sys=0.00, real=0.17 secs] 
2016-08-30T17:40:34.102+0200: 14684.236: [GC pause (young), 0.2125410 secs]
   [Parallel Time: 201.4 ms, GC Workers: 2]
      [GC Worker Start (ms): Min: 14684238.9, Avg: 14684238.9, Max: 14684238.9, Diff: 0.0]
      [Ext Root Scanning (ms): Min: 51.5, Avg: 56.8, Max: 62.1, Diff: 10.5, Sum: 113.6]
      [Update RS (ms): Min: 56.3, Avg: 61.5, Max: 66.8, Diff: 10.5, Sum: 123.0]
         [Processed Buffers: Min: 428, Avg: 480.5, Max: 533, Diff: 105, Sum: 961]
      [Scan RS (ms): Min: 13.0, Avg: 13.6, Max: 14.3, Diff: 1.3, Sum: 27.3]
      [Code Root Scanning (ms): Min: 0.1, Avg: 0.2, Max: 0.2, Diff: 0.0, Sum: 0.3]
      [Object Copy (ms): Min: 68.3, Avg: 68.9, Max: 69.5, Diff: 1.2, Sum: 137.8]
      [Termination (ms): Min: 0.0, Avg: 0.0, Max: 0.0, Diff: 0.0, Sum: 0.0]
      [GC Worker Other (ms): Min: 0.2, Avg: 0.2, Max: 0.2, Diff: 0.0, Sum: 0.4]
      [GC Worker Total (ms): Min: 201.2, Avg: 201.2, Max: 201.2, Diff: 0.0, Sum: 402.5]
      [GC Worker End (ms): Min: 14684440.2, Avg: 14684440.2, Max: 14684440.2, Diff: 0.0]
   [Code Root Fixup: 0.5 ms]
   [Code Root Migration: 0.1 ms]
   [Clear CT: 0.6 ms]
   [Other: 10.0 ms]
      [Choose CSet: 0.0 ms]
      [Ref Proc: 4.9 ms]
      [Ref Enq: 0.2 ms]
      [Free CSet: 0.8 ms]
   [Eden: 344.0M(276.0M)->0.0B(250.0M) Survivors: 28.0M->34.0M Heap: 2134.0M(4096.0M)->1817.0M(4096.0M)]
 [Times: user=0.41 sys=0.00, real=0.21 secs] 
2016-08-30T17:40:41.825+0200: 14691.960: [GC pause (young), 0.1549330 secs]
   [Parallel Time: 147.7 ms, GC Workers: 2]
      [GC Worker Start (ms): Min: 14691961.5, Avg: 14691961.5, Max: 14691961.5, Diff: 0.0]
      [Ext Root Scanning (ms): Min: 53.0, Avg: 53.4, Max: 53.8, Diff: 0.8, Sum: 106.8]
      [Update RS (ms): Min: 46.2, Avg: 46.4, Max: 46.6, Diff: 0.3, Sum: 92.8]
         [Processed Buffers: Min: 419, Avg: 461.5, Max: 504, Diff: 85, Sum: 923]
      [Scan RS (ms): Min: 8.5, Avg: 8.6, Max: 8.7, Diff: 0.2, Sum: 17.3]
      [Code Root Scanning (ms): Min: 0.1, Avg: 0.1, Max: 0.1, Diff: 0.0, Sum: 0.2]
      [Object Copy (ms): Min: 38.6, Avg: 39.1, Max: 39.5, Diff: 0.9, Sum: 78.1]
      [Termination (ms): Min: 0.0, Avg: 0.0, Max: 0.0, Diff: 0.0, Sum: 0.0]
      [GC Worker Other (ms): Min: 0.1, Avg: 0.1, Max: 0.1, Diff: 0.0, Sum: 0.3]
      [GC Worker Total (ms): Min: 147.7, Avg: 147.7, Max: 147.7, Diff: 0.0, Sum: 295.4]
      [GC Worker End (ms): Min: 14692109.2, Avg: 14692109.2, Max: 14692109.2, Diff: 0.0]
   [Code Root Fixup: 0.4 ms]
   [Code Root Migration: 0.0 ms]
   [Clear CT: 0.4 ms]
   [Other: 6.4 ms]
      [Choose CSet: 0.0 ms]
      [Ref Proc: 2.8 ms]
      [Ref Enq: 0.3 ms]
      [Free CSet: 0.5 ms]
   [Eden: 250.0M(250.0M)->0.0B(386.0M) Survivors: 34.0M->30.0M Heap: 2067.0M(4096.0M)->1838.0M(4096.0M)]
 [Times: user=0.29 sys=0.00, real=0.16 secs] 
2016-08-30T17:40:55.513+0200: 14705.648: [GC pause (young), 0.1769180 secs]
   [Parallel Time: 167.7 ms, GC Workers: 2]
      [GC Worker Start (ms): Min: 14705649.3, Avg: 14705649.5, Max: 14705649.7, Diff: 0.4]
      [Ext Root Scanning (ms): Min: 46.9, Avg: 47.0, Max: 47.1, Diff: 0.2, Sum: 94.0]
      [Update RS (ms): Min: 53.7, Avg: 53.9, Max: 54.1, Diff: 0.4, Sum: 107.7]
         [Processed Buffers: Min: 422, Avg: 475.5, Max: 529, Diff: 107, Sum: 951]
      [Scan RS (ms): Min: 10.5, Avg: 10.6, Max: 10.7, Diff: 0.2, Sum: 21.1]
      [Code Root Scanning (ms): Min: 0.1, Avg: 0.1, Max: 0.2, Diff: 0.0, Sum: 0.3]
      [Object Copy (ms): Min: 55.7, Avg: 55.7, Max: 55.7, Diff: 0.1, Sum: 111.4]
      [Termination (ms): Min: 0.0, Avg: 0.0, Max: 0.0, Diff: 0.0, Sum: 0.0]
      [GC Worker Other (ms): Min: 0.1, Avg: 0.1, Max: 0.1, Diff: 0.0, Sum: 0.3]
      [GC Worker Total (ms): Min: 167.2, Avg: 167.4, Max: 167.6, Diff: 0.4, Sum: 334.8]
      [GC Worker End (ms): Min: 14705816.9, Avg: 14705816.9, Max: 14705816.9, Diff: 0.0]
   [Code Root Fixup: 0.5 ms]
   [Code Root Migration: 0.0 ms]
   [Clear CT: 0.5 ms]
   [Other: 8.2 ms]
      [Choose CSet: 0.0 ms]
      [Ref Proc: 4.2 ms]
      [Ref Enq: 0.2 ms]
      [Free CSet: 0.7 ms]
   [Eden: 382.0M(252.0M)->0.0B(408.0M) Survivors: 30.0M->36.0M Heap: 2220.0M(4096.0M)->1865.0M(4096.0M)]
 [Times: user=0.34 sys=0.00, real=0.18 secs] 
2016-08-30T17:41:07.286+0200: 14717.420: [GC pause (young), 0.1833630 secs]
   [Parallel Time: 175.5 ms, GC Workers: 2]
      [GC Worker Start (ms): Min: 14717422.2, Avg: 14717424.1, Max: 14717426.0, Diff: 3.8]
      [Ext Root Scanning (ms): Min: 52.0, Avg: 53.0, Max: 54.0, Diff: 2.0, Sum: 106.0]
      [Update RS (ms): Min: 56.2, Avg: 56.6, Max: 57.0, Diff: 0.8, Sum: 113.3]
         [Processed Buffers: Min: 425, Avg: 457.0, Max: 489, Diff: 64, Sum: 914]
      [Scan RS (ms): Min: 12.2, Avg: 12.8, Max: 13.4, Diff: 1.2, Sum: 25.7]
      [Code Root Scanning (ms): Min: 0.1, Avg: 0.1, Max: 0.2, Diff: 0.1, Sum: 0.3]
      [Object Copy (ms): Min: 50.1, Avg: 50.7, Max: 51.3, Diff: 1.2, Sum: 101.5]
      [Termination (ms): Min: 0.0, Avg: 0.0, Max: 0.0, Diff: 0.0, Sum: 0.0]
      [GC Worker Other (ms): Min: 0.2, Avg: 0.2, Max: 0.2, Diff: 0.0, Sum: 0.4]
      [GC Worker Total (ms): Min: 171.6, Avg: 173.5, Max: 175.4, Diff: 3.8, Sum: 347.0]
      [GC Worker End (ms): Min: 14717597.7, Avg: 14717597.7, Max: 14717597.7, Diff: 0.0]
   [Code Root Fixup: 0.3 ms]
   [Code Root Migration: 0.0 ms]
   [Clear CT: 0.5 ms]
   [Other: 7.0 ms]
      [Choose CSet: 0.0 ms]
      [Ref Proc: 3.1 ms]
      [Ref Enq: 0.2 ms]
      [Free CSet: 0.8 ms]
   [Eden: 366.0M(244.0M)->0.0B(418.0M) Survivors: 36.0M->36.0M Heap: 2231.0M(4096.0M)->1893.0M(4096.0M)]
 [Times: user=0.34 sys=0.01, real=0.19 secs] 
2016-08-30T17:41:21.294+0200: 14731.428: [GC pause (young) (initial-mark), 0.2522910 secs]
   [Parallel Time: 237.9 ms, GC Workers: 2]
      [GC Worker Start (ms): Min: 14731430.7, Avg: 14731430.7, Max: 14731430.7, Diff: 0.0]
      [Ext Root Scanning (ms): Min: 50.3, Avg: 52.9, Max: 55.5, Diff: 5.2, Sum: 105.8]
      [Code Root Marking (ms): Min: 11.0, Avg: 13.1, Max: 15.2, Diff: 4.2, Sum: 26.2]
      [Update RS (ms): Min: 69.6, Avg: 69.9, Max: 70.3, Diff: 0.7, Sum: 139.9]
         [Processed Buffers: Min: 513, Avg: 525.0, Max: 537, Diff: 24, Sum: 1050]
      [Scan RS (ms): Min: 11.3, Avg: 11.6, Max: 11.9, Diff: 0.6, Sum: 23.3]
      [Code Root Scanning (ms): Min: 0.1, Avg: 0.2, Max: 0.2, Diff: 0.1, Sum: 0.3]
      [Object Copy (ms): Min: 89.4, Avg: 89.9, Max: 90.5, Diff: 1.1, Sum: 179.9]
      [Termination (ms): Min: 0.0, Avg: 0.0, Max: 0.0, Diff: 0.0, Sum: 0.0]
      [GC Worker Other (ms): Min: 0.2, Avg: 0.2, Max: 0.2, Diff: 0.0, Sum: 0.3]
      [GC Worker Total (ms): Min: 237.8, Avg: 237.8, Max: 237.8, Diff: 0.0, Sum: 475.6]
      [GC Worker End (ms): Min: 14731668.5, Avg: 14731668.5, Max: 14731668.5, Diff: 0.0]
   [Code Root Fixup: 0.5 ms]
   [Code Root Migration: 0.1 ms]
   [Clear CT: 0.7 ms]
   [Other: 13.2 ms]
      [Choose CSet: 0.0 ms]
      [Ref Proc: 6.9 ms]
      [Ref Enq: 0.5 ms]
      [Free CSet: 1.0 ms]
   [Eden: 418.0M(418.0M)->0.0B(184.0M) Survivors: 36.0M->42.0M Heap: 2311.0M(4096.0M)->1926.0M(4096.0M)]
 [Times: user=0.47 sys=0.00, real=0.25 secs] 
2016-08-30T17:41:21.547+0200: 14731.681: [GC concurrent-root-region-scan-start]
2016-08-30T17:41:21.622+0200: 14731.757: [GC concurrent-root-region-scan-end, 0.0755520 secs]
2016-08-30T17:41:21.622+0200: 14731.757: [GC concurrent-mark-start]
2016-08-30T17:41:23.779+0200: 14733.913: [GC concurrent-mark-end, 2.1561120 secs]
2016-08-30T17:41:23.782+0200: 14733.916: [GC remark 2016-08-30T17:41:23.786+0200: 14733.920: [GC ref-proc, 0.1247130 secs], 0.1542880 secs]
 [Times: user=0.18 sys=0.00, real=0.15 secs] 
2016-08-30T17:41:23.945+0200: 14734.080: [GC cleanup 2026M->1990M(4096M), 0.0394940 secs]
 [Times: user=0.08 sys=0.00, real=0.04 secs] 
2016-08-30T17:41:23.986+0200: 14734.120: [GC concurrent-cleanup-start]
2016-08-30T17:41:23.986+0200: 14734.120: [GC concurrent-cleanup-end, 0.0001710 secs]
2016-08-30T17:41:26.092+0200: 14736.226: [GC pause (young), 0.1667480 secs]
   [Parallel Time: 158.9 ms, GC Workers: 2]
      [GC Worker Start (ms): Min: 14736227.7, Avg: 14736227.7, Max: 14736227.8, Diff: 0.0]
      [Ext Root Scanning (ms): Min: 50.3, Avg: 50.6, Max: 50.8, Diff: 0.5, Sum: 101.1]
      [Update RS (ms): Min: 40.9, Avg: 41.4, Max: 41.8, Diff: 0.9, Sum: 82.7]
         [Processed Buffers: Min: 389, Avg: 404.5, Max: 420, Diff: 31, Sum: 809]
      [Scan RS (ms): Min: 12.4, Avg: 12.8, Max: 13.1, Diff: 0.7, Sum: 25.6]
      [Code Root Scanning (ms): Min: 0.0, Avg: 0.1, Max: 0.1, Diff: 0.1, Sum: 0.1]
      [Object Copy (ms): Min: 53.6, Avg: 53.8, Max: 54.0, Diff: 0.4, Sum: 107.6]
      [Termination (ms): Min: 0.0, Avg: 0.0, Max: 0.0, Diff: 0.0, Sum: 0.0]
      [GC Worker Other (ms): Min: 0.2, Avg: 0.2, Max: 0.2, Diff: 0.0, Sum: 0.4]
      [GC Worker Total (ms): Min: 158.8, Avg: 158.8, Max: 158.8, Diff: 0.0, Sum: 317.6]
      [GC Worker End (ms): Min: 14736386.5, Avg: 14736386.5, Max: 14736386.5, Diff: 0.0]
   [Code Root Fixup: 0.5 ms]
   [Code Root Migration: 0.0 ms]
   [Clear CT: 0.7 ms]
   [Other: 6.7 ms]
      [Choose CSet: 0.0 ms]
      [Ref Proc: 2.6 ms]
      [Ref Enq: 0.2 ms]
      [Free CSet: 0.6 ms]
   [Eden: 184.0M(184.0M)->0.0B(186.0M) Survivors: 42.0M->18.0M Heap: 2074.0M(4096.0M)->1899.0M(4096.0M)]
 [Times: user=0.32 sys=0.00, real=0.17 secs] 
2016-08-30T17:41:31.716+0200: 14741.850: [GC pause (mixed), 0.2107770 secs]
   [Parallel Time: 200.9 ms, GC Workers: 2]
      [GC Worker Start (ms): Min: 14741852.4, Avg: 14741852.4, Max: 14741852.4, Diff: 0.0]
      [Ext Root Scanning (ms): Min: 51.1, Avg: 51.5, Max: 51.8, Diff: 0.7, Sum: 102.9]
      [Update RS (ms): Min: 39.9, Avg: 39.9, Max: 39.9, Diff: 0.0, Sum: 79.8]
         [Processed Buffers: Min: 402, Avg: 425.5, Max: 449, Diff: 47, Sum: 851]
      [Scan RS (ms): Min: 32.8, Avg: 33.4, Max: 34.0, Diff: 1.1, Sum: 66.8]
      [Code Root Scanning (ms): Min: 0.1, Avg: 0.2, Max: 0.2, Diff: 0.1, Sum: 0.3]
      [Object Copy (ms): Min: 72.2, Avg: 73.9, Max: 75.6, Diff: 3.4, Sum: 147.8]
      [Termination (ms): Min: 0.0, Avg: 1.9, Max: 3.7, Diff: 3.7, Sum: 3.7]
      [GC Worker Other (ms): Min: 0.1, Avg: 0.1, Max: 0.1, Diff: 0.0, Sum: 0.3]
      [GC Worker Total (ms): Min: 200.8, Avg: 200.8, Max: 200.8, Diff: 0.0, Sum: 401.7]
      [GC Worker End (ms): Min: 14742053.3, Avg: 14742053.3, Max: 14742053.3, Diff: 0.0]
   [Code Root Fixup: 0.5 ms]
   [Code Root Migration: 0.1 ms]
   [Clear CT: 1.1 ms]
   [Other: 8.1 ms]
      [Choose CSet: 0.3 ms]
      [Ref Proc: 2.5 ms]
      [Ref Enq: 0.2 ms]
      [Free CSet: 1.7 ms]
   [Eden: 186.0M(186.0M)->0.0B(184.0M) Survivors: 18.0M->20.0M Heap: 2085.0M(4096.0M)->1639.0M(4096.0M)]
 [Times: user=0.38 sys=0.00, real=0.21 secs] 
2016-08-30T17:41:36.764+0200: 14746.899: [GC pause (mixed), 0.2665280 secs]
   [Parallel Time: 260.0 ms, GC Workers: 2]
      [GC Worker Start (ms): Min: 14746900.2, Avg: 14746900.2, Max: 14746900.2, Diff: 0.0]
      [Ext Root Scanning (ms): Min: 65.5, Avg: 69.2, Max: 72.9, Diff: 7.4, Sum: 138.3]
      [Update RS (ms): Min: 38.2, Avg: 51.5, Max: 64.9, Diff: 26.7, Sum: 103.1]
         [Processed Buffers: Min: 197, Avg: 406.5, Max: 616, Diff: 419, Sum: 813]
      [Scan RS (ms): Min: 43.6, Avg: 47.0, Max: 50.3, Diff: 6.7, Sum: 94.0]
      [Code Root Scanning (ms): Min: 0.0, Avg: 0.1, Max: 0.1, Diff: 0.1, Sum: 0.2]
      [Object Copy (ms): Min: 85.8, Avg: 92.1, Max: 98.3, Diff: 12.5, Sum: 184.2]
      [Termination (ms): Min: 0.0, Avg: 0.0, Max: 0.0, Diff: 0.0, Sum: 0.0]
      [GC Worker Other (ms): Min: 0.0, Avg: 0.1, Max: 0.1, Diff: 0.1, Sum: 0.1]
      [GC Worker Total (ms): Min: 259.9, Avg: 259.9, Max: 259.9, Diff: 0.0, Sum: 519.8]
      [GC Worker End (ms): Min: 14747160.1, Avg: 14747160.1, Max: 14747160.1, Diff: 0.0]
   [Code Root Fixup: 0.3 ms]
   [Code Root Migration: 0.0 ms]
   [Clear CT: 0.9 ms]
   [Other: 5.4 ms]
      [Choose CSet: 0.3 ms]
      [Ref Proc: 1.4 ms]
      [Ref Enq: 0.1 ms]
      [Free CSet: 1.2 ms]
   [Eden: 184.0M(184.0M)->0.0B(184.0M) Survivors: 20.0M->20.0M Heap: 1823.0M(4096.0M)->1490.0M(4096.0M)]
 [Times: user=0.30 sys=0.00, real=0.26 secs] 
2016-08-30T17:41:42.253+0200: 14752.388: [GC pause (mixed), 0.2568610 secs]
   [Parallel Time: 248.8 ms, GC Workers: 2]
      [GC Worker Start (ms): Min: 14752390.5, Avg: 14752390.9, Max: 14752391.2, Diff: 0.7]
      [Ext Root Scanning (ms): Min: 50.7, Avg: 51.4, Max: 52.0, Diff: 1.4, Sum: 102.7]
      [Update RS (ms): Min: 40.3, Avg: 42.0, Max: 43.7, Diff: 3.4, Sum: 84.0]
         [Processed Buffers: Min: 390, Avg: 453.5, Max: 517, Diff: 127, Sum: 907]
      [Scan RS (ms): Min: 71.8, Avg: 72.3, Max: 72.8, Diff: 1.0, Sum: 144.6]
      [Code Root Scanning (ms): Min: 0.1, Avg: 0.2, Max: 0.2, Diff: 0.1, Sum: 0.3]
      [Object Copy (ms): Min: 78.5, Avg: 80.9, Max: 83.3, Diff: 4.8, Sum: 161.8]
      [Termination (ms): Min: 0.0, Avg: 1.5, Max: 3.0, Diff: 3.0, Sum: 3.0]
      [GC Worker Other (ms): Min: 0.1, Avg: 0.1, Max: 0.1, Diff: 0.0, Sum: 0.3]
      [GC Worker Total (ms): Min: 248.0, Avg: 248.3, Max: 248.7, Diff: 0.7, Sum: 496.7]
      [GC Worker End (ms): Min: 14752639.2, Avg: 14752639.2, Max: 14752639.2, Diff: 0.0]
   [Code Root Fixup: 0.2 ms]
   [Code Root Migration: 0.1 ms]
   [Clear CT: 0.6 ms]
   [Other: 7.3 ms]
      [Choose CSet: 0.7 ms]
      [Ref Proc: 1.5 ms]
      [Ref Enq: 0.1 ms]
      [Free CSet: 1.3 ms]
   [Eden: 184.0M(184.0M)->0.0B(180.0M) Survivors: 20.0M->24.0M Heap: 1674.0M(4096.0M)->1366.0M(4096.0M)]
 [Times: user=0.50 sys=0.00, real=0.26 secs] 
2016-08-30T17:41:47.082+0200: 14757.216: [GC pause (mixed), 0.4407560 secs]
   [Parallel Time: 431.6 ms, GC Workers: 2]
      [GC Worker Start (ms): Min: 14757221.3, Avg: 14757221.4, Max: 14757221.4, Diff: 0.0]
      [Ext Root Scanning (ms): Min: 75.9, Avg: 87.4, Max: 98.9, Diff: 23.0, Sum: 174.9]
      [Update RS (ms): Min: 18.9, Avg: 32.2, Max: 45.4, Diff: 26.6, Sum: 64.3]
         [Processed Buffers: Min: 112, Avg: 403.5, Max: 695, Diff: 583, Sum: 807]
      [Scan RS (ms): Min: 128.0, Avg: 128.4, Max: 128.7, Diff: 0.7, Sum: 256.7]
      [Code Root Scanning (ms): Min: 0.1, Avg: 0.1, Max: 0.2, Diff: 0.1, Sum: 0.2]
      [Object Copy (ms): Min: 171.2, Avg: 171.8, Max: 172.5, Diff: 1.3, Sum: 343.7]
      [Termination (ms): Min: 0.0, Avg: 5.5, Max: 11.0, Diff: 11.0, Sum: 11.0]
      [GC Worker Other (ms): Min: 0.1, Avg: 0.1, Max: 0.1, Diff: 0.0, Sum: 0.2]
      [GC Worker Total (ms): Min: 421.5, Avg: 425.5, Max: 429.6, Diff: 8.1, Sum: 851.1]
      [GC Worker End (ms): Min: 14757642.8, Avg: 14757646.9, Max: 14757651.0, Diff: 8.2]
   [Code Root Fixup: 0.3 ms]
   [Code Root Migration: 0.0 ms]
   [Clear CT: 1.0 ms]
   [Other: 7.8 ms]
      [Choose CSet: 0.9 ms]
      [Ref Proc: 1.4 ms]
      [Ref Enq: 0.1 ms]
      [Free CSet: 1.3 ms]
   [Eden: 180.0M(180.0M)->0.0B(184.0M) Survivors: 24.0M->20.0M Heap: 1546.0M(4096.0M)->1284.0M(4096.0M)]
 [Times: user=0.47 sys=0.00, real=0.44 secs] 
2016-08-30T17:41:52.750+0200: 14762.884: [GC pause (young), 0.1412200 secs]
   [Parallel Time: 134.1 ms, GC Workers: 2]
      [GC Worker Start (ms): Min: 14762885.9, Avg: 14762885.9, Max: 14762885.9, Diff: 0.0]
      [Ext Root Scanning (ms): Min: 49.3, Avg: 49.6, Max: 49.9, Diff: 0.6, Sum: 99.2]
      [Update RS (ms): Min: 39.6, Avg: 39.9, Max: 40.2, Diff: 0.6, Sum: 79.9]
         [Processed Buffers: Min: 406, Avg: 430.5, Max: 455, Diff: 49, Sum: 861]
      [Scan RS (ms): Min: 6.7, Avg: 7.2, Max: 7.6, Diff: 0.9, Sum: 14.3]
      [Code Root Scanning (ms): Min: 0.1, Avg: 0.1, Max: 0.1, Diff: 0.0, Sum: 0.1]
      [Object Copy (ms): Min: 36.6, Avg: 37.1, Max: 37.5, Diff: 0.9, Sum: 74.1]
      [Termination (ms): Min: 0.0, Avg: 0.0, Max: 0.0, Diff: 0.0, Sum: 0.0]
      [GC Worker Other (ms): Min: 0.2, Avg: 0.2, Max: 0.2, Diff: 0.0, Sum: 0.3]
      [GC Worker Total (ms): Min: 134.0, Avg: 134.0, Max: 134.0, Diff: 0.0, Sum: 268.0]
      [GC Worker End (ms): Min: 14763019.9, Avg: 14763019.9, Max: 14763019.9, Diff: 0.0]
   [Code Root Fixup: 0.6 ms]
   [Code Root Migration: 0.0 ms]
   [Clear CT: 0.5 ms]
   [Other: 6.1 ms]
      [Choose CSet: 0.0 ms]
      [Ref Proc: 2.3 ms]
      [Ref Enq: 0.2 ms]
      [Free CSet: 0.5 ms]
   [Eden: 184.0M(184.0M)->0.0B(184.0M) Survivors: 20.0M->20.0M Heap: 1468.0M(4096.0M)->1301.0M(4096.0M)]
 [Times: user=0.27 sys=0.00, real=0.14 secs] 
2016-08-30T17:41:57.989+0200: 14768.123: [GC pause (young), 0.1519840 secs]
   [Parallel Time: 144.9 ms, GC Workers: 2]
      [GC Worker Start (ms): Min: 14768125.2, Avg: 14768125.3, Max: 14768125.3, Diff: 0.0]
      [Ext Root Scanning (ms): Min: 53.3, Avg: 53.5, Max: 53.8, Diff: 0.5, Sum: 107.1]
      [Update RS (ms): Min: 42.5, Avg: 42.9, Max: 43.4, Diff: 0.9, Sum: 85.8]
         [Processed Buffers: Min: 397, Avg: 411.0, Max: 425, Diff: 28, Sum: 822]
      [Scan RS (ms): Min: 6.8, Avg: 7.0, Max: 7.3, Diff: 0.5, Sum: 14.1]
      [Code Root Scanning (ms): Min: 0.0, Avg: 0.1, Max: 0.1, Diff: 0.1, Sum: 0.1]
      [Object Copy (ms): Min: 41.0, Avg: 41.1, Max: 41.2, Diff: 0.2, Sum: 82.2]
      [Termination (ms): Min: 0.0, Avg: 0.0, Max: 0.0, Diff: 0.0, Sum: 0.0]
      [GC Worker Other (ms): Min: 0.1, Avg: 0.1, Max: 0.1, Diff: 0.0, Sum: 0.3]
      [GC Worker Total (ms): Min: 144.8, Avg: 144.8, Max: 144.9, Diff: 0.0, Sum: 289.7]
      [GC Worker End (ms): Min: 14768270.1, Avg: 14768270.1, Max: 14768270.1, Diff: 0.0]
   [Code Root Fixup: 0.4 ms]
   [Code Root Migration: 0.0 ms]
   [Clear CT: 0.5 ms]
   [Other: 6.2 ms]
      [Choose CSet: 0.0 ms]
      [Ref Proc: 2.3 ms]
      [Ref Enq: 0.2 ms]
      [Free CSet: 0.5 ms]
   [Eden: 184.0M(184.0M)->0.0B(186.0M) Survivors: 20.0M->18.0M Heap: 1485.0M(4096.0M)->1317.0M(4096.0M)]
 [Times: user=0.29 sys=0.00, real=0.15 secs] 
2016-08-30T17:42:04.140+0200: 14774.275: [GC pause (young), 0.1416110 secs]
   [Parallel Time: 134.7 ms, GC Workers: 2]
      [GC Worker Start (ms): Min: 14774276.4, Avg: 14774276.4, Max: 14774276.4, Diff: 0.0]
      [Ext Root Scanning (ms): Min: 51.1, Avg: 51.4, Max: 51.7, Diff: 0.5, Sum: 102.8]
      [Update RS (ms): Min: 37.6, Avg: 37.8, Max: 38.1, Diff: 0.5, Sum: 75.6]
         [Processed Buffers: Min: 379, Avg: 387.5, Max: 396, Diff: 17, Sum: 775]
      [Scan RS (ms): Min: 6.6, Avg: 7.0, Max: 7.3, Diff: 0.7, Sum: 13.9]
      [Code Root Scanning (ms): Min: 0.1, Avg: 0.1, Max: 0.1, Diff: 0.0, Sum: 0.1]
      [Object Copy (ms): Min: 38.0, Avg: 38.2, Max: 38.3, Diff: 0.3, Sum: 76.3]
      [Termination (ms): Min: 0.0, Avg: 0.0, Max: 0.0, Diff: 0.0, Sum: 0.0]
      [GC Worker Other (ms): Min: 0.2, Avg: 0.2, Max: 0.2, Diff: 0.0, Sum: 0.3]
      [GC Worker Total (ms): Min: 134.6, Avg: 134.6, Max: 134.6, Diff: 0.0, Sum: 269.1]
      [GC Worker End (ms): Min: 14774410.9, Avg: 14774410.9, Max: 14774411.0, Diff: 0.0]
   [Code Root Fixup: 0.4 ms]
   [Code Root Migration: 0.0 ms]
   [Clear CT: 0.4 ms]
   [Other: 6.1 ms]
      [Choose CSet: 0.0 ms]
      [Ref Proc: 2.1 ms]
      [Ref Enq: 0.2 ms]
      [Free CSet: 0.6 ms]
   [Eden: 186.0M(186.0M)->0.0B(182.0M) Survivors: 18.0M->22.0M Heap: 1503.0M(4096.0M)->1336.0M(4096.0M)]
 [Times: user=0.27 sys=0.00, real=0.14 secs] 
2016-08-30T17:42:09.604+0200: 14779.739: [GC pause (young), 0.1501600 secs]
   [Parallel Time: 143.3 ms, GC Workers: 2]
      [GC Worker Start (ms): Min: 14779740.0, Avg: 14779740.1, Max: 14779740.1, Diff: 0.0]
      [Ext Root Scanning (ms): Min: 51.1, Avg: 56.2, Max: 61.2, Diff: 10.1, Sum: 112.4]
      [Update RS (ms): Min: 35.5, Avg: 40.4, Max: 45.2, Diff: 9.7, Sum: 80.8]
         [Processed Buffers: Min: 339, Avg: 369.5, Max: 400, Diff: 61, Sum: 739]
      [Scan RS (ms): Min: 6.1, Avg: 6.5, Max: 6.9, Diff: 0.8, Sum: 13.0]
      [Code Root Scanning (ms): Min: 0.1, Avg: 0.1, Max: 0.1, Diff: 0.0, Sum: 0.1]
      [Object Copy (ms): Min: 39.6, Avg: 39.9, Max: 40.1, Diff: 0.5, Sum: 79.7]
      [Termination (ms): Min: 0.0, Avg: 0.0, Max: 0.0, Diff: 0.0, Sum: 0.0]
      [GC Worker Other (ms): Min: 0.1, Avg: 0.2, Max: 0.2, Diff: 0.0, Sum: 0.3]
      [GC Worker Total (ms): Min: 143.1, Avg: 143.1, Max: 143.1, Diff: 0.0, Sum: 286.3]
      [GC Worker End (ms): Min: 14779883.2, Avg: 14779883.2, Max: 14779883.2, Diff: 0.0]
   [Code Root Fixup: 0.6 ms]
   [Code Root Migration: 0.0 ms]
   [Clear CT: 0.5 ms]
   [Other: 5.8 ms]
      [Choose CSet: 0.0 ms]
      [Ref Proc: 2.2 ms]
      [Ref Enq: 0.2 ms]
      [Free CSet: 0.5 ms]
   [Eden: 182.0M(182.0M)->0.0B(184.0M) Survivors: 22.0M->20.0M Heap: 1518.0M(4096.0M)->1353.0M(4096.0M)]
 [Times: user=0.29 sys=0.01, real=0.15 secs] 
2016-08-30T17:42:15.738+0200: 14785.872: [GC pause (young), 0.1510960 secs]
   [Parallel Time: 144.1 ms, GC Workers: 2]
      [GC Worker Start (ms): Min: 14785874.3, Avg: 14785874.4, Max: 14785874.4, Diff: 0.0]
      [Ext Root Scanning (ms): Min: 50.9, Avg: 51.4, Max: 51.9, Diff: 1.0, Sum: 102.8]
      [Update RS (ms): Min: 46.5, Avg: 47.1, Max: 47.7, Diff: 1.2, Sum: 94.1]
         [Processed Buffers: Min: 462, Avg: 475.0, Max: 488, Diff: 26, Sum: 950]
      [Scan RS (ms): Min: 6.5, Avg: 6.8, Max: 7.0, Diff: 0.5, Sum: 13.5]
      [Code Root Scanning (ms): Min: 0.0, Avg: 0.1, Max: 0.1, Diff: 0.1, Sum: 0.1]
      [Object Copy (ms): Min: 38.4, Avg: 38.7, Max: 38.9, Diff: 0.5, Sum: 77.3]
      [Termination (ms): Min: 0.0, Avg: 0.0, Max: 0.0, Diff: 0.0, Sum: 0.0]
      [GC Worker Other (ms): Min: 0.1, Avg: 0.1, Max: 0.2, Diff: 0.1, Sum: 0.2]
      [GC Worker Total (ms): Min: 144.1, Avg: 144.1, Max: 144.1, Diff: 0.0, Sum: 288.1]
      [GC Worker End (ms): Min: 14786018.4, Avg: 14786018.4, Max: 14786018.4, Diff: 0.0]
   [Code Root Fixup: 0.5 ms]
   [Code Root Migration: 0.0 ms]
   [Clear CT: 0.5 ms]
   [Other: 6.0 ms]
      [Choose CSet: 0.0 ms]
      [Ref Proc: 2.0 ms]
      [Ref Enq: 0.2 ms]
      [Free CSet: 0.5 ms]
   [Eden: 184.0M(184.0M)->0.0B(182.0M) Survivors: 20.0M->22.0M Heap: 1537.0M(4096.0M)->1372.0M(4096.0M)]
 [Times: user=0.29 sys=0.00, real=0.15 secs] 
2016-08-30T17:42:20.996+0200: 14791.131: [GC pause (young), 0.1641300 secs]
   [Parallel Time: 156.8 ms, GC Workers: 2]
      [GC Worker Start (ms): Min: 14791132.4, Avg: 14791132.4, Max: 14791132.4, Diff: 0.0]
      [Ext Root Scanning (ms): Min: 51.3, Avg: 58.4, Max: 65.4, Diff: 14.1, Sum: 116.7]
      [Update RS (ms): Min: 44.3, Avg: 52.3, Max: 60.3, Diff: 16.0, Sum: 104.6]
         [Processed Buffers: Min: 352, Avg: 435.5, Max: 519, Diff: 167, Sum: 871]
      [Scan RS (ms): Min: 8.1, Avg: 8.2, Max: 8.2, Diff: 0.1, Sum: 16.3]
      [Code Root Scanning (ms): Min: 0.1, Avg: 0.1, Max: 0.1, Diff: 0.0, Sum: 0.1]
      [Object Copy (ms): Min: 36.8, Avg: 37.7, Max: 38.6, Diff: 1.8, Sum: 75.4]
      [Termination (ms): Min: 0.0, Avg: 0.0, Max: 0.0, Diff: 0.0, Sum: 0.0]
      [GC Worker Other (ms): Min: 0.1, Avg: 0.1, Max: 0.1, Diff: 0.1, Sum: 0.2]
      [GC Worker Total (ms): Min: 156.7, Avg: 156.7, Max: 156.7, Diff: 0.0, Sum: 313.4]
      [GC Worker End (ms): Min: 14791289.0, Avg: 14791289.0, Max: 14791289.0, Diff: 0.0]
   [Code Root Fixup: 0.4 ms]
   [Code Root Migration: 0.0 ms]
   [Clear CT: 0.5 ms]
   [Other: 6.4 ms]
      [Choose CSet: 0.0 ms]
      [Ref Proc: 2.5 ms]
      [Ref Enq: 0.2 ms]
      [Free CSet: 0.5 ms]
   [Eden: 182.0M(182.0M)->0.0B(224.0M) Survivors: 22.0M->16.0M Heap: 1554.0M(4096.0M)->1387.0M(4096.0M)]
 [Times: user=0.29 sys=0.00, real=0.17 secs] 
2016-08-30T17:42:27.958+0200: 14798.092: [GC pause (young), 0.1553710 secs]
   [Parallel Time: 147.3 ms, GC Workers: 2]
      [GC Worker Start (ms): Min: 14798093.7, Avg: 14798093.7, Max: 14798093.7, Diff: 0.0]
      [Ext Root Scanning (ms): Min: 49.6, Avg: 50.1, Max: 50.5, Diff: 0.9, Sum: 100.1]
      [Update RS (ms): Min: 48.3, Avg: 48.5, Max: 48.8, Diff: 0.5, Sum: 97.1]
         [Processed Buffers: Min: 428, Avg: 466.0, Max: 504, Diff: 76, Sum: 932]
      [Scan RS (ms): Min: 7.2, Avg: 7.4, Max: 7.6, Diff: 0.4, Sum: 14.8]
      [Code Root Scanning (ms): Min: 0.0, Avg: 0.1, Max: 0.1, Diff: 0.1, Sum: 0.1]
      [Object Copy (ms): Min: 40.5, Avg: 40.9, Max: 41.3, Diff: 0.8, Sum: 81.7]
      [Termination (ms): Min: 0.0, Avg: 0.1, Max: 0.2, Diff: 0.2, Sum: 0.2]
      [GC Worker Other (ms): Min: 0.1, Avg: 0.2, Max: 0.2, Diff: 0.0, Sum: 0.3]
      [GC Worker Total (ms): Min: 147.2, Avg: 147.2, Max: 147.2, Diff: 0.0, Sum: 294.5]
      [GC Worker End (ms): Min: 14798240.9, Avg: 14798240.9, Max: 14798240.9, Diff: 0.0]
   [Code Root Fixup: 0.5 ms]
   [Code Root Migration: 0.0 ms]
   [Clear CT: 0.5 ms]
   [Other: 7.1 ms]
      [Choose CSet: 0.0 ms]
      [Ref Proc: 3.2 ms]
      [Ref Enq: 0.2 ms]
      [Free CSet: 0.5 ms]
   [Eden: 224.0M(224.0M)->0.0B(248.0M) Survivors: 16.0M->30.0M Heap: 1611.0M(4096.0M)->1405.0M(4096.0M)]
 [Times: user=0.30 sys=0.00, real=0.16 secs] 
2016-08-30T17:42:35.813+0200: 14805.948: [GC pause (young), 0.1770440 secs]
   [Parallel Time: 168.5 ms, GC Workers: 2]
      [GC Worker Start (ms): Min: 14805949.4, Avg: 14805950.9, Max: 14805952.4, Diff: 3.0]
      [Ext Root Scanning (ms): Min: 48.8, Avg: 50.4, Max: 51.9, Diff: 3.2, Sum: 100.7]
      [Update RS (ms): Min: 47.0, Avg: 47.1, Max: 47.1, Diff: 0.1, Sum: 94.1]
         [Processed Buffers: Min: 465, Avg: 483.0, Max: 501, Diff: 36, Sum: 966]
      [Scan RS (ms): Min: 12.0, Avg: 12.2, Max: 12.4, Diff: 0.4, Sum: 24.3]
      [Code Root Scanning (ms): Min: 0.1, Avg: 0.1, Max: 0.1, Diff: 0.0, Sum: 0.2]
      [Object Copy (ms): Min: 57.0, Avg: 57.0, Max: 57.1, Diff: 0.2, Sum: 114.1]
      [Termination (ms): Min: 0.0, Avg: 0.0, Max: 0.0, Diff: 0.0, Sum: 0.0]
      [GC Worker Other (ms): Min: 0.2, Avg: 0.2, Max: 0.2, Diff: 0.0, Sum: 0.3]
      [GC Worker Total (ms): Min: 165.4, Avg: 166.9, Max: 168.4, Diff: 3.0, Sum: 333.8]
      [GC Worker End (ms): Min: 14806117.8, Avg: 14806117.8, Max: 14806117.8, Diff: 0.0]
   [Code Root Fixup: 0.7 ms]
   [Code Root Migration: 0.0 ms]
   [Clear CT: 0.5 ms]
   [Other: 7.4 ms]
      [Choose CSet: 0.0 ms]
      [Ref Proc: 3.1 ms]
      [Ref Enq: 0.3 ms]
      [Free CSet: 0.6 ms]
   [Eden: 248.0M(248.0M)->0.0B(270.0M) Survivors: 30.0M->26.0M Heap: 1653.0M(4096.0M)->1429.0M(4096.0M)]
 [Times: user=0.34 sys=0.00, real=0.17 secs] 
2016-08-30T17:42:44.291+0200: 14814.425: [GC pause (young), 0.1950550 secs]
   [Parallel Time: 188.5 ms, GC Workers: 2]
      [GC Worker Start (ms): Min: 14814427.3, Avg: 14814427.3, Max: 14814427.3, Diff: 0.0]
      [Ext Root Scanning (ms): Min: 63.7, Avg: 68.3, Max: 72.9, Diff: 9.2, Sum: 136.7]
      [Update RS (ms): Min: 52.5, Avg: 61.2, Max: 69.8, Diff: 17.2, Sum: 122.3]
         [Processed Buffers: Min: 458, Avg: 498.0, Max: 538, Diff: 80, Sum: 996]
      [Scan RS (ms): Min: 8.1, Avg: 8.3, Max: 8.6, Diff: 0.5, Sum: 16.6]
      [Code Root Scanning (ms): Min: 0.1, Avg: 0.1, Max: 0.1, Diff: 0.1, Sum: 0.2]
      [Object Copy (ms): Min: 46.2, Avg: 50.4, Max: 54.6, Diff: 8.4, Sum: 100.8]
      [Termination (ms): Min: 0.0, Avg: 0.0, Max: 0.0, Diff: 0.0, Sum: 0.0]
      [GC Worker Other (ms): Min: 0.1, Avg: 0.1, Max: 0.2, Diff: 0.1, Sum: 0.2]
      [GC Worker Total (ms): Min: 188.4, Avg: 188.4, Max: 188.4, Diff: 0.0, Sum: 376.9]
      [GC Worker End (ms): Min: 14814615.7, Avg: 14814615.7, Max: 14814615.7, Diff: 0.0]
   [Code Root Fixup: 0.2 ms]
   [Code Root Migration: 0.0 ms]
   [Clear CT: 0.4 ms]
   [Other: 5.8 ms]
      [Choose CSet: 0.0 ms]
      [Ref Proc: 2.2 ms]
      [Ref Enq: 0.1 ms]
      [Free CSet: 0.5 ms]
   [Eden: 270.0M(270.0M)->0.0B(176.0M) Survivors: 26.0M->36.0M Heap: 1699.0M(4096.0M)->1461.0M(4096.0M)]
 [Times: user=0.32 sys=0.00, real=0.20 secs] 
2016-08-30T17:42:49.967+0200: 14820.102: [GC pause (young), 0.1576620 secs]
   [Parallel Time: 150.3 ms, GC Workers: 2]
      [GC Worker Start (ms): Min: 14820103.3, Avg: 14820103.3, Max: 14820103.4, Diff: 0.1]
      [Ext Root Scanning (ms): Min: 51.9, Avg: 52.2, Max: 52.5, Diff: 0.7, Sum: 104.4]
      [Update RS (ms): Min: 38.5, Avg: 39.2, Max: 39.9, Diff: 1.4, Sum: 78.5]
         [Processed Buffers: Min: 390, Avg: 401.5, Max: 413, Diff: 23, Sum: 803]
      [Scan RS (ms): Min: 10.1, Avg: 10.3, Max: 10.4, Diff: 0.3, Sum: 20.5]
      [Code Root Scanning (ms): Min: 0.1, Avg: 0.1, Max: 0.1, Diff: 0.0, Sum: 0.2]
      [Object Copy (ms): Min: 48.1, Avg: 48.3, Max: 48.5, Diff: 0.4, Sum: 96.6]
      [Termination (ms): Min: 0.0, Avg: 0.0, Max: 0.0, Diff: 0.0, Sum: 0.0]
      [GC Worker Other (ms): Min: 0.1, Avg: 0.1, Max: 0.1, Diff: 0.1, Sum: 0.2]
      [GC Worker Total (ms): Min: 150.1, Avg: 150.2, Max: 150.3, Diff: 0.1, Sum: 300.4]
      [GC Worker End (ms): Min: 14820253.5, Avg: 14820253.5, Max: 14820253.5, Diff: 0.0]
   [Code Root Fixup: 0.4 ms]
   [Code Root Migration: 0.0 ms]
   [Clear CT: 0.5 ms]
   [Other: 6.4 ms]
      [Choose CSet: 0.0 ms]
      [Ref Proc: 2.3 ms]
      [Ref Enq: 0.2 ms]
      [Free CSet: 0.5 ms]
   [Eden: 176.0M(176.0M)->0.0B(408.0M) Survivors: 36.0M->18.0M Heap: 1637.0M(4096.0M)->1475.0M(4096.0M)]
 [Times: user=0.30 sys=0.00, real=0.15 secs] 
2016-08-30T17:43:04.718+0200: 14834.853: [GC pause (young), 0.1876810 secs]
   [Parallel Time: 177.4 ms, GC Workers: 2]
      [GC Worker Start (ms): Min: 14834854.7, Avg: 14834854.7, Max: 14834854.7, Diff: 0.0]
      [Ext Root Scanning (ms): Min: 50.3, Avg: 50.9, Max: 51.6, Diff: 1.3, Sum: 101.9]
      [Update RS (ms): Min: 63.6, Avg: 63.9, Max: 64.2, Diff: 0.6, Sum: 127.9]
         [Processed Buffers: Min: 479, Avg: 497.0, Max: 515, Diff: 36, Sum: 994]
      [Scan RS (ms): Min: 8.3, Avg: 8.8, Max: 9.3, Diff: 1.0, Sum: 17.5]
      [Code Root Scanning (ms): Min: 0.1, Avg: 0.1, Max: 0.2, Diff: 0.0, Sum: 0.3]
      [Object Copy (ms): Min: 52.8, Avg: 53.3, Max: 53.8, Diff: 1.0, Sum: 106.7]
      [Termination (ms): Min: 0.0, Avg: 0.0, Max: 0.0, Diff: 0.0, Sum: 0.0]
      [GC Worker Other (ms): Min: 0.1, Avg: 0.2, Max: 0.2, Diff: 0.0, Sum: 0.3]
      [GC Worker Total (ms): Min: 177.3, Avg: 177.3, Max: 177.3, Diff: 0.0, Sum: 354.6]
      [GC Worker End (ms): Min: 14835032.0, Avg: 14835032.0, Max: 14835032.0, Diff: 0.0]
   [Code Root Fixup: 0.5 ms]
   [Code Root Migration: 0.1 ms]
   [Clear CT: 0.5 ms]
   [Other: 9.2 ms]
      [Choose CSet: 0.0 ms]
      [Ref Proc: 4.9 ms]
      [Ref Enq: 0.4 ms]
      [Free CSet: 0.9 ms]
   [Eden: 408.0M(408.0M)->0.0B(210.0M) Survivors: 18.0M->52.0M Heap: 1883.0M(4096.0M)->1510.0M(4096.0M)]
 [Times: user=0.37 sys=0.00, real=0.18 secs] 
2016-08-30T17:43:11.256+0200: 14841.390: [GC pause (young), 0.1908230 secs]
   [Parallel Time: 184.4 ms, GC Workers: 2]
      [GC Worker Start (ms): Min: 14841391.6, Avg: 14841391.6, Max: 14841391.6, Diff: 0.0]
      [Ext Root Scanning (ms): Min: 59.9, Avg: 65.3, Max: 70.6, Diff: 10.6, Sum: 130.5]
      [Update RS (ms): Min: 35.8, Avg: 38.3, Max: 40.8, Diff: 5.0, Sum: 76.6]
         [Processed Buffers: Min: 249, Avg: 373.0, Max: 497, Diff: 248, Sum: 746]
      [Scan RS (ms): Min: 9.9, Avg: 10.2, Max: 10.5, Diff: 0.6, Sum: 20.4]
      [Code Root Scanning (ms): Min: 0.0, Avg: 0.0, Max: 0.1, Diff: 0.1, Sum: 0.1]
      [Object Copy (ms): Min: 61.5, Avg: 64.7, Max: 67.8, Diff: 6.3, Sum: 129.3]
      [Termination (ms): Min: 0.0, Avg: 0.0, Max: 0.1, Diff: 0.1, Sum: 0.1]
      [GC Worker Other (ms): Min: 0.2, Avg: 0.2, Max: 0.2, Diff: 0.1, Sum: 0.4]
      [GC Worker Total (ms): Min: 178.7, Avg: 178.7, Max: 178.7, Diff: 0.0, Sum: 357.3]
      [GC Worker End (ms): Min: 14841570.2, Avg: 14841570.2, Max: 14841570.2, Diff: 0.0]
   [Code Root Fixup: 0.2 ms]
   [Code Root Migration: 0.0 ms]
   [Clear CT: 0.6 ms]
   [Other: 5.5 ms]
      [Choose CSet: 0.0 ms]
      [Ref Proc: 2.3 ms]
      [Ref Enq: 0.1 ms]
      [Free CSet: 0.4 ms]
   [Eden: 210.0M(210.0M)->0.0B(372.0M) Survivors: 52.0M->20.0M Heap: 1720.0M(4096.0M)->1521.0M(4096.0M)]
 [Times: user=0.23 sys=0.01, real=0.19 secs] 
2016-08-30T17:43:23.210+0200: 14853.345: [GC pause (young), 0.1905350 secs]
   [Parallel Time: 179.1 ms, GC Workers: 2]
      [GC Worker Start (ms): Min: 14853346.6, Avg: 14853347.7, Max: 14853348.7, Diff: 2.0]
      [Ext Root Scanning (ms): Min: 51.7, Avg: 52.0, Max: 52.4, Diff: 0.7, Sum: 104.1]
      [Update RS (ms): Min: 60.3, Avg: 61.1, Max: 61.8, Diff: 1.5, Sum: 122.1]
         [Processed Buffers: Min: 495, Avg: 499.0, Max: 503, Diff: 8, Sum: 998]
      [Scan RS (ms): Min: 10.4, Avg: 10.4, Max: 10.5, Diff: 0.1, Sum: 20.8]
      [Code Root Scanning (ms): Min: 0.1, Avg: 0.1, Max: 0.1, Diff: 0.0, Sum: 0.2]
      [Object Copy (ms): Min: 54.2, Avg: 54.2, Max: 54.3, Diff: 0.1, Sum: 108.5]
      [Termination (ms): Min: 0.0, Avg: 0.0, Max: 0.0, Diff: 0.0, Sum: 0.0]
      [GC Worker Other (ms): Min: 0.2, Avg: 0.2, Max: 0.2, Diff: 0.0, Sum: 0.3]
      [GC Worker Total (ms): Min: 177.0, Avg: 178.1, Max: 179.1, Diff: 2.0, Sum: 356.1]
      [GC Worker End (ms): Min: 14853525.7, Avg: 14853525.7, Max: 14853525.7, Diff: 0.0]
   [Code Root Fixup: 0.5 ms]
   [Code Root Migration: 0.1 ms]
   [Clear CT: 0.6 ms]
   [Other: 10.3 ms]
      [Choose CSet: 0.0 ms]
      [Ref Proc: 5.5 ms]
      [Ref Enq: 0.4 ms]
      [Free CSet: 1.0 ms]
   [Eden: 372.0M(372.0M)->0.0B(196.0M) Survivors: 20.0M->50.0M Heap: 1893.0M(4096.0M)->1551.0M(4096.0M)]
 [Times: user=0.36 sys=0.00, real=0.20 secs] 
2016-08-30T17:43:29.292+0200: 14859.426: [GC pause (young), 0.1675740 secs]
   [Parallel Time: 161.8 ms, GC Workers: 2]
      [GC Worker Start (ms): Min: 14859427.9, Avg: 14859427.9, Max: 14859428.0, Diff: 0.1]
      [Ext Root Scanning (ms): Min: 51.0, Avg: 51.6, Max: 52.2, Diff: 1.2, Sum: 103.2]
      [Update RS (ms): Min: 39.6, Avg: 39.8, Max: 40.0, Diff: 0.4, Sum: 79.6]
         [Processed Buffers: Min: 349, Avg: 376.0, Max: 403, Diff: 54, Sum: 752]
      [Scan RS (ms): Min: 14.7, Avg: 15.1, Max: 15.4, Diff: 0.7, Sum: 30.1]
      [Code Root Scanning (ms): Min: 0.0, Avg: 0.1, Max: 0.1, Diff: 0.1, Sum: 0.2]
      [Object Copy (ms): Min: 54.5, Avg: 54.9, Max: 55.4, Diff: 0.9, Sum: 109.9]
      [Termination (ms): Min: 0.0, Avg: 0.0, Max: 0.0, Diff: 0.0, Sum: 0.0]
      [GC Worker Other (ms): Min: 0.2, Avg: 0.2, Max: 0.2, Diff: 0.0, Sum: 0.3]
      [GC Worker Total (ms): Min: 161.6, Avg: 161.7, Max: 161.7, Diff: 0.1, Sum: 323.3]
      [GC Worker End (ms): Min: 14859589.6, Avg: 14859589.6, Max: 14859589.6, Diff: 0.0]
   [Code Root Fixup: 0.3 ms]
   [Code Root Migration: 0.0 ms]
   [Clear CT: 0.4 ms]
   [Other: 5.0 ms]
      [Choose CSet: 0.0 ms]
      [Ref Proc: 1.6 ms]
      [Ref Enq: 0.1 ms]
      [Free CSet: 0.5 ms]
   [Eden: 196.0M(196.0M)->0.0B(478.0M) Survivors: 50.0M->20.0M Heap: 1747.0M(4096.0M)->1560.0M(4096.0M)]
 [Times: user=0.32 sys=0.00, real=0.16 secs] 
2016-08-30T17:43:43.357+0200: 14873.492: [GC pause (young), 0.2182670 secs]
   [Parallel Time: 208.5 ms, GC Workers: 2]
      [GC Worker Start (ms): Min: 14873493.5, Avg: 14873493.5, Max: 14873493.5, Diff: 0.0]
      [Ext Root Scanning (ms): Min: 51.6, Avg: 52.4, Max: 53.2, Diff: 1.6, Sum: 104.8]
      [Update RS (ms): Min: 76.7, Avg: 77.9, Max: 79.0, Diff: 2.4, Sum: 155.7]
         [Processed Buffers: Min: 536, Avg: 543.5, Max: 551, Diff: 15, Sum: 1087]
      [Scan RS (ms): Min: 12.9, Avg: 13.2, Max: 13.4, Diff: 0.6, Sum: 26.3]
      [Code Root Scanning (ms): Min: 0.1, Avg: 0.2, Max: 0.2, Diff: 0.0, Sum: 0.3]
      [Object Copy (ms): Min: 64.5, Avg: 64.5, Max: 64.6, Diff: 0.2, Sum: 129.1]
      [Termination (ms): Min: 0.0, Avg: 0.0, Max: 0.0, Diff: 0.0, Sum: 0.0]
      [GC Worker Other (ms): Min: 0.2, Avg: 0.2, Max: 0.2, Diff: 0.0, Sum: 0.4]
      [GC Worker Total (ms): Min: 208.3, Avg: 208.3, Max: 208.4, Diff: 0.0, Sum: 416.7]
      [GC Worker End (ms): Min: 14873701.8, Avg: 14873701.8, Max: 14873701.8, Diff: 0.0]
   [Code Root Fixup: 0.3 ms]
   [Code Root Migration: 0.1 ms]
   [Clear CT: 0.5 ms]
   [Other: 8.9 ms]
      [Choose CSet: 0.0 ms]
      [Ref Proc: 4.6 ms]
      [Ref Enq: 0.3 ms]
      [Free CSet: 0.8 ms]
   [Eden: 478.0M(478.0M)->0.0B(140.0M) Survivors: 20.0M->64.0M Heap: 2038.0M(4096.0M)->1605.0M(4096.0M)]
 [Times: user=0.41 sys=0.00, real=0.22 secs] 
2016-08-30T17:43:48.220+0200: 14878.355: [GC pause (young), 0.1696610 secs]
   [Parallel Time: 165.8 ms, GC Workers: 2]
      [GC Worker Start (ms): Min: 14878355.6, Avg: 14878355.6, Max: 14878355.6, Diff: 0.0]
      [Ext Root Scanning (ms): Min: 47.8, Avg: 51.0, Max: 54.2, Diff: 6.4, Sum: 101.9]
      [Update RS (ms): Min: 31.2, Avg: 32.7, Max: 34.2, Diff: 2.9, Sum: 65.4]
         [Processed Buffers: Min: 310, Avg: 326.5, Max: 343, Diff: 33, Sum: 653]
      [Scan RS (ms): Min: 12.3, Avg: 14.5, Max: 16.8, Diff: 4.5, Sum: 29.1]
      [Code Root Scanning (ms): Min: 0.0, Avg: 3.1, Max: 6.1, Diff: 6.1, Sum: 6.2]
      [Object Copy (ms): Min: 62.0, Avg: 63.7, Max: 65.4, Diff: 3.4, Sum: 127.3]
      [Termination (ms): Min: 0.0, Avg: 0.8, Max: 1.6, Diff: 1.6, Sum: 1.6]
      [GC Worker Other (ms): Min: 0.0, Avg: 0.0, Max: 0.0, Diff: 0.0, Sum: 0.0]
      [GC Worker Total (ms): Min: 165.7, Avg: 165.7, Max: 165.8, Diff: 0.0, Sum: 331.5]
      [GC Worker End (ms): Min: 14878521.3, Avg: 14878521.4, Max: 14878521.4, Diff: 0.0]
   [Code Root Fixup: 0.2 ms]
   [Code Root Migration: 0.0 ms]
   [Clear CT: 0.5 ms]
   [Other: 3.1 ms]
      [Choose CSet: 0.0 ms]
      [Ref Proc: 1.0 ms]
      [Ref Enq: 0.1 ms]
      [Free CSet: 0.3 ms]
   [Eden: 140.0M(140.0M)->0.0B(392.0M) Survivors: 64.0M->12.0M Heap: 1745.0M(4096.0M)->1609.0M(4096.0M)]
 [Times: user=0.17 sys=0.00, real=0.17 secs] 
2016-08-30T17:44:02.176+0200: 14892.311: [GC pause (young), 0.1765210 secs]
   [Parallel Time: 168.8 ms, GC Workers: 2]
      [GC Worker Start (ms): Min: 14892312.5, Avg: 14892312.7, Max: 14892312.8, Diff: 0.3]
      [Ext Root Scanning (ms): Min: 56.6, Avg: 57.7, Max: 58.9, Diff: 2.3, Sum: 115.5]
      [Update RS (ms): Min: 60.8, Avg: 61.8, Max: 62.8, Diff: 2.0, Sum: 123.6]
         [Processed Buffers: Min: 410, Avg: 490.5, Max: 571, Diff: 161, Sum: 981]
      [Scan RS (ms): Min: 7.0, Avg: 7.2, Max: 7.4, Diff: 0.4, Sum: 14.4]
      [Code Root Scanning (ms): Min: 0.1, Avg: 0.1, Max: 0.1, Diff: 0.0, Sum: 0.2]
      [Object Copy (ms): Min: 41.4, Avg: 41.6, Max: 41.8, Diff: 0.3, Sum: 83.2]
      [Termination (ms): Min: 0.0, Avg: 0.0, Max: 0.0, Diff: 0.0, Sum: 0.0]
      [GC Worker Other (ms): Min: 0.2, Avg: 0.2, Max: 0.2, Diff: 0.0, Sum: 0.3]
      [GC Worker Total (ms): Min: 168.5, Avg: 168.6, Max: 168.8, Diff: 0.3, Sum: 337.3]
      [GC Worker End (ms): Min: 14892481.3, Avg: 14892481.3, Max: 14892481.3, Diff: 0.0]
   [Code Root Fixup: 0.2 ms]
   [Code Root Migration: 0.1 ms]
   [Clear CT: 0.4 ms]
   [Other: 7.0 ms]
      [Choose CSet: 0.0 ms]
      [Ref Proc: 3.2 ms]
      [Ref Enq: 0.2 ms]
      [Free CSet: 0.7 ms]
   [Eden: 392.0M(392.0M)->0.0B(256.0M) Survivors: 12.0M->44.0M Heap: 2001.0M(4096.0M)->1641.0M(4096.0M)]
 [Times: user=0.33 sys=0.00, real=0.18 secs] 
2016-08-30T17:44:10.167+0200: 14900.301: [GC pause (young), 0.1676700 secs]
   [Parallel Time: 161.1 ms, GC Workers: 2]
      [GC Worker Start (ms): Min: 14900302.8, Avg: 14900302.8, Max: 14900302.8, Diff: 0.0]
      [Ext Root Scanning (ms): Min: 50.3, Avg: 50.8, Max: 51.3, Diff: 1.0, Sum: 101.6]
      [Update RS (ms): Min: 45.7, Avg: 46.3, Max: 46.9, Diff: 1.2, Sum: 92.6]
         [Processed Buffers: Min: 392, Avg: 408.5, Max: 425, Diff: 33, Sum: 817]
      [Scan RS (ms): Min: 12.6, Avg: 13.4, Max: 14.1, Diff: 1.5, Sum: 26.7]
      [Code Root Scanning (ms): Min: 0.0, Avg: 0.1, Max: 0.2, Diff: 0.1, Sum: 0.2]
      [Object Copy (ms): Min: 50.1, Avg: 50.4, Max: 50.7, Diff: 0.6, Sum: 100.7]
      [Termination (ms): Min: 0.0, Avg: 0.0, Max: 0.0, Diff: 0.0, Sum: 0.0]
      [GC Worker Other (ms): Min: 0.1, Avg: 0.2, Max: 0.2, Diff: 0.0, Sum: 0.3]
      [GC Worker Total (ms): Min: 161.0, Avg: 161.1, Max: 161.1, Diff: 0.0, Sum: 322.1]
      [GC Worker End (ms): Min: 14900463.8, Avg: 14900463.8, Max: 14900463.8, Diff: 0.0]
   [Code Root Fixup: 0.3 ms]
   [Code Root Migration: 0.0 ms]
   [Clear CT: 0.5 ms]
   [Other: 5.7 ms]
      [Choose CSet: 0.0 ms]
      [Ref Proc: 2.2 ms]
      [Ref Enq: 0.1 ms]
      [Free CSet: 0.6 ms]
   [Eden: 256.0M(256.0M)->0.0B(414.0M) Survivors: 44.0M->26.0M Heap: 1897.0M(4096.0M)->1657.0M(4096.0M)]
 [Times: user=0.33 sys=0.00, real=0.17 secs] 
2016-08-30T17:44:23.276+0200: 14913.411: [GC pause (young), 0.1881380 secs]
   [Parallel Time: 178.2 ms, GC Workers: 2]
      [GC Worker Start (ms): Min: 14913412.8, Avg: 14913412.8, Max: 14913412.8, Diff: 0.0]
