2016-08-30 20:35:29 GC log file created /var/log/swish/gc.log.1
Java HotSpot(TM) 64-Bit Server VM (24.80-b11) for linux-amd64 JRE (1.7.0_80-b15), built on Apr 10 2015 19:53:14 by "java_re" with gcc 4.3.0 20080428 (Red Hat 4.3.0-8)
Memory: 4k page, physical 8061648k(1063168k free), swap 4194296k(4164928k free)
CommandLine flags: -XX:ConcGCThreads=1 -XX:+DisableExplicitGC -XX:G1HeapRegionSize=2097152 -XX:GCLogFileSize=3145728 -XX:InitialHeapSize=4294967296 -XX:MaxHeapSize=4294967296 -XX:MaxPermSize=1073741824 -XX:NumberOfGCLogFiles=5 -XX:+PrintGC -XX:+PrintGCDateStamps -XX:+PrintGCDetails -XX:+PrintGCTimeStamps -XX:-TraceClassUnloading -XX:+UnlockExperimentalVMOptions -XX:+UseCompressedOops -XX:+UseG1GC -XX:+UseGCLogFileRotation -XX:+UseLargePages 
2016-08-30T20:35:49.714+0200: 25199.848: [GC pause (young), 0.1825080 secs]
   [Parallel Time: 173.0 ms, GC Workers: 2]
      [GC Worker Start (ms): Min: 25199850.1, Avg: 25199850.1, Max: 25199850.1, Diff: 0.0]
      [Ext Root Scanning (ms): Min: 51.5, Avg: 51.7, Max: 51.9, Diff: 0.4, Sum: 103.4]
      [Update RS (ms): Min: 42.8, Avg: 42.8, Max: 42.9, Diff: 0.1, Sum: 85.7]
         [Processed Buffers: Min: 411, Avg: 430.0, Max: 449, Diff: 38, Sum: 860]
      [Scan RS (ms): Min: 12.0, Avg: 12.1, Max: 12.1, Diff: 0.2, Sum: 24.1]
      [Code Root Scanning (ms): Min: 0.1, Avg: 0.1, Max: 0.2, Diff: 0.1, Sum: 0.3]
      [Object Copy (ms): Min: 66.1, Avg: 66.1, Max: 66.2, Diff: 0.1, Sum: 132.2]
      [Termination (ms): Min: 0.0, Avg: 0.0, Max: 0.0, Diff: 0.0, Sum: 0.0]
      [GC Worker Other (ms): Min: 0.1, Avg: 0.1, Max: 0.2, Diff: 0.1, Sum: 0.2]
      [GC Worker Total (ms): Min: 173.0, Avg: 173.0, Max: 173.0, Diff: 0.0, Sum: 345.9]
      [GC Worker End (ms): Min: 25200023.0, Avg: 25200023.0, Max: 25200023.0, Diff: 0.0]
   [Code Root Fixup: 0.4 ms]
   [Code Root Migration: 0.1 ms]
   [Clear CT: 0.6 ms]
   [Other: 8.4 ms]
      [Choose CSet: 0.0 ms]
      [Ref Proc: 3.6 ms]
      [Ref Enq: 0.3 ms]
      [Free CSet: 1.1 ms]
   [Eden: 372.0M(372.0M)->0.0B(234.0M) Survivors: 42.0M->52.0M Heap: 2255.0M(4096.0M)->1934.0M(4096.0M)]
 [Times: user=0.35 sys=0.00, real=0.18 secs] 
2016-08-30T20:36:11.240+0200: 25221.375: [GC pause (young) (initial-mark), 0.1581690 secs]
   [Parallel Time: 149.2 ms, GC Workers: 2]
      [GC Worker Start (ms): Min: 25221376.5, Avg: 25221376.5, Max: 25221376.5, Diff: 0.0]
      [Ext Root Scanning (ms): Min: 49.1, Avg: 49.7, Max: 50.3, Diff: 1.3, Sum: 99.4]
      [Code Root Marking (ms): Min: 13.7, Avg: 13.8, Max: 13.9, Diff: 0.2, Sum: 27.6]
      [Update RS (ms): Min: 29.7, Avg: 29.8, Max: 29.9, Diff: 0.3, Sum: 59.6]
         [Processed Buffers: Min: 262, Avg: 264.5, Max: 267, Diff: 5, Sum: 529]
      [Scan RS (ms): Min: 10.5, Avg: 10.6, Max: 10.6, Diff: 0.0, Sum: 21.1]
      [Code Root Scanning (ms): Min: 0.1, Avg: 0.1, Max: 0.1, Diff: 0.1, Sum: 0.2]
      [Object Copy (ms): Min: 44.5, Avg: 45.0, Max: 45.4, Diff: 0.9, Sum: 90.0]
      [Termination (ms): Min: 0.0, Avg: 0.0, Max: 0.0, Diff: 0.0, Sum: 0.0]
      [GC Worker Other (ms): Min: 0.2, Avg: 0.2, Max: 0.2, Diff: 0.0, Sum: 0.4]
      [GC Worker Total (ms): Min: 149.1, Avg: 149.2, Max: 149.2, Diff: 0.0, Sum: 298.3]
      [GC Worker End (ms): Min: 25221525.6, Avg: 25221525.6, Max: 25221525.6, Diff: 0.0]
   [Code Root Fixup: 0.5 ms]
   [Code Root Migration: 0.0 ms]
   [Clear CT: 0.6 ms]
   [Other: 7.8 ms]
      [Choose CSet: 0.0 ms]
      [Ref Proc: 3.2 ms]
      [Ref Enq: 0.2 ms]
      [Free CSet: 0.9 ms]
   [Eden: 234.0M(234.0M)->0.0B(510.0M) Survivors: 52.0M->14.0M Heap: 2168.0M(4096.0M)->1912.0M(4096.0M)]
 [Times: user=0.31 sys=0.00, real=0.16 secs] 
2016-08-30T20:36:11.400+0200: 25221.534: [GC concurrent-root-region-scan-start]
2016-08-30T20:36:11.426+0200: 25221.560: [GC concurrent-root-region-scan-end, 0.0261190 secs]
2016-08-30T20:36:11.426+0200: 25221.560: [GC concurrent-mark-start]
2016-08-30T20:36:13.537+0200: 25223.671: [GC concurrent-mark-end, 2.1107790 secs]
2016-08-30T20:36:13.540+0200: 25223.675: [GC remark 2016-08-30T20:36:13.544+0200: 25223.678: [GC ref-proc, 0.0663180 secs], 0.0975710 secs]
 [Times: user=0.11 sys=0.00, real=0.10 secs] 
2016-08-30T20:36:13.643+0200: 25223.778: [GC cleanup 2028M->1866M(4096M), 0.0386110 secs]
 [Times: user=0.07 sys=0.00, real=0.04 secs] 
2016-08-30T20:36:13.682+0200: 25223.817: [GC concurrent-cleanup-start]
2016-08-30T20:36:13.683+0200: 25223.817: [GC concurrent-cleanup-end, 0.0003340 secs]
2016-08-30T20:36:41.499+0200: 25251.634: [GC pause (young), 0.1763090 secs]
   [Parallel Time: 164.2 ms, GC Workers: 2]
      [GC Worker Start (ms): Min: 25251635.7, Avg: 25251635.8, Max: 25251635.8, Diff: 0.1]
      [Ext Root Scanning (ms): Min: 58.5, Avg: 59.4, Max: 60.4, Diff: 1.9, Sum: 118.9]
      [Update RS (ms): Min: 44.2, Avg: 44.4, Max: 44.6, Diff: 0.4, Sum: 88.8]
         [Processed Buffers: Min: 314, Avg: 319.0, Max: 324, Diff: 10, Sum: 638]
      [Scan RS (ms): Min: 10.5, Avg: 10.5, Max: 10.5, Diff: 0.0, Sum: 21.0]
      [Code Root Scanning (ms): Min: 0.1, Avg: 0.2, Max: 0.2, Diff: 0.1, Sum: 0.3]
      [Object Copy (ms): Min: 48.3, Avg: 49.5, Max: 50.7, Diff: 2.4, Sum: 99.0]
      [Termination (ms): Min: 0.0, Avg: 0.0, Max: 0.0, Diff: 0.0, Sum: 0.0]
      [GC Worker Other (ms): Min: 0.1, Avg: 0.1, Max: 0.2, Diff: 0.1, Sum: 0.2]
      [GC Worker Total (ms): Min: 164.0, Avg: 164.1, Max: 164.1, Diff: 0.1, Sum: 328.2]
      [GC Worker End (ms): Min: 25251799.8, Avg: 25251799.8, Max: 25251799.8, Diff: 0.0]
   [Code Root Fixup: 0.5 ms]
   [Code Root Migration: 0.1 ms]
   [Clear CT: 0.7 ms]
   [Other: 10.9 ms]
      [Choose CSet: 0.0 ms]
      [Ref Proc: 5.8 ms]
      [Ref Enq: 0.4 ms]
      [Free CSet: 1.4 ms]
   [Eden: 510.0M(510.0M)->0.0B(158.0M) Survivors: 14.0M->46.0M Heap: 2260.0M(4096.0M)->1783.0M(4096.0M)]
 [Times: user=0.33 sys=0.00, real=0.18 secs] 
2016-08-30T20:36:49.942+0200: 25260.077: [GC pause (mixed), 0.1778070 secs]
   [Parallel Time: 169.2 ms, GC Workers: 2]
      [GC Worker Start (ms): Min: 25260078.3, Avg: 25260078.3, Max: 25260078.3, Diff: 0.0]
      [Ext Root Scanning (ms): Min: 49.9, Avg: 50.0, Max: 50.2, Diff: 0.3, Sum: 100.1]
      [Update RS (ms): Min: 26.0, Avg: 26.3, Max: 26.5, Diff: 0.6, Sum: 52.5]
         [Processed Buffers: Min: 284, Avg: 285.5, Max: 287, Diff: 3, Sum: 571]
      [Scan RS (ms): Min: 27.6, Avg: 27.7, Max: 27.8, Diff: 0.2, Sum: 55.4]
      [Code Root Scanning (ms): Min: 0.1, Avg: 0.2, Max: 0.2, Diff: 0.1, Sum: 0.3]
      [Object Copy (ms): Min: 64.7, Avg: 64.9, Max: 65.0, Diff: 0.3, Sum: 129.7]
      [Termination (ms): Min: 0.0, Avg: 0.0, Max: 0.0, Diff: 0.0, Sum: 0.0]
      [GC Worker Other (ms): Min: 0.1, Avg: 0.1, Max: 0.1, Diff: 0.0, Sum: 0.1]
      [GC Worker Total (ms): Min: 169.1, Avg: 169.1, Max: 169.1, Diff: 0.0, Sum: 338.2]
      [GC Worker End (ms): Min: 25260247.4, Avg: 25260247.4, Max: 25260247.4, Diff: 0.0]
   [Code Root Fixup: 0.5 ms]
   [Code Root Migration: 0.1 ms]
   [Clear CT: 0.8 ms]
   [Other: 7.3 ms]
      [Choose CSet: 0.3 ms]
      [Ref Proc: 1.6 ms]
      [Ref Enq: 0.1 ms]
      [Free CSet: 2.1 ms]
   [Eden: 158.0M(158.0M)->0.0B(178.0M) Survivors: 46.0M->26.0M Heap: 1941.0M(4096.0M)->1488.0M(4096.0M)]
 [Times: user=0.35 sys=0.00, real=0.17 secs] 
2016-08-30T20:37:03.194+0200: 25273.329: [GC pause (mixed), 0.2132740 secs]
   [Parallel Time: 204.4 ms, GC Workers: 2]
      [GC Worker Start (ms): Min: 25273330.8, Avg: 25273330.8, Max: 25273330.8, Diff: 0.0]
      [Ext Root Scanning (ms): Min: 51.6, Avg: 59.0, Max: 66.4, Diff: 14.9, Sum: 118.0]
      [Update RS (ms): Min: 19.2, Avg: 27.6, Max: 36.1, Diff: 16.9, Sum: 55.2]
         [Processed Buffers: Min: 217, Avg: 286.0, Max: 355, Diff: 138, Sum: 572]
      [Scan RS (ms): Min: 43.8, Avg: 44.3, Max: 44.8, Diff: 1.0, Sum: 88.7]
      [Code Root Scanning (ms): Min: 0.1, Avg: 0.1, Max: 0.2, Diff: 0.1, Sum: 0.3]
      [Object Copy (ms): Min: 72.6, Avg: 73.2, Max: 73.8, Diff: 1.2, Sum: 146.4]
      [Termination (ms): Min: 0.0, Avg: 0.0, Max: 0.0, Diff: 0.0, Sum: 0.0]
      [GC Worker Other (ms): Min: 0.1, Avg: 0.1, Max: 0.1, Diff: 0.0, Sum: 0.1]
      [GC Worker Total (ms): Min: 204.3, Avg: 204.3, Max: 204.3, Diff: 0.0, Sum: 408.6]
      [GC Worker End (ms): Min: 25273535.1, Avg: 25273535.1, Max: 25273535.1, Diff: 0.0]
   [Code Root Fixup: 0.5 ms]
   [Code Root Migration: 0.1 ms]
   [Clear CT: 0.8 ms]
   [Other: 7.5 ms]
      [Choose CSet: 0.4 ms]
      [Ref Proc: 1.9 ms]
      [Ref Enq: 0.1 ms]
      [Free CSet: 1.6 ms]
   [Eden: 178.0M(178.0M)->0.0B(188.0M) Survivors: 26.0M->16.0M Heap: 1666.0M(4096.0M)->1336.0M(4096.0M)]
 [Times: user=0.42 sys=0.00, real=0.21 secs] 
2016-08-30T20:37:13.244+0200: 25283.378: [GC pause (mixed), 0.2490570 secs]
   [Parallel Time: 241.8 ms, GC Workers: 2]
      [GC Worker Start (ms): Min: 25283380.2, Avg: 25283380.3, Max: 25283380.3, Diff: 0.0]
      [Ext Root Scanning (ms): Min: 50.9, Avg: 50.9, Max: 50.9, Diff: 0.1, Sum: 101.8]
      [Update RS (ms): Min: 33.5, Avg: 34.3, Max: 35.1, Diff: 1.6, Sum: 68.6]
         [Processed Buffers: Min: 336, Avg: 352.0, Max: 368, Diff: 32, Sum: 704]
      [Scan RS (ms): Min: 63.7, Avg: 64.2, Max: 64.8, Diff: 1.1, Sum: 128.5]
      [Code Root Scanning (ms): Min: 0.1, Avg: 0.1, Max: 0.2, Diff: 0.1, Sum: 0.3]
      [Object Copy (ms): Min: 91.9, Avg: 92.0, Max: 92.1, Diff: 0.3, Sum: 184.0]
      [Termination (ms): Min: 0.0, Avg: 0.0, Max: 0.0, Diff: 0.0, Sum: 0.0]
      [GC Worker Other (ms): Min: 0.1, Avg: 0.1, Max: 0.1, Diff: 0.0, Sum: 0.3]
      [GC Worker Total (ms): Min: 241.7, Avg: 241.7, Max: 241.7, Diff: 0.0, Sum: 483.4]
      [GC Worker End (ms): Min: 25283622.0, Avg: 25283622.0, Max: 25283622.0, Diff: 0.0]
   [Code Root Fixup: 0.3 ms]
   [Code Root Migration: 0.1 ms]
   [Clear CT: 0.6 ms]
   [Other: 6.3 ms]
      [Choose CSet: 0.6 ms]
      [Ref Proc: 1.0 ms]
      [Ref Enq: 0.1 ms]
      [Free CSet: 1.3 ms]
   [Eden: 188.0M(188.0M)->0.0B(178.0M) Survivors: 16.0M->26.0M Heap: 1524.0M(4096.0M)->1224.0M(4096.0M)]
 [Times: user=0.48 sys=0.00, real=0.25 secs] 
2016-08-30T20:37:24.235+0200: 25294.370: [GC pause (mixed), 0.2982910 secs]
   [Parallel Time: 289.6 ms, GC Workers: 2]
      [GC Worker Start (ms): Min: 25294372.9, Avg: 25294372.9, Max: 25294372.9, Diff: 0.0]
      [Ext Root Scanning (ms): Min: 48.4, Avg: 48.8, Max: 49.2, Diff: 0.8, Sum: 97.6]
      [Update RS (ms): Min: 23.3, Avg: 23.7, Max: 24.1, Diff: 0.8, Sum: 47.4]
         [Processed Buffers: Min: 296, Avg: 317.5, Max: 339, Diff: 43, Sum: 635]
      [Scan RS (ms): Min: 137.4, Avg: 137.7, Max: 138.0, Diff: 0.6, Sum: 275.4]
      [Code Root Scanning (ms): Min: 0.2, Avg: 0.2, Max: 0.2, Diff: 0.0, Sum: 0.4]
      [Object Copy (ms): Min: 78.6, Avg: 79.0, Max: 79.3, Diff: 0.7, Sum: 157.9]
      [Termination (ms): Min: 0.0, Avg: 0.0, Max: 0.0, Diff: 0.0, Sum: 0.0]
      [GC Worker Other (ms): Min: 0.0, Avg: 0.1, Max: 0.1, Diff: 0.1, Sum: 0.2]
      [GC Worker Total (ms): Min: 289.4, Avg: 289.4, Max: 289.5, Diff: 0.0, Sum: 578.9]
      [GC Worker End (ms): Min: 25294662.3, Avg: 25294662.3, Max: 25294662.4, Diff: 0.0]
   [Code Root Fixup: 0.3 ms]
   [Code Root Migration: 0.2 ms]
   [Clear CT: 0.6 ms]
   [Other: 7.6 ms]
      [Choose CSet: 1.5 ms]
      [Ref Proc: 1.1 ms]
      [Ref Enq: 0.1 ms]
      [Free CSet: 2.0 ms]
   [Eden: 178.0M(178.0M)->0.0B(184.0M) Survivors: 26.0M->20.0M Heap: 1402.0M(4096.0M)->1118.0M(4096.0M)]
 [Times: user=0.58 sys=0.00, real=0.30 secs] 
2016-08-30T20:37:38.617+0200: 25308.751: [GC pause (young), 0.1170820 secs]
   [Parallel Time: 109.8 ms, GC Workers: 2]
      [GC Worker Start (ms): Min: 25308752.8, Avg: 25308752.8, Max: 25308752.9, Diff: 0.1]
      [Ext Root Scanning (ms): Min: 48.5, Avg: 49.2, Max: 49.9, Diff: 1.4, Sum: 98.5]
      [Update RS (ms): Min: 24.4, Avg: 24.6, Max: 24.8, Diff: 0.4, Sum: 49.1]
         [Processed Buffers: Min: 268, Avg: 303.0, Max: 338, Diff: 70, Sum: 606]
      [Scan RS (ms): Min: 5.9, Avg: 6.0, Max: 6.0, Diff: 0.1, Sum: 11.9]
      [Code Root Scanning (ms): Min: 0.1, Avg: 0.1, Max: 0.1, Diff: 0.0, Sum: 0.1]
      [Object Copy (ms): Min: 29.3, Avg: 29.8, Max: 30.2, Diff: 0.9, Sum: 59.5]
      [Termination (ms): Min: 0.0, Avg: 0.0, Max: 0.0, Diff: 0.0, Sum: 0.0]
      [GC Worker Other (ms): Min: 0.1, Avg: 0.1, Max: 0.2, Diff: 0.0, Sum: 0.3]
      [GC Worker Total (ms): Min: 109.7, Avg: 109.7, Max: 109.8, Diff: 0.1, Sum: 219.5]
      [GC Worker End (ms): Min: 25308862.6, Avg: 25308862.6, Max: 25308862.6, Diff: 0.0]
   [Code Root Fixup: 0.6 ms]
   [Code Root Migration: 0.0 ms]
   [Clear CT: 0.4 ms]
   [Other: 6.2 ms]
      [Choose CSet: 0.0 ms]
      [Ref Proc: 2.9 ms]
      [Ref Enq: 0.1 ms]
      [Free CSet: 0.7 ms]
   [Eden: 184.0M(184.0M)->0.0B(190.0M) Survivors: 20.0M->14.0M Heap: 1302.0M(4096.0M)->1126.0M(4096.0M)]
 [Times: user=0.23 sys=0.00, real=0.12 secs] 
2016-08-30T20:37:46.599+0200: 25316.733: [GC pause (young), 0.1494340 secs]
   [Parallel Time: 142.3 ms, GC Workers: 2]
      [GC Worker Start (ms): Min: 25316734.8, Avg: 25316734.8, Max: 25316734.8, Diff: 0.0]
      [Ext Root Scanning (ms): Min: 54.7, Avg: 55.8, Max: 57.0, Diff: 2.3, Sum: 111.6]
      [Update RS (ms): Min: 37.5, Avg: 38.9, Max: 40.3, Diff: 2.7, Sum: 77.8]
         [Processed Buffers: Min: 356, Avg: 369.5, Max: 383, Diff: 27, Sum: 739]
      [Scan RS (ms): Min: 4.8, Avg: 5.1, Max: 5.4, Diff: 0.7, Sum: 10.2]
      [Code Root Scanning (ms): Min: 0.1, Avg: 0.1, Max: 0.1, Diff: 0.0, Sum: 0.1]
      [Object Copy (ms): Min: 41.7, Avg: 42.2, Max: 42.8, Diff: 1.1, Sum: 84.5]
      [Termination (ms): Min: 0.0, Avg: 0.0, Max: 0.0, Diff: 0.0, Sum: 0.0]
      [GC Worker Other (ms): Min: 0.1, Avg: 0.1, Max: 0.1, Diff: 0.1, Sum: 0.2]
      [GC Worker Total (ms): Min: 142.2, Avg: 142.2, Max: 142.2, Diff: 0.0, Sum: 284.4]
      [GC Worker End (ms): Min: 25316877.0, Avg: 25316877.0, Max: 25316877.0, Diff: 0.0]
   [Code Root Fixup: 0.6 ms]
   [Code Root Migration: 0.0 ms]
   [Clear CT: 0.5 ms]
   [Other: 6.0 ms]
      [Choose CSet: 0.0 ms]
      [Ref Proc: 2.0 ms]
      [Ref Enq: 0.3 ms]
      [Free CSet: 0.5 ms]
   [Eden: 190.0M(190.0M)->0.0B(178.0M) Survivors: 14.0M->26.0M Heap: 1316.0M(4096.0M)->1157.0M(4096.0M)]
 [Times: user=0.28 sys=0.00, real=0.15 secs] 
2016-08-30T20:38:00.662+0200: 25330.797: [GC pause (young), 0.1239100 secs]
   [Parallel Time: 117.8 ms, GC Workers: 2]
      [GC Worker Start (ms): Min: 25330797.8, Avg: 25330797.8, Max: 25330797.8, Diff: 0.0]
      [Ext Root Scanning (ms): Min: 50.0, Avg: 50.3, Max: 50.6, Diff: 0.6, Sum: 100.6]
      [Update RS (ms): Min: 23.7, Avg: 24.3, Max: 25.0, Diff: 1.3, Sum: 48.7]
         [Processed Buffers: Min: 288, Avg: 291.5, Max: 295, Diff: 7, Sum: 583]
      [Scan RS (ms): Min: 8.0, Avg: 8.4, Max: 8.8, Diff: 0.7, Sum: 16.8]
      [Code Root Scanning (ms): Min: 0.1, Avg: 0.1, Max: 0.1, Diff: 0.0, Sum: 0.1]
      [Object Copy (ms): Min: 34.0, Avg: 34.6, Max: 35.1, Diff: 1.1, Sum: 69.2]
      [Termination (ms): Min: 0.0, Avg: 0.0, Max: 0.0, Diff: 0.0, Sum: 0.0]
      [GC Worker Other (ms): Min: 0.0, Avg: 0.0, Max: 0.0, Diff: 0.0, Sum: 0.1]
      [GC Worker Total (ms): Min: 117.8, Avg: 117.8, Max: 117.8, Diff: 0.0, Sum: 235.5]
      [GC Worker End (ms): Min: 25330915.6, Avg: 25330915.6, Max: 25330915.6, Diff: 0.0]
   [Code Root Fixup: 0.5 ms]
   [Code Root Migration: 0.0 ms]
   [Clear CT: 0.4 ms]
   [Other: 5.1 ms]
      [Choose CSet: 0.0 ms]
      [Ref Proc: 1.9 ms]
      [Ref Enq: 0.1 ms]
      [Free CSet: 0.7 ms]
   [Eden: 178.0M(178.0M)->0.0B(192.0M) Survivors: 26.0M->12.0M Heap: 1335.0M(4096.0M)->1167.0M(4096.0M)]
 [Times: user=0.24 sys=0.01, real=0.13 secs] 
2016-08-30T20:38:13.575+0200: 25343.710: [GC pause (young), 0.1293850 secs]
   [Parallel Time: 123.9 ms, GC Workers: 2]
      [GC Worker Start (ms): Min: 25343711.2, Avg: 25343711.3, Max: 25343711.3, Diff: 0.1]
      [Ext Root Scanning (ms): Min: 50.6, Avg: 51.4, Max: 52.1, Diff: 1.5, Sum: 102.7]
      [Update RS (ms): Min: 34.8, Avg: 34.8, Max: 34.8, Diff: 0.0, Sum: 69.7]
         [Processed Buffers: Min: 348, Avg: 368.0, Max: 388, Diff: 40, Sum: 736]
      [Scan RS (ms): Min: 5.4, Avg: 5.5, Max: 5.5, Diff: 0.1, Sum: 10.9]
      [Code Root Scanning (ms): Min: 0.0, Avg: 0.1, Max: 0.1, Diff: 0.0, Sum: 0.1]
      [Object Copy (ms): Min: 31.3, Avg: 32.0, Max: 32.7, Diff: 1.4, Sum: 64.0]
      [Termination (ms): Min: 0.0, Avg: 0.0, Max: 0.0, Diff: 0.0, Sum: 0.0]
      [GC Worker Other (ms): Min: 0.1, Avg: 0.1, Max: 0.1, Diff: 0.0, Sum: 0.1]
      [GC Worker Total (ms): Min: 123.7, Avg: 123.8, Max: 123.8, Diff: 0.0, Sum: 247.5]
      [GC Worker End (ms): Min: 25343835.0, Avg: 25343835.0, Max: 25343835.0, Diff: 0.0]
   [Code Root Fixup: 0.3 ms]
   [Code Root Migration: 0.0 ms]
   [Clear CT: 0.3 ms]
   [Other: 4.9 ms]
      [Choose CSet: 0.0 ms]
      [Ref Proc: 1.6 ms]
      [Ref Enq: 0.1 ms]
      [Free CSet: 0.5 ms]
   [Eden: 192.0M(192.0M)->0.0B(178.0M) Survivors: 12.0M->26.0M Heap: 1359.0M(4096.0M)->1196.0M(4096.0M)]
 [Times: user=0.25 sys=0.00, real=0.13 secs] 
2016-08-30T20:38:29.541+0200: 25359.675: [GC pause (young), 0.1281970 secs]
   [Parallel Time: 122.2 ms, GC Workers: 2]
      [GC Worker Start (ms): Min: 25359676.6, Avg: 25359676.6, Max: 25359676.6, Diff: 0.0]
      [Ext Root Scanning (ms): Min: 51.0, Avg: 51.6, Max: 52.3, Diff: 1.4, Sum: 103.3]
      [Update RS (ms): Min: 25.6, Avg: 26.7, Max: 27.8, Diff: 2.2, Sum: 53.4]
         [Processed Buffers: Min: 251, Avg: 266.0, Max: 281, Diff: 30, Sum: 532]
      [Scan RS (ms): Min: 6.4, Avg: 6.9, Max: 7.5, Diff: 1.1, Sum: 13.8]
      [Code Root Scanning (ms): Min: 0.1, Avg: 0.1, Max: 0.1, Diff: 0.0, Sum: 0.1]
      [Object Copy (ms): Min: 36.5, Avg: 36.6, Max: 36.7, Diff: 0.3, Sum: 73.2]
      [Termination (ms): Min: 0.0, Avg: 0.0, Max: 0.0, Diff: 0.0, Sum: 0.0]
      [GC Worker Other (ms): Min: 0.1, Avg: 0.1, Max: 0.2, Diff: 0.1, Sum: 0.2]
      [GC Worker Total (ms): Min: 122.1, Avg: 122.1, Max: 122.1, Diff: 0.0, Sum: 244.1]
      [GC Worker End (ms): Min: 25359798.7, Avg: 25359798.7, Max: 25359798.7, Diff: 0.0]
   [Code Root Fixup: 0.5 ms]
   [Code Root Migration: 0.0 ms]
   [Clear CT: 0.4 ms]
   [Other: 5.0 ms]
      [Choose CSet: 0.0 ms]
      [Ref Proc: 1.8 ms]
      [Ref Enq: 0.1 ms]
      [Free CSet: 0.7 ms]
   [Eden: 178.0M(178.0M)->0.0B(378.0M) Survivors: 26.0M->18.0M Heap: 1374.0M(4096.0M)->1213.0M(4096.0M)]
 [Times: user=0.25 sys=0.00, real=0.13 secs] 
2016-08-30T20:38:55.476+0200: 25385.611: [GC pause (young), 0.1556020 secs]
   [Parallel Time: 146.7 ms, GC Workers: 2]
      [GC Worker Start (ms): Min: 25385612.4, Avg: 25385612.4, Max: 25385612.4, Diff: 0.0]
      [Ext Root Scanning (ms): Min: 52.6, Avg: 57.7, Max: 62.7, Diff: 10.1, Sum: 115.3]
      [Update RS (ms): Min: 34.9, Avg: 40.2, Max: 45.5, Diff: 10.6, Sum: 80.4]
         [Processed Buffers: Min: 286, Avg: 303.0, Max: 320, Diff: 34, Sum: 606]
      [Scan RS (ms): Min: 8.8, Avg: 8.8, Max: 8.8, Diff: 0.0, Sum: 17.6]
      [Code Root Scanning (ms): Min: 0.1, Avg: 0.1, Max: 0.1, Diff: 0.0, Sum: 0.2]
      [Object Copy (ms): Min: 39.5, Avg: 39.7, Max: 39.9, Diff: 0.4, Sum: 79.4]
      [Termination (ms): Min: 0.0, Avg: 0.0, Max: 0.0, Diff: 0.0, Sum: 0.0]
      [GC Worker Other (ms): Min: 0.1, Avg: 0.1, Max: 0.1, Diff: 0.0, Sum: 0.2]
      [GC Worker Total (ms): Min: 146.6, Avg: 146.6, Max: 146.6, Diff: 0.0, Sum: 293.2]
      [GC Worker End (ms): Min: 25385758.9, Avg: 25385759.0, Max: 25385759.0, Diff: 0.0]
   [Code Root Fixup: 0.4 ms]
   [Code Root Migration: 0.1 ms]
   [Clear CT: 0.7 ms]
   [Other: 7.7 ms]
      [Choose CSet: 0.0 ms]
      [Ref Proc: 3.8 ms]
      [Ref Enq: 0.4 ms]
      [Free CSet: 1.1 ms]
   [Eden: 378.0M(378.0M)->0.0B(246.0M) Survivors: 18.0M->40.0M Heap: 1591.0M(4096.0M)->1235.0M(4096.0M)]
 [Times: user=0.28 sys=0.00, real=0.16 secs] 
2016-08-30T20:39:11.445+0200: 25401.580: [GC pause (young), 0.1510840 secs]
   [Parallel Time: 144.7 ms, GC Workers: 2]
      [GC Worker Start (ms): Min: 25401581.7, Avg: 25401581.7, Max: 25401581.7, Diff: 0.0]
      [Ext Root Scanning (ms): Min: 52.3, Avg: 59.5, Max: 66.7, Diff: 14.4, Sum: 118.9]
      [Update RS (ms): Min: 26.1, Avg: 33.8, Max: 41.5, Diff: 15.5, Sum: 67.6]
         [Processed Buffers: Min: 220, Avg: 274.5, Max: 329, Diff: 109, Sum: 549]
      [Scan RS (ms): Min: 12.1, Avg: 12.6, Max: 13.1, Diff: 1.0, Sum: 25.3]
      [Code Root Scanning (ms): Min: 0.1, Avg: 0.1, Max: 0.1, Diff: 0.1, Sum: 0.2]
      [Object Copy (ms): Min: 38.3, Avg: 38.4, Max: 38.4, Diff: 0.0, Sum: 76.7]
      [Termination (ms): Min: 0.0, Avg: 0.0, Max: 0.0, Diff: 0.0, Sum: 0.0]
      [GC Worker Other (ms): Min: 0.2, Avg: 0.2, Max: 0.2, Diff: 0.0, Sum: 0.4]
      [GC Worker Total (ms): Min: 144.6, Avg: 144.6, Max: 144.6, Diff: 0.0, Sum: 289.1]
      [GC Worker End (ms): Min: 25401726.2, Avg: 25401726.2, Max: 25401726.2, Diff: 0.0]
   [Code Root Fixup: 0.2 ms]
   [Code Root Migration: 0.0 ms]
   [Clear CT: 0.4 ms]
   [Other: 5.7 ms]
      [Choose CSet: 0.0 ms]
      [Ref Proc: 1.6 ms]
      [Ref Enq: 0.1 ms]
      [Free CSet: 0.6 ms]
   [Eden: 246.0M(246.0M)->0.0B(606.0M) Survivors: 40.0M->20.0M Heap: 1481.0M(4096.0M)->1243.0M(4096.0M)]
 [Times: user=0.28 sys=0.00, real=0.15 secs] 
2016-08-30T20:39:52.696+0200: 25442.830: [GC pause (young), 0.1648570 secs]
   [Parallel Time: 154.8 ms, GC Workers: 2]
      [GC Worker Start (ms): Min: 25442831.8, Avg: 25442831.8, Max: 25442831.8, Diff: 0.0]
      [Ext Root Scanning (ms): Min: 55.4, Avg: 58.8, Max: 62.1, Diff: 6.7, Sum: 117.5]
      [Update RS (ms): Min: 41.4, Avg: 45.3, Max: 49.2, Diff: 7.8, Sum: 90.5]
         [Processed Buffers: Min: 244, Avg: 278.0, Max: 312, Diff: 68, Sum: 556]
      [Scan RS (ms): Min: 10.0, Avg: 10.1, Max: 10.2, Diff: 0.2, Sum: 20.2]
      [Code Root Scanning (ms): Min: 0.1, Avg: 0.1, Max: 0.2, Diff: 0.0, Sum: 0.3]
      [Object Copy (ms): Min: 39.6, Avg: 40.2, Max: 40.9, Diff: 1.3, Sum: 80.5]
      [Termination (ms): Min: 0.0, Avg: 0.0, Max: 0.0, Diff: 0.0, Sum: 0.0]
      [GC Worker Other (ms): Min: 0.1, Avg: 0.2, Max: 0.2, Diff: 0.1, Sum: 0.4]
      [GC Worker Total (ms): Min: 154.7, Avg: 154.7, Max: 154.7, Diff: 0.0, Sum: 309.4]
      [GC Worker End (ms): Min: 25442986.5, Avg: 25442986.5, Max: 25442986.5, Diff: 0.0]
   [Code Root Fixup: 0.4 ms]
   [Code Root Migration: 0.1 ms]
   [Clear CT: 0.5 ms]
   [Other: 9.1 ms]
      [Choose CSet: 0.0 ms]
      [Ref Proc: 4.9 ms]
      [Ref Enq: 0.4 ms]
      [Free CSet: 1.4 ms]
   [Eden: 606.0M(606.0M)->0.0B(438.0M) Survivors: 20.0M->48.0M Heap: 1849.0M(4096.0M)->1271.0M(4096.0M)]
 [Times: user=0.29 sys=0.00, real=0.17 secs] 
2016-08-30T20:40:20.596+0200: 25470.731: [GC pause (young), 0.1776330 secs]
   [Parallel Time: 167.9 ms, GC Workers: 2]
      [GC Worker Start (ms): Min: 25470732.2, Avg: 25470732.3, Max: 25470732.3, Diff: 0.0]
      [Ext Root Scanning (ms): Min: 54.8, Avg: 64.9, Max: 75.0, Diff: 20.2, Sum: 129.8]
      [Update RS (ms): Min: 25.1, Avg: 36.0, Max: 46.9, Diff: 21.8, Sum: 72.0]
         [Processed Buffers: Min: 201, Avg: 390.5, Max: 580, Diff: 379, Sum: 781]
      [Scan RS (ms): Min: 11.6, Avg: 12.0, Max: 12.4, Diff: 0.8, Sum: 24.1]
      [Code Root Scanning (ms): Min: 0.1, Avg: 0.1, Max: 0.1, Diff: 0.0, Sum: 0.3]
      [Object Copy (ms): Min: 54.3, Avg: 54.7, Max: 55.1, Diff: 0.8, Sum: 109.4]
      [Termination (ms): Min: 0.0, Avg: 0.0, Max: 0.0, Diff: 0.0, Sum: 0.0]
      [GC Worker Other (ms): Min: 0.0, Avg: 0.1, Max: 0.1, Diff: 0.1, Sum: 0.2]
      [GC Worker Total (ms): Min: 167.8, Avg: 167.8, Max: 167.9, Diff: 0.0, Sum: 335.7]
      [GC Worker End (ms): Min: 25470900.1, Avg: 25470900.1, Max: 25470900.1, Diff: 0.0]
   [Code Root Fixup: 0.5 ms]
   [Code Root Migration: 0.1 ms]
   [Clear CT: 0.5 ms]
   [Other: 8.6 ms]
      [Choose CSet: 0.0 ms]
      [Ref Proc: 4.1 ms]
      [Ref Enq: 0.4 ms]
      [Free CSet: 1.0 ms]
   [Eden: 438.0M(438.0M)->0.0B(326.0M) Survivors: 48.0M->54.0M Heap: 1709.0M(4096.0M)->1305.0M(4096.0M)]
 [Times: user=0.34 sys=0.00, real=0.18 secs] 
2016-08-30T20:40:41.618+0200: 25491.753: [GC pause (young), 0.1644290 secs]
   [Parallel Time: 155.4 ms, GC Workers: 2]
      [GC Worker Start (ms): Min: 25491754.2, Avg: 25491754.2, Max: 25491754.2, Diff: 0.0]
      [Ext Root Scanning (ms): Min: 50.5, Avg: 51.1, Max: 51.6, Diff: 1.1, Sum: 102.1]
      [Update RS (ms): Min: 38.4, Avg: 38.5, Max: 38.6, Diff: 0.2, Sum: 77.0]
         [Processed Buffers: Min: 330, Avg: 334.0, Max: 338, Diff: 8, Sum: 668]
      [Scan RS (ms): Min: 11.3, Avg: 11.8, Max: 12.3, Diff: 1.0, Sum: 23.6]
      [Code Root Scanning (ms): Min: 0.1, Avg: 0.1, Max: 0.2, Diff: 0.1, Sum: 0.3]
      [Object Copy (ms): Min: 53.6, Avg: 53.7, Max: 53.8, Diff: 0.2, Sum: 107.5]
      [Termination (ms): Min: 0.0, Avg: 0.0, Max: 0.0, Diff: 0.0, Sum: 0.0]
      [GC Worker Other (ms): Min: 0.1, Avg: 0.1, Max: 0.2, Diff: 0.1, Sum: 0.2]
      [GC Worker Total (ms): Min: 155.3, Avg: 155.4, Max: 155.4, Diff: 0.0, Sum: 310.7]
      [GC Worker End (ms): Min: 25491909.5, Avg: 25491909.5, Max: 25491909.5, Diff: 0.0]
   [Code Root Fixup: 0.4 ms]
   [Code Root Migration: 0.1 ms]
   [Clear CT: 0.5 ms]
   [Other: 8.0 ms]
      [Choose CSet: 0.0 ms]
      [Ref Proc: 3.5 ms]
      [Ref Enq: 0.3 ms]
      [Free CSet: 1.0 ms]
   [Eden: 326.0M(326.0M)->0.0B(542.0M) Survivors: 54.0M->28.0M Heap: 1631.0M(4096.0M)->1300.0M(4096.0M)]
 [Times: user=0.30 sys=0.01, real=0.16 secs] 
2016-08-30T20:41:22.544+0200: 25532.678: [GC pause (young), 0.1562790 secs]
   [Parallel Time: 148.6 ms, GC Workers: 2]
      [GC Worker Start (ms): Min: 25532679.6, Avg: 25532679.6, Max: 25532679.6, Diff: 0.0]
      [Ext Root Scanning (ms): Min: 49.4, Avg: 50.0, Max: 50.6, Diff: 1.1, Sum: 100.0]
      [Update RS (ms): Min: 42.2, Avg: 42.3, Max: 42.5, Diff: 0.3, Sum: 84.7]
         [Processed Buffers: Min: 273, Avg: 283.5, Max: 294, Diff: 21, Sum: 567]
      [Scan RS (ms): Min: 12.5, Avg: 12.7, Max: 13.0, Diff: 0.5, Sum: 25.5]
      [Code Root Scanning (ms): Min: 0.2, Avg: 0.2, Max: 0.2, Diff: 0.1, Sum: 0.4]
      [Object Copy (ms): Min: 42.6, Avg: 43.1, Max: 43.6, Diff: 0.9, Sum: 86.2]
      [Termination (ms): Min: 0.0, Avg: 0.0, Max: 0.0, Diff: 0.0, Sum: 0.0]
      [GC Worker Other (ms): Min: 0.1, Avg: 0.1, Max: 0.2, Diff: 0.1, Sum: 0.2]
      [GC Worker Total (ms): Min: 148.5, Avg: 148.5, Max: 148.5, Diff: 0.0, Sum: 297.0]
      [GC Worker End (ms): Min: 25532828.1, Avg: 25532828.1, Max: 25532828.1, Diff: 0.0]
   [Code Root Fixup: 0.3 ms]
   [Code Root Migration: 0.1 ms]
   [Clear CT: 0.4 ms]
   [Other: 6.9 ms]
      [Choose CSet: 0.0 ms]
      [Ref Proc: 3.4 ms]
      [Ref Enq: 0.2 ms]
      [Free CSet: 1.0 ms]
   [Eden: 542.0M(542.0M)->0.0B(510.0M) Survivors: 28.0M->54.0M Heap: 1842.0M(4096.0M)->1325.0M(4096.0M)]
 [Times: user=0.30 sys=0.00, real=0.15 secs] 
2016-08-30T20:42:04.445+0200: 25574.580: [GC pause (young), 0.2069410 secs]
   [Parallel Time: 196.9 ms, GC Workers: 2]
      [GC Worker Start (ms): Min: 25574580.9, Avg: 25574580.9, Max: 25574580.9, Diff: 0.0]
      [Ext Root Scanning (ms): Min: 48.8, Avg: 54.7, Max: 60.7, Diff: 11.9, Sum: 109.5]
      [Update RS (ms): Min: 55.3, Avg: 61.1, Max: 66.9, Diff: 11.6, Sum: 122.2]
         [Processed Buffers: Min: 224, Avg: 266.5, Max: 309, Diff: 85, Sum: 533]
      [Scan RS (ms): Min: 21.3, Avg: 22.5, Max: 23.7, Diff: 2.4, Sum: 45.1]
      [Code Root Scanning (ms): Min: 0.2, Avg: 0.2, Max: 0.2, Diff: 0.0, Sum: 0.4]
      [Object Copy (ms): Min: 57.1, Avg: 58.1, Max: 59.1, Diff: 1.9, Sum: 116.2]
      [Termination (ms): Min: 0.0, Avg: 0.0, Max: 0.0, Diff: 0.0, Sum: 0.0]
      [GC Worker Other (ms): Min: 0.1, Avg: 0.1, Max: 0.2, Diff: 0.1, Sum: 0.2]
      [GC Worker Total (ms): Min: 196.8, Avg: 196.8, Max: 196.8, Diff: 0.0, Sum: 393.6]
      [GC Worker End (ms): Min: 25574777.7, Avg: 25574777.7, Max: 25574777.7, Diff: 0.0]
   [Code Root Fixup: 0.4 ms]
   [Code Root Migration: 0.1 ms]
   [Clear CT: 0.6 ms]
   [Other: 9.0 ms]
      [Choose CSet: 0.0 ms]
      [Ref Proc: 4.6 ms]
      [Ref Enq: 0.4 ms]
      [Free CSet: 1.4 ms]
   [Eden: 510.0M(510.0M)->0.0B(350.0M) Survivors: 54.0M->30.0M Heap: 1835.0M(4096.0M)->1322.0M(4096.0M)]
 [Times: user=0.34 sys=0.00, real=0.21 secs] 
2016-08-30T20:42:29.843+0200: 25599.977: [GC pause (young), 0.1162040 secs]
   [Parallel Time: 111.2 ms, GC Workers: 2]
      [GC Worker Start (ms): Min: 25599978.2, Avg: 25599978.2, Max: 25599978.2, Diff: 0.0]
      [Ext Root Scanning (ms): Min: 45.4, Avg: 51.7, Max: 58.0, Diff: 12.5, Sum: 103.4]
      [Update RS (ms): Min: 16.6, Avg: 23.5, Max: 30.5, Diff: 13.9, Sum: 47.1]
         [Processed Buffers: Min: 133, Avg: 257.0, Max: 381, Diff: 248, Sum: 514]
      [Scan RS (ms): Min: 7.6, Avg: 7.9, Max: 8.2, Diff: 0.7, Sum: 15.8]
      [Code Root Scanning (ms): Min: 0.1, Avg: 0.1, Max: 0.1, Diff: 0.0, Sum: 0.2]
      [Object Copy (ms): Min: 27.5, Avg: 27.7, Max: 28.0, Diff: 0.5, Sum: 55.5]
      [Termination (ms): Min: 0.0, Avg: 0.0, Max: 0.0, Diff: 0.0, Sum: 0.0]
      [GC Worker Other (ms): Min: 0.1, Avg: 0.2, Max: 0.3, Diff: 0.2, Sum: 0.4]
      [GC Worker Total (ms): Min: 111.2, Avg: 111.2, Max: 111.2, Diff: 0.0, Sum: 222.3]
      [GC Worker End (ms): Min: 25600089.4, Avg: 25600089.4, Max: 25600089.4, Diff: 0.0]
   [Code Root Fixup: 0.3 ms]
   [Code Root Migration: 0.1 ms]
   [Clear CT: 0.4 ms]
   [Other: 4.3 ms]
      [Choose CSet: 0.0 ms]
      [Ref Proc: 1.9 ms]
      [Ref Enq: 0.1 ms]
      [Free CSet: 0.7 ms]
   [Eden: 350.0M(350.0M)->0.0B(598.0M) Survivors: 30.0M->24.0M Heap: 1672.0M(4096.0M)->1333.0M(4096.0M)]
 [Times: user=0.20 sys=0.00, real=0.12 secs] 
2016-08-30T20:43:11.443+0200: 25641.577: [GC pause (young), 0.2292460 secs]
   [Parallel Time: 221.4 ms, GC Workers: 2]
      [GC Worker Start (ms): Min: 25641578.6, Avg: 25641578.7, Max: 25641578.7, Diff: 0.0]
      [Ext Root Scanning (ms): Min: 93.3, Avg: 100.2, Max: 107.1, Diff: 13.7, Sum: 200.4]
      [Update RS (ms): Min: 54.9, Avg: 62.0, Max: 69.2, Diff: 14.3, Sum: 124.0]
         [Processed Buffers: Min: 106, Avg: 278.0, Max: 450, Diff: 344, Sum: 556]
      [Scan RS (ms): Min: 9.9, Avg: 10.3, Max: 10.6, Diff: 0.7, Sum: 20.5]
      [Code Root Scanning (ms): Min: 0.1, Avg: 0.2, Max: 0.2, Diff: 0.1, Sum: 0.3]
      [Object Copy (ms): Min: 47.9, Avg: 48.5, Max: 49.1, Diff: 1.2, Sum: 97.0]
      [Termination (ms): Min: 0.0, Avg: 0.1, Max: 0.2, Diff: 0.2, Sum: 0.2]
      [GC Worker Other (ms): Min: 0.1, Avg: 0.1, Max: 0.1, Diff: 0.0, Sum: 0.3]
      [GC Worker Total (ms): Min: 221.3, Avg: 221.3, Max: 221.4, Diff: 0.0, Sum: 442.7]
      [GC Worker End (ms): Min: 25641800.0, Avg: 25641800.0, Max: 25641800.0, Diff: 0.0]
   [Code Root Fixup: 0.3 ms]
   [Code Root Migration: 0.1 ms]
   [Clear CT: 0.4 ms]
   [Other: 7.0 ms]
      [Choose CSet: 0.0 ms]
      [Ref Proc: 3.3 ms]
      [Ref Enq: 0.2 ms]
      [Free CSet: 1.0 ms]
   [Eden: 598.0M(598.0M)->0.0B(186.0M) Survivors: 24.0M->46.0M Heap: 1931.0M(4096.0M)->1354.0M(4096.0M)]
 [Times: user=0.26 sys=0.01, real=0.23 secs] 
2016-08-30T20:43:19.786+0200: 25649.921: [GC pause (young), 0.1515950 secs]
   [Parallel Time: 146.2 ms, GC Workers: 2]
      [GC Worker Start (ms): Min: 25649922.3, Avg: 25649922.4, Max: 25649922.4, Diff: 0.1]
      [Ext Root Scanning (ms): Min: 51.2, Avg: 51.3, Max: 51.4, Diff: 0.3, Sum: 102.6]
      [Update RS (ms): Min: 29.4, Avg: 29.5, Max: 29.6, Diff: 0.1, Sum: 59.0]
         [Processed Buffers: Min: 312, Avg: 352.0, Max: 392, Diff: 80, Sum: 704]
      [Scan RS (ms): Min: 12.8, Avg: 12.8, Max: 12.8, Diff: 0.0, Sum: 25.6]
      [Code Root Scanning (ms): Min: 0.0, Avg: 0.1, Max: 0.1, Diff: 0.1, Sum: 0.2]
      [Object Copy (ms): Min: 52.2, Avg: 52.3, Max: 52.4, Diff: 0.1, Sum: 104.6]
      [Termination (ms): Min: 0.0, Avg: 0.0, Max: 0.0, Diff: 0.0, Sum: 0.0]
      [GC Worker Other (ms): Min: 0.2, Avg: 0.2, Max: 0.2, Diff: 0.0, Sum: 0.3]
      [GC Worker Total (ms): Min: 146.1, Avg: 146.1, Max: 146.2, Diff: 0.1, Sum: 292.3]
      [GC Worker End (ms): Min: 25650068.5, Avg: 25650068.5, Max: 25650068.5, Diff: 0.0]
   [Code Root Fixup: 0.2 ms]
   [Code Root Migration: 0.0 ms]
   [Clear CT: 0.4 ms]
   [Other: 4.7 ms]
      [Choose CSet: 0.0 ms]
      [Ref Proc: 1.1 ms]
      [Ref Enq: 0.1 ms]
      [Free CSet: 0.5 ms]
   [Eden: 186.0M(186.0M)->0.0B(304.0M) Survivors: 46.0M->30.0M Heap: 1540.0M(4096.0M)->1377.0M(4096.0M)]
 [Times: user=0.30 sys=0.00, real=0.15 secs] 
2016-08-30T20:43:42.811+0200: 25672.946: [GC pause (young), 0.1614190 secs]
   [Parallel Time: 153.7 ms, GC Workers: 2]
      [GC Worker Start (ms): Min: 25672947.3, Avg: 25672947.3, Max: 25672947.4, Diff: 0.1]
      [Ext Root Scanning (ms): Min: 52.1, Avg: 53.4, Max: 54.7, Diff: 2.6, Sum: 106.8]
      [Update RS (ms): Min: 39.3, Avg: 40.9, Max: 42.6, Diff: 3.3, Sum: 81.8]
         [Processed Buffers: Min: 326, Avg: 384.0, Max: 442, Diff: 116, Sum: 768]
      [Scan RS (ms): Min: 8.1, Avg: 8.5, Max: 8.9, Diff: 0.8, Sum: 17.0]
      [Code Root Scanning (ms): Min: 0.1, Avg: 0.1, Max: 0.1, Diff: 0.1, Sum: 0.2]
      [Object Copy (ms): Min: 49.7, Avg: 50.4, Max: 51.2, Diff: 1.6, Sum: 100.9]
      [Termination (ms): Min: 0.0, Avg: 0.0, Max: 0.0, Diff: 0.0, Sum: 0.0]
      [GC Worker Other (ms): Min: 0.2, Avg: 0.2, Max: 0.2, Diff: 0.0, Sum: 0.4]
      [GC Worker Total (ms): Min: 153.5, Avg: 153.5, Max: 153.6, Diff: 0.1, Sum: 307.1]
      [GC Worker End (ms): Min: 25673100.8, Avg: 25673100.8, Max: 25673100.8, Diff: 0.0]
   [Code Root Fixup: 0.4 ms]
   [Code Root Migration: 0.1 ms]
   [Clear CT: 0.5 ms]
   [Other: 6.8 ms]
      [Choose CSet: 0.0 ms]
      [Ref Proc: 2.5 ms]
      [Ref Enq: 0.2 ms]
      [Free CSet: 0.9 ms]
   [Eden: 304.0M(304.0M)->0.0B(302.0M) Survivors: 30.0M->38.0M Heap: 1681.0M(4096.0M)->1412.0M(4096.0M)]
 [Times: user=0.32 sys=0.00, real=0.16 secs] 
2016-08-30T20:44:09.067+0200: 25699.201: [GC pause (young), 0.1338100 secs]
   [Parallel Time: 126.3 ms, GC Workers: 2]
      [GC Worker Start (ms): Min: 25699202.3, Avg: 25699202.3, Max: 25699202.3, Diff: 0.0]
      [Ext Root Scanning (ms): Min: 49.4, Avg: 49.5, Max: 49.6, Diff: 0.3, Sum: 99.0]
      [Update RS (ms): Min: 29.0, Avg: 29.7, Max: 30.5, Diff: 1.5, Sum: 59.4]
         [Processed Buffers: Min: 253, Avg: 265.5, Max: 278, Diff: 25, Sum: 531]
      [Scan RS (ms): Min: 9.8, Avg: 10.1, Max: 10.4, Diff: 0.6, Sum: 20.2]
      [Code Root Scanning (ms): Min: 0.1, Avg: 0.1, Max: 0.1, Diff: 0.0, Sum: 0.2]
      [Object Copy (ms): Min: 36.3, Avg: 36.5, Max: 36.8, Diff: 0.5, Sum: 73.1]
      [Termination (ms): Min: 0.0, Avg: 0.0, Max: 0.0, Diff: 0.0, Sum: 0.0]
      [GC Worker Other (ms): Min: 0.1, Avg: 0.2, Max: 0.2, Diff: 0.1, Sum: 0.4]
      [GC Worker Total (ms): Min: 126.2, Avg: 126.2, Max: 126.2, Diff: 0.0, Sum: 252.4]
      [GC Worker End (ms): Min: 25699328.4, Avg: 25699328.4, Max: 25699328.5, Diff: 0.0]
   [Code Root Fixup: 0.4 ms]
   [Code Root Migration: 0.1 ms]
   [Clear CT: 0.6 ms]
   [Other: 6.4 ms]
      [Choose CSet: 0.0 ms]
      [Ref Proc: 2.9 ms]
      [Ref Enq: 0.2 ms]
      [Free CSet: 1.0 ms]
   [Eden: 302.0M(302.0M)->0.0B(716.0M) Survivors: 38.0M->22.0M Heap: 1714.0M(4096.0M)->1409.0M(4096.0M)]
 [Times: user=0.26 sys=0.00, real=0.14 secs] 
2016-08-30T20:44:51.971+0200: 25742.106: [GC pause (young), 0.1803380 secs]
   [Parallel Time: 166.8 ms, GC Workers: 2]
      [GC Worker Start (ms): Min: 25742107.1, Avg: 25742109.2, Max: 25742111.2, Diff: 4.1]
      [Ext Root Scanning (ms): Min: 48.8, Avg: 51.0, Max: 53.2, Diff: 4.4, Sum: 102.1]
      [Update RS (ms): Min: 46.2, Avg: 46.5, Max: 46.8, Diff: 0.6, Sum: 93.1]
         [Processed Buffers: Min: 302, Avg: 324.5, Max: 347, Diff: 45, Sum: 649]
      [Scan RS (ms): Min: 12.6, Avg: 12.7, Max: 12.8, Diff: 0.2, Sum: 25.4]
      [Code Root Scanning (ms): Min: 0.2, Avg: 0.2, Max: 0.3, Diff: 0.1, Sum: 0.4]
      [Object Copy (ms): Min: 54.0, Avg: 54.1, Max: 54.1, Diff: 0.1, Sum: 108.1]
      [Termination (ms): Min: 0.0, Avg: 0.0, Max: 0.0, Diff: 0.0, Sum: 0.0]
      [GC Worker Other (ms): Min: 0.2, Avg: 0.2, Max: 0.2, Diff: 0.0, Sum: 0.3]
      [GC Worker Total (ms): Min: 162.6, Avg: 164.7, Max: 166.8, Diff: 4.1, Sum: 329.4]
      [GC Worker End (ms): Min: 25742273.9, Avg: 25742273.9, Max: 25742273.9, Diff: 0.0]
   [Code Root Fixup: 0.6 ms]
   [Code Root Migration: 0.1 ms]
   [Clear CT: 0.7 ms]
   [Other: 12.1 ms]
      [Choose CSet: 0.0 ms]
      [Ref Proc: 7.1 ms]
      [Ref Enq: 0.5 ms]
      [Free CSet: 1.9 ms]
   [Eden: 620.0M(542.0M)->0.0B(446.0M) Survivors: 22.0M->56.0M Heap: 2029.0M(4096.0M)->1443.0M(4096.0M)]
 [Times: user=0.34 sys=0.00, real=0.18 secs] 
2016-08-30T20:45:21.965+0200: 25772.100: [GC pause (young), 0.1815630 secs]
   [Parallel Time: 172.4 ms, GC Workers: 2]
      [GC Worker Start (ms): Min: 25772101.2, Avg: 25772101.2, Max: 25772101.2, Diff: 0.0]
      [Ext Root Scanning (ms): Min: 51.0, Avg: 53.4, Max: 55.8, Diff: 4.8, Sum: 106.8]
      [Update RS (ms): Min: 34.7, Avg: 37.5, Max: 40.3, Diff: 5.6, Sum: 75.0]
         [Processed Buffers: Min: 281, Avg: 287.0, Max: 293, Diff: 12, Sum: 574]
      [Scan RS (ms): Min: 15.6, Avg: 15.8, Max: 16.1, Diff: 0.4, Sum: 31.7]
      [Code Root Scanning (ms): Min: 0.1, Avg: 0.1, Max: 0.2, Diff: 0.1, Sum: 0.3]
      [Object Copy (ms): Min: 64.6, Avg: 65.3, Max: 66.0, Diff: 1.3, Sum: 130.6]
      [Termination (ms): Min: 0.0, Avg: 0.0, Max: 0.0, Diff: 0.0, Sum: 0.0]
      [GC Worker Other (ms): Min: 0.2, Avg: 0.2, Max: 0.2, Diff: 0.0, Sum: 0.3]
      [GC Worker Total (ms): Min: 172.3, Avg: 172.4, Max: 172.4, Diff: 0.0, Sum: 344.7]
      [GC Worker End (ms): Min: 25772273.5, Avg: 25772273.5, Max: 25772273.5, Diff: 0.0]
   [Code Root Fixup: 0.5 ms]
   [Code Root Migration: 0.1 ms]
   [Clear CT: 0.7 ms]
   [Other: 7.9 ms]
      [Choose CSet: 0.0 ms]
      [Ref Proc: 3.7 ms]
      [Ref Enq: 0.3 ms]
      [Free CSet: 1.3 ms]
   [Eden: 398.0M(208.0M)->0.0B(554.0M) Survivors: 56.0M->34.0M Heap: 1841.0M(4096.0M)->1455.0M(4096.0M)]
 [Times: user=0.35 sys=0.00, real=0.18 secs] 
2016-08-30T20:45:55.600+0200: 25805.734: [GC pause (young), 0.1638960 secs]
   [Parallel Time: 152.4 ms, GC Workers: 2]
      [GC Worker Start (ms): Min: 25805735.4, Avg: 25805735.4, Max: 25805735.4, Diff: 0.0]
      [Ext Root Scanning (ms): Min: 51.0, Avg: 51.3, Max: 51.6, Diff: 0.6, Sum: 102.7]
      [Update RS (ms): Min: 40.3, Avg: 40.5, Max: 40.6, Diff: 0.2, Sum: 80.9]
         [Processed Buffers: Min: 261, Avg: 261.5, Max: 262, Diff: 1, Sum: 523]
      [Scan RS (ms): Min: 12.4, Avg: 12.9, Max: 13.3, Diff: 1.0, Sum: 25.7]
      [Code Root Scanning (ms): Min: 0.2, Avg: 0.2, Max: 0.2, Diff: 0.0, Sum: 0.3]
      [Object Copy (ms): Min: 47.0, Avg: 47.3, Max: 47.6, Diff: 0.6, Sum: 94.6]
      [Termination (ms): Min: 0.0, Avg: 0.0, Max: 0.0, Diff: 0.0, Sum: 0.0]
      [GC Worker Other (ms): Min: 0.1, Avg: 0.2, Max: 0.2, Diff: 0.0, Sum: 0.3]
      [GC Worker Total (ms): Min: 152.3, Avg: 152.3, Max: 152.3, Diff: 0.0, Sum: 304.6]
      [GC Worker End (ms): Min: 25805887.7, Avg: 25805887.7, Max: 25805887.7, Diff: 0.0]
   [Code Root Fixup: 0.5 ms]
   [Code Root Migration: 0.1 ms]
   [Clear CT: 0.6 ms]
   [Other: 10.3 ms]
      [Choose CSet: 0.0 ms]
      [Ref Proc: 6.0 ms]
      [Ref Enq: 0.4 ms]
      [Free CSet: 1.5 ms]
   [Eden: 496.0M(340.0M)->0.0B(792.0M) Survivors: 34.0M->26.0M Heap: 1951.0M(4096.0M)->1467.0M(4096.0M)]
 [Times: user=0.31 sys=0.00, real=0.16 secs] 
2016-08-30T20:46:40.922+0200: 25851.056: [GC pause (young), 0.1769610 secs]
   [Parallel Time: 166.5 ms, GC Workers: 2]
      [GC Worker Start (ms): Min: 25851057.8, Avg: 25851057.8, Max: 25851057.8, Diff: 0.0]
      [Ext Root Scanning (ms): Min: 50.8, Avg: 57.6, Max: 64.4, Diff: 13.5, Sum: 115.2]
      [Update RS (ms): Min: 32.5, Avg: 40.1, Max: 47.8, Diff: 15.3, Sum: 80.3]
         [Processed Buffers: Min: 209, Avg: 246.5, Max: 284, Diff: 75, Sum: 493]
      [Scan RS (ms): Min: 14.4, Avg: 14.5, Max: 14.6, Diff: 0.2, Sum: 28.9]
      [Code Root Scanning (ms): Min: 0.2, Avg: 0.2, Max: 0.2, Diff: 0.0, Sum: 0.4]
      [Object Copy (ms): Min: 52.9, Avg: 53.9, Max: 54.9, Diff: 2.0, Sum: 107.8]
      [Termination (ms): Min: 0.0, Avg: 0.0, Max: 0.0, Diff: 0.0, Sum: 0.0]
      [GC Worker Other (ms): Min: 0.1, Avg: 0.1, Max: 0.2, Diff: 0.0, Sum: 0.3]
      [GC Worker Total (ms): Min: 166.4, Avg: 166.4, Max: 166.4, Diff: 0.0, Sum: 332.9]
      [GC Worker End (ms): Min: 25851224.2, Avg: 25851224.2, Max: 25851224.2, Diff: 0.0]
   [Code Root Fixup: 0.5 ms]
   [Code Root Migration: 0.1 ms]
   [Clear CT: 0.7 ms]
   [Other: 9.2 ms]
      [Choose CSet: 0.0 ms]
      [Ref Proc: 4.9 ms]
      [Ref Enq: 0.4 ms]
      [Free CSet: 1.5 ms]
   [Eden: 542.0M(538.0M)->0.0B(486.0M) Survivors: 26.0M->42.0M Heap: 2009.0M(4096.0M)->1483.0M(4096.0M)]
 [Times: user=0.35 sys=0.01, real=0.17 secs] 
2016-08-30T20:47:14.575+0200: 25884.709: [GC pause (young), 0.1611530 secs]
   [Parallel Time: 153.9 ms, GC Workers: 2]
      [GC Worker Start (ms): Min: 25884711.0, Avg: 25884711.1, Max: 25884711.1, Diff: 0.0]
      [Ext Root Scanning (ms): Min: 49.4, Avg: 49.9, Max: 50.4, Diff: 1.0, Sum: 99.8]
      [Update RS (ms): Min: 40.8, Avg: 41.1, Max: 41.4, Diff: 0.6, Sum: 82.2]
         [Processed Buffers: Min: 340, Avg: 362.5, Max: 385, Diff: 45, Sum: 725]
      [Scan RS (ms): Min: 12.9, Avg: 13.0, Max: 13.0, Diff: 0.1, Sum: 25.9]
      [Code Root Scanning (ms): Min: 0.1, Avg: 0.1, Max: 0.1, Diff: 0.0, Sum: 0.2]
      [Object Copy (ms): Min: 48.8, Avg: 49.6, Max: 50.5, Diff: 1.7, Sum: 99.2]
      [Termination (ms): Min: 0.0, Avg: 0.0, Max: 0.0, Diff: 0.0, Sum: 0.0]
      [GC Worker Other (ms): Min: 0.1, Avg: 0.1, Max: 0.1, Diff: 0.0, Sum: 0.3]
      [GC Worker Total (ms): Min: 153.8, Avg: 153.8, Max: 153.8, Diff: 0.0, Sum: 307.6]
      [GC Worker End (ms): Min: 25884864.9, Avg: 25884864.9, Max: 25884864.9, Diff: 0.0]
   [Code Root Fixup: 0.3 ms]
   [Code Root Migration: 0.1 ms]
   [Clear CT: 0.5 ms]
   [Other: 6.4 ms]
      [Choose CSet: 0.0 ms]
      [Ref Proc: 2.5 ms]
      [Ref Enq: 0.2 ms]
      [Free CSet: 1.0 ms]
   [Eden: 470.0M(268.0M)->0.0B(518.0M) Survivors: 42.0M->40.0M Heap: 1953.0M(4096.0M)->1512.0M(4096.0M)]
 [Times: user=0.31 sys=0.00, real=0.17 secs] 
2016-08-30T20:48:00.665+0200: 25930.800: [GC pause (young), 0.1575390 secs]
   [Parallel Time: 150.0 ms, GC Workers: 2]
      [GC Worker Start (ms): Min: 25930800.9, Avg: 25930800.9, Max: 25930800.9, Diff: 0.0]
      [Ext Root Scanning (ms): Min: 50.0, Avg: 50.6, Max: 51.2, Diff: 1.1, Sum: 101.2]
      [Update RS (ms): Min: 42.2, Avg: 42.4, Max: 42.6, Diff: 0.4, Sum: 84.8]
         [Processed Buffers: Min: 214, Avg: 251.0, Max: 288, Diff: 74, Sum: 502]
      [Scan RS (ms): Min: 13.6, Avg: 13.6, Max: 13.6, Diff: 0.1, Sum: 27.2]
      [Code Root Scanning (ms): Min: 0.2, Avg: 0.2, Max: 0.2, Diff: 0.0, Sum: 0.4]
      [Object Copy (ms): Min: 42.6, Avg: 42.9, Max: 43.3, Diff: 0.7, Sum: 85.8]
      [Termination (ms): Min: 0.0, Avg: 0.0, Max: 0.0, Diff: 0.0, Sum: 0.0]
      [GC Worker Other (ms): Min: 0.2, Avg: 0.2, Max: 0.2, Diff: 0.0, Sum: 0.3]
      [GC Worker Total (ms): Min: 149.9, Avg: 149.9, Max: 149.9, Diff: 0.0, Sum: 299.8]
      [GC Worker End (ms): Min: 25930950.8, Avg: 25930950.8, Max: 25930950.8, Diff: 0.0]
   [Code Root Fixup: 0.3 ms]
   [Code Root Migration: 0.1 ms]
   [Clear CT: 0.5 ms]
   [Other: 6.7 ms]
      [Choose CSet: 0.0 ms]
      [Ref Proc: 3.5 ms]
      [Ref Enq: 0.2 ms]
      [Free CSet: 1.1 ms]
   [Eden: 518.0M(518.0M)->0.0B(1082.0M) Survivors: 40.0M->26.0M Heap: 2030.0M(4096.0M)->1534.0M(4096.0M)]
 [Times: user=0.31 sys=0.00, real=0.15 secs] 
2016-08-30T20:48:51.362+0200: 25981.497: [GC pause (young), 0.2065840 secs]
   [Parallel Time: 196.9 ms, GC Workers: 2]
      [GC Worker Start (ms): Min: 25981498.7, Avg: 25981499.2, Max: 25981499.6, Diff: 0.9]
      [Ext Root Scanning (ms): Min: 56.6, Avg: 57.0, Max: 57.5, Diff: 0.9, Sum: 114.0]
      [Update RS (ms): Min: 52.3, Avg: 53.2, Max: 54.1, Diff: 1.8, Sum: 106.4]
         [Processed Buffers: Min: 398, Avg: 406.5, Max: 415, Diff: 17, Sum: 813]
      [Scan RS (ms): Min: 14.9, Avg: 15.2, Max: 15.4, Diff: 0.5, Sum: 30.4]
      [Code Root Scanning (ms): Min: 0.2, Avg: 0.2, Max: 0.3, Diff: 0.1, Sum: 0.5]
      [Object Copy (ms): Min: 70.4, Avg: 70.6, Max: 70.8, Diff: 0.4, Sum: 141.2]
      [Termination (ms): Min: 0.0, Avg: 0.0, Max: 0.0, Diff: 0.0, Sum: 0.0]
      [GC Worker Other (ms): Min: 0.1, Avg: 0.1, Max: 0.1, Diff: 0.0, Sum: 0.3]
      [GC Worker Total (ms): Min: 195.9, Avg: 196.4, Max: 196.8, Diff: 0.9, Sum: 392.7]
      [GC Worker End (ms): Min: 25981695.5, Avg: 25981695.5, Max: 25981695.5, Diff: 0.0]
   [Code Root Fixup: 0.2 ms]
   [Code Root Migration: 0.1 ms]
   [Clear CT: 0.5 ms]
   [Other: 8.9 ms]
      [Choose CSet: 0.0 ms]
      [Ref Proc: 4.4 ms]
      [Ref Enq: 0.3 ms]
      [Free CSet: 1.3 ms]
   [Eden: 730.0M(656.0M)->0.0B(210.0M) Survivors: 26.0M->82.0M Heap: 2264.0M(4096.0M)->1589.0M(4096.0M)]
 [Times: user=0.38 sys=0.00, real=0.20 secs] 
2016-08-30T20:49:08.557+0200: 25998.691: [GC pause (young), 0.1424820 secs]
   [Parallel Time: 136.0 ms, GC Workers: 2]
      [GC Worker Start (ms): Min: 25998692.4, Avg: 25998692.5, Max: 25998692.5, Diff: 0.0]
      [Ext Root Scanning (ms): Min: 48.8, Avg: 48.9, Max: 49.0, Diff: 0.2, Sum: 97.9]
      [Update RS (ms): Min: 25.3, Avg: 25.8, Max: 26.2, Diff: 0.9, Sum: 51.6]
         [Processed Buffers: Min: 241, Avg: 252.5, Max: 264, Diff: 23, Sum: 505]
      [Scan RS (ms): Min: 15.0, Avg: 15.4, Max: 15.8, Diff: 0.7, Sum: 30.8]
      [Code Root Scanning (ms): Min: 0.1, Avg: 0.1, Max: 0.1, Diff: 0.0, Sum: 0.2]
      [Object Copy (ms): Min: 45.4, Avg: 45.5, Max: 45.7, Diff: 0.3, Sum: 91.1]
      [Termination (ms): Min: 0.0, Avg: 0.0, Max: 0.0, Diff: 0.0, Sum: 0.0]
      [GC Worker Other (ms): Min: 0.1, Avg: 0.2, Max: 0.2, Diff: 0.1, Sum: 0.3]
      [GC Worker Total (ms): Min: 135.9, Avg: 135.9, Max: 135.9, Diff: 0.0, Sum: 271.8]
      [GC Worker End (ms): Min: 25998828.4, Avg: 25998828.4, Max: 25998828.4, Diff: 0.0]
   [Code Root Fixup: 0.4 ms]
   [Code Root Migration: 0.0 ms]
   [Clear CT: 0.5 ms]
   [Other: 5.5 ms]
      [Choose CSet: 0.0 ms]
      [Ref Proc: 2.0 ms]
      [Ref Enq: 0.2 ms]
      [Free CSet: 0.8 ms]
   [Eden: 210.0M(210.0M)->0.0B(1298.0M) Survivors: 82.0M->14.0M Heap: 1799.0M(4096.0M)->1560.0M(4096.0M)]
 [Times: user=0.28 sys=0.00, real=0.14 secs] 
2016-08-30T20:50:14.936+0200: 26065.070: [GC pause (young), 0.2095960 secs]
   [Parallel Time: 192.7 ms, GC Workers: 2]
      [GC Worker Start (ms): Min: 26065072.4, Avg: 26065072.4, Max: 26065072.4, Diff: 0.0]
      [Ext Root Scanning (ms): Min: 50.0, Avg: 50.0, Max: 50.1, Diff: 0.2, Sum: 100.1]
      [Update RS (ms): Min: 60.1, Avg: 60.2, Max: 60.2, Diff: 0.1, Sum: 120.3]
         [Processed Buffers: Min: 359, Avg: 393.5, Max: 428, Diff: 69, Sum: 787]
      [Scan RS (ms): Min: 13.6, Avg: 13.7, Max: 13.7, Diff: 0.1, Sum: 27.3]
      [Code Root Scanning (ms): Min: 0.3, Avg: 0.3, Max: 0.4, Diff: 0.1, Sum: 0.6]
      [Object Copy (ms): Min: 68.2, Avg: 68.3, Max: 68.3, Diff: 0.1, Sum: 136.6]
      [Termination (ms): Min: 0.0, Avg: 0.0, Max: 0.0, Diff: 0.0, Sum: 0.0]
      [GC Worker Other (ms): Min: 0.1, Avg: 0.2, Max: 0.2, Diff: 0.0, Sum: 0.3]
      [GC Worker Total (ms): Min: 192.6, Avg: 192.6, Max: 192.6, Diff: 0.0, Sum: 385.2]
      [GC Worker End (ms): Min: 26065265.0, Avg: 26065265.0, Max: 26065265.0, Diff: 0.0]
   [Code Root Fixup: 0.5 ms]
   [Code Root Migration: 0.2 ms]
   [Clear CT: 0.9 ms]
   [Other: 15.4 ms]
      [Choose CSet: 0.0 ms]
      [Ref Proc: 8.5 ms]
      [Ref Enq: 0.8 ms]
      [Free CSet: 2.5 ms]
   [Eden: 976.0M(910.0M)->0.0B(254.0M) Survivors: 14.0M->72.0M Heap: 2536.0M(4096.0M)->1619.0M(4096.0M)]
 [Times: user=0.40 sys=0.01, real=0.21 secs] 
2016-08-30T20:50:35.861+0200: 26085.996: [GC pause (young), 0.1760440 secs]
   [Parallel Time: 168.0 ms, GC Workers: 2]
      [GC Worker Start (ms): Min: 26085997.1, Avg: 26085997.1, Max: 26085997.1, Diff: 0.0]
      [Ext Root Scanning (ms): Min: 52.0, Avg: 60.6, Max: 69.2, Diff: 17.3, Sum: 121.2]
      [Update RS (ms): Min: 14.2, Avg: 27.1, Max: 40.1, Diff: 25.9, Sum: 54.2]
         [Processed Buffers: Min: 143, Avg: 255.5, Max: 368, Diff: 225, Sum: 511]
      [Scan RS (ms): Min: 16.5, Avg: 16.6, Max: 16.7, Diff: 0.2, Sum: 33.3]
      [Code Root Scanning (ms): Min: 0.1, Avg: 0.1, Max: 0.1, Diff: 0.1, Sum: 0.2]
      [Object Copy (ms): Min: 59.1, Avg: 63.3, Max: 67.6, Diff: 8.5, Sum: 126.6]
      [Termination (ms): Min: 0.0, Avg: 0.0, Max: 0.0, Diff: 0.0, Sum: 0.0]
      [GC Worker Other (ms): Min: 0.2, Avg: 0.2, Max: 0.2, Diff: 0.0, Sum: 0.4]
      [GC Worker Total (ms): Min: 167.9, Avg: 167.9, Max: 168.0, Diff: 0.0, Sum: 335.9]
      [GC Worker End (ms): Min: 26086165.0, Avg: 26086165.0, Max: 26086165.0, Diff: 0.0]
   [Code Root Fixup: 0.4 ms]
   [Code Root Migration: 0.1 ms]
   [Clear CT: 0.6 ms]
   [Other: 6.9 ms]
      [Choose CSet: 0.0 ms]
      [Ref Proc: 3.0 ms]
      [Ref Enq: 0.3 ms]
      [Free CSet: 1.0 ms]
   [Eden: 254.0M(254.0M)->0.0B(696.0M) Survivors: 72.0M->14.0M Heap: 1873.0M(4096.0M)->1596.0M(4096.0M)]
 [Times: user=0.32 sys=0.00, real=0.18 secs] 
2016-08-30T20:51:27.233+0200: 26137.368: [GC pause (young), 0.1838390 secs]
   [Parallel Time: 170.9 ms, GC Workers: 2]
      [GC Worker Start (ms): Min: 26137369.2, Avg: 26137369.2, Max: 26137369.2, Diff: 0.0]
      [Ext Root Scanning (ms): Min: 51.1, Avg: 60.3, Max: 69.4, Diff: 18.3, Sum: 120.5]
      [Update RS (ms): Min: 40.1, Avg: 50.8, Max: 61.6, Diff: 21.5, Sum: 101.6]
         [Processed Buffers: Min: 185, Avg: 260.5, Max: 336, Diff: 151, Sum: 521]
      [Scan RS (ms): Min: 12.4, Avg: 12.5, Max: 12.5, Diff: 0.0, Sum: 24.9]
      [Code Root Scanning (ms): Min: 0.2, Avg: 0.2, Max: 0.3, Diff: 0.0, Sum: 0.5]
      [Object Copy (ms): Min: 45.2, Avg: 46.8, Max: 48.4, Diff: 3.2, Sum: 93.6]
      [Termination (ms): Min: 0.0, Avg: 0.0, Max: 0.0, Diff: 0.0, Sum: 0.0]
      [GC Worker Other (ms): Min: 0.2, Avg: 0.2, Max: 0.2, Diff: 0.0, Sum: 0.4]
      [GC Worker Total (ms): Min: 170.7, Avg: 170.7, Max: 170.8, Diff: 0.0, Sum: 341.5]
      [GC Worker End (ms): Min: 26137539.9, Avg: 26137539.9, Max: 26137539.9, Diff: 0.0]
   [Code Root Fixup: 0.4 ms]
   [Code Root Migration: 0.1 ms]
   [Clear CT: 0.7 ms]
   [Other: 11.7 ms]
      [Choose CSet: 0.0 ms]
      [Ref Proc: 7.6 ms]
      [Ref Enq: 0.3 ms]
      [Free CSet: 1.6 ms]
   [Eden: 696.0M(696.0M)->0.0B(368.0M) Survivors: 14.0M->30.0M Heap: 2292.0M(4096.0M)->1613.0M(4096.0M)]
 [Times: user=0.35 sys=0.00, real=0.19 secs] 
2016-08-30T20:51:55.756+0200: 26165.890: [GC pause (young), 0.1629600 secs]
   [Parallel Time: 156.4 ms, GC Workers: 2]
      [GC Worker Start (ms): Min: 26165891.8, Avg: 26165891.8, Max: 26165891.8, Diff: 0.0]
      [Ext Root Scanning (ms): Min: 50.6, Avg: 50.7, Max: 50.7, Diff: 0.1, Sum: 101.3]
      [Update RS (ms): Min: 38.5, Avg: 38.9, Max: 39.4, Diff: 0.9, Sum: 77.9]
         [Processed Buffers: Min: 246, Avg: 263.0, Max: 280, Diff: 34, Sum: 526]
      [Scan RS (ms): Min: 17.2, Avg: 17.4, Max: 17.6, Diff: 0.3, Sum: 34.8]
      [Code Root Scanning (ms): Min: 0.2, Avg: 0.2, Max: 0.2, Diff: 0.0, Sum: 0.3]
      [Object Copy (ms): Min: 48.7, Avg: 49.0, Max: 49.3, Diff: 0.6, Sum: 97.9]
      [Termination (ms): Min: 0.0, Avg: 0.0, Max: 0.0, Diff: 0.0, Sum: 0.0]
      [GC Worker Other (ms): Min: 0.1, Avg: 0.1, Max: 0.1, Diff: 0.0, Sum: 0.3]
      [GC Worker Total (ms): Min: 156.3, Avg: 156.3, Max: 156.3, Diff: 0.0, Sum: 312.6]
      [GC Worker End (ms): Min: 26166048.1, Avg: 26166048.1, Max: 26166048.1, Diff: 0.0]
   [Code Root Fixup: 0.3 ms]
   [Code Root Migration: 0.1 ms]
   [Clear CT: 0.5 ms]
   [Other: 5.7 ms]
      [Choose CSet: 0.0 ms]
      [Ref Proc: 2.3 ms]
      [Ref Enq: 0.1 ms]
      [Free CSet: 0.9 ms]
   [Eden: 368.0M(368.0M)->0.0B(420.0M) Survivors: 30.0M->36.0M Heap: 1981.0M(4096.0M)->1622.0M(4096.0M)]
 [Times: user=0.32 sys=0.00, real=0.16 secs] 
2016-08-30T20:52:26.130+0200: 26196.265: [GC pause (young), 0.1827070 secs]
   [Parallel Time: 175.8 ms, GC Workers: 2]
      [GC Worker Start (ms): Min: 26196265.8, Avg: 26196265.9, Max: 26196265.9, Diff: 0.0]
      [Ext Root Scanning (ms): Min: 50.9, Avg: 62.3, Max: 73.7, Diff: 22.8, Sum: 124.6]
      [Update RS (ms): Min: 28.7, Avg: 41.8, Max: 54.8, Diff: 26.1, Sum: 83.5]
         [Processed Buffers: Min: 120, Avg: 251.5, Max: 383, Diff: 263, Sum: 503]
      [Scan RS (ms): Min: 17.6, Avg: 18.1, Max: 18.6, Diff: 1.0, Sum: 36.1]
      [Code Root Scanning (ms): Min: 0.2, Avg: 0.2, Max: 0.2, Diff: 0.0, Sum: 0.4]
      [Object Copy (ms): Min: 52.0, Avg: 53.2, Max: 54.3, Diff: 2.3, Sum: 106.4]
      [Termination (ms): Min: 0.0, Avg: 0.0, Max: 0.0, Diff: 0.0, Sum: 0.0]
      [GC Worker Other (ms): Min: 0.2, Avg: 0.2, Max: 0.2, Diff: 0.0, Sum: 0.3]
      [GC Worker Total (ms): Min: 175.6, Avg: 175.7, Max: 175.7, Diff: 0.1, Sum: 351.3]
      [GC Worker End (ms): Min: 26196441.5, Avg: 26196441.5, Max: 26196441.5, Diff: 0.0]
   [Code Root Fixup: 0.3 ms]
   [Code Root Migration: 0.1 ms]
   [Clear CT: 0.5 ms]
   [Other: 6.0 ms]
      [Choose CSet: 0.0 ms]
      [Ref Proc: 2.7 ms]
      [Ref Enq: 0.2 ms]
      [Free CSet: 0.9 ms]
   [Eden: 420.0M(420.0M)->0.0B(402.0M) Survivors: 36.0M->38.0M Heap: 2042.0M(4096.0M)->1633.0M(4096.0M)]
 [Times: user=0.36 sys=0.00, real=0.18 secs] 
2016-08-30T20:52:59.168+0200: 26229.302: [GC pause (young), 0.1565630 secs]
   [Parallel Time: 147.4 ms, GC Workers: 2]
      [GC Worker Start (ms): Min: 26229303.8, Avg: 26229303.8, Max: 26229303.8, Diff: 0.0]
      [Ext Root Scanning (ms): Min: 48.2, Avg: 48.3, Max: 48.4, Diff: 0.2, Sum: 96.6]
      [Update RS (ms): Min: 34.8, Avg: 35.3, Max: 35.9, Diff: 1.1, Sum: 70.7]
         [Processed Buffers: Min: 252, Avg: 258.0, Max: 264, Diff: 12, Sum: 516]
      [Scan RS (ms): Min: 13.8, Avg: 13.9, Max: 13.9, Diff: 0.1, Sum: 27.7]
      [Code Root Scanning (ms): Min: 0.1, Avg: 0.1, Max: 0.1, Diff: 0.0, Sum: 0.3]
      [Object Copy (ms): Min: 49.0, Avg: 49.6, Max: 50.1, Diff: 1.1, Sum: 99.2]
      [Termination (ms): Min: 0.0, Avg: 0.0, Max: 0.0, Diff: 0.0, Sum: 0.0]
      [GC Worker Other (ms): Min: 0.1, Avg: 0.1, Max: 0.1, Diff: 0.1, Sum: 0.2]
      [GC Worker Total (ms): Min: 147.3, Avg: 147.4, Max: 147.4, Diff: 0.0, Sum: 294.7]
      [GC Worker End (ms): Min: 26229451.2, Avg: 26229451.2, Max: 26229451.2, Diff: 0.0]
   [Code Root Fixup: 0.5 ms]
   [Code Root Migration: 0.1 ms]
   [Clear CT: 0.6 ms]
   [Other: 7.9 ms]
      [Choose CSet: 0.0 ms]
      [Ref Proc: 3.7 ms]
      [Ref Enq: 0.3 ms]
      [Free CSet: 1.2 ms]
   [Eden: 402.0M(402.0M)->0.0B(584.0M) Survivors: 38.0M->38.0M Heap: 2035.0M(4096.0M)->1643.0M(4096.0M)]
 [Times: user=0.31 sys=0.00, real=0.16 secs] 
2016-08-30T20:53:32.425+0200: 26262.559: [GC pause (young), 0.1820270 secs]
   [Parallel Time: 171.0 ms, GC Workers: 2]
      [GC Worker Start (ms): Min: 26262560.7, Avg: 26262561.6, Max: 26262562.5, Diff: 1.8]
      [Ext Root Scanning (ms): Min: 50.0, Avg: 50.9, Max: 51.8, Diff: 1.9, Sum: 101.8]
      [Update RS (ms): Min: 46.2, Avg: 46.2, Max: 46.2, Diff: 0.0, Sum: 92.5]
         [Processed Buffers: Min: 202, Avg: 272.5, Max: 343, Diff: 141, Sum: 545]
      [Scan RS (ms): Min: 15.4, Avg: 15.5, Max: 15.6, Diff: 0.3, Sum: 31.0]
      [Code Root Scanning (ms): Min: 0.1, Avg: 0.2, Max: 0.2, Diff: 0.1, Sum: 0.4]
      [Object Copy (ms): Min: 57.2, Avg: 57.2, Max: 57.2, Diff: 0.0, Sum: 114.4]
      [Termination (ms): Min: 0.0, Avg: 0.0, Max: 0.0, Diff: 0.0, Sum: 0.0]
      [GC Worker Other (ms): Min: 0.1, Avg: 0.1, Max: 0.2, Diff: 0.1, Sum: 0.2]
      [GC Worker Total (ms): Min: 169.2, Avg: 170.1, Max: 171.0, Diff: 1.8, Sum: 340.2]
      [GC Worker End (ms): Min: 26262731.7, Avg: 26262731.7, Max: 26262731.7, Diff: 0.0]
   [Code Root Fixup: 0.5 ms]
   [Code Root Migration: 0.1 ms]
   [Clear CT: 0.7 ms]
   [Other: 9.7 ms]
      [Choose CSet: 0.0 ms]
      [Ref Proc: 5.0 ms]
      [Ref Enq: 0.4 ms]
      [Free CSet: 1.4 ms]
   [Eden: 484.0M(334.0M)->0.0B(512.0M) Survivors: 38.0M->48.0M Heap: 2127.0M(4096.0M)->1662.0M(4096.0M)]
 [Times: user=0.34 sys=0.00, real=0.18 secs] 
2016-08-30T20:54:02.816+0200: 26292.951: [GC pause (young), 0.1641610 secs]
   [Parallel Time: 154.6 ms, GC Workers: 2]
      [GC Worker Start (ms): Min: 26292951.8, Avg: 26292951.8, Max: 26292951.8, Diff: 0.0]
      [Ext Root Scanning (ms): Min: 49.9, Avg: 50.3, Max: 50.6, Diff: 0.7, Sum: 100.5]
      [Update RS (ms): Min: 36.4, Avg: 36.5, Max: 36.7, Diff: 0.3, Sum: 73.0]
         [Processed Buffers: Min: 245, Avg: 255.5, Max: 266, Diff: 21, Sum: 511]
      [Scan RS (ms): Min: 15.1, Avg: 15.1, Max: 15.2, Diff: 0.1, Sum: 30.3]
      [Code Root Scanning (ms): Min: 0.1, Avg: 0.2, Max: 0.2, Diff: 0.1, Sum: 0.3]
      [Object Copy (ms): Min: 51.9, Avg: 52.3, Max: 52.7, Diff: 0.8, Sum: 104.6]
      [Termination (ms): Min: 0.0, Avg: 0.0, Max: 0.0, Diff: 0.0, Sum: 0.0]
      [GC Worker Other (ms): Min: 0.2, Avg: 0.2, Max: 0.2, Diff: 0.0, Sum: 0.3]
      [GC Worker Total (ms): Min: 154.5, Avg: 154.5, Max: 154.6, Diff: 0.0, Sum: 309.1]
      [GC Worker End (ms): Min: 26293106.4, Avg: 26293106.4, Max: 26293106.4, Diff: 0.0]
   [Code Root Fixup: 0.4 ms]
   [Code Root Migration: 0.1 ms]
   [Clear CT: 0.7 ms]
   [Other: 8.4 ms]
      [Choose CSet: 0.0 ms]
      [Ref Proc: 4.3 ms]
      [Ref Enq: 0.4 ms]
      [Free CSet: 1.3 ms]
   [Eden: 432.0M(308.0M)->0.0B(744.0M) Survivors: 48.0M->26.0M Heap: 2094.0M(4096.0M)->1662.0M(4096.0M)]
 [Times: user=0.31 sys=0.00, real=0.17 secs] 
2016-08-30T20:54:51.753+0200: 26341.888: [GC pause (young), 0.1732350 secs]
   [Parallel Time: 164.4 ms, GC Workers: 2]
      [GC Worker Start (ms): Min: 26341889.1, Avg: 26341889.1, Max: 26341889.1, Diff: 0.0]
      [Ext Root Scanning (ms): Min: 50.6, Avg: 50.8, Max: 51.1, Diff: 0.5, Sum: 101.6]
      [Update RS (ms): Min: 44.3, Avg: 44.4, Max: 44.6, Diff: 0.4, Sum: 88.9]
         [Processed Buffers: Min: 316, Avg: 341.5, Max: 367, Diff: 51, Sum: 683]
      [Scan RS (ms): Min: 13.9, Avg: 14.1, Max: 14.4, Diff: 0.6, Sum: 28.3]
      [Code Root Scanning (ms): Min: 0.2, Avg: 0.2, Max: 0.2, Diff: 0.1, Sum: 0.4]
      [Object Copy (ms): Min: 54.3, Avg: 54.6, Max: 54.9, Diff: 0.5, Sum: 109.2]
      [Termination (ms): Min: 0.0, Avg: 0.0, Max: 0.0, Diff: 0.0, Sum: 0.0]
      [GC Worker Other (ms): Min: 0.1, Avg: 0.2, Max: 0.2, Diff: 0.0, Sum: 0.3]
      [GC Worker Total (ms): Min: 164.4, Avg: 164.4, Max: 164.4, Diff: 0.0, Sum: 328.8]
      [GC Worker End (ms): Min: 26342053.5, Avg: 26342053.5, Max: 26342053.5, Diff: 0.0]
   [Code Root Fixup: 0.3 ms]
   [Code Root Migration: 0.1 ms]
   [Clear CT: 0.6 ms]
   [Other: 7.8 ms]
      [Choose CSet: 0.0 ms]
      [Ref Proc: 3.8 ms]
      [Ref Enq: 0.3 ms]
      [Free CSet: 1.4 ms]
   [Eden: 646.0M(544.0M)->0.0B(548.0M) Survivors: 26.0M->66.0M Heap: 2308.0M(4096.0M)->1703.0M(4096.0M)]
 [Times: user=0.33 sys=0.00, real=0.18 secs] 
2016-08-30T20:55:23.014+0200: 26373.149: [GC pause (young), 0.1764710 secs]
   [Parallel Time: 168.9 ms, GC Workers: 2]
      [GC Worker Start (ms): Min: 26373149.9, Avg: 26373150.1, Max: 26373150.3, Diff: 0.4]
      [Ext Root Scanning (ms): Min: 50.5, Avg: 58.5, Max: 66.4, Diff: 15.9, Sum: 117.0]
      [Update RS (ms): Min: 30.4, Avg: 38.9, Max: 47.4, Diff: 17.0, Sum: 77.8]
         [Processed Buffers: Min: 199, Avg: 263.5, Max: 328, Diff: 129, Sum: 527]
      [Scan RS (ms): Min: 15.6, Avg: 16.0, Max: 16.4, Diff: 0.8, Sum: 32.0]
      [Code Root Scanning (ms): Min: 0.1, Avg: 0.2, Max: 0.2, Diff: 0.1, Sum: 0.3]
      [Object Copy (ms): Min: 54.2, Avg: 55.0, Max: 55.8, Diff: 1.6, Sum: 110.0]
      [Termination (ms): Min: 0.0, Avg: 0.0, Max: 0.0, Diff: 0.0, Sum: 0.0]
      [GC Worker Other (ms): Min: 0.2, Avg: 0.2, Max: 0.2, Diff: 0.0, Sum: 0.3]
      [GC Worker Total (ms): Min: 168.6, Avg: 168.7, Max: 168.9, Diff: 0.3, Sum: 337.5]
      [GC Worker End (ms): Min: 26373318.8, Avg: 26373318.8, Max: 26373318.8, Diff: 0.0]
   [Code Root Fixup: 0.3 ms]
   [Code Root Migration: 0.1 ms]
   [Clear CT: 0.6 ms]
   [Other: 6.6 ms]
      [Choose CSet: 0.0 ms]
      [Ref Proc: 3.0 ms]
      [Ref Enq: 0.2 ms]
      [Free CSet: 1.0 ms]
   [Eden: 430.0M(332.0M)->0.0B(694.0M) Survivors: 66.0M->34.0M Heap: 2133.0M(4096.0M)->1696.0M(4096.0M)]
 [Times: user=0.35 sys=0.00, real=0.17 secs] 
2016-08-30T20:56:11.621+0200: 26421.756: [GC pause (young), 0.1769210 secs]
   [Parallel Time: 166.8 ms, GC Workers: 2]
      [GC Worker Start (ms): Min: 26421757.4, Avg: 26421757.4, Max: 26421757.4, Diff: 0.0]
      [Ext Root Scanning (ms): Min: 51.0, Avg: 51.1, Max: 51.2, Diff: 0.1, Sum: 102.2]
      [Update RS (ms): Min: 52.0, Avg: 52.0, Max: 52.1, Diff: 0.1, Sum: 104.1]
         [Processed Buffers: Min: 301, Avg: 305.5, Max: 310, Diff: 9, Sum: 611]
      [Scan RS (ms): Min: 13.5, Avg: 13.7, Max: 14.0, Diff: 0.4, Sum: 27.5]
      [Code Root Scanning (ms): Min: 0.2, Avg: 0.2, Max: 0.3, Diff: 0.1, Sum: 0.4]
      [Object Copy (ms): Min: 49.5, Avg: 49.5, Max: 49.5, Diff: 0.1, Sum: 99.0]
      [Termination (ms): Min: 0.0, Avg: 0.0, Max: 0.0, Diff: 0.0, Sum: 0.0]
      [GC Worker Other (ms): Min: 0.2, Avg: 0.2, Max: 0.2, Diff: 0.0, Sum: 0.3]
      [GC Worker Total (ms): Min: 166.8, Avg: 166.8, Max: 166.8, Diff: 0.0, Sum: 333.5]
      [GC Worker End (ms): Min: 26421924.2, Avg: 26421924.2, Max: 26421924.2, Diff: 0.0]
   [Code Root Fixup: 0.3 ms]
   [Code Root Migration: 0.1 ms]
   [Clear CT: 1.1 ms]
   [Other: 8.6 ms]
      [Choose CSet: 0.0 ms]
      [Ref Proc: 4.0 ms]
      [Ref Enq: 0.2 ms]
      [Free CSet: 1.3 ms]
   [Eden: 628.0M(504.0M)->0.0B(620.0M) Survivors: 34.0M->46.0M Heap: 2324.0M(4096.0M)->1709.0M(4096.0M)]
 [Times: user=0.34 sys=0.01, real=0.17 secs] 
2016-08-30T20:56:50.574+0200: 26460.708: [GC pause (young), 0.1972200 secs]
   [Parallel Time: 184.6 ms, GC Workers: 2]
      [GC Worker Start (ms): Min: 26460710.1, Avg: 26460712.0, Max: 26460714.0, Diff: 3.9]
      [Ext Root Scanning (ms): Min: 50.7, Avg: 51.4, Max: 52.0, Diff: 1.3, Sum: 102.7]
      [Update RS (ms): Min: 41.6, Avg: 42.2, Max: 42.8, Diff: 1.3, Sum: 84.4]
         [Processed Buffers: Min: 345, Avg: 371.0, Max: 397, Diff: 52, Sum: 742]
      [Scan RS (ms): Min: 15.5, Avg: 16.0, Max: 16.4, Diff: 0.9, Sum: 31.9]
      [Code Root Scanning (ms): Min: 0.1, Avg: 0.2, Max: 0.2, Diff: 0.1, Sum: 0.4]
      [Object Copy (ms): Min: 70.3, Avg: 72.8, Max: 75.2, Diff: 4.9, Sum: 145.6]
      [Termination (ms): Min: 0.0, Avg: 0.0, Max: 0.0, Diff: 0.0, Sum: 0.0]
      [GC Worker Other (ms): Min: 0.1, Avg: 0.1, Max: 0.2, Diff: 0.1, Sum: 0.3]
      [GC Worker Total (ms): Min: 180.7, Avg: 182.6, Max: 184.6, Diff: 3.9, Sum: 365.3]
      [GC Worker End (ms): Min: 26460894.7, Avg: 26460894.7, Max: 26460894.7, Diff: 0.0]
   [Code Root Fixup: 0.5 ms]
   [Code Root Migration: 0.1 ms]
   [Clear CT: 0.8 ms]
   [Other: 11.1 ms]
      [Choose CSet: 0.0 ms]
      [Ref Proc: 5.9 ms]
      [Ref Enq: 0.4 ms]
      [Free CSet: 1.5 ms]
   [Eden: 534.0M(384.0M)->0.0B(470.0M) Survivors: 46.0M->50.0M Heap: 2243.0M(4096.0M)->1737.0M(4096.0M)]
 [Times: user=0.37 sys=0.00, real=0.20 secs] 
2016-08-30T20:57:37.269+0200: 26507.403: [GC pause (young), 0.1712350 secs]
   [Parallel Time: 164.1 ms, GC Workers: 2]
      [GC Worker Start (ms): Min: 26507406.9, Avg: 26507407.9, Max: 26507409.0, Diff: 2.1]
      [Ext Root Scanning (ms): Min: 41.0, Avg: 53.3, Max: 65.7, Diff: 24.7, Sum: 106.7]
      [Update RS (ms): Min: 43.0, Avg: 53.2, Max: 63.4, Diff: 20.4, Sum: 106.4]
         [Processed Buffers: Min: 179, Avg: 237.0, Max: 295, Diff: 116, Sum: 474]
      [Scan RS (ms): Min: 15.4, Avg: 16.3, Max: 17.2, Diff: 1.8, Sum: 32.7]
      [Code Root Scanning (ms): Min: 0.1, Avg: 0.1, Max: 0.1, Diff: 0.0, Sum: 0.3]
      [Object Copy (ms): Min: 34.5, Avg: 36.9, Max: 39.3, Diff: 4.8, Sum: 73.8]
      [Termination (ms): Min: 0.0, Avg: 0.0, Max: 0.0, Diff: 0.0, Sum: 0.0]
      [GC Worker Other (ms): Min: 0.0, Avg: 0.1, Max: 0.1, Diff: 0.1, Sum: 0.2]
      [GC Worker Total (ms): Min: 158.9, Avg: 160.0, Max: 161.0, Diff: 2.1, Sum: 320.0]
      [GC Worker End (ms): Min: 26507567.9, Avg: 26507567.9, Max: 26507567.9, Diff: 0.0]
   [Code Root Fixup: 0.2 ms]
   [Code Root Migration: 0.1 ms]
   [Clear CT: 0.5 ms]
   [Other: 6.3 ms]
      [Choose CSet: 0.0 ms]
      [Ref Proc: 3.7 ms]
      [Ref Enq: 0.2 ms]
      [Free CSet: 0.9 ms]
   [Eden: 470.0M(470.0M)->0.0B(752.0M) Survivors: 50.0M->22.0M Heap: 2207.0M(4096.0M)->1724.0M(4096.0M)]
 [Times: user=0.23 sys=0.00, real=0.17 secs] 
2016-08-30T20:58:24.275+0200: 26554.409: [GC pause (young), 0.1622220 secs]
   [Parallel Time: 152.9 ms, GC Workers: 2]
      [GC Worker Start (ms): Min: 26554410.5, Avg: 26554410.6, Max: 26554410.6, Diff: 0.0]
      [Ext Root Scanning (ms): Min: 49.1, Avg: 49.7, Max: 50.3, Diff: 1.2, Sum: 99.5]
      [Update RS (ms): Min: 43.7, Avg: 43.7, Max: 43.7, Diff: 0.0, Sum: 87.4]
         [Processed Buffers: Min: 228, Avg: 258.5, Max: 289, Diff: 61, Sum: 517]
      [Scan RS (ms): Min: 14.4, Avg: 14.7, Max: 15.0, Diff: 0.6, Sum: 29.5]
      [Code Root Scanning (ms): Min: 0.2, Avg: 0.2, Max: 0.2, Diff: 0.0, Sum: 0.4]
      [Object Copy (ms): Min: 43.9, Avg: 44.3, Max: 44.6, Diff: 0.7, Sum: 88.5]
      [Termination (ms): Min: 0.0, Avg: 0.0, Max: 0.0, Diff: 0.0, Sum: 0.0]
      [GC Worker Other (ms): Min: 0.1, Avg: 0.1, Max: 0.1, Diff: 0.0, Sum: 0.2]
      [GC Worker Total (ms): Min: 152.8, Avg: 152.8, Max: 152.8, Diff: 0.0, Sum: 305.6]
      [GC Worker End (ms): Min: 26554563.3, Avg: 26554563.3, Max: 26554563.3, Diff: 0.0]
   [Code Root Fixup: 0.4 ms]
   [Code Root Migration: 0.1 ms]
   [Clear CT: 0.6 ms]
   [Other: 8.3 ms]
      [Choose CSet: 0.0 ms]
      [Ref Proc: 4.6 ms]
      [Ref Enq: 0.3 ms]
      [Free CSet: 1.3 ms]
   [Eden: 632.0M(466.0M)->0.0B(708.0M) Survivors: 22.0M->44.0M Heap: 2356.0M(4096.0M)->1747.0M(4096.0M)]
 [Times: user=0.30 sys=0.00, real=0.16 secs] 
2016-08-30T20:59:01.719+0200: 26591.853: [GC pause (young), 0.1794060 secs]
   [Parallel Time: 168.7 ms, GC Workers: 2]
      [GC Worker Start (ms): Min: 26591854.8, Avg: 26591854.8, Max: 26591854.9, Diff: 0.1]
      [Ext Root Scanning (ms): Min: 50.0, Avg: 50.1, Max: 50.2, Diff: 0.2, Sum: 100.2]
      [Update RS (ms): Min: 37.8, Avg: 38.0, Max: 38.1, Diff: 0.3, Sum: 75.9]
         [Processed Buffers: Min: 254, Avg: 265.5, Max: 277, Diff: 23, Sum: 531]
      [Scan RS (ms): Min: 16.9, Avg: 17.1, Max: 17.2, Diff: 0.3, Sum: 34.2]
      [Code Root Scanning (ms): Min: 0.2, Avg: 0.2, Max: 0.2, Diff: 0.0, Sum: 0.3]
      [Object Copy (ms): Min: 63.1, Avg: 63.1, Max: 63.2, Diff: 0.1, Sum: 126.2]
      [Termination (ms): Min: 0.0, Avg: 0.0, Max: 0.0, Diff: 0.0, Sum: 0.0]
      [GC Worker Other (ms): Min: 0.1, Avg: 0.1, Max: 0.2, Diff: 0.0, Sum: 0.3]
      [GC Worker Total (ms): Min: 168.6, Avg: 168.6, Max: 168.7, Diff: 0.1, Sum: 337.2]
      [GC Worker End (ms): Min: 26592023.5, Avg: 26592023.5, Max: 26592023.5, Diff: 0.0]
   [Code Root Fixup: 0.5 ms]
   [Code Root Migration: 0.1 ms]
   [Clear CT: 0.7 ms]
   [Other: 9.5 ms]
      [Choose CSet: 0.0 ms]
      [Ref Proc: 5.1 ms]
      [Ref Enq: 0.4 ms]
      [Free CSet: 1.3 ms]
   [Eden: 464.0M(414.0M)->0.0B(802.0M) Survivors: 44.0M->28.0M Heap: 2211.0M(4096.0M)->1757.0M(4096.0M)]
 [Times: user=0.35 sys=0.00, real=0.18 secs] 
2016-08-30T20:59:44.477+0200: 26634.611: [GC pause (young), 0.2058910 secs]
   [Parallel Time: 196.5 ms, GC Workers: 2]
      [GC Worker Start (ms): Min: 26634613.1, Avg: 26634613.1, Max: 26634613.1, Diff: 0.0]
      [Ext Root Scanning (ms): Min: 52.6, Avg: 61.7, Max: 70.8, Diff: 18.2, Sum: 123.3]
      [Update RS (ms): Min: 41.9, Avg: 51.9, Max: 61.9, Diff: 20.0, Sum: 103.9]
         [Processed Buffers: Min: 219, Avg: 383.0, Max: 547, Diff: 328, Sum: 766]
      [Scan RS (ms): Min: 16.9, Avg: 17.0, Max: 17.1, Diff: 0.2, Sum: 34.0]
      [Code Root Scanning (ms): Min: 0.2, Avg: 0.3, Max: 0.3, Diff: 0.2, Sum: 0.5]
      [Object Copy (ms): Min: 64.5, Avg: 65.4, Max: 66.2, Diff: 1.8, Sum: 130.7]
      [Termination (ms): Min: 0.0, Avg: 0.0, Max: 0.0, Diff: 0.0, Sum: 0.0]
      [GC Worker Other (ms): Min: 0.2, Avg: 0.2, Max: 0.2, Diff: 0.0, Sum: 0.3]
      [GC Worker Total (ms): Min: 196.4, Avg: 196.4, Max: 196.4, Diff: 0.0, Sum: 392.8]
      [GC Worker End (ms): Min: 26634809.5, Avg: 26634809.5, Max: 26634809.5, Diff: 0.0]
   [Code Root Fixup: 0.3 ms]
   [Code Root Migration: 0.1 ms]
   [Clear CT: 0.6 ms]
   [Other: 8.4 ms]
      [Choose CSet: 0.0 ms]
      [Ref Proc: 3.9 ms]
      [Ref Enq: 0.3 ms]
      [Free CSet: 1.2 ms]
   [Eden: 638.0M(534.0M)->0.0B(442.0M) Survivors: 28.0M->68.0M Heap: 2395.0M(4096.0M)->1797.0M(4096.0M)]
 [Times: user=0.39 sys=0.00, real=0.21 secs] 
2016-08-30T21:00:19.825+0200: 26669.960: [GC pause (young), 0.1902550 secs]
   [Parallel Time: 180.3 ms, GC Workers: 2]
      [GC Worker Start (ms): Min: 26669961.3, Avg: 26669963.3, Max: 26669965.2, Diff: 3.9]
      [Ext Root Scanning (ms): Min: 49.6, Avg: 50.1, Max: 50.7, Diff: 1.1, Sum: 100.2]
      [Update RS (ms): Min: 43.1, Avg: 43.7, Max: 44.2, Diff: 1.0, Sum: 87.3]
         [Processed Buffers: Min: 378, Avg: 379.0, Max: 380, Diff: 2, Sum: 758]
      [Scan RS (ms): Min: 16.3, Avg: 16.4, Max: 16.6, Diff: 0.2, Sum: 32.9]
      [Code Root Scanning (ms): Min: 0.1, Avg: 0.2, Max: 0.2, Diff: 0.1, Sum: 0.3]
      [Object Copy (ms): Min: 67.0, Avg: 67.7, Max: 68.4, Diff: 1.5, Sum: 135.4]
      [Termination (ms): Min: 0.0, Avg: 0.0, Max: 0.0, Diff: 0.0, Sum: 0.0]
      [GC Worker Other (ms): Min: 0.2, Avg: 0.2, Max: 0.2, Diff: 0.0, Sum: 0.4]
      [GC Worker Total (ms): Min: 176.3, Avg: 178.3, Max: 180.2, Diff: 3.9, Sum: 356.5]
      [GC Worker End (ms): Min: 26670141.5, Avg: 26670141.5, Max: 26670141.5, Diff: 0.0]
   [Code Root Fixup: 0.4 ms]
   [Code Root Migration: 0.1 ms]
   [Clear CT: 0.7 ms]
   [Other: 8.8 ms]
      [Choose CSet: 0.0 ms]
      [Ref Proc: 3.9 ms]
      [Ref Enq: 0.3 ms]
      [Free CSet: 1.3 ms]
   [Eden: 442.0M(442.0M)->0.0B(360.0M) Survivors: 68.0M->48.0M Heap: 2239.0M(4096.0M)->1806.0M(4096.0M)]
 [Times: user=0.36 sys=0.00, real=0.19 secs] 
2016-08-30T21:00:50.167+0200: 26700.302: [GC pause (young), 0.1652110 secs]
   [Parallel Time: 155.9 ms, GC Workers: 2]
      [GC Worker Start (ms): Min: 26700303.7, Avg: 26700303.7, Max: 26700303.7, Diff: 0.0]
      [Ext Root Scanning (ms): Min: 51.7, Avg: 52.4, Max: 53.2, Diff: 1.4, Sum: 104.9]
      [Update RS (ms): Min: 39.8, Avg: 39.9, Max: 40.1, Diff: 0.3, Sum: 79.8]
         [Processed Buffers: Min: 370, Avg: 375.0, Max: 380, Diff: 10, Sum: 750]
      [Scan RS (ms): Min: 11.9, Avg: 11.9, Max: 12.0, Diff: 0.1, Sum: 23.9]
      [Code Root Scanning (ms): Min: 0.1, Avg: 0.1, Max: 0.2, Diff: 0.1, Sum: 0.3]
      [Object Copy (ms): Min: 50.6, Avg: 51.2, Max: 51.8, Diff: 1.1, Sum: 102.4]
      [Termination (ms): Min: 0.0, Avg: 0.0, Max: 0.0, Diff: 0.0, Sum: 0.0]
      [GC Worker Other (ms): Min: 0.2, Avg: 0.2, Max: 0.2, Diff: 0.1, Sum: 0.4]
      [GC Worker Total (ms): Min: 155.8, Avg: 155.8, Max: 155.8, Diff: 0.0, Sum: 311.6]
      [GC Worker End (ms): Min: 26700459.5, Avg: 26700459.5, Max: 26700459.5, Diff: 0.0]
   [Code Root Fixup: 0.4 ms]
   [Code Root Migration: 0.1 ms]
   [Clear CT: 0.7 ms]
   [Other: 8.1 ms]
      [Choose CSet: 0.0 ms]
      [Ref Proc: 3.4 ms]
      [Ref Enq: 0.3 ms]
      [Free CSet: 1.2 ms]
   [Eden: 360.0M(360.0M)->0.0B(526.0M) Survivors: 48.0M->40.0M Heap: 2166.0M(4096.0M)->1815.0M(4096.0M)]
 [Times: user=0.32 sys=0.00, real=0.17 secs] 
2016-08-30T21:01:37.462+0200: 26747.596: [GC pause (young), 0.2786060 secs]
   [Parallel Time: 271.7 ms, GC Workers: 2]
      [GC Worker Start (ms): Min: 26747597.3, Avg: 26747597.3, Max: 26747597.3, Diff: 0.0]
      [Ext Root Scanning (ms): Min: 102.4, Avg: 129.0, Max: 155.6, Diff: 53.3, Sum: 258.0]
      [Update RS (ms): Min: 53.7, Avg: 77.4, Max: 101.0, Diff: 47.3, Sum: 154.8]
         [Processed Buffers: Min: 144, Avg: 259.5, Max: 375, Diff: 231, Sum: 519]
      [Scan RS (ms): Min: 13.2, Avg: 13.5, Max: 13.9, Diff: 0.7, Sum: 27.0]
      [Code Root Scanning (ms): Min: 0.0, Avg: 0.1, Max: 0.2, Diff: 0.1, Sum: 0.2]
      [Object Copy (ms): Min: 48.4, Avg: 48.5, Max: 48.6, Diff: 0.2, Sum: 96.9]
      [Termination (ms): Min: 0.0, Avg: 3.1, Max: 6.2, Diff: 6.2, Sum: 6.2]
      [GC Worker Other (ms): Min: 0.0, Avg: 0.1, Max: 0.1, Diff: 0.1, Sum: 0.2]
      [GC Worker Total (ms): Min: 271.7, Avg: 271.7, Max: 271.7, Diff: 0.0, Sum: 543.3]
      [GC Worker End (ms): Min: 26747869.0, Avg: 26747869.0, Max: 26747869.0, Diff: 0.0]
   [Code Root Fixup: 0.2 ms]
   [Code Root Migration: 0.1 ms]
   [Clear CT: 0.8 ms]
   [Other: 5.8 ms]
      [Choose CSet: 0.0 ms]
      [Ref Proc: 2.6 ms]
      [Ref Enq: 0.2 ms]
      [Free CSet: 1.0 ms]
   [Eden: 526.0M(526.0M)->0.0B(172.0M) Survivors: 40.0M->32.0M Heap: 2341.0M(4096.0M)->1816.0M(4096.0M)]
 [Times: user=0.24 sys=0.00, real=0.28 secs] 
2016-08-30T21:01:49.265+0200: 26759.400: [GC pause (young), 0.1426250 secs]
   [Parallel Time: 137.7 ms, GC Workers: 2]
      [GC Worker Start (ms): Min: 26759401.1, Avg: 26759403.7, Max: 26759406.2, Diff: 5.1]
      [Ext Root Scanning (ms): Min: 48.5, Avg: 50.9, Max: 53.3, Diff: 4.8, Sum: 101.8]
      [Update RS (ms): Min: 33.2, Avg: 33.2, Max: 33.2, Diff: 0.1, Sum: 66.4]
         [Processed Buffers: Min: 316, Avg: 332.5, Max: 349, Diff: 33, Sum: 665]
      [Scan RS (ms): Min: 9.4, Avg: 9.4, Max: 9.5, Diff: 0.1, Sum: 18.8]
      [Code Root Scanning (ms): Min: 0.1, Avg: 0.1, Max: 0.1, Diff: 0.0, Sum: 0.1]
      [Object Copy (ms): Min: 41.2, Avg: 41.3, Max: 41.4, Diff: 0.2, Sum: 82.6]
      [Termination (ms): Min: 0.0, Avg: 0.0, Max: 0.0, Diff: 0.0, Sum: 0.0]
      [GC Worker Other (ms): Min: 0.1, Avg: 0.1, Max: 0.2, Diff: 0.1, Sum: 0.2]
      [GC Worker Total (ms): Min: 132.4, Avg: 135.0, Max: 137.6, Diff: 5.1, Sum: 270.0]
      [GC Worker End (ms): Min: 26759538.7, Avg: 26759538.7, Max: 26759538.7, Diff: 0.0]
   [Code Root Fixup: 0.3 ms]
   [Code Root Migration: 0.0 ms]
   [Clear CT: 0.5 ms]
   [Other: 4.1 ms]
      [Choose CSet: 0.0 ms]
      [Ref Proc: 0.9 ms]
      [Ref Enq: 0.1 ms]
      [Free CSet: 0.5 ms]
   [Eden: 172.0M(172.0M)->0.0B(178.0M) Survivors: 32.0M->26.0M Heap: 1988.0M(4096.0M)->1835.0M(4096.0M)]
 [Times: user=0.27 sys=0.00, real=0.14 secs] 
2016-08-30T21:02:06.681+0200: 26776.816: [GC pause (young), 0.1156160 secs]
   [Parallel Time: 110.2 ms, GC Workers: 2]
      [GC Worker Start (ms): Min: 26776817.0, Avg: 26776817.0, Max: 26776817.0, Diff: 0.0]
      [Ext Root Scanning (ms): Min: 49.2, Avg: 49.6, Max: 50.0, Diff: 0.8, Sum: 99.1]
      [Update RS (ms): Min: 26.0, Avg: 26.1, Max: 26.2, Diff: 0.2, Sum: 52.2]
         [Processed Buffers: Min: 237, Avg: 253.5, Max: 270, Diff: 33, Sum: 507]
      [Scan RS (ms): Min: 7.2, Avg: 7.5, Max: 7.7, Diff: 0.5, Sum: 15.0]
      [Code Root Scanning (ms): Min: 0.1, Avg: 0.1, Max: 0.1, Diff: 0.0, Sum: 0.1]
      [Object Copy (ms): Min: 26.6, Avg: 26.8, Max: 27.1, Diff: 0.5, Sum: 53.6]
      [Termination (ms): Min: 0.0, Avg: 0.0, Max: 0.0, Diff: 0.0, Sum: 0.0]
      [GC Worker Other (ms): Min: 0.1, Avg: 0.1, Max: 0.1, Diff: 0.0, Sum: 0.1]
      [GC Worker Total (ms): Min: 110.1, Avg: 110.1, Max: 110.1, Diff: 0.0, Sum: 220.2]
      [GC Worker End (ms): Min: 26776927.1, Avg: 26776927.1, Max: 26776927.1, Diff: 0.0]
   [Code Root Fixup: 0.5 ms]
   [Code Root Migration: 0.0 ms]
   [Clear CT: 0.6 ms]
   [Other: 4.4 ms]
      [Choose CSet: 0.0 ms]
      [Ref Proc: 1.5 ms]
      [Ref Enq: 0.1 ms]
      [Free CSet: 0.7 ms]
   [Eden: 178.0M(178.0M)->0.0B(450.0M) Survivors: 26.0M->14.0M Heap: 2013.0M(4096.0M)->1835.0M(4096.0M)]
 [Times: user=0.22 sys=0.00, real=0.12 secs] 
2016-08-30T21:02:39.319+0200: 26809.453: [GC pause (young), 0.1574940 secs]
   [Parallel Time: 148.2 ms, GC Workers: 2]
      [GC Worker Start (ms): Min: 26809454.6, Avg: 26809454.6, Max: 26809454.7, Diff: 0.0]
      [Ext Root Scanning (ms): Min: 50.2, Avg: 50.7, Max: 51.2, Diff: 1.0, Sum: 101.5]
      [Update RS (ms): Min: 45.8, Avg: 46.6, Max: 47.4, Diff: 1.6, Sum: 93.3]
         [Processed Buffers: Min: 281, Avg: 287.0, Max: 293, Diff: 12, Sum: 574]
      [Scan RS (ms): Min: 9.0, Avg: 9.6, Max: 10.2, Diff: 1.2, Sum: 19.2]
      [Code Root Scanning (ms): Min: 0.1, Avg: 0.2, Max: 0.2, Diff: 0.1, Sum: 0.3]
      [Object Copy (ms): Min: 40.6, Avg: 40.8, Max: 41.0, Diff: 0.4, Sum: 81.5]
      [Termination (ms): Min: 0.0, Avg: 0.0, Max: 0.0, Diff: 0.0, Sum: 0.0]
      [GC Worker Other (ms): Min: 0.1, Avg: 0.1, Max: 0.2, Diff: 0.1, Sum: 0.2]
      [GC Worker Total (ms): Min: 148.0, Avg: 148.0, Max: 148.0, Diff: 0.0, Sum: 296.1]
      [GC Worker End (ms): Min: 26809602.7, Avg: 26809602.7, Max: 26809602.7, Diff: 0.0]
   [Code Root Fixup: 0.5 ms]
   [Code Root Migration: 0.1 ms]
   [Clear CT: 0.7 ms]
   [Other: 8.1 ms]
      [Choose CSet: 0.0 ms]
      [Ref Proc: 4.0 ms]
      [Ref Enq: 0.4 ms]
      [Free CSet: 1.2 ms]
   [Eden: 450.0M(450.0M)->0.0B(378.0M) Survivors: 14.0M->36.0M Heap: 2285.0M(4096.0M)->1857.0M(4096.0M)]
 [Times: user=0.31 sys=0.00, real=0.15 secs] 
2016-08-30T21:02:55.532+0200: 26825.667: [GC pause (young), 0.1329280 secs]
   [Parallel Time: 127.7 ms, GC Workers: 2]
      [GC Worker Start (ms): Min: 26825667.9, Avg: 26825667.9, Max: 26825668.0, Diff: 0.1]
      [Ext Root Scanning (ms): Min: 48.1, Avg: 48.5, Max: 48.9, Diff: 0.7, Sum: 97.0]
      [Update RS (ms): Min: 28.7, Avg: 28.7, Max: 28.8, Diff: 0.1, Sum: 57.4]
         [Processed Buffers: Min: 231, Avg: 250.5, Max: 270, Diff: 39, Sum: 501]
      [Scan RS (ms): Min: 12.2, Avg: 12.4, Max: 12.5, Diff: 0.2, Sum: 24.7]
      [Code Root Scanning (ms): Min: 0.1, Avg: 0.1, Max: 0.1, Diff: 0.0, Sum: 0.2]
      [Object Copy (ms): Min: 37.6, Avg: 37.7, Max: 37.9, Diff: 0.3, Sum: 75.5]
      [Termination (ms): Min: 0.0, Avg: 0.0, Max: 0.0, Diff: 0.0, Sum: 0.0]
      [GC Worker Other (ms): Min: 0.1, Avg: 0.2, Max: 0.2, Diff: 0.0, Sum: 0.3]
      [GC Worker Total (ms): Min: 127.5, Avg: 127.6, Max: 127.6, Diff: 0.1, Sum: 255.2]
      [GC Worker End (ms): Min: 26825795.5, Avg: 26825795.5, Max: 26825795.5, Diff: 0.0]
   [Code Root Fixup: 0.4 ms]
   [Code Root Migration: 0.0 ms]
   [Clear CT: 0.6 ms]
   [Other: 4.3 ms]
      [Choose CSet: 0.0 ms]
      [Ref Proc: 1.5 ms]
      [Ref Enq: 0.1 ms]
      [Free CSet: 0.7 ms]
   [Eden: 256.0M(212.0M)->0.0B(960.0M) Survivors: 36.0M->18.0M Heap: 2113.0M(4096.0M)->1860.0M(4096.0M)]
 [Times: user=0.26 sys=0.00, real=0.13 secs] 
2016-08-30T21:03:42.262+0200: 26872.397: [GC pause (young), 0.1625130 secs]
   [Parallel Time: 153.6 ms, GC Workers: 2]
      [GC Worker Start (ms): Min: 26872398.6, Avg: 26872398.7, Max: 26872398.7, Diff: 0.0]
      [Ext Root Scanning (ms): Min: 51.4, Avg: 51.6, Max: 51.8, Diff: 0.4, Sum: 103.1]
      [Update RS (ms): Min: 47.6, Avg: 47.7, Max: 47.7, Diff: 0.1, Sum: 95.4]
         [Processed Buffers: Min: 340, Avg: 359.5, Max: 379, Diff: 39, Sum: 719]
      [Scan RS (ms): Min: 12.5, Avg: 12.7, Max: 13.0, Diff: 0.5, Sum: 25.4]
      [Code Root Scanning (ms): Min: 0.2, Avg: 0.2, Max: 0.3, Diff: 0.1, Sum: 0.4]
      [Object Copy (ms): Min: 41.0, Avg: 41.1, Max: 41.3, Diff: 0.3, Sum: 82.3]
      [Termination (ms): Min: 0.0, Avg: 0.0, Max: 0.0, Diff: 0.0, Sum: 0.0]
      [GC Worker Other (ms): Min: 0.0, Avg: 0.2, Max: 0.4, Diff: 0.3, Sum: 0.4]
      [GC Worker Total (ms): Min: 153.5, Avg: 153.5, Max: 153.6, Diff: 0.1, Sum: 307.0]
      [GC Worker End (ms): Min: 26872552.2, Avg: 26872552.2, Max: 26872552.2, Diff: 0.0]
   [Code Root Fixup: 0.3 ms]
   [Code Root Migration: 0.1 ms]
   [Clear CT: 0.5 ms]
   [Other: 8.0 ms]
      [Choose CSet: 0.0 ms]
      [Ref Proc: 3.5 ms]
      [Ref Enq: 0.2 ms]
      [Free CSet: 1.3 ms]
   [Eden: 618.0M(618.0M)->0.0B(556.0M) Survivors: 18.0M->54.0M Heap: 2478.0M(4096.0M)->1896.0M(4096.0M)]
 [Times: user=0.31 sys=0.00, real=0.16 secs] 
2016-08-30T21:04:08.409+0200: 26898.544: [GC pause (young), 0.1726250 secs]
   [Parallel Time: 164.0 ms, GC Workers: 2]
      [GC Worker Start (ms): Min: 26898545.1, Avg: 26898545.1, Max: 26898545.1, Diff: 0.0]
      [Ext Root Scanning (ms): Min: 59.7, Avg: 60.5, Max: 61.2, Diff: 1.5, Sum: 120.9]
      [Update RS (ms): Min: 34.8, Avg: 36.0, Max: 37.2, Diff: 2.4, Sum: 71.9]
         [Processed Buffers: Min: 185, Avg: 262.0, Max: 339, Diff: 154, Sum: 524]
      [Scan RS (ms): Min: 16.2, Avg: 16.3, Max: 16.4, Diff: 0.2, Sum: 32.6]
      [Code Root Scanning (ms): Min: 0.5, Avg: 0.5, Max: 0.5, Diff: 0.0, Sum: 1.1]
      [Object Copy (ms): Min: 49.9, Avg: 50.5, Max: 51.1, Diff: 1.1, Sum: 101.0]
      [Termination (ms): Min: 0.0, Avg: 0.0, Max: 0.0, Diff: 0.0, Sum: 0.0]
      [GC Worker Other (ms): Min: 0.2, Avg: 0.2, Max: 0.2, Diff: 0.0, Sum: 0.4]
      [GC Worker Total (ms): Min: 163.9, Avg: 163.9, Max: 164.0, Diff: 0.0, Sum: 327.9]
      [GC Worker End (ms): Min: 26898709.0, Avg: 26898709.0, Max: 26898709.0, Diff: 0.0]
   [Code Root Fixup: 0.4 ms]
   [Code Root Migration: 0.1 ms]
   [Clear CT: 0.7 ms]
   [Other: 7.4 ms]
      [Choose CSet: 0.0 ms]
      [Ref Proc: 3.5 ms]
      [Ref Enq: 0.3 ms]
      [Free CSet: 1.1 ms]
   [Eden: 358.0M(312.0M)->0.0B(894.0M) Survivors: 54.0M->26.0M Heap: 2254.0M(4096.0M)->1892.0M(4096.0M)]
 [Times: user=0.30 sys=0.00, real=0.18 secs] 
2016-08-30T21:04:53.285+0200: 26943.420: [GC pause (young) (initial-mark), 0.1954720 secs]
   [Parallel Time: 182.3 ms, GC Workers: 2]
      [GC Worker Start (ms): Min: 26943421.5, Avg: 26943421.6, Max: 26943421.6, Diff: 0.0]
      [Ext Root Scanning (ms): Min: 49.5, Avg: 49.5, Max: 49.5, Diff: 0.0, Sum: 99.0]
      [Code Root Marking (ms): Min: 13.8, Avg: 13.9, Max: 14.0, Diff: 0.2, Sum: 27.8]
      [Update RS (ms): Min: 48.7, Avg: 48.8, Max: 48.9, Diff: 0.2, Sum: 97.6]
         [Processed Buffers: Min: 260, Avg: 276.0, Max: 292, Diff: 32, Sum: 552]
      [Scan RS (ms): Min: 11.8, Avg: 11.9, Max: 11.9, Diff: 0.1, Sum: 23.8]
      [Code Root Scanning (ms): Min: 0.2, Avg: 0.2, Max: 0.3, Diff: 0.1, Sum: 0.5]
      [Object Copy (ms): Min: 57.7, Avg: 57.7, Max: 57.8, Diff: 0.1, Sum: 115.5]
      [Termination (ms): Min: 0.0, Avg: 0.0, Max: 0.0, Diff: 0.0, Sum: 0.0]
      [GC Worker Other (ms): Min: 0.2, Avg: 0.2, Max: 0.2, Diff: 0.0, Sum: 0.3]
      [GC Worker Total (ms): Min: 182.2, Avg: 182.2, Max: 182.2, Diff: 0.0, Sum: 364.5]
      [GC Worker End (ms): Min: 26943603.8, Avg: 26943603.8, Max: 26943603.8, Diff: 0.0]
   [Code Root Fixup: 0.4 ms]
   [Code Root Migration: 0.1 ms]
   [Clear CT: 0.6 ms]
   [Other: 12.0 ms]
      [Choose CSet: 0.0 ms]
      [Ref Proc: 6.5 ms]
      [Ref Enq: 0.5 ms]
      [Free CSet: 1.9 ms]
   [Eden: 606.0M(548.0M)->0.0B(348.0M) Survivors: 26.0M->44.0M Heap: 2498.0M(4096.0M)->1910.0M(4096.0M)]
 [Times: user=0.38 sys=0.01, real=0.20 secs] 
2016-08-30T21:04:53.481+0200: 26943.616: [GC concurrent-root-region-scan-start]
2016-08-30T21:04:53.541+0200: 26943.675: [GC concurrent-root-region-scan-end, 0.0594230 secs]
2016-08-30T21:04:53.541+0200: 26943.675: [GC concurrent-mark-start]
2016-08-30T21:04:55.237+0200: 26945.371: [GC concurrent-mark-end, 1.6960710 secs]
2016-08-30T21:04:55.240+0200: 26945.375: [GC remark 2016-08-30T21:04:55.242+0200: 26945.376: [GC ref-proc, 0.0475340 secs], 0.0641790 secs]
 [Times: user=0.08 sys=0.00, real=0.06 secs] 
2016-08-30T21:04:55.308+0200: 26945.442: [GC cleanup 1936M->1791M(4096M), 0.0363030 secs]
 [Times: user=0.07 sys=0.00, real=0.04 secs] 
2016-08-30T21:04:55.344+0200: 26945.479: [GC concurrent-cleanup-start]
2016-08-30T21:04:55.345+0200: 26945.479: [GC concurrent-cleanup-end, 0.0003190 secs]
2016-08-30T21:05:19.697+0200: 26969.832: [GC pause (young), 0.1776930 secs]
   [Parallel Time: 168.8 ms, GC Workers: 2]
      [GC Worker Start (ms): Min: 26969833.2, Avg: 26969833.3, Max: 26969833.3, Diff: 0.1]
      [Ext Root Scanning (ms): Min: 51.1, Avg: 52.3, Max: 53.6, Diff: 2.5, Sum: 104.7]
      [Update RS (ms): Min: 38.3, Avg: 39.3, Max: 40.4, Diff: 2.1, Sum: 78.6]
         [Processed Buffers: Min: 341, Avg: 357.5, Max: 374, Diff: 33, Sum: 715]
      [Scan RS (ms): Min: 14.3, Avg: 14.5, Max: 14.7, Diff: 0.4, Sum: 28.9]
      [Code Root Scanning (ms): Min: 0.1, Avg: 0.1, Max: 0.2, Diff: 0.1, Sum: 0.3]
      [Object Copy (ms): Min: 62.2, Avg: 62.2, Max: 62.3, Diff: 0.0, Sum: 124.5]
      [Termination (ms): Min: 0.0, Avg: 0.0, Max: 0.0, Diff: 0.0, Sum: 0.0]
      [GC Worker Other (ms): Min: 0.2, Avg: 0.2, Max: 0.2, Diff: 0.0, Sum: 0.3]
      [GC Worker Total (ms): Min: 168.6, Avg: 168.7, Max: 168.7, Diff: 0.1, Sum: 337.3]
      [GC Worker End (ms): Min: 26970001.9, Avg: 26970001.9, Max: 26970001.9, Diff: 0.0]
   [Code Root Fixup: 0.5 ms]
   [Code Root Migration: 0.1 ms]
   [Clear CT: 0.7 ms]
   [Other: 7.6 ms]
      [Choose CSet: 0.0 ms]
      [Ref Proc: 3.1 ms]
      [Ref Enq: 0.3 ms]
      [Free CSet: 1.1 ms]
   [Eden: 348.0M(348.0M)->0.0B(160.0M) Survivors: 44.0M->44.0M Heap: 2113.0M(4096.0M)->1791.0M(4096.0M)]
 [Times: user=0.34 sys=0.00, real=0.18 secs] 
2016-08-30T21:05:36.580+0200: 26986.715: [GC pause (mixed), 0.2222650 secs]
   [Parallel Time: 211.7 ms, GC Workers: 2]
      [GC Worker Start (ms): Min: 26986716.4, Avg: 26986716.4, Max: 26986716.4, Diff: 0.0]
      [Ext Root Scanning (ms): Min: 55.3, Avg: 66.4, Max: 77.6, Diff: 22.3, Sum: 132.8]
      [Update RS (ms): Min: 27.3, Avg: 46.7, Max: 66.0, Diff: 38.7, Sum: 93.4]
         [Processed Buffers: Min: 225, Avg: 250.0, Max: 275, Diff: 50, Sum: 500]
      [Scan RS (ms): Min: 34.6, Avg: 40.4, Max: 46.2, Diff: 11.6, Sum: 80.7]
      [Code Root Scanning (ms): Min: 0.1, Avg: 0.2, Max: 0.3, Diff: 0.2, Sum: 0.4]
      [Object Copy (ms): Min: 55.6, Avg: 56.5, Max: 57.5, Diff: 1.9, Sum: 113.0]
      [Termination (ms): Min: 0.0, Avg: 1.3, Max: 2.7, Diff: 2.7, Sum: 2.7]
      [GC Worker Other (ms): Min: 0.0, Avg: 0.0, Max: 0.0, Diff: 0.0, Sum: 0.1]
      [GC Worker Total (ms): Min: 211.6, Avg: 211.6, Max: 211.6, Diff: 0.0, Sum: 423.1]
      [GC Worker End (ms): Min: 26986928.0, Avg: 26986928.0, Max: 26986928.0, Diff: 0.0]
   [Code Root Fixup: 0.3 ms]
   [Code Root Migration: 0.1 ms]
   [Clear CT: 0.6 ms]
   [Other: 9.6 ms]
      [Choose CSet: 0.4 ms]
      [Ref Proc: 5.6 ms]
      [Ref Enq: 0.1 ms]
      [Free CSet: 1.6 ms]
   [Eden: 160.0M(160.0M)->0.0B(192.0M) Survivors: 44.0M->12.0M Heap: 1951.0M(4096.0M)->1429.0M(4096.0M)]
 [Times: user=0.32 sys=0.00, real=0.22 secs] 
2016-08-30T21:05:47.675+0200: 26997.809: [GC pause (mixed), 0.3527800 secs]
   [Parallel Time: 346.7 ms, GC Workers: 2]
      [GC Worker Start (ms): Min: 26997810.3, Avg: 26997811.6, Max: 26997812.9, Diff: 2.6]
      [Ext Root Scanning (ms): Min: 65.1, Avg: 76.7, Max: 88.3, Diff: 23.2, Sum: 153.4]
      [Update RS (ms): Min: 43.4, Avg: 52.5, Max: 61.5, Diff: 18.0, Sum: 104.9]
         [Processed Buffers: Min: 312, Avg: 354.5, Max: 397, Diff: 85, Sum: 709]
      [Scan RS (ms): Min: 62.0, Avg: 64.8, Max: 67.6, Diff: 5.5, Sum: 129.6]
      [Code Root Scanning (ms): Min: 0.0, Avg: 3.1, Max: 6.1, Diff: 6.1, Sum: 6.2]
      [Object Copy (ms): Min: 141.9, Avg: 145.6, Max: 149.4, Diff: 7.5, Sum: 291.2]
      [Termination (ms): Min: 0.0, Avg: 2.7, Max: 5.5, Diff: 5.4, Sum: 5.5]
      [GC Worker Other (ms): Min: 0.0, Avg: 0.0, Max: 0.1, Diff: 0.0, Sum: 0.1]
      [GC Worker Total (ms): Min: 344.1, Avg: 345.4, Max: 346.7, Diff: 2.6, Sum: 690.8]
      [GC Worker End (ms): Min: 26998157.0, Avg: 26998157.0, Max: 26998157.0, Diff: 0.0]
   [Code Root Fixup: 0.3 ms]
   [Code Root Migration: 0.0 ms]
   [Clear CT: 0.9 ms]
   [Other: 4.8 ms]
      [Choose CSet: 0.4 ms]
      [Ref Proc: 1.0 ms]
      [Ref Enq: 0.1 ms]
      [Free CSet: 1.1 ms]
   [Eden: 192.0M(192.0M)->0.0B(178.0M) Survivors: 12.0M->26.0M Heap: 1621.0M(4096.0M)->1304.0M(4096.0M)]
 [Times: user=0.28 sys=0.00, real=0.36 secs] 
2016-08-30T21:06:00.761+0200: 27010.895: [GC pause (mixed), 0.2553580 secs]
   [Parallel Time: 247.9 ms, GC Workers: 2]
      [GC Worker Start (ms): Min: 27010897.4, Avg: 27010898.2, Max: 27010899.0, Diff: 1.6]
      [Ext Root Scanning (ms): Min: 50.1, Avg: 55.7, Max: 61.2, Diff: 11.1, Sum: 111.3]
      [Update RS (ms): Min: 18.0, Avg: 24.5, Max: 31.1, Diff: 13.1, Sum: 49.1]
         [Processed Buffers: Min: 195, Avg: 287.5, Max: 380, Diff: 185, Sum: 575]
      [Scan RS (ms): Min: 85.6, Avg: 85.8, Max: 86.0, Diff: 0.4, Sum: 171.7]
      [Code Root Scanning (ms): Min: 0.1, Avg: 0.1, Max: 0.2, Diff: 0.1, Sum: 0.3]
      [Object Copy (ms): Min: 80.7, Avg: 80.7, Max: 80.8, Diff: 0.1, Sum: 161.5]
      [Termination (ms): Min: 0.0, Avg: 0.0, Max: 0.0, Diff: 0.0, Sum: 0.0]
      [GC Worker Other (ms): Min: 0.1, Avg: 0.1, Max: 0.2, Diff: 0.0, Sum: 0.3]
      [GC Worker Total (ms): Min: 246.2, Avg: 247.1, Max: 247.9, Diff: 1.6, Sum: 494.1]
      [GC Worker End (ms): Min: 27011145.3, Avg: 27011145.3, Max: 27011145.3, Diff: 0.0]
   [Code Root Fixup: 0.2 ms]
   [Code Root Migration: 0.0 ms]
   [Clear CT: 0.6 ms]
   [Other: 6.6 ms]
      [Choose CSet: 1.1 ms]
      [Ref Proc: 1.1 ms]
      [Ref Enq: 0.1 ms]
      [Free CSet: 1.6 ms]
   [Eden: 178.0M(178.0M)->0.0B(190.0M) Survivors: 26.0M->14.0M Heap: 1482.0M(4096.0M)->1176.0M(4096.0M)]
 [Times: user=0.50 sys=0.00, real=0.25 secs] 
2016-08-30T21:06:12.573+0200: 27022.708: [GC pause (mixed), 0.2840490 secs]
   [Parallel Time: 275.3 ms, GC Workers: 2]
      [GC Worker Start (ms): Min: 27022710.6, Avg: 27022710.6, Max: 27022710.6, Diff: 0.0]
      [Ext Root Scanning (ms): Min: 51.5, Avg: 51.8, Max: 52.0, Diff: 0.5, Sum: 103.6]
      [Update RS (ms): Min: 31.5, Avg: 31.5, Max: 31.6, Diff: 0.0, Sum: 63.1]
         [Processed Buffers: Min: 287, Avg: 334.0, Max: 381, Diff: 94, Sum: 668]
      [Scan RS (ms): Min: 126.8, Avg: 127.0, Max: 127.2, Diff: 0.4, Sum: 254.1]
      [Code Root Scanning (ms): Min: 0.2, Avg: 0.4, Max: 0.5, Diff: 0.4, Sum: 0.7]
      [Object Copy (ms): Min: 63.7, Avg: 64.4, Max: 65.1, Diff: 1.3, Sum: 128.8]
      [Termination (ms): Min: 0.0, Avg: 0.0, Max: 0.0, Diff: 0.0, Sum: 0.0]
      [GC Worker Other (ms): Min: 0.0, Avg: 0.1, Max: 0.1, Diff: 0.1, Sum: 0.2]
      [GC Worker Total (ms): Min: 275.2, Avg: 275.2, Max: 275.2, Diff: 0.0, Sum: 550.4]
      [GC Worker End (ms): Min: 27022985.8, Avg: 27022985.8, Max: 27022985.8, Diff: 0.0]
   [Code Root Fixup: 0.4 ms]
   [Code Root Migration: 0.4 ms]
   [Clear CT: 0.7 ms]
   [Other: 7.3 ms]
      [Choose CSet: 1.4 ms]
      [Ref Proc: 1.0 ms]
      [Ref Enq: 0.1 ms]
      [Free CSet: 1.7 ms]
   [Eden: 190.0M(190.0M)->0.0B(178.0M) Survivors: 14.0M->26.0M Heap: 1366.0M(4096.0M)->1086.0M(4096.0M)]
 [Times: user=0.56 sys=0.00, real=0.28 secs] 
2016-08-30T21:06:26.400+0200: 27036.534: [GC pause (young), 0.1353740 secs]
   [Parallel Time: 129.6 ms, GC Workers: 2]
      [GC Worker Start (ms): Min: 27036535.4, Avg: 27036535.5, Max: 27036535.5, Diff: 0.0]
      [Ext Root Scanning (ms): Min: 49.1, Avg: 49.3, Max: 49.6, Diff: 0.5, Sum: 98.7]
      [Update RS (ms): Min: 24.8, Avg: 25.1, Max: 25.3, Diff: 0.5, Sum: 50.2]
         [Processed Buffers: Min: 253, Avg: 261.0, Max: 269, Diff: 16, Sum: 522]
      [Scan RS (ms): Min: 9.0, Avg: 9.1, Max: 9.3, Diff: 0.3, Sum: 18.3]
      [Code Root Scanning (ms): Min: 0.1, Avg: 0.1, Max: 0.1, Diff: 0.0, Sum: 0.1]
      [Object Copy (ms): Min: 45.3, Avg: 45.7, Max: 46.1, Diff: 0.8, Sum: 91.4]
      [Termination (ms): Min: 0.0, Avg: 0.0, Max: 0.0, Diff: 0.0, Sum: 0.0]
      [GC Worker Other (ms): Min: 0.1, Avg: 0.1, Max: 0.2, Diff: 0.1, Sum: 0.2]
      [GC Worker Total (ms): Min: 129.5, Avg: 129.5, Max: 129.5, Diff: 0.0, Sum: 259.0]
      [GC Worker End (ms): Min: 27036664.9, Avg: 27036664.9, Max: 27036664.9, Diff: 0.0]
   [Code Root Fixup: 0.5 ms]
   [Code Root Migration: 0.0 ms]
   [Clear CT: 0.5 ms]
   [Other: 4.8 ms]
      [Choose CSet: 0.0 ms]
      [Ref Proc: 1.6 ms]
      [Ref Enq: 0.1 ms]
      [Free CSet: 0.6 ms]
   [Eden: 178.0M(178.0M)->0.0B(184.0M) Survivors: 26.0M->20.0M Heap: 1264.0M(4096.0M)->1099.0M(4096.0M)]
 [Times: user=0.25 sys=0.00, real=0.14 secs] 
2016-08-30T21:06:41.604+0200: 27051.738: [GC pause (young), 0.1293390 secs]
   [Parallel Time: 123.0 ms, GC Workers: 2]
      [GC Worker Start (ms): Min: 27051739.6, Avg: 27051739.6, Max: 27051739.6, Diff: 0.0]
      [Ext Root Scanning (ms): Min: 53.4, Avg: 54.0, Max: 54.6, Diff: 1.2, Sum: 108.1]
      [Update RS (ms): Min: 29.9, Avg: 30.7, Max: 31.5, Diff: 1.6, Sum: 61.4]
         [Processed Buffers: Min: 296, Avg: 301.0, Max: 306, Diff: 10, Sum: 602]
      [Scan RS (ms): Min: 5.3, Avg: 5.7, Max: 6.2, Diff: 1.0, Sum: 11.5]
      [Code Root Scanning (ms): Min: 0.0, Avg: 0.1, Max: 0.1, Diff: 0.1, Sum: 0.1]
      [Object Copy (ms): Min: 31.4, Avg: 32.3, Max: 33.2, Diff: 1.7, Sum: 64.6]
      [Termination (ms): Min: 0.0, Avg: 0.0, Max: 0.0, Diff: 0.0, Sum: 0.0]
      [GC Worker Other (ms): Min: 0.1, Avg: 0.1, Max: 0.1, Diff: 0.1, Sum: 0.2]
      [GC Worker Total (ms): Min: 122.9, Avg: 122.9, Max: 123.0, Diff: 0.0, Sum: 245.9]
      [GC Worker End (ms): Min: 27051862.6, Avg: 27051862.6, Max: 27051862.6, Diff: 0.0]
   [Code Root Fixup: 0.5 ms]
   [Code Root Migration: 0.0 ms]
   [Clear CT: 0.4 ms]
   [Other: 5.4 ms]
      [Choose CSet: 0.0 ms]
      [Ref Proc: 1.8 ms]
      [Ref Enq: 0.1 ms]
      [Free CSet: 0.6 ms]
   [Eden: 184.0M(184.0M)->0.0B(186.0M) Survivors: 20.0M->18.0M Heap: 1283.0M(4096.0M)->1112.0M(4096.0M)]
 [Times: user=0.24 sys=0.00, real=0.13 secs] 
2016-08-30T21:06:53.135+0200: 27063.269: [GC pause (young), 0.1241650 secs]
   [Parallel Time: 118.6 ms, GC Workers: 2]
      [GC Worker Start (ms): Min: 27063270.2, Avg: 27063270.2, Max: 27063270.2, Diff: 0.0]
      [Ext Root Scanning (ms): Min: 49.9, Avg: 54.0, Max: 58.0, Diff: 8.0, Sum: 107.9]
      [Update RS (ms): Min: 24.0, Avg: 28.7, Max: 33.5, Diff: 9.5, Sum: 57.5]
         [Processed Buffers: Min: 224, Avg: 278.0, Max: 332, Diff: 108, Sum: 556]
      [Scan RS (ms): Min: 6.4, Avg: 6.4, Max: 6.4, Diff: 0.0, Sum: 12.8]
      [Code Root Scanning (ms): Min: 0.0, Avg: 0.1, Max: 0.1, Diff: 0.0, Sum: 0.1]
      [Object Copy (ms): Min: 28.6, Avg: 29.2, Max: 29.9, Diff: 1.3, Sum: 58.5]
      [Termination (ms): Min: 0.0, Avg: 0.0, Max: 0.0, Diff: 0.0, Sum: 0.0]
      [GC Worker Other (ms): Min: 0.1, Avg: 0.1, Max: 0.2, Diff: 0.1, Sum: 0.2]
      [GC Worker Total (ms): Min: 118.5, Avg: 118.5, Max: 118.5, Diff: 0.0, Sum: 237.0]
      [GC Worker End (ms): Min: 27063388.8, Avg: 27063388.8, Max: 27063388.8, Diff: 0.0]
   [Code Root Fixup: 0.5 ms]
   [Code Root Migration: 0.0 ms]
   [Clear CT: 0.5 ms]
   [Other: 4.5 ms]
      [Choose CSet: 0.0 ms]
      [Ref Proc: 1.6 ms]
      [Ref Enq: 0.1 ms]
      [Free CSet: 0.6 ms]
   [Eden: 186.0M(186.0M)->0.0B(180.0M) Survivors: 18.0M->24.0M Heap: 1298.0M(4096.0M)->1125.0M(4096.0M)]
 [Times: user=0.24 sys=0.00, real=0.13 secs] 
2016-08-30T21:07:10.317+0200: 27080.451: [GC pause (young), 0.1324320 secs]
   [Parallel Time: 126.0 ms, GC Workers: 2]
      [GC Worker Start (ms): Min: 27080452.8, Avg: 27080452.8, Max: 27080452.9, Diff: 0.0]
      [Ext Root Scanning (ms): Min: 55.6, Avg: 57.5, Max: 59.4, Diff: 3.8, Sum: 115.1]
      [Update RS (ms): Min: 26.2, Avg: 29.0, Max: 31.7, Diff: 5.4, Sum: 57.9]
         [Processed Buffers: Min: 231, Avg: 262.5, Max: 294, Diff: 63, Sum: 525]
      [Scan RS (ms): Min: 7.3, Avg: 7.3, Max: 7.4, Diff: 0.1, Sum: 14.7]
      [Code Root Scanning (ms): Min: 0.1, Avg: 0.1, Max: 0.1, Diff: 0.0, Sum: 0.2]
      [Object Copy (ms): Min: 31.2, Avg: 31.9, Max: 32.7, Diff: 1.5, Sum: 63.9]
      [Termination (ms): Min: 0.0, Avg: 0.0, Max: 0.0, Diff: 0.0, Sum: 0.0]
      [GC Worker Other (ms): Min: 0.1, Avg: 0.1, Max: 0.1, Diff: 0.0, Sum: 0.1]
      [GC Worker Total (ms): Min: 125.9, Avg: 125.9, Max: 125.9, Diff: 0.0, Sum: 251.8]
      [GC Worker End (ms): Min: 27080578.7, Avg: 27080578.7, Max: 27080578.7, Diff: 0.0]
   [Code Root Fixup: 0.4 ms]
   [Code Root Migration: 0.0 ms]
   [Clear CT: 0.5 ms]
   [Other: 5.5 ms]
      [Choose CSet: 0.0 ms]
      [Ref Proc: 1.8 ms]
      [Ref Enq: 0.1 ms]
      [Free CSet: 0.6 ms]
   [Eden: 180.0M(180.0M)->0.0B(188.0M) Survivors: 24.0M->16.0M Heap: 1305.0M(4096.0M)->1129.0M(4096.0M)]
 [Times: user=0.26 sys=0.00, real=0.14 secs] 
2016-08-30T21:07:20.576+0200: 27090.711: [GC pause (young), 0.1310300 secs]
   [Parallel Time: 126.3 ms, GC Workers: 2]
      [GC Worker Start (ms): Min: 27090712.4, Avg: 27090712.4, Max: 27090712.4, Diff: 0.0]
      [Ext Root Scanning (ms): Min: 53.8, Avg: 61.0, Max: 68.2, Diff: 14.4, Sum: 122.1]
      [Update RS (ms): Min: 18.9, Avg: 27.3, Max: 35.8, Diff: 16.9, Sum: 54.7]
         [Processed Buffers: Min: 150, Avg: 367.5, Max: 585, Diff: 435, Sum: 735]
      [Scan RS (ms): Min: 3.9, Avg: 4.0, Max: 4.1, Diff: 0.2, Sum: 8.0]
      [Code Root Scanning (ms): Min: 0.0, Avg: 0.0, Max: 0.1, Diff: 0.0, Sum: 0.1]
      [Object Copy (ms): Min: 32.6, Avg: 33.8, Max: 34.9, Diff: 2.3, Sum: 67.5]
      [Termination (ms): Min: 0.0, Avg: 0.0, Max: 0.0, Diff: 0.0, Sum: 0.0]
      [GC Worker Other (ms): Min: 0.0, Avg: 0.0, Max: 0.1, Diff: 0.0, Sum: 0.1]
      [GC Worker Total (ms): Min: 126.2, Avg: 126.3, Max: 126.3, Diff: 0.0, Sum: 252.5]
      [GC Worker End (ms): Min: 27090838.7, Avg: 27090838.7, Max: 27090838.7, Diff: 0.0]
   [Code Root Fixup: 0.2 ms]
   [Code Root Migration: 0.0 ms]
   [Clear CT: 0.3 ms]
   [Other: 4.1 ms]
      [Choose CSet: 0.0 ms]
      [Ref Proc: 1.0 ms]
      [Ref Enq: 0.1 ms]
      [Free CSet: 0.4 ms]
   [Eden: 188.0M(188.0M)->0.0B(178.0M) Survivors: 16.0M->26.0M Heap: 1317.0M(4096.0M)->1159.0M(4096.0M)]
 [Times: user=0.25 sys=0.00, real=0.13 secs] 
2016-08-30T21:07:35.230+0200: 27105.365: [GC pause (young), 0.1244000 secs]
   [Parallel Time: 118.5 ms, GC Workers: 2]
      [GC Worker Start (ms): Min: 27105366.0, Avg: 27105366.5, Max: 27105367.0, Diff: 1.0]
      [Ext Root Scanning (ms): Min: 50.7, Avg: 51.3, Max: 51.9, Diff: 1.2, Sum: 102.7]
      [Update RS (ms): Min: 26.6, Avg: 27.1, Max: 27.6, Diff: 1.0, Sum: 54.2]
         [Processed Buffers: Min: 260, Avg: 265.0, Max: 270, Diff: 10, Sum: 530]
      [Scan RS (ms): Min: 6.8, Avg: 6.9, Max: 7.0, Diff: 0.2, Sum: 13.8]
      [Code Root Scanning (ms): Min: 0.1, Avg: 0.1, Max: 0.1, Diff: 0.0, Sum: 0.1]
      [Object Copy (ms): Min: 31.8, Avg: 32.5, Max: 33.2, Diff: 1.4, Sum: 64.9]
      [Termination (ms): Min: 0.0, Avg: 0.0, Max: 0.0, Diff: 0.0, Sum: 0.0]
      [GC Worker Other (ms): Min: 0.1, Avg: 0.1, Max: 0.1, Diff: 0.0, Sum: 0.1]
      [GC Worker Total (ms): Min: 117.4, Avg: 117.9, Max: 118.4, Diff: 1.0, Sum: 235.8]
      [GC Worker End (ms): Min: 27105484.4, Avg: 27105484.4, Max: 27105484.4, Diff: 0.0]
   [Code Root Fixup: 0.6 ms]
   [Code Root Migration: 0.0 ms]
   [Clear CT: 0.5 ms]
   [Other: 4.8 ms]
      [Choose CSet: 0.0 ms]
      [Ref Proc: 1.7 ms]
      [Ref Enq: 0.1 ms]
      [Free CSet: 0.7 ms]
   [Eden: 178.0M(178.0M)->0.0B(310.0M) Survivors: 26.0M->14.0M Heap: 1337.0M(4096.0M)->1172.0M(4096.0M)]
 [Times: user=0.24 sys=0.00, real=0.13 secs] 
2016-08-30T21:08:00.047+0200: 27130.181: [GC pause (young), 0.1385810 secs]
   [Parallel Time: 131.3 ms, GC Workers: 2]
      [GC Worker Start (ms): Min: 27130182.7, Avg: 27130182.8, Max: 27130182.8, Diff: 0.1]
      [Ext Root Scanning (ms): Min: 55.2, Avg: 57.1, Max: 59.1, Diff: 3.9, Sum: 114.3]
      [Update RS (ms): Min: 33.2, Avg: 33.6, Max: 34.0, Diff: 0.8, Sum: 67.1]
         [Processed Buffers: Min: 264, Avg: 269.5, Max: 275, Diff: 11, Sum: 539]
      [Scan RS (ms): Min: 7.5, Avg: 8.1, Max: 8.6, Diff: 1.1, Sum: 16.1]
      [Code Root Scanning (ms): Min: 0.1, Avg: 0.1, Max: 0.1, Diff: 0.1, Sum: 0.2]
      [Object Copy (ms): Min: 29.4, Avg: 32.2, Max: 35.1, Diff: 5.8, Sum: 64.5]
      [Termination (ms): Min: 0.0, Avg: 0.0, Max: 0.0, Diff: 0.0, Sum: 0.0]
      [GC Worker Other (ms): Min: 0.1, Avg: 0.1, Max: 0.2, Diff: 0.0, Sum: 0.3]
      [GC Worker Total (ms): Min: 131.2, Avg: 131.2, Max: 131.3, Diff: 0.1, Sum: 262.5]
      [GC Worker End (ms): Min: 27130314.0, Avg: 27130314.0, Max: 27130314.0, Diff: 0.0]
   [Code Root Fixup: 0.4 ms]
   [Code Root Migration: 0.1 ms]
   [Clear CT: 0.5 ms]
   [Other: 6.2 ms]
      [Choose CSet: 0.0 ms]
      [Ref Proc: 2.6 ms]
      [Ref Enq: 0.2 ms]
      [Free CSet: 1.2 ms]
   [Eden: 310.0M(310.0M)->0.0B(328.0M) Survivors: 14.0M->24.0M Heap: 1482.0M(4096.0M)->1183.0M(4096.0M)]
 [Times: user=0.25 sys=0.00, real=0.13 secs] 
2016-08-30T21:08:25.561+0200: 27155.695: [GC pause (young), 0.1502560 secs]
   [Parallel Time: 142.5 ms, GC Workers: 2]
      [GC Worker Start (ms): Min: 27155696.5, Avg: 27155697.3, Max: 27155698.1, Diff: 1.6]
      [Ext Root Scanning (ms): Min: 50.1, Avg: 52.0, Max: 53.9, Diff: 3.9, Sum: 104.0]
      [Update RS (ms): Min: 35.2, Avg: 36.6, Max: 38.1, Diff: 2.8, Sum: 73.3]
         [Processed Buffers: Min: 250, Avg: 262.5, Max: 275, Diff: 25, Sum: 525]
      [Scan RS (ms): Min: 11.7, Avg: 12.0, Max: 12.2, Diff: 0.5, Sum: 23.9]
      [Code Root Scanning (ms): Min: 0.1, Avg: 0.1, Max: 0.1, Diff: 0.0, Sum: 0.2]
      [Object Copy (ms): Min: 40.6, Avg: 40.6, Max: 40.7, Diff: 0.1, Sum: 81.3]
      [Termination (ms): Min: 0.0, Avg: 0.0, Max: 0.0, Diff: 0.0, Sum: 0.0]
      [GC Worker Other (ms): Min: 0.2, Avg: 0.2, Max: 0.2, Diff: 0.0, Sum: 0.3]
      [GC Worker Total (ms): Min: 140.7, Avg: 141.6, Max: 142.4, Diff: 1.6, Sum: 283.1]
      [GC Worker End (ms): Min: 27155838.9, Avg: 27155838.9, Max: 27155838.9, Diff: 0.0]
   [Code Root Fixup: 0.5 ms]
   [Code Root Migration: 0.1 ms]
   [Clear CT: 0.5 ms]
   [Other: 6.7 ms]
      [Choose CSet: 0.0 ms]
      [Ref Proc: 3.2 ms]
      [Ref Enq: 0.3 ms]
      [Free CSet: 1.0 ms]
   [Eden: 328.0M(328.0M)->0.0B(362.0M) Survivors: 24.0M->36.0M Heap: 1511.0M(4096.0M)->1195.0M(4096.0M)]
 [Times: user=0.29 sys=0.00, real=0.15 secs] 
2016-08-30T21:08:55.039+0200: 27185.173: [GC pause (young), 0.1579860 secs]
   [Parallel Time: 148.1 ms, GC Workers: 2]
      [GC Worker Start (ms): Min: 27185174.2, Avg: 27185174.2, Max: 27185174.3, Diff: 0.1]
      [Ext Root Scanning (ms): Min: 48.5, Avg: 49.2, Max: 49.9, Diff: 1.4, Sum: 98.4]
      [Update RS (ms): Min: 35.6, Avg: 36.0, Max: 36.5, Diff: 0.9, Sum: 72.1]
         [Processed Buffers: Min: 247, Avg: 256.0, Max: 265, Diff: 18, Sum: 512]
      [Scan RS (ms): Min: 14.2, Avg: 14.5, Max: 14.7, Diff: 0.5, Sum: 28.9]
      [Code Root Scanning (ms): Min: 0.1, Avg: 0.1, Max: 0.2, Diff: 0.1, Sum: 0.3]
      [Object Copy (ms): Min: 47.5, Avg: 48.0, Max: 48.5, Diff: 1.0, Sum: 95.9]
      [Termination (ms): Min: 0.0, Avg: 0.0, Max: 0.0, Diff: 0.0, Sum: 0.0]
      [GC Worker Other (ms): Min: 0.2, Avg: 0.2, Max: 0.2, Diff: 0.0, Sum: 0.3]
      [GC Worker Total (ms): Min: 147.9, Avg: 148.0, Max: 148.0, Diff: 0.1, Sum: 295.9]
      [GC Worker End (ms): Min: 27185322.2, Avg: 27185322.2, Max: 27185322.2, Diff: 0.0]
   [Code Root Fixup: 0.5 ms]
   [Code Root Migration: 0.1 ms]
   [Clear CT: 1.0 ms]
   [Other: 8.3 ms]
      [Choose CSet: 0.0 ms]
      [Ref Proc: 4.5 ms]
      [Ref Enq: 0.3 ms]
      [Free CSet: 1.2 ms]
   [Eden: 362.0M(362.0M)->0.0B(452.0M) Survivors: 36.0M->34.0M Heap: 1557.0M(4096.0M)->1204.0M(4096.0M)]
 [Times: user=0.31 sys=0.00, real=0.16 secs] 
2016-08-30T21:09:35.955+0200: 27226.089: [GC pause (young), 0.1713260 secs]
   [Parallel Time: 162.4 ms, GC Workers: 2]
      [GC Worker Start (ms): Min: 27226090.5, Avg: 27226092.4, Max: 27226094.2, Diff: 3.7]
      [Ext Root Scanning (ms): Min: 53.0, Avg: 54.2, Max: 55.5, Diff: 2.6, Sum: 108.5]
      [Update RS (ms): Min: 40.5, Avg: 41.0, Max: 41.6, Diff: 1.1, Sum: 82.1]
         [Processed Buffers: Min: 222, Avg: 250.5, Max: 279, Diff: 57, Sum: 501]
      [Scan RS (ms): Min: 13.7, Avg: 14.1, Max: 14.5, Diff: 0.8, Sum: 28.2]
      [Code Root Scanning (ms): Min: 0.2, Avg: 0.2, Max: 0.2, Diff: 0.0, Sum: 0.3]
      [Object Copy (ms): Min: 49.2, Avg: 50.7, Max: 52.2, Diff: 3.0, Sum: 101.4]
      [Termination (ms): Min: 0.0, Avg: 0.0, Max: 0.0, Diff: 0.0, Sum: 0.0]
      [GC Worker Other (ms): Min: 0.2, Avg: 0.2, Max: 0.2, Diff: 0.0, Sum: 0.3]
      [GC Worker Total (ms): Min: 158.6, Avg: 160.5, Max: 162.3, Diff: 3.7, Sum: 320.9]
      [GC Worker End (ms): Min: 27226252.8, Avg: 27226252.8, Max: 27226252.8, Diff: 0.0]
   [Code Root Fixup: 0.4 ms]
   [Code Root Migration: 0.1 ms]
   [Clear CT: 0.6 ms]
   [Other: 7.9 ms]
      [Choose CSet: 0.0 ms]
      [Ref Proc: 3.8 ms]
      [Ref Enq: 0.3 ms]
      [Free CSet: 1.3 ms]
   [Eden: 452.0M(452.0M)->0.0B(478.0M) Survivors: 34.0M->34.0M Heap: 1656.0M(4096.0M)->1211.0M(4096.0M)]
 [Times: user=0.32 sys=0.00, real=0.17 secs] 
2016-08-30T21:10:07.631+0200: 27257.766: [GC pause (young), 0.1519830 secs]
   [Parallel Time: 144.5 ms, GC Workers: 2]
      [GC Worker Start (ms): Min: 27257766.9, Avg: 27257766.9, Max: 27257766.9, Diff: 0.0]
      [Ext Root Scanning (ms): Min: 48.9, Avg: 49.7, Max: 50.5, Diff: 1.5, Sum: 99.4]
      [Update RS (ms): Min: 36.0, Avg: 36.1, Max: 36.2, Diff: 0.2, Sum: 72.2]
         [Processed Buffers: Min: 241, Avg: 259.0, Max: 277, Diff: 36, Sum: 518]
      [Scan RS (ms): Min: 14.6, Avg: 14.9, Max: 15.2, Diff: 0.6, Sum: 29.8]
      [Code Root Scanning (ms): Min: 0.1, Avg: 0.2, Max: 0.2, Diff: 0.1, Sum: 0.3]
      [Object Copy (ms): Min: 43.0, Avg: 43.5, Max: 44.0, Diff: 1.0, Sum: 86.9]
      [Termination (ms): Min: 0.0, Avg: 0.0, Max: 0.0, Diff: 0.0, Sum: 0.0]
      [GC Worker Other (ms): Min: 0.1, Avg: 0.2, Max: 0.2, Diff: 0.0, Sum: 0.3]
      [GC Worker Total (ms): Min: 144.4, Avg: 144.5, Max: 144.5, Diff: 0.0, Sum: 288.9]
      [GC Worker End (ms): Min: 27257911.4, Avg: 27257911.4, Max: 27257911.4, Diff: 0.0]
   [Code Root Fixup: 0.3 ms]
   [Code Root Migration: 0.1 ms]
   [Clear CT: 0.5 ms]
   [Other: 6.6 ms]
      [Choose CSet: 0.0 ms]
      [Ref Proc: 3.2 ms]
      [Ref Enq: 0.2 ms]
      [Free CSet: 1.1 ms]
   [Eden: 478.0M(478.0M)->0.0B(552.0M) Survivors: 34.0M->46.0M Heap: 1689.0M(4096.0M)->1224.0M(4096.0M)]
 [Times: user=0.29 sys=0.00, real=0.15 secs] 
2016-08-30T21:10:44.889+0200: 27295.023: [GC pause (young), 0.1823140 secs]
   [Parallel Time: 173.9 ms, GC Workers: 2]
      [GC Worker Start (ms): Min: 27295025.0, Avg: 27295025.0, Max: 27295025.1, Diff: 0.0]
      [Ext Root Scanning (ms): Min: 51.6, Avg: 52.0, Max: 52.4, Diff: 0.8, Sum: 104.1]
      [Update RS (ms): Min: 43.6, Avg: 43.7, Max: 43.8, Diff: 0.3, Sum: 87.4]
         [Processed Buffers: Min: 363, Avg: 379.0, Max: 395, Diff: 32, Sum: 758]
      [Scan RS (ms): Min: 17.8, Avg: 18.0, Max: 18.2, Diff: 0.3, Sum: 36.0]
      [Code Root Scanning (ms): Min: 0.2, Avg: 0.2, Max: 0.2, Diff: 0.1, Sum: 0.4]
      [Object Copy (ms): Min: 59.1, Avg: 59.8, Max: 60.5, Diff: 1.4, Sum: 119.6]
      [Termination (ms): Min: 0.0, Avg: 0.0, Max: 0.0, Diff: 0.0, Sum: 0.0]
      [GC Worker Other (ms): Min: 0.1, Avg: 0.1, Max: 0.2, Diff: 0.0, Sum: 0.3]
      [GC Worker Total (ms): Min: 173.8, Avg: 173.8, Max: 173.9, Diff: 0.0, Sum: 347.7]
      [GC Worker End (ms): Min: 27295198.9, Avg: 27295198.9, Max: 27295198.9, Diff: 0.0]
   [Code Root Fixup: 0.3 ms]
   [Code Root Migration: 0.1 ms]
   [Clear CT: 0.5 ms]
   [Other: 7.5 ms]
      [Choose CSet: 0.0 ms]
      [Ref Proc: 3.2 ms]
      [Ref Enq: 0.2 ms]
      [Free CSet: 1.1 ms]
   [Eden: 552.0M(552.0M)->0.0B(412.0M) Survivors: 46.0M->64.0M Heap: 1776.0M(4096.0M)->1257.8M(4096.0M)]
 [Times: user=0.36 sys=0.00, real=0.18 secs] 
2016-08-30T21:11:13.767+0200: 27323.902: [GC pause (young), 0.1775220 secs]
   [Parallel Time: 167.2 ms, GC Workers: 2]
      [GC Worker Start (ms): Min: 27323903.4, Avg: 27323903.4, Max: 27323903.4, Diff: 0.0]
      [Ext Root Scanning (ms): Min: 51.4, Avg: 51.8, Max: 52.3, Diff: 1.0, Sum: 103.7]
      [Update RS (ms): Min: 37.5, Avg: 37.9, Max: 38.3, Diff: 0.8, Sum: 75.9]
         [Processed Buffers: Min: 355, Avg: 366.0, Max: 377, Diff: 22, Sum: 732]
      [Scan RS (ms): Min: 15.0, Avg: 15.3, Max: 15.6, Diff: 0.6, Sum: 30.6]
      [Code Root Scanning (ms): Min: 0.1, Avg: 0.1, Max: 0.2, Diff: 0.1, Sum: 0.3]
      [Object Copy (ms): Min: 61.2, Avg: 61.7, Max: 62.3, Diff: 1.1, Sum: 123.4]
      [Termination (ms): Min: 0.0, Avg: 0.0, Max: 0.0, Diff: 0.0, Sum: 0.0]
      [GC Worker Other (ms): Min: 0.2, Avg: 0.2, Max: 0.2, Diff: 0.0, Sum: 0.4]
      [GC Worker Total (ms): Min: 167.1, Avg: 167.1, Max: 167.1, Diff: 0.0, Sum: 334.2]
      [GC Worker End (ms): Min: 27324070.5, Avg: 27324070.5, Max: 27324070.5, Diff: 0.0]
   [Code Root Fixup: 0.6 ms]
   [Code Root Migration: 0.1 ms]
   [Clear CT: 0.6 ms]
   [Other: 9.0 ms]
      [Choose CSet: 0.0 ms]
      [Ref Proc: 4.0 ms]
      [Ref Enq: 0.4 ms]
      [Free CSet: 1.3 ms]
   [Eden: 412.0M(412.0M)->0.0B(500.0M) Survivors: 64.0M->42.0M Heap: 1669.8M(4096.0M)->1262.0M(4096.0M)]
 [Times: user=0.34 sys=0.01, real=0.17 secs] 
2016-08-30T21:11:56.381+0200: 27366.515: [GC pause (young), 0.1538200 secs]
   [Parallel Time: 146.6 ms, GC Workers: 2]
      [GC Worker Start (ms): Min: 27366516.7, Avg: 27366516.8, Max: 27366516.8, Diff: 0.1]
      [Ext Root Scanning (ms): Min: 48.7, Avg: 49.5, Max: 50.3, Diff: 1.5, Sum: 99.0]
      [Update RS (ms): Min: 40.9, Avg: 41.3, Max: 41.6, Diff: 0.7, Sum: 82.5]
         [Processed Buffers: Min: 231, Avg: 265.5, Max: 300, Diff: 69, Sum: 531]
      [Scan RS (ms): Min: 12.1, Avg: 12.6, Max: 13.1, Diff: 1.0, Sum: 25.3]
      [Code Root Scanning (ms): Min: 0.1, Avg: 0.2, Max: 0.2, Diff: 0.1, Sum: 0.4]
      [Object Copy (ms): Min: 42.1, Avg: 42.7, Max: 43.4, Diff: 1.2, Sum: 85.5]
      [Termination (ms): Min: 0.0, Avg: 0.0, Max: 0.0, Diff: 0.0, Sum: 0.0]
      [GC Worker Other (ms): Min: 0.2, Avg: 0.2, Max: 0.2, Diff: 0.0, Sum: 0.4]
      [GC Worker Total (ms): Min: 146.5, Avg: 146.5, Max: 146.6, Diff: 0.1, Sum: 293.0]
      [GC Worker End (ms): Min: 27366663.3, Avg: 27366663.3, Max: 27366663.3, Diff: 0.0]
   [Code Root Fixup: 0.3 ms]
   [Code Root Migration: 0.1 ms]
   [Clear CT: 0.5 ms]
   [Other: 6.4 ms]
      [Choose CSet: 0.0 ms]
      [Ref Proc: 3.0 ms]
      [Ref Enq: 0.2 ms]
      [Free CSet: 1.1 ms]
   [Eden: 500.0M(500.0M)->0.0B(726.0M) Survivors: 42.0M->26.0M Heap: 1762.0M(4096.0M)->1258.0M(4096.0M)]
 [Times: user=0.28 sys=0.00, real=0.16 secs] 
2016-08-30T21:12:45.295+0200: 27415.430: [GC pause (young), 0.1816860 secs]
   [Parallel Time: 168.3 ms, GC Workers: 2]
      [GC Worker Start (ms): Min: 27415431.5, Avg: 27415431.5, Max: 27415431.5, Diff: 0.0]
      [Ext Root Scanning (ms): Min: 46.9, Avg: 47.7, Max: 48.6, Diff: 1.7, Sum: 95.4]
      [Update RS (ms): Min: 46.2, Avg: 46.6, Max: 46.9, Diff: 0.6, Sum: 93.1]
         [Processed Buffers: Min: 331, Avg: 367.5, Max: 404, Diff: 73, Sum: 735]
      [Scan RS (ms): Min: 14.5, Avg: 14.6, Max: 14.6, Diff: 0.2, Sum: 29.1]
      [Code Root Scanning (ms): Min: 0.2, Avg: 0.2, Max: 0.3, Diff: 0.1, Sum: 0.5]
      [Object Copy (ms): Min: 58.4, Avg: 59.0, Max: 59.6, Diff: 1.2, Sum: 118.0]
      [Termination (ms): Min: 0.0, Avg: 0.0, Max: 0.0, Diff: 0.0, Sum: 0.0]
      [GC Worker Other (ms): Min: 0.1, Avg: 0.1, Max: 0.2, Diff: 0.0, Sum: 0.3]
      [GC Worker Total (ms): Min: 168.2, Avg: 168.2, Max: 168.2, Diff: 0.0, Sum: 336.5]
      [GC Worker End (ms): Min: 27415599.7, Avg: 27415599.7, Max: 27415599.7, Diff: 0.0]
   [Code Root Fixup: 0.5 ms]
   [Code Root Migration: 0.1 ms]
   [Clear CT: 0.7 ms]
   [Other: 12.1 ms]
      [Choose CSet: 0.0 ms]
      [Ref Proc: 6.6 ms]
      [Ref Enq: 0.6 ms]
      [Free CSet: 1.8 ms]
   [Eden: 726.0M(726.0M)->0.0B(548.0M) Survivors: 26.0M->64.0M Heap: 1984.0M(4096.0M)->1296.0M(4096.0M)]
 [Times: user=0.35 sys=0.00, real=0.18 secs] 
2016-08-30T21:13:25.579+0200: 27455.714: [GC pause (young), 0.1942480 secs]
   [Parallel Time: 185.3 ms, GC Workers: 2]
      [GC Worker Start (ms): Min: 27455714.9, Avg: 27455714.9, Max: 27455714.9, Diff: 0.0]
      [Ext Root Scanning (ms): Min: 51.4, Avg: 51.5, Max: 51.6, Diff: 0.2, Sum: 103.0]
      [Update RS (ms): Min: 42.4, Avg: 42.7, Max: 43.0, Diff: 0.6, Sum: 85.4]
         [Processed Buffers: Min: 259, Avg: 273.5, Max: 288, Diff: 29, Sum: 547]
      [Scan RS (ms): Min: 18.3, Avg: 18.6, Max: 18.8, Diff: 0.5, Sum: 37.1]
      [Code Root Scanning (ms): Min: 0.2, Avg: 0.2, Max: 0.3, Diff: 0.1, Sum: 0.5]
      [Object Copy (ms): Min: 71.9, Avg: 72.0, Max: 72.1, Diff: 0.2, Sum: 144.1]
      [Termination (ms): Min: 0.0, Avg: 0.0, Max: 0.0, Diff: 0.0, Sum: 0.0]
      [GC Worker Other (ms): Min: 0.2, Avg: 0.2, Max: 0.2, Diff: 0.0, Sum: 0.4]
      [GC Worker Total (ms): Min: 185.2, Avg: 185.2, Max: 185.2, Diff: 0.0, Sum: 370.4]
      [GC Worker End (ms): Min: 27455900.1, Avg: 27455900.1, Max: 27455900.1, Diff: 0.0]
   [Code Root Fixup: 0.3 ms]
   [Code Root Migration: 0.1 ms]
   [Clear CT: 0.5 ms]
   [Other: 8.0 ms]
      [Choose CSet: 0.0 ms]
      [Ref Proc: 4.3 ms]
      [Ref Enq: 0.2 ms]
      [Free CSet: 1.2 ms]
   [Eden: 548.0M(548.0M)->0.0B(564.0M) Survivors: 64.0M->36.0M Heap: 1844.0M(4096.0M)->1295.0M(4096.0M)]
 [Times: user=0.34 sys=0.00, real=0.19 secs] 
2016-08-30T21:14:11.152+0200: 27501.286: [GC pause (young), 0.1743490 secs]
   [Parallel Time: 162.2 ms, GC Workers: 2]
      [GC Worker Start (ms): Min: 27501287.7, Avg: 27501287.8, Max: 27501287.8, Diff: 0.0]
      [Ext Root Scanning (ms): Min: 50.1, Avg: 50.5, Max: 50.9, Diff: 0.8, Sum: 100.9]
      [Update RS (ms): Min: 44.2, Avg: 44.3, Max: 44.4, Diff: 0.2, Sum: 88.6]
         [Processed Buffers: Min: 260, Avg: 272.5, Max: 285, Diff: 25, Sum: 545]
      [Scan RS (ms): Min: 14.7, Avg: 14.7, Max: 14.8, Diff: 0.1, Sum: 29.5]
      [Code Root Scanning (ms): Min: 0.2, Avg: 0.4, Max: 0.5, Diff: 0.3, Sum: 0.8]
      [Object Copy (ms): Min: 51.6, Avg: 52.1, Max: 52.6, Diff: 1.0, Sum: 104.2]
      [Termination (ms): Min: 0.0, Avg: 0.0, Max: 0.0, Diff: 0.0, Sum: 0.0]
      [GC Worker Other (ms): Min: 0.1, Avg: 0.2, Max: 0.2, Diff: 0.0, Sum: 0.3]
      [GC Worker Total (ms): Min: 162.1, Avg: 162.1, Max: 162.2, Diff: 0.0, Sum: 324.3]
      [GC Worker End (ms): Min: 27501449.9, Avg: 27501449.9, Max: 27501449.9, Diff: 0.0]
   [Code Root Fixup: 0.5 ms]
   [Code Root Migration: 0.1 ms]
   [Clear CT: 0.7 ms]
   [Other: 10.9 ms]
      [Choose CSet: 0.0 ms]
      [Ref Proc: 6.3 ms]
      [Ref Enq: 0.5 ms]
      [Free CSet: 1.6 ms]
   [Eden: 564.0M(564.0M)->0.0B(564.0M) Survivors: 36.0M->50.0M Heap: 1859.0M(4096.0M)->1309.0M(4096.0M)]
 [Times: user=0.33 sys=0.00, real=0.18 secs] 
2016-08-30T21:14:47.457+0200: 27537.592: [GC pause (young), 0.2751040 secs]
   [Parallel Time: 261.4 ms, GC Workers: 2]
      [GC Worker Start (ms): Min: 27537592.7, Avg: 27537592.7, Max: 27537592.7, Diff: 0.0]
      [Ext Root Scanning (ms): Min: 49.0, Avg: 68.5, Max: 87.9, Diff: 38.8, Sum: 136.9]
      [Update RS (ms): Min: 58.0, Avg: 74.2, Max: 90.5, Diff: 32.4, Sum: 148.5]
         [Processed Buffers: Min: 219, Avg: 377.5, Max: 536, Diff: 317, Sum: 755]
      [Scan RS (ms): Min: 24.4, Avg: 25.3, Max: 26.1, Diff: 1.7, Sum: 50.5]
      [Code Root Scanning (ms): Min: 0.1, Avg: 0.1, Max: 0.2, Diff: 0.1, Sum: 0.2]
      [Object Copy (ms): Min: 89.1, Avg: 93.2, Max: 97.3, Diff: 8.1, Sum: 186.4]
      [Termination (ms): Min: 0.0, Avg: 0.0, Max: 0.0, Diff: 0.0, Sum: 0.0]
      [GC Worker Other (ms): Min: 0.1, Avg: 0.1, Max: 0.1, Diff: 0.0, Sum: 0.2]
      [GC Worker Total (ms): Min: 261.4, Avg: 261.4, Max: 261.4, Diff: 0.0, Sum: 522.8]
      [GC Worker End (ms): Min: 27537854.0, Avg: 27537854.0, Max: 27537854.0, Diff: 0.0]
   [Code Root Fixup: 0.2 ms]
   [Code Root Migration: 0.1 ms]
   [Clear CT: 0.4 ms]
   [Other: 12.9 ms]
      [Choose CSet: 0.0 ms]
      [Ref Proc: 9.5 ms]
      [Ref Enq: 0.2 ms]
      [Free CSet: 1.0 ms]
   [Eden: 564.0M(564.0M)->0.0B(132.0M) Survivors: 50.0M->72.0M Heap: 1873.0M(4096.0M)->1340.0M(4096.0M)]
 [Times: user=0.23 sys=0.00, real=0.28 secs] 
2016-08-30T21:15:02.988+0200: 27553.123: [GC pause (young), 0.1286850 secs]
   [Parallel Time: 123.4 ms, GC Workers: 2]
      [GC Worker Start (ms): Min: 27553123.8, Avg: 27553123.8, Max: 27553123.8, Diff: 0.0]
      [Ext Root Scanning (ms): Min: 48.5, Avg: 49.0, Max: 49.6, Diff: 1.0, Sum: 98.1]
      [Update RS (ms): Min: 18.3, Avg: 18.6, Max: 18.9, Diff: 0.6, Sum: 37.2]
         [Processed Buffers: Min: 211, Avg: 219.5, Max: 228, Diff: 17, Sum: 439]
      [Scan RS (ms): Min: 13.3, Avg: 13.5, Max: 13.7, Diff: 0.4, Sum: 27.1]
      [Code Root Scanning (ms): Min: 0.1, Avg: 0.1, Max: 0.1, Diff: 0.0, Sum: 0.1]
      [Object Copy (ms): Min: 41.6, Avg: 42.0, Max: 42.4, Diff: 0.8, Sum: 84.0]
      [Termination (ms): Min: 0.0, Avg: 0.0, Max: 0.0, Diff: 0.0, Sum: 0.0]
      [GC Worker Other (ms): Min: 0.1, Avg: 0.1, Max: 0.1, Diff: 0.0, Sum: 0.1]
      [GC Worker Total (ms): Min: 123.3, Avg: 123.3, Max: 123.3, Diff: 0.0, Sum: 246.7]
      [GC Worker End (ms): Min: 27553247.1, Avg: 27553247.1, Max: 27553247.1, Diff: 0.0]
   [Code Root Fixup: 0.4 ms]
   [Code Root Migration: 0.0 ms]
   [Clear CT: 0.5 ms]
   [Other: 4.3 ms]
      [Choose CSet: 0.0 ms]
      [Ref Proc: 1.3 ms]
      [Ref Enq: 0.1 ms]
      [Free CSet: 0.6 ms]
   [Eden: 132.0M(132.0M)->0.0B(540.0M) Survivors: 72.0M->8192.0K Heap: 1472.0M(4096.0M)->1308.0M(4096.0M)]
 [Times: user=0.25 sys=0.00, real=0.13 secs] 
2016-08-30T21:15:48.143+0200: 27598.278: [GC pause (young), 0.2447990 secs]
   [Parallel Time: 231.4 ms, GC Workers: 2]
      [GC Worker Start (ms): Min: 27598279.1, Avg: 27598279.1, Max: 27598279.1, Diff: 0.0]
      [Ext Root Scanning (ms): Min: 56.8, Avg: 74.9, Max: 93.1, Diff: 36.4, Sum: 149.9]
      [Update RS (ms): Min: 67.4, Avg: 73.6, Max: 79.8, Diff: 12.4, Sum: 147.1]
         [Processed Buffers: Min: 307, Avg: 394.0, Max: 481, Diff: 174, Sum: 788]
      [Scan RS (ms): Min: 13.5, Avg: 17.0, Max: 20.6, Diff: 7.1, Sum: 34.0]
      [Code Root Scanning (ms): Min: 0.0, Avg: 0.1, Max: 0.1, Diff: 0.1, Sum: 0.2]
      [Object Copy (ms): Min: 50.0, Avg: 65.6, Max: 81.2, Diff: 31.2, Sum: 131.2]
      [Termination (ms): Min: 0.0, Avg: 0.0, Max: 0.0, Diff: 0.0, Sum: 0.0]
      [GC Worker Other (ms): Min: 0.1, Avg: 0.1, Max: 0.1, Diff: 0.0, Sum: 0.2]
      [GC Worker Total (ms): Min: 231.3, Avg: 231.3, Max: 231.3, Diff: 0.0, Sum: 462.6]
      [GC Worker End (ms): Min: 27598510.4, Avg: 27598510.4, Max: 27598510.4, Diff: 0.0]
   [Code Root Fixup: 0.2 ms]
   [Code Root Migration: 0.1 ms]
   [Clear CT: 0.6 ms]
   [Other: 12.6 ms]
      [Choose CSet: 0.0 ms]
      [Ref Proc: 9.5 ms]
      [Ref Enq: 0.2 ms]
      [Free CSet: 0.8 ms]
   [Eden: 540.0M(540.0M)->0.0B(148.0M) Survivors: 8192.0K->56.0M Heap: 1848.0M(4096.0M)->1355.0M(4096.0M)]
 [Times: user=0.19 sys=0.00, real=0.25 secs] 
2016-08-30T21:16:02.332+0200: 27612.467: [GC pause (young), 0.1303310 secs]
   [Parallel Time: 124.9 ms, GC Workers: 2]
      [GC Worker Start (ms): Min: 27612468.0, Avg: 27612468.6, Max: 27612469.2, Diff: 1.2]
      [Ext Root Scanning (ms): Min: 52.9, Avg: 53.0, Max: 53.1, Diff: 0.2, Sum: 105.9]
      [Update RS (ms): Min: 21.2, Avg: 21.8, Max: 22.4, Diff: 1.2, Sum: 43.6]
         [Processed Buffers: Min: 222, Avg: 242.5, Max: 263, Diff: 41, Sum: 485]
      [Scan RS (ms): Min: 11.0, Avg: 11.5, Max: 11.9, Diff: 1.0, Sum: 22.9]
      [Code Root Scanning (ms): Min: 0.0, Avg: 0.1, Max: 0.1, Diff: 0.1, Sum: 0.1]
      [Object Copy (ms): Min: 37.3, Avg: 37.9, Max: 38.5, Diff: 1.2, Sum: 75.7]
      [Termination (ms): Min: 0.0, Avg: 0.0, Max: 0.0, Diff: 0.0, Sum: 0.0]
      [GC Worker Other (ms): Min: 0.1, Avg: 0.1, Max: 0.1, Diff: 0.0, Sum: 0.1]
      [GC Worker Total (ms): Min: 123.6, Avg: 124.2, Max: 124.8, Diff: 1.2, Sum: 248.4]
      [GC Worker End (ms): Min: 27612592.8, Avg: 27612592.8, Max: 27612592.8, Diff: 0.0]
   [Code Root Fixup: 0.5 ms]
   [Code Root Migration: 0.0 ms]
   [Clear CT: 0.5 ms]
   [Other: 4.3 ms]
      [Choose CSet: 0.0 ms]
      [Ref Proc: 1.5 ms]
      [Ref Enq: 0.1 ms]
      [Free CSet: 0.6 ms]
   [Eden: 148.0M(148.0M)->0.0B(310.0M) Survivors: 56.0M->16.0M Heap: 1503.0M(4096.0M)->1336.0M(4096.0M)]
 [Times: user=0.24 sys=0.00, real=0.13 secs] 
2016-08-30T21:16:25.539+0200: 27635.674: [GC pause (young), 0.1357480 secs]
   [Parallel Time: 129.0 ms, GC Workers: 2]
      [GC Worker Start (ms): Min: 27635675.0, Avg: 27635675.0, Max: 27635675.1, Diff: 0.0]
      [Ext Root Scanning (ms): Min: 48.8, Avg: 49.1, Max: 49.4, Diff: 0.5, Sum: 98.2]
      [Update RS (ms): Min: 39.2, Avg: 39.5, Max: 39.9, Diff: 0.8, Sum: 79.1]
         [Processed Buffers: Min: 252, Avg: 260.5, Max: 269, Diff: 17, Sum: 521]
      [Scan RS (ms): Min: 7.1, Avg: 7.5, Max: 7.8, Diff: 0.8, Sum: 14.9]
      [Code Root Scanning (ms): Min: 0.1, Avg: 0.1, Max: 0.1, Diff: 0.0, Sum: 0.2]
      [Object Copy (ms): Min: 32.3, Avg: 32.5, Max: 32.8, Diff: 0.5, Sum: 65.1]
      [Termination (ms): Min: 0.0, Avg: 0.0, Max: 0.0, Diff: 0.0, Sum: 0.0]
      [GC Worker Other (ms): Min: 0.1, Avg: 0.1, Max: 0.2, Diff: 0.0, Sum: 0.3]
      [GC Worker Total (ms): Min: 128.9, Avg: 128.9, Max: 128.9, Diff: 0.0, Sum: 257.8]
      [GC Worker End (ms): Min: 27635803.9, Avg: 27635803.9, Max: 27635803.9, Diff: 0.0]
   [Code Root Fixup: 0.4 ms]
   [Code Root Migration: 0.1 ms]
   [Clear CT: 0.5 ms]
   [Other: 5.7 ms]
      [Choose CSet: 0.0 ms]
      [Ref Proc: 2.5 ms]
      [Ref Enq: 0.2 ms]
      [Free CSet: 0.9 ms]
   [Eden: 310.0M(310.0M)->0.0B(492.0M) Survivors: 16.0M->30.0M Heap: 1646.0M(4096.0M)->1350.0M(4096.0M)]
 [Times: user=0.26 sys=0.01, real=0.14 secs] 
2016-08-30T21:16:59.541+0200: 27669.675: [GC pause (young), 0.1451130 secs]
   [Parallel Time: 136.8 ms, GC Workers: 2]
      [GC Worker Start (ms): Min: 27669676.3, Avg: 27669676.3, Max: 27669676.3, Diff: 0.0]
      [Ext Root Scanning (ms): Min: 48.1, Avg: 48.6, Max: 49.2, Diff: 1.1, Sum: 97.2]
      [Update RS (ms): Min: 34.3, Avg: 35.4, Max: 36.6, Diff: 2.3, Sum: 70.9]
         [Processed Buffers: Min: 222, Avg: 252.5, Max: 283, Diff: 61, Sum: 505]
      [Scan RS (ms): Min: 11.4, Avg: 11.8, Max: 12.2, Diff: 0.9, Sum: 23.6]
      [Code Root Scanning (ms): Min: 0.1, Avg: 0.1, Max: 0.2, Diff: 0.0, Sum: 0.3]
      [Object Copy (ms): Min: 40.4, Avg: 40.6, Max: 40.8, Diff: 0.4, Sum: 81.1]
      [Termination (ms): Min: 0.0, Avg: 0.0, Max: 0.0, Diff: 0.0, Sum: 0.0]
      [GC Worker Other (ms): Min: 0.2, Avg: 0.2, Max: 0.2, Diff: 0.0, Sum: 0.3]
      [GC Worker Total (ms): Min: 136.7, Avg: 136.7, Max: 136.7, Diff: 0.0, Sum: 273.4]
      [GC Worker End (ms): Min: 27669813.0, Avg: 27669813.0, Max: 27669813.0, Diff: 0.0]
   [Code Root Fixup: 0.5 ms]
   [Code Root Migration: 0.1 ms]
   [Clear CT: 0.6 ms]
   [Other: 7.1 ms]
      [Choose CSet: 0.0 ms]
      [Ref Proc: 3.5 ms]
      [Ref Enq: 0.3 ms]
      [Free CSet: 1.2 ms]
   [Eden: 400.0M(274.0M)->0.0B(916.0M) Survivors: 30.0M->22.0M Heap: 1750.0M(4096.0M)->1359.0M(4096.0M)]
 [Times: user=0.28 sys=0.00, real=0.14 secs] 
2016-08-30T21:17:43.668+0200: 27713.802: [GC pause (young), 0.1904530 secs]
   [Parallel Time: 179.4 ms, GC Workers: 2]
      [GC Worker Start (ms): Min: 27713804.4, Avg: 27713804.4, Max: 27713804.4, Diff: 0.0]
      [Ext Root Scanning (ms): Min: 52.2, Avg: 59.2, Max: 66.2, Diff: 14.0, Sum: 118.4]
      [Update RS (ms): Min: 38.7, Avg: 46.5, Max: 54.3, Diff: 15.6, Sum: 93.0]
         [Processed Buffers: Min: 254, Avg: 376.0, Max: 498, Diff: 244, Sum: 752]
      [Scan RS (ms): Min: 13.0, Avg: 13.6, Max: 14.3, Diff: 1.3, Sum: 27.3]
      [Code Root Scanning (ms): Min: 0.2, Avg: 0.2, Max: 0.2, Diff: 0.1, Sum: 0.4]
      [Object Copy (ms): Min: 58.2, Avg: 59.6, Max: 61.0, Diff: 2.8, Sum: 119.1]
      [Termination (ms): Min: 0.0, Avg: 0.0, Max: 0.0, Diff: 0.0, Sum: 0.0]
      [GC Worker Other (ms): Min: 0.1, Avg: 0.1, Max: 0.1, Diff: 0.0, Sum: 0.3]
      [GC Worker Total (ms): Min: 179.2, Avg: 179.3, Max: 179.3, Diff: 0.0, Sum: 358.5]
      [GC Worker End (ms): Min: 27713983.6, Avg: 27713983.6, Max: 27713983.6, Diff: 0.0]
   [Code Root Fixup: 0.6 ms]
   [Code Root Migration: 0.1 ms]
   [Clear CT: 0.7 ms]
   [Other: 9.7 ms]
      [Choose CSet: 0.0 ms]
      [Ref Proc: 4.6 ms]
      [Ref Enq: 0.4 ms]
      [Free CSet: 1.5 ms]
   [Eden: 560.0M(560.0M)->0.0B(440.0M) Survivors: 22.0M->56.0M Heap: 1919.0M(4096.0M)->1392.0M(4096.0M)]
 [Times: user=0.37 sys=0.00, real=0.19 secs] 
2016-08-30T21:18:13.571+0200: 27743.706: [GC pause (young), 0.1894320 secs]
   [Parallel Time: 181.6 ms, GC Workers: 2]
      [GC Worker Start (ms): Min: 27743707.9, Avg: 27743710.5, Max: 27743713.0, Diff: 5.1]
      [Ext Root Scanning (ms): Min: 58.7, Avg: 63.3, Max: 67.8, Diff: 9.1, Sum: 126.5]
      [Update RS (ms): Min: 32.3, Avg: 39.4, Max: 46.4, Diff: 14.1, Sum: 78.8]
         [Processed Buffers: Min: 255, Avg: 386.5, Max: 518, Diff: 263, Sum: 773]
      [Scan RS (ms): Min: 15.1, Avg: 15.2, Max: 15.3, Diff: 0.2, Sum: 30.3]
      [Code Root Scanning (ms): Min: 0.1, Avg: 0.2, Max: 0.2, Diff: 0.1, Sum: 0.3]
      [Object Copy (ms): Min: 60.7, Avg: 60.8, Max: 60.9, Diff: 0.2, Sum: 121.7]
      [Termination (ms): Min: 0.0, Avg: 0.0, Max: 0.0, Diff: 0.0, Sum: 0.0]
      [GC Worker Other (ms): Min: 0.2, Avg: 0.2, Max: 0.2, Diff: 0.0, Sum: 0.4]
      [GC Worker Total (ms): Min: 176.5, Avg: 179.0, Max: 181.6, Diff: 5.1, Sum: 358.0]
      [GC Worker End (ms): Min: 27743889.5, Avg: 27743889.5, Max: 27743889.5, Diff: 0.0]
   [Code Root Fixup: 0.3 ms]
   [Code Root Migration: 0.1 ms]
   [Clear CT: 0.5 ms]
   [Other: 7.0 ms]
      [Choose CSet: 0.0 ms]
      [Ref Proc: 2.4 ms]
      [Ref Enq: 0.2 ms]
      [Free CSet: 0.9 ms]
   [Eden: 382.0M(224.0M)->0.0B(388.0M) Survivors: 56.0M->36.0M Heap: 1774.0M(4096.0M)->1406.0M(4096.0M)]
 [Times: user=0.35 sys=0.00, real=0.19 secs] 
2016-08-30T21:18:54.060+0200: 27784.194: [GC pause (young), 0.1593530 secs]
   [Parallel Time: 151.5 ms, GC Workers: 2]
      [GC Worker Start (ms): Min: 27784195.3, Avg: 27784195.3, Max: 27784195.3, Diff: 0.0]
      [Ext Root Scanning (ms): Min: 50.4, Avg: 51.2, Max: 51.9, Diff: 1.4, Sum: 102.3]
      [Update RS (ms): Min: 39.1, Avg: 39.2, Max: 39.2, Diff: 0.1, Sum: 78.3]
         [Processed Buffers: Min: 238, Avg: 255.5, Max: 273, Diff: 35, Sum: 511]
      [Scan RS (ms): Min: 11.4, Avg: 11.7, Max: 11.9, Diff: 0.5, Sum: 23.3]
      [Code Root Scanning (ms): Min: 0.1, Avg: 0.1, Max: 0.2, Diff: 0.0, Sum: 0.3]
      [Object Copy (ms): Min: 48.7, Avg: 48.9, Max: 49.2, Diff: 0.6, Sum: 97.9]
      [Termination (ms): Min: 0.0, Avg: 0.0, Max: 0.0, Diff: 0.0, Sum: 0.0]
      [GC Worker Other (ms): Min: 0.2, Avg: 0.4, Max: 0.5, Diff: 0.3, Sum: 0.7]
      [GC Worker Total (ms): Min: 151.4, Avg: 151.4, Max: 151.4, Diff: 0.0, Sum: 302.8]
      [GC Worker End (ms): Min: 27784346.7, Avg: 27784346.7, Max: 27784346.7, Diff: 0.0]
   [Code Root Fixup: 0.4 ms]
   [Code Root Migration: 0.1 ms]
   [Clear CT: 0.6 ms]
   [Other: 6.8 ms]
      [Choose CSet: 0.0 ms]
      [Ref Proc: 3.2 ms]
      [Ref Enq: 0.3 ms]
      [Free CSet: 1.1 ms]
   [Eden: 388.0M(388.0M)->0.0B(670.0M) Survivors: 36.0M->28.0M Heap: 1794.0M(4096.0M)->1430.0M(4096.0M)]
 [Times: user=0.31 sys=0.00, real=0.16 secs] 
2016-08-30T21:19:33.441+0200: 27823.575: [GC pause (young), 0.1621540 secs]
   [Parallel Time: 153.6 ms, GC Workers: 2]
      [GC Worker Start (ms): Min: 27823576.2, Avg: 27823576.2, Max: 27823576.2, Diff: 0.0]
      [Ext Root Scanning (ms): Min: 49.3, Avg: 49.7, Max: 50.1, Diff: 0.7, Sum: 99.4]
      [Update RS (ms): Min: 45.9, Avg: 46.7, Max: 47.4, Diff: 1.5, Sum: 93.4]
         [Processed Buffers: Min: 192, Avg: 242.0, Max: 292, Diff: 100, Sum: 484]
      [Scan RS (ms): Min: 12.6, Avg: 12.7, Max: 12.8, Diff: 0.2, Sum: 25.4]
      [Code Root Scanning (ms): Min: 0.1, Avg: 0.2, Max: 0.2, Diff: 0.1, Sum: 0.3]
      [Object Copy (ms): Min: 43.7, Avg: 44.2, Max: 44.7, Diff: 1.0, Sum: 88.4]
      [Termination (ms): Min: 0.0, Avg: 0.0, Max: 0.0, Diff: 0.0, Sum: 0.0]
      [GC Worker Other (ms): Min: 0.1, Avg: 0.1, Max: 0.1, Diff: 0.1, Sum: 0.2]
      [GC Worker Total (ms): Min: 153.5, Avg: 153.5, Max: 153.5, Diff: 0.0, Sum: 307.0]
      [GC Worker End (ms): Min: 27823729.7, Avg: 27823729.7, Max: 27823729.7, Diff: 0.0]
   [Code Root Fixup: 0.5 ms]
   [Code Root Migration: 0.1 ms]
   [Clear CT: 0.6 ms]
   [Other: 7.4 ms]
      [Choose CSet: 0.0 ms]
      [Ref Proc: 3.6 ms]
      [Ref Enq: 0.3 ms]
      [Free CSet: 1.3 ms]
   [Eden: 440.0M(390.0M)->0.0B(502.0M) Survivors: 28.0M->36.0M Heap: 1870.0M(4096.0M)->1439.0M(4096.0M)]
 [Times: user=0.30 sys=0.00, real=0.17 secs] 
2016-08-30T21:19:57.542+0200: 27847.676: [GC pause (young), 0.1535270 secs]
   [Parallel Time: 146.2 ms, GC Workers: 2]
      [GC Worker Start (ms): Min: 27847677.3, Avg: 27847677.3, Max: 27847677.3, Diff: 0.0]
      [Ext Root Scanning (ms): Min: 49.9, Avg: 53.3, Max: 56.8, Diff: 6.9, Sum: 106.6]
      [Update RS (ms): Min: 29.7, Avg: 33.3, Max: 37.0, Diff: 7.3, Sum: 66.7]
         [Processed Buffers: Min: 252, Avg: 256.5, Max: 261, Diff: 9, Sum: 513]
      [Scan RS (ms): Min: 13.6, Avg: 14.0, Max: 14.5, Diff: 0.9, Sum: 28.1]
      [Code Root Scanning (ms): Min: 0.1, Avg: 0.1, Max: 0.1, Diff: 0.1, Sum: 0.2]
      [Object Copy (ms): Min: 44.9, Avg: 45.1, Max: 45.4, Diff: 0.5, Sum: 90.2]
      [Termination (ms): Min: 0.0, Avg: 0.0, Max: 0.0, Diff: 0.0, Sum: 0.0]
      [GC Worker Other (ms): Min: 0.1, Avg: 0.2, Max: 0.2, Diff: 0.0, Sum: 0.3]
      [GC Worker Total (ms): Min: 146.1, Avg: 146.1, Max: 146.1, Diff: 0.0, Sum: 292.1]
      [GC Worker End (ms): Min: 27847823.4, Avg: 27847823.4, Max: 27847823.4, Diff: 0.0]
   [Code Root Fixup: 0.4 ms]
   [Code Root Migration: 0.1 ms]
   [Clear CT: 0.6 ms]
   [Other: 6.3 ms]
      [Choose CSet: 0.0 ms]
      [Ref Proc: 2.8 ms]
      [Ref Enq: 0.2 ms]
      [Free CSet: 1.0 ms]
   [Eden: 304.0M(304.0M)->0.0B(850.0M) Survivors: 36.0M->30.0M Heap: 1743.0M(4096.0M)->1444.0M(4096.0M)]
 [Times: user=0.30 sys=0.00, real=0.15 secs] 
2016-08-30T21:20:41.645+0200: 27891.779: [GC pause (young), 0.1745980 secs]
   [Parallel Time: 163.5 ms, GC Workers: 2]
      [GC Worker Start (ms): Min: 27891780.6, Avg: 27891780.6, Max: 27891780.7, Diff: 0.0]
      [Ext Root Scanning (ms): Min: 50.9, Avg: 51.5, Max: 52.0, Diff: 1.2, Sum: 102.9]
      [Update RS (ms): Min: 41.9, Avg: 42.0, Max: 42.1, Diff: 0.1, Sum: 84.0]
         [Processed Buffers: Min: 264, Avg: 297.5, Max: 331, Diff: 67, Sum: 595]
      [Scan RS (ms): Min: 14.6, Avg: 14.7, Max: 14.9, Diff: 0.3, Sum: 29.5]
      [Code Root Scanning (ms): Min: 0.1, Avg: 0.2, Max: 0.3, Diff: 0.1, Sum: 0.4]
      [Object Copy (ms): Min: 54.4, Avg: 54.9, Max: 55.4, Diff: 1.0, Sum: 109.8]
      [Termination (ms): Min: 0.0, Avg: 0.0, Max: 0.0, Diff: 0.0, Sum: 0.0]
      [GC Worker Other (ms): Min: 0.1, Avg: 0.1, Max: 0.2, Diff: 0.1, Sum: 0.2]
      [GC Worker Total (ms): Min: 163.4, Avg: 163.4, Max: 163.4, Diff: 0.0, Sum: 326.8]
      [GC Worker End (ms): Min: 27891944.0, Avg: 27891944.0, Max: 27891944.0, Diff: 0.0]
   [Code Root Fixup: 0.6 ms]
   [Code Root Migration: 0.1 ms]
   [Clear CT: 1.2 ms]
   [Other: 9.2 ms]
      [Choose CSet: 0.0 ms]
      [Ref Proc: 4.4 ms]
      [Ref Enq: 0.4 ms]
      [Free CSet: 1.4 ms]
   [Eden: 518.0M(518.0M)->0.0B(564.0M) Survivors: 30.0M->50.0M Heap: 1962.0M(4096.0M)->1464.0M(4096.0M)]
 [Times: user=0.33 sys=0.00, real=0.17 secs] 
2016-08-30T21:21:11.598+0200: 27921.733: [GC pause (young), 0.1619160 secs]
   [Parallel Time: 155.3 ms, GC Workers: 2]
      [GC Worker Start (ms): Min: 27921734.0, Avg: 27921735.7, Max: 27921737.3, Diff: 3.3]
      [Ext Root Scanning (ms): Min: 52.4, Avg: 53.1, Max: 53.7, Diff: 1.2, Sum: 106.1]
      [Update RS (ms): Min: 33.0, Avg: 33.5, Max: 34.1, Diff: 1.0, Sum: 67.1]
         [Processed Buffers: Min: 277, Avg: 283.5, Max: 290, Diff: 13, Sum: 567]
      [Scan RS (ms): Min: 15.6, Avg: 15.7, Max: 15.9, Diff: 0.4, Sum: 31.5]
      [Code Root Scanning (ms): Min: 0.1, Avg: 0.1, Max: 0.2, Diff: 0.1, Sum: 0.3]
      [Object Copy (ms): Min: 50.3, Avg: 50.9, Max: 51.5, Diff: 1.1, Sum: 101.8]
      [Termination (ms): Min: 0.0, Avg: 0.0, Max: 0.0, Diff: 0.0, Sum: 0.0]
      [GC Worker Other (ms): Min: 0.1, Avg: 0.1, Max: 0.2, Diff: 0.1, Sum: 0.3]
      [GC Worker Total (ms): Min: 151.8, Avg: 153.5, Max: 155.1, Diff: 3.3, Sum: 307.0]
      [GC Worker End (ms): Min: 27921889.1, Avg: 27921889.1, Max: 27921889.1, Diff: 0.0]
   [Code Root Fixup: 0.3 ms]
   [Code Root Migration: 0.1 ms]
   [Clear CT: 0.5 ms]
   [Other: 5.8 ms]
      [Choose CSet: 0.0 ms]
      [Ref Proc: 1.9 ms]
      [Ref Enq: 0.1 ms]
      [Free CSet: 0.9 ms]
   [Eden: 344.0M(304.0M)->0.0B(844.0M) Survivors: 50.0M->24.0M Heap: 1808.0M(4096.0M)->1465.0M(4096.0M)]
 [Times: user=0.30 sys=0.00, real=0.16 secs] 
2016-08-30T21:22:05.550+0200: 27975.684: [GC pause (young), 0.1726650 secs]
   [Parallel Time: 157.7 ms, GC Workers: 2]
      [GC Worker Start (ms): Min: 27975685.6, Avg: 27975685.6, Max: 27975685.6, Diff: 0.0]
      [Ext Root Scanning (ms): Min: 49.0, Avg: 50.8, Max: 52.6, Diff: 3.6, Sum: 101.6]
      [Update RS (ms): Min: 43.8, Avg: 45.2, Max: 46.5, Diff: 2.7, Sum: 90.3]
         [Processed Buffers: Min: 254, Avg: 258.5, Max: 263, Diff: 9, Sum: 517]
      [Scan RS (ms): Min: 13.1, Avg: 13.1, Max: 13.2, Diff: 0.1, Sum: 26.3]
      [Code Root Scanning (ms): Min: 0.2, Avg: 0.2, Max: 0.3, Diff: 0.1, Sum: 0.5]
      [Object Copy (ms): Min: 47.8, Avg: 48.2, Max: 48.7, Diff: 0.9, Sum: 96.4]
      [Termination (ms): Min: 0.0, Avg: 0.0, Max: 0.0, Diff: 0.0, Sum: 0.0]
      [GC Worker Other (ms): Min: 0.1, Avg: 0.1, Max: 0.1, Diff: 0.1, Sum: 0.2]
      [GC Worker Total (ms): Min: 157.6, Avg: 157.6, Max: 157.7, Diff: 0.0, Sum: 315.3]
      [GC Worker End (ms): Min: 27975843.2, Avg: 27975843.2, Max: 27975843.2, Diff: 0.0]
   [Code Root Fixup: 0.4 ms]
   [Code Root Migration: 0.1 ms]
   [Clear CT: 0.8 ms]
   [Other: 13.7 ms]
      [Choose CSet: 0.0 ms]
      [Ref Proc: 9.1 ms]
      [Ref Enq: 0.5 ms]
      [Free CSet: 1.7 ms]
   [Eden: 668.0M(644.0M)->0.0B(654.0M) Survivors: 24.0M->38.0M Heap: 2133.0M(4096.0M)->1480.0M(4096.0M)]
 [Times: user=0.33 sys=0.00, real=0.17 secs] 
2016-08-30T21:22:42.079+0200: 28012.214: [GC pause (young), 0.1753250 secs]
   [Parallel Time: 167.4 ms, GC Workers: 2]
      [GC Worker Start (ms): Min: 28012215.4, Avg: 28012215.5, Max: 28012215.5, Diff: 0.1]
      [Ext Root Scanning (ms): Min: 52.3, Avg: 52.4, Max: 52.4, Diff: 0.0, Sum: 104.7]
      [Update RS (ms): Min: 41.0, Avg: 41.2, Max: 41.4, Diff: 0.4, Sum: 82.4]
         [Processed Buffers: Min: 335, Avg: 343.5, Max: 352, Diff: 17, Sum: 687]
      [Scan RS (ms): Min: 15.5, Avg: 15.6, Max: 15.8, Diff: 0.3, Sum: 31.2]
      [Code Root Scanning (ms): Min: 0.1, Avg: 0.2, Max: 0.2, Diff: 0.1, Sum: 0.3]
      [Object Copy (ms): Min: 57.8, Avg: 57.8, Max: 57.8, Diff: 0.1, Sum: 115.6]
      [Termination (ms): Min: 0.0, Avg: 0.0, Max: 0.0, Diff: 0.0, Sum: 0.0]
      [GC Worker Other (ms): Min: 0.1, Avg: 0.1, Max: 0.1, Diff: 0.0, Sum: 0.3]
      [GC Worker Total (ms): Min: 167.2, Avg: 167.3, Max: 167.3, Diff: 0.1, Sum: 334.5]
      [GC Worker End (ms): Min: 28012382.7, Avg: 28012382.7, Max: 28012382.7, Diff: 0.0]
   [Code Root Fixup: 0.3 ms]
   [Code Root Migration: 0.1 ms]
   [Clear CT: 0.6 ms]
   [Other: 7.0 ms]
      [Choose CSet: 0.0 ms]
      [Ref Proc: 2.7 ms]
      [Ref Enq: 0.2 ms]
      [Free CSet: 1.1 ms]
   [Eden: 484.0M(440.0M)->0.0B(558.0M) Survivors: 38.0M->54.0M Heap: 1964.0M(4096.0M)->1501.0M(4096.0M)]
 [Times: user=0.34 sys=0.00, real=0.18 secs] 
2016-08-30T21:23:21.551+0200: 28051.686: [GC pause (young), 0.1947190 secs]
   [Parallel Time: 183.9 ms, GC Workers: 2]
      [GC Worker Start (ms): Min: 28051687.3, Avg: 28051687.3, Max: 28051687.3, Diff: 0.0]
      [Ext Root Scanning (ms): Min: 49.2, Avg: 51.1, Max: 53.1, Diff: 3.9, Sum: 102.2]
      [Update RS (ms): Min: 45.7, Avg: 46.9, Max: 48.1, Diff: 2.3, Sum: 93.8]
         [Processed Buffers: Min: 341, Avg: 368.5, Max: 396, Diff: 55, Sum: 737]
      [Scan RS (ms): Min: 16.0, Avg: 16.1, Max: 16.1, Diff: 0.0, Sum: 32.1]
      [Code Root Scanning (ms): Min: 0.1, Avg: 0.2, Max: 0.2, Diff: 0.1, Sum: 0.4]
      [Object Copy (ms): Min: 68.5, Avg: 69.3, Max: 70.1, Diff: 1.6, Sum: 138.6]
      [Termination (ms): Min: 0.0, Avg: 0.0, Max: 0.0, Diff: 0.0, Sum: 0.0]
      [GC Worker Other (ms): Min: 0.2, Avg: 0.2, Max: 0.2, Diff: 0.0, Sum: 0.4]
      [GC Worker Total (ms): Min: 183.8, Avg: 183.8, Max: 183.8, Diff: 0.0, Sum: 367.6]
      [GC Worker End (ms): Min: 28051871.1, Avg: 28051871.1, Max: 28051871.1, Diff: 0.0]
   [Code Root Fixup: 0.4 ms]
   [Code Root Migration: 0.1 ms]
   [Clear CT: 1.1 ms]
   [Other: 9.3 ms]
      [Choose CSet: 0.0 ms]
      [Ref Proc: 5.0 ms]
      [Ref Enq: 0.2 ms]
      [Free CSet: 1.3 ms]
   [Eden: 514.0M(360.0M)->0.0B(422.0M) Survivors: 54.0M->52.0M Heap: 2015.0M(4096.0M)->1525.0M(4096.0M)]
 [Times: user=0.37 sys=0.01, real=0.20 secs] 
2016-08-30T21:23:56.869+0200: 28087.003: [GC pause (young), 0.1469110 secs]
   [Parallel Time: 139.9 ms, GC Workers: 2]
      [GC Worker Start (ms): Min: 28087004.8, Avg: 28087004.9, Max: 28087004.9, Diff: 0.0]
      [Ext Root Scanning (ms): Min: 48.4, Avg: 48.5, Max: 48.7, Diff: 0.4, Sum: 97.1]
      [Update RS (ms): Min: 37.7, Avg: 37.9, Max: 38.2, Diff: 0.5, Sum: 75.9]
         [Processed Buffers: Min: 266, Avg: 270.5, Max: 275, Diff: 9, Sum: 541]
      [Scan RS (ms): Min: 11.9, Avg: 12.4, Max: 12.8, Diff: 0.9, Sum: 24.8]
      [Code Root Scanning (ms): Min: 0.1, Avg: 0.2, Max: 0.2, Diff: 0.1, Sum: 0.3]
      [Object Copy (ms): Min: 40.2, Avg: 40.6, Max: 41.0, Diff: 0.8, Sum: 81.2]
      [Termination (ms): Min: 0.0, Avg: 0.0, Max: 0.0, Diff: 0.0, Sum: 0.0]
      [GC Worker Other (ms): Min: 0.2, Avg: 0.2, Max: 0.2, Diff: 0.0, Sum: 0.4]
      [GC Worker Total (ms): Min: 139.8, Avg: 139.8, Max: 139.8, Diff: 0.0, Sum: 279.6]
      [GC Worker End (ms): Min: 28087144.7, Avg: 28087144.7, Max: 28087144.7, Diff: 0.0]
   [Code Root Fixup: 0.2 ms]
   [Code Root Migration: 0.1 ms]
   [Clear CT: 0.6 ms]
   [Other: 6.1 ms]
      [Choose CSet: 0.0 ms]
      [Ref Proc: 2.6 ms]
      [Ref Enq: 0.2 ms]
      [Free CSet: 1.1 ms]
   [Eden: 422.0M(422.0M)->0.0B(748.0M) Survivors: 52.0M->28.0M Heap: 1947.0M(4096.0M)->1516.0M(4096.0M)]
 [Times: user=0.28 sys=0.00, real=0.15 secs] 
2016-08-30T21:24:42.471+0200: 28132.606: [GC pause (young), 0.1777870 secs]
   [Parallel Time: 169.2 ms, GC Workers: 2]
      [GC Worker Start (ms): Min: 28132607.3, Avg: 28132607.4, Max: 28132607.4, Diff: 0.0]
      [Ext Root Scanning (ms): Min: 59.5, Avg: 64.2, Max: 68.9, Diff: 9.4, Sum: 128.4]
      [Update RS (ms): Min: 42.0, Avg: 47.2, Max: 52.5, Diff: 10.5, Sum: 94.5]
         [Processed Buffers: Min: 359, Avg: 372.5, Max: 386, Diff: 27, Sum: 745]
      [Scan RS (ms): Min: 13.0, Avg: 13.1, Max: 13.2, Diff: 0.2, Sum: 26.3]
      [Code Root Scanning (ms): Min: 0.2, Avg: 0.2, Max: 0.3, Diff: 0.1, Sum: 0.4]
      [Object Copy (ms): Min: 43.6, Avg: 44.2, Max: 44.8, Diff: 1.2, Sum: 88.4]
      [Termination (ms): Min: 0.0, Avg: 0.0, Max: 0.0, Diff: 0.0, Sum: 0.0]
      [GC Worker Other (ms): Min: 0.1, Avg: 0.2, Max: 0.2, Diff: 0.0, Sum: 0.3]
      [GC Worker Total (ms): Min: 169.2, Avg: 169.2, Max: 169.2, Diff: 0.0, Sum: 338.3]
      [GC Worker End (ms): Min: 28132776.5, Avg: 28132776.5, Max: 28132776.5, Diff: 0.0]
   [Code Root Fixup: 0.3 ms]
   [Code Root Migration: 0.1 ms]
   [Clear CT: 0.5 ms]
   [Other: 7.6 ms]
      [Choose CSet: 0.0 ms]
      [Ref Proc: 3.4 ms]
      [Ref Enq: 0.3 ms]
      [Free CSet: 1.1 ms]
   [Eden: 602.0M(602.0M)->0.0B(522.0M) Survivors: 28.0M->64.0M Heap: 2118.0M(4096.0M)->1552.0M(4096.0M)]
 [Times: user=0.32 sys=0.00, real=0.18 secs] 
2016-08-30T21:25:22.358+0200: 28172.493: [GC pause (young), 0.1657290 secs]
   [Parallel Time: 159.3 ms, GC Workers: 2]
      [GC Worker Start (ms): Min: 28172494.1, Avg: 28172494.1, Max: 28172494.1, Diff: 0.0]
      [Ext Root Scanning (ms): Min: 49.9, Avg: 50.7, Max: 51.4, Diff: 1.5, Sum: 101.3]
      [Update RS (ms): Min: 37.0, Avg: 38.2, Max: 39.4, Diff: 2.4, Sum: 76.4]
         [Processed Buffers: Min: 257, Avg: 272.0, Max: 287, Diff: 30, Sum: 544]
      [Scan RS (ms): Min: 15.7, Avg: 15.7, Max: 15.8, Diff: 0.1, Sum: 31.4]
      [Code Root Scanning (ms): Min: 0.2, Avg: 0.2, Max: 0.2, Diff: 0.0, Sum: 0.4]
      [Object Copy (ms): Min: 53.8, Avg: 54.2, Max: 54.6, Diff: 0.9, Sum: 108.4]
      [Termination (ms): Min: 0.0, Avg: 0.0, Max: 0.0, Diff: 0.0, Sum: 0.0]
      [GC Worker Other (ms): Min: 0.2, Avg: 0.2, Max: 0.2, Diff: 0.1, Sum: 0.4]
      [GC Worker Total (ms): Min: 159.2, Avg: 159.2, Max: 159.2, Diff: 0.0, Sum: 318.3]
      [GC Worker End (ms): Min: 28172653.2, Avg: 28172653.2, Max: 28172653.2, Diff: 0.0]
   [Code Root Fixup: 0.2 ms]
   [Code Root Migration: 0.1 ms]
   [Clear CT: 0.5 ms]
   [Other: 5.7 ms]
      [Choose CSet: 0.0 ms]
      [Ref Proc: 2.4 ms]
      [Ref Enq: 0.2 ms]
      [Free CSet: 1.0 ms]
   [Eden: 464.0M(326.0M)->0.0B(634.0M) Survivors: 64.0M->50.0M Heap: 2016.0M(4096.0M)->1562.0M(4096.0M)]
 [Times: user=0.32 sys=0.00, real=0.16 secs] 
2016-08-30T21:26:10.640+0200: 28220.775: [GC pause (young), 0.1811270 secs]
   [Parallel Time: 170.2 ms, GC Workers: 2]
      [GC Worker Start (ms): Min: 28220775.9, Avg: 28220777.1, Max: 28220778.3, Diff: 2.4]
      [Ext Root Scanning (ms): Min: 56.4, Avg: 64.3, Max: 72.2, Diff: 15.8, Sum: 128.5]
      [Update RS (ms): Min: 40.7, Avg: 40.9, Max: 41.2, Diff: 0.5, Sum: 81.8]
         [Processed Buffers: Min: 239, Avg: 250.5, Max: 262, Diff: 23, Sum: 501]
      [Scan RS (ms): Min: 12.7, Avg: 13.2, Max: 13.7, Diff: 1.0, Sum: 26.4]
      [Code Root Scanning (ms): Min: 0.2, Avg: 0.2, Max: 0.2, Diff: 0.0, Sum: 0.4]
      [Object Copy (ms): Min: 44.2, Avg: 50.2, Max: 56.2, Diff: 11.9, Sum: 100.4]
      [Termination (ms): Min: 0.0, Avg: 0.0, Max: 0.0, Diff: 0.0, Sum: 0.0]
      [GC Worker Other (ms): Min: 0.2, Avg: 0.2, Max: 0.2, Diff: 0.0, Sum: 0.3]
      [GC Worker Total (ms): Min: 167.8, Avg: 169.0, Max: 170.2, Diff: 2.4, Sum: 337.9]
      [GC Worker End (ms): Min: 28220946.1, Avg: 28220946.1, Max: 28220946.1, Diff: 0.0]
   [Code Root Fixup: 0.5 ms]
   [Code Root Migration: 0.1 ms]
   [Clear CT: 0.8 ms]
   [Other: 9.5 ms]
      [Choose CSet: 0.0 ms]
      [Ref Proc: 5.2 ms]
      [Ref Enq: 0.5 ms]
      [Free CSet: 1.6 ms]
   [Eden: 552.0M(428.0M)->0.0B(626.0M) Survivors: 50.0M->28.0M Heap: 2114.0M(4096.0M)->1551.0M(4096.0M)]
 [Times: user=0.30 sys=0.00, real=0.19 secs] 
2016-08-30T21:26:57.529+0200: 28267.663: [GC pause (young), 0.1595420 secs]
   [Parallel Time: 149.7 ms, GC Workers: 2]
      [GC Worker Start (ms): Min: 28267664.5, Avg: 28267664.5, Max: 28267664.5, Diff: 0.0]
      [Ext Root Scanning (ms): Min: 49.0, Avg: 49.3, Max: 49.6, Diff: 0.7, Sum: 98.6]
      [Update RS (ms): Min: 41.7, Avg: 42.1, Max: 42.5, Diff: 0.9, Sum: 84.2]
         [Processed Buffers: Min: 234, Avg: 241.5, Max: 249, Diff: 15, Sum: 483]
      [Scan RS (ms): Min: 13.4, Avg: 13.9, Max: 14.4, Diff: 1.0, Sum: 27.8]
      [Code Root Scanning (ms): Min: 0.2, Avg: 0.2, Max: 0.2, Diff: 0.0, Sum: 0.4]
      [Object Copy (ms): Min: 43.6, Avg: 43.9, Max: 44.3, Diff: 0.8, Sum: 87.9]
      [Termination (ms): Min: 0.0, Avg: 0.0, Max: 0.0, Diff: 0.0, Sum: 0.0]
      [GC Worker Other (ms): Min: 0.1, Avg: 0.1, Max: 0.2, Diff: 0.0, Sum: 0.3]
      [GC Worker Total (ms): Min: 149.6, Avg: 149.6, Max: 149.6, Diff: 0.0, Sum: 299.1]
      [GC Worker End (ms): Min: 28267814.0, Avg: 28267814.1, Max: 28267814.1, Diff: 0.0]
   [Code Root Fixup: 0.4 ms]
   [Code Root Migration: 0.1 ms]
   [Clear CT: 0.7 ms]
   [Other: 8.6 ms]
      [Choose CSet: 0.0 ms]
      [Ref Proc: 4.5 ms]
      [Ref Enq: 0.5 ms]
      [Free CSet: 1.6 ms]
   [Eden: 574.0M(418.0M)->0.0B(660.0M) Survivors: 28.0M->36.0M Heap: 2125.0M(4096.0M)->1559.0M(4096.0M)]
 [Times: user=0.31 sys=0.00, real=0.16 secs] 
2016-08-30T21:27:36.267+0200: 28306.402: [GC pause (young), 0.1655500 secs]
   [Parallel Time: 157.1 ms, GC Workers: 2]
      [GC Worker Start (ms): Min: 28306403.0, Avg: 28306403.1, Max: 28306403.1, Diff: 0.0]
      [Ext Root Scanning (ms): Min: 51.5, Avg: 51.7, Max: 51.8, Diff: 0.4, Sum: 103.3]
      [Update RS (ms): Min: 36.2, Avg: 36.9, Max: 37.6, Diff: 1.4, Sum: 73.9]
         [Processed Buffers: Min: 236, Avg: 236.5, Max: 237, Diff: 1, Sum: 473]
      [Scan RS (ms): Min: 15.8, Avg: 16.3, Max: 16.9, Diff: 1.1, Sum: 32.7]
      [Code Root Scanning (ms): Min: 0.2, Avg: 0.2, Max: 0.2, Diff: 0.0, Sum: 0.3]
      [Object Copy (ms): Min: 51.5, Avg: 51.8, Max: 52.2, Diff: 0.7, Sum: 103.6]
      [Termination (ms): Min: 0.0, Avg: 0.0, Max: 0.0, Diff: 0.0, Sum: 0.0]
      [GC Worker Other (ms): Min: 0.1, Avg: 0.1, Max: 0.1, Diff: 0.1, Sum: 0.2]
      [GC Worker Total (ms): Min: 157.0, Avg: 157.0, Max: 157.0, Diff: 0.0, Sum: 314.0]
      [GC Worker End (ms): Min: 28306560.1, Avg: 28306560.1, Max: 28306560.1, Diff: 0.0]
   [Code Root Fixup: 0.4 ms]
   [Code Root Migration: 0.1 ms]
   [Clear CT: 0.6 ms]
   [Other: 7.3 ms]
      [Choose CSet: 0.0 ms]
      [Ref Proc: 3.4 ms]
      [Ref Enq: 0.3 ms]
      [Free CSet: 1.4 ms]
   [Eden: 414.0M(412.0M)->0.0B(676.0M) Survivors: 36.0M->34.0M Heap: 1973.0M(4096.0M)->1566.0M(4096.0M)]
 [Times: user=0.32 sys=0.00, real=0.16 secs] 
2016-08-30T21:28:18.587+0200: 28348.721: [GC pause (young), 0.1872750 secs]
   [Parallel Time: 180.9 ms, GC Workers: 2]
      [GC Worker Start (ms): Min: 28348722.4, Avg: 28348722.4, Max: 28348722.4, Diff: 0.0]
      [Ext Root Scanning (ms): Min: 31.4, Avg: 40.7, Max: 50.0, Diff: 18.5, Sum: 81.4]
      [Update RS (ms): Min: 47.5, Avg: 51.1, Max: 54.7, Diff: 7.3, Sum: 102.2]
         [Processed Buffers: Min: 340, Avg: 410.5, Max: 481, Diff: 141, Sum: 821]
      [Scan RS (ms): Min: 12.3, Avg: 14.9, Max: 17.4, Diff: 5.1, Sum: 29.8]
      [Code Root Scanning (ms): Min: 0.1, Avg: 0.1, Max: 0.1, Diff: 0.0, Sum: 0.2]
      [Object Copy (ms): Min: 58.6, Avg: 71.5, Max: 84.4, Diff: 25.9, Sum: 143.0]
      [Termination (ms): Min: 0.0, Avg: 2.5, Max: 5.0, Diff: 5.0, Sum: 5.0]
      [GC Worker Other (ms): Min: 0.0, Avg: 0.0, Max: 0.1, Diff: 0.1, Sum: 0.1]
      [GC Worker Total (ms): Min: 180.8, Avg: 180.8, Max: 180.8, Diff: 0.0, Sum: 361.7]
      [GC Worker End (ms): Min: 28348903.2, Avg: 28348903.2, Max: 28348903.2, Diff: 0.0]
   [Code Root Fixup: 0.2 ms]
   [Code Root Migration: 0.1 ms]
   [Clear CT: 0.7 ms]
   [Other: 5.5 ms]
      [Choose CSet: 0.0 ms]
      [Ref Proc: 2.5 ms]
      [Ref Enq: 0.3 ms]
      [Free CSet: 0.8 ms]
   [Eden: 568.0M(434.0M)->0.0B(396.0M) Survivors: 34.0M->60.0M Heap: 2134.0M(4096.0M)->1610.0M(4096.0M)]
 [Times: user=0.19 sys=0.00, real=0.19 secs] 
2016-08-30T21:28:56.107+0200: 28386.242: [GC pause (young), 0.1605770 secs]
   [Parallel Time: 151.6 ms, GC Workers: 2]
      [GC Worker Start (ms): Min: 28386243.1, Avg: 28386244.4, Max: 28386245.7, Diff: 2.6]
      [Ext Root Scanning (ms): Min: 47.8, Avg: 48.1, Max: 48.5, Diff: 0.7, Sum: 96.3]
      [Update RS (ms): Min: 36.0, Avg: 36.6, Max: 37.1, Diff: 1.1, Sum: 73.1]
         [Processed Buffers: Min: 222, Avg: 249.5, Max: 277, Diff: 55, Sum: 499]
      [Scan RS (ms): Min: 16.0, Avg: 16.5, Max: 17.0, Diff: 1.1, Sum: 33.0]
      [Code Root Scanning (ms): Min: 0.1, Avg: 0.2, Max: 0.2, Diff: 0.1, Sum: 0.3]
      [Object Copy (ms): Min: 47.7, Avg: 48.7, Max: 49.6, Diff: 1.9, Sum: 97.3]
      [Termination (ms): Min: 0.0, Avg: 0.0, Max: 0.0, Diff: 0.0, Sum: 0.0]
      [GC Worker Other (ms): Min: 0.2, Avg: 0.2, Max: 0.2, Diff: 0.0, Sum: 0.4]
      [GC Worker Total (ms): Min: 148.9, Avg: 150.2, Max: 151.5, Diff: 2.6, Sum: 300.5]
      [GC Worker End (ms): Min: 28386394.6, Avg: 28386394.6, Max: 28386394.6, Diff: 0.0]
   [Code Root Fixup: 0.4 ms]
   [Code Root Migration: 0.1 ms]
   [Clear CT: 0.6 ms]
   [Other: 7.9 ms]
      [Choose CSet: 0.0 ms]
      [Ref Proc: 4.1 ms]
      [Ref Enq: 0.3 ms]
      [Free CSet: 1.2 ms]
   [Eden: 396.0M(396.0M)->0.0B(1014.0M) Survivors: 60.0M->18.0M Heap: 2006.0M(4096.0M)->1595.0M(4096.0M)]
 [Times: user=0.30 sys=0.00, real=0.17 secs] 
2016-08-30T21:29:55.310+0200: 28445.444: [GC pause (young), 0.1812920 secs]
   [Parallel Time: 171.0 ms, GC Workers: 2]
      [GC Worker Start (ms): Min: 28445445.5, Avg: 28445448.2, Max: 28445451.0, Diff: 5.5]
      [Ext Root Scanning (ms): Min: 48.9, Avg: 51.9, Max: 55.0, Diff: 6.1, Sum: 103.8]
      [Update RS (ms): Min: 50.8, Avg: 51.0, Max: 51.2, Diff: 0.4, Sum: 102.1]
         [Processed Buffers: Min: 267, Avg: 267.5, Max: 268, Diff: 1, Sum: 535]
      [Scan RS (ms): Min: 13.6, Avg: 13.7, Max: 13.8, Diff: 0.3, Sum: 27.4]
      [Code Root Scanning (ms): Min: 0.2, Avg: 0.2, Max: 0.3, Diff: 0.1, Sum: 0.5]
      [Object Copy (ms): Min: 51.1, Avg: 51.2, Max: 51.3, Diff: 0.1, Sum: 102.4]
      [Termination (ms): Min: 0.0, Avg: 0.0, Max: 0.0, Diff: 0.0, Sum: 0.0]
      [GC Worker Other (ms): Min: 0.1, Avg: 0.1, Max: 0.2, Diff: 0.1, Sum: 0.2]
      [GC Worker Total (ms): Min: 165.4, Avg: 168.2, Max: 171.0, Diff: 5.5, Sum: 336.4]
      [GC Worker End (ms): Min: 28445616.4, Avg: 28445616.4, Max: 28445616.4, Diff: 0.0]
   [Code Root Fixup: 0.4 ms]
   [Code Root Migration: 0.1 ms]
   [Clear CT: 0.7 ms]
   [Other: 9.0 ms]
      [Choose CSet: 0.0 ms]
      [Ref Proc: 5.0 ms]
      [Ref Enq: 0.3 ms]
      [Free CSet: 1.5 ms]
   [Eden: 726.0M(726.0M)->0.0B(572.0M) Survivors: 18.0M->44.0M Heap: 2321.0M(4096.0M)->1620.0M(4096.0M)]
 [Times: user=0.35 sys=0.00, real=0.18 secs] 
2016-08-30T21:30:32.322+0200: 28482.456: [GC pause (young), 0.1698560 secs]
   [Parallel Time: 162.6 ms, GC Workers: 2]
      [GC Worker Start (ms): Min: 28482457.5, Avg: 28482457.8, Max: 28482458.1, Diff: 0.6]
      [Ext Root Scanning (ms): Min: 50.6, Avg: 51.1, Max: 51.5, Diff: 0.8, Sum: 102.1]
      [Update RS (ms): Min: 37.6, Avg: 37.7, Max: 37.7, Diff: 0.1, Sum: 75.4]
         [Processed Buffers: Min: 247, Avg: 256.5, Max: 266, Diff: 19, Sum: 513]
      [Scan RS (ms): Min: 16.3, Avg: 16.5, Max: 16.7, Diff: 0.4, Sum: 33.0]
      [Code Root Scanning (ms): Min: 0.1, Avg: 0.2, Max: 0.2, Diff: 0.1, Sum: 0.3]
      [Object Copy (ms): Min: 56.7, Avg: 56.8, Max: 56.9, Diff: 0.1, Sum: 113.6]
      [Termination (ms): Min: 0.0, Avg: 0.0, Max: 0.0, Diff: 0.0, Sum: 0.0]
      [GC Worker Other (ms): Min: 0.0, Avg: 0.1, Max: 0.1, Diff: 0.1, Sum: 0.2]
      [GC Worker Total (ms): Min: 161.9, Avg: 162.3, Max: 162.6, Diff: 0.6, Sum: 324.5]
      [GC Worker End (ms): Min: 28482620.1, Avg: 28482620.1, Max: 28482620.1, Diff: 0.0]
   [Code Root Fixup: 0.4 ms]
   [Code Root Migration: 0.1 ms]
   [Clear CT: 0.5 ms]
   [Other: 6.3 ms]
      [Choose CSet: 0.0 ms]
      [Ref Proc: 2.7 ms]
      [Ref Enq: 0.2 ms]
      [Free CSet: 1.0 ms]
   [Eden: 468.0M(386.0M)->0.0B(838.0M) Survivors: 44.0M->30.0M Heap: 2088.0M(4096.0M)->1632.0M(4096.0M)]
 [Times: user=0.33 sys=0.00, real=0.17 secs] 
2016-08-30T21:31:21.889+0200: 28532.024: [GC pause (young), 0.1792690 secs]
   [Parallel Time: 167.4 ms, GC Workers: 2]
      [GC Worker Start (ms): Min: 28532024.9, Avg: 28532024.9, Max: 28532024.9, Diff: 0.0]
      [Ext Root Scanning (ms): Min: 48.6, Avg: 49.3, Max: 49.9, Diff: 1.3, Sum: 98.6]
      [Update RS (ms): Min: 45.1, Avg: 45.4, Max: 45.6, Diff: 0.5, Sum: 90.7]
         [Processed Buffers: Min: 278, Avg: 305.5, Max: 333, Diff: 55, Sum: 611]
      [Scan RS (ms): Min: 13.7, Avg: 14.3, Max: 14.9, Diff: 1.2, Sum: 28.7]
      [Code Root Scanning (ms): Min: 0.2, Avg: 0.2, Max: 0.2, Diff: 0.0, Sum: 0.4]
      [Object Copy (ms): Min: 57.8, Avg: 58.0, Max: 58.1, Diff: 0.4, Sum: 115.9]
      [Termination (ms): Min: 0.0, Avg: 0.0, Max: 0.0, Diff: 0.0, Sum: 0.0]
      [GC Worker Other (ms): Min: 0.2, Avg: 0.2, Max: 0.2, Diff: 0.0, Sum: 0.3]
      [GC Worker Total (ms): Min: 167.3, Avg: 167.3, Max: 167.3, Diff: 0.0, Sum: 334.6]
      [GC Worker End (ms): Min: 28532192.2, Avg: 28532192.2, Max: 28532192.2, Diff: 0.0]
   [Code Root Fixup: 0.4 ms]
   [Code Root Migration: 0.1 ms]
   [Clear CT: 0.8 ms]
   [Other: 10.5 ms]
      [Choose CSet: 0.0 ms]
      [Ref Proc: 5.9 ms]
      [Ref Enq: 0.5 ms]
      [Free CSet: 1.7 ms]
   [Eden: 632.0M(546.0M)->0.0B(536.0M) Survivors: 30.0M->64.0M Heap: 2264.0M(4096.0M)->1665.0M(4096.0M)]
 [Times: user=0.35 sys=0.00, real=0.18 secs] 
2016-08-30T21:31:56.225+0200: 28566.359: [GC pause (young), 0.1551790 secs]
   [Parallel Time: 147.9 ms, GC Workers: 2]
      [GC Worker Start (ms): Min: 28566360.7, Avg: 28566360.8, Max: 28566360.8, Diff: 0.0]
      [Ext Root Scanning (ms): Min: 49.5, Avg: 49.6, Max: 49.7, Diff: 0.1, Sum: 99.2]
      [Update RS (ms): Min: 36.1, Avg: 36.3, Max: 36.5, Diff: 0.3, Sum: 72.6]
         [Processed Buffers: Min: 238, Avg: 265.5, Max: 293, Diff: 55, Sum: 531]
      [Scan RS (ms): Min: 15.7, Avg: 15.7, Max: 15.7, Diff: 0.1, Sum: 31.4]
      [Code Root Scanning (ms): Min: 0.2, Avg: 0.2, Max: 0.2, Diff: 0.0, Sum: 0.3]
      [Object Copy (ms): Min: 45.7, Avg: 45.9, Max: 46.1, Diff: 0.4, Sum: 91.8]
      [Termination (ms): Min: 0.0, Avg: 0.0, Max: 0.0, Diff: 0.0, Sum: 0.0]
      [GC Worker Other (ms): Min: 0.1, Avg: 0.2, Max: 0.2, Diff: 0.0, Sum: 0.3]
      [GC Worker Total (ms): Min: 147.8, Avg: 147.8, Max: 147.9, Diff: 0.0, Sum: 295.7]
      [GC Worker End (ms): Min: 28566508.6, Avg: 28566508.6, Max: 28566508.6, Diff: 0.0]
   [Code Root Fixup: 0.3 ms]
   [Code Root Migration: 0.1 ms]
   [Clear CT: 0.5 ms]
   [Other: 6.4 ms]
      [Choose CSet: 0.0 ms]
      [Ref Proc: 2.9 ms]
      [Ref Enq: 0.2 ms]
      [Free CSet: 1.0 ms]
   [Eden: 474.0M(340.0M)->0.0B(1244.0M) Survivors: 64.0M->28.0M Heap: 2139.0M(4096.0M)->1653.0M(4096.0M)]
 [Times: user=0.30 sys=0.00, real=0.15 secs] 
2016-08-30T21:32:58.020+0200: 28628.154: [GC pause (young), 0.1891460 secs]
   [Parallel Time: 174.7 ms, GC Workers: 2]
      [GC Worker Start (ms): Min: 28628155.7, Avg: 28628155.7, Max: 28628155.8, Diff: 0.0]
      [Ext Root Scanning (ms): Min: 52.1, Avg: 53.2, Max: 54.4, Diff: 2.3, Sum: 106.5]
      [Update RS (ms): Min: 48.1, Avg: 49.1, Max: 50.0, Diff: 1.9, Sum: 98.2]
         [Processed Buffers: Min: 245, Avg: 253.5, Max: 262, Diff: 17, Sum: 507]
      [Scan RS (ms): Min: 14.9, Avg: 15.3, Max: 15.7, Diff: 0.8, Sum: 30.6]
      [Code Root Scanning (ms): Min: 0.2, Avg: 0.3, Max: 0.4, Diff: 0.1, Sum: 0.6]
      [Object Copy (ms): Min: 56.4, Avg: 56.6, Max: 56.7, Diff: 0.3, Sum: 113.2]
      [Termination (ms): Min: 0.0, Avg: 0.0, Max: 0.0, Diff: 0.0, Sum: 0.0]
      [GC Worker Other (ms): Min: 0.1, Avg: 0.1, Max: 0.1, Diff: 0.1, Sum: 0.2]
      [GC Worker Total (ms): Min: 174.6, Avg: 174.6, Max: 174.6, Diff: 0.0, Sum: 349.1]
      [GC Worker End (ms): Min: 28628330.3, Avg: 28628330.3, Max: 28628330.3, Diff: 0.0]
   [Code Root Fixup: 0.4 ms]
   [Code Root Migration: 0.1 ms]
   [Clear CT: 0.8 ms]
   [Other: 13.1 ms]
      [Choose CSet: 0.0 ms]
      [Ref Proc: 8.1 ms]
      [Ref Enq: 0.6 ms]
      [Free CSet: 2.1 ms]
   [Eden: 770.0M(770.0M)->0.0B(654.0M) Survivors: 28.0M->44.0M Heap: 2423.0M(4096.0M)->1669.0M(4096.0M)]
 [Times: user=0.36 sys=0.00, real=0.19 secs] 
2016-08-30T21:33:45.164+0200: 28675.299: [GC pause (young), 0.1955060 secs]
   [Parallel Time: 185.4 ms, GC Workers: 2]
      [GC Worker Start (ms): Min: 28675300.5, Avg: 28675300.5, Max: 28675300.5, Diff: 0.0]
      [Ext Root Scanning (ms): Min: 52.0, Avg: 52.2, Max: 52.4, Diff: 0.4, Sum: 104.4]
      [Update RS (ms): Min: 44.6, Avg: 44.9, Max: 45.3, Diff: 0.6, Sum: 89.9]
         [Processed Buffers: Min: 354, Avg: 363.0, Max: 372, Diff: 18, Sum: 726]
      [Scan RS (ms): Min: 17.3, Avg: 17.3, Max: 17.3, Diff: 0.1, Sum: 34.6]
      [Code Root Scanning (ms): Min: 0.1, Avg: 0.2, Max: 0.3, Diff: 0.1, Sum: 0.4]
      [Object Copy (ms): Min: 69.9, Avg: 70.5, Max: 71.1, Diff: 1.2, Sum: 141.1]
      [Termination (ms): Min: 0.0, Avg: 0.0, Max: 0.0, Diff: 0.0, Sum: 0.0]
      [GC Worker Other (ms): Min: 0.1, Avg: 0.1, Max: 0.1, Diff: 0.1, Sum: 0.2]
      [GC Worker Total (ms): Min: 185.3, Avg: 185.3, Max: 185.3, Diff: 0.0, Sum: 370.6]
      [GC Worker End (ms): Min: 28675485.7, Avg: 28675485.7, Max: 28675485.8, Diff: 0.0]
   [Code Root Fixup: 0.5 ms]
   [Code Root Migration: 0.1 ms]
   [Clear CT: 0.7 ms]
   [Other: 8.9 ms]
      [Choose CSet: 0.0 ms]
      [Ref Proc: 4.2 ms]
      [Ref Enq: 0.2 ms]
      [Free CSet: 1.4 ms]
   [Eden: 582.0M(374.0M)->0.0B(436.0M) Survivors: 44.0M->52.0M Heap: 2251.0M(4096.0M)->1700.0M(4096.0M)]
 [Times: user=0.38 sys=0.00, real=0.19 secs] 
2016-08-30T21:34:22.674+0200: 28712.809: [GC pause (young), 0.1679940 secs]
   [Parallel Time: 158.3 ms, GC Workers: 2]
      [GC Worker Start (ms): Min: 28712810.2, Avg: 28712810.2, Max: 28712810.2, Diff: 0.1]
      [Ext Root Scanning (ms): Min: 51.3, Avg: 55.2, Max: 59.0, Diff: 7.7, Sum: 110.3]
      [Update RS (ms): Min: 36.0, Avg: 39.9, Max: 43.7, Diff: 7.7, Sum: 79.8]
         [Processed Buffers: Min: 243, Avg: 262.5, Max: 282, Diff: 39, Sum: 525]
      [Scan RS (ms): Min: 12.6, Avg: 12.9, Max: 13.1, Diff: 0.5, Sum: 25.7]
      [Code Root Scanning (ms): Min: 0.1, Avg: 0.2, Max: 0.2, Diff: 0.1, Sum: 0.3]
      [Object Copy (ms): Min: 49.7, Avg: 49.9, Max: 50.2, Diff: 0.5, Sum: 99.8]
      [Termination (ms): Min: 0.0, Avg: 0.0, Max: 0.0, Diff: 0.0, Sum: 0.0]
      [GC Worker Other (ms): Min: 0.2, Avg: 0.2, Max: 0.2, Diff: 0.0, Sum: 0.4]
      [GC Worker Total (ms): Min: 158.2, Avg: 158.2, Max: 158.2, Diff: 0.1, Sum: 316.4]
      [GC Worker End (ms): Min: 28712968.4, Avg: 28712968.4, Max: 28712968.4, Diff: 0.0]
   [Code Root Fixup: 0.5 ms]
   [Code Root Migration: 0.1 ms]
   [Clear CT: 0.7 ms]
   [Other: 8.4 ms]
      [Choose CSet: 0.0 ms]
      [Ref Proc: 4.0 ms]
      [Ref Enq: 0.4 ms]
      [Free CSet: 1.3 ms]
   [Eden: 436.0M(436.0M)->0.0B(558.0M) Survivors: 52.0M->42.0M Heap: 2136.0M(4096.0M)->1705.0M(4096.0M)]
 [Times: user=0.33 sys=0.00, real=0.17 secs] 
2016-08-30T21:35:11.259+0200: 28761.393: [GC pause (young), 0.1692830 secs]
   [Parallel Time: 158.3 ms, GC Workers: 2]
      [GC Worker Start (ms): Min: 28761394.7, Avg: 28761394.7, Max: 28761394.7, Diff: 0.0]
      [Ext Root Scanning (ms): Min: 49.7, Avg: 49.8, Max: 49.9, Diff: 0.1, Sum: 99.6]
      [Update RS (ms): Min: 43.2, Avg: 43.8, Max: 44.4, Diff: 1.2, Sum: 87.5]
         [Processed Buffers: Min: 232, Avg: 253.0, Max: 274, Diff: 42, Sum: 506]
      [Scan RS (ms): Min: 14.2, Avg: 14.3, Max: 14.5, Diff: 0.3, Sum: 28.7]
      [Code Root Scanning (ms): Min: 0.2, Avg: 0.2, Max: 0.2, Diff: 0.0, Sum: 0.4]
      [Object Copy (ms): Min: 49.5, Avg: 50.0, Max: 50.5, Diff: 0.9, Sum: 100.0]
      [Termination (ms): Min: 0.0, Avg: 0.0, Max: 0.0, Diff: 0.0, Sum: 0.0]
      [GC Worker Other (ms): Min: 0.1, Avg: 0.1, Max: 0.2, Diff: 0.1, Sum: 0.3]
      [GC Worker Total (ms): Min: 158.2, Avg: 158.3, Max: 158.3, Diff: 0.1, Sum: 316.5]
      [GC Worker End (ms): Min: 28761552.9, Avg: 28761553.0, Max: 28761553.0, Diff: 0.0]
   [Code Root Fixup: 0.4 ms]
   [Code Root Migration: 0.1 ms]
   [Clear CT: 0.8 ms]
   [Other: 9.6 ms]
      [Choose CSet: 0.0 ms]
      [Ref Proc: 5.2 ms]
      [Ref Enq: 0.4 ms]
      [Free CSet: 1.6 ms]
   [Eden: 558.0M(558.0M)->0.0B(774.0M) Survivors: 42.0M->32.0M Heap: 2263.0M(4096.0M)->1707.0M(4096.0M)]
 [Times: user=0.32 sys=0.01, real=0.17 secs] 
2016-08-30T21:36:00.082+0200: 28810.216: [GC pause (young), 0.1729470 secs]
   [Parallel Time: 160.9 ms, GC Workers: 2]
      [GC Worker Start (ms): Min: 28810217.9, Avg: 28810217.9, Max: 28810217.9, Diff: 0.1]
      [Ext Root Scanning (ms): Min: 49.9, Avg: 50.5, Max: 51.1, Diff: 1.2, Sum: 101.0]
      [Update RS (ms): Min: 44.1, Avg: 44.2, Max: 44.4, Diff: 0.3, Sum: 88.5]
         [Processed Buffers: Min: 266, Avg: 269.5, Max: 273, Diff: 7, Sum: 539]
      [Scan RS (ms): Min: 14.0, Avg: 14.3, Max: 14.5, Diff: 0.5, Sum: 28.6]
      [Code Root Scanning (ms): Min: 0.2, Avg: 0.2, Max: 0.2, Diff: 0.0, Sum: 0.4]
      [Object Copy (ms): Min: 51.2, Avg: 51.4, Max: 51.6, Diff: 0.4, Sum: 102.8]
      [Termination (ms): Min: 0.0, Avg: 0.0, Max: 0.0, Diff: 0.0, Sum: 0.0]
      [GC Worker Other (ms): Min: 0.2, Avg: 0.2, Max: 0.2, Diff: 0.0, Sum: 0.3]
      [GC Worker Total (ms): Min: 160.8, Avg: 160.8, Max: 160.9, Diff: 0.1, Sum: 321.7]
      [GC Worker End (ms): Min: 28810378.8, Avg: 28810378.8, Max: 28810378.8, Diff: 0.0]
   [Code Root Fixup: 0.5 ms]
   [Code Root Migration: 0.1 ms]
   [Clear CT: 0.7 ms]
   [Other: 10.7 ms]
      [Choose CSet: 0.0 ms]
      [Ref Proc: 5.9 ms]
      [Ref Enq: 0.5 ms]
      [Free CSet: 1.7 ms]
   [Eden: 674.0M(488.0M)->0.0B(730.0M) Survivors: 32.0M->54.0M Heap: 2381.0M(4096.0M)->1730.0M(4096.0M)]
 [Times: user=0.33 sys=0.01, real=0.17 secs] 
2016-08-30T21:36:41.137+0200: 28851.272: [GC pause (young), 0.1936090 secs]
   [Parallel Time: 182.9 ms, GC Workers: 2]
      [GC Worker Start (ms): Min: 28851273.1, Avg: 28851274.6, Max: 28851276.2, Diff: 3.2]
      [Ext Root Scanning (ms): Min: 50.9, Avg: 57.1, Max: 63.3, Diff: 12.4, Sum: 114.2]
      [Update RS (ms): Min: 40.4, Avg: 43.4, Max: 46.3, Diff: 5.8, Sum: 86.7]
         [Processed Buffers: Min: 253, Avg: 256.5, Max: 260, Diff: 7, Sum: 513]
      [Scan RS (ms): Min: 17.0, Avg: 17.1, Max: 17.3, Diff: 0.4, Sum: 34.3]
      [Code Root Scanning (ms): Min: 0.1, Avg: 0.2, Max: 0.2, Diff: 0.1, Sum: 0.4]
      [Object Copy (ms): Min: 61.6, Avg: 63.3, Max: 65.0, Diff: 3.3, Sum: 126.6]
      [Termination (ms): Min: 0.0, Avg: 0.0, Max: 0.0, Diff: 0.0, Sum: 0.0]
      [GC Worker Other (ms): Min: 0.1, Avg: 0.2, Max: 0.3, Diff: 0.2, Sum: 0.5]
      [GC Worker Total (ms): Min: 179.7, Avg: 181.3, Max: 182.9, Diff: 3.2, Sum: 362.6]
      [GC Worker End (ms): Min: 28851456.0, Avg: 28851456.0, Max: 28851456.0, Diff: 0.0]
   [Code Root Fixup: 0.6 ms]
   [Code Root Migration: 0.1 ms]
   [Clear CT: 0.7 ms]
   [Other: 9.3 ms]
      [Choose CSet: 0.0 ms]
      [Ref Proc: 4.5 ms]
      [Ref Enq: 0.4 ms]
      [Free CSet: 1.5 ms]
   [Eden: 488.0M(426.0M)->0.0B(642.0M) Survivors: 54.0M->32.0M Heap: 2218.0M(4096.0M)->1731.0M(4096.0M)]
 [Times: user=0.36 sys=0.00, real=0.20 secs] 
2016-08-30T21:37:28.015+0200: 28898.150: [GC pause (young), 0.1629780 secs]
   [Parallel Time: 152.3 ms, GC Workers: 2]
      [GC Worker Start (ms): Min: 28898150.8, Avg: 28898150.8, Max: 28898150.9, Diff: 0.1]
      [Ext Root Scanning (ms): Min: 48.0, Avg: 48.3, Max: 48.6, Diff: 0.7, Sum: 96.6]
      [Update RS (ms): Min: 45.4, Avg: 45.5, Max: 45.6, Diff: 0.2, Sum: 91.0]
         [Processed Buffers: Min: 230, Avg: 251.5, Max: 273, Diff: 43, Sum: 503]
      [Scan RS (ms): Min: 13.4, Avg: 13.6, Max: 13.9, Diff: 0.6, Sum: 27.3]
      [Code Root Scanning (ms): Min: 0.2, Avg: 0.2, Max: 0.2, Diff: 0.0, Sum: 0.4]
      [Object Copy (ms): Min: 44.2, Avg: 44.4, Max: 44.5, Diff: 0.3, Sum: 88.7]
      [Termination (ms): Min: 0.0, Avg: 0.0, Max: 0.0, Diff: 0.0, Sum: 0.0]
      [GC Worker Other (ms): Min: 0.2, Avg: 0.2, Max: 0.2, Diff: 0.0, Sum: 0.3]
      [GC Worker Total (ms): Min: 152.1, Avg: 152.2, Max: 152.2, Diff: 0.1, Sum: 304.3]
      [GC Worker End (ms): Min: 28898303.0, Avg: 28898303.0, Max: 28898303.0, Diff: 0.0]
   [Code Root Fixup: 0.4 ms]
   [Code Root Migration: 0.1 ms]
   [Clear CT: 1.1 ms]
   [Other: 9.1 ms]
      [Choose CSet: 0.0 ms]
      [Ref Proc: 4.7 ms]
      [Ref Enq: 0.6 ms]
      [Free CSet: 1.6 ms]
   [Eden: 642.0M(642.0M)->0.0B(824.0M) Survivors: 32.0M->40.0M Heap: 2373.0M(4096.0M)->1740.0M(4096.0M)]
 [Times: user=0.32 sys=0.00, real=0.16 secs] 
2016-08-30T21:38:17.941+0200: 28948.076: [GC pause (young), 0.2214640 secs]
   [Parallel Time: 206.9 ms, GC Workers: 2]
      [GC Worker Start (ms): Min: 28948076.8, Avg: 28948076.8, Max: 28948076.8, Diff: 0.0]
      [Ext Root Scanning (ms): Min: 47.3, Avg: 51.8, Max: 56.4, Diff: 9.1, Sum: 103.7]
      [Update RS (ms): Min: 43.2, Avg: 55.5, Max: 67.8, Diff: 24.6, Sum: 111.0]
         [Processed Buffers: Min: 286, Avg: 414.5, Max: 543, Diff: 257, Sum: 829]
      [Scan RS (ms): Min: 18.6, Avg: 20.6, Max: 22.5, Diff: 3.8, Sum: 41.1]
      [Code Root Scanning (ms): Min: 0.1, Avg: 0.1, Max: 0.1, Diff: 0.1, Sum: 0.2]
      [Object Copy (ms): Min: 69.1, Avg: 78.8, Max: 88.5, Diff: 19.4, Sum: 157.6]
      [Termination (ms): Min: 0.0, Avg: 0.0, Max: 0.0, Diff: 0.0, Sum: 0.0]
      [GC Worker Other (ms): Min: 0.1, Avg: 0.1, Max: 0.1, Diff: 0.0, Sum: 0.2]
      [GC Worker Total (ms): Min: 206.9, Avg: 206.9, Max: 206.9, Diff: 0.0, Sum: 413.8]
      [GC Worker End (ms): Min: 28948283.7, Avg: 28948283.7, Max: 28948283.7, Diff: 0.0]
   [Code Root Fixup: 0.3 ms]
   [Code Root Migration: 0.1 ms]
   [Clear CT: 0.8 ms]
   [Other: 13.4 ms]
      [Choose CSet: 0.0 ms]
      [Ref Proc: 10.1 ms]
      [Ref Enq: 0.2 ms]
      [Free CSet: 1.0 ms]
   [Eden: 596.0M(494.0M)->0.0B(324.0M) Survivors: 40.0M->68.0M Heap: 2336.0M(4096.0M)->1780.0M(4096.0M)]
 [Times: user=0.21 sys=0.00, real=0.23 secs] 
2016-08-30T21:38:45.121+0200: 28975.255: [GC pause (young), 0.1770170 secs]
   [Parallel Time: 167.7 ms, GC Workers: 2]
      [GC Worker Start (ms): Min: 28975257.7, Avg: 28975259.3, Max: 28975260.9, Diff: 3.2]
      [Ext Root Scanning (ms): Min: 50.1, Avg: 50.4, Max: 50.8, Diff: 0.8, Sum: 100.9]
      [Update RS (ms): Min: 38.1, Avg: 38.2, Max: 38.2, Diff: 0.1, Sum: 76.3]
         [Processed Buffers: Min: 340, Avg: 371.5, Max: 403, Diff: 63, Sum: 743]
      [Scan RS (ms): Min: 15.1, Avg: 15.2, Max: 15.4, Diff: 0.3, Sum: 30.5]
      [Code Root Scanning (ms): Min: 0.1, Avg: 0.2, Max: 0.3, Diff: 0.1, Sum: 0.4]
      [Object Copy (ms): Min: 60.0, Avg: 61.8, Max: 63.6, Diff: 3.6, Sum: 123.6]
      [Termination (ms): Min: 0.0, Avg: 0.0, Max: 0.0, Diff: 0.0, Sum: 0.0]
      [GC Worker Other (ms): Min: 0.2, Avg: 0.2, Max: 0.2, Diff: 0.0, Sum: 0.4]
      [GC Worker Total (ms): Min: 164.5, Avg: 166.0, Max: 167.6, Diff: 3.2, Sum: 332.1]
      [GC Worker End (ms): Min: 28975425.3, Avg: 28975425.3, Max: 28975425.3, Diff: 0.0]
   [Code Root Fixup: 0.5 ms]
   [Code Root Migration: 0.1 ms]
   [Clear CT: 0.7 ms]
   [Other: 8.1 ms]
      [Choose CSet: 0.0 ms]
      [Ref Proc: 2.9 ms]
      [Ref Enq: 0.3 ms]
      [Free CSet: 1.2 ms]
   [Eden: 324.0M(324.0M)->0.0B(374.0M) Survivors: 68.0M->44.0M Heap: 2104.0M(4096.0M)->1781.0M(4096.0M)]
 [Times: user=0.34 sys=0.00, real=0.18 secs] 
2016-08-30T21:39:19.575+0200: 29009.709: [GC pause (young), 0.1578070 secs]
   [Parallel Time: 150.4 ms, GC Workers: 2]
      [GC Worker Start (ms): Min: 29009710.8, Avg: 29009710.8, Max: 29009710.8, Diff: 0.0]
      [Ext Root Scanning (ms): Min: 50.6, Avg: 50.9, Max: 51.2, Diff: 0.6, Sum: 101.8]
      [Update RS (ms): Min: 41.7, Avg: 42.1, Max: 42.5, Diff: 0.8, Sum: 84.2]
         [Processed Buffers: Min: 343, Avg: 394.0, Max: 445, Diff: 102, Sum: 788]
      [Scan RS (ms): Min: 10.1, Avg: 10.4, Max: 10.7, Diff: 0.6, Sum: 20.8]
      [Code Root Scanning (ms): Min: 0.1, Avg: 0.1, Max: 0.2, Diff: 0.1, Sum: 0.3]
      [Object Copy (ms): Min: 46.3, Avg: 46.5, Max: 46.8, Diff: 0.5, Sum: 93.0]
      [Termination (ms): Min: 0.0, Avg: 0.0, Max: 0.0, Diff: 0.0, Sum: 0.0]
      [GC Worker Other (ms): Min: 0.2, Avg: 0.2, Max: 0.2, Diff: 0.0, Sum: 0.3]
      [GC Worker Total (ms): Min: 150.2, Avg: 150.2, Max: 150.2, Diff: 0.0, Sum: 300.5]
      [GC Worker End (ms): Min: 29009861.0, Avg: 29009861.0, Max: 29009861.0, Diff: 0.0]
   [Code Root Fixup: 0.3 ms]
   [Code Root Migration: 0.1 ms]
   [Clear CT: 0.6 ms]
   [Other: 6.6 ms]
      [Choose CSet: 0.0 ms]
      [Ref Proc: 2.7 ms]
      [Ref Enq: 0.1 ms]
      [Free CSet: 0.9 ms]
   [Eden: 374.0M(374.0M)->0.0B(416.0M) Survivors: 44.0M->50.0M Heap: 2155.0M(4096.0M)->1798.0M(4096.0M)]
 [Times: user=0.31 sys=0.00, real=0.16 secs] 
2016-08-30T21:39:58.075+0200: 29048.210: [GC pause (young), 0.1489220 secs]
   [Parallel Time: 141.7 ms, GC Workers: 2]
      [GC Worker Start (ms): Min: 29048210.8, Avg: 29048210.8, Max: 29048210.8, Diff: 0.0]
      [Ext Root Scanning (ms): Min: 48.9, Avg: 49.1, Max: 49.2, Diff: 0.3, Sum: 98.2]
      [Update RS (ms): Min: 41.0, Avg: 41.4, Max: 41.7, Diff: 0.7, Sum: 82.7]
         [Processed Buffers: Min: 245, Avg: 255.0, Max: 265, Diff: 20, Sum: 510]
      [Scan RS (ms): Min: 11.0, Avg: 11.3, Max: 11.5, Diff: 0.4, Sum: 22.5]
      [Code Root Scanning (ms): Min: 0.1, Avg: 0.2, Max: 0.2, Diff: 0.1, Sum: 0.3]
      [Object Copy (ms): Min: 39.6, Avg: 39.6, Max: 39.6, Diff: 0.0, Sum: 79.2]
      [Termination (ms): Min: 0.0, Avg: 0.0, Max: 0.0, Diff: 0.0, Sum: 0.0]
      [GC Worker Other (ms): Min: 0.2, Avg: 0.2, Max: 0.2, Diff: 0.0, Sum: 0.4]
      [GC Worker Total (ms): Min: 141.6, Avg: 141.6, Max: 141.7, Diff: 0.0, Sum: 283.3]
      [GC Worker End (ms): Min: 29048352.4, Avg: 29048352.4, Max: 29048352.4, Diff: 0.0]
   [Code Root Fixup: 0.4 ms]
   [Code Root Migration: 0.1 ms]
   [Clear CT: 0.6 ms]
   [Other: 6.1 ms]
      [Choose CSet: 0.0 ms]
      [Ref Proc: 2.7 ms]
      [Ref Enq: 0.2 ms]
      [Free CSet: 1.1 ms]
   [Eden: 416.0M(416.0M)->0.0B(786.0M) Survivors: 50.0M->28.0M Heap: 2214.0M(4096.0M)->1785.0M(4096.0M)]
 [Times: user=0.29 sys=0.00, real=0.15 secs] 
2016-08-30T21:40:41.383+0200: 29091.518: [GC pause (young), 0.1712980 secs]
   [Parallel Time: 160.7 ms, GC Workers: 2]
      [GC Worker Start (ms): Min: 29091518.8, Avg: 29091518.8, Max: 29091518.9, Diff: 0.1]
      [Ext Root Scanning (ms): Min: 53.1, Avg: 53.4, Max: 53.7, Diff: 0.6, Sum: 106.8]
      [Update RS (ms): Min: 42.8, Avg: 43.1, Max: 43.3, Diff: 0.4, Sum: 86.1]
         [Processed Buffers: Min: 230, Avg: 242.5, Max: 255, Diff: 25, Sum: 485]
      [Scan RS (ms): Min: 13.4, Avg: 13.6, Max: 13.8, Diff: 0.4, Sum: 27.2]
      [Code Root Scanning (ms): Min: 0.1, Avg: 0.2, Max: 0.2, Diff: 0.1, Sum: 0.4]
      [Object Copy (ms): Min: 50.1, Avg: 50.2, Max: 50.4, Diff: 0.3, Sum: 100.4]
      [Termination (ms): Min: 0.0, Avg: 0.0, Max: 0.0, Diff: 0.0, Sum: 0.0]
      [GC Worker Other (ms): Min: 0.1, Avg: 0.2, Max: 0.2, Diff: 0.0, Sum: 0.3]
      [GC Worker Total (ms): Min: 160.6, Avg: 160.6, Max: 160.6, Diff: 0.0, Sum: 321.2]
      [GC Worker End (ms): Min: 29091679.4, Avg: 29091679.4, Max: 29091679.4, Diff: 0.0]
   [Code Root Fixup: 0.5 ms]
   [Code Root Migration: 0.1 ms]
   [Clear CT: 0.7 ms]
   [Other: 9.2 ms]
      [Choose CSet: 0.0 ms]
      [Ref Proc: 4.9 ms]
      [Ref Enq: 0.5 ms]
      [Free CSet: 1.5 ms]
   [Eden: 512.0M(512.0M)->0.0B(574.0M) Survivors: 28.0M->36.0M Heap: 2297.0M(4096.0M)->1793.0M(4096.0M)]
 [Times: user=0.32 sys=0.01, real=0.18 secs] 
2016-08-30T21:41:22.355+0200: 29132.490: [GC pause (young), 0.1703790 secs]
   [Parallel Time: 160.0 ms, GC Workers: 2]
      [GC Worker Start (ms): Min: 29132490.9, Avg: 29132490.9, Max: 29132490.9, Diff: 0.0]
      [Ext Root Scanning (ms): Min: 48.5, Avg: 49.0, Max: 49.4, Diff: 1.0, Sum: 97.9]
      [Update RS (ms): Min: 38.0, Avg: 38.0, Max: 38.1, Diff: 0.1, Sum: 76.1]
         [Processed Buffers: Min: 254, Avg: 267.0, Max: 280, Diff: 26, Sum: 534]
      [Scan RS (ms): Min: 15.1, Avg: 15.1, Max: 15.1, Diff: 0.1, Sum: 30.2]
      [Code Root Scanning (ms): Min: 0.1, Avg: 0.2, Max: 0.2, Diff: 0.1, Sum: 0.3]
      [Object Copy (ms): Min: 57.1, Avg: 57.3, Max: 57.5, Diff: 0.4, Sum: 114.6]
      [Termination (ms): Min: 0.0, Avg: 0.2, Max: 0.5, Diff: 0.5, Sum: 0.5]
      [GC Worker Other (ms): Min: 0.2, Avg: 0.2, Max: 0.2, Diff: 0.0, Sum: 0.3]
      [GC Worker Total (ms): Min: 159.9, Avg: 160.0, Max: 160.0, Diff: 0.0, Sum: 319.9]
      [GC Worker End (ms): Min: 29132650.8, Avg: 29132650.8, Max: 29132650.8, Diff: 0.0]
   [Code Root Fixup: 0.7 ms]
   [Code Root Migration: 0.1 ms]
   [Clear CT: 0.7 ms]
   [Other: 8.9 ms]
      [Choose CSet: 0.0 ms]
      [Ref Proc: 5.0 ms]
      [Ref Enq: 0.3 ms]
      [Free CSet: 1.3 ms]
   [Eden: 484.0M(350.0M)->0.0B(664.0M) Survivors: 36.0M->42.0M Heap: 2277.0M(4096.0M)->1809.0M(4096.0M)]
 [Times: user=0.32 sys=0.00, real=0.17 secs] 
2016-08-30T21:41:52.902+0200: 29163.036: [GC pause (young), 0.1662460 secs]
   [Parallel Time: 157.3 ms, GC Workers: 2]
      [GC Worker Start (ms): Min: 29163037.6, Avg: 29163037.6, Max: 29163037.6, Diff: 0.0]
      [Ext Root Scanning (ms): Min: 51.6, Avg: 51.7, Max: 51.9, Diff: 0.3, Sum: 103.5]
      [Update RS (ms): Min: 35.6, Avg: 35.8, Max: 36.1, Diff: 0.5, Sum: 71.7]
         [Processed Buffers: Min: 242, Avg: 259.0, Max: 276, Diff: 34, Sum: 518]
      [Scan RS (ms): Min: 14.8, Avg: 15.2, Max: 15.5, Diff: 0.6, Sum: 30.3]
      [Code Root Scanning (ms): Min: 0.1, Avg: 0.2, Max: 0.2, Diff: 0.1, Sum: 0.3]
      [Object Copy (ms): Min: 53.9, Avg: 54.1, Max: 54.4, Diff: 0.5, Sum: 108.2]
      [Termination (ms): Min: 0.0, Avg: 0.0, Max: 0.0, Diff: 0.0, Sum: 0.0]
      [GC Worker Other (ms): Min: 0.1, Avg: 0.1, Max: 0.1, Diff: 0.0, Sum: 0.3]
      [GC Worker Total (ms): Min: 157.1, Avg: 157.2, Max: 157.2, Diff: 0.0, Sum: 314.3]
      [GC Worker End (ms): Min: 29163194.8, Avg: 29163194.8, Max: 29163194.8, Diff: 0.0]
   [Code Root Fixup: 0.4 ms]
   [Code Root Migration: 0.1 ms]
   [Clear CT: 0.7 ms]
   [Other: 7.7 ms]
      [Choose CSet: 0.0 ms]
      [Ref Proc: 3.7 ms]
      [Ref Enq: 0.3 ms]
      [Free CSet: 1.3 ms]
   [Eden: 398.0M(360.0M)->0.0B(744.0M) Survivors: 42.0M->36.0M Heap: 2207.0M(4096.0M)->1825.0M(4096.0M)]
 [Times: user=0.32 sys=0.00, real=0.17 secs] 
2016-08-30T21:42:45.573+0200: 29215.707: [GC pause (young), 0.1763920 secs]
   [Parallel Time: 168.1 ms, GC Workers: 2]
      [GC Worker Start (ms): Min: 29215709.2, Avg: 29215709.2, Max: 29215709.2, Diff: 0.1]
      [Ext Root Scanning (ms): Min: 52.3, Avg: 52.4, Max: 52.4, Diff: 0.1, Sum: 104.8]
      [Update RS (ms): Min: 52.0, Avg: 52.6, Max: 53.2, Diff: 1.2, Sum: 105.2]
         [Processed Buffers: Min: 338, Avg: 372.5, Max: 407, Diff: 69, Sum: 745]
      [Scan RS (ms): Min: 13.4, Avg: 13.8, Max: 14.2, Diff: 0.7, Sum: 27.6]
      [Code Root Scanning (ms): Min: 0.2, Avg: 0.2, Max: 0.3, Diff: 0.1, Sum: 0.4]
      [Object Copy (ms): Min: 48.5, Avg: 48.7, Max: 49.0, Diff: 0.5, Sum: 97.4]
      [Termination (ms): Min: 0.0, Avg: 0.0, Max: 0.0, Diff: 0.0, Sum: 0.0]
      [GC Worker Other (ms): Min: 0.2, Avg: 0.2, Max: 0.2, Diff: 0.0, Sum: 0.3]
      [GC Worker Total (ms): Min: 167.9, Avg: 167.9, Max: 167.9, Diff: 0.1, Sum: 335.8]
      [GC Worker End (ms): Min: 29215877.1, Avg: 29215877.1, Max: 29215877.1, Diff: 0.0]
   [Code Root Fixup: 0.3 ms]
   [Code Root Migration: 0.1 ms]
   [Clear CT: 0.6 ms]
   [Other: 7.4 ms]
      [Choose CSet: 0.0 ms]
      [Ref Proc: 3.2 ms]
      [Ref Enq: 0.2 ms]
      [Free CSet: 1.2 ms]
   [Eden: 628.0M(480.0M)->0.0B(560.0M) Survivors: 36.0M->64.0M Heap: 2453.0M(4096.0M)->1854.0M(4096.0M)]
 [Times: user=0.34 sys=0.00, real=0.18 secs] 
2016-08-30T21:43:22.156+0200: 29252.290: [GC pause (young), 0.1926970 secs]
   [Parallel Time: 183.6 ms, GC Workers: 2]
      [GC Worker Start (ms): Min: 29252291.5, Avg: 29252291.5, Max: 29252291.5, Diff: 0.0]
      [Ext Root Scanning (ms): Min: 50.2, Avg: 56.0, Max: 61.8, Diff: 11.6, Sum: 112.0]
      [Update RS (ms): Min: 31.3, Avg: 38.0, Max: 44.8, Diff: 13.5, Sum: 76.0]
         [Processed Buffers: Min: 195, Avg: 277.0, Max: 359, Diff: 164, Sum: 554]
      [Scan RS (ms): Min: 16.1, Avg: 16.1, Max: 16.1, Diff: 0.1, Sum: 32.2]
      [Code Root Scanning (ms): Min: 0.2, Avg: 0.2, Max: 0.2, Diff: 0.0, Sum: 0.4]
      [Object Copy (ms): Min: 72.2, Avg: 73.1, Max: 74.0, Diff: 1.8, Sum: 146.2]
      [Termination (ms): Min: 0.0, Avg: 0.0, Max: 0.0, Diff: 0.0, Sum: 0.0]
      [GC Worker Other (ms): Min: 0.1, Avg: 0.1, Max: 0.2, Diff: 0.1, Sum: 0.2]
      [GC Worker Total (ms): Min: 183.5, Avg: 183.5, Max: 183.5, Diff: 0.0, Sum: 367.1]
      [GC Worker End (ms): Min: 29252475.1, Avg: 29252475.1, Max: 29252475.1, Diff: 0.0]
   [Code Root Fixup: 0.5 ms]
   [Code Root Migration: 0.1 ms]
   [Clear CT: 0.6 ms]
   [Other: 7.9 ms]
      [Choose CSet: 0.0 ms]
      [Ref Proc: 3.5 ms]
      [Ref Enq: 0.2 ms]
      [Free CSet: 1.4 ms]
   [Eden: 434.0M(314.0M)->0.0B(456.0M) Survivors: 64.0M->46.0M Heap: 2288.0M(4096.0M)->1860.0M(4096.0M)]
 [Times: user=0.37 sys=0.00, real=0.20 secs] 
2016-08-30T21:43:59.677+0200: 29289.812: [GC pause (young), 0.1677970 secs]
   [Parallel Time: 159.2 ms, GC Workers: 2]
      [GC Worker Start (ms): Min: 29289812.9, Avg: 29289812.9, Max: 29289812.9, Diff: 0.1]
      [Ext Root Scanning (ms): Min: 51.8, Avg: 52.0, Max: 52.2, Diff: 0.4, Sum: 104.0]
      [Update RS (ms): Min: 46.0, Avg: 47.3, Max: 48.7, Diff: 2.7, Sum: 94.6]
         [Processed Buffers: Min: 256, Avg: 267.5, Max: 279, Diff: 23, Sum: 535]
      [Scan RS (ms): Min: 11.7, Avg: 12.4, Max: 13.1, Diff: 1.4, Sum: 24.8]
      [Code Root Scanning (ms): Min: 0.2, Avg: 0.2, Max: 0.2, Diff: 0.0, Sum: 0.3]
      [Object Copy (ms): Min: 46.7, Avg: 47.1, Max: 47.6, Diff: 1.0, Sum: 94.3]
      [Termination (ms): Min: 0.0, Avg: 0.0, Max: 0.0, Diff: 0.0, Sum: 0.0]
      [GC Worker Other (ms): Min: 0.1, Avg: 0.1, Max: 0.1, Diff: 0.1, Sum: 0.2]
      [GC Worker Total (ms): Min: 159.1, Avg: 159.1, Max: 159.1, Diff: 0.1, Sum: 318.2]
      [GC Worker End (ms): Min: 29289972.0, Avg: 29289972.0, Max: 29289972.0, Diff: 0.0]
   [Code Root Fixup: 1.0 ms]
   [Code Root Migration: 0.1 ms]
   [Clear CT: 0.6 ms]
   [Other: 6.9 ms]
      [Choose CSet: 0.0 ms]
      [Ref Proc: 3.4 ms]
      [Ref Enq: 0.2 ms]
      [Free CSet: 1.1 ms]
   [Eden: 456.0M(456.0M)->0.0B(714.0M) Survivors: 46.0M->30.0M Heap: 2316.0M(4096.0M)->1856.0M(4096.0M)]
 [Times: user=0.33 sys=0.00, real=0.17 secs] 
2016-08-30T21:44:47.587+0200: 29337.721: [GC pause (young), 0.3161490 secs]
   [Parallel Time: 308.6 ms, GC Workers: 2]
      [GC Worker Start (ms): Min: 29337722.7, Avg: 29337722.7, Max: 29337722.7, Diff: 0.0]
      [Ext Root Scanning (ms): Min: 85.1, Avg: 88.5, Max: 91.9, Diff: 6.7, Sum: 177.0]
      [Update RS (ms): Min: 97.5, Avg: 101.5, Max: 105.4, Diff: 7.9, Sum: 202.9]
         [Processed Buffers: Min: 319, Avg: 367.5, Max: 416, Diff: 97, Sum: 735]
      [Scan RS (ms): Min: 14.4, Avg: 20.8, Max: 27.3, Diff: 12.8, Sum: 41.7]
      [Code Root Scanning (ms): Min: 0.1, Avg: 0.1, Max: 0.1, Diff: 0.0, Sum: 0.2]
      [Object Copy (ms): Min: 91.6, Avg: 95.2, Max: 98.8, Diff: 7.3, Sum: 190.4]
      [Termination (ms): Min: 0.0, Avg: 2.3, Max: 4.6, Diff: 4.6, Sum: 4.6]
      [GC Worker Other (ms): Min: 0.0, Avg: 0.1, Max: 0.1, Diff: 0.1, Sum: 0.1]
      [GC Worker Total (ms): Min: 308.3, Avg: 308.4, Max: 308.5, Diff: 0.2, Sum: 616.9]
      [GC Worker End (ms): Min: 29338031.0, Avg: 29338031.1, Max: 29338031.2, Diff: 0.2]
   [Code Root Fixup: 0.2 ms]
   [Code Root Migration: 0.1 ms]
   [Clear CT: 0.8 ms]
   [Other: 6.5 ms]
      [Choose CSet: 0.0 ms]
      [Ref Proc: 2.9 ms]
      [Ref Enq: 0.2 ms]
      [Free CSet: 1.0 ms]
   [Eden: 582.0M(432.0M)->0.0B(146.0M) Survivors: 30.0M->58.0M Heap: 2438.0M(4096.0M)->1885.0M(4096.0M)]
 [Times: user=0.20 sys=0.00, real=0.32 secs] 
2016-08-30T21:45:01.937+0200: 29352.072: [GC pause (young), 0.1355290 secs]
   [Parallel Time: 129.9 ms, GC Workers: 2]
      [GC Worker Start (ms): Min: 29352072.9, Avg: 29352074.6, Max: 29352076.2, Diff: 3.3]
      [Ext Root Scanning (ms): Min: 48.4, Avg: 49.7, Max: 50.9, Diff: 2.5, Sum: 99.4]
      [Update RS (ms): Min: 21.3, Avg: 21.9, Max: 22.4, Diff: 1.0, Sum: 43.7]
         [Processed Buffers: Min: 227, Avg: 230.0, Max: 233, Diff: 6, Sum: 460]
      [Scan RS (ms): Min: 13.1, Avg: 13.6, Max: 14.0, Diff: 0.9, Sum: 27.1]
      [Code Root Scanning (ms): Min: 0.0, Avg: 0.1, Max: 0.1, Diff: 0.1, Sum: 0.1]
      [Object Copy (ms): Min: 42.5, Avg: 42.9, Max: 43.4, Diff: 0.9, Sum: 85.9]
      [Termination (ms): Min: 0.0, Avg: 0.0, Max: 0.0, Diff: 0.0, Sum: 0.0]
      [GC Worker Other (ms): Min: 0.1, Avg: 0.1, Max: 0.1, Diff: 0.1, Sum: 0.2]
      [GC Worker Total (ms): Min: 126.5, Avg: 128.2, Max: 129.9, Diff: 3.3, Sum: 256.4]
      [GC Worker End (ms): Min: 29352202.8, Avg: 29352202.8, Max: 29352202.8, Diff: 0.0]
   [Code Root Fixup: 0.4 ms]
   [Code Root Migration: 0.0 ms]
   [Clear CT: 0.6 ms]
   [Other: 4.5 ms]
      [Choose CSet: 0.0 ms]
      [Ref Proc: 1.6 ms]
      [Ref Enq: 0.1 ms]
      [Free CSet: 0.7 ms]
   [Eden: 146.0M(146.0M)->0.0B(208.0M) Survivors: 58.0M->10.0M Heap: 2031.0M(4096.0M)->1868.0M(4096.0M)]
 [Times: user=0.26 sys=0.00, real=0.13 secs] 
2016-08-30T21:45:18.131+0200: 29368.265: [GC pause (young) (initial-mark), 0.1640300 secs]
   [Parallel Time: 156.5 ms, GC Workers: 2]
      [GC Worker Start (ms): Min: 29368267.5, Avg: 29368268.7, Max: 29368270.0, Diff: 2.4]
      [Ext Root Scanning (ms): Min: 52.4, Avg: 54.1, Max: 55.7, Diff: 3.2, Sum: 108.1]
      [Code Root Marking (ms): Min: 13.1, Avg: 13.7, Max: 14.2, Diff: 1.1, Sum: 27.4]
      [Update RS (ms): Min: 35.7, Avg: 36.3, Max: 36.8, Diff: 1.0, Sum: 72.5]
         [Processed Buffers: Min: 333, Avg: 355.5, Max: 378, Diff: 45, Sum: 711]
      [Scan RS (ms): Min: 4.4, Avg: 4.9, Max: 5.4, Diff: 1.0, Sum: 9.7]
      [Code Root Scanning (ms): Min: 0.1, Avg: 0.1, Max: 0.1, Diff: 0.0, Sum: 0.1]
      [Object Copy (ms): Min: 46.0, Avg: 46.1, Max: 46.2, Diff: 0.2, Sum: 92.2]
      [Termination (ms): Min: 0.0, Avg: 0.0, Max: 0.0, Diff: 0.0, Sum: 0.0]
      [GC Worker Other (ms): Min: 0.1, Avg: 0.2, Max: 0.2, Diff: 0.0, Sum: 0.3]
      [GC Worker Total (ms): Min: 154.0, Avg: 155.2, Max: 156.5, Diff: 2.4, Sum: 310.5]
      [GC Worker End (ms): Min: 29368424.0, Avg: 29368424.0, Max: 29368424.0, Diff: 0.0]
   [Code Root Fixup: 0.6 ms]
   [Code Root Migration: 0.0 ms]
   [Clear CT: 0.5 ms]
   [Other: 6.4 ms]
      [Choose CSet: 0.0 ms]
      [Ref Proc: 1.4 ms]
      [Ref Enq: 0.2 ms]
      [Free CSet: 0.6 ms]
   [Eden: 208.0M(208.0M)->0.0B(176.0M) Survivors: 10.0M->28.0M Heap: 2076.0M(4096.0M)->1900.0M(4096.0M)]
 [Times: user=0.31 sys=0.00, real=0.16 secs] 
2016-08-30T21:45:18.296+0200: 29368.430: [GC concurrent-root-region-scan-start]
2016-08-30T21:45:18.312+0200: 29368.446: [GC concurrent-root-region-scan-end, 0.0163280 secs]
2016-08-30T21:45:18.312+0200: 29368.446: [GC concurrent-mark-start]
2016-08-30T21:45:19.400+0200: 29369.535: [GC concurrent-mark-end, 1.0882080 secs]
2016-08-30T21:45:19.404+0200: 29369.538: [GC remark 2016-08-30T21:45:19.405+0200: 29369.539: [GC ref-proc, 0.1400180 secs], 0.1644200 secs]
 [Times: user=0.19 sys=0.00, real=0.17 secs] 
2016-08-30T21:45:19.589+0200: 29369.723: [GC cleanup 1920M->1792M(4096M), 0.0489630 secs]
 [Times: user=0.10 sys=0.01, real=0.05 secs] 
2016-08-30T21:45:19.642+0200: 29369.777: [GC concurrent-cleanup-start]
2016-08-30T21:45:19.643+0200: 29369.777: [GC concurrent-cleanup-end, 0.0004510 secs]
2016-08-30T21:45:35.553+0200: 29385.687: [GC pause (young), 0.1283020 secs]
   [Parallel Time: 122.5 ms, GC Workers: 2]
      [GC Worker Start (ms): Min: 29385688.5, Avg: 29385688.6, Max: 29385688.6, Diff: 0.1]
      [Ext Root Scanning (ms): Min: 49.7, Avg: 49.9, Max: 50.1, Diff: 0.4, Sum: 99.7]
      [Update RS (ms): Min: 26.1, Avg: 26.9, Max: 27.8, Diff: 1.6, Sum: 53.9]
         [Processed Buffers: Min: 228, Avg: 253.5, Max: 279, Diff: 51, Sum: 507]
      [Scan RS (ms): Min: 8.4, Avg: 8.6, Max: 8.8, Diff: 0.4, Sum: 17.2]
      [Code Root Scanning (ms): Min: 0.1, Avg: 0.1, Max: 0.1, Diff: 0.0, Sum: 0.1]
      [Object Copy (ms): Min: 36.5, Avg: 36.8, Max: 37.1, Diff: 0.7, Sum: 73.6]
      [Termination (ms): Min: 0.0, Avg: 0.0, Max: 0.0, Diff: 0.0, Sum: 0.0]
      [GC Worker Other (ms): Min: 0.1, Avg: 0.1, Max: 0.2, Diff: 0.1, Sum: 0.3]
      [GC Worker Total (ms): Min: 122.4, Avg: 122.4, Max: 122.5, Diff: 0.1, Sum: 244.8]
      [GC Worker End (ms): Min: 29385810.9, Avg: 29385811.0, Max: 29385811.0, Diff: 0.0]
   [Code Root Fixup: 0.5 ms]
   [Code Root Migration: 0.0 ms]
   [Clear CT: 0.6 ms]
   [Other: 4.6 ms]
      [Choose CSet: 0.0 ms]
      [Ref Proc: 1.8 ms]
      [Ref Enq: 0.1 ms]
      [Free CSet: 0.7 ms]
   [Eden: 176.0M(176.0M)->0.0B(192.0M) Survivors: 28.0M->12.0M Heap: 1948.0M(4096.0M)->1784.0M(4096.0M)]
 [Times: user=0.25 sys=0.00, real=0.13 secs] 
2016-08-30T21:45:46.172+0200: 29396.307: [GC pause (mixed), 0.1692950 secs]
   [Parallel Time: 162.3 ms, GC Workers: 2]
      [GC Worker Start (ms): Min: 29396308.8, Avg: 29396308.8, Max: 29396308.8, Diff: 0.0]
      [Ext Root Scanning (ms): Min: 51.0, Avg: 51.0, Max: 51.1, Diff: 0.1, Sum: 102.1]
      [Update RS (ms): Min: 33.7, Avg: 34.0, Max: 34.3, Diff: 0.6, Sum: 67.9]
         [Processed Buffers: Min: 349, Avg: 385.5, Max: 422, Diff: 73, Sum: 771]
      [Scan RS (ms): Min: 21.0, Avg: 21.5, Max: 22.0, Diff: 1.1, Sum: 43.0]
      [Code Root Scanning (ms): Min: 0.1, Avg: 0.2, Max: 0.2, Diff: 0.1, Sum: 0.3]
      [Object Copy (ms): Min: 55.3, Avg: 55.4, Max: 55.5, Diff: 0.2, Sum: 110.8]
      [Termination (ms): Min: 0.0, Avg: 0.0, Max: 0.0, Diff: 0.0, Sum: 0.0]
      [GC Worker Other (ms): Min: 0.1, Avg: 0.1, Max: 0.2, Diff: 0.1, Sum: 0.2]
      [GC Worker Total (ms): Min: 162.1, Avg: 162.2, Max: 162.2, Diff: 0.1, Sum: 324.3]
      [GC Worker End (ms): Min: 29396470.9, Avg: 29396470.9, Max: 29396471.0, Diff: 0.1]
   [Code Root Fixup: 0.3 ms]
   [Code Root Migration: 0.1 ms]
   [Clear CT: 0.7 ms]
   [Other: 5.9 ms]
      [Choose CSet: 0.3 ms]
      [Ref Proc: 1.1 ms]
      [Ref Enq: 0.2 ms]
      [Free CSet: 1.4 ms]
   [Eden: 192.0M(192.0M)->0.0B(178.0M) Survivors: 12.0M->26.0M Heap: 1976.0M(4096.0M)->1544.0M(4096.0M)]
 [Times: user=0.32 sys=0.00, real=0.17 secs] 
2016-08-30T21:46:05.564+0200: 29415.698: [GC pause (mixed), 0.2180850 secs]
   [Parallel Time: 210.8 ms, GC Workers: 2]
      [GC Worker Start (ms): Min: 29415705.3, Avg: 29415705.3, Max: 29415705.3, Diff: 0.0]
      [Ext Root Scanning (ms): Min: 51.1, Avg: 61.5, Max: 72.0, Diff: 20.9, Sum: 123.1]
      [Update RS (ms): Min: 14.4, Avg: 24.0, Max: 33.6, Diff: 19.2, Sum: 48.0]
         [Processed Buffers: Min: 147, Avg: 249.0, Max: 351, Diff: 204, Sum: 498]
      [Scan RS (ms): Min: 54.2, Avg: 54.4, Max: 54.5, Diff: 0.3, Sum: 108.8]
      [Code Root Scanning (ms): Min: 0.1, Avg: 0.1, Max: 0.2, Diff: 0.1, Sum: 0.3]
      [Object Copy (ms): Min: 64.4, Avg: 65.2, Max: 66.0, Diff: 1.6, Sum: 130.3]
      [Termination (ms): Min: 0.0, Avg: 0.0, Max: 0.0, Diff: 0.0, Sum: 0.0]
      [GC Worker Other (ms): Min: 0.0, Avg: 0.1, Max: 0.1, Diff: 0.0, Sum: 0.1]
      [GC Worker Total (ms): Min: 205.3, Avg: 205.3, Max: 205.3, Diff: 0.0, Sum: 410.6]
      [GC Worker End (ms): Min: 29415910.6, Avg: 29415910.6, Max: 29415910.6, Diff: 0.0]
   [Code Root Fixup: 0.4 ms]
   [Code Root Migration: 0.1 ms]
   [Clear CT: 0.6 ms]
   [Other: 6.3 ms]
      [Choose CSet: 0.5 ms]
      [Ref Proc: 1.5 ms]
      [Ref Enq: 0.1 ms]
      [Free CSet: 1.5 ms]
   [Eden: 178.0M(178.0M)->0.0B(192.0M) Survivors: 26.0M->12.0M Heap: 1722.0M(4096.0M)->1389.0M(4096.0M)]
 [Times: user=0.43 sys=0.00, real=0.21 secs] 
2016-08-30T21:46:17.416+0200: 29427.550: [GC pause (mixed), 0.2586540 secs]
   [Parallel Time: 250.9 ms, GC Workers: 2]
      [GC Worker Start (ms): Min: 29427553.2, Avg: 29427553.2, Max: 29427553.2, Diff: 0.0]
      [Ext Root Scanning (ms): Min: 55.6, Avg: 56.2, Max: 56.9, Diff: 1.3, Sum: 112.5]
      [Update RS (ms): Min: 34.8, Avg: 35.1, Max: 35.4, Diff: 0.6, Sum: 70.3]
         [Processed Buffers: Min: 370, Avg: 381.0, Max: 392, Diff: 22, Sum: 762]
      [Scan RS (ms): Min: 82.2, Avg: 82.3, Max: 82.4, Diff: 0.1, Sum: 164.6]
      [Code Root Scanning (ms): Min: 0.1, Avg: 0.2, Max: 0.4, Diff: 0.3, Sum: 0.5]
      [Object Copy (ms): Min: 75.7, Avg: 76.8, Max: 77.8, Diff: 2.1, Sum: 153.6]
      [Termination (ms): Min: 0.0, Avg: 0.0, Max: 0.0, Diff: 0.0, Sum: 0.0]
      [GC Worker Other (ms): Min: 0.0, Avg: 0.1, Max: 0.1, Diff: 0.1, Sum: 0.2]
      [GC Worker Total (ms): Min: 250.8, Avg: 250.8, Max: 250.8, Diff: 0.0, Sum: 501.6]
      [GC Worker End (ms): Min: 29427803.9, Avg: 29427804.0, Max: 29427804.0, Diff: 0.0]
   [Code Root Fixup: 0.3 ms]
   [Code Root Migration: 0.2 ms]
   [Clear CT: 0.6 ms]
   [Other: 6.6 ms]
      [Choose CSet: 1.0 ms]
      [Ref Proc: 0.8 ms]
      [Ref Enq: 0.1 ms]
      [Free CSet: 1.6 ms]
   [Eden: 192.0M(192.0M)->0.0B(178.0M) Survivors: 12.0M->26.0M Heap: 1581.0M(4096.0M)->1281.0M(4096.0M)]
 [Times: user=0.49 sys=0.00, real=0.25 secs] 
2016-08-30T21:46:33.400+0200: 29443.534: [GC pause (mixed), 0.2926710 secs]
   [Parallel Time: 282.3 ms, GC Workers: 2]
      [GC Worker Start (ms): Min: 29443537.7, Avg: 29443537.7, Max: 29443537.7, Diff: 0.0]
      [Ext Root Scanning (ms): Min: 51.6, Avg: 52.2, Max: 52.9, Diff: 1.3, Sum: 104.4]
      [Update RS (ms): Min: 23.1, Avg: 24.3, Max: 25.4, Diff: 2.3, Sum: 48.6]
         [Processed Buffers: Min: 252, Avg: 270.0, Max: 288, Diff: 36, Sum: 540]
      [Scan RS (ms): Min: 131.5, Avg: 132.7, Max: 133.9, Diff: 2.4, Sum: 265.3]
      [Code Root Scanning (ms): Min: 0.1, Avg: 0.7, Max: 1.3, Diff: 1.3, Sum: 1.4]
      [Object Copy (ms): Min: 72.1, Avg: 72.1, Max: 72.2, Diff: 0.1, Sum: 144.3]
      [Termination (ms): Min: 0.0, Avg: 0.0, Max: 0.0, Diff: 0.0, Sum: 0.0]
      [GC Worker Other (ms): Min: 0.0, Avg: 0.1, Max: 0.1, Diff: 0.1, Sum: 0.2]
      [GC Worker Total (ms): Min: 282.1, Avg: 282.1, Max: 282.1, Diff: 0.0, Sum: 564.2]
      [GC Worker End (ms): Min: 29443819.8, Avg: 29443819.8, Max: 29443819.8, Diff: 0.0]
   [Code Root Fixup: 0.7 ms]
   [Code Root Migration: 1.1 ms]
   [Clear CT: 0.6 ms]
   [Other: 8.0 ms]
      [Choose CSet: 1.9 ms]
      [Ref Proc: 1.0 ms]
      [Ref Enq: 0.1 ms]
      [Free CSet: 2.5 ms]
   [Eden: 178.0M(178.0M)->0.0B(186.0M) Survivors: 26.0M->18.0M Heap: 1459.0M(4096.0M)->1148.0M(4096.0M)]
 [Times: user=0.54 sys=0.00, real=0.29 secs] 
2016-08-30T21:46:44.305+0200: 29454.440: [GC pause (mixed), 0.1747890 secs]
   [Parallel Time: 167.1 ms, GC Workers: 2]
      [GC Worker Start (ms): Min: 29454441.7, Avg: 29454441.7, Max: 29454441.7, Diff: 0.0]
      [Ext Root Scanning (ms): Min: 53.3, Avg: 54.1, Max: 54.9, Diff: 1.6, Sum: 108.2]
      [Update RS (ms): Min: 33.5, Avg: 33.9, Max: 34.3, Diff: 0.9, Sum: 67.8]
         [Processed Buffers: Min: 311, Avg: 354.0, Max: 397, Diff: 86, Sum: 708]
      [Scan RS (ms): Min: 35.1, Avg: 35.6, Max: 36.1, Diff: 1.0, Sum: 71.2]
      [Code Root Scanning (ms): Min: 0.1, Avg: 0.3, Max: 0.4, Diff: 0.4, Sum: 0.5]
      [Object Copy (ms): Min: 43.0, Avg: 43.0, Max: 43.0, Diff: 0.0, Sum: 86.1]
      [Termination (ms): Min: 0.0, Avg: 0.0, Max: 0.0, Diff: 0.0, Sum: 0.0]
      [GC Worker Other (ms): Min: 0.1, Avg: 0.1, Max: 0.1, Diff: 0.1, Sum: 0.2]
      [GC Worker Total (ms): Min: 167.0, Avg: 167.0, Max: 167.0, Diff: 0.0, Sum: 334.0]
      [GC Worker End (ms): Min: 29454608.7, Avg: 29454608.7, Max: 29454608.7, Diff: 0.0]
   [Code Root Fixup: 0.6 ms]
   [Code Root Migration: 0.5 ms]
   [Clear CT: 0.8 ms]
   [Other: 5.9 ms]
      [Choose CSet: 0.5 ms]
      [Ref Proc: 1.5 ms]
      [Ref Enq: 0.1 ms]
      [Free CSet: 0.9 ms]
   [Eden: 186.0M(186.0M)->0.0B(178.0M) Survivors: 18.0M->26.0M Heap: 1334.0M(4096.0M)->1155.0M(4096.0M)]
 [Times: user=0.34 sys=0.00, real=0.18 secs] 
2016-08-30T21:46:57.555+0200: 29467.690: [GC pause (young), 0.1431990 secs]
   [Parallel Time: 137.3 ms, GC Workers: 2]
      [GC Worker Start (ms): Min: 29467690.8, Avg: 29467693.4, Max: 29467696.0, Diff: 5.2]
      [Ext Root Scanning (ms): Min: 53.1, Avg: 61.9, Max: 70.8, Diff: 17.8, Sum: 123.9]
      [Update RS (ms): Min: 17.5, Avg: 28.6, Max: 39.7, Diff: 22.2, Sum: 57.2]
         [Processed Buffers: Min: 150, Avg: 309.0, Max: 468, Diff: 318, Sum: 618]
      [Scan RS (ms): Min: 4.9, Avg: 5.3, Max: 5.7, Diff: 0.9, Sum: 10.6]
      [Code Root Scanning (ms): Min: 0.0, Avg: 0.1, Max: 0.1, Diff: 0.1, Sum: 0.1]
      [Object Copy (ms): Min: 38.4, Avg: 38.5, Max: 38.6, Diff: 0.2, Sum: 77.0]
      [Termination (ms): Min: 0.0, Avg: 0.1, Max: 0.1, Diff: 0.0, Sum: 0.1]
      [GC Worker Other (ms): Min: 0.1, Avg: 0.1, Max: 0.1, Diff: 0.1, Sum: 0.2]
      [GC Worker Total (ms): Min: 132.0, Avg: 134.6, Max: 137.1, Diff: 5.2, Sum: 269.1]
      [GC Worker End (ms): Min: 29467827.9, Avg: 29467827.9, Max: 29467828.0, Diff: 0.1]
   [Code Root Fixup: 0.5 ms]
   [Code Root Migration: 0.0 ms]
   [Clear CT: 0.4 ms]
   [Other: 4.9 ms]
      [Choose CSet: 0.0 ms]
      [Ref Proc: 1.8 ms]
      [Ref Enq: 0.1 ms]
      [Free CSet: 0.6 ms]
   [Eden: 178.0M(178.0M)->0.0B(188.0M) Survivors: 26.0M->16.0M Heap: 1333.0M(4096.0M)->1171.0M(4096.0M)]
 [Times: user=0.27 sys=0.00, real=0.14 secs] 
2016-08-30T21:47:12.037+0200: 29482.171: [GC pause (young), 0.1289470 secs]
   [Parallel Time: 122.7 ms, GC Workers: 2]
      [GC Worker Start (ms): Min: 29482173.1, Avg: 29482173.2, Max: 29482173.2, Diff: 0.0]
      [Ext Root Scanning (ms): Min: 50.7, Avg: 51.1, Max: 51.4, Diff: 0.8, Sum: 102.1]
      [Update RS (ms): Min: 32.0, Avg: 32.5, Max: 32.9, Diff: 0.9, Sum: 64.9]
         [Processed Buffers: Min: 312, Avg: 328.0, Max: 344, Diff: 32, Sum: 656]
      [Scan RS (ms): Min: 5.8, Avg: 5.9, Max: 5.9, Diff: 0.0, Sum: 11.7]
      [Code Root Scanning (ms): Min: 0.0, Avg: 0.1, Max: 0.1, Diff: 0.0, Sum: 0.1]
      [Object Copy (ms): Min: 32.9, Avg: 33.0, Max: 33.0, Diff: 0.0, Sum: 65.9]
      [Termination (ms): Min: 0.0, Avg: 0.0, Max: 0.0, Diff: 0.0, Sum: 0.0]
      [GC Worker Other (ms): Min: 0.1, Avg: 0.1, Max: 0.2, Diff: 0.1, Sum: 0.2]
      [GC Worker Total (ms): Min: 122.5, Avg: 122.5, Max: 122.6, Diff: 0.0, Sum: 245.1]
      [GC Worker End (ms): Min: 29482295.7, Avg: 29482295.7, Max: 29482295.7, Diff: 0.0]
   [Code Root Fixup: 0.5 ms]
   [Code Root Migration: 0.0 ms]
   [Clear CT: 0.4 ms]
   [Other: 5.3 ms]
      [Choose CSet: 0.0 ms]
      [Ref Proc: 1.5 ms]
      [Ref Enq: 0.2 ms]
      [Free CSet: 0.7 ms]
   [Eden: 188.0M(188.0M)->0.0B(180.0M) Survivors: 16.0M->24.0M Heap: 1359.0M(4096.0M)->1190.0M(4096.0M)]
 [Times: user=0.25 sys=0.00, real=0.13 secs] 
2016-08-30T21:47:26.712+0200: 29496.846: [GC pause (young), 0.1110110 secs]
   [Parallel Time: 105.4 ms, GC Workers: 2]
      [GC Worker Start (ms): Min: 29496847.3, Avg: 29496847.3, Max: 29496847.3, Diff: 0.0]
      [Ext Root Scanning (ms): Min: 48.1, Avg: 49.0, Max: 49.9, Diff: 1.8, Sum: 98.0]
      [Update RS (ms): Min: 22.9, Avg: 24.5, Max: 26.0, Diff: 3.1, Sum: 49.0]
         [Processed Buffers: Min: 223, Avg: 248.0, Max: 273, Diff: 50, Sum: 496]
      [Scan RS (ms): Min: 7.2, Avg: 7.4, Max: 7.5, Diff: 0.3, Sum: 14.7]
      [Code Root Scanning (ms): Min: 0.1, Avg: 0.1, Max: 0.1, Diff: 0.0, Sum: 0.1]
      [Object Copy (ms): Min: 23.8, Avg: 24.3, Max: 24.8, Diff: 1.0, Sum: 48.6]
      [Termination (ms): Min: 0.0, Avg: 0.0, Max: 0.0, Diff: 0.0, Sum: 0.0]
      [GC Worker Other (ms): Min: 0.1, Avg: 0.1, Max: 0.1, Diff: 0.0, Sum: 0.1]
      [GC Worker Total (ms): Min: 105.3, Avg: 105.3, Max: 105.3, Diff: 0.0, Sum: 210.6]
      [GC Worker End (ms): Min: 29496952.6, Avg: 29496952.6, Max: 29496952.6, Diff: 0.0]
   [Code Root Fixup: 0.4 ms]
   [Code Root Migration: 0.0 ms]
   [Clear CT: 0.6 ms]
   [Other: 4.5 ms]
      [Choose CSet: 0.0 ms]
      [Ref Proc: 1.7 ms]
      [Ref Enq: 0.2 ms]
      [Free CSet: 0.7 ms]
   [Eden: 180.0M(180.0M)->0.0B(188.0M) Survivors: 24.0M->16.0M Heap: 1370.0M(4096.0M)->1187.0M(4096.0M)]
 [Times: user=0.22 sys=0.00, real=0.11 secs] 
2016-08-30T21:47:40.877+0200: 29511.012: [GC pause (young), 0.1216260 secs]
   [Parallel Time: 115.2 ms, GC Workers: 2]
      [GC Worker Start (ms): Min: 29511013.2, Avg: 29511013.2, Max: 29511013.2, Diff: 0.0]
      [Ext Root Scanning (ms): Min: 49.9, Avg: 50.7, Max: 51.5, Diff: 1.5, Sum: 101.4]
      [Update RS (ms): Min: 25.8, Avg: 27.3, Max: 28.7, Diff: 2.8, Sum: 54.5]
         [Processed Buffers: Min: 272, Avg: 280.5, Max: 289, Diff: 17, Sum: 561]
      [Scan RS (ms): Min: 5.8, Avg: 6.1, Max: 6.5, Diff: 0.7, Sum: 12.3]
      [Code Root Scanning (ms): Min: 0.1, Avg: 0.1, Max: 0.1, Diff: 0.0, Sum: 0.1]
      [Object Copy (ms): Min: 30.6, Avg: 30.8, Max: 31.1, Diff: 0.5, Sum: 61.7]
      [Termination (ms): Min: 0.0, Avg: 0.0, Max: 0.0, Diff: 0.0, Sum: 0.0]
      [GC Worker Other (ms): Min: 0.1, Avg: 0.1, Max: 0.1, Diff: 0.1, Sum: 0.2]
      [GC Worker Total (ms): Min: 115.1, Avg: 115.1, Max: 115.1, Diff: 0.0, Sum: 230.2]
      [GC Worker End (ms): Min: 29511128.3, Avg: 29511128.3, Max: 29511128.3, Diff: 0.0]
   [Code Root Fixup: 0.5 ms]
   [Code Root Migration: 0.0 ms]
   [Clear CT: 0.4 ms]
   [Other: 5.5 ms]
      [Choose CSet: 0.0 ms]
      [Ref Proc: 2.2 ms]
      [Ref Enq: 0.1 ms]
      [Free CSet: 0.7 ms]
   [Eden: 188.0M(188.0M)->0.0B(178.0M) Survivors: 16.0M->26.0M Heap: 1375.0M(4096.0M)->1199.0M(4096.0M)]
 [Times: user=0.24 sys=0.00, real=0.13 secs] 
2016-08-30T21:47:48.617+0200: 29518.752: [GC pause (young), 0.0998170 secs]
   [Parallel Time: 96.5 ms, GC Workers: 2]
      [GC Worker Start (ms): Min: 29518752.6, Avg: 29518752.7, Max: 29518752.7, Diff: 0.0]
      [Ext Root Scanning (ms): Min: 36.9, Avg: 43.9, Max: 50.9, Diff: 14.0, Sum: 87.8]
      [Update RS (ms): Min: 19.6, Avg: 26.4, Max: 33.2, Diff: 13.6, Sum: 52.7]
         [Processed Buffers: Min: 318, Avg: 369.0, Max: 420, Diff: 102, Sum: 738]
      [Scan RS (ms): Min: 3.6, Avg: 3.7, Max: 3.9, Diff: 0.3, Sum: 7.5]
      [Code Root Scanning (ms): Min: 0.0, Avg: 0.0, Max: 0.1, Diff: 0.1, Sum: 0.1]
      [Object Copy (ms): Min: 22.1, Avg: 22.5, Max: 22.8, Diff: 0.7, Sum: 44.9]
      [Termination (ms): Min: 0.0, Avg: 0.0, Max: 0.0, Diff: 0.0, Sum: 0.0]
      [GC Worker Other (ms): Min: 0.0, Avg: 0.0, Max: 0.0, Diff: 0.0, Sum: 0.1]
      [GC Worker Total (ms): Min: 96.5, Avg: 96.5, Max: 96.5, Diff: 0.0, Sum: 193.0]
      [GC Worker End (ms): Min: 29518849.2, Avg: 29518849.2, Max: 29518849.2, Diff: 0.0]
   [Code Root Fixup: 0.3 ms]
   [Code Root Migration: 0.0 ms]
   [Clear CT: 0.2 ms]
   [Other: 2.8 ms]
      [Choose CSet: 0.0 ms]
      [Ref Proc: 0.6 ms]
      [Ref Enq: 0.1 ms]
      [Free CSet: 0.3 ms]
   [Eden: 178.0M(178.0M)->0.0B(344.0M) Survivors: 26.0M->26.0M Heap: 1377.0M(4096.0M)->1234.8M(4096.0M)]
 [Times: user=0.13 sys=0.00, real=0.10 secs] 
2016-08-30T21:48:15.587+0200: 29545.721: [GC pause (young), 0.1654830 secs]
   [Parallel Time: 156.5 ms, GC Workers: 2]
      [GC Worker Start (ms): Min: 29545722.7, Avg: 29545723.9, Max: 29545725.1, Diff: 2.4]
      [Ext Root Scanning (ms): Min: 48.6, Avg: 50.1, Max: 51.5, Diff: 2.9, Sum: 100.1]
      [Update RS (ms): Min: 39.7, Avg: 40.5, Max: 41.3, Diff: 1.6, Sum: 81.1]
         [Processed Buffers: Min: 384, Avg: 405.5, Max: 427, Diff: 43, Sum: 811]
      [Scan RS (ms): Min: 8.0, Avg: 8.3, Max: 8.7, Diff: 0.7, Sum: 16.6]
      [Code Root Scanning (ms): Min: 0.1, Avg: 0.1, Max: 0.2, Diff: 0.1, Sum: 0.2]
      [Object Copy (ms): Min: 55.8, Avg: 56.0, Max: 56.2, Diff: 0.4, Sum: 112.1]
      [Termination (ms): Min: 0.0, Avg: 0.0, Max: 0.0, Diff: 0.0, Sum: 0.0]
      [GC Worker Other (ms): Min: 0.2, Avg: 0.2, Max: 0.2, Diff: 0.1, Sum: 0.4]
      [GC Worker Total (ms): Min: 154.1, Avg: 155.2, Max: 156.4, Diff: 2.4, Sum: 310.5]
      [GC Worker End (ms): Min: 29545879.1, Avg: 29545879.1, Max: 29545879.1, Diff: 0.0]
   [Code Root Fixup: 0.6 ms]
   [Code Root Migration: 0.1 ms]
   [Clear CT: 0.5 ms]
   [Other: 7.8 ms]
      [Choose CSet: 0.0 ms]
      [Ref Proc: 3.3 ms]
      [Ref Enq: 0.3 ms]
      [Free CSet: 1.1 ms]
   [Eden: 344.0M(344.0M)->0.0B(156.0M) Survivors: 26.0M->48.0M Heap: 1578.8M(4096.0M)->1285.0M(4096.0M)]
 [Times: user=0.32 sys=0.00, real=0.16 secs] 
2016-08-30T21:48:32.394+0200: 29562.529: [GC pause (young), 0.1245370 secs]
   [Parallel Time: 114.2 ms, GC Workers: 2]
      [GC Worker Start (ms): Min: 29562529.7, Avg: 29562529.7, Max: 29562529.7, Diff: 0.0]
      [Ext Root Scanning (ms): Min: 47.3, Avg: 47.7, Max: 48.1, Diff: 0.8, Sum: 95.4]
      [Update RS (ms): Min: 24.5, Avg: 24.5, Max: 24.6, Diff: 0.0, Sum: 49.1]
         [Processed Buffers: Min: 235, Avg: 242.0, Max: 249, Diff: 14, Sum: 484]
      [Scan RS (ms): Min: 9.4, Avg: 9.5, Max: 9.5, Diff: 0.1, Sum: 18.9]
      [Code Root Scanning (ms): Min: 0.1, Avg: 0.1, Max: 0.1, Diff: 0.0, Sum: 0.2]
      [Object Copy (ms): Min: 32.0, Avg: 32.3, Max: 32.7, Diff: 0.7, Sum: 64.6]
      [Termination (ms): Min: 0.0, Avg: 0.0, Max: 0.0, Diff: 0.0, Sum: 0.0]
      [GC Worker Other (ms): Min: 0.1, Avg: 0.1, Max: 0.1, Diff: 0.0, Sum: 0.1]
      [GC Worker Total (ms): Min: 114.2, Avg: 114.2, Max: 114.2, Diff: 0.0, Sum: 228.3]
      [GC Worker End (ms): Min: 29562643.8, Avg: 29562643.8, Max: 29562643.8, Diff: 0.0]
   [Code Root Fixup: 0.5 ms]
   [Code Root Migration: 0.0 ms]
   [Clear CT: 0.8 ms]
   [Other: 8.9 ms]
      [Choose CSet: 0.0 ms]
      [Ref Proc: 6.2 ms]
      [Ref Enq: 0.1 ms]
      [Free CSet: 0.6 ms]
   [Eden: 156.0M(156.0M)->0.0B(628.0M) Survivors: 48.0M->10.0M Heap: 1441.0M(4096.0M)->1262.0M(4096.0M)]
 [Times: user=0.23 sys=0.00, real=0.13 secs] 
2016-08-30T21:49:26.030+0200: 29616.164: [GC pause (young), 0.1708210 secs]
   [Parallel Time: 159.9 ms, GC Workers: 2]
      [GC Worker Start (ms): Min: 29616165.4, Avg: 29616165.4, Max: 29616165.4, Diff: 0.0]
      [Ext Root Scanning (ms): Min: 50.6, Avg: 51.9, Max: 53.3, Diff: 2.8, Sum: 103.9]
      [Update RS (ms): Min: 47.2, Avg: 48.1, Max: 48.9, Diff: 1.7, Sum: 96.2]
         [Processed Buffers: Min: 223, Avg: 263.5, Max: 304, Diff: 81, Sum: 527]
      [Scan RS (ms): Min: 11.5, Avg: 12.0, Max: 12.4, Diff: 0.9, Sum: 23.9]
      [Code Root Scanning (ms): Min: 0.3, Avg: 0.3, Max: 0.3, Diff: 0.0, Sum: 0.5]
      [Object Copy (ms): Min: 47.3, Avg: 47.5, Max: 47.6, Diff: 0.2, Sum: 94.9]
      [Termination (ms): Min: 0.0, Avg: 0.0, Max: 0.0, Diff: 0.0, Sum: 0.0]
      [GC Worker Other (ms): Min: 0.0, Avg: 0.1, Max: 0.1, Diff: 0.1, Sum: 0.2]
      [GC Worker Total (ms): Min: 159.8, Avg: 159.8, Max: 159.8, Diff: 0.0, Sum: 319.6]
      [GC Worker End (ms): Min: 29616325.2, Avg: 29616325.2, Max: 29616325.2, Diff: 0.0]
   [Code Root Fixup: 0.5 ms]
   [Code Root Migration: 0.1 ms]
   [Clear CT: 0.7 ms]
   [Other: 9.7 ms]
      [Choose CSet: 0.0 ms]
      [Ref Proc: 5.1 ms]
      [Ref Enq: 0.5 ms]
      [Free CSet: 1.6 ms]
   [Eden: 628.0M(628.0M)->0.0B(306.0M) Survivors: 10.0M->36.0M Heap: 1890.0M(4096.0M)->1289.0M(4096.0M)]
 [Times: user=0.33 sys=0.00, real=0.17 secs] 
2016-08-30T21:49:48.220+0200: 29638.355: [GC pause (young), 0.2842630 secs]
   [Parallel Time: 279.2 ms, GC Workers: 2]
      [GC Worker Start (ms): Min: 29638355.8, Avg: 29638355.8, Max: 29638355.8, Diff: 0.0]
      [Ext Root Scanning (ms): Min: 72.8, Avg: 77.6, Max: 82.3, Diff: 9.5, Sum: 155.1]
      [Update RS (ms): Min: 54.7, Avg: 59.7, Max: 64.8, Diff: 10.0, Sum: 119.5]
         [Processed Buffers: Min: 261, Avg: 389.5, Max: 518, Diff: 257, Sum: 779]
      [Scan RS (ms): Min: 20.8, Avg: 22.7, Max: 24.5, Diff: 3.7, Sum: 45.3]
      [Code Root Scanning (ms): Min: 0.0, Avg: 0.1, Max: 0.1, Diff: 0.1, Sum: 0.1]
      [Object Copy (ms): Min: 106.6, Avg: 108.7, Max: 110.9, Diff: 4.3, Sum: 217.5]
      [Termination (ms): Min: 0.0, Avg: 4.4, Max: 8.9, Diff: 8.9, Sum: 8.9]
      [GC Worker Other (ms): Min: 0.1, Avg: 0.1, Max: 0.1, Diff: 0.0, Sum: 0.2]
      [GC Worker Total (ms): Min: 269.4, Avg: 273.3, Max: 277.1, Diff: 7.7, Sum: 546.6]
      [GC Worker End (ms): Min: 29638625.2, Avg: 29638629.1, Max: 29638633.0, Diff: 7.7]
   [Code Root Fixup: 0.2 ms]
   [Code Root Migration: 0.0 ms]
   [Clear CT: 0.5 ms]
   [Other: 4.3 ms]
      [Choose CSet: 0.0 ms]
      [Ref Proc: 1.6 ms]
      [Ref Enq: 0.1 ms]
      [Free CSet: 0.6 ms]
   [Eden: 306.0M(306.0M)->0.0B(164.0M) Survivors: 36.0M->40.0M Heap: 1595.0M(4096.0M)->1317.0M(4096.0M)]
 [Times: user=0.18 sys=0.00, real=0.28 secs] 
2016-08-30T21:50:02.617+0200: 29652.752: [GC pause (young), 0.1197700 secs]
   [Parallel Time: 114.2 ms, GC Workers: 2]
      [GC Worker Start (ms): Min: 29652752.7, Avg: 29652754.0, Max: 29652755.3, Diff: 2.5]
      [Ext Root Scanning (ms): Min: 47.8, Avg: 48.4, Max: 49.1, Diff: 1.4, Sum: 96.9]
      [Update RS (ms): Min: 25.4, Avg: 25.7, Max: 26.0, Diff: 0.6, Sum: 51.3]
         [Processed Buffers: Min: 218, Avg: 255.0, Max: 292, Diff: 74, Sum: 510]
      [Scan RS (ms): Min: 8.8, Avg: 8.9, Max: 9.1, Diff: 0.3, Sum: 17.9]
      [Code Root Scanning (ms): Min: 0.1, Avg: 0.1, Max: 0.1, Diff: 0.0, Sum: 0.1]
      [Object Copy (ms): Min: 28.8, Avg: 29.6, Max: 30.4, Diff: 1.5, Sum: 59.2]
      [Termination (ms): Min: 0.0, Avg: 0.0, Max: 0.0, Diff: 0.0, Sum: 0.0]
      [GC Worker Other (ms): Min: 0.1, Avg: 0.1, Max: 0.1, Diff: 0.0, Sum: 0.1]
      [GC Worker Total (ms): Min: 111.5, Avg: 112.8, Max: 114.1, Diff: 2.5, Sum: 225.6]
      [GC Worker End (ms): Min: 29652866.8, Avg: 29652866.8, Max: 29652866.8, Diff: 0.0]
   [Code Root Fixup: 0.5 ms]
   [Code Root Migration: 0.0 ms]
   [Clear CT: 0.5 ms]
   [Other: 4.6 ms]
      [Choose CSet: 0.0 ms]
      [Ref Proc: 1.7 ms]
      [Ref Enq: 0.1 ms]
      [Free CSet: 0.6 ms]
   [Eden: 164.0M(164.0M)->0.0B(274.0M) Survivors: 40.0M->12.0M Heap: 1481.0M(4096.0M)->1304.0M(4096.0M)]
 [Times: user=0.23 sys=0.00, real=0.12 secs] 
2016-08-30T21:50:22.290+0200: 29672.425: [GC pause (young), 0.1841140 secs]
   [Parallel Time: 178.2 ms, GC Workers: 2]
      [GC Worker Start (ms): Min: 29672426.1, Avg: 29672426.2, Max: 29672426.2, Diff: 0.0]
      [Ext Root Scanning (ms): Min: 64.7, Avg: 77.0, Max: 89.3, Diff: 24.6, Sum: 154.1]
      [Update RS (ms): Min: 37.1, Avg: 49.4, Max: 61.7, Diff: 24.6, Sum: 98.8]
         [Processed Buffers: Min: 122, Avg: 295.5, Max: 469, Diff: 347, Sum: 591]
      [Scan RS (ms): Min: 6.2, Avg: 6.8, Max: 7.4, Diff: 1.2, Sum: 13.6]
      [Code Root Scanning (ms): Min: 0.1, Avg: 0.1, Max: 0.1, Diff: 0.0, Sum: 0.2]
      [Object Copy (ms): Min: 43.8, Avg: 44.5, Max: 45.1, Diff: 1.4, Sum: 88.9]
      [Termination (ms): Min: 0.0, Avg: 0.0, Max: 0.0, Diff: 0.0, Sum: 0.0]
      [GC Worker Other (ms): Min: 0.2, Avg: 0.2, Max: 0.3, Diff: 0.1, Sum: 0.4]
      [GC Worker Total (ms): Min: 177.9, Avg: 178.0, Max: 178.1, Diff: 0.2, Sum: 356.1]
      [GC Worker End (ms): Min: 29672604.1, Avg: 29672604.2, Max: 29672604.3, Diff: 0.2]
   [Code Root Fixup: 0.3 ms]
   [Code Root Migration: 0.0 ms]
   [Clear CT: 0.4 ms]
   [Other: 5.2 ms]
      [Choose CSet: 0.0 ms]
      [Ref Proc: 1.8 ms]
      [Ref Enq: 0.3 ms]
      [Free CSet: 0.8 ms]
   [Eden: 274.0M(274.0M)->0.0B(168.0M) Survivors: 12.0M->36.0M Heap: 1578.0M(4096.0M)->1342.0M(4096.0M)]
 [Times: user=0.28 sys=0.00, real=0.19 secs] 
2016-08-30T21:50:36.267+0200: 29686.401: [GC pause (young), 0.2289940 secs]
   [Parallel Time: 220.2 ms, GC Workers: 2]
      [GC Worker Start (ms): Min: 29686402.2, Avg: 29686403.6, Max: 29686405.0, Diff: 2.8]
      [Ext Root Scanning (ms): Min: 97.8, Avg: 98.5, Max: 99.2, Diff: 1.4, Sum: 197.0]
      [Update RS (ms): Min: 58.2, Avg: 63.3, Max: 68.5, Diff: 10.3, Sum: 126.6]
         [Processed Buffers: Min: 278, Avg: 286.0, Max: 294, Diff: 16, Sum: 572]
      [Scan RS (ms): Min: 10.6, Avg: 12.5, Max: 14.3, Diff: 3.7, Sum: 24.9]
      [Code Root Scanning (ms): Min: 0.1, Avg: 0.1, Max: 0.1, Diff: 0.0, Sum: 0.1]
      [Object Copy (ms): Min: 41.6, Avg: 44.3, Max: 46.9, Diff: 5.3, Sum: 88.6]
      [Termination (ms): Min: 0.0, Avg: 0.0, Max: 0.0, Diff: 0.0, Sum: 0.0]
      [GC Worker Other (ms): Min: 0.0, Avg: 0.1, Max: 0.1, Diff: 0.1, Sum: 0.2]
      [GC Worker Total (ms): Min: 217.3, Avg: 218.7, Max: 220.1, Diff: 2.8, Sum: 437.5]
      [GC Worker End (ms): Min: 29686622.3, Avg: 29686622.3, Max: 29686622.3, Diff: 0.0]
   [Code Root Fixup: 0.2 ms]
   [Code Root Migration: 0.0 ms]
   [Clear CT: 0.4 ms]
   [Other: 8.1 ms]
      [Choose CSet: 0.0 ms]
      [Ref Proc: 5.6 ms]
      [Ref Enq: 0.1 ms]
      [Free CSet: 0.5 ms]
   [Eden: 168.0M(168.0M)->0.0B(188.0M) Survivors: 36.0M->16.0M Heap: 1510.0M(4096.0M)->1343.0M(4096.0M)]
 [Times: user=0.25 sys=0.00, real=0.23 secs] 
2016-08-30T21:50:46.643+0200: 29696.778: [GC pause (young), 0.1879500 secs]
   [Parallel Time: 175.4 ms, GC Workers: 2]
      [GC Worker Start (ms): Min: 29696779.4, Avg: 29696779.4, Max: 29696779.5, Diff: 0.0]
      [Ext Root Scanning (ms): Min: 55.3, Avg: 66.0, Max: 76.8, Diff: 21.6, Sum: 132.1]
      [Update RS (ms): Min: 36.6, Avg: 46.1, Max: 55.7, Diff: 19.0, Sum: 92.3]
         [Processed Buffers: Min: 150, Avg: 383.5, Max: 617, Diff: 467, Sum: 767]
      [Scan RS (ms): Min: 3.4, Avg: 4.7, Max: 6.0, Diff: 2.6, Sum: 9.3]
      [Code Root Scanning (ms): Min: 0.0, Avg: 0.1, Max: 0.1, Diff: 0.1, Sum: 0.1]
      [Object Copy (ms): Min: 58.2, Avg: 58.3, Max: 58.4, Diff: 0.1, Sum: 116.6]
      [Termination (ms): Min: 0.0, Avg: 0.0, Max: 0.0, Diff: 0.0, Sum: 0.0]
      [GC Worker Other (ms): Min: 0.0, Avg: 0.1, Max: 0.1, Diff: 0.0, Sum: 0.1]
      [GC Worker Total (ms): Min: 175.3, Avg: 175.3, Max: 175.3, Diff: 0.0, Sum: 350.6]
      [GC Worker End (ms): Min: 29696954.7, Avg: 29696954.7, Max: 29696954.7, Diff: 0.0]
   [Code Root Fixup: 0.6 ms]
   [Code Root Migration: 0.0 ms]
   [Clear CT: 2.8 ms]
   [Other: 9.1 ms]
      [Choose CSet: 0.0 ms]
      [Ref Proc: 5.3 ms]
      [Ref Enq: 0.2 ms]
      [Free CSet: 0.5 ms]
   [Eden: 188.0M(188.0M)->0.0B(178.0M) Survivors: 16.0M->26.0M Heap: 1531.0M(4096.0M)->1379.0M(4096.0M)]
 [Times: user=0.27 sys=0.01, real=0.19 secs] 
2016-08-30T21:51:03.913+0200: 29714.048: [GC pause (young), 0.1171860 secs]
   [Parallel Time: 111.5 ms, GC Workers: 2]
      [GC Worker Start (ms): Min: 29714049.1, Avg: 29714049.2, Max: 29714049.2, Diff: 0.0]
      [Ext Root Scanning (ms): Min: 47.8, Avg: 48.4, Max: 49.1, Diff: 1.4, Sum: 96.9]
      [Update RS (ms): Min: 27.0, Avg: 27.1, Max: 27.1, Diff: 0.1, Sum: 54.1]
         [Processed Buffers: Min: 262, Avg: 272.5, Max: 283, Diff: 21, Sum: 545]
      [Scan RS (ms): Min: 6.1, Avg: 6.2, Max: 6.3, Diff: 0.2, Sum: 12.3]
      [Code Root Scanning (ms): Min: 0.1, Avg: 0.1, Max: 0.1, Diff: 0.0, Sum: 0.1]
      [Object Copy (ms): Min: 29.2, Avg: 29.7, Max: 30.2, Diff: 1.0, Sum: 59.3]
      [Termination (ms): Min: 0.0, Avg: 0.0, Max: 0.0, Diff: 0.0, Sum: 0.0]
      [GC Worker Other (ms): Min: 0.1, Avg: 0.1, Max: 0.1, Diff: 0.0, Sum: 0.1]
      [GC Worker Total (ms): Min: 111.4, Avg: 111.4, Max: 111.5, Diff: 0.0, Sum: 222.9]
      [GC Worker End (ms): Min: 29714160.6, Avg: 29714160.6, Max: 29714160.6, Diff: 0.0]
   [Code Root Fixup: 0.4 ms]
   [Code Root Migration: 0.0 ms]
   [Clear CT: 0.4 ms]
   [Other: 4.7 ms]
      [Choose CSet: 0.0 ms]
      [Ref Proc: 1.7 ms]
      [Ref Enq: 0.1 ms]
      [Free CSet: 0.7 ms]
   [Eden: 178.0M(178.0M)->0.0B(274.0M) Survivors: 26.0M->10.0M Heap: 1557.0M(4096.0M)->1387.0M(4096.0M)]
 [Times: user=0.22 sys=0.00, real=0.12 secs] 
2016-08-30T21:51:20.261+0200: 29730.396: [GC pause (young), 0.1451040 secs]
   [Parallel Time: 137.5 ms, GC Workers: 2]
      [GC Worker Start (ms): Min: 29730397.2, Avg: 29730397.2, Max: 29730397.2, Diff: 0.0]
      [Ext Root Scanning (ms): Min: 49.9, Avg: 49.9, Max: 49.9, Diff: 0.0, Sum: 99.8]
      [Update RS (ms): Min: 37.2, Avg: 37.5, Max: 37.7, Diff: 0.5, Sum: 75.0]
         [Processed Buffers: Min: 378, Avg: 381.5, Max: 385, Diff: 7, Sum: 763]
      [Scan RS (ms): Min: 5.8, Avg: 6.1, Max: 6.4, Diff: 0.5, Sum: 12.2]
      [Code Root Scanning (ms): Min: 0.1, Avg: 0.1, Max: 0.1, Diff: 0.1, Sum: 0.2]
      [Object Copy (ms): Min: 43.2, Avg: 43.7, Max: 44.2, Diff: 1.1, Sum: 87.4]
      [Termination (ms): Min: 0.0, Avg: 0.0, Max: 0.0, Diff: 0.0, Sum: 0.0]
      [GC Worker Other (ms): Min: 0.1, Avg: 0.1, Max: 0.1, Diff: 0.0, Sum: 0.2]
      [GC Worker Total (ms): Min: 137.4, Avg: 137.4, Max: 137.4, Diff: 0.0, Sum: 274.7]
      [GC Worker End (ms): Min: 29730534.6, Avg: 29730534.6, Max: 29730534.6, Diff: 0.0]
   [Code Root Fixup: 0.4 ms]
   [Code Root Migration: 0.0 ms]
   [Clear CT: 0.5 ms]
   [Other: 6.7 ms]
      [Choose CSet: 0.0 ms]
      [Ref Proc: 2.6 ms]
      [Ref Enq: 0.3 ms]
      [Free CSet: 0.8 ms]
   [Eden: 274.0M(274.0M)->0.0B(168.0M) Survivors: 10.0M->36.0M Heap: 1661.0M(4096.0M)->1426.0M(4096.0M)]
 [Times: user=0.29 sys=0.00, real=0.15 secs] 
2016-08-30T21:51:32.934+0200: 29743.069: [GC pause (young), 0.1311110 secs]
   [Parallel Time: 125.2 ms, GC Workers: 2]
      [GC Worker Start (ms): Min: 29743070.1, Avg: 29743070.1, Max: 29743070.1, Diff: 0.1]
      [Ext Root Scanning (ms): Min: 49.4, Avg: 49.5, Max: 49.5, Diff: 0.2, Sum: 98.9]
      [Update RS (ms): Min: 23.3, Avg: 24.0, Max: 24.7, Diff: 1.4, Sum: 48.1]
         [Processed Buffers: Min: 259, Avg: 276.5, Max: 294, Diff: 35, Sum: 553]
      [Scan RS (ms): Min: 8.8, Avg: 9.5, Max: 10.2, Diff: 1.5, Sum: 19.0]
      [Code Root Scanning (ms): Min: 0.0, Avg: 0.1, Max: 0.1, Diff: 0.1, Sum: 0.1]
      [Object Copy (ms): Min: 41.7, Avg: 41.9, Max: 42.1, Diff: 0.3, Sum: 83.8]
      [Termination (ms): Min: 0.0, Avg: 0.0, Max: 0.0, Diff: 0.0, Sum: 0.0]
      [GC Worker Other (ms): Min: 0.1, Avg: 0.1, Max: 0.2, Diff: 0.1, Sum: 0.3]
      [GC Worker Total (ms): Min: 125.1, Avg: 125.1, Max: 125.1, Diff: 0.1, Sum: 250.2]
      [GC Worker End (ms): Min: 29743195.2, Avg: 29743195.2, Max: 29743195.2, Diff: 0.0]
   [Code Root Fixup: 0.4 ms]
   [Code Root Migration: 0.0 ms]
   [Clear CT: 0.5 ms]
   [Other: 4.9 ms]
      [Choose CSet: 0.0 ms]
      [Ref Proc: 1.6 ms]
      [Ref Enq: 0.1 ms]
      [Free CSet: 0.6 ms]
   [Eden: 168.0M(168.0M)->0.0B(426.0M) Survivors: 36.0M->16.0M Heap: 1594.0M(4096.0M)->1442.0M(4096.0M)]
 [Times: user=0.25 sys=0.00, real=0.13 secs] 
2016-08-30T21:52:07.808+0200: 29777.943: [GC pause (young), 0.1434970 secs]
   [Parallel Time: 133.8 ms, GC Workers: 2]
      [GC Worker Start (ms): Min: 29777944.1, Avg: 29777944.1, Max: 29777944.1, Diff: 0.0]
      [Ext Root Scanning (ms): Min: 49.9, Avg: 50.3, Max: 50.7, Diff: 0.9, Sum: 100.6]
      [Update RS (ms): Min: 41.3, Avg: 41.6, Max: 42.0, Diff: 0.6, Sum: 83.3]
         [Processed Buffers: Min: 264, Avg: 269.0, Max: 274, Diff: 10, Sum: 538]
      [Scan RS (ms): Min: 8.9, Avg: 9.0, Max: 9.1, Diff: 0.1, Sum: 18.0]
      [Code Root Scanning (ms): Min: 0.1, Avg: 0.1, Max: 0.2, Diff: 0.1, Sum: 0.3]
      [Object Copy (ms): Min: 32.4, Avg: 32.5, Max: 32.6, Diff: 0.2, Sum: 65.0]
      [Termination (ms): Min: 0.0, Avg: 0.0, Max: 0.0, Diff: 0.0, Sum: 0.0]
      [GC Worker Other (ms): Min: 0.1, Avg: 0.1, Max: 0.2, Diff: 0.2, Sum: 0.3]
      [GC Worker Total (ms): Min: 133.7, Avg: 133.7, Max: 133.8, Diff: 0.0, Sum: 267.5]
      [GC Worker End (ms): Min: 29778077.9, Avg: 29778077.9, Max: 29778077.9, Diff: 0.0]
   [Code Root Fixup: 0.4 ms]
   [Code Root Migration: 0.1 ms]
   [Clear CT: 0.6 ms]
   [Other: 8.6 ms]
      [Choose CSet: 0.0 ms]
      [Ref Proc: 4.5 ms]
      [Ref Enq: 0.3 ms]
      [Free CSet: 1.6 ms]
   [Eden: 426.0M(426.0M)->0.0B(416.0M) Survivors: 16.0M->26.0M Heap: 1868.0M(4096.0M)->1452.0M(4096.0M)]
 [Times: user=0.28 sys=0.00, real=0.15 secs] 
2016-08-30T21:52:27.239+0200: 29797.373: [GC pause (young), 0.1709080 secs]
   [Parallel Time: 164.2 ms, GC Workers: 2]
      [GC Worker Start (ms): Min: 29797374.4, Avg: 29797374.4, Max: 29797374.4, Diff: 0.0]
      [Ext Root Scanning (ms): Min: 56.6, Avg: 71.8, Max: 87.1, Diff: 30.4, Sum: 143.7]
      [Update RS (ms): Min: 22.5, Avg: 39.3, Max: 56.0, Diff: 33.6, Sum: 78.5]
         [Processed Buffers: Min: 121, Avg: 263.0, Max: 405, Diff: 284, Sum: 526]
      [Scan RS (ms): Min: 11.9, Avg: 12.1, Max: 12.3, Diff: 0.4, Sum: 24.2]
      [Code Root Scanning (ms): Min: 0.1, Avg: 0.1, Max: 0.1, Diff: 0.0, Sum: 0.2]
      [Object Copy (ms): Min: 38.9, Avg: 40.7, Max: 42.5, Diff: 3.5, Sum: 81.4]
      [Termination (ms): Min: 0.0, Avg: 0.0, Max: 0.0, Diff: 0.0, Sum: 0.0]
      [GC Worker Other (ms): Min: 0.1, Avg: 0.1, Max: 0.1, Diff: 0.0, Sum: 0.3]
      [GC Worker Total (ms): Min: 164.1, Avg: 164.2, Max: 164.2, Diff: 0.0, Sum: 328.3]
      [GC Worker End (ms): Min: 29797538.5, Avg: 29797538.6, Max: 29797538.6, Diff: 0.0]
   [Code Root Fixup: 0.5 ms]
   [Code Root Migration: 0.1 ms]
   [Clear CT: 0.5 ms]
   [Other: 5.6 ms]
      [Choose CSet: 0.0 ms]
      [Ref Proc: 2.4 ms]
      [Ref Enq: 0.3 ms]
      [Free CSet: 1.0 ms]
   [Eden: 292.0M(292.0M)->0.0B(380.0M) Survivors: 26.0M->34.0M Heap: 1744.0M(4096.0M)->1464.0M(4096.0M)]
 [Times: user=0.27 sys=0.00, real=0.17 secs] 
2016-08-30T21:52:48.889+0200: 29819.024: [GC pause (young), 0.1322070 secs]
   [Parallel Time: 125.3 ms, GC Workers: 2]
      [GC Worker Start (ms): Min: 29819024.8, Avg: 29819026.9, Max: 29819029.0, Diff: 4.1]
      [Ext Root Scanning (ms): Min: 31.2, Avg: 34.7, Max: 38.2, Diff: 7.1, Sum: 69.4]
      [Update RS (ms): Min: 24.7, Avg: 26.9, Max: 29.2, Diff: 4.5, Sum: 53.8]
         [Processed Buffers: Min: 326, Avg: 376.5, Max: 427, Diff: 101, Sum: 753]
      [Scan RS (ms): Min: 11.8, Avg: 11.9, Max: 12.0, Diff: 0.2, Sum: 23.9]
      [Code Root Scanning (ms): Min: 0.1, Avg: 0.1, Max: 0.1, Diff: 0.1, Sum: 0.2]
      [Object Copy (ms): Min: 48.7, Avg: 49.4, Max: 50.0, Diff: 1.3, Sum: 98.7]
      [Termination (ms): Min: 0.0, Avg: 0.0, Max: 0.0, Diff: 0.0, Sum: 0.0]
      [GC Worker Other (ms): Min: 0.1, Avg: 0.1, Max: 0.1, Diff: 0.0, Sum: 0.2]
      [GC Worker Total (ms): Min: 121.1, Avg: 123.2, Max: 125.2, Diff: 4.1, Sum: 246.3]
      [GC Worker End (ms): Min: 29819150.1, Avg: 29819150.1, Max: 29819150.1, Diff: 0.0]
   [Code Root Fixup: 0.4 ms]
   [Code Root Migration: 0.0 ms]
   [Clear CT: 0.5 ms]
   [Other: 6.0 ms]
      [Choose CSet: 0.0 ms]
      [Ref Proc: 2.6 ms]
      [Ref Enq: 0.2 ms]
      [Free CSet: 0.8 ms]
   [Eden: 278.0M(250.0M)->0.0B(502.0M) Survivors: 34.0M->36.0M Heap: 1742.0M(4096.0M)->1493.0M(4096.0M)]
 [Times: user=0.25 sys=0.00, real=0.13 secs] 
2016-08-30T21:53:28.358+0200: 29858.492: [GC pause (young), 0.1378520 secs]
   [Parallel Time: 129.9 ms, GC Workers: 2]
      [GC Worker Start (ms): Min: 29858493.5, Avg: 29858493.5, Max: 29858493.6, Diff: 0.0]
      [Ext Root Scanning (ms): Min: 48.1, Avg: 48.5, Max: 49.0, Diff: 0.8, Sum: 97.1]
      [Update RS (ms): Min: 40.2, Avg: 40.2, Max: 40.3, Diff: 0.1, Sum: 80.5]
         [Processed Buffers: Min: 251, Avg: 262.5, Max: 274, Diff: 23, Sum: 525]
      [Scan RS (ms): Min: 8.6, Avg: 8.9, Max: 9.1, Diff: 0.5, Sum: 17.7]
      [Code Root Scanning (ms): Min: 0.1, Avg: 0.1, Max: 0.2, Diff: 0.1, Sum: 0.2]
      [Object Copy (ms): Min: 31.7, Avg: 31.8, Max: 31.9, Diff: 0.2, Sum: 63.7]
      [Termination (ms): Min: 0.0, Avg: 0.0, Max: 0.0, Diff: 0.0, Sum: 0.0]
      [GC Worker Other (ms): Min: 0.1, Avg: 0.2, Max: 0.2, Diff: 0.1, Sum: 0.3]
      [GC Worker Total (ms): Min: 129.8, Avg: 129.8, Max: 129.8, Diff: 0.0, Sum: 259.5]
      [GC Worker End (ms): Min: 29858623.3, Avg: 29858623.3, Max: 29858623.3, Diff: 0.0]
   [Code Root Fixup: 0.4 ms]
   [Code Root Migration: 0.1 ms]
   [Clear CT: 0.5 ms]
   [Other: 7.0 ms]
      [Choose CSet: 0.0 ms]
      [Ref Proc: 3.4 ms]
      [Ref Enq: 0.3 ms]
      [Free CSet: 1.1 ms]
   [Eden: 434.0M(380.0M)->0.0B(768.0M) Survivors: 36.0M->26.0M Heap: 1927.0M(4096.0M)->1492.0M(4096.0M)]
 [Times: user=0.27 sys=0.00, real=0.14 secs] 
2016-08-30T21:54:11.882+0200: 29902.017: [GC pause (young), 0.1769660 secs]
   [Parallel Time: 165.6 ms, GC Workers: 2]
      [GC Worker Start (ms): Min: 29902018.2, Avg: 29902018.2, Max: 29902018.3, Diff: 0.0]
      [Ext Root Scanning (ms): Min: 53.1, Avg: 53.1, Max: 53.2, Diff: 0.1, Sum: 106.2]
      [Update RS (ms): Min: 46.5, Avg: 47.1, Max: 47.6, Diff: 1.1, Sum: 94.2]
         [Processed Buffers: Min: 237, Avg: 318.0, Max: 399, Diff: 162, Sum: 636]
      [Scan RS (ms): Min: 13.5, Avg: 13.6, Max: 13.7, Diff: 0.2, Sum: 27.1]
      [Code Root Scanning (ms): Min: 0.1, Avg: 0.2, Max: 0.2, Diff: 0.1, Sum: 0.4]
      [Object Copy (ms): Min: 50.9, Avg: 51.3, Max: 51.8, Diff: 0.9, Sum: 102.7]
      [Termination (ms): Min: 0.0, Avg: 0.0, Max: 0.0, Diff: 0.0, Sum: 0.0]
      [GC Worker Other (ms): Min: 0.1, Avg: 0.1, Max: 0.1, Diff: 0.1, Sum: 0.2]
      [GC Worker Total (ms): Min: 165.4, Avg: 165.4, Max: 165.4, Diff: 0.0, Sum: 330.8]
      [GC Worker End (ms): Min: 29902183.6, Avg: 29902183.6, Max: 29902183.6, Diff: 0.0]
   [Code Root Fixup: 0.5 ms]
   [Code Root Migration: 0.1 ms]
   [Clear CT: 0.7 ms]
   [Other: 10.1 ms]
      [Choose CSet: 0.0 ms]
      [Ref Proc: 5.2 ms]
      [Ref Enq: 0.4 ms]
      [Free CSet: 1.5 ms]
   [Eden: 560.0M(560.0M)->0.0B(578.0M) Survivors: 26.0M->50.0M Heap: 2052.0M(4096.0M)->1515.0M(4096.0M)]
 [Times: user=0.34 sys=0.00, real=0.18 secs] 
2016-08-30T21:54:42.195+0200: 29932.329: [GC pause (young), 0.1634160 secs]
   [Parallel Time: 156.2 ms, GC Workers: 2]
      [GC Worker Start (ms): Min: 29932330.9, Avg: 29932330.9, Max: 29932330.9, Diff: 0.0]
      [Ext Root Scanning (ms): Min: 50.7, Avg: 52.0, Max: 53.2, Diff: 2.6, Sum: 103.9]
      [Update RS (ms): Min: 36.2, Avg: 37.9, Max: 39.6, Diff: 3.5, Sum: 75.8]
         [Processed Buffers: Min: 247, Avg: 335.0, Max: 423, Diff: 176, Sum: 670]
      [Scan RS (ms): Min: 14.4, Avg: 15.1, Max: 15.7, Diff: 1.3, Sum: 30.2]
      [Code Root Scanning (ms): Min: 0.1, Avg: 0.1, Max: 0.2, Diff: 0.1, Sum: 0.3]
      [Object Copy (ms): Min: 50.7, Avg: 51.0, Max: 51.2, Diff: 0.5, Sum: 101.9]
      [Termination (ms): Min: 0.0, Avg: 0.0, Max: 0.0, Diff: 0.0, Sum: 0.0]
      [GC Worker Other (ms): Min: 0.1, Avg: 0.1, Max: 0.2, Diff: 0.2, Sum: 0.3]
      [GC Worker Total (ms): Min: 156.1, Avg: 156.2, Max: 156.2, Diff: 0.0, Sum: 312.3]
      [GC Worker End (ms): Min: 29932487.1, Avg: 29932487.1, Max: 29932487.1, Diff: 0.0]
   [Code Root Fixup: 0.3 ms]
   [Code Root Migration: 0.1 ms]
   [Clear CT: 0.5 ms]
   [Other: 6.2 ms]
      [Choose CSet: 0.0 ms]
      [Ref Proc: 2.2 ms]
      [Ref Enq: 0.2 ms]
      [Free CSet: 0.9 ms]
   [Eden: 388.0M(388.0M)->0.0B(752.0M) Survivors: 50.0M->34.0M Heap: 1903.0M(4096.0M)->1526.0M(4096.0M)]
 [Times: user=0.32 sys=0.00, real=0.16 secs] 
2016-08-30T21:55:28.127+0200: 29978.262: [GC pause (young), 0.1556830 secs]
   [Parallel Time: 145.8 ms, GC Workers: 2]
      [GC Worker Start (ms): Min: 29978263.1, Avg: 29978263.1, Max: 29978263.2, Diff: 0.1]
      [Ext Root Scanning (ms): Min: 49.0, Avg: 49.2, Max: 49.4, Diff: 0.4, Sum: 98.4]
      [Update RS (ms): Min: 42.8, Avg: 42.8, Max: 42.8, Diff: 0.1, Sum: 85.6]
         [Processed Buffers: Min: 227, Avg: 247.5, Max: 268, Diff: 41, Sum: 495]
      [Scan RS (ms): Min: 12.9, Avg: 13.0, Max: 13.1, Diff: 0.1, Sum: 26.0]
      [Code Root Scanning (ms): Min: 0.2, Avg: 0.2, Max: 0.2, Diff: 0.0, Sum: 0.4]
      [Object Copy (ms): Min: 40.4, Avg: 40.4, Max: 40.5, Diff: 0.2, Sum: 80.9]
      [Termination (ms): Min: 0.0, Avg: 0.0, Max: 0.0, Diff: 0.0, Sum: 0.0]
      [GC Worker Other (ms): Min: 0.1, Avg: 0.1, Max: 0.2, Diff: 0.1, Sum: 0.2]
      [GC Worker Total (ms): Min: 145.7, Avg: 145.8, Max: 145.8, Diff: 0.1, Sum: 291.5]
      [GC Worker End (ms): Min: 29978408.9, Avg: 29978408.9, Max: 29978408.9, Diff: 0.0]
   [Code Root Fixup: 0.5 ms]
   [Code Root Migration: 0.1 ms]
   [Clear CT: 0.6 ms]
   [Other: 8.6 ms]
      [Choose CSet: 0.0 ms]
      [Ref Proc: 4.5 ms]
      [Ref Enq: 0.4 ms]
      [Free CSet: 1.5 ms]
   [Eden: 528.0M(512.0M)->0.0B(624.0M) Survivors: 34.0M->32.0M Heap: 2054.0M(4096.0M)->1524.0M(4096.0M)]
 [Times: user=0.30 sys=0.00, real=0.16 secs] 
2016-08-30T21:56:06.955+0200: 30017.089: [GC pause (young), 0.1849620 secs]
   [Parallel Time: 174.3 ms, GC Workers: 2]
      [GC Worker Start (ms): Min: 30017090.6, Avg: 30017090.7, Max: 30017090.7, Diff: 0.1]
      [Ext Root Scanning (ms): Min: 54.1, Avg: 54.6, Max: 55.1, Diff: 1.0, Sum: 109.3]
      [Update RS (ms): Min: 42.2, Avg: 42.2, Max: 42.3, Diff: 0.2, Sum: 84.5]
         [Processed Buffers: Min: 277, Avg: 278.5, Max: 280, Diff: 3, Sum: 557]
      [Scan RS (ms): Min: 16.3, Avg: 16.3, Max: 16.3, Diff: 0.1, Sum: 32.6]
      [Code Root Scanning (ms): Min: 0.1, Avg: 0.2, Max: 0.2, Diff: 0.1, Sum: 0.4]
      [Object Copy (ms): Min: 60.3, Avg: 60.6, Max: 61.0, Diff: 0.7, Sum: 121.3]
      [Termination (ms): Min: 0.0, Avg: 0.0, Max: 0.0, Diff: 0.0, Sum: 0.0]
      [GC Worker Other (ms): Min: 0.1, Avg: 0.2, Max: 0.2, Diff: 0.0, Sum: 0.3]
      [GC Worker Total (ms): Min: 174.1, Avg: 174.1, Max: 174.2, Diff: 0.1, Sum: 348.3]
      [GC Worker End (ms): Min: 30017264.8, Avg: 30017264.8, Max: 30017264.8, Diff: 0.0]
   [Code Root Fixup: 0.4 ms]
   [Code Root Migration: 0.1 ms]
   [Clear CT: 0.7 ms]
   [Other: 9.5 ms]
      [Choose CSet: 0.0 ms]
      [Ref Proc: 4.8 ms]
      [Ref Enq: 0.4 ms]
      [Free CSet: 1.4 ms]
   [Eden: 514.0M(478.0M)->0.0B(530.0M) Survivors: 32.0M->60.0M Heap: 2038.0M(4096.0M)->1551.0M(4096.0M)]
 [Times: user=0.35 sys=0.00, real=0.19 secs] 
2016-08-30T21:56:25.812+0200: 30035.946: [GC pause (young), 0.1607620 secs]
   [Parallel Time: 154.7 ms, GC Workers: 2]
      [GC Worker Start (ms): Min: 30035947.6, Avg: 30035947.6, Max: 30035947.6, Diff: 0.0]
      [Ext Root Scanning (ms): Min: 49.8, Avg: 50.4, Max: 51.0, Diff: 1.3, Sum: 100.8]
      [Update RS (ms): Min: 35.6, Avg: 36.2, Max: 36.8, Diff: 1.2, Sum: 72.5]
         [Processed Buffers: Min: 255, Avg: 269.5, Max: 284, Diff: 29, Sum: 539]
      [Scan RS (ms): Min: 16.6, Avg: 17.0, Max: 17.4, Diff: 0.8, Sum: 34.0]
      [Code Root Scanning (ms): Min: 0.1, Avg: 0.1, Max: 0.1, Diff: 0.0, Sum: 0.2]
      [Object Copy (ms): Min: 50.3, Avg: 50.7, Max: 51.1, Diff: 0.8, Sum: 101.4]
      [Termination (ms): Min: 0.0, Avg: 0.0, Max: 0.0, Diff: 0.0, Sum: 0.0]
      [GC Worker Other (ms): Min: 0.1, Avg: 0.2, Max: 0.2, Diff: 0.0, Sum: 0.3]
      [GC Worker Total (ms): Min: 154.6, Avg: 154.6, Max: 154.6, Diff: 0.0, Sum: 309.2]
      [GC Worker End (ms): Min: 30036102.2, Avg: 30036102.2, Max: 30036102.2, Diff: 0.0]
   [Code Root Fixup: 0.3 ms]
   [Code Root Migration: 0.1 ms]
   [Clear CT: 0.5 ms]
   [Other: 5.3 ms]
      [Choose CSet: 0.0 ms]
      [Ref Proc: 1.9 ms]
      [Ref Enq: 0.2 ms]
      [Free CSet: 0.8 ms]
   [Eden: 330.0M(308.0M)->0.0B(768.0M) Survivors: 60.0M->22.0M Heap: 1881.0M(4096.0M)->1559.7M(4096.0M)]
 [Times: user=0.31 sys=0.00, real=0.16 secs] 
2016-08-30T21:57:12.810+0200: 30082.944: [GC pause (young), 0.1797590 secs]
   [Parallel Time: 170.6 ms, GC Workers: 2]
      [GC Worker Start (ms): Min: 30082945.8, Avg: 30082945.8, Max: 30082945.9, Diff: 0.0]
      [Ext Root Scanning (ms): Min: 52.5, Avg: 53.6, Max: 54.7, Diff: 2.1, Sum: 107.2]
      [Update RS (ms): Min: 55.1, Avg: 56.5, Max: 58.0, Diff: 2.9, Sum: 113.1]
         [Processed Buffers: Min: 304, Avg: 372.5, Max: 441, Diff: 137, Sum: 745]
      [Scan RS (ms): Min: 15.3, Avg: 15.7, Max: 16.1, Diff: 0.8, Sum: 31.4]
      [Code Root Scanning (ms): Min: 0.2, Avg: 0.3, Max: 0.4, Diff: 0.2, Sum: 0.6]
      [Object Copy (ms): Min: 43.5, Avg: 44.3, Max: 45.0, Diff: 1.5, Sum: 88.5]
      [Termination (ms): Min: 0.0, Avg: 0.0, Max: 0.0, Diff: 0.0, Sum: 0.0]
      [GC Worker Other (ms): Min: 0.1, Avg: 0.2, Max: 0.2, Diff: 0.0, Sum: 0.3]
      [GC Worker Total (ms): Min: 170.5, Avg: 170.5, Max: 170.5, Diff: 0.0, Sum: 341.0]
      [GC Worker End (ms): Min: 30083116.4, Avg: 30083116.4, Max: 30083116.4, Diff: 0.0]
   [Code Root Fixup: 0.3 ms]
   [Code Root Migration: 0.1 ms]
   [Clear CT: 0.5 ms]
   [Other: 8.3 ms]
      [Choose CSet: 0.0 ms]
      [Ref Proc: 4.0 ms]
      [Ref Enq: 0.3 ms]
      [Free CSet: 1.2 ms]
   [Eden: 652.0M(652.0M)->0.0B(500.0M) Survivors: 22.0M->62.0M Heap: 2211.7M(4096.0M)->1599.7M(4096.0M)]
 [Times: user=0.35 sys=0.00, real=0.18 secs] 
2016-08-30T21:57:48.756+0200: 30118.890: [GC pause (young), 0.1434070 secs]
   [Parallel Time: 134.5 ms, GC Workers: 2]
      [GC Worker Start (ms): Min: 30118891.5, Avg: 30118891.5, Max: 30118891.5, Diff: 0.0]
      [Ext Root Scanning (ms): Min: 37.8, Avg: 45.6, Max: 53.3, Diff: 15.5, Sum: 91.1]
      [Update RS (ms): Min: 25.8, Avg: 29.3, Max: 32.7, Diff: 6.9, Sum: 58.5]
         [Processed Buffers: Min: 306, Avg: 384.0, Max: 462, Diff: 156, Sum: 768]
      [Scan RS (ms): Min: 10.5, Avg: 10.7, Max: 10.8, Diff: 0.2, Sum: 21.3]
      [Code Root Scanning (ms): Min: 0.1, Avg: 0.1, Max: 0.2, Diff: 0.1, Sum: 0.3]
      [Object Copy (ms): Min: 44.5, Avg: 48.8, Max: 53.0, Diff: 8.6, Sum: 97.5]
      [Termination (ms): Min: 0.0, Avg: 0.0, Max: 0.0, Diff: 0.0, Sum: 0.0]
      [GC Worker Other (ms): Min: 0.0, Avg: 0.1, Max: 0.1, Diff: 0.1, Sum: 0.2]
      [GC Worker Total (ms): Min: 134.4, Avg: 134.5, Max: 134.5, Diff: 0.0, Sum: 268.9]
      [GC Worker End (ms): Min: 30119026.0, Avg: 30119026.0, Max: 30119026.0, Diff: 0.0]
   [Code Root Fixup: 0.4 ms]
   [Code Root Migration: 0.1 ms]
   [Clear CT: 0.5 ms]
   [Other: 8.0 ms]
      [Choose CSet: 0.0 ms]
      [Ref Proc: 4.2 ms]
      [Ref Enq: 0.3 ms]
      [Free CSet: 1.1 ms]
   [Eden: 454.0M(300.0M)->0.0B(722.0M) Survivors: 62.0M->46.0M Heap: 2053.7M(4096.0M)->1614.0M(4096.0M)]
 [Times: user=0.24 sys=0.00, real=0.14 secs] 
2016-08-30T21:58:39.836+0200: 30169.970: [GC pause (young), 0.1740280 secs]
   [Parallel Time: 161.5 ms, GC Workers: 2]
      [GC Worker Start (ms): Min: 30169971.6, Avg: 30169971.6, Max: 30169971.7, Diff: 0.1]
      [Ext Root Scanning (ms): Min: 48.6, Avg: 49.1, Max: 49.5, Diff: 0.9, Sum: 98.2]
      [Update RS (ms): Min: 44.8, Avg: 44.9, Max: 45.0, Diff: 0.2, Sum: 89.9]
         [Processed Buffers: Min: 264, Avg: 264.5, Max: 265, Diff: 1, Sum: 529]
      [Scan RS (ms): Min: 14.5, Avg: 14.6, Max: 14.7, Diff: 0.2, Sum: 29.2]
      [Code Root Scanning (ms): Min: 0.2, Avg: 0.2, Max: 0.2, Diff: 0.0, Sum: 0.5]
      [Object Copy (ms): Min: 52.2, Avg: 52.4, Max: 52.6, Diff: 0.4, Sum: 104.9]
      [Termination (ms): Min: 0.0, Avg: 0.0, Max: 0.0, Diff: 0.0, Sum: 0.0]
      [GC Worker Other (ms): Min: 0.1, Avg: 0.1, Max: 0.2, Diff: 0.1, Sum: 0.2]
      [GC Worker Total (ms): Min: 161.4, Avg: 161.4, Max: 161.4, Diff: 0.1, Sum: 322.8]
      [GC Worker End (ms): Min: 30170133.0, Avg: 30170133.0, Max: 30170133.0, Diff: 0.0]
   [Code Root Fixup: 0.5 ms]
   [Code Root Migration: 0.1 ms]
   [Clear CT: 0.8 ms]
   [Other: 11.1 ms]
      [Choose CSet: 0.0 ms]
      [Ref Proc: 6.4 ms]
      [Ref Enq: 0.5 ms]
      [Free CSet: 1.7 ms]
   [Eden: 636.0M(524.0M)->0.0B(698.0M) Survivors: 46.0M->36.0M Heap: 2250.0M(4096.0M)->1614.0M(4096.0M)]
 [Times: user=0.34 sys=0.00, real=0.18 secs] 
2016-08-30T21:59:14.384+0200: 30204.518: [GC pause (young), 0.1910450 secs]
   [Parallel Time: 181.8 ms, GC Workers: 2]
      [GC Worker Start (ms): Min: 30204519.8, Avg: 30204519.8, Max: 30204519.9, Diff: 0.0]
      [Ext Root Scanning (ms): Min: 51.2, Avg: 51.6, Max: 52.0, Diff: 0.8, Sum: 103.1]
      [Update RS (ms): Min: 44.3, Avg: 44.8, Max: 45.3, Diff: 1.1, Sum: 89.6]
         [Processed Buffers: Min: 367, Avg: 372.5, Max: 378, Diff: 11, Sum: 745]
      [Scan RS (ms): Min: 17.5, Avg: 19.9, Max: 22.3, Diff: 4.8, Sum: 39.8]
      [Code Root Scanning (ms): Min: 0.1, Avg: 0.2, Max: 0.2, Diff: 0.1, Sum: 0.4]
      [Object Copy (ms): Min: 62.6, Avg: 65.0, Max: 67.5, Diff: 5.0, Sum: 130.1]
      [Termination (ms): Min: 0.0, Avg: 0.0, Max: 0.0, Diff: 0.0, Sum: 0.0]
      [GC Worker Other (ms): Min: 0.2, Avg: 0.2, Max: 0.2, Diff: 0.0, Sum: 0.4]
      [GC Worker Total (ms): Min: 181.7, Avg: 181.7, Max: 181.7, Diff: 0.0, Sum: 363.4]
      [GC Worker End (ms): Min: 30204701.5, Avg: 30204701.5, Max: 30204701.5, Diff: 0.0]
   [Code Root Fixup: 0.3 ms]
   [Code Root Migration: 0.1 ms]
   [Clear CT: 0.6 ms]
   [Other: 8.3 ms]
      [Choose CSet: 0.0 ms]
      [Ref Proc: 3.7 ms]
      [Ref Enq: 0.2 ms]
      [Free CSet: 1.3 ms]
   [Eden: 548.0M(472.0M)->0.0B(486.0M) Survivors: 36.0M->50.0M Heap: 2162.0M(4096.0M)->1646.0M(4096.0M)]
 [Times: user=0.36 sys=0.00, real=0.19 secs] 
2016-08-30T21:59:44.978+0200: 30235.113: [GC pause (young), 0.1913530 secs]
   [Parallel Time: 179.7 ms, GC Workers: 2]
      [GC Worker Start (ms): Min: 30235114.5, Avg: 30235114.5, Max: 30235114.6, Diff: 0.1]
      [Ext Root Scanning (ms): Min: 51.9, Avg: 52.2, Max: 52.5, Diff: 0.5, Sum: 104.4]
      [Update RS (ms): Min: 47.7, Avg: 48.2, Max: 48.7, Diff: 1.0, Sum: 96.4]
         [Processed Buffers: Min: 434, Avg: 437.5, Max: 441, Diff: 7, Sum: 875]
      [Scan RS (ms): Min: 12.8, Avg: 12.9, Max: 13.1, Diff: 0.3, Sum: 25.8]
      [Code Root Scanning (ms): Min: 0.1, Avg: 0.2, Max: 0.2, Diff: 0.1, Sum: 0.3]
      [Object Copy (ms): Min: 65.4, Avg: 66.0, Max: 66.7, Diff: 1.2, Sum: 132.1]
      [Termination (ms): Min: 0.0, Avg: 0.0, Max: 0.0, Diff: 0.0, Sum: 0.0]
      [GC Worker Other (ms): Min: 0.1, Avg: 0.1, Max: 0.2, Diff: 0.1, Sum: 0.2]
      [GC Worker Total (ms): Min: 179.6, Avg: 179.6, Max: 179.6, Diff: 0.1, Sum: 359.2]
      [GC Worker End (ms): Min: 30235294.1, Avg: 30235294.1, Max: 30235294.1, Diff: 0.0]
   [Code Root Fixup: 0.6 ms]
   [Code Root Migration: 0.1 ms]
   [Clear CT: 0.7 ms]
   [Other: 10.3 ms]
      [Choose CSet: 0.0 ms]
      [Ref Proc: 5.1 ms]
      [Ref Enq: 0.4 ms]
      [Free CSet: 1.3 ms]
   [Eden: 486.0M(486.0M)->0.0B(364.0M) Survivors: 50.0M->64.0M Heap: 2132.0M(4096.0M)->1677.0M(4096.0M)]
 [Times: user=0.37 sys=0.00, real=0.20 secs] 
2016-08-30T22:00:10.183+0200: 30260.317: [GC pause (young), 0.1466500 secs]
   [Parallel Time: 139.5 ms, GC Workers: 2]
      [GC Worker Start (ms): Min: 30260318.5, Avg: 30260318.5, Max: 30260318.5, Diff: 0.0]
      [Ext Root Scanning (ms): Min: 51.5, Avg: 51.6, Max: 51.6, Diff: 0.1, Sum: 103.1]
      [Update RS (ms): Min: 31.9, Avg: 32.2, Max: 32.4, Diff: 0.5, Sum: 64.3]
         [Processed Buffers: Min: 286, Avg: 291.5, Max: 297, Diff: 11, Sum: 583]
      [Scan RS (ms): Min: 11.3, Avg: 11.7, Max: 12.1, Diff: 0.8, Sum: 23.4]
      [Code Root Scanning (ms): Min: 0.1, Avg: 0.2, Max: 0.2, Diff: 0.0, Sum: 0.3]
      [Object Copy (ms): Min: 43.0, Avg: 43.6, Max: 44.2, Diff: 1.2, Sum: 87.2]
      [Termination (ms): Min: 0.0, Avg: 0.0, Max: 0.0, Diff: 0.0, Sum: 0.0]
      [GC Worker Other (ms): Min: 0.2, Avg: 0.2, Max: 0.2, Diff: 0.0, Sum: 0.4]
      [GC Worker Total (ms): Min: 139.4, Avg: 139.4, Max: 139.4, Diff: 0.0, Sum: 278.8]
      [GC Worker End (ms): Min: 30260457.9, Avg: 30260457.9, Max: 30260457.9, Diff: 0.0]
   [Code Root Fixup: 0.3 ms]
   [Code Root Migration: 0.1 ms]
   [Clear CT: 0.6 ms]
   [Other: 6.2 ms]
      [Choose CSet: 0.0 ms]
      [Ref Proc: 2.5 ms]
      [Ref Enq: 0.1 ms]
      [Free CSet: 1.0 ms]
   [Eden: 364.0M(364.0M)->0.0B(712.0M) Survivors: 64.0M->32.0M Heap: 2041.0M(4096.0M)->1663.0M(4096.0M)]
 [Times: user=0.28 sys=0.00, real=0.14 secs] 
2016-08-30T22:00:51.898+0200: 30302.032: [GC pause (young), 0.1892220 secs]
   [Parallel Time: 179.3 ms, GC Workers: 2]
      [GC Worker Start (ms): Min: 30302033.8, Avg: 30302034.0, Max: 30302034.3, Diff: 0.5]
      [Ext Root Scanning (ms): Min: 50.1, Avg: 50.5, Max: 51.0, Diff: 0.9, Sum: 101.1]
      [Update RS (ms): Min: 51.8, Avg: 51.9, Max: 51.9, Diff: 0.2, Sum: 103.7]
         [Processed Buffers: Min: 296, Avg: 329.5, Max: 363, Diff: 67, Sum: 659]
      [Scan RS (ms): Min: 12.2, Avg: 12.5, Max: 12.7, Diff: 0.5, Sum: 24.9]
      [Code Root Scanning (ms): Min: 0.2, Avg: 0.2, Max: 0.3, Diff: 0.1, Sum: 0.5]
      [Object Copy (ms): Min: 63.8, Avg: 63.8, Max: 63.8, Diff: 0.0, Sum: 127.6]
      [Termination (ms): Min: 0.0, Avg: 0.0, Max: 0.0, Diff: 0.0, Sum: 0.0]
      [GC Worker Other (ms): Min: 0.1, Avg: 0.1, Max: 0.2, Diff: 0.1, Sum: 0.2]
      [GC Worker Total (ms): Min: 178.7, Avg: 179.0, Max: 179.2, Diff: 0.5, Sum: 358.0]
      [GC Worker End (ms): Min: 30302213.0, Avg: 30302213.0, Max: 30302213.0, Diff: 0.0]
   [Code Root Fixup: 0.3 ms]
   [Code Root Migration: 0.1 ms]
   [Clear CT: 0.6 ms]
   [Other: 9.0 ms]
      [Choose CSet: 0.0 ms]
      [Ref Proc: 4.6 ms]
      [Ref Enq: 0.3 ms]
      [Free CSet: 1.4 ms]
   [Eden: 690.0M(524.0M)->0.0B(434.0M) Survivors: 32.0M->70.0M Heap: 2353.0M(4096.0M)->1711.0M(4096.0M)]
 [Times: user=0.36 sys=0.00, real=0.19 secs] 
2016-08-30T22:01:20.214+0200: 30330.349: [GC pause (young), 0.1984140 secs]
   [Parallel Time: 188.2 ms, GC Workers: 2]
      [GC Worker Start (ms): Min: 30330350.2, Avg: 30330350.2, Max: 30330350.3, Diff: 0.1]
      [Ext Root Scanning (ms): Min: 51.0, Avg: 51.2, Max: 51.3, Diff: 0.3, Sum: 102.4]
      [Update RS (ms): Min: 45.7, Avg: 45.8, Max: 45.8, Diff: 0.1, Sum: 91.5]
         [Processed Buffers: Min: 390, Avg: 402.5, Max: 415, Diff: 25, Sum: 805]
      [Scan RS (ms): Min: 14.6, Avg: 14.9, Max: 15.1, Diff: 0.6, Sum: 29.7]
      [Code Root Scanning (ms): Min: 0.1, Avg: 0.2, Max: 0.3, Diff: 0.2, Sum: 0.4]
      [Object Copy (ms): Min: 75.5, Avg: 76.0, Max: 76.5, Diff: 1.0, Sum: 152.0]
      [Termination (ms): Min: 0.0, Avg: 0.0, Max: 0.0, Diff: 0.0, Sum: 0.0]
      [GC Worker Other (ms): Min: 0.1, Avg: 0.1, Max: 0.2, Diff: 0.1, Sum: 0.2]
      [GC Worker Total (ms): Min: 188.1, Avg: 188.1, Max: 188.1, Diff: 0.1, Sum: 376.2]
      [GC Worker End (ms): Min: 30330538.3, Avg: 30330538.3, Max: 30330538.3, Diff: 0.0]
   [Code Root Fixup: 0.4 ms]
   [Code Root Migration: 0.1 ms]
   [Clear CT: 0.6 ms]
   [Other: 9.1 ms]
      [Choose CSet: 0.0 ms]
      [Ref Proc: 4.2 ms]
      [Ref Enq: 0.4 ms]
      [Free CSet: 1.2 ms]
   [Eden: 434.0M(434.0M)->0.0B(324.0M) Survivors: 70.0M->58.0M Heap: 2145.0M(4096.0M)->1743.0M(4096.0M)]
 [Times: user=0.38 sys=0.00, real=0.20 secs] 
2016-08-30T22:01:41.589+0200: 30351.724: [GC pause (young), 0.1659080 secs]
   [Parallel Time: 157.2 ms, GC Workers: 2]
      [GC Worker Start (ms): Min: 30351725.3, Avg: 30351725.4, Max: 30351725.4, Diff: 0.0]
      [Ext Root Scanning (ms): Min: 48.9, Avg: 49.8, Max: 50.6, Diff: 1.7, Sum: 99.6]
      [Update RS (ms): Min: 49.2, Avg: 49.8, Max: 50.5, Diff: 1.3, Sum: 99.7]
         [Processed Buffers: Min: 262, Avg: 301.0, Max: 340, Diff: 78, Sum: 602]
      [Scan RS (ms): Min: 11.2, Avg: 12.1, Max: 12.9, Diff: 1.7, Sum: 24.2]
      [Code Root Scanning (ms): Min: 0.1, Avg: 0.1, Max: 0.1, Diff: 0.0, Sum: 0.3]
      [Object Copy (ms): Min: 44.5, Avg: 45.1, Max: 45.8, Diff: 1.3, Sum: 90.2]
      [Termination (ms): Min: 0.0, Avg: 0.0, Max: 0.0, Diff: 0.0, Sum: 0.0]
      [GC Worker Other (ms): Min: 0.2, Avg: 0.2, Max: 0.2, Diff: 0.0, Sum: 0.3]
      [GC Worker Total (ms): Min: 157.1, Avg: 157.1, Max: 157.1, Diff: 0.0, Sum: 314.3]
      [GC Worker End (ms): Min: 30351882.5, Avg: 30351882.5, Max: 30351882.5, Diff: 0.0]
   [Code Root Fixup: 0.5 ms]
   [Code Root Migration: 0.1 ms]
   [Clear CT: 0.6 ms]
   [Other: 7.6 ms]
      [Choose CSet: 0.0 ms]
      [Ref Proc: 3.2 ms]
      [Ref Enq: 0.3 ms]
      [Free CSet: 1.0 ms]
   [Eden: 324.0M(324.0M)->0.0B(638.0M) Survivors: 58.0M->24.0M Heap: 2067.0M(4096.0M)->1730.0M(4096.0M)]
 [Times: user=0.30 sys=0.00, real=0.17 secs] 
2016-08-30T22:02:20.842+0200: 30390.977: [GC pause (young), 0.2062680 secs]
   [Parallel Time: 193.0 ms, GC Workers: 2]
      [GC Worker Start (ms): Min: 30390978.5, Avg: 30390978.5, Max: 30390978.6, Diff: 0.0]
      [Ext Root Scanning (ms): Min: 52.7, Avg: 53.0, Max: 53.2, Diff: 0.5, Sum: 106.0]
      [Update RS (ms): Min: 54.2, Avg: 54.6, Max: 55.1, Diff: 0.9, Sum: 109.3]
         [Processed Buffers: Min: 376, Avg: 426.5, Max: 477, Diff: 101, Sum: 853]
      [Scan RS (ms): Min: 14.0, Avg: 14.6, Max: 15.2, Diff: 1.3, Sum: 29.2]
      [Code Root Scanning (ms): Min: 0.2, Avg: 0.3, Max: 0.3, Diff: 0.1, Sum: 0.5]
      [Object Copy (ms): Min: 69.5, Avg: 70.3, Max: 71.1, Diff: 1.6, Sum: 140.6]
      [Termination (ms): Min: 0.0, Avg: 0.0, Max: 0.0, Diff: 0.0, Sum: 0.0]
      [GC Worker Other (ms): Min: 0.1, Avg: 0.1, Max: 0.2, Diff: 0.1, Sum: 0.2]
      [GC Worker Total (ms): Min: 192.8, Avg: 192.9, Max: 192.9, Diff: 0.0, Sum: 385.7]
      [GC Worker End (ms): Min: 30391171.4, Avg: 30391171.4, Max: 30391171.4, Diff: 0.0]
   [Code Root Fixup: 0.6 ms]
   [Code Root Migration: 0.1 ms]
   [Clear CT: 0.7 ms]
   [Other: 11.8 ms]
      [Choose CSet: 0.0 ms]
      [Ref Proc: 6.3 ms]
      [Ref Enq: 0.5 ms]
      [Free CSet: 1.6 ms]
   [Eden: 624.0M(426.0M)->0.0B(270.0M) Survivors: 24.0M->58.0M Heap: 2354.0M(4096.0M)->1778.0M(4096.0M)]
 [Times: user=0.39 sys=0.00, real=0.20 secs] 
2016-08-30T22:02:41.792+0200: 30411.927: [GC pause (young), 0.1621430 secs]
   [Parallel Time: 156.0 ms, GC Workers: 2]
      [GC Worker Start (ms): Min: 30411928.3, Avg: 30411928.4, Max: 30411928.4, Diff: 0.0]
      [Ext Root Scanning (ms): Min: 50.5, Avg: 50.8, Max: 51.1, Diff: 0.6, Sum: 101.6]
      [Update RS (ms): Min: 34.9, Avg: 35.0, Max: 35.1, Diff: 0.2, Sum: 70.0]
         [Processed Buffers: Min: 327, Avg: 333.5, Max: 340, Diff: 13, Sum: 667]
      [Scan RS (ms): Min: 14.1, Avg: 14.3, Max: 14.4, Diff: 0.3, Sum: 28.5]
      [Code Root Scanning (ms): Min: 0.1, Avg: 0.1, Max: 0.2, Diff: 0.1, Sum: 0.2]
      [Object Copy (ms): Min: 55.5, Avg: 55.6, Max: 55.8, Diff: 0.4, Sum: 111.3]
      [Termination (ms): Min: 0.0, Avg: 0.0, Max: 0.0, Diff: 0.0, Sum: 0.0]
      [GC Worker Other (ms): Min: 0.1, Avg: 0.1, Max: 0.2, Diff: 0.1, Sum: 0.2]
      [GC Worker Total (ms): Min: 155.9, Avg: 155.9, Max: 156.0, Diff: 0.0, Sum: 311.9]
      [GC Worker End (ms): Min: 30412084.3, Avg: 30412084.3, Max: 30412084.3, Diff: 0.0]
   [Code Root Fixup: 0.3 ms]
   [Code Root Migration: 0.0 ms]
   [Clear CT: 0.4 ms]
   [Other: 5.4 ms]
      [Choose CSet: 0.0 ms]
      [Ref Proc: 1.7 ms]
      [Ref Enq: 0.1 ms]
      [Free CSet: 0.7 ms]
   [Eden: 270.0M(270.0M)->0.0B(584.0M) Survivors: 58.0M->28.0M Heap: 2048.0M(4096.0M)->1802.0M(4096.0M)]
 [Times: user=0.31 sys=0.01, real=0.16 secs] 
2016-08-30T22:03:22.225+0200: 30452.359: [GC pause (young), 0.1714270 secs]
   [Parallel Time: 159.8 ms, GC Workers: 2]
      [GC Worker Start (ms): Min: 30452360.8, Avg: 30452360.8, Max: 30452360.8, Diff: 0.0]
      [Ext Root Scanning (ms): Min: 51.8, Avg: 51.8, Max: 51.9, Diff: 0.2, Sum: 103.7]
      [Update RS (ms): Min: 47.2, Avg: 47.3, Max: 47.3, Diff: 0.1, Sum: 94.6]
         [Processed Buffers: Min: 309, Avg: 320.5, Max: 332, Diff: 23, Sum: 641]
      [Scan RS (ms): Min: 12.2, Avg: 12.4, Max: 12.5, Diff: 0.2, Sum: 24.7]
      [Code Root Scanning (ms): Min: 0.1, Avg: 0.2, Max: 0.2, Diff: 0.1, Sum: 0.4]
      [Object Copy (ms): Min: 47.8, Avg: 48.0, Max: 48.1, Diff: 0.3, Sum: 95.9]
      [Termination (ms): Min: 0.0, Avg: 0.0, Max: 0.0, Diff: 0.0, Sum: 0.0]
      [GC Worker Other (ms): Min: 0.2, Avg: 0.2, Max: 0.2, Diff: 0.0, Sum: 0.3]
      [GC Worker Total (ms): Min: 159.8, Avg: 159.8, Max: 159.8, Diff: 0.0, Sum: 319.5]
      [GC Worker End (ms): Min: 30452520.6, Avg: 30452520.6, Max: 30452520.6, Diff: 0.0]
   [Code Root Fixup: 0.5 ms]
   [Code Root Migration: 0.1 ms]
   [Clear CT: 0.7 ms]
   [Other: 10.3 ms]
      [Choose CSet: 0.0 ms]
      [Ref Proc: 5.7 ms]
      [Ref Enq: 0.4 ms]
      [Free CSet: 1.5 ms]
   [Eden: 566.0M(382.0M)->0.0B(386.0M) Survivors: 28.0M->44.0M Heap: 2368.0M(4096.0M)->1818.0M(4096.0M)]
 [Times: user=0.33 sys=0.00, real=0.17 secs] 
2016-08-30T22:03:45.835+0200: 30475.970: [GC pause (young), 0.1804710 secs]
   [Parallel Time: 170.6 ms, GC Workers: 2]
      [GC Worker Start (ms): Min: 30475971.6, Avg: 30475971.6, Max: 30475971.7, Diff: 0.1]
      [Ext Root Scanning (ms): Min: 52.0, Avg: 52.4, Max: 52.8, Diff: 0.8, Sum: 104.7]
      [Update RS (ms): Min: 39.8, Avg: 40.2, Max: 40.6, Diff: 0.8, Sum: 80.5]
         [Processed Buffers: Min: 391, Avg: 414.5, Max: 438, Diff: 47, Sum: 829]
      [Scan RS (ms): Min: 13.5, Avg: 14.4, Max: 15.4, Diff: 1.8, Sum: 28.9]
      [Code Root Scanning (ms): Min: 0.1, Avg: 0.1, Max: 0.2, Diff: 0.0, Sum: 0.3]
      [Object Copy (ms): Min: 63.1, Avg: 63.2, Max: 63.4, Diff: 0.3, Sum: 126.5]
      [Termination (ms): Min: 0.0, Avg: 0.0, Max: 0.0, Diff: 0.0, Sum: 0.0]
      [GC Worker Other (ms): Min: 0.1, Avg: 0.1, Max: 0.1, Diff: 0.1, Sum: 0.2]
      [GC Worker Total (ms): Min: 170.5, Avg: 170.5, Max: 170.6, Diff: 0.1, Sum: 341.1]
      [GC Worker End (ms): Min: 30476142.2, Avg: 30476142.2, Max: 30476142.2, Diff: 0.0]
   [Code Root Fixup: 0.4 ms]
   [Code Root Migration: 0.1 ms]
   [Clear CT: 0.7 ms]
   [Other: 8.7 ms]
      [Choose CSet: 0.0 ms]
      [Ref Proc: 3.8 ms]
      [Ref Enq: 0.3 ms]
      [Free CSet: 1.1 ms]
   [Eden: 386.0M(386.0M)->0.0B(336.0M) Survivors: 44.0M->52.0M Heap: 2204.0M(4096.0M)->1849.0M(4096.0M)]
 [Times: user=0.35 sys=0.00, real=0.18 secs] 
2016-08-30T22:03:49.743+0200: 30479.878: [GC pause (young), 0.0757630 secs]
   [Parallel Time: 72.6 ms, GC Workers: 2]
      [GC Worker Start (ms): Min: 30479878.6, Avg: 30479878.6, Max: 30479878.6, Diff: 0.0]
      [Ext Root Scanning (ms): Min: 26.7, Avg: 31.4, Max: 36.1, Diff: 9.4, Sum: 62.8]
      [Update RS (ms): Min: 7.1, Avg: 11.3, Max: 15.5, Diff: 8.5, Sum: 22.6]
         [Processed Buffers: Min: 125, Avg: 172.5, Max: 220, Diff: 95, Sum: 345]
      [Scan RS (ms): Min: 5.6, Avg: 5.7, Max: 5.8, Diff: 0.2, Sum: 11.4]
      [Code Root Scanning (ms): Min: 0.0, Avg: 0.1, Max: 0.1, Diff: 0.1, Sum: 0.2]
      [Object Copy (ms): Min: 23.6, Avg: 24.0, Max: 24.3, Diff: 0.6, Sum: 47.9]
      [Termination (ms): Min: 0.0, Avg: 0.0, Max: 0.0, Diff: 0.0, Sum: 0.0]
      [GC Worker Other (ms): Min: 0.1, Avg: 0.1, Max: 0.1, Diff: 0.0, Sum: 0.2]
      [GC Worker Total (ms): Min: 72.6, Avg: 72.6, Max: 72.6, Diff: 0.0, Sum: 145.1]
      [GC Worker End (ms): Min: 30479951.1, Avg: 30479951.1, Max: 30479951.1, Diff: 0.0]
   [Code Root Fixup: 0.2 ms]
   [Code Root Migration: 0.0 ms]
   [Clear CT: 0.4 ms]
   [Other: 2.4 ms]
      [Choose CSet: 0.0 ms]
      [Ref Proc: 0.4 ms]
      [Ref Enq: 0.0 ms]
      [Free CSet: 0.5 ms]
   [Eden: 336.0M(336.0M)->0.0B(1744.0M) Survivors: 52.0M->4096.0K Heap: 2185.0M(4096.0M)->1851.0M(4096.0M)]
 [Times: user=0.15 sys=0.00, real=0.08 secs] 
2016-08-30T22:05:22.002+0200: 30572.137: [GC pause (young) (initial-mark), 0.2254520 secs]
   [Parallel Time: 211.6 ms, GC Workers: 2]
      [GC Worker Start (ms): Min: 30572138.8, Avg: 30572138.8, Max: 30572138.8, Diff: 0.0]
      [Ext Root Scanning (ms): Min: 49.4, Avg: 50.9, Max: 52.3, Diff: 2.9, Sum: 101.8]
      [Code Root Marking (ms): Min: 12.8, Avg: 13.3, Max: 13.8, Diff: 1.0, Sum: 26.6]
      [Update RS (ms): Min: 62.4, Avg: 62.5, Max: 62.7, Diff: 0.3, Sum: 125.1]
         [Processed Buffers: Min: 298, Avg: 308.5, Max: 319, Diff: 21, Sum: 617]
      [Scan RS (ms): Min: 13.2, Avg: 13.4, Max: 13.6, Diff: 0.4, Sum: 26.8]
      [Code Root Scanning (ms): Min: 0.4, Avg: 0.4, Max: 0.5, Diff: 0.2, Sum: 0.9]
      [Object Copy (ms): Min: 69.9, Avg: 70.9, Max: 71.8, Diff: 1.9, Sum: 141.7]
      [Termination (ms): Min: 0.0, Avg: 0.0, Max: 0.0, Diff: 0.0, Sum: 0.0]
      [GC Worker Other (ms): Min: 0.1, Avg: 0.2, Max: 0.2, Diff: 0.0, Sum: 0.3]
      [GC Worker Total (ms): Min: 211.5, Avg: 211.6, Max: 211.6, Diff: 0.0, Sum: 423.1]
      [GC Worker End (ms): Min: 30572350.3, Avg: 30572350.3, Max: 30572350.3, Diff: 0.0]
   [Code Root Fixup: 0.3 ms]
   [Code Root Migration: 0.1 ms]
   [Clear CT: 0.7 ms]
   [Other: 12.6 ms]
      [Choose CSet: 0.0 ms]
      [Ref Proc: 6.8 ms]
      [Ref Enq: 0.5 ms]
      [Free CSet: 2.1 ms]
   [Eden: 1306.0M(1300.0M)->0.0B(220.0M) Survivors: 4096.0K->72.0M Heap: 3157.0M(4096.0M)->1919.0M(4096.0M)]
 [Times: user=0.44 sys=0.00, real=0.23 secs] 
2016-08-30T22:05:22.230+0200: 30572.365: [GC concurrent-root-region-scan-start]
2016-08-30T22:05:22.291+0200: 30572.426: [GC concurrent-root-region-scan-end, 0.0611630 secs]
2016-08-30T22:05:22.291+0200: 30572.426: [GC concurrent-mark-start]
2016-08-30T22:05:23.229+0200: 30573.363: [GC concurrent-mark-end, 0.9373380 secs]
2016-08-30T22:05:23.232+0200: 30573.366: [GC remark 2016-08-30T22:05:23.232+0200: 30573.367: [GC ref-proc, 0.0779400 secs], 0.0995270 secs]
 [Times: user=0.12 sys=0.00, real=0.10 secs] 
2016-08-30T22:05:23.337+0200: 30573.472: [GC cleanup 1932M->1785M(4096M), 0.0429230 secs]
 [Times: user=0.08 sys=0.00, real=0.05 secs] 
2016-08-30T22:05:23.381+0200: 30573.515: [GC concurrent-cleanup-start]
2016-08-30T22:05:23.381+0200: 30573.516: [GC concurrent-cleanup-end, 0.0004640 secs]
2016-08-30T22:05:41.036+0200: 30591.171: [GC pause (young), 0.1484340 secs]
   [Parallel Time: 140.5 ms, GC Workers: 2]
      [GC Worker Start (ms): Min: 30591172.0, Avg: 30591172.0, Max: 30591172.1, Diff: 0.0]
      [Ext Root Scanning (ms): Min: 49.4, Avg: 50.2, Max: 51.1, Diff: 1.6, Sum: 100.5]
      [Update RS (ms): Min: 21.9, Avg: 22.2, Max: 22.5, Diff: 0.5, Sum: 44.4]
         [Processed Buffers: Min: 249, Avg: 255.5, Max: 262, Diff: 13, Sum: 511]
      [Scan RS (ms): Min: 14.9, Avg: 15.2, Max: 15.4, Diff: 0.5, Sum: 30.3]
      [Code Root Scanning (ms): Min: 0.0, Avg: 0.1, Max: 0.1, Diff: 0.1, Sum: 0.2]
      [Object Copy (ms): Min: 51.8, Avg: 52.6, Max: 53.3, Diff: 1.5, Sum: 105.2]
      [Termination (ms): Min: 0.0, Avg: 0.0, Max: 0.0, Diff: 0.0, Sum: 0.0]
      [GC Worker Other (ms): Min: 0.2, Avg: 0.2, Max: 0.2, Diff: 0.0, Sum: 0.3]
      [GC Worker Total (ms): Min: 140.4, Avg: 140.4, Max: 140.4, Diff: 0.0, Sum: 280.9]
      [GC Worker End (ms): Min: 30591312.5, Avg: 30591312.5, Max: 30591312.5, Diff: 0.0]
   [Code Root Fixup: 0.4 ms]
   [Code Root Migration: 0.1 ms]
   [Clear CT: 1.1 ms]
   [Other: 6.3 ms]
      [Choose CSet: 0.0 ms]
      [Ref Proc: 2.3 ms]
      [Ref Enq: 0.6 ms]
      [Free CSet: 0.8 ms]
   [Eden: 220.0M(220.0M)->0.0B(186.0M) Survivors: 72.0M->18.0M Heap: 1992.0M(4096.0M)->1753.0M(4096.0M)]
 [Times: user=0.28 sys=0.00, real=0.15 secs] 
2016-08-30T22:05:52.882+0200: 30603.017: [GC pause (mixed), 0.1602740 secs]
   [Parallel Time: 152.5 ms, GC Workers: 2]
      [GC Worker Start (ms): Min: 30603018.1, Avg: 30603018.3, Max: 30603018.5, Diff: 0.4]
      [Ext Root Scanning (ms): Min: 49.0, Avg: 49.8, Max: 50.6, Diff: 1.6, Sum: 99.6]
      [Update RS (ms): Min: 24.0, Avg: 24.3, Max: 24.6, Diff: 0.5, Sum: 48.6]
         [Processed Buffers: Min: 228, Avg: 246.0, Max: 264, Diff: 36, Sum: 492]
      [Scan RS (ms): Min: 27.3, Avg: 27.4, Max: 27.5, Diff: 0.2, Sum: 54.8]
      [Code Root Scanning (ms): Min: 0.1, Avg: 0.2, Max: 0.3, Diff: 0.1, Sum: 0.4]
      [Object Copy (ms): Min: 50.0, Avg: 50.3, Max: 50.7, Diff: 0.6, Sum: 100.7]
      [Termination (ms): Min: 0.0, Avg: 0.0, Max: 0.0, Diff: 0.0, Sum: 0.0]
      [GC Worker Other (ms): Min: 0.1, Avg: 0.1, Max: 0.1, Diff: 0.0, Sum: 0.2]
      [GC Worker Total (ms): Min: 151.9, Avg: 152.1, Max: 152.3, Diff: 0.5, Sum: 304.2]
      [GC Worker End (ms): Min: 30603170.4, Avg: 30603170.4, Max: 30603170.4, Diff: 0.0]
   [Code Root Fixup: 0.4 ms]
   [Code Root Migration: 0.1 ms]
   [Clear CT: 0.8 ms]
   [Other: 6.5 ms]
      [Choose CSet: 0.4 ms]
      [Ref Proc: 1.3 ms]
      [Ref Enq: 0.2 ms]
      [Free CSet: 2.5 ms]
   [Eden: 186.0M(186.0M)->0.0B(182.0M) Survivors: 18.0M->22.0M Heap: 1939.0M(4096.0M)->1373.0M(4096.0M)]
 [Times: user=0.31 sys=0.00, real=0.16 secs] 
2016-08-30T22:06:10.558+0200: 30620.692: [GC pause (mixed), 0.1861880 secs]
   [Parallel Time: 179.5 ms, GC Workers: 2]
      [GC Worker Start (ms): Min: 30620694.3, Avg: 30620694.3, Max: 30620694.3, Diff: 0.0]
      [Ext Root Scanning (ms): Min: 48.0, Avg: 48.5, Max: 49.0, Diff: 1.1, Sum: 97.0]
      [Update RS (ms): Min: 22.9, Avg: 23.0, Max: 23.0, Diff: 0.1, Sum: 46.0]
         [Processed Buffers: Min: 250, Avg: 268.5, Max: 287, Diff: 37, Sum: 537]
      [Scan RS (ms): Min: 55.7, Avg: 55.8, Max: 56.0, Diff: 0.3, Sum: 111.7]
      [Code Root Scanning (ms): Min: 0.1, Avg: 0.1, Max: 0.2, Diff: 0.1, Sum: 0.3]
      [Object Copy (ms): Min: 51.7, Avg: 51.9, Max: 52.1, Diff: 0.4, Sum: 103.7]
      [Termination (ms): Min: 0.0, Avg: 0.0, Max: 0.0, Diff: 0.0, Sum: 0.0]
      [GC Worker Other (ms): Min: 0.0, Avg: 0.1, Max: 0.1, Diff: 0.1, Sum: 0.1]
      [GC Worker Total (ms): Min: 179.4, Avg: 179.4, Max: 179.4, Diff: 0.0, Sum: 358.8]
      [GC Worker End (ms): Min: 30620873.7, Avg: 30620873.7, Max: 30620873.7, Diff: 0.0]
   [Code Root Fixup: 0.2 ms]
   [Code Root Migration: 0.1 ms]
   [Clear CT: 0.7 ms]
   [Other: 5.7 ms]
      [Choose CSet: 0.6 ms]
      [Ref Proc: 1.3 ms]
      [Ref Enq: 0.1 ms]
      [Free CSet: 1.5 ms]
   [Eden: 182.0M(182.0M)->0.0B(190.0M) Survivors: 22.0M->14.0M Heap: 1555.0M(4096.0M)->1197.0M(4096.0M)]
 [Times: user=0.36 sys=0.00, real=0.18 secs] 
2016-08-30T22:06:21.617+0200: 30631.751: [GC pause (mixed), 0.2529970 secs]
   [Parallel Time: 245.7 ms, GC Workers: 2]
      [GC Worker Start (ms): Min: 30631754.1, Avg: 30631754.1, Max: 30631754.1, Diff: 0.0]
      [Ext Root Scanning (ms): Min: 50.7, Avg: 53.1, Max: 55.4, Diff: 4.7, Sum: 106.1]
      [Update RS (ms): Min: 41.5, Avg: 43.2, Max: 44.9, Diff: 3.4, Sum: 86.4]
         [Processed Buffers: Min: 197, Avg: 338.5, Max: 480, Diff: 283, Sum: 677]
      [Scan RS (ms): Min: 95.3, Avg: 96.5, Max: 97.7, Diff: 2.4, Sum: 193.0]
      [Code Root Scanning (ms): Min: 0.1, Avg: 0.1, Max: 0.2, Diff: 0.1, Sum: 0.3]
      [Object Copy (ms): Min: 52.1, Avg: 52.6, Max: 53.1, Diff: 1.0, Sum: 105.2]
      [Termination (ms): Min: 0.0, Avg: 0.0, Max: 0.0, Diff: 0.0, Sum: 0.0]
      [GC Worker Other (ms): Min: 0.0, Avg: 0.1, Max: 0.1, Diff: 0.1, Sum: 0.2]
      [GC Worker Total (ms): Min: 245.6, Avg: 245.6, Max: 245.6, Diff: 0.0, Sum: 491.2]
      [GC Worker End (ms): Min: 30631999.7, Avg: 30631999.7, Max: 30631999.7, Diff: 0.0]
   [Code Root Fixup: 0.2 ms]
   [Code Root Migration: 0.1 ms]
   [Clear CT: 0.7 ms]
   [Other: 6.3 ms]
      [Choose CSet: 1.2 ms]
      [Ref Proc: 0.8 ms]
      [Ref Enq: 0.1 ms]
      [Free CSet: 1.7 ms]
   [Eden: 190.0M(190.0M)->0.0B(178.0M) Survivors: 14.0M->26.0M Heap: 1387.0M(4096.0M)->1050.0M(4096.0M)]
 [Times: user=0.43 sys=0.00, real=0.26 secs] 
2016-08-30T22:06:38.265+0200: 30648.400: [GC pause (mixed), 0.1637980 secs]
   [Parallel Time: 156.7 ms, GC Workers: 2]
      [GC Worker Start (ms): Min: 30648401.3, Avg: 30648401.3, Max: 30648401.3, Diff: 0.0]
      [Ext Root Scanning (ms): Min: 31.8, Avg: 34.4, Max: 37.1, Diff: 5.3, Sum: 68.8]
      [Update RS (ms): Min: 9.9, Avg: 12.5, Max: 15.0, Diff: 5.1, Sum: 24.9]
         [Processed Buffers: Min: 244, Avg: 266.5, Max: 289, Diff: 45, Sum: 533]
      [Scan RS (ms): Min: 54.9, Avg: 55.2, Max: 55.5, Diff: 0.5, Sum: 110.4]
      [Code Root Scanning (ms): Min: 0.1, Avg: 0.1, Max: 0.1, Diff: 0.1, Sum: 0.2]
      [Object Copy (ms): Min: 54.3, Avg: 54.4, Max: 54.5, Diff: 0.3, Sum: 108.8]
      [Termination (ms): Min: 0.0, Avg: 0.0, Max: 0.0, Diff: 0.0, Sum: 0.0]
      [GC Worker Other (ms): Min: 0.1, Avg: 0.1, Max: 0.1, Diff: 0.0, Sum: 0.2]
      [GC Worker Total (ms): Min: 156.6, Avg: 156.7, Max: 156.7, Diff: 0.0, Sum: 313.3]
      [GC Worker End (ms): Min: 30648558.0, Avg: 30648558.0, Max: 30648558.0, Diff: 0.0]
   [Code Root Fixup: 0.4 ms]
   [Code Root Migration: 0.0 ms]
   [Clear CT: 0.6 ms]
   [Other: 6.0 ms]
      [Choose CSet: 1.0 ms]
      [Ref Proc: 1.2 ms]
      [Ref Enq: 0.1 ms]
      [Free CSet: 1.9 ms]
   [Eden: 178.0M(178.0M)->0.0B(190.0M) Survivors: 26.0M->14.0M Heap: 1228.0M(4096.0M)->888.0M(4096.0M)]
 [Times: user=0.31 sys=0.00, real=0.16 secs] 
2016-08-30T22:06:48.550+0200: 30658.685: [GC pause (mixed), 0.0791630 secs]
   [Parallel Time: 75.4 ms, GC Workers: 2]
      [GC Worker Start (ms): Min: 30658685.7, Avg: 30658685.7, Max: 30658685.7, Diff: 0.0]
      [Ext Root Scanning (ms): Min: 26.4, Avg: 29.7, Max: 33.1, Diff: 6.7, Sum: 59.5]
      [Update RS (ms): Min: 13.8, Avg: 17.1, Max: 20.4, Diff: 6.5, Sum: 34.2]
         [Processed Buffers: Min: 295, Avg: 404.5, Max: 514, Diff: 219, Sum: 809]
      [Scan RS (ms): Min: 4.7, Avg: 4.7, Max: 4.8, Diff: 0.1, Sum: 9.4]
      [Code Root Scanning (ms): Min: 0.0, Avg: 0.0, Max: 0.0, Diff: 0.0, Sum: 0.1]
      [Object Copy (ms): Min: 23.6, Avg: 23.7, Max: 23.7, Diff: 0.1, Sum: 47.3]
      [Termination (ms): Min: 0.0, Avg: 0.0, Max: 0.0, Diff: 0.0, Sum: 0.0]
      [GC Worker Other (ms): Min: 0.1, Avg: 0.1, Max: 0.1, Diff: 0.0, Sum: 0.2]
      [GC Worker Total (ms): Min: 75.4, Avg: 75.4, Max: 75.4, Diff: 0.0, Sum: 150.7]
      [GC Worker End (ms): Min: 30658761.1, Avg: 30658761.1, Max: 30658761.1, Diff: 0.0]
   [Code Root Fixup: 0.3 ms]
   [Code Root Migration: 0.0 ms]
   [Clear CT: 0.5 ms]
   [Other: 3.0 ms]
      [Choose CSet: 0.0 ms]
      [Ref Proc: 0.8 ms]
      [Ref Enq: 0.1 ms]
      [Free CSet: 0.3 ms]
   [Eden: 190.0M(190.0M)->0.0B(178.0M) Survivors: 14.0M->26.0M Heap: 1078.0M(4096.0M)->922.0M(4096.0M)]
 [Times: user=0.16 sys=0.00, real=0.08 secs] 
2016-08-30T22:07:01.700+0200: 30671.835: [GC pause (young), 0.1819910 secs]
   [Parallel Time: 175.8 ms, GC Workers: 2]
      [GC Worker Start (ms): Min: 30671836.3, Avg: 30671836.3, Max: 30671836.3, Diff: 0.0]
      [Ext Root Scanning (ms): Min: 80.1, Avg: 92.0, Max: 104.0, Diff: 23.9, Sum: 184.1]
      [Update RS (ms): Min: 16.1, Avg: 26.7, Max: 37.3, Diff: 21.2, Sum: 53.4]
         [Processed Buffers: Min: 127, Avg: 288.5, Max: 450, Diff: 323, Sum: 577]
      [Scan RS (ms): Min: 9.5, Avg: 9.6, Max: 9.7, Diff: 0.2, Sum: 19.2]
      [Code Root Scanning (ms): Min: 0.1, Avg: 0.1, Max: 0.1, Diff: 0.0, Sum: 0.1]
      [Object Copy (ms): Min: 45.7, Avg: 47.1, Max: 48.6, Diff: 2.9, Sum: 94.3]
      [Termination (ms): Min: 0.0, Avg: 0.0, Max: 0.0, Diff: 0.0, Sum: 0.0]
      [GC Worker Other (ms): Min: 0.2, Avg: 0.2, Max: 0.2, Diff: 0.0, Sum: 0.3]
      [GC Worker Total (ms): Min: 175.7, Avg: 175.7, Max: 175.7, Diff: 0.0, Sum: 351.4]
      [GC Worker End (ms): Min: 30672012.0, Avg: 30672012.0, Max: 30672012.0, Diff: 0.0]
   [Code Root Fixup: 0.4 ms]
   [Code Root Migration: 0.0 ms]
   [Clear CT: 0.4 ms]
   [Other: 5.3 ms]
      [Choose CSet: 0.0 ms]
      [Ref Proc: 1.9 ms]
      [Ref Enq: 0.1 ms]
      [Free CSet: 0.6 ms]
   [Eden: 178.0M(178.0M)->0.0B(186.0M) Survivors: 26.0M->18.0M Heap: 1100.0M(4096.0M)->940.0M(4096.0M)]
 [Times: user=0.29 sys=0.00, real=0.18 secs] 
2016-08-30T22:07:12.479+0200: 30682.613: [GC pause (young), 0.1388470 secs]
   [Parallel Time: 132.4 ms, GC Workers: 2]
      [GC Worker Start (ms): Min: 30682614.8, Avg: 30682614.9, Max: 30682614.9, Diff: 0.0]
      [Ext Root Scanning (ms): Min: 50.1, Avg: 56.5, Max: 63.0, Diff: 12.8, Sum: 113.1]
      [Update RS (ms): Min: 27.3, Avg: 32.0, Max: 36.7, Diff: 9.4, Sum: 64.0]
         [Processed Buffers: Min: 312, Avg: 370.0, Max: 428, Diff: 116, Sum: 740]
      [Scan RS (ms): Min: 4.4, Avg: 4.8, Max: 5.2, Diff: 0.8, Sum: 9.7]
      [Code Root Scanning (ms): Min: 0.0, Avg: 0.1, Max: 0.1, Diff: 0.1, Sum: 0.2]
      [Object Copy (ms): Min: 37.4, Avg: 38.7, Max: 40.0, Diff: 2.6, Sum: 77.5]
      [Termination (ms): Min: 0.0, Avg: 0.0, Max: 0.0, Diff: 0.0, Sum: 0.0]
      [GC Worker Other (ms): Min: 0.1, Avg: 0.1, Max: 0.1, Diff: 0.1, Sum: 0.2]
      [GC Worker Total (ms): Min: 132.3, Avg: 132.3, Max: 132.3, Diff: 0.0, Sum: 264.6]
      [GC Worker End (ms): Min: 30682747.2, Avg: 30682747.2, Max: 30682747.2, Diff: 0.0]
   [Code Root Fixup: 0.4 ms]
   [Code Root Migration: 0.0 ms]
   [Clear CT: 0.6 ms]
   [Other: 5.3 ms]
      [Choose CSet: 0.0 ms]
      [Ref Proc: 1.7 ms]
      [Ref Enq: 0.2 ms]
      [Free CSet: 0.6 ms]
   [Eden: 186.0M(186.0M)->0.0B(178.0M) Survivors: 18.0M->26.0M Heap: 1126.0M(4096.0M)->968.0M(4096.0M)]
 [Times: user=0.25 sys=0.00, real=0.14 secs] 
2016-08-30T22:07:26.227+0200: 30696.361: [GC pause (young), 0.1215340 secs]
   [Parallel Time: 116.2 ms, GC Workers: 2]
      [GC Worker Start (ms): Min: 30696362.3, Avg: 30696363.9, Max: 30696365.5, Diff: 3.2]
      [Ext Root Scanning (ms): Min: 46.9, Avg: 50.1, Max: 53.3, Diff: 6.4, Sum: 100.2]
      [Update RS (ms): Min: 25.0, Avg: 25.3, Max: 25.6, Diff: 0.6, Sum: 50.6]
         [Processed Buffers: Min: 232, Avg: 274.5, Max: 317, Diff: 85, Sum: 549]
      [Scan RS (ms): Min: 7.1, Avg: 7.4, Max: 7.8, Diff: 0.6, Sum: 14.9]
      [Code Root Scanning (ms): Min: 0.1, Avg: 0.1, Max: 0.1, Diff: 0.0, Sum: 0.1]
      [Object Copy (ms): Min: 30.6, Avg: 31.6, Max: 32.6, Diff: 2.0, Sum: 63.2]
      [Termination (ms): Min: 0.0, Avg: 0.0, Max: 0.0, Diff: 0.0, Sum: 0.0]
      [GC Worker Other (ms): Min: 0.1, Avg: 0.1, Max: 0.1, Diff: 0.0, Sum: 0.1]
      [GC Worker Total (ms): Min: 112.9, Avg: 114.5, Max: 116.2, Diff: 3.2, Sum: 229.1]
      [GC Worker End (ms): Min: 30696478.4, Avg: 30696478.4, Max: 30696478.4, Diff: 0.0]
   [Code Root Fixup: 0.4 ms]
   [Code Root Migration: 0.0 ms]
   [Clear CT: 0.4 ms]
   [Other: 4.4 ms]
      [Choose CSet: 0.0 ms]
      [Ref Proc: 1.6 ms]
      [Ref Enq: 0.1 ms]
      [Free CSet: 0.6 ms]
   [Eden: 178.0M(178.0M)->0.0B(190.0M) Survivors: 26.0M->14.0M Heap: 1146.0M(4096.0M)->975.0M(4096.0M)]
 [Times: user=0.23 sys=0.00, real=0.13 secs] 
2016-08-30T22:07:41.363+0200: 30711.497: [GC pause (young), 0.1192020 secs]
   [Parallel Time: 113.2 ms, GC Workers: 2]
      [GC Worker Start (ms): Min: 30711498.2, Avg: 30711498.3, Max: 30711498.3, Diff: 0.1]
      [Ext Root Scanning (ms): Min: 50.1, Avg: 50.3, Max: 50.4, Diff: 0.3, Sum: 100.5]
      [Update RS (ms): Min: 28.8, Avg: 28.9, Max: 28.9, Diff: 0.1, Sum: 57.7]
         [Processed Buffers: Min: 255, Avg: 283.5, Max: 312, Diff: 57, Sum: 567]
      [Scan RS (ms): Min: 6.2, Avg: 6.2, Max: 6.2, Diff: 0.0, Sum: 12.5]
      [Code Root Scanning (ms): Min: 0.1, Avg: 0.1, Max: 0.1, Diff: 0.0, Sum: 0.2]
      [Object Copy (ms): Min: 27.4, Avg: 27.6, Max: 27.7, Diff: 0.3, Sum: 55.1]
      [Termination (ms): Min: 0.0, Avg: 0.0, Max: 0.0, Diff: 0.0, Sum: 0.0]
      [GC Worker Other (ms): Min: 0.1, Avg: 0.1, Max: 0.1, Diff: 0.1, Sum: 0.2]
      [GC Worker Total (ms): Min: 113.0, Avg: 113.1, Max: 113.1, Diff: 0.1, Sum: 226.2]
      [GC Worker End (ms): Min: 30711611.4, Avg: 30711611.4, Max: 30711611.4, Diff: 0.0]
   [Code Root Fixup: 0.5 ms]
   [Code Root Migration: 0.0 ms]
   [Clear CT: 0.4 ms]
   [Other: 5.1 ms]
      [Choose CSet: 0.0 ms]
      [Ref Proc: 1.8 ms]
      [Ref Enq: 0.1 ms]
      [Free CSet: 0.7 ms]
   [Eden: 190.0M(190.0M)->0.0B(220.0M) Survivors: 14.0M->20.0M Heap: 1165.0M(4096.0M)->981.0M(4096.0M)]
 [Times: user=0.24 sys=0.00, real=0.12 secs] 
2016-08-30T22:07:54.546+0200: 30724.681: [GC pause (young), 0.1277690 secs]
   [Parallel Time: 122.0 ms, GC Workers: 2]
      [GC Worker Start (ms): Min: 30724681.9, Avg: 30724682.6, Max: 30724683.3, Diff: 1.3]
      [Ext Root Scanning (ms): Min: 49.0, Avg: 49.6, Max: 50.1, Diff: 1.0, Sum: 99.1]
      [Update RS (ms): Min: 26.4, Avg: 27.2, Max: 27.9, Diff: 1.5, Sum: 54.3]
         [Processed Buffers: Min: 258, Avg: 274.5, Max: 291, Diff: 33, Sum: 549]
      [Scan RS (ms): Min: 8.6, Avg: 9.0, Max: 9.4, Diff: 0.8, Sum: 17.9]
      [Code Root Scanning (ms): Min: 0.1, Avg: 0.1, Max: 0.1, Diff: 0.0, Sum: 0.2]
      [Object Copy (ms): Min: 34.5, Avg: 35.3, Max: 36.2, Diff: 1.7, Sum: 70.7]
      [Termination (ms): Min: 0.0, Avg: 0.0, Max: 0.0, Diff: 0.0, Sum: 0.0]
      [GC Worker Other (ms): Min: 0.2, Avg: 0.2, Max: 0.2, Diff: 0.0, Sum: 0.3]
      [GC Worker Total (ms): Min: 120.6, Avg: 121.3, Max: 121.9, Diff: 1.3, Sum: 242.5]
      [GC Worker End (ms): Min: 30724803.9, Avg: 30724803.9, Max: 30724803.9, Diff: 0.0]
   [Code Root Fixup: 0.5 ms]
   [Code Root Migration: 0.0 ms]
   [Clear CT: 0.4 ms]
   [Other: 4.8 ms]
      [Choose CSet: 0.0 ms]
      [Ref Proc: 1.8 ms]
      [Ref Enq: 0.2 ms]
      [Free CSet: 0.7 ms]
   [Eden: 220.0M(220.0M)->0.0B(346.0M) Survivors: 20.0M->26.0M Heap: 1201.0M(4096.0M)->994.0M(4096.0M)]
 [Times: user=0.25 sys=0.00, real=0.13 secs] 
2016-08-30T22:08:21.578+0200: 30751.713: [GC pause (young), 0.1748640 secs]
   [Parallel Time: 165.1 ms, GC Workers: 2]
      [GC Worker Start (ms): Min: 30751714.4, Avg: 30751714.4, Max: 30751714.4, Diff: 0.0]
      [Ext Root Scanning (ms): Min: 48.9, Avg: 49.5, Max: 50.2, Diff: 1.3, Sum: 99.1]
      [Update RS (ms): Min: 36.9, Avg: 36.9, Max: 36.9, Diff: 0.0, Sum: 73.8]
         [Processed Buffers: Min: 362, Avg: 407.5, Max: 453, Diff: 91, Sum: 815]
      [Scan RS (ms): Min: 11.2, Avg: 11.6, Max: 11.9, Diff: 0.8, Sum: 23.1]
      [Code Root Scanning (ms): Min: 0.1, Avg: 0.1, Max: 0.2, Diff: 0.1, Sum: 0.2]
      [Object Copy (ms): Min: 66.5, Avg: 66.6, Max: 66.8, Diff: 0.3, Sum: 133.3]
      [Termination (ms): Min: 0.0, Avg: 0.1, Max: 0.3, Diff: 0.3, Sum: 0.3]
      [GC Worker Other (ms): Min: 0.1, Avg: 0.1, Max: 0.1, Diff: 0.0, Sum: 0.2]
      [GC Worker Total (ms): Min: 165.0, Avg: 165.0, Max: 165.0, Diff: 0.0, Sum: 330.0]
      [GC Worker End (ms): Min: 30751879.4, Avg: 30751879.4, Max: 30751879.4, Diff: 0.0]
   [Code Root Fixup: 0.4 ms]
   [Code Root Migration: 0.1 ms]
   [Clear CT: 0.9 ms]
   [Other: 8.4 ms]
      [Choose CSet: 0.0 ms]
      [Ref Proc: 4.2 ms]
      [Ref Enq: 0.3 ms]
      [Free CSet: 1.0 ms]
   [Eden: 346.0M(346.0M)->0.0B(188.0M) Survivors: 26.0M->48.0M Heap: 1340.0M(4096.0M)->1028.0M(4096.0M)]
 [Times: user=0.31 sys=0.01, real=0.17 secs] 
2016-08-30T22:08:37.451+0200: 30767.586: [GC pause (young), 0.1388730 secs]
   [Parallel Time: 133.9 ms, GC Workers: 2]
      [GC Worker Start (ms): Min: 30767586.6, Avg: 30767587.6, Max: 30767588.6, Diff: 2.1]
      [Ext Root Scanning (ms): Min: 35.0, Avg: 41.3, Max: 47.6, Diff: 12.7, Sum: 82.6]
      [Update RS (ms): Min: 20.8, Avg: 27.3, Max: 33.9, Diff: 13.1, Sum: 54.7]
         [Processed Buffers: Min: 181, Avg: 267.0, Max: 353, Diff: 172, Sum: 534]
      [Scan RS (ms): Min: 10.9, Avg: 11.2, Max: 11.4, Diff: 0.5, Sum: 22.3]
      [Code Root Scanning (ms): Min: 0.0, Avg: 0.0, Max: 0.1, Diff: 0.0, Sum: 0.1]
      [Object Copy (ms): Min: 51.0, Avg: 51.5, Max: 52.1, Diff: 1.1, Sum: 103.1]
      [Termination (ms): Min: 0.0, Avg: 0.0, Max: 0.0, Diff: 0.0, Sum: 0.0]
      [GC Worker Other (ms): Min: 0.1, Avg: 0.8, Max: 1.4, Diff: 1.3, Sum: 1.5]
      [GC Worker Total (ms): Min: 130.5, Avg: 132.2, Max: 133.9, Diff: 3.4, Sum: 264.3]
      [GC Worker End (ms): Min: 30767719.1, Avg: 30767719.8, Max: 30767720.4, Diff: 1.3]
   [Code Root Fixup: 0.4 ms]
   [Code Root Migration: 0.0 ms]
   [Clear CT: 0.5 ms]
   [Other: 4.1 ms]
      [Choose CSet: 0.0 ms]
      [Ref Proc: 1.5 ms]
      [Ref Enq: 0.1 ms]
      [Free CSet: 0.6 ms]
   [Eden: 188.0M(188.0M)->0.0B(610.0M) Survivors: 48.0M->20.0M Heap: 1216.0M(4096.0M)->1060.8M(4096.0M)]
 [Times: user=0.18 sys=0.00, real=0.14 secs] 
2016-08-30T22:09:21.457+0200: 30811.591: [GC pause (young), 0.1832400 secs]
   [Parallel Time: 171.7 ms, GC Workers: 2]
      [GC Worker Start (ms): Min: 30811593.0, Avg: 30811593.3, Max: 30811593.5, Diff: 0.5]
      [Ext Root Scanning (ms): Min: 51.7, Avg: 56.3, Max: 60.8, Diff: 9.2, Sum: 112.5]
      [Update RS (ms): Min: 39.1, Avg: 45.5, Max: 51.8, Diff: 12.6, Sum: 90.9]
         [Processed Buffers: Min: 350, Avg: 389.5, Max: 429, Diff: 79, Sum: 779]
      [Scan RS (ms): Min: 10.2, Avg: 10.3, Max: 10.3, Diff: 0.2, Sum: 20.5]
      [Code Root Scanning (ms): Min: 0.2, Avg: 0.2, Max: 0.2, Diff: 0.1, Sum: 0.4]
      [Object Copy (ms): Min: 57.4, Avg: 59.0, Max: 60.5, Diff: 3.1, Sum: 118.0]
      [Termination (ms): Min: 0.0, Avg: 0.0, Max: 0.0, Diff: 0.0, Sum: 0.0]
      [GC Worker Other (ms): Min: 0.1, Avg: 0.1, Max: 0.2, Diff: 0.2, Sum: 0.3]
      [GC Worker Total (ms): Min: 171.0, Avg: 171.3, Max: 171.6, Diff: 0.5, Sum: 342.6]
      [GC Worker End (ms): Min: 30811764.6, Avg: 30811764.6, Max: 30811764.6, Diff: 0.0]
   [Code Root Fixup: 0.5 ms]
   [Code Root Migration: 0.1 ms]
   [Clear CT: 0.6 ms]
   [Other: 10.5 ms]
      [Choose CSet: 0.0 ms]
      [Ref Proc: 5.5 ms]
      [Ref Enq: 0.5 ms]
      [Free CSet: 1.6 ms]
   [Eden: 610.0M(610.0M)->0.0B(170.0M) Survivors: 20.0M->64.0M Heap: 1670.8M(4096.0M)->1103.8M(4096.0M)]
 [Times: user=0.34 sys=0.00, real=0.18 secs] 
2016-08-30T22:09:35.726+0200: 30825.861: [GC pause (young), 0.1357990 secs]
   [Parallel Time: 129.0 ms, GC Workers: 2]
      [GC Worker Start (ms): Min: 30825861.8, Avg: 30825863.8, Max: 30825865.8, Diff: 4.0]
      [Ext Root Scanning (ms): Min: 48.5, Avg: 49.7, Max: 50.8, Diff: 2.3, Sum: 99.4]
      [Update RS (ms): Min: 21.4, Avg: 22.6, Max: 23.7, Diff: 2.4, Sum: 45.1]
         [Processed Buffers: Min: 240, Avg: 242.0, Max: 244, Diff: 4, Sum: 484]
      [Scan RS (ms): Min: 11.7, Avg: 12.1, Max: 12.5, Diff: 0.8, Sum: 24.2]
      [Code Root Scanning (ms): Min: 0.1, Avg: 0.1, Max: 0.1, Diff: 0.0, Sum: 0.1]
      [Object Copy (ms): Min: 42.3, Avg: 42.4, Max: 42.4, Diff: 0.2, Sum: 84.7]
      [Termination (ms): Min: 0.0, Avg: 0.0, Max: 0.0, Diff: 0.0, Sum: 0.0]
      [GC Worker Other (ms): Min: 0.2, Avg: 0.2, Max: 0.2, Diff: 0.0, Sum: 0.3]
      [GC Worker Total (ms): Min: 125.0, Avg: 127.0, Max: 129.0, Diff: 4.0, Sum: 253.9]
      [GC Worker End (ms): Min: 30825990.8, Avg: 30825990.8, Max: 30825990.8, Diff: 0.0]
   [Code Root Fixup: 0.5 ms]
   [Code Root Migration: 0.0 ms]
   [Clear CT: 0.5 ms]
   [Other: 5.7 ms]
      [Choose CSet: 0.0 ms]
      [Ref Proc: 2.5 ms]
      [Ref Enq: 0.1 ms]
      [Free CSet: 0.8 ms]
   [Eden: 170.0M(170.0M)->0.0B(852.0M) Survivors: 64.0M->14.0M Heap: 1273.8M(4096.0M)->1082.0M(4096.0M)]
 [Times: user=0.26 sys=0.00, real=0.14 secs] 
2016-08-30T22:10:41.291+0200: 30891.426: [GC pause (young), 0.1658490 secs]
   [Parallel Time: 155.9 ms, GC Workers: 2]
      [GC Worker Start (ms): Min: 30891427.4, Avg: 30891427.4, Max: 30891427.4, Diff: 0.0]
      [Ext Root Scanning (ms): Min: 50.0, Avg: 50.5, Max: 50.9, Diff: 1.0, Sum: 100.9]
      [Update RS (ms): Min: 47.9, Avg: 49.1, Max: 50.3, Diff: 2.4, Sum: 98.2]
         [Processed Buffers: Min: 264, Avg: 283.0, Max: 302, Diff: 38, Sum: 566]
      [Scan RS (ms): Min: 11.5, Avg: 12.2, Max: 12.9, Diff: 1.4, Sum: 24.4]
      [Code Root Scanning (ms): Min: 0.2, Avg: 0.3, Max: 0.3, Diff: 0.1, Sum: 0.5]
      [Object Copy (ms): Min: 43.6, Avg: 43.6, Max: 43.6, Diff: 0.0, Sum: 87.2]
      [Termination (ms): Min: 0.0, Avg: 0.0, Max: 0.0, Diff: 0.0, Sum: 0.0]
      [GC Worker Other (ms): Min: 0.0, Avg: 0.1, Max: 0.1, Diff: 0.1, Sum: 0.2]
      [GC Worker Total (ms): Min: 155.7, Avg: 155.7, Max: 155.7, Diff: 0.0, Sum: 311.4]
      [GC Worker End (ms): Min: 30891583.1, Avg: 30891583.1, Max: 30891583.2, Diff: 0.0]
   [Code Root Fixup: 0.3 ms]
   [Code Root Migration: 0.1 ms]
   [Clear CT: 0.5 ms]
   [Other: 9.2 ms]
      [Choose CSet: 0.0 ms]
      [Ref Proc: 4.9 ms]
      [Ref Enq: 0.3 ms]
      [Free CSet: 1.5 ms]
   [Eden: 852.0M(852.0M)->0.0B(606.0M) Survivors: 14.0M->46.0M Heap: 1934.0M(4096.0M)->1115.0M(4096.0M)]
 [Times: user=0.31 sys=0.00, real=0.17 secs] 
2016-08-30T22:11:17.130+0200: 30927.265: [GC pause (young), 0.1917900 secs]
   [Parallel Time: 182.4 ms, GC Workers: 2]
      [GC Worker Start (ms): Min: 30927267.1, Avg: 30927268.4, Max: 30927269.8, Diff: 2.7]
      [Ext Root Scanning (ms): Min: 50.5, Avg: 51.6, Max: 52.8, Diff: 2.3, Sum: 103.3]
      [Update RS (ms): Min: 45.1, Avg: 45.4, Max: 45.7, Diff: 0.6, Sum: 90.8]
         [Processed Buffers: Min: 413, Avg: 415.5, Max: 418, Diff: 5, Sum: 831]
      [Scan RS (ms): Min: 16.7, Avg: 16.8, Max: 16.9, Diff: 0.2, Sum: 33.6]
      [Code Root Scanning (ms): Min: 0.2, Avg: 0.2, Max: 0.2, Diff: 0.1, Sum: 0.4]
      [Object Copy (ms): Min: 66.7, Avg: 66.8, Max: 67.0, Diff: 0.2, Sum: 133.7]
      [Termination (ms): Min: 0.0, Avg: 0.0, Max: 0.0, Diff: 0.0, Sum: 0.0]
      [GC Worker Other (ms): Min: 0.1, Avg: 0.1, Max: 0.2, Diff: 0.1, Sum: 0.2]
      [GC Worker Total (ms): Min: 179.7, Avg: 181.0, Max: 182.4, Diff: 2.7, Sum: 362.0]
      [GC Worker End (ms): Min: 30927449.4, Avg: 30927449.4, Max: 30927449.4, Diff: 0.0]
   [Code Root Fixup: 0.4 ms]
   [Code Root Migration: 0.1 ms]
   [Clear CT: 0.9 ms]
   [Other: 8.1 ms]
      [Choose CSet: 0.0 ms]
      [Ref Proc: 3.4 ms]
      [Ref Enq: 0.2 ms]
      [Free CSet: 1.2 ms]
   [Eden: 606.0M(606.0M)->0.0B(284.0M) Survivors: 46.0M->82.0M Heap: 1721.0M(4096.0M)->1152.0M(4096.0M)]
 [Times: user=0.37 sys=0.00, real=0.19 secs] 
2016-08-30T22:11:39.560+0200: 30949.694: [GC pause (young), 0.1503890 secs]
   [Parallel Time: 142.9 ms, GC Workers: 2]
      [GC Worker Start (ms): Min: 30949695.5, Avg: 30949696.9, Max: 30949698.2, Diff: 2.7]
      [Ext Root Scanning (ms): Min: 48.2, Avg: 49.7, Max: 51.2, Diff: 3.1, Sum: 99.4]
      [Update RS (ms): Min: 23.4, Avg: 23.7, Max: 24.0, Diff: 0.6, Sum: 47.4]
         [Processed Buffers: Min: 257, Avg: 272.0, Max: 287, Diff: 30, Sum: 544]
      [Scan RS (ms): Min: 14.8, Avg: 15.3, Max: 15.7, Diff: 0.9, Sum: 30.5]
      [Code Root Scanning (ms): Min: 0.1, Avg: 0.1, Max: 0.1, Diff: 0.0, Sum: 0.2]
      [Object Copy (ms): Min: 52.5, Avg: 52.5, Max: 52.6, Diff: 0.1, Sum: 105.1]
      [Termination (ms): Min: 0.0, Avg: 0.0, Max: 0.0, Diff: 0.0, Sum: 0.0]
      [GC Worker Other (ms): Min: 0.2, Avg: 0.2, Max: 0.2, Diff: 0.0, Sum: 0.4]
      [GC Worker Total (ms): Min: 140.2, Avg: 141.5, Max: 142.9, Diff: 2.7, Sum: 283.0]
      [GC Worker End (ms): Min: 30949838.4, Avg: 30949838.4, Max: 30949838.4, Diff: 0.0]
   [Code Root Fixup: 0.5 ms]
   [Code Root Migration: 0.1 ms]
   [Clear CT: 0.4 ms]
   [Other: 6.5 ms]
      [Choose CSet: 0.0 ms]
      [Ref Proc: 2.7 ms]
      [Ref Enq: 0.3 ms]
      [Free CSet: 1.0 ms]
   [Eden: 284.0M(284.0M)->0.0B(998.0M) Survivors: 82.0M->20.0M Heap: 1436.0M(4096.0M)->1132.0M(4096.0M)]
 [Times: user=0.29 sys=0.00, real=0.15 secs] 
2016-08-30T22:12:34.566+0200: 31004.700: [GC pause (young), 0.1738350 secs]
   [Parallel Time: 159.4 ms, GC Workers: 2]
      [GC Worker Start (ms): Min: 31004701.8, Avg: 31004701.8, Max: 31004701.8, Diff: 0.0]
      [Ext Root Scanning (ms): Min: 53.5, Avg: 56.5, Max: 59.5, Diff: 6.0, Sum: 113.0]
      [Update RS (ms): Min: 43.2, Avg: 47.1, Max: 51.0, Diff: 7.8, Sum: 94.2]
         [Processed Buffers: Min: 248, Avg: 286.0, Max: 324, Diff: 76, Sum: 572]
      [Scan RS (ms): Min: 10.1, Avg: 10.6, Max: 11.0, Diff: 0.9, Sum: 21.1]
      [Code Root Scanning (ms): Min: 0.2, Avg: 0.2, Max: 0.2, Diff: 0.0, Sum: 0.4]
      [Object Copy (ms): Min: 44.3, Avg: 44.9, Max: 45.4, Diff: 1.1, Sum: 89.7]
      [Termination (ms): Min: 0.0, Avg: 0.0, Max: 0.0, Diff: 0.0, Sum: 0.0]
      [GC Worker Other (ms): Min: 0.0, Avg: 0.1, Max: 0.2, Diff: 0.1, Sum: 0.2]
      [GC Worker Total (ms): Min: 159.3, Avg: 159.3, Max: 159.4, Diff: 0.0, Sum: 318.7]
      [GC Worker End (ms): Min: 31004861.2, Avg: 31004861.2, Max: 31004861.2, Diff: 0.0]
   [Code Root Fixup: 0.5 ms]
   [Code Root Migration: 0.2 ms]
   [Clear CT: 0.5 ms]
   [Other: 13.1 ms]
      [Choose CSet: 0.0 ms]
      [Ref Proc: 7.6 ms]
      [Ref Enq: 0.7 ms]
      [Free CSet: 2.2 ms]
   [Eden: 830.0M(830.0M)->0.0B(716.0M) Survivors: 20.0M->46.0M Heap: 1962.0M(4096.0M)->1159.0M(4096.0M)]
 [Times: user=0.32 sys=0.00, real=0.17 secs] 
2016-08-30T22:13:16.425+0200: 31046.560: [GC pause (young), 0.1891350 secs]
   [Parallel Time: 180.0 ms, GC Workers: 2]
      [GC Worker Start (ms): Min: 31046561.8, Avg: 31046561.8, Max: 31046561.8, Diff: 0.1]
      [Ext Root Scanning (ms): Min: 51.8, Avg: 52.9, Max: 54.1, Diff: 2.3, Sum: 105.8]
      [Update RS (ms): Min: 51.3, Avg: 52.9, Max: 54.6, Diff: 3.3, Sum: 105.9]
         [Processed Buffers: Min: 373, Avg: 420.5, Max: 468, Diff: 95, Sum: 841]
      [Scan RS (ms): Min: 15.7, Avg: 15.7, Max: 15.7, Diff: 0.1, Sum: 31.4]
      [Code Root Scanning (ms): Min: 0.1, Avg: 0.2, Max: 0.3, Diff: 0.1, Sum: 0.4]
      [Object Copy (ms): Min: 57.7, Avg: 58.0, Max: 58.4, Diff: 0.7, Sum: 116.1]
      [Termination (ms): Min: 0.0, Avg: 0.0, Max: 0.0, Diff: 0.0, Sum: 0.0]
      [GC Worker Other (ms): Min: 0.1, Avg: 0.1, Max: 0.2, Diff: 0.1, Sum: 0.2]
      [GC Worker Total (ms): Min: 179.9, Avg: 179.9, Max: 179.9, Diff: 0.1, Sum: 359.8]
      [GC Worker End (ms): Min: 31046741.7, Avg: 31046741.7, Max: 31046741.7, Diff: 0.0]
   [Code Root Fixup: 0.2 ms]
   [Code Root Migration: 0.1 ms]
   [Clear CT: 0.5 ms]
   [Other: 8.3 ms]
      [Choose CSet: 0.0 ms]
      [Ref Proc: 3.8 ms]
      [Ref Enq: 0.3 ms]
      [Free CSet: 1.2 ms]
   [Eden: 622.0M(426.0M)->0.0B(474.0M) Survivors: 46.0M->58.0M Heap: 1781.0M(4096.0M)->1195.0M(4096.0M)]
 [Times: user=0.35 sys=0.00, real=0.19 secs] 
2016-08-30T22:13:55.139+0200: 31085.273: [GC pause (young), 0.1575130 secs]
   [Parallel Time: 147.2 ms, GC Workers: 2]
      [GC Worker Start (ms): Min: 31085274.4, Avg: 31085274.4, Max: 31085274.4, Diff: 0.0]
      [Ext Root Scanning (ms): Min: 50.6, Avg: 50.8, Max: 50.9, Diff: 0.3, Sum: 101.5]
      [Update RS (ms): Min: 34.5, Avg: 34.9, Max: 35.2, Diff: 0.7, Sum: 69.7]
         [Processed Buffers: Min: 241, Avg: 252.5, Max: 264, Diff: 23, Sum: 505]
      [Scan RS (ms): Min: 13.1, Avg: 13.3, Max: 13.5, Diff: 0.5, Sum: 26.6]
      [Code Root Scanning (ms): Min: 0.2, Avg: 0.2, Max: 0.2, Diff: 0.0, Sum: 0.4]
      [Object Copy (ms): Min: 47.6, Avg: 47.9, Max: 48.3, Diff: 0.7, Sum: 95.9]
      [Termination (ms): Min: 0.0, Avg: 0.0, Max: 0.0, Diff: 0.0, Sum: 0.0]
      [GC Worker Other (ms): Min: 0.1, Avg: 0.1, Max: 0.2, Diff: 0.1, Sum: 0.2]
      [GC Worker Total (ms): Min: 147.1, Avg: 147.1, Max: 147.2, Diff: 0.0, Sum: 294.3]
      [GC Worker End (ms): Min: 31085421.6, Avg: 31085421.6, Max: 31085421.6, Diff: 0.0]
   [Code Root Fixup: 0.5 ms]
   [Code Root Migration: 0.1 ms]
   [Clear CT: 0.6 ms]
   [Other: 9.1 ms]
      [Choose CSet: 0.0 ms]
      [Ref Proc: 4.5 ms]
      [Ref Enq: 0.4 ms]
      [Free CSet: 1.7 ms]
   [Eden: 474.0M(474.0M)->0.0B(918.0M) Survivors: 58.0M->24.0M Heap: 1669.0M(4096.0M)->1178.0M(4096.0M)]
 [Times: user=0.30 sys=0.00, real=0.15 secs] 
2016-08-30T22:14:52.552+0200: 31142.686: [GC pause (young), 0.1779190 secs]
   [Parallel Time: 163.9 ms, GC Workers: 2]
      [GC Worker Start (ms): Min: 31142687.9, Avg: 31142687.9, Max: 31142688.0, Diff: 0.1]
      [Ext Root Scanning (ms): Min: 54.4, Avg: 55.4, Max: 56.4, Diff: 2.1, Sum: 110.8]
      [Update RS (ms): Min: 46.7, Avg: 47.1, Max: 47.5, Diff: 0.8, Sum: 94.2]
         [Processed Buffers: Min: 304, Avg: 310.0, Max: 316, Diff: 12, Sum: 620]
      [Scan RS (ms): Min: 13.9, Avg: 13.9, Max: 14.0, Diff: 0.1, Sum: 27.9]
      [Code Root Scanning (ms): Min: 0.2, Avg: 0.3, Max: 0.3, Diff: 0.1, Sum: 0.5]
      [Object Copy (ms): Min: 46.3, Avg: 47.0, Max: 47.7, Diff: 1.3, Sum: 94.0]
      [Termination (ms): Min: 0.0, Avg: 0.0, Max: 0.0, Diff: 0.0, Sum: 0.0]
      [GC Worker Other (ms): Min: 0.1, Avg: 0.2, Max: 0.2, Diff: 0.0, Sum: 0.3]
      [GC Worker Total (ms): Min: 163.8, Avg: 163.9, Max: 163.9, Diff: 0.1, Sum: 327.7]
      [GC Worker End (ms): Min: 31142851.8, Avg: 31142851.8, Max: 31142851.8, Diff: 0.0]
   [Code Root Fixup: 0.4 ms]
   [Code Root Migration: 0.1 ms]
   [Clear CT: 0.6 ms]
   [Other: 12.9 ms]
      [Choose CSet: 0.0 ms]
      [Ref Proc: 7.8 ms]
      [Ref Enq: 0.7 ms]
      [Free CSet: 1.9 ms]
   [Eden: 800.0M(642.0M)->0.0B(602.0M) Survivors: 24.0M->56.0M Heap: 1978.0M(4096.0M)->1210.0M(4096.0M)]
 [Times: user=0.34 sys=0.01, real=0.18 secs] 
2016-08-30T22:15:35.084+0200: 31185.218: [GC pause (young), 0.1844440 secs]
   [Parallel Time: 172.5 ms, GC Workers: 2]
      [GC Worker Start (ms): Min: 31185219.9, Avg: 31185219.9, Max: 31185219.9, Diff: 0.0]
      [Ext Root Scanning (ms): Min: 49.9, Avg: 50.1, Max: 50.3, Diff: 0.4, Sum: 100.1]
      [Update RS (ms): Min: 36.9, Avg: 37.2, Max: 37.4, Diff: 0.5, Sum: 74.3]
         [Processed Buffers: Min: 264, Avg: 270.0, Max: 276, Diff: 12, Sum: 540]
      [Scan RS (ms): Min: 16.8, Avg: 17.1, Max: 17.4, Diff: 0.6, Sum: 34.2]
      [Code Root Scanning (ms): Min: 0.2, Avg: 0.2, Max: 0.3, Diff: 0.1, Sum: 0.4]
      [Object Copy (ms): Min: 67.4, Avg: 67.6, Max: 67.8, Diff: 0.4, Sum: 135.2]
      [Termination (ms): Min: 0.0, Avg: 0.0, Max: 0.0, Diff: 0.0, Sum: 0.0]
      [GC Worker Other (ms): Min: 0.2, Avg: 0.2, Max: 0.2, Diff: 0.0, Sum: 0.3]
      [GC Worker Total (ms): Min: 172.3, Avg: 172.3, Max: 172.3, Diff: 0.0, Sum: 344.6]
      [GC Worker End (ms): Min: 31185392.2, Avg: 31185392.2, Max: 31185392.2, Diff: 0.0]
   [Code Root Fixup: 0.5 ms]
   [Code Root Migration: 0.1 ms]
   [Clear CT: 0.6 ms]
   [Other: 10.7 ms]
      [Choose CSet: 0.0 ms]
      [Ref Proc: 5.7 ms]
      [Ref Enq: 0.5 ms]
      [Free CSet: 1.6 ms]
   [Eden: 602.0M(602.0M)->0.0B(694.0M) Survivors: 56.0M->40.0M Heap: 1812.0M(4096.0M)->1221.0M(4096.0M)]
 [Times: user=0.35 sys=0.00, real=0.18 secs] 
2016-08-30T22:16:27.379+0200: 31237.513: [GC pause (young), 0.1835610 secs]
   [Parallel Time: 173.5 ms, GC Workers: 2]
      [GC Worker Start (ms): Min: 31237515.1, Avg: 31237515.2, Max: 31237515.2, Diff: 0.0]
      [Ext Root Scanning (ms): Min: 50.3, Avg: 52.6, Max: 54.9, Diff: 4.6, Sum: 105.2]
      [Update RS (ms): Min: 43.0, Avg: 45.5, Max: 48.0, Diff: 4.9, Sum: 91.0]
         [Processed Buffers: Min: 263, Avg: 278.0, Max: 293, Diff: 30, Sum: 556]
      [Scan RS (ms): Min: 16.6, Avg: 18.3, Max: 19.9, Diff: 3.3, Sum: 36.5]
      [Code Root Scanning (ms): Min: 0.2, Avg: 0.3, Max: 0.3, Diff: 0.0, Sum: 0.5]
      [Object Copy (ms): Min: 55.1, Avg: 56.6, Max: 58.1, Diff: 3.0, Sum: 113.3]
      [Termination (ms): Min: 0.0, Avg: 0.0, Max: 0.0, Diff: 0.0, Sum: 0.0]
      [GC Worker Other (ms): Min: 0.2, Avg: 0.2, Max: 0.2, Diff: 0.0, Sum: 0.3]
      [GC Worker Total (ms): Min: 173.4, Avg: 173.4, Max: 173.4, Diff: 0.0, Sum: 346.8]
      [GC Worker End (ms): Min: 31237688.6, Avg: 31237688.6, Max: 31237688.6, Diff: 0.0]
   [Code Root Fixup: 0.3 ms]
   [Code Root Migration: 0.1 ms]
   [Clear CT: 0.5 ms]
   [Other: 9.1 ms]
      [Choose CSet: 0.0 ms]
      [Ref Proc: 4.5 ms]
      [Ref Enq: 0.3 ms]
      [Free CSet: 1.6 ms]
   [Eden: 694.0M(694.0M)->0.0B(536.0M) Survivors: 40.0M->48.0M Heap: 1915.0M(4096.0M)->1230.0M(4096.0M)]
 [Times: user=0.34 sys=0.00, real=0.19 secs] 
2016-08-30T22:17:11.471+0200: 31281.606: [GC pause (young), 0.1953260 secs]
   [Parallel Time: 184.0 ms, GC Workers: 2]
      [GC Worker Start (ms): Min: 31281607.3, Avg: 31281607.3, Max: 31281607.3, Diff: 0.0]
      [Ext Root Scanning (ms): Min: 56.5, Avg: 59.1, Max: 61.6, Diff: 5.1, Sum: 118.1]
      [Update RS (ms): Min: 32.8, Avg: 39.0, Max: 45.2, Diff: 12.4, Sum: 78.0]
         [Processed Buffers: Min: 228, Avg: 282.5, Max: 337, Diff: 109, Sum: 565]
      [Scan RS (ms): Min: 17.5, Avg: 17.6, Max: 17.7, Diff: 0.2, Sum: 35.2]
      [Code Root Scanning (ms): Min: 0.1, Avg: 0.2, Max: 0.3, Diff: 0.1, Sum: 0.4]
      [Object Copy (ms): Min: 64.2, Avg: 67.9, Max: 71.6, Diff: 7.4, Sum: 135.9]
      [Termination (ms): Min: 0.0, Avg: 0.0, Max: 0.0, Diff: 0.0, Sum: 0.0]
      [GC Worker Other (ms): Min: 0.2, Avg: 0.2, Max: 0.2, Diff: 0.0, Sum: 0.3]
      [GC Worker Total (ms): Min: 183.9, Avg: 183.9, Max: 184.0, Diff: 0.0, Sum: 367.9]
      [GC Worker End (ms): Min: 31281791.3, Avg: 31281791.3, Max: 31281791.3, Diff: 0.0]
   [Code Root Fixup: 0.5 ms]
   [Code Root Migration: 0.1 ms]
   [Clear CT: 0.6 ms]
   [Other: 10.2 ms]
      [Choose CSet: 0.0 ms]
      [Ref Proc: 4.8 ms]
      [Ref Enq: 0.5 ms]
      [Free CSet: 1.9 ms]
   [Eden: 536.0M(536.0M)->0.0B(426.0M) Survivors: 48.0M->48.0M Heap: 1766.0M(4096.0M)->1240.0M(4096.0M)]
 [Times: user=0.35 sys=0.01, real=0.19 secs] 
2016-08-30T22:17:41.405+0200: 31311.539: [GC pause (young), 0.1648400 secs]
   [Parallel Time: 157.1 ms, GC Workers: 2]
      [GC Worker Start (ms): Min: 31311540.7, Avg: 31311541.5, Max: 31311542.2, Diff: 1.5]
      [Ext Root Scanning (ms): Min: 51.6, Avg: 51.9, Max: 52.1, Diff: 0.5, Sum: 103.7]
      [Update RS (ms): Min: 32.9, Avg: 34.0, Max: 35.0, Diff: 2.1, Sum: 68.0]
         [Processed Buffers: Min: 261, Avg: 280.5, Max: 300, Diff: 39, Sum: 561]
      [Scan RS (ms): Min: 23.5, Avg: 23.6, Max: 23.7, Diff: 0.2, Sum: 47.2]
      [Code Root Scanning (ms): Min: 0.2, Avg: 0.2, Max: 0.2, Diff: 0.0, Sum: 0.3]
      [Object Copy (ms): Min: 46.5, Avg: 46.6, Max: 46.7, Diff: 0.1, Sum: 93.2]
      [Termination (ms): Min: 0.0, Avg: 0.0, Max: 0.0, Diff: 0.0, Sum: 0.0]
      [GC Worker Other (ms): Min: 0.1, Avg: 0.1, Max: 0.1, Diff: 0.1, Sum: 0.2]
      [GC Worker Total (ms): Min: 155.6, Avg: 156.3, Max: 157.1, Diff: 1.5, Sum: 312.7]
      [GC Worker End (ms): Min: 31311697.8, Avg: 31311697.8, Max: 31311697.8, Diff: 0.0]
   [Code Root Fixup: 0.3 ms]
   [Code Root Migration: 0.1 ms]
   [Clear CT: 0.4 ms]
   [Other: 6.9 ms]
      [Choose CSet: 0.0 ms]
      [Ref Proc: 3.2 ms]
      [Ref Enq: 0.2 ms]
      [Free CSet: 1.0 ms]
   [Eden: 426.0M(426.0M)->0.0B(548.0M) Survivors: 48.0M->42.0M Heap: 1666.0M(4096.0M)->1244.0M(4096.0M)]
 [Times: user=0.30 sys=0.00, real=0.16 secs] 
2016-08-30T22:18:16.264+0200: 31346.399: [GC pause (young), 0.1876050 secs]
   [Parallel Time: 177.8 ms, GC Workers: 2]
      [GC Worker Start (ms): Min: 31346400.8, Avg: 31346400.8, Max: 31346400.8, Diff: 0.0]
      [Ext Root Scanning (ms): Min: 56.5, Avg: 58.4, Max: 60.2, Diff: 3.7, Sum: 116.7]
      [Update RS (ms): Min: 46.4, Avg: 49.0, Max: 51.6, Diff: 5.3, Sum: 98.0]
         [Processed Buffers: Min: 320, Avg: 395.5, Max: 471, Diff: 151, Sum: 791]
      [Scan RS (ms): Min: 15.6, Avg: 15.8, Max: 15.9, Diff: 0.3, Sum: 31.5]
      [Code Root Scanning (ms): Min: 0.2, Avg: 0.2, Max: 0.2, Diff: 0.1, Sum: 0.4]
      [Object Copy (ms): Min: 53.2, Avg: 54.2, Max: 55.2, Diff: 2.0, Sum: 108.5]
      [Termination (ms): Min: 0.0, Avg: 0.0, Max: 0.0, Diff: 0.0, Sum: 0.0]
      [GC Worker Other (ms): Min: 0.1, Avg: 0.1, Max: 0.2, Diff: 0.1, Sum: 0.2]
      [GC Worker Total (ms): Min: 177.7, Avg: 177.7, Max: 177.7, Diff: 0.0, Sum: 355.4]
      [GC Worker End (ms): Min: 31346578.5, Avg: 31346578.5, Max: 31346578.5, Diff: 0.0]
   [Code Root Fixup: 0.3 ms]
   [Code Root Migration: 0.1 ms]
   [Clear CT: 0.8 ms]
   [Other: 8.6 ms]
      [Choose CSet: 0.0 ms]
      [Ref Proc: 4.1 ms]
      [Ref Enq: 0.2 ms]
      [Free CSet: 1.1 ms]
   [Eden: 548.0M(548.0M)->0.0B(348.0M) Survivors: 42.0M->68.0M Heap: 1792.0M(4096.0M)->1283.0M(4096.0M)]
 [Times: user=0.34 sys=0.00, real=0.19 secs] 
2016-08-30T22:18:41.621+0200: 31371.755: [GC pause (young), 0.1732910 secs]
   [Parallel Time: 165.2 ms, GC Workers: 2]
      [GC Worker Start (ms): Min: 31371756.6, Avg: 31371758.4, Max: 31371760.2, Diff: 3.6]
      [Ext Root Scanning (ms): Min: 51.7, Avg: 57.3, Max: 63.0, Diff: 11.3, Sum: 114.6]
      [Update RS (ms): Min: 28.1, Avg: 32.8, Max: 37.5, Diff: 9.4, Sum: 65.7]
         [Processed Buffers: Min: 286, Avg: 312.5, Max: 339, Diff: 53, Sum: 625]
      [Scan RS (ms): Min: 13.9, Avg: 14.4, Max: 14.9, Diff: 0.9, Sum: 28.8]
      [Code Root Scanning (ms): Min: 0.1, Avg: 0.1, Max: 0.2, Diff: 0.1, Sum: 0.3]
      [Object Copy (ms): Min: 58.2, Avg: 58.6, Max: 58.9, Diff: 0.8, Sum: 117.1]
      [Termination (ms): Min: 0.0, Avg: 0.0, Max: 0.0, Diff: 0.0, Sum: 0.0]
      [GC Worker Other (ms): Min: 0.1, Avg: 0.1, Max: 0.2, Diff: 0.1, Sum: 0.2]
      [GC Worker Total (ms): Min: 161.5, Avg: 163.4, Max: 165.2, Diff: 3.6, Sum: 326.7]
      [GC Worker End (ms): Min: 31371921.7, Avg: 31371921.8, Max: 31371921.8, Diff: 0.0]
   [Code Root Fixup: 0.5 ms]
   [Code Root Migration: 0.1 ms]
   [Clear CT: 0.5 ms]
   [Other: 7.0 ms]
      [Choose CSet: 0.0 ms]
      [Ref Proc: 3.0 ms]
      [Ref Enq: 0.2 ms]
      [Free CSet: 0.9 ms]
   [Eden: 348.0M(348.0M)->0.0B(610.0M) Survivors: 68.0M->26.0M Heap: 1631.0M(4096.0M)->1272.0M(4096.0M)]
 [Times: user=0.33 sys=0.01, real=0.18 secs] 
2016-08-30T22:19:22.674+0200: 31412.809: [GC pause (young), 0.1798980 secs]
   [Parallel Time: 166.3 ms, GC Workers: 2]
      [GC Worker Start (ms): Min: 31412809.9, Avg: 31412809.9, Max: 31412809.9, Diff: 0.1]
      [Ext Root Scanning (ms): Min: 49.8, Avg: 50.1, Max: 50.4, Diff: 0.7, Sum: 100.2]
      [Update RS (ms): Min: 45.9, Avg: 46.0, Max: 46.2, Diff: 0.3, Sum: 92.1]
         [Processed Buffers: Min: 321, Avg: 321.0, Max: 321, Diff: 0, Sum: 642]
      [Scan RS (ms): Min: 13.7, Avg: 13.7, Max: 13.8, Diff: 0.1, Sum: 27.5]
      [Code Root Scanning (ms): Min: 0.2, Avg: 0.2, Max: 0.3, Diff: 0.1, Sum: 0.4]
      [Object Copy (ms): Min: 55.7, Avg: 55.9, Max: 56.1, Diff: 0.4, Sum: 111.9]
      [Termination (ms): Min: 0.0, Avg: 0.0, Max: 0.0, Diff: 0.0, Sum: 0.0]
      [GC Worker Other (ms): Min: 0.2, Avg: 0.2, Max: 0.2, Diff: 0.0, Sum: 0.4]
      [GC Worker Total (ms): Min: 166.2, Avg: 166.2, Max: 166.2, Diff: 0.1, Sum: 332.4]
      [GC Worker End (ms): Min: 31412976.1, Avg: 31412976.1, Max: 31412976.1, Diff: 0.0]
   [Code Root Fixup: 0.6 ms]
   [Code Root Migration: 0.1 ms]
   [Clear CT: 0.6 ms]
   [Other: 12.3 ms]
      [Choose CSet: 0.0 ms]
      [Ref Proc: 7.6 ms]
      [Ref Enq: 0.5 ms]
      [Free CSet: 1.6 ms]
   [Eden: 610.0M(610.0M)->0.0B(402.0M) Survivors: 26.0M->60.0M Heap: 1882.0M(4096.0M)->1306.0M(4096.0M)]
 [Times: user=0.34 sys=0.00, real=0.18 secs] 
2016-08-30T22:19:53.334+0200: 31443.468: [GC pause (young), 0.1676000 secs]
   [Parallel Time: 158.3 ms, GC Workers: 2]
      [GC Worker Start (ms): Min: 31443469.5, Avg: 31443469.5, Max: 31443469.6, Diff: 0.1]
      [Ext Root Scanning (ms): Min: 50.0, Avg: 50.3, Max: 50.6, Diff: 0.6, Sum: 100.6]
      [Update RS (ms): Min: 36.3, Avg: 36.5, Max: 36.8, Diff: 0.5, Sum: 73.1]
         [Processed Buffers: Min: 257, Avg: 270.0, Max: 283, Diff: 26, Sum: 540]
      [Scan RS (ms): Min: 14.9, Avg: 14.9, Max: 15.0, Diff: 0.1, Sum: 29.9]
      [Code Root Scanning (ms): Min: 0.1, Avg: 0.2, Max: 0.2, Diff: 0.1, Sum: 0.3]
      [Object Copy (ms): Min: 55.7, Avg: 56.2, Max: 56.8, Diff: 1.1, Sum: 112.4]
      [Termination (ms): Min: 0.0, Avg: 0.0, Max: 0.0, Diff: 0.0, Sum: 0.0]
      [GC Worker Other (ms): Min: 0.1, Avg: 0.1, Max: 0.2, Diff: 0.1, Sum: 0.2]
      [GC Worker Total (ms): Min: 158.2, Avg: 158.2, Max: 158.3, Diff: 0.1, Sum: 316.5]
      [GC Worker End (ms): Min: 31443627.8, Avg: 31443627.8, Max: 31443627.8, Diff: 0.0]
   [Code Root Fixup: 0.6 ms]
   [Code Root Migration: 0.1 ms]
   [Clear CT: 0.6 ms]
   [Other: 8.0 ms]
      [Choose CSet: 0.0 ms]
      [Ref Proc: 3.9 ms]
      [Ref Enq: 0.4 ms]
      [Free CSet: 1.3 ms]
   [Eden: 402.0M(402.0M)->0.0B(760.0M) Survivors: 60.0M->24.0M Heap: 1708.0M(4096.0M)->1298.0M(4096.0M)]
 [Times: user=0.33 sys=0.00, real=0.17 secs] 
2016-08-30T22:20:38.896+0200: 31489.031: [GC pause (young), 0.1570810 secs]
   [Parallel Time: 148.6 ms, GC Workers: 2]
      [GC Worker Start (ms): Min: 31489032.4, Avg: 31489032.4, Max: 31489032.4, Diff: 0.0]
      [Ext Root Scanning (ms): Min: 49.5, Avg: 49.8, Max: 50.2, Diff: 0.7, Sum: 99.6]
      [Update RS (ms): Min: 41.4, Avg: 41.6, Max: 41.7, Diff: 0.4, Sum: 83.1]
         [Processed Buffers: Min: 258, Avg: 266.5, Max: 275, Diff: 17, Sum: 533]
      [Scan RS (ms): Min: 13.6, Avg: 13.9, Max: 14.3, Diff: 0.7, Sum: 27.9]
      [Code Root Scanning (ms): Min: 0.2, Avg: 0.2, Max: 0.2, Diff: 0.1, Sum: 0.4]
      [Object Copy (ms): Min: 42.3, Avg: 42.9, Max: 43.4, Diff: 1.1, Sum: 85.7]
      [Termination (ms): Min: 0.0, Avg: 0.0, Max: 0.0, Diff: 0.0, Sum: 0.0]
      [GC Worker Other (ms): Min: 0.1, Avg: 0.1, Max: 0.1, Diff: 0.1, Sum: 0.2]
      [GC Worker Total (ms): Min: 148.4, Avg: 148.5, Max: 148.5, Diff: 0.0, Sum: 296.9]
      [GC Worker End (ms): Min: 31489180.8, Avg: 31489180.8, Max: 31489180.8, Diff: 0.0]
   [Code Root Fixup: 0.3 ms]
   [Code Root Migration: 0.1 ms]
   [Clear CT: 0.5 ms]
   [Other: 7.6 ms]
      [Choose CSet: 0.0 ms]
      [Ref Proc: 3.8 ms]
      [Ref Enq: 0.2 ms]
      [Free CSet: 1.3 ms]
   [Eden: 580.0M(502.0M)->0.0B(780.0M) Survivors: 24.0M->40.0M Heap: 1878.0M(4096.0M)->1313.0M(4096.0M)]
 [Times: user=0.31 sys=0.00, real=0.16 secs] 
2016-08-30T22:21:21.790+0200: 31531.925: [GC pause (young), 0.1999730 secs]
   [Parallel Time: 190.2 ms, GC Workers: 2]
      [GC Worker Start (ms): Min: 31531926.7, Avg: 31531926.7, Max: 31531926.7, Diff: 0.0]
      [Ext Root Scanning (ms): Min: 66.6, Avg: 72.9, Max: 79.3, Diff: 12.6, Sum: 145.9]
      [Update RS (ms): Min: 38.2, Avg: 45.6, Max: 53.0, Diff: 14.8, Sum: 91.2]
         [Processed Buffers: Min: 215, Avg: 326.0, Max: 437, Diff: 222, Sum: 652]
      [Scan RS (ms): Min: 15.0, Avg: 15.0, Max: 15.1, Diff: 0.0, Sum: 30.1]
      [Code Root Scanning (ms): Min: 0.2, Avg: 0.2, Max: 0.2, Diff: 0.0, Sum: 0.3]
      [Object Copy (ms): Min: 55.1, Avg: 56.2, Max: 57.4, Diff: 2.3, Sum: 112.4]
      [Termination (ms): Min: 0.0, Avg: 0.0, Max: 0.0, Diff: 0.0, Sum: 0.0]
      [GC Worker Other (ms): Min: 0.1, Avg: 0.1, Max: 0.2, Diff: 0.1, Sum: 0.2]
      [GC Worker Total (ms): Min: 190.0, Avg: 190.1, Max: 190.1, Diff: 0.0, Sum: 380.1]
      [GC Worker End (ms): Min: 31532116.8, Avg: 31532116.8, Max: 31532116.8, Diff: 0.0]
   [Code Root Fixup: 0.4 ms]
   [Code Root Migration: 0.1 ms]
   [Clear CT: 0.5 ms]
   [Other: 8.9 ms]
      [Choose CSet: 0.0 ms]
      [Ref Proc: 4.1 ms]
      [Ref Enq: 0.5 ms]
      [Free CSet: 1.4 ms]
   [Eden: 550.0M(438.0M)->0.0B(374.0M) Survivors: 40.0M->60.0M Heap: 1863.0M(4096.0M)->1342.0M(4096.0M)]
 [Times: user=0.39 sys=0.00, real=0.20 secs] 
2016-08-30T22:21:48.239+0200: 31558.374: [GC pause (young), 0.1785160 secs]
   [Parallel Time: 173.3 ms, GC Workers: 2]
      [GC Worker Start (ms): Min: 31558374.8, Avg: 31558376.4, Max: 31558378.0, Diff: 3.2]
      [Ext Root Scanning (ms): Min: 50.1, Avg: 53.2, Max: 56.3, Diff: 6.2, Sum: 106.4]
      [Update RS (ms): Min: 36.4, Avg: 39.5, Max: 42.6, Diff: 6.2, Sum: 79.0]
         [Processed Buffers: Min: 399, Avg: 403.0, Max: 407, Diff: 8, Sum: 806]
      [Scan RS (ms): Min: 12.9, Avg: 14.5, Max: 16.0, Diff: 3.1, Sum: 28.9]
      [Code Root Scanning (ms): Min: 0.1, Avg: 0.1, Max: 0.1, Diff: 0.0, Sum: 0.1]
      [Object Copy (ms): Min: 64.2, Avg: 64.2, Max: 64.3, Diff: 0.0, Sum: 128.5]
      [Termination (ms): Min: 0.0, Avg: 0.1, Max: 0.1, Diff: 0.1, Sum: 0.1]
      [GC Worker Other (ms): Min: 0.1, Avg: 0.1, Max: 0.1, Diff: 0.0, Sum: 0.2]
      [GC Worker Total (ms): Min: 170.0, Avg: 171.6, Max: 173.2, Diff: 3.2, Sum: 343.3]
      [GC Worker End (ms): Min: 31558548.0, Avg: 31558548.0, Max: 31558548.0, Diff: 0.0]
   [Code Root Fixup: 0.3 ms]
   [Code Root Migration: 0.0 ms]
   [Clear CT: 0.5 ms]
   [Other: 4.4 ms]
      [Choose CSet: 0.0 ms]
      [Ref Proc: 1.8 ms]
      [Ref Enq: 0.1 ms]
      [Free CSet: 0.7 ms]
   [Eden: 374.0M(374.0M)->0.0B(346.0M) Survivors: 60.0M->54.0M Heap: 1716.0M(4096.0M)->1360.0M(4096.0M)]
 [Times: user=0.17 sys=0.00, real=0.18 secs] 
2016-08-30T22:22:14.589+0200: 31584.723: [GC pause (young), 0.1349600 secs]
   [Parallel Time: 128.4 ms, GC Workers: 2]
      [GC Worker Start (ms): Min: 31584725.0, Avg: 31584725.6, Max: 31584726.1, Diff: 1.1]
      [Ext Root Scanning (ms): Min: 51.4, Avg: 51.7, Max: 52.1, Diff: 0.6, Sum: 103.5]
      [Update RS (ms): Min: 28.8, Avg: 29.4, Max: 30.0, Diff: 1.1, Sum: 58.8]
         [Processed Buffers: Min: 340, Avg: 381.5, Max: 423, Diff: 83, Sum: 763]
      [Scan RS (ms): Min: 8.1, Avg: 8.3, Max: 8.5, Diff: 0.4, Sum: 16.6]
      [Code Root Scanning (ms): Min: 0.1, Avg: 0.1, Max: 0.1, Diff: 0.0, Sum: 0.1]
      [Object Copy (ms): Min: 38.0, Avg: 38.1, Max: 38.2, Diff: 0.2, Sum: 76.2]
      [Termination (ms): Min: 0.0, Avg: 0.0, Max: 0.0, Diff: 0.0, Sum: 0.0]
      [GC Worker Other (ms): Min: 0.2, Avg: 0.2, Max: 0.2, Diff: 0.0, Sum: 0.4]
      [GC Worker Total (ms): Min: 127.3, Avg: 127.8, Max: 128.3, Diff: 1.0, Sum: 255.6]
      [GC Worker End (ms): Min: 31584853.4, Avg: 31584853.4, Max: 31584853.4, Diff: 0.0]
   [Code Root Fixup: 0.3 ms]
   [Code Root Migration: 0.0 ms]
   [Clear CT: 0.4 ms]
   [Other: 5.8 ms]
      [Choose CSet: 0.0 ms]
      [Ref Proc: 2.0 ms]
      [Ref Enq: 0.1 ms]
      [Free CSet: 0.9 ms]
   [Eden: 346.0M(346.0M)->0.0B(780.0M) Survivors: 54.0M->46.0M Heap: 1706.0M(4096.0M)->1365.0M(4096.0M)]
 [Times: user=0.26 sys=0.00, real=0.14 secs] 
2016-08-30T22:22:54.957+0200: 31625.092: [GC pause (young), 0.1601730 secs]
   [Parallel Time: 148.5 ms, GC Workers: 2]
      [GC Worker Start (ms): Min: 31625093.2, Avg: 31625093.3, Max: 31625093.3, Diff: 0.1]
      [Ext Root Scanning (ms): Min: 49.5, Avg: 50.7, Max: 51.9, Diff: 2.4, Sum: 101.3]
      [Update RS (ms): Min: 38.7, Avg: 39.5, Max: 40.3, Diff: 1.6, Sum: 79.1]
         [Processed Buffers: Min: 256, Avg: 269.5, Max: 283, Diff: 27, Sum: 539]
      [Scan RS (ms): Min: 12.7, Avg: 12.9, Max: 13.1, Diff: 0.4, Sum: 25.8]
      [Code Root Scanning (ms): Min: 0.2, Avg: 0.2, Max: 0.2, Diff: 0.1, Sum: 0.4]
      [Object Copy (ms): Min: 44.7, Avg: 44.9, Max: 45.1, Diff: 0.4, Sum: 89.8]
      [Termination (ms): Min: 0.0, Avg: 0.0, Max: 0.0, Diff: 0.0, Sum: 0.0]
      [GC Worker Other (ms): Min: 0.2, Avg: 0.2, Max: 0.2, Diff: 0.0, Sum: 0.4]
      [GC Worker Total (ms): Min: 148.3, Avg: 148.4, Max: 148.4, Diff: 0.1, Sum: 296.7]
      [GC Worker End (ms): Min: 31625241.6, Avg: 31625241.6, Max: 31625241.6, Diff: 0.0]
   [Code Root Fixup: 0.5 ms]
   [Code Root Migration: 0.1 ms]
   [Clear CT: 0.7 ms]
   [Other: 10.5 ms]
      [Choose CSet: 0.0 ms]
      [Ref Proc: 5.7 ms]
      [Ref Enq: 0.5 ms]
      [Free CSet: 1.8 ms]
   [Eden: 544.0M(504.0M)->0.0B(932.0M) Survivors: 46.0M->26.0M Heap: 1909.0M(4096.0M)->1359.0M(4096.0M)]
 [Times: user=0.31 sys=0.00, real=0.17 secs] 
2016-08-30T22:23:41.483+0200: 31671.617: [GC pause (young), 0.1886510 secs]
   [Parallel Time: 178.5 ms, GC Workers: 2]
      [GC Worker Start (ms): Min: 31671618.6, Avg: 31671618.6, Max: 31671618.6, Diff: 0.0]
      [Ext Root Scanning (ms): Min: 51.8, Avg: 59.5, Max: 67.3, Diff: 15.5, Sum: 119.1]
      [Update RS (ms): Min: 39.8, Avg: 47.3, Max: 54.9, Diff: 15.1, Sum: 94.6]
         [Processed Buffers: Min: 239, Avg: 298.0, Max: 357, Diff: 118, Sum: 596]
      [Scan RS (ms): Min: 14.4, Avg: 14.8, Max: 15.1, Diff: 0.7, Sum: 29.5]
      [Code Root Scanning (ms): Min: 0.2, Avg: 0.2, Max: 0.3, Diff: 0.1, Sum: 0.4]
      [Object Copy (ms): Min: 56.0, Avg: 56.5, Max: 57.0, Diff: 1.0, Sum: 113.0]
      [Termination (ms): Min: 0.0, Avg: 0.0, Max: 0.0, Diff: 0.0, Sum: 0.0]
      [GC Worker Other (ms): Min: 0.1, Avg: 0.2, Max: 0.2, Diff: 0.0, Sum: 0.3]
      [GC Worker Total (ms): Min: 178.5, Avg: 178.5, Max: 178.5, Diff: 0.0, Sum: 357.0]
      [GC Worker End (ms): Min: 31671797.1, Avg: 31671797.1, Max: 31671797.1, Diff: 0.0]
   [Code Root Fixup: 0.3 ms]
   [Code Root Migration: 0.1 ms]
   [Clear CT: 1.0 ms]
   [Other: 8.8 ms]
      [Choose CSet: 0.0 ms]
      [Ref Proc: 4.3 ms]
      [Ref Enq: 0.3 ms]
      [Free CSet: 1.3 ms]
   [Eden: 608.0M(608.0M)->0.0B(530.0M) Survivors: 26.0M->52.0M Heap: 1967.0M(4096.0M)->1385.0M(4096.0M)]
 [Times: user=0.35 sys=0.00, real=0.19 secs] 
2016-08-30T22:24:11.455+0200: 31701.590: [GC pause (young), 0.1826530 secs]
   [Parallel Time: 172.5 ms, GC Workers: 2]
      [GC Worker Start (ms): Min: 31701591.4, Avg: 31701591.7, Max: 31701592.0, Diff: 0.6]
      [Ext Root Scanning (ms): Min: 52.3, Avg: 59.2, Max: 66.1, Diff: 13.8, Sum: 118.3]
      [Update RS (ms): Min: 29.2, Avg: 36.4, Max: 43.6, Diff: 14.4, Sum: 72.7]
         [Processed Buffers: Min: 227, Avg: 263.5, Max: 300, Diff: 73, Sum: 527]
      [Scan RS (ms): Min: 16.4, Avg: 16.8, Max: 17.1, Diff: 0.7, Sum: 33.6]
      [Code Root Scanning (ms): Min: 0.3, Avg: 0.4, Max: 0.4, Diff: 0.0, Sum: 0.7]
      [Object Copy (ms): Min: 59.0, Avg: 59.4, Max: 59.7, Diff: 0.6, Sum: 118.7]
      [Termination (ms): Min: 0.0, Avg: 0.0, Max: 0.0, Diff: 0.0, Sum: 0.0]
      [GC Worker Other (ms): Min: 0.2, Avg: 0.2, Max: 0.2, Diff: 0.0, Sum: 0.4]
      [GC Worker Total (ms): Min: 171.9, Avg: 172.2, Max: 172.5, Diff: 0.6, Sum: 344.4]
      [GC Worker End (ms): Min: 31701763.9, Avg: 31701763.9, Max: 31701763.9, Diff: 0.0]
   [Code Root Fixup: 0.6 ms]
   [Code Root Migration: 0.1 ms]
   [Clear CT: 0.7 ms]
   [Other: 8.8 ms]
      [Choose CSet: 0.0 ms]
      [Ref Proc: 3.8 ms]
      [Ref Enq: 0.3 ms]
      [Free CSet: 1.4 ms]
   [Eden: 406.0M(324.0M)->0.0B(764.0M) Survivors: 52.0M->22.0M Heap: 1791.0M(4096.0M)->1383.0M(4096.0M)]
 [Times: user=0.34 sys=0.00, real=0.18 secs] 
2016-08-30T22:24:57.236+0200: 31747.370: [GC pause (young), 0.1736520 secs]
   [Parallel Time: 161.8 ms, GC Workers: 2]
      [GC Worker Start (ms): Min: 31747371.9, Avg: 31747371.9, Max: 31747371.9, Diff: 0.1]
      [Ext Root Scanning (ms): Min: 53.8, Avg: 54.2, Max: 54.5, Diff: 0.8, Sum: 108.3]
      [Update RS (ms): Min: 42.9, Avg: 44.0, Max: 45.0, Diff: 2.1, Sum: 88.0]
         [Processed Buffers: Min: 273, Avg: 279.0, Max: 285, Diff: 12, Sum: 558]
      [Scan RS (ms): Min: 12.9, Avg: 13.3, Max: 13.8, Diff: 0.9, Sum: 26.7]
      [Code Root Scanning (ms): Min: 0.2, Avg: 0.2, Max: 0.2, Diff: 0.0, Sum: 0.4]
      [Object Copy (ms): Min: 49.6, Avg: 49.8, Max: 49.9, Diff: 0.4, Sum: 99.5]
      [Termination (ms): Min: 0.0, Avg: 0.0, Max: 0.0, Diff: 0.0, Sum: 0.0]
      [GC Worker Other (ms): Min: 0.2, Avg: 0.2, Max: 0.2, Diff: 0.0, Sum: 0.4]
      [GC Worker Total (ms): Min: 161.6, Avg: 161.7, Max: 161.7, Diff: 0.1, Sum: 323.3]
      [GC Worker End (ms): Min: 31747533.6, Avg: 31747533.6, Max: 31747533.6, Diff: 0.0]
   [Code Root Fixup: 0.5 ms]
   [Code Root Migration: 0.1 ms]
   [Clear CT: 0.7 ms]
   [Other: 10.6 ms]
      [Choose CSet: 0.0 ms]
      [Ref Proc: 6.5 ms]
      [Ref Enq: 0.2 ms]
      [Free CSet: 1.5 ms]
   [Eden: 630.0M(524.0M)->0.0B(564.0M) Survivors: 22.0M->40.0M Heap: 2013.0M(4096.0M)->1402.0M(4096.0M)]
 [Times: user=0.33 sys=0.00, real=0.18 secs] 
2016-08-30T22:25:38.154+0200: 31788.289: [GC pause (young), 0.1674980 secs]
   [Parallel Time: 160.8 ms, GC Workers: 2]
      [GC Worker Start (ms): Min: 31788290.0, Avg: 31788290.0, Max: 31788290.0, Diff: 0.0]
      [Ext Root Scanning (ms): Min: 74.8, Avg: 78.0, Max: 81.2, Diff: 6.4, Sum: 156.0]
      [Update RS (ms): Min: 34.0, Avg: 40.1, Max: 46.2, Diff: 12.2, Sum: 80.2]
         [Processed Buffers: Min: 197, Avg: 250.5, Max: 304, Diff: 107, Sum: 501]
      [Scan RS (ms): Min: 10.1, Avg: 10.1, Max: 10.1, Diff: 0.1, Sum: 20.2]
      [Code Root Scanning (ms): Min: 0.1, Avg: 0.1, Max: 0.1, Diff: 0.0, Sum: 0.2]
      [Object Copy (ms): Min: 29.4, Avg: 32.4, Max: 35.3, Diff: 5.9, Sum: 64.7]
      [Termination (ms): Min: 0.0, Avg: 0.0, Max: 0.0, Diff: 0.0, Sum: 0.0]
      [GC Worker Other (ms): Min: 0.0, Avg: 0.1, Max: 0.1, Diff: 0.1, Sum: 0.2]
      [GC Worker Total (ms): Min: 160.7, Avg: 160.7, Max: 160.7, Diff: 0.0, Sum: 321.4]
      [GC Worker End (ms): Min: 31788450.7, Avg: 31788450.7, Max: 31788450.7, Diff: 0.0]
   [Code Root Fixup: 0.2 ms]
   [Code Root Migration: 0.1 ms]
   [Clear CT: 0.4 ms]
   [Other: 6.0 ms]
      [Choose CSet: 0.0 ms]
      [Ref Proc: 2.7 ms]
      [Ref Enq: 0.2 ms]
      [Free CSet: 1.0 ms]
   [Eden: 508.0M(360.0M)->0.0B(692.0M) Survivors: 40.0M->28.0M Heap: 1910.0M(4096.0M)->1410.0M(4096.0M)]
 [Times: user=0.20 sys=0.00, real=0.17 secs] 
2016-08-30T22:26:13.836+0200: 31823.971: [GC pause (young), 0.1962820 secs]
   [Parallel Time: 183.8 ms, GC Workers: 2]
      [GC Worker Start (ms): Min: 31823972.3, Avg: 31823972.3, Max: 31823972.3, Diff: 0.0]
      [Ext Root Scanning (ms): Min: 51.3, Avg: 51.7, Max: 52.1, Diff: 0.8, Sum: 103.5]
      [Update RS (ms): Min: 46.4, Avg: 46.4, Max: 46.5, Diff: 0.2, Sum: 92.9]
         [Processed Buffers: Min: 405, Avg: 427.0, Max: 449, Diff: 44, Sum: 854]
      [Scan RS (ms): Min: 13.8, Avg: 14.0, Max: 14.2, Diff: 0.4, Sum: 27.9]
      [Code Root Scanning (ms): Min: 0.2, Avg: 0.2, Max: 0.3, Diff: 0.1, Sum: 0.4]
      [Object Copy (ms): Min: 70.7, Avg: 71.2, Max: 71.7, Diff: 1.0, Sum: 142.4]
      [Termination (ms): Min: 0.0, Avg: 0.0, Max: 0.0, Diff: 0.0, Sum: 0.0]
      [GC Worker Other (ms): Min: 0.1, Avg: 0.1, Max: 0.1, Diff: 0.1, Sum: 0.2]
      [GC Worker Total (ms): Min: 183.7, Avg: 183.7, Max: 183.7, Diff: 0.0, Sum: 367.4]
      [GC Worker End (ms): Min: 31824156.0, Avg: 31824156.0, Max: 31824156.0, Diff: 0.0]
   [Code Root Fixup: 0.5 ms]
   [Code Root Migration: 0.1 ms]
   [Clear CT: 0.6 ms]
   [Other: 11.3 ms]
      [Choose CSet: 0.0 ms]
      [Ref Proc: 6.6 ms]
      [Ref Enq: 0.3 ms]
      [Free CSet: 1.4 ms]
   [Eden: 604.0M(540.0M)->0.0B(378.0M) Survivors: 28.0M->72.0M Heap: 2014.0M(4096.0M)->1463.0M(4096.0M)]
 [Times: user=0.38 sys=0.00, real=0.20 secs] 
2016-08-30T22:26:40.379+0200: 31850.513: [GC pause (young), 0.1760330 secs]
   [Parallel Time: 168.3 ms, GC Workers: 2]
      [GC Worker Start (ms): Min: 31850514.8, Avg: 31850514.8, Max: 31850514.9, Diff: 0.1]
      [Ext Root Scanning (ms): Min: 56.2, Avg: 56.5, Max: 56.8, Diff: 0.6, Sum: 113.0]
      [Update RS (ms): Min: 26.1, Avg: 26.4, Max: 26.7, Diff: 0.6, Sum: 52.8]
         [Processed Buffers: Min: 278, Avg: 279.0, Max: 280, Diff: 2, Sum: 558]
      [Scan RS (ms): Min: 15.7, Avg: 16.1, Max: 16.5, Diff: 0.8, Sum: 32.2]
      [Code Root Scanning (ms): Min: 0.1, Avg: 0.2, Max: 0.2, Diff: 0.0, Sum: 0.3]
      [Object Copy (ms): Min: 68.5, Avg: 68.9, Max: 69.3, Diff: 0.8, Sum: 137.7]
      [Termination (ms): Min: 0.0, Avg: 0.0, Max: 0.0, Diff: 0.0, Sum: 0.0]
      [GC Worker Other (ms): Min: 0.1, Avg: 0.1, Max: 0.2, Diff: 0.1, Sum: 0.2]
      [GC Worker Total (ms): Min: 168.1, Avg: 168.2, Max: 168.2, Diff: 0.1, Sum: 336.3]
      [GC Worker End (ms): Min: 31850683.0, Avg: 31850683.0, Max: 31850683.0, Diff: 0.0]
   [Code Root Fixup: 0.2 ms]
   [Code Root Migration: 0.1 ms]
   [Clear CT: 0.9 ms]
   [Other: 6.6 ms]
      [Choose CSet: 0.0 ms]
      [Ref Proc: 2.7 ms]
      [Ref Enq: 0.1 ms]
      [Free CSet: 1.0 ms]
   [Eden: 378.0M(378.0M)->0.0B(784.0M) Survivors: 72.0M->26.0M Heap: 1841.0M(4096.0M)->1482.0M(4096.0M)]
 [Times: user=0.32 sys=0.00, real=0.18 secs] 
2016-08-30T22:27:21.737+0200: 31891.872: [GC pause (young), 0.1807140 secs]
   [Parallel Time: 171.1 ms, GC Workers: 2]
      [GC Worker Start (ms): Min: 31891873.4, Avg: 31891873.8, Max: 31891874.3, Diff: 1.0]
      [Ext Root Scanning (ms): Min: 51.1, Avg: 53.0, Max: 54.9, Diff: 3.8, Sum: 106.0]
      [Update RS (ms): Min: 42.4, Avg: 44.4, Max: 46.5, Diff: 4.1, Sum: 88.8]
         [Processed Buffers: Min: 338, Avg: 360.0, Max: 382, Diff: 44, Sum: 720]
      [Scan RS (ms): Min: 12.9, Avg: 12.9, Max: 12.9, Diff: 0.1, Sum: 25.8]
      [Code Root Scanning (ms): Min: 0.2, Avg: 0.2, Max: 0.3, Diff: 0.1, Sum: 0.5]
      [Object Copy (ms): Min: 59.6, Avg: 59.9, Max: 60.2, Diff: 0.5, Sum: 119.8]
      [Termination (ms): Min: 0.0, Avg: 0.0, Max: 0.0, Diff: 0.0, Sum: 0.0]
      [GC Worker Other (ms): Min: 0.1, Avg: 0.1, Max: 0.2, Diff: 0.1, Sum: 0.2]
      [GC Worker Total (ms): Min: 170.1, Avg: 170.5, Max: 171.0, Diff: 1.0, Sum: 341.1]
      [GC Worker End (ms): Min: 31892044.4, Avg: 31892044.4, Max: 31892044.4, Diff: 0.0]
   [Code Root Fixup: 0.3 ms]
   [Code Root Migration: 0.1 ms]
   [Clear CT: 0.5 ms]
   [Other: 8.7 ms]
      [Choose CSet: 0.0 ms]
      [Ref Proc: 4.3 ms]
      [Ref Enq: 0.3 ms]
      [Free CSet: 1.5 ms]
   [Eden: 646.0M(558.0M)->0.0B(312.0M) Survivors: 26.0M->68.0M Heap: 2128.0M(4096.0M)->1525.0M(4096.0M)]
 [Times: user=0.35 sys=0.00, real=0.18 secs] 
2016-08-30T22:27:42.828+0200: 31912.963: [GC pause (young), 0.1871310 secs]
   [Parallel Time: 178.5 ms, GC Workers: 2]
      [GC Worker Start (ms): Min: 31912964.2, Avg: 31912967.1, Max: 31912970.0, Diff: 5.8]
      [Ext Root Scanning (ms): Min: 49.0, Avg: 50.2, Max: 51.4, Diff: 2.4, Sum: 100.4]
      [Update RS (ms): Min: 45.4, Avg: 45.4, Max: 45.5, Diff: 0.1, Sum: 90.9]
         [Processed Buffers: Min: 361, Avg: 397.0, Max: 433, Diff: 72, Sum: 794]
      [Scan RS (ms): Min: 15.0, Avg: 15.0, Max: 15.1, Diff: 0.1, Sum: 30.1]
      [Code Root Scanning (ms): Min: 0.1, Avg: 0.1, Max: 0.2, Diff: 0.1, Sum: 0.2]
      [Object Copy (ms): Min: 62.8, Avg: 64.6, Max: 66.4, Diff: 3.6, Sum: 129.2]
      [Termination (ms): Min: 0.0, Avg: 0.0, Max: 0.0, Diff: 0.0, Sum: 0.0]
      [GC Worker Other (ms): Min: 0.1, Avg: 0.1, Max: 0.1, Diff: 0.1, Sum: 0.2]
      [GC Worker Total (ms): Min: 172.6, Avg: 175.5, Max: 178.4, Diff: 5.8, Sum: 351.0]
      [GC Worker End (ms): Min: 31913142.6, Avg: 31913142.6, Max: 31913142.6, Diff: 0.0]
   [Code Root Fixup: 0.4 ms]
   [Code Root Migration: 0.1 ms]
   [Clear CT: 0.6 ms]
   [Other: 7.6 ms]
      [Choose CSet: 0.0 ms]
      [Ref Proc: 3.0 ms]
      [Ref Enq: 0.3 ms]
      [Free CSet: 1.0 ms]
   [Eden: 312.0M(312.0M)->0.0B(378.0M) Survivors: 68.0M->44.0M Heap: 1837.0M(4096.0M)->1530.0M(4096.0M)]
 [Times: user=0.34 sys=0.00, real=0.19 secs] 
2016-08-30T22:28:11.297+0200: 31941.431: [GC pause (young), 0.1750430 secs]
   [Parallel Time: 169.3 ms, GC Workers: 2]
      [GC Worker Start (ms): Min: 31941432.2, Avg: 31941432.2, Max: 31941432.2, Diff: 0.0]
      [Ext Root Scanning (ms): Min: 87.4, Avg: 90.5, Max: 93.7, Diff: 6.3, Sum: 181.1]
      [Update RS (ms): Min: 32.8, Avg: 35.7, Max: 38.7, Diff: 6.0, Sum: 71.5]
         [Processed Buffers: Min: 226, Avg: 280.0, Max: 334, Diff: 108, Sum: 560]
      [Scan RS (ms): Min: 7.3, Avg: 7.7, Max: 8.1, Diff: 0.7, Sum: 15.4]
      [Code Root Scanning (ms): Min: 0.1, Avg: 0.1, Max: 0.1, Diff: 0.1, Sum: 0.2]
      [Object Copy (ms): Min: 34.9, Avg: 35.0, Max: 35.1, Diff: 0.2, Sum: 70.0]
      [Termination (ms): Min: 0.0, Avg: 0.0, Max: 0.0, Diff: 0.0, Sum: 0.0]
      [GC Worker Other (ms): Min: 0.1, Avg: 0.1, Max: 0.2, Diff: 0.1, Sum: 0.3]
      [GC Worker Total (ms): Min: 169.2, Avg: 169.2, Max: 169.2, Diff: 0.0, Sum: 338.4]
      [GC Worker End (ms): Min: 31941601.4, Avg: 31941601.4, Max: 31941601.4, Diff: 0.0]
   [Code Root Fixup: 0.2 ms]
   [Code Root Migration: 0.0 ms]
   [Clear CT: 0.4 ms]
   [Other: 5.1 ms]
      [Choose CSet: 0.0 ms]
      [Ref Proc: 2.3 ms]
      [Ref Enq: 0.1 ms]
      [Free CSet: 0.9 ms]
   [Eden: 378.0M(378.0M)->0.0B(508.0M) Survivors: 44.0M->22.0M Heap: 1908.0M(4096.0M)->1520.0M(4096.0M)]
 [Times: user=0.22 sys=0.00, real=0.18 secs] 
2016-08-30T22:28:39.837+0200: 31969.971: [GC pause (young), 0.1651340 secs]
   [Parallel Time: 153.8 ms, GC Workers: 2]
      [GC Worker Start (ms): Min: 31969972.8, Avg: 31969972.9, Max: 31969973.0, Diff: 0.2]
      [Ext Root Scanning (ms): Min: 50.0, Avg: 50.6, Max: 51.1, Diff: 1.1, Sum: 101.1]
      [Update RS (ms): Min: 38.2, Avg: 38.6, Max: 38.9, Diff: 0.7, Sum: 77.2]
         [Processed Buffers: Min: 291, Avg: 309.0, Max: 327, Diff: 36, Sum: 618]
      [Scan RS (ms): Min: 11.3, Avg: 11.5, Max: 11.7, Diff: 0.4, Sum: 23.0]
      [Code Root Scanning (ms): Min: 0.1, Avg: 0.2, Max: 0.2, Diff: 0.0, Sum: 0.3]
      [Object Copy (ms): Min: 52.2, Avg: 52.7, Max: 53.2, Diff: 1.0, Sum: 105.4]
      [Termination (ms): Min: 0.0, Avg: 0.0, Max: 0.0, Diff: 0.0, Sum: 0.0]
      [GC Worker Other (ms): Min: 0.1, Avg: 0.1, Max: 0.2, Diff: 0.1, Sum: 0.2]
      [GC Worker Total (ms): Min: 153.5, Avg: 153.6, Max: 153.7, Diff: 0.2, Sum: 307.3]
      [GC Worker End (ms): Min: 31970126.5, Avg: 31970126.5, Max: 31970126.5, Diff: 0.0]
   [Code Root Fixup: 0.4 ms]
   [Code Root Migration: 0.1 ms]
   [Clear CT: 0.6 ms]
   [Other: 10.2 ms]
      [Choose CSet: 0.0 ms]
      [Ref Proc: 5.6 ms]
      [Ref Enq: 0.5 ms]
      [Free CSet: 1.4 ms]
   [Eden: 508.0M(508.0M)->0.0B(414.0M) Survivors: 22.0M->56.0M Heap: 2028.0M(4096.0M)->1554.0M(4096.0M)]
 [Times: user=0.32 sys=0.00, real=0.17 secs] 
2016-08-30T22:29:03.582+0200: 31993.716: [GC pause (young), 0.1673520 secs]
   [Parallel Time: 156.8 ms, GC Workers: 2]
      [GC Worker Start (ms): Min: 31993717.5, Avg: 31993717.6, Max: 31993717.6, Diff: 0.1]
      [Ext Root Scanning (ms): Min: 51.6, Avg: 52.2, Max: 52.7, Diff: 1.1, Sum: 104.3]
      [Update RS (ms): Min: 33.3, Avg: 33.4, Max: 33.5, Diff: 0.2, Sum: 66.8]
         [Processed Buffers: Min: 260, Avg: 283.5, Max: 307, Diff: 47, Sum: 567]
      [Scan RS (ms): Min: 14.8, Avg: 14.8, Max: 14.8, Diff: 0.0, Sum: 29.5]
      [Code Root Scanning (ms): Min: 0.1, Avg: 0.1, Max: 0.2, Diff: 0.1, Sum: 0.3]
      [Object Copy (ms): Min: 55.2, Avg: 55.8, Max: 56.5, Diff: 1.2, Sum: 111.7]
      [Termination (ms): Min: 0.0, Avg: 0.0, Max: 0.0, Diff: 0.0, Sum: 0.0]
      [GC Worker Other (ms): Min: 0.2, Avg: 0.3, Max: 0.5, Diff: 0.3, Sum: 0.6]
      [GC Worker Total (ms): Min: 156.6, Avg: 156.6, Max: 156.7, Diff: 0.1, Sum: 313.3]
      [GC Worker End (ms): Min: 31993874.2, Avg: 31993874.2, Max: 31993874.2, Diff: 0.0]
   [Code Root Fixup: 0.4 ms]
   [Code Root Migration: 0.1 ms]
   [Clear CT: 0.7 ms]
   [Other: 9.3 ms]
      [Choose CSet: 0.0 ms]
      [Ref Proc: 4.9 ms]
      [Ref Enq: 0.3 ms]
      [Free CSet: 1.3 ms]
   [Eden: 408.0M(230.0M)->0.0B(764.0M) Survivors: 56.0M->26.0M Heap: 1962.0M(4096.0M)->1554.0M(4096.0M)]
 [Times: user=0.32 sys=0.00, real=0.17 secs] 
2016-08-30T22:29:39.561+0200: 32029.696: [GC pause (young), 0.1437980 secs]
   [Parallel Time: 135.8 ms, GC Workers: 2]
      [GC Worker Start (ms): Min: 32029697.3, Avg: 32029697.4, Max: 32029697.4, Diff: 0.1]
      [Ext Root Scanning (ms): Min: 45.9, Avg: 47.9, Max: 49.9, Diff: 4.0, Sum: 95.7]
      [Update RS (ms): Min: 36.9, Avg: 38.0, Max: 39.1, Diff: 2.3, Sum: 76.0]
         [Processed Buffers: Min: 227, Avg: 302.5, Max: 378, Diff: 151, Sum: 605]
      [Scan RS (ms): Min: 9.7, Avg: 10.1, Max: 10.5, Diff: 0.8, Sum: 20.2]
      [Code Root Scanning (ms): Min: 0.1, Avg: 0.1, Max: 0.1, Diff: 0.0, Sum: 0.2]
      [Object Copy (ms): Min: 39.0, Avg: 39.5, Max: 40.1, Diff: 1.1, Sum: 79.0]
      [Termination (ms): Min: 0.0, Avg: 0.0, Max: 0.0, Diff: 0.0, Sum: 0.0]
      [GC Worker Other (ms): Min: 0.1, Avg: 0.1, Max: 0.1, Diff: 0.1, Sum: 0.2]
      [GC Worker Total (ms): Min: 135.6, Avg: 135.7, Max: 135.7, Diff: 0.1, Sum: 271.4]
      [GC Worker End (ms): Min: 32029833.0, Avg: 32029833.0, Max: 32029833.0, Diff: 0.0]
   [Code Root Fixup: 0.3 ms]
   [Code Root Migration: 0.1 ms]
   [Clear CT: 0.5 ms]
   [Other: 7.1 ms]
      [Choose CSet: 0.0 ms]
      [Ref Proc: 3.5 ms]
      [Ref Enq: 0.2 ms]
      [Free CSet: 1.1 ms]
   [Eden: 544.0M(544.0M)->0.0B(816.0M) Survivors: 26.0M->44.0M Heap: 2098.0M(4096.0M)->1572.0M(4096.0M)]
 [Times: user=0.28 sys=0.00, real=0.14 secs] 
2016-08-30T22:30:11.190+0200: 32061.325: [GC pause (young), 0.1867600 secs]
   [Parallel Time: 174.8 ms, GC Workers: 2]
      [GC Worker Start (ms): Min: 32061326.8, Avg: 32061328.2, Max: 32061329.7, Diff: 2.9]
      [Ext Root Scanning (ms): Min: 51.7, Avg: 58.2, Max: 64.7, Diff: 13.0, Sum: 116.4]
      [Update RS (ms): Min: 33.7, Avg: 40.3, Max: 46.9, Diff: 13.2, Sum: 80.7]
         [Processed Buffers: Min: 212, Avg: 268.0, Max: 324, Diff: 112, Sum: 536]
      [Scan RS (ms): Min: 15.9, Avg: 16.0, Max: 16.1, Diff: 0.2, Sum: 31.9]
      [Code Root Scanning (ms): Min: 0.2, Avg: 0.2, Max: 0.2, Diff: 0.1, Sum: 0.4]
      [Object Copy (ms): Min: 56.8, Avg: 58.2, Max: 59.6, Diff: 2.8, Sum: 116.5]
      [Termination (ms): Min: 0.0, Avg: 0.0, Max: 0.0, Diff: 0.0, Sum: 0.0]
      [GC Worker Other (ms): Min: 0.2, Avg: 0.2, Max: 0.2, Diff: 0.0, Sum: 0.4]
      [GC Worker Total (ms): Min: 171.7, Avg: 173.1, Max: 174.6, Diff: 2.9, Sum: 346.2]
      [GC Worker End (ms): Min: 32061501.3, Avg: 32061501.4, Max: 32061501.4, Diff: 0.0]
   [Code Root Fixup: 0.5 ms]
   [Code Root Migration: 0.1 ms]
   [Clear CT: 0.7 ms]
   [Other: 10.7 ms]
      [Choose CSet: 0.0 ms]
      [Ref Proc: 5.4 ms]
      [Ref Enq: 0.5 ms]
      [Free CSet: 1.6 ms]
   [Eden: 500.0M(500.0M)->0.0B(652.0M) Survivors: 44.0M->42.0M Heap: 2072.0M(4096.0M)->1577.0M(4096.0M)]
 [Times: user=0.36 sys=0.00, real=0.19 secs] 
2016-08-30T22:30:41.207+0200: 32091.342: [GC pause (young), 0.1696080 secs]
   [Parallel Time: 159.8 ms, GC Workers: 2]
      [GC Worker Start (ms): Min: 32091342.9, Avg: 32091342.9, Max: 32091342.9, Diff: 0.0]
      [Ext Root Scanning (ms): Min: 50.0, Avg: 51.0, Max: 52.0, Diff: 2.0, Sum: 102.0]
      [Update RS (ms): Min: 34.0, Avg: 35.0, Max: 36.1, Diff: 2.1, Sum: 70.1]
         [Processed Buffers: Min: 245, Avg: 273.5, Max: 302, Diff: 57, Sum: 547]
      [Scan RS (ms): Min: 14.9, Avg: 15.2, Max: 15.4, Diff: 0.6, Sum: 30.3]
      [Code Root Scanning (ms): Min: 0.1, Avg: 0.2, Max: 0.2, Diff: 0.1, Sum: 0.4]
      [Object Copy (ms): Min: 57.9, Avg: 58.1, Max: 58.3, Diff: 0.4, Sum: 116.3]
      [Termination (ms): Min: 0.0, Avg: 0.0, Max: 0.0, Diff: 0.0, Sum: 0.0]
      [GC Worker Other (ms): Min: 0.1, Avg: 0.1, Max: 0.2, Diff: 0.1, Sum: 0.2]
      [GC Worker Total (ms): Min: 159.6, Avg: 159.7, Max: 159.7, Diff: 0.0, Sum: 319.3]
      [GC Worker End (ms): Min: 32091502.6, Avg: 32091502.6, Max: 32091502.6, Diff: 0.0]
   [Code Root Fixup: 0.5 ms]
   [Code Root Migration: 0.1 ms]
   [Clear CT: 0.6 ms]
   [Other: 8.7 ms]
      [Choose CSet: 0.0 ms]
      [Ref Proc: 4.4 ms]
      [Ref Enq: 0.4 ms]
      [Free CSet: 1.3 ms]
   [Eden: 478.0M(420.0M)->0.0B(692.0M) Survivors: 42.0M->44.0M Heap: 2055.0M(4096.0M)->1591.0M(4096.0M)]
 [Times: user=0.33 sys=0.00, real=0.17 secs] 
2016-08-30T22:31:14.361+0200: 32124.496: [GC pause (young), 0.2003670 secs]
   [Parallel Time: 192.3 ms, GC Workers: 2]
      [GC Worker Start (ms): Min: 32124497.5, Avg: 32124497.5, Max: 32124497.6, Diff: 0.0]
      [Ext Root Scanning (ms): Min: 53.8, Avg: 61.3, Max: 68.7, Diff: 14.9, Sum: 122.5]
      [Update RS (ms): Min: 36.9, Avg: 45.6, Max: 54.4, Diff: 17.5, Sum: 91.3]
         [Processed Buffers: Min: 249, Avg: 381.5, Max: 514, Diff: 265, Sum: 763]
      [Scan RS (ms): Min: 18.3, Avg: 18.3, Max: 18.4, Diff: 0.1, Sum: 36.7]
      [Code Root Scanning (ms): Min: 0.2, Avg: 0.2, Max: 0.2, Diff: 0.1, Sum: 0.4]
      [Object Copy (ms): Min: 65.4, Avg: 66.6, Max: 67.9, Diff: 2.6, Sum: 133.3]
      [Termination (ms): Min: 0.0, Avg: 0.0, Max: 0.0, Diff: 0.0, Sum: 0.0]
      [GC Worker Other (ms): Min: 0.2, Avg: 0.2, Max: 0.2, Diff: 0.0, Sum: 0.3]
      [GC Worker Total (ms): Min: 192.2, Avg: 192.2, Max: 192.3, Diff: 0.0, Sum: 384.5]
      [GC Worker End (ms): Min: 32124689.8, Avg: 32124689.8, Max: 32124689.8, Diff: 0.0]
   [Code Root Fixup: 0.2 ms]
   [Code Root Migration: 0.1 ms]
   [Clear CT: 0.4 ms]
   [Other: 7.3 ms]
      [Choose CSet: 0.0 ms]
      [Ref Proc: 3.2 ms]
      [Ref Enq: 0.2 ms]
      [Free CSet: 1.0 ms]
   [Eden: 540.0M(452.0M)->0.0B(432.0M) Survivors: 44.0M->62.0M Heap: 2131.0M(4096.0M)->1625.0M(4096.0M)]
 [Times: user=0.37 sys=0.00, real=0.20 secs] 
2016-08-30T22:31:44.496+0200: 32154.631: [GC pause (young), 0.1851900 secs]
   [Parallel Time: 177.3 ms, GC Workers: 2]
      [GC Worker Start (ms): Min: 32154632.2, Avg: 32154632.2, Max: 32154632.3, Diff: 0.0]
      [Ext Root Scanning (ms): Min: 56.4, Avg: 56.9, Max: 57.3, Diff: 0.9, Sum: 113.7]
      [Update RS (ms): Min: 41.2, Avg: 41.9, Max: 42.5, Diff: 1.3, Sum: 83.7]
         [Processed Buffers: Min: 314, Avg: 369.5, Max: 425, Diff: 111, Sum: 739]
      [Scan RS (ms): Min: 16.4, Avg: 16.4, Max: 16.4, Diff: 0.0, Sum: 32.8]
      [Code Root Scanning (ms): Min: 0.1, Avg: 0.2, Max: 0.2, Diff: 0.1, Sum: 0.3]
      [Object Copy (ms): Min: 60.5, Avg: 61.7, Max: 62.8, Diff: 2.3, Sum: 123.3]
      [Termination (ms): Min: 0.0, Avg: 0.0, Max: 0.0, Diff: 0.0, Sum: 0.0]
      [GC Worker Other (ms): Min: 0.2, Avg: 0.2, Max: 0.2, Diff: 0.0, Sum: 0.4]
      [GC Worker Total (ms): Min: 177.1, Avg: 177.1, Max: 177.2, Diff: 0.0, Sum: 354.3]
      [GC Worker End (ms): Min: 32154809.4, Avg: 32154809.4, Max: 32154809.4, Diff: 0.0]
   [Code Root Fixup: 0.2 ms]
   [Code Root Migration: 0.1 ms]
   [Clear CT: 0.4 ms]
   [Other: 7.2 ms]
      [Choose CSet: 0.0 ms]
      [Ref Proc: 3.1 ms]
      [Ref Enq: 0.2 ms]
      [Free CSet: 1.0 ms]
   [Eden: 432.0M(432.0M)->0.0B(402.0M) Survivors: 62.0M->46.0M Heap: 2057.0M(4096.0M)->1664.0M(4096.0M)]
 [Times: user=0.34 sys=0.01, real=0.19 secs] 
2016-08-30T22:32:14.751+0200: 32184.886: [GC pause (young), 0.1604050 secs]
   [Parallel Time: 152.7 ms, GC Workers: 2]
      [GC Worker Start (ms): Min: 32184887.6, Avg: 32184887.7, Max: 32184887.7, Diff: 0.0]
      [Ext Root Scanning (ms): Min: 52.4, Avg: 52.7, Max: 53.0, Diff: 0.6, Sum: 105.3]
      [Update RS (ms): Min: 39.9, Avg: 40.2, Max: 40.4, Diff: 0.6, Sum: 80.3]
         [Processed Buffers: Min: 377, Avg: 380.0, Max: 383, Diff: 6, Sum: 760]
      [Scan RS (ms): Min: 11.8, Avg: 12.0, Max: 12.1, Diff: 0.3, Sum: 23.9]
      [Code Root Scanning (ms): Min: 0.1, Avg: 0.1, Max: 0.2, Diff: 0.1, Sum: 0.3]
      [Object Copy (ms): Min: 47.0, Avg: 47.5, Max: 47.9, Diff: 0.9, Sum: 94.9]
      [Termination (ms): Min: 0.0, Avg: 0.0, Max: 0.0, Diff: 0.0, Sum: 0.0]
      [GC Worker Other (ms): Min: 0.1, Avg: 0.1, Max: 0.2, Diff: 0.1, Sum: 0.2]
      [GC Worker Total (ms): Min: 152.5, Avg: 152.5, Max: 152.5, Diff: 0.0, Sum: 305.0]
      [GC Worker End (ms): Min: 32185040.2, Avg: 32185040.2, Max: 32185040.2, Diff: 0.0]
   [Code Root Fixup: 0.3 ms]
   [Code Root Migration: 0.1 ms]
   [Clear CT: 0.5 ms]
   [Other: 6.9 ms]
      [Choose CSet: 0.0 ms]
      [Ref Proc: 2.8 ms]
      [Ref Enq: 0.2 ms]
      [Free CSet: 0.9 ms]
   [Eden: 402.0M(402.0M)->0.0B(532.0M) Survivors: 46.0M->44.0M Heap: 2066.0M(4096.0M)->1676.0M(4096.0M)]
 [Times: user=0.32 sys=0.00, real=0.16 secs] 
2016-08-30T22:32:48.691+0200: 32218.826: [GC pause (young), 0.1400960 secs]
   [Parallel Time: 134.0 ms, GC Workers: 2]
      [GC Worker Start (ms): Min: 32218826.5, Avg: 32218828.4, Max: 32218830.2, Diff: 3.7]
      [Ext Root Scanning (ms): Min: 46.4, Avg: 50.2, Max: 53.9, Diff: 7.4, Sum: 100.3]
      [Update RS (ms): Min: 41.3, Avg: 43.6, Max: 45.8, Diff: 4.5, Sum: 87.2]
         [Processed Buffers: Min: 430, Avg: 432.5, Max: 435, Diff: 5, Sum: 865]
      [Scan RS (ms): Min: 5.8, Avg: 6.0, Max: 6.2, Diff: 0.4, Sum: 12.1]
      [Code Root Scanning (ms): Min: 0.1, Avg: 0.1, Max: 0.1, Diff: 0.1, Sum: 0.2]
      [Object Copy (ms): Min: 32.1, Avg: 32.2, Max: 32.3, Diff: 0.2, Sum: 64.4]
      [Termination (ms): Min: 0.0, Avg: 0.0, Max: 0.0, Diff: 0.0, Sum: 0.0]
      [GC Worker Other (ms): Min: 0.0, Avg: 0.1, Max: 0.1, Diff: 0.1, Sum: 0.1]
      [GC Worker Total (ms): Min: 130.3, Avg: 132.1, Max: 134.0, Diff: 3.7, Sum: 264.3]
      [GC Worker End (ms): Min: 32218960.5, Avg: 32218960.5, Max: 32218960.5, Diff: 0.0]
   [Code Root Fixup: 0.2 ms]
   [Code Root Migration: 0.0 ms]
   [Clear CT: 0.3 ms]
   [Other: 5.5 ms]
      [Choose CSet: 0.0 ms]
      [Ref Proc: 2.6 ms]
      [Ref Enq: 0.2 ms]
      [Free CSet: 0.8 ms]
   [Eden: 532.0M(532.0M)->0.0B(548.0M) Survivors: 44.0M->66.0M Heap: 2208.0M(4096.0M)->1713.0M(4096.0M)]
 [Times: user=0.17 sys=0.00, real=0.14 secs] 
2016-08-30T22:33:22.961+0200: 32253.096: [GC pause (young), 0.1750290 secs]
   [Parallel Time: 162.7 ms, GC Workers: 2]
      [GC Worker Start (ms): Min: 32253097.0, Avg: 32253097.0, Max: 32253097.0, Diff: 0.0]
      [Ext Root Scanning (ms): Min: 50.9, Avg: 51.1, Max: 51.3, Diff: 0.3, Sum: 102.2]
      [Update RS (ms): Min: 39.9, Avg: 40.2, Max: 40.6, Diff: 0.8, Sum: 80.5]
         [Processed Buffers: Min: 289, Avg: 296.0, Max: 303, Diff: 14, Sum: 592]
      [Scan RS (ms): Min: 14.2, Avg: 14.3, Max: 14.4, Diff: 0.2, Sum: 28.6]
      [Code Root Scanning (ms): Min: 0.1, Avg: 0.2, Max: 0.2, Diff: 0.1, Sum: 0.4]
      [Object Copy (ms): Min: 56.5, Avg: 56.6, Max: 56.7, Diff: 0.2, Sum: 113.2]
      [Termination (ms): Min: 0.0, Avg: 0.0, Max: 0.0, Diff: 0.0, Sum: 0.0]
      [GC Worker Other (ms): Min: 0.1, Avg: 0.2, Max: 0.2, Diff: 0.2, Sum: 0.3]
      [GC Worker Total (ms): Min: 162.6, Avg: 162.6, Max: 162.6, Diff: 0.0, Sum: 325.2]
      [GC Worker End (ms): Min: 32253259.6, Avg: 32253259.6, Max: 32253259.6, Diff: 0.0]
   [Code Root Fixup: 0.4 ms]
   [Code Root Migration: 0.1 ms]
   [Clear CT: 0.7 ms]
   [Other: 11.2 ms]
      [Choose CSet: 0.0 ms]
      [Ref Proc: 6.5 ms]
      [Ref Enq: 0.4 ms]
      [Free CSet: 1.5 ms]
   [Eden: 486.0M(348.0M)->0.0B(698.0M) Survivors: 66.0M->38.0M Heap: 2199.0M(4096.0M)->1706.0M(4096.0M)]
 [Times: user=0.34 sys=0.00, real=0.18 secs] 
2016-08-30T22:33:54.460+0200: 32284.595: [GC pause (young), 0.1737430 secs]
   [Parallel Time: 162.4 ms, GC Workers: 2]
      [GC Worker Start (ms): Min: 32284596.1, Avg: 32284596.2, Max: 32284596.2, Diff: 0.0]
      [Ext Root Scanning (ms): Min: 49.3, Avg: 55.0, Max: 60.7, Diff: 11.4, Sum: 110.0]
      [Update RS (ms): Min: 35.4, Avg: 41.2, Max: 47.0, Diff: 11.6, Sum: 82.4]
         [Processed Buffers: Min: 295, Avg: 317.0, Max: 339, Diff: 44, Sum: 634]
      [Scan RS (ms): Min: 13.3, Avg: 13.5, Max: 13.6, Diff: 0.2, Sum: 26.9]
      [Code Root Scanning (ms): Min: 0.2, Avg: 0.2, Max: 0.2, Diff: 0.0, Sum: 0.4]
      [Object Copy (ms): Min: 52.1, Avg: 52.4, Max: 52.6, Diff: 0.4, Sum: 104.7]
      [Termination (ms): Min: 0.0, Avg: 0.0, Max: 0.0, Diff: 0.0, Sum: 0.0]
      [GC Worker Other (ms): Min: 0.1, Avg: 0.2, Max: 0.2, Diff: 0.0, Sum: 0.3]
      [GC Worker Total (ms): Min: 162.3, Avg: 162.3, Max: 162.4, Diff: 0.0, Sum: 324.7]
      [GC Worker End (ms): Min: 32284758.5, Avg: 32284758.5, Max: 32284758.5, Diff: 0.0]
   [Code Root Fixup: 0.5 ms]
   [Code Root Migration: 0.1 ms]
   [Clear CT: 0.7 ms]
   [Other: 10.1 ms]
      [Choose CSet: 0.0 ms]
      [Ref Proc: 5.4 ms]
      [Ref Enq: 0.5 ms]
      [Free CSet: 1.5 ms]
   [Eden: 512.0M(454.0M)->0.0B(676.0M) Survivors: 38.0M->36.0M Heap: 2218.0M(4096.0M)->1719.0M(4096.0M)]
 [Times: user=0.32 sys=0.00, real=0.17 secs] 
2016-08-30T22:34:23.139+0200: 32313.274: [GC pause (young), 0.1898760 secs]
   [Parallel Time: 182.5 ms, GC Workers: 2]
      [GC Worker Start (ms): Min: 32313275.2, Avg: 32313276.2, Max: 32313277.2, Diff: 2.0]
      [Ext Root Scanning (ms): Min: 74.9, Avg: 75.1, Max: 75.3, Diff: 0.4, Sum: 150.2]
      [Update RS (ms): Min: 45.1, Avg: 45.4, Max: 45.6, Diff: 0.5, Sum: 90.8]
         [Processed Buffers: Min: 285, Avg: 287.5, Max: 290, Diff: 5, Sum: 575]
      [Scan RS (ms): Min: 10.9, Avg: 10.9, Max: 10.9, Diff: 0.0, Sum: 21.7]
      [Code Root Scanning (ms): Min: 0.1, Avg: 0.1, Max: 0.1, Diff: 0.0, Sum: 0.2]
      [Object Copy (ms): Min: 48.9, Avg: 49.9, Max: 50.8, Diff: 1.9, Sum: 99.7]
      [Termination (ms): Min: 0.0, Avg: 0.0, Max: 0.0, Diff: 0.0, Sum: 0.0]
      [GC Worker Other (ms): Min: 0.0, Avg: 0.1, Max: 0.1, Diff: 0.1, Sum: 0.2]
      [GC Worker Total (ms): Min: 180.4, Avg: 181.4, Max: 182.4, Diff: 2.0, Sum: 362.8]
      [GC Worker End (ms): Min: 32313457.6, Avg: 32313457.6, Max: 32313457.6, Diff: 0.0]
   [Code Root Fixup: 0.3 ms]
   [Code Root Migration: 0.1 ms]
   [Clear CT: 0.6 ms]
   [Other: 6.4 ms]
      [Choose CSet: 0.0 ms]
      [Ref Proc: 2.9 ms]
      [Ref Enq: 0.2 ms]
      [Free CSet: 1.0 ms]
   [Eden: 478.0M(436.0M)->0.0B(448.0M) Survivors: 36.0M->34.0M Heap: 2197.0M(4096.0M)->1734.0M(4096.0M)]
 [Times: user=0.37 sys=0.00, real=0.19 secs] 
2016-08-30T22:34:53.267+0200: 32343.402: [GC pause (young), 0.1638660 secs]
   [Parallel Time: 153.2 ms, GC Workers: 2]
      [GC Worker Start (ms): Min: 32343404.0, Avg: 32343404.0, Max: 32343404.0, Diff: 0.0]
      [Ext Root Scanning (ms): Min: 49.7, Avg: 51.9, Max: 54.1, Diff: 4.4, Sum: 103.8]
      [Update RS (ms): Min: 39.2, Avg: 40.4, Max: 41.7, Diff: 2.5, Sum: 80.9]
         [Processed Buffers: Min: 290, Avg: 308.5, Max: 327, Diff: 37, Sum: 617]
      [Scan RS (ms): Min: 12.2, Avg: 13.0, Max: 13.8, Diff: 1.6, Sum: 26.0]
      [Code Root Scanning (ms): Min: 0.2, Avg: 0.2, Max: 0.2, Diff: 0.0, Sum: 0.4]
      [Object Copy (ms): Min: 47.3, Avg: 47.5, Max: 47.7, Diff: 0.4, Sum: 95.0]
      [Termination (ms): Min: 0.0, Avg: 0.0, Max: 0.0, Diff: 0.0, Sum: 0.0]
      [GC Worker Other (ms): Min: 0.1, Avg: 0.1, Max: 0.2, Diff: 0.1, Sum: 0.2]
      [GC Worker Total (ms): Min: 153.2, Avg: 153.2, Max: 153.2, Diff: 0.0, Sum: 306.3]
      [GC Worker End (ms): Min: 32343557.1, Avg: 32343557.1, Max: 32343557.1, Diff: 0.0]
   [Code Root Fixup: 0.5 ms]
   [Code Root Migration: 0.1 ms]
   [Clear CT: 0.5 ms]
   [Other: 9.5 ms]
      [Choose CSet: 0.0 ms]
      [Ref Proc: 4.6 ms]
      [Ref Enq: 0.4 ms]
      [Free CSet: 1.3 ms]
   [Eden: 448.0M(448.0M)->0.0B(578.0M) Survivors: 34.0M->36.0M Heap: 2182.0M(4096.0M)->1750.0M(4096.0M)]
 [Times: user=0.32 sys=0.00, real=0.17 secs] 
2016-08-30T22:35:28.384+0200: 32378.519: [GC pause (young), 0.1634270 secs]
   [Parallel Time: 154.7 ms, GC Workers: 2]
      [GC Worker Start (ms): Min: 32378520.5, Avg: 32378520.5, Max: 32378520.5, Diff: 0.0]
      [Ext Root Scanning (ms): Min: 50.4, Avg: 51.4, Max: 52.3, Diff: 1.9, Sum: 102.8]
      [Update RS (ms): Min: 38.1, Avg: 39.7, Max: 41.2, Diff: 3.1, Sum: 79.4]
         [Processed Buffers: Min: 254, Avg: 264.0, Max: 274, Diff: 20, Sum: 528]
      [Scan RS (ms): Min: 14.5, Avg: 14.6, Max: 14.7, Diff: 0.2, Sum: 29.2]
      [Code Root Scanning (ms): Min: 0.2, Avg: 0.2, Max: 0.2, Diff: 0.0, Sum: 0.4]
      [Object Copy (ms): Min: 48.1, Avg: 48.5, Max: 48.9, Diff: 0.8, Sum: 97.0]
      [Termination (ms): Min: 0.0, Avg: 0.0, Max: 0.0, Diff: 0.0, Sum: 0.0]
      [GC Worker Other (ms): Min: 0.1, Avg: 0.1, Max: 0.2, Diff: 0.1, Sum: 0.2]
      [GC Worker Total (ms): Min: 154.5, Avg: 154.5, Max: 154.5, Diff: 0.0, Sum: 309.0]
      [GC Worker End (ms): Min: 32378675.0, Avg: 32378675.0, Max: 32378675.0, Diff: 0.0]
   [Code Root Fixup: 0.3 ms]
   [Code Root Migration: 0.1 ms]
   [Clear CT: 0.9 ms]
   [Other: 7.5 ms]
      [Choose CSet: 0.0 ms]
      [Ref Proc: 3.6 ms]
      [Ref Enq: 0.2 ms]
      [Free CSet: 1.1 ms]
   [Eden: 514.0M(396.0M)->0.0B(714.0M) Survivors: 36.0M->32.0M Heap: 2264.0M(4096.0M)->1760.0M(4096.0M)]
 [Times: user=0.30 sys=0.00, real=0.16 secs] 
2016-08-30T22:36:01.030+0200: 32411.164: [GC pause (young), 0.1717960 secs]
   [Parallel Time: 161.2 ms, GC Workers: 2]
      [GC Worker Start (ms): Min: 32411165.4, Avg: 32411165.5, Max: 32411165.5, Diff: 0.1]
      [Ext Root Scanning (ms): Min: 51.8, Avg: 51.8, Max: 51.8, Diff: 0.0, Sum: 103.6]
      [Update RS (ms): Min: 40.5, Avg: 41.5, Max: 42.5, Diff: 2.0, Sum: 83.0]
         [Processed Buffers: Min: 266, Avg: 284.0, Max: 302, Diff: 36, Sum: 568]
      [Scan RS (ms): Min: 14.3, Avg: 14.6, Max: 15.0, Diff: 0.7, Sum: 29.3]
      [Code Root Scanning (ms): Min: 0.1, Avg: 0.2, Max: 0.2, Diff: 0.1, Sum: 0.3]
      [Object Copy (ms): Min: 52.2, Avg: 52.8, Max: 53.5, Diff: 1.4, Sum: 105.7]
      [Termination (ms): Min: 0.0, Avg: 0.0, Max: 0.0, Diff: 0.0, Sum: 0.0]
      [GC Worker Other (ms): Min: 0.2, Avg: 0.2, Max: 0.2, Diff: 0.0, Sum: 0.3]
      [GC Worker Total (ms): Min: 161.1, Avg: 161.1, Max: 161.1, Diff: 0.1, Sum: 322.2]
      [GC Worker End (ms): Min: 32411326.6, Avg: 32411326.6, Max: 32411326.6, Diff: 0.0]
   [Code Root Fixup: 0.4 ms]
   [Code Root Migration: 0.1 ms]
   [Clear CT: 0.7 ms]
   [Other: 9.4 ms]
      [Choose CSet: 0.0 ms]
      [Ref Proc: 5.0 ms]
      [Ref Enq: 0.4 ms]
      [Free CSet: 1.4 ms]
   [Eden: 492.0M(484.0M)->0.0B(680.0M) Survivors: 32.0M->50.0M Heap: 2252.0M(4096.0M)->1777.0M(4096.0M)]
 [Times: user=0.33 sys=0.00, real=0.17 secs] 
2016-08-30T22:36:23.552+0200: 32433.687: [GC pause (young), 0.1641490 secs]
   [Parallel Time: 155.8 ms, GC Workers: 2]
      [GC Worker Start (ms): Min: 32433688.1, Avg: 32433688.1, Max: 32433688.1, Diff: 0.0]
      [Ext Root Scanning (ms): Min: 51.0, Avg: 51.0, Max: 51.0, Diff: 0.0, Sum: 102.0]
      [Update RS (ms): Min: 34.5, Avg: 35.0, Max: 35.5, Diff: 1.0, Sum: 70.0]
         [Processed Buffers: Min: 291, Avg: 313.5, Max: 336, Diff: 45, Sum: 627]
      [Scan RS (ms): Min: 12.1, Avg: 12.4, Max: 12.7, Diff: 0.6, Sum: 24.8]
      [Code Root Scanning (ms): Min: 0.1, Avg: 0.1, Max: 0.2, Diff: 0.1, Sum: 0.2]
      [Object Copy (ms): Min: 56.2, Avg: 56.9, Max: 57.7, Diff: 1.5, Sum: 113.9]
      [Termination (ms): Min: 0.0, Avg: 0.0, Max: 0.0, Diff: 0.0, Sum: 0.0]
      [GC Worker Other (ms): Min: 0.2, Avg: 0.2, Max: 0.2, Diff: 0.0, Sum: 0.3]
      [GC Worker Total (ms): Min: 155.6, Avg: 155.7, Max: 155.7, Diff: 0.0, Sum: 311.3]
      [GC Worker End (ms): Min: 32433843.7, Avg: 32433843.7, Max: 32433843.7, Diff: 0.0]
   [Code Root Fixup: 0.3 ms]
   [Code Root Migration: 0.1 ms]
   [Clear CT: 1.0 ms]
   [Other: 7.0 ms]
      [Choose CSet: 0.0 ms]
      [Ref Proc: 3.5 ms]
      [Ref Enq: 0.2 ms]
      [Free CSet: 1.0 ms]
   [Eden: 398.0M(398.0M)->0.0B(558.0M) Survivors: 50.0M->42.0M Heap: 2175.0M(4096.0M)->1798.0M(4096.0M)]
 [Times: user=0.31 sys=0.00, real=0.17 secs] 
2016-08-30T22:37:00.489+0200: 32470.624: [GC pause (young), 0.1641480 secs]
   [Parallel Time: 156.6 ms, GC Workers: 2]
      [GC Worker Start (ms): Min: 32470625.1, Avg: 32470625.6, Max: 32470626.0, Diff: 0.9]
      [Ext Root Scanning (ms): Min: 52.7, Avg: 56.5, Max: 60.3, Diff: 7.6, Sum: 113.0]
      [Update RS (ms): Min: 36.4, Avg: 41.1, Max: 45.8, Diff: 9.4, Sum: 82.2]
         [Processed Buffers: Min: 250, Avg: 273.0, Max: 296, Diff: 46, Sum: 546]
      [Scan RS (ms): Min: 13.1, Avg: 13.4, Max: 13.8, Diff: 0.7, Sum: 26.8]
      [Code Root Scanning (ms): Min: 0.2, Avg: 0.2, Max: 0.2, Diff: 0.0, Sum: 0.4]
      [Object Copy (ms): Min: 44.6, Avg: 44.7, Max: 44.8, Diff: 0.2, Sum: 89.4]
      [Termination (ms): Min: 0.0, Avg: 0.0, Max: 0.0, Diff: 0.0, Sum: 0.0]
      [GC Worker Other (ms): Min: 0.1, Avg: 0.2, Max: 0.3, Diff: 0.1, Sum: 0.4]
      [GC Worker Total (ms): Min: 155.6, Avg: 156.1, Max: 156.5, Diff: 0.9, Sum: 312.1]
      [GC Worker End (ms): Min: 32470781.6, Avg: 32470781.6, Max: 32470781.6, Diff: 0.0]
   [Code Root Fixup: 0.3 ms]
   [Code Root Migration: 0.1 ms]
   [Clear CT: 0.5 ms]
   [Other: 6.8 ms]
      [Choose CSet: 0.0 ms]
      [Ref Proc: 3.2 ms]
      [Ref Enq: 0.2 ms]
      [Free CSet: 1.1 ms]
   [Eden: 500.0M(446.0M)->0.0B(710.0M) Survivors: 42.0M->30.0M Heap: 2298.0M(4096.0M)->1801.0M(4096.0M)]
 [Times: user=0.31 sys=0.00, real=0.16 secs] 
2016-08-30T22:37:39.463+0200: 32509.598: [GC pause (young), 0.1738580 secs]
   [Parallel Time: 161.6 ms, GC Workers: 2]
      [GC Worker Start (ms): Min: 32509599.2, Avg: 32509599.2, Max: 32509599.3, Diff: 0.0]
      [Ext Root Scanning (ms): Min: 52.1, Avg: 57.5, Max: 62.9, Diff: 10.8, Sum: 115.0]
      [Update RS (ms): Min: 36.0, Avg: 41.1, Max: 46.3, Diff: 10.3, Sum: 82.3]
         [Processed Buffers: Min: 238, Avg: 270.0, Max: 302, Diff: 64, Sum: 540]
      [Scan RS (ms): Min: 13.5, Avg: 13.9, Max: 14.2, Diff: 0.7, Sum: 27.7]
      [Code Root Scanning (ms): Min: 0.2, Avg: 0.2, Max: 0.2, Diff: 0.1, Sum: 0.4]
      [Object Copy (ms): Min: 48.6, Avg: 48.7, Max: 48.8, Diff: 0.2, Sum: 97.5]
      [Termination (ms): Min: 0.0, Avg: 0.0, Max: 0.0, Diff: 0.0, Sum: 0.0]
      [GC Worker Other (ms): Min: 0.1, Avg: 0.1, Max: 0.1, Diff: 0.1, Sum: 0.2]
      [GC Worker Total (ms): Min: 161.5, Avg: 161.5, Max: 161.5, Diff: 0.0, Sum: 323.0]
      [GC Worker End (ms): Min: 32509760.7, Avg: 32509760.7, Max: 32509760.7, Diff: 0.0]
   [Code Root Fixup: 0.4 ms]
   [Code Root Migration: 0.1 ms]
   [Clear CT: 0.7 ms]
   [Other: 11.0 ms]
      [Choose CSet: 0.0 ms]
      [Ref Proc: 5.7 ms]
      [Ref Enq: 0.5 ms]
      [Free CSet: 2.2 ms]
   [Eden: 574.0M(574.0M)->0.0B(652.0M) Survivors: 30.0M->46.0M Heap: 2375.0M(4096.0M)->1817.0M(4096.0M)]
 [Times: user=0.32 sys=0.00, real=0.18 secs] 
2016-08-30T22:38:05.927+0200: 32536.061: [GC pause (young), 0.1853310 secs]
   [Parallel Time: 173.0 ms, GC Workers: 2]
      [GC Worker Start (ms): Min: 32536062.9, Avg: 32536062.9, Max: 32536062.9, Diff: 0.0]
      [Ext Root Scanning (ms): Min: 51.2, Avg: 51.8, Max: 52.3, Diff: 1.2, Sum: 103.5]
      [Update RS (ms): Min: 40.2, Avg: 40.6, Max: 41.1, Diff: 0.9, Sum: 81.2]
         [Processed Buffers: Min: 275, Avg: 288.5, Max: 302, Diff: 27, Sum: 577]
      [Scan RS (ms): Min: 16.0, Avg: 16.4, Max: 16.7, Diff: 0.7, Sum: 32.8]
      [Code Root Scanning (ms): Min: 0.1, Avg: 0.2, Max: 0.2, Diff: 0.1, Sum: 0.3]
      [Object Copy (ms): Min: 63.3, Avg: 63.8, Max: 64.4, Diff: 1.1, Sum: 127.7]
      [Termination (ms): Min: 0.0, Avg: 0.0, Max: 0.0, Diff: 0.0, Sum: 0.0]
      [GC Worker Other (ms): Min: 0.2, Avg: 0.2, Max: 0.2, Diff: 0.0, Sum: 0.4]
      [GC Worker Total (ms): Min: 172.9, Avg: 173.0, Max: 173.0, Diff: 0.0, Sum: 345.9]
      [GC Worker End (ms): Min: 32536235.9, Avg: 32536235.9, Max: 32536235.9, Diff: 0.0]
   [Code Root Fixup: 0.6 ms]
   [Code Root Migration: 0.1 ms]
   [Clear CT: 0.7 ms]
   [Other: 11.0 ms]
      [Choose CSet: 0.0 ms]
      [Ref Proc: 6.0 ms]
      [Ref Enq: 0.4 ms]
      [Free CSet: 1.8 ms]
   [Eden: 474.0M(464.0M)->0.0B(558.0M) Survivors: 46.0M->56.0M Heap: 2291.0M(4096.0M)->1838.0M(4096.0M)]
 [Times: user=0.35 sys=0.00, real=0.19 secs] 
2016-08-30T22:38:32.906+0200: 32563.040: [GC pause (young), 0.1947880 secs]
   [Parallel Time: 182.2 ms, GC Workers: 2]
      [GC Worker Start (ms): Min: 32563041.9, Avg: 32563041.9, Max: 32563041.9, Diff: 0.0]
      [Ext Root Scanning (ms): Min: 52.0, Avg: 52.3, Max: 52.7, Diff: 0.6, Sum: 104.7]
      [Update RS (ms): Min: 45.1, Avg: 45.3, Max: 45.5, Diff: 0.4, Sum: 90.6]
         [Processed Buffers: Min: 302, Avg: 303.5, Max: 305, Diff: 3, Sum: 607]
      [Scan RS (ms): Min: 16.0, Avg: 16.0, Max: 16.0, Diff: 0.1, Sum: 32.0]
      [Code Root Scanning (ms): Min: 0.1, Avg: 0.2, Max: 0.2, Diff: 0.1, Sum: 0.3]
      [Object Copy (ms): Min: 68.1, Avg: 68.2, Max: 68.3, Diff: 0.2, Sum: 136.4]
      [Termination (ms): Min: 0.0, Avg: 0.0, Max: 0.0, Diff: 0.0, Sum: 0.0]
      [GC Worker Other (ms): Min: 0.1, Avg: 0.1, Max: 0.2, Diff: 0.1, Sum: 0.2]
      [GC Worker Total (ms): Min: 182.2, Avg: 182.2, Max: 182.2, Diff: 0.0, Sum: 364.3]
      [GC Worker End (ms): Min: 32563224.1, Avg: 32563224.1, Max: 32563224.1, Diff: 0.0]
   [Code Root Fixup: 0.5 ms]
   [Code Root Migration: 0.1 ms]
   [Clear CT: 0.7 ms]
   [Other: 11.3 ms]
      [Choose CSet: 0.0 ms]
      [Ref Proc: 5.9 ms]
      [Ref Enq: 0.5 ms]
      [Free CSet: 1.5 ms]
   [Eden: 494.0M(402.0M)->0.0B(520.0M) Survivors: 56.0M->42.0M Heap: 2332.0M(4096.0M)->1853.0M(4096.0M)]
 [Times: user=0.37 sys=0.00, real=0.19 secs] 
2016-08-30T22:39:03.130+0200: 32593.264: [GC pause (young), 0.1583440 secs]
   [Parallel Time: 149.6 ms, GC Workers: 2]
      [GC Worker Start (ms): Min: 32593265.6, Avg: 32593265.6, Max: 32593265.6, Diff: 0.0]
      [Ext Root Scanning (ms): Min: 49.8, Avg: 50.4, Max: 51.1, Diff: 1.2, Sum: 100.9]
      [Update RS (ms): Min: 39.6, Avg: 40.1, Max: 40.6, Diff: 0.9, Sum: 80.2]
         [Processed Buffers: Min: 293, Avg: 297.5, Max: 302, Diff: 9, Sum: 595]
      [Scan RS (ms): Min: 12.9, Avg: 13.4, Max: 13.9, Diff: 1.0, Sum: 26.8]
      [Code Root Scanning (ms): Min: 0.1, Avg: 0.2, Max: 0.2, Diff: 0.1, Sum: 0.4]
      [Object Copy (ms): Min: 44.7, Avg: 45.2, Max: 45.8, Diff: 1.1, Sum: 90.5]
      [Termination (ms): Min: 0.0, Avg: 0.0, Max: 0.0, Diff: 0.0, Sum: 0.0]
      [GC Worker Other (ms): Min: 0.1, Avg: 0.1, Max: 0.2, Diff: 0.0, Sum: 0.3]
      [GC Worker Total (ms): Min: 149.5, Avg: 149.5, Max: 149.6, Diff: 0.0, Sum: 299.1]
      [GC Worker End (ms): Min: 32593415.2, Avg: 32593415.2, Max: 32593415.2, Diff: 0.0]
   [Code Root Fixup: 0.3 ms]
   [Code Root Migration: 0.1 ms]
   [Clear CT: 0.5 ms]
   [Other: 7.9 ms]
      [Choose CSet: 0.0 ms]
      [Ref Proc: 3.9 ms]
      [Ref Enq: 0.2 ms]
      [Free CSet: 1.2 ms]
   [Eden: 520.0M(520.0M)->0.0B(708.0M) Survivors: 42.0M->36.0M Heap: 2373.0M(4096.0M)->1866.0M(4096.0M)]
 [Times: user=0.31 sys=0.00, real=0.16 secs] 
2016-08-30T22:39:33.975+0200: 32624.109: [GC pause (young), 0.1821780 secs]
   [Parallel Time: 172.7 ms, GC Workers: 2]
      [GC Worker Start (ms): Min: 32624110.8, Avg: 32624112.9, Max: 32624115.0, Diff: 4.2]
      [Ext Root Scanning (ms): Min: 56.0, Avg: 58.1, Max: 60.1, Diff: 4.1, Sum: 116.1]
      [Update RS (ms): Min: 37.3, Avg: 41.1, Max: 44.8, Diff: 7.5, Sum: 82.1]
         [Processed Buffers: Min: 279, Avg: 305.0, Max: 331, Diff: 52, Sum: 610]
      [Scan RS (ms): Min: 14.1, Avg: 14.1, Max: 14.1, Diff: 0.0, Sum: 28.1]
      [Code Root Scanning (ms): Min: 0.1, Avg: 0.2, Max: 0.2, Diff: 0.1, Sum: 0.4]
      [Object Copy (ms): Min: 53.2, Avg: 56.9, Max: 60.7, Diff: 7.5, Sum: 113.9]
      [Termination (ms): Min: 0.0, Avg: 0.0, Max: 0.0, Diff: 0.0, Sum: 0.0]
      [GC Worker Other (ms): Min: 0.0, Avg: 0.1, Max: 0.2, Diff: 0.2, Sum: 0.3]
      [GC Worker Total (ms): Min: 168.5, Avg: 170.5, Max: 172.5, Diff: 4.0, Sum: 341.0]
      [GC Worker End (ms): Min: 32624283.3, Avg: 32624283.4, Max: 32624283.4, Diff: 0.1]
   [Code Root Fixup: 0.4 ms]
   [Code Root Migration: 0.1 ms]
   [Clear CT: 1.0 ms]
   [Other: 8.0 ms]
      [Choose CSet: 0.0 ms]
      [Ref Proc: 3.9 ms]
      [Ref Enq: 0.3 ms]
      [Free CSet: 1.2 ms]
   [Eden: 556.0M(540.0M)->0.0B(632.0M) Survivors: 36.0M->64.0M Heap: 2422.0M(4096.0M)->1893.0M(4096.0M)]
 [Times: user=0.33 sys=0.00, real=0.18 secs] 
2016-08-30T22:40:02.548+0200: 32652.683: [GC pause (young), 0.1782820 secs]
   [Parallel Time: 167.3 ms, GC Workers: 2]
      [GC Worker Start (ms): Min: 32652684.1, Avg: 32652684.1, Max: 32652684.1, Diff: 0.0]
      [Ext Root Scanning (ms): Min: 50.4, Avg: 52.0, Max: 53.6, Diff: 3.2, Sum: 104.0]
      [Update RS (ms): Min: 36.7, Avg: 37.8, Max: 38.9, Diff: 2.1, Sum: 75.6]
         [Processed Buffers: Min: 265, Avg: 273.5, Max: 282, Diff: 17, Sum: 547]
      [Scan RS (ms): Min: 16.6, Avg: 16.8, Max: 16.9, Diff: 0.3, Sum: 33.5]
      [Code Root Scanning (ms): Min: 0.2, Avg: 0.2, Max: 0.2, Diff: 0.0, Sum: 0.3]
      [Object Copy (ms): Min: 59.8, Avg: 60.2, Max: 60.6, Diff: 0.8, Sum: 120.3]
      [Termination (ms): Min: 0.0, Avg: 0.0, Max: 0.0, Diff: 0.0, Sum: 0.0]
      [GC Worker Other (ms): Min: 0.2, Avg: 0.2, Max: 0.2, Diff: 0.0, Sum: 0.4]
      [GC Worker Total (ms): Min: 167.1, Avg: 167.1, Max: 167.2, Diff: 0.0, Sum: 334.3]
      [GC Worker End (ms): Min: 32652851.2, Avg: 32652851.2, Max: 32652851.2, Diff: 0.0]
   [Code Root Fixup: 0.4 ms]
   [Code Root Migration: 0.1 ms]
   [Clear CT: 0.7 ms]
   [Other: 9.8 ms]
      [Choose CSet: 0.0 ms]
      [Ref Proc: 4.9 ms]
      [Ref Enq: 0.4 ms]
      [Free CSet: 1.9 ms]
   [Eden: 456.0M(456.0M)->0.0B(810.0M) Survivors: 64.0M->28.0M Heap: 2349.0M(4096.0M)->1885.0M(4096.0M)]
 [Times: user=0.34 sys=0.00, real=0.18 secs] 
2016-08-30T22:40:41.795+0200: 32691.929: [GC pause (young) (initial-mark), 0.1975270 secs]
   [Parallel Time: 184.0 ms, GC Workers: 2]
      [GC Worker Start (ms): Min: 32691931.5, Avg: 32691932.0, Max: 32691932.5, Diff: 1.0]
      [Ext Root Scanning (ms): Min: 49.3, Avg: 49.3, Max: 49.4, Diff: 0.1, Sum: 98.7]
      [Code Root Marking (ms): Min: 13.0, Avg: 13.2, Max: 13.3, Diff: 0.2, Sum: 26.3]
      [Update RS (ms): Min: 43.5, Avg: 43.5, Max: 43.6, Diff: 0.0, Sum: 87.1]
         [Processed Buffers: Min: 342, Avg: 349.0, Max: 356, Diff: 14, Sum: 698]
      [Scan RS (ms): Min: 12.9, Avg: 13.2, Max: 13.4, Diff: 0.4, Sum: 26.3]
      [Code Root Scanning (ms): Min: 0.1, Avg: 0.2, Max: 0.2, Diff: 0.1, Sum: 0.4]
      [Object Copy (ms): Min: 63.3, Avg: 63.9, Max: 64.4, Diff: 1.1, Sum: 127.7]
      [Termination (ms): Min: 0.0, Avg: 0.0, Max: 0.0, Diff: 0.0, Sum: 0.0]
      [GC Worker Other (ms): Min: 0.0, Avg: 0.1, Max: 0.2, Diff: 0.1, Sum: 0.2]
      [GC Worker Total (ms): Min: 182.9, Avg: 183.4, Max: 183.9, Diff: 1.0, Sum: 366.7]
      [GC Worker End (ms): Min: 32692115.4, Avg: 32692115.4, Max: 32692115.4, Diff: 0.0]
   [Code Root Fixup: 0.4 ms]
   [Code Root Migration: 0.1 ms]
   [Clear CT: 0.6 ms]
   [Other: 12.5 ms]
      [Choose CSet: 0.0 ms]
      [Ref Proc: 6.3 ms]
      [Ref Enq: 0.6 ms]
      [Free CSet: 1.6 ms]
   [Eden: 616.0M(616.0M)->0.0B(476.0M) Survivors: 28.0M->58.0M Heap: 2501.0M(4096.0M)->1917.0M(4096.0M)]
 [Times: user=0.38 sys=0.01, real=0.20 secs] 
2016-08-30T22:40:41.993+0200: 32692.127: [GC concurrent-root-region-scan-start]
2016-08-30T22:40:42.028+0200: 32692.162: [GC concurrent-root-region-scan-end, 0.0349730 secs]
2016-08-30T22:40:42.028+0200: 32692.162: [GC concurrent-mark-start]
2016-08-30T22:40:42.852+0200: 32692.987: [GC concurrent-mark-end, 0.8242670 secs]
2016-08-30T22:40:42.855+0200: 32692.990: [GC remark 2016-08-30T22:40:42.857+0200: 32692.991: [GC ref-proc, 0.1162030 secs], 0.1405670 secs]
 [Times: user=0.16 sys=0.00, real=0.14 secs] 
2016-08-30T22:40:43.006+0200: 32693.140: [GC cleanup 1962M->1749M(4096M), 0.0379910 secs]
 [Times: user=0.07 sys=0.00, real=0.04 secs] 
2016-08-30T22:40:43.046+0200: 32693.181: [GC concurrent-cleanup-start]
2016-08-30T22:40:43.047+0200: 32693.181: [GC concurrent-cleanup-end, 0.0006790 secs]
2016-08-30T22:41:08.636+0200: 32718.770: [GC pause (young), 0.1761680 secs]
   [Parallel Time: 168.1 ms, GC Workers: 2]
      [GC Worker Start (ms): Min: 32718771.9, Avg: 32718771.9, Max: 32718771.9, Diff: 0.0]
      [Ext Root Scanning (ms): Min: 54.3, Avg: 62.8, Max: 71.3, Diff: 17.0, Sum: 125.5]
      [Update RS (ms): Min: 25.9, Avg: 34.1, Max: 42.4, Diff: 16.5, Sum: 68.3]
         [Processed Buffers: Min: 209, Avg: 295.0, Max: 381, Diff: 172, Sum: 590]
      [Scan RS (ms): Min: 16.2, Avg: 16.4, Max: 16.6, Diff: 0.5, Sum: 32.8]
      [Code Root Scanning (ms): Min: 0.2, Avg: 0.2, Max: 0.2, Diff: 0.1, Sum: 0.4]
      [Object Copy (ms): Min: 53.7, Avg: 54.2, Max: 54.7, Diff: 1.0, Sum: 108.4]
      [Termination (ms): Min: 0.0, Avg: 0.0, Max: 0.0, Diff: 0.0, Sum: 0.0]
      [GC Worker Other (ms): Min: 0.2, Avg: 0.2, Max: 0.2, Diff: 0.0, Sum: 0.4]
      [GC Worker Total (ms): Min: 167.9, Avg: 167.9, Max: 167.9, Diff: 0.0, Sum: 335.9]
      [GC Worker End (ms): Min: 32718939.8, Avg: 32718939.8, Max: 32718939.8, Diff: 0.0]
   [Code Root Fixup: 0.2 ms]
   [Code Root Migration: 0.1 ms]
   [Clear CT: 0.6 ms]
   [Other: 7.3 ms]
      [Choose CSet: 0.0 ms]
      [Ref Proc: 3.4 ms]
      [Ref Enq: 0.2 ms]
      [Free CSet: 1.0 ms]
   [Eden: 476.0M(476.0M)->0.0B(162.0M) Survivors: 58.0M->42.0M Heap: 2180.0M(4096.0M)->1716.0M(4096.0M)]
 [Times: user=0.32 sys=0.00, real=0.17 secs] 
2016-08-30T22:41:14.869+0200: 32725.004: [GC pause (mixed), 0.1688110 secs]
   [Parallel Time: 162.1 ms, GC Workers: 2]
      [GC Worker Start (ms): Min: 32725005.9, Avg: 32725005.9, Max: 32725005.9, Diff: 0.0]
      [Ext Root Scanning (ms): Min: 49.7, Avg: 51.1, Max: 52.5, Diff: 2.8, Sum: 102.2]
      [Update RS (ms): Min: 26.3, Avg: 27.3, Max: 28.3, Diff: 2.0, Sum: 54.6]
         [Processed Buffers: Min: 358, Avg: 369.5, Max: 381, Diff: 23, Sum: 739]
      [Scan RS (ms): Min: 32.1, Avg: 32.1, Max: 32.2, Diff: 0.2, Sum: 64.3]
      [Code Root Scanning (ms): Min: 0.1, Avg: 0.2, Max: 0.3, Diff: 0.2, Sum: 0.4]
      [Object Copy (ms): Min: 50.7, Avg: 51.1, Max: 51.5, Diff: 0.8, Sum: 102.2]
      [Termination (ms): Min: 0.0, Avg: 0.0, Max: 0.0, Diff: 0.0, Sum: 0.0]
      [GC Worker Other (ms): Min: 0.0, Avg: 0.1, Max: 0.2, Diff: 0.1, Sum: 0.2]
      [GC Worker Total (ms): Min: 162.0, Avg: 162.0, Max: 162.0, Diff: 0.0, Sum: 324.0]
      [GC Worker End (ms): Min: 32725167.9, Avg: 32725167.9, Max: 32725167.9, Diff: 0.0]
   [Code Root Fixup: 0.3 ms]
   [Code Root Migration: 0.1 ms]
   [Clear CT: 0.6 ms]
   [Other: 5.8 ms]
      [Choose CSet: 0.4 ms]
      [Ref Proc: 0.8 ms]
      [Ref Enq: 0.1 ms]
      [Free CSet: 1.7 ms]
   [Eden: 162.0M(162.0M)->0.0B(178.0M) Survivors: 42.0M->26.0M Heap: 1878.0M(4096.0M)->1342.0M(4096.0M)]
 [Times: user=0.33 sys=0.00, real=0.17 secs] 
2016-08-30T22:41:26.332+0200: 32736.466: [GC pause (mixed), 0.1988000 secs]
   [Parallel Time: 190.9 ms, GC Workers: 2]
      [GC Worker Start (ms): Min: 32736468.2, Avg: 32736468.3, Max: 32736468.3, Diff: 0.1]
      [Ext Root Scanning (ms): Min: 50.4, Avg: 50.6, Max: 50.9, Diff: 0.5, Sum: 101.2]
      [Update RS (ms): Min: 26.4, Avg: 26.5, Max: 26.7, Diff: 0.2, Sum: 53.1]
         [Processed Buffers: Min: 270, Avg: 309.0, Max: 348, Diff: 78, Sum: 618]
      [Scan RS (ms): Min: 56.1, Avg: 56.3, Max: 56.4, Diff: 0.3, Sum: 112.5]
      [Code Root Scanning (ms): Min: 0.1, Avg: 0.1, Max: 0.2, Diff: 0.1, Sum: 0.3]
      [Object Copy (ms): Min: 57.0, Avg: 57.1, Max: 57.1, Diff: 0.1, Sum: 114.1]
      [Termination (ms): Min: 0.0, Avg: 0.0, Max: 0.0, Diff: 0.0, Sum: 0.0]
      [GC Worker Other (ms): Min: 0.1, Avg: 0.1, Max: 0.1, Diff: 0.1, Sum: 0.2]
      [GC Worker Total (ms): Min: 190.6, Avg: 190.7, Max: 190.8, Diff: 0.1, Sum: 381.4]
      [GC Worker End (ms): Min: 32736659.0, Avg: 32736659.0, Max: 32736659.0, Diff: 0.0]
   [Code Root Fixup: 0.3 ms]
   [Code Root Migration: 0.1 ms]
   [Clear CT: 0.7 ms]
   [Other: 6.8 ms]
      [Choose CSet: 0.7 ms]
      [Ref Proc: 1.8 ms]
      [Ref Enq: 0.1 ms]
      [Free CSet: 1.7 ms]
   [Eden: 178.0M(178.0M)->0.0B(188.0M) Survivors: 26.0M->16.0M Heap: 1520.0M(4096.0M)->1176.0M(4096.0M)]
 [Times: user=0.37 sys=0.00, real=0.20 secs] 
2016-08-30T22:41:38.196+0200: 32748.331: [GC pause (mixed), 0.2495840 secs]
   [Parallel Time: 239.7 ms, GC Workers: 2]
      [GC Worker Start (ms): Min: 32748335.5, Avg: 32748335.5, Max: 32748335.5, Diff: 0.0]
      [Ext Root Scanning (ms): Min: 64.6, Avg: 73.5, Max: 82.4, Diff: 17.8, Sum: 147.1]
      [Update RS (ms): Min: 18.1, Avg: 26.9, Max: 35.7, Diff: 17.7, Sum: 53.8]
         [Processed Buffers: Min: 192, Avg: 300.5, Max: 409, Diff: 217, Sum: 601]
      [Scan RS (ms): Min: 63.5, Avg: 69.4, Max: 75.3, Diff: 11.8, Sum: 138.8]
      [Code Root Scanning (ms): Min: 0.0, Avg: 0.1, Max: 0.1, Diff: 0.1, Sum: 0.2]
      [Object Copy (ms): Min: 63.8, Avg: 69.6, Max: 75.3, Diff: 11.5, Sum: 139.1]
      [Termination (ms): Min: 0.0, Avg: 0.1, Max: 0.1, Diff: 0.1, Sum: 0.1]
      [GC Worker Other (ms): Min: 0.0, Avg: 0.1, Max: 0.1, Diff: 0.1, Sum: 0.1]
      [GC Worker Total (ms): Min: 239.6, Avg: 239.6, Max: 239.6, Diff: 0.0, Sum: 479.2]
      [GC Worker End (ms): Min: 32748575.1, Avg: 32748575.2, Max: 32748575.2, Diff: 0.0]
   [Code Root Fixup: 0.3 ms]
   [Code Root Migration: 0.0 ms]
   [Clear CT: 1.0 ms]
   [Other: 8.5 ms]
      [Choose CSet: 0.7 ms]
      [Ref Proc: 1.2 ms]
      [Ref Enq: 0.1 ms]
      [Free CSet: 1.4 ms]
   [Eden: 188.0M(188.0M)->0.0B(182.0M) Survivors: 16.0M->22.0M Heap: 1364.0M(4096.0M)->1018.0M(4096.0M)]
 [Times: user=0.25 sys=0.00, real=0.25 secs] 
2016-08-30T22:41:44.582+0200: 32754.716: [GC pause (mixed), 0.2189750 secs]
   [Parallel Time: 209.6 ms, GC Workers: 2]
      [GC Worker Start (ms): Min: 32754718.9, Avg: 32754721.1, Max: 32754723.2, Diff: 4.3]
      [Ext Root Scanning (ms): Min: 51.2, Avg: 51.4, Max: 51.6, Diff: 0.4, Sum: 102.8]
      [Update RS (ms): Min: 28.8, Avg: 29.0, Max: 29.3, Diff: 0.6, Sum: 58.1]
         [Processed Buffers: Min: 352, Avg: 403.5, Max: 455, Diff: 103, Sum: 807]
      [Scan RS (ms): Min: 57.7, Avg: 58.9, Max: 60.2, Diff: 2.5, Sum: 117.8]
      [Code Root Scanning (ms): Min: 0.1, Avg: 0.9, Max: 1.7, Diff: 1.6, Sum: 1.8]
      [Object Copy (ms): Min: 65.3, Avg: 67.1, Max: 68.8, Diff: 3.5, Sum: 134.1]
      [Termination (ms): Min: 0.0, Avg: 0.0, Max: 0.0, Diff: 0.0, Sum: 0.0]
      [GC Worker Other (ms): Min: 0.0, Avg: 0.1, Max: 0.2, Diff: 0.1, Sum: 0.2]
      [GC Worker Total (ms): Min: 205.2, Avg: 207.4, Max: 209.5, Diff: 4.3, Sum: 414.8]
      [GC Worker End (ms): Min: 32754928.5, Avg: 32754928.5, Max: 32754928.5, Diff: 0.0]
   [Code Root Fixup: 0.8 ms]
   [Code Root Migration: 1.3 ms]
   [Clear CT: 0.7 ms]
   [Other: 6.6 ms]
      [Choose CSet: 0.8 ms]
      [Ref Proc: 1.2 ms]
      [Ref Enq: 0.1 ms]
      [Free CSet: 1.3 ms]
   [Eden: 182.0M(182.0M)->0.0B(178.0M) Survivors: 22.0M->26.0M Heap: 1200.0M(4096.0M)->927.0M(4096.0M)]
 [Times: user=0.42 sys=0.00, real=0.21 secs] 
2016-08-30T22:41:54.749+0200: 32764.883: [GC pause (young), 0.1226610 secs]
   [Parallel Time: 115.4 ms, GC Workers: 2]
      [GC Worker Start (ms): Min: 32764884.7, Avg: 32764884.7, Max: 32764884.8, Diff: 0.0]
      [Ext Root Scanning (ms): Min: 48.3, Avg: 48.8, Max: 49.4, Diff: 1.1, Sum: 97.7]
      [Update RS (ms): Min: 28.9, Avg: 29.5, Max: 30.1, Diff: 1.2, Sum: 59.0]
         [Processed Buffers: Min: 354, Avg: 378.5, Max: 403, Diff: 49, Sum: 757]
      [Scan RS (ms): Min: 2.8, Avg: 3.4, Max: 3.9, Diff: 1.1, Sum: 6.7]
      [Code Root Scanning (ms): Min: 0.0, Avg: 0.1, Max: 0.1, Diff: 0.1, Sum: 0.1]
      [Object Copy (ms): Min: 32.9, Avg: 33.5, Max: 34.0, Diff: 1.2, Sum: 66.9]
      [Termination (ms): Min: 0.0, Avg: 0.0, Max: 0.0, Diff: 0.0, Sum: 0.0]
      [GC Worker Other (ms): Min: 0.1, Avg: 0.1, Max: 0.1, Diff: 0.1, Sum: 0.2]
      [GC Worker Total (ms): Min: 115.3, Avg: 115.3, Max: 115.4, Diff: 0.0, Sum: 230.7]
      [GC Worker End (ms): Min: 32765000.1, Avg: 32765000.1, Max: 32765000.1, Diff: 0.0]
   [Code Root Fixup: 0.5 ms]
   [Code Root Migration: 0.0 ms]
   [Clear CT: 0.3 ms]
   [Other: 6.4 ms]
      [Choose CSet: 0.0 ms]
      [Ref Proc: 3.0 ms]
      [Ref Enq: 0.2 ms]
      [Free CSet: 0.5 ms]
   [Eden: 178.0M(178.0M)->0.0B(188.0M) Survivors: 26.0M->16.0M Heap: 1105.0M(4096.0M)->943.0M(4096.0M)]
 [Times: user=0.24 sys=0.00, real=0.12 secs] 
2016-08-30T22:42:07.636+0200: 32777.771: [GC pause (young), 0.1222860 secs]
   [Parallel Time: 116.7 ms, GC Workers: 2]
      [GC Worker Start (ms): Min: 32777771.9, Avg: 32777771.9, Max: 32777771.9, Diff: 0.0]
      [Ext Root Scanning (ms): Min: 50.2, Avg: 51.5, Max: 52.7, Diff: 2.6, Sum: 102.9]
      [Update RS (ms): Min: 25.6, Avg: 27.2, Max: 28.9, Diff: 3.3, Sum: 54.5]
         [Processed Buffers: Min: 285, Avg: 312.5, Max: 340, Diff: 55, Sum: 625]
      [Scan RS (ms): Min: 6.2, Avg: 6.4, Max: 6.5, Diff: 0.3, Sum: 12.7]
      [Code Root Scanning (ms): Min: 0.1, Avg: 0.1, Max: 0.1, Diff: 0.0, Sum: 0.1]
      [Object Copy (ms): Min: 31.2, Avg: 31.4, Max: 31.6, Diff: 0.4, Sum: 62.8]
      [Termination (ms): Min: 0.0, Avg: 0.0, Max: 0.0, Diff: 0.0, Sum: 0.0]
      [GC Worker Other (ms): Min: 0.1, Avg: 0.1, Max: 0.1, Diff: 0.0, Sum: 0.1]
      [GC Worker Total (ms): Min: 116.6, Avg: 116.6, Max: 116.6, Diff: 0.0, Sum: 233.2]
      [GC Worker End (ms): Min: 32777888.5, Avg: 32777888.5, Max: 32777888.5, Diff: 0.0]
   [Code Root Fixup: 0.5 ms]
   [Code Root Migration: 0.0 ms]
   [Clear CT: 0.3 ms]
   [Other: 4.7 ms]
      [Choose CSet: 0.0 ms]
      [Ref Proc: 1.7 ms]
      [Ref Enq: 0.1 ms]
      [Free CSet: 0.5 ms]
   [Eden: 188.0M(188.0M)->0.0B(186.0M) Survivors: 16.0M->18.0M Heap: 1131.0M(4096.0M)->954.0M(4096.0M)]
 [Times: user=0.24 sys=0.00, real=0.12 secs] 
2016-08-30T22:42:15.158+0200: 32785.292: [GC pause (young), 0.1457340 secs]
   [Parallel Time: 139.5 ms, GC Workers: 2]
      [GC Worker Start (ms): Min: 32785294.0, Avg: 32785294.1, Max: 32785294.2, Diff: 0.3]
      [Ext Root Scanning (ms): Min: 51.6, Avg: 52.6, Max: 53.6, Diff: 2.0, Sum: 105.2]
      [Update RS (ms): Min: 40.2, Avg: 41.6, Max: 43.0, Diff: 2.8, Sum: 83.2]
         [Processed Buffers: Min: 390, Avg: 395.0, Max: 400, Diff: 10, Sum: 790]
      [Scan RS (ms): Min: 4.7, Avg: 4.7, Max: 4.7, Diff: 0.1, Sum: 9.4]
      [Code Root Scanning (ms): Min: 0.1, Avg: 0.1, Max: 0.1, Diff: 0.0, Sum: 0.1]
      [Object Copy (ms): Min: 39.8, Avg: 40.3, Max: 40.8, Diff: 1.1, Sum: 80.6]
      [Termination (ms): Min: 0.0, Avg: 0.0, Max: 0.0, Diff: 0.0, Sum: 0.0]
      [GC Worker Other (ms): Min: 0.1, Avg: 0.1, Max: 0.1, Diff: 0.0, Sum: 0.1]
      [GC Worker Total (ms): Min: 139.1, Avg: 139.3, Max: 139.4, Diff: 0.3, Sum: 278.6]
      [GC Worker End (ms): Min: 32785433.4, Avg: 32785433.4, Max: 32785433.4, Diff: 0.0]
   [Code Root Fixup: 0.4 ms]
   [Code Root Migration: 0.0 ms]
   [Clear CT: 0.3 ms]
   [Other: 5.5 ms]
      [Choose CSet: 0.0 ms]
      [Ref Proc: 1.7 ms]
      [Ref Enq: 0.2 ms]
      [Free CSet: 0.5 ms]
   [Eden: 186.0M(186.0M)->0.0B(178.0M) Survivors: 18.0M->26.0M Heap: 1140.0M(4096.0M)->989.0M(4096.0M)]
 [Times: user=0.27 sys=0.00, real=0.14 secs] 
2016-08-30T22:42:26.188+0200: 32796.323: [GC pause (young), 0.1245620 secs]
   [Parallel Time: 118.4 ms, GC Workers: 2]
      [GC Worker Start (ms): Min: 32796324.4, Avg: 32796324.4, Max: 32796324.4, Diff: 0.0]
      [Ext Root Scanning (ms): Min: 49.4, Avg: 49.5, Max: 49.6, Diff: 0.1, Sum: 99.0]
      [Update RS (ms): Min: 27.1, Avg: 27.8, Max: 28.5, Diff: 1.4, Sum: 55.6]
         [Processed Buffers: Min: 325, Avg: 346.5, Max: 368, Diff: 43, Sum: 693]
      [Scan RS (ms): Min: 5.3, Avg: 6.0, Max: 6.6, Diff: 1.4, Sum: 11.9]
      [Code Root Scanning (ms): Min: 0.1, Avg: 0.1, Max: 0.1, Diff: 0.0, Sum: 0.1]
      [Object Copy (ms): Min: 34.8, Avg: 34.8, Max: 34.9, Diff: 0.2, Sum: 69.7]
      [Termination (ms): Min: 0.0, Avg: 0.0, Max: 0.0, Diff: 0.0, Sum: 0.0]
      [GC Worker Other (ms): Min: 0.1, Avg: 0.1, Max: 0.1, Diff: 0.0, Sum: 0.1]
      [GC Worker Total (ms): Min: 118.2, Avg: 118.2, Max: 118.3, Diff: 0.0, Sum: 236.5]
      [GC Worker End (ms): Min: 32796442.7, Avg: 32796442.7, Max: 32796442.7, Diff: 0.0]
   [Code Root Fixup: 0.5 ms]
   [Code Root Migration: 0.0 ms]
   [Clear CT: 0.4 ms]
   [Other: 5.3 ms]
      [Choose CSet: 0.0 ms]
      [Ref Proc: 1.9 ms]
      [Ref Enq: 0.1 ms]
      [Free CSet: 0.6 ms]
   [Eden: 178.0M(178.0M)->0.0B(318.0M) Survivors: 26.0M->16.0M Heap: 1167.0M(4096.0M)->1005.0M(4096.0M)]
 [Times: user=0.24 sys=0.01, real=0.12 secs] 
2016-08-30T22:42:43.329+0200: 32813.463: [GC pause (young), 0.1528580 secs]
   [Parallel Time: 144.2 ms, GC Workers: 2]
      [GC Worker Start (ms): Min: 32813465.2, Avg: 32813465.2, Max: 32813465.2, Diff: 0.0]
      [Ext Root Scanning (ms): Min: 50.5, Avg: 51.6, Max: 52.8, Diff: 2.3, Sum: 103.3]
      [Update RS (ms): Min: 38.9, Avg: 39.5, Max: 40.1, Diff: 1.2, Sum: 79.0]
         [Processed Buffers: Min: 426, Avg: 450.5, Max: 475, Diff: 49, Sum: 901]
      [Scan RS (ms): Min: 6.8, Avg: 6.9, Max: 7.1, Diff: 0.3, Sum: 13.9]
      [Code Root Scanning (ms): Min: 0.1, Avg: 0.1, Max: 0.1, Diff: 0.1, Sum: 0.2]
      [Object Copy (ms): Min: 45.4, Avg: 45.8, Max: 46.2, Diff: 0.7, Sum: 91.6]
      [Termination (ms): Min: 0.0, Avg: 0.0, Max: 0.0, Diff: 0.0, Sum: 0.0]
      [GC Worker Other (ms): Min: 0.1, Avg: 0.1, Max: 0.1, Diff: 0.1, Sum: 0.2]
      [GC Worker Total (ms): Min: 144.1, Avg: 144.1, Max: 144.1, Diff: 0.0, Sum: 288.2]
      [GC Worker End (ms): Min: 32813609.3, Avg: 32813609.3, Max: 32813609.3, Diff: 0.0]
   [Code Root Fixup: 0.4 ms]
   [Code Root Migration: 0.1 ms]
   [Clear CT: 0.4 ms]
   [Other: 7.8 ms]
      [Choose CSet: 0.0 ms]
      [Ref Proc: 3.4 ms]
      [Ref Enq: 0.3 ms]
      [Free CSet: 0.9 ms]
   [Eden: 318.0M(318.0M)->0.0B(226.0M) Survivors: 16.0M->42.0M Heap: 1323.0M(4096.0M)->1041.0M(4096.0M)]
 [Times: user=0.30 sys=0.00, real=0.16 secs] 
2016-08-30T22:42:58.480+0200: 32828.615: [GC pause (young), 0.1545910 secs]
   [Parallel Time: 148.8 ms, GC Workers: 2]
      [GC Worker Start (ms): Min: 32828616.1, Avg: 32828617.9, Max: 32828619.6, Diff: 3.5]
      [Ext Root Scanning (ms): Min: 58.0, Avg: 60.4, Max: 62.9, Diff: 4.9, Sum: 120.8]
      [Update RS (ms): Min: 26.5, Avg: 29.6, Max: 32.7, Diff: 6.3, Sum: 59.2]
         [Processed Buffers: Min: 320, Avg: 326.0, Max: 332, Diff: 12, Sum: 652]
      [Scan RS (ms): Min: 8.9, Avg: 9.5, Max: 10.0, Diff: 1.1, Sum: 18.9]
      [Code Root Scanning (ms): Min: 0.1, Avg: 0.1, Max: 0.1, Diff: 0.1, Sum: 0.2]
      [Object Copy (ms): Min: 46.7, Avg: 47.2, Max: 47.7, Diff: 1.0, Sum: 94.5]
      [Termination (ms): Min: 0.0, Avg: 0.0, Max: 0.0, Diff: 0.0, Sum: 0.0]
      [GC Worker Other (ms): Min: 0.2, Avg: 0.2, Max: 0.2, Diff: 0.0, Sum: 0.4]
      [GC Worker Total (ms): Min: 145.2, Avg: 147.0, Max: 148.7, Diff: 3.5, Sum: 294.0]
      [GC Worker End (ms): Min: 32828764.9, Avg: 32828764.9, Max: 32828764.9, Diff: 0.0]
   [Code Root Fixup: 0.3 ms]
   [Code Root Migration: 0.0 ms]
   [Clear CT: 0.4 ms]
   [Other: 5.1 ms]
      [Choose CSet: 0.0 ms]
      [Ref Proc: 1.8 ms]
      [Ref Enq: 0.1 ms]
      [Free CSet: 0.7 ms]
   [Eden: 226.0M(226.0M)->0.0B(518.0M) Survivors: 42.0M->18.0M Heap: 1267.0M(4096.0M)->1060.0M(4096.0M)]
 [Times: user=0.28 sys=0.00, real=0.16 secs] 
2016-08-30T22:43:31.108+0200: 32861.242: [GC pause (young), 0.1615240 secs]
   [Parallel Time: 152.0 ms, GC Workers: 2]
      [GC Worker Start (ms): Min: 32861243.8, Avg: 32861243.8, Max: 32861243.8, Diff: 0.0]
      [Ext Root Scanning (ms): Min: 52.4, Avg: 52.5, Max: 52.6, Diff: 0.3, Sum: 105.0]
      [Update RS (ms): Min: 40.8, Avg: 41.9, Max: 42.9, Diff: 2.1, Sum: 83.7]
         [Processed Buffers: Min: 303, Avg: 312.5, Max: 322, Diff: 19, Sum: 625]
      [Scan RS (ms): Min: 10.9, Avg: 11.3, Max: 11.7, Diff: 0.8, Sum: 22.6]
      [Code Root Scanning (ms): Min: 0.1, Avg: 0.2, Max: 0.2, Diff: 0.1, Sum: 0.3]
      [Object Copy (ms): Min: 45.1, Avg: 45.9, Max: 46.8, Diff: 1.7, Sum: 91.9]
      [Termination (ms): Min: 0.0, Avg: 0.0, Max: 0.0, Diff: 0.0, Sum: 0.0]
      [GC Worker Other (ms): Min: 0.1, Avg: 0.1, Max: 0.2, Diff: 0.1, Sum: 0.2]
      [GC Worker Total (ms): Min: 151.9, Avg: 151.9, Max: 151.9, Diff: 0.0, Sum: 303.8]
      [GC Worker End (ms): Min: 32861395.7, Avg: 32861395.7, Max: 32861395.7, Diff: 0.0]
   [Code Root Fixup: 0.2 ms]
   [Code Root Migration: 0.1 ms]
   [Clear CT: 0.4 ms]
   [Other: 8.8 ms]
      [Choose CSet: 0.0 ms]
      [Ref Proc: 4.8 ms]
      [Ref Enq: 0.2 ms]
      [Free CSet: 1.1 ms]
   [Eden: 518.0M(518.0M)->0.0B(368.0M) Survivors: 18.0M->44.0M Heap: 1578.0M(4096.0M)->1085.0M(4096.0M)]
 [Times: user=0.31 sys=0.00, real=0.16 secs] 
2016-08-30T22:43:49.472+0200: 32879.606: [GC pause (young), 0.1812340 secs]
   [Parallel Time: 173.7 ms, GC Workers: 2]
      [GC Worker Start (ms): Min: 32879608.2, Avg: 32879608.2, Max: 32879608.2, Diff: 0.0]
      [Ext Root Scanning (ms): Min: 53.5, Avg: 58.1, Max: 62.8, Diff: 9.2, Sum: 116.3]
      [Update RS (ms): Min: 35.2, Avg: 39.6, Max: 44.1, Diff: 8.9, Sum: 79.3]
         [Processed Buffers: Min: 430, Avg: 457.0, Max: 484, Diff: 54, Sum: 914]
      [Scan RS (ms): Min: 13.6, Avg: 13.8, Max: 14.1, Diff: 0.6, Sum: 27.7]
      [Code Root Scanning (ms): Min: 0.1, Avg: 0.1, Max: 0.1, Diff: 0.0, Sum: 0.3]
      [Object Copy (ms): Min: 61.2, Avg: 61.7, Max: 62.2, Diff: 1.0, Sum: 123.4]
      [Termination (ms): Min: 0.0, Avg: 0.0, Max: 0.0, Diff: 0.0, Sum: 0.0]
      [GC Worker Other (ms): Min: 0.2, Avg: 0.2, Max: 0.2, Diff: 0.1, Sum: 0.4]
      [GC Worker Total (ms): Min: 173.6, Avg: 173.6, Max: 173.7, Diff: 0.0, Sum: 347.3]
      [GC Worker End (ms): Min: 32879781.8, Avg: 32879781.8, Max: 32879781.8, Diff: 0.0]
   [Code Root Fixup: 0.3 ms]
   [Code Root Migration: 0.1 ms]
   [Clear CT: 0.4 ms]
   [Other: 6.8 ms]
      [Choose CSet: 0.0 ms]
      [Ref Proc: 2.8 ms]
      [Ref Enq: 0.2 ms]
      [Free CSet: 0.8 ms]
   [Eden: 368.0M(368.0M)->0.0B(262.0M) Survivors: 44.0M->52.0M Heap: 1453.0M(4096.0M)->1131.0M(4096.0M)]
 [Times: user=0.34 sys=0.01, real=0.18 secs] 
2016-08-30T22:44:07.309+0200: 32897.443: [GC pause (young), 0.1529970 secs]
   [Parallel Time: 145.6 ms, GC Workers: 2]
      [GC Worker Start (ms): Min: 32897444.7, Avg: 32897444.7, Max: 32897444.7, Diff: 0.0]
      [Ext Root Scanning (ms): Min: 51.9, Avg: 52.1, Max: 52.3, Diff: 0.4, Sum: 104.2]
      [Update RS (ms): Min: 27.6, Avg: 28.6, Max: 29.5, Diff: 1.9, Sum: 57.1]
         [Processed Buffers: Min: 271, Avg: 277.0, Max: 283, Diff: 12, Sum: 554]
      [Scan RS (ms): Min: 10.5, Avg: 10.7, Max: 11.0, Diff: 0.5, Sum: 21.5]
      [Code Root Scanning (ms): Min: 0.1, Avg: 0.1, Max: 0.1, Diff: 0.1, Sum: 0.2]
      [Object Copy (ms): Min: 53.3, Avg: 53.8, Max: 54.3, Diff: 1.0, Sum: 107.5]
      [Termination (ms): Min: 0.0, Avg: 0.0, Max: 0.0, Diff: 0.0, Sum: 0.0]
      [GC Worker Other (ms): Min: 0.2, Avg: 0.2, Max: 0.2, Diff: 0.0, Sum: 0.4]
      [GC Worker Total (ms): Min: 145.5, Avg: 145.5, Max: 145.5, Diff: 0.0, Sum: 290.9]
      [GC Worker End (ms): Min: 32897590.1, Avg: 32897590.1, Max: 32897590.1, Diff: 0.0]
   [Code Root Fixup: 0.6 ms]
   [Code Root Migration: 0.0 ms]
   [Clear CT: 0.5 ms]
   [Other: 6.3 ms]
      [Choose CSet: 0.0 ms]
      [Ref Proc: 2.5 ms]
      [Ref Enq: 0.2 ms]
      [Free CSet: 0.9 ms]
   [Eden: 262.0M(262.0M)->0.0B(616.0M) Survivors: 52.0M->22.0M Heap: 1393.0M(4096.0M)->1153.0M(4096.0M)]
 [Times: user=0.30 sys=0.00, real=0.15 secs] 
2016-08-30T22:44:44.455+0200: 32934.589: [GC pause (young), 0.1911550 secs]
   [Parallel Time: 180.8 ms, GC Workers: 2]
      [GC Worker Start (ms): Min: 32934591.5, Avg: 32934591.5, Max: 32934591.5, Diff: 0.0]
      [Ext Root Scanning (ms): Min: 52.9, Avg: 58.6, Max: 64.2, Diff: 11.3, Sum: 117.2]
      [Update RS (ms): Min: 47.5, Avg: 52.4, Max: 57.3, Diff: 9.7, Sum: 104.8]
         [Processed Buffers: Min: 328, Avg: 415.5, Max: 503, Diff: 175, Sum: 831]
      [Scan RS (ms): Min: 11.3, Avg: 12.2, Max: 13.1, Diff: 1.8, Sum: 24.4]
      [Code Root Scanning (ms): Min: 0.2, Avg: 0.2, Max: 0.3, Diff: 0.1, Sum: 0.5]
      [Object Copy (ms): Min: 57.1, Avg: 57.2, Max: 57.2, Diff: 0.1, Sum: 114.3]
      [Termination (ms): Min: 0.0, Avg: 0.0, Max: 0.0, Diff: 0.0, Sum: 0.0]
      [GC Worker Other (ms): Min: 0.2, Avg: 0.2, Max: 0.2, Diff: 0.0, Sum: 0.3]
      [GC Worker Total (ms): Min: 180.7, Avg: 180.7, Max: 180.8, Diff: 0.0, Sum: 361.5]
      [GC Worker End (ms): Min: 32934772.2, Avg: 32934772.2, Max: 32934772.2, Diff: 0.0]
   [Code Root Fixup: 0.2 ms]
   [Code Root Migration: 0.1 ms]
   [Clear CT: 0.5 ms]
   [Other: 9.5 ms]
      [Choose CSet: 0.0 ms]
      [Ref Proc: 4.7 ms]
      [Ref Enq: 0.3 ms]
      [Free CSet: 1.2 ms]
   [Eden: 616.0M(616.0M)->0.0B(216.0M) Survivors: 22.0M->64.0M Heap: 1769.0M(4096.0M)->1195.0M(4096.0M)]
 [Times: user=0.35 sys=0.00, real=0.19 secs] 
2016-08-30T22:45:02.132+0200: 32952.266: [GC pause (young), 0.1437680 secs]
   [Parallel Time: 136.8 ms, GC Workers: 2]
      [GC Worker Start (ms): Min: 32952267.6, Avg: 32952267.6, Max: 32952267.7, Diff: 0.0]
      [Ext Root Scanning (ms): Min: 49.0, Avg: 49.4, Max: 49.8, Diff: 0.7, Sum: 98.8]
      [Update RS (ms): Min: 26.8, Avg: 27.3, Max: 27.9, Diff: 1.1, Sum: 54.6]
         [Processed Buffers: Min: 266, Avg: 281.0, Max: 296, Diff: 30, Sum: 562]
      [Scan RS (ms): Min: 12.8, Avg: 13.4, Max: 14.0, Diff: 1.2, Sum: 26.8]
      [Code Root Scanning (ms): Min: 0.1, Avg: 0.1, Max: 0.1, Diff: 0.0, Sum: 0.2]
      [Object Copy (ms): Min: 45.9, Avg: 46.4, Max: 46.8, Diff: 0.9, Sum: 92.7]
      [Termination (ms): Min: 0.0, Avg: 0.0, Max: 0.0, Diff: 0.0, Sum: 0.0]
      [GC Worker Other (ms): Min: 0.2, Avg: 0.2, Max: 0.2, Diff: 0.0, Sum: 0.4]
      [GC Worker Total (ms): Min: 136.8, Avg: 136.8, Max: 136.8, Diff: 0.0, Sum: 273.5]
      [GC Worker End (ms): Min: 32952404.4, Avg: 32952404.4, Max: 32952404.4, Diff: 0.0]
   [Code Root Fixup: 0.5 ms]
   [Code Root Migration: 0.0 ms]
   [Clear CT: 0.5 ms]
   [Other: 5.9 ms]
      [Choose CSet: 0.0 ms]
      [Ref Proc: 2.3 ms]
      [Ref Enq: 0.2 ms]
      [Free CSet: 0.9 ms]
   [Eden: 216.0M(216.0M)->0.0B(658.0M) Survivors: 64.0M->20.0M Heap: 1411.0M(4096.0M)->1176.0M(4096.0M)]
 [Times: user=0.28 sys=0.00, real=0.14 secs] 
2016-08-30T22:45:43.876+0200: 32994.011: [GC pause (young), 0.1950480 secs]
   [Parallel Time: 182.3 ms, GC Workers: 2]
      [GC Worker Start (ms): Min: 32994012.5, Avg: 32994012.5, Max: 32994012.6, Diff: 0.0]
      [Ext Root Scanning (ms): Min: 51.8, Avg: 52.8, Max: 53.8, Diff: 1.9, Sum: 105.6]
      [Update RS (ms): Min: 50.9, Avg: 51.5, Max: 52.1, Diff: 1.2, Sum: 102.9]
         [Processed Buffers: Min: 374, Avg: 404.0, Max: 434, Diff: 60, Sum: 808]
      [Scan RS (ms): Min: 11.3, Avg: 11.7, Max: 12.1, Diff: 0.8, Sum: 23.4]
      [Code Root Scanning (ms): Min: 0.2, Avg: 0.2, Max: 0.3, Diff: 0.1, Sum: 0.4]
      [Object Copy (ms): Min: 65.1, Avg: 65.9, Max: 66.7, Diff: 1.5, Sum: 131.8]
      [Termination (ms): Min: 0.0, Avg: 0.0, Max: 0.0, Diff: 0.0, Sum: 0.0]
      [GC Worker Other (ms): Min: 0.1, Avg: 0.1, Max: 0.2, Diff: 0.1, Sum: 0.3]
      [GC Worker Total (ms): Min: 182.2, Avg: 182.2, Max: 182.3, Diff: 0.0, Sum: 364.5]
      [GC Worker End (ms): Min: 32994194.8, Avg: 32994194.8, Max: 32994194.8, Diff: 0.0]
   [Code Root Fixup: 0.4 ms]
   [Code Root Migration: 0.1 ms]
   [Clear CT: 0.6 ms]
   [Other: 11.6 ms]
      [Choose CSet: 0.0 ms]
      [Ref Proc: 5.9 ms]
      [Ref Enq: 0.6 ms]
      [Free CSet: 1.8 ms]
   [Eden: 658.0M(658.0M)->0.0B(270.0M) Survivors: 20.0M->74.0M Heap: 1834.0M(4096.0M)->1230.0M(4096.0M)]
 [Times: user=0.37 sys=0.00, real=0.20 secs] 
2016-08-30T22:46:01.434+0200: 33011.568: [GC pause (young), 0.1626550 secs]
   [Parallel Time: 154.2 ms, GC Workers: 2]
      [GC Worker Start (ms): Min: 33011569.7, Avg: 33011571.7, Max: 33011573.6, Diff: 3.9]
      [Ext Root Scanning (ms): Min: 47.9, Avg: 49.2, Max: 50.4, Diff: 2.5, Sum: 98.4]
      [Update RS (ms): Min: 34.0, Avg: 34.3, Max: 34.5, Diff: 0.5, Sum: 68.5]
         [Processed Buffers: Min: 220, Avg: 289.5, Max: 359, Diff: 139, Sum: 579]
      [Scan RS (ms): Min: 13.9, Avg: 14.3, Max: 14.7, Diff: 0.8, Sum: 28.6]
      [Code Root Scanning (ms): Min: 0.1, Avg: 0.1, Max: 0.1, Diff: 0.0, Sum: 0.2]
      [Object Copy (ms): Min: 53.5, Avg: 54.3, Max: 55.0, Diff: 1.5, Sum: 108.6]
      [Termination (ms): Min: 0.0, Avg: 0.0, Max: 0.0, Diff: 0.0, Sum: 0.0]
      [GC Worker Other (ms): Min: 0.0, Avg: 0.1, Max: 0.2, Diff: 0.1, Sum: 0.2]
      [GC Worker Total (ms): Min: 150.3, Avg: 152.2, Max: 154.2, Diff: 3.9, Sum: 304.5]
      [GC Worker End (ms): Min: 33011723.9, Avg: 33011723.9, Max: 33011723.9, Diff: 0.0]
   [Code Root Fixup: 0.4 ms]
   [Code Root Migration: 0.1 ms]
   [Clear CT: 0.5 ms]
   [Other: 7.4 ms]
      [Choose CSet: 0.0 ms]
      [Ref Proc: 3.1 ms]
      [Ref Enq: 0.2 ms]
      [Free CSet: 0.9 ms]
   [Eden: 270.0M(270.0M)->0.0B(688.0M) Survivors: 74.0M->20.0M Heap: 1500.0M(4096.0M)->1214.0M(4096.0M)]
 [Times: user=0.30 sys=0.00, real=0.16 secs] 
2016-08-30T22:46:42.599+0200: 33052.733: [GC pause (young), 0.1770480 secs]
   [Parallel Time: 166.9 ms, GC Workers: 2]
      [GC Worker Start (ms): Min: 33052735.3, Avg: 33052735.4, Max: 33052735.4, Diff: 0.0]
      [Ext Root Scanning (ms): Min: 51.7, Avg: 52.4, Max: 53.1, Diff: 1.4, Sum: 104.8]
      [Update RS (ms): Min: 46.9, Avg: 47.4, Max: 47.8, Diff: 0.9, Sum: 94.7]
         [Processed Buffers: Min: 422, Avg: 423.0, Max: 424, Diff: 2, Sum: 846]
      [Scan RS (ms): Min: 12.1, Avg: 12.4, Max: 12.7, Diff: 0.6, Sum: 24.8]
      [Code Root Scanning (ms): Min: 0.2, Avg: 0.2, Max: 0.3, Diff: 0.1, Sum: 0.5]
      [Object Copy (ms): Min: 53.6, Avg: 54.2, Max: 54.9, Diff: 1.3, Sum: 108.5]
      [Termination (ms): Min: 0.0, Avg: 0.0, Max: 0.0, Diff: 0.0, Sum: 0.0]
      [GC Worker Other (ms): Min: 0.0, Avg: 0.1, Max: 0.2, Diff: 0.2, Sum: 0.3]
      [GC Worker Total (ms): Min: 166.8, Avg: 166.8, Max: 166.8, Diff: 0.0, Sum: 333.6]
      [GC Worker End (ms): Min: 33052902.2, Avg: 33052902.2, Max: 33052902.2, Diff: 0.0]
   [Code Root Fixup: 0.3 ms]
   [Code Root Migration: 0.1 ms]
   [Clear CT: 0.4 ms]
   [Other: 9.4 ms]
      [Choose CSet: 0.0 ms]
      [Ref Proc: 4.9 ms]
      [Ref Enq: 0.3 ms]
      [Free CSet: 1.3 ms]
   [Eden: 688.0M(688.0M)->0.0B(380.0M) Survivors: 20.0M->70.0M Heap: 1902.0M(4096.0M)->1263.0M(4096.0M)]
 [Times: user=0.34 sys=0.00, real=0.17 secs] 
2016-08-30T22:47:07.811+0200: 33077.946: [GC pause (young), 0.1671520 secs]
   [Parallel Time: 157.6 ms, GC Workers: 2]
      [GC Worker Start (ms): Min: 33077947.1, Avg: 33077947.1, Max: 33077947.1, Diff: 0.0]
      [Ext Root Scanning (ms): Min: 51.2, Avg: 51.7, Max: 52.1, Diff: 0.9, Sum: 103.3]
      [Update RS (ms): Min: 32.2, Avg: 32.3, Max: 32.3, Diff: 0.0, Sum: 64.5]
         [Processed Buffers: Min: 251, Avg: 275.0, Max: 299, Diff: 48, Sum: 550]
      [Scan RS (ms): Min: 15.7, Avg: 15.7, Max: 15.8, Diff: 0.1, Sum: 31.5]
      [Code Root Scanning (ms): Min: 0.1, Avg: 0.1, Max: 0.2, Diff: 0.1, Sum: 0.3]
      [Object Copy (ms): Min: 57.0, Avg: 57.5, Max: 58.0, Diff: 1.0, Sum: 115.0]
      [Termination (ms): Min: 0.0, Avg: 0.0, Max: 0.0, Diff: 0.0, Sum: 0.0]
      [GC Worker Other (ms): Min: 0.2, Avg: 0.2, Max: 0.2, Diff: 0.0, Sum: 0.5]
      [GC Worker Total (ms): Min: 157.5, Avg: 157.5, Max: 157.6, Diff: 0.0, Sum: 315.1]
      [GC Worker End (ms): Min: 33078104.6, Avg: 33078104.6, Max: 33078104.6, Diff: 0.0]
   [Code Root Fixup: 0.4 ms]
   [Code Root Migration: 0.1 ms]
   [Clear CT: 0.6 ms]
   [Other: 8.5 ms]
      [Choose CSet: 0.0 ms]
      [Ref Proc: 4.1 ms]
      [Ref Enq: 0.3 ms]
      [Free CSet: 1.2 ms]
   [Eden: 380.0M(380.0M)->0.0B(738.0M) Survivors: 70.0M->22.0M Heap: 1643.0M(4096.0M)->1247.0M(4096.0M)]
 [Times: user=0.32 sys=0.00, real=0.16 secs] 
2016-08-30T22:47:48.062+0200: 33118.197: [GC pause (young), 0.2966010 secs]
   [Parallel Time: 288.4 ms, GC Workers: 2]
      [GC Worker Start (ms): Min: 33118215.5, Avg: 33118215.5, Max: 33118215.5, Diff: 0.0]
      [Ext Root Scanning (ms): Min: 57.8, Avg: 62.7, Max: 67.6, Diff: 9.8, Sum: 125.4]
      [Update RS (ms): Min: 65.6, Avg: 72.0, Max: 78.5, Diff: 12.9, Sum: 144.1]
         [Processed Buffers: Min: 273, Avg: 413.0, Max: 553, Diff: 280, Sum: 826]
      [Scan RS (ms): Min: 21.5, Avg: 21.7, Max: 21.8, Diff: 0.2, Sum: 43.3]
      [Code Root Scanning (ms): Min: 0.1, Avg: 0.1, Max: 0.2, Diff: 0.1, Sum: 0.2]
      [Object Copy (ms): Min: 103.7, Avg: 105.5, Max: 107.3, Diff: 3.6, Sum: 211.0]
      [Termination (ms): Min: 0.0, Avg: 0.0, Max: 0.0, Diff: 0.0, Sum: 0.0]
      [GC Worker Other (ms): Min: 0.0, Avg: 4.2, Max: 8.5, Diff: 8.4, Sum: 8.5]
      [GC Worker Total (ms): Min: 262.1, Avg: 266.3, Max: 270.5, Diff: 8.4, Sum: 532.5]
      [GC Worker End (ms): Min: 33118477.6, Avg: 33118481.8, Max: 33118486.0, Diff: 8.4]
   [Code Root Fixup: 0.2 ms]
   [Code Root Migration: 0.1 ms]
   [Clear CT: 0.3 ms]
   [Other: 7.6 ms]
      [Choose CSet: 0.0 ms]
      [Ref Proc: 4.3 ms]
      [Ref Enq: 0.3 ms]
      [Free CSet: 1.1 ms]
   [Eden: 708.0M(558.0M)->0.0B(132.0M) Survivors: 22.0M->72.0M Heap: 1955.0M(4096.0M)->1296.0M(4096.0M)]
 [Times: user=0.19 sys=0.00, real=0.31 secs] 
2016-08-30T22:47:55.949+0200: 33126.084: [GC pause (young), 0.1473800 secs]
   [Parallel Time: 141.3 ms, GC Workers: 2]
      [GC Worker Start (ms): Min: 33126084.7, Avg: 33126084.7, Max: 33126084.8, Diff: 0.0]
      [Ext Root Scanning (ms): Min: 49.4, Avg: 51.2, Max: 53.0, Diff: 3.6, Sum: 102.4]
      [Update RS (ms): Min: 21.4, Avg: 23.2, Max: 25.0, Diff: 3.6, Sum: 46.4]
         [Processed Buffers: Min: 236, Avg: 253.0, Max: 270, Diff: 34, Sum: 506]
      [Scan RS (ms): Min: 13.4, Avg: 13.5, Max: 13.5, Diff: 0.1, Sum: 27.0]
      [Code Root Scanning (ms): Min: 0.0, Avg: 0.1, Max: 0.1, Diff: 0.1, Sum: 0.2]
      [Object Copy (ms): Min: 53.0, Avg: 53.1, Max: 53.2, Diff: 0.2, Sum: 106.2]
      [Termination (ms): Min: 0.0, Avg: 0.0, Max: 0.0, Diff: 0.0, Sum: 0.0]
      [GC Worker Other (ms): Min: 0.1, Avg: 0.1, Max: 0.1, Diff: 0.0, Sum: 0.2]
      [GC Worker Total (ms): Min: 141.2, Avg: 141.2, Max: 141.2, Diff: 0.0, Sum: 282.4]
      [GC Worker End (ms): Min: 33126225.9, Avg: 33126225.9, Max: 33126225.9, Diff: 0.0]
   [Code Root Fixup: 0.5 ms]
   [Code Root Migration: 0.0 ms]
   [Clear CT: 0.5 ms]
   [Other: 5.1 ms]
      [Choose CSet: 0.0 ms]
      [Ref Proc: 1.7 ms]
      [Ref Enq: 0.1 ms]
      [Free CSet: 0.6 ms]
   [Eden: 132.0M(132.0M)->0.0B(280.0M) Survivors: 72.0M->14.0M Heap: 1428.0M(4096.0M)->1279.0M(4096.0M)]
 [Times: user=0.28 sys=0.00, real=0.14 secs] 
2016-08-30T22:48:13.577+0200: 33143.712: [GC pause (young), 0.1483270 secs]
   [Parallel Time: 140.2 ms, GC Workers: 2]
      [GC Worker Start (ms): Min: 33143713.4, Avg: 33143715.3, Max: 33143717.2, Diff: 3.8]
      [Ext Root Scanning (ms): Min: 50.2, Avg: 52.1, Max: 54.0, Diff: 3.8, Sum: 104.2]
      [Update RS (ms): Min: 38.2, Avg: 38.5, Max: 38.9, Diff: 0.8, Sum: 77.1]
         [Processed Buffers: Min: 396, Avg: 407.0, Max: 418, Diff: 22, Sum: 814]
      [Scan RS (ms): Min: 5.9, Avg: 5.9, Max: 5.9, Diff: 0.0, Sum: 11.8]
      [Code Root Scanning (ms): Min: 0.1, Avg: 0.1, Max: 0.1, Diff: 0.1, Sum: 0.2]
      [Object Copy (ms): Min: 41.1, Avg: 41.4, Max: 41.7, Diff: 0.7, Sum: 82.8]
      [Termination (ms): Min: 0.0, Avg: 0.0, Max: 0.0, Diff: 0.0, Sum: 0.0]
      [GC Worker Other (ms): Min: 0.1, Avg: 0.1, Max: 0.2, Diff: 0.0, Sum: 0.3]
      [GC Worker Total (ms): Min: 136.3, Avg: 138.2, Max: 140.1, Diff: 3.8, Sum: 276.4]
      [GC Worker End (ms): Min: 33143853.5, Avg: 33143853.5, Max: 33143853.5, Diff: 0.0]
   [Code Root Fixup: 0.5 ms]
   [Code Root Migration: 0.0 ms]
   [Clear CT: 0.4 ms]
   [Other: 7.2 ms]
      [Choose CSet: 0.0 ms]
      [Ref Proc: 3.1 ms]
      [Ref Enq: 0.2 ms]
      [Free CSet: 0.8 ms]
   [Eden: 280.0M(280.0M)->0.0B(252.0M) Survivors: 14.0M->38.0M Heap: 1559.0M(4096.0M)->1307.0M(4096.0M)]
 [Times: user=0.28 sys=0.00, real=0.15 secs] 
2016-08-30T22:48:30.469+0200: 33160.603: [GC pause (young), 0.1552350 secs]
   [Parallel Time: 145.9 ms, GC Workers: 2]
      [GC Worker Start (ms): Min: 33160604.9, Avg: 33160604.9, Max: 33160604.9, Diff: 0.0]
      [Ext Root Scanning (ms): Min: 51.8, Avg: 58.5, Max: 65.3, Diff: 13.5, Sum: 117.0]
      [Update RS (ms): Min: 20.5, Avg: 26.5, Max: 32.5, Diff: 12.1, Sum: 53.0]
         [Processed Buffers: Min: 247, Avg: 297.0, Max: 347, Diff: 100, Sum: 594]
      [Scan RS (ms): Min: 11.0, Avg: 11.3, Max: 11.6, Diff: 0.6, Sum: 22.6]
      [Code Root Scanning (ms): Min: 0.1, Avg: 0.1, Max: 0.1, Diff: 0.0, Sum: 0.2]
      [Object Copy (ms): Min: 48.8, Avg: 49.2, Max: 49.6, Diff: 0.9, Sum: 98.4]
      [Termination (ms): Min: 0.0, Avg: 0.0, Max: 0.0, Diff: 0.0, Sum: 0.0]
      [GC Worker Other (ms): Min: 0.2, Avg: 0.2, Max: 0.2, Diff: 0.1, Sum: 0.4]
      [GC Worker Total (ms): Min: 145.8, Avg: 145.8, Max: 145.8, Diff: 0.0, Sum: 291.6]
      [GC Worker End (ms): Min: 33160750.7, Avg: 33160750.7, Max: 33160750.7, Diff: 0.0]
   [Code Root Fixup: 0.4 ms]
   [Code Root Migration: 0.0 ms]
   [Clear CT: 0.5 ms]
   [Other: 8.3 ms]
      [Choose CSet: 0.0 ms]
      [Ref Proc: 4.9 ms]
      [Ref Enq: 0.1 ms]
      [Free CSet: 0.8 ms]
   [Eden: 252.0M(252.0M)->0.0B(562.0M) Survivors: 38.0M->22.0M Heap: 1559.0M(4096.0M)->1326.0M(4096.0M)]
 [Times: user=0.28 sys=0.00, real=0.16 secs] 
2016-08-30T22:49:01.327+0200: 33191.461: [GC pause (young), 0.1659310 secs]
   [Parallel Time: 153.6 ms, GC Workers: 2]
      [GC Worker Start (ms): Min: 33191462.7, Avg: 33191462.8, Max: 33191462.8, Diff: 0.1]
      [Ext Root Scanning (ms): Min: 50.5, Avg: 50.6, Max: 50.7, Diff: 0.2, Sum: 101.2]
      [Update RS (ms): Min: 40.9, Avg: 41.1, Max: 41.2, Diff: 0.3, Sum: 82.1]
         [Processed Buffers: Min: 308, Avg: 318.0, Max: 328, Diff: 20, Sum: 636]
      [Scan RS (ms): Min: 10.7, Avg: 11.0, Max: 11.2, Diff: 0.5, Sum: 21.9]
      [Code Root Scanning (ms): Min: 0.1, Avg: 0.2, Max: 0.2, Diff: 0.1, Sum: 0.4]
      [Object Copy (ms): Min: 50.0, Avg: 50.6, Max: 51.2, Diff: 1.2, Sum: 101.2]
      [Termination (ms): Min: 0.0, Avg: 0.0, Max: 0.0, Diff: 0.0, Sum: 0.0]
      [GC Worker Other (ms): Min: 0.1, Avg: 0.1, Max: 0.2, Diff: 0.1, Sum: 0.2]
      [GC Worker Total (ms): Min: 153.5, Avg: 153.5, Max: 153.6, Diff: 0.1, Sum: 307.0]
      [GC Worker End (ms): Min: 33191616.3, Avg: 33191616.3, Max: 33191616.3, Diff: 0.0]
   [Code Root Fixup: 0.5 ms]
   [Code Root Migration: 0.1 ms]
   [Clear CT: 1.1 ms]
   [Other: 10.6 ms]
      [Choose CSet: 0.0 ms]
      [Ref Proc: 5.5 ms]
      [Ref Enq: 0.5 ms]
      [Free CSet: 1.5 ms]
   [Eden: 516.0M(432.0M)->0.0B(404.0M) Survivors: 22.0M->48.0M Heap: 1842.0M(4096.0M)->1352.0M(4096.0M)]
 [Times: user=0.31 sys=0.00, real=0.17 secs] 
2016-08-30T22:49:23.082+0200: 33213.217: [GC pause (young), 0.1715760 secs]
   [Parallel Time: 164.6 ms, GC Workers: 2]
      [GC Worker Start (ms): Min: 33213218.0, Avg: 33213220.4, Max: 33213222.8, Diff: 4.7]
      [Ext Root Scanning (ms): Min: 51.5, Avg: 52.9, Max: 54.2, Diff: 2.7, Sum: 105.7]
      [Update RS (ms): Min: 35.6, Avg: 35.7, Max: 35.8, Diff: 0.3, Sum: 71.4]
         [Processed Buffers: Min: 275, Avg: 296.0, Max: 317, Diff: 42, Sum: 592]
      [Scan RS (ms): Min: 14.1, Avg: 14.4, Max: 14.8, Diff: 0.7, Sum: 28.8]
      [Code Root Scanning (ms): Min: 0.1, Avg: 0.1, Max: 0.2, Diff: 0.0, Sum: 0.3]
      [Object Copy (ms): Min: 58.1, Avg: 58.9, Max: 59.6, Diff: 1.5, Sum: 117.7]
      [Termination (ms): Min: 0.0, Avg: 0.0, Max: 0.0, Diff: 0.0, Sum: 0.0]
      [GC Worker Other (ms): Min: 0.2, Avg: 0.2, Max: 0.2, Diff: 0.0, Sum: 0.3]
      [GC Worker Total (ms): Min: 159.8, Avg: 162.2, Max: 164.5, Diff: 4.7, Sum: 324.3]
      [GC Worker End (ms): Min: 33213382.6, Avg: 33213382.6, Max: 33213382.6, Diff: 0.0]
   [Code Root Fixup: 0.3 ms]
   [Code Root Migration: 0.1 ms]
   [Clear CT: 0.5 ms]
   [Other: 6.2 ms]
      [Choose CSet: 0.0 ms]
      [Ref Proc: 2.5 ms]
      [Ref Enq: 0.2 ms]
      [Free CSet: 1.0 ms]
   [Eden: 360.0M(216.0M)->0.0B(558.0M) Survivors: 48.0M->34.0M Heap: 1712.0M(4096.0M)->1364.0M(4096.0M)]
 [Times: user=0.33 sys=0.00, real=0.17 secs] 
2016-08-30T22:49:53.406+0200: 33243.540: [GC pause (young), 0.1739970 secs]
   [Parallel Time: 162.6 ms, GC Workers: 2]
      [GC Worker Start (ms): Min: 33243541.5, Avg: 33243541.5, Max: 33243541.5, Diff: 0.0]
      [Ext Root Scanning (ms): Min: 50.9, Avg: 51.2, Max: 51.4, Diff: 0.4, Sum: 102.3]
      [Update RS (ms): Min: 40.4, Avg: 41.2, Max: 42.0, Diff: 1.6, Sum: 82.4]
         [Processed Buffers: Min: 308, Avg: 321.5, Max: 335, Diff: 27, Sum: 643]
      [Scan RS (ms): Min: 14.7, Avg: 15.7, Max: 16.8, Diff: 2.1, Sum: 31.5]
      [Code Root Scanning (ms): Min: 0.2, Avg: 0.2, Max: 0.2, Diff: 0.0, Sum: 0.4]
      [Object Copy (ms): Min: 54.1, Avg: 54.1, Max: 54.2, Diff: 0.1, Sum: 108.2]
      [Termination (ms): Min: 0.0, Avg: 0.0, Max: 0.0, Diff: 0.0, Sum: 0.0]
      [GC Worker Other (ms): Min: 0.1, Avg: 0.1, Max: 0.1, Diff: 0.1, Sum: 0.2]
      [GC Worker Total (ms): Min: 162.5, Avg: 162.5, Max: 162.5, Diff: 0.0, Sum: 325.0]
      [GC Worker End (ms): Min: 33243704.0, Avg: 33243704.0, Max: 33243704.0, Diff: 0.0]
   [Code Root Fixup: 0.5 ms]
   [Code Root Migration: 0.1 ms]
   [Clear CT: 0.6 ms]
   [Other: 10.2 ms]
      [Choose CSet: 0.0 ms]
      [Ref Proc: 5.4 ms]
      [Ref Enq: 0.4 ms]
      [Free CSet: 1.5 ms]
   [Eden: 492.0M(374.0M)->0.0B(544.0M) Survivors: 34.0M->38.0M Heap: 1856.0M(4096.0M)->1383.0M(4096.0M)]
 [Times: user=0.32 sys=0.00, real=0.18 secs] 
2016-08-30T22:50:20.413+0200: 33270.547: [GC pause (young), 0.1765910 secs]
   [Parallel Time: 166.7 ms, GC Workers: 2]
      [GC Worker Start (ms): Min: 33270549.1, Avg: 33270549.1, Max: 33270549.1, Diff: 0.0]
      [Ext Root Scanning (ms): Min: 48.2, Avg: 48.3, Max: 48.4, Diff: 0.2, Sum: 96.6]
      [Update RS (ms): Min: 41.6, Avg: 45.3, Max: 49.1, Diff: 7.5, Sum: 90.6]
         [Processed Buffers: Min: 396, Avg: 421.0, Max: 446, Diff: 50, Sum: 842]
      [Scan RS (ms): Min: 10.1, Avg: 13.3, Max: 16.5, Diff: 6.5, Sum: 26.6]
      [Code Root Scanning (ms): Min: 0.1, Avg: 0.1, Max: 0.2, Diff: 0.0, Sum: 0.3]
      [Object Copy (ms): Min: 59.0, Avg: 59.5, Max: 60.0, Diff: 1.0, Sum: 118.9]
      [Termination (ms): Min: 0.0, Avg: 0.0, Max: 0.0, Diff: 0.0, Sum: 0.0]
      [GC Worker Other (ms): Min: 0.1, Avg: 0.1, Max: 0.2, Diff: 0.1, Sum: 0.2]
      [GC Worker Total (ms): Min: 166.6, Avg: 166.6, Max: 166.6, Diff: 0.0, Sum: 333.3]
      [GC Worker End (ms): Min: 33270715.8, Avg: 33270715.8, Max: 33270715.8, Diff: 0.0]
   [Code Root Fixup: 0.4 ms]
   [Code Root Migration: 0.1 ms]
   [Clear CT: 0.5 ms]
   [Other: 8.9 ms]
      [Choose CSet: 0.0 ms]
      [Ref Proc: 4.4 ms]
      [Ref Enq: 0.4 ms]
      [Free CSet: 1.1 ms]
   [Eden: 434.0M(332.0M)->0.0B(434.0M) Survivors: 38.0M->48.0M Heap: 1817.0M(4096.0M)->1418.0M(4096.0M)]
 [Times: user=0.33 sys=0.01, real=0.18 secs] 
2016-08-30T22:50:47.887+0200: 33298.021: [GC pause (young), 0.3143410 secs]
   [Parallel Time: 307.7 ms, GC Workers: 2]
      [GC Worker Start (ms): Min: 33298022.4, Avg: 33298022.4, Max: 33298022.4, Diff: 0.0]
      [Ext Root Scanning (ms): Min: 73.0, Avg: 76.6, Max: 80.1, Diff: 7.1, Sum: 153.2]
      [Update RS (ms): Min: 84.8, Avg: 86.2, Max: 87.6, Diff: 2.8, Sum: 172.3]
         [Processed Buffers: Min: 417, Avg: 445.5, Max: 474, Diff: 57, Sum: 891]
      [Scan RS (ms): Min: 18.4, Avg: 20.1, Max: 21.7, Diff: 3.3, Sum: 40.2]
      [Code Root Scanning (ms): Min: 0.0, Avg: 0.1, Max: 0.1, Diff: 0.1, Sum: 0.1]
      [Object Copy (ms): Min: 119.9, Avg: 122.5, Max: 125.0, Diff: 5.1, Sum: 244.9]
      [Termination (ms): Min: 0.0, Avg: 2.2, Max: 4.4, Diff: 4.4, Sum: 4.4]
      [GC Worker Other (ms): Min: 0.0, Avg: 0.1, Max: 0.1, Diff: 0.1, Sum: 0.1]
      [GC Worker Total (ms): Min: 307.6, Avg: 307.6, Max: 307.6, Diff: 0.0, Sum: 615.2]
      [GC Worker End (ms): Min: 33298330.0, Avg: 33298330.0, Max: 33298330.0, Diff: 0.0]
   [Code Root Fixup: 0.3 ms]
   [Code Root Migration: 0.1 ms]
   [Clear CT: 0.6 ms]
   [Other: 5.7 ms]
      [Choose CSet: 0.0 ms]
      [Ref Proc: 2.6 ms]
      [Ref Enq: 0.2 ms]
      [Free CSet: 0.8 ms]
   [Eden: 434.0M(434.0M)->0.0B(148.0M) Survivors: 48.0M->56.0M Heap: 1852.0M(4096.0M)->1447.0M(4096.0M)]
 [Times: user=0.19 sys=0.00, real=0.31 secs] 
2016-08-30T22:50:56.206+0200: 33306.341: [GC pause (young), 0.1341670 secs]
   [Parallel Time: 127.8 ms, GC Workers: 2]
      [GC Worker Start (ms): Min: 33306342.2, Avg: 33306342.2, Max: 33306342.3, Diff: 0.1]
      [Ext Root Scanning (ms): Min: 51.0, Avg: 51.5, Max: 52.0, Diff: 1.0, Sum: 102.9]
      [Update RS (ms): Min: 26.4, Avg: 26.9, Max: 27.4, Diff: 1.0, Sum: 53.8]
         [Processed Buffers: Min: 292, Avg: 306.5, Max: 321, Diff: 29, Sum: 613]
      [Scan RS (ms): Min: 9.3, Avg: 9.6, Max: 9.8, Diff: 0.5, Sum: 19.2]
      [Code Root Scanning (ms): Min: 0.0, Avg: 0.1, Max: 0.1, Diff: 0.0, Sum: 0.1]
      [Object Copy (ms): Min: 39.4, Avg: 39.7, Max: 39.9, Diff: 0.5, Sum: 79.3]
      [Termination (ms): Min: 0.0, Avg: 0.0, Max: 0.0, Diff: 0.0, Sum: 0.0]
      [GC Worker Other (ms): Min: 0.1, Avg: 0.1, Max: 0.1, Diff: 0.0, Sum: 0.2]
      [GC Worker Total (ms): Min: 127.7, Avg: 127.7, Max: 127.8, Diff: 0.1, Sum: 255.5]
      [GC Worker End (ms): Min: 33306470.0, Avg: 33306470.0, Max: 33306470.0, Diff: 0.0]
   [Code Root Fixup: 0.4 ms]
   [Code Root Migration: 0.0 ms]
   [Clear CT: 0.5 ms]
   [Other: 5.4 ms]
      [Choose CSet: 0.0 ms]
      [Ref Proc: 1.8 ms]
      [Ref Enq: 0.1 ms]
      [Free CSet: 0.6 ms]
   [Eden: 148.0M(148.0M)->0.0B(292.0M) Survivors: 56.0M->12.0M Heap: 1595.0M(4096.0M)->1433.0M(4096.0M)]
 [Times: user=0.27 sys=0.00, real=0.13 secs] 
2016-08-30T22:51:11.406+0200: 33321.541: [GC pause (young), 0.1549880 secs]
   [Parallel Time: 146.6 ms, GC Workers: 2]
      [GC Worker Start (ms): Min: 33321542.2, Avg: 33321542.2, Max: 33321542.2, Diff: 0.0]
      [Ext Root Scanning (ms): Min: 50.9, Avg: 51.5, Max: 52.2, Diff: 1.3, Sum: 103.1]
      [Update RS (ms): Min: 45.2, Avg: 45.2, Max: 45.3, Diff: 0.1, Sum: 90.5]
         [Processed Buffers: Min: 327, Avg: 383.5, Max: 440, Diff: 113, Sum: 767]
      [Scan RS (ms): Min: 7.1, Avg: 7.4, Max: 7.7, Diff: 0.6, Sum: 14.8]
      [Code Root Scanning (ms): Min: 0.1, Avg: 0.1, Max: 0.1, Diff: 0.1, Sum: 0.2]
      [Object Copy (ms): Min: 41.6, Avg: 42.0, Max: 42.4, Diff: 0.8, Sum: 84.0]
      [Termination (ms): Min: 0.0, Avg: 0.0, Max: 0.0, Diff: 0.0, Sum: 0.0]
      [GC Worker Other (ms): Min: 0.2, Avg: 0.2, Max: 0.2, Diff: 0.0, Sum: 0.4]
      [GC Worker Total (ms): Min: 146.5, Avg: 146.5, Max: 146.5, Diff: 0.0, Sum: 293.0]
      [GC Worker End (ms): Min: 33321688.7, Avg: 33321688.7, Max: 33321688.7, Diff: 0.0]
   [Code Root Fixup: 0.6 ms]
   [Code Root Migration: 0.1 ms]
   [Clear CT: 0.4 ms]
   [Other: 7.4 ms]
      [Choose CSet: 0.0 ms]
      [Ref Proc: 3.1 ms]
      [Ref Enq: 0.3 ms]
      [Free CSet: 0.9 ms]
   [Eden: 292.0M(292.0M)->0.0B(238.0M) Survivors: 12.0M->38.0M Heap: 1725.0M(4096.0M)->1460.0M(4096.0M)]
 [Times: user=0.28 sys=0.01, real=0.16 secs] 
2016-08-30T22:51:25.217+0200: 33335.351: [GC pause (young), 0.1400090 secs]
   [Parallel Time: 131.9 ms, GC Workers: 2]
      [GC Worker Start (ms): Min: 33335352.6, Avg: 33335352.6, Max: 33335352.6, Diff: 0.0]
      [Ext Root Scanning (ms): Min: 50.4, Avg: 50.9, Max: 51.3, Diff: 0.9, Sum: 101.8]
      [Update RS (ms): Min: 30.3, Avg: 30.9, Max: 31.4, Diff: 1.1, Sum: 61.7]
         [Processed Buffers: Min: 259, Avg: 289.5, Max: 320, Diff: 61, Sum: 579]
      [Scan RS (ms): Min: 10.8, Avg: 11.3, Max: 11.8, Diff: 1.0, Sum: 22.7]
      [Code Root Scanning (ms): Min: 0.1, Avg: 0.1, Max: 0.1, Diff: 0.0, Sum: 0.2]
      [Object Copy (ms): Min: 38.1, Avg: 38.4, Max: 38.8, Diff: 0.8, Sum: 76.9]
      [Termination (ms): Min: 0.0, Avg: 0.0, Max: 0.0, Diff: 0.0, Sum: 0.0]
      [GC Worker Other (ms): Min: 0.2, Avg: 0.2, Max: 0.2, Diff: 0.0, Sum: 0.4]
      [GC Worker Total (ms): Min: 131.8, Avg: 131.8, Max: 131.8, Diff: 0.0, Sum: 263.6]
      [GC Worker End (ms): Min: 33335484.4, Avg: 33335484.4, Max: 33335484.4, Diff: 0.0]
   [Code Root Fixup: 0.6 ms]
   [Code Root Migration: 0.0 ms]
   [Clear CT: 0.5 ms]
   [Other: 7.0 ms]
      [Choose CSet: 0.0 ms]
      [Ref Proc: 3.2 ms]
      [Ref Enq: 0.2 ms]
      [Free CSet: 0.8 ms]
   [Eden: 238.0M(238.0M)->0.0B(486.0M) Survivors: 38.0M->18.0M Heap: 1698.0M(4096.0M)->1458.0M(4096.0M)]
 [Times: user=0.27 sys=0.00, real=0.14 secs] 
2016-08-30T22:51:51.842+0200: 33361.976: [GC pause (young), 0.1738420 secs]
   [Parallel Time: 164.9 ms, GC Workers: 2]
      [GC Worker Start (ms): Min: 33361978.0, Avg: 33361978.0, Max: 33361978.0, Diff: 0.0]
      [Ext Root Scanning (ms): Min: 50.4, Avg: 51.3, Max: 52.1, Diff: 1.7, Sum: 102.5]
      [Update RS (ms): Min: 48.4, Avg: 48.8, Max: 49.2, Diff: 0.8, Sum: 97.6]
         [Processed Buffers: Min: 388, Avg: 409.5, Max: 431, Diff: 43, Sum: 819]
      [Scan RS (ms): Min: 10.1, Avg: 10.1, Max: 10.1, Diff: 0.1, Sum: 20.2]
      [Code Root Scanning (ms): Min: 0.1, Avg: 0.2, Max: 0.2, Diff: 0.1, Sum: 0.3]
      [Object Copy (ms): Min: 53.9, Avg: 54.4, Max: 54.8, Diff: 1.0, Sum: 108.7]
      [Termination (ms): Min: 0.0, Avg: 0.0, Max: 0.0, Diff: 0.0, Sum: 0.0]
      [GC Worker Other (ms): Min: 0.1, Avg: 0.1, Max: 0.2, Diff: 0.0, Sum: 0.3]
      [GC Worker Total (ms): Min: 164.8, Avg: 164.8, Max: 164.9, Diff: 0.0, Sum: 329.7]
      [GC Worker End (ms): Min: 33362142.8, Avg: 33362142.8, Max: 33362142.8, Diff: 0.0]
   [Code Root Fixup: 0.3 ms]
   [Code Root Migration: 0.1 ms]
   [Clear CT: 0.7 ms]
   [Other: 7.9 ms]
      [Choose CSet: 0.0 ms]
      [Ref Proc: 4.0 ms]
      [Ref Enq: 0.2 ms]
      [Free CSet: 0.9 ms]
   [Eden: 480.0M(390.0M)->0.0B(302.0M) Survivors: 18.0M->52.0M Heap: 1938.0M(4096.0M)->1509.0M(4096.0M)]
 [Times: user=0.34 sys=0.00, real=0.18 secs] 
2016-08-30T22:52:05.567+0200: 33375.701: [GC pause (young), 0.1597870 secs]
   [Parallel Time: 152.4 ms, GC Workers: 2]
      [GC Worker Start (ms): Min: 33375702.5, Avg: 33375702.5, Max: 33375702.5, Diff: 0.0]
      [Ext Root Scanning (ms): Min: 48.9, Avg: 51.6, Max: 54.3, Diff: 5.4, Sum: 103.2]
      [Update RS (ms): Min: 30.1, Avg: 30.7, Max: 31.3, Diff: 1.3, Sum: 61.4]
         [Processed Buffers: Min: 272, Avg: 296.5, Max: 321, Diff: 49, Sum: 593]
      [Scan RS (ms): Min: 12.5, Avg: 12.9, Max: 13.3, Diff: 0.7, Sum: 25.8]
      [Code Root Scanning (ms): Min: 0.1, Avg: 0.1, Max: 0.1, Diff: 0.0, Sum: 0.2]
      [Object Copy (ms): Min: 54.4, Avg: 56.8, Max: 59.3, Diff: 4.9, Sum: 113.6]
      [Termination (ms): Min: 0.0, Avg: 0.0, Max: 0.0, Diff: 0.0, Sum: 0.0]
      [GC Worker Other (ms): Min: 0.2, Avg: 0.2, Max: 0.2, Diff: 0.0, Sum: 0.3]
      [GC Worker Total (ms): Min: 152.2, Avg: 152.3, Max: 152.3, Diff: 0.0, Sum: 304.5]
      [GC Worker End (ms): Min: 33375854.7, Avg: 33375854.7, Max: 33375854.7, Diff: 0.0]
   [Code Root Fixup: 0.4 ms]
   [Code Root Migration: 0.0 ms]
   [Clear CT: 0.5 ms]
   [Other: 6.4 ms]
      [Choose CSet: 0.0 ms]
      [Ref Proc: 2.5 ms]
      [Ref Enq: 0.2 ms]
      [Free CSet: 0.9 ms]
   [Eden: 226.0M(196.0M)->0.0B(558.0M) Survivors: 52.0M->22.0M Heap: 1735.0M(4096.0M)->1523.0M(4096.0M)]
 [Times: user=0.30 sys=0.01, real=0.16 secs] 
2016-08-30T22:52:33.575+0200: 33403.709: [GC pause (young), 0.1669140 secs]
   [Parallel Time: 155.9 ms, GC Workers: 2]
      [GC Worker Start (ms): Min: 33403711.0, Avg: 33403711.0, Max: 33403711.1, Diff: 0.0]
      [Ext Root Scanning (ms): Min: 52.6, Avg: 53.1, Max: 53.6, Diff: 1.0, Sum: 106.2]
      [Update RS (ms): Min: 43.3, Avg: 43.4, Max: 43.5, Diff: 0.2, Sum: 86.8]
         [Processed Buffers: Min: 303, Avg: 316.5, Max: 330, Diff: 27, Sum: 633]
      [Scan RS (ms): Min: 10.5, Avg: 10.6, Max: 10.6, Diff: 0.1, Sum: 21.2]
      [Code Root Scanning (ms): Min: 0.1, Avg: 0.2, Max: 0.2, Diff: 0.1, Sum: 0.3]
      [Object Copy (ms): Min: 47.9, Avg: 48.4, Max: 49.0, Diff: 1.2, Sum: 96.9]
      [Termination (ms): Min: 0.0, Avg: 0.0, Max: 0.0, Diff: 0.0, Sum: 0.0]
      [GC Worker Other (ms): Min: 0.2, Avg: 0.2, Max: 0.2, Diff: 0.0, Sum: 0.3]
      [GC Worker Total (ms): Min: 155.8, Avg: 155.8, Max: 155.9, Diff: 0.0, Sum: 311.7]
      [GC Worker End (ms): Min: 33403866.9, Avg: 33403866.9, Max: 33403866.9, Diff: 0.0]
   [Code Root Fixup: 0.6 ms]
   [Code Root Migration: 0.1 ms]
   [Clear CT: 0.6 ms]
   [Other: 9.7 ms]
      [Choose CSet: 0.0 ms]
      [Ref Proc: 4.7 ms]
      [Ref Enq: 0.4 ms]
      [Free CSet: 1.3 ms]
   [Eden: 480.0M(448.0M)->0.0B(434.0M) Survivors: 22.0M->48.0M Heap: 2003.0M(4096.0M)->1548.0M(4096.0M)]
 [Times: user=0.32 sys=0.01, real=0.17 secs] 
2016-08-30T22:52:50.273+0200: 33420.407: [GC pause (young), 0.1771430 secs]
   [Parallel Time: 168.1 ms, GC Workers: 2]
      [GC Worker Start (ms): Min: 33420408.9, Avg: 33420410.9, Max: 33420413.0, Diff: 4.1]
      [Ext Root Scanning (ms): Min: 51.2, Avg: 52.5, Max: 53.9, Diff: 2.6, Sum: 105.1]
      [Update RS (ms): Min: 35.8, Avg: 36.6, Max: 37.4, Diff: 1.7, Sum: 73.2]
         [Processed Buffers: Min: 417, Avg: 421.5, Max: 426, Diff: 9, Sum: 843]
      [Scan RS (ms): Min: 12.3, Avg: 12.9, Max: 13.4, Diff: 1.1, Sum: 25.8]
      [Code Root Scanning (ms): Min: 0.1, Avg: 0.1, Max: 0.1, Diff: 0.0, Sum: 0.2]
      [Object Copy (ms): Min: 63.2, Avg: 63.6, Max: 64.0, Diff: 0.8, Sum: 127.2]
      [Termination (ms): Min: 0.0, Avg: 0.0, Max: 0.0, Diff: 0.0, Sum: 0.0]
      [GC Worker Other (ms): Min: 0.2, Avg: 0.2, Max: 0.2, Diff: 0.0, Sum: 0.4]
      [GC Worker Total (ms): Min: 163.9, Avg: 165.9, Max: 168.0, Diff: 4.1, Sum: 331.9]
      [GC Worker End (ms): Min: 33420576.9, Avg: 33420576.9, Max: 33420576.9, Diff: 0.0]
   [Code Root Fixup: 0.4 ms]
   [Code Root Migration: 0.1 ms]
   [Clear CT: 0.6 ms]
   [Other: 8.0 ms]
      [Choose CSet: 0.0 ms]
      [Ref Proc: 3.4 ms]
      [Ref Enq: 0.3 ms]
      [Free CSet: 1.0 ms]
   [Eden: 302.0M(284.0M)->0.0B(416.0M) Survivors: 48.0M->42.0M Heap: 1850.0M(4096.0M)->1578.0M(4096.0M)]
 [Times: user=0.34 sys=0.00, real=0.17 secs] 
2016-08-30T22:53:12.921+0200: 33443.056: [GC pause (young), 0.1888690 secs]
   [Parallel Time: 177.8 ms, GC Workers: 2]
      [GC Worker Start (ms): Min: 33443058.0, Avg: 33443058.0, Max: 33443058.0, Diff: 0.0]
      [Ext Root Scanning (ms): Min: 51.7, Avg: 52.0, Max: 52.2, Diff: 0.5, Sum: 103.9]
      [Update RS (ms): Min: 44.4, Avg: 45.2, Max: 45.9, Diff: 1.5, Sum: 90.3]
         [Processed Buffers: Min: 419, Avg: 438.5, Max: 458, Diff: 39, Sum: 877]
      [Scan RS (ms): Min: 10.5, Avg: 10.9, Max: 11.3, Diff: 0.7, Sum: 21.8]
      [Code Root Scanning (ms): Min: 0.1, Avg: 0.1, Max: 0.2, Diff: 0.1, Sum: 0.3]
      [Object Copy (ms): Min: 69.0, Avg: 69.1, Max: 69.2, Diff: 0.2, Sum: 138.2]
      [Termination (ms): Min: 0.0, Avg: 0.0, Max: 0.0, Diff: 0.0, Sum: 0.0]
      [GC Worker Other (ms): Min: 0.2, Avg: 0.5, Max: 0.7, Diff: 0.4, Sum: 0.9]
      [GC Worker Total (ms): Min: 177.7, Avg: 177.7, Max: 177.7, Diff: 0.0, Sum: 355.4]
      [GC Worker End (ms): Min: 33443235.7, Avg: 33443235.7, Max: 33443235.7, Diff: 0.0]
   [Code Root Fixup: 0.4 ms]
   [Code Root Migration: 0.1 ms]
   [Clear CT: 0.6 ms]
   [Other: 10.0 ms]
      [Choose CSet: 0.0 ms]
      [Ref Proc: 4.3 ms]
      [Ref Enq: 0.4 ms]
      [Free CSet: 1.4 ms]
   [Eden: 416.0M(416.0M)->0.0B(238.0M) Survivors: 42.0M->58.0M Heap: 1994.0M(4096.0M)->1631.0M(4096.0M)]
 [Times: user=0.36 sys=0.00, real=0.19 secs] 
2016-08-30T22:53:27.949+0200: 33458.083: [GC pause (young), 0.2187960 secs]
   [Parallel Time: 213.2 ms, GC Workers: 2]
      [GC Worker Start (ms): Min: 33458084.5, Avg: 33458086.4, Max: 33458088.2, Diff: 3.7]
      [Ext Root Scanning (ms): Min: 81.2, Avg: 88.0, Max: 94.9, Diff: 13.6, Sum: 176.1]
      [Update RS (ms): Min: 50.0, Avg: 51.0, Max: 51.9, Diff: 1.9, Sum: 102.0]
         [Processed Buffers: Min: 287, Avg: 298.5, Max: 310, Diff: 23, Sum: 597]
      [Scan RS (ms): Min: 12.3, Avg: 14.9, Max: 17.5, Diff: 5.2, Sum: 29.7]
      [Code Root Scanning (ms): Min: 0.0, Avg: 0.1, Max: 0.2, Diff: 0.1, Sum: 0.2]
      [Object Copy (ms): Min: 48.6, Avg: 57.1, Max: 65.6, Diff: 17.0, Sum: 114.2]
      [Termination (ms): Min: 0.0, Avg: 0.1, Max: 0.1, Diff: 0.1, Sum: 0.1]
      [GC Worker Other (ms): Min: 0.1, Avg: 0.2, Max: 0.2, Diff: 0.0, Sum: 0.3]
      [GC Worker Total (ms): Min: 209.5, Avg: 211.3, Max: 213.1, Diff: 3.7, Sum: 422.6]
      [GC Worker End (ms): Min: 33458297.7, Avg: 33458297.7, Max: 33458297.7, Diff: 0.0]
   [Code Root Fixup: 0.3 ms]
   [Code Root Migration: 0.0 ms]
   [Clear CT: 0.5 ms]
   [Other: 4.7 ms]
      [Choose CSet: 0.0 ms]
      [Ref Proc: 1.8 ms]
      [Ref Enq: 0.1 ms]
      [Free CSet: 0.5 ms]
   [Eden: 238.0M(238.0M)->0.0B(186.0M) Survivors: 58.0M->20.0M Heap: 1869.0M(4096.0M)->1620.0M(4096.0M)]
 [Times: user=0.22 sys=0.00, real=0.22 secs] 
2016-08-30T22:53:39.420+0200: 33469.555: [GC pause (young), 0.1001700 secs]
   [Parallel Time: 94.7 ms, GC Workers: 2]
      [GC Worker Start (ms): Min: 33469556.0, Avg: 33469558.1, Max: 33469560.2, Diff: 4.2]
      [Ext Root Scanning (ms): Min: 30.4, Avg: 40.6, Max: 50.8, Diff: 20.4, Sum: 81.3]
      [Update RS (ms): Min: 6.6, Avg: 16.5, Max: 26.4, Diff: 19.8, Sum: 33.0]
         [Processed Buffers: Min: 76, Avg: 313.0, Max: 550, Diff: 474, Sum: 626]
      [Scan RS (ms): Min: 4.9, Avg: 5.1, Max: 5.4, Diff: 0.5, Sum: 10.3]
      [Code Root Scanning (ms): Min: 0.0, Avg: 0.0, Max: 0.1, Diff: 0.0, Sum: 0.1]
      [Object Copy (ms): Min: 28.6, Avg: 30.2, Max: 31.8, Diff: 3.1, Sum: 60.4]
      [Termination (ms): Min: 0.0, Avg: 0.0, Max: 0.0, Diff: 0.0, Sum: 0.0]
      [GC Worker Other (ms): Min: 0.1, Avg: 0.1, Max: 0.1, Diff: 0.0, Sum: 0.1]
      [GC Worker Total (ms): Min: 90.5, Avg: 92.6, Max: 94.7, Diff: 4.2, Sum: 185.1]
      [GC Worker End (ms): Min: 33469650.7, Avg: 33469650.7, Max: 33469650.7, Diff: 0.0]
   [Code Root Fixup: 0.3 ms]
   [Code Root Migration: 0.0 ms]
   [Clear CT: 0.5 ms]
   [Other: 4.7 ms]
      [Choose CSet: 0.0 ms]
      [Ref Proc: 1.7 ms]
      [Ref Enq: 0.1 ms]
      [Free CSet: 0.5 ms]
   [Eden: 186.0M(186.0M)->0.0B(564.0M) Survivors: 20.0M->18.0M Heap: 1806.0M(4096.0M)->1631.0M(4096.0M)]
 [Times: user=0.17 sys=0.01, real=0.10 secs] 
2016-08-30T22:54:06.716+0200: 33496.850: [GC pause (young), 0.1636590 secs]
   [Parallel Time: 154.2 ms, GC Workers: 2]
      [GC Worker Start (ms): Min: 33496851.8, Avg: 33496851.8, Max: 33496851.8, Diff: 0.0]
      [Ext Root Scanning (ms): Min: 60.3, Avg: 62.9, Max: 65.6, Diff: 5.2, Sum: 125.9]
      [Update RS (ms): Min: 38.6, Avg: 40.4, Max: 42.2, Diff: 3.6, Sum: 80.7]
         [Processed Buffers: Min: 298, Avg: 320.0, Max: 342, Diff: 44, Sum: 640]
      [Scan RS (ms): Min: 9.1, Avg: 9.5, Max: 9.8, Diff: 0.7, Sum: 18.9]
      [Code Root Scanning (ms): Min: 0.1, Avg: 0.1, Max: 0.2, Diff: 0.1, Sum: 0.3]
      [Object Copy (ms): Min: 40.4, Avg: 41.0, Max: 41.5, Diff: 1.1, Sum: 82.0]
      [Termination (ms): Min: 0.0, Avg: 0.0, Max: 0.0, Diff: 0.0, Sum: 0.0]
      [GC Worker Other (ms): Min: 0.2, Avg: 0.2, Max: 0.3, Diff: 0.1, Sum: 0.4]
      [GC Worker Total (ms): Min: 154.1, Avg: 154.1, Max: 154.1, Diff: 0.0, Sum: 308.2]
      [GC Worker End (ms): Min: 33497005.9, Avg: 33497005.9, Max: 33497005.9, Diff: 0.0]
   [Code Root Fixup: 0.4 ms]
   [Code Root Migration: 0.1 ms]
   [Clear CT: 0.5 ms]
   [Other: 8.5 ms]
      [Choose CSet: 0.0 ms]
      [Ref Proc: 4.2 ms]
      [Ref Enq: 0.4 ms]
      [Free CSet: 1.2 ms]
   [Eden: 442.0M(436.0M)->0.0B(404.0M) Survivors: 18.0M->38.0M Heap: 2073.0M(4096.0M)->1650.0M(4096.0M)]
 [Times: user=0.29 sys=0.00, real=0.16 secs] 
2016-08-30T22:54:22.445+0200: 33512.580: [GC pause (young), 0.1704860 secs]
   [Parallel Time: 163.0 ms, GC Workers: 2]
      [GC Worker Start (ms): Min: 33512580.8, Avg: 33512580.8, Max: 33512580.8, Diff: 0.0]
      [Ext Root Scanning (ms): Min: 51.3, Avg: 53.7, Max: 56.0, Diff: 4.7, Sum: 107.3]
      [Update RS (ms): Min: 36.8, Avg: 38.6, Max: 40.4, Diff: 3.6, Sum: 77.2]
         [Processed Buffers: Min: 283, Avg: 316.5, Max: 350, Diff: 67, Sum: 633]
      [Scan RS (ms): Min: 12.2, Avg: 12.5, Max: 12.8, Diff: 0.6, Sum: 24.9]
      [Code Root Scanning (ms): Min: 0.1, Avg: 0.1, Max: 0.1, Diff: 0.0, Sum: 0.2]
      [Object Copy (ms): Min: 57.7, Avg: 57.9, Max: 58.1, Diff: 0.5, Sum: 115.8]
      [Termination (ms): Min: 0.0, Avg: 0.0, Max: 0.0, Diff: 0.0, Sum: 0.0]
      [GC Worker Other (ms): Min: 0.2, Avg: 0.2, Max: 0.2, Diff: 0.0, Sum: 0.4]
      [GC Worker Total (ms): Min: 162.9, Avg: 162.9, Max: 162.9, Diff: 0.0, Sum: 325.8]
      [GC Worker End (ms): Min: 33512743.8, Avg: 33512743.8, Max: 33512743.8, Diff: 0.0]
   [Code Root Fixup: 0.4 ms]
   [Code Root Migration: 0.0 ms]
   [Clear CT: 0.5 ms]
   [Other: 6.5 ms]
      [Choose CSet: 0.0 ms]
      [Ref Proc: 3.2 ms]
      [Ref Enq: 0.1 ms]
      [Free CSet: 0.8 ms]
   [Eden: 280.0M(250.0M)->0.0B(386.0M) Survivors: 38.0M->36.0M Heap: 1930.0M(4096.0M)->1682.0M(4096.0M)]
 [Times: user=0.32 sys=0.00, real=0.17 secs] 
2016-08-30T22:54:46.005+0200: 33536.140: [GC pause (young), 0.1753320 secs]
   [Parallel Time: 165.5 ms, GC Workers: 2]
      [GC Worker Start (ms): Min: 33536141.4, Avg: 33536144.3, Max: 33536147.2, Diff: 5.9]
      [Ext Root Scanning (ms): Min: 50.0, Avg: 50.9, Max: 51.8, Diff: 1.8, Sum: 101.8]
      [Update RS (ms): Min: 38.5, Avg: 40.1, Max: 41.7, Diff: 3.2, Sum: 80.2]
         [Processed Buffers: Min: 379, Avg: 431.0, Max: 483, Diff: 104, Sum: 862]
      [Scan RS (ms): Min: 10.9, Avg: 11.3, Max: 11.7, Diff: 0.8, Sum: 22.5]
      [Code Root Scanning (ms): Min: 0.1, Avg: 0.1, Max: 0.2, Diff: 0.1, Sum: 0.3]
      [Object Copy (ms): Min: 59.3, Avg: 60.0, Max: 60.8, Diff: 1.5, Sum: 120.1]
      [Termination (ms): Min: 0.0, Avg: 0.0, Max: 0.0, Diff: 0.0, Sum: 0.0]
      [GC Worker Other (ms): Min: 0.0, Avg: 0.1, Max: 0.2, Diff: 0.1, Sum: 0.2]
      [GC Worker Total (ms): Min: 159.6, Avg: 162.5, Max: 165.5, Diff: 5.9, Sum: 325.1]
      [GC Worker End (ms): Min: 33536306.8, Avg: 33536306.8, Max: 33536306.8, Diff: 0.0]
   [Code Root Fixup: 0.5 ms]
   [Code Root Migration: 0.1 ms]
   [Clear CT: 0.5 ms]
   [Other: 8.7 ms]
      [Choose CSet: 0.0 ms]
      [Ref Proc: 4.0 ms]
      [Ref Enq: 0.3 ms]
      [Free CSet: 1.1 ms]
   [Eden: 386.0M(386.0M)->0.0B(302.0M) Survivors: 36.0M->50.0M Heap: 2068.0M(4096.0M)->1720.0M(4096.0M)]
 [Times: user=0.33 sys=0.00, real=0.18 secs] 
2016-08-30T22:55:06.179+0200: 33556.313: [GC pause (young), 0.1474550 secs]
   [Parallel Time: 137.9 ms, GC Workers: 2]
      [GC Worker Start (ms): Min: 33556314.8, Avg: 33556314.8, Max: 33556314.8, Diff: 0.0]
      [Ext Root Scanning (ms): Min: 51.5, Avg: 52.4, Max: 53.2, Diff: 1.7, Sum: 104.8]
      [Update RS (ms): Min: 29.8, Avg: 30.6, Max: 31.4, Diff: 1.6, Sum: 61.3]
         [Processed Buffers: Min: 284, Avg: 304.0, Max: 324, Diff: 40, Sum: 608]
      [Scan RS (ms): Min: 10.8, Avg: 11.4, Max: 11.9, Diff: 1.2, Sum: 22.7]
      [Code Root Scanning (ms): Min: 0.1, Avg: 0.1, Max: 0.1, Diff: 0.1, Sum: 0.2]
      [Object Copy (ms): Min: 42.4, Avg: 43.1, Max: 43.8, Diff: 1.4, Sum: 86.2]
      [Termination (ms): Min: 0.0, Avg: 0.0, Max: 0.0, Diff: 0.0, Sum: 0.0]
      [GC Worker Other (ms): Min: 0.2, Avg: 0.2, Max: 0.2, Diff: 0.1, Sum: 0.4]
      [GC Worker Total (ms): Min: 137.8, Avg: 137.8, Max: 137.8, Diff: 0.0, Sum: 275.6]
      [GC Worker End (ms): Min: 33556452.6, Avg: 33556452.6, Max: 33556452.6, Diff: 0.0]
   [Code Root Fixup: 0.5 ms]
   [Code Root Migration: 0.1 ms]
   [Clear CT: 0.5 ms]
   [Other: 8.4 ms]
      [Choose CSet: 0.0 ms]
      [Ref Proc: 4.3 ms]
      [Ref Enq: 0.3 ms]
      [Free CSet: 0.9 ms]
   [Eden: 302.0M(302.0M)->0.0B(822.0M) Survivors: 50.0M->22.0M Heap: 2022.0M(4096.0M)->1714.0M(4096.0M)]
 [Times: user=0.28 sys=0.00, real=0.15 secs] 
2016-08-30T22:55:37.419+0200: 33587.554: [GC pause (young), 0.2201830 secs]
   [Parallel Time: 207.5 ms, GC Workers: 2]
      [GC Worker Start (ms): Min: 33587555.2, Avg: 33587555.2, Max: 33587555.2, Diff: 0.0]
      [Ext Root Scanning (ms): Min: 53.7, Avg: 62.8, Max: 72.0, Diff: 18.4, Sum: 125.7]
      [Update RS (ms): Min: 42.4, Avg: 55.6, Max: 68.8, Diff: 26.5, Sum: 111.2]
         [Processed Buffers: Min: 272, Avg: 294.5, Max: 317, Diff: 45, Sum: 589]
      [Scan RS (ms): Min: 19.5, Avg: 19.5, Max: 19.5, Diff: 0.1, Sum: 39.0]
      [Code Root Scanning (ms): Min: 0.0, Avg: 0.1, Max: 0.3, Diff: 0.2, Sum: 0.3]
      [Object Copy (ms): Min: 65.2, Avg: 69.2, Max: 73.3, Diff: 8.0, Sum: 138.5]
      [Termination (ms): Min: 0.0, Avg: 0.0, Max: 0.0, Diff: 0.0, Sum: 0.0]
      [GC Worker Other (ms): Min: 0.0, Avg: 0.1, Max: 0.2, Diff: 0.1, Sum: 0.2]
      [GC Worker Total (ms): Min: 207.4, Avg: 207.4, Max: 207.4, Diff: 0.0, Sum: 414.8]
      [GC Worker End (ms): Min: 33587762.6, Avg: 33587762.6, Max: 33587762.6, Diff: 0.0]
   [Code Root Fixup: 0.2 ms]
   [Code Root Migration: 0.1 ms]
   [Clear CT: 0.8 ms]
   [Other: 11.6 ms]
      [Choose CSet: 0.0 ms]
      [Ref Proc: 7.7 ms]
      [Ref Enq: 0.2 ms]
      [Free CSet: 1.1 ms]
   [Eden: 540.0M(538.0M)->0.0B(210.0M) Survivors: 22.0M->48.0M Heap: 2254.0M(4096.0M)->1740.0M(4096.0M)]
 [Times: user=0.29 sys=0.00, real=0.22 secs] 
2016-08-30T22:55:48.252+0200: 33598.387: [GC pause (young), 0.2336150 secs]
   [Parallel Time: 229.5 ms, GC Workers: 2]
      [GC Worker Start (ms): Min: 33598387.7, Avg: 33598389.0, Max: 33598390.2, Diff: 2.5]
      [Ext Root Scanning (ms): Min: 75.7, Avg: 78.2, Max: 80.7, Diff: 5.1, Sum: 156.4]
      [Update RS (ms): Min: 38.5, Avg: 46.3, Max: 54.0, Diff: 15.5, Sum: 92.6]
         [Processed Buffers: Min: 388, Avg: 401.0, Max: 414, Diff: 26, Sum: 802]
      [Scan RS (ms): Min: 18.9, Avg: 29.3, Max: 39.8, Diff: 20.9, Sum: 58.7]
      [Code Root Scanning (ms): Min: 0.0, Avg: 0.0, Max: 0.1, Diff: 0.1, Sum: 0.1]
      [Object Copy (ms): Min: 65.1, Avg: 69.2, Max: 73.2, Diff: 8.1, Sum: 138.3]
      [Termination (ms): Min: 0.0, Avg: 0.0, Max: 0.0, Diff: 0.0, Sum: 0.0]
      [GC Worker Other (ms): Min: 0.1, Avg: 0.1, Max: 0.1, Diff: 0.0, Sum: 0.2]
      [GC Worker Total (ms): Min: 221.9, Avg: 223.2, Max: 224.4, Diff: 2.5, Sum: 446.3]
      [GC Worker End (ms): Min: 33598612.1, Avg: 33598612.1, Max: 33598612.1, Diff: 0.0]
   [Code Root Fixup: 0.2 ms]
   [Code Root Migration: 0.0 ms]
   [Clear CT: 0.3 ms]
   [Other: 3.6 ms]
      [Choose CSet: 0.0 ms]
      [Ref Proc: 0.9 ms]
      [Ref Enq: 0.1 ms]
      [Free CSet: 0.4 ms]
   [Eden: 210.0M(210.0M)->0.0B(170.0M) Survivors: 48.0M->34.0M Heap: 1950.0M(4096.0M)->1765.0M(4096.0M)]
 [Times: user=0.16 sys=0.00, real=0.23 secs] 
2016-08-30T22:55:59.596+0200: 33609.730: [GC pause (young), 0.1182320 secs]
   [Parallel Time: 112.3 ms, GC Workers: 2]
      [GC Worker Start (ms): Min: 33609731.6, Avg: 33609731.6, Max: 33609731.7, Diff: 0.1]
      [Ext Root Scanning (ms): Min: 48.9, Avg: 49.1, Max: 49.3, Diff: 0.3, Sum: 98.2]
      [Update RS (ms): Min: 26.6, Avg: 26.9, Max: 27.3, Diff: 0.8, Sum: 53.9]
         [Processed Buffers: Min: 291, Avg: 316.5, Max: 342, Diff: 51, Sum: 633]
      [Scan RS (ms): Min: 6.9, Avg: 7.1, Max: 7.2, Diff: 0.3, Sum: 14.1]
      [Code Root Scanning (ms): Min: 0.1, Avg: 0.1, Max: 0.1, Diff: 0.0, Sum: 0.1]
      [Object Copy (ms): Min: 29.0, Avg: 29.0, Max: 29.1, Diff: 0.1, Sum: 58.1]
      [Termination (ms): Min: 0.0, Avg: 0.0, Max: 0.0, Diff: 0.0, Sum: 0.0]
      [GC Worker Other (ms): Min: 0.1, Avg: 0.1, Max: 0.1, Diff: 0.0, Sum: 0.1]
      [GC Worker Total (ms): Min: 112.2, Avg: 112.3, Max: 112.3, Diff: 0.1, Sum: 224.5]
      [GC Worker End (ms): Min: 33609843.9, Avg: 33609843.9, Max: 33609843.9, Diff: 0.0]
   [Code Root Fixup: 0.4 ms]
   [Code Root Migration: 0.0 ms]
   [Clear CT: 0.5 ms]
   [Other: 5.0 ms]
      [Choose CSet: 0.0 ms]
      [Ref Proc: 1.9 ms]
      [Ref Enq: 0.1 ms]
      [Free CSet: 0.6 ms]
   [Eden: 170.0M(170.0M)->0.0B(500.0M) Survivors: 34.0M->12.0M Heap: 1935.0M(4096.0M)->1760.0M(4096.0M)]
 [Times: user=0.22 sys=0.00, real=0.12 secs] 
2016-08-30T22:56:29.393+0200: 33639.527: [GC pause (young), 0.1728890 secs]
   [Parallel Time: 163.3 ms, GC Workers: 2]
      [GC Worker Start (ms): Min: 33639528.7, Avg: 33639528.7, Max: 33639528.8, Diff: 0.0]
      [Ext Root Scanning (ms): Min: 50.1, Avg: 51.7, Max: 53.2, Diff: 3.1, Sum: 103.3]
      [Update RS (ms): Min: 46.4, Avg: 47.7, Max: 48.9, Diff: 2.5, Sum: 95.3]
         [Processed Buffers: Min: 249, Avg: 290.0, Max: 331, Diff: 82, Sum: 580]
      [Scan RS (ms): Min: 16.0, Avg: 17.0, Max: 18.0, Diff: 2.0, Sum: 34.0]
      [Code Root Scanning (ms): Min: 0.1, Avg: 0.2, Max: 0.2, Diff: 0.1, Sum: 0.4]
      [Object Copy (ms): Min: 45.8, Avg: 46.5, Max: 47.1, Diff: 1.3, Sum: 93.0]
      [Termination (ms): Min: 0.0, Avg: 0.0, Max: 0.0, Diff: 0.0, Sum: 0.0]
      [GC Worker Other (ms): Min: 0.2, Avg: 0.2, Max: 0.2, Diff: 0.0, Sum: 0.3]
      [GC Worker Total (ms): Min: 163.2, Avg: 163.2, Max: 163.2, Diff: 0.0, Sum: 326.3]
      [GC Worker End (ms): Min: 33639691.9, Avg: 33639691.9, Max: 33639691.9, Diff: 0.0]
   [Code Root Fixup: 0.4 ms]
   [Code Root Migration: 0.1 ms]
   [Clear CT: 0.5 ms]
   [Other: 8.6 ms]
      [Choose CSet: 0.0 ms]
      [Ref Proc: 4.2 ms]
      [Ref Enq: 0.4 ms]
      [Free CSet: 1.2 ms]
   [Eden: 442.0M(354.0M)->0.0B(276.0M) Survivors: 12.0M->42.0M Heap: 2202.0M(4096.0M)->1789.0M(4096.0M)]
 [Times: user=0.32 sys=0.00, real=0.18 secs] 
2016-08-30T22:56:42.880+0200: 33653.015: [GC pause (young), 0.1508660 secs]
   [Parallel Time: 144.0 ms, GC Workers: 2]
      [GC Worker Start (ms): Min: 33653016.6, Avg: 33653016.6, Max: 33653016.6, Diff: 0.0]
      [Ext Root Scanning (ms): Min: 50.7, Avg: 51.3, Max: 51.9, Diff: 1.2, Sum: 102.6]
      [Update RS (ms): Min: 32.1, Avg: 32.5, Max: 33.0, Diff: 0.9, Sum: 65.1]
         [Processed Buffers: Min: 330, Avg: 342.0, Max: 354, Diff: 24, Sum: 684]
      [Scan RS (ms): Min: 12.5, Avg: 13.1, Max: 13.7, Diff: 1.2, Sum: 26.2]
      [Code Root Scanning (ms): Min: 0.1, Avg: 0.1, Max: 0.1, Diff: 0.0, Sum: 0.2]
      [Object Copy (ms): Min: 46.3, Avg: 46.7, Max: 47.2, Diff: 0.9, Sum: 93.5]
      [Termination (ms): Min: 0.0, Avg: 0.0, Max: 0.0, Diff: 0.0, Sum: 0.0]
      [GC Worker Other (ms): Min: 0.2, Avg: 0.2, Max: 0.2, Diff: 0.0, Sum: 0.4]
      [GC Worker Total (ms): Min: 143.9, Avg: 143.9, Max: 143.9, Diff: 0.0, Sum: 287.8]
      [GC Worker End (ms): Min: 33653160.5, Avg: 33653160.5, Max: 33653160.5, Diff: 0.0]
   [Code Root Fixup: 0.5 ms]
   [Code Root Migration: 0.0 ms]
   [Clear CT: 0.5 ms]
   [Other: 5.9 ms]
      [Choose CSet: 0.0 ms]
      [Ref Proc: 1.9 ms]
      [Ref Enq: 0.2 ms]
      [Free CSet: 0.8 ms]
   [Eden: 212.0M(162.0M)->0.0B(556.0M) Survivors: 42.0M->26.0M Heap: 2001.0M(4096.0M)->1798.0M(4096.0M)]
 [Times: user=0.29 sys=0.00, real=0.15 secs] 
2016-08-30T22:57:15.069+0200: 33685.204: [GC pause (young), 0.1682960 secs]
   [Parallel Time: 158.5 ms, GC Workers: 2]
      [GC Worker Start (ms): Min: 33685205.4, Avg: 33685205.4, Max: 33685205.4, Diff: 0.1]
      [Ext Root Scanning (ms): Min: 51.7, Avg: 51.7, Max: 51.8, Diff: 0.1, Sum: 103.5]
      [Update RS (ms): Min: 44.1, Avg: 44.8, Max: 45.5, Diff: 1.4, Sum: 89.6]
         [Processed Buffers: Min: 377, Avg: 397.0, Max: 417, Diff: 40, Sum: 794]
      [Scan RS (ms): Min: 10.2, Avg: 10.3, Max: 10.4, Diff: 0.2, Sum: 20.6]
      [Code Root Scanning (ms): Min: 0.1, Avg: 0.2, Max: 0.2, Diff: 0.1, Sum: 0.3]
      [Object Copy (ms): Min: 50.7, Avg: 51.3, Max: 51.9, Diff: 1.2, Sum: 102.6]
      [Termination (ms): Min: 0.0, Avg: 0.0, Max: 0.0, Diff: 0.0, Sum: 0.0]
      [GC Worker Other (ms): Min: 0.1, Avg: 0.1, Max: 0.2, Diff: 0.1, Sum: 0.2]
      [GC Worker Total (ms): Min: 158.4, Avg: 158.4, Max: 158.4, Diff: 0.1, Sum: 316.8]
      [GC Worker End (ms): Min: 33685363.8, Avg: 33685363.8, Max: 33685363.8, Diff: 0.0]
   [Code Root Fixup: 0.4 ms]
   [Code Root Migration: 0.1 ms]
   [Clear CT: 0.5 ms]
   [Other: 8.8 ms]
      [Choose CSet: 0.0 ms]
      [Ref Proc: 4.7 ms]
      [Ref Enq: 0.2 ms]
      [Free CSet: 1.0 ms]
   [Eden: 470.0M(334.0M)->0.0B(426.0M) Survivors: 26.0M->46.0M Heap: 2268.0M(4096.0M)->1828.0M(4096.0M)]
 [Times: user=0.33 sys=0.00, real=0.17 secs] 
2016-08-30T22:57:36.126+0200: 33706.261: [GC pause (young), 0.1771020 secs]
   [Parallel Time: 167.2 ms, GC Workers: 2]
      [GC Worker Start (ms): Min: 33706261.9, Avg: 33706261.9, Max: 33706261.9, Diff: 0.0]
      [Ext Root Scanning (ms): Min: 51.5, Avg: 52.3, Max: 53.1, Diff: 1.7, Sum: 104.6]
      [Update RS (ms): Min: 35.6, Avg: 35.8, Max: 35.9, Diff: 0.3, Sum: 71.6]
         [Processed Buffers: Min: 288, Avg: 298.5, Max: 309, Diff: 21, Sum: 597]
      [Scan RS (ms): Min: 14.2, Avg: 14.6, Max: 14.9, Diff: 0.7, Sum: 29.1]
      [Code Root Scanning (ms): Min: 0.1, Avg: 0.1, Max: 0.2, Diff: 0.0, Sum: 0.3]
      [Object Copy (ms): Min: 62.8, Avg: 63.3, Max: 63.7, Diff: 0.9, Sum: 126.5]
      [Termination (ms): Min: 0.0, Avg: 0.0, Max: 0.0, Diff: 0.0, Sum: 0.0]
      [GC Worker Other (ms): Min: 0.0, Avg: 0.1, Max: 0.2, Diff: 0.2, Sum: 0.3]
      [GC Worker Total (ms): Min: 166.2, Avg: 166.2, Max: 166.2, Diff: 0.0, Sum: 332.4]
      [GC Worker End (ms): Min: 33706428.1, Avg: 33706428.1, Max: 33706428.1, Diff: 0.0]
   [Code Root Fixup: 0.5 ms]
   [Code Root Migration: 0.1 ms]
   [Clear CT: 0.6 ms]
   [Other: 8.7 ms]
      [Choose CSet: 0.0 ms]
      [Ref Proc: 4.3 ms]
      [Ref Enq: 0.3 ms]
      [Free CSet: 1.1 ms]
   [Eden: 330.0M(232.0M)->0.0B(536.0M) Survivors: 46.0M->32.0M Heap: 2158.0M(4096.0M)->1844.0M(4096.0M)]
 [Times: user=0.31 sys=0.00, real=0.17 secs] 
2016-08-30T22:57:57.675+0200: 33727.809: [GC pause (young), 0.1535620 secs]
   [Parallel Time: 143.7 ms, GC Workers: 2]
      [GC Worker Start (ms): Min: 33727810.4, Avg: 33727810.5, Max: 33727810.5, Diff: 0.0]
      [Ext Root Scanning (ms): Min: 50.3, Avg: 50.5, Max: 50.6, Diff: 0.3, Sum: 100.9]
      [Update RS (ms): Min: 37.2, Avg: 37.7, Max: 38.2, Diff: 1.0, Sum: 75.4]
         [Processed Buffers: Min: 285, Avg: 300.5, Max: 316, Diff: 31, Sum: 601]
      [Scan RS (ms): Min: 10.2, Avg: 10.5, Max: 10.8, Diff: 0.7, Sum: 21.0]
      [Code Root Scanning (ms): Min: 0.1, Avg: 0.1, Max: 0.2, Diff: 0.1, Sum: 0.3]
      [Object Copy (ms): Min: 44.0, Avg: 44.7, Max: 45.5, Diff: 1.5, Sum: 89.5]
      [Termination (ms): Min: 0.0, Avg: 0.0, Max: 0.0, Diff: 0.0, Sum: 0.0]
      [GC Worker Other (ms): Min: 0.1, Avg: 0.1, Max: 0.2, Diff: 0.1, Sum: 0.2]
      [GC Worker Total (ms): Min: 143.6, Avg: 143.6, Max: 143.7, Diff: 0.0, Sum: 287.3]
      [GC Worker End (ms): Min: 33727954.1, Avg: 33727954.1, Max: 33727954.1, Diff: 0.0]
   [Code Root Fixup: 0.5 ms]
   [Code Root Migration: 0.1 ms]
   [Clear CT: 0.6 ms]
   [Other: 8.7 ms]
      [Choose CSet: 0.0 ms]
      [Ref Proc: 4.5 ms]
      [Ref Enq: 0.3 ms]
      [Free CSet: 1.2 ms]
   [Eden: 356.0M(330.0M)->0.0B(772.0M) Survivors: 32.0M->24.0M Heap: 2200.0M(4096.0M)->1855.0M(4096.0M)]
 [Times: user=0.30 sys=0.01, real=0.15 secs] 
2016-08-30T22:58:24.553+0200: 33754.687: [GC pause (young), 0.1606790 secs]
   [Parallel Time: 150.9 ms, GC Workers: 2]
      [GC Worker Start (ms): Min: 33754688.8, Avg: 33754688.8, Max: 33754688.8, Diff: 0.0]
      [Ext Root Scanning (ms): Min: 51.1, Avg: 51.4, Max: 51.6, Diff: 0.5, Sum: 102.7]
      [Update RS (ms): Min: 38.4, Avg: 38.7, Max: 38.9, Diff: 0.5, Sum: 77.3]
         [Processed Buffers: Min: 246, Avg: 280.5, Max: 315, Diff: 69, Sum: 561]
      [Scan RS (ms): Min: 12.0, Avg: 12.0, Max: 12.1, Diff: 0.1, Sum: 24.0]
      [Code Root Scanning (ms): Min: 0.1, Avg: 0.1, Max: 0.2, Diff: 0.1, Sum: 0.3]
      [Object Copy (ms): Min: 48.0, Avg: 48.5, Max: 49.0, Diff: 1.0, Sum: 97.0]
      [Termination (ms): Min: 0.0, Avg: 0.0, Max: 0.0, Diff: 0.0, Sum: 0.0]
      [GC Worker Other (ms): Min: 0.1, Avg: 0.1, Max: 0.2, Diff: 0.1, Sum: 0.2]
      [GC Worker Total (ms): Min: 150.8, Avg: 150.8, Max: 150.8, Diff: 0.0, Sum: 301.6]
      [GC Worker End (ms): Min: 33754839.6, Avg: 33754839.6, Max: 33754839.6, Diff: 0.0]
   [Code Root Fixup: 0.4 ms]
   [Code Root Migration: 0.1 ms]
   [Clear CT: 0.6 ms]
   [Other: 8.7 ms]
      [Choose CSet: 0.0 ms]
      [Ref Proc: 4.5 ms]
      [Ref Enq: 0.4 ms]
      [Free CSet: 1.4 ms]
   [Eden: 448.0M(448.0M)->0.0B(606.0M) Survivors: 24.0M->46.0M Heap: 2303.0M(4096.0M)->1876.0M(4096.0M)]
 [Times: user=0.31 sys=0.00, real=0.17 secs] 
2016-08-30T22:58:46.183+0200: 33776.318: [GC pause (young), 0.2006350 secs]
   [Parallel Time: 192.8 ms, GC Workers: 2]
      [GC Worker Start (ms): Min: 33776319.6, Avg: 33776319.6, Max: 33776319.6, Diff: 0.1]
      [Ext Root Scanning (ms): Min: 54.5, Avg: 56.1, Max: 57.6, Diff: 3.0, Sum: 112.1]
      [Update RS (ms): Min: 47.4, Avg: 49.0, Max: 50.7, Diff: 3.3, Sum: 98.1]
         [Processed Buffers: Min: 407, Avg: 444.5, Max: 482, Diff: 75, Sum: 889]
      [Scan RS (ms): Min: 15.0, Avg: 15.5, Max: 16.0, Diff: 1.1, Sum: 31.0]
      [Code Root Scanning (ms): Min: 0.1, Avg: 0.2, Max: 0.2, Diff: 0.1, Sum: 0.3]
      [Object Copy (ms): Min: 70.6, Avg: 71.0, Max: 71.4, Diff: 0.8, Sum: 141.9]
      [Termination (ms): Min: 0.0, Avg: 0.0, Max: 0.0, Diff: 0.0, Sum: 0.0]
      [GC Worker Other (ms): Min: 0.2, Avg: 0.6, Max: 1.0, Diff: 0.8, Sum: 1.2]
      [GC Worker Total (ms): Min: 191.8, Avg: 192.3, Max: 192.8, Diff: 0.9, Sum: 384.6]
      [GC Worker End (ms): Min: 33776511.5, Avg: 33776511.9, Max: 33776512.3, Diff: 0.8]
   [Code Root Fixup: 0.3 ms]
   [Code Root Migration: 0.1 ms]
   [Clear CT: 0.4 ms]
   [Other: 7.0 ms]
      [Choose CSet: 0.0 ms]
      [Ref Proc: 3.0 ms]
      [Ref Enq: 0.2 ms]
      [Free CSet: 0.8 ms]
   [Eden: 398.0M(398.0M)->0.0B(330.0M) Survivors: 46.0M->56.0M Heap: 2274.0M(4096.0M)->1921.0M(4096.0M)]
 [Times: user=0.35 sys=0.00, real=0.20 secs] 
2016-08-30T22:59:07.913+0200: 33798.048: [GC pause (young) (initial-mark), 0.1902840 secs]
   [Parallel Time: 180.0 ms, GC Workers: 2]
      [GC Worker Start (ms): Min: 33798049.7, Avg: 33798049.7, Max: 33798049.7, Diff: 0.0]
      [Ext Root Scanning (ms): Min: 54.1, Avg: 54.2, Max: 54.2, Diff: 0.1, Sum: 108.3]
      [Code Root Marking (ms): Min: 12.8, Avg: 13.7, Max: 14.5, Diff: 1.7, Sum: 27.3]
      [Update RS (ms): Min: 35.5, Avg: 35.8, Max: 36.2, Diff: 0.6, Sum: 71.7]
         [Processed Buffers: Min: 286, Avg: 295.0, Max: 304, Diff: 18, Sum: 590]
      [Scan RS (ms): Min: 12.0, Avg: 12.0, Max: 12.0, Diff: 0.0, Sum: 24.1]
      [Code Root Scanning (ms): Min: 0.1, Avg: 0.1, Max: 0.2, Diff: 0.1, Sum: 0.2]
      [Object Copy (ms): Min: 62.8, Avg: 63.9, Max: 65.1, Diff: 2.3, Sum: 127.9]
      [Termination (ms): Min: 0.0, Avg: 0.0, Max: 0.0, Diff: 0.0, Sum: 0.0]
      [GC Worker Other (ms): Min: 0.2, Avg: 0.2, Max: 0.2, Diff: 0.0, Sum: 0.4]
      [GC Worker Total (ms): Min: 179.9, Avg: 179.9, Max: 180.0, Diff: 0.0, Sum: 359.9]
      [GC Worker End (ms): Min: 33798229.6, Avg: 33798229.6, Max: 33798229.6, Diff: 0.0]
   [Code Root Fixup: 0.5 ms]
   [Code Root Migration: 0.1 ms]
   [Clear CT: 0.6 ms]
   [Other: 9.1 ms]
      [Choose CSet: 0.0 ms]
      [Ref Proc: 3.7 ms]
      [Ref Enq: 0.3 ms]
      [Free CSet: 1.1 ms]
   [Eden: 330.0M(330.0M)->0.0B(476.0M) Survivors: 56.0M->24.0M Heap: 2251.0M(4096.0M)->1929.0M(4096.0M)]
 [Times: user=0.37 sys=0.00, real=0.19 secs] 
2016-08-30T22:59:08.104+0200: 33798.239: [GC concurrent-root-region-scan-start]
2016-08-30T22:59:08.146+0200: 33798.281: [GC concurrent-root-region-scan-end, 0.0419050 secs]
2016-08-30T22:59:08.146+0200: 33798.281: [GC concurrent-mark-start]
2016-08-30T22:59:09.120+0200: 33799.254: [GC concurrent-mark-end, 0.9734030 secs]
2016-08-30T22:59:09.123+0200: 33799.257: [GC remark 2016-08-30T22:59:09.124+0200: 33799.258: [GC ref-proc, 0.1069960 secs], 0.1284560 secs]
 [Times: user=0.15 sys=0.00, real=0.13 secs] 
2016-08-30T22:59:09.257+0200: 33799.391: [GC cleanup 1952M->1756M(4096M), 0.0369300 secs]
 [Times: user=0.07 sys=0.00, real=0.04 secs] 
2016-08-30T22:59:09.295+0200: 33799.429: [GC concurrent-cleanup-start]
2016-08-30T22:59:09.295+0200: 33799.430: [GC concurrent-cleanup-end, 0.0007080 secs]
2016-08-30T22:59:31.320+0200: 33821.454: [GC pause (young), 0.1612030 secs]
   [Parallel Time: 150.4 ms, GC Workers: 2]
      [GC Worker Start (ms): Min: 33821456.1, Avg: 33821456.1, Max: 33821456.1, Diff: 0.0]
      [Ext Root Scanning (ms): Min: 53.4, Avg: 53.4, Max: 53.4, Diff: 0.0, Sum: 106.8]
      [Update RS (ms): Min: 39.3, Avg: 39.6, Max: 39.9, Diff: 0.6, Sum: 79.2]
         [Processed Buffers: Min: 281, Avg: 300.5, Max: 320, Diff: 39, Sum: 601]
      [Scan RS (ms): Min: 10.3, Avg: 10.6, Max: 10.8, Diff: 0.5, Sum: 21.1]
      [Code Root Scanning (ms): Min: 0.1, Avg: 0.1, Max: 0.2, Diff: 0.1, Sum: 0.3]
      [Object Copy (ms): Min: 46.4, Avg: 46.4, Max: 46.4, Diff: 0.0, Sum: 92.9]
      [Termination (ms): Min: 0.0, Avg: 0.0, Max: 0.0, Diff: 0.0, Sum: 0.0]
      [GC Worker Other (ms): Min: 0.2, Avg: 0.2, Max: 0.2, Diff: 0.0, Sum: 0.3]
      [GC Worker Total (ms): Min: 150.3, Avg: 150.3, Max: 150.3, Diff: 0.0, Sum: 300.6]
      [GC Worker End (ms): Min: 33821606.3, Avg: 33821606.3, Max: 33821606.3, Diff: 0.0]
   [Code Root Fixup: 0.4 ms]
   [Code Root Migration: 0.1 ms]
   [Clear CT: 0.6 ms]
   [Other: 9.8 ms]
      [Choose CSet: 0.0 ms]
      [Ref Proc: 5.1 ms]
      [Ref Enq: 0.4 ms]
      [Free CSet: 1.5 ms]
   [Eden: 424.0M(326.0M)->0.0B(160.0M) Survivors: 24.0M->44.0M Heap: 2157.0M(4096.0M)->1753.0M(4096.0M)]
 [Times: user=0.31 sys=0.00, real=0.16 secs] 
2016-08-30T22:59:41.583+0200: 33831.717: [GC pause (mixed), 0.1647650 secs]
   [Parallel Time: 157.6 ms, GC Workers: 2]
      [GC Worker Start (ms): Min: 33831718.8, Avg: 33831718.8, Max: 33831718.8, Diff: 0.0]
      [Ext Root Scanning (ms): Min: 50.7, Avg: 50.9, Max: 51.1, Diff: 0.4, Sum: 101.8]
      [Update RS (ms): Min: 26.8, Avg: 27.1, Max: 27.4, Diff: 0.6, Sum: 54.2]
         [Processed Buffers: Min: 279, Avg: 299.5, Max: 320, Diff: 41, Sum: 599]
      [Scan RS (ms): Min: 24.5, Avg: 24.8, Max: 25.1, Diff: 0.6, Sum: 49.6]
      [Code Root Scanning (ms): Min: 0.2, Avg: 0.2, Max: 0.2, Diff: 0.1, Sum: 0.4]
      [Object Copy (ms): Min: 54.1, Avg: 54.4, Max: 54.6, Diff: 0.5, Sum: 108.7]
      [Termination (ms): Min: 0.0, Avg: 0.0, Max: 0.0, Diff: 0.0, Sum: 0.0]
      [GC Worker Other (ms): Min: 0.1, Avg: 0.1, Max: 0.2, Diff: 0.1, Sum: 0.3]
      [GC Worker Total (ms): Min: 157.5, Avg: 157.5, Max: 157.5, Diff: 0.0, Sum: 315.0]
      [GC Worker End (ms): Min: 33831876.3, Avg: 33831876.3, Max: 33831876.3, Diff: 0.0]
   [Code Root Fixup: 0.4 ms]
   [Code Root Migration: 0.1 ms]
   [Clear CT: 0.6 ms]
   [Other: 6.1 ms]
      [Choose CSet: 0.3 ms]
      [Ref Proc: 1.2 ms]
      [Ref Enq: 0.1 ms]
      [Free CSet: 1.6 ms]
   [Eden: 160.0M(160.0M)->0.0B(188.0M) Survivors: 44.0M->16.0M Heap: 1913.0M(4096.0M)->1357.0M(4096.0M)]
 [Times: user=0.33 sys=0.00, real=0.17 secs] 
2016-08-30T22:59:50.692+0200: 33840.827: [GC pause (mixed), 0.2170180 secs]
   [Parallel Time: 210.4 ms, GC Workers: 2]
      [GC Worker Start (ms): Min: 33840828.6, Avg: 33840830.3, Max: 33840832.0, Diff: 3.4]
      [Ext Root Scanning (ms): Min: 57.4, Avg: 58.5, Max: 59.7, Diff: 2.3, Sum: 117.1]
      [Update RS (ms): Min: 30.0, Avg: 36.5, Max: 43.0, Diff: 13.0, Sum: 72.9]
         [Processed Buffers: Min: 291, Avg: 354.0, Max: 417, Diff: 126, Sum: 708]
      [Scan RS (ms): Min: 57.4, Avg: 60.5, Max: 63.6, Diff: 6.2, Sum: 121.1]
      [Code Root Scanning (ms): Min: 0.0, Avg: 0.1, Max: 0.2, Diff: 0.2, Sum: 0.3]
      [Object Copy (ms): Min: 52.4, Avg: 52.9, Max: 53.4, Diff: 1.1, Sum: 105.8]
      [Termination (ms): Min: 0.0, Avg: 0.0, Max: 0.0, Diff: 0.0, Sum: 0.0]
      [GC Worker Other (ms): Min: 0.0, Avg: 0.1, Max: 0.1, Diff: 0.1, Sum: 0.2]
      [GC Worker Total (ms): Min: 207.0, Avg: 208.7, Max: 210.4, Diff: 3.4, Sum: 417.3]
      [GC Worker End (ms): Min: 33841039.0, Avg: 33841039.0, Max: 33841039.0, Diff: 0.0]
   [Code Root Fixup: 0.3 ms]
   [Code Root Migration: 0.1 ms]
   [Clear CT: 0.6 ms]
   [Other: 5.7 ms]
      [Choose CSet: 0.4 ms]
      [Ref Proc: 1.2 ms]
      [Ref Enq: 0.1 ms]
      [Free CSet: 1.1 ms]
   [Eden: 188.0M(188.0M)->0.0B(178.0M) Survivors: 16.0M->26.0M Heap: 1545.0M(4096.0M)->1203.0M(4096.0M)]
 [Times: user=0.33 sys=0.00, real=0.22 secs] 
2016-08-30T23:00:01.964+0200: 33852.098: [GC pause (mixed), 0.2000140 secs]
   [Parallel Time: 192.7 ms, GC Workers: 2]
      [GC Worker Start (ms): Min: 33852100.2, Avg: 33852100.3, Max: 33852100.3, Diff: 0.0]
      [Ext Root Scanning (ms): Min: 50.5, Avg: 51.3, Max: 52.1, Diff: 1.5, Sum: 102.6]
      [Update RS (ms): Min: 28.3, Avg: 28.7, Max: 29.0, Diff: 0.7, Sum: 57.3]
         [Processed Buffers: Min: 276, Avg: 312.5, Max: 349, Diff: 73, Sum: 625]
      [Scan RS (ms): Min: 58.8, Avg: 59.1, Max: 59.5, Diff: 0.8, Sum: 118.3]
      [Code Root Scanning (ms): Min: 0.1, Avg: 0.1, Max: 0.2, Diff: 0.1, Sum: 0.3]
      [Object Copy (ms): Min: 52.5, Avg: 53.3, Max: 54.1, Diff: 1.5, Sum: 106.6]
      [Termination (ms): Min: 0.0, Avg: 0.0, Max: 0.0, Diff: 0.0, Sum: 0.0]
      [GC Worker Other (ms): Min: 0.1, Avg: 0.1, Max: 0.1, Diff: 0.1, Sum: 0.2]
      [GC Worker Total (ms): Min: 192.6, Avg: 192.6, Max: 192.6, Diff: 0.0, Sum: 385.3]
      [GC Worker End (ms): Min: 33852292.9, Avg: 33852292.9, Max: 33852292.9, Diff: 0.0]
   [Code Root Fixup: 0.3 ms]
   [Code Root Migration: 0.1 ms]
   [Clear CT: 0.6 ms]
   [Other: 6.4 ms]
      [Choose CSet: 0.7 ms]
      [Ref Proc: 1.6 ms]
      [Ref Enq: 0.1 ms]
      [Free CSet: 1.5 ms]
   [Eden: 178.0M(178.0M)->0.0B(188.0M) Survivors: 26.0M->16.0M Heap: 1381.0M(4096.0M)->1045.0M(4096.0M)]
 [Times: user=0.39 sys=0.00, real=0.20 secs] 
2016-08-30T23:00:12.336+0200: 33862.470: [GC pause (mixed), 0.2267720 secs]
   [Parallel Time: 217.9 ms, GC Workers: 2]
      [GC Worker Start (ms): Min: 33862472.9, Avg: 33862473.3, Max: 33862473.7, Diff: 0.8]
      [Ext Root Scanning (ms): Min: 51.9, Avg: 52.6, Max: 53.2, Diff: 1.3, Sum: 105.1]
      [Update RS (ms): Min: 32.4, Avg: 33.0, Max: 33.7, Diff: 1.3, Sum: 66.0]
         [Processed Buffers: Min: 382, Avg: 385.5, Max: 389, Diff: 7, Sum: 771]
      [Scan RS (ms): Min: 65.5, Avg: 66.1, Max: 66.7, Diff: 1.2, Sum: 132.2]
      [Code Root Scanning (ms): Min: 0.1, Avg: 0.2, Max: 0.2, Diff: 0.2, Sum: 0.3]
      [Object Copy (ms): Min: 65.4, Avg: 65.5, Max: 65.6, Diff: 0.2, Sum: 130.9]
      [Termination (ms): Min: 0.0, Avg: 0.0, Max: 0.0, Diff: 0.0, Sum: 0.0]
      [GC Worker Other (ms): Min: 0.1, Avg: 0.1, Max: 0.2, Diff: 0.0, Sum: 0.3]
      [GC Worker Total (ms): Min: 217.0, Avg: 217.4, Max: 217.9, Diff: 0.8, Sum: 434.9]
      [GC Worker End (ms): Min: 33862690.7, Avg: 33862690.7, Max: 33862690.7, Diff: 0.0]
   [Code Root Fixup: 0.3 ms]
   [Code Root Migration: 0.1 ms]
   [Clear CT: 0.6 ms]
   [Other: 7.8 ms]
      [Choose CSet: 1.2 ms]
      [Ref Proc: 2.0 ms]
      [Ref Enq: 0.1 ms]
      [Free CSet: 1.6 ms]
   [Eden: 188.0M(188.0M)->0.0B(178.0M) Survivors: 16.0M->26.0M Heap: 1233.0M(4096.0M)->919.0M(4096.0M)]
 [Times: user=0.43 sys=0.00, real=0.23 secs] 
2016-08-30T23:00:23.725+0200: 33873.859: [GC pause (young), 0.1948500 secs]
   [Parallel Time: 191.3 ms, GC Workers: 2]
      [GC Worker Start (ms): Min: 33873859.9, Avg: 33873859.9, Max: 33873859.9, Diff: 0.0]
      [Ext Root Scanning (ms): Min: 80.5, Avg: 84.7, Max: 88.9, Diff: 8.4, Sum: 169.5]
      [Update RS (ms): Min: 39.7, Avg: 44.3, Max: 48.9, Diff: 9.2, Sum: 88.6]
         [Processed Buffers: Min: 273, Avg: 286.0, Max: 299, Diff: 26, Sum: 572]
      [Scan RS (ms): Min: 9.7, Avg: 9.9, Max: 10.1, Diff: 0.4, Sum: 19.8]
      [Code Root Scanning (ms): Min: 0.0, Avg: 0.0, Max: 0.0, Diff: 0.0, Sum: 0.1]
      [Object Copy (ms): Min: 40.0, Avg: 48.8, Max: 57.7, Diff: 17.7, Sum: 97.7]
      [Termination (ms): Min: 0.0, Avg: 1.8, Max: 3.5, Diff: 3.5, Sum: 3.5]
      [GC Worker Other (ms): Min: 0.0, Avg: 0.1, Max: 0.1, Diff: 0.1, Sum: 0.1]
      [GC Worker Total (ms): Min: 188.1, Avg: 189.6, Max: 191.2, Diff: 3.1, Sum: 379.3]
      [GC Worker End (ms): Min: 33874048.0, Avg: 33874049.5, Max: 33874051.1, Diff: 3.1]
   [Code Root Fixup: 0.2 ms]
   [Code Root Migration: 0.0 ms]
   [Clear CT: 0.4 ms]
   [Other: 3.0 ms]
      [Choose CSet: 0.0 ms]
      [Ref Proc: 0.9 ms]
      [Ref Enq: 0.1 ms]
      [Free CSet: 0.4 ms]
   [Eden: 178.0M(178.0M)->0.0B(188.0M) Survivors: 26.0M->16.0M Heap: 1097.0M(4096.0M)->923.0M(4096.0M)]
 [Times: user=0.17 sys=0.00, real=0.19 secs] 
2016-08-30T23:00:36.128+0200: 33886.263: [GC pause (young), 0.1511130 secs]
   [Parallel Time: 144.6 ms, GC Workers: 2]
      [GC Worker Start (ms): Min: 33886264.3, Avg: 33886265.1, Max: 33886265.8, Diff: 1.5]
      [Ext Root Scanning (ms): Min: 68.7, Avg: 69.6, Max: 70.6, Diff: 1.9, Sum: 139.3]
      [Update RS (ms): Min: 31.6, Avg: 31.8, Max: 31.9, Diff: 0.4, Sum: 63.5]
         [Processed Buffers: Min: 302, Avg: 312.5, Max: 323, Diff: 21, Sum: 625]
      [Scan RS (ms): Min: 9.0, Avg: 9.6, Max: 10.2, Diff: 1.2, Sum: 19.2]
      [Code Root Scanning (ms): Min: 0.1, Avg: 0.1, Max: 0.2, Diff: 0.1, Sum: 0.3]
      [Object Copy (ms): Min: 31.9, Avg: 32.5, Max: 33.1, Diff: 1.2, Sum: 65.0]
      [Termination (ms): Min: 0.0, Avg: 0.0, Max: 0.0, Diff: 0.0, Sum: 0.0]
      [GC Worker Other (ms): Min: 0.1, Avg: 0.1, Max: 0.1, Diff: 0.1, Sum: 0.2]
      [GC Worker Total (ms): Min: 143.0, Avg: 143.7, Max: 144.5, Diff: 1.5, Sum: 287.5]
      [GC Worker End (ms): Min: 33886408.8, Avg: 33886408.8, Max: 33886408.8, Diff: 0.0]
   [Code Root Fixup: 0.7 ms]
   [Code Root Migration: 0.0 ms]
   [Clear CT: 0.4 ms]
   [Other: 5.5 ms]
      [Choose CSet: 0.0 ms]
      [Ref Proc: 2.0 ms]
      [Ref Enq: 0.1 ms]
      [Free CSet: 0.7 ms]
   [Eden: 188.0M(188.0M)->0.0B(188.0M) Survivors: 16.0M->16.0M Heap: 1111.0M(4096.0M)->932.0M(4096.0M)]
 [Times: user=0.29 sys=0.00, real=0.15 secs] 
2016-08-30T23:00:45.606+0200: 33895.741: [GC pause (young), 0.1344870 secs]
   [Parallel Time: 128.1 ms, GC Workers: 2]
      [GC Worker Start (ms): Min: 33895742.5, Avg: 33895742.5, Max: 33895742.6, Diff: 0.0]
      [Ext Root Scanning (ms): Min: 50.4, Avg: 52.3, Max: 54.1, Diff: 3.7, Sum: 104.5]
      [Update RS (ms): Min: 30.8, Avg: 33.1, Max: 35.4, Diff: 4.6, Sum: 66.2]
         [Processed Buffers: Min: 373, Avg: 400.0, Max: 427, Diff: 54, Sum: 800]
      [Scan RS (ms): Min: 5.6, Avg: 5.8, Max: 5.9, Diff: 0.3, Sum: 11.5]
      [Code Root Scanning (ms): Min: 0.1, Avg: 0.1, Max: 0.1, Diff: 0.0, Sum: 0.1]
      [Object Copy (ms): Min: 36.5, Avg: 36.8, Max: 37.1, Diff: 0.6, Sum: 73.6]
      [Termination (ms): Min: 0.0, Avg: 0.0, Max: 0.0, Diff: 0.0, Sum: 0.0]
      [GC Worker Other (ms): Min: 0.1, Avg: 0.1, Max: 0.1, Diff: 0.0, Sum: 0.1]
      [GC Worker Total (ms): Min: 128.0, Avg: 128.1, Max: 128.1, Diff: 0.0, Sum: 256.1]
      [GC Worker End (ms): Min: 33895870.6, Avg: 33895870.6, Max: 33895870.6, Diff: 0.0]
   [Code Root Fixup: 0.4 ms]
   [Code Root Migration: 0.0 ms]
   [Clear CT: 0.3 ms]
   [Other: 5.5 ms]
      [Choose CSet: 0.0 ms]
      [Ref Proc: 1.7 ms]
      [Ref Enq: 0.2 ms]
      [Free CSet: 0.6 ms]
   [Eden: 188.0M(188.0M)->0.0B(178.0M) Survivors: 16.0M->26.0M Heap: 1120.0M(4096.0M)->961.0M(4096.0M)]
 [Times: user=0.26 sys=0.00, real=0.13 secs] 
2016-08-30T23:00:55.017+0200: 33905.151: [GC pause (young), 0.1304490 secs]
   [Parallel Time: 124.0 ms, GC Workers: 2]
      [GC Worker Start (ms): Min: 33905152.8, Avg: 33905152.8, Max: 33905152.8, Diff: 0.0]
      [Ext Root Scanning (ms): Min: 50.8, Avg: 51.5, Max: 52.2, Diff: 1.4, Sum: 103.0]
      [Update RS (ms): Min: 28.9, Avg: 30.5, Max: 32.0, Diff: 3.1, Sum: 60.9]
         [Processed Buffers: Min: 335, Avg: 347.0, Max: 359, Diff: 24, Sum: 694]
      [Scan RS (ms): Min: 4.2, Avg: 4.9, Max: 5.6, Diff: 1.4, Sum: 9.8]
      [Code Root Scanning (ms): Min: 0.1, Avg: 0.1, Max: 0.1, Diff: 0.0, Sum: 0.1]
      [Object Copy (ms): Min: 36.7, Avg: 36.9, Max: 37.0, Diff: 0.3, Sum: 73.8]
      [Termination (ms): Min: 0.0, Avg: 0.0, Max: 0.0, Diff: 0.0, Sum: 0.0]
      [GC Worker Other (ms): Min: 0.1, Avg: 0.1, Max: 0.1, Diff: 0.0, Sum: 0.1]
      [GC Worker Total (ms): Min: 123.9, Avg: 123.9, Max: 123.9, Diff: 0.0, Sum: 247.8]
      [GC Worker End (ms): Min: 33905276.7, Avg: 33905276.7, Max: 33905276.7, Diff: 0.0]
   [Code Root Fixup: 0.5 ms]
   [Code Root Migration: 0.0 ms]
   [Clear CT: 0.4 ms]
   [Other: 5.6 ms]
      [Choose CSet: 0.0 ms]
      [Ref Proc: 2.1 ms]
      [Ref Enq: 0.1 ms]
      [Free CSet: 0.5 ms]
   [Eden: 178.0M(178.0M)->0.0B(184.0M) Survivors: 26.0M->20.0M Heap: 1139.0M(4096.0M)->982.0M(4096.0M)]
 [Times: user=0.25 sys=0.00, real=0.13 secs] 
2016-08-30T23:01:07.248+0200: 33917.383: [GC pause (young), 0.1215180 secs]
   [Parallel Time: 115.3 ms, GC Workers: 2]
      [GC Worker Start (ms): Min: 33917384.0, Avg: 33917385.0, Max: 33917386.0, Diff: 2.0]
      [Ext Root Scanning (ms): Min: 49.5, Avg: 50.0, Max: 50.4, Diff: 1.0, Sum: 99.9]
      [Update RS (ms): Min: 27.1, Avg: 27.4, Max: 27.6, Diff: 0.5, Sum: 54.7]
         [Processed Buffers: Min: 297, Avg: 317.0, Max: 337, Diff: 40, Sum: 634]
      [Scan RS (ms): Min: 5.5, Avg: 5.9, Max: 6.3, Diff: 0.8, Sum: 11.8]
      [Code Root Scanning (ms): Min: 0.1, Avg: 0.1, Max: 0.1, Diff: 0.0, Sum: 0.2]
      [Object Copy (ms): Min: 30.2, Avg: 30.8, Max: 31.4, Diff: 1.2, Sum: 61.7]
      [Termination (ms): Min: 0.0, Avg: 0.0, Max: 0.0, Diff: 0.0, Sum: 0.0]
      [GC Worker Other (ms): Min: 0.1, Avg: 0.1, Max: 0.1, Diff: 0.1, Sum: 0.2]
      [GC Worker Total (ms): Min: 113.3, Avg: 114.3, Max: 115.2, Diff: 2.0, Sum: 228.5]
      [GC Worker End (ms): Min: 33917499.3, Avg: 33917499.3, Max: 33917499.3, Diff: 0.0]
   [Code Root Fixup: 0.5 ms]
   [Code Root Migration: 0.0 ms]
   [Clear CT: 0.4 ms]
   [Other: 5.2 ms]
      [Choose CSet: 0.0 ms]
      [Ref Proc: 2.0 ms]
      [Ref Enq: 0.1 ms]
      [Free CSet: 0.7 ms]
   [Eden: 184.0M(184.0M)->0.0B(308.0M) Survivors: 20.0M->16.0M Heap: 1166.0M(4096.0M)->989.0M(4096.0M)]
 [Times: user=0.24 sys=0.00, real=0.12 secs] 
2016-08-30T23:01:23.448+0200: 33933.582: [GC pause (young), 0.1467590 secs]
   [Parallel Time: 139.0 ms, GC Workers: 2]
      [GC Worker Start (ms): Min: 33933583.4, Avg: 33933583.4, Max: 33933583.5, Diff: 0.0]
      [Ext Root Scanning (ms): Min: 50.7, Avg: 51.1, Max: 51.5, Diff: 0.8, Sum: 102.2]
      [Update RS (ms): Min: 31.4, Avg: 36.3, Max: 41.1, Diff: 9.7, Sum: 72.6]
         [Processed Buffers: Min: 247, Avg: 324.0, Max: 401, Diff: 154, Sum: 648]
      [Scan RS (ms): Min: 8.0, Avg: 8.1, Max: 8.1, Diff: 0.1, Sum: 16.1]
      [Code Root Scanning (ms): Min: 0.1, Avg: 0.1, Max: 0.1, Diff: 0.1, Sum: 0.2]
      [Object Copy (ms): Min: 38.0, Avg: 43.2, Max: 48.5, Diff: 10.5, Sum: 86.4]
      [Termination (ms): Min: 0.0, Avg: 0.0, Max: 0.0, Diff: 0.0, Sum: 0.0]
      [GC Worker Other (ms): Min: 0.1, Avg: 0.2, Max: 0.2, Diff: 0.0, Sum: 0.3]
      [GC Worker Total (ms): Min: 138.9, Avg: 138.9, Max: 138.9, Diff: 0.0, Sum: 277.9]
      [GC Worker End (ms): Min: 33933722.4, Avg: 33933722.4, Max: 33933722.4, Diff: 0.0]
   [Code Root Fixup: 0.4 ms]
   [Code Root Migration: 0.1 ms]
   [Clear CT: 0.4 ms]
   [Other: 6.8 ms]
      [Choose CSet: 0.0 ms]
      [Ref Proc: 3.1 ms]
      [Ref Enq: 0.3 ms]
      [Free CSet: 0.9 ms]
   [Eden: 308.0M(308.0M)->0.0B(292.0M) Survivors: 16.0M->36.0M Heap: 1297.0M(4096.0M)->1010.0M(4096.0M)]
 [Times: user=0.27 sys=0.00, real=0.15 secs] 
2016-08-30T23:01:41.377+0200: 33951.511: [GC pause (young), 0.1561420 secs]
   [Parallel Time: 147.7 ms, GC Workers: 2]
      [GC Worker Start (ms): Min: 33951512.9, Avg: 33951513.0, Max: 33951513.0, Diff: 0.0]
      [Ext Root Scanning (ms): Min: 50.0, Avg: 50.7, Max: 51.3, Diff: 1.2, Sum: 101.3]
      [Update RS (ms): Min: 32.3, Avg: 32.9, Max: 33.5, Diff: 1.1, Sum: 65.8]
         [Processed Buffers: Min: 283, Avg: 310.0, Max: 337, Diff: 54, Sum: 620]
      [Scan RS (ms): Min: 11.4, Avg: 12.0, Max: 12.6, Diff: 1.1, Sum: 24.0]
      [Code Root Scanning (ms): Min: 0.1, Avg: 0.1, Max: 0.1, Diff: 0.1, Sum: 0.2]
      [Object Copy (ms): Min: 51.2, Avg: 51.8, Max: 52.3, Diff: 1.1, Sum: 103.6]
      [Termination (ms): Min: 0.0, Avg: 0.0, Max: 0.0, Diff: 0.0, Sum: 0.0]
      [GC Worker Other (ms): Min: 0.1, Avg: 0.2, Max: 0.2, Diff: 0.0, Sum: 0.3]
      [GC Worker Total (ms): Min: 147.6, Avg: 147.6, Max: 147.6, Diff: 0.0, Sum: 295.2]
      [GC Worker End (ms): Min: 33951660.5, Avg: 33951660.5, Max: 33951660.6, Diff: 0.0]
   [Code Root Fixup: 0.4 ms]
   [Code Root Migration: 0.1 ms]
   [Clear CT: 0.4 ms]
   [Other: 7.5 ms]
      [Choose CSet: 0.0 ms]
      [Ref Proc: 3.1 ms]
      [Ref Enq: 0.3 ms]
      [Free CSet: 1.0 ms]
   [Eden: 292.0M(292.0M)->0.0B(562.0M) Survivors: 36.0M->20.0M Heap: 1302.0M(4096.0M)->1014.0M(4096.0M)]
 [Times: user=0.29 sys=0.00, real=0.16 secs] 
2016-08-30T23:02:11.634+0200: 33981.769: [GC pause (young), 0.1743750 secs]
   [Parallel Time: 162.1 ms, GC Workers: 2]
      [GC Worker Start (ms): Min: 33981770.3, Avg: 33981770.3, Max: 33981770.4, Diff: 0.0]
      [Ext Root Scanning (ms): Min: 50.8, Avg: 51.3, Max: 51.8, Diff: 1.0, Sum: 102.6]
      [Update RS (ms): Min: 41.4, Avg: 42.5, Max: 43.7, Diff: 2.3, Sum: 85.0]
         [Processed Buffers: Min: 351, Avg: 361.5, Max: 372, Diff: 21, Sum: 723]
      [Scan RS (ms): Min: 11.7, Avg: 12.4, Max: 13.0, Diff: 1.2, Sum: 24.7]
      [Code Root Scanning (ms): Min: 0.2, Avg: 0.2, Max: 0.2, Diff: 0.1, Sum: 0.4]
      [Object Copy (ms): Min: 55.4, Avg: 55.4, Max: 55.5, Diff: 0.1, Sum: 110.9]
      [Termination (ms): Min: 0.0, Avg: 0.0, Max: 0.0, Diff: 0.0, Sum: 0.0]
      [GC Worker Other (ms): Min: 0.2, Avg: 0.2, Max: 0.2, Diff: 0.0, Sum: 0.4]
      [GC Worker Total (ms): Min: 162.0, Avg: 162.0, Max: 162.0, Diff: 0.0, Sum: 324.0]
      [GC Worker End (ms): Min: 33981932.3, Avg: 33981932.3, Max: 33981932.3, Diff: 0.0]
   [Code Root Fixup: 0.5 ms]
   [Code Root Migration: 0.1 ms]
   [Clear CT: 0.6 ms]
   [Other: 11.2 ms]
      [Choose CSet: 0.0 ms]
      [Ref Proc: 5.6 ms]
      [Ref Enq: 0.5 ms]
      [Free CSet: 1.6 ms]
   [Eden: 562.0M(562.0M)->0.0B(312.0M) Survivors: 20.0M->56.0M Heap: 1576.0M(4096.0M)->1049.0M(4096.0M)]
 [Times: user=0.33 sys=0.00, real=0.18 secs] 
2016-08-30T23:02:31.566+0200: 34001.700: [GC pause (young), 0.1631470 secs]
   [Parallel Time: 155.1 ms, GC Workers: 2]
      [GC Worker Start (ms): Min: 34001701.6, Avg: 34001701.6, Max: 34001701.7, Diff: 0.1]
      [Ext Root Scanning (ms): Min: 57.4, Avg: 57.6, Max: 57.8, Diff: 0.5, Sum: 115.2]
      [Update RS (ms): Min: 29.4, Avg: 30.1, Max: 30.7, Diff: 1.3, Sum: 60.1]
         [Processed Buffers: Min: 289, Avg: 291.5, Max: 294, Diff: 5, Sum: 583]
      [Scan RS (ms): Min: 13.2, Avg: 13.7, Max: 14.2, Diff: 1.0, Sum: 27.4]
      [Code Root Scanning (ms): Min: 0.1, Avg: 0.1, Max: 0.1, Diff: 0.1, Sum: 0.2]
      [Object Copy (ms): Min: 53.2, Avg: 53.3, Max: 53.4, Diff: 0.2, Sum: 106.6]
      [Termination (ms): Min: 0.0, Avg: 0.0, Max: 0.0, Diff: 0.0, Sum: 0.0]
      [GC Worker Other (ms): Min: 0.2, Avg: 0.2, Max: 0.2, Diff: 0.0, Sum: 0.4]
      [GC Worker Total (ms): Min: 154.9, Avg: 155.0, Max: 155.0, Diff: 0.1, Sum: 310.0]
      [GC Worker End (ms): Min: 34001856.6, Avg: 34001856.6, Max: 34001856.6, Diff: 0.0]
   [Code Root Fixup: 0.5 ms]
   [Code Root Migration: 0.1 ms]
   [Clear CT: 0.4 ms]
   [Other: 7.1 ms]
      [Choose CSet: 0.0 ms]
      [Ref Proc: 3.7 ms]
      [Ref Enq: 0.1 ms]
      [Free CSet: 0.8 ms]
   [Eden: 312.0M(312.0M)->0.0B(724.0M) Survivors: 56.0M->24.0M Heap: 1361.0M(4096.0M)->1047.0M(4096.0M)]
 [Times: user=0.30 sys=0.00, real=0.16 secs] 
2016-08-30T23:03:18.693+0200: 34048.827: [GC pause (young), 0.1159810 secs]
   [Parallel Time: 108.4 ms, GC Workers: 2]
      [GC Worker Start (ms): Min: 34048828.4, Avg: 34048830.3, Max: 34048832.2, Diff: 3.8]
      [Ext Root Scanning (ms): Min: 43.0, Avg: 43.3, Max: 43.5, Diff: 0.5, Sum: 86.6]
      [Update RS (ms): Min: 23.2, Avg: 24.8, Max: 26.3, Diff: 3.1, Sum: 49.5]
         [Processed Buffers: Min: 381, Avg: 417.5, Max: 454, Diff: 73, Sum: 835]
      [Scan RS (ms): Min: 6.4, Avg: 6.4, Max: 6.5, Diff: 0.1, Sum: 12.8]
      [Code Root Scanning (ms): Min: 0.1, Avg: 0.1, Max: 0.1, Diff: 0.1, Sum: 0.2]
      [Object Copy (ms): Min: 31.7, Avg: 31.8, Max: 31.9, Diff: 0.1, Sum: 63.6]
      [Termination (ms): Min: 0.0, Avg: 0.0, Max: 0.0, Diff: 0.0, Sum: 0.0]
      [GC Worker Other (ms): Min: 0.1, Avg: 0.1, Max: 0.1, Diff: 0.0, Sum: 0.2]
      [GC Worker Total (ms): Min: 104.6, Avg: 106.5, Max: 108.4, Diff: 3.8, Sum: 213.0]
      [GC Worker End (ms): Min: 34048936.8, Avg: 34048936.8, Max: 34048936.8, Diff: 0.0]
   [Code Root Fixup: 0.2 ms]
   [Code Root Migration: 0.1 ms]
   [Clear CT: 0.3 ms]
   [Other: 6.9 ms]
      [Choose CSet: 0.0 ms]
      [Ref Proc: 3.7 ms]
      [Ref Enq: 0.3 ms]
      [Free CSet: 1.1 ms]
   [Eden: 724.0M(724.0M)->0.0B(502.0M) Survivors: 24.0M->72.0M Heap: 1771.0M(4096.0M)->1095.0M(4096.0M)]
 [Times: user=0.19 sys=0.00, real=0.12 secs] 
2016-08-30T23:03:49.247+0200: 34079.381: [GC pause (young), 0.1941060 secs]
   [Parallel Time: 182.1 ms, GC Workers: 2]
      [GC Worker Start (ms): Min: 34079383.0, Avg: 34079383.0, Max: 34079383.0, Diff: 0.1]
      [Ext Root Scanning (ms): Min: 49.2, Avg: 49.4, Max: 49.6, Diff: 0.4, Sum: 98.8]
      [Update RS (ms): Min: 41.6, Avg: 41.9, Max: 42.3, Diff: 0.7, Sum: 83.9]
         [Processed Buffers: Min: 372, Avg: 409.5, Max: 447, Diff: 75, Sum: 819]
      [Scan RS (ms): Min: 15.8, Avg: 16.2, Max: 16.7, Diff: 1.0, Sum: 32.5]
      [Code Root Scanning (ms): Min: 0.2, Avg: 0.2, Max: 0.2, Diff: 0.0, Sum: 0.4]
      [Object Copy (ms): Min: 73.9, Avg: 74.0, Max: 74.0, Diff: 0.1, Sum: 147.9]
      [Termination (ms): Min: 0.0, Avg: 0.0, Max: 0.0, Diff: 0.0, Sum: 0.0]
      [GC Worker Other (ms): Min: 0.2, Avg: 0.2, Max: 0.2, Diff: 0.1, Sum: 0.4]
      [GC Worker Total (ms): Min: 181.9, Avg: 182.0, Max: 182.0, Diff: 0.1, Sum: 363.9]
      [GC Worker End (ms): Min: 34079564.9, Avg: 34079564.9, Max: 34079564.9, Diff: 0.0]
   [Code Root Fixup: 0.5 ms]
   [Code Root Migration: 0.1 ms]
   [Clear CT: 0.6 ms]
   [Other: 10.9 ms]
      [Choose CSet: 0.0 ms]
      [Ref Proc: 5.8 ms]
      [Ref Enq: 0.5 ms]
      [Free CSet: 1.5 ms]
   [Eden: 502.0M(502.0M)->0.0B(442.0M) Survivors: 72.0M->56.0M Heap: 1597.0M(4096.0M)->1110.0M(4096.0M)]
 [Times: user=0.37 sys=0.01, real=0.19 secs] 
2016-08-30T23:04:15.762+0200: 34105.897: [GC pause (young), 0.1834040 secs]
   [Parallel Time: 172.5 ms, GC Workers: 2]
      [GC Worker Start (ms): Min: 34105898.6, Avg: 34105898.6, Max: 34105898.6, Diff: 0.0]
      [Ext Root Scanning (ms): Min: 53.5, Avg: 54.1, Max: 54.7, Diff: 1.1, Sum: 108.2]
      [Update RS (ms): Min: 43.9, Avg: 44.4, Max: 45.0, Diff: 1.1, Sum: 88.9]
         [Processed Buffers: Min: 395, Avg: 419.0, Max: 443, Diff: 48, Sum: 838]
      [Scan RS (ms): Min: 12.2, Avg: 12.3, Max: 12.4, Diff: 0.2, Sum: 24.5]
      [Code Root Scanning (ms): Min: 0.1, Avg: 0.1, Max: 0.2, Diff: 0.1, Sum: 0.3]
      [Object Copy (ms): Min: 61.3, Avg: 61.3, Max: 61.3, Diff: 0.1, Sum: 122.6]
      [Termination (ms): Min: 0.0, Avg: 0.0, Max: 0.0, Diff: 0.0, Sum: 0.0]
      [GC Worker Other (ms): Min: 0.2, Avg: 0.2, Max: 0.2, Diff: 0.0, Sum: 0.3]
      [GC Worker Total (ms): Min: 172.4, Avg: 172.4, Max: 172.4, Diff: 0.0, Sum: 344.9]
      [GC Worker End (ms): Min: 34106071.1, Avg: 34106071.1, Max: 34106071.1, Diff: 0.0]
   [Code Root Fixup: 0.6 ms]
   [Code Root Migration: 0.1 ms]
   [Clear CT: 0.6 ms]
   [Other: 9.7 ms]
      [Choose CSet: 0.0 ms]
      [Ref Proc: 4.6 ms]
      [Ref Enq: 0.4 ms]
      [Free CSet: 1.4 ms]
   [Eden: 442.0M(442.0M)->0.0B(378.0M) Survivors: 56.0M->56.0M Heap: 1552.0M(4096.0M)->1128.0M(4096.0M)]
 [Times: user=0.36 sys=0.00, real=0.18 secs] 
2016-08-30T23:04:40.573+0200: 34130.707: [GC pause (young), 0.1517870 secs]
   [Parallel Time: 141.6 ms, GC Workers: 2]
      [GC Worker Start (ms): Min: 34130708.5, Avg: 34130708.5, Max: 34130708.6, Diff: 0.1]
      [Ext Root Scanning (ms): Min: 50.9, Avg: 50.9, Max: 50.9, Diff: 0.1, Sum: 101.8]
      [Update RS (ms): Min: 31.7, Avg: 32.5, Max: 33.3, Diff: 1.7, Sum: 65.0]
         [Processed Buffers: Min: 289, Avg: 306.5, Max: 324, Diff: 35, Sum: 613]
      [Scan RS (ms): Min: 11.5, Avg: 11.9, Max: 12.4, Diff: 0.9, Sum: 23.9]
      [Code Root Scanning (ms): Min: 0.1, Avg: 0.1, Max: 0.2, Diff: 0.0, Sum: 0.3]
      [Object Copy (ms): Min: 45.4, Avg: 45.9, Max: 46.4, Diff: 1.0, Sum: 91.8]
      [Termination (ms): Min: 0.0, Avg: 0.0, Max: 0.0, Diff: 0.0, Sum: 0.0]
      [GC Worker Other (ms): Min: 0.1, Avg: 0.1, Max: 0.2, Diff: 0.1, Sum: 0.2]
      [GC Worker Total (ms): Min: 141.4, Avg: 141.5, Max: 141.5, Diff: 0.1, Sum: 282.9]
      [GC Worker End (ms): Min: 34130850.0, Avg: 34130850.0, Max: 34130850.0, Diff: 0.0]
   [Code Root Fixup: 0.4 ms]
   [Code Root Migration: 0.1 ms]
   [Clear CT: 0.9 ms]
   [Other: 8.8 ms]
      [Choose CSet: 0.0 ms]
      [Ref Proc: 4.2 ms]
      [Ref Enq: 0.3 ms]
      [Free CSet: 1.1 ms]
   [Eden: 378.0M(378.0M)->0.0B(576.0M) Survivors: 56.0M->26.0M Heap: 1506.0M(4096.0M)->1117.0M(4096.0M)]
 [Times: user=0.29 sys=0.00, real=0.15 secs] 
2016-08-30T23:05:11.668+0200: 34161.803: [GC pause (young), 0.1867050 secs]
   [Parallel Time: 176.1 ms, GC Workers: 2]
      [GC Worker Start (ms): Min: 34161804.4, Avg: 34161804.4, Max: 34161804.4, Diff: 0.0]
      [Ext Root Scanning (ms): Min: 59.6, Avg: 61.3, Max: 63.0, Diff: 3.4, Sum: 122.5]
      [Update RS (ms): Min: 43.8, Avg: 45.5, Max: 47.2, Diff: 3.3, Sum: 91.0]
         [Processed Buffers: Min: 373, Avg: 385.5, Max: 398, Diff: 25, Sum: 771]
      [Scan RS (ms): Min: 12.1, Avg: 12.3, Max: 12.6, Diff: 0.5, Sum: 24.6]
      [Code Root Scanning (ms): Min: 0.1, Avg: 0.2, Max: 0.2, Diff: 0.1, Sum: 0.4]
      [Object Copy (ms): Min: 56.5, Avg: 56.7, Max: 56.9, Diff: 0.4, Sum: 113.3]
      [Termination (ms): Min: 0.0, Avg: 0.0, Max: 0.0, Diff: 0.0, Sum: 0.0]
      [GC Worker Other (ms): Min: 0.1, Avg: 0.1, Max: 0.2, Diff: 0.1, Sum: 0.2]
      [GC Worker Total (ms): Min: 176.0, Avg: 176.0, Max: 176.0, Diff: 0.0, Sum: 352.1]
      [GC Worker End (ms): Min: 34161980.4, Avg: 34161980.4, Max: 34161980.4, Diff: 0.0]
   [Code Root Fixup: 0.5 ms]
   [Code Root Migration: 0.1 ms]
   [Clear CT: 0.5 ms]
   [Other: 9.5 ms]
      [Choose CSet: 0.0 ms]
      [Ref Proc: 4.8 ms]
      [Ref Enq: 0.3 ms]
      [Free CSet: 1.3 ms]
   [Eden: 576.0M(576.0M)->0.0B(432.0M) Survivors: 26.0M->62.0M Heap: 1693.0M(4096.0M)->1153.0M(4096.0M)]
 [Times: user=0.34 sys=0.00, real=0.18 secs] 
2016-08-30T23:05:37.255+0200: 34187.389: [GC pause (young), 0.1542080 secs]
   [Parallel Time: 144.8 ms, GC Workers: 2]
      [GC Worker Start (ms): Min: 34187390.6, Avg: 34187390.6, Max: 34187390.6, Diff: 0.1]
      [Ext Root Scanning (ms): Min: 46.6, Avg: 46.7, Max: 46.8, Diff: 0.2, Sum: 93.3]
      [Update RS (ms): Min: 29.5, Avg: 29.7, Max: 30.0, Diff: 0.4, Sum: 59.5]
         [Processed Buffers: Min: 228, Avg: 278.5, Max: 329, Diff: 101, Sum: 557]
      [Scan RS (ms): Min: 14.5, Avg: 14.6, Max: 14.7, Diff: 0.2, Sum: 29.2]
      [Code Root Scanning (ms): Min: 0.1, Avg: 0.2, Max: 0.2, Diff: 0.0, Sum: 0.3]
      [Object Copy (ms): Min: 53.3, Avg: 53.4, Max: 53.5, Diff: 0.3, Sum: 106.8]
      [Termination (ms): Min: 0.0, Avg: 0.0, Max: 0.0, Diff: 0.0, Sum: 0.0]
      [GC Worker Other (ms): Min: 0.1, Avg: 0.1, Max: 0.2, Diff: 0.1, Sum: 0.2]
      [GC Worker Total (ms): Min: 144.6, Avg: 144.7, Max: 144.7, Diff: 0.1, Sum: 289.4]
      [GC Worker End (ms): Min: 34187535.3, Avg: 34187535.3, Max: 34187535.3, Diff: 0.0]
   [Code Root Fixup: 0.4 ms]
   [Code Root Migration: 0.1 ms]
   [Clear CT: 0.9 ms]
   [Other: 8.1 ms]
      [Choose CSet: 0.0 ms]
      [Ref Proc: 4.2 ms]
      [Ref Enq: 0.4 ms]
      [Free CSet: 1.2 ms]
   [Eden: 432.0M(432.0M)->0.0B(678.0M) Survivors: 62.0M->26.0M Heap: 1585.0M(4096.0M)->1146.0M(4096.0M)]
 [Times: user=0.29 sys=0.00, real=0.16 secs] 
2016-08-30T23:06:23.178+0200: 34233.312: [GC pause (young), 0.1983010 secs]
   [Parallel Time: 188.8 ms, GC Workers: 2]
      [GC Worker Start (ms): Min: 34233313.6, Avg: 34233313.6, Max: 34233313.6, Diff: 0.0]
      [Ext Root Scanning (ms): Min: 58.6, Avg: 69.5, Max: 80.4, Diff: 21.8, Sum: 139.0]
      [Update RS (ms): Min: 42.3, Avg: 53.5, Max: 64.6, Diff: 22.4, Sum: 106.9]
         [Processed Buffers: Min: 202, Avg: 300.5, Max: 399, Diff: 197, Sum: 601]
      [Scan RS (ms): Min: 13.0, Avg: 13.6, Max: 14.1, Diff: 1.1, Sum: 27.1]
      [Code Root Scanning (ms): Min: 0.2, Avg: 0.2, Max: 0.2, Diff: 0.1, Sum: 0.4]
      [Object Copy (ms): Min: 51.1, Avg: 51.9, Max: 52.7, Diff: 1.7, Sum: 103.8]
      [Termination (ms): Min: 0.0, Avg: 0.0, Max: 0.0, Diff: 0.0, Sum: 0.0]
      [GC Worker Other (ms): Min: 0.2, Avg: 0.2, Max: 0.2, Diff: 0.0, Sum: 0.3]
      [GC Worker Total (ms): Min: 188.8, Avg: 188.8, Max: 188.8, Diff: 0.0, Sum: 377.6]
      [GC Worker End (ms): Min: 34233502.4, Avg: 34233502.4, Max: 34233502.4, Diff: 0.0]
   [Code Root Fixup: 0.3 ms]
   [Code Root Migration: 0.1 ms]
   [Clear CT: 0.5 ms]
   [Other: 8.6 ms]
      [Choose CSet: 0.0 ms]
      [Ref Proc: 4.5 ms]
      [Ref Enq: 0.3 ms]
      [Free CSet: 1.4 ms]
   [Eden: 678.0M(678.0M)->0.0B(428.0M) Survivors: 26.0M->58.0M Heap: 1824.0M(4096.0M)->1178.0M(4096.0M)]
 [Times: user=0.34 sys=0.00, real=0.20 secs] 
2016-08-30T23:06:53.544+0200: 34263.679: [GC pause (young), 0.1676180 secs]
   [Parallel Time: 157.9 ms, GC Workers: 2]
      [GC Worker Start (ms): Min: 34263680.2, Avg: 34263680.2, Max: 34263680.2, Diff: 0.0]
      [Ext Root Scanning (ms): Min: 49.3, Avg: 50.5, Max: 51.6, Diff: 2.3, Sum: 101.0]
      [Update RS (ms): Min: 33.0, Avg: 34.3, Max: 35.6, Diff: 2.7, Sum: 68.6]
         [Processed Buffers: Min: 246, Avg: 276.0, Max: 306, Diff: 60, Sum: 552]
      [Scan RS (ms): Min: 15.6, Avg: 15.8, Max: 15.9, Diff: 0.3, Sum: 31.5]
      [Code Root Scanning (ms): Min: 0.2, Avg: 0.2, Max: 0.2, Diff: 0.0, Sum: 0.3]
      [Object Copy (ms): Min: 56.9, Avg: 56.9, Max: 56.9, Diff: 0.0, Sum: 113.8]
      [Termination (ms): Min: 0.0, Avg: 0.0, Max: 0.0, Diff: 0.0, Sum: 0.0]
      [GC Worker Other (ms): Min: 0.1, Avg: 0.2, Max: 0.2, Diff: 0.0, Sum: 0.3]
      [GC Worker Total (ms): Min: 157.7, Avg: 157.8, Max: 157.8, Diff: 0.1, Sum: 315.6]
      [GC Worker End (ms): Min: 34263838.0, Avg: 34263838.0, Max: 34263838.0, Diff: 0.0]
   [Code Root Fixup: 0.4 ms]
   [Code Root Migration: 0.1 ms]
   [Clear CT: 0.6 ms]
   [Other: 8.6 ms]
      [Choose CSet: 0.0 ms]
      [Ref Proc: 4.4 ms]
      [Ref Enq: 0.4 ms]
      [Free CSet: 1.3 ms]
   [Eden: 428.0M(428.0M)->0.0B(554.0M) Survivors: 58.0M->30.0M Heap: 1606.0M(4096.0M)->1177.0M(4096.0M)]
 [Times: user=0.32 sys=0.00, real=0.17 secs] 
2016-08-30T23:07:31.448+0200: 34301.583: [GC pause (young), 0.1686580 secs]
   [Parallel Time: 160.1 ms, GC Workers: 2]
      [GC Worker Start (ms): Min: 34301584.1, Avg: 34301584.1, Max: 34301584.1, Diff: 0.0]
      [Ext Root Scanning (ms): Min: 50.9, Avg: 55.3, Max: 59.7, Diff: 8.8, Sum: 110.6]
      [Update RS (ms): Min: 40.7, Avg: 44.9, Max: 49.1, Diff: 8.4, Sum: 89.8]
         [Processed Buffers: Min: 272, Avg: 291.5, Max: 311, Diff: 39, Sum: 583]
      [Scan RS (ms): Min: 13.1, Avg: 13.3, Max: 13.5, Diff: 0.4, Sum: 26.6]
      [Code Root Scanning (ms): Min: 0.2, Avg: 0.2, Max: 0.2, Diff: 0.1, Sum: 0.4]
      [Object Copy (ms): Min: 46.0, Avg: 46.1, Max: 46.1, Diff: 0.1, Sum: 92.2]
      [Termination (ms): Min: 0.0, Avg: 0.0, Max: 0.0, Diff: 0.0, Sum: 0.0]
      [GC Worker Other (ms): Min: 0.2, Avg: 0.2, Max: 0.2, Diff: 0.0, Sum: 0.3]
      [GC Worker Total (ms): Min: 160.0, Avg: 160.0, Max: 160.0, Diff: 0.0, Sum: 320.0]
      [GC Worker End (ms): Min: 34301744.1, Avg: 34301744.1, Max: 34301744.1, Diff: 0.0]
   [Code Root Fixup: 0.3 ms]
   [Code Root Migration: 0.1 ms]
   [Clear CT: 0.5 ms]
   [Other: 7.7 ms]
      [Choose CSet: 0.0 ms]
      [Ref Proc: 3.9 ms]
      [Ref Enq: 0.3 ms]
      [Free CSet: 1.1 ms]
   [Eden: 554.0M(554.0M)->0.0B(524.0M) Survivors: 30.0M->50.0M Heap: 1731.0M(4096.0M)->1197.0M(4096.0M)]
 [Times: user=0.31 sys=0.00, real=0.17 secs] 
2016-08-30T23:08:06.260+0200: 34336.394: [GC pause (young), 0.1668760 secs]
   [Parallel Time: 156.1 ms, GC Workers: 2]
      [GC Worker Start (ms): Min: 34336395.7, Avg: 34336395.7, Max: 34336395.8, Diff: 0.1]
      [Ext Root Scanning (ms): Min: 49.0, Avg: 49.1, Max: 49.1, Diff: 0.2, Sum: 98.1]
      [Update RS (ms): Min: 34.4, Avg: 34.8, Max: 35.1, Diff: 0.8, Sum: 69.5]
         [Processed Buffers: Min: 226, Avg: 264.5, Max: 303, Diff: 77, Sum: 529]
      [Scan RS (ms): Min: 15.4, Avg: 15.6, Max: 15.9, Diff: 0.5, Sum: 31.3]
      [Code Root Scanning (ms): Min: 0.2, Avg: 0.2, Max: 0.2, Diff: 0.0, Sum: 0.3]
      [Object Copy (ms): Min: 56.1, Avg: 56.2, Max: 56.4, Diff: 0.3, Sum: 112.4]
      [Termination (ms): Min: 0.0, Avg: 0.0, Max: 0.0, Diff: 0.0, Sum: 0.0]
      [GC Worker Other (ms): Min: 0.1, Avg: 0.1, Max: 0.2, Diff: 0.1, Sum: 0.2]
      [GC Worker Total (ms): Min: 155.9, Avg: 156.0, Max: 156.0, Diff: 0.1, Sum: 311.9]
      [GC Worker End (ms): Min: 34336551.7, Avg: 34336551.7, Max: 34336551.7, Diff: 0.0]
   [Code Root Fixup: 0.4 ms]
   [Code Root Migration: 0.1 ms]
   [Clear CT: 0.5 ms]
   [Other: 9.8 ms]
      [Choose CSet: 0.0 ms]
      [Ref Proc: 5.2 ms]
      [Ref Enq: 0.4 ms]
      [Free CSet: 1.4 ms]
   [Eden: 490.0M(394.0M)->0.0B(676.0M) Survivors: 50.0M->34.0M Heap: 1687.0M(4096.0M)->1203.0M(4096.0M)]
 [Times: user=0.32 sys=0.00, real=0.17 secs] 
2016-08-30T23:08:50.955+0200: 34381.090: [GC pause (young), 0.1984750 secs]
   [Parallel Time: 188.9 ms, GC Workers: 2]
      [GC Worker Start (ms): Min: 34381091.5, Avg: 34381091.5, Max: 34381091.5, Diff: 0.0]
      [Ext Root Scanning (ms): Min: 72.0, Avg: 78.6, Max: 85.2, Diff: 13.2, Sum: 157.2]
      [Update RS (ms): Min: 47.2, Avg: 48.5, Max: 49.9, Diff: 2.7, Sum: 97.1]
         [Processed Buffers: Min: 399, Avg: 405.5, Max: 412, Diff: 13, Sum: 811]
      [Scan RS (ms): Min: 8.9, Avg: 8.9, Max: 8.9, Diff: 0.0, Sum: 17.8]
      [Code Root Scanning (ms): Min: 0.1, Avg: 0.1, Max: 0.1, Diff: 0.1, Sum: 0.2]
      [Object Copy (ms): Min: 47.4, Avg: 52.5, Max: 57.7, Diff: 10.4, Sum: 105.1]
      [Termination (ms): Min: 0.0, Avg: 0.0, Max: 0.0, Diff: 0.0, Sum: 0.0]
      [GC Worker Other (ms): Min: 0.1, Avg: 0.1, Max: 0.2, Diff: 0.1, Sum: 0.2]
      [GC Worker Total (ms): Min: 188.8, Avg: 188.8, Max: 188.8, Diff: 0.0, Sum: 377.7]
      [GC Worker End (ms): Min: 34381280.3, Avg: 34381280.3, Max: 34381280.3, Diff: 0.0]
   [Code Root Fixup: 0.3 ms]
   [Code Root Migration: 0.1 ms]
   [Clear CT: 0.4 ms]
   [Other: 8.8 ms]
      [Choose CSet: 0.0 ms]
      [Ref Proc: 4.4 ms]
      [Ref Enq: 0.3 ms]
      [Free CSet: 1.3 ms]
   [Eden: 676.0M(676.0M)->0.0B(326.0M) Survivors: 34.0M->78.0M Heap: 1879.0M(4096.0M)->1248.0M(4096.0M)]
 [Times: user=0.32 sys=0.00, real=0.20 secs] 
2016-08-30T23:09:12.323+0200: 34402.458: [GC pause (young), 0.1666710 secs]
   [Parallel Time: 159.4 ms, GC Workers: 2]
      [GC Worker Start (ms): Min: 34402459.3, Avg: 34402459.3, Max: 34402459.3, Diff: 0.0]
      [Ext Root Scanning (ms): Min: 51.2, Avg: 51.7, Max: 52.1, Diff: 0.9, Sum: 103.3]
      [Update RS (ms): Min: 35.2, Avg: 35.2, Max: 35.3, Diff: 0.1, Sum: 70.5]
         [Processed Buffers: Min: 298, Avg: 341.0, Max: 384, Diff: 86, Sum: 682]
      [Scan RS (ms): Min: 15.2, Avg: 15.7, Max: 16.2, Diff: 0.9, Sum: 31.4]
      [Code Root Scanning (ms): Min: 0.1, Avg: 0.1, Max: 0.2, Diff: 0.1, Sum: 0.3]
      [Object Copy (ms): Min: 55.6, Avg: 56.4, Max: 57.3, Diff: 1.7, Sum: 112.9]
      [Termination (ms): Min: 0.0, Avg: 0.0, Max: 0.0, Diff: 0.0, Sum: 0.0]
      [GC Worker Other (ms): Min: 0.2, Avg: 0.2, Max: 0.2, Diff: 0.0, Sum: 0.4]
      [GC Worker Total (ms): Min: 159.3, Avg: 159.4, Max: 159.4, Diff: 0.0, Sum: 318.7]
      [GC Worker End (ms): Min: 34402618.6, Avg: 34402618.6, Max: 34402618.6, Diff: 0.0]
   [Code Root Fixup: 0.3 ms]
   [Code Root Migration: 0.1 ms]
   [Clear CT: 0.4 ms]
   [Other: 6.5 ms]
      [Choose CSet: 0.0 ms]
      [Ref Proc: 2.4 ms]
      [Ref Enq: 0.2 ms]
      [Free CSet: 0.9 ms]
   [Eden: 326.0M(326.0M)->0.0B(536.0M) Survivors: 78.0M->36.0M Heap: 1574.0M(4096.0M)->1241.0M(4096.0M)]
 [Times: user=0.32 sys=0.00, real=0.16 secs] 
2016-08-30T23:09:47.052+0200: 34437.186: [GC pause (young), 0.2570900 secs]
   [Parallel Time: 249.1 ms, GC Workers: 2]
      [GC Worker Start (ms): Min: 34437188.9, Avg: 34437188.9, Max: 34437189.0, Diff: 0.0]
      [Ext Root Scanning (ms): Min: 92.2, Avg: 96.4, Max: 100.6, Diff: 8.4, Sum: 192.8]
      [Update RS (ms): Min: 65.3, Avg: 71.3, Max: 77.4, Diff: 12.1, Sum: 142.7]
         [Processed Buffers: Min: 356, Avg: 405.0, Max: 454, Diff: 98, Sum: 810]
      [Scan RS (ms): Min: 12.9, Avg: 13.0, Max: 13.1, Diff: 0.2, Sum: 26.0]
      [Code Root Scanning (ms): Min: 0.1, Avg: 0.1, Max: 0.1, Diff: 0.1, Sum: 0.2]
      [Object Copy (ms): Min: 65.6, Avg: 67.4, Max: 69.1, Diff: 3.5, Sum: 134.7]
      [Termination (ms): Min: 0.0, Avg: 0.1, Max: 0.1, Diff: 0.1, Sum: 0.1]
      [GC Worker Other (ms): Min: 0.0, Avg: 0.1, Max: 0.2, Diff: 0.1, Sum: 0.2]
      [GC Worker Total (ms): Min: 248.3, Avg: 248.4, Max: 248.4, Diff: 0.1, Sum: 496.8]
      [GC Worker End (ms): Min: 34437437.3, Avg: 34437437.3, Max: 34437437.3, Diff: 0.0]
   [Code Root Fixup: 0.2 ms]
   [Code Root Migration: 0.1 ms]
   [Clear CT: 0.6 ms]
   [Other: 7.1 ms]
      [Choose CSet: 0.0 ms]
      [Ref Proc: 3.1 ms]
      [Ref Enq: 0.2 ms]
      [Free CSet: 0.9 ms]
   [Eden: 536.0M(536.0M)->0.0B(138.0M) Survivors: 36.0M->66.0M Heap: 1777.0M(4096.0M)->1270.0M(4096.0M)]
 [Times: user=0.25 sys=0.00, real=0.26 secs] 
2016-08-30T23:09:55.793+0200: 34445.928: [GC pause (young), 0.1954480 secs]
   [Parallel Time: 189.5 ms, GC Workers: 2]
      [GC Worker Start (ms): Min: 34445930.1, Avg: 34445932.1, Max: 34445934.2, Diff: 4.1]
      [Ext Root Scanning (ms): Min: 66.9, Avg: 81.6, Max: 96.3, Diff: 29.4, Sum: 163.3]
      [Update RS (ms): Min: 12.4, Avg: 28.4, Max: 44.5, Diff: 32.1, Sum: 56.8]
         [Processed Buffers: Min: 24, Avg: 260.5, Max: 497, Diff: 473, Sum: 521]
      [Scan RS (ms): Min: 17.5, Avg: 17.8, Max: 18.2, Diff: 0.7, Sum: 35.7]
      [Code Root Scanning (ms): Min: 0.1, Avg: 0.1, Max: 0.1, Diff: 0.0, Sum: 0.1]
      [Object Copy (ms): Min: 56.3, Avg: 59.4, Max: 62.5, Diff: 6.2, Sum: 118.8]
      [Termination (ms): Min: 0.0, Avg: 0.0, Max: 0.0, Diff: 0.0, Sum: 0.0]
      [GC Worker Other (ms): Min: 0.1, Avg: 0.1, Max: 0.1, Diff: 0.0, Sum: 0.1]
      [GC Worker Total (ms): Min: 185.4, Avg: 187.4, Max: 189.5, Diff: 4.1, Sum: 374.9]
      [GC Worker End (ms): Min: 34446119.5, Avg: 34446119.5, Max: 34446119.5, Diff: 0.0]
   [Code Root Fixup: 0.4 ms]
   [Code Root Migration: 0.0 ms]
   [Clear CT: 0.4 ms]
   [Other: 5.2 ms]
      [Choose CSet: 0.0 ms]
      [Ref Proc: 1.1 ms]
      [Ref Enq: 0.1 ms]
      [Free CSet: 0.5 ms]
   [Eden: 138.0M(138.0M)->0.0B(190.0M) Survivors: 66.0M->14.0M Heap: 1408.0M(4096.0M)->1253.0M(4096.0M)]
 [Times: user=0.25 sys=0.00, real=0.20 secs] 
2016-08-30T23:10:11.311+0200: 34461.445: [GC pause (young), 0.1198330 secs]
   [Parallel Time: 114.1 ms, GC Workers: 2]
      [GC Worker Start (ms): Min: 34461446.4, Avg: 34461446.4, Max: 34461446.4, Diff: 0.0]
      [Ext Root Scanning (ms): Min: 50.0, Avg: 50.0, Max: 50.0, Diff: 0.0, Sum: 100.0]
      [Update RS (ms): Min: 32.3, Avg: 32.4, Max: 32.5, Diff: 0.2, Sum: 64.8]
         [Processed Buffers: Min: 258, Avg: 291.0, Max: 324, Diff: 66, Sum: 582]
      [Scan RS (ms): Min: 4.8, Avg: 5.1, Max: 5.4, Diff: 0.5, Sum: 10.2]
      [Code Root Scanning (ms): Min: 0.0, Avg: 0.1, Max: 0.1, Diff: 0.0, Sum: 0.1]
      [Object Copy (ms): Min: 26.2, Avg: 26.3, Max: 26.5, Diff: 0.4, Sum: 52.7]
      [Termination (ms): Min: 0.0, Avg: 0.0, Max: 0.0, Diff: 0.0, Sum: 0.0]
      [GC Worker Other (ms): Min: 0.1, Avg: 0.1, Max: 0.1, Diff: 0.0, Sum: 0.1]
      [GC Worker Total (ms): Min: 114.0, Avg: 114.0, Max: 114.0, Diff: 0.0, Sum: 228.0]
      [GC Worker End (ms): Min: 34461560.4, Avg: 34461560.4, Max: 34461560.4, Diff: 0.0]
   [Code Root Fixup: 0.4 ms]
   [Code Root Migration: 0.0 ms]
   [Clear CT: 0.4 ms]
   [Other: 5.0 ms]
      [Choose CSet: 0.0 ms]
      [Ref Proc: 1.8 ms]
      [Ref Enq: 0.1 ms]
      [Free CSet: 0.6 ms]
   [Eden: 190.0M(190.0M)->0.0B(290.0M) Survivors: 14.0M->22.0M Heap: 1443.0M(4096.0M)->1260.0M(4096.0M)]
 [Times: user=0.24 sys=0.00, real=0.13 secs] 
2016-08-30T23:10:31.776+0200: 34481.910: [GC pause (young), 0.1280330 secs]
   [Parallel Time: 121.2 ms, GC Workers: 2]
      [GC Worker Start (ms): Min: 34481911.3, Avg: 34481911.3, Max: 34481911.4, Diff: 0.0]
      [Ext Root Scanning (ms): Min: 48.2, Avg: 48.3, Max: 48.3, Diff: 0.1, Sum: 96.5]
      [Update RS (ms): Min: 29.4, Avg: 29.9, Max: 30.4, Diff: 1.0, Sum: 59.8]
         [Processed Buffers: Min: 267, Avg: 278.5, Max: 290, Diff: 23, Sum: 557]
      [Scan RS (ms): Min: 9.5, Avg: 9.7, Max: 10.0, Diff: 0.5, Sum: 19.4]
      [Code Root Scanning (ms): Min: 0.1, Avg: 0.1, Max: 0.1, Diff: 0.1, Sum: 0.2]
      [Object Copy (ms): Min: 32.9, Avg: 33.0, Max: 33.0, Diff: 0.2, Sum: 65.9]
      [Termination (ms): Min: 0.0, Avg: 0.0, Max: 0.0, Diff: 0.0, Sum: 0.0]
      [GC Worker Other (ms): Min: 0.1, Avg: 0.1, Max: 0.2, Diff: 0.1, Sum: 0.2]
      [GC Worker Total (ms): Min: 121.1, Avg: 121.1, Max: 121.1, Diff: 0.0, Sum: 242.2]
      [GC Worker End (ms): Min: 34482032.4, Avg: 34482032.4, Max: 34482032.4, Diff: 0.0]
   [Code Root Fixup: 0.4 ms]
   [Code Root Migration: 0.1 ms]
   [Clear CT: 0.5 ms]
   [Other: 5.9 ms]
      [Choose CSet: 0.0 ms]
      [Ref Proc: 2.5 ms]
      [Ref Enq: 0.2 ms]
      [Free CSet: 0.9 ms]
   [Eden: 290.0M(290.0M)->0.0B(470.0M) Survivors: 22.0M->28.0M Heap: 1550.0M(4096.0M)->1266.0M(4096.0M)]
 [Times: user=0.24 sys=0.00, real=0.13 secs] 
2016-08-30T23:10:55.758+0200: 34505.892: [GC pause (young), 0.1569680 secs]
   [Parallel Time: 148.9 ms, GC Workers: 2]
      [GC Worker Start (ms): Min: 34505893.7, Avg: 34505895.0, Max: 34505896.4, Diff: 2.7]
      [Ext Root Scanning (ms): Min: 51.5, Avg: 52.2, Max: 52.9, Diff: 1.4, Sum: 104.4]
      [Update RS (ms): Min: 33.8, Avg: 34.7, Max: 35.7, Diff: 1.8, Sum: 69.5]
         [Processed Buffers: Min: 270, Avg: 278.0, Max: 286, Diff: 16, Sum: 556]
      [Scan RS (ms): Min: 12.0, Avg: 12.1, Max: 12.3, Diff: 0.3, Sum: 24.3]
      [Code Root Scanning (ms): Min: 0.1, Avg: 0.1, Max: 0.2, Diff: 0.1, Sum: 0.3]
      [Object Copy (ms): Min: 47.6, Avg: 48.1, Max: 48.5, Diff: 0.9, Sum: 96.1]
      [Termination (ms): Min: 0.0, Avg: 0.0, Max: 0.0, Diff: 0.0, Sum: 0.0]
      [GC Worker Other (ms): Min: 0.1, Avg: 0.1, Max: 0.2, Diff: 0.1, Sum: 0.2]
      [GC Worker Total (ms): Min: 146.1, Avg: 147.4, Max: 148.7, Diff: 2.7, Sum: 294.8]
      [GC Worker End (ms): Min: 34506042.4, Avg: 34506042.4, Max: 34506042.4, Diff: 0.0]
   [Code Root Fixup: 0.4 ms]
   [Code Root Migration: 0.1 ms]
   [Clear CT: 0.5 ms]
   [Other: 7.2 ms]
      [Choose CSet: 0.0 ms]
      [Ref Proc: 3.5 ms]
      [Ref Enq: 0.3 ms]
      [Free CSet: 1.0 ms]
   [Eden: 348.0M(304.0M)->0.0B(542.0M) Survivors: 28.0M->34.0M Heap: 1614.0M(4096.0M)->1280.8M(4096.0M)]
 [Times: user=0.30 sys=0.00, real=0.15 secs] 
2016-08-30T23:11:14.643+0200: 34524.778: [GC pause (young), 0.1705130 secs]
   [Parallel Time: 161.3 ms, GC Workers: 2]
      [GC Worker Start (ms): Min: 34524779.4, Avg: 34524779.4, Max: 34524779.4, Diff: 0.0]
      [Ext Root Scanning (ms): Min: 49.4, Avg: 49.7, Max: 50.0, Diff: 0.6, Sum: 99.3]
      [Update RS (ms): Min: 34.7, Avg: 34.9, Max: 35.0, Diff: 0.3, Sum: 69.7]
         [Processed Buffers: Min: 383, Avg: 387.0, Max: 391, Diff: 8, Sum: 774]
      [Scan RS (ms): Min: 13.3, Avg: 13.6, Max: 13.8, Diff: 0.5, Sum: 27.1]
      [Code Root Scanning (ms): Min: 0.1, Avg: 0.1, Max: 0.1, Diff: 0.0, Sum: 0.3]
      [Object Copy (ms): Min: 62.4, Avg: 62.9, Max: 63.4, Diff: 1.0, Sum: 125.8]
      [Termination (ms): Min: 0.0, Avg: 0.0, Max: 0.0, Diff: 0.0, Sum: 0.0]
      [GC Worker Other (ms): Min: 0.1, Avg: 0.1, Max: 0.2, Diff: 0.1, Sum: 0.2]
      [GC Worker Total (ms): Min: 161.2, Avg: 161.2, Max: 161.2, Diff: 0.0, Sum: 322.4]
      [GC Worker End (ms): Min: 34524940.6, Avg: 34524940.6, Max: 34524940.6, Diff: 0.0]
   [Code Root Fixup: 0.4 ms]
   [Code Root Migration: 0.1 ms]
   [Clear CT: 0.5 ms]
   [Other: 8.2 ms]
      [Choose CSet: 0.0 ms]
      [Ref Proc: 3.6 ms]
      [Ref Enq: 0.4 ms]
      [Free CSet: 1.1 ms]
   [Eden: 342.0M(342.0M)->0.0B(398.0M) Survivors: 34.0M->48.0M Heap: 1622.8M(4096.0M)->1324.0M(4096.0M)]
 [Times: user=0.33 sys=0.00, real=0.17 secs] 
2016-08-30T23:11:43.292+0200: 34553.427: [GC pause (young), 0.1866160 secs]
   [Parallel Time: 179.1 ms, GC Workers: 2]
      [GC Worker Start (ms): Min: 34553428.4, Avg: 34553430.2, Max: 34553432.0, Diff: 3.6]
      [Ext Root Scanning (ms): Min: 53.5, Avg: 57.4, Max: 61.2, Diff: 7.6, Sum: 114.7]
      [Update RS (ms): Min: 38.9, Avg: 41.0, Max: 43.0, Diff: 4.1, Sum: 82.0]
         [Processed Buffers: Min: 372, Avg: 375.5, Max: 379, Diff: 7, Sum: 751]
      [Scan RS (ms): Min: 12.2, Avg: 13.0, Max: 13.7, Diff: 1.5, Sum: 26.0]
      [Code Root Scanning (ms): Min: 0.1, Avg: 0.2, Max: 0.2, Diff: 0.1, Sum: 0.3]
      [Object Copy (ms): Min: 64.8, Avg: 65.6, Max: 66.4, Diff: 1.6, Sum: 131.3]
      [Termination (ms): Min: 0.0, Avg: 0.0, Max: 0.0, Diff: 0.0, Sum: 0.0]
      [GC Worker Other (ms): Min: 0.0, Avg: 0.1, Max: 0.2, Diff: 0.2, Sum: 0.3]
      [GC Worker Total (ms): Min: 175.5, Avg: 177.2, Max: 179.0, Diff: 3.6, Sum: 354.5]
      [GC Worker End (ms): Min: 34553607.4, Avg: 34553607.4, Max: 34553607.4, Diff: 0.0]
   [Code Root Fixup: 0.3 ms]
   [Code Root Migration: 0.1 ms]
   [Clear CT: 0.5 ms]
   [Other: 6.8 ms]
      [Choose CSet: 0.0 ms]
      [Ref Proc: 2.6 ms]
      [Ref Enq: 0.2 ms]
      [Free CSet: 0.9 ms]
   [Eden: 398.0M(398.0M)->0.0B(258.0M) Survivors: 48.0M->46.0M Heap: 1722.0M(4096.0M)->1367.0M(4096.0M)]
 [Times: user=0.36 sys=0.00, real=0.19 secs] 
2016-08-30T23:12:03.607+0200: 34573.742: [GC pause (young), 0.1441710 secs]
   [Parallel Time: 131.5 ms, GC Workers: 2]
      [GC Worker Start (ms): Min: 34573743.1, Avg: 34573744.2, Max: 34573745.2, Diff: 2.1]
      [Ext Root Scanning (ms): Min: 53.6, Avg: 54.1, Max: 54.7, Diff: 1.1, Sum: 108.3]
      [Update RS (ms): Min: 27.7, Avg: 28.0, Max: 28.3, Diff: 0.6, Sum: 55.9]
         [Processed Buffers: Min: 241, Avg: 266.5, Max: 292, Diff: 51, Sum: 533]
      [Scan RS (ms): Min: 10.3, Avg: 10.3, Max: 10.4, Diff: 0.1, Sum: 20.6]
      [Code Root Scanning (ms): Min: 0.1, Avg: 0.1, Max: 0.1, Diff: 0.0, Sum: 0.2]
      [Object Copy (ms): Min: 37.4, Avg: 37.7, Max: 37.9, Diff: 0.5, Sum: 75.3]
      [Termination (ms): Min: 0.0, Avg: 0.0, Max: 0.0, Diff: 0.0, Sum: 0.0]
      [GC Worker Other (ms): Min: 0.2, Avg: 0.2, Max: 0.2, Diff: 0.0, Sum: 0.4]
      [GC Worker Total (ms): Min: 129.3, Avg: 130.4, Max: 131.4, Diff: 2.1, Sum: 260.7]
      [GC Worker End (ms): Min: 34573874.5, Avg: 34573874.5, Max: 34573874.5, Diff: 0.0]
   [Code Root Fixup: 0.5 ms]
   [Code Root Migration: 0.1 ms]
   [Clear CT: 0.5 ms]
   [Other: 11.7 ms]
      [Choose CSet: 0.0 ms]
      [Ref Proc: 2.8 ms]
      [Ref Enq: 0.2 ms]
      [Free CSet: 0.9 ms]
   [Eden: 258.0M(258.0M)->0.0B(818.0M) Survivors: 46.0M->20.0M Heap: 1625.0M(4096.0M)->1357.0M(4096.0M)]
 [Times: user=0.26 sys=0.00, real=0.15 secs] 
2016-08-30T23:12:47.627+0200: 34617.762: [GC pause (young), 0.3218020 secs]
   [Parallel Time: 313.8 ms, GC Workers: 2]
      [GC Worker Start (ms): Min: 34617762.6, Avg: 34617762.6, Max: 34617762.6, Diff: 0.0]
      [Ext Root Scanning (ms): Min: 80.8, Avg: 90.0, Max: 99.2, Diff: 18.4, Sum: 180.0]
      [Update RS (ms): Min: 69.6, Avg: 83.0, Max: 96.5, Diff: 27.0, Sum: 166.1]
         [Processed Buffers: Min: 309, Avg: 396.5, Max: 484, Diff: 175, Sum: 793]
      [Scan RS (ms): Min: 20.8, Avg: 25.2, Max: 29.6, Diff: 8.8, Sum: 50.4]
      [Code Root Scanning (ms): Min: 0.1, Avg: 0.1, Max: 0.1, Diff: 0.1, Sum: 0.2]
      [Object Copy (ms): Min: 104.5, Avg: 113.3, Max: 122.1, Diff: 17.6, Sum: 226.6]
      [Termination (ms): Min: 0.0, Avg: 1.0, Max: 2.1, Diff: 2.1, Sum: 2.1]
      [GC Worker Other (ms): Min: 0.1, Avg: 0.1, Max: 0.1, Diff: 0.0, Sum: 0.2]
      [GC Worker Total (ms): Min: 311.8, Avg: 312.8, Max: 313.8, Diff: 2.0, Sum: 625.5]
      [GC Worker End (ms): Min: 34618074.4, Avg: 34618075.4, Max: 34618076.3, Diff: 2.0]
   [Code Root Fixup: 0.4 ms]
   [Code Root Migration: 0.1 ms]
   [Clear CT: 0.6 ms]
   [Other: 6.9 ms]
      [Choose CSet: 0.0 ms]
      [Ref Proc: 3.6 ms]
      [Ref Enq: 0.3 ms]
      [Free CSet: 1.1 ms]
   [Eden: 640.0M(640.0M)->0.0B(136.0M) Survivors: 20.0M->68.0M Heap: 1997.0M(4096.0M)->1405.0M(4096.0M)]
 [Times: user=0.20 sys=0.00, real=0.32 secs] 
2016-08-30T23:12:59.440+0200: 34629.575: [GC pause (young), 0.1439100 secs]
   [Parallel Time: 138.3 ms, GC Workers: 2]
      [GC Worker Start (ms): Min: 34629575.6, Avg: 34629575.9, Max: 34629576.3, Diff: 0.7]
      [Ext Root Scanning (ms): Min: 49.2, Avg: 49.4, Max: 49.5, Diff: 0.3, Sum: 98.7]
      [Update RS (ms): Min: 33.8, Avg: 34.4, Max: 35.1, Diff: 1.3, Sum: 68.9]
         [Processed Buffers: Min: 190, Avg: 250.5, Max: 311, Diff: 121, Sum: 501]
      [Scan RS (ms): Min: 11.9, Avg: 12.3, Max: 12.7, Diff: 0.8, Sum: 24.6]
      [Code Root Scanning (ms): Min: 0.0, Avg: 0.1, Max: 0.1, Diff: 0.0, Sum: 0.1]
      [Object Copy (ms): Min: 41.3, Avg: 41.7, Max: 42.1, Diff: 0.8, Sum: 83.4]
      [Termination (ms): Min: 0.0, Avg: 0.0, Max: 0.0, Diff: 0.0, Sum: 0.0]
      [GC Worker Other (ms): Min: 0.1, Avg: 0.1, Max: 0.1, Diff: 0.0, Sum: 0.1]
      [GC Worker Total (ms): Min: 137.6, Avg: 137.9, Max: 138.3, Diff: 0.7, Sum: 275.8]
      [GC Worker End (ms): Min: 34629713.8, Avg: 34629713.8, Max: 34629713.8, Diff: 0.0]
   [Code Root Fixup: 0.6 ms]
   [Code Root Migration: 0.0 ms]
   [Clear CT: 0.5 ms]
   [Other: 4.5 ms]
      [Choose CSet: 0.0 ms]
      [Ref Proc: 1.6 ms]
      [Ref Enq: 0.1 ms]
      [Free CSet: 0.6 ms]
   [Eden: 136.0M(136.0M)->0.0B(194.0M) Survivors: 68.0M->10.0M Heap: 1541.0M(4096.0M)->1377.0M(4096.0M)]
 [Times: user=0.26 sys=0.01, real=0.14 secs] 
2016-08-30T23:13:12.395+0200: 34642.529: [GC pause (young), 0.1376320 secs]
   [Parallel Time: 131.1 ms, GC Workers: 2]
      [GC Worker Start (ms): Min: 34642530.5, Avg: 34642530.5, Max: 34642530.6, Diff: 0.1]
      [Ext Root Scanning (ms): Min: 50.4, Avg: 51.8, Max: 53.3, Diff: 2.9, Sum: 103.7]
      [Update RS (ms): Min: 34.6, Avg: 36.4, Max: 38.2, Diff: 3.7, Sum: 72.8]
         [Processed Buffers: Min: 338, Avg: 348.5, Max: 359, Diff: 21, Sum: 697]
      [Scan RS (ms): Min: 3.9, Avg: 4.2, Max: 4.5, Diff: 0.6, Sum: 8.4]
      [Code Root Scanning (ms): Min: 0.1, Avg: 0.1, Max: 0.1, Diff: 0.0, Sum: 0.1]
      [Object Copy (ms): Min: 38.4, Avg: 38.4, Max: 38.4, Diff: 0.0, Sum: 76.8]
      [Termination (ms): Min: 0.0, Avg: 0.0, Max: 0.0, Diff: 0.0, Sum: 0.0]
      [GC Worker Other (ms): Min: 0.1, Avg: 0.1, Max: 0.1, Diff: 0.0, Sum: 0.1]
      [GC Worker Total (ms): Min: 130.9, Avg: 131.0, Max: 131.0, Diff: 0.1, Sum: 261.9]
      [GC Worker End (ms): Min: 34642661.5, Avg: 34642661.5, Max: 34642661.5, Diff: 0.0]
   [Code Root Fixup: 0.4 ms]
   [Code Root Migration: 0.0 ms]
   [Clear CT: 0.4 ms]
   [Other: 5.7 ms]
      [Choose CSet: 0.0 ms]
      [Ref Proc: 2.1 ms]
      [Ref Enq: 0.2 ms]
      [Free CSet: 0.6 ms]
   [Eden: 194.0M(194.0M)->0.0B(198.0M) Survivors: 10.0M->26.0M Heap: 1571.0M(4096.0M)->1398.0M(4096.0M)]
 [Times: user=0.25 sys=0.00, real=0.14 secs] 
2016-08-30T23:13:29.979+0200: 34660.114: [GC pause (young), 0.1297950 secs]
   [Parallel Time: 123.5 ms, GC Workers: 2]
      [GC Worker Start (ms): Min: 34660114.7, Avg: 34660114.7, Max: 34660114.7, Diff: 0.0]
      [Ext Root Scanning (ms): Min: 50.0, Avg: 50.2, Max: 50.5, Diff: 0.5, Sum: 100.5]
      [Update RS (ms): Min: 28.4, Avg: 29.2, Max: 30.1, Diff: 1.7, Sum: 58.4]
         [Processed Buffers: Min: 258, Avg: 281.0, Max: 304, Diff: 46, Sum: 562]
      [Scan RS (ms): Min: 7.6, Avg: 8.3, Max: 9.0, Diff: 1.4, Sum: 16.6]
      [Code Root Scanning (ms): Min: 0.0, Avg: 0.1, Max: 0.1, Diff: 0.1, Sum: 0.1]
      [Object Copy (ms): Min: 35.0, Avg: 35.4, Max: 35.8, Diff: 0.7, Sum: 70.8]
      [Termination (ms): Min: 0.0, Avg: 0.0, Max: 0.0, Diff: 0.0, Sum: 0.0]
      [GC Worker Other (ms): Min: 0.2, Avg: 0.2, Max: 0.2, Diff: 0.0, Sum: 0.4]
      [GC Worker Total (ms): Min: 123.4, Avg: 123.4, Max: 123.4, Diff: 0.0, Sum: 246.8]
      [GC Worker End (ms): Min: 34660238.1, Avg: 34660238.1, Max: 34660238.1, Diff: 0.0]
   [Code Root Fixup: 0.4 ms]
   [Code Root Migration: 0.0 ms]
   [Clear CT: 0.5 ms]
   [Other: 5.4 ms]
      [Choose CSet: 0.0 ms]
      [Ref Proc: 2.2 ms]
      [Ref Enq: 0.2 ms]
      [Free CSet: 0.7 ms]
   [Eden: 198.0M(198.0M)->0.0B(498.0M) Survivors: 26.0M->14.0M Heap: 1596.0M(4096.0M)->1411.0M(4096.0M)]
 [Times: user=0.25 sys=0.00, real=0.13 secs] 
2016-08-30T23:14:01.634+0200: 34691.769: [GC pause (young), 0.1422090 secs]
   [Parallel Time: 133.2 ms, GC Workers: 2]
      [GC Worker Start (ms): Min: 34691769.9, Avg: 34691770.0, Max: 34691770.0, Diff: 0.0]
      [Ext Root Scanning (ms): Min: 48.9, Avg: 49.2, Max: 49.5, Diff: 0.6, Sum: 98.4]
      [Update RS (ms): Min: 37.4, Avg: 37.8, Max: 38.2, Diff: 0.8, Sum: 75.6]
         [Processed Buffers: Min: 279, Avg: 283.5, Max: 288, Diff: 9, Sum: 567]
      [Scan RS (ms): Min: 8.8, Avg: 9.0, Max: 9.2, Diff: 0.4, Sum: 18.0]
      [Code Root Scanning (ms): Min: 0.1, Avg: 0.1, Max: 0.2, Diff: 0.1, Sum: 0.3]
      [Object Copy (ms): Min: 36.6, Avg: 36.8, Max: 36.9, Diff: 0.3, Sum: 73.6]
      [Termination (ms): Min: 0.0, Avg: 0.0, Max: 0.0, Diff: 0.0, Sum: 0.0]
      [GC Worker Other (ms): Min: 0.1, Avg: 0.1, Max: 0.1, Diff: 0.0, Sum: 0.3]
      [GC Worker Total (ms): Min: 133.0, Avg: 133.0, Max: 133.1, Diff: 0.0, Sum: 266.1]
      [GC Worker End (ms): Min: 34691903.0, Avg: 34691903.0, Max: 34691903.0, Diff: 0.0]
   [Code Root Fixup: 0.4 ms]
   [Code Root Migration: 0.1 ms]
   [Clear CT: 0.5 ms]
   [Other: 8.0 ms]
      [Choose CSet: 0.0 ms]
      [Ref Proc: 4.2 ms]
      [Ref Enq: 0.4 ms]
      [Free CSet: 1.2 ms]
   [Eden: 410.0M(410.0M)->0.0B(458.0M) Survivors: 14.0M->32.0M Heap: 1821.0M(4096.0M)->1429.0M(4096.0M)]
 [Times: user=0.27 sys=0.00, real=0.15 secs] 
2016-08-30T23:14:22.983+0200: 34713.117: [GC pause (young), 0.1469860 secs]
   [Parallel Time: 138.3 ms, GC Workers: 2]
      [GC Worker Start (ms): Min: 34713118.4, Avg: 34713118.4, Max: 34713118.4, Diff: 0.0]
      [Ext Root Scanning (ms): Min: 49.2, Avg: 49.8, Max: 50.4, Diff: 1.2, Sum: 99.5]
      [Update RS (ms): Min: 31.2, Avg: 31.4, Max: 31.7, Diff: 0.5, Sum: 62.9]
         [Processed Buffers: Min: 243, Avg: 247.0, Max: 251, Diff: 8, Sum: 494]
      [Scan RS (ms): Min: 11.8, Avg: 11.9, Max: 12.0, Diff: 0.2, Sum: 23.8]
      [Code Root Scanning (ms): Min: 0.1, Avg: 0.1, Max: 0.1, Diff: 0.0, Sum: 0.2]
      [Object Copy (ms): Min: 44.3, Avg: 44.8, Max: 45.2, Diff: 0.8, Sum: 89.5]
      [Termination (ms): Min: 0.0, Avg: 0.0, Max: 0.0, Diff: 0.0, Sum: 0.0]
      [GC Worker Other (ms): Min: 0.2, Avg: 0.2, Max: 0.2, Diff: 0.0, Sum: 0.3]
      [GC Worker Total (ms): Min: 138.2, Avg: 138.2, Max: 138.2, Diff: 0.0, Sum: 276.3]
      [GC Worker End (ms): Min: 34713256.6, Avg: 34713256.6, Max: 34713256.6, Diff: 0.0]
   [Code Root Fixup: 0.5 ms]
   [Code Root Migration: 0.1 ms]
   [Clear CT: 0.5 ms]
   [Other: 7.6 ms]
      [Choose CSet: 0.0 ms]
      [Ref Proc: 4.0 ms]
      [Ref Enq: 0.3 ms]
      [Free CSet: 1.0 ms]
   [Eden: 300.0M(280.0M)->0.0B(656.0M) Survivors: 32.0M->26.0M Heap: 1729.0M(4096.0M)->1444.0M(4096.0M)]
 [Times: user=0.28 sys=0.00, real=0.15 secs] 
2016-08-30T23:15:02.301+0200: 34752.436: [GC pause (young), 0.1498390 secs]
   [Parallel Time: 138.3 ms, GC Workers: 2]
      [GC Worker Start (ms): Min: 34752437.1, Avg: 34752437.7, Max: 34752438.2, Diff: 1.1]
      [Ext Root Scanning (ms): Min: 48.8, Avg: 49.0, Max: 49.2, Diff: 0.4, Sum: 97.9]
      [Update RS (ms): Min: 38.5, Avg: 38.6, Max: 38.7, Diff: 0.2, Sum: 77.1]
         [Processed Buffers: Min: 262, Avg: 265.0, Max: 268, Diff: 6, Sum: 530]
      [Scan RS (ms): Min: 10.8, Avg: 10.8, Max: 10.8, Diff: 0.0, Sum: 21.5]
      [Code Root Scanning (ms): Min: 0.1, Avg: 0.2, Max: 0.2, Diff: 0.0, Sum: 0.3]
      [Object Copy (ms): Min: 38.7, Avg: 39.1, Max: 39.5, Diff: 0.8, Sum: 78.1]
      [Termination (ms): Min: 0.0, Avg: 0.0, Max: 0.0, Diff: 0.0, Sum: 0.0]
      [GC Worker Other (ms): Min: 0.0, Avg: 0.1, Max: 0.1, Diff: 0.1, Sum: 0.2]
      [GC Worker Total (ms): Min: 137.1, Avg: 137.6, Max: 138.2, Diff: 1.1, Sum: 275.3]
      [GC Worker End (ms): Min: 34752575.3, Avg: 34752575.3, Max: 34752575.3, Diff: 0.0]
   [Code Root Fixup: 0.6 ms]
   [Code Root Migration: 0.1 ms]
   [Clear CT: 0.6 ms]
   [Other: 10.3 ms]
      [Choose CSet: 0.0 ms]
      [Ref Proc: 5.8 ms]
      [Ref Enq: 0.4 ms]
      [Free CSet: 1.7 ms]
   [Eden: 484.0M(484.0M)->0.0B(736.0M) Survivors: 26.0M->32.0M Heap: 1928.0M(4096.0M)->1449.0M(4096.0M)]
 [Times: user=0.29 sys=0.00, real=0.15 secs] 
2016-08-30T23:15:39.933+0200: 34790.068: [GC pause (young), 0.1623080 secs]
   [Parallel Time: 155.0 ms, GC Workers: 2]
      [GC Worker Start (ms): Min: 34790069.1, Avg: 34790069.2, Max: 34790069.2, Diff: 0.0]
      [Ext Root Scanning (ms): Min: 58.1, Avg: 58.2, Max: 58.2, Diff: 0.2, Sum: 116.3]
      [Update RS (ms): Min: 36.7, Avg: 36.9, Max: 37.0, Diff: 0.3, Sum: 73.7]
         [Processed Buffers: Min: 233, Avg: 263.5, Max: 294, Diff: 61, Sum: 527]
      [Scan RS (ms): Min: 13.8, Avg: 13.8, Max: 13.8, Diff: 0.0, Sum: 27.5]
      [Code Root Scanning (ms): Min: 0.2, Avg: 0.2, Max: 0.2, Diff: 0.0, Sum: 0.4]
      [Object Copy (ms): Min: 45.7, Avg: 45.8, Max: 45.9, Diff: 0.1, Sum: 91.6]
      [Termination (ms): Min: 0.0, Avg: 0.0, Max: 0.0, Diff: 0.0, Sum: 0.0]
      [GC Worker Other (ms): Min: 0.1, Avg: 0.2, Max: 0.2, Diff: 0.0, Sum: 0.3]
      [GC Worker Total (ms): Min: 154.9, Avg: 154.9, Max: 154.9, Diff: 0.0, Sum: 309.8]
      [GC Worker End (ms): Min: 34790224.1, Avg: 34790224.1, Max: 34790224.1, Diff: 0.0]
   [Code Root Fixup: 0.3 ms]
   [Code Root Migration: 0.1 ms]
   [Clear CT: 0.5 ms]
   [Other: 6.5 ms]
      [Choose CSet: 0.0 ms]
      [Ref Proc: 2.9 ms]
      [Ref Enq: 0.2 ms]
      [Free CSet: 1.1 ms]
   [Eden: 438.0M(438.0M)->0.0B(712.0M) Survivors: 32.0M->44.0M Heap: 1887.0M(4096.0M)->1461.0M(4096.0M)]
 [Times: user=0.30 sys=0.00, real=0.16 secs] 
2016-08-30T23:16:06.236+0200: 34816.370: [GC pause (young), 0.1637000 secs]
   [Parallel Time: 154.0 ms, GC Workers: 2]
      [GC Worker Start (ms): Min: 34816371.8, Avg: 34816371.8, Max: 34816371.9, Diff: 0.1]
      [Ext Root Scanning (ms): Min: 48.7, Avg: 49.2, Max: 49.6, Diff: 0.9, Sum: 98.3]
      [Update RS (ms): Min: 32.8, Avg: 33.1, Max: 33.4, Diff: 0.7, Sum: 66.2]
         [Processed Buffers: Min: 265, Avg: 274.0, Max: 283, Diff: 18, Sum: 548]
      [Scan RS (ms): Min: 14.9, Avg: 14.9, Max: 14.9, Diff: 0.0, Sum: 29.8]
      [Code Root Scanning (ms): Min: 0.1, Avg: 0.1, Max: 0.2, Diff: 0.1, Sum: 0.3]
      [Object Copy (ms): Min: 56.4, Avg: 56.5, Max: 56.6, Diff: 0.2, Sum: 113.0]
      [Termination (ms): Min: 0.0, Avg: 0.0, Max: 0.0, Diff: 0.0, Sum: 0.0]
      [GC Worker Other (ms): Min: 0.1, Avg: 0.2, Max: 0.2, Diff: 0.0, Sum: 0.3]
      [GC Worker Total (ms): Min: 153.9, Avg: 153.9, Max: 154.0, Diff: 0.1, Sum: 307.9]
      [GC Worker End (ms): Min: 34816525.8, Avg: 34816525.8, Max: 34816525.8, Diff: 0.0]
   [Code Root Fixup: 0.4 ms]
   [Code Root Migration: 0.1 ms]
   [Clear CT: 0.6 ms]
   [Other: 8.5 ms]
      [Choose CSet: 0.0 ms]
      [Ref Proc: 4.1 ms]
      [Ref Enq: 0.4 ms]
      [Free CSet: 1.2 ms]
   [Eden: 406.0M(406.0M)->0.0B(638.0M) Survivors: 44.0M->44.0M Heap: 1867.0M(4096.0M)->1474.9M(4096.0M)]
 [Times: user=0.31 sys=0.00, real=0.16 secs] 
2016-08-30T23:16:41.258+0200: 34851.393: [GC pause (young), 0.1625930 secs]
   [Parallel Time: 151.2 ms, GC Workers: 2]
      [GC Worker Start (ms): Min: 34851394.3, Avg: 34851394.3, Max: 34851394.3, Diff: 0.0]
      [Ext Root Scanning (ms): Min: 50.7, Avg: 51.1, Max: 51.4, Diff: 0.6, Sum: 102.1]
      [Update RS (ms): Min: 35.5, Avg: 36.3, Max: 37.0, Diff: 1.5, Sum: 72.5]
         [Processed Buffers: Min: 261, Avg: 262.5, Max: 264, Diff: 3, Sum: 525]
      [Scan RS (ms): Min: 12.8, Avg: 13.5, Max: 14.3, Diff: 1.4, Sum: 27.1]
      [Code Root Scanning (ms): Min: 0.1, Avg: 0.2, Max: 0.2, Diff: 0.1, Sum: 0.3]
      [Object Copy (ms): Min: 49.8, Avg: 50.0, Max: 50.2, Diff: 0.5, Sum: 100.0]
      [Termination (ms): Min: 0.0, Avg: 0.0, Max: 0.0, Diff: 0.0, Sum: 0.0]
      [GC Worker Other (ms): Min: 0.1, Avg: 0.1, Max: 0.2, Diff: 0.1, Sum: 0.2]
      [GC Worker Total (ms): Min: 151.1, Avg: 151.2, Max: 151.2, Diff: 0.0, Sum: 302.3]
      [GC Worker End (ms): Min: 34851545.4, Avg: 34851545.4, Max: 34851545.4, Diff: 0.0]
   [Code Root Fixup: 0.6 ms]
   [Code Root Migration: 0.1 ms]
   [Clear CT: 0.6 ms]
   [Other: 10.1 ms]
      [Choose CSet: 0.0 ms]
      [Ref Proc: 5.4 ms]
      [Ref Enq: 0.4 ms]
      [Free CSet: 1.6 ms]
   [Eden: 470.0M(470.0M)->0.0B(694.0M) Survivors: 44.0M->42.0M Heap: 1944.9M(4096.0M)->1482.0M(4096.0M)]
 [Times: user=0.32 sys=0.00, real=0.17 secs] 
2016-08-30T23:17:18.592+0200: 34888.727: [GC pause (young), 0.1841030 secs]
   [Parallel Time: 172.9 ms, GC Workers: 2]
      [GC Worker Start (ms): Min: 34888728.6, Avg: 34888728.6, Max: 34888728.6, Diff: 0.0]
      [Ext Root Scanning (ms): Min: 52.7, Avg: 54.1, Max: 55.6, Diff: 3.0, Sum: 108.3]
      [Update RS (ms): Min: 39.3, Avg: 41.4, Max: 43.4, Diff: 4.2, Sum: 82.7]
         [Processed Buffers: Min: 341, Avg: 365.5, Max: 390, Diff: 49, Sum: 731]
      [Scan RS (ms): Min: 14.4, Avg: 14.4, Max: 14.5, Diff: 0.1, Sum: 28.9]
      [Code Root Scanning (ms): Min: 0.2, Avg: 0.2, Max: 0.2, Diff: 0.1, Sum: 0.4]
      [Object Copy (ms): Min: 61.9, Avg: 62.4, Max: 63.0, Diff: 1.1, Sum: 124.9]
      [Termination (ms): Min: 0.0, Avg: 0.0, Max: 0.0, Diff: 0.0, Sum: 0.0]
      [GC Worker Other (ms): Min: 0.2, Avg: 0.2, Max: 0.2, Diff: 0.0, Sum: 0.4]
      [GC Worker Total (ms): Min: 172.8, Avg: 172.8, Max: 172.8, Diff: 0.0, Sum: 345.6]
      [GC Worker End (ms): Min: 34888901.4, Avg: 34888901.4, Max: 34888901.4, Diff: 0.0]
   [Code Root Fixup: 0.4 ms]
   [Code Root Migration: 0.1 ms]
   [Clear CT: 0.6 ms]
   [Other: 10.0 ms]
      [Choose CSet: 0.0 ms]
      [Ref Proc: 5.1 ms]
      [Ref Enq: 0.5 ms]
      [Free CSet: 1.5 ms]
   [Eden: 542.0M(542.0M)->0.0B(566.0M) Survivors: 42.0M->66.0M Heap: 2024.0M(4096.0M)->1507.0M(4096.0M)]
 [Times: user=0.35 sys=0.00, real=0.19 secs] 
2016-08-30T23:17:46.781+0200: 34916.916: [GC pause (young), 0.2147080 secs]
   [Parallel Time: 202.6 ms, GC Workers: 2]
      [GC Worker Start (ms): Min: 34916917.5, Avg: 34916917.5, Max: 34916917.5, Diff: 0.0]
      [Ext Root Scanning (ms): Min: 54.6, Avg: 62.5, Max: 70.5, Diff: 15.8, Sum: 125.1]
      [Update RS (ms): Min: 41.9, Avg: 50.4, Max: 58.8, Diff: 16.9, Sum: 100.7]
         [Processed Buffers: Min: 334, Avg: 362.5, Max: 391, Diff: 57, Sum: 725]
      [Scan RS (ms): Min: 20.6, Avg: 20.7, Max: 20.8, Diff: 0.1, Sum: 41.4]
      [Code Root Scanning (ms): Min: 0.1, Avg: 0.2, Max: 0.2, Diff: 0.0, Sum: 0.3]
      [Object Copy (ms): Min: 68.2, Avg: 68.7, Max: 69.2, Diff: 1.1, Sum: 137.4]
      [Termination (ms): Min: 0.0, Avg: 0.0, Max: 0.0, Diff: 0.0, Sum: 0.0]
      [GC Worker Other (ms): Min: 0.0, Avg: 0.1, Max: 0.2, Diff: 0.1, Sum: 0.2]
      [GC Worker Total (ms): Min: 202.5, Avg: 202.6, Max: 202.6, Diff: 0.0, Sum: 405.1]
      [GC Worker End (ms): Min: 34917120.0, Avg: 34917120.0, Max: 34917120.0, Diff: 0.0]
   [Code Root Fixup: 0.2 ms]
   [Code Root Migration: 0.1 ms]
   [Clear CT: 0.4 ms]
   [Other: 11.4 ms]
      [Choose CSet: 0.0 ms]
      [Ref Proc: 7.5 ms]
      [Ref Enq: 0.2 ms]
      [Free CSet: 0.9 ms]
   [Eden: 402.0M(366.0M)->0.0B(366.0M) Survivors: 66.0M->44.0M Heap: 1909.0M(4096.0M)->1517.9M(4096.0M)]
 [Times: user=0.33 sys=0.00, real=0.21 secs] 
2016-08-30T23:18:15.569+0200: 34945.703: [GC pause (young), 0.1523330 secs]
   [Parallel Time: 145.0 ms, GC Workers: 2]
      [GC Worker Start (ms): Min: 34945704.7, Avg: 34945704.7, Max: 34945704.7, Diff: 0.0]
      [Ext Root Scanning (ms): Min: 49.0, Avg: 50.1, Max: 51.1, Diff: 2.2, Sum: 100.1]
      [Update RS (ms): Min: 36.3, Avg: 36.6, Max: 36.8, Diff: 0.5, Sum: 73.2]
         [Processed Buffers: Min: 356, Avg: 374.0, Max: 392, Diff: 36, Sum: 748]
      [Scan RS (ms): Min: 10.7, Avg: 11.2, Max: 11.6, Diff: 0.9, Sum: 22.4]
      [Code Root Scanning (ms): Min: 0.1, Avg: 0.1, Max: 0.2, Diff: 0.1, Sum: 0.3]
      [Object Copy (ms): Min: 45.9, Avg: 46.9, Max: 47.8, Diff: 1.9, Sum: 93.7]
      [Termination (ms): Min: 0.0, Avg: 0.0, Max: 0.0, Diff: 0.0, Sum: 0.0]
      [GC Worker Other (ms): Min: 0.1, Avg: 0.1, Max: 0.2, Diff: 0.1, Sum: 0.2]
      [GC Worker Total (ms): Min: 144.9, Avg: 144.9, Max: 144.9, Diff: 0.0, Sum: 289.8]
      [GC Worker End (ms): Min: 34945849.6, Avg: 34945849.6, Max: 34945849.6, Diff: 0.0]
   [Code Root Fixup: 0.3 ms]
   [Code Root Migration: 0.1 ms]
   [Clear CT: 0.4 ms]
   [Other: 6.6 ms]
      [Choose CSet: 0.0 ms]
      [Ref Proc: 2.7 ms]
      [Ref Enq: 0.2 ms]
      [Free CSet: 0.9 ms]
   [Eden: 366.0M(366.0M)->0.0B(502.0M) Survivors: 44.0M->44.0M Heap: 1883.9M(4096.0M)->1530.0M(4096.0M)]
 [Times: user=0.30 sys=0.00, real=0.15 secs] 
2016-08-30T23:18:54.979+0200: 34985.113: [GC pause (young), 0.1558740 secs]
   [Parallel Time: 144.1 ms, GC Workers: 2]
      [GC Worker Start (ms): Min: 34985114.4, Avg: 34985114.5, Max: 34985114.5, Diff: 0.1]
      [Ext Root Scanning (ms): Min: 48.6, Avg: 48.8, Max: 48.9, Diff: 0.4, Sum: 97.5]
      [Update RS (ms): Min: 37.9, Avg: 38.1, Max: 38.3, Diff: 0.4, Sum: 76.2]
         [Processed Buffers: Min: 265, Avg: 269.0, Max: 273, Diff: 8, Sum: 538]
      [Scan RS (ms): Min: 11.6, Avg: 11.8, Max: 12.0, Diff: 0.4, Sum: 23.7]
      [Code Root Scanning (ms): Min: 0.2, Avg: 0.2, Max: 0.2, Diff: 0.0, Sum: 0.4]
      [Object Copy (ms): Min: 44.7, Avg: 44.9, Max: 45.1, Diff: 0.4, Sum: 89.8]
      [Termination (ms): Min: 0.0, Avg: 0.0, Max: 0.0, Diff: 0.0, Sum: 0.0]
      [GC Worker Other (ms): Min: 0.2, Avg: 0.2, Max: 0.2, Diff: 0.0, Sum: 0.4]
      [GC Worker Total (ms): Min: 144.0, Avg: 144.0, Max: 144.0, Diff: 0.1, Sum: 288.0]
      [GC Worker End (ms): Min: 34985258.4, Avg: 34985258.5, Max: 34985258.5, Diff: 0.0]
   [Code Root Fixup: 0.5 ms]
   [Code Root Migration: 0.1 ms]
   [Clear CT: 0.6 ms]
   [Other: 10.6 ms]
      [Choose CSet: 0.0 ms]
      [Ref Proc: 6.3 ms]
      [Ref Enq: 0.4 ms]
      [Free CSet: 1.4 ms]
   [Eden: 502.0M(502.0M)->0.0B(718.0M) Survivors: 44.0M->32.0M Heap: 2032.0M(4096.0M)->1530.0M(4096.0M)]
 [Times: user=0.30 sys=0.00, real=0.16 secs] 
2016-08-30T23:19:38.399+0200: 35028.534: [GC pause (young), 0.1809080 secs]
   [Parallel Time: 174.2 ms, GC Workers: 2]
      [GC Worker Start (ms): Min: 35028534.4, Avg: 35028534.4, Max: 35028534.4, Diff: 0.0]
      [Ext Root Scanning (ms): Min: 54.3, Avg: 61.0, Max: 67.6, Diff: 13.3, Sum: 121.9]
      [Update RS (ms): Min: 42.0, Avg: 52.7, Max: 63.4, Diff: 21.4, Sum: 105.4]
         [Processed Buffers: Min: 259, Avg: 260.0, Max: 261, Diff: 2, Sum: 520]
      [Scan RS (ms): Min: 7.2, Avg: 16.6, Max: 25.9, Diff: 18.7, Sum: 33.1]
      [Code Root Scanning (ms): Min: 0.0, Avg: 0.1, Max: 0.1, Diff: 0.1, Sum: 0.2]
      [Object Copy (ms): Min: 38.4, Avg: 40.8, Max: 43.1, Diff: 4.7, Sum: 81.5]
      [Termination (ms): Min: 0.0, Avg: 3.0, Max: 6.0, Diff: 6.0, Sum: 6.0]
      [GC Worker Other (ms): Min: 0.1, Avg: 0.1, Max: 0.1, Diff: 0.0, Sum: 0.2]
      [GC Worker Total (ms): Min: 174.2, Avg: 174.2, Max: 174.2, Diff: 0.0, Sum: 348.3]
      [GC Worker End (ms): Min: 35028708.6, Avg: 35028708.6, Max: 35028708.6, Diff: 0.0]
   [Code Root Fixup: 0.2 ms]
   [Code Root Migration: 0.1 ms]
   [Clear CT: 0.6 ms]
   [Other: 5.9 ms]
      [Choose CSet: 0.0 ms]
      [Ref Proc: 3.5 ms]
      [Ref Enq: 0.2 ms]
      [Free CSet: 0.9 ms]
   [Eden: 538.0M(504.0M)->0.0B(622.0M) Survivors: 32.0M->42.0M Heap: 2068.0M(4096.0M)->1540.0M(4096.0M)]
 [Times: user=0.16 sys=0.01, real=0.18 secs] 
2016-08-30T23:20:12.001+0200: 35062.135: [GC pause (young), 0.1777200 secs]
   [Parallel Time: 166.9 ms, GC Workers: 2]
      [GC Worker Start (ms): Min: 35062136.7, Avg: 35062136.7, Max: 35062136.7, Diff: 0.0]
      [Ext Root Scanning (ms): Min: 52.6, Avg: 53.0, Max: 53.4, Diff: 0.8, Sum: 106.0]
      [Update RS (ms): Min: 40.1, Avg: 40.6, Max: 41.1, Diff: 1.0, Sum: 81.3]
         [Processed Buffers: Min: 301, Avg: 321.5, Max: 342, Diff: 41, Sum: 643]
      [Scan RS (ms): Min: 14.3, Avg: 14.9, Max: 15.5, Diff: 1.2, Sum: 29.8]
      [Code Root Scanning (ms): Min: 0.1, Avg: 0.2, Max: 0.2, Diff: 0.1, Sum: 0.3]
      [Object Copy (ms): Min: 57.4, Avg: 58.0, Max: 58.5, Diff: 1.0, Sum: 115.9]
      [Termination (ms): Min: 0.0, Avg: 0.0, Max: 0.0, Diff: 0.0, Sum: 0.0]
      [GC Worker Other (ms): Min: 0.2, Avg: 0.2, Max: 0.2, Diff: 0.0, Sum: 0.3]
      [GC Worker Total (ms): Min: 166.8, Avg: 166.8, Max: 166.8, Diff: 0.0, Sum: 333.6]
      [GC Worker End (ms): Min: 35062303.5, Avg: 35062303.5, Max: 35062303.5, Diff: 0.0]
   [Code Root Fixup: 0.4 ms]
   [Code Root Migration: 0.1 ms]
   [Clear CT: 0.6 ms]
   [Other: 9.8 ms]
      [Choose CSet: 0.0 ms]
      [Ref Proc: 4.9 ms]
      [Ref Enq: 0.4 ms]
      [Free CSet: 1.4 ms]
   [Eden: 458.0M(364.0M)->0.0B(578.0M) Survivors: 42.0M->50.0M Heap: 1998.0M(4096.0M)->1559.0M(4096.0M)]
 [Times: user=0.34 sys=0.00, real=0.18 secs] 
2016-08-30T23:20:51.639+0200: 35101.774: [GC pause (young), 0.1822100 secs]
   [Parallel Time: 170.1 ms, GC Workers: 2]
      [GC Worker Start (ms): Min: 35101775.1, Avg: 35101775.1, Max: 35101775.1, Diff: 0.0]
      [Ext Root Scanning (ms): Min: 49.8, Avg: 50.7, Max: 51.5, Diff: 1.6, Sum: 101.3]
      [Update RS (ms): Min: 37.6, Avg: 38.9, Max: 40.1, Diff: 2.6, Sum: 77.7]
         [Processed Buffers: Min: 316, Avg: 323.5, Max: 331, Diff: 15, Sum: 647]
      [Scan RS (ms): Min: 14.5, Avg: 14.9, Max: 15.4, Diff: 0.9, Sum: 29.9]
      [Code Root Scanning (ms): Min: 0.1, Avg: 0.2, Max: 0.2, Diff: 0.1, Sum: 0.4]
      [Object Copy (ms): Min: 64.7, Avg: 64.8, Max: 65.0, Diff: 0.3, Sum: 129.6]
      [Termination (ms): Min: 0.0, Avg: 0.0, Max: 0.0, Diff: 0.0, Sum: 0.0]
      [GC Worker Other (ms): Min: 0.2, Avg: 0.4, Max: 0.6, Diff: 0.4, Sum: 0.8]
      [GC Worker Total (ms): Min: 169.8, Avg: 169.8, Max: 169.9, Diff: 0.0, Sum: 339.7]
      [GC Worker End (ms): Min: 35101945.0, Avg: 35101945.0, Max: 35101945.0, Diff: 0.0]
   [Code Root Fixup: 0.4 ms]
   [Code Root Migration: 0.1 ms]
   [Clear CT: 0.6 ms]
   [Other: 11.1 ms]
      [Choose CSet: 0.0 ms]
      [Ref Proc: 6.6 ms]
      [Ref Enq: 0.4 ms]
      [Free CSet: 1.4 ms]
   [Eden: 504.0M(340.0M)->0.0B(524.0M) Survivors: 50.0M->48.0M Heap: 2063.0M(4096.0M)->1579.0M(4096.0M)]
 [Times: user=0.35 sys=0.00, real=0.18 secs] 
2016-08-30T23:21:38.291+0200: 35148.425: [GC pause (young), 0.2356900 secs]
   [Parallel Time: 223.9 ms, GC Workers: 2]
      [GC Worker Start (ms): Min: 35148433.3, Avg: 35148435.1, Max: 35148437.0, Diff: 3.7]
      [Ext Root Scanning (ms): Min: 95.4, Avg: 105.9, Max: 116.4, Diff: 21.0, Sum: 211.9]
      [Update RS (ms): Min: 41.1, Avg: 52.8, Max: 64.6, Diff: 23.5, Sum: 105.6]
         [Processed Buffers: Min: 192, Avg: 242.0, Max: 292, Diff: 100, Sum: 484]
      [Scan RS (ms): Min: 13.5, Avg: 13.6, Max: 13.6, Diff: 0.1, Sum: 27.1]
      [Code Root Scanning (ms): Min: 0.1, Avg: 0.1, Max: 0.1, Diff: 0.1, Sum: 0.2]
      [Object Copy (ms): Min: 43.4, Avg: 46.5, Max: 49.6, Diff: 6.3, Sum: 93.0]
      [Termination (ms): Min: 0.0, Avg: 0.0, Max: 0.0, Diff: 0.0, Sum: 0.0]
      [GC Worker Other (ms): Min: 0.2, Avg: 0.2, Max: 0.2, Diff: 0.0, Sum: 0.3]
      [GC Worker Total (ms): Min: 217.2, Avg: 219.1, Max: 221.0, Diff: 3.7, Sum: 438.2]
      [GC Worker End (ms): Min: 35148654.2, Avg: 35148654.2, Max: 35148654.2, Diff: 0.0]
   [Code Root Fixup: 0.3 ms]
   [Code Root Migration: 0.1 ms]
   [Clear CT: 0.7 ms]
   [Other: 10.8 ms]
      [Choose CSet: 0.0 ms]
      [Ref Proc: 3.4 ms]
      [Ref Enq: 0.2 ms]
      [Free CSet: 1.1 ms]
   [Eden: 524.0M(524.0M)->0.0B(184.0M) Survivors: 48.0M->30.0M Heap: 2103.0M(4096.0M)->1571.0M(4096.0M)]
 [Times: user=0.25 sys=0.00, real=0.24 secs] 
2016-08-30T23:21:49.849+0200: 35159.983: [GC pause (young), 0.1486120 secs]
   [Parallel Time: 141.7 ms, GC Workers: 2]
      [GC Worker Start (ms): Min: 35159984.9, Avg: 35159984.9, Max: 35159984.9, Diff: 0.0]
      [Ext Root Scanning (ms): Min: 51.3, Avg: 51.9, Max: 52.5, Diff: 1.1, Sum: 103.8]
      [Update RS (ms): Min: 30.7, Avg: 30.8, Max: 31.0, Diff: 0.3, Sum: 61.7]
         [Processed Buffers: Min: 361, Avg: 363.5, Max: 366, Diff: 5, Sum: 727]
      [Scan RS (ms): Min: 9.0, Avg: 9.1, Max: 9.3, Diff: 0.3, Sum: 18.3]
      [Code Root Scanning (ms): Min: 0.0, Avg: 0.1, Max: 0.1, Diff: 0.1, Sum: 0.1]
      [Object Copy (ms): Min: 49.4, Avg: 49.6, Max: 49.8, Diff: 0.4, Sum: 99.3]
      [Termination (ms): Min: 0.0, Avg: 0.0, Max: 0.0, Diff: 0.0, Sum: 0.0]
      [GC Worker Other (ms): Min: 0.1, Avg: 0.1, Max: 0.1, Diff: 0.0, Sum: 0.1]
      [GC Worker Total (ms): Min: 141.6, Avg: 141.6, Max: 141.7, Diff: 0.0, Sum: 283.3]
      [GC Worker End (ms): Min: 35160126.6, Avg: 35160126.6, Max: 35160126.6, Diff: 0.0]
   [Code Root Fixup: 0.6 ms]
   [Code Root Migration: 0.0 ms]
   [Clear CT: 0.5 ms]
   [Other: 5.7 ms]
      [Choose CSet: 0.0 ms]
      [Ref Proc: 1.8 ms]
      [Ref Enq: 0.2 ms]
      [Free CSet: 0.6 ms]
   [Eden: 184.0M(184.0M)->0.0B(224.0M) Survivors: 30.0M->28.0M Heap: 1755.0M(4096.0M)->1598.0M(4096.0M)]
 [Times: user=0.29 sys=0.00, real=0.15 secs] 
2016-08-30T23:22:11.167+0200: 35181.301: [GC pause (young), 0.1288950 secs]
   [Parallel Time: 120.6 ms, GC Workers: 2]
      [GC Worker Start (ms): Min: 35181302.6, Avg: 35181302.7, Max: 35181302.7, Diff: 0.0]
      [Ext Root Scanning (ms): Min: 50.1, Avg: 50.3, Max: 50.6, Diff: 0.4, Sum: 100.7]
      [Update RS (ms): Min: 26.8, Avg: 27.1, Max: 27.4, Diff: 0.6, Sum: 54.2]
         [Processed Buffers: Min: 266, Avg: 268.5, Max: 271, Diff: 5, Sum: 537]
      [Scan RS (ms): Min: 6.9, Avg: 7.0, Max: 7.0, Diff: 0.1, Sum: 13.9]
      [Code Root Scanning (ms): Min: 0.1, Avg: 0.1, Max: 0.1, Diff: 0.0, Sum: 0.2]
      [Object Copy (ms): Min: 35.3, Avg: 35.9, Max: 36.5, Diff: 1.2, Sum: 71.7]
      [Termination (ms): Min: 0.0, Avg: 0.0, Max: 0.0, Diff: 0.0, Sum: 0.0]
      [GC Worker Other (ms): Min: 0.1, Avg: 0.1, Max: 0.2, Diff: 0.1, Sum: 0.3]
      [GC Worker Total (ms): Min: 120.5, Avg: 120.5, Max: 120.5, Diff: 0.0, Sum: 241.0]
      [GC Worker End (ms): Min: 35181423.2, Avg: 35181423.2, Max: 35181423.2, Diff: 0.0]
   [Code Root Fixup: 0.5 ms]
   [Code Root Migration: 0.0 ms]
   [Clear CT: 0.4 ms]
   [Other: 7.3 ms]
      [Choose CSet: 0.0 ms]
      [Ref Proc: 3.9 ms]
      [Ref Enq: 0.2 ms]
      [Free CSet: 0.8 ms]
   [Eden: 224.0M(224.0M)->0.0B(572.0M) Survivors: 28.0M->16.0M Heap: 1822.0M(4096.0M)->1615.0M(4096.0M)]
 [Times: user=0.24 sys=0.00, real=0.13 secs] 
2016-08-30T23:22:52.538+0200: 35222.673: [GC pause (young), 0.1642380 secs]
   [Parallel Time: 155.4 ms, GC Workers: 2]
      [GC Worker Start (ms): Min: 35222673.7, Avg: 35222673.8, Max: 35222673.8, Diff: 0.0]
      [Ext Root Scanning (ms): Min: 50.4, Avg: 59.4, Max: 68.3, Diff: 18.0, Sum: 118.7]
      [Update RS (ms): Min: 30.5, Avg: 39.9, Max: 49.4, Diff: 18.9, Sum: 79.9]
         [Processed Buffers: Min: 212, Avg: 282.0, Max: 352, Diff: 140, Sum: 564]
      [Scan RS (ms): Min: 9.9, Avg: 10.3, Max: 10.7, Diff: 0.8, Sum: 20.7]
      [Code Root Scanning (ms): Min: 0.1, Avg: 0.2, Max: 0.2, Diff: 0.1, Sum: 0.3]
      [Object Copy (ms): Min: 44.6, Avg: 45.4, Max: 46.3, Diff: 1.7, Sum: 90.8]
      [Termination (ms): Min: 0.0, Avg: 0.0, Max: 0.0, Diff: 0.0, Sum: 0.0]
      [GC Worker Other (ms): Min: 0.1, Avg: 0.2, Max: 0.2, Diff: 0.1, Sum: 0.3]
      [GC Worker Total (ms): Min: 155.4, Avg: 155.4, Max: 155.4, Diff: 0.0, Sum: 310.8]
      [GC Worker End (ms): Min: 35222829.1, Avg: 35222829.1, Max: 35222829.1, Diff: 0.0]
   [Code Root Fixup: 0.4 ms]
   [Code Root Migration: 0.1 ms]
   [Clear CT: 0.5 ms]
   [Other: 7.8 ms]
      [Choose CSet: 0.0 ms]
      [Ref Proc: 4.3 ms]
      [Ref Enq: 0.2 ms]
      [Free CSet: 1.2 ms]
   [Eden: 556.0M(472.0M)->0.0B(390.0M) Survivors: 16.0M->44.0M Heap: 2171.0M(4096.0M)->1643.0M(4096.0M)]
 [Times: user=0.29 sys=0.00, real=0.16 secs] 
2016-08-30T23:23:22.214+0200: 35252.349: [GC pause (young), 0.1633470 secs]
   [Parallel Time: 154.6 ms, GC Workers: 2]
      [GC Worker Start (ms): Min: 35252349.9, Avg: 35252349.9, Max: 35252349.9, Diff: 0.0]
      [Ext Root Scanning (ms): Min: 49.7, Avg: 50.0, Max: 50.4, Diff: 0.7, Sum: 100.0]
      [Update RS (ms): Min: 33.7, Avg: 34.4, Max: 35.1, Diff: 1.4, Sum: 68.7]
         [Processed Buffers: Min: 278, Avg: 281.5, Max: 285, Diff: 7, Sum: 563]
      [Scan RS (ms): Min: 12.8, Avg: 12.9, Max: 13.0, Diff: 0.2, Sum: 25.8]
      [Code Root Scanning (ms): Min: 0.1, Avg: 0.2, Max: 0.2, Diff: 0.1, Sum: 0.3]
      [Object Copy (ms): Min: 56.7, Avg: 56.9, Max: 57.1, Diff: 0.4, Sum: 113.8]
      [Termination (ms): Min: 0.0, Avg: 0.0, Max: 0.0, Diff: 0.0, Sum: 0.0]
      [GC Worker Other (ms): Min: 0.1, Avg: 0.2, Max: 0.2, Diff: 0.0, Sum: 0.3]
      [GC Worker Total (ms): Min: 154.5, Avg: 154.5, Max: 154.5, Diff: 0.0, Sum: 309.0]
      [GC Worker End (ms): Min: 35252504.4, Avg: 35252504.4, Max: 35252504.4, Diff: 0.0]
   [Code Root Fixup: 0.5 ms]
   [Code Root Migration: 0.1 ms]
   [Clear CT: 0.5 ms]
   [Other: 7.7 ms]
      [Choose CSet: 0.0 ms]
      [Ref Proc: 3.9 ms]
      [Ref Enq: 0.3 ms]
      [Free CSet: 1.1 ms]
   [Eden: 380.0M(222.0M)->0.0B(550.0M) Survivors: 44.0M->34.0M Heap: 2023.0M(4096.0M)->1665.0M(4096.0M)]
 [Times: user=0.31 sys=0.00, real=0.16 secs] 
2016-08-30T23:24:10.126+0200: 35300.261: [GC pause (young), 0.1485460 secs]
   [Parallel Time: 138.2 ms, GC Workers: 2]
      [GC Worker Start (ms): Min: 35300262.1, Avg: 35300262.1, Max: 35300262.1, Diff: 0.0]
      [Ext Root Scanning (ms): Min: 48.2, Avg: 48.3, Max: 48.4, Diff: 0.2, Sum: 96.6]
      [Update RS (ms): Min: 36.9, Avg: 37.5, Max: 38.2, Diff: 1.3, Sum: 75.1]
         [Processed Buffers: Min: 245, Avg: 259.0, Max: 273, Diff: 28, Sum: 518]
      [Scan RS (ms): Min: 10.4, Avg: 10.9, Max: 11.4, Diff: 1.0, Sum: 21.7]
      [Code Root Scanning (ms): Min: 0.2, Avg: 0.2, Max: 0.2, Diff: 0.0, Sum: 0.4]
      [Object Copy (ms): Min: 40.8, Avg: 41.1, Max: 41.3, Diff: 0.5, Sum: 82.2]
      [Termination (ms): Min: 0.0, Avg: 0.0, Max: 0.0, Diff: 0.0, Sum: 0.0]
      [GC Worker Other (ms): Min: 0.2, Avg: 0.2, Max: 0.2, Diff: 0.0, Sum: 0.3]
      [GC Worker Total (ms): Min: 138.1, Avg: 138.1, Max: 138.1, Diff: 0.0, Sum: 276.3]
      [GC Worker End (ms): Min: 35300400.3, Avg: 35300400.3, Max: 35300400.3, Diff: 0.0]
   [Code Root Fixup: 0.6 ms]
   [Code Root Migration: 0.1 ms]
   [Clear CT: 0.6 ms]
   [Other: 9.1 ms]
      [Choose CSet: 0.0 ms]
      [Ref Proc: 5.0 ms]
      [Ref Enq: 0.4 ms]
      [Free CSet: 1.4 ms]
   [Eden: 498.0M(422.0M)->0.0B(872.0M) Survivors: 34.0M->22.0M Heap: 2163.0M(4096.0M)->1668.0M(4096.0M)]
 [Times: user=0.29 sys=0.00, real=0.15 secs] 
2016-08-30T23:24:54.091+0200: 35344.225: [GC pause (young), 0.1643070 secs]
   [Parallel Time: 152.4 ms, GC Workers: 2]
      [GC Worker Start (ms): Min: 35344226.9, Avg: 35344227.0, Max: 35344227.0, Diff: 0.0]
      [Ext Root Scanning (ms): Min: 48.6, Avg: 49.0, Max: 49.5, Diff: 0.9, Sum: 98.1]
      [Update RS (ms): Min: 39.7, Avg: 40.0, Max: 40.3, Diff: 0.7, Sum: 80.0]
         [Processed Buffers: Min: 257, Avg: 267.5, Max: 278, Diff: 21, Sum: 535]
      [Scan RS (ms): Min: 13.5, Avg: 13.8, Max: 14.2, Diff: 0.7, Sum: 27.7]
      [Code Root Scanning (ms): Min: 0.2, Avg: 0.2, Max: 0.3, Diff: 0.1, Sum: 0.4]
      [Object Copy (ms): Min: 48.6, Avg: 49.0, Max: 49.4, Diff: 0.8, Sum: 98.0]
      [Termination (ms): Min: 0.0, Avg: 0.0, Max: 0.0, Diff: 0.0, Sum: 0.0]
      [GC Worker Other (ms): Min: 0.2, Avg: 0.2, Max: 0.2, Diff: 0.0, Sum: 0.3]
      [GC Worker Total (ms): Min: 152.2, Avg: 152.2, Max: 152.2, Diff: 0.0, Sum: 304.5]
      [GC Worker End (ms): Min: 35344379.2, Avg: 35344379.2, Max: 35344379.2, Diff: 0.0]
   [Code Root Fixup: 0.6 ms]
   [Code Root Migration: 0.1 ms]
   [Clear CT: 0.6 ms]
   [Other: 10.6 ms]
      [Choose CSet: 0.0 ms]
      [Ref Proc: 6.0 ms]
      [Ref Enq: 0.5 ms]
      [Free CSet: 1.6 ms]
   [Eden: 622.0M(584.0M)->0.0B(596.0M) Survivors: 22.0M->46.0M Heap: 2290.0M(4096.0M)->1692.0M(4096.0M)]
 [Times: user=0.31 sys=0.01, real=0.17 secs] 
2016-08-30T23:25:24.363+0200: 35374.498: [GC pause (young), 0.1702080 secs]
   [Parallel Time: 161.3 ms, GC Workers: 2]
      [GC Worker Start (ms): Min: 35374499.0, Avg: 35374499.0, Max: 35374499.0, Diff: 0.0]
      [Ext Root Scanning (ms): Min: 50.8, Avg: 51.1, Max: 51.4, Diff: 0.6, Sum: 102.3]
      [Update RS (ms): Min: 34.0, Avg: 34.3, Max: 34.7, Diff: 0.7, Sum: 68.7]
         [Processed Buffers: Min: 210, Avg: 252.0, Max: 294, Diff: 84, Sum: 504]
      [Scan RS (ms): Min: 14.2, Avg: 14.7, Max: 15.2, Diff: 1.0, Sum: 29.4]
      [Code Root Scanning (ms): Min: 0.1, Avg: 0.1, Max: 0.2, Diff: 0.1, Sum: 0.3]
      [Object Copy (ms): Min: 60.6, Avg: 60.6, Max: 60.7, Diff: 0.2, Sum: 121.3]
      [Termination (ms): Min: 0.0, Avg: 0.0, Max: 0.0, Diff: 0.0, Sum: 0.0]
      [GC Worker Other (ms): Min: 0.1, Avg: 0.1, Max: 0.2, Diff: 0.1, Sum: 0.2]
      [GC Worker Total (ms): Min: 161.1, Avg: 161.1, Max: 161.1, Diff: 0.0, Sum: 322.2]
      [GC Worker End (ms): Min: 35374660.1, Avg: 35374660.1, Max: 35374660.1, Diff: 0.0]
   [Code Root Fixup: 0.4 ms]
   [Code Root Migration: 0.1 ms]
   [Clear CT: 0.6 ms]
   [Other: 7.9 ms]
      [Choose CSet: 0.0 ms]
      [Ref Proc: 3.9 ms]
      [Ref Enq: 0.3 ms]
      [Free CSet: 1.2 ms]
   [Eden: 386.0M(376.0M)->0.0B(896.0M) Survivors: 46.0M->28.0M Heap: 2078.0M(4096.0M)->1699.0M(4096.0M)]
 [Times: user=0.31 sys=0.00, real=0.17 secs] 
2016-08-30T23:26:22.338+0200: 35432.472: [GC pause (young), 0.2050270 secs]
   [Parallel Time: 190.2 ms, GC Workers: 2]
      [GC Worker Start (ms): Min: 35432473.8, Avg: 35432473.8, Max: 35432473.8, Diff: 0.0]
      [Ext Root Scanning (ms): Min: 49.6, Avg: 50.7, Max: 51.8, Diff: 2.3, Sum: 101.4]
      [Update RS (ms): Min: 50.3, Avg: 52.1, Max: 53.8, Diff: 3.4, Sum: 104.1]
         [Processed Buffers: Min: 287, Avg: 292.0, Max: 297, Diff: 10, Sum: 584]
      [Scan RS (ms): Min: 13.2, Avg: 13.2, Max: 13.2, Diff: 0.0, Sum: 26.3]
      [Code Root Scanning (ms): Min: 0.2, Avg: 0.2, Max: 0.3, Diff: 0.1, Sum: 0.5]
      [Object Copy (ms): Min: 73.2, Avg: 73.8, Max: 74.3, Diff: 1.1, Sum: 147.5]
      [Termination (ms): Min: 0.0, Avg: 0.0, Max: 0.0, Diff: 0.0, Sum: 0.0]
      [GC Worker Other (ms): Min: 0.1, Avg: 0.2, Max: 0.2, Diff: 0.0, Sum: 0.3]
      [GC Worker Total (ms): Min: 190.1, Avg: 190.1, Max: 190.1, Diff: 0.0, Sum: 380.1]
      [GC Worker End (ms): Min: 35432663.8, Avg: 35432663.8, Max: 35432663.8, Diff: 0.0]
   [Code Root Fixup: 0.4 ms]
   [Code Root Migration: 0.1 ms]
   [Clear CT: 0.6 ms]
   [Other: 13.7 ms]
      [Choose CSet: 0.0 ms]
      [Ref Proc: 8.9 ms]
      [Ref Enq: 0.6 ms]
      [Free CSet: 1.8 ms]
   [Eden: 694.0M(652.0M)->0.0B(232.0M) Survivors: 28.0M->74.0M Heap: 2393.0M(4096.0M)->1747.0M(4096.0M)]
 [Times: user=0.38 sys=0.00, real=0.21 secs] 
2016-08-30T23:26:41.289+0200: 35451.423: [GC pause (young), 0.1502090 secs]
   [Parallel Time: 142.8 ms, GC Workers: 2]
      [GC Worker Start (ms): Min: 35451424.6, Avg: 35451424.6, Max: 35451424.6, Diff: 0.0]
      [Ext Root Scanning (ms): Min: 49.7, Avg: 50.2, Max: 50.7, Diff: 1.0, Sum: 100.4]
      [Update RS (ms): Min: 27.1, Avg: 27.3, Max: 27.5, Diff: 0.4, Sum: 54.5]
         [Processed Buffers: Min: 230, Avg: 260.0, Max: 290, Diff: 60, Sum: 520]
      [Scan RS (ms): Min: 13.6, Avg: 13.6, Max: 13.7, Diff: 0.1, Sum: 27.2]
      [Code Root Scanning (ms): Min: 0.1, Avg: 0.1, Max: 0.1, Diff: 0.0, Sum: 0.2]
      [Object Copy (ms): Min: 50.8, Avg: 51.1, Max: 51.5, Diff: 0.6, Sum: 102.3]
      [Termination (ms): Min: 0.0, Avg: 0.0, Max: 0.0, Diff: 0.0, Sum: 0.0]
      [GC Worker Other (ms): Min: 0.1, Avg: 0.2, Max: 0.2, Diff: 0.1, Sum: 0.4]
      [GC Worker Total (ms): Min: 142.5, Avg: 142.5, Max: 142.6, Diff: 0.1, Sum: 285.0]
      [GC Worker End (ms): Min: 35451567.1, Avg: 35451567.1, Max: 35451567.1, Diff: 0.1]
   [Code Root Fixup: 0.4 ms]
   [Code Root Migration: 0.1 ms]
   [Clear CT: 0.5 ms]
   [Other: 6.5 ms]
      [Choose CSet: 0.0 ms]
      [Ref Proc: 2.5 ms]
      [Ref Enq: 0.2 ms]
      [Free CSet: 0.9 ms]
   [Eden: 232.0M(232.0M)->0.0B(992.0M) Survivors: 74.0M->16.0M Heap: 1979.0M(4096.0M)->1725.0M(4096.0M)]
 [Times: user=0.29 sys=0.00, real=0.15 secs] 
2016-08-30T23:27:42.575+0200: 35512.709: [GC pause (young), 0.1679870 secs]
   [Parallel Time: 157.6 ms, GC Workers: 2]
      [GC Worker Start (ms): Min: 35512710.9, Avg: 35512711.0, Max: 35512711.0, Diff: 0.0]
      [Ext Root Scanning (ms): Min: 51.6, Avg: 51.8, Max: 52.0, Diff: 0.4, Sum: 103.6]
      [Update RS (ms): Min: 46.4, Avg: 47.2, Max: 48.0, Diff: 1.6, Sum: 94.4]
         [Processed Buffers: Min: 336, Avg: 362.5, Max: 389, Diff: 53, Sum: 725]
      [Scan RS (ms): Min: 11.4, Avg: 11.9, Max: 12.4, Diff: 1.1, Sum: 23.8]
      [Code Root Scanning (ms): Min: 0.2, Avg: 0.2, Max: 0.3, Diff: 0.1, Sum: 0.5]
      [Object Copy (ms): Min: 46.1, Avg: 46.2, Max: 46.2, Diff: 0.1, Sum: 92.3]
      [Termination (ms): Min: 0.0, Avg: 0.0, Max: 0.0, Diff: 0.0, Sum: 0.0]
      [GC Worker Other (ms): Min: 0.2, Avg: 0.2, Max: 0.2, Diff: 0.0, Sum: 0.4]
      [GC Worker Total (ms): Min: 157.5, Avg: 157.5, Max: 157.5, Diff: 0.0, Sum: 315.0]
      [GC Worker End (ms): Min: 35512868.4, Avg: 35512868.4, Max: 35512868.4, Diff: 0.0]
   [Code Root Fixup: 0.2 ms]
   [Code Root Migration: 0.1 ms]
   [Clear CT: 0.5 ms]
   [Other: 9.5 ms]
      [Choose CSet: 0.0 ms]
      [Ref Proc: 4.6 ms]
      [Ref Enq: 0.3 ms]
      [Free CSet: 1.8 ms]
   [Eden: 802.0M(762.0M)->0.0B(608.0M) Survivors: 16.0M->54.0M Heap: 2527.0M(4096.0M)->1763.0M(4096.0M)]
 [Times: user=0.33 sys=0.00, real=0.17 secs] 
2016-08-30T23:28:28.891+0200: 35559.026: [GC pause (young), 0.1577370 secs]
   [Parallel Time: 147.4 ms, GC Workers: 2]
      [GC Worker Start (ms): Min: 35559026.7, Avg: 35559027.3, Max: 35559027.9, Diff: 1.2]
      [Ext Root Scanning (ms): Min: 49.0, Avg: 49.8, Max: 50.7, Diff: 1.7, Sum: 99.6]
      [Update RS (ms): Min: 34.2, Avg: 34.3, Max: 34.4, Diff: 0.2, Sum: 68.6]
         [Processed Buffers: Min: 243, Avg: 243.5, Max: 244, Diff: 1, Sum: 487]
      [Scan RS (ms): Min: 14.9, Avg: 14.9, Max: 15.0, Diff: 0.1, Sum: 29.9]
      [Code Root Scanning (ms): Min: 0.2, Avg: 0.2, Max: 0.2, Diff: 0.0, Sum: 0.4]
      [Object Copy (ms): Min: 47.1, Avg: 47.2, Max: 47.4, Diff: 0.3, Sum: 94.4]
      [Termination (ms): Min: 0.0, Avg: 0.0, Max: 0.0, Diff: 0.0, Sum: 0.0]
      [GC Worker Other (ms): Min: 0.2, Avg: 0.2, Max: 0.2, Diff: 0.0, Sum: 0.4]
      [GC Worker Total (ms): Min: 146.1, Avg: 146.7, Max: 147.3, Diff: 1.2, Sum: 293.4]
      [GC Worker End (ms): Min: 35559174.0, Avg: 35559174.0, Max: 35559174.0, Diff: 0.0]
   [Code Root Fixup: 0.5 ms]
   [Code Root Migration: 0.1 ms]
   [Clear CT: 0.6 ms]
   [Other: 9.2 ms]
      [Choose CSet: 0.0 ms]
      [Ref Proc: 5.0 ms]
      [Ref Enq: 0.4 ms]
      [Free CSet: 1.5 ms]
   [Eden: 478.0M(386.0M)->0.0B(996.0M) Survivors: 54.0M->24.0M Heap: 2241.0M(4096.0M)->1749.0M(4096.0M)]
 [Times: user=0.31 sys=0.00, real=0.16 secs] 
2016-08-30T23:29:37.611+0200: 35627.745: [GC pause (young), 0.3010990 secs]
   [Parallel Time: 284.7 ms, GC Workers: 2]
      [GC Worker Start (ms): Min: 35627752.8, Avg: 35627754.5, Max: 35627756.2, Diff: 3.4]
      [Ext Root Scanning (ms): Min: 77.0, Avg: 79.3, Max: 81.5, Diff: 4.5, Sum: 158.5]
      [Update RS (ms): Min: 82.3, Avg: 85.4, Max: 88.5, Diff: 6.2, Sum: 170.8]
         [Processed Buffers: Min: 230, Avg: 253.5, Max: 277, Diff: 47, Sum: 507]
      [Scan RS (ms): Min: 14.3, Avg: 20.2, Max: 26.0, Diff: 11.7, Sum: 40.4]
      [Code Root Scanning (ms): Min: 0.1, Avg: 0.1, Max: 0.1, Diff: 0.0, Sum: 0.2]
      [Object Copy (ms): Min: 94.1, Avg: 95.4, Max: 96.6, Diff: 2.5, Sum: 190.8]
      [Termination (ms): Min: 0.0, Avg: 1.3, Max: 2.6, Diff: 2.6, Sum: 2.6]
      [GC Worker Other (ms): Min: 0.1, Avg: 0.1, Max: 0.1, Diff: 0.0, Sum: 0.2]
      [GC Worker Total (ms): Min: 281.3, Avg: 281.7, Max: 282.2, Diff: 0.9, Sum: 563.5]
      [GC Worker End (ms): Min: 35628035.0, Avg: 35628036.2, Max: 35628037.5, Diff: 2.5]
   [Code Root Fixup: 0.2 ms]
   [Code Root Migration: 0.1 ms]
   [Clear CT: 0.7 ms]
   [Other: 15.3 ms]
      [Choose CSet: 0.0 ms]
      [Ref Proc: 5.7 ms]
      [Ref Enq: 0.3 ms]
      [Free CSet: 1.3 ms]
   [Eden: 758.0M(758.0M)->0.0B(156.0M) Survivors: 24.0M->48.0M Heap: 2507.0M(4096.0M)->1773.0M(4096.0M)]
 [Times: user=0.19 sys=0.00, real=0.30 secs] 
2016-08-30T23:29:47.053+0200: 35637.187: [GC pause (young), 0.2395410 secs]
   [Parallel Time: 235.1 ms, GC Workers: 2]
      [GC Worker Start (ms): Min: 35637188.4, Avg: 35637189.7, Max: 35637191.0, Diff: 2.6]
      [Ext Root Scanning (ms): Min: 87.7, Avg: 89.2, Max: 90.7, Diff: 3.0, Sum: 178.4]
      [Update RS (ms): Min: 44.0, Avg: 44.2, Max: 44.5, Diff: 0.5, Sum: 88.5]
         [Processed Buffers: Min: 301, Avg: 331.5, Max: 362, Diff: 61, Sum: 663]
      [Scan RS (ms): Min: 16.6, Avg: 19.4, Max: 22.3, Diff: 5.7, Sum: 38.9]
      [Code Root Scanning (ms): Min: 0.0, Avg: 0.0, Max: 0.0, Diff: 0.0, Sum: 0.1]
      [Object Copy (ms): Min: 74.5, Avg: 80.3, Max: 86.1, Diff: 11.6, Sum: 160.6]
      [Termination (ms): Min: 0.0, Avg: 0.3, Max: 0.6, Diff: 0.6, Sum: 0.6]
      [GC Worker Other (ms): Min: 0.0, Avg: 0.1, Max: 0.1, Diff: 0.0, Sum: 0.1]
      [GC Worker Total (ms): Min: 232.0, Avg: 233.6, Max: 235.1, Diff: 3.1, Sum: 467.2]
      [GC Worker End (ms): Min: 35637423.0, Avg: 35637423.3, Max: 35637423.5, Diff: 0.5]
   [Code Root Fixup: 0.2 ms]
   [Code Root Migration: 0.0 ms]
   [Clear CT: 0.5 ms]
   [Other: 3.6 ms]
      [Choose CSet: 0.0 ms]
      [Ref Proc: 0.8 ms]
      [Ref Enq: 0.1 ms]
      [Free CSet: 0.4 ms]
   [Eden: 156.0M(156.0M)->0.0B(180.0M) Survivors: 48.0M->24.0M Heap: 1929.0M(4096.0M)->1789.0M(4096.0M)]
 [Times: user=0.22 sys=0.00, real=0.24 secs] 
2016-08-30T23:30:02.066+0200: 35652.200: [GC pause (young), 0.1252310 secs]
   [Parallel Time: 118.7 ms, GC Workers: 2]
      [GC Worker Start (ms): Min: 35652201.6, Avg: 35652203.2, Max: 35652204.7, Diff: 3.1]
      [Ext Root Scanning (ms): Min: 54.7, Avg: 55.8, Max: 56.9, Diff: 2.3, Sum: 111.6]
      [Update RS (ms): Min: 26.7, Avg: 27.1, Max: 27.6, Diff: 0.9, Sum: 54.3]
         [Processed Buffers: Min: 293, Avg: 298.0, Max: 303, Diff: 10, Sum: 596]
      [Scan RS (ms): Min: 4.8, Avg: 5.4, Max: 5.9, Diff: 1.1, Sum: 10.7]
      [Code Root Scanning (ms): Min: 0.1, Avg: 0.1, Max: 0.1, Diff: 0.0, Sum: 0.1]
      [Object Copy (ms): Min: 28.1, Avg: 28.6, Max: 29.2, Diff: 1.1, Sum: 57.2]
      [Termination (ms): Min: 0.0, Avg: 0.0, Max: 0.0, Diff: 0.0, Sum: 0.0]
      [GC Worker Other (ms): Min: 0.1, Avg: 0.1, Max: 0.1, Diff: 0.0, Sum: 0.1]
      [GC Worker Total (ms): Min: 115.5, Avg: 117.0, Max: 118.6, Diff: 3.1, Sum: 234.1]
      [GC Worker End (ms): Min: 35652320.2, Avg: 35652320.2, Max: 35652320.2, Diff: 0.0]
   [Code Root Fixup: 0.9 ms]
   [Code Root Migration: 0.0 ms]
   [Clear CT: 0.4 ms]
   [Other: 5.2 ms]
      [Choose CSet: 0.0 ms]
      [Ref Proc: 2.0 ms]
      [Ref Enq: 0.1 ms]
      [Free CSet: 0.6 ms]
   [Eden: 180.0M(180.0M)->0.0B(200.0M) Survivors: 24.0M->16.0M Heap: 1969.0M(4096.0M)->1798.0M(4096.0M)]
 [Times: user=0.23 sys=0.01, real=0.12 secs] 
2016-08-30T23:30:18.357+0200: 35668.492: [GC pause (young), 0.1281070 secs]
   [Parallel Time: 122.0 ms, GC Workers: 2]
      [GC Worker Start (ms): Min: 35668493.2, Avg: 35668493.2, Max: 35668493.2, Diff: 0.0]
      [Ext Root Scanning (ms): Min: 50.1, Avg: 50.5, Max: 50.9, Diff: 0.8, Sum: 101.0]
      [Update RS (ms): Min: 33.0, Avg: 33.5, Max: 34.1, Diff: 1.1, Sum: 67.0]
         [Processed Buffers: Min: 346, Avg: 355.5, Max: 365, Diff: 19, Sum: 711]
      [Scan RS (ms): Min: 4.3, Avg: 4.3, Max: 4.3, Diff: 0.0, Sum: 8.6]
      [Code Root Scanning (ms): Min: 0.1, Avg: 0.1, Max: 0.1, Diff: 0.0, Sum: 0.1]
      [Object Copy (ms): Min: 33.2, Avg: 33.4, Max: 33.6, Diff: 0.3, Sum: 66.8]
      [Termination (ms): Min: 0.0, Avg: 0.0, Max: 0.0, Diff: 0.0, Sum: 0.0]
      [GC Worker Other (ms): Min: 0.1, Avg: 0.1, Max: 0.1, Diff: 0.0, Sum: 0.1]
      [GC Worker Total (ms): Min: 121.9, Avg: 121.9, Max: 121.9, Diff: 0.0, Sum: 243.7]
      [GC Worker End (ms): Min: 35668615.0, Avg: 35668615.0, Max: 35668615.0, Diff: 0.0]
   [Code Root Fixup: 0.4 ms]
   [Code Root Migration: 0.0 ms]
   [Clear CT: 0.4 ms]
   [Other: 5.2 ms]
      [Choose CSet: 0.0 ms]
      [Ref Proc: 1.5 ms]
      [Ref Enq: 0.3 ms]
      [Free CSet: 0.6 ms]
   [Eden: 200.0M(200.0M)->0.0B(286.0M) Survivors: 16.0M->28.0M Heap: 1998.0M(4096.0M)->1822.0M(4096.0M)]
 [Times: user=0.25 sys=0.01, real=0.13 secs] 
2016-08-30T23:30:44.576+0200: 35694.710: [GC pause (young), 0.1402320 secs]
   [Parallel Time: 134.7 ms, GC Workers: 2]
      [GC Worker Start (ms): Min: 35694711.7, Avg: 35694711.7, Max: 35694711.8, Diff: 0.0]
      [Ext Root Scanning (ms): Min: 50.2, Avg: 50.3, Max: 50.4, Diff: 0.2, Sum: 100.7]
      [Update RS (ms): Min: 35.0, Avg: 35.3, Max: 35.6, Diff: 0.6, Sum: 70.6]
         [Processed Buffers: Min: 375, Avg: 379.0, Max: 383, Diff: 8, Sum: 758]
      [Scan RS (ms): Min: 7.3, Avg: 7.5, Max: 7.7, Diff: 0.3, Sum: 15.0]
      [Code Root Scanning (ms): Min: 0.1, Avg: 0.1, Max: 0.2, Diff: 0.1, Sum: 0.3]
      [Object Copy (ms): Min: 40.8, Avg: 41.2, Max: 41.6, Diff: 0.9, Sum: 82.4]
      [Termination (ms): Min: 0.0, Avg: 0.0, Max: 0.0, Diff: 0.0, Sum: 0.0]
      [GC Worker Other (ms): Min: 0.2, Avg: 0.2, Max: 0.2, Diff: 0.0, Sum: 0.3]
      [GC Worker Total (ms): Min: 134.6, Avg: 134.6, Max: 134.7, Diff: 0.0, Sum: 269.3]
      [GC Worker End (ms): Min: 35694846.4, Avg: 35694846.4, Max: 35694846.4, Diff: 0.0]
   [Code Root Fixup: 0.2 ms]
   [Code Root Migration: 0.0 ms]
   [Clear CT: 0.4 ms]
   [Other: 4.9 ms]
      [Choose CSet: 0.0 ms]
      [Ref Proc: 1.6 ms]
      [Ref Enq: 0.1 ms]
      [Free CSet: 0.6 ms]
   [Eden: 286.0M(286.0M)->0.0B(228.0M) Survivors: 28.0M->40.0M Heap: 2108.0M(4096.0M)->1861.0M(4096.0M)]
 [Times: user=0.27 sys=0.01, real=0.14 secs] 
2016-08-30T23:31:09.277+0200: 35719.412: [GC pause (young), 0.1314940 secs]
   [Parallel Time: 125.0 ms, GC Workers: 2]
      [GC Worker Start (ms): Min: 35719412.8, Avg: 35719412.8, Max: 35719412.8, Diff: 0.0]
      [Ext Root Scanning (ms): Min: 49.7, Avg: 49.9, Max: 50.1, Diff: 0.4, Sum: 99.8]
      [Update RS (ms): Min: 25.2, Avg: 25.8, Max: 26.5, Diff: 1.3, Sum: 51.7]
         [Processed Buffers: Min: 240, Avg: 263.0, Max: 286, Diff: 46, Sum: 526]
      [Scan RS (ms): Min: 8.0, Avg: 8.1, Max: 8.1, Diff: 0.0, Sum: 16.1]
      [Code Root Scanning (ms): Min: 0.1, Avg: 0.1, Max: 0.1, Diff: 0.1, Sum: 0.2]
      [Object Copy (ms): Min: 40.4, Avg: 40.8, Max: 41.2, Diff: 0.9, Sum: 81.6]
      [Termination (ms): Min: 0.0, Avg: 0.0, Max: 0.0, Diff: 0.0, Sum: 0.0]
      [GC Worker Other (ms): Min: 0.2, Avg: 0.2, Max: 0.2, Diff: 0.0, Sum: 0.3]
      [GC Worker Total (ms): Min: 124.9, Avg: 124.9, Max: 124.9, Diff: 0.0, Sum: 249.8]
      [GC Worker End (ms): Min: 35719537.7, Avg: 35719537.7, Max: 35719537.7, Diff: 0.0]
   [Code Root Fixup: 0.5 ms]
   [Code Root Migration: 0.0 ms]
   [Clear CT: 0.5 ms]
   [Other: 5.5 ms]
      [Choose CSet: 0.0 ms]
      [Ref Proc: 2.3 ms]
      [Ref Enq: 0.2 ms]
      [Free CSet: 0.8 ms]
   [Eden: 228.0M(228.0M)->0.0B(730.0M) Survivors: 40.0M->18.0M Heap: 2089.0M(4096.0M)->1848.0M(4096.0M)]
 [Times: user=0.23 sys=0.01, real=0.13 secs] 
2016-08-30T23:32:02.263+0200: 35772.398: [GC pause (young), 0.1431190 secs]
   [Parallel Time: 133.6 ms, GC Workers: 2]
      [GC Worker Start (ms): Min: 35772399.1, Avg: 35772399.1, Max: 35772399.1, Diff: 0.0]
      [Ext Root Scanning (ms): Min: 50.0, Avg: 50.1, Max: 50.1, Diff: 0.2, Sum: 100.1]
      [Update RS (ms): Min: 39.0, Avg: 39.4, Max: 39.9, Diff: 0.9, Sum: 78.9]
         [Processed Buffers: Min: 234, Avg: 245.5, Max: 257, Diff: 23, Sum: 491]
      [Scan RS (ms): Min: 9.4, Avg: 9.7, Max: 10.0, Diff: 0.6, Sum: 19.4]
      [Code Root Scanning (ms): Min: 0.2, Avg: 0.2, Max: 0.2, Diff: 0.1, Sum: 0.4]
      [Object Copy (ms): Min: 33.7, Avg: 34.0, Max: 34.2, Diff: 0.5, Sum: 67.9]
      [Termination (ms): Min: 0.0, Avg: 0.0, Max: 0.0, Diff: 0.0, Sum: 0.0]
      [GC Worker Other (ms): Min: 0.1, Avg: 0.2, Max: 0.2, Diff: 0.0, Sum: 0.3]
      [GC Worker Total (ms): Min: 133.5, Avg: 133.5, Max: 133.6, Diff: 0.0, Sum: 267.1]
      [GC Worker End (ms): Min: 35772532.6, Avg: 35772532.6, Max: 35772532.6, Diff: 0.0]
   [Code Root Fixup: 0.4 ms]
   [Code Root Migration: 0.1 ms]
   [Clear CT: 0.7 ms]
   [Other: 8.3 ms]
      [Choose CSet: 0.0 ms]
      [Ref Proc: 4.5 ms]
      [Ref Enq: 0.4 ms]
      [Free CSet: 1.4 ms]
   [Eden: 550.0M(550.0M)->0.0B(776.0M) Survivors: 18.0M->24.0M Heap: 2398.0M(4096.0M)->1855.0M(4096.0M)]
 [Times: user=0.28 sys=0.00, real=0.14 secs] 
2016-08-30T23:32:41.814+0200: 35811.948: [GC pause (young), 0.1600160 secs]
   [Parallel Time: 150.2 ms, GC Workers: 2]
      [GC Worker Start (ms): Min: 35811950.0, Avg: 35811950.1, Max: 35811950.1, Diff: 0.0]
      [Ext Root Scanning (ms): Min: 51.0, Avg: 51.6, Max: 52.2, Diff: 1.1, Sum: 103.2]
      [Update RS (ms): Min: 35.2, Avg: 35.4, Max: 35.6, Diff: 0.4, Sum: 70.9]
         [Processed Buffers: Min: 314, Avg: 325.0, Max: 336, Diff: 22, Sum: 650]
      [Scan RS (ms): Min: 12.5, Avg: 12.7, Max: 12.9, Diff: 0.3, Sum: 25.4]
      [Code Root Scanning (ms): Min: 0.1, Avg: 0.2, Max: 0.2, Diff: 0.1, Sum: 0.3]
      [Object Copy (ms): Min: 49.5, Avg: 50.1, Max: 50.7, Diff: 1.2, Sum: 100.2]
      [Termination (ms): Min: 0.0, Avg: 0.0, Max: 0.0, Diff: 0.0, Sum: 0.0]
      [GC Worker Other (ms): Min: 0.1, Avg: 0.1, Max: 0.2, Diff: 0.0, Sum: 0.3]
      [GC Worker Total (ms): Min: 150.1, Avg: 150.1, Max: 150.1, Diff: 0.0, Sum: 300.2]
      [GC Worker End (ms): Min: 35812100.2, Avg: 35812100.2, Max: 35812100.2, Diff: 0.0]
   [Code Root Fixup: 0.6 ms]
   [Code Root Migration: 0.1 ms]
   [Clear CT: 0.6 ms]
   [Other: 8.6 ms]
      [Choose CSet: 0.0 ms]
      [Ref Proc: 4.0 ms]
      [Ref Enq: 0.3 ms]
      [Free CSet: 1.2 ms]
   [Eden: 436.0M(436.0M)->0.0B(510.0M) Survivors: 24.0M->52.0M Heap: 2291.0M(4096.0M)->1882.0M(4096.0M)]
 [Times: user=0.30 sys=0.00, real=0.16 secs] 
2016-08-30T23:33:09.589+0200: 35839.723: [GC pause (young), 0.1408930 secs]
   [Parallel Time: 133.7 ms, GC Workers: 2]
      [GC Worker Start (ms): Min: 35839724.4, Avg: 35839724.4, Max: 35839724.4, Diff: 0.0]
      [Ext Root Scanning (ms): Min: 47.7, Avg: 48.4, Max: 49.2, Diff: 1.5, Sum: 96.8]
      [Update RS (ms): Min: 27.3, Avg: 27.6, Max: 27.8, Diff: 0.5, Sum: 55.2]
         [Processed Buffers: Min: 226, Avg: 240.0, Max: 254, Diff: 28, Sum: 480]
      [Scan RS (ms): Min: 13.8, Avg: 13.8, Max: 13.8, Diff: 0.0, Sum: 27.6]
      [Code Root Scanning (ms): Min: 0.1, Avg: 0.1, Max: 0.1, Diff: 0.0, Sum: 0.2]
      [Object Copy (ms): Min: 43.0, Avg: 43.5, Max: 43.9, Diff: 1.0, Sum: 86.9]
      [Termination (ms): Min: 0.0, Avg: 0.0, Max: 0.0, Diff: 0.0, Sum: 0.0]
      [GC Worker Other (ms): Min: 0.2, Avg: 0.2, Max: 0.2, Diff: 0.0, Sum: 0.3]
      [GC Worker Total (ms): Min: 133.6, Avg: 133.6, Max: 133.6, Diff: 0.0, Sum: 267.2]
      [GC Worker End (ms): Min: 35839858.0, Avg: 35839858.0, Max: 35839858.0, Diff: 0.0]
   [Code Root Fixup: 0.4 ms]
   [Code Root Migration: 0.0 ms]
   [Clear CT: 0.5 ms]
   [Other: 6.2 ms]
      [Choose CSet: 0.0 ms]
      [Ref Proc: 2.9 ms]
      [Ref Enq: 0.2 ms]
      [Free CSet: 0.9 ms]
   [Eden: 270.0M(270.0M)->0.0B(1186.0M) Survivors: 52.0M->18.0M Heap: 2152.0M(4096.0M)->1872.1M(4096.0M)]
 [Times: user=0.28 sys=0.00, real=0.14 secs] 
2016-08-30T23:34:25.077+0200: 35915.211: [GC pause (young) (initial-mark), 0.1943890 secs]
   [Parallel Time: 179.1 ms, GC Workers: 2]
      [GC Worker Start (ms): Min: 35915213.7, Avg: 35915213.7, Max: 35915213.8, Diff: 0.0]
      [Ext Root Scanning (ms): Min: 48.9, Avg: 49.6, Max: 50.4, Diff: 1.5, Sum: 99.3]
      [Code Root Marking (ms): Min: 13.2, Avg: 13.2, Max: 13.2, Diff: 0.1, Sum: 26.4]
      [Update RS (ms): Min: 47.0, Avg: 47.0, Max: 47.1, Diff: 0.1, Sum: 94.1]
         [Processed Buffers: Min: 236, Avg: 239.0, Max: 242, Diff: 6, Sum: 478]
      [Scan RS (ms): Min: 12.1, Avg: 12.4, Max: 12.7, Diff: 0.6, Sum: 24.8]
      [Code Root Scanning (ms): Min: 0.3, Avg: 0.3, Max: 0.3, Diff: 0.0, Sum: 0.6]
      [Object Copy (ms): Min: 55.2, Avg: 56.2, Max: 57.3, Diff: 2.1, Sum: 112.5]
      [Termination (ms): Min: 0.0, Avg: 0.0, Max: 0.0, Diff: 0.0, Sum: 0.0]
      [GC Worker Other (ms): Min: 0.1, Avg: 0.1, Max: 0.1, Diff: 0.0, Sum: 0.3]
      [GC Worker Total (ms): Min: 178.9, Avg: 179.0, Max: 179.0, Diff: 0.0, Sum: 357.9]
      [GC Worker End (ms): Min: 35915392.7, Avg: 35915392.7, Max: 35915392.7, Diff: 0.0]
   [Code Root Fixup: 0.6 ms]
   [Code Root Migration: 0.1 ms]
   [Clear CT: 0.7 ms]
   [Other: 13.9 ms]
      [Choose CSet: 0.0 ms]
      [Ref Proc: 7.3 ms]
      [Ref Enq: 0.6 ms]
      [Free CSet: 2.1 ms]
   [Eden: 844.0M(844.0M)->0.0B(542.0M) Survivors: 18.0M->36.0M Heap: 2716.1M(4096.0M)->1890.1M(4096.0M)]
 [Times: user=0.37 sys=0.00, real=0.19 secs] 
2016-08-30T23:34:25.272+0200: 35915.406: [GC concurrent-root-region-scan-start]
2016-08-30T23:34:25.311+0200: 35915.446: [GC concurrent-root-region-scan-end, 0.0396020 secs]
2016-08-30T23:34:25.311+0200: 35915.446: [GC concurrent-mark-start]
2016-08-30T23:34:26.117+0200: 35916.251: [GC concurrent-mark-end, 0.8054340 secs]
2016-08-30T23:34:26.119+0200: 35916.253: [GC remark 2016-08-30T23:34:26.120+0200: 35916.254: [GC ref-proc, 0.0391840 secs], 0.0540300 secs]
 [Times: user=0.07 sys=0.00, real=0.06 secs] 
2016-08-30T23:34:26.176+0200: 35916.311: [GC cleanup 1905M->1637M(4096M), 0.0249460 secs]
 [Times: user=0.05 sys=0.00, real=0.02 secs] 
2016-08-30T23:34:26.202+0200: 35916.336: [GC concurrent-cleanup-start]
2016-08-30T23:34:26.202+0200: 35916.337: [GC concurrent-cleanup-end, 0.0005720 secs]
2016-08-30T23:35:05.025+0200: 35955.159: [GC pause (young), 0.1470990 secs]
   [Parallel Time: 138.7 ms, GC Workers: 2]
      [GC Worker Start (ms): Min: 35955160.7, Avg: 35955160.7, Max: 35955160.7, Diff: 0.0]
      [Ext Root Scanning (ms): Min: 48.7, Avg: 48.8, Max: 48.9, Diff: 0.2, Sum: 97.6]
      [Update RS (ms): Min: 30.3, Avg: 30.6, Max: 30.8, Diff: 0.5, Sum: 61.1]
         [Processed Buffers: Min: 228, Avg: 238.5, Max: 249, Diff: 21, Sum: 477]
      [Scan RS (ms): Min: 13.6, Avg: 13.7, Max: 13.8, Diff: 0.2, Sum: 27.4]
      [Code Root Scanning (ms): Min: 0.1, Avg: 0.1, Max: 0.1, Diff: 0.0, Sum: 0.3]
      [Object Copy (ms): Min: 44.8, Avg: 45.3, Max: 45.7, Diff: 0.9, Sum: 90.6]
      [Termination (ms): Min: 0.0, Avg: 0.0, Max: 0.0, Diff: 0.0, Sum: 0.0]
      [GC Worker Other (ms): Min: 0.1, Avg: 0.1, Max: 0.1, Diff: 0.0, Sum: 0.3]
      [GC Worker Total (ms): Min: 138.6, Avg: 138.6, Max: 138.6, Diff: 0.0, Sum: 277.2]
      [GC Worker End (ms): Min: 35955299.3, Avg: 35955299.3, Max: 35955299.3, Diff: 0.0]
   [Code Root Fixup: 0.4 ms]
   [Code Root Migration: 0.1 ms]
   [Clear CT: 0.6 ms]
   [Other: 7.3 ms]
      [Choose CSet: 0.0 ms]
      [Ref Proc: 3.7 ms]
      [Ref Enq: 0.3 ms]
      [Free CSet: 1.2 ms]
   [Eden: 392.0M(334.0M)->0.0B(184.0M) Survivors: 36.0M->20.0M Heap: 2014.1M(4096.0M)->1628.0M(4096.0M)]
 [Times: user=0.28 sys=0.00, real=0.15 secs] 
2016-08-30T23:35:18.760+0200: 35968.895: [GC pause (mixed), 0.1748710 secs]
   [Parallel Time: 167.4 ms, GC Workers: 2]
      [GC Worker Start (ms): Min: 35968896.9, Avg: 35968896.9, Max: 35968896.9, Diff: 0.0]
      [Ext Root Scanning (ms): Min: 50.6, Avg: 51.0, Max: 51.3, Diff: 0.6, Sum: 101.9]
      [Update RS (ms): Min: 24.8, Avg: 25.8, Max: 26.7, Diff: 1.9, Sum: 51.5]
         [Processed Buffers: Min: 323, Avg: 348.0, Max: 373, Diff: 50, Sum: 696]
      [Scan RS (ms): Min: 33.2, Avg: 33.6, Max: 34.0, Diff: 0.8, Sum: 67.2]
      [Code Root Scanning (ms): Min: 0.1, Avg: 0.2, Max: 0.3, Diff: 0.2, Sum: 0.4]
      [Object Copy (ms): Min: 56.7, Avg: 56.8, Max: 56.9, Diff: 0.3, Sum: 113.6]
      [Termination (ms): Min: 0.0, Avg: 0.0, Max: 0.0, Diff: 0.0, Sum: 0.0]
      [GC Worker Other (ms): Min: 0.1, Avg: 0.1, Max: 0.1, Diff: 0.0, Sum: 0.1]
      [GC Worker Total (ms): Min: 167.3, Avg: 167.4, Max: 167.4, Diff: 0.0, Sum: 334.7]
      [GC Worker End (ms): Min: 35969064.2, Avg: 35969064.2, Max: 35969064.2, Diff: 0.0]
   [Code Root Fixup: 0.3 ms]
   [Code Root Migration: 0.1 ms]
   [Clear CT: 0.7 ms]
   [Other: 6.4 ms]
      [Choose CSet: 0.4 ms]
      [Ref Proc: 1.1 ms]
      [Ref Enq: 0.1 ms]
      [Free CSet: 1.8 ms]
   [Eden: 184.0M(184.0M)->0.0B(178.0M) Survivors: 20.0M->26.0M Heap: 1812.0M(4096.0M)->1288.0M(4096.0M)]
 [Times: user=0.34 sys=0.00, real=0.17 secs] 
2016-08-30T23:35:36.545+0200: 35986.679: [GC pause (mixed), 0.1778520 secs]
   [Parallel Time: 171.5 ms, GC Workers: 2]
      [GC Worker Start (ms): Min: 35986680.8, Avg: 35986680.8, Max: 35986680.8, Diff: 0.0]
      [Ext Root Scanning (ms): Min: 50.7, Avg: 51.0, Max: 51.4, Diff: 0.7, Sum: 102.1]
      [Update RS (ms): Min: 24.2, Avg: 24.7, Max: 25.1, Diff: 0.9, Sum: 49.3]
         [Processed Buffers: Min: 236, Avg: 256.5, Max: 277, Diff: 41, Sum: 513]
      [Scan RS (ms): Min: 60.1, Avg: 60.3, Max: 60.5, Diff: 0.5, Sum: 120.6]
      [Code Root Scanning (ms): Min: 0.0, Avg: 0.1, Max: 0.2, Diff: 0.1, Sum: 0.2]
      [Object Copy (ms): Min: 34.6, Avg: 35.2, Max: 35.9, Diff: 1.3, Sum: 70.5]
      [Termination (ms): Min: 0.0, Avg: 0.0, Max: 0.0, Diff: 0.0, Sum: 0.0]
      [GC Worker Other (ms): Min: 0.0, Avg: 0.1, Max: 0.1, Diff: 0.0, Sum: 0.1]
      [GC Worker Total (ms): Min: 171.4, Avg: 171.4, Max: 171.4, Diff: 0.0, Sum: 342.8]
      [GC Worker End (ms): Min: 35986852.2, Avg: 35986852.2, Max: 35986852.2, Diff: 0.0]
   [Code Root Fixup: 0.2 ms]
   [Code Root Migration: 0.1 ms]
   [Clear CT: 0.6 ms]
   [Other: 5.4 ms]
      [Choose CSet: 0.7 ms]
      [Ref Proc: 1.2 ms]
      [Ref Enq: 0.1 ms]
      [Free CSet: 1.4 ms]
   [Eden: 178.0M(178.0M)->0.0B(190.0M) Survivors: 26.0M->14.0M Heap: 1466.0M(4096.0M)->1127.0M(4096.0M)]
 [Times: user=0.33 sys=0.01, real=0.17 secs] 
2016-08-30T23:35:49.578+0200: 35999.713: [GC pause (mixed), 0.1843770 secs]
   [Parallel Time: 177.3 ms, GC Workers: 2]
      [GC Worker Start (ms): Min: 35999715.1, Avg: 35999715.1, Max: 35999715.1, Diff: 0.0]
      [Ext Root Scanning (ms): Min: 50.1, Avg: 51.3, Max: 52.5, Diff: 2.5, Sum: 102.6]
      [Update RS (ms): Min: 27.9, Avg: 29.4, Max: 30.8, Diff: 2.9, Sum: 58.8]
         [Processed Buffers: Min: 367, Avg: 380.5, Max: 394, Diff: 27, Sum: 761]
      [Scan RS (ms): Min: 49.0, Avg: 49.1, Max: 49.2, Diff: 0.2, Sum: 98.2]
      [Code Root Scanning (ms): Min: 0.1, Avg: 0.1, Max: 0.2, Diff: 0.2, Sum: 0.3]
      [Object Copy (ms): Min: 47.0, Avg: 47.2, Max: 47.5, Diff: 0.5, Sum: 94.5]
      [Termination (ms): Min: 0.0, Avg: 0.0, Max: 0.0, Diff: 0.0, Sum: 0.0]
      [GC Worker Other (ms): Min: 0.0, Avg: 0.1, Max: 0.1, Diff: 0.1, Sum: 0.2]
      [GC Worker Total (ms): Min: 177.2, Avg: 177.3, Max: 177.3, Diff: 0.0, Sum: 354.5]
      [GC Worker End (ms): Min: 35999892.4, Avg: 35999892.4, Max: 35999892.4, Diff: 0.0]
   [Code Root Fixup: 0.3 ms]
   [Code Root Migration: 0.1 ms]
   [Clear CT: 0.6 ms]
   [Other: 6.1 ms]
      [Choose CSet: 0.9 ms]
      [Ref Proc: 1.1 ms]
      [Ref Enq: 0.1 ms]
      [Free CSet: 1.3 ms]
   [Eden: 190.0M(190.0M)->0.0B(178.0M) Survivors: 14.0M->26.0M Heap: 1317.0M(4096.0M)->988.0M(4096.0M)]
 [Times: user=0.35 sys=0.00, real=0.18 secs] 
2016-08-30T23:36:08.237+0200: 36018.371: [GC pause (mixed), 0.2123020 secs]
   [Parallel Time: 204.9 ms, GC Workers: 2]
      [GC Worker Start (ms): Min: 36018373.4, Avg: 36018373.4, Max: 36018373.5, Diff: 0.1]
      [Ext Root Scanning (ms): Min: 50.0, Avg: 52.7, Max: 55.3, Diff: 5.4, Sum: 105.3]
      [Update RS (ms): Min: 21.9, Avg: 24.8, Max: 27.7, Diff: 5.8, Sum: 49.6]
         [Processed Buffers: Min: 219, Avg: 261.0, Max: 303, Diff: 84, Sum: 522]
      [Scan RS (ms): Min: 57.9, Avg: 58.0, Max: 58.1, Diff: 0.2, Sum: 115.9]
      [Code Root Scanning (ms): Min: 0.1, Avg: 0.3, Max: 0.4, Diff: 0.3, Sum: 0.5]
      [Object Copy (ms): Min: 69.0, Avg: 69.1, Max: 69.2, Diff: 0.1, Sum: 138.2]
      [Termination (ms): Min: 0.0, Avg: 0.0, Max: 0.0, Diff: 0.0, Sum: 0.0]
      [GC Worker Other (ms): Min: 0.1, Avg: 0.1, Max: 0.1, Diff: 0.0, Sum: 0.1]
      [GC Worker Total (ms): Min: 204.8, Avg: 204.8, Max: 204.9, Diff: 0.1, Sum: 409.6]
      [GC Worker End (ms): Min: 36018578.2, Avg: 36018578.2, Max: 36018578.2, Diff: 0.0]
   [Code Root Fixup: 0.4 ms]
   [Code Root Migration: 0.3 ms]
   [Clear CT: 0.8 ms]
   [Other: 5.9 ms]
      [Choose CSet: 0.7 ms]
      [Ref Proc: 1.3 ms]
      [Ref Enq: 0.1 ms]
      [Free CSet: 1.4 ms]
   [Eden: 178.0M(178.0M)->0.0B(190.0M) Survivors: 26.0M->14.0M Heap: 1166.0M(4096.0M)->893.0M(4096.0M)]
 [Times: user=0.41 sys=0.00, real=0.22 secs] 
2016-08-30T23:36:23.267+0200: 36033.402: [GC pause (young), 0.1112870 secs]
   [Parallel Time: 106.5 ms, GC Workers: 2]
      [GC Worker Start (ms): Min: 36033402.8, Avg: 36033402.9, Max: 36033402.9, Diff: 0.0]
      [Ext Root Scanning (ms): Min: 49.0, Avg: 49.1, Max: 49.3, Diff: 0.3, Sum: 98.2]
      [Update RS (ms): Min: 26.9, Avg: 27.7, Max: 28.4, Diff: 1.5, Sum: 55.3]
         [Processed Buffers: Min: 224, Avg: 238.0, Max: 252, Diff: 28, Sum: 476]
      [Scan RS (ms): Min: 5.2, Avg: 5.5, Max: 5.7, Diff: 0.5, Sum: 10.9]
      [Code Root Scanning (ms): Min: 0.0, Avg: 0.1, Max: 0.1, Diff: 0.1, Sum: 0.1]
      [Object Copy (ms): Min: 23.7, Avg: 24.0, Max: 24.4, Diff: 0.7, Sum: 48.1]
      [Termination (ms): Min: 0.0, Avg: 0.0, Max: 0.0, Diff: 0.0, Sum: 0.0]
      [GC Worker Other (ms): Min: 0.1, Avg: 0.1, Max: 0.1, Diff: 0.0, Sum: 0.1]
      [GC Worker Total (ms): Min: 106.4, Avg: 106.4, Max: 106.4, Diff: 0.0, Sum: 212.9]
      [GC Worker End (ms): Min: 36033509.3, Avg: 36033509.3, Max: 36033509.3, Diff: 0.0]
   [Code Root Fixup: 0.5 ms]
   [Code Root Migration: 0.0 ms]
   [Clear CT: 0.3 ms]
   [Other: 3.9 ms]
      [Choose CSet: 0.0 ms]
      [Ref Proc: 1.3 ms]
      [Ref Enq: 0.1 ms]
      [Free CSet: 0.6 ms]
   [Eden: 190.0M(190.0M)->0.0B(182.0M) Survivors: 14.0M->22.0M Heap: 1083.0M(4096.0M)->901.0M(4096.0M)]
 [Times: user=0.22 sys=0.00, real=0.11 secs] 
2016-08-30T23:36:41.577+0200: 36051.712: [GC pause (young), 0.1223890 secs]
   [Parallel Time: 116.3 ms, GC Workers: 2]
      [GC Worker Start (ms): Min: 36051713.1, Avg: 36051713.1, Max: 36051713.1, Diff: 0.0]
      [Ext Root Scanning (ms): Min: 49.8, Avg: 50.3, Max: 50.9, Diff: 1.1, Sum: 100.7]
      [Update RS (ms): Min: 26.7, Avg: 27.5, Max: 28.4, Diff: 1.7, Sum: 55.1]
         [Processed Buffers: Min: 280, Avg: 292.0, Max: 304, Diff: 24, Sum: 584]
      [Scan RS (ms): Min: 7.0, Avg: 7.7, Max: 8.5, Diff: 1.5, Sum: 15.5]
      [Code Root Scanning (ms): Min: 0.0, Avg: 0.1, Max: 0.1, Diff: 0.1, Sum: 0.2]
      [Object Copy (ms): Min: 29.9, Avg: 30.5, Max: 31.0, Diff: 1.1, Sum: 61.0]
      [Termination (ms): Min: 0.0, Avg: 0.0, Max: 0.0, Diff: 0.0, Sum: 0.0]
      [GC Worker Other (ms): Min: 0.1, Avg: 0.1, Max: 0.1, Diff: 0.0, Sum: 0.2]
      [GC Worker Total (ms): Min: 116.2, Avg: 116.3, Max: 116.3, Diff: 0.0, Sum: 232.5]
      [GC Worker End (ms): Min: 36051829.3, Avg: 36051829.3, Max: 36051829.3, Diff: 0.0]
   [Code Root Fixup: 0.4 ms]
   [Code Root Migration: 0.0 ms]
   [Clear CT: 0.4 ms]
   [Other: 5.3 ms]
      [Choose CSet: 0.0 ms]
      [Ref Proc: 1.9 ms]
      [Ref Enq: 0.1 ms]
      [Free CSet: 0.6 ms]
   [Eden: 182.0M(182.0M)->0.0B(180.0M) Survivors: 22.0M->24.0M Heap: 1083.0M(4096.0M)->909.0M(4096.0M)]
 [Times: user=0.24 sys=0.00, real=0.12 secs] 
2016-08-30T23:36:57.289+0200: 36067.423: [GC pause (young), 0.1124420 secs]
   [Parallel Time: 107.6 ms, GC Workers: 2]
      [GC Worker Start (ms): Min: 36067424.3, Avg: 36067424.3, Max: 36067424.3, Diff: 0.0]
      [Ext Root Scanning (ms): Min: 48.8, Avg: 50.2, Max: 51.7, Diff: 2.9, Sum: 100.5]
      [Update RS (ms): Min: 23.0, Avg: 23.2, Max: 23.4, Diff: 0.4, Sum: 46.4]
         [Processed Buffers: Min: 227, Avg: 237.0, Max: 247, Diff: 20, Sum: 474]
      [Scan RS (ms): Min: 7.0, Avg: 7.4, Max: 7.8, Diff: 0.7, Sum: 14.8]
      [Code Root Scanning (ms): Min: 0.1, Avg: 0.1, Max: 0.1, Diff: 0.0, Sum: 0.1]
      [Object Copy (ms): Min: 24.9, Avg: 26.5, Max: 28.1, Diff: 3.2, Sum: 52.9]
      [Termination (ms): Min: 0.0, Avg: 0.0, Max: 0.0, Diff: 0.0, Sum: 0.0]
      [GC Worker Other (ms): Min: 0.1, Avg: 0.1, Max: 0.2, Diff: 0.1, Sum: 0.2]
      [GC Worker Total (ms): Min: 107.5, Avg: 107.5, Max: 107.5, Diff: 0.0, Sum: 214.9]
      [GC Worker End (ms): Min: 36067531.8, Avg: 36067531.8, Max: 36067531.8, Diff: 0.0]
   [Code Root Fixup: 0.4 ms]
   [Code Root Migration: 0.0 ms]
   [Clear CT: 0.4 ms]
   [Other: 4.1 ms]
      [Choose CSet: 0.0 ms]
      [Ref Proc: 1.6 ms]
      [Ref Enq: 0.1 ms]
      [Free CSet: 0.6 ms]
   [Eden: 180.0M(180.0M)->0.0B(748.0M) Survivors: 24.0M->14.0M Heap: 1089.0M(4096.0M)->911.0M(4096.0M)]
 [Times: user=0.21 sys=0.00, real=0.11 secs] 
2016-08-30T23:38:12.124+0200: 36142.259: [GC pause (young), 0.1799070 secs]
   [Parallel Time: 167.1 ms, GC Workers: 2]
      [GC Worker Start (ms): Min: 36142260.6, Avg: 36142260.6, Max: 36142260.7, Diff: 0.0]
      [Ext Root Scanning (ms): Min: 56.9, Avg: 56.9, Max: 56.9, Diff: 0.0, Sum: 113.8]
      [Update RS (ms): Min: 41.4, Avg: 43.5, Max: 45.6, Diff: 4.3, Sum: 87.0]
         [Processed Buffers: Min: 310, Avg: 343.0, Max: 376, Diff: 66, Sum: 686]
      [Scan RS (ms): Min: 10.5, Avg: 10.5, Max: 10.6, Diff: 0.1, Sum: 21.1]
      [Code Root Scanning (ms): Min: 0.2, Avg: 0.2, Max: 0.3, Diff: 0.1, Sum: 0.5]
      [Object Copy (ms): Min: 53.4, Avg: 55.6, Max: 57.9, Diff: 4.4, Sum: 111.3]
      [Termination (ms): Min: 0.0, Avg: 0.0, Max: 0.0, Diff: 0.0, Sum: 0.0]
      [GC Worker Other (ms): Min: 0.1, Avg: 0.1, Max: 0.2, Diff: 0.1, Sum: 0.3]
      [GC Worker Total (ms): Min: 166.9, Avg: 167.0, Max: 167.0, Diff: 0.0, Sum: 333.9]
      [GC Worker End (ms): Min: 36142427.6, Avg: 36142427.6, Max: 36142427.6, Diff: 0.0]
   [Code Root Fixup: 0.4 ms]
   [Code Root Migration: 0.1 ms]
   [Clear CT: 0.6 ms]
   [Other: 11.8 ms]
      [Choose CSet: 0.0 ms]
      [Ref Proc: 7.0 ms]
      [Ref Enq: 0.3 ms]
      [Free CSet: 1.5 ms]
   [Eden: 748.0M(748.0M)->0.0B(346.0M) Survivors: 14.0M->50.0M Heap: 1659.0M(4096.0M)->946.0M(4096.0M)]
 [Times: user=0.32 sys=0.00, real=0.18 secs] 
2016-08-30T23:38:47.745+0200: 36177.880: [GC pause (young), 0.1604150 secs]
   [Parallel Time: 155.6 ms, GC Workers: 2]
      [GC Worker Start (ms): Min: 36177892.0, Avg: 36177892.0, Max: 36177892.0, Diff: 0.0]
      [Ext Root Scanning (ms): Min: 44.3, Avg: 57.8, Max: 71.3, Diff: 27.1, Sum: 115.6]
      [Update RS (ms): Min: 16.2, Avg: 30.7, Max: 45.2, Diff: 29.0, Sum: 61.4]
         [Processed Buffers: Min: 207, Avg: 363.0, Max: 519, Diff: 312, Sum: 726]
      [Scan RS (ms): Min: 10.3, Avg: 12.6, Max: 14.9, Diff: 4.6, Sum: 25.2]
      [Code Root Scanning (ms): Min: 0.0, Avg: 0.1, Max: 0.1, Diff: 0.0, Sum: 0.1]
      [Object Copy (ms): Min: 39.6, Avg: 41.3, Max: 42.9, Diff: 3.3, Sum: 82.5]
      [Termination (ms): Min: 0.0, Avg: 1.7, Max: 3.4, Diff: 3.3, Sum: 3.4]
      [GC Worker Other (ms): Min: 0.1, Avg: 0.1, Max: 0.1, Diff: 0.0, Sum: 0.2]
      [GC Worker Total (ms): Min: 144.2, Avg: 144.2, Max: 144.2, Diff: 0.0, Sum: 288.4]
      [GC Worker End (ms): Min: 36178036.1, Avg: 36178036.2, Max: 36178036.2, Diff: 0.0]
   [Code Root Fixup: 0.2 ms]
   [Code Root Migration: 0.0 ms]
   [Clear CT: 0.4 ms]
   [Other: 4.2 ms]
      [Choose CSet: 0.0 ms]
      [Ref Proc: 1.7 ms]
      [Ref Enq: 0.1 ms]
      [Free CSet: 0.6 ms]
   [Eden: 346.0M(346.0M)->0.0B(344.0M) Survivors: 50.0M->44.0M Heap: 1292.0M(4096.0M)->958.0M(4096.0M)]
 [Times: user=0.15 sys=0.00, real=0.16 secs] 
2016-08-30T23:39:22.097+0200: 36212.232: [GC pause (young), 0.1525240 secs]
   [Parallel Time: 145.1 ms, GC Workers: 2]
      [GC Worker Start (ms): Min: 36212232.8, Avg: 36212233.2, Max: 36212233.5, Diff: 0.7]
      [Ext Root Scanning (ms): Min: 50.3, Avg: 53.6, Max: 56.8, Diff: 6.6, Sum: 107.1]
      [Update RS (ms): Min: 39.9, Avg: 43.9, Max: 47.8, Diff: 7.9, Sum: 87.8]
         [Processed Buffers: Min: 201, Avg: 269.5, Max: 338, Diff: 137, Sum: 539]
      [Scan RS (ms): Min: 8.7, Avg: 8.8, Max: 8.8, Diff: 0.1, Sum: 17.5]
      [Code Root Scanning (ms): Min: 0.1, Avg: 0.1, Max: 0.2, Diff: 0.1, Sum: 0.2]
      [Object Copy (ms): Min: 37.8, Avg: 38.2, Max: 38.6, Diff: 0.8, Sum: 76.5]
      [Termination (ms): Min: 0.0, Avg: 0.0, Max: 0.0, Diff: 0.0, Sum: 0.0]
      [GC Worker Other (ms): Min: 0.2, Avg: 0.2, Max: 0.2, Diff: 0.0, Sum: 0.4]
      [GC Worker Total (ms): Min: 144.4, Avg: 144.8, Max: 145.1, Diff: 0.7, Sum: 289.5]
      [GC Worker End (ms): Min: 36212377.9, Avg: 36212377.9, Max: 36212377.9, Diff: 0.0]
   [Code Root Fixup: 0.5 ms]
   [Code Root Migration: 0.1 ms]
   [Clear CT: 0.5 ms]
   [Other: 6.4 ms]
      [Choose CSet: 0.0 ms]
      [Ref Proc: 3.1 ms]
      [Ref Enq: 0.3 ms]
      [Free CSet: 1.0 ms]
   [Eden: 344.0M(344.0M)->0.0B(522.0M) Survivors: 44.0M->34.0M Heap: 1302.0M(4096.0M)->958.0M(4096.0M)]
 [Times: user=0.26 sys=0.00, real=0.15 secs] 
2016-08-30T23:40:11.463+0200: 36261.597: [GC pause (young), 0.1617410 secs]
   [Parallel Time: 150.6 ms, GC Workers: 2]
      [GC Worker Start (ms): Min: 36261598.8, Avg: 36261598.8, Max: 36261598.8, Diff: 0.0]
      [Ext Root Scanning (ms): Min: 53.9, Avg: 58.8, Max: 63.7, Diff: 9.8, Sum: 117.6]
      [Update RS (ms): Min: 33.9, Avg: 38.8, Max: 43.7, Diff: 9.8, Sum: 77.7]
         [Processed Buffers: Min: 274, Avg: 285.5, Max: 297, Diff: 23, Sum: 571]
      [Scan RS (ms): Min: 11.0, Avg: 11.1, Max: 11.1, Diff: 0.1, Sum: 22.1]
      [Code Root Scanning (ms): Min: 0.1, Avg: 0.2, Max: 0.2, Diff: 0.1, Sum: 0.4]
      [Object Copy (ms): Min: 41.4, Avg: 41.5, Max: 41.6, Diff: 0.2, Sum: 83.0]
      [Termination (ms): Min: 0.0, Avg: 0.0, Max: 0.0, Diff: 0.0, Sum: 0.0]
      [GC Worker Other (ms): Min: 0.1, Avg: 0.1, Max: 0.1, Diff: 0.0, Sum: 0.3]
      [GC Worker Total (ms): Min: 150.5, Avg: 150.5, Max: 150.5, Diff: 0.0, Sum: 301.0]
      [GC Worker End (ms): Min: 36261749.3, Avg: 36261749.3, Max: 36261749.3, Diff: 0.0]
   [Code Root Fixup: 0.4 ms]
   [Code Root Migration: 0.1 ms]
   [Clear CT: 1.0 ms]
   [Other: 9.7 ms]
      [Choose CSet: 0.0 ms]
      [Ref Proc: 5.0 ms]
      [Ref Enq: 0.4 ms]
      [Free CSet: 1.5 ms]
   [Eden: 522.0M(522.0M)->0.0B(590.0M) Survivors: 34.0M->38.0M Heap: 1480.0M(4096.0M)->963.0M(4096.0M)]
 [Times: user=0.29 sys=0.00, real=0.17 secs] 
2016-08-30T23:41:03.288+0200: 36313.423: [GC pause (young), 0.1477610 secs]
   [Parallel Time: 139.7 ms, GC Workers: 2]
      [GC Worker Start (ms): Min: 36313423.7, Avg: 36313424.0, Max: 36313424.3, Diff: 0.5]
      [Ext Root Scanning (ms): Min: 48.7, Avg: 48.8, Max: 48.8, Diff: 0.1, Sum: 97.6]
      [Update RS (ms): Min: 32.7, Avg: 32.7, Max: 32.7, Diff: 0.0, Sum: 65.4]
         [Processed Buffers: Min: 233, Avg: 249.5, Max: 266, Diff: 33, Sum: 499]
      [Scan RS (ms): Min: 13.8, Avg: 13.9, Max: 14.0, Diff: 0.2, Sum: 27.8]
      [Code Root Scanning (ms): Min: 0.2, Avg: 0.2, Max: 0.2, Diff: 0.0, Sum: 0.4]
      [Object Copy (ms): Min: 43.2, Avg: 43.6, Max: 44.0, Diff: 0.8, Sum: 87.2]
      [Termination (ms): Min: 0.0, Avg: 0.0, Max: 0.0, Diff: 0.0, Sum: 0.0]
      [GC Worker Other (ms): Min: 0.2, Avg: 0.2, Max: 0.2, Diff: 0.0, Sum: 0.3]
      [GC Worker Total (ms): Min: 139.1, Avg: 139.4, Max: 139.6, Diff: 0.5, Sum: 278.7]
      [GC Worker End (ms): Min: 36313563.4, Avg: 36313563.4, Max: 36313563.4, Diff: 0.0]
   [Code Root Fixup: 0.2 ms]
   [Code Root Migration: 0.1 ms]
   [Clear CT: 0.4 ms]
   [Other: 7.3 ms]
      [Choose CSet: 0.0 ms]
      [Ref Proc: 3.7 ms]
      [Ref Enq: 0.2 ms]
      [Free CSet: 1.3 ms]
   [Eden: 590.0M(590.0M)->0.0B(844.0M) Survivors: 38.0M->40.0M Heap: 1553.0M(4096.0M)->965.0M(4096.0M)]
 [Times: user=0.29 sys=0.00, real=0.15 secs] 
2016-08-30T23:42:24.935+0200: 36395.069: [GC pause (young), 0.1759520 secs]
   [Parallel Time: 163.0 ms, GC Workers: 2]
      [GC Worker Start (ms): Min: 36395070.5, Avg: 36395070.6, Max: 36395070.6, Diff: 0.0]
      [Ext Root Scanning (ms): Min: 47.8, Avg: 47.9, Max: 48.0, Diff: 0.2, Sum: 95.9]
      [Update RS (ms): Min: 36.8, Avg: 36.9, Max: 37.0, Diff: 0.3, Sum: 73.8]
         [Processed Buffers: Min: 242, Avg: 250.0, Max: 258, Diff: 16, Sum: 500]
      [Scan RS (ms): Min: 18.1, Avg: 18.2, Max: 18.3, Diff: 0.2, Sum: 36.5]
      [Code Root Scanning (ms): Min: 0.3, Avg: 0.3, Max: 0.3, Diff: 0.1, Sum: 0.6]
      [Object Copy (ms): Min: 59.3, Avg: 59.4, Max: 59.5, Diff: 0.2, Sum: 118.8]
      [Termination (ms): Min: 0.0, Avg: 0.0, Max: 0.0, Diff: 0.0, Sum: 0.0]
      [GC Worker Other (ms): Min: 0.2, Avg: 0.2, Max: 0.2, Diff: 0.0, Sum: 0.3]
      [GC Worker Total (ms): Min: 162.9, Avg: 162.9, Max: 163.0, Diff: 0.0, Sum: 325.9]
      [GC Worker End (ms): Min: 36395233.5, Avg: 36395233.5, Max: 36395233.5, Diff: 0.0]
   [Code Root Fixup: 0.5 ms]
   [Code Root Migration: 0.1 ms]
   [Clear CT: 0.6 ms]
   [Other: 11.7 ms]
      [Choose CSet: 0.0 ms]
      [Ref Proc: 6.8 ms]
      [Ref Enq: 0.6 ms]
      [Free CSet: 2.1 ms]
   [Eden: 844.0M(844.0M)->0.0B(794.0M) Survivors: 40.0M->50.0M Heap: 1809.0M(4096.0M)->975.0M(4096.0M)]
 [Times: user=0.34 sys=0.00, real=0.17 secs] 
2016-08-30T23:43:41.405+0200: 36471.539: [GC pause (young), 0.1816880 secs]
   [Parallel Time: 170.8 ms, GC Workers: 2]
      [GC Worker Start (ms): Min: 36471540.6, Avg: 36471540.6, Max: 36471540.6, Diff: 0.0]
      [Ext Root Scanning (ms): Min: 52.1, Avg: 52.4, Max: 52.8, Diff: 0.6, Sum: 104.9]
      [Update RS (ms): Min: 44.2, Avg: 45.0, Max: 45.8, Diff: 1.6, Sum: 90.0]
         [Processed Buffers: Min: 229, Avg: 252.0, Max: 275, Diff: 46, Sum: 504]
      [Scan RS (ms): Min: 21.9, Avg: 22.7, Max: 23.6, Diff: 1.7, Sum: 45.4]
      [Code Root Scanning (ms): Min: 0.3, Avg: 0.3, Max: 0.3, Diff: 0.0, Sum: 0.6]
      [Object Copy (ms): Min: 49.9, Avg: 50.0, Max: 50.1, Diff: 0.2, Sum: 99.9]
      [Termination (ms): Min: 0.0, Avg: 0.0, Max: 0.0, Diff: 0.0, Sum: 0.0]
      [GC Worker Other (ms): Min: 0.1, Avg: 0.3, Max: 0.4, Diff: 0.3, Sum: 0.6]
      [GC Worker Total (ms): Min: 170.7, Avg: 170.7, Max: 170.7, Diff: 0.0, Sum: 341.4]
      [GC Worker End (ms): Min: 36471711.3, Avg: 36471711.3, Max: 36471711.3, Diff: 0.0]
   [Code Root Fixup: 0.3 ms]
   [Code Root Migration: 0.1 ms]
   [Clear CT: 0.5 ms]
   [Other: 10.0 ms]
      [Choose CSet: 0.0 ms]
      [Ref Proc: 5.3 ms]
      [Ref Enq: 0.3 ms]
      [Free CSet: 1.8 ms]
   [Eden: 794.0M(794.0M)->0.0B(692.0M) Survivors: 50.0M->56.0M Heap: 1769.0M(4096.0M)->981.0M(4096.0M)]
 [Times: user=0.34 sys=0.01, real=0.19 secs] 
2016-08-30T23:44:41.826+0200: 36531.960: [GC pause (young), 0.2041830 secs]
   [Parallel Time: 190.6 ms, GC Workers: 2]
      [GC Worker Start (ms): Min: 36531962.4, Avg: 36531962.4, Max: 36531962.4, Diff: 0.0]
      [Ext Root Scanning (ms): Min: 52.1, Avg: 52.4, Max: 52.7, Diff: 0.6, Sum: 104.8]
      [Update RS (ms): Min: 35.7, Avg: 36.0, Max: 36.4, Diff: 0.7, Sum: 72.1]
         [Processed Buffers: Min: 311, Avg: 313.0, Max: 315, Diff: 4, Sum: 626]
      [Scan RS (ms): Min: 21.2, Avg: 21.7, Max: 22.3, Diff: 1.1, Sum: 43.5]
      [Code Root Scanning (ms): Min: 0.2, Avg: 0.2, Max: 0.3, Diff: 0.1, Sum: 0.5]
      [Object Copy (ms): Min: 79.1, Avg: 79.8, Max: 80.4, Diff: 1.3, Sum: 159.5]
      [Termination (ms): Min: 0.0, Avg: 0.0, Max: 0.0, Diff: 0.0, Sum: 0.0]
      [GC Worker Other (ms): Min: 0.2, Avg: 0.4, Max: 0.5, Diff: 0.4, Sum: 0.7]
      [GC Worker Total (ms): Min: 190.5, Avg: 190.5, Max: 190.5, Diff: 0.0, Sum: 381.1]
      [GC Worker End (ms): Min: 36532152.9, Avg: 36532152.9, Max: 36532152.9, Diff: 0.0]
   [Code Root Fixup: 0.5 ms]
   [Code Root Migration: 0.1 ms]
   [Clear CT: 0.6 ms]
   [Other: 12.3 ms]
      [Choose CSet: 0.0 ms]
      [Ref Proc: 6.3 ms]
      [Ref Enq: 0.6 ms]
      [Free CSet: 2.0 ms]
   [Eden: 692.0M(692.0M)->0.0B(422.0M) Survivors: 56.0M->66.0M Heap: 1673.0M(4096.0M)->998.5M(4096.0M)]
 [Times: user=0.39 sys=0.00, real=0.20 secs] 
2016-08-30T23:45:24.818+0200: 36574.952: [GC pause (young), 0.1749790 secs]
   [Parallel Time: 166.3 ms, GC Workers: 2]
      [GC Worker Start (ms): Min: 36574953.3, Avg: 36574953.3, Max: 36574953.4, Diff: 0.0]
      [Ext Root Scanning (ms): Min: 49.4, Avg: 50.4, Max: 51.3, Diff: 1.9, Sum: 100.7]
      [Update RS (ms): Min: 27.6, Avg: 28.2, Max: 28.8, Diff: 1.2, Sum: 56.4]
         [Processed Buffers: Min: 229, Avg: 238.0, Max: 247, Diff: 18, Sum: 476]
      [Scan RS (ms): Min: 18.4, Avg: 18.4, Max: 18.4, Diff: 0.0, Sum: 36.8]
      [Code Root Scanning (ms): Min: 0.1, Avg: 0.2, Max: 0.2, Diff: 0.1, Sum: 0.3]
      [Object Copy (ms): Min: 68.4, Avg: 68.8, Max: 69.2, Diff: 0.7, Sum: 137.6]
      [Termination (ms): Min: 0.0, Avg: 0.0, Max: 0.0, Diff: 0.0, Sum: 0.0]
      [GC Worker Other (ms): Min: 0.2, Avg: 0.2, Max: 0.3, Diff: 0.1, Sum: 0.5]
      [GC Worker Total (ms): Min: 166.1, Avg: 166.2, Max: 166.2, Diff: 0.0, Sum: 332.3]
      [GC Worker End (ms): Min: 36575119.5, Avg: 36575119.5, Max: 36575119.5, Diff: 0.0]
   [Code Root Fixup: 0.4 ms]
   [Code Root Migration: 0.1 ms]
   [Clear CT: 0.5 ms]
   [Other: 7.6 ms]
      [Choose CSet: 0.0 ms]
      [Ref Proc: 3.5 ms]
      [Ref Enq: 0.3 ms]
      [Free CSet: 1.3 ms]
   [Eden: 422.0M(422.0M)->0.0B(752.0M) Survivors: 66.0M->28.0M Heap: 1420.5M(4096.0M)->994.0M(4096.0M)]
 [Times: user=0.34 sys=0.00, real=0.18 secs] 
2016-08-30T23:46:42.031+0200: 36652.166: [GC pause (young), 0.1594960 secs]
   [Parallel Time: 150.5 ms, GC Workers: 2]
      [GC Worker Start (ms): Min: 36652167.5, Avg: 36652167.5, Max: 36652167.5, Diff: 0.0]
      [Ext Root Scanning (ms): Min: 53.5, Avg: 53.8, Max: 54.0, Diff: 0.4, Sum: 107.5]
      [Update RS (ms): Min: 42.3, Avg: 42.7, Max: 43.1, Diff: 0.8, Sum: 85.4]
         [Processed Buffers: Min: 310, Avg: 329.5, Max: 349, Diff: 39, Sum: 659]
      [Scan RS (ms): Min: 12.3, Avg: 12.5, Max: 12.6, Diff: 0.4, Sum: 24.9]
      [Code Root Scanning (ms): Min: 0.2, Avg: 0.3, Max: 0.3, Diff: 0.1, Sum: 0.5]
      [Object Copy (ms): Min: 41.1, Avg: 41.1, Max: 41.1, Diff: 0.0, Sum: 82.2]
      [Termination (ms): Min: 0.0, Avg: 0.0, Max: 0.0, Diff: 0.0, Sum: 0.0]
      [GC Worker Other (ms): Min: 0.1, Avg: 0.2, Max: 0.2, Diff: 0.0, Sum: 0.3]
      [GC Worker Total (ms): Min: 150.4, Avg: 150.4, Max: 150.4, Diff: 0.0, Sum: 300.8]
      [GC Worker End (ms): Min: 36652317.9, Avg: 36652317.9, Max: 36652317.9, Diff: 0.0]
   [Code Root Fixup: 0.3 ms]
   [Code Root Migration: 0.1 ms]
   [Clear CT: 0.4 ms]
   [Other: 8.2 ms]
      [Choose CSet: 0.0 ms]
      [Ref Proc: 3.7 ms]
      [Ref Enq: 0.3 ms]
      [Free CSet: 1.4 ms]
   [Eden: 752.0M(752.0M)->0.0B(662.0M) Survivors: 28.0M->52.0M Heap: 1746.0M(4096.0M)->1019.0M(4096.0M)]
 [Times: user=0.31 sys=0.01, real=0.16 secs] 
2016-08-30T23:47:51.398+0200: 36721.533: [GC pause (young), 0.1770760 secs]
   [Parallel Time: 167.9 ms, GC Workers: 2]
      [GC Worker Start (ms): Min: 36721534.0, Avg: 36721534.1, Max: 36721534.1, Diff: 0.1]
      [Ext Root Scanning (ms): Min: 50.7, Avg: 51.1, Max: 51.5, Diff: 0.8, Sum: 102.2]
      [Update RS (ms): Min: 43.4, Avg: 43.7, Max: 43.9, Diff: 0.5, Sum: 87.4]
         [Processed Buffers: Min: 321, Avg: 353.5, Max: 386, Diff: 65, Sum: 707]
      [Scan RS (ms): Min: 20.2, Avg: 20.8, Max: 21.3, Diff: 1.2, Sum: 41.5]
      [Code Root Scanning (ms): Min: 0.1, Avg: 0.2, Max: 0.3, Diff: 0.2, Sum: 0.4]
      [Object Copy (ms): Min: 51.7, Avg: 51.8, Max: 52.0, Diff: 0.3, Sum: 103.7]
      [Termination (ms): Min: 0.0, Avg: 0.0, Max: 0.0, Diff: 0.0, Sum: 0.0]
      [GC Worker Other (ms): Min: 0.2, Avg: 0.2, Max: 0.2, Diff: 0.0, Sum: 0.4]
      [GC Worker Total (ms): Min: 167.8, Avg: 167.8, Max: 167.8, Diff: 0.1, Sum: 335.6]
      [GC Worker End (ms): Min: 36721701.9, Avg: 36721701.9, Max: 36721701.9, Diff: 0.0]
   [Code Root Fixup: 0.2 ms]
   [Code Root Migration: 0.1 ms]
   [Clear CT: 0.4 ms]
   [Other: 8.4 ms]
      [Choose CSet: 0.0 ms]
      [Ref Proc: 4.5 ms]
      [Ref Enq: 0.3 ms]
      [Free CSet: 1.3 ms]
   [Eden: 662.0M(662.0M)->0.0B(454.0M) Survivors: 52.0M->66.0M Heap: 1681.0M(4096.0M)->1039.0M(4096.0M)]
 [Times: user=0.33 sys=0.00, real=0.18 secs] 
2016-08-30T23:48:39.676+0200: 36769.810: [GC pause (young), 0.1654120 secs]
   [Parallel Time: 155.9 ms, GC Workers: 2]
      [GC Worker Start (ms): Min: 36769811.3, Avg: 36769811.4, Max: 36769811.4, Diff: 0.0]
      [Ext Root Scanning (ms): Min: 50.8, Avg: 56.5, Max: 62.3, Diff: 11.5, Sum: 113.0]
      [Update RS (ms): Min: 26.6, Avg: 32.5, Max: 38.4, Diff: 11.8, Sum: 64.9]
         [Processed Buffers: Min: 220, Avg: 241.0, Max: 262, Diff: 42, Sum: 482]
      [Scan RS (ms): Min: 14.9, Avg: 15.0, Max: 15.0, Diff: 0.1, Sum: 29.9]
      [Code Root Scanning (ms): Min: 0.1, Avg: 0.2, Max: 0.2, Diff: 0.1, Sum: 0.3]
      [Object Copy (ms): Min: 51.3, Avg: 51.5, Max: 51.7, Diff: 0.5, Sum: 103.0]
      [Termination (ms): Min: 0.0, Avg: 0.0, Max: 0.0, Diff: 0.0, Sum: 0.0]
      [GC Worker Other (ms): Min: 0.2, Avg: 0.2, Max: 0.2, Diff: 0.0, Sum: 0.3]
      [GC Worker Total (ms): Min: 155.8, Avg: 155.8, Max: 155.8, Diff: 0.0, Sum: 311.6]
      [GC Worker End (ms): Min: 36769967.2, Avg: 36769967.2, Max: 36769967.2, Diff: 0.0]
   [Code Root Fixup: 0.5 ms]
   [Code Root Migration: 0.1 ms]
   [Clear CT: 0.5 ms]
   [Other: 8.5 ms]
      [Choose CSet: 0.0 ms]
      [Ref Proc: 4.4 ms]
      [Ref Enq: 0.4 ms]
      [Free CSet: 1.4 ms]
   [Eden: 454.0M(454.0M)->0.0B(920.0M) Survivors: 66.0M->24.0M Heap: 1493.0M(4096.0M)->1021.0M(4096.0M)]
 [Times: user=0.30 sys=0.00, real=0.16 secs] 
2016-08-30T23:50:12.577+0200: 36862.711: [GC pause (young), 0.1865170 secs]
   [Parallel Time: 171.7 ms, GC Workers: 2]
      [GC Worker Start (ms): Min: 36862712.9, Avg: 36862712.9, Max: 36862712.9, Diff: 0.0]
      [Ext Root Scanning (ms): Min: 50.1, Avg: 50.4, Max: 50.8, Diff: 0.7, Sum: 100.9]
      [Update RS (ms): Min: 48.0, Avg: 48.0, Max: 48.1, Diff: 0.1, Sum: 96.1]
         [Processed Buffers: Min: 309, Avg: 336.5, Max: 364, Diff: 55, Sum: 673]
      [Scan RS (ms): Min: 14.0, Avg: 14.1, Max: 14.2, Diff: 0.2, Sum: 28.2]
      [Code Root Scanning (ms): Min: 0.2, Avg: 0.3, Max: 0.4, Diff: 0.2, Sum: 0.7]
      [Object Copy (ms): Min: 58.0, Avg: 58.6, Max: 59.1, Diff: 1.1, Sum: 117.1]
      [Termination (ms): Min: 0.0, Avg: 0.0, Max: 0.0, Diff: 0.0, Sum: 0.0]
      [GC Worker Other (ms): Min: 0.2, Avg: 0.2, Max: 0.2, Diff: 0.0, Sum: 0.3]
      [GC Worker Total (ms): Min: 171.6, Avg: 171.6, Max: 171.7, Diff: 0.0, Sum: 343.3]
      [GC Worker End (ms): Min: 36862884.5, Avg: 36862884.5, Max: 36862884.5, Diff: 0.0]
   [Code Root Fixup: 0.4 ms]
   [Code Root Migration: 0.1 ms]
   [Clear CT: 0.7 ms]
   [Other: 13.5 ms]
      [Choose CSet: 0.0 ms]
      [Ref Proc: 7.4 ms]
      [Ref Enq: 0.7 ms]
      [Free CSet: 2.2 ms]
   [Eden: 920.0M(920.0M)->0.0B(518.0M) Survivors: 24.0M->58.0M Heap: 1941.0M(4096.0M)->1056.0M(4096.0M)]
 [Times: user=0.35 sys=0.00, real=0.18 secs] 
2016-08-30T23:51:09.878+0200: 36920.012: [GC pause (young), 0.1585280 secs]
   [Parallel Time: 149.5 ms, GC Workers: 2]
      [GC Worker Start (ms): Min: 36920013.6, Avg: 36920013.6, Max: 36920013.6, Diff: 0.0]
      [Ext Root Scanning (ms): Min: 49.2, Avg: 49.5, Max: 49.7, Diff: 0.4, Sum: 98.9]
      [Update RS (ms): Min: 32.1, Avg: 32.2, Max: 32.2, Diff: 0.1, Sum: 64.4]
         [Processed Buffers: Min: 237, Avg: 242.0, Max: 247, Diff: 10, Sum: 484]
      [Scan RS (ms): Min: 15.0, Avg: 15.1, Max: 15.3, Diff: 0.4, Sum: 30.3]
      [Code Root Scanning (ms): Min: 0.1, Avg: 0.2, Max: 0.2, Diff: 0.1, Sum: 0.4]
      [Object Copy (ms): Min: 52.2, Avg: 52.3, Max: 52.4, Diff: 0.2, Sum: 104.6]
      [Termination (ms): Min: 0.0, Avg: 0.0, Max: 0.0, Diff: 0.0, Sum: 0.0]
      [GC Worker Other (ms): Min: 0.2, Avg: 0.2, Max: 0.2, Diff: 0.0, Sum: 0.4]
      [GC Worker Total (ms): Min: 149.4, Avg: 149.4, Max: 149.4, Diff: 0.0, Sum: 298.9]
      [GC Worker End (ms): Min: 36920163.0, Avg: 36920163.0, Max: 36920163.0, Diff: 0.0]
   [Code Root Fixup: 0.4 ms]
   [Code Root Migration: 0.1 ms]
   [Clear CT: 0.5 ms]
   [Other: 8.0 ms]
      [Choose CSet: 0.0 ms]
      [Ref Proc: 4.2 ms]
      [Ref Enq: 0.2 ms]
      [Free CSet: 1.3 ms]
   [Eden: 518.0M(518.0M)->0.0B(952.0M) Survivors: 58.0M->26.0M Heap: 1574.0M(4096.0M)->1044.0M(4096.0M)]
 [Times: user=0.31 sys=0.00, real=0.16 secs] 
2016-08-30T23:52:37.544+0200: 37007.678: [GC pause (young), 0.1443840 secs]
   [Parallel Time: 137.2 ms, GC Workers: 2]
      [GC Worker Start (ms): Min: 37007679.1, Avg: 37007679.1, Max: 37007679.1, Diff: 0.0]
      [Ext Root Scanning (ms): Min: 42.3, Avg: 57.5, Max: 72.6, Diff: 30.3, Sum: 115.0]
      [Update RS (ms): Min: 10.1, Avg: 25.1, Max: 40.1, Diff: 30.0, Sum: 50.1]
         [Processed Buffers: Min: 17, Avg: 233.5, Max: 450, Diff: 433, Sum: 467]
      [Scan RS (ms): Min: 12.8, Avg: 13.1, Max: 13.3, Diff: 0.5, Sum: 26.1]
      [Code Root Scanning (ms): Min: 0.1, Avg: 0.1, Max: 0.2, Diff: 0.1, Sum: 0.3]
      [Object Copy (ms): Min: 32.5, Avg: 36.9, Max: 41.3, Diff: 8.8, Sum: 73.8]
      [Termination (ms): Min: 0.0, Avg: 4.3, Max: 8.6, Diff: 8.6, Sum: 8.6]
      [GC Worker Other (ms): Min: 0.1, Avg: 0.1, Max: 0.2, Diff: 0.1, Sum: 0.3]
      [GC Worker Total (ms): Min: 137.1, Avg: 137.1, Max: 137.1, Diff: 0.0, Sum: 274.2]
      [GC Worker End (ms): Min: 37007816.2, Avg: 37007816.2, Max: 37007816.2, Diff: 0.0]
   [Code Root Fixup: 0.2 ms]
   [Code Root Migration: 0.1 ms]
   [Clear CT: 0.4 ms]
   [Other: 6.6 ms]
      [Choose CSet: 0.0 ms]
      [Ref Proc: 3.6 ms]
      [Ref Enq: 0.3 ms]
      [Free CSet: 1.3 ms]
   [Eden: 798.0M(682.0M)->0.0B(1002.0M) Survivors: 26.0M->30.0M Heap: 1842.0M(4096.0M)->1049.0M(4096.0M)]
 [Times: user=0.20 sys=0.00, real=0.15 secs] 
2016-08-30T23:54:00.549+0200: 37090.683: [GC pause (young), 0.1149180 secs]
   [Parallel Time: 107.3 ms, GC Workers: 2]
      [GC Worker Start (ms): Min: 37090684.3, Avg: 37090684.4, Max: 37090684.4, Diff: 0.0]
      [Ext Root Scanning (ms): Min: 29.7, Avg: 37.9, Max: 46.2, Diff: 16.5, Sum: 75.8]
      [Update RS (ms): Min: 14.9, Avg: 24.6, Max: 34.2, Diff: 19.2, Sum: 49.1]
         [Processed Buffers: Min: 83, Avg: 241.5, Max: 400, Diff: 317, Sum: 483]
      [Scan RS (ms): Min: 11.1, Avg: 11.4, Max: 11.6, Diff: 0.4, Sum: 22.7]
      [Code Root Scanning (ms): Min: 0.1, Avg: 0.2, Max: 0.2, Diff: 0.0, Sum: 0.3]
      [Object Copy (ms): Min: 32.0, Avg: 33.1, Max: 34.3, Diff: 2.3, Sum: 66.2]
      [Termination (ms): Min: 0.0, Avg: 0.0, Max: 0.0, Diff: 0.0, Sum: 0.0]
      [GC Worker Other (ms): Min: 0.1, Avg: 0.1, Max: 0.1, Diff: 0.0, Sum: 0.3]
      [GC Worker Total (ms): Min: 107.2, Avg: 107.2, Max: 107.3, Diff: 0.0, Sum: 214.5]
      [GC Worker End (ms): Min: 37090791.6, Avg: 37090791.6, Max: 37090791.6, Diff: 0.0]
   [Code Root Fixup: 0.3 ms]
   [Code Root Migration: 0.1 ms]
   [Clear CT: 0.4 ms]
   [Other: 6.8 ms]
      [Choose CSet: 0.0 ms]
      [Ref Proc: 3.7 ms]
      [Ref Enq: 0.3 ms]
      [Free CSet: 1.3 ms]
   [Eden: 738.0M(738.0M)->0.0B(1286.0M) Survivors: 30.0M->36.0M Heap: 1787.0M(4096.0M)->1055.0M(4096.0M)]
 [Times: user=0.23 sys=0.00, real=0.12 secs] 
2016-08-30T23:55:47.746+0200: 37197.881: [GC pause (young), 0.3220650 secs]
   [Parallel Time: 306.3 ms, GC Workers: 2]
      [GC Worker Start (ms): Min: 37197881.8, Avg: 37197883.5, Max: 37197885.2, Diff: 3.5]
      [Ext Root Scanning (ms): Min: 59.3, Avg: 71.6, Max: 83.9, Diff: 24.6, Sum: 143.3]
      [Update RS (ms): Min: 52.1, Avg: 65.2, Max: 78.3, Diff: 26.2, Sum: 130.5]
         [Processed Buffers: Min: 200, Avg: 361.5, Max: 523, Diff: 323, Sum: 723]
      [Scan RS (ms): Min: 26.8, Avg: 33.4, Max: 40.0, Diff: 13.2, Sum: 66.8]
      [Code Root Scanning (ms): Min: 0.2, Avg: 0.2, Max: 0.2, Diff: 0.1, Sum: 0.4]
      [Object Copy (ms): Min: 129.9, Avg: 134.0, Max: 138.1, Diff: 8.2, Sum: 268.0]
      [Termination (ms): Min: 0.0, Avg: 0.0, Max: 0.0, Diff: 0.0, Sum: 0.0]
      [GC Worker Other (ms): Min: 0.1, Avg: 0.1, Max: 0.1, Diff: 0.0, Sum: 0.2]
      [GC Worker Total (ms): Min: 302.8, Avg: 304.5, Max: 306.3, Diff: 3.5, Sum: 609.1]
      [GC Worker End (ms): Min: 37198188.0, Avg: 37198188.0, Max: 37198188.0, Diff: 0.0]
   [Code Root Fixup: 0.3 ms]
   [Code Root Migration: 0.1 ms]
   [Clear CT: 3.0 ms]
   [Other: 12.4 ms]
      [Choose CSet: 0.0 ms]
      [Ref Proc: 8.3 ms]
      [Ref Enq: 0.4 ms]
      [Free CSet: 1.6 ms]
   [Eden: 1022.0M(1022.0M)->0.0B(126.0M) Survivors: 36.0M->78.0M Heap: 2077.0M(4096.0M)->1096.0M(4096.0M)]
 [Times: user=0.23 sys=0.00, real=0.33 secs] 
2016-08-30T23:56:03.647+0200: 37213.781: [GC pause (young), 0.1465500 secs]
   [Parallel Time: 141.7 ms, GC Workers: 2]
      [GC Worker Start (ms): Min: 37213782.3, Avg: 37213782.3, Max: 37213782.3, Diff: 0.0]
      [Ext Root Scanning (ms): Min: 48.3, Avg: 49.2, Max: 50.2, Diff: 1.9, Sum: 98.5]
      [Update RS (ms): Min: 17.2, Avg: 17.7, Max: 18.2, Diff: 1.0, Sum: 35.4]
         [Processed Buffers: Min: 190, Avg: 225.5, Max: 261, Diff: 71, Sum: 451]
      [Scan RS (ms): Min: 17.2, Avg: 17.5, Max: 17.8, Diff: 0.6, Sum: 35.0]
      [Code Root Scanning (ms): Min: 0.1, Avg: 0.1, Max: 0.1, Diff: 0.0, Sum: 0.1]
      [Object Copy (ms): Min: 56.9, Avg: 57.0, Max: 57.2, Diff: 0.3, Sum: 114.1]
      [Termination (ms): Min: 0.0, Avg: 0.0, Max: 0.0, Diff: 0.0, Sum: 0.0]
      [GC Worker Other (ms): Min: 0.1, Avg: 0.1, Max: 0.1, Diff: 0.0, Sum: 0.1]
      [GC Worker Total (ms): Min: 141.6, Avg: 141.6, Max: 141.6, Diff: 0.0, Sum: 283.2]
      [GC Worker End (ms): Min: 37213923.9, Avg: 37213923.9, Max: 37213923.9, Diff: 0.0]
   [Code Root Fixup: 0.4 ms]
   [Code Root Migration: 0.0 ms]
   [Clear CT: 0.4 ms]
   [Other: 4.1 ms]
      [Choose CSet: 0.0 ms]
      [Ref Proc: 1.1 ms]
      [Ref Enq: 0.1 ms]
      [Free CSet: 0.7 ms]
   [Eden: 126.0M(126.0M)->0.0B(330.0M) Survivors: 78.0M->12.0M Heap: 1222.0M(4096.0M)->1072.9M(4096.0M)]
 [Times: user=0.29 sys=0.00, real=0.15 secs] 
2016-08-30T23:56:40.035+0200: 37250.170: [GC pause (young), 0.1164490 secs]
   [Parallel Time: 108.7 ms, GC Workers: 2]
      [GC Worker Start (ms): Min: 37250170.9, Avg: 37250170.9, Max: 37250170.9, Diff: 0.0]
      [Ext Root Scanning (ms): Min: 47.4, Avg: 48.0, Max: 48.6, Diff: 1.2, Sum: 96.0]
      [Update RS (ms): Min: 29.5, Avg: 30.0, Max: 30.5, Diff: 1.0, Sum: 60.0]
         [Processed Buffers: Min: 219, Avg: 245.5, Max: 272, Diff: 53, Sum: 491]
      [Scan RS (ms): Min: 6.8, Avg: 7.0, Max: 7.2, Diff: 0.5, Sum: 14.0]
      [Code Root Scanning (ms): Min: 0.1, Avg: 0.1, Max: 0.1, Diff: 0.0, Sum: 0.2]
      [Object Copy (ms): Min: 23.0, Avg: 23.3, Max: 23.6, Diff: 0.6, Sum: 46.7]
      [Termination (ms): Min: 0.0, Avg: 0.0, Max: 0.0, Diff: 0.0, Sum: 0.0]
      [GC Worker Other (ms): Min: 0.1, Avg: 0.1, Max: 0.1, Diff: 0.0, Sum: 0.2]
      [GC Worker Total (ms): Min: 108.6, Avg: 108.6, Max: 108.6, Diff: 0.0, Sum: 217.2]
      [GC Worker End (ms): Min: 37250279.5, Avg: 37250279.5, Max: 37250279.5, Diff: 0.0]
   [Code Root Fixup: 0.4 ms]
   [Code Root Migration: 0.1 ms]
   [Clear CT: 0.4 ms]
   [Other: 6.9 ms]
      [Choose CSet: 0.0 ms]
      [Ref Proc: 3.9 ms]
      [Ref Enq: 0.3 ms]
      [Free CSet: 0.9 ms]
   [Eden: 330.0M(330.0M)->0.0B(448.0M) Survivors: 12.0M->16.0M Heap: 1402.9M(4096.0M)->1077.9M(4096.0M)]
 [Times: user=0.23 sys=0.00, real=0.11 secs] 
2016-08-30T23:57:19.711+0200: 37289.846: [GC pause (young), 0.1506920 secs]
   [Parallel Time: 141.8 ms, GC Workers: 2]
      [GC Worker Start (ms): Min: 37289847.2, Avg: 37289847.2, Max: 37289847.2, Diff: 0.0]
      [Ext Root Scanning (ms): Min: 49.8, Avg: 50.2, Max: 50.7, Diff: 0.9, Sum: 100.4]
      [Update RS (ms): Min: 36.1, Avg: 36.2, Max: 36.2, Diff: 0.1, Sum: 72.3]
         [Processed Buffers: Min: 331, Avg: 350.0, Max: 369, Diff: 38, Sum: 700]
      [Scan RS (ms): Min: 10.4, Avg: 10.4, Max: 10.4, Diff: 0.0, Sum: 20.8]
      [Code Root Scanning (ms): Min: 0.1, Avg: 0.2, Max: 0.2, Diff: 0.1, Sum: 0.3]
      [Object Copy (ms): Min: 44.1, Avg: 44.6, Max: 45.1, Diff: 1.0, Sum: 89.2]
      [Termination (ms): Min: 0.0, Avg: 0.0, Max: 0.0, Diff: 0.0, Sum: 0.0]
      [GC Worker Other (ms): Min: 0.1, Avg: 0.1, Max: 0.1, Diff: 0.0, Sum: 0.3]
      [GC Worker Total (ms): Min: 141.7, Avg: 141.7, Max: 141.7, Diff: 0.0, Sum: 283.4]
      [GC Worker End (ms): Min: 37289988.9, Avg: 37289988.9, Max: 37289988.9, Diff: 0.0]
   [Code Root Fixup: 0.4 ms]
   [Code Root Migration: 0.1 ms]
   [Clear CT: 0.5 ms]
   [Other: 7.9 ms]
      [Choose CSet: 0.0 ms]
      [Ref Proc: 3.6 ms]
      [Ref Enq: 0.3 ms]
      [Free CSet: 1.1 ms]
   [Eden: 448.0M(448.0M)->0.0B(376.0M) Survivors: 16.0M->52.0M Heap: 1525.9M(4096.0M)->1112.9M(4096.0M)]
 [Times: user=0.29 sys=0.00, real=0.15 secs] 
2016-08-30T23:58:01.851+0200: 37331.986: [GC pause (young), 0.1383370 secs]
   [Parallel Time: 129.9 ms, GC Workers: 2]
      [GC Worker Start (ms): Min: 37331986.9, Avg: 37331986.9, Max: 37331986.9, Diff: 0.0]
      [Ext Root Scanning (ms): Min: 49.0, Avg: 49.0, Max: 49.1, Diff: 0.1, Sum: 98.0]
      [Update RS (ms): Min: 30.0, Avg: 30.2, Max: 30.4, Diff: 0.4, Sum: 60.4]
         [Processed Buffers: Min: 212, Avg: 240.0, Max: 268, Diff: 56, Sum: 480]
      [Scan RS (ms): Min: 11.1, Avg: 11.6, Max: 12.1, Diff: 0.9, Sum: 23.2]
      [Code Root Scanning (ms): Min: 0.1, Avg: 0.1, Max: 0.2, Diff: 0.1, Sum: 0.3]
      [Object Copy (ms): Min: 38.5, Avg: 38.7, Max: 38.9, Diff: 0.4, Sum: 77.5]
      [Termination (ms): Min: 0.0, Avg: 0.0, Max: 0.0, Diff: 0.0, Sum: 0.0]
      [GC Worker Other (ms): Min: 0.2, Avg: 0.2, Max: 0.2, Diff: 0.0, Sum: 0.4]
      [GC Worker Total (ms): Min: 129.9, Avg: 129.9, Max: 129.9, Diff: 0.0, Sum: 259.7]
      [GC Worker End (ms): Min: 37332116.8, Avg: 37332116.8, Max: 37332116.8, Diff: 0.0]
   [Code Root Fixup: 0.4 ms]
   [Code Root Migration: 0.1 ms]
   [Clear CT: 0.9 ms]
   [Other: 7.0 ms]
      [Choose CSet: 0.0 ms]
      [Ref Proc: 3.5 ms]
      [Ref Enq: 0.3 ms]
      [Free CSet: 1.1 ms]
   [Eden: 376.0M(376.0M)->0.0B(742.0M) Survivors: 52.0M->18.0M Heap: 1488.9M(4096.0M)->1099.8M(4096.0M)]
 [Times: user=0.27 sys=0.00, real=0.14 secs] 
2016-08-30T23:59:18.141+0200: 37408.275: [GC pause (young), 0.1637280 secs]
   [Parallel Time: 150.6 ms, GC Workers: 2]
      [GC Worker Start (ms): Min: 37408277.2, Avg: 37408278.9, Max: 37408280.6, Diff: 3.4]
      [Ext Root Scanning (ms): Min: 50.2, Avg: 51.5, Max: 52.7, Diff: 2.6, Sum: 102.9]
      [Update RS (ms): Min: 39.8, Avg: 40.2, Max: 40.6, Diff: 0.7, Sum: 80.4]
         [Processed Buffers: Min: 336, Avg: 348.0, Max: 360, Diff: 24, Sum: 696]
      [Scan RS (ms): Min: 11.6, Avg: 11.8, Max: 12.0, Diff: 0.4, Sum: 23.6]
      [Code Root Scanning (ms): Min: 0.2, Avg: 0.2, Max: 0.3, Diff: 0.1, Sum: 0.5]
      [Object Copy (ms): Min: 44.4, Avg: 45.0, Max: 45.5, Diff: 1.1, Sum: 89.9]
      [Termination (ms): Min: 0.0, Avg: 0.0, Max: 0.0, Diff: 0.0, Sum: 0.0]
      [GC Worker Other (ms): Min: 0.2, Avg: 0.2, Max: 0.2, Diff: 0.0, Sum: 0.3]
      [GC Worker Total (ms): Min: 147.1, Avg: 148.8, Max: 150.5, Diff: 3.4, Sum: 297.6]
      [GC Worker End (ms): Min: 37408427.7, Avg: 37408427.7, Max: 37408427.7, Diff: 0.0]
   [Code Root Fixup: 0.4 ms]
   [Code Root Migration: 0.1 ms]
   [Clear CT: 0.5 ms]
   [Other: 12.1 ms]
      [Choose CSet: 0.0 ms]
      [Ref Proc: 7.1 ms]
      [Ref Enq: 0.6 ms]
      [Free CSet: 1.6 ms]
   [Eden: 736.0M(628.0M)->0.0B(608.0M) Survivors: 18.0M->56.0M Heap: 1835.8M(4096.0M)->1137.8M(4096.0M)]
 [Times: user=0.31 sys=0.00, real=0.16 secs] 
2016-08-31T00:00:27.667+0200: 37477.801: [GC pause (young), 0.1606220 secs]
   [Parallel Time: 148.9 ms, GC Workers: 2]
      [GC Worker Start (ms): Min: 37477802.6, Avg: 37477802.6, Max: 37477802.6, Diff: 0.0]
      [Ext Root Scanning (ms): Min: 50.1, Avg: 50.5, Max: 50.8, Diff: 0.6, Sum: 100.9]
      [Update RS (ms): Min: 36.5, Avg: 36.8, Max: 37.1, Diff: 0.6, Sum: 73.5]
         [Processed Buffers: Min: 207, Avg: 241.0, Max: 275, Diff: 68, Sum: 482]
      [Scan RS (ms): Min: 14.5, Avg: 14.7, Max: 15.0, Diff: 0.5, Sum: 29.5]
      [Code Root Scanning (ms): Min: 0.2, Avg: 0.2, Max: 0.2, Diff: 0.0, Sum: 0.4]
      [Object Copy (ms): Min: 46.1, Avg: 46.4, Max: 46.8, Diff: 0.7, Sum: 92.8]
      [Termination (ms): Min: 0.0, Avg: 0.0, Max: 0.0, Diff: 0.0, Sum: 0.0]
      [GC Worker Other (ms): Min: 0.2, Avg: 0.2, Max: 0.2, Diff: 0.0, Sum: 0.4]
      [GC Worker Total (ms): Min: 148.8, Avg: 148.8, Max: 148.8, Diff: 0.0, Sum: 297.5]
      [GC Worker End (ms): Min: 37477951.4, Avg: 37477951.4, Max: 37477951.4, Diff: 0.0]
   [Code Root Fixup: 0.6 ms]
   [Code Root Migration: 0.1 ms]
   [Clear CT: 0.6 ms]
   [Other: 10.5 ms]
      [Choose CSet: 0.0 ms]
      [Ref Proc: 6.0 ms]
      [Ref Enq: 0.4 ms]
      [Free CSet: 1.7 ms]
   [Eden: 608.0M(608.0M)->0.0B(898.0M) Survivors: 56.0M->26.0M Heap: 1745.8M(4096.0M)->1124.0M(4096.0M)]
 [Times: user=0.31 sys=0.00, real=0.16 secs] 
2016-08-31T00:01:39.540+0200: 37549.675: [GC pause (young), 0.1657370 secs]
   [Parallel Time: 153.3 ms, GC Workers: 2]
      [GC Worker Start (ms): Min: 37549676.3, Avg: 37549677.6, Max: 37549678.8, Diff: 2.5]
      [Ext Root Scanning (ms): Min: 50.2, Avg: 50.4, Max: 50.6, Diff: 0.4, Sum: 100.8]
      [Update RS (ms): Min: 40.2, Avg: 40.2, Max: 40.2, Diff: 0.1, Sum: 80.4]
         [Processed Buffers: Min: 256, Avg: 259.5, Max: 263, Diff: 7, Sum: 519]
      [Scan RS (ms): Min: 14.2, Avg: 14.3, Max: 14.3, Diff: 0.0, Sum: 28.5]
      [Code Root Scanning (ms): Min: 0.2, Avg: 0.2, Max: 0.3, Diff: 0.1, Sum: 0.5]
      [Object Copy (ms): Min: 45.2, Avg: 46.7, Max: 48.1, Diff: 2.9, Sum: 93.4]
      [Termination (ms): Min: 0.0, Avg: 0.0, Max: 0.0, Diff: 0.0, Sum: 0.0]
      [GC Worker Other (ms): Min: 0.1, Avg: 0.1, Max: 0.1, Diff: 0.0, Sum: 0.3]
      [GC Worker Total (ms): Min: 150.7, Avg: 152.0, Max: 153.2, Diff: 2.5, Sum: 303.9]
      [GC Worker End (ms): Min: 37549829.5, Avg: 37549829.5, Max: 37549829.5, Diff: 0.0]
   [Code Root Fixup: 0.4 ms]
   [Code Root Migration: 0.1 ms]
   [Clear CT: 0.6 ms]
   [Other: 11.2 ms]
      [Choose CSet: 0.0 ms]
      [Ref Proc: 6.4 ms]
      [Ref Enq: 0.5 ms]
      [Free CSet: 1.9 ms]
   [Eden: 702.0M(702.0M)->0.0B(882.0M) Survivors: 26.0M->42.0M Heap: 1826.0M(4096.0M)->1140.0M(4096.0M)]
 [Times: user=0.31 sys=0.00, real=0.16 secs] 
2016-08-31T00:02:41.750+0200: 37611.884: [GC pause (young), 0.1594550 secs]
   [Parallel Time: 151.4 ms, GC Workers: 2]
      [GC Worker Start (ms): Min: 37611885.6, Avg: 37611885.6, Max: 37611885.6, Diff: 0.0]
      [Ext Root Scanning (ms): Min: 50.7, Avg: 50.8, Max: 51.0, Diff: 0.4, Sum: 101.7]
      [Update RS (ms): Min: 36.3, Avg: 36.8, Max: 37.2, Diff: 0.8, Sum: 73.5]
         [Processed Buffers: Min: 283, Avg: 299.5, Max: 316, Diff: 33, Sum: 599]
      [Scan RS (ms): Min: 14.5, Avg: 15.0, Max: 15.5, Diff: 1.0, Sum: 30.0]
      [Code Root Scanning (ms): Min: 0.2, Avg: 0.2, Max: 0.2, Diff: 0.0, Sum: 0.4]
      [Object Copy (ms): Min: 48.3, Avg: 48.4, Max: 48.5, Diff: 0.2, Sum: 96.7]
      [Termination (ms): Min: 0.0, Avg: 0.0, Max: 0.0, Diff: 0.0, Sum: 0.0]
      [GC Worker Other (ms): Min: 0.1, Avg: 0.1, Max: 0.1, Diff: 0.0, Sum: 0.3]
      [GC Worker Total (ms): Min: 151.3, Avg: 151.3, Max: 151.3, Diff: 0.0, Sum: 302.6]
      [GC Worker End (ms): Min: 37612036.9, Avg: 37612036.9, Max: 37612036.9, Diff: 0.0]
   [Code Root Fixup: 0.2 ms]
   [Code Root Migration: 0.1 ms]
   [Clear CT: 0.4 ms]
   [Other: 7.3 ms]
      [Choose CSet: 0.0 ms]
      [Ref Proc: 3.4 ms]
      [Ref Enq: 0.2 ms]
      [Free CSet: 1.2 ms]
   [Eden: 620.0M(620.0M)->0.0B(896.0M) Survivors: 42.0M->56.0M Heap: 1760.0M(4096.0M)->1154.0M(4096.0M)]
 [Times: user=0.31 sys=0.00, real=0.15 secs] 
2016-08-31T00:03:45.267+0200: 37675.402: [GC pause (young), 0.1599600 secs]
   [Parallel Time: 152.0 ms, GC Workers: 2]
      [GC Worker Start (ms): Min: 37675403.3, Avg: 37675403.3, Max: 37675403.3, Diff: 0.0]
      [Ext Root Scanning (ms): Min: 49.9, Avg: 50.2, Max: 50.4, Diff: 0.5, Sum: 100.4]
      [Update RS (ms): Min: 30.9, Avg: 31.0, Max: 31.1, Diff: 0.2, Sum: 62.0]
         [Processed Buffers: Min: 332, Avg: 346.0, Max: 360, Diff: 28, Sum: 692]
      [Scan RS (ms): Min: 16.2, Avg: 16.3, Max: 16.5, Diff: 0.3, Sum: 32.7]
      [Code Root Scanning (ms): Min: 0.2, Avg: 0.2, Max: 0.2, Diff: 0.1, Sum: 0.4]
      [Object Copy (ms): Min: 53.9, Avg: 53.9, Max: 54.0, Diff: 0.0, Sum: 107.9]
      [Termination (ms): Min: 0.0, Avg: 0.0, Max: 0.0, Diff: 0.0, Sum: 0.0]
      [GC Worker Other (ms): Min: 0.2, Avg: 0.2, Max: 0.2, Diff: 0.0, Sum: 0.3]
      [GC Worker Total (ms): Min: 151.8, Avg: 151.8, Max: 151.8, Diff: 0.0, Sum: 303.6]
      [GC Worker End (ms): Min: 37675555.1, Avg: 37675555.1, Max: 37675555.1, Diff: 0.0]
   [Code Root Fixup: 0.3 ms]
   [Code Root Migration: 0.1 ms]
   [Clear CT: 0.5 ms]
   [Other: 7.2 ms]
      [Choose CSet: 0.0 ms]
      [Ref Proc: 3.0 ms]
      [Ref Enq: 0.2 ms]
      [Free CSet: 1.1 ms]
   [Eden: 564.0M(564.0M)->0.0B(996.0M) Survivors: 56.0M->48.0M Heap: 1718.0M(4096.0M)->1165.5M(4096.0M)]
 [Times: user=0.31 sys=0.00, real=0.16 secs] 
2016-08-31T00:05:02.168+0200: 37752.302: [GC pause (young), 0.1675360 secs]
   [Parallel Time: 154.6 ms, GC Workers: 2]
      [GC Worker Start (ms): Min: 37752303.6, Avg: 37752303.6, Max: 37752303.6, Diff: 0.0]
      [Ext Root Scanning (ms): Min: 49.8, Avg: 50.7, Max: 51.6, Diff: 1.8, Sum: 101.3]
      [Update RS (ms): Min: 36.4, Avg: 37.3, Max: 38.1, Diff: 1.7, Sum: 74.5]
         [Processed Buffers: Min: 243, Avg: 250.5, Max: 258, Diff: 15, Sum: 501]
      [Scan RS (ms): Min: 14.2, Avg: 14.5, Max: 14.8, Diff: 0.6, Sum: 29.0]
      [Code Root Scanning (ms): Min: 0.2, Avg: 0.2, Max: 0.3, Diff: 0.0, Sum: 0.5]
      [Object Copy (ms): Min: 51.2, Avg: 51.6, Max: 52.0, Diff: 0.7, Sum: 103.2]
      [Termination (ms): Min: 0.0, Avg: 0.0, Max: 0.0, Diff: 0.0, Sum: 0.0]
      [GC Worker Other (ms): Min: 0.2, Avg: 0.2, Max: 0.2, Diff: 0.0, Sum: 0.4]
      [GC Worker Total (ms): Min: 154.4, Avg: 154.5, Max: 154.5, Diff: 0.0, Sum: 308.9]
      [GC Worker End (ms): Min: 37752458.1, Avg: 37752458.1, Max: 37752458.1, Diff: 0.0]
   [Code Root Fixup: 0.4 ms]
   [Code Root Migration: 0.1 ms]
   [Clear CT: 0.6 ms]
   [Other: 11.8 ms]
      [Choose CSet: 0.0 ms]
      [Ref Proc: 7.1 ms]
      [Ref Enq: 0.5 ms]
      [Free CSet: 1.9 ms]
   [Eden: 724.0M(686.0M)->0.0B(1032.0M) Survivors: 48.0M->44.0M Heap: 1889.5M(4096.0M)->1161.5M(4096.0M)]
 [Times: user=0.32 sys=0.00, real=0.17 secs] 
2016-08-31T00:06:16.008+0200: 37826.143: [GC pause (young), 0.1657520 secs]
   [Parallel Time: 157.5 ms, GC Workers: 2]
      [GC Worker Start (ms): Min: 37826144.6, Avg: 37826144.6, Max: 37826144.6, Diff: 0.0]
      [Ext Root Scanning (ms): Min: 50.0, Avg: 50.7, Max: 51.3, Diff: 1.3, Sum: 101.3]
      [Update RS (ms): Min: 33.5, Avg: 33.7, Max: 34.0, Diff: 0.5, Sum: 67.4]
         [Processed Buffers: Min: 330, Avg: 333.5, Max: 337, Diff: 7, Sum: 667]
      [Scan RS (ms): Min: 16.4, Avg: 16.5, Max: 16.5, Diff: 0.1, Sum: 33.0]
      [Code Root Scanning (ms): Min: 0.2, Avg: 0.2, Max: 0.2, Diff: 0.1, Sum: 0.4]
      [Object Copy (ms): Min: 55.7, Avg: 56.2, Max: 56.6, Diff: 0.8, Sum: 112.3]
      [Termination (ms): Min: 0.0, Avg: 0.0, Max: 0.0, Diff: 0.0, Sum: 0.0]
      [GC Worker Other (ms): Min: 0.2, Avg: 0.2, Max: 0.2, Diff: 0.0, Sum: 0.3]
      [GC Worker Total (ms): Min: 157.4, Avg: 157.4, Max: 157.4, Diff: 0.0, Sum: 314.8]
      [GC Worker End (ms): Min: 37826302.0, Avg: 37826302.0, Max: 37826302.0, Diff: 0.0]
   [Code Root Fixup: 0.2 ms]
   [Code Root Migration: 0.1 ms]
   [Clear CT: 0.5 ms]
   [Other: 7.5 ms]
      [Choose CSet: 0.0 ms]
      [Ref Proc: 2.9 ms]
      [Ref Enq: 0.2 ms]
      [Free CSet: 1.2 ms]
   [Eden: 636.0M(636.0M)->0.0B(1146.0M) Survivors: 44.0M->58.0M Heap: 1797.5M(4096.0M)->1175.5M(4096.0M)]
 [Times: user=0.32 sys=0.00, real=0.17 secs] 
2016-08-31T00:07:22.741+0200: 37892.876: [GC pause (young), 0.1624680 secs]
   [Parallel Time: 155.1 ms, GC Workers: 2]
      [GC Worker Start (ms): Min: 37892876.8, Avg: 37892876.8, Max: 37892876.8, Diff: 0.0]
      [Ext Root Scanning (ms): Min: 48.7, Avg: 53.0, Max: 57.4, Diff: 8.7, Sum: 106.0]
      [Update RS (ms): Min: 29.0, Avg: 33.2, Max: 37.5, Diff: 8.5, Sum: 66.5]
         [Processed Buffers: Min: 222, Avg: 238.0, Max: 254, Diff: 32, Sum: 476]
      [Scan RS (ms): Min: 17.6, Avg: 17.9, Max: 18.2, Diff: 0.6, Sum: 35.8]
      [Code Root Scanning (ms): Min: 0.2, Avg: 0.2, Max: 0.2, Diff: 0.0, Sum: 0.4]
      [Object Copy (ms): Min: 50.4, Avg: 50.6, Max: 50.7, Diff: 0.4, Sum: 101.1]
      [Termination (ms): Min: 0.0, Avg: 0.0, Max: 0.0, Diff: 0.0, Sum: 0.0]
      [GC Worker Other (ms): Min: 0.2, Avg: 0.2, Max: 0.2, Diff: 0.0, Sum: 0.3]
      [GC Worker Total (ms): Min: 155.0, Avg: 155.1, Max: 155.1, Diff: 0.0, Sum: 310.1]
      [GC Worker End (ms): Min: 37893031.8, Avg: 37893031.8, Max: 37893031.8, Diff: 0.0]
   [Code Root Fixup: 0.3 ms]
   [Code Root Migration: 0.1 ms]
   [Clear CT: 0.4 ms]
   [Other: 6.6 ms]
      [Choose CSet: 0.0 ms]
      [Ref Proc: 3.2 ms]
      [Ref Enq: 0.2 ms]
      [Free CSet: 1.2 ms]
   [Eden: 610.0M(610.0M)->0.0B(1340.0M) Survivors: 58.0M->32.0M Heap: 1785.5M(4096.0M)->1166.8M(4096.0M)]
 [Times: user=0.32 sys=0.00, real=0.17 secs] 
2016-08-31T00:09:28.529+0200: 38018.664: [GC pause (young), 0.1810330 secs]
   [Parallel Time: 166.1 ms, GC Workers: 2]
      [GC Worker Start (ms): Min: 38018665.2, Avg: 38018665.2, Max: 38018665.2, Diff: 0.0]
      [Ext Root Scanning (ms): Min: 50.9, Avg: 52.5, Max: 54.1, Diff: 3.2, Sum: 104.9]
      [Update RS (ms): Min: 40.6, Avg: 42.8, Max: 45.0, Diff: 4.4, Sum: 85.7]
         [Processed Buffers: Min: 220, Avg: 232.5, Max: 245, Diff: 25, Sum: 465]
      [Scan RS (ms): Min: 16.5, Avg: 16.7, Max: 16.9, Diff: 0.4, Sum: 33.4]
      [Code Root Scanning (ms): Min: 0.3, Avg: 0.3, Max: 0.4, Diff: 0.1, Sum: 0.6]
      [Object Copy (ms): Min: 53.1, Avg: 53.5, Max: 54.0, Diff: 0.9, Sum: 107.1]
      [Termination (ms): Min: 0.0, Avg: 0.0, Max: 0.0, Diff: 0.0, Sum: 0.0]
      [GC Worker Other (ms): Min: 0.2, Avg: 0.2, Max: 0.2, Diff: 0.0, Sum: 0.3]
      [GC Worker Total (ms): Min: 166.0, Avg: 166.0, Max: 166.0, Diff: 0.0, Sum: 332.0]
      [GC Worker End (ms): Min: 38018831.2, Avg: 38018831.2, Max: 38018831.2, Diff: 0.0]
   [Code Root Fixup: 0.4 ms]
   [Code Root Migration: 0.1 ms]
   [Clear CT: 0.7 ms]
   [Other: 13.7 ms]
      [Choose CSet: 0.0 ms]
      [Ref Proc: 8.5 ms]
      [Ref Enq: 0.6 ms]
      [Free CSet: 2.2 ms]
   [Eden: 952.0M(878.0M)->0.0B(950.0M) Survivors: 32.0M->40.0M Heap: 2118.8M(4096.0M)->1174.8M(4096.0M)]
 [Times: user=0.34 sys=0.01, real=0.18 secs] 
2016-08-31T00:10:49.568+0200: 38099.702: [GC pause (young), 0.1919240 secs]
   [Parallel Time: 180.2 ms, GC Workers: 2]
      [GC Worker Start (ms): Min: 38099704.8, Avg: 38099704.8, Max: 38099704.8, Diff: 0.0]
      [Ext Root Scanning (ms): Min: 52.9, Avg: 53.1, Max: 53.3, Diff: 0.3, Sum: 106.2]
      [Update RS (ms): Min: 38.4, Avg: 38.7, Max: 39.0, Diff: 0.5, Sum: 77.4]
         [Processed Buffers: Min: 337, Avg: 337.0, Max: 337, Diff: 0, Sum: 674]
      [Scan RS (ms): Min: 17.3, Avg: 17.4, Max: 17.5, Diff: 0.2, Sum: 34.8]
      [Code Root Scanning (ms): Min: 0.2, Avg: 0.2, Max: 0.3, Diff: 0.1, Sum: 0.5]
      [Object Copy (ms): Min: 69.9, Avg: 70.4, Max: 71.0, Diff: 1.1, Sum: 140.9]
      [Termination (ms): Min: 0.0, Avg: 0.0, Max: 0.0, Diff: 0.0, Sum: 0.0]
      [GC Worker Other (ms): Min: 0.1, Avg: 0.2, Max: 0.2, Diff: 0.0, Sum: 0.3]
      [GC Worker Total (ms): Min: 180.0, Avg: 180.0, Max: 180.0, Diff: 0.0, Sum: 360.1]
      [GC Worker End (ms): Min: 38099884.8, Avg: 38099884.8, Max: 38099884.8, Diff: 0.0]
   [Code Root Fixup: 0.5 ms]
   [Code Root Migration: 0.1 ms]
   [Clear CT: 0.6 ms]
   [Other: 10.6 ms]
      [Choose CSet: 0.0 ms]
      [Ref Proc: 5.4 ms]
      [Ref Enq: 0.2 ms]
      [Free CSet: 1.5 ms]
   [Eden: 698.0M(566.0M)->0.0B(630.0M) Survivors: 40.0M->70.0M Heap: 1872.8M(4096.0M)->1204.8M(4096.0M)]
 [Times: user=0.37 sys=0.00, real=0.19 secs] 
2016-08-31T00:12:19.572+0200: 38189.706: [GC pause (young), 0.1844250 secs]
   [Parallel Time: 174.6 ms, GC Workers: 2]
      [GC Worker Start (ms): Min: 38189707.9, Avg: 38189708.0, Max: 38189708.0, Diff: 0.1]
      [Ext Root Scanning (ms): Min: 50.8, Avg: 51.4, Max: 52.0, Diff: 1.2, Sum: 102.8]
      [Update RS (ms): Min: 31.4, Avg: 31.8, Max: 32.3, Diff: 0.9, Sum: 63.7]
         [Processed Buffers: Min: 329, Avg: 330.0, Max: 331, Diff: 2, Sum: 660]
      [Scan RS (ms): Min: 18.8, Avg: 18.9, Max: 18.9, Diff: 0.1, Sum: 37.8]
      [Code Root Scanning (ms): Min: 0.2, Avg: 0.2, Max: 0.3, Diff: 0.1, Sum: 0.5]
      [Object Copy (ms): Min: 71.8, Avg: 71.9, Max: 72.0, Diff: 0.2, Sum: 143.8]
      [Termination (ms): Min: 0.0, Avg: 0.0, Max: 0.0, Diff: 0.0, Sum: 0.0]
      [GC Worker Other (ms): Min: 0.2, Avg: 0.2, Max: 0.2, Diff: 0.0, Sum: 0.4]
      [GC Worker Total (ms): Min: 174.4, Avg: 174.5, Max: 174.5, Diff: 0.1, Sum: 348.9]
      [GC Worker End (ms): Min: 38189882.4, Avg: 38189882.4, Max: 38189882.4, Diff: 0.0]
   [Code Root Fixup: 0.5 ms]
   [Code Root Migration: 0.1 ms]
   [Clear CT: 0.6 ms]
   [Other: 8.6 ms]
      [Choose CSet: 0.0 ms]
      [Ref Proc: 4.0 ms]
      [Ref Enq: 0.2 ms]
      [Free CSet: 1.4 ms]
   [Eden: 630.0M(630.0M)->0.0B(682.0M) Survivors: 70.0M->42.0M Heap: 1834.8M(4096.0M)->1205.7M(4096.0M)]
 [Times: user=0.36 sys=0.01, real=0.18 secs] 
2016-08-31T00:13:41.866+0200: 38272.000: [GC pause (young), 0.1438130 secs]
   [Parallel Time: 135.2 ms, GC Workers: 2]
      [GC Worker Start (ms): Min: 38272001.6, Avg: 38272001.6, Max: 38272001.7, Diff: 0.1]
      [Ext Root Scanning (ms): Min: 47.9, Avg: 48.5, Max: 49.1, Diff: 1.3, Sum: 97.0]
      [Update RS (ms): Min: 34.7, Avg: 35.0, Max: 35.3, Diff: 0.5, Sum: 70.0]
         [Processed Buffers: Min: 299, Avg: 299.5, Max: 300, Diff: 1, Sum: 599]
      [Scan RS (ms): Min: 11.1, Avg: 11.4, Max: 11.6, Diff: 0.5, Sum: 22.7]
      [Code Root Scanning (ms): Min: 0.2, Avg: 0.2, Max: 0.3, Diff: 0.1, Sum: 0.5]
      [Object Copy (ms): Min: 39.2, Avg: 39.9, Max: 40.5, Diff: 1.3, Sum: 79.7]
      [Termination (ms): Min: 0.0, Avg: 0.0, Max: 0.0, Diff: 0.0, Sum: 0.0]
      [GC Worker Other (ms): Min: 0.1, Avg: 0.1, Max: 0.2, Diff: 0.0, Sum: 0.3]
      [GC Worker Total (ms): Min: 135.1, Avg: 135.1, Max: 135.2, Diff: 0.1, Sum: 270.3]
      [GC Worker End (ms): Min: 38272136.8, Avg: 38272136.8, Max: 38272136.8, Diff: 0.0]
   [Code Root Fixup: 0.3 ms]
   [Code Root Migration: 0.1 ms]
   [Clear CT: 0.7 ms]
   [Other: 7.6 ms]
      [Choose CSet: 0.0 ms]
      [Ref Proc: 4.0 ms]
      [Ref Enq: 0.2 ms]
      [Free CSet: 1.1 ms]
   [Eden: 682.0M(682.0M)->0.0B(1264.0M) Survivors: 42.0M->42.0M Heap: 1887.7M(4096.0M)->1206.7M(4096.0M)]
 [Times: user=0.27 sys=0.00, real=0.15 secs] 
2016-08-31T00:15:20.509+0200: 38370.643: [GC pause (young), 0.1854480 secs]
   [Parallel Time: 170.9 ms, GC Workers: 2]
      [GC Worker Start (ms): Min: 38370644.8, Avg: 38370644.9, Max: 38370644.9, Diff: 0.0]
      [Ext Root Scanning (ms): Min: 54.4, Avg: 55.0, Max: 55.7, Diff: 1.3, Sum: 110.1]
      [Update RS (ms): Min: 40.6, Avg: 40.7, Max: 40.8, Diff: 0.2, Sum: 81.4]
         [Processed Buffers: Min: 314, Avg: 333.5, Max: 353, Diff: 39, Sum: 667]
      [Scan RS (ms): Min: 15.1, Avg: 15.5, Max: 16.0, Diff: 0.8, Sum: 31.1]
      [Code Root Scanning (ms): Min: 0.3, Avg: 0.3, Max: 0.3, Diff: 0.0, Sum: 0.6]
      [Object Copy (ms): Min: 58.7, Avg: 59.0, Max: 59.4, Diff: 0.7, Sum: 118.0]
      [Termination (ms): Min: 0.0, Avg: 0.0, Max: 0.0, Diff: 0.0, Sum: 0.0]
      [GC Worker Other (ms): Min: 0.2, Avg: 0.2, Max: 0.2, Diff: 0.0, Sum: 0.4]
      [GC Worker Total (ms): Min: 170.8, Avg: 170.8, Max: 170.8, Diff: 0.0, Sum: 341.6]
      [GC Worker End (ms): Min: 38370815.6, Avg: 38370815.6, Max: 38370815.6, Diff: 0.0]
   [Code Root Fixup: 0.4 ms]
   [Code Root Migration: 0.1 ms]
   [Clear CT: 0.7 ms]
   [Other: 13.3 ms]
      [Choose CSet: 0.0 ms]
      [Ref Proc: 7.5 ms]
      [Ref Enq: 0.6 ms]
      [Free CSet: 2.0 ms]
   [Eden: 826.0M(674.0M)->0.0B(862.0M) Survivors: 42.0M->62.0M Heap: 2032.7M(4096.0M)->1225.7M(4096.0M)]
 [Times: user=0.35 sys=0.00, real=0.19 secs] 
2016-08-31T00:16:24.531+0200: 38434.666: [GC pause (young), 0.1606580 secs]
   [Parallel Time: 150.2 ms, GC Workers: 2]
      [GC Worker Start (ms): Min: 38434666.6, Avg: 38434666.6, Max: 38434666.6, Diff: 0.0]
      [Ext Root Scanning (ms): Min: 48.3, Avg: 48.5, Max: 48.8, Diff: 0.6, Sum: 97.1]
      [Update RS (ms): Min: 29.3, Avg: 29.5, Max: 29.7, Diff: 0.4, Sum: 59.0]
         [Processed Buffers: Min: 226, Avg: 235.5, Max: 245, Diff: 19, Sum: 471]
      [Scan RS (ms): Min: 16.8, Avg: 16.9, Max: 17.1, Diff: 0.4, Sum: 33.9]
      [Code Root Scanning (ms): Min: 0.2, Avg: 0.2, Max: 0.2, Diff: 0.0, Sum: 0.4]
      [Object Copy (ms): Min: 54.5, Avg: 54.8, Max: 55.1, Diff: 0.6, Sum: 109.6]
      [Termination (ms): Min: 0.0, Avg: 0.0, Max: 0.0, Diff: 0.0, Sum: 0.0]
      [GC Worker Other (ms): Min: 0.2, Avg: 0.2, Max: 0.2, Diff: 0.0, Sum: 0.4]
      [GC Worker Total (ms): Min: 150.2, Avg: 150.2, Max: 150.2, Diff: 0.0, Sum: 300.4]
      [GC Worker End (ms): Min: 38434816.8, Avg: 38434816.8, Max: 38434816.8, Diff: 0.0]
   [Code Root Fixup: 0.4 ms]
   [Code Root Migration: 0.1 ms]
   [Clear CT: 0.6 ms]
   [Other: 9.3 ms]
      [Choose CSet: 0.0 ms]
      [Ref Proc: 5.0 ms]
      [Ref Enq: 0.4 ms]
      [Free CSet: 1.6 ms]
   [Eden: 568.0M(458.0M)->0.0B(1292.0M) Survivors: 62.0M->22.0M Heap: 1793.7M(4096.0M)->1214.6M(4096.0M)]
 [Times: user=0.31 sys=0.01, real=0.16 secs] 
2016-08-31T00:18:33.494+0200: 38563.629: [GC pause (young), 0.1663050 secs]
   [Parallel Time: 153.7 ms, GC Workers: 2]
      [GC Worker Start (ms): Min: 38563630.1, Avg: 38563630.1, Max: 38563630.1, Diff: 0.0]
      [Ext Root Scanning (ms): Min: 54.1, Avg: 55.8, Max: 57.5, Diff: 3.4, Sum: 111.6]
      [Update RS (ms): Min: 40.0, Avg: 41.4, Max: 42.9, Diff: 2.8, Sum: 82.9]
         [Processed Buffers: Min: 237, Avg: 242.0, Max: 247, Diff: 10, Sum: 484]
      [Scan RS (ms): Min: 14.7, Avg: 15.0, Max: 15.4, Diff: 0.7, Sum: 30.1]
      [Code Root Scanning (ms): Min: 0.3, Avg: 0.4, Max: 0.4, Diff: 0.1, Sum: 0.7]
      [Object Copy (ms): Min: 40.2, Avg: 40.8, Max: 41.4, Diff: 1.2, Sum: 81.6]
      [Termination (ms): Min: 0.0, Avg: 0.0, Max: 0.0, Diff: 0.0, Sum: 0.0]
      [GC Worker Other (ms): Min: 0.1, Avg: 0.1, Max: 0.2, Diff: 0.0, Sum: 0.3]
      [GC Worker Total (ms): Min: 153.6, Avg: 153.6, Max: 153.6, Diff: 0.0, Sum: 307.2]
      [GC Worker End (ms): Min: 38563783.7, Avg: 38563783.7, Max: 38563783.7, Diff: 0.0]
   [Code Root Fixup: 0.3 ms]
   [Code Root Migration: 0.1 ms]
   [Clear CT: 0.6 ms]
   [Other: 11.6 ms]
      [Choose CSet: 0.0 ms]
      [Ref Proc: 7.3 ms]
      [Ref Enq: 0.3 ms]
      [Free CSet: 1.9 ms]
   [Eden: 1062.0M(1062.0M)->0.0B(1196.0M) Survivors: 22.0M->42.0M Heap: 2276.6M(4096.0M)->1233.6M(4096.0M)]
 [Times: user=0.30 sys=0.00, real=0.17 secs] 
2016-08-31T00:20:16.571+0200: 38666.705: [GC pause (young), 0.1773130 secs]
   [Parallel Time: 166.5 ms, GC Workers: 2]
      [GC Worker Start (ms): Min: 38666706.8, Avg: 38666706.8, Max: 38666706.8, Diff: 0.0]
      [Ext Root Scanning (ms): Min: 52.9, Avg: 53.4, Max: 53.9, Diff: 1.0, Sum: 106.8]
      [Update RS (ms): Min: 36.8, Avg: 36.9, Max: 36.9, Diff: 0.1, Sum: 73.7]
         [Processed Buffers: Min: 323, Avg: 328.0, Max: 333, Diff: 10, Sum: 656]
      [Scan RS (ms): Min: 16.4, Avg: 16.8, Max: 17.1, Diff: 0.7, Sum: 33.6]
      [Code Root Scanning (ms): Min: 0.2, Avg: 0.3, Max: 0.3, Diff: 0.1, Sum: 0.5]
      [Object Copy (ms): Min: 58.2, Avg: 59.0, Max: 59.8, Diff: 1.5, Sum: 118.0]
      [Termination (ms): Min: 0.0, Avg: 0.0, Max: 0.0, Diff: 0.0, Sum: 0.0]
      [GC Worker Other (ms): Min: 0.2, Avg: 0.2, Max: 0.2, Diff: 0.0, Sum: 0.3]
      [GC Worker Total (ms): Min: 166.5, Avg: 166.5, Max: 166.5, Diff: 0.0, Sum: 332.9]
      [GC Worker End (ms): Min: 38666873.3, Avg: 38666873.3, Max: 38666873.3, Diff: 0.0]
   [Code Root Fixup: 0.4 ms]
   [Code Root Migration: 0.1 ms]
   [Clear CT: 0.6 ms]
   [Other: 9.6 ms]
      [Choose CSet: 0.0 ms]
      [Ref Proc: 5.0 ms]
      [Ref Enq: 0.3 ms]
      [Free CSet: 1.6 ms]
   [Eden: 818.0M(818.0M)->0.0B(1072.0M) Survivors: 42.0M->58.0M Heap: 2051.6M(4096.0M)->1249.6M(4096.0M)]
 [Times: user=0.34 sys=0.00, real=0.17 secs] 
2016-08-31T00:21:43.576+0200: 38753.711: [GC pause (young), 0.1866680 secs]
   [Parallel Time: 177.4 ms, GC Workers: 2]
      [GC Worker Start (ms): Min: 38753712.5, Avg: 38753712.5, Max: 38753712.6, Diff: 0.0]
      [Ext Root Scanning (ms): Min: 52.8, Avg: 53.7, Max: 54.7, Diff: 1.9, Sum: 107.5]
      [Update RS (ms): Min: 38.5, Avg: 40.0, Max: 41.5, Diff: 3.1, Sum: 80.0]
         [Processed Buffers: Min: 299, Avg: 331.5, Max: 364, Diff: 65, Sum: 663]
      [Scan RS (ms): Min: 17.9, Avg: 18.5, Max: 19.1, Diff: 1.2, Sum: 37.0]
      [Code Root Scanning (ms): Min: 0.3, Avg: 0.3, Max: 0.4, Diff: 0.1, Sum: 0.7]
      [Object Copy (ms): Min: 64.2, Avg: 64.3, Max: 64.5, Diff: 0.3, Sum: 128.6]
      [Termination (ms): Min: 0.0, Avg: 0.0, Max: 0.0, Diff: 0.0, Sum: 0.0]
      [GC Worker Other (ms): Min: 0.2, Avg: 0.4, Max: 0.6, Diff: 0.4, Sum: 0.7]
      [GC Worker Total (ms): Min: 177.3, Avg: 177.3, Max: 177.3, Diff: 0.0, Sum: 354.5]
      [GC Worker End (ms): Min: 38753889.8, Avg: 38753889.8, Max: 38753889.8, Diff: 0.0]
   [Code Root Fixup: 0.3 ms]
   [Code Root Migration: 0.1 ms]
   [Clear CT: 0.5 ms]
   [Other: 8.5 ms]
      [Choose CSet: 0.0 ms]
      [Ref Proc: 3.9 ms]
      [Ref Enq: 0.2 ms]
      [Free CSet: 1.4 ms]
   [Eden: 746.0M(586.0M)->0.0B(834.0M) Survivors: 58.0M->60.0M Heap: 1995.6M(4096.0M)->1267.6M(4096.0M)]
 [Times: user=0.36 sys=0.00, real=0.19 secs] 
2016-08-31T00:23:17.614+0200: 38847.748: [GC pause (young), 0.2982570 secs]
   [Parallel Time: 289.8 ms, GC Workers: 2]
      [GC Worker Start (ms): Min: 38847749.4, Avg: 38847751.3, Max: 38847753.2, Diff: 3.8]
      [Ext Root Scanning (ms): Min: 66.0, Avg: 77.4, Max: 88.9, Diff: 22.8, Sum: 154.9]
      [Update RS (ms): Min: 67.6, Avg: 76.2, Max: 84.7, Diff: 17.1, Sum: 152.3]
         [Processed Buffers: Min: 286, Avg: 328.0, Max: 370, Diff: 84, Sum: 656]
      [Scan RS (ms): Min: 28.0, Avg: 30.9, Max: 33.7, Diff: 5.7, Sum: 61.7]
      [Code Root Scanning (ms): Min: 0.1, Avg: 0.2, Max: 0.2, Diff: 0.0, Sum: 0.3]
      [Object Copy (ms): Min: 95.6, Avg: 95.9, Max: 96.2, Diff: 0.6, Sum: 191.8]
      [Termination (ms): Min: 0.0, Avg: 5.4, Max: 10.8, Diff: 10.8, Sum: 10.8]
      [GC Worker Other (ms): Min: 0.1, Avg: 0.1, Max: 0.1, Diff: 0.0, Sum: 0.3]
      [GC Worker Total (ms): Min: 286.0, Avg: 286.1, Max: 286.1, Diff: 0.1, Sum: 572.1]
      [GC Worker End (ms): Min: 38848035.6, Avg: 38848037.4, Max: 38848039.2, Diff: 3.7]
   [Code Root Fixup: 0.2 ms]
   [Code Root Migration: 0.1 ms]
   [Clear CT: 0.4 ms]
   [Other: 7.6 ms]
      [Choose CSet: 0.0 ms]
      [Ref Proc: 4.0 ms]
      [Ref Enq: 0.3 ms]
      [Free CSet: 1.3 ms]
   [Eden: 788.0M(452.0M)->0.0B(158.0M) Survivors: 60.0M->46.0M Heap: 2055.6M(4096.0M)->1273.0M(4096.0M)]
 [Times: user=0.19 sys=0.00, real=0.30 secs] 
2016-08-31T00:23:41.443+0200: 38871.578: [GC pause (young), 0.1393940 secs]
   [Parallel Time: 128.4 ms, GC Workers: 2]
      [GC Worker Start (ms): Min: 38871578.9, Avg: 38871578.9, Max: 38871578.9, Diff: 0.0]
      [Ext Root Scanning (ms): Min: 52.8, Avg: 54.7, Max: 56.6, Diff: 3.8, Sum: 109.4]
      [Update RS (ms): Min: 18.5, Avg: 23.0, Max: 27.6, Diff: 9.1, Sum: 46.1]
         [Processed Buffers: Min: 199, Avg: 237.0, Max: 275, Diff: 76, Sum: 474]
      [Scan RS (ms): Min: 9.0, Avg: 9.1, Max: 9.2, Diff: 0.3, Sum: 18.2]
      [Code Root Scanning (ms): Min: 0.0, Avg: 0.1, Max: 0.1, Diff: 0.0, Sum: 0.1]
      [Object Copy (ms): Min: 38.5, Avg: 41.3, Max: 44.1, Diff: 5.6, Sum: 82.6]
      [Termination (ms): Min: 0.0, Avg: 0.0, Max: 0.0, Diff: 0.0, Sum: 0.0]
      [GC Worker Other (ms): Min: 0.1, Avg: 0.1, Max: 0.1, Diff: 0.0, Sum: 0.1]
      [GC Worker Total (ms): Min: 128.3, Avg: 128.3, Max: 128.3, Diff: 0.0, Sum: 256.5]
      [GC Worker End (ms): Min: 38871707.2, Avg: 38871707.2, Max: 38871707.2, Diff: 0.0]
   [Code Root Fixup: 0.4 ms]
   [Code Root Migration: 0.0 ms]
   [Clear CT: 0.4 ms]
   [Other: 10.1 ms]
      [Choose CSet: 0.0 ms]
      [Ref Proc: 7.1 ms]
      [Ref Enq: 0.1 ms]
      [Free CSet: 0.6 ms]
   [Eden: 158.0M(158.0M)->0.0B(192.0M) Survivors: 46.0M->12.0M Heap: 1431.0M(4096.0M)->1254.0M(4096.0M)]
 [Times: user=0.24 sys=0.00, real=0.14 secs] 
2016-08-31T00:24:00.922+0200: 38891.057: [GC pause (young), 0.1057660 secs]
   [Parallel Time: 100.0 ms, GC Workers: 2]
      [GC Worker Start (ms): Min: 38891057.7, Avg: 38891057.7, Max: 38891057.7, Diff: 0.0]
      [Ext Root Scanning (ms): Min: 48.8, Avg: 49.5, Max: 50.2, Diff: 1.4, Sum: 99.0]
      [Update RS (ms): Min: 21.8, Avg: 22.6, Max: 23.5, Diff: 1.8, Sum: 45.3]
         [Processed Buffers: Min: 240, Avg: 250.5, Max: 261, Diff: 21, Sum: 501]
      [Scan RS (ms): Min: 4.4, Avg: 4.7, Max: 5.1, Diff: 0.7, Sum: 9.4]
      [Code Root Scanning (ms): Min: 0.1, Avg: 0.1, Max: 0.1, Diff: 0.0, Sum: 0.2]
      [Object Copy (ms): Min: 22.8, Avg: 22.8, Max: 22.9, Diff: 0.2, Sum: 45.7]
      [Termination (ms): Min: 0.0, Avg: 0.0, Max: 0.0, Diff: 0.0, Sum: 0.0]
      [GC Worker Other (ms): Min: 0.1, Avg: 0.1, Max: 0.1, Diff: 0.1, Sum: 0.2]
      [GC Worker Total (ms): Min: 99.9, Avg: 99.9, Max: 99.9, Diff: 0.0, Sum: 199.8]
      [GC Worker End (ms): Min: 38891157.6, Avg: 38891157.6, Max: 38891157.6, Diff: 0.0]
   [Code Root Fixup: 0.5 ms]
   [Code Root Migration: 0.0 ms]
   [Clear CT: 0.4 ms]
   [Other: 4.9 ms]
      [Choose CSet: 0.0 ms]
      [Ref Proc: 2.2 ms]
      [Ref Enq: 0.1 ms]
      [Free CSet: 0.6 ms]
   [Eden: 192.0M(192.0M)->0.0B(464.0M) Survivors: 12.0M->22.0M Heap: 1446.0M(4096.0M)->1263.0M(4096.0M)]
 [Times: user=0.21 sys=0.00, real=0.11 secs] 
2016-08-31T00:25:10.320+0200: 38960.454: [GC pause (young), 0.1273460 secs]
   [Parallel Time: 119.2 ms, GC Workers: 2]
      [GC Worker Start (ms): Min: 38960455.5, Avg: 38960455.6, Max: 38960455.6, Diff: 0.0]
      [Ext Root Scanning (ms): Min: 48.4, Avg: 48.5, Max: 48.7, Diff: 0.4, Sum: 97.1]
      [Update RS (ms): Min: 31.2, Avg: 31.4, Max: 31.6, Diff: 0.3, Sum: 62.8]
         [Processed Buffers: Min: 229, Avg: 234.5, Max: 240, Diff: 11, Sum: 469]
      [Scan RS (ms): Min: 8.3, Avg: 8.5, Max: 8.7, Diff: 0.4, Sum: 17.0]
      [Code Root Scanning (ms): Min: 0.1, Avg: 0.2, Max: 0.2, Diff: 0.0, Sum: 0.3]
      [Object Copy (ms): Min: 30.3, Avg: 30.4, Max: 30.6, Diff: 0.3, Sum: 60.9]
      [Termination (ms): Min: 0.0, Avg: 0.0, Max: 0.0, Diff: 0.0, Sum: 0.0]
      [GC Worker Other (ms): Min: 0.1, Avg: 0.1, Max: 0.2, Diff: 0.0, Sum: 0.3]
      [GC Worker Total (ms): Min: 119.1, Avg: 119.1, Max: 119.1, Diff: 0.0, Sum: 238.3]
      [GC Worker End (ms): Min: 38960574.7, Avg: 38960574.7, Max: 38960574.7, Diff: 0.0]
   [Code Root Fixup: 0.4 ms]
   [Code Root Migration: 0.1 ms]
   [Clear CT: 0.6 ms]
   [Other: 7.0 ms]
      [Choose CSet: 0.0 ms]
      [Ref Proc: 3.2 ms]
      [Ref Enq: 0.3 ms]
      [Free CSet: 1.5 ms]
   [Eden: 464.0M(464.0M)->0.0B(940.0M) Survivors: 22.0M->26.0M Heap: 1727.0M(4096.0M)->1267.0M(4096.0M)]
 [Times: user=0.24 sys=0.00, real=0.13 secs] 
2016-08-31T00:26:51.538+0200: 39061.673: [GC pause (young), 0.1769120 secs]
   [Parallel Time: 165.4 ms, GC Workers: 2]
      [GC Worker Start (ms): Min: 39061674.0, Avg: 39061674.0, Max: 39061674.0, Diff: 0.0]
      [Ext Root Scanning (ms): Min: 50.8, Avg: 51.6, Max: 52.4, Diff: 1.6, Sum: 103.1]
      [Update RS (ms): Min: 37.9, Avg: 42.1, Max: 46.4, Diff: 8.5, Sum: 84.3]
         [Processed Buffers: Min: 241, Avg: 282.5, Max: 324, Diff: 83, Sum: 565]
      [Scan RS (ms): Min: 10.4, Avg: 14.3, Max: 18.3, Diff: 7.9, Sum: 28.6]
      [Code Root Scanning (ms): Min: 0.2, Avg: 0.2, Max: 0.2, Diff: 0.0, Sum: 0.5]
      [Object Copy (ms): Min: 56.3, Avg: 56.8, Max: 57.4, Diff: 1.1, Sum: 113.7]
      [Termination (ms): Min: 0.0, Avg: 0.0, Max: 0.0, Diff: 0.0, Sum: 0.0]
      [GC Worker Other (ms): Min: 0.1, Avg: 0.1, Max: 0.2, Diff: 0.0, Sum: 0.3]
      [GC Worker Total (ms): Min: 165.2, Avg: 165.2, Max: 165.3, Diff: 0.0, Sum: 330.5]
      [GC Worker End (ms): Min: 39061839.3, Avg: 39061839.3, Max: 39061839.3, Diff: 0.0]
   [Code Root Fixup: 0.4 ms]
   [Code Root Migration: 0.1 ms]
   [Clear CT: 1.0 ms]
   [Other: 10.0 ms]
      [Choose CSet: 0.0 ms]
      [Ref Proc: 5.6 ms]
      [Ref Enq: 0.4 ms]
      [Free CSet: 1.8 ms]
   [Eden: 710.0M(584.0M)->0.0B(692.0M) Survivors: 26.0M->46.0M Heap: 1977.0M(4096.0M)->1287.0M(4096.0M)]
 [Times: user=0.30 sys=0.00, real=0.18 secs] 
2016-08-31T00:28:22.750+0200: 39152.885: [GC pause (young), 0.1575870 secs]
   [Parallel Time: 147.9 ms, GC Workers: 2]
      [GC Worker Start (ms): Min: 39152885.8, Avg: 39152888.5, Max: 39152891.2, Diff: 5.4]
      [Ext Root Scanning (ms): Min: 50.0, Avg: 51.7, Max: 53.4, Diff: 3.4, Sum: 103.3]
      [Update RS (ms): Min: 34.5, Avg: 34.9, Max: 35.4, Diff: 0.9, Sum: 69.9]
         [Processed Buffers: Min: 222, Avg: 231.0, Max: 240, Diff: 18, Sum: 462]
      [Scan RS (ms): Min: 14.0, Avg: 14.0, Max: 14.1, Diff: 0.1, Sum: 28.0]
      [Code Root Scanning (ms): Min: 0.2, Avg: 0.2, Max: 0.2, Diff: 0.0, Sum: 0.4]
      [Object Copy (ms): Min: 43.6, Avg: 44.2, Max: 44.7, Diff: 1.0, Sum: 88.3]
      [Termination (ms): Min: 0.0, Avg: 0.0, Max: 0.0, Diff: 0.0, Sum: 0.0]
      [GC Worker Other (ms): Min: 0.1, Avg: 0.1, Max: 0.1, Diff: 0.0, Sum: 0.3]
      [GC Worker Total (ms): Min: 142.4, Avg: 145.1, Max: 147.8, Diff: 5.4, Sum: 290.3]
      [GC Worker End (ms): Min: 39153033.7, Avg: 39153033.7, Max: 39153033.7, Diff: 0.0]
   [Code Root Fixup: 0.4 ms]
   [Code Root Migration: 0.1 ms]
   [Clear CT: 0.6 ms]
   [Other: 8.6 ms]
      [Choose CSet: 0.0 ms]
      [Ref Proc: 4.8 ms]
      [Ref Enq: 0.3 ms]
      [Free CSet: 1.5 ms]
   [Eden: 582.0M(344.0M)->0.0B(1204.0M) Survivors: 46.0M->28.0M Heap: 1869.0M(4096.0M)->1283.9M(4096.0M)]
 [Times: user=0.30 sys=0.00, real=0.16 secs] 
2016-08-31T00:30:19.256+0200: 39269.391: [GC pause (young), 0.2032920 secs]
   [Parallel Time: 190.9 ms, GC Workers: 2]
      [GC Worker Start (ms): Min: 39269392.1, Avg: 39269392.1, Max: 39269392.1, Diff: 0.0]
      [Ext Root Scanning (ms): Min: 76.1, Avg: 76.5, Max: 77.0, Diff: 0.9, Sum: 153.1]
      [Update RS (ms): Min: 52.4, Avg: 53.2, Max: 54.0, Diff: 1.7, Sum: 106.4]
         [Processed Buffers: Min: 301, Avg: 313.5, Max: 326, Diff: 25, Sum: 627]
      [Scan RS (ms): Min: 12.2, Avg: 12.9, Max: 13.5, Diff: 1.3, Sum: 25.7]
      [Code Root Scanning (ms): Min: 0.2, Avg: 0.3, Max: 0.4, Diff: 0.1, Sum: 0.6]
      [Object Copy (ms): Min: 47.6, Avg: 47.7, Max: 47.9, Diff: 0.3, Sum: 95.5]
      [Termination (ms): Min: 0.0, Avg: 0.0, Max: 0.0, Diff: 0.0, Sum: 0.0]
      [GC Worker Other (ms): Min: 0.1, Avg: 0.1, Max: 0.2, Diff: 0.1, Sum: 0.3]
      [GC Worker Total (ms): Min: 190.8, Avg: 190.8, Max: 190.8, Diff: 0.0, Sum: 381.6]
      [GC Worker End (ms): Min: 39269582.9, Avg: 39269582.9, Max: 39269582.9, Diff: 0.0]
   [Code Root Fixup: 0.4 ms]
   [Code Root Migration: 0.1 ms]
   [Clear CT: 0.7 ms]
   [Other: 11.2 ms]
      [Choose CSet: 0.0 ms]
      [Ref Proc: 6.0 ms]
      [Ref Enq: 0.5 ms]
      [Free CSet: 1.9 ms]
   [Eden: 832.0M(792.0M)->0.0B(468.0M) Survivors: 28.0M->48.0M Heap: 2115.9M(4096.0M)->1303.9M(4096.0M)]
 [Times: user=0.39 sys=0.01, real=0.20 secs] 
2016-08-31T00:31:31.472+0200: 39341.606: [GC pause (young), 0.1381160 secs]
   [Parallel Time: 132.2 ms, GC Workers: 2]
      [GC Worker Start (ms): Min: 39341607.4, Avg: 39341607.4, Max: 39341607.4, Diff: 0.0]
      [Ext Root Scanning (ms): Min: 49.1, Avg: 55.0, Max: 60.9, Diff: 11.8, Sum: 110.0]
      [Update RS (ms): Min: 22.0, Avg: 28.1, Max: 34.2, Diff: 12.2, Sum: 56.2]
         [Processed Buffers: Min: 207, Avg: 218.0, Max: 229, Diff: 22, Sum: 436]
      [Scan RS (ms): Min: 12.7, Avg: 12.9, Max: 13.1, Diff: 0.5, Sum: 25.8]
      [Code Root Scanning (ms): Min: 0.2, Avg: 0.2, Max: 0.2, Diff: 0.1, Sum: 0.4]
      [Object Copy (ms): Min: 35.7, Avg: 35.7, Max: 35.7, Diff: 0.0, Sum: 71.4]
      [Termination (ms): Min: 0.0, Avg: 0.0, Max: 0.0, Diff: 0.0, Sum: 0.0]
      [GC Worker Other (ms): Min: 0.1, Avg: 0.2, Max: 0.2, Diff: 0.0, Sum: 0.3]
      [GC Worker Total (ms): Min: 132.0, Avg: 132.1, Max: 132.1, Diff: 0.0, Sum: 264.1]
      [GC Worker End (ms): Min: 39341739.4, Avg: 39341739.4, Max: 39341739.4, Diff: 0.0]
   [Code Root Fixup: 0.3 ms]
   [Code Root Migration: 0.1 ms]
   [Clear CT: 0.4 ms]
   [Other: 5.2 ms]
      [Choose CSet: 0.0 ms]
      [Ref Proc: 2.2 ms]
      [Ref Enq: 0.1 ms]
      [Free CSet: 1.2 ms]
   [Eden: 468.0M(468.0M)->0.0B(1476.0M) Survivors: 48.0M->14.0M Heap: 1771.9M(4096.0M)->1289.0M(4096.0M)]
 [Times: user=0.26 sys=0.00, real=0.14 secs] 
2016-08-31T00:33:45.300+0200: 39475.435: [GC pause (young), 0.1885770 secs]
   [Parallel Time: 178.5 ms, GC Workers: 2]
      [GC Worker Start (ms): Min: 39475436.4, Avg: 39475436.4, Max: 39475436.4, Diff: 0.0]
      [Ext Root Scanning (ms): Min: 55.9, Avg: 65.5, Max: 75.0, Diff: 19.2, Sum: 130.9]
      [Update RS (ms): Min: 44.0, Avg: 53.1, Max: 62.2, Diff: 18.2, Sum: 106.1]
         [Processed Buffers: Min: 221, Avg: 317.5, Max: 414, Diff: 193, Sum: 635]
      [Scan RS (ms): Min: 12.3, Avg: 12.8, Max: 13.3, Diff: 1.0, Sum: 25.5]
      [Code Root Scanning (ms): Min: 0.3, Avg: 0.3, Max: 0.3, Diff: 0.1, Sum: 0.6]
      [Object Copy (ms): Min: 46.6, Avg: 46.6, Max: 46.6, Diff: 0.0, Sum: 93.3]
      [Termination (ms): Min: 0.0, Avg: 0.0, Max: 0.0, Diff: 0.0, Sum: 0.0]
      [GC Worker Other (ms): Min: 0.1, Avg: 0.1, Max: 0.1, Diff: 0.0, Sum: 0.3]
      [GC Worker Total (ms): Min: 178.4, Avg: 178.4, Max: 178.4, Diff: 0.0, Sum: 356.8]
      [GC Worker End (ms): Min: 39475614.8, Avg: 39475614.8, Max: 39475614.8, Diff: 0.0]
   [Code Root Fixup: 0.2 ms]
   [Code Root Migration: 0.1 ms]
   [Clear CT: 0.5 ms]
   [Other: 9.2 ms]
      [Choose CSet: 0.0 ms]
      [Ref Proc: 4.5 ms]
      [Ref Enq: 0.3 ms]
      [Free CSet: 1.7 ms]
   [Eden: 950.0M(940.0M)->0.0B(738.0M) Survivors: 14.0M->48.0M Heap: 2239.0M(4096.0M)->1322.0M(4096.0M)]
 [Times: user=0.31 sys=0.00, real=0.19 secs] 
2016-08-31T00:35:38.516+0200: 39588.650: [GC pause (young), 0.1263190 secs]
   [Parallel Time: 120.7 ms, GC Workers: 2]
      [GC Worker Start (ms): Min: 39588650.6, Avg: 39588650.6, Max: 39588650.6, Diff: 0.0]
      [Ext Root Scanning (ms): Min: 39.6, Avg: 40.9, Max: 42.1, Diff: 2.5, Sum: 81.8]
      [Update RS (ms): Min: 29.7, Avg: 30.1, Max: 30.4, Diff: 0.7, Sum: 60.1]
         [Processed Buffers: Min: 74, Avg: 215.5, Max: 357, Diff: 283, Sum: 431]
      [Scan RS (ms): Min: 11.6, Avg: 11.7, Max: 11.7, Diff: 0.1, Sum: 23.3]
      [Code Root Scanning (ms): Min: 0.0, Avg: 0.1, Max: 0.2, Diff: 0.2, Sum: 0.3]
      [Object Copy (ms): Min: 31.1, Avg: 31.3, Max: 31.5, Diff: 0.4, Sum: 62.6]
      [Termination (ms): Min: 0.0, Avg: 1.0, Max: 1.9, Diff: 1.9, Sum: 1.9]
      [GC Worker Other (ms): Min: 0.1, Avg: 0.1, Max: 0.1, Diff: 0.0, Sum: 0.2]
      [GC Worker Total (ms): Min: 115.1, Avg: 115.2, Max: 115.2, Diff: 0.0, Sum: 230.3]
      [GC Worker End (ms): Min: 39588765.8, Avg: 39588765.8, Max: 39588765.8, Diff: 0.0]
   [Code Root Fixup: 0.2 ms]
   [Code Root Migration: 0.1 ms]
   [Clear CT: 0.7 ms]
   [Other: 4.7 ms]
      [Choose CSet: 0.0 ms]
      [Ref Proc: 2.4 ms]
      [Ref Enq: 0.2 ms]
      [Free CSet: 1.1 ms]
   [Eden: 638.0M(362.0M)->0.0B(1634.0M) Survivors: 48.0M->18.0M Heap: 1960.0M(4096.0M)->1306.0M(4096.0M)]
 [Times: user=0.18 sys=0.00, real=0.13 secs] 
2016-08-31T00:39:11.252+0200: 39801.386: [GC pause (young), 0.1663780 secs]
   [Parallel Time: 151.4 ms, GC Workers: 2]
      [GC Worker Start (ms): Min: 39801387.7, Avg: 39801387.9, Max: 39801388.1, Diff: 0.4]
      [Ext Root Scanning (ms): Min: 50.2, Avg: 50.6, Max: 50.9, Diff: 0.7, Sum: 101.1]
      [Update RS (ms): Min: 41.2, Avg: 41.9, Max: 42.5, Diff: 1.3, Sum: 83.7]
         [Processed Buffers: Min: 192, Avg: 220.5, Max: 249, Diff: 57, Sum: 441]
      [Scan RS (ms): Min: 13.7, Avg: 13.8, Max: 13.9, Diff: 0.2, Sum: 27.6]
      [Code Root Scanning (ms): Min: 0.4, Avg: 0.4, Max: 0.4, Diff: 0.1, Sum: 0.8]
      [Object Copy (ms): Min: 43.9, Avg: 44.3, Max: 44.7, Diff: 0.8, Sum: 88.6]
      [Termination (ms): Min: 0.0, Avg: 0.0, Max: 0.0, Diff: 0.0, Sum: 0.0]
      [GC Worker Other (ms): Min: 0.1, Avg: 0.3, Max: 0.4, Diff: 0.3, Sum: 0.6]
      [GC Worker Total (ms): Min: 151.0, Avg: 151.2, Max: 151.3, Diff: 0.3, Sum: 302.3]
      [GC Worker End (ms): Min: 39801539.0, Avg: 39801539.0, Max: 39801539.0, Diff: 0.0]
   [Code Root Fixup: 0.4 ms]
   [Code Root Migration: 0.2 ms]
   [Clear CT: 0.8 ms]
   [Other: 13.6 ms]
      [Choose CSet: 0.0 ms]
      [Ref Proc: 7.6 ms]
      [Ref Enq: 0.7 ms]
      [Free CSet: 3.2 ms]
   [Eden: 1218.0M(1218.0M)->0.0B(1402.0M) Survivors: 18.0M->32.0M Heap: 2524.0M(4096.0M)->1321.0M(4096.0M)]
 [Times: user=0.31 sys=0.00, real=0.17 secs] 
2016-08-31T00:41:55.522+0200: 39965.657: [GC pause (young), 0.1624490 secs]
   [Parallel Time: 151.6 ms, GC Workers: 2]
      [GC Worker Start (ms): Min: 39965657.8, Avg: 39965657.8, Max: 39965657.8, Diff: 0.0]
      [Ext Root Scanning (ms): Min: 52.5, Avg: 52.6, Max: 52.8, Diff: 0.3, Sum: 105.2]
      [Update RS (ms): Min: 34.1, Avg: 34.9, Max: 35.7, Diff: 1.6, Sum: 69.8]
         [Processed Buffers: Min: 211, Avg: 224.0, Max: 237, Diff: 26, Sum: 448]
      [Scan RS (ms): Min: 15.5, Avg: 15.5, Max: 15.6, Diff: 0.1, Sum: 31.1]
      [Code Root Scanning (ms): Min: 0.3, Avg: 0.3, Max: 0.3, Diff: 0.0, Sum: 0.6]
      [Object Copy (ms): Min: 47.4, Avg: 47.8, Max: 48.3, Diff: 0.9, Sum: 95.7]
      [Termination (ms): Min: 0.0, Avg: 0.0, Max: 0.0, Diff: 0.0, Sum: 0.0]
      [GC Worker Other (ms): Min: 0.1, Avg: 0.3, Max: 0.4, Diff: 0.3, Sum: 0.6]
      [GC Worker Total (ms): Min: 151.5, Avg: 151.5, Max: 151.5, Diff: 0.0, Sum: 303.0]
      [GC Worker End (ms): Min: 39965809.3, Avg: 39965809.3, Max: 39965809.3, Diff: 0.0]
   [Code Root Fixup: 0.4 ms]
   [Code Root Migration: 0.1 ms]
   [Clear CT: 0.7 ms]
   [Other: 9.6 ms]
      [Choose CSet: 0.0 ms]
      [Ref Proc: 5.2 ms]
      [Ref Enq: 0.5 ms]
      [Free CSet: 2.0 ms]
   [Eden: 926.0M(926.0M)->0.0B(1496.0M) Survivors: 32.0M->40.0M Heap: 2247.0M(4096.0M)->1329.0M(4096.0M)]
 [Times: user=0.31 sys=0.00, real=0.16 secs] 
2016-08-31T00:43:53.934+0200: 40084.068: [GC pause (young), 0.1636730 secs]
   [Parallel Time: 154.2 ms, GC Workers: 2]
      [GC Worker Start (ms): Min: 40084069.6, Avg: 40084069.6, Max: 40084069.7, Diff: 0.1]
      [Ext Root Scanning (ms): Min: 49.1, Avg: 49.2, Max: 49.2, Diff: 0.1, Sum: 98.4]
      [Update RS (ms): Min: 32.2, Avg: 32.6, Max: 33.0, Diff: 0.8, Sum: 65.2]
         [Processed Buffers: Min: 215, Avg: 233.5, Max: 252, Diff: 37, Sum: 467]
      [Scan RS (ms): Min: 17.5, Avg: 17.5, Max: 17.6, Diff: 0.1, Sum: 35.0]
      [Code Root Scanning (ms): Min: 0.3, Avg: 0.3, Max: 0.3, Diff: 0.0, Sum: 0.5]
      [Object Copy (ms): Min: 53.8, Avg: 54.3, Max: 54.9, Diff: 1.1, Sum: 108.7]
      [Termination (ms): Min: 0.0, Avg: 0.0, Max: 0.0, Diff: 0.0, Sum: 0.0]
      [GC Worker Other (ms): Min: 0.1, Avg: 0.1, Max: 0.1, Diff: 0.0, Sum: 0.3]
      [GC Worker Total (ms): Min: 154.0, Avg: 154.1, Max: 154.1, Diff: 0.1, Sum: 308.1]
      [GC Worker End (ms): Min: 40084223.7, Avg: 40084223.7, Max: 40084223.7, Diff: 0.0]
   [Code Root Fixup: 0.3 ms]
   [Code Root Migration: 0.1 ms]
   [Clear CT: 0.6 ms]
   [Other: 8.6 ms]
      [Choose CSet: 0.0 ms]
      [Ref Proc: 4.6 ms]
      [Ref Enq: 0.3 ms]
      [Free CSet: 1.8 ms]
   [Eden: 818.0M(818.0M)->0.0B(1474.0M) Survivors: 40.0M->52.0M Heap: 2147.0M(4096.0M)->1340.0M(4096.0M)]
 [Times: user=0.32 sys=0.00, real=0.17 secs] 
2016-08-31T00:45:35.908+0200: 40186.043: [GC pause (young), 0.1652160 secs]
   [Parallel Time: 153.8 ms, GC Workers: 2]
      [GC Worker Start (ms): Min: 40186044.1, Avg: 40186044.1, Max: 40186044.1, Diff: 0.0]
      [Ext Root Scanning (ms): Min: 49.4, Avg: 50.0, Max: 50.6, Diff: 1.2, Sum: 100.0]
      [Update RS (ms): Min: 25.2, Avg: 25.7, Max: 26.2, Diff: 1.0, Sum: 51.4]
         [Processed Buffers: Min: 191, Avg: 224.0, Max: 257, Diff: 66, Sum: 448]
      [Scan RS (ms): Min: 19.7, Avg: 19.7, Max: 19.7, Diff: 0.0, Sum: 39.4]
      [Code Root Scanning (ms): Min: 0.2, Avg: 0.2, Max: 0.2, Diff: 0.0, Sum: 0.5]
      [Object Copy (ms): Min: 57.8, Avg: 57.9, Max: 57.9, Diff: 0.2, Sum: 115.7]
      [Termination (ms): Min: 0.0, Avg: 0.0, Max: 0.0, Diff: 0.0, Sum: 0.0]
      [GC Worker Other (ms): Min: 0.1, Avg: 0.2, Max: 0.2, Diff: 0.0, Sum: 0.3]
      [GC Worker Total (ms): Min: 153.6, Avg: 153.6, Max: 153.6, Diff: 0.0, Sum: 307.3]
      [GC Worker End (ms): Min: 40186197.8, Avg: 40186197.8, Max: 40186197.8, Diff: 0.0]
   [Code Root Fixup: 0.6 ms]
   [Code Root Migration: 0.1 ms]
   [Clear CT: 0.7 ms]
   [Other: 10.0 ms]
      [Choose CSet: 0.0 ms]
      [Ref Proc: 5.9 ms]
      [Ref Enq: 0.4 ms]
      [Free CSet: 1.7 ms]
   [Eden: 680.0M(680.0M)->0.0B(1586.0M) Survivors: 52.0M->44.0M Heap: 2020.0M(4096.0M)->1338.1M(4096.0M)]
 [Times: user=0.32 sys=0.00, real=0.17 secs] 
2016-08-31T00:47:40.527+0200: 40310.662: [GC pause (young), 0.1649310 secs]
   [Parallel Time: 154.8 ms, GC Workers: 2]
      [GC Worker Start (ms): Min: 40310662.8, Avg: 40310662.8, Max: 40310662.8, Diff: 0.0]
      [Ext Root Scanning (ms): Min: 50.1, Avg: 50.1, Max: 50.1, Diff: 0.1, Sum: 100.2]
      [Update RS (ms): Min: 27.4, Avg: 28.0, Max: 28.5, Diff: 1.0, Sum: 55.9]
         [Processed Buffers: Min: 214, Avg: 221.5, Max: 229, Diff: 15, Sum: 443]
      [Scan RS (ms): Min: 19.0, Avg: 19.2, Max: 19.5, Diff: 0.5, Sum: 38.4]
      [Code Root Scanning (ms): Min: 0.2, Avg: 0.3, Max: 0.3, Diff: 0.0, Sum: 0.5]
      [Object Copy (ms): Min: 56.5, Avg: 56.9, Max: 57.3, Diff: 0.8, Sum: 113.8]
      [Termination (ms): Min: 0.0, Avg: 0.0, Max: 0.0, Diff: 0.0, Sum: 0.0]
      [GC Worker Other (ms): Min: 0.1, Avg: 0.3, Max: 0.4, Diff: 0.3, Sum: 0.5]
      [GC Worker Total (ms): Min: 154.7, Avg: 154.7, Max: 154.7, Diff: 0.0, Sum: 309.4]
      [GC Worker End (ms): Min: 40310817.5, Avg: 40310817.5, Max: 40310817.5, Diff: 0.0]
   [Code Root Fixup: 0.4 ms]
   [Code Root Migration: 0.1 ms]
   [Clear CT: 0.7 ms]
   [Other: 8.9 ms]
      [Choose CSet: 0.0 ms]
      [Ref Proc: 4.8 ms]
      [Ref Enq: 0.4 ms]
      [Free CSet: 1.8 ms]
   [Eden: 758.0M(758.0M)->0.0B(1666.0M) Survivors: 44.0M->48.0M Heap: 2096.1M(4096.0M)->1342.1M(4096.0M)]
 [Times: user=0.32 sys=0.00, real=0.17 secs] 
2016-08-31T00:49:30.321+0200: 40420.456: [GC pause (young), 0.1559570 secs]
   [Parallel Time: 147.4 ms, GC Workers: 2]
      [GC Worker Start (ms): Min: 40420457.4, Avg: 40420457.4, Max: 40420457.4, Diff: 0.0]
      [Ext Root Scanning (ms): Min: 48.4, Avg: 48.7, Max: 48.9, Diff: 0.5, Sum: 97.4]
      [Update RS (ms): Min: 27.5, Avg: 27.7, Max: 27.8, Diff: 0.3, Sum: 55.4]
         [Processed Buffers: Min: 202, Avg: 219.0, Max: 236, Diff: 34, Sum: 438]
      [Scan RS (ms): Min: 19.5, Avg: 19.6, Max: 19.6, Diff: 0.2, Sum: 39.1]
      [Code Root Scanning (ms): Min: 0.2, Avg: 0.2, Max: 0.3, Diff: 0.1, Sum: 0.5]
      [Object Copy (ms): Min: 50.7, Avg: 51.0, Max: 51.4, Diff: 0.7, Sum: 102.0]
      [Termination (ms): Min: 0.0, Avg: 0.0, Max: 0.0, Diff: 0.0, Sum: 0.0]
      [GC Worker Other (ms): Min: 0.1, Avg: 0.1, Max: 0.1, Diff: 0.0, Sum: 0.3]
      [GC Worker Total (ms): Min: 147.3, Avg: 147.3, Max: 147.3, Diff: 0.0, Sum: 294.6]
      [GC Worker End (ms): Min: 40420604.7, Avg: 40420604.7, Max: 40420604.7, Diff: 0.0]
   [Code Root Fixup: 0.2 ms]
   [Code Root Migration: 0.1 ms]
   [Clear CT: 0.5 ms]
   [Other: 7.7 ms]
      [Choose CSet: 0.0 ms]
      [Ref Proc: 4.0 ms]
      [Ref Enq: 0.2 ms]
      [Free CSet: 1.4 ms]
   [Eden: 718.0M(718.0M)->0.0B(1922.0M) Survivors: 48.0M->54.0M Heap: 2060.1M(4096.0M)->1348.1M(4096.0M)]
 [Times: user=0.30 sys=0.00, real=0.16 secs] 
2016-08-31T00:51:29.095+0200: 40539.229: [GC pause (young), 0.1809830 secs]
   [Parallel Time: 170.1 ms, GC Workers: 2]
      [GC Worker Start (ms): Min: 40539230.3, Avg: 40539230.3, Max: 40539230.3, Diff: 0.1]
      [Ext Root Scanning (ms): Min: 50.5, Avg: 51.7, Max: 53.0, Diff: 2.5, Sum: 103.4]
      [Update RS (ms): Min: 26.2, Avg: 27.0, Max: 27.8, Diff: 1.6, Sum: 54.0]
         [Processed Buffers: Min: 184, Avg: 218.0, Max: 252, Diff: 68, Sum: 436]
      [Scan RS (ms): Min: 21.4, Avg: 21.6, Max: 21.7, Diff: 0.3, Sum: 43.1]
      [Code Root Scanning (ms): Min: 0.2, Avg: 0.3, Max: 0.3, Diff: 0.0, Sum: 0.5]
      [Object Copy (ms): Min: 68.7, Avg: 69.0, Max: 69.3, Diff: 0.7, Sum: 138.0]
      [Termination (ms): Min: 0.0, Avg: 0.0, Max: 0.0, Diff: 0.0, Sum: 0.0]
      [GC Worker Other (ms): Min: 0.4, Avg: 0.4, Max: 0.4, Diff: 0.1, Sum: 0.8]
      [GC Worker Total (ms): Min: 169.9, Avg: 170.0, Max: 170.0, Diff: 0.1, Sum: 339.9]
      [GC Worker End (ms): Min: 40539400.3, Avg: 40539400.3, Max: 40539400.3, Diff: 0.0]
   [Code Root Fixup: 0.4 ms]
   [Code Root Migration: 0.1 ms]
   [Clear CT: 0.7 ms]
   [Other: 9.7 ms]
      [Choose CSet: 0.0 ms]
      [Ref Proc: 5.3 ms]
      [Ref Enq: 0.5 ms]
      [Free CSet: 1.9 ms]
   [Eden: 754.0M(686.0M)->0.0B(1534.0M) Survivors: 54.0M->50.0M Heap: 2102.1M(4096.0M)->1353.6M(4096.0M)]
 [Times: user=0.35 sys=0.00, real=0.19 secs] 
2016-08-31T00:53:55.064+0200: 40685.198: [GC pause (young), 0.1702120 secs]
   [Parallel Time: 158.4 ms, GC Workers: 2]
      [GC Worker Start (ms): Min: 40685199.3, Avg: 40685199.3, Max: 40685199.4, Diff: 0.1]
      [Ext Root Scanning (ms): Min: 51.1, Avg: 51.2, Max: 51.3, Diff: 0.1, Sum: 102.4]
      [Update RS (ms): Min: 28.8, Avg: 28.8, Max: 28.8, Diff: 0.0, Sum: 57.7]
         [Processed Buffers: Min: 194, Avg: 219.0, Max: 244, Diff: 50, Sum: 438]
      [Scan RS (ms): Min: 20.9, Avg: 21.0, Max: 21.1, Diff: 0.2, Sum: 42.0]
      [Code Root Scanning (ms): Min: 0.2, Avg: 0.3, Max: 0.3, Diff: 0.1, Sum: 0.5]
      [Object Copy (ms): Min: 56.7, Avg: 56.9, Max: 57.1, Diff: 0.4, Sum: 113.8]
      [Termination (ms): Min: 0.0, Avg: 0.0, Max: 0.0, Diff: 0.0, Sum: 0.0]
      [GC Worker Other (ms): Min: 0.1, Avg: 0.1, Max: 0.1, Diff: 0.0, Sum: 0.3]
      [GC Worker Total (ms): Min: 158.3, Avg: 158.4, Max: 158.4, Diff: 0.1, Sum: 316.7]
      [GC Worker End (ms): Min: 40685357.7, Avg: 40685357.7, Max: 40685357.7, Diff: 0.0]
   [Code Root Fixup: 0.4 ms]
   [Code Root Migration: 0.1 ms]
   [Clear CT: 0.6 ms]
   [Other: 10.6 ms]
      [Choose CSet: 0.0 ms]
      [Ref Proc: 6.1 ms]
      [Ref Enq: 0.5 ms]
      [Free CSet: 2.1 ms]
   [Eden: 816.0M(612.0M)->0.0B(1618.0M) Survivors: 50.0M->48.0M Heap: 2169.6M(4096.0M)->1360.0M(4096.0M)]
 [Times: user=0.33 sys=0.00, real=0.17 secs] 
2016-08-31T00:56:26.314+0200: 40836.448: [GC pause (young), 0.1624780 secs]
   [Parallel Time: 154.9 ms, GC Workers: 2]
      [GC Worker Start (ms): Min: 40836449.5, Avg: 40836449.5, Max: 40836449.5, Diff: 0.0]
      [Ext Root Scanning (ms): Min: 48.0, Avg: 48.4, Max: 48.8, Diff: 0.8, Sum: 96.9]
      [Update RS (ms): Min: 28.7, Avg: 29.4, Max: 30.1, Diff: 1.5, Sum: 58.8]
         [Processed Buffers: Min: 206, Avg: 220.5, Max: 235, Diff: 29, Sum: 441]
      [Scan RS (ms): Min: 20.9, Avg: 21.1, Max: 21.2, Diff: 0.3, Sum: 42.1]
      [Code Root Scanning (ms): Min: 0.2, Avg: 0.3, Max: 0.3, Diff: 0.1, Sum: 0.5]
      [Object Copy (ms): Min: 55.0, Avg: 55.4, Max: 55.9, Diff: 0.9, Sum: 110.9]
      [Termination (ms): Min: 0.0, Avg: 0.0, Max: 0.0, Diff: 0.0, Sum: 0.0]
      [GC Worker Other (ms): Min: 0.1, Avg: 0.1, Max: 0.1, Diff: 0.0, Sum: 0.3]
      [GC Worker Total (ms): Min: 154.7, Avg: 154.7, Max: 154.7, Diff: 0.0, Sum: 309.4]
      [GC Worker End (ms): Min: 40836604.2, Avg: 40836604.2, Max: 40836604.2, Diff: 0.0]
   [Code Root Fixup: 0.2 ms]
   [Code Root Migration: 0.1 ms]
   [Clear CT: 0.6 ms]
   [Other: 6.6 ms]
      [Choose CSet: 0.0 ms]
      [Ref Proc: 3.1 ms]
      [Ref Enq: 0.2 ms]
      [Free CSet: 1.4 ms]
   [Eden: 812.0M(696.0M)->0.0B(1834.0M) Survivors: 48.0M->54.0M Heap: 2172.0M(4096.0M)->1365.0M(4096.0M)]
 [Times: user=0.31 sys=0.00, real=0.16 secs] 
2016-08-31T00:59:29.832+0200: 41019.966: [GC pause (young), 0.1806580 secs]
   [Parallel Time: 169.9 ms, GC Workers: 2]
      [GC Worker Start (ms): Min: 41019967.4, Avg: 41019967.4, Max: 41019967.5, Diff: 0.1]
      [Ext Root Scanning (ms): Min: 49.8, Avg: 49.8, Max: 49.8, Diff: 0.0, Sum: 99.6]
      [Update RS (ms): Min: 28.5, Avg: 28.6, Max: 28.7, Diff: 0.2, Sum: 57.3]
         [Processed Buffers: Min: 206, Avg: 216.5, Max: 227, Diff: 21, Sum: 433]
      [Scan RS (ms): Min: 21.6, Avg: 22.0, Max: 22.3, Diff: 0.7, Sum: 43.9]
      [Code Root Scanning (ms): Min: 0.3, Avg: 0.3, Max: 0.3, Diff: 0.0, Sum: 0.6]
      [Object Copy (ms): Min: 68.7, Avg: 68.9, Max: 69.1, Diff: 0.4, Sum: 137.9]
      [Termination (ms): Min: 0.0, Avg: 0.0, Max: 0.0, Diff: 0.0, Sum: 0.0]
      [GC Worker Other (ms): Min: 0.1, Avg: 0.2, Max: 0.2, Diff: 0.1, Sum: 0.4]
      [GC Worker Total (ms): Min: 169.8, Avg: 169.8, Max: 169.9, Diff: 0.1, Sum: 339.7]
      [GC Worker End (ms): Min: 41020137.3, Avg: 41020137.3, Max: 41020137.3, Diff: 0.0]
   [Code Root Fixup: 0.4 ms]
   [Code Root Migration: 0.1 ms]
   [Clear CT: 0.7 ms]
   [Other: 9.4 ms]
      [Choose CSet: 0.0 ms]
      [Ref Proc: 5.1 ms]
      [Ref Enq: 0.5 ms]
      [Free CSet: 2.0 ms]
   [Eden: 870.0M(776.0M)->0.0B(1558.0M) Survivors: 54.0M->54.0M Heap: 2235.0M(4096.0M)->1365.0M(4096.0M)]
 [Times: user=0.35 sys=0.00, real=0.18 secs] 
2016-08-31T01:01:49.546+0200: 41159.680: [GC pause (young), 0.1715080 secs]
   [Parallel Time: 163.6 ms, GC Workers: 2]
      [GC Worker Start (ms): Min: 41159681.6, Avg: 41159681.6, Max: 41159681.6, Diff: 0.1]
      [Ext Root Scanning (ms): Min: 49.7, Avg: 49.9, Max: 50.2, Diff: 0.5, Sum: 99.9]
      [Update RS (ms): Min: 25.4, Avg: 26.5, Max: 27.5, Diff: 2.1, Sum: 53.0]
         [Processed Buffers: Min: 280, Avg: 297.0, Max: 314, Diff: 34, Sum: 594]
      [Scan RS (ms): Min: 21.6, Avg: 21.9, Max: 22.3, Diff: 0.6, Sum: 43.9]
      [Code Root Scanning (ms): Min: 0.3, Avg: 0.3, Max: 0.3, Diff: 0.0, Sum: 0.5]
      [Object Copy (ms): Min: 64.2, Avg: 64.7, Max: 65.2, Diff: 1.0, Sum: 129.4]
      [Termination (ms): Min: 0.0, Avg: 0.0, Max: 0.0, Diff: 0.0, Sum: 0.0]
      [GC Worker Other (ms): Min: 0.1, Avg: 0.1, Max: 0.1, Diff: 0.0, Sum: 0.2]
      [GC Worker Total (ms): Min: 163.4, Avg: 163.5, Max: 163.5, Diff: 0.1, Sum: 327.0]
      [GC Worker End (ms): Min: 41159845.1, Avg: 41159845.1, Max: 41159845.1, Diff: 0.0]
   [Code Root Fixup: 0.2 ms]
   [Code Root Migration: 0.1 ms]
   [Clear CT: 0.5 ms]
   [Other: 7.1 ms]
      [Choose CSet: 0.0 ms]
      [Ref Proc: 3.2 ms]
      [Ref Enq: 0.2 ms]
      [Free CSet: 1.3 ms]
   [Eden: 738.0M(576.0M)->0.0B(1296.0M) Survivors: 54.0M->64.0M Heap: 2103.0M(4096.0M)->1388.5M(4096.0M)]
 [Times: user=0.33 sys=0.00, real=0.17 secs] 
2016-08-31T01:05:42.383+0200: 41392.517: [GC pause (young), 0.1845120 secs]
   [Parallel Time: 175.9 ms, GC Workers: 2]
      [GC Worker Start (ms): Min: 41392518.7, Avg: 41392519.0, Max: 41392519.3, Diff: 0.5]
      [Ext Root Scanning (ms): Min: 52.4, Avg: 52.5, Max: 52.6, Diff: 0.1, Sum: 105.0]
      [Update RS (ms): Min: 30.8, Avg: 30.9, Max: 31.1, Diff: 0.3, Sum: 61.8]
         [Processed Buffers: Min: 275, Avg: 282.5, Max: 290, Diff: 15, Sum: 565]
      [Scan RS (ms): Min: 20.5, Avg: 20.6, Max: 20.7, Diff: 0.2, Sum: 41.2]
      [Code Root Scanning (ms): Min: 0.4, Avg: 0.4, Max: 0.4, Diff: 0.0, Sum: 0.8]
      [Object Copy (ms): Min: 70.7, Avg: 71.0, Max: 71.2, Diff: 0.6, Sum: 141.9]
      [Termination (ms): Min: 0.0, Avg: 0.0, Max: 0.0, Diff: 0.0, Sum: 0.0]
      [GC Worker Other (ms): Min: 0.2, Avg: 0.2, Max: 0.2, Diff: 0.0, Sum: 0.4]
      [GC Worker Total (ms): Min: 175.3, Avg: 175.6, Max: 175.8, Diff: 0.6, Sum: 351.1]
      [GC Worker End (ms): Min: 41392694.6, Avg: 41392694.6, Max: 41392694.6, Diff: 0.0]
   [Code Root Fixup: 0.2 ms]
   [Code Root Migration: 0.1 ms]
   [Clear CT: 0.5 ms]
   [Other: 7.7 ms]
      [Choose CSet: 0.0 ms]
      [Ref Proc: 3.6 ms]
      [Ref Enq: 0.3 ms]
      [Free CSet: 1.5 ms]
   [Eden: 1084.0M(468.0M)->0.0B(1484.0M) Survivors: 64.0M->40.0M Heap: 2472.5M(4096.0M)->1393.0M(4096.0M)]
 [Times: user=0.34 sys=0.00, real=0.19 secs] 
2016-08-31T01:10:39.272+0200: 41689.407: [GC pause (young), 0.0972840 secs]
   [Parallel Time: 88.3 ms, GC Workers: 2]
      [GC Worker Start (ms): Min: 41689407.5, Avg: 41689407.6, Max: 41689407.6, Diff: 0.0]
      [Ext Root Scanning (ms): Min: 27.9, Avg: 33.3, Max: 38.7, Diff: 10.7, Sum: 66.6]
      [Update RS (ms): Min: 13.9, Avg: 20.1, Max: 26.3, Diff: 12.4, Sum: 40.2]
         [Processed Buffers: Min: 155, Avg: 216.0, Max: 277, Diff: 122, Sum: 432]
      [Scan RS (ms): Min: 8.6, Avg: 8.9, Max: 9.2, Diff: 0.5, Sum: 17.8]
      [Code Root Scanning (ms): Min: 0.2, Avg: 0.2, Max: 0.2, Diff: 0.0, Sum: 0.4]
      [Object Copy (ms): Min: 25.1, Avg: 25.7, Max: 26.2, Diff: 1.1, Sum: 51.4]
      [Termination (ms): Min: 0.0, Avg: 0.0, Max: 0.0, Diff: 0.0, Sum: 0.0]
      [GC Worker Other (ms): Min: 0.1, Avg: 0.1, Max: 0.1, Diff: 0.0, Sum: 0.2]
      [GC Worker Total (ms): Min: 88.3, Avg: 88.3, Max: 88.3, Diff: 0.0, Sum: 176.6]
      [GC Worker End (ms): Min: 41689495.9, Avg: 41689495.9, Max: 41689495.9, Diff: 0.0]
   [Code Root Fixup: 0.2 ms]
   [Code Root Migration: 0.1 ms]
   [Clear CT: 0.6 ms]
   [Other: 8.0 ms]
      [Choose CSet: 0.0 ms]
      [Ref Proc: 4.6 ms]
      [Ref Enq: 0.3 ms]
      [Free CSet: 1.9 ms]
   [Eden: 1424.0M(832.0M)->0.0B(2250.0M) Survivors: 40.0M->34.0M Heap: 2817.0M(4096.0M)->1387.0M(4096.0M)]
 [Times: user=0.18 sys=0.00, real=0.10 secs] 
2016-08-31T01:17:56.953+0200: 42127.087: [GC pause (young), 0.2066440 secs]
   [Parallel Time: 185.1 ms, GC Workers: 2]
      [GC Worker Start (ms): Min: 42127089.3, Avg: 42127089.4, Max: 42127089.4, Diff: 0.0]
      [Ext Root Scanning (ms): Min: 48.4, Avg: 48.4, Max: 48.4, Diff: 0.1, Sum: 96.8]
      [Update RS (ms): Min: 44.6, Avg: 45.2, Max: 45.8, Diff: 1.1, Sum: 90.4]
         [Processed Buffers: Min: 209, Avg: 216.5, Max: 224, Diff: 15, Sum: 433]
      [Scan RS (ms): Min: 20.4, Avg: 20.6, Max: 20.9, Diff: 0.5, Sum: 41.3]
      [Code Root Scanning (ms): Min: 0.6, Avg: 0.7, Max: 0.8, Diff: 0.2, Sum: 1.4]
      [Object Copy (ms): Min: 69.6, Avg: 69.6, Max: 69.7, Diff: 0.1, Sum: 139.3]
      [Termination (ms): Min: 0.0, Avg: 0.2, Max: 0.5, Diff: 0.5, Sum: 0.5]
      [GC Worker Other (ms): Min: 0.1, Avg: 0.1, Max: 0.1, Diff: 0.0, Sum: 0.2]
      [GC Worker Total (ms): Min: 184.9, Avg: 185.0, Max: 185.0, Diff: 0.1, Sum: 369.9]
      [GC Worker End (ms): Min: 42127274.3, Avg: 42127274.3, Max: 42127274.3, Diff: 0.1]
   [Code Root Fixup: 0.4 ms]
   [Code Root Migration: 0.3 ms]
   [Clear CT: 1.2 ms]
   [Other: 19.6 ms]
      [Choose CSet: 0.0 ms]
      [Ref Proc: 11.4 ms]
      [Ref Enq: 1.0 ms]
      [Free CSet: 4.6 ms]
   [Eden: 2010.0M(2010.0M)->0.0B(1094.0M) Survivors: 34.0M->46.0M Heap: 3397.0M(4096.0M)->1400.0M(4096.0M)]
 [Times: user=0.38 sys=0.02, real=0.21 secs] 
2016-08-31T01:22:18.648+0200: 42388.782: [GC pause (young), 0.1663670 secs]
   [Parallel Time: 157.9 ms, GC Workers: 2]
      [GC Worker Start (ms): Min: 42388783.7, Avg: 42388783.7, Max: 42388783.7, Diff: 0.0]
      [Ext Root Scanning (ms): Min: 52.0, Avg: 52.1, Max: 52.3, Diff: 0.3, Sum: 104.3]
      [Update RS (ms): Min: 31.2, Avg: 31.5, Max: 31.9, Diff: 0.7, Sum: 63.1]
         [Processed Buffers: Min: 272, Avg: 294.0, Max: 316, Diff: 44, Sum: 588]
      [Scan RS (ms): Min: 18.4, Avg: 18.8, Max: 19.2, Diff: 0.8, Sum: 37.6]
      [Code Root Scanning (ms): Min: 0.4, Avg: 0.4, Max: 0.4, Diff: 0.0, Sum: 0.8]
      [Object Copy (ms): Min: 54.8, Avg: 54.9, Max: 55.0, Diff: 0.2, Sum: 109.8]
      [Termination (ms): Min: 0.0, Avg: 0.0, Max: 0.0, Diff: 0.0, Sum: 0.0]
      [GC Worker Other (ms): Min: 0.1, Avg: 0.1, Max: 0.1, Diff: 0.0, Sum: 0.2]
      [GC Worker Total (ms): Min: 157.9, Avg: 157.9, Max: 157.9, Diff: 0.0, Sum: 315.7]
      [GC Worker End (ms): Min: 42388941.6, Avg: 42388941.6, Max: 42388941.6, Diff: 0.0]
   [Code Root Fixup: 0.2 ms]
   [Code Root Migration: 0.1 ms]
   [Clear CT: 0.6 ms]
   [Other: 7.5 ms]
      [Choose CSet: 0.0 ms]
      [Ref Proc: 3.1 ms]
      [Ref Enq: 0.2 ms]
      [Free CSet: 1.9 ms]
   [Eden: 1094.0M(1094.0M)->0.0B(1096.0M) Survivors: 46.0M->66.0M Heap: 2494.0M(4096.0M)->1419.0M(4096.0M)]
 [Times: user=0.32 sys=0.00, real=0.16 secs] 
2016-08-31T01:26:24.315+0200: 42634.450: [GC pause (young), 0.1873360 secs]
   [Parallel Time: 175.0 ms, GC Workers: 2]
      [GC Worker Start (ms): Min: 42634450.8, Avg: 42634450.8, Max: 42634450.9, Diff: 0.1]
      [Ext Root Scanning (ms): Min: 49.7, Avg: 51.0, Max: 52.2, Diff: 2.5, Sum: 102.0]
      [Update RS (ms): Min: 30.6, Avg: 32.4, Max: 34.1, Diff: 3.5, Sum: 64.8]
         [Processed Buffers: Min: 216, Avg: 216.5, Max: 217, Diff: 1, Sum: 433]
      [Scan RS (ms): Min: 21.4, Avg: 21.5, Max: 21.7, Diff: 0.3, Sum: 43.1]
      [Code Root Scanning (ms): Min: 0.3, Avg: 0.4, Max: 0.5, Diff: 0.2, Sum: 0.8]
      [Object Copy (ms): Min: 69.0, Avg: 69.2, Max: 69.4, Diff: 0.4, Sum: 138.4]
      [Termination (ms): Min: 0.0, Avg: 0.0, Max: 0.0, Diff: 0.0, Sum: 0.0]
      [GC Worker Other (ms): Min: 0.2, Avg: 0.4, Max: 0.5, Diff: 0.4, Sum: 0.7]
      [GC Worker Total (ms): Min: 174.8, Avg: 174.9, Max: 174.9, Diff: 0.1, Sum: 349.7]
      [GC Worker End (ms): Min: 42634625.7, Avg: 42634625.7, Max: 42634625.7, Diff: 0.0]
   [Code Root Fixup: 0.4 ms]
   [Code Root Migration: 0.2 ms]
   [Clear CT: 0.9 ms]
   [Other: 10.9 ms]
      [Choose CSet: 0.0 ms]
      [Ref Proc: 5.9 ms]
      [Ref Enq: 0.5 ms]
      [Free CSet: 2.5 ms]
   [Eden: 1096.0M(1096.0M)->0.0B(954.0M) Survivors: 66.0M->58.0M Heap: 2515.0M(4096.0M)->1411.0M(4096.0M)]
 [Times: user=0.36 sys=0.00, real=0.19 secs] 
2016-08-31T01:29:52.112+0200: 42842.246: [GC pause (young), 0.1845750 secs]
   [Parallel Time: 175.7 ms, GC Workers: 2]
      [GC Worker Start (ms): Min: 42842247.3, Avg: 42842247.3, Max: 42842247.4, Diff: 0.0]
      [Ext Root Scanning (ms): Min: 52.6, Avg: 55.2, Max: 57.7, Diff: 5.1, Sum: 110.3]
      [Update RS (ms): Min: 19.1, Avg: 25.7, Max: 32.3, Diff: 13.1, Sum: 51.4]
         [Processed Buffers: Min: 168, Avg: 233.5, Max: 299, Diff: 131, Sum: 467]
      [Scan RS (ms): Min: 21.3, Avg: 21.7, Max: 22.1, Diff: 0.7, Sum: 43.4]
      [Code Root Scanning (ms): Min: 0.3, Avg: 0.3, Max: 0.3, Diff: 0.1, Sum: 0.6]
      [Object Copy (ms): Min: 68.3, Avg: 72.7, Max: 77.0, Diff: 8.7, Sum: 145.4]
      [Termination (ms): Min: 0.0, Avg: 0.0, Max: 0.0, Diff: 0.0, Sum: 0.0]
      [GC Worker Other (ms): Min: 0.1, Avg: 0.1, Max: 0.1, Diff: 0.0, Sum: 0.3]
      [GC Worker Total (ms): Min: 175.7, Avg: 175.7, Max: 175.7, Diff: 0.0, Sum: 351.4]
      [GC Worker End (ms): Min: 42842423.0, Avg: 42842423.0, Max: 42842423.0, Diff: 0.0]
   [Code Root Fixup: 0.3 ms]
   [Code Root Migration: 0.1 ms]
   [Clear CT: 0.6 ms]
   [Other: 7.9 ms]
      [Choose CSet: 0.0 ms]
      [Ref Proc: 3.7 ms]
      [Ref Enq: 0.2 ms]
      [Free CSet: 1.8 ms]
   [Eden: 902.0M(178.0M)->0.0B(1560.0M) Survivors: 58.0M->22.0M Heap: 2313.0M(4096.0M)->1419.6M(4096.0M)]
 [Times: user=0.34 sys=0.00, real=0.19 secs] 
2016-08-31T01:36:13.963+0200: 43224.097: [GC pause (young), 0.1699810 secs]
   [Parallel Time: 155.4 ms, GC Workers: 2]
      [GC Worker Start (ms): Min: 43224099.0, Avg: 43224099.0, Max: 43224099.0, Diff: 0.0]
      [Ext Root Scanning (ms): Min: 51.3, Avg: 53.2, Max: 55.2, Diff: 3.9, Sum: 106.5]
      [Update RS (ms): Min: 42.8, Avg: 44.9, Max: 47.1, Diff: 4.3, Sum: 89.9]
         [Processed Buffers: Min: 246, Avg: 274.5, Max: 303, Diff: 57, Sum: 549]
      [Scan RS (ms): Min: 11.9, Avg: 12.1, Max: 12.3, Diff: 0.4, Sum: 24.2]
      [Code Root Scanning (ms): Min: 0.4, Avg: 0.5, Max: 0.5, Diff: 0.1, Sum: 1.0]
      [Object Copy (ms): Min: 44.0, Avg: 44.4, Max: 44.8, Diff: 0.8, Sum: 88.9]
      [Termination (ms): Min: 0.0, Avg: 0.0, Max: 0.0, Diff: 0.0, Sum: 0.0]
      [GC Worker Other (ms): Min: 0.1, Avg: 0.1, Max: 0.1, Diff: 0.0, Sum: 0.3]
      [GC Worker Total (ms): Min: 155.3, Avg: 155.3, Max: 155.3, Diff: 0.0, Sum: 310.6]
      [GC Worker End (ms): Min: 43224254.3, Avg: 43224254.3, Max: 43224254.3, Diff: 0.0]
   [Code Root Fixup: 0.4 ms]
   [Code Root Migration: 0.2 ms]
   [Clear CT: 1.0 ms]
   [Other: 13.0 ms]
      [Choose CSet: 0.0 ms]
      [Ref Proc: 6.7 ms]
      [Ref Enq: 0.7 ms]
      [Free CSet: 3.0 ms]
   [Eden: 1560.0M(1560.0M)->0.0B(1004.0M) Survivors: 22.0M->42.0M Heap: 2979.6M(4096.0M)->1439.6M(4096.0M)]
 [Times: user=0.33 sys=0.00, real=0.17 secs] 
2016-08-31T01:40:28.574+0200: 43478.709: [GC pause (young), 0.1482440 secs]
   [Parallel Time: 138.1 ms, GC Workers: 2]
      [GC Worker Start (ms): Min: 43478709.9, Avg: 43478709.9, Max: 43478709.9, Diff: 0.0]
      [Ext Root Scanning (ms): Min: 49.1, Avg: 49.2, Max: 49.2, Diff: 0.1, Sum: 98.4]
      [Update RS (ms): Min: 31.5, Avg: 31.9, Max: 32.3, Diff: 0.8, Sum: 63.8]
         [Processed Buffers: Min: 217, Avg: 220.5, Max: 224, Diff: 7, Sum: 441]
      [Scan RS (ms): Min: 13.3, Avg: 13.5, Max: 13.7, Diff: 0.3, Sum: 27.0]
      [Code Root Scanning (ms): Min: 0.3, Avg: 0.3, Max: 0.4, Diff: 0.2, Sum: 0.7]
      [Object Copy (ms): Min: 42.6, Avg: 42.9, Max: 43.2, Diff: 0.7, Sum: 85.8]
      [Termination (ms): Min: 0.0, Avg: 0.0, Max: 0.0, Diff: 0.0, Sum: 0.0]
      [GC Worker Other (ms): Min: 0.2, Avg: 0.2, Max: 0.2, Diff: 0.0, Sum: 0.3]
      [GC Worker Total (ms): Min: 138.0, Avg: 138.0, Max: 138.0, Diff: 0.0, Sum: 276.0]
      [GC Worker End (ms): Min: 43478847.9, Avg: 43478847.9, Max: 43478847.9, Diff: 0.0]
   [Code Root Fixup: 0.6 ms]
   [Code Root Migration: 0.2 ms]
   [Clear CT: 0.7 ms]
   [Other: 8.7 ms]
      [Choose CSet: 0.0 ms]
      [Ref Proc: 4.3 ms]
      [Ref Enq: 0.4 ms]
      [Free CSet: 2.2 ms]
   [Eden: 1004.0M(1004.0M)->0.0B(1260.0M) Survivors: 42.0M->34.0M Heap: 2443.6M(4096.0M)->1431.6M(4096.0M)]
 [Times: user=0.29 sys=0.00, real=0.15 secs] 
2016-08-31T01:45:38.524+0200: 43788.658: [GC pause (young), 0.2173350 secs]
   [Parallel Time: 209.8 ms, GC Workers: 2]
      [GC Worker Start (ms): Min: 43788658.9, Avg: 43788659.0, Max: 43788659.0, Diff: 0.0]
      [Ext Root Scanning (ms): Min: 69.1, Avg: 74.0, Max: 79.0, Diff: 9.9, Sum: 148.1]
      [Update RS (ms): Min: 45.0, Avg: 50.4, Max: 55.8, Diff: 10.8, Sum: 100.7]
         [Processed Buffers: Min: 133, Avg: 215.0, Max: 297, Diff: 164, Sum: 430]
      [Scan RS (ms): Min: 16.4, Avg: 20.0, Max: 23.7, Diff: 7.4, Sum: 40.1]
      [Code Root Scanning (ms): Min: 0.2, Avg: 0.2, Max: 0.2, Diff: 0.1, Sum: 0.4]
      [Object Copy (ms): Min: 59.3, Avg: 64.2, Max: 69.2, Diff: 10.0, Sum: 128.5]
      [Termination (ms): Min: 0.0, Avg: 0.9, Max: 1.7, Diff: 1.7, Sum: 1.7]
      [GC Worker Other (ms): Min: 0.1, Avg: 0.1, Max: 0.1, Diff: 0.0, Sum: 0.2]
      [GC Worker Total (ms): Min: 209.8, Avg: 209.8, Max: 209.8, Diff: 0.0, Sum: 419.6]
      [GC Worker End (ms): Min: 43788868.7, Avg: 43788868.7, Max: 43788868.8, Diff: 0.0]
   [Code Root Fixup: 0.2 ms]
   [Code Root Migration: 0.1 ms]
   [Clear CT: 0.5 ms]
   [Other: 6.6 ms]
      [Choose CSet: 0.0 ms]
      [Ref Proc: 3.4 ms]
      [Ref Enq: 0.3 ms]
      [Free CSet: 1.6 ms]
   [Eden: 1260.0M(1260.0M)->0.0B(390.0M) Survivors: 34.0M->40.0M Heap: 2691.6M(4096.0M)->1437.6M(4096.0M)]
 [Times: user=0.18 sys=0.00, real=0.22 secs] 
2016-08-31T01:47:11.242+0200: 43881.376: [GC pause (young), 0.1396790 secs]
   [Parallel Time: 134.5 ms, GC Workers: 2]
      [GC Worker Start (ms): Min: 43881377.4, Avg: 43881377.4, Max: 43881377.4, Diff: 0.0]
      [Ext Root Scanning (ms): Min: 49.5, Avg: 50.8, Max: 52.1, Diff: 2.6, Sum: 101.6]
      [Update RS (ms): Min: 20.4, Avg: 22.2, Max: 24.0, Diff: 3.6, Sum: 44.4]
         [Processed Buffers: Min: 194, Avg: 203.5, Max: 213, Diff: 19, Sum: 407]
      [Scan RS (ms): Min: 15.0, Avg: 15.1, Max: 15.3, Diff: 0.3, Sum: 30.3]
      [Code Root Scanning (ms): Min: 0.1, Avg: 0.1, Max: 0.1, Diff: 0.0, Sum: 0.3]
      [Object Copy (ms): Min: 45.7, Avg: 46.0, Max: 46.4, Diff: 0.7, Sum: 92.1]
      [Termination (ms): Min: 0.0, Avg: 0.0, Max: 0.0, Diff: 0.0, Sum: 0.0]
      [GC Worker Other (ms): Min: 0.1, Avg: 0.1, Max: 0.1, Diff: 0.0, Sum: 0.3]
      [GC Worker Total (ms): Min: 134.4, Avg: 134.4, Max: 134.4, Diff: 0.0, Sum: 268.8]
      [GC Worker End (ms): Min: 43881511.8, Avg: 43881511.8, Max: 43881511.8, Diff: 0.0]
   [Code Root Fixup: 0.3 ms]
   [Code Root Migration: 0.1 ms]
   [Clear CT: 0.5 ms]
   [Other: 4.4 ms]
      [Choose CSet: 0.0 ms]
      [Ref Proc: 1.5 ms]
      [Ref Enq: 0.1 ms]
      [Free CSet: 0.9 ms]
   [Eden: 390.0M(390.0M)->0.0B(1136.0M) Survivors: 40.0M->28.0M Heap: 1827.6M(4096.0M)->1440.3M(4096.0M)]
 [Times: user=0.27 sys=0.00, real=0.14 secs] 
2016-08-31T01:51:56.595+0200: 44166.729: [GC pause (young), 0.1526660 secs]
   [Parallel Time: 144.0 ms, GC Workers: 2]
      [GC Worker Start (ms): Min: 44166730.4, Avg: 44166730.4, Max: 44166730.4, Diff: 0.0]
      [Ext Root Scanning (ms): Min: 50.3, Avg: 50.6, Max: 51.0, Diff: 0.7, Sum: 101.3]
      [Update RS (ms): Min: 33.2, Avg: 33.4, Max: 33.6, Diff: 0.4, Sum: 66.8]
         [Processed Buffers: Min: 199, Avg: 214.0, Max: 229, Diff: 30, Sum: 428]
      [Scan RS (ms): Min: 14.5, Avg: 14.7, Max: 14.9, Diff: 0.3, Sum: 29.4]
      [Code Root Scanning (ms): Min: 0.3, Avg: 0.4, Max: 0.4, Diff: 0.1, Sum: 0.8]
      [Object Copy (ms): Min: 44.4, Avg: 44.7, Max: 45.0, Diff: 0.6, Sum: 89.4]
      [Termination (ms): Min: 0.0, Avg: 0.0, Max: 0.0, Diff: 0.0, Sum: 0.0]
      [GC Worker Other (ms): Min: 0.1, Avg: 0.1, Max: 0.1, Diff: 0.0, Sum: 0.3]
      [GC Worker Total (ms): Min: 144.0, Avg: 144.0, Max: 144.0, Diff: 0.0, Sum: 287.9]
      [GC Worker End (ms): Min: 44166874.3, Avg: 44166874.3, Max: 44166874.3, Diff: 0.0]
   [Code Root Fixup: 0.3 ms]
   [Code Root Migration: 0.2 ms]
   [Clear CT: 0.6 ms]
   [Other: 7.6 ms]
      [Choose CSet: 0.0 ms]
      [Ref Proc: 3.6 ms]
      [Ref Enq: 0.3 ms]
      [Free CSet: 2.0 ms]
   [Eden: 1136.0M(1136.0M)->0.0B(1268.0M) Survivors: 28.0M->34.0M Heap: 2576.3M(4096.0M)->1446.3M(4096.0M)]
 [Times: user=0.29 sys=0.00, real=0.16 secs] 
2016-08-31T01:57:40.857+0200: 44510.991: [GC pause (young), 0.1614030 secs]
   [Parallel Time: 149.6 ms, GC Workers: 2]
      [GC Worker Start (ms): Min: 44510992.3, Avg: 44510992.3, Max: 44510992.4, Diff: 0.1]
      [Ext Root Scanning (ms): Min: 49.2, Avg: 50.0, Max: 50.7, Diff: 1.5, Sum: 99.9]
      [Update RS (ms): Min: 31.4, Avg: 32.6, Max: 33.8, Diff: 2.4, Sum: 65.1]
         [Processed Buffers: Min: 212, Avg: 212.5, Max: 213, Diff: 1, Sum: 425]
      [Scan RS (ms): Min: 16.5, Avg: 16.7, Max: 16.9, Diff: 0.3, Sum: 33.4]
      [Code Root Scanning (ms): Min: 0.4, Avg: 0.4, Max: 0.4, Diff: 0.0, Sum: 0.8]
      [Object Copy (ms): Min: 49.6, Avg: 49.8, Max: 50.1, Diff: 0.5, Sum: 99.6]
      [Termination (ms): Min: 0.0, Avg: 0.0, Max: 0.0, Diff: 0.0, Sum: 0.0]
      [GC Worker Other (ms): Min: 0.1, Avg: 0.1, Max: 0.1, Diff: 0.0, Sum: 0.2]
      [GC Worker Total (ms): Min: 149.5, Avg: 149.6, Max: 149.6, Diff: 0.1, Sum: 299.1]
      [GC Worker End (ms): Min: 44511141.9, Avg: 44511141.9, Max: 44511141.9, Diff: 0.0]
   [Code Root Fixup: 0.4 ms]
   [Code Root Migration: 0.2 ms]
   [Clear CT: 0.8 ms]
   [Other: 10.3 ms]
      [Choose CSet: 0.0 ms]
      [Ref Proc: 5.2 ms]
      [Ref Enq: 0.5 ms]
      [Free CSet: 2.7 ms]
   [Eden: 1268.0M(1268.0M)->0.0B(1430.0M) Survivors: 34.0M->40.0M Heap: 2714.3M(4096.0M)->1452.3M(4096.0M)]
 [Times: user=0.32 sys=0.00, real=0.16 secs] 
2016-08-31T02:02:32.363+0200: 44802.498: [GC pause (young), 0.1727850 secs]
   [Parallel Time: 162.3 ms, GC Workers: 2]
      [GC Worker Start (ms): Min: 44802498.7, Avg: 44802498.7, Max: 44802498.7, Diff: 0.0]
      [Ext Root Scanning (ms): Min: 51.8, Avg: 51.9, Max: 52.0, Diff: 0.2, Sum: 103.8]
      [Update RS (ms): Min: 29.3, Avg: 29.3, Max: 29.3, Diff: 0.0, Sum: 58.6]
         [Processed Buffers: Min: 178, Avg: 212.0, Max: 246, Diff: 68, Sum: 424]
      [Scan RS (ms): Min: 17.7, Avg: 18.1, Max: 18.5, Diff: 0.8, Sum: 36.3]
      [Code Root Scanning (ms): Min: 0.4, Avg: 0.4, Max: 0.4, Diff: 0.0, Sum: 0.7]
      [Object Copy (ms): Min: 61.7, Avg: 62.2, Max: 62.7, Diff: 1.0, Sum: 124.5]
      [Termination (ms): Min: 0.0, Avg: 0.0, Max: 0.0, Diff: 0.0, Sum: 0.0]
      [GC Worker Other (ms): Min: 0.1, Avg: 0.3, Max: 0.4, Diff: 0.3, Sum: 0.6]
      [GC Worker Total (ms): Min: 162.2, Avg: 162.2, Max: 162.2, Diff: 0.0, Sum: 324.4]
      [GC Worker End (ms): Min: 44802660.9, Avg: 44802660.9, Max: 44802660.9, Diff: 0.0]
   [Code Root Fixup: 0.4 ms]
   [Code Root Migration: 0.2 ms]
   [Clear CT: 0.8 ms]
   [Other: 9.0 ms]
      [Choose CSet: 0.0 ms]
      [Ref Proc: 4.5 ms]
      [Ref Enq: 0.5 ms]
      [Free CSet: 2.3 ms]
   [Eden: 1098.0M(900.0M)->0.0B(1374.0M) Survivors: 40.0M->42.0M Heap: 2550.3M(4096.0M)->1454.3M(4096.0M)]
 [Times: user=0.32 sys=0.00, real=0.17 secs] 
2016-08-31T02:07:15.548+0200: 45085.682: [GC pause (young), 0.1747350 secs]
   [Parallel Time: 166.4 ms, GC Workers: 2]
      [GC Worker Start (ms): Min: 45085683.6, Avg: 45085683.6, Max: 45085683.7, Diff: 0.0]
      [Ext Root Scanning (ms): Min: 51.9, Avg: 52.0, Max: 52.0, Diff: 0.2, Sum: 103.9]
      [Update RS (ms): Min: 29.1, Avg: 29.7, Max: 30.3, Diff: 1.2, Sum: 59.4]
         [Processed Buffers: Min: 267, Avg: 281.5, Max: 296, Diff: 29, Sum: 563]
      [Scan RS (ms): Min: 18.8, Avg: 19.2, Max: 19.6, Diff: 0.7, Sum: 38.4]
      [Code Root Scanning (ms): Min: 0.3, Avg: 0.3, Max: 0.4, Diff: 0.1, Sum: 0.7]
      [Object Copy (ms): Min: 64.7, Avg: 65.0, Max: 65.3, Diff: 0.6, Sum: 129.9]
      [Termination (ms): Min: 0.0, Avg: 0.0, Max: 0.0, Diff: 0.0, Sum: 0.0]
      [GC Worker Other (ms): Min: 0.1, Avg: 0.1, Max: 0.1, Diff: 0.0, Sum: 0.3]
      [GC Worker Total (ms): Min: 166.3, Avg: 166.3, Max: 166.3, Diff: 0.0, Sum: 332.6]
      [GC Worker End (ms): Min: 45085850.0, Avg: 45085850.0, Max: 45085850.0, Diff: 0.0]
   [Code Root Fixup: 0.3 ms]
   [Code Root Migration: 0.1 ms]
   [Clear CT: 0.6 ms]
   [Other: 7.3 ms]
      [Choose CSet: 0.0 ms]
      [Ref Proc: 3.2 ms]
      [Ref Enq: 0.2 ms]
      [Free CSet: 1.8 ms]
   [Eden: 1076.0M(716.0M)->0.0B(1174.0M) Survivors: 42.0M->60.0M Heap: 2530.3M(4096.0M)->1473.3M(4096.0M)]
 [Times: user=0.34 sys=0.00, real=0.17 secs] 
2016-08-31T02:12:05.256+0200: 45375.390: [GC pause (young), 0.1671950 secs]
   [Parallel Time: 156.1 ms, GC Workers: 2]
      [GC Worker Start (ms): Min: 45375391.1, Avg: 45375391.2, Max: 45375391.2, Diff: 0.0]
      [Ext Root Scanning (ms): Min: 50.5, Avg: 51.0, Max: 51.5, Diff: 1.0, Sum: 102.0]
      [Update RS (ms): Min: 24.3, Avg: 24.4, Max: 24.5, Diff: 0.2, Sum: 48.8]
         [Processed Buffers: Min: 203, Avg: 207.0, Max: 211, Diff: 8, Sum: 414]
      [Scan RS (ms): Min: 19.0, Avg: 19.2, Max: 19.3, Diff: 0.3, Sum: 38.4]
      [Code Root Scanning (ms): Min: 0.3, Avg: 0.3, Max: 0.4, Diff: 0.1, Sum: 0.7]
      [Object Copy (ms): Min: 60.5, Avg: 60.8, Max: 61.0, Diff: 0.5, Sum: 121.6]
      [Termination (ms): Min: 0.0, Avg: 0.0, Max: 0.0, Diff: 0.0, Sum: 0.0]
      [GC Worker Other (ms): Min: 0.1, Avg: 0.3, Max: 0.5, Diff: 0.3, Sum: 0.6]
      [GC Worker Total (ms): Min: 156.0, Avg: 156.0, Max: 156.0, Diff: 0.0, Sum: 312.0]
      [GC Worker End (ms): Min: 45375547.2, Avg: 45375547.2, Max: 45375547.2, Diff: 0.0]
   [Code Root Fixup: 0.4 ms]
   [Code Root Migration: 0.2 ms]
   [Clear CT: 0.8 ms]
   [Other: 9.7 ms]
      [Choose CSet: 0.0 ms]
      [Ref Proc: 5.1 ms]
      [Ref Enq: 0.4 ms]
      [Free CSet: 2.3 ms]
   [Eden: 1016.0M(476.0M)->0.0B(1678.0M) Survivors: 60.0M->28.0M Heap: 2489.3M(4096.0M)->1463.6M(4096.0M)]
 [Times: user=0.33 sys=0.00, real=0.17 secs] 
2016-08-31T02:19:56.308+0200: 45846.442: [GC pause (young), 0.1562470 secs]
   [Parallel Time: 145.9 ms, GC Workers: 2]
      [GC Worker Start (ms): Min: 45846443.3, Avg: 45846443.3, Max: 45846443.3, Diff: 0.0]
      [Ext Root Scanning (ms): Min: 49.3, Avg: 49.5, Max: 49.7, Diff: 0.4, Sum: 99.0]
      [Update RS (ms): Min: 38.0, Avg: 38.4, Max: 38.8, Diff: 0.8, Sum: 76.8]
         [Processed Buffers: Min: 206, Avg: 211.5, Max: 217, Diff: 11, Sum: 423]
      [Scan RS (ms): Min: 14.5, Avg: 14.5, Max: 14.6, Diff: 0.2, Sum: 29.1]
      [Code Root Scanning (ms): Min: 0.5, Avg: 0.6, Max: 0.6, Diff: 0.1, Sum: 1.2]
      [Object Copy (ms): Min: 42.1, Avg: 42.6, Max: 43.1, Diff: 1.0, Sum: 85.3]
      [Termination (ms): Min: 0.0, Avg: 0.0, Max: 0.0, Diff: 0.0, Sum: 0.0]
      [GC Worker Other (ms): Min: 0.1, Avg: 0.1, Max: 0.1, Diff: 0.0, Sum: 0.2]
      [GC Worker Total (ms): Min: 145.8, Avg: 145.8, Max: 145.8, Diff: 0.0, Sum: 291.6]
      [GC Worker End (ms): Min: 45846589.1, Avg: 45846589.1, Max: 45846589.1, Diff: 0.0]
   [Code Root Fixup: 0.3 ms]
   [Code Root Migration: 0.2 ms]
   [Clear CT: 0.8 ms]
   [Other: 9.0 ms]
      [Choose CSet: 0.0 ms]
      [Ref Proc: 4.5 ms]
      [Ref Enq: 0.3 ms]
      [Free CSet: 2.5 ms]
   [Eden: 1678.0M(1678.0M)->0.0B(1724.0M) Survivors: 28.0M->36.0M Heap: 3141.6M(4096.0M)->1471.6M(4096.0M)]
 [Times: user=0.30 sys=0.00, real=0.16 secs] 
2016-08-31T02:26:23.516+0200: 46233.651: [GC pause (young), 0.1710390 secs]
   [Parallel Time: 159.4 ms, GC Workers: 2]
      [GC Worker Start (ms): Min: 46233651.9, Avg: 46233652.8, Max: 46233653.7, Diff: 1.8]
      [Ext Root Scanning (ms): Min: 50.8, Avg: 51.6, Max: 52.5, Diff: 1.8, Sum: 103.3]
      [Update RS (ms): Min: 31.6, Avg: 32.2, Max: 32.9, Diff: 1.3, Sum: 64.4]
         [Processed Buffers: Min: 201, Avg: 209.5, Max: 218, Diff: 17, Sum: 419]
      [Scan RS (ms): Min: 17.1, Avg: 17.3, Max: 17.6, Diff: 0.5, Sum: 34.7]
      [Code Root Scanning (ms): Min: 0.4, Avg: 0.4, Max: 0.5, Diff: 0.1, Sum: 0.9]
      [Object Copy (ms): Min: 56.2, Avg: 56.7, Max: 57.1, Diff: 0.9, Sum: 113.3]
      [Termination (ms): Min: 0.0, Avg: 0.0, Max: 0.0, Diff: 0.0, Sum: 0.0]
      [GC Worker Other (ms): Min: 0.1, Avg: 0.1, Max: 0.1, Diff: 0.0, Sum: 0.3]
      [GC Worker Total (ms): Min: 157.6, Avg: 158.4, Max: 159.3, Diff: 1.7, Sum: 316.9]
      [GC Worker End (ms): Min: 46233811.2, Avg: 46233811.2, Max: 46233811.2, Diff: 0.0]
   [Code Root Fixup: 0.4 ms]
   [Code Root Migration: 0.2 ms]
   [Clear CT: 1.3 ms]
   [Other: 9.8 ms]
      [Choose CSet: 0.0 ms]
      [Ref Proc: 5.5 ms]
      [Ref Enq: 0.3 ms]
      [Free CSet: 2.3 ms]
   [Eden: 1394.0M(1234.0M)->0.0B(1746.0M) Survivors: 36.0M->42.0M Heap: 2865.6M(4096.0M)->1478.6M(4096.0M)]
 [Times: user=0.32 sys=0.00, real=0.17 secs] 
2016-08-31T02:33:08.902+0200: 46639.036: [GC pause (young), 0.2022540 secs]
   [Parallel Time: 191.0 ms, GC Workers: 2]
      [GC Worker Start (ms): Min: 46639037.4, Avg: 46639038.0, Max: 46639038.6, Diff: 1.2]
      [Ext Root Scanning (ms): Min: 51.1, Avg: 68.1, Max: 85.2, Diff: 34.1, Sum: 136.2]
      [Update RS (ms): Min: 36.1, Avg: 56.2, Max: 76.3, Diff: 40.2, Sum: 112.4]
         [Processed Buffers: Min: 157, Avg: 208.5, Max: 260, Diff: 103, Sum: 417]
      [Scan RS (ms): Min: 17.9, Avg: 17.9, Max: 17.9, Diff: 0.0, Sum: 35.8]
      [Code Root Scanning (ms): Min: 0.4, Avg: 0.4, Max: 0.5, Diff: 0.2, Sum: 0.9]
      [Object Copy (ms): Min: 45.0, Avg: 47.6, Max: 50.1, Diff: 5.1, Sum: 95.1]
      [Termination (ms): Min: 0.0, Avg: 0.0, Max: 0.0, Diff: 0.0, Sum: 0.0]
      [GC Worker Other (ms): Min: 0.1, Avg: 0.1, Max: 0.1, Diff: 0.0, Sum: 0.2]
      [GC Worker Total (ms): Min: 189.7, Avg: 190.3, Max: 190.9, Diff: 1.2, Sum: 380.6]
      [GC Worker End (ms): Min: 46639228.3, Avg: 46639228.3, Max: 46639228.3, Diff: 0.0]
   [Code Root Fixup: 0.4 ms]
   [Code Root Migration: 0.2 ms]
   [Clear CT: 0.9 ms]
   [Other: 9.8 ms]
      [Choose CSet: 0.0 ms]
      [Ref Proc: 4.7 ms]
      [Ref Enq: 0.5 ms]
      [Free CSet: 2.9 ms]
   [Eden: 1362.0M(1116.0M)->0.0B(980.0M) Survivors: 42.0M->46.0M Heap: 2840.6M(4096.0M)->1481.6M(4096.0M)]
 [Times: user=0.30 sys=0.00, real=0.20 secs] 
2016-08-31T02:38:01.135+0200: 46931.269: [GC pause (young), 0.1589550 secs]
   [Parallel Time: 150.4 ms, GC Workers: 2]
      [GC Worker Start (ms): Min: 46931270.5, Avg: 46931270.5, Max: 46931270.5, Diff: 0.0]
      [Ext Root Scanning (ms): Min: 52.2, Avg: 52.2, Max: 52.3, Diff: 0.2, Sum: 104.5]
      [Update RS (ms): Min: 24.2, Avg: 24.4, Max: 24.5, Diff: 0.4, Sum: 48.7]
         [Processed Buffers: Min: 194, Avg: 199.0, Max: 204, Diff: 10, Sum: 398]
      [Scan RS (ms): Min: 16.6, Avg: 16.7, Max: 16.9, Diff: 0.3, Sum: 33.4]
      [Code Root Scanning (ms): Min: 0.3, Avg: 0.3, Max: 0.3, Diff: 0.0, Sum: 0.6]
      [Object Copy (ms): Min: 56.3, Avg: 56.5, Max: 56.7, Diff: 0.4, Sum: 112.9]
      [Termination (ms): Min: 0.0, Avg: 0.0, Max: 0.0, Diff: 0.0, Sum: 0.0]
      [GC Worker Other (ms): Min: 0.1, Avg: 0.2, Max: 0.3, Diff: 0.1, Sum: 0.4]
      [GC Worker Total (ms): Min: 150.2, Avg: 150.3, Max: 150.3, Diff: 0.0, Sum: 300.5]
      [GC Worker End (ms): Min: 46931420.8, Avg: 46931420.8, Max: 46931420.8, Diff: 0.0]
   [Code Root Fixup: 0.5 ms]
   [Code Root Migration: 0.2 ms]
   [Clear CT: 0.8 ms]
   [Other: 7.1 ms]
      [Choose CSet: 0.0 ms]
      [Ref Proc: 3.1 ms]
      [Ref Enq: 0.4 ms]
      [Free CSet: 1.7 ms]
   [Eden: 980.0M(980.0M)->0.0B(1322.0M) Survivors: 46.0M->46.0M Heap: 2461.6M(4096.0M)->1482.6M(4096.0M)]
 [Times: user=0.31 sys=0.00, real=0.16 secs] 
2016-08-31T02:43:52.523+0200: 47282.657: [GC pause (young), 0.1789910 secs]
   [Parallel Time: 168.2 ms, GC Workers: 2]
      [GC Worker Start (ms): Min: 47282658.5, Avg: 47282658.5, Max: 47282658.5, Diff: 0.1]
      [Ext Root Scanning (ms): Min: 49.1, Avg: 49.4, Max: 49.8, Diff: 0.7, Sum: 98.9]
      [Update RS (ms): Min: 26.9, Avg: 27.4, Max: 27.9, Diff: 1.1, Sum: 54.8]
         [Processed Buffers: Min: 210, Avg: 213.0, Max: 216, Diff: 6, Sum: 426]
      [Scan RS (ms): Min: 22.9, Avg: 25.5, Max: 28.0, Diff: 5.1, Sum: 51.0]
      [Code Root Scanning (ms): Min: 0.3, Avg: 0.4, Max: 0.5, Diff: 0.2, Sum: 0.8]
      [Object Copy (ms): Min: 62.5, Avg: 65.1, Max: 67.8, Diff: 5.2, Sum: 130.3]
      [Termination (ms): Min: 0.0, Avg: 0.0, Max: 0.0, Diff: 0.0, Sum: 0.0]
      [GC Worker Other (ms): Min: 0.1, Avg: 0.3, Max: 0.4, Diff: 0.3, Sum: 0.5]
      [GC Worker Total (ms): Min: 168.1, Avg: 168.1, Max: 168.2, Diff: 0.1, Sum: 336.3]
      [GC Worker End (ms): Min: 47282826.6, Avg: 47282826.6, Max: 47282826.6, Diff: 0.0]
   [Code Root Fixup: 0.3 ms]
   [Code Root Migration: 0.2 ms]
   [Clear CT: 0.7 ms]
   [Other: 9.6 ms]
      [Choose CSet: 0.0 ms]
      [Ref Proc: 5.0 ms]
      [Ref Enq: 0.4 ms]
      [Free CSet: 2.4 ms]
   [Eden: 1220.0M(548.0M)->0.0B(1292.0M) Survivors: 46.0M->46.0M Heap: 2702.6M(4096.0M)->1489.9M(4096.0M)]
 [Times: user=0.30 sys=0.00, real=0.18 secs] 
2016-08-31T02:49:22.519+0200: 47612.654: [GC pause (young), 0.1583670 secs]
   [Parallel Time: 150.5 ms, GC Workers: 2]
      [GC Worker Start (ms): Min: 47612655.0, Avg: 47612655.1, Max: 47612655.1, Diff: 0.0]
      [Ext Root Scanning (ms): Min: 50.0, Avg: 50.9, Max: 51.8, Diff: 1.7, Sum: 101.8]
      [Update RS (ms): Min: 29.6, Avg: 29.9, Max: 30.2, Diff: 0.7, Sum: 59.8]
         [Processed Buffers: Min: 199, Avg: 213.0, Max: 227, Diff: 28, Sum: 426]
      [Scan RS (ms): Min: 17.1, Avg: 17.2, Max: 17.4, Diff: 0.3, Sum: 34.5]
      [Code Root Scanning (ms): Min: 0.3, Avg: 0.4, Max: 0.4, Diff: 0.1, Sum: 0.7]
      [Object Copy (ms): Min: 51.1, Avg: 51.7, Max: 52.3, Diff: 1.1, Sum: 103.4]
      [Termination (ms): Min: 0.0, Avg: 0.0, Max: 0.0, Diff: 0.0, Sum: 0.0]
      [GC Worker Other (ms): Min: 0.1, Avg: 0.2, Max: 0.3, Diff: 0.2, Sum: 0.4]
      [GC Worker Total (ms): Min: 150.3, Avg: 150.3, Max: 150.3, Diff: 0.0, Sum: 300.7]
      [GC Worker End (ms): Min: 47612805.4, Avg: 47612805.4, Max: 47612805.4, Diff: 0.0]
   [Code Root Fixup: 0.2 ms]
   [Code Root Migration: 0.2 ms]
   [Clear CT: 0.6 ms]
   [Other: 6.9 ms]
      [Choose CSet: 0.0 ms]
      [Ref Proc: 2.8 ms]
      [Ref Enq: 0.2 ms]
      [Free CSet: 2.0 ms]
   [Eden: 1136.0M(240.0M)->0.0B(2158.0M) Survivors: 46.0M->24.0M Heap: 2625.9M(4096.0M)->1495.0M(4096.0M)]
 [Times: user=0.30 sys=0.01, real=0.16 secs] 
2016-08-31T02:59:26.523+0200: 48216.658: [GC pause (young), 0.1692590 secs]
   [Parallel Time: 155.3 ms, GC Workers: 2]
      [GC Worker Start (ms): Min: 48216659.5, Avg: 48216659.5, Max: 48216659.6, Diff: 0.0]
      [Ext Root Scanning (ms): Min: 48.6, Avg: 48.7, Max: 48.8, Diff: 0.2, Sum: 97.5]
      [Update RS (ms): Min: 50.1, Avg: 50.9, Max: 51.7, Diff: 1.6, Sum: 101.8]
         [Processed Buffers: Min: 213, Avg: 215.5, Max: 218, Diff: 5, Sum: 431]
      [Scan RS (ms): Min: 13.3, Avg: 13.6, Max: 14.0, Diff: 0.7, Sum: 27.2]
      [Code Root Scanning (ms): Min: 0.5, Avg: 0.6, Max: 0.7, Diff: 0.1, Sum: 1.2]
      [Object Copy (ms): Min: 40.7, Avg: 41.2, Max: 41.6, Diff: 1.0, Sum: 82.3]
      [Termination (ms): Min: 0.0, Avg: 0.0, Max: 0.0, Diff: 0.0, Sum: 0.0]
      [GC Worker Other (ms): Min: 0.1, Avg: 0.1, Max: 0.1, Diff: 0.0, Sum: 0.3]
      [GC Worker Total (ms): Min: 155.1, Avg: 155.2, Max: 155.2, Diff: 0.0, Sum: 310.3]
      [GC Worker End (ms): Min: 48216814.7, Avg: 48216814.7, Max: 48216814.7, Diff: 0.0]
   [Code Root Fixup: 0.3 ms]
   [Code Root Migration: 0.3 ms]
   [Clear CT: 1.0 ms]
   [Other: 12.5 ms]
      [Choose CSet: 0.0 ms]
      [Ref Proc: 6.8 ms]
      [Ref Enq: 0.5 ms]
      [Free CSet: 3.0 ms]
   [Eden: 2158.0M(2158.0M)->0.0B(2066.0M) Survivors: 24.0M->34.0M Heap: 3653.0M(4096.0M)->1504.0M(4096.0M)]
 [Times: user=0.31 sys=0.01, real=0.17 secs] 
2016-08-31T03:09:46.051+0200: 48836.186: [GC pause (young), 0.1864060 secs]
   [Parallel Time: 169.0 ms, GC Workers: 2]
      [GC Worker Start (ms): Min: 48836187.0, Avg: 48836187.1, Max: 48836187.1, Diff: 0.0]
      [Ext Root Scanning (ms): Min: 53.8, Avg: 54.2, Max: 54.6, Diff: 0.8, Sum: 108.3]
      [Update RS (ms): Min: 41.0, Avg: 41.4, Max: 41.8, Diff: 0.9, Sum: 82.8]
         [Processed Buffers: Min: 233, Avg: 241.0, Max: 249, Diff: 16, Sum: 482]
      [Scan RS (ms): Min: 16.2, Avg: 16.5, Max: 16.7, Diff: 0.5, Sum: 32.9]
      [Code Root Scanning (ms): Min: 0.6, Avg: 0.7, Max: 0.7, Diff: 0.1, Sum: 1.4]
      [Object Copy (ms): Min: 55.8, Avg: 55.9, Max: 55.9, Diff: 0.2, Sum: 111.7]
      [Termination (ms): Min: 0.0, Avg: 0.0, Max: 0.0, Diff: 0.0, Sum: 0.0]
      [GC Worker Other (ms): Min: 0.2, Avg: 0.3, Max: 0.5, Diff: 0.3, Sum: 0.6]
      [GC Worker Total (ms): Min: 168.8, Avg: 168.9, Max: 168.9, Diff: 0.1, Sum: 337.8]
      [GC Worker End (ms): Min: 48836355.9, Avg: 48836355.9, Max: 48836356.0, Diff: 0.0]
   [Code Root Fixup: 0.4 ms]
   [Code Root Migration: 0.3 ms]
   [Clear CT: 1.1 ms]
   [Other: 15.5 ms]
      [Choose CSet: 0.0 ms]
      [Ref Proc: 8.1 ms]
      [Ref Enq: 0.8 ms]
      [Free CSet: 4.1 ms]
   [Eden: 2066.0M(2066.0M)->0.0B(1486.0M) Survivors: 34.0M->50.0M Heap: 3570.0M(4096.0M)->1521.0M(4096.0M)]
 [Times: user=0.35 sys=0.00, real=0.19 secs] 
2016-08-31T03:17:23.675+0200: 49293.809: [GC pause (young), 0.1633020 secs]
   [Parallel Time: 151.5 ms, GC Workers: 2]
      [GC Worker Start (ms): Min: 49293810.3, Avg: 49293810.3, Max: 49293810.3, Diff: 0.0]
      [Ext Root Scanning (ms): Min: 49.0, Avg: 49.9, Max: 50.7, Diff: 1.7, Sum: 99.7]
      [Update RS (ms): Min: 32.7, Avg: 33.3, Max: 33.9, Diff: 1.1, Sum: 66.6]
         [Processed Buffers: Min: 190, Avg: 205.0, Max: 220, Diff: 30, Sum: 410]
      [Scan RS (ms): Min: 16.4, Avg: 16.4, Max: 16.4, Diff: 0.1, Sum: 32.8]
      [Code Root Scanning (ms): Min: 0.4, Avg: 0.5, Max: 0.5, Diff: 0.1, Sum: 0.9]
      [Object Copy (ms): Min: 50.9, Avg: 51.1, Max: 51.3, Diff: 0.5, Sum: 102.2]
      [Termination (ms): Min: 0.0, Avg: 0.0, Max: 0.0, Diff: 0.0, Sum: 0.0]
      [GC Worker Other (ms): Min: 0.2, Avg: 0.2, Max: 0.2, Diff: 0.0, Sum: 0.4]
      [GC Worker Total (ms): Min: 151.3, Avg: 151.3, Max: 151.3, Diff: 0.1, Sum: 302.6]
      [GC Worker End (ms): Min: 49293961.6, Avg: 49293961.6, Max: 49293961.6, Diff: 0.0]
   [Code Root Fixup: 0.4 ms]
   [Code Root Migration: 0.2 ms]
   [Clear CT: 0.9 ms]
   [Other: 10.3 ms]
      [Choose CSet: 0.0 ms]
      [Ref Proc: 5.2 ms]
      [Ref Enq: 0.5 ms]
      [Free CSet: 2.9 ms]
   [Eden: 1486.0M(1486.0M)->0.0B(1784.0M) Survivors: 50.0M->44.0M Heap: 3007.0M(4096.0M)->1515.0M(4096.0M)]
 [Times: user=0.32 sys=0.00, real=0.17 secs] 
2016-08-31T03:26:41.811+0200: 49851.946: [GC pause (young), 0.1776830 secs]
   [Parallel Time: 166.2 ms, GC Workers: 2]
      [GC Worker Start (ms): Min: 49851947.3, Avg: 49851947.3, Max: 49851947.3, Diff: 0.0]
      [Ext Root Scanning (ms): Min: 52.0, Avg: 53.2, Max: 54.5, Diff: 2.5, Sum: 106.4]
      [Update RS (ms): Min: 35.3, Avg: 36.2, Max: 37.1, Diff: 1.8, Sum: 72.4]
         [Processed Buffers: Min: 187, Avg: 233.5, Max: 280, Diff: 93, Sum: 467]
      [Scan RS (ms): Min: 17.7, Avg: 17.9, Max: 18.1, Diff: 0.4, Sum: 35.8]
      [Code Root Scanning (ms): Min: 0.5, Avg: 0.6, Max: 0.6, Diff: 0.1, Sum: 1.2]
      [Object Copy (ms): Min: 57.6, Avg: 57.9, Max: 58.1, Diff: 0.5, Sum: 115.8]
      [Termination (ms): Min: 0.0, Avg: 0.0, Max: 0.0, Diff: 0.0, Sum: 0.0]
      [GC Worker Other (ms): Min: 0.2, Avg: 0.2, Max: 0.3, Diff: 0.1, Sum: 0.5]
      [GC Worker Total (ms): Min: 166.0, Avg: 166.0, Max: 166.0, Diff: 0.0, Sum: 332.0]
      [GC Worker End (ms): Min: 49852113.3, Avg: 49852113.3, Max: 49852113.3, Diff: 0.0]
   [Code Root Fixup: 0.3 ms]
   [Code Root Migration: 0.2 ms]
   [Clear CT: 0.9 ms]
   [Other: 10.1 ms]
      [Choose CSet: 0.0 ms]
      [Ref Proc: 4.8 ms]
      [Ref Enq: 0.3 ms]
      [Free CSet: 2.9 ms]
   [Eden: 1784.0M(1784.0M)->0.0B(1734.0M) Survivors: 44.0M->54.0M Heap: 3299.0M(4096.0M)->1524.0M(4096.0M)]
 [Times: user=0.35 sys=0.00, real=0.17 secs] 
2016-08-31T03:35:50.536+0200: 50400.670: [GC pause (young), 0.1839940 secs]
   [Parallel Time: 173.3 ms, GC Workers: 2]
      [GC Worker Start (ms): Min: 50400671.6, Avg: 50400671.6, Max: 50400671.6, Diff: 0.0]
      [Ext Root Scanning (ms): Min: 54.1, Avg: 54.4, Max: 54.8, Diff: 0.8, Sum: 108.9]
      [Update RS (ms): Min: 33.2, Avg: 33.2, Max: 33.2, Diff: 0.0, Sum: 66.4]
         [Processed Buffers: Min: 213, Avg: 235.0, Max: 257, Diff: 44, Sum: 470]
      [Scan RS (ms): Min: 17.2, Avg: 17.2, Max: 17.3, Diff: 0.1, Sum: 34.4]
      [Code Root Scanning (ms): Min: 0.6, Avg: 0.6, Max: 0.6, Diff: 0.0, Sum: 1.2]
      [Object Copy (ms): Min: 67.2, Avg: 67.4, Max: 67.6, Diff: 0.4, Sum: 134.8]
      [Termination (ms): Min: 0.0, Avg: 0.0, Max: 0.0, Diff: 0.0, Sum: 0.0]
      [GC Worker Other (ms): Min: 0.1, Avg: 0.3, Max: 0.5, Diff: 0.4, Sum: 0.7]
      [GC Worker Total (ms): Min: 173.1, Avg: 173.2, Max: 173.2, Diff: 0.0, Sum: 346.3]
      [GC Worker End (ms): Min: 50400844.8, Avg: 50400844.8, Max: 50400844.8, Diff: 0.0]
   [Code Root Fixup: 0.2 ms]
   [Code Root Migration: 0.3 ms]
   [Clear CT: 0.9 ms]
   [Other: 9.3 ms]
      [Choose CSet: 0.0 ms]
      [Ref Proc: 4.2 ms]
      [Ref Enq: 0.3 ms]
      [Free CSet: 2.5 ms]
   [Eden: 1734.0M(1734.0M)->0.0B(1502.0M) Survivors: 54.0M->66.0M Heap: 3258.0M(4096.0M)->1537.0M(4096.0M)]
 [Times: user=0.36 sys=0.00, real=0.18 secs] 
2016-08-31T03:43:37.307+0200: 50867.441: [GC pause (young), 0.2003530 secs]
   [Parallel Time: 180.9 ms, GC Workers: 2]
      [GC Worker Start (ms): Min: 50867442.4, Avg: 50867442.4, Max: 50867442.5, Diff: 0.0]
      [Ext Root Scanning (ms): Min: 51.2, Avg: 55.5, Max: 59.7, Diff: 8.6, Sum: 110.9]
      [Update RS (ms): Min: 29.6, Avg: 34.4, Max: 39.2, Diff: 9.6, Sum: 68.8]
         [Processed Buffers: Min: 101, Avg: 205.0, Max: 309, Diff: 208, Sum: 410]
      [Scan RS (ms): Min: 22.0, Avg: 22.4, Max: 22.9, Diff: 1.0, Sum: 44.9]
      [Code Root Scanning (ms): Min: 0.5, Avg: 0.6, Max: 0.7, Diff: 0.2, Sum: 1.2]
      [Object Copy (ms): Min: 66.7, Avg: 67.8, Max: 68.9, Diff: 2.1, Sum: 135.6]
      [Termination (ms): Min: 0.0, Avg: 0.0, Max: 0.0, Diff: 0.0, Sum: 0.0]
      [GC Worker Other (ms): Min: 0.1, Avg: 0.1, Max: 0.1, Diff: 0.0, Sum: 0.3]
      [GC Worker Total (ms): Min: 180.8, Avg: 180.8, Max: 180.8, Diff: 0.0, Sum: 361.6]
      [GC Worker End (ms): Min: 50867623.2, Avg: 50867623.2, Max: 50867623.2, Diff: 0.0]
   [Code Root Fixup: 0.2 ms]
   [Code Root Migration: 0.2 ms]
   [Clear CT: 1.0 ms]
   [Other: 18.1 ms]
      [Choose CSet: 0.0 ms]
      [Ref Proc: 8.5 ms]
      [Ref Enq: 0.3 ms]
      [Free CSet: 7.8 ms]
   [Eden: 1502.0M(1502.0M)->0.0B(1036.0M) Survivors: 66.0M->56.0M Heap: 3039.0M(4096.0M)->1526.0M(4096.0M)]
 [Times: user=0.33 sys=0.00, real=0.20 secs] 
2016-08-31T03:48:42.628+0200: 51172.762: [GC pause (young), 0.1680030 secs]
   [Parallel Time: 157.6 ms, GC Workers: 2]
      [GC Worker Start (ms): Min: 51172763.7, Avg: 51172763.7, Max: 51172763.7, Diff: 0.0]
      [Ext Root Scanning (ms): Min: 50.3, Avg: 50.5, Max: 50.6, Diff: 0.4, Sum: 100.9]
      [Update RS (ms): Min: 25.0, Avg: 25.3, Max: 25.6, Diff: 0.6, Sum: 50.6]
         [Processed Buffers: Min: 216, Avg: 235.0, Max: 254, Diff: 38, Sum: 470]
      [Scan RS (ms): Min: 16.4, Avg: 16.7, Max: 17.0, Diff: 0.6, Sum: 33.3]
      [Code Root Scanning (ms): Min: 0.3, Avg: 0.3, Max: 0.4, Diff: 0.0, Sum: 0.7]
      [Object Copy (ms): Min: 64.2, Avg: 64.5, Max: 64.8, Diff: 0.7, Sum: 129.0]
      [Termination (ms): Min: 0.0, Avg: 0.0, Max: 0.0, Diff: 0.0, Sum: 0.0]
      [GC Worker Other (ms): Min: 0.1, Avg: 0.2, Max: 0.3, Diff: 0.2, Sum: 0.4]
      [GC Worker Total (ms): Min: 157.5, Avg: 157.5, Max: 157.5, Diff: 0.0, Sum: 315.0]
      [GC Worker End (ms): Min: 51172921.2, Avg: 51172921.2, Max: 51172921.2, Diff: 0.0]
   [Code Root Fixup: 0.4 ms]
   [Code Root Migration: 0.2 ms]
   [Clear CT: 0.8 ms]
   [Other: 9.0 ms]
      [Choose CSet: 0.0 ms]
      [Ref Proc: 4.1 ms]
      [Ref Enq: 0.4 ms]
      [Free CSet: 2.1 ms]
   [Eden: 1036.0M(1036.0M)->0.0B(1066.0M) Survivors: 56.0M->66.0M Heap: 2562.0M(4096.0M)->1537.0M(4096.0M)]
 [Times: user=0.32 sys=0.00, real=0.17 secs] 
2016-08-31T03:54:12.152+0200: 51502.286: [GC pause (young), 0.1841720 secs]
   [Parallel Time: 176.0 ms, GC Workers: 2]
      [GC Worker Start (ms): Min: 51502287.6, Avg: 51502287.6, Max: 51502287.6, Diff: 0.0]
      [Ext Root Scanning (ms): Min: 51.1, Avg: 57.9, Max: 64.8, Diff: 13.7, Sum: 115.9]
      [Update RS (ms): Min: 21.1, Avg: 28.3, Max: 35.4, Diff: 14.3, Sum: 56.5]
         [Processed Buffers: Min: 91, Avg: 247.0, Max: 403, Diff: 312, Sum: 494]
      [Scan RS (ms): Min: 20.5, Avg: 23.5, Max: 26.5, Diff: 6.1, Sum: 47.0]
      [Code Root Scanning (ms): Min: 0.3, Avg: 0.4, Max: 0.4, Diff: 0.1, Sum: 0.7]
      [Object Copy (ms): Min: 62.9, Avg: 65.7, Max: 68.5, Diff: 5.5, Sum: 131.4]
      [Termination (ms): Min: 0.0, Avg: 0.0, Max: 0.0, Diff: 0.0, Sum: 0.0]
      [GC Worker Other (ms): Min: 0.1, Avg: 0.1, Max: 0.2, Diff: 0.0, Sum: 0.3]
      [GC Worker Total (ms): Min: 175.9, Avg: 175.9, Max: 175.9, Diff: 0.0, Sum: 351.8]
      [GC Worker End (ms): Min: 51502463.5, Avg: 51502463.5, Max: 51502463.5, Diff: 0.0]
   [Code Root Fixup: 0.3 ms]
   [Code Root Migration: 0.1 ms]
   [Clear CT: 0.6 ms]
   [Other: 7.2 ms]
      [Choose CSet: 0.0 ms]
      [Ref Proc: 3.1 ms]
      [Ref Enq: 0.2 ms]
      [Free CSet: 1.8 ms]
   [Eden: 1066.0M(1066.0M)->0.0B(974.0M) Survivors: 66.0M->66.0M Heap: 2603.0M(4096.0M)->1536.0M(4096.0M)]
 [Times: user=0.31 sys=0.00, real=0.18 secs] 
2016-08-31T03:59:11.529+0200: 51801.663: [GC pause (young), 0.1566620 secs]
   [Parallel Time: 149.4 ms, GC Workers: 2]
      [GC Worker Start (ms): Min: 51801664.5, Avg: 51801664.5, Max: 51801664.5, Diff: 0.0]
      [Ext Root Scanning (ms): Min: 49.5, Avg: 49.6, Max: 49.8, Diff: 0.4, Sum: 99.3]
      [Update RS (ms): Min: 19.1, Avg: 19.7, Max: 20.2, Diff: 1.1, Sum: 39.3]
         [Processed Buffers: Min: 201, Avg: 223.5, Max: 246, Diff: 45, Sum: 447]
      [Scan RS (ms): Min: 15.6, Avg: 16.1, Max: 16.5, Diff: 0.9, Sum: 32.1]
      [Code Root Scanning (ms): Min: 0.3, Avg: 0.3, Max: 0.4, Diff: 0.1, Sum: 0.7]
      [Object Copy (ms): Min: 62.9, Avg: 63.3, Max: 63.7, Diff: 0.8, Sum: 126.6]
      [Termination (ms): Min: 0.0, Avg: 0.0, Max: 0.0, Diff: 0.0, Sum: 0.0]
      [GC Worker Other (ms): Min: 0.2, Avg: 0.3, Max: 0.4, Diff: 0.3, Sum: 0.6]
      [GC Worker Total (ms): Min: 149.3, Avg: 149.3, Max: 149.3, Diff: 0.0, Sum: 298.6]
      [GC Worker End (ms): Min: 51801813.8, Avg: 51801813.8, Max: 51801813.8, Diff: 0.0]
   [Code Root Fixup: 0.2 ms]
   [Code Root Migration: 0.2 ms]
   [Clear CT: 0.6 ms]
   [Other: 6.3 ms]
      [Choose CSet: 0.0 ms]
      [Ref Proc: 2.4 ms]
      [Ref Enq: 0.2 ms]
      [Free CSet: 1.8 ms]
   [Eden: 974.0M(974.0M)->0.0B(1150.0M) Survivors: 66.0M->62.0M Heap: 2510.0M(4096.0M)->1532.0M(4096.0M)]
 [Times: user=0.30 sys=0.00, real=0.15 secs] 
2016-08-31T04:05:11.572+0200: 52161.706: [GC pause (young), 0.1816070 secs]
   [Parallel Time: 171.0 ms, GC Workers: 2]
      [GC Worker Start (ms): Min: 52161707.4, Avg: 52161709.2, Max: 52161711.0, Diff: 3.6]
      [Ext Root Scanning (ms): Min: 58.8, Avg: 61.0, Max: 63.2, Diff: 4.4, Sum: 122.1]
      [Update RS (ms): Min: 21.0, Avg: 21.0, Max: 21.1, Diff: 0.1, Sum: 42.0]
         [Processed Buffers: Min: 208, Avg: 232.5, Max: 257, Diff: 49, Sum: 465]
      [Scan RS (ms): Min: 17.7, Avg: 17.8, Max: 17.8, Diff: 0.1, Sum: 35.5]
      [Code Root Scanning (ms): Min: 0.4, Avg: 0.4, Max: 0.4, Diff: 0.0, Sum: 0.8]
      [Object Copy (ms): Min: 68.4, Avg: 68.5, Max: 68.6, Diff: 0.3, Sum: 137.0]
      [Termination (ms): Min: 0.0, Avg: 0.0, Max: 0.0, Diff: 0.0, Sum: 0.0]
      [GC Worker Other (ms): Min: 0.2, Avg: 0.3, Max: 0.5, Diff: 0.4, Sum: 0.7]
      [GC Worker Total (ms): Min: 167.3, Avg: 169.1, Max: 170.9, Diff: 3.6, Sum: 338.2]
      [GC Worker End (ms): Min: 52161878.3, Avg: 52161878.3, Max: 52161878.3, Diff: 0.0]
   [Code Root Fixup: 0.4 ms]
   [Code Root Migration: 0.2 ms]
   [Clear CT: 0.9 ms]
   [Other: 9.1 ms]
      [Choose CSet: 0.0 ms]
      [Ref Proc: 4.4 ms]
      [Ref Enq: 0.4 ms]
      [Free CSet: 2.2 ms]
   [Eden: 1150.0M(1150.0M)->0.0B(1114.0M) Survivors: 62.0M->64.0M Heap: 2682.0M(4096.0M)->1534.0M(4096.0M)]
 [Times: user=0.33 sys=0.00, real=0.18 secs] 
2016-08-31T04:10:43.986+0200: 52494.120: [GC pause (young), 0.1816010 secs]
   [Parallel Time: 173.0 ms, GC Workers: 2]
      [GC Worker Start (ms): Min: 52494121.6, Avg: 52494121.7, Max: 52494121.7, Diff: 0.0]
      [Ext Root Scanning (ms): Min: 51.4, Avg: 51.9, Max: 52.5, Diff: 1.1, Sum: 103.9]
      [Update RS (ms): Min: 20.4, Avg: 20.8, Max: 21.2, Diff: 0.7, Sum: 41.6]
         [Processed Buffers: Min: 237, Avg: 241.5, Max: 246, Diff: 9, Sum: 483]
      [Scan RS (ms): Min: 16.8, Avg: 17.0, Max: 17.3, Diff: 0.5, Sum: 34.0]
      [Code Root Scanning (ms): Min: 0.3, Avg: 0.4, Max: 0.4, Diff: 0.1, Sum: 0.8]
      [Object Copy (ms): Min: 82.2, Avg: 82.4, Max: 82.7, Diff: 0.5, Sum: 164.9]
      [Termination (ms): Min: 0.0, Avg: 0.0, Max: 0.0, Diff: 0.0, Sum: 0.0]
      [GC Worker Other (ms): Min: 0.1, Avg: 0.3, Max: 0.4, Diff: 0.3, Sum: 0.5]
      [GC Worker Total (ms): Min: 172.9, Avg: 172.9, Max: 172.9, Diff: 0.0, Sum: 345.8]
      [GC Worker End (ms): Min: 52494294.5, Avg: 52494294.5, Max: 52494294.5, Diff: 0.0]
   [Code Root Fixup: 0.3 ms]
   [Code Root Migration: 0.2 ms]
   [Clear CT: 0.7 ms]
   [Other: 7.4 ms]
      [Choose CSet: 0.0 ms]
      [Ref Proc: 2.7 ms]
      [Ref Enq: 0.2 ms]
      [Free CSet: 1.8 ms]
   [Eden: 1088.0M(252.0M)->0.0B(1744.0M) Survivors: 64.0M->32.0M Heap: 2622.0M(4096.0M)->1543.8M(4096.0M)]
 [Times: user=0.36 sys=0.00, real=0.18 secs] 
2016-08-31T04:20:11.828+0200: 53061.963: [GC pause (young), 0.1541970 secs]
   [Parallel Time: 141.6 ms, GC Workers: 2]
      [GC Worker Start (ms): Min: 53061963.7, Avg: 53061963.7, Max: 53061963.7, Diff: 0.0]
      [Ext Root Scanning (ms): Min: 48.3, Avg: 48.9, Max: 49.4, Diff: 1.0, Sum: 97.7]
      [Update RS (ms): Min: 38.6, Avg: 39.4, Max: 40.2, Diff: 1.6, Sum: 78.7]
         [Processed Buffers: Min: 215, Avg: 234.0, Max: 253, Diff: 38, Sum: 468]
      [Scan RS (ms): Min: 11.0, Avg: 11.5, Max: 12.0, Diff: 1.0, Sum: 23.1]
      [Code Root Scanning (ms): Min: 0.5, Avg: 0.5, Max: 0.6, Diff: 0.0, Sum: 1.1]
      [Object Copy (ms): Min: 40.8, Avg: 41.0, Max: 41.2, Diff: 0.4, Sum: 82.0]
      [Termination (ms): Min: 0.0, Avg: 0.0, Max: 0.0, Diff: 0.0, Sum: 0.0]
      [GC Worker Other (ms): Min: 0.2, Avg: 0.2, Max: 0.2, Diff: 0.0, Sum: 0.4]
      [GC Worker Total (ms): Min: 141.4, Avg: 141.5, Max: 141.5, Diff: 0.1, Sum: 282.9]
      [GC Worker End (ms): Min: 53062105.2, Avg: 53062105.2, Max: 53062105.2, Diff: 0.0]
   [Code Root Fixup: 0.4 ms]
   [Code Root Migration: 0.3 ms]
   [Clear CT: 1.0 ms]
   [Other: 10.9 ms]
      [Choose CSet: 0.0 ms]
      [Ref Proc: 5.5 ms]
      [Ref Enq: 0.6 ms]
      [Free CSet: 2.8 ms]
   [Eden: 1744.0M(1744.0M)->0.0B(1768.0M) Survivors: 32.0M->36.0M Heap: 3287.8M(4096.0M)->1546.8M(4096.0M)]
 [Times: user=0.30 sys=0.00, real=0.15 secs] 
2016-08-31T04:29:40.642+0200: 53630.776: [GC pause (young), 0.1570180 secs]
   [Parallel Time: 143.6 ms, GC Workers: 2]
      [GC Worker Start (ms): Min: 53630777.4, Avg: 53630777.4, Max: 53630777.4, Diff: 0.0]
      [Ext Root Scanning (ms): Min: 49.1, Avg: 49.4, Max: 49.7, Diff: 0.5, Sum: 98.8]
      [Update RS (ms): Min: 33.7, Avg: 34.2, Max: 34.7, Diff: 1.0, Sum: 68.3]
         [Processed Buffers: Min: 180, Avg: 209.0, Max: 238, Diff: 58, Sum: 418]
      [Scan RS (ms): Min: 14.3, Avg: 14.4, Max: 14.4, Diff: 0.0, Sum: 28.7]
      [Code Root Scanning (ms): Min: 0.6, Avg: 0.6, Max: 0.6, Diff: 0.0, Sum: 1.2]
      [Object Copy (ms): Min: 44.6, Avg: 44.8, Max: 45.0, Diff: 0.5, Sum: 89.6]
      [Termination (ms): Min: 0.0, Avg: 0.0, Max: 0.0, Diff: 0.0, Sum: 0.0]
      [GC Worker Other (ms): Min: 0.1, Avg: 0.2, Max: 0.2, Diff: 0.0, Sum: 0.3]
      [GC Worker Total (ms): Min: 143.4, Avg: 143.4, Max: 143.5, Diff: 0.0, Sum: 286.9]
      [GC Worker End (ms): Min: 53630920.8, Avg: 53630920.9, Max: 53630920.9, Diff: 0.0]
   [Code Root Fixup: 0.4 ms]
   [Code Root Migration: 0.3 ms]
   [Clear CT: 1.1 ms]
   [Other: 11.6 ms]
      [Choose CSet: 0.0 ms]
      [Ref Proc: 6.0 ms]
      [Ref Enq: 0.7 ms]
      [Free CSet: 3.0 ms]
   [Eden: 1768.0M(1768.0M)->0.0B(1904.0M) Survivors: 36.0M->36.0M Heap: 3314.8M(4096.0M)->1547.8M(4096.0M)]
 [Times: user=0.30 sys=0.00, real=0.16 secs] 
2016-08-31T04:40:10.924+0200: 54261.059: [GC pause (young), 0.1706780 secs]
   [Parallel Time: 157.0 ms, GC Workers: 2]
      [GC Worker Start (ms): Min: 54261059.6, Avg: 54261059.6, Max: 54261059.7, Diff: 0.1]
      [Ext Root Scanning (ms): Min: 52.7, Avg: 53.5, Max: 54.4, Diff: 1.7, Sum: 107.1]
      [Update RS (ms): Min: 33.6, Avg: 33.7, Max: 33.8, Diff: 0.2, Sum: 67.5]
         [Processed Buffers: Min: 198, Avg: 205.0, Max: 212, Diff: 14, Sum: 410]
      [Scan RS (ms): Min: 14.7, Avg: 15.0, Max: 15.4, Diff: 0.7, Sum: 30.1]
      [Code Root Scanning (ms): Min: 0.6, Avg: 0.6, Max: 0.7, Diff: 0.0, Sum: 1.3]
      [Object Copy (ms): Min: 53.3, Avg: 53.7, Max: 54.1, Diff: 0.9, Sum: 107.4]
      [Termination (ms): Min: 0.0, Avg: 0.0, Max: 0.0, Diff: 0.0, Sum: 0.0]
      [GC Worker Other (ms): Min: 0.1, Avg: 0.3, Max: 0.4, Diff: 0.3, Sum: 0.6]
      [GC Worker Total (ms): Min: 156.9, Avg: 156.9, Max: 157.0, Diff: 0.1, Sum: 313.9]
      [GC Worker End (ms): Min: 54261216.6, Avg: 54261216.6, Max: 54261216.6, Diff: 0.0]
   [Code Root Fixup: 0.4 ms]
   [Code Root Migration: 0.3 ms]
   [Clear CT: 1.1 ms]
   [Other: 11.8 ms]
      [Choose CSet: 0.0 ms]
      [Ref Proc: 6.1 ms]
      [Ref Enq: 0.7 ms]
      [Free CSet: 3.3 ms]
   [Eden: 1904.0M(1904.0M)->0.0B(1826.0M) Survivors: 36.0M->44.0M Heap: 3451.8M(4096.0M)->1554.8M(4096.0M)]
 [Times: user=0.33 sys=0.00, real=0.17 secs] 
2016-08-31T04:48:00.966+0200: 54731.100: [GC pause (young), 0.1565160 secs]
   [Parallel Time: 147.5 ms, GC Workers: 2]
      [GC Worker Start (ms): Min: 54731101.6, Avg: 54731101.6, Max: 54731101.6, Diff: 0.0]
      [Ext Root Scanning (ms): Min: 50.2, Avg: 50.8, Max: 51.4, Diff: 1.2, Sum: 101.6]
      [Update RS (ms): Min: 27.9, Avg: 29.0, Max: 30.1, Diff: 2.2, Sum: 58.0]
         [Processed Buffers: Min: 203, Avg: 211.5, Max: 220, Diff: 17, Sum: 423]
      [Scan RS (ms): Min: 15.3, Avg: 15.6, Max: 15.9, Diff: 0.7, Sum: 31.2]
      [Code Root Scanning (ms): Min: 0.5, Avg: 0.5, Max: 0.5, Diff: 0.0, Sum: 1.0]
      [Object Copy (ms): Min: 51.1, Avg: 51.3, Max: 51.4, Diff: 0.3, Sum: 102.5]
      [Termination (ms): Min: 0.0, Avg: 0.0, Max: 0.0, Diff: 0.0, Sum: 0.0]
      [GC Worker Other (ms): Min: 0.1, Avg: 0.1, Max: 0.2, Diff: 0.1, Sum: 0.3]
      [GC Worker Total (ms): Min: 147.3, Avg: 147.3, Max: 147.3, Diff: 0.1, Sum: 294.6]
      [GC Worker End (ms): Min: 54731248.9, Avg: 54731248.9, Max: 54731248.9, Diff: 0.0]
   [Code Root Fixup: 0.3 ms]
   [Code Root Migration: 0.2 ms]
   [Clear CT: 0.8 ms]
   [Other: 7.8 ms]
      [Choose CSet: 0.0 ms]
      [Ref Proc: 3.8 ms]
      [Ref Enq: 0.3 ms]
      [Free CSet: 2.2 ms]
   [Eden: 1488.0M(1308.0M)->0.0B(2078.0M) Survivors: 44.0M->48.0M Heap: 3042.8M(4096.0M)->1559.8M(4096.0M)]
 [Times: user=0.30 sys=0.00, real=0.16 secs] 
2016-08-31T04:55:24.614+0200: 55174.749: [GC pause (young), 0.1660740 secs]
   [Parallel Time: 153.7 ms, GC Workers: 2]
      [GC Worker Start (ms): Min: 55174749.9, Avg: 55174749.9, Max: 55174749.9, Diff: 0.0]
      [Ext Root Scanning (ms): Min: 51.8, Avg: 52.2, Max: 52.6, Diff: 0.8, Sum: 104.4]
      [Update RS (ms): Min: 26.2, Avg: 26.5, Max: 26.8, Diff: 0.6, Sum: 53.0]
         [Processed Buffers: Min: 208, Avg: 211.0, Max: 214, Diff: 6, Sum: 422]
      [Scan RS (ms): Min: 16.0, Avg: 16.1, Max: 16.3, Diff: 0.3, Sum: 32.3]
      [Code Root Scanning (ms): Min: 0.4, Avg: 0.5, Max: 0.5, Diff: 0.1, Sum: 0.9]
      [Object Copy (ms): Min: 57.8, Avg: 58.1, Max: 58.4, Diff: 0.6, Sum: 116.2]
      [Termination (ms): Min: 0.0, Avg: 0.0, Max: 0.0, Diff: 0.0, Sum: 0.0]
      [GC Worker Other (ms): Min: 0.1, Avg: 0.1, Max: 0.1, Diff: 0.0, Sum: 0.3]
      [GC Worker Total (ms): Min: 153.6, Avg: 153.6, Max: 153.6, Diff: 0.0, Sum: 307.1]
      [GC Worker End (ms): Min: 55174903.4, Avg: 55174903.4, Max: 55174903.4, Diff: 0.0]
   [Code Root Fixup: 0.6 ms]
   [Code Root Migration: 0.2 ms]
   [Clear CT: 0.9 ms]
   [Other: 10.6 ms]
      [Choose CSet: 0.0 ms]
      [Ref Proc: 5.5 ms]
      [Ref Enq: 0.6 ms]
      [Free CSet: 2.8 ms]
   [Eden: 1458.0M(1458.0M)->0.0B(2070.0M) Survivors: 48.0M->52.0M Heap: 3017.8M(4096.0M)->1563.8M(4096.0M)]
 [Times: user=0.32 sys=0.00, real=0.17 secs] 
2016-08-31T05:03:35.670+0200: 55665.804: [GC pause (young), 0.1683050 secs]
   [Parallel Time: 157.4 ms, GC Workers: 2]
      [GC Worker Start (ms): Min: 55665805.2, Avg: 55665805.2, Max: 55665805.3, Diff: 0.0]
      [Ext Root Scanning (ms): Min: 50.1, Avg: 50.4, Max: 50.7, Diff: 0.6, Sum: 100.9]
      [Update RS (ms): Min: 26.1, Avg: 26.3, Max: 26.6, Diff: 0.5, Sum: 52.7]
         [Processed Buffers: Min: 189, Avg: 210.5, Max: 232, Diff: 43, Sum: 421]
      [Scan RS (ms): Min: 16.6, Avg: 16.8, Max: 17.0, Diff: 0.5, Sum: 33.6]
      [Code Root Scanning (ms): Min: 0.5, Avg: 0.5, Max: 0.5, Diff: 0.0, Sum: 1.0]
      [Object Copy (ms): Min: 62.8, Avg: 63.0, Max: 63.1, Diff: 0.3, Sum: 125.9]
      [Termination (ms): Min: 0.0, Avg: 0.0, Max: 0.0, Diff: 0.0, Sum: 0.0]
      [GC Worker Other (ms): Min: 0.1, Avg: 0.3, Max: 0.4, Diff: 0.3, Sum: 0.5]
      [GC Worker Total (ms): Min: 157.3, Avg: 157.3, Max: 157.3, Diff: 0.0, Sum: 314.6]
      [GC Worker End (ms): Min: 55665962.5, Avg: 55665962.5, Max: 55665962.5, Diff: 0.0]
   [Code Root Fixup: 0.4 ms]
   [Code Root Migration: 0.2 ms]
   [Clear CT: 0.9 ms]
   [Other: 9.4 ms]
      [Choose CSet: 0.0 ms]
      [Ref Proc: 5.0 ms]
      [Ref Enq: 0.3 ms]
      [Free CSet: 2.4 ms]
   [Eden: 1534.0M(1534.0M)->0.0B(2062.0M) Survivors: 52.0M->56.0M Heap: 3097.8M(4096.0M)->1566.8M(4096.0M)]
 [Times: user=0.32 sys=0.00, real=0.17 secs] 
2016-08-31T05:10:44.070+0200: 56094.205: [GC pause (young), 0.1716300 secs]
   [Parallel Time: 160.6 ms, GC Workers: 2]
      [GC Worker Start (ms): Min: 56094206.8, Avg: 56094206.8, Max: 56094206.8, Diff: 0.0]
      [Ext Root Scanning (ms): Min: 51.6, Avg: 52.8, Max: 54.1, Diff: 2.5, Sum: 105.7]
      [Update RS (ms): Min: 23.8, Avg: 25.5, Max: 27.2, Diff: 3.3, Sum: 51.0]
         [Processed Buffers: Min: 233, Avg: 272.5, Max: 312, Diff: 79, Sum: 545]
      [Scan RS (ms): Min: 18.3, Avg: 18.4, Max: 18.4, Diff: 0.1, Sum: 36.7]
      [Code Root Scanning (ms): Min: 0.5, Avg: 0.5, Max: 0.5, Diff: 0.0, Sum: 1.0]
      [Object Copy (ms): Min: 62.8, Avg: 63.1, Max: 63.5, Diff: 0.7, Sum: 126.3]
      [Termination (ms): Min: 0.0, Avg: 0.0, Max: 0.0, Diff: 0.0, Sum: 0.0]
      [GC Worker Other (ms): Min: 0.1, Avg: 0.1, Max: 0.1, Diff: 0.0, Sum: 0.2]
      [GC Worker Total (ms): Min: 160.4, Avg: 160.4, Max: 160.4, Diff: 0.0, Sum: 320.8]
      [GC Worker End (ms): Min: 56094367.2, Avg: 56094367.2, Max: 56094367.2, Diff: 0.0]
   [Code Root Fixup: 0.3 ms]
   [Code Root Migration: 0.2 ms]
   [Clear CT: 0.8 ms]
   [Other: 9.9 ms]
      [Choose CSet: 0.0 ms]
      [Ref Proc: 4.5 ms]
      [Ref Enq: 0.3 ms]
      [Free CSet: 2.5 ms]
   [Eden: 1454.0M(1454.0M)->0.0B(2034.0M) Survivors: 56.0M->70.0M Heap: 3020.8M(4096.0M)->1581.8M(4096.0M)]
 [Times: user=0.33 sys=0.00, real=0.17 secs] 
2016-08-31T05:16:41.259+0200: 56451.393: [GC pause (young), 0.1882300 secs]
   [Parallel Time: 177.9 ms, GC Workers: 2]
      [GC Worker Start (ms): Min: 56451394.5, Avg: 56451394.6, Max: 56451394.6, Diff: 0.0]
      [Ext Root Scanning (ms): Min: 61.8, Avg: 64.2, Max: 66.6, Diff: 4.7, Sum: 128.4]
      [Update RS (ms): Min: 21.9, Avg: 24.3, Max: 26.7, Diff: 4.8, Sum: 48.7]
         [Processed Buffers: Min: 204, Avg: 211.5, Max: 219, Diff: 15, Sum: 423]
      [Scan RS (ms): Min: 17.7, Avg: 18.1, Max: 18.4, Diff: 0.7, Sum: 36.1]
      [Code Root Scanning (ms): Min: 0.4, Avg: 0.4, Max: 0.4, Diff: 0.0, Sum: 0.8]
      [Object Copy (ms): Min: 69.9, Avg: 70.4, Max: 71.0, Diff: 1.1, Sum: 140.9]
      [Termination (ms): Min: 0.0, Avg: 0.0, Max: 0.0, Diff: 0.0, Sum: 0.0]
      [GC Worker Other (ms): Min: 0.1, Avg: 0.3, Max: 0.5, Diff: 0.4, Sum: 0.7]
      [GC Worker Total (ms): Min: 177.8, Avg: 177.8, Max: 177.8, Diff: 0.0, Sum: 355.6]
      [GC Worker End (ms): Min: 56451572.3, Avg: 56451572.3, Max: 56451572.4, Diff: 0.0]
   [Code Root Fixup: 0.8 ms]
   [Code Root Migration: 0.2 ms]
   [Clear CT: 0.8 ms]
   [Other: 8.5 ms]
      [Choose CSet: 0.0 ms]
      [Ref Proc: 4.2 ms]
      [Ref Enq: 0.2 ms]
      [Free CSet: 2.2 ms]
   [Eden: 1212.0M(1212.0M)->0.0B(1750.0M) Survivors: 70.0M->62.0M Heap: 2793.8M(4096.0M)->1572.8M(4096.0M)]
 [Times: user=0.34 sys=0.00, real=0.19 secs] 
2016-08-31T05:20:15.504+0200: 56665.638: [GC pause (young), 0.1842980 secs]
   [Parallel Time: 174.1 ms, GC Workers: 2]
      [GC Worker Start (ms): Min: 56665639.4, Avg: 56665639.4, Max: 56665639.5, Diff: 0.0]
      [Ext Root Scanning (ms): Min: 54.6, Avg: 55.9, Max: 57.2, Diff: 2.6, Sum: 111.9]
      [Update RS (ms): Min: 21.5, Avg: 21.9, Max: 22.3, Diff: 0.8, Sum: 43.8]
         [Processed Buffers: Min: 254, Avg: 274.0, Max: 294, Diff: 40, Sum: 548]
      [Scan RS (ms): Min: 17.6, Avg: 18.0, Max: 18.5, Diff: 0.9, Sum: 36.1]
      [Code Root Scanning (ms): Min: 0.3, Avg: 0.3, Max: 0.3, Diff: 0.0, Sum: 0.6]
      [Object Copy (ms): Min: 77.2, Avg: 77.7, Max: 78.1, Diff: 0.9, Sum: 155.3]
      [Termination (ms): Min: 0.0, Avg: 0.0, Max: 0.0, Diff: 0.0, Sum: 0.0]
      [GC Worker Other (ms): Min: 0.1, Avg: 0.1, Max: 0.2, Diff: 0.0, Sum: 0.3]
      [GC Worker Total (ms): Min: 174.0, Avg: 174.0, Max: 174.0, Diff: 0.0, Sum: 348.0]
      [GC Worker End (ms): Min: 56665813.4, Avg: 56665813.4, Max: 56665813.4, Diff: 0.0]
   [Code Root Fixup: 0.4 ms]
   [Code Root Migration: 0.1 ms]
   [Clear CT: 0.7 ms]
   [Other: 9.0 ms]
      [Choose CSet: 0.0 ms]
      [Ref Proc: 4.9 ms]
      [Ref Enq: 0.2 ms]
      [Free CSet: 1.6 ms]
   [Eden: 856.0M(718.0M)->0.0B(1410.0M) Survivors: 62.0M->66.0M Heap: 2428.8M(4096.0M)->1587.6M(4096.0M)]
 [Times: user=0.36 sys=0.00, real=0.19 secs] 
2016-08-31T05:23:49.507+0200: 56879.641: [GC pause (young), 0.1790280 secs]
   [Parallel Time: 169.4 ms, GC Workers: 2]
      [GC Worker Start (ms): Min: 56879642.4, Avg: 56879642.4, Max: 56879642.5, Diff: 0.0]
      [Ext Root Scanning (ms): Min: 53.5, Avg: 54.3, Max: 55.0, Diff: 1.5, Sum: 108.6]
      [Update RS (ms): Min: 24.7, Avg: 24.9, Max: 25.1, Diff: 0.4, Sum: 49.8]
         [Processed Buffers: Min: 261, Avg: 271.0, Max: 281, Diff: 20, Sum: 542]
      [Scan RS (ms): Min: 17.7, Avg: 17.7, Max: 17.8, Diff: 0.0, Sum: 35.5]
      [Code Root Scanning (ms): Min: 0.3, Avg: 0.3, Max: 0.3, Diff: 0.0, Sum: 0.6]
      [Object Copy (ms): Min: 71.3, Avg: 71.9, Max: 72.5, Diff: 1.2, Sum: 143.8]
      [Termination (ms): Min: 0.0, Avg: 0.0, Max: 0.0, Diff: 0.0, Sum: 0.0]
      [GC Worker Other (ms): Min: 0.1, Avg: 0.1, Max: 0.2, Diff: 0.0, Sum: 0.3]
      [GC Worker Total (ms): Min: 169.3, Avg: 169.3, Max: 169.3, Diff: 0.0, Sum: 338.6]
      [GC Worker End (ms): Min: 56879811.8, Avg: 56879811.8, Max: 56879811.8, Diff: 0.0]
   [Code Root Fixup: 0.4 ms]
   [Code Root Migration: 0.1 ms]
   [Clear CT: 0.6 ms]
   [Other: 8.5 ms]
      [Choose CSet: 0.0 ms]
      [Ref Proc: 4.1 ms]
      [Ref Enq: 0.2 ms]
      [Free CSet: 1.7 ms]
   [Eden: 838.0M(402.0M)->0.0B(2054.0M) Survivors: 66.0M->38.0M Heap: 2425.6M(4096.0M)->1593.0M(4096.0M)]
 [Times: user=0.35 sys=0.00, real=0.18 secs] 
2016-08-31T05:30:26.528+0200: 57276.662: [GC pause (young), 0.1642040 secs]
   [Parallel Time: 153.0 ms, GC Workers: 2]
      [GC Worker Start (ms): Min: 57276663.5, Avg: 57276663.6, Max: 57276663.6, Diff: 0.0]
      [Ext Root Scanning (ms): Min: 49.4, Avg: 50.8, Max: 52.1, Diff: 2.7, Sum: 101.5]
      [Update RS (ms): Min: 38.3, Avg: 39.5, Max: 40.6, Diff: 2.3, Sum: 78.9]
         [Processed Buffers: Min: 211, Avg: 213.0, Max: 215, Diff: 4, Sum: 426]
      [Scan RS (ms): Min: 15.9, Avg: 16.4, Max: 16.8, Diff: 0.9, Sum: 32.8]
      [Code Root Scanning (ms): Min: 0.5, Avg: 0.5, Max: 0.5, Diff: 0.0, Sum: 1.0]
      [Object Copy (ms): Min: 45.0, Avg: 45.6, Max: 46.2, Diff: 1.3, Sum: 91.2]
      [Termination (ms): Min: 0.0, Avg: 0.0, Max: 0.0, Diff: 0.0, Sum: 0.0]
      [GC Worker Other (ms): Min: 0.1, Avg: 0.1, Max: 0.1, Diff: 0.0, Sum: 0.3]
      [GC Worker Total (ms): Min: 152.9, Avg: 152.9, Max: 152.9, Diff: 0.0, Sum: 305.7]
      [GC Worker End (ms): Min: 57276816.4, Avg: 57276816.4, Max: 57276816.4, Diff: 0.0]
   [Code Root Fixup: 0.3 ms]
   [Code Root Migration: 0.2 ms]
   [Clear CT: 0.8 ms]
   [Other: 10.0 ms]
      [Choose CSet: 0.0 ms]
      [Ref Proc: 5.4 ms]
      [Ref Enq: 0.4 ms]
      [Free CSet: 2.5 ms]
   [Eden: 1512.0M(1512.0M)->0.0B(2058.0M) Survivors: 38.0M->36.0M Heap: 3105.0M(4096.0M)->1592.0M(4096.0M)]
 [Times: user=0.32 sys=0.00, real=0.17 secs] 
2016-08-31T05:35:06.931+0200: 57557.065: [GC pause (young), 0.1694820 secs]
   [Parallel Time: 156.3 ms, GC Workers: 2]
      [GC Worker Start (ms): Min: 57557066.4, Avg: 57557066.4, Max: 57557066.4, Diff: 0.0]
      [Ext Root Scanning (ms): Min: 48.8, Avg: 49.2, Max: 49.7, Diff: 0.9, Sum: 98.4]
      [Update RS (ms): Min: 34.0, Avg: 34.5, Max: 35.0, Diff: 1.0, Sum: 69.0]
         [Processed Buffers: Min: 219, Avg: 220.0, Max: 221, Diff: 2, Sum: 440]
      [Scan RS (ms): Min: 18.0, Avg: 18.2, Max: 18.5, Diff: 0.4, Sum: 36.5]
      [Code Root Scanning (ms): Min: 0.3, Avg: 0.4, Max: 0.4, Diff: 0.1, Sum: 0.7]
      [Object Copy (ms): Min: 53.6, Avg: 53.8, Max: 54.0, Diff: 0.4, Sum: 107.6]
      [Termination (ms): Min: 0.0, Avg: 0.0, Max: 0.0, Diff: 0.0, Sum: 0.0]
      [GC Worker Other (ms): Min: 0.1, Avg: 0.1, Max: 0.1, Diff: 0.0, Sum: 0.2]
      [GC Worker Total (ms): Min: 156.2, Avg: 156.2, Max: 156.2, Diff: 0.0, Sum: 312.5]
      [GC Worker End (ms): Min: 57557222.6, Avg: 57557222.6, Max: 57557222.6, Diff: 0.0]
   [Code Root Fixup: 0.4 ms]
   [Code Root Migration: 0.2 ms]
   [Clear CT: 0.9 ms]
   [Other: 11.7 ms]
      [Choose CSet: 0.0 ms]
      [Ref Proc: 6.7 ms]
      [Ref Enq: 0.6 ms]
      [Free CSet: 2.6 ms]
   [Eden: 1164.0M(1164.0M)->0.0B(1790.0M) Survivors: 36.0M->42.0M Heap: 2756.0M(4096.0M)->1598.0M(4096.0M)]
 [Times: user=0.33 sys=0.00, real=0.17 secs] 
2016-08-31T05:38:22.077+0200: 57752.212: [GC pause (young), 0.1688020 secs]
   [Parallel Time: 157.1 ms, GC Workers: 2]
      [GC Worker Start (ms): Min: 57752213.1, Avg: 57752213.1, Max: 57752213.2, Diff: 0.0]
      [Ext Root Scanning (ms): Min: 49.7, Avg: 49.8, Max: 49.9, Diff: 0.3, Sum: 99.6]
      [Update RS (ms): Min: 29.1, Avg: 29.7, Max: 30.3, Diff: 1.2, Sum: 59.4]
         [Processed Buffers: Min: 226, Avg: 232.5, Max: 239, Diff: 13, Sum: 465]
      [Scan RS (ms): Min: 18.0, Avg: 18.2, Max: 18.3, Diff: 0.2, Sum: 36.3]
      [Code Root Scanning (ms): Min: 0.3, Avg: 0.3, Max: 0.4, Diff: 0.1, Sum: 0.7]
      [Object Copy (ms): Min: 58.3, Avg: 58.8, Max: 59.4, Diff: 1.1, Sum: 117.7]
      [Termination (ms): Min: 0.0, Avg: 0.0, Max: 0.0, Diff: 0.0, Sum: 0.0]
      [GC Worker Other (ms): Min: 0.1, Avg: 0.1, Max: 0.1, Diff: 0.0, Sum: 0.3]
      [GC Worker Total (ms): Min: 157.0, Avg: 157.0, Max: 157.0, Diff: 0.0, Sum: 314.0]
      [GC Worker End (ms): Min: 57752370.1, Avg: 57752370.1, Max: 57752370.1, Diff: 0.0]
   [Code Root Fixup: 0.5 ms]
   [Code Root Migration: 0.1 ms]
   [Clear CT: 0.7 ms]
   [Other: 10.3 ms]
      [Choose CSet: 0.0 ms]
      [Ref Proc: 5.6 ms]
      [Ref Enq: 0.4 ms]
      [Free CSet: 2.0 ms]
   [Eden: 842.0M(832.0M)->0.0B(1564.0M) Survivors: 42.0M->54.0M Heap: 2440.0M(4096.0M)->1609.0M(4096.0M)]
 [Times: user=0.33 sys=0.00, real=0.17 secs] 
2016-08-31T05:40:47.564+0200: 57897.698: [GC pause (young), 0.2533970 secs]
   [Parallel Time: 246.1 ms, GC Workers: 2]
      [GC Worker Start (ms): Min: 57897699.2, Avg: 57897699.2, Max: 57897699.2, Diff: 0.0]
      [Ext Root Scanning (ms): Min: 50.8, Avg: 62.4, Max: 74.0, Diff: 23.1, Sum: 124.8]
      [Update RS (ms): Min: 28.3, Avg: 38.2, Max: 48.2, Diff: 19.9, Sum: 76.5]
         [Processed Buffers: Min: 102, Avg: 278.0, Max: 454, Diff: 352, Sum: 556]
      [Scan RS (ms): Min: 26.7, Avg: 29.8, Max: 32.9, Diff: 6.2, Sum: 59.5]
      [Code Root Scanning (ms): Min: 0.1, Avg: 0.1, Max: 0.1, Diff: 0.0, Sum: 0.3]
      [Object Copy (ms): Min: 110.7, Avg: 111.2, Max: 111.7, Diff: 1.0, Sum: 222.4]
      [Termination (ms): Min: 0.0, Avg: 4.2, Max: 8.4, Diff: 8.4, Sum: 8.4]
      [GC Worker Other (ms): Min: 0.1, Avg: 0.1, Max: 0.2, Diff: 0.1, Sum: 0.3]
      [GC Worker Total (ms): Min: 246.0, Avg: 246.0, Max: 246.0, Diff: 0.0, Sum: 492.0]
      [GC Worker End (ms): Min: 57897945.2, Avg: 57897945.2, Max: 57897945.3, Diff: 0.0]
   [Code Root Fixup: 0.3 ms]
   [Code Root Migration: 0.1 ms]
   [Clear CT: 0.8 ms]
   [Other: 6.2 ms]
      [Choose CSet: 0.0 ms]
      [Ref Proc: 3.1 ms]
      [Ref Enq: 0.2 ms]
      [Free CSet: 1.2 ms]
   [Eden: 726.0M(636.0M)->0.0B(178.0M) Survivors: 54.0M->60.0M Heap: 2335.0M(4096.0M)->1624.5M(4096.0M)]
 [Times: user=0.19 sys=0.00, real=0.25 secs] 
2016-08-31T05:41:23.522+0200: 57933.656: [GC pause (young), 0.1470390 secs]
   [Parallel Time: 141.9 ms, GC Workers: 2]
      [GC Worker Start (ms): Min: 57933657.0, Avg: 57933659.8, Max: 57933662.6, Diff: 5.6]
      [Ext Root Scanning (ms): Min: 54.6, Avg: 56.9, Max: 59.1, Diff: 4.4, Sum: 113.7]
      [Update RS (ms): Min: 15.1, Avg: 16.6, Max: 18.0, Diff: 3.0, Sum: 33.1]
         [Processed Buffers: Min: 182, Avg: 199.5, Max: 217, Diff: 35, Sum: 399]
      [Scan RS (ms): Min: 15.1, Avg: 15.4, Max: 15.8, Diff: 0.7, Sum: 30.9]
      [Code Root Scanning (ms): Min: 0.1, Avg: 0.1, Max: 0.1, Diff: 0.0, Sum: 0.2]
      [Object Copy (ms): Min: 49.3, Avg: 49.9, Max: 50.6, Diff: 1.2, Sum: 99.9]
      [Termination (ms): Min: 0.0, Avg: 0.0, Max: 0.0, Diff: 0.0, Sum: 0.0]
      [GC Worker Other (ms): Min: 0.2, Avg: 0.2, Max: 0.2, Diff: 0.0, Sum: 0.4]
      [GC Worker Total (ms): Min: 136.3, Avg: 139.1, Max: 141.8, Diff: 5.6, Sum: 278.1]
      [GC Worker End (ms): Min: 57933798.9, Avg: 57933798.9, Max: 57933798.9, Diff: 0.0]
   [Code Root Fixup: 0.4 ms]
   [Code Root Migration: 0.1 ms]
   [Clear CT: 0.4 ms]
   [Other: 4.2 ms]
      [Choose CSet: 0.0 ms]
      [Ref Proc: 1.4 ms]
      [Ref Enq: 0.1 ms]
      [Free CSet: 0.8 ms]
   [Eden: 178.0M(178.0M)->0.0B(2024.0M) Survivors: 60.0M->10.0M Heap: 1802.5M(4096.0M)->1614.0M(4096.0M)]
 [Times: user=0.27 sys=0.00, real=0.15 secs] 
2016-08-31T05:47:16.502+0200: 58286.636: [GC pause (young), 0.1814110 secs]
   [Parallel Time: 166.5 ms, GC Workers: 2]
      [GC Worker Start (ms): Min: 58286638.1, Avg: 58286638.1, Max: 58286638.1, Diff: 0.0]
      [Ext Root Scanning (ms): Min: 57.5, Avg: 58.1, Max: 58.7, Diff: 1.2, Sum: 116.2]
      [Update RS (ms): Min: 53.6, Avg: 53.6, Max: 53.7, Diff: 0.1, Sum: 107.3]
         [Processed Buffers: Min: 243, Avg: 280.5, Max: 318, Diff: 75, Sum: 561]
      [Scan RS (ms): Min: 14.2, Avg: 14.2, Max: 14.3, Diff: 0.1, Sum: 28.5]
      [Code Root Scanning (ms): Min: 0.5, Avg: 0.6, Max: 0.6, Diff: 0.1, Sum: 1.2]
      [Object Copy (ms): Min: 38.8, Avg: 39.5, Max: 40.3, Diff: 1.5, Sum: 79.1]
      [Termination (ms): Min: 0.0, Avg: 0.0, Max: 0.0, Diff: 0.0, Sum: 0.0]
      [GC Worker Other (ms): Min: 0.1, Avg: 0.3, Max: 0.5, Diff: 0.4, Sum: 0.6]
      [GC Worker Total (ms): Min: 166.4, Avg: 166.4, Max: 166.5, Diff: 0.0, Sum: 332.9]
      [GC Worker End (ms): Min: 58286804.5, Avg: 58286804.5, Max: 58286804.5, Diff: 0.0]
   [Code Root Fixup: 0.2 ms]
   [Code Root Migration: 0.2 ms]
   [Clear CT: 0.8 ms]
   [Other: 13.7 ms]
      [Choose CSet: 0.0 ms]
      [Ref Proc: 7.7 ms]
      [Ref Enq: 0.5 ms]
      [Free CSet: 2.9 ms]
   [Eden: 1756.0M(1756.0M)->0.0B(470.0M) Survivors: 10.0M->42.0M Heap: 3370.0M(4096.0M)->1646.0M(4096.0M)]
 [Times: user=0.34 sys=0.00, real=0.18 secs] 
2016-08-31T05:49:00.524+0200: 58390.658: [GC pause (young), 0.1393600 secs]
   [Parallel Time: 132.7 ms, GC Workers: 2]
      [GC Worker Start (ms): Min: 58390659.0, Avg: 58390659.0, Max: 58390659.1, Diff: 0.0]
      [Ext Root Scanning (ms): Min: 51.6, Avg: 57.0, Max: 62.5, Diff: 10.9, Sum: 114.0]
      [Update RS (ms): Min: 20.2, Avg: 26.3, Max: 32.3, Diff: 12.1, Sum: 52.5]
         [Processed Buffers: Min: 188, Avg: 221.0, Max: 254, Diff: 66, Sum: 442]
      [Scan RS (ms): Min: 13.4, Avg: 13.5, Max: 13.6, Diff: 0.2, Sum: 27.0]
      [Code Root Scanning (ms): Min: 0.1, Avg: 0.2, Max: 0.2, Diff: 0.1, Sum: 0.4]
      [Object Copy (ms): Min: 34.9, Avg: 35.5, Max: 36.0, Diff: 1.1, Sum: 71.0]
      [Termination (ms): Min: 0.0, Avg: 0.0, Max: 0.0, Diff: 0.0, Sum: 0.0]
      [GC Worker Other (ms): Min: 0.1, Avg: 0.2, Max: 0.2, Diff: 0.1, Sum: 0.3]
      [GC Worker Total (ms): Min: 132.6, Avg: 132.6, Max: 132.6, Diff: 0.0, Sum: 265.2]
      [GC Worker End (ms): Min: 58390791.7, Avg: 58390791.7, Max: 58390791.7, Diff: 0.0]
   [Code Root Fixup: 0.2 ms]
   [Code Root Migration: 0.1 ms]
   [Clear CT: 0.5 ms]
   [Other: 5.8 ms]
      [Choose CSet: 0.0 ms]
      [Ref Proc: 2.9 ms]
      [Ref Enq: 0.2 ms]
      [Free CSet: 1.1 ms]
   [Eden: 470.0M(470.0M)->0.0B(2002.0M) Survivors: 42.0M->14.0M Heap: 2116.0M(4096.0M)->1637.0M(4096.0M)]
 [Times: user=0.26 sys=0.00, real=0.14 secs] 
2016-08-31T05:53:42.194+0200: 58672.329: [GC pause (young), 0.1939080 secs]
   [Parallel Time: 174.9 ms, GC Workers: 2]
      [GC Worker Start (ms): Min: 58672330.1, Avg: 58672331.0, Max: 58672332.0, Diff: 1.8]
      [Ext Root Scanning (ms): Min: 54.5, Avg: 54.9, Max: 55.4, Diff: 0.9, Sum: 109.9]
      [Update RS (ms): Min: 49.7, Avg: 50.1, Max: 50.6, Diff: 0.9, Sum: 100.3]
         [Processed Buffers: Min: 259, Avg: 267.5, Max: 276, Diff: 17, Sum: 535]
      [Scan RS (ms): Min: 14.1, Avg: 14.3, Max: 14.5, Diff: 0.4, Sum: 28.7]
      [Code Root Scanning (ms): Min: 0.5, Avg: 0.5, Max: 0.5, Diff: 0.0, Sum: 1.0]
      [Object Copy (ms): Min: 53.0, Avg: 53.5, Max: 54.0, Diff: 1.0, Sum: 107.0]
      [Termination (ms): Min: 0.0, Avg: 0.0, Max: 0.0, Diff: 0.0, Sum: 0.0]
      [GC Worker Other (ms): Min: 0.2, Avg: 0.4, Max: 0.6, Diff: 0.4, Sum: 0.7]
      [GC Worker Total (ms): Min: 172.9, Avg: 173.8, Max: 174.7, Diff: 1.8, Sum: 347.5]
      [GC Worker End (ms): Min: 58672504.8, Avg: 58672504.8, Max: 58672504.8, Diff: 0.0]
   [Code Root Fixup: 0.5 ms]
   [Code Root Migration: 0.2 ms]
   [Clear CT: 1.0 ms]
   [Other: 17.4 ms]
      [Choose CSet: 0.0 ms]
      [Ref Proc: 10.6 ms]
      [Ref Enq: 0.9 ms]
      [Free CSet: 3.2 ms]
   [Eden: 1486.0M(1486.0M)->0.0B(712.0M) Survivors: 14.0M->44.0M Heap: 3123.0M(4096.0M)->1667.0M(4096.0M)]
 [Times: user=0.36 sys=0.00, real=0.19 secs] 
2016-08-31T05:55:45.707+0200: 58795.841: [GC pause (young), 0.1579030 secs]
   [Parallel Time: 145.8 ms, GC Workers: 2]
      [GC Worker Start (ms): Min: 58795842.6, Avg: 58795842.6, Max: 58795842.6, Diff: 0.0]
      [Ext Root Scanning (ms): Min: 51.4, Avg: 52.1, Max: 52.8, Diff: 1.4, Sum: 104.3]
      [Update RS (ms): Min: 29.3, Avg: 29.6, Max: 30.0, Diff: 0.7, Sum: 59.3]
         [Processed Buffers: Min: 278, Avg: 282.0, Max: 286, Diff: 8, Sum: 564]
      [Scan RS (ms): Min: 14.1, Avg: 14.2, Max: 14.2, Diff: 0.1, Sum: 28.3]
      [Code Root Scanning (ms): Min: 0.2, Avg: 0.2, Max: 0.3, Diff: 0.1, Sum: 0.5]
      [Object Copy (ms): Min: 48.8, Avg: 49.3, Max: 49.8, Diff: 1.0, Sum: 98.5]
      [Termination (ms): Min: 0.0, Avg: 0.0, Max: 0.0, Diff: 0.0, Sum: 0.0]
      [GC Worker Other (ms): Min: 0.1, Avg: 0.3, Max: 0.5, Diff: 0.3, Sum: 0.6]
      [GC Worker Total (ms): Min: 145.7, Avg: 145.8, Max: 145.8, Diff: 0.0, Sum: 291.5]
      [GC Worker End (ms): Min: 58795988.4, Avg: 58795988.4, Max: 58795988.4, Diff: 0.0]
   [Code Root Fixup: 0.4 ms]
   [Code Root Migration: 0.1 ms]
   [Clear CT: 0.7 ms]
   [Other: 10.9 ms]
      [Choose CSet: 0.0 ms]
      [Ref Proc: 6.3 ms]
      [Ref Enq: 0.5 ms]
      [Free CSet: 1.7 ms]
   [Eden: 712.0M(712.0M)->0.0B(992.0M) Survivors: 44.0M->50.0M Heap: 2379.0M(4096.0M)->1674.0M(4096.0M)]
 [Times: user=0.30 sys=0.00, real=0.16 secs] 
2016-08-31T05:58:17.595+0200: 58947.730: [GC pause (young), 0.2633180 secs]
   [Parallel Time: 252.8 ms, GC Workers: 2]
      [GC Worker Start (ms): Min: 58947730.7, Avg: 58947730.7, Max: 58947730.7, Diff: 0.0]
      [Ext Root Scanning (ms): Min: 54.2, Avg: 60.9, Max: 67.5, Diff: 13.3, Sum: 121.7]
      [Update RS (ms): Min: 56.4, Avg: 59.5, Max: 62.5, Diff: 6.1, Sum: 118.9]
         [Processed Buffers: Min: 196, Avg: 283.0, Max: 370, Diff: 174, Sum: 566]
      [Scan RS (ms): Min: 28.0, Avg: 33.2, Max: 38.5, Diff: 10.5, Sum: 66.4]
      [Code Root Scanning (ms): Min: 0.1, Avg: 0.1, Max: 0.1, Diff: 0.0, Sum: 0.3]
      [Object Copy (ms): Min: 94.1, Avg: 95.8, Max: 97.5, Diff: 3.3, Sum: 191.6]
      [Termination (ms): Min: 0.0, Avg: 0.0, Max: 0.0, Diff: 0.0, Sum: 0.0]
      [GC Worker Other (ms): Min: 0.1, Avg: 0.1, Max: 0.1, Diff: 0.0, Sum: 0.2]
      [GC Worker Total (ms): Min: 249.6, Avg: 249.6, Max: 249.6, Diff: 0.0, Sum: 499.2]
      [GC Worker End (ms): Min: 58947980.3, Avg: 58947980.3, Max: 58947980.3, Diff: 0.0]
   [Code Root Fixup: 0.2 ms]
   [Code Root Migration: 0.1 ms]
   [Clear CT: 3.3 ms]
   [Other: 7.0 ms]
      [Choose CSet: 0.0 ms]
      [Ref Proc: 3.5 ms]
      [Ref Enq: 0.3 ms]
      [Free CSet: 1.5 ms]
   [Eden: 836.0M(386.0M)->0.0B(162.0M) Survivors: 50.0M->42.0M Heap: 2510.0M(4096.0M)->1682.5M(4096.0M)]
 [Times: user=0.18 sys=0.00, real=0.26 secs] 
2016-08-31T05:58:46.139+0200: 58976.274: [GC pause (young), 0.1242130 secs]
   [Parallel Time: 118.6 ms, GC Workers: 2]
      [GC Worker Start (ms): Min: 58976274.9, Avg: 58976274.9, Max: 58976274.9, Diff: 0.0]
      [Ext Root Scanning (ms): Min: 50.7, Avg: 51.2, Max: 51.7, Diff: 1.0, Sum: 102.5]
      [Update RS (ms): Min: 18.8, Avg: 19.0, Max: 19.2, Diff: 0.3, Sum: 38.0]
         [Processed Buffers: Min: 260, Avg: 260.5, Max: 261, Diff: 1, Sum: 521]
      [Scan RS (ms): Min: 10.0, Avg: 10.1, Max: 10.1, Diff: 0.2, Sum: 20.1]
      [Code Root Scanning (ms): Min: 0.0, Avg: 0.1, Max: 0.1, Diff: 0.0, Sum: 0.1]
      [Object Copy (ms): Min: 37.7, Avg: 38.1, Max: 38.5, Diff: 0.9, Sum: 76.2]
      [Termination (ms): Min: 0.0, Avg: 0.0, Max: 0.0, Diff: 0.0, Sum: 0.0]
      [GC Worker Other (ms): Min: 0.1, Avg: 0.1, Max: 0.1, Diff: 0.0, Sum: 0.1]
      [GC Worker Total (ms): Min: 118.5, Avg: 118.5, Max: 118.5, Diff: 0.0, Sum: 237.0]
      [GC Worker End (ms): Min: 58976393.4, Avg: 58976393.4, Max: 58976393.4, Diff: 0.0]
   [Code Root Fixup: 0.4 ms]
   [Code Root Migration: 0.0 ms]
   [Clear CT: 0.5 ms]
   [Other: 4.7 ms]
      [Choose CSet: 0.0 ms]
      [Ref Proc: 1.5 ms]
      [Ref Enq: 0.1 ms]
      [Free CSet: 0.7 ms]
   [Eden: 162.0M(162.0M)->0.0B(616.0M) Survivors: 42.0M->20.0M Heap: 1844.5M(4096.0M)->1682.0M(4096.0M)]
 [Times: user=0.24 sys=0.00, real=0.12 secs] 
2016-08-31T06:00:41.231+0200: 59091.365: [GC pause (young), 0.1394440 secs]
   [Parallel Time: 128.6 ms, GC Workers: 2]
      [GC Worker Start (ms): Min: 59091366.2, Avg: 59091369.1, Max: 59091372.0, Diff: 5.8]
      [Ext Root Scanning (ms): Min: 50.3, Avg: 52.5, Max: 54.8, Diff: 4.4, Sum: 105.1]
      [Update RS (ms): Min: 33.7, Avg: 34.1, Max: 34.4, Diff: 0.7, Sum: 68.2]
         [Processed Buffers: Min: 211, Avg: 227.0, Max: 243, Diff: 32, Sum: 454]
      [Scan RS (ms): Min: 8.8, Avg: 9.0, Max: 9.2, Diff: 0.4, Sum: 18.0]
      [Code Root Scanning (ms): Min: 0.2, Avg: 0.2, Max: 0.2, Diff: 0.1, Sum: 0.4]
      [Object Copy (ms): Min: 29.5, Avg: 29.6, Max: 29.7, Diff: 0.2, Sum: 59.2]
      [Termination (ms): Min: 0.0, Avg: 0.0, Max: 0.0, Diff: 0.0, Sum: 0.0]
      [GC Worker Other (ms): Min: 0.1, Avg: 0.1, Max: 0.2, Diff: 0.0, Sum: 0.3]
      [GC Worker Total (ms): Min: 122.7, Avg: 125.6, Max: 128.5, Diff: 5.8, Sum: 251.1]
      [GC Worker End (ms): Min: 59091494.6, Avg: 59091494.6, Max: 59091494.6, Diff: 0.0]
   [Code Root Fixup: 0.4 ms]
   [Code Root Migration: 0.1 ms]
   [Clear CT: 0.6 ms]
   [Other: 9.8 ms]
      [Choose CSet: 0.0 ms]
      [Ref Proc: 5.8 ms]
      [Ref Enq: 0.4 ms]
      [Free CSet: 1.6 ms]
   [Eden: 616.0M(616.0M)->0.0B(964.0M) Survivors: 20.0M->22.0M Heap: 2298.0M(4096.0M)->1685.0M(4096.0M)]
 [Times: user=0.26 sys=0.00, real=0.14 secs] 
2016-08-31T06:03:04.529+0200: 59234.663: [GC pause (young), 0.1561520 secs]
   [Parallel Time: 143.2 ms, GC Workers: 2]
      [GC Worker Start (ms): Min: 59234664.3, Avg: 59234664.3, Max: 59234664.4, Diff: 0.0]
      [Ext Root Scanning (ms): Min: 50.0, Avg: 50.3, Max: 50.6, Diff: 0.6, Sum: 100.6]
      [Update RS (ms): Min: 36.6, Avg: 37.2, Max: 37.8, Diff: 1.1, Sum: 74.4]
         [Processed Buffers: Min: 211, Avg: 228.5, Max: 246, Diff: 35, Sum: 457]
      [Scan RS (ms): Min: 12.9, Avg: 13.4, Max: 13.9, Diff: 1.0, Sum: 26.9]
      [Code Root Scanning (ms): Min: 0.3, Avg: 0.3, Max: 0.3, Diff: 0.0, Sum: 0.6]
      [Object Copy (ms): Min: 41.5, Avg: 41.7, Max: 42.0, Diff: 0.5, Sum: 83.4]
      [Termination (ms): Min: 0.0, Avg: 0.0, Max: 0.0, Diff: 0.0, Sum: 0.0]
      [GC Worker Other (ms): Min: 0.1, Avg: 0.2, Max: 0.2, Diff: 0.1, Sum: 0.3]
      [GC Worker Total (ms): Min: 143.1, Avg: 143.1, Max: 143.1, Diff: 0.0, Sum: 286.1]
      [GC Worker End (ms): Min: 59234807.4, Avg: 59234807.4, Max: 59234807.4, Diff: 0.0]
   [Code Root Fixup: 0.4 ms]
   [Code Root Migration: 0.1 ms]
   [Clear CT: 0.8 ms]
   [Other: 11.5 ms]
      [Choose CSet: 0.0 ms]
      [Ref Proc: 6.9 ms]
      [Ref Enq: 0.5 ms]
      [Free CSet: 2.0 ms]
   [Eden: 876.0M(576.0M)->0.0B(1034.0M) Survivors: 22.0M->36.0M Heap: 2561.0M(4096.0M)->1698.0M(4096.0M)]
 [Times: user=0.30 sys=0.00, real=0.15 secs] 
2016-08-31T06:04:45.216+0200: 59335.350: [GC pause (young), 0.1524530 secs]
   [Parallel Time: 141.7 ms, GC Workers: 2]
      [GC Worker Start (ms): Min: 59335351.8, Avg: 59335351.8, Max: 59335351.8, Diff: 0.0]
      [Ext Root Scanning (ms): Min: 47.6, Avg: 48.3, Max: 48.9, Diff: 1.3, Sum: 96.5]
      [Update RS (ms): Min: 31.6, Avg: 31.6, Max: 31.6, Diff: 0.0, Sum: 63.2]
         [Processed Buffers: Min: 257, Avg: 281.0, Max: 305, Diff: 48, Sum: 562]
      [Scan RS (ms): Min: 14.3, Avg: 14.5, Max: 14.6, Diff: 0.4, Sum: 28.9]
      [Code Root Scanning (ms): Min: 0.2, Avg: 0.2, Max: 0.3, Diff: 0.1, Sum: 0.4]
      [Object Copy (ms): Min: 46.5, Avg: 47.0, Max: 47.4, Diff: 0.9, Sum: 94.0]
      [Termination (ms): Min: 0.0, Avg: 0.0, Max: 0.0, Diff: 0.0, Sum: 0.0]
      [GC Worker Other (ms): Min: 0.1, Avg: 0.2, Max: 0.2, Diff: 0.0, Sum: 0.3]
      [GC Worker Total (ms): Min: 141.7, Avg: 141.7, Max: 141.7, Diff: 0.0, Sum: 283.3]
      [GC Worker End (ms): Min: 59335493.5, Avg: 59335493.5, Max: 59335493.5, Diff: 0.0]
   [Code Root Fixup: 0.4 ms]
   [Code Root Migration: 0.1 ms]
   [Clear CT: 0.6 ms]
   [Other: 9.6 ms]
      [Choose CSet: 0.0 ms]
      [Ref Proc: 5.0 ms]
      [Ref Enq: 0.4 ms]
      [Free CSet: 1.7 ms]
   [Eden: 622.0M(524.0M)->0.0B(1350.0M) Survivors: 36.0M->44.0M Heap: 2320.0M(4096.0M)->1707.0M(4096.0M)]
 [Times: user=0.30 sys=0.00, real=0.15 secs] 
2016-08-31T06:06:23.184+0200: 59433.318: [GC pause (young), 0.1522610 secs]
   [Parallel Time: 142.3 ms, GC Workers: 2]
      [GC Worker Start (ms): Min: 59433319.5, Avg: 59433319.6, Max: 59433319.6, Diff: 0.0]
      [Ext Root Scanning (ms): Min: 49.0, Avg: 49.7, Max: 50.4, Diff: 1.4, Sum: 99.3]
      [Update RS (ms): Min: 27.0, Avg: 27.9, Max: 28.7, Diff: 1.6, Sum: 55.7]
         [Processed Buffers: Min: 220, Avg: 224.0, Max: 228, Diff: 8, Sum: 448]
      [Scan RS (ms): Min: 15.3, Avg: 15.5, Max: 15.8, Diff: 0.5, Sum: 31.1]
      [Code Root Scanning (ms): Min: 0.2, Avg: 0.2, Max: 0.2, Diff: 0.1, Sum: 0.4]
      [Object Copy (ms): Min: 48.3, Avg: 48.7, Max: 49.0, Diff: 0.7, Sum: 97.4]
      [Termination (ms): Min: 0.0, Avg: 0.0, Max: 0.0, Diff: 0.0, Sum: 0.0]
      [GC Worker Other (ms): Min: 0.2, Avg: 0.2, Max: 0.2, Diff: 0.0, Sum: 0.3]
      [GC Worker Total (ms): Min: 142.1, Avg: 142.1, Max: 142.1, Diff: 0.0, Sum: 284.2]
      [GC Worker End (ms): Min: 59433461.7, Avg: 59433461.7, Max: 59433461.7, Diff: 0.0]
   [Code Root Fixup: 0.5 ms]
   [Code Root Migration: 0.1 ms]
   [Clear CT: 1.2 ms]
   [Other: 8.2 ms]
      [Choose CSet: 0.0 ms]
      [Ref Proc: 4.4 ms]
      [Ref Enq: 0.4 ms]
      [Free CSet: 1.6 ms]
   [Eden: 594.0M(594.0M)->0.0B(1586.0M) Survivors: 44.0M->36.0M Heap: 2301.0M(4096.0M)->1700.2M(4096.0M)]
 [Times: user=0.29 sys=0.00, real=0.16 secs] 
2016-08-31T06:08:09.428+0200: 59539.562: [GC pause (young), 0.1850750 secs]
   [Parallel Time: 172.8 ms, GC Workers: 2]
      [GC Worker Start (ms): Min: 59539563.4, Avg: 59539564.7, Max: 59539566.0, Diff: 2.5]
      [Ext Root Scanning (ms): Min: 54.5, Avg: 55.2, Max: 56.0, Diff: 1.5, Sum: 110.4]
      [Update RS (ms): Min: 38.7, Avg: 39.1, Max: 39.5, Diff: 0.8, Sum: 78.2]
         [Processed Buffers: Min: 233, Avg: 238.5, Max: 244, Diff: 11, Sum: 477]
      [Scan RS (ms): Min: 17.0, Avg: 17.4, Max: 17.7, Diff: 0.7, Sum: 34.8]
      [Code Root Scanning (ms): Min: 0.2, Avg: 0.2, Max: 0.3, Diff: 0.1, Sum: 0.5]
      [Object Copy (ms): Min: 58.7, Avg: 59.3, Max: 59.8, Diff: 1.1, Sum: 118.5]
      [Termination (ms): Min: 0.0, Avg: 0.0, Max: 0.0, Diff: 0.0, Sum: 0.0]
      [GC Worker Other (ms): Min: 0.1, Avg: 0.1, Max: 0.1, Diff: 0.0, Sum: 0.3]
      [GC Worker Total (ms): Min: 170.1, Avg: 171.4, Max: 172.6, Diff: 2.5, Sum: 342.7]
      [GC Worker End (ms): Min: 59539736.0, Avg: 59539736.0, Max: 59539736.0, Diff: 0.0]
   [Code Root Fixup: 0.4 ms]
   [Code Root Migration: 0.1 ms]
   [Clear CT: 0.7 ms]
   [Other: 11.0 ms]
      [Choose CSet: 0.0 ms]
      [Ref Proc: 6.3 ms]
      [Ref Enq: 0.5 ms]
      [Free CSet: 1.9 ms]
   [Eden: 712.0M(712.0M)->0.0B(1058.0M) Survivors: 36.0M->50.0M Heap: 2412.2M(4096.0M)->1714.2M(4096.0M)]
 [Times: user=0.33 sys=0.00, real=0.19 secs] 
2016-08-31T06:09:22.524+0200: 59612.658: [GC pause (young), 0.1622830 secs]
   [Parallel Time: 152.9 ms, GC Workers: 2]
      [GC Worker Start (ms): Min: 59612659.6, Avg: 59612659.6, Max: 59612659.6, Diff: 0.0]
      [Ext Root Scanning (ms): Min: 47.4, Avg: 48.2, Max: 48.9, Diff: 1.5, Sum: 96.3]
      [Update RS (ms): Min: 25.6, Avg: 25.7, Max: 25.8, Diff: 0.2, Sum: 51.5]
         [Processed Buffers: Min: 218, Avg: 231.0, Max: 244, Diff: 26, Sum: 462]
      [Scan RS (ms): Min: 17.7, Avg: 17.8, Max: 18.0, Diff: 0.4, Sum: 35.7]
      [Code Root Scanning (ms): Min: 0.1, Avg: 0.2, Max: 0.3, Diff: 0.1, Sum: 0.4]
      [Object Copy (ms): Min: 60.2, Avg: 60.6, Max: 61.1, Diff: 0.9, Sum: 121.3]
      [Termination (ms): Min: 0.0, Avg: 0.0, Max: 0.0, Diff: 0.0, Sum: 0.0]
      [GC Worker Other (ms): Min: 0.1, Avg: 0.1, Max: 0.2, Diff: 0.0, Sum: 0.3]
      [GC Worker Total (ms): Min: 152.7, Avg: 152.7, Max: 152.7, Diff: 0.0, Sum: 305.5]
      [GC Worker End (ms): Min: 59612812.3, Avg: 59612812.3, Max: 59612812.3, Diff: 0.0]
   [Code Root Fixup: 0.4 ms]
   [Code Root Migration: 0.1 ms]
   [Clear CT: 0.6 ms]
   [Other: 8.3 ms]
      [Choose CSet: 0.0 ms]
      [Ref Proc: 4.4 ms]
      [Ref Enq: 0.4 ms]
      [Free CSet: 1.4 ms]
   [Eden: 508.0M(432.0M)->0.0B(1346.0M) Survivors: 50.0M->36.0M Heap: 2222.2M(4096.0M)->1716.9M(4096.0M)]
 [Times: user=0.31 sys=0.00, real=0.16 secs] 
2016-08-31T06:11:05.531+0200: 59715.666: [GC pause (young), 0.1724710 secs]
   [Parallel Time: 160.1 ms, GC Workers: 2]
      [GC Worker Start (ms): Min: 59715667.2, Avg: 59715667.2, Max: 59715667.3, Diff: 0.0]
      [Ext Root Scanning (ms): Min: 49.7, Avg: 49.9, Max: 50.1, Diff: 0.5, Sum: 99.8]
      [Update RS (ms): Min: 44.7, Avg: 45.1, Max: 45.4, Diff: 0.7, Sum: 90.1]
         [Processed Buffers: Min: 164, Avg: 229.5, Max: 295, Diff: 131, Sum: 459]
      [Scan RS (ms): Min: 14.9, Avg: 15.5, Max: 16.1, Diff: 1.2, Sum: 31.1]
      [Code Root Scanning (ms): Min: 0.2, Avg: 0.2, Max: 0.2, Diff: 0.0, Sum: 0.5]
      [Object Copy (ms): Min: 48.6, Avg: 49.1, Max: 49.6, Diff: 1.0, Sum: 98.3]
      [Termination (ms): Min: 0.0, Avg: 0.0, Max: 0.0, Diff: 0.0, Sum: 0.0]
      [GC Worker Other (ms): Min: 0.1, Avg: 0.1, Max: 0.1, Diff: 0.0, Sum: 0.2]
      [GC Worker Total (ms): Min: 160.0, Avg: 160.0, Max: 160.0, Diff: 0.0, Sum: 320.0]
      [GC Worker End (ms): Min: 59715827.3, Avg: 59715827.3, Max: 59715827.3, Diff: 0.0]
   [Code Root Fixup: 0.4 ms]
   [Code Root Migration: 0.1 ms]
   [Clear CT: 0.8 ms]
   [Other: 11.0 ms]
      [Choose CSet: 0.0 ms]
      [Ref Proc: 6.3 ms]
      [Ref Enq: 0.5 ms]
      [Free CSet: 1.9 ms]
   [Eden: 706.0M(680.0M)->0.0B(1262.0M) Survivors: 36.0M->40.0M Heap: 2422.9M(4096.0M)->1719.9M(4096.0M)]
 [Times: user=0.32 sys=0.00, real=0.17 secs] 
2016-08-31T06:12:31.501+0200: 59801.636: [GC pause (young), 0.1705100 secs]
   [Parallel Time: 160.5 ms, GC Workers: 2]
      [GC Worker Start (ms): Min: 59801636.7, Avg: 59801636.8, Max: 59801636.8, Diff: 0.1]
      [Ext Root Scanning (ms): Min: 57.2, Avg: 65.5, Max: 73.7, Diff: 16.5, Sum: 131.0]
      [Update RS (ms): Min: 16.2, Avg: 26.6, Max: 37.0, Diff: 20.8, Sum: 53.1]
         [Processed Buffers: Min: 161, Avg: 230.5, Max: 300, Diff: 139, Sum: 461]
      [Scan RS (ms): Min: 16.5, Avg: 16.9, Max: 17.3, Diff: 0.9, Sum: 33.8]
      [Code Root Scanning (ms): Min: 0.2, Avg: 0.2, Max: 0.2, Diff: 0.0, Sum: 0.4]
      [Object Copy (ms): Min: 49.4, Avg: 51.1, Max: 52.8, Diff: 3.4, Sum: 102.2]
      [Termination (ms): Min: 0.0, Avg: 0.0, Max: 0.0, Diff: 0.0, Sum: 0.0]
      [GC Worker Other (ms): Min: 0.1, Avg: 0.2, Max: 0.2, Diff: 0.0, Sum: 0.3]
      [GC Worker Total (ms): Min: 160.3, Avg: 160.4, Max: 160.4, Diff: 0.1, Sum: 320.8]
      [GC Worker End (ms): Min: 59801797.2, Avg: 59801797.2, Max: 59801797.2, Diff: 0.0]
   [Code Root Fixup: 0.6 ms]
   [Code Root Migration: 0.1 ms]
   [Clear CT: 0.6 ms]
   [Other: 8.7 ms]
      [Choose CSet: 0.0 ms]
      [Ref Proc: 4.7 ms]
      [Ref Enq: 0.4 ms]
      [Free CSet: 1.7 ms]
   [Eden: 582.0M(558.0M)->0.0B(1092.0M) Survivors: 40.0M->42.0M Heap: 2301.9M(4096.0M)->1722.9M(4096.0M)]
 [Times: user=0.32 sys=0.00, real=0.17 secs] 
2016-08-31T06:14:04.556+0200: 59894.690: [GC pause (young), 0.1619750 secs]
   [Parallel Time: 151.8 ms, GC Workers: 2]
      [GC Worker Start (ms): Min: 59894691.1, Avg: 59894691.1, Max: 59894691.1, Diff: 0.0]
      [Ext Root Scanning (ms): Min: 49.1, Avg: 49.4, Max: 49.7, Diff: 0.6, Sum: 98.8]
      [Update RS (ms): Min: 26.1, Avg: 26.3, Max: 26.5, Diff: 0.4, Sum: 52.6]
         [Processed Buffers: Min: 216, Avg: 227.5, Max: 239, Diff: 23, Sum: 455]
      [Scan RS (ms): Min: 17.7, Avg: 17.8, Max: 17.8, Diff: 0.2, Sum: 35.5]
      [Code Root Scanning (ms): Min: 0.2, Avg: 0.2, Max: 0.2, Diff: 0.0, Sum: 0.4]
      [Object Copy (ms): Min: 57.6, Avg: 57.7, Max: 57.9, Diff: 0.3, Sum: 115.4]
      [Termination (ms): Min: 0.0, Avg: 0.0, Max: 0.0, Diff: 0.0, Sum: 0.0]
      [GC Worker Other (ms): Min: 0.1, Avg: 0.3, Max: 0.4, Diff: 0.3, Sum: 0.5]
      [GC Worker Total (ms): Min: 151.6, Avg: 151.7, Max: 151.7, Diff: 0.0, Sum: 303.3]
      [GC Worker End (ms): Min: 59894842.8, Avg: 59894842.8, Max: 59894842.8, Diff: 0.0]
   [Code Root Fixup: 0.4 ms]
   [Code Root Migration: 0.1 ms]
   [Clear CT: 0.7 ms]
   [Other: 9.0 ms]
      [Choose CSet: 0.0 ms]
      [Ref Proc: 4.9 ms]
      [Ref Enq: 0.4 ms]
      [Free CSet: 1.5 ms]
   [Eden: 574.0M(478.0M)->0.0B(1388.0M) Survivors: 42.0M->40.0M Heap: 2296.9M(4096.0M)->1730.0M(4096.0M)]
 [Times: user=0.32 sys=0.00, real=0.17 secs] 
2016-08-31T06:15:54.522+0200: 60004.657: [GC pause (young), 0.1652310 secs]
   [Parallel Time: 153.3 ms, GC Workers: 2]
      [GC Worker Start (ms): Min: 60004659.7, Avg: 60004659.7, Max: 60004659.7, Diff: 0.0]
      [Ext Root Scanning (ms): Min: 49.5, Avg: 50.1, Max: 50.7, Diff: 1.2, Sum: 100.1]
      [Update RS (ms): Min: 30.6, Avg: 31.3, Max: 31.9, Diff: 1.3, Sum: 62.5]
         [Processed Buffers: Min: 208, Avg: 226.0, Max: 244, Diff: 36, Sum: 452]
      [Scan RS (ms): Min: 16.7, Avg: 17.2, Max: 17.7, Diff: 1.0, Sum: 34.4]
      [Code Root Scanning (ms): Min: 0.2, Avg: 0.2, Max: 0.3, Diff: 0.1, Sum: 0.4]
      [Object Copy (ms): Min: 53.7, Avg: 54.4, Max: 55.1, Diff: 1.4, Sum: 108.7]
      [Termination (ms): Min: 0.0, Avg: 0.0, Max: 0.0, Diff: 0.0, Sum: 0.0]
      [GC Worker Other (ms): Min: 0.1, Avg: 0.1, Max: 0.2, Diff: 0.0, Sum: 0.3]
      [GC Worker Total (ms): Min: 153.2, Avg: 153.3, Max: 153.3, Diff: 0.1, Sum: 306.5]
      [GC Worker End (ms): Min: 60004812.9, Avg: 60004813.0, Max: 60004813.0, Diff: 0.0]
   [Code Root Fixup: 0.5 ms]
   [Code Root Migration: 0.1 ms]
   [Clear CT: 0.7 ms]
   [Other: 10.6 ms]
      [Choose CSet: 0.0 ms]
      [Ref Proc: 4.9 ms]
      [Ref Enq: 0.4 ms]
      [Free CSet: 1.7 ms]
   [Eden: 662.0M(662.0M)->0.0B(1422.0M) Survivors: 40.0M->40.0M Heap: 2392.0M(4096.0M)->1730.0M(4096.0M)]
 [Times: user=0.32 sys=0.00, real=0.17 secs] 
2016-08-31T06:17:31.057+0200: 60101.191: [GC pause (young), 0.1719330 secs]
   [Parallel Time: 160.6 ms, GC Workers: 2]
      [GC Worker Start (ms): Min: 60101192.7, Avg: 60101192.8, Max: 60101192.8, Diff: 0.0]
      [Ext Root Scanning (ms): Min: 49.6, Avg: 49.9, Max: 50.1, Diff: 0.5, Sum: 99.8]
      [Update RS (ms): Min: 31.6, Avg: 32.3, Max: 33.0, Diff: 1.4, Sum: 64.6]
         [Processed Buffers: Min: 217, Avg: 233.0, Max: 249, Diff: 32, Sum: 466]
      [Scan RS (ms): Min: 18.0, Avg: 18.6, Max: 19.2, Diff: 1.2, Sum: 37.1]
      [Code Root Scanning (ms): Min: 0.2, Avg: 0.2, Max: 0.3, Diff: 0.1, Sum: 0.4]
      [Object Copy (ms): Min: 59.2, Avg: 59.4, Max: 59.6, Diff: 0.4, Sum: 118.8]
      [Termination (ms): Min: 0.0, Avg: 0.0, Max: 0.0, Diff: 0.0, Sum: 0.0]
      [GC Worker Other (ms): Min: 0.1, Avg: 0.1, Max: 0.1, Diff: 0.0, Sum: 0.3]
      [GC Worker Total (ms): Min: 160.5, Avg: 160.5, Max: 160.5, Diff: 0.0, Sum: 321.0]
      [GC Worker End (ms): Min: 60101353.3, Avg: 60101353.3, Max: 60101353.3, Diff: 0.0]
   [Code Root Fixup: 0.4 ms]
   [Code Root Migration: 0.1 ms]
   [Clear CT: 0.7 ms]
   [Other: 10.1 ms]
      [Choose CSet: 0.0 ms]
      [Ref Proc: 5.7 ms]
      [Ref Enq: 0.8 ms]
      [Free CSet: 1.6 ms]
   [Eden: 666.0M(666.0M)->0.0B(1292.0M) Survivors: 40.0M->50.0M Heap: 2396.0M(4096.0M)->1740.0M(4096.0M)]
 [Times: user=0.33 sys=0.00, real=0.18 secs] 
2016-08-31T06:18:42.554+0200: 60172.689: [GC pause (young), 0.1870580 secs]
   [Parallel Time: 177.9 ms, GC Workers: 2]
      [GC Worker Start (ms): Min: 60172690.0, Avg: 60172691.4, Max: 60172692.8, Diff: 2.8]
      [Ext Root Scanning (ms): Min: 50.2, Avg: 50.6, Max: 51.0, Diff: 0.8, Sum: 101.1]
      [Update RS (ms): Min: 29.0, Avg: 30.5, Max: 32.1, Diff: 3.1, Sum: 61.1]
         [Processed Buffers: Min: 252, Avg: 285.0, Max: 318, Diff: 66, Sum: 570]
      [Scan RS (ms): Min: 22.1, Avg: 22.3, Max: 22.5, Diff: 0.4, Sum: 44.6]
      [Code Root Scanning (ms): Min: 0.2, Avg: 0.3, Max: 0.3, Diff: 0.1, Sum: 0.5]
      [Object Copy (ms): Min: 72.3, Avg: 72.7, Max: 73.1, Diff: 0.8, Sum: 145.4]
      [Termination (ms): Min: 0.0, Avg: 0.0, Max: 0.0, Diff: 0.0, Sum: 0.0]
      [GC Worker Other (ms): Min: 0.1, Avg: 0.1, Max: 0.1, Diff: 0.0, Sum: 0.3]
      [GC Worker Total (ms): Min: 175.1, Avg: 176.5, Max: 177.9, Diff: 2.8, Sum: 352.9]
      [GC Worker End (ms): Min: 60172867.8, Avg: 60172867.8, Max: 60172867.8, Diff: 0.0]
   [Code Root Fixup: 0.3 ms]
   [Code Root Migration: 0.1 ms]
   [Clear CT: 0.6 ms]
   [Other: 8.2 ms]
      [Choose CSet: 0.0 ms]
      [Ref Proc: 4.0 ms]
      [Ref Enq: 0.2 ms]
      [Free CSet: 1.4 ms]
   [Eden: 598.0M(598.0M)->0.0B(854.0M) Survivors: 50.0M->60.0M Heap: 2338.0M(4096.0M)->1759.9M(4096.0M)]
 [Times: user=0.36 sys=0.00, real=0.19 secs] 
2016-08-31T06:20:03.297+0200: 60253.432: [GC pause (young), 0.1775650 secs]
   [Parallel Time: 164.1 ms, GC Workers: 2]
      [GC Worker Start (ms): Min: 60253433.1, Avg: 60253433.2, Max: 60253433.2, Diff: 0.0]
      [Ext Root Scanning (ms): Min: 51.0, Avg: 51.1, Max: 51.2, Diff: 0.1, Sum: 102.2]
      [Update RS (ms): Min: 27.4, Avg: 28.1, Max: 28.7, Diff: 1.3, Sum: 56.1]
         [Processed Buffers: Min: 237, Avg: 242.0, Max: 247, Diff: 10, Sum: 484]
      [Scan RS (ms): Min: 17.8, Avg: 18.3, Max: 18.7, Diff: 0.9, Sum: 36.5]
      [Code Root Scanning (ms): Min: 0.2, Avg: 0.2, Max: 0.3, Diff: 0.1, Sum: 0.5]
      [Object Copy (ms): Min: 66.1, Avg: 66.2, Max: 66.4, Diff: 0.3, Sum: 132.4]
      [Termination (ms): Min: 0.0, Avg: 0.0, Max: 0.0, Diff: 0.0, Sum: 0.0]
      [GC Worker Other (ms): Min: 0.2, Avg: 0.2, Max: 0.2, Diff: 0.0, Sum: 0.3]
      [GC Worker Total (ms): Min: 164.0, Avg: 164.1, Max: 164.1, Diff: 0.0, Sum: 328.1]
      [GC Worker End (ms): Min: 60253597.2, Avg: 60253597.2, Max: 60253597.2, Diff: 0.0]
   [Code Root Fixup: 0.5 ms]
   [Code Root Migration: 0.1 ms]
   [Clear CT: 0.7 ms]
   [Other: 12.1 ms]
      [Choose CSet: 0.0 ms]
      [Ref Proc: 6.7 ms]
      [Ref Enq: 0.5 ms]
      [Free CSet: 1.8 ms]
   [Eden: 638.0M(392.0M)->0.0B(1536.0M) Survivors: 60.0M->26.0M Heap: 2397.9M(4096.0M)->1760.0M(4096.0M)]
 [Times: user=0.35 sys=0.00, real=0.18 secs] 
2016-08-31T06:22:17.467+0200: 60387.602: [GC pause (young), 0.1726090 secs]
   [Parallel Time: 160.7 ms, GC Workers: 2]
      [GC Worker Start (ms): Min: 60387603.1, Avg: 60387604.5, Max: 60387606.0, Diff: 2.9]
      [Ext Root Scanning (ms): Min: 53.5, Avg: 57.3, Max: 61.1, Diff: 7.6, Sum: 114.6]
      [Update RS (ms): Min: 36.8, Avg: 41.9, Max: 47.0, Diff: 10.1, Sum: 83.8]
         [Processed Buffers: Min: 232, Avg: 281.5, Max: 331, Diff: 99, Sum: 563]
      [Scan RS (ms): Min: 15.1, Avg: 15.5, Max: 15.8, Diff: 0.7, Sum: 31.0]
      [Code Root Scanning (ms): Min: 0.3, Avg: 0.4, Max: 0.4, Diff: 0.0, Sum: 0.7]
      [Object Copy (ms): Min: 43.5, Avg: 44.0, Max: 44.6, Diff: 1.1, Sum: 88.1]
      [Termination (ms): Min: 0.0, Avg: 0.0, Max: 0.0, Diff: 0.0, Sum: 0.0]
      [GC Worker Other (ms): Min: 0.1, Avg: 0.1, Max: 0.1, Diff: 0.0, Sum: 0.3]
      [GC Worker Total (ms): Min: 157.8, Avg: 159.2, Max: 160.7, Diff: 2.9, Sum: 318.5]
      [GC Worker End (ms): Min: 60387763.8, Avg: 60387763.8, Max: 60387763.8, Diff: 0.0]
   [Code Root Fixup: 0.3 ms]
   [Code Root Migration: 0.1 ms]
   [Clear CT: 0.6 ms]
   [Other: 10.9 ms]
      [Choose CSet: 0.0 ms]
      [Ref Proc: 6.2 ms]
      [Ref Enq: 0.4 ms]
      [Free CSet: 2.0 ms]
   [Eden: 1090.0M(1090.0M)->0.0B(940.0M) Survivors: 26.0M->42.0M Heap: 2850.0M(4096.0M)->1775.0M(4096.0M)]
 [Times: user=0.32 sys=0.00, real=0.17 secs] 
2016-08-31T06:24:19.549+0200: 60509.684: [GC pause (young), 0.1871700 secs]
   [Parallel Time: 176.0 ms, GC Workers: 2]
      [GC Worker Start (ms): Min: 60509685.4, Avg: 60509685.4, Max: 60509685.5, Diff: 0.0]
      [Ext Root Scanning (ms): Min: 53.4, Avg: 54.1, Max: 54.7, Diff: 1.3, Sum: 108.1]
      [Update RS (ms): Min: 40.5, Avg: 42.0, Max: 43.4, Diff: 2.9, Sum: 83.9]
         [Processed Buffers: Min: 279, Avg: 287.0, Max: 295, Diff: 16, Sum: 574]
      [Scan RS (ms): Min: 18.5, Avg: 18.5, Max: 18.5, Diff: 0.0, Sum: 37.0]
      [Code Root Scanning (ms): Min: 0.3, Avg: 0.3, Max: 0.3, Diff: 0.0, Sum: 0.6]
      [Object Copy (ms): Min: 60.1, Avg: 60.9, Max: 61.6, Diff: 1.5, Sum: 121.8]
      [Termination (ms): Min: 0.0, Avg: 0.0, Max: 0.0, Diff: 0.0, Sum: 0.0]
      [GC Worker Other (ms): Min: 0.1, Avg: 0.2, Max: 0.2, Diff: 0.0, Sum: 0.3]
      [GC Worker Total (ms): Min: 175.8, Avg: 175.9, Max: 175.9, Diff: 0.0, Sum: 351.7]
      [GC Worker End (ms): Min: 60509861.3, Avg: 60509861.3, Max: 60509861.3, Diff: 0.0]
   [Code Root Fixup: 0.3 ms]
   [Code Root Migration: 0.1 ms]
   [Clear CT: 0.6 ms]
   [Other: 10.2 ms]
      [Choose CSet: 0.0 ms]
      [Ref Proc: 5.5 ms]
      [Ref Enq: 0.3 ms]
      [Free CSet: 1.8 ms]
   [Eden: 888.0M(492.0M)->0.0B(758.0M) Survivors: 42.0M->50.0M Heap: 2663.0M(4096.0M)->1790.0M(4096.0M)]
 [Times: user=0.37 sys=0.00, real=0.19 secs] 
2016-08-31T06:25:54.761+0200: 60604.896: [GC pause (young), 0.1698630 secs]
   [Parallel Time: 157.0 ms, GC Workers: 2]
      [GC Worker Start (ms): Min: 60604896.9, Avg: 60604897.0, Max: 60604897.0, Diff: 0.0]
      [Ext Root Scanning (ms): Min: 49.2, Avg: 49.7, Max: 50.1, Diff: 0.8, Sum: 99.3]
      [Update RS (ms): Min: 31.5, Avg: 32.8, Max: 34.0, Diff: 2.6, Sum: 65.5]
         [Processed Buffers: Min: 209, Avg: 236.0, Max: 263, Diff: 54, Sum: 472]
      [Scan RS (ms): Min: 16.8, Avg: 17.5, Max: 18.2, Diff: 1.4, Sum: 35.0]
      [Code Root Scanning (ms): Min: 0.2, Avg: 0.3, Max: 0.3, Diff: 0.1, Sum: 0.5]
      [Object Copy (ms): Min: 56.5, Avg: 56.6, Max: 56.8, Diff: 0.3, Sum: 113.2]
      [Termination (ms): Min: 0.0, Avg: 0.0, Max: 0.0, Diff: 0.0, Sum: 0.0]
      [GC Worker Other (ms): Min: 0.1, Avg: 0.2, Max: 0.2, Diff: 0.0, Sum: 0.3]
      [GC Worker Total (ms): Min: 156.9, Avg: 157.0, Max: 157.0, Diff: 0.0, Sum: 313.9]
      [GC Worker End (ms): Min: 60605053.9, Avg: 60605053.9, Max: 60605053.9, Diff: 0.0]
   [Code Root Fixup: 0.4 ms]
   [Code Root Migration: 0.1 ms]
   [Clear CT: 0.8 ms]
   [Other: 11.5 ms]
      [Choose CSet: 0.0 ms]
      [Ref Proc: 6.9 ms]
      [Ref Enq: 0.5 ms]
      [Free CSet: 2.0 ms]
   [Eden: 758.0M(758.0M)->0.0B(898.0M) Survivors: 50.0M->48.0M Heap: 2548.0M(4096.0M)->1787.0M(4096.0M)]
 [Times: user=0.32 sys=0.00, real=0.17 secs] 
2016-08-31T06:27:21.978+0200: 60692.113: [GC pause (young), 0.1822370 secs]
   [Parallel Time: 170.1 ms, GC Workers: 2]
      [GC Worker Start (ms): Min: 60692113.8, Avg: 60692113.8, Max: 60692113.8, Diff: 0.0]
      [Ext Root Scanning (ms): Min: 48.5, Avg: 49.2, Max: 50.0, Diff: 1.5, Sum: 98.5]
      [Update RS (ms): Min: 30.6, Avg: 30.9, Max: 31.1, Diff: 0.6, Sum: 61.7]
         [Processed Buffers: Min: 247, Avg: 253.5, Max: 260, Diff: 13, Sum: 507]
      [Scan RS (ms): Min: 19.1, Avg: 19.2, Max: 19.3, Diff: 0.2, Sum: 38.4]
      [Code Root Scanning (ms): Min: 0.2, Avg: 0.2, Max: 0.3, Diff: 0.1, Sum: 0.5]
      [Object Copy (ms): Min: 69.8, Avg: 70.3, Max: 70.8, Diff: 1.0, Sum: 140.7]
      [Termination (ms): Min: 0.0, Avg: 0.0, Max: 0.0, Diff: 0.0, Sum: 0.0]
      [GC Worker Other (ms): Min: 0.1, Avg: 0.1, Max: 0.2, Diff: 0.0, Sum: 0.3]
      [GC Worker Total (ms): Min: 170.0, Avg: 170.0, Max: 170.0, Diff: 0.0, Sum: 340.0]
      [GC Worker End (ms): Min: 60692283.8, Avg: 60692283.9, Max: 60692283.9, Diff: 0.0]
   [Code Root Fixup: 0.4 ms]
   [Code Root Migration: 0.1 ms]
   [Clear CT: 0.7 ms]
   [Other: 10.9 ms]
      [Choose CSet: 0.0 ms]
      [Ref Proc: 6.0 ms]
      [Ref Enq: 0.5 ms]
      [Free CSet: 1.9 ms]
   [Eden: 712.0M(446.0M)->0.0B(754.0M) Survivors: 48.0M->50.0M Heap: 2499.0M(4096.0M)->1809.6M(4096.0M)]
 [Times: user=0.35 sys=0.00, real=0.18 secs] 
2016-08-31T06:28:52.811+0200: 60782.945: [GC pause (young), 0.1679430 secs]
   [Parallel Time: 157.9 ms, GC Workers: 2]
      [GC Worker Start (ms): Min: 60782946.4, Avg: 60782947.8, Max: 60782949.3, Diff: 2.9]
      [Ext Root Scanning (ms): Min: 53.9, Avg: 54.5, Max: 55.0, Diff: 1.2, Sum: 108.9]
      [Update RS (ms): Min: 29.0, Avg: 33.0, Max: 37.0, Diff: 8.0, Sum: 65.9]
         [Processed Buffers: Min: 240, Avg: 247.0, Max: 254, Diff: 14, Sum: 494]
      [Scan RS (ms): Min: 16.5, Avg: 16.9, Max: 17.3, Diff: 0.8, Sum: 33.7]
      [Code Root Scanning (ms): Min: 0.3, Avg: 0.3, Max: 0.3, Diff: 0.1, Sum: 0.6]
      [Object Copy (ms): Min: 48.9, Avg: 51.7, Max: 54.5, Diff: 5.6, Sum: 103.5]
      [Termination (ms): Min: 0.0, Avg: 0.0, Max: 0.0, Diff: 0.0, Sum: 0.0]
      [GC Worker Other (ms): Min: 0.1, Avg: 0.1, Max: 0.2, Diff: 0.0, Sum: 0.3]
      [GC Worker Total (ms): Min: 155.0, Avg: 156.4, Max: 157.9, Diff: 2.9, Sum: 312.9]
      [GC Worker End (ms): Min: 60783104.3, Avg: 60783104.3, Max: 60783104.3, Diff: 0.0]
   [Code Root Fixup: 0.3 ms]
   [Code Root Migration: 0.1 ms]
   [Clear CT: 0.6 ms]
   [Other: 9.0 ms]
      [Choose CSet: 0.0 ms]
      [Ref Proc: 5.1 ms]
      [Ref Enq: 0.3 ms]
      [Free CSet: 1.7 ms]
   [Eden: 754.0M(754.0M)->0.0B(952.0M) Survivors: 50.0M->46.0M Heap: 2563.6M(4096.0M)->1805.6M(4096.0M)]
 [Times: user=0.31 sys=0.00, real=0.17 secs] 
2016-08-31T06:30:38.406+0200: 60888.541: [GC pause (young), 0.2172620 secs]
   [Parallel Time: 208.0 ms, GC Workers: 2]
      [GC Worker Start (ms): Min: 60888542.0, Avg: 60888542.0, Max: 60888542.0, Diff: 0.0]
      [Ext Root Scanning (ms): Min: 51.3, Avg: 59.2, Max: 67.0, Diff: 15.7, Sum: 118.3]
      [Update RS (ms): Min: 51.8, Avg: 63.4, Max: 74.9, Diff: 23.0, Sum: 126.7]
         [Processed Buffers: Min: 197, Avg: 237.0, Max: 277, Diff: 80, Sum: 474]
      [Scan RS (ms): Min: 16.5, Avg: 21.3, Max: 26.1, Diff: 9.7, Sum: 42.6]
      [Code Root Scanning (ms): Min: 0.4, Avg: 3.1, Max: 5.7, Diff: 5.2, Sum: 6.1]
      [Object Copy (ms): Min: 59.2, Avg: 60.2, Max: 61.3, Diff: 2.1, Sum: 120.4]
      [Termination (ms): Min: 0.0, Avg: 0.6, Max: 1.2, Diff: 1.2, Sum: 1.2]
      [GC Worker Other (ms): Min: 0.1, Avg: 0.3, Max: 0.4, Diff: 0.3, Sum: 0.6]
      [GC Worker Total (ms): Min: 207.9, Avg: 208.0, Max: 208.0, Diff: 0.0, Sum: 415.9]
      [GC Worker End (ms): Min: 60888750.0, Avg: 60888750.0, Max: 60888750.0, Diff: 0.0]
   [Code Root Fixup: 0.3 ms]
   [Code Root Migration: 0.1 ms]
   [Clear CT: 0.5 ms]
   [Other: 8.3 ms]
      [Choose CSet: 0.0 ms]
      [Ref Proc: 4.6 ms]
      [Ref Enq: 0.3 ms]
      [Free CSet: 1.6 ms]
   [Eden: 784.0M(514.0M)->0.0B(468.0M) Survivors: 46.0M->38.0M Heap: 2589.6M(4096.0M)->1806.0M(4096.0M)]
 [Times: user=0.31 sys=0.00, real=0.22 secs] 
2016-08-31T06:31:39.236+0200: 60949.370: [GC pause (young), 0.1645060 secs]
   [Parallel Time: 155.2 ms, GC Workers: 2]
      [GC Worker Start (ms): Min: 60949371.5, Avg: 60949371.5, Max: 60949371.5, Diff: 0.0]
      [Ext Root Scanning (ms): Min: 50.3, Avg: 50.9, Max: 51.5, Diff: 1.2, Sum: 101.8]
      [Update RS (ms): Min: 30.9, Avg: 31.6, Max: 32.3, Diff: 1.5, Sum: 63.2]
         [Processed Buffers: Min: 227, Avg: 237.5, Max: 248, Diff: 21, Sum: 475]
      [Scan RS (ms): Min: 16.7, Avg: 16.9, Max: 17.2, Diff: 0.5, Sum: 33.9]
      [Code Root Scanning (ms): Min: 0.1, Avg: 0.2, Max: 0.2, Diff: 0.0, Sum: 0.3]
      [Object Copy (ms): Min: 55.0, Avg: 55.3, Max: 55.7, Diff: 0.7, Sum: 110.6]
      [Termination (ms): Min: 0.0, Avg: 0.0, Max: 0.0, Diff: 0.0, Sum: 0.0]
      [GC Worker Other (ms): Min: 0.1, Avg: 0.1, Max: 0.1, Diff: 0.0, Sum: 0.3]
      [GC Worker Total (ms): Min: 155.1, Avg: 155.1, Max: 155.1, Diff: 0.0, Sum: 310.1]
      [GC Worker End (ms): Min: 60949526.6, Avg: 60949526.6, Max: 60949526.6, Diff: 0.0]
   [Code Root Fixup: 0.4 ms]
   [Code Root Migration: 0.1 ms]
   [Clear CT: 0.7 ms]
   [Other: 8.1 ms]
      [Choose CSet: 0.0 ms]
      [Ref Proc: 4.2 ms]
      [Ref Enq: 0.3 ms]
      [Free CSet: 1.4 ms]
   [Eden: 468.0M(468.0M)->0.0B(588.0M) Survivors: 38.0M->40.0M Heap: 2274.0M(4096.0M)->1814.0M(4096.0M)]
 [Times: user=0.32 sys=0.00, real=0.17 secs] 
2016-08-31T06:32:52.534+0200: 61022.669: [GC pause (young), 0.1725790 secs]
   [Parallel Time: 162.1 ms, GC Workers: 2]
      [GC Worker Start (ms): Min: 61022670.1, Avg: 61022670.1, Max: 61022670.1, Diff: 0.0]
      [Ext Root Scanning (ms): Min: 49.7, Avg: 50.0, Max: 50.4, Diff: 0.7, Sum: 100.0]
      [Update RS (ms): Min: 31.0, Avg: 31.8, Max: 32.5, Diff: 1.5, Sum: 63.5]
         [Processed Buffers: Min: 247, Avg: 249.0, Max: 251, Diff: 4, Sum: 498]
      [Scan RS (ms): Min: 18.2, Avg: 18.2, Max: 18.3, Diff: 0.1, Sum: 36.5]
      [Code Root Scanning (ms): Min: 0.2, Avg: 0.2, Max: 0.2, Diff: 0.0, Sum: 0.5]
      [Object Copy (ms): Min: 61.3, Avg: 61.6, Max: 61.9, Diff: 0.6, Sum: 123.2]
      [Termination (ms): Min: 0.0, Avg: 0.0, Max: 0.0, Diff: 0.0, Sum: 0.0]
      [GC Worker Other (ms): Min: 0.1, Avg: 0.2, Max: 0.2, Diff: 0.0, Sum: 0.3]
      [GC Worker Total (ms): Min: 162.0, Avg: 162.0, Max: 162.0, Diff: 0.0, Sum: 324.0]
      [GC Worker End (ms): Min: 61022832.1, Avg: 61022832.1, Max: 61022832.1, Diff: 0.0]
   [Code Root Fixup: 0.4 ms]
   [Code Root Migration: 0.1 ms]
   [Clear CT: 1.6 ms]
   [Other: 8.4 ms]
      [Choose CSet: 0.0 ms]
      [Ref Proc: 5.0 ms]
      [Ref Enq: 0.2 ms]
      [Free CSet: 1.3 ms]
   [Eden: 588.0M(588.0M)->0.0B(654.0M) Survivors: 40.0M->52.0M Heap: 2402.0M(4096.0M)->1826.0M(4096.0M)]
 [Times: user=0.33 sys=0.00, real=0.17 secs] 
2016-08-31T06:33:55.529+0200: 61085.664: [GC pause (young), 0.1648150 secs]
   [Parallel Time: 154.6 ms, GC Workers: 2]
      [GC Worker Start (ms): Min: 61085664.8, Avg: 61085664.8, Max: 61085664.8, Diff: 0.1]
      [Ext Root Scanning (ms): Min: 48.5, Avg: 48.9, Max: 49.2, Diff: 0.6, Sum: 97.7]
      [Update RS (ms): Min: 26.5, Avg: 26.6, Max: 26.8, Diff: 0.3, Sum: 53.2]
         [Processed Buffers: Min: 230, Avg: 234.5, Max: 239, Diff: 9, Sum: 469]
      [Scan RS (ms): Min: 17.6, Avg: 17.8, Max: 18.0, Diff: 0.4, Sum: 35.5]
      [Code Root Scanning (ms): Min: 0.2, Avg: 0.2, Max: 0.2, Diff: 0.0, Sum: 0.3]
      [Object Copy (ms): Min: 60.6, Avg: 60.9, Max: 61.3, Diff: 0.7, Sum: 121.8]
      [Termination (ms): Min: 0.0, Avg: 0.0, Max: 0.0, Diff: 0.0, Sum: 0.0]
      [GC Worker Other (ms): Min: 0.1, Avg: 0.1, Max: 0.1, Diff: 0.0, Sum: 0.3]
      [GC Worker Total (ms): Min: 154.4, Avg: 154.5, Max: 154.5, Diff: 0.1, Sum: 308.9]
      [GC Worker End (ms): Min: 61085819.3, Avg: 61085819.3, Max: 61085819.3, Diff: 0.0]
   [Code Root Fixup: 0.4 ms]
   [Code Root Migration: 0.1 ms]
   [Clear CT: 0.7 ms]
   [Other: 9.1 ms]
      [Choose CSet: 0.0 ms]
      [Ref Proc: 4.9 ms]
      [Ref Enq: 0.4 ms]
      [Free CSet: 1.6 ms]
   [Eden: 510.0M(316.0M)->0.0B(1588.0M) Survivors: 52.0M->22.0M Heap: 2336.0M(4096.0M)->1836.4M(4096.0M)]
 [Times: user=0.32 sys=0.00, real=0.16 secs] 
2016-08-31T06:36:20.120+0200: 61230.254: [GC pause (young), 0.1882350 secs]
   [Parallel Time: 171.3 ms, GC Workers: 2]
      [GC Worker Start (ms): Min: 61230256.3, Avg: 61230256.4, Max: 61230256.4, Diff: 0.0]
      [Ext Root Scanning (ms): Min: 50.6, Avg: 51.1, Max: 51.7, Diff: 1.1, Sum: 102.3]
      [Update RS (ms): Min: 50.4, Avg: 50.7, Max: 51.0, Diff: 0.6, Sum: 101.4]
         [Processed Buffers: Min: 287, Avg: 293.5, Max: 300, Diff: 13, Sum: 587]
      [Scan RS (ms): Min: 15.0, Avg: 15.2, Max: 15.3, Diff: 0.3, Sum: 30.4]
      [Code Root Scanning (ms): Min: 0.3, Avg: 0.4, Max: 0.4, Diff: 0.1, Sum: 0.7]
      [Object Copy (ms): Min: 53.1, Avg: 53.6, Max: 54.1, Diff: 0.9, Sum: 107.2]
      [Termination (ms): Min: 0.0, Avg: 0.0, Max: 0.0, Diff: 0.0, Sum: 0.0]
      [GC Worker Other (ms): Min: 0.1, Avg: 0.2, Max: 0.3, Diff: 0.1, Sum: 0.4]
      [GC Worker Total (ms): Min: 171.2, Avg: 171.2, Max: 171.2, Diff: 0.0, Sum: 342.4]
      [GC Worker End (ms): Min: 61230427.6, Avg: 61230427.6, Max: 61230427.6, Diff: 0.0]
   [Code Root Fixup: 0.4 ms]
   [Code Root Migration: 0.1 ms]
   [Clear CT: 0.7 ms]
   [Other: 15.8 ms]
      [Choose CSet: 0.0 ms]
      [Ref Proc: 9.6 ms]
      [Ref Enq: 0.7 ms]
      [Free CSet: 2.4 ms]
   [Eden: 1122.0M(1078.0M)->0.0B(662.0M) Survivors: 22.0M->50.0M Heap: 2958.4M(4096.0M)->1864.4M(4096.0M)]
 [Times: user=0.36 sys=0.00, real=0.18 secs] 
2016-08-31T06:37:45.149+0200: 61315.284: [GC pause (young), 0.1773580 secs]
   [Parallel Time: 166.2 ms, GC Workers: 2]
      [GC Worker Start (ms): Min: 61315285.4, Avg: 61315285.4, Max: 61315285.4, Diff: 0.0]
      [Ext Root Scanning (ms): Min: 51.5, Avg: 51.8, Max: 52.2, Diff: 0.6, Sum: 103.7]
      [Update RS (ms): Min: 37.0, Avg: 38.2, Max: 39.5, Diff: 2.5, Sum: 76.5]
         [Processed Buffers: Min: 285, Avg: 291.0, Max: 297, Diff: 12, Sum: 582]
      [Scan RS (ms): Min: 16.3, Avg: 16.9, Max: 17.5, Diff: 1.1, Sum: 33.8]
      [Code Root Scanning (ms): Min: 0.2, Avg: 0.2, Max: 0.3, Diff: 0.1, Sum: 0.4]
      [Object Copy (ms): Min: 58.0, Avg: 58.5, Max: 59.0, Diff: 1.0, Sum: 117.0]
      [Termination (ms): Min: 0.0, Avg: 0.0, Max: 0.0, Diff: 0.0, Sum: 0.0]
      [GC Worker Other (ms): Min: 0.2, Avg: 0.3, Max: 0.5, Diff: 0.3, Sum: 0.6]
      [GC Worker Total (ms): Min: 166.1, Avg: 166.1, Max: 166.1, Diff: 0.0, Sum: 332.1]
      [GC Worker End (ms): Min: 61315451.4, Avg: 61315451.4, Max: 61315451.5, Diff: 0.0]
   [Code Root Fixup: 0.4 ms]
   [Code Root Migration: 0.1 ms]
   [Clear CT: 0.6 ms]
   [Other: 10.1 ms]
      [Choose CSet: 0.0 ms]
      [Ref Proc: 5.7 ms]
      [Ref Enq: 0.2 ms]
      [Free CSet: 1.6 ms]
   [Eden: 662.0M(662.0M)->0.0B(662.0M) Survivors: 50.0M->54.0M Heap: 2526.4M(4096.0M)->1868.4M(4096.0M)]
 [Times: user=0.34 sys=0.00, real=0.18 secs] 
2016-08-31T06:39:15.467+0200: 61405.601: [GC pause (young), 0.1907990 secs]
   [Parallel Time: 178.1 ms, GC Workers: 2]
      [GC Worker Start (ms): Min: 61405603.0, Avg: 61405603.0, Max: 61405603.0, Diff: 0.0]
      [Ext Root Scanning (ms): Min: 53.4, Avg: 57.8, Max: 62.2, Diff: 8.7, Sum: 115.6]
      [Update RS (ms): Min: 30.4, Avg: 34.5, Max: 38.7, Diff: 8.4, Sum: 69.1]
         [Processed Buffers: Min: 268, Avg: 297.5, Max: 327, Diff: 59, Sum: 595]
      [Scan RS (ms): Min: 18.7, Avg: 19.0, Max: 19.3, Diff: 0.7, Sum: 38.0]
      [Code Root Scanning (ms): Min: 0.2, Avg: 0.2, Max: 0.3, Diff: 0.1, Sum: 0.5]
      [Object Copy (ms): Min: 65.8, Avg: 66.3, Max: 66.8, Diff: 1.0, Sum: 132.5]
      [Termination (ms): Min: 0.0, Avg: 0.0, Max: 0.0, Diff: 0.0, Sum: 0.0]
      [GC Worker Other (ms): Min: 0.2, Avg: 0.2, Max: 0.2, Diff: 0.0, Sum: 0.3]
      [GC Worker Total (ms): Min: 178.0, Avg: 178.0, Max: 178.0, Diff: 0.0, Sum: 356.0]
      [GC Worker End (ms): Min: 61405781.0, Avg: 61405781.0, Max: 61405781.0, Diff: 0.0]
   [Code Root Fixup: 0.6 ms]
   [Code Root Migration: 0.1 ms]
   [Clear CT: 0.7 ms]
   [Other: 11.2 ms]
      [Choose CSet: 0.0 ms]
      [Ref Proc: 5.8 ms]
      [Ref Enq: 0.5 ms]
      [Free CSet: 1.9 ms]
   [Eden: 662.0M(662.0M)->0.0B(568.0M) Survivors: 54.0M->46.0M Heap: 2530.4M(4096.0M)->1877.0M(4096.0M)]
 [Times: user=0.36 sys=0.00, real=0.19 secs] 
2016-08-31T06:40:27.530+0200: 61477.665: [GC pause (young), 0.1578840 secs]
   [Parallel Time: 147.0 ms, GC Workers: 2]
      [GC Worker Start (ms): Min: 61477665.8, Avg: 61477666.1, Max: 61477666.3, Diff: 0.5]
      [Ext Root Scanning (ms): Min: 49.5, Avg: 50.1, Max: 50.6, Diff: 1.1, Sum: 100.1]
      [Update RS (ms): Min: 30.5, Avg: 30.7, Max: 31.0, Diff: 0.5, Sum: 61.5]
         [Processed Buffers: Min: 223, Avg: 233.0, Max: 243, Diff: 20, Sum: 466]
      [Scan RS (ms): Min: 15.0, Avg: 15.6, Max: 16.1, Diff: 1.0, Sum: 31.1]
      [Code Root Scanning (ms): Min: 0.2, Avg: 0.2, Max: 0.2, Diff: 0.1, Sum: 0.4]
      [Object Copy (ms): Min: 49.5, Avg: 49.9, Max: 50.4, Diff: 1.0, Sum: 99.9]
      [Termination (ms): Min: 0.0, Avg: 0.0, Max: 0.0, Diff: 0.0, Sum: 0.0]
      [GC Worker Other (ms): Min: 0.2, Avg: 0.2, Max: 0.2, Diff: 0.0, Sum: 0.4]
      [GC Worker Total (ms): Min: 146.4, Avg: 146.7, Max: 146.9, Diff: 0.5, Sum: 293.4]
      [GC Worker End (ms): Min: 61477812.8, Avg: 61477812.8, Max: 61477812.8, Diff: 0.0]
   [Code Root Fixup: 0.5 ms]
   [Code Root Migration: 0.1 ms]
   [Clear CT: 0.6 ms]
   [Other: 9.7 ms]
      [Choose CSet: 0.0 ms]
      [Ref Proc: 5.3 ms]
      [Ref Enq: 0.4 ms]
      [Free CSet: 1.9 ms]
   [Eden: 568.0M(568.0M)->0.0B(1192.0M) Survivors: 46.0M->32.0M Heap: 2445.0M(4096.0M)->1873.0M(4096.0M)]
 [Times: user=0.31 sys=0.00, real=0.16 secs] 
2016-08-31T06:41:49.948+0200: 61560.082: [GC pause (young), 0.1712970 secs]
   [Parallel Time: 157.8 ms, GC Workers: 2]
      [GC Worker Start (ms): Min: 61560083.5, Avg: 61560083.5, Max: 61560083.5, Diff: 0.0]
      [Ext Root Scanning (ms): Min: 49.3, Avg: 49.6, Max: 49.9, Diff: 0.6, Sum: 99.1]
      [Update RS (ms): Min: 36.2, Avg: 36.6, Max: 37.0, Diff: 0.8, Sum: 73.2]
         [Processed Buffers: Min: 258, Avg: 286.0, Max: 314, Diff: 56, Sum: 572]
      [Scan RS (ms): Min: 15.7, Avg: 15.9, Max: 16.1, Diff: 0.4, Sum: 31.7]
      [Code Root Scanning (ms): Min: 0.2, Avg: 0.2, Max: 0.3, Diff: 0.1, Sum: 0.5]
      [Object Copy (ms): Min: 55.2, Avg: 55.3, Max: 55.4, Diff: 0.2, Sum: 110.6]
      [Termination (ms): Min: 0.0, Avg: 0.0, Max: 0.0, Diff: 0.0, Sum: 0.0]
      [GC Worker Other (ms): Min: 0.1, Avg: 0.1, Max: 0.2, Diff: 0.1, Sum: 0.3]
      [GC Worker Total (ms): Min: 157.7, Avg: 157.7, Max: 157.7, Diff: 0.0, Sum: 315.5]
      [GC Worker End (ms): Min: 61560241.2, Avg: 61560241.3, Max: 61560241.3, Diff: 0.0]
   [Code Root Fixup: 0.4 ms]
   [Code Root Migration: 0.1 ms]
   [Clear CT: 0.6 ms]
   [Other: 12.3 ms]
      [Choose CSet: 0.0 ms]
      [Ref Proc: 6.7 ms]
      [Ref Enq: 0.5 ms]
      [Free CSet: 2.4 ms]
   [Eden: 744.0M(602.0M)->0.0B(964.0M) Survivors: 32.0M->50.0M Heap: 2617.0M(4096.0M)->1892.0M(4096.0M)]
 [Times: user=0.33 sys=0.00, real=0.17 secs] 
2016-08-31T06:42:59.861+0200: 61629.995: [GC pause (young), 0.1653920 secs]
   [Parallel Time: 154.3 ms, GC Workers: 2]
      [GC Worker Start (ms): Min: 61629996.7, Avg: 61629996.8, Max: 61629996.8, Diff: 0.0]
      [Ext Root Scanning (ms): Min: 49.1, Avg: 49.3, Max: 49.5, Diff: 0.4, Sum: 98.6]
      [Update RS (ms): Min: 31.5, Avg: 31.5, Max: 31.5, Diff: 0.1, Sum: 63.0]
         [Processed Buffers: Min: 240, Avg: 244.5, Max: 249, Diff: 9, Sum: 489]
      [Scan RS (ms): Min: 17.1, Avg: 17.4, Max: 17.8, Diff: 0.7, Sum: 34.9]
      [Code Root Scanning (ms): Min: 0.2, Avg: 0.2, Max: 0.3, Diff: 0.1, Sum: 0.4]
      [Object Copy (ms): Min: 55.0, Avg: 55.5, Max: 56.1, Diff: 1.1, Sum: 111.0]
      [Termination (ms): Min: 0.0, Avg: 0.0, Max: 0.0, Diff: 0.0, Sum: 0.0]
      [GC Worker Other (ms): Min: 0.2, Avg: 0.2, Max: 0.2, Diff: 0.0, Sum: 0.4]
      [GC Worker Total (ms): Min: 154.2, Avg: 154.2, Max: 154.2, Diff: 0.0, Sum: 308.4]
      [GC Worker End (ms): Min: 61630150.9, Avg: 61630150.9, Max: 61630150.9, Diff: 0.0]
   [Code Root Fixup: 0.4 ms]
   [Code Root Migration: 0.1 ms]
   [Clear CT: 0.7 ms]
   [Other: 9.9 ms]
      [Choose CSet: 0.0 ms]
      [Ref Proc: 5.3 ms]
      [Ref Enq: 0.4 ms]
      [Free CSet: 1.8 ms]
   [Eden: 590.0M(478.0M)->0.0B(1446.0M) Survivors: 50.0M->34.0M Heap: 2482.0M(4096.0M)->1890.0M(4096.0M)]
 [Times: user=0.32 sys=0.00, real=0.16 secs] 
2016-08-31T06:44:17.132+0200: 61707.267: [GC pause (young) (initial-mark), 0.2036220 secs]
   [Parallel Time: 191.0 ms, GC Workers: 2]
      [GC Worker Start (ms): Min: 61707269.0, Avg: 61707269.0, Max: 61707269.0, Diff: 0.0]
      [Ext Root Scanning (ms): Min: 51.4, Avg: 52.1, Max: 52.8, Diff: 1.5, Sum: 104.2]
      [Code Root Marking (ms): Min: 13.3, Avg: 13.8, Max: 14.2, Diff: 0.8, Sum: 27.5]
      [Update RS (ms): Min: 38.4, Avg: 38.8, Max: 39.3, Diff: 1.0, Sum: 77.7]
         [Processed Buffers: Min: 286, Avg: 311.5, Max: 337, Diff: 51, Sum: 623]
      [Scan RS (ms): Min: 16.5, Avg: 16.8, Max: 17.1, Diff: 0.6, Sum: 33.6]
      [Code Root Scanning (ms): Min: 0.2, Avg: 0.3, Max: 0.3, Diff: 0.1, Sum: 0.6]
      [Object Copy (ms): Min: 68.3, Avg: 68.9, Max: 69.4, Diff: 1.1, Sum: 137.7]
      [Termination (ms): Min: 0.0, Avg: 0.0, Max: 0.0, Diff: 0.0, Sum: 0.0]
      [GC Worker Other (ms): Min: 0.1, Avg: 0.1, Max: 0.1, Diff: 0.0, Sum: 0.3]
      [GC Worker Total (ms): Min: 190.8, Avg: 190.8, Max: 190.8, Diff: 0.0, Sum: 381.6]
      [GC Worker End (ms): Min: 61707459.8, Avg: 61707459.8, Max: 61707459.8, Diff: 0.0]
   [Code Root Fixup: 0.3 ms]
   [Code Root Migration: 0.1 ms]
   [Clear CT: 0.6 ms]
   [Other: 11.7 ms]
      [Choose CSet: 0.0 ms]
      [Ref Proc: 5.7 ms]
      [Ref Enq: 0.3 ms]
      [Free CSet: 1.7 ms]
   [Eden: 828.0M(828.0M)->0.0B(560.0M) Survivors: 34.0M->64.0M Heap: 2718.0M(4096.0M)->1920.0M(4096.0M)]
 [Times: user=0.40 sys=0.00, real=0.20 secs] 
2016-08-31T06:44:17.336+0200: 61707.471: [GC concurrent-root-region-scan-start]
2016-08-31T06:44:17.371+0200: 61707.505: [GC concurrent-root-region-scan-end, 0.0342200 secs]
2016-08-31T06:44:17.371+0200: 61707.505: [GC concurrent-mark-start]
2016-08-31T06:44:17.906+0200: 61708.041: [GC concurrent-mark-end, 0.5358390 secs]
2016-08-31T06:44:17.910+0200: 61708.044: [GC remark 2016-08-31T06:44:17.910+0200: 61708.045: [GC ref-proc, 0.0842320 secs], 0.1016990 secs]
 [Times: user=0.12 sys=0.00, real=0.10 secs] 
2016-08-31T06:44:18.015+0200: 61708.150: [GC cleanup 1924M->1804M(4096M), 0.0276570 secs]
 [Times: user=0.06 sys=0.01, real=0.03 secs] 
2016-08-31T06:44:18.044+0200: 61708.178: [GC concurrent-cleanup-start]
2016-08-31T06:44:18.044+0200: 61708.178: [GC concurrent-cleanup-end, 0.0003490 secs]
2016-08-31T06:45:18.899+0200: 61769.033: [GC pause (young), 0.1783530 secs]
   [Parallel Time: 169.9 ms, GC Workers: 2]
      [GC Worker Start (ms): Min: 61769034.7, Avg: 61769034.8, Max: 61769034.8, Diff: 0.0]
      [Ext Root Scanning (ms): Min: 52.2, Avg: 52.4, Max: 52.6, Diff: 0.5, Sum: 104.8]
      [Update RS (ms): Min: 35.0, Avg: 35.3, Max: 35.6, Diff: 0.5, Sum: 70.6]
         [Processed Buffers: Min: 285, Avg: 300.5, Max: 316, Diff: 31, Sum: 601]
      [Scan RS (ms): Min: 17.4, Avg: 17.7, Max: 17.9, Diff: 0.6, Sum: 35.3]
      [Code Root Scanning (ms): Min: 0.2, Avg: 0.2, Max: 0.2, Diff: 0.0, Sum: 0.4]
      [Object Copy (ms): Min: 63.9, Avg: 64.1, Max: 64.3, Diff: 0.4, Sum: 128.2]
      [Termination (ms): Min: 0.0, Avg: 0.0, Max: 0.0, Diff: 0.0, Sum: 0.0]
      [GC Worker Other (ms): Min: 0.2, Avg: 0.2, Max: 0.2, Diff: 0.0, Sum: 0.4]
      [GC Worker Total (ms): Min: 169.8, Avg: 169.9, Max: 169.9, Diff: 0.0, Sum: 339.7]
      [GC Worker End (ms): Min: 61769204.6, Avg: 61769204.6, Max: 61769204.6, Diff: 0.0]
   [Code Root Fixup: 0.3 ms]
   [Code Root Migration: 0.1 ms]
   [Clear CT: 0.5 ms]
   [Other: 7.6 ms]
      [Choose CSet: 0.0 ms]
      [Ref Proc: 3.3 ms]
      [Ref Enq: 0.2 ms]
      [Free CSet: 1.2 ms]
   [Eden: 560.0M(560.0M)->0.0B(166.0M) Survivors: 64.0M->38.0M Heap: 2360.0M(4096.0M)->1801.0M(4096.0M)]
 [Times: user=0.35 sys=0.00, real=0.18 secs] 
2016-08-31T06:45:36.845+0200: 61786.979: [GC pause (mixed), 0.1546730 secs]
   [Parallel Time: 146.7 ms, GC Workers: 2]
      [GC Worker Start (ms): Min: 61786980.9, Avg: 61786980.9, Max: 61786980.9, Diff: 0.0]
      [Ext Root Scanning (ms): Min: 48.5, Avg: 51.4, Max: 54.3, Diff: 5.8, Sum: 102.8]
      [Update RS (ms): Min: 15.1, Avg: 17.0, Max: 18.8, Diff: 3.8, Sum: 33.9]
         [Processed Buffers: Min: 226, Avg: 230.0, Max: 234, Diff: 8, Sum: 460]
      [Scan RS (ms): Min: 43.1, Avg: 43.3, Max: 43.5, Diff: 0.4, Sum: 86.6]
      [Code Root Scanning (ms): Min: 0.1, Avg: 0.2, Max: 0.3, Diff: 0.1, Sum: 0.4]
      [Object Copy (ms): Min: 33.5, Avg: 34.8, Max: 36.0, Diff: 2.5, Sum: 69.5]
      [Termination (ms): Min: 0.0, Avg: 0.0, Max: 0.0, Diff: 0.0, Sum: 0.0]
      [GC Worker Other (ms): Min: 0.0, Avg: 0.0, Max: 0.0, Diff: 0.0, Sum: 0.1]
      [GC Worker Total (ms): Min: 146.7, Avg: 146.7, Max: 146.7, Diff: 0.0, Sum: 293.3]
      [GC Worker End (ms): Min: 61787127.6, Avg: 61787127.6, Max: 61787127.6, Diff: 0.0]
   [Code Root Fixup: 0.4 ms]
   [Code Root Migration: 0.1 ms]
   [Clear CT: 0.8 ms]
   [Other: 6.6 ms]
      [Choose CSet: 0.6 ms]
      [Ref Proc: 1.6 ms]
      [Ref Enq: 0.1 ms]
      [Free CSet: 2.5 ms]
   [Eden: 166.0M(166.0M)->0.0B(194.0M) Survivors: 38.0M->10.0M Heap: 1967.0M(4096.0M)->1480.0M(4096.0M)]
 [Times: user=0.29 sys=0.00, real=0.15 secs] 
2016-08-31T06:45:51.050+0200: 61801.184: [GC pause (mixed), 0.1613340 secs]
   [Parallel Time: 154.0 ms, GC Workers: 2]
      [GC Worker Start (ms): Min: 61801186.5, Avg: 61801186.6, Max: 61801186.6, Diff: 0.0]
      [Ext Root Scanning (ms): Min: 50.3, Avg: 50.5, Max: 50.7, Diff: 0.4, Sum: 101.1]
      [Update RS (ms): Min: 26.4, Avg: 26.6, Max: 26.8, Diff: 0.4, Sum: 53.2]
         [Processed Buffers: Min: 323, Avg: 344.0, Max: 365, Diff: 42, Sum: 688]
      [Scan RS (ms): Min: 45.0, Avg: 45.4, Max: 45.8, Diff: 0.8, Sum: 90.8]
      [Code Root Scanning (ms): Min: 0.1, Avg: 0.1, Max: 0.2, Diff: 0.1, Sum: 0.3]
      [Object Copy (ms): Min: 31.1, Avg: 31.2, Max: 31.2, Diff: 0.1, Sum: 62.3]
      [Termination (ms): Min: 0.0, Avg: 0.0, Max: 0.0, Diff: 0.0, Sum: 0.0]
      [GC Worker Other (ms): Min: 0.1, Avg: 0.1, Max: 0.1, Diff: 0.0, Sum: 0.1]
      [GC Worker Total (ms): Min: 153.9, Avg: 153.9, Max: 153.9, Diff: 0.0, Sum: 307.8]
      [GC Worker End (ms): Min: 61801340.5, Avg: 61801340.5, Max: 61801340.5, Diff: 0.0]
   [Code Root Fixup: 0.3 ms]
   [Code Root Migration: 0.1 ms]
   [Clear CT: 0.6 ms]
   [Other: 6.3 ms]
      [Choose CSet: 0.8 ms]
      [Ref Proc: 1.5 ms]
      [Ref Enq: 0.1 ms]
      [Free CSet: 1.6 ms]
   [Eden: 194.0M(194.0M)->0.0B(178.0M) Survivors: 10.0M->26.0M Heap: 1674.0M(4096.0M)->1289.0M(4096.0M)]
 [Times: user=0.31 sys=0.00, real=0.16 secs] 
2016-08-31T06:46:09.821+0200: 61819.956: [GC pause (mixed), 0.1671970 secs]
   [Parallel Time: 158.6 ms, GC Workers: 2]
      [GC Worker Start (ms): Min: 61819957.6, Avg: 61819957.6, Max: 61819957.6, Diff: 0.0]
      [Ext Root Scanning (ms): Min: 48.6, Avg: 48.8, Max: 49.0, Diff: 0.5, Sum: 97.6]
      [Update RS (ms): Min: 22.7, Avg: 23.0, Max: 23.4, Diff: 0.7, Sum: 46.0]
         [Processed Buffers: Min: 259, Avg: 260.5, Max: 262, Diff: 3, Sum: 521]
      [Scan RS (ms): Min: 46.7, Avg: 47.0, Max: 47.2, Diff: 0.5, Sum: 94.0]
      [Code Root Scanning (ms): Min: 0.1, Avg: 0.1, Max: 0.2, Diff: 0.1, Sum: 0.3]
      [Object Copy (ms): Min: 39.4, Avg: 39.5, Max: 39.6, Diff: 0.3, Sum: 79.0]
      [Termination (ms): Min: 0.0, Avg: 0.0, Max: 0.0, Diff: 0.0, Sum: 0.0]
      [GC Worker Other (ms): Min: 0.1, Avg: 0.1, Max: 0.2, Diff: 0.1, Sum: 0.2]
      [GC Worker Total (ms): Min: 158.5, Avg: 158.5, Max: 158.6, Diff: 0.0, Sum: 317.1]
      [GC Worker End (ms): Min: 61820116.2, Avg: 61820116.2, Max: 61820116.2, Diff: 0.0]
   [Code Root Fixup: 0.4 ms]
   [Code Root Migration: 0.1 ms]
   [Clear CT: 0.9 ms]
   [Other: 7.2 ms]
      [Choose CSet: 0.8 ms]
      [Ref Proc: 1.8 ms]
      [Ref Enq: 0.1 ms]
      [Free CSet: 2.0 ms]
   [Eden: 178.0M(178.0M)->0.0B(188.0M) Survivors: 26.0M->16.0M Heap: 1467.0M(4096.0M)->1097.0M(4096.0M)]
 [Times: user=0.33 sys=0.00, real=0.16 secs] 
2016-08-31T06:46:30.494+0200: 61840.628: [GC pause (mixed), 0.1629580 secs]
   [Parallel Time: 155.1 ms, GC Workers: 2]
      [GC Worker Start (ms): Min: 61840630.4, Avg: 61840630.4, Max: 61840630.4, Diff: 0.0]
      [Ext Root Scanning (ms): Min: 52.9, Avg: 56.1, Max: 59.2, Diff: 6.3, Sum: 112.1]
      [Update RS (ms): Min: 19.4, Avg: 22.0, Max: 24.6, Diff: 5.2, Sum: 44.0]
         [Processed Buffers: Min: 232, Avg: 234.5, Max: 237, Diff: 5, Sum: 469]
      [Scan RS (ms): Min: 45.6, Avg: 45.7, Max: 45.7, Diff: 0.1, Sum: 91.3]
      [Code Root Scanning (ms): Min: 0.1, Avg: 0.1, Max: 0.2, Diff: 0.1, Sum: 0.3]
      [Object Copy (ms): Min: 30.5, Avg: 31.0, Max: 31.6, Diff: 1.2, Sum: 62.1]
      [Termination (ms): Min: 0.0, Avg: 0.0, Max: 0.0, Diff: 0.0, Sum: 0.0]
      [GC Worker Other (ms): Min: 0.1, Avg: 0.1, Max: 0.1, Diff: 0.1, Sum: 0.2]
      [GC Worker Total (ms): Min: 155.0, Avg: 155.0, Max: 155.0, Diff: 0.0, Sum: 310.1]
      [GC Worker End (ms): Min: 61840785.4, Avg: 61840785.4, Max: 61840785.4, Diff: 0.0]
   [Code Root Fixup: 0.4 ms]
   [Code Root Migration: 0.1 ms]
   [Clear CT: 0.9 ms]
   [Other: 6.5 ms]
      [Choose CSet: 0.9 ms]
      [Ref Proc: 1.4 ms]
      [Ref Enq: 0.1 ms]
      [Free CSet: 2.2 ms]
   [Eden: 188.0M(188.0M)->0.0B(190.0M) Survivors: 16.0M->14.0M Heap: 1285.0M(4096.0M)->902.0M(4096.0M)]
 [Times: user=0.30 sys=0.00, real=0.16 secs] 
2016-08-31T06:46:50.557+0200: 61860.691: [GC pause (mixed), 0.1537420 secs]
   [Parallel Time: 147.2 ms, GC Workers: 2]
      [GC Worker Start (ms): Min: 61860692.9, Avg: 61860693.0, Max: 61860693.0, Diff: 0.0]
      [Ext Root Scanning (ms): Min: 51.0, Avg: 51.3, Max: 51.5, Diff: 0.5, Sum: 102.5]
      [Update RS (ms): Min: 22.2, Avg: 22.5, Max: 22.8, Diff: 0.6, Sum: 45.0]
         [Processed Buffers: Min: 302, Avg: 305.0, Max: 308, Diff: 6, Sum: 610]
      [Scan RS (ms): Min: 36.2, Avg: 36.6, Max: 36.9, Diff: 0.7, Sum: 73.2]
      [Code Root Scanning (ms): Min: 0.1, Avg: 0.1, Max: 0.2, Diff: 0.1, Sum: 0.2]
      [Object Copy (ms): Min: 36.2, Avg: 36.5, Max: 36.9, Diff: 0.7, Sum: 73.1]
      [Termination (ms): Min: 0.0, Avg: 0.0, Max: 0.0, Diff: 0.0, Sum: 0.0]
      [GC Worker Other (ms): Min: 0.0, Avg: 0.1, Max: 0.1, Diff: 0.1, Sum: 0.2]
      [GC Worker Total (ms): Min: 147.1, Avg: 147.1, Max: 147.1, Diff: 0.0, Sum: 294.2]
      [GC Worker End (ms): Min: 61860840.0, Avg: 61860840.0, Max: 61860840.0, Diff: 0.0]
   [Code Root Fixup: 0.3 ms]
   [Code Root Migration: 0.1 ms]
   [Clear CT: 0.7 ms]
   [Other: 5.4 ms]
      [Choose CSet: 0.6 ms]
      [Ref Proc: 1.2 ms]
      [Ref Enq: 0.1 ms]
      [Free CSet: 1.2 ms]
   [Eden: 190.0M(190.0M)->0.0B(178.0M) Survivors: 14.0M->26.0M Heap: 1092.0M(4096.0M)->811.0M(4096.0M)]
 [Times: user=0.30 sys=0.00, real=0.15 secs] 
2016-08-31T06:47:10.539+0200: 61880.673: [GC pause (young), 0.1224600 secs]
   [Parallel Time: 116.7 ms, GC Workers: 2]
      [GC Worker Start (ms): Min: 61880674.2, Avg: 61880674.3, Max: 61880674.3, Diff: 0.0]
      [Ext Root Scanning (ms): Min: 48.8, Avg: 49.3, Max: 49.7, Diff: 0.9, Sum: 98.5]
      [Update RS (ms): Min: 21.5, Avg: 21.5, Max: 21.6, Diff: 0.1, Sum: 43.0]
         [Processed Buffers: Min: 227, Avg: 246.5, Max: 266, Diff: 39, Sum: 493]
      [Scan RS (ms): Min: 8.7, Avg: 8.8, Max: 8.8, Diff: 0.0, Sum: 17.5]
      [Code Root Scanning (ms): Min: 0.0, Avg: 0.1, Max: 0.1, Diff: 0.0, Sum: 0.1]
      [Object Copy (ms): Min: 36.3, Avg: 36.9, Max: 37.4, Diff: 1.1, Sum: 73.7]
      [Termination (ms): Min: 0.0, Avg: 0.0, Max: 0.0, Diff: 0.0, Sum: 0.0]
      [GC Worker Other (ms): Min: 0.1, Avg: 0.1, Max: 0.2, Diff: 0.1, Sum: 0.2]
      [GC Worker Total (ms): Min: 116.5, Avg: 116.6, Max: 116.6, Diff: 0.0, Sum: 233.1]
      [GC Worker End (ms): Min: 61880790.8, Avg: 61880790.8, Max: 61880790.8, Diff: 0.0]
   [Code Root Fixup: 0.6 ms]
   [Code Root Migration: 0.0 ms]
   [Clear CT: 0.4 ms]
   [Other: 4.7 ms]
      [Choose CSet: 0.0 ms]
      [Ref Proc: 1.7 ms]
      [Ref Enq: 0.1 ms]
      [Free CSet: 0.7 ms]
   [Eden: 178.0M(178.0M)->0.0B(190.0M) Survivors: 26.0M->14.0M Heap: 989.0M(4096.0M)->824.0M(4096.0M)]
 [Times: user=0.24 sys=0.00, real=0.12 secs] 
2016-08-31T06:47:29.105+0200: 61899.239: [GC pause (young), 0.1485680 secs]
   [Parallel Time: 143.4 ms, GC Workers: 2]
      [GC Worker Start (ms): Min: 61899240.4, Avg: 61899241.9, Max: 61899243.4, Diff: 3.0]
      [Ext Root Scanning (ms): Min: 63.6, Avg: 68.2, Max: 72.9, Diff: 9.2, Sum: 136.5]
      [Update RS (ms): Min: 28.4, Avg: 36.1, Max: 43.8, Diff: 15.4, Sum: 72.2]
         [Processed Buffers: Min: 170, Avg: 243.5, Max: 317, Diff: 147, Sum: 487]
      [Scan RS (ms): Min: 7.5, Avg: 7.7, Max: 8.0, Diff: 0.6, Sum: 15.5]
      [Code Root Scanning (ms): Min: 0.1, Avg: 0.1, Max: 0.1, Diff: 0.0, Sum: 0.1]
      [Object Copy (ms): Min: 27.7, Avg: 29.6, Max: 31.5, Diff: 3.8, Sum: 59.2]
      [Termination (ms): Min: 0.0, Avg: 0.0, Max: 0.0, Diff: 0.0, Sum: 0.0]
      [GC Worker Other (ms): Min: 0.1, Avg: 0.1, Max: 0.1, Diff: 0.1, Sum: 0.2]
      [GC Worker Total (ms): Min: 140.4, Avg: 141.9, Max: 143.3, Diff: 3.0, Sum: 283.7]
      [GC Worker End (ms): Min: 61899383.8, Avg: 61899383.8, Max: 61899383.8, Diff: 0.0]
   [Code Root Fixup: 0.5 ms]
   [Code Root Migration: 0.0 ms]
   [Clear CT: 0.4 ms]
   [Other: 4.3 ms]
      [Choose CSet: 0.0 ms]
      [Ref Proc: 1.5 ms]
      [Ref Enq: 0.1 ms]
      [Free CSet: 0.7 ms]
   [Eden: 190.0M(190.0M)->0.0B(186.0M) Survivors: 14.0M->18.0M Heap: 1014.0M(4096.0M)->829.0M(4096.0M)]
 [Times: user=0.21 sys=0.00, real=0.15 secs] 
2016-08-31T06:47:46.155+0200: 61916.290: [GC pause (young), 0.1231100 secs]
   [Parallel Time: 116.8 ms, GC Workers: 2]
      [GC Worker Start (ms): Min: 61916291.2, Avg: 61916291.3, Max: 61916291.3, Diff: 0.0]
      [Ext Root Scanning (ms): Min: 51.7, Avg: 51.7, Max: 51.7, Diff: 0.0, Sum: 103.3]
      [Update RS (ms): Min: 23.6, Avg: 24.0, Max: 24.4, Diff: 0.8, Sum: 47.9]
         [Processed Buffers: Min: 295, Avg: 312.5, Max: 330, Diff: 35, Sum: 625]
      [Scan RS (ms): Min: 6.9, Avg: 7.2, Max: 7.5, Diff: 0.6, Sum: 14.4]
      [Code Root Scanning (ms): Min: 0.1, Avg: 0.1, Max: 0.1, Diff: 0.0, Sum: 0.1]
      [Object Copy (ms): Min: 33.0, Avg: 33.7, Max: 34.4, Diff: 1.4, Sum: 67.5]
      [Termination (ms): Min: 0.0, Avg: 0.0, Max: 0.0, Diff: 0.0, Sum: 0.0]
      [GC Worker Other (ms): Min: 0.1, Avg: 0.1, Max: 0.1, Diff: 0.0, Sum: 0.1]
      [GC Worker Total (ms): Min: 116.7, Avg: 116.7, Max: 116.7, Diff: 0.0, Sum: 233.4]
      [GC Worker End (ms): Min: 61916407.9, Avg: 61916408.0, Max: 61916408.0, Diff: 0.0]
   [Code Root Fixup: 0.7 ms]
   [Code Root Migration: 0.0 ms]
   [Clear CT: 0.4 ms]
   [Other: 5.2 ms]
      [Choose CSet: 0.0 ms]
      [Ref Proc: 1.7 ms]
      [Ref Enq: 0.1 ms]
      [Free CSet: 0.7 ms]
   [Eden: 186.0M(186.0M)->0.0B(178.0M) Survivors: 18.0M->26.0M Heap: 1015.0M(4096.0M)->849.0M(4096.0M)]
 [Times: user=0.24 sys=0.00, real=0.12 secs] 
2016-08-31T06:48:04.671+0200: 61934.806: [GC pause (young), 0.1192450 secs]
   [Parallel Time: 112.9 ms, GC Workers: 2]
      [GC Worker Start (ms): Min: 61934806.9, Avg: 61934806.9, Max: 61934807.0, Diff: 0.0]
      [Ext Root Scanning (ms): Min: 49.0, Avg: 49.1, Max: 49.2, Diff: 0.1, Sum: 98.2]
      [Update RS (ms): Min: 23.0, Avg: 23.0, Max: 23.0, Diff: 0.0, Sum: 46.0]
         [Processed Buffers: Min: 246, Avg: 264.5, Max: 283, Diff: 37, Sum: 529]
      [Scan RS (ms): Min: 7.3, Avg: 7.4, Max: 7.5, Diff: 0.2, Sum: 14.7]
      [Code Root Scanning (ms): Min: 0.0, Avg: 0.1, Max: 0.1, Diff: 0.0, Sum: 0.1]
      [Object Copy (ms): Min: 32.9, Avg: 33.1, Max: 33.3, Diff: 0.3, Sum: 66.2]
      [Termination (ms): Min: 0.0, Avg: 0.0, Max: 0.0, Diff: 0.0, Sum: 0.0]
      [GC Worker Other (ms): Min: 0.1, Avg: 0.2, Max: 0.2, Diff: 0.0, Sum: 0.3]
      [GC Worker Total (ms): Min: 112.8, Avg: 112.8, Max: 112.8, Diff: 0.0, Sum: 225.6]
      [GC Worker End (ms): Min: 61934919.7, Avg: 61934919.7, Max: 61934919.7, Diff: 0.0]
   [Code Root Fixup: 0.4 ms]
   [Code Root Migration: 0.0 ms]
   [Clear CT: 0.4 ms]
   [Other: 5.5 ms]
      [Choose CSet: 0.0 ms]
      [Ref Proc: 2.5 ms]
      [Ref Enq: 0.1 ms]
      [Free CSet: 0.7 ms]
   [Eden: 178.0M(178.0M)->0.0B(824.0M) Survivors: 26.0M->12.0M Heap: 1027.0M(4096.0M)->861.0M(4096.0M)]
 [Times: user=0.23 sys=0.00, real=0.12 secs] 
2016-08-31T06:49:29.006+0200: 62019.140: [GC pause (young), 0.1629610 secs]
   [Parallel Time: 148.1 ms, GC Workers: 2]
      [GC Worker Start (ms): Min: 62019141.6, Avg: 62019141.6, Max: 62019141.6, Diff: 0.0]
      [Ext Root Scanning (ms): Min: 51.1, Avg: 51.2, Max: 51.4, Diff: 0.3, Sum: 102.5]
      [Update RS (ms): Min: 39.4, Avg: 39.6, Max: 39.9, Diff: 0.5, Sum: 79.3]
         [Processed Buffers: Min: 244, Avg: 260.0, Max: 276, Diff: 32, Sum: 520]
      [Scan RS (ms): Min: 11.4, Avg: 11.5, Max: 11.5, Diff: 0.1, Sum: 23.0]
      [Code Root Scanning (ms): Min: 0.4, Avg: 0.5, Max: 0.5, Diff: 0.1, Sum: 1.0]
      [Object Copy (ms): Min: 44.7, Avg: 45.1, Max: 45.4, Diff: 0.7, Sum: 90.1]
      [Termination (ms): Min: 0.0, Avg: 0.0, Max: 0.0, Diff: 0.0, Sum: 0.0]
      [GC Worker Other (ms): Min: 0.0, Avg: 0.1, Max: 0.2, Diff: 0.1, Sum: 0.2]
      [GC Worker Total (ms): Min: 148.0, Avg: 148.0, Max: 148.0, Diff: 0.0, Sum: 296.0]
      [GC Worker End (ms): Min: 62019289.6, Avg: 62019289.6, Max: 62019289.6, Diff: 0.0]
   [Code Root Fixup: 0.5 ms]
   [Code Root Migration: 0.1 ms]
   [Clear CT: 0.6 ms]
   [Other: 13.6 ms]
      [Choose CSet: 0.0 ms]
      [Ref Proc: 7.5 ms]
      [Ref Enq: 0.7 ms]
      [Free CSet: 2.9 ms]
   [Eden: 824.0M(824.0M)->0.0B(428.0M) Survivors: 12.0M->38.0M Heap: 1685.0M(4096.0M)->886.0M(4096.0M)]
 [Times: user=0.31 sys=0.00, real=0.16 secs] 
2016-08-31T06:50:11.583+0200: 62061.718: [GC pause (young), 0.1440270 secs]
   [Parallel Time: 134.3 ms, GC Workers: 2]
      [GC Worker Start (ms): Min: 62061719.1, Avg: 62061719.1, Max: 62061719.1, Diff: 0.0]
      [Ext Root Scanning (ms): Min: 47.8, Avg: 48.1, Max: 48.4, Diff: 0.6, Sum: 96.2]
      [Update RS (ms): Min: 26.5, Avg: 26.9, Max: 27.3, Diff: 0.8, Sum: 53.8]
         [Processed Buffers: Min: 267, Avg: 268.5, Max: 270, Diff: 3, Sum: 537]
      [Scan RS (ms): Min: 12.8, Avg: 13.0, Max: 13.2, Diff: 0.5, Sum: 26.0]
      [Code Root Scanning (ms): Min: 0.1, Avg: 0.1, Max: 0.2, Diff: 0.0, Sum: 0.3]
      [Object Copy (ms): Min: 45.4, Avg: 45.8, Max: 46.2, Diff: 0.8, Sum: 91.6]
      [Termination (ms): Min: 0.0, Avg: 0.0, Max: 0.0, Diff: 0.0, Sum: 0.0]
      [GC Worker Other (ms): Min: 0.2, Avg: 0.2, Max: 0.2, Diff: 0.1, Sum: 0.4]
      [GC Worker Total (ms): Min: 134.2, Avg: 134.2, Max: 134.2, Diff: 0.1, Sum: 268.4]
      [GC Worker End (ms): Min: 62061853.2, Avg: 62061853.3, Max: 62061853.3, Diff: 0.1]
   [Code Root Fixup: 0.4 ms]
   [Code Root Migration: 0.1 ms]
   [Clear CT: 0.9 ms]
   [Other: 8.3 ms]
      [Choose CSet: 0.0 ms]
      [Ref Proc: 4.0 ms]
      [Ref Enq: 0.3 ms]
      [Free CSet: 1.5 ms]
   [Eden: 428.0M(428.0M)->0.0B(1030.0M) Survivors: 38.0M->24.0M Heap: 1314.0M(4096.0M)->891.0M(4096.0M)]
 [Times: user=0.28 sys=0.00, real=0.15 secs] 
2016-08-31T06:51:59.992+0200: 62170.127: [GC pause (young), 0.1851980 secs]
   [Parallel Time: 166.5 ms, GC Workers: 2]
      [GC Worker Start (ms): Min: 62170128.1, Avg: 62170129.1, Max: 62170130.1, Diff: 2.0]
      [Ext Root Scanning (ms): Min: 49.5, Avg: 49.7, Max: 49.9, Diff: 0.4, Sum: 99.5]
      [Update RS (ms): Min: 45.2, Avg: 45.3, Max: 45.4, Diff: 0.2, Sum: 90.6]
         [Processed Buffers: Min: 251, Avg: 257.0, Max: 263, Diff: 12, Sum: 514]
      [Scan RS (ms): Min: 14.7, Avg: 14.8, Max: 14.9, Diff: 0.2, Sum: 29.6]
      [Code Root Scanning (ms): Min: 0.3, Avg: 0.3, Max: 0.4, Diff: 0.1, Sum: 0.7]
      [Object Copy (ms): Min: 54.4, Avg: 55.1, Max: 55.8, Diff: 1.5, Sum: 110.2]
      [Termination (ms): Min: 0.0, Avg: 0.0, Max: 0.0, Diff: 0.0, Sum: 0.0]
      [GC Worker Other (ms): Min: 0.1, Avg: 0.1, Max: 0.1, Diff: 0.1, Sum: 0.2]
      [GC Worker Total (ms): Min: 164.4, Avg: 165.4, Max: 166.4, Diff: 2.0, Sum: 330.8]
      [GC Worker End (ms): Min: 62170294.5, Avg: 62170294.5, Max: 62170294.5, Diff: 0.0]
   [Code Root Fixup: 0.4 ms]
   [Code Root Migration: 0.2 ms]
   [Clear CT: 0.7 ms]
   [Other: 17.4 ms]
      [Choose CSet: 0.0 ms]
      [Ref Proc: 11.1 ms]
      [Ref Enq: 0.7 ms]
      [Free CSet: 3.1 ms]
   [Eden: 1030.0M(1030.0M)->0.0B(552.0M) Survivors: 24.0M->46.0M Heap: 1921.0M(4096.0M)->914.0M(4096.0M)]
 [Times: user=0.34 sys=0.00, real=0.19 secs] 
2016-08-31T06:52:58.911+0200: 62229.046: [GC pause (young), 0.1613750 secs]
   [Parallel Time: 152.9 ms, GC Workers: 2]
      [GC Worker Start (ms): Min: 62229047.4, Avg: 62229047.4, Max: 62229047.4, Diff: 0.0]
      [Ext Root Scanning (ms): Min: 51.8, Avg: 52.9, Max: 54.0, Diff: 2.2, Sum: 105.8]
      [Update RS (ms): Min: 29.5, Avg: 30.8, Max: 32.1, Diff: 2.6, Sum: 61.6]
         [Processed Buffers: Min: 219, Avg: 246.5, Max: 274, Diff: 55, Sum: 493]
      [Scan RS (ms): Min: 16.3, Avg: 16.5, Max: 16.8, Diff: 0.4, Sum: 33.1]
      [Code Root Scanning (ms): Min: 0.2, Avg: 0.2, Max: 0.3, Diff: 0.1, Sum: 0.4]
      [Object Copy (ms): Min: 52.2, Avg: 52.3, Max: 52.4, Diff: 0.2, Sum: 104.6]
      [Termination (ms): Min: 0.0, Avg: 0.0, Max: 0.0, Diff: 0.0, Sum: 0.0]
      [GC Worker Other (ms): Min: 0.1, Avg: 0.1, Max: 0.2, Diff: 0.1, Sum: 0.2]
      [GC Worker Total (ms): Min: 152.8, Avg: 152.8, Max: 152.8, Diff: 0.0, Sum: 305.7]
      [GC Worker End (ms): Min: 62229200.2, Avg: 62229200.2, Max: 62229200.2, Diff: 0.0]
   [Code Root Fixup: 0.2 ms]
   [Code Root Migration: 0.1 ms]
   [Clear CT: 0.4 ms]
   [Other: 7.7 ms]
      [Choose CSet: 0.0 ms]
      [Ref Proc: 3.7 ms]
      [Ref Enq: 0.2 ms]
      [Free CSet: 1.3 ms]
   [Eden: 552.0M(552.0M)->0.0B(706.0M) Survivors: 46.0M->46.0M Heap: 1466.0M(4096.0M)->919.0M(4096.0M)]
 [Times: user=0.31 sys=0.00, real=0.17 secs] 
2016-08-31T06:54:14.912+0200: 62305.047: [GC pause (young), 0.1813440 secs]
   [Parallel Time: 172.2 ms, GC Workers: 2]
      [GC Worker Start (ms): Min: 62305048.2, Avg: 62305048.2, Max: 62305048.3, Diff: 0.1]
      [Ext Root Scanning (ms): Min: 58.5, Avg: 66.1, Max: 73.7, Diff: 15.2, Sum: 132.2]
      [Update RS (ms): Min: 37.8, Avg: 44.8, Max: 51.8, Diff: 14.0, Sum: 89.6]
         [Processed Buffers: Min: 227, Avg: 295.0, Max: 363, Diff: 136, Sum: 590]
      [Scan RS (ms): Min: 16.8, Avg: 17.0, Max: 17.1, Diff: 0.3, Sum: 33.9]
      [Code Root Scanning (ms): Min: 0.2, Avg: 0.2, Max: 0.3, Diff: 0.1, Sum: 0.5]
      [Object Copy (ms): Min: 43.4, Avg: 43.8, Max: 44.3, Diff: 0.9, Sum: 87.6]
      [Termination (ms): Min: 0.0, Avg: 0.0, Max: 0.0, Diff: 0.0, Sum: 0.0]
      [GC Worker Other (ms): Min: 0.1, Avg: 0.1, Max: 0.2, Diff: 0.0, Sum: 0.3]
      [GC Worker Total (ms): Min: 172.0, Avg: 172.1, Max: 172.1, Diff: 0.1, Sum: 344.1]
      [GC Worker End (ms): Min: 62305220.3, Avg: 62305220.3, Max: 62305220.3, Diff: 0.0]
   [Code Root Fixup: 0.3 ms]
   [Code Root Migration: 0.1 ms]
   [Clear CT: 0.4 ms]
   [Other: 8.4 ms]
      [Choose CSet: 0.0 ms]
      [Ref Proc: 4.2 ms]
      [Ref Enq: 0.2 ms]
      [Free CSet: 1.4 ms]
   [Eden: 706.0M(706.0M)->0.0B(440.0M) Survivors: 46.0M->60.0M Heap: 1625.0M(4096.0M)->933.0M(4096.0M)]
 [Times: user=0.30 sys=0.00, real=0.19 secs] 
2016-08-31T06:55:01.538+0200: 62351.673: [GC pause (young), 0.1577030 secs]
   [Parallel Time: 150.3 ms, GC Workers: 2]
      [GC Worker Start (ms): Min: 62351674.1, Avg: 62351674.2, Max: 62351674.2, Diff: 0.0]
      [Ext Root Scanning (ms): Min: 48.6, Avg: 49.1, Max: 49.7, Diff: 1.1, Sum: 98.3]
      [Update RS (ms): Min: 26.6, Avg: 26.8, Max: 27.0, Diff: 0.5, Sum: 53.6]
         [Processed Buffers: Min: 252, Avg: 252.0, Max: 252, Diff: 0, Sum: 504]
      [Scan RS (ms): Min: 17.7, Avg: 18.0, Max: 18.4, Diff: 0.7, Sum: 36.0]
      [Code Root Scanning (ms): Min: 0.1, Avg: 0.2, Max: 0.2, Diff: 0.0, Sum: 0.3]
      [Object Copy (ms): Min: 55.6, Avg: 56.0, Max: 56.4, Diff: 0.9, Sum: 112.0]
      [Termination (ms): Min: 0.0, Avg: 0.0, Max: 0.0, Diff: 0.0, Sum: 0.0]
      [GC Worker Other (ms): Min: 0.2, Avg: 0.2, Max: 0.2, Diff: 0.0, Sum: 0.4]
      [GC Worker Total (ms): Min: 150.3, Avg: 150.3, Max: 150.3, Diff: 0.0, Sum: 300.6]
      [GC Worker End (ms): Min: 62351824.4, Avg: 62351824.4, Max: 62351824.4, Diff: 0.0]
   [Code Root Fixup: 0.3 ms]
   [Code Root Migration: 0.1 ms]
   [Clear CT: 0.4 ms]
   [Other: 6.6 ms]
      [Choose CSet: 0.0 ms]
      [Ref Proc: 3.0 ms]
      [Ref Enq: 0.2 ms]
      [Free CSet: 1.2 ms]
   [Eden: 440.0M(440.0M)->0.0B(1160.0M) Survivors: 60.0M->22.0M Heap: 1373.0M(4096.0M)->937.1M(4096.0M)]
 [Times: user=0.30 sys=0.00, real=0.16 secs] 
2016-08-31T06:56:48.150+0200: 62458.284: [GC pause (young), 0.2916030 secs]
   [Parallel Time: 273.7 ms, GC Workers: 2]
      [GC Worker Start (ms): Min: 62458285.3, Avg: 62458286.6, Max: 62458288.0, Diff: 2.7]
      [Ext Root Scanning (ms): Min: 60.0, Avg: 71.3, Max: 82.7, Diff: 22.8, Sum: 142.7]
      [Update RS (ms): Min: 69.3, Avg: 74.9, Max: 80.6, Diff: 11.2, Sum: 149.9]
         [Processed Buffers: Min: 190, Avg: 293.5, Max: 397, Diff: 207, Sum: 587]
      [Scan RS (ms): Min: 23.1, Avg: 25.8, Max: 28.4, Diff: 5.3, Sum: 51.5]
      [Code Root Scanning (ms): Min: 0.2, Avg: 0.2, Max: 0.2, Diff: 0.0, Sum: 0.4]
      [Object Copy (ms): Min: 95.0, Avg: 98.4, Max: 101.8, Diff: 6.8, Sum: 196.7]
      [Termination (ms): Min: 0.0, Avg: 1.7, Max: 3.4, Diff: 3.4, Sum: 3.4]
      [GC Worker Other (ms): Min: 0.0, Avg: 0.1, Max: 0.1, Diff: 0.1, Sum: 0.1]
      [GC Worker Total (ms): Min: 271.0, Avg: 272.3, Max: 273.7, Diff: 2.7, Sum: 544.7]
      [GC Worker End (ms): Min: 62458559.0, Avg: 62458559.0, Max: 62458559.0, Diff: 0.0]
   [Code Root Fixup: 0.3 ms]
   [Code Root Migration: 0.1 ms]
   [Clear CT: 0.8 ms]
   [Other: 16.7 ms]
      [Choose CSet: 0.0 ms]
      [Ref Proc: 12.3 ms]
      [Ref Enq: 0.5 ms]
      [Free CSet: 1.9 ms]
   [Eden: 1102.0M(874.0M)->0.0B(150.0M) Survivors: 22.0M->54.0M Heap: 2039.1M(4096.0M)->968.1M(4096.0M)]
 [Times: user=0.20 sys=0.00, real=0.29 secs] 
2016-08-31T06:57:00.202+0200: 62470.336: [GC pause (young), 0.1399990 secs]
   [Parallel Time: 133.7 ms, GC Workers: 2]
      [GC Worker Start (ms): Min: 62470337.3, Avg: 62470337.6, Max: 62470338.0, Diff: 0.7]
      [Ext Root Scanning (ms): Min: 48.9, Avg: 49.1, Max: 49.3, Diff: 0.4, Sum: 98.1]
      [Update RS (ms): Min: 20.1, Avg: 20.2, Max: 20.3, Diff: 0.2, Sum: 40.4]
         [Processed Buffers: Min: 197, Avg: 248.5, Max: 300, Diff: 103, Sum: 497]
      [Scan RS (ms): Min: 13.1, Avg: 13.4, Max: 13.6, Diff: 0.5, Sum: 26.8]
      [Code Root Scanning (ms): Min: 0.1, Avg: 0.1, Max: 0.1, Diff: 0.0, Sum: 0.1]
      [Object Copy (ms): Min: 50.5, Avg: 50.5, Max: 50.6, Diff: 0.0, Sum: 101.1]
      [Termination (ms): Min: 0.0, Avg: 0.0, Max: 0.0, Diff: 0.0, Sum: 0.0]
      [GC Worker Other (ms): Min: 0.0, Avg: 0.1, Max: 0.1, Diff: 0.0, Sum: 0.1]
      [GC Worker Total (ms): Min: 133.0, Avg: 133.3, Max: 133.7, Diff: 0.7, Sum: 266.7]
      [GC Worker End (ms): Min: 62470471.0, Avg: 62470471.0, Max: 62470471.0, Diff: 0.0]
   [Code Root Fixup: 0.4 ms]
   [Code Root Migration: 0.0 ms]
   [Clear CT: 0.4 ms]
   [Other: 5.4 ms]
      [Choose CSet: 0.0 ms]
      [Ref Proc: 1.9 ms]
      [Ref Enq: 0.2 ms]
      [Free CSet: 0.8 ms]
   [Eden: 150.0M(150.0M)->0.0B(300.0M) Survivors: 54.0M->16.0M Heap: 1118.1M(4096.0M)->965.0M(4096.0M)]
 [Times: user=0.27 sys=0.00, real=0.14 secs] 
2016-08-31T06:57:26.384+0200: 62496.519: [GC pause (young), 0.1371610 secs]
   [Parallel Time: 127.1 ms, GC Workers: 2]
      [GC Worker Start (ms): Min: 62496520.0, Avg: 62496521.3, Max: 62496522.7, Diff: 2.6]
      [Ext Root Scanning (ms): Min: 52.7, Avg: 53.5, Max: 54.3, Diff: 1.6, Sum: 107.0]
      [Update RS (ms): Min: 29.4, Avg: 29.9, Max: 30.3, Diff: 0.9, Sum: 59.7]
         [Processed Buffers: Min: 246, Avg: 251.5, Max: 257, Diff: 11, Sum: 503]
      [Scan RS (ms): Min: 6.0, Avg: 6.3, Max: 6.6, Diff: 0.6, Sum: 12.6]
      [Code Root Scanning (ms): Min: 0.1, Avg: 0.1, Max: 0.1, Diff: 0.0, Sum: 0.2]
      [Object Copy (ms): Min: 30.6, Avg: 33.3, Max: 36.0, Diff: 5.4, Sum: 66.6]
      [Termination (ms): Min: 0.0, Avg: 2.4, Max: 4.7, Diff: 4.7, Sum: 4.7]
      [GC Worker Other (ms): Min: 0.1, Avg: 0.3, Max: 0.4, Diff: 0.3, Sum: 0.6]
      [GC Worker Total (ms): Min: 124.3, Avg: 125.7, Max: 127.0, Diff: 2.7, Sum: 251.4]
      [GC Worker End (ms): Min: 62496647.0, Avg: 62496647.0, Max: 62496647.0, Diff: 0.0]
   [Code Root Fixup: 0.4 ms]
   [Code Root Migration: 0.1 ms]
   [Clear CT: 0.8 ms]
   [Other: 8.7 ms]
      [Choose CSet: 0.0 ms]
      [Ref Proc: 3.1 ms]
      [Ref Enq: 0.5 ms]
      [Free CSet: 2.0 ms]
   [Eden: 300.0M(300.0M)->0.0B(488.0M) Survivors: 16.0M->22.0M Heap: 1265.0M(4096.0M)->971.0M(4096.0M)]
 [Times: user=0.24 sys=0.00, real=0.14 secs] 
2016-08-31T06:58:14.047+0200: 62544.181: [GC pause (young), 0.1519790 secs]
   [Parallel Time: 144.3 ms, GC Workers: 2]
      [GC Worker Start (ms): Min: 62544182.8, Avg: 62544182.8, Max: 62544182.8, Diff: 0.1]
      [Ext Root Scanning (ms): Min: 50.4, Avg: 50.7, Max: 50.9, Diff: 0.4, Sum: 101.3]
      [Update RS (ms): Min: 41.0, Avg: 41.3, Max: 41.7, Diff: 0.7, Sum: 82.7]
         [Processed Buffers: Min: 290, Avg: 307.5, Max: 325, Diff: 35, Sum: 615]
      [Scan RS (ms): Min: 11.4, Avg: 11.5, Max: 11.6, Diff: 0.2, Sum: 22.9]
      [Code Root Scanning (ms): Min: 0.1, Avg: 0.2, Max: 0.2, Diff: 0.1, Sum: 0.3]
      [Object Copy (ms): Min: 39.7, Avg: 40.4, Max: 41.0, Diff: 1.3, Sum: 80.7]
      [Termination (ms): Min: 0.0, Avg: 0.0, Max: 0.0, Diff: 0.0, Sum: 0.0]
      [GC Worker Other (ms): Min: 0.1, Avg: 0.1, Max: 0.2, Diff: 0.0, Sum: 0.3]
      [GC Worker Total (ms): Min: 144.1, Avg: 144.2, Max: 144.2, Diff: 0.0, Sum: 288.3]
      [GC Worker End (ms): Min: 62544327.0, Avg: 62544327.0, Max: 62544327.0, Diff: 0.0]
   [Code Root Fixup: 0.3 ms]
   [Code Root Migration: 0.1 ms]
   [Clear CT: 0.4 ms]
   [Other: 7.0 ms]
      [Choose CSet: 0.0 ms]
      [Ref Proc: 3.1 ms]
      [Ref Enq: 0.2 ms]
      [Free CSet: 1.1 ms]
   [Eden: 488.0M(488.0M)->0.0B(450.0M) Survivors: 22.0M->44.0M Heap: 1459.0M(4096.0M)->993.0M(4096.0M)]
 [Times: user=0.29 sys=0.00, real=0.15 secs] 
2016-08-31T06:58:57.367+0200: 62587.502: [GC pause (young), 0.1611710 secs]
   [Parallel Time: 149.5 ms, GC Workers: 2]
      [GC Worker Start (ms): Min: 62587502.9, Avg: 62587502.9, Max: 62587503.0, Diff: 0.0]
      [Ext Root Scanning (ms): Min: 50.7, Avg: 51.0, Max: 51.2, Diff: 0.5, Sum: 101.9]
      [Update RS (ms): Min: 30.2, Avg: 30.7, Max: 31.2, Diff: 1.0, Sum: 61.4]
         [Processed Buffers: Min: 256, Avg: 257.0, Max: 258, Diff: 2, Sum: 514]
      [Scan RS (ms): Min: 13.3, Avg: 13.6, Max: 14.0, Diff: 0.7, Sum: 27.3]
      [Code Root Scanning (ms): Min: 0.1, Avg: 0.2, Max: 0.2, Diff: 0.0, Sum: 0.3]
      [Object Copy (ms): Min: 53.7, Avg: 53.8, Max: 53.9, Diff: 0.2, Sum: 107.6]
      [Termination (ms): Min: 0.0, Avg: 0.0, Max: 0.0, Diff: 0.0, Sum: 0.0]
      [GC Worker Other (ms): Min: 0.2, Avg: 0.2, Max: 0.2, Diff: 0.0, Sum: 0.3]
      [GC Worker Total (ms): Min: 149.4, Avg: 149.4, Max: 149.4, Diff: 0.0, Sum: 298.8]
      [GC Worker End (ms): Min: 62587652.3, Avg: 62587652.3, Max: 62587652.4, Diff: 0.0]
   [Code Root Fixup: 0.4 ms]
   [Code Root Migration: 0.1 ms]
   [Clear CT: 0.5 ms]
   [Other: 10.6 ms]
      [Choose CSet: 0.0 ms]
      [Ref Proc: 6.5 ms]
      [Ref Enq: 0.4 ms]
      [Free CSet: 1.4 ms]
   [Eden: 450.0M(450.0M)->0.0B(872.0M) Survivors: 44.0M->22.0M Heap: 1443.0M(4096.0M)->997.8M(4096.0M)]
 [Times: user=0.30 sys=0.00, real=0.16 secs] 
2016-08-31T07:00:05.007+0200: 62655.141: [GC pause (young), 0.1598180 secs]
   [Parallel Time: 145.6 ms, GC Workers: 2]
      [GC Worker Start (ms): Min: 62655142.8, Avg: 62655142.9, Max: 62655142.9, Diff: 0.0]
      [Ext Root Scanning (ms): Min: 51.2, Avg: 51.9, Max: 52.6, Diff: 1.5, Sum: 103.8]
      [Update RS (ms): Min: 36.3, Avg: 36.6, Max: 36.9, Diff: 0.6, Sum: 73.2]
         [Processed Buffers: Min: 236, Avg: 256.5, Max: 277, Diff: 41, Sum: 513]
      [Scan RS (ms): Min: 12.8, Avg: 12.8, Max: 12.9, Diff: 0.0, Sum: 25.7]
      [Code Root Scanning (ms): Min: 0.2, Avg: 0.2, Max: 0.3, Diff: 0.1, Sum: 0.5]
      [Object Copy (ms): Min: 43.4, Avg: 43.8, Max: 44.3, Diff: 0.9, Sum: 87.7]
      [Termination (ms): Min: 0.0, Avg: 0.0, Max: 0.0, Diff: 0.0, Sum: 0.0]
      [GC Worker Other (ms): Min: 0.1, Avg: 0.1, Max: 0.2, Diff: 0.1, Sum: 0.2]
      [GC Worker Total (ms): Min: 145.5, Avg: 145.5, Max: 145.5, Diff: 0.0, Sum: 291.0]
      [GC Worker End (ms): Min: 62655288.3, Avg: 62655288.3, Max: 62655288.3, Diff: 0.0]
   [Code Root Fixup: 0.6 ms]
   [Code Root Migration: 0.1 ms]
   [Clear CT: 0.6 ms]
   [Other: 12.9 ms]
      [Choose CSet: 0.0 ms]
      [Ref Proc: 7.7 ms]
      [Ref Enq: 0.5 ms]
      [Free CSet: 2.1 ms]
   [Eden: 702.0M(670.0M)->0.0B(828.0M) Survivors: 22.0M->38.0M Heap: 1699.8M(4096.0M)->1013.8M(4096.0M)]
 [Times: user=0.31 sys=0.00, real=0.16 secs] 
2016-08-31T07:00:56.007+0200: 62706.141: [GC pause (young), 0.1646250 secs]
   [Parallel Time: 156.3 ms, GC Workers: 2]
      [GC Worker Start (ms): Min: 62706142.4, Avg: 62706142.4, Max: 62706142.4, Diff: 0.0]
      [Ext Root Scanning (ms): Min: 51.9, Avg: 54.4, Max: 56.9, Diff: 5.0, Sum: 108.8]
      [Update RS (ms): Min: 31.1, Avg: 33.5, Max: 35.9, Diff: 4.7, Sum: 67.0]
         [Processed Buffers: Min: 216, Avg: 251.0, Max: 286, Diff: 70, Sum: 502]
      [Scan RS (ms): Min: 14.7, Avg: 14.9, Max: 15.0, Diff: 0.3, Sum: 29.7]
      [Code Root Scanning (ms): Min: 0.2, Avg: 0.2, Max: 0.2, Diff: 0.1, Sum: 0.4]
      [Object Copy (ms): Min: 53.1, Avg: 53.1, Max: 53.1, Diff: 0.0, Sum: 106.2]
      [Termination (ms): Min: 0.0, Avg: 0.0, Max: 0.0, Diff: 0.0, Sum: 0.0]
      [GC Worker Other (ms): Min: 0.0, Avg: 0.1, Max: 0.1, Diff: 0.1, Sum: 0.2]
      [GC Worker Total (ms): Min: 156.2, Avg: 156.2, Max: 156.2, Diff: 0.0, Sum: 312.4]
      [GC Worker End (ms): Min: 62706298.6, Avg: 62706298.6, Max: 62706298.6, Diff: 0.0]
   [Code Root Fixup: 0.3 ms]
   [Code Root Migration: 0.1 ms]
   [Clear CT: 0.5 ms]
   [Other: 7.6 ms]
      [Choose CSet: 0.0 ms]
      [Ref Proc: 3.7 ms]
      [Ref Enq: 0.3 ms]
      [Free CSet: 1.4 ms]
   [Eden: 584.0M(560.0M)->0.0B(824.0M) Survivors: 38.0M->48.0M Heap: 1597.8M(4096.0M)->1023.8M(4096.0M)]
 [Times: user=0.31 sys=0.00, real=0.16 secs] 
2016-08-31T07:01:45.146+0200: 62755.280: [GC pause (young), 0.1764660 secs]
   [Parallel Time: 168.2 ms, GC Workers: 2]
      [GC Worker Start (ms): Min: 62755282.1, Avg: 62755282.1, Max: 62755282.1, Diff: 0.0]
      [Ext Root Scanning (ms): Min: 52.5, Avg: 52.7, Max: 52.9, Diff: 0.5, Sum: 105.4]
      [Update RS (ms): Min: 35.2, Avg: 35.8, Max: 36.4, Diff: 1.2, Sum: 71.6]
         [Processed Buffers: Min: 302, Avg: 306.0, Max: 310, Diff: 8, Sum: 612]
      [Scan RS (ms): Min: 16.9, Avg: 16.9, Max: 17.0, Diff: 0.1, Sum: 33.9]
      [Code Root Scanning (ms): Min: 0.1, Avg: 0.2, Max: 0.2, Diff: 0.1, Sum: 0.4]
      [Object Copy (ms): Min: 62.1, Avg: 62.4, Max: 62.7, Diff: 0.7, Sum: 124.8]
      [Termination (ms): Min: 0.0, Avg: 0.0, Max: 0.0, Diff: 0.0, Sum: 0.0]
      [GC Worker Other (ms): Min: 0.1, Avg: 0.2, Max: 0.2, Diff: 0.0, Sum: 0.3]
      [GC Worker Total (ms): Min: 168.1, Avg: 168.2, Max: 168.2, Diff: 0.0, Sum: 336.3]
      [GC Worker End (ms): Min: 62755450.2, Avg: 62755450.2, Max: 62755450.2, Diff: 0.0]
   [Code Root Fixup: 0.2 ms]
   [Code Root Migration: 0.1 ms]
   [Clear CT: 0.4 ms]
   [Other: 7.5 ms]
      [Choose CSet: 0.0 ms]
      [Ref Proc: 3.4 ms]
      [Ref Enq: 0.2 ms]
      [Free CSet: 1.2 ms]
   [Eden: 566.0M(494.0M)->0.0B(652.0M) Survivors: 48.0M->56.0M Heap: 1589.8M(4096.0M)->1045.4M(4096.0M)]
 [Times: user=0.33 sys=0.00, real=0.18 secs] 
2016-08-31T07:02:46.814+0200: 62816.949: [GC pause (young), 0.2842480 secs]
   [Parallel Time: 274.9 ms, GC Workers: 2]
      [GC Worker Start (ms): Min: 62816950.5, Avg: 62816951.9, Max: 62816953.2, Diff: 2.7]
      [Ext Root Scanning (ms): Min: 92.3, Avg: 99.5, Max: 106.7, Diff: 14.5, Sum: 199.0]
      [Update RS (ms): Min: 62.6, Avg: 65.8, Max: 69.0, Diff: 6.4, Sum: 131.6]
         [Processed Buffers: Min: 295, Avg: 299.5, Max: 304, Diff: 9, Sum: 599]
      [Scan RS (ms): Min: 29.2, Avg: 31.0, Max: 32.7, Diff: 3.5, Sum: 62.0]
      [Code Root Scanning (ms): Min: 0.1, Avg: 0.2, Max: 0.3, Diff: 0.1, Sum: 0.4]
      [Object Copy (ms): Min: 73.2, Avg: 76.8, Max: 80.5, Diff: 7.3, Sum: 153.6]
      [Termination (ms): Min: 0.0, Avg: 0.1, Max: 0.1, Diff: 0.1, Sum: 0.1]
      [GC Worker Other (ms): Min: 0.1, Avg: 0.2, Max: 0.2, Diff: 0.0, Sum: 0.3]
      [GC Worker Total (ms): Min: 272.2, Avg: 273.5, Max: 274.9, Diff: 2.7, Sum: 547.0]
      [GC Worker End (ms): Min: 62817225.4, Avg: 62817225.4, Max: 62817225.4, Diff: 0.0]
   [Code Root Fixup: 0.3 ms]
   [Code Root Migration: 0.1 ms]
   [Clear CT: 0.7 ms]
   [Other: 8.3 ms]
      [Choose CSet: 0.0 ms]
      [Ref Proc: 4.3 ms]
      [Ref Enq: 0.3 ms]
      [Free CSet: 1.2 ms]
   [Eden: 652.0M(652.0M)->0.0B(152.0M) Survivors: 56.0M->52.0M Heap: 1697.4M(4096.0M)->1053.0M(4096.0M)]
 [Times: user=0.28 sys=0.00, real=0.28 secs] 
2016-08-31T07:03:00.320+0200: 62830.454: [GC pause (young), 0.1352440 secs]
   [Parallel Time: 129.1 ms, GC Workers: 2]
      [GC Worker Start (ms): Min: 62830455.6, Avg: 62830456.9, Max: 62830458.2, Diff: 2.6]
      [Ext Root Scanning (ms): Min: 47.7, Avg: 49.9, Max: 52.2, Diff: 4.5, Sum: 99.9]
      [Update RS (ms): Min: 18.2, Avg: 19.7, Max: 21.3, Diff: 3.1, Sum: 39.4]
         [Processed Buffers: Min: 237, Avg: 246.5, Max: 256, Diff: 19, Sum: 493]
      [Scan RS (ms): Min: 12.5, Avg: 12.8, Max: 13.2, Diff: 0.7, Sum: 25.7]
      [Code Root Scanning (ms): Min: 0.1, Avg: 0.1, Max: 0.1, Diff: 0.1, Sum: 0.2]
      [Object Copy (ms): Min: 44.8, Avg: 45.0, Max: 45.2, Diff: 0.4, Sum: 90.0]
      [Termination (ms): Min: 0.0, Avg: 0.0, Max: 0.0, Diff: 0.0, Sum: 0.0]
      [GC Worker Other (ms): Min: 0.1, Avg: 0.1, Max: 0.2, Diff: 0.1, Sum: 0.2]
      [GC Worker Total (ms): Min: 126.4, Avg: 127.7, Max: 129.0, Diff: 2.6, Sum: 255.4]
      [GC Worker End (ms): Min: 62830584.7, Avg: 62830584.7, Max: 62830584.7, Diff: 0.0]
   [Code Root Fixup: 0.5 ms]
   [Code Root Migration: 0.0 ms]
   [Clear CT: 0.4 ms]
   [Other: 5.2 ms]
      [Choose CSet: 0.0 ms]
      [Ref Proc: 1.8 ms]
      [Ref Enq: 0.1 ms]
      [Free CSet: 0.8 ms]
   [Eden: 152.0M(152.0M)->0.0B(450.0M) Survivors: 52.0M->10.0M Heap: 1205.0M(4096.0M)->1044.0M(4096.0M)]
 [Times: user=0.26 sys=0.00, real=0.14 secs] 
2016-08-31T07:03:38.326+0200: 62868.460: [GC pause (young), 0.1263370 secs]
   [Parallel Time: 119.9 ms, GC Workers: 2]
      [GC Worker Start (ms): Min: 62868461.0, Avg: 62868461.0, Max: 62868461.0, Diff: 0.0]
      [Ext Root Scanning (ms): Min: 47.7, Avg: 48.6, Max: 49.5, Diff: 1.8, Sum: 97.2]
      [Update RS (ms): Min: 34.0, Avg: 35.4, Max: 36.9, Diff: 2.9, Sum: 70.8]
         [Processed Buffers: Min: 242, Avg: 270.0, Max: 298, Diff: 56, Sum: 540]
      [Scan RS (ms): Min: 9.8, Avg: 9.9, Max: 10.1, Diff: 0.3, Sum: 19.8]
      [Code Root Scanning (ms): Min: 0.1, Avg: 0.1, Max: 0.1, Diff: 0.0, Sum: 0.2]
      [Object Copy (ms): Min: 23.2, Avg: 25.6, Max: 27.9, Diff: 4.6, Sum: 51.1]
      [Termination (ms): Min: 0.0, Avg: 0.2, Max: 0.4, Diff: 0.4, Sum: 0.4]
      [GC Worker Other (ms): Min: 0.1, Avg: 0.1, Max: 0.1, Diff: 0.0, Sum: 0.2]
      [GC Worker Total (ms): Min: 119.9, Avg: 119.9, Max: 119.9, Diff: 0.0, Sum: 239.8]
      [GC Worker End (ms): Min: 62868580.9, Avg: 62868580.9, Max: 62868580.9, Diff: 0.0]
   [Code Root Fixup: 0.2 ms]
   [Code Root Migration: 0.1 ms]
   [Clear CT: 0.5 ms]
   [Other: 5.6 ms]
      [Choose CSet: 0.0 ms]
      [Ref Proc: 3.0 ms]
      [Ref Enq: 0.2 ms]
      [Free CSet: 0.9 ms]
   [Eden: 450.0M(450.0M)->0.0B(578.0M) Survivors: 10.0M->32.0M Heap: 1494.0M(4096.0M)->1065.0M(4096.0M)]
 [Times: user=0.17 sys=0.00, real=0.13 secs] 
2016-08-31T07:04:24.184+0200: 62914.318: [GC pause (young), 0.1535470 secs]
   [Parallel Time: 144.0 ms, GC Workers: 2]
      [GC Worker Start (ms): Min: 62914319.1, Avg: 62914319.1, Max: 62914319.1, Diff: 0.0]
      [Ext Root Scanning (ms): Min: 45.9, Avg: 46.3, Max: 46.8, Diff: 0.8, Sum: 92.7]
      [Update RS (ms): Min: 30.3, Avg: 30.6, Max: 30.9, Diff: 0.6, Sum: 61.2]
         [Processed Buffers: Min: 243, Avg: 251.5, Max: 260, Diff: 17, Sum: 503]
      [Scan RS (ms): Min: 11.7, Avg: 12.1, Max: 12.4, Diff: 0.7, Sum: 24.1]
      [Code Root Scanning (ms): Min: 0.1, Avg: 0.2, Max: 0.2, Diff: 0.1, Sum: 0.3]
      [Object Copy (ms): Min: 54.3, Avg: 54.6, Max: 54.9, Diff: 0.7, Sum: 109.2]
      [Termination (ms): Min: 0.0, Avg: 0.0, Max: 0.0, Diff: 0.0, Sum: 0.0]
      [GC Worker Other (ms): Min: 0.1, Avg: 0.1, Max: 0.1, Diff: 0.0, Sum: 0.3]
      [GC Worker Total (ms): Min: 143.9, Avg: 143.9, Max: 143.9, Diff: 0.0, Sum: 287.8]
      [GC Worker End (ms): Min: 62914463.0, Avg: 62914463.0, Max: 62914463.0, Diff: 0.0]
   [Code Root Fixup: 0.5 ms]
   [Code Root Migration: 0.1 ms]
   [Clear CT: 0.5 ms]
   [Other: 8.5 ms]
      [Choose CSet: 0.0 ms]
      [Ref Proc: 4.5 ms]
      [Ref Enq: 0.4 ms]
      [Free CSet: 1.5 ms]
   [Eden: 504.0M(312.0M)->0.0B(764.0M) Survivors: 32.0M->24.0M Heap: 1569.0M(4096.0M)->1072.0M(4096.0M)]
 [Times: user=0.28 sys=0.00, real=0.16 secs] 
2016-08-31T07:05:20.005+0200: 62970.139: [GC pause (young), 0.1641660 secs]
   [Parallel Time: 154.8 ms, GC Workers: 2]
      [GC Worker Start (ms): Min: 62970140.6, Avg: 62970140.6, Max: 62970140.6, Diff: 0.0]
      [Ext Root Scanning (ms): Min: 50.3, Avg: 51.3, Max: 52.2, Diff: 1.9, Sum: 102.5]
      [Update RS (ms): Min: 38.0, Avg: 40.0, Max: 41.9, Diff: 3.8, Sum: 79.9]
         [Processed Buffers: Min: 301, Avg: 310.5, Max: 320, Diff: 19, Sum: 621]
      [Scan RS (ms): Min: 12.1, Avg: 12.3, Max: 12.5, Diff: 0.4, Sum: 24.5]
      [Code Root Scanning (ms): Min: 0.2, Avg: 0.2, Max: 0.3, Diff: 0.1, Sum: 0.4]
      [Object Copy (ms): Min: 50.1, Avg: 50.9, Max: 51.6, Diff: 1.5, Sum: 101.7]
      [Termination (ms): Min: 0.0, Avg: 0.0, Max: 0.0, Diff: 0.0, Sum: 0.0]
      [GC Worker Other (ms): Min: 0.0, Avg: 0.1, Max: 0.1, Diff: 0.1, Sum: 0.2]
      [GC Worker Total (ms): Min: 154.7, Avg: 154.7, Max: 154.7, Diff: 0.0, Sum: 309.4]
      [GC Worker End (ms): Min: 62970295.3, Avg: 62970295.3, Max: 62970295.3, Diff: 0.0]
   [Code Root Fixup: 0.3 ms]
   [Code Root Migration: 0.1 ms]
   [Clear CT: 0.5 ms]
   [Other: 8.5 ms]
      [Choose CSet: 0.0 ms]
      [Ref Proc: 4.1 ms]
      [Ref Enq: 0.3 ms]
      [Free CSet: 1.4 ms]
   [Eden: 618.0M(512.0M)->0.0B(610.0M) Survivors: 24.0M->52.0M Heap: 1690.0M(4096.0M)->1101.0M(4096.0M)]
 [Times: user=0.32 sys=0.00, real=0.16 secs] 
2016-08-31T07:05:57.321+0200: 63007.456: [GC pause (young), 0.1568680 secs]
   [Parallel Time: 146.1 ms, GC Workers: 2]
      [GC Worker Start (ms): Min: 63007457.0, Avg: 63007457.0, Max: 63007457.0, Diff: 0.0]
      [Ext Root Scanning (ms): Min: 49.1, Avg: 49.4, Max: 49.7, Diff: 0.6, Sum: 98.8]
      [Update RS (ms): Min: 31.0, Avg: 31.1, Max: 31.2, Diff: 0.2, Sum: 62.2]
         [Processed Buffers: Min: 257, Avg: 265.5, Max: 274, Diff: 17, Sum: 531]
      [Scan RS (ms): Min: 14.5, Avg: 14.6, Max: 14.6, Diff: 0.1, Sum: 29.2]
      [Code Root Scanning (ms): Min: 0.1, Avg: 0.2, Max: 0.2, Diff: 0.1, Sum: 0.3]
      [Object Copy (ms): Min: 50.5, Avg: 50.7, Max: 50.8, Diff: 0.3, Sum: 101.3]
      [Termination (ms): Min: 0.0, Avg: 0.0, Max: 0.0, Diff: 0.0, Sum: 0.0]
      [GC Worker Other (ms): Min: 0.1, Avg: 0.1, Max: 0.2, Diff: 0.1, Sum: 0.2]
      [GC Worker Total (ms): Min: 146.0, Avg: 146.0, Max: 146.0, Diff: 0.0, Sum: 292.1]
      [GC Worker End (ms): Min: 63007603.0, Avg: 63007603.0, Max: 63007603.0, Diff: 0.0]
   [Code Root Fixup: 0.5 ms]
   [Code Root Migration: 0.1 ms]
   [Clear CT: 0.5 ms]
   [Other: 9.5 ms]
      [Choose CSet: 0.0 ms]
      [Ref Proc: 5.0 ms]
      [Ref Enq: 0.4 ms]
      [Free CSet: 1.4 ms]
   [Eden: 472.0M(362.0M)->0.0B(1164.0M) Survivors: 52.0M->24.0M Heap: 1573.0M(4096.0M)->1097.0M(4096.0M)]
 [Times: user=0.30 sys=0.00, real=0.15 secs] 
2016-08-31T07:07:11.593+0200: 63081.727: [GC pause (young), 0.1776760 secs]
   [Parallel Time: 163.6 ms, GC Workers: 2]
      [GC Worker Start (ms): Min: 63081728.5, Avg: 63081728.6, Max: 63081728.6, Diff: 0.0]
      [Ext Root Scanning (ms): Min: 50.5, Avg: 50.8, Max: 51.0, Diff: 0.5, Sum: 101.5]
      [Update RS (ms): Min: 48.8, Avg: 49.0, Max: 49.2, Diff: 0.4, Sum: 98.0]
         [Processed Buffers: Min: 236, Avg: 289.5, Max: 343, Diff: 107, Sum: 579]
      [Scan RS (ms): Min: 13.5, Avg: 13.7, Max: 13.8, Diff: 0.3, Sum: 27.3]
      [Code Root Scanning (ms): Min: 0.2, Avg: 0.3, Max: 0.3, Diff: 0.1, Sum: 0.5]
      [Object Copy (ms): Min: 49.5, Avg: 49.6, Max: 49.7, Diff: 0.3, Sum: 99.2]
      [Termination (ms): Min: 0.0, Avg: 0.0, Max: 0.0, Diff: 0.0, Sum: 0.0]
      [GC Worker Other (ms): Min: 0.1, Avg: 0.1, Max: 0.2, Diff: 0.1, Sum: 0.3]
      [GC Worker Total (ms): Min: 163.4, Avg: 163.4, Max: 163.4, Diff: 0.0, Sum: 326.8]
      [GC Worker End (ms): Min: 63081892.0, Avg: 63081892.0, Max: 63081892.0, Diff: 0.0]
   [Code Root Fixup: 0.5 ms]
   [Code Root Migration: 0.1 ms]
   [Clear CT: 0.7 ms]
   [Other: 12.9 ms]
      [Choose CSet: 0.0 ms]
      [Ref Proc: 7.5 ms]
      [Ref Enq: 0.6 ms]
      [Free CSet: 2.0 ms]
   [Eden: 778.0M(778.0M)->0.0B(792.0M) Survivors: 24.0M->44.0M Heap: 1875.0M(4096.0M)->1117.0M(4096.0M)]
 [Times: user=0.32 sys=0.00, real=0.18 secs] 
2016-08-31T07:07:58.369+0200: 63128.504: [GC pause (young), 0.1666260 secs]
   [Parallel Time: 157.6 ms, GC Workers: 2]
      [GC Worker Start (ms): Min: 63128504.8, Avg: 63128504.8, Max: 63128504.8, Diff: 0.0]
      [Ext Root Scanning (ms): Min: 48.1, Avg: 48.5, Max: 48.9, Diff: 0.9, Sum: 97.0]
      [Update RS (ms): Min: 32.0, Avg: 32.4, Max: 32.9, Diff: 0.9, Sum: 64.9]
         [Processed Buffers: Min: 224, Avg: 251.5, Max: 279, Diff: 55, Sum: 503]
      [Scan RS (ms): Min: 15.4, Avg: 15.5, Max: 15.6, Diff: 0.3, Sum: 31.0]
      [Code Root Scanning (ms): Min: 0.2, Avg: 0.2, Max: 0.2, Diff: 0.0, Sum: 0.4]
      [Object Copy (ms): Min: 60.6, Avg: 60.7, Max: 60.9, Diff: 0.2, Sum: 121.5]
      [Termination (ms): Min: 0.0, Avg: 0.0, Max: 0.0, Diff: 0.0, Sum: 0.0]
      [GC Worker Other (ms): Min: 0.2, Avg: 0.2, Max: 0.2, Diff: 0.0, Sum: 0.3]
      [GC Worker Total (ms): Min: 157.5, Avg: 157.5, Max: 157.5, Diff: 0.0, Sum: 315.1]
      [GC Worker End (ms): Min: 63128662.3, Avg: 63128662.3, Max: 63128662.3, Diff: 0.0]
   [Code Root Fixup: 0.4 ms]
   [Code Root Migration: 0.1 ms]
   [Clear CT: 0.8 ms]
   [Other: 7.7 ms]
      [Choose CSet: 0.0 ms]
      [Ref Proc: 4.1 ms]
      [Ref Enq: 0.2 ms]
      [Free CSet: 1.3 ms]
   [Eden: 524.0M(438.0M)->0.0B(1100.0M) Survivors: 44.0M->26.0M Heap: 1641.0M(4096.0M)->1119.0M(4096.0M)]
 [Times: user=0.31 sys=0.00, real=0.16 secs] 
2016-08-31T07:09:11.208+0200: 63201.343: [GC pause (young), 0.1742030 secs]
   [Parallel Time: 158.8 ms, GC Workers: 2]
      [GC Worker Start (ms): Min: 63201344.1, Avg: 63201344.2, Max: 63201344.2, Diff: 0.1]
      [Ext Root Scanning (ms): Min: 49.1, Avg: 49.8, Max: 50.5, Diff: 1.4, Sum: 99.6]
      [Update RS (ms): Min: 40.3, Avg: 40.5, Max: 40.8, Diff: 0.5, Sum: 81.0]
         [Processed Buffers: Min: 240, Avg: 254.0, Max: 268, Diff: 28, Sum: 508]
      [Scan RS (ms): Min: 13.7, Avg: 13.7, Max: 13.7, Diff: 0.0, Sum: 27.4]
      [Code Root Scanning (ms): Min: 0.2, Avg: 0.3, Max: 0.3, Diff: 0.1, Sum: 0.5]
      [Object Copy (ms): Min: 53.8, Avg: 54.3, Max: 54.8, Diff: 0.9, Sum: 108.6]
      [Termination (ms): Min: 0.0, Avg: 0.0, Max: 0.0, Diff: 0.0, Sum: 0.0]
      [GC Worker Other (ms): Min: 0.1, Avg: 0.1, Max: 0.2, Diff: 0.1, Sum: 0.2]
      [GC Worker Total (ms): Min: 158.6, Avg: 158.7, Max: 158.7, Diff: 0.1, Sum: 317.3]
      [GC Worker End (ms): Min: 63201502.8, Avg: 63201502.8, Max: 63201502.8, Diff: 0.0]
   [Code Root Fixup: 0.5 ms]
   [Code Root Migration: 0.1 ms]
   [Clear CT: 0.7 ms]
   [Other: 14.2 ms]
      [Choose CSet: 0.0 ms]
      [Ref Proc: 9.0 ms]
      [Ref Enq: 0.7 ms]
      [Free CSet: 2.1 ms]
   [Eden: 794.0M(794.0M)->0.0B(808.0M) Survivors: 26.0M->46.0M Heap: 1913.0M(4096.0M)->1139.0M(4096.0M)]
 [Times: user=0.33 sys=0.00, real=0.18 secs] 
2016-08-31T07:09:59.302+0200: 63249.437: [GC pause (young), 0.1760340 secs]
   [Parallel Time: 162.5 ms, GC Workers: 2]
      [GC Worker Start (ms): Min: 63249437.9, Avg: 63249437.9, Max: 63249437.9, Diff: 0.0]
      [Ext Root Scanning (ms): Min: 52.4, Avg: 52.7, Max: 53.1, Diff: 0.7, Sum: 105.5]
      [Update RS (ms): Min: 32.8, Avg: 32.8, Max: 32.8, Diff: 0.0, Sum: 65.7]
         [Processed Buffers: Min: 245, Avg: 264.0, Max: 283, Diff: 38, Sum: 528]
      [Scan RS (ms): Min: 16.4, Avg: 16.5, Max: 16.6, Diff: 0.1, Sum: 33.0]
      [Code Root Scanning (ms): Min: 0.2, Avg: 0.2, Max: 0.2, Diff: 0.1, Sum: 0.4]
      [Object Copy (ms): Min: 59.4, Avg: 59.9, Max: 60.4, Diff: 1.0, Sum: 119.8]
      [Termination (ms): Min: 0.0, Avg: 0.0, Max: 0.0, Diff: 0.0, Sum: 0.0]
      [GC Worker Other (ms): Min: 0.1, Avg: 0.2, Max: 0.4, Diff: 0.4, Sum: 0.5]
      [GC Worker Total (ms): Min: 162.4, Avg: 162.4, Max: 162.5, Diff: 0.0, Sum: 324.9]
      [GC Worker End (ms): Min: 63249600.3, Avg: 63249600.3, Max: 63249600.3, Diff: 0.0]
   [Code Root Fixup: 0.4 ms]
   [Code Root Migration: 0.1 ms]
   [Clear CT: 0.6 ms]
   [Other: 12.3 ms]
      [Choose CSet: 0.0 ms]
      [Ref Proc: 7.0 ms]
      [Ref Enq: 0.9 ms]
      [Free CSet: 1.7 ms]
   [Eden: 600.0M(510.0M)->0.0B(766.0M) Survivors: 46.0M->50.0M Heap: 1739.0M(4096.0M)->1150.0M(4096.0M)]
 [Times: user=0.34 sys=0.00, real=0.18 secs] 
2016-08-31T07:10:51.552+0200: 63301.687: [GC pause (young), 0.1801180 secs]
   [Parallel Time: 168.3 ms, GC Workers: 2]
      [GC Worker Start (ms): Min: 63301688.3, Avg: 63301688.3, Max: 63301688.3, Diff: 0.1]
      [Ext Root Scanning (ms): Min: 52.8, Avg: 53.0, Max: 53.2, Diff: 0.5, Sum: 106.0]
      [Update RS (ms): Min: 34.5, Avg: 34.9, Max: 35.3, Diff: 0.8, Sum: 69.7]
         [Processed Buffers: Min: 272, Avg: 293.5, Max: 315, Diff: 43, Sum: 587]
      [Scan RS (ms): Min: 16.7, Avg: 17.1, Max: 17.5, Diff: 0.9, Sum: 34.2]
      [Code Root Scanning (ms): Min: 0.2, Avg: 0.2, Max: 0.2, Diff: 0.1, Sum: 0.4]
      [Object Copy (ms): Min: 62.6, Avg: 62.8, Max: 63.1, Diff: 0.6, Sum: 125.7]
      [Termination (ms): Min: 0.0, Avg: 0.0, Max: 0.0, Diff: 0.0, Sum: 0.0]
      [GC Worker Other (ms): Min: 0.2, Avg: 0.2, Max: 0.2, Diff: 0.0, Sum: 0.4]
      [GC Worker Total (ms): Min: 168.2, Avg: 168.2, Max: 168.2, Diff: 0.1, Sum: 336.4]
      [GC Worker End (ms): Min: 63301856.5, Avg: 63301856.5, Max: 63301856.5, Diff: 0.0]
   [Code Root Fixup: 0.4 ms]
   [Code Root Migration: 0.1 ms]
   [Clear CT: 0.6 ms]
   [Other: 10.6 ms]
      [Choose CSet: 0.0 ms]
      [Ref Proc: 5.7 ms]
      [Ref Enq: 0.5 ms]
      [Free CSet: 1.7 ms]
   [Eden: 584.0M(468.0M)->0.0B(674.0M) Survivors: 50.0M->52.0M Heap: 1734.0M(4096.0M)->1164.0M(4096.0M)]
 [Times: user=0.35 sys=0.00, real=0.18 secs] 
2016-08-31T07:11:42.567+0200: 63352.701: [GC pause (young), 0.1810380 secs]
   [Parallel Time: 168.9 ms, GC Workers: 2]
      [GC Worker Start (ms): Min: 63352702.8, Avg: 63352703.8, Max: 63352704.7, Diff: 1.8]
      [Ext Root Scanning (ms): Min: 50.6, Avg: 50.8, Max: 51.0, Diff: 0.4, Sum: 101.7]
      [Update RS (ms): Min: 37.7, Avg: 38.3, Max: 38.8, Diff: 1.0, Sum: 76.5]
         [Processed Buffers: Min: 289, Avg: 300.5, Max: 312, Diff: 23, Sum: 601]
      [Scan RS (ms): Min: 15.7, Avg: 16.0, Max: 16.3, Diff: 0.6, Sum: 31.9]
      [Code Root Scanning (ms): Min: 0.2, Avg: 0.2, Max: 0.2, Diff: 0.0, Sum: 0.4]
      [Object Copy (ms): Min: 61.7, Avg: 62.5, Max: 63.4, Diff: 1.7, Sum: 125.0]
      [Termination (ms): Min: 0.0, Avg: 0.0, Max: 0.0, Diff: 0.0, Sum: 0.0]
      [GC Worker Other (ms): Min: 0.1, Avg: 0.1, Max: 0.2, Diff: 0.1, Sum: 0.2]
      [GC Worker Total (ms): Min: 167.0, Avg: 167.9, Max: 168.8, Diff: 1.8, Sum: 335.8]
      [GC Worker End (ms): Min: 63352871.7, Avg: 63352871.7, Max: 63352871.7, Diff: 0.0]
   [Code Root Fixup: 0.4 ms]
   [Code Root Migration: 0.1 ms]
   [Clear CT: 0.6 ms]
   [Other: 11.0 ms]
      [Choose CSet: 0.0 ms]
      [Ref Proc: 5.7 ms]
      [Ref Enq: 0.5 ms]
      [Free CSet: 1.8 ms]
   [Eden: 608.0M(436.0M)->0.0B(816.0M) Survivors: 52.0M->40.0M Heap: 1772.0M(4096.0M)->1172.0M(4096.0M)]
 [Times: user=0.35 sys=0.00, real=0.18 secs] 
2016-08-31T07:12:45.571+0200: 63415.706: [GC pause (young), 0.1585500 secs]
   [Parallel Time: 144.6 ms, GC Workers: 2]
      [GC Worker Start (ms): Min: 63415707.4, Avg: 63415707.4, Max: 63415707.4, Diff: 0.0]
      [Ext Root Scanning (ms): Min: 50.8, Avg: 50.8, Max: 50.9, Diff: 0.1, Sum: 101.7]
      [Update RS (ms): Min: 37.4, Avg: 37.7, Max: 38.0, Diff: 0.6, Sum: 75.4]
         [Processed Buffers: Min: 272, Avg: 309.0, Max: 346, Diff: 74, Sum: 618]
      [Scan RS (ms): Min: 11.0, Avg: 11.1, Max: 11.2, Diff: 0.2, Sum: 22.2]
      [Code Root Scanning (ms): Min: 0.2, Avg: 0.2, Max: 0.2, Diff: 0.0, Sum: 0.4]
      [Object Copy (ms): Min: 44.3, Avg: 44.6, Max: 44.9, Diff: 0.5, Sum: 89.2]
      [Termination (ms): Min: 0.0, Avg: 0.0, Max: 0.0, Diff: 0.0, Sum: 0.0]
      [GC Worker Other (ms): Min: 0.1, Avg: 0.1, Max: 0.2, Diff: 0.2, Sum: 0.3]
      [GC Worker Total (ms): Min: 144.5, Avg: 144.5, Max: 144.5, Diff: 0.0, Sum: 289.1]
      [GC Worker End (ms): Min: 63415852.0, Avg: 63415852.0, Max: 63415852.0, Diff: 0.0]
   [Code Root Fixup: 0.4 ms]
   [Code Root Migration: 0.1 ms]
   [Clear CT: 0.6 ms]
   [Other: 12.8 ms]
      [Choose CSet: 0.0 ms]
      [Ref Proc: 7.4 ms]
      [Ref Enq: 0.6 ms]
      [Free CSet: 2.0 ms]
   [Eden: 780.0M(544.0M)->0.0B(852.0M) Survivors: 40.0M->58.0M Heap: 1952.0M(4096.0M)->1191.0M(4096.0M)]
 [Times: user=0.30 sys=0.00, real=0.16 secs] 
2016-08-31T07:13:36.279+0200: 63466.414: [GC pause (young), 0.1638130 secs]
   [Parallel Time: 152.1 ms, GC Workers: 2]
      [GC Worker Start (ms): Min: 63466414.9, Avg: 63466414.9, Max: 63466414.9, Diff: 0.0]
      [Ext Root Scanning (ms): Min: 49.1, Avg: 49.2, Max: 49.3, Diff: 0.2, Sum: 98.4]
      [Update RS (ms): Min: 29.4, Avg: 30.1, Max: 30.8, Diff: 1.4, Sum: 60.1]
         [Processed Buffers: Min: 231, Avg: 249.5, Max: 268, Diff: 37, Sum: 499]
      [Scan RS (ms): Min: 16.3, Avg: 16.7, Max: 17.2, Diff: 0.9, Sum: 33.5]
      [Code Root Scanning (ms): Min: 0.2, Avg: 0.2, Max: 0.2, Diff: 0.0, Sum: 0.4]
      [Object Copy (ms): Min: 55.3, Avg: 55.7, Max: 56.1, Diff: 0.8, Sum: 111.4]
      [Termination (ms): Min: 0.0, Avg: 0.0, Max: 0.0, Diff: 0.0, Sum: 0.0]
      [GC Worker Other (ms): Min: 0.1, Avg: 0.1, Max: 0.2, Diff: 0.1, Sum: 0.2]
      [GC Worker Total (ms): Min: 152.0, Avg: 152.0, Max: 152.0, Diff: 0.0, Sum: 304.1]
      [GC Worker End (ms): Min: 63466566.9, Avg: 63466566.9, Max: 63466566.9, Diff: 0.0]
   [Code Root Fixup: 0.5 ms]
   [Code Root Migration: 0.1 ms]
   [Clear CT: 0.6 ms]
   [Other: 10.5 ms]
      [Choose CSet: 0.0 ms]
      [Ref Proc: 5.7 ms]
      [Ref Enq: 0.4 ms]
      [Free CSet: 1.9 ms]
   [Eden: 526.0M(526.0M)->0.0B(1596.0M) Survivors: 58.0M->24.0M Heap: 1717.0M(4096.0M)->1180.0M(4096.0M)]
 [Times: user=0.31 sys=0.00, real=0.17 secs] 
2016-08-31T07:14:57.926+0200: 63548.060: [GC pause (young), 0.1746620 secs]
   [Parallel Time: 163.2 ms, GC Workers: 2]
      [GC Worker Start (ms): Min: 63548061.7, Avg: 63548061.7, Max: 63548061.7, Diff: 0.0]
      [Ext Root Scanning (ms): Min: 53.1, Avg: 56.4, Max: 59.8, Diff: 6.7, Sum: 112.8]
      [Update RS (ms): Min: 34.8, Avg: 39.5, Max: 44.1, Diff: 9.3, Sum: 78.9]
         [Processed Buffers: Min: 241, Avg: 253.5, Max: 266, Diff: 25, Sum: 507]
      [Scan RS (ms): Min: 12.5, Avg: 12.8, Max: 13.1, Diff: 0.6, Sum: 25.6]
      [Code Root Scanning (ms): Min: 0.2, Avg: 0.2, Max: 0.2, Diff: 0.0, Sum: 0.4]
      [Object Copy (ms): Min: 46.9, Avg: 51.0, Max: 55.2, Diff: 8.3, Sum: 102.1]
      [Termination (ms): Min: 0.0, Avg: 3.1, Max: 6.3, Diff: 6.3, Sum: 6.3]
      [GC Worker Other (ms): Min: 0.1, Avg: 0.1, Max: 0.1, Diff: 0.0, Sum: 0.3]
      [GC Worker Total (ms): Min: 163.2, Avg: 163.2, Max: 163.2, Diff: 0.0, Sum: 326.4]
      [GC Worker End (ms): Min: 63548224.9, Avg: 63548224.9, Max: 63548224.9, Diff: 0.0]
   [Code Root Fixup: 0.3 ms]
   [Code Root Migration: 0.1 ms]
   [Clear CT: 0.5 ms]
   [Other: 10.5 ms]
      [Choose CSet: 0.0 ms]
      [Ref Proc: 6.3 ms]
      [Ref Enq: 0.4 ms]
      [Free CSet: 1.7 ms]
   [Eden: 964.0M(922.0M)->0.0B(968.0M) Survivors: 24.0M->44.0M Heap: 2144.0M(4096.0M)->1200.0M(4096.0M)]
 [Times: user=0.31 sys=0.00, real=0.17 secs] 
2016-08-31T07:15:49.313+0200: 63599.447: [GC pause (young), 0.1954310 secs]
   [Parallel Time: 179.8 ms, GC Workers: 2]
      [GC Worker Start (ms): Min: 63599448.6, Avg: 63599448.6, Max: 63599448.6, Diff: 0.0]
      [Ext Root Scanning (ms): Min: 55.2, Avg: 59.1, Max: 63.1, Diff: 7.8, Sum: 118.3]
      [Update RS (ms): Min: 29.8, Avg: 34.1, Max: 38.4, Diff: 8.6, Sum: 68.3]
         [Processed Buffers: Min: 288, Avg: 313.5, Max: 339, Diff: 51, Sum: 627]
      [Scan RS (ms): Min: 17.9, Avg: 18.1, Max: 18.4, Diff: 0.5, Sum: 36.3]
      [Code Root Scanning (ms): Min: 0.2, Avg: 0.2, Max: 0.3, Diff: 0.1, Sum: 0.4]
      [Object Copy (ms): Min: 67.8, Avg: 67.8, Max: 67.9, Diff: 0.2, Sum: 135.7]
      [Termination (ms): Min: 0.0, Avg: 0.0, Max: 0.0, Diff: 0.0, Sum: 0.0]
      [GC Worker Other (ms): Min: 0.2, Avg: 0.3, Max: 0.4, Diff: 0.3, Sum: 0.6]
      [GC Worker Total (ms): Min: 179.8, Avg: 179.8, Max: 179.8, Diff: 0.0, Sum: 359.5]
      [GC Worker End (ms): Min: 63599628.4, Avg: 63599628.4, Max: 63599628.4, Diff: 0.0]
   [Code Root Fixup: 0.6 ms]
   [Code Root Migration: 0.1 ms]
   [Clear CT: 1.1 ms]
   [Other: 13.7 ms]
      [Choose CSet: 0.0 ms]
      [Ref Proc: 8.1 ms]
      [Ref Enq: 0.6 ms]
      [Free CSet: 1.9 ms]
   [Eden: 632.0M(596.0M)->0.0B(576.0M) Survivors: 44.0M->70.0M Heap: 1832.0M(4096.0M)->1226.0M(4096.0M)]
 [Times: user=0.36 sys=0.00, real=0.19 secs] 
2016-08-31T07:16:33.168+0200: 63643.302: [GC pause (young), 0.1729750 secs]
   [Parallel Time: 162.0 ms, GC Workers: 2]
      [GC Worker Start (ms): Min: 63643303.6, Avg: 63643305.6, Max: 63643307.5, Diff: 3.9]
      [Ext Root Scanning (ms): Min: 47.9, Avg: 48.9, Max: 49.9, Diff: 1.9, Sum: 97.8]
      [Update RS (ms): Min: 27.6, Avg: 28.3, Max: 29.0, Diff: 1.4, Sum: 56.6]
         [Processed Buffers: Min: 217, Avg: 248.0, Max: 279, Diff: 62, Sum: 496]
      [Scan RS (ms): Min: 18.9, Avg: 19.4, Max: 19.8, Diff: 0.9, Sum: 38.7]
      [Code Root Scanning (ms): Min: 0.2, Avg: 0.2, Max: 0.2, Diff: 0.0, Sum: 0.4]
      [Object Copy (ms): Min: 62.4, Avg: 63.1, Max: 63.8, Diff: 1.4, Sum: 126.2]
      [Termination (ms): Min: 0.0, Avg: 0.0, Max: 0.0, Diff: 0.0, Sum: 0.0]
      [GC Worker Other (ms): Min: 0.2, Avg: 0.2, Max: 0.2, Diff: 0.0, Sum: 0.4]
      [GC Worker Total (ms): Min: 158.1, Avg: 160.0, Max: 162.0, Diff: 3.9, Sum: 320.0]
      [GC Worker End (ms): Min: 63643465.6, Avg: 63643465.6, Max: 63643465.6, Diff: 0.0]
   [Code Root Fixup: 0.5 ms]
   [Code Root Migration: 0.1 ms]
   [Clear CT: 0.6 ms]
   [Other: 9.8 ms]
      [Choose CSet: 0.0 ms]
      [Ref Proc: 5.3 ms]
      [Ref Enq: 0.4 ms]
      [Free CSet: 1.6 ms]
   [Eden: 470.0M(370.0M)->0.0B(1256.0M) Survivors: 70.0M->24.0M Heap: 1696.0M(4096.0M)->1218.5M(4096.0M)]
 [Times: user=0.33 sys=0.00, real=0.17 secs] 
2016-08-31T07:17:51.666+0200: 63721.800: [GC pause (young), 0.1908340 secs]
   [Parallel Time: 171.7 ms, GC Workers: 2]
      [GC Worker Start (ms): Min: 63721801.5, Avg: 63721801.5, Max: 63721801.5, Diff: 0.0]
      [Ext Root Scanning (ms): Min: 48.3, Avg: 48.9, Max: 49.5, Diff: 1.2, Sum: 97.8]
      [Update RS (ms): Min: 45.4, Avg: 45.6, Max: 45.9, Diff: 0.5, Sum: 91.3]
         [Processed Buffers: Min: 263, Avg: 276.0, Max: 289, Diff: 26, Sum: 552]
      [Scan RS (ms): Min: 15.1, Avg: 15.3, Max: 15.5, Diff: 0.4, Sum: 30.6]
      [Code Root Scanning (ms): Min: 0.3, Avg: 0.3, Max: 0.3, Diff: 0.1, Sum: 0.6]
      [Object Copy (ms): Min: 61.2, Avg: 61.3, Max: 61.3, Diff: 0.1, Sum: 122.6]
      [Termination (ms): Min: 0.0, Avg: 0.0, Max: 0.0, Diff: 0.0, Sum: 0.0]
      [GC Worker Other (ms): Min: 0.1, Avg: 0.2, Max: 0.2, Diff: 0.1, Sum: 0.3]
      [GC Worker Total (ms): Min: 171.6, Avg: 171.6, Max: 171.6, Diff: 0.0, Sum: 343.2]
      [GC Worker End (ms): Min: 63721973.1, Avg: 63721973.1, Max: 63721973.1, Diff: 0.0]
   [Code Root Fixup: 0.5 ms]
   [Code Root Migration: 0.2 ms]
   [Clear CT: 0.7 ms]
   [Other: 17.8 ms]
      [Choose CSet: 0.0 ms]
      [Ref Proc: 11.4 ms]
      [Ref Enq: 0.8 ms]
      [Free CSet: 3.1 ms]
   [Eden: 940.0M(892.0M)->0.0B(566.0M) Survivors: 24.0M->62.0M Heap: 2158.5M(4096.0M)->1256.5M(4096.0M)]
 [Times: user=0.36 sys=0.00, real=0.19 secs] 
2016-08-31T07:18:41.393+0200: 63771.528: [GC pause (young), 0.1774810 secs]
   [Parallel Time: 168.8 ms, GC Workers: 2]
      [GC Worker Start (ms): Min: 63771529.3, Avg: 63771529.3, Max: 63771529.3, Diff: 0.0]
      [Ext Root Scanning (ms): Min: 52.3, Avg: 52.8, Max: 53.3, Diff: 1.0, Sum: 105.6]
      [Update RS (ms): Min: 37.3, Avg: 37.6, Max: 37.8, Diff: 0.4, Sum: 75.1]
         [Processed Buffers: Min: 248, Avg: 276.0, Max: 304, Diff: 56, Sum: 552]
      [Scan RS (ms): Min: 21.3, Avg: 21.4, Max: 21.5, Diff: 0.2, Sum: 42.7]
      [Code Root Scanning (ms): Min: 0.2, Avg: 0.3, Max: 0.4, Diff: 0.2, Sum: 0.5]
      [Object Copy (ms): Min: 55.9, Avg: 56.6, Max: 57.4, Diff: 1.5, Sum: 113.3]
      [Termination (ms): Min: 0.0, Avg: 0.0, Max: 0.0, Diff: 0.0, Sum: 0.0]
      [GC Worker Other (ms): Min: 0.1, Avg: 0.1, Max: 0.2, Diff: 0.0, Sum: 0.3]
      [GC Worker Total (ms): Min: 168.8, Avg: 168.8, Max: 168.8, Diff: 0.0, Sum: 337.5]
      [GC Worker End (ms): Min: 63771698.1, Avg: 63771698.1, Max: 63771698.1, Diff: 0.0]
   [Code Root Fixup: 0.2 ms]
   [Code Root Migration: 0.1 ms]
   [Clear CT: 0.5 ms]
   [Other: 7.9 ms]
      [Choose CSet: 0.0 ms]
      [Ref Proc: 3.6 ms]
      [Ref Enq: 0.2 ms]
      [Free CSet: 1.2 ms]
   [Eden: 566.0M(566.0M)->0.0B(786.0M) Survivors: 62.0M->36.0M Heap: 1822.5M(4096.0M)->1258.0M(4096.0M)]
 [Times: user=0.33 sys=0.00, real=0.18 secs] 
2016-08-31T07:19:46.843+0200: 63836.977: [GC pause (young), 0.2670700 secs]
   [Parallel Time: 257.2 ms, GC Workers: 2]
      [GC Worker Start (ms): Min: 63836978.9, Avg: 63836980.5, Max: 63836982.2, Diff: 3.4]
      [Ext Root Scanning (ms): Min: 95.9, Avg: 96.0, Max: 96.1, Diff: 0.3, Sum: 192.0]
      [Update RS (ms): Min: 72.4, Avg: 73.7, Max: 75.0, Diff: 2.6, Sum: 147.4]
         [Processed Buffers: Min: 294, Avg: 338.0, Max: 382, Diff: 88, Sum: 676]
      [Scan RS (ms): Min: 16.3, Avg: 17.2, Max: 18.1, Diff: 1.8, Sum: 34.4]
      [Code Root Scanning (ms): Min: 0.1, Avg: 0.1, Max: 0.2, Diff: 0.1, Sum: 0.3]
      [Object Copy (ms): Min: 67.1, Avg: 68.3, Max: 69.5, Diff: 2.4, Sum: 136.6]
      [Termination (ms): Min: 0.0, Avg: 0.1, Max: 0.1, Diff: 0.1, Sum: 0.1]
      [GC Worker Other (ms): Min: 0.0, Avg: 0.1, Max: 0.1, Diff: 0.1, Sum: 0.1]
      [GC Worker Total (ms): Min: 253.8, Avg: 255.5, Max: 257.1, Diff: 3.3, Sum: 511.0]
      [GC Worker End (ms): Min: 63837236.0, Avg: 63837236.0, Max: 63837236.0, Diff: 0.0]
   [Code Root Fixup: 0.3 ms]
   [Code Root Migration: 0.1 ms]
   [Clear CT: 0.7 ms]
   [Other: 8.8 ms]
      [Choose CSet: 0.0 ms]
      [Ref Proc: 4.7 ms]
      [Ref Enq: 0.3 ms]
      [Free CSet: 1.3 ms]
   [Eden: 786.0M(786.0M)->0.0B(140.0M) Survivors: 36.0M->64.0M Heap: 2044.0M(4096.0M)->1285.0M(4096.0M)]
 [Times: user=0.27 sys=0.00, real=0.27 secs] 
2016-08-31T07:19:57.233+0200: 63847.367: [GC pause (young), 0.1467030 secs]
   [Parallel Time: 140.5 ms, GC Workers: 2]
      [GC Worker Start (ms): Min: 63847368.2, Avg: 63847368.7, Max: 63847369.3, Diff: 1.0]
      [Ext Root Scanning (ms): Min: 50.3, Avg: 50.4, Max: 50.6, Diff: 0.3, Sum: 100.8]
      [Update RS (ms): Min: 22.2, Avg: 23.6, Max: 25.0, Diff: 2.8, Sum: 47.1]
         [Processed Buffers: Min: 251, Avg: 258.0, Max: 265, Diff: 14, Sum: 516]
      [Scan RS (ms): Min: 12.0, Avg: 13.0, Max: 13.9, Diff: 1.9, Sum: 25.9]
      [Code Root Scanning (ms): Min: 0.1, Avg: 0.1, Max: 0.1, Diff: 0.0, Sum: 0.1]
      [Object Copy (ms): Min: 52.8, Avg: 52.9, Max: 53.0, Diff: 0.2, Sum: 105.8]
      [Termination (ms): Min: 0.0, Avg: 0.0, Max: 0.0, Diff: 0.0, Sum: 0.0]
      [GC Worker Other (ms): Min: 0.1, Avg: 0.1, Max: 0.1, Diff: 0.0, Sum: 0.1]
      [GC Worker Total (ms): Min: 139.5, Avg: 140.0, Max: 140.5, Diff: 1.0, Sum: 279.9]
      [GC Worker End (ms): Min: 63847508.7, Avg: 63847508.7, Max: 63847508.7, Diff: 0.0]
   [Code Root Fixup: 0.5 ms]
   [Code Root Migration: 0.0 ms]
   [Clear CT: 0.4 ms]
   [Other: 5.2 ms]
      [Choose CSet: 0.0 ms]
      [Ref Proc: 1.7 ms]
      [Ref Enq: 0.1 ms]
      [Free CSet: 0.9 ms]
   [Eden: 140.0M(140.0M)->0.0B(330.0M) Survivors: 64.0M->16.0M Heap: 1425.0M(4096.0M)->1274.0M(4096.0M)]
 [Times: user=0.28 sys=0.01, real=0.15 secs] 
2016-08-31T07:20:23.674+0200: 63873.809: [GC pause (young), 0.1512910 secs]
   [Parallel Time: 144.0 ms, GC Workers: 2]
      [GC Worker Start (ms): Min: 63873809.6, Avg: 63873809.6, Max: 63873809.6, Diff: 0.0]
      [Ext Root Scanning (ms): Min: 61.4, Avg: 65.0, Max: 68.6, Diff: 7.2, Sum: 130.0]
      [Update RS (ms): Min: 29.7, Avg: 35.9, Max: 42.2, Diff: 12.5, Sum: 71.9]
         [Processed Buffers: Min: 241, Avg: 266.5, Max: 292, Diff: 51, Sum: 533]
      [Scan RS (ms): Min: 7.5, Avg: 7.8, Max: 8.2, Diff: 0.6, Sum: 15.7]
      [Code Root Scanning (ms): Min: 0.1, Avg: 0.1, Max: 0.1, Diff: 0.1, Sum: 0.2]
      [Object Copy (ms): Min: 30.9, Avg: 33.8, Max: 36.7, Diff: 5.9, Sum: 67.6]
      [Termination (ms): Min: 0.0, Avg: 0.0, Max: 0.0, Diff: 0.0, Sum: 0.0]
      [GC Worker Other (ms): Min: 0.1, Avg: 0.1, Max: 0.1, Diff: 0.1, Sum: 0.2]
      [GC Worker Total (ms): Min: 142.7, Avg: 142.8, Max: 142.8, Diff: 0.0, Sum: 285.5]
      [GC Worker End (ms): Min: 63873952.3, Avg: 63873952.4, Max: 63873952.4, Diff: 0.0]
   [Code Root Fixup: 0.5 ms]
   [Code Root Migration: 0.1 ms]
   [Clear CT: 0.7 ms]
   [Other: 6.1 ms]
      [Choose CSet: 0.0 ms]
      [Ref Proc: 3.1 ms]
      [Ref Enq: 0.3 ms]
      [Free CSet: 1.0 ms]
   [Eden: 330.0M(330.0M)->0.0B(372.0M) Survivors: 16.0M->28.0M Heap: 1604.0M(4096.0M)->1285.0M(4096.0M)]
 [Times: user=0.21 sys=0.00, real=0.15 secs] 
2016-08-31T07:20:53.841+0200: 63903.976: [GC pause (young), 0.1437950 secs]
   [Parallel Time: 134.3 ms, GC Workers: 2]
      [GC Worker Start (ms): Min: 63903977.1, Avg: 63903977.3, Max: 63903977.5, Diff: 0.4]
      [Ext Root Scanning (ms): Min: 51.0, Avg: 51.1, Max: 51.2, Diff: 0.1, Sum: 102.2]
      [Update RS (ms): Min: 30.8, Avg: 30.9, Max: 31.0, Diff: 0.2, Sum: 61.8]
         [Processed Buffers: Min: 255, Avg: 272.5, Max: 290, Diff: 35, Sum: 545]
      [Scan RS (ms): Min: 10.4, Avg: 10.7, Max: 11.0, Diff: 0.5, Sum: 21.4]
      [Code Root Scanning (ms): Min: 0.1, Avg: 0.1, Max: 0.2, Diff: 0.1, Sum: 0.3]
      [Object Copy (ms): Min: 40.6, Avg: 41.1, Max: 41.7, Diff: 1.1, Sum: 82.3]
      [Termination (ms): Min: 0.0, Avg: 0.0, Max: 0.0, Diff: 0.0, Sum: 0.0]
      [GC Worker Other (ms): Min: 0.1, Avg: 0.1, Max: 0.1, Diff: 0.1, Sum: 0.2]
      [GC Worker Total (ms): Min: 133.9, Avg: 134.1, Max: 134.3, Diff: 0.4, Sum: 268.1]
      [GC Worker End (ms): Min: 63904111.3, Avg: 63904111.3, Max: 63904111.3, Diff: 0.0]
   [Code Root Fixup: 0.4 ms]
   [Code Root Migration: 0.1 ms]
   [Clear CT: 0.5 ms]
   [Other: 8.5 ms]
      [Choose CSet: 0.0 ms]
      [Ref Proc: 4.8 ms]
      [Ref Enq: 0.3 ms]
      [Free CSet: 1.1 ms]
   [Eden: 372.0M(372.0M)->0.0B(488.0M) Survivors: 28.0M->40.0M Heap: 1657.0M(4096.0M)->1298.0M(4096.0M)]
 [Times: user=0.28 sys=0.00, real=0.14 secs] 
2016-08-31T07:21:28.850+0200: 63938.984: [GC pause (young), 0.1589240 secs]
   [Parallel Time: 148.7 ms, GC Workers: 2]
      [GC Worker Start (ms): Min: 63938985.3, Avg: 63938985.3, Max: 63938985.4, Diff: 0.0]
      [Ext Root Scanning (ms): Min: 49.1, Avg: 49.5, Max: 50.0, Diff: 0.9, Sum: 99.0]
      [Update RS (ms): Min: 31.2, Avg: 31.3, Max: 31.3, Diff: 0.2, Sum: 62.5]
         [Processed Buffers: Min: 237, Avg: 251.5, Max: 266, Diff: 29, Sum: 503]
      [Scan RS (ms): Min: 14.1, Avg: 14.3, Max: 14.4, Diff: 0.3, Sum: 28.5]
      [Code Root Scanning (ms): Min: 0.1, Avg: 0.2, Max: 0.2, Diff: 0.0, Sum: 0.3]
      [Object Copy (ms): Min: 52.8, Avg: 53.2, Max: 53.5, Diff: 0.7, Sum: 106.4]
      [Termination (ms): Min: 0.0, Avg: 0.0, Max: 0.0, Diff: 0.0, Sum: 0.0]
      [GC Worker Other (ms): Min: 0.2, Avg: 0.2, Max: 0.2, Diff: 0.0, Sum: 0.4]
      [GC Worker Total (ms): Min: 148.6, Avg: 148.6, Max: 148.6, Diff: 0.0, Sum: 297.1]
      [GC Worker End (ms): Min: 63939133.9, Avg: 63939133.9, Max: 63939133.9, Diff: 0.0]
   [Code Root Fixup: 0.6 ms]
   [Code Root Migration: 0.1 ms]
   [Clear CT: 0.6 ms]
   [Other: 9.0 ms]
      [Choose CSet: 0.0 ms]
      [Ref Proc: 4.5 ms]
      [Ref Enq: 0.4 ms]
      [Free CSet: 1.5 ms]
   [Eden: 432.0M(270.0M)->0.0B(914.0M) Survivors: 40.0M->22.0M Heap: 1730.0M(4096.0M)->1309.7M(4096.0M)]
 [Times: user=0.31 sys=0.00, real=0.16 secs] 
2016-08-31T07:22:25.601+0200: 63995.736: [GC pause (young), 0.1684800 secs]
   [Parallel Time: 158.1 ms, GC Workers: 2]
      [GC Worker Start (ms): Min: 63995737.5, Avg: 63995737.5, Max: 63995737.5, Diff: 0.0]
      [Ext Root Scanning (ms): Min: 50.4, Avg: 50.4, Max: 50.5, Diff: 0.1, Sum: 100.9]
      [Update RS (ms): Min: 43.1, Avg: 43.3, Max: 43.6, Diff: 0.5, Sum: 86.7]
         [Processed Buffers: Min: 247, Avg: 269.5, Max: 292, Diff: 45, Sum: 539]
      [Scan RS (ms): Min: 15.1, Avg: 15.1, Max: 15.2, Diff: 0.1, Sum: 30.3]
      [Code Root Scanning (ms): Min: 0.3, Avg: 0.3, Max: 0.3, Diff: 0.0, Sum: 0.6]
      [Object Copy (ms): Min: 48.4, Avg: 48.6, Max: 48.9, Diff: 0.5, Sum: 97.3]
      [Termination (ms): Min: 0.0, Avg: 0.0, Max: 0.0, Diff: 0.0, Sum: 0.0]
      [GC Worker Other (ms): Min: 0.1, Avg: 0.2, Max: 0.2, Diff: 0.1, Sum: 0.3]
      [GC Worker Total (ms): Min: 158.0, Avg: 158.0, Max: 158.1, Diff: 0.0, Sum: 316.1]
      [GC Worker End (ms): Min: 63995895.6, Avg: 63995895.6, Max: 63995895.6, Diff: 0.0]
   [Code Root Fixup: 0.5 ms]
   [Code Root Migration: 0.1 ms]
   [Clear CT: 0.6 ms]
   [Other: 9.1 ms]
      [Choose CSet: 0.0 ms]
      [Ref Proc: 4.7 ms]
      [Ref Enq: 0.3 ms]
      [Free CSet: 1.6 ms]
   [Eden: 694.0M(694.0M)->0.0B(696.0M) Survivors: 22.0M->44.0M Heap: 2003.7M(4096.0M)->1330.7M(4096.0M)]
 [Times: user=0.33 sys=0.00, real=0.17 secs] 
2016-08-31T07:23:06.985+0200: 64037.120: [GC pause (young), 0.1684670 secs]
   [Parallel Time: 160.4 ms, GC Workers: 2]
      [GC Worker Start (ms): Min: 64037121.2, Avg: 64037122.4, Max: 64037123.6, Diff: 2.4]
      [Ext Root Scanning (ms): Min: 54.3, Avg: 56.0, Max: 57.8, Diff: 3.5, Sum: 112.0]
      [Update RS (ms): Min: 35.3, Avg: 35.7, Max: 36.1, Diff: 0.8, Sum: 71.4]
         [Processed Buffers: Min: 254, Avg: 254.0, Max: 254, Diff: 0, Sum: 508]
      [Scan RS (ms): Min: 15.5, Avg: 15.7, Max: 15.9, Diff: 0.4, Sum: 31.4]
      [Code Root Scanning (ms): Min: 0.2, Avg: 0.2, Max: 0.2, Diff: 0.1, Sum: 0.4]
      [Object Copy (ms): Min: 51.1, Avg: 51.4, Max: 51.8, Diff: 0.7, Sum: 102.9]
      [Termination (ms): Min: 0.0, Avg: 0.0, Max: 0.0, Diff: 0.0, Sum: 0.0]
      [GC Worker Other (ms): Min: 0.1, Avg: 0.2, Max: 0.2, Diff: 0.0, Sum: 0.3]
      [GC Worker Total (ms): Min: 158.0, Avg: 159.2, Max: 160.4, Diff: 2.4, Sum: 318.4]
      [GC Worker End (ms): Min: 64037281.6, Avg: 64037281.6, Max: 64037281.6, Diff: 0.0]
   [Code Root Fixup: 0.2 ms]
   [Code Root Migration: 0.1 ms]
   [Clear CT: 0.4 ms]
   [Other: 7.3 ms]
      [Choose CSet: 0.0 ms]
      [Ref Proc: 3.6 ms]
      [Ref Enq: 0.2 ms]
      [Free CSet: 1.1 ms]
   [Eden: 514.0M(448.0M)->0.0B(822.0M) Survivors: 44.0M->36.0M Heap: 1844.7M(4096.0M)->1344.0M(4096.0M)]
 [Times: user=0.32 sys=0.00, real=0.17 secs] 
2016-08-31T07:23:58.060+0200: 64088.194: [GC pause (young), 0.1696880 secs]
   [Parallel Time: 156.9 ms, GC Workers: 2]
      [GC Worker Start (ms): Min: 64088195.8, Avg: 64088195.8, Max: 64088195.8, Diff: 0.0]
      [Ext Root Scanning (ms): Min: 53.1, Avg: 56.3, Max: 59.6, Diff: 6.5, Sum: 112.7]
      [Update RS (ms): Min: 36.1, Avg: 39.8, Max: 43.4, Diff: 7.3, Sum: 79.6]
         [Processed Buffers: Min: 265, Avg: 275.5, Max: 286, Diff: 21, Sum: 551]
      [Scan RS (ms): Min: 13.2, Avg: 13.2, Max: 13.3, Diff: 0.1, Sum: 26.4]
      [Code Root Scanning (ms): Min: 0.2, Avg: 0.2, Max: 0.3, Diff: 0.1, Sum: 0.5]
      [Object Copy (ms): Min: 46.7, Avg: 47.1, Max: 47.5, Diff: 0.9, Sum: 94.2]
      [Termination (ms): Min: 0.0, Avg: 0.0, Max: 0.0, Diff: 0.0, Sum: 0.0]
      [GC Worker Other (ms): Min: 0.2, Avg: 0.2, Max: 0.2, Diff: 0.1, Sum: 0.4]
      [GC Worker Total (ms): Min: 156.8, Avg: 156.8, Max: 156.9, Diff: 0.0, Sum: 313.7]
      [GC Worker End (ms): Min: 64088352.7, Avg: 64088352.7, Max: 64088352.7, Diff: 0.0]
   [Code Root Fixup: 0.6 ms]
   [Code Root Migration: 0.1 ms]
   [Clear CT: 0.6 ms]
   [Other: 11.5 ms]
      [Choose CSet: 0.0 ms]
      [Ref Proc: 6.6 ms]
      [Ref Enq: 0.5 ms]
      [Free CSet: 1.8 ms]
   [Eden: 626.0M(558.0M)->0.0B(814.0M) Survivors: 36.0M->42.0M Heap: 1970.0M(4096.0M)->1350.0M(4096.0M)]
 [Times: user=0.31 sys=0.00, real=0.17 secs] 
2016-08-31T07:24:51.097+0200: 64141.232: [GC pause (young), 0.1770860 secs]
   [Parallel Time: 167.9 ms, GC Workers: 2]
      [GC Worker Start (ms): Min: 64141233.6, Avg: 64141233.7, Max: 64141233.7, Diff: 0.0]
      [Ext Root Scanning (ms): Min: 51.2, Avg: 51.5, Max: 51.8, Diff: 0.6, Sum: 103.0]
      [Update RS (ms): Min: 36.7, Avg: 36.8, Max: 36.8, Diff: 0.1, Sum: 73.5]
         [Processed Buffers: Min: 291, Avg: 325.0, Max: 359, Diff: 68, Sum: 650]
      [Scan RS (ms): Min: 16.1, Avg: 16.1, Max: 16.2, Diff: 0.1, Sum: 32.3]
      [Code Root Scanning (ms): Min: 0.2, Avg: 0.2, Max: 0.3, Diff: 0.1, Sum: 0.4]
      [Object Copy (ms): Min: 62.3, Avg: 62.8, Max: 63.3, Diff: 1.0, Sum: 125.6]
      [Termination (ms): Min: 0.0, Avg: 0.0, Max: 0.0, Diff: 0.0, Sum: 0.0]
      [GC Worker Other (ms): Min: 0.0, Avg: 0.2, Max: 0.4, Diff: 0.4, Sum: 0.5]
      [GC Worker Total (ms): Min: 167.7, Avg: 167.7, Max: 167.7, Diff: 0.0, Sum: 335.4]
      [GC Worker End (ms): Min: 64141401.3, Avg: 64141401.3, Max: 64141401.4, Diff: 0.0]
   [Code Root Fixup: 0.4 ms]
   [Code Root Migration: 0.1 ms]
   [Clear CT: 0.5 ms]
   [Other: 8.3 ms]
      [Choose CSet: 0.0 ms]
      [Ref Proc: 3.9 ms]
      [Ref Enq: 0.3 ms]
      [Free CSet: 1.3 ms]
   [Eden: 620.0M(488.0M)->0.0B(664.0M) Survivors: 42.0M->62.0M Heap: 1970.0M(4096.0M)->1380.0M(4096.0M)]
 [Times: user=0.34 sys=0.00, real=0.18 secs] 
2016-08-31T07:25:25.828+0200: 64175.963: [GC pause (young), 0.1706440 secs]
   [Parallel Time: 159.8 ms, GC Workers: 2]
      [GC Worker Start (ms): Min: 64175964.2, Avg: 64175964.2, Max: 64175964.2, Diff: 0.0]
      [Ext Root Scanning (ms): Min: 49.1, Avg: 49.3, Max: 49.5, Diff: 0.3, Sum: 98.6]
      [Update RS (ms): Min: 34.4, Avg: 34.7, Max: 35.1, Diff: 0.6, Sum: 69.5]
         [Processed Buffers: Min: 262, Avg: 272.0, Max: 282, Diff: 20, Sum: 544]
      [Scan RS (ms): Min: 15.6, Avg: 15.8, Max: 16.0, Diff: 0.5, Sum: 31.6]
      [Code Root Scanning (ms): Min: 0.1, Avg: 0.2, Max: 0.2, Diff: 0.1, Sum: 0.3]
      [Object Copy (ms): Min: 59.3, Avg: 59.5, Max: 59.6, Diff: 0.2, Sum: 118.9]
      [Termination (ms): Min: 0.0, Avg: 0.0, Max: 0.0, Diff: 0.0, Sum: 0.0]
      [GC Worker Other (ms): Min: 0.2, Avg: 0.2, Max: 0.2, Diff: 0.0, Sum: 0.5]
      [GC Worker Total (ms): Min: 159.7, Avg: 159.7, Max: 159.7, Diff: 0.0, Sum: 319.4]
      [GC Worker End (ms): Min: 64176123.9, Avg: 64176123.9, Max: 64176123.9, Diff: 0.0]
   [Code Root Fixup: 0.5 ms]
   [Code Root Migration: 0.1 ms]
   [Clear CT: 0.6 ms]
   [Other: 9.7 ms]
      [Choose CSet: 0.0 ms]
      [Ref Proc: 4.9 ms]
      [Ref Enq: 0.4 ms]
      [Free CSet: 1.5 ms]
   [Eden: 472.0M(392.0M)->0.0B(990.0M) Survivors: 62.0M->34.0M Heap: 1852.0M(4096.0M)->1379.0M(4096.0M)]
 [Times: user=0.33 sys=0.00, real=0.17 secs] 
2016-08-31T07:26:22.719+0200: 64232.853: [GC pause (young), 0.1701370 secs]
   [Parallel Time: 160.0 ms, GC Workers: 2]
      [GC Worker Start (ms): Min: 64232854.8, Avg: 64232854.8, Max: 64232854.8, Diff: 0.0]
      [Ext Root Scanning (ms): Min: 50.5, Avg: 51.7, Max: 53.0, Diff: 2.5, Sum: 103.4]
      [Update RS (ms): Min: 40.6, Avg: 41.8, Max: 43.1, Diff: 2.5, Sum: 83.6]
         [Processed Buffers: Min: 241, Avg: 270.5, Max: 300, Diff: 59, Sum: 541]
      [Scan RS (ms): Min: 14.2, Avg: 14.2, Max: 14.2, Diff: 0.0, Sum: 28.4]
      [Code Root Scanning (ms): Min: 0.2, Avg: 0.3, Max: 0.3, Diff: 0.1, Sum: 0.5]
      [Object Copy (ms): Min: 51.7, Avg: 51.7, Max: 51.8, Diff: 0.1, Sum: 103.5]
      [Termination (ms): Min: 0.0, Avg: 0.0, Max: 0.0, Diff: 0.0, Sum: 0.0]
      [GC Worker Other (ms): Min: 0.1, Avg: 0.1, Max: 0.2, Diff: 0.2, Sum: 0.3]
      [GC Worker Total (ms): Min: 159.8, Avg: 159.9, Max: 159.9, Diff: 0.1, Sum: 319.7]
      [GC Worker End (ms): Min: 64233014.7, Avg: 64233014.7, Max: 64233014.7, Diff: 0.1]
   [Code Root Fixup: 0.3 ms]
   [Code Root Migration: 0.1 ms]
   [Clear CT: 0.5 ms]
   [Other: 9.2 ms]
      [Choose CSet: 0.0 ms]
      [Ref Proc: 5.0 ms]
      [Ref Enq: 0.3 ms]
      [Free CSet: 1.6 ms]
   [Eden: 720.0M(654.0M)->0.0B(880.0M) Survivors: 34.0M->48.0M Heap: 2099.0M(4096.0M)->1392.0M(4096.0M)]
 [Times: user=0.33 sys=0.00, real=0.17 secs] 
2016-08-31T07:27:05.544+0200: 64275.678: [GC pause (young), 0.1676510 secs]
   [Parallel Time: 156.1 ms, GC Workers: 2]
      [GC Worker Start (ms): Min: 64275679.7, Avg: 64275679.7, Max: 64275679.7, Diff: 0.0]
      [Ext Root Scanning (ms): Min: 50.9, Avg: 50.9, Max: 51.0, Diff: 0.1, Sum: 101.9]
      [Update RS (ms): Min: 32.7, Avg: 33.3, Max: 34.0, Diff: 1.4, Sum: 66.7]
         [Processed Buffers: Min: 247, Avg: 264.0, Max: 281, Diff: 34, Sum: 528]
      [Scan RS (ms): Min: 15.3, Avg: 15.4, Max: 15.5, Diff: 0.2, Sum: 30.8]
      [Code Root Scanning (ms): Min: 0.2, Avg: 0.2, Max: 0.2, Diff: 0.0, Sum: 0.4]
      [Object Copy (ms): Min: 55.5, Avg: 55.9, Max: 56.4, Diff: 0.9, Sum: 111.9]
      [Termination (ms): Min: 0.0, Avg: 0.0, Max: 0.0, Diff: 0.0, Sum: 0.0]
      [GC Worker Other (ms): Min: 0.1, Avg: 0.1, Max: 0.2, Diff: 0.1, Sum: 0.2]
      [GC Worker Total (ms): Min: 155.9, Avg: 155.9, Max: 155.9, Diff: 0.0, Sum: 311.8]
      [GC Worker End (ms): Min: 64275835.6, Avg: 64275835.6, Max: 64275835.6, Diff: 0.0]
   [Code Root Fixup: 0.5 ms]
   [Code Root Migration: 0.1 ms]
   [Clear CT: 1.1 ms]
   [Other: 9.9 ms]
      [Choose CSet: 0.0 ms]
      [Ref Proc: 5.4 ms]
      [Ref Enq: 0.4 ms]
      [Free CSet: 1.7 ms]
   [Eden: 526.0M(526.0M)->0.0B(978.0M) Survivors: 48.0M->42.0M Heap: 1918.0M(4096.0M)->1395.0M(4096.0M)]
 [Times: user=0.33 sys=0.00, real=0.16 secs] 
2016-08-31T07:27:50.710+0200: 64320.844: [GC pause (young), 0.1802070 secs]
   [Parallel Time: 171.0 ms, GC Workers: 2]
      [GC Worker Start (ms): Min: 64320845.8, Avg: 64320847.5, Max: 64320849.2, Diff: 3.4]
      [Ext Root Scanning (ms): Min: 53.1, Avg: 54.7, Max: 56.4, Diff: 3.3, Sum: 109.4]
      [Update RS (ms): Min: 35.4, Avg: 36.2, Max: 36.9, Diff: 1.5, Sum: 72.3]
         [Processed Buffers: Min: 270, Avg: 313.0, Max: 356, Diff: 86, Sum: 626]
      [Scan RS (ms): Min: 16.5, Avg: 16.7, Max: 16.9, Diff: 0.4, Sum: 33.3]
      [Code Root Scanning (ms): Min: 0.2, Avg: 0.2, Max: 0.2, Diff: 0.1, Sum: 0.4]
      [Object Copy (ms): Min: 60.9, Avg: 61.5, Max: 62.0, Diff: 1.1, Sum: 122.9]
      [Termination (ms): Min: 0.0, Avg: 0.0, Max: 0.0, Diff: 0.0, Sum: 0.0]
      [GC Worker Other (ms): Min: 0.0, Avg: 0.1, Max: 0.1, Diff: 0.0, Sum: 0.1]
      [GC Worker Total (ms): Min: 167.6, Avg: 169.3, Max: 171.0, Diff: 3.4, Sum: 338.6]
      [GC Worker End (ms): Min: 64321016.8, Avg: 64321016.8, Max: 64321016.8, Diff: 0.0]
   [Code Root Fixup: 0.3 ms]
   [Code Root Migration: 0.1 ms]
   [Clear CT: 0.5 ms]
   [Other: 8.3 ms]
      [Choose CSet: 0.0 ms]
      [Ref Proc: 3.8 ms]
      [Ref Enq: 0.2 ms]
      [Free CSet: 1.4 ms]
   [Eden: 566.0M(566.0M)->0.0B(810.0M) Survivors: 42.0M->50.0M Heap: 1961.0M(4096.0M)->1415.0M(4096.0M)]
 [Times: user=0.34 sys=0.00, real=0.18 secs] 
2016-08-31T07:28:41.376+0200: 64371.511: [GC pause (young), 0.1689300 secs]
   [Parallel Time: 159.3 ms, GC Workers: 2]
      [GC Worker Start (ms): Min: 64371512.1, Avg: 64371512.1, Max: 64371512.1, Diff: 0.0]
      [Ext Root Scanning (ms): Min: 50.5, Avg: 51.3, Max: 52.1, Diff: 1.6, Sum: 102.7]
      [Update RS (ms): Min: 36.3, Avg: 36.4, Max: 36.4, Diff: 0.1, Sum: 72.8]
         [Processed Buffers: Min: 253, Avg: 269.0, Max: 285, Diff: 32, Sum: 538]
      [Scan RS (ms): Min: 16.1, Avg: 16.2, Max: 16.4, Diff: 0.4, Sum: 32.5]
      [Code Root Scanning (ms): Min: 0.2, Avg: 0.2, Max: 0.3, Diff: 0.1, Sum: 0.4]
      [Object Copy (ms): Min: 54.3, Avg: 54.8, Max: 55.4, Diff: 1.1, Sum: 109.7]
      [Termination (ms): Min: 0.0, Avg: 0.0, Max: 0.0, Diff: 0.0, Sum: 0.0]
      [GC Worker Other (ms): Min: 0.2, Avg: 0.2, Max: 0.2, Diff: 0.0, Sum: 0.4]
      [GC Worker Total (ms): Min: 159.2, Avg: 159.2, Max: 159.3, Diff: 0.0, Sum: 318.5]
      [GC Worker End (ms): Min: 64371671.4, Avg: 64371671.4, Max: 64371671.4, Diff: 0.0]
   [Code Root Fixup: 0.3 ms]
   [Code Root Migration: 0.1 ms]
   [Clear CT: 0.5 ms]
   [Other: 8.7 ms]
      [Choose CSet: 0.0 ms]
      [Ref Proc: 4.5 ms]
      [Ref Enq: 0.2 ms]
      [Free CSet: 1.3 ms]
   [Eden: 568.0M(490.0M)->0.0B(1128.0M) Survivors: 50.0M->34.0M Heap: 1983.0M(4096.0M)->1417.0M(4096.0M)]
 [Times: user=0.31 sys=0.00, real=0.17 secs] 
2016-08-31T07:29:43.612+0200: 64433.747: [GC pause (young), 0.1687950 secs]
   [Parallel Time: 158.6 ms, GC Workers: 2]
      [GC Worker Start (ms): Min: 64433748.4, Avg: 64433748.4, Max: 64433748.4, Diff: 0.0]
      [Ext Root Scanning (ms): Min: 51.0, Avg: 51.1, Max: 51.2, Diff: 0.2, Sum: 102.2]
      [Update RS (ms): Min: 41.5, Avg: 41.7, Max: 41.8, Diff: 0.3, Sum: 83.3]
         [Processed Buffers: Min: 292, Avg: 319.0, Max: 346, Diff: 54, Sum: 638]
      [Scan RS (ms): Min: 14.9, Avg: 15.1, Max: 15.3, Diff: 0.4, Sum: 30.1]
      [Code Root Scanning (ms): Min: 0.3, Avg: 0.3, Max: 0.3, Diff: 0.0, Sum: 0.6]
      [Object Copy (ms): Min: 50.1, Avg: 50.2, Max: 50.3, Diff: 0.1, Sum: 100.4]
      [Termination (ms): Min: 0.0, Avg: 0.0, Max: 0.0, Diff: 0.0, Sum: 0.0]
      [GC Worker Other (ms): Min: 0.1, Avg: 0.1, Max: 0.2, Diff: 0.1, Sum: 0.2]
      [GC Worker Total (ms): Min: 158.4, Avg: 158.4, Max: 158.5, Diff: 0.0, Sum: 316.9]
      [GC Worker End (ms): Min: 64433906.8, Avg: 64433906.8, Max: 64433906.8, Diff: 0.0]
   [Code Root Fixup: 0.3 ms]
   [Code Root Migration: 0.1 ms]
   [Clear CT: 0.5 ms]
   [Other: 9.3 ms]
      [Choose CSet: 0.0 ms]
      [Ref Proc: 4.8 ms]
      [Ref Enq: 0.3 ms]
      [Free CSet: 1.5 ms]
   [Eden: 784.0M(784.0M)->0.0B(892.0M) Survivors: 34.0M->60.0M Heap: 2201.0M(4096.0M)->1443.0M(4096.0M)]
 [Times: user=0.33 sys=0.00, real=0.17 secs] 
2016-08-31T07:30:24.463+0200: 64474.598: [GC pause (young), 0.1537850 secs]
   [Parallel Time: 144.4 ms, GC Workers: 2]
      [GC Worker Start (ms): Min: 64474598.7, Avg: 64474599.6, Max: 64474600.5, Diff: 1.8]
      [Ext Root Scanning (ms): Min: 46.6, Avg: 49.4, Max: 52.2, Diff: 5.6, Sum: 98.8]
      [Update RS (ms): Min: 25.6, Avg: 30.0, Max: 34.3, Diff: 8.7, Sum: 59.9]
         [Processed Buffers: Min: 240, Avg: 269.0, Max: 298, Diff: 58, Sum: 538]
      [Scan RS (ms): Min: 13.0, Avg: 13.2, Max: 13.4, Diff: 0.4, Sum: 26.4]
      [Code Root Scanning (ms): Min: 0.1, Avg: 0.2, Max: 0.2, Diff: 0.0, Sum: 0.3]
      [Object Copy (ms): Min: 49.7, Avg: 50.6, Max: 51.5, Diff: 1.8, Sum: 101.2]
      [Termination (ms): Min: 0.0, Avg: 0.0, Max: 0.0, Diff: 0.0, Sum: 0.0]
      [GC Worker Other (ms): Min: 0.0, Avg: 0.1, Max: 0.2, Diff: 0.1, Sum: 0.2]
      [GC Worker Total (ms): Min: 142.6, Avg: 143.5, Max: 144.4, Diff: 1.8, Sum: 286.9]
      [GC Worker End (ms): Min: 64474743.1, Avg: 64474743.1, Max: 64474743.1, Diff: 0.0]
   [Code Root Fixup: 0.3 ms]
   [Code Root Migration: 0.1 ms]
   [Clear CT: 0.9 ms]
   [Other: 8.1 ms]
      [Choose CSet: 0.0 ms]
      [Ref Proc: 4.2 ms]
      [Ref Enq: 0.3 ms]
      [Free CSet: 1.3 ms]
   [Eden: 534.0M(526.0M)->0.0B(1430.0M) Survivors: 60.0M->38.0M Heap: 1977.0M(4096.0M)->1446.0M(4096.0M)]
 [Times: user=0.26 sys=0.00, real=0.15 secs] 
2016-08-31T07:31:32.861+0200: 64542.996: [GC pause (young), 0.1943400 secs]
   [Parallel Time: 179.3 ms, GC Workers: 2]
      [GC Worker Start (ms): Min: 64542997.6, Avg: 64542997.8, Max: 64542997.9, Diff: 0.3]
      [Ext Root Scanning (ms): Min: 65.9, Avg: 66.0, Max: 66.1, Diff: 0.2, Sum: 132.1]
      [Update RS (ms): Min: 47.0, Avg: 47.4, Max: 47.9, Diff: 0.9, Sum: 94.9]
         [Processed Buffers: Min: 242, Avg: 264.5, Max: 287, Diff: 45, Sum: 529]
      [Scan RS (ms): Min: 16.5, Avg: 16.5, Max: 16.5, Diff: 0.0, Sum: 33.0]
      [Code Root Scanning (ms): Min: 0.3, Avg: 0.3, Max: 0.3, Diff: 0.1, Sum: 0.6]
      [Object Copy (ms): Min: 48.5, Avg: 48.7, Max: 49.0, Diff: 0.5, Sum: 97.5]
      [Termination (ms): Min: 0.0, Avg: 0.0, Max: 0.0, Diff: 0.0, Sum: 0.0]
      [GC Worker Other (ms): Min: 0.1, Avg: 0.1, Max: 0.1, Diff: 0.1, Sum: 0.2]
      [GC Worker Total (ms): Min: 178.9, Avg: 179.1, Max: 179.3, Diff: 0.3, Sum: 358.2]
      [GC Worker End (ms): Min: 64543176.9, Avg: 64543176.9, Max: 64543176.9, Diff: 0.0]
   [Code Root Fixup: 0.6 ms]
   [Code Root Migration: 0.1 ms]
   [Clear CT: 0.6 ms]
   [Other: 13.7 ms]
      [Choose CSet: 0.0 ms]
      [Ref Proc: 9.0 ms]
      [Ref Enq: 0.4 ms]
      [Free CSet: 1.9 ms]
   [Eden: 888.0M(888.0M)->0.0B(722.0M) Survivors: 38.0M->50.0M Heap: 2334.0M(4096.0M)->1458.0M(4096.0M)]
 [Times: user=0.35 sys=0.00, real=0.20 secs] 
2016-08-31T07:32:18.331+0200: 64588.466: [GC pause (young), 0.1829030 secs]
   [Parallel Time: 173.0 ms, GC Workers: 2]
      [GC Worker Start (ms): Min: 64588467.3, Avg: 64588467.3, Max: 64588467.4, Diff: 0.1]
      [Ext Root Scanning (ms): Min: 49.6, Avg: 49.8, Max: 50.0, Diff: 0.4, Sum: 99.6]
      [Update RS (ms): Min: 33.6, Avg: 33.8, Max: 34.0, Diff: 0.4, Sum: 67.5]
         [Processed Buffers: Min: 294, Avg: 307.5, Max: 321, Diff: 27, Sum: 615]
      [Scan RS (ms): Min: 17.7, Avg: 17.8, Max: 18.0, Diff: 0.3, Sum: 35.7]
      [Code Root Scanning (ms): Min: 0.2, Avg: 0.2, Max: 0.2, Diff: 0.1, Sum: 0.4]
      [Object Copy (ms): Min: 66.1, Avg: 68.7, Max: 71.3, Diff: 5.2, Sum: 137.4]
      [Termination (ms): Min: 0.0, Avg: 2.4, Max: 4.9, Diff: 4.9, Sum: 4.9]
      [GC Worker Other (ms): Min: 0.1, Avg: 0.2, Max: 0.2, Diff: 0.0, Sum: 0.3]
      [GC Worker Total (ms): Min: 172.9, Avg: 172.9, Max: 172.9, Diff: 0.0, Sum: 345.8]
      [GC Worker End (ms): Min: 64588640.2, Avg: 64588640.2, Max: 64588640.3, Diff: 0.0]
   [Code Root Fixup: 0.3 ms]
   [Code Root Migration: 0.1 ms]
   [Clear CT: 0.5 ms]
   [Other: 9.0 ms]
      [Choose CSet: 0.0 ms]
      [Ref Proc: 4.5 ms]
      [Ref Enq: 0.2 ms]
      [Free CSet: 1.4 ms]
   [Eden: 542.0M(436.0M)->0.0B(664.0M) Survivors: 50.0M->44.0M Heap: 2000.0M(4096.0M)->1477.0M(4096.0M)]
 [Times: user=0.35 sys=0.00, real=0.18 secs] 
2016-08-31T07:33:11.655+0200: 64641.789: [GC pause (young), 0.1424570 secs]
   [Parallel Time: 132.8 ms, GC Workers: 2]
      [GC Worker Start (ms): Min: 64641790.3, Avg: 64641790.5, Max: 64641790.6, Diff: 0.3]
      [Ext Root Scanning (ms): Min: 37.8, Avg: 49.6, Max: 61.3, Diff: 23.5, Sum: 99.1]
      [Update RS (ms): Min: 21.9, Avg: 33.5, Max: 45.0, Diff: 23.1, Sum: 66.9]
         [Processed Buffers: Min: 250, Avg: 292.5, Max: 335, Diff: 85, Sum: 585]
      [Scan RS (ms): Min: 12.8, Avg: 12.8, Max: 12.9, Diff: 0.1, Sum: 25.7]
      [Code Root Scanning (ms): Min: 0.1, Avg: 0.1, Max: 0.2, Diff: 0.1, Sum: 0.2]
      [Object Copy (ms): Min: 36.5, Avg: 36.6, Max: 36.6, Diff: 0.1, Sum: 73.1]
      [Termination (ms): Min: 0.0, Avg: 0.0, Max: 0.0, Diff: 0.0, Sum: 0.0]
      [GC Worker Other (ms): Min: 0.0, Avg: 0.1, Max: 0.1, Diff: 0.1, Sum: 0.2]
      [GC Worker Total (ms): Min: 132.5, Avg: 132.6, Max: 132.7, Diff: 0.3, Sum: 265.2]
      [GC Worker End (ms): Min: 64641923.1, Avg: 64641923.1, Max: 64641923.1, Diff: 0.0]
   [Code Root Fixup: 0.3 ms]
   [Code Root Migration: 0.1 ms]
   [Clear CT: 0.4 ms]
   [Other: 8.8 ms]
      [Choose CSet: 0.0 ms]
      [Ref Proc: 5.0 ms]
      [Ref Enq: 0.4 ms]
      [Free CSet: 1.4 ms]
   [Eden: 664.0M(664.0M)->0.0B(1260.0M) Survivors: 44.0M->44.0M Heap: 2141.0M(4096.0M)->1478.0M(4096.0M)]
 [Times: user=0.20 sys=0.00, real=0.14 secs] 
2016-08-31T07:34:12.973+0200: 64703.107: [GC pause (young), 0.1750170 secs]
   [Parallel Time: 164.6 ms, GC Workers: 2]
      [GC Worker Start (ms): Min: 64703108.8, Avg: 64703108.9, Max: 64703108.9, Diff: 0.0]
      [Ext Root Scanning (ms): Min: 49.4, Avg: 50.2, Max: 51.0, Diff: 1.6, Sum: 100.4]
      [Update RS (ms): Min: 39.2, Avg: 39.4, Max: 39.7, Diff: 0.4, Sum: 78.9]
         [Processed Buffers: Min: 312, Avg: 313.0, Max: 314, Diff: 2, Sum: 626]
      [Scan RS (ms): Min: 17.0, Avg: 17.1, Max: 17.1, Diff: 0.1, Sum: 34.2]
      [Code Root Scanning (ms): Min: 0.2, Avg: 0.3, Max: 0.3, Diff: 0.1, Sum: 0.5]
      [Object Copy (ms): Min: 56.7, Avg: 57.3, Max: 57.9, Diff: 1.2, Sum: 114.6]
      [Termination (ms): Min: 0.0, Avg: 0.0, Max: 0.0, Diff: 0.0, Sum: 0.0]
      [GC Worker Other (ms): Min: 0.1, Avg: 0.1, Max: 0.2, Diff: 0.1, Sum: 0.2]
      [GC Worker Total (ms): Min: 164.4, Avg: 164.4, Max: 164.5, Diff: 0.0, Sum: 328.9]
      [GC Worker End (ms): Min: 64703273.3, Avg: 64703273.3, Max: 64703273.3, Diff: 0.0]
   [Code Root Fixup: 0.3 ms]
   [Code Root Migration: 0.1 ms]
   [Clear CT: 0.5 ms]
   [Other: 9.5 ms]
      [Choose CSet: 0.0 ms]
      [Ref Proc: 4.9 ms]
      [Ref Enq: 0.3 ms]
      [Free CSet: 1.5 ms]
   [Eden: 730.0M(730.0M)->0.0B(1090.0M) Survivors: 44.0M->66.0M Heap: 2208.0M(4096.0M)->1500.0M(4096.0M)]
 [Times: user=0.34 sys=0.00, real=0.18 secs] 
2016-08-31T07:35:01.664+0200: 64751.798: [GC pause (young), 0.1801430 secs]
   [Parallel Time: 168.4 ms, GC Workers: 2]
      [GC Worker Start (ms): Min: 64751799.4, Avg: 64751799.4, Max: 64751799.4, Diff: 0.0]
      [Ext Root Scanning (ms): Min: 51.2, Avg: 51.5, Max: 51.8, Diff: 0.7, Sum: 103.0]
      [Update RS (ms): Min: 31.1, Avg: 31.2, Max: 31.3, Diff: 0.2, Sum: 62.3]
         [Processed Buffers: Min: 245, Avg: 256.0, Max: 267, Diff: 22, Sum: 512]
      [Scan RS (ms): Min: 19.3, Avg: 19.5, Max: 19.7, Diff: 0.4, Sum: 39.1]
      [Code Root Scanning (ms): Min: 0.2, Avg: 0.2, Max: 0.2, Diff: 0.1, Sum: 0.4]
      [Object Copy (ms): Min: 65.5, Avg: 65.7, Max: 65.9, Diff: 0.4, Sum: 131.4]
      [Termination (ms): Min: 0.0, Avg: 0.0, Max: 0.0, Diff: 0.0, Sum: 0.0]
      [GC Worker Other (ms): Min: 0.2, Avg: 0.2, Max: 0.2, Diff: 0.0, Sum: 0.4]
      [GC Worker Total (ms): Min: 168.3, Avg: 168.3, Max: 168.3, Diff: 0.0, Sum: 336.6]
      [GC Worker End (ms): Min: 64751967.7, Avg: 64751967.7, Max: 64751967.7, Diff: 0.0]
   [Code Root Fixup: 0.5 ms]
   [Code Root Migration: 0.1 ms]
   [Clear CT: 0.6 ms]
   [Other: 10.4 ms]
      [Choose CSet: 0.0 ms]
      [Ref Proc: 5.5 ms]
      [Ref Enq: 0.4 ms]
      [Free CSet: 1.7 ms]
   [Eden: 572.0M(572.0M)->0.0B(1502.0M) Survivors: 66.0M->28.0M Heap: 2072.0M(4096.0M)->1496.8M(4096.0M)]
 [Times: user=0.35 sys=0.00, real=0.18 secs] 
2016-08-31T07:36:17.025+0200: 64827.160: [GC pause (young), 0.2025830 secs]
   [Parallel Time: 184.3 ms, GC Workers: 2]
      [GC Worker Start (ms): Min: 64827161.6, Avg: 64827161.6, Max: 64827161.6, Diff: 0.0]
      [Ext Root Scanning (ms): Min: 49.6, Avg: 49.7, Max: 49.8, Diff: 0.3, Sum: 99.4]
      [Update RS (ms): Min: 45.8, Avg: 46.1, Max: 46.4, Diff: 0.6, Sum: 92.2]
         [Processed Buffers: Min: 308, Avg: 323.5, Max: 339, Diff: 31, Sum: 647]
      [Scan RS (ms): Min: 16.8, Avg: 17.0, Max: 17.3, Diff: 0.6, Sum: 34.1]
      [Code Root Scanning (ms): Min: 0.3, Avg: 0.3, Max: 0.4, Diff: 0.1, Sum: 0.6]
      [Object Copy (ms): Min: 70.7, Avg: 70.9, Max: 71.1, Diff: 0.4, Sum: 141.8]
      [Termination (ms): Min: 0.0, Avg: 0.0, Max: 0.0, Diff: 0.0, Sum: 0.0]
      [GC Worker Other (ms): Min: 0.2, Avg: 0.2, Max: 0.2, Diff: 0.0, Sum: 0.3]
      [GC Worker Total (ms): Min: 184.2, Avg: 184.2, Max: 184.2, Diff: 0.0, Sum: 368.4]
      [GC Worker End (ms): Min: 64827345.8, Avg: 64827345.8, Max: 64827345.8, Diff: 0.0]
   [Code Root Fixup: 0.5 ms]
   [Code Root Migration: 0.2 ms]
   [Clear CT: 0.8 ms]
   [Other: 16.9 ms]
      [Choose CSet: 0.0 ms]
      [Ref Proc: 10.3 ms]
      [Ref Enq: 0.7 ms]
      [Free CSet: 2.7 ms]
   [Eden: 968.0M(930.0M)->0.0B(546.0M) Survivors: 28.0M->66.0M Heap: 2464.8M(4096.0M)->1534.8M(4096.0M)]
 [Times: user=0.39 sys=0.00, real=0.21 secs] 
2016-08-31T07:36:59.907+0200: 64870.042: [GC pause (young), 0.1872260 secs]
   [Parallel Time: 173.7 ms, GC Workers: 2]
      [GC Worker Start (ms): Min: 64870043.1, Avg: 64870043.1, Max: 64870043.1, Diff: 0.0]
      [Ext Root Scanning (ms): Min: 51.2, Avg: 52.3, Max: 53.4, Diff: 2.2, Sum: 104.5]
      [Update RS (ms): Min: 31.7, Avg: 32.6, Max: 33.5, Diff: 1.8, Sum: 65.2]
         [Processed Buffers: Min: 225, Avg: 250.0, Max: 275, Diff: 50, Sum: 500]
      [Scan RS (ms): Min: 17.7, Avg: 17.8, Max: 17.9, Diff: 0.1, Sum: 35.6]
      [Code Root Scanning (ms): Min: 0.2, Avg: 0.2, Max: 0.2, Diff: 0.1, Sum: 0.4]
      [Object Copy (ms): Min: 70.3, Avg: 70.5, Max: 70.6, Diff: 0.3, Sum: 140.9]
      [Termination (ms): Min: 0.0, Avg: 0.0, Max: 0.0, Diff: 0.0, Sum: 0.0]
      [GC Worker Other (ms): Min: 0.2, Avg: 0.2, Max: 0.2, Diff: 0.1, Sum: 0.4]
      [GC Worker Total (ms): Min: 173.5, Avg: 173.5, Max: 173.5, Diff: 0.0, Sum: 347.0]
      [GC Worker End (ms): Min: 64870216.6, Avg: 64870216.6, Max: 64870216.6, Diff: 0.0]
   [Code Root Fixup: 0.4 ms]
   [Code Root Migration: 0.1 ms]
   [Clear CT: 0.6 ms]
   [Other: 12.4 ms]
      [Choose CSet: 0.0 ms]
      [Ref Proc: 7.7 ms]
      [Ref Enq: 0.5 ms]
      [Free CSet: 1.6 ms]
   [Eden: 546.0M(546.0M)->0.0B(736.0M) Survivors: 66.0M->30.0M Heap: 2080.8M(4096.0M)->1529.0M(4096.0M)]
 [Times: user=0.36 sys=0.00, real=0.19 secs] 
2016-08-31T07:37:55.703+0200: 64925.837: [GC pause (young), 0.1725010 secs]
   [Parallel Time: 161.0 ms, GC Workers: 2]
      [GC Worker Start (ms): Min: 64925839.0, Avg: 64925839.1, Max: 64925839.1, Diff: 0.0]
      [Ext Root Scanning (ms): Min: 50.7, Avg: 51.8, Max: 52.9, Diff: 2.2, Sum: 103.6]
      [Update RS (ms): Min: 39.8, Avg: 40.9, Max: 41.9, Diff: 2.1, Sum: 81.7]
         [Processed Buffers: Min: 253, Avg: 270.0, Max: 287, Diff: 34, Sum: 540]
      [Scan RS (ms): Min: 14.1, Avg: 14.8, Max: 15.4, Diff: 1.3, Sum: 29.5]
      [Code Root Scanning (ms): Min: 0.3, Avg: 0.3, Max: 0.3, Diff: 0.0, Sum: 0.5]
      [Object Copy (ms): Min: 52.3, Avg: 53.1, Max: 53.8, Diff: 1.5, Sum: 106.2]
      [Termination (ms): Min: 0.0, Avg: 0.0, Max: 0.0, Diff: 0.0, Sum: 0.0]
      [GC Worker Other (ms): Min: 0.1, Avg: 0.1, Max: 0.1, Diff: 0.1, Sum: 0.2]
      [GC Worker Total (ms): Min: 160.9, Avg: 160.9, Max: 160.9, Diff: 0.0, Sum: 321.7]
      [GC Worker End (ms): Min: 64925999.9, Avg: 64925999.9, Max: 64925999.9, Diff: 0.0]
   [Code Root Fixup: 0.2 ms]
   [Code Root Migration: 0.1 ms]
   [Clear CT: 0.5 ms]
   [Other: 10.6 ms]
      [Choose CSet: 0.0 ms]
      [Ref Proc: 6.0 ms]
      [Ref Enq: 0.3 ms]
      [Free CSet: 1.7 ms]
   [Eden: 736.0M(736.0M)->0.0B(642.0M) Survivors: 30.0M->48.0M Heap: 2265.0M(4096.0M)->1546.0M(4096.0M)]
 [Times: user=0.33 sys=0.00, real=0.17 secs] 
2016-08-31T07:38:42.302+0200: 64972.436: [GC pause (young), 0.1897350 secs]
   [Parallel Time: 177.6 ms, GC Workers: 2]
      [GC Worker Start (ms): Min: 64972437.7, Avg: 64972437.7, Max: 64972437.7, Diff: 0.0]
      [Ext Root Scanning (ms): Min: 49.9, Avg: 50.9, Max: 52.0, Diff: 2.1, Sum: 101.8]
      [Update RS (ms): Min: 39.9, Avg: 40.8, Max: 41.7, Diff: 1.8, Sum: 81.7]
         [Processed Buffers: Min: 267, Avg: 305.5, Max: 344, Diff: 77, Sum: 611]
      [Scan RS (ms): Min: 17.8, Avg: 18.1, Max: 18.3, Diff: 0.5, Sum: 36.1]
      [Code Root Scanning (ms): Min: 0.2, Avg: 0.2, Max: 0.3, Diff: 0.2, Sum: 0.5]
      [Object Copy (ms): Min: 66.8, Avg: 67.3, Max: 67.8, Diff: 1.0, Sum: 134.6]
      [Termination (ms): Min: 0.0, Avg: 0.0, Max: 0.0, Diff: 0.0, Sum: 0.0]
      [GC Worker Other (ms): Min: 0.1, Avg: 0.1, Max: 0.2, Diff: 0.1, Sum: 0.2]
      [GC Worker Total (ms): Min: 177.5, Avg: 177.5, Max: 177.5, Diff: 0.0, Sum: 354.9]
      [GC Worker End (ms): Min: 64972615.2, Avg: 64972615.2, Max: 64972615.2, Diff: 0.0]
   [Code Root Fixup: 0.4 ms]
   [Code Root Migration: 0.1 ms]
   [Clear CT: 0.6 ms]
   [Other: 11.0 ms]
      [Choose CSet: 0.0 ms]
      [Ref Proc: 6.2 ms]
      [Ref Enq: 0.3 ms]
      [Free CSet: 1.6 ms]
   [Eden: 642.0M(642.0M)->0.0B(520.0M) Survivors: 48.0M->64.0M Heap: 2188.0M(4096.0M)->1563.0M(4096.0M)]
 [Times: user=0.37 sys=0.00, real=0.19 secs] 
2016-08-31T07:39:25.150+0200: 65015.284: [GC pause (young), 0.1942680 secs]
   [Parallel Time: 181.8 ms, GC Workers: 2]
      [GC Worker Start (ms): Min: 65015285.3, Avg: 65015287.1, Max: 65015289.0, Diff: 3.7]
      [Ext Root Scanning (ms): Min: 54.0, Avg: 54.1, Max: 54.3, Diff: 0.3, Sum: 108.2]
      [Update RS (ms): Min: 36.3, Avg: 38.1, Max: 40.0, Diff: 3.7, Sum: 76.2]
         [Processed Buffers: Min: 254, Avg: 264.0, Max: 274, Diff: 20, Sum: 528]
      [Scan RS (ms): Min: 18.2, Avg: 18.6, Max: 18.9, Diff: 0.7, Sum: 37.2]
      [Code Root Scanning (ms): Min: 0.1, Avg: 0.2, Max: 0.3, Diff: 0.1, Sum: 0.4]
      [Object Copy (ms): Min: 68.4, Avg: 68.7, Max: 69.0, Diff: 0.6, Sum: 137.4]
      [Termination (ms): Min: 0.0, Avg: 0.0, Max: 0.0, Diff: 0.0, Sum: 0.0]
      [GC Worker Other (ms): Min: 0.2, Avg: 0.2, Max: 0.2, Diff: 0.0, Sum: 0.4]
      [GC Worker Total (ms): Min: 178.0, Avg: 179.9, Max: 181.7, Diff: 3.7, Sum: 359.8]
      [GC Worker End (ms): Min: 65015467.0, Avg: 65015467.0, Max: 65015467.0, Diff: 0.0]
   [Code Root Fixup: 0.4 ms]
   [Code Root Migration: 0.1 ms]
   [Clear CT: 0.6 ms]
   [Other: 11.4 ms]
      [Choose CSet: 0.0 ms]
      [Ref Proc: 6.7 ms]
      [Ref Enq: 0.4 ms]
      [Free CSet: 1.6 ms]
   [Eden: 520.0M(520.0M)->0.0B(832.0M) Survivors: 64.0M->30.0M Heap: 2083.0M(4096.0M)->1575.4M(4096.0M)]
 [Times: user=0.36 sys=0.00, real=0.19 secs] 
2016-08-31T07:40:27.359+0200: 65077.493: [GC pause (young), 0.2068990 secs]
   [Parallel Time: 191.2 ms, GC Workers: 2]
      [GC Worker Start (ms): Min: 65077494.9, Avg: 65077495.2, Max: 65077495.4, Diff: 0.5]
      [Ext Root Scanning (ms): Min: 66.3, Avg: 66.4, Max: 66.4, Diff: 0.1, Sum: 132.7]
      [Update RS (ms): Min: 42.5, Avg: 42.6, Max: 42.7, Diff: 0.2, Sum: 85.3]
         [Processed Buffers: Min: 257, Avg: 265.0, Max: 273, Diff: 16, Sum: 530]
      [Scan RS (ms): Min: 16.0, Avg: 16.0, Max: 16.0, Diff: 0.0, Sum: 32.0]
      [Code Root Scanning (ms): Min: 0.2, Avg: 0.3, Max: 0.3, Diff: 0.1, Sum: 0.5]
      [Object Copy (ms): Min: 65.1, Avg: 65.5, Max: 65.8, Diff: 0.7, Sum: 130.9]
      [Termination (ms): Min: 0.0, Avg: 0.0, Max: 0.0, Diff: 0.0, Sum: 0.0]
      [GC Worker Other (ms): Min: 0.1, Avg: 0.1, Max: 0.2, Diff: 0.1, Sum: 0.2]
      [GC Worker Total (ms): Min: 190.6, Avg: 190.9, Max: 191.1, Diff: 0.5, Sum: 381.7]
      [GC Worker End (ms): Min: 65077686.0, Avg: 65077686.0, Max: 65077686.0, Diff: 0.0]
   [Code Root Fixup: 0.4 ms]
   [Code Root Migration: 0.1 ms]
   [Clear CT: 0.7 ms]
   [Other: 14.4 ms]
      [Choose CSet: 0.0 ms]
      [Ref Proc: 8.5 ms]
      [Ref Enq: 0.7 ms]
      [Free CSet: 2.6 ms]
   [Eden: 798.0M(562.0M)->0.0B(406.0M) Survivors: 30.0M->52.0M Heap: 2373.4M(4096.0M)->1596.4M(4096.0M)]
 [Times: user=0.35 sys=0.00, real=0.21 secs] 
2016-08-31T07:40:59.546+0200: 65109.681: [GC pause (young), 0.1670130 secs]
   [Parallel Time: 156.9 ms, GC Workers: 2]
      [GC Worker Start (ms): Min: 65109681.9, Avg: 65109681.9, Max: 65109681.9, Diff: 0.0]
      [Ext Root Scanning (ms): Min: 48.9, Avg: 50.1, Max: 51.2, Diff: 2.3, Sum: 100.1]
      [Update RS (ms): Min: 29.3, Avg: 30.8, Max: 32.4, Diff: 3.1, Sum: 61.7]
         [Processed Buffers: Min: 257, Avg: 263.5, Max: 270, Diff: 13, Sum: 527]
      [Scan RS (ms): Min: 15.3, Avg: 15.8, Max: 16.2, Diff: 0.8, Sum: 31.5]
      [Code Root Scanning (ms): Min: 0.1, Avg: 0.2, Max: 0.2, Diff: 0.0, Sum: 0.3]
      [Object Copy (ms): Min: 59.0, Avg: 59.8, Max: 60.7, Diff: 1.7, Sum: 119.7]
      [Termination (ms): Min: 0.0, Avg: 0.0, Max: 0.0, Diff: 0.0, Sum: 0.0]
      [GC Worker Other (ms): Min: 0.2, Avg: 0.2, Max: 0.2, Diff: 0.0, Sum: 0.4]
      [GC Worker Total (ms): Min: 156.8, Avg: 156.8, Max: 156.8, Diff: 0.0, Sum: 313.6]
      [GC Worker End (ms): Min: 65109838.7, Avg: 65109838.7, Max: 65109838.7, Diff: 0.0]
   [Code Root Fixup: 0.4 ms]
   [Code Root Migration: 0.1 ms]
   [Clear CT: 0.6 ms]
   [Other: 9.1 ms]
      [Choose CSet: 0.0 ms]
      [Ref Proc: 4.9 ms]
      [Ref Enq: 0.3 ms]
      [Free CSet: 1.3 ms]
   [Eden: 406.0M(406.0M)->0.0B(700.0M) Survivors: 52.0M->26.0M Heap: 2002.4M(4096.0M)->1602.0M(4096.0M)]
 [Times: user=0.33 sys=0.00, real=0.17 secs] 
2016-08-31T07:41:51.465+0200: 65161.600: [GC pause (young), 0.1746260 secs]
   [Parallel Time: 165.4 ms, GC Workers: 2]
      [GC Worker Start (ms): Min: 65161601.2, Avg: 65161602.6, Max: 65161604.0, Diff: 2.8]
      [Ext Root Scanning (ms): Min: 51.9, Avg: 58.5, Max: 65.0, Diff: 13.0, Sum: 116.9]
      [Update RS (ms): Min: 38.0, Avg: 42.9, Max: 47.9, Diff: 9.9, Sum: 85.9]
         [Processed Buffers: Min: 273, Avg: 301.5, Max: 330, Diff: 57, Sum: 603]
      [Scan RS (ms): Min: 13.0, Avg: 13.3, Max: 13.5, Diff: 0.5, Sum: 26.6]
      [Code Root Scanning (ms): Min: 0.2, Avg: 0.3, Max: 0.3, Diff: 0.2, Sum: 0.5]
      [Object Copy (ms): Min: 48.9, Avg: 49.0, Max: 49.0, Diff: 0.1, Sum: 97.9]
      [Termination (ms): Min: 0.0, Avg: 0.0, Max: 0.0, Diff: 0.0, Sum: 0.0]
      [GC Worker Other (ms): Min: 0.1, Avg: 0.1, Max: 0.1, Diff: 0.1, Sum: 0.2]
      [GC Worker Total (ms): Min: 162.6, Avg: 164.0, Max: 165.4, Diff: 2.8, Sum: 328.0]
      [GC Worker End (ms): Min: 65161766.6, Avg: 65161766.6, Max: 65161766.6, Diff: 0.0]
   [Code Root Fixup: 0.2 ms]
   [Code Root Migration: 0.1 ms]
   [Clear CT: 0.4 ms]
   [Other: 8.5 ms]
      [Choose CSet: 0.0 ms]
      [Ref Proc: 4.5 ms]
      [Ref Enq: 0.3 ms]
      [Free CSet: 1.3 ms]
   [Eden: 700.0M(700.0M)->0.0B(520.0M) Survivors: 26.0M->56.0M Heap: 2302.0M(4096.0M)->1632.0M(4096.0M)]
 [Times: user=0.32 sys=0.00, real=0.18 secs] 
2016-08-31T07:42:28.982+0200: 65199.117: [GC pause (young), 0.1698920 secs]
   [Parallel Time: 162.0 ms, GC Workers: 2]
      [GC Worker Start (ms): Min: 65199118.0, Avg: 65199118.0, Max: 65199118.0, Diff: 0.0]
      [Ext Root Scanning (ms): Min: 48.1, Avg: 50.3, Max: 52.4, Diff: 4.3, Sum: 100.5]
      [Update RS (ms): Min: 38.6, Avg: 39.3, Max: 40.0, Diff: 1.4, Sum: 78.7]
         [Processed Buffers: Min: 180, Avg: 260.0, Max: 340, Diff: 160, Sum: 520]
      [Scan RS (ms): Min: 17.5, Avg: 17.6, Max: 17.7, Diff: 0.2, Sum: 35.2]
      [Code Root Scanning (ms): Min: 0.1, Avg: 0.2, Max: 0.2, Diff: 0.2, Sum: 0.3]
      [Object Copy (ms): Min: 52.2, Avg: 53.7, Max: 55.1, Diff: 2.9, Sum: 107.3]
      [Termination (ms): Min: 0.0, Avg: 0.0, Max: 0.0, Diff: 0.0, Sum: 0.0]
      [GC Worker Other (ms): Min: 0.1, Avg: 0.6, Max: 1.0, Diff: 0.9, Sum: 1.1]
      [GC Worker Total (ms): Min: 161.1, Avg: 161.6, Max: 162.0, Diff: 0.9, Sum: 323.1]
      [GC Worker End (ms): Min: 65199279.1, Avg: 65199279.5, Max: 65199280.0, Diff: 0.9]
   [Code Root Fixup: 0.2 ms]
   [Code Root Migration: 0.1 ms]
   [Clear CT: 0.6 ms]
   [Other: 6.9 ms]
      [Choose CSet: 0.0 ms]
      [Ref Proc: 3.5 ms]
      [Ref Enq: 0.2 ms]
      [Free CSet: 1.0 ms]
   [Eden: 520.0M(520.0M)->0.0B(814.0M) Survivors: 56.0M->34.0M Heap: 2152.0M(4096.0M)->1635.0M(4096.0M)]
 [Times: user=0.25 sys=0.00, real=0.18 secs] 
2016-08-31T07:43:17.846+0200: 65247.981: [GC pause (young), 0.2942330 secs]
   [Parallel Time: 278.3 ms, GC Workers: 2]
      [GC Worker Start (ms): Min: 65247988.0, Avg: 65247989.5, Max: 65247991.1, Diff: 3.1]
      [Ext Root Scanning (ms): Min: 74.6, Avg: 76.0, Max: 77.3, Diff: 2.7, Sum: 151.9]
      [Update RS (ms): Min: 62.0, Avg: 67.2, Max: 72.4, Diff: 10.5, Sum: 134.4]
         [Processed Buffers: Min: 298, Avg: 320.5, Max: 343, Diff: 45, Sum: 641]
      [Scan RS (ms): Min: 31.4, Avg: 31.6, Max: 31.8, Diff: 0.4, Sum: 63.2]
      [Code Root Scanning (ms): Min: 0.1, Avg: 0.1, Max: 0.1, Diff: 0.0, Sum: 0.2]
      [Object Copy (ms): Min: 95.7, Avg: 99.8, Max: 103.9, Diff: 8.2, Sum: 199.5]
      [Termination (ms): Min: 0.0, Avg: 2.0, Max: 3.9, Diff: 3.9, Sum: 3.9]
      [GC Worker Other (ms): Min: 0.1, Avg: 0.1, Max: 0.1, Diff: 0.0, Sum: 0.2]
      [GC Worker Total (ms): Min: 275.1, Avg: 276.7, Max: 278.3, Diff: 3.1, Sum: 553.4]
      [GC Worker End (ms): Min: 65248266.2, Avg: 65248266.2, Max: 65248266.3, Diff: 0.0]
   [Code Root Fixup: 0.3 ms]
   [Code Root Migration: 0.1 ms]
   [Clear CT: 0.7 ms]
   [Other: 14.8 ms]
      [Choose CSet: 0.0 ms]
      [Ref Proc: 5.0 ms]
      [Ref Enq: 0.3 ms]
      [Free CSet: 1.3 ms]
   [Eden: 698.0M(582.0M)->0.0B(144.0M) Survivors: 34.0M->60.0M Heap: 2333.0M(4096.0M)->1661.0M(4096.0M)]
 [Times: user=0.19 sys=0.00, real=0.30 secs] 
2016-08-31T07:43:30.930+0200: 65261.064: [GC pause (young), 0.1360240 secs]
   [Parallel Time: 130.0 ms, GC Workers: 2]
      [GC Worker Start (ms): Min: 65261065.1, Avg: 65261067.2, Max: 65261069.2, Diff: 4.1]
      [Ext Root Scanning (ms): Min: 48.2, Avg: 50.4, Max: 52.7, Diff: 4.5, Sum: 100.8]
      [Update RS (ms): Min: 19.5, Avg: 19.7, Max: 19.9, Diff: 0.4, Sum: 39.4]
         [Processed Buffers: Min: 237, Avg: 240.5, Max: 244, Diff: 7, Sum: 481]
      [Scan RS (ms): Min: 12.8, Avg: 13.2, Max: 13.7, Diff: 0.9, Sum: 26.5]
      [Code Root Scanning (ms): Min: 0.0, Avg: 0.1, Max: 0.1, Diff: 0.0, Sum: 0.1]
      [Object Copy (ms): Min: 44.4, Avg: 44.4, Max: 44.5, Diff: 0.1, Sum: 88.9]
      [Termination (ms): Min: 0.0, Avg: 0.0, Max: 0.0, Diff: 0.0, Sum: 0.0]
      [GC Worker Other (ms): Min: 0.1, Avg: 0.1, Max: 0.1, Diff: 0.0, Sum: 0.1]
      [GC Worker Total (ms): Min: 125.8, Avg: 127.9, Max: 129.9, Diff: 4.1, Sum: 255.8]
      [GC Worker End (ms): Min: 65261195.0, Avg: 65261195.0, Max: 65261195.0, Diff: 0.0]
   [Code Root Fixup: 0.4 ms]
   [Code Root Migration: 0.0 ms]
   [Clear CT: 0.5 ms]
   [Other: 5.1 ms]
      [Choose CSet: 0.0 ms]
      [Ref Proc: 1.9 ms]
      [Ref Enq: 0.1 ms]
      [Free CSet: 0.8 ms]
   [Eden: 144.0M(144.0M)->0.0B(382.0M) Survivors: 60.0M->10.0M Heap: 1805.0M(4096.0M)->1644.0M(4096.0M)]
 [Times: user=0.26 sys=0.00, real=0.14 secs] 
2016-08-31T07:44:01.245+0200: 65291.379: [GC pause (young), 0.1318750 secs]
   [Parallel Time: 121.9 ms, GC Workers: 2]
      [GC Worker Start (ms): Min: 65291380.2, Avg: 65291380.3, Max: 65291380.3, Diff: 0.0]
      [Ext Root Scanning (ms): Min: 50.2, Avg: 50.2, Max: 50.2, Diff: 0.0, Sum: 100.4]
      [Update RS (ms): Min: 32.6, Avg: 32.6, Max: 32.6, Diff: 0.1, Sum: 65.2]
         [Processed Buffers: Min: 258, Avg: 278.5, Max: 299, Diff: 41, Sum: 557]
      [Scan RS (ms): Min: 7.4, Avg: 7.5, Max: 7.6, Diff: 0.2, Sum: 15.0]
      [Code Root Scanning (ms): Min: 0.1, Avg: 0.1, Max: 0.1, Diff: 0.0, Sum: 0.3]
      [Object Copy (ms): Min: 31.0, Avg: 31.2, Max: 31.3, Diff: 0.2, Sum: 62.3]
      [Termination (ms): Min: 0.0, Avg: 0.0, Max: 0.0, Diff: 0.0, Sum: 0.0]
      [GC Worker Other (ms): Min: 0.1, Avg: 0.1, Max: 0.2, Diff: 0.1, Sum: 0.3]
      [GC Worker Total (ms): Min: 121.7, Avg: 121.7, Max: 121.7, Diff: 0.0, Sum: 243.4]
      [GC Worker End (ms): Min: 65291502.0, Avg: 65291502.0, Max: 65291502.0, Diff: 0.0]
   [Code Root Fixup: 0.5 ms]
   [Code Root Migration: 0.1 ms]
   [Clear CT: 0.9 ms]
   [Other: 8.6 ms]
      [Choose CSet: 0.0 ms]
      [Ref Proc: 4.9 ms]
      [Ref Enq: 0.3 ms]
      [Free CSet: 1.2 ms]
   [Eden: 382.0M(382.0M)->0.0B(476.0M) Survivors: 10.0M->24.0M Heap: 2026.0M(4096.0M)->1658.0M(4096.0M)]
 [Times: user=0.26 sys=0.00, real=0.14 secs] 
2016-08-31T07:44:36.291+0200: 65326.425: [GC pause (young), 0.1799080 secs]
   [Parallel Time: 169.1 ms, GC Workers: 2]
      [GC Worker Start (ms): Min: 65326427.0, Avg: 65326427.0, Max: 65326427.0, Diff: 0.0]
      [Ext Root Scanning (ms): Min: 52.6, Avg: 64.0, Max: 75.5, Diff: 23.0, Sum: 128.1]
      [Update RS (ms): Min: 27.9, Avg: 39.2, Max: 50.5, Diff: 22.6, Sum: 78.4]
         [Processed Buffers: Min: 167, Avg: 269.5, Max: 372, Diff: 205, Sum: 539]
      [Scan RS (ms): Min: 13.4, Avg: 14.2, Max: 15.0, Diff: 1.6, Sum: 28.4]
      [Code Root Scanning (ms): Min: 0.2, Avg: 0.2, Max: 0.2, Diff: 0.1, Sum: 0.4]
      [Object Copy (ms): Min: 50.7, Avg: 51.3, Max: 51.8, Diff: 1.2, Sum: 102.5]
      [Termination (ms): Min: 0.0, Avg: 0.0, Max: 0.0, Diff: 0.0, Sum: 0.0]
      [GC Worker Other (ms): Min: 0.0, Avg: 0.1, Max: 0.1, Diff: 0.1, Sum: 0.2]
      [GC Worker Total (ms): Min: 168.9, Avg: 168.9, Max: 169.0, Diff: 0.1, Sum: 337.9]
      [GC Worker End (ms): Min: 65326596.0, Avg: 65326596.0, Max: 65326596.0, Diff: 0.0]
   [Code Root Fixup: 0.5 ms]
   [Code Root Migration: 0.1 ms]
   [Clear CT: 0.5 ms]
   [Other: 9.8 ms]
      [Choose CSet: 0.0 ms]
      [Ref Proc: 4.9 ms]
      [Ref Enq: 0.4 ms]
      [Free CSet: 1.6 ms]
   [Eden: 476.0M(476.0M)->0.0B(404.0M) Survivors: 24.0M->44.0M Heap: 2134.0M(4096.0M)->1677.0M(4096.0M)]
 [Times: user=0.34 sys=0.00, real=0.18 secs] 
2016-08-31T07:45:05.029+0200: 65355.163: [GC pause (young), 0.1668410 secs]
   [Parallel Time: 156.7 ms, GC Workers: 2]
      [GC Worker Start (ms): Min: 65355164.6, Avg: 65355164.6, Max: 65355164.7, Diff: 0.1]
      [Ext Root Scanning (ms): Min: 51.6, Avg: 52.2, Max: 52.8, Diff: 1.1, Sum: 104.4]
      [Update RS (ms): Min: 32.2, Avg: 33.4, Max: 34.6, Diff: 2.4, Sum: 66.9]
         [Processed Buffers: Min: 273, Avg: 285.5, Max: 298, Diff: 25, Sum: 571]
      [Scan RS (ms): Min: 14.9, Avg: 15.1, Max: 15.3, Diff: 0.3, Sum: 30.2]
      [Code Root Scanning (ms): Min: 0.1, Avg: 0.3, Max: 0.4, Diff: 0.3, Sum: 0.6]
      [Object Copy (ms): Min: 54.9, Avg: 55.5, Max: 56.1, Diff: 1.3, Sum: 111.0]
      [Termination (ms): Min: 0.0, Avg: 0.0, Max: 0.0, Diff: 0.0, Sum: 0.0]
      [GC Worker Other (ms): Min: 0.1, Avg: 0.1, Max: 0.2, Diff: 0.1, Sum: 0.2]
      [GC Worker Total (ms): Min: 156.6, Avg: 156.6, Max: 156.6, Diff: 0.1, Sum: 313.2]
      [GC Worker End (ms): Min: 65355321.2, Avg: 65355321.2, Max: 65355321.2, Diff: 0.0]
   [Code Root Fixup: 0.4 ms]
   [Code Root Migration: 0.1 ms]
   [Clear CT: 0.6 ms]
   [Other: 9.0 ms]
      [Choose CSet: 0.0 ms]
      [Ref Proc: 4.3 ms]
      [Ref Enq: 0.3 ms]
      [Free CSet: 1.5 ms]
   [Eden: 404.0M(404.0M)->0.0B(456.0M) Survivors: 44.0M->42.0M Heap: 2081.0M(4096.0M)->1688.8M(4096.0M)]
 [Times: user=0.33 sys=0.00, real=0.16 secs] 
2016-08-31T07:45:32.594+0200: 65382.729: [GC pause (young), 0.1516020 secs]
   [Parallel Time: 144.4 ms, GC Workers: 2]
      [GC Worker Start (ms): Min: 65382730.2, Avg: 65382730.2, Max: 65382730.2, Diff: 0.0]
      [Ext Root Scanning (ms): Min: 50.0, Avg: 50.2, Max: 50.4, Diff: 0.4, Sum: 100.4]
      [Update RS (ms): Min: 32.0, Avg: 32.1, Max: 32.2, Diff: 0.2, Sum: 64.2]
         [Processed Buffers: Min: 265, Avg: 271.0, Max: 277, Diff: 12, Sum: 542]
      [Scan RS (ms): Min: 13.9, Avg: 14.2, Max: 14.4, Diff: 0.4, Sum: 28.3]
      [Code Root Scanning (ms): Min: 0.1, Avg: 0.2, Max: 0.2, Diff: 0.0, Sum: 0.3]
      [Object Copy (ms): Min: 47.0, Avg: 47.6, Max: 48.2, Diff: 1.2, Sum: 95.3]
      [Termination (ms): Min: 0.0, Avg: 0.0, Max: 0.0, Diff: 0.0, Sum: 0.0]
      [GC Worker Other (ms): Min: 0.1, Avg: 0.1, Max: 0.2, Diff: 0.1, Sum: 0.2]
      [GC Worker Total (ms): Min: 144.3, Avg: 144.3, Max: 144.4, Diff: 0.0, Sum: 288.7]
      [GC Worker End (ms): Min: 65382874.5, Avg: 65382874.5, Max: 65382874.5, Diff: 0.0]
   [Code Root Fixup: 0.3 ms]
   [Code Root Migration: 0.1 ms]
   [Clear CT: 0.4 ms]
   [Other: 6.5 ms]
      [Choose CSet: 0.0 ms]
      [Ref Proc: 2.9 ms]
      [Ref Enq: 0.2 ms]
      [Free CSet: 1.0 ms]
   [Eden: 438.0M(290.0M)->0.0B(856.0M) Survivors: 42.0M->28.0M Heap: 2126.8M(4096.0M)->1699.0M(4096.0M)]
 [Times: user=0.29 sys=0.00, real=0.15 secs] 
2016-08-31T07:46:13.385+0200: 65423.519: [GC pause (young), 0.1846150 secs]
   [Parallel Time: 170.1 ms, GC Workers: 2]
      [GC Worker Start (ms): Min: 65423520.7, Avg: 65423521.7, Max: 65423522.8, Diff: 2.1]
      [Ext Root Scanning (ms): Min: 52.0, Avg: 52.2, Max: 52.4, Diff: 0.4, Sum: 104.4]
      [Update RS (ms): Min: 41.3, Avg: 41.5, Max: 41.8, Diff: 0.5, Sum: 83.1]
         [Processed Buffers: Min: 323, Avg: 335.0, Max: 347, Diff: 24, Sum: 670]
      [Scan RS (ms): Min: 12.3, Avg: 12.6, Max: 12.8, Diff: 0.4, Sum: 25.1]
      [Code Root Scanning (ms): Min: 0.2, Avg: 0.2, Max: 0.2, Diff: 0.1, Sum: 0.4]
      [Object Copy (ms): Min: 61.5, Avg: 62.3, Max: 63.0, Diff: 1.5, Sum: 124.5]
      [Termination (ms): Min: 0.0, Avg: 0.0, Max: 0.0, Diff: 0.0, Sum: 0.0]
      [GC Worker Other (ms): Min: 0.1, Avg: 0.1, Max: 0.2, Diff: 0.1, Sum: 0.2]
      [GC Worker Total (ms): Min: 167.8, Avg: 168.9, Max: 170.0, Diff: 2.1, Sum: 337.8]
      [GC Worker End (ms): Min: 65423690.6, Avg: 65423690.6, Max: 65423690.6, Diff: 0.0]
   [Code Root Fixup: 0.4 ms]
   [Code Root Migration: 0.1 ms]
   [Clear CT: 0.7 ms]
   [Other: 13.4 ms]
      [Choose CSet: 0.0 ms]
      [Ref Proc: 7.9 ms]
      [Ref Enq: 0.5 ms]
      [Free CSet: 1.8 ms]
   [Eden: 604.0M(604.0M)->0.0B(520.0M) Survivors: 28.0M->54.0M Heap: 2303.0M(4096.0M)->1724.0M(4096.0M)]
 [Times: user=0.34 sys=0.00, real=0.19 secs] 
2016-08-31T07:46:46.726+0200: 65456.860: [GC pause (young), 0.2299570 secs]
   [Parallel Time: 208.3 ms, GC Workers: 2]
      [GC Worker Start (ms): Min: 65456861.8, Avg: 65456861.8, Max: 65456861.8, Diff: 0.0]
      [Ext Root Scanning (ms): Min: 54.2, Avg: 79.5, Max: 104.9, Diff: 50.7, Sum: 159.1]
      [Update RS (ms): Min: 13.9, Avg: 38.1, Max: 62.3, Diff: 48.4, Sum: 76.2]
         [Processed Buffers: Min: 48, Avg: 325.5, Max: 603, Diff: 555, Sum: 651]
      [Scan RS (ms): Min: 14.7, Avg: 14.8, Max: 14.9, Diff: 0.1, Sum: 29.6]
      [Code Root Scanning (ms): Min: 0.1, Avg: 0.1, Max: 0.2, Diff: 0.1, Sum: 0.3]
      [Object Copy (ms): Min: 74.2, Avg: 75.5, Max: 76.8, Diff: 2.6, Sum: 151.0]
      [Termination (ms): Min: 0.0, Avg: 0.1, Max: 0.2, Diff: 0.2, Sum: 0.2]
      [GC Worker Other (ms): Min: 0.0, Avg: 0.1, Max: 0.2, Diff: 0.1, Sum: 0.2]
      [GC Worker Total (ms): Min: 208.2, Avg: 208.2, Max: 208.2, Diff: 0.0, Sum: 416.5]
      [GC Worker End (ms): Min: 65457070.0, Avg: 65457070.1, Max: 65457070.1, Diff: 0.0]
   [Code Root Fixup: 0.4 ms]
   [Code Root Migration: 0.1 ms]
   [Clear CT: 5.6 ms]
   [Other: 15.5 ms]
      [Choose CSet: 0.0 ms]
      [Ref Proc: 10.8 ms]
      [Ref Enq: 0.4 ms]
      [Free CSet: 1.3 ms]
   [Eden: 448.0M(364.0M)->0.0B(266.0M) Survivors: 54.0M->42.0M Heap: 2172.0M(4096.0M)->1741.0M(4096.0M)]
 [Times: user=0.28 sys=0.00, real=0.23 secs] 
2016-08-31T07:47:03.605+0200: 65473.739: [GC pause (young), 0.1398130 secs]
   [Parallel Time: 131.0 ms, GC Workers: 2]
      [GC Worker Start (ms): Min: 65473740.9, Avg: 65473742.1, Max: 65473743.2, Diff: 2.3]
      [Ext Root Scanning (ms): Min: 48.7, Avg: 49.1, Max: 49.5, Diff: 0.8, Sum: 98.3]
      [Update RS (ms): Min: 27.8, Avg: 28.1, Max: 28.4, Diff: 0.6, Sum: 56.2]
         [Processed Buffers: Min: 297, Avg: 301.0, Max: 305, Diff: 8, Sum: 602]
      [Scan RS (ms): Min: 8.8, Avg: 9.1, Max: 9.3, Diff: 0.5, Sum: 18.2]
      [Code Root Scanning (ms): Min: 0.1, Avg: 0.1, Max: 0.1, Diff: 0.1, Sum: 0.2]
      [Object Copy (ms): Min: 42.3, Avg: 43.1, Max: 43.9, Diff: 1.5, Sum: 86.2]
      [Termination (ms): Min: 0.0, Avg: 0.0, Max: 0.0, Diff: 0.0, Sum: 0.0]
      [GC Worker Other (ms): Min: 0.2, Avg: 0.2, Max: 0.2, Diff: 0.0, Sum: 0.4]
      [GC Worker Total (ms): Min: 128.5, Avg: 129.7, Max: 130.9, Diff: 2.3, Sum: 259.4]
      [GC Worker End (ms): Min: 65473871.8, Avg: 65473871.8, Max: 65473871.8, Diff: 0.0]
   [Code Root Fixup: 0.5 ms]
   [Code Root Migration: 0.1 ms]
   [Clear CT: 0.5 ms]
   [Other: 7.8 ms]
      [Choose CSet: 0.0 ms]
      [Ref Proc: 3.9 ms]
      [Ref Enq: 0.2 ms]
      [Free CSet: 1.0 ms]
   [Eden: 266.0M(266.0M)->0.0B(680.0M) Survivors: 42.0M->24.0M Heap: 2007.0M(4096.0M)->1744.0M(4096.0M)]
 [Times: user=0.27 sys=0.00, real=0.14 secs] 
2016-08-31T07:47:47.049+0200: 65517.183: [GC pause (young), 0.2694670 secs]
   [Parallel Time: 258.5 ms, GC Workers: 2]
      [GC Worker Start (ms): Min: 65517185.1, Avg: 65517187.0, Max: 65517188.9, Diff: 3.8]
      [Ext Root Scanning (ms): Min: 90.5, Avg: 96.3, Max: 102.1, Diff: 11.6, Sum: 192.6]
      [Update RS (ms): Min: 74.7, Avg: 77.3, Max: 79.8, Diff: 5.1, Sum: 154.5]
         [Processed Buffers: Min: 330, Avg: 351.0, Max: 372, Diff: 42, Sum: 702]
      [Scan RS (ms): Min: 11.7, Avg: 12.5, Max: 13.3, Diff: 1.6, Sum: 25.0]
      [Code Root Scanning (ms): Min: 0.1, Avg: 0.1, Max: 0.1, Diff: 0.0, Sum: 0.3]
      [Object Copy (ms): Min: 67.3, Avg: 69.8, Max: 72.3, Diff: 5.0, Sum: 139.6]
      [Termination (ms): Min: 0.0, Avg: 0.4, Max: 0.8, Diff: 0.8, Sum: 0.8]
      [GC Worker Other (ms): Min: 0.1, Avg: 0.1, Max: 0.1, Diff: 0.0, Sum: 0.3]
      [GC Worker Total (ms): Min: 254.7, Avg: 256.6, Max: 258.5, Diff: 3.8, Sum: 513.1]
      [GC Worker End (ms): Min: 65517443.6, Avg: 65517443.6, Max: 65517443.6, Diff: 0.0]
   [Code Root Fixup: 0.3 ms]
   [Code Root Migration: 0.1 ms]
   [Clear CT: 0.7 ms]
   [Other: 9.9 ms]
      [Choose CSet: 0.0 ms]
      [Ref Proc: 5.7 ms]
      [Ref Enq: 0.4 ms]
      [Free CSet: 1.3 ms]
   [Eden: 674.0M(490.0M)->0.0B(142.0M) Survivors: 24.0M->62.0M Heap: 2418.0M(4096.0M)->1783.0M(4096.0M)]
 [Times: user=0.27 sys=0.00, real=0.27 secs] 
2016-08-31T07:47:57.375+0200: 65527.509: [GC pause (young), 0.1561410 secs]
   [Parallel Time: 149.1 ms, GC Workers: 2]
      [GC Worker Start (ms): Min: 65527510.2, Avg: 65527512.7, Max: 65527515.2, Diff: 5.0]
      [Ext Root Scanning (ms): Min: 53.1, Avg: 55.4, Max: 57.8, Diff: 4.7, Sum: 110.9]
      [Update RS (ms): Min: 21.7, Avg: 23.0, Max: 24.4, Diff: 2.7, Sum: 46.0]
         [Processed Buffers: Min: 243, Avg: 275.5, Max: 308, Diff: 65, Sum: 551]
      [Scan RS (ms): Min: 12.2, Avg: 12.3, Max: 12.3, Diff: 0.2, Sum: 24.5]
      [Code Root Scanning (ms): Min: 0.0, Avg: 0.1, Max: 0.1, Diff: 0.0, Sum: 0.1]
      [Object Copy (ms): Min: 54.2, Avg: 54.7, Max: 55.1, Diff: 0.9, Sum: 109.3]
      [Termination (ms): Min: 0.0, Avg: 0.9, Max: 1.8, Diff: 1.8, Sum: 1.8]
      [GC Worker Other (ms): Min: 0.0, Avg: 0.1, Max: 0.1, Diff: 0.0, Sum: 0.1]
      [GC Worker Total (ms): Min: 143.9, Avg: 146.4, Max: 148.9, Diff: 5.0, Sum: 292.7]
      [GC Worker End (ms): Min: 65527659.0, Avg: 65527659.1, Max: 65527659.1, Diff: 0.1]
   [Code Root Fixup: 0.6 ms]
   [Code Root Migration: 0.0 ms]
   [Clear CT: 0.5 ms]
   [Other: 6.0 ms]
      [Choose CSet: 0.0 ms]
      [Ref Proc: 2.5 ms]
      [Ref Enq: 0.1 ms]
      [Free CSet: 0.7 ms]
   [Eden: 142.0M(142.0M)->0.0B(374.0M) Survivors: 62.0M->14.0M Heap: 1925.0M(4096.0M)->1771.0M(4096.0M)]
 [Times: user=0.28 sys=0.00, real=0.15 secs] 
2016-08-31T07:48:21.819+0200: 65551.953: [GC pause (young), 0.1419800 secs]
   [Parallel Time: 132.6 ms, GC Workers: 2]
      [GC Worker Start (ms): Min: 65551954.4, Avg: 65551954.4, Max: 65551954.4, Diff: 0.0]
      [Ext Root Scanning (ms): Min: 49.2, Avg: 49.6, Max: 50.1, Diff: 0.9, Sum: 99.2]
      [Update RS (ms): Min: 34.9, Avg: 35.0, Max: 35.1, Diff: 0.2, Sum: 70.1]
         [Processed Buffers: Min: 285, Avg: 317.5, Max: 350, Diff: 65, Sum: 635]
      [Scan RS (ms): Min: 7.4, Avg: 7.5, Max: 7.7, Diff: 0.3, Sum: 15.1]
      [Code Root Scanning (ms): Min: 0.1, Avg: 0.1, Max: 0.2, Diff: 0.1, Sum: 0.2]
      [Object Copy (ms): Min: 39.5, Avg: 40.0, Max: 40.5, Diff: 1.0, Sum: 80.0]
      [Termination (ms): Min: 0.0, Avg: 0.0, Max: 0.0, Diff: 0.0, Sum: 0.0]
      [GC Worker Other (ms): Min: 0.2, Avg: 0.2, Max: 0.2, Diff: 0.0, Sum: 0.4]
      [GC Worker Total (ms): Min: 132.5, Avg: 132.5, Max: 132.5, Diff: 0.0, Sum: 265.0]
      [GC Worker End (ms): Min: 65552086.9, Avg: 65552086.9, Max: 65552086.9, Diff: 0.0]
   [Code Root Fixup: 0.6 ms]
   [Code Root Migration: 0.1 ms]
   [Clear CT: 0.5 ms]
   [Other: 8.2 ms]
      [Choose CSet: 0.0 ms]
      [Ref Proc: 4.2 ms]
      [Ref Enq: 0.3 ms]
      [Free CSet: 1.1 ms]
   [Eden: 374.0M(374.0M)->0.0B(342.0M) Survivors: 14.0M->44.0M Heap: 2145.0M(4096.0M)->1801.0M(4096.0M)]
 [Times: user=0.28 sys=0.00, real=0.14 secs] 
2016-08-31T07:48:46.465+0200: 65576.599: [GC pause (young), 0.2497160 secs]
   [Parallel Time: 240.9 ms, GC Workers: 2]
      [GC Worker Start (ms): Min: 65576601.0, Avg: 65576601.0, Max: 65576601.1, Diff: 0.0]
      [Ext Root Scanning (ms): Min: 62.6, Avg: 64.3, Max: 66.0, Diff: 3.4, Sum: 128.7]
      [Update RS (ms): Min: 64.3, Avg: 66.0, Max: 67.7, Diff: 3.4, Sum: 132.0]
         [Processed Buffers: Min: 317, Avg: 340.5, Max: 364, Diff: 47, Sum: 681]
      [Scan RS (ms): Min: 24.0, Avg: 25.0, Max: 26.0, Diff: 2.0, Sum: 50.1]
      [Code Root Scanning (ms): Min: 0.1, Avg: 0.2, Max: 0.2, Diff: 0.2, Sum: 0.3]
      [Object Copy (ms): Min: 80.7, Avg: 85.1, Max: 89.4, Diff: 8.8, Sum: 170.1]
      [Termination (ms): Min: 0.0, Avg: 0.1, Max: 0.2, Diff: 0.2, Sum: 0.2]
      [GC Worker Other (ms): Min: 0.1, Avg: 0.1, Max: 0.1, Diff: 0.0, Sum: 0.3]
      [GC Worker Total (ms): Min: 240.8, Avg: 240.9, Max: 240.9, Diff: 0.0, Sum: 481.7]
      [GC Worker End (ms): Min: 65576841.9, Avg: 65576841.9, Max: 65576841.9, Diff: 0.0]
   [Code Root Fixup: 0.4 ms]
   [Code Root Migration: 0.1 ms]
   [Clear CT: 0.7 ms]
   [Other: 7.6 ms]
      [Choose CSet: 0.0 ms]
      [Ref Proc: 3.5 ms]
      [Ref Enq: 0.3 ms]
      [Free CSet: 1.0 ms]
   [Eden: 342.0M(342.0M)->0.0B(170.0M) Survivors: 44.0M->34.0M Heap: 2143.0M(4096.0M)->1808.0M(4096.0M)]
 [Times: user=0.29 sys=0.01, real=0.25 secs] 
2016-08-31T07:48:59.498+0200: 65589.632: [GC pause (young), 0.1313520 secs]
   [Parallel Time: 124.3 ms, GC Workers: 2]
      [GC Worker Start (ms): Min: 65589633.5, Avg: 65589634.9, Max: 65589636.2, Diff: 2.8]
      [Ext Root Scanning (ms): Min: 54.9, Avg: 57.1, Max: 59.4, Diff: 4.6, Sum: 114.3]
      [Update RS (ms): Min: 23.7, Avg: 25.2, Max: 26.7, Diff: 3.0, Sum: 50.3]
         [Processed Buffers: Min: 281, Avg: 288.0, Max: 295, Diff: 14, Sum: 576]
      [Scan RS (ms): Min: 8.4, Avg: 8.5, Max: 8.5, Diff: 0.0, Sum: 16.9]
      [Code Root Scanning (ms): Min: 0.1, Avg: 0.1, Max: 0.1, Diff: 0.0, Sum: 0.1]
      [Object Copy (ms): Min: 31.3, Avg: 31.9, Max: 32.4, Diff: 1.1, Sum: 63.8]
      [Termination (ms): Min: 0.0, Avg: 0.0, Max: 0.0, Diff: 0.0, Sum: 0.0]
      [GC Worker Other (ms): Min: 0.1, Avg: 0.1, Max: 0.1, Diff: 0.0, Sum: 0.1]
      [GC Worker Total (ms): Min: 121.4, Avg: 122.8, Max: 124.1, Diff: 2.8, Sum: 245.5]
      [GC Worker End (ms): Min: 65589757.6, Avg: 65589757.6, Max: 65589757.6, Diff: 0.0]
   [Code Root Fixup: 0.4 ms]
   [Code Root Migration: 0.0 ms]
   [Clear CT: 0.4 ms]
   [Other: 6.2 ms]
      [Choose CSet: 0.0 ms]
      [Ref Proc: 3.0 ms]
      [Ref Enq: 0.1 ms]
      [Free CSet: 0.7 ms]
   [Eden: 170.0M(170.0M)->0.0B(348.0M) Survivors: 34.0M->14.0M Heap: 1978.0M(4096.0M)->1803.0M(4096.0M)]
 [Times: user=0.23 sys=0.00, real=0.13 secs] 
2016-08-31T07:49:23.794+0200: 65613.928: [GC pause (young), 0.1556810 secs]
   [Parallel Time: 148.5 ms, GC Workers: 2]
      [GC Worker Start (ms): Min: 65613929.1, Avg: 65613929.1, Max: 65613929.2, Diff: 0.0]
      [Ext Root Scanning (ms): Min: 57.9, Avg: 64.1, Max: 70.3, Diff: 12.3, Sum: 128.2]
      [Update RS (ms): Min: 31.6, Avg: 39.7, Max: 47.8, Diff: 16.2, Sum: 79.3]
         [Processed Buffers: Min: 283, Avg: 297.5, Max: 312, Diff: 29, Sum: 595]
      [Scan RS (ms): Min: 7.4, Avg: 7.7, Max: 8.1, Diff: 0.7, Sum: 15.5]
      [Code Root Scanning (ms): Min: 0.1, Avg: 0.2, Max: 0.2, Diff: 0.1, Sum: 0.3]
      [Object Copy (ms): Min: 34.3, Avg: 36.6, Max: 38.9, Diff: 4.6, Sum: 73.1]
      [Termination (ms): Min: 0.0, Avg: 0.0, Max: 0.0, Diff: 0.0, Sum: 0.0]
      [GC Worker Other (ms): Min: 0.1, Avg: 0.1, Max: 0.2, Diff: 0.0, Sum: 0.3]
      [GC Worker Total (ms): Min: 148.4, Avg: 148.4, Max: 148.4, Diff: 0.0, Sum: 296.8]
      [GC Worker End (ms): Min: 65614077.5, Avg: 65614077.5, Max: 65614077.5, Diff: 0.0]
   [Code Root Fixup: 0.4 ms]
   [Code Root Migration: 0.0 ms]
   [Clear CT: 0.4 ms]
   [Other: 6.4 ms]
      [Choose CSet: 0.0 ms]
      [Ref Proc: 3.1 ms]
      [Ref Enq: 0.3 ms]
      [Free CSet: 0.9 ms]
   [Eden: 348.0M(348.0M)->0.0B(300.0M) Survivors: 14.0M->38.0M Heap: 2151.0M(4096.0M)->1828.0M(4096.0M)]
 [Times: user=0.26 sys=0.00, real=0.16 secs] 
2016-08-31T07:49:41.777+0200: 65631.911: [GC pause (young), 0.1591590 secs]
   [Parallel Time: 148.7 ms, GC Workers: 2]
      [GC Worker Start (ms): Min: 65631912.6, Avg: 65631912.7, Max: 65631912.7, Diff: 0.0]
      [Ext Root Scanning (ms): Min: 51.3, Avg: 51.7, Max: 52.1, Diff: 0.8, Sum: 103.5]
      [Update RS (ms): Min: 32.3, Avg: 33.4, Max: 34.5, Diff: 2.2, Sum: 66.8]
         [Processed Buffers: Min: 290, Avg: 318.5, Max: 347, Diff: 57, Sum: 637]
      [Scan RS (ms): Min: 11.0, Avg: 11.5, Max: 12.0, Diff: 1.0, Sum: 23.0]
      [Code Root Scanning (ms): Min: 0.1, Avg: 0.1, Max: 0.1, Diff: 0.0, Sum: 0.2]
      [Object Copy (ms): Min: 51.4, Avg: 51.6, Max: 51.8, Diff: 0.4, Sum: 103.2]
      [Termination (ms): Min: 0.0, Avg: 0.0, Max: 0.0, Diff: 0.0, Sum: 0.0]
      [GC Worker Other (ms): Min: 0.1, Avg: 0.2, Max: 0.2, Diff: 0.0, Sum: 0.3]
      [GC Worker Total (ms): Min: 148.5, Avg: 148.5, Max: 148.5, Diff: 0.0, Sum: 297.1]
      [GC Worker End (ms): Min: 65632061.2, Avg: 65632061.2, Max: 65632061.2, Diff: 0.0]
   [Code Root Fixup: 0.5 ms]
   [Code Root Migration: 0.1 ms]
   [Clear CT: 0.5 ms]
   [Other: 9.4 ms]
      [Choose CSet: 0.0 ms]
      [Ref Proc: 5.0 ms]
      [Ref Enq: 0.3 ms]
      [Free CSet: 1.0 ms]
   [Eden: 300.0M(300.0M)->0.0B(406.0M) Survivors: 38.0M->32.0M Heap: 2128.0M(4096.0M)->1847.0M(4096.0M)]
 [Times: user=0.30 sys=0.00, real=0.16 secs] 
2016-08-31T07:50:07.809+0200: 65657.943: [GC pause (young), 0.1377160 secs]
   [Parallel Time: 124.0 ms, GC Workers: 2]
      [GC Worker Start (ms): Min: 65657944.4, Avg: 65657944.4, Max: 65657944.4, Diff: 0.0]
      [Ext Root Scanning (ms): Min: 48.1, Avg: 48.7, Max: 49.3, Diff: 1.2, Sum: 97.4]
      [Update RS (ms): Min: 28.9, Avg: 29.3, Max: 29.6, Diff: 0.8, Sum: 58.5]
         [Processed Buffers: Min: 258, Avg: 276.5, Max: 295, Diff: 37, Sum: 553]
      [Scan RS (ms): Min: 9.6, Avg: 10.0, Max: 10.5, Diff: 0.9, Sum: 20.1]
      [Code Root Scanning (ms): Min: 0.1, Avg: 0.1, Max: 0.1, Diff: 0.0, Sum: 0.2]
      [Object Copy (ms): Min: 35.1, Avg: 35.6, Max: 36.2, Diff: 1.0, Sum: 71.3]
      [Termination (ms): Min: 0.0, Avg: 0.0, Max: 0.0, Diff: 0.0, Sum: 0.0]
      [GC Worker Other (ms): Min: 0.2, Avg: 0.2, Max: 0.2, Diff: 0.0, Sum: 0.4]
      [GC Worker Total (ms): Min: 124.0, Avg: 124.0, Max: 124.0, Diff: 0.0, Sum: 247.9]
      [GC Worker End (ms): Min: 65658068.3, Avg: 65658068.3, Max: 65658068.3, Diff: 0.0]
   [Code Root Fixup: 0.4 ms]
   [Code Root Migration: 0.1 ms]
   [Clear CT: 0.5 ms]
   [Other: 12.7 ms]
      [Choose CSet: 0.0 ms]
      [Ref Proc: 8.8 ms]
      [Ref Enq: 0.3 ms]
      [Free CSet: 1.2 ms]
   [Eden: 356.0M(288.0M)->0.0B(704.0M) Survivors: 32.0M->18.0M Heap: 2203.0M(4096.0M)->1848.0M(4096.0M)]
 [Times: user=0.27 sys=0.00, real=0.14 secs] 
2016-08-31T07:50:45.738+0200: 65695.872: [GC pause (young), 0.1679380 secs]
   [Parallel Time: 156.4 ms, GC Workers: 2]
      [GC Worker Start (ms): Min: 65695874.1, Avg: 65695874.1, Max: 65695874.1, Diff: 0.0]
      [Ext Root Scanning (ms): Min: 51.3, Avg: 51.4, Max: 51.5, Diff: 0.2, Sum: 102.9]
      [Update RS (ms): Min: 38.2, Avg: 38.6, Max: 39.0, Diff: 0.8, Sum: 77.3]
         [Processed Buffers: Min: 307, Avg: 354.0, Max: 401, Diff: 94, Sum: 708]
      [Scan RS (ms): Min: 12.5, Avg: 12.5, Max: 12.6, Diff: 0.1, Sum: 25.1]
      [Code Root Scanning (ms): Min: 0.1, Avg: 0.2, Max: 0.2, Diff: 0.1, Sum: 0.4]
      [Object Copy (ms): Min: 52.9, Avg: 53.3, Max: 53.8, Diff: 0.9, Sum: 106.6]
      [Termination (ms): Min: 0.0, Avg: 0.0, Max: 0.0, Diff: 0.0, Sum: 0.0]
      [GC Worker Other (ms): Min: 0.2, Avg: 0.2, Max: 0.2, Diff: 0.0, Sum: 0.3]
      [GC Worker Total (ms): Min: 156.3, Avg: 156.3, Max: 156.3, Diff: 0.0, Sum: 312.5]
      [GC Worker End (ms): Min: 65696030.3, Avg: 65696030.3, Max: 65696030.3, Diff: 0.0]
   [Code Root Fixup: 0.4 ms]
   [Code Root Migration: 0.1 ms]
   [Clear CT: 0.6 ms]
   [Other: 10.4 ms]
      [Choose CSet: 0.0 ms]
      [Ref Proc: 5.4 ms]
      [Ref Enq: 0.5 ms]
      [Free CSet: 1.5 ms]
   [Eden: 542.0M(542.0M)->0.0B(570.0M) Survivors: 18.0M->56.0M Heap: 2390.0M(4096.0M)->1885.0M(4096.0M)]
 [Times: user=0.32 sys=0.00, real=0.17 secs] 
2016-08-31T07:51:06.343+0200: 65716.477: [GC pause (young), 0.1621710 secs]
   [Parallel Time: 151.8 ms, GC Workers: 2]
      [GC Worker Start (ms): Min: 65716478.5, Avg: 65716479.7, Max: 65716480.9, Diff: 2.4]
      [Ext Root Scanning (ms): Min: 53.9, Avg: 54.0, Max: 54.1, Diff: 0.2, Sum: 108.0]
      [Update RS (ms): Min: 30.3, Avg: 31.6, Max: 33.0, Diff: 2.7, Sum: 63.3]
         [Processed Buffers: Min: 279, Avg: 298.5, Max: 318, Diff: 39, Sum: 597]
      [Scan RS (ms): Min: 14.0, Avg: 14.1, Max: 14.2, Diff: 0.2, Sum: 28.3]
      [Code Root Scanning (ms): Min: 0.1, Avg: 0.1, Max: 0.2, Diff: 0.1, Sum: 0.3]
      [Object Copy (ms): Min: 50.3, Avg: 50.5, Max: 50.6, Diff: 0.4, Sum: 100.9]
      [Termination (ms): Min: 0.0, Avg: 0.0, Max: 0.0, Diff: 0.0, Sum: 0.0]
      [GC Worker Other (ms): Min: 0.2, Avg: 0.2, Max: 0.2, Diff: 0.0, Sum: 0.4]
      [GC Worker Total (ms): Min: 149.3, Avg: 150.5, Max: 151.7, Diff: 2.4, Sum: 301.0]
      [GC Worker End (ms): Min: 65716630.2, Avg: 65716630.2, Max: 65716630.2, Diff: 0.0]
   [Code Root Fixup: 0.6 ms]
   [Code Root Migration: 0.1 ms]
   [Clear CT: 0.9 ms]
   [Other: 8.8 ms]
      [Choose CSet: 0.0 ms]
      [Ref Proc: 4.2 ms]
      [Ref Enq: 0.3 ms]
      [Free CSet: 1.2 ms]
   [Eden: 364.0M(364.0M)->0.0B(664.0M) Survivors: 56.0M->34.0M Heap: 2249.0M(4096.0M)->1891.0M(4096.0M)]
 [Times: user=0.31 sys=0.00, real=0.16 secs] 
2016-08-31T07:51:37.715+0200: 65747.849: [GC pause (young) (initial-mark), 0.2050740 secs]
   [Parallel Time: 195.7 ms, GC Workers: 2]
      [GC Worker Start (ms): Min: 65747851.0, Avg: 65747852.6, Max: 65747854.2, Diff: 3.2]
      [Ext Root Scanning (ms): Min: 46.4, Avg: 50.8, Max: 55.2, Diff: 8.8, Sum: 101.6]
      [Code Root Marking (ms): Min: 7.8, Avg: 13.4, Max: 19.0, Diff: 11.1, Sum: 26.8]
      [Update RS (ms): Min: 37.4, Avg: 43.5, Max: 49.7, Diff: 12.3, Sum: 87.1]
         [Processed Buffers: Min: 251, Avg: 290.5, Max: 330, Diff: 79, Sum: 581]
      [Scan RS (ms): Min: 5.4, Avg: 9.4, Max: 13.5, Diff: 8.1, Sum: 18.9]
      [Code Root Scanning (ms): Min: 0.0, Avg: 0.1, Max: 0.2, Diff: 0.2, Sum: 0.2]
      [Object Copy (ms): Min: 74.1, Avg: 76.7, Max: 79.2, Diff: 5.1, Sum: 153.3]
      [Termination (ms): Min: 0.0, Avg: 0.1, Max: 0.1, Diff: 0.1, Sum: 0.1]
      [GC Worker Other (ms): Min: 0.1, Avg: 0.1, Max: 0.1, Diff: 0.0, Sum: 0.2]
      [GC Worker Total (ms): Min: 192.5, Avg: 194.1, Max: 195.7, Diff: 3.2, Sum: 388.2]
      [GC Worker End (ms): Min: 65748046.7, Avg: 65748046.7, Max: 65748046.7, Diff: 0.0]
   [Code Root Fixup: 0.2 ms]
   [Code Root Migration: 0.1 ms]
   [Clear CT: 0.6 ms]
   [Other: 8.4 ms]
      [Choose CSet: 0.0 ms]
      [Ref Proc: 3.9 ms]
      [Ref Enq: 0.2 ms]
      [Free CSet: 1.0 ms]
   [Eden: 510.0M(510.0M)->0.0B(372.0M) Survivors: 34.0M->60.0M Heap: 2401.0M(4096.0M)->1916.0M(4096.0M)]
 [Times: user=0.20 sys=0.00, real=0.21 secs] 
2016-08-31T07:51:37.920+0200: 65748.055: [GC concurrent-root-region-scan-start]
2016-08-31T07:51:37.958+0200: 65748.092: [GC concurrent-root-region-scan-end, 0.0376180 secs]
2016-08-31T07:51:37.958+0200: 65748.092: [GC concurrent-mark-start]
2016-08-31T07:51:38.624+0200: 65748.758: [GC concurrent-mark-end, 0.6662470 secs]
2016-08-31T07:51:38.626+0200: 65748.761: [GC remark 2016-08-31T07:51:38.627+0200: 65748.762: [GC ref-proc, 0.0437950 secs], 0.0641290 secs]
 [Times: user=0.07 sys=0.00, real=0.07 secs] 
2016-08-31T07:51:38.705+0200: 65748.840: [GC cleanup 1931M->1752M(4096M), 0.0337340 secs]
 [Times: user=0.03 sys=0.00, real=0.04 secs] 
2016-08-31T07:51:38.740+0200: 65748.874: [GC concurrent-cleanup-start]
2016-08-31T07:51:38.740+0200: 65748.875: [GC concurrent-cleanup-end, 0.0004810 secs]
2016-08-31T07:51:59.672+0200: 65769.806: [GC pause (young), 0.1633790 secs]
   [Parallel Time: 154.5 ms, GC Workers: 2]
      [GC Worker Start (ms): Min: 65769807.7, Avg: 65769810.5, Max: 65769813.2, Diff: 5.5]
      [Ext Root Scanning (ms): Min: 48.1, Avg: 49.2, Max: 50.4, Diff: 2.3, Sum: 98.4]
      [Update RS (ms): Min: 31.7, Avg: 32.0, Max: 32.3, Diff: 0.6, Sum: 64.0]
         [Processed Buffers: Min: 270, Avg: 271.0, Max: 272, Diff: 2, Sum: 542]
      [Scan RS (ms): Min: 13.4, Avg: 13.5, Max: 13.6, Diff: 0.2, Sum: 27.1]
      [Code Root Scanning (ms): Min: 0.1, Avg: 0.1, Max: 0.1, Diff: 0.1, Sum: 0.2]
      [Object Copy (ms): Min: 55.2, Avg: 56.6, Max: 58.0, Diff: 2.8, Sum: 113.2]
      [Termination (ms): Min: 0.0, Avg: 0.0, Max: 0.0, Diff: 0.0, Sum: 0.0]
      [GC Worker Other (ms): Min: 0.2, Avg: 0.2, Max: 0.2, Diff: 0.0, Sum: 0.3]
      [GC Worker Total (ms): Min: 148.9, Avg: 151.7, Max: 154.4, Diff: 5.5, Sum: 303.4]
      [GC Worker End (ms): Min: 65769962.2, Avg: 65769962.2, Max: 65769962.2, Diff: 0.0]
   [Code Root Fixup: 0.5 ms]
   [Code Root Migration: 0.1 ms]
   [Clear CT: 0.5 ms]
   [Other: 7.8 ms]
      [Choose CSet: 0.0 ms]
      [Ref Proc: 3.6 ms]
      [Ref Enq: 0.3 ms]
      [Free CSet: 1.1 ms]
   [Eden: 332.0M(272.0M)->0.0B(184.0M) Survivors: 60.0M->20.0M Heap: 2069.0M(4096.0M)->1730.0M(4096.0M)]
 [Times: user=0.31 sys=0.01, real=0.16 secs] 
2016-08-31T07:52:11.664+0200: 65781.799: [GC pause (mixed), 0.1728240 secs]
   [Parallel Time: 163.4 ms, GC Workers: 2]
      [GC Worker Start (ms): Min: 65781800.8, Avg: 65781800.8, Max: 65781800.8, Diff: 0.0]
      [Ext Root Scanning (ms): Min: 51.7, Avg: 52.4, Max: 53.2, Diff: 1.5, Sum: 104.9]
      [Update RS (ms): Min: 24.7, Avg: 25.6, Max: 26.5, Diff: 1.8, Sum: 51.2]
         [Processed Buffers: Min: 322, Avg: 325.5, Max: 329, Diff: 7, Sum: 651]
      [Scan RS (ms): Min: 39.0, Avg: 39.5, Max: 40.1, Diff: 1.1, Sum: 79.0]
      [Code Root Scanning (ms): Min: 0.1, Avg: 0.2, Max: 0.3, Diff: 0.1, Sum: 0.4]
      [Object Copy (ms): Min: 45.0, Avg: 45.4, Max: 45.8, Diff: 0.8, Sum: 90.8]
      [Termination (ms): Min: 0.0, Avg: 0.0, Max: 0.0, Diff: 0.0, Sum: 0.0]
      [GC Worker Other (ms): Min: 0.1, Avg: 0.1, Max: 0.1, Diff: 0.0, Sum: 0.1]
      [GC Worker Total (ms): Min: 163.2, Avg: 163.2, Max: 163.3, Diff: 0.0, Sum: 326.5]
      [GC Worker End (ms): Min: 65781964.0, Avg: 65781964.0, Max: 65781964.0, Diff: 0.0]
   [Code Root Fixup: 0.4 ms]
   [Code Root Migration: 0.1 ms]
   [Clear CT: 0.9 ms]
   [Other: 8.0 ms]
      [Choose CSet: 0.5 ms]
      [Ref Proc: 1.8 ms]
      [Ref Enq: 0.2 ms]
      [Free CSet: 2.6 ms]
   [Eden: 184.0M(184.0M)->0.0B(182.0M) Survivors: 20.0M->22.0M Heap: 1914.0M(4096.0M)->1345.0M(4096.0M)]
 [Times: user=0.33 sys=0.00, real=0.17 secs] 
2016-08-31T07:52:20.957+0200: 65791.092: [GC pause (mixed), 0.1639780 secs]
   [Parallel Time: 156.8 ms, GC Workers: 2]
      [GC Worker Start (ms): Min: 65791094.0, Avg: 65791094.0, Max: 65791094.1, Diff: 0.0]
      [Ext Root Scanning (ms): Min: 49.7, Avg: 50.5, Max: 51.2, Diff: 1.6, Sum: 100.9]
      [Update RS (ms): Min: 26.7, Avg: 27.7, Max: 28.6, Diff: 2.0, Sum: 55.3]
         [Processed Buffers: Min: 302, Avg: 321.0, Max: 340, Diff: 38, Sum: 642]
      [Scan RS (ms): Min: 43.0, Avg: 43.8, Max: 44.6, Diff: 1.6, Sum: 87.6]
      [Code Root Scanning (ms): Min: 0.1, Avg: 0.1, Max: 0.2, Diff: 0.1, Sum: 0.3]
      [Object Copy (ms): Min: 34.1, Avg: 34.6, Max: 35.2, Diff: 1.1, Sum: 69.3]
      [Termination (ms): Min: 0.0, Avg: 0.0, Max: 0.0, Diff: 0.0, Sum: 0.0]
      [GC Worker Other (ms): Min: 0.0, Avg: 0.1, Max: 0.1, Diff: 0.1, Sum: 0.2]
      [GC Worker Total (ms): Min: 156.8, Avg: 156.8, Max: 156.8, Diff: 0.0, Sum: 313.5]
      [GC Worker End (ms): Min: 65791250.8, Avg: 65791250.8, Max: 65791250.8, Diff: 0.0]
   [Code Root Fixup: 0.3 ms]
   [Code Root Migration: 0.1 ms]
   [Clear CT: 0.6 ms]
   [Other: 6.2 ms]
      [Choose CSet: 0.7 ms]
      [Ref Proc: 1.4 ms]
      [Ref Enq: 0.1 ms]
      [Free CSet: 1.4 ms]
   [Eden: 182.0M(182.0M)->0.0B(178.0M) Survivors: 22.0M->26.0M Heap: 1527.0M(4096.0M)->1178.0M(4096.0M)]
 [Times: user=0.32 sys=0.00, real=0.16 secs] 
2016-08-31T07:52:31.573+0200: 65801.708: [GC pause (mixed), 0.1782880 secs]
   [Parallel Time: 170.4 ms, GC Workers: 2]
      [GC Worker Start (ms): Min: 65801710.1, Avg: 65801710.1, Max: 65801710.2, Diff: 0.0]
      [Ext Root Scanning (ms): Min: 51.6, Avg: 52.0, Max: 52.3, Diff: 0.7, Sum: 104.0]
      [Update RS (ms): Min: 27.3, Avg: 27.3, Max: 27.3, Diff: 0.0, Sum: 54.6]
         [Processed Buffers: Min: 325, Avg: 327.5, Max: 330, Diff: 5, Sum: 655]
      [Scan RS (ms): Min: 49.4, Avg: 50.0, Max: 50.6, Diff: 1.2, Sum: 100.1]
      [Code Root Scanning (ms): Min: 0.1, Avg: 0.1, Max: 0.2, Diff: 0.1, Sum: 0.3]
      [Object Copy (ms): Min: 39.7, Avg: 40.7, Max: 41.6, Diff: 1.9, Sum: 81.4]
      [Termination (ms): Min: 0.0, Avg: 0.0, Max: 0.0, Diff: 0.0, Sum: 0.0]
      [GC Worker Other (ms): Min: 0.0, Avg: 0.1, Max: 0.2, Diff: 0.1, Sum: 0.2]
      [GC Worker Total (ms): Min: 170.2, Avg: 170.2, Max: 170.3, Diff: 0.0, Sum: 340.5]
      [GC Worker End (ms): Min: 65801880.4, Avg: 65801880.4, Max: 65801880.4, Diff: 0.0]
   [Code Root Fixup: 0.3 ms]
   [Code Root Migration: 0.1 ms]
   [Clear CT: 0.7 ms]
   [Other: 6.8 ms]
      [Choose CSet: 0.9 ms]
      [Ref Proc: 1.5 ms]
      [Ref Enq: 0.1 ms]
      [Free CSet: 1.6 ms]
   [Eden: 178.0M(178.0M)->0.0B(182.0M) Survivors: 26.0M->22.0M Heap: 1356.0M(4096.0M)->1007.0M(4096.0M)]
 [Times: user=0.35 sys=0.00, real=0.18 secs] 
2016-08-31T07:52:43.887+0200: 65814.022: [GC pause (mixed), 0.2084120 secs]
   [Parallel Time: 200.9 ms, GC Workers: 2]
      [GC Worker Start (ms): Min: 65814024.5, Avg: 65814024.5, Max: 65814024.5, Diff: 0.0]
      [Ext Root Scanning (ms): Min: 50.7, Avg: 51.2, Max: 51.8, Diff: 1.1, Sum: 102.4]
      [Update RS (ms): Min: 28.1, Avg: 28.6, Max: 29.2, Diff: 1.1, Sum: 57.3]
         [Processed Buffers: Min: 312, Avg: 338.5, Max: 365, Diff: 53, Sum: 677]
      [Scan RS (ms): Min: 53.8, Avg: 54.5, Max: 55.2, Diff: 1.3, Sum: 109.0]
      [Code Root Scanning (ms): Min: 0.3, Avg: 0.3, Max: 0.3, Diff: 0.0, Sum: 0.5]
      [Object Copy (ms): Min: 65.6, Avg: 66.1, Max: 66.5, Diff: 0.9, Sum: 132.1]
      [Termination (ms): Min: 0.0, Avg: 0.0, Max: 0.0, Diff: 0.0, Sum: 0.0]
      [GC Worker Other (ms): Min: 0.0, Avg: 0.1, Max: 0.1, Diff: 0.1, Sum: 0.2]
      [GC Worker Total (ms): Min: 200.8, Avg: 200.8, Max: 200.8, Diff: 0.0, Sum: 401.6]
      [GC Worker End (ms): Min: 65814225.3, Avg: 65814225.3, Max: 65814225.3, Diff: 0.0]
   [Code Root Fixup: 0.3 ms]
   [Code Root Migration: 0.3 ms]
   [Clear CT: 0.7 ms]
   [Other: 6.1 ms]
      [Choose CSet: 1.0 ms]
      [Ref Proc: 1.1 ms]
      [Ref Enq: 0.1 ms]
      [Free CSet: 1.3 ms]
   [Eden: 182.0M(182.0M)->0.0B(178.0M) Survivors: 22.0M->26.0M Heap: 1189.0M(4096.0M)->873.0M(4096.0M)]
 [Times: user=0.41 sys=0.00, real=0.20 secs] 
2016-08-31T07:52:55.561+0200: 65825.695: [GC pause (young), 0.1242930 secs]
   [Parallel Time: 117.7 ms, GC Workers: 2]
      [GC Worker Start (ms): Min: 65825696.7, Avg: 65825696.7, Max: 65825696.7, Diff: 0.0]
      [Ext Root Scanning (ms): Min: 49.0, Avg: 49.4, Max: 49.7, Diff: 0.7, Sum: 98.8]
      [Update RS (ms): Min: 29.0, Avg: 29.1, Max: 29.3, Diff: 0.3, Sum: 58.3]
         [Processed Buffers: Min: 281, Avg: 302.0, Max: 323, Diff: 42, Sum: 604]
      [Scan RS (ms): Min: 5.3, Avg: 5.9, Max: 6.5, Diff: 1.2, Sum: 11.9]
      [Code Root Scanning (ms): Min: 0.1, Avg: 0.1, Max: 0.1, Diff: 0.0, Sum: 0.1]
      [Object Copy (ms): Min: 32.1, Avg: 32.9, Max: 33.8, Diff: 1.7, Sum: 65.9]
      [Termination (ms): Min: 0.0, Avg: 0.0, Max: 0.0, Diff: 0.0, Sum: 0.0]
      [GC Worker Other (ms): Min: 0.1, Avg: 0.2, Max: 0.2, Diff: 0.0, Sum: 0.3]
      [GC Worker Total (ms): Min: 117.6, Avg: 117.6, Max: 117.6, Diff: 0.0, Sum: 235.2]
      [GC Worker End (ms): Min: 65825814.3, Avg: 65825814.3, Max: 65825814.3, Diff: 0.0]
   [Code Root Fixup: 0.5 ms]
   [Code Root Migration: 0.0 ms]
   [Clear CT: 0.4 ms]
   [Other: 5.7 ms]
      [Choose CSet: 0.0 ms]
      [Ref Proc: 2.4 ms]
      [Ref Enq: 0.2 ms]
      [Free CSet: 0.7 ms]
   [Eden: 178.0M(178.0M)->0.0B(180.0M) Survivors: 26.0M->24.0M Heap: 1051.0M(4096.0M)->884.0M(4096.0M)]
 [Times: user=0.24 sys=0.00, real=0.12 secs] 
2016-08-31T07:53:07.641+0200: 65837.776: [GC pause (young), 0.2110040 secs]
   [Parallel Time: 206.4 ms, GC Workers: 2]
      [GC Worker Start (ms): Min: 65837777.2, Avg: 65837777.2, Max: 65837777.2, Diff: 0.0]
      [Ext Root Scanning (ms): Min: 77.9, Avg: 91.1, Max: 104.4, Diff: 26.6, Sum: 182.3]
      [Update RS (ms): Min: 47.6, Avg: 48.4, Max: 49.3, Diff: 1.7, Sum: 96.9]
         [Processed Buffers: Min: 298, Avg: 303.5, Max: 309, Diff: 11, Sum: 607]
      [Scan RS (ms): Min: 6.7, Avg: 8.2, Max: 9.7, Diff: 3.1, Sum: 16.4]
      [Code Root Scanning (ms): Min: 0.0, Avg: 0.1, Max: 0.2, Diff: 0.1, Sum: 0.2]
      [Object Copy (ms): Min: 47.5, Avg: 58.3, Max: 69.0, Diff: 21.5, Sum: 116.6]
      [Termination (ms): Min: 0.0, Avg: 0.1, Max: 0.1, Diff: 0.1, Sum: 0.1]
      [GC Worker Other (ms): Min: 0.0, Avg: 0.1, Max: 0.1, Diff: 0.1, Sum: 0.1]
      [GC Worker Total (ms): Min: 206.3, Avg: 206.3, Max: 206.3, Diff: 0.0, Sum: 412.6]
      [GC Worker End (ms): Min: 65837983.5, Avg: 65837983.5, Max: 65837983.5, Diff: 0.0]
   [Code Root Fixup: 0.3 ms]
   [Code Root Migration: 0.0 ms]
   [Clear CT: 0.4 ms]
   [Other: 4.0 ms]
      [Choose CSet: 0.0 ms]
      [Ref Proc: 1.2 ms]
      [Ref Enq: 0.1 ms]
      [Free CSet: 0.4 ms]
   [Eden: 180.0M(180.0M)->0.0B(188.0M) Survivors: 24.0M->16.0M Heap: 1064.0M(4096.0M)->893.0M(4096.0M)]
 [Times: user=0.21 sys=0.00, real=0.21 secs] 
2016-08-31T07:53:17.194+0200: 65847.328: [GC pause (young), 0.1445080 secs]
   [Parallel Time: 136.2 ms, GC Workers: 2]
      [GC Worker Start (ms): Min: 65847329.9, Avg: 65847331.6, Max: 65847333.2, Diff: 3.3]
      [Ext Root Scanning (ms): Min: 54.2, Avg: 55.8, Max: 57.3, Diff: 3.1, Sum: 111.5]
      [Update RS (ms): Min: 30.3, Avg: 30.6, Max: 30.8, Diff: 0.5, Sum: 61.1]
         [Processed Buffers: Min: 340, Avg: 372.5, Max: 405, Diff: 65, Sum: 745]
      [Scan RS (ms): Min: 5.9, Avg: 6.0, Max: 6.2, Diff: 0.4, Sum: 12.1]
      [Code Root Scanning (ms): Min: 0.0, Avg: 0.1, Max: 0.1, Diff: 0.1, Sum: 0.1]
      [Object Copy (ms): Min: 41.9, Avg: 41.9, Max: 42.0, Diff: 0.2, Sum: 83.9]
      [Termination (ms): Min: 0.0, Avg: 0.0, Max: 0.0, Diff: 0.0, Sum: 0.0]
      [GC Worker Other (ms): Min: 0.1, Avg: 0.1, Max: 0.2, Diff: 0.1, Sum: 0.2]
      [GC Worker Total (ms): Min: 132.8, Avg: 134.5, Max: 136.1, Diff: 3.3, Sum: 269.0]
      [GC Worker End (ms): Min: 65847466.1, Avg: 65847466.1, Max: 65847466.1, Diff: 0.0]
   [Code Root Fixup: 0.4 ms]
   [Code Root Migration: 0.0 ms]
   [Clear CT: 0.6 ms]
   [Other: 7.3 ms]
      [Choose CSet: 0.0 ms]
      [Ref Proc: 3.6 ms]
      [Ref Enq: 0.2 ms]
      [Free CSet: 0.6 ms]
   [Eden: 188.0M(188.0M)->0.0B(178.0M) Survivors: 16.0M->26.0M Heap: 1081.0M(4096.0M)->915.0M(4096.0M)]
 [Times: user=0.25 sys=0.00, real=0.14 secs] 
2016-08-31T07:53:31.064+0200: 65861.199: [GC pause (young), 0.1238680 secs]
   [Parallel Time: 117.6 ms, GC Workers: 2]
      [GC Worker Start (ms): Min: 65861200.1, Avg: 65861201.1, Max: 65861202.0, Diff: 1.9]
      [Ext Root Scanning (ms): Min: 51.3, Avg: 51.6, Max: 52.0, Diff: 0.8, Sum: 103.3]
      [Update RS (ms): Min: 25.5, Avg: 26.4, Max: 27.3, Diff: 1.8, Sum: 52.8]
         [Processed Buffers: Min: 264, Avg: 288.5, Max: 313, Diff: 49, Sum: 577]
      [Scan RS (ms): Min: 6.7, Avg: 6.7, Max: 6.7, Diff: 0.1, Sum: 13.4]
      [Code Root Scanning (ms): Min: 0.1, Avg: 0.1, Max: 0.1, Diff: 0.0, Sum: 0.1]
      [Object Copy (ms): Min: 31.2, Avg: 31.6, Max: 32.0, Diff: 0.8, Sum: 63.2]
      [Termination (ms): Min: 0.0, Avg: 0.0, Max: 0.0, Diff: 0.0, Sum: 0.0]
      [GC Worker Other (ms): Min: 0.1, Avg: 0.1, Max: 0.1, Diff: 0.1, Sum: 0.2]
      [GC Worker Total (ms): Min: 115.6, Avg: 116.6, Max: 117.5, Diff: 2.0, Sum: 233.1]
      [GC Worker End (ms): Min: 65861317.6, Avg: 65861317.6, Max: 65861317.6, Diff: 0.0]
   [Code Root Fixup: 0.4 ms]
   [Code Root Migration: 0.0 ms]
   [Clear CT: 0.4 ms]
   [Other: 5.5 ms]
      [Choose CSet: 0.0 ms]
      [Ref Proc: 2.2 ms]
      [Ref Enq: 0.1 ms]
      [Free CSet: 0.7 ms]
   [Eden: 178.0M(178.0M)->0.0B(190.0M) Survivors: 26.0M->14.0M Heap: 1093.0M(4096.0M)->924.0M(4096.0M)]
 [Times: user=0.24 sys=0.00, real=0.12 secs] 
2016-08-31T07:53:42.841+0200: 65872.975: [GC pause (young), 0.1211960 secs]
   [Parallel Time: 115.2 ms, GC Workers: 2]
      [GC Worker Start (ms): Min: 65872976.7, Avg: 65872976.8, Max: 65872976.8, Diff: 0.1]
      [Ext Root Scanning (ms): Min: 48.1, Avg: 48.6, Max: 49.0, Diff: 0.9, Sum: 97.1]
      [Update RS (ms): Min: 28.3, Avg: 28.9, Max: 29.4, Diff: 1.1, Sum: 57.7]
         [Processed Buffers: Min: 318, Avg: 339.5, Max: 361, Diff: 43, Sum: 679]
      [Scan RS (ms): Min: 4.5, Avg: 5.0, Max: 5.5, Diff: 1.0, Sum: 9.9]
      [Code Root Scanning (ms): Min: 0.1, Avg: 0.1, Max: 0.1, Diff: 0.0, Sum: 0.2]
      [Object Copy (ms): Min: 31.7, Avg: 32.4, Max: 33.1, Diff: 1.4, Sum: 64.7]
      [Termination (ms): Min: 0.0, Avg: 0.0, Max: 0.0, Diff: 0.0, Sum: 0.0]
      [GC Worker Other (ms): Min: 0.1, Avg: 0.3, Max: 0.6, Diff: 0.5, Sum: 0.6]
      [GC Worker Total (ms): Min: 115.1, Avg: 115.1, Max: 115.2, Diff: 0.1, Sum: 230.3]
      [GC Worker End (ms): Min: 65873091.9, Avg: 65873091.9, Max: 65873091.9, Diff: 0.0]
   [Code Root Fixup: 0.4 ms]
   [Code Root Migration: 0.0 ms]
   [Clear CT: 0.3 ms]
   [Other: 5.2 ms]
      [Choose CSet: 0.0 ms]
      [Ref Proc: 1.9 ms]
      [Ref Enq: 0.2 ms]
      [Free CSet: 0.6 ms]
   [Eden: 190.0M(190.0M)->0.0B(226.0M) Survivors: 14.0M->26.0M Heap: 1114.0M(4096.0M)->945.0M(4096.0M)]
 [Times: user=0.23 sys=0.00, real=0.12 secs] 
2016-08-31T07:53:57.779+0200: 65887.913: [GC pause (young), 0.1321410 secs]
   [Parallel Time: 124.6 ms, GC Workers: 2]
      [GC Worker Start (ms): Min: 65887914.4, Avg: 65887914.4, Max: 65887914.4, Diff: 0.0]
      [Ext Root Scanning (ms): Min: 48.8, Avg: 49.1, Max: 49.3, Diff: 0.5, Sum: 98.2]
      [Update RS (ms): Min: 26.4, Avg: 26.4, Max: 26.5, Diff: 0.2, Sum: 52.9]
         [Processed Buffers: Min: 288, Avg: 295.0, Max: 302, Diff: 14, Sum: 590]
      [Scan RS (ms): Min: 8.2, Avg: 8.6, Max: 8.9, Diff: 0.6, Sum: 17.1]
      [Code Root Scanning (ms): Min: 0.1, Avg: 0.1, Max: 0.1, Diff: 0.0, Sum: 0.2]
      [Object Copy (ms): Min: 39.6, Avg: 40.1, Max: 40.6, Diff: 1.0, Sum: 80.1]
      [Termination (ms): Min: 0.0, Avg: 0.0, Max: 0.0, Diff: 0.0, Sum: 0.0]
      [GC Worker Other (ms): Min: 0.2, Avg: 0.2, Max: 0.2, Diff: 0.0, Sum: 0.4]
      [GC Worker Total (ms): Min: 124.4, Avg: 124.4, Max: 124.4, Diff: 0.0, Sum: 248.9]
      [GC Worker End (ms): Min: 65888038.8, Avg: 65888038.8, Max: 65888038.8, Diff: 0.0]
   [Code Root Fixup: 0.4 ms]
   [Code Root Migration: 0.0 ms]
   [Clear CT: 0.4 ms]
   [Other: 6.7 ms]
      [Choose CSet: 0.0 ms]
      [Ref Proc: 3.0 ms]
      [Ref Enq: 0.2 ms]
      [Free CSet: 0.9 ms]
   [Eden: 226.0M(226.0M)->0.0B(386.0M) Survivors: 26.0M->24.0M Heap: 1171.0M(4096.0M)->963.0M(4096.0M)]
 [Times: user=0.25 sys=0.00, real=0.13 secs] 
2016-08-31T07:54:26.423+0200: 65916.558: [GC pause (young), 0.1463090 secs]
   [Parallel Time: 137.3 ms, GC Workers: 2]
      [GC Worker Start (ms): Min: 65916558.9, Avg: 65916558.9, Max: 65916558.9, Diff: 0.0]
      [Ext Root Scanning (ms): Min: 48.3, Avg: 48.9, Max: 49.5, Diff: 1.2, Sum: 97.8]
      [Update RS (ms): Min: 37.0, Avg: 37.2, Max: 37.5, Diff: 0.5, Sum: 74.5]
         [Processed Buffers: Min: 241, Avg: 266.0, Max: 291, Diff: 50, Sum: 532]
      [Scan RS (ms): Min: 12.9, Avg: 13.1, Max: 13.3, Diff: 0.4, Sum: 26.2]
      [Code Root Scanning (ms): Min: 0.1, Avg: 0.1, Max: 0.2, Diff: 0.1, Sum: 0.3]
      [Object Copy (ms): Min: 37.0, Avg: 37.5, Max: 38.0, Diff: 0.9, Sum: 75.0]
      [Termination (ms): Min: 0.0, Avg: 0.0, Max: 0.0, Diff: 0.0, Sum: 0.0]
      [GC Worker Other (ms): Min: 0.2, Avg: 0.2, Max: 0.2, Diff: 0.0, Sum: 0.5]
      [GC Worker Total (ms): Min: 137.1, Avg: 137.1, Max: 137.1, Diff: 0.0, Sum: 274.2]
      [GC Worker End (ms): Min: 65916696.0, Avg: 65916696.0, Max: 65916696.0, Diff: 0.0]
   [Code Root Fixup: 0.4 ms]
   [Code Root Migration: 0.1 ms]
   [Clear CT: 0.5 ms]
   [Other: 8.1 ms]
      [Choose CSet: 0.0 ms]
      [Ref Proc: 4.2 ms]
      [Ref Enq: 0.3 ms]
      [Free CSet: 1.3 ms]
   [Eden: 386.0M(386.0M)->0.0B(404.0M) Survivors: 24.0M->32.0M Heap: 1349.0M(4096.0M)->971.0M(4096.0M)]
 [Times: user=0.26 sys=0.00, real=0.14 secs] 
2016-08-31T07:54:52.971+0200: 65943.105: [GC pause (young), 0.1704350 secs]
   [Parallel Time: 160.4 ms, GC Workers: 2]
      [GC Worker Start (ms): Min: 65943106.6, Avg: 65943106.6, Max: 65943106.6, Diff: 0.0]
      [Ext Root Scanning (ms): Min: 49.9, Avg: 50.1, Max: 50.3, Diff: 0.4, Sum: 100.2]
      [Update RS (ms): Min: 32.0, Avg: 32.1, Max: 32.3, Diff: 0.3, Sum: 64.3]
         [Processed Buffers: Min: 267, Avg: 287.5, Max: 308, Diff: 41, Sum: 575]
      [Scan RS (ms): Min: 12.6, Avg: 12.9, Max: 13.1, Diff: 0.5, Sum: 25.8]
      [Code Root Scanning (ms): Min: 0.1, Avg: 0.1, Max: 0.2, Diff: 0.0, Sum: 0.3]
      [Object Copy (ms): Min: 64.9, Avg: 64.9, Max: 65.0, Diff: 0.1, Sum: 129.8]
      [Termination (ms): Min: 0.0, Avg: 0.0, Max: 0.0, Diff: 0.0, Sum: 0.0]
      [GC Worker Other (ms): Min: 0.1, Avg: 0.1, Max: 0.2, Diff: 0.1, Sum: 0.2]
      [GC Worker Total (ms): Min: 160.3, Avg: 160.3, Max: 160.3, Diff: 0.0, Sum: 320.6]
      [GC Worker End (ms): Min: 65943266.9, Avg: 65943266.9, Max: 65943266.9, Diff: 0.0]
   [Code Root Fixup: 0.5 ms]
   [Code Root Migration: 0.1 ms]
   [Clear CT: 0.5 ms]
   [Other: 9.0 ms]
      [Choose CSet: 0.0 ms]
      [Ref Proc: 4.7 ms]
      [Ref Enq: 0.3 ms]
      [Free CSet: 1.3 ms]
   [Eden: 404.0M(404.0M)->0.0B(374.0M) Survivors: 32.0M->44.0M Heap: 1375.0M(4096.0M)->994.0M(4096.0M)]
 [Times: user=0.31 sys=0.00, real=0.17 secs] 
2016-08-31T07:55:20.699+0200: 65970.833: [GC pause (young), 0.1563130 secs]
   [Parallel Time: 149.1 ms, GC Workers: 2]
      [GC Worker Start (ms): Min: 65970834.5, Avg: 65970834.5, Max: 65970834.5, Diff: 0.0]
      [Ext Root Scanning (ms): Min: 51.3, Avg: 51.5, Max: 51.6, Diff: 0.3, Sum: 102.9]
      [Update RS (ms): Min: 31.8, Avg: 32.3, Max: 32.9, Diff: 1.1, Sum: 64.7]
         [Processed Buffers: Min: 310, Avg: 313.0, Max: 316, Diff: 6, Sum: 626]
      [Scan RS (ms): Min: 13.1, Avg: 13.4, Max: 13.8, Diff: 0.8, Sum: 26.9]
      [Code Root Scanning (ms): Min: 0.1, Avg: 0.1, Max: 0.2, Diff: 0.1, Sum: 0.3]
      [Object Copy (ms): Min: 51.4, Avg: 51.5, Max: 51.6, Diff: 0.1, Sum: 103.0]
      [Termination (ms): Min: 0.0, Avg: 0.0, Max: 0.0, Diff: 0.0, Sum: 0.0]
      [GC Worker Other (ms): Min: 0.2, Avg: 0.2, Max: 0.2, Diff: 0.1, Sum: 0.4]
      [GC Worker Total (ms): Min: 149.0, Avg: 149.1, Max: 149.1, Diff: 0.0, Sum: 298.1]
      [GC Worker End (ms): Min: 65970983.6, Avg: 65970983.6, Max: 65970983.6, Diff: 0.0]
   [Code Root Fixup: 0.3 ms]
   [Code Root Migration: 0.1 ms]
   [Clear CT: 0.4 ms]
   [Other: 6.4 ms]
      [Choose CSet: 0.0 ms]
      [Ref Proc: 2.5 ms]
      [Ref Enq: 0.2 ms]
      [Free CSet: 1.0 ms]
   [Eden: 374.0M(374.0M)->0.0B(528.0M) Survivors: 44.0M->34.0M Heap: 1368.0M(4096.0M)->1009.0M(4096.0M)]
 [Times: user=0.30 sys=0.00, real=0.16 secs] 
2016-08-31T07:56:01.469+0200: 66011.603: [GC pause (young), 0.1711210 secs]
   [Parallel Time: 159.5 ms, GC Workers: 2]
      [GC Worker Start (ms): Min: 66011604.9, Avg: 66011606.6, Max: 66011608.3, Diff: 3.4]
      [Ext Root Scanning (ms): Min: 53.4, Avg: 56.8, Max: 60.3, Diff: 6.9, Sum: 113.7]
      [Update RS (ms): Min: 36.6, Avg: 38.4, Max: 40.1, Diff: 3.5, Sum: 76.8]
         [Processed Buffers: Min: 270, Avg: 294.5, Max: 319, Diff: 49, Sum: 589]
      [Scan RS (ms): Min: 12.1, Avg: 12.3, Max: 12.6, Diff: 0.5, Sum: 24.7]
      [Code Root Scanning (ms): Min: 0.1, Avg: 0.2, Max: 0.2, Diff: 0.1, Sum: 0.4]
      [Object Copy (ms): Min: 49.6, Avg: 49.8, Max: 50.0, Diff: 0.4, Sum: 99.6]
      [Termination (ms): Min: 0.0, Avg: 0.0, Max: 0.0, Diff: 0.0, Sum: 0.0]
      [GC Worker Other (ms): Min: 0.1, Avg: 0.1, Max: 0.2, Diff: 0.2, Sum: 0.3]
      [GC Worker Total (ms): Min: 156.0, Avg: 157.7, Max: 159.4, Diff: 3.4, Sum: 315.4]
      [GC Worker End (ms): Min: 66011764.3, Avg: 66011764.3, Max: 66011764.3, Diff: 0.0]
   [Code Root Fixup: 0.4 ms]
   [Code Root Migration: 0.1 ms]
   [Clear CT: 0.5 ms]
   [Other: 10.6 ms]
      [Choose CSet: 0.0 ms]
      [Ref Proc: 5.7 ms]
      [Ref Enq: 0.4 ms]
      [Free CSet: 1.6 ms]
   [Eden: 528.0M(528.0M)->0.0B(480.0M) Survivors: 34.0M->44.0M Heap: 1537.0M(4096.0M)->1019.0M(4096.0M)]
 [Times: user=0.31 sys=0.00, real=0.17 secs] 
2016-08-31T07:56:36.982+0200: 66047.116: [GC pause (young), 0.1708130 secs]
   [Parallel Time: 161.7 ms, GC Workers: 2]
      [GC Worker Start (ms): Min: 66047117.5, Avg: 66047117.5, Max: 66047117.5, Diff: 0.0]
      [Ext Root Scanning (ms): Min: 46.9, Avg: 55.8, Max: 64.8, Diff: 17.8, Sum: 111.7]
      [Update RS (ms): Min: 20.0, Avg: 30.3, Max: 40.7, Diff: 20.7, Sum: 60.7]
         [Processed Buffers: Min: 164, Avg: 248.5, Max: 333, Diff: 169, Sum: 497]
      [Scan RS (ms): Min: 15.0, Avg: 15.3, Max: 15.6, Diff: 0.5, Sum: 30.6]
      [Code Root Scanning (ms): Min: 0.2, Avg: 0.2, Max: 0.2, Diff: 0.0, Sum: 0.4]
      [Object Copy (ms): Min: 58.7, Avg: 59.8, Max: 61.0, Diff: 2.3, Sum: 119.7]
      [Termination (ms): Min: 0.0, Avg: 0.0, Max: 0.0, Diff: 0.0, Sum: 0.0]
      [GC Worker Other (ms): Min: 0.1, Avg: 0.2, Max: 0.2, Diff: 0.0, Sum: 0.3]
      [GC Worker Total (ms): Min: 161.6, Avg: 161.7, Max: 161.7, Diff: 0.0, Sum: 323.3]
      [GC Worker End (ms): Min: 66047279.2, Avg: 66047279.2, Max: 66047279.2, Diff: 0.0]
   [Code Root Fixup: 0.5 ms]
   [Code Root Migration: 0.1 ms]
   [Clear CT: 0.4 ms]
   [Other: 8.1 ms]
      [Choose CSet: 0.0 ms]
      [Ref Proc: 4.5 ms]
      [Ref Enq: 0.4 ms]
      [Free CSet: 1.2 ms]
   [Eden: 480.0M(480.0M)->0.0B(504.0M) Survivors: 44.0M->42.0M Heap: 1499.0M(4096.0M)->1025.0M(4096.0M)]
 [Times: user=0.32 sys=0.00, real=0.17 secs] 
2016-08-31T07:57:14.899+0200: 66085.034: [GC pause (young), 0.1867660 secs]
   [Parallel Time: 175.3 ms, GC Workers: 2]
      [GC Worker Start (ms): Min: 66085035.2, Avg: 66085035.3, Max: 66085035.3, Diff: 0.1]
      [Ext Root Scanning (ms): Min: 61.2, Avg: 62.2, Max: 63.1, Diff: 2.0, Sum: 124.3]
      [Update RS (ms): Min: 33.8, Avg: 34.3, Max: 34.8, Diff: 1.0, Sum: 68.6]
         [Processed Buffers: Min: 298, Avg: 320.5, Max: 343, Diff: 45, Sum: 641]
      [Scan RS (ms): Min: 15.7, Avg: 15.8, Max: 15.8, Diff: 0.1, Sum: 31.5]
      [Code Root Scanning (ms): Min: 0.1, Avg: 0.2, Max: 0.2, Diff: 0.1, Sum: 0.3]
      [Object Copy (ms): Min: 62.1, Avg: 62.7, Max: 63.3, Diff: 1.2, Sum: 125.3]
      [Termination (ms): Min: 0.0, Avg: 0.0, Max: 0.0, Diff: 0.0, Sum: 0.0]
      [GC Worker Other (ms): Min: 0.1, Avg: 0.2, Max: 0.2, Diff: 0.1, Sum: 0.4]
      [GC Worker Total (ms): Min: 175.2, Avg: 175.2, Max: 175.3, Diff: 0.1, Sum: 350.5]
      [GC Worker End (ms): Min: 66085210.5, Avg: 66085210.5, Max: 66085210.5, Diff: 0.0]
   [Code Root Fixup: 0.4 ms]
   [Code Root Migration: 0.1 ms]
   [Clear CT: 0.5 ms]
   [Other: 10.4 ms]
      [Choose CSet: 0.0 ms]
      [Ref Proc: 5.1 ms]
      [Ref Enq: 0.4 ms]
      [Free CSet: 1.5 ms]
   [Eden: 504.0M(504.0M)->0.0B(438.0M) Survivors: 42.0M->56.0M Heap: 1529.0M(4096.0M)->1049.0M(4096.0M)]
 [Times: user=0.34 sys=0.00, real=0.18 secs] 
2016-08-31T07:57:46.765+0200: 66116.899: [GC pause (young), 0.2325130 secs]
   [Parallel Time: 223.7 ms, GC Workers: 2]
      [GC Worker Start (ms): Min: 66116900.9, Avg: 66116900.9, Max: 66116900.9, Diff: 0.0]
      [Ext Root Scanning (ms): Min: 44.5, Avg: 59.9, Max: 75.2, Diff: 30.8, Sum: 119.7]
      [Update RS (ms): Min: 38.3, Avg: 51.6, Max: 65.0, Diff: 26.8, Sum: 103.3]
         [Processed Buffers: Min: 317, Avg: 331.0, Max: 345, Diff: 28, Sum: 662]
      [Scan RS (ms): Min: 15.2, Avg: 17.5, Max: 19.9, Diff: 4.7, Sum: 35.1]
      [Code Root Scanning (ms): Min: 0.1, Avg: 0.2, Max: 0.3, Diff: 0.2, Sum: 0.3]
      [Object Copy (ms): Min: 89.6, Avg: 92.3, Max: 95.1, Diff: 5.5, Sum: 184.7]
      [Termination (ms): Min: 0.0, Avg: 1.9, Max: 3.8, Diff: 3.8, Sum: 3.8]
      [GC Worker Other (ms): Min: 0.0, Avg: 0.1, Max: 0.1, Diff: 0.1, Sum: 0.1]
      [GC Worker Total (ms): Min: 223.3, Avg: 223.5, Max: 223.7, Diff: 0.3, Sum: 447.0]
      [GC Worker End (ms): Min: 66117124.2, Avg: 66117124.4, Max: 66117124.6, Diff: 0.3]
   [Code Root Fixup: 0.3 ms]
   [Code Root Migration: 0.1 ms]
   [Clear CT: 2.0 ms]
   [Other: 6.5 ms]
      [Choose CSet: 0.0 ms]
      [Ref Proc: 2.8 ms]
      [Ref Enq: 0.2 ms]
      [Free CSet: 1.0 ms]
   [Eden: 438.0M(438.0M)->0.0B(238.0M) Survivors: 56.0M->42.0M Heap: 1487.0M(4096.0M)->1063.0M(4096.0M)]
 [Times: user=0.33 sys=0.00, real=0.23 secs] 
2016-08-31T07:58:03.093+0200: 66133.228: [GC pause (young), 0.1420250 secs]
   [Parallel Time: 134.3 ms, GC Workers: 2]
      [GC Worker Start (ms): Min: 66133229.1, Avg: 66133231.7, Max: 66133234.2, Diff: 5.1]
      [Ext Root Scanning (ms): Min: 51.0, Avg: 53.7, Max: 56.4, Diff: 5.5, Sum: 107.4]
      [Update RS (ms): Min: 28.0, Avg: 28.5, Max: 29.1, Diff: 1.1, Sum: 57.1]
         [Processed Buffers: Min: 280, Avg: 295.0, Max: 310, Diff: 30, Sum: 590]
      [Scan RS (ms): Min: 9.1, Avg: 9.5, Max: 9.8, Diff: 0.7, Sum: 19.0]
      [Code Root Scanning (ms): Min: 0.1, Avg: 0.1, Max: 0.1, Diff: 0.1, Sum: 0.2]
      [Object Copy (ms): Min: 39.6, Avg: 39.6, Max: 39.6, Diff: 0.0, Sum: 79.2]
      [Termination (ms): Min: 0.0, Avg: 0.0, Max: 0.0, Diff: 0.0, Sum: 0.0]
      [GC Worker Other (ms): Min: 0.2, Avg: 0.2, Max: 0.2, Diff: 0.0, Sum: 0.4]
      [GC Worker Total (ms): Min: 129.1, Avg: 131.6, Max: 134.2, Diff: 5.1, Sum: 263.3]
      [GC Worker End (ms): Min: 66133363.3, Avg: 66133363.3, Max: 66133363.3, Diff: 0.0]
   [Code Root Fixup: 0.6 ms]
   [Code Root Migration: 0.0 ms]
   [Clear CT: 0.4 ms]
   [Other: 6.7 ms]
      [Choose CSet: 0.0 ms]
      [Ref Proc: 2.8 ms]
      [Ref Enq: 0.2 ms]
      [Free CSet: 1.0 ms]
   [Eden: 238.0M(238.0M)->0.0B(644.0M) Survivors: 42.0M->18.0M Heap: 1301.0M(4096.0M)->1060.0M(4096.0M)]
 [Times: user=0.27 sys=0.00, real=0.15 secs] 
2016-08-31T07:58:49.575+0200: 66179.709: [GC pause (young), 0.1642760 secs]
   [Parallel Time: 154.6 ms, GC Workers: 2]
      [GC Worker Start (ms): Min: 66179710.6, Avg: 66179710.6, Max: 66179710.6, Diff: 0.0]
      [Ext Root Scanning (ms): Min: 50.2, Avg: 50.2, Max: 50.2, Diff: 0.0, Sum: 100.4]
      [Update RS (ms): Min: 42.1, Avg: 43.1, Max: 44.1, Diff: 1.9, Sum: 86.2]
         [Processed Buffers: Min: 323, Avg: 335.5, Max: 348, Diff: 25, Sum: 671]
      [Scan RS (ms): Min: 10.7, Avg: 11.2, Max: 11.8, Diff: 1.1, Sum: 22.4]
      [Code Root Scanning (ms): Min: 0.2, Avg: 0.2, Max: 0.2, Diff: 0.1, Sum: 0.4]
      [Object Copy (ms): Min: 49.4, Avg: 49.7, Max: 50.1, Diff: 0.7, Sum: 99.5]
      [Termination (ms): Min: 0.0, Avg: 0.0, Max: 0.0, Diff: 0.0, Sum: 0.0]
      [GC Worker Other (ms): Min: 0.1, Avg: 0.1, Max: 0.2, Diff: 0.1, Sum: 0.2]
      [GC Worker Total (ms): Min: 154.5, Avg: 154.5, Max: 154.5, Diff: 0.0, Sum: 309.1]
      [GC Worker End (ms): Min: 66179865.2, Avg: 66179865.2, Max: 66179865.2, Diff: 0.0]
   [Code Root Fixup: 0.3 ms]
   [Code Root Migration: 0.1 ms]
   [Clear CT: 0.4 ms]
   [Other: 8.8 ms]
      [Choose CSet: 0.0 ms]
      [Ref Proc: 4.5 ms]
      [Ref Enq: 0.3 ms]
      [Free CSet: 1.4 ms]
   [Eden: 644.0M(644.0M)->0.0B(444.0M) Survivors: 18.0M->54.0M Heap: 1704.0M(4096.0M)->1096.0M(4096.0M)]
 [Times: user=0.32 sys=0.00, real=0.16 secs] 
2016-08-31T07:59:18.849+0200: 66208.984: [GC pause (young), 0.2047210 secs]
   [Parallel Time: 193.9 ms, GC Workers: 2]
      [GC Worker Start (ms): Min: 66208985.1, Avg: 66208985.1, Max: 66208985.2, Diff: 0.0]
      [Ext Root Scanning (ms): Min: 57.2, Avg: 66.3, Max: 75.4, Diff: 18.3, Sum: 132.6]
      [Update RS (ms): Min: 36.5, Avg: 46.2, Max: 55.9, Diff: 19.4, Sum: 92.5]
         [Processed Buffers: Min: 273, Avg: 321.0, Max: 369, Diff: 96, Sum: 642]
      [Scan RS (ms): Min: 14.4, Avg: 14.4, Max: 14.5, Diff: 0.1, Sum: 28.8]
      [Code Root Scanning (ms): Min: 0.1, Avg: 0.2, Max: 0.2, Diff: 0.1, Sum: 0.3]
      [Object Copy (ms): Min: 66.0, Avg: 66.6, Max: 67.3, Diff: 1.3, Sum: 133.3]
      [Termination (ms): Min: 0.0, Avg: 0.0, Max: 0.0, Diff: 0.0, Sum: 0.0]
      [GC Worker Other (ms): Min: 0.1, Avg: 0.1, Max: 0.2, Diff: 0.1, Sum: 0.3]
      [GC Worker Total (ms): Min: 193.8, Avg: 193.8, Max: 193.9, Diff: 0.0, Sum: 387.7]
      [GC Worker End (ms): Min: 66209179.0, Avg: 66209179.0, Max: 66209179.0, Diff: 0.0]
   [Code Root Fixup: 0.4 ms]
   [Code Root Migration: 0.1 ms]
   [Clear CT: 0.5 ms]
   [Other: 9.7 ms]
      [Choose CSet: 0.0 ms]
      [Ref Proc: 4.9 ms]
      [Ref Enq: 0.4 ms]
      [Free CSet: 1.4 ms]
   [Eden: 444.0M(444.0M)->0.0B(310.0M) Survivors: 54.0M->48.0M Heap: 1540.0M(4096.0M)->1115.0M(4096.0M)]
 [Times: user=0.34 sys=0.00, real=0.20 secs] 
2016-08-31T07:59:40.131+0200: 66230.266: [GC pause (young), 0.1461740 secs]
   [Parallel Time: 137.5 ms, GC Workers: 2]
      [GC Worker Start (ms): Min: 66230267.0, Avg: 66230267.1, Max: 66230267.1, Diff: 0.0]
      [Ext Root Scanning (ms): Min: 48.7, Avg: 49.0, Max: 49.3, Diff: 0.5, Sum: 98.0]
      [Update RS (ms): Min: 33.0, Avg: 33.4, Max: 33.9, Diff: 1.0, Sum: 66.9]
         [Processed Buffers: Min: 289, Avg: 301.5, Max: 314, Diff: 25, Sum: 603]
      [Scan RS (ms): Min: 9.8, Avg: 10.0, Max: 10.2, Diff: 0.5, Sum: 20.0]
      [Code Root Scanning (ms): Min: 0.1, Avg: 0.1, Max: 0.2, Diff: 0.1, Sum: 0.2]
      [Object Copy (ms): Min: 44.6, Avg: 44.7, Max: 44.7, Diff: 0.1, Sum: 89.3]
      [Termination (ms): Min: 0.0, Avg: 0.0, Max: 0.0, Diff: 0.0, Sum: 0.0]
      [GC Worker Other (ms): Min: 0.2, Avg: 0.2, Max: 0.2, Diff: 0.0, Sum: 0.3]
      [GC Worker Total (ms): Min: 137.4, Avg: 137.4, Max: 137.4, Diff: 0.0, Sum: 274.8]
      [GC Worker End (ms): Min: 66230404.4, Avg: 66230404.4, Max: 66230404.4, Diff: 0.0]
   [Code Root Fixup: 0.5 ms]
   [Code Root Migration: 0.1 ms]
   [Clear CT: 0.8 ms]
   [Other: 7.4 ms]
      [Choose CSet: 0.0 ms]
      [Ref Proc: 3.4 ms]
      [Ref Enq: 0.3 ms]
      [Free CSet: 1.0 ms]
   [Eden: 310.0M(310.0M)->0.0B(664.0M) Survivors: 48.0M->26.0M Heap: 1425.0M(4096.0M)->1114.0M(4096.0M)]
 [Times: user=0.29 sys=0.00, real=0.14 secs] 
2016-08-31T08:00:20.164+0200: 66270.299: [GC pause (young), 0.1805710 secs]
   [Parallel Time: 170.2 ms, GC Workers: 2]
      [GC Worker Start (ms): Min: 66270300.5, Avg: 66270300.9, Max: 66270301.3, Diff: 0.7]
      [Ext Root Scanning (ms): Min: 53.4, Avg: 53.4, Max: 53.4, Diff: 0.0, Sum: 106.9]
      [Update RS (ms): Min: 44.8, Avg: 44.9, Max: 45.0, Diff: 0.2, Sum: 89.9]
         [Processed Buffers: Min: 359, Avg: 361.0, Max: 363, Diff: 4, Sum: 722]
      [Scan RS (ms): Min: 12.0, Avg: 12.3, Max: 12.6, Diff: 0.6, Sum: 24.6]
      [Code Root Scanning (ms): Min: 0.1, Avg: 0.2, Max: 0.3, Diff: 0.1, Sum: 0.4]
      [Object Copy (ms): Min: 58.6, Avg: 58.6, Max: 58.7, Diff: 0.1, Sum: 117.3]
      [Termination (ms): Min: 0.0, Avg: 0.0, Max: 0.0, Diff: 0.0, Sum: 0.0]
      [GC Worker Other (ms): Min: 0.2, Avg: 0.2, Max: 0.2, Diff: 0.0, Sum: 0.4]
      [GC Worker Total (ms): Min: 169.3, Avg: 169.7, Max: 170.1, Diff: 0.7, Sum: 339.4]
      [GC Worker End (ms): Min: 66270470.6, Avg: 66270470.6, Max: 66270470.6, Diff: 0.0]
   [Code Root Fixup: 0.4 ms]
   [Code Root Migration: 0.1 ms]
   [Clear CT: 0.5 ms]
   [Other: 9.4 ms]
      [Choose CSet: 0.0 ms]
      [Ref Proc: 4.5 ms]
      [Ref Enq: 0.3 ms]
      [Free CSet: 1.4 ms]
   [Eden: 624.0M(522.0M)->0.0B(456.0M) Survivors: 26.0M->62.0M Heap: 1738.0M(4096.0M)->1150.0M(4096.0M)]
 [Times: user=0.35 sys=0.00, real=0.18 secs] 
2016-08-31T08:00:48.663+0200: 66298.797: [GC pause (young), 0.1228780 secs]
   [Parallel Time: 115.9 ms, GC Workers: 2]
      [GC Worker Start (ms): Min: 66298798.3, Avg: 66298798.3, Max: 66298798.3, Diff: 0.0]
      [Ext Root Scanning (ms): Min: 35.0, Avg: 38.9, Max: 42.7, Diff: 7.7, Sum: 77.7]
      [Update RS (ms): Min: 20.1, Avg: 23.7, Max: 27.3, Diff: 7.2, Sum: 47.4]
         [Processed Buffers: Min: 316, Avg: 348.0, Max: 380, Diff: 64, Sum: 696]
      [Scan RS (ms): Min: 9.3, Avg: 9.4, Max: 9.6, Diff: 0.2, Sum: 18.9]
      [Code Root Scanning (ms): Min: 0.1, Avg: 0.1, Max: 0.2, Diff: 0.1, Sum: 0.2]
      [Object Copy (ms): Min: 43.2, Avg: 43.5, Max: 43.9, Diff: 0.6, Sum: 87.1]
      [Termination (ms): Min: 0.0, Avg: 0.0, Max: 0.0, Diff: 0.0, Sum: 0.0]
      [GC Worker Other (ms): Min: 0.1, Avg: 0.1, Max: 0.1, Diff: 0.0, Sum: 0.3]
      [GC Worker Total (ms): Min: 115.8, Avg: 115.8, Max: 115.8, Diff: 0.0, Sum: 231.6]
      [GC Worker End (ms): Min: 66298914.1, Avg: 66298914.1, Max: 66298914.1, Diff: 0.0]
   [Code Root Fixup: 0.2 ms]
   [Code Root Migration: 0.1 ms]
   [Clear CT: 0.4 ms]
   [Other: 6.4 ms]
      [Choose CSet: 0.0 ms]
      [Ref Proc: 3.2 ms]
      [Ref Enq: 0.2 ms]
      [Free CSet: 0.9 ms]
   [Eden: 450.0M(280.0M)->0.0B(718.0M) Survivors: 62.0M->44.0M Heap: 1600.0M(4096.0M)->1165.0M(4096.0M)]
 [Times: user=0.21 sys=0.00, real=0.12 secs] 
2016-08-31T08:01:22.065+0200: 66332.199: [GC pause (young), 0.1754520 secs]
   [Parallel Time: 166.1 ms, GC Workers: 2]
      [GC Worker Start (ms): Min: 66332200.9, Avg: 66332201.1, Max: 66332201.3, Diff: 0.4]
      [Ext Root Scanning (ms): Min: 51.3, Avg: 52.0, Max: 52.7, Diff: 1.3, Sum: 104.0]
      [Update RS (ms): Min: 41.3, Avg: 41.7, Max: 42.1, Diff: 0.9, Sum: 83.4]
         [Processed Buffers: Min: 274, Avg: 307.5, Max: 341, Diff: 67, Sum: 615]
      [Scan RS (ms): Min: 13.4, Avg: 13.5, Max: 13.7, Diff: 0.3, Sum: 27.1]
      [Code Root Scanning (ms): Min: 0.1, Avg: 0.2, Max: 0.3, Diff: 0.1, Sum: 0.4]
      [Object Copy (ms): Min: 58.0, Avg: 58.3, Max: 58.5, Diff: 0.5, Sum: 116.6]
      [Termination (ms): Min: 0.0, Avg: 0.0, Max: 0.0, Diff: 0.0, Sum: 0.0]
      [GC Worker Other (ms): Min: 0.1, Avg: 0.2, Max: 0.2, Diff: 0.0, Sum: 0.3]
      [GC Worker Total (ms): Min: 165.7, Avg: 165.9, Max: 166.1, Diff: 0.4, Sum: 331.8]
      [GC Worker End (ms): Min: 66332367.0, Avg: 66332367.0, Max: 66332367.0, Diff: 0.0]
   [Code Root Fixup: 0.3 ms]
   [Code Root Migration: 0.1 ms]
   [Clear CT: 0.4 ms]
   [Other: 8.5 ms]
      [Choose CSet: 0.0 ms]
      [Ref Proc: 4.3 ms]
      [Ref Enq: 0.3 ms]
      [Free CSet: 1.3 ms]
   [Eden: 572.0M(504.0M)->0.0B(602.0M) Survivors: 44.0M->54.0M Heap: 1737.0M(4096.0M)->1193.0M(4096.0M)]
 [Times: user=0.33 sys=0.00, real=0.17 secs] 
2016-08-31T08:01:56.245+0200: 66366.380: [GC pause (young), 0.1758090 secs]
   [Parallel Time: 164.6 ms, GC Workers: 2]
      [GC Worker Start (ms): Min: 66366380.9, Avg: 66366380.9, Max: 66366380.9, Diff: 0.0]
      [Ext Root Scanning (ms): Min: 51.6, Avg: 52.4, Max: 53.2, Diff: 1.6, Sum: 104.8]
      [Update RS (ms): Min: 38.5, Avg: 38.6, Max: 38.7, Diff: 0.2, Sum: 77.1]
         [Processed Buffers: Min: 243, Avg: 283.0, Max: 323, Diff: 80, Sum: 566]
      [Scan RS (ms): Min: 14.1, Avg: 14.4, Max: 14.7, Diff: 0.6, Sum: 28.8]
      [Code Root Scanning (ms): Min: 0.1, Avg: 0.2, Max: 0.2, Diff: 0.1, Sum: 0.4]
      [Object Copy (ms): Min: 58.3, Avg: 58.8, Max: 59.2, Diff: 0.9, Sum: 117.6]
      [Termination (ms): Min: 0.0, Avg: 0.0, Max: 0.0, Diff: 0.0, Sum: 0.0]
      [GC Worker Other (ms): Min: 0.2, Avg: 0.2, Max: 0.2, Diff: 0.0, Sum: 0.4]
      [GC Worker Total (ms): Min: 164.5, Avg: 164.5, Max: 164.5, Diff: 0.0, Sum: 329.0]
      [GC Worker End (ms): Min: 66366545.4, Avg: 66366545.4, Max: 66366545.4, Diff: 0.0]
   [Code Root Fixup: 0.6 ms]
   [Code Root Migration: 0.1 ms]
   [Clear CT: 0.6 ms]
   [Other: 10.0 ms]
      [Choose CSet: 0.0 ms]
      [Ref Proc: 5.4 ms]
      [Ref Enq: 0.4 ms]
      [Free CSet: 1.6 ms]
   [Eden: 498.0M(394.0M)->0.0B(718.0M) Survivors: 54.0M->30.0M Heap: 1691.0M(4096.0M)->1190.0M(4096.0M)]
 [Times: user=0.33 sys=0.00, real=0.18 secs] 
2016-08-31T08:02:29.048+0200: 66399.182: [GC pause (young), 0.1836000 secs]
   [Parallel Time: 168.8 ms, GC Workers: 2]
      [GC Worker Start (ms): Min: 66399183.8, Avg: 66399183.8, Max: 66399183.8, Diff: 0.0]
      [Ext Root Scanning (ms): Min: 60.9, Avg: 63.1, Max: 65.3, Diff: 4.3, Sum: 126.2]
      [Update RS (ms): Min: 44.9, Avg: 45.8, Max: 46.8, Diff: 1.9, Sum: 91.7]
         [Processed Buffers: Min: 180, Avg: 308.5, Max: 437, Diff: 257, Sum: 617]
      [Scan RS (ms): Min: 12.5, Avg: 12.5, Max: 12.6, Diff: 0.1, Sum: 25.1]
      [Code Root Scanning (ms): Min: 0.1, Avg: 0.1, Max: 0.1, Diff: 0.0, Sum: 0.2]
      [Object Copy (ms): Min: 45.8, Avg: 46.9, Max: 48.1, Diff: 2.3, Sum: 93.9]
      [Termination (ms): Min: 0.0, Avg: 0.0, Max: 0.0, Diff: 0.0, Sum: 0.0]
      [GC Worker Other (ms): Min: 0.1, Avg: 0.1, Max: 0.1, Diff: 0.0, Sum: 0.3]
      [GC Worker Total (ms): Min: 168.7, Avg: 168.7, Max: 168.7, Diff: 0.0, Sum: 337.4]
      [GC Worker End (ms): Min: 66399352.5, Avg: 66399352.5, Max: 66399352.5, Diff: 0.0]
   [Code Root Fixup: 0.4 ms]
   [Code Root Migration: 0.1 ms]
   [Clear CT: 0.3 ms]
   [Other: 14.1 ms]
      [Choose CSet: 0.0 ms]
      [Ref Proc: 10.5 ms]
      [Ref Enq: 0.2 ms]
      [Free CSet: 1.0 ms]
   [Eden: 528.0M(504.0M)->0.0B(436.0M) Survivors: 30.0M->58.0M Heap: 1718.0M(4096.0M)->1218.0M(4096.0M)]
 [Times: user=0.25 sys=0.00, real=0.18 secs] 
2016-08-31T08:02:54.829+0200: 66424.964: [GC pause (young), 0.1604630 secs]
   [Parallel Time: 150.6 ms, GC Workers: 2]
      [GC Worker Start (ms): Min: 66424965.0, Avg: 66424965.1, Max: 66424965.1, Diff: 0.0]
      [Ext Root Scanning (ms): Min: 50.4, Avg: 50.7, Max: 51.1, Diff: 0.8, Sum: 101.5]
      [Update RS (ms): Min: 31.8, Avg: 32.2, Max: 32.6, Diff: 0.8, Sum: 64.5]
         [Processed Buffers: Min: 264, Avg: 274.0, Max: 284, Diff: 20, Sum: 548]
      [Scan RS (ms): Min: 15.4, Avg: 15.9, Max: 16.4, Diff: 1.0, Sum: 31.8]
      [Code Root Scanning (ms): Min: 0.1, Avg: 0.1, Max: 0.2, Diff: 0.1, Sum: 0.3]
      [Object Copy (ms): Min: 51.0, Avg: 51.1, Max: 51.2, Diff: 0.1, Sum: 102.2]
      [Termination (ms): Min: 0.0, Avg: 0.0, Max: 0.0, Diff: 0.0, Sum: 0.0]
      [GC Worker Other (ms): Min: 0.2, Avg: 0.4, Max: 0.6, Diff: 0.5, Sum: 0.8]
      [GC Worker Total (ms): Min: 150.5, Avg: 150.5, Max: 150.5, Diff: 0.0, Sum: 301.0]
      [GC Worker End (ms): Min: 66425115.6, Avg: 66425115.6, Max: 66425115.6, Diff: 0.0]
   [Code Root Fixup: 0.5 ms]
   [Code Root Migration: 0.1 ms]
   [Clear CT: 0.5 ms]
   [Other: 8.8 ms]
      [Choose CSet: 0.0 ms]
      [Ref Proc: 4.4 ms]
      [Ref Enq: 0.3 ms]
      [Free CSet: 1.3 ms]
   [Eden: 406.0M(314.0M)->0.0B(830.0M) Survivors: 58.0M->28.0M Heap: 1624.0M(4096.0M)->1218.0M(4096.0M)]
 [Times: user=0.31 sys=0.01, real=0.17 secs] 
2016-08-31T08:03:35.708+0200: 66465.843: [GC pause (young), 0.1856090 secs]
   [Parallel Time: 170.5 ms, GC Workers: 2]
      [GC Worker Start (ms): Min: 66465844.3, Avg: 66465844.3, Max: 66465844.3, Diff: 0.0]
      [Ext Root Scanning (ms): Min: 52.2, Avg: 52.4, Max: 52.5, Diff: 0.4, Sum: 104.7]
      [Update RS (ms): Min: 40.3, Avg: 40.9, Max: 41.5, Diff: 1.2, Sum: 81.8]
         [Processed Buffers: Min: 300, Avg: 305.5, Max: 311, Diff: 11, Sum: 611]
      [Scan RS (ms): Min: 13.5, Avg: 13.6, Max: 13.8, Diff: 0.4, Sum: 27.3]
      [Code Root Scanning (ms): Min: 0.2, Avg: 0.2, Max: 0.3, Diff: 0.1, Sum: 0.4]
      [Object Copy (ms): Min: 62.5, Avg: 63.1, Max: 63.8, Diff: 1.4, Sum: 126.3]
      [Termination (ms): Min: 0.0, Avg: 0.0, Max: 0.0, Diff: 0.0, Sum: 0.0]
      [GC Worker Other (ms): Min: 0.1, Avg: 0.2, Max: 0.2, Diff: 0.1, Sum: 0.4]
      [GC Worker Total (ms): Min: 170.4, Avg: 170.4, Max: 170.4, Diff: 0.0, Sum: 340.8]
      [GC Worker End (ms): Min: 66466014.8, Avg: 66466014.8, Max: 66466014.8, Diff: 0.0]
   [Code Root Fixup: 0.4 ms]
   [Code Root Migration: 0.1 ms]
   [Clear CT: 0.6 ms]
   [Other: 14.0 ms]
      [Choose CSet: 0.0 ms]
      [Ref Proc: 7.8 ms]
      [Ref Enq: 0.8 ms]
      [Free CSet: 2.1 ms]
   [Eden: 630.0M(630.0M)->0.0B(484.0M) Survivors: 28.0M->54.0M Heap: 1848.0M(4096.0M)->1244.0M(4096.0M)]
 [Times: user=0.36 sys=0.00, real=0.18 secs] 
2016-08-31T08:04:03.059+0200: 66493.194: [GC pause (young), 0.1614750 secs]
   [Parallel Time: 153.2 ms, GC Workers: 2]
      [GC Worker Start (ms): Min: 66493195.0, Avg: 66493195.0, Max: 66493195.0, Diff: 0.0]
      [Ext Root Scanning (ms): Min: 50.6, Avg: 50.8, Max: 51.1, Diff: 0.5, Sum: 101.6]
      [Update RS (ms): Min: 33.5, Avg: 33.8, Max: 34.0, Diff: 0.4, Sum: 67.5]
         [Processed Buffers: Min: 278, Avg: 282.5, Max: 287, Diff: 9, Sum: 565]
      [Scan RS (ms): Min: 16.1, Avg: 16.3, Max: 16.4, Diff: 0.3, Sum: 32.5]
      [Code Root Scanning (ms): Min: 0.2, Avg: 0.2, Max: 0.2, Diff: 0.0, Sum: 0.4]
      [Object Copy (ms): Min: 51.8, Avg: 51.9, Max: 52.1, Diff: 0.3, Sum: 103.9]
      [Termination (ms): Min: 0.0, Avg: 0.0, Max: 0.0, Diff: 0.0, Sum: 0.0]
      [GC Worker Other (ms): Min: 0.2, Avg: 0.2, Max: 0.2, Diff: 0.1, Sum: 0.4]
      [GC Worker Total (ms): Min: 153.1, Avg: 153.1, Max: 153.1, Diff: 0.0, Sum: 306.2]
      [GC Worker End (ms): Min: 66493348.1, Avg: 66493348.1, Max: 66493348.1, Diff: 0.0]
   [Code Root Fixup: 0.3 ms]
   [Code Root Migration: 0.1 ms]
   [Clear CT: 0.4 ms]
   [Other: 7.5 ms]
      [Choose CSet: 0.0 ms]
      [Ref Proc: 3.4 ms]
      [Ref Enq: 0.2 ms]
      [Free CSet: 1.2 ms]
   [Eden: 444.0M(326.0M)->0.0B(912.0M) Survivors: 54.0M->30.0M Heap: 1688.0M(4096.0M)->1248.0M(4096.0M)]
 [Times: user=0.32 sys=0.00, real=0.17 secs] 
2016-08-31T08:04:41.273+0200: 66531.408: [GC pause (young), 0.1872680 secs]
   [Parallel Time: 176.1 ms, GC Workers: 2]
      [GC Worker Start (ms): Min: 66531409.6, Avg: 66531409.6, Max: 66531409.7, Diff: 0.1]
      [Ext Root Scanning (ms): Min: 51.4, Avg: 52.4, Max: 53.4, Diff: 1.9, Sum: 104.8]
      [Update RS (ms): Min: 42.0, Avg: 42.1, Max: 42.1, Diff: 0.1, Sum: 84.2]
         [Processed Buffers: Min: 288, Avg: 311.0, Max: 334, Diff: 46, Sum: 622]
      [Scan RS (ms): Min: 16.0, Avg: 16.4, Max: 16.7, Diff: 0.7, Sum: 32.8]
      [Code Root Scanning (ms): Min: 0.2, Avg: 0.2, Max: 0.3, Diff: 0.1, Sum: 0.5]
      [Object Copy (ms): Min: 64.2, Avg: 64.7, Max: 65.3, Diff: 1.0, Sum: 129.5]
      [Termination (ms): Min: 0.0, Avg: 0.0, Max: 0.0, Diff: 0.0, Sum: 0.0]
      [GC Worker Other (ms): Min: 0.2, Avg: 0.2, Max: 0.2, Diff: 0.0, Sum: 0.4]
      [GC Worker Total (ms): Min: 176.0, Avg: 176.0, Max: 176.1, Diff: 0.1, Sum: 352.0]
      [GC Worker End (ms): Min: 66531585.6, Avg: 66531585.6, Max: 66531585.6, Diff: 0.0]
   [Code Root Fixup: 0.3 ms]
   [Code Root Migration: 0.1 ms]
   [Clear CT: 0.5 ms]
   [Other: 10.3 ms]
      [Choose CSet: 0.0 ms]
      [Ref Proc: 5.4 ms]
      [Ref Enq: 0.3 ms]
      [Free CSet: 1.6 ms]
   [Eden: 670.0M(670.0M)->0.0B(560.0M) Survivors: 30.0M->62.0M Heap: 1918.0M(4096.0M)->1280.0M(4096.0M)]
 [Times: user=0.36 sys=0.00, real=0.19 secs] 
2016-08-31T08:05:07.571+0200: 66557.705: [GC pause (young), 0.1740920 secs]
   [Parallel Time: 165.9 ms, GC Workers: 2]
      [GC Worker Start (ms): Min: 66557707.0, Avg: 66557707.1, Max: 66557707.1, Diff: 0.1]
      [Ext Root Scanning (ms): Min: 54.4, Avg: 58.9, Max: 63.4, Diff: 9.0, Sum: 117.8]
      [Update RS (ms): Min: 29.2, Avg: 31.7, Max: 34.1, Diff: 4.9, Sum: 63.3]
         [Processed Buffers: Min: 274, Avg: 288.5, Max: 303, Diff: 29, Sum: 577]
      [Scan RS (ms): Min: 16.6, Avg: 16.9, Max: 17.1, Diff: 0.4, Sum: 33.7]
      [Code Root Scanning (ms): Min: 0.1, Avg: 0.2, Max: 0.2, Diff: 0.1, Sum: 0.3]
      [Object Copy (ms): Min: 56.3, Avg: 58.1, Max: 59.9, Diff: 3.6, Sum: 116.2]
      [Termination (ms): Min: 0.0, Avg: 0.0, Max: 0.0, Diff: 0.0, Sum: 0.0]
      [GC Worker Other (ms): Min: 0.2, Avg: 0.2, Max: 0.2, Diff: 0.0, Sum: 0.4]
      [GC Worker Total (ms): Min: 165.8, Avg: 165.8, Max: 165.9, Diff: 0.1, Sum: 331.7]
      [GC Worker End (ms): Min: 66557872.9, Avg: 66557872.9, Max: 66557872.9, Diff: 0.0]
   [Code Root Fixup: 0.3 ms]
   [Code Root Migration: 0.1 ms]
   [Clear CT: 0.4 ms]
   [Other: 7.4 ms]
      [Choose CSet: 0.0 ms]
      [Ref Proc: 3.0 ms]
      [Ref Enq: 0.2 ms]
      [Free CSet: 1.1 ms]
   [Eden: 428.0M(362.0M)->0.0B(710.0M) Survivors: 62.0M->34.0M Heap: 1708.0M(4096.0M)->1287.0M(4096.0M)]
 [Times: user=0.32 sys=0.00, real=0.17 secs] 
2016-08-31T08:05:49.581+0200: 66599.716: [GC pause (young), 0.1945350 secs]
   [Parallel Time: 178.0 ms, GC Workers: 2]
      [GC Worker Start (ms): Min: 66599717.6, Avg: 66599718.9, Max: 66599720.2, Diff: 2.6]
      [Ext Root Scanning (ms): Min: 49.6, Avg: 50.8, Max: 51.9, Diff: 2.3, Sum: 101.5]
      [Update RS (ms): Min: 44.0, Avg: 44.4, Max: 44.8, Diff: 0.8, Sum: 88.8]
         [Processed Buffers: Min: 338, Avg: 352.5, Max: 367, Diff: 29, Sum: 705]
      [Scan RS (ms): Min: 14.5, Avg: 14.6, Max: 14.7, Diff: 0.2, Sum: 29.3]
      [Code Root Scanning (ms): Min: 0.2, Avg: 0.2, Max: 0.3, Diff: 0.1, Sum: 0.5]
      [Object Copy (ms): Min: 66.1, Avg: 66.3, Max: 66.6, Diff: 0.5, Sum: 132.7]
      [Termination (ms): Min: 0.0, Avg: 0.0, Max: 0.0, Diff: 0.0, Sum: 0.0]
      [GC Worker Other (ms): Min: 0.2, Avg: 0.2, Max: 0.2, Diff: 0.1, Sum: 0.4]
      [GC Worker Total (ms): Min: 175.3, Avg: 176.6, Max: 177.9, Diff: 2.6, Sum: 353.1]
      [GC Worker End (ms): Min: 66599895.5, Avg: 66599895.5, Max: 66599895.5, Diff: 0.0]
   [Code Root Fixup: 0.4 ms]
   [Code Root Migration: 0.1 ms]
   [Clear CT: 0.6 ms]
   [Other: 15.4 ms]
      [Choose CSet: 0.0 ms]
      [Ref Proc: 9.6 ms]
      [Ref Enq: 0.6 ms]
      [Free CSet: 2.0 ms]
   [Eden: 710.0M(710.0M)->0.0B(480.0M) Survivors: 34.0M->70.0M Heap: 1997.0M(4096.0M)->1323.0M(4096.0M)]
 [Times: user=0.37 sys=0.00, real=0.20 secs] 
2016-08-31T08:06:23.154+0200: 66633.288: [GC pause (young), 0.1767370 secs]
   [Parallel Time: 168.4 ms, GC Workers: 2]
      [GC Worker Start (ms): Min: 66633289.8, Avg: 66633289.8, Max: 66633289.8, Diff: 0.0]
      [Ext Root Scanning (ms): Min: 54.4, Avg: 57.5, Max: 60.6, Diff: 6.2, Sum: 115.0]
      [Update RS (ms): Min: 31.8, Avg: 35.6, Max: 39.4, Diff: 7.6, Sum: 71.2]
         [Processed Buffers: Min: 259, Avg: 277.5, Max: 296, Diff: 37, Sum: 555]
      [Scan RS (ms): Min: 15.6, Avg: 16.0, Max: 16.4, Diff: 0.9, Sum: 32.0]
      [Code Root Scanning (ms): Min: 0.1, Avg: 0.2, Max: 0.2, Diff: 0.1, Sum: 0.3]
      [Object Copy (ms): Min: 58.5, Avg: 58.8, Max: 59.1, Diff: 0.6, Sum: 117.6]
      [Termination (ms): Min: 0.0, Avg: 0.0, Max: 0.0, Diff: 0.0, Sum: 0.0]
      [GC Worker Other (ms): Min: 0.2, Avg: 0.2, Max: 0.2, Diff: 0.0, Sum: 0.3]
      [GC Worker Total (ms): Min: 168.2, Avg: 168.3, Max: 168.3, Diff: 0.0, Sum: 336.5]
      [GC Worker End (ms): Min: 66633458.1, Avg: 66633458.1, Max: 66633458.1, Diff: 0.0]
   [Code Root Fixup: 0.3 ms]
   [Code Root Migration: 0.1 ms]
   [Clear CT: 0.5 ms]
   [Other: 7.5 ms]
      [Choose CSet: 0.0 ms]
      [Ref Proc: 3.3 ms]
      [Ref Enq: 0.2 ms]
      [Free CSet: 1.3 ms]
   [Eden: 480.0M(480.0M)->0.0B(756.0M) Survivors: 70.0M->30.0M Heap: 1803.0M(4096.0M)->1310.0M(4096.0M)]
 [Times: user=0.33 sys=0.01, real=0.18 secs] 
2016-08-31T08:07:08.448+0200: 66678.582: [GC pause (young), 0.1802720 secs]
   [Parallel Time: 170.6 ms, GC Workers: 2]
      [GC Worker Start (ms): Min: 66678583.8, Avg: 66678583.8, Max: 66678583.8, Diff: 0.0]
      [Ext Root Scanning (ms): Min: 53.0, Avg: 63.5, Max: 74.0, Diff: 20.9, Sum: 127.0]
      [Update RS (ms): Min: 36.4, Avg: 46.0, Max: 55.5, Diff: 19.1, Sum: 91.9]
         [Processed Buffers: Min: 230, Avg: 312.0, Max: 394, Diff: 164, Sum: 624]
      [Scan RS (ms): Min: 12.6, Avg: 13.0, Max: 13.4, Diff: 0.8, Sum: 26.1]
      [Code Root Scanning (ms): Min: 0.2, Avg: 0.3, Max: 0.3, Diff: 0.1, Sum: 0.5]
      [Object Copy (ms): Min: 47.1, Avg: 47.6, Max: 48.1, Diff: 0.9, Sum: 95.2]
      [Termination (ms): Min: 0.0, Avg: 0.0, Max: 0.0, Diff: 0.0, Sum: 0.0]
      [GC Worker Other (ms): Min: 0.1, Avg: 0.1, Max: 0.2, Diff: 0.0, Sum: 0.3]
      [GC Worker Total (ms): Min: 170.5, Avg: 170.5, Max: 170.5, Diff: 0.0, Sum: 341.0]
      [GC Worker End (ms): Min: 66678754.3, Avg: 66678754.3, Max: 66678754.3, Diff: 0.0]
   [Code Root Fixup: 0.3 ms]
   [Code Root Migration: 0.1 ms]
   [Clear CT: 0.5 ms]
   [Other: 8.9 ms]
      [Choose CSet: 0.0 ms]
      [Ref Proc: 4.3 ms]
      [Ref Enq: 0.2 ms]
      [Free CSet: 1.6 ms]
   [Eden: 660.0M(528.0M)->0.0B(584.0M) Survivors: 30.0M->58.0M Heap: 1970.0M(4096.0M)->1338.0M(4096.0M)]
 [Times: user=0.33 sys=0.00, real=0.18 secs] 
2016-08-31T08:07:35.573+0200: 66705.708: [GC pause (young), 0.1677570 secs]
   [Parallel Time: 159.5 ms, GC Workers: 2]
      [GC Worker Start (ms): Min: 66705709.0, Avg: 66705709.0, Max: 66705709.0, Diff: 0.0]
      [Ext Root Scanning (ms): Min: 50.3, Avg: 51.5, Max: 52.6, Diff: 2.3, Sum: 102.9]
      [Update RS (ms): Min: 33.1, Avg: 34.1, Max: 35.1, Diff: 2.1, Sum: 68.2]
         [Processed Buffers: Min: 237, Avg: 288.0, Max: 339, Diff: 102, Sum: 576]
      [Scan RS (ms): Min: 17.1, Avg: 17.3, Max: 17.5, Diff: 0.5, Sum: 34.6]
      [Code Root Scanning (ms): Min: 0.2, Avg: 0.2, Max: 0.2, Diff: 0.1, Sum: 0.4]
      [Object Copy (ms): Min: 56.0, Avg: 56.2, Max: 56.3, Diff: 0.2, Sum: 112.3]
      [Termination (ms): Min: 0.0, Avg: 0.0, Max: 0.0, Diff: 0.0, Sum: 0.0]
      [GC Worker Other (ms): Min: 0.2, Avg: 0.2, Max: 0.2, Diff: 0.0, Sum: 0.3]
      [GC Worker Total (ms): Min: 159.4, Avg: 159.4, Max: 159.4, Diff: 0.0, Sum: 318.8]
      [GC Worker End (ms): Min: 66705868.4, Avg: 66705868.4, Max: 66705868.4, Diff: 0.0]
   [Code Root Fixup: 0.4 ms]
   [Code Root Migration: 0.1 ms]
   [Clear CT: 0.4 ms]
   [Other: 7.4 ms]
      [Choose CSet: 0.0 ms]
      [Ref Proc: 3.4 ms]
      [Ref Enq: 0.2 ms]
      [Free CSet: 1.2 ms]
   [Eden: 488.0M(358.0M)->0.0B(698.0M) Survivors: 58.0M->36.0M Heap: 1826.0M(4096.0M)->1349.0M(4096.0M)]
 [Times: user=0.33 sys=0.00, real=0.16 secs] 
2016-08-31T08:08:15.711+0200: 66745.846: [GC pause (young), 0.1876970 secs]
   [Parallel Time: 173.6 ms, GC Workers: 2]
      [GC Worker Start (ms): Min: 66745847.6, Avg: 66745847.6, Max: 66745847.7, Diff: 0.1]
      [Ext Root Scanning (ms): Min: 49.9, Avg: 50.5, Max: 51.1, Diff: 1.3, Sum: 101.0]
      [Update RS (ms): Min: 44.0, Avg: 44.2, Max: 44.4, Diff: 0.4, Sum: 88.4]
         [Processed Buffers: Min: 332, Avg: 335.0, Max: 338, Diff: 6, Sum: 670]
      [Scan RS (ms): Min: 14.7, Avg: 14.7, Max: 14.7, Diff: 0.0, Sum: 29.3]
      [Code Root Scanning (ms): Min: 0.2, Avg: 0.2, Max: 0.3, Diff: 0.1, Sum: 0.5]
      [Object Copy (ms): Min: 63.3, Avg: 63.7, Max: 64.2, Diff: 0.9, Sum: 127.4]
      [Termination (ms): Min: 0.0, Avg: 0.0, Max: 0.0, Diff: 0.0, Sum: 0.0]
      [GC Worker Other (ms): Min: 0.2, Avg: 0.2, Max: 0.2, Diff: 0.0, Sum: 0.4]
      [GC Worker Total (ms): Min: 173.5, Avg: 173.5, Max: 173.5, Diff: 0.1, Sum: 347.0]
      [GC Worker End (ms): Min: 66746021.1, Avg: 66746021.1, Max: 66746021.1, Diff: 0.0]
   [Code Root Fixup: 0.5 ms]
   [Code Root Migration: 0.1 ms]
   [Clear CT: 0.6 ms]
   [Other: 12.9 ms]
      [Choose CSet: 0.0 ms]
      [Ref Proc: 7.2 ms]
      [Ref Enq: 0.6 ms]
      [Free CSet: 1.9 ms]
   [Eden: 656.0M(556.0M)->0.0B(532.0M) Survivors: 36.0M->62.0M Heap: 2005.0M(4096.0M)->1375.0M(4096.0M)]
 [Times: user=0.36 sys=0.00, real=0.19 secs] 
2016-08-31T08:08:45.179+0200: 66775.314: [GC pause (young), 0.1712850 secs]
   [Parallel Time: 163.0 ms, GC Workers: 2]
      [GC Worker Start (ms): Min: 66775315.2, Avg: 66775315.2, Max: 66775315.2, Diff: 0.0]
      [Ext Root Scanning (ms): Min: 51.2, Avg: 52.6, Max: 54.0, Diff: 2.8, Sum: 105.2]
      [Update RS (ms): Min: 32.7, Avg: 35.1, Max: 37.6, Diff: 5.0, Sum: 70.3]
         [Processed Buffers: Min: 325, Avg: 334.0, Max: 343, Diff: 18, Sum: 668]
      [Scan RS (ms): Min: 16.6, Avg: 17.0, Max: 17.3, Diff: 0.7, Sum: 34.0]
      [Code Root Scanning (ms): Min: 0.1, Avg: 0.2, Max: 0.2, Diff: 0.1, Sum: 0.4]
      [Object Copy (ms): Min: 57.1, Avg: 57.8, Max: 58.5, Diff: 1.3, Sum: 115.6]
      [Termination (ms): Min: 0.0, Avg: 0.0, Max: 0.0, Diff: 0.0, Sum: 0.0]
      [GC Worker Other (ms): Min: 0.2, Avg: 0.2, Max: 0.2, Diff: 0.0, Sum: 0.3]
      [GC Worker Total (ms): Min: 162.9, Avg: 162.9, Max: 162.9, Diff: 0.0, Sum: 325.8]
      [GC Worker End (ms): Min: 66775478.1, Avg: 66775478.1, Max: 66775478.1, Diff: 0.0]
   [Code Root Fixup: 0.3 ms]
   [Code Root Migration: 0.1 ms]
   [Clear CT: 0.5 ms]
   [Other: 7.5 ms]
      [Choose CSet: 0.0 ms]
      [Ref Proc: 3.3 ms]
      [Ref Enq: 0.3 ms]
      [Free CSet: 1.1 ms]
   [Eden: 462.0M(350.0M)->0.0B(684.0M) Survivors: 62.0M->40.0M Heap: 1837.0M(4096.0M)->1384.0M(4096.0M)]
 [Times: user=0.33 sys=0.00, real=0.17 secs] 
2016-08-31T08:09:36.363+0200: 66826.498: [GC pause (young), 0.2013100 secs]
   [Parallel Time: 186.2 ms, GC Workers: 2]
      [GC Worker Start (ms): Min: 66826499.1, Avg: 66826500.6, Max: 66826502.1, Diff: 3.1]
      [Ext Root Scanning (ms): Min: 59.8, Avg: 61.2, Max: 62.7, Diff: 2.9, Sum: 122.5]
      [Update RS (ms): Min: 41.8, Avg: 42.1, Max: 42.4, Diff: 0.6, Sum: 84.2]
         [Processed Buffers: Min: 276, Avg: 285.5, Max: 295, Diff: 19, Sum: 571]
      [Scan RS (ms): Min: 14.8, Avg: 14.9, Max: 14.9, Diff: 0.1, Sum: 29.8]
      [Code Root Scanning (ms): Min: 0.2, Avg: 0.3, Max: 0.3, Diff: 0.1, Sum: 0.5]
      [Object Copy (ms): Min: 65.5, Avg: 65.9, Max: 66.3, Diff: 0.8, Sum: 131.8]
      [Termination (ms): Min: 0.0, Avg: 0.0, Max: 0.0, Diff: 0.0, Sum: 0.0]
      [GC Worker Other (ms): Min: 0.2, Avg: 0.2, Max: 0.2, Diff: 0.1, Sum: 0.4]
      [GC Worker Total (ms): Min: 183.1, Avg: 184.6, Max: 186.1, Diff: 3.1, Sum: 369.2]
      [GC Worker End (ms): Min: 66826685.2, Avg: 66826685.2, Max: 66826685.2, Diff: 0.0]
   [Code Root Fixup: 0.5 ms]
   [Code Root Migration: 0.1 ms]
   [Clear CT: 0.9 ms]
   [Other: 13.6 ms]
      [Choose CSet: 0.0 ms]
      [Ref Proc: 7.8 ms]
      [Ref Enq: 0.6 ms]
      [Free CSet: 2.2 ms]
   [Eden: 680.0M(528.0M)->0.0B(436.0M) Survivors: 40.0M->36.0M Heap: 2064.0M(4096.0M)->1390.0M(4096.0M)]
 [Times: user=0.34 sys=0.01, real=0.20 secs] 
2016-08-31T08:10:02.230+0200: 66852.364: [GC pause (young), 0.1662980 secs]
   [Parallel Time: 155.6 ms, GC Workers: 2]
      [GC Worker Start (ms): Min: 66852365.9, Avg: 66852365.9, Max: 66852365.9, Diff: 0.0]
      [Ext Root Scanning (ms): Min: 50.3, Avg: 50.4, Max: 50.4, Diff: 0.1, Sum: 100.7]
      [Update RS (ms): Min: 35.5, Avg: 35.7, Max: 35.9, Diff: 0.4, Sum: 71.5]
         [Processed Buffers: Min: 273, Avg: 283.5, Max: 294, Diff: 21, Sum: 567]
      [Scan RS (ms): Min: 14.2, Avg: 14.4, Max: 14.5, Diff: 0.3, Sum: 28.7]
      [Code Root Scanning (ms): Min: 0.1, Avg: 0.2, Max: 0.2, Diff: 0.1, Sum: 0.3]
      [Object Copy (ms): Min: 54.2, Avg: 54.7, Max: 55.2, Diff: 1.0, Sum: 109.3]
      [Termination (ms): Min: 0.0, Avg: 0.0, Max: 0.0, Diff: 0.0, Sum: 0.0]
      [GC Worker Other (ms): Min: 0.2, Avg: 0.2, Max: 0.3, Diff: 0.1, Sum: 0.4]
      [GC Worker Total (ms): Min: 155.5, Avg: 155.5, Max: 155.5, Diff: 0.0, Sum: 311.0]
      [GC Worker End (ms): Min: 66852521.4, Avg: 66852521.4, Max: 66852521.4, Diff: 0.0]
   [Code Root Fixup: 0.4 ms]
   [Code Root Migration: 0.1 ms]
   [Clear CT: 0.5 ms]
   [Other: 9.7 ms]
      [Choose CSet: 0.0 ms]
      [Ref Proc: 5.0 ms]
      [Ref Enq: 0.4 ms]
      [Free CSet: 1.5 ms]
   [Eden: 436.0M(436.0M)->0.0B(548.0M) Survivors: 36.0M->30.0M Heap: 1826.0M(4096.0M)->1405.0M(4096.0M)]
 [Times: user=0.32 sys=0.00, real=0.17 secs] 
2016-08-31T08:10:39.469+0200: 66889.604: [GC pause (young), 0.1792910 secs]
   [Parallel Time: 167.5 ms, GC Workers: 2]
      [GC Worker Start (ms): Min: 66889605.1, Avg: 66889605.1, Max: 66889605.1, Diff: 0.0]
      [Ext Root Scanning (ms): Min: 49.9, Avg: 58.9, Max: 68.0, Diff: 18.1, Sum: 117.9]
      [Update RS (ms): Min: 29.9, Avg: 39.1, Max: 48.3, Diff: 18.4, Sum: 78.2]
         [Processed Buffers: Min: 195, Avg: 288.5, Max: 382, Diff: 187, Sum: 577]
      [Scan RS (ms): Min: 13.4, Avg: 13.5, Max: 13.6, Diff: 0.1, Sum: 27.0]
      [Code Root Scanning (ms): Min: 0.1, Avg: 0.2, Max: 0.2, Diff: 0.1, Sum: 0.4]
      [Object Copy (ms): Min: 55.3, Avg: 55.5, Max: 55.6, Diff: 0.3, Sum: 111.0]
      [Termination (ms): Min: 0.0, Avg: 0.0, Max: 0.0, Diff: 0.0, Sum: 0.0]
      [GC Worker Other (ms): Min: 0.2, Avg: 0.2, Max: 0.2, Diff: 0.0, Sum: 0.3]
      [GC Worker Total (ms): Min: 167.4, Avg: 167.4, Max: 167.4, Diff: 0.0, Sum: 334.7]
      [GC Worker End (ms): Min: 66889772.5, Avg: 66889772.5, Max: 66889772.5, Diff: 0.0]
   [Code Root Fixup: 0.4 ms]
   [Code Root Migration: 0.1 ms]
   [Clear CT: 0.6 ms]
   [Other: 10.7 ms]
      [Choose CSet: 0.0 ms]
      [Ref Proc: 5.9 ms]
      [Ref Enq: 0.5 ms]
      [Free CSet: 1.6 ms]
   [Eden: 548.0M(548.0M)->0.0B(482.0M) Survivors: 30.0M->54.0M Heap: 1953.0M(4096.0M)->1428.0M(4096.0M)]
 [Times: user=0.33 sys=0.00, real=0.18 secs] 
2016-08-31T08:11:05.889+0200: 66916.023: [GC pause (young), 0.1824820 secs]
   [Parallel Time: 173.5 ms, GC Workers: 2]
      [GC Worker Start (ms): Min: 66916024.7, Avg: 66916024.7, Max: 66916024.8, Diff: 0.1]
      [Ext Root Scanning (ms): Min: 53.8, Avg: 53.9, Max: 54.0, Diff: 0.1, Sum: 107.8]
      [Update RS (ms): Min: 34.8, Avg: 35.0, Max: 35.3, Diff: 0.5, Sum: 70.0]
         [Processed Buffers: Min: 255, Avg: 280.5, Max: 306, Diff: 51, Sum: 561]
      [Scan RS (ms): Min: 17.1, Avg: 17.2, Max: 17.3, Diff: 0.1, Sum: 34.4]
      [Code Root Scanning (ms): Min: 0.2, Avg: 0.2, Max: 0.2, Diff: 0.0, Sum: 0.4]
      [Object Copy (ms): Min: 66.7, Avg: 66.9, Max: 67.1, Diff: 0.4, Sum: 133.7]
      [Termination (ms): Min: 0.0, Avg: 0.0, Max: 0.0, Diff: 0.0, Sum: 0.0]
      [GC Worker Other (ms): Min: 0.2, Avg: 0.2, Max: 0.2, Diff: 0.0, Sum: 0.3]
      [GC Worker Total (ms): Min: 173.3, Avg: 173.3, Max: 173.4, Diff: 0.1, Sum: 346.7]
      [GC Worker End (ms): Min: 66916198.1, Avg: 66916198.1, Max: 66916198.1, Diff: 0.0]
   [Code Root Fixup: 0.3 ms]
   [Code Root Migration: 0.1 ms]
   [Clear CT: 0.5 ms]
   [Other: 8.1 ms]
      [Choose CSet: 0.0 ms]
      [Ref Proc: 3.7 ms]
      [Ref Enq: 0.2 ms]
      [Free CSet: 1.4 ms]
   [Eden: 482.0M(482.0M)->0.0B(546.0M) Survivors: 54.0M->36.0M Heap: 1910.0M(4096.0M)->1440.0M(4096.0M)]
 [Times: user=0.35 sys=0.00, real=0.18 secs] 
2016-08-31T08:11:39.235+0200: 66949.369: [GC pause (young), 0.0902390 secs]
   [Parallel Time: 83.4 ms, GC Workers: 2]
      [GC Worker Start (ms): Min: 66949370.3, Avg: 66949370.3, Max: 66949370.3, Diff: 0.0]
      [Ext Root Scanning (ms): Min: 27.0, Avg: 27.2, Max: 27.4, Diff: 0.4, Sum: 54.4]
      [Update RS (ms): Min: 19.2, Avg: 19.3, Max: 19.4, Diff: 0.2, Sum: 38.6]
         [Processed Buffers: Min: 258, Avg: 287.0, Max: 316, Diff: 58, Sum: 574]
      [Scan RS (ms): Min: 7.0, Avg: 7.0, Max: 7.0, Diff: 0.0, Sum: 14.0]
      [Code Root Scanning (ms): Min: 0.1, Avg: 0.1, Max: 0.1, Diff: 0.0, Sum: 0.2]
      [Object Copy (ms): Min: 29.5, Avg: 29.6, Max: 29.8, Diff: 0.2, Sum: 59.3]
      [Termination (ms): Min: 0.0, Avg: 0.0, Max: 0.0, Diff: 0.0, Sum: 0.0]
      [GC Worker Other (ms): Min: 0.1, Avg: 0.1, Max: 0.1, Diff: 0.0, Sum: 0.2]
      [GC Worker Total (ms): Min: 83.4, Avg: 83.4, Max: 83.4, Diff: 0.0, Sum: 166.7]
      [GC Worker End (ms): Min: 66949453.7, Avg: 66949453.7, Max: 66949453.7, Diff: 0.0]
   [Code Root Fixup: 0.2 ms]
   [Code Root Migration: 0.1 ms]
   [Clear CT: 0.3 ms]
   [Other: 6.2 ms]
      [Choose CSet: 0.0 ms]
      [Ref Proc: 3.1 ms]
      [Ref Enq: 0.2 ms]
      [Free CSet: 1.1 ms]
   [Eden: 546.0M(546.0M)->0.0B(830.0M) Survivors: 36.0M->52.0M Heap: 1986.0M(4096.0M)->1456.0M(4096.0M)]
 [Times: user=0.17 sys=0.00, real=0.09 secs] 
2016-08-31T08:12:11.520+0200: 66981.655: [GC pause (young), 0.1842850 secs]
   [Parallel Time: 173.9 ms, GC Workers: 2]
      [GC Worker Start (ms): Min: 66981656.4, Avg: 66981656.4, Max: 66981656.5, Diff: 0.0]
      [Ext Root Scanning (ms): Min: 52.8, Avg: 52.9, Max: 52.9, Diff: 0.0, Sum: 105.7]
      [Update RS (ms): Min: 37.5, Avg: 37.5, Max: 37.5, Diff: 0.0, Sum: 75.0]
         [Processed Buffers: Min: 313, Avg: 315.5, Max: 318, Diff: 5, Sum: 631]
      [Scan RS (ms): Min: 17.2, Avg: 17.3, Max: 17.3, Diff: 0.1, Sum: 34.6]
      [Code Root Scanning (ms): Min: 0.1, Avg: 0.2, Max: 0.3, Diff: 0.1, Sum: 0.4]
      [Object Copy (ms): Min: 65.8, Avg: 65.8, Max: 65.9, Diff: 0.1, Sum: 131.7]
      [Termination (ms): Min: 0.0, Avg: 0.0, Max: 0.0, Diff: 0.0, Sum: 0.0]
      [GC Worker Other (ms): Min: 0.2, Avg: 0.2, Max: 0.2, Diff: 0.0, Sum: 0.3]
      [GC Worker Total (ms): Min: 173.8, Avg: 173.8, Max: 173.8, Diff: 0.0, Sum: 347.7]
      [GC Worker End (ms): Min: 66981830.3, Avg: 66981830.3, Max: 66981830.3, Diff: 0.0]
   [Code Root Fixup: 0.3 ms]
   [Code Root Migration: 0.1 ms]
   [Clear CT: 0.5 ms]
   [Other: 9.5 ms]
      [Choose CSet: 0.0 ms]
      [Ref Proc: 4.9 ms]
      [Ref Enq: 0.3 ms]
      [Free CSet: 1.4 ms]
   [Eden: 592.0M(592.0M)->0.0B(692.0M) Survivors: 52.0M->58.0M Heap: 2048.0M(4096.0M)->1474.0M(4096.0M)]
 [Times: user=0.36 sys=0.00, real=0.19 secs] 
2016-08-31T08:12:44.605+0200: 67014.739: [GC pause (young), 0.1920560 secs]
   [Parallel Time: 179.9 ms, GC Workers: 2]
      [GC Worker Start (ms): Min: 67014740.7, Avg: 67014740.8, Max: 67014740.8, Diff: 0.1]
      [Ext Root Scanning (ms): Min: 49.8, Avg: 50.6, Max: 51.5, Diff: 1.7, Sum: 101.2]
      [Update RS (ms): Min: 39.6, Avg: 40.9, Max: 42.3, Diff: 2.7, Sum: 81.9]
         [Processed Buffers: Min: 283, Avg: 332.5, Max: 382, Diff: 99, Sum: 665]
      [Scan RS (ms): Min: 16.8, Avg: 17.3, Max: 17.8, Diff: 1.0, Sum: 34.6]
      [Code Root Scanning (ms): Min: 0.2, Avg: 0.2, Max: 0.2, Diff: 0.1, Sum: 0.4]
      [Object Copy (ms): Min: 70.5, Avg: 70.6, Max: 70.6, Diff: 0.2, Sum: 141.1]
      [Termination (ms): Min: 0.0, Avg: 0.0, Max: 0.0, Diff: 0.0, Sum: 0.0]
      [GC Worker Other (ms): Min: 0.2, Avg: 0.2, Max: 0.2, Diff: 0.0, Sum: 0.4]
      [GC Worker Total (ms): Min: 179.7, Avg: 179.8, Max: 179.8, Diff: 0.1, Sum: 359.6]
      [GC Worker End (ms): Min: 67014920.6, Avg: 67014920.6, Max: 67014920.6, Diff: 0.0]
   [Code Root Fixup: 0.4 ms]
   [Code Root Migration: 0.1 ms]
   [Clear CT: 0.6 ms]
   [Other: 11.1 ms]
      [Choose CSet: 0.0 ms]
      [Ref Proc: 5.6 ms]
      [Ref Enq: 0.5 ms]
      [Free CSet: 1.7 ms]
   [Eden: 534.0M(512.0M)->0.0B(626.0M) Survivors: 58.0M->44.0M Heap: 2008.0M(4096.0M)->1488.0M(4096.0M)]
 [Times: user=0.37 sys=0.00, real=0.19 secs] 
2016-08-31T08:13:28.100+0200: 67058.234: [GC pause (young), 0.1879770 secs]
   [Parallel Time: 177.5 ms, GC Workers: 2]
      [GC Worker Start (ms): Min: 67058235.8, Avg: 67058237.0, Max: 67058238.2, Diff: 2.4]
      [Ext Root Scanning (ms): Min: 58.5, Avg: 63.9, Max: 69.2, Diff: 10.7, Sum: 127.7]
      [Update RS (ms): Min: 39.1, Avg: 46.1, Max: 53.2, Diff: 14.1, Sum: 92.3]
         [Processed Buffers: Min: 139, Avg: 280.0, Max: 421, Diff: 282, Sum: 560]
      [Scan RS (ms): Min: 13.2, Avg: 15.6, Max: 18.1, Diff: 4.9, Sum: 31.3]
      [Code Root Scanning (ms): Min: 0.1, Avg: 0.2, Max: 0.2, Diff: 0.1, Sum: 0.4]
      [Object Copy (ms): Min: 47.3, Avg: 50.3, Max: 53.3, Diff: 6.0, Sum: 100.6]
      [Termination (ms): Min: 0.0, Avg: 0.0, Max: 0.0, Diff: 0.0, Sum: 0.0]
      [GC Worker Other (ms): Min: 0.1, Avg: 0.2, Max: 0.2, Diff: 0.0, Sum: 0.3]
      [GC Worker Total (ms): Min: 175.1, Avg: 176.3, Max: 177.5, Diff: 2.4, Sum: 352.6]
      [GC Worker End (ms): Min: 67058413.3, Avg: 67058413.3, Max: 67058413.3, Diff: 0.0]
   [Code Root Fixup: 0.3 ms]
   [Code Root Migration: 0.1 ms]
   [Clear CT: 0.4 ms]
   [Other: 9.7 ms]
      [Choose CSet: 0.0 ms]
      [Ref Proc: 5.9 ms]
      [Ref Enq: 0.3 ms]
      [Free CSet: 1.2 ms]
   [Eden: 614.0M(496.0M)->0.0B(570.0M) Survivors: 44.0M->38.0M Heap: 2102.0M(4096.0M)->1497.0M(4096.0M)]
 [Times: user=0.28 sys=0.00, real=0.19 secs] 
2016-08-31T08:14:01.233+0200: 67091.368: [GC pause (young), 0.1837170 secs]
   [Parallel Time: 170.2 ms, GC Workers: 2]
      [GC Worker Start (ms): Min: 67091369.6, Avg: 67091369.6, Max: 67091369.6, Diff: 0.0]
      [Ext Root Scanning (ms): Min: 51.1, Avg: 52.3, Max: 53.5, Diff: 2.5, Sum: 104.6]
      [Update RS (ms): Min: 38.8, Avg: 40.2, Max: 41.6, Diff: 2.7, Sum: 80.4]
         [Processed Buffers: Min: 282, Avg: 306.0, Max: 330, Diff: 48, Sum: 612]
      [Scan RS (ms): Min: 14.5, Avg: 14.6, Max: 14.7, Diff: 0.1, Sum: 29.2]
      [Code Root Scanning (ms): Min: 0.1, Avg: 0.2, Max: 0.2, Diff: 0.1, Sum: 0.4]
      [Object Copy (ms): Min: 62.4, Avg: 62.5, Max: 62.5, Diff: 0.1, Sum: 125.0]
      [Termination (ms): Min: 0.0, Avg: 0.0, Max: 0.0, Diff: 0.0, Sum: 0.0]
      [GC Worker Other (ms): Min: 0.2, Avg: 0.3, Max: 0.4, Diff: 0.1, Sum: 0.6]
      [GC Worker Total (ms): Min: 170.0, Avg: 170.0, Max: 170.0, Diff: 0.0, Sum: 340.1]
      [GC Worker End (ms): Min: 67091539.6, Avg: 67091539.6, Max: 67091539.6, Diff: 0.0]
   [Code Root Fixup: 0.6 ms]
   [Code Root Migration: 0.1 ms]
   [Clear CT: 0.6 ms]
   [Other: 12.2 ms]
      [Choose CSet: 0.0 ms]
      [Ref Proc: 6.8 ms]
      [Ref Enq: 0.5 ms]
      [Free CSet: 2.0 ms]
   [Eden: 570.0M(570.0M)->0.0B(482.0M) Survivors: 38.0M->62.0M Heap: 2067.0M(4096.0M)->1520.0M(4096.0M)]
 [Times: user=0.35 sys=0.00, real=0.18 secs] 
2016-08-31T08:14:34.265+0200: 67124.399: [GC pause (young), 0.1723570 secs]
   [Parallel Time: 161.9 ms, GC Workers: 2]
      [GC Worker Start (ms): Min: 67124400.3, Avg: 67124400.3, Max: 67124400.3, Diff: 0.0]
      [Ext Root Scanning (ms): Min: 48.9, Avg: 49.2, Max: 49.4, Diff: 0.5, Sum: 98.3]
      [Update RS (ms): Min: 32.6, Avg: 32.9, Max: 33.1, Diff: 0.5, Sum: 65.7]
         [Processed Buffers: Min: 244, Avg: 259.5, Max: 275, Diff: 31, Sum: 519]
      [Scan RS (ms): Min: 16.8, Avg: 16.9, Max: 17.0, Diff: 0.2, Sum: 33.8]
      [Code Root Scanning (ms): Min: 0.1, Avg: 0.2, Max: 0.2, Diff: 0.1, Sum: 0.3]
      [Object Copy (ms): Min: 62.4, Avg: 62.5, Max: 62.6, Diff: 0.3, Sum: 125.0]
      [Termination (ms): Min: 0.0, Avg: 0.0, Max: 0.0, Diff: 0.0, Sum: 0.0]
      [GC Worker Other (ms): Min: 0.2, Avg: 0.2, Max: 0.2, Diff: 0.0, Sum: 0.3]
      [GC Worker Total (ms): Min: 161.8, Avg: 161.8, Max: 161.8, Diff: 0.0, Sum: 323.6]
      [GC Worker End (ms): Min: 67124562.1, Avg: 67124562.1, Max: 67124562.1, Diff: 0.0]
   [Code Root Fixup: 0.4 ms]
   [Code Root Migration: 0.1 ms]
   [Clear CT: 0.9 ms]
   [Other: 9.0 ms]
      [Choose CSet: 0.0 ms]
      [Ref Proc: 4.9 ms]
      [Ref Enq: 0.2 ms]
      [Free CSet: 1.3 ms]
   [Eden: 456.0M(354.0M)->0.0B(748.0M) Survivors: 62.0M->28.0M Heap: 1976.0M(4096.0M)->1519.0M(4096.0M)]
 [Times: user=0.33 sys=0.00, real=0.18 secs] 
2016-08-31T08:15:23.216+0200: 67173.350: [GC pause (young), 0.1846170 secs]
   [Parallel Time: 169.7 ms, GC Workers: 2]
      [GC Worker Start (ms): Min: 67173351.6, Avg: 67173351.7, Max: 67173351.7, Diff: 0.0]
      [Ext Root Scanning (ms): Min: 50.3, Avg: 50.9, Max: 51.6, Diff: 1.3, Sum: 101.9]
      [Update RS (ms): Min: 44.2, Avg: 44.7, Max: 45.1, Diff: 1.0, Sum: 89.3]
         [Processed Buffers: Min: 245, Avg: 281.0, Max: 317, Diff: 72, Sum: 562]
      [Scan RS (ms): Min: 14.1, Avg: 14.3, Max: 14.6, Diff: 0.5, Sum: 28.7]
      [Code Root Scanning (ms): Min: 0.2, Avg: 0.2, Max: 0.3, Diff: 0.1, Sum: 0.5]
      [Object Copy (ms): Min: 58.8, Avg: 59.2, Max: 59.6, Diff: 0.8, Sum: 118.4]
      [Termination (ms): Min: 0.0, Avg: 0.0, Max: 0.0, Diff: 0.0, Sum: 0.0]
      [GC Worker Other (ms): Min: 0.2, Avg: 0.2, Max: 0.2, Diff: 0.1, Sum: 0.4]
      [GC Worker Total (ms): Min: 169.6, Avg: 169.6, Max: 169.6, Diff: 0.0, Sum: 339.1]
      [GC Worker End (ms): Min: 67173521.2, Avg: 67173521.2, Max: 67173521.2, Diff: 0.0]
   [Code Root Fixup: 0.4 ms]
   [Code Root Migration: 0.1 ms]
   [Clear CT: 0.6 ms]
   [Other: 13.8 ms]
      [Choose CSet: 0.0 ms]
      [Ref Proc: 8.5 ms]
      [Ref Enq: 0.6 ms]
      [Free CSet: 2.1 ms]
   [Eden: 694.0M(576.0M)->0.0B(526.0M) Survivors: 28.0M->54.0M Heap: 2213.0M(4096.0M)->1546.0M(4096.0M)]
 [Times: user=0.36 sys=0.00, real=0.18 secs] 
2016-08-31T08:15:56.277+0200: 67206.412: [GC pause (young), 0.1742610 secs]
   [Parallel Time: 165.8 ms, GC Workers: 2]
      [GC Worker Start (ms): Min: 67206413.2, Avg: 67206413.3, Max: 67206413.3, Diff: 0.0]
      [Ext Root Scanning (ms): Min: 50.9, Avg: 51.6, Max: 52.3, Diff: 1.4, Sum: 103.1]
      [Update RS (ms): Min: 36.7, Avg: 36.8, Max: 36.9, Diff: 0.2, Sum: 73.6]
         [Processed Buffers: Min: 276, Avg: 284.5, Max: 293, Diff: 17, Sum: 569]
      [Scan RS (ms): Min: 16.6, Avg: 17.0, Max: 17.4, Diff: 0.8, Sum: 34.0]
      [Code Root Scanning (ms): Min: 0.1, Avg: 0.2, Max: 0.2, Diff: 0.1, Sum: 0.4]
      [Object Copy (ms): Min: 59.6, Avg: 60.0, Max: 60.5, Diff: 0.9, Sum: 120.0]
      [Termination (ms): Min: 0.0, Avg: 0.0, Max: 0.0, Diff: 0.0, Sum: 0.0]
      [GC Worker Other (ms): Min: 0.1, Avg: 0.1, Max: 0.1, Diff: 0.1, Sum: 0.2]
      [GC Worker Total (ms): Min: 165.7, Avg: 165.7, Max: 165.7, Diff: 0.0, Sum: 331.4]
      [GC Worker End (ms): Min: 67206578.9, Avg: 67206578.9, Max: 67206578.9, Diff: 0.0]
   [Code Root Fixup: 0.4 ms]
   [Code Root Migration: 0.1 ms]
   [Clear CT: 0.4 ms]
   [Other: 7.6 ms]
      [Choose CSet: 0.0 ms]
      [Ref Proc: 3.5 ms]
      [Ref Enq: 0.2 ms]
      [Free CSet: 1.3 ms]
   [Eden: 482.0M(362.0M)->0.0B(766.0M) Survivors: 54.0M->32.0M Heap: 2028.0M(4096.0M)->1551.0M(4096.0M)]
 [Times: user=0.34 sys=0.01, real=0.18 secs] 
2016-08-31T08:16:34.047+0200: 67244.181: [GC pause (young), 0.1718140 secs]
   [Parallel Time: 161.8 ms, GC Workers: 2]
      [GC Worker Start (ms): Min: 67244182.6, Avg: 67244182.7, Max: 67244182.7, Diff: 0.0]
      [Ext Root Scanning (ms): Min: 53.6, Avg: 54.6, Max: 55.5, Diff: 1.9, Sum: 109.2]
      [Update RS (ms): Min: 40.5, Avg: 42.0, Max: 43.6, Diff: 3.0, Sum: 84.1]
         [Processed Buffers: Min: 280, Avg: 303.5, Max: 327, Diff: 47, Sum: 607]
      [Scan RS (ms): Min: 14.4, Avg: 14.6, Max: 14.8, Diff: 0.4, Sum: 29.2]
      [Code Root Scanning (ms): Min: 0.2, Avg: 0.2, Max: 0.3, Diff: 0.1, Sum: 0.4]
      [Object Copy (ms): Min: 49.5, Avg: 50.2, Max: 50.9, Diff: 1.5, Sum: 100.4]
      [Termination (ms): Min: 0.0, Avg: 0.0, Max: 0.0, Diff: 0.0, Sum: 0.0]
      [GC Worker Other (ms): Min: 0.1, Avg: 0.1, Max: 0.2, Diff: 0.1, Sum: 0.2]
      [GC Worker Total (ms): Min: 161.7, Avg: 161.7, Max: 161.8, Diff: 0.0, Sum: 323.5]
      [GC Worker End (ms): Min: 67244344.4, Avg: 67244344.4, Max: 67244344.4, Diff: 0.0]
   [Code Root Fixup: 0.4 ms]
   [Code Root Migration: 0.1 ms]
   [Clear CT: 0.5 ms]
   [Other: 9.1 ms]
      [Choose CSet: 0.0 ms]
      [Ref Proc: 4.8 ms]
      [Ref Enq: 0.3 ms]
      [Free CSet: 1.4 ms]
   [Eden: 634.0M(580.0M)->0.0B(580.0M) Survivors: 32.0M->66.0M Heap: 2185.0M(4096.0M)->1586.0M(4096.0M)]
 [Times: user=0.33 sys=0.00, real=0.17 secs] 
2016-08-31T08:17:02.917+0200: 67273.052: [GC pause (young), 0.1682150 secs]
   [Parallel Time: 159.4 ms, GC Workers: 2]
      [GC Worker Start (ms): Min: 67273053.2, Avg: 67273053.2, Max: 67273053.2, Diff: 0.0]
      [Ext Root Scanning (ms): Min: 49.7, Avg: 50.0, Max: 50.3, Diff: 0.6, Sum: 100.0]
      [Update RS (ms): Min: 35.0, Avg: 35.1, Max: 35.1, Diff: 0.1, Sum: 70.1]
         [Processed Buffers: Min: 230, Avg: 270.0, Max: 310, Diff: 80, Sum: 540]
      [Scan RS (ms): Min: 17.6, Avg: 17.6, Max: 17.7, Diff: 0.1, Sum: 35.3]
      [Code Root Scanning (ms): Min: 0.2, Avg: 0.2, Max: 0.2, Diff: 0.1, Sum: 0.4]
      [Object Copy (ms): Min: 56.0, Avg: 56.4, Max: 56.8, Diff: 0.8, Sum: 112.8]
      [Termination (ms): Min: 0.0, Avg: 0.0, Max: 0.0, Diff: 0.0, Sum: 0.0]
      [GC Worker Other (ms): Min: 0.0, Avg: 0.1, Max: 0.1, Diff: 0.1, Sum: 0.2]
      [GC Worker Total (ms): Min: 159.3, Avg: 159.4, Max: 159.4, Diff: 0.0, Sum: 318.7]
      [GC Worker End (ms): Min: 67273212.5, Avg: 67273212.6, Max: 67273212.6, Diff: 0.0]
   [Code Root Fixup: 0.3 ms]
   [Code Root Migration: 0.1 ms]
   [Clear CT: 0.4 ms]
   [Other: 8.0 ms]
      [Choose CSet: 0.0 ms]
      [Ref Proc: 3.8 ms]
      [Ref Enq: 0.2 ms]
      [Free CSet: 1.2 ms]
   [Eden: 504.0M(402.0M)->0.0B(768.0M) Survivors: 66.0M->36.0M Heap: 2090.0M(4096.0M)->1585.0M(4096.0M)]
 [Times: user=0.32 sys=0.00, real=0.17 secs] 
2016-08-31T08:17:47.146+0200: 67317.280: [GC pause (young), 0.2092200 secs]
   [Parallel Time: 198.5 ms, GC Workers: 2]
      [GC Worker Start (ms): Min: 67317281.6, Avg: 67317281.6, Max: 67317281.6, Diff: 0.0]
      [Ext Root Scanning (ms): Min: 43.5, Avg: 53.1, Max: 62.8, Diff: 19.3, Sum: 106.3]
      [Update RS (ms): Min: 37.7, Avg: 47.5, Max: 57.3, Diff: 19.6, Sum: 95.0]
         [Processed Buffers: Min: 201, Avg: 353.5, Max: 506, Diff: 305, Sum: 707]
      [Scan RS (ms): Min: 15.6, Avg: 17.8, Max: 19.9, Diff: 4.3, Sum: 35.5]
      [Code Root Scanning (ms): Min: 0.1, Avg: 0.1, Max: 0.2, Diff: 0.1, Sum: 0.2]
      [Object Copy (ms): Min: 77.2, Avg: 79.4, Max: 81.6, Diff: 4.4, Sum: 158.8]
      [Termination (ms): Min: 0.0, Avg: 0.3, Max: 0.5, Diff: 0.5, Sum: 0.5]
      [GC Worker Other (ms): Min: 0.0, Avg: 0.1, Max: 0.1, Diff: 0.1, Sum: 0.1]
      [GC Worker Total (ms): Min: 198.0, Avg: 198.3, Max: 198.5, Diff: 0.4, Sum: 396.5]
      [GC Worker End (ms): Min: 67317479.7, Avg: 67317479.9, Max: 67317480.1, Diff: 0.4]
   [Code Root Fixup: 0.2 ms]
   [Code Root Migration: 0.1 ms]
   [Clear CT: 0.8 ms]
   [Other: 9.6 ms]
      [Choose CSet: 0.0 ms]
      [Ref Proc: 5.2 ms]
      [Ref Enq: 0.4 ms]
      [Free CSet: 1.4 ms]
   [Eden: 718.0M(588.0M)->0.0B(450.0M) Survivors: 36.0M->72.0M Heap: 2303.0M(4096.0M)->1620.0M(4096.0M)]
 [Times: user=0.24 sys=0.00, real=0.21 secs] 
2016-08-31T08:18:11.877+0200: 67342.012: [GC pause (young), 0.1784940 secs]
   [Parallel Time: 168.0 ms, GC Workers: 2]
      [GC Worker Start (ms): Min: 67342013.3, Avg: 67342014.6, Max: 67342015.9, Diff: 2.6]
      [Ext Root Scanning (ms): Min: 48.9, Avg: 54.4, Max: 59.8, Diff: 10.9, Sum: 108.7]
      [Update RS (ms): Min: 24.8, Avg: 28.8, Max: 32.8, Diff: 8.0, Sum: 57.6]
         [Processed Buffers: Min: 281, Avg: 303.5, Max: 326, Diff: 45, Sum: 607]
      [Scan RS (ms): Min: 15.6, Avg: 16.0, Max: 16.3, Diff: 0.7, Sum: 32.0]
      [Code Root Scanning (ms): Min: 0.1, Avg: 0.1, Max: 0.2, Diff: 0.1, Sum: 0.3]
      [Object Copy (ms): Min: 66.6, Avg: 67.3, Max: 67.9, Diff: 1.3, Sum: 134.6]
      [Termination (ms): Min: 0.0, Avg: 0.0, Max: 0.0, Diff: 0.0, Sum: 0.0]
      [GC Worker Other (ms): Min: 0.0, Avg: 0.1, Max: 0.1, Diff: 0.1, Sum: 0.2]
      [GC Worker Total (ms): Min: 165.4, Avg: 166.7, Max: 168.0, Diff: 2.6, Sum: 333.3]
      [GC Worker End (ms): Min: 67342181.3, Avg: 67342181.3, Max: 67342181.3, Diff: 0.0]
   [Code Root Fixup: 0.4 ms]
   [Code Root Migration: 0.1 ms]
   [Clear CT: 0.5 ms]
   [Other: 9.5 ms]
      [Choose CSet: 0.0 ms]
      [Ref Proc: 4.6 ms]
      [Ref Enq: 0.3 ms]
      [Free CSet: 1.2 ms]
   [Eden: 450.0M(450.0M)->0.0B(514.0M) Survivors: 72.0M->40.0M Heap: 2070.0M(4096.0M)->1620.0M(4096.0M)]
 [Times: user=0.32 sys=0.00, real=0.18 secs] 
2016-08-31T08:18:41.432+0200: 67371.567: [GC pause (young), 0.2194790 secs]
   [Parallel Time: 201.2 ms, GC Workers: 2]
      [GC Worker Start (ms): Min: 67371568.6, Avg: 67371570.4, Max: 67371572.3, Diff: 3.7]
      [Ext Root Scanning (ms): Min: 56.0, Avg: 58.8, Max: 61.5, Diff: 5.5, Sum: 117.5]
      [Update RS (ms): Min: 43.1, Avg: 48.4, Max: 53.6, Diff: 10.4, Sum: 96.7]
         [Processed Buffers: Min: 299, Avg: 333.0, Max: 367, Diff: 68, Sum: 666]
      [Scan RS (ms): Min: 12.7, Avg: 13.2, Max: 13.7, Diff: 1.0, Sum: 26.4]
      [Code Root Scanning (ms): Min: 0.2, Avg: 0.2, Max: 0.2, Diff: 0.1, Sum: 0.4]
      [Object Copy (ms): Min: 78.4, Avg: 78.6, Max: 78.8, Diff: 0.5, Sum: 157.2]
      [Termination (ms): Min: 0.0, Avg: 0.0, Max: 0.0, Diff: 0.0, Sum: 0.0]
      [GC Worker Other (ms): Min: 0.1, Avg: 0.1, Max: 0.2, Diff: 0.1, Sum: 0.2]
      [GC Worker Total (ms): Min: 197.4, Avg: 199.2, Max: 201.1, Diff: 3.7, Sum: 398.5]
      [GC Worker End (ms): Min: 67371769.6, Avg: 67371769.6, Max: 67371769.6, Diff: 0.0]
   [Code Root Fixup: 0.6 ms]
   [Code Root Migration: 0.1 ms]
   [Clear CT: 0.6 ms]
   [Other: 17.0 ms]
      [Choose CSet: 0.0 ms]
      [Ref Proc: 10.4 ms]
      [Ref Enq: 0.8 ms]
      [Free CSet: 2.2 ms]
   [Eden: 514.0M(514.0M)->0.0B(322.0M) Survivors: 40.0M->42.0M Heap: 2134.0M(4096.0M)->1640.0M(4096.0M)]
 [Times: user=0.37 sys=0.00, real=0.23 secs] 
2016-08-31T08:19:03.313+0200: 67393.447: [GC pause (young), 0.1448510 secs]
   [Parallel Time: 135.8 ms, GC Workers: 2]
      [GC Worker Start (ms): Min: 67393448.6, Avg: 67393448.7, Max: 67393448.7, Diff: 0.0]
      [Ext Root Scanning (ms): Min: 49.5, Avg: 49.7, Max: 49.9, Diff: 0.5, Sum: 99.4]
      [Update RS (ms): Min: 30.1, Avg: 30.2, Max: 30.3, Diff: 0.2, Sum: 60.4]
         [Processed Buffers: Min: 280, Avg: 287.5, Max: 295, Diff: 15, Sum: 575]
      [Scan RS (ms): Min: 11.3, Avg: 11.3, Max: 11.4, Diff: 0.1, Sum: 22.7]
      [Code Root Scanning (ms): Min: 0.1, Avg: 0.1, Max: 0.2, Diff: 0.1, Sum: 0.2]
      [Object Copy (ms): Min: 44.0, Avg: 44.1, Max: 44.2, Diff: 0.3, Sum: 88.2]
      [Termination (ms): Min: 0.0, Avg: 0.0, Max: 0.0, Diff: 0.0, Sum: 0.0]
      [GC Worker Other (ms): Min: 0.2, Avg: 0.2, Max: 0.2, Diff: 0.0, Sum: 0.4]
      [GC Worker Total (ms): Min: 135.6, Avg: 135.6, Max: 135.7, Diff: 0.0, Sum: 271.3]
      [GC Worker End (ms): Min: 67393584.3, Avg: 67393584.3, Max: 67393584.3, Diff: 0.0]
   [Code Root Fixup: 0.7 ms]
   [Code Root Migration: 0.1 ms]
   [Clear CT: 0.5 ms]
   [Other: 7.8 ms]
      [Choose CSet: 0.0 ms]
      [Ref Proc: 3.6 ms]
      [Ref Enq: 0.3 ms]
      [Free CSet: 1.2 ms]
   [Eden: 322.0M(322.0M)->0.0B(556.0M) Survivors: 42.0M->24.0M Heap: 1962.0M(4096.0M)->1643.0M(4096.0M)]
 [Times: user=0.28 sys=0.01, real=0.15 secs] 
2016-08-31T08:19:39.551+0200: 67429.686: [GC pause (young), 0.1582830 secs]
   [Parallel Time: 148.9 ms, GC Workers: 2]
      [GC Worker Start (ms): Min: 67429687.1, Avg: 67429687.1, Max: 67429687.2, Diff: 0.1]
      [Ext Root Scanning (ms): Min: 49.5, Avg: 50.3, Max: 51.2, Diff: 1.7, Sum: 100.7]
      [Update RS (ms): Min: 38.7, Avg: 38.9, Max: 39.2, Diff: 0.5, Sum: 77.8]
         [Processed Buffers: Min: 284, Avg: 300.0, Max: 316, Diff: 32, Sum: 600]
      [Scan RS (ms): Min: 11.8, Avg: 11.9, Max: 11.9, Diff: 0.1, Sum: 23.7]
      [Code Root Scanning (ms): Min: 0.1, Avg: 0.2, Max: 0.2, Diff: 0.1, Sum: 0.4]
      [Object Copy (ms): Min: 46.8, Avg: 47.4, Max: 48.0, Diff: 1.2, Sum: 94.9]
      [Termination (ms): Min: 0.0, Avg: 0.0, Max: 0.0, Diff: 0.0, Sum: 0.0]
      [GC Worker Other (ms): Min: 0.1, Avg: 0.1, Max: 0.2, Diff: 0.1, Sum: 0.2]
      [GC Worker Total (ms): Min: 148.8, Avg: 148.8, Max: 148.9, Diff: 0.1, Sum: 297.7]
      [GC Worker End (ms): Min: 67429836.0, Avg: 67429836.0, Max: 67429836.0, Diff: 0.0]
   [Code Root Fixup: 0.3 ms]
   [Code Root Migration: 0.1 ms]
   [Clear CT: 0.5 ms]
   [Other: 8.5 ms]
      [Choose CSet: 0.0 ms]
      [Ref Proc: 4.6 ms]
      [Ref Enq: 0.2 ms]
      [Free CSet: 1.3 ms]
   [Eden: 556.0M(556.0M)->0.0B(560.0M) Survivors: 24.0M->50.0M Heap: 2199.0M(4096.0M)->1670.0M(4096.0M)]
 [Times: user=0.31 sys=0.00, real=0.16 secs] 
2016-08-31T08:20:05.552+0200: 67455.686: [GC pause (young), 0.1675620 secs]
   [Parallel Time: 157.0 ms, GC Workers: 2]
      [GC Worker Start (ms): Min: 67455687.7, Avg: 67455687.7, Max: 67455687.7, Diff: 0.0]
      [Ext Root Scanning (ms): Min: 49.5, Avg: 49.9, Max: 50.4, Diff: 0.9, Sum: 99.9]
      [Update RS (ms): Min: 32.6, Avg: 33.1, Max: 33.6, Diff: 0.9, Sum: 66.2]
         [Processed Buffers: Min: 237, Avg: 273.5, Max: 310, Diff: 73, Sum: 547]
      [Scan RS (ms): Min: 14.9, Avg: 15.3, Max: 15.7, Diff: 0.8, Sum: 30.7]
      [Code Root Scanning (ms): Min: 0.1, Avg: 0.2, Max: 0.2, Diff: 0.1, Sum: 0.3]
      [Object Copy (ms): Min: 58.0, Avg: 58.3, Max: 58.6, Diff: 0.6, Sum: 116.5]
      [Termination (ms): Min: 0.0, Avg: 0.0, Max: 0.0, Diff: 0.0, Sum: 0.0]
      [GC Worker Other (ms): Min: 0.1, Avg: 0.1, Max: 0.2, Diff: 0.1, Sum: 0.2]
      [GC Worker Total (ms): Min: 156.9, Avg: 156.9, Max: 156.9, Diff: 0.0, Sum: 313.8]
      [GC Worker End (ms): Min: 67455844.6, Avg: 67455844.6, Max: 67455844.6, Diff: 0.0]
   [Code Root Fixup: 0.4 ms]
   [Code Root Migration: 0.1 ms]
   [Clear CT: 0.6 ms]
   [Other: 9.4 ms]
      [Choose CSet: 0.0 ms]
      [Ref Proc: 4.8 ms]
      [Ref Enq: 0.4 ms]
      [Free CSet: 1.5 ms]
   [Eden: 436.0M(430.0M)->0.0B(732.0M) Survivors: 50.0M->28.0M Heap: 2106.0M(4096.0M)->1674.0M(4096.0M)]
 [Times: user=0.33 sys=0.00, real=0.17 secs] 
2016-08-31T08:20:42.197+0200: 67492.331: [GC pause (young), 0.1862330 secs]
   [Parallel Time: 171.8 ms, GC Workers: 2]
      [GC Worker Start (ms): Min: 67492332.7, Avg: 67492332.7, Max: 67492332.7, Diff: 0.0]
      [Ext Root Scanning (ms): Min: 50.9, Avg: 51.0, Max: 51.0, Diff: 0.2, Sum: 101.9]
      [Update RS (ms): Min: 46.3, Avg: 46.6, Max: 46.8, Diff: 0.4, Sum: 93.1]
         [Processed Buffers: Min: 319, Avg: 333.5, Max: 348, Diff: 29, Sum: 667]
      [Scan RS (ms): Min: 13.8, Avg: 14.1, Max: 14.5, Diff: 0.7, Sum: 28.3]
      [Code Root Scanning (ms): Min: 0.2, Avg: 0.2, Max: 0.3, Diff: 0.1, Sum: 0.4]
      [Object Copy (ms): Min: 59.6, Avg: 59.6, Max: 59.7, Diff: 0.2, Sum: 119.3]
      [Termination (ms): Min: 0.0, Avg: 0.0, Max: 0.0, Diff: 0.0, Sum: 0.0]
      [GC Worker Other (ms): Min: 0.1, Avg: 0.2, Max: 0.2, Diff: 0.0, Sum: 0.3]
      [GC Worker Total (ms): Min: 171.7, Avg: 171.7, Max: 171.7, Diff: 0.0, Sum: 343.3]
      [GC Worker End (ms): Min: 67492504.4, Avg: 67492504.4, Max: 67492504.4, Diff: 0.0]
   [Code Root Fixup: 0.6 ms]
   [Code Root Migration: 0.1 ms]
   [Clear CT: 1.1 ms]
   [Other: 12.7 ms]
      [Choose CSet: 0.0 ms]
      [Ref Proc: 7.3 ms]
      [Ref Enq: 0.5 ms]
      [Free CSet: 1.8 ms]
   [Eden: 620.0M(598.0M)->0.0B(544.0M) Survivors: 28.0M->60.0M Heap: 2294.0M(4096.0M)->1705.0M(4096.0M)]
 [Times: user=0.36 sys=0.00, real=0.19 secs] 
2016-08-31T08:21:10.816+0200: 67520.951: [GC pause (young), 0.1868840 secs]
   [Parallel Time: 176.3 ms, GC Workers: 2]
      [GC Worker Start (ms): Min: 67520952.3, Avg: 67520953.7, Max: 67520955.2, Diff: 2.9]
      [Ext Root Scanning (ms): Min: 58.0, Avg: 61.3, Max: 64.7, Diff: 6.7, Sum: 122.7]
      [Update RS (ms): Min: 33.2, Avg: 34.2, Max: 35.3, Diff: 2.1, Sum: 68.5]
         [Processed Buffers: Min: 281, Avg: 293.0, Max: 305, Diff: 24, Sum: 586]
      [Scan RS (ms): Min: 16.9, Avg: 17.1, Max: 17.2, Diff: 0.3, Sum: 34.1]
      [Code Root Scanning (ms): Min: 0.1, Avg: 0.2, Max: 0.2, Diff: 0.1, Sum: 0.4]
      [Object Copy (ms): Min: 58.9, Avg: 61.8, Max: 64.7, Diff: 5.7, Sum: 123.6]
      [Termination (ms): Min: 0.0, Avg: 0.0, Max: 0.0, Diff: 0.0, Sum: 0.0]
      [GC Worker Other (ms): Min: 0.2, Avg: 0.2, Max: 0.2, Diff: 0.0, Sum: 0.4]
      [GC Worker Total (ms): Min: 173.3, Avg: 174.8, Max: 176.2, Diff: 2.9, Sum: 349.6]
      [GC Worker End (ms): Min: 67521128.5, Avg: 67521128.5, Max: 67521128.5, Diff: 0.0]
   [Code Root Fixup: 0.4 ms]
   [Code Root Migration: 0.1 ms]
   [Clear CT: 0.6 ms]
   [Other: 9.5 ms]
      [Choose CSet: 0.0 ms]
      [Ref Proc: 4.7 ms]
      [Ref Enq: 0.4 ms]
      [Free CSet: 1.4 ms]
   [Eden: 434.0M(394.0M)->0.0B(658.0M) Survivors: 60.0M->28.0M Heap: 2139.0M(4096.0M)->1705.0M(4096.0M)]
 [Times: user=0.33 sys=0.00, real=0.18 secs] 
2016-08-31T08:21:52.637+0200: 67562.771: [GC pause (young), 0.1791770 secs]
   [Parallel Time: 166.3 ms, GC Workers: 2]
      [GC Worker Start (ms): Min: 67562772.9, Avg: 67562772.9, Max: 67562772.9, Diff: 0.0]
      [Ext Root Scanning (ms): Min: 51.4, Avg: 51.5, Max: 51.6, Diff: 0.2, Sum: 103.0]
      [Update RS (ms): Min: 45.7, Avg: 46.1, Max: 46.5, Diff: 0.7, Sum: 92.2]
         [Processed Buffers: Min: 287, Avg: 295.5, Max: 304, Diff: 17, Sum: 591]
      [Scan RS (ms): Min: 13.4, Avg: 13.4, Max: 13.5, Diff: 0.1, Sum: 26.8]
      [Code Root Scanning (ms): Min: 0.2, Avg: 0.2, Max: 0.3, Diff: 0.1, Sum: 0.4]
      [Object Copy (ms): Min: 54.5, Avg: 54.8, Max: 55.1, Diff: 0.6, Sum: 109.7]
      [Termination (ms): Min: 0.0, Avg: 0.0, Max: 0.0, Diff: 0.0, Sum: 0.0]
      [GC Worker Other (ms): Min: 0.2, Avg: 0.2, Max: 0.2, Diff: 0.0, Sum: 0.3]
      [GC Worker Total (ms): Min: 166.2, Avg: 166.2, Max: 166.2, Diff: 0.0, Sum: 332.4]
      [GC Worker End (ms): Min: 67562939.1, Avg: 67562939.1, Max: 67562939.1, Diff: 0.0]
   [Code Root Fixup: 0.4 ms]
   [Code Root Migration: 0.1 ms]
   [Clear CT: 0.5 ms]
   [Other: 11.8 ms]
      [Choose CSet: 0.0 ms]
      [Ref Proc: 6.8 ms]
      [Ref Enq: 0.5 ms]
      [Free CSet: 1.7 ms]
   [Eden: 658.0M(658.0M)->0.0B(544.0M) Survivors: 28.0M->52.0M Heap: 2363.0M(4096.0M)->1728.0M(4096.0M)]
 [Times: user=0.34 sys=0.00, real=0.18 secs] 
2016-08-31T08:22:21.707+0200: 67591.842: [GC pause (young), 0.1947870 secs]
   [Parallel Time: 182.5 ms, GC Workers: 2]
      [GC Worker Start (ms): Min: 67591844.2, Avg: 67591845.8, Max: 67591847.3, Diff: 3.1]
      [Ext Root Scanning (ms): Min: 54.9, Avg: 57.7, Max: 60.5, Diff: 5.6, Sum: 115.3]
      [Update RS (ms): Min: 34.4, Avg: 36.3, Max: 38.2, Diff: 3.7, Sum: 72.6]
         [Processed Buffers: Min: 278, Avg: 292.0, Max: 306, Diff: 28, Sum: 584]
      [Scan RS (ms): Min: 15.6, Avg: 16.2, Max: 16.7, Diff: 1.1, Sum: 32.4]
      [Code Root Scanning (ms): Min: 0.1, Avg: 0.2, Max: 0.2, Diff: 0.1, Sum: 0.3]
      [Object Copy (ms): Min: 67.4, Avg: 70.4, Max: 73.4, Diff: 6.0, Sum: 140.8]
      [Termination (ms): Min: 0.0, Avg: 0.0, Max: 0.0, Diff: 0.0, Sum: 0.0]
      [GC Worker Other (ms): Min: 0.1, Avg: 0.2, Max: 0.2, Diff: 0.0, Sum: 0.3]
      [GC Worker Total (ms): Min: 179.3, Avg: 180.9, Max: 182.4, Diff: 3.1, Sum: 361.7]
      [GC Worker End (ms): Min: 67592026.7, Avg: 67592026.7, Max: 67592026.7, Diff: 0.0]
   [Code Root Fixup: 0.4 ms]
   [Code Root Migration: 0.1 ms]
   [Clear CT: 1.1 ms]
   [Other: 10.6 ms]
      [Choose CSet: 0.0 ms]
      [Ref Proc: 4.7 ms]
      [Ref Enq: 0.4 ms]
      [Free CSet: 1.4 ms]
   [Eden: 438.0M(370.0M)->0.0B(482.0M) Survivors: 52.0M->42.0M Heap: 2166.0M(4096.0M)->1747.0M(4096.0M)]
 [Times: user=0.35 sys=0.00, real=0.19 secs] 
2016-08-31T08:22:50.069+0200: 67620.203: [GC pause (young), 0.1831440 secs]
   [Parallel Time: 171.0 ms, GC Workers: 2]
      [GC Worker Start (ms): Min: 67620204.9, Avg: 67620207.5, Max: 67620210.2, Diff: 5.4]
      [Ext Root Scanning (ms): Min: 49.0, Avg: 52.5, Max: 56.1, Diff: 7.1, Sum: 105.0]
      [Update RS (ms): Min: 41.5, Avg: 43.3, Max: 45.0, Diff: 3.5, Sum: 86.6]
         [Processed Buffers: Min: 363, Avg: 363.0, Max: 363, Diff: 0, Sum: 726]
      [Scan RS (ms): Min: 11.9, Avg: 12.0, Max: 12.1, Diff: 0.2, Sum: 24.0]
      [Code Root Scanning (ms): Min: 0.1, Avg: 0.2, Max: 0.2, Diff: 0.1, Sum: 0.3]
      [Object Copy (ms): Min: 59.4, Avg: 60.2, Max: 60.9, Diff: 1.5, Sum: 120.3]
      [Termination (ms): Min: 0.0, Avg: 0.0, Max: 0.0, Diff: 0.0, Sum: 0.0]
      [GC Worker Other (ms): Min: 0.2, Avg: 0.2, Max: 0.2, Diff: 0.0, Sum: 0.3]
      [GC Worker Total (ms): Min: 165.6, Avg: 168.3, Max: 170.9, Diff: 5.4, Sum: 336.5]
      [GC Worker End (ms): Min: 67620375.8, Avg: 67620375.8, Max: 67620375.8, Diff: 0.0]
   [Code Root Fixup: 0.5 ms]
   [Code Root Migration: 0.1 ms]
   [Clear CT: 1.0 ms]
   [Other: 10.5 ms]
      [Choose CSet: 0.0 ms]
      [Ref Proc: 5.7 ms]
      [Ref Enq: 0.4 ms]
      [Free CSet: 1.4 ms]
   [Eden: 482.0M(482.0M)->0.0B(420.0M) Survivors: 42.0M->50.0M Heap: 2229.0M(4096.0M)->1774.0M(4096.0M)]
 [Times: user=0.35 sys=0.00, real=0.19 secs] 
2016-08-31T08:23:15.571+0200: 67645.705: [GC pause (young), 0.1791160 secs]
   [Parallel Time: 168.4 ms, GC Workers: 2]
      [GC Worker Start (ms): Min: 67645706.6, Avg: 67645706.6, Max: 67645706.6, Diff: 0.0]
      [Ext Root Scanning (ms): Min: 51.3, Avg: 51.3, Max: 51.4, Diff: 0.1, Sum: 102.7]
      [Update RS (ms): Min: 39.5, Avg: 40.4, Max: 41.2, Diff: 1.7, Sum: 80.8]
         [Processed Buffers: Min: 337, Avg: 344.0, Max: 351, Diff: 14, Sum: 688]
      [Scan RS (ms): Min: 12.6, Avg: 13.0, Max: 13.4, Diff: 0.8, Sum: 26.0]
      [Code Root Scanning (ms): Min: 0.1, Avg: 0.1, Max: 0.2, Diff: 0.1, Sum: 0.3]
      [Object Copy (ms): Min: 62.9, Avg: 63.2, Max: 63.6, Diff: 0.8, Sum: 126.5]
      [Termination (ms): Min: 0.0, Avg: 0.0, Max: 0.0, Diff: 0.0, Sum: 0.0]
      [GC Worker Other (ms): Min: 0.2, Avg: 0.2, Max: 0.2, Diff: 0.0, Sum: 0.3]
      [GC Worker Total (ms): Min: 168.3, Avg: 168.3, Max: 168.3, Diff: 0.0, Sum: 336.6]
      [GC Worker End (ms): Min: 67645874.9, Avg: 67645874.9, Max: 67645874.9, Diff: 0.0]
   [Code Root Fixup: 0.5 ms]
   [Code Root Migration: 0.1 ms]
   [Clear CT: 0.5 ms]
   [Other: 9.6 ms]
      [Choose CSet: 0.0 ms]
      [Ref Proc: 4.7 ms]
      [Ref Enq: 0.4 ms]
      [Free CSet: 1.4 ms]
   [Eden: 420.0M(420.0M)->0.0B(430.0M) Survivors: 50.0M->48.0M Heap: 2194.0M(4096.0M)->1795.0M(4096.0M)]
 [Times: user=0.35 sys=0.00, real=0.18 secs] 
2016-08-31T08:23:41.891+0200: 67672.026: [GC pause (young), 0.1610800 secs]
   [Parallel Time: 152.0 ms, GC Workers: 2]
      [GC Worker Start (ms): Min: 67672027.3, Avg: 67672027.3, Max: 67672027.3, Diff: 0.0]
      [Ext Root Scanning (ms): Min: 51.5, Avg: 51.6, Max: 51.8, Diff: 0.3, Sum: 103.3]
      [Update RS (ms): Min: 35.3, Avg: 36.0, Max: 36.7, Diff: 1.3, Sum: 72.0]
         [Processed Buffers: Min: 289, Avg: 323.5, Max: 358, Diff: 69, Sum: 647]
      [Scan RS (ms): Min: 12.2, Avg: 12.3, Max: 12.4, Diff: 0.2, Sum: 24.5]
      [Code Root Scanning (ms): Min: 0.1, Avg: 0.1, Max: 0.2, Diff: 0.1, Sum: 0.3]
      [Object Copy (ms): Min: 51.3, Avg: 51.7, Max: 52.1, Diff: 0.8, Sum: 103.4]
      [Termination (ms): Min: 0.0, Avg: 0.0, Max: 0.0, Diff: 0.0, Sum: 0.0]
      [GC Worker Other (ms): Min: 0.1, Avg: 0.1, Max: 0.2, Diff: 0.1, Sum: 0.3]
      [GC Worker Total (ms): Min: 151.9, Avg: 151.9, Max: 151.9, Diff: 0.0, Sum: 303.8]
      [GC Worker End (ms): Min: 67672179.2, Avg: 67672179.2, Max: 67672179.2, Diff: 0.0]
   [Code Root Fixup: 0.7 ms]
   [Code Root Migration: 0.1 ms]
   [Clear CT: 0.5 ms]
   [Other: 7.9 ms]
      [Choose CSet: 0.0 ms]
      [Ref Proc: 3.5 ms]
      [Ref Enq: 0.2 ms]
      [Free CSet: 1.2 ms]
   [Eden: 430.0M(430.0M)->0.0B(658.0M) Survivors: 48.0M->34.0M Heap: 2225.0M(4096.0M)->1800.0M(4096.0M)]
 [Times: user=0.31 sys=0.00, real=0.16 secs] 
2016-08-31T08:24:14.137+0200: 67704.271: [GC pause (young), 0.1671670 secs]
   [Parallel Time: 158.5 ms, GC Workers: 2]
      [GC Worker Start (ms): Min: 67704272.8, Avg: 67704272.8, Max: 67704272.8, Diff: 0.0]
      [Ext Root Scanning (ms): Min: 51.5, Avg: 52.1, Max: 52.8, Diff: 1.3, Sum: 104.3]
      [Update RS (ms): Min: 38.2, Avg: 38.2, Max: 38.2, Diff: 0.0, Sum: 76.4]
         [Processed Buffers: Min: 298, Avg: 336.5, Max: 375, Diff: 77, Sum: 673]
      [Scan RS (ms): Min: 12.3, Avg: 12.5, Max: 12.7, Diff: 0.4, Sum: 25.1]
      [Code Root Scanning (ms): Min: 0.2, Avg: 0.2, Max: 0.2, Diff: 0.1, Sum: 0.4]
      [Object Copy (ms): Min: 54.7, Avg: 55.1, Max: 55.6, Diff: 0.9, Sum: 110.3]
      [Termination (ms): Min: 0.0, Avg: 0.0, Max: 0.0, Diff: 0.0, Sum: 0.0]
      [GC Worker Other (ms): Min: 0.2, Avg: 0.2, Max: 0.2, Diff: 0.0, Sum: 0.4]
      [GC Worker Total (ms): Min: 158.4, Avg: 158.4, Max: 158.4, Diff: 0.0, Sum: 316.8]
      [GC Worker End (ms): Min: 67704431.2, Avg: 67704431.2, Max: 67704431.2, Diff: 0.0]
   [Code Root Fixup: 0.3 ms]
   [Code Root Migration: 0.1 ms]
   [Clear CT: 0.4 ms]
   [Other: 7.9 ms]
      [Choose CSet: 0.0 ms]
      [Ref Proc: 3.7 ms]
      [Ref Enq: 0.2 ms]
      [Free CSet: 1.2 ms]
   [Eden: 512.0M(504.0M)->0.0B(636.0M) Survivors: 34.0M->60.0M Heap: 2312.0M(4096.0M)->1826.0M(4096.0M)]
 [Times: user=0.33 sys=0.00, real=0.17 secs] 
2016-08-31T08:24:40.252+0200: 67730.387: [GC pause (young), 0.1710900 secs]
   [Parallel Time: 160.7 ms, GC Workers: 2]
      [GC Worker Start (ms): Min: 67730388.1, Avg: 67730388.1, Max: 67730388.1, Diff: 0.0]
      [Ext Root Scanning (ms): Min: 51.3, Avg: 51.4, Max: 51.5, Diff: 0.1, Sum: 102.8]
      [Update RS (ms): Min: 32.2, Avg: 32.4, Max: 32.7, Diff: 0.5, Sum: 64.9]
         [Processed Buffers: Min: 278, Avg: 293.5, Max: 309, Diff: 31, Sum: 587]
      [Scan RS (ms): Min: 15.0, Avg: 15.2, Max: 15.5, Diff: 0.4, Sum: 30.5]
      [Code Root Scanning (ms): Min: 0.1, Avg: 0.2, Max: 0.2, Diff: 0.1, Sum: 0.3]
      [Object Copy (ms): Min: 61.0, Avg: 61.1, Max: 61.3, Diff: 0.2, Sum: 122.3]
      [Termination (ms): Min: 0.0, Avg: 0.0, Max: 0.0, Diff: 0.0, Sum: 0.0]
      [GC Worker Other (ms): Min: 0.2, Avg: 0.2, Max: 0.2, Diff: 0.0, Sum: 0.4]
      [GC Worker Total (ms): Min: 160.6, Avg: 160.6, Max: 160.6, Diff: 0.0, Sum: 321.2]
      [GC Worker End (ms): Min: 67730548.7, Avg: 67730548.7, Max: 67730548.7, Diff: 0.0]
   [Code Root Fixup: 0.5 ms]
   [Code Root Migration: 0.1 ms]
   [Clear CT: 0.5 ms]
   [Other: 9.4 ms]
      [Choose CSet: 0.0 ms]
      [Ref Proc: 5.0 ms]
      [Ref Enq: 0.2 ms]
      [Free CSet: 1.2 ms]
   [Eden: 420.0M(420.0M)->0.0B(876.0M) Survivors: 60.0M->32.0M Heap: 2246.0M(4096.0M)->1831.0M(4096.0M)]
 [Times: user=0.33 sys=0.00, real=0.17 secs] 
2016-08-31T08:25:17.485+0200: 67767.619: [GC pause (young), 0.2001800 secs]
   [Parallel Time: 188.7 ms, GC Workers: 2]
      [GC Worker Start (ms): Min: 67767621.0, Avg: 67767622.0, Max: 67767623.0, Diff: 2.0]
      [Ext Root Scanning (ms): Min: 59.0, Avg: 62.8, Max: 66.6, Diff: 7.6, Sum: 125.6]
      [Update RS (ms): Min: 43.1, Avg: 45.2, Max: 47.4, Diff: 4.3, Sum: 90.4]
         [Processed Buffers: Min: 333, Avg: 356.5, Max: 380, Diff: 47, Sum: 713]
      [Scan RS (ms): Min: 13.3, Avg: 13.6, Max: 13.9, Diff: 0.6, Sum: 27.2]
      [Code Root Scanning (ms): Min: 0.2, Avg: 0.2, Max: 0.3, Diff: 0.1, Sum: 0.5]
      [Object Copy (ms): Min: 65.2, Avg: 65.6, Max: 66.0, Diff: 0.8, Sum: 131.2]
      [Termination (ms): Min: 0.0, Avg: 0.0, Max: 0.0, Diff: 0.0, Sum: 0.0]
      [GC Worker Other (ms): Min: 0.2, Avg: 0.2, Max: 0.2, Diff: 0.0, Sum: 0.4]
      [GC Worker Total (ms): Min: 186.6, Avg: 187.6, Max: 188.6, Diff: 2.0, Sum: 375.2]
      [GC Worker End (ms): Min: 67767809.6, Avg: 67767809.6, Max: 67767809.6, Diff: 0.0]
   [Code Root Fixup: 0.4 ms]
   [Code Root Migration: 0.1 ms]
   [Clear CT: 0.5 ms]
   [Other: 10.5 ms]
      [Choose CSet: 0.0 ms]
      [Ref Proc: 5.7 ms]
      [Ref Enq: 0.3 ms]
      [Free CSet: 1.5 ms]
   [Eden: 684.0M(684.0M)->0.0B(482.0M) Survivors: 32.0M->72.0M Heap: 2515.0M(4096.0M)->1871.0M(4096.0M)]
 [Times: user=0.36 sys=0.00, real=0.20 secs] 
2016-08-31T08:25:35.452+0200: 67785.587: [GC pause (young), 0.1791090 secs]
   [Parallel Time: 169.7 ms, GC Workers: 2]
      [GC Worker Start (ms): Min: 67785588.2, Avg: 67785588.2, Max: 67785588.2, Diff: 0.0]
      [Ext Root Scanning (ms): Min: 49.7, Avg: 54.1, Max: 58.5, Diff: 8.8, Sum: 108.1]
      [Update RS (ms): Min: 22.8, Avg: 29.9, Max: 37.1, Diff: 14.4, Sum: 59.9]
         [Processed Buffers: Min: 246, Avg: 295.5, Max: 345, Diff: 99, Sum: 591]
      [Scan RS (ms): Min: 15.0, Avg: 15.4, Max: 15.8, Diff: 0.8, Sum: 30.8]
      [Code Root Scanning (ms): Min: 0.1, Avg: 0.1, Max: 0.2, Diff: 0.1, Sum: 0.3]
      [Object Copy (ms): Min: 67.6, Avg: 69.9, Max: 72.2, Diff: 4.6, Sum: 139.8]
      [Termination (ms): Min: 0.0, Avg: 0.0, Max: 0.0, Diff: 0.0, Sum: 0.0]
      [GC Worker Other (ms): Min: 0.2, Avg: 0.2, Max: 0.2, Diff: 0.1, Sum: 0.4]
      [GC Worker Total (ms): Min: 169.6, Avg: 169.7, Max: 169.7, Diff: 0.0, Sum: 339.3]
      [GC Worker End (ms): Min: 67785757.9, Avg: 67785757.9, Max: 67785757.9, Diff: 0.0]
   [Code Root Fixup: 0.5 ms]
   [Code Root Migration: 0.1 ms]
   [Clear CT: 0.5 ms]
   [Other: 8.3 ms]
      [Choose CSet: 0.0 ms]
      [Ref Proc: 3.7 ms]
      [Ref Enq: 0.3 ms]
      [Free CSet: 1.3 ms]
   [Eden: 330.0M(296.0M)->0.0B(658.0M) Survivors: 72.0M->30.0M Heap: 2201.0M(4096.0M)->1867.0M(4096.0M)]
 [Times: user=0.34 sys=0.00, real=0.18 secs] 
2016-08-31T08:26:13.040+0200: 67823.174: [GC pause (young), 0.1738700 secs]
   [Parallel Time: 160.3 ms, GC Workers: 2]
      [GC Worker Start (ms): Min: 67823175.8, Avg: 67823176.0, Max: 67823176.2, Diff: 0.4]
      [Ext Root Scanning (ms): Min: 51.9, Avg: 52.2, Max: 52.6, Diff: 0.7, Sum: 104.5]
      [Update RS (ms): Min: 44.5, Avg: 44.8, Max: 45.0, Diff: 0.5, Sum: 89.6]
         [Processed Buffers: Min: 331, Avg: 344.0, Max: 357, Diff: 26, Sum: 688]
      [Scan RS (ms): Min: 12.1, Avg: 12.5, Max: 12.9, Diff: 0.8, Sum: 25.0]
      [Code Root Scanning (ms): Min: 0.2, Avg: 0.2, Max: 0.3, Diff: 0.1, Sum: 0.5]
      [Object Copy (ms): Min: 49.7, Avg: 49.9, Max: 50.1, Diff: 0.4, Sum: 99.9]
      [Termination (ms): Min: 0.0, Avg: 0.0, Max: 0.0, Diff: 0.0, Sum: 0.0]
      [GC Worker Other (ms): Min: 0.2, Avg: 0.3, Max: 0.4, Diff: 0.2, Sum: 0.6]
      [GC Worker Total (ms): Min: 159.8, Avg: 160.0, Max: 160.2, Diff: 0.4, Sum: 320.0]
      [GC Worker End (ms): Min: 67823336.0, Avg: 67823336.0, Max: 67823336.0, Diff: 0.0]
   [Code Root Fixup: 0.5 ms]
   [Code Root Migration: 0.1 ms]
   [Clear CT: 0.9 ms]
   [Other: 12.1 ms]
      [Choose CSet: 0.0 ms]
      [Ref Proc: 6.7 ms]
      [Ref Enq: 0.6 ms]
      [Free CSet: 1.8 ms]
   [Eden: 658.0M(658.0M)->0.0B(552.0M) Survivors: 30.0M->58.0M Heap: 2525.0M(4096.0M)->1895.0M(4096.0M)]
 [Times: user=0.33 sys=0.00, real=0.18 secs] 
2016-08-31T08:26:42.850+0200: 67852.985: [GC pause (young), 0.1870350 secs]
   [Parallel Time: 176.2 ms, GC Workers: 2]
      [GC Worker Start (ms): Min: 67852986.2, Avg: 67852988.2, Max: 67852990.2, Diff: 4.0]
      [Ext Root Scanning (ms): Min: 50.3, Avg: 52.4, Max: 54.6, Diff: 4.3, Sum: 104.9]
      [Update RS (ms): Min: 35.5, Avg: 35.7, Max: 35.9, Diff: 0.4, Sum: 71.5]
         [Processed Buffers: Min: 297, Avg: 319.0, Max: 341, Diff: 44, Sum: 638]
      [Scan RS (ms): Min: 15.5, Avg: 15.7, Max: 16.0, Diff: 0.5, Sum: 31.5]
      [Code Root Scanning (ms): Min: 0.1, Avg: 0.2, Max: 0.2, Diff: 0.1, Sum: 0.3]
      [Object Copy (ms): Min: 65.7, Avg: 69.8, Max: 73.9, Diff: 8.2, Sum: 139.6]
      [Termination (ms): Min: 0.0, Avg: 0.0, Max: 0.0, Diff: 0.0, Sum: 0.0]
      [GC Worker Other (ms): Min: 0.2, Avg: 0.2, Max: 0.2, Diff: 0.0, Sum: 0.4]
      [GC Worker Total (ms): Min: 172.1, Avg: 174.1, Max: 176.1, Diff: 4.0, Sum: 348.2]
      [GC Worker End (ms): Min: 67853162.3, Avg: 67853162.3, Max: 67853162.3, Diff: 0.0]
   [Code Root Fixup: 0.4 ms]
   [Code Root Migration: 0.1 ms]
   [Clear CT: 0.6 ms]
   [Other: 9.8 ms]
      [Choose CSet: 0.0 ms]
      [Ref Proc: 4.8 ms]
      [Ref Enq: 0.4 ms]
      [Free CSet: 1.5 ms]
   [Eden: 448.0M(358.0M)->0.0B(588.0M) Survivors: 58.0M->40.0M Heap: 2343.0M(4096.0M)->1905.0M(4096.0M)]
 [Times: user=0.35 sys=0.00, real=0.19 secs] 
2016-08-31T08:27:20.172+0200: 67890.307: [GC pause (young) (initial-mark), 0.2029490 secs]
   [Parallel Time: 188.8 ms, GC Workers: 2]
      [GC Worker Start (ms): Min: 67890309.2, Avg: 67890309.2, Max: 67890309.2, Diff: 0.1]
      [Ext Root Scanning (ms): Min: 49.2, Avg: 49.7, Max: 50.2, Diff: 1.0, Sum: 99.4]
      [Code Root Marking (ms): Min: 13.2, Avg: 13.6, Max: 14.0, Diff: 0.8, Sum: 27.2]
      [Update RS (ms): Min: 43.1, Avg: 43.7, Max: 44.3, Diff: 1.2, Sum: 87.4]
         [Processed Buffers: Min: 333, Avg: 349.5, Max: 366, Diff: 33, Sum: 699]
      [Scan RS (ms): Min: 13.0, Avg: 13.2, Max: 13.5, Diff: 0.5, Sum: 26.5]
      [Code Root Scanning (ms): Min: 0.2, Avg: 0.2, Max: 0.2, Diff: 0.1, Sum: 0.4]
      [Object Copy (ms): Min: 67.6, Avg: 68.1, Max: 68.6, Diff: 1.0, Sum: 136.3]
      [Termination (ms): Min: 0.0, Avg: 0.0, Max: 0.0, Diff: 0.0, Sum: 0.0]
      [GC Worker Other (ms): Min: 0.1, Avg: 0.1, Max: 0.2, Diff: 0.1, Sum: 0.3]
      [GC Worker Total (ms): Min: 188.6, Avg: 188.7, Max: 188.7, Diff: 0.1, Sum: 377.3]
      [GC Worker End (ms): Min: 67890497.9, Avg: 67890497.9, Max: 67890497.9, Diff: 0.0]
   [Code Root Fixup: 0.5 ms]
   [Code Root Migration: 0.1 ms]
   [Clear CT: 0.6 ms]
   [Other: 12.9 ms]
      [Choose CSet: 0.0 ms]
      [Ref Proc: 6.3 ms]
      [Ref Enq: 0.5 ms]
      [Free CSet: 1.8 ms]
   [Eden: 588.0M(588.0M)->0.0B(362.0M) Survivors: 40.0M->60.0M Heap: 2493.0M(4096.0M)->1925.0M(4096.0M)]
 [Times: user=0.39 sys=0.00, real=0.20 secs] 
2016-08-31T08:27:20.376+0200: 67890.511: [GC concurrent-root-region-scan-start]
2016-08-31T08:27:20.427+0200: 67890.562: [GC concurrent-root-region-scan-end, 0.0513600 secs]
2016-08-31T08:27:20.427+0200: 67890.562: [GC concurrent-mark-start]
2016-08-31T08:27:21.197+0200: 67891.332: [GC concurrent-mark-end, 0.7698310 secs]
2016-08-31T08:27:21.200+0200: 67891.334: [GC remark 2016-08-31T08:27:21.201+0200: 67891.335: [GC ref-proc, 0.0652100 secs], 0.0803670 secs]
 [Times: user=0.10 sys=0.00, real=0.08 secs] 
2016-08-31T08:27:21.285+0200: 67891.420: [GC cleanup 1946M->1703M(4096M), 0.0239820 secs]
 [Times: user=0.05 sys=0.00, real=0.02 secs] 
2016-08-31T08:27:21.310+0200: 67891.444: [GC concurrent-cleanup-start]
2016-08-31T08:27:21.310+0200: 67891.445: [GC concurrent-cleanup-end, 0.0005270 secs]
2016-08-31T08:27:42.265+0200: 67912.400: [GC pause (young), 0.1683070 secs]
   [Parallel Time: 161.0 ms, GC Workers: 2]
      [GC Worker Start (ms): Min: 67912401.5, Avg: 67912401.5, Max: 67912401.5, Diff: 0.0]
      [Ext Root Scanning (ms): Min: 50.6, Avg: 50.8, Max: 51.0, Diff: 0.5, Sum: 101.6]
      [Update RS (ms): Min: 32.8, Avg: 33.2, Max: 33.6, Diff: 0.8, Sum: 66.3]
         [Processed Buffers: Min: 320, Avg: 337.5, Max: 355, Diff: 35, Sum: 675]
      [Scan RS (ms): Min: 14.6, Avg: 14.9, Max: 15.1, Diff: 0.5, Sum: 29.7]
      [Code Root Scanning (ms): Min: 0.1, Avg: 0.1, Max: 0.2, Diff: 0.1, Sum: 0.3]
      [Object Copy (ms): Min: 61.4, Avg: 61.9, Max: 62.3, Diff: 1.0, Sum: 123.7]
      [Termination (ms): Min: 0.0, Avg: 0.0, Max: 0.0, Diff: 0.0, Sum: 0.0]
      [GC Worker Other (ms): Min: 0.0, Avg: 0.1, Max: 0.2, Diff: 0.1, Sum: 0.2]
      [GC Worker Total (ms): Min: 160.9, Avg: 160.9, Max: 160.9, Diff: 0.0, Sum: 321.8]
      [GC Worker End (ms): Min: 67912562.4, Avg: 67912562.4, Max: 67912562.4, Diff: 0.0]
   [Code Root Fixup: 0.3 ms]
   [Code Root Migration: 0.1 ms]
   [Clear CT: 0.4 ms]
   [Other: 6.5 ms]
      [Choose CSet: 0.0 ms]
      [Ref Proc: 2.6 ms]
      [Ref Enq: 0.2 ms]
      [Free CSet: 0.9 ms]
   [Eden: 362.0M(362.0M)->0.0B(162.0M) Survivors: 60.0M->42.0M Heap: 2044.0M(4096.0M)->1698.0M(4096.0M)]
 [Times: user=0.33 sys=0.00, real=0.17 secs] 
2016-08-31T08:27:51.945+0200: 67922.079: [GC pause (mixed), 0.1813130 secs]
   [Parallel Time: 171.2 ms, GC Workers: 2]
      [GC Worker Start (ms): Min: 67922081.2, Avg: 67922081.2, Max: 67922081.2, Diff: 0.0]
      [Ext Root Scanning (ms): Min: 51.5, Avg: 52.0, Max: 52.6, Diff: 1.1, Sum: 104.0]
      [Update RS (ms): Min: 26.1, Avg: 26.4, Max: 26.7, Diff: 0.6, Sum: 52.8]
         [Processed Buffers: Min: 288, Avg: 315.5, Max: 343, Diff: 55, Sum: 631]
      [Scan RS (ms): Min: 38.6, Avg: 38.8, Max: 38.9, Diff: 0.3, Sum: 77.5]
      [Code Root Scanning (ms): Min: 0.1, Avg: 0.2, Max: 0.4, Diff: 0.2, Sum: 0.5]
      [Object Copy (ms): Min: 53.4, Avg: 53.6, Max: 53.8, Diff: 0.3, Sum: 107.2]
      [Termination (ms): Min: 0.0, Avg: 0.0, Max: 0.0, Diff: 0.0, Sum: 0.0]
      [GC Worker Other (ms): Min: 0.1, Avg: 0.1, Max: 0.2, Diff: 0.1, Sum: 0.2]
      [GC Worker Total (ms): Min: 171.1, Avg: 171.1, Max: 171.1, Diff: 0.0, Sum: 342.3]
      [GC Worker End (ms): Min: 67922252.3, Avg: 67922252.3, Max: 67922252.3, Diff: 0.0]
   [Code Root Fixup: 0.6 ms]
   [Code Root Migration: 0.1 ms]
   [Clear CT: 1.5 ms]
   [Other: 7.9 ms]
      [Choose CSet: 0.4 ms]
      [Ref Proc: 2.2 ms]
      [Ref Enq: 0.1 ms]
      [Free CSet: 2.4 ms]
   [Eden: 162.0M(162.0M)->0.0B(186.0M) Survivors: 42.0M->18.0M Heap: 1860.0M(4096.0M)->1303.0M(4096.0M)]
 [Times: user=0.35 sys=0.01, real=0.19 secs] 
2016-08-31T08:28:00.775+0200: 67930.909: [GC pause (mixed), 0.1926260 secs]
   [Parallel Time: 183.8 ms, GC Workers: 2]
      [GC Worker Start (ms): Min: 67930911.5, Avg: 67930914.4, Max: 67930917.2, Diff: 5.7]
      [Ext Root Scanning (ms): Min: 66.2, Avg: 66.9, Max: 67.6, Diff: 1.4, Sum: 133.8]
      [Update RS (ms): Min: 28.9, Avg: 29.2, Max: 29.6, Diff: 0.7, Sum: 58.5]
         [Processed Buffers: Min: 278, Avg: 325.0, Max: 372, Diff: 94, Sum: 650]
      [Scan RS (ms): Min: 47.7, Avg: 47.8, Max: 47.9, Diff: 0.3, Sum: 95.6]
      [Code Root Scanning (ms): Min: 0.1, Avg: 0.1, Max: 0.2, Diff: 0.1, Sum: 0.3]
      [Object Copy (ms): Min: 34.6, Avg: 36.6, Max: 38.7, Diff: 4.1, Sum: 73.3]
      [Termination (ms): Min: 0.0, Avg: 0.0, Max: 0.0, Diff: 0.0, Sum: 0.0]
      [GC Worker Other (ms): Min: 0.1, Avg: 0.1, Max: 0.1, Diff: 0.1, Sum: 0.2]
      [GC Worker Total (ms): Min: 178.0, Avg: 180.8, Max: 183.7, Diff: 5.7, Sum: 361.6]
      [GC Worker End (ms): Min: 67931095.2, Avg: 67931095.2, Max: 67931095.2, Diff: 0.0]
   [Code Root Fixup: 0.4 ms]
   [Code Root Migration: 0.1 ms]
   [Clear CT: 0.7 ms]
   [Other: 7.7 ms]
      [Choose CSet: 0.9 ms]
      [Ref Proc: 2.0 ms]
      [Ref Enq: 0.1 ms]
      [Free CSet: 1.6 ms]
   [Eden: 186.0M(186.0M)->0.0B(182.0M) Survivors: 18.0M->22.0M Heap: 1489.0M(4096.0M)->1136.0M(4096.0M)]
 [Times: user=0.35 sys=0.00, real=0.20 secs] 
2016-08-31T08:28:11.555+0200: 67941.689: [GC pause (mixed), 0.2158120 secs]
   [Parallel Time: 206.2 ms, GC Workers: 2]
      [GC Worker Start (ms): Min: 67941691.3, Avg: 67941691.3, Max: 67941691.3, Diff: 0.0]
      [Ext Root Scanning (ms): Min: 48.6, Avg: 48.8, Max: 49.0, Diff: 0.4, Sum: 97.6]
      [Update RS (ms): Min: 28.4, Avg: 29.0, Max: 29.5, Diff: 1.0, Sum: 57.9]
         [Processed Buffers: Min: 274, Avg: 328.0, Max: 382, Diff: 108, Sum: 656]
      [Scan RS (ms): Min: 57.3, Avg: 57.6, Max: 57.9, Diff: 0.6, Sum: 115.2]
      [Code Root Scanning (ms): Min: 0.1, Avg: 0.1, Max: 0.2, Diff: 0.1, Sum: 0.3]
      [Object Copy (ms): Min: 69.9, Avg: 70.4, Max: 70.9, Diff: 1.0, Sum: 140.9]
      [Termination (ms): Min: 0.0, Avg: 0.0, Max: 0.0, Diff: 0.0, Sum: 0.0]
      [GC Worker Other (ms): Min: 0.1, Avg: 0.1, Max: 0.1, Diff: 0.1, Sum: 0.2]
      [GC Worker Total (ms): Min: 206.1, Avg: 206.1, Max: 206.1, Diff: 0.0, Sum: 412.1]
      [GC Worker End (ms): Min: 67941897.4, Avg: 67941897.4, Max: 67941897.4, Diff: 0.0]
   [Code Root Fixup: 0.4 ms]
   [Code Root Migration: 0.1 ms]
   [Clear CT: 0.9 ms]
   [Other: 8.3 ms]
      [Choose CSet: 0.8 ms]
      [Ref Proc: 2.1 ms]
      [Ref Enq: 0.2 ms]
      [Free CSet: 2.2 ms]
   [Eden: 182.0M(182.0M)->0.0B(182.0M) Survivors: 22.0M->22.0M Heap: 1318.0M(4096.0M)->976.0M(4096.0M)]
 [Times: user=0.42 sys=0.00, real=0.22 secs] 
2016-08-31T08:28:22.554+0200: 67952.688: [GC pause (mixed), 0.2251960 secs]
   [Parallel Time: 216.4 ms, GC Workers: 2]
      [GC Worker Start (ms): Min: 67952689.8, Avg: 67952689.8, Max: 67952689.8, Diff: 0.0]
      [Ext Root Scanning (ms): Min: 56.9, Avg: 57.3, Max: 57.6, Diff: 0.7, Sum: 114.6]
      [Update RS (ms): Min: 23.4, Avg: 24.8, Max: 26.2, Diff: 2.8, Sum: 49.6]
         [Processed Buffers: Min: 274, Avg: 311.5, Max: 349, Diff: 75, Sum: 623]
      [Scan RS (ms): Min: 55.2, Avg: 55.6, Max: 56.1, Diff: 0.9, Sum: 111.3]
      [Code Root Scanning (ms): Min: 0.1, Avg: 0.1, Max: 0.1, Diff: 0.0, Sum: 0.3]
      [Object Copy (ms): Min: 76.9, Avg: 78.2, Max: 79.6, Diff: 2.7, Sum: 156.4]
      [Termination (ms): Min: 0.0, Avg: 0.0, Max: 0.0, Diff: 0.0, Sum: 0.0]
      [GC Worker Other (ms): Min: 0.2, Avg: 0.2, Max: 0.2, Diff: 0.0, Sum: 0.4]
      [GC Worker Total (ms): Min: 216.2, Avg: 216.3, Max: 216.3, Diff: 0.0, Sum: 432.5]
      [GC Worker End (ms): Min: 67952906.1, Avg: 67952906.1, Max: 67952906.1, Diff: 0.0]
   [Code Root Fixup: 0.5 ms]
   [Code Root Migration: 0.1 ms]
   [Clear CT: 1.1 ms]
   [Other: 7.2 ms]
      [Choose CSet: 0.5 ms]
      [Ref Proc: 2.1 ms]
      [Ref Enq: 0.2 ms]
      [Free CSet: 1.5 ms]
   [Eden: 182.0M(182.0M)->0.0B(184.0M) Survivors: 22.0M->20.0M Heap: 1158.0M(4096.0M)->891.0M(4096.0M)]
 [Times: user=0.43 sys=0.00, real=0.22 secs] 
2016-08-31T08:28:33.030+0200: 67963.164: [GC pause (young), 0.1303110 secs]
   [Parallel Time: 123.5 ms, GC Workers: 2]
      [GC Worker Start (ms): Min: 67963165.9, Avg: 67963168.3, Max: 67963170.6, Diff: 4.7]
      [Ext Root Scanning (ms): Min: 50.4, Avg: 52.3, Max: 54.2, Diff: 3.8, Sum: 104.7]
      [Update RS (ms): Min: 28.0, Avg: 28.6, Max: 29.2, Diff: 1.2, Sum: 57.2]
         [Processed Buffers: Min: 322, Avg: 334.0, Max: 346, Diff: 24, Sum: 668]
      [Scan RS (ms): Min: 4.7, Avg: 5.1, Max: 5.4, Diff: 0.7, Sum: 10.1]
      [Code Root Scanning (ms): Min: 0.0, Avg: 0.1, Max: 0.1, Diff: 0.1, Sum: 0.1]
      [Object Copy (ms): Min: 34.1, Avg: 34.8, Max: 35.5, Diff: 1.4, Sum: 69.5]
      [Termination (ms): Min: 0.0, Avg: 0.0, Max: 0.0, Diff: 0.0, Sum: 0.0]
      [GC Worker Other (ms): Min: 0.1, Avg: 0.2, Max: 0.2, Diff: 0.1, Sum: 0.3]
      [GC Worker Total (ms): Min: 118.6, Avg: 121.0, Max: 123.4, Diff: 4.8, Sum: 242.0]
      [GC Worker End (ms): Min: 67963289.3, Avg: 67963289.3, Max: 67963289.3, Diff: 0.0]
   [Code Root Fixup: 0.5 ms]
   [Code Root Migration: 0.0 ms]
   [Clear CT: 0.3 ms]
   [Other: 5.9 ms]
      [Choose CSet: 0.0 ms]
      [Ref Proc: 2.2 ms]
      [Ref Enq: 0.2 ms]
      [Free CSet: 0.6 ms]
   [Eden: 184.0M(184.0M)->0.0B(182.0M) Survivors: 20.0M->22.0M Heap: 1075.0M(4096.0M)->906.0M(4096.0M)]
 [Times: user=0.24 sys=0.01, real=0.13 secs] 
2016-08-31T08:28:41.682+0200: 67971.817: [GC pause (young), 0.1318520 secs]
   [Parallel Time: 125.3 ms, GC Workers: 2]
      [GC Worker Start (ms): Min: 67971818.0, Avg: 67971818.0, Max: 67971818.1, Diff: 0.0]
      [Ext Root Scanning (ms): Min: 52.6, Avg: 53.3, Max: 54.1, Diff: 1.5, Sum: 106.7]
      [Update RS (ms): Min: 28.0, Avg: 29.3, Max: 30.6, Diff: 2.6, Sum: 58.6]
         [Processed Buffers: Min: 317, Avg: 328.0, Max: 339, Diff: 22, Sum: 656]
      [Scan RS (ms): Min: 5.1, Avg: 5.3, Max: 5.5, Diff: 0.4, Sum: 10.6]
      [Code Root Scanning (ms): Min: 0.0, Avg: 0.1, Max: 0.1, Diff: 0.1, Sum: 0.1]
      [Object Copy (ms): Min: 36.8, Avg: 37.1, Max: 37.3, Diff: 0.5, Sum: 74.1]
      [Termination (ms): Min: 0.0, Avg: 0.0, Max: 0.0, Diff: 0.0, Sum: 0.0]
      [GC Worker Other (ms): Min: 0.1, Avg: 0.1, Max: 0.2, Diff: 0.1, Sum: 0.2]
      [GC Worker Total (ms): Min: 125.2, Avg: 125.2, Max: 125.2, Diff: 0.0, Sum: 250.4]
      [GC Worker End (ms): Min: 67971943.3, Avg: 67971943.3, Max: 67971943.3, Diff: 0.0]
   [Code Root Fixup: 0.4 ms]
   [Code Root Migration: 0.0 ms]
   [Clear CT: 0.4 ms]
   [Other: 5.8 ms]
      [Choose CSet: 0.0 ms]
      [Ref Proc: 2.1 ms]
      [Ref Enq: 0.2 ms]
      [Free CSet: 0.6 ms]
   [Eden: 182.0M(182.0M)->0.0B(178.0M) Survivors: 22.0M->26.0M Heap: 1088.0M(4096.0M)->924.0M(4096.0M)]
 [Times: user=0.25 sys=0.00, real=0.13 secs] 
2016-08-31T08:28:52.587+0200: 67982.722: [GC pause (young), 0.1584700 secs]
   [Parallel Time: 151.6 ms, GC Workers: 2]
      [GC Worker Start (ms): Min: 67982723.0, Avg: 67982723.0, Max: 67982723.0, Diff: 0.0]
      [Ext Root Scanning (ms): Min: 61.4, Avg: 68.6, Max: 75.9, Diff: 14.5, Sum: 137.3]
      [Update RS (ms): Min: 31.4, Avg: 38.6, Max: 45.9, Diff: 14.5, Sum: 77.3]
         [Processed Buffers: Min: 162, Avg: 307.0, Max: 452, Diff: 290, Sum: 614]
      [Scan RS (ms): Min: 8.7, Avg: 9.2, Max: 9.8, Diff: 1.1, Sum: 18.5]
      [Code Root Scanning (ms): Min: 0.0, Avg: 0.1, Max: 0.1, Diff: 0.0, Sum: 0.1]
      [Object Copy (ms): Min: 34.2, Avg: 34.8, Max: 35.4, Diff: 1.2, Sum: 69.6]
      [Termination (ms): Min: 0.0, Avg: 0.0, Max: 0.0, Diff: 0.0, Sum: 0.0]
      [GC Worker Other (ms): Min: 0.1, Avg: 0.1, Max: 0.2, Diff: 0.1, Sum: 0.2]
      [GC Worker Total (ms): Min: 151.5, Avg: 151.5, Max: 151.5, Diff: 0.0, Sum: 303.0]
      [GC Worker End (ms): Min: 67982874.5, Avg: 67982874.5, Max: 67982874.5, Diff: 0.0]
   [Code Root Fixup: 0.5 ms]
   [Code Root Migration: 0.0 ms]
   [Clear CT: 0.4 ms]
   [Other: 6.0 ms]
      [Choose CSet: 0.0 ms]
      [Ref Proc: 2.5 ms]
      [Ref Enq: 0.2 ms]
      [Free CSet: 0.7 ms]
   [Eden: 178.0M(178.0M)->0.0B(190.0M) Survivors: 26.0M->14.0M Heap: 1102.0M(4096.0M)->930.0M(4096.0M)]
 [Times: user=0.25 sys=0.00, real=0.16 secs] 
2016-08-31T08:29:04.215+0200: 67994.350: [GC pause (young), 0.1272950 secs]
   [Parallel Time: 120.6 ms, GC Workers: 2]
      [GC Worker Start (ms): Min: 67994351.5, Avg: 67994351.5, Max: 67994351.5, Diff: 0.1]
      [Ext Root Scanning (ms): Min: 50.8, Avg: 51.2, Max: 51.7, Diff: 0.8, Sum: 102.5]
      [Update RS (ms): Min: 30.6, Avg: 30.8, Max: 31.0, Diff: 0.4, Sum: 61.6]
         [Processed Buffers: Min: 303, Avg: 306.5, Max: 310, Diff: 7, Sum: 613]
      [Scan RS (ms): Min: 6.2, Avg: 6.2, Max: 6.2, Diff: 0.1, Sum: 12.4]
      [Code Root Scanning (ms): Min: 0.1, Avg: 0.1, Max: 0.1, Diff: 0.0, Sum: 0.1]
      [Object Copy (ms): Min: 32.0, Avg: 32.1, Max: 32.2, Diff: 0.1, Sum: 64.2]
      [Termination (ms): Min: 0.0, Avg: 0.0, Max: 0.0, Diff: 0.0, Sum: 0.0]
      [GC Worker Other (ms): Min: 0.0, Avg: 0.1, Max: 0.1, Diff: 0.1, Sum: 0.2]
      [GC Worker Total (ms): Min: 120.5, Avg: 120.5, Max: 120.5, Diff: 0.0, Sum: 241.0]
      [GC Worker End (ms): Min: 67994472.0, Avg: 67994472.0, Max: 67994472.0, Diff: 0.0]
   [Code Root Fixup: 0.4 ms]
   [Code Root Migration: 0.0 ms]
   [Clear CT: 0.4 ms]
   [Other: 5.9 ms]
      [Choose CSet: 0.0 ms]
      [Ref Proc: 2.1 ms]
      [Ref Enq: 0.2 ms]
      [Free CSet: 0.8 ms]
   [Eden: 190.0M(190.0M)->0.0B(190.0M) Survivors: 14.0M->26.0M Heap: 1120.0M(4096.0M)->943.0M(4096.0M)]
 [Times: user=0.25 sys=0.00, real=0.13 secs] 
2016-08-31T08:29:15.355+0200: 68005.490: [GC pause (young), 0.1418240 secs]
   [Parallel Time: 134.6 ms, GC Workers: 2]
      [GC Worker Start (ms): Min: 68005491.5, Avg: 68005492.7, Max: 68005493.9, Diff: 2.4]
      [Ext Root Scanning (ms): Min: 51.5, Avg: 52.5, Max: 53.4, Diff: 1.9, Sum: 104.9]
      [Update RS (ms): Min: 30.7, Avg: 31.1, Max: 31.6, Diff: 0.8, Sum: 62.3]
         [Processed Buffers: Min: 350, Avg: 350.5, Max: 351, Diff: 1, Sum: 701]
      [Scan RS (ms): Min: 7.6, Avg: 7.9, Max: 8.1, Diff: 0.5, Sum: 15.7]
      [Code Root Scanning (ms): Min: 0.1, Avg: 0.1, Max: 0.1, Diff: 0.0, Sum: 0.1]
      [Object Copy (ms): Min: 41.7, Avg: 41.7, Max: 41.7, Diff: 0.0, Sum: 83.4]
      [Termination (ms): Min: 0.0, Avg: 0.0, Max: 0.0, Diff: 0.0, Sum: 0.0]
      [GC Worker Other (ms): Min: 0.1, Avg: 0.1, Max: 0.2, Diff: 0.1, Sum: 0.2]
      [GC Worker Total (ms): Min: 132.1, Avg: 133.4, Max: 134.6, Diff: 2.4, Sum: 266.7]
      [GC Worker End (ms): Min: 68005626.0, Avg: 68005626.0, Max: 68005626.0, Diff: 0.0]
   [Code Root Fixup: 0.5 ms]
   [Code Root Migration: 0.0 ms]
   [Clear CT: 0.4 ms]
   [Other: 6.3 ms]
      [Choose CSet: 0.0 ms]
      [Ref Proc: 2.4 ms]
      [Ref Enq: 0.2 ms]
      [Free CSet: 0.7 ms]
   [Eden: 190.0M(190.0M)->0.0B(268.0M) Survivors: 26.0M->28.0M Heap: 1133.0M(4096.0M)->963.0M(4096.0M)]
 [Times: user=0.27 sys=0.00, real=0.14 secs] 
2016-08-31T08:29:32.561+0200: 68022.696: [GC pause (young), 0.1479470 secs]
   [Parallel Time: 140.6 ms, GC Workers: 2]
      [GC Worker Start (ms): Min: 68022696.8, Avg: 68022696.9, Max: 68022696.9, Diff: 0.0]
      [Ext Root Scanning (ms): Min: 49.9, Avg: 52.8, Max: 55.8, Diff: 5.9, Sum: 105.7]
      [Update RS (ms): Min: 25.8, Avg: 28.8, Max: 31.9, Diff: 6.1, Sum: 57.7]
         [Processed Buffers: Min: 285, Avg: 304.0, Max: 323, Diff: 38, Sum: 608]
      [Scan RS (ms): Min: 8.4, Avg: 13.9, Max: 19.4, Diff: 11.0, Sum: 27.8]
      [Code Root Scanning (ms): Min: 0.1, Avg: 0.1, Max: 0.1, Diff: 0.1, Sum: 0.2]
      [Object Copy (ms): Min: 37.0, Avg: 42.6, Max: 48.2, Diff: 11.2, Sum: 85.2]
      [Termination (ms): Min: 0.0, Avg: 0.0, Max: 0.0, Diff: 0.0, Sum: 0.0]
      [GC Worker Other (ms): Min: 0.0, Avg: 0.1, Max: 0.2, Diff: 0.1, Sum: 0.2]
      [GC Worker Total (ms): Min: 138.4, Avg: 138.4, Max: 138.4, Diff: 0.0, Sum: 276.8]
      [GC Worker End (ms): Min: 68022835.2, Avg: 68022835.3, Max: 68022835.3, Diff: 0.0]
   [Code Root Fixup: 0.5 ms]
   [Code Root Migration: 0.0 ms]
   [Clear CT: 0.3 ms]
   [Other: 6.5 ms]
      [Choose CSet: 0.0 ms]
      [Ref Proc: 2.8 ms]
      [Ref Enq: 0.2 ms]
      [Free CSet: 1.0 ms]
   [Eden: 268.0M(268.0M)->0.0B(320.0M) Survivors: 28.0M->22.0M Heap: 1231.0M(4096.0M)->970.0M(4096.0M)]
 [Times: user=0.25 sys=0.00, real=0.15 secs] 
2016-08-31T08:29:52.046+0200: 68042.180: [GC pause (young), 0.1459510 secs]
   [Parallel Time: 136.2 ms, GC Workers: 2]
      [GC Worker Start (ms): Min: 68042181.4, Avg: 68042181.4, Max: 68042181.5, Diff: 0.0]
      [Ext Root Scanning (ms): Min: 49.2, Avg: 49.3, Max: 49.3, Diff: 0.2, Sum: 98.5]
      [Update RS (ms): Min: 33.1, Avg: 33.3, Max: 33.5, Diff: 0.4, Sum: 66.6]
         [Processed Buffers: Min: 275, Avg: 321.5, Max: 368, Diff: 93, Sum: 643]
      [Scan RS (ms): Min: 8.5, Avg: 8.8, Max: 9.1, Diff: 0.5, Sum: 17.6]
      [Code Root Scanning (ms): Min: 0.1, Avg: 0.1, Max: 0.1, Diff: 0.0, Sum: 0.2]
      [Object Copy (ms): Min: 44.5, Avg: 44.5, Max: 44.5, Diff: 0.0, Sum: 89.1]
      [Termination (ms): Min: 0.0, Avg: 0.0, Max: 0.0, Diff: 0.0, Sum: 0.0]
      [GC Worker Other (ms): Min: 0.2, Avg: 0.2, Max: 0.2, Diff: 0.0, Sum: 0.3]
      [GC Worker Total (ms): Min: 136.1, Avg: 136.1, Max: 136.1, Diff: 0.0, Sum: 272.2]
      [GC Worker End (ms): Min: 68042317.6, Avg: 68042317.6, Max: 68042317.6, Diff: 0.0]
   [Code Root Fixup: 0.4 ms]
   [Code Root Migration: 0.1 ms]
   [Clear CT: 0.4 ms]
   [Other: 8.8 ms]
      [Choose CSet: 0.0 ms]
      [Ref Proc: 4.8 ms]
      [Ref Enq: 0.3 ms]
      [Free CSet: 1.1 ms]
   [Eden: 320.0M(320.0M)->0.0B(438.0M) Survivors: 22.0M->44.0M Heap: 1290.0M(4096.0M)->995.0M(4096.0M)]
 [Times: user=0.28 sys=0.00, real=0.14 secs] 
2016-08-31T08:30:17.582+0200: 68067.717: [GC pause (young), 0.1835200 secs]
   [Parallel Time: 169.5 ms, GC Workers: 2]
      [GC Worker Start (ms): Min: 68067720.2, Avg: 68067720.8, Max: 68067721.5, Diff: 1.2]
      [Ext Root Scanning (ms): Min: 51.1, Avg: 51.3, Max: 51.5, Diff: 0.4, Sum: 102.6]
      [Update RS (ms): Min: 35.8, Avg: 36.7, Max: 37.7, Diff: 1.9, Sum: 73.5]
         [Processed Buffers: Min: 312, Avg: 334.5, Max: 357, Diff: 45, Sum: 669]
      [Scan RS (ms): Min: 13.3, Avg: 13.7, Max: 14.0, Diff: 0.7, Sum: 27.3]
      [Code Root Scanning (ms): Min: 0.1, Avg: 0.1, Max: 0.2, Diff: 0.1, Sum: 0.3]
      [Object Copy (ms): Min: 66.5, Avg: 66.8, Max: 67.0, Diff: 0.5, Sum: 133.6]
      [Termination (ms): Min: 0.0, Avg: 0.0, Max: 0.0, Diff: 0.0, Sum: 0.0]
      [GC Worker Other (ms): Min: 0.2, Avg: 0.2, Max: 0.2, Diff: 0.0, Sum: 0.3]
      [GC Worker Total (ms): Min: 168.1, Avg: 168.8, Max: 169.4, Diff: 1.2, Sum: 337.5]
      [GC Worker End (ms): Min: 68067889.6, Avg: 68067889.6, Max: 68067889.6, Diff: 0.0]
   [Code Root Fixup: 0.5 ms]
   [Code Root Migration: 0.1 ms]
   [Clear CT: 0.9 ms]
   [Other: 12.6 ms]
      [Choose CSet: 0.0 ms]
      [Ref Proc: 5.0 ms]
      [Ref Enq: 0.4 ms]
      [Free CSet: 1.9 ms]
   [Eden: 438.0M(438.0M)->0.0B(398.0M) Survivors: 44.0M->48.0M Heap: 1433.0M(4096.0M)->1022.0M(4096.0M)]
 [Times: user=0.35 sys=0.00, real=0.18 secs] 
2016-08-31T08:30:39.841+0200: 68089.976: [GC pause (young), 0.1628000 secs]
   [Parallel Time: 152.6 ms, GC Workers: 2]
      [GC Worker Start (ms): Min: 68089977.0, Avg: 68089978.5, Max: 68089979.9, Diff: 2.8]
      [Ext Root Scanning (ms): Min: 53.9, Avg: 54.1, Max: 54.3, Diff: 0.4, Sum: 108.2]
      [Update RS (ms): Min: 32.5, Avg: 32.6, Max: 32.8, Diff: 0.3, Sum: 65.2]
         [Processed Buffers: Min: 279, Avg: 300.5, Max: 322, Diff: 43, Sum: 601]
      [Scan RS (ms): Min: 10.7, Avg: 11.0, Max: 11.3, Diff: 0.6, Sum: 22.0]
      [Code Root Scanning (ms): Min: 0.1, Avg: 0.1, Max: 0.2, Diff: 0.1, Sum: 0.3]
      [Object Copy (ms): Min: 51.7, Avg: 53.1, Max: 54.4, Diff: 2.7, Sum: 106.1]
      [Termination (ms): Min: 0.0, Avg: 0.0, Max: 0.0, Diff: 0.0, Sum: 0.0]
      [GC Worker Other (ms): Min: 0.2, Avg: 0.2, Max: 0.2, Diff: 0.0, Sum: 0.3]
      [GC Worker Total (ms): Min: 149.7, Avg: 151.1, Max: 152.5, Diff: 2.8, Sum: 302.2]
      [GC Worker End (ms): Min: 68090129.5, Avg: 68090129.6, Max: 68090129.6, Diff: 0.0]
   [Code Root Fixup: 0.5 ms]
   [Code Root Migration: 0.1 ms]
   [Clear CT: 0.5 ms]
   [Other: 9.2 ms]
      [Choose CSet: 0.0 ms]
      [Ref Proc: 4.6 ms]
      [Ref Enq: 0.3 ms]
      [Free CSet: 1.3 ms]
   [Eden: 398.0M(398.0M)->0.0B(538.0M) Survivors: 48.0M->36.0M Heap: 1420.0M(4096.0M)->1030.0M(4096.0M)]
 [Times: user=0.30 sys=0.00, real=0.17 secs] 
2016-08-31T08:31:11.325+0200: 68121.460: [GC pause (young), 0.1693260 secs]
   [Parallel Time: 157.9 ms, GC Workers: 2]
      [GC Worker Start (ms): Min: 68121461.0, Avg: 68121461.0, Max: 68121461.0, Diff: 0.0]
      [Ext Root Scanning (ms): Min: 50.7, Avg: 53.1, Max: 55.5, Diff: 4.8, Sum: 106.1]
      [Update RS (ms): Min: 37.7, Avg: 40.1, Max: 42.4, Diff: 4.7, Sum: 80.2]
         [Processed Buffers: Min: 267, Avg: 285.0, Max: 303, Diff: 36, Sum: 570]
      [Scan RS (ms): Min: 12.4, Avg: 12.7, Max: 13.0, Diff: 0.6, Sum: 25.3]
      [Code Root Scanning (ms): Min: 0.2, Avg: 0.2, Max: 0.2, Diff: 0.1, Sum: 0.4]
      [Object Copy (ms): Min: 51.3, Avg: 51.7, Max: 52.0, Diff: 0.8, Sum: 103.3]
      [Termination (ms): Min: 0.0, Avg: 0.0, Max: 0.0, Diff: 0.0, Sum: 0.0]
      [GC Worker Other (ms): Min: 0.1, Avg: 0.1, Max: 0.2, Diff: 0.1, Sum: 0.3]
      [GC Worker Total (ms): Min: 157.8, Avg: 157.8, Max: 157.8, Diff: 0.0, Sum: 315.6]
      [GC Worker End (ms): Min: 68121618.8, Avg: 68121618.8, Max: 68121618.8, Diff: 0.0]
   [Code Root Fixup: 0.5 ms]
   [Code Root Migration: 0.1 ms]
   [Clear CT: 0.5 ms]
   [Other: 10.3 ms]
      [Choose CSet: 0.0 ms]
      [Ref Proc: 5.6 ms]
      [Ref Enq: 0.5 ms]
      [Free CSet: 1.6 ms]
   [Eden: 538.0M(538.0M)->0.0B(526.0M) Survivors: 36.0M->44.0M Heap: 1568.0M(4096.0M)->1039.0M(4096.0M)]
 [Times: user=0.33 sys=0.01, real=0.17 secs] 
2016-08-31T08:31:41.766+0200: 68151.901: [GC pause (young), 0.1696790 secs]
   [Parallel Time: 160.8 ms, GC Workers: 2]
      [GC Worker Start (ms): Min: 68151902.3, Avg: 68151902.3, Max: 68151902.3, Diff: 0.0]
      [Ext Root Scanning (ms): Min: 50.7, Avg: 51.1, Max: 51.5, Diff: 0.8, Sum: 102.2]
      [Update RS (ms): Min: 35.4, Avg: 36.0, Max: 36.5, Diff: 1.0, Sum: 71.9]
         [Processed Buffers: Min: 276, Avg: 308.0, Max: 340, Diff: 64, Sum: 616]
      [Scan RS (ms): Min: 15.6, Avg: 16.2, Max: 16.8, Diff: 1.2, Sum: 32.4]
      [Code Root Scanning (ms): Min: 0.1, Avg: 0.2, Max: 0.2, Diff: 0.1, Sum: 0.3]
      [Object Copy (ms): Min: 56.6, Avg: 57.1, Max: 57.7, Diff: 1.1, Sum: 114.2]
      [Termination (ms): Min: 0.0, Avg: 0.0, Max: 0.0, Diff: 0.0, Sum: 0.0]
      [GC Worker Other (ms): Min: 0.1, Avg: 0.1, Max: 0.2, Diff: 0.1, Sum: 0.3]
      [GC Worker Total (ms): Min: 160.7, Avg: 160.7, Max: 160.7, Diff: 0.0, Sum: 321.4]
      [GC Worker End (ms): Min: 68152063.0, Avg: 68152063.0, Max: 68152063.0, Diff: 0.0]
   [Code Root Fixup: 0.3 ms]
   [Code Root Migration: 0.1 ms]
   [Clear CT: 0.4 ms]
   [Other: 8.1 ms]
      [Choose CSet: 0.0 ms]
      [Ref Proc: 3.7 ms]
      [Ref Enq: 0.2 ms]
      [Free CSet: 1.4 ms]
   [Eden: 526.0M(526.0M)->0.0B(552.0M) Survivors: 44.0M->56.0M Heap: 1565.0M(4096.0M)->1062.0M(4096.0M)]
 [Times: user=0.33 sys=0.00, real=0.17 secs] 
2016-08-31T08:32:12.726+0200: 68182.861: [GC pause (young), 0.2108040 secs]
   [Parallel Time: 201.3 ms, GC Workers: 2]
      [GC Worker Start (ms): Min: 68182862.5, Avg: 68182862.5, Max: 68182862.5, Diff: 0.0]
      [Ext Root Scanning (ms): Min: 58.9, Avg: 61.8, Max: 64.7, Diff: 5.8, Sum: 123.7]
      [Update RS (ms): Min: 51.3, Avg: 52.2, Max: 53.1, Diff: 1.8, Sum: 104.5]
         [Processed Buffers: Min: 281, Avg: 333.0, Max: 385, Diff: 104, Sum: 666]
      [Scan RS (ms): Min: 17.5, Avg: 17.7, Max: 18.0, Diff: 0.6, Sum: 35.5]
      [Code Root Scanning (ms): Min: 0.1, Avg: 0.2, Max: 0.2, Diff: 0.1, Sum: 0.4]
      [Object Copy (ms): Min: 64.9, Avg: 69.0, Max: 73.1, Diff: 8.2, Sum: 138.0]
      [Termination (ms): Min: 0.0, Avg: 0.0, Max: 0.0, Diff: 0.0, Sum: 0.0]
      [GC Worker Other (ms): Min: 0.2, Avg: 0.2, Max: 0.2, Diff: 0.1, Sum: 0.4]
      [GC Worker Total (ms): Min: 201.2, Avg: 201.2, Max: 201.2, Diff: 0.0, Sum: 402.4]
      [GC Worker End (ms): Min: 68183063.6, Avg: 68183063.7, Max: 68183063.7, Diff: 0.0]
   [Code Root Fixup: 0.3 ms]
   [Code Root Migration: 0.1 ms]
   [Clear CT: 0.4 ms]
   [Other: 8.7 ms]
      [Choose CSet: 0.0 ms]
      [Ref Proc: 4.1 ms]
      [Ref Enq: 0.2 ms]
      [Free CSet: 1.3 ms]
   [Eden: 552.0M(552.0M)->0.0B(364.0M) Survivors: 56.0M->52.0M Heap: 1614.0M(4096.0M)->1085.0M(4096.0M)]
 [Times: user=0.36 sys=0.00, real=0.22 secs] 
2016-08-31T08:32:40.942+0200: 68211.077: [GC pause (young), 0.1480820 secs]
   [Parallel Time: 138.9 ms, GC Workers: 2]
      [GC Worker Start (ms): Min: 68211078.0, Avg: 68211078.1, Max: 68211078.1, Diff: 0.0]
      [Ext Root Scanning (ms): Min: 50.1, Avg: 50.2, Max: 50.3, Diff: 0.3, Sum: 100.4]
      [Update RS (ms): Min: 29.5, Avg: 29.6, Max: 29.6, Diff: 0.1, Sum: 59.1]
         [Processed Buffers: Min: 267, Avg: 281.0, Max: 295, Diff: 28, Sum: 562]
      [Scan RS (ms): Min: 12.3, Avg: 12.4, Max: 12.6, Diff: 0.3, Sum: 24.9]
      [Code Root Scanning (ms): Min: 0.1, Avg: 0.1, Max: 0.2, Diff: 0.1, Sum: 0.3]
      [Object Copy (ms): Min: 46.1, Avg: 46.3, Max: 46.5, Diff: 0.4, Sum: 92.6]
      [Termination (ms): Min: 0.0, Avg: 0.0, Max: 0.0, Diff: 0.0, Sum: 0.0]
      [GC Worker Other (ms): Min: 0.2, Avg: 0.2, Max: 0.2, Diff: 0.1, Sum: 0.4]
      [GC Worker Total (ms): Min: 138.8, Avg: 138.8, Max: 138.8, Diff: 0.0, Sum: 277.7]
      [GC Worker End (ms): Min: 68211216.9, Avg: 68211216.9, Max: 68211216.9, Diff: 0.0]
   [Code Root Fixup: 0.5 ms]
   [Code Root Migration: 0.1 ms]
   [Clear CT: 0.5 ms]
   [Other: 8.1 ms]
      [Choose CSet: 0.0 ms]
      [Ref Proc: 3.9 ms]
      [Ref Enq: 0.3 ms]
      [Free CSet: 1.2 ms]
   [Eden: 364.0M(364.0M)->0.0B(758.0M) Survivors: 52.0M->22.0M Heap: 1449.0M(4096.0M)->1078.0M(4096.0M)]
 [Times: user=0.29 sys=0.00, real=0.15 secs] 
2016-08-31T08:33:29.501+0200: 68259.635: [GC pause (young), 0.1780140 secs]
   [Parallel Time: 165.9 ms, GC Workers: 2]
      [GC Worker Start (ms): Min: 68259636.7, Avg: 68259636.7, Max: 68259636.7, Diff: 0.0]
      [Ext Root Scanning (ms): Min: 53.8, Avg: 56.3, Max: 58.8, Diff: 5.0, Sum: 112.6]
      [Update RS (ms): Min: 40.9, Avg: 43.7, Max: 46.4, Diff: 5.4, Sum: 87.3]
         [Processed Buffers: Min: 288, Avg: 293.0, Max: 298, Diff: 10, Sum: 586]
      [Scan RS (ms): Min: 14.5, Avg: 14.5, Max: 14.5, Diff: 0.0, Sum: 28.9]
      [Code Root Scanning (ms): Min: 0.2, Avg: 0.3, Max: 0.3, Diff: 0.1, Sum: 0.5]
      [Object Copy (ms): Min: 50.8, Avg: 51.0, Max: 51.2, Diff: 0.4, Sum: 102.0]
      [Termination (ms): Min: 0.0, Avg: 0.0, Max: 0.0, Diff: 0.0, Sum: 0.0]
      [GC Worker Other (ms): Min: 0.1, Avg: 0.2, Max: 0.2, Diff: 0.0, Sum: 0.3]
      [GC Worker Total (ms): Min: 165.8, Avg: 165.8, Max: 165.8, Diff: 0.0, Sum: 331.6]
      [GC Worker End (ms): Min: 68259802.5, Avg: 68259802.5, Max: 68259802.5, Diff: 0.0]
   [Code Root Fixup: 0.3 ms]
   [Code Root Migration: 0.1 ms]
   [Clear CT: 0.5 ms]
   [Other: 11.2 ms]
      [Choose CSet: 0.0 ms]
      [Ref Proc: 6.5 ms]
      [Ref Enq: 0.3 ms]
      [Free CSet: 1.7 ms]
   [Eden: 758.0M(758.0M)->0.0B(564.0M) Survivors: 22.0M->52.0M Heap: 1836.0M(4096.0M)->1108.0M(4096.0M)]
 [Times: user=0.33 sys=0.00, real=0.18 secs] 
2016-08-31T08:34:03.177+0200: 68293.312: [GC pause (young), 0.2050770 secs]
   [Parallel Time: 192.2 ms, GC Workers: 2]
      [GC Worker Start (ms): Min: 68293313.3, Avg: 68293315.3, Max: 68293317.2, Diff: 3.9]
      [Ext Root Scanning (ms): Min: 53.8, Avg: 55.8, Max: 57.7, Diff: 4.0, Sum: 111.5]
      [Update RS (ms): Min: 42.0, Avg: 42.1, Max: 42.3, Diff: 0.3, Sum: 84.3]
         [Processed Buffers: Min: 270, Avg: 284.0, Max: 298, Diff: 28, Sum: 568]
      [Scan RS (ms): Min: 17.6, Avg: 17.7, Max: 17.7, Diff: 0.1, Sum: 35.3]
      [Code Root Scanning (ms): Min: 0.1, Avg: 0.2, Max: 0.2, Diff: 0.1, Sum: 0.4]
      [Object Copy (ms): Min: 74.3, Avg: 74.3, Max: 74.3, Diff: 0.0, Sum: 148.5]
      [Termination (ms): Min: 0.0, Avg: 0.0, Max: 0.0, Diff: 0.0, Sum: 0.0]
      [GC Worker Other (ms): Min: 0.1, Avg: 0.2, Max: 0.2, Diff: 0.1, Sum: 0.3]
      [GC Worker Total (ms): Min: 188.2, Avg: 190.2, Max: 192.1, Diff: 3.9, Sum: 380.4]
      [GC Worker End (ms): Min: 68293505.5, Avg: 68293505.5, Max: 68293505.5, Diff: 0.0]
   [Code Root Fixup: 0.5 ms]
   [Code Root Migration: 0.1 ms]
   [Clear CT: 0.6 ms]
   [Other: 11.7 ms]
      [Choose CSet: 0.0 ms]
      [Ref Proc: 6.3 ms]
      [Ref Enq: 0.5 ms]
      [Free CSet: 1.7 ms]
   [Eden: 540.0M(352.0M)->0.0B(424.0M) Survivors: 52.0M->48.0M Heap: 1648.0M(4096.0M)->1131.0M(4096.0M)]
 [Times: user=0.38 sys=0.00, real=0.20 secs] 
2016-08-31T08:34:30.024+0200: 68320.158: [GC pause (young), 0.1516890 secs]
   [Parallel Time: 143.5 ms, GC Workers: 2]
      [GC Worker Start (ms): Min: 68320159.9, Avg: 68320159.9, Max: 68320159.9, Diff: 0.0]
      [Ext Root Scanning (ms): Min: 50.9, Avg: 51.1, Max: 51.4, Diff: 0.5, Sum: 102.3]
      [Update RS (ms): Min: 33.1, Avg: 33.7, Max: 34.2, Diff: 1.1, Sum: 67.3]
         [Processed Buffers: Min: 270, Avg: 277.0, Max: 284, Diff: 14, Sum: 554]
      [Scan RS (ms): Min: 13.3, Avg: 13.4, Max: 13.4, Diff: 0.0, Sum: 26.7]
      [Code Root Scanning (ms): Min: 0.1, Avg: 0.2, Max: 0.2, Diff: 0.1, Sum: 0.3]
      [Object Copy (ms): Min: 44.6, Avg: 44.9, Max: 45.2, Diff: 0.6, Sum: 89.8]
      [Termination (ms): Min: 0.0, Avg: 0.0, Max: 0.0, Diff: 0.0, Sum: 0.0]
      [GC Worker Other (ms): Min: 0.2, Avg: 0.2, Max: 0.2, Diff: 0.0, Sum: 0.4]
      [GC Worker Total (ms): Min: 143.4, Avg: 143.4, Max: 143.4, Diff: 0.0, Sum: 286.8]
      [GC Worker End (ms): Min: 68320303.3, Avg: 68320303.3, Max: 68320303.3, Diff: 0.0]
   [Code Root Fixup: 0.3 ms]
   [Code Root Migration: 0.1 ms]
   [Clear CT: 0.4 ms]
   [Other: 7.4 ms]
      [Choose CSet: 0.0 ms]
      [Ref Proc: 3.5 ms]
      [Ref Enq: 0.2 ms]
      [Free CSet: 1.1 ms]
   [Eden: 424.0M(424.0M)->0.0B(872.0M) Survivors: 48.0M->28.0M Heap: 1555.0M(4096.0M)->1132.0M(4096.0M)]
 [Times: user=0.30 sys=0.00, real=0.15 secs] 
2016-08-31T08:35:18.342+0200: 68368.476: [GC pause (young), 0.2042190 secs]
   [Parallel Time: 192.1 ms, GC Workers: 2]
      [GC Worker Start (ms): Min: 68368478.1, Avg: 68368478.1, Max: 68368478.1, Diff: 0.0]
      [Ext Root Scanning (ms): Min: 55.4, Avg: 56.8, Max: 58.2, Diff: 2.8, Sum: 113.7]
      [Update RS (ms): Min: 40.6, Avg: 45.0, Max: 49.4, Diff: 8.8, Sum: 89.9]
         [Processed Buffers: Min: 287, Avg: 345.5, Max: 404, Diff: 117, Sum: 691]
      [Scan RS (ms): Min: 13.9, Avg: 14.5, Max: 15.1, Diff: 1.2, Sum: 29.0]
      [Code Root Scanning (ms): Min: 0.2, Avg: 0.2, Max: 0.3, Diff: 0.1, Sum: 0.5]
      [Object Copy (ms): Min: 71.7, Avg: 75.3, Max: 78.9, Diff: 7.2, Sum: 150.6]
      [Termination (ms): Min: 0.0, Avg: 0.0, Max: 0.0, Diff: 0.0, Sum: 0.0]
      [GC Worker Other (ms): Min: 0.2, Avg: 0.2, Max: 0.2, Diff: 0.0, Sum: 0.4]
      [GC Worker Total (ms): Min: 192.0, Avg: 192.0, Max: 192.0, Diff: 0.0, Sum: 384.1]
      [GC Worker End (ms): Min: 68368670.1, Avg: 68368670.1, Max: 68368670.1, Diff: 0.0]
   [Code Root Fixup: 0.3 ms]
   [Code Root Migration: 0.1 ms]
   [Clear CT: 0.5 ms]
   [Other: 11.2 ms]
      [Choose CSet: 0.0 ms]
      [Ref Proc: 6.3 ms]
      [Ref Enq: 0.3 ms]
      [Free CSet: 1.6 ms]
   [Eden: 718.0M(644.0M)->0.0B(468.0M) Survivors: 28.0M->68.0M Heap: 1850.0M(4096.0M)->1171.0M(4096.0M)]
 [Times: user=0.37 sys=0.00, real=0.21 secs] 
2016-08-31T08:35:44.336+0200: 68394.470: [GC pause (young), 0.2138320 secs]
   [Parallel Time: 201.3 ms, GC Workers: 2]
      [GC Worker Start (ms): Min: 68394471.5, Avg: 68394471.6, Max: 68394471.6, Diff: 0.1]
      [Ext Root Scanning (ms): Min: 50.1, Avg: 50.2, Max: 50.4, Diff: 0.3, Sum: 100.4]
      [Update RS (ms): Min: 35.5, Avg: 35.5, Max: 35.6, Diff: 0.1, Sum: 71.0]
         [Processed Buffers: Min: 330, Avg: 336.0, Max: 342, Diff: 12, Sum: 672]
      [Scan RS (ms): Min: 16.3, Avg: 16.5, Max: 16.6, Diff: 0.3, Sum: 33.0]
      [Code Root Scanning (ms): Min: 0.1, Avg: 0.2, Max: 0.2, Diff: 0.1, Sum: 0.4]
      [Object Copy (ms): Min: 98.6, Avg: 98.6, Max: 98.6, Diff: 0.0, Sum: 197.1]
      [Termination (ms): Min: 0.0, Avg: 0.1, Max: 0.1, Diff: 0.1, Sum: 0.1]
      [GC Worker Other (ms): Min: 0.1, Avg: 0.2, Max: 0.2, Diff: 0.0, Sum: 0.3]
      [GC Worker Total (ms): Min: 201.2, Avg: 201.2, Max: 201.2, Diff: 0.0, Sum: 402.4]
      [GC Worker End (ms): Min: 68394672.7, Avg: 68394672.8, Max: 68394672.8, Diff: 0.0]
   [Code Root Fixup: 0.3 ms]
   [Code Root Migration: 0.1 ms]
   [Clear CT: 4.0 ms]
   [Other: 8.2 ms]
      [Choose CSet: 0.0 ms]
      [Ref Proc: 3.8 ms]
      [Ref Enq: 0.2 ms]
      [Free CSet: 1.2 ms]
   [Eden: 468.0M(468.0M)->0.0B(352.0M) Survivors: 68.0M->54.0M Heap: 1639.0M(4096.0M)->1187.0M(4096.0M)]
 [Times: user=0.36 sys=0.00, real=0.22 secs] 
2016-08-31T08:36:05.555+0200: 68415.690: [GC pause (young), 0.1562540 secs]
   [Parallel Time: 146.1 ms, GC Workers: 2]
      [GC Worker Start (ms): Min: 68415691.3, Avg: 68415692.0, Max: 68415692.6, Diff: 1.3]
      [Ext Root Scanning (ms): Min: 51.7, Avg: 52.4, Max: 53.0, Diff: 1.4, Sum: 104.7]
      [Update RS (ms): Min: 31.5, Avg: 32.0, Max: 32.4, Diff: 0.9, Sum: 64.0]
         [Processed Buffers: Min: 283, Avg: 288.0, Max: 293, Diff: 10, Sum: 576]
      [Scan RS (ms): Min: 11.5, Avg: 11.9, Max: 12.4, Diff: 0.9, Sum: 23.9]
      [Code Root Scanning (ms): Min: 0.1, Avg: 0.1, Max: 0.1, Diff: 0.1, Sum: 0.2]
      [Object Copy (ms): Min: 48.7, Avg: 48.7, Max: 48.8, Diff: 0.2, Sum: 97.5]
      [Termination (ms): Min: 0.0, Avg: 0.0, Max: 0.0, Diff: 0.0, Sum: 0.0]
      [GC Worker Other (ms): Min: 0.2, Avg: 0.2, Max: 0.2, Diff: 0.0, Sum: 0.4]
      [GC Worker Total (ms): Min: 144.7, Avg: 145.3, Max: 146.0, Diff: 1.3, Sum: 290.7]
      [GC Worker End (ms): Min: 68415837.3, Avg: 68415837.3, Max: 68415837.3, Diff: 0.0]
   [Code Root Fixup: 0.5 ms]
   [Code Root Migration: 0.1 ms]
   [Clear CT: 0.5 ms]
   [Other: 9.1 ms]
      [Choose CSet: 0.0 ms]
      [Ref Proc: 4.9 ms]
      [Ref Enq: 0.3 ms]
      [Free CSet: 1.2 ms]
   [Eden: 352.0M(352.0M)->0.0B(620.0M) Survivors: 54.0M->24.0M Heap: 1539.0M(4096.0M)->1183.0M(4096.0M)]
 [Times: user=0.31 sys=0.00, real=0.16 secs] 
2016-08-31T08:36:41.269+0200: 68451.404: [GC pause (young), 0.1768590 secs]
   [Parallel Time: 163.7 ms, GC Workers: 2]
      [GC Worker Start (ms): Min: 68451405.7, Avg: 68451405.7, Max: 68451405.7, Diff: 0.0]
      [Ext Root Scanning (ms): Min: 55.1, Avg: 57.2, Max: 59.3, Diff: 4.2, Sum: 114.4]
      [Update RS (ms): Min: 40.9, Avg: 44.1, Max: 47.3, Diff: 6.4, Sum: 88.3]
         [Processed Buffers: Min: 304, Avg: 310.0, Max: 316, Diff: 12, Sum: 620]
      [Scan RS (ms): Min: 12.7, Avg: 12.8, Max: 12.9, Diff: 0.1, Sum: 25.6]
      [Code Root Scanning (ms): Min: 0.2, Avg: 0.2, Max: 0.3, Diff: 0.1, Sum: 0.5]
      [Object Copy (ms): Min: 47.9, Avg: 49.0, Max: 50.2, Diff: 2.3, Sum: 98.1]
      [Termination (ms): Min: 0.0, Avg: 0.0, Max: 0.0, Diff: 0.0, Sum: 0.0]
      [GC Worker Other (ms): Min: 0.2, Avg: 0.2, Max: 0.2, Diff: 0.0, Sum: 0.4]
      [GC Worker Total (ms): Min: 163.5, Avg: 163.5, Max: 163.6, Diff: 0.0, Sum: 327.1]
      [GC Worker End (ms): Min: 68451569.2, Avg: 68451569.2, Max: 68451569.2, Diff: 0.0]
   [Code Root Fixup: 0.4 ms]
   [Code Root Migration: 0.1 ms]
   [Clear CT: 0.6 ms]
   [Other: 12.0 ms]
      [Choose CSet: 0.0 ms]
      [Ref Proc: 6.4 ms]
      [Ref Enq: 0.6 ms]
      [Free CSet: 1.7 ms]
   [Eden: 620.0M(620.0M)->0.0B(508.0M) Survivors: 24.0M->52.0M Heap: 1803.0M(4096.0M)->1211.0M(4096.0M)]
 [Times: user=0.34 sys=0.01, real=0.17 secs] 
2016-08-31T08:37:08.352+0200: 68478.486: [GC pause (young), 0.1789180 secs]
   [Parallel Time: 167.0 ms, GC Workers: 2]
      [GC Worker Start (ms): Min: 68478487.5, Avg: 68478487.5, Max: 68478487.5, Diff: 0.1]
      [Ext Root Scanning (ms): Min: 50.7, Avg: 51.3, Max: 51.8, Diff: 1.1, Sum: 102.5]
      [Update RS (ms): Min: 33.3, Avg: 33.5, Max: 33.6, Diff: 0.3, Sum: 66.9]
         [Processed Buffers: Min: 272, Avg: 289.0, Max: 306, Diff: 34, Sum: 578]
      [Scan RS (ms): Min: 15.8, Avg: 15.8, Max: 15.8, Diff: 0.0, Sum: 31.5]
      [Code Root Scanning (ms): Min: 0.2, Avg: 0.2, Max: 0.2, Diff: 0.0, Sum: 0.4]
      [Object Copy (ms): Min: 65.6, Avg: 66.0, Max: 66.3, Diff: 0.7, Sum: 132.0]
      [Termination (ms): Min: 0.0, Avg: 0.0, Max: 0.0, Diff: 0.0, Sum: 0.0]
      [GC Worker Other (ms): Min: 0.2, Avg: 0.2, Max: 0.2, Diff: 0.1, Sum: 0.4]
      [GC Worker Total (ms): Min: 166.8, Avg: 166.8, Max: 166.9, Diff: 0.1, Sum: 333.7]
      [GC Worker End (ms): Min: 68478654.3, Avg: 68478654.3, Max: 68478654.3, Diff: 0.0]
   [Code Root Fixup: 0.4 ms]
   [Code Root Migration: 0.1 ms]
   [Clear CT: 0.5 ms]
   [Other: 11.0 ms]
      [Choose CSet: 0.0 ms]
      [Ref Proc: 6.8 ms]
      [Ref Enq: 0.2 ms]
      [Free CSet: 1.2 ms]
   [Eden: 468.0M(344.0M)->0.0B(634.0M) Survivors: 52.0M->32.0M Heap: 1679.0M(4096.0M)->1219.0M(4096.0M)]
 [Times: user=0.33 sys=0.00, real=0.17 secs] 
2016-08-31T08:37:48.888+0200: 68519.022: [GC pause (young), 0.1292380 secs]
   [Parallel Time: 121.1 ms, GC Workers: 2]
      [GC Worker Start (ms): Min: 68519023.4, Avg: 68519023.4, Max: 68519023.4, Diff: 0.0]
      [Ext Root Scanning (ms): Min: 28.4, Avg: 36.5, Max: 44.6, Diff: 16.3, Sum: 73.0]
      [Update RS (ms): Min: 18.4, Avg: 27.7, Max: 36.9, Diff: 18.5, Sum: 55.3]
         [Processed Buffers: Min: 125, Avg: 362.5, Max: 600, Diff: 475, Sum: 725]
      [Scan RS (ms): Min: 9.3, Avg: 9.3, Max: 9.4, Diff: 0.0, Sum: 18.7]
      [Code Root Scanning (ms): Min: 0.1, Avg: 0.1, Max: 0.2, Diff: 0.0, Sum: 0.3]
      [Object Copy (ms): Min: 46.1, Avg: 47.2, Max: 48.4, Diff: 2.3, Sum: 94.5]
      [Termination (ms): Min: 0.0, Avg: 0.0, Max: 0.0, Diff: 0.0, Sum: 0.0]
      [GC Worker Other (ms): Min: 0.1, Avg: 0.1, Max: 0.1, Diff: 0.0, Sum: 0.2]
      [GC Worker Total (ms): Min: 121.0, Avg: 121.0, Max: 121.0, Diff: 0.0, Sum: 242.1]
      [GC Worker End (ms): Min: 68519144.4, Avg: 68519144.4, Max: 68519144.4, Diff: 0.0]
   [Code Root Fixup: 0.3 ms]
   [Code Root Migration: 0.1 ms]
   [Clear CT: 0.4 ms]
   [Other: 7.4 ms]
      [Choose CSet: 0.0 ms]
      [Ref Proc: 4.0 ms]
      [Ref Enq: 0.3 ms]
      [Free CSet: 1.1 ms]
   [Eden: 634.0M(634.0M)->0.0B(590.0M) Survivors: 32.0M->74.0M Heap: 1853.0M(4096.0M)->1260.0M(4096.0M)]
 [Times: user=0.25 sys=0.00, real=0.12 secs] 
2016-08-31T08:38:17.374+0200: 68547.509: [GC pause (young), 0.2614110 secs]
   [Parallel Time: 250.9 ms, GC Workers: 2]
      [GC Worker Start (ms): Min: 68547511.4, Avg: 68547511.4, Max: 68547511.4, Diff: 0.0]
      [Ext Root Scanning (ms): Min: 69.5, Avg: 70.2, Max: 70.9, Diff: 1.4, Sum: 140.3]
      [Update RS (ms): Min: 70.7, Avg: 71.1, Max: 71.6, Diff: 0.9, Sum: 142.3]
         [Processed Buffers: Min: 293, Avg: 336.0, Max: 379, Diff: 86, Sum: 672]
      [Scan RS (ms): Min: 22.4, Avg: 24.9, Max: 27.4, Diff: 5.0, Sum: 49.8]
      [Code Root Scanning (ms): Min: 0.1, Avg: 0.1, Max: 0.1, Diff: 0.1, Sum: 0.2]
      [Object Copy (ms): Min: 80.6, Avg: 84.3, Max: 88.1, Diff: 7.5, Sum: 168.7]
      [Termination (ms): Min: 0.0, Avg: 0.1, Max: 0.1, Diff: 0.1, Sum: 0.1]
      [GC Worker Other (ms): Min: 0.1, Avg: 0.1, Max: 0.2, Diff: 0.0, Sum: 0.3]
      [GC Worker Total (ms): Min: 250.8, Avg: 250.8, Max: 250.9, Diff: 0.0, Sum: 501.7]
      [GC Worker End (ms): Min: 68547762.3, Avg: 68547762.3, Max: 68547762.3, Diff: 0.0]
   [Code Root Fixup: 0.4 ms]
   [Code Root Migration: 0.1 ms]
   [Clear CT: 0.6 ms]
   [Other: 9.4 ms]
      [Choose CSet: 0.0 ms]
      [Ref Proc: 4.3 ms]
      [Ref Enq: 0.2 ms]
      [Free CSet: 1.0 ms]
   [Eden: 478.0M(412.0M)->0.0B(182.0M) Survivors: 74.0M->46.0M Heap: 1738.0M(4096.0M)->1266.0M(4096.0M)]
 [Times: user=0.30 sys=0.00, real=0.26 secs] 
2016-08-31T08:38:27.133+0200: 68557.267: [GC pause (young), 0.1480220 secs]
   [Parallel Time: 141.9 ms, GC Workers: 2]
      [GC Worker Start (ms): Min: 68557268.7, Avg: 68557269.5, Max: 68557270.3, Diff: 1.5]
      [Ext Root Scanning (ms): Min: 50.2, Avg: 51.1, Max: 52.0, Diff: 1.8, Sum: 102.2]
      [Update RS (ms): Min: 28.6, Avg: 28.7, Max: 28.8, Diff: 0.3, Sum: 57.4]
         [Processed Buffers: Min: 284, Avg: 297.0, Max: 310, Diff: 26, Sum: 594]
      [Scan RS (ms): Min: 10.0, Avg: 10.4, Max: 10.7, Diff: 0.7, Sum: 20.7]
      [Code Root Scanning (ms): Min: 0.1, Avg: 0.1, Max: 0.1, Diff: 0.0, Sum: 0.1]
      [Object Copy (ms): Min: 50.6, Avg: 50.7, Max: 50.7, Diff: 0.1, Sum: 101.4]
      [Termination (ms): Min: 0.0, Avg: 0.0, Max: 0.0, Diff: 0.0, Sum: 0.0]
      [GC Worker Other (ms): Min: 0.2, Avg: 0.2, Max: 0.2, Diff: 0.0, Sum: 0.4]
      [GC Worker Total (ms): Min: 140.3, Avg: 141.1, Max: 141.8, Diff: 1.5, Sum: 282.1]
      [GC Worker End (ms): Min: 68557410.5, Avg: 68557410.5, Max: 68557410.5, Diff: 0.0]
   [Code Root Fixup: 0.3 ms]
   [Code Root Migration: 0.0 ms]
   [Clear CT: 0.6 ms]
   [Other: 5.3 ms]
      [Choose CSet: 0.0 ms]
      [Ref Proc: 1.8 ms]
      [Ref Enq: 0.1 ms]
      [Free CSet: 0.6 ms]
   [Eden: 182.0M(182.0M)->0.0B(412.0M) Survivors: 46.0M->20.0M Heap: 1448.0M(4096.0M)->1266.0M(4096.0M)]
 [Times: user=0.27 sys=0.00, real=0.15 secs] 
2016-08-31T08:38:48.965+0200: 68579.100: [GC pause (young), 0.1087070 secs]
   [Parallel Time: 97.4 ms, GC Workers: 2]
      [GC Worker Start (ms): Min: 68579100.9, Avg: 68579100.9, Max: 68579100.9, Diff: 0.0]
      [Ext Root Scanning (ms): Min: 35.5, Avg: 37.7, Max: 39.8, Diff: 4.3, Sum: 75.4]
      [Update RS (ms): Min: 19.9, Avg: 23.0, Max: 26.1, Diff: 6.2, Sum: 46.0]
         [Processed Buffers: Min: 242, Avg: 370.5, Max: 499, Diff: 257, Sum: 741]
      [Scan RS (ms): Min: 4.5, Avg: 4.8, Max: 5.0, Diff: 0.5, Sum: 9.5]
      [Code Root Scanning (ms): Min: 0.1, Avg: 0.1, Max: 0.1, Diff: 0.1, Sum: 0.2]
      [Object Copy (ms): Min: 30.5, Avg: 31.7, Max: 32.8, Diff: 2.4, Sum: 63.3]
      [Termination (ms): Min: 0.0, Avg: 0.0, Max: 0.0, Diff: 0.0, Sum: 0.0]
      [GC Worker Other (ms): Min: 0.1, Avg: 0.1, Max: 0.1, Diff: 0.0, Sum: 0.2]
      [GC Worker Total (ms): Min: 97.3, Avg: 97.3, Max: 97.3, Diff: 0.0, Sum: 194.6]
      [GC Worker End (ms): Min: 68579198.2, Avg: 68579198.2, Max: 68579198.2, Diff: 0.0]
   [Code Root Fixup: 0.5 ms]
   [Code Root Migration: 0.0 ms]
   [Clear CT: 0.3 ms]
   [Other: 10.4 ms]
      [Choose CSet: 0.0 ms]
      [Ref Proc: 6.8 ms]
      [Ref Enq: 0.4 ms]
      [Free CSet: 0.9 ms]
   [Eden: 412.0M(412.0M)->0.0B(522.0M) Survivors: 20.0M->54.0M Heap: 1678.0M(4096.0M)->1303.0M(4096.0M)]
 [Times: user=0.20 sys=0.00, real=0.11 secs] 
2016-08-31T08:39:13.067+0200: 68603.202: [GC pause (young), 0.1734600 secs]
   [Parallel Time: 163.0 ms, GC Workers: 2]
      [GC Worker Start (ms): Min: 68603203.1, Avg: 68603203.2, Max: 68603203.2, Diff: 0.0]
      [Ext Root Scanning (ms): Min: 50.3, Avg: 50.6, Max: 50.8, Diff: 0.5, Sum: 101.1]
      [Update RS (ms): Min: 35.8, Avg: 36.2, Max: 36.6, Diff: 0.8, Sum: 72.3]
         [Processed Buffers: Min: 311, Avg: 332.5, Max: 354, Diff: 43, Sum: 665]
      [Scan RS (ms): Min: 13.0, Avg: 13.3, Max: 13.6, Diff: 0.6, Sum: 26.6]
      [Code Root Scanning (ms): Min: 0.1, Avg: 0.2, Max: 0.2, Diff: 0.0, Sum: 0.3]
      [Object Copy (ms): Min: 62.5, Avg: 62.6, Max: 62.7, Diff: 0.2, Sum: 125.1]
      [Termination (ms): Min: 0.0, Avg: 0.0, Max: 0.0, Diff: 0.0, Sum: 0.0]
      [GC Worker Other (ms): Min: 0.1, Avg: 0.1, Max: 0.2, Diff: 0.1, Sum: 0.2]
      [GC Worker Total (ms): Min: 162.9, Avg: 162.9, Max: 162.9, Diff: 0.0, Sum: 325.8]
      [GC Worker End (ms): Min: 68603366.1, Avg: 68603366.1, Max: 68603366.1, Diff: 0.0]
   [Code Root Fixup: 0.5 ms]
   [Code Root Migration: 0.1 ms]
   [Clear CT: 0.5 ms]
   [Other: 9.4 ms]
      [Choose CSet: 0.0 ms]
      [Ref Proc: 4.7 ms]
      [Ref Enq: 0.4 ms]
      [Free CSet: 1.3 ms]
   [Eden: 406.0M(312.0M)->0.0B(578.0M) Survivors: 54.0M->42.0M Heap: 1709.0M(4096.0M)->1319.0M(4096.0M)]
 [Times: user=0.33 sys=0.00, real=0.18 secs] 
2016-08-31T08:39:40.362+0200: 68630.496: [GC pause (young), 0.1678830 secs]
   [Parallel Time: 157.1 ms, GC Workers: 2]
      [GC Worker Start (ms): Min: 68630498.0, Avg: 68630498.0, Max: 68630498.0, Diff: 0.0]
      [Ext Root Scanning (ms): Min: 50.9, Avg: 51.2, Max: 51.5, Diff: 0.6, Sum: 102.4]
      [Update RS (ms): Min: 33.9, Avg: 34.1, Max: 34.3, Diff: 0.4, Sum: 68.2]
         [Processed Buffers: Min: 304, Avg: 305.0, Max: 306, Diff: 2, Sum: 610]
      [Scan RS (ms): Min: 11.9, Avg: 11.9, Max: 12.0, Diff: 0.1, Sum: 23.9]
      [Code Root Scanning (ms): Min: 0.1, Avg: 0.2, Max: 0.2, Diff: 0.1, Sum: 0.3]
      [Object Copy (ms): Min: 58.8, Avg: 59.3, Max: 59.8, Diff: 1.0, Sum: 118.6]
      [Termination (ms): Min: 0.0, Avg: 0.0, Max: 0.0, Diff: 0.0, Sum: 0.0]
      [GC Worker Other (ms): Min: 0.2, Avg: 0.2, Max: 0.2, Diff: 0.0, Sum: 0.3]
      [GC Worker Total (ms): Min: 156.9, Avg: 156.9, Max: 156.9, Diff: 0.0, Sum: 313.8]
      [GC Worker End (ms): Min: 68630654.9, Avg: 68630654.9, Max: 68630654.9, Diff: 0.0]
   [Code Root Fixup: 0.5 ms]
   [Code Root Migration: 0.1 ms]
   [Clear CT: 0.4 ms]
   [Other: 9.8 ms]
      [Choose CSet: 0.0 ms]
      [Ref Proc: 5.7 ms]
      [Ref Enq: 0.2 ms]
      [Free CSet: 1.2 ms]
   [Eden: 470.0M(392.0M)->0.0B(624.0M) Survivors: 42.0M->38.0M Heap: 1789.0M(4096.0M)->1332.0M(4096.0M)]
 [Times: user=0.31 sys=0.00, real=0.17 secs] 
2016-08-31T08:40:11.848+0200: 68661.983: [GC pause (young), 0.1910930 secs]
   [Parallel Time: 180.2 ms, GC Workers: 2]
      [GC Worker Start (ms): Min: 68661984.2, Avg: 68661984.2, Max: 68661984.2, Diff: 0.0]
      [Ext Root Scanning (ms): Min: 52.4, Avg: 52.4, Max: 52.4, Diff: 0.0, Sum: 104.8]
      [Update RS (ms): Min: 39.9, Avg: 40.2, Max: 40.6, Diff: 0.7, Sum: 80.5]
         [Processed Buffers: Min: 323, Avg: 339.0, Max: 355, Diff: 32, Sum: 678]
      [Scan RS (ms): Min: 12.1, Avg: 12.7, Max: 13.4, Diff: 1.3, Sum: 25.5]
      [Code Root Scanning (ms): Min: 0.2, Avg: 0.2, Max: 0.2, Diff: 0.0, Sum: 0.4]
      [Object Copy (ms): Min: 72.6, Avg: 72.9, Max: 73.2, Diff: 0.6, Sum: 145.8]
      [Termination (ms): Min: 0.0, Avg: 0.0, Max: 0.0, Diff: 0.0, Sum: 0.0]
      [GC Worker Other (ms): Min: 0.2, Avg: 0.9, Max: 1.5, Diff: 1.4, Sum: 1.7]
      [GC Worker Total (ms): Min: 178.6, Avg: 179.3, Max: 180.1, Diff: 1.5, Sum: 358.6]
      [GC Worker End (ms): Min: 68662162.8, Avg: 68662163.5, Max: 68662164.2, Diff: 1.5]
   [Code Root Fixup: 0.3 ms]
   [Code Root Migration: 0.1 ms]
   [Clear CT: 0.8 ms]
   [Other: 9.8 ms]
      [Choose CSet: 0.0 ms]
      [Ref Proc: 5.4 ms]
      [Ref Enq: 0.3 ms]
      [Free CSet: 1.3 ms]
   [Eden: 554.0M(438.0M)->0.0B(428.0M) Survivors: 38.0M->48.0M Heap: 1886.0M(4096.0M)->1358.0M(4096.0M)]
 [Times: user=0.34 sys=0.00, real=0.20 secs] 
2016-08-31T08:40:36.931+0200: 68687.065: [GC pause (young), 0.1668170 secs]
   [Parallel Time: 156.0 ms, GC Workers: 2]
      [GC Worker Start (ms): Min: 68687067.2, Avg: 68687069.8, Max: 68687072.4, Diff: 5.2]
      [Ext Root Scanning (ms): Min: 48.6, Avg: 50.8, Max: 52.9, Diff: 4.3, Sum: 101.6]
      [Update RS (ms): Min: 37.4, Avg: 37.7, Max: 37.9, Diff: 0.4, Sum: 75.3]
         [Processed Buffers: Min: 297, Avg: 313.0, Max: 329, Diff: 32, Sum: 626]
      [Scan RS (ms): Min: 13.0, Avg: 13.0, Max: 13.1, Diff: 0.1, Sum: 26.1]
      [Code Root Scanning (ms): Min: 0.1, Avg: 0.2, Max: 0.2, Diff: 0.1, Sum: 0.3]
      [Object Copy (ms): Min: 51.4, Avg: 51.5, Max: 51.7, Diff: 0.3, Sum: 103.1]
      [Termination (ms): Min: 0.0, Avg: 0.0, Max: 0.0, Diff: 0.0, Sum: 0.0]
      [GC Worker Other (ms): Min: 0.1, Avg: 0.1, Max: 0.2, Diff: 0.1, Sum: 0.3]
      [GC Worker Total (ms): Min: 150.7, Avg: 153.3, Max: 156.0, Diff: 5.2, Sum: 306.7]
      [GC Worker End (ms): Min: 68687223.1, Avg: 68687223.1, Max: 68687223.1, Diff: 0.0]
   [Code Root Fixup: 0.6 ms]
   [Code Root Migration: 0.1 ms]
   [Clear CT: 0.9 ms]
   [Other: 9.3 ms]
      [Choose CSet: 0.0 ms]
      [Ref Proc: 4.6 ms]
      [Ref Enq: 0.4 ms]
      [Free CSet: 1.2 ms]
   [Eden: 428.0M(428.0M)->0.0B(660.0M) Survivors: 48.0M->34.0M Heap: 1786.0M(4096.0M)->1362.0M(4096.0M)]
 [Times: user=0.32 sys=0.00, real=0.17 secs] 
2016-08-31T08:41:03.864+0200: 68713.998: [GC pause (young), 0.1664330 secs]
   [Parallel Time: 157.5 ms, GC Workers: 2]
      [GC Worker Start (ms): Min: 68713999.7, Avg: 68713999.7, Max: 68713999.8, Diff: 0.0]
      [Ext Root Scanning (ms): Min: 52.3, Avg: 52.9, Max: 53.5, Diff: 1.2, Sum: 105.8]
      [Update RS (ms): Min: 41.4, Avg: 41.6, Max: 41.9, Diff: 0.5, Sum: 83.2]
         [Processed Buffers: Min: 274, Avg: 295.5, Max: 317, Diff: 43, Sum: 591]
      [Scan RS (ms): Min: 12.3, Avg: 12.4, Max: 12.6, Diff: 0.3, Sum: 24.9]
      [Code Root Scanning (ms): Min: 0.1, Avg: 0.2, Max: 0.2, Diff: 0.1, Sum: 0.3]
      [Object Copy (ms): Min: 49.6, Avg: 50.2, Max: 50.8, Diff: 1.2, Sum: 100.4]
      [Termination (ms): Min: 0.0, Avg: 0.0, Max: 0.0, Diff: 0.0, Sum: 0.0]
      [GC Worker Other (ms): Min: 0.1, Avg: 0.1, Max: 0.2, Diff: 0.1, Sum: 0.2]
      [GC Worker Total (ms): Min: 157.4, Avg: 157.4, Max: 157.4, Diff: 0.0, Sum: 314.9]
      [GC Worker End (ms): Min: 68714157.2, Avg: 68714157.2, Max: 68714157.2, Diff: 0.0]
   [Code Root Fixup: 0.3 ms]
   [Code Root Migration: 0.1 ms]
   [Clear CT: 0.5 ms]
   [Other: 8.1 ms]
      [Choose CSet: 0.0 ms]
      [Ref Proc: 3.9 ms]
      [Ref Enq: 0.2 ms]
      [Free CSet: 1.3 ms]
   [Eden: 494.0M(454.0M)->0.0B(608.0M) Survivors: 34.0M->48.0M Heap: 1856.0M(4096.0M)->1377.0M(4096.0M)]
 [Times: user=0.32 sys=0.00, real=0.17 secs] 
2016-08-31T08:41:28.741+0200: 68738.876: [GC pause (young), 0.1688720 secs]
   [Parallel Time: 160.8 ms, GC Workers: 2]
      [GC Worker Start (ms): Min: 68738877.1, Avg: 68738877.1, Max: 68738877.1, Diff: 0.0]
      [Ext Root Scanning (ms): Min: 53.2, Avg: 53.4, Max: 53.6, Diff: 0.4, Sum: 106.9]
      [Update RS (ms): Min: 34.0, Avg: 34.3, Max: 34.6, Diff: 0.5, Sum: 68.6]
         [Processed Buffers: Min: 271, Avg: 292.0, Max: 313, Diff: 42, Sum: 584]
      [Scan RS (ms): Min: 14.9, Avg: 15.0, Max: 15.1, Diff: 0.2, Sum: 30.1]
      [Code Root Scanning (ms): Min: 0.1, Avg: 0.2, Max: 0.2, Diff: 0.1, Sum: 0.3]
      [Object Copy (ms): Min: 57.5, Avg: 57.6, Max: 57.8, Diff: 0.3, Sum: 115.3]
      [Termination (ms): Min: 0.0, Avg: 0.0, Max: 0.0, Diff: 0.0, Sum: 0.0]
      [GC Worker Other (ms): Min: 0.1, Avg: 0.1, Max: 0.2, Diff: 0.1, Sum: 0.2]
      [GC Worker Total (ms): Min: 160.7, Avg: 160.7, Max: 160.7, Diff: 0.0, Sum: 321.4]
      [GC Worker End (ms): Min: 68739037.8, Avg: 68739037.8, Max: 68739037.8, Diff: 0.0]
   [Code Root Fixup: 0.3 ms]
   [Code Root Migration: 0.1 ms]
   [Clear CT: 0.5 ms]
   [Other: 7.2 ms]
      [Choose CSet: 0.0 ms]
      [Ref Proc: 3.0 ms]
      [Ref Enq: 0.2 ms]
      [Free CSet: 1.1 ms]
   [Eden: 404.0M(404.0M)->0.0B(752.0M) Survivors: 48.0M->34.0M Heap: 1781.0M(4096.0M)->1391.0M(4096.0M)]
 [Times: user=0.33 sys=0.00, real=0.16 secs] 
2016-08-31T08:42:02.602+0200: 68772.737: [GC pause (young), 0.1727490 secs]
   [Parallel Time: 159.0 ms, GC Workers: 2]
      [GC Worker Start (ms): Min: 68772738.1, Avg: 68772738.1, Max: 68772738.2, Diff: 0.0]
      [Ext Root Scanning (ms): Min: 49.8, Avg: 49.9, Max: 50.0, Diff: 0.3, Sum: 99.8]
      [Update RS (ms): Min: 39.2, Avg: 39.2, Max: 39.3, Diff: 0.1, Sum: 78.5]
         [Processed Buffers: Min: 274, Avg: 285.0, Max: 296, Diff: 22, Sum: 570]
      [Scan RS (ms): Min: 13.1, Avg: 13.1, Max: 13.1, Diff: 0.1, Sum: 26.2]
      [Code Root Scanning (ms): Min: 0.2, Avg: 0.2, Max: 0.2, Diff: 0.1, Sum: 0.4]
      [Object Copy (ms): Min: 56.2, Avg: 56.4, Max: 56.5, Diff: 0.3, Sum: 112.7]
      [Termination (ms): Min: 0.0, Avg: 0.0, Max: 0.0, Diff: 0.0, Sum: 0.0]
      [GC Worker Other (ms): Min: 0.1, Avg: 0.1, Max: 0.2, Diff: 0.1, Sum: 0.2]
      [GC Worker Total (ms): Min: 158.9, Avg: 158.9, Max: 158.9, Diff: 0.0, Sum: 317.8]
      [GC Worker End (ms): Min: 68772897.1, Avg: 68772897.1, Max: 68772897.1, Diff: 0.0]
   [Code Root Fixup: 0.5 ms]
   [Code Root Migration: 0.1 ms]
   [Clear CT: 0.6 ms]
   [Other: 12.6 ms]
      [Choose CSet: 0.0 ms]
      [Ref Proc: 7.5 ms]
      [Ref Enq: 0.5 ms]
      [Free CSet: 1.7 ms]
   [Eden: 576.0M(576.0M)->0.0B(648.0M) Survivors: 34.0M->52.0M Heap: 1967.0M(4096.0M)->1409.0M(4096.0M)]
 [Times: user=0.33 sys=0.00, real=0.18 secs] 
2016-08-31T08:42:31.587+0200: 68801.721: [GC pause (young), 0.1731460 secs]
   [Parallel Time: 163.0 ms, GC Workers: 2]
      [GC Worker Start (ms): Min: 68801722.3, Avg: 68801722.3, Max: 68801722.3, Diff: 0.0]
      [Ext Root Scanning (ms): Min: 51.1, Avg: 51.4, Max: 51.8, Diff: 0.7, Sum: 102.9]
      [Update RS (ms): Min: 33.4, Avg: 33.7, Max: 34.0, Diff: 0.7, Sum: 67.4]
         [Processed Buffers: Min: 251, Avg: 271.5, Max: 292, Diff: 41, Sum: 543]
      [Scan RS (ms): Min: 15.1, Avg: 15.7, Max: 16.2, Diff: 1.2, Sum: 31.3]
      [Code Root Scanning (ms): Min: 0.1, Avg: 0.2, Max: 0.2, Diff: 0.0, Sum: 0.3]
      [Object Copy (ms): Min: 61.7, Avg: 61.8, Max: 61.9, Diff: 0.2, Sum: 123.6]
      [Termination (ms): Min: 0.0, Avg: 0.0, Max: 0.0, Diff: 0.0, Sum: 0.0]
      [GC Worker Other (ms): Min: 0.2, Avg: 0.2, Max: 0.2, Diff: 0.0, Sum: 0.3]
      [GC Worker Total (ms): Min: 162.9, Avg: 162.9, Max: 162.9, Diff: 0.0, Sum: 325.9]
      [GC Worker End (ms): Min: 68801885.3, Avg: 68801885.3, Max: 68801885.3, Diff: 0.0]
   [Code Root Fixup: 0.5 ms]
   [Code Root Migration: 0.1 ms]
   [Clear CT: 0.6 ms]
   [Other: 9.0 ms]
      [Choose CSet: 0.0 ms]
      [Ref Proc: 4.4 ms]
      [Ref Enq: 0.3 ms]
      [Free CSet: 1.4 ms]
   [Eden: 440.0M(440.0M)->0.0B(826.0M) Survivors: 52.0M->32.0M Heap: 1849.0M(4096.0M)->1419.0M(4096.0M)]
 [Times: user=0.33 sys=0.00, real=0.17 secs] 
2016-08-31T08:43:11.467+0200: 68841.601: [GC pause (young), 0.1645900 secs]
   [Parallel Time: 155.8 ms, GC Workers: 2]
      [GC Worker Start (ms): Min: 68841602.9, Avg: 68841602.9, Max: 68841602.9, Diff: 0.0]
      [Ext Root Scanning (ms): Min: 59.8, Avg: 68.1, Max: 76.3, Diff: 16.5, Sum: 136.2]
      [Update RS (ms): Min: 21.0, Avg: 31.1, Max: 41.2, Diff: 20.1, Sum: 62.2]
         [Processed Buffers: Min: 143, Avg: 332.0, Max: 521, Diff: 378, Sum: 664]
      [Scan RS (ms): Min: 9.9, Avg: 10.0, Max: 10.2, Diff: 0.3, Sum: 20.1]
      [Code Root Scanning (ms): Min: 0.1, Avg: 0.2, Max: 0.2, Diff: 0.1, Sum: 0.3]
      [Object Copy (ms): Min: 44.3, Avg: 46.3, Max: 48.3, Diff: 4.0, Sum: 92.5]
      [Termination (ms): Min: 0.0, Avg: 0.0, Max: 0.0, Diff: 0.0, Sum: 0.0]
      [GC Worker Other (ms): Min: 0.1, Avg: 0.1, Max: 0.2, Diff: 0.1, Sum: 0.2]
      [GC Worker Total (ms): Min: 155.8, Avg: 155.8, Max: 155.8, Diff: 0.0, Sum: 311.6]
      [GC Worker End (ms): Min: 68841758.7, Avg: 68841758.7, Max: 68841758.7, Diff: 0.0]
   [Code Root Fixup: 0.3 ms]
   [Code Root Migration: 0.1 ms]
   [Clear CT: 0.4 ms]
   [Other: 8.0 ms]
      [Choose CSet: 0.0 ms]
      [Ref Proc: 3.9 ms]
      [Ref Enq: 0.3 ms]
      [Free CSet: 1.2 ms]
   [Eden: 634.0M(634.0M)->0.0B(592.0M) Survivors: 32.0M->64.0M Heap: 2053.0M(4096.0M)->1451.0M(4096.0M)]
 [Times: user=0.28 sys=0.00, real=0.16 secs] 
2016-08-31T08:43:36.391+0200: 68866.525: [GC pause (young), 0.1884910 secs]
   [Parallel Time: 178.2 ms, GC Workers: 2]
      [GC Worker Start (ms): Min: 68866527.6, Avg: 68866528.6, Max: 68866529.6, Diff: 1.9]
      [Ext Root Scanning (ms): Min: 51.5, Avg: 51.9, Max: 52.3, Diff: 0.8, Sum: 103.8]
      [Update RS (ms): Min: 30.9, Avg: 30.9, Max: 30.9, Diff: 0.1, Sum: 61.8]
         [Processed Buffers: Min: 281, Avg: 291.0, Max: 301, Diff: 20, Sum: 582]
      [Scan RS (ms): Min: 17.2, Avg: 22.2, Max: 27.3, Diff: 10.1, Sum: 44.4]
      [Code Root Scanning (ms): Min: 0.1, Avg: 0.2, Max: 0.2, Diff: 0.1, Sum: 0.3]
      [Object Copy (ms): Min: 66.1, Avg: 71.7, Max: 77.4, Diff: 11.4, Sum: 143.5]
      [Termination (ms): Min: 0.0, Avg: 0.0, Max: 0.0, Diff: 0.0, Sum: 0.0]
      [GC Worker Other (ms): Min: 0.1, Avg: 0.1, Max: 0.2, Diff: 0.1, Sum: 0.2]
      [GC Worker Total (ms): Min: 176.1, Avg: 177.1, Max: 178.0, Diff: 1.9, Sum: 354.1]
      [GC Worker End (ms): Min: 68866705.7, Avg: 68866705.7, Max: 68866705.7, Diff: 0.0]
   [Code Root Fixup: 0.5 ms]
   [Code Root Migration: 0.1 ms]
   [Clear CT: 0.5 ms]
   [Other: 9.2 ms]
      [Choose CSet: 0.0 ms]
      [Ref Proc: 4.2 ms]
      [Ref Enq: 0.2 ms]
      [Free CSet: 1.2 ms]
   [Eden: 424.0M(402.0M)->0.0B(586.0M) Survivors: 64.0M->34.0M Heap: 1875.0M(4096.0M)->1456.0M(4096.0M)]
 [Times: user=0.34 sys=0.00, real=0.18 secs] 
2016-08-31T08:44:09.300+0200: 68899.435: [GC pause (young), 0.1760070 secs]
   [Parallel Time: 162.7 ms, GC Workers: 2]
      [GC Worker Start (ms): Min: 68899436.4, Avg: 68899436.4, Max: 68899436.4, Diff: 0.0]
      [Ext Root Scanning (ms): Min: 52.0, Avg: 52.4, Max: 52.8, Diff: 0.8, Sum: 104.8]
      [Update RS (ms): Min: 40.1, Avg: 40.2, Max: 40.4, Diff: 0.2, Sum: 80.5]
         [Processed Buffers: Min: 292, Avg: 299.5, Max: 307, Diff: 15, Sum: 599]
      [Scan RS (ms): Min: 13.4, Avg: 13.7, Max: 14.0, Diff: 0.7, Sum: 27.4]
      [Code Root Scanning (ms): Min: 0.2, Avg: 0.2, Max: 0.2, Diff: 0.1, Sum: 0.4]
      [Object Copy (ms): Min: 55.8, Avg: 55.9, Max: 56.0, Diff: 0.1, Sum: 111.8]
      [Termination (ms): Min: 0.0, Avg: 0.0, Max: 0.0, Diff: 0.0, Sum: 0.0]
      [GC Worker Other (ms): Min: 0.2, Avg: 0.2, Max: 0.2, Diff: 0.0, Sum: 0.4]
      [GC Worker Total (ms): Min: 162.6, Avg: 162.6, Max: 162.6, Diff: 0.0, Sum: 325.2]
      [GC Worker End (ms): Min: 68899599.0, Avg: 68899599.0, Max: 68899599.0, Diff: 0.0]
   [Code Root Fixup: 0.4 ms]
   [Code Root Migration: 0.1 ms]
   [Clear CT: 0.6 ms]
   [Other: 12.2 ms]
      [Choose CSet: 0.0 ms]
      [Ref Proc: 6.6 ms]
      [Ref Enq: 0.6 ms]
      [Free CSet: 1.8 ms]
   [Eden: 586.0M(586.0M)->0.0B(530.0M) Survivors: 34.0M->52.0M Heap: 2042.0M(4096.0M)->1474.0M(4096.0M)]
 [Times: user=0.34 sys=0.00, real=0.18 secs] 
2016-08-31T08:44:35.462+0200: 68925.596: [GC pause (young), 0.1859000 secs]
   [Parallel Time: 176.2 ms, GC Workers: 2]
      [GC Worker Start (ms): Min: 68925597.6, Avg: 68925597.6, Max: 68925597.6, Diff: 0.0]
      [Ext Root Scanning (ms): Min: 53.1, Avg: 58.1, Max: 63.2, Diff: 10.1, Sum: 116.2]
      [Update RS (ms): Min: 31.3, Avg: 35.7, Max: 40.1, Diff: 8.8, Sum: 71.4]
         [Processed Buffers: Min: 267, Avg: 295.5, Max: 324, Diff: 57, Sum: 591]
      [Scan RS (ms): Min: 16.4, Avg: 16.4, Max: 16.4, Diff: 0.0, Sum: 32.8]
      [Code Root Scanning (ms): Min: 0.1, Avg: 0.2, Max: 0.2, Diff: 0.1, Sum: 0.3]
      [Object Copy (ms): Min: 64.9, Avg: 65.6, Max: 66.2, Diff: 1.3, Sum: 131.1]
      [Termination (ms): Min: 0.0, Avg: 0.0, Max: 0.0, Diff: 0.0, Sum: 0.0]
      [GC Worker Other (ms): Min: 0.2, Avg: 0.2, Max: 0.2, Diff: 0.0, Sum: 0.4]
      [GC Worker Total (ms): Min: 176.1, Avg: 176.1, Max: 176.1, Diff: 0.0, Sum: 352.2]
      [GC Worker End (ms): Min: 68925773.7, Avg: 68925773.7, Max: 68925773.7, Diff: 0.0]
   [Code Root Fixup: 0.4 ms]
   [Code Root Migration: 0.1 ms]
   [Clear CT: 0.5 ms]
   [Other: 8.7 ms]
      [Choose CSet: 0.0 ms]
      [Ref Proc: 4.4 ms]
      [Ref Enq: 0.2 ms]
      [Free CSet: 1.2 ms]
   [Eden: 476.0M(358.0M)->0.0B(566.0M) Survivors: 52.0M->40.0M Heap: 1950.0M(4096.0M)->1491.0M(4096.0M)]
 [Times: user=0.35 sys=0.00, real=0.18 secs] 
2016-08-31T08:45:07.591+0200: 68957.725: [GC pause (young), 0.1807850 secs]
   [Parallel Time: 167.8 ms, GC Workers: 2]
      [GC Worker Start (ms): Min: 68957726.7, Avg: 68957726.7, Max: 68957726.7, Diff: 0.0]
      [Ext Root Scanning (ms): Min: 50.2, Avg: 51.2, Max: 52.2, Diff: 2.0, Sum: 102.4]
      [Update RS (ms): Min: 41.5, Avg: 42.5, Max: 43.6, Diff: 2.1, Sum: 85.0]
         [Processed Buffers: Min: 281, Avg: 304.0, Max: 327, Diff: 46, Sum: 608]
      [Scan RS (ms): Min: 13.5, Avg: 13.5, Max: 13.5, Diff: 0.0, Sum: 27.0]
      [Code Root Scanning (ms): Min: 0.2, Avg: 0.2, Max: 0.3, Diff: 0.1, Sum: 0.4]
      [Object Copy (ms): Min: 60.1, Avg: 60.1, Max: 60.1, Diff: 0.0, Sum: 120.3]
      [Termination (ms): Min: 0.0, Avg: 0.0, Max: 0.0, Diff: 0.0, Sum: 0.0]
      [GC Worker Other (ms): Min: 0.1, Avg: 0.1, Max: 0.2, Diff: 0.1, Sum: 0.2]
      [GC Worker Total (ms): Min: 167.7, Avg: 167.7, Max: 167.7, Diff: 0.0, Sum: 335.4]
      [GC Worker End (ms): Min: 68957894.4, Avg: 68957894.4, Max: 68957894.4, Diff: 0.0]
   [Code Root Fixup: 0.5 ms]
   [Code Root Migration: 0.1 ms]
   [Clear CT: 0.6 ms]
   [Other: 11.8 ms]
      [Choose CSet: 0.0 ms]
      [Ref Proc: 6.7 ms]
      [Ref Enq: 0.5 ms]
      [Free CSet: 1.7 ms]
   [Eden: 566.0M(566.0M)->0.0B(500.0M) Survivors: 40.0M->60.0M Heap: 2057.0M(4096.0M)->1511.0M(4096.0M)]
 [Times: user=0.35 sys=0.00, real=0.18 secs] 
2016-08-31T08:45:32.832+0200: 68982.966: [GC pause (young), 0.1745830 secs]
   [Parallel Time: 164.0 ms, GC Workers: 2]
      [GC Worker Start (ms): Min: 68982967.6, Avg: 68982967.6, Max: 68982967.6, Diff: 0.1]
      [Ext Root Scanning (ms): Min: 52.9, Avg: 53.1, Max: 53.3, Diff: 0.4, Sum: 106.2]
      [Update RS (ms): Min: 31.3, Avg: 31.7, Max: 32.0, Diff: 0.6, Sum: 63.3]
         [Processed Buffers: Min: 261, Avg: 271.5, Max: 282, Diff: 21, Sum: 543]
      [Scan RS (ms): Min: 15.9, Avg: 16.1, Max: 16.3, Diff: 0.3, Sum: 32.2]
      [Code Root Scanning (ms): Min: 0.1, Avg: 0.2, Max: 0.2, Diff: 0.1, Sum: 0.4]
      [Object Copy (ms): Min: 62.7, Avg: 62.7, Max: 62.7, Diff: 0.0, Sum: 125.4]
      [Termination (ms): Min: 0.0, Avg: 0.0, Max: 0.0, Diff: 0.0, Sum: 0.0]
      [GC Worker Other (ms): Min: 0.2, Avg: 0.2, Max: 0.2, Diff: 0.0, Sum: 0.4]
      [GC Worker Total (ms): Min: 163.9, Avg: 163.9, Max: 164.0, Diff: 0.1, Sum: 327.9]
      [GC Worker End (ms): Min: 68983131.5, Avg: 68983131.5, Max: 68983131.5, Diff: 0.0]
   [Code Root Fixup: 0.4 ms]
   [Code Root Migration: 0.1 ms]
   [Clear CT: 0.6 ms]
   [Other: 9.5 ms]
      [Choose CSet: 0.0 ms]
      [Ref Proc: 4.7 ms]
      [Ref Enq: 0.4 ms]
      [Free CSet: 1.4 ms]
   [Eden: 452.0M(340.0M)->0.0B(642.0M) Survivors: 60.0M->34.0M Heap: 1963.0M(4096.0M)->1516.0M(4096.0M)]
 [Times: user=0.33 sys=0.01, real=0.17 secs] 
2016-08-31T08:46:06.441+0200: 69016.575: [GC pause (young), 0.2007920 secs]
   [Parallel Time: 187.3 ms, GC Workers: 2]
      [GC Worker Start (ms): Min: 69016577.2, Avg: 69016577.2, Max: 69016577.2, Diff: 0.0]
      [Ext Root Scanning (ms): Min: 58.6, Avg: 67.2, Max: 75.8, Diff: 17.2, Sum: 134.3]
      [Update RS (ms): Min: 28.9, Avg: 41.0, Max: 53.1, Diff: 24.2, Sum: 82.0]
         [Processed Buffers: Min: 204, Avg: 299.0, Max: 394, Diff: 190, Sum: 598]
      [Scan RS (ms): Min: 13.8, Avg: 13.9, Max: 14.0, Diff: 0.2, Sum: 27.7]
      [Code Root Scanning (ms): Min: 0.2, Avg: 0.2, Max: 0.2, Diff: 0.1, Sum: 0.4]
      [Object Copy (ms): Min: 61.2, Avg: 64.8, Max: 68.5, Diff: 7.3, Sum: 129.7]
      [Termination (ms): Min: 0.0, Avg: 0.0, Max: 0.0, Diff: 0.0, Sum: 0.0]
      [GC Worker Other (ms): Min: 0.1, Avg: 0.1, Max: 0.2, Diff: 0.1, Sum: 0.3]
      [GC Worker Total (ms): Min: 187.2, Avg: 187.2, Max: 187.2, Diff: 0.0, Sum: 374.4]
      [GC Worker End (ms): Min: 69016764.4, Avg: 69016764.4, Max: 69016764.4, Diff: 0.0]
   [Code Root Fixup: 0.5 ms]
   [Code Root Migration: 0.1 ms]
   [Clear CT: 1.0 ms]
   [Other: 11.9 ms]
      [Choose CSet: 0.0 ms]
      [Ref Proc: 7.3 ms]
      [Ref Enq: 0.3 ms]
      [Free CSet: 1.5 ms]
   [Eden: 584.0M(528.0M)->0.0B(428.0M) Survivors: 34.0M->56.0M Heap: 2100.0M(4096.0M)->1537.0M(4096.0M)]
 [Times: user=0.36 sys=0.00, real=0.20 secs] 
2016-08-31T08:46:29.220+0200: 69039.355: [GC pause (young), 0.1724220 secs]
   [Parallel Time: 163.1 ms, GC Workers: 2]
      [GC Worker Start (ms): Min: 69039356.6, Avg: 69039356.6, Max: 69039356.6, Diff: 0.0]
      [Ext Root Scanning (ms): Min: 49.9, Avg: 50.8, Max: 51.7, Diff: 1.7, Sum: 101.6]
      [Update RS (ms): Min: 33.5, Avg: 33.7, Max: 33.8, Diff: 0.3, Sum: 67.4]
         [Processed Buffers: Min: 241, Avg: 280.5, Max: 320, Diff: 79, Sum: 561]
      [Scan RS (ms): Min: 16.1, Avg: 16.2, Max: 16.3, Diff: 0.2, Sum: 32.5]
      [Code Root Scanning (ms): Min: 0.1, Avg: 0.2, Max: 0.2, Diff: 0.0, Sum: 0.3]
      [Object Copy (ms): Min: 61.3, Avg: 61.9, Max: 62.5, Diff: 1.2, Sum: 123.8]
      [Termination (ms): Min: 0.0, Avg: 0.0, Max: 0.0, Diff: 0.0, Sum: 0.0]
      [GC Worker Other (ms): Min: 0.2, Avg: 0.2, Max: 0.2, Diff: 0.0, Sum: 0.3]
      [GC Worker Total (ms): Min: 162.9, Avg: 163.0, Max: 163.0, Diff: 0.0, Sum: 325.9]
      [GC Worker End (ms): Min: 69039519.6, Avg: 69039519.6, Max: 69039519.6, Diff: 0.0]
   [Code Root Fixup: 0.4 ms]
   [Code Root Migration: 0.1 ms]
   [Clear CT: 0.5 ms]
   [Other: 8.3 ms]
      [Choose CSet: 0.0 ms]
      [Ref Proc: 4.0 ms]
      [Ref Enq: 0.2 ms]
      [Free CSet: 1.2 ms]
   [Eden: 418.0M(270.0M)->0.0B(564.0M) Survivors: 56.0M->34.0M Heap: 1955.0M(4096.0M)->1544.0M(4096.0M)]
 [Times: user=0.34 sys=0.00, real=0.17 secs] 
2016-08-31T08:47:01.761+0200: 69071.896: [GC pause (young), 0.1524280 secs]
   [Parallel Time: 143.6 ms, GC Workers: 2]
      [GC Worker Start (ms): Min: 69071897.3, Avg: 69071897.3, Max: 69071897.3, Diff: 0.0]
      [Ext Root Scanning (ms): Min: 46.1, Avg: 46.2, Max: 46.2, Diff: 0.0, Sum: 92.3]
      [Update RS (ms): Min: 36.4, Avg: 36.7, Max: 36.9, Diff: 0.5, Sum: 73.3]
         [Processed Buffers: Min: 293, Avg: 307.0, Max: 321, Diff: 28, Sum: 614]
      [Scan RS (ms): Min: 12.1, Avg: 12.3, Max: 12.5, Diff: 0.4, Sum: 24.6]
      [Code Root Scanning (ms): Min: 0.1, Avg: 0.2, Max: 0.2, Diff: 0.1, Sum: 0.4]
      [Object Copy (ms): Min: 47.9, Avg: 48.0, Max: 48.1, Diff: 0.2, Sum: 96.0]
      [Termination (ms): Min: 0.0, Avg: 0.0, Max: 0.0, Diff: 0.0, Sum: 0.0]
      [GC Worker Other (ms): Min: 0.1, Avg: 0.2, Max: 0.2, Diff: 0.0, Sum: 0.3]
      [GC Worker Total (ms): Min: 143.5, Avg: 143.5, Max: 143.5, Diff: 0.0, Sum: 286.9]
      [GC Worker End (ms): Min: 69072040.7, Avg: 69072040.7, Max: 69072040.8, Diff: 0.0]
   [Code Root Fixup: 0.2 ms]
   [Code Root Migration: 0.1 ms]
   [Clear CT: 0.4 ms]
   [Other: 8.1 ms]
      [Choose CSet: 0.0 ms]
      [Ref Proc: 4.1 ms]
      [Ref Enq: 0.2 ms]
      [Free CSet: 1.1 ms]
   [Eden: 564.0M(564.0M)->0.0B(606.0M) Survivors: 34.0M->56.0M Heap: 2108.0M(4096.0M)->1567.0M(4096.0M)]
 [Times: user=0.30 sys=0.00, real=0.16 secs] 
2016-08-31T08:47:27.051+0200: 69097.185: [GC pause (young), 0.1786740 secs]
   [Parallel Time: 167.6 ms, GC Workers: 2]
      [GC Worker Start (ms): Min: 69097186.6, Avg: 69097186.7, Max: 69097186.7, Diff: 0.1]
      [Ext Root Scanning (ms): Min: 50.4, Avg: 51.0, Max: 51.5, Diff: 1.1, Sum: 102.0]
      [Update RS (ms): Min: 34.5, Avg: 34.8, Max: 35.1, Diff: 0.7, Sum: 69.6]
         [Processed Buffers: Min: 263, Avg: 286.5, Max: 310, Diff: 47, Sum: 573]
      [Scan RS (ms): Min: 16.1, Avg: 16.3, Max: 16.6, Diff: 0.5, Sum: 32.7]
      [Code Root Scanning (ms): Min: 0.1, Avg: 0.2, Max: 0.2, Diff: 0.1, Sum: 0.3]
      [Object Copy (ms): Min: 64.5, Avg: 65.0, Max: 65.5, Diff: 0.9, Sum: 130.0]
      [Termination (ms): Min: 0.0, Avg: 0.0, Max: 0.0, Diff: 0.0, Sum: 0.0]
      [GC Worker Other (ms): Min: 0.2, Avg: 0.2, Max: 0.2, Diff: 0.0, Sum: 0.4]
      [GC Worker Total (ms): Min: 167.4, Avg: 167.5, Max: 167.5, Diff: 0.1, Sum: 334.9]
      [GC Worker End (ms): Min: 69097354.2, Avg: 69097354.2, Max: 69097354.2, Diff: 0.0]
   [Code Root Fixup: 0.5 ms]
   [Code Root Migration: 0.1 ms]
   [Clear CT: 0.6 ms]
   [Other: 9.9 ms]
      [Choose CSet: 0.0 ms]
      [Ref Proc: 5.0 ms]
      [Ref Enq: 0.4 ms]
      [Free CSet: 1.5 ms]
   [Eden: 444.0M(444.0M)->0.0B(712.0M) Survivors: 56.0M->38.0M Heap: 2011.0M(4096.0M)->1580.0M(4096.0M)]
 [Times: user=0.35 sys=0.00, real=0.18 secs] 
2016-08-31T08:48:00.663+0200: 69130.797: [GC pause (young), 0.1884950 secs]
   [Parallel Time: 174.0 ms, GC Workers: 2]
      [GC Worker Start (ms): Min: 69130799.0, Avg: 69130799.0, Max: 69130799.0, Diff: 0.0]
      [Ext Root Scanning (ms): Min: 50.2, Avg: 50.5, Max: 50.8, Diff: 0.6, Sum: 101.1]
      [Update RS (ms): Min: 44.9, Avg: 45.1, Max: 45.2, Diff: 0.3, Sum: 90.2]
         [Processed Buffers: Min: 300, Avg: 316.0, Max: 332, Diff: 32, Sum: 632]
      [Scan RS (ms): Min: 13.6, Avg: 13.7, Max: 13.7, Diff: 0.0, Sum: 27.3]
      [Code Root Scanning (ms): Min: 0.2, Avg: 0.2, Max: 0.3, Diff: 0.1, Sum: 0.5]
      [Object Copy (ms): Min: 63.8, Avg: 64.3, Max: 64.8, Diff: 1.0, Sum: 128.6]
      [Termination (ms): Min: 0.0, Avg: 0.0, Max: 0.0, Diff: 0.0, Sum: 0.0]
      [GC Worker Other (ms): Min: 0.1, Avg: 0.1, Max: 0.2, Diff: 0.1, Sum: 0.2]
      [GC Worker Total (ms): Min: 173.9, Avg: 173.9, Max: 173.9, Diff: 0.0, Sum: 347.9]
      [GC Worker End (ms): Min: 69130973.0, Avg: 69130973.0, Max: 69130973.0, Diff: 0.0]
   [Code Root Fixup: 0.5 ms]
   [Code Root Migration: 0.1 ms]
   [Clear CT: 0.6 ms]
   [Other: 13.2 ms]
      [Choose CSet: 0.0 ms]
      [Ref Proc: 7.8 ms]
      [Ref Enq: 0.6 ms]
      [Free CSet: 1.8 ms]
   [Eden: 618.0M(532.0M)->0.0B(524.0M) Survivors: 38.0M->70.0M Heap: 2198.0M(4096.0M)->1611.0M(4096.0M)]
 [Times: user=0.36 sys=0.00, real=0.19 secs] 
2016-08-31T08:48:24.623+0200: 69154.758: [GC pause (young), 0.1678770 secs]
   [Parallel Time: 160.0 ms, GC Workers: 2]
      [GC Worker Start (ms): Min: 69154759.3, Avg: 69154759.3, Max: 69154759.3, Diff: 0.0]
      [Ext Root Scanning (ms): Min: 50.1, Avg: 50.6, Max: 51.1, Diff: 1.0, Sum: 101.1]
      [Update RS (ms): Min: 33.9, Avg: 34.0, Max: 34.0, Diff: 0.1, Sum: 67.9]
         [Processed Buffers: Min: 287, Avg: 298.0, Max: 309, Diff: 22, Sum: 596]
      [Scan RS (ms): Min: 16.6, Avg: 16.6, Max: 16.7, Diff: 0.2, Sum: 33.3]
      [Code Root Scanning (ms): Min: 0.1, Avg: 0.2, Max: 0.2, Diff: 0.1, Sum: 0.3]
      [Object Copy (ms): Min: 57.9, Avg: 58.5, Max: 59.0, Diff: 1.1, Sum: 117.0]
      [Termination (ms): Min: 0.0, Avg: 0.0, Max: 0.0, Diff: 0.0, Sum: 0.0]
      [GC Worker Other (ms): Min: 0.1, Avg: 0.1, Max: 0.2, Diff: 0.1, Sum: 0.2]
      [GC Worker Total (ms): Min: 159.9, Avg: 159.9, Max: 159.9, Diff: 0.0, Sum: 319.9]
      [GC Worker End (ms): Min: 69154919.2, Avg: 69154919.2, Max: 69154919.2, Diff: 0.0]
   [Code Root Fixup: 0.3 ms]
   [Code Root Migration: 0.1 ms]
   [Clear CT: 0.4 ms]
   [Other: 7.1 ms]
      [Choose CSet: 0.0 ms]
      [Ref Proc: 3.1 ms]
      [Ref Enq: 0.2 ms]
      [Free CSet: 1.1 ms]
   [Eden: 426.0M(374.0M)->0.0B(712.0M) Survivors: 70.0M->38.0M Heap: 2037.0M(4096.0M)->1618.0M(4096.0M)]
 [Times: user=0.32 sys=0.01, real=0.17 secs] 
2016-08-31T08:48:55.576+0200: 69185.710: [GC pause (young), 0.1823550 secs]
   [Parallel Time: 167.9 ms, GC Workers: 2]
      [GC Worker Start (ms): Min: 69185711.8, Avg: 69185711.9, Max: 69185711.9, Diff: 0.0]
      [Ext Root Scanning (ms): Min: 51.2, Avg: 51.2, Max: 51.3, Diff: 0.1, Sum: 102.4]
      [Update RS (ms): Min: 42.0, Avg: 42.2, Max: 42.3, Diff: 0.4, Sum: 84.3]
         [Processed Buffers: Min: 326, Avg: 330.5, Max: 335, Diff: 9, Sum: 661]
      [Scan RS (ms): Min: 13.7, Avg: 14.1, Max: 14.5, Diff: 0.8, Sum: 28.2]
      [Code Root Scanning (ms): Min: 0.2, Avg: 0.2, Max: 0.2, Diff: 0.1, Sum: 0.4]
      [Object Copy (ms): Min: 59.3, Avg: 59.9, Max: 60.5, Diff: 1.2, Sum: 119.8]
      [Termination (ms): Min: 0.0, Avg: 0.0, Max: 0.0, Diff: 0.0, Sum: 0.0]
      [GC Worker Other (ms): Min: 0.1, Avg: 0.1, Max: 0.2, Diff: 0.1, Sum: 0.2]
      [GC Worker Total (ms): Min: 167.7, Avg: 167.8, Max: 167.8, Diff: 0.0, Sum: 335.5]
      [GC Worker End (ms): Min: 69185879.6, Avg: 69185879.6, Max: 69185879.6, Diff: 0.0]
   [Code Root Fixup: 0.7 ms]
   [Code Root Migration: 0.1 ms]
   [Clear CT: 1.2 ms]
   [Other: 12.6 ms]
      [Choose CSet: 0.0 ms]
      [Ref Proc: 7.3 ms]
      [Ref Enq: 0.6 ms]
      [Free CSet: 1.8 ms]
   [Eden: 590.0M(528.0M)->0.0B(544.0M) Survivors: 38.0M->56.0M Heap: 2208.0M(4096.0M)->1636.0M(4096.0M)]
 [Times: user=0.34 sys=0.00, real=0.19 secs] 
2016-08-31T08:49:22.561+0200: 69212.696: [GC pause (young), 0.1604700 secs]
   [Parallel Time: 149.3 ms, GC Workers: 2]
      [GC Worker Start (ms): Min: 69212696.9, Avg: 69212696.9, Max: 69212696.9, Diff: 0.0]
      [Ext Root Scanning (ms): Min: 50.0, Avg: 50.4, Max: 50.7, Diff: 0.7, Sum: 100.7]
      [Update RS (ms): Min: 32.2, Avg: 32.7, Max: 33.3, Diff: 1.1, Sum: 65.5]
         [Processed Buffers: Min: 254, Avg: 284.5, Max: 315, Diff: 61, Sum: 569]
      [Scan RS (ms): Min: 12.6, Avg: 12.7, Max: 12.8, Diff: 0.2, Sum: 25.4]
      [Code Root Scanning (ms): Min: 0.1, Avg: 0.1, Max: 0.2, Diff: 0.1, Sum: 0.3]
      [Object Copy (ms): Min: 52.8, Avg: 53.1, Max: 53.5, Diff: 0.6, Sum: 106.3]
      [Termination (ms): Min: 0.0, Avg: 0.0, Max: 0.0, Diff: 0.0, Sum: 0.0]
      [GC Worker Other (ms): Min: 0.2, Avg: 0.2, Max: 0.2, Diff: 0.0, Sum: 0.3]
      [GC Worker Total (ms): Min: 149.2, Avg: 149.2, Max: 149.3, Diff: 0.0, Sum: 298.5]
      [GC Worker End (ms): Min: 69212846.1, Avg: 69212846.2, Max: 69212846.2, Diff: 0.0]
   [Code Root Fixup: 0.4 ms]
   [Code Root Migration: 0.1 ms]
   [Clear CT: 0.4 ms]
   [Other: 10.2 ms]
      [Choose CSet: 0.0 ms]
      [Ref Proc: 5.9 ms]
      [Ref Enq: 0.5 ms]
      [Free CSet: 1.3 ms]
   [Eden: 490.0M(382.0M)->0.0B(634.0M) Survivors: 56.0M->46.0M Heap: 2126.0M(4096.0M)->1656.0M(4096.0M)]
 [Times: user=0.31 sys=0.00, real=0.16 secs] 
2016-08-31T08:49:56.110+0200: 69246.244: [GC pause (young), 0.1734040 secs]
   [Parallel Time: 163.6 ms, GC Workers: 2]
      [GC Worker Start (ms): Min: 69246245.6, Avg: 69246245.6, Max: 69246245.6, Diff: 0.0]
      [Ext Root Scanning (ms): Min: 50.9, Avg: 51.4, Max: 51.8, Diff: 0.9, Sum: 102.7]
      [Update RS (ms): Min: 41.1, Avg: 41.5, Max: 41.9, Diff: 0.7, Sum: 83.0]
         [Processed Buffers: Min: 296, Avg: 304.5, Max: 313, Diff: 17, Sum: 609]
      [Scan RS (ms): Min: 14.4, Avg: 14.4, Max: 14.4, Diff: 0.1, Sum: 28.8]
      [Code Root Scanning (ms): Min: 0.2, Avg: 0.2, Max: 0.2, Diff: 0.1, Sum: 0.4]
      [Object Copy (ms): Min: 55.8, Avg: 55.8, Max: 55.9, Diff: 0.1, Sum: 111.7]
      [Termination (ms): Min: 0.0, Avg: 0.0, Max: 0.0, Diff: 0.0, Sum: 0.0]
      [GC Worker Other (ms): Min: 0.1, Avg: 0.2, Max: 0.2, Diff: 0.0, Sum: 0.3]
      [GC Worker Total (ms): Min: 163.5, Avg: 163.5, Max: 163.5, Diff: 0.0, Sum: 326.9]
      [GC Worker End (ms): Min: 69246409.0, Avg: 69246409.0, Max: 69246409.0, Diff: 0.0]
   [Code Root Fixup: 0.2 ms]
   [Code Root Migration: 0.1 ms]
   [Clear CT: 0.4 ms]
   [Other: 9.1 ms]
      [Choose CSet: 0.0 ms]
      [Ref Proc: 5.0 ms]
      [Ref Enq: 0.3 ms]
      [Free CSet: 1.3 ms]
   [Eden: 596.0M(478.0M)->0.0B(670.0M) Survivors: 46.0M->48.0M Heap: 2252.0M(4096.0M)->1674.0M(4096.0M)]
 [Times: user=0.34 sys=0.00, real=0.17 secs] 
2016-08-31T08:50:26.973+0200: 69277.107: [GC pause (young), 0.1765480 secs]
   [Parallel Time: 166.6 ms, GC Workers: 2]
      [GC Worker Start (ms): Min: 69277108.6, Avg: 69277108.9, Max: 69277109.3, Diff: 0.7]
      [Ext Root Scanning (ms): Min: 50.2, Avg: 50.7, Max: 51.3, Diff: 1.1, Sum: 101.5]
      [Update RS (ms): Min: 37.4, Avg: 37.8, Max: 38.2, Diff: 0.8, Sum: 75.6]
         [Processed Buffers: Min: 298, Avg: 298.0, Max: 298, Diff: 0, Sum: 596]
      [Scan RS (ms): Min: 14.7, Avg: 14.8, Max: 15.0, Diff: 0.3, Sum: 29.6]
      [Code Root Scanning (ms): Min: 0.1, Avg: 0.2, Max: 0.2, Diff: 0.1, Sum: 0.4]
      [Object Copy (ms): Min: 62.5, Avg: 62.5, Max: 62.5, Diff: 0.0, Sum: 125.0]
      [Termination (ms): Min: 0.0, Avg: 0.0, Max: 0.0, Diff: 0.0, Sum: 0.0]
      [GC Worker Other (ms): Min: 0.2, Avg: 0.2, Max: 0.2, Diff: 0.0, Sum: 0.4]
      [GC Worker Total (ms): Min: 165.9, Avg: 166.2, Max: 166.5, Diff: 0.7, Sum: 332.4]
      [GC Worker End (ms): Min: 69277275.1, Avg: 69277275.1, Max: 69277275.1, Diff: 0.0]
   [Code Root Fixup: 0.3 ms]
   [Code Root Migration: 0.1 ms]
   [Clear CT: 0.4 ms]
   [Other: 9.1 ms]
      [Choose CSet: 0.0 ms]
      [Ref Proc: 4.8 ms]
      [Ref Enq: 0.3 ms]
      [Free CSet: 1.3 ms]
   [Eden: 546.0M(514.0M)->0.0B(696.0M) Survivors: 48.0M->50.0M Heap: 2220.0M(4096.0M)->1697.0M(4096.0M)]
 [Times: user=0.34 sys=0.00, real=0.18 secs] 
2016-08-31T08:51:03.308+0200: 69313.442: [GC pause (young), 0.1714430 secs]
   [Parallel Time: 159.2 ms, GC Workers: 2]
      [GC Worker Start (ms): Min: 69313443.5, Avg: 69313443.5, Max: 69313443.6, Diff: 0.0]
      [Ext Root Scanning (ms): Min: 49.0, Avg: 49.6, Max: 50.2, Diff: 1.2, Sum: 99.2]
      [Update RS (ms): Min: 36.4, Avg: 36.5, Max: 36.6, Diff: 0.2, Sum: 73.0]
         [Processed Buffers: Min: 242, Avg: 270.0, Max: 298, Diff: 56, Sum: 540]
      [Scan RS (ms): Min: 14.1, Avg: 14.3, Max: 14.6, Diff: 0.5, Sum: 28.7]
      [Code Root Scanning (ms): Min: 0.2, Avg: 0.2, Max: 0.2, Diff: 0.1, Sum: 0.4]
      [Object Copy (ms): Min: 57.8, Avg: 58.3, Max: 58.8, Diff: 1.0, Sum: 116.6]
      [Termination (ms): Min: 0.0, Avg: 0.0, Max: 0.0, Diff: 0.0, Sum: 0.0]
      [GC Worker Other (ms): Min: 0.1, Avg: 0.1, Max: 0.2, Diff: 0.1, Sum: 0.2]
      [GC Worker Total (ms): Min: 159.0, Avg: 159.0, Max: 159.0, Diff: 0.0, Sum: 318.0]
      [GC Worker End (ms): Min: 69313602.6, Avg: 69313602.6, Max: 69313602.6, Diff: 0.0]
   [Code Root Fixup: 0.5 ms]
   [Code Root Migration: 0.1 ms]
   [Clear CT: 0.6 ms]
   [Other: 11.1 ms]
      [Choose CSet: 0.0 ms]
      [Ref Proc: 6.2 ms]
      [Ref Enq: 0.5 ms]
      [Free CSet: 1.7 ms]
   [Eden: 554.0M(526.0M)->0.0B(794.0M) Survivors: 50.0M->38.0M Heap: 2251.0M(4096.0M)->1704.0M(4096.0M)]
 [Times: user=0.33 sys=0.00, real=0.18 secs] 
2016-08-31T08:51:43.251+0200: 69353.386: [GC pause (young), 0.1713190 secs]
   [Parallel Time: 161.9 ms, GC Workers: 2]
      [GC Worker Start (ms): Min: 69353387.3, Avg: 69353387.7, Max: 69353388.0, Diff: 0.7]
      [Ext Root Scanning (ms): Min: 51.8, Avg: 52.3, Max: 52.9, Diff: 1.2, Sum: 104.7]
      [Update RS (ms): Min: 44.1, Avg: 44.5, Max: 44.8, Diff: 0.7, Sum: 88.9]
         [Processed Buffers: Min: 339, Avg: 341.5, Max: 344, Diff: 5, Sum: 683]
      [Scan RS (ms): Min: 15.0, Avg: 15.0, Max: 15.0, Diff: 0.0, Sum: 30.0]
      [Code Root Scanning (ms): Min: 0.2, Avg: 0.2, Max: 0.2, Diff: 0.1, Sum: 0.4]
      [Object Copy (ms): Min: 48.9, Avg: 49.4, Max: 49.9, Diff: 1.0, Sum: 98.8]
      [Termination (ms): Min: 0.0, Avg: 0.0, Max: 0.0, Diff: 0.0, Sum: 0.0]
      [GC Worker Other (ms): Min: 0.1, Avg: 0.2, Max: 0.2, Diff: 0.0, Sum: 0.3]
      [GC Worker Total (ms): Min: 161.2, Avg: 161.5, Max: 161.9, Diff: 0.7, Sum: 323.1]
      [GC Worker End (ms): Min: 69353549.2, Avg: 69353549.2, Max: 69353549.2, Diff: 0.0]
   [Code Root Fixup: 0.3 ms]
   [Code Root Migration: 0.1 ms]
   [Clear CT: 0.4 ms]
   [Other: 8.6 ms]
      [Choose CSet: 0.0 ms]
      [Ref Proc: 4.1 ms]
      [Ref Enq: 0.3 ms]
      [Free CSet: 1.3 ms]
   [Eden: 648.0M(602.0M)->0.0B(700.0M) Survivors: 38.0M->70.0M Heap: 2352.0M(4096.0M)->1736.0M(4096.0M)]
 [Times: user=0.34 sys=0.00, real=0.17 secs] 
2016-08-31T08:52:13.008+0200: 69383.143: [GC pause (young), 0.1803440 secs]
   [Parallel Time: 169.1 ms, GC Workers: 2]
      [GC Worker Start (ms): Min: 69383144.4, Avg: 69383144.4, Max: 69383144.4, Diff: 0.0]
      [Ext Root Scanning (ms): Min: 50.5, Avg: 51.0, Max: 51.6, Diff: 1.1, Sum: 102.1]
      [Update RS (ms): Min: 37.8, Avg: 38.3, Max: 38.7, Diff: 0.9, Sum: 76.6]
         [Processed Buffers: Min: 327, Avg: 336.0, Max: 345, Diff: 18, Sum: 672]
      [Scan RS (ms): Min: 16.4, Avg: 17.0, Max: 17.6, Diff: 1.1, Sum: 34.0]
      [Code Root Scanning (ms): Min: 0.1, Avg: 0.2, Max: 0.2, Diff: 0.1, Sum: 0.4]
      [Object Copy (ms): Min: 61.8, Avg: 62.4, Max: 63.0, Diff: 1.2, Sum: 124.8]
      [Termination (ms): Min: 0.0, Avg: 0.0, Max: 0.0, Diff: 0.0, Sum: 0.0]
      [GC Worker Other (ms): Min: 0.2, Avg: 0.2, Max: 0.2, Diff: 0.0, Sum: 0.4]
      [GC Worker Total (ms): Min: 169.0, Avg: 169.0, Max: 169.1, Diff: 0.0, Sum: 338.1]
      [GC Worker End (ms): Min: 69383313.4, Avg: 69383313.4, Max: 69383313.4, Diff: 0.0]
   [Code Root Fixup: 0.6 ms]
   [Code Root Migration: 0.1 ms]
   [Clear CT: 0.5 ms]
   [Other: 10.1 ms]
      [Choose CSet: 0.0 ms]
      [Ref Proc: 5.0 ms]
      [Ref Enq: 0.4 ms]
      [Free CSet: 1.4 ms]
   [Eden: 500.0M(466.0M)->0.0B(626.0M) Survivors: 70.0M->46.0M Heap: 2236.0M(4096.0M)->1748.0M(4096.0M)]
 [Times: user=0.35 sys=0.00, real=0.19 secs] 
2016-08-31T08:52:51.622+0200: 69421.757: [GC pause (young), 0.1624420 secs]
   [Parallel Time: 153.4 ms, GC Workers: 2]
      [GC Worker Start (ms): Min: 69421758.2, Avg: 69421758.2, Max: 69421758.2, Diff: 0.0]
      [Ext Root Scanning (ms): Min: 50.1, Avg: 50.3, Max: 50.5, Diff: 0.3, Sum: 100.6]
      [Update RS (ms): Min: 39.3, Avg: 39.5, Max: 39.8, Diff: 0.5, Sum: 79.1]
         [Processed Buffers: Min: 297, Avg: 312.0, Max: 327, Diff: 30, Sum: 624]
      [Scan RS (ms): Min: 14.1, Avg: 14.3, Max: 14.4, Diff: 0.3, Sum: 28.5]
      [Code Root Scanning (ms): Min: 0.2, Avg: 0.2, Max: 0.2, Diff: 0.1, Sum: 0.4]
      [Object Copy (ms): Min: 48.6, Avg: 48.8, Max: 49.1, Diff: 0.5, Sum: 97.6]
      [Termination (ms): Min: 0.0, Avg: 0.0, Max: 0.0, Diff: 0.0, Sum: 0.0]
      [GC Worker Other (ms): Min: 0.2, Avg: 0.2, Max: 0.2, Diff: 0.0, Sum: 0.3]
      [GC Worker Total (ms): Min: 153.3, Avg: 153.3, Max: 153.3, Diff: 0.0, Sum: 306.6]
      [GC Worker End (ms): Min: 69421911.5, Avg: 69421911.5, Max: 69421911.5, Diff: 0.0]
   [Code Root Fixup: 0.3 ms]
   [Code Root Migration: 0.1 ms]
   [Clear CT: 0.4 ms]
   [Other: 8.3 ms]
      [Choose CSet: 0.0 ms]
      [Ref Proc: 4.1 ms]
      [Ref Enq: 0.2 ms]
      [Free CSet: 1.3 ms]
   [Eden: 592.0M(528.0M)->0.0B(672.0M) Survivors: 46.0M->48.0M Heap: 2340.0M(4096.0M)->1768.0M(4096.0M)]
 [Times: user=0.32 sys=0.01, real=0.17 secs] 
2016-08-31T08:53:29.605+0200: 69459.740: [GC pause (young), 0.1708620 secs]
   [Parallel Time: 161.5 ms, GC Workers: 2]
      [GC Worker Start (ms): Min: 69459741.3, Avg: 69459741.3, Max: 69459741.3, Diff: 0.0]
      [Ext Root Scanning (ms): Min: 51.1, Avg: 51.5, Max: 51.9, Diff: 0.7, Sum: 103.0]
      [Update RS (ms): Min: 38.4, Avg: 38.8, Max: 39.1, Diff: 0.7, Sum: 77.6]
         [Processed Buffers: Min: 274, Avg: 285.0, Max: 296, Diff: 22, Sum: 570]
      [Scan RS (ms): Min: 16.3, Avg: 16.5, Max: 16.7, Diff: 0.5, Sum: 33.0]
      [Code Root Scanning (ms): Min: 0.2, Avg: 0.2, Max: 0.3, Diff: 0.1, Sum: 0.4]
      [Object Copy (ms): Min: 53.5, Avg: 53.9, Max: 54.4, Diff: 0.9, Sum: 107.8]
      [Termination (ms): Min: 0.0, Avg: 0.0, Max: 0.0, Diff: 0.0, Sum: 0.0]
      [GC Worker Other (ms): Min: 0.2, Avg: 0.3, Max: 0.5, Diff: 0.3, Sum: 0.7]
      [GC Worker Total (ms): Min: 161.3, Avg: 161.3, Max: 161.3, Diff: 0.0, Sum: 322.5]
      [GC Worker End (ms): Min: 69459902.6, Avg: 69459902.6, Max: 69459902.6, Diff: 0.0]
   [Code Root Fixup: 0.3 ms]
   [Code Root Migration: 0.1 ms]
   [Clear CT: 0.4 ms]
   [Other: 8.6 ms]
      [Choose CSet: 0.0 ms]
      [Ref Proc: 4.4 ms]
      [Ref Enq: 0.2 ms]
      [Free CSet: 1.2 ms]
   [Eden: 574.0M(574.0M)->0.0B(700.0M) Survivors: 48.0M->40.0M Heap: 2342.0M(4096.0M)->1775.0M(4096.0M)]
 [Times: user=0.33 sys=0.00, real=0.17 secs] 
2016-08-31T08:54:06.572+0200: 69496.706: [GC pause (young), 0.1481930 secs]
   [Parallel Time: 139.2 ms, GC Workers: 2]
      [GC Worker Start (ms): Min: 69496707.6, Avg: 69496707.7, Max: 69496707.7, Diff: 0.0]
      [Ext Root Scanning (ms): Min: 49.9, Avg: 50.1, Max: 50.3, Diff: 0.4, Sum: 100.2]
      [Update RS (ms): Min: 30.3, Avg: 30.6, Max: 31.0, Diff: 0.7, Sum: 61.3]
         [Processed Buffers: Min: 216, Avg: 290.0, Max: 364, Diff: 148, Sum: 580]
      [Scan RS (ms): Min: 11.8, Avg: 11.9, Max: 11.9, Diff: 0.1, Sum: 23.8]
      [Code Root Scanning (ms): Min: 0.1, Avg: 0.1, Max: 0.1, Diff: 0.0, Sum: 0.2]
      [Object Copy (ms): Min: 46.0, Avg: 46.2, Max: 46.4, Diff: 0.3, Sum: 92.4]
      [Termination (ms): Min: 0.0, Avg: 0.0, Max: 0.0, Diff: 0.0, Sum: 0.0]
      [GC Worker Other (ms): Min: 0.2, Avg: 0.2, Max: 0.2, Diff: 0.0, Sum: 0.3]
      [GC Worker Total (ms): Min: 139.1, Avg: 139.1, Max: 139.1, Diff: 0.0, Sum: 278.2]
      [GC Worker End (ms): Min: 69496846.8, Avg: 69496846.8, Max: 69496846.8, Diff: 0.0]
   [Code Root Fixup: 0.2 ms]
   [Code Root Migration: 0.1 ms]
   [Clear CT: 0.4 ms]
   [Other: 8.3 ms]
      [Choose CSet: 0.0 ms]
      [Ref Proc: 4.4 ms]
      [Ref Enq: 0.2 ms]
      [Free CSet: 1.2 ms]
   [Eden: 586.0M(586.0M)->0.0B(746.0M) Survivors: 40.0M->62.0M Heap: 2361.0M(4096.0M)->1796.0M(4096.0M)]
 [Times: user=0.28 sys=0.00, real=0.15 secs] 
2016-08-31T08:54:40.560+0200: 69530.694: [GC pause (young), 0.2013530 secs]
   [Parallel Time: 190.5 ms, GC Workers: 2]
      [GC Worker Start (ms): Min: 69530695.6, Avg: 69530695.6, Max: 69530695.6, Diff: 0.0]
      [Ext Root Scanning (ms): Min: 51.0, Avg: 51.3, Max: 51.6, Diff: 0.6, Sum: 102.6]
      [Update RS (ms): Min: 45.4, Avg: 45.6, Max: 45.8, Diff: 0.5, Sum: 91.2]
         [Processed Buffers: Min: 247, Avg: 289.5, Max: 332, Diff: 85, Sum: 579]
      [Scan RS (ms): Min: 19.2, Avg: 19.3, Max: 19.3, Diff: 0.2, Sum: 38.5]
      [Code Root Scanning (ms): Min: 0.2, Avg: 0.2, Max: 0.3, Diff: 0.1, Sum: 0.4]
      [Object Copy (ms): Min: 73.3, Avg: 73.9, Max: 74.5, Diff: 1.2, Sum: 147.8]
      [Termination (ms): Min: 0.0, Avg: 0.0, Max: 0.0, Diff: 0.0, Sum: 0.0]
      [GC Worker Other (ms): Min: 0.0, Avg: 0.1, Max: 0.2, Diff: 0.1, Sum: 0.2]
      [GC Worker Total (ms): Min: 190.4, Avg: 190.4, Max: 190.4, Diff: 0.0, Sum: 380.7]
      [GC Worker End (ms): Min: 69530885.9, Avg: 69530886.0, Max: 69530886.0, Diff: 0.0]
   [Code Root Fixup: 0.3 ms]
   [Code Root Migration: 0.1 ms]
   [Clear CT: 0.5 ms]
   [Other: 9.9 ms]
      [Choose CSet: 0.0 ms]
      [Ref Proc: 4.9 ms]
      [Ref Enq: 0.5 ms]
      [Free CSet: 1.5 ms]
   [Eden: 564.0M(564.0M)->0.0B(658.0M) Survivors: 62.0M->38.0M Heap: 2360.0M(4096.0M)->1803.0M(4096.0M)]
 [Times: user=0.39 sys=0.00, real=0.20 secs] 
2016-08-31T08:55:21.509+0200: 69571.643: [GC pause (young), 0.1714290 secs]
   [Parallel Time: 162.4 ms, GC Workers: 2]
      [GC Worker Start (ms): Min: 69571645.1, Avg: 69571645.1, Max: 69571645.1, Diff: 0.0]
      [Ext Root Scanning (ms): Min: 49.9, Avg: 50.3, Max: 50.7, Diff: 0.9, Sum: 100.6]
      [Update RS (ms): Min: 42.4, Avg: 42.4, Max: 42.4, Diff: 0.0, Sum: 84.8]
         [Processed Buffers: Min: 315, Avg: 321.5, Max: 328, Diff: 13, Sum: 643]
      [Scan RS (ms): Min: 15.6, Avg: 15.7, Max: 15.8, Diff: 0.2, Sum: 31.5]
      [Code Root Scanning (ms): Min: 0.2, Avg: 0.2, Max: 0.3, Diff: 0.1, Sum: 0.5]
      [Object Copy (ms): Min: 52.9, Avg: 53.5, Max: 54.1, Diff: 1.2, Sum: 107.0]
      [Termination (ms): Min: 0.0, Avg: 0.0, Max: 0.0, Diff: 0.0, Sum: 0.0]
      [GC Worker Other (ms): Min: 0.2, Avg: 0.2, Max: 0.2, Diff: 0.0, Sum: 0.4]
      [GC Worker Total (ms): Min: 162.3, Avg: 162.3, Max: 162.3, Diff: 0.0, Sum: 324.6]
      [GC Worker End (ms): Min: 69571807.4, Avg: 69571807.4, Max: 69571807.4, Diff: 0.0]
   [Code Root Fixup: 0.2 ms]
   [Code Root Migration: 0.1 ms]
   [Clear CT: 0.4 ms]
   [Other: 8.3 ms]
      [Choose CSet: 0.0 ms]
      [Ref Proc: 4.2 ms]
      [Ref Enq: 0.3 ms]
      [Free CSet: 1.3 ms]
   [Eden: 658.0M(658.0M)->0.0B(614.0M) Survivors: 38.0M->66.0M Heap: 2461.0M(4096.0M)->1831.0M(4096.0M)]
 [Times: user=0.32 sys=0.00, real=0.17 secs] 
2016-08-31T08:55:47.616+0200: 69597.750: [GC pause (young), 0.2579690 secs]
   [Parallel Time: 245.5 ms, GC Workers: 2]
      [GC Worker Start (ms): Min: 69597751.4, Avg: 69597752.7, Max: 69597754.0, Diff: 2.6]
      [Ext Root Scanning (ms): Min: 70.4, Avg: 80.4, Max: 90.3, Diff: 19.9, Sum: 160.8]
      [Update RS (ms): Min: 42.9, Avg: 47.2, Max: 51.4, Diff: 8.5, Sum: 94.4]
         [Processed Buffers: Min: 301, Avg: 318.5, Max: 336, Diff: 35, Sum: 637]
      [Scan RS (ms): Min: 15.7, Avg: 17.3, Max: 19.0, Diff: 3.2, Sum: 34.7]
      [Code Root Scanning (ms): Min: 0.1, Avg: 0.1, Max: 0.1, Diff: 0.0, Sum: 0.2]
      [Object Copy (ms): Min: 93.0, Avg: 99.0, Max: 105.0, Diff: 12.0, Sum: 198.0]
      [Termination (ms): Min: 0.0, Avg: 0.0, Max: 0.0, Diff: 0.0, Sum: 0.0]
      [GC Worker Other (ms): Min: 0.1, Avg: 0.1, Max: 0.1, Diff: 0.0, Sum: 0.2]
      [GC Worker Total (ms): Min: 242.9, Avg: 244.2, Max: 245.5, Diff: 2.6, Sum: 488.3]
      [GC Worker End (ms): Min: 69597996.8, Avg: 69597996.8, Max: 69597996.8, Diff: 0.0]
   [Code Root Fixup: 0.2 ms]
   [Code Root Migration: 0.1 ms]
   [Clear CT: 0.4 ms]
   [Other: 11.8 ms]
      [Choose CSet: 0.0 ms]
      [Ref Proc: 8.3 ms]
      [Ref Enq: 0.3 ms]
      [Free CSet: 1.1 ms]
   [Eden: 490.0M(424.0M)->0.0B(236.0M) Survivors: 66.0M->46.0M Heap: 2321.0M(4096.0M)->1846.0M(4096.0M)]
 [Times: user=0.20 sys=0.00, real=0.26 secs] 
2016-08-31T08:56:01.264+0200: 69611.398: [GC pause (young), 0.1484460 secs]
   [Parallel Time: 140.8 ms, GC Workers: 2]
      [GC Worker Start (ms): Min: 69611399.9, Avg: 69611399.9, Max: 69611400.0, Diff: 0.0]
      [Ext Root Scanning (ms): Min: 50.8, Avg: 55.4, Max: 59.9, Diff: 9.1, Sum: 110.7]
      [Update RS (ms): Min: 23.1, Avg: 27.5, Max: 31.9, Diff: 8.8, Sum: 55.0]
         [Processed Buffers: Min: 276, Avg: 288.0, Max: 300, Diff: 24, Sum: 576]
      [Scan RS (ms): Min: 10.9, Avg: 11.0, Max: 11.0, Diff: 0.1, Sum: 21.9]
      [Code Root Scanning (ms): Min: 0.1, Avg: 0.1, Max: 0.1, Diff: 0.0, Sum: 0.2]
      [Object Copy (ms): Min: 46.5, Avg: 46.6, Max: 46.8, Diff: 0.3, Sum: 93.2]
      [Termination (ms): Min: 0.0, Avg: 0.0, Max: 0.0, Diff: 0.0, Sum: 0.0]
      [GC Worker Other (ms): Min: 0.2, Avg: 0.2, Max: 0.2, Diff: 0.0, Sum: 0.4]
      [GC Worker Total (ms): Min: 140.7, Avg: 140.7, Max: 140.8, Diff: 0.0, Sum: 281.5]
      [GC Worker End (ms): Min: 69611540.7, Avg: 69611540.7, Max: 69611540.7, Diff: 0.0]
   [Code Root Fixup: 0.5 ms]
   [Code Root Migration: 0.0 ms]
   [Clear CT: 0.5 ms]
   [Other: 6.6 ms]
      [Choose CSet: 0.0 ms]
      [Ref Proc: 2.6 ms]
      [Ref Enq: 0.2 ms]
      [Free CSet: 0.9 ms]
   [Eden: 236.0M(236.0M)->0.0B(470.0M) Survivors: 46.0M->24.0M Heap: 2082.0M(4096.0M)->1847.0M(4096.0M)]
 [Times: user=0.29 sys=0.00, real=0.14 secs] 
2016-08-31T08:56:28.021+0200: 69638.156: [GC pause (young), 0.1761710 secs]
   [Parallel Time: 164.3 ms, GC Workers: 2]
      [GC Worker Start (ms): Min: 69638157.3, Avg: 69638157.3, Max: 69638157.3, Diff: 0.0]
      [Ext Root Scanning (ms): Min: 51.8, Avg: 61.2, Max: 70.5, Diff: 18.7, Sum: 122.3]
      [Update RS (ms): Min: 32.6, Avg: 43.0, Max: 53.5, Diff: 20.9, Sum: 86.1]
         [Processed Buffers: Min: 174, Avg: 304.0, Max: 434, Diff: 260, Sum: 608]
      [Scan RS (ms): Min: 10.3, Avg: 10.4, Max: 10.4, Diff: 0.1, Sum: 20.7]
      [Code Root Scanning (ms): Min: 0.1, Avg: 0.2, Max: 0.2, Diff: 0.1, Sum: 0.3]
      [Object Copy (ms): Min: 48.2, Avg: 49.4, Max: 50.5, Diff: 2.3, Sum: 98.7]
      [Termination (ms): Min: 0.0, Avg: 0.0, Max: 0.0, Diff: 0.0, Sum: 0.0]
      [GC Worker Other (ms): Min: 0.1, Avg: 0.1, Max: 0.2, Diff: 0.1, Sum: 0.3]
      [GC Worker Total (ms): Min: 164.2, Avg: 164.2, Max: 164.2, Diff: 0.0, Sum: 328.4]
      [GC Worker End (ms): Min: 69638321.5, Avg: 69638321.5, Max: 69638321.5, Diff: 0.0]
   [Code Root Fixup: 0.4 ms]
   [Code Root Migration: 0.1 ms]
   [Clear CT: 0.5 ms]
   [Other: 10.8 ms]
      [Choose CSet: 0.0 ms]
      [Ref Proc: 6.1 ms]
      [Ref Enq: 0.4 ms]
      [Free CSet: 1.4 ms]
   [Eden: 470.0M(470.0M)->0.0B(362.0M) Survivors: 24.0M->46.0M Heap: 2317.0M(4096.0M)->1869.0M(4096.0M)]
 [Times: user=0.34 sys=0.00, real=0.18 secs] 
2016-08-31T08:56:47.427+0200: 69657.562: [GC pause (young), 0.3088270 secs]
   [Parallel Time: 296.1 ms, GC Workers: 2]
      [GC Worker Start (ms): Min: 69657569.0, Avg: 69657569.0, Max: 69657569.0, Diff: 0.0]
      [Ext Root Scanning (ms): Min: 94.9, Avg: 103.7, Max: 112.5, Diff: 17.6, Sum: 207.3]
      [Update RS (ms): Min: 41.3, Avg: 46.6, Max: 51.9, Diff: 10.6, Sum: 93.2]
         [Processed Buffers: Min: 353, Avg: 369.5, Max: 386, Diff: 33, Sum: 739]
      [Scan RS (ms): Min: 25.7, Avg: 25.9, Max: 26.1, Diff: 0.4, Sum: 51.8]
      [Code Root Scanning (ms): Min: 0.0, Avg: 0.1, Max: 0.1, Diff: 0.1, Sum: 0.1]
      [Object Copy (ms): Min: 112.3, Avg: 117.8, Max: 123.3, Diff: 10.9, Sum: 235.6]
      [Termination (ms): Min: 0.0, Avg: 1.8, Max: 3.7, Diff: 3.7, Sum: 3.7]
      [GC Worker Other (ms): Min: 0.1, Avg: 0.1, Max: 0.1, Diff: 0.0, Sum: 0.3]
      [GC Worker Total (ms): Min: 296.0, Avg: 296.0, Max: 296.0, Diff: 0.0, Sum: 592.0]
      [GC Worker End (ms): Min: 69657865.0, Avg: 69657865.0, Max: 69657865.0, Diff: 0.0]
   [Code Root Fixup: 0.3 ms]
   [Code Root Migration: 0.0 ms]
   [Clear CT: 0.6 ms]
   [Other: 11.8 ms]
      [Choose CSet: 0.0 ms]
      [Ref Proc: 2.5 ms]
      [Ref Enq: 0.2 ms]
      [Free CSet: 0.8 ms]
   [Eden: 362.0M(362.0M)->0.0B(158.0M) Survivors: 46.0M->46.0M Heap: 2231.0M(4096.0M)->1899.0M(4096.0M)]
 [Times: user=0.21 sys=0.00, real=0.31 secs] 
2016-08-31T08:56:56.287+0200: 69666.422: [GC pause (young) (initial-mark), 0.1609950 secs]
   [Parallel Time: 152.4 ms, GC Workers: 2]
      [GC Worker Start (ms): Min: 69666423.8, Avg: 69666424.4, Max: 69666425.0, Diff: 1.3]
      [Ext Root Scanning (ms): Min: 52.0, Avg: 52.0, Max: 52.1, Diff: 0.1, Sum: 104.1]
      [Code Root Marking (ms): Min: 13.7, Avg: 14.2, Max: 14.7, Diff: 0.9, Sum: 28.4]
      [Update RS (ms): Min: 25.7, Avg: 25.9, Max: 26.1, Diff: 0.3, Sum: 51.8]
         [Processed Buffers: Min: 267, Avg: 293.0, Max: 319, Diff: 52, Sum: 586]
      [Scan RS (ms): Min: 7.9, Avg: 8.1, Max: 8.2, Diff: 0.4, Sum: 16.1]
      [Code Root Scanning (ms): Min: 0.1, Avg: 0.1, Max: 0.1, Diff: 0.0, Sum: 0.1]
      [Object Copy (ms): Min: 49.9, Avg: 51.4, Max: 52.8, Diff: 2.9, Sum: 102.8]
      [Termination (ms): Min: 0.0, Avg: 0.0, Max: 0.0, Diff: 0.0, Sum: 0.0]
      [GC Worker Other (ms): Min: 0.1, Avg: 0.1, Max: 0.2, Diff: 0.1, Sum: 0.2]
      [GC Worker Total (ms): Min: 151.1, Avg: 151.7, Max: 152.4, Diff: 1.3, Sum: 303.5]
      [GC Worker End (ms): Min: 69666576.1, Avg: 69666576.1, Max: 69666576.1, Diff: 0.0]
   [Code Root Fixup: 0.6 ms]
   [Code Root Migration: 0.0 ms]
   [Clear CT: 0.4 ms]
   [Other: 7.5 ms]
      [Choose CSet: 0.0 ms]
      [Ref Proc: 2.9 ms]
      [Ref Enq: 0.1 ms]
      [Free CSet: 0.7 ms]
   [Eden: 158.0M(158.0M)->0.0B(186.0M) Survivors: 46.0M->18.0M Heap: 2057.0M(4096.0M)->1894.0M(4096.0M)]
 [Times: user=0.32 sys=0.00, real=0.16 secs] 
2016-08-31T08:56:56.449+0200: 69666.584: [GC concurrent-root-region-scan-start]
2016-08-31T08:56:56.469+0200: 69666.603: [GC concurrent-root-region-scan-end, 0.0197870 secs]
2016-08-31T08:56:56.469+0200: 69666.603: [GC concurrent-mark-start]
2016-08-31T08:56:57.479+0200: 69667.613: [GC concurrent-mark-end, 1.0096580 secs]
2016-08-31T08:56:57.482+0200: 69667.616: [GC remark 2016-08-31T08:56:57.483+0200: 69667.617: [GC ref-proc, 0.0602270 secs], 0.0767080 secs]
 [Times: user=0.09 sys=0.00, real=0.08 secs] 
2016-08-31T08:56:57.568+0200: 69667.703: [GC cleanup 1914M->1722M(4096M), 0.0243510 secs]
 [Times: user=0.05 sys=0.00, real=0.03 secs] 
2016-08-31T08:56:57.593+0200: 69667.727: [GC concurrent-cleanup-start]
2016-08-31T08:56:57.594+0200: 69667.728: [GC concurrent-cleanup-end, 0.0005790 secs]
2016-08-31T08:57:09.063+0200: 69679.197: [GC pause (young), 0.1258190 secs]
   [Parallel Time: 119.7 ms, GC Workers: 2]
      [GC Worker Start (ms): Min: 69679198.7, Avg: 69679198.8, Max: 69679198.8, Diff: 0.0]
      [Ext Root Scanning (ms): Min: 53.5, Avg: 53.9, Max: 54.3, Diff: 0.8, Sum: 107.8]
      [Update RS (ms): Min: 28.8, Avg: 29.2, Max: 29.5, Diff: 0.7, Sum: 58.3]
         [Processed Buffers: Min: 302, Avg: 308.0, Max: 314, Diff: 12, Sum: 616]
      [Scan RS (ms): Min: 5.2, Avg: 5.5, Max: 5.7, Diff: 0.5, Sum: 10.9]
      [Code Root Scanning (ms): Min: 0.0, Avg: 0.1, Max: 0.1, Diff: 0.0, Sum: 0.1]
      [Object Copy (ms): Min: 30.6, Avg: 31.0, Max: 31.4, Diff: 0.8, Sum: 62.0]
      [Termination (ms): Min: 0.0, Avg: 0.0, Max: 0.0, Diff: 0.0, Sum: 0.0]
      [GC Worker Other (ms): Min: 0.1, Avg: 0.1, Max: 0.2, Diff: 0.1, Sum: 0.2]
      [GC Worker Total (ms): Min: 119.7, Avg: 119.7, Max: 119.7, Diff: 0.0, Sum: 239.3]
      [GC Worker End (ms): Min: 69679318.4, Avg: 69679318.4, Max: 69679318.4, Diff: 0.0]
   [Code Root Fixup: 0.4 ms]
   [Code Root Migration: 0.0 ms]
   [Clear CT: 0.4 ms]
   [Other: 5.3 ms]
      [Choose CSet: 0.0 ms]
      [Ref Proc: 1.8 ms]
      [Ref Enq: 0.1 ms]
      [Free CSet: 0.7 ms]
   [Eden: 186.0M(186.0M)->0.0B(188.0M) Survivors: 18.0M->16.0M Heap: 1888.0M(4096.0M)->1713.0M(4096.0M)]
 [Times: user=0.24 sys=0.00, real=0.13 secs] 
2016-08-31T08:57:16.405+0200: 69686.540: [GC pause (mixed), 0.1789090 secs]
   [Parallel Time: 166.9 ms, GC Workers: 2]
      [GC Worker Start (ms): Min: 69686541.9, Avg: 69686541.9, Max: 69686541.9, Diff: 0.0]
      [Ext Root Scanning (ms): Min: 50.6, Avg: 51.0, Max: 51.4, Diff: 0.8, Sum: 102.0]
      [Update RS (ms): Min: 28.9, Avg: 29.1, Max: 29.3, Diff: 0.4, Sum: 58.1]
         [Processed Buffers: Min: 327, Avg: 348.0, Max: 369, Diff: 42, Sum: 696]
      [Scan RS (ms): Min: 35.3, Avg: 35.6, Max: 35.9, Diff: 0.6, Sum: 71.2]
      [Code Root Scanning (ms): Min: 0.1, Avg: 0.2, Max: 0.3, Diff: 0.2, Sum: 0.5]
      [Object Copy (ms): Min: 50.5, Avg: 50.8, Max: 51.1, Diff: 0.6, Sum: 101.6]
      [Termination (ms): Min: 0.0, Avg: 0.0, Max: 0.0, Diff: 0.0, Sum: 0.0]
      [GC Worker Other (ms): Min: 0.1, Avg: 0.1, Max: 0.2, Diff: 0.1, Sum: 0.2]
      [GC Worker Total (ms): Min: 166.8, Avg: 166.9, Max: 166.9, Diff: 0.0, Sum: 333.7]
      [GC Worker End (ms): Min: 69686708.7, Avg: 69686708.7, Max: 69686708.7, Diff: 0.0]
   [Code Root Fixup: 0.5 ms]
   [Code Root Migration: 0.1 ms]
   [Clear CT: 0.8 ms]
   [Other: 10.6 ms]
      [Choose CSet: 0.4 ms]
      [Ref Proc: 4.7 ms]
      [Ref Enq: 0.2 ms]
      [Free CSet: 2.1 ms]
   [Eden: 188.0M(188.0M)->0.0B(178.0M) Survivors: 16.0M->26.0M Heap: 1901.0M(4096.0M)->1387.0M(4096.0M)]
 [Times: user=0.33 sys=0.00, real=0.18 secs] 
2016-08-31T08:57:27.053+0200: 69697.187: [GC pause (mixed), 0.2046260 secs]
   [Parallel Time: 197.1 ms, GC Workers: 2]
      [GC Worker Start (ms): Min: 69697189.5, Avg: 69697189.5, Max: 69697189.5, Diff: 0.0]
      [Ext Root Scanning (ms): Min: 50.7, Avg: 51.1, Max: 51.5, Diff: 0.8, Sum: 102.2]
      [Update RS (ms): Min: 27.0, Avg: 27.5, Max: 27.9, Diff: 0.9, Sum: 54.9]
         [Processed Buffers: Min: 316, Avg: 322.5, Max: 329, Diff: 13, Sum: 645]
      [Scan RS (ms): Min: 58.7, Avg: 58.9, Max: 59.2, Diff: 0.5, Sum: 117.8]
      [Code Root Scanning (ms): Min: 0.1, Avg: 0.1, Max: 0.2, Diff: 0.1, Sum: 0.3]
      [Object Copy (ms): Min: 58.6, Avg: 59.3, Max: 59.9, Diff: 1.3, Sum: 118.5]
      [Termination (ms): Min: 0.0, Avg: 0.0, Max: 0.0, Diff: 0.0, Sum: 0.0]
      [GC Worker Other (ms): Min: 0.1, Avg: 0.1, Max: 0.2, Diff: 0.0, Sum: 0.3]
      [GC Worker Total (ms): Min: 197.0, Avg: 197.0, Max: 197.0, Diff: 0.0, Sum: 394.0]
      [GC Worker End (ms): Min: 69697386.6, Avg: 69697386.6, Max: 69697386.6, Diff: 0.0]
   [Code Root Fixup: 0.3 ms]
   [Code Root Migration: 0.1 ms]
   [Clear CT: 0.7 ms]
   [Other: 6.5 ms]
      [Choose CSet: 0.8 ms]
      [Ref Proc: 1.3 ms]
      [Ref Enq: 0.1 ms]
      [Free CSet: 1.6 ms]
   [Eden: 178.0M(178.0M)->0.0B(184.0M) Survivors: 26.0M->20.0M Heap: 1565.0M(4096.0M)->1223.0M(4096.0M)]
 [Times: user=0.40 sys=0.00, real=0.21 secs] 
2016-08-31T08:57:35.576+0200: 69705.710: [GC pause (mixed), 0.2008200 secs]
   [Parallel Time: 193.1 ms, GC Workers: 2]
      [GC Worker Start (ms): Min: 69705712.5, Avg: 69705712.6, Max: 69705712.6, Diff: 0.0]
      [Ext Root Scanning (ms): Min: 50.1, Avg: 50.4, Max: 50.8, Diff: 0.6, Sum: 100.9]
      [Update RS (ms): Min: 29.0, Avg: 29.5, Max: 30.0, Diff: 0.9, Sum: 59.0]
         [Processed Buffers: Min: 310, Avg: 331.5, Max: 353, Diff: 43, Sum: 663]
      [Scan RS (ms): Min: 60.3, Avg: 60.6, Max: 61.0, Diff: 0.7, Sum: 121.3]
      [Code Root Scanning (ms): Min: 0.1, Avg: 0.1, Max: 0.2, Diff: 0.1, Sum: 0.3]
      [Object Copy (ms): Min: 51.7, Avg: 52.3, Max: 52.8, Diff: 1.1, Sum: 104.5]
      [Termination (ms): Min: 0.0, Avg: 0.0, Max: 0.0, Diff: 0.0, Sum: 0.0]
      [GC Worker Other (ms): Min: 0.1, Avg: 0.1, Max: 0.1, Diff: 0.1, Sum: 0.2]
      [GC Worker Total (ms): Min: 193.1, Avg: 193.1, Max: 193.1, Diff: 0.0, Sum: 386.1]
      [GC Worker End (ms): Min: 69705905.6, Avg: 69705905.6, Max: 69705905.6, Diff: 0.0]
   [Code Root Fixup: 0.3 ms]
   [Code Root Migration: 0.1 ms]
   [Clear CT: 0.6 ms]
   [Other: 6.7 ms]
      [Choose CSet: 0.9 ms]
      [Ref Proc: 1.4 ms]
      [Ref Enq: 0.1 ms]
      [Free CSet: 1.6 ms]
   [Eden: 184.0M(184.0M)->0.0B(182.0M) Survivors: 20.0M->22.0M Heap: 1407.0M(4096.0M)->1067.0M(4096.0M)]
 [Times: user=0.39 sys=0.00, real=0.20 secs] 
2016-08-31T08:57:43.618+0200: 69713.753: [GC pause (mixed), 0.2160380 secs]
   [Parallel Time: 208.2 ms, GC Workers: 2]
      [GC Worker Start (ms): Min: 69713755.2, Avg: 69713755.2, Max: 69713755.3, Diff: 0.0]
      [Ext Root Scanning (ms): Min: 52.6, Avg: 61.6, Max: 70.6, Diff: 18.0, Sum: 123.2]
      [Update RS (ms): Min: 20.5, Avg: 30.6, Max: 40.7, Diff: 20.2, Sum: 61.1]
         [Processed Buffers: Min: 179, Avg: 371.5, Max: 564, Diff: 385, Sum: 743]
      [Scan RS (ms): Min: 49.9, Avg: 50.6, Max: 51.2, Diff: 1.3, Sum: 101.1]
      [Code Root Scanning (ms): Min: 0.1, Avg: 0.1, Max: 0.2, Diff: 0.1, Sum: 0.2]
      [Object Copy (ms): Min: 64.5, Avg: 65.1, Max: 65.7, Diff: 1.2, Sum: 130.2]
      [Termination (ms): Min: 0.0, Avg: 0.0, Max: 0.0, Diff: 0.0, Sum: 0.0]
      [GC Worker Other (ms): Min: 0.1, Avg: 0.1, Max: 0.1, Diff: 0.1, Sum: 0.2]
      [GC Worker Total (ms): Min: 208.1, Avg: 208.1, Max: 208.1, Diff: 0.0, Sum: 416.1]
      [GC Worker End (ms): Min: 69713963.3, Avg: 69713963.3, Max: 69713963.3, Diff: 0.0]
   [Code Root Fixup: 0.3 ms]
   [Code Root Migration: 0.1 ms]
   [Clear CT: 0.5 ms]
   [Other: 7.0 ms]
      [Choose CSet: 0.8 ms]
      [Ref Proc: 1.7 ms]
      [Ref Enq: 0.1 ms]
      [Free CSet: 1.3 ms]
   [Eden: 182.0M(182.0M)->0.0B(180.0M) Survivors: 22.0M->24.0M Heap: 1249.0M(4096.0M)->932.0M(4096.0M)]
 [Times: user=0.42 sys=0.01, real=0.22 secs] 
2016-08-31T08:57:52.686+0200: 69722.820: [GC pause (young), 0.1261790 secs]
   [Parallel Time: 119.5 ms, GC Workers: 2]
      [GC Worker Start (ms): Min: 69722821.5, Avg: 69722821.5, Max: 69722821.6, Diff: 0.0]
      [Ext Root Scanning (ms): Min: 49.6, Avg: 50.0, Max: 50.4, Diff: 0.8, Sum: 99.9]
      [Update RS (ms): Min: 28.8, Avg: 29.1, Max: 29.3, Diff: 0.6, Sum: 58.1]
         [Processed Buffers: Min: 292, Avg: 326.0, Max: 360, Diff: 68, Sum: 652]
      [Scan RS (ms): Min: 5.3, Avg: 5.6, Max: 6.0, Diff: 0.6, Sum: 11.3]
      [Code Root Scanning (ms): Min: 0.0, Avg: 0.1, Max: 0.1, Diff: 0.1, Sum: 0.1]
      [Object Copy (ms): Min: 34.0, Avg: 34.6, Max: 35.1, Diff: 1.0, Sum: 69.1]
      [Termination (ms): Min: 0.0, Avg: 0.0, Max: 0.0, Diff: 0.0, Sum: 0.0]
      [GC Worker Other (ms): Min: 0.0, Avg: 0.1, Max: 0.2, Diff: 0.1, Sum: 0.2]
      [GC Worker Total (ms): Min: 119.4, Avg: 119.4, Max: 119.4, Diff: 0.0, Sum: 238.8]
      [GC Worker End (ms): Min: 69722940.9, Avg: 69722940.9, Max: 69722940.9, Diff: 0.0]
   [Code Root Fixup: 0.5 ms]
   [Code Root Migration: 0.0 ms]
   [Clear CT: 0.4 ms]
   [Other: 5.8 ms]
      [Choose CSet: 0.0 ms]
      [Ref Proc: 2.2 ms]
      [Ref Enq: 0.2 ms]
      [Free CSet: 0.6 ms]
   [Eden: 180.0M(180.0M)->0.0B(182.0M) Survivors: 24.0M->22.0M Heap: 1112.0M(4096.0M)->946.0M(4096.0M)]
 [Times: user=0.24 sys=0.01, real=0.13 secs] 
2016-08-31T08:58:03.140+0200: 69733.274: [GC pause (young), 0.1265520 secs]
   [Parallel Time: 120.2 ms, GC Workers: 2]
      [GC Worker Start (ms): Min: 69733275.8, Avg: 69733275.8, Max: 69733275.8, Diff: 0.0]
      [Ext Root Scanning (ms): Min: 51.3, Avg: 51.3, Max: 51.3, Diff: 0.1, Sum: 102.6]
      [Update RS (ms): Min: 28.9, Avg: 29.4, Max: 29.8, Diff: 0.9, Sum: 58.7]
         [Processed Buffers: Min: 278, Avg: 310.5, Max: 343, Diff: 65, Sum: 621]
      [Scan RS (ms): Min: 5.3, Avg: 5.4, Max: 5.6, Diff: 0.3, Sum: 10.9]
      [Code Root Scanning (ms): Min: 0.1, Avg: 0.1, Max: 0.1, Diff: 0.0, Sum: 0.1]
      [Object Copy (ms): Min: 33.2, Avg: 33.9, Max: 34.5, Diff: 1.3, Sum: 67.7]
      [Termination (ms): Min: 0.0, Avg: 0.0, Max: 0.0, Diff: 0.0, Sum: 0.0]
      [GC Worker Other (ms): Min: 0.1, Avg: 0.1, Max: 0.2, Diff: 0.1, Sum: 0.2]
      [GC Worker Total (ms): Min: 120.1, Avg: 120.1, Max: 120.2, Diff: 0.0, Sum: 240.3]
      [GC Worker End (ms): Min: 69733395.9, Avg: 69733395.9, Max: 69733395.9, Diff: 0.0]
   [Code Root Fixup: 0.5 ms]
   [Code Root Migration: 0.0 ms]
   [Clear CT: 0.4 ms]
   [Other: 5.4 ms]
      [Choose CSet: 0.0 ms]
      [Ref Proc: 2.0 ms]
      [Ref Enq: 0.2 ms]
      [Free CSet: 0.6 ms]
   [Eden: 182.0M(182.0M)->0.0B(184.0M) Survivors: 22.0M->20.0M Heap: 1128.0M(4096.0M)->956.0M(4096.0M)]
 [Times: user=0.24 sys=0.00, real=0.13 secs] 
2016-08-31T08:58:13.215+0200: 69743.350: [GC pause (young), 0.1322350 secs]
   [Parallel Time: 125.7 ms, GC Workers: 2]
      [GC Worker Start (ms): Min: 69743351.2, Avg: 69743351.2, Max: 69743351.2, Diff: 0.0]
      [Ext Root Scanning (ms): Min: 50.8, Avg: 50.9, Max: 50.9, Diff: 0.2, Sum: 101.7]
      [Update RS (ms): Min: 31.2, Avg: 31.9, Max: 32.5, Diff: 1.3, Sum: 63.8]
         [Processed Buffers: Min: 305, Avg: 361.5, Max: 418, Diff: 113, Sum: 723]
      [Scan RS (ms): Min: 5.4, Avg: 5.7, Max: 6.1, Diff: 0.7, Sum: 11.5]
      [Code Root Scanning (ms): Min: 0.0, Avg: 0.1, Max: 0.1, Diff: 0.1, Sum: 0.1]
      [Object Copy (ms): Min: 36.5, Avg: 36.9, Max: 37.3, Diff: 0.8, Sum: 73.8]
      [Termination (ms): Min: 0.0, Avg: 0.0, Max: 0.0, Diff: 0.0, Sum: 0.0]
      [GC Worker Other (ms): Min: 0.1, Avg: 0.1, Max: 0.2, Diff: 0.1, Sum: 0.2]
      [GC Worker Total (ms): Min: 125.5, Avg: 125.5, Max: 125.5, Diff: 0.0, Sum: 251.1]
      [GC Worker End (ms): Min: 69743476.7, Avg: 69743476.7, Max: 69743476.7, Diff: 0.0]
   [Code Root Fixup: 0.5 ms]
   [Code Root Migration: 0.0 ms]
   [Clear CT: 0.4 ms]
   [Other: 5.7 ms]
      [Choose CSet: 0.0 ms]
      [Ref Proc: 1.9 ms]
      [Ref Enq: 0.2 ms]
      [Free CSet: 0.6 ms]
   [Eden: 184.0M(184.0M)->0.0B(180.0M) Survivors: 20.0M->24.0M Heap: 1140.0M(4096.0M)->971.0M(4096.0M)]
 [Times: user=0.26 sys=0.00, real=0.13 secs] 
2016-08-31T08:58:24.543+0200: 69754.677: [GC pause (young), 0.1195790 secs]
   [Parallel Time: 113.6 ms, GC Workers: 2]
      [GC Worker Start (ms): Min: 69754678.5, Avg: 69754678.5, Max: 69754678.5, Diff: 0.0]
      [Ext Root Scanning (ms): Min: 48.1, Avg: 48.3, Max: 48.6, Diff: 0.5, Sum: 96.7]
      [Update RS (ms): Min: 27.1, Avg: 27.5, Max: 27.9, Diff: 0.8, Sum: 55.0]
         [Processed Buffers: Min: 286, Avg: 300.5, Max: 315, Diff: 29, Sum: 601]
      [Scan RS (ms): Min: 6.1, Avg: 6.4, Max: 6.6, Diff: 0.4, Sum: 12.7]
      [Code Root Scanning (ms): Min: 0.1, Avg: 0.1, Max: 0.1, Diff: 0.0, Sum: 0.1]
      [Object Copy (ms): Min: 30.7, Avg: 31.2, Max: 31.6, Diff: 0.9, Sum: 62.3]
      [Termination (ms): Min: 0.0, Avg: 0.0, Max: 0.0, Diff: 0.0, Sum: 0.0]
      [GC Worker Other (ms): Min: 0.0, Avg: 0.1, Max: 0.1, Diff: 0.0, Sum: 0.1]
      [GC Worker Total (ms): Min: 113.5, Avg: 113.5, Max: 113.5, Diff: 0.0, Sum: 227.0]
      [GC Worker End (ms): Min: 69754792.0, Avg: 69754792.0, Max: 69754792.0, Diff: 0.0]
   [Code Root Fixup: 0.4 ms]
   [Code Root Migration: 0.0 ms]
   [Clear CT: 0.4 ms]
   [Other: 5.2 ms]
      [Choose CSet: 0.0 ms]
      [Ref Proc: 2.1 ms]
      [Ref Enq: 0.1 ms]
      [Free CSet: 0.7 ms]
   [Eden: 180.0M(180.0M)->0.0B(366.0M) Survivors: 24.0M->20.0M Heap: 1151.0M(4096.0M)->979.0M(4096.0M)]
 [Times: user=0.23 sys=0.00, real=0.12 secs] 
2016-08-31T08:58:49.045+0200: 69779.179: [GC pause (young), 0.1175630 secs]
   [Parallel Time: 112.3 ms, GC Workers: 2]
      [GC Worker Start (ms): Min: 69779180.2, Avg: 69779180.2, Max: 69779180.2, Diff: 0.0]
      [Ext Root Scanning (ms): Min: 46.7, Avg: 52.6, Max: 58.4, Diff: 11.7, Sum: 105.1]
      [Update RS (ms): Min: 16.1, Avg: 22.5, Max: 28.9, Diff: 12.8, Sum: 45.0]
         [Processed Buffers: Min: 134, Avg: 385.0, Max: 636, Diff: 502, Sum: 770]
      [Scan RS (ms): Min: 5.6, Avg: 5.9, Max: 6.1, Diff: 0.5, Sum: 11.7]
      [Code Root Scanning (ms): Min: 0.1, Avg: 0.1, Max: 0.1, Diff: 0.0, Sum: 0.1]
      [Object Copy (ms): Min: 30.9, Avg: 31.2, Max: 31.6, Diff: 0.7, Sum: 62.5]
      [Termination (ms): Min: 0.0, Avg: 0.0, Max: 0.0, Diff: 0.0, Sum: 0.0]
      [GC Worker Other (ms): Min: 0.1, Avg: 0.1, Max: 0.1, Diff: 0.0, Sum: 0.2]
      [GC Worker Total (ms): Min: 112.3, Avg: 112.3, Max: 112.3, Diff: 0.0, Sum: 224.6]
      [GC Worker End (ms): Min: 69779292.5, Avg: 69779292.5, Max: 69779292.5, Diff: 0.0]
   [Code Root Fixup: 0.3 ms]
   [Code Root Migration: 0.0 ms]
   [Clear CT: 0.3 ms]
   [Other: 4.6 ms]
      [Choose CSet: 0.0 ms]
      [Ref Proc: 2.1 ms]
      [Ref Enq: 0.1 ms]
      [Free CSet: 0.6 ms]
   [Eden: 366.0M(366.0M)->0.0B(548.0M) Survivors: 20.0M->50.0M Heap: 1345.0M(4096.0M)->1009.0M(4096.0M)]
 [Times: user=0.19 sys=0.00, real=0.12 secs] 
2016-08-31T08:59:20.671+0200: 69810.805: [GC pause (young), 0.1965460 secs]
   [Parallel Time: 184.3 ms, GC Workers: 2]
      [GC Worker Start (ms): Min: 69810807.1, Avg: 69810807.1, Max: 69810807.1, Diff: 0.0]
      [Ext Root Scanning (ms): Min: 50.7, Avg: 52.0, Max: 53.3, Diff: 2.7, Sum: 104.0]
      [Update RS (ms): Min: 39.7, Avg: 41.0, Max: 42.2, Diff: 2.6, Sum: 81.9]
         [Processed Buffers: Min: 339, Avg: 350.5, Max: 362, Diff: 23, Sum: 701]
      [Scan RS (ms): Min: 15.3, Avg: 15.4, Max: 15.4, Diff: 0.1, Sum: 30.7]
      [Code Root Scanning (ms): Min: 0.2, Avg: 0.2, Max: 0.3, Diff: 0.1, Sum: 0.4]
      [Object Copy (ms): Min: 72.8, Avg: 75.4, Max: 78.0, Diff: 5.2, Sum: 150.7]
      [Termination (ms): Min: 0.0, Avg: 0.0, Max: 0.0, Diff: 0.0, Sum: 0.0]
      [GC Worker Other (ms): Min: 0.2, Avg: 0.2, Max: 0.2, Diff: 0.0, Sum: 0.4]
      [GC Worker Total (ms): Min: 184.1, Avg: 184.1, Max: 184.1, Diff: 0.0, Sum: 368.2]
      [GC Worker End (ms): Min: 69810991.2, Avg: 69810991.2, Max: 69810991.2, Diff: 0.0]
   [Code Root Fixup: 0.4 ms]
   [Code Root Migration: 0.1 ms]
   [Clear CT: 0.6 ms]
   [Other: 11.2 ms]
      [Choose CSet: 0.0 ms]
      [Ref Proc: 6.0 ms]
      [Ref Enq: 0.5 ms]
      [Free CSet: 1.6 ms]
   [Eden: 548.0M(548.0M)->0.0B(406.0M) Survivors: 50.0M->72.0M Heap: 1557.0M(4096.0M)->1040.0M(4096.0M)]
 [Times: user=0.38 sys=0.00, real=0.20 secs] 
2016-08-31T08:59:41.295+0200: 69831.429: [GC pause (young), 0.1884030 secs]
   [Parallel Time: 177.5 ms, GC Workers: 2]
      [GC Worker Start (ms): Min: 69831430.9, Avg: 69831430.9, Max: 69831430.9, Diff: 0.0]
      [Ext Root Scanning (ms): Min: 53.1, Avg: 53.5, Max: 54.0, Diff: 1.0, Sum: 107.1]
      [Update RS (ms): Min: 35.6, Avg: 36.7, Max: 37.9, Diff: 2.3, Sum: 73.4]
         [Processed Buffers: Min: 312, Avg: 318.0, Max: 324, Diff: 12, Sum: 636]
      [Scan RS (ms): Min: 14.7, Avg: 14.7, Max: 14.7, Diff: 0.1, Sum: 29.4]
      [Code Root Scanning (ms): Min: 0.1, Avg: 0.2, Max: 0.2, Diff: 0.1, Sum: 0.3]
      [Object Copy (ms): Min: 71.5, Avg: 72.1, Max: 72.7, Diff: 1.1, Sum: 144.2]
      [Termination (ms): Min: 0.0, Avg: 0.0, Max: 0.0, Diff: 0.0, Sum: 0.0]
      [GC Worker Other (ms): Min: 0.1, Avg: 0.2, Max: 0.2, Diff: 0.1, Sum: 0.4]
      [GC Worker Total (ms): Min: 177.4, Avg: 177.4, Max: 177.4, Diff: 0.0, Sum: 354.8]
      [GC Worker End (ms): Min: 69831608.3, Avg: 69831608.3, Max: 69831608.3, Diff: 0.0]
   [Code Root Fixup: 0.4 ms]
   [Code Root Migration: 0.1 ms]
   [Clear CT: 0.5 ms]
   [Other: 9.9 ms]
      [Choose CSet: 0.0 ms]
      [Ref Proc: 5.0 ms]
      [Ref Enq: 0.4 ms]
      [Free CSet: 1.2 ms]
   [Eden: 406.0M(406.0M)->0.0B(382.0M) Survivors: 72.0M->46.0M Heap: 1446.0M(4096.0M)->1049.0M(4096.0M)]
 [Times: user=0.36 sys=0.01, real=0.19 secs] 
2016-08-31T09:00:01.950+0200: 69852.084: [GC pause (young), 0.1532390 secs]
   [Parallel Time: 143.3 ms, GC Workers: 2]
      [GC Worker Start (ms): Min: 69852085.9, Avg: 69852085.9, Max: 69852085.9, Diff: 0.0]
      [Ext Root Scanning (ms): Min: 50.5, Avg: 50.8, Max: 51.0, Diff: 0.5, Sum: 101.5]
      [Update RS (ms): Min: 32.0, Avg: 32.2, Max: 32.4, Diff: 0.4, Sum: 64.5]
         [Processed Buffers: Min: 292, Avg: 318.0, Max: 344, Diff: 52, Sum: 636]
      [Scan RS (ms): Min: 10.6, Avg: 11.1, Max: 11.6, Diff: 1.0, Sum: 22.2]
      [Code Root Scanning (ms): Min: 0.1, Avg: 0.1, Max: 0.2, Diff: 0.1, Sum: 0.3]
      [Object Copy (ms): Min: 48.2, Avg: 48.8, Max: 49.4, Diff: 1.2, Sum: 97.6]
      [Termination (ms): Min: 0.0, Avg: 0.0, Max: 0.0, Diff: 0.0, Sum: 0.0]
      [GC Worker Other (ms): Min: 0.1, Avg: 0.2, Max: 0.2, Diff: 0.1, Sum: 0.4]
      [GC Worker Total (ms): Min: 143.2, Avg: 143.2, Max: 143.2, Diff: 0.0, Sum: 286.4]
      [GC Worker End (ms): Min: 69852229.1, Avg: 69852229.1, Max: 69852229.1, Diff: 0.0]
   [Code Root Fixup: 0.4 ms]
   [Code Root Migration: 0.1 ms]
   [Clear CT: 0.5 ms]
   [Other: 8.9 ms]
      [Choose CSet: 0.0 ms]
      [Ref Proc: 4.3 ms]
      [Ref Enq: 0.3 ms]
      [Free CSet: 1.2 ms]
   [Eden: 382.0M(382.0M)->0.0B(590.0M) Survivors: 46.0M->32.0M Heap: 1431.0M(4096.0M)->1055.0M(4096.0M)]
 [Times: user=0.29 sys=0.00, real=0.15 secs] 
2016-08-31T09:00:32.252+0200: 69882.386: [GC pause (young), 0.1907100 secs]
   [Parallel Time: 177.0 ms, GC Workers: 2]
      [GC Worker Start (ms): Min: 69882387.9, Avg: 69882387.9, Max: 69882387.9, Diff: 0.1]
      [Ext Root Scanning (ms): Min: 52.8, Avg: 53.0, Max: 53.3, Diff: 0.5, Sum: 106.1]
      [Update RS (ms): Min: 46.5, Avg: 46.9, Max: 47.3, Diff: 0.8, Sum: 93.8]
         [Processed Buffers: Min: 331, Avg: 336.0, Max: 341, Diff: 10, Sum: 672]
      [Scan RS (ms): Min: 12.7, Avg: 13.1, Max: 13.6, Diff: 0.9, Sum: 26.3]
      [Code Root Scanning (ms): Min: 0.1, Avg: 0.2, Max: 0.3, Diff: 0.1, Sum: 0.4]
      [Object Copy (ms): Min: 63.1, Avg: 63.4, Max: 63.7, Diff: 0.6, Sum: 126.8]
      [Termination (ms): Min: 0.0, Avg: 0.0, Max: 0.0, Diff: 0.0, Sum: 0.0]
      [GC Worker Other (ms): Min: 0.2, Avg: 0.2, Max: 0.2, Diff: 0.0, Sum: 0.4]
      [GC Worker Total (ms): Min: 176.8, Avg: 176.9, Max: 176.9, Diff: 0.1, Sum: 353.7]
      [GC Worker End (ms): Min: 69882564.8, Avg: 69882564.8, Max: 69882564.8, Diff: 0.0]
   [Code Root Fixup: 0.5 ms]
   [Code Root Migration: 0.1 ms]
   [Clear CT: 0.6 ms]
   [Other: 12.6 ms]
      [Choose CSet: 0.0 ms]
      [Ref Proc: 7.1 ms]
      [Ref Enq: 0.6 ms]
      [Free CSet: 1.8 ms]
   [Eden: 590.0M(590.0M)->0.0B(420.0M) Survivors: 32.0M->62.0M Heap: 1645.0M(4096.0M)->1086.0M(4096.0M)]
 [Times: user=0.36 sys=0.00, real=0.19 secs] 
2016-08-31T09:00:54.424+0200: 69904.559: [GC pause (young), 0.1940140 secs]
   [Parallel Time: 181.8 ms, GC Workers: 2]
      [GC Worker Start (ms): Min: 69904560.1, Avg: 69904560.2, Max: 69904560.2, Diff: 0.0]
      [Ext Root Scanning (ms): Min: 49.9, Avg: 50.1, Max: 50.3, Diff: 0.5, Sum: 100.2]
      [Update RS (ms): Min: 43.6, Avg: 43.7, Max: 43.7, Diff: 0.1, Sum: 87.3]
         [Processed Buffers: Min: 237, Avg: 316.0, Max: 395, Diff: 158, Sum: 632]
      [Scan RS (ms): Min: 15.7, Avg: 15.7, Max: 15.7, Diff: 0.0, Sum: 31.3]
      [Code Root Scanning (ms): Min: 0.1, Avg: 0.2, Max: 0.2, Diff: 0.1, Sum: 0.3]
      [Object Copy (ms): Min: 71.8, Avg: 72.0, Max: 72.1, Diff: 0.3, Sum: 143.9]
      [Termination (ms): Min: 0.0, Avg: 0.0, Max: 0.0, Diff: 0.0, Sum: 0.0]
      [GC Worker Other (ms): Min: 0.1, Avg: 0.1, Max: 0.2, Diff: 0.1, Sum: 0.3]
      [GC Worker Total (ms): Min: 181.7, Avg: 181.7, Max: 181.7, Diff: 0.0, Sum: 363.3]
      [GC Worker End (ms): Min: 69904741.8, Avg: 69904741.8, Max: 69904741.8, Diff: 0.0]
   [Code Root Fixup: 0.4 ms]
   [Code Root Migration: 0.1 ms]
   [Clear CT: 0.5 ms]
   [Other: 11.2 ms]
      [Choose CSet: 0.0 ms]
      [Ref Proc: 6.1 ms]
      [Ref Enq: 0.4 ms]
      [Free CSet: 1.6 ms]
   [Eden: 420.0M(420.0M)->0.0B(420.0M) Survivors: 62.0M->40.0M Heap: 1506.0M(4096.0M)->1101.0M(4096.0M)]
 [Times: user=0.37 sys=0.00, real=0.20 secs] 
2016-08-31T09:01:16.263+0200: 69926.397: [GC pause (young), 0.1736580 secs]
   [Parallel Time: 162.8 ms, GC Workers: 2]
      [GC Worker Start (ms): Min: 69926399.2, Avg: 69926399.2, Max: 69926399.2, Diff: 0.1]
      [Ext Root Scanning (ms): Min: 51.0, Avg: 51.0, Max: 51.1, Diff: 0.0, Sum: 102.1]
      [Update RS (ms): Min: 40.9, Avg: 41.2, Max: 41.5, Diff: 0.6, Sum: 82.5]
         [Processed Buffers: Min: 345, Avg: 354.0, Max: 363, Diff: 18, Sum: 708]
      [Scan RS (ms): Min: 11.7, Avg: 12.0, Max: 12.2, Diff: 0.5, Sum: 23.9]
      [Code Root Scanning (ms): Min: 0.1, Avg: 0.2, Max: 0.2, Diff: 0.1, Sum: 0.3]
      [Object Copy (ms): Min: 58.2, Avg: 58.2, Max: 58.2, Diff: 0.0, Sum: 116.3]
      [Termination (ms): Min: 0.0, Avg: 0.0, Max: 0.0, Diff: 0.0, Sum: 0.0]
      [GC Worker Other (ms): Min: 0.1, Avg: 0.1, Max: 0.2, Diff: 0.1, Sum: 0.3]
      [GC Worker Total (ms): Min: 162.7, Avg: 162.7, Max: 162.7, Diff: 0.1, Sum: 325.4]
      [GC Worker End (ms): Min: 69926561.9, Avg: 69926561.9, Max: 69926561.9, Diff: 0.0]
   [Code Root Fixup: 0.4 ms]
   [Code Root Migration: 0.1 ms]
   [Clear CT: 0.5 ms]
   [Other: 9.8 ms]
      [Choose CSet: 0.0 ms]
      [Ref Proc: 4.6 ms]
      [Ref Enq: 0.4 ms]
      [Free CSet: 1.6 ms]
   [Eden: 420.0M(420.0M)->0.0B(454.0M) Survivors: 40.0M->44.0M Heap: 1521.0M(4096.0M)->1124.0M(4096.0M)]
 [Times: user=0.34 sys=0.00, real=0.17 secs] 
2016-08-31T09:01:38.814+0200: 69948.949: [GC pause (young), 0.2870580 secs]
   [Parallel Time: 279.7 ms, GC Workers: 2]
      [GC Worker Start (ms): Min: 69948950.3, Avg: 69948950.3, Max: 69948950.3, Diff: 0.0]
      [Ext Root Scanning (ms): Min: 88.0, Avg: 90.4, Max: 92.8, Diff: 4.8, Sum: 180.8]
      [Update RS (ms): Min: 82.7, Avg: 83.5, Max: 84.3, Diff: 1.6, Sum: 166.9]
         [Processed Buffers: Min: 275, Avg: 341.5, Max: 408, Diff: 133, Sum: 683]
      [Scan RS (ms): Min: 9.8, Avg: 9.9, Max: 9.9, Diff: 0.2, Sum: 19.7]
      [Code Root Scanning (ms): Min: 0.1, Avg: 0.1, Max: 0.1, Diff: 0.0, Sum: 0.2]
      [Object Copy (ms): Min: 90.7, Avg: 91.4, Max: 92.2, Diff: 1.4, Sum: 182.9]
      [Termination (ms): Min: 0.0, Avg: 3.4, Max: 6.9, Diff: 6.8, Sum: 6.9]
      [GC Worker Other (ms): Min: 0.1, Avg: 0.1, Max: 0.1, Diff: 0.0, Sum: 0.3]
      [GC Worker Total (ms): Min: 278.0, Avg: 278.8, Max: 279.7, Diff: 1.7, Sum: 557.6]
      [GC Worker End (ms): Min: 69949228.2, Avg: 69949229.1, Max: 69949230.0, Diff: 1.7]
   [Code Root Fixup: 0.3 ms]
   [Code Root Migration: 0.1 ms]
   [Clear CT: 0.3 ms]
   [Other: 6.7 ms]
      [Choose CSet: 0.0 ms]
      [Ref Proc: 3.2 ms]
      [Ref Enq: 0.2 ms]
      [Free CSet: 0.9 ms]
   [Eden: 454.0M(454.0M)->0.0B(158.0M) Survivors: 44.0M->46.0M Heap: 1578.0M(4096.0M)->1147.0M(4096.0M)]
 [Times: user=0.26 sys=0.00, real=0.29 secs] 
2016-08-31T09:01:44.594+0200: 69954.728: [GC pause (young), 0.1527840 secs]
   [Parallel Time: 147.6 ms, GC Workers: 2]
      [GC Worker Start (ms): Min: 69954729.4, Avg: 69954729.4, Max: 69954729.4, Diff: 0.0]
      [Ext Root Scanning (ms): Min: 56.0, Avg: 58.8, Max: 61.5, Diff: 5.6, Sum: 117.5]
      [Update RS (ms): Min: 25.4, Avg: 28.5, Max: 31.6, Diff: 6.2, Sum: 57.0]
         [Processed Buffers: Min: 290, Avg: 337.0, Max: 384, Diff: 94, Sum: 674]
      [Scan RS (ms): Min: 9.4, Avg: 9.5, Max: 9.6, Diff: 0.1, Sum: 19.0]
      [Code Root Scanning (ms): Min: 0.1, Avg: 0.1, Max: 0.1, Diff: 0.0, Sum: 0.1]
      [Object Copy (ms): Min: 50.1, Avg: 50.6, Max: 51.0, Diff: 0.9, Sum: 101.1]
      [Termination (ms): Min: 0.0, Avg: 0.0, Max: 0.0, Diff: 0.0, Sum: 0.0]
      [GC Worker Other (ms): Min: 0.1, Avg: 0.1, Max: 0.2, Diff: 0.1, Sum: 0.2]
      [GC Worker Total (ms): Min: 147.5, Avg: 147.6, Max: 147.6, Diff: 0.0, Sum: 295.1]
      [GC Worker End (ms): Min: 69954876.9, Avg: 69954876.9, Max: 69954876.9, Diff: 0.0]
   [Code Root Fixup: 0.4 ms]
   [Code Root Migration: 0.0 ms]
   [Clear CT: 0.3 ms]
   [Other: 4.4 ms]
      [Choose CSet: 0.0 ms]
      [Ref Proc: 1.1 ms]
      [Ref Enq: 0.1 ms]
      [Free CSet: 0.6 ms]
   [Eden: 158.0M(158.0M)->0.0B(208.0M) Survivors: 46.0M->24.0M Heap: 1305.0M(4096.0M)->1163.0M(4096.0M)]
 [Times: user=0.28 sys=0.00, real=0.16 secs] 
2016-08-31T09:01:55.458+0200: 69965.592: [GC pause (young), 0.1387710 secs]
   [Parallel Time: 131.5 ms, GC Workers: 2]
      [GC Worker Start (ms): Min: 69965593.8, Avg: 69965593.8, Max: 69965593.8, Diff: 0.0]
      [Ext Root Scanning (ms): Min: 52.0, Avg: 57.1, Max: 62.2, Diff: 10.2, Sum: 114.1]
      [Update RS (ms): Min: 26.4, Avg: 31.9, Max: 37.3, Diff: 10.9, Sum: 63.7]
         [Processed Buffers: Min: 358, Avg: 370.5, Max: 383, Diff: 25, Sum: 741]
      [Scan RS (ms): Min: 5.6, Avg: 5.9, Max: 6.3, Diff: 0.8, Sum: 11.9]
      [Code Root Scanning (ms): Min: 0.1, Avg: 0.1, Max: 0.1, Diff: 0.0, Sum: 0.1]
      [Object Copy (ms): Min: 35.5, Avg: 36.3, Max: 37.0, Diff: 1.5, Sum: 72.6]
      [Termination (ms): Min: 0.0, Avg: 0.0, Max: 0.0, Diff: 0.0, Sum: 0.0]
      [GC Worker Other (ms): Min: 0.1, Avg: 0.1, Max: 0.2, Diff: 0.1, Sum: 0.2]
      [GC Worker Total (ms): Min: 131.4, Avg: 131.4, Max: 131.4, Diff: 0.0, Sum: 262.7]
      [GC Worker End (ms): Min: 69965725.1, Avg: 69965725.1, Max: 69965725.1, Diff: 0.0]
   [Code Root Fixup: 0.4 ms]
   [Code Root Migration: 0.0 ms]
   [Clear CT: 0.4 ms]
   [Other: 6.4 ms]
      [Choose CSet: 0.0 ms]
      [Ref Proc: 2.6 ms]
      [Ref Enq: 0.2 ms]
      [Free CSet: 0.7 ms]
   [Eden: 208.0M(208.0M)->0.0B(374.0M) Survivors: 24.0M->20.0M Heap: 1371.0M(4096.0M)->1178.0M(4096.0M)]
 [Times: user=0.26 sys=0.00, real=0.14 secs] 
2016-08-31T09:02:13.062+0200: 69983.197: [GC pause (young), 0.1739740 secs]
   [Parallel Time: 163.6 ms, GC Workers: 2]
      [GC Worker Start (ms): Min: 69983198.8, Avg: 69983198.8, Max: 69983198.8, Diff: 0.0]
      [Ext Root Scanning (ms): Min: 53.6, Avg: 54.6, Max: 55.5, Diff: 1.8, Sum: 109.1]
      [Update RS (ms): Min: 45.7, Avg: 46.1, Max: 46.5, Diff: 0.8, Sum: 92.2]
         [Processed Buffers: Min: 396, Avg: 410.5, Max: 425, Diff: 29, Sum: 821]
      [Scan RS (ms): Min: 7.4, Avg: 7.8, Max: 8.2, Diff: 0.7, Sum: 15.6]
      [Code Root Scanning (ms): Min: 0.1, Avg: 0.1, Max: 0.2, Diff: 0.1, Sum: 0.3]
      [Object Copy (ms): Min: 54.5, Avg: 54.7, Max: 54.9, Diff: 0.4, Sum: 109.4]
      [Termination (ms): Min: 0.0, Avg: 0.0, Max: 0.0, Diff: 0.0, Sum: 0.0]
      [GC Worker Other (ms): Min: 0.2, Avg: 0.2, Max: 0.2, Diff: 0.0, Sum: 0.3]
      [GC Worker Total (ms): Min: 163.5, Avg: 163.5, Max: 163.5, Diff: 0.0, Sum: 327.0]
      [GC Worker End (ms): Min: 69983362.3, Avg: 69983362.3, Max: 69983362.3, Diff: 0.0]
   [Code Root Fixup: 0.5 ms]
   [Code Root Migration: 0.1 ms]
   [Clear CT: 0.5 ms]
   [Other: 9.4 ms]
      [Choose CSet: 0.0 ms]
      [Ref Proc: 4.6 ms]
      [Ref Enq: 0.3 ms]
      [Free CSet: 1.1 ms]
   [Eden: 374.0M(374.0M)->0.0B(250.0M) Survivors: 20.0M->50.0M Heap: 1552.0M(4096.0M)->1215.0M(4096.0M)]
 [Times: user=0.33 sys=0.01, real=0.17 secs] 
2016-08-31T09:02:24.679+0200: 69994.813: [GC pause (young), 0.1810790 secs]
   [Parallel Time: 172.4 ms, GC Workers: 2]
      [GC Worker Start (ms): Min: 69994814.8, Avg: 69994814.8, Max: 69994814.8, Diff: 0.0]
      [Ext Root Scanning (ms): Min: 52.4, Avg: 52.9, Max: 53.5, Diff: 1.0, Sum: 105.9]
      [Update RS (ms): Min: 36.2, Avg: 37.2, Max: 38.1, Diff: 1.9, Sum: 74.3]
         [Processed Buffers: Min: 319, Avg: 387.0, Max: 455, Diff: 136, Sum: 774]
      [Scan RS (ms): Min: 15.2, Avg: 15.6, Max: 16.0, Diff: 0.9, Sum: 31.2]
      [Code Root Scanning (ms): Min: 0.1, Avg: 0.1, Max: 0.1, Diff: 0.0, Sum: 0.2]
      [Object Copy (ms): Min: 66.3, Avg: 66.4, Max: 66.4, Diff: 0.1, Sum: 132.8]
      [Termination (ms): Min: 0.0, Avg: 0.0, Max: 0.0, Diff: 0.0, Sum: 0.0]
      [GC Worker Other (ms): Min: 0.1, Avg: 0.1, Max: 0.2, Diff: 0.1, Sum: 0.2]
      [GC Worker Total (ms): Min: 172.3, Avg: 172.3, Max: 172.3, Diff: 0.0, Sum: 344.6]
      [GC Worker End (ms): Min: 69994987.1, Avg: 69994987.1, Max: 69994987.1, Diff: 0.0]
   [Code Root Fixup: 0.4 ms]
   [Code Root Migration: 0.0 ms]
   [Clear CT: 0.6 ms]
   [Other: 7.6 ms]
      [Choose CSet: 0.0 ms]
      [Ref Proc: 3.1 ms]
      [Ref Enq: 0.2 ms]
      [Free CSet: 1.0 ms]
   [Eden: 250.0M(250.0M)->0.0B(450.0M) Survivors: 50.0M->24.0M Heap: 1465.0M(4096.0M)->1235.0M(4096.0M)]
 [Times: user=0.35 sys=0.00, real=0.18 secs] 
2016-08-31T09:02:48.289+0200: 70018.423: [GC pause (young), 0.3361950 secs]
   [Parallel Time: 329.7 ms, GC Workers: 2]
      [GC Worker Start (ms): Min: 70018424.4, Avg: 70018424.6, Max: 70018424.7, Diff: 0.3]
      [Ext Root Scanning (ms): Min: 97.3, Avg: 97.8, Max: 98.2, Diff: 0.9, Sum: 195.5]
      [Update RS (ms): Min: 90.6, Avg: 97.7, Max: 104.7, Diff: 14.1, Sum: 195.4]
         [Processed Buffers: Min: 429, Avg: 429.0, Max: 429, Diff: 0, Sum: 858]
      [Scan RS (ms): Min: 16.4, Avg: 19.8, Max: 23.1, Diff: 6.7, Sum: 39.6]
      [Code Root Scanning (ms): Min: 0.1, Avg: 0.1, Max: 0.1, Diff: 0.0, Sum: 0.1]
      [Object Copy (ms): Min: 101.3, Avg: 104.6, Max: 108.0, Diff: 6.8, Sum: 209.3]
      [Termination (ms): Min: 0.0, Avg: 0.0, Max: 0.0, Diff: 0.0, Sum: 0.0]
      [GC Worker Other (ms): Min: 0.1, Avg: 0.1, Max: 0.1, Diff: 0.0, Sum: 0.2]
      [GC Worker Total (ms): Min: 319.9, Avg: 320.0, Max: 320.2, Diff: 0.3, Sum: 640.1]
      [GC Worker End (ms): Min: 70018744.6, Avg: 70018744.6, Max: 70018744.6, Diff: 0.0]
   [Code Root Fixup: 0.2 ms]
   [Code Root Migration: 0.0 ms]
   [Clear CT: 0.5 ms]
   [Other: 5.8 ms]
      [Choose CSet: 0.0 ms]
      [Ref Proc: 2.9 ms]
      [Ref Enq: 0.2 ms]
      [Free CSet: 0.7 ms]
   [Eden: 450.0M(450.0M)->0.0B(144.0M) Survivors: 24.0M->60.0M Heap: 1685.0M(4096.0M)->1273.0M(4096.0M)]
 [Times: user=0.19 sys=0.00, real=0.33 secs] 
2016-08-31T09:02:55.406+0200: 70025.540: [GC pause (young), 0.1578590 secs]
   [Parallel Time: 151.2 ms, GC Workers: 2]
      [GC Worker Start (ms): Min: 70025541.8, Avg: 70025543.9, Max: 70025546.1, Diff: 4.3]
      [Ext Root Scanning (ms): Min: 48.8, Avg: 50.6, Max: 52.4, Diff: 3.6, Sum: 101.1]
      [Update RS (ms): Min: 25.7, Avg: 25.9, Max: 26.1, Diff: 0.4, Sum: 51.8]
         [Processed Buffers: Min: 264, Avg: 292.0, Max: 320, Diff: 56, Sum: 584]
      [Scan RS (ms): Min: 14.9, Avg: 14.9, Max: 15.0, Diff: 0.1, Sum: 29.9]
      [Code Root Scanning (ms): Min: 0.0, Avg: 0.1, Max: 0.1, Diff: 0.1, Sum: 0.1]
      [Object Copy (ms): Min: 57.1, Avg: 57.3, Max: 57.5, Diff: 0.4, Sum: 114.5]
      [Termination (ms): Min: 0.0, Avg: 0.0, Max: 0.0, Diff: 0.0, Sum: 0.0]
      [GC Worker Other (ms): Min: 0.2, Avg: 0.2, Max: 0.2, Diff: 0.0, Sum: 0.3]
      [GC Worker Total (ms): Min: 146.7, Avg: 148.9, Max: 151.1, Diff: 4.3, Sum: 297.8]
      [GC Worker End (ms): Min: 70025692.8, Avg: 70025692.8, Max: 70025692.8, Diff: 0.0]
   [Code Root Fixup: 0.6 ms]
   [Code Root Migration: 0.0 ms]
   [Clear CT: 0.4 ms]
   [Other: 5.6 ms]
      [Choose CSet: 0.0 ms]
      [Ref Proc: 1.8 ms]
      [Ref Enq: 0.1 ms]
      [Free CSet: 0.7 ms]
   [Eden: 144.0M(144.0M)->0.0B(188.0M) Survivors: 60.0M->16.0M Heap: 1417.0M(4096.0M)->1269.0M(4096.0M)]
 [Times: user=0.29 sys=0.01, real=0.16 secs] 
2016-08-31T09:03:03.585+0200: 70033.719: [GC pause (young), 0.1355020 secs]
   [Parallel Time: 128.5 ms, GC Workers: 2]
      [GC Worker Start (ms): Min: 70033720.8, Avg: 70033721.8, Max: 70033722.9, Diff: 2.1]
      [Ext Root Scanning (ms): Min: 52.7, Avg: 53.7, Max: 54.7, Diff: 2.0, Sum: 107.4]
      [Update RS (ms): Min: 32.4, Avg: 32.9, Max: 33.4, Diff: 1.0, Sum: 65.7]
         [Processed Buffers: Min: 351, Avg: 353.5, Max: 356, Diff: 5, Sum: 707]
      [Scan RS (ms): Min: 4.4, Avg: 4.8, Max: 5.3, Diff: 0.9, Sum: 9.7]
      [Code Root Scanning (ms): Min: 0.0, Avg: 0.2, Max: 0.3, Diff: 0.3, Sum: 0.3]
      [Object Copy (ms): Min: 35.6, Avg: 35.7, Max: 35.7, Diff: 0.1, Sum: 71.3]
      [Termination (ms): Min: 0.0, Avg: 0.0, Max: 0.0, Diff: 0.0, Sum: 0.0]
      [GC Worker Other (ms): Min: 0.1, Avg: 0.1, Max: 0.1, Diff: 0.0, Sum: 0.2]
      [GC Worker Total (ms): Min: 126.3, Avg: 127.4, Max: 128.4, Diff: 2.2, Sum: 254.7]
      [GC Worker End (ms): Min: 70033849.2, Avg: 70033849.2, Max: 70033849.2, Diff: 0.0]
   [Code Root Fixup: 0.6 ms]
   [Code Root Migration: 0.0 ms]
   [Clear CT: 0.6 ms]
   [Other: 5.8 ms]
      [Choose CSet: 0.0 ms]
      [Ref Proc: 2.2 ms]
      [Ref Enq: 0.2 ms]
      [Free CSet: 0.6 ms]
   [Eden: 188.0M(188.0M)->0.0B(214.0M) Survivors: 16.0M->22.0M Heap: 1457.0M(4096.0M)->1290.0M(4096.0M)]
 [Times: user=0.25 sys=0.01, real=0.14 secs] 
2016-08-31T09:03:12.584+0200: 70042.718: [GC pause (young), 0.1518490 secs]
   [Parallel Time: 144.0 ms, GC Workers: 2]
      [GC Worker Start (ms): Min: 70042719.6, Avg: 70042721.2, Max: 70042722.8, Diff: 3.2]
      [Ext Root Scanning (ms): Min: 52.8, Avg: 55.8, Max: 58.8, Diff: 6.1, Sum: 111.6]
      [Update RS (ms): Min: 33.5, Avg: 36.3, Max: 39.0, Diff: 5.5, Sum: 72.5]
         [Processed Buffers: Min: 386, Avg: 394.5, Max: 403, Diff: 17, Sum: 789]
      [Scan RS (ms): Min: 6.2, Avg: 6.3, Max: 6.5, Diff: 0.4, Sum: 12.7]
      [Code Root Scanning (ms): Min: 0.1, Avg: 0.1, Max: 0.1, Diff: 0.0, Sum: 0.1]
      [Object Copy (ms): Min: 42.2, Avg: 43.7, Max: 45.2, Diff: 3.1, Sum: 87.4]
      [Termination (ms): Min: 0.0, Avg: 0.0, Max: 0.0, Diff: 0.0, Sum: 0.0]
      [GC Worker Other (ms): Min: 0.1, Avg: 0.2, Max: 0.2, Diff: 0.1, Sum: 0.4]
      [GC Worker Total (ms): Min: 140.7, Avg: 142.3, Max: 143.9, Diff: 3.2, Sum: 284.7]
      [GC Worker End (ms): Min: 70042863.6, Avg: 70042863.6, Max: 70042863.6, Diff: 0.0]
   [Code Root Fixup: 0.6 ms]
   [Code Root Migration: 0.0 ms]
   [Clear CT: 0.5 ms]
   [Other: 6.7 ms]
      [Choose CSet: 0.0 ms]
      [Ref Proc: 2.7 ms]
      [Ref Enq: 0.2 ms]
      [Free CSet: 0.7 ms]
   [Eden: 214.0M(214.0M)->0.0B(260.0M) Survivors: 22.0M->30.0M Heap: 1504.0M(4096.0M)->1315.0M(4096.0M)]
 [Times: user=0.29 sys=0.00, real=0.15 secs] 
2016-08-31T09:03:25.203+0200: 70055.338: [GC pause (young), 0.1517870 secs]
   [Parallel Time: 142.9 ms, GC Workers: 2]
      [GC Worker Start (ms): Min: 70055339.4, Avg: 70055339.4, Max: 70055339.4, Diff: 0.0]
      [Ext Root Scanning (ms): Min: 52.6, Avg: 52.6, Max: 52.7, Diff: 0.1, Sum: 105.3]
      [Update RS (ms): Min: 37.5, Avg: 37.9, Max: 38.2, Diff: 0.7, Sum: 75.8]
         [Processed Buffers: Min: 325, Avg: 345.5, Max: 366, Diff: 41, Sum: 691]
      [Scan RS (ms): Min: 6.9, Avg: 7.3, Max: 7.7, Diff: 0.8, Sum: 14.7]
      [Code Root Scanning (ms): Min: 0.1, Avg: 0.1, Max: 0.1, Diff: 0.0, Sum: 0.2]
      [Object Copy (ms): Min: 44.6, Avg: 44.6, Max: 44.6, Diff: 0.1, Sum: 89.2]
      [Termination (ms): Min: 0.0, Avg: 0.0, Max: 0.0, Diff: 0.0, Sum: 0.0]
      [GC Worker Other (ms): Min: 0.2, Avg: 0.2, Max: 0.2, Diff: 0.0, Sum: 0.4]
      [GC Worker Total (ms): Min: 142.7, Avg: 142.8, Max: 142.8, Diff: 0.0, Sum: 285.5]
      [GC Worker End (ms): Min: 70055482.2, Avg: 70055482.2, Max: 70055482.2, Diff: 0.0]
   [Code Root Fixup: 0.4 ms]
   [Code Root Migration: 0.1 ms]
   [Clear CT: 0.5 ms]
   [Other: 8.0 ms]
      [Choose CSet: 0.0 ms]
      [Ref Proc: 4.0 ms]
      [Ref Enq: 0.2 ms]
      [Free CSet: 0.8 ms]
   [Eden: 260.0M(260.0M)->0.0B(408.0M) Survivors: 30.0M->28.0M Heap: 1575.0M(4096.0M)->1332.0M(4096.0M)]
 [Times: user=0.29 sys=0.00, real=0.15 secs] 
2016-08-31T09:03:40.178+0200: 70070.313: [GC pause (young), 0.1471100 secs]
   [Parallel Time: 138.4 ms, GC Workers: 2]
      [GC Worker Start (ms): Min: 70070314.4, Avg: 70070314.4, Max: 70070314.4, Diff: 0.0]
      [Ext Root Scanning (ms): Min: 48.4, Avg: 48.6, Max: 48.8, Diff: 0.5, Sum: 97.2]
      [Update RS (ms): Min: 35.6, Avg: 35.7, Max: 35.7, Diff: 0.1, Sum: 71.3]
         [Processed Buffers: Min: 333, Avg: 362.0, Max: 391, Diff: 58, Sum: 724]
      [Scan RS (ms): Min: 8.2, Avg: 8.6, Max: 9.0, Diff: 0.8, Sum: 17.2]
      [Code Root Scanning (ms): Min: 0.1, Avg: 0.1, Max: 0.1, Diff: 0.0, Sum: 0.2]
      [Object Copy (ms): Min: 44.6, Avg: 45.2, Max: 45.8, Diff: 1.2, Sum: 90.3]
      [Termination (ms): Min: 0.0, Avg: 0.0, Max: 0.0, Diff: 0.0, Sum: 0.0]
      [GC Worker Other (ms): Min: 0.2, Avg: 0.2, Max: 0.2, Diff: 0.0, Sum: 0.3]
      [GC Worker Total (ms): Min: 138.3, Avg: 138.3, Max: 138.3, Diff: 0.0, Sum: 276.6]
      [GC Worker End (ms): Min: 70070452.7, Avg: 70070452.7, Max: 70070452.7, Diff: 0.0]
   [Code Root Fixup: 0.4 ms]
   [Code Root Migration: 0.1 ms]
   [Clear CT: 0.5 ms]
   [Other: 7.7 ms]
      [Choose CSet: 0.0 ms]
      [Ref Proc: 3.4 ms]
      [Ref Enq: 0.2 ms]
      [Free CSet: 1.0 ms]
   [Eden: 276.0M(272.0M)->0.0B(452.0M) Survivors: 28.0M->32.0M Heap: 1608.0M(4096.0M)->1350.0M(4096.0M)]
 [Times: user=0.29 sys=0.00, real=0.15 secs] 
2016-08-31T09:03:55.853+0200: 70085.988: [GC pause (young), 0.1485780 secs]
   [Parallel Time: 141.1 ms, GC Workers: 2]
      [GC Worker Start (ms): Min: 70085989.1, Avg: 70085989.2, Max: 70085989.2, Diff: 0.0]
      [Ext Root Scanning (ms): Min: 49.6, Avg: 50.3, Max: 50.9, Diff: 1.3, Sum: 100.5]
      [Update RS (ms): Min: 35.6, Avg: 36.4, Max: 37.3, Diff: 1.7, Sum: 72.8]
         [Processed Buffers: Min: 317, Avg: 326.0, Max: 335, Diff: 18, Sum: 652]
      [Scan RS (ms): Min: 8.7, Avg: 9.2, Max: 9.7, Diff: 1.0, Sum: 18.3]
      [Code Root Scanning (ms): Min: 0.1, Avg: 0.1, Max: 0.2, Diff: 0.1, Sum: 0.2]
      [Object Copy (ms): Min: 44.5, Avg: 44.8, Max: 45.2, Diff: 0.6, Sum: 89.7]
      [Termination (ms): Min: 0.0, Avg: 0.0, Max: 0.0, Diff: 0.0, Sum: 0.0]
      [GC Worker Other (ms): Min: 0.2, Avg: 0.2, Max: 0.2, Diff: 0.0, Sum: 0.4]
      [GC Worker Total (ms): Min: 141.0, Avg: 141.0, Max: 141.0, Diff: 0.0, Sum: 282.0]
      [GC Worker End (ms): Min: 70086130.2, Avg: 70086130.2, Max: 70086130.2, Diff: 0.0]
   [Code Root Fixup: 0.4 ms]
   [Code Root Migration: 0.1 ms]
   [Clear CT: 0.4 ms]
   [Other: 6.6 ms]
      [Choose CSet: 0.0 ms]
      [Ref Proc: 2.7 ms]
      [Ref Enq: 0.2 ms]
      [Free CSet: 0.9 ms]
   [Eden: 350.0M(350.0M)->0.0B(558.0M) Survivors: 32.0M->26.0M Heap: 1700.0M(4096.0M)->1367.0M(4096.0M)]
 [Times: user=0.29 sys=0.00, real=0.15 secs] 
2016-08-31T09:04:18.662+0200: 70108.796: [GC pause (young), 0.1813690 secs]
   [Parallel Time: 168.9 ms, GC Workers: 2]
      [GC Worker Start (ms): Min: 70108797.8, Avg: 70108797.8, Max: 70108797.9, Diff: 0.0]
      [Ext Root Scanning (ms): Min: 51.0, Avg: 51.6, Max: 52.2, Diff: 1.2, Sum: 103.2]
      [Update RS (ms): Min: 44.8, Avg: 44.9, Max: 45.1, Diff: 0.2, Sum: 89.9]
         [Processed Buffers: Min: 366, Avg: 392.0, Max: 418, Diff: 52, Sum: 784]
      [Scan RS (ms): Min: 11.5, Avg: 11.6, Max: 11.7, Diff: 0.2, Sum: 23.2]
      [Code Root Scanning (ms): Min: 0.1, Avg: 0.2, Max: 0.2, Diff: 0.1, Sum: 0.3]
      [Object Copy (ms): Min: 59.7, Avg: 60.2, Max: 60.8, Diff: 1.1, Sum: 120.5]
      [Termination (ms): Min: 0.0, Avg: 0.0, Max: 0.0, Diff: 0.0, Sum: 0.0]
      [GC Worker Other (ms): Min: 0.2, Avg: 0.2, Max: 0.2, Diff: 0.0, Sum: 0.4]
      [GC Worker Total (ms): Min: 168.7, Avg: 168.7, Max: 168.7, Diff: 0.0, Sum: 337.4]
      [GC Worker End (ms): Min: 70108966.5, Avg: 70108966.5, Max: 70108966.5, Diff: 0.0]
   [Code Root Fixup: 0.6 ms]
   [Code Root Migration: 0.1 ms]
   [Clear CT: 0.5 ms]
   [Other: 11.3 ms]
      [Choose CSet: 0.0 ms]
      [Ref Proc: 6.5 ms]
      [Ref Enq: 0.4 ms]
      [Free CSet: 1.3 ms]
   [Eden: 420.0M(420.0M)->0.0B(408.0M) Survivors: 26.0M->56.0M Heap: 1787.0M(4096.0M)->1403.0M(4096.0M)]
 [Times: user=0.35 sys=0.00, real=0.18 secs] 
2016-08-31T09:04:32.406+0200: 70122.540: [GC pause (young), 0.1779000 secs]
   [Parallel Time: 169.8 ms, GC Workers: 2]
      [GC Worker Start (ms): Min: 70122541.7, Avg: 70122541.8, Max: 70122541.8, Diff: 0.0]
      [Ext Root Scanning (ms): Min: 50.1, Avg: 50.7, Max: 51.4, Diff: 1.2, Sum: 101.5]
      [Update RS (ms): Min: 30.1, Avg: 30.4, Max: 30.8, Diff: 0.7, Sum: 60.9]
         [Processed Buffers: Min: 293, Avg: 307.5, Max: 322, Diff: 29, Sum: 615]
      [Scan RS (ms): Min: 16.7, Avg: 17.2, Max: 17.6, Diff: 0.9, Sum: 34.3]
      [Code Root Scanning (ms): Min: 0.1, Avg: 0.1, Max: 0.1, Diff: 0.0, Sum: 0.2]
      [Object Copy (ms): Min: 70.6, Avg: 71.1, Max: 71.6, Diff: 1.0, Sum: 142.2]
      [Termination (ms): Min: 0.0, Avg: 0.0, Max: 0.0, Diff: 0.0, Sum: 0.0]
      [GC Worker Other (ms): Min: 0.2, Avg: 0.2, Max: 0.2, Diff: 0.0, Sum: 0.4]
      [GC Worker Total (ms): Min: 169.7, Avg: 169.7, Max: 169.7, Diff: 0.0, Sum: 339.5]
      [GC Worker End (ms): Min: 70122711.5, Avg: 70122711.5, Max: 70122711.5, Diff: 0.0]
   [Code Root Fixup: 0.5 ms]
   [Code Root Migration: 0.1 ms]
   [Clear CT: 0.5 ms]
   [Other: 7.0 ms]
      [Choose CSet: 0.0 ms]
      [Ref Proc: 2.6 ms]
      [Ref Enq: 0.2 ms]
      [Free CSet: 1.0 ms]
   [Eden: 240.0M(220.0M)->0.0B(602.0M) Survivors: 56.0M->24.0M Heap: 1643.0M(4096.0M)->1417.0M(4096.0M)]
 [Times: user=0.32 sys=0.00, real=0.18 secs] 
2016-08-31T09:04:56.574+0200: 70146.709: [GC pause (young), 0.1712210 secs]
   [Parallel Time: 161.4 ms, GC Workers: 2]
      [GC Worker Start (ms): Min: 70146710.3, Avg: 70146710.3, Max: 70146710.4, Diff: 0.1]
      [Ext Root Scanning (ms): Min: 50.3, Avg: 50.7, Max: 51.2, Diff: 0.9, Sum: 101.4]
      [Update RS (ms): Min: 40.6, Avg: 41.0, Max: 41.5, Diff: 1.0, Sum: 82.1]
         [Processed Buffers: Min: 330, Avg: 334.5, Max: 339, Diff: 9, Sum: 669]
      [Scan RS (ms): Min: 10.0, Avg: 10.3, Max: 10.5, Diff: 0.5, Sum: 20.6]
      [Code Root Scanning (ms): Min: 0.1, Avg: 0.2, Max: 0.2, Diff: 0.1, Sum: 0.3]
      [Object Copy (ms): Min: 58.7, Avg: 58.9, Max: 59.2, Diff: 0.4, Sum: 117.9]
      [Termination (ms): Min: 0.0, Avg: 0.0, Max: 0.0, Diff: 0.0, Sum: 0.0]
      [GC Worker Other (ms): Min: 0.2, Avg: 0.2, Max: 0.2, Diff: 0.0, Sum: 0.4]
      [GC Worker Total (ms): Min: 161.3, Avg: 161.3, Max: 161.3, Diff: 0.1, Sum: 322.6]
      [GC Worker End (ms): Min: 70146871.6, Avg: 70146871.7, Max: 70146871.7, Diff: 0.0]
   [Code Root Fixup: 0.3 ms]
   [Code Root Migration: 0.1 ms]
   [Clear CT: 0.5 ms]
   [Other: 8.9 ms]
      [Choose CSet: 0.0 ms]
      [Ref Proc: 4.6 ms]
      [Ref Enq: 0.2 ms]
      [Free CSet: 1.3 ms]
   [Eden: 490.0M(490.0M)->0.0B(406.0M) Survivors: 24.0M->56.0M Heap: 1907.0M(4096.0M)->1449.0M(4096.0M)]
 [Times: user=0.33 sys=0.00, real=0.18 secs] 
2016-08-31T09:05:10.579+0200: 70160.713: [GC pause (young), 0.1729630 secs]
   [Parallel Time: 165.4 ms, GC Workers: 2]
      [GC Worker Start (ms): Min: 70160714.8, Avg: 70160714.8, Max: 70160714.8, Diff: 0.0]
      [Ext Root Scanning (ms): Min: 60.1, Avg: 63.8, Max: 67.5, Diff: 7.4, Sum: 127.6]
      [Update RS (ms): Min: 26.8, Avg: 30.9, Max: 35.0, Diff: 8.2, Sum: 61.8]
         [Processed Buffers: Min: 227, Avg: 283.0, Max: 339, Diff: 112, Sum: 566]
      [Scan RS (ms): Min: 12.9, Avg: 13.4, Max: 13.8, Diff: 0.9, Sum: 26.8]
      [Code Root Scanning (ms): Min: 0.1, Avg: 0.1, Max: 0.2, Diff: 0.1, Sum: 0.2]
      [Object Copy (ms): Min: 56.1, Avg: 57.0, Max: 57.9, Diff: 1.8, Sum: 114.0]
      [Termination (ms): Min: 0.0, Avg: 0.0, Max: 0.0, Diff: 0.0, Sum: 0.0]
      [GC Worker Other (ms): Min: 0.2, Avg: 0.2, Max: 0.2, Diff: 0.0, Sum: 0.3]
      [GC Worker Total (ms): Min: 165.3, Avg: 165.3, Max: 165.3, Diff: 0.0, Sum: 330.7]
      [GC Worker End (ms): Min: 70160880.1, Avg: 70160880.1, Max: 70160880.1, Diff: 0.0]
   [Code Root Fixup: 0.3 ms]
   [Code Root Migration: 0.0 ms]
   [Clear CT: 0.4 ms]
   [Other: 6.8 ms]
      [Choose CSet: 0.0 ms]
      [Ref Proc: 3.0 ms]
      [Ref Enq: 0.2 ms]
      [Free CSet: 0.9 ms]
   [Eden: 258.0M(258.0M)->0.0B(686.0M) Survivors: 56.0M->26.0M Heap: 1707.0M(4096.0M)->1456.0M(4096.0M)]
 [Times: user=0.34 sys=0.00, real=0.17 secs] 
2016-08-31T09:05:36.648+0200: 70186.782: [GC pause (young), 0.1695070 secs]
   [Parallel Time: 158.4 ms, GC Workers: 2]
      [GC Worker Start (ms): Min: 70186783.6, Avg: 70186784.9, Max: 70186786.3, Diff: 2.7]
      [Ext Root Scanning (ms): Min: 47.8, Avg: 49.4, Max: 51.1, Diff: 3.3, Sum: 98.8]
      [Update RS (ms): Min: 41.0, Avg: 41.4, Max: 41.7, Diff: 0.7, Sum: 82.7]
         [Processed Buffers: Min: 303, Avg: 322.5, Max: 342, Diff: 39, Sum: 645]
      [Scan RS (ms): Min: 9.9, Avg: 10.0, Max: 10.1, Diff: 0.2, Sum: 19.9]
      [Code Root Scanning (ms): Min: 0.1, Avg: 0.2, Max: 0.2, Diff: 0.1, Sum: 0.4]
      [Object Copy (ms): Min: 55.7, Avg: 55.9, Max: 56.0, Diff: 0.3, Sum: 111.7]
      [Termination (ms): Min: 0.0, Avg: 0.0, Max: 0.0, Diff: 0.0, Sum: 0.0]
      [GC Worker Other (ms): Min: 0.2, Avg: 0.2, Max: 0.2, Diff: 0.1, Sum: 0.4]
      [GC Worker Total (ms): Min: 155.6, Avg: 157.0, Max: 158.3, Diff: 2.7, Sum: 314.0]
      [GC Worker End (ms): Min: 70186941.9, Avg: 70186941.9, Max: 70186941.9, Diff: 0.0]
   [Code Root Fixup: 0.4 ms]
   [Code Root Migration: 0.1 ms]
   [Clear CT: 0.5 ms]
   [Other: 10.1 ms]
      [Choose CSet: 0.0 ms]
      [Ref Proc: 5.7 ms]
      [Ref Enq: 0.4 ms]
      [Free CSet: 1.4 ms]
   [Eden: 532.0M(532.0M)->0.0B(434.0M) Survivors: 26.0M->62.0M Heap: 1988.0M(4096.0M)->1493.0M(4096.0M)]
 [Times: user=0.33 sys=0.00, real=0.17 secs] 
2016-08-31T09:05:52.243+0200: 70202.378: [GC pause (young), 0.1735560 secs]
   [Parallel Time: 163.7 ms, GC Workers: 2]
      [GC Worker Start (ms): Min: 70202379.1, Avg: 70202379.7, Max: 70202380.3, Diff: 1.2]
      [Ext Root Scanning (ms): Min: 51.3, Avg: 52.1, Max: 53.0, Diff: 1.8, Sum: 104.3]
      [Update RS (ms): Min: 34.1, Avg: 34.5, Max: 34.8, Diff: 0.7, Sum: 68.9]
         [Processed Buffers: Min: 334, Avg: 336.0, Max: 338, Diff: 4, Sum: 672]
      [Scan RS (ms): Min: 13.8, Avg: 14.3, Max: 14.8, Diff: 0.9, Sum: 28.6]
      [Code Root Scanning (ms): Min: 0.1, Avg: 0.1, Max: 0.1, Diff: 0.0, Sum: 0.2]
      [Object Copy (ms): Min: 61.5, Avg: 61.7, Max: 61.9, Diff: 0.3, Sum: 123.4]
      [Termination (ms): Min: 0.0, Avg: 0.0, Max: 0.0, Diff: 0.0, Sum: 0.0]
      [GC Worker Other (ms): Min: 0.2, Avg: 0.2, Max: 0.2, Diff: 0.0, Sum: 0.4]
      [GC Worker Total (ms): Min: 162.3, Avg: 162.9, Max: 163.5, Diff: 1.2, Sum: 325.8]
      [GC Worker End (ms): Min: 70202542.6, Avg: 70202542.6, Max: 70202542.6, Diff: 0.0]
   [Code Root Fixup: 0.5 ms]
   [Code Root Migration: 0.1 ms]
   [Clear CT: 0.5 ms]
   [Other: 8.8 ms]
      [Choose CSet: 0.0 ms]
      [Ref Proc: 4.4 ms]
      [Ref Enq: 0.3 ms]
      [Free CSet: 1.2 ms]
   [Eden: 316.0M(266.0M)->0.0B(576.0M) Survivors: 62.0M->30.0M Heap: 1809.0M(4096.0M)->1497.0M(4096.0M)]
 [Times: user=0.34 sys=0.00, real=0.18 secs] 
2016-08-31T09:06:18.644+0200: 70228.778: [GC pause (young), 0.1814220 secs]
   [Parallel Time: 170.0 ms, GC Workers: 2]
      [GC Worker Start (ms): Min: 70228780.0, Avg: 70228780.0, Max: 70228780.1, Diff: 0.0]
      [Ext Root Scanning (ms): Min: 52.5, Avg: 52.8, Max: 53.0, Diff: 0.5, Sum: 105.5]
      [Update RS (ms): Min: 45.0, Avg: 45.3, Max: 45.7, Diff: 0.7, Sum: 90.7]
         [Processed Buffers: Min: 379, Avg: 382.5, Max: 386, Diff: 7, Sum: 765]
      [Scan RS (ms): Min: 12.3, Avg: 12.3, Max: 12.4, Diff: 0.1, Sum: 24.6]
      [Code Root Scanning (ms): Min: 0.1, Avg: 0.2, Max: 0.2, Diff: 0.1, Sum: 0.3]
      [Object Copy (ms): Min: 59.1, Avg: 59.1, Max: 59.2, Diff: 0.1, Sum: 118.2]
      [Termination (ms): Min: 0.0, Avg: 0.0, Max: 0.0, Diff: 0.0, Sum: 0.0]
      [GC Worker Other (ms): Min: 0.2, Avg: 0.2, Max: 0.2, Diff: 0.0, Sum: 0.4]
      [GC Worker Total (ms): Min: 169.9, Avg: 169.9, Max: 169.9, Diff: 0.0, Sum: 339.8]
      [GC Worker End (ms): Min: 70228949.9, Avg: 70228949.9, Max: 70228949.9, Diff: 0.0]
   [Code Root Fixup: 0.6 ms]
   [Code Root Migration: 0.1 ms]
   [Clear CT: 0.6 ms]
   [Other: 10.2 ms]
      [Choose CSet: 0.0 ms]
      [Ref Proc: 5.1 ms]
      [Ref Enq: 0.4 ms]
      [Free CSet: 1.5 ms]
   [Eden: 476.0M(476.0M)->0.0B(410.0M) Survivors: 30.0M->60.0M Heap: 1973.0M(4096.0M)->1526.0M(4096.0M)]
 [Times: user=0.35 sys=0.00, real=0.18 secs] 
2016-08-31T09:06:36.120+0200: 70246.254: [GC pause (young), 0.1626040 secs]
   [Parallel Time: 154.3 ms, GC Workers: 2]
      [GC Worker Start (ms): Min: 70246255.6, Avg: 70246255.6, Max: 70246255.7, Diff: 0.1]
      [Ext Root Scanning (ms): Min: 49.7, Avg: 49.8, Max: 50.0, Diff: 0.4, Sum: 99.7]
      [Update RS (ms): Min: 29.9, Avg: 30.1, Max: 30.4, Diff: 0.5, Sum: 60.2]
         [Processed Buffers: Min: 263, Avg: 293.5, Max: 324, Diff: 61, Sum: 587]
      [Scan RS (ms): Min: 14.3, Avg: 14.4, Max: 14.4, Diff: 0.0, Sum: 28.7]
      [Code Root Scanning (ms): Min: 0.1, Avg: 0.1, Max: 0.1, Diff: 0.0, Sum: 0.2]
      [Object Copy (ms): Min: 59.1, Avg: 59.6, Max: 60.0, Diff: 0.9, Sum: 119.1]
      [Termination (ms): Min: 0.0, Avg: 0.0, Max: 0.0, Diff: 0.0, Sum: 0.0]
      [GC Worker Other (ms): Min: 0.2, Avg: 0.2, Max: 0.2, Diff: 0.0, Sum: 0.4]
      [GC Worker Total (ms): Min: 154.1, Avg: 154.2, Max: 154.2, Diff: 0.1, Sum: 308.3]
      [GC Worker End (ms): Min: 70246409.8, Avg: 70246409.8, Max: 70246409.8, Diff: 0.0]
   [Code Root Fixup: 0.5 ms]
   [Code Root Migration: 0.1 ms]
   [Clear CT: 0.5 ms]
   [Other: 7.3 ms]
      [Choose CSet: 0.0 ms]
      [Ref Proc: 3.1 ms]
      [Ref Enq: 0.2 ms]
      [Free CSet: 1.1 ms]
   [Eden: 294.0M(280.0M)->0.0B(682.0M) Survivors: 60.0M->24.0M Heap: 1820.0M(4096.0M)->1524.0M(4096.0M)]
 [Times: user=0.32 sys=0.00, real=0.16 secs] 
2016-08-31T09:07:06.991+0200: 70277.126: [GC pause (young), 0.1772890 secs]
   [Parallel Time: 164.4 ms, GC Workers: 2]
      [GC Worker Start (ms): Min: 70277127.3, Avg: 70277127.3, Max: 70277127.3, Diff: 0.1]
      [Ext Root Scanning (ms): Min: 50.2, Avg: 50.6, Max: 51.0, Diff: 0.8, Sum: 101.1]
      [Update RS (ms): Min: 41.7, Avg: 41.9, Max: 42.1, Diff: 0.4, Sum: 83.7]
         [Processed Buffers: Min: 304, Avg: 327.0, Max: 350, Diff: 46, Sum: 654]
      [Scan RS (ms): Min: 11.3, Avg: 11.9, Max: 12.5, Diff: 1.3, Sum: 23.8]
      [Code Root Scanning (ms): Min: 0.2, Avg: 0.2, Max: 0.3, Diff: 0.1, Sum: 0.4]
      [Object Copy (ms): Min: 59.6, Avg: 59.6, Max: 59.7, Diff: 0.1, Sum: 119.2]
      [Termination (ms): Min: 0.0, Avg: 0.0, Max: 0.0, Diff: 0.0, Sum: 0.0]
      [GC Worker Other (ms): Min: 0.1, Avg: 0.1, Max: 0.2, Diff: 0.1, Sum: 0.3]
      [GC Worker Total (ms): Min: 164.2, Avg: 164.3, Max: 164.3, Diff: 0.1, Sum: 328.5]
      [GC Worker End (ms): Min: 70277291.6, Avg: 70277291.6, Max: 70277291.6, Diff: 0.0]
   [Code Root Fixup: 0.5 ms]
   [Code Root Migration: 0.1 ms]
   [Clear CT: 1.1 ms]
   [Other: 11.2 ms]
      [Choose CSet: 0.0 ms]
      [Ref Proc: 5.8 ms]
      [Ref Enq: 0.5 ms]
      [Free CSet: 1.7 ms]
   [Eden: 566.0M(538.0M)->0.0B(488.0M) Survivors: 24.0M->58.0M Heap: 2090.0M(4096.0M)->1559.0M(4096.0M)]
 [Times: user=0.34 sys=0.00, real=0.18 secs] 
2016-08-31T09:07:24.867+0200: 70295.001: [GC pause (young), 0.1702280 secs]
   [Parallel Time: 161.4 ms, GC Workers: 2]
      [GC Worker Start (ms): Min: 70295002.3, Avg: 70295002.4, Max: 70295002.4, Diff: 0.1]
      [Ext Root Scanning (ms): Min: 51.0, Avg: 52.5, Max: 53.9, Diff: 2.9, Sum: 104.9]
      [Update RS (ms): Min: 31.9, Avg: 32.3, Max: 32.6, Diff: 0.7, Sum: 64.5]
         [Processed Buffers: Min: 270, Avg: 282.5, Max: 295, Diff: 25, Sum: 565]
      [Scan RS (ms): Min: 14.3, Avg: 14.6, Max: 14.8, Diff: 0.4, Sum: 29.1]
      [Code Root Scanning (ms): Min: 0.1, Avg: 0.1, Max: 0.2, Diff: 0.1, Sum: 0.2]
      [Object Copy (ms): Min: 60.2, Avg: 61.8, Max: 63.3, Diff: 3.1, Sum: 123.5]
      [Termination (ms): Min: 0.0, Avg: 0.0, Max: 0.0, Diff: 0.0, Sum: 0.0]
      [GC Worker Other (ms): Min: 0.1, Avg: 0.1, Max: 0.2, Diff: 0.1, Sum: 0.2]
      [GC Worker Total (ms): Min: 161.2, Avg: 161.3, Max: 161.3, Diff: 0.1, Sum: 322.5]
      [GC Worker End (ms): Min: 70295163.7, Avg: 70295163.7, Max: 70295163.7, Diff: 0.0]
   [Code Root Fixup: 0.5 ms]
   [Code Root Migration: 0.1 ms]
   [Clear CT: 0.5 ms]
   [Other: 7.8 ms]
      [Choose CSet: 0.0 ms]
      [Ref Proc: 3.4 ms]
      [Ref Enq: 0.3 ms]
      [Free CSet: 1.2 ms]
   [Eden: 344.0M(320.0M)->0.0B(718.0M) Survivors: 58.0M->30.0M Heap: 1903.0M(4096.0M)->1562.0M(4096.0M)]
 [Times: user=0.32 sys=0.00, real=0.17 secs] 
2016-08-31T09:07:53.974+0200: 70324.108: [GC pause (young), 0.1757410 secs]
   [Parallel Time: 166.4 ms, GC Workers: 2]
      [GC Worker Start (ms): Min: 70324109.7, Avg: 70324110.8, Max: 70324111.9, Diff: 2.2]
      [Ext Root Scanning (ms): Min: 54.5, Avg: 54.6, Max: 54.6, Diff: 0.1, Sum: 109.2]
      [Update RS (ms): Min: 45.6, Avg: 46.0, Max: 46.4, Diff: 0.9, Sum: 92.0]
         [Processed Buffers: Min: 316, Avg: 323.0, Max: 330, Diff: 14, Sum: 646]
      [Scan RS (ms): Min: 12.4, Avg: 12.7, Max: 12.9, Diff: 0.5, Sum: 25.3]
      [Code Root Scanning (ms): Min: 0.2, Avg: 0.2, Max: 0.2, Diff: 0.1, Sum: 0.4]
      [Object Copy (ms): Min: 50.1, Avg: 51.7, Max: 53.4, Diff: 3.3, Sum: 103.4]
      [Termination (ms): Min: 0.0, Avg: 0.0, Max: 0.0, Diff: 0.0, Sum: 0.0]
      [GC Worker Other (ms): Min: 0.0, Avg: 0.1, Max: 0.2, Diff: 0.1, Sum: 0.2]
      [GC Worker Total (ms): Min: 164.2, Avg: 165.3, Max: 166.4, Diff: 2.2, Sum: 330.5]
      [GC Worker End (ms): Min: 70324276.0, Avg: 70324276.0, Max: 70324276.0, Diff: 0.0]
   [Code Root Fixup: 0.2 ms]
   [Code Root Migration: 0.1 ms]
   [Clear CT: 0.5 ms]
   [Other: 8.5 ms]
      [Choose CSet: 0.0 ms]
      [Ref Proc: 4.4 ms]
      [Ref Enq: 0.3 ms]
      [Free CSet: 1.2 ms]
   [Eden: 572.0M(572.0M)->0.0B(546.0M) Survivors: 30.0M->58.0M Heap: 2134.0M(4096.0M)->1591.0M(4096.0M)]
 [Times: user=0.33 sys=0.00, real=0.17 secs] 
2016-08-31T09:08:12.880+0200: 70343.014: [GC pause (young), 0.1919870 secs]
   [Parallel Time: 180.8 ms, GC Workers: 2]
      [GC Worker Start (ms): Min: 70343015.9, Avg: 70343015.9, Max: 70343015.9, Diff: 0.0]
      [Ext Root Scanning (ms): Min: 50.4, Avg: 50.6, Max: 50.9, Diff: 0.5, Sum: 101.2]
      [Update RS (ms): Min: 41.2, Avg: 41.6, Max: 41.9, Diff: 0.7, Sum: 83.2]
         [Processed Buffers: Min: 325, Avg: 361.0, Max: 397, Diff: 72, Sum: 722]
      [Scan RS (ms): Min: 15.5, Avg: 15.6, Max: 15.7, Diff: 0.2, Sum: 31.2]
      [Code Root Scanning (ms): Min: 0.1, Avg: 0.1, Max: 0.2, Diff: 0.1, Sum: 0.3]
      [Object Copy (ms): Min: 72.6, Avg: 72.6, Max: 72.6, Diff: 0.1, Sum: 145.2]
      [Termination (ms): Min: 0.0, Avg: 0.0, Max: 0.0, Diff: 0.0, Sum: 0.0]
      [GC Worker Other (ms): Min: 0.2, Avg: 0.2, Max: 0.2, Diff: 0.0, Sum: 0.3]
      [GC Worker Total (ms): Min: 180.8, Avg: 180.8, Max: 180.8, Diff: 0.0, Sum: 361.6]
      [GC Worker End (ms): Min: 70343196.7, Avg: 70343196.7, Max: 70343196.7, Diff: 0.0]
   [Code Root Fixup: 0.5 ms]
   [Code Root Migration: 0.1 ms]
   [Clear CT: 0.6 ms]
   [Other: 10.0 ms]
      [Choose CSet: 0.0 ms]
      [Ref Proc: 5.0 ms]
      [Ref Enq: 0.4 ms]
      [Free CSet: 1.3 ms]
   [Eden: 406.0M(362.0M)->0.0B(472.0M) Survivors: 58.0M->50.0M Heap: 1997.0M(4096.0M)->1616.0M(4096.0M)]
 [Times: user=0.37 sys=0.01, real=0.19 secs] 
2016-08-31T09:08:34.710+0200: 70364.844: [GC pause (young), 0.1714920 secs]
   [Parallel Time: 161.9 ms, GC Workers: 2]
      [GC Worker Start (ms): Min: 70364845.7, Avg: 70364845.7, Max: 70364845.7, Diff: 0.0]
      [Ext Root Scanning (ms): Min: 51.3, Avg: 51.9, Max: 52.5, Diff: 1.2, Sum: 103.8]
      [Update RS (ms): Min: 42.0, Avg: 42.1, Max: 42.2, Diff: 0.3, Sum: 84.2]
         [Processed Buffers: Min: 357, Avg: 359.5, Max: 362, Diff: 5, Sum: 719]
      [Scan RS (ms): Min: 11.9, Avg: 12.0, Max: 12.2, Diff: 0.3, Sum: 24.0]
      [Code Root Scanning (ms): Min: 0.1, Avg: 0.2, Max: 0.2, Diff: 0.1, Sum: 0.3]
      [Object Copy (ms): Min: 55.0, Avg: 55.5, Max: 56.0, Diff: 1.1, Sum: 111.0]
      [Termination (ms): Min: 0.0, Avg: 0.0, Max: 0.0, Diff: 0.0, Sum: 0.0]
      [GC Worker Other (ms): Min: 0.2, Avg: 0.2, Max: 0.2, Diff: 0.0, Sum: 0.3]
      [GC Worker Total (ms): Min: 161.8, Avg: 161.9, Max: 161.9, Diff: 0.0, Sum: 323.7]
      [GC Worker End (ms): Min: 70365007.6, Avg: 70365007.6, Max: 70365007.6, Diff: 0.0]
   [Code Root Fixup: 0.3 ms]
   [Code Root Migration: 0.1 ms]
   [Clear CT: 0.4 ms]
   [Other: 8.8 ms]
      [Choose CSet: 0.0 ms]
      [Ref Proc: 4.7 ms]
      [Ref Enq: 0.2 ms]
      [Free CSet: 1.0 ms]
   [Eden: 472.0M(472.0M)->0.0B(564.0M) Survivors: 50.0M->44.0M Heap: 2088.0M(4096.0M)->1636.0M(4096.0M)]
 [Times: user=0.33 sys=0.00, real=0.17 secs] 
2016-08-31T09:08:56.840+0200: 70386.975: [GC pause (young), 0.1720600 secs]
   [Parallel Time: 163.1 ms, GC Workers: 2]
      [GC Worker Start (ms): Min: 70386976.6, Avg: 70386976.6, Max: 70386976.7, Diff: 0.1]
      [Ext Root Scanning (ms): Min: 51.4, Avg: 51.8, Max: 52.1, Diff: 0.7, Sum: 103.5]
      [Update RS (ms): Min: 42.2, Avg: 42.4, Max: 42.5, Diff: 0.3, Sum: 84.7]
         [Processed Buffers: Min: 311, Avg: 346.5, Max: 382, Diff: 71, Sum: 693]
      [Scan RS (ms): Min: 12.7, Avg: 12.9, Max: 13.0, Diff: 0.3, Sum: 25.7]
      [Code Root Scanning (ms): Min: 0.1, Avg: 0.2, Max: 0.2, Diff: 0.1, Sum: 0.3]
      [Object Copy (ms): Min: 55.4, Avg: 55.7, Max: 56.1, Diff: 0.7, Sum: 111.5]
      [Termination (ms): Min: 0.0, Avg: 0.0, Max: 0.0, Diff: 0.0, Sum: 0.0]
      [GC Worker Other (ms): Min: 0.2, Avg: 0.2, Max: 0.2, Diff: 0.0, Sum: 0.4]
      [GC Worker Total (ms): Min: 163.0, Avg: 163.0, Max: 163.1, Diff: 0.1, Sum: 326.1]
      [GC Worker End (ms): Min: 70387139.7, Avg: 70387139.7, Max: 70387139.7, Diff: 0.0]
   [Code Root Fixup: 0.3 ms]
   [Code Root Migration: 0.1 ms]
   [Clear CT: 0.5 ms]
   [Other: 8.1 ms]
      [Choose CSet: 0.0 ms]
      [Ref Proc: 3.7 ms]
      [Ref Enq: 0.2 ms]
      [Free CSet: 1.1 ms]
   [Eden: 456.0M(412.0M)->0.0B(626.0M) Survivors: 44.0M->36.0M Heap: 2092.0M(4096.0M)->1654.0M(4096.0M)]
 [Times: user=0.34 sys=0.00, real=0.18 secs] 
2016-08-31T09:09:25.079+0200: 70415.214: [GC pause (young), 0.1884280 secs]
   [Parallel Time: 179.3 ms, GC Workers: 2]
      [GC Worker Start (ms): Min: 70415215.3, Avg: 70415215.3, Max: 70415215.3, Diff: 0.0]
      [Ext Root Scanning (ms): Min: 62.2, Avg: 63.6, Max: 64.9, Diff: 2.7, Sum: 127.1]
      [Update RS (ms): Min: 44.0, Avg: 46.1, Max: 48.3, Diff: 4.4, Sum: 92.3]
         [Processed Buffers: Min: 293, Avg: 327.5, Max: 362, Diff: 69, Sum: 655]
      [Scan RS (ms): Min: 13.4, Avg: 13.9, Max: 14.4, Diff: 1.0, Sum: 27.9]
      [Code Root Scanning (ms): Min: 0.2, Avg: 0.2, Max: 0.2, Diff: 0.0, Sum: 0.4]
      [Object Copy (ms): Min: 54.8, Avg: 55.1, Max: 55.5, Diff: 0.7, Sum: 110.3]
      [Termination (ms): Min: 0.0, Avg: 0.0, Max: 0.0, Diff: 0.0, Sum: 0.0]
      [GC Worker Other (ms): Min: 0.2, Avg: 0.2, Max: 0.2, Diff: 0.0, Sum: 0.4]
      [GC Worker Total (ms): Min: 179.1, Avg: 179.1, Max: 179.2, Diff: 0.0, Sum: 358.3]
      [GC Worker End (ms): Min: 70415394.5, Avg: 70415394.5, Max: 70415394.5, Diff: 0.0]
   [Code Root Fixup: 0.3 ms]
   [Code Root Migration: 0.1 ms]
   [Clear CT: 0.5 ms]
   [Other: 8.3 ms]
      [Choose CSet: 0.0 ms]
      [Ref Proc: 4.1 ms]
      [Ref Enq: 0.2 ms]
      [Free CSet: 1.2 ms]
   [Eden: 548.0M(492.0M)->0.0B(488.0M) Survivors: 36.0M->56.0M Heap: 2202.0M(4096.0M)->1691.0M(4096.0M)]
 [Times: user=0.35 sys=0.01, real=0.19 secs] 
2016-08-31T09:09:49.448+0200: 70439.583: [GC pause (young), 0.1931170 secs]
   [Parallel Time: 183.4 ms, GC Workers: 2]
      [GC Worker Start (ms): Min: 70439584.8, Avg: 70439584.8, Max: 70439584.8, Diff: 0.0]
      [Ext Root Scanning (ms): Min: 51.8, Avg: 59.2, Max: 66.7, Diff: 14.9, Sum: 118.4]
      [Update RS (ms): Min: 37.6, Avg: 45.5, Max: 53.4, Diff: 15.7, Sum: 91.0]
         [Processed Buffers: Min: 353, Avg: 407.0, Max: 461, Diff: 108, Sum: 814]
      [Scan RS (ms): Min: 13.4, Avg: 13.6, Max: 13.9, Diff: 0.5, Sum: 27.2]
      [Code Root Scanning (ms): Min: 0.1, Avg: 0.2, Max: 0.2, Diff: 0.1, Sum: 0.4]
      [Object Copy (ms): Min: 63.9, Avg: 64.6, Max: 65.2, Diff: 1.3, Sum: 129.2]
      [Termination (ms): Min: 0.0, Avg: 0.0, Max: 0.0, Diff: 0.0, Sum: 0.0]
      [GC Worker Other (ms): Min: 0.2, Avg: 0.2, Max: 0.2, Diff: 0.0, Sum: 0.4]
      [GC Worker Total (ms): Min: 183.3, Avg: 183.3, Max: 183.3, Diff: 0.0, Sum: 366.6]
      [GC Worker End (ms): Min: 70439768.1, Avg: 70439768.1, Max: 70439768.1, Diff: 0.0]
   [Code Root Fixup: 0.3 ms]
   [Code Root Migration: 0.1 ms]
   [Clear CT: 0.5 ms]
   [Other: 8.9 ms]
      [Choose CSet: 0.0 ms]
      [Ref Proc: 4.5 ms]
      [Ref Enq: 0.2 ms]
      [Free CSet: 1.1 ms]
   [Eden: 488.0M(488.0M)->0.0B(410.0M) Survivors: 56.0M->58.0M Heap: 2179.0M(4096.0M)->1722.0M(4096.0M)]
 [Times: user=0.37 sys=0.00, real=0.20 secs] 
2016-08-31T09:10:10.706+0200: 70460.841: [GC pause (young), 0.1646620 secs]
   [Parallel Time: 156.4 ms, GC Workers: 2]
      [GC Worker Start (ms): Min: 70460842.3, Avg: 70460842.3, Max: 70460842.3, Diff: 0.0]
      [Ext Root Scanning (ms): Min: 50.4, Avg: 51.1, Max: 51.8, Diff: 1.5, Sum: 102.2]
      [Update RS (ms): Min: 36.8, Avg: 37.0, Max: 37.2, Diff: 0.5, Sum: 74.0]
         [Processed Buffers: Min: 290, Avg: 304.5, Max: 319, Diff: 29, Sum: 609]
      [Scan RS (ms): Min: 13.2, Avg: 13.3, Max: 13.3, Diff: 0.2, Sum: 26.5]
      [Code Root Scanning (ms): Min: 0.1, Avg: 0.1, Max: 0.2, Diff: 0.1, Sum: 0.3]
      [Object Copy (ms): Min: 54.1, Avg: 54.7, Max: 55.2, Diff: 1.1, Sum: 109.4]
      [Termination (ms): Min: 0.0, Avg: 0.0, Max: 0.0, Diff: 0.0, Sum: 0.0]
      [GC Worker Other (ms): Min: 0.2, Avg: 0.2, Max: 0.2, Diff: 0.0, Sum: 0.3]
      [GC Worker Total (ms): Min: 156.4, Avg: 156.4, Max: 156.4, Diff: 0.0, Sum: 312.7]
      [GC Worker End (ms): Min: 70460998.6, Avg: 70460998.6, Max: 70460998.7, Diff: 0.0]
   [Code Root Fixup: 0.3 ms]
   [Code Root Migration: 0.1 ms]
   [Clear CT: 0.5 ms]
   [Other: 7.4 ms]
      [Choose CSet: 0.0 ms]
      [Ref Proc: 3.3 ms]
      [Ref Enq: 0.2 ms]
      [Free CSet: 1.1 ms]
   [Eden: 410.0M(410.0M)->0.0B(640.0M) Survivors: 58.0M->36.0M Heap: 2132.0M(4096.0M)->1726.0M(4096.0M)]
 [Times: user=0.32 sys=0.00, real=0.16 secs] 
2016-08-31T09:10:39.039+0200: 70489.173: [GC pause (young), 0.1804480 secs]
   [Parallel Time: 172.4 ms, GC Workers: 2]
      [GC Worker Start (ms): Min: 70489174.4, Avg: 70489174.4, Max: 70489174.4, Diff: 0.0]
      [Ext Root Scanning (ms): Min: 67.0, Avg: 70.9, Max: 74.8, Diff: 7.8, Sum: 141.8]
      [Update RS (ms): Min: 38.8, Avg: 41.1, Max: 43.3, Diff: 4.5, Sum: 82.1]
         [Processed Buffers: Min: 283, Avg: 343.5, Max: 404, Diff: 121, Sum: 687]
      [Scan RS (ms): Min: 11.5, Avg: 11.6, Max: 11.7, Diff: 0.2, Sum: 23.2]
      [Code Root Scanning (ms): Min: 0.1, Avg: 0.1, Max: 0.1, Diff: 0.0, Sum: 0.2]
      [Object Copy (ms): Min: 47.0, Avg: 48.5, Max: 50.0, Diff: 3.0, Sum: 97.0]
      [Termination (ms): Min: 0.0, Avg: 0.0, Max: 0.0, Diff: 0.0, Sum: 0.0]
      [GC Worker Other (ms): Min: 0.0, Avg: 0.1, Max: 0.2, Diff: 0.2, Sum: 0.3]
      [GC Worker Total (ms): Min: 172.3, Avg: 172.3, Max: 172.3, Diff: 0.0, Sum: 344.6]
      [GC Worker End (ms): Min: 70489346.7, Avg: 70489346.7, Max: 70489346.7, Diff: 0.0]
   [Code Root Fixup: 0.3 ms]
   [Code Root Migration: 0.1 ms]
   [Clear CT: 0.4 ms]
   [Other: 7.3 ms]
      [Choose CSet: 0.0 ms]
      [Ref Proc: 3.9 ms]
      [Ref Enq: 0.2 ms]
      [Free CSet: 1.0 ms]
   [Eden: 562.0M(464.0M)->0.0B(470.0M) Survivors: 36.0M->64.0M Heap: 2288.0M(4096.0M)->1757.0M(4096.0M)]
 [Times: user=0.22 sys=0.00, real=0.18 secs] 
2016-08-31T09:10:54.109+0200: 70504.243: [GC pause (young), 0.1666760 secs]
   [Parallel Time: 158.5 ms, GC Workers: 2]
      [GC Worker Start (ms): Min: 70504244.6, Avg: 70504244.7, Max: 70504244.7, Diff: 0.1]
      [Ext Root Scanning (ms): Min: 50.1, Avg: 50.6, Max: 51.1, Diff: 1.0, Sum: 101.2]
      [Update RS (ms): Min: 32.4, Avg: 32.8, Max: 33.1, Diff: 0.7, Sum: 65.6]
         [Processed Buffers: Min: 307, Avg: 326.0, Max: 345, Diff: 38, Sum: 652]
      [Scan RS (ms): Min: 15.6, Avg: 15.9, Max: 16.3, Diff: 0.6, Sum: 31.9]
      [Code Root Scanning (ms): Min: 0.1, Avg: 0.1, Max: 0.2, Diff: 0.0, Sum: 0.3]
      [Object Copy (ms): Min: 58.3, Avg: 58.8, Max: 59.3, Diff: 1.0, Sum: 117.6]
      [Termination (ms): Min: 0.0, Avg: 0.0, Max: 0.0, Diff: 0.0, Sum: 0.0]
      [GC Worker Other (ms): Min: 0.2, Avg: 0.2, Max: 0.2, Diff: 0.0, Sum: 0.3]
      [GC Worker Total (ms): Min: 158.4, Avg: 158.4, Max: 158.5, Diff: 0.1, Sum: 316.8]
      [GC Worker End (ms): Min: 70504403.1, Avg: 70504403.1, Max: 70504403.1, Diff: 0.0]
   [Code Root Fixup: 0.4 ms]
   [Code Root Migration: 0.1 ms]
   [Clear CT: 1.0 ms]
   [Other: 6.7 ms]
      [Choose CSet: 0.0 ms]
      [Ref Proc: 2.7 ms]
      [Ref Enq: 0.2 ms]
      [Free CSet: 0.9 ms]
   [Eden: 356.0M(316.0M)->0.0B(758.0M) Survivors: 64.0M->38.0M Heap: 2113.0M(4096.0M)->1770.0M(4096.0M)]
 [Times: user=0.32 sys=0.00, real=0.17 secs] 
2016-08-31T09:11:22.259+0200: 70532.393: [GC pause (young), 0.1965380 secs]
   [Parallel Time: 183.7 ms, GC Workers: 2]
      [GC Worker Start (ms): Min: 70532395.2, Avg: 70532395.2, Max: 70532395.2, Diff: 0.1]
      [Ext Root Scanning (ms): Min: 51.1, Avg: 54.7, Max: 58.3, Diff: 7.2, Sum: 109.4]
      [Update RS (ms): Min: 45.2, Avg: 49.3, Max: 53.5, Diff: 8.3, Sum: 98.7]
         [Processed Buffers: Min: 318, Avg: 352.0, Max: 386, Diff: 68, Sum: 704]
      [Scan RS (ms): Min: 12.6, Avg: 12.7, Max: 12.7, Diff: 0.1, Sum: 25.4]
      [Code Root Scanning (ms): Min: 0.1, Avg: 0.2, Max: 0.2, Diff: 0.1, Sum: 0.4]
      [Object Copy (ms): Min: 66.0, Avg: 66.5, Max: 67.1, Diff: 1.1, Sum: 133.0]
      [Termination (ms): Min: 0.0, Avg: 0.0, Max: 0.0, Diff: 0.0, Sum: 0.0]
      [GC Worker Other (ms): Min: 0.2, Avg: 0.2, Max: 0.2, Diff: 0.0, Sum: 0.4]
      [GC Worker Total (ms): Min: 183.5, Avg: 183.6, Max: 183.6, Diff: 0.1, Sum: 367.2]
      [GC Worker End (ms): Min: 70532578.8, Avg: 70532578.8, Max: 70532578.8, Diff: 0.0]
   [Code Root Fixup: 0.6 ms]
   [Code Root Migration: 0.1 ms]
   [Clear CT: 0.7 ms]
   [Other: 11.5 ms]
      [Choose CSet: 0.0 ms]
      [Ref Proc: 6.2 ms]
      [Ref Enq: 0.5 ms]
      [Free CSet: 1.6 ms]
   [Eden: 538.0M(524.0M)->0.0B(372.0M) Survivors: 38.0M->70.0M Heap: 2308.0M(4096.0M)->1801.0M(4096.0M)]
 [Times: user=0.37 sys=0.00, real=0.20 secs] 
2016-08-31T09:11:39.997+0200: 70550.132: [GC pause (young), 0.1837950 secs]
   [Parallel Time: 172.8 ms, GC Workers: 2]
      [GC Worker Start (ms): Min: 70550133.2, Avg: 70550136.0, Max: 70550138.7, Diff: 5.5]
      [Ext Root Scanning (ms): Min: 50.6, Avg: 53.0, Max: 55.4, Diff: 4.8, Sum: 106.0]
      [Update RS (ms): Min: 33.3, Avg: 33.5, Max: 33.7, Diff: 0.4, Sum: 67.0]
         [Processed Buffers: Min: 304, Avg: 309.0, Max: 314, Diff: 10, Sum: 618]
      [Scan RS (ms): Min: 15.5, Avg: 15.8, Max: 16.1, Diff: 0.6, Sum: 31.6]
      [Code Root Scanning (ms): Min: 0.1, Avg: 0.1, Max: 0.2, Diff: 0.1, Sum: 0.3]
      [Object Copy (ms): Min: 67.0, Avg: 67.2, Max: 67.4, Diff: 0.4, Sum: 134.4]
      [Termination (ms): Min: 0.0, Avg: 0.0, Max: 0.0, Diff: 0.0, Sum: 0.0]
      [GC Worker Other (ms): Min: 0.2, Avg: 0.2, Max: 0.2, Diff: 0.0, Sum: 0.4]
      [GC Worker Total (ms): Min: 167.1, Avg: 169.9, Max: 172.6, Diff: 5.5, Sum: 339.7]
      [GC Worker End (ms): Min: 70550305.8, Avg: 70550305.8, Max: 70550305.8, Diff: 0.0]
   [Code Root Fixup: 0.5 ms]
   [Code Root Migration: 0.1 ms]
   [Clear CT: 1.1 ms]
   [Other: 9.4 ms]
      [Choose CSet: 0.0 ms]
      [Ref Proc: 4.5 ms]
      [Ref Enq: 0.3 ms]
      [Free CSet: 1.3 ms]
   [Eden: 372.0M(274.0M)->0.0B(638.0M) Survivors: 70.0M->32.0M Heap: 2173.0M(4096.0M)->1804.0M(4096.0M)]
 [Times: user=0.35 sys=0.00, real=0.18 secs] 
2016-08-31T09:12:08.577+0200: 70578.712: [GC pause (young), 0.1849650 secs]
   [Parallel Time: 174.0 ms, GC Workers: 2]
      [GC Worker Start (ms): Min: 70578713.7, Avg: 70578716.3, Max: 70578719.0, Diff: 5.3]
      [Ext Root Scanning (ms): Min: 53.9, Avg: 56.7, Max: 59.5, Diff: 5.5, Sum: 113.4]
      [Update RS (ms): Min: 46.5, Avg: 46.5, Max: 46.6, Diff: 0.1, Sum: 93.0]
         [Processed Buffers: Min: 322, Avg: 352.5, Max: 383, Diff: 61, Sum: 705]
      [Scan RS (ms): Min: 13.1, Avg: 13.1, Max: 13.2, Diff: 0.1, Sum: 26.3]
      [Code Root Scanning (ms): Min: 0.2, Avg: 0.2, Max: 0.2, Diff: 0.1, Sum: 0.4]
      [Object Copy (ms): Min: 54.3, Avg: 54.5, Max: 54.7, Diff: 0.3, Sum: 109.0]
      [Termination (ms): Min: 0.0, Avg: 0.0, Max: 0.0, Diff: 0.0, Sum: 0.0]
      [GC Worker Other (ms): Min: 0.1, Avg: 0.2, Max: 0.2, Diff: 0.0, Sum: 0.3]
      [GC Worker Total (ms): Min: 168.6, Avg: 171.2, Max: 173.9, Diff: 5.3, Sum: 342.5]
      [GC Worker End (ms): Min: 70578887.6, Avg: 70578887.6, Max: 70578887.6, Diff: 0.0]
   [Code Root Fixup: 0.3 ms]
   [Code Root Migration: 0.1 ms]
   [Clear CT: 0.4 ms]
   [Other: 10.2 ms]
      [Choose CSet: 0.0 ms]
      [Ref Proc: 5.6 ms]
      [Ref Enq: 0.3 ms]
      [Free CSet: 1.2 ms]
   [Eden: 610.0M(424.0M)->0.0B(420.0M) Survivors: 32.0M->58.0M Heap: 2414.0M(4096.0M)->1844.0M(4096.0M)]
 [Times: user=0.34 sys=0.00, real=0.19 secs] 
2016-08-31T09:12:21.752+0200: 70591.887: [GC pause (young), 0.1905200 secs]
   [Parallel Time: 181.5 ms, GC Workers: 2]
      [GC Worker Start (ms): Min: 70591888.4, Avg: 70591888.4, Max: 70591888.4, Diff: 0.0]
      [Ext Root Scanning (ms): Min: 53.9, Avg: 54.0, Max: 54.1, Diff: 0.2, Sum: 108.0]
      [Update RS (ms): Min: 34.6, Avg: 35.1, Max: 35.6, Diff: 0.9, Sum: 70.2]
         [Processed Buffers: Min: 367, Avg: 375.0, Max: 383, Diff: 16, Sum: 750]
      [Scan RS (ms): Min: 15.3, Avg: 15.8, Max: 16.3, Diff: 1.0, Sum: 31.6]
      [Code Root Scanning (ms): Min: 0.1, Avg: 0.1, Max: 0.1, Diff: 0.0, Sum: 0.2]
      [Object Copy (ms): Min: 76.1, Avg: 76.2, Max: 76.2, Diff: 0.2, Sum: 152.3]
      [Termination (ms): Min: 0.0, Avg: 0.0, Max: 0.0, Diff: 0.0, Sum: 0.0]
      [GC Worker Other (ms): Min: 0.2, Avg: 0.2, Max: 0.2, Diff: 0.0, Sum: 0.4]
      [GC Worker Total (ms): Min: 181.4, Avg: 181.4, Max: 181.4, Diff: 0.0, Sum: 362.7]
      [GC Worker End (ms): Min: 70592069.8, Avg: 70592069.8, Max: 70592069.8, Diff: 0.0]
   [Code Root Fixup: 0.4 ms]
   [Code Root Migration: 0.1 ms]
   [Clear CT: 0.5 ms]
   [Other: 8.0 ms]
      [Choose CSet: 0.0 ms]
      [Ref Proc: 3.4 ms]
      [Ref Enq: 0.3 ms]
      [Free CSet: 1.2 ms]
   [Eden: 292.0M(290.0M)->0.0B(694.0M) Survivors: 58.0M->32.0M Heap: 2136.0M(4096.0M)->1876.0M(4096.0M)]
 [Times: user=0.37 sys=0.00, real=0.20 secs] 
2016-08-31T09:12:49.651+0200: 70619.785: [GC pause (young) (initial-mark), 0.2202060 secs]
   [Parallel Time: 208.3 ms, GC Workers: 2]
      [GC Worker Start (ms): Min: 70619787.7, Avg: 70619787.8, Max: 70619787.8, Diff: 0.0]
      [Ext Root Scanning (ms): Min: 50.3, Avg: 50.5, Max: 50.7, Diff: 0.4, Sum: 101.0]
      [Code Root Marking (ms): Min: 13.5, Avg: 14.0, Max: 14.5, Diff: 1.1, Sum: 28.0]
      [Update RS (ms): Min: 50.4, Avg: 51.3, Max: 52.1, Diff: 1.7, Sum: 102.5]
         [Processed Buffers: Min: 339, Avg: 413.5, Max: 488, Diff: 149, Sum: 827]
      [Scan RS (ms): Min: 12.8, Avg: 13.3, Max: 13.8, Diff: 0.9, Sum: 26.6]
      [Code Root Scanning (ms): Min: 0.1, Avg: 0.2, Max: 0.3, Diff: 0.1, Sum: 0.4]
      [Object Copy (ms): Min: 78.8, Avg: 78.8, Max: 78.8, Diff: 0.0, Sum: 157.6]
      [Termination (ms): Min: 0.0, Avg: 0.0, Max: 0.0, Diff: 0.0, Sum: 0.0]
      [GC Worker Other (ms): Min: 0.1, Avg: 0.1, Max: 0.2, Diff: 0.1, Sum: 0.2]
      [GC Worker Total (ms): Min: 208.1, Avg: 208.1, Max: 208.2, Diff: 0.0, Sum: 416.3]
      [GC Worker End (ms): Min: 70619995.9, Avg: 70619995.9, Max: 70619995.9, Diff: 0.0]
   [Code Root Fixup: 0.3 ms]
   [Code Root Migration: 0.1 ms]
   [Clear CT: 0.5 ms]
   [Other: 11.1 ms]
      [Choose CSet: 0.0 ms]
      [Ref Proc: 5.2 ms]
      [Ref Enq: 0.3 ms]
      [Free CSet: 1.4 ms]
   [Eden: 584.0M(452.0M)->0.0B(232.0M) Survivors: 32.0M->62.0M Heap: 2460.0M(4096.0M)->1925.0M(4096.0M)]
 [Times: user=0.43 sys=0.00, real=0.22 secs] 
2016-08-31T09:12:49.872+0200: 70620.006: [GC concurrent-root-region-scan-start]
2016-08-31T09:12:49.907+0200: 70620.042: [GC concurrent-root-region-scan-end, 0.0355630 secs]
2016-08-31T09:12:49.907+0200: 70620.042: [GC concurrent-mark-start]
2016-08-31T09:12:50.886+0200: 70621.020: [GC concurrent-mark-end, 0.9784720 secs]
2016-08-31T09:12:50.890+0200: 70621.025: [GC remark 2016-08-31T09:12:50.894+0200: 70621.029: [GC ref-proc, 0.1229710 secs], 0.1439260 secs]
 [Times: user=0.16 sys=0.00, real=0.14 secs] 
2016-08-31T09:12:51.041+0200: 70621.176: [GC cleanup 1952M->1804M(4096M), 0.0247350 secs]
 [Times: user=0.05 sys=0.00, real=0.02 secs] 
2016-08-31T09:12:51.067+0200: 70621.201: [GC concurrent-cleanup-start]
2016-08-31T09:12:51.067+0200: 70621.202: [GC concurrent-cleanup-end, 0.0005090 secs]
2016-08-31T09:13:02.012+0200: 70632.146: [GC pause (young), 0.1735830 secs]
   [Parallel Time: 165.3 ms, GC Workers: 2]
      [GC Worker Start (ms): Min: 70632148.1, Avg: 70632148.1, Max: 70632148.1, Diff: 0.0]
      [Ext Root Scanning (ms): Min: 51.7, Avg: 51.9, Max: 52.1, Diff: 0.4, Sum: 103.9]
      [Update RS (ms): Min: 31.0, Avg: 31.4, Max: 31.8, Diff: 0.9, Sum: 62.8]
         [Processed Buffers: Min: 320, Avg: 341.0, Max: 362, Diff: 42, Sum: 682]
      [Scan RS (ms): Min: 14.6, Avg: 14.6, Max: 14.7, Diff: 0.0, Sum: 29.3]
      [Code Root Scanning (ms): Min: 0.1, Avg: 0.1, Max: 0.1, Diff: 0.0, Sum: 0.2]
      [Object Copy (ms): Min: 66.7, Avg: 66.9, Max: 67.1, Diff: 0.4, Sum: 133.8]
      [Termination (ms): Min: 0.0, Avg: 0.0, Max: 0.0, Diff: 0.0, Sum: 0.0]
      [GC Worker Other (ms): Min: 0.2, Avg: 0.2, Max: 0.2, Diff: 0.0, Sum: 0.4]
      [GC Worker Total (ms): Min: 165.2, Avg: 165.2, Max: 165.2, Diff: 0.0, Sum: 330.4]
      [GC Worker End (ms): Min: 70632313.3, Avg: 70632313.3, Max: 70632313.3, Diff: 0.0]
   [Code Root Fixup: 0.5 ms]
   [Code Root Migration: 0.0 ms]
   [Clear CT: 0.6 ms]
   [Other: 7.2 ms]
      [Choose CSet: 0.0 ms]
      [Ref Proc: 2.7 ms]
      [Ref Enq: 0.2 ms]
      [Free CSet: 1.0 ms]
   [Eden: 232.0M(232.0M)->0.0B(180.0M) Survivors: 62.0M->24.0M Heap: 2009.0M(4096.0M)->1791.0M(4096.0M)]
 [Times: user=0.34 sys=0.00, real=0.17 secs] 
2016-08-31T09:13:11.209+0200: 70641.344: [GC pause (mixed), 0.2565510 secs]
   [Parallel Time: 249.5 ms, GC Workers: 2]
      [GC Worker Start (ms): Min: 70641345.6, Avg: 70641346.8, Max: 70641348.0, Diff: 2.3]
      [Ext Root Scanning (ms): Min: 101.8, Avg: 102.9, Max: 104.0, Diff: 2.2, Sum: 205.8]
      [Update RS (ms): Min: 44.0, Avg: 48.5, Max: 53.1, Diff: 9.1, Sum: 97.0]
         [Processed Buffers: Min: 276, Avg: 332.5, Max: 389, Diff: 113, Sum: 665]
      [Scan RS (ms): Min: 31.0, Avg: 33.5, Max: 36.0, Diff: 4.9, Sum: 67.0]
      [Code Root Scanning (ms): Min: 0.1, Avg: 0.1, Max: 0.1, Diff: 0.1, Sum: 0.2]
      [Object Copy (ms): Min: 58.8, Avg: 63.1, Max: 67.5, Diff: 8.7, Sum: 126.3]
      [Termination (ms): Min: 0.0, Avg: 0.1, Max: 0.1, Diff: 0.1, Sum: 0.1]
      [GC Worker Other (ms): Min: 0.0, Avg: 0.1, Max: 0.1, Diff: 0.1, Sum: 0.2]
      [GC Worker Total (ms): Min: 247.1, Avg: 248.3, Max: 249.4, Diff: 2.3, Sum: 496.5]
      [GC Worker End (ms): Min: 70641595.1, Avg: 70641595.1, Max: 70641595.1, Diff: 0.0]
   [Code Root Fixup: 0.3 ms]
   [Code Root Migration: 0.1 ms]
   [Clear CT: 0.9 ms]
   [Other: 5.8 ms]
      [Choose CSet: 0.3 ms]
      [Ref Proc: 1.2 ms]
      [Ref Enq: 0.1 ms]
      [Free CSet: 1.4 ms]
   [Eden: 180.0M(180.0M)->0.0B(182.0M) Survivors: 24.0M->22.0M Heap: 1971.0M(4096.0M)->1408.0M(4096.0M)]
 [Times: user=0.25 sys=0.00, real=0.26 secs] 
2016-08-31T09:13:19.419+0200: 70649.554: [GC pause (mixed), 0.2119860 secs]
   [Parallel Time: 204.6 ms, GC Workers: 2]
      [GC Worker Start (ms): Min: 70649556.0, Avg: 70649556.5, Max: 70649557.1, Diff: 1.1]
      [Ext Root Scanning (ms): Min: 52.5, Avg: 52.7, Max: 52.9, Diff: 0.3, Sum: 105.4]
      [Update RS (ms): Min: 37.7, Avg: 37.9, Max: 38.1, Diff: 0.4, Sum: 75.7]
         [Processed Buffers: Min: 237, Avg: 342.0, Max: 447, Diff: 210, Sum: 684]
      [Scan RS (ms): Min: 54.9, Avg: 55.0, Max: 55.0, Diff: 0.2, Sum: 109.9]
      [Code Root Scanning (ms): Min: 0.1, Avg: 0.1, Max: 0.2, Diff: 0.1, Sum: 0.3]
      [Object Copy (ms): Min: 58.1, Avg: 58.3, Max: 58.6, Diff: 0.6, Sum: 116.7]
      [Termination (ms): Min: 0.0, Avg: 0.0, Max: 0.0, Diff: 0.0, Sum: 0.0]
      [GC Worker Other (ms): Min: 0.0, Avg: 0.1, Max: 0.1, Diff: 0.0, Sum: 0.1]
      [GC Worker Total (ms): Min: 203.5, Avg: 204.1, Max: 204.6, Diff: 1.1, Sum: 408.1]
      [GC Worker End (ms): Min: 70649760.6, Avg: 70649760.6, Max: 70649760.6, Diff: 0.0]
   [Code Root Fixup: 0.3 ms]
   [Code Root Migration: 0.1 ms]
   [Clear CT: 0.7 ms]
   [Other: 6.3 ms]
      [Choose CSet: 0.6 ms]
      [Ref Proc: 1.3 ms]
      [Ref Enq: 0.1 ms]
      [Free CSet: 1.4 ms]
   [Eden: 182.0M(182.0M)->0.0B(178.0M) Survivors: 22.0M->26.0M Heap: 1590.0M(4096.0M)->1246.0M(4096.0M)]
 [Times: user=0.40 sys=0.00, real=0.22 secs] 
2016-08-31T09:13:29.677+0200: 70659.812: [GC pause (mixed), 0.2212320 secs]
   [Parallel Time: 213.0 ms, GC Workers: 2]
      [GC Worker Start (ms): Min: 70659814.4, Avg: 70659814.4, Max: 70659814.4, Diff: 0.0]
      [Ext Root Scanning (ms): Min: 50.6, Avg: 50.7, Max: 50.7, Diff: 0.1, Sum: 101.3]
      [Update RS (ms): Min: 29.0, Avg: 29.1, Max: 29.3, Diff: 0.3, Sum: 58.2]
         [Processed Buffers: Min: 320, Avg: 335.5, Max: 351, Diff: 31, Sum: 671]
      [Scan RS (ms): Min: 68.4, Avg: 68.5, Max: 68.6, Diff: 0.2, Sum: 137.0]
      [Code Root Scanning (ms): Min: 0.1, Avg: 0.1, Max: 0.2, Diff: 0.1, Sum: 0.3]
      [Object Copy (ms): Min: 64.4, Avg: 64.5, Max: 64.5, Diff: 0.1, Sum: 128.9]
      [Termination (ms): Min: 0.0, Avg: 0.0, Max: 0.0, Diff: 0.0, Sum: 0.0]
      [GC Worker Other (ms): Min: 0.1, Avg: 0.1, Max: 0.1, Diff: 0.1, Sum: 0.2]
      [GC Worker Total (ms): Min: 213.0, Avg: 213.0, Max: 213.0, Diff: 0.0, Sum: 426.0]
      [GC Worker End (ms): Min: 70660027.3, Avg: 70660027.3, Max: 70660027.3, Diff: 0.0]
   [Code Root Fixup: 0.3 ms]
   [Code Root Migration: 0.1 ms]
   [Clear CT: 0.6 ms]
   [Other: 7.2 ms]
      [Choose CSet: 0.8 ms]
      [Ref Proc: 1.7 ms]
      [Ref Enq: 0.1 ms]
      [Free CSet: 1.5 ms]
   [Eden: 178.0M(178.0M)->0.0B(186.0M) Survivors: 26.0M->18.0M Heap: 1424.0M(4096.0M)->1085.0M(4096.0M)]
 [Times: user=0.44 sys=0.00, real=0.22 secs] 
2016-08-31T09:13:39.587+0200: 70669.722: [GC pause (mixed), 0.2271960 secs]
   [Parallel Time: 219.2 ms, GC Workers: 2]
      [GC Worker Start (ms): Min: 70669723.8, Avg: 70669723.9, Max: 70669723.9, Diff: 0.0]
      [Ext Root Scanning (ms): Min: 50.1, Avg: 50.8, Max: 51.5, Diff: 1.4, Sum: 101.6]
      [Update RS (ms): Min: 35.0, Avg: 35.6, Max: 36.2, Diff: 1.2, Sum: 71.2]
         [Processed Buffers: Min: 309, Avg: 336.0, Max: 363, Diff: 54, Sum: 672]
      [Scan RS (ms): Min: 62.9, Avg: 63.2, Max: 63.5, Diff: 0.7, Sum: 126.4]
      [Code Root Scanning (ms): Min: 0.2, Avg: 0.2, Max: 0.3, Diff: 0.1, Sum: 0.5]
      [Object Copy (ms): Min: 68.2, Avg: 69.2, Max: 70.1, Diff: 1.9, Sum: 138.3]
      [Termination (ms): Min: 0.0, Avg: 0.0, Max: 0.0, Diff: 0.0, Sum: 0.0]
      [GC Worker Other (ms): Min: 0.1, Avg: 0.1, Max: 0.2, Diff: 0.1, Sum: 0.2]
      [GC Worker Total (ms): Min: 219.1, Avg: 219.1, Max: 219.1, Diff: 0.0, Sum: 438.2]
      [GC Worker End (ms): Min: 70669942.9, Avg: 70669943.0, Max: 70669943.0, Diff: 0.0]
   [Code Root Fixup: 0.4 ms]
   [Code Root Migration: 0.3 ms]
   [Clear CT: 0.6 ms]
   [Other: 6.7 ms]
      [Choose CSet: 0.8 ms]
      [Ref Proc: 1.3 ms]
      [Ref Enq: 0.1 ms]
      [Free CSet: 1.4 ms]
   [Eden: 186.0M(186.0M)->0.0B(182.0M) Survivors: 18.0M->22.0M Heap: 1271.0M(4096.0M)->964.0M(4096.0M)]
 [Times: user=0.43 sys=0.01, real=0.22 secs] 
2016-08-31T09:13:46.601+0200: 70676.736: [GC pause (young), 0.2075000 secs]
   [Parallel Time: 202.4 ms, GC Workers: 2]
      [GC Worker Start (ms): Min: 70676737.5, Avg: 70676739.2, Max: 70676741.0, Diff: 3.5]
      [Ext Root Scanning (ms): Min: 93.2, Avg: 98.5, Max: 103.9, Diff: 10.7, Sum: 197.1]
      [Update RS (ms): Min: 38.6, Avg: 41.6, Max: 44.5, Diff: 5.9, Sum: 83.2]
         [Processed Buffers: Min: 307, Avg: 338.5, Max: 370, Diff: 63, Sum: 677]
      [Scan RS (ms): Min: 7.4, Avg: 8.3, Max: 9.3, Diff: 1.9, Sum: 16.6]
      [Code Root Scanning (ms): Min: 0.0, Avg: 0.0, Max: 0.0, Diff: 0.0, Sum: 0.1]
      [Object Copy (ms): Min: 44.5, Avg: 52.0, Max: 59.5, Diff: 15.0, Sum: 104.0]
      [Termination (ms): Min: 0.0, Avg: 0.1, Max: 0.1, Diff: 0.1, Sum: 0.1]
      [GC Worker Other (ms): Min: 0.0, Avg: 0.1, Max: 0.1, Diff: 0.1, Sum: 0.2]
      [GC Worker Total (ms): Min: 198.9, Avg: 200.6, Max: 202.3, Diff: 3.5, Sum: 401.2]
      [GC Worker End (ms): Min: 70676939.8, Avg: 70676939.8, Max: 70676939.9, Diff: 0.0]
   [Code Root Fixup: 0.3 ms]
   [Code Root Migration: 0.0 ms]
   [Clear CT: 0.4 ms]
   [Other: 4.4 ms]
      [Choose CSet: 0.0 ms]
      [Ref Proc: 1.1 ms]
      [Ref Enq: 0.1 ms]
      [Free CSet: 0.5 ms]
   [Eden: 182.0M(182.0M)->0.0B(178.0M) Survivors: 22.0M->26.0M Heap: 1146.0M(4096.0M)->992.0M(4096.0M)]
 [Times: user=0.21 sys=0.00, real=0.21 secs] 
2016-08-31T09:13:55.154+0200: 70685.289: [GC pause (young), 0.1322130 secs]
   [Parallel Time: 125.5 ms, GC Workers: 2]
      [GC Worker Start (ms): Min: 70685290.3, Avg: 70685290.7, Max: 70685291.0, Diff: 0.7]
      [Ext Root Scanning (ms): Min: 49.7, Avg: 50.3, Max: 51.0, Diff: 1.4, Sum: 100.7]
      [Update RS (ms): Min: 31.2, Avg: 31.9, Max: 32.5, Diff: 1.3, Sum: 63.7]
         [Processed Buffers: Min: 315, Avg: 353.0, Max: 391, Diff: 76, Sum: 706]
      [Scan RS (ms): Min: 4.8, Avg: 5.1, Max: 5.4, Diff: 0.6, Sum: 10.2]
      [Code Root Scanning (ms): Min: 0.0, Avg: 0.1, Max: 0.1, Diff: 0.1, Sum: 0.1]
      [Object Copy (ms): Min: 37.6, Avg: 37.7, Max: 37.8, Diff: 0.2, Sum: 75.4]
      [Termination (ms): Min: 0.0, Avg: 0.0, Max: 0.0, Diff: 0.0, Sum: 0.0]
      [GC Worker Other (ms): Min: 0.1, Avg: 0.1, Max: 0.1, Diff: 0.0, Sum: 0.1]
      [GC Worker Total (ms): Min: 124.8, Avg: 125.1, Max: 125.4, Diff: 0.7, Sum: 250.2]
      [GC Worker End (ms): Min: 70685415.8, Avg: 70685415.8, Max: 70685415.8, Diff: 0.0]
   [Code Root Fixup: 0.4 ms]
   [Code Root Migration: 0.0 ms]
   [Clear CT: 0.4 ms]
   [Other: 5.9 ms]
      [Choose CSet: 0.0 ms]
      [Ref Proc: 2.2 ms]
      [Ref Enq: 0.2 ms]
      [Free CSet: 0.6 ms]
   [Eden: 178.0M(178.0M)->0.0B(184.0M) Survivors: 26.0M->20.0M Heap: 1170.0M(4096.0M)->1012.0M(4096.0M)]
 [Times: user=0.26 sys=0.00, real=0.14 secs] 
2016-08-31T09:14:03.206+0200: 70693.341: [GC pause (young), 0.1322180 secs]
   [Parallel Time: 124.6 ms, GC Workers: 2]
      [GC Worker Start (ms): Min: 70693342.0, Avg: 70693342.0, Max: 70693342.1, Diff: 0.0]
      [Ext Root Scanning (ms): Min: 51.2, Avg: 51.3, Max: 51.4, Diff: 0.2, Sum: 102.6]
      [Update RS (ms): Min: 29.5, Avg: 29.6, Max: 29.6, Diff: 0.1, Sum: 59.1]
         [Processed Buffers: Min: 346, Avg: 346.0, Max: 346, Diff: 0, Sum: 692]
      [Scan RS (ms): Min: 5.5, Avg: 5.7, Max: 5.9, Diff: 0.3, Sum: 11.4]
      [Code Root Scanning (ms): Min: 0.1, Avg: 0.1, Max: 0.1, Diff: 0.0, Sum: 0.1]
      [Object Copy (ms): Min: 37.7, Avg: 37.8, Max: 37.9, Diff: 0.2, Sum: 75.7]
      [Termination (ms): Min: 0.0, Avg: 0.0, Max: 0.0, Diff: 0.0, Sum: 0.0]
      [GC Worker Other (ms): Min: 0.1, Avg: 0.1, Max: 0.1, Diff: 0.0, Sum: 0.1]
      [GC Worker Total (ms): Min: 124.5, Avg: 124.5, Max: 124.5, Diff: 0.0, Sum: 249.0]
      [GC Worker End (ms): Min: 70693466.5, Avg: 70693466.5, Max: 70693466.5, Diff: 0.0]
   [Code Root Fixup: 0.6 ms]
   [Code Root Migration: 0.0 ms]
   [Clear CT: 0.4 ms]
   [Other: 6.7 ms]
      [Choose CSet: 0.0 ms]
      [Ref Proc: 3.1 ms]
      [Ref Enq: 0.2 ms]
      [Free CSet: 0.6 ms]
   [Eden: 184.0M(184.0M)->0.0B(182.0M) Survivors: 20.0M->22.0M Heap: 1196.0M(4096.0M)->1033.0M(4096.0M)]
 [Times: user=0.26 sys=0.00, real=0.14 secs] 
2016-08-31T09:14:11.208+0200: 70701.342: [GC pause (young), 0.1348040 secs]
   [Parallel Time: 128.1 ms, GC Workers: 2]
      [GC Worker Start (ms): Min: 70701343.6, Avg: 70701343.7, Max: 70701343.7, Diff: 0.0]
      [Ext Root Scanning (ms): Min: 50.9, Avg: 51.3, Max: 51.6, Diff: 0.7, Sum: 102.5]
      [Update RS (ms): Min: 32.6, Avg: 32.7, Max: 32.8, Diff: 0.2, Sum: 65.3]
         [Processed Buffers: Min: 364, Avg: 378.0, Max: 392, Diff: 28, Sum: 756]
      [Scan RS (ms): Min: 5.9, Avg: 6.2, Max: 6.5, Diff: 0.6, Sum: 12.4]
      [Code Root Scanning (ms): Min: 0.1, Avg: 0.1, Max: 0.1, Diff: 0.0, Sum: 0.1]
      [Object Copy (ms): Min: 37.5, Avg: 37.7, Max: 37.9, Diff: 0.4, Sum: 75.3]
      [Termination (ms): Min: 0.0, Avg: 0.0, Max: 0.0, Diff: 0.0, Sum: 0.0]
      [GC Worker Other (ms): Min: 0.1, Avg: 0.1, Max: 0.2, Diff: 0.1, Sum: 0.2]
      [GC Worker Total (ms): Min: 128.0, Avg: 128.0, Max: 128.0, Diff: 0.0, Sum: 256.0]
      [GC Worker End (ms): Min: 70701471.6, Avg: 70701471.6, Max: 70701471.6, Diff: 0.0]
   [Code Root Fixup: 0.5 ms]
   [Code Root Migration: 0.0 ms]
   [Clear CT: 0.4 ms]
   [Other: 5.8 ms]
      [Choose CSet: 0.0 ms]
      [Ref Proc: 2.1 ms]
      [Ref Enq: 0.2 ms]
      [Free CSet: 0.6 ms]
   [Eden: 182.0M(182.0M)->0.0B(184.0M) Survivors: 22.0M->20.0M Heap: 1215.0M(4096.0M)->1048.0M(4096.0M)]
 [Times: user=0.26 sys=0.00, real=0.14 secs] 
2016-08-31T09:14:17.604+0200: 70707.738: [GC pause (young), 0.1382370 secs]
   [Parallel Time: 131.0 ms, GC Workers: 2]
      [GC Worker Start (ms): Min: 70707739.8, Avg: 70707739.8, Max: 70707739.8, Diff: 0.0]
      [Ext Root Scanning (ms): Min: 50.0, Avg: 50.4, Max: 50.8, Diff: 0.9, Sum: 100.8]
      [Update RS (ms): Min: 30.6, Avg: 30.6, Max: 30.7, Diff: 0.1, Sum: 61.2]
         [Processed Buffers: Min: 331, Avg: 366.5, Max: 402, Diff: 71, Sum: 733]
      [Scan RS (ms): Min: 5.8, Avg: 5.9, Max: 5.9, Diff: 0.1, Sum: 11.8]
      [Code Root Scanning (ms): Min: 0.0, Avg: 0.1, Max: 0.1, Diff: 0.1, Sum: 0.1]
      [Object Copy (ms): Min: 43.2, Avg: 43.8, Max: 44.4, Diff: 1.2, Sum: 87.5]
      [Termination (ms): Min: 0.0, Avg: 0.0, Max: 0.0, Diff: 0.0, Sum: 0.0]
      [GC Worker Other (ms): Min: 0.1, Avg: 0.1, Max: 0.2, Diff: 0.0, Sum: 0.3]
      [GC Worker Total (ms): Min: 130.9, Avg: 130.9, Max: 130.9, Diff: 0.0, Sum: 261.7]
      [GC Worker End (ms): Min: 70707870.7, Avg: 70707870.7, Max: 70707870.7, Diff: 0.1]
   [Code Root Fixup: 0.6 ms]
   [Code Root Migration: 0.0 ms]
   [Clear CT: 0.4 ms]
   [Other: 6.2 ms]
      [Choose CSet: 0.0 ms]
      [Ref Proc: 2.1 ms]
      [Ref Enq: 0.2 ms]
      [Free CSet: 0.7 ms]
   [Eden: 184.0M(184.0M)->0.0B(254.0M) Survivors: 20.0M->26.0M Heap: 1232.0M(4096.0M)->1071.0M(4096.0M)]
 [Times: user=0.27 sys=0.00, real=0.14 secs] 
2016-08-31T09:14:31.148+0200: 70721.282: [GC pause (young), 0.1483890 secs]
   [Parallel Time: 140.4 ms, GC Workers: 2]
      [GC Worker Start (ms): Min: 70721283.8, Avg: 70721286.5, Max: 70721289.2, Diff: 5.4]
      [Ext Root Scanning (ms): Min: 50.4, Avg: 52.7, Max: 55.0, Diff: 4.6, Sum: 105.3]
      [Update RS (ms): Min: 34.3, Avg: 34.9, Max: 35.6, Diff: 1.2, Sum: 69.9]
         [Processed Buffers: Min: 359, Avg: 372.0, Max: 385, Diff: 26, Sum: 744]
      [Scan RS (ms): Min: 7.4, Avg: 7.4, Max: 7.4, Diff: 0.0, Sum: 14.8]
      [Code Root Scanning (ms): Min: 0.1, Avg: 0.1, Max: 0.1, Diff: 0.0, Sum: 0.2]
      [Object Copy (ms): Min: 41.3, Avg: 42.2, Max: 43.2, Diff: 1.9, Sum: 84.5]
      [Termination (ms): Min: 0.0, Avg: 0.0, Max: 0.0, Diff: 0.0, Sum: 0.0]
      [GC Worker Other (ms): Min: 0.2, Avg: 0.2, Max: 0.2, Diff: 0.0, Sum: 0.4]
      [GC Worker Total (ms): Min: 134.8, Avg: 137.5, Max: 140.2, Diff: 5.4, Sum: 275.0]
      [GC Worker End (ms): Min: 70721424.0, Avg: 70721424.0, Max: 70721424.0, Diff: 0.0]
   [Code Root Fixup: 0.4 ms]
   [Code Root Migration: 0.0 ms]
   [Clear CT: 0.4 ms]
   [Other: 7.1 ms]
      [Choose CSet: 0.0 ms]
      [Ref Proc: 2.9 ms]
      [Ref Enq: 0.2 ms]
      [Free CSet: 0.9 ms]
   [Eden: 254.0M(254.0M)->0.0B(442.0M) Survivors: 26.0M->22.0M Heap: 1325.0M(4096.0M)->1086.0M(4096.0M)]
 [Times: user=0.28 sys=0.00, real=0.15 secs] 
2016-08-31T09:14:51.571+0200: 70741.706: [GC pause (young), 0.1711880 secs]
   [Parallel Time: 163.0 ms, GC Workers: 2]
      [GC Worker Start (ms): Min: 70741707.5, Avg: 70741707.5, Max: 70741707.6, Diff: 0.0]
      [Ext Root Scanning (ms): Min: 49.9, Avg: 50.4, Max: 51.0, Diff: 1.1, Sum: 100.9]
      [Update RS (ms): Min: 47.1, Avg: 47.2, Max: 47.3, Diff: 0.1, Sum: 94.4]
         [Processed Buffers: Min: 414, Avg: 414.5, Max: 415, Diff: 1, Sum: 829]
      [Scan RS (ms): Min: 9.1, Avg: 9.5, Max: 10.0, Diff: 0.9, Sum: 19.1]
      [Code Root Scanning (ms): Min: 0.1, Avg: 0.1, Max: 0.2, Diff: 0.1, Sum: 0.3]
      [Object Copy (ms): Min: 54.5, Avg: 55.4, Max: 56.4, Diff: 1.9, Sum: 110.9]
      [Termination (ms): Min: 0.0, Avg: 0.0, Max: 0.0, Diff: 0.0, Sum: 0.0]
      [GC Worker Other (ms): Min: 0.1, Avg: 0.2, Max: 0.2, Diff: 0.1, Sum: 0.4]
      [GC Worker Total (ms): Min: 162.9, Avg: 162.9, Max: 162.9, Diff: 0.0, Sum: 325.8]
      [GC Worker End (ms): Min: 70741870.5, Avg: 70741870.5, Max: 70741870.5, Diff: 0.0]
   [Code Root Fixup: 0.2 ms]
   [Code Root Migration: 0.1 ms]
   [Clear CT: 0.4 ms]
   [Other: 7.6 ms]
      [Choose CSet: 0.0 ms]
      [Ref Proc: 3.8 ms]
      [Ref Enq: 0.2 ms]
      [Free CSet: 0.9 ms]
   [Eden: 442.0M(442.0M)->0.0B(306.0M) Survivors: 22.0M->58.0M Heap: 1528.0M(4096.0M)->1128.0M(4096.0M)]
 [Times: user=0.33 sys=0.00, real=0.17 secs] 
2016-08-31T09:15:07.225+0200: 70757.359: [GC pause (young), 0.1643890 secs]
   [Parallel Time: 157.3 ms, GC Workers: 2]
      [GC Worker Start (ms): Min: 70757360.9, Avg: 70757360.9, Max: 70757360.9, Diff: 0.0]
      [Ext Root Scanning (ms): Min: 49.1, Avg: 49.5, Max: 49.9, Diff: 0.8, Sum: 99.0]
      [Update RS (ms): Min: 36.8, Avg: 37.3, Max: 37.9, Diff: 1.1, Sum: 74.7]
         [Processed Buffers: Min: 291, Avg: 329.0, Max: 367, Diff: 76, Sum: 658]
      [Scan RS (ms): Min: 14.0, Avg: 14.4, Max: 14.8, Diff: 0.8, Sum: 28.9]
      [Code Root Scanning (ms): Min: 0.1, Avg: 0.1, Max: 0.1, Diff: 0.0, Sum: 0.2]
      [Object Copy (ms): Min: 55.2, Avg: 55.7, Max: 56.2, Diff: 1.0, Sum: 111.3]
      [Termination (ms): Min: 0.0, Avg: 0.0, Max: 0.0, Diff: 0.0, Sum: 0.0]
      [GC Worker Other (ms): Min: 0.2, Avg: 0.2, Max: 0.2, Diff: 0.0, Sum: 0.3]
      [GC Worker Total (ms): Min: 157.2, Avg: 157.2, Max: 157.3, Diff: 0.0, Sum: 314.5]
      [GC Worker End (ms): Min: 70757518.2, Avg: 70757518.2, Max: 70757518.2, Diff: 0.0]
   [Code Root Fixup: 0.2 ms]
   [Code Root Migration: 0.0 ms]
   [Clear CT: 0.4 ms]
   [Other: 6.4 ms]
      [Choose CSet: 0.0 ms]
      [Ref Proc: 2.7 ms]
      [Ref Enq: 0.1 ms]
      [Free CSet: 0.8 ms]
   [Eden: 306.0M(306.0M)->0.0B(454.0M) Survivors: 58.0M->34.0M Heap: 1434.0M(4096.0M)->1143.0M(4096.0M)]
 [Times: user=0.32 sys=0.00, real=0.17 secs] 
2016-08-31T09:15:29.577+0200: 70779.712: [GC pause (young), 0.1758300 secs]
   [Parallel Time: 167.6 ms, GC Workers: 2]
      [GC Worker Start (ms): Min: 70779713.5, Avg: 70779713.5, Max: 70779713.6, Diff: 0.0]
      [Ext Root Scanning (ms): Min: 52.8, Avg: 59.4, Max: 66.1, Diff: 13.3, Sum: 118.9]
      [Update RS (ms): Min: 37.5, Avg: 43.8, Max: 50.1, Diff: 12.6, Sum: 87.6]
         [Processed Buffers: Min: 261, Avg: 325.0, Max: 389, Diff: 128, Sum: 650]
      [Scan RS (ms): Min: 12.2, Avg: 12.4, Max: 12.7, Diff: 0.5, Sum: 24.9]
      [Code Root Scanning (ms): Min: 0.1, Avg: 0.2, Max: 0.2, Diff: 0.1, Sum: 0.3]
      [Object Copy (ms): Min: 51.2, Avg: 51.3, Max: 51.4, Diff: 0.2, Sum: 102.6]
      [Termination (ms): Min: 0.0, Avg: 0.0, Max: 0.0, Diff: 0.0, Sum: 0.0]
      [GC Worker Other (ms): Min: 0.3, Avg: 0.3, Max: 0.4, Diff: 0.1, Sum: 0.7]
      [GC Worker Total (ms): Min: 167.5, Avg: 167.5, Max: 167.5, Diff: 0.0, Sum: 335.0]
      [GC Worker End (ms): Min: 70779881.0, Avg: 70779881.0, Max: 70779881.0, Diff: 0.0]
   [Code Root Fixup: 0.3 ms]
   [Code Root Migration: 0.1 ms]
   [Clear CT: 0.4 ms]
   [Other: 7.5 ms]
      [Choose CSet: 0.0 ms]
      [Ref Proc: 3.6 ms]
      [Ref Enq: 0.2 ms]
      [Free CSet: 1.0 ms]
   [Eden: 454.0M(454.0M)->0.0B(416.0M) Survivors: 34.0M->44.0M Heap: 1597.0M(4096.0M)->1171.0M(4096.0M)]
 [Times: user=0.34 sys=0.00, real=0.18 secs] 
2016-08-31T09:15:47.972+0200: 70798.106: [GC pause (young), 0.3779970 secs]
   [Parallel Time: 370.6 ms, GC Workers: 2]
      [GC Worker Start (ms): Min: 70798107.5, Avg: 70798107.5, Max: 70798107.5, Diff: 0.0]
      [Ext Root Scanning (ms): Min: 96.4, Avg: 100.9, Max: 105.4, Diff: 9.1, Sum: 201.8]
      [Update RS (ms): Min: 76.1, Avg: 76.4, Max: 76.8, Diff: 0.7, Sum: 152.9]
         [Processed Buffers: Min: 344, Avg: 401.0, Max: 458, Diff: 114, Sum: 802]
      [Scan RS (ms): Min: 17.4, Avg: 24.3, Max: 31.2, Diff: 13.8, Sum: 48.6]
      [Code Root Scanning (ms): Min: 0.0, Avg: 0.1, Max: 0.1, Diff: 0.1, Sum: 0.2]
      [Object Copy (ms): Min: 166.6, Avg: 168.6, Max: 170.7, Diff: 4.1, Sum: 337.3]
      [Termination (ms): Min: 0.0, Avg: 0.1, Max: 0.1, Diff: 0.1, Sum: 0.1]
      [GC Worker Other (ms): Min: 0.1, Avg: 0.1, Max: 0.1, Diff: 0.0, Sum: 0.2]
      [GC Worker Total (ms): Min: 370.5, Avg: 370.6, Max: 370.6, Diff: 0.0, Sum: 741.1]
      [GC Worker End (ms): Min: 70798478.1, Avg: 70798478.1, Max: 70798478.1, Diff: 0.0]
   [Code Root Fixup: 0.2 ms]
   [Code Root Migration: 0.1 ms]
   [Clear CT: 0.6 ms]
   [Other: 6.5 ms]
      [Choose CSet: 0.0 ms]
      [Ref Proc: 3.4 ms]
      [Ref Enq: 0.2 ms]
      [Free CSet: 0.8 ms]
   [Eden: 416.0M(416.0M)->0.0B(150.0M) Survivors: 44.0M->54.0M Heap: 1587.0M(4096.0M)->1209.0M(4096.0M)]
 [Times: user=0.21 sys=0.00, real=0.38 secs] 
2016-08-31T09:15:55.484+0200: 70805.618: [GC pause (young), 0.1607050 secs]
   [Parallel Time: 154.3 ms, GC Workers: 2]
      [GC Worker Start (ms): Min: 70805619.7, Avg: 70805620.1, Max: 70805620.6, Diff: 0.9]
      [Ext Root Scanning (ms): Min: 51.1, Avg: 56.4, Max: 61.8, Diff: 10.7, Sum: 112.9]
      [Update RS (ms): Min: 28.3, Avg: 33.7, Max: 39.1, Diff: 10.8, Sum: 67.5]
         [Processed Buffers: Min: 290, Avg: 292.0, Max: 294, Diff: 4, Sum: 584]
      [Scan RS (ms): Min: 13.9, Avg: 14.4, Max: 14.9, Diff: 1.0, Sum: 28.8]
      [Code Root Scanning (ms): Min: 0.0, Avg: 0.1, Max: 0.1, Diff: 0.0, Sum: 0.1]
      [Object Copy (ms): Min: 49.0, Avg: 49.0, Max: 49.0, Diff: 0.0, Sum: 98.1]
      [Termination (ms): Min: 0.0, Avg: 0.0, Max: 0.0, Diff: 0.0, Sum: 0.0]
      [GC Worker Other (ms): Min: 0.1, Avg: 0.1, Max: 0.1, Diff: 0.0, Sum: 0.1]
      [GC Worker Total (ms): Min: 153.3, Avg: 153.8, Max: 154.2, Diff: 0.9, Sum: 307.5]
      [GC Worker End (ms): Min: 70805773.9, Avg: 70805773.9, Max: 70805773.9, Diff: 0.0]
   [Code Root Fixup: 0.4 ms]
   [Code Root Migration: 0.0 ms]
   [Clear CT: 0.4 ms]
   [Other: 5.5 ms]
      [Choose CSet: 0.0 ms]
      [Ref Proc: 1.9 ms]
      [Ref Enq: 0.1 ms]
      [Free CSet: 0.6 ms]
   [Eden: 150.0M(150.0M)->0.0B(188.0M) Survivors: 54.0M->16.0M Heap: 1359.0M(4096.0M)->1208.0M(4096.0M)]
 [Times: user=0.27 sys=0.00, real=0.17 secs] 
2016-08-31T09:16:04.307+0200: 70814.441: [GC pause (young), 0.1299280 secs]
   [Parallel Time: 123.0 ms, GC Workers: 2]
      [GC Worker Start (ms): Min: 70814442.9, Avg: 70814442.9, Max: 70814443.0, Diff: 0.2]
      [Ext Root Scanning (ms): Min: 50.9, Avg: 51.5, Max: 52.2, Diff: 1.3, Sum: 103.0]
      [Update RS (ms): Min: 31.2, Avg: 31.9, Max: 32.6, Diff: 1.4, Sum: 63.8]
         [Processed Buffers: Min: 334, Avg: 348.0, Max: 362, Diff: 28, Sum: 696]
      [Scan RS (ms): Min: 4.3, Avg: 4.9, Max: 5.4, Diff: 1.1, Sum: 9.7]
      [Code Root Scanning (ms): Min: 0.1, Avg: 0.1, Max: 0.1, Diff: 0.0, Sum: 0.1]
      [Object Copy (ms): Min: 33.8, Avg: 34.4, Max: 35.0, Diff: 1.2, Sum: 68.8]
      [Termination (ms): Min: 0.0, Avg: 0.0, Max: 0.0, Diff: 0.0, Sum: 0.0]
      [GC Worker Other (ms): Min: 0.1, Avg: 0.1, Max: 0.1, Diff: 0.0, Sum: 0.1]
      [GC Worker Total (ms): Min: 122.7, Avg: 122.8, Max: 122.9, Diff: 0.2, Sum: 245.6]
      [GC Worker End (ms): Min: 70814565.8, Avg: 70814565.8, Max: 70814565.8, Diff: 0.0]
   [Code Root Fixup: 0.6 ms]
   [Code Root Migration: 0.0 ms]
   [Clear CT: 0.4 ms]
   [Other: 5.9 ms]
      [Choose CSet: 0.0 ms]
      [Ref Proc: 2.3 ms]
      [Ref Enq: 0.2 ms]
      [Free CSet: 0.6 ms]
   [Eden: 188.0M(188.0M)->0.0B(194.0M) Survivors: 16.0M->22.0M Heap: 1396.0M(4096.0M)->1227.0M(4096.0M)]
 [Times: user=0.25 sys=0.00, real=0.13 secs] 
2016-08-31T09:16:13.161+0200: 70823.296: [GC pause (young), 0.1383000 secs]
   [Parallel Time: 131.7 ms, GC Workers: 2]
      [GC Worker Start (ms): Min: 70823297.2, Avg: 70823297.3, Max: 70823297.3, Diff: 0.0]
      [Ext Root Scanning (ms): Min: 49.9, Avg: 52.6, Max: 55.2, Diff: 5.3, Sum: 105.1]
      [Update RS (ms): Min: 31.1, Avg: 34.1, Max: 37.1, Diff: 6.0, Sum: 68.1]
         [Processed Buffers: Min: 374, Avg: 376.5, Max: 379, Diff: 5, Sum: 753]
      [Scan RS (ms): Min: 6.0, Avg: 6.2, Max: 6.3, Diff: 0.3, Sum: 12.3]
      [Code Root Scanning (ms): Min: 0.1, Avg: 0.1, Max: 0.1, Diff: 0.0, Sum: 0.1]
      [Object Copy (ms): Min: 38.5, Avg: 38.6, Max: 38.8, Diff: 0.3, Sum: 77.3]
      [Termination (ms): Min: 0.0, Avg: 0.0, Max: 0.0, Diff: 0.0, Sum: 0.0]
      [GC Worker Other (ms): Min: 0.1, Avg: 0.1, Max: 0.2, Diff: 0.1, Sum: 0.2]
      [GC Worker Total (ms): Min: 131.6, Avg: 131.6, Max: 131.6, Diff: 0.0, Sum: 263.2]
      [GC Worker End (ms): Min: 70823428.8, Avg: 70823428.8, Max: 70823428.8, Diff: 0.0]
   [Code Root Fixup: 0.5 ms]
   [Code Root Migration: 0.0 ms]
   [Clear CT: 0.4 ms]
   [Other: 5.8 ms]
      [Choose CSet: 0.0 ms]
      [Ref Proc: 2.0 ms]
      [Ref Enq: 0.2 ms]
      [Free CSet: 0.6 ms]
   [Eden: 194.0M(194.0M)->0.0B(282.0M) Survivors: 22.0M->28.0M Heap: 1421.0M(4096.0M)->1249.0M(4096.0M)]
 [Times: user=0.27 sys=0.00, real=0.14 secs] 
2016-08-31T09:16:26.931+0200: 70837.065: [GC pause (young), 0.1458220 secs]
   [Parallel Time: 132.3 ms, GC Workers: 2]
      [GC Worker Start (ms): Min: 70837066.9, Avg: 70837066.9, Max: 70837067.0, Diff: 0.0]
      [Ext Root Scanning (ms): Min: 52.0, Avg: 52.1, Max: 52.2, Diff: 0.2, Sum: 104.1]
      [Update RS (ms): Min: 31.8, Avg: 31.8, Max: 31.9, Diff: 0.1, Sum: 63.6]
         [Processed Buffers: Min: 316, Avg: 317.5, Max: 319, Diff: 3, Sum: 635]
      [Scan RS (ms): Min: 7.5, Avg: 7.7, Max: 7.9, Diff: 0.4, Sum: 15.4]
      [Code Root Scanning (ms): Min: 0.1, Avg: 0.1, Max: 0.1, Diff: 0.0, Sum: 0.2]
      [Object Copy (ms): Min: 40.3, Avg: 40.3, Max: 40.3, Diff: 0.0, Sum: 80.6]
      [Termination (ms): Min: 0.0, Avg: 0.0, Max: 0.0, Diff: 0.0, Sum: 0.0]
      [GC Worker Other (ms): Min: 0.2, Avg: 0.2, Max: 0.2, Diff: 0.0, Sum: 0.4]
      [GC Worker Total (ms): Min: 132.1, Avg: 132.2, Max: 132.2, Diff: 0.0, Sum: 264.3]
      [GC Worker End (ms): Min: 70837199.1, Avg: 70837199.1, Max: 70837199.1, Diff: 0.0]
   [Code Root Fixup: 0.4 ms]
   [Code Root Migration: 0.1 ms]
   [Clear CT: 5.8 ms]
   [Other: 7.3 ms]
      [Choose CSet: 0.0 ms]
      [Ref Proc: 3.0 ms]
      [Ref Enq: 0.3 ms]
      [Free CSet: 1.0 ms]
   [Eden: 282.0M(282.0M)->0.0B(414.0M) Survivors: 28.0M->28.0M Heap: 1531.0M(4096.0M)->1262.0M(4096.0M)]
 [Times: user=0.27 sys=0.00, real=0.14 secs] 
2016-08-31T09:16:47.606+0200: 70857.740: [GC pause (young), 0.3195010 secs]
   [Parallel Time: 312.0 ms, GC Workers: 2]
      [GC Worker Start (ms): Min: 70857747.7, Avg: 70857748.9, Max: 70857750.2, Diff: 2.6]
      [Ext Root Scanning (ms): Min: 87.0, Avg: 93.6, Max: 100.3, Diff: 13.3, Sum: 187.3]
      [Update RS (ms): Min: 86.4, Avg: 87.2, Max: 88.0, Diff: 1.5, Sum: 174.4]
         [Processed Buffers: Min: 370, Avg: 409.0, Max: 448, Diff: 78, Sum: 818]
      [Scan RS (ms): Min: 11.7, Avg: 18.2, Max: 24.7, Diff: 13.0, Sum: 36.4]
      [Code Root Scanning (ms): Min: 0.1, Avg: 0.1, Max: 0.1, Diff: 0.0, Sum: 0.1]
      [Object Copy (ms): Min: 84.8, Avg: 99.8, Max: 114.7, Diff: 29.9, Sum: 199.6]
      [Termination (ms): Min: 0.0, Avg: 3.3, Max: 6.6, Diff: 6.6, Sum: 6.6]
      [GC Worker Other (ms): Min: 0.1, Avg: 0.1, Max: 0.1, Diff: 0.0, Sum: 0.2]
      [GC Worker Total (ms): Min: 301.6, Avg: 302.3, Max: 303.0, Diff: 1.4, Sum: 604.6]
      [GC Worker End (ms): Min: 70858049.2, Avg: 70858051.2, Max: 70858053.2, Diff: 4.0]
   [Code Root Fixup: 0.4 ms]
   [Code Root Migration: 0.0 ms]
   [Clear CT: 0.5 ms]
   [Other: 6.5 ms]
      [Choose CSet: 0.0 ms]
      [Ref Proc: 3.4 ms]
      [Ref Enq: 0.2 ms]
      [Free CSet: 0.8 ms]
   [Eden: 414.0M(414.0M)->0.0B(148.0M) Survivors: 28.0M->56.0M Heap: 1676.0M(4096.0M)->1297.0M(4096.0M)]
 [Times: user=0.19 sys=0.00, real=0.32 secs] 
2016-08-31T09:16:53.963+0200: 70864.098: [GC pause (young), 0.1426000 secs]
   [Parallel Time: 137.3 ms, GC Workers: 2]
      [GC Worker Start (ms): Min: 70864099.1, Avg: 70864099.2, Max: 70864099.2, Diff: 0.1]
      [Ext Root Scanning (ms): Min: 50.8, Avg: 51.3, Max: 51.9, Diff: 1.2, Sum: 102.7]
      [Update RS (ms): Min: 25.4, Avg: 25.5, Max: 25.6, Diff: 0.2, Sum: 51.0]
         [Processed Buffers: Min: 244, Avg: 262.5, Max: 281, Diff: 37, Sum: 525]
      [Scan RS (ms): Min: 10.9, Avg: 11.3, Max: 11.7, Diff: 0.8, Sum: 22.6]
      [Code Root Scanning (ms): Min: 0.1, Avg: 0.1, Max: 0.1, Diff: 0.0, Sum: 0.1]
      [Object Copy (ms): Min: 48.9, Avg: 48.9, Max: 48.9, Diff: 0.0, Sum: 97.8]
      [Termination (ms): Min: 0.0, Avg: 0.0, Max: 0.0, Diff: 0.0, Sum: 0.0]
      [GC Worker Other (ms): Min: 0.1, Avg: 0.1, Max: 0.1, Diff: 0.0, Sum: 0.1]
      [GC Worker Total (ms): Min: 137.1, Avg: 137.2, Max: 137.2, Diff: 0.1, Sum: 274.4]
      [GC Worker End (ms): Min: 70864236.4, Avg: 70864236.4, Max: 70864236.4, Diff: 0.0]
   [Code Root Fixup: 0.3 ms]
   [Code Root Migration: 0.0 ms]
   [Clear CT: 0.4 ms]
   [Other: 4.6 ms]
      [Choose CSet: 0.0 ms]
      [Ref Proc: 1.3 ms]
      [Ref Enq: 0.1 ms]
      [Free CSet: 0.6 ms]
   [Eden: 148.0M(148.0M)->0.0B(184.0M) Survivors: 56.0M->20.0M Heap: 1445.0M(4096.0M)->1302.0M(4096.0M)]
 [Times: user=0.28 sys=0.00, real=0.15 secs] 
2016-08-31T09:17:03.445+0200: 70873.580: [GC pause (young), 0.1474260 secs]
   [Parallel Time: 140.4 ms, GC Workers: 2]
      [GC Worker Start (ms): Min: 70873581.3, Avg: 70873583.8, Max: 70873586.2, Diff: 4.9]
      [Ext Root Scanning (ms): Min: 57.9, Avg: 62.9, Max: 67.9, Diff: 10.0, Sum: 125.8]
      [Update RS (ms): Min: 23.1, Avg: 30.7, Max: 38.4, Diff: 15.2, Sum: 61.5]
         [Processed Buffers: Min: 239, Avg: 330.5, Max: 422, Diff: 183, Sum: 661]
      [Scan RS (ms): Min: 4.4, Avg: 4.6, Max: 4.8, Diff: 0.4, Sum: 9.2]
      [Code Root Scanning (ms): Min: 0.0, Avg: 0.1, Max: 0.1, Diff: 0.1, Sum: 0.1]
      [Object Copy (ms): Min: 34.4, Avg: 39.3, Max: 44.2, Diff: 9.8, Sum: 78.6]
      [Termination (ms): Min: 0.0, Avg: 0.0, Max: 0.1, Diff: 0.0, Sum: 0.1]
      [GC Worker Other (ms): Min: 0.1, Avg: 0.1, Max: 0.1, Diff: 0.1, Sum: 0.2]
      [GC Worker Total (ms): Min: 135.3, Avg: 137.8, Max: 140.2, Diff: 4.9, Sum: 275.5]
      [GC Worker End (ms): Min: 70873721.5, Avg: 70873721.5, Max: 70873721.5, Diff: 0.0]
   [Code Root Fixup: 0.6 ms]
   [Code Root Migration: 0.0 ms]
   [Clear CT: 0.4 ms]
   [Other: 6.1 ms]
      [Choose CSet: 0.0 ms]
      [Ref Proc: 2.3 ms]
      [Ref Enq: 0.2 ms]
      [Free CSet: 0.7 ms]
   [Eden: 184.0M(184.0M)->0.0B(212.0M) Survivors: 20.0M->22.0M Heap: 1486.0M(4096.0M)->1318.0M(4096.0M)]
 [Times: user=0.25 sys=0.00, real=0.15 secs] 
2016-08-31T09:17:11.436+0200: 70881.570: [GC pause (young), 0.1460560 secs]
   [Parallel Time: 138.9 ms, GC Workers: 2]
      [GC Worker Start (ms): Min: 70881571.5, Avg: 70881571.5, Max: 70881571.5, Diff: 0.0]
      [Ext Root Scanning (ms): Min: 50.6, Avg: 50.6, Max: 50.6, Diff: 0.0, Sum: 101.1]
      [Update RS (ms): Min: 39.9, Avg: 40.2, Max: 40.5, Diff: 0.6, Sum: 80.3]
         [Processed Buffers: Min: 296, Avg: 349.0, Max: 402, Diff: 106, Sum: 698]
      [Scan RS (ms): Min: 5.3, Avg: 5.5, Max: 5.6, Diff: 0.4, Sum: 10.9]
      [Code Root Scanning (ms): Min: 0.1, Avg: 0.1, Max: 0.1, Diff: 0.0, Sum: 0.2]
      [Object Copy (ms): Min: 42.2, Avg: 42.4, Max: 42.5, Diff: 0.3, Sum: 84.8]
      [Termination (ms): Min: 0.0, Avg: 0.0, Max: 0.0, Diff: 0.0, Sum: 0.0]
      [GC Worker Other (ms): Min: 0.2, Avg: 0.2, Max: 0.2, Diff: 0.0, Sum: 0.4]
      [GC Worker Total (ms): Min: 138.8, Avg: 138.9, Max: 138.9, Diff: 0.0, Sum: 277.7]
      [GC Worker End (ms): Min: 70881710.4, Avg: 70881710.4, Max: 70881710.4, Diff: 0.0]
   [Code Root Fixup: 0.4 ms]
   [Code Root Migration: 0.0 ms]
   [Clear CT: 0.4 ms]
   [Other: 6.3 ms]
      [Choose CSet: 0.0 ms]
      [Ref Proc: 2.4 ms]
      [Ref Enq: 0.2 ms]
      [Free CSet: 0.6 ms]
   [Eden: 212.0M(212.0M)->0.0B(260.0M) Survivors: 22.0M->30.0M Heap: 1530.0M(4096.0M)->1343.0M(4096.0M)]
 [Times: user=0.27 sys=0.00, real=0.15 secs] 
2016-08-31T09:17:22.735+0200: 70892.870: [GC pause (young), 0.1556120 secs]
   [Parallel Time: 147.4 ms, GC Workers: 2]
      [GC Worker Start (ms): Min: 70892871.4, Avg: 70892871.4, Max: 70892871.5, Diff: 0.0]
      [Ext Root Scanning (ms): Min: 51.5, Avg: 52.4, Max: 53.3, Diff: 1.8, Sum: 104.8]
      [Update RS (ms): Min: 37.2, Avg: 38.6, Max: 40.0, Diff: 2.8, Sum: 77.2]
         [Processed Buffers: Min: 374, Avg: 394.5, Max: 415, Diff: 41, Sum: 789]
      [Scan RS (ms): Min: 8.3, Avg: 8.3, Max: 8.4, Diff: 0.1, Sum: 16.7]
      [Code Root Scanning (ms): Min: 0.1, Avg: 0.1, Max: 0.1, Diff: 0.0, Sum: 0.2]
      [Object Copy (ms): Min: 47.2, Avg: 47.6, Max: 48.1, Diff: 0.9, Sum: 95.2]
      [Termination (ms): Min: 0.0, Avg: 0.0, Max: 0.0, Diff: 0.0, Sum: 0.0]
      [GC Worker Other (ms): Min: 0.2, Avg: 0.2, Max: 0.2, Diff: 0.0, Sum: 0.4]
      [GC Worker Total (ms): Min: 147.3, Avg: 147.3, Max: 147.3, Diff: 0.0, Sum: 294.6]
      [GC Worker End (ms): Min: 70893018.7, Avg: 70893018.7, Max: 70893018.7, Diff: 0.0]
   [Code Root Fixup: 0.5 ms]
   [Code Root Migration: 0.0 ms]
   [Clear CT: 0.4 ms]
   [Other: 7.2 ms]
      [Choose CSet: 0.0 ms]
      [Ref Proc: 2.8 ms]
      [Ref Enq: 0.2 ms]
      [Free CSet: 0.8 ms]
   [Eden: 260.0M(260.0M)->0.0B(324.0M) Survivors: 30.0M->28.0M Heap: 1603.0M(4096.0M)->1364.0M(4096.0M)]
 [Times: user=0.30 sys=0.00, real=0.16 secs] 
2016-08-31T09:17:35.447+0200: 70905.581: [GC pause (young), 0.1525390 secs]
   [Parallel Time: 146.4 ms, GC Workers: 2]
      [GC Worker Start (ms): Min: 70905582.8, Avg: 70905583.7, Max: 70905584.6, Diff: 1.8]
      [Ext Root Scanning (ms): Min: 50.0, Avg: 58.3, Max: 66.6, Diff: 16.6, Sum: 116.6]
      [Update RS (ms): Min: 29.3, Avg: 36.6, Max: 44.0, Diff: 14.7, Sum: 73.3]
         [Processed Buffers: Min: 280, Avg: 349.0, Max: 418, Diff: 138, Sum: 698]
      [Scan RS (ms): Min: 8.3, Avg: 8.7, Max: 9.0, Diff: 0.8, Sum: 17.3]
      [Code Root Scanning (ms): Min: 0.1, Avg: 0.1, Max: 0.1, Diff: 0.0, Sum: 0.2]
      [Object Copy (ms): Min: 41.1, Avg: 41.6, Max: 42.1, Diff: 1.0, Sum: 83.1]
      [Termination (ms): Min: 0.0, Avg: 0.0, Max: 0.0, Diff: 0.0, Sum: 0.0]
      [GC Worker Other (ms): Min: 0.2, Avg: 0.2, Max: 0.2, Diff: 0.0, Sum: 0.4]
      [GC Worker Total (ms): Min: 144.5, Avg: 145.4, Max: 146.3, Diff: 1.8, Sum: 290.8]
      [GC Worker End (ms): Min: 70905729.1, Avg: 70905729.1, Max: 70905729.1, Diff: 0.0]
   [Code Root Fixup: 0.3 ms]
   [Code Root Migration: 0.0 ms]
   [Clear CT: 0.3 ms]
   [Other: 5.5 ms]
      [Choose CSet: 0.0 ms]
      [Ref Proc: 1.9 ms]
      [Ref Enq: 0.1 ms]
      [Free CSet: 0.8 ms]
   [Eden: 234.0M(234.0M)->0.0B(410.0M) Survivors: 28.0M->22.0M Heap: 1598.0M(4096.0M)->1375.0M(4096.0M)]
 [Times: user=0.27 sys=0.00, real=0.15 secs] 
2016-08-31T09:17:51.565+0200: 70921.699: [GC pause (young), 0.1647370 secs]
   [Parallel Time: 157.0 ms, GC Workers: 2]
      [GC Worker Start (ms): Min: 70921701.1, Avg: 70921703.4, Max: 70921705.6, Diff: 4.5]
      [Ext Root Scanning (ms): Min: 49.3, Avg: 52.1, Max: 54.8, Diff: 5.5, Sum: 104.1]
      [Update RS (ms): Min: 40.1, Avg: 42.3, Max: 44.4, Diff: 4.3, Sum: 84.5]
         [Processed Buffers: Min: 379, Avg: 381.5, Max: 384, Diff: 5, Sum: 763]
      [Scan RS (ms): Min: 7.8, Avg: 8.1, Max: 8.4, Diff: 0.7, Sum: 16.2]
      [Code Root Scanning (ms): Min: 0.1, Avg: 0.1, Max: 0.2, Diff: 0.1, Sum: 0.2]
      [Object Copy (ms): Min: 50.7, Avg: 51.9, Max: 53.2, Diff: 2.6, Sum: 103.9]
      [Termination (ms): Min: 0.0, Avg: 0.0, Max: 0.0, Diff: 0.0, Sum: 0.0]
      [GC Worker Other (ms): Min: 0.2, Avg: 0.2, Max: 0.2, Diff: 0.0, Sum: 0.3]
      [GC Worker Total (ms): Min: 152.4, Avg: 154.7, Max: 156.9, Diff: 4.5, Sum: 309.3]
      [GC Worker End (ms): Min: 70921858.0, Avg: 70921858.0, Max: 70921858.0, Diff: 0.0]
   [Code Root Fixup: 0.3 ms]
   [Code Root Migration: 0.1 ms]
   [Clear CT: 0.4 ms]
   [Other: 7.1 ms]
      [Choose CSet: 0.0 ms]
      [Ref Proc: 3.1 ms]
      [Ref Enq: 0.2 ms]
      [Free CSet: 0.9 ms]
   [Eden: 342.0M(336.0M)->0.0B(378.0M) Survivors: 22.0M->46.0M Heap: 1717.0M(4096.0M)->1407.0M(4096.0M)]
 [Times: user=0.31 sys=0.00, real=0.16 secs] 
2016-08-31T09:18:05.568+0200: 70935.702: [GC pause (young), 0.1574610 secs]
   [Parallel Time: 151.0 ms, GC Workers: 2]
      [GC Worker Start (ms): Min: 70935703.3, Avg: 70935703.3, Max: 70935703.4, Diff: 0.0]
      [Ext Root Scanning (ms): Min: 49.2, Avg: 49.8, Max: 50.4, Diff: 1.3, Sum: 99.6]
      [Update RS (ms): Min: 31.0, Avg: 31.1, Max: 31.3, Diff: 0.3, Sum: 62.3]
         [Processed Buffers: Min: 297, Avg: 309.5, Max: 322, Diff: 25, Sum: 619]
      [Scan RS (ms): Min: 11.5, Avg: 11.8, Max: 12.1, Diff: 0.6, Sum: 23.7]
      [Code Root Scanning (ms): Min: 0.1, Avg: 0.1, Max: 0.1, Diff: 0.0, Sum: 0.2]
      [Object Copy (ms): Min: 57.1, Avg: 58.0, Max: 58.8, Diff: 1.7, Sum: 116.0]
      [Termination (ms): Min: 0.0, Avg: 0.0, Max: 0.0, Diff: 0.0, Sum: 0.0]
      [GC Worker Other (ms): Min: 0.1, Avg: 0.1, Max: 0.2, Diff: 0.2, Sum: 0.3]
      [GC Worker Total (ms): Min: 151.0, Avg: 151.0, Max: 151.0, Diff: 0.0, Sum: 301.9]
      [GC Worker End (ms): Min: 70935854.3, Avg: 70935854.3, Max: 70935854.3, Diff: 0.0]
   [Code Root Fixup: 0.3 ms]
   [Code Root Migration: 0.0 ms]
   [Clear CT: 0.6 ms]
   [Other: 5.6 ms]
      [Choose CSet: 0.0 ms]
      [Ref Proc: 1.9 ms]
      [Ref Enq: 0.1 ms]
      [Free CSet: 0.8 ms]
   [Eden: 260.0M(260.0M)->0.0B(540.0M) Survivors: 46.0M->30.0M Heap: 1667.0M(4096.0M)->1431.0M(4096.0M)]
 [Times: user=0.31 sys=0.00, real=0.16 secs] 
2016-08-31T09:18:25.292+0200: 70955.426: [GC pause (young), 0.1749080 secs]
   [Parallel Time: 163.8 ms, GC Workers: 2]
      [GC Worker Start (ms): Min: 70955427.8, Avg: 70955427.8, Max: 70955427.8, Diff: 0.0]
      [Ext Root Scanning (ms): Min: 51.3, Avg: 51.4, Max: 51.5, Diff: 0.2, Sum: 102.8]
      [Update RS (ms): Min: 43.3, Avg: 43.6, Max: 43.8, Diff: 0.5, Sum: 87.2]
         [Processed Buffers: Min: 341, Avg: 368.5, Max: 396, Diff: 55, Sum: 737]
      [Scan RS (ms): Min: 9.1, Avg: 9.5, Max: 9.8, Diff: 0.7, Sum: 18.9]
      [Code Root Scanning (ms): Min: 0.1, Avg: 0.1, Max: 0.2, Diff: 0.1, Sum: 0.3]
      [Object Copy (ms): Min: 58.2, Avg: 58.9, Max: 59.5, Diff: 1.3, Sum: 117.8]
      [Termination (ms): Min: 0.0, Avg: 0.0, Max: 0.0, Diff: 0.0, Sum: 0.0]
      [GC Worker Other (ms): Min: 0.2, Avg: 0.2, Max: 0.2, Diff: 0.0, Sum: 0.3]
      [GC Worker Total (ms): Min: 163.7, Avg: 163.7, Max: 163.7, Diff: 0.0, Sum: 327.3]
      [GC Worker End (ms): Min: 70955591.5, Avg: 70955591.5, Max: 70955591.5, Diff: 0.0]
   [Code Root Fixup: 0.4 ms]
   [Code Root Migration: 0.1 ms]
   [Clear CT: 0.5 ms]
   [Other: 10.1 ms]
      [Choose CSet: 0.0 ms]
      [Ref Proc: 5.4 ms]
      [Ref Enq: 0.4 ms]
      [Free CSet: 1.2 ms]
   [Eden: 420.0M(412.0M)->0.0B(376.0M) Survivors: 30.0M->56.0M Heap: 1851.0M(4096.0M)->1463.0M(4096.0M)]
 [Times: user=0.34 sys=0.00, real=0.17 secs] 
2016-08-31T09:18:37.775+0200: 70967.909: [GC pause (young), 0.2233340 secs]
   [Parallel Time: 210.0 ms, GC Workers: 2]
      [GC Worker Start (ms): Min: 70967916.7, Avg: 70967917.0, Max: 70967917.3, Diff: 0.6]
      [Ext Root Scanning (ms): Min: 63.8, Avg: 66.1, Max: 68.4, Diff: 4.6, Sum: 132.1]
      [Update RS (ms): Min: 41.3, Avg: 45.3, Max: 49.3, Diff: 8.0, Sum: 90.5]
         [Processed Buffers: Min: 259, Avg: 351.0, Max: 443, Diff: 184, Sum: 702]
      [Scan RS (ms): Min: 17.9, Avg: 19.0, Max: 20.1, Diff: 2.1, Sum: 38.0]
      [Code Root Scanning (ms): Min: 0.0, Avg: 0.1, Max: 0.2, Diff: 0.2, Sum: 0.2]
      [Object Copy (ms): Min: 76.0, Avg: 79.0, Max: 82.0, Diff: 6.0, Sum: 158.1]
      [Termination (ms): Min: 0.0, Avg: 0.0, Max: 0.0, Diff: 0.0, Sum: 0.0]
      [GC Worker Other (ms): Min: 0.2, Avg: 0.2, Max: 0.2, Diff: 0.0, Sum: 0.3]
      [GC Worker Total (ms): Min: 209.4, Avg: 209.7, Max: 210.0, Diff: 0.6, Sum: 419.3]
      [GC Worker End (ms): Min: 70968126.6, Avg: 70968126.6, Max: 70968126.6, Diff: 0.0]
   [Code Root Fixup: 0.6 ms]
   [Code Root Migration: 0.0 ms]
   [Clear CT: 0.4 ms]
   [Other: 12.3 ms]
      [Choose CSet: 0.0 ms]
      [Ref Proc: 2.6 ms]
      [Ref Enq: 0.1 ms]
      [Free CSet: 0.8 ms]
   [Eden: 252.0M(252.0M)->0.0B(390.0M) Survivors: 56.0M->28.0M Heap: 1715.0M(4096.0M)->1488.0M(4096.0M)]
 [Times: user=0.31 sys=0.00, real=0.22 secs] 
2016-08-31T09:18:55.231+0200: 70985.365: [GC pause (young), 0.1648090 secs]
   [Parallel Time: 154.3 ms, GC Workers: 2]
      [GC Worker Start (ms): Min: 70985366.6, Avg: 70985366.6, Max: 70985366.6, Diff: 0.0]
      [Ext Root Scanning (ms): Min: 53.2, Avg: 62.7, Max: 72.3, Diff: 19.1, Sum: 125.5]
      [Update RS (ms): Min: 32.6, Avg: 41.1, Max: 49.6, Diff: 16.9, Sum: 82.2]
         [Processed Buffers: Min: 325, Avg: 383.5, Max: 442, Diff: 117, Sum: 767]
      [Scan RS (ms): Min: 7.1, Avg: 7.3, Max: 7.5, Diff: 0.4, Sum: 14.6]
      [Code Root Scanning (ms): Min: 0.1, Avg: 0.1, Max: 0.1, Diff: 0.0, Sum: 0.2]
      [Object Copy (ms): Min: 41.5, Avg: 42.8, Max: 44.1, Diff: 2.6, Sum: 85.6]
      [Termination (ms): Min: 0.0, Avg: 0.0, Max: 0.0, Diff: 0.0, Sum: 0.0]
      [GC Worker Other (ms): Min: 0.1, Avg: 0.2, Max: 0.2, Diff: 0.1, Sum: 0.4]
      [GC Worker Total (ms): Min: 154.2, Avg: 154.2, Max: 154.2, Diff: 0.0, Sum: 308.4]
      [GC Worker End (ms): Min: 70985520.8, Avg: 70985520.8, Max: 70985520.8, Diff: 0.0]
   [Code Root Fixup: 0.5 ms]
   [Code Root Migration: 0.1 ms]
   [Clear CT: 0.4 ms]
   [Other: 9.6 ms]
      [Choose CSet: 0.0 ms]
      [Ref Proc: 5.4 ms]
      [Ref Enq: 0.3 ms]
      [Free CSet: 1.0 ms]
   [Eden: 390.0M(390.0M)->0.0B(308.0M) Survivors: 28.0M->52.0M Heap: 1878.0M(4096.0M)->1513.0M(4096.0M)]
 [Times: user=0.29 sys=0.00, real=0.17 secs] 
2016-08-31T09:19:06.281+0200: 70996.415: [GC pause (young), 0.1571830 secs]
   [Parallel Time: 149.4 ms, GC Workers: 2]
      [GC Worker Start (ms): Min: 70996416.5, Avg: 70996416.6, Max: 70996416.6, Diff: 0.1]
      [Ext Root Scanning (ms): Min: 49.3, Avg: 50.0, Max: 50.7, Diff: 1.4, Sum: 100.1]
      [Update RS (ms): Min: 30.1, Avg: 30.2, Max: 30.4, Diff: 0.2, Sum: 60.5]
         [Processed Buffers: Min: 303, Avg: 316.0, Max: 329, Diff: 26, Sum: 632]
      [Scan RS (ms): Min: 12.1, Avg: 12.3, Max: 12.5, Diff: 0.4, Sum: 24.6]
      [Code Root Scanning (ms): Min: 0.1, Avg: 0.1, Max: 0.1, Diff: 0.1, Sum: 0.2]
      [Object Copy (ms): Min: 55.8, Avg: 56.4, Max: 57.0, Diff: 1.2, Sum: 112.8]
      [Termination (ms): Min: 0.0, Avg: 0.0, Max: 0.0, Diff: 0.0, Sum: 0.0]
      [GC Worker Other (ms): Min: 0.2, Avg: 0.2, Max: 0.2, Diff: 0.0, Sum: 0.4]
      [GC Worker Total (ms): Min: 149.2, Avg: 149.3, Max: 149.3, Diff: 0.1, Sum: 298.6]
      [GC Worker End (ms): Min: 70996565.8, Avg: 70996565.8, Max: 70996565.8, Diff: 0.0]
   [Code Root Fixup: 0.6 ms]
   [Code Root Migration: 0.0 ms]
   [Clear CT: 0.5 ms]
   [Other: 6.6 ms]
      [Choose CSet: 0.0 ms]
      [Ref Proc: 2.5 ms]
      [Ref Enq: 0.2 ms]
      [Free CSet: 0.9 ms]
   [Eden: 222.0M(178.0M)->0.0B(654.0M) Survivors: 52.0M->22.0M Heap: 1735.0M(4096.0M)->1521.0M(4096.0M)]
 [Times: user=0.31 sys=0.00, real=0.16 secs] 
2016-08-31T09:19:30.275+0200: 71020.410: [GC pause (young), 0.1783490 secs]
   [Parallel Time: 165.3 ms, GC Workers: 2]
      [GC Worker Start (ms): Min: 71020411.7, Avg: 71020411.7, Max: 71020411.7, Diff: 0.0]
      [Ext Root Scanning (ms): Min: 50.5, Avg: 51.9, Max: 53.4, Diff: 3.0, Sum: 103.9]
      [Update RS (ms): Min: 45.2, Avg: 46.3, Max: 47.5, Diff: 2.3, Sum: 92.7]
         [Processed Buffers: Min: 344, Avg: 347.5, Max: 351, Diff: 7, Sum: 695]
      [Scan RS (ms): Min: 11.7, Avg: 11.8, Max: 11.9, Diff: 0.2, Sum: 23.6]
      [Code Root Scanning (ms): Min: 0.1, Avg: 0.2, Max: 0.2, Diff: 0.1, Sum: 0.3]
      [Object Copy (ms): Min: 54.4, Avg: 54.8, Max: 55.2, Diff: 0.8, Sum: 109.6]
      [Termination (ms): Min: 0.0, Avg: 0.0, Max: 0.0, Diff: 0.0, Sum: 0.0]
      [GC Worker Other (ms): Min: 0.2, Avg: 0.2, Max: 0.2, Diff: 0.0, Sum: 0.3]
      [GC Worker Total (ms): Min: 165.2, Avg: 165.2, Max: 165.3, Diff: 0.0, Sum: 330.5]
      [GC Worker End (ms): Min: 71020576.9, Avg: 71020576.9, Max: 71020576.9, Diff: 0.0]
   [Code Root Fixup: 0.5 ms]
   [Code Root Migration: 0.1 ms]
   [Clear CT: 0.6 ms]
   [Other: 11.9 ms]
      [Choose CSet: 0.0 ms]
      [Ref Proc: 6.5 ms]
      [Ref Enq: 0.4 ms]
      [Free CSet: 1.5 ms]
   [Eden: 504.0M(476.0M)->0.0B(380.0M) Survivors: 22.0M->52.0M Heap: 2025.0M(4096.0M)->1552.0M(4096.0M)]
 [Times: user=0.34 sys=0.00, real=0.18 secs] 
2016-08-31T09:19:42.294+0200: 71032.429: [GC pause (young), 0.1757910 secs]
   [Parallel Time: 167.6 ms, GC Workers: 2]
      [GC Worker Start (ms): Min: 71032430.2, Avg: 71032430.6, Max: 71032431.0, Diff: 0.8]
      [Ext Root Scanning (ms): Min: 52.5, Avg: 52.9, Max: 53.3, Diff: 0.8, Sum: 105.9]
      [Update RS (ms): Min: 32.8, Avg: 33.6, Max: 34.3, Diff: 1.4, Sum: 67.1]
         [Processed Buffers: Min: 315, Avg: 355.5, Max: 396, Diff: 81, Sum: 711]
      [Scan RS (ms): Min: 13.2, Avg: 13.6, Max: 13.9, Diff: 0.8, Sum: 27.1]
      [Code Root Scanning (ms): Min: 0.1, Avg: 0.1, Max: 0.1, Diff: 0.0, Sum: 0.2]
      [Object Copy (ms): Min: 66.3, Avg: 66.7, Max: 67.2, Diff: 0.9, Sum: 133.5]
      [Termination (ms): Min: 0.0, Avg: 0.0, Max: 0.0, Diff: 0.0, Sum: 0.0]
      [GC Worker Other (ms): Min: 0.2, Avg: 0.2, Max: 0.2, Diff: 0.0, Sum: 0.4]
      [GC Worker Total (ms): Min: 166.7, Avg: 167.1, Max: 167.5, Diff: 0.8, Sum: 334.2]
      [GC Worker End (ms): Min: 71032597.7, Avg: 71032597.7, Max: 71032597.7, Diff: 0.0]
   [Code Root Fixup: 0.5 ms]
   [Code Root Migration: 0.0 ms]
   [Clear CT: 0.5 ms]
   [Other: 7.1 ms]
      [Choose CSet: 0.0 ms]
      [Ref Proc: 3.2 ms]
      [Ref Enq: 0.1 ms]
      [Free CSet: 0.8 ms]
   [Eden: 272.0M(240.0M)->0.0B(464.0M) Survivors: 52.0M->38.0M Heap: 1824.0M(4096.0M)->1573.0M(4096.0M)]
 [Times: user=0.34 sys=0.00, real=0.18 secs] 
2016-08-31T09:20:06.172+0200: 71056.307: [GC pause (young), 0.1716900 secs]
   [Parallel Time: 160.7 ms, GC Workers: 2]
      [GC Worker Start (ms): Min: 71056308.2, Avg: 71056308.2, Max: 71056308.2, Diff: 0.0]
      [Ext Root Scanning (ms): Min: 50.3, Avg: 50.6, Max: 50.8, Diff: 0.6, Sum: 101.1]
      [Update RS (ms): Min: 40.9, Avg: 41.0, Max: 41.1, Diff: 0.1, Sum: 82.0]
         [Processed Buffers: Min: 336, Avg: 355.5, Max: 375, Diff: 39, Sum: 711]
      [Scan RS (ms): Min: 10.5, Avg: 10.6, Max: 10.7, Diff: 0.3, Sum: 21.2]
      [Code Root Scanning (ms): Min: 0.1, Avg: 0.2, Max: 0.2, Diff: 0.1, Sum: 0.3]
      [Object Copy (ms): Min: 58.0, Avg: 58.1, Max: 58.2, Diff: 0.2, Sum: 116.2]
      [Termination (ms): Min: 0.0, Avg: 0.0, Max: 0.0, Diff: 0.0, Sum: 0.0]
      [GC Worker Other (ms): Min: 0.2, Avg: 0.2, Max: 0.2, Diff: 0.0, Sum: 0.4]
      [GC Worker Total (ms): Min: 160.6, Avg: 160.6, Max: 160.6, Diff: 0.0, Sum: 321.2]
      [GC Worker End (ms): Min: 71056468.9, Avg: 71056468.9, Max: 71056468.9, Diff: 0.0]
   [Code Root Fixup: 0.5 ms]
   [Code Root Migration: 0.1 ms]
   [Clear CT: 0.5 ms]
   [Other: 9.9 ms]
      [Choose CSet: 0.0 ms]
      [Ref Proc: 5.8 ms]
      [Ref Enq: 0.2 ms]
      [Free CSet: 1.1 ms]
   [Eden: 464.0M(464.0M)->0.0B(478.0M) Survivors: 38.0M->44.0M Heap: 2037.0M(4096.0M)->1597.0M(4096.0M)]
 [Times: user=0.33 sys=0.00, real=0.18 secs] 
2016-08-31T09:20:23.475+0200: 71073.609: [GC pause (young), 0.1656330 secs]
   [Parallel Time: 159.7 ms, GC Workers: 2]
      [GC Worker Start (ms): Min: 71073610.5, Avg: 71073612.3, Max: 71073614.2, Diff: 3.7]
      [Ext Root Scanning (ms): Min: 54.7, Avg: 56.7, Max: 58.8, Diff: 4.2, Sum: 113.5]
      [Update RS (ms): Min: 33.0, Avg: 35.4, Max: 37.8, Diff: 4.8, Sum: 70.8]
         [Processed Buffers: Min: 186, Avg: 334.5, Max: 483, Diff: 297, Sum: 669]
      [Scan RS (ms): Min: 5.8, Avg: 7.6, Max: 9.5, Diff: 3.7, Sum: 15.3]
      [Code Root Scanning (ms): Min: 0.0, Avg: 0.1, Max: 0.1, Diff: 0.1, Sum: 0.1]
      [Object Copy (ms): Min: 57.6, Avg: 57.8, Max: 58.1, Diff: 0.5, Sum: 115.6]
      [Termination (ms): Min: 0.0, Avg: 0.1, Max: 0.1, Diff: 0.1, Sum: 0.1]
      [GC Worker Other (ms): Min: 0.1, Avg: 0.1, Max: 0.1, Diff: 0.0, Sum: 0.2]
      [GC Worker Total (ms): Min: 155.9, Avg: 157.8, Max: 159.7, Diff: 3.8, Sum: 315.6]
      [GC Worker End (ms): Min: 71073770.1, Avg: 71073770.1, Max: 71073770.1, Diff: 0.0]
   [Code Root Fixup: 0.2 ms]
   [Code Root Migration: 0.0 ms]
   [Clear CT: 0.6 ms]
   [Other: 5.1 ms]
      [Choose CSet: 0.0 ms]
      [Ref Proc: 2.3 ms]
      [Ref Enq: 0.1 ms]
      [Free CSet: 0.7 ms]
   [Eden: 354.0M(338.0M)->0.0B(614.0M) Survivors: 44.0M->36.0M Heap: 1951.0M(4096.0M)->1609.0M(4096.0M)]
 [Times: user=0.18 sys=0.00, real=0.17 secs] 
2016-08-31T09:20:43.903+0200: 71094.038: [GC pause (young), 0.1869540 secs]
   [Parallel Time: 176.2 ms, GC Workers: 2]
      [GC Worker Start (ms): Min: 71094039.5, Avg: 71094040.9, Max: 71094042.2, Diff: 2.7]
      [Ext Root Scanning (ms): Min: 60.4, Avg: 60.8, Max: 61.1, Diff: 0.7, Sum: 121.5]
      [Update RS (ms): Min: 40.2, Avg: 41.7, Max: 43.3, Diff: 3.1, Sum: 83.4]
         [Processed Buffers: Min: 359, Avg: 388.5, Max: 418, Diff: 59, Sum: 777]
      [Scan RS (ms): Min: 11.2, Avg: 11.5, Max: 11.8, Diff: 0.7, Sum: 23.0]
      [Code Root Scanning (ms): Min: 0.1, Avg: 0.1, Max: 0.2, Diff: 0.1, Sum: 0.3]
      [Object Copy (ms): Min: 58.3, Avg: 60.5, Max: 62.7, Diff: 4.3, Sum: 121.0]
      [Termination (ms): Min: 0.0, Avg: 0.0, Max: 0.0, Diff: 0.0, Sum: 0.0]
      [GC Worker Other (ms): Min: 0.1, Avg: 0.1, Max: 0.2, Diff: 0.0, Sum: 0.3]
      [GC Worker Total (ms): Min: 173.4, Avg: 174.8, Max: 176.1, Diff: 2.7, Sum: 349.6]
      [GC Worker End (ms): Min: 71094215.7, Avg: 71094215.7, Max: 71094215.7, Diff: 0.0]
   [Code Root Fixup: 0.4 ms]
   [Code Root Migration: 0.1 ms]
   [Clear CT: 0.5 ms]
   [Other: 9.9 ms]
      [Choose CSet: 0.0 ms]
      [Ref Proc: 5.1 ms]
      [Ref Enq: 0.5 ms]
      [Free CSet: 0.9 ms]
   [Eden: 456.0M(454.0M)->0.0B(418.0M) Survivors: 36.0M->58.0M Heap: 2065.0M(4096.0M)->1650.0M(4096.0M)]
 [Times: user=0.34 sys=0.00, real=0.19 secs] 
2016-08-31T09:21:03.778+0200: 71113.912: [GC pause (young), 0.1768410 secs]
   [Parallel Time: 165.8 ms, GC Workers: 2]
      [GC Worker Start (ms): Min: 71113914.1, Avg: 71113915.8, Max: 71113917.5, Diff: 3.4]
      [Ext Root Scanning (ms): Min: 51.8, Avg: 53.0, Max: 54.2, Diff: 2.4, Sum: 105.9]
      [Update RS (ms): Min: 35.8, Avg: 36.3, Max: 36.9, Diff: 1.2, Sum: 72.7]
         [Processed Buffers: Min: 281, Avg: 314.0, Max: 347, Diff: 66, Sum: 628]
      [Scan RS (ms): Min: 13.6, Avg: 13.7, Max: 13.7, Diff: 0.1, Sum: 27.3]
      [Code Root Scanning (ms): Min: 0.1, Avg: 0.1, Max: 0.2, Diff: 0.1, Sum: 0.3]
      [Object Copy (ms): Min: 60.6, Avg: 60.7, Max: 60.8, Diff: 0.3, Sum: 121.4]
      [Termination (ms): Min: 0.0, Avg: 0.0, Max: 0.0, Diff: 0.0, Sum: 0.0]
      [GC Worker Other (ms): Min: 0.2, Avg: 0.2, Max: 0.2, Diff: 0.0, Sum: 0.4]
      [GC Worker Total (ms): Min: 162.3, Avg: 164.0, Max: 165.7, Diff: 3.4, Sum: 328.0]
      [GC Worker End (ms): Min: 71114079.8, Avg: 71114079.8, Max: 71114079.8, Diff: 0.0]
   [Code Root Fixup: 0.6 ms]
   [Code Root Migration: 0.1 ms]
   [Clear CT: 0.6 ms]
   [Other: 9.8 ms]
      [Choose CSet: 0.0 ms]
      [Ref Proc: 5.1 ms]
      [Ref Enq: 0.4 ms]
      [Free CSet: 1.3 ms]
   [Eden: 370.0M(312.0M)->0.0B(562.0M) Survivors: 58.0M->30.0M Heap: 2020.0M(4096.0M)->1647.0M(4096.0M)]
 [Times: user=0.33 sys=0.00, real=0.18 secs] 
2016-08-31T09:21:26.255+0200: 71136.390: [GC pause (young), 0.1755450 secs]
   [Parallel Time: 163.1 ms, GC Workers: 2]
      [GC Worker Start (ms): Min: 71136391.6, Avg: 71136391.6, Max: 71136391.6, Diff: 0.0]
      [Ext Root Scanning (ms): Min: 51.1, Avg: 51.9, Max: 52.7, Diff: 1.6, Sum: 103.7]
      [Update RS (ms): Min: 41.6, Avg: 42.0, Max: 42.4, Diff: 0.8, Sum: 84.1]
         [Processed Buffers: Min: 316, Avg: 324.5, Max: 333, Diff: 17, Sum: 649]
      [Scan RS (ms): Min: 11.6, Avg: 11.7, Max: 11.8, Diff: 0.2, Sum: 23.4]
      [Code Root Scanning (ms): Min: 0.1, Avg: 0.1, Max: 0.2, Diff: 0.1, Sum: 0.3]
      [Object Copy (ms): Min: 56.6, Avg: 57.0, Max: 57.5, Diff: 1.0, Sum: 114.1]
      [Termination (ms): Min: 0.0, Avg: 0.0, Max: 0.0, Diff: 0.0, Sum: 0.0]
      [GC Worker Other (ms): Min: 0.2, Avg: 0.2, Max: 0.2, Diff: 0.0, Sum: 0.3]
      [GC Worker Total (ms): Min: 163.0, Avg: 163.0, Max: 163.0, Diff: 0.0, Sum: 326.0]
      [GC Worker End (ms): Min: 71136554.6, Avg: 71136554.6, Max: 71136554.6, Diff: 0.0]
   [Code Root Fixup: 0.6 ms]
   [Code Root Migration: 0.1 ms]
   [Clear CT: 0.6 ms]
   [Other: 11.1 ms]
      [Choose CSet: 0.0 ms]
      [Ref Proc: 5.9 ms]
      [Ref Enq: 0.4 ms]
      [Free CSet: 1.4 ms]
   [Eden: 444.0M(426.0M)->0.0B(440.0M) Survivors: 30.0M->56.0M Heap: 2091.0M(4096.0M)->1672.0M(4096.0M)]
 [Times: user=0.34 sys=0.00, real=0.18 secs] 
2016-08-31T09:21:40.786+0200: 71150.921: [GC pause (young), 0.1709260 secs]
   [Parallel Time: 161.3 ms, GC Workers: 2]
      [GC Worker Start (ms): Min: 71150922.2, Avg: 71150922.2, Max: 71150922.3, Diff: 0.0]
      [Ext Root Scanning (ms): Min: 50.4, Avg: 50.5, Max: 50.5, Diff: 0.1, Sum: 100.9]
      [Update RS (ms): Min: 31.6, Avg: 32.2, Max: 32.7, Diff: 1.1, Sum: 64.4]
         [Processed Buffers: Min: 290, Avg: 313.5, Max: 337, Diff: 47, Sum: 627]
      [Scan RS (ms): Min: 13.9, Avg: 14.3, Max: 14.8, Diff: 0.8, Sum: 28.7]
      [Code Root Scanning (ms): Min: 0.1, Avg: 0.1, Max: 0.1, Diff: 0.0, Sum: 0.3]
      [Object Copy (ms): Min: 63.9, Avg: 63.9, Max: 64.0, Diff: 0.1, Sum: 127.9]
      [Termination (ms): Min: 0.0, Avg: 0.0, Max: 0.0, Diff: 0.0, Sum: 0.0]
      [GC Worker Other (ms): Min: 0.2, Avg: 0.2, Max: 0.2, Diff: 0.0, Sum: 0.4]
      [GC Worker Total (ms): Min: 161.2, Avg: 161.2, Max: 161.2, Diff: 0.0, Sum: 322.5]
      [GC Worker End (ms): Min: 71151083.5, Avg: 71151083.5, Max: 71151083.5, Diff: 0.0]
   [Code Root Fixup: 0.5 ms]
   [Code Root Migration: 0.1 ms]
   [Clear CT: 0.6 ms]
   [Other: 8.5 ms]
      [Choose CSet: 0.0 ms]
      [Ref Proc: 3.8 ms]
      [Ref Enq: 0.3 ms]
      [Free CSet: 1.2 ms]
   [Eden: 306.0M(306.0M)->0.0B(650.0M) Survivors: 56.0M->32.0M Heap: 1978.0M(4096.0M)->1686.0M(4096.0M)]
 [Times: user=0.33 sys=0.00, real=0.17 secs] 
2016-08-31T09:22:05.977+0200: 71176.112: [GC pause (young), 0.1893590 secs]
   [Parallel Time: 176.1 ms, GC Workers: 2]
      [GC Worker Start (ms): Min: 71176113.7, Avg: 71176113.7, Max: 71176113.7, Diff: 0.0]
      [Ext Root Scanning (ms): Min: 49.5, Avg: 50.1, Max: 50.6, Diff: 1.0, Sum: 100.1]
      [Update RS (ms): Min: 48.5, Avg: 49.1, Max: 49.6, Diff: 1.1, Sum: 98.1]
         [Processed Buffers: Min: 354, Avg: 369.0, Max: 384, Diff: 30, Sum: 738]
      [Scan RS (ms): Min: 11.8, Avg: 11.8, Max: 11.8, Diff: 0.0, Sum: 23.7]
      [Code Root Scanning (ms): Min: 0.1, Avg: 0.2, Max: 0.2, Diff: 0.1, Sum: 0.3]
      [Object Copy (ms): Min: 63.6, Avg: 64.6, Max: 65.6, Diff: 2.0, Sum: 129.2]
      [Termination (ms): Min: 0.0, Avg: 0.0, Max: 0.0, Diff: 0.0, Sum: 0.0]
      [GC Worker Other (ms): Min: 0.2, Avg: 0.2, Max: 0.2, Diff: 0.0, Sum: 0.4]
      [GC Worker Total (ms): Min: 175.9, Avg: 175.9, Max: 175.9, Diff: 0.0, Sum: 351.9]
      [GC Worker End (ms): Min: 71176289.6, Avg: 71176289.6, Max: 71176289.6, Diff: 0.0]
   [Code Root Fixup: 0.4 ms]
   [Code Root Migration: 0.1 ms]
   [Clear CT: 0.6 ms]
   [Other: 12.1 ms]
      [Choose CSet: 0.0 ms]
      [Ref Proc: 7.0 ms]
      [Ref Enq: 0.5 ms]
      [Free CSet: 1.6 ms]
   [Eden: 532.0M(500.0M)->0.0B(408.0M) Survivors: 32.0M->64.0M Heap: 2218.0M(4096.0M)->1719.0M(4096.0M)]
 [Times: user=0.37 sys=0.00, real=0.19 secs] 
2016-08-31T09:22:20.038+0200: 71190.173: [GC pause (young), 0.1852510 secs]
   [Parallel Time: 177.8 ms, GC Workers: 2]
      [GC Worker Start (ms): Min: 71190174.3, Avg: 71190177.2, Max: 71190180.0, Diff: 5.7]
      [Ext Root Scanning (ms): Min: 50.2, Avg: 50.9, Max: 51.5, Diff: 1.3, Sum: 101.7]
      [Update RS (ms): Min: 36.0, Avg: 36.6, Max: 37.2, Diff: 1.1, Sum: 73.2]
         [Processed Buffers: Min: 349, Avg: 374.0, Max: 399, Diff: 50, Sum: 748]
      [Scan RS (ms): Min: 13.9, Avg: 14.5, Max: 15.0, Diff: 1.1, Sum: 29.0]
      [Code Root Scanning (ms): Min: 0.1, Avg: 0.1, Max: 0.1, Diff: 0.0, Sum: 0.2]
      [Object Copy (ms): Min: 69.1, Avg: 72.6, Max: 76.0, Diff: 6.9, Sum: 145.1]
      [Termination (ms): Min: 0.0, Avg: 0.0, Max: 0.0, Diff: 0.0, Sum: 0.0]
      [GC Worker Other (ms): Min: 0.2, Avg: 0.2, Max: 0.2, Diff: 0.0, Sum: 0.4]
      [GC Worker Total (ms): Min: 172.0, Avg: 174.9, Max: 177.7, Diff: 5.7, Sum: 349.7]
      [GC Worker End (ms): Min: 71190352.0, Avg: 71190352.0, Max: 71190352.0, Diff: 0.0]
   [Code Root Fixup: 0.3 ms]
   [Code Root Migration: 0.1 ms]
   [Clear CT: 0.5 ms]
   [Other: 6.6 ms]
      [Choose CSet: 0.0 ms]
      [Ref Proc: 2.4 ms]
      [Ref Enq: 0.2 ms]
      [Free CSet: 0.9 ms]
   [Eden: 312.0M(264.0M)->0.0B(452.0M) Survivors: 64.0M->34.0M Heap: 2031.0M(4096.0M)->1736.0M(4096.0M)]
 [Times: user=0.35 sys=0.00, real=0.19 secs] 
2016-08-31T09:22:44.741+0200: 71214.875: [GC pause (young), 0.1798070 secs]
   [Parallel Time: 169.3 ms, GC Workers: 2]
      [GC Worker Start (ms): Min: 71214876.8, Avg: 71214876.8, Max: 71214876.8, Diff: 0.1]
      [Ext Root Scanning (ms): Min: 53.1, Avg: 54.0, Max: 54.8, Diff: 1.7, Sum: 107.9]
      [Update RS (ms): Min: 44.1, Avg: 44.1, Max: 44.2, Diff: 0.1, Sum: 88.3]
         [Processed Buffers: Min: 373, Avg: 387.0, Max: 401, Diff: 28, Sum: 774]
      [Scan RS (ms): Min: 11.3, Avg: 11.7, Max: 12.2, Diff: 0.9, Sum: 23.5]
      [Code Root Scanning (ms): Min: 0.1, Avg: 0.2, Max: 0.2, Diff: 0.1, Sum: 0.3]
      [Object Copy (ms): Min: 58.7, Avg: 59.0, Max: 59.4, Diff: 0.7, Sum: 118.0]
      [Termination (ms): Min: 0.0, Avg: 0.0, Max: 0.0, Diff: 0.0, Sum: 0.0]
      [GC Worker Other (ms): Min: 0.2, Avg: 0.2, Max: 0.2, Diff: 0.0, Sum: 0.3]
      [GC Worker Total (ms): Min: 169.2, Avg: 169.2, Max: 169.2, Diff: 0.1, Sum: 338.4]
      [GC Worker End (ms): Min: 71215046.0, Avg: 71215046.0, Max: 71215046.0, Diff: 0.0]
   [Code Root Fixup: 0.4 ms]
   [Code Root Migration: 0.1 ms]
   [Clear CT: 0.9 ms]
   [Other: 9.2 ms]
      [Choose CSet: 0.0 ms]
      [Ref Proc: 4.6 ms]
      [Ref Enq: 0.4 ms]
      [Free CSet: 1.2 ms]
   [Eden: 452.0M(452.0M)->0.0B(402.0M) Survivors: 34.0M->50.0M Heap: 2188.0M(4096.0M)->1769.0M(4096.0M)]
 [Times: user=0.34 sys=0.00, real=0.18 secs] 
2016-08-31T09:23:03.769+0200: 71233.904: [GC pause (young), 0.1762170 secs]
   [Parallel Time: 164.6 ms, GC Workers: 2]
      [GC Worker Start (ms): Min: 71233905.6, Avg: 71233905.6, Max: 71233905.6, Diff: 0.0]
      [Ext Root Scanning (ms): Min: 50.0, Avg: 50.1, Max: 50.2, Diff: 0.1, Sum: 100.2]
      [Update RS (ms): Min: 40.1, Avg: 40.3, Max: 40.5, Diff: 0.4, Sum: 80.6]
         [Processed Buffers: Min: 326, Avg: 346.0, Max: 366, Diff: 40, Sum: 692]
      [Scan RS (ms): Min: 11.5, Avg: 11.8, Max: 12.1, Diff: 0.7, Sum: 23.6]
      [Code Root Scanning (ms): Min: 0.1, Avg: 0.1, Max: 0.2, Diff: 0.1, Sum: 0.3]
      [Object Copy (ms): Min: 61.9, Avg: 61.9, Max: 61.9, Diff: 0.0, Sum: 123.8]
      [Termination (ms): Min: 0.0, Avg: 0.0, Max: 0.0, Diff: 0.0, Sum: 0.0]
      [GC Worker Other (ms): Min: 0.2, Avg: 0.2, Max: 0.2, Diff: 0.0, Sum: 0.3]
      [GC Worker Total (ms): Min: 164.4, Avg: 164.4, Max: 164.4, Diff: 0.0, Sum: 328.8]
      [GC Worker End (ms): Min: 71234070.0, Avg: 71234070.0, Max: 71234070.0, Diff: 0.0]
   [Code Root Fixup: 0.5 ms]
   [Code Root Migration: 0.1 ms]
   [Clear CT: 1.1 ms]
   [Other: 10.0 ms]
      [Choose CSet: 0.0 ms]
      [Ref Proc: 5.1 ms]
      [Ref Enq: 0.4 ms]
      [Free CSet: 1.2 ms]
   [Eden: 402.0M(402.0M)->0.0B(518.0M) Survivors: 50.0M->36.0M Heap: 2171.0M(4096.0M)->1786.0M(4096.0M)]
 [Times: user=0.34 sys=0.00, real=0.18 secs] 
2016-08-31T09:23:25.064+0200: 71255.199: [GC pause (young), 0.1626560 secs]
   [Parallel Time: 154.9 ms, GC Workers: 2]
      [GC Worker Start (ms): Min: 71255200.3, Avg: 71255200.9, Max: 71255201.5, Diff: 1.2]
      [Ext Root Scanning (ms): Min: 52.6, Avg: 52.6, Max: 52.7, Diff: 0.1, Sum: 105.2]
      [Update RS (ms): Min: 43.1, Avg: 43.5, Max: 43.9, Diff: 0.8, Sum: 86.9]
         [Processed Buffers: Min: 337, Avg: 352.0, Max: 367, Diff: 30, Sum: 704]
      [Scan RS (ms): Min: 11.7, Avg: 12.0, Max: 12.4, Diff: 0.6, Sum: 24.1]
      [Code Root Scanning (ms): Min: 0.1, Avg: 0.2, Max: 0.2, Diff: 0.1, Sum: 0.3]
      [Object Copy (ms): Min: 45.2, Avg: 45.8, Max: 46.4, Diff: 1.2, Sum: 91.7]
      [Termination (ms): Min: 0.0, Avg: 0.0, Max: 0.0, Diff: 0.0, Sum: 0.0]
      [GC Worker Other (ms): Min: 0.2, Avg: 0.2, Max: 0.2, Diff: 0.0, Sum: 0.4]
      [GC Worker Total (ms): Min: 153.7, Avg: 154.3, Max: 154.9, Diff: 1.2, Sum: 308.6]
      [GC Worker End (ms): Min: 71255355.2, Avg: 71255355.2, Max: 71255355.2, Diff: 0.0]
   [Code Root Fixup: 0.3 ms]
   [Code Root Migration: 0.1 ms]
   [Clear CT: 0.4 ms]
   [Other: 7.0 ms]
      [Choose CSet: 0.0 ms]
      [Ref Proc: 3.1 ms]
      [Ref Enq: 0.2 ms]
      [Free CSet: 1.0 ms]
   [Eden: 412.0M(394.0M)->0.0B(668.0M) Survivors: 36.0M->30.0M Heap: 2198.0M(4096.0M)->1798.0M(4096.0M)]
 [Times: user=0.32 sys=0.00, real=0.16 secs] 
2016-08-31T09:23:50.586+0200: 71280.721: [GC pause (young), 0.1790170 secs]
   [Parallel Time: 162.6 ms, GC Workers: 2]
      [GC Worker Start (ms): Min: 71280722.5, Avg: 71280722.5, Max: 71280722.6, Diff: 0.0]
      [Ext Root Scanning (ms): Min: 50.2, Avg: 50.3, Max: 50.5, Diff: 0.4, Sum: 100.7]
      [Update RS (ms): Min: 42.2, Avg: 42.4, Max: 42.6, Diff: 0.4, Sum: 84.9]
         [Processed Buffers: Min: 373, Avg: 391.0, Max: 409, Diff: 36, Sum: 782]
      [Scan RS (ms): Min: 12.9, Avg: 13.0, Max: 13.0, Diff: 0.0, Sum: 25.9]
      [Code Root Scanning (ms): Min: 0.1, Avg: 0.2, Max: 0.2, Diff: 0.1, Sum: 0.3]
      [Object Copy (ms): Min: 56.4, Avg: 56.4, Max: 56.4, Diff: 0.0, Sum: 112.9]
      [Termination (ms): Min: 0.0, Avg: 0.0, Max: 0.0, Diff: 0.0, Sum: 0.0]
      [GC Worker Other (ms): Min: 0.2, Avg: 0.2, Max: 0.2, Diff: 0.0, Sum: 0.3]
      [GC Worker Total (ms): Min: 162.5, Avg: 162.5, Max: 162.5, Diff: 0.0, Sum: 325.1]
      [GC Worker End (ms): Min: 71280885.1, Avg: 71280885.1, Max: 71280885.1, Diff: 0.0]
   [Code Root Fixup: 0.5 ms]
   [Code Root Migration: 0.2 ms]
   [Clear CT: 0.7 ms]
   [Other: 15.1 ms]
      [Choose CSet: 0.0 ms]
      [Ref Proc: 9.9 ms]
      [Ref Enq: 0.5 ms]
      [Free CSet: 1.5 ms]
   [Eden: 490.0M(490.0M)->0.0B(528.0M) Survivors: 30.0M->62.0M Heap: 2288.0M(4096.0M)->1829.0M(4096.0M)]
 [Times: user=0.34 sys=0.00, real=0.18 secs] 
2016-08-31T09:24:07.700+0200: 71297.835: [GC pause (young), 0.1864430 secs]
   [Parallel Time: 173.0 ms, GC Workers: 2]
      [GC Worker Start (ms): Min: 71297836.3, Avg: 71297836.3, Max: 71297836.4, Diff: 0.1]
      [Ext Root Scanning (ms): Min: 57.4, Avg: 57.8, Max: 58.2, Diff: 0.8, Sum: 115.6]
      [Update RS (ms): Min: 34.4, Avg: 34.6, Max: 34.9, Diff: 0.5, Sum: 69.3]
         [Processed Buffers: Min: 296, Avg: 301.5, Max: 307, Diff: 11, Sum: 603]
      [Scan RS (ms): Min: 15.5, Avg: 15.6, Max: 15.7, Diff: 0.2, Sum: 31.2]
      [Code Root Scanning (ms): Min: 0.1, Avg: 0.1, Max: 0.2, Diff: 0.1, Sum: 0.3]
      [Object Copy (ms): Min: 58.4, Avg: 61.8, Max: 65.1, Diff: 6.7, Sum: 123.5]
      [Termination (ms): Min: 0.0, Avg: 2.8, Max: 5.6, Diff: 5.6, Sum: 5.6]
      [GC Worker Other (ms): Min: 0.2, Avg: 0.2, Max: 0.2, Diff: 0.0, Sum: 0.3]
      [GC Worker Total (ms): Min: 172.9, Avg: 172.9, Max: 172.9, Diff: 0.1, Sum: 345.8]
      [GC Worker End (ms): Min: 71298009.2, Avg: 71298009.2, Max: 71298009.2, Diff: 0.0]
   [Code Root Fixup: 0.5 ms]
   [Code Root Migration: 0.1 ms]
   [Clear CT: 0.5 ms]
   [Other: 12.4 ms]
      [Choose CSet: 0.0 ms]
      [Ref Proc: 8.2 ms]
      [Ref Enq: 0.3 ms]
      [Free CSet: 1.1 ms]
   [Eden: 342.0M(342.0M)->0.0B(660.0M) Survivors: 62.0M->34.0M Heap: 2171.0M(4096.0M)->1836.0M(4096.0M)]
 [Times: user=0.34 sys=0.01, real=0.18 secs] 
2016-08-31T09:24:33.384+0200: 71323.519: [GC pause (young), 0.2030090 secs]
   [Parallel Time: 189.4 ms, GC Workers: 2]
      [GC Worker Start (ms): Min: 71323520.6, Avg: 71323520.6, Max: 71323520.6, Diff: 0.0]
      [Ext Root Scanning (ms): Min: 52.3, Avg: 52.7, Max: 53.0, Diff: 0.7, Sum: 105.3]
      [Update RS (ms): Min: 46.7, Avg: 46.8, Max: 47.0, Diff: 0.4, Sum: 93.7]
         [Processed Buffers: Min: 334, Avg: 339.5, Max: 345, Diff: 11, Sum: 679]
      [Scan RS (ms): Min: 14.5, Avg: 14.7, Max: 14.8, Diff: 0.3, Sum: 29.4]
      [Code Root Scanning (ms): Min: 0.2, Avg: 0.2, Max: 0.2, Diff: 0.1, Sum: 0.4]
      [Object Copy (ms): Min: 74.8, Avg: 74.8, Max: 74.8, Diff: 0.1, Sum: 149.6]
      [Termination (ms): Min: 0.0, Avg: 0.0, Max: 0.0, Diff: 0.0, Sum: 0.0]
      [GC Worker Other (ms): Min: 0.1, Avg: 0.2, Max: 0.2, Diff: 0.1, Sum: 0.3]
      [GC Worker Total (ms): Min: 189.3, Avg: 189.4, Max: 189.4, Diff: 0.0, Sum: 378.7]
      [GC Worker End (ms): Min: 71323710.0, Avg: 71323710.0, Max: 71323710.0, Diff: 0.0]
   [Code Root Fixup: 0.4 ms]
   [Code Root Migration: 0.1 ms]
   [Clear CT: 0.6 ms]
   [Other: 12.5 ms]
      [Choose CSet: 0.0 ms]
      [Ref Proc: 7.8 ms]
      [Ref Enq: 0.3 ms]
      [Free CSet: 1.3 ms]
   [Eden: 550.0M(490.0M)->0.0B(352.0M) Survivors: 34.0M->66.0M Heap: 2386.0M(4096.0M)->1873.0M(4096.0M)]
 [Times: user=0.38 sys=0.00, real=0.20 secs] 
2016-08-31T09:24:48.340+0200: 71338.475: [GC pause (young), 0.2205140 secs]
   [Parallel Time: 213.0 ms, GC Workers: 2]
      [GC Worker Start (ms): Min: 71338476.3, Avg: 71338476.3, Max: 71338476.3, Diff: 0.0]
      [Ext Root Scanning (ms): Min: 47.0, Avg: 58.2, Max: 69.3, Diff: 22.3, Sum: 116.3]
      [Update RS (ms): Min: 35.2, Avg: 42.9, Max: 50.6, Diff: 15.4, Sum: 85.9]
         [Processed Buffers: Min: 308, Avg: 397.5, Max: 487, Diff: 179, Sum: 795]
      [Scan RS (ms): Min: 14.4, Avg: 18.4, Max: 22.3, Diff: 7.9, Sum: 36.7]
      [Code Root Scanning (ms): Min: 0.0, Avg: 0.1, Max: 0.1, Diff: 0.1, Sum: 0.2]
      [Object Copy (ms): Min: 92.7, Avg: 93.2, Max: 93.8, Diff: 1.2, Sum: 186.5]
      [Termination (ms): Min: 0.0, Avg: 0.1, Max: 0.1, Diff: 0.1, Sum: 0.1]
      [GC Worker Other (ms): Min: 0.1, Avg: 0.1, Max: 0.1, Diff: 0.0, Sum: 0.2]
      [GC Worker Total (ms): Min: 213.0, Avg: 213.0, Max: 213.0, Diff: 0.0, Sum: 426.0]
      [GC Worker End (ms): Min: 71338689.2, Avg: 71338689.3, Max: 71338689.3, Diff: 0.0]
   [Code Root Fixup: 0.3 ms]
   [Code Root Migration: 0.0 ms]
   [Clear CT: 0.6 ms]
   [Other: 6.4 ms]
      [Choose CSet: 0.0 ms]
      [Ref Proc: 2.7 ms]
      [Ref Enq: 0.2 ms]
      [Free CSet: 0.7 ms]
   [Eden: 352.0M(352.0M)->0.0B(332.0M) Survivors: 66.0M->42.0M Heap: 2225.0M(4096.0M)->1901.0M(4096.0M)]
 [Times: user=0.26 sys=0.00, real=0.22 secs] 
2016-08-31T09:25:04.304+0200: 71354.438: [GC pause (young) (initial-mark), 0.1817400 secs]
   [Parallel Time: 173.4 ms, GC Workers: 2]
      [GC Worker Start (ms): Min: 71354440.3, Avg: 71354440.8, Max: 71354441.3, Diff: 1.0]
      [Ext Root Scanning (ms): Min: 50.9, Avg: 51.8, Max: 52.7, Diff: 1.8, Sum: 103.6]
      [Code Root Marking (ms): Min: 13.2, Avg: 13.5, Max: 13.9, Diff: 0.7, Sum: 27.0]
      [Update RS (ms): Min: 40.1, Avg: 40.9, Max: 41.7, Diff: 1.6, Sum: 81.8]
         [Processed Buffers: Min: 375, Avg: 387.0, Max: 399, Diff: 24, Sum: 774]
      [Scan RS (ms): Min: 10.1, Avg: 10.5, Max: 10.9, Diff: 0.8, Sum: 21.0]
      [Code Root Scanning (ms): Min: 0.1, Avg: 0.1, Max: 0.2, Diff: 0.1, Sum: 0.2]
      [Object Copy (ms): Min: 55.5, Avg: 55.9, Max: 56.2, Diff: 0.7, Sum: 111.7]
      [Termination (ms): Min: 0.0, Avg: 0.0, Max: 0.0, Diff: 0.0, Sum: 0.0]
      [GC Worker Other (ms): Min: 0.2, Avg: 0.2, Max: 0.2, Diff: 0.0, Sum: 0.3]
      [GC Worker Total (ms): Min: 172.4, Avg: 172.9, Max: 173.4, Diff: 1.0, Sum: 345.8]
      [GC Worker End (ms): Min: 71354613.7, Avg: 71354613.7, Max: 71354613.7, Diff: 0.0]
   [Code Root Fixup: 0.2 ms]
   [Code Root Migration: 0.1 ms]
   [Clear CT: 0.4 ms]
   [Other: 7.6 ms]
      [Choose CSet: 0.0 ms]
      [Ref Proc: 2.8 ms]
      [Ref Enq: 0.2 ms]
      [Free CSet: 0.8 ms]
   [Eden: 332.0M(332.0M)->0.0B(392.0M) Survivors: 42.0M->32.0M Heap: 2233.0M(4096.0M)->1917.0M(4096.0M)]
 [Times: user=0.35 sys=0.00, real=0.18 secs] 
2016-08-31T09:25:04.486+0200: 71354.620: [GC concurrent-root-region-scan-start]
2016-08-31T09:25:04.505+0200: 71354.640: [GC concurrent-root-region-scan-end, 0.0194370 secs]
2016-08-31T09:25:04.505+0200: 71354.640: [GC concurrent-mark-start]
2016-08-31T09:25:05.438+0200: 71355.573: [GC concurrent-mark-end, 0.9331340 secs]
2016-08-31T09:25:05.452+0200: 71355.586: [GC remark 2016-08-31T09:25:05.453+0200: 71355.588: [GC ref-proc, 0.0919840 secs], 0.1080540 secs]
 [Times: user=0.12 sys=0.00, real=0.11 secs] 
2016-08-31T09:25:05.600+0200: 71355.734: [GC cleanup 1943M->1817M(4096M), 0.0285460 secs]
 [Times: user=0.06 sys=0.00, real=0.02 secs] 
2016-08-31T09:25:05.629+0200: 71355.763: [GC concurrent-cleanup-start]
2016-08-31T09:25:05.629+0200: 71355.764: [GC concurrent-cleanup-end, 0.0003300 secs]
2016-08-31T09:25:22.693+0200: 71372.828: [GC pause (young), 0.1651220 secs]
   [Parallel Time: 156.8 ms, GC Workers: 2]
      [GC Worker Start (ms): Min: 71372829.5, Avg: 71372829.5, Max: 71372829.5, Diff: 0.0]
      [Ext Root Scanning (ms): Min: 54.6, Avg: 54.8, Max: 55.1, Diff: 0.6, Sum: 109.7]
      [Update RS (ms): Min: 42.3, Avg: 42.4, Max: 42.5, Diff: 0.1, Sum: 84.8]
         [Processed Buffers: Min: 385, Avg: 386.5, Max: 388, Diff: 3, Sum: 773]
      [Scan RS (ms): Min: 11.0, Avg: 11.1, Max: 11.3, Diff: 0.4, Sum: 22.3]
      [Code Root Scanning (ms): Min: 0.1, Avg: 0.1, Max: 0.2, Diff: 0.1, Sum: 0.3]
      [Object Copy (ms): Min: 47.9, Avg: 48.0, Max: 48.0, Diff: 0.1, Sum: 96.0]
      [Termination (ms): Min: 0.0, Avg: 0.0, Max: 0.0, Diff: 0.0, Sum: 0.0]
      [GC Worker Other (ms): Min: 0.2, Avg: 0.2, Max: 0.2, Diff: 0.0, Sum: 0.4]
      [GC Worker Total (ms): Min: 156.7, Avg: 156.7, Max: 156.7, Diff: 0.0, Sum: 313.3]
      [GC Worker End (ms): Min: 71372986.2, Avg: 71372986.2, Max: 71372986.2, Diff: 0.0]
   [Code Root Fixup: 0.3 ms]
   [Code Root Migration: 0.1 ms]
   [Clear CT: 0.5 ms]
   [Other: 7.5 ms]
      [Choose CSet: 0.0 ms]
      [Ref Proc: 3.2 ms]
      [Ref Enq: 0.2 ms]
      [Free CSet: 1.0 ms]
   [Eden: 392.0M(392.0M)->0.0B(160.0M) Survivors: 32.0M->44.0M Heap: 2183.0M(4096.0M)->1819.0M(4096.0M)]
 [Times: user=0.32 sys=0.00, real=0.16 secs] 
2016-08-31T09:25:29.933+0200: 71380.067: [GC pause (mixed), 0.1761700 secs]
   [Parallel Time: 168.6 ms, GC Workers: 2]
      [GC Worker Start (ms): Min: 71380068.9, Avg: 71380068.9, Max: 71380069.0, Diff: 0.1]
      [Ext Root Scanning (ms): Min: 53.9, Avg: 58.8, Max: 63.7, Diff: 9.8, Sum: 117.6]
      [Update RS (ms): Min: 23.0, Avg: 27.6, Max: 32.3, Diff: 9.3, Sum: 55.3]
         [Processed Buffers: Min: 302, Avg: 315.5, Max: 329, Diff: 27, Sum: 631]
      [Scan RS (ms): Min: 29.3, Avg: 29.5, Max: 29.7, Diff: 0.3, Sum: 59.0]
      [Code Root Scanning (ms): Min: 0.1, Avg: 0.2, Max: 0.2, Diff: 0.1, Sum: 0.4]
      [Object Copy (ms): Min: 52.2, Avg: 52.3, Max: 52.3, Diff: 0.1, Sum: 104.6]
      [Termination (ms): Min: 0.0, Avg: 0.0, Max: 0.0, Diff: 0.0, Sum: 0.0]
      [GC Worker Other (ms): Min: 0.1, Avg: 0.1, Max: 0.2, Diff: 0.1, Sum: 0.2]
      [GC Worker Total (ms): Min: 168.5, Avg: 168.5, Max: 168.6, Diff: 0.1, Sum: 337.0]
      [GC Worker End (ms): Min: 71380237.5, Avg: 71380237.5, Max: 71380237.5, Diff: 0.0]
   [Code Root Fixup: 0.3 ms]
   [Code Root Migration: 0.1 ms]
   [Clear CT: 0.6 ms]
   [Other: 6.5 ms]
      [Choose CSet: 0.4 ms]
      [Ref Proc: 1.3 ms]
      [Ref Enq: 0.1 ms]
      [Free CSet: 1.8 ms]
   [Eden: 160.0M(160.0M)->0.0B(188.0M) Survivors: 44.0M->16.0M Heap: 1979.0M(4096.0M)->1427.0M(4096.0M)]
 [Times: user=0.34 sys=0.00, real=0.17 secs] 
2016-08-31T09:25:38.043+0200: 71388.178: [GC pause (mixed), 0.2968780 secs]
   [Parallel Time: 290.3 ms, GC Workers: 2]
      [GC Worker Start (ms): Min: 71388179.3, Avg: 71388180.6, Max: 71388182.0, Diff: 2.8]
      [Ext Root Scanning (ms): Min: 90.1, Avg: 96.2, Max: 102.2, Diff: 12.1, Sum: 192.3]
      [Update RS (ms): Min: 58.8, Avg: 59.6, Max: 60.3, Diff: 1.4, Sum: 119.1]
         [Processed Buffers: Min: 291, Avg: 362.0, Max: 433, Diff: 142, Sum: 724]
      [Scan RS (ms): Min: 53.3, Avg: 54.6, Max: 55.9, Diff: 2.5, Sum: 109.2]
      [Code Root Scanning (ms): Min: 0.0, Avg: 0.1, Max: 0.1, Diff: 0.1, Sum: 0.2]
      [Object Copy (ms): Min: 70.3, Avg: 78.0, Max: 85.6, Diff: 15.3, Sum: 156.0]
      [Termination (ms): Min: 0.0, Avg: 0.4, Max: 0.8, Diff: 0.8, Sum: 0.8]
      [GC Worker Other (ms): Min: 0.0, Avg: 0.1, Max: 0.1, Diff: 0.1, Sum: 0.2]
      [GC Worker Total (ms): Min: 287.5, Avg: 288.9, Max: 290.3, Diff: 2.8, Sum: 577.7]
      [GC Worker End (ms): Min: 71388469.5, Avg: 71388469.5, Max: 71388469.5, Diff: 0.0]
   [Code Root Fixup: 0.3 ms]
   [Code Root Migration: 0.1 ms]
   [Clear CT: 0.9 ms]
   [Other: 5.3 ms]
      [Choose CSet: 0.3 ms]
      [Ref Proc: 1.4 ms]
      [Ref Enq: 0.1 ms]
      [Free CSet: 1.0 ms]
   [Eden: 188.0M(188.0M)->0.0B(178.0M) Survivors: 16.0M->26.0M Heap: 1615.0M(4096.0M)->1258.0M(4096.0M)]
 [Times: user=0.30 sys=0.00, real=0.30 secs] 
2016-08-31T09:25:44.011+0200: 71394.146: [GC pause (mixed), 0.2360360 secs]
   [Parallel Time: 228.1 ms, GC Workers: 2]
      [GC Worker Start (ms): Min: 71394148.0, Avg: 71394149.2, Max: 71394150.4, Diff: 2.4]
      [Ext Root Scanning (ms): Min: 50.8, Avg: 51.1, Max: 51.4, Diff: 0.6, Sum: 102.3]
      [Update RS (ms): Min: 30.4, Avg: 31.0, Max: 31.5, Diff: 1.0, Sum: 61.9]
         [Processed Buffers: Min: 383, Avg: 395.5, Max: 408, Diff: 25, Sum: 791]
      [Scan RS (ms): Min: 67.5, Avg: 67.9, Max: 68.3, Diff: 0.8, Sum: 135.9]
      [Code Root Scanning (ms): Min: 0.1, Avg: 0.1, Max: 0.2, Diff: 0.1, Sum: 0.3]
      [Object Copy (ms): Min: 74.7, Avg: 76.4, Max: 78.1, Diff: 3.4, Sum: 152.9]
      [Termination (ms): Min: 0.0, Avg: 0.0, Max: 0.0, Diff: 0.0, Sum: 0.0]
      [GC Worker Other (ms): Min: 0.1, Avg: 0.1, Max: 0.2, Diff: 0.1, Sum: 0.3]
      [GC Worker Total (ms): Min: 225.5, Avg: 226.8, Max: 228.0, Diff: 2.4, Sum: 453.5]
      [GC Worker End (ms): Min: 71394376.0, Avg: 71394376.0, Max: 71394376.0, Diff: 0.0]
   [Code Root Fixup: 0.4 ms]
   [Code Root Migration: 0.1 ms]
   [Clear CT: 0.6 ms]
   [Other: 6.8 ms]
      [Choose CSet: 0.7 ms]
      [Ref Proc: 1.4 ms]
      [Ref Enq: 0.1 ms]
      [Free CSet: 1.5 ms]
   [Eden: 178.0M(178.0M)->0.0B(178.0M) Survivors: 26.0M->26.0M Heap: 1436.0M(4096.0M)->1108.0M(4096.0M)]
 [Times: user=0.46 sys=0.00, real=0.24 secs] 
2016-08-31T09:25:53.493+0200: 71403.627: [GC pause (mixed), 0.2695860 secs]
   [Parallel Time: 261.7 ms, GC Workers: 2]
      [GC Worker Start (ms): Min: 71403629.4, Avg: 71403629.4, Max: 71403629.4, Diff: 0.0]
      [Ext Root Scanning (ms): Min: 56.3, Avg: 57.2, Max: 58.2, Diff: 1.9, Sum: 114.5]
      [Update RS (ms): Min: 30.9, Avg: 31.3, Max: 31.8, Diff: 0.9, Sum: 62.7]
         [Processed Buffers: Min: 348, Avg: 366.0, Max: 384, Diff: 36, Sum: 732]
      [Scan RS (ms): Min: 76.2, Avg: 76.4, Max: 76.6, Diff: 0.4, Sum: 152.8]
      [Code Root Scanning (ms): Min: 0.1, Avg: 0.1, Max: 0.2, Diff: 0.1, Sum: 0.3]
      [Object Copy (ms): Min: 95.2, Avg: 96.4, Max: 97.5, Diff: 2.4, Sum: 192.7]
      [Termination (ms): Min: 0.0, Avg: 0.0, Max: 0.0, Diff: 0.0, Sum: 0.0]
      [GC Worker Other (ms): Min: 0.1, Avg: 0.1, Max: 0.1, Diff: 0.1, Sum: 0.2]
      [GC Worker Total (ms): Min: 261.6, Avg: 261.6, Max: 261.6, Diff: 0.0, Sum: 523.2]
      [GC Worker End (ms): Min: 71403891.0, Avg: 71403891.0, Max: 71403891.0, Diff: 0.0]
   [Code Root Fixup: 0.3 ms]
   [Code Root Migration: 0.1 ms]
   [Clear CT: 0.7 ms]
   [Other: 6.9 ms]
      [Choose CSet: 0.9 ms]
      [Ref Proc: 1.4 ms]
      [Ref Enq: 0.1 ms]
      [Free CSet: 1.5 ms]
   [Eden: 178.0M(178.0M)->0.0B(190.0M) Survivors: 26.0M->14.0M Heap: 1286.0M(4096.0M)->963.0M(4096.0M)]
 [Times: user=0.51 sys=0.00, real=0.27 secs] 
2016-08-31T09:26:02.957+0200: 71413.092: [GC pause (young), 0.1341410 secs]
   [Parallel Time: 126.2 ms, GC Workers: 2]
      [GC Worker Start (ms): Min: 71413093.2, Avg: 71413095.2, Max: 71413097.3, Diff: 4.1]
      [Ext Root Scanning (ms): Min: 50.2, Avg: 50.7, Max: 51.1, Diff: 1.0, Sum: 101.3]
      [Update RS (ms): Min: 30.8, Avg: 31.3, Max: 31.8, Diff: 1.1, Sum: 62.6]
         [Processed Buffers: Min: 356, Avg: 358.5, Max: 361, Diff: 5, Sum: 717]
      [Scan RS (ms): Min: 4.9, Avg: 5.5, Max: 6.2, Diff: 1.4, Sum: 11.1]
      [Code Root Scanning (ms): Min: 0.0, Avg: 0.1, Max: 0.1, Diff: 0.1, Sum: 0.1]
      [Object Copy (ms): Min: 35.1, Avg: 36.4, Max: 37.8, Diff: 2.7, Sum: 72.9]
      [Termination (ms): Min: 0.0, Avg: 0.0, Max: 0.0, Diff: 0.0, Sum: 0.0]
      [GC Worker Other (ms): Min: 0.1, Avg: 0.1, Max: 0.1, Diff: 0.0, Sum: 0.1]
      [GC Worker Total (ms): Min: 122.1, Avg: 124.1, Max: 126.1, Diff: 4.1, Sum: 248.2]
      [GC Worker End (ms): Min: 71413219.3, Avg: 71413219.3, Max: 71413219.3, Diff: 0.0]
   [Code Root Fixup: 0.5 ms]
   [Code Root Migration: 0.0 ms]
   [Clear CT: 0.3 ms]
   [Other: 7.0 ms]
      [Choose CSet: 0.0 ms]
      [Ref Proc: 3.2 ms]
      [Ref Enq: 0.2 ms]
      [Free CSet: 0.7 ms]
   [Eden: 190.0M(190.0M)->0.0B(178.0M) Survivors: 14.0M->26.0M Heap: 1153.0M(4096.0M)->980.0M(4096.0M)]
 [Times: user=0.26 sys=0.00, real=0.14 secs] 
2016-08-31T09:26:10.694+0200: 71420.828: [GC pause (young), 0.1411910 secs]
   [Parallel Time: 135.1 ms, GC Workers: 2]
      [GC Worker Start (ms): Min: 71420829.7, Avg: 71420829.7, Max: 71420829.7, Diff: 0.1]
      [Ext Root Scanning (ms): Min: 50.6, Avg: 51.1, Max: 51.5, Diff: 1.0, Sum: 102.1]
      [Update RS (ms): Min: 30.9, Avg: 30.9, Max: 31.0, Diff: 0.0, Sum: 61.9]
         [Processed Buffers: Min: 306, Avg: 326.5, Max: 347, Diff: 41, Sum: 653]
      [Scan RS (ms): Min: 8.7, Avg: 9.0, Max: 9.3, Diff: 0.6, Sum: 18.0]
      [Code Root Scanning (ms): Min: 0.1, Avg: 0.1, Max: 0.1, Diff: 0.0, Sum: 0.1]
      [Object Copy (ms): Min: 43.8, Avg: 43.9, Max: 44.0, Diff: 0.2, Sum: 87.7]
      [Termination (ms): Min: 0.0, Avg: 0.0, Max: 0.0, Diff: 0.0, Sum: 0.0]
      [GC Worker Other (ms): Min: 0.1, Avg: 0.1, Max: 0.1, Diff: 0.1, Sum: 0.2]
      [GC Worker Total (ms): Min: 135.0, Avg: 135.0, Max: 135.1, Diff: 0.1, Sum: 270.1]
      [GC Worker End (ms): Min: 71420964.7, Avg: 71420964.7, Max: 71420964.7, Diff: 0.0]
   [Code Root Fixup: 0.4 ms]
   [Code Root Migration: 0.0 ms]
   [Clear CT: 0.4 ms]
   [Other: 5.3 ms]
      [Choose CSet: 0.0 ms]
      [Ref Proc: 1.8 ms]
      [Ref Enq: 0.1 ms]
      [Free CSet: 0.6 ms]
   [Eden: 178.0M(178.0M)->0.0B(182.0M) Survivors: 26.0M->22.0M Heap: 1158.0M(4096.0M)->1000.0M(4096.0M)]
 [Times: user=0.27 sys=0.00, real=0.14 secs] 
2016-08-31T09:26:17.100+0200: 71427.234: [GC pause (young), 0.1344890 secs]
   [Parallel Time: 128.1 ms, GC Workers: 2]
      [GC Worker Start (ms): Min: 71427235.7, Avg: 71427236.6, Max: 71427237.6, Diff: 1.9]
      [Ext Root Scanning (ms): Min: 49.7, Avg: 50.7, Max: 51.7, Diff: 2.0, Sum: 101.4]
      [Update RS (ms): Min: 31.2, Avg: 31.5, Max: 31.8, Diff: 0.6, Sum: 63.0]
         [Processed Buffers: Min: 357, Avg: 382.5, Max: 408, Diff: 51, Sum: 765]
      [Scan RS (ms): Min: 5.1, Avg: 5.5, Max: 5.9, Diff: 0.8, Sum: 11.0]
      [Code Root Scanning (ms): Min: 0.1, Avg: 0.1, Max: 0.1, Diff: 0.0, Sum: 0.1]
      [Object Copy (ms): Min: 39.1, Avg: 39.2, Max: 39.3, Diff: 0.1, Sum: 78.4]
      [Termination (ms): Min: 0.0, Avg: 0.0, Max: 0.0, Diff: 0.0, Sum: 0.0]
      [GC Worker Other (ms): Min: 0.1, Avg: 0.1, Max: 0.2, Diff: 0.1, Sum: 0.2]
      [GC Worker Total (ms): Min: 126.1, Avg: 127.1, Max: 128.0, Diff: 1.9, Sum: 254.1]
      [GC Worker End (ms): Min: 71427363.7, Avg: 71427363.7, Max: 71427363.7, Diff: 0.0]
   [Code Root Fixup: 0.5 ms]
   [Code Root Migration: 0.0 ms]
   [Clear CT: 0.4 ms]
   [Other: 5.6 ms]
      [Choose CSet: 0.0 ms]
      [Ref Proc: 1.7 ms]
      [Ref Enq: 0.2 ms]
      [Free CSet: 0.6 ms]
   [Eden: 182.0M(182.0M)->0.0B(178.0M) Survivors: 22.0M->26.0M Heap: 1182.0M(4096.0M)->1023.0M(4096.0M)]
 [Times: user=0.26 sys=0.00, real=0.14 secs] 
2016-08-31T09:26:25.578+0200: 71435.712: [GC pause (young), 0.1428940 secs]
   [Parallel Time: 134.9 ms, GC Workers: 2]
      [GC Worker Start (ms): Min: 71435713.5, Avg: 71435714.5, Max: 71435715.6, Diff: 2.1]
      [Ext Root Scanning (ms): Min: 52.0, Avg: 54.0, Max: 56.1, Diff: 4.1, Sum: 108.1]
      [Update RS (ms): Min: 31.4, Avg: 33.7, Max: 35.9, Diff: 4.6, Sum: 67.3]
         [Processed Buffers: Min: 333, Avg: 360.5, Max: 388, Diff: 55, Sum: 721]
      [Scan RS (ms): Min: 7.0, Avg: 7.5, Max: 8.1, Diff: 1.1, Sum: 15.0]
      [Code Root Scanning (ms): Min: 0.0, Avg: 0.1, Max: 0.1, Diff: 0.1, Sum: 0.2]
      [Object Copy (ms): Min: 37.6, Avg: 38.3, Max: 39.0, Diff: 1.4, Sum: 76.7]
      [Termination (ms): Min: 0.0, Avg: 0.0, Max: 0.0, Diff: 0.0, Sum: 0.0]
      [GC Worker Other (ms): Min: 0.2, Avg: 0.2, Max: 0.2, Diff: 0.0, Sum: 0.3]
      [GC Worker Total (ms): Min: 132.7, Avg: 133.8, Max: 134.9, Diff: 2.1, Sum: 267.6]
      [GC Worker End (ms): Min: 71435848.3, Avg: 71435848.3, Max: 71435848.3, Diff: 0.0]
   [Code Root Fixup: 0.4 ms]
   [Code Root Migration: 0.1 ms]
   [Clear CT: 0.4 ms]
   [Other: 7.0 ms]
      [Choose CSet: 0.0 ms]
      [Ref Proc: 3.1 ms]
      [Ref Enq: 0.2 ms]
      [Free CSet: 0.7 ms]
   [Eden: 178.0M(178.0M)->0.0B(188.0M) Survivors: 26.0M->18.0M Heap: 1201.0M(4096.0M)->1037.0M(4096.0M)]
 [Times: user=0.27 sys=0.00, real=0.15 secs] 
2016-08-31T09:26:34.835+0200: 71444.970: [GC pause (young), 0.1386050 secs]
   [Parallel Time: 132.2 ms, GC Workers: 2]
      [GC Worker Start (ms): Min: 71444971.2, Avg: 71444971.3, Max: 71444971.3, Diff: 0.0]
      [Ext Root Scanning (ms): Min: 51.5, Avg: 51.8, Max: 52.1, Diff: 0.6, Sum: 103.6]
      [Update RS (ms): Min: 39.3, Avg: 39.5, Max: 39.7, Diff: 0.4, Sum: 79.1]
         [Processed Buffers: Min: 289, Avg: 348.5, Max: 408, Diff: 119, Sum: 697]
      [Scan RS (ms): Min: 5.8, Avg: 6.1, Max: 6.3, Diff: 0.5, Sum: 12.2]
      [Code Root Scanning (ms): Min: 0.0, Avg: 0.1, Max: 0.1, Diff: 0.1, Sum: 0.1]
      [Object Copy (ms): Min: 34.4, Avg: 34.5, Max: 34.6, Diff: 0.2, Sum: 69.0]
      [Termination (ms): Min: 0.0, Avg: 0.0, Max: 0.0, Diff: 0.0, Sum: 0.0]
      [GC Worker Other (ms): Min: 0.1, Avg: 0.1, Max: 0.2, Diff: 0.1, Sum: 0.2]
      [GC Worker Total (ms): Min: 132.1, Avg: 132.1, Max: 132.1, Diff: 0.0, Sum: 264.2]
      [GC Worker End (ms): Min: 71445103.3, Avg: 71445103.3, Max: 71445103.3, Diff: 0.0]
   [Code Root Fixup: 0.5 ms]
   [Code Root Migration: 0.1 ms]
   [Clear CT: 0.4 ms]
   [Other: 5.5 ms]
      [Choose CSet: 0.0 ms]
      [Ref Proc: 1.9 ms]
      [Ref Enq: 0.2 ms]
      [Free CSet: 0.6 ms]
   [Eden: 188.0M(188.0M)->0.0B(252.0M) Survivors: 18.0M->20.0M Heap: 1225.0M(4096.0M)->1050.0M(4096.0M)]
 [Times: user=0.26 sys=0.00, real=0.14 secs] 
2016-08-31T09:26:48.703+0200: 71458.837: [GC pause (young), 0.0923460 secs]
   [Parallel Time: 87.7 ms, GC Workers: 2]
      [GC Worker Start (ms): Min: 71458838.3, Avg: 71458839.6, Max: 71458841.0, Diff: 2.6]
      [Ext Root Scanning (ms): Min: 40.2, Avg: 43.3, Max: 46.4, Diff: 6.2, Sum: 86.5]
      [Update RS (ms): Min: 17.3, Avg: 17.7, Max: 18.1, Diff: 0.8, Sum: 35.4]
         [Processed Buffers: Min: 377, Avg: 400.5, Max: 424, Diff: 47, Sum: 801]
      [Scan RS (ms): Min: 2.6, Avg: 2.9, Max: 3.2, Diff: 0.6, Sum: 5.8]
      [Code Root Scanning (ms): Min: 0.0, Avg: 0.0, Max: 0.1, Diff: 0.0, Sum: 0.1]
      [Object Copy (ms): Min: 20.7, Avg: 22.4, Max: 24.0, Diff: 3.3, Sum: 44.7]
      [Termination (ms): Min: 0.0, Avg: 0.0, Max: 0.0, Diff: 0.0, Sum: 0.0]
      [GC Worker Other (ms): Min: 0.1, Avg: 0.1, Max: 0.1, Diff: 0.0, Sum: 0.2]
      [GC Worker Total (ms): Min: 85.0, Avg: 86.3, Max: 87.6, Diff: 2.6, Sum: 172.6]
      [GC Worker End (ms): Min: 71458926.0, Avg: 71458926.0, Max: 71458926.0, Diff: 0.0]
   [Code Root Fixup: 0.3 ms]
   [Code Root Migration: 0.0 ms]
   [Clear CT: 0.3 ms]
   [Other: 4.1 ms]
      [Choose CSet: 0.0 ms]
      [Ref Proc: 1.8 ms]
      [Ref Enq: 0.1 ms]
      [Free CSet: 0.5 ms]
   [Eden: 252.0M(252.0M)->0.0B(436.0M) Survivors: 20.0M->32.0M Heap: 1302.0M(4096.0M)->1073.0M(4096.0M)]
 [Times: user=0.13 sys=0.00, real=0.10 secs] 
2016-08-31T09:27:08.860+0200: 71478.994: [GC pause (young), 0.1711470 secs]
   [Parallel Time: 160.0 ms, GC Workers: 2]
      [GC Worker Start (ms): Min: 71478995.8, Avg: 71478995.8, Max: 71478995.9, Diff: 0.0]
      [Ext Root Scanning (ms): Min: 55.0, Avg: 55.0, Max: 55.1, Diff: 0.1, Sum: 110.1]
      [Update RS (ms): Min: 37.5, Avg: 37.6, Max: 37.6, Diff: 0.1, Sum: 75.1]
         [Processed Buffers: Min: 327, Avg: 330.5, Max: 334, Diff: 7, Sum: 661]
      [Scan RS (ms): Min: 10.0, Avg: 10.6, Max: 11.2, Diff: 1.3, Sum: 21.2]
      [Code Root Scanning (ms): Min: 0.1, Avg: 0.2, Max: 0.2, Diff: 0.0, Sum: 0.3]
      [Object Copy (ms): Min: 55.7, Avg: 56.4, Max: 57.2, Diff: 1.4, Sum: 112.9]
      [Termination (ms): Min: 0.0, Avg: 0.0, Max: 0.0, Diff: 0.0, Sum: 0.0]
      [GC Worker Other (ms): Min: 0.2, Avg: 0.2, Max: 0.2, Diff: 0.0, Sum: 0.4]
      [GC Worker Total (ms): Min: 160.0, Avg: 160.0, Max: 160.0, Diff: 0.0, Sum: 320.0]
      [GC Worker End (ms): Min: 71479155.8, Avg: 71479155.8, Max: 71479155.8, Diff: 0.0]
   [Code Root Fixup: 0.5 ms]
   [Code Root Migration: 0.1 ms]
   [Clear CT: 0.5 ms]
   [Other: 10.0 ms]
      [Choose CSet: 0.0 ms]
      [Ref Proc: 5.3 ms]
      [Ref Enq: 0.4 ms]
      [Free CSet: 1.4 ms]
   [Eden: 436.0M(436.0M)->0.0B(372.0M) Survivors: 32.0M->60.0M Heap: 1509.0M(4096.0M)->1101.0M(4096.0M)]
 [Times: user=0.32 sys=0.00, real=0.17 secs] 
2016-08-31T09:27:24.773+0200: 71494.908: [GC pause (young), 0.1907330 secs]
   [Parallel Time: 182.6 ms, GC Workers: 2]
      [GC Worker Start (ms): Min: 71494909.5, Avg: 71494909.5, Max: 71494909.6, Diff: 0.0]
      [Ext Root Scanning (ms): Min: 52.4, Avg: 52.5, Max: 52.6, Diff: 0.2, Sum: 105.1]
      [Update RS (ms): Min: 40.6, Avg: 40.8, Max: 40.9, Diff: 0.4, Sum: 81.5]
         [Processed Buffers: Min: 359, Avg: 365.5, Max: 372, Diff: 13, Sum: 731]
      [Scan RS (ms): Min: 13.3, Avg: 14.0, Max: 14.7, Diff: 1.4, Sum: 28.1]
      [Code Root Scanning (ms): Min: 0.1, Avg: 0.1, Max: 0.2, Diff: 0.1, Sum: 0.3]
      [Object Copy (ms): Min: 74.1, Avg: 74.9, Max: 75.6, Diff: 1.5, Sum: 149.7]
      [Termination (ms): Min: 0.0, Avg: 0.0, Max: 0.0, Diff: 0.0, Sum: 0.0]
      [GC Worker Other (ms): Min: 0.2, Avg: 0.2, Max: 0.2, Diff: 0.0, Sum: 0.4]
      [GC Worker Total (ms): Min: 182.5, Avg: 182.5, Max: 182.5, Diff: 0.0, Sum: 365.0]
      [GC Worker End (ms): Min: 71495092.0, Avg: 71495092.0, Max: 71495092.1, Diff: 0.0]
   [Code Root Fixup: 0.3 ms]
   [Code Root Migration: 0.1 ms]
   [Clear CT: 0.4 ms]
   [Other: 7.3 ms]
      [Choose CSet: 0.0 ms]
      [Ref Proc: 3.0 ms]
      [Ref Enq: 0.2 ms]
      [Free CSet: 1.0 ms]
   [Eden: 372.0M(372.0M)->0.0B(370.0M) Survivors: 60.0M->42.0M Heap: 1473.0M(4096.0M)->1127.0M(4096.0M)]
 [Times: user=0.37 sys=0.01, real=0.19 secs] 
2016-08-31T09:27:41.947+0200: 71512.082: [GC pause (young), 0.1736870 secs]
   [Parallel Time: 165.0 ms, GC Workers: 2]
      [GC Worker Start (ms): Min: 71512083.5, Avg: 71512084.0, Max: 71512084.5, Diff: 1.1]
      [Ext Root Scanning (ms): Min: 58.6, Avg: 60.1, Max: 61.5, Diff: 2.9, Sum: 120.2]
      [Update RS (ms): Min: 39.3, Avg: 40.9, Max: 42.5, Diff: 3.1, Sum: 81.8]
         [Processed Buffers: Min: 380, Avg: 403.5, Max: 427, Diff: 47, Sum: 807]
      [Scan RS (ms): Min: 9.6, Avg: 10.3, Max: 11.0, Diff: 1.4, Sum: 20.5]
      [Code Root Scanning (ms): Min: 0.1, Avg: 0.1, Max: 0.2, Diff: 0.1, Sum: 0.3]
      [Object Copy (ms): Min: 52.7, Avg: 52.8, Max: 52.9, Diff: 0.2, Sum: 105.6]
      [Termination (ms): Min: 0.0, Avg: 0.0, Max: 0.0, Diff: 0.0, Sum: 0.0]
      [GC Worker Other (ms): Min: 0.2, Avg: 0.2, Max: 0.2, Diff: 0.0, Sum: 0.4]
      [GC Worker Total (ms): Min: 163.8, Avg: 164.4, Max: 164.9, Diff: 1.1, Sum: 328.7]
      [GC Worker End (ms): Min: 71512248.4, Avg: 71512248.4, Max: 71512248.4, Diff: 0.0]
   [Code Root Fixup: 0.2 ms]
   [Code Root Migration: 0.1 ms]
   [Clear CT: 0.5 ms]
   [Other: 7.9 ms]
      [Choose CSet: 0.0 ms]
      [Ref Proc: 3.1 ms]
      [Ref Enq: 0.4 ms]
      [Free CSet: 1.2 ms]
   [Eden: 370.0M(370.0M)->0.0B(392.0M) Survivors: 42.0M->40.0M Heap: 1497.0M(4096.0M)->1152.0M(4096.0M)]
 [Times: user=0.32 sys=0.00, real=0.17 secs] 
2016-08-31T09:28:00.939+0200: 71531.074: [GC pause (young), 0.1640280 secs]
   [Parallel Time: 155.8 ms, GC Workers: 2]
      [GC Worker Start (ms): Min: 71531075.3, Avg: 71531076.1, Max: 71531077.0, Diff: 1.7]
      [Ext Root Scanning (ms): Min: 50.1, Avg: 50.9, Max: 51.8, Diff: 1.7, Sum: 101.8]
      [Update RS (ms): Min: 42.5, Avg: 42.6, Max: 42.6, Diff: 0.1, Sum: 85.1]
         [Processed Buffers: Min: 357, Avg: 382.0, Max: 407, Diff: 50, Sum: 764]
      [Scan RS (ms): Min: 11.7, Avg: 11.8, Max: 11.8, Diff: 0.1, Sum: 23.5]
      [Code Root Scanning (ms): Min: 0.1, Avg: 0.1, Max: 0.2, Diff: 0.1, Sum: 0.3]
      [Object Copy (ms): Min: 49.2, Avg: 49.2, Max: 49.2, Diff: 0.0, Sum: 98.4]
      [Termination (ms): Min: 0.0, Avg: 0.0, Max: 0.0, Diff: 0.0, Sum: 0.0]
      [GC Worker Other (ms): Min: 0.1, Avg: 0.2, Max: 0.2, Diff: 0.1, Sum: 0.4]
      [GC Worker Total (ms): Min: 153.9, Avg: 154.8, Max: 155.7, Diff: 1.7, Sum: 309.6]
      [GC Worker End (ms): Min: 71531230.9, Avg: 71531230.9, Max: 71531230.9, Diff: 0.0]
   [Code Root Fixup: 0.3 ms]
   [Code Root Migration: 0.1 ms]
   [Clear CT: 0.4 ms]
   [Other: 7.5 ms]
      [Choose CSet: 0.0 ms]
      [Ref Proc: 3.3 ms]
      [Ref Enq: 0.2 ms]
      [Free CSet: 1.0 ms]
   [Eden: 392.0M(392.0M)->0.0B(478.0M) Survivors: 40.0M->40.0M Heap: 1544.0M(4096.0M)->1171.0M(4096.0M)]
 [Times: user=0.31 sys=0.00, real=0.16 secs] 
2016-08-31T09:28:23.575+0200: 71553.709: [GC pause (young), 0.1651550 secs]
   [Parallel Time: 155.3 ms, GC Workers: 2]
      [GC Worker Start (ms): Min: 71553711.0, Avg: 71553711.0, Max: 71553711.0, Diff: 0.0]
      [Ext Root Scanning (ms): Min: 50.0, Avg: 50.6, Max: 51.2, Diff: 1.2, Sum: 101.3]
      [Update RS (ms): Min: 43.3, Avg: 43.9, Max: 44.5, Diff: 1.2, Sum: 87.8]
         [Processed Buffers: Min: 319, Avg: 370.0, Max: 421, Diff: 102, Sum: 740]
      [Scan RS (ms): Min: 12.5, Avg: 12.7, Max: 12.9, Diff: 0.4, Sum: 25.3]
      [Code Root Scanning (ms): Min: 0.1, Avg: 0.2, Max: 0.2, Diff: 0.1, Sum: 0.3]
      [Object Copy (ms): Min: 47.4, Avg: 47.6, Max: 47.9, Diff: 0.4, Sum: 95.3]
      [Termination (ms): Min: 0.0, Avg: 0.0, Max: 0.0, Diff: 0.0, Sum: 0.0]
      [GC Worker Other (ms): Min: 0.2, Avg: 0.2, Max: 0.2, Diff: 0.0, Sum: 0.4]
      [GC Worker Total (ms): Min: 155.2, Avg: 155.2, Max: 155.2, Diff: 0.0, Sum: 310.4]
      [GC Worker End (ms): Min: 71553866.2, Avg: 71553866.2, Max: 71553866.2, Diff: 0.0]
   [Code Root Fixup: 0.3 ms]
   [Code Root Migration: 0.1 ms]
   [Clear CT: 0.4 ms]
   [Other: 9.2 ms]
      [Choose CSet: 0.0 ms]
      [Ref Proc: 4.7 ms]
      [Ref Enq: 0.3 ms]
      [Free CSet: 1.3 ms]
   [Eden: 478.0M(478.0M)->0.0B(600.0M) Survivors: 40.0M->36.0M Heap: 1649.0M(4096.0M)->1192.0M(4096.0M)]
 [Times: user=0.32 sys=0.01, real=0.17 secs] 
2016-08-31T09:28:53.660+0200: 71583.794: [GC pause (young), 0.1950740 secs]
   [Parallel Time: 183.8 ms, GC Workers: 2]
      [GC Worker Start (ms): Min: 71583795.6, Avg: 71583795.6, Max: 71583795.6, Diff: 0.0]
      [Ext Root Scanning (ms): Min: 51.6, Avg: 52.4, Max: 53.1, Diff: 1.6, Sum: 104.7]
      [Update RS (ms): Min: 51.8, Avg: 52.2, Max: 52.6, Diff: 0.8, Sum: 104.4]
         [Processed Buffers: Min: 360, Avg: 366.5, Max: 373, Diff: 13, Sum: 733]
      [Scan RS (ms): Min: 14.9, Avg: 15.1, Max: 15.2, Diff: 0.3, Sum: 30.2]
      [Code Root Scanning (ms): Min: 0.2, Avg: 0.2, Max: 0.3, Diff: 0.1, Sum: 0.4]
      [Object Copy (ms): Min: 63.2, Avg: 63.7, Max: 64.3, Diff: 1.0, Sum: 127.5]
      [Termination (ms): Min: 0.0, Avg: 0.0, Max: 0.0, Diff: 0.0, Sum: 0.0]
      [GC Worker Other (ms): Min: 0.1, Avg: 0.1, Max: 0.2, Diff: 0.0, Sum: 0.3]
      [GC Worker Total (ms): Min: 183.7, Avg: 183.8, Max: 183.8, Diff: 0.0, Sum: 367.5]
      [GC Worker End (ms): Min: 71583979.4, Avg: 71583979.4, Max: 71583979.4, Diff: 0.0]
   [Code Root Fixup: 0.3 ms]
   [Code Root Migration: 0.1 ms]
   [Clear CT: 0.9 ms]
   [Other: 10.0 ms]
      [Choose CSet: 0.0 ms]
      [Ref Proc: 5.6 ms]
      [Ref Enq: 0.3 ms]
      [Free CSet: 1.3 ms]
   [Eden: 600.0M(600.0M)->0.0B(428.0M) Survivors: 36.0M->68.0M Heap: 1792.0M(4096.0M)->1223.0M(4096.0M)]
 [Times: user=0.38 sys=0.00, real=0.20 secs] 
2016-08-31T09:29:14.086+0200: 71604.221: [GC pause (young), 0.1966550 secs]
   [Parallel Time: 185.6 ms, GC Workers: 2]
      [GC Worker Start (ms): Min: 71604222.6, Avg: 71604223.4, Max: 71604224.3, Diff: 1.7]
      [Ext Root Scanning (ms): Min: 51.0, Avg: 51.3, Max: 51.6, Diff: 0.6, Sum: 102.5]
      [Update RS (ms): Min: 34.9, Avg: 35.7, Max: 36.5, Diff: 1.6, Sum: 71.4]
         [Processed Buffers: Min: 354, Avg: 359.5, Max: 365, Diff: 11, Sum: 719]
      [Scan RS (ms): Min: 17.3, Avg: 17.7, Max: 18.0, Diff: 0.7, Sum: 35.4]
      [Code Root Scanning (ms): Min: 0.1, Avg: 0.2, Max: 0.2, Diff: 0.1, Sum: 0.3]
      [Object Copy (ms): Min: 79.6, Avg: 79.7, Max: 79.7, Diff: 0.1, Sum: 159.3]
      [Termination (ms): Min: 0.0, Avg: 0.0, Max: 0.0, Diff: 0.0, Sum: 0.0]
      [GC Worker Other (ms): Min: 0.2, Avg: 0.2, Max: 0.2, Diff: 0.0, Sum: 0.4]
      [GC Worker Total (ms): Min: 183.8, Avg: 184.7, Max: 185.5, Diff: 1.7, Sum: 369.3]
      [GC Worker End (ms): Min: 71604408.1, Avg: 71604408.1, Max: 71604408.1, Diff: 0.0]
   [Code Root Fixup: 0.4 ms]
   [Code Root Migration: 0.1 ms]
   [Clear CT: 0.6 ms]
   [Other: 10.0 ms]
      [Choose CSet: 0.0 ms]
      [Ref Proc: 4.9 ms]
      [Ref Enq: 0.4 ms]
      [Free CSet: 1.4 ms]
   [Eden: 428.0M(428.0M)->0.0B(430.0M) Survivors: 68.0M->46.0M Heap: 1651.0M(4096.0M)->1243.0M(4096.0M)]
 [Times: user=0.38 sys=0.00, real=0.20 secs] 
2016-08-31T09:29:36.331+0200: 71626.465: [GC pause (young), 0.1838020 secs]
   [Parallel Time: 167.6 ms, GC Workers: 2]
      [GC Worker Start (ms): Min: 71626466.9, Avg: 71626466.9, Max: 71626466.9, Diff: 0.0]
      [Ext Root Scanning (ms): Min: 52.1, Avg: 52.2, Max: 52.2, Diff: 0.1, Sum: 104.4]
      [Update RS (ms): Min: 42.4, Avg: 42.8, Max: 43.2, Diff: 0.8, Sum: 85.5]
         [Processed Buffers: Min: 321, Avg: 339.0, Max: 357, Diff: 36, Sum: 678]
      [Scan RS (ms): Min: 12.1, Avg: 12.7, Max: 13.3, Diff: 1.3, Sum: 25.4]
      [Code Root Scanning (ms): Min: 0.2, Avg: 0.2, Max: 0.2, Diff: 0.0, Sum: 0.3]
      [Object Copy (ms): Min: 59.2, Avg: 59.4, Max: 59.7, Diff: 0.5, Sum: 118.9]
      [Termination (ms): Min: 0.0, Avg: 0.0, Max: 0.0, Diff: 0.0, Sum: 0.0]
      [GC Worker Other (ms): Min: 0.2, Avg: 0.2, Max: 0.2, Diff: 0.1, Sum: 0.4]
      [GC Worker Total (ms): Min: 167.4, Avg: 167.5, Max: 167.5, Diff: 0.0, Sum: 334.9]
      [GC Worker End (ms): Min: 71626634.4, Avg: 71626634.4, Max: 71626634.4, Diff: 0.0]
   [Code Root Fixup: 0.5 ms]
   [Code Root Migration: 0.1 ms]
   [Clear CT: 0.9 ms]
   [Other: 14.7 ms]
      [Choose CSet: 0.0 ms]
      [Ref Proc: 10.0 ms]
      [Ref Enq: 0.4 ms]
      [Free CSet: 1.2 ms]
   [Eden: 430.0M(430.0M)->0.0B(456.0M) Survivors: 46.0M->38.0M Heap: 1673.0M(4096.0M)->1257.0M(4096.0M)]
 [Times: user=0.35 sys=0.00, real=0.18 secs] 
2016-08-31T09:29:58.987+0200: 71649.121: [GC pause (young), 0.1771360 secs]
   [Parallel Time: 166.0 ms, GC Workers: 2]
      [GC Worker Start (ms): Min: 71649123.0, Avg: 71649123.5, Max: 71649124.1, Diff: 1.0]
      [Ext Root Scanning (ms): Min: 49.5, Avg: 50.0, Max: 50.6, Diff: 1.2, Sum: 100.1]
      [Update RS (ms): Min: 43.2, Avg: 43.3, Max: 43.4, Diff: 0.2, Sum: 86.6]
         [Processed Buffers: Min: 331, Avg: 343.0, Max: 355, Diff: 24, Sum: 686]
      [Scan RS (ms): Min: 12.0, Avg: 12.1, Max: 12.1, Diff: 0.1, Sum: 24.1]
      [Code Root Scanning (ms): Min: 0.1, Avg: 0.2, Max: 0.2, Diff: 0.1, Sum: 0.4]
      [Object Copy (ms): Min: 59.5, Avg: 59.6, Max: 59.6, Diff: 0.1, Sum: 119.1]
      [Termination (ms): Min: 0.0, Avg: 0.0, Max: 0.0, Diff: 0.0, Sum: 0.0]
      [GC Worker Other (ms): Min: 0.2, Avg: 0.2, Max: 0.2, Diff: 0.1, Sum: 0.4]
      [GC Worker Total (ms): Min: 164.8, Avg: 165.3, Max: 165.8, Diff: 1.1, Sum: 330.6]
      [GC Worker End (ms): Min: 71649288.8, Avg: 71649288.9, Max: 71649288.9, Diff: 0.0]
   [Code Root Fixup: 0.4 ms]
   [Code Root Migration: 0.1 ms]
   [Clear CT: 0.5 ms]
   [Other: 10.1 ms]
      [Choose CSet: 0.0 ms]
      [Ref Proc: 5.1 ms]
      [Ref Enq: 0.4 ms]
      [Free CSet: 1.4 ms]
   [Eden: 456.0M(456.0M)->0.0B(482.0M) Survivors: 38.0M->42.0M Heap: 1713.0M(4096.0M)->1281.0M(4096.0M)]
 [Times: user=0.35 sys=0.00, real=0.18 secs] 
