2019-01-31 23:58:03 GC log file created /run/jwa/aaeo_prd//instance/aaeo_prd/log/gc.log.37
OpenJDK 64-Bit Server VM (25.172-b01) for linux-amd64 JRE (1.8.0_172-b01), built on Apr 19 2018 05:34:58 by "zulu_re" with gcc 4.4.7 20120313 (Red Hat 4.4.7-3)
Memory: 4k page, physical 132137148k(2307792k free), swap 25165816k(24603108k free)
CommandLine flags: -XX:CICompilerCount=15 -XX:CompressedClassSpaceSize=1065353216 -XX:ErrorFile=/run/jwa/aaeo_prd//process/temp/jvm_error_%p.log -XX:GCLogFileSize=4194304 -XX:+HeapDumpOnOutOfMemoryError -XX:HeapDumpPath=/run/jwa/aaeo_prd//process/temp -XX:InitialHeapSize=5905580032 -XX:MaxDirectMemorySize=1073741824 -XX:MaxHeapSize=5905580032 -XX:MaxMetaspaceSize=1073741824 -XX:MaxNewSize=1968177152 -XX:MinHeapDeltaBytes=524288 -XX:NewSize=1968177152 -XX:NumberOfGCLogFiles=50 -XX:OldSize=3937402880 -XX:OnError=/web/jwa/build/19.1.1.0/system/bin/jvmErrorSpawn.sh %p -XX:OnOutOfMemoryError=/web/jwa/build/19.1.1.0/system/bin/oomErrorSpawn.sh -XX:+PrintGC -XX:+PrintGCApplicationConcurrentTime -XX:+PrintGCApplicationStoppedTime -XX:+PrintGCDateStamps -XX:+PrintGCDetails -XX:+PrintGCTimeStamps -XX:+PrintReferenceGC -XX:+PrintTenuringDistribution -XX:+UseCompressedClassPointers -XX:+UseCompressedOops -XX:+UseGCLogFileRotation -XX:+UseParallelGC 
2019-01-31T23:58:03.455+0000: 790058.413: [GC (Allocation Failure) 2019-01-31T23:58:03.482+0000: 790058.440: [SoftReference, 0 refs, 0.0000618 secs]2019-01-31T23:58:03.482+0000: 790058.440: [WeakReference, 9 refs, 0.0000137 secs]2019-01-31T23:58:03.482+0000: 790058.440: [FinalReference, 743 refs, 0.0004170 secs]2019-01-31T23:58:03.482+0000: 790058.440: [PhantomReference, 0 refs, 1 refs, 0.0000103 secs]2019-01-31T23:58:03.482+0000: 790058.440: [JNI Weak Reference, 0.0000172 secs]
Desired survivor size 140509184 bytes, new threshold 1 (max 15)
[PSYoungGen: 1528917K->77246K(1568768K)] 2564763K->1116391K(4840960K), 0.0300498 secs] [Times: user=0.00 sys=2.07, real=0.03 secs] 
2019-01-31T23:58:03.486+0000: 790058.444: Total time for which application threads were stopped: 2.5745092 seconds, Stopping threads took: 2.5296859 seconds
2019-01-31T23:58:06.944+0000: 790061.902: Application time: 3.4580717 seconds
2019-01-31T23:58:06.950+0000: 790061.907: Total time for which application threads were stopped: 0.0058073 seconds, Stopping threads took: 0.0003346 seconds
2019-01-31T23:58:06.951+0000: 790061.908: Application time: 0.0010364 seconds
2019-01-31T23:58:06.956+0000: 790061.914: [GC (GCLocker Initiated GC) 2019-01-31T23:58:06.980+0000: 790061.938: [SoftReference, 0 refs, 0.0000567 secs]2019-01-31T23:58:06.980+0000: 790061.938: [WeakReference, 33 refs, 0.0000239 secs]2019-01-31T23:58:06.980+0000: 790061.938: [FinalReference, 752 refs, 0.0004406 secs]2019-01-31T23:58:06.980+0000: 790061.938: [PhantomReference, 0 refs, 1 refs, 0.0000128 secs]2019-01-31T23:58:06.980+0000: 790061.938: [JNI Weak Reference, 0.0000214 secs]
Desired survivor size 141557760 bytes, new threshold 1 (max 15)
[PSYoungGen: 1504190K->92584K(1780224K)] 2543436K->1136624K(5052416K), 0.0268190 secs] [Times: user=0.28 sys=0.20, real=0.02 secs] 
2019-01-31T23:58:06.984+0000: 790061.941: Total time for which application threads were stopped: 0.0329508 seconds, Stopping threads took: 0.0003376 seconds
2019-01-31T23:58:11.624+0000: 790066.582: Application time: 4.6407842 seconds
2019-01-31T23:58:11.630+0000: 790066.588: Total time for which application threads were stopped: 0.0057674 seconds, Stopping threads took: 0.0002523 seconds
2019-01-31T23:58:11.631+0000: 790066.589: Application time: 0.0006947 seconds
2019-01-31T23:58:11.637+0000: 790066.594: [GC (GCLocker Initiated GC) 2019-01-31T23:58:11.658+0000: 790066.616: [SoftReference, 0 refs, 0.0000562 secs]2019-01-31T23:58:11.658+0000: 790066.616: [WeakReference, 62 refs, 0.0000310 secs]2019-01-31T23:58:11.658+0000: 790066.616: [FinalReference, 806 refs, 0.0004846 secs]2019-01-31T23:58:11.658+0000: 790066.616: [PhantomReference, 0 refs, 0 refs, 0.0000151 secs]2019-01-31T23:58:11.658+0000: 790066.616: [JNI Weak Reference, 0.0000195 secs]
Desired survivor size 136314880 bytes, new threshold 1 (max 15)
[PSYoungGen: 1735592K->75977K(1719296K)] 2779656K->1129625K(4991488K), 0.0250308 secs] [Times: user=0.30 sys=0.12, real=0.03 secs] 
2019-01-31T23:58:11.662+0000: 790066.620: Total time for which application threads were stopped: 0.0308876 seconds, Stopping threads took: 0.0001620 seconds
2019-01-31T23:58:16.359+0000: 790071.317: Application time: 4.6976458 seconds
2019-01-31T23:58:16.365+0000: 790071.323: Total time for which application threads were stopped: 0.0056804 seconds, Stopping threads took: 0.0001922 seconds
2019-01-31T23:58:16.365+0000: 790071.323: Application time: 0.0004044 seconds
2019-01-31T23:58:16.372+0000: 790071.330: [GC (GCLocker Initiated GC) 2019-01-31T23:58:16.385+0000: 790071.342: [SoftReference, 0 refs, 0.0000534 secs]2019-01-31T23:58:16.385+0000: 790071.342: [WeakReference, 89 refs, 0.0000465 secs]2019-01-31T23:58:16.385+0000: 790071.342: [FinalReference, 924 refs, 0.0005026 secs]2019-01-31T23:58:16.385+0000: 790071.343: [PhantomReference, 0 refs, 0 refs, 0.0000139 secs]2019-01-31T23:58:16.385+0000: 790071.343: [JNI Weak Reference, 0.0000247 secs]
Desired survivor size 133693440 bytes, new threshold 1 (max 15)
[PSYoungGen: 1718985K->53316K(1782272K)] 2772896K->1110775K(5054464K), 0.0168492 secs] [Times: user=0.19 sys=0.01, real=0.02 secs] 
2019-01-31T23:58:16.389+0000: 790071.347: Total time for which application threads were stopped: 0.0235861 seconds, Stopping threads took: 0.0002751 seconds
2019-01-31T23:58:20.860+0000: 790075.818: Application time: 4.4713412 seconds
2019-01-31T23:58:20.867+0000: 790075.825: Total time for which application threads were stopped: 0.0064213 seconds, Stopping threads took: 0.0002992 seconds
2019-01-31T23:58:20.867+0000: 790075.825: Application time: 0.0005463 seconds
2019-01-31T23:58:20.874+0000: 790075.832: [GC (GCLocker Initiated GC) 2019-01-31T23:58:20.886+0000: 790075.843: [SoftReference, 0 refs, 0.0000615 secs]2019-01-31T23:58:20.886+0000: 790075.843: [WeakReference, 40 refs, 0.0000231 secs]2019-01-31T23:58:20.886+0000: 790075.844: [FinalReference, 795 refs, 0.0004414 secs]2019-01-31T23:58:20.886+0000: 790075.844: [PhantomReference, 0 refs, 0 refs, 0.0000100 secs]2019-01-31T23:58:20.886+0000: 790075.844: [JNI Weak Reference, 0.0000190 secs]
Desired survivor size 127926272 bytes, new threshold 1 (max 15)
[PSYoungGen: 1702468K->70368K(1779712K)] 2760103K->1131304K(5051904K), 0.0153504 secs] [Times: user=0.22 sys=0.00, real=0.02 secs] 
2019-01-31T23:58:20.889+0000: 790075.847: Total time for which application threads were stopped: 0.0220928 seconds, Stopping threads took: 0.0002446 seconds
2019-01-31T23:58:25.330+0000: 790080.288: Application time: 4.4404856 seconds
2019-01-31T23:58:25.338+0000: 790080.296: Total time for which application threads were stopped: 0.0084653 seconds, Stopping threads took: 0.0002114 seconds
2019-01-31T23:58:25.339+0000: 790080.297: Application time: 0.0007328 seconds
2019-01-31T23:58:25.348+0000: 790080.306: [GC (GCLocker Initiated GC) 2019-01-31T23:58:25.358+0000: 790080.316: [SoftReference, 0 refs, 0.0000584 secs]2019-01-31T23:58:25.358+0000: 790080.316: [WeakReference, 32 refs, 0.0000233 secs]2019-01-31T23:58:25.358+0000: 790080.316: [FinalReference, 903 refs, 0.0017746 secs]2019-01-31T23:58:25.360+0000: 790080.318: [PhantomReference, 0 refs, 0 refs, 0.0000174 secs]2019-01-31T23:58:25.360+0000: 790080.318: [JNI Weak Reference, 0.0000189 secs]
Desired survivor size 127926272 bytes, new threshold 1 (max 15)
[PSYoungGen: 1719520K->38857K(1783296K)] 2783799K->1106474K(5055488K), 0.0152651 secs] [Times: user=0.17 sys=0.01, real=0.02 secs] 
2019-01-31T23:58:25.363+0000: 790080.321: Total time for which application threads were stopped: 0.0241474 seconds, Stopping threads took: 0.0001521 seconds
2019-01-31T23:58:29.651+0000: 790084.608: Application time: 4.2873327 seconds
2019-01-31T23:58:29.660+0000: 790084.618: Total time for which application threads were stopped: 0.0093605 seconds, Stopping threads took: 0.0010944 seconds
2019-01-31T23:58:29.661+0000: 790084.618: Application time: 0.0006463 seconds
2019-01-31T23:58:29.669+0000: 790084.627: [GC (GCLocker Initiated GC) 2019-01-31T23:58:29.681+0000: 790084.638: [SoftReference, 0 refs, 0.0001339 secs]2019-01-31T23:58:29.681+0000: 790084.639: [WeakReference, 24 refs, 0.0000330 secs]2019-01-31T23:58:29.681+0000: 790084.639: [FinalReference, 852 refs, 0.0006192 secs]2019-01-31T23:58:29.681+0000: 790084.639: [PhantomReference, 0 refs, 1 refs, 0.0000316 secs]2019-01-31T23:58:29.681+0000: 790084.639: [JNI Weak Reference, 0.0000326 secs]
Desired survivor size 124780544 bytes, new threshold 1 (max 15)
[PSYoungGen: 1697225K->52182K(1783296K)] 2764848K->1124047K(5055488K), 0.0171503 secs] [Times: user=0.19 sys=0.01, real=0.02 secs] 
2019-01-31T23:58:29.686+0000: 790084.644: Total time for which application threads were stopped: 0.0258230 seconds, Stopping threads took: 0.0002146 seconds
2019-01-31T23:58:33.880+0000: 790088.837: Application time: 4.1930969 seconds
2019-01-31T23:58:33.890+0000: 790088.847: Total time for which application threads were stopped: 0.0099751 seconds, Stopping threads took: 0.0003119 seconds
2019-01-31T23:58:33.891+0000: 790088.849: Application time: 0.0011205 seconds
2019-01-31T23:58:33.900+0000: 790088.857: [GC (GCLocker Initiated GC) 2019-01-31T23:58:33.918+0000: 790088.876: [SoftReference, 0 refs, 0.0000724 secs]2019-01-31T23:58:33.918+0000: 790088.876: [WeakReference, 63 refs, 0.0000598 secs]2019-01-31T23:58:33.919+0000: 790088.876: [FinalReference, 856 refs, 0.0007271 secs]2019-01-31T23:58:33.919+0000: 790088.877: [PhantomReference, 0 refs, 0 refs, 0.0000202 secs]2019-01-31T23:58:33.919+0000: 790088.877: [JNI Weak Reference, 0.0000321 secs]
Desired survivor size 133693440 bytes, new threshold 1 (max 15)
[PSYoungGen: 1710550K->104133K(1782784K)] 2782483K->1179111K(5054976K), 0.0242634 secs] [Times: user=0.32 sys=0.02, real=0.03 secs] 
2019-01-31T23:58:33.924+0000: 790088.882: Total time for which application threads were stopped: 0.0334868 seconds, Stopping threads took: 0.0002463 seconds
2019-01-31T23:58:38.569+0000: 790093.526: Application time: 4.6443691 seconds
2019-01-31T23:58:38.577+0000: 790093.535: Total time for which application threads were stopped: 0.0084755 seconds, Stopping threads took: 0.0002036 seconds
2019-01-31T23:58:38.578+0000: 790093.536: Application time: 0.0008677 seconds
2019-01-31T23:58:38.584+0000: 790093.541: [GC (GCLocker Initiated GC) 2019-01-31T23:58:38.598+0000: 790093.556: [SoftReference, 0 refs, 0.0000557 secs]2019-01-31T23:58:38.598+0000: 790093.556: [WeakReference, 21 refs, 0.0000193 secs]2019-01-31T23:58:38.598+0000: 790093.556: [FinalReference, 928 refs, 0.0021219 secs]2019-01-31T23:58:38.600+0000: 790093.558: [PhantomReference, 0 refs, 0 refs, 0.0000275 secs]2019-01-31T23:58:38.600+0000: 790093.558: [JNI Weak Reference, 0.0000316 secs]
Desired survivor size 130547712 bytes, new threshold 1 (max 15)
[PSYoungGen: 1765061K->53309K(1791488K)] 2840084K->1135478K(5063680K), 0.0196614 secs] [Times: user=0.25 sys=0.00, real=0.02 secs] 
2019-01-31T23:58:38.603+0000: 790093.561: Total time for which application threads were stopped: 0.0255196 seconds, Stopping threads took: 0.0002344 seconds
2019-01-31T23:58:38.742+0000: 790093.700: Application time: 0.1390006 seconds
2019-01-31T23:58:38.748+0000: 790093.706: Total time for which application threads were stopped: 0.0056523 seconds, Stopping threads took: 0.0002687 seconds
2019-01-31T23:58:38.748+0000: 790093.706: Application time: 0.0000637 seconds
2019-01-31T23:58:38.753+0000: 790093.711: Total time for which application threads were stopped: 0.0052699 seconds, Stopping threads took: 0.0001002 seconds
2019-01-31T23:58:38.754+0000: 790093.711: Application time: 0.0000725 seconds
2019-01-31T23:58:38.759+0000: 790093.716: Total time for which application threads were stopped: 0.0050831 seconds, Stopping threads took: 0.0000628 seconds
2019-01-31T23:58:38.760+0000: 790093.718: Application time: 0.0014793 seconds
2019-01-31T23:58:38.767+0000: 790093.725: Total time for which application threads were stopped: 0.0073224 seconds, Stopping threads took: 0.0002739 seconds
2019-01-31T23:58:38.767+0000: 790093.725: Application time: 0.0000589 seconds
2019-01-31T23:58:38.773+0000: 790093.731: Total time for which application threads were stopped: 0.0060179 seconds, Stopping threads took: 0.0001327 seconds
2019-01-31T23:58:40.368+0000: 790095.326: Application time: 1.5942595 seconds
2019-01-31T23:58:40.374+0000: 790095.331: Total time for which application threads were stopped: 0.0057588 seconds, Stopping threads took: 0.0002347 seconds
2019-01-31T23:58:42.935+0000: 790097.893: Application time: 2.5613360 seconds
2019-01-31T23:58:42.943+0000: 790097.900: Total time for which application threads were stopped: 0.0077101 seconds, Stopping threads took: 0.0004282 seconds
2019-01-31T23:58:42.943+0000: 790097.901: Application time: 0.0007808 seconds
2019-01-31T23:58:42.951+0000: 790097.909: [GC (GCLocker Initiated GC) 2019-01-31T23:58:42.965+0000: 790097.923: [SoftReference, 0 refs, 0.0000705 secs]2019-01-31T23:58:42.965+0000: 790097.923: [WeakReference, 35 refs, 0.0000361 secs]2019-01-31T23:58:42.965+0000: 790097.923: [FinalReference, 816 refs, 0.0005875 secs]2019-01-31T23:58:42.965+0000: 790097.923: [PhantomReference, 0 refs, 1 refs, 0.0000207 secs]2019-01-31T23:58:42.965+0000: 790097.923: [JNI Weak Reference, 0.0000330 secs]
Desired survivor size 126877696 bytes, new threshold 1 (max 15)
[PSYoungGen: 1714237K->54333K(1781248K)] 2799737K->1143848K(5053440K), 0.0194389 secs] [Times: user=0.24 sys=0.01, real=0.02 secs] 
2019-01-31T23:58:42.971+0000: 790097.929: Total time for which application threads were stopped: 0.0273724 seconds, Stopping threads took: 0.0002912 seconds
2019-01-31T23:58:46.720+0000: 790101.677: Application time: 3.7487784 seconds
2019-01-31T23:58:46.725+0000: 790101.683: Total time for which application threads were stopped: 0.0059022 seconds, Stopping threads took: 0.0002276 seconds
2019-01-31T23:58:46.988+0000: 790101.946: Application time: 0.2628110 seconds
2019-01-31T23:58:46.994+0000: 790101.952: Total time for which application threads were stopped: 0.0055075 seconds, Stopping threads took: 0.0001926 seconds
2019-01-31T23:58:46.995+0000: 790101.953: Application time: 0.0010301 seconds
2019-01-31T23:58:47.000+0000: 790101.958: [GC (GCLocker Initiated GC) 2019-01-31T23:58:48.193+0000: 790103.151: [SoftReference, 0 refs, 0.0000551 secs]2019-01-31T23:58:48.193+0000: 790103.151: [WeakReference, 26 refs, 0.0000212 secs]2019-01-31T23:58:48.193+0000: 790103.151: [FinalReference, 864 refs, 0.0004932 secs]2019-01-31T23:58:48.194+0000: 790103.152: [PhantomReference, 0 refs, 0 refs, 0.0000098 secs]2019-01-31T23:58:48.194+0000: 790103.152: [JNI Weak Reference, 0.0000183 secs]
Desired survivor size 127926272 bytes, new threshold 1 (max 15)
[PSYoungGen: 1718333K->85062K(1787904K)] 2808446K->1178309K(5060096K), 1.1970105 secs] [Times: user=23.62 sys=2.60, real=1.20 secs] 
2019-01-31T23:58:48.198+0000: 790103.155: Total time for which application threads were stopped: 1.2027271 seconds, Stopping threads took: 0.0001842 seconds
2019-01-31T23:58:52.076+0000: 790107.034: Application time: 3.8783775 seconds
2019-01-31T23:58:52.084+0000: 790107.042: Total time for which application threads were stopped: 0.0079254 seconds, Stopping threads took: 0.0002569 seconds
2019-01-31T23:58:52.086+0000: 790107.044: Application time: 0.0020444 seconds
2019-01-31T23:58:52.095+0000: 790107.052: [GC (GCLocker Initiated GC) 2019-01-31T23:58:52.108+0000: 790107.066: [SoftReference, 0 refs, 0.0000804 secs]2019-01-31T23:58:52.108+0000: 790107.066: [WeakReference, 59 refs, 0.0000456 secs]2019-01-31T23:58:52.108+0000: 790107.066: [FinalReference, 854 refs, 0.0006262 secs]2019-01-31T23:58:52.109+0000: 790107.066: [PhantomReference, 0 refs, 0 refs, 0.0000203 secs]2019-01-31T23:58:52.109+0000: 790107.067: [JNI Weak Reference, 0.0000335 secs]
Desired survivor size 125304832 bytes, new threshold 1 (max 15)
[PSYoungGen: 1749062K->77244K(1794048K)] 2849312K->1182390K(5066240K), 0.0187846 secs] [Times: user=0.27 sys=0.01, real=0.02 secs] 
2019-01-31T23:58:52.114+0000: 790107.071: Total time for which application threads were stopped: 0.0277574 seconds, Stopping threads took: 0.0001838 seconds
2019-01-31T23:58:56.466+0000: 790111.423: Application time: 4.3519228 seconds
2019-01-31T23:58:56.474+0000: 790111.432: Total time for which application threads were stopped: 0.0082658 seconds, Stopping threads took: 0.0003100 seconds
2019-01-31T23:58:56.475+0000: 790111.433: Application time: 0.0013968 seconds
2019-01-31T23:58:56.484+0000: 790111.441: [GC (GCLocker Initiated GC) 2019-01-31T23:58:56.497+0000: 790111.454: [SoftReference, 0 refs, 0.0000767 secs]2019-01-31T23:58:56.497+0000: 790111.455: [WeakReference, 25 refs, 0.0000313 secs]2019-01-31T23:58:56.497+0000: 790111.455: [FinalReference, 833 refs, 0.0005903 secs]2019-01-31T23:58:56.497+0000: 790111.455: [PhantomReference, 0 refs, 0 refs, 0.0000194 secs]2019-01-31T23:58:56.497+0000: 790111.455: [JNI Weak Reference, 0.0000319 secs]
Desired survivor size 121634816 bytes, new threshold 1 (max 15)
[PSYoungGen: 1750460K->74852K(1795584K)] 2855908K->1185979K(5067776K), 0.0193448 secs] [Times: user=0.25 sys=0.00, real=0.02 secs] 
2019-01-31T23:58:56.503+0000: 790111.461: Total time for which application threads were stopped: 0.0279318 seconds, Stopping threads took: 0.0001393 seconds
2019-01-31T23:59:02.065+0000: 790117.022: Application time: 5.5613431 seconds
2019-01-31T23:59:02.075+0000: 790117.033: Total time for which application threads were stopped: 0.0104445 seconds, Stopping threads took: 0.0016810 seconds
2019-01-31T23:59:02.076+0000: 790117.034: Application time: 0.0007993 seconds
2019-01-31T23:59:02.087+0000: 790117.045: [GC (GCLocker Initiated GC) 2019-01-31T23:59:02.099+0000: 790117.057: [SoftReference, 0 refs, 0.0000578 secs]2019-01-31T23:59:02.099+0000: 790117.057: [WeakReference, 24 refs, 0.0000238 secs]2019-01-31T23:59:02.099+0000: 790117.057: [FinalReference, 1030 refs, 0.0008944 secs]2019-01-31T23:59:02.100+0000: 790117.058: [PhantomReference, 0 refs, 1 refs, 0.0000149 secs]2019-01-31T23:59:02.100+0000: 790117.058: [JNI Weak Reference, 0.0000236 secs]
Desired survivor size 123731968 bytes, new threshold 1 (max 15)
[PSYoungGen: 1748068K->31301K(1795584K)] 2862545K->1148436K(5067776K), 0.0180233 secs] [Times: user=0.15 sys=0.01, real=0.01 secs] 
2019-01-31T23:59:02.105+0000: 790117.063: Total time for which application threads were stopped: 0.0294923 seconds, Stopping threads took: 0.0003018 seconds
2019-01-31T23:59:06.588+0000: 790121.545: Application time: 4.4822401 seconds
2019-01-31T23:59:06.598+0000: 790121.556: Total time for which application threads were stopped: 0.0107395 seconds, Stopping threads took: 0.0025231 seconds
2019-01-31T23:59:06.599+0000: 790121.557: Application time: 0.0010680 seconds
2019-01-31T23:59:06.609+0000: 790121.567: [GC (GCLocker Initiated GC) 2019-01-31T23:59:06.621+0000: 790121.578: [SoftReference, 0 refs, 0.0000785 secs]2019-01-31T23:59:06.621+0000: 790121.579: [WeakReference, 27 refs, 0.0000321 secs]2019-01-31T23:59:06.621+0000: 790121.579: [FinalReference, 890 refs, 0.0006417 secs]2019-01-31T23:59:06.621+0000: 790121.579: [PhantomReference, 0 refs, 1 refs, 0.0000206 secs]2019-01-31T23:59:06.621+0000: 790121.579: [JNI Weak Reference, 0.0000534 secs]
Desired survivor size 120586240 bytes, new threshold 1 (max 15)
[PSYoungGen: 1708101K->51917K(1797632K)] 2828832K->1176425K(5069824K), 0.0173626 secs] [Times: user=0.18 sys=0.00, real=0.02 secs] 
2019-01-31T23:59:06.626+0000: 790121.584: Total time for which application threads were stopped: 0.0269880 seconds, Stopping threads took: 0.0011569 seconds
2019-01-31T23:59:11.499+0000: 790126.457: Application time: 4.8723482 seconds
2019-01-31T23:59:11.508+0000: 790126.465: Total time for which application threads were stopped: 0.0088545 seconds, Stopping threads took: 0.0008050 seconds
2019-01-31T23:59:11.508+0000: 790126.466: Application time: 0.0007749 seconds
2019-01-31T23:59:11.519+0000: 790126.477: [GC (GCLocker Initiated GC) 2019-01-31T23:59:11.531+0000: 790126.489: [SoftReference, 0 refs, 0.0000792 secs]2019-01-31T23:59:11.531+0000: 790126.489: [WeakReference, 18 refs, 0.0000277 secs]2019-01-31T23:59:11.531+0000: 790126.489: [FinalReference, 928 refs, 0.0007625 secs]2019-01-31T23:59:11.532+0000: 790126.490: [PhantomReference, 0 refs, 0 refs, 0.0000200 secs]2019-01-31T23:59:11.532+0000: 790126.490: [JNI Weak Reference, 0.0000355 secs]
Desired survivor size 119013376 bytes, new threshold 1 (max 15)
[PSYoungGen: 1728717K->43716K(1799168K)] 2859893K->1179227K(5071360K), 0.0173559 secs] [Times: user=0.19 sys=0.00, real=0.02 secs] 
2019-01-31T23:59:11.537+0000: 790126.494: Total time for which application threads were stopped: 0.0283170 seconds, Stopping threads took: 0.0023809 seconds
2019-01-31T23:59:16.232+0000: 790131.190: Application time: 4.6956349 seconds
2019-01-31T23:59:16.241+0000: 790131.198: Total time for which application threads were stopped: 0.0082796 seconds, Stopping threads took: 0.0002917 seconds
2019-01-31T23:59:16.241+0000: 790131.199: Application time: 0.0007834 seconds
2019-01-31T23:59:16.250+0000: 790131.208: [GC (GCLocker Initiated GC) 2019-01-31T23:59:16.260+0000: 790131.218: [SoftReference, 0 refs, 0.0000758 secs]2019-01-31T23:59:16.260+0000: 790131.218: [WeakReference, 63 refs, 0.0000368 secs]2019-01-31T23:59:16.260+0000: 790131.218: [FinalReference, 843 refs, 0.0006969 secs]2019-01-31T23:59:16.261+0000: 790131.218: [PhantomReference, 0 refs, 0 refs, 0.0000198 secs]2019-01-31T23:59:16.261+0000: 790131.218: [JNI Weak Reference, 0.0000331 secs]
Desired survivor size 119537664 bytes, new threshold 1 (max 15)
[PSYoungGen: 1727172K->28683K(1799680K)] 2862727K->1166993K(5071872K), 0.0154921 secs] [Times: user=0.17 sys=0.00, real=0.01 secs] 
2019-01-31T23:59:16.266+0000: 790131.223: Total time for which application threads were stopped: 0.0242510 seconds, Stopping threads took: 0.0003464 seconds
2019-01-31T23:59:20.960+0000: 790135.918: Application time: 4.6944809 seconds
2019-01-31T23:59:20.967+0000: 790135.925: Total time for which application threads were stopped: 0.0072339 seconds, Stopping threads took: 0.0003622 seconds
2019-01-31T23:59:20.968+0000: 790135.926: Application time: 0.0008496 seconds
2019-01-31T23:59:20.975+0000: 790135.933: [GC (GCLocker Initiated GC) 2019-01-31T23:59:20.994+0000: 790135.952: [SoftReference, 0 refs, 0.0000578 secs]2019-01-31T23:59:20.994+0000: 790135.952: [WeakReference, 29 refs, 0.0000233 secs]2019-01-31T23:59:20.994+0000: 790135.952: [FinalReference, 900 refs, 0.0004473 secs]2019-01-31T23:59:20.995+0000: 790135.953: [PhantomReference, 0 refs, 1 refs, 0.0000118 secs]2019-01-31T23:59:20.995+0000: 790135.953: [JNI Weak Reference, 0.0000212 secs]
Desired survivor size 115343360 bytes, new threshold 1 (max 15)
[PSYoungGen: 1712139K->63590K(1798144K)] 2850491K->1205068K(5070336K), 0.0227111 secs] [Times: user=0.30 sys=0.01, real=0.02 secs] 
2019-01-31T23:59:20.998+0000: 790135.956: Total time for which application threads were stopped: 0.0298721 seconds, Stopping threads took: 0.0001311 seconds
2019-01-31T23:59:26.282+0000: 790141.240: Application time: 5.2839423 seconds
2019-01-31T23:59:26.290+0000: 790141.248: Total time for which application threads were stopped: 0.0082828 seconds, Stopping threads took: 0.0002026 seconds
2019-01-31T23:59:26.293+0000: 790141.250: Application time: 0.0021856 seconds
2019-01-31T23:59:26.301+0000: 790141.259: [GC (GCLocker Initiated GC) 2019-01-31T23:59:26.316+0000: 790141.273: [SoftReference, 0 refs, 0.0000560 secs]2019-01-31T23:59:26.316+0000: 790141.273: [WeakReference, 32 refs, 0.0000218 secs]2019-01-31T23:59:26.316+0000: 790141.273: [FinalReference, 931 refs, 0.0004383 secs]2019-01-31T23:59:26.316+0000: 790141.274: [PhantomReference, 0 refs, 0 refs, 0.0000101 secs]2019-01-31T23:59:26.316+0000: 790141.274: [JNI Weak Reference, 0.0000187 secs]
Desired survivor size 110624768 bytes, new threshold 1 (max 15)
[PSYoungGen: 1752678K->56706K(1801728K)] 2897532K->1205064K(5073920K), 0.0185968 secs] [Times: user=0.23 sys=0.00, real=0.02 secs] 
2019-01-31T23:59:26.319+0000: 790141.277: Total time for which application threads were stopped: 0.0269748 seconds, Stopping threads took: 0.0001745 seconds
2019-01-31T23:59:32.104+0000: 790147.062: Application time: 5.7844093 seconds
2019-01-31T23:59:32.112+0000: 790147.070: Total time for which application threads were stopped: 0.0082810 seconds, Stopping threads took: 0.0002978 seconds
2019-01-31T23:59:32.113+0000: 790147.071: Application time: 0.0007558 seconds
2019-01-31T23:59:32.121+0000: 790147.079: [GC (GCLocker Initiated GC) 2019-01-31T23:59:32.132+0000: 790147.089: [SoftReference, 0 refs, 0.0000890 secs]2019-01-31T23:59:32.132+0000: 790147.089: [WeakReference, 10 refs, 0.0000237 secs]2019-01-31T23:59:32.132+0000: 790147.089: [FinalReference, 920 refs, 0.0007679 secs]2019-01-31T23:59:32.132+0000: 790147.090: [PhantomReference, 0 refs, 0 refs, 0.0000235 secs]2019-01-31T23:59:32.132+0000: 790147.090: [JNI Weak Reference, 0.0000327 secs]
Desired survivor size 109051904 bytes, new threshold 1 (max 15)
[PSYoungGen: 1745794K->38843K(1807360K)] 2894175K->1190938K(5079552K), 0.0158726 secs] [Times: user=0.18 sys=0.00, real=0.01 secs] 
2019-01-31T23:59:32.137+0000: 790147.095: Total time for which application threads were stopped: 0.0244853 seconds, Stopping threads took: 0.0002779 seconds
2019-01-31T23:59:37.725+0000: 790152.683: Application time: 5.5874110 seconds
2019-01-31T23:59:37.733+0000: 790152.691: Total time for which application threads were stopped: 0.0083429 seconds, Stopping threads took: 0.0003175 seconds
2019-01-31T23:59:37.734+0000: 790152.692: Application time: 0.0008717 seconds
2019-01-31T23:59:37.742+0000: 790152.700: [GC (GCLocker Initiated GC) 2019-01-31T23:59:37.756+0000: 790152.713: [SoftReference, 0 refs, 0.0000807 secs]2019-01-31T23:59:37.756+0000: 790152.714: [WeakReference, 11 refs, 0.0000243 secs]2019-01-31T23:59:37.756+0000: 790152.714: [FinalReference, 877 refs, 0.0007478 secs]2019-01-31T23:59:37.757+0000: 790152.714: [PhantomReference, 0 refs, 0 refs, 0.0000195 secs]2019-01-31T23:59:37.757+0000: 790152.714: [JNI Weak Reference, 0.0000451 secs]
Desired survivor size 104857600 bytes, new threshold 1 (max 15)
[PSYoungGen: 1740219K->51789K(1807872K)] 2895663K->1210291K(5080064K), 0.0190840 secs] [Times: user=0.22 sys=0.01, real=0.02 secs] 
2019-01-31T23:59:37.762+0000: 790152.719: Total time for which application threads were stopped: 0.0274379 seconds, Stopping threads took: 0.0002334 seconds
2019-01-31T23:59:40.368+0000: 790155.325: Application time: 2.6060717 seconds
2019-01-31T23:59:40.376+0000: 790155.334: Total time for which application threads were stopped: 0.0083013 seconds, Stopping threads took: 0.0003641 seconds
2019-01-31T23:59:42.315+0000: 790157.273: Application time: 1.9388127 seconds
2019-01-31T23:59:42.323+0000: 790157.281: Total time for which application threads were stopped: 0.0083927 seconds, Stopping threads took: 0.0002764 seconds
2019-01-31T23:59:43.611+0000: 790158.568: Application time: 1.2874641 seconds
2019-01-31T23:59:43.621+0000: 790158.578: Total time for which application threads were stopped: 0.0099764 seconds, Stopping threads took: 0.0032611 seconds
2019-01-31T23:59:43.621+0000: 790158.579: Application time: 0.0007452 seconds
2019-01-31T23:59:43.628+0000: 790158.586: [GC (GCLocker Initiated GC) 2019-01-31T23:59:45.200+0000: 790160.157: [SoftReference, 0 refs, 0.0000698 secs]2019-01-31T23:59:45.200+0000: 790160.158: [WeakReference, 6 refs, 0.0000148 secs]2019-01-31T23:59:45.200+0000: 790160.158: [FinalReference, 950 refs, 0.0006243 secs]2019-01-31T23:59:45.200+0000: 790160.158: [PhantomReference, 0 refs, 1 refs, 0.0000129 secs]2019-01-31T23:59:45.200+0000: 790160.158: [JNI Weak Reference, 0.0000191 secs]
Desired survivor size 115343360 bytes, new threshold 1 (max 15)
[PSYoungGen: 1753165K->96639K(1799168K)] 2916003K->1263143K(5071360K), 1.5758048 secs] [Times: user=32.16 sys=2.31, real=1.58 secs] 
2019-01-31T23:59:45.204+0000: 790160.162: Total time for which application threads were stopped: 1.5825538 seconds, Stopping threads took: 0.0003399 seconds
2019-01-31T23:59:49.544+0000: 790164.502: Application time: 4.3406548 seconds
2019-01-31T23:59:49.553+0000: 790164.511: Total time for which application threads were stopped: 0.0083433 seconds, Stopping threads took: 0.0003516 seconds
2019-01-31T23:59:49.554+0000: 790164.511: Application time: 0.0006658 seconds
2019-01-31T23:59:49.562+0000: 790164.520: [GC (GCLocker Initiated GC) 2019-01-31T23:59:49.574+0000: 790164.531: [SoftReference, 0 refs, 0.0000687 secs]2019-01-31T23:59:49.574+0000: 790164.532: [WeakReference, 23 refs, 0.0000275 secs]2019-01-31T23:59:49.574+0000: 790164.532: [FinalReference, 851 refs, 0.0006067 secs]2019-01-31T23:59:49.574+0000: 790164.532: [PhantomReference, 0 refs, 0 refs, 0.0000193 secs]2019-01-31T23:59:49.574+0000: 790164.532: [JNI Weak Reference, 0.0000337 secs]
Desired survivor size 116391936 bytes, new threshold 1 (max 15)
[PSYoungGen: 1793407K->26322K(1723392K)] 2960511K->1198490K(4995584K), 0.0169616 secs] [Times: user=0.18 sys=0.01, real=0.02 secs] 
2019-01-31T23:59:49.579+0000: 790164.537: Total time for which application threads were stopped: 0.0259078 seconds, Stopping threads took: 0.0001826 seconds
2019-01-31T23:59:54.663+0000: 790169.620: Application time: 5.0831269 seconds
2019-01-31T23:59:54.671+0000: 790169.629: Total time for which application threads were stopped: 0.0086289 seconds, Stopping threads took: 0.0002497 seconds
2019-01-31T23:59:54.672+0000: 790169.630: Application time: 0.0010394 seconds
2019-01-31T23:59:54.686+0000: 790169.644: [GC (GCLocker Initiated GC) 2019-01-31T23:59:54.699+0000: 790169.657: [SoftReference, 0 refs, 0.0000811 secs]2019-01-31T23:59:54.699+0000: 790169.657: [WeakReference, 56 refs, 0.0000504 secs]2019-01-31T23:59:54.699+0000: 790169.657: [FinalReference, 906 refs, 0.0006816 secs]2019-01-31T23:59:54.700+0000: 790169.658: [PhantomReference, 0 refs, 0 refs, 0.0000199 secs]2019-01-31T23:59:54.700+0000: 790169.658: [JNI Weak Reference, 0.0000321 secs]
Desired survivor size 111673344 bytes, new threshold 1 (max 15)
[PSYoungGen: 1723090K->60200K(1812992K)] 2905527K->1248188K(5085184K), 0.0192177 secs] [Times: user=0.23 sys=0.00, real=0.02 secs] 
2019-01-31T23:59:54.705+0000: 790169.663: Total time for which application threads were stopped: 0.0329556 seconds, Stopping threads took: 0.0050822 seconds
2019-01-31T23:59:59.486+0000: 790174.444: Application time: 4.7807241 seconds
2019-01-31T23:59:59.494+0000: 790174.452: Total time for which application threads were stopped: 0.0085015 seconds, Stopping threads took: 0.0001971 seconds
2019-01-31T23:59:59.495+0000: 790174.453: Application time: 0.0008992 seconds
2019-01-31T23:59:59.504+0000: 790174.462: [GC (GCLocker Initiated GC) 2019-01-31T23:59:59.516+0000: 790174.474: [SoftReference, 0 refs, 0.0000793 secs]2019-01-31T23:59:59.516+0000: 790174.474: [WeakReference, 30 refs, 0.0000321 secs]2019-01-31T23:59:59.516+0000: 790174.474: [FinalReference, 836 refs, 0.0006031 secs]2019-01-31T23:59:59.516+0000: 790174.474: [PhantomReference, 0 refs, 0 refs, 0.0000194 secs]2019-01-31T23:59:59.516+0000: 790174.474: [JNI Weak Reference, 0.0000333 secs]
Desired survivor size 107479040 bytes, new threshold 1 (max 15)
[PSYoungGen: 1759528K->51780K(1751552K)] 2947568K->1243717K(5023744K), 0.0176067 secs] [Times: user=0.19 sys=0.01, real=0.01 secs] 
2019-01-31T23:59:59.522+0000: 790174.479: Total time for which application threads were stopped: 0.0262164 seconds, Stopping threads took: 0.0001698 seconds
2019-02-01T00:00:05.286+0000: 790180.244: Application time: 5.7647620 seconds
2019-02-01T00:00:05.292+0000: 790180.250: Total time for which application threads were stopped: 0.0059992 seconds, Stopping threads took: 0.0003069 seconds
2019-02-01T00:00:05.293+0000: 790180.251: Application time: 0.0006409 seconds
2019-02-01T00:00:05.299+0000: 790180.257: [GC (GCLocker Initiated GC) 2019-02-01T00:00:05.311+0000: 790180.269: [SoftReference, 0 refs, 0.0000528 secs]2019-02-01T00:00:05.311+0000: 790180.269: [WeakReference, 32 refs, 0.0000307 secs]2019-02-01T00:00:05.311+0000: 790180.269: [FinalReference, 955 refs, 0.0006908 secs]2019-02-01T00:00:05.312+0000: 790180.270: [PhantomReference, 0 refs, 0 refs, 0.0000194 secs]2019-02-01T00:00:05.312+0000: 790180.270: [JNI Weak Reference, 0.0000313 secs]
Desired survivor size 102760448 bytes, new threshold 1 (max 15)
[PSYoungGen: 1751108K->54669K(1808896K)] 2949710K->1256009K(5081088K), 0.0178071 secs] [Times: user=0.21 sys=0.01, real=0.02 secs] 
2019-02-01T00:00:05.317+0000: 790180.275: Total time for which application threads were stopped: 0.0239219 seconds, Stopping threads took: 0.0001421 seconds
2019-02-01T00:00:10.579+0000: 790185.537: Application time: 5.2625593 seconds
2019-02-01T00:00:10.586+0000: 790185.544: Total time for which application threads were stopped: 0.0069800 seconds, Stopping threads took: 0.0002591 seconds
2019-02-01T00:00:10.588+0000: 790185.546: Application time: 0.0014808 seconds
2019-02-01T00:00:10.595+0000: 790185.553: [GC (GCLocker Initiated GC) 2019-02-01T00:00:10.605+0000: 790185.563: [SoftReference, 0 refs, 0.0000626 secs]2019-02-01T00:00:10.605+0000: 790185.563: [WeakReference, 13 refs, 0.0000254 secs]2019-02-01T00:00:10.605+0000: 790185.563: [FinalReference, 925 refs, 0.0009580 secs]2019-02-01T00:00:10.606+0000: 790185.564: [PhantomReference, 0 refs, 0 refs, 0.0000243 secs]2019-02-01T00:00:10.606+0000: 790185.564: [JNI Weak Reference, 0.0000318 secs]
Desired survivor size 103809024 bytes, new threshold 1 (max 15)
[PSYoungGen: 1758605K->25476K(1804288K)] 2966705K->1237118K(5076480K), 0.0156290 secs] [Times: user=0.15 sys=0.01, real=0.01 secs] 
2019-02-01T00:00:10.611+0000: 790185.569: Total time for which application threads were stopped: 0.0230560 seconds, Stopping threads took: 0.0002781 seconds
2019-02-01T00:00:16.363+0000: 790191.321: Application time: 5.7518171 seconds
2019-02-01T00:00:16.368+0000: 790191.326: Total time for which application threads were stopped: 0.0052409 seconds, Stopping threads took: 0.0001667 seconds
2019-02-01T00:00:16.368+0000: 790191.326: Application time: 0.0002555 seconds
2019-02-01T00:00:16.374+0000: 790191.331: [GC (GCLocker Initiated GC) 2019-02-01T00:00:16.394+0000: 790191.352: [SoftReference, 0 refs, 0.0000540 secs]2019-02-01T00:00:16.394+0000: 790191.352: [WeakReference, 71 refs, 0.0000363 secs]2019-02-01T00:00:16.394+0000: 790191.352: [FinalReference, 910 refs, 0.0011449 secs]2019-02-01T00:00:16.395+0000: 790191.353: [PhantomReference, 0 refs, 0 refs, 0.0000132 secs]2019-02-01T00:00:16.395+0000: 790191.353: [JNI Weak Reference, 0.0000186 secs]
Desired survivor size 111149056 bytes, new threshold 1 (max 15)
[PSYoungGen: 1729412K->86009K(1806336K)] 2944388K->1304936K(5078528K), 0.0248255 secs] [Times: user=0.37 sys=0.02, real=0.03 secs] 
2019-02-01T00:00:16.399+0000: 790191.357: Total time for which application threads were stopped: 0.0303060 seconds, Stopping threads took: 0.0001754 seconds
2019-02-01T00:00:20.399+0000: 790195.357: Application time: 4.0004940 seconds
2019-02-01T00:00:20.405+0000: 790195.362: Total time for which application threads were stopped: 0.0053916 seconds, Stopping threads took: 0.0001868 seconds
2019-02-01T00:00:21.434+0000: 790196.392: Application time: 1.0293944 seconds
2019-02-01T00:00:21.439+0000: 790196.397: Total time for which application threads were stopped: 0.0054787 seconds, Stopping threads took: 0.0003269 seconds
2019-02-01T00:00:21.440+0000: 790196.398: Application time: 0.0004069 seconds
2019-02-01T00:00:21.445+0000: 790196.403: [GC (GCLocker Initiated GC) 2019-02-01T00:00:21.459+0000: 790196.417: [SoftReference, 0 refs, 0.0000569 secs]2019-02-01T00:00:21.459+0000: 790196.417: [WeakReference, 4 refs, 0.0000108 secs]2019-02-01T00:00:21.459+0000: 790196.417: [FinalReference, 863 refs, 0.0005245 secs]2019-02-01T00:00:21.460+0000: 790196.418: [PhantomReference, 0 refs, 0 refs, 0.0000102 secs]2019-02-01T00:00:21.460+0000: 790196.418: [JNI Weak Reference, 0.0000188 secs]
Desired survivor size 108003328 bytes, new threshold 1 (max 15)
[PSYoungGen: 1790969K->46845K(1813504K)] 3016558K->1276856K(5085696K), 0.0177252 secs] [Times: user=0.21 sys=0.01, real=0.02 secs] 
2019-02-01T00:00:21.463+0000: 790196.421: Total time for which application threads were stopped: 0.0235045 seconds, Stopping threads took: 0.0002224 seconds
2019-02-01T00:00:27.756+0000: 790202.714: Application time: 6.2925679 seconds
2019-02-01T00:00:27.762+0000: 790202.719: Total time for which application threads were stopped: 0.0055917 seconds, Stopping threads took: 0.0001627 seconds
2019-02-01T00:00:27.762+0000: 790202.720: Application time: 0.0005735 seconds
2019-02-01T00:00:27.768+0000: 790202.726: [GC (GCLocker Initiated GC) 2019-02-01T00:00:27.778+0000: 790202.736: [SoftReference, 0 refs, 0.0000693 secs]2019-02-01T00:00:27.778+0000: 790202.736: [WeakReference, 1 refs, 0.0000091 secs]2019-02-01T00:00:27.778+0000: 790202.736: [FinalReference, 982 refs, 0.0005062 secs]2019-02-01T00:00:27.779+0000: 790202.736: [PhantomReference, 0 refs, 0 refs, 0.0000106 secs]2019-02-01T00:00:27.779+0000: 790202.736: [JNI Weak Reference, 0.0000184 secs]
Desired survivor size 107479040 bytes, new threshold 1 (max 15)
[PSYoungGen: 1751805K->27774K(1809408K)] 2985148K->1264708K(5081600K), 0.0145558 secs] [Times: user=0.16 sys=0.01, real=0.02 secs] 
2019-02-01T00:00:27.782+0000: 790202.740: Total time for which application threads were stopped: 0.0203767 seconds, Stopping threads took: 0.0002064 seconds
2019-02-01T00:00:29.516+0000: 790204.474: Application time: 1.7334316 seconds
2019-02-01T00:00:29.526+0000: 790204.484: Total time for which application threads were stopped: 0.0100986 seconds, Stopping threads took: 0.0014921 seconds
2019-02-01T00:00:30.526+0000: 790205.484: Application time: 1.0001891 seconds
2019-02-01T00:00:30.537+0000: 790205.494: Total time for which application threads were stopped: 0.0104078 seconds, Stopping threads took: 0.0020362 seconds
2019-02-01T00:00:31.537+0000: 790206.495: Application time: 1.0001837 seconds
2019-02-01T00:00:31.549+0000: 790206.507: Total time for which application threads were stopped: 0.0124718 seconds, Stopping threads took: 0.0043386 seconds
2019-02-01T00:00:32.353+0000: 790207.310: Application time: 0.8033091 seconds
2019-02-01T00:00:32.361+0000: 790207.319: Total time for which application threads were stopped: 0.0082738 seconds, Stopping threads took: 0.0002519 seconds
2019-02-01T00:00:32.362+0000: 790207.320: Application time: 0.0009691 seconds
2019-02-01T00:00:32.370+0000: 790207.328: [GC (GCLocker Initiated GC) 2019-02-01T00:00:32.380+0000: 790207.338: [SoftReference, 0 refs, 0.0000739 secs]2019-02-01T00:00:32.380+0000: 790207.338: [WeakReference, 38 refs, 0.0000394 secs]2019-02-01T00:00:32.380+0000: 790207.338: [FinalReference, 929 refs, 0.0006787 secs]2019-02-01T00:00:32.381+0000: 790207.339: [PhantomReference, 0 refs, 0 refs, 0.0000197 secs]2019-02-01T00:00:32.381+0000: 790207.339: [JNI Weak Reference, 0.0000325 secs]
Desired survivor size 105381888 bytes, new threshold 1 (max 15)
[PSYoungGen: 1735806K->35211K(1812992K)] 2976098K->1278543K(5085184K), 0.0154934 secs] [Times: user=0.18 sys=0.01, real=0.01 secs] 
2019-02-01T00:00:32.386+0000: 790207.344: Total time for which application threads were stopped: 0.0239378 seconds, Stopping threads took: 0.0001769 seconds
2019-02-01T00:00:38.256+0000: 790213.214: Application time: 5.8700344 seconds
2019-02-01T00:00:38.264+0000: 790213.222: Total time for which application threads were stopped: 0.0083775 seconds, Stopping threads took: 0.0001806 seconds
2019-02-01T00:00:38.265+0000: 790213.223: Application time: 0.0006162 seconds
2019-02-01T00:00:38.273+0000: 790213.231: [GC (GCLocker Initiated GC) 2019-02-01T00:00:38.286+0000: 790213.243: [SoftReference, 0 refs, 0.0000603 secs]2019-02-01T00:00:38.286+0000: 790213.243: [WeakReference, 11 refs, 0.0000139 secs]2019-02-01T00:00:38.286+0000: 790213.243: [FinalReference, 850 refs, 0.0004252 secs]2019-02-01T00:00:38.286+0000: 790213.244: [PhantomReference, 0 refs, 0 refs, 0.0000098 secs]2019-02-01T00:00:38.286+0000: 790213.244: [JNI Weak Reference, 0.0000193 secs]
Desired survivor size 101711872 bytes, new threshold 1 (max 15)
[PSYoungGen: 1743243K->43804K(1730560K)] 2986724K->1292773K(5002752K), 0.0205632 secs] [Times: user=0.20 sys=0.00, real=0.02 secs] 
2019-02-01T00:00:38.294+0000: 790213.252: Total time for which application threads were stopped: 0.0291049 seconds, Stopping threads took: 0.0001616 seconds
2019-02-01T00:00:40.367+0000: 790215.325: Application time: 2.0734105 seconds
2019-02-01T00:00:40.374+0000: 790215.332: Total time for which application threads were stopped: 0.0069873 seconds, Stopping threads took: 0.0002172 seconds
2019-02-01T00:00:42.090+0000: 790217.048: Application time: 1.7154876 seconds
2019-02-01T00:00:42.102+0000: 790217.060: Total time for which application threads were stopped: 0.0119803 seconds, Stopping threads took: 0.0048595 seconds
2019-02-01T00:00:42.104+0000: 790217.062: Application time: 0.0023050 seconds
2019-02-01T00:00:42.112+0000: 790217.070: [GC (GCLocker Initiated GC) 2019-02-01T00:00:45.425+0000: 790220.383: [SoftReference, 0 refs, 0.0000671 secs]2019-02-01T00:00:45.426+0000: 790220.383: [WeakReference, 86 refs, 0.0000466 secs]2019-02-01T00:00:45.426+0000: 790220.383: [FinalReference, 945 refs, 0.0005149 secs]2019-02-01T00:00:45.426+0000: 790220.384: [PhantomReference, 0 refs, 2 refs, 0.0000119 secs]2019-02-01T00:00:45.426+0000: 790220.384: [JNI Weak Reference, 0.0000207 secs]
Desired survivor size 114294784 bytes, new threshold 1 (max 15)
[PSYoungGen: 1719068K->97521K(1774592K)] 2978651K->1363697K(5046784K), 3.3176287 secs] [Times: user=62.62 sys=10.45, real=3.31 secs] 
2019-02-01T00:00:45.430+0000: 790220.388: Total time for which application threads were stopped: 3.3255261 seconds, Stopping threads took: 0.0006090 seconds
2019-02-01T00:00:48.932+0000: 790223.890: Application time: 3.5021592 seconds
2019-02-01T00:00:48.942+0000: 790223.899: Total time for which application threads were stopped: 0.0097342 seconds, Stopping threads took: 0.0003146 seconds
2019-02-01T00:00:48.943+0000: 790223.901: Application time: 0.0011903 seconds
2019-02-01T00:00:48.952+0000: 790223.910: [GC (GCLocker Initiated GC) 2019-02-01T00:00:48.968+0000: 790223.926: [SoftReference, 0 refs, 0.0000791 secs]2019-02-01T00:00:48.968+0000: 790223.926: [WeakReference, 38 refs, 0.0000287 secs]2019-02-01T00:00:48.968+0000: 790223.926: [FinalReference, 927 refs, 0.0007022 secs]2019-02-01T00:00:48.969+0000: 790223.927: [PhantomReference, 0 refs, 5 refs, 0.0000180 secs]2019-02-01T00:00:48.969+0000: 790223.927: [JNI Weak Reference, 0.0000607 secs]
Desired survivor size 110100480 bytes, new threshold 1 (max 15)
[PSYoungGen: 1772785K->47688K(1814528K)] 3042602K->1322794K(5086720K), 0.0217113 secs] [Times: user=0.30 sys=0.02, real=0.02 secs] 
2019-02-01T00:00:48.974+0000: 790223.932: Total time for which application threads were stopped: 0.0315724 seconds, Stopping threads took: 0.0003806 seconds
2019-02-01T00:00:56.528+0000: 790231.486: Application time: 7.5540279 seconds
2019-02-01T00:00:56.538+0000: 790231.495: Total time for which application threads were stopped: 0.0092402 seconds, Stopping threads took: 0.0028414 seconds
2019-02-01T00:00:56.539+0000: 790231.496: Application time: 0.0009583 seconds
2019-02-01T00:00:56.548+0000: 790231.505: [GC (GCLocker Initiated GC) 2019-02-01T00:00:56.566+0000: 790231.524: [SoftReference, 0 refs, 0.0000595 secs]2019-02-01T00:00:56.566+0000: 790231.524: [WeakReference, 23 refs, 0.0000206 secs]2019-02-01T00:00:56.566+0000: 790231.524: [FinalReference, 975 refs, 0.0004974 secs]2019-02-01T00:00:56.567+0000: 790231.524: [PhantomReference, 0 refs, 2 refs, 0.0000138 secs]2019-02-01T00:00:56.567+0000: 790231.524: [JNI Weak Reference, 0.0000211 secs]
Desired survivor size 106430464 bytes, new threshold 1 (max 15)
[PSYoungGen: 1750600K->43484K(1746432K)] 3032379K->1339096K(5018624K), 0.0223922 secs] [Times: user=0.26 sys=0.00, real=0.02 secs] 
2019-02-01T00:00:56.570+0000: 790231.528: Total time for which application threads were stopped: 0.0314423 seconds, Stopping threads took: 0.0002690 seconds
2019-02-01T00:01:00.238+0000: 790235.195: Application time: 3.6675645 seconds
2019-02-01T00:01:00.244+0000: 790235.202: Total time for which application threads were stopped: 0.0065024 seconds, Stopping threads took: 0.0002115 seconds
2019-02-01T00:01:00.244+0000: 790235.202: Application time: 0.0001436 seconds
2019-02-01T00:01:00.251+0000: 790235.209: Total time for which application threads were stopped: 0.0066095 seconds, Stopping threads took: 0.0002465 seconds
2019-02-01T00:01:00.251+0000: 790235.209: Application time: 0.0001384 seconds
2019-02-01T00:01:00.257+0000: 790235.215: Total time for which application threads were stopped: 0.0059326 seconds, Stopping threads took: 0.0000602 seconds
2019-02-01T00:01:00.258+0000: 790235.216: Application time: 0.0013637 seconds
2019-02-01T00:01:00.264+0000: 790235.222: Total time for which application threads were stopped: 0.0060668 seconds, Stopping threads took: 0.0002034 seconds
2019-02-01T00:01:00.265+0000: 790235.222: Application time: 0.0001465 seconds
2019-02-01T00:01:00.271+0000: 790235.229: Total time for which application threads were stopped: 0.0064968 seconds, Stopping threads took: 0.0001296 seconds
2019-02-01T00:01:04.984+0000: 790239.942: Application time: 4.7132165 seconds
2019-02-01T00:01:04.991+0000: 790239.949: Total time for which application threads were stopped: 0.0069951 seconds, Stopping threads took: 0.0002178 seconds
2019-02-01T00:01:04.992+0000: 790239.950: Application time: 0.0006938 seconds
2019-02-01T00:01:04.999+0000: 790239.957: [GC (GCLocker Initiated GC) 2019-02-01T00:01:05.010+0000: 790239.968: [SoftReference, 0 refs, 0.0000566 secs]2019-02-01T00:01:05.010+0000: 790239.968: [WeakReference, 7 refs, 0.0000145 secs]2019-02-01T00:01:05.010+0000: 790239.968: [FinalReference, 1000 refs, 0.0005429 secs]2019-02-01T00:01:05.011+0000: 790239.968: [PhantomReference, 0 refs, 0 refs, 0.0000129 secs]2019-02-01T00:01:05.011+0000: 790239.968: [JNI Weak Reference, 0.0000211 secs]
Desired survivor size 105381888 bytes, new threshold 1 (max 15)
[PSYoungGen: 1746396K->31428K(1807872K)] 3045629K->1333229K(5080064K), 0.0152693 secs] [Times: user=0.18 sys=0.01, real=0.02 secs] 
2019-02-01T00:01:05.014+0000: 790239.972: Total time for which application threads were stopped: 0.0222307 seconds, Stopping threads took: 0.0002400 seconds
2019-02-01T00:01:13.979+0000: 790248.937: Application time: 8.9649580 seconds
2019-02-01T00:01:13.987+0000: 790248.945: Total time for which application threads were stopped: 0.0076767 seconds, Stopping threads took: 0.0010867 seconds
2019-02-01T00:01:13.988+0000: 790248.946: Application time: 0.0008369 seconds
2019-02-01T00:01:13.995+0000: 790248.953: [GC (GCLocker Initiated GC) 2019-02-01T00:01:14.008+0000: 790248.966: [SoftReference, 0 refs, 0.0000522 secs]2019-02-01T00:01:14.008+0000: 790248.966: [WeakReference, 7 refs, 0.0000249 secs]2019-02-01T00:01:14.008+0000: 790248.966: [FinalReference, 996 refs, 0.0014952 secs]2019-02-01T00:01:14.010+0000: 790248.968: [PhantomReference, 0 refs, 1 refs, 0.0000184 secs]2019-02-01T00:01:14.010+0000: 790248.968: [JNI Weak Reference, 0.0000248 secs]
Desired survivor size 103284736 bytes, new threshold 1 (max 15)
[PSYoungGen: 1735364K->59879K(1806848K)] 3037193K->1365739K(5079040K), 0.0192698 secs] [Times: user=0.23 sys=0.00, real=0.02 secs] 
2019-02-01T00:01:14.014+0000: 790248.972: Total time for which application threads were stopped: 0.0264466 seconds, Stopping threads took: 0.0001709 seconds
2019-02-01T00:01:24.028+0000: 790258.986: Application time: 10.0143243 seconds
2019-02-01T00:01:24.035+0000: 790258.993: Total time for which application threads were stopped: 0.0064483 seconds, Stopping threads took: 0.0001634 seconds
2019-02-01T00:01:24.035+0000: 790258.993: Application time: 0.0004294 seconds
2019-02-01T00:01:24.042+0000: 790259.000: [GC (GCLocker Initiated GC) 2019-02-01T00:01:24.054+0000: 790259.011: [SoftReference, 0 refs, 0.0000496 secs]2019-02-01T00:01:24.054+0000: 790259.011: [WeakReference, 3 refs, 0.0000140 secs]2019-02-01T00:01:24.054+0000: 790259.011: [FinalReference, 998 refs, 0.0006587 secs]2019-02-01T00:01:24.054+0000: 790259.012: [PhantomReference, 0 refs, 0 refs, 0.0000138 secs]2019-02-01T00:01:24.054+0000: 790259.012: [JNI Weak Reference, 0.0000241 secs]
Desired survivor size 103809024 bytes, new threshold 1 (max 15)
[PSYoungGen: 1763815K->19292K(1815552K)] 3069681K->1329186K(5087744K), 0.0158609 secs] [Times: user=0.20 sys=0.00, real=0.02 secs] 
2019-02-01T00:01:24.058+0000: 790259.016: Total time for which application threads were stopped: 0.0227477 seconds, Stopping threads took: 0.0001886 seconds
2019-02-01T00:01:36.434+0000: 790271.392: Application time: 12.3761651 seconds
2019-02-01T00:01:36.441+0000: 790271.399: Total time for which application threads were stopped: 0.0063954 seconds, Stopping threads took: 0.0002484 seconds
2019-02-01T00:01:36.441+0000: 790271.399: Application time: 0.0002232 seconds
2019-02-01T00:01:36.447+0000: 790271.405: [GC (GCLocker Initiated GC) 2019-02-01T00:01:36.456+0000: 790271.414: [SoftReference, 0 refs, 0.0000456 secs]2019-02-01T00:01:36.456+0000: 790271.414: [WeakReference, 7 refs, 0.0000153 secs]2019-02-01T00:01:36.456+0000: 790271.414: [FinalReference, 895 refs, 0.0005031 secs]2019-02-01T00:01:36.457+0000: 790271.415: [PhantomReference, 0 refs, 0 refs, 0.0000125 secs]2019-02-01T00:01:36.457+0000: 790271.415: [JNI Weak Reference, 0.0000230 secs]
Desired survivor size 104333312 bytes, new threshold 1 (max 15)
[PSYoungGen: 1733980K->15017K(1816064K)] 3043881K->1328352K(5088256K), 0.0126772 secs] [Times: user=0.13 sys=0.00, real=0.02 secs] 
2019-02-01T00:01:36.460+0000: 790271.418: Total time for which application threads were stopped: 0.0192746 seconds, Stopping threads took: 0.0000558 seconds
2019-02-01T00:01:40.368+0000: 790275.326: Application time: 3.9075626 seconds
2019-02-01T00:01:40.375+0000: 790275.333: Total time for which application threads were stopped: 0.0075209 seconds, Stopping threads took: 0.0003094 seconds
2019-02-01T00:01:49.359+0000: 790284.317: Application time: 8.9835450 seconds
2019-02-01T00:01:49.367+0000: 790284.325: Total time for which application threads were stopped: 0.0079720 seconds, Stopping threads took: 0.0004034 seconds
2019-02-01T00:01:49.367+0000: 790284.325: Application time: 0.0006092 seconds
2019-02-01T00:01:49.375+0000: 790284.333: [GC (GCLocker Initiated GC) 2019-02-01T00:01:49.386+0000: 790284.344: [SoftReference, 0 refs, 0.0000743 secs]2019-02-01T00:01:49.386+0000: 790284.344: [WeakReference, 3 refs, 0.0000189 secs]2019-02-01T00:01:49.386+0000: 790284.344: [FinalReference, 903 refs, 0.0007094 secs]2019-02-01T00:01:49.387+0000: 790284.345: [PhantomReference, 0 refs, 1 refs, 0.0000242 secs]2019-02-01T00:01:49.387+0000: 790284.345: [JNI Weak Reference, 0.0000328 secs]
Desired survivor size 102760448 bytes, new threshold 1 (max 15)
[PSYoungGen: 1729705K->21333K(1818112K)] 3046372K->1339586K(5090304K), 0.0160855 secs] [Times: user=0.16 sys=0.00, real=0.02 secs] 
2019-02-01T00:01:49.392+0000: 790284.350: Total time for which application threads were stopped: 0.0243092 seconds, Stopping threads took: 0.0004167 seconds
2019-02-01T00:02:00.607+0000: 790295.565: Application time: 11.2151949 seconds
2019-02-01T00:02:00.615+0000: 790295.573: Total time for which application threads were stopped: 0.0078897 seconds, Stopping threads took: 0.0002640 seconds
2019-02-01T00:02:00.615+0000: 790295.573: Application time: 0.0005748 seconds
2019-02-01T00:02:00.623+0000: 790295.581: [GC (GCLocker Initiated GC) 2019-02-01T00:02:00.634+0000: 790295.592: [SoftReference, 0 refs, 0.0000772 secs]2019-02-01T00:02:00.634+0000: 790295.592: [WeakReference, 26 refs, 0.0000293 secs]2019-02-01T00:02:00.634+0000: 790295.592: [FinalReference, 870 refs, 0.0006869 secs]2019-02-01T00:02:00.635+0000: 790295.593: [PhantomReference, 0 refs, 0 refs, 0.0000196 secs]2019-02-01T00:02:00.635+0000: 790295.593: [JNI Weak Reference, 0.0000319 secs]
Desired survivor size 99090432 bytes, new threshold 1 (max 15)
[PSYoungGen: 1740117K->29920K(1819136K)] 3061714K->1353385K(5091328K), 0.0163574 secs] [Times: user=0.19 sys=0.02, real=0.01 secs] 
2019-02-01T00:02:00.640+0000: 790295.598: Total time for which application threads were stopped: 0.0244445 seconds, Stopping threads took: 0.0001711 seconds
2019-02-01T00:02:12.621+0000: 790307.579: Application time: 11.9810666 seconds
2019-02-01T00:02:12.629+0000: 790307.587: [GC (Allocation Failure) 2019-02-01T00:02:12.639+0000: 790307.597: [SoftReference, 0 refs, 0.0000725 secs]2019-02-01T00:02:12.639+0000: 790307.597: [WeakReference, 17 refs, 0.0000465 secs]2019-02-01T00:02:12.639+0000: 790307.597: [FinalReference, 921 refs, 0.0005519 secs]2019-02-01T00:02:12.640+0000: 790307.598: [PhantomReference, 0 refs, 0 refs, 0.0000191 secs]2019-02-01T00:02:12.640+0000: 790307.598: [JNI Weak Reference, 0.0000306 secs]
Desired survivor size 98041856 bytes, new threshold 1 (max 15)
[PSYoungGen: 1748704K->17659K(1820160K)] 3079327K->1350809K(5092352K), 0.0141882 secs] [Times: user=0.19 sys=0.01, real=0.01 secs] 
2019-02-01T00:02:12.643+0000: 790307.601: Total time for which application threads were stopped: 0.0223135 seconds, Stopping threads took: 0.0002180 seconds
2019-02-01T00:02:22.462+0000: 790317.420: Application time: 9.8186189 seconds
2019-02-01T00:02:22.470+0000: 790317.428: Total time for which application threads were stopped: 0.0080948 seconds, Stopping threads took: 0.0002654 seconds
2019-02-01T00:02:22.470+0000: 790317.428: Application time: 0.0001877 seconds
2019-02-01T00:02:22.477+0000: 790317.434: [GC (GCLocker Initiated GC) 2019-02-01T00:02:22.488+0000: 790317.446: [SoftReference, 0 refs, 0.0000561 secs]2019-02-01T00:02:22.488+0000: 790317.446: [WeakReference, 23 refs, 0.0000208 secs]2019-02-01T00:02:22.488+0000: 790317.446: [FinalReference, 840 refs, 0.0004555 secs]2019-02-01T00:02:22.489+0000: 790317.447: [PhantomReference, 0 refs, 1 refs, 0.0000104 secs]2019-02-01T00:02:22.489+0000: 790317.447: [JNI Weak Reference, 0.0000191 secs]
Desired survivor size 92798976 bytes, new threshold 1 (max 15)
[PSYoungGen: 1741051K->36100K(1819136K)] 3074205K->1371044K(5091328K), 0.0153693 secs] [Times: user=0.22 sys=0.01, real=0.01 secs] 
2019-02-01T00:02:22.492+0000: 790317.450: Total time for which application threads were stopped: 0.0219273 seconds, Stopping threads took: 0.0001634 seconds
2019-02-01T00:02:34.249+0000: 790329.207: Application time: 11.7573524 seconds
2019-02-01T00:02:34.257+0000: 790329.215: Total time for which application threads were stopped: 0.0079469 seconds, Stopping threads took: 0.0001857 seconds
2019-02-01T00:02:34.258+0000: 790329.216: Application time: 0.0005224 seconds
2019-02-01T00:02:34.266+0000: 790329.224: [GC (GCLocker Initiated GC) 2019-02-01T00:02:34.275+0000: 790329.233: [SoftReference, 0 refs, 0.0000698 secs]2019-02-01T00:02:34.275+0000: 790329.233: [WeakReference, 24 refs, 0.0000273 secs]2019-02-01T00:02:34.275+0000: 790329.233: [FinalReference, 863 refs, 0.0006528 secs]2019-02-01T00:02:34.276+0000: 790329.234: [PhantomReference, 0 refs, 0 refs, 0.0000190 secs]2019-02-01T00:02:34.276+0000: 790329.234: [JNI Weak Reference, 0.0000328 secs]
Desired survivor size 89128960 bytes, new threshold 1 (max 15)
[PSYoungGen: 1759492K->29854K(1822720K)] 3104804K->1377801K(5094912K), 0.0147184 secs] [Times: user=0.18 sys=0.00, real=0.02 secs] 
2019-02-01T00:02:34.281+0000: 790329.239: Total time for which application threads were stopped: 0.0229397 seconds, Stopping threads took: 0.0002422 seconds
2019-02-01T00:02:40.369+0000: 790335.327: Application time: 6.0882227 seconds
2019-02-01T00:02:40.377+0000: 790335.335: Total time for which application threads were stopped: 0.0082538 seconds, Stopping threads took: 0.0002295 seconds
2019-02-01T00:02:42.324+0000: 790337.282: Application time: 1.9471368 seconds
2019-02-01T00:02:42.333+0000: 790337.290: Total time for which application threads were stopped: 0.0080975 seconds, Stopping threads took: 0.0001952 seconds
2019-02-01T00:02:42.333+0000: 790337.291: Application time: 0.0004098 seconds
2019-02-01T00:02:42.341+0000: 790337.299: [GC (GCLocker Initiated GC) 2019-02-01T00:02:42.352+0000: 790337.310: [SoftReference, 0 refs, 0.0000806 secs]2019-02-01T00:02:42.352+0000: 790337.310: [WeakReference, 2 refs, 0.0000193 secs]2019-02-01T00:02:42.352+0000: 790337.310: [FinalReference, 861 refs, 0.0008113 secs]2019-02-01T00:02:42.353+0000: 790337.311: [PhantomReference, 0 refs, 0 refs, 0.0000243 secs]2019-02-01T00:02:42.353+0000: 790337.311: [JNI Weak Reference, 0.0000325 secs]
Desired survivor size 88080384 bytes, new threshold 1 (max 15)
[PSYoungGen: 1762974K->13324K(1713664K)] 3110955K->1363378K(4985856K), 0.0175263 secs] [Times: user=0.19 sys=0.00, real=0.02 secs] 
2019-02-01T00:02:42.359+0000: 790337.317: Total time for which application threads were stopped: 0.0258790 seconds, Stopping threads took: 0.0001440 seconds
2019-02-01T00:02:51.227+0000: 790346.185: Application time: 8.8678374 seconds
2019-02-01T00:02:51.235+0000: 790346.193: Total time for which application threads were stopped: 0.0083690 seconds, Stopping threads took: 0.0002536 seconds
2019-02-01T00:02:51.236+0000: 790346.194: Application time: 0.0005728 seconds
2019-02-01T00:02:51.244+0000: 790346.202: [GC (GCLocker Initiated GC) 2019-02-01T00:02:51.258+0000: 790346.216: [SoftReference, 0 refs, 0.0000788 secs]2019-02-01T00:02:51.258+0000: 790346.216: [WeakReference, 12 refs, 0.0000249 secs]2019-02-01T00:02:51.258+0000: 790346.216: [FinalReference, 872 refs, 0.0006274 secs]2019-02-01T00:02:51.258+0000: 790346.216: [PhantomReference, 0 refs, 0 refs, 0.0000195 secs]2019-02-01T00:02:51.258+0000: 790346.216: [JNI Weak Reference, 0.0000633 secs]
Desired survivor size 86507520 bytes, new threshold 1 (max 15)
[PSYoungGen: 1713164K->43741K(1718272K)] 3063254K->1397740K(4990464K), 0.0242743 secs] [Times: user=0.24 sys=0.01, real=0.02 secs] 
2019-02-01T00:02:51.268+0000: 790346.226: Total time for which application threads were stopped: 0.0326133 seconds, Stopping threads took: 0.0002156 seconds
2019-02-01T00:02:59.135+0000: 790354.093: Application time: 7.8667013 seconds
2019-02-01T00:02:59.144+0000: 790354.101: Total time for which application threads were stopped: 0.0084993 seconds, Stopping threads took: 0.0002557 seconds
2019-02-01T00:02:59.144+0000: 790354.102: Application time: 0.0007355 seconds
2019-02-01T00:02:59.153+0000: 790354.110: [GC (GCLocker Initiated GC) 2019-02-01T00:02:59.166+0000: 790354.124: [SoftReference, 0 refs, 0.0000803 secs]2019-02-01T00:02:59.166+0000: 790354.124: [WeakReference, 54 refs, 0.0000402 secs]2019-02-01T00:02:59.166+0000: 790354.124: [FinalReference, 852 refs, 0.0006912 secs]2019-02-01T00:02:59.167+0000: 790354.124: [PhantomReference, 0 refs, 0 refs, 0.0000232 secs]2019-02-01T00:02:59.167+0000: 790354.124: [JNI Weak Reference, 0.0000326 secs]
Desired survivor size 87556096 bytes, new threshold 1 (max 15)
[PSYoungGen: 1711325K->52615K(1689088K)] 3072029K->1416752K(4961280K), 0.0262039 secs] [Times: user=0.20 sys=0.02, real=0.02 secs] 
2019-02-01T00:02:59.179+0000: 790354.137: Total time for which application threads were stopped: 0.0347858 seconds, Stopping threads took: 0.0001764 seconds
2019-02-01T00:03:05.375+0000: 790360.333: Application time: 6.1961358 seconds
2019-02-01T00:03:05.384+0000: 790360.341: Total time for which application threads were stopped: 0.0084138 seconds, Stopping threads took: 0.0002664 seconds
2019-02-01T00:03:05.384+0000: 790360.342: Application time: 0.0006381 seconds
2019-02-01T00:03:05.392+0000: 790360.350: [GC (GCLocker Initiated GC) 2019-02-01T00:03:05.404+0000: 790360.361: [SoftReference, 0 refs, 0.0000559 secs]2019-02-01T00:03:05.404+0000: 790360.361: [WeakReference, 44 refs, 0.0000254 secs]2019-02-01T00:03:05.404+0000: 790360.361: [FinalReference, 747 refs, 0.0003401 secs]2019-02-01T00:03:05.404+0000: 790360.362: [PhantomReference, 0 refs, 0 refs, 0.0000100 secs]2019-02-01T00:03:05.404+0000: 790360.362: [JNI Weak Reference, 0.0000197 secs]
Desired survivor size 86507520 bytes, new threshold 1 (max 15)
[PSYoungGen: 1688967K->48127K(1658368K)] 3053126K->1414940K(4930560K), 0.0200276 secs] [Times: user=0.19 sys=0.01, real=0.02 secs] 
2019-02-01T00:03:05.413+0000: 790360.370: Total time for which application threads were stopped: 0.0283700 seconds, Stopping threads took: 0.0001173 seconds
2019-02-01T00:03:12.411+0000: 790367.369: Application time: 6.9982189 seconds
2019-02-01T00:03:12.417+0000: 790367.375: Total time for which application threads were stopped: 0.0065008 seconds, Stopping threads took: 0.0002406 seconds
2019-02-01T00:03:12.418+0000: 790367.376: Application time: 0.0006114 seconds
2019-02-01T00:03:12.424+0000: 790367.382: [GC (GCLocker Initiated GC) 2019-02-01T00:03:12.436+0000: 790367.394: [SoftReference, 0 refs, 0.0000752 secs]2019-02-01T00:03:12.436+0000: 790367.394: [WeakReference, 108 refs, 0.0000517 secs]2019-02-01T00:03:12.436+0000: 790367.394: [FinalReference, 839 refs, 0.0004071 secs]2019-02-01T00:03:12.437+0000: 790367.395: [PhantomReference, 0 refs, 1 refs, 0.0000106 secs]2019-02-01T00:03:12.437+0000: 790367.395: [JNI Weak Reference, 0.0000223 secs]
Desired survivor size 84410368 bytes, new threshold 2 (max 15)
[PSYoungGen: 1653759K->45448K(1621504K)] 3024019K->1419086K(4893696K), 0.0211961 secs] [Times: user=0.23 sys=0.01, real=0.02 secs] 
2019-02-01T00:03:12.446+0000: 790367.404: Total time for which application threads were stopped: 0.0278475 seconds, Stopping threads took: 0.0001690 seconds
2019-02-01T00:03:18.276+0000: 790373.234: Application time: 5.8301035 seconds
2019-02-01T00:03:18.286+0000: 790373.244: Total time for which application threads were stopped: 0.0100172 seconds, Stopping threads took: 0.0013713 seconds
2019-02-01T00:03:18.287+0000: 790373.245: Application time: 0.0011107 seconds
2019-02-01T00:03:18.294+0000: 790373.252: [GC (GCLocker Initiated GC) 2019-02-01T00:03:18.305+0000: 790373.263: [SoftReference, 0 refs, 0.0000593 secs]2019-02-01T00:03:18.305+0000: 790373.263: [WeakReference, 54 refs, 0.0000449 secs]2019-02-01T00:03:18.305+0000: 790373.263: [FinalReference, 859 refs, 0.0005317 secs]2019-02-01T00:03:18.306+0000: 790373.264: [PhantomReference, 0 refs, 1 refs, 0.0000155 secs]2019-02-01T00:03:18.306+0000: 790373.264: [JNI Weak Reference, 0.0000266 secs]
Desired survivor size 89653248 bytes, new threshold 3 (max 15)
[PSYoungGen: 1621384K->65482K(1612800K)] 2998362K->1442460K(4884992K), 0.0176927 secs] [Times: user=0.20 sys=0.01, real=0.02 secs] 
2019-02-01T00:03:18.312+0000: 790373.270: Total time for which application threads were stopped: 0.0248663 seconds, Stopping threads took: 0.0002764 seconds
2019-02-01T00:03:22.215+0000: 790377.173: Application time: 3.9032794 seconds
2019-02-01T00:03:22.228+0000: 790377.186: Total time for which application threads were stopped: 0.0131887 seconds, Stopping threads took: 0.0050470 seconds
2019-02-01T00:03:23.864+0000: 790378.821: Application time: 1.6352228 seconds
2019-02-01T00:03:23.870+0000: 790378.828: Total time for which application threads were stopped: 0.0061578 seconds, Stopping threads took: 0.0008132 seconds
2019-02-01T00:03:23.870+0000: 790378.828: Application time: 0.0006797 seconds
2019-02-01T00:03:23.878+0000: 790378.836: [GC (GCLocker Initiated GC) 2019-02-01T00:03:23.891+0000: 790378.849: [SoftReference, 0 refs, 0.0000963 secs]2019-02-01T00:03:23.891+0000: 790378.849: [WeakReference, 9 refs, 0.0000232 secs]2019-02-01T00:03:23.891+0000: 790378.849: [FinalReference, 900 refs, 0.0008248 secs]2019-02-01T00:03:23.892+0000: 790378.850: [PhantomReference, 0 refs, 0 refs, 0.0000240 secs]2019-02-01T00:03:23.892+0000: 790378.850: [JNI Weak Reference, 0.0000328 secs]
Desired survivor size 85983232 bytes, new threshold 4 (max 15)
[PSYoungGen: 1612746K->44078K(1564160K)] 2996389K->1427722K(4836352K), 0.0268973 secs] [Times: user=0.20 sys=0.01, real=0.03 secs] 
2019-02-01T00:03:23.905+0000: 790378.863: Total time for which application threads were stopped: 0.0347529 seconds, Stopping threads took: 0.0002945 seconds
2019-02-01T00:03:29.205+0000: 790384.162: Application time: 5.2994093 seconds
2019-02-01T00:03:29.210+0000: 790384.168: Total time for which application threads were stopped: 0.0054049 seconds, Stopping threads took: 0.0001306 seconds
2019-02-01T00:03:29.211+0000: 790384.168: Application time: 0.0004367 seconds
2019-02-01T00:03:29.217+0000: 790384.175: [GC (GCLocker Initiated GC) 2019-02-01T00:03:29.231+0000: 790384.189: [SoftReference, 0 refs, 0.0000559 secs]2019-02-01T00:03:29.231+0000: 790384.189: [WeakReference, 56 refs, 0.0000358 secs]2019-02-01T00:03:29.231+0000: 790384.189: [FinalReference, 867 refs, 0.0008109 secs]2019-02-01T00:03:29.232+0000: 790384.190: [PhantomReference, 0 refs, 0 refs, 0.0000238 secs]2019-02-01T00:03:29.232+0000: 790384.190: [JNI Weak Reference, 0.0000341 secs]
Desired survivor size 85983232 bytes, new threshold 5 (max 15)
[PSYoungGen: 1563694K->54396K(1549312K)] 2953992K->1444693K(4821504K), 0.0259344 secs] [Times: user=0.25 sys=0.00, real=0.02 secs] 
2019-02-01T00:03:29.243+0000: 790384.201: Total time for which application threads were stopped: 0.0323562 seconds, Stopping threads took: 0.0002303 seconds
2019-02-01T00:03:35.543+0000: 790390.501: Application time: 6.2999121 seconds
2019-02-01T00:03:35.550+0000: 790390.508: Total time for which application threads were stopped: 0.0074173 seconds, Stopping threads took: 0.0002536 seconds
2019-02-01T00:03:35.551+0000: 790390.509: Application time: 0.0006359 seconds
2019-02-01T00:03:35.558+0000: 790390.516: [GC (GCLocker Initiated GC) 2019-02-01T00:03:35.573+0000: 790390.531: [SoftReference, 0 refs, 0.0000744 secs]2019-02-01T00:03:35.573+0000: 790390.531: [WeakReference, 80 refs, 0.0000501 secs]2019-02-01T00:03:35.573+0000: 790390.531: [FinalReference, 957 refs, 0.0007867 secs]2019-02-01T00:03:35.574+0000: 790390.532: [PhantomReference, 0 refs, 0 refs, 0.0000194 secs]2019-02-01T00:03:35.574+0000: 790390.532: [JNI Weak Reference, 0.0000318 secs]
Desired survivor size 88604672 bytes, new threshold 6 (max 15)
[PSYoungGen: 1546876K->61273K(1527808K)] 2941277K->1455673K(4800000K), 0.0249795 secs] [Times: user=0.25 sys=0.01, real=0.02 secs] 
2019-02-01T00:03:35.584+0000: 790390.541: Total time for which application threads were stopped: 0.0327454 seconds, Stopping threads took: 0.0002433 seconds
2019-02-01T00:03:40.368+0000: 790395.326: Application time: 4.7846013 seconds
2019-02-01T00:03:40.376+0000: 790395.334: Total time for which application threads were stopped: 0.0076388 seconds, Stopping threads took: 0.0003052 seconds
2019-02-01T00:03:41.191+0000: 790396.149: Application time: 0.8151718 seconds
2019-02-01T00:03:41.196+0000: 790396.154: Total time for which application threads were stopped: 0.0052789 seconds, Stopping threads took: 0.0001616 seconds
2019-02-01T00:03:41.197+0000: 790396.155: Application time: 0.0005530 seconds
2019-02-01T00:03:41.202+0000: 790396.160: [GC (GCLocker Initiated GC) 2019-02-01T00:03:41.216+0000: 790396.174: [SoftReference, 0 refs, 0.0000594 secs]2019-02-01T00:03:41.216+0000: 790396.174: [WeakReference, 9 refs, 0.0000125 secs]2019-02-01T00:03:41.216+0000: 790396.174: [FinalReference, 812 refs, 0.0004286 secs]2019-02-01T00:03:41.216+0000: 790396.174: [PhantomReference, 0 refs, 0 refs, 0.0000099 secs]2019-02-01T00:03:41.216+0000: 790396.174: [JNI Weak Reference, 0.0000198 secs]
Desired survivor size 87031808 bytes, new threshold 7 (max 15)
[PSYoungGen: 1527641K->52371K(1497600K)] 2922066K->1446796K(4769792K), 0.0232194 secs] [Times: user=0.26 sys=0.00, real=0.02 secs] 
2019-02-01T00:03:41.226+0000: 790396.183: Total time for which application threads were stopped: 0.0287476 seconds, Stopping threads took: 0.0001673 seconds
2019-02-01T00:03:46.727+0000: 790401.684: Application time: 5.5009262 seconds
2019-02-01T00:03:46.734+0000: 790401.692: Total time for which application threads were stopped: 0.0075704 seconds, Stopping threads took: 0.0002426 seconds
2019-02-01T00:03:48.849+0000: 790403.807: Application time: 2.1151310 seconds
2019-02-01T00:03:48.855+0000: 790403.813: Total time for which application threads were stopped: 0.0054892 seconds, Stopping threads took: 0.0001879 seconds
2019-02-01T00:03:48.855+0000: 790403.813: Application time: 0.0004832 seconds
2019-02-01T00:03:48.861+0000: 790403.819: [GC (GCLocker Initiated GC) 2019-02-01T00:03:48.874+0000: 790403.832: [SoftReference, 0 refs, 0.0000682 secs]2019-02-01T00:03:48.874+0000: 790403.832: [WeakReference, 26 refs, 0.0000329 secs]2019-02-01T00:03:48.874+0000: 790403.832: [FinalReference, 1109 refs, 0.0009645 secs]2019-02-01T00:03:48.875+0000: 790403.833: [PhantomReference, 0 refs, 0 refs, 0.0000196 secs]2019-02-01T00:03:48.875+0000: 790403.833: [JNI Weak Reference, 0.0000323 secs]
Desired survivor size 83361792 bytes, new threshold 8 (max 15)
[PSYoungGen: 1493139K->46775K(1463296K)] 2887583K->1441219K(4735488K), 0.0268765 secs] [Times: user=0.20 sys=0.01, real=0.02 secs] 
2019-02-01T00:03:48.888+0000: 790403.846: Total time for which application threads were stopped: 0.0326598 seconds, Stopping threads took: 0.0002763 seconds
2019-02-01T00:03:56.049+0000: 790411.007: Application time: 7.1610396 seconds
2019-02-01T00:03:56.057+0000: 790411.014: [GC (Allocation Failure) 2019-02-01T00:03:56.070+0000: 790411.028: [SoftReference, 0 refs, 0.0000771 secs]2019-02-01T00:03:56.070+0000: 790411.028: [WeakReference, 15 refs, 0.0000259 secs]2019-02-01T00:03:56.070+0000: 790411.028: [FinalReference, 941 refs, 0.0008696 secs]2019-02-01T00:03:56.071+0000: 790411.029: [PhantomReference, 0 refs, 0 refs, 0.0000202 secs]2019-02-01T00:03:56.071+0000: 790411.029: [JNI Weak Reference, 0.0000298 secs]
Desired survivor size 81264640 bytes, new threshold 9 (max 15)
[PSYoungGen: 1462967K->37401K(1445376K)] 2857415K->1431848K(4717568K), 0.0251450 secs] [Times: user=0.23 sys=0.00, real=0.03 secs] 
2019-02-01T00:03:56.082+0000: 790411.040: Total time for which application threads were stopped: 0.0328727 seconds, Stopping threads took: 0.0001984 seconds
2019-02-01T00:04:03.209+0000: 790418.167: Application time: 7.1270466 seconds
2019-02-01T00:04:03.216+0000: 790418.174: [GC (Allocation Failure) 2019-02-01T00:04:03.231+0000: 790418.189: [SoftReference, 0 refs, 0.0000866 secs]2019-02-01T00:04:03.231+0000: 790418.189: [WeakReference, 3 refs, 0.0000193 secs]2019-02-01T00:04:03.231+0000: 790418.189: [FinalReference, 976 refs, 0.0008120 secs]2019-02-01T00:04:03.232+0000: 790418.190: [PhantomReference, 0 refs, 1 refs, 0.0000205 secs]2019-02-01T00:04:03.232+0000: 790418.190: [JNI Weak Reference, 0.0000301 secs]
Desired survivor size 80740352 bytes, new threshold 10 (max 15)
[PSYoungGen: 1429529K->28081K(1396736K)] 2823976K->1422529K(4668928K), 0.0258886 secs] [Times: user=0.21 sys=0.01, real=0.03 secs] 
2019-02-01T00:04:03.242+0000: 790418.200: Total time for which application threads were stopped: 0.0335002 seconds, Stopping threads took: 0.0002639 seconds
2019-02-01T00:04:09.534+0000: 790424.492: Application time: 6.2921165 seconds
2019-02-01T00:04:09.542+0000: 790424.500: Total time for which application threads were stopped: 0.0077756 seconds, Stopping threads took: 0.0002633 seconds
2019-02-01T00:04:09.543+0000: 790424.501: Application time: 0.0009391 seconds
2019-02-01T00:04:09.551+0000: 790424.509: [GC (GCLocker Initiated GC) 2019-02-01T00:04:09.569+0000: 790424.527: [SoftReference, 0 refs, 0.0000570 secs]2019-02-01T00:04:09.569+0000: 790424.527: [WeakReference, 4 refs, 0.0000854 secs]2019-02-01T00:04:09.569+0000: 790424.527: [FinalReference, 928 refs, 0.0005266 secs]2019-02-01T00:04:09.570+0000: 790424.527: [PhantomReference, 0 refs, 0 refs, 0.0000111 secs]2019-02-01T00:04:09.570+0000: 790424.527: [JNI Weak Reference, 0.0000185 secs]
Desired survivor size 82837504 bytes, new threshold 11 (max 15)
[PSYoungGen: 1396657K->57527K(1406464K)] 2791134K->1452004K(4678656K), 0.0257086 secs] [Times: user=0.32 sys=0.00, real=0.03 secs] 
2019-02-01T00:04:09.577+0000: 790424.535: Total time for which application threads were stopped: 0.0334593 seconds, Stopping threads took: 0.0002307 seconds
2019-02-01T00:04:16.169+0000: 790431.126: Application time: 6.5919025 seconds
2019-02-01T00:04:16.176+0000: 790431.134: [GC (Allocation Failure) 2019-02-01T00:04:16.192+0000: 790431.150: [SoftReference, 0 refs, 0.0000749 secs]2019-02-01T00:04:16.192+0000: 790431.150: [WeakReference, 18 refs, 0.0000386 secs]2019-02-01T00:04:16.192+0000: 790431.150: [FinalReference, 966 refs, 0.0008100 secs]2019-02-01T00:04:16.193+0000: 790431.151: [PhantomReference, 0 refs, 0 refs, 0.0000188 secs]2019-02-01T00:04:16.193+0000: 790431.151: [JNI Weak Reference, 0.0000305 secs]
Desired survivor size 80740352 bytes, new threshold 12 (max 15)
[PSYoungGen: 1403575K->34219K(1358336K)] 2798053K->1428698K(4630528K), 0.0287698 secs] [Times: user=0.31 sys=0.01, real=0.03 secs] 
2019-02-01T00:04:16.205+0000: 790431.163: Total time for which application threads were stopped: 0.0365289 seconds, Stopping threads took: 0.0002812 seconds
2019-02-01T00:04:22.202+0000: 790437.160: Application time: 5.9973249 seconds
2019-02-01T00:04:22.209+0000: 790437.167: Total time for which application threads were stopped: 0.0062170 seconds, Stopping threads took: 0.0009205 seconds
2019-02-01T00:04:22.209+0000: 790437.167: Application time: 0.0006399 seconds
2019-02-01T00:04:22.216+0000: 790437.174: [GC (GCLocker Initiated GC) 2019-02-01T00:04:22.236+0000: 790437.194: [SoftReference, 0 refs, 0.0000555 secs]2019-02-01T00:04:22.236+0000: 790437.194: [WeakReference, 16 refs, 0.0000188 secs]2019-02-01T00:04:22.236+0000: 790437.194: [FinalReference, 888 refs, 0.0005367 secs]2019-02-01T00:04:22.237+0000: 790437.195: [PhantomReference, 0 refs, 2 refs, 0.0000130 secs]2019-02-01T00:04:22.237+0000: 790437.195: [JNI Weak Reference, 0.0000193 secs]
Desired survivor size 84934656 bytes, new threshold 13 (max 15)
[PSYoungGen: 1358251K->64738K(1368064K)] 2752730K->1459217K(4640256K), 0.0263357 secs] [Times: user=0.36 sys=0.00, real=0.02 secs] 
2019-02-01T00:04:22.243+0000: 790437.200: Total time for which application threads were stopped: 0.0333307 seconds, Stopping threads took: 0.0002279 seconds
2019-02-01T00:04:28.136+0000: 790443.094: Application time: 5.8935909 seconds
2019-02-01T00:04:28.142+0000: 790443.100: Total time for which application threads were stopped: 0.0057538 seconds, Stopping threads took: 0.0002050 seconds
2019-02-01T00:04:28.142+0000: 790443.100: Application time: 0.0004007 seconds
2019-02-01T00:04:28.149+0000: 790443.106: [GC (GCLocker Initiated GC) 2019-02-01T00:04:28.162+0000: 790443.119: [SoftReference, 0 refs, 0.0000447 secs]2019-02-01T00:04:28.162+0000: 790443.119: [WeakReference, 26 refs, 0.0000190 secs]2019-02-01T00:04:28.162+0000: 790443.119: [FinalReference, 923 refs, 0.0005485 secs]2019-02-01T00:04:28.162+0000: 790443.120: [PhantomReference, 0 refs, 0 refs, 0.0000099 secs]2019-02-01T00:04:28.162+0000: 790443.120: [JNI Weak Reference, 0.0000193 secs]
Desired survivor size 84410368 bytes, new threshold 14 (max 15)
[PSYoungGen: 1367266K->54307K(1336320K)] 2761758K->1448799K(4608512K), 0.0206527 secs] [Times: user=0.26 sys=0.00, real=0.02 secs] 
2019-02-01T00:04:28.169+0000: 790443.127: Total time for which application threads were stopped: 0.0269641 seconds, Stopping threads took: 0.0001541 seconds
2019-02-01T00:04:34.037+0000: 790448.995: Application time: 5.8675051 seconds
2019-02-01T00:04:34.043+0000: 790449.001: Total time for which application threads were stopped: 0.0061167 seconds, Stopping threads took: 0.0001981 seconds
2019-02-01T00:04:34.044+0000: 790449.001: Application time: 0.0006309 seconds
2019-02-01T00:04:34.050+0000: 790449.008: [GC (GCLocker Initiated GC) 2019-02-01T00:04:34.065+0000: 790449.023: [SoftReference, 0 refs, 0.0000544 secs]2019-02-01T00:04:34.065+0000: 790449.023: [WeakReference, 10 refs, 0.0000138 secs]2019-02-01T00:04:34.065+0000: 790449.023: [FinalReference, 940 refs, 0.0005388 secs]2019-02-01T00:04:34.065+0000: 790449.023: [PhantomReference, 0 refs, 0 refs, 0.0000105 secs]2019-02-01T00:04:34.066+0000: 790449.023: [JNI Weak Reference, 0.0000191 secs]
Desired survivor size 83361792 bytes, new threshold 15 (max 15)
[PSYoungGen: 1335843K->31750K(1320960K)] 2730351K->1426257K(4593152K), 0.0225628 secs] [Times: user=0.24 sys=0.01, real=0.02 secs] 
2019-02-01T00:04:34.073+0000: 790449.031: Total time for which application threads were stopped: 0.0293239 seconds, Stopping threads took: 0.0001402 seconds
2019-02-01T00:04:38.610+0000: 790453.568: Application time: 4.5370734 seconds
2019-02-01T00:04:38.615+0000: 790453.573: Total time for which application threads were stopped: 0.0053870 seconds, Stopping threads took: 0.0001690 seconds
2019-02-01T00:04:38.616+0000: 790453.573: Application time: 0.0000971 seconds
2019-02-01T00:04:38.621+0000: 790453.579: Total time for which application threads were stopped: 0.0052822 seconds, Stopping threads took: 0.0001218 seconds
2019-02-01T00:04:38.622+0000: 790453.580: Application time: 0.0009654 seconds
2019-02-01T00:04:38.627+0000: 790453.585: [GC (GCLocker Initiated GC) 2019-02-01T00:04:38.650+0000: 790453.607: [SoftReference, 0 refs, 0.0000959 secs]2019-02-01T00:04:38.650+0000: 790453.607: [WeakReference, 40 refs, 0.0000356 secs]2019-02-01T00:04:38.650+0000: 790453.607: [FinalReference, 934 refs, 0.0007452 secs]2019-02-01T00:04:38.650+0000: 790453.608: [PhantomReference, 0 refs, 0 refs, 0.0000204 secs]2019-02-01T00:04:38.650+0000: 790453.608: [JNI Weak Reference, 0.0000324 secs]
Desired survivor size 91750400 bytes, new threshold 15 (max 15)
[PSYoungGen: 1292806K->77346K(1318912K)] 2687316K->1471857K(4591104K), 0.0289756 secs] [Times: user=0.39 sys=0.02, real=0.03 secs] 
2019-02-01T00:04:38.656+0000: 790453.614: Total time for which application threads were stopped: 0.0346051 seconds, Stopping threads took: 0.0001619 seconds
2019-02-01T00:04:40.367+0000: 790455.325: Application time: 1.7109717 seconds
2019-02-01T00:04:40.374+0000: 790455.332: Total time for which application threads were stopped: 0.0065754 seconds, Stopping threads took: 0.0002446 seconds
2019-02-01T00:04:43.344+0000: 790458.302: Application time: 2.9702547 seconds
2019-02-01T00:04:43.354+0000: 790458.312: [GC (Allocation Failure) 2019-02-01T00:04:43.376+0000: 790458.334: [SoftReference, 0 refs, 0.0000544 secs]2019-02-01T00:04:43.376+0000: 790458.334: [WeakReference, 28 refs, 0.0000315 secs]2019-02-01T00:04:43.376+0000: 790458.334: [FinalReference, 830 refs, 0.0004142 secs]2019-02-01T00:04:43.376+0000: 790458.334: [PhantomReference, 0 refs, 0 refs, 0.0000094 secs]2019-02-01T00:04:43.376+0000: 790458.334: [JNI Weak Reference, 0.0000177 secs]
Desired survivor size 89653248 bytes, new threshold 15 (max 15)
[PSYoungGen: 1318434K->38120K(1279488K)] 2716268K->1436575K(4551680K), 0.0294217 secs] [Times: user=0.33 sys=0.02, real=0.03 secs] 
2019-02-01T00:04:43.383+0000: 790458.341: Total time for which application threads were stopped: 0.0392019 seconds, Stopping threads took: 0.0031353 seconds
2019-02-01T00:04:48.731+0000: 790463.689: Application time: 5.3474485 seconds
2019-02-01T00:04:48.736+0000: 790463.694: Total time for which application threads were stopped: 0.0056098 seconds, Stopping threads took: 0.0003361 seconds
2019-02-01T00:04:48.737+0000: 790463.695: Application time: 0.0003211 seconds
2019-02-01T00:04:48.742+0000: 790463.700: [GC (GCLocker Initiated GC) 2019-02-01T00:04:48.758+0000: 790463.716: [SoftReference, 0 refs, 0.0000477 secs]2019-02-01T00:04:48.758+0000: 790463.716: [WeakReference, 5 refs, 0.0000113 secs]2019-02-01T00:04:48.758+0000: 790463.716: [FinalReference, 960 refs, 0.0005445 secs]2019-02-01T00:04:48.759+0000: 790463.717: [PhantomReference, 0 refs, 1 refs, 0.0000102 secs]2019-02-01T00:04:48.759+0000: 790463.717: [JNI Weak Reference, 0.0000190 secs]
Desired survivor size 88080384 bytes, new threshold 15 (max 15)
[PSYoungGen: 1259271K->54501K(1257472K)] 2658265K->1454316K(4529664K), 0.0246282 secs] [Times: user=0.28 sys=0.01, real=0.02 secs] 
2019-02-01T00:04:48.767+0000: 790463.725: Total time for which application threads were stopped: 0.0303322 seconds, Stopping threads took: 0.0004526 seconds
2019-02-01T00:04:53.159+0000: 790468.117: Application time: 4.3915609 seconds
2019-02-01T00:04:53.166+0000: 790468.124: Total time for which application threads were stopped: 0.0073238 seconds, Stopping threads took: 0.0001051 seconds
2019-02-01T00:04:53.166+0000: 790468.124: Application time: 0.0004406 seconds
2019-02-01T00:04:53.172+0000: 790468.130: [GC (GCLocker Initiated GC) 2019-02-01T00:04:53.186+0000: 790468.144: [SoftReference, 0 refs, 0.0000526 secs]2019-02-01T00:04:53.186+0000: 790468.144: [WeakReference, 43 refs, 0.0000252 secs]2019-02-01T00:04:53.186+0000: 790468.144: [FinalReference, 939 refs, 0.0005429 secs]2019-02-01T00:04:53.187+0000: 790468.144: [PhantomReference, 0 refs, 0 refs, 0.0000099 secs]2019-02-01T00:04:53.187+0000: 790468.144: [JNI Weak Reference, 0.0000180 secs]
Desired survivor size 84934656 bytes, new threshold 15 (max 15)
[PSYoungGen: 1257189K->49849K(1245696K)] 2657019K->1450519K(4517888K), 0.0224151 secs] [Times: user=0.25 sys=0.01, real=0.02 secs] 
2019-02-01T00:04:53.194+0000: 790468.152: Total time for which application threads were stopped: 0.0277561 seconds, Stopping threads took: 0.0001887 seconds
2019-02-01T00:04:57.781+0000: 790472.739: Application time: 4.5869570 seconds
2019-02-01T00:04:57.788+0000: 790472.746: Total time for which application threads were stopped: 0.0071466 seconds, Stopping threads took: 0.0001853 seconds
2019-02-01T00:04:57.789+0000: 790472.747: Application time: 0.0007435 seconds
2019-02-01T00:04:57.796+0000: 790472.754: [GC (GCLocker Initiated GC) 2019-02-01T00:04:57.812+0000: 790472.770: [SoftReference, 0 refs, 0.0000724 secs]2019-02-01T00:04:57.812+0000: 790472.770: [WeakReference, 7 refs, 0.0000226 secs]2019-02-01T00:04:57.813+0000: 790472.770: [FinalReference, 842 refs, 0.0006699 secs]2019-02-01T00:04:57.813+0000: 790472.771: [PhantomReference, 0 refs, 0 refs, 0.0000192 secs]2019-02-01T00:04:57.813+0000: 790472.771: [JNI Weak Reference, 0.0000639 secs]
Desired survivor size 82313216 bytes, new threshold 15 (max 15)
[PSYoungGen: 1234105K->42442K(1208832K)] 2634804K->1443813K(4481024K), 0.0272564 secs] [Times: user=0.30 sys=0.01, real=0.03 secs] 
2019-02-01T00:04:57.823+0000: 790472.781: Total time for which application threads were stopped: 0.0343007 seconds, Stopping threads took: 0.0002288 seconds
2019-02-01T00:05:01.114+0000: 790476.071: Application time: 3.2901820 seconds
2019-02-01T00:05:01.119+0000: 790476.077: Total time for which application threads were stopped: 0.0053178 seconds, Stopping threads took: 0.0001576 seconds
2019-02-01T00:05:01.120+0000: 790476.078: Application time: 0.0007786 seconds
2019-02-01T00:05:01.125+0000: 790476.083: [GC (GCLocker Initiated GC) 2019-02-01T00:05:01.141+0000: 790476.099: [SoftReference, 0 refs, 0.0000493 secs]2019-02-01T00:05:01.142+0000: 790476.099: [WeakReference, 28 refs, 0.0000215 secs]2019-02-01T00:05:01.142+0000: 790476.099: [FinalReference, 846 refs, 0.0004480 secs]2019-02-01T00:05:01.142+0000: 790476.100: [PhantomReference, 0 refs, 0 refs, 0.0000104 secs]2019-02-01T00:05:01.142+0000: 790476.100: [JNI Weak Reference, 0.0000194 secs]
Desired survivor size 90701824 bytes, new threshold 14 (max 15)
[PSYoungGen: 1208778K->78803K(1228288K)] 2610184K->1480902K(4500480K), 0.0205224 secs] [Times: user=0.33 sys=0.00, real=0.02 secs] 
2019-02-01T00:05:01.146+0000: 790476.104: Total time for which application threads were stopped: 0.0261426 seconds, Stopping threads took: 0.0001833 seconds
2019-02-01T00:05:03.757+0000: 790478.715: Application time: 2.6109260 seconds
2019-02-01T00:05:03.762+0000: 790478.720: Total time for which application threads were stopped: 0.0054468 seconds, Stopping threads took: 0.0002122 seconds
2019-02-01T00:05:03.763+0000: 790478.721: Application time: 0.0005636 seconds
2019-02-01T00:05:03.770+0000: 790478.727: [GC (GCLocker Initiated GC) 2019-02-01T00:05:03.786+0000: 790478.744: [SoftReference, 0 refs, 0.0000717 secs]2019-02-01T00:05:03.786+0000: 790478.744: [WeakReference, 23 refs, 0.0000300 secs]2019-02-01T00:05:03.786+0000: 790478.744: [FinalReference, 863 refs, 0.0007350 secs]2019-02-01T00:05:03.787+0000: 790478.744: [PhantomReference, 0 refs, 0 refs, 0.0000201 secs]2019-02-01T00:05:03.787+0000: 790478.744: [JNI Weak Reference, 0.0000329 secs]
Desired survivor size 93323264 bytes, new threshold 13 (max 15)
[PSYoungGen: 1227731K->67823K(1200128K)] 2633306K->1475100K(4472320K), 0.0250110 secs] [Times: user=0.30 sys=0.00, real=0.03 secs] 
2019-02-01T00:05:03.795+0000: 790478.753: Total time for which application threads were stopped: 0.0320250 seconds, Stopping threads took: 0.0002526 seconds
2019-02-01T00:05:07.118+0000: 790482.076: Application time: 3.3235686 seconds
2019-02-01T00:05:07.123+0000: 790482.081: Total time for which application threads were stopped: 0.0050757 seconds, Stopping threads took: 0.0001026 seconds
2019-02-01T00:05:07.124+0000: 790482.082: Application time: 0.0004806 seconds
2019-02-01T00:05:07.129+0000: 790482.087: [GC (GCLocker Initiated GC) 2019-02-01T00:05:07.145+0000: 790482.103: [SoftReference, 0 refs, 0.0000508 secs]2019-02-01T00:05:07.145+0000: 790482.103: [WeakReference, 44 refs, 0.0000321 secs]2019-02-01T00:05:07.145+0000: 790482.103: [FinalReference, 881 refs, 0.0005067 secs]2019-02-01T00:05:07.145+0000: 790482.103: [PhantomReference, 0 refs, 0 refs, 0.0000102 secs]2019-02-01T00:05:07.145+0000: 790482.103: [JNI Weak Reference, 0.0000181 secs]
Desired survivor size 91750400 bytes, new threshold 12 (max 15)
[PSYoungGen: 1199855K->57956K(1187328K)] 2607151K->1466043K(4459520K), 0.0219871 secs] [Times: user=0.29 sys=0.00, real=0.03 secs] 
2019-02-01T00:05:07.151+0000: 790482.109: Total time for which application threads were stopped: 0.0272138 seconds, Stopping threads took: 0.0001555 seconds
2019-02-01T00:05:11.607+0000: 790486.565: Application time: 4.4559542 seconds
2019-02-01T00:05:11.613+0000: 790486.571: Total time for which application threads were stopped: 0.0062889 seconds, Stopping threads took: 0.0009913 seconds
2019-02-01T00:05:11.614+0000: 790486.572: Application time: 0.0006577 seconds
2019-02-01T00:05:11.620+0000: 790486.578: [GC (GCLocker Initiated GC) 2019-02-01T00:05:11.637+0000: 790486.594: [SoftReference, 0 refs, 0.0000487 secs]2019-02-01T00:05:11.637+0000: 790486.594: [WeakReference, 3 refs, 0.0000104 secs]2019-02-01T00:05:11.637+0000: 790486.594: [FinalReference, 800 refs, 0.0004807 secs]2019-02-01T00:05:11.637+0000: 790486.595: [PhantomReference, 0 refs, 1 refs, 0.0000103 secs]2019-02-01T00:05:11.637+0000: 790486.595: [JNI Weak Reference, 0.0000281 secs]
Desired survivor size 88604672 bytes, new threshold 11 (max 15)
[PSYoungGen: 1173604K->54865K(1155072K)] 2581721K->1464012K(4427264K), 0.0241716 secs] [Times: user=0.31 sys=0.02, real=0.03 secs] 
2019-02-01T00:05:11.644+0000: 790486.602: Total time for which application threads were stopped: 0.0299983 seconds, Stopping threads took: 0.0003082 seconds
2019-02-01T00:05:16.715+0000: 790491.672: Application time: 5.0705839 seconds
2019-02-01T00:05:16.720+0000: 790491.678: Total time for which application threads were stopped: 0.0051266 seconds, Stopping threads took: 0.0001206 seconds
2019-02-01T00:05:16.720+0000: 790491.678: Application time: 0.0002652 seconds
2019-02-01T00:05:16.725+0000: 790491.683: [GC (GCLocker Initiated GC) 2019-02-01T00:05:16.740+0000: 790491.698: [SoftReference, 0 refs, 0.0000451 secs]2019-02-01T00:05:16.740+0000: 790491.698: [WeakReference, 4 refs, 0.0000111 secs]2019-02-01T00:05:16.740+0000: 790491.698: [FinalReference, 796 refs, 0.0004525 secs]2019-02-01T00:05:16.741+0000: 790491.699: [PhantomReference, 0 refs, 0 refs, 0.0000099 secs]2019-02-01T00:05:16.741+0000: 790491.699: [JNI Weak Reference, 0.0000209 secs]
Desired survivor size 85458944 bytes, new threshold 10 (max 15)
[PSYoungGen: 1154641K->50323K(1149440K)] 2563795K->1460222K(4421632K), 0.0224660 secs] [Times: user=0.26 sys=0.00, real=0.02 secs] 
2019-02-01T00:05:16.748+0000: 790491.706: Total time for which application threads were stopped: 0.0277151 seconds, Stopping threads took: 0.0001592 seconds
2019-02-01T00:05:21.589+0000: 790496.547: Application time: 4.8417250 seconds
2019-02-01T00:05:21.597+0000: 790496.555: Total time for which application threads were stopped: 0.0077320 seconds, Stopping threads took: 0.0008094 seconds
2019-02-01T00:05:21.598+0000: 790496.556: Application time: 0.0009081 seconds
2019-02-01T00:05:21.604+0000: 790496.562: [GC (GCLocker Initiated GC) 2019-02-01T00:05:21.626+0000: 790496.584: [SoftReference, 0 refs, 0.0000496 secs]2019-02-01T00:05:21.626+0000: 790496.584: [WeakReference, 7 refs, 0.0000130 secs]2019-02-01T00:05:21.626+0000: 790496.584: [FinalReference, 812 refs, 0.0004355 secs]2019-02-01T00:05:21.627+0000: 790496.584: [PhantomReference, 0 refs, 1 refs, 0.0000101 secs]2019-02-01T00:05:21.627+0000: 790496.585: [JNI Weak Reference, 0.0000183 secs]
Desired survivor size 85458944 bytes, new threshold 9 (max 15)
[PSYoungGen: 1134739K->61215K(1130496K)] 2548820K->1476684K(4402688K), 0.0289363 secs] [Times: user=0.37 sys=0.00, real=0.03 secs] 
2019-02-01T00:05:21.633+0000: 790496.591: Total time for which application threads were stopped: 0.0348853 seconds, Stopping threads took: 0.0002292 seconds
2019-02-01T00:05:24.413+0000: 790499.371: Application time: 2.7801530 seconds
2019-02-01T00:05:24.419+0000: 790499.377: Total time for which application threads were stopped: 0.0059629 seconds, Stopping threads took: 0.0003174 seconds
2019-02-01T00:05:24.420+0000: 790499.378: Application time: 0.0006774 seconds
2019-02-01T00:05:24.427+0000: 790499.385: [GC (GCLocker Initiated GC) 2019-02-01T00:05:24.442+0000: 790499.400: [SoftReference, 0 refs, 0.0000501 secs]2019-02-01T00:05:24.443+0000: 790499.400: [WeakReference, 17 refs, 0.0000163 secs]2019-02-01T00:05:24.443+0000: 790499.400: [FinalReference, 806 refs, 0.0004978 secs]2019-02-01T00:05:24.443+0000: 790499.401: [PhantomReference, 0 refs, 0 refs, 0.0000100 secs]2019-02-01T00:05:24.443+0000: 790499.401: [JNI Weak Reference, 0.0000185 secs]
Desired survivor size 83361792 bytes, new threshold 8 (max 15)
[PSYoungGen: 1130271K->50600K(1118720K)] 2549129K->1470599K(4390912K), 0.0226839 secs] [Times: user=0.30 sys=0.01, real=0.02 secs] 
2019-02-01T00:05:24.450+0000: 790499.408: Total time for which application threads were stopped: 0.0298337 seconds, Stopping threads took: 0.0002642 seconds
2019-02-01T00:05:26.902+0000: 790501.860: Application time: 2.4523977 seconds
2019-02-01T00:05:26.912+0000: 790501.870: Total time for which application threads were stopped: 0.0096107 seconds, Stopping threads took: 0.0021885 seconds
2019-02-01T00:05:26.915+0000: 790501.873: Application time: 0.0030781 seconds
2019-02-01T00:05:26.923+0000: 790501.881: [GC (Allocation Failure) 2019-02-01T00:05:26.940+0000: 790501.898: [SoftReference, 0 refs, 0.0000604 secs]2019-02-01T00:05:26.940+0000: 790501.898: [WeakReference, 64 refs, 0.0000472 secs]2019-02-01T00:05:26.940+0000: 790501.898: [FinalReference, 808 refs, 0.0005315 secs]2019-02-01T00:05:26.941+0000: 790501.899: [PhantomReference, 0 refs, 1 refs, 0.0000199 secs]2019-02-01T00:05:26.941+0000: 790501.899: [JNI Weak Reference, 0.0000311 secs]
Desired survivor size 102236160 bytes, new threshold 7 (max 15)
[PSYoungGen: 1104808K->81392K(1135616K)] 2527955K->1534521K(4407808K), 0.0234742 secs] [Times: user=0.34 sys=0.01, real=0.03 secs] 
2019-02-01T00:05:26.947+0000: 790501.904: Total time for which application threads were stopped: 0.0317157 seconds, Stopping threads took: 0.0004049 seconds
2019-02-01T00:05:26.947+0000: 790501.905: Application time: 0.0004190 seconds
2019-02-01T00:05:26.955+0000: 790501.913: [GC (GCLocker Initiated GC) 2019-02-01T00:05:28.290+0000: 790503.248: [SoftReference, 0 refs, 0.0000471 secs]2019-02-01T00:05:28.290+0000: 790503.248: [WeakReference, 53 refs, 0.0000299 secs]2019-02-01T00:05:28.290+0000: 790503.248: [FinalReference, 158 refs, 0.0000615 secs]2019-02-01T00:05:28.290+0000: 790503.248: [PhantomReference, 0 refs, 1 refs, 0.0000103 secs]2019-02-01T00:05:28.290+0000: 790503.248: [JNI Weak Reference, 0.0000193 secs]
Desired survivor size 116916224 bytes, new threshold 6 (max 15)
[PSYoungGen: 83630K->99815K(1271296K)] 1536758K->1561205K(4543488K), 1.3387186 secs] [Times: user=24.45 sys=4.38, real=1.34 secs] 
2019-02-01T00:05:28.294+0000: 790503.252: Total time for which application threads were stopped: 1.3470480 seconds, Stopping threads took: 0.0004250 seconds
2019-02-01T00:05:32.291+0000: 790507.249: Application time: 3.9972126 seconds
2019-02-01T00:05:32.296+0000: 790507.254: Total time for which application threads were stopped: 0.0052045 seconds, Stopping threads took: 0.0001824 seconds
2019-02-01T00:05:32.297+0000: 790507.255: Application time: 0.0003077 seconds
2019-02-01T00:05:32.303+0000: 790507.261: [GC (GCLocker Initiated GC) 2019-02-01T00:05:32.322+0000: 790507.280: [SoftReference, 0 refs, 0.0000572 secs]2019-02-01T00:05:32.322+0000: 790507.280: [WeakReference, 13 refs, 0.0000150 secs]2019-02-01T00:05:32.322+0000: 790507.280: [FinalReference, 826 refs, 0.0004938 secs]2019-02-01T00:05:32.323+0000: 790507.281: [PhantomReference, 0 refs, 2 refs, 0.0000108 secs]2019-02-01T00:05:32.323+0000: 790507.281: [JNI Weak Reference, 0.0000199 secs]
Desired survivor size 115343360 bytes, new threshold 5 (max 15)
[PSYoungGen: 1270562K->74557K(1285632K)] 2735273K->1540422K(4557824K), 0.0233199 secs] [Times: user=0.34 sys=0.05, real=0.03 secs] 
2019-02-01T00:05:32.326+0000: 790507.284: Total time for which application threads were stopped: 0.0295466 seconds, Stopping threads took: 0.0010404 seconds
2019-02-01T00:05:40.368+0000: 790515.326: Application time: 8.0419373 seconds
2019-02-01T00:05:40.376+0000: 790515.334: Total time for which application threads were stopped: 0.0082376 seconds, Stopping threads took: 0.0002194 seconds
2019-02-01T00:05:40.912+0000: 790515.870: Application time: 0.5358761 seconds
2019-02-01T00:05:40.920+0000: 790515.878: Total time for which application threads were stopped: 0.0076979 seconds, Stopping threads took: 0.0001697 seconds
2019-02-01T00:05:40.920+0000: 790515.878: Application time: 0.0003333 seconds
2019-02-01T00:05:40.928+0000: 790515.886: [GC (GCLocker Initiated GC) 2019-02-01T00:05:43.798+0000: 790518.756: [SoftReference, 0 refs, 0.0000719 secs]2019-02-01T00:05:43.798+0000: 790518.756: [WeakReference, 24 refs, 0.0000220 secs]2019-02-01T00:05:43.798+0000: 790518.756: [FinalReference, 805 refs, 0.0006554 secs]2019-02-01T00:05:43.799+0000: 790518.757: [PhantomReference, 0 refs, 2 refs, 0.0000165 secs]2019-02-01T00:05:43.799+0000: 790518.757: [JNI Weak Reference, 0.0000499 secs]
Desired survivor size 111673344 bytes, new threshold 4 (max 15)
[PSYoungGen: 1246013K->59879K(1507840K)] 2711892K->1528136K(4780032K), 2.8749854 secs] [Times: user=40.11 sys=23.44, real=2.87 secs] 
2019-02-01T00:05:43.804+0000: 790518.761: Total time for which application threads were stopped: 2.8831234 seconds, Stopping threads took: 0.0001653 seconds
2019-02-01T00:05:52.084+0000: 790527.042: Application time: 8.2805184 seconds
2019-02-01T00:05:52.092+0000: 790527.050: [GC (Allocation Failure) 2019-02-01T00:05:52.113+0000: 790527.071: [SoftReference, 0 refs, 0.0000647 secs]2019-02-01T00:05:52.113+0000: 790527.071: [WeakReference, 11 refs, 0.0000132 secs]2019-02-01T00:05:52.113+0000: 790527.071: [FinalReference, 841 refs, 0.0005144 secs]2019-02-01T00:05:52.113+0000: 790527.071: [PhantomReference, 0 refs, 2 refs, 0.0000133 secs]2019-02-01T00:05:52.113+0000: 790527.071: [JNI Weak Reference, 0.0000190 secs]
Desired survivor size 112197632 bytes, new threshold 3 (max 15)
[PSYoungGen: 1461735K->34128K(1510912K)] 2930378K->1513939K(4783104K), 0.0246816 secs] [Times: user=0.34 sys=0.09, real=0.02 secs] 
2019-02-01T00:05:52.117+0000: 790527.075: Total time for which application threads were stopped: 0.0329961 seconds, Stopping threads took: 0.0002897 seconds
2019-02-01T00:06:01.551+0000: 790536.509: Application time: 9.4339446 seconds
2019-02-01T00:06:01.559+0000: 790536.517: Total time for which application threads were stopped: 0.0085047 seconds, Stopping threads took: 0.0002092 seconds
2019-02-01T00:06:01.560+0000: 790536.518: Application time: 0.0005225 seconds
2019-02-01T00:06:01.569+0000: 790536.526: [GC (GCLocker Initiated GC) 2019-02-01T00:06:01.591+0000: 790536.549: [SoftReference, 0 refs, 0.0000817 secs]2019-02-01T00:06:01.591+0000: 790536.549: [WeakReference, 25 refs, 0.0000300 secs]2019-02-01T00:06:01.591+0000: 790536.549: [FinalReference, 923 refs, 0.0005770 secs]2019-02-01T00:06:01.592+0000: 790536.549: [PhantomReference, 0 refs, 1 refs, 0.0000110 secs]2019-02-01T00:06:01.592+0000: 790536.549: [JNI Weak Reference, 0.0000192 secs]
Desired survivor size 109576192 bytes, new threshold 2 (max 15)
[PSYoungGen: 1434321K->49990K(1776128K)] 2917454K->1540201K(5048320K), 0.0260828 secs] [Times: user=0.30 sys=0.10, real=0.02 secs] 
2019-02-01T00:06:01.595+0000: 790536.553: Total time for which application threads were stopped: 0.0348358 seconds, Stopping threads took: 0.0004863 seconds
2019-02-01T00:06:12.737+0000: 790547.695: Application time: 11.1421477 seconds
2019-02-01T00:06:15.261+0000: 790550.219: Total time for which application threads were stopped: 2.5237572 seconds, Stopping threads took: 2.5056190 seconds
2019-02-01T00:06:15.261+0000: 790550.219: Application time: 0.0002978 seconds
2019-02-01T00:06:15.269+0000: 790550.227: Total time for which application threads were stopped: 0.0076513 seconds, Stopping threads took: 0.0001256 seconds
2019-02-01T00:06:15.275+0000: 790550.232: Application time: 0.0058385 seconds
2019-02-01T00:06:15.289+0000: 790550.247: [GC (Allocation Failure) 2019-02-01T00:06:18.553+0000: 790553.511: [SoftReference, 0 refs, 0.0000789 secs]2019-02-01T00:06:18.553+0000: 790553.511: [WeakReference, 26 refs, 0.0000598 secs]2019-02-01T00:06:18.553+0000: 790553.511: [FinalReference, 1046 refs, 0.0006026 secs]2019-02-01T00:06:18.554+0000: 790553.511: [PhantomReference, 0 refs, 2 refs, 0.0000126 secs]2019-02-01T00:06:18.554+0000: 790553.511: [JNI Weak Reference, 0.0000188 secs]
Desired survivor size 108003328 bytes, new threshold 1 (max 15)
[PSYoungGen: 1723718K->41929K(1780736K)] 3223134K->1544058K(5052928K), 3.2675262 secs] [Times: user=44.72 sys=26.68, real=3.27 secs] 
2019-02-01T00:06:18.557+0000: 790553.515: Total time for which application threads were stopped: 3.2825224 seconds, Stopping threads took: 0.0052245 seconds
2019-02-01T00:06:18.557+0000: 790553.515: Application time: 0.0002730 seconds
2019-02-01T00:06:18.565+0000: 790553.522: [GC (GCLocker Initiated GC) 2019-02-01T00:06:18.576+0000: 790553.533: [SoftReference, 0 refs, 0.0000578 secs]2019-02-01T00:06:18.576+0000: 790553.533: [WeakReference, 0 refs, 0.0000083 secs]2019-02-01T00:06:18.576+0000: 790553.533: [FinalReference, 0 refs, 0.0000079 secs]2019-02-01T00:06:18.576+0000: 790553.533: [PhantomReference, 0 refs, 0 refs, 0.0000096 secs]2019-02-01T00:06:18.576+0000: 790553.534: [JNI Weak Reference, 0.0000183 secs]
Desired survivor size 113246208 bytes, new threshold 1 (max 15)
[PSYoungGen: 44115K->480K(1806336K)] 1546244K->1543779K(5078528K), 0.0141666 secs] [Times: user=0.22 sys=0.00, real=0.01 secs] 
2019-02-01T00:06:18.579+0000: 790553.537: Total time for which application threads were stopped: 0.0216409 seconds, Stopping threads took: 0.0002709 seconds
2019-02-01T00:06:27.433+0000: 790562.390: Application time: 8.8535216 seconds
2019-02-01T00:06:27.441+0000: 790562.399: Total time for which application threads were stopped: 0.0081339 seconds, Stopping threads took: 0.0003267 seconds
2019-02-01T00:06:27.441+0000: 790562.399: Application time: 0.0004141 seconds
2019-02-01T00:06:27.449+0000: 790562.407: [GC (GCLocker Initiated GC) 2019-02-01T00:06:27.468+0000: 790562.426: [SoftReference, 0 refs, 0.0000688 secs]2019-02-01T00:06:27.468+0000: 790562.426: [WeakReference, 41 refs, 0.0000248 secs]2019-02-01T00:06:27.468+0000: 790562.426: [FinalReference, 992 refs, 0.0006260 secs]2019-02-01T00:06:27.468+0000: 790562.426: [PhantomReference, 0 refs, 0 refs, 0.0000116 secs]2019-02-01T00:06:27.469+0000: 790562.426: [JNI Weak Reference, 0.0000214 secs]
Desired survivor size 109576192 bytes, new threshold 1 (max 15)
[PSYoungGen: 1701344K->40918K(1811456K)] 3244668K->1584290K(5083648K), 0.0224841 secs] [Times: user=0.31 sys=0.07, real=0.02 secs] 
2019-02-01T00:06:27.472+0000: 790562.430: Total time for which application threads were stopped: 0.0307334 seconds, Stopping threads took: 0.0003075 seconds
2019-02-01T00:06:36.834+0000: 790571.792: Application time: 9.3619761 seconds
2019-02-01T00:06:36.842+0000: 790571.800: Total time for which application threads were stopped: 0.0081147 seconds, Stopping threads took: 0.0002041 seconds
2019-02-01T00:06:36.843+0000: 790571.800: Application time: 0.0005700 seconds
2019-02-01T00:06:36.851+0000: 790571.809: [GC (GCLocker Initiated GC) 2019-02-01T00:06:36.868+0000: 790571.826: [SoftReference, 0 refs, 0.0000676 secs]2019-02-01T00:06:36.868+0000: 790571.826: [WeakReference, 35 refs, 0.0000238 secs]2019-02-01T00:06:36.868+0000: 790571.826: [FinalReference, 962 refs, 0.0005965 secs]2019-02-01T00:06:36.869+0000: 790571.826: [PhantomReference, 0 refs, 0 refs, 0.0000129 secs]2019-02-01T00:06:36.869+0000: 790571.826: [JNI Weak Reference, 0.0000247 secs]
Desired survivor size 105381888 bytes, new threshold 1 (max 15)
[PSYoungGen: 1741782K->55058K(1801728K)] 3285165K->1610195K(5073920K), 0.0208949 secs] [Times: user=0.31 sys=0.05, real=0.02 secs] 
2019-02-01T00:06:36.872+0000: 790571.830: Total time for which application threads were stopped: 0.0293682 seconds, Stopping threads took: 0.0001183 seconds
2019-02-01T00:06:40.368+0000: 790575.325: Application time: 3.4956601 seconds
2019-02-01T00:06:40.376+0000: 790575.334: Total time for which application threads were stopped: 0.0081995 seconds, Stopping threads took: 0.0002507 seconds
2019-02-01T00:06:44.931+0000: 790579.889: Application time: 4.5552345 seconds
2019-02-01T00:06:44.940+0000: 790579.898: Total time for which application threads were stopped: 0.0087718 seconds, Stopping threads took: 0.0006775 seconds
2019-02-01T00:06:44.940+0000: 790579.898: Application time: 0.0006358 seconds
2019-02-01T00:06:44.949+0000: 790579.906: [GC (GCLocker Initiated GC) 2019-02-01T00:06:44.964+0000: 790579.922: [SoftReference, 0 refs, 0.0000558 secs]2019-02-01T00:06:44.964+0000: 790579.922: [WeakReference, 6 refs, 0.0000120 secs]2019-02-01T00:06:44.964+0000: 790579.922: [FinalReference, 894 refs, 0.0004861 secs]2019-02-01T00:06:44.964+0000: 790579.922: [PhantomReference, 0 refs, 0 refs, 0.0000104 secs]2019-02-01T00:06:44.965+0000: 790579.922: [JNI Weak Reference, 0.0000237 secs]
Desired survivor size 101711872 bytes, new threshold 1 (max 15)
[PSYoungGen: 1759506K->40893K(1807360K)] 3314665K->1598764K(5079552K), 0.0189220 secs] [Times: user=0.24 sys=0.01, real=0.02 secs] 
2019-02-01T00:06:44.968+0000: 790579.926: Total time for which application threads were stopped: 0.0273513 seconds, Stopping threads took: 0.0002172 seconds
2019-02-01T00:06:53.078+0000: 790588.036: Application time: 8.1105372 seconds
2019-02-01T00:06:53.086+0000: 790588.044: Total time for which application threads were stopped: 0.0081537 seconds, Stopping threads took: 0.0003069 seconds
2019-02-01T00:06:53.087+0000: 790588.045: Application time: 0.0003255 seconds
2019-02-01T00:06:53.095+0000: 790588.053: [GC (GCLocker Initiated GC) 2019-02-01T00:06:53.107+0000: 790588.065: [SoftReference, 0 refs, 0.0000735 secs]2019-02-01T00:06:53.107+0000: 790588.065: [WeakReference, 63 refs, 0.0000460 secs]2019-02-01T00:06:53.107+0000: 790588.065: [FinalReference, 894 refs, 0.0007397 secs]2019-02-01T00:06:53.108+0000: 790588.065: [PhantomReference, 0 refs, 0 refs, 0.0000198 secs]2019-02-01T00:06:53.108+0000: 790588.065: [JNI Weak Reference, 0.0000320 secs]
Desired survivor size 101711872 bytes, new threshold 1 (max 15)
[PSYoungGen: 1745341K->23181K(1817088K)] 3306538K->1586802K(5089280K), 0.0172793 secs] [Times: user=0.20 sys=0.00, real=0.02 secs] 
2019-02-01T00:06:53.113+0000: 790588.070: Total time for which application threads were stopped: 0.0257590 seconds, Stopping threads took: 0.0001931 seconds
2019-02-01T00:06:59.359+0000: 790594.317: Application time: 6.2465493 seconds
2019-02-01T00:06:59.367+0000: 790594.325: Total time for which application threads were stopped: 0.0082504 seconds, Stopping threads took: 0.0002534 seconds
2019-02-01T00:07:01.056+0000: 790596.014: Application time: 1.6884903 seconds
2019-02-01T00:07:01.067+0000: 790596.025: [GC (Allocation Failure) 2019-02-01T00:07:01.086+0000: 790596.043: [SoftReference, 0 refs, 0.0000607 secs]2019-02-01T00:07:01.086+0000: 790596.043: [WeakReference, 44 refs, 0.0000234 secs]2019-02-01T00:07:01.086+0000: 790596.043: [FinalReference, 920 refs, 0.0006005 secs]2019-02-01T00:07:01.086+0000: 790596.044: [PhantomReference, 0 refs, 0 refs, 0.0000102 secs]2019-02-01T00:07:01.086+0000: 790596.044: [JNI Weak Reference, 0.0000183 secs]
Desired survivor size 97517568 bytes, new threshold 1 (max 15)
[PSYoungGen: 1742989K->42342K(1819136K)] 3309935K->1611700K(5091328K), 0.0220236 secs] [Times: user=0.29 sys=0.04, real=0.02 secs] 
2019-02-01T00:07:01.089+0000: 790596.047: Total time for which application threads were stopped: 0.0335682 seconds, Stopping threads took: 0.0031668 seconds
2019-02-01T00:07:08.466+0000: 790603.424: Application time: 7.3766958 seconds
2019-02-01T00:07:08.474+0000: 790603.432: Total time for which application threads were stopped: 0.0083647 seconds, Stopping threads took: 0.0002831 seconds
2019-02-01T00:07:08.475+0000: 790603.433: Application time: 0.0007761 seconds
2019-02-01T00:07:08.484+0000: 790603.442: [GC (GCLocker Initiated GC) 2019-02-01T00:07:08.507+0000: 790603.464: [SoftReference, 0 refs, 0.0000654 secs]2019-02-01T00:07:08.507+0000: 790603.465: [WeakReference, 114 refs, 0.0000500 secs]2019-02-01T00:07:08.507+0000: 790603.465: [FinalReference, 905 refs, 0.0005413 secs]2019-02-01T00:07:08.507+0000: 790603.465: [PhantomReference, 0 refs, 1 refs, 0.0000124 secs]2019-02-01T00:07:08.507+0000: 790603.465: [JNI Weak Reference, 0.0000205 secs]
Desired survivor size 108003328 bytes, new threshold 1 (max 15)
[PSYoungGen: 1762150K->87688K(1806336K)] 3331520K->1668043K(5078528K), 0.0266087 secs] [Times: user=0.37 sys=0.10, real=0.03 secs] 
2019-02-01T00:07:08.511+0000: 790603.469: Total time for which application threads were stopped: 0.0353799 seconds, Stopping threads took: 0.0005744 seconds
2019-02-01T00:07:15.631+0000: 790610.589: Application time: 7.1204950 seconds
2019-02-01T00:07:15.640+0000: 790610.598: Total time for which application threads were stopped: 0.0088049 seconds, Stopping threads took: 0.0007136 seconds
2019-02-01T00:07:15.641+0000: 790610.599: Application time: 0.0013139 seconds
2019-02-01T00:07:15.649+0000: 790610.607: [GC (GCLocker Initiated GC) 2019-02-01T00:07:15.663+0000: 790610.621: [SoftReference, 0 refs, 0.0000627 secs]2019-02-01T00:07:15.663+0000: 790610.621: [WeakReference, 13 refs, 0.0000160 secs]2019-02-01T00:07:15.663+0000: 790610.621: [FinalReference, 905 refs, 0.0004859 secs]2019-02-01T00:07:15.663+0000: 790610.621: [PhantomReference, 0 refs, 0 refs, 0.0000121 secs]2019-02-01T00:07:15.663+0000: 790610.621: [JNI Weak Reference, 0.0000189 secs]
Desired survivor size 108003328 bytes, new threshold 1 (max 15)
[PSYoungGen: 1798792K->19036K(1816576K)] 3382523K->1608207K(5088768K), 0.0170532 secs] [Times: user=0.20 sys=0.01, real=0.02 secs] 
2019-02-01T00:07:15.667+0000: 790610.625: Total time for which application threads were stopped: 0.0254571 seconds, Stopping threads took: 0.0002946 seconds
2019-02-01T00:07:23.101+0000: 790618.059: Application time: 7.4341663 seconds
2019-02-01T00:07:23.107+0000: 790618.065: Total time for which application threads were stopped: 0.0062497 seconds, Stopping threads took: 0.0001833 seconds
2019-02-01T00:07:23.108+0000: 790618.065: Application time: 0.0003751 seconds
2019-02-01T00:07:23.113+0000: 790618.071: [GC (GCLocker Initiated GC) 2019-02-01T00:07:23.124+0000: 790618.082: [SoftReference, 0 refs, 0.0000596 secs]2019-02-01T00:07:23.124+0000: 790618.082: [WeakReference, 6 refs, 0.0000146 secs]2019-02-01T00:07:23.124+0000: 790618.082: [FinalReference, 946 refs, 0.0018094 secs]2019-02-01T00:07:23.126+0000: 790618.084: [PhantomReference, 0 refs, 0 refs, 0.0000133 secs]2019-02-01T00:07:23.126+0000: 790618.084: [JNI Weak Reference, 0.0000190 secs]
Desired survivor size 103809024 bytes, new threshold 1 (max 15)
[PSYoungGen: 1730140K->37856K(1808384K)] 3325965K->1637149K(5080576K), 0.0160367 secs] [Times: user=0.21 sys=0.00, real=0.01 secs] 
2019-02-01T00:07:23.130+0000: 790618.087: Total time for which application threads were stopped: 0.0219362 seconds, Stopping threads took: 0.0000946 seconds
2019-02-01T00:07:29.226+0000: 790624.184: Application time: 6.0966356 seconds
2019-02-01T00:07:29.231+0000: 790624.189: Total time for which application threads were stopped: 0.0053196 seconds, Stopping threads took: 0.0002643 seconds
2019-02-01T00:07:29.232+0000: 790624.190: Application time: 0.0005242 seconds
2019-02-01T00:07:29.237+0000: 790624.195: [GC (GCLocker Initiated GC) 2019-02-01T00:07:29.254+0000: 790624.212: [SoftReference, 0 refs, 0.0000570 secs]2019-02-01T00:07:29.254+0000: 790624.212: [WeakReference, 62 refs, 0.0000329 secs]2019-02-01T00:07:29.254+0000: 790624.212: [FinalReference, 874 refs, 0.0004574 secs]2019-02-01T00:07:29.254+0000: 790624.212: [PhantomReference, 0 refs, 0 refs, 0.0000103 secs]2019-02-01T00:07:29.254+0000: 790624.212: [JNI Weak Reference, 0.0000186 secs]
Desired survivor size 99090432 bytes, new threshold 1 (max 15)
[PSYoungGen: 1748960K->45159K(1812480K)] 3348269K->1646740K(5084672K), 0.0204501 secs] [Times: user=0.32 sys=0.01, real=0.02 secs] 
2019-02-01T00:07:29.258+0000: 790624.216: Total time for which application threads were stopped: 0.0258094 seconds, Stopping threads took: 0.0001122 seconds
2019-02-01T00:07:35.139+0000: 790630.097: Application time: 5.8814500 seconds
2019-02-01T00:07:35.147+0000: 790630.104: Total time for which application threads were stopped: 0.0072672 seconds, Stopping threads took: 0.0002328 seconds
2019-02-01T00:07:35.147+0000: 790630.105: Application time: 0.0004648 seconds
2019-02-01T00:07:35.154+0000: 790630.112: [GC (GCLocker Initiated GC) 2019-02-01T00:07:35.166+0000: 790630.124: [SoftReference, 0 refs, 0.0000522 secs]2019-02-01T00:07:35.166+0000: 790630.124: [WeakReference, 18 refs, 0.0000270 secs]2019-02-01T00:07:35.166+0000: 790630.124: [FinalReference, 880 refs, 0.0005467 secs]2019-02-01T00:07:35.167+0000: 790630.125: [PhantomReference, 0 refs, 0 refs, 0.0000099 secs]2019-02-01T00:07:35.167+0000: 790630.125: [JNI Weak Reference, 0.0000157 secs]
Desired survivor size 94896128 bytes, new threshold 1 (max 15)
[PSYoungGen: 1756263K->41390K(1812992K)] 3358406K->1645969K(5085184K), 0.0163502 secs] [Times: user=0.21 sys=0.00, real=0.01 secs] 
2019-02-01T00:07:35.171+0000: 790630.128: Total time for which application threads were stopped: 0.0235522 seconds, Stopping threads took: 0.0001841 seconds
2019-02-01T00:07:40.367+0000: 790635.325: Application time: 5.1967231 seconds
2019-02-01T00:07:40.375+0000: 790635.333: Total time for which application threads were stopped: 0.0074372 seconds, Stopping threads took: 0.0001958 seconds
2019-02-01T00:07:41.712+0000: 790636.670: Application time: 1.3372839 seconds
2019-02-01T00:07:41.718+0000: 790636.676: Total time for which application threads were stopped: 0.0059193 seconds, Stopping threads took: 0.0002234 seconds
2019-02-01T00:07:41.719+0000: 790636.677: Application time: 0.0008384 seconds
2019-02-01T00:07:41.726+0000: 790636.684: [GC (GCLocker Initiated GC) 2019-02-01T00:07:41.740+0000: 790636.698: [SoftReference, 0 refs, 0.0000950 secs]2019-02-01T00:07:41.740+0000: 790636.698: [WeakReference, 48 refs, 0.0000434 secs]2019-02-01T00:07:41.740+0000: 790636.698: [FinalReference, 928 refs, 0.0008320 secs]2019-02-01T00:07:41.741+0000: 790636.699: [PhantomReference, 0 refs, 0 refs, 0.0000275 secs]2019-02-01T00:07:41.741+0000: 790636.699: [JNI Weak Reference, 0.0000995 secs]
Desired survivor size 90701824 bytes, new threshold 1 (max 15)
[PSYoungGen: 1765294K->43046K(1816576K)] 3369896K->1649941K(5088768K), 0.0201524 secs] [Times: user=0.29 sys=0.01, real=0.02 secs] 
2019-02-01T00:07:41.746+0000: 790636.704: Total time for which application threads were stopped: 0.0276859 seconds, Stopping threads took: 0.0002060 seconds
2019-02-01T00:07:47.662+0000: 790642.620: Application time: 5.9159662 seconds
2019-02-01T00:07:47.668+0000: 790642.626: Total time for which application threads were stopped: 0.0055502 seconds, Stopping threads took: 0.0004387 seconds
2019-02-01T00:07:47.669+0000: 790642.626: Application time: 0.0006207 seconds
2019-02-01T00:07:47.674+0000: 790642.632: [GC (GCLocker Initiated GC) 2019-02-01T00:07:47.699+0000: 790642.657: [SoftReference, 0 refs, 0.0000499 secs]2019-02-01T00:07:47.699+0000: 790642.657: [WeakReference, 52 refs, 0.0000291 secs]2019-02-01T00:07:47.699+0000: 790642.657: [FinalReference, 893 refs, 0.0004560 secs]2019-02-01T00:07:47.699+0000: 790642.657: [PhantomReference, 0 refs, 0 refs, 0.0000105 secs]2019-02-01T00:07:47.699+0000: 790642.657: [JNI Weak Reference, 0.0000183 secs]
Desired survivor size 109576192 bytes, new threshold 1 (max 15)
[PSYoungGen: 1766950K->88565K(1796608K)] 3385125K->1725090K(5068800K), 0.0287788 secs] [Times: user=0.52 sys=0.02, real=0.03 secs] 
2019-02-01T00:07:47.703+0000: 790642.661: Total time for which application threads were stopped: 0.0342805 seconds, Stopping threads took: 0.0002405 seconds
2019-02-01T00:07:54.033+0000: 790648.991: Application time: 6.3298170 seconds
2019-02-01T00:07:54.040+0000: 790648.998: Total time for which application threads were stopped: 0.0075749 seconds, Stopping threads took: 0.0002523 seconds
2019-02-01T00:07:54.041+0000: 790648.999: Application time: 0.0006255 seconds
2019-02-01T00:07:54.049+0000: 790649.006: [GC (GCLocker Initiated GC) 2019-02-01T00:07:54.060+0000: 790649.017: [SoftReference, 0 refs, 0.0000787 secs]2019-02-01T00:07:54.060+0000: 790649.018: [WeakReference, 14 refs, 0.0000258 secs]2019-02-01T00:07:54.060+0000: 790649.018: [FinalReference, 922 refs, 0.0021587 secs]2019-02-01T00:07:54.062+0000: 790649.020: [PhantomReference, 0 refs, 0 refs, 0.0000249 secs]2019-02-01T00:07:54.062+0000: 790649.020: [JNI Weak Reference, 0.0000317 secs]
Desired survivor size 106954752 bytes, new threshold 1 (max 15)
[PSYoungGen: 1796597K->34744K(1815040K)] 3439792K->1681711K(5087232K), 0.0184449 secs] [Times: user=0.20 sys=0.00, real=0.02 secs] 
2019-02-01T00:07:54.067+0000: 790649.025: Total time for which application threads were stopped: 0.0263261 seconds, Stopping threads took: 0.0001826 seconds
2019-02-01T00:08:00.606+0000: 790655.564: Application time: 6.5385217 seconds
2019-02-01T00:08:00.612+0000: 790655.569: Total time for which application threads were stopped: 0.0057939 seconds, Stopping threads took: 0.0002044 seconds
2019-02-01T00:08:00.612+0000: 790655.570: Application time: 0.0004807 seconds
2019-02-01T00:08:00.618+0000: 790655.575: [GC (GCLocker Initiated GC) 2019-02-01T00:08:00.631+0000: 790655.589: [SoftReference, 0 refs, 0.0000523 secs]2019-02-01T00:08:00.631+0000: 790655.589: [WeakReference, 39 refs, 0.0000261 secs]2019-02-01T00:08:00.631+0000: 790655.589: [FinalReference, 915 refs, 0.0005351 secs]2019-02-01T00:08:00.632+0000: 790655.590: [PhantomReference, 0 refs, 0 refs, 0.0000097 secs]2019-02-01T00:08:00.632+0000: 790655.590: [JNI Weak Reference, 0.0000184 secs]
Desired survivor size 108527616 bytes, new threshold 1 (max 15)
[PSYoungGen: 1742776K->69348K(1814528K)] 3397960K->1726745K(5086720K), 0.0178217 secs] [Times: user=0.27 sys=0.01, real=0.01 secs] 
2019-02-01T00:08:00.636+0000: 790655.593: Total time for which application threads were stopped: 0.0234897 seconds, Stopping threads took: 0.0001865 seconds
2019-02-01T00:08:06.820+0000: 790661.778: Application time: 6.1847794 seconds
2019-02-01T00:08:06.828+0000: 790661.786: Total time for which application threads were stopped: 0.0074040 seconds, Stopping threads took: 0.0003261 seconds
2019-02-01T00:08:06.828+0000: 790661.786: Application time: 0.0004793 seconds
2019-02-01T00:08:06.836+0000: 790661.794: [GC (GCLocker Initiated GC) 2019-02-01T00:08:06.848+0000: 790661.806: [SoftReference, 0 refs, 0.0000727 secs]2019-02-01T00:08:06.848+0000: 790661.806: [WeakReference, 30 refs, 0.0000329 secs]2019-02-01T00:08:06.848+0000: 790661.806: [FinalReference, 948 refs, 0.0006775 secs]2019-02-01T00:08:06.849+0000: 790661.807: [PhantomReference, 0 refs, 0 refs, 0.0000190 secs]2019-02-01T00:08:06.849+0000: 790661.807: [JNI Weak Reference, 0.0000319 secs]
Desired survivor size 105381888 bytes, new threshold 1 (max 15)
[PSYoungGen: 1779428K->40020K(1750528K)] 3436842K->1700783K(5022720K), 0.0181444 secs] [Times: user=0.18 sys=0.01, real=0.02 secs] 
2019-02-01T00:08:06.854+0000: 790661.812: Total time for which application threads were stopped: 0.0258344 seconds, Stopping threads took: 0.0003148 seconds
2019-02-01T00:08:13.351+0000: 790668.309: Application time: 6.4971316 seconds
2019-02-01T00:08:13.358+0000: 790668.316: Total time for which application threads were stopped: 0.0068758 seconds, Stopping threads took: 0.0003215 seconds
2019-02-01T00:08:13.359+0000: 790668.317: Application time: 0.0006443 seconds
2019-02-01T00:08:13.366+0000: 790668.324: [GC (GCLocker Initiated GC) 2019-02-01T00:08:13.382+0000: 790668.340: [SoftReference, 0 refs, 0.0000835 secs]2019-02-01T00:08:13.382+0000: 790668.340: [WeakReference, 12 refs, 0.0000304 secs]2019-02-01T00:08:13.382+0000: 790668.340: [FinalReference, 978 refs, 0.0007300 secs]2019-02-01T00:08:13.383+0000: 790668.341: [PhantomReference, 0 refs, 1 refs, 0.0000210 secs]2019-02-01T00:08:13.383+0000: 790668.341: [JNI Weak Reference, 0.0000501 secs]
Desired survivor size 100663296 bytes, new threshold 1 (max 15)
[PSYoungGen: 1750100K->52564K(1736704K)] 3414226K->1719856K(5008896K), 0.0280819 secs] [Times: user=0.22 sys=0.02, real=0.03 secs] 
2019-02-01T00:08:13.395+0000: 790668.353: Total time for which application threads were stopped: 0.0359257 seconds, Stopping threads took: 0.0002182 seconds
2019-02-01T00:08:18.976+0000: 790673.934: Application time: 5.5814876 seconds
2019-02-01T00:08:18.985+0000: 790673.943: Total time for which application threads were stopped: 0.0087225 seconds, Stopping threads took: 0.0003490 seconds
2019-02-01T00:08:18.986+0000: 790673.944: Application time: 0.0012833 seconds
2019-02-01T00:08:18.995+0000: 790673.953: [GC (GCLocker Initiated GC) 2019-02-01T00:08:19.007+0000: 790673.965: [SoftReference, 0 refs, 0.0000745 secs]2019-02-01T00:08:19.008+0000: 790673.965: [WeakReference, 30 refs, 0.0000403 secs]2019-02-01T00:08:19.008+0000: 790673.965: [FinalReference, 892 refs, 0.0006157 secs]2019-02-01T00:08:19.008+0000: 790673.966: [PhantomReference, 0 refs, 0 refs, 0.0000193 secs]2019-02-01T00:08:19.008+0000: 790673.966: [JNI Weak Reference, 0.0000322 secs]
Desired survivor size 98041856 bytes, new threshold 1 (max 15)
[PSYoungGen: 1729876K->57182K(1702912K)] 3397281K->1727744K(4975104K), 0.0268784 secs] [Times: user=0.24 sys=0.01, real=0.03 secs] 
2019-02-01T00:08:19.022+0000: 790673.980: Total time for which application threads were stopped: 0.0355991 seconds, Stopping threads took: 0.0001315 seconds
2019-02-01T00:08:24.228+0000: 790679.186: Application time: 5.2062056 seconds
2019-02-01T00:08:24.236+0000: 790679.194: Total time for which application threads were stopped: 0.0084543 seconds, Stopping threads took: 0.0001957 seconds
2019-02-01T00:08:24.237+0000: 790679.195: Application time: 0.0007654 seconds
2019-02-01T00:08:24.243+0000: 790679.201: [GC (GCLocker Initiated GC) 2019-02-01T00:08:24.262+0000: 790679.220: [SoftReference, 0 refs, 0.0000549 secs]2019-02-01T00:08:24.262+0000: 790679.220: [WeakReference, 26 refs, 0.0000198 secs]2019-02-01T00:08:24.262+0000: 790679.220: [FinalReference, 834 refs, 0.0004919 secs]2019-02-01T00:08:24.263+0000: 790679.220: [PhantomReference, 0 refs, 0 refs, 0.0000112 secs]2019-02-01T00:08:24.263+0000: 790679.220: [JNI Weak Reference, 0.0000204 secs]
Desired survivor size 97517568 bytes, new threshold 1 (max 15)
[PSYoungGen: 1702750K->62998K(1678848K)] 3376909K->1740494K(4951040K), 0.0262822 secs] [Times: user=0.30 sys=0.05, real=0.02 secs] 
2019-02-01T00:08:24.270+0000: 790679.228: Total time for which application threads were stopped: 0.0326531 seconds, Stopping threads took: 0.0002814 seconds
2019-02-01T00:08:29.808+0000: 790684.765: Application time: 5.5376503 seconds
2019-02-01T00:08:29.816+0000: 790684.774: [GC (Allocation Failure) 2019-02-01T00:08:29.831+0000: 790684.789: [SoftReference, 0 refs, 0.0000737 secs]2019-02-01T00:08:29.831+0000: 790684.789: [WeakReference, 55 refs, 0.0000746 secs]2019-02-01T00:08:29.831+0000: 790684.789: [FinalReference, 888 refs, 0.0007722 secs]2019-02-01T00:08:29.832+0000: 790684.790: [PhantomReference, 0 refs, 0 refs, 0.0000248 secs]2019-02-01T00:08:29.832+0000: 790684.790: [JNI Weak Reference, 0.0000304 secs]
Desired survivor size 94896128 bytes, new threshold 1 (max 15)
[PSYoungGen: 1677846K->43816K(1629184K)] 3355345K->1723652K(4901376K), 0.0284504 secs] [Times: user=0.22 sys=0.01, real=0.03 secs] 
2019-02-01T00:08:29.844+0000: 790684.802: Total time for which application threads were stopped: 0.0369216 seconds, Stopping threads took: 0.0002806 seconds
2019-02-01T00:08:35.706+0000: 790690.663: Application time: 5.8610653 seconds
2019-02-01T00:08:35.711+0000: 790690.669: Total time for which application threads were stopped: 0.0056715 seconds, Stopping threads took: 0.0002109 seconds
2019-02-01T00:08:35.712+0000: 790690.670: Application time: 0.0009320 seconds
2019-02-01T00:08:35.718+0000: 790690.675: [GC (GCLocker Initiated GC) 2019-02-01T00:08:35.729+0000: 790690.687: [SoftReference, 0 refs, 0.0000579 secs]2019-02-01T00:08:35.729+0000: 790690.687: [WeakReference, 19 refs, 0.0000440 secs]2019-02-01T00:08:35.729+0000: 790690.687: [FinalReference, 932 refs, 0.0005766 secs]2019-02-01T00:08:35.730+0000: 790690.687: [PhantomReference, 0 refs, 0 refs, 0.0000215 secs]2019-02-01T00:08:35.730+0000: 790690.687: [JNI Weak Reference, 0.0000240 secs]
Desired survivor size 92798976 bytes, new threshold 1 (max 15)
[PSYoungGen: 1628968K->41750K(1615360K)] 3308847K->1724946K(4887552K), 0.0229603 secs] [Times: user=0.21 sys=0.01, real=0.02 secs] 
2019-02-01T00:08:35.741+0000: 790690.699: Total time for which application threads were stopped: 0.0285708 seconds, Stopping threads took: 0.0002376 seconds
2019-02-01T00:08:40.366+0000: 790695.324: Application time: 4.6254993 seconds
2019-02-01T00:08:40.372+0000: 790695.330: Total time for which application threads were stopped: 0.0059110 seconds, Stopping threads took: 0.0003093 seconds
2019-02-01T00:08:40.584+0000: 790695.541: Application time: 0.2114414 seconds
2019-02-01T00:08:40.592+0000: 790695.550: Total time for which application threads were stopped: 0.0082698 seconds, Stopping threads took: 0.0028917 seconds
2019-02-01T00:08:40.593+0000: 790695.550: Application time: 0.0007873 seconds
2019-02-01T00:08:40.599+0000: 790695.556: [GC (GCLocker Initiated GC) 2019-02-01T00:08:40.617+0000: 790695.575: [SoftReference, 0 refs, 0.0000739 secs]2019-02-01T00:08:40.617+0000: 790695.575: [WeakReference, 43 refs, 0.0000375 secs]2019-02-01T00:08:40.617+0000: 790695.575: [FinalReference, 849 refs, 0.0006845 secs]2019-02-01T00:08:40.618+0000: 790695.575: [PhantomReference, 0 refs, 1 refs, 0.0000205 secs]2019-02-01T00:08:40.618+0000: 790695.575: [JNI Weak Reference, 0.0000323 secs]
Desired survivor size 103284736 bytes, new threshold 1 (max 15)
[PSYoungGen: 1597718K->89574K(1617408K)] 3287577K->1783432K(4889600K), 0.0240764 secs] [Times: user=0.35 sys=0.01, real=0.02 secs] 
2019-02-01T00:08:40.623+0000: 790695.581: Total time for which application threads were stopped: 0.0302401 seconds, Stopping threads took: 0.0002103 seconds
2019-02-01T00:08:46.328+0000: 790701.285: Application time: 5.7047718 seconds
2019-02-01T00:08:46.333+0000: 790701.291: Total time for which application threads were stopped: 0.0056373 seconds, Stopping threads took: 0.0002170 seconds
2019-02-01T00:08:46.333+0000: 790701.291: Application time: 0.0000990 seconds
2019-02-01T00:08:46.339+0000: 790701.297: Total time for which application threads were stopped: 0.0052871 seconds, Stopping threads took: 0.0001125 seconds
2019-02-01T00:08:46.339+0000: 790701.297: Application time: 0.0005504 seconds
2019-02-01T00:08:46.345+0000: 790701.303: [GC (GCLocker Initiated GC) 2019-02-01T00:08:46.359+0000: 790701.317: [SoftReference, 0 refs, 0.0000724 secs]2019-02-01T00:08:46.359+0000: 790701.317: [WeakReference, 28 refs, 0.0000282 secs]2019-02-01T00:08:46.359+0000: 790701.317: [FinalReference, 917 refs, 0.0005948 secs]2019-02-01T00:08:46.359+0000: 790701.317: [PhantomReference, 0 refs, 1 refs, 0.0000168 secs]2019-02-01T00:08:46.359+0000: 790701.317: [JNI Weak Reference, 0.0000267 secs]
Desired survivor size 103284736 bytes, new threshold 1 (max 15)
[PSYoungGen: 1617382K->67705K(1568768K)] 3311260K->1765340K(4840960K), 0.0220815 secs] [Times: user=0.22 sys=0.00, real=0.02 secs] 
2019-02-01T00:08:46.368+0000: 790701.325: Total time for which application threads were stopped: 0.0282643 seconds, Stopping threads took: 0.0005494 seconds
2019-02-01T00:08:46.735+0000: 790701.692: Application time: 0.3671528 seconds
2019-02-01T00:08:46.740+0000: 790701.698: Total time for which application threads were stopped: 0.0057250 seconds, Stopping threads took: 0.0001425 seconds
2019-02-01T00:08:51.462+0000: 790706.420: Application time: 4.7213049 seconds
2019-02-01T00:08:51.471+0000: 790706.429: Total time for which application threads were stopped: 0.0094647 seconds, Stopping threads took: 0.0032113 seconds
2019-02-01T00:08:51.472+0000: 790706.430: Application time: 0.0008247 seconds
2019-02-01T00:08:51.478+0000: 790706.435: [GC (GCLocker Initiated GC) 2019-02-01T00:08:51.491+0000: 790706.449: [SoftReference, 0 refs, 0.0000801 secs]2019-02-01T00:08:51.491+0000: 790706.449: [WeakReference, 63 refs, 0.0000544 secs]2019-02-01T00:08:51.492+0000: 790706.449: [FinalReference, 813 refs, 0.0004284 secs]2019-02-01T00:08:51.492+0000: 790706.450: [PhantomReference, 0 refs, 1 refs, 0.0000102 secs]2019-02-01T00:08:51.492+0000: 790706.450: [JNI Weak Reference, 0.0000191 secs]
Desired survivor size 101187584 bytes, new threshold 1 (max 15)
[PSYoungGen: 1568377K->42902K(1517056K)] 3266042K->1743534K(4789248K), 0.0229401 secs] [Times: user=0.25 sys=0.01, real=0.02 secs] 
2019-02-01T00:08:51.501+0000: 790706.459: Total time for which application threads were stopped: 0.0286748 seconds, Stopping threads took: 0.0002725 seconds
2019-02-01T00:08:56.731+0000: 790711.689: Application time: 5.2306766 seconds
2019-02-01T00:08:56.740+0000: 790711.697: Total time for which application threads were stopped: 0.0082911 seconds, Stopping threads took: 0.0007897 seconds
2019-02-01T00:08:56.742+0000: 790711.700: Application time: 0.0027713 seconds
2019-02-01T00:08:56.751+0000: 790711.709: [GC (GCLocker Initiated GC) 2019-02-01T00:08:56.772+0000: 790711.730: [SoftReference, 0 refs, 0.0001206 secs]2019-02-01T00:08:56.772+0000: 790711.730: [WeakReference, 40 refs, 0.0001594 secs]2019-02-01T00:08:56.772+0000: 790711.730: [FinalReference, 840 refs, 0.0014055 secs]2019-02-01T00:08:56.774+0000: 790711.732: [PhantomReference, 0 refs, 1 refs, 0.0000844 secs]2019-02-01T00:08:56.774+0000: 790711.732: [JNI Weak Reference, 0.0000184 secs]
Desired survivor size 97517568 bytes, new threshold 1 (max 15)
[PSYoungGen: 1516950K->51025K(1514496K)] 3221074K->1758289K(4786688K), 0.0483685 secs] [Times: user=0.36 sys=0.03, real=0.05 secs] 
2019-02-01T00:08:56.799+0000: 790711.757: Total time for which application threads were stopped: 0.0570140 seconds, Stopping threads took: 0.0004491 seconds
2019-02-01T00:09:01.864+0000: 790716.822: Application time: 5.0648353 seconds
2019-02-01T00:09:01.873+0000: 790716.831: Total time for which application threads were stopped: 0.0087452 seconds, Stopping threads took: 0.0003250 seconds
2019-02-01T00:09:01.874+0000: 790716.832: Application time: 0.0008920 seconds
2019-02-01T00:09:01.882+0000: 790716.840: [GC (GCLocker Initiated GC) 2019-02-01T00:09:01.893+0000: 790716.851: [SoftReference, 0 refs, 0.0000600 secs]2019-02-01T00:09:01.893+0000: 790716.851: [WeakReference, 3 refs, 0.0000101 secs]2019-02-01T00:09:01.893+0000: 790716.851: [FinalReference, 860 refs, 0.0004551 secs]2019-02-01T00:09:01.894+0000: 790716.852: [PhantomReference, 0 refs, 0 refs, 0.0000099 secs]2019-02-01T00:09:01.894+0000: 790716.852: [JNI Weak Reference, 0.0000184 secs]
Desired survivor size 98041856 bytes, new threshold 1 (max 15)
[PSYoungGen: 1499473K->25727K(1449472K)] 3206759K->1736253K(4721664K), 0.0179562 secs] [Times: user=0.18 sys=0.00, real=0.02 secs] 
2019-02-01T00:09:01.900+0000: 790716.858: Total time for which application threads were stopped: 0.0261301 seconds, Stopping threads took: 0.0002755 seconds
2019-02-01T00:09:06.526+0000: 790721.484: Application time: 4.6256857 seconds
2019-02-01T00:09:06.534+0000: 790721.492: Total time for which application threads were stopped: 0.0079157 seconds, Stopping threads took: 0.0007424 seconds
2019-02-01T00:09:06.534+0000: 790721.492: Application time: 0.0007660 seconds
2019-02-01T00:09:06.542+0000: 790721.500: [GC (GCLocker Initiated GC) 2019-02-01T00:09:06.554+0000: 790721.512: [SoftReference, 0 refs, 0.0000612 secs]2019-02-01T00:09:06.554+0000: 790721.512: [WeakReference, 76 refs, 0.0000315 secs]2019-02-01T00:09:06.554+0000: 790721.512: [FinalReference, 765 refs, 0.0003729 secs]2019-02-01T00:09:06.555+0000: 790721.512: [PhantomReference, 0 refs, 1 refs, 0.0000130 secs]2019-02-01T00:09:06.555+0000: 790721.512: [JNI Weak Reference, 0.0000209 secs]
Desired survivor size 93847552 bytes, new threshold 1 (max 15)
[PSYoungGen: 1449087K->51154K(1462784K)] 3162960K->1768597K(4734976K), 0.0193480 secs] [Times: user=0.23 sys=0.01, real=0.02 secs] 
2019-02-01T00:09:06.561+0000: 790721.519: Total time for which application threads were stopped: 0.0268172 seconds, Stopping threads took: 0.0006112 seconds
2019-02-01T00:09:10.681+0000: 790725.639: Application time: 4.1202151 seconds
2019-02-01T00:09:10.690+0000: 790725.648: Total time for which application threads were stopped: 0.0088709 seconds, Stopping threads took: 0.0002518 seconds
2019-02-01T00:09:10.691+0000: 790725.649: Application time: 0.0004019 seconds
2019-02-01T00:09:10.697+0000: 790725.655: [GC (GCLocker Initiated GC) 2019-02-01T00:09:10.710+0000: 790725.668: [SoftReference, 0 refs, 0.0000670 secs]2019-02-01T00:09:10.710+0000: 790725.668: [WeakReference, 34 refs, 0.0000234 secs]2019-02-01T00:09:10.710+0000: 790725.668: [FinalReference, 725 refs, 0.0004640 secs]2019-02-01T00:09:10.711+0000: 790725.668: [PhantomReference, 0 refs, 0 refs, 0.0000145 secs]2019-02-01T00:09:10.711+0000: 790725.668: [JNI Weak Reference, 0.0000221 secs]
Desired survivor size 92274688 bytes, new threshold 1 (max 15)
[PSYoungGen: 1450450K->36725K(1412608K)] 3167901K->1758575K(4684800K), 0.0208400 secs] [Times: user=0.17 sys=0.01, real=0.03 secs] 
2019-02-01T00:09:10.718+0000: 790725.676: Total time for which application threads were stopped: 0.0274356 seconds, Stopping threads took: 0.0001807 seconds
2019-02-01T00:09:15.957+0000: 790730.915: Application time: 5.2387358 seconds
2019-02-01T00:09:15.970+0000: 790730.928: Total time for which application threads were stopped: 0.0129881 seconds, Stopping threads took: 0.0043801 seconds
2019-02-01T00:09:15.971+0000: 790730.929: Application time: 0.0007965 seconds
2019-02-01T00:09:15.980+0000: 790730.937: [GC (GCLocker Initiated GC) 2019-02-01T00:09:15.992+0000: 790730.950: [SoftReference, 0 refs, 0.0000776 secs]2019-02-01T00:09:15.992+0000: 790730.950: [WeakReference, 42 refs, 0.0001180 secs]2019-02-01T00:09:15.993+0000: 790730.950: [FinalReference, 837 refs, 0.0005961 secs]2019-02-01T00:09:15.993+0000: 790730.951: [PhantomReference, 0 refs, 1 refs, 0.0000207 secs]2019-02-01T00:09:15.993+0000: 790730.951: [JNI Weak Reference, 0.0000384 secs]
Desired survivor size 88604672 bytes, new threshold 1 (max 15)
[PSYoungGen: 1412469K->47199K(1412608K)] 3134536K->1772586K(4684800K), 0.0261327 secs] [Times: user=0.22 sys=0.00, real=0.02 secs] 
2019-02-01T00:09:16.006+0000: 790730.964: Total time for which application threads were stopped: 0.0351977 seconds, Stopping threads took: 0.0002836 seconds
2019-02-01T00:09:20.824+0000: 790735.782: Application time: 4.8181935 seconds
2019-02-01T00:09:20.833+0000: 790735.790: Total time for which application threads were stopped: 0.0084085 seconds, Stopping threads took: 0.0002499 seconds
2019-02-01T00:09:20.834+0000: 790735.792: Application time: 0.0013017 seconds
2019-02-01T00:09:20.843+0000: 790735.801: [GC (GCLocker Initiated GC) 2019-02-01T00:09:20.855+0000: 790735.812: [SoftReference, 0 refs, 0.0000839 secs]2019-02-01T00:09:20.855+0000: 790735.813: [WeakReference, 28 refs, 0.0000314 secs]2019-02-01T00:09:20.855+0000: 790735.813: [FinalReference, 731 refs, 0.0004636 secs]2019-02-01T00:09:20.855+0000: 790735.813: [PhantomReference, 0 refs, 0 refs, 0.0000200 secs]2019-02-01T00:09:20.855+0000: 790735.813: [JNI Weak Reference, 0.0000328 secs]
Desired survivor size 86507520 bytes, new threshold 1 (max 15)
[PSYoungGen: 1399903K->40026K(1371136K)] 3128682K->1772520K(4643328K), 0.0232925 secs] [Times: user=0.23 sys=0.01, real=0.02 secs] 
2019-02-01T00:09:20.866+0000: 790735.824: Total time for which application threads were stopped: 0.0324192 seconds, Stopping threads took: 0.0002420 seconds
2019-02-01T00:09:25.879+0000: 790740.837: Application time: 5.0124637 seconds
2019-02-01T00:09:25.887+0000: 790740.845: Total time for which application threads were stopped: 0.0085877 seconds, Stopping threads took: 0.0002754 seconds
2019-02-01T00:09:25.889+0000: 790740.846: Application time: 0.0011751 seconds
2019-02-01T00:09:25.897+0000: 790740.855: [GC (GCLocker Initiated GC) 2019-02-01T00:09:25.911+0000: 790740.869: [SoftReference, 0 refs, 0.0000529 secs]2019-02-01T00:09:25.911+0000: 790740.869: [WeakReference, 61 refs, 0.0000330 secs]2019-02-01T00:09:25.911+0000: 790740.869: [FinalReference, 833 refs, 0.0004378 secs]2019-02-01T00:09:25.912+0000: 790740.870: [PhantomReference, 0 refs, 0 refs, 0.0000124 secs]2019-02-01T00:09:25.912+0000: 790740.870: [JNI Weak Reference, 0.0000195 secs]
Desired survivor size 90701824 bytes, new threshold 1 (max 15)
[PSYoungGen: 1370714K->69515K(1380352K)] 3103337K->1804990K(4652544K), 0.0196031 secs] [Times: user=0.28 sys=0.00, real=0.02 secs] 
2019-02-01T00:09:25.917+0000: 790740.875: Total time for which application threads were stopped: 0.0282672 seconds, Stopping threads took: 0.0003417 seconds
2019-02-01T00:09:30.427+0000: 790745.384: Application time: 4.5098172 seconds
2019-02-01T00:09:30.435+0000: 790745.393: Total time for which application threads were stopped: 0.0086449 seconds, Stopping threads took: 0.0001616 seconds
2019-02-01T00:09:30.436+0000: 790745.394: Application time: 0.0007394 seconds
2019-02-01T00:09:30.445+0000: 790745.403: [GC (GCLocker Initiated GC) 2019-02-01T00:09:30.467+0000: 790745.425: [SoftReference, 0 refs, 0.0000776 secs]2019-02-01T00:09:30.467+0000: 790745.425: [WeakReference, 13 refs, 0.0000330 secs]2019-02-01T00:09:30.467+0000: 790745.425: [FinalReference, 756 refs, 0.0005830 secs]2019-02-01T00:09:30.468+0000: 790745.426: [PhantomReference, 0 refs, 0 refs, 0.0000194 secs]2019-02-01T00:09:30.468+0000: 790745.426: [JNI Weak Reference, 0.0000324 secs]
Desired survivor size 92798976 bytes, new threshold 1 (max 15)
[PSYoungGen: 1378699K->18944K(1307648K)] 3114209K->1758986K(4579840K), 0.0317133 secs] [Times: user=0.41 sys=0.03, real=0.03 secs] 
2019-02-01T00:09:30.477+0000: 790745.434: Total time for which application threads were stopped: 0.0406262 seconds, Stopping threads took: 0.0002548 seconds
2019-02-01T00:09:34.720+0000: 790749.678: Application time: 4.2435754 seconds
2019-02-01T00:09:34.729+0000: 790749.687: Total time for which application threads were stopped: 0.0087807 seconds, Stopping threads took: 0.0007699 seconds
2019-02-01T00:09:34.730+0000: 790749.688: Application time: 0.0006841 seconds
2019-02-01T00:09:34.739+0000: 790749.696: [GC (GCLocker Initiated GC) 2019-02-01T00:09:34.750+0000: 790749.708: [SoftReference, 0 refs, 0.0000614 secs]2019-02-01T00:09:34.750+0000: 790749.708: [WeakReference, 27 refs, 0.0000210 secs]2019-02-01T00:09:34.750+0000: 790749.708: [FinalReference, 653 refs, 0.0003366 secs]2019-02-01T00:09:34.751+0000: 790749.708: [PhantomReference, 0 refs, 2 refs, 0.0000112 secs]2019-02-01T00:09:34.751+0000: 790749.708: [JNI Weak Reference, 0.0000181 secs]
Desired survivor size 89653248 bytes, new threshold 1 (max 15)
[PSYoungGen: 1307136K->40489K(1331712K)] 3047694K->1784692K(4603904K), 0.0180069 secs] [Times: user=0.21 sys=0.00, real=0.02 secs] 
2019-02-01T00:09:34.757+0000: 790749.715: Total time for which application threads were stopped: 0.0270954 seconds, Stopping threads took: 0.0007975 seconds
2019-02-01T00:09:39.005+0000: 790753.963: Application time: 4.2480592 seconds
2019-02-01T00:09:39.015+0000: 790753.973: Total time for which application threads were stopped: 0.0102105 seconds, Stopping threads took: 0.0019777 seconds
2019-02-01T00:09:39.016+0000: 790753.974: Application time: 0.0008683 seconds
2019-02-01T00:09:39.024+0000: 790753.982: [GC (GCLocker Initiated GC) 2019-02-01T00:09:39.042+0000: 790754.000: [SoftReference, 0 refs, 0.0000465 secs]2019-02-01T00:09:39.042+0000: 790754.000: [WeakReference, 10 refs, 0.0000128 secs]2019-02-01T00:09:39.042+0000: 790754.000: [FinalReference, 664 refs, 0.0003636 secs]2019-02-01T00:09:39.043+0000: 790754.000: [PhantomReference, 0 refs, 1 refs, 0.0000111 secs]2019-02-01T00:09:39.043+0000: 790754.000: [JNI Weak Reference, 0.0000182 secs]
Desired survivor size 91750400 bytes, new threshold 1 (max 15)
[PSYoungGen: 1308201K->63755K(1311744K)] 3059347K->1817734K(4583936K), 0.0249227 secs] [Times: user=0.38 sys=0.01, real=0.02 secs] 
2019-02-01T00:09:39.049+0000: 790754.007: Total time for which application threads were stopped: 0.0328262 seconds, Stopping threads took: 0.0002929 seconds
2019-02-01T00:09:40.367+0000: 790755.325: Application time: 1.3185975 seconds
2019-02-01T00:09:40.373+0000: 790755.331: Total time for which application threads were stopped: 0.0057560 seconds, Stopping threads took: 0.0002597 seconds
2019-02-01T00:09:42.070+0000: 790757.027: Application time: 1.6964229 seconds
2019-02-01T00:09:42.075+0000: 790757.033: Total time for which application threads were stopped: 0.0056616 seconds, Stopping threads took: 0.0002157 seconds
2019-02-01T00:09:42.076+0000: 790757.034: Application time: 0.0004935 seconds
2019-02-01T00:09:42.081+0000: 790757.039: [GC (GCLocker Initiated GC) 2019-02-01T00:09:42.094+0000: 790757.052: [SoftReference, 0 refs, 0.0000723 secs]2019-02-01T00:09:42.094+0000: 790757.052: [WeakReference, 53 refs, 0.0000408 secs]2019-02-01T00:09:42.094+0000: 790757.052: [FinalReference, 743 refs, 0.0005270 secs]2019-02-01T00:09:42.095+0000: 790757.053: [PhantomReference, 0 refs, 0 refs, 0.0000194 secs]2019-02-01T00:09:42.095+0000: 790757.053: [JNI Weak Reference, 0.0000388 secs]
Desired survivor size 99090432 bytes, new threshold 1 (max 15)
[PSYoungGen: 1311499K->78756K(1312768K)] 3065508K->1836535K(4584960K), 0.0205530 secs] [Times: user=0.24 sys=0.01, real=0.02 secs] 
2019-02-01T00:09:42.102+0000: 790757.060: Total time for which application threads were stopped: 0.0262525 seconds, Stopping threads took: 0.0001959 seconds
2019-02-01T00:09:45.849+0000: 790760.807: Application time: 3.7472646 seconds
2019-02-01T00:09:45.860+0000: 790760.818: Total time for which application threads were stopped: 0.0110170 seconds, Stopping threads took: 0.0035962 seconds
2019-02-01T00:09:45.862+0000: 790760.819: Application time: 0.0012847 seconds
2019-02-01T00:09:45.874+0000: 790760.832: [GC (GCLocker Initiated GC) 2019-02-01T00:09:45.887+0000: 790760.845: [SoftReference, 0 refs, 0.0000515 secs]2019-02-01T00:09:45.887+0000: 790760.845: [WeakReference, 15 refs, 0.0000153 secs]2019-02-01T00:09:45.887+0000: 790760.845: [FinalReference, 665 refs, 0.0003752 secs]2019-02-01T00:09:45.887+0000: 790760.845: [PhantomReference, 0 refs, 1 refs, 0.0000104 secs]2019-02-01T00:09:45.887+0000: 790760.845: [JNI Weak Reference, 0.0000180 secs]
Desired survivor size 96993280 bytes, new threshold 1 (max 15)
[PSYoungGen: 1307044K->36592K(1246208K)] 3071532K->1805335K(4518400K), 0.0215702 secs] [Times: user=0.21 sys=0.01, real=0.02 secs] 
2019-02-01T00:09:45.896+0000: 790760.853: Total time for which application threads were stopped: 0.0340289 seconds, Stopping threads took: 0.0048877 seconds
2019-02-01T00:09:49.997+0000: 790764.955: Application time: 4.1014166 seconds
2019-02-01T00:09:50.004+0000: 790764.962: Total time for which application threads were stopped: 0.0071157 seconds, Stopping threads took: 0.0002830 seconds
2019-02-01T00:09:50.005+0000: 790764.963: Application time: 0.0008505 seconds
2019-02-01T00:09:50.012+0000: 790764.970: [GC (GCLocker Initiated GC) 2019-02-01T00:09:50.026+0000: 790764.984: [SoftReference, 0 refs, 0.0000651 secs]2019-02-01T00:09:50.026+0000: 790764.984: [WeakReference, 10 refs, 0.0000206 secs]2019-02-01T00:09:50.026+0000: 790764.984: [FinalReference, 680 refs, 0.0004180 secs]2019-02-01T00:09:50.027+0000: 790764.984: [PhantomReference, 0 refs, 1 refs, 0.0000142 secs]2019-02-01T00:09:50.027+0000: 790764.984: [JNI Weak Reference, 0.0000241 secs]
Desired survivor size 96468992 bytes, new threshold 1 (max 15)
[PSYoungGen: 1245936K->60947K(1266176K)] 3018055K->1836961K(4538368K), 0.0229585 secs] [Times: user=0.22 sys=0.01, real=0.03 secs] 
2019-02-01T00:09:50.035+0000: 790764.993: Total time for which application threads were stopped: 0.0299556 seconds, Stopping threads took: 0.0003953 seconds
2019-02-01T00:09:53.926+0000: 790768.884: Application time: 3.8909481 seconds
2019-02-01T00:09:53.931+0000: 790768.889: Total time for which application threads were stopped: 0.0053758 seconds, Stopping threads took: 0.0002277 seconds
2019-02-01T00:09:53.932+0000: 790768.890: Application time: 0.0004641 seconds
2019-02-01T00:09:53.937+0000: 790768.895: [GC (GCLocker Initiated GC) 2019-02-01T00:09:53.950+0000: 790768.908: [SoftReference, 0 refs, 0.0000640 secs]2019-02-01T00:09:53.950+0000: 790768.908: [WeakReference, 4 refs, 0.0000108 secs]2019-02-01T00:09:53.950+0000: 790768.908: [FinalReference, 594 refs, 0.0015649 secs]2019-02-01T00:09:53.952+0000: 790768.910: [PhantomReference, 0 refs, 0 refs, 0.0000130 secs]2019-02-01T00:09:53.952+0000: 790768.910: [JNI Weak Reference, 0.0000192 secs]
Desired survivor size 93847552 bytes, new threshold 1 (max 15)
[PSYoungGen: 1251859K->55395K(1228800K)] 3027882K->1833868K(4500992K), 0.0221802 secs] [Times: user=0.22 sys=0.01, real=0.02 secs] 
2019-02-01T00:09:53.959+0000: 790768.917: Total time for which application threads were stopped: 0.0275484 seconds, Stopping threads took: 0.0001018 seconds
2019-02-01T00:09:57.388+0000: 790772.346: Application time: 3.4286958 seconds
2019-02-01T00:09:57.395+0000: 790772.353: Total time for which application threads were stopped: 0.0072623 seconds, Stopping threads took: 0.0015832 seconds
2019-02-01T00:09:57.396+0000: 790772.354: Application time: 0.0006825 seconds
2019-02-01T00:09:57.403+0000: 790772.361: [GC (GCLocker Initiated GC) 2019-02-01T00:09:57.417+0000: 790772.375: [SoftReference, 0 refs, 0.0000734 secs]2019-02-01T00:09:57.417+0000: 790772.375: [WeakReference, 35 refs, 0.0000341 secs]2019-02-01T00:09:57.417+0000: 790772.375: [FinalReference, 569 refs, 0.0004029 secs]2019-02-01T00:09:57.418+0000: 790772.376: [PhantomReference, 0 refs, 2 refs, 0.0000212 secs]2019-02-01T00:09:57.418+0000: 790772.376: [JNI Weak Reference, 0.0000325 secs]
Desired survivor size 92274688 bytes, new threshold 1 (max 15)
[PSYoungGen: 1228387K->58158K(1226752K)] 3006886K->1840118K(4498944K), 0.0246220 secs] [Times: user=0.24 sys=0.01, real=0.03 secs] 
2019-02-01T00:09:57.428+0000: 790772.386: Total time for which application threads were stopped: 0.0319435 seconds, Stopping threads took: 0.0003687 seconds
2019-02-01T00:09:59.675+0000: 790774.633: Application time: 2.2473250 seconds
2019-02-01T00:09:59.681+0000: 790774.639: Total time for which application threads were stopped: 0.0059144 seconds, Stopping threads took: 0.0002655 seconds
2019-02-01T00:09:59.682+0000: 790774.640: Application time: 0.0010830 seconds
2019-02-01T00:09:59.688+0000: 790774.646: [GC (GCLocker Initiated GC) 2019-02-01T00:09:59.705+0000: 790774.663: [SoftReference, 0 refs, 0.0000758 secs]2019-02-01T00:09:59.705+0000: 790774.663: [WeakReference, 10 refs, 0.0000228 secs]2019-02-01T00:09:59.705+0000: 790774.663: [FinalReference, 637 refs, 0.0016442 secs]2019-02-01T00:09:59.707+0000: 790774.664: [PhantomReference, 0 refs, 0 refs, 0.0000228 secs]2019-02-01T00:09:59.707+0000: 790774.664: [JNI Weak Reference, 0.0000321 secs]
Desired survivor size 101187584 bytes, new threshold 1 (max 15)
[PSYoungGen: 1213742K->86315K(1225216K)] 2995844K->1871838K(4497408K), 0.0232890 secs] [Times: user=0.29 sys=0.01, real=0.02 secs] 
2019-02-01T00:09:59.712+0000: 790774.670: Total time for which application threads were stopped: 0.0295623 seconds, Stopping threads took: 0.0001833 seconds
2019-02-01T00:10:03.347+0000: 790778.305: Application time: 3.6356042 seconds
2019-02-01T00:10:03.355+0000: 790778.313: Total time for which application threads were stopped: 0.0078433 seconds, Stopping threads took: 0.0002385 seconds
2019-02-01T00:10:03.356+0000: 790778.314: Application time: 0.0009910 seconds
2019-02-01T00:10:03.363+0000: 790778.321: [GC (GCLocker Initiated GC) 2019-02-01T00:10:03.382+0000: 790778.339: [SoftReference, 0 refs, 0.0001298 secs]2019-02-01T00:10:03.382+0000: 790778.340: [WeakReference, 59 refs, 0.0000483 secs]2019-02-01T00:10:03.382+0000: 790778.340: [FinalReference, 592 refs, 0.0004017 secs]2019-02-01T00:10:03.382+0000: 790778.340: [PhantomReference, 0 refs, 2 refs, 0.0000310 secs]2019-02-01T00:10:03.382+0000: 790778.340: [JNI Weak Reference, 0.0000332 secs]
Desired survivor size 108527616 bytes, new threshold 1 (max 15)
[PSYoungGen: 1225003K->86790K(1230336K)] 3010581K->1888567K(4502528K), 0.0250014 secs] [Times: user=0.27 sys=0.00, real=0.03 secs] 
2019-02-01T00:10:03.388+0000: 790778.346: Total time for which application threads were stopped: 0.0318862 seconds, Stopping threads took: 0.0005473 seconds
2019-02-01T00:10:06.287+0000: 790781.244: Application time: 2.8984833 seconds
2019-02-01T00:10:06.294+0000: 790781.252: Total time for which application threads were stopped: 0.0073245 seconds, Stopping threads took: 0.0001690 seconds
2019-02-01T00:10:06.294+0000: 790781.252: Application time: 0.0003919 seconds
2019-02-01T00:10:06.302+0000: 790781.260: [GC (GCLocker Initiated GC) 2019-02-01T00:10:06.314+0000: 790781.272: [SoftReference, 0 refs, 0.0000673 secs]2019-02-01T00:10:06.314+0000: 790781.272: [WeakReference, 19 refs, 0.0000269 secs]2019-02-01T00:10:06.314+0000: 790781.272: [FinalReference, 647 refs, 0.0004998 secs]2019-02-01T00:10:06.315+0000: 790781.273: [PhantomReference, 0 refs, 0 refs, 0.0000194 secs]2019-02-01T00:10:06.315+0000: 790781.273: [JNI Weak Reference, 0.0000318 secs]
Desired survivor size 106954752 bytes, new threshold 1 (max 15)
[PSYoungGen: 1222918K->40552K(1242112K)] 3024715K->1847086K(4514304K), 0.0182378 secs] [Times: user=0.21 sys=0.01, real=0.02 secs] 
2019-02-01T00:10:06.320+0000: 790781.278: Total time for which application threads were stopped: 0.0257633 seconds, Stopping threads took: 0.0001152 seconds
2019-02-01T00:10:11.209+0000: 790786.167: Application time: 4.8888337 seconds
2019-02-01T00:10:11.217+0000: 790786.174: Total time for which application threads were stopped: 0.0075354 seconds, Stopping threads took: 0.0002277 seconds
2019-02-01T00:10:11.217+0000: 790786.175: Application time: 0.0004393 seconds
2019-02-01T00:10:11.224+0000: 790786.182: [GC (GCLocker Initiated GC) 2019-02-01T00:10:13.418+0000: 790788.376: [SoftReference, 0 refs, 0.0000589 secs]2019-02-01T00:10:13.418+0000: 790788.376: [WeakReference, 6 refs, 0.0000164 secs]2019-02-01T00:10:13.418+0000: 790788.376: [FinalReference, 644 refs, 0.0003542 secs]2019-02-01T00:10:13.419+0000: 790788.376: [PhantomReference, 0 refs, 0 refs, 0.0000121 secs]2019-02-01T00:10:13.419+0000: 790788.376: [JNI Weak Reference, 0.0000185 secs]
Desired survivor size 105381888 bytes, new threshold 1 (max 15)
[PSYoungGen: 1176680K->39668K(1382400K)] 2986548K->1861921K(4654592K), 2.1989170 secs] [Times: user=30.68 sys=18.12, real=2.20 secs] 
2019-02-01T00:10:13.423+0000: 790788.381: Total time for which application threads were stopped: 2.2063991 seconds, Stopping threads took: 0.0001948 seconds
2019-02-01T00:10:16.461+0000: 790791.418: Application time: 3.0371882 seconds
2019-02-01T00:10:16.467+0000: 790791.424: Total time for which application threads were stopped: 0.0059642 seconds, Stopping threads took: 0.0002410 seconds
2019-02-01T00:10:16.468+0000: 790791.426: Application time: 0.0011325 seconds
2019-02-01T00:10:16.475+0000: 790791.433: [GC (GCLocker Initiated GC) 2019-02-01T00:10:17.985+0000: 790792.942: [SoftReference, 0 refs, 0.0000463 secs]2019-02-01T00:10:17.985+0000: 790792.943: [WeakReference, 23 refs, 0.0000203 secs]2019-02-01T00:10:17.985+0000: 790792.943: [FinalReference, 699 refs, 0.0003557 secs]2019-02-01T00:10:17.985+0000: 790792.943: [PhantomReference, 0 refs, 0 refs, 0.0000118 secs]2019-02-01T00:10:17.985+0000: 790792.943: [JNI Weak Reference, 0.0000187 secs]
Desired survivor size 111149056 bytes, new threshold 1 (max 15)
[PSYoungGen: 1317620K->84265K(1380864K)] 3143347K->1912972K(4653056K), 1.5135883 secs] [Times: user=8.58 sys=24.93, real=1.52 secs] 
2019-02-01T00:10:17.989+0000: 790792.947: Total time for which application threads were stopped: 1.5213492 seconds, Stopping threads took: 0.0001749 seconds
2019-02-01T00:10:19.927+0000: 790794.885: Application time: 1.9383429 seconds
2019-02-01T00:10:19.934+0000: 790794.892: Total time for which application threads were stopped: 0.0064247 seconds, Stopping threads took: 0.0008324 seconds
2019-02-01T00:10:19.935+0000: 790794.893: Application time: 0.0009400 seconds
2019-02-01T00:10:19.942+0000: 790794.900: [GC (GCLocker Initiated GC) 2019-02-01T00:10:23.650+0000: 790798.608: [SoftReference, 0 refs, 0.0000529 secs]2019-02-01T00:10:23.650+0000: 790798.608: [WeakReference, 32 refs, 0.0000240 secs]2019-02-01T00:10:23.650+0000: 790798.608: [FinalReference, 786 refs, 0.0003609 secs]2019-02-01T00:10:23.650+0000: 790798.608: [PhantomReference, 0 refs, 8 refs, 0.0000126 secs]2019-02-01T00:10:23.650+0000: 790798.608: [JNI Weak Reference, 0.0000255 secs]
Desired survivor size 128450560 bytes, new threshold 1 (max 15)
[PSYoungGen: 1362217K->108529K(1619456K)] 3191067K->1945359K(4891648K), 3.7119454 secs] [Times: user=20.28 sys=62.70, real=3.71 secs] 
2019-02-01T00:10:23.654+0000: 790798.612: Total time for which application threads were stopped: 3.7194376 seconds, Stopping threads took: 0.0016456 seconds
2019-02-01T00:10:38.113+0000: 790813.071: Application time: 14.4586461 seconds
2019-02-01T00:10:38.130+0000: 790813.088: Total time for which application threads were stopped: 0.0170995 seconds, Stopping threads took: 0.0104695 seconds
2019-02-01T00:10:38.157+0000: 790813.114: Application time: 0.0266165 seconds
2019-02-01T00:10:38.173+0000: 790813.131: [GC (GCLocker Initiated GC) 2019-02-01T00:10:38.218+0000: 790813.176: [SoftReference, 0 refs, 0.0000611 secs]2019-02-01T00:10:38.218+0000: 790813.176: [WeakReference, 100 refs, 0.0000455 secs]2019-02-01T00:10:38.218+0000: 790813.176: [FinalReference, 844 refs, 0.0065066 secs]2019-02-01T00:10:38.225+0000: 790813.183: [PhantomReference, 0 refs, 89 refs, 0.0000464 secs]2019-02-01T00:10:38.225+0000: 790813.183: [JNI Weak Reference, 0.0000195 secs]
Desired survivor size 193462272 bytes, new threshold 1 (max 15)
[PSYoungGen: 1619441K->125434K(1636352K)] 3519834K->2152847K(4908544K), 0.0548821 secs] [Times: user=0.00 sys=0.00, real=0.05 secs] 
2019-02-01T00:10:38.228+0000: 790813.186: Total time for which application threads were stopped: 0.0718926 seconds, Stopping threads took: 0.0077305 seconds
2019-02-01T00:10:40.371+0000: 790815.329: Application time: 2.1423020 seconds
2019-02-01T00:10:40.380+0000: 790815.337: Total time for which application threads were stopped: 0.0088017 seconds, Stopping threads took: 0.0018516 seconds
2019-02-01T00:10:40.437+0000: 790815.394: Application time: 0.0570646 seconds
2019-02-01T00:10:40.444+0000: 790815.401: Total time for which application threads were stopped: 0.0070239 seconds, Stopping threads took: 0.0013828 seconds
2019-02-01T00:10:40.446+0000: 790815.403: Application time: 0.0018820 seconds
2019-02-01T00:10:40.452+0000: 790815.410: [GC (GCLocker Initiated GC) 2019-02-01T00:10:40.482+0000: 790815.439: [SoftReference, 0 refs, 0.0000542 secs]2019-02-01T00:10:40.482+0000: 790815.440: [WeakReference, 17 refs, 0.0000171 secs]2019-02-01T00:10:40.482+0000: 790815.440: [FinalReference, 914 refs, 0.0039420 secs]2019-02-01T00:10:40.486+0000: 790815.444: [PhantomReference, 0 refs, 56 refs, 0.0000268 secs]2019-02-01T00:10:40.486+0000: 790815.444: [JNI Weak Reference, 0.0000196 secs]
Desired survivor size 191365120 bytes, new threshold 1 (max 15)
[PSYoungGen: 1636346K->106017K(1735168K)] 3670480K->2176517K(5007360K), 0.0370113 secs] [Times: user=0.42 sys=0.18, real=0.03 secs] 
2019-02-01T00:10:40.489+0000: 790815.447: Total time for which application threads were stopped: 0.0436560 seconds, Stopping threads took: 0.0002122 seconds
2019-02-01T00:10:44.100+0000: 790819.057: Application time: 3.6104471 seconds
2019-02-01T00:10:44.105+0000: 790819.063: Total time for which application threads were stopped: 0.0058411 seconds, Stopping threads took: 0.0001838 seconds
2019-02-01T00:10:44.106+0000: 790819.064: Application time: 0.0006247 seconds
2019-02-01T00:10:44.112+0000: 790819.070: [GC (GCLocker Initiated GC) 2019-02-01T00:10:44.135+0000: 790819.093: [SoftReference, 0 refs, 0.0000801 secs]2019-02-01T00:10:44.135+0000: 790819.093: [WeakReference, 28 refs, 0.0000461 secs]2019-02-01T00:10:44.135+0000: 790819.093: [FinalReference, 936 refs, 0.0007261 secs]2019-02-01T00:10:44.136+0000: 790819.094: [PhantomReference, 0 refs, 1 refs, 0.0000204 secs]2019-02-01T00:10:44.136+0000: 790819.094: [JNI Weak Reference, 0.0000321 secs]
Desired survivor size 183500800 bytes, new threshold 1 (max 15)
[PSYoungGen: 1652257K->70428K(1616896K)] 3722805K->2187040K(4889088K), 0.0293651 secs] [Times: user=0.47 sys=0.01, real=0.03 secs] 
2019-02-01T00:10:44.142+0000: 790819.100: Total time for which application threads were stopped: 0.0355532 seconds, Stopping threads took: 0.0001988 seconds
2019-02-01T00:10:47.085+0000: 790822.042: Application time: 2.9428528 seconds
2019-02-01T00:10:47.091+0000: 790822.048: Total time for which application threads were stopped: 0.0060364 seconds, Stopping threads took: 0.0003607 seconds
2019-02-01T00:10:47.091+0000: 790822.049: Application time: 0.0008709 seconds
2019-02-01T00:10:47.097+0000: 790822.055: [GC (GCLocker Initiated GC) 2019-02-01T00:10:47.112+0000: 790822.070: [SoftReference, 0 refs, 0.0000631 secs]2019-02-01T00:10:47.113+0000: 790822.070: [WeakReference, 26 refs, 0.0000301 secs]2019-02-01T00:10:47.113+0000: 790822.070: [FinalReference, 795 refs, 0.0005933 secs]2019-02-01T00:10:47.113+0000: 790822.071: [PhantomReference, 0 refs, 0 refs, 0.0000188 secs]2019-02-01T00:10:47.113+0000: 790822.071: [JNI Weak Reference, 0.0000322 secs]
Desired survivor size 176685056 bytes, new threshold 1 (max 15)
[PSYoungGen: 1616668K->66486K(1732096K)] 3736649K->2189630K(5004288K), 0.0204797 secs] [Times: user=0.27 sys=0.00, real=0.02 secs] 
2019-02-01T00:10:47.118+0000: 790822.076: Total time for which application threads were stopped: 0.0267637 seconds, Stopping threads took: 0.0001764 seconds
2019-02-01T00:10:50.475+0000: 790825.433: Application time: 3.3569976 seconds
2019-02-01T00:10:50.483+0000: 790825.441: Total time for which application threads were stopped: 0.0078691 seconds, Stopping threads took: 0.0002729 seconds
2019-02-01T00:10:50.484+0000: 790825.442: Application time: 0.0008630 seconds
2019-02-01T00:10:50.490+0000: 790825.448: [GC (GCLocker Initiated GC) 2019-02-01T00:10:50.504+0000: 790825.462: [SoftReference, 0 refs, 0.0000623 secs]2019-02-01T00:10:50.504+0000: 790825.462: [WeakReference, 57 refs, 0.0000399 secs]2019-02-01T00:10:50.504+0000: 790825.462: [FinalReference, 889 refs, 0.0006555 secs]2019-02-01T00:10:50.505+0000: 790825.462: [PhantomReference, 0 refs, 0 refs, 0.0000161 secs]2019-02-01T00:10:50.505+0000: 790825.462: [JNI Weak Reference, 0.0000270 secs]
Desired survivor size 168296448 bytes, new threshold 1 (max 15)
[PSYoungGen: 1619382K->77959K(1725440K)] 3742542K->2205632K(4997632K), 0.0191680 secs] [Times: user=0.28 sys=0.00, real=0.02 secs] 
2019-02-01T00:10:50.509+0000: 790825.467: Total time for which application threads were stopped: 0.0251421 seconds, Stopping threads took: 0.0002201 seconds
2019-02-01T00:10:53.627+0000: 790828.585: Application time: 3.1179955 seconds
2019-02-01T00:10:53.633+0000: 790828.591: Total time for which application threads were stopped: 0.0056530 seconds, Stopping threads took: 0.0002158 seconds
2019-02-01T00:10:53.634+0000: 790828.591: Application time: 0.0007928 seconds
2019-02-01T00:10:53.639+0000: 790828.597: [GC (GCLocker Initiated GC) 2019-02-01T00:10:53.655+0000: 790828.613: [SoftReference, 0 refs, 0.0000455 secs]2019-02-01T00:10:53.655+0000: 790828.613: [WeakReference, 7 refs, 0.0000117 secs]2019-02-01T00:10:53.655+0000: 790828.613: [FinalReference, 795 refs, 0.0003834 secs]2019-02-01T00:10:53.655+0000: 790828.613: [PhantomReference, 0 refs, 0 refs, 0.0000095 secs]2019-02-01T00:10:53.655+0000: 790828.613: [JNI Weak Reference, 0.0000181 secs]
Desired survivor size 160432128 bytes, new threshold 1 (max 15)
[PSYoungGen: 1630855K->79082K(1741824K)] 3761890K->2214465K(5014016K), 0.0195329 secs] [Times: user=0.31 sys=0.01, real=0.02 secs] 
2019-02-01T00:10:53.659+0000: 790828.617: Total time for which application threads were stopped: 0.0253244 seconds, Stopping threads took: 0.0001680 seconds
2019-02-01T00:10:56.945+0000: 790831.903: Application time: 3.2857956 seconds
2019-02-01T00:10:56.955+0000: 790831.913: Total time for which application threads were stopped: 0.0104671 seconds, Stopping threads took: 0.0047218 seconds
2019-02-01T00:10:56.957+0000: 790831.914: Application time: 0.0013955 seconds
2019-02-01T00:10:56.963+0000: 790831.921: [GC (GCLocker Initiated GC) 2019-02-01T00:10:56.980+0000: 790831.938: [SoftReference, 0 refs, 0.0000626 secs]2019-02-01T00:10:56.980+0000: 790831.938: [WeakReference, 77 refs, 0.0000379 secs]2019-02-01T00:10:56.980+0000: 790831.938: [FinalReference, 875 refs, 0.0004955 secs]2019-02-01T00:10:56.980+0000: 790831.938: [PhantomReference, 0 refs, 3 refs, 0.0000116 secs]2019-02-01T00:10:56.980+0000: 790831.938: [JNI Weak Reference, 0.0000186 secs]
Desired survivor size 155189248 bytes, new threshold 1 (max 15)
[PSYoungGen: 1657066K->64991K(1734656K)] 3809996K->2223043K(5006848K), 0.0206908 secs] [Times: user=0.34 sys=0.01, real=0.03 secs] 
2019-02-01T00:10:56.984+0000: 790831.942: Total time for which application threads were stopped: 0.0274269 seconds, Stopping threads took: 0.0007039 seconds
2019-02-01T00:10:59.827+0000: 790834.785: Application time: 2.8433981 seconds
2019-02-01T00:10:59.833+0000: 790834.791: Total time for which application threads were stopped: 0.0059118 seconds, Stopping threads took: 0.0002697 seconds
2019-02-01T00:10:59.834+0000: 790834.792: Application time: 0.0006062 seconds
2019-02-01T00:10:59.841+0000: 790834.799: [GC (GCLocker Initiated GC) 2019-02-01T00:10:59.856+0000: 790834.814: [SoftReference, 0 refs, 0.0000639 secs]2019-02-01T00:10:59.856+0000: 790834.814: [WeakReference, 4 refs, 0.0000261 secs]2019-02-01T00:10:59.856+0000: 790834.814: [FinalReference, 786 refs, 0.0005695 secs]2019-02-01T00:10:59.857+0000: 790834.815: [PhantomReference, 0 refs, 0 refs, 0.0000187 secs]2019-02-01T00:10:59.857+0000: 790834.815: [JNI Weak Reference, 0.0000320 secs]
Desired survivor size 150470656 bytes, new threshold 1 (max 15)
[PSYoungGen: 1642975K->65954K(1757696K)] 3804500K->2233660K(5029888K), 0.0211610 secs] [Times: user=0.26 sys=0.01, real=0.02 secs] 
2019-02-01T00:10:59.862+0000: 790834.820: Total time for which application threads were stopped: 0.0285133 seconds, Stopping threads took: 0.0002809 seconds
2019-02-01T00:11:03.202+0000: 790838.159: Application time: 3.3391280 seconds
2019-02-01T00:11:03.208+0000: 790838.166: Total time for which application threads were stopped: 0.0066799 seconds, Stopping threads took: 0.0007692 seconds
2019-02-01T00:11:03.210+0000: 790838.168: Application time: 0.0014555 seconds
2019-02-01T00:11:03.218+0000: 790838.176: [GC (GCLocker Initiated GC) 2019-02-01T00:11:03.233+0000: 790838.191: [SoftReference, 0 refs, 0.0000620 secs]2019-02-01T00:11:03.233+0000: 790838.191: [WeakReference, 52 refs, 0.0000445 secs]2019-02-01T00:11:03.233+0000: 790838.191: [FinalReference, 887 refs, 0.0007477 secs]2019-02-01T00:11:03.234+0000: 790838.192: [PhantomReference, 0 refs, 1 refs, 0.0000205 secs]2019-02-01T00:11:03.234+0000: 790838.192: [JNI Weak Reference, 0.0000318 secs]
Desired survivor size 145752064 bytes, new threshold 1 (max 15)
[PSYoungGen: 1672098K->63476K(1753088K)] 3846508K->2243724K(5025280K), 0.0206328 secs] [Times: user=0.29 sys=0.01, real=0.02 secs] 
2019-02-01T00:11:03.239+0000: 790838.197: Total time for which application threads were stopped: 0.0290640 seconds, Stopping threads took: 0.0005755 seconds
2019-02-01T00:11:06.772+0000: 790841.729: Application time: 3.5328028 seconds
2019-02-01T00:11:06.777+0000: 790841.735: Total time for which application threads were stopped: 0.0056018 seconds, Stopping threads took: 0.0001528 seconds
2019-02-01T00:11:06.778+0000: 790841.736: Application time: 0.0005763 seconds
2019-02-01T00:11:06.784+0000: 790841.741: [GC (GCLocker Initiated GC) 2019-02-01T00:11:06.798+0000: 790841.756: [SoftReference, 0 refs, 0.0000684 secs]2019-02-01T00:11:06.798+0000: 790841.756: [WeakReference, 77 refs, 0.0000521 secs]2019-02-01T00:11:06.798+0000: 790841.756: [FinalReference, 895 refs, 0.0006990 secs]2019-02-01T00:11:06.799+0000: 790841.756: [PhantomReference, 0 refs, 0 refs, 0.0000190 secs]2019-02-01T00:11:06.799+0000: 790841.756: [JNI Weak Reference, 0.0000314 secs]
Desired survivor size 141557760 bytes, new threshold 1 (max 15)
[PSYoungGen: 1669620K->65255K(1769984K)] 3850664K->2250445K(5042176K), 0.0189782 secs] [Times: user=0.27 sys=0.00, real=0.02 secs] 
2019-02-01T00:11:06.803+0000: 790841.761: Total time for which application threads were stopped: 0.0249396 seconds, Stopping threads took: 0.0001934 seconds
2019-02-01T00:11:10.417+0000: 790845.375: Application time: 3.6140276 seconds
2019-02-01T00:11:10.424+0000: 790845.382: Total time for which application threads were stopped: 0.0074732 seconds, Stopping threads took: 0.0020949 seconds
2019-02-01T00:11:10.425+0000: 790845.383: Application time: 0.0008453 seconds
2019-02-01T00:11:10.432+0000: 790845.390: [GC (GCLocker Initiated GC) 2019-02-01T00:11:10.452+0000: 790845.410: [SoftReference, 0 refs, 0.0000503 secs]2019-02-01T00:11:10.452+0000: 790845.410: [WeakReference, 37 refs, 0.0000303 secs]2019-02-01T00:11:10.452+0000: 790845.410: [FinalReference, 822 refs, 0.0004991 secs]2019-02-01T00:11:10.453+0000: 790845.410: [PhantomReference, 0 refs, 1 refs, 0.0000144 secs]2019-02-01T00:11:10.453+0000: 790845.410: [JNI Weak Reference, 0.0000222 secs]
Desired survivor size 139984896 bytes, new threshold 1 (max 15)
[PSYoungGen: 1692903K->89397K(1765888K)] 3881456K->2282148K(5038080K), 0.0240764 secs] [Times: user=0.38 sys=0.01, real=0.03 secs] 
2019-02-01T00:11:10.457+0000: 790845.414: Total time for which application threads were stopped: 0.0315028 seconds, Stopping threads took: 0.0002812 seconds
2019-02-01T00:11:13.801+0000: 790848.759: Application time: 3.3442075 seconds
2019-02-01T00:11:13.810+0000: 790848.768: Total time for which application threads were stopped: 0.0094585 seconds, Stopping threads took: 0.0010613 seconds
2019-02-01T00:11:13.812+0000: 790848.770: Application time: 0.0015266 seconds
2019-02-01T00:11:13.821+0000: 790848.778: [GC (GCLocker Initiated GC) 2019-02-01T00:11:13.839+0000: 790848.797: [SoftReference, 0 refs, 0.0000626 secs]2019-02-01T00:11:13.840+0000: 790848.797: [WeakReference, 49 refs, 0.0000277 secs]2019-02-01T00:11:13.840+0000: 790848.797: [FinalReference, 780 refs, 0.0004120 secs]2019-02-01T00:11:13.840+0000: 790848.798: [PhantomReference, 0 refs, 1 refs, 0.0000110 secs]2019-02-01T00:11:13.840+0000: 790848.798: [JNI Weak Reference, 0.0000193 secs]
Desired survivor size 137363456 bytes, new threshold 1 (max 15)
[PSYoungGen: 1717045K->85609K(1780736K)] 3913169K->2289965K(5052928K), 0.0224085 secs] [Times: user=0.34 sys=0.04, real=0.02 secs] 
2019-02-01T00:11:13.843+0000: 790848.801: Total time for which application threads were stopped: 0.0315148 seconds, Stopping threads took: 0.0001978 seconds
2019-02-01T00:11:17.632+0000: 790852.590: Application time: 3.7889690 seconds
2019-02-01T00:11:17.642+0000: 790852.599: Total time for which application threads were stopped: 0.0092694 seconds, Stopping threads took: 0.0003581 seconds
2019-02-01T00:11:17.643+0000: 790852.601: Application time: 0.0011960 seconds
2019-02-01T00:11:17.652+0000: 790852.610: [GC (GCLocker Initiated GC) 2019-02-01T00:11:17.667+0000: 790852.625: [SoftReference, 0 refs, 0.0000570 secs]2019-02-01T00:11:17.667+0000: 790852.625: [WeakReference, 10 refs, 0.0000140 secs]2019-02-01T00:11:17.667+0000: 790852.625: [FinalReference, 1002 refs, 0.0004944 secs]2019-02-01T00:11:17.668+0000: 790852.626: [PhantomReference, 0 refs, 1 refs, 0.0000110 secs]2019-02-01T00:11:17.668+0000: 790852.626: [JNI Weak Reference, 0.0000201 secs]
Desired survivor size 134217728 bytes, new threshold 1 (max 15)
[PSYoungGen: 1729641K->63088K(1778176K)] 3937375K->2274669K(5050368K), 0.0189775 secs] [Times: user=0.28 sys=0.00, real=0.02 secs] 
2019-02-01T00:11:17.672+0000: 790852.629: Total time for which application threads were stopped: 0.0287550 seconds, Stopping threads took: 0.0006448 seconds
2019-02-01T00:11:21.066+0000: 790856.024: Application time: 3.3946272 seconds
2019-02-01T00:11:21.075+0000: 790856.033: Total time for which application threads were stopped: 0.0089563 seconds, Stopping threads took: 0.0002708 seconds
2019-02-01T00:11:21.076+0000: 790856.034: Application time: 0.0007939 seconds
2019-02-01T00:11:21.084+0000: 790856.042: [GC (GCLocker Initiated GC) 2019-02-01T00:11:21.098+0000: 790856.056: [SoftReference, 0 refs, 0.0000612 secs]2019-02-01T00:11:21.098+0000: 790856.056: [WeakReference, 7 refs, 0.0000128 secs]2019-02-01T00:11:21.098+0000: 790856.056: [FinalReference, 846 refs, 0.0004742 secs]2019-02-01T00:11:21.098+0000: 790856.056: [PhantomReference, 0 refs, 1 refs, 0.0000113 secs]2019-02-01T00:11:21.098+0000: 790856.056: [JNI Weak Reference, 0.0000192 secs]
Desired survivor size 131596288 bytes, new threshold 1 (max 15)
[PSYoungGen: 1707120K->84550K(1784832K)] 3918752K->2300548K(5057024K), 0.0179544 secs] [Times: user=0.27 sys=0.01, real=0.02 secs] 
2019-02-01T00:11:21.102+0000: 790856.060: Total time for which application threads were stopped: 0.0260970 seconds, Stopping threads took: 0.0003139 seconds
2019-02-01T00:11:24.424+0000: 790859.382: Application time: 3.3218081 seconds
2019-02-01T00:11:24.435+0000: 790859.393: Total time for which application threads were stopped: 0.0115887 seconds, Stopping threads took: 0.0027637 seconds
2019-02-01T00:11:24.437+0000: 790859.395: Application time: 0.0014706 seconds
2019-02-01T00:11:24.446+0000: 790859.404: [GC (GCLocker Initiated GC) 2019-02-01T00:11:24.462+0000: 790859.420: [SoftReference, 0 refs, 0.0000577 secs]2019-02-01T00:11:24.462+0000: 790859.420: [WeakReference, 24 refs, 0.0000217 secs]2019-02-01T00:11:24.462+0000: 790859.420: [FinalReference, 860 refs, 0.0003868 secs]2019-02-01T00:11:24.462+0000: 790859.420: [PhantomReference, 0 refs, 3 refs, 0.0000115 secs]2019-02-01T00:11:24.462+0000: 790859.420: [JNI Weak Reference, 0.0000194 secs]
Desired survivor size 129499136 bytes, new threshold 1 (max 15)
[PSYoungGen: 1738310K->85867K(1782272K)] 3964340K->2315886K(5054464K), 0.0192270 secs] [Times: user=0.28 sys=0.00, real=0.02 secs] 
2019-02-01T00:11:24.466+0000: 790859.424: Total time for which application threads were stopped: 0.0290002 seconds, Stopping threads took: 0.0006225 seconds
2019-02-01T00:11:28.209+0000: 790863.167: Application time: 3.7432650 seconds
2019-02-01T00:11:28.217+0000: 790863.175: Total time for which application threads were stopped: 0.0075973 seconds, Stopping threads took: 0.0003008 seconds
2019-02-01T00:11:28.217+0000: 790863.175: Application time: 0.0006994 seconds
2019-02-01T00:11:28.225+0000: 790863.183: [GC (GCLocker Initiated GC) 2019-02-01T00:11:28.251+0000: 790863.209: [SoftReference, 0 refs, 0.0000511 secs]2019-02-01T00:11:28.251+0000: 790863.209: [WeakReference, 53 refs, 0.0000406 secs]2019-02-01T00:11:28.252+0000: 790863.209: [FinalReference, 941 refs, 0.0005000 secs]2019-02-01T00:11:28.252+0000: 790863.210: [PhantomReference, 0 refs, 0 refs, 0.0000103 secs]2019-02-01T00:11:28.252+0000: 790863.210: [JNI Weak Reference, 0.0000189 secs]
Desired survivor size 143130624 bytes, new threshold 1 (max 15)
[PSYoungGen: 1739627K->126376K(1768960K)] 3970499K->2365041K(5041152K), 0.0303644 secs] [Times: user=0.40 sys=0.10, real=0.03 secs] 
2019-02-01T00:11:28.256+0000: 790863.213: Total time for which application threads were stopped: 0.0380720 seconds, Stopping threads took: 0.0002205 seconds
2019-02-01T00:11:31.308+0000: 790866.266: Application time: 3.0524555 seconds
2019-02-01T00:11:31.314+0000: 790866.272: Total time for which application threads were stopped: 0.0063245 seconds, Stopping threads took: 0.0004188 seconds
2019-02-01T00:11:31.315+0000: 790866.273: Application time: 0.0006950 seconds
2019-02-01T00:11:31.321+0000: 790866.279: [GC (GCLocker Initiated GC) 2019-02-01T00:11:31.340+0000: 790866.297: [SoftReference, 0 refs, 0.0000567 secs]2019-02-01T00:11:31.340+0000: 790866.298: [WeakReference, 35 refs, 0.0000233 secs]2019-02-01T00:11:31.340+0000: 790866.298: [FinalReference, 797 refs, 0.0004163 secs]2019-02-01T00:11:31.340+0000: 790866.298: [PhantomReference, 0 refs, 0 refs, 0.0000099 secs]2019-02-01T00:11:31.340+0000: 790866.298: [JNI Weak Reference, 0.0000186 secs]
Desired survivor size 138412032 bytes, new threshold 1 (max 15)
[PSYoungGen: 1768872K->86155K(1782272K)] 4010873K->2332292K(5054464K), 0.0219696 secs] [Times: user=0.33 sys=0.00, real=0.02 secs] 
2019-02-01T00:11:31.344+0000: 790866.301: Total time for which application threads were stopped: 0.0284745 seconds, Stopping threads took: 0.0002123 seconds
2019-02-01T00:11:34.413+0000: 790869.371: Application time: 3.0693141 seconds
2019-02-01T00:11:34.421+0000: 790869.379: Total time for which application threads were stopped: 0.0078942 seconds, Stopping threads took: 0.0002581 seconds
2019-02-01T00:11:34.422+0000: 790869.380: Application time: 0.0011136 seconds
2019-02-01T00:11:34.430+0000: 790869.388: [GC (GCLocker Initiated GC) 2019-02-01T00:11:34.444+0000: 790869.402: [SoftReference, 0 refs, 0.0000882 secs]2019-02-01T00:11:34.444+0000: 790869.402: [WeakReference, 7 refs, 0.0000133 secs]2019-02-01T00:11:34.444+0000: 790869.402: [FinalReference, 861 refs, 0.0004434 secs]2019-02-01T00:11:34.445+0000: 790869.403: [PhantomReference, 0 refs, 0 refs, 0.0000093 secs]2019-02-01T00:11:34.445+0000: 790869.403: [JNI Weak Reference, 0.0000177 secs]
Desired survivor size 141033472 bytes, new threshold 1 (max 15)
[PSYoungGen: 1728651K->39450K(1781760K)] 3974819K->2290457K(5053952K), 0.0179832 secs] [Times: user=0.24 sys=0.01, real=0.01 secs] 
2019-02-01T00:11:34.448+0000: 790869.406: Total time for which application threads were stopped: 0.0263874 seconds, Stopping threads took: 0.0002430 seconds
2019-02-01T00:11:37.842+0000: 790872.800: Application time: 3.3935800 seconds
2019-02-01T00:11:37.850+0000: 790872.808: Total time for which application threads were stopped: 0.0084985 seconds, Stopping threads took: 0.0003107 seconds
2019-02-01T00:11:37.851+0000: 790872.809: Application time: 0.0010658 seconds
2019-02-01T00:11:37.860+0000: 790872.818: [GC (GCLocker Initiated GC) 2019-02-01T00:11:37.875+0000: 790872.832: [SoftReference, 0 refs, 0.0000462 secs]2019-02-01T00:11:37.875+0000: 790872.832: [WeakReference, 55 refs, 0.0000260 secs]2019-02-01T00:11:37.875+0000: 790872.832: [FinalReference, 872 refs, 0.0004438 secs]2019-02-01T00:11:37.875+0000: 790872.833: [PhantomReference, 0 refs, 0 refs, 0.0000095 secs]2019-02-01T00:11:37.875+0000: 790872.833: [JNI Weak Reference, 0.0000199 secs]
Desired survivor size 136314880 bytes, new threshold 1 (max 15)
[PSYoungGen: 1686042K->71590K(1718272K)] 3937370K->2327880K(4990464K), 0.0184745 secs] [Times: user=0.29 sys=0.00, real=0.02 secs] 
2019-02-01T00:11:37.879+0000: 790872.836: Total time for which application threads were stopped: 0.0271769 seconds, Stopping threads took: 0.0003048 seconds
2019-02-01T00:11:40.369+0000: 790875.326: Application time: 2.4899359 seconds
2019-02-01T00:11:40.375+0000: 790875.333: Total time for which application threads were stopped: 0.0068160 seconds, Stopping threads took: 0.0006982 seconds
2019-02-01T00:11:40.995+0000: 790875.952: Application time: 0.6192832 seconds
2019-02-01T00:11:41.003+0000: 790875.961: Total time for which application threads were stopped: 0.0083442 seconds, Stopping threads took: 0.0001756 seconds
2019-02-01T00:11:41.005+0000: 790875.963: Application time: 0.0019290 seconds
2019-02-01T00:11:41.014+0000: 790875.972: [GC (GCLocker Initiated GC) 2019-02-01T00:11:41.030+0000: 790875.988: [SoftReference, 0 refs, 0.0000762 secs]2019-02-01T00:11:41.030+0000: 790875.988: [WeakReference, 16 refs, 0.0000249 secs]2019-02-01T00:11:41.030+0000: 790875.988: [FinalReference, 885 refs, 0.0007485 secs]2019-02-01T00:11:41.031+0000: 790875.989: [PhantomReference, 0 refs, 0 refs, 0.0000200 secs]2019-02-01T00:11:41.031+0000: 790875.989: [JNI Weak Reference, 0.0000326 secs]
Desired survivor size 136314880 bytes, new threshold 1 (max 15)
[PSYoungGen: 1718182K->94021K(1782272K)] 3978118K->2358670K(5054464K), 0.0214840 secs] [Times: user=0.30 sys=0.01, real=0.02 secs] 
2019-02-01T00:11:41.036+0000: 790875.994: Total time for which application threads were stopped: 0.0308967 seconds, Stopping threads took: 0.0007040 seconds
2019-02-01T00:11:44.266+0000: 790879.224: Application time: 3.2305226 seconds
2019-02-01T00:11:44.272+0000: 790879.230: Total time for which application threads were stopped: 0.0061586 seconds, Stopping threads took: 0.0002681 seconds
2019-02-01T00:11:44.273+0000: 790879.231: Application time: 0.0007256 seconds
2019-02-01T00:11:44.279+0000: 790879.237: [GC (GCLocker Initiated GC) 2019-02-01T00:11:44.296+0000: 790879.254: [SoftReference, 0 refs, 0.0000701 secs]2019-02-01T00:11:44.296+0000: 790879.254: [WeakReference, 31 refs, 0.0000196 secs]2019-02-01T00:11:44.296+0000: 790879.254: [FinalReference, 825 refs, 0.0003815 secs]2019-02-01T00:11:44.296+0000: 790879.254: [PhantomReference, 0 refs, 0 refs, 0.0000104 secs]2019-02-01T00:11:44.296+0000: 790879.254: [JNI Weak Reference, 0.0000186 secs]
Desired survivor size 140509184 bytes, new threshold 1 (max 15)
[PSYoungGen: 1743173K->104983K(1782272K)] 4012216K->2378021K(5054464K), 0.0202122 secs] [Times: user=0.33 sys=0.01, real=0.02 secs] 
2019-02-01T00:11:44.300+0000: 790879.257: Total time for which application threads were stopped: 0.0263402 seconds, Stopping threads took: 0.0002758 seconds
2019-02-01T00:11:48.222+0000: 790883.180: Application time: 3.9224611 seconds
2019-02-01T00:11:48.228+0000: 790883.186: Total time for which application threads were stopped: 0.0060674 seconds, Stopping threads took: 0.0002906 seconds
2019-02-01T00:11:48.229+0000: 790883.187: Application time: 0.0006014 seconds
2019-02-01T00:11:48.235+0000: 790883.192: [GC (GCLocker Initiated GC) 2019-02-01T00:11:48.249+0000: 790883.207: [SoftReference, 0 refs, 0.0000554 secs]2019-02-01T00:11:48.249+0000: 790883.207: [WeakReference, 14 refs, 0.0000158 secs]2019-02-01T00:11:48.249+0000: 790883.207: [FinalReference, 850 refs, 0.0004826 secs]2019-02-01T00:11:48.250+0000: 790883.207: [PhantomReference, 0 refs, 0 refs, 0.0000102 secs]2019-02-01T00:11:48.250+0000: 790883.207: [JNI Weak Reference, 0.0000188 secs]
Desired survivor size 139984896 bytes, new threshold 1 (max 15)
[PSYoungGen: 1754135K->54222K(1785344K)] 4033838K->2338834K(5057536K), 0.0179928 secs] [Times: user=0.28 sys=0.00, real=0.02 secs] 
2019-02-01T00:11:48.253+0000: 790883.211: Total time for which application threads were stopped: 0.0240884 seconds, Stopping threads took: 0.0002252 seconds
2019-02-01T00:11:52.011+0000: 790886.968: Application time: 3.7577002 seconds
2019-02-01T00:11:52.017+0000: 790886.974: Total time for which application threads were stopped: 0.0060204 seconds, Stopping threads took: 0.0002651 seconds
2019-02-01T00:11:52.018+0000: 790886.975: Application time: 0.0010717 seconds
2019-02-01T00:11:52.023+0000: 790886.981: [GC (GCLocker Initiated GC) 2019-02-01T00:11:52.039+0000: 790886.997: [SoftReference, 0 refs, 0.0000513 secs]2019-02-01T00:11:52.039+0000: 790886.997: [WeakReference, 62 refs, 0.0000313 secs]2019-02-01T00:11:52.039+0000: 790886.997: [FinalReference, 866 refs, 0.0004117 secs]2019-02-01T00:11:52.040+0000: 790886.998: [PhantomReference, 0 refs, 0 refs, 0.0000095 secs]2019-02-01T00:11:52.040+0000: 790886.998: [JNI Weak Reference, 0.0000194 secs]
Desired survivor size 134742016 bytes, new threshold 1 (max 15)
[PSYoungGen: 1702350K->81352K(1698816K)] 3987552K->2370644K(4971008K), 0.0236379 secs] [Times: user=0.27 sys=0.00, real=0.02 secs] 
2019-02-01T00:11:52.047+0000: 790887.005: Total time for which application threads were stopped: 0.0296271 seconds, Stopping threads took: 0.0001833 seconds
2019-02-01T00:11:55.901+0000: 790890.859: Application time: 3.8541494 seconds
2019-02-01T00:11:55.909+0000: 790890.867: Total time for which application threads were stopped: 0.0076765 seconds, Stopping threads took: 0.0003905 seconds
2019-02-01T00:11:55.910+0000: 790890.868: Application time: 0.0007762 seconds
2019-02-01T00:11:55.918+0000: 790890.875: [GC (GCLocker Initiated GC) 2019-02-01T00:11:55.934+0000: 790890.892: [SoftReference, 0 refs, 0.0000517 secs]2019-02-01T00:11:55.934+0000: 790890.892: [WeakReference, 50 refs, 0.0000335 secs]2019-02-01T00:11:55.934+0000: 790890.892: [FinalReference, 945 refs, 0.0005252 secs]2019-02-01T00:11:55.935+0000: 790890.893: [PhantomReference, 0 refs, 0 refs, 0.0000145 secs]2019-02-01T00:11:55.935+0000: 790890.893: [JNI Weak Reference, 0.0000247 secs]
Desired survivor size 130547712 bytes, new threshold 1 (max 15)
[PSYoungGen: 1698760K->75101K(1681408K)] 3994725K->2374590K(4953600K), 0.0269241 secs] [Times: user=0.30 sys=0.01, real=0.03 secs] 
2019-02-01T00:11:55.945+0000: 790890.903: Total time for which application threads were stopped: 0.0348441 seconds, Stopping threads took: 0.0001463 seconds
2019-02-01T00:11:59.019+0000: 790893.977: Application time: 3.0740775 seconds
2019-02-01T00:11:59.028+0000: 790893.986: Total time for which application threads were stopped: 0.0090433 seconds, Stopping threads took: 0.0002971 seconds
2019-02-01T00:11:59.029+0000: 790893.987: Application time: 0.0008930 seconds
2019-02-01T00:11:59.038+0000: 790893.996: [GC (GCLocker Initiated GC) 2019-02-01T00:11:59.054+0000: 790894.011: [SoftReference, 0 refs, 0.0000645 secs]2019-02-01T00:11:59.054+0000: 790894.011: [WeakReference, 60 refs, 0.0000330 secs]2019-02-01T00:11:59.054+0000: 790894.011: [FinalReference, 703 refs, 0.0003650 secs]2019-02-01T00:11:59.054+0000: 790894.012: [PhantomReference, 0 refs, 0 refs, 0.0000099 secs]2019-02-01T00:11:59.054+0000: 790894.012: [JNI Weak Reference, 0.0000199 secs]
Desired survivor size 128450560 bytes, new threshold 1 (max 15)
[PSYoungGen: 1662813K->87175K(1646080K)] 3962331K->2392218K(4918272K), 0.0233105 secs] [Times: user=0.32 sys=0.01, real=0.02 secs] 
2019-02-01T00:11:59.061+0000: 790894.019: Total time for which application threads were stopped: 0.0325882 seconds, Stopping threads took: 0.0001709 seconds
2019-02-01T00:12:02.714+0000: 790897.672: Application time: 3.6528432 seconds
2019-02-01T00:12:02.724+0000: 790897.681: Total time for which application threads were stopped: 0.0093338 seconds, Stopping threads took: 0.0004134 seconds
2019-02-01T00:12:02.725+0000: 790897.682: Application time: 0.0010204 seconds
2019-02-01T00:12:02.735+0000: 790897.692: [GC (GCLocker Initiated GC) 2019-02-01T00:12:02.750+0000: 790897.708: [SoftReference, 0 refs, 0.0000611 secs]2019-02-01T00:12:02.750+0000: 790897.708: [WeakReference, 40 refs, 0.0000236 secs]2019-02-01T00:12:02.750+0000: 790897.708: [FinalReference, 846 refs, 0.0004508 secs]2019-02-01T00:12:02.751+0000: 790897.708: [PhantomReference, 0 refs, 1 refs, 0.0000112 secs]2019-02-01T00:12:02.751+0000: 790897.708: [JNI Weak Reference, 0.0000199 secs]
Desired survivor size 124780544 bytes, new threshold 1 (max 15)
[PSYoungGen: 1645703K->82815K(1620480K)] 3954156K->2398847K(4892672K), 0.0237224 secs] [Times: user=0.31 sys=0.01, real=0.02 secs] 
2019-02-01T00:12:02.758+0000: 790897.716: Total time for which application threads were stopped: 0.0339156 seconds, Stopping threads took: 0.0007687 seconds
2019-02-01T00:12:06.213+0000: 790901.171: Application time: 3.4549212 seconds
2019-02-01T00:12:06.223+0000: 790901.181: Total time for which application threads were stopped: 0.0092782 seconds, Stopping threads took: 0.0019061 seconds
2019-02-01T00:12:06.224+0000: 790901.181: Application time: 0.0008346 seconds
2019-02-01T00:12:06.231+0000: 790901.189: [GC (GCLocker Initiated GC) 2019-02-01T00:12:06.246+0000: 790901.204: [SoftReference, 0 refs, 0.0000530 secs]2019-02-01T00:12:06.246+0000: 790901.204: [WeakReference, 16 refs, 0.0000154 secs]2019-02-01T00:12:06.246+0000: 790901.204: [FinalReference, 827 refs, 0.0003937 secs]2019-02-01T00:12:06.247+0000: 790901.204: [PhantomReference, 0 refs, 2 refs, 0.0000177 secs]2019-02-01T00:12:06.247+0000: 790901.204: [JNI Weak Reference, 0.0000200 secs]
Desired survivor size 127401984 bytes, new threshold 1 (max 15)
[PSYoungGen: 1613183K->97756K(1601024K)] 3932817K->2420850K(4873216K), 0.0220514 secs] [Times: user=0.31 sys=0.01, real=0.02 secs] 
2019-02-01T00:12:06.253+0000: 790901.211: Total time for which application threads were stopped: 0.0298472 seconds, Stopping threads took: 0.0003650 seconds
2019-02-01T00:12:09.308+0000: 790904.266: Application time: 3.0550636 seconds
2019-02-01T00:12:09.318+0000: 790904.276: Total time for which application threads were stopped: 0.0092735 seconds, Stopping threads took: 0.0002850 seconds
2019-02-01T00:12:09.318+0000: 790904.276: Application time: 0.0001049 seconds
2019-02-01T00:12:09.325+0000: 790904.283: Total time for which application threads were stopped: 0.0075919 seconds, Stopping threads took: 0.0001226 seconds
2019-02-01T00:12:09.328+0000: 790904.286: Application time: 0.0022988 seconds
2019-02-01T00:12:09.335+0000: 790904.293: [GC (GCLocker Initiated GC) 2019-02-01T00:12:09.352+0000: 790904.310: [SoftReference, 0 refs, 0.0000595 secs]2019-02-01T00:12:09.352+0000: 790904.310: [WeakReference, 12 refs, 0.0000198 secs]2019-02-01T00:12:09.352+0000: 790904.310: [FinalReference, 688 refs, 0.0003520 secs]2019-02-01T00:12:09.352+0000: 790904.310: [PhantomReference, 0 refs, 0 refs, 0.0000103 secs]2019-02-01T00:12:09.352+0000: 790904.310: [JNI Weak Reference, 0.0000192 secs]
Desired survivor size 125829120 bytes, new threshold 1 (max 15)
[PSYoungGen: 1600988K->89695K(1570816K)] 3924465K->2429382K(4843008K), 0.0244671 secs] [Times: user=0.35 sys=0.00, real=0.02 secs] 
2019-02-01T00:12:09.360+0000: 790904.318: Total time for which application threads were stopped: 0.0321656 seconds, Stopping threads took: 0.0002363 seconds
2019-02-01T00:12:12.817+0000: 790907.775: Application time: 3.4571105 seconds
2019-02-01T00:12:12.826+0000: 790907.784: Total time for which application threads were stopped: 0.0094125 seconds, Stopping threads took: 0.0001977 seconds
2019-02-01T00:12:12.828+0000: 790907.786: Application time: 0.0012940 seconds
2019-02-01T00:12:12.837+0000: 790907.795: [GC (GCLocker Initiated GC) 2019-02-01T00:12:12.852+0000: 790907.810: [SoftReference, 0 refs, 0.0000541 secs]2019-02-01T00:12:12.852+0000: 790907.810: [WeakReference, 7 refs, 0.0000125 secs]2019-02-01T00:12:12.852+0000: 790907.810: [FinalReference, 832 refs, 0.0005466 secs]2019-02-01T00:12:12.853+0000: 790907.811: [PhantomReference, 0 refs, 0 refs, 0.0000110 secs]2019-02-01T00:12:12.853+0000: 790907.811: [JNI Weak Reference, 0.0000212 secs]
Desired survivor size 125304832 bytes, new threshold 1 (max 15)
[PSYoungGen: 1566303K->63919K(1515008K)] 3906281K->2410035K(4787200K), 0.0226973 secs] [Times: user=0.31 sys=0.00, real=0.02 secs] 
2019-02-01T00:12:12.860+0000: 790907.818: Total time for which application threads were stopped: 0.0321068 seconds, Stopping threads took: 0.0002450 seconds
2019-02-01T00:12:16.090+0000: 790911.048: Application time: 3.2304461 seconds
2019-02-01T00:12:16.100+0000: 790911.057: Total time for which application threads were stopped: 0.0093081 seconds, Stopping threads took: 0.0003244 seconds
2019-02-01T00:12:16.100+0000: 790911.058: Application time: 0.0008688 seconds
2019-02-01T00:12:16.110+0000: 790911.067: [GC (GCLocker Initiated GC) 2019-02-01T00:12:16.123+0000: 790911.081: [SoftReference, 0 refs, 0.0000533 secs]2019-02-01T00:12:16.123+0000: 790911.081: [WeakReference, 12 refs, 0.0000143 secs]2019-02-01T00:12:16.123+0000: 790911.081: [FinalReference, 801 refs, 0.0003793 secs]2019-02-01T00:12:16.123+0000: 790911.081: [PhantomReference, 0 refs, 1 refs, 0.0000105 secs]2019-02-01T00:12:16.123+0000: 790911.081: [JNI Weak Reference, 0.0000194 secs]
Desired survivor size 124256256 bytes, new threshold 1 (max 15)
[PSYoungGen: 1514927K->62594K(1521152K)] 3864419K->2416953K(4793344K), 0.0197570 secs] [Times: user=0.27 sys=0.01, real=0.02 secs] 
2019-02-01T00:12:16.130+0000: 790911.087: Total time for which application threads were stopped: 0.0290612 seconds, Stopping threads took: 0.0002561 seconds
2019-02-01T00:12:19.365+0000: 790914.322: Application time: 3.2351122 seconds
2019-02-01T00:12:19.372+0000: 790914.330: Total time for which application threads were stopped: 0.0075874 seconds, Stopping threads took: 0.0001839 seconds
2019-02-01T00:12:19.373+0000: 790914.331: Application time: 0.0005045 seconds
2019-02-01T00:12:19.381+0000: 790914.339: [GC (GCLocker Initiated GC) 2019-02-01T00:12:19.399+0000: 790914.357: [SoftReference, 0 refs, 0.0000567 secs]2019-02-01T00:12:19.399+0000: 790914.357: [WeakReference, 42 refs, 0.0000250 secs]2019-02-01T00:12:19.399+0000: 790914.357: [FinalReference, 773 refs, 0.0015080 secs]2019-02-01T00:12:19.401+0000: 790914.359: [PhantomReference, 0 refs, 0 refs, 0.0000140 secs]2019-02-01T00:12:19.401+0000: 790914.359: [JNI Weak Reference, 0.0000198 secs]
Desired survivor size 121634816 bytes, new threshold 1 (max 15)
[PSYoungGen: 1488514K->69214K(1471488K)] 3846991K->2430562K(4743680K), 0.0238935 secs] [Times: user=0.26 sys=0.01, real=0.02 secs] 
2019-02-01T00:12:19.406+0000: 790914.363: Total time for which application threads were stopped: 0.0328081 seconds, Stopping threads took: 0.0010177 seconds
2019-02-01T00:12:22.190+0000: 790917.148: Application time: 2.7845750 seconds
2019-02-01T00:12:22.200+0000: 790917.158: Total time for which application threads were stopped: 0.0098178 seconds, Stopping threads took: 0.0012989 seconds
2019-02-01T00:12:22.200+0000: 790917.158: Application time: 0.0001396 seconds
2019-02-01T00:12:22.209+0000: 790917.167: Total time for which application threads were stopped: 0.0088528 seconds, Stopping threads took: 0.0003480 seconds
2019-02-01T00:12:22.210+0000: 790917.168: Application time: 0.0008177 seconds
2019-02-01T00:12:22.220+0000: 790917.177: [GC (GCLocker Initiated GC) 2019-02-01T00:12:22.234+0000: 790917.192: [SoftReference, 0 refs, 0.0000522 secs]2019-02-01T00:12:22.234+0000: 790917.192: [WeakReference, 49 refs, 0.0000299 secs]2019-02-01T00:12:22.234+0000: 790917.192: [FinalReference, 657 refs, 0.0003391 secs]2019-02-01T00:12:22.234+0000: 790917.192: [PhantomReference, 0 refs, 3 refs, 0.0000137 secs]2019-02-01T00:12:22.234+0000: 790917.192: [JNI Weak Reference, 0.0000201 secs]
Desired survivor size 117964800 bytes, new threshold 1 (max 15)
[PSYoungGen: 1471070K->74168K(1466368K)] 3836544K->2444489K(4738560K), 0.0216895 secs] [Times: user=0.27 sys=0.01, real=0.02 secs] 
2019-02-01T00:12:22.241+0000: 790917.199: Total time for which application threads were stopped: 0.0316921 seconds, Stopping threads took: 0.0009672 seconds
2019-02-01T00:12:25.372+0000: 790920.330: Application time: 3.1306175 seconds
2019-02-01T00:12:25.383+0000: 790920.340: Total time for which application threads were stopped: 0.0105080 seconds, Stopping threads took: 0.0020521 seconds
2019-02-01T00:12:25.384+0000: 790920.341: Application time: 0.0009436 seconds
2019-02-01T00:12:25.392+0000: 790920.350: [GC (GCLocker Initiated GC) 2019-02-01T00:12:25.406+0000: 790920.364: [SoftReference, 0 refs, 0.0000563 secs]2019-02-01T00:12:25.406+0000: 790920.364: [WeakReference, 33 refs, 0.0000214 secs]2019-02-01T00:12:25.406+0000: 790920.364: [FinalReference, 750 refs, 0.0014757 secs]2019-02-01T00:12:25.407+0000: 790920.365: [PhantomReference, 0 refs, 2 refs, 0.0000170 secs]2019-02-01T00:12:25.407+0000: 790920.365: [JNI Weak Reference, 0.0000198 secs]
Desired survivor size 116916224 bytes, new threshold 1 (max 15)
[PSYoungGen: 1452472K->62694K(1418240K)] 3822846K->2437844K(4690432K), 0.0223707 secs] [Times: user=0.26 sys=0.01, real=0.02 secs] 
2019-02-01T00:12:25.415+0000: 790920.373: Total time for which application threads were stopped: 0.0313095 seconds, Stopping threads took: 0.0002543 seconds
2019-02-01T00:12:28.834+0000: 790923.792: Application time: 3.4195811 seconds
2019-02-01T00:12:28.842+0000: 790923.800: Total time for which application threads were stopped: 0.0074252 seconds, Stopping threads took: 0.0003066 seconds
2019-02-01T00:12:28.843+0000: 790923.800: Application time: 0.0007208 seconds
2019-02-01T00:12:28.850+0000: 790923.808: [GC (GCLocker Initiated GC) 2019-02-01T00:12:28.869+0000: 790923.827: [SoftReference, 0 refs, 0.0000563 secs]2019-02-01T00:12:28.869+0000: 790923.827: [WeakReference, 38 refs, 0.0000372 secs]2019-02-01T00:12:28.869+0000: 790923.827: [FinalReference, 726 refs, 0.0003505 secs]2019-02-01T00:12:28.869+0000: 790923.827: [PhantomReference, 0 refs, 1 refs, 0.0000124 secs]2019-02-01T00:12:28.869+0000: 790923.827: [JNI Weak Reference, 0.0000209 secs]
Desired survivor size 124256256 bytes, new threshold 1 (max 15)
[PSYoungGen: 1417958K->105741K(1438720K)] 3796438K->2487083K(4710912K), 0.0241173 secs] [Times: user=0.37 sys=0.01, real=0.02 secs] 
2019-02-01T00:12:28.875+0000: 790923.832: Total time for which application threads were stopped: 0.0319094 seconds, Stopping threads took: 0.0006381 seconds
2019-02-01T00:12:32.812+0000: 790927.770: Application time: 3.9374857 seconds
2019-02-01T00:12:32.821+0000: 790927.779: Total time for which application threads were stopped: 0.0090002 seconds, Stopping threads took: 0.0004179 seconds
2019-02-01T00:12:32.822+0000: 790927.780: Application time: 0.0010853 seconds
2019-02-01T00:12:32.830+0000: 790927.787: [GC (GCLocker Initiated GC) 2019-02-01T00:12:32.846+0000: 790927.804: [SoftReference, 0 refs, 0.0000553 secs]2019-02-01T00:12:32.846+0000: 790927.804: [WeakReference, 50 refs, 0.0000365 secs]2019-02-01T00:12:32.846+0000: 790927.804: [FinalReference, 758 refs, 0.0003663 secs]2019-02-01T00:12:32.846+0000: 790927.804: [PhantomReference, 0 refs, 0 refs, 0.0000103 secs]2019-02-01T00:12:32.846+0000: 790927.804: [JNI Weak Reference, 0.0000213 secs]
Desired survivor size 122159104 bytes, new threshold 1 (max 15)
[PSYoungGen: 1438477K->66038K(1377280K)] 3823180K->2453568K(4649472K), 0.0236958 secs] [Times: user=0.29 sys=0.01, real=0.02 secs] 
2019-02-01T00:12:32.854+0000: 790927.811: Total time for which application threads were stopped: 0.0314116 seconds, Stopping threads took: 0.0003275 seconds
2019-02-01T00:12:36.254+0000: 790931.212: Application time: 3.4006687 seconds
2019-02-01T00:12:36.262+0000: 790931.220: [GC (Allocation Failure) 2019-02-01T00:12:36.276+0000: 790931.234: [SoftReference, 0 refs, 0.0000594 secs]2019-02-01T00:12:36.276+0000: 790931.234: [WeakReference, 22 refs, 0.0000247 secs]2019-02-01T00:12:36.277+0000: 790931.234: [FinalReference, 722 refs, 0.0003270 secs]2019-02-01T00:12:36.277+0000: 790931.235: [PhantomReference, 0 refs, 0 refs, 0.0000098 secs]2019-02-01T00:12:36.277+0000: 790931.235: [JNI Weak Reference, 0.0000177 secs]
Desired survivor size 125829120 bytes, new threshold 1 (max 15)
[PSYoungGen: 1377270K->33201K(1395712K)] 3764802K->2424503K(4667904K), 0.0202182 secs] [Times: user=0.21 sys=0.01, real=0.02 secs] 
2019-02-01T00:12:36.283+0000: 790931.241: Total time for which application threads were stopped: 0.0285103 seconds, Stopping threads took: 0.0002853 seconds
2019-02-01T00:12:39.707+0000: 790934.665: Application time: 3.4246634 seconds
2019-02-01T00:12:39.717+0000: 790934.674: Total time for which application threads were stopped: 0.0091646 seconds, Stopping threads took: 0.0003574 seconds
2019-02-01T00:12:39.718+0000: 790934.676: Application time: 0.0014535 seconds
2019-02-01T00:12:39.727+0000: 790934.685: [GC (GCLocker Initiated GC) 2019-02-01T00:12:39.742+0000: 790934.700: [SoftReference, 0 refs, 0.0000543 secs]2019-02-01T00:12:39.743+0000: 790934.700: [WeakReference, 12 refs, 0.0000151 secs]2019-02-01T00:12:39.743+0000: 790934.700: [FinalReference, 650 refs, 0.0003451 secs]2019-02-01T00:12:39.743+0000: 790934.701: [PhantomReference, 0 refs, 0 refs, 0.0000122 secs]2019-02-01T00:12:39.743+0000: 790934.701: [JNI Weak Reference, 0.0000196 secs]
Desired survivor size 121110528 bytes, new threshold 1 (max 15)
[PSYoungGen: 1323189K->69936K(1339904K)] 3717813K->2467467K(4612096K), 0.0236366 secs] [Times: user=0.28 sys=0.01, real=0.03 secs] 
2019-02-01T00:12:39.751+0000: 790934.709: Total time for which application threads were stopped: 0.0331360 seconds, Stopping threads took: 0.0003908 seconds
2019-02-01T00:12:40.367+0000: 790935.325: Application time: 0.6157032 seconds
2019-02-01T00:12:40.376+0000: 790935.334: Total time for which application threads were stopped: 0.0090966 seconds, Stopping threads took: 0.0002774 seconds
2019-02-01T00:12:43.275+0000: 790938.233: Application time: 2.8994990 seconds
2019-02-01T00:12:43.284+0000: 790938.242: Total time for which application threads were stopped: 0.0085873 seconds, Stopping threads took: 0.0001902 seconds
2019-02-01T00:12:43.284+0000: 790938.242: Application time: 0.0004075 seconds
2019-02-01T00:12:43.292+0000: 790938.250: [GC (GCLocker Initiated GC) 2019-02-01T00:12:43.303+0000: 790938.261: [SoftReference, 0 refs, 0.0000559 secs]2019-02-01T00:12:43.303+0000: 790938.261: [WeakReference, 16 refs, 0.0000167 secs]2019-02-01T00:12:43.303+0000: 790938.261: [FinalReference, 643 refs, 0.0018971 secs]2019-02-01T00:12:43.305+0000: 790938.263: [PhantomReference, 0 refs, 0 refs, 0.0000140 secs]2019-02-01T00:12:43.305+0000: 790938.263: [JNI Weak Reference, 0.0000177 secs]
Desired survivor size 123731968 bytes, new threshold 1 (max 15)
[PSYoungGen: 1339696K->31494K(1353216K)] 3738154K->2432886K(4625408K), 0.0178201 secs] [Times: user=0.20 sys=0.01, real=0.02 secs] 
2019-02-01T00:12:43.310+0000: 790938.268: Total time for which application threads were stopped: 0.0259757 seconds, Stopping threads took: 0.0002487 seconds
2019-02-01T00:12:47.025+0000: 790941.983: Application time: 3.7146992 seconds
2019-02-01T00:12:47.032+0000: 790941.990: Total time for which application threads were stopped: 0.0071303 seconds, Stopping threads took: 0.0002256 seconds
2019-02-01T00:12:47.034+0000: 790941.991: Application time: 0.0013269 seconds
2019-02-01T00:12:47.041+0000: 790941.999: [GC (GCLocker Initiated GC) 2019-02-01T00:12:47.056+0000: 790942.014: [SoftReference, 0 refs, 0.0000540 secs]2019-02-01T00:12:47.056+0000: 790942.014: [WeakReference, 7 refs, 0.0000129 secs]2019-02-01T00:12:47.056+0000: 790942.014: [FinalReference, 670 refs, 0.0003416 secs]2019-02-01T00:12:47.056+0000: 790942.014: [PhantomReference, 0 refs, 0 refs, 0.0000103 secs]2019-02-01T00:12:47.056+0000: 790942.014: [JNI Weak Reference, 0.0000255 secs]
Desired survivor size 121634816 bytes, new threshold 1 (max 15)
[PSYoungGen: 1281286K->76730K(1307136K)] 3686304K->2485391K(4579328K), 0.0211625 secs] [Times: user=0.27 sys=0.01, real=0.02 secs] 
2019-02-01T00:12:47.062+0000: 790942.020: Total time for which application threads were stopped: 0.0284423 seconds, Stopping threads took: 0.0001403 seconds
2019-02-01T00:12:50.704+0000: 790945.662: Application time: 3.6420463 seconds
2019-02-01T00:12:50.713+0000: 790945.671: Total time for which application threads were stopped: 0.0085855 seconds, Stopping threads took: 0.0002716 seconds
2019-02-01T00:12:50.714+0000: 790945.672: Application time: 0.0012075 seconds
2019-02-01T00:12:50.723+0000: 790945.680: [GC (GCLocker Initiated GC) 2019-02-01T00:12:50.735+0000: 790945.693: [SoftReference, 0 refs, 0.0000731 secs]2019-02-01T00:12:50.735+0000: 790945.693: [WeakReference, 6 refs, 0.0000210 secs]2019-02-01T00:12:50.735+0000: 790945.693: [FinalReference, 723 refs, 0.0006518 secs]2019-02-01T00:12:50.736+0000: 790945.694: [PhantomReference, 0 refs, 0 refs, 0.0000244 secs]2019-02-01T00:12:50.736+0000: 790945.694: [JNI Weak Reference, 0.0000341 secs]
Desired survivor size 121634816 bytes, new threshold 1 (max 15)
[PSYoungGen: 1307066K->38999K(1311232K)] 3719073K->2454841K(4583424K), 0.0203992 secs] [Times: user=0.22 sys=0.00, real=0.02 secs] 
2019-02-01T00:12:50.743+0000: 790945.701: Total time for which application threads were stopped: 0.0293599 seconds, Stopping threads took: 0.0002031 seconds
2019-02-01T00:12:54.153+0000: 790949.111: Application time: 3.4095855 seconds
2019-02-01T00:12:54.164+0000: 790949.121: Total time for which application threads were stopped: 0.0107366 seconds, Stopping threads took: 0.0003385 seconds
2019-02-01T00:12:54.165+0000: 790949.123: Application time: 0.0016410 seconds
2019-02-01T00:12:54.176+0000: 790949.134: [GC (GCLocker Initiated GC) 2019-02-01T00:12:54.190+0000: 790949.148: [SoftReference, 0 refs, 0.0000880 secs]2019-02-01T00:12:54.190+0000: 790949.148: [WeakReference, 28 refs, 0.0000512 secs]2019-02-01T00:12:54.190+0000: 790949.148: [FinalReference, 668 refs, 0.0006819 secs]2019-02-01T00:12:54.191+0000: 790949.149: [PhantomReference, 0 refs, 0 refs, 0.0001105 secs]2019-02-01T00:12:54.191+0000: 790949.149: [JNI Weak Reference, 0.0000360 secs]
Desired survivor size 119013376 bytes, new threshold 1 (max 15)
[PSYoungGen: 1250391K->53468K(1246720K)] 3666285K->2473628K(4518912K), 0.0266014 secs] [Times: user=0.26 sys=0.01, real=0.03 secs] 
2019-02-01T00:12:54.203+0000: 790949.161: Total time for which application threads were stopped: 0.0377364 seconds, Stopping threads took: 0.0003133 seconds
2019-02-01T00:12:57.666+0000: 790952.624: Application time: 3.4634861 seconds
2019-02-01T00:12:57.679+0000: 790952.637: Total time for which application threads were stopped: 0.0124889 seconds, Stopping threads took: 0.0039295 seconds
2019-02-01T00:12:57.680+0000: 790952.638: Application time: 0.0007880 seconds
2019-02-01T00:12:57.689+0000: 790952.647: [GC (GCLocker Initiated GC) 2019-02-01T00:12:57.702+0000: 790952.660: [SoftReference, 0 refs, 0.0000761 secs]2019-02-01T00:12:57.702+0000: 790952.660: [WeakReference, 49 refs, 0.0000402 secs]2019-02-01T00:12:57.702+0000: 790952.660: [FinalReference, 723 refs, 0.0006309 secs]2019-02-01T00:12:57.703+0000: 790952.661: [PhantomReference, 0 refs, 1 refs, 0.0000206 secs]2019-02-01T00:12:57.703+0000: 790952.661: [JNI Weak Reference, 0.0000334 secs]
Desired survivor size 119013376 bytes, new threshold 1 (max 15)
[PSYoungGen: 1246428K->35158K(1273344K)] 3669726K->2462167K(4545536K), 0.0224566 secs] [Times: user=0.22 sys=0.01, real=0.02 secs] 
2019-02-01T00:12:57.712+0000: 790952.670: Total time for which application threads were stopped: 0.0323464 seconds, Stopping threads took: 0.0010862 seconds
2019-02-01T00:13:01.133+0000: 790956.091: Application time: 3.4209532 seconds
2019-02-01T00:13:01.146+0000: 790956.104: Total time for which application threads were stopped: 0.0127409 seconds, Stopping threads took: 0.0042393 seconds
2019-02-01T00:13:01.147+0000: 790956.105: Application time: 0.0009986 seconds
2019-02-01T00:13:01.156+0000: 790956.114: [GC (GCLocker Initiated GC) 2019-02-01T00:13:01.168+0000: 790956.126: [SoftReference, 0 refs, 0.0000715 secs]2019-02-01T00:13:01.168+0000: 790956.126: [WeakReference, 51 refs, 0.0000427 secs]2019-02-01T00:13:01.168+0000: 790956.126: [FinalReference, 622 refs, 0.0004318 secs]2019-02-01T00:13:01.168+0000: 790956.126: [PhantomReference, 0 refs, 1 refs, 0.0000199 secs]2019-02-01T00:13:01.168+0000: 790956.126: [JNI Weak Reference, 0.0000324 secs]
Desired survivor size 118489088 bytes, new threshold 1 (max 15)
[PSYoungGen: 1210198K->33150K(1190912K)] 3640563K->2467762K(4463104K), 0.0215398 secs] [Times: user=0.22 sys=0.01, real=0.02 secs] 
2019-02-01T00:13:01.178+0000: 790956.135: Total time for which application threads were stopped: 0.0307416 seconds, Stopping threads took: 0.0002907 seconds
2019-02-01T00:13:04.176+0000: 790959.134: Application time: 2.9982967 seconds
2019-02-01T00:13:04.185+0000: 790959.142: Total time for which application threads were stopped: 0.0087420 seconds, Stopping threads took: 0.0002329 seconds
2019-02-01T00:13:04.185+0000: 790959.143: Application time: 0.0008134 seconds
2019-02-01T00:13:04.194+0000: 790959.152: [GC (GCLocker Initiated GC) 2019-02-01T00:13:04.213+0000: 790959.171: [SoftReference, 0 refs, 0.0000562 secs]2019-02-01T00:13:04.213+0000: 790959.171: [WeakReference, 63 refs, 0.0000343 secs]2019-02-01T00:13:04.213+0000: 790959.171: [FinalReference, 633 refs, 0.0002864 secs]2019-02-01T00:13:04.213+0000: 790959.171: [PhantomReference, 0 refs, 0 refs, 0.0000100 secs]2019-02-01T00:13:04.213+0000: 790959.171: [JNI Weak Reference, 0.0000193 secs]
Desired survivor size 116391936 bytes, new threshold 1 (max 15)
[PSYoungGen: 1190782K->68707K(1235456K)] 3625417K->2506625K(4507648K), 0.0254171 secs] [Times: user=0.27 sys=0.01, real=0.02 secs] 
2019-02-01T00:13:04.220+0000: 790959.178: Total time for which application threads were stopped: 0.0345937 seconds, Stopping threads took: 0.0002872 seconds
2019-02-01T00:13:07.278+0000: 790962.236: Application time: 3.0580402 seconds
2019-02-01T00:13:07.287+0000: 790962.245: Total time for which application threads were stopped: 0.0086618 seconds, Stopping threads took: 0.0001992 seconds
2019-02-01T00:13:07.287+0000: 790962.245: Application time: 0.0007345 seconds
2019-02-01T00:13:07.296+0000: 790962.254: [GC (GCLocker Initiated GC) 2019-02-01T00:13:07.316+0000: 790962.274: [SoftReference, 0 refs, 0.0000543 secs]2019-02-01T00:13:07.316+0000: 790962.274: [WeakReference, 79 refs, 0.0000346 secs]2019-02-01T00:13:07.316+0000: 790962.274: [FinalReference, 585 refs, 0.0004582 secs]2019-02-01T00:13:07.317+0000: 790962.275: [PhantomReference, 0 refs, 0 refs, 0.0000119 secs]2019-02-01T00:13:07.317+0000: 790962.275: [JNI Weak Reference, 0.0000199 secs]
Desired survivor size 114294784 bytes, new threshold 1 (max 15)
[PSYoungGen: 1209443K->68782K(1193472K)] 3650720K->2513650K(4465664K), 0.0252966 secs] [Times: user=0.31 sys=0.00, real=0.02 secs] 
2019-02-01T00:13:07.322+0000: 790962.279: Total time for which application threads were stopped: 0.0341216 seconds, Stopping threads took: 0.0002591 seconds
2019-02-01T00:13:10.592+0000: 790965.549: Application time: 3.2700586 seconds
2019-02-01T00:13:10.602+0000: 790965.560: Total time for which application threads were stopped: 0.0101258 seconds, Stopping threads took: 0.0011917 seconds
2019-02-01T00:13:10.603+0000: 790965.561: Application time: 0.0011415 seconds
2019-02-01T00:13:10.612+0000: 790965.569: [GC (GCLocker Initiated GC) 2019-02-01T00:13:10.628+0000: 790965.586: [SoftReference, 0 refs, 0.0000530 secs]2019-02-01T00:13:10.628+0000: 790965.586: [WeakReference, 19 refs, 0.0000167 secs]2019-02-01T00:13:10.628+0000: 790965.586: [FinalReference, 628 refs, 0.0003460 secs]2019-02-01T00:13:10.628+0000: 790965.586: [PhantomReference, 0 refs, 2 refs, 0.0000132 secs]2019-02-01T00:13:10.628+0000: 790965.586: [JNI Weak Reference, 0.0000184 secs]
Desired survivor size 111673344 bytes, new threshold 1 (max 15)
[PSYoungGen: 1193134K->44322K(1198080K)] 3647998K->2503110K(4470272K), 0.0220558 secs] [Times: user=0.27 sys=0.01, real=0.02 secs] 
2019-02-01T00:13:10.634+0000: 790965.592: Total time for which application threads were stopped: 0.0307784 seconds, Stopping threads took: 0.0002854 seconds
2019-02-01T00:13:14.091+0000: 790969.048: Application time: 3.4568377 seconds
2019-02-01T00:13:14.099+0000: 790969.057: Total time for which application threads were stopped: 0.0086453 seconds, Stopping threads took: 0.0001849 seconds
2019-02-01T00:13:14.100+0000: 790969.057: Application time: 0.0004362 seconds
2019-02-01T00:13:14.108+0000: 790969.066: [GC (GCLocker Initiated GC) 2019-02-01T00:13:14.121+0000: 790969.079: [SoftReference, 0 refs, 0.0000770 secs]2019-02-01T00:13:14.121+0000: 790969.079: [WeakReference, 3 refs, 0.0000195 secs]2019-02-01T00:13:14.121+0000: 790969.079: [FinalReference, 702 refs, 0.0005254 secs]2019-02-01T00:13:14.122+0000: 790969.079: [PhantomReference, 0 refs, 0 refs, 0.0000245 secs]2019-02-01T00:13:14.122+0000: 790969.079: [JNI Weak Reference, 0.0000333 secs]
Desired survivor size 111149056 bytes, new threshold 1 (max 15)
[PSYoungGen: 1152290K->35099K(1127424K)] 3611099K->2497496K(4399616K), 0.0227030 secs] [Times: user=0.22 sys=0.01, real=0.02 secs] 
2019-02-01T00:13:14.131+0000: 790969.089: Total time for which application threads were stopped: 0.0316794 seconds, Stopping threads took: 0.0001811 seconds
2019-02-01T00:13:17.251+0000: 790972.209: Application time: 3.1194460 seconds
2019-02-01T00:13:17.264+0000: 790972.222: Total time for which application threads were stopped: 0.0131895 seconds, Stopping threads took: 0.0044927 seconds
2019-02-01T00:13:17.265+0000: 790972.223: Application time: 0.0014878 seconds
2019-02-01T00:13:17.275+0000: 790972.233: [GC (GCLocker Initiated GC) 2019-02-01T00:13:17.289+0000: 790972.246: [SoftReference, 0 refs, 0.0001489 secs]2019-02-01T00:13:17.289+0000: 790972.247: [WeakReference, 62 refs, 0.0000544 secs]2019-02-01T00:13:17.289+0000: 790972.247: [FinalReference, 541 refs, 0.0005581 secs]2019-02-01T00:13:17.289+0000: 790972.247: [PhantomReference, 0 refs, 2 refs, 0.0000329 secs]2019-02-01T00:13:17.289+0000: 790972.247: [JNI Weak Reference, 0.0000545 secs]
Desired survivor size 111149056 bytes, new threshold 1 (max 15)
[PSYoungGen: 1127195K->71150K(1169920K)] 3596818K->2544798K(4442112K), 0.0242690 secs] [Times: user=0.28 sys=0.01, real=0.03 secs] 
2019-02-01T00:13:17.299+0000: 790972.257: Total time for which application threads were stopped: 0.0337852 seconds, Stopping threads took: 0.0005668 seconds
2019-02-01T00:13:20.523+0000: 790975.481: Application time: 3.2237270 seconds
2019-02-01T00:13:20.532+0000: 790975.489: Total time for which application threads were stopped: 0.0085837 seconds, Stopping threads took: 0.0002468 seconds
2019-02-01T00:13:20.532+0000: 790975.490: Application time: 0.0006058 seconds
2019-02-01T00:13:20.541+0000: 790975.499: [GC (GCLocker Initiated GC) 2019-02-01T00:13:20.556+0000: 790975.514: [SoftReference, 0 refs, 0.0000692 secs]2019-02-01T00:13:20.556+0000: 790975.514: [WeakReference, 5 refs, 0.0000123 secs]2019-02-01T00:13:20.556+0000: 790975.514: [FinalReference, 575 refs, 0.0002915 secs]2019-02-01T00:13:20.556+0000: 790975.514: [PhantomReference, 0 refs, 0 refs, 0.0000098 secs]2019-02-01T00:13:20.556+0000: 790975.514: [JNI Weak Reference, 0.0000185 secs]
Desired survivor size 106954752 bytes, new threshold 1 (max 15)
[PSYoungGen: 1147886K->54026K(1116160K)] 3621575K->2532238K(4388352K), 0.0228633 secs] [Times: user=0.29 sys=0.00, real=0.02 secs] 
2019-02-01T00:13:20.564+0000: 790975.522: Total time for which application threads were stopped: 0.0319639 seconds, Stopping threads took: 0.0001920 seconds
2019-02-01T00:13:24.230+0000: 790979.188: Application time: 3.6660734 seconds
2019-02-01T00:13:24.239+0000: 790979.197: Total time for which application threads were stopped: 0.0085666 seconds, Stopping threads took: 0.0002274 seconds
2019-02-01T00:13:24.240+0000: 790979.197: Application time: 0.0007043 seconds
2019-02-01T00:13:24.248+0000: 790979.206: [GC (GCLocker Initiated GC) 2019-02-01T00:13:24.260+0000: 790979.218: [SoftReference, 0 refs, 0.0000738 secs]2019-02-01T00:13:24.260+0000: 790979.218: [WeakReference, 5 refs, 0.0000206 secs]2019-02-01T00:13:24.260+0000: 790979.218: [FinalReference, 636 refs, 0.0004797 secs]2019-02-01T00:13:24.260+0000: 790979.218: [PhantomReference, 0 refs, 0 refs, 0.0000198 secs]2019-02-01T00:13:24.260+0000: 790979.218: [JNI Weak Reference, 0.0000333 secs]
Desired survivor size 106430464 bytes, new threshold 1 (max 15)
[PSYoungGen: 1115914K->34183K(1135616K)] 3597454K->2517721K(4407808K), 0.0221103 secs] [Times: user=0.22 sys=0.01, real=0.02 secs] 
2019-02-01T00:13:24.270+0000: 790979.228: Total time for which application threads were stopped: 0.0308068 seconds, Stopping threads took: 0.0001709 seconds
2019-02-01T00:13:27.284+0000: 790982.242: Application time: 3.0141453 seconds
2019-02-01T00:13:27.294+0000: 790982.252: Total time for which application threads were stopped: 0.0094902 seconds, Stopping threads took: 0.0012344 seconds
2019-02-01T00:13:27.295+0000: 790982.253: Application time: 0.0007281 seconds
2019-02-01T00:13:27.303+0000: 790982.261: [GC (GCLocker Initiated GC) 2019-02-01T00:13:27.317+0000: 790982.275: [SoftReference, 0 refs, 0.0000813 secs]2019-02-01T00:13:27.317+0000: 790982.275: [WeakReference, 15 refs, 0.0000261 secs]2019-02-01T00:13:27.317+0000: 790982.275: [FinalReference, 579 refs, 0.0004795 secs]2019-02-01T00:13:27.317+0000: 790982.275: [PhantomReference, 0 refs, 1 refs, 0.0000200 secs]2019-02-01T00:13:27.317+0000: 790982.275: [JNI Weak Reference, 0.0000341 secs]
Desired survivor size 102760448 bytes, new threshold 1 (max 15)
[PSYoungGen: 1081223K->46889K(1079808K)] 3564781K->2534032K(4352000K), 0.0225702 secs] [Times: user=0.24 sys=0.01, real=0.02 secs] 
2019-02-01T00:13:27.326+0000: 790982.284: Total time for which application threads were stopped: 0.0312028 seconds, Stopping threads took: 0.0001499 seconds
2019-02-01T00:13:30.129+0000: 790985.087: Application time: 2.8030335 seconds
2019-02-01T00:13:30.140+0000: 790985.098: Total time for which application threads were stopped: 0.0112051 seconds, Stopping threads took: 0.0028767 seconds
2019-02-01T00:13:30.141+0000: 790985.099: Application time: 0.0010277 seconds
2019-02-01T00:13:30.150+0000: 790985.108: [GC (GCLocker Initiated GC) 2019-02-01T00:13:30.171+0000: 790985.128: [SoftReference, 0 refs, 0.0000785 secs]2019-02-01T00:13:30.171+0000: 790985.128: [WeakReference, 26 refs, 0.0000321 secs]2019-02-01T00:13:30.171+0000: 790985.129: [FinalReference, 523 refs, 0.0003762 secs]2019-02-01T00:13:30.171+0000: 790985.129: [PhantomReference, 0 refs, 2 refs, 0.0000203 secs]2019-02-01T00:13:30.171+0000: 790985.129: [JNI Weak Reference, 0.0000327 secs]
Desired survivor size 104857600 bytes, new threshold 1 (max 15)
[PSYoungGen: 1079593K->71690K(1131008K)] 3581594K->2577844K(4403200K), 0.0258792 secs] [Times: user=0.30 sys=0.00, real=0.02 secs] 
2019-02-01T00:13:30.177+0000: 790985.135: Total time for which application threads were stopped: 0.0356529 seconds, Stopping threads took: 0.0009401 seconds
2019-02-01T00:13:33.149+0000: 790988.107: Application time: 2.9718730 seconds
2019-02-01T00:13:33.158+0000: 790988.115: Total time for which application threads were stopped: 0.0088079 seconds, Stopping threads took: 0.0003493 seconds
2019-02-01T00:13:33.158+0000: 790988.116: Application time: 0.0008060 seconds
2019-02-01T00:13:33.167+0000: 790988.125: [GC (GCLocker Initiated GC) 2019-02-01T00:13:33.181+0000: 790988.139: [SoftReference, 0 refs, 0.0000576 secs]2019-02-01T00:13:33.181+0000: 790988.139: [WeakReference, 47 refs, 0.0000310 secs]2019-02-01T00:13:33.181+0000: 790988.139: [FinalReference, 549 refs, 0.0002869 secs]2019-02-01T00:13:33.181+0000: 790988.139: [PhantomReference, 0 refs, 0 refs, 0.0000095 secs]2019-02-01T00:13:33.181+0000: 790988.139: [JNI Weak Reference, 0.0000194 secs]
Desired survivor size 100663296 bytes, new threshold 1 (max 15)
[PSYoungGen: 1102346K->53353K(1133056K)] 3608528K->2563852K(4405248K), 0.0171452 secs] [Times: user=0.25 sys=0.01, real=0.02 secs] 
2019-02-01T00:13:33.185+0000: 790988.143: Total time for which application threads were stopped: 0.0263499 seconds, Stopping threads took: 0.0002978 seconds
2019-02-01T00:13:36.349+0000: 790991.307: Application time: 3.1642469 seconds
2019-02-01T00:13:36.358+0000: 790991.316: Total time for which application threads were stopped: 0.0094618 seconds, Stopping threads took: 0.0005156 seconds
2019-02-01T00:13:36.360+0000: 790991.317: Application time: 0.0011827 seconds
2019-02-01T00:13:36.371+0000: 790991.329: [GC (GCLocker Initiated GC) 2019-02-01T00:13:36.659+0000: 790991.617: [SoftReference, 0 refs, 0.0000499 secs]2019-02-01T00:13:36.659+0000: 790991.617: [WeakReference, 24 refs, 0.0000219 secs]2019-02-01T00:13:36.659+0000: 790991.617: [FinalReference, 638 refs, 0.0003077 secs]2019-02-01T00:13:36.659+0000: 790991.617: [PhantomReference, 0 refs, 0 refs, 0.0000100 secs]2019-02-01T00:13:36.659+0000: 790991.617: [JNI Weak Reference, 0.0000192 secs]
Desired survivor size 98041856 bytes, new threshold 1 (max 15)
[PSYoungGen: 1084009K->45238K(1259008K)] 3598267K->2562965K(4531200K), 0.2917619 secs] [Times: user=5.46 sys=0.56, real=0.29 secs] 
2019-02-01T00:13:36.663+0000: 790991.621: Total time for which application threads were stopped: 0.3031443 seconds, Stopping threads took: 0.0023811 seconds
2019-02-01T00:13:39.957+0000: 790994.915: Application time: 3.2943269 seconds
2019-02-01T00:13:39.966+0000: 790994.924: Total time for which application threads were stopped: 0.0090655 seconds, Stopping threads took: 0.0003711 seconds
2019-02-01T00:13:39.967+0000: 790994.925: Application time: 0.0006791 seconds
2019-02-01T00:13:39.976+0000: 790994.934: [GC (GCLocker Initiated GC) 2019-02-01T00:13:39.992+0000: 790994.949: [SoftReference, 0 refs, 0.0000554 secs]2019-02-01T00:13:39.992+0000: 790994.949: [WeakReference, 7 refs, 0.0000117 secs]2019-02-01T00:13:39.992+0000: 790994.949: [FinalReference, 567 refs, 0.0003741 secs]2019-02-01T00:13:39.992+0000: 790994.950: [PhantomReference, 0 refs, 0 refs, 0.0000123 secs]2019-02-01T00:13:39.992+0000: 790994.950: [JNI Weak Reference, 0.0000197 secs]
Desired survivor size 99614720 bytes, new threshold 1 (max 15)
[PSYoungGen: 1205942K->70592K(1256448K)] 3723692K->2592145K(4528640K), 0.0198893 secs] [Times: user=0.32 sys=0.00, real=0.02 secs] 
2019-02-01T00:13:39.996+0000: 790994.954: Total time for which application threads were stopped: 0.0288879 seconds, Stopping threads took: 0.0002851 seconds
2019-02-01T00:13:40.369+0000: 790995.326: Application time: 0.3727876 seconds
2019-02-01T00:13:40.378+0000: 790995.336: Total time for which application threads were stopped: 0.0093669 seconds, Stopping threads took: 0.0003180 seconds
2019-02-01T00:13:44.162+0000: 790999.120: Application time: 3.7837657 seconds
2019-02-01T00:13:44.171+0000: 790999.129: Total time for which application threads were stopped: 0.0090652 seconds, Stopping threads took: 0.0003471 seconds
2019-02-01T00:13:44.171+0000: 790999.129: Application time: 0.0007290 seconds
2019-02-01T00:13:44.181+0000: 790999.139: [GC (GCLocker Initiated GC) 2019-02-01T00:13:46.751+0000: 791001.708: [SoftReference, 0 refs, 0.0000538 secs]2019-02-01T00:13:46.751+0000: 791001.709: [WeakReference, 2 refs, 0.0000124 secs]2019-02-01T00:13:46.751+0000: 791001.709: [FinalReference, 656 refs, 0.0003782 secs]2019-02-01T00:13:46.751+0000: 791001.709: [PhantomReference, 0 refs, 0 refs, 0.0000112 secs]2019-02-01T00:13:46.751+0000: 791001.709: [JNI Weak Reference, 0.0000215 secs]
Desired survivor size 98566144 bytes, new threshold 1 (max 15)
[PSYoungGen: 1231296K->39922K(1455104K)] 3752870K->2565290K(4727296K), 2.5735429 secs] [Times: user=11.54 sys=46.23, real=2.57 secs] 
2019-02-01T00:13:46.755+0000: 791001.712: Total time for which application threads were stopped: 2.5831555 seconds, Stopping threads took: 0.0002322 seconds
2019-02-01T00:13:46.778+0000: 791001.736: Application time: 0.0237255 seconds
2019-02-01T00:13:46.788+0000: 791001.746: Total time for which application threads were stopped: 0.0097110 seconds, Stopping threads took: 0.0026231 seconds
2019-02-01T00:13:50.149+0000: 791005.107: Application time: 3.3613990 seconds
2019-02-01T00:13:50.159+0000: 791005.117: Total time for which application threads were stopped: 0.0091913 seconds, Stopping threads took: 0.0006161 seconds
2019-02-01T00:13:50.160+0000: 791005.118: Application time: 0.0013700 seconds
2019-02-01T00:13:50.169+0000: 791005.127: [GC (GCLocker Initiated GC) 2019-02-01T00:13:50.194+0000: 791005.152: [SoftReference, 0 refs, 0.0000524 secs]2019-02-01T00:13:50.194+0000: 791005.152: [WeakReference, 10 refs, 0.0000138 secs]2019-02-01T00:13:50.194+0000: 791005.152: [FinalReference, 769 refs, 0.0035426 secs]2019-02-01T00:13:50.197+0000: 791005.155: [PhantomReference, 0 refs, 1 refs, 0.0000218 secs]2019-02-01T00:13:50.197+0000: 791005.155: [JNI Weak Reference, 0.0000199 secs]
Desired survivor size 101711872 bytes, new threshold 1 (max 15)
[PSYoungGen: 1397746K->74873K(1454080K)] 3924677K->2605706K(4726272K), 0.0317672 secs] [Times: user=0.39 sys=0.13, real=0.04 secs] 
2019-02-01T00:13:50.201+0000: 791005.159: Total time for which application threads were stopped: 0.0412293 seconds, Stopping threads took: 0.0002743 seconds
2019-02-01T00:13:53.233+0000: 791008.191: Application time: 3.0316182 seconds
2019-02-01T00:13:53.241+0000: 791008.199: Total time for which application threads were stopped: 0.0085325 seconds, Stopping threads took: 0.0003792 seconds
2019-02-01T00:13:53.242+0000: 791008.200: Application time: 0.0003856 seconds
2019-02-01T00:13:53.250+0000: 791008.208: [GC (GCLocker Initiated GC) 2019-02-01T00:13:53.270+0000: 791008.228: [SoftReference, 0 refs, 0.0000552 secs]2019-02-01T00:13:53.271+0000: 791008.228: [WeakReference, 39 refs, 0.0000261 secs]2019-02-01T00:13:53.271+0000: 791008.228: [FinalReference, 707 refs, 0.0004217 secs]2019-02-01T00:13:53.271+0000: 791008.229: [PhantomReference, 0 refs, 0 refs, 0.0000114 secs]2019-02-01T00:13:53.271+0000: 791008.229: [JNI Weak Reference, 0.0000208 secs]
Desired survivor size 99090432 bytes, new threshold 1 (max 15)
[PSYoungGen: 1432697K->48032K(1705472K)] 3963548K->2584131K(4977664K), 0.0240045 secs] [Times: user=0.32 sys=0.08, real=0.02 secs] 
2019-02-01T00:13:53.275+0000: 791008.232: Total time for which application threads were stopped: 0.0327868 seconds, Stopping threads took: 0.0002605 seconds
2019-02-01T00:13:57.275+0000: 791012.233: Application time: 4.0004764 seconds
2019-02-01T00:13:57.285+0000: 791012.242: Total time for which application threads were stopped: 0.0094080 seconds, Stopping threads took: 0.0005755 seconds
2019-02-01T00:13:58.607+0000: 791013.565: Application time: 1.3227717 seconds
2019-02-01T00:14:01.009+0000: 791015.967: Total time for which application threads were stopped: 2.4019329 seconds, Stopping threads took: 2.3930180 seconds
2019-02-01T00:14:01.021+0000: 791015.979: Application time: 0.0117204 seconds
2019-02-01T00:14:01.035+0000: 791015.993: [GC (GCLocker Initiated GC) 2019-02-01T00:14:04.019+0000: 791018.977: [SoftReference, 0 refs, 0.0000550 secs]2019-02-01T00:14:04.019+0000: 791018.977: [WeakReference, 47 refs, 0.0000342 secs]2019-02-01T00:14:04.019+0000: 791018.977: [FinalReference, 962 refs, 0.0005250 secs]2019-02-01T00:14:04.020+0000: 791018.978: [PhantomReference, 0 refs, 2 refs, 0.0000120 secs]2019-02-01T00:14:04.020+0000: 791018.978: [JNI Weak Reference, 0.0000206 secs]
Desired survivor size 98566144 bytes, new threshold 1 (max 15)
[PSYoungGen: 1662880K->64901K(1711616K)] 4230849K->2639723K(4983808K), 2.9885792 secs] [Times: user=30.35 sys=35.56, real=2.99 secs] 
2019-02-01T00:14:04.023+0000: 791018.981: Total time for which application threads were stopped: 3.0024542 seconds, Stopping threads took: 0.0043053 seconds
2019-02-01T00:14:06.083+0000: 791021.041: Application time: 2.0596340 seconds
2019-02-01T00:14:06.094+0000: 791021.052: Total time for which application threads were stopped: 0.0109575 seconds, Stopping threads took: 0.0016972 seconds
2019-02-01T00:14:06.097+0000: 791021.055: Application time: 0.0033855 seconds
2019-02-01T00:14:06.112+0000: 791021.070: [GC (GCLocker Initiated GC) 2019-02-01T00:14:07.936+0000: 791022.894: [SoftReference, 0 refs, 0.0000605 secs]2019-02-01T00:14:07.936+0000: 791022.894: [WeakReference, 38 refs, 0.0000280 secs]2019-02-01T00:14:07.936+0000: 791022.894: [FinalReference, 884 refs, 0.0019451 secs]2019-02-01T00:14:07.938+0000: 791022.896: [PhantomReference, 0 refs, 11 refs, 0.0000180 secs]2019-02-01T00:14:07.938+0000: 791022.896: [JNI Weak Reference, 0.0000205 secs]
Desired survivor size 117440512 bytes, new threshold 1 (max 15)
[PSYoungGen: 1679749K->96249K(1788928K)] 4268559K->2706077K(5061120K), 1.8298135 secs] [Times: user=26.33 sys=14.07, real=1.83 secs] 
2019-02-01T00:14:07.942+0000: 791022.900: Total time for which application threads were stopped: 1.8444233 seconds, Stopping threads took: 0.0053861 seconds
2019-02-01T00:14:08.757+0000: 791023.715: Application time: 0.8154409 seconds
2019-02-01T00:14:08.766+0000: 791023.723: Total time for which application threads were stopped: 0.0083035 seconds, Stopping threads took: 0.0003339 seconds
2019-02-01T00:14:11.225+0000: 791026.183: Application time: 2.4596624 seconds
2019-02-01T00:14:11.232+0000: 791026.190: Total time for which application threads were stopped: 0.0070718 seconds, Stopping threads took: 0.0002810 seconds
2019-02-01T00:14:11.233+0000: 791026.190: Application time: 0.0002097 seconds
2019-02-01T00:14:11.240+0000: 791026.197: [GC (GCLocker Initiated GC) 2019-02-01T00:14:13.475+0000: 791028.433: [SoftReference, 0 refs, 0.0000466 secs]2019-02-01T00:14:13.475+0000: 791028.433: [WeakReference, 4 refs, 0.0000126 secs]2019-02-01T00:14:13.475+0000: 791028.433: [FinalReference, 996 refs, 0.0005161 secs]2019-02-01T00:14:13.475+0000: 791028.433: [PhantomReference, 0 refs, 23 refs, 0.0000167 secs]2019-02-01T00:14:13.475+0000: 791028.433: [JNI Weak Reference, 0.0000210 secs]
Desired survivor size 116391936 bytes, new threshold 1 (max 15)
[PSYoungGen: 1788921K->39120K(1807360K)] 4402274K->2667390K(5079552K), 2.2389524 secs] [Times: user=31.11 sys=17.66, real=2.24 secs] 
2019-02-01T00:14:13.479+0000: 791028.437: Total time for which application threads were stopped: 2.2462656 seconds, Stopping threads took: 0.0001600 seconds
2019-02-01T00:14:19.788+0000: 791034.746: Application time: 6.3088604 seconds
2019-02-01T00:14:19.797+0000: 791034.755: Total time for which application threads were stopped: 0.0090602 seconds, Stopping threads took: 0.0003625 seconds
2019-02-01T00:14:19.797+0000: 791034.755: Application time: 0.0002109 seconds
2019-02-01T00:14:19.806+0000: 791034.763: Total time for which application threads were stopped: 0.0085787 seconds, Stopping threads took: 0.0001711 seconds
2019-02-01T00:14:19.806+0000: 791034.764: Application time: 0.0007673 seconds
2019-02-01T00:14:19.820+0000: 791034.778: [GC (GCLocker Initiated GC) 2019-02-01T00:14:21.153+0000: 791036.111: [SoftReference, 0 refs, 0.0000522 secs]2019-02-01T00:14:21.153+0000: 791036.111: [WeakReference, 57 refs, 0.0000359 secs]2019-02-01T00:14:21.154+0000: 791036.111: [FinalReference, 832 refs, 0.0004555 secs]2019-02-01T00:14:21.154+0000: 791036.112: [PhantomReference, 0 refs, 0 refs, 0.0000105 secs]2019-02-01T00:14:21.154+0000: 791036.112: [JNI Weak Reference, 0.0000199 secs]
Desired survivor size 111673344 bytes, new threshold 1 (max 15)
[PSYoungGen: 1731792K->55530K(1797120K)] 4360921K->2701387K(5069312K), 1.3387706 secs] [Times: user=21.76 sys=7.25, real=1.34 secs] 
2019-02-01T00:14:21.159+0000: 791036.117: Total time for which application threads were stopped: 1.3523669 seconds, Stopping threads took: 0.0048424 seconds
2019-02-01T00:14:26.354+0000: 791041.312: Application time: 5.1954747 seconds
2019-02-01T00:14:26.363+0000: 791041.321: Total time for which application threads were stopped: 0.0086656 seconds, Stopping threads took: 0.0001754 seconds
2019-02-01T00:14:26.364+0000: 791041.322: Application time: 0.0012094 seconds
2019-02-01T00:14:26.373+0000: 791041.331: [GC (GCLocker Initiated GC) 2019-02-01T00:14:26.388+0000: 791041.346: [SoftReference, 0 refs, 0.0000684 secs]2019-02-01T00:14:26.388+0000: 791041.346: [WeakReference, 42 refs, 0.0000267 secs]2019-02-01T00:14:26.388+0000: 791041.346: [FinalReference, 748 refs, 0.0004242 secs]2019-02-01T00:14:26.388+0000: 791041.346: [PhantomReference, 0 refs, 0 refs, 0.0000103 secs]2019-02-01T00:14:26.388+0000: 791041.346: [JNI Weak Reference, 0.0000191 secs]
Desired survivor size 106954752 bytes, new threshold 1 (max 15)
[PSYoungGen: 1749226K->57599K(1802752K)] 4398754K->2708924K(5074944K), 0.0187488 secs] [Times: user=0.30 sys=0.00, real=0.02 secs] 
2019-02-01T00:14:26.392+0000: 791041.350: Total time for which application threads were stopped: 0.0277591 seconds, Stopping threads took: 0.0001909 seconds
2019-02-01T00:14:32.717+0000: 791047.675: Application time: 6.3256561 seconds
2019-02-01T00:14:32.726+0000: 791047.684: Total time for which application threads were stopped: 0.0085388 seconds, Stopping threads took: 0.0002175 seconds
2019-02-01T00:14:32.727+0000: 791047.684: Application time: 0.0005522 seconds
2019-02-01T00:14:32.735+0000: 791047.693: [GC (GCLocker Initiated GC) 2019-02-01T00:14:32.749+0000: 791047.707: [SoftReference, 0 refs, 0.0000776 secs]2019-02-01T00:14:32.749+0000: 791047.707: [WeakReference, 21 refs, 0.0000320 secs]2019-02-01T00:14:32.749+0000: 791047.707: [FinalReference, 884 refs, 0.0007938 secs]2019-02-01T00:14:32.750+0000: 791047.708: [PhantomReference, 0 refs, 0 refs, 0.0000243 secs]2019-02-01T00:14:32.750+0000: 791047.708: [JNI Weak Reference, 0.0000339 secs]
Desired survivor size 104857600 bytes, new threshold 1 (max 15)
[PSYoungGen: 1751295K->45428K(1807872K)] 4402641K->2703458K(5080064K), 0.0195343 secs] [Times: user=0.26 sys=0.00, real=0.02 secs] 
2019-02-01T00:14:32.755+0000: 791047.713: Total time for which application threads were stopped: 0.0285085 seconds, Stopping threads took: 0.0002652 seconds
2019-02-01T00:14:39.335+0000: 791054.293: Application time: 6.5799321 seconds
2019-02-01T00:14:39.344+0000: 791054.302: Total time for which application threads were stopped: 0.0087173 seconds, Stopping threads took: 0.0004331 seconds
2019-02-01T00:14:39.345+0000: 791054.303: Application time: 0.0010795 seconds
2019-02-01T00:14:39.353+0000: 791054.311: [GC (GCLocker Initiated GC) 2019-02-01T00:14:39.376+0000: 791054.333: [SoftReference, 0 refs, 0.0000540 secs]2019-02-01T00:14:39.376+0000: 791054.333: [WeakReference, 42 refs, 0.0000222 secs]2019-02-01T00:14:39.376+0000: 791054.333: [FinalReference, 858 refs, 0.0004065 secs]2019-02-01T00:14:39.376+0000: 791054.334: [PhantomReference, 0 refs, 0 refs, 0.0000102 secs]2019-02-01T00:14:39.376+0000: 791054.334: [JNI Weak Reference, 0.0000203 secs]
Desired survivor size 104333312 bytes, new threshold 1 (max 15)
[PSYoungGen: 1753972K->37976K(1810944K)] 4415743K->2701999K(5083136K), 0.0266606 secs] [Times: user=0.36 sys=0.00, real=0.03 secs] 
2019-02-01T00:14:39.380+0000: 791054.337: Total time for which application threads were stopped: 0.0347819 seconds, Stopping threads took: 0.0002709 seconds
2019-02-01T00:14:40.369+0000: 791055.327: Application time: 0.9891825 seconds
2019-02-01T00:14:40.379+0000: 791055.337: Total time for which application threads were stopped: 0.0105974 seconds, Stopping threads took: 0.0022533 seconds
2019-02-01T00:14:46.572+0000: 791061.530: Application time: 6.1930535 seconds
2019-02-01T00:14:46.582+0000: 791061.540: Total time for which application threads were stopped: 0.0099342 seconds, Stopping threads took: 0.0010945 seconds
2019-02-01T00:14:46.583+0000: 791061.541: Application time: 0.0006110 seconds
2019-02-01T00:14:46.592+0000: 791061.550: [GC (GCLocker Initiated GC) 2019-02-01T00:14:46.609+0000: 791061.566: [SoftReference, 0 refs, 0.0000735 secs]2019-02-01T00:14:46.609+0000: 791061.566: [WeakReference, 22 refs, 0.0000339 secs]2019-02-01T00:14:46.609+0000: 791061.567: [FinalReference, 844 refs, 0.0006140 secs]2019-02-01T00:14:46.609+0000: 791061.567: [PhantomReference, 0 refs, 1 refs, 0.0000213 secs]2019-02-01T00:14:46.609+0000: 791061.567: [JNI Weak Reference, 0.0000335 secs]
Desired survivor size 104333312 bytes, new threshold 1 (max 15)
[PSYoungGen: 1746520K->29368K(1819136K)] 4417189K->2702280K(5091328K), 0.0223662 secs] [Times: user=0.26 sys=0.00, real=0.02 secs] 
2019-02-01T00:14:46.614+0000: 791061.572: Total time for which application threads were stopped: 0.0314084 seconds, Stopping threads took: 0.0002493 seconds
2019-02-01T00:14:54.078+0000: 791069.036: Application time: 7.4633141 seconds
2019-02-01T00:14:54.087+0000: 791069.044: Total time for which application threads were stopped: 0.0087364 seconds, Stopping threads took: 0.0001685 seconds
2019-02-01T00:14:54.088+0000: 791069.046: Application time: 0.0011774 seconds
2019-02-01T00:14:54.097+0000: 791069.055: [GC (GCLocker Initiated GC) 2019-02-01T00:14:54.113+0000: 791069.071: [SoftReference, 0 refs, 0.0000554 secs]2019-02-01T00:14:54.113+0000: 791069.071: [WeakReference, 41 refs, 0.0000241 secs]2019-02-01T00:14:54.113+0000: 791069.071: [FinalReference, 874 refs, 0.0004526 secs]2019-02-01T00:14:54.113+0000: 791069.071: [PhantomReference, 0 refs, 0 refs, 0.0000126 secs]2019-02-01T00:14:54.113+0000: 791069.071: [JNI Weak Reference, 0.0000206 secs]
Desired survivor size 103284736 bytes, new threshold 1 (max 15)
[PSYoungGen: 1747128K->32050K(1819648K)] 4420085K->2707652K(5091840K), 0.0197562 secs] [Times: user=0.25 sys=0.01, real=0.02 secs] 
2019-02-01T00:14:54.117+0000: 791069.075: Total time for which application threads were stopped: 0.0293887 seconds, Stopping threads took: 0.0003056 seconds
2019-02-01T00:15:00.663+0000: 791075.621: Application time: 6.5463872 seconds
2019-02-01T00:15:00.672+0000: 791075.630: Total time for which application threads were stopped: 0.0086152 seconds, Stopping threads took: 0.0002010 seconds
2019-02-01T00:15:00.673+0000: 791075.631: Application time: 0.0006760 seconds
2019-02-01T00:15:00.681+0000: 791075.639: [GC (GCLocker Initiated GC) 2019-02-01T00:15:00.694+0000: 791075.652: [SoftReference, 0 refs, 0.0000543 secs]2019-02-01T00:15:00.694+0000: 791075.652: [WeakReference, 22 refs, 0.0000182 secs]2019-02-01T00:15:00.694+0000: 791075.652: [FinalReference, 893 refs, 0.0004820 secs]2019-02-01T00:15:00.695+0000: 791075.652: [PhantomReference, 0 refs, 0 refs, 0.0000107 secs]2019-02-01T00:15:00.695+0000: 791075.652: [JNI Weak Reference, 0.0000199 secs]
Desired survivor size 99614720 bytes, new threshold 1 (max 15)
[PSYoungGen: 1749810K->43405K(1813504K)] 4428750K->2725078K(5085696K), 0.0167339 secs] [Times: user=0.25 sys=0.00, real=0.01 secs] 
2019-02-01T00:15:00.698+0000: 791075.656: Total time for which application threads were stopped: 0.0255020 seconds, Stopping threads took: 0.0001801 seconds
2019-02-01T00:15:08.588+0000: 791083.546: Application time: 7.8895477 seconds
2019-02-01T00:15:08.598+0000: 791083.556: Total time for which application threads were stopped: 0.0099904 seconds, Stopping threads took: 0.0002853 seconds
2019-02-01T00:15:08.599+0000: 791083.557: Application time: 0.0009357 seconds
2019-02-01T00:15:08.607+0000: 791083.565: [GC (GCLocker Initiated GC) 2019-02-01T00:15:08.622+0000: 791083.580: [SoftReference, 0 refs, 0.0000632 secs]2019-02-01T00:15:08.622+0000: 791083.580: [WeakReference, 41 refs, 0.0000403 secs]2019-02-01T00:15:08.622+0000: 791083.580: [FinalReference, 959 refs, 0.0005429 secs]2019-02-01T00:15:08.623+0000: 791083.580: [PhantomReference, 0 refs, 0 refs, 0.0000103 secs]2019-02-01T00:15:08.623+0000: 791083.580: [JNI Weak Reference, 0.0000188 secs]
Desired survivor size 98041856 bytes, new threshold 1 (max 15)
[PSYoungGen: 1762701K->31810K(1816576K)] 4444453K->2716501K(5088768K), 0.0184294 secs] [Times: user=0.21 sys=0.02, real=0.02 secs] 
2019-02-01T00:15:08.626+0000: 791083.584: Total time for which application threads were stopped: 0.0272406 seconds, Stopping threads took: 0.0002690 seconds
2019-02-01T00:15:15.553+0000: 791090.511: Application time: 6.9274171 seconds
2019-02-01T00:15:15.562+0000: 791090.520: Total time for which application threads were stopped: 0.0087908 seconds, Stopping threads took: 0.0002312 seconds
2019-02-01T00:15:15.563+0000: 791090.521: Application time: 0.0006025 seconds
2019-02-01T00:15:15.571+0000: 791090.529: [GC (GCLocker Initiated GC) 2019-02-01T00:15:15.588+0000: 791090.546: [SoftReference, 0 refs, 0.0000714 secs]2019-02-01T00:15:15.588+0000: 791090.546: [WeakReference, 21 refs, 0.0000302 secs]2019-02-01T00:15:15.588+0000: 791090.546: [FinalReference, 886 refs, 0.0006615 secs]2019-02-01T00:15:15.589+0000: 791090.547: [PhantomReference, 0 refs, 0 refs, 0.0000195 secs]2019-02-01T00:15:15.589+0000: 791090.547: [JNI Weak Reference, 0.0000322 secs]
Desired survivor size 96993280 bytes, new threshold 1 (max 15)
[PSYoungGen: 1751106K->59029K(1821184K)] 4435814K->2747351K(5093376K), 0.0225408 secs] [Times: user=0.28 sys=0.00, real=0.03 secs] 
2019-02-01T00:15:15.594+0000: 791090.552: Total time for which application threads were stopped: 0.0313073 seconds, Stopping threads took: 0.0002180 seconds
2019-02-01T00:15:23.035+0000: 791097.993: Application time: 7.4413611 seconds
2019-02-01T00:15:23.045+0000: 791098.003: Total time for which application threads were stopped: 0.0098915 seconds, Stopping threads took: 0.0015625 seconds
2019-02-01T00:15:23.046+0000: 791098.004: Application time: 0.0008290 seconds
2019-02-01T00:15:23.055+0000: 791098.013: [GC (GCLocker Initiated GC) 2019-02-01T00:15:23.072+0000: 791098.030: [SoftReference, 0 refs, 0.0000553 secs]2019-02-01T00:15:23.072+0000: 791098.030: [WeakReference, 25 refs, 0.0000199 secs]2019-02-01T00:15:23.072+0000: 791098.030: [FinalReference, 973 refs, 0.0005706 secs]2019-02-01T00:15:23.073+0000: 791098.031: [PhantomReference, 0 refs, 1 refs, 0.0000117 secs]2019-02-01T00:15:23.073+0000: 791098.031: [JNI Weak Reference, 0.0000200 secs]
Desired survivor size 92798976 bytes, new threshold 1 (max 15)
[PSYoungGen: 1788053K->48839K(1823744K)] 4479729K->2743612K(5095936K), 0.0211900 secs] [Times: user=0.32 sys=0.03, real=0.02 secs] 
2019-02-01T00:15:23.076+0000: 791098.034: Total time for which application threads were stopped: 0.0299617 seconds, Stopping threads took: 0.0002805 seconds
2019-02-01T00:15:30.736+0000: 791105.693: Application time: 7.6593898 seconds
2019-02-01T00:15:30.744+0000: 791105.702: Total time for which application threads were stopped: 0.0087811 seconds, Stopping threads took: 0.0002469 seconds
2019-02-01T00:15:30.745+0000: 791105.703: Application time: 0.0007936 seconds
2019-02-01T00:15:30.754+0000: 791105.712: [GC (GCLocker Initiated GC) 2019-02-01T00:15:30.765+0000: 791105.723: [SoftReference, 0 refs, 0.0000740 secs]2019-02-01T00:15:30.765+0000: 791105.723: [WeakReference, 3 refs, 0.0000190 secs]2019-02-01T00:15:30.766+0000: 791105.723: [FinalReference, 918 refs, 0.0007638 secs]2019-02-01T00:15:30.766+0000: 791105.724: [PhantomReference, 0 refs, 0 refs, 0.0000200 secs]2019-02-01T00:15:30.766+0000: 791105.724: [JNI Weak Reference, 0.0000364 secs]
Desired survivor size 91750400 bytes, new threshold 1 (max 15)
[PSYoungGen: 1777863K->29734K(1826304K)] 4476239K->2730568K(5098496K), 0.0176604 secs] [Times: user=0.22 sys=0.00, real=0.02 secs] 
2019-02-01T00:15:30.772+0000: 791105.730: Total time for which application threads were stopped: 0.0264832 seconds, Stopping threads took: 0.0001549 seconds
2019-02-01T00:15:38.378+0000: 791113.335: Application time: 7.6059599 seconds
2019-02-01T00:15:38.386+0000: 791113.344: Total time for which application threads were stopped: 0.0085443 seconds, Stopping threads took: 0.0001918 seconds
2019-02-01T00:15:38.387+0000: 791113.345: Application time: 0.0005659 seconds
2019-02-01T00:15:38.395+0000: 791113.353: [GC (GCLocker Initiated GC) 2019-02-01T00:15:38.409+0000: 791113.367: [SoftReference, 0 refs, 0.0000748 secs]2019-02-01T00:15:38.409+0000: 791113.367: [WeakReference, 37 refs, 0.0000315 secs]2019-02-01T00:15:38.409+0000: 791113.367: [FinalReference, 839 refs, 0.0006340 secs]2019-02-01T00:15:38.410+0000: 791113.368: [PhantomReference, 0 refs, 0 refs, 0.0000195 secs]2019-02-01T00:15:38.410+0000: 791113.368: [JNI Weak Reference, 0.0000326 secs]
Desired survivor size 91226112 bytes, new threshold 1 (max 15)
[PSYoungGen: 1765926K->27167K(1825792K)] 4470390K->2735362K(5097984K), 0.0196546 secs] [Times: user=0.25 sys=0.00, real=0.02 secs] 
2019-02-01T00:15:38.415+0000: 791113.373: Total time for which application threads were stopped: 0.0285585 seconds, Stopping threads took: 0.0002194 seconds
2019-02-01T00:15:40.374+0000: 791115.332: Application time: 1.9586495 seconds
2019-02-01T00:15:40.384+0000: 791115.342: Total time for which application threads were stopped: 0.0100404 seconds, Stopping threads took: 0.0013780 seconds
2019-02-01T00:15:46.686+0000: 791121.644: Application time: 6.3018943 seconds
2019-02-01T00:15:46.695+0000: 791121.653: Total time for which application threads were stopped: 0.0089509 seconds, Stopping threads took: 0.0002746 seconds
2019-02-01T00:15:46.696+0000: 791121.653: Application time: 0.0007294 seconds
2019-02-01T00:15:46.705+0000: 791121.662: [GC (GCLocker Initiated GC) 2019-02-01T00:15:46.722+0000: 791121.680: [SoftReference, 0 refs, 0.0000585 secs]2019-02-01T00:15:46.722+0000: 791121.680: [WeakReference, 49 refs, 0.0000281 secs]2019-02-01T00:15:46.722+0000: 791121.680: [FinalReference, 964 refs, 0.0005135 secs]2019-02-01T00:15:46.722+0000: 791121.680: [PhantomReference, 0 refs, 0 refs, 0.0000102 secs]2019-02-01T00:15:46.722+0000: 791121.680: [JNI Weak Reference, 0.0000196 secs]
Desired survivor size 93323264 bytes, new threshold 1 (max 15)
[PSYoungGen: 1763359K->62323K(1828864K)] 4471580K->2772522K(5101056K), 0.0210940 secs] [Times: user=0.33 sys=0.00, real=0.02 secs] 
2019-02-01T00:15:46.726+0000: 791121.684: Total time for which application threads were stopped: 0.0302077 seconds, Stopping threads took: 0.0002367 seconds
2019-02-01T00:15:52.708+0000: 791127.666: Application time: 5.9821716 seconds
2019-02-01T00:15:52.716+0000: 791127.674: Total time for which application threads were stopped: 0.0083346 seconds, Stopping threads took: 0.0002995 seconds
2019-02-01T00:15:52.717+0000: 791127.675: Application time: 0.0009236 seconds
2019-02-01T00:15:52.726+0000: 791127.683: [GC (GCLocker Initiated GC) 2019-02-01T00:15:52.742+0000: 791127.700: [SoftReference, 0 refs, 0.0000791 secs]2019-02-01T00:15:52.742+0000: 791127.700: [WeakReference, 17 refs, 0.0000853 secs]2019-02-01T00:15:52.742+0000: 791127.700: [FinalReference, 844 refs, 0.0006218 secs]2019-02-01T00:15:52.743+0000: 791127.701: [PhantomReference, 0 refs, 0 refs, 0.0000206 secs]2019-02-01T00:15:52.743+0000: 791127.701: [JNI Weak Reference, 0.0000347 secs]
Desired survivor size 91750400 bytes, new threshold 1 (max 15)
[PSYoungGen: 1802099K->30571K(1830912K)] 4523836K->2756063K(5103104K), 0.0219768 secs] [Times: user=0.30 sys=0.00, real=0.02 secs] 
2019-02-01T00:15:52.748+0000: 791127.706: Total time for which application threads were stopped: 0.0306837 seconds, Stopping threads took: 0.0002611 seconds
2019-02-01T00:16:00.061+0000: 791135.019: Application time: 7.3131775 seconds
2019-02-01T00:16:00.070+0000: 791135.028: [GC (Allocation Failure) 2019-02-01T00:16:00.084+0000: 791135.042: [SoftReference, 0 refs, 0.0000702 secs]2019-02-01T00:16:00.084+0000: 791135.042: [WeakReference, 58 refs, 0.0000447 secs]2019-02-01T00:16:00.085+0000: 791135.042: [FinalReference, 981 refs, 0.0008833 secs]2019-02-01T00:16:00.085+0000: 791135.043: [PhantomReference, 0 refs, 0 refs, 0.0000238 secs]2019-02-01T00:16:00.085+0000: 791135.043: [JNI Weak Reference, 0.0000315 secs]
Desired survivor size 91750400 bytes, new threshold 1 (max 15)
[PSYoungGen: 1770347K->58044K(1830400K)] 4495842K->2785964K(5102592K), 0.0201231 secs] [Times: user=0.26 sys=0.01, real=0.02 secs] 
2019-02-01T00:16:00.091+0000: 791135.048: Total time for which application threads were stopped: 0.0294771 seconds, Stopping threads took: 0.0003491 seconds
2019-02-01T00:16:06.818+0000: 791141.776: Application time: 6.7276060 seconds
2019-02-01T00:16:06.827+0000: 791141.785: Total time for which application threads were stopped: 0.0087149 seconds, Stopping threads took: 0.0002744 seconds
2019-02-01T00:16:06.828+0000: 791141.785: Application time: 0.0006469 seconds
2019-02-01T00:16:06.836+0000: 791141.794: [GC (GCLocker Initiated GC) 2019-02-01T00:16:06.853+0000: 791141.810: [SoftReference, 0 refs, 0.0000498 secs]2019-02-01T00:16:06.853+0000: 791141.810: [WeakReference, 21 refs, 0.0000186 secs]2019-02-01T00:16:06.853+0000: 791141.810: [FinalReference, 1011 refs, 0.0006586 secs]2019-02-01T00:16:06.853+0000: 791141.811: [PhantomReference, 0 refs, 0 refs, 0.0000105 secs]2019-02-01T00:16:06.853+0000: 791141.811: [JNI Weak Reference, 0.0000198 secs]
Desired survivor size 87556096 bytes, new threshold 1 (max 15)
[PSYoungGen: 1799356K->46241K(1754112K)] 4527295K->2776869K(5026304K), 0.0237160 secs] [Times: user=0.33 sys=0.02, real=0.02 secs] 
2019-02-01T00:16:06.860+0000: 791141.818: Total time for which application threads were stopped: 0.0324154 seconds, Stopping threads took: 0.0001732 seconds
2019-02-01T00:16:12.829+0000: 791147.787: Application time: 5.9693071 seconds
2019-02-01T00:16:12.838+0000: 791147.796: Total time for which application threads were stopped: 0.0088727 seconds, Stopping threads took: 0.0004512 seconds
2019-02-01T00:16:12.839+0000: 791147.797: Application time: 0.0007784 seconds
2019-02-01T00:16:12.848+0000: 791147.806: [GC (GCLocker Initiated GC) 2019-02-01T00:16:12.863+0000: 791147.821: [SoftReference, 0 refs, 0.0000561 secs]2019-02-01T00:16:12.863+0000: 791147.821: [WeakReference, 66 refs, 0.0000346 secs]2019-02-01T00:16:12.863+0000: 791147.821: [FinalReference, 896 refs, 0.0005721 secs]2019-02-01T00:16:12.864+0000: 791147.822: [PhantomReference, 0 refs, 0 refs, 0.0000098 secs]2019-02-01T00:16:12.864+0000: 791147.822: [JNI Weak Reference, 0.0000190 secs]
Desired survivor size 88604672 bytes, new threshold 1 (max 15)
[PSYoungGen: 1753761K->19707K(1729536K)] 4485281K->2754725K(5001728K), 0.0231640 secs] [Times: user=0.28 sys=0.03, real=0.03 secs] 
2019-02-01T00:16:12.872+0000: 791147.829: Total time for which application threads were stopped: 0.0324930 seconds, Stopping threads took: 0.0002783 seconds
2019-02-01T00:16:18.454+0000: 791153.412: Application time: 5.5828622 seconds
2019-02-01T00:16:18.464+0000: 791153.422: Total time for which application threads were stopped: 0.0093628 seconds, Stopping threads took: 0.0006353 seconds
2019-02-01T00:16:18.465+0000: 791153.423: Application time: 0.0012582 seconds
2019-02-01T00:16:18.474+0000: 791153.432: [GC (GCLocker Initiated GC) 2019-02-01T00:16:18.492+0000: 791153.450: [SoftReference, 0 refs, 0.0000513 secs]2019-02-01T00:16:18.492+0000: 791153.450: [WeakReference, 40 refs, 0.0000305 secs]2019-02-01T00:16:18.492+0000: 791153.450: [FinalReference, 889 refs, 0.0004968 secs]2019-02-01T00:16:18.493+0000: 791153.451: [PhantomReference, 0 refs, 2 refs, 0.0000134 secs]2019-02-01T00:16:18.493+0000: 791153.451: [JNI Weak Reference, 0.0000192 secs]
Desired survivor size 100139008 bytes, new threshold 1 (max 15)
[PSYoungGen: 1694459K->86324K(1729536K)] 4429526K->2824322K(5001728K), 0.0233729 secs] [Times: user=0.34 sys=0.00, real=0.02 secs] 
2019-02-01T00:16:18.498+0000: 791153.456: Total time for which application threads were stopped: 0.0329447 seconds, Stopping threads took: 0.0005577 seconds
2019-02-01T00:16:24.646+0000: 791159.603: Application time: 6.1476673 seconds
2019-02-01T00:16:24.655+0000: 791159.612: Total time for which application threads were stopped: 0.0089348 seconds, Stopping threads took: 0.0002531 seconds
2019-02-01T00:16:24.655+0000: 791159.613: Application time: 0.0003842 seconds
2019-02-01T00:16:24.663+0000: 791159.621: [GC (GCLocker Initiated GC) 2019-02-01T00:16:24.678+0000: 791159.636: [SoftReference, 0 refs, 0.0000563 secs]2019-02-01T00:16:24.678+0000: 791159.636: [WeakReference, 33 refs, 0.0000231 secs]2019-02-01T00:16:24.678+0000: 791159.636: [FinalReference, 864 refs, 0.0004878 secs]2019-02-01T00:16:24.679+0000: 791159.637: [PhantomReference, 0 refs, 0 refs, 0.0000103 secs]2019-02-01T00:16:24.679+0000: 791159.637: [JNI Weak Reference, 0.0000197 secs]
Desired survivor size 95420416 bytes, new threshold 1 (max 15)
[PSYoungGen: 1729332K->46282K(1658880K)] 4470724K->2794505K(4931072K), 0.0239808 secs] [Times: user=0.26 sys=0.02, real=0.03 secs] 
2019-02-01T00:16:24.687+0000: 791159.645: Total time for which application threads were stopped: 0.0322145 seconds, Stopping threads took: 0.0002240 seconds
2019-02-01T00:16:30.176+0000: 791165.133: Application time: 5.4884067 seconds
2019-02-01T00:16:30.184+0000: 791165.142: Total time for which application threads were stopped: 0.0084604 seconds, Stopping threads took: 0.0002658 seconds
2019-02-01T00:16:30.185+0000: 791165.143: Application time: 0.0006753 seconds
2019-02-01T00:16:30.193+0000: 791165.150: [GC (GCLocker Initiated GC) 2019-02-01T00:16:30.205+0000: 791165.163: [SoftReference, 0 refs, 0.0000589 secs]2019-02-01T00:16:30.205+0000: 791165.163: [WeakReference, 13 refs, 0.0000156 secs]2019-02-01T00:16:30.205+0000: 791165.163: [FinalReference, 847 refs, 0.0004652 secs]2019-02-01T00:16:30.206+0000: 791165.164: [PhantomReference, 0 refs, 0 refs, 0.0000101 secs]2019-02-01T00:16:30.206+0000: 791165.164: [JNI Weak Reference, 0.0000265 secs]
Desired survivor size 93323264 bytes, new threshold 1 (max 15)
[PSYoungGen: 1658570K->33116K(1615872K)] 4413458K->2790202K(4888064K), 0.0227826 secs] [Times: user=0.22 sys=0.02, real=0.03 secs] 
2019-02-01T00:16:30.216+0000: 791165.173: Total time for which application threads were stopped: 0.0308611 seconds, Stopping threads took: 0.0003747 seconds
2019-02-01T00:16:36.217+0000: 791171.175: Application time: 6.0011563 seconds
2019-02-01T00:16:36.225+0000: 791171.183: Total time for which application threads were stopped: 0.0082723 seconds, Stopping threads took: 0.0002100 seconds
2019-02-01T00:16:36.447+0000: 791171.405: Application time: 0.2222640 seconds
2019-02-01T00:16:36.456+0000: 791171.414: [GC (Allocation Failure) 2019-02-01T00:16:36.469+0000: 791171.426: [SoftReference, 0 refs, 0.0000613 secs]2019-02-01T00:16:36.469+0000: 791171.426: [WeakReference, 33 refs, 0.0000224 secs]2019-02-01T00:16:36.469+0000: 791171.427: [FinalReference, 831 refs, 0.0003919 secs]2019-02-01T00:16:36.469+0000: 791171.427: [PhantomReference, 0 refs, 0 refs, 0.0000101 secs]2019-02-01T00:16:36.469+0000: 791171.427: [JNI Weak Reference, 0.0000186 secs]
Desired survivor size 94371840 bytes, new threshold 1 (max 15)
[PSYoungGen: 1615708K->16347K(1618432K)] 4376658K->2781177K(4890624K), 0.0195707 secs] [Times: user=0.21 sys=0.00, real=0.02 secs] 
2019-02-01T00:16:36.476+0000: 791171.434: Total time for which application threads were stopped: 0.0284162 seconds, Stopping threads took: 0.0003342 seconds
2019-02-01T00:16:40.367+0000: 791175.325: Application time: 3.8913725 seconds
2019-02-01T00:16:40.375+0000: 791175.333: Total time for which application threads were stopped: 0.0082197 seconds, Stopping threads took: 0.0002528 seconds
2019-02-01T00:16:41.539+0000: 791176.497: Application time: 1.1635365 seconds
2019-02-01T00:16:41.547+0000: 791176.505: Total time for which application threads were stopped: 0.0084734 seconds, Stopping threads took: 0.0002146 seconds
2019-02-01T00:16:41.548+0000: 791176.506: Application time: 0.0006832 seconds
2019-02-01T00:16:41.557+0000: 791176.514: [GC (GCLocker Initiated GC) 2019-02-01T00:16:41.570+0000: 791176.528: [SoftReference, 0 refs, 0.0000735 secs]2019-02-01T00:16:41.570+0000: 791176.528: [WeakReference, 29 refs, 0.0000529 secs]2019-02-01T00:16:41.570+0000: 791176.528: [FinalReference, 850 refs, 0.0005547 secs]2019-02-01T00:16:41.571+0000: 791176.529: [PhantomReference, 0 refs, 1 refs, 0.0000221 secs]2019-02-01T00:16:41.571+0000: 791176.529: [JNI Weak Reference, 0.0000324 secs]
Desired survivor size 90177536 bytes, new threshold 1 (max 15)
[PSYoungGen: 1567054K->45466K(1571328K)] 4335205K->2816736K(4843520K), 0.0262152 secs] [Times: user=0.25 sys=0.01, real=0.02 secs] 
2019-02-01T00:16:41.583+0000: 791176.541: Total time for which application threads were stopped: 0.0349586 seconds, Stopping threads took: 0.0003679 seconds
2019-02-01T00:16:46.158+0000: 791181.116: Application time: 4.5752541 seconds
2019-02-01T00:16:46.167+0000: 791181.124: Total time for which application threads were stopped: 0.0083588 seconds, Stopping threads took: 0.0005633 seconds
2019-02-01T00:16:46.168+0000: 791181.125: Application time: 0.0009004 seconds
2019-02-01T00:16:46.180+0000: 791181.138: [GC (GCLocker Initiated GC) 2019-02-01T00:16:46.194+0000: 791181.152: [SoftReference, 0 refs, 0.0000558 secs]2019-02-01T00:16:46.194+0000: 791181.152: [WeakReference, 57 refs, 0.0000324 secs]2019-02-01T00:16:46.194+0000: 791181.152: [FinalReference, 712 refs, 0.0003720 secs]2019-02-01T00:16:46.195+0000: 791181.152: [PhantomReference, 0 refs, 0 refs, 0.0000107 secs]2019-02-01T00:16:46.195+0000: 791181.152: [JNI Weak Reference, 0.0000207 secs]
Desired survivor size 93323264 bytes, new threshold 1 (max 15)
[PSYoungGen: 1571226K->64504K(1565696K)] 4349226K->2845631K(4837888K), 0.0216737 secs] [Times: user=0.29 sys=0.01, real=0.02 secs] 
2019-02-01T00:16:46.202+0000: 791181.160: Total time for which application threads were stopped: 0.0341325 seconds, Stopping threads took: 0.0048146 seconds
2019-02-01T00:16:50.143+0000: 791185.101: Application time: 3.9412040 seconds
2019-02-01T00:16:50.153+0000: 791185.111: Total time for which application threads were stopped: 0.0105513 seconds, Stopping threads took: 0.0019809 seconds
2019-02-01T00:16:50.155+0000: 791185.113: Application time: 0.0012644 seconds
2019-02-01T00:16:50.164+0000: 791185.122: [GC (GCLocker Initiated GC) 2019-02-01T00:16:50.178+0000: 791185.135: [SoftReference, 0 refs, 0.0000567 secs]2019-02-01T00:16:50.178+0000: 791185.136: [WeakReference, 36 refs, 0.0000237 secs]2019-02-01T00:16:50.178+0000: 791185.136: [FinalReference, 667 refs, 0.0003722 secs]2019-02-01T00:16:50.178+0000: 791185.136: [PhantomReference, 0 refs, 1 refs, 0.0000108 secs]2019-02-01T00:16:50.178+0000: 791185.136: [JNI Weak Reference, 0.0000207 secs]
Desired survivor size 92274688 bytes, new threshold 1 (max 15)
[PSYoungGen: 1563128K->55537K(1527808K)] 4347602K->2843473K(4800000K), 0.0233205 secs] [Times: user=0.25 sys=0.01, real=0.02 secs] 
2019-02-01T00:16:50.187+0000: 791185.145: Total time for which application threads were stopped: 0.0325557 seconds, Stopping threads took: 0.0002702 seconds
2019-02-01T00:16:54.484+0000: 791189.442: Application time: 4.2964420 seconds
2019-02-01T00:16:54.494+0000: 791189.452: Total time for which application threads were stopped: 0.0104508 seconds, Stopping threads took: 0.0018894 seconds
2019-02-01T00:16:54.495+0000: 791189.453: Application time: 0.0009739 seconds
2019-02-01T00:16:54.504+0000: 791189.462: [GC (GCLocker Initiated GC) 2019-02-01T00:16:54.519+0000: 791189.477: [SoftReference, 0 refs, 0.0000746 secs]2019-02-01T00:16:54.519+0000: 791189.477: [WeakReference, 19 refs, 0.0000287 secs]2019-02-01T00:16:54.519+0000: 791189.477: [FinalReference, 790 refs, 0.0006072 secs]2019-02-01T00:16:54.520+0000: 791189.478: [PhantomReference, 0 refs, 1 refs, 0.0000281 secs]2019-02-01T00:16:54.520+0000: 791189.478: [JNI Weak Reference, 0.0000334 secs]
Desired survivor size 96468992 bytes, new threshold 1 (max 15)
[PSYoungGen: 1527537K->69934K(1519104K)] 4315502K->2860029K(4791296K), 0.0247850 secs] [Times: user=0.28 sys=0.01, real=0.03 secs] 
2019-02-01T00:16:54.529+0000: 791189.487: Total time for which application threads were stopped: 0.0338667 seconds, Stopping threads took: 0.0003125 seconds
2019-02-01T00:16:59.035+0000: 791193.993: Application time: 4.5062573 seconds
2019-02-01T00:16:59.044+0000: 791194.002: Total time for which application threads were stopped: 0.0087541 seconds, Stopping threads took: 0.0003189 seconds
2019-02-01T00:16:59.045+0000: 791194.003: Application time: 0.0007321 seconds
2019-02-01T00:16:59.054+0000: 791194.012: [GC (GCLocker Initiated GC) 2019-02-01T00:16:59.071+0000: 791194.029: [SoftReference, 0 refs, 0.0001331 secs]2019-02-01T00:16:59.072+0000: 791194.029: [WeakReference, 17 refs, 0.0000342 secs]2019-02-01T00:16:59.072+0000: 791194.029: [FinalReference, 744 refs, 0.0006544 secs]2019-02-01T00:16:59.072+0000: 791194.030: [PhantomReference, 0 refs, 0 refs, 0.0000238 secs]2019-02-01T00:16:59.072+0000: 791194.030: [JNI Weak Reference, 0.0000337 secs]
Desired survivor size 92798976 bytes, new threshold 1 (max 15)
[PSYoungGen: 1516334K->50629K(1472000K)] 4306460K->2844371K(4744192K), 0.0308281 secs] [Times: user=0.22 sys=0.01, real=0.03 secs] 
2019-02-01T00:16:59.085+0000: 791194.043: Total time for which application threads were stopped: 0.0400503 seconds, Stopping threads took: 0.0002051 seconds
2019-02-01T00:17:03.207+0000: 791198.165: Application time: 4.1222190 seconds
2019-02-01T00:17:03.216+0000: 791198.174: Total time for which application threads were stopped: 0.0090711 seconds, Stopping threads took: 0.0002940 seconds
2019-02-01T00:17:03.217+0000: 791198.175: Application time: 0.0006954 seconds
2019-02-01T00:17:03.225+0000: 791198.183: [GC (GCLocker Initiated GC) 2019-02-01T00:17:03.242+0000: 791198.200: [SoftReference, 0 refs, 0.0000845 secs]2019-02-01T00:17:03.242+0000: 791198.200: [WeakReference, 90 refs, 0.0000461 secs]2019-02-01T00:17:03.242+0000: 791198.200: [FinalReference, 670 refs, 0.0003465 secs]2019-02-01T00:17:03.243+0000: 791198.201: [PhantomReference, 0 refs, 0 refs, 0.0000103 secs]2019-02-01T00:17:03.243+0000: 791198.201: [JNI Weak Reference, 0.0000240 secs]
Desired survivor size 99614720 bytes, new threshold 1 (max 15)
[PSYoungGen: 1471941K->78404K(1477120K)] 4265709K->2875574K(4749312K), 0.0231643 secs] [Times: user=0.33 sys=0.00, real=0.02 secs] 
2019-02-01T00:17:03.248+0000: 791198.206: Total time for which application threads were stopped: 0.0312113 seconds, Stopping threads took: 0.0002549 seconds
2019-02-01T00:17:07.403+0000: 791202.361: Application time: 4.1549246 seconds
2019-02-01T00:17:07.414+0000: 791202.372: Total time for which application threads were stopped: 0.0111278 seconds, Stopping threads took: 0.0021303 seconds
2019-02-01T00:17:07.416+0000: 791202.374: Application time: 0.0016734 seconds
2019-02-01T00:17:07.425+0000: 791202.383: [GC (GCLocker Initiated GC) 2019-02-01T00:17:07.444+0000: 791202.401: [SoftReference, 0 refs, 0.0000637 secs]2019-02-01T00:17:07.444+0000: 791202.401: [WeakReference, 19 refs, 0.0000191 secs]2019-02-01T00:17:07.444+0000: 791202.401: [FinalReference, 686 refs, 0.0004283 secs]2019-02-01T00:17:07.444+0000: 791202.402: [PhantomReference, 0 refs, 1 refs, 0.0000534 secs]2019-02-01T00:17:07.444+0000: 791202.402: [JNI Weak Reference, 0.0000228 secs]
Desired survivor size 104857600 bytes, new threshold 1 (max 15)
[PSYoungGen: 1475652K->78701K(1452544K)] 4272864K->2879184K(4724736K), 0.0248866 secs] [Times: user=0.35 sys=0.00, real=0.02 secs] 
2019-02-01T00:17:07.450+0000: 791202.408: Total time for which application threads were stopped: 0.0340809 seconds, Stopping threads took: 0.0001637 seconds
2019-02-01T00:17:11.564+0000: 791206.522: Application time: 4.1140886 seconds
2019-02-01T00:17:11.573+0000: 791206.531: Total time for which application threads were stopped: 0.0088394 seconds, Stopping threads took: 0.0002632 seconds
2019-02-01T00:17:11.574+0000: 791206.532: Application time: 0.0009067 seconds
2019-02-01T00:17:11.582+0000: 791206.540: [GC (GCLocker Initiated GC) 2019-02-01T00:17:11.599+0000: 791206.557: [SoftReference, 0 refs, 0.0000770 secs]2019-02-01T00:17:11.599+0000: 791206.557: [WeakReference, 16 refs, 0.0000307 secs]2019-02-01T00:17:11.599+0000: 791206.557: [FinalReference, 696 refs, 0.0005002 secs]2019-02-01T00:17:11.599+0000: 791206.557: [PhantomReference, 0 refs, 0 refs, 0.0000213 secs]2019-02-01T00:17:11.599+0000: 791206.557: [JNI Weak Reference, 0.0000326 secs]
Desired survivor size 101711872 bytes, new threshold 1 (max 15)
[PSYoungGen: 1452397K->44188K(1423872K)] 4252933K->2852851K(4696064K), 0.0288781 secs] [Times: user=0.27 sys=0.01, real=0.03 secs] 
2019-02-01T00:17:11.612+0000: 791206.569: Total time for which application threads were stopped: 0.0378775 seconds, Stopping threads took: 0.0002735 seconds
2019-02-01T00:17:15.656+0000: 791210.614: Application time: 4.0446618 seconds
2019-02-01T00:17:15.669+0000: 791210.627: Total time for which application threads were stopped: 0.0126644 seconds, Stopping threads took: 0.0042355 seconds
2019-02-01T00:17:15.670+0000: 791210.628: Application time: 0.0014674 seconds
2019-02-01T00:17:15.680+0000: 791210.637: [GC (GCLocker Initiated GC) 2019-02-01T00:17:15.696+0000: 791210.654: [SoftReference, 0 refs, 0.0000877 secs]2019-02-01T00:17:15.696+0000: 791210.654: [WeakReference, 7 refs, 0.0000141 secs]2019-02-01T00:17:15.696+0000: 791210.654: [FinalReference, 688 refs, 0.0003180 secs]2019-02-01T00:17:15.697+0000: 791210.654: [PhantomReference, 0 refs, 1 refs, 0.0000111 secs]2019-02-01T00:17:15.697+0000: 791210.654: [JNI Weak Reference, 0.0000196 secs]
Desired survivor size 100663296 bytes, new threshold 1 (max 15)
[PSYoungGen: 1394844K->62127K(1391104K)] 4211038K->2880984K(4663296K), 0.0239421 secs] [Times: user=0.33 sys=0.01, real=0.03 secs] 
2019-02-01T00:17:15.704+0000: 791210.662: Total time for which application threads were stopped: 0.0332495 seconds, Stopping threads took: 0.0003089 seconds
2019-02-01T00:17:19.613+0000: 791214.571: Application time: 3.9092534 seconds
2019-02-01T00:17:19.622+0000: 791214.580: Total time for which application threads were stopped: 0.0088766 seconds, Stopping threads took: 0.0003918 seconds
2019-02-01T00:17:19.623+0000: 791214.581: Application time: 0.0010978 seconds
2019-02-01T00:17:19.632+0000: 791214.590: [GC (GCLocker Initiated GC) 2019-02-01T00:17:19.648+0000: 791214.605: [SoftReference, 0 refs, 0.0000441 secs]2019-02-01T00:17:19.648+0000: 791214.605: [WeakReference, 47 refs, 0.0000353 secs]2019-02-01T00:17:19.648+0000: 791214.605: [FinalReference, 646 refs, 0.0004094 secs]2019-02-01T00:17:19.648+0000: 791214.606: [PhantomReference, 0 refs, 1 refs, 0.0000138 secs]2019-02-01T00:17:19.648+0000: 791214.606: [JNI Weak Reference, 0.0000273 secs]
Desired survivor size 98041856 bytes, new threshold 1 (max 15)
[PSYoungGen: 1390767K->42534K(1378816K)] 4210787K->2866007K(4651008K), 0.0244102 secs] [Times: user=0.30 sys=0.00, real=0.03 secs] 
2019-02-01T00:17:19.656+0000: 791214.614: Total time for which application threads were stopped: 0.0334518 seconds, Stopping threads took: 0.0002005 seconds
2019-02-01T00:17:23.928+0000: 791218.886: Application time: 4.2715206 seconds
2019-02-01T00:17:23.937+0000: 791218.895: Total time for which application threads were stopped: 0.0090116 seconds, Stopping threads took: 0.0002655 seconds
2019-02-01T00:17:23.938+0000: 791218.896: Application time: 0.0008907 seconds
2019-02-01T00:17:23.947+0000: 791218.905: [GC (GCLocker Initiated GC) 2019-02-01T00:17:23.963+0000: 791218.920: [SoftReference, 0 refs, 0.0000542 secs]2019-02-01T00:17:23.963+0000: 791218.921: [WeakReference, 42 refs, 0.0000282 secs]2019-02-01T00:17:23.963+0000: 791218.921: [FinalReference, 724 refs, 0.0003560 secs]2019-02-01T00:17:23.963+0000: 791218.921: [PhantomReference, 0 refs, 1 refs, 0.0000105 secs]2019-02-01T00:17:23.963+0000: 791218.921: [JNI Weak Reference, 0.0000204 secs]
Desired survivor size 93847552 bytes, new threshold 1 (max 15)
[PSYoungGen: 1349670K->52811K(1339392K)] 4173176K->2878824K(4611584K), 0.0227371 secs] [Times: user=0.25 sys=0.00, real=0.02 secs] 
2019-02-01T00:17:23.970+0000: 791218.928: Total time for which application threads were stopped: 0.0321332 seconds, Stopping threads took: 0.0004273 seconds
2019-02-01T00:17:27.542+0000: 791222.500: Application time: 3.5721417 seconds
2019-02-01T00:17:27.551+0000: 791222.509: Total time for which application threads were stopped: 0.0093505 seconds, Stopping threads took: 0.0002831 seconds
2019-02-01T00:17:27.552+0000: 791222.510: Application time: 0.0009053 seconds
2019-02-01T00:17:27.561+0000: 791222.519: [GC (GCLocker Initiated GC) 2019-02-01T00:17:27.577+0000: 791222.535: [SoftReference, 0 refs, 0.0000648 secs]2019-02-01T00:17:27.577+0000: 791222.535: [WeakReference, 13 refs, 0.0000149 secs]2019-02-01T00:17:27.577+0000: 791222.535: [FinalReference, 638 refs, 0.0003179 secs]2019-02-01T00:17:27.578+0000: 791222.536: [PhantomReference, 0 refs, 0 refs, 0.0000101 secs]2019-02-01T00:17:27.578+0000: 791222.536: [JNI Weak Reference, 0.0000553 secs]
Desired survivor size 100663296 bytes, new threshold 1 (max 15)
[PSYoungGen: 1338955K->81105K(1350144K)] 4165051K->2911208K(4622336K), 0.0215016 secs] [Times: user=0.32 sys=0.00, real=0.02 secs] 
2019-02-01T00:17:27.583+0000: 791222.541: Total time for which application threads were stopped: 0.0303345 seconds, Stopping threads took: 0.0001925 seconds
2019-02-01T00:17:31.825+0000: 791226.783: Application time: 4.2422500 seconds
2019-02-01T00:17:31.833+0000: 791226.790: Total time for which application threads were stopped: 0.0077216 seconds, Stopping threads took: 0.0001954 seconds
2019-02-01T00:17:31.833+0000: 791226.791: Application time: 0.0003360 seconds
2019-02-01T00:17:31.840+0000: 791226.798: [GC (GCLocker Initiated GC) 2019-02-01T00:17:31.853+0000: 791226.811: [SoftReference, 0 refs, 0.0000525 secs]2019-02-01T00:17:31.854+0000: 791226.811: [WeakReference, 9 refs, 0.0000217 secs]2019-02-01T00:17:31.854+0000: 791226.811: [FinalReference, 721 refs, 0.0003596 secs]2019-02-01T00:17:31.854+0000: 791226.812: [PhantomReference, 0 refs, 0 refs, 0.0000101 secs]2019-02-01T00:17:31.854+0000: 791226.812: [JNI Weak Reference, 0.0000202 secs]
Desired survivor size 98041856 bytes, new threshold 1 (max 15)
[PSYoungGen: 1346769K->47339K(1293312K)] 4180202K->2886706K(4565504K), 0.0211635 secs] [Times: user=0.26 sys=0.01, real=0.02 secs] 
2019-02-01T00:17:31.861+0000: 791226.819: Total time for which application threads were stopped: 0.0283372 seconds, Stopping threads took: 0.0001930 seconds
2019-02-01T00:17:35.923+0000: 791230.881: Application time: 4.0617433 seconds
2019-02-01T00:17:35.935+0000: 791230.893: Total time for which application threads were stopped: 0.0119193 seconds, Stopping threads took: 0.0036620 seconds
2019-02-01T00:17:35.937+0000: 791230.895: Application time: 0.0017841 seconds
2019-02-01T00:17:35.947+0000: 791230.904: [GC (GCLocker Initiated GC) 2019-02-01T00:17:35.964+0000: 791230.922: [SoftReference, 0 refs, 0.0000618 secs]2019-02-01T00:17:35.964+0000: 791230.922: [WeakReference, 77 refs, 0.0000342 secs]2019-02-01T00:17:35.964+0000: 791230.922: [FinalReference, 684 refs, 0.0003895 secs]2019-02-01T00:17:35.964+0000: 791230.922: [PhantomReference, 0 refs, 2 refs, 0.0000111 secs]2019-02-01T00:17:35.964+0000: 791230.922: [JNI Weak Reference, 0.0000185 secs]
Desired survivor size 102760448 bytes, new threshold 1 (max 15)
[PSYoungGen: 1293035K->78496K(1311744K)] 4141464K->2929759K(4583936K), 0.0227120 secs] [Times: user=0.33 sys=0.00, real=0.02 secs] 
2019-02-01T00:17:35.969+0000: 791230.927: Total time for which application threads were stopped: 0.0326245 seconds, Stopping threads took: 0.0022158 seconds
2019-02-01T00:17:39.285+0000: 791234.243: Application time: 3.3158684 seconds
2019-02-01T00:17:39.294+0000: 791234.252: Total time for which application threads were stopped: 0.0087075 seconds, Stopping threads took: 0.0002479 seconds
2019-02-01T00:17:39.294+0000: 791234.252: Application time: 0.0001160 seconds
2019-02-01T00:17:39.302+0000: 791234.260: Total time for which application threads were stopped: 0.0075723 seconds, Stopping threads took: 0.0001240 seconds
2019-02-01T00:17:39.302+0000: 791234.260: Application time: 0.0003855 seconds
2019-02-01T00:17:39.309+0000: 791234.267: [GC (GCLocker Initiated GC) 2019-02-01T00:17:39.324+0000: 791234.282: [SoftReference, 0 refs, 0.0000598 secs]2019-02-01T00:17:39.324+0000: 791234.282: [WeakReference, 48 refs, 0.0000429 secs]2019-02-01T00:17:39.325+0000: 791234.282: [FinalReference, 552 refs, 0.0002810 secs]2019-02-01T00:17:39.325+0000: 791234.283: [PhantomReference, 0 refs, 0 refs, 0.0000097 secs]2019-02-01T00:17:39.325+0000: 791234.283: [JNI Weak Reference, 0.0000189 secs]
Desired survivor size 100139008 bytes, new threshold 1 (max 15)
[PSYoungGen: 1304736K->45258K(1252864K)] 4159334K->2903599K(4525056K), 0.0225158 secs] [Times: user=0.27 sys=0.01, real=0.02 secs] 
2019-02-01T00:17:39.331+0000: 791234.289: Total time for which application threads were stopped: 0.0293410 seconds, Stopping threads took: 0.0001956 seconds
2019-02-01T00:17:40.367+0000: 791235.325: Application time: 1.0358445 seconds
2019-02-01T00:17:40.376+0000: 791235.334: Total time for which application threads were stopped: 0.0089329 seconds, Stopping threads took: 0.0005664 seconds
2019-02-01T00:17:40.415+0000: 791235.373: Application time: 0.0385688 seconds
2019-02-01T00:17:40.425+0000: 791235.383: Total time for which application threads were stopped: 0.0106584 seconds, Stopping threads took: 0.0036908 seconds
2019-02-01T00:17:43.089+0000: 791238.047: Application time: 2.6640093 seconds
2019-02-01T00:17:43.098+0000: 791238.056: Total time for which application threads were stopped: 0.0086296 seconds, Stopping threads took: 0.0003109 seconds
2019-02-01T00:17:43.099+0000: 791238.057: Application time: 0.0006307 seconds
2019-02-01T00:17:43.107+0000: 791238.065: [GC (GCLocker Initiated GC) 2019-02-01T00:17:43.126+0000: 791238.084: [SoftReference, 0 refs, 0.0000943 secs]2019-02-01T00:17:43.126+0000: 791238.084: [WeakReference, 2 refs, 0.0000174 secs]2019-02-01T00:17:43.126+0000: 791238.084: [FinalReference, 650 refs, 0.0003368 secs]2019-02-01T00:17:43.127+0000: 791238.084: [PhantomReference, 0 refs, 1 refs, 0.0000111 secs]2019-02-01T00:17:43.127+0000: 791238.084: [JNI Weak Reference, 0.0000189 secs]
Desired survivor size 102760448 bytes, new threshold 1 (max 15)
[PSYoungGen: 1252554K->18777K(1273344K)] 4110909K->2879899K(4545536K), 0.0246184 secs] [Times: user=0.32 sys=0.01, real=0.02 secs] 
2019-02-01T00:17:43.132+0000: 791238.090: Total time for which application threads were stopped: 0.0332853 seconds, Stopping threads took: 0.0002911 seconds
2019-02-01T00:17:47.289+0000: 791242.247: Application time: 4.1569566 seconds
2019-02-01T00:17:47.298+0000: 791242.255: Total time for which application threads were stopped: 0.0086558 seconds, Stopping threads took: 0.0002634 seconds
2019-02-01T00:17:47.298+0000: 791242.256: Application time: 0.0007162 seconds
2019-02-01T00:17:47.307+0000: 791242.265: [GC (GCLocker Initiated GC) 2019-02-01T00:17:47.321+0000: 791242.278: [SoftReference, 0 refs, 0.0000792 secs]2019-02-01T00:17:47.321+0000: 791242.278: [WeakReference, 17 refs, 0.0000311 secs]2019-02-01T00:17:47.321+0000: 791242.279: [FinalReference, 644 refs, 0.0004884 secs]2019-02-01T00:17:47.321+0000: 791242.279: [PhantomReference, 0 refs, 0 refs, 0.0000193 secs]2019-02-01T00:17:47.321+0000: 791242.279: [JNI Weak Reference, 0.0000327 secs]
Desired survivor size 98041856 bytes, new threshold 1 (max 15)
[PSYoungGen: 1207641K->52317K(1223680K)] 4068798K->2915996K(4495872K), 0.0248696 secs] [Times: user=0.24 sys=0.00, real=0.02 secs] 
2019-02-01T00:17:47.332+0000: 791242.290: Total time for which application threads were stopped: 0.0335366 seconds, Stopping threads took: 0.0002214 seconds
2019-02-01T00:17:50.645+0000: 791245.602: Application time: 3.3126552 seconds
2019-02-01T00:17:50.653+0000: 791245.611: Total time for which application threads were stopped: 0.0089193 seconds, Stopping threads took: 0.0003894 seconds
2019-02-01T00:17:50.655+0000: 791245.612: Application time: 0.0010583 seconds
2019-02-01T00:17:50.664+0000: 791245.622: [GC (GCLocker Initiated GC) 2019-02-01T00:17:50.683+0000: 791245.641: [SoftReference, 0 refs, 0.0000579 secs]2019-02-01T00:17:50.683+0000: 791245.641: [WeakReference, 95 refs, 0.0000409 secs]2019-02-01T00:17:50.683+0000: 791245.641: [FinalReference, 537 refs, 0.0002587 secs]2019-02-01T00:17:50.683+0000: 791245.641: [PhantomReference, 0 refs, 1 refs, 0.0000230 secs]2019-02-01T00:17:50.683+0000: 791245.641: [JNI Weak Reference, 0.0000201 secs]
Desired survivor size 109051904 bytes, new threshold 1 (max 15)
[PSYoungGen: 1223261K->93425K(1249280K)] 4094084K->2967671K(4521472K), 0.0223413 secs] [Times: user=0.39 sys=0.00, real=0.03 secs] 
2019-02-01T00:17:50.687+0000: 791245.645: Total time for which application threads were stopped: 0.0321121 seconds, Stopping threads took: 0.0007228 seconds
2019-02-01T00:17:54.505+0000: 791249.463: Application time: 3.8182136 seconds
2019-02-01T00:17:54.514+0000: 791249.472: Total time for which application threads were stopped: 0.0088303 seconds, Stopping threads took: 0.0002614 seconds
2019-02-01T00:17:54.515+0000: 791249.472: Application time: 0.0008799 seconds
2019-02-01T00:17:54.523+0000: 791249.481: [GC (GCLocker Initiated GC) 2019-02-01T00:17:54.544+0000: 791249.502: [SoftReference, 0 refs, 0.0000592 secs]2019-02-01T00:17:54.544+0000: 791249.502: [WeakReference, 32 refs, 0.0000221 secs]2019-02-01T00:17:54.544+0000: 791249.502: [FinalReference, 686 refs, 0.0003295 secs]2019-02-01T00:17:54.544+0000: 791249.502: [PhantomReference, 0 refs, 0 refs, 0.0000098 secs]2019-02-01T00:17:54.544+0000: 791249.502: [JNI Weak Reference, 0.0000190 secs]
Desired survivor size 104333312 bytes, new threshold 1 (max 15)
[PSYoungGen: 1246961K->53436K(1190400K)] 4121235K->2931831K(4462592K), 0.0275178 secs] [Times: user=0.39 sys=0.02, real=0.03 secs] 
2019-02-01T00:17:54.551+0000: 791249.509: Total time for which application threads were stopped: 0.0364397 seconds, Stopping threads took: 0.0002300 seconds
2019-02-01T00:17:58.086+0000: 791253.043: Application time: 3.5345341 seconds
2019-02-01T00:17:58.094+0000: 791253.052: Total time for which application threads were stopped: 0.0084207 seconds, Stopping threads took: 0.0002027 seconds
2019-02-01T00:17:58.095+0000: 791253.053: Application time: 0.0008037 seconds
2019-02-01T00:17:58.104+0000: 791253.062: [GC (GCLocker Initiated GC) 2019-02-01T00:17:58.123+0000: 791253.081: [SoftReference, 0 refs, 0.0000819 secs]2019-02-01T00:17:58.123+0000: 791253.081: [WeakReference, 18 refs, 0.0000279 secs]2019-02-01T00:17:58.123+0000: 791253.081: [FinalReference, 586 refs, 0.0004758 secs]2019-02-01T00:17:58.123+0000: 791253.081: [PhantomReference, 0 refs, 0 refs, 0.0000193 secs]2019-02-01T00:17:58.123+0000: 791253.081: [JNI Weak Reference, 0.0000324 secs]
Desired survivor size 101711872 bytes, new threshold 1 (max 15)
[PSYoungGen: 1190076K->45344K(1200640K)] 4068523K->2929402K(4472832K), 0.0291565 secs] [Times: user=0.31 sys=0.01, real=0.03 secs] 
2019-02-01T00:17:58.133+0000: 791253.091: Total time for which application threads were stopped: 0.0384028 seconds, Stopping threads took: 0.0002015 seconds
2019-02-01T00:18:01.678+0000: 791256.636: Application time: 3.5444585 seconds
2019-02-01T00:18:01.686+0000: 791256.644: Total time for which application threads were stopped: 0.0085061 seconds, Stopping threads took: 0.0003069 seconds
2019-02-01T00:18:01.687+0000: 791256.645: Application time: 0.0010918 seconds
2019-02-01T00:18:01.696+0000: 791256.654: [GC (GCLocker Initiated GC) 2019-02-01T00:18:01.711+0000: 791256.669: [SoftReference, 0 refs, 0.0000589 secs]2019-02-01T00:18:01.711+0000: 791256.669: [WeakReference, 63 refs, 0.0000272 secs]2019-02-01T00:18:01.711+0000: 791256.669: [FinalReference, 546 refs, 0.0003061 secs]2019-02-01T00:18:01.711+0000: 791256.669: [PhantomReference, 0 refs, 0 refs, 0.0000107 secs]2019-02-01T00:18:01.711+0000: 791256.669: [JNI Weak Reference, 0.0000192 secs]
Desired survivor size 98566144 bytes, new threshold 1 (max 15)
[PSYoungGen: 1165600K->46619K(1151488K)] 4049715K->2933446K(4423680K), 0.0223109 secs] [Times: user=0.22 sys=0.01, real=0.03 secs] 
2019-02-01T00:18:01.719+0000: 791256.676: Total time for which application threads were stopped: 0.0313178 seconds, Stopping threads took: 0.0004104 seconds
2019-02-01T00:18:05.326+0000: 791260.284: Application time: 3.6076467 seconds
2019-02-01T00:18:05.334+0000: 791260.292: Total time for which application threads were stopped: 0.0075282 seconds, Stopping threads took: 0.0003085 seconds
2019-02-01T00:18:05.335+0000: 791260.293: Application time: 0.0016173 seconds
2019-02-01T00:18:05.342+0000: 791260.300: [GC (GCLocker Initiated GC) 2019-02-01T00:18:05.358+0000: 791260.316: [SoftReference, 0 refs, 0.0000645 secs]2019-02-01T00:18:05.358+0000: 791260.316: [WeakReference, 15 refs, 0.0000159 secs]2019-02-01T00:18:05.358+0000: 791260.316: [FinalReference, 656 refs, 0.0003209 secs]2019-02-01T00:18:05.358+0000: 791260.316: [PhantomReference, 0 refs, 0 refs, 0.0000103 secs]2019-02-01T00:18:05.358+0000: 791260.316: [JNI Weak Reference, 0.0000194 secs]
Desired survivor size 95420416 bytes, new threshold 1 (max 15)
[PSYoungGen: 1151003K->56873K(1162752K)] 4041431K->2951325K(4434944K), 0.0209444 secs] [Times: user=0.23 sys=0.00, real=0.02 secs] 
2019-02-01T00:18:05.363+0000: 791260.321: Total time for which application threads were stopped: 0.0276343 seconds, Stopping threads took: 0.0001607 seconds
2019-02-01T00:18:09.574+0000: 791264.531: Application time: 4.2105048 seconds
2019-02-01T00:18:09.580+0000: 791264.538: Total time for which application threads were stopped: 0.0060753 seconds, Stopping threads took: 0.0004433 seconds
2019-02-01T00:18:09.580+0000: 791264.538: Application time: 0.0005105 seconds
2019-02-01T00:18:09.587+0000: 791264.545: [GC (GCLocker Initiated GC) 2019-02-01T00:18:09.603+0000: 791264.561: [SoftReference, 0 refs, 0.0000767 secs]2019-02-01T00:18:09.604+0000: 791264.561: [WeakReference, 12 refs, 0.0000270 secs]2019-02-01T00:18:09.604+0000: 791264.561: [FinalReference, 716 refs, 0.0005691 secs]2019-02-01T00:18:09.604+0000: 791264.562: [PhantomReference, 0 refs, 1 refs, 0.0000198 secs]2019-02-01T00:18:09.604+0000: 791264.562: [JNI Weak Reference, 0.0000325 secs]
Desired survivor size 94896128 bytes, new threshold 1 (max 15)
[PSYoungGen: 1145385K->35499K(1108992K)] 4039846K->2933141K(4381184K), 0.0223257 secs] [Times: user=0.23 sys=0.00, real=0.02 secs] 
2019-02-01T00:18:09.609+0000: 791264.567: Total time for which application threads were stopped: 0.0290630 seconds, Stopping threads took: 0.0003988 seconds
2019-02-01T00:18:13.276+0000: 791268.234: Application time: 3.6670862 seconds
2019-02-01T00:18:13.283+0000: 791268.241: Total time for which application threads were stopped: 0.0071324 seconds, Stopping threads took: 0.0004682 seconds
2019-02-01T00:18:13.285+0000: 791268.242: Application time: 0.0010033 seconds
2019-02-01T00:18:13.293+0000: 791268.251: [GC (GCLocker Initiated GC) 2019-02-01T00:18:13.312+0000: 791268.270: [SoftReference, 0 refs, 0.0000793 secs]2019-02-01T00:18:13.312+0000: 791268.270: [WeakReference, 71 refs, 0.0000504 secs]2019-02-01T00:18:13.312+0000: 791268.270: [FinalReference, 591 refs, 0.0004512 secs]2019-02-01T00:18:13.312+0000: 791268.270: [PhantomReference, 0 refs, 1 refs, 0.0000201 secs]2019-02-01T00:18:13.312+0000: 791268.270: [JNI Weak Reference, 0.0000319 secs]
Desired survivor size 101187584 bytes, new threshold 1 (max 15)
[PSYoungGen: 1108651K->79792K(1148416K)] 4008394K->2982140K(4420608K), 0.0243319 secs] [Times: user=0.28 sys=0.01, real=0.02 secs] 
2019-02-01T00:18:13.318+0000: 791268.275: Total time for which application threads were stopped: 0.0331127 seconds, Stopping threads took: 0.0003856 seconds
2019-02-01T00:18:16.651+0000: 791271.609: Application time: 3.3336235 seconds
2019-02-01T00:18:16.657+0000: 791271.615: Total time for which application threads were stopped: 0.0058474 seconds, Stopping threads took: 0.0002515 seconds
2019-02-01T00:18:16.658+0000: 791271.616: Application time: 0.0009360 seconds
2019-02-01T00:18:16.665+0000: 791271.623: [GC (GCLocker Initiated GC) 2019-02-01T00:18:16.681+0000: 791271.639: [SoftReference, 0 refs, 0.0000562 secs]2019-02-01T00:18:16.681+0000: 791271.639: [WeakReference, 60 refs, 0.0000382 secs]2019-02-01T00:18:16.681+0000: 791271.639: [FinalReference, 535 refs, 0.0002628 secs]2019-02-01T00:18:16.681+0000: 791271.639: [PhantomReference, 0 refs, 0 refs, 0.0000101 secs]2019-02-01T00:18:16.681+0000: 791271.639: [JNI Weak Reference, 0.0000358 secs]
Desired survivor size 101187584 bytes, new threshold 1 (max 15)
[PSYoungGen: 1138096K->67226K(1111040K)] 4047121K->2979556K(4383232K), 0.0221563 secs] [Times: user=0.28 sys=0.01, real=0.02 secs] 
2019-02-01T00:18:16.688+0000: 791271.645: Total time for which application threads were stopped: 0.0294603 seconds, Stopping threads took: 0.0012513 seconds
2019-02-01T00:18:20.393+0000: 791275.351: Application time: 3.7057040 seconds
2019-02-01T00:18:20.399+0000: 791275.357: Total time for which application threads were stopped: 0.0059367 seconds, Stopping threads took: 0.0002465 seconds
2019-02-01T00:18:20.400+0000: 791275.358: Application time: 0.0005280 seconds
2019-02-01T00:18:20.405+0000: 791275.363: [GC (GCLocker Initiated GC) 2019-02-01T00:18:20.421+0000: 791275.379: [SoftReference, 0 refs, 0.0000542 secs]2019-02-01T00:18:20.421+0000: 791275.379: [WeakReference, 20 refs, 0.0000190 secs]2019-02-01T00:18:20.421+0000: 791275.379: [FinalReference, 598 refs, 0.0003315 secs]2019-02-01T00:18:20.422+0000: 791275.379: [PhantomReference, 0 refs, 0 refs, 0.0000099 secs]2019-02-01T00:18:20.422+0000: 791275.379: [JNI Weak Reference, 0.0000201 secs]
Desired survivor size 101187584 bytes, new threshold 1 (max 15)
[PSYoungGen: 1110682K->30109K(1113600K)] 4026350K->2949967K(4385792K), 0.0221582 secs] [Times: user=0.26 sys=0.00, real=0.02 secs] 
2019-02-01T00:18:20.428+0000: 791275.386: Total time for which application threads were stopped: 0.0279926 seconds, Stopping threads took: 0.0001294 seconds
2019-02-01T00:18:24.159+0000: 791279.117: Application time: 3.7315965 seconds
2019-02-01T00:18:24.167+0000: 791279.125: Total time for which application threads were stopped: 0.0076961 seconds, Stopping threads took: 0.0002505 seconds
2019-02-01T00:18:24.168+0000: 791279.126: Application time: 0.0007557 seconds
2019-02-01T00:18:24.173+0000: 791279.131: [GC (GCLocker Initiated GC) 2019-02-01T00:18:24.186+0000: 791279.144: [SoftReference, 0 refs, 0.0000566 secs]2019-02-01T00:18:24.186+0000: 791279.144: [WeakReference, 25 refs, 0.0000193 secs]2019-02-01T00:18:24.186+0000: 791279.144: [FinalReference, 625 refs, 0.0003293 secs]2019-02-01T00:18:24.187+0000: 791279.144: [PhantomReference, 0 refs, 1 refs, 0.0000103 secs]2019-02-01T00:18:24.187+0000: 791279.144: [JNI Weak Reference, 0.0000190 secs]
Desired survivor size 99090432 bytes, new threshold 1 (max 15)
[PSYoungGen: 1059229K->41060K(1056768K)] 3985751K->2970489K(4328960K), 0.0198446 secs] [Times: user=0.25 sys=0.01, real=0.02 secs] 
2019-02-01T00:18:24.193+0000: 791279.151: Total time for which application threads were stopped: 0.0257051 seconds, Stopping threads took: 0.0002827 seconds
2019-02-01T00:18:28.169+0000: 791283.127: Application time: 3.9757351 seconds
2019-02-01T00:18:28.177+0000: 791283.135: Total time for which application threads were stopped: 0.0079048 seconds, Stopping threads took: 0.0002456 seconds
2019-02-01T00:18:28.178+0000: 791283.136: Application time: 0.0008527 seconds
2019-02-01T00:18:28.184+0000: 791283.141: [GC (GCLocker Initiated GC) 2019-02-01T00:18:28.200+0000: 791283.158: [SoftReference, 0 refs, 0.0000531 secs]2019-02-01T00:18:28.200+0000: 791283.158: [WeakReference, 23 refs, 0.0000188 secs]2019-02-01T00:18:28.200+0000: 791283.158: [FinalReference, 561 refs, 0.0002807 secs]2019-02-01T00:18:28.200+0000: 791283.158: [PhantomReference, 0 refs, 0 refs, 0.0000094 secs]2019-02-01T00:18:28.200+0000: 791283.158: [JNI Weak Reference, 0.0000179 secs]
Desired survivor size 98041856 bytes, new threshold 1 (max 15)
[PSYoungGen: 1056356K->31963K(1082368K)] 3989547K->2968261K(4354560K), 0.0226404 secs] [Times: user=0.31 sys=0.01, real=0.02 secs] 
2019-02-01T00:18:28.206+0000: 791283.164: Total time for which application threads were stopped: 0.0283827 seconds, Stopping threads took: 0.0002047 seconds
2019-02-01T00:18:30.720+0000: 791285.678: Application time: 2.5134264 seconds
2019-02-01T00:18:30.726+0000: 791285.684: Total time for which application threads were stopped: 0.0060672 seconds, Stopping threads took: 0.0003853 seconds
2019-02-01T00:18:30.726+0000: 791285.684: Application time: 0.0001304 seconds
2019-02-01T00:18:30.732+0000: 791285.690: Total time for which application threads were stopped: 0.0062168 seconds, Stopping threads took: 0.0001490 seconds
2019-02-01T00:18:30.733+0000: 791285.691: Application time: 0.0012931 seconds
2019-02-01T00:18:30.741+0000: 791285.699: [GC (GCLocker Initiated GC) 2019-02-01T00:18:30.761+0000: 791285.719: [SoftReference, 0 refs, 0.0001469 secs]2019-02-01T00:18:30.761+0000: 791285.719: [WeakReference, 29 refs, 0.0000330 secs]2019-02-01T00:18:30.761+0000: 791285.719: [FinalReference, 537 refs, 0.0003761 secs]2019-02-01T00:18:30.762+0000: 791285.720: [PhantomReference, 0 refs, 1 refs, 0.0000204 secs]2019-02-01T00:18:30.762+0000: 791285.720: [JNI Weak Reference, 0.0000317 secs]
Desired survivor size 114294784 bytes, new threshold 1 (max 15)
[PSYoungGen: 1033435K->95741K(1097216K)] 3973133K->3044661K(4369408K), 0.0258952 secs] [Times: user=0.34 sys=0.00, real=0.03 secs] 
2019-02-01T00:18:30.767+0000: 791285.725: Total time for which application threads were stopped: 0.0339412 seconds, Stopping threads took: 0.0003177 seconds
2019-02-01T00:18:32.457+0000: 791287.414: Application time: 1.6890996 seconds
2019-02-01T00:18:32.464+0000: 791287.421: Total time for which application threads were stopped: 0.0070859 seconds, Stopping threads took: 0.0001919 seconds
2019-02-01T00:18:32.465+0000: 791287.423: Application time: 0.0013799 seconds
2019-02-01T00:18:32.471+0000: 791287.429: [GC (GCLocker Initiated GC) 2019-02-01T00:18:34.095+0000: 791289.053: [SoftReference, 0 refs, 0.0000959 secs]2019-02-01T00:18:34.095+0000: 791289.053: [WeakReference, 38 refs, 0.0000329 secs]2019-02-01T00:18:34.095+0000: 791289.053: [FinalReference, 513 refs, 0.0002685 secs]2019-02-01T00:18:34.095+0000: 791289.053: [PhantomReference, 0 refs, 0 refs, 0.0000100 secs]2019-02-01T00:18:34.095+0000: 791289.053: [JNI Weak Reference, 0.0000187 secs]
Desired survivor size 127926272 bytes, new threshold 1 (max 15)
[PSYoungGen: 1097213K->107729K(1224192K)] 4046200K->3060768K(4496384K), 1.6274233 secs] [Times: user=24.31 sys=10.62, real=1.63 secs] 
2019-02-01T00:18:34.099+0000: 791289.056: Total time for which application threads were stopped: 1.6335917 seconds, Stopping threads took: 0.0001935 seconds
2019-02-01T00:18:35.829+0000: 791290.787: Application time: 1.7306789 seconds
2019-02-01T00:18:35.838+0000: 791290.795: Total time for which application threads were stopped: 0.0082357 seconds, Stopping threads took: 0.0005239 seconds
2019-02-01T00:18:35.838+0000: 791290.796: Application time: 0.0006286 seconds
2019-02-01T00:18:35.846+0000: 791290.804: [GC (GCLocker Initiated GC) 2019-02-01T00:18:35.863+0000: 791290.820: [SoftReference, 0 refs, 0.0000576 secs]2019-02-01T00:18:35.863+0000: 791290.820: [WeakReference, 73 refs, 0.0000343 secs]2019-02-01T00:18:35.863+0000: 791290.820: [FinalReference, 636 refs, 0.0003029 secs]2019-02-01T00:18:35.863+0000: 791290.821: [PhantomReference, 0 refs, 3 refs, 0.0000110 secs]2019-02-01T00:18:35.863+0000: 791290.821: [JNI Weak Reference, 0.0000187 secs]
Desired survivor size 124780544 bytes, new threshold 1 (max 15)
[PSYoungGen: 1220305K->42701K(1237504K)] 4173392K->3009514K(4509696K), 0.0201310 secs] [Times: user=0.31 sys=0.01, real=0.02 secs] 
2019-02-01T00:18:35.867+0000: 791290.825: Total time for which application threads were stopped: 0.0285418 seconds, Stopping threads took: 0.0002874 seconds
2019-02-01T00:18:38.787+0000: 791293.745: Application time: 2.9205115 seconds
2019-02-01T00:18:38.794+0000: 791293.752: Total time for which application threads were stopped: 0.0068013 seconds, Stopping threads took: 0.0007180 seconds
2019-02-01T00:18:38.796+0000: 791293.753: Application time: 0.0015166 seconds
2019-02-01T00:18:38.807+0000: 791293.764: [GC (GCLocker Initiated GC) 2019-02-01T00:18:38.831+0000: 791293.789: [SoftReference, 0 refs, 0.0001088 secs]2019-02-01T00:18:38.831+0000: 791293.789: [WeakReference, 57 refs, 0.0000388 secs]2019-02-01T00:18:38.832+0000: 791293.789: [FinalReference, 609 refs, 0.0003665 secs]2019-02-01T00:18:38.832+0000: 791293.790: [PhantomReference, 0 refs, 1 refs, 0.0000182 secs]2019-02-01T00:18:38.832+0000: 791293.790: [JNI Weak Reference, 0.0000188 secs]
Desired survivor size 126877696 bytes, new threshold 1 (max 15)
[PSYoungGen: 1155277K->82195K(1446912K)] 4128809K->3066958K(4719104K), 0.0285586 secs] [Times: user=0.36 sys=0.14, real=0.03 secs] 
2019-02-01T00:18:38.835+0000: 791293.793: Total time for which application threads were stopped: 0.0398323 seconds, Stopping threads took: 0.0028102 seconds
2019-02-01T00:18:40.369+0000: 791295.327: Application time: 1.5336444 seconds
2019-02-01T00:18:40.375+0000: 791295.333: Total time for which application threads were stopped: 0.0058819 seconds, Stopping threads took: 0.0002703 seconds
2019-02-01T00:18:40.915+0000: 791295.873: Application time: 0.5404654 seconds
2019-02-01T00:18:40.924+0000: 791295.882: Total time for which application threads were stopped: 0.0085343 seconds, Stopping threads took: 0.0005658 seconds
2019-02-01T00:18:40.927+0000: 791295.884: Application time: 0.0026480 seconds
2019-02-01T00:18:40.935+0000: 791295.893: [GC (GCLocker Initiated GC) 2019-02-01T00:18:40.965+0000: 791295.923: [SoftReference, 0 refs, 0.0000522 secs]2019-02-01T00:18:40.965+0000: 791295.923: [WeakReference, 41 refs, 0.0000267 secs]2019-02-01T00:18:40.965+0000: 791295.923: [FinalReference, 684 refs, 0.0003764 secs]2019-02-01T00:18:40.966+0000: 791295.924: [PhantomReference, 0 refs, 1 refs, 0.0000106 secs]2019-02-01T00:18:40.966+0000: 791295.924: [JNI Weak Reference, 0.0000192 secs]
Desired survivor size 138412032 bytes, new threshold 1 (max 15)
[PSYoungGen: 1407251K->107949K(1448960K)] 4395976K->3102716K(4721152K), 0.0347891 secs] [Times: user=0.40 sys=0.20, real=0.03 secs] 
2019-02-01T00:18:40.970+0000: 791295.928: Total time for which application threads were stopped: 0.0431907 seconds, Stopping threads took: 0.0002337 seconds
2019-02-01T00:18:44.551+0000: 791299.509: Application time: 3.5810752 seconds
2019-02-01T00:18:44.556+0000: 791299.514: Total time for which application threads were stopped: 0.0056029 seconds, Stopping threads took: 0.0001686 seconds
2019-02-01T00:18:44.557+0000: 791299.515: Application time: 0.0005575 seconds
2019-02-01T00:18:44.562+0000: 791299.520: [GC (GCLocker Initiated GC) 2019-02-01T00:18:46.202+0000: 791301.160: [SoftReference, 0 refs, 0.0000523 secs]2019-02-01T00:18:46.202+0000: 791301.160: [WeakReference, 33 refs, 0.0000254 secs]2019-02-01T00:18:46.202+0000: 791301.160: [FinalReference, 803 refs, 0.0004493 secs]2019-02-01T00:18:46.202+0000: 791301.160: [PhantomReference, 0 refs, 0 refs, 0.0000103 secs]2019-02-01T00:18:46.202+0000: 791301.160: [JNI Weak Reference, 0.0000186 secs]
Desired survivor size 133169152 bytes, new threshold 1 (max 15)
[PSYoungGen: 1433005K->71795K(1712640K)] 4427791K->3070739K(4984832K), 1.6432578 secs] [Times: user=33.91 sys=2.00, real=1.65 secs] 
2019-02-01T00:18:46.206+0000: 791301.164: Total time for which application threads were stopped: 1.6487079 seconds, Stopping threads took: 0.0001657 seconds
2019-02-01T00:18:46.788+0000: 791301.746: Application time: 0.5827426 seconds
2019-02-01T00:18:46.794+0000: 791301.752: Total time for which application threads were stopped: 0.0058110 seconds, Stopping threads took: 0.0003219 seconds
2019-02-01T00:18:49.279+0000: 791304.237: Application time: 2.4847405 seconds
2019-02-01T00:18:51.144+0000: 791306.102: Total time for which application threads were stopped: 1.8648153 seconds, Stopping threads took: 1.8594611 seconds
2019-02-01T00:18:51.154+0000: 791306.112: Application time: 0.0105437 seconds
2019-02-01T00:18:51.166+0000: 791306.124: [GC (GCLocker Initiated GC) 2019-02-01T00:18:53.420+0000: 791308.378: [SoftReference, 0 refs, 0.0000540 secs]2019-02-01T00:18:53.420+0000: 791308.378: [WeakReference, 63 refs, 0.0000433 secs]2019-02-01T00:18:53.421+0000: 791308.378: [FinalReference, 885 refs, 0.0005303 secs]2019-02-01T00:18:53.421+0000: 791308.379: [PhantomReference, 0 refs, 2 refs, 0.0000167 secs]2019-02-01T00:18:53.421+0000: 791308.379: [JNI Weak Reference, 0.0000251 secs]
Desired survivor size 136314880 bytes, new threshold 1 (max 15)
[PSYoungGen: 1651827K->91887K(1710080K)] 4665862K->3109980K(4982272K), 2.2589547 secs] [Times: user=28.28 sys=21.23, real=2.25 secs] 
2019-02-01T00:18:53.426+0000: 791308.383: Total time for which application threads were stopped: 2.2711828 seconds, Stopping threads took: 0.0031160 seconds
2019-02-01T00:18:57.249+0000: 791312.207: Application time: 3.8236429 seconds
2019-02-01T00:18:57.258+0000: 791312.216: Total time for which application threads were stopped: 0.0090779 seconds, Stopping threads took: 0.0002725 seconds
2019-02-01T00:18:57.259+0000: 791312.217: Application time: 0.0006883 seconds
2019-02-01T00:18:57.268+0000: 791312.226: [GC (GCLocker Initiated GC) 2019-02-01T00:18:57.292+0000: 791312.250: [SoftReference, 0 refs, 0.0000536 secs]2019-02-01T00:18:57.292+0000: 791312.250: [WeakReference, 75 refs, 0.0000375 secs]2019-02-01T00:18:57.292+0000: 791312.250: [FinalReference, 829 refs, 0.0005092 secs]2019-02-01T00:18:57.292+0000: 791312.250: [PhantomReference, 0 refs, 0 refs, 0.0000163 secs]2019-02-01T00:18:57.292+0000: 791312.250: [JNI Weak Reference, 0.0000297 secs]
Desired survivor size 133169152 bytes, new threshold 1 (max 15)
[PSYoungGen: 1671919K->77640K(1788928K)] 4690035K->3104819K(5061120K), 0.0276199 secs] [Times: user=0.33 sys=0.16, real=0.02 secs] 
2019-02-01T00:18:57.296+0000: 791312.254: Total time for which application threads were stopped: 0.0369281 seconds, Stopping threads took: 0.0003497 seconds
2019-02-01T00:19:01.537+0000: 791316.495: Application time: 4.2407173 seconds
2019-02-01T00:19:01.545+0000: 791316.503: Total time for which application threads were stopped: 0.0082659 seconds, Stopping threads took: 0.0002833 seconds
2019-02-01T00:19:01.545+0000: 791316.503: Application time: 0.0001309 seconds
2019-02-01T00:19:01.553+0000: 791316.511: Total time for which application threads were stopped: 0.0080273 seconds, Stopping threads took: 0.0001460 seconds
2019-02-01T00:19:01.555+0000: 791316.513: Application time: 0.0016498 seconds
2019-02-01T00:19:01.563+0000: 791316.521: [GC (GCLocker Initiated GC) 2019-02-01T00:19:03.330+0000: 791318.288: [SoftReference, 0 refs, 0.0000541 secs]2019-02-01T00:19:03.330+0000: 791318.288: [WeakReference, 76 refs, 0.0000419 secs]2019-02-01T00:19:03.331+0000: 791318.288: [FinalReference, 838 refs, 0.0004217 secs]2019-02-01T00:19:03.331+0000: 791318.289: [PhantomReference, 0 refs, 0 refs, 0.0000101 secs]2019-02-01T00:19:03.331+0000: 791318.289: [JNI Weak Reference, 0.0000194 secs]
Desired survivor size 146276352 bytes, new threshold 1 (max 15)
[PSYoungGen: 1736520K->121111K(1780224K)] 4763772K->3155823K(5052416K), 1.7709939 secs] [Times: user=34.32 sys=4.37, real=1.77 secs] 
2019-02-01T00:19:03.334+0000: 791318.292: Total time for which application threads were stopped: 1.7796172 seconds, Stopping threads took: 0.0002198 seconds
2019-02-01T00:19:05.496+0000: 791320.454: Application time: 2.1613400 seconds
2019-02-01T00:19:05.504+0000: 791320.461: Total time for which application threads were stopped: 0.0078666 seconds, Stopping threads took: 0.0003150 seconds
2019-02-01T00:19:05.505+0000: 791320.462: Application time: 0.0009796 seconds
2019-02-01T00:19:05.514+0000: 791320.472: [GC (GCLocker Initiated GC) 2019-02-01T00:19:05.535+0000: 791320.493: [SoftReference, 0 refs, 0.0000561 secs]2019-02-01T00:19:05.535+0000: 791320.493: [WeakReference, 50 refs, 0.0000301 secs]2019-02-01T00:19:05.536+0000: 791320.493: [FinalReference, 971 refs, 0.0005375 secs]2019-02-01T00:19:05.536+0000: 791320.494: [PhantomReference, 0 refs, 10 refs, 0.0000135 secs]2019-02-01T00:19:05.536+0000: 791320.494: [JNI Weak Reference, 0.0000208 secs]
Desired survivor size 153616384 bytes, new threshold 1 (max 15)
[PSYoungGen: 1779991K->113051K(1763840K)] 4814742K->3152276K(5036032K), 0.0257095 secs] [Times: user=0.39 sys=0.06, real=0.03 secs] 
2019-02-01T00:19:05.540+0000: 791320.498: Total time for which application threads were stopped: 0.0351074 seconds, Stopping threads took: 0.0006610 seconds
2019-02-01T00:19:10.502+0000: 791325.460: Application time: 4.9620990 seconds
2019-02-01T00:19:10.513+0000: 791325.471: Total time for which application threads were stopped: 0.0109420 seconds, Stopping threads took: 0.0017437 seconds
2019-02-01T00:19:10.514+0000: 791325.472: Application time: 0.0015554 seconds
2019-02-01T00:19:10.523+0000: 791325.481: [GC (GCLocker Initiated GC) 2019-02-01T00:19:10.542+0000: 791325.500: [SoftReference, 0 refs, 0.0000568 secs]2019-02-01T00:19:10.542+0000: 791325.500: [WeakReference, 82 refs, 0.0000436 secs]2019-02-01T00:19:10.542+0000: 791325.500: [FinalReference, 829 refs, 0.0004219 secs]2019-02-01T00:19:10.543+0000: 791325.500: [PhantomReference, 0 refs, 2 refs, 0.0000124 secs]2019-02-01T00:19:10.543+0000: 791325.500: [JNI Weak Reference, 0.0000224 secs]
Desired survivor size 148897792 bytes, new threshold 1 (max 15)
[PSYoungGen: 1735067K->64451K(1772032K)] 4777871K->3126122K(5044224K), 0.0226967 secs] [Times: user=0.37 sys=0.01, real=0.02 secs] 
2019-02-01T00:19:10.546+0000: 791325.504: Total time for which application threads were stopped: 0.0319857 seconds, Stopping threads took: 0.0009386 seconds
2019-02-01T00:19:13.507+0000: 791328.465: Application time: 2.9604836 seconds
2019-02-01T00:19:13.520+0000: 791328.478: Total time for which application threads were stopped: 0.0133042 seconds, Stopping threads took: 0.0038437 seconds
2019-02-01T00:19:13.523+0000: 791328.481: Application time: 0.0033710 seconds
2019-02-01T00:19:13.532+0000: 791328.490: [GC (GCLocker Initiated GC) 2019-02-01T00:19:13.551+0000: 791328.509: [SoftReference, 0 refs, 0.0000534 secs]2019-02-01T00:19:13.551+0000: 791328.509: [WeakReference, 92 refs, 0.0000426 secs]2019-02-01T00:19:13.551+0000: 791328.509: [FinalReference, 762 refs, 0.0003562 secs]2019-02-01T00:19:13.552+0000: 791328.509: [PhantomReference, 0 refs, 1 refs, 0.0000107 secs]2019-02-01T00:19:13.552+0000: 791328.509: [JNI Weak Reference, 0.0000193 secs]
Desired survivor size 149946368 bytes, new threshold 1 (max 15)
[PSYoungGen: 1686467K->97849K(1770496K)] 4751699K->3167778K(5042688K), 0.0230333 secs] [Times: user=0.37 sys=0.01, real=0.02 secs] 
2019-02-01T00:19:13.555+0000: 791328.513: Total time for which application threads were stopped: 0.0317169 seconds, Stopping threads took: 0.0008937 seconds
2019-02-01T00:19:16.012+0000: 791330.970: Application time: 2.4571525 seconds
2019-02-01T00:19:16.019+0000: 791330.976: Total time for which application threads were stopped: 0.0062036 seconds, Stopping threads took: 0.0002170 seconds
2019-02-01T00:19:16.020+0000: 791330.977: Application time: 0.0010546 seconds
2019-02-01T00:19:16.029+0000: 791330.987: [GC (GCLocker Initiated GC) 2019-02-01T00:19:16.052+0000: 791331.010: [SoftReference, 0 refs, 0.0000552 secs]2019-02-01T00:19:16.052+0000: 791331.010: [WeakReference, 122 refs, 0.0000556 secs]2019-02-01T00:19:16.052+0000: 791331.010: [FinalReference, 779 refs, 0.0004044 secs]2019-02-01T00:19:16.053+0000: 791331.011: [PhantomReference, 0 refs, 0 refs, 0.0000121 secs]2019-02-01T00:19:16.053+0000: 791331.011: [JNI Weak Reference, 0.0000186 secs]
Desired survivor size 160956416 bytes, new threshold 1 (max 15)
[PSYoungGen: 1724473K->126627K(1753600K)] 4794464K->3206738K(5025792K), 0.0271680 secs] [Times: user=0.49 sys=0.00, real=0.03 secs] 
2019-02-01T00:19:16.056+0000: 791331.014: Total time for which application threads were stopped: 0.0364654 seconds, Stopping threads took: 0.0002493 seconds
2019-02-01T00:19:22.709+0000: 791337.667: Application time: 6.6528098 seconds
2019-02-01T00:19:22.717+0000: 791337.675: Total time for which application threads were stopped: 0.0080403 seconds, Stopping threads took: 0.0002256 seconds
2019-02-01T00:19:22.718+0000: 791337.675: Application time: 0.0006570 seconds
2019-02-01T00:19:22.726+0000: 791337.684: [GC (GCLocker Initiated GC) 2019-02-01T00:19:22.741+0000: 791337.699: [SoftReference, 0 refs, 0.0000589 secs]2019-02-01T00:19:22.741+0000: 791337.699: [WeakReference, 34 refs, 0.0000274 secs]2019-02-01T00:19:22.741+0000: 791337.699: [FinalReference, 733 refs, 0.0004520 secs]2019-02-01T00:19:22.742+0000: 791337.700: [PhantomReference, 0 refs, 0 refs, 0.0000233 secs]2019-02-01T00:19:22.742+0000: 791337.700: [JNI Weak Reference, 0.0000190 secs]
Desired survivor size 160432128 bytes, new threshold 1 (max 15)
[PSYoungGen: 1753251K->42905K(1765376K)] 4836758K->3132372K(5037568K), 0.0190199 secs] [Times: user=0.29 sys=0.00, real=0.02 secs] 
2019-02-01T00:19:22.745+0000: 791337.703: Total time for which application threads were stopped: 0.0273237 seconds, Stopping threads took: 0.0001742 seconds
2019-02-01T00:19:30.654+0000: 791345.612: Application time: 7.9092395 seconds
2019-02-01T00:19:30.660+0000: 791345.618: Total time for which application threads were stopped: 0.0056912 seconds, Stopping threads took: 0.0002054 seconds
2019-02-01T00:19:30.661+0000: 791345.619: Application time: 0.0009674 seconds
2019-02-01T00:19:30.666+0000: 791345.624: [GC (GCLocker Initiated GC) 2019-02-01T00:19:30.683+0000: 791345.641: [SoftReference, 0 refs, 0.0000787 secs]2019-02-01T00:19:30.683+0000: 791345.641: [WeakReference, 57 refs, 0.0000447 secs]2019-02-01T00:19:30.683+0000: 791345.641: [FinalReference, 707 refs, 0.0005834 secs]2019-02-01T00:19:30.684+0000: 791345.642: [PhantomReference, 0 refs, 0 refs, 0.0000209 secs]2019-02-01T00:19:30.684+0000: 791345.642: [JNI Weak Reference, 0.0000347 secs]
Desired survivor size 153092096 bytes, new threshold 1 (max 15)
[PSYoungGen: 1651097K->80994K(1689600K)] 4740617K->3181222K(4961792K), 0.0225941 secs] [Times: user=0.31 sys=0.01, real=0.02 secs] 
2019-02-01T00:19:30.689+0000: 791345.647: Total time for which application threads were stopped: 0.0285887 seconds, Stopping threads took: 0.0001579 seconds
2019-02-01T00:19:38.999+0000: 791353.957: Application time: 8.3096780 seconds
2019-02-01T00:19:39.009+0000: 791353.966: Total time for which application threads were stopped: 0.0094989 seconds, Stopping threads took: 0.0002972 seconds
2019-02-01T00:19:39.009+0000: 791353.967: Application time: 0.0004575 seconds
2019-02-01T00:19:39.018+0000: 791353.976: [GC (GCLocker Initiated GC) 2019-02-01T00:19:39.034+0000: 791353.992: [SoftReference, 0 refs, 0.0000525 secs]2019-02-01T00:19:39.034+0000: 791353.992: [WeakReference, 10 refs, 0.0000128 secs]2019-02-01T00:19:39.034+0000: 791353.992: [FinalReference, 889 refs, 0.0006998 secs]2019-02-01T00:19:39.035+0000: 791353.993: [PhantomReference, 0 refs, 0 refs, 0.0000122 secs]2019-02-01T00:19:39.035+0000: 791353.993: [JNI Weak Reference, 0.0000204 secs]
Desired survivor size 152567808 bytes, new threshold 1 (max 15)
[PSYoungGen: 1689186K->40842K(1758208K)] 4789436K->3151215K(5030400K), 0.0195640 secs] [Times: user=0.30 sys=0.00, real=0.02 secs] 
2019-02-01T00:19:39.038+0000: 791353.996: Total time for which application threads were stopped: 0.0291349 seconds, Stopping threads took: 0.0001701 seconds
2019-02-01T00:19:40.369+0000: 791355.327: Application time: 1.3307421 seconds
2019-02-01T00:19:40.379+0000: 791355.337: Total time for which application threads were stopped: 0.0097295 seconds, Stopping threads took: 0.0002602 seconds
2019-02-01T00:19:47.339+0000: 791362.297: Application time: 6.9604906 seconds
2019-02-01T00:19:47.349+0000: 791362.307: Total time for which application threads were stopped: 0.0098993 seconds, Stopping threads took: 0.0005174 seconds
2019-02-01T00:19:47.350+0000: 791362.308: Application time: 0.0006512 seconds
2019-02-01T00:19:47.360+0000: 791362.318: [GC (GCLocker Initiated GC) 2019-02-01T00:19:47.375+0000: 791362.333: [SoftReference, 0 refs, 0.0000628 secs]2019-02-01T00:19:47.375+0000: 791362.333: [WeakReference, 99 refs, 0.0000471 secs]2019-02-01T00:19:47.376+0000: 791362.333: [FinalReference, 778 refs, 0.0020523 secs]2019-02-01T00:19:47.378+0000: 791362.335: [PhantomReference, 0 refs, 1 refs, 0.0000192 secs]2019-02-01T00:19:47.378+0000: 791362.335: [JNI Weak Reference, 0.0000302 secs]
Desired survivor size 150994944 bytes, new threshold 1 (max 15)
[PSYoungGen: 1649546K->44739K(1757696K)] 4759977K->3163960K(5029888K), 0.0213192 secs] [Times: user=0.26 sys=0.00, real=0.02 secs] 
2019-02-01T00:19:47.381+0000: 791362.339: Total time for which application threads were stopped: 0.0314721 seconds, Stopping threads took: 0.0005448 seconds
2019-02-01T00:19:54.136+0000: 791369.094: Application time: 6.7545758 seconds
2019-02-01T00:19:54.147+0000: 791369.105: Total time for which application threads were stopped: 0.0108768 seconds, Stopping threads took: 0.0010328 seconds
2019-02-01T00:19:55.754+0000: 791370.712: Application time: 1.6069943 seconds
2019-02-01T00:19:55.764+0000: 791370.721: Total time for which application threads were stopped: 0.0099186 seconds, Stopping threads took: 0.0004180 seconds
2019-02-01T00:19:55.765+0000: 791370.723: Application time: 0.0011791 seconds
2019-02-01T00:19:55.775+0000: 791370.733: [GC (GCLocker Initiated GC) 2019-02-01T00:19:55.793+0000: 791370.750: [SoftReference, 0 refs, 0.0000569 secs]2019-02-01T00:19:55.793+0000: 791370.750: [WeakReference, 25 refs, 0.0000185 secs]2019-02-01T00:19:55.793+0000: 791370.751: [FinalReference, 877 refs, 0.0005118 secs]2019-02-01T00:19:55.793+0000: 791370.751: [PhantomReference, 0 refs, 1 refs, 0.0000114 secs]2019-02-01T00:19:55.793+0000: 791370.751: [JNI Weak Reference, 0.0000199 secs]
Desired survivor size 143130624 bytes, new threshold 1 (max 15)
[PSYoungGen: 1653443K->72967K(1759744K)] 4780943K->3210366K(5031936K), 0.0218914 secs] [Times: user=0.35 sys=0.01, real=0.03 secs] 
2019-02-01T00:19:55.797+0000: 791370.755: Total time for which application threads were stopped: 0.0319223 seconds, Stopping threads took: 0.0004548 seconds
2019-02-01T00:19:56.797+0000: 791371.755: Application time: 1.0001245 seconds
2019-02-01T00:19:56.807+0000: 791371.765: Total time for which application threads were stopped: 0.0102144 seconds, Stopping threads took: 0.0003201 seconds
2019-02-01T00:20:03.787+0000: 791378.745: Application time: 6.9797252 seconds
2019-02-01T00:20:03.796+0000: 791378.754: Total time for which application threads were stopped: 0.0096798 seconds, Stopping threads took: 0.0002975 seconds
2019-02-01T00:20:03.797+0000: 791378.755: Application time: 0.0006131 seconds
2019-02-01T00:20:03.807+0000: 791378.765: [GC (GCLocker Initiated GC) 2019-02-01T00:20:03.825+0000: 791378.783: [SoftReference, 0 refs, 0.0000515 secs]2019-02-01T00:20:03.825+0000: 791378.783: [WeakReference, 29 refs, 0.0000206 secs]2019-02-01T00:20:03.825+0000: 791378.783: [FinalReference, 923 refs, 0.0005520 secs]2019-02-01T00:20:03.826+0000: 791378.784: [PhantomReference, 0 refs, 0 refs, 0.0000125 secs]2019-02-01T00:20:03.826+0000: 791378.784: [JNI Weak Reference, 0.0000202 secs]
Desired survivor size 138412032 bytes, new threshold 1 (max 15)
[PSYoungGen: 1698567K->63538K(1765376K)] 4839321K->3226035K(5037568K), 0.0223937 secs] [Times: user=0.37 sys=0.00, real=0.02 secs] 
2019-02-01T00:20:03.829+0000: 791378.787: Total time for which application threads were stopped: 0.0321916 seconds, Stopping threads took: 0.0002703 seconds
2019-02-01T00:20:13.287+0000: 791388.245: Application time: 9.4574181 seconds
2019-02-01T00:20:13.296+0000: 791388.254: Total time for which application threads were stopped: 0.0097270 seconds, Stopping threads took: 0.0003321 seconds
2019-02-01T00:20:13.297+0000: 791388.255: Application time: 0.0005689 seconds
2019-02-01T00:20:13.307+0000: 791388.265: [GC (GCLocker Initiated GC) 2019-02-01T00:20:13.326+0000: 791388.283: [SoftReference, 0 refs, 0.0000587 secs]2019-02-01T00:20:13.326+0000: 791388.283: [WeakReference, 23 refs, 0.0000191 secs]2019-02-01T00:20:13.326+0000: 791388.283: [FinalReference, 882 refs, 0.0004634 secs]2019-02-01T00:20:13.326+0000: 791388.284: [PhantomReference, 0 refs, 0 refs, 0.0000121 secs]2019-02-01T00:20:13.326+0000: 791388.284: [JNI Weak Reference, 0.0000208 secs]
Desired survivor size 136314880 bytes, new threshold 1 (max 15)
[PSYoungGen: 1689138K->45946K(1777152K)] 4854974K->3255173K(5049344K), 0.0224429 secs] [Times: user=0.38 sys=0.01, real=0.03 secs] 
2019-02-01T00:20:13.329+0000: 791388.287: Total time for which application threads were stopped: 0.0324335 seconds, Stopping threads took: 0.0002493 seconds
2019-02-01T00:20:21.384+0000: 791396.342: Application time: 8.0548128 seconds
2019-02-01T00:20:21.394+0000: 791396.351: Total time for which application threads were stopped: 0.0093027 seconds, Stopping threads took: 0.0002500 seconds
2019-02-01T00:20:21.394+0000: 791396.352: Application time: 0.0003947 seconds
2019-02-01T00:20:21.402+0000: 791396.360: [GC (GCLocker Initiated GC) 2019-02-01T00:20:21.415+0000: 791396.372: [SoftReference, 0 refs, 0.0000599 secs]2019-02-01T00:20:21.415+0000: 791396.372: [WeakReference, 20 refs, 0.0000166 secs]2019-02-01T00:20:21.415+0000: 791396.372: [FinalReference, 1137 refs, 0.0008726 secs]2019-02-01T00:20:21.416+0000: 791396.373: [PhantomReference, 0 refs, 0 refs, 0.0000103 secs]2019-02-01T00:20:21.416+0000: 791396.373: [JNI Weak Reference, 0.0000193 secs]
Desired survivor size 136314880 bytes, new threshold 1 (max 15)
[PSYoungGen: 1693050K->33010K(1780224K)] 4902300K->3246591K(5052416K), 0.0163885 secs] [Times: user=0.24 sys=0.00, real=0.01 secs] 
2019-02-01T00:20:21.419+0000: 791396.377: Total time for which application threads were stopped: 0.0249370 seconds, Stopping threads took: 0.0002090 seconds
2019-02-01T00:20:29.413+0000: 791404.371: Application time: 7.9945149 seconds
2019-02-01T00:20:29.421+0000: 791404.379: Total time for which application threads were stopped: 0.0080110 seconds, Stopping threads took: 0.0002716 seconds
2019-02-01T00:20:29.422+0000: 791404.380: Application time: 0.0005168 seconds
2019-02-01T00:20:29.429+0000: 791404.386: [GC (GCLocker Initiated GC) 2019-02-01T00:20:29.444+0000: 791404.402: [SoftReference, 0 refs, 0.0000623 secs]2019-02-01T00:20:29.444+0000: 791404.402: [WeakReference, 20 refs, 0.0000166 secs]2019-02-01T00:20:29.444+0000: 791404.402: [FinalReference, 873 refs, 0.0005886 secs]2019-02-01T00:20:29.445+0000: 791404.403: [PhantomReference, 0 refs, 1 refs, 0.0000111 secs]2019-02-01T00:20:29.445+0000: 791404.403: [JNI Weak Reference, 0.0000204 secs]
Desired survivor size 134217728 bytes, new threshold 1 (max 15)
[PSYoungGen: 1680114K->39545K(1784832K)] 4897034K->3264471K(5057024K), 0.0192634 secs] [Times: user=0.26 sys=0.01, real=0.02 secs] 
2019-02-01T00:20:29.448+0000: 791404.406: Total time for which application threads were stopped: 0.0260125 seconds, Stopping threads took: 0.0002141 seconds
2019-02-01T00:20:37.851+0000: 791412.808: Application time: 8.4026512 seconds
2019-02-01T00:20:37.859+0000: 791412.817: Total time for which application threads were stopped: 0.0085817 seconds, Stopping threads took: 0.0002581 seconds
2019-02-01T00:20:37.860+0000: 791412.818: Application time: 0.0005691 seconds
2019-02-01T00:20:37.869+0000: 791412.827: [GC (GCLocker Initiated GC) 2019-02-01T00:20:37.887+0000: 791412.844: [SoftReference, 0 refs, 0.0000661 secs]2019-02-01T00:20:37.887+0000: 791412.844: [WeakReference, 52 refs, 0.0000371 secs]2019-02-01T00:20:37.887+0000: 791412.844: [FinalReference, 935 refs, 0.0006449 secs]2019-02-01T00:20:37.887+0000: 791412.845: [PhantomReference, 0 refs, 0 refs, 0.0000099 secs]2019-02-01T00:20:37.887+0000: 791412.845: [JNI Weak Reference, 0.0000192 secs]
Desired survivor size 129499136 bytes, new threshold 1 (max 15)
[PSYoungGen: 1695353K->48015K(1672704K)] 4932581K->3288668K(4944896K), 0.0240238 secs] [Times: user=0.32 sys=0.00, real=0.03 secs] 
2019-02-01T00:20:37.893+0000: 791412.851: Total time for which application threads were stopped: 0.0332426 seconds, Stopping threads took: 0.0002441 seconds
2019-02-01T00:20:40.369+0000: 791415.327: Application time: 2.4759776 seconds
2019-02-01T00:20:40.378+0000: 791415.336: Total time for which application threads were stopped: 0.0091166 seconds, Stopping threads took: 0.0001815 seconds
2019-02-01T00:20:46.402+0000: 791421.360: Application time: 6.0242581 seconds
2019-02-01T00:20:46.413+0000: 791421.371: Total time for which application threads were stopped: 0.0103306 seconds, Stopping threads took: 0.0038682 seconds
2019-02-01T00:20:46.413+0000: 791421.371: Application time: 0.0005789 seconds
2019-02-01T00:20:46.422+0000: 791421.380: [GC (GCLocker Initiated GC) 2019-02-01T00:20:46.436+0000: 791421.394: [SoftReference, 0 refs, 0.0000656 secs]2019-02-01T00:20:46.436+0000: 791421.394: [WeakReference, 20 refs, 0.0000302 secs]2019-02-01T00:20:46.436+0000: 791421.394: [FinalReference, 861 refs, 0.0004567 secs]2019-02-01T00:20:46.437+0000: 791421.395: [PhantomReference, 0 refs, 1 refs, 0.0000107 secs]2019-02-01T00:20:46.437+0000: 791421.395: [JNI Weak Reference, 0.0000193 secs]
Desired survivor size 127926272 bytes, new threshold 1 (max 15)
[PSYoungGen: 1672591K->34299K(1687552K)] 4913258K->3277593K(4959744K), 0.0230791 secs] [Times: user=0.24 sys=0.00, real=0.03 secs] 
2019-02-01T00:20:46.446+0000: 791421.404: Total time for which application threads were stopped: 0.0323749 seconds, Stopping threads took: 0.0002767 seconds
2019-02-01T00:20:54.672+0000: 791429.630: Application time: 8.2264547 seconds
2019-02-01T00:20:54.678+0000: 791429.636: [GC (Allocation Failure) 2019-02-01T00:20:54.692+0000: 791429.650: [SoftReference, 0 refs, 0.0000724 secs]2019-02-01T00:20:54.692+0000: 791429.650: [WeakReference, 23 refs, 0.0000333 secs]2019-02-01T00:20:54.692+0000: 791429.650: [FinalReference, 787 refs, 0.0004776 secs]2019-02-01T00:20:54.693+0000: 791429.650: [PhantomReference, 0 refs, 0 refs, 0.0000195 secs]2019-02-01T00:20:54.693+0000: 791429.651: [JNI Weak Reference, 0.0000302 secs]
Desired survivor size 124256256 bytes, new threshold 1 (max 15)
[PSYoungGen: 1628667K->40919K(1606144K)] 4871963K->3287649K(4878336K), 0.0255795 secs] [Times: user=0.26 sys=0.01, real=0.02 secs] 
2019-02-01T00:20:54.704+0000: 791429.662: [Full GC (Ergonomics) 2019-02-01T00:20:55.033+0000: 791429.991: [SoftReference, 166 refs, 0.0000884 secs]2019-02-01T00:20:55.033+0000: 791429.991: [WeakReference, 9440 refs, 0.0012287 secs]2019-02-01T00:20:55.034+0000: 791429.992: [FinalReference, 13239 refs, 0.0224505 secs]2019-02-01T00:20:55.057+0000: 791430.014: [PhantomReference, 0 refs, 699 refs, 0.0001047 secs]2019-02-01T00:20:55.057+0000: 791430.015: [JNI Weak Reference, 0.0000327 secs][PSYoungGen: 40919K->0K(1606144K)] [ParOldGen: 3246730K->596735K(3252224K)] 3287649K->596735K(4858368K), [Metaspace: 75247K->75247K(1118208K)], 0.5159207 secs] [Times: user=8.48 sys=0.00, real=0.52 secs] 
2019-02-01T00:20:55.220+0000: 791430.178: Total time for which application threads were stopped: 0.5476413 seconds, Stopping threads took: 0.0002515 seconds
2019-02-01T00:21:01.753+0000: 791436.711: Application time: 6.5330837 seconds
2019-02-01T00:21:01.761+0000: 791436.719: Total time for which application threads were stopped: 0.0077859 seconds, Stopping threads took: 0.0001726 seconds
2019-02-01T00:21:01.761+0000: 791436.719: Application time: 0.0006494 seconds
2019-02-01T00:21:01.769+0000: 791436.727: [GC (GCLocker Initiated GC) 2019-02-01T00:21:01.782+0000: 791436.740: [SoftReference, 0 refs, 0.0000433 secs]2019-02-01T00:21:01.782+0000: 791436.740: [WeakReference, 14 refs, 0.0000164 secs]2019-02-01T00:21:01.782+0000: 791436.740: [FinalReference, 733 refs, 0.0004317 secs]2019-02-01T00:21:01.783+0000: 791436.740: [PhantomReference, 0 refs, 0 refs, 0.0000196 secs]2019-02-01T00:21:01.783+0000: 791436.740: [JNI Weak Reference, 0.0000280 secs]
Desired survivor size 122159104 bytes, new threshold 1 (max 15)
[PSYoungGen: 1565184K->32512K(1624064K)] 2161934K->629263K(4876288K), 0.0215591 secs] [Times: user=0.16 sys=0.01, real=0.02 secs] 
2019-02-01T00:21:01.791+0000: 791436.749: Total time for which application threads were stopped: 0.0296128 seconds, Stopping threads took: 0.0001335 seconds
2019-02-01T00:21:08.474+0000: 791443.432: Application time: 6.6827852 seconds
2019-02-01T00:21:08.481+0000: 791443.439: Total time for which application threads were stopped: 0.0072824 seconds, Stopping threads took: 0.0001490 seconds
2019-02-01T00:21:08.481+0000: 791443.439: Application time: 0.0004318 seconds
2019-02-01T00:21:08.489+0000: 791443.447: [GC (GCLocker Initiated GC) 2019-02-01T00:21:08.503+0000: 791443.461: [SoftReference, 0 refs, 0.0000712 secs]2019-02-01T00:21:08.503+0000: 791443.461: [WeakReference, 28 refs, 0.0000314 secs]2019-02-01T00:21:08.503+0000: 791443.461: [FinalReference, 742 refs, 0.0005253 secs]2019-02-01T00:21:08.504+0000: 791443.462: [PhantomReference, 0 refs, 0 refs, 0.0000333 secs]2019-02-01T00:21:08.504+0000: 791443.462: [JNI Weak Reference, 0.0000321 secs]
Desired survivor size 120061952 bytes, new threshold 1 (max 15)
[PSYoungGen: 1568512K->27951K(1536000K)] 2165284K->633254K(4788224K), 0.0247634 secs] [Times: user=0.18 sys=0.01, real=0.02 secs] 
2019-02-01T00:21:08.514+0000: 791443.472: Total time for which application threads were stopped: 0.0324918 seconds, Stopping threads took: 0.0003000 seconds
2019-02-01T00:21:15.835+0000: 791450.793: Application time: 7.3212565 seconds
2019-02-01T00:21:15.844+0000: 791450.802: Total time for which application threads were stopped: 0.0087981 seconds, Stopping threads took: 0.0003032 seconds
2019-02-01T00:21:15.845+0000: 791450.802: Application time: 0.0005919 seconds
2019-02-01T00:21:15.853+0000: 791450.811: [GC (GCLocker Initiated GC) 2019-02-01T00:21:15.863+0000: 791450.821: [SoftReference, 0 refs, 0.0000613 secs]2019-02-01T00:21:15.863+0000: 791450.821: [WeakReference, 14 refs, 0.0000160 secs]2019-02-01T00:21:15.863+0000: 791450.821: [FinalReference, 729 refs, 0.0004276 secs]2019-02-01T00:21:15.864+0000: 791450.822: [PhantomReference, 0 refs, 0 refs, 0.0000123 secs]2019-02-01T00:21:15.864+0000: 791450.822: [JNI Weak Reference, 0.0000192 secs]
Desired survivor size 116391936 bytes, new threshold 1 (max 15)
[PSYoungGen: 1535791K->35826K(1563648K)] 2141119K->644071K(4815872K), 0.0171160 secs] [Times: user=0.14 sys=0.01, real=0.02 secs] 
2019-02-01T00:21:15.871+0000: 791450.829: Total time for which application threads were stopped: 0.0260301 seconds, Stopping threads took: 0.0002602 seconds
2019-02-01T00:21:22.803+0000: 791457.761: Application time: 6.9325146 seconds
2019-02-01T00:21:22.811+0000: 791457.769: Total time for which application threads were stopped: 0.0080300 seconds, Stopping threads took: 0.0004410 seconds
2019-02-01T00:21:22.812+0000: 791457.770: Application time: 0.0008005 seconds
2019-02-01T00:21:22.818+0000: 791457.776: [GC (GCLocker Initiated GC) 2019-02-01T00:21:22.833+0000: 791457.791: [SoftReference, 0 refs, 0.0000590 secs]2019-02-01T00:21:22.833+0000: 791457.791: [WeakReference, 22 refs, 0.0000175 secs]2019-02-01T00:21:22.833+0000: 791457.791: [FinalReference, 690 refs, 0.0004107 secs]2019-02-01T00:21:22.833+0000: 791457.791: [PhantomReference, 0 refs, 0 refs, 0.0000120 secs]2019-02-01T00:21:22.833+0000: 791457.791: [JNI Weak Reference, 0.0000191 secs]
Desired survivor size 122159104 bytes, new threshold 1 (max 15)
[PSYoungGen: 1516530K->82380K(1536512K)] 2124803K->692295K(4788736K), 0.0198360 secs] [Times: user=0.28 sys=0.01, real=0.03 secs] 
2019-02-01T00:21:22.838+0000: 791457.796: Total time for which application threads were stopped: 0.0262707 seconds, Stopping threads took: 0.0001942 seconds
2019-02-01T00:21:24.867+0000: 791459.824: Application time: 2.0282406 seconds
2019-02-01T00:21:24.875+0000: 791459.833: Total time for which application threads were stopped: 0.0085124 seconds, Stopping threads took: 0.0002914 seconds
2019-02-01T00:21:30.061+0000: 791465.019: Application time: 5.1862401 seconds
2019-02-01T00:21:30.070+0000: 791465.028: Total time for which application threads were stopped: 0.0085737 seconds, Stopping threads took: 0.0001830 seconds
2019-02-01T00:21:30.071+0000: 791465.028: Application time: 0.0006264 seconds
2019-02-01T00:21:30.079+0000: 791465.037: [GC (GCLocker Initiated GC) 2019-02-01T00:21:30.090+0000: 791465.048: [SoftReference, 0 refs, 0.0001499 secs]2019-02-01T00:21:30.090+0000: 791465.048: [WeakReference, 28 refs, 0.0000373 secs]2019-02-01T00:21:30.090+0000: 791465.048: [FinalReference, 686 refs, 0.0006166 secs]2019-02-01T00:21:30.091+0000: 791465.049: [PhantomReference, 0 refs, 0 refs, 0.0000238 secs]2019-02-01T00:21:30.091+0000: 791465.049: [JNI Weak Reference, 0.0000323 secs]
Desired survivor size 120586240 bytes, new threshold 1 (max 15)
[PSYoungGen: 1536460K->22750K(1519104K)] 2146398K->635038K(4771328K), 0.0226308 secs] [Times: user=0.11 sys=0.01, real=0.03 secs] 
2019-02-01T00:21:30.102+0000: 791465.060: Total time for which application threads were stopped: 0.0313405 seconds, Stopping threads took: 0.0001636 seconds
2019-02-01T00:21:34.588+0000: 791469.546: Application time: 4.4863574 seconds
2019-02-01T00:21:34.601+0000: 791469.559: Total time for which application threads were stopped: 0.0124697 seconds, Stopping threads took: 0.0033702 seconds
2019-02-01T00:21:34.605+0000: 791469.563: Application time: 0.0042113 seconds
2019-02-01T00:21:34.613+0000: 791469.570: [GC (GCLocker Initiated GC) 2019-02-01T00:21:34.638+0000: 791469.596: [SoftReference, 0 refs, 0.0000641 secs]2019-02-01T00:21:34.638+0000: 791469.596: [WeakReference, 135 refs, 0.0000541 secs]2019-02-01T00:21:34.638+0000: 791469.596: [FinalReference, 728 refs, 0.0003496 secs]2019-02-01T00:21:34.639+0000: 791469.597: [PhantomReference, 0 refs, 1 refs, 0.0000111 secs]2019-02-01T00:21:34.639+0000: 791469.597: [JNI Weak Reference, 0.0000192 secs]
Desired survivor size 161480704 bytes, new threshold 1 (max 15)
[PSYoungGen: 1451230K->117738K(1521152K)] 2065069K->789824K(4773376K), 0.0291894 secs] [Times: user=0.50 sys=0.01, real=0.03 secs] 
2019-02-01T00:21:34.642+0000: 791469.600: Total time for which application threads were stopped: 0.0370303 seconds, Stopping threads took: 0.0004634 seconds
2019-02-01T00:21:39.722+0000: 791474.680: Application time: 5.0804490 seconds
2019-02-01T00:21:39.731+0000: 791474.689: Total time for which application threads were stopped: 0.0085839 seconds, Stopping threads took: 0.0004127 seconds
2019-02-01T00:21:39.732+0000: 791474.689: Application time: 0.0005872 seconds
2019-02-01T00:21:39.740+0000: 791474.698: [GC (GCLocker Initiated GC) 2019-02-01T00:21:39.756+0000: 791474.713: [SoftReference, 0 refs, 0.0000728 secs]2019-02-01T00:21:39.756+0000: 791474.713: [WeakReference, 38 refs, 0.0000258 secs]2019-02-01T00:21:39.756+0000: 791474.714: [FinalReference, 702 refs, 0.0003311 secs]2019-02-01T00:21:39.756+0000: 791474.714: [PhantomReference, 0 refs, 1 refs, 0.0000109 secs]2019-02-01T00:21:39.756+0000: 791474.714: [JNI Weak Reference, 0.0000199 secs]
Desired survivor size 153092096 bytes, new threshold 1 (max 15)
[PSYoungGen: 1521130K->53448K(1496576K)] 2196555K->737056K(4748800K), 0.0190438 secs] [Times: user=0.28 sys=0.00, real=0.02 secs] 
2019-02-01T00:21:39.759+0000: 791474.717: Total time for which application threads were stopped: 0.0277370 seconds, Stopping threads took: 0.0003098 seconds
2019-02-01T00:21:40.369+0000: 791475.327: Application time: 0.6096532 seconds
2019-02-01T00:21:40.377+0000: 791475.335: Total time for which application threads were stopped: 0.0083421 seconds, Stopping threads took: 0.0002352 seconds
2019-02-01T00:21:43.291+0000: 791478.249: Application time: 2.9137533 seconds
2019-02-01T00:21:43.300+0000: 791478.258: [GC (Allocation Failure) 2019-02-01T00:21:43.314+0000: 791478.272: [SoftReference, 0 refs, 0.0000581 secs]2019-02-01T00:21:43.314+0000: 791478.272: [WeakReference, 167 refs, 0.0000618 secs]2019-02-01T00:21:43.314+0000: 791478.272: [FinalReference, 628 refs, 0.0002900 secs]2019-02-01T00:21:43.315+0000: 791478.272: [PhantomReference, 0 refs, 0 refs, 0.0000096 secs]2019-02-01T00:21:43.315+0000: 791478.272: [JNI Weak Reference, 0.0000176 secs]
Desired survivor size 147324928 bytes, new threshold 1 (max 15)
[PSYoungGen: 1432776K->46752K(1402880K)] 2116388K->739891K(4655104K), 0.0217253 secs] [Times: user=0.27 sys=0.01, real=0.02 secs] 
2019-02-01T00:21:43.322+0000: 791478.280: Total time for which application threads were stopped: 0.0305904 seconds, Stopping threads took: 0.0001814 seconds
2019-02-01T00:21:49.303+0000: 791484.261: Application time: 5.9815018 seconds
2019-02-01T00:21:49.312+0000: 791484.269: Total time for which application threads were stopped: 0.0083863 seconds, Stopping threads took: 0.0003055 seconds
2019-02-01T00:21:49.312+0000: 791484.270: Application time: 0.0005483 seconds
2019-02-01T00:21:49.321+0000: 791484.279: [GC (GCLocker Initiated GC) 2019-02-01T00:21:49.335+0000: 791484.293: [SoftReference, 0 refs, 0.0000711 secs]2019-02-01T00:21:49.335+0000: 791484.293: [WeakReference, 59 refs, 0.0000461 secs]2019-02-01T00:21:49.335+0000: 791484.293: [FinalReference, 718 refs, 0.0005301 secs]2019-02-01T00:21:49.335+0000: 791484.293: [PhantomReference, 0 refs, 1 refs, 0.0000206 secs]2019-02-01T00:21:49.335+0000: 791484.293: [JNI Weak Reference, 0.0000326 secs]
Desired survivor size 140509184 bytes, new threshold 1 (max 15)
[PSYoungGen: 1402528K->49245K(1440256K)] 2095677K->747645K(4692480K), 0.0289858 secs] [Times: user=0.27 sys=0.01, real=0.03 secs] 
2019-02-01T00:21:49.350+0000: 791484.308: Total time for which application threads were stopped: 0.0381171 seconds, Stopping threads took: 0.0005648 seconds
2019-02-01T00:21:53.618+0000: 791488.576: Application time: 4.2680122 seconds
2019-02-01T00:21:53.628+0000: 791488.586: Total time for which application threads were stopped: 0.0095663 seconds, Stopping threads took: 0.0003824 seconds
2019-02-01T00:21:53.629+0000: 791488.587: Application time: 0.0008529 seconds
2019-02-01T00:21:53.642+0000: 791488.600: [GC (GCLocker Initiated GC) 2019-02-01T00:21:53.662+0000: 791488.620: [SoftReference, 0 refs, 0.0000614 secs]2019-02-01T00:21:53.662+0000: 791488.620: [WeakReference, 66 refs, 0.0000317 secs]2019-02-01T00:21:53.662+0000: 791488.620: [FinalReference, 709 refs, 0.0003312 secs]2019-02-01T00:21:53.662+0000: 791488.620: [PhantomReference, 0 refs, 0 refs, 0.0000166 secs]2019-02-01T00:21:53.662+0000: 791488.620: [JNI Weak Reference, 0.0000369 secs]
Desired survivor size 147849216 bytes, new threshold 1 (max 15)
[PSYoungGen: 1381981K->100131K(1411072K)] 2084297K->805267K(4663296K), 0.0254330 secs] [Times: user=0.38 sys=0.02, real=0.03 secs] 
2019-02-01T00:21:53.667+0000: 791488.625: Total time for which application threads were stopped: 0.0386223 seconds, Stopping threads took: 0.0049173 seconds
2019-02-01T00:21:58.115+0000: 791493.072: Application time: 4.4472560 seconds
2019-02-01T00:21:58.123+0000: 791493.081: Total time for which application threads were stopped: 0.0088356 seconds, Stopping threads took: 0.0006425 seconds
2019-02-01T00:21:58.124+0000: 791493.082: Application time: 0.0004348 seconds
2019-02-01T00:21:58.132+0000: 791493.090: [GC (GCLocker Initiated GC) 2019-02-01T00:21:58.140+0000: 791493.098: [SoftReference, 0 refs, 0.0000597 secs]2019-02-01T00:21:58.140+0000: 791493.098: [WeakReference, 6 refs, 0.0000195 secs]2019-02-01T00:21:58.140+0000: 791493.098: [FinalReference, 706 refs, 0.0005102 secs]2019-02-01T00:21:58.141+0000: 791493.099: [PhantomReference, 0 refs, 1 refs, 0.0000169 secs]2019-02-01T00:21:58.141+0000: 791493.099: [JNI Weak Reference, 0.0000284 secs]
Desired survivor size 146800640 bytes, new threshold 1 (max 15)
[PSYoungGen: 1410851K->24603K(1410048K)] 2115998K->734110K(4662272K), 0.0186882 secs] [Times: user=0.15 sys=0.01, real=0.02 secs] 
2019-02-01T00:21:58.151+0000: 791493.109: Total time for which application threads were stopped: 0.0269522 seconds, Stopping threads took: 0.0005860 seconds
2019-02-01T00:22:04.342+0000: 791499.300: Application time: 6.1911045 seconds
2019-02-01T00:22:04.350+0000: 791499.308: Total time for which application threads were stopped: 0.0085303 seconds, Stopping threads took: 0.0002711 seconds
2019-02-01T00:22:04.351+0000: 791499.309: Application time: 0.0005671 seconds
2019-02-01T00:22:04.360+0000: 791499.318: [GC (GCLocker Initiated GC) 2019-02-01T00:22:04.374+0000: 791499.332: [SoftReference, 0 refs, 0.0000574 secs]2019-02-01T00:22:04.374+0000: 791499.332: [WeakReference, 33 refs, 0.0000267 secs]2019-02-01T00:22:04.374+0000: 791499.332: [FinalReference, 600 refs, 0.0002881 secs]2019-02-01T00:22:04.374+0000: 791499.332: [PhantomReference, 0 refs, 1 refs, 0.0000110 secs]2019-02-01T00:22:04.374+0000: 791499.332: [JNI Weak Reference, 0.0000192 secs]
Desired survivor size 138936320 bytes, new threshold 1 (max 15)
[PSYoungGen: 1313819K->55546K(1324032K)] 2023355K->769951K(4576256K), 0.0220521 secs] [Times: user=0.21 sys=0.01, real=0.02 secs] 
2019-02-01T00:22:04.382+0000: 791499.340: Total time for which application threads were stopped: 0.0309171 seconds, Stopping threads took: 0.0003028 seconds
2019-02-01T00:22:09.383+0000: 791504.341: Application time: 5.0008673 seconds
2019-02-01T00:22:09.392+0000: 791504.350: Total time for which application threads were stopped: 0.0088889 seconds, Stopping threads took: 0.0003493 seconds
2019-02-01T00:22:10.999+0000: 791505.957: Application time: 1.6075190 seconds
2019-02-01T00:22:11.008+0000: 791505.965: [GC (Allocation Failure) 2019-02-01T00:22:11.018+0000: 791505.975: [SoftReference, 0 refs, 0.0000786 secs]2019-02-01T00:22:11.018+0000: 791505.975: [WeakReference, 73 refs, 0.0000431 secs]2019-02-01T00:22:11.018+0000: 791505.976: [FinalReference, 679 refs, 0.0005468 secs]2019-02-01T00:22:11.018+0000: 791505.976: [PhantomReference, 0 refs, 1 refs, 0.0000199 secs]2019-02-01T00:22:11.018+0000: 791505.976: [JNI Weak Reference, 0.0000309 secs]
Desired survivor size 137887744 bytes, new threshold 1 (max 15)
[PSYoungGen: 1323770K->18594K(1360896K)] 2038184K->735296K(4613120K), 0.0206295 secs] [Times: user=0.16 sys=0.01, real=0.02 secs] 
2019-02-01T00:22:11.029+0000: 791505.986: Total time for which application threads were stopped: 0.0293368 seconds, Stopping threads took: 0.0003472 seconds
2019-02-01T00:22:17.626+0000: 791512.584: Application time: 6.5975228 seconds
2019-02-01T00:22:17.634+0000: 791512.592: [GC (Allocation Failure) 2019-02-01T00:22:17.645+0000: 791512.602: [SoftReference, 0 refs, 0.0000555 secs]2019-02-01T00:22:17.645+0000: 791512.602: [WeakReference, 26 refs, 0.0000185 secs]2019-02-01T00:22:17.645+0000: 791512.602: [FinalReference, 694 refs, 0.0004003 secs]2019-02-01T00:22:17.645+0000: 791512.603: [PhantomReference, 0 refs, 0 refs, 0.0000245 secs]2019-02-01T00:22:17.645+0000: 791512.603: [JNI Weak Reference, 0.0000297 secs]
Desired survivor size 135266304 bytes, new threshold 1 (max 15)
[PSYoungGen: 1265431K->23974K(1251840K)] 1982132K->742857K(4504064K), 0.0176993 secs] [Times: user=0.16 sys=0.01, real=0.02 secs] 
2019-02-01T00:22:17.652+0000: 791512.610: Total time for which application threads were stopped: 0.0261374 seconds, Stopping threads took: 0.0003472 seconds
2019-02-01T00:22:22.978+0000: 791517.936: Application time: 5.3259133 seconds
2019-02-01T00:22:22.987+0000: 791517.945: Total time for which application threads were stopped: 0.0085015 seconds, Stopping threads took: 0.0003093 seconds
2019-02-01T00:22:22.988+0000: 791517.945: Application time: 0.0008787 seconds
2019-02-01T00:22:22.996+0000: 791517.954: [GC (GCLocker Initiated GC) 2019-02-01T00:22:23.012+0000: 791517.970: [SoftReference, 0 refs, 0.0000611 secs]2019-02-01T00:22:23.012+0000: 791517.970: [WeakReference, 24 refs, 0.0000237 secs]2019-02-01T00:22:23.012+0000: 791517.970: [FinalReference, 582 refs, 0.0002929 secs]2019-02-01T00:22:23.012+0000: 791517.970: [PhantomReference, 0 refs, 0 refs, 0.0000103 secs]2019-02-01T00:22:23.012+0000: 791517.970: [JNI Weak Reference, 0.0000189 secs]
Desired survivor size 135266304 bytes, new threshold 1 (max 15)
[PSYoungGen: 1251750K->73572K(1320960K)] 1970666K->795568K(4573184K), 0.0225670 secs] [Times: user=0.30 sys=0.01, real=0.03 secs] 
2019-02-01T00:22:23.019+0000: 791517.976: Total time for which application threads were stopped: 0.0309175 seconds, Stopping threads took: 0.0001840 seconds
2019-02-01T00:22:28.442+0000: 791523.400: Application time: 5.4235517 seconds
2019-02-01T00:22:28.452+0000: 791523.409: [GC (Allocation Failure) 2019-02-01T00:22:28.463+0000: 791523.421: [SoftReference, 0 refs, 0.0000586 secs]2019-02-01T00:22:28.463+0000: 791523.421: [WeakReference, 30 refs, 0.0000196 secs]2019-02-01T00:22:28.463+0000: 791523.421: [FinalReference, 604 refs, 0.0002873 secs]2019-02-01T00:22:28.463+0000: 791523.421: [PhantomReference, 0 refs, 0 refs, 0.0000097 secs]2019-02-01T00:22:28.463+0000: 791523.421: [JNI Weak Reference, 0.0000177 secs]
Desired survivor size 132120576 bytes, new threshold 1 (max 15)
[PSYoungGen: 1281892K->26965K(1216512K)] 2010533K->758984K(4468736K), 0.0185526 secs] [Times: user=0.18 sys=0.01, real=0.02 secs] 
2019-02-01T00:22:28.470+0000: 791523.428: Total time for which application threads were stopped: 0.0283057 seconds, Stopping threads took: 0.0011123 seconds
2019-02-01T00:22:34.248+0000: 791529.205: Application time: 5.7772227 seconds
2019-02-01T00:22:34.256+0000: 791529.214: Total time for which application threads were stopped: 0.0087207 seconds, Stopping threads took: 0.0002699 seconds
2019-02-01T00:22:34.257+0000: 791529.215: Application time: 0.0004933 seconds
2019-02-01T00:22:34.266+0000: 791529.224: [GC (GCLocker Initiated GC) 2019-02-01T00:22:34.276+0000: 791529.234: [SoftReference, 0 refs, 0.0000745 secs]2019-02-01T00:22:34.276+0000: 791529.234: [WeakReference, 44 refs, 0.0000961 secs]2019-02-01T00:22:34.276+0000: 791529.234: [FinalReference, 594 refs, 0.0005274 secs]2019-02-01T00:22:34.276+0000: 791529.234: [PhantomReference, 0 refs, 0 refs, 0.0000943 secs]2019-02-01T00:22:34.277+0000: 791529.234: [JNI Weak Reference, 0.0000417 secs]
Desired survivor size 130023424 bytes, new threshold 1 (max 15)
[PSYoungGen: 1215947K->17646K(1277440K)] 1951286K->756296K(4529664K), 0.0206027 secs] [Times: user=0.14 sys=0.01, real=0.02 secs] 
2019-02-01T00:22:34.287+0000: 791529.245: Total time for which application threads were stopped: 0.0301606 seconds, Stopping threads took: 0.0008942 seconds
2019-02-01T00:22:39.074+0000: 791534.032: Application time: 4.7870033 seconds
2019-02-01T00:22:39.083+0000: 791534.040: Total time for which application threads were stopped: 0.0085994 seconds, Stopping threads took: 0.0003009 seconds
2019-02-01T00:22:39.083+0000: 791534.041: Application time: 0.0005257 seconds
2019-02-01T00:22:39.091+0000: 791534.049: [GC (GCLocker Initiated GC) 2019-02-01T00:22:39.104+0000: 791534.062: [SoftReference, 0 refs, 0.0000921 secs]2019-02-01T00:22:39.104+0000: 791534.062: [WeakReference, 7 refs, 0.0000136 secs]2019-02-01T00:22:39.104+0000: 791534.062: [FinalReference, 521 refs, 0.0002731 secs]2019-02-01T00:22:39.104+0000: 791534.062: [PhantomReference, 0 refs, 0 refs, 0.0000099 secs]2019-02-01T00:22:39.104+0000: 791534.062: [JNI Weak Reference, 0.0000193 secs]
Desired survivor size 123731968 bytes, new threshold 1 (max 15)
[PSYoungGen: 1188590K->52963K(1206272K)] 1927256K->793627K(4458496K), 0.0192158 secs] [Times: user=0.19 sys=0.01, real=0.02 secs] 
2019-02-01T00:22:39.111+0000: 791534.068: Total time for which application threads were stopped: 0.0275054 seconds, Stopping threads took: 0.0002713 seconds
2019-02-01T00:22:40.369+0000: 791535.327: Application time: 1.2580728 seconds
2019-02-01T00:22:40.381+0000: 791535.338: Total time for which application threads were stopped: 0.0118249 seconds, Stopping threads took: 0.0034741 seconds
2019-02-01T00:22:44.707+0000: 791539.665: Application time: 4.3265721 seconds
2019-02-01T00:22:44.716+0000: 791539.674: Total time for which application threads were stopped: 0.0086125 seconds, Stopping threads took: 0.0002223 seconds
2019-02-01T00:22:44.716+0000: 791539.674: Application time: 0.0005517 seconds
2019-02-01T00:22:44.725+0000: 791539.683: [GC (GCLocker Initiated GC) 2019-02-01T00:22:44.734+0000: 791539.692: [SoftReference, 0 refs, 0.0001056 secs]2019-02-01T00:22:44.735+0000: 791539.692: [WeakReference, 45 refs, 0.0000283 secs]2019-02-01T00:22:44.735+0000: 791539.692: [FinalReference, 638 refs, 0.0003537 secs]2019-02-01T00:22:44.735+0000: 791539.693: [PhantomReference, 0 refs, 1 refs, 0.0000103 secs]2019-02-01T00:22:44.735+0000: 791539.693: [JNI Weak Reference, 0.0000186 secs]
Desired survivor size 121110528 bytes, new threshold 1 (max 15)
[PSYoungGen: 1205987K->22615K(1233920K)] 1949996K->769179K(4486144K), 0.0154880 secs] [Times: user=0.15 sys=0.00, real=0.01 secs] 
2019-02-01T00:22:44.741+0000: 791539.699: Total time for which application threads were stopped: 0.0244828 seconds, Stopping threads took: 0.0005031 seconds
2019-02-01T00:22:49.756+0000: 791544.714: Application time: 5.0154938 seconds
2019-02-01T00:22:49.763+0000: 791544.721: [GC (Allocation Failure) 2019-02-01T00:22:49.774+0000: 791544.732: [SoftReference, 0 refs, 0.0000915 secs]2019-02-01T00:22:49.774+0000: 791544.732: [WeakReference, 64 refs, 0.0000508 secs]2019-02-01T00:22:49.774+0000: 791544.732: [FinalReference, 548 refs, 0.0004510 secs]2019-02-01T00:22:49.775+0000: 791544.733: [PhantomReference, 0 refs, 0 refs, 0.0000454 secs]2019-02-01T00:22:49.775+0000: 791544.733: [JNI Weak Reference, 0.0000584 secs]
Desired survivor size 117964800 bytes, new threshold 1 (max 15)
[PSYoungGen: 1158231K->20905K(1139712K)] 1904799K->769808K(4391936K), 0.0217801 secs] [Times: user=0.14 sys=0.01, real=0.02 secs] 
2019-02-01T00:22:49.785+0000: 791544.743: Total time for which application threads were stopped: 0.0291285 seconds, Stopping threads took: 0.0001979 seconds
2019-02-01T00:22:54.011+0000: 791548.969: Application time: 4.2255479 seconds
2019-02-01T00:22:54.018+0000: 791548.976: [GC (Allocation Failure) 2019-02-01T00:22:54.029+0000: 791548.987: [SoftReference, 0 refs, 0.0000671 secs]2019-02-01T00:22:54.030+0000: 791548.987: [WeakReference, 4 refs, 0.0000147 secs]2019-02-01T00:22:54.030+0000: 791548.987: [FinalReference, 519 refs, 0.0002997 secs]2019-02-01T00:22:54.030+0000: 791548.988: [PhantomReference, 0 refs, 0 refs, 0.0000123 secs]2019-02-01T00:22:54.030+0000: 791548.988: [JNI Weak Reference, 0.0000237 secs]
Desired survivor size 110624768 bytes, new threshold 1 (max 15)
[PSYoungGen: 1139625K->43758K(1186816K)] 1888528K->795201K(4439040K), 0.0193994 secs] [Times: user=0.17 sys=0.01, real=0.02 secs] 
2019-02-01T00:22:54.038+0000: 791548.995: Total time for which application threads were stopped: 0.0266399 seconds, Stopping threads took: 0.0002076 seconds
2019-02-01T00:22:58.436+0000: 791553.394: Application time: 4.3987518 seconds
2019-02-01T00:22:58.445+0000: 791553.403: Total time for which application threads were stopped: 0.0085172 seconds, Stopping threads took: 0.0003056 seconds
2019-02-01T00:22:58.446+0000: 791553.404: Application time: 0.0010313 seconds
2019-02-01T00:22:58.455+0000: 791553.413: [GC (GCLocker Initiated GC) 2019-02-01T00:22:58.467+0000: 791553.424: [SoftReference, 0 refs, 0.0000770 secs]2019-02-01T00:22:58.467+0000: 791553.424: [WeakReference, 10 refs, 0.0000299 secs]2019-02-01T00:22:58.467+0000: 791553.424: [FinalReference, 589 refs, 0.0004498 secs]2019-02-01T00:22:58.467+0000: 791553.425: [PhantomReference, 0 refs, 0 refs, 0.0000187 secs]2019-02-01T00:22:58.467+0000: 791553.425: [JNI Weak Reference, 0.0000327 secs]
Desired survivor size 105906176 bytes, new threshold 1 (max 15)
[PSYoungGen: 1144928K->48479K(1135104K)] 1899691K->805769K(4387328K), 0.0219330 secs] [Times: user=0.17 sys=0.01, real=0.02 secs] 
2019-02-01T00:22:58.477+0000: 791553.435: Total time for which application threads were stopped: 0.0314959 seconds, Stopping threads took: 0.0009338 seconds
2019-02-01T00:23:02.644+0000: 791557.602: Application time: 4.1663619 seconds
2019-02-01T00:23:02.652+0000: 791557.610: Total time for which application threads were stopped: 0.0086831 seconds, Stopping threads took: 0.0003198 seconds
2019-02-01T00:23:02.653+0000: 791557.611: Application time: 0.0007599 seconds
2019-02-01T00:23:02.662+0000: 791557.619: [GC (GCLocker Initiated GC) 2019-02-01T00:23:02.673+0000: 791557.631: [SoftReference, 0 refs, 0.0000828 secs]2019-02-01T00:23:02.673+0000: 791557.631: [WeakReference, 13 refs, 0.0000252 secs]2019-02-01T00:23:02.673+0000: 791557.631: [FinalReference, 536 refs, 0.0003959 secs]2019-02-01T00:23:02.674+0000: 791557.632: [PhantomReference, 0 refs, 0 refs, 0.0000188 secs]2019-02-01T00:23:02.674+0000: 791557.632: [JNI Weak Reference, 0.0000323 secs]
Desired survivor size 101711872 bytes, new threshold 1 (max 15)
[PSYoungGen: 1134943K->48946K(1149952K)] 1895597K->811578K(4402176K), 0.0219833 secs] [Times: user=0.16 sys=0.01, real=0.02 secs] 
2019-02-01T00:23:02.684+0000: 791557.642: Total time for which application threads were stopped: 0.0305085 seconds, Stopping threads took: 0.0001985 seconds
2019-02-01T00:23:06.466+0000: 791561.424: Application time: 3.7825176 seconds
2019-02-01T00:23:06.475+0000: 791561.433: Total time for which application threads were stopped: 0.0091322 seconds, Stopping threads took: 0.0007936 seconds
2019-02-01T00:23:06.476+0000: 791561.434: Application time: 0.0009130 seconds
2019-02-01T00:23:06.485+0000: 791561.443: [GC (GCLocker Initiated GC) 2019-02-01T00:23:06.497+0000: 791561.455: [SoftReference, 0 refs, 0.0000800 secs]2019-02-01T00:23:06.497+0000: 791561.455: [WeakReference, 4 refs, 0.0000202 secs]2019-02-01T00:23:06.497+0000: 791561.455: [FinalReference, 558 refs, 0.0038215 secs]2019-02-01T00:23:06.501+0000: 791561.459: [PhantomReference, 0 refs, 1 refs, 0.0000281 secs]2019-02-01T00:23:06.501+0000: 791561.459: [JNI Weak Reference, 0.0000334 secs]
Desired survivor size 104333312 bytes, new threshold 1 (max 15)
[PSYoungGen: 1119538K->65776K(1121280K)] 1885810K->834982K(4373504K), 0.0232613 secs] [Times: user=0.22 sys=0.01, real=0.02 secs] 
2019-02-01T00:23:06.508+0000: 791561.466: Total time for which application threads were stopped: 0.0320323 seconds, Stopping threads took: 0.0002341 seconds
2019-02-01T00:23:09.688+0000: 791564.646: Application time: 3.1794744 seconds
2019-02-01T00:23:09.696+0000: 791564.654: Total time for which application threads were stopped: 0.0085244 seconds, Stopping threads took: 0.0001749 seconds
2019-02-01T00:23:09.697+0000: 791564.655: Application time: 0.0004903 seconds
2019-02-01T00:23:09.705+0000: 791564.663: [GC (GCLocker Initiated GC) 2019-02-01T00:23:09.718+0000: 791564.675: [SoftReference, 0 refs, 0.0000789 secs]2019-02-01T00:23:09.718+0000: 791564.675: [WeakReference, 25 refs, 0.0000313 secs]2019-02-01T00:23:09.718+0000: 791564.675: [FinalReference, 507 refs, 0.0003520 secs]2019-02-01T00:23:09.718+0000: 791564.676: [PhantomReference, 0 refs, 0 refs, 0.0000190 secs]2019-02-01T00:23:09.718+0000: 791564.676: [JNI Weak Reference, 0.0000319 secs]
Desired survivor size 101187584 bytes, new threshold 1 (max 15)
[PSYoungGen: 1121008K->52713K(1121280K)] 1890435K->825806K(4373504K), 0.0225300 secs] [Times: user=0.22 sys=0.01, real=0.02 secs] 
2019-02-01T00:23:09.728+0000: 791564.686: Total time for which application threads were stopped: 0.0312273 seconds, Stopping threads took: 0.0002973 seconds
2019-02-01T00:23:14.181+0000: 791569.139: Application time: 4.4530050 seconds
2019-02-01T00:23:14.189+0000: 791569.147: Total time for which application threads were stopped: 0.0082584 seconds, Stopping threads took: 0.0002023 seconds
2019-02-01T00:23:14.190+0000: 791569.148: Application time: 0.0005558 seconds
2019-02-01T00:23:14.198+0000: 791569.156: [GC (GCLocker Initiated GC) 2019-02-01T00:23:14.210+0000: 791569.168: [SoftReference, 0 refs, 0.0001048 secs]2019-02-01T00:23:14.211+0000: 791569.168: [WeakReference, 8 refs, 0.0000223 secs]2019-02-01T00:23:14.211+0000: 791569.168: [FinalReference, 570 refs, 0.0003906 secs]2019-02-01T00:23:14.211+0000: 791569.169: [PhantomReference, 0 refs, 0 refs, 0.0000181 secs]2019-02-01T00:23:14.211+0000: 791569.169: [JNI Weak Reference, 0.0000315 secs]
Desired survivor size 95944704 bytes, new threshold 1 (max 15)
[PSYoungGen: 1093097K->47037K(1073152K)] 1870050K->827300K(4325376K), 0.0222947 secs] [Times: user=0.20 sys=0.01, real=0.02 secs] 
2019-02-01T00:23:14.221+0000: 791569.179: Total time for which application threads were stopped: 0.0309530 seconds, Stopping threads took: 0.0001899 seconds
2019-02-01T00:23:18.427+0000: 791573.385: Application time: 4.2057786 seconds
2019-02-01T00:23:18.435+0000: 791573.393: Total time for which application threads were stopped: 0.0085949 seconds, Stopping threads took: 0.0002435 seconds
2019-02-01T00:23:18.436+0000: 791573.394: Application time: 0.0007807 seconds
2019-02-01T00:23:18.444+0000: 791573.402: [GC (GCLocker Initiated GC) 2019-02-01T00:23:18.457+0000: 791573.415: [SoftReference, 0 refs, 0.0000845 secs]2019-02-01T00:23:18.457+0000: 791573.415: [WeakReference, 24 refs, 0.0000301 secs]2019-02-01T00:23:18.457+0000: 791573.415: [FinalReference, 587 refs, 0.0004455 secs]2019-02-01T00:23:18.458+0000: 791573.416: [PhantomReference, 0 refs, 0 refs, 0.0000193 secs]2019-02-01T00:23:18.458+0000: 791573.416: [JNI Weak Reference, 0.0000322 secs]
Desired survivor size 95944704 bytes, new threshold 1 (max 15)
[PSYoungGen: 1073085K->60633K(1091072K)] 1853365K->843351K(4343296K), 0.0212486 secs] [Times: user=0.22 sys=0.01, real=0.02 secs] 
2019-02-01T00:23:18.466+0000: 791573.424: Total time for which application threads were stopped: 0.0298828 seconds, Stopping threads took: 0.0001857 seconds
2019-02-01T00:23:23.117+0000: 791578.075: Application time: 4.6511878 seconds
2019-02-01T00:23:23.125+0000: 791578.083: Total time for which application threads were stopped: 0.0080562 seconds, Stopping threads took: 0.0001572 seconds
2019-02-01T00:23:23.126+0000: 791578.083: Application time: 0.0004459 seconds
2019-02-01T00:23:23.134+0000: 791578.092: [GC (GCLocker Initiated GC) 2019-02-01T00:23:23.144+0000: 791578.102: [SoftReference, 0 refs, 0.0000811 secs]2019-02-01T00:23:23.144+0000: 791578.102: [WeakReference, 16 refs, 0.0000295 secs]2019-02-01T00:23:23.144+0000: 791578.102: [FinalReference, 571 refs, 0.0004835 secs]2019-02-01T00:23:23.145+0000: 791578.103: [PhantomReference, 0 refs, 0 refs, 0.0000195 secs]2019-02-01T00:23:23.145+0000: 791578.103: [JNI Weak Reference, 0.0000318 secs]
Desired survivor size 96993280 bytes, new threshold 1 (max 15)
[PSYoungGen: 1072345K->18454K(1016832K)] 1855076K->803292K(4269056K), 0.0186222 secs] [Times: user=0.15 sys=0.01, real=0.02 secs] 
2019-02-01T00:23:23.153+0000: 791578.111: Total time for which application threads were stopped: 0.0273232 seconds, Stopping threads took: 0.0001017 seconds
2019-02-01T00:23:27.278+0000: 791582.235: Application time: 4.1246085 seconds
2019-02-01T00:23:27.286+0000: 791582.244: Total time for which application threads were stopped: 0.0086286 seconds, Stopping threads took: 0.0003402 seconds
2019-02-01T00:23:27.287+0000: 791582.245: Application time: 0.0006427 seconds
2019-02-01T00:23:27.296+0000: 791582.254: [GC (GCLocker Initiated GC) 2019-02-01T00:23:27.310+0000: 791582.268: [SoftReference, 0 refs, 0.0000569 secs]2019-02-01T00:23:27.310+0000: 791582.268: [WeakReference, 52 refs, 0.0000303 secs]2019-02-01T00:23:27.310+0000: 791582.268: [FinalReference, 517 refs, 0.0002497 secs]2019-02-01T00:23:27.310+0000: 791582.268: [PhantomReference, 0 refs, 1 refs, 0.0000104 secs]2019-02-01T00:23:27.310+0000: 791582.268: [JNI Weak Reference, 0.0000191 secs]
Desired survivor size 100139008 bytes, new threshold 1 (max 15)
[PSYoungGen: 1016342K->67705K(1072128K)] 1804542K->858335K(4324352K), 0.0190659 secs] [Times: user=0.24 sys=0.01, real=0.02 secs] 
2019-02-01T00:23:27.315+0000: 791582.273: Total time for which application threads were stopped: 0.0280173 seconds, Stopping threads took: 0.0005317 seconds
2019-02-01T00:23:31.663+0000: 791586.621: Application time: 4.3480444 seconds
2019-02-01T00:23:31.676+0000: 791586.633: Total time for which application threads were stopped: 0.0126838 seconds, Stopping threads took: 0.0045063 seconds
2019-02-01T00:23:31.677+0000: 791586.634: Application time: 0.0009725 seconds
2019-02-01T00:23:31.685+0000: 791586.643: [GC (GCLocker Initiated GC) 2019-02-01T00:23:31.697+0000: 791586.655: [SoftReference, 0 refs, 0.0000759 secs]2019-02-01T00:23:31.697+0000: 791586.655: [WeakReference, 7 refs, 0.0000263 secs]2019-02-01T00:23:31.697+0000: 791586.655: [FinalReference, 542 refs, 0.0003892 secs]2019-02-01T00:23:31.697+0000: 791586.655: [PhantomReference, 0 refs, 1 refs, 0.0000206 secs]2019-02-01T00:23:31.697+0000: 791586.655: [JNI Weak Reference, 0.0000324 secs]
Desired survivor size 95944704 bytes, new threshold 1 (max 15)
[PSYoungGen: 1052281K->43019K(1014784K)] 1846324K->844924K(4267008K), 0.0230393 secs] [Times: user=0.19 sys=0.01, real=0.02 secs] 
2019-02-01T00:23:31.708+0000: 791586.666: Total time for which application threads were stopped: 0.0317051 seconds, Stopping threads took: 0.0002913 seconds
2019-02-01T00:23:35.397+0000: 791590.355: Application time: 3.6888508 seconds
2019-02-01T00:23:35.405+0000: 791590.363: Total time for which application threads were stopped: 0.0082982 seconds, Stopping threads took: 0.0003051 seconds
2019-02-01T00:23:35.406+0000: 791590.364: Application time: 0.0004203 seconds
2019-02-01T00:23:35.414+0000: 791590.372: [GC (GCLocker Initiated GC) 2019-02-01T00:23:35.426+0000: 791590.384: [SoftReference, 0 refs, 0.0000805 secs]2019-02-01T00:23:35.426+0000: 791590.384: [WeakReference, 21 refs, 0.0000485 secs]2019-02-01T00:23:35.426+0000: 791590.384: [FinalReference, 499 refs, 0.0003980 secs]2019-02-01T00:23:35.426+0000: 791590.384: [PhantomReference, 0 refs, 0 refs, 0.0000193 secs]2019-02-01T00:23:35.426+0000: 791590.384: [JNI Weak Reference, 0.0000316 secs]
Desired survivor size 93847552 bytes, new threshold 1 (max 15)
[PSYoungGen: 1014283K->30787K(1035264K)] 1816197K->835624K(4287488K), 0.0215793 secs] [Times: user=0.16 sys=0.01, real=0.02 secs] 
2019-02-01T00:23:35.436+0000: 791590.394: Total time for which application threads were stopped: 0.0303665 seconds, Stopping threads took: 0.0003063 seconds
2019-02-01T00:23:39.452+0000: 791594.410: Application time: 4.0160314 seconds
2019-02-01T00:23:39.461+0000: 791594.419: Total time for which application threads were stopped: 0.0084675 seconds, Stopping threads took: 0.0004186 seconds
2019-02-01T00:23:39.461+0000: 791594.419: Application time: 0.0006901 seconds
2019-02-01T00:23:39.470+0000: 791594.428: [GC (GCLocker Initiated GC) 2019-02-01T00:23:39.482+0000: 791594.440: [SoftReference, 0 refs, 0.0000823 secs]2019-02-01T00:23:39.482+0000: 791594.440: [WeakReference, 58 refs, 0.0000489 secs]2019-02-01T00:23:39.483+0000: 791594.440: [FinalReference, 549 refs, 0.0004123 secs]2019-02-01T00:23:39.483+0000: 791594.441: [PhantomReference, 0 refs, 0 refs, 0.0000189 secs]2019-02-01T00:23:39.483+0000: 791594.441: [JNI Weak Reference, 0.0000320 secs]
Desired survivor size 90701824 bytes, new threshold 1 (max 15)
[PSYoungGen: 989251K->48542K(994304K)] 1797428K->859278K(4246528K), 0.0236745 secs] [Times: user=0.15 sys=0.01, real=0.02 secs] 
2019-02-01T00:23:39.494+0000: 791594.452: Total time for which application threads were stopped: 0.0324334 seconds, Stopping threads took: 0.0001796 seconds
2019-02-01T00:23:40.369+0000: 791595.327: Application time: 0.8748258 seconds
2019-02-01T00:23:40.377+0000: 791595.335: Total time for which application threads were stopped: 0.0086245 seconds, Stopping threads took: 0.0002325 seconds
2019-02-01T00:23:42.946+0000: 791597.904: Application time: 2.5689486 seconds
2019-02-01T00:23:42.955+0000: 791597.913: Total time for which application threads were stopped: 0.0084882 seconds, Stopping threads took: 0.0002038 seconds
2019-02-01T00:23:42.956+0000: 791597.914: Application time: 0.0008428 seconds
2019-02-01T00:23:42.964+0000: 791597.922: [GC (GCLocker Initiated GC) 2019-02-01T00:23:42.975+0000: 791597.933: [SoftReference, 0 refs, 0.0000797 secs]2019-02-01T00:23:42.975+0000: 791597.933: [WeakReference, 30 refs, 0.0000338 secs]2019-02-01T00:23:42.975+0000: 791597.933: [FinalReference, 468 refs, 0.0003306 secs]2019-02-01T00:23:42.975+0000: 791597.933: [PhantomReference, 0 refs, 1 refs, 0.0000200 secs]2019-02-01T00:23:42.975+0000: 791597.933: [JNI Weak Reference, 0.0000318 secs]
Desired survivor size 87031808 bytes, new threshold 1 (max 15)
[PSYoungGen: 994206K->48075K(1002496K)] 1811594K->867912K(4254720K), 0.0218851 secs] [Times: user=0.18 sys=0.01, real=0.02 secs] 
2019-02-01T00:23:42.986+0000: 791597.944: Total time for which application threads were stopped: 0.0303008 seconds, Stopping threads took: 0.0001790 seconds
2019-02-01T00:23:45.939+0000: 791600.897: Application time: 2.9531649 seconds
2019-02-01T00:23:45.947+0000: 791600.905: Total time for which application threads were stopped: 0.0081755 seconds, Stopping threads took: 0.0002330 seconds
2019-02-01T00:23:45.948+0000: 791600.905: Application time: 0.0001701 seconds
2019-02-01T00:23:45.954+0000: 791600.912: Total time for which application threads were stopped: 0.0068228 seconds, Stopping threads took: 0.0001477 seconds
2019-02-01T00:23:45.955+0000: 791600.913: Application time: 0.0008593 seconds
2019-02-01T00:23:45.962+0000: 791600.920: [GC (GCLocker Initiated GC) 2019-02-01T00:23:45.972+0000: 791600.930: [SoftReference, 0 refs, 0.0000596 secs]2019-02-01T00:23:45.972+0000: 791600.930: [WeakReference, 7 refs, 0.0000116 secs]2019-02-01T00:23:45.972+0000: 791600.930: [FinalReference, 459 refs, 0.0003064 secs]2019-02-01T00:23:45.972+0000: 791600.930: [PhantomReference, 0 refs, 0 refs, 0.0000270 secs]2019-02-01T00:23:45.972+0000: 791600.930: [JNI Weak Reference, 0.0000191 secs]
Desired survivor size 84410368 bytes, new threshold 1 (max 15)
[PSYoungGen: 981451K->49769K(971776K)] 1801311K->872226K(4224000K), 0.0165507 secs] [Times: user=0.18 sys=0.01, real=0.01 secs] 
2019-02-01T00:23:45.979+0000: 791600.936: Total time for which application threads were stopped: 0.0232967 seconds, Stopping threads took: 0.0003812 seconds
2019-02-01T00:23:46.794+0000: 791601.752: Application time: 0.8157192 seconds
2019-02-01T00:23:46.806+0000: 791601.764: Total time for which application threads were stopped: 0.0119296 seconds, Stopping threads took: 0.0037565 seconds
2019-02-01T00:23:49.710+0000: 791604.668: Application time: 2.9036483 seconds
2019-02-01T00:23:49.718+0000: 791604.676: Total time for which application threads were stopped: 0.0083773 seconds, Stopping threads took: 0.0003065 seconds
2019-02-01T00:23:49.719+0000: 791604.677: Application time: 0.0008503 seconds
2019-02-01T00:23:49.727+0000: 791604.685: [GC (GCLocker Initiated GC) 2019-02-01T00:23:49.738+0000: 791604.696: [SoftReference, 0 refs, 0.0000741 secs]2019-02-01T00:23:49.738+0000: 791604.696: [WeakReference, 39 refs, 0.0000406 secs]2019-02-01T00:23:49.739+0000: 791604.696: [FinalReference, 505 refs, 0.0003472 secs]2019-02-01T00:23:49.739+0000: 791604.697: [PhantomReference, 0 refs, 0 refs, 0.0000193 secs]2019-02-01T00:23:49.739+0000: 791604.697: [JNI Weak Reference, 0.0000326 secs]
Desired survivor size 84410368 bytes, new threshold 1 (max 15)
[PSYoungGen: 971369K->56860K(980480K)] 1803393K->890821K(4232704K), 0.0194925 secs] [Times: user=0.20 sys=0.01, real=0.02 secs] 
2019-02-01T00:23:49.747+0000: 791604.705: Total time for which application threads were stopped: 0.0281463 seconds, Stopping threads took: 0.0003127 seconds
2019-02-01T00:23:53.235+0000: 791608.193: Application time: 3.4878042 seconds
2019-02-01T00:23:53.243+0000: 791608.201: Total time for which application threads were stopped: 0.0081202 seconds, Stopping threads took: 0.0002355 seconds
2019-02-01T00:23:53.244+0000: 791608.201: Application time: 0.0004803 seconds
2019-02-01T00:23:53.251+0000: 791608.209: [GC (GCLocker Initiated GC) 2019-02-01T00:23:53.263+0000: 791608.221: [SoftReference, 0 refs, 0.0000602 secs]2019-02-01T00:23:53.263+0000: 791608.221: [WeakReference, 17 refs, 0.0000176 secs]2019-02-01T00:23:53.263+0000: 791608.221: [FinalReference, 472 refs, 0.0002379 secs]2019-02-01T00:23:53.264+0000: 791608.222: [PhantomReference, 0 refs, 1 refs, 0.0000108 secs]2019-02-01T00:23:53.264+0000: 791608.222: [JNI Weak Reference, 0.0000194 secs]
Desired survivor size 82313216 bytes, new threshold 1 (max 15)
[PSYoungGen: 966684K->40071K(939008K)] 1800661K->876718K(4191232K), 0.0182500 secs] [Times: user=0.16 sys=0.01, real=0.01 secs] 
2019-02-01T00:23:53.270+0000: 791608.228: Total time for which application threads were stopped: 0.0262277 seconds, Stopping threads took: 0.0003100 seconds
2019-02-01T00:23:56.976+0000: 791611.933: Application time: 3.7057022 seconds
2019-02-01T00:23:56.984+0000: 791611.942: Total time for which application threads were stopped: 0.0084946 seconds, Stopping threads took: 0.0003386 seconds
2019-02-01T00:23:56.985+0000: 791611.943: Application time: 0.0008835 seconds
2019-02-01T00:23:56.994+0000: 791611.951: [GC (GCLocker Initiated GC) 2019-02-01T00:23:57.006+0000: 791611.964: [SoftReference, 0 refs, 0.0000657 secs]2019-02-01T00:23:57.006+0000: 791611.964: [WeakReference, 9 refs, 0.0000145 secs]2019-02-01T00:23:57.006+0000: 791611.964: [FinalReference, 464 refs, 0.0002942 secs]2019-02-01T00:23:57.007+0000: 791611.965: [PhantomReference, 0 refs, 0 refs, 0.0000124 secs]2019-02-01T00:23:57.007+0000: 791611.965: [JNI Weak Reference, 0.0000197 secs]
Desired survivor size 83886080 bytes, new threshold 1 (max 15)
[PSYoungGen: 938631K->59792K(959488K)] 1775308K->899788K(4211712K), 0.0180007 secs] [Times: user=0.21 sys=0.00, real=0.01 secs] 
2019-02-01T00:23:57.012+0000: 791611.970: Total time for which application threads were stopped: 0.0267373 seconds, Stopping threads took: 0.0002874 seconds
2019-02-01T00:24:00.416+0000: 791615.374: Application time: 3.4045921 seconds
2019-02-01T00:24:00.425+0000: 791615.383: Total time for which application threads were stopped: 0.0084480 seconds, Stopping threads took: 0.0002553 seconds
2019-02-01T00:24:00.426+0000: 791615.384: Application time: 0.0009388 seconds
2019-02-01T00:24:00.434+0000: 791615.392: [GC (GCLocker Initiated GC) 2019-02-01T00:24:00.442+0000: 791615.400: [SoftReference, 0 refs, 0.0000748 secs]2019-02-01T00:24:00.442+0000: 791615.400: [WeakReference, 21 refs, 0.0000291 secs]2019-02-01T00:24:00.442+0000: 791615.400: [FinalReference, 458 refs, 0.0003129 secs]2019-02-01T00:24:00.443+0000: 791615.401: [PhantomReference, 0 refs, 1 refs, 0.0000211 secs]2019-02-01T00:24:00.443+0000: 791615.401: [JNI Weak Reference, 0.0000324 secs]
Desired survivor size 83361792 bytes, new threshold 1 (max 15)
[PSYoungGen: 947088K->30244K(907264K)] 1787121K->872369K(4159488K), 0.0168030 secs] [Times: user=0.14 sys=0.00, real=0.01 secs] 
2019-02-01T00:24:00.451+0000: 791615.409: Total time for which application threads were stopped: 0.0253326 seconds, Stopping threads took: 0.0002010 seconds
2019-02-01T00:24:04.045+0000: 791619.002: Application time: 3.5936101 seconds
2019-02-01T00:24:04.053+0000: 791619.011: Total time for which application threads were stopped: 0.0083408 seconds, Stopping threads took: 0.0003070 seconds
2019-02-01T00:24:04.054+0000: 791619.011: Application time: 0.0005458 seconds
2019-02-01T00:24:04.062+0000: 791619.019: [GC (GCLocker Initiated GC) 2019-02-01T00:24:04.076+0000: 791619.033: [SoftReference, 0 refs, 0.0000590 secs]2019-02-01T00:24:04.076+0000: 791619.033: [WeakReference, 25 refs, 0.0000220 secs]2019-02-01T00:24:04.076+0000: 791619.033: [FinalReference, 463 refs, 0.0002209 secs]2019-02-01T00:24:04.076+0000: 791619.034: [PhantomReference, 0 refs, 1 refs, 0.0000107 secs]2019-02-01T00:24:04.076+0000: 791619.034: [JNI Weak Reference, 0.0000189 secs]
Desired survivor size 81788928 bytes, new threshold 1 (max 15)
[PSYoungGen: 906788K->35920K(933376K)] 1749462K->880744K(4185600K), 0.0200758 secs] [Times: user=0.15 sys=0.01, real=0.02 secs] 
2019-02-01T00:24:04.082+0000: 791619.040: Total time for which application threads were stopped: 0.0282543 seconds, Stopping threads took: 0.0001633 seconds
2019-02-01T00:24:07.773+0000: 791622.730: Application time: 3.6907338 seconds
2019-02-01T00:24:07.781+0000: 791622.739: Total time for which application threads were stopped: 0.0084009 seconds, Stopping threads took: 0.0002219 seconds
2019-02-01T00:24:07.783+0000: 791622.741: Application time: 0.0021849 seconds
2019-02-01T00:24:07.792+0000: 791622.749: [GC (GCLocker Initiated GC) 2019-02-01T00:24:07.804+0000: 791622.761: [SoftReference, 0 refs, 0.0000608 secs]2019-02-01T00:24:07.804+0000: 791622.762: [WeakReference, 39 refs, 0.0000248 secs]2019-02-01T00:24:07.804+0000: 791622.762: [FinalReference, 473 refs, 0.0002157 secs]2019-02-01T00:24:07.804+0000: 791622.762: [PhantomReference, 0 refs, 1 refs, 0.0000108 secs]2019-02-01T00:24:07.804+0000: 791622.762: [JNI Weak Reference, 0.0000177 secs]
Desired survivor size 82837504 bytes, new threshold 1 (max 15)
[PSYoungGen: 901712K->57868K(913920K)] 1750114K->908935K(4166144K), 0.0170377 secs] [Times: user=0.18 sys=0.01, real=0.02 secs] 
2019-02-01T00:24:07.809+0000: 791622.767: Total time for which application threads were stopped: 0.0257124 seconds, Stopping threads took: 0.0007599 seconds
2019-02-01T00:24:11.399+0000: 791626.357: Application time: 3.5899143 seconds
2019-02-01T00:24:11.408+0000: 791626.366: [GC (Allocation Failure) 2019-02-01T00:24:11.418+0000: 791626.376: [SoftReference, 0 refs, 0.0000784 secs]2019-02-01T00:24:11.418+0000: 791626.376: [WeakReference, 7 refs, 0.0000220 secs]2019-02-01T00:24:11.418+0000: 791626.376: [FinalReference, 419 refs, 0.0003138 secs]2019-02-01T00:24:11.419+0000: 791626.377: [PhantomReference, 0 refs, 0 refs, 0.0000190 secs]2019-02-01T00:24:11.419+0000: 791626.377: [JNI Weak Reference, 0.0000293 secs]
Desired survivor size 85458944 bytes, new threshold 1 (max 15)
[PSYoungGen: 913420K->11039K(921088K)] 1767812K->867836K(4173312K), 0.0168935 secs] [Times: user=0.11 sys=0.01, real=0.02 secs] 
2019-02-01T00:24:11.425+0000: 791626.383: Total time for which application threads were stopped: 0.0266719 seconds, Stopping threads took: 0.0012451 seconds
2019-02-01T00:24:14.898+0000: 791629.856: Application time: 3.4722501 seconds
2019-02-01T00:24:14.906+0000: 791629.864: Total time for which application threads were stopped: 0.0080723 seconds, Stopping threads took: 0.0002233 seconds
2019-02-01T00:24:14.906+0000: 791629.864: Application time: 0.0002792 seconds
2019-02-01T00:24:14.914+0000: 791629.872: [GC (GCLocker Initiated GC) 2019-02-01T00:24:14.930+0000: 791629.888: [SoftReference, 0 refs, 0.0000834 secs]2019-02-01T00:24:14.930+0000: 791629.888: [WeakReference, 40 refs, 0.0000383 secs]2019-02-01T00:24:14.930+0000: 791629.888: [FinalReference, 425 refs, 0.0004098 secs]2019-02-01T00:24:14.931+0000: 791629.889: [PhantomReference, 0 refs, 0 refs, 0.0000237 secs]2019-02-01T00:24:14.931+0000: 791629.889: [JNI Weak Reference, 0.0000331 secs]
Desired survivor size 84410368 bytes, new threshold 1 (max 15)
[PSYoungGen: 856351K->50663K(885760K)] 1713148K->909336K(4137984K), 0.0249797 secs] [Times: user=0.20 sys=0.01, real=0.03 secs] 
2019-02-01T00:24:14.940+0000: 791629.897: Total time for which application threads were stopped: 0.0334793 seconds, Stopping threads took: 0.0002125 seconds
2019-02-01T00:24:18.668+0000: 791633.625: Application time: 3.7281106 seconds
2019-02-01T00:24:18.676+0000: 791633.634: Total time for which application threads were stopped: 0.0085486 seconds, Stopping threads took: 0.0003346 seconds
2019-02-01T00:24:18.677+0000: 791633.635: Application time: 0.0008295 seconds
2019-02-01T00:24:18.685+0000: 791633.643: [GC (GCLocker Initiated GC) 2019-02-01T00:24:18.696+0000: 791633.654: [SoftReference, 0 refs, 0.0000908 secs]2019-02-01T00:24:18.697+0000: 791633.654: [WeakReference, 38 refs, 0.0000423 secs]2019-02-01T00:24:18.697+0000: 791633.654: [FinalReference, 399 refs, 0.0003581 secs]2019-02-01T00:24:18.697+0000: 791633.655: [PhantomReference, 0 refs, 0 refs, 0.0000237 secs]2019-02-01T00:24:18.697+0000: 791633.655: [JNI Weak Reference, 0.0000335 secs]
Desired survivor size 83886080 bytes, new threshold 1 (max 15)
[PSYoungGen: 885735K->52016K(897024K)] 1744437K->912091K(4149248K), 0.0179772 secs] [Times: user=0.17 sys=0.01, real=0.01 secs] 
2019-02-01T00:24:18.704+0000: 791633.661: Total time for which application threads were stopped: 0.0265216 seconds, Stopping threads took: 0.0002539 seconds
2019-02-01T00:24:22.422+0000: 791637.380: Application time: 3.7184893 seconds
2019-02-01T00:24:22.431+0000: 791637.389: Total time for which application threads were stopped: 0.0086612 seconds, Stopping threads took: 0.0005243 seconds
2019-02-01T00:24:22.432+0000: 791637.390: Application time: 0.0014528 seconds
2019-02-01T00:24:22.441+0000: 791637.399: [GC (GCLocker Initiated GC) 2019-02-01T00:24:22.459+0000: 791637.417: [SoftReference, 0 refs, 0.0000811 secs]2019-02-01T00:24:22.459+0000: 791637.417: [WeakReference, 11 refs, 0.0000244 secs]2019-02-01T00:24:22.459+0000: 791637.417: [FinalReference, 471 refs, 0.0003469 secs]2019-02-01T00:24:22.460+0000: 791637.417: [PhantomReference, 0 refs, 0 refs, 0.0000193 secs]2019-02-01T00:24:22.460+0000: 791637.417: [JNI Weak Reference, 0.0000331 secs]
Desired survivor size 86507520 bytes, new threshold 1 (max 15)
[PSYoungGen: 877360K->62058K(878080K)] 1738516K->925325K(4130304K), 0.0252293 secs] [Times: user=0.29 sys=0.01, real=0.02 secs] 
2019-02-01T00:24:22.466+0000: 791637.424: Total time for which application threads were stopped: 0.0340423 seconds, Stopping threads took: 0.0003150 seconds
2019-02-01T00:24:26.079+0000: 791641.037: Application time: 3.6130472 seconds
2019-02-01T00:24:26.087+0000: 791641.045: Total time for which application threads were stopped: 0.0081279 seconds, Stopping threads took: 0.0002380 seconds
2019-02-01T00:24:26.088+0000: 791641.046: Application time: 0.0005519 seconds
2019-02-01T00:24:26.096+0000: 791641.054: [GC (GCLocker Initiated GC) 2019-02-01T00:24:26.108+0000: 791641.066: [SoftReference, 0 refs, 0.0000732 secs]2019-02-01T00:24:26.108+0000: 791641.066: [WeakReference, 19 refs, 0.0000284 secs]2019-02-01T00:24:26.108+0000: 791641.066: [FinalReference, 444 refs, 0.0003430 secs]2019-02-01T00:24:26.108+0000: 791641.066: [PhantomReference, 0 refs, 0 refs, 0.0000191 secs]2019-02-01T00:24:26.108+0000: 791641.066: [JNI Weak Reference, 0.0000327 secs]
Desired survivor size 84410368 bytes, new threshold 1 (max 15)
[PSYoungGen: 877674K->51118K(877568K)] 1741178K->917691K(4129792K), 0.0199884 secs] [Times: user=0.18 sys=0.01, real=0.02 secs] 
2019-02-01T00:24:26.117+0000: 791641.075: Total time for which application threads were stopped: 0.0287284 seconds, Stopping threads took: 0.0002516 seconds
2019-02-01T00:24:29.703+0000: 791644.660: Application time: 3.5859056 seconds
2019-02-01T00:24:29.711+0000: 791644.669: [GC (Allocation Failure) 2019-02-01T00:24:29.721+0000: 791644.679: [SoftReference, 0 refs, 0.0000767 secs]2019-02-01T00:24:29.721+0000: 791644.679: [WeakReference, 15 refs, 0.0000242 secs]2019-02-01T00:24:29.721+0000: 791644.679: [FinalReference, 435 refs, 0.0003185 secs]2019-02-01T00:24:29.721+0000: 791644.679: [PhantomReference, 0 refs, 0 refs, 0.0000196 secs]2019-02-01T00:24:29.721+0000: 791644.679: [JNI Weak Reference, 0.0000302 secs]
Desired survivor size 84934656 bytes, new threshold 1 (max 15)
[PSYoungGen: 857518K->22145K(819712K)] 1724094K->891072K(4071936K), 0.0172149 secs] [Times: user=0.12 sys=0.01, real=0.02 secs] 
2019-02-01T00:24:29.728+0000: 791644.686: Total time for which application threads were stopped: 0.0258049 seconds, Stopping threads took: 0.0002297 seconds
2019-02-01T00:24:32.783+0000: 791647.740: Application time: 3.0540756 seconds
2019-02-01T00:24:32.791+0000: 791647.749: Total time for which application threads were stopped: 0.0087824 seconds, Stopping threads took: 0.0002831 seconds
2019-02-01T00:24:32.792+0000: 791647.750: Application time: 0.0010447 seconds
2019-02-01T00:24:32.801+0000: 791647.759: [GC (GCLocker Initiated GC) 2019-02-01T00:24:32.814+0000: 791647.771: [SoftReference, 0 refs, 0.0000578 secs]2019-02-01T00:24:32.814+0000: 791647.772: [WeakReference, 24 refs, 0.0000222 secs]2019-02-01T00:24:32.814+0000: 791647.772: [FinalReference, 431 refs, 0.0002064 secs]2019-02-01T00:24:32.814+0000: 791647.772: [PhantomReference, 0 refs, 1 refs, 0.0000103 secs]2019-02-01T00:24:32.814+0000: 791647.772: [JNI Weak Reference, 0.0000187 secs]
Desired survivor size 88080384 bytes, new threshold 1 (max 15)
[PSYoungGen: 819329K->62495K(867840K)] 1688295K->933487K(4120064K), 0.0164316 secs] [Times: user=0.24 sys=0.01, real=0.02 secs] 
2019-02-01T00:24:32.818+0000: 791647.776: Total time for which application threads were stopped: 0.0253062 seconds, Stopping threads took: 0.0006481 seconds
2019-02-01T00:24:35.769+0000: 791650.727: Application time: 2.9510312 seconds
2019-02-01T00:24:35.777+0000: 791650.735: Total time for which application threads were stopped: 0.0085384 seconds, Stopping threads took: 0.0004249 seconds
2019-02-01T00:24:35.778+0000: 791650.736: Application time: 0.0006957 seconds
2019-02-01T00:24:35.786+0000: 791650.744: [GC (GCLocker Initiated GC) 2019-02-01T00:24:35.796+0000: 791650.754: [SoftReference, 0 refs, 0.0000587 secs]2019-02-01T00:24:35.796+0000: 791650.754: [WeakReference, 24 refs, 0.0000202 secs]2019-02-01T00:24:35.796+0000: 791650.754: [FinalReference, 418 refs, 0.0002027 secs]2019-02-01T00:24:35.796+0000: 791650.754: [PhantomReference, 0 refs, 1 refs, 0.0000108 secs]2019-02-01T00:24:35.796+0000: 791650.754: [JNI Weak Reference, 0.0000189 secs]
Desired survivor size 87556096 bytes, new threshold 1 (max 15)
[PSYoungGen: 850463K->24820K(804352K)] 1728134K->904216K(4056576K), 0.0149941 secs] [Times: user=0.16 sys=0.00, real=0.02 secs] 
2019-02-01T00:24:35.801+0000: 791650.759: Total time for which application threads were stopped: 0.0235102 seconds, Stopping threads took: 0.0003534 seconds
2019-02-01T00:24:38.769+0000: 791653.726: Application time: 2.9672024 seconds
2019-02-01T00:24:38.775+0000: 791653.733: Total time for which application threads were stopped: 0.0067124 seconds, Stopping threads took: 0.0001859 seconds
2019-02-01T00:24:38.776+0000: 791653.734: Application time: 0.0005575 seconds
2019-02-01T00:24:38.782+0000: 791653.740: [GC (GCLocker Initiated GC) 2019-02-01T00:24:38.797+0000: 791653.755: [SoftReference, 0 refs, 0.0000590 secs]2019-02-01T00:24:38.797+0000: 791653.755: [WeakReference, 50 refs, 0.0000263 secs]2019-02-01T00:24:38.797+0000: 791653.755: [FinalReference, 391 refs, 0.0002339 secs]2019-02-01T00:24:38.798+0000: 791653.755: [PhantomReference, 0 refs, 0 refs, 0.0000139 secs]2019-02-01T00:24:38.798+0000: 791653.755: [JNI Weak Reference, 0.0000398 secs]
Desired survivor size 91226112 bytes, new threshold 1 (max 15)
[PSYoungGen: 804084K->64433K(854528K)] 1683999K->946324K(4106752K), 0.0196117 secs] [Times: user=0.27 sys=0.01, real=0.02 secs] 
2019-02-01T00:24:38.802+0000: 791653.760: Total time for which application threads were stopped: 0.0263115 seconds, Stopping threads took: 0.0001762 seconds
2019-02-01T00:24:40.368+0000: 791655.326: Application time: 1.5660652 seconds
2019-02-01T00:24:40.377+0000: 791655.335: Total time for which application threads were stopped: 0.0089095 seconds, Stopping threads took: 0.0001774 seconds
2019-02-01T00:24:41.885+0000: 791656.843: Application time: 1.5077831 seconds
2019-02-01T00:24:41.896+0000: 791656.853: Total time for which application threads were stopped: 0.0105941 seconds, Stopping threads took: 0.0024430 seconds
2019-02-01T00:24:41.896+0000: 791656.854: Application time: 0.0003433 seconds
2019-02-01T00:24:41.904+0000: 791656.862: [GC (GCLocker Initiated GC) 2019-02-01T00:24:41.918+0000: 791656.875: [SoftReference, 0 refs, 0.0000618 secs]2019-02-01T00:24:41.918+0000: 791656.875: [WeakReference, 34 refs, 0.0000214 secs]2019-02-01T00:24:41.918+0000: 791656.875: [FinalReference, 428 refs, 0.0002191 secs]2019-02-01T00:24:41.918+0000: 791656.876: [PhantomReference, 0 refs, 1 refs, 0.0000101 secs]2019-02-01T00:24:41.918+0000: 791656.876: [JNI Weak Reference, 0.0000214 secs]
Desired survivor size 91750400 bytes, new threshold 1 (max 15)
[PSYoungGen: 834993K->58405K(820736K)] 1720213K->946268K(4072960K), 0.0179913 secs] [Times: user=0.18 sys=0.00, real=0.02 secs] 
2019-02-01T00:24:41.923+0000: 791656.880: Total time for which application threads were stopped: 0.0265881 seconds, Stopping threads took: 0.0001961 seconds
2019-02-01T00:24:44.861+0000: 791659.819: Application time: 2.9385320 seconds
2019-02-01T00:24:44.869+0000: 791659.827: Total time for which application threads were stopped: 0.0082469 seconds, Stopping threads took: 0.0001975 seconds
2019-02-01T00:24:44.870+0000: 791659.827: Application time: 0.0002486 seconds
2019-02-01T00:24:44.878+0000: 791659.836: [GC (GCLocker Initiated GC) 2019-02-01T00:24:44.887+0000: 791659.845: [SoftReference, 0 refs, 0.0000758 secs]2019-02-01T00:24:44.887+0000: 791659.845: [WeakReference, 41 refs, 0.0000373 secs]2019-02-01T00:24:44.887+0000: 791659.845: [FinalReference, 409 refs, 0.0003257 secs]2019-02-01T00:24:44.888+0000: 791659.846: [PhantomReference, 0 refs, 0 refs, 0.0000193 secs]2019-02-01T00:24:44.888+0000: 791659.846: [JNI Weak Reference, 0.0000330 secs]
Desired survivor size 90701824 bytes, new threshold 1 (max 15)
[PSYoungGen: 820261K->28063K(833024K)] 1711446K->922658K(4085248K), 0.0175251 secs] [Times: user=0.16 sys=0.01, real=0.02 secs] 
2019-02-01T00:24:44.896+0000: 791659.854: Total time for which application threads were stopped: 0.0261635 seconds, Stopping threads took: 0.0001136 seconds
2019-02-01T00:24:48.053+0000: 791663.011: Application time: 3.1574247 seconds
2019-02-01T00:24:48.062+0000: 791663.019: Total time for which application threads were stopped: 0.0082969 seconds, Stopping threads took: 0.0002371 seconds
2019-02-01T00:24:48.062+0000: 791663.020: Application time: 0.0006215 seconds
2019-02-01T00:24:48.071+0000: 791663.029: [GC (GCLocker Initiated GC) 2019-02-01T00:24:48.080+0000: 791663.038: [SoftReference, 0 refs, 0.0000788 secs]2019-02-01T00:24:48.081+0000: 791663.038: [WeakReference, 15 refs, 0.0000281 secs]2019-02-01T00:24:48.081+0000: 791663.038: [FinalReference, 456 refs, 0.0003447 secs]2019-02-01T00:24:48.081+0000: 791663.039: [PhantomReference, 0 refs, 1 refs, 0.0000274 secs]2019-02-01T00:24:48.081+0000: 791663.039: [JNI Weak Reference, 0.0000328 secs]
Desired survivor size 89128960 bytes, new threshold 1 (max 15)
[PSYoungGen: 781727K->27503K(773120K)] 1676331K->924218K(4025344K), 0.0184874 secs] [Times: user=0.16 sys=0.00, real=0.01 secs] 
2019-02-01T00:24:48.090+0000: 791663.047: Total time for which application threads were stopped: 0.0274109 seconds, Stopping threads took: 0.0003012 seconds
2019-02-01T00:24:51.024+0000: 791665.982: Application time: 2.9346077 seconds
2019-02-01T00:24:51.036+0000: 791665.993: Total time for which application threads were stopped: 0.0114347 seconds, Stopping threads took: 0.0046466 seconds
2019-02-01T00:24:51.036+0000: 791665.994: Application time: 0.0006170 seconds
2019-02-01T00:24:51.044+0000: 791666.002: [GC (GCLocker Initiated GC) 2019-02-01T00:24:51.057+0000: 791666.014: [SoftReference, 0 refs, 0.0000755 secs]2019-02-01T00:24:51.057+0000: 791666.015: [WeakReference, 18 refs, 0.0000264 secs]2019-02-01T00:24:51.057+0000: 791666.015: [FinalReference, 387 refs, 0.0002737 secs]2019-02-01T00:24:51.057+0000: 791666.015: [PhantomReference, 0 refs, 1 refs, 0.0000199 secs]2019-02-01T00:24:51.057+0000: 791666.015: [JNI Weak Reference, 0.0000329 secs]
Desired survivor size 85983232 bytes, new threshold 1 (max 15)
[PSYoungGen: 772975K->36505K(809984K)] 1673034K->938988K(4062208K), 0.0208924 secs] [Times: user=0.14 sys=0.01, real=0.02 secs] 
2019-02-01T00:24:51.065+0000: 791666.023: Total time for which application threads were stopped: 0.0291470 seconds, Stopping threads took: 0.0001824 seconds
2019-02-01T00:24:53.675+0000: 791668.633: Application time: 2.6096486 seconds
2019-02-01T00:24:53.688+0000: 791668.646: Total time for which application threads were stopped: 0.0126626 seconds, Stopping threads took: 0.0045381 seconds
2019-02-01T00:24:53.689+0000: 791668.646: Application time: 0.0008260 seconds
2019-02-01T00:24:53.697+0000: 791668.655: [GC (GCLocker Initiated GC) 2019-02-01T00:24:53.711+0000: 791668.669: [SoftReference, 0 refs, 0.0000601 secs]2019-02-01T00:24:53.711+0000: 791668.669: [WeakReference, 71 refs, 0.0000303 secs]2019-02-01T00:24:53.711+0000: 791668.669: [FinalReference, 380 refs, 0.0001760 secs]2019-02-01T00:24:53.712+0000: 791668.669: [PhantomReference, 0 refs, 1 refs, 0.0000103 secs]2019-02-01T00:24:53.712+0000: 791668.669: [JNI Weak Reference, 0.0000191 secs]
Desired survivor size 85458944 bytes, new threshold 1 (max 15)
[PSYoungGen: 773785K->51835K(781824K)] 1679703K->960937K(4034048K), 0.0192068 secs] [Times: user=0.23 sys=0.01, real=0.02 secs] 
2019-02-01T00:24:53.717+0000: 791668.675: Total time for which application threads were stopped: 0.0281294 seconds, Stopping threads took: 0.0007714 seconds
2019-02-01T00:24:56.696+0000: 791671.654: Application time: 2.9792506 seconds
2019-02-01T00:24:56.704+0000: 791671.662: Total time for which application threads were stopped: 0.0082758 seconds, Stopping threads took: 0.0002015 seconds
2019-02-01T00:24:56.705+0000: 791671.663: Application time: 0.0007829 seconds
2019-02-01T00:24:56.714+0000: 791671.671: [GC (GCLocker Initiated GC) 2019-02-01T00:24:56.726+0000: 791671.684: [SoftReference, 0 refs, 0.0000783 secs]2019-02-01T00:24:56.726+0000: 791671.684: [WeakReference, 62 refs, 0.0000410 secs]2019-02-01T00:24:56.726+0000: 791671.684: [FinalReference, 429 refs, 0.0003063 secs]2019-02-01T00:24:56.726+0000: 791671.684: [PhantomReference, 0 refs, 0 refs, 0.0000199 secs]2019-02-01T00:24:56.726+0000: 791671.684: [JNI Weak Reference, 0.0000326 secs]
Desired survivor size 82837504 bytes, new threshold 1 (max 15)
[PSYoungGen: 781435K->48571K(792576K)] 1690575K->962077K(4044800K), 0.0210707 secs] [Times: user=0.19 sys=0.01, real=0.02 secs] 
2019-02-01T00:24:56.735+0000: 791671.693: Total time for which application threads were stopped: 0.0298548 seconds, Stopping threads took: 0.0002206 seconds
2019-02-01T00:24:57.164+0000: 791672.121: Application time: 0.4287883 seconds
2019-02-01T00:24:57.172+0000: 791672.130: Total time for which application threads were stopped: 0.0081794 seconds, Stopping threads took: 0.0002367 seconds
2019-02-01T00:24:59.317+0000: 791674.275: Application time: 2.1451848 seconds
2019-02-01T00:24:59.326+0000: 791674.284: Total time for which application threads were stopped: 0.0088463 seconds, Stopping threads took: 0.0007226 seconds
2019-02-01T00:24:59.327+0000: 791674.285: Application time: 0.0008160 seconds
2019-02-01T00:24:59.335+0000: 791674.293: [GC (GCLocker Initiated GC) 2019-02-01T00:24:59.353+0000: 791674.311: [SoftReference, 0 refs, 0.0000595 secs]2019-02-01T00:24:59.353+0000: 791674.311: [WeakReference, 68 refs, 0.0000355 secs]2019-02-01T00:24:59.353+0000: 791674.311: [FinalReference, 409 refs, 0.0001840 secs]2019-02-01T00:24:59.353+0000: 791674.311: [PhantomReference, 0 refs, 0 refs, 0.0000097 secs]2019-02-01T00:24:59.353+0000: 791674.311: [JNI Weak Reference, 0.0000189 secs]
Desired survivor size 92798976 bytes, new threshold 1 (max 15)
[PSYoungGen: 770491K->80073K(795136K)] 1687371K->1013425K(4047360K), 0.0210458 secs] [Times: user=0.29 sys=0.01, real=0.02 secs] 
2019-02-01T00:24:59.356+0000: 791674.314: Total time for which application threads were stopped: 0.0297019 seconds, Stopping threads took: 0.0001755 seconds
2019-02-01T00:25:01.739+0000: 791676.697: Application time: 2.3826712 seconds
2019-02-01T00:25:01.749+0000: 791676.707: Total time for which application threads were stopped: 0.0097100 seconds, Stopping threads took: 0.0032919 seconds
2019-02-01T00:25:01.751+0000: 791676.708: Application time: 0.0018071 seconds
2019-02-01T00:25:01.759+0000: 791676.717: [GC (GCLocker Initiated GC) 2019-02-01T00:25:01.772+0000: 791676.730: [SoftReference, 0 refs, 0.0000509 secs]2019-02-01T00:25:01.772+0000: 791676.730: [WeakReference, 36 refs, 0.0000259 secs]2019-02-01T00:25:01.772+0000: 791676.730: [FinalReference, 411 refs, 0.0001905 secs]2019-02-01T00:25:01.772+0000: 791676.730: [PhantomReference, 0 refs, 2 refs, 0.0000113 secs]2019-02-01T00:25:01.772+0000: 791676.730: [JNI Weak Reference, 0.0000176 secs]
Desired survivor size 91750400 bytes, new threshold 1 (max 15)
[PSYoungGen: 794313K->56833K(788480K)] 1731241K->997954K(4040704K), 0.0167647 secs] [Times: user=0.23 sys=0.02, real=0.02 secs] 
2019-02-01T00:25:01.776+0000: 791676.734: Total time for which application threads were stopped: 0.0253216 seconds, Stopping threads took: 0.0008969 seconds
2019-02-01T00:25:04.234+0000: 791679.191: Application time: 2.4576558 seconds
2019-02-01T00:25:04.239+0000: 791679.197: Total time for which application threads were stopped: 0.0053135 seconds, Stopping threads took: 0.0001461 seconds
2019-02-01T00:25:04.240+0000: 791679.197: Application time: 0.0005887 seconds
2019-02-01T00:25:04.245+0000: 791679.203: [GC (GCLocker Initiated GC) 2019-02-01T00:25:04.257+0000: 791679.215: [SoftReference, 0 refs, 0.0000471 secs]2019-02-01T00:25:04.257+0000: 791679.215: [WeakReference, 8 refs, 0.0000134 secs]2019-02-01T00:25:04.257+0000: 791679.215: [FinalReference, 401 refs, 0.0001961 secs]2019-02-01T00:25:04.257+0000: 791679.215: [PhantomReference, 0 refs, 0 refs, 0.0000099 secs]2019-02-01T00:25:04.257+0000: 791679.215: [JNI Weak Reference, 0.0000184 secs]
Desired survivor size 93323264 bytes, new threshold 1 (max 15)
[PSYoungGen: 763905K->63428K(763392K)] 1705043K->1007314K(4015616K), 0.0156242 secs] [Times: user=0.19 sys=0.01, real=0.01 secs] 
2019-02-01T00:25:04.261+0000: 791679.219: Total time for which application threads were stopped: 0.0212826 seconds, Stopping threads took: 0.0002157 seconds
2019-02-01T00:25:06.916+0000: 791681.873: Application time: 2.6547290 seconds
2019-02-01T00:25:06.922+0000: 791681.879: Total time for which application threads were stopped: 0.0059734 seconds, Stopping threads took: 0.0007437 seconds
2019-02-01T00:25:06.922+0000: 791681.880: Application time: 0.0006972 seconds
2019-02-01T00:25:06.930+0000: 791681.888: [GC (GCLocker Initiated GC) 2019-02-01T00:25:06.941+0000: 791681.899: [SoftReference, 0 refs, 0.0000477 secs]2019-02-01T00:25:06.941+0000: 791681.899: [WeakReference, 5 refs, 0.0000151 secs]2019-02-01T00:25:06.941+0000: 791681.899: [FinalReference, 419 refs, 0.0002275 secs]2019-02-01T00:25:06.941+0000: 791681.899: [PhantomReference, 0 refs, 0 refs, 0.0000148 secs]2019-02-01T00:25:06.941+0000: 791681.899: [JNI Weak Reference, 0.0000247 secs]
Desired survivor size 91226112 bytes, new threshold 1 (max 15)
[PSYoungGen: 763332K->55294K(772608K)] 1707723K->1003014K(4024832K), 0.0174493 secs] [Times: user=0.22 sys=0.00, real=0.02 secs] 
2019-02-01T00:25:06.948+0000: 791681.905: Total time for which application threads were stopped: 0.0252800 seconds, Stopping threads took: 0.0002634 seconds
2019-02-01T00:25:09.288+0000: 791684.246: Application time: 2.3403051 seconds
2019-02-01T00:25:09.295+0000: 791684.253: Total time for which application threads were stopped: 0.0074023 seconds, Stopping threads took: 0.0002141 seconds
2019-02-01T00:25:09.296+0000: 791684.254: Application time: 0.0006403 seconds
2019-02-01T00:25:09.303+0000: 791684.261: [GC (GCLocker Initiated GC) 2019-02-01T00:25:09.313+0000: 791684.271: [SoftReference, 0 refs, 0.0000568 secs]2019-02-01T00:25:09.313+0000: 791684.271: [WeakReference, 25 refs, 0.0000212 secs]2019-02-01T00:25:09.313+0000: 791684.271: [FinalReference, 391 refs, 0.0002542 secs]2019-02-01T00:25:09.313+0000: 791684.271: [PhantomReference, 0 refs, 0 refs, 0.0000123 secs]2019-02-01T00:25:09.313+0000: 791684.271: [JNI Weak Reference, 0.0000199 secs]
Desired survivor size 88080384 bytes, new threshold 1 (max 15)
[PSYoungGen: 748030K->46869K(732672K)] 1699090K->1000512K(3984896K), 0.0161964 secs] [Times: user=0.16 sys=0.01, real=0.02 secs] 
2019-02-01T00:25:09.319+0000: 791684.277: Total time for which application threads were stopped: 0.0235506 seconds, Stopping threads took: 0.0002245 seconds
2019-02-01T00:25:11.470+0000: 791686.428: Application time: 2.1504357 seconds
2019-02-01T00:25:11.478+0000: 791686.435: Total time for which application threads were stopped: 0.0076839 seconds, Stopping threads took: 0.0002718 seconds
2019-02-01T00:25:11.478+0000: 791686.436: Application time: 0.0007257 seconds
2019-02-01T00:25:11.486+0000: 791686.444: [GC (GCLocker Initiated GC) 2019-02-01T00:25:11.499+0000: 791686.457: [SoftReference, 0 refs, 0.0000605 secs]2019-02-01T00:25:11.499+0000: 791686.457: [WeakReference, 30 refs, 0.0000240 secs]2019-02-01T00:25:11.499+0000: 791686.457: [FinalReference, 342 refs, 0.0001721 secs]2019-02-01T00:25:11.499+0000: 791686.457: [PhantomReference, 0 refs, 0 refs, 0.0000104 secs]2019-02-01T00:25:11.499+0000: 791686.457: [JNI Weak Reference, 0.0000195 secs]
Desired survivor size 94371840 bytes, new threshold 1 (max 15)
[PSYoungGen: 732437K->76386K(764928K)] 1686122K->1032646K(4017152K), 0.0168229 secs] [Times: user=0.21 sys=0.01, real=0.01 secs] 
2019-02-01T00:25:11.503+0000: 791686.461: Total time for which application threads were stopped: 0.0247310 seconds, Stopping threads took: 0.0002429 seconds
2019-02-01T00:25:13.597+0000: 791688.555: Application time: 2.0940917 seconds
2019-02-01T00:25:13.606+0000: 791688.564: Total time for which application threads were stopped: 0.0091495 seconds, Stopping threads took: 0.0003179 seconds
2019-02-01T00:25:13.607+0000: 791688.565: Application time: 0.0005036 seconds
2019-02-01T00:25:13.616+0000: 791688.574: [GC (GCLocker Initiated GC) 2019-02-01T00:25:13.629+0000: 791688.587: [SoftReference, 0 refs, 0.0000556 secs]2019-02-01T00:25:13.629+0000: 791688.587: [WeakReference, 31 refs, 0.0000195 secs]2019-02-01T00:25:13.629+0000: 791688.587: [FinalReference, 365 refs, 0.0001710 secs]2019-02-01T00:25:13.629+0000: 791688.587: [PhantomReference, 0 refs, 1 refs, 0.0000104 secs]2019-02-01T00:25:13.629+0000: 791688.587: [JNI Weak Reference, 0.0000197 secs]
Desired survivor size 91226112 bytes, new threshold 1 (max 15)
[PSYoungGen: 755298K->48213K(720896K)] 1711569K->1008091K(3973120K), 0.0182420 secs] [Times: user=0.25 sys=0.01, real=0.01 secs] 
2019-02-01T00:25:13.634+0000: 791688.592: Total time for which application threads were stopped: 0.0273282 seconds, Stopping threads took: 0.0004465 seconds
2019-02-01T00:25:15.609+0000: 791690.567: Application time: 1.9750266 seconds
2019-02-01T00:25:15.617+0000: 791690.574: Total time for which application threads were stopped: 0.0074018 seconds, Stopping threads took: 0.0002056 seconds
2019-02-01T00:25:15.617+0000: 791690.575: Application time: 0.0004239 seconds
2019-02-01T00:25:15.624+0000: 791690.582: [GC (GCLocker Initiated GC) 2019-02-01T00:25:15.637+0000: 791690.594: [SoftReference, 0 refs, 0.0000479 secs]2019-02-01T00:25:15.637+0000: 791690.594: [WeakReference, 44 refs, 0.0000288 secs]2019-02-01T00:25:15.637+0000: 791690.594: [FinalReference, 364 refs, 0.0001945 secs]2019-02-01T00:25:15.637+0000: 791690.595: [PhantomReference, 0 refs, 0 refs, 0.0000144 secs]2019-02-01T00:25:15.637+0000: 791690.595: [JNI Weak Reference, 0.0000255 secs]
Desired survivor size 95944704 bytes, new threshold 1 (max 15)
[PSYoungGen: 720469K->74750K(754688K)] 1680356K->1036589K(4006912K), 0.0163645 secs] [Times: user=0.20 sys=0.01, real=0.01 secs] 
2019-02-01T00:25:15.641+0000: 791690.599: Total time for which application threads were stopped: 0.0241371 seconds, Stopping threads took: 0.0003476 seconds
2019-02-01T00:25:18.143+0000: 791693.101: Application time: 2.5016280 seconds
2019-02-01T00:25:18.152+0000: 791693.109: Total time for which application threads were stopped: 0.0088479 seconds, Stopping threads took: 0.0003745 seconds
2019-02-01T00:25:18.153+0000: 791693.111: Application time: 0.0012472 seconds
2019-02-01T00:25:18.162+0000: 791693.119: [GC (GCLocker Initiated GC) 2019-02-01T00:25:18.175+0000: 791693.133: [SoftReference, 0 refs, 0.0000689 secs]2019-02-01T00:25:18.175+0000: 791693.133: [WeakReference, 46 refs, 0.0000349 secs]2019-02-01T00:25:18.175+0000: 791693.133: [FinalReference, 421 refs, 0.0003111 secs]2019-02-01T00:25:18.175+0000: 791693.133: [PhantomReference, 0 refs, 0 refs, 0.0000199 secs]2019-02-01T00:25:18.175+0000: 791693.133: [JNI Weak Reference, 0.0000915 secs]
Desired survivor size 91750400 bytes, new threshold 1 (max 15)
[PSYoungGen: 740350K->54916K(714240K)] 1702216K->1023801K(3966464K), 0.0218083 secs] [Times: user=0.25 sys=0.01, real=0.02 secs] 
2019-02-01T00:25:18.184+0000: 791693.141: Total time for which application threads were stopped: 0.0308234 seconds, Stopping threads took: 0.0003365 seconds
2019-02-01T00:25:20.333+0000: 791695.291: Application time: 2.1496747 seconds
2019-02-01T00:25:20.342+0000: 791695.300: Total time for which application threads were stopped: 0.0083958 seconds, Stopping threads took: 0.0002550 seconds
2019-02-01T00:25:20.343+0000: 791695.300: Application time: 0.0007795 seconds
2019-02-01T00:25:20.351+0000: 791695.309: [GC (GCLocker Initiated GC) 2019-02-01T00:25:20.363+0000: 791695.321: [SoftReference, 0 refs, 0.0000516 secs]2019-02-01T00:25:20.363+0000: 791695.321: [WeakReference, 3 refs, 0.0000101 secs]2019-02-01T00:25:20.363+0000: 791695.321: [FinalReference, 353 refs, 0.0001974 secs]2019-02-01T00:25:20.363+0000: 791695.321: [PhantomReference, 0 refs, 0 refs, 0.0000121 secs]2019-02-01T00:25:20.363+0000: 791695.321: [JNI Weak Reference, 0.0000197 secs]
Desired survivor size 89128960 bytes, new threshold 1 (max 15)
[PSYoungGen: 713860K->56762K(731136K)] 1682771K->1029324K(3983360K), 0.0177758 secs] [Times: user=0.21 sys=0.00, real=0.02 secs] 
2019-02-01T00:25:20.369+0000: 791695.327: Total time for which application threads were stopped: 0.0264469 seconds, Stopping threads took: 0.0002434 seconds
2019-02-01T00:25:22.395+0000: 791697.353: Application time: 2.0263830 seconds
2019-02-01T00:25:22.404+0000: 791697.362: Total time for which application threads were stopped: 0.0087554 seconds, Stopping threads took: 0.0002397 seconds
2019-02-01T00:25:22.405+0000: 791697.363: Application time: 0.0008438 seconds
2019-02-01T00:25:22.414+0000: 791697.372: [GC (GCLocker Initiated GC) 2019-02-01T00:25:22.426+0000: 791697.384: [SoftReference, 0 refs, 0.0000537 secs]2019-02-01T00:25:22.426+0000: 791697.384: [WeakReference, 9 refs, 0.0000269 secs]2019-02-01T00:25:22.426+0000: 791697.384: [FinalReference, 319 refs, 0.0001604 secs]2019-02-01T00:25:22.426+0000: 791697.384: [PhantomReference, 0 refs, 0 refs, 0.0000097 secs]2019-02-01T00:25:22.426+0000: 791697.384: [JNI Weak Reference, 0.0000195 secs]
Desired survivor size 87556096 bytes, new threshold 1 (max 15)
[PSYoungGen: 709562K->44719K(739840K)] 1682149K->1021083K(3992064K), 0.0159841 secs] [Times: user=0.18 sys=0.00, real=0.02 secs] 
2019-02-01T00:25:22.430+0000: 791697.388: Total time for which application threads were stopped: 0.0249311 seconds, Stopping threads took: 0.0002802 seconds
2019-02-01T00:25:24.346+0000: 791699.304: Application time: 1.9165443 seconds
2019-02-01T00:25:24.357+0000: 791699.315: Total time for which application threads were stopped: 0.0107645 seconds, Stopping threads took: 0.0024896 seconds
2019-02-01T00:25:24.358+0000: 791699.316: Application time: 0.0008506 seconds
2019-02-01T00:25:24.367+0000: 791699.325: [GC (GCLocker Initiated GC) 2019-02-01T00:25:27.125+0000: 791702.083: [SoftReference, 0 refs, 0.0000471 secs]2019-02-01T00:25:27.125+0000: 791702.083: [WeakReference, 22 refs, 0.0000230 secs]2019-02-01T00:25:27.125+0000: 791702.083: [FinalReference, 342 refs, 0.0002466 secs]2019-02-01T00:25:27.126+0000: 791702.084: [PhantomReference, 0 refs, 1 refs, 0.0000153 secs]2019-02-01T00:25:27.126+0000: 791702.084: [JNI Weak Reference, 0.0000259 secs]
Desired survivor size 88604672 bytes, new threshold 1 (max 15)
[PSYoungGen: 697519K->29286K(829952K)] 1680552K->1014021K(4082176K), 2.7628259 secs] [Times: user=57.42 sys=3.05, real=2.76 secs] 
2019-02-01T00:25:27.130+0000: 791702.088: Total time for which application threads were stopped: 2.7717790 seconds, Stopping threads took: 0.0002703 seconds
2019-02-01T00:25:28.711+0000: 791703.669: Application time: 1.5815564 seconds
2019-02-01T00:25:28.724+0000: 791703.681: Total time for which application threads were stopped: 0.0121362 seconds, Stopping threads took: 0.0034306 seconds
2019-02-01T00:25:28.726+0000: 791703.684: Application time: 0.0028001 seconds
2019-02-01T00:25:28.736+0000: 791703.693: [GC (GCLocker Initiated GC) 2019-02-01T00:25:28.749+0000: 791703.707: [SoftReference, 0 refs, 0.0000731 secs]2019-02-01T00:25:28.749+0000: 791703.707: [WeakReference, 36 refs, 0.0000366 secs]2019-02-01T00:25:28.750+0000: 791703.707: [FinalReference, 400 refs, 0.0002788 secs]2019-02-01T00:25:28.750+0000: 791703.708: [PhantomReference, 0 refs, 2 refs, 0.0000215 secs]2019-02-01T00:25:28.750+0000: 791703.708: [JNI Weak Reference, 0.0000334 secs]
Desired survivor size 93847552 bytes, new threshold 1 (max 15)
[PSYoungGen: 773734K->74427K(830976K)] 1762096K->1065404K(4083200K), 0.0197870 secs] [Times: user=0.23 sys=0.00, real=0.02 secs] 
2019-02-01T00:25:28.756+0000: 791703.713: Total time for which application threads were stopped: 0.0291627 seconds, Stopping threads took: 0.0003339 seconds
2019-02-01T00:25:30.882+0000: 791705.840: Application time: 2.1262650 seconds
2019-02-01T00:25:30.891+0000: 791705.848: Total time for which application threads were stopped: 0.0088361 seconds, Stopping threads took: 0.0003645 seconds
2019-02-01T00:25:30.892+0000: 791705.850: Application time: 0.0012754 seconds
2019-02-01T00:25:30.901+0000: 791705.859: [GC (GCLocker Initiated GC) 2019-02-01T00:25:32.837+0000: 791707.794: [SoftReference, 0 refs, 0.0000568 secs]2019-02-01T00:25:32.837+0000: 791707.795: [WeakReference, 14 refs, 0.0000192 secs]2019-02-01T00:25:32.837+0000: 791707.795: [FinalReference, 425 refs, 0.0002689 secs]2019-02-01T00:25:32.837+0000: 791707.795: [PhantomReference, 0 refs, 0 refs, 0.0000103 secs]2019-02-01T00:25:32.837+0000: 791707.795: [JNI Weak Reference, 0.0000200 secs]
Desired survivor size 94371840 bytes, new threshold 1 (max 15)
[PSYoungGen: 818875K->64680K(980992K)] 1809895K->1062058K(4233216K), 1.9396753 secs] [Times: user=36.36 sys=6.16, real=1.94 secs] 
2019-02-01T00:25:32.841+0000: 791707.799: Total time for which application threads were stopped: 1.9490343 seconds, Stopping threads took: 0.0004554 seconds
2019-02-01T00:25:35.070+0000: 791710.028: Application time: 2.2293301 seconds
2019-02-01T00:25:36.554+0000: 791711.512: Total time for which application threads were stopped: 1.4837792 seconds, Stopping threads took: 1.4767990 seconds
2019-02-01T00:25:36.561+0000: 791711.519: Application time: 0.0068256 seconds
2019-02-01T00:25:36.569+0000: 791711.526: [GC (GCLocker Initiated GC) 2019-02-01T00:25:40.112+0000: 791715.070: [SoftReference, 0 refs, 0.0000587 secs]2019-02-01T00:25:40.112+0000: 791715.070: [WeakReference, 39 refs, 0.0000330 secs]2019-02-01T00:25:40.112+0000: 791715.070: [FinalReference, 438 refs, 0.0002607 secs]2019-02-01T00:25:40.112+0000: 791715.070: [PhantomReference, 0 refs, 1 refs, 0.0000126 secs]2019-02-01T00:25:40.112+0000: 791715.070: [JNI Weak Reference, 0.0000212 secs]
Desired survivor size 91750400 bytes, new threshold 1 (max 15)
[PSYoungGen: 954024K->58813K(981504K)] 1970875K->1081211K(4233728K), 3.5473737 secs] [Times: user=34.71 sys=43.80, real=3.54 secs] 
2019-02-01T00:25:40.116+0000: 791715.074: Total time for which application threads were stopped: 3.5553231 seconds, Stopping threads took: 0.0004741 seconds
2019-02-01T00:25:40.367+0000: 791715.325: Application time: 0.2505979 seconds
2019-02-01T00:25:40.374+0000: 791715.332: Total time for which application threads were stopped: 0.0075184 seconds, Stopping threads took: 0.0001054 seconds
2019-02-01T00:25:42.515+0000: 791717.473: Application time: 2.1404259 seconds
2019-02-01T00:25:42.528+0000: 791717.486: Total time for which application threads were stopped: 0.0130276 seconds, Stopping threads took: 0.0044891 seconds
2019-02-01T00:25:42.528+0000: 791717.486: Application time: 0.0001388 seconds
2019-02-01T00:25:42.537+0000: 791717.494: Total time for which application threads were stopped: 0.0085849 seconds, Stopping threads took: 0.0002836 seconds
2019-02-01T00:25:42.537+0000: 791717.495: Application time: 0.0006662 seconds
2019-02-01T00:25:42.546+0000: 791717.504: [GC (GCLocker Initiated GC) 2019-02-01T00:25:45.381+0000: 791720.339: [SoftReference, 0 refs, 0.0000509 secs]2019-02-01T00:25:45.381+0000: 791720.339: [WeakReference, 47 refs, 0.0000366 secs]2019-02-01T00:25:45.381+0000: 791720.339: [FinalReference, 516 refs, 0.0003029 secs]2019-02-01T00:25:45.382+0000: 791720.339: [PhantomReference, 0 refs, 3 refs, 0.0000122 secs]2019-02-01T00:25:45.382+0000: 791720.339: [JNI Weak Reference, 0.0000199 secs]
Desired survivor size 89653248 bytes, new threshold 1 (max 15)
[PSYoungGen: 948157K->48732K(1152512K)] 1970573K->1083126K(4404736K), 2.8386614 secs] [Times: user=30.90 sys=31.13, real=2.84 secs] 
2019-02-01T00:25:45.385+0000: 791720.343: Total time for which application threads were stopped: 2.8477945 seconds, Stopping threads took: 0.0004837 seconds
2019-02-01T00:25:47.900+0000: 791722.858: Application time: 2.5149896 seconds
2019-02-01T00:25:48.943+0000: 791723.901: Total time for which application threads were stopped: 1.0433604 seconds, Stopping threads took: 1.0342265 seconds
2019-02-01T00:25:48.953+0000: 791723.911: Application time: 0.0098343 seconds
2019-02-01T00:25:48.964+0000: 791723.922: [GC (Allocation Failure) 2019-02-01T00:25:51.633+0000: 791726.591: [SoftReference, 0 refs, 0.0000643 secs]2019-02-01T00:25:51.633+0000: 791726.591: [WeakReference, 18 refs, 0.0000213 secs]2019-02-01T00:25:51.633+0000: 791726.591: [FinalReference, 600 refs, 0.0003674 secs]2019-02-01T00:25:51.633+0000: 791726.591: [PhantomReference, 0 refs, 2 refs, 0.0000171 secs]2019-02-01T00:25:51.633+0000: 791726.591: [JNI Weak Reference, 0.0000205 secs]
Desired survivor size 95420416 bytes, new threshold 1 (max 15)
[PSYoungGen: 1115228K->78662K(1154048K)] 2158090K->1127806K(4406272K), 2.6732784 secs] [Times: user=31.49 sys=27.14, real=2.67 secs] 
2019-02-01T00:25:51.637+0000: 791726.595: Total time for which application threads were stopped: 2.6840040 seconds, Stopping threads took: 0.0007844 seconds
2019-02-01T00:25:51.637+0000: 791726.595: Application time: 0.0001859 seconds
2019-02-01T00:25:51.645+0000: 791726.603: [GC (GCLocker Initiated GC) 2019-02-01T00:25:52.887+0000: 791727.845: [SoftReference, 0 refs, 0.0000685 secs]2019-02-01T00:25:52.887+0000: 791727.845: [WeakReference, 0 refs, 0.0000083 secs]2019-02-01T00:25:52.887+0000: 791727.845: [FinalReference, 0 refs, 0.0000079 secs]2019-02-01T00:25:52.887+0000: 791727.845: [PhantomReference, 0 refs, 0 refs, 0.0000098 secs]2019-02-01T00:25:52.888+0000: 791727.845: [JNI Weak Reference, 0.0000198 secs]
Desired survivor size 101711872 bytes, new threshold 1 (max 15)
[PSYoungGen: 79333K->160K(1365504K)] 1128478K->1117640K(4617728K), 1.2465620 secs] [Times: user=24.68 sys=2.59, real=1.25 secs] 
2019-02-01T00:25:52.892+0000: 791727.849: Total time for which application threads were stopped: 1.2542080 seconds, Stopping threads took: 0.0002110 seconds
2019-02-01T00:25:55.880+0000: 791730.838: Application time: 2.9883054 seconds
2019-02-01T00:25:55.889+0000: 791730.847: Total time for which application threads were stopped: 0.0088758 seconds, Stopping threads took: 0.0006414 seconds
2019-02-01T00:25:55.890+0000: 791730.848: Application time: 0.0009817 seconds
2019-02-01T00:25:55.899+0000: 791730.857: [GC (GCLocker Initiated GC) 2019-02-01T00:25:57.791+0000: 791732.749: [SoftReference, 0 refs, 0.0000465 secs]2019-02-01T00:25:57.791+0000: 791732.749: [WeakReference, 51 refs, 0.0000323 secs]2019-02-01T00:25:57.791+0000: 791732.749: [FinalReference, 653 refs, 0.0003663 secs]2019-02-01T00:25:57.792+0000: 791732.749: [PhantomReference, 0 refs, 0 refs, 0.0000103 secs]2019-02-01T00:25:57.792+0000: 791732.749: [JNI Weak Reference, 0.0000244 secs]
Desired survivor size 100663296 bytes, new threshold 1 (max 15)
[PSYoungGen: 1270877K->61632K(1371648K)] 2391679K->1182442K(4623872K), 1.8964806 secs] [Times: user=32.45 sys=9.36, real=1.90 secs] 
2019-02-01T00:25:57.796+0000: 791732.754: Total time for which application threads were stopped: 1.9059321 seconds, Stopping threads took: 0.0006229 seconds
2019-02-01T00:26:00.911+0000: 791735.869: Application time: 3.1155373 seconds
2019-02-01T00:26:00.920+0000: 791735.878: Total time for which application threads were stopped: 0.0087713 seconds, Stopping threads took: 0.0003358 seconds
2019-02-01T00:26:00.921+0000: 791735.879: Application time: 0.0008513 seconds
2019-02-01T00:26:00.930+0000: 791735.888: [GC (GCLocker Initiated GC) 2019-02-01T00:26:04.275+0000: 791739.233: [SoftReference, 0 refs, 0.0000638 secs]2019-02-01T00:26:04.275+0000: 791739.233: [WeakReference, 11 refs, 0.0000188 secs]2019-02-01T00:26:04.275+0000: 791739.233: [FinalReference, 748 refs, 0.0004812 secs]2019-02-01T00:26:04.275+0000: 791739.233: [PhantomReference, 0 refs, 0 refs, 0.0000109 secs]2019-02-01T00:26:04.275+0000: 791739.233: [JNI Weak Reference, 0.0000205 secs]
Desired survivor size 100139008 bytes, new threshold 1 (max 15)
[PSYoungGen: 1333952K->28765K(1623552K)] 2458096K->1168049K(4875776K), 3.3491234 secs] [Times: user=34.68 sys=39.63, real=3.35 secs] 
2019-02-01T00:26:04.279+0000: 791739.237: Total time for which application threads were stopped: 3.3582366 seconds, Stopping threads took: 0.0002620 seconds
2019-02-01T00:26:10.204+0000: 791745.161: Application time: 5.9244176 seconds
2019-02-01T00:26:12.787+0000: 791747.745: [GC (Allocation Failure) 2019-02-01T00:26:16.724+0000: 791751.681: [SoftReference, 0 refs, 0.0000502 secs]2019-02-01T00:26:16.724+0000: 791751.682: [WeakReference, 34 refs, 0.0000285 secs]2019-02-01T00:26:16.724+0000: 791751.682: [FinalReference, 927 refs, 0.0005304 secs]2019-02-01T00:26:16.724+0000: 791751.682: [PhantomReference, 0 refs, 0 refs, 0.0000103 secs]2019-02-01T00:26:16.724+0000: 791751.682: [JNI Weak Reference, 0.0000202 secs]
Desired survivor size 103284736 bytes, new threshold 1 (max 15)
[PSYoungGen: 1554525K->71216K(1623552K)] 2693813K->1214598K(4875776K), 3.9412779 secs] [Times: user=52.17 sys=34.33, real=3.94 secs] 
2019-02-01T00:26:16.728+0000: 791751.686: Total time for which application threads were stopped: 6.5246635 seconds, Stopping threads took: 2.5745197 seconds
2019-02-01T00:26:20.368+0000: 791755.325: Application time: 3.6393188 seconds
2019-02-01T00:26:20.376+0000: 791755.334: Total time for which application threads were stopped: 0.0084163 seconds, Stopping threads took: 0.0002357 seconds
2019-02-01T00:26:20.377+0000: 791755.334: Application time: 0.0005019 seconds
2019-02-01T00:26:20.385+0000: 791755.343: [GC (GCLocker Initiated GC) 2019-02-01T00:26:23.929+0000: 791758.887: [SoftReference, 0 refs, 0.0000536 secs]2019-02-01T00:26:23.929+0000: 791758.887: [WeakReference, 3 refs, 0.0000120 secs]2019-02-01T00:26:23.930+0000: 791758.887: [FinalReference, 956 refs, 0.0037401 secs]2019-02-01T00:26:23.933+0000: 791758.891: [PhantomReference, 0 refs, 0 refs, 0.0000154 secs]2019-02-01T00:26:23.933+0000: 791758.891: [JNI Weak Reference, 0.0000210 secs]
Desired survivor size 99090432 bytes, new threshold 1 (max 15)
[PSYoungGen: 1596976K->46674K(1819136K)] 2740364K->1194209K(5071360K), 3.5518461 secs] [Times: user=44.42 sys=21.76, real=3.55 secs] 
2019-02-01T00:26:23.937+0000: 791758.895: Total time for which application threads were stopped: 3.5606138 seconds, Stopping threads took: 0.0004092 seconds
2019-02-01T00:26:31.732+0000: 791766.690: Application time: 7.7952287 seconds
2019-02-01T00:26:33.761+0000: 791768.719: Total time for which application threads were stopped: 2.0290991 seconds, Stopping threads took: 2.0203811 seconds
2019-02-01T00:26:33.767+0000: 791768.725: Application time: 0.0055808 seconds
2019-02-01T00:26:33.779+0000: 791768.737: [GC (GCLocker Initiated GC) 2019-02-01T00:26:35.386+0000: 791770.344: [SoftReference, 0 refs, 0.0000557 secs]2019-02-01T00:26:35.386+0000: 791770.344: [WeakReference, 116 refs, 0.0000620 secs]2019-02-01T00:26:35.386+0000: 791770.344: [FinalReference, 969 refs, 0.0005304 secs]2019-02-01T00:26:35.387+0000: 791770.345: [PhantomReference, 0 refs, 1 refs, 0.0000108 secs]2019-02-01T00:26:35.387+0000: 791770.345: [JNI Weak Reference, 0.0000205 secs]
Desired survivor size 103284736 bytes, new threshold 1 (max 15)
[PSYoungGen: 1770066K->75141K(1820160K)] 2934983K->1263350K(5072384K), 1.6113712 secs] [Times: user=23.63 sys=11.61, real=1.61 secs] 
2019-02-01T00:26:35.390+0000: 791770.348: Total time for which application threads were stopped: 1.6232903 seconds, Stopping threads took: 0.0027358 seconds
2019-02-01T00:26:40.368+0000: 791775.326: Application time: 4.9778636 seconds
2019-02-01T00:26:40.377+0000: 791775.335: Total time for which application threads were stopped: 0.0085912 seconds, Stopping threads took: 0.0002699 seconds
2019-02-01T00:26:42.742+0000: 791777.700: Application time: 2.3651596 seconds
2019-02-01T00:26:42.750+0000: 791777.708: Total time for which application threads were stopped: 0.0081879 seconds, Stopping threads took: 0.0002441 seconds
2019-02-01T00:26:42.751+0000: 791777.708: Application time: 0.0004425 seconds
2019-02-01T00:26:42.759+0000: 791777.717: [GC (GCLocker Initiated GC) 2019-02-01T00:26:42.773+0000: 791777.730: [SoftReference, 0 refs, 0.0000728 secs]2019-02-01T00:26:42.773+0000: 791777.730: [WeakReference, 5 refs, 0.0000219 secs]2019-02-01T00:26:42.773+0000: 791777.731: [FinalReference, 948 refs, 0.0008246 secs]2019-02-01T00:26:42.774+0000: 791777.731: [PhantomReference, 0 refs, 0 refs, 0.0000342 secs]2019-02-01T00:26:42.774+0000: 791777.731: [JNI Weak Reference, 0.0000437 secs]
Desired survivor size 101187584 bytes, new threshold 1 (max 15)
[PSYoungGen: 1798533K->38255K(1823232K)] 2986749K->1229748K(5075456K), 0.0196496 secs] [Times: user=0.23 sys=0.01, real=0.02 secs] 
2019-02-01T00:26:42.779+0000: 791777.737: Total time for which application threads were stopped: 0.0281172 seconds, Stopping threads took: 0.0001564 seconds
2019-02-01T00:26:49.968+0000: 791784.926: Application time: 7.1894792 seconds
2019-02-01T00:26:49.977+0000: 791784.935: [GC (Allocation Failure) 2019-02-01T00:26:49.988+0000: 791784.946: [SoftReference, 0 refs, 0.0000717 secs]2019-02-01T00:26:49.988+0000: 791784.946: [WeakReference, 7 refs, 0.0000223 secs]2019-02-01T00:26:49.988+0000: 791784.946: [FinalReference, 834 refs, 0.0006878 secs]2019-02-01T00:26:49.989+0000: 791784.946: [PhantomReference, 0 refs, 0 refs, 0.0000190 secs]2019-02-01T00:26:49.989+0000: 791784.946: [JNI Weak Reference, 0.0000577 secs]
Desired survivor size 100139008 bytes, new threshold 1 (max 15)
[PSYoungGen: 1760623K->31158K(1753600K)] 2959793K->1234153K(5005824K), 0.0168521 secs] [Times: user=0.20 sys=0.01, real=0.02 secs] 
2019-02-01T00:26:49.994+0000: 791784.952: Total time for which application threads were stopped: 0.0255842 seconds, Stopping threads took: 0.0003451 seconds
2019-02-01T00:26:57.351+0000: 791792.309: Application time: 7.3573001 seconds
2019-02-01T00:26:57.359+0000: 791792.317: Total time for which application threads were stopped: 0.0080732 seconds, Stopping threads took: 0.0002647 seconds
2019-02-01T00:26:57.359+0000: 791792.317: Application time: 0.0002176 seconds
2019-02-01T00:26:57.368+0000: 791792.326: [GC (GCLocker Initiated GC) 2019-02-01T00:26:59.091+0000: 791794.049: [SoftReference, 0 refs, 0.0000574 secs]2019-02-01T00:26:59.091+0000: 791794.049: [WeakReference, 66 refs, 0.0000370 secs]2019-02-01T00:26:59.091+0000: 791794.049: [FinalReference, 937 refs, 0.0005737 secs]2019-02-01T00:26:59.092+0000: 791794.049: [PhantomReference, 0 refs, 0 refs, 0.0000115 secs]2019-02-01T00:26:59.092+0000: 791794.049: [JNI Weak Reference, 0.0000220 secs]
Desired survivor size 99090432 bytes, new threshold 1 (max 15)
[PSYoungGen: 1753526K->59823K(1821184K)] 2956529K->1264681K(5073408K), 1.7272052 secs] [Times: user=22.23 sys=15.55, real=1.73 secs] 
2019-02-01T00:26:59.095+0000: 791794.053: Total time for which application threads were stopped: 1.7358541 seconds, Stopping threads took: 0.0003197 seconds
2019-02-01T00:27:05.951+0000: 791800.908: Application time: 6.8553377 seconds
2019-02-01T00:27:05.960+0000: 791800.918: Total time for which application threads were stopped: 0.0096802 seconds, Stopping threads took: 0.0015174 seconds
2019-02-01T00:27:05.961+0000: 791800.919: Application time: 0.0010781 seconds
2019-02-01T00:27:05.970+0000: 791800.928: [GC (GCLocker Initiated GC) 2019-02-01T00:27:05.982+0000: 791800.940: [SoftReference, 0 refs, 0.0000487 secs]2019-02-01T00:27:05.982+0000: 791800.940: [WeakReference, 9 refs, 0.0000141 secs]2019-02-01T00:27:05.982+0000: 791800.940: [FinalReference, 957 refs, 0.0005237 secs]2019-02-01T00:27:05.983+0000: 791800.941: [PhantomReference, 0 refs, 1 refs, 0.0000129 secs]2019-02-01T00:27:05.983+0000: 791800.941: [JNI Weak Reference, 0.0000219 secs]
Desired survivor size 95420416 bytes, new threshold 1 (max 15)
[PSYoungGen: 1783215K->45663K(1820160K)] 2991431K->1256652K(5072384K), 0.0158768 secs] [Times: user=0.23 sys=0.00, real=0.02 secs] 
2019-02-01T00:27:05.986+0000: 791800.944: Total time for which application threads were stopped: 0.0249736 seconds, Stopping threads took: 0.0003165 seconds
2019-02-01T00:27:13.803+0000: 791808.761: Application time: 7.8165162 seconds
2019-02-01T00:27:13.811+0000: 791808.769: Total time for which application threads were stopped: 0.0086224 seconds, Stopping threads took: 0.0002735 seconds
2019-02-01T00:27:13.812+0000: 791808.770: Application time: 0.0004552 seconds
2019-02-01T00:27:13.820+0000: 791808.778: [GC (GCLocker Initiated GC) 2019-02-01T00:27:13.835+0000: 791808.793: [SoftReference, 0 refs, 0.0000572 secs]2019-02-01T00:27:13.835+0000: 791808.793: [WeakReference, 13 refs, 0.0000158 secs]2019-02-01T00:27:13.835+0000: 791808.793: [FinalReference, 917 refs, 0.0004911 secs]2019-02-01T00:27:13.836+0000: 791808.794: [PhantomReference, 0 refs, 0 refs, 0.0000104 secs]2019-02-01T00:27:13.836+0000: 791808.794: [JNI Weak Reference, 0.0000192 secs]
Desired survivor size 91750400 bytes, new threshold 1 (max 15)
[PSYoungGen: 1769055K->47132K(1821696K)] 2980102K->1269366K(5073920K), 0.0186678 secs] [Times: user=0.27 sys=0.01, real=0.02 secs] 
2019-02-01T00:27:13.839+0000: 791808.797: Total time for which application threads were stopped: 0.0273741 seconds, Stopping threads took: 0.0002251 seconds
2019-02-01T00:27:20.479+0000: 791815.436: Application time: 6.6393176 seconds
2019-02-01T00:27:20.487+0000: 791815.445: Total time for which application threads were stopped: 0.0085985 seconds, Stopping threads took: 0.0002552 seconds
2019-02-01T00:27:20.488+0000: 791815.446: Application time: 0.0004999 seconds
2019-02-01T00:27:20.497+0000: 791815.455: [GC (GCLocker Initiated GC) 2019-02-01T00:27:20.508+0000: 791815.466: [SoftReference, 0 refs, 0.0000767 secs]2019-02-01T00:27:20.508+0000: 791815.466: [WeakReference, 3 refs, 0.0000191 secs]2019-02-01T00:27:20.509+0000: 791815.466: [FinalReference, 788 refs, 0.0005788 secs]2019-02-01T00:27:20.509+0000: 791815.467: [PhantomReference, 0 refs, 1 refs, 0.0000202 secs]2019-02-01T00:27:20.509+0000: 791815.467: [JNI Weak Reference, 0.0000327 secs]
Desired survivor size 90701824 bytes, new threshold 1 (max 15)
[PSYoungGen: 1778204K->33705K(1820672K)] 3007096K->1265468K(5072896K), 0.0176925 secs] [Times: user=0.17 sys=0.01, real=0.02 secs] 
2019-02-01T00:27:20.515+0000: 791815.473: Total time for which application threads were stopped: 0.0269543 seconds, Stopping threads took: 0.0004477 seconds
2019-02-01T00:27:28.077+0000: 791823.035: Application time: 7.5626213 seconds
2019-02-01T00:27:28.086+0000: 791823.044: Total time for which application threads were stopped: 0.0084622 seconds, Stopping threads took: 0.0003063 seconds
2019-02-01T00:27:28.087+0000: 791823.045: Application time: 0.0010460 seconds
2019-02-01T00:27:28.095+0000: 791823.053: [GC (GCLocker Initiated GC) 2019-02-01T00:27:28.106+0000: 791823.063: [SoftReference, 0 refs, 0.0000763 secs]2019-02-01T00:27:28.106+0000: 791823.063: [WeakReference, 1 refs, 0.0000331 secs]2019-02-01T00:27:28.106+0000: 791823.063: [FinalReference, 830 refs, 0.0006709 secs]2019-02-01T00:27:28.106+0000: 791823.064: [PhantomReference, 0 refs, 0 refs, 0.0000190 secs]2019-02-01T00:27:28.106+0000: 791823.064: [JNI Weak Reference, 0.0000329 secs]
Desired survivor size 90177536 bytes, new threshold 1 (max 15)
[PSYoungGen: 1764777K->26371K(1830912K)] 2999963K->1264396K(5083136K), 0.0159412 secs] [Times: user=0.19 sys=0.00, real=0.01 secs] 
2019-02-01T00:27:28.112+0000: 791823.070: Total time for which application threads were stopped: 0.0248311 seconds, Stopping threads took: 0.0002488 seconds
2019-02-01T00:27:35.370+0000: 791830.328: Application time: 7.2587519 seconds
2019-02-01T00:27:35.379+0000: 791830.337: Total time for which application threads were stopped: 0.0086361 seconds, Stopping threads took: 0.0003270 seconds
2019-02-01T00:27:35.380+0000: 791830.338: Application time: 0.0009273 seconds
2019-02-01T00:27:35.389+0000: 791830.346: [GC (GCLocker Initiated GC) 2019-02-01T00:27:35.399+0000: 791830.357: [SoftReference, 0 refs, 0.0000515 secs]2019-02-01T00:27:35.399+0000: 791830.357: [WeakReference, 13 refs, 0.0000154 secs]2019-02-01T00:27:35.399+0000: 791830.357: [FinalReference, 820 refs, 0.0004719 secs]2019-02-01T00:27:35.399+0000: 791830.357: [PhantomReference, 0 refs, 1 refs, 0.0000108 secs]2019-02-01T00:27:35.399+0000: 791830.357: [JNI Weak Reference, 0.0000197 secs]
Desired survivor size 87556096 bytes, new threshold 1 (max 15)
[PSYoungGen: 1768707K->36996K(1830400K)] 3007307K->1279433K(5082624K), 0.0139774 secs] [Times: user=0.16 sys=0.01, real=0.01 secs] 
2019-02-01T00:27:35.403+0000: 791830.361: Total time for which application threads were stopped: 0.0226810 seconds, Stopping threads took: 0.0003507 seconds
2019-02-01T00:27:40.369+0000: 791835.327: Application time: 4.9659752 seconds
2019-02-01T00:27:40.377+0000: 791835.335: Total time for which application threads were stopped: 0.0087140 seconds, Stopping threads took: 0.0002947 seconds
2019-02-01T00:27:43.658+0000: 791838.616: Application time: 3.2803806 seconds
2019-02-01T00:27:43.678+0000: 791838.636: Total time for which application threads were stopped: 0.0199208 seconds, Stopping threads took: 0.0008820 seconds
2019-02-01T00:27:43.679+0000: 791838.637: Application time: 0.0010195 seconds
2019-02-01T00:27:43.687+0000: 791838.645: [GC (GCLocker Initiated GC) 2019-02-01T00:27:43.698+0000: 791838.655: [SoftReference, 0 refs, 0.0000553 secs]2019-02-01T00:27:43.698+0000: 791838.655: [WeakReference, 62 refs, 0.0000465 secs]2019-02-01T00:27:43.698+0000: 791838.656: [FinalReference, 1048 refs, 0.0005759 secs]2019-02-01T00:27:43.698+0000: 791838.656: [PhantomReference, 0 refs, 0 refs, 0.0000267 secs]2019-02-01T00:27:43.698+0000: 791838.656: [JNI Weak Reference, 0.0000199 secs]
Desired survivor size 84934656 bytes, new threshold 1 (max 15)
[PSYoungGen: 1779332K->37419K(1831424K)] 3021795K->1281936K(5083648K), 0.0153885 secs] [Times: user=0.19 sys=0.00, real=0.01 secs] 
2019-02-01T00:27:43.702+0000: 791838.660: Total time for which application threads were stopped: 0.0235840 seconds, Stopping threads took: 0.0002418 seconds
2019-02-01T00:27:50.510+0000: 791845.467: Application time: 6.8071139 seconds
2019-02-01T00:27:50.519+0000: 791845.477: Total time for which application threads were stopped: 0.0096469 seconds, Stopping threads took: 0.0007771 seconds
2019-02-01T00:27:50.520+0000: 791845.478: Application time: 0.0008785 seconds
2019-02-01T00:27:50.533+0000: 791845.491: [GC (GCLocker Initiated GC) 2019-02-01T00:27:50.550+0000: 791845.508: [SoftReference, 0 refs, 0.0000715 secs]2019-02-01T00:27:50.550+0000: 791845.508: [WeakReference, 37 refs, 0.0000385 secs]2019-02-01T00:27:50.550+0000: 791845.508: [FinalReference, 873 refs, 0.0007594 secs]2019-02-01T00:27:50.551+0000: 791845.509: [PhantomReference, 0 refs, 0 refs, 0.0000206 secs]2019-02-01T00:27:50.551+0000: 791845.509: [JNI Weak Reference, 0.0000331 secs]
Desired survivor size 87031808 bytes, new threshold 1 (max 15)
[PSYoungGen: 1785387K->60677K(1830912K)] 3040488K->1318403K(5083136K), 0.0230231 secs] [Times: user=0.28 sys=0.02, real=0.02 secs] 
2019-02-01T00:27:50.556+0000: 791845.514: Total time for which application threads were stopped: 0.0361024 seconds, Stopping threads took: 0.0043154 seconds
2019-02-01T00:27:56.720+0000: 791851.678: Application time: 6.1641219 seconds
2019-02-01T00:27:56.729+0000: 791851.687: Total time for which application threads were stopped: 0.0087593 seconds, Stopping threads took: 0.0002811 seconds
2019-02-01T00:27:56.730+0000: 791851.688: Application time: 0.0007061 seconds
2019-02-01T00:27:56.739+0000: 791851.697: [GC (GCLocker Initiated GC) 2019-02-01T00:27:56.755+0000: 791851.713: [SoftReference, 0 refs, 0.0000545 secs]2019-02-01T00:27:56.755+0000: 791851.713: [WeakReference, 50 refs, 0.0000288 secs]2019-02-01T00:27:56.755+0000: 791851.713: [FinalReference, 961 refs, 0.0005393 secs]2019-02-01T00:27:56.756+0000: 791851.713: [PhantomReference, 0 refs, 0 refs, 0.0000109 secs]2019-02-01T00:27:56.756+0000: 791851.713: [JNI Weak Reference, 0.0000199 secs]
Desired survivor size 85458944 bytes, new threshold 1 (max 15)
[PSYoungGen: 1808645K->51494K(1837568K)] 3071094K->1316814K(5089792K), 0.0202155 secs] [Times: user=0.27 sys=0.03, real=0.02 secs] 
2019-02-01T00:27:56.759+0000: 791851.717: Total time for which application threads were stopped: 0.0294397 seconds, Stopping threads took: 0.0002462 seconds
2019-02-01T00:28:02.919+0000: 791857.877: Application time: 6.1600809 seconds
2019-02-01T00:28:02.929+0000: 791857.886: Total time for which application threads were stopped: 0.0092792 seconds, Stopping threads took: 0.0005329 seconds
2019-02-01T00:28:02.929+0000: 791857.887: Application time: 0.0007240 seconds
2019-02-01T00:28:02.939+0000: 791857.897: [GC (GCLocker Initiated GC) 2019-02-01T00:28:02.953+0000: 791857.911: [SoftReference, 0 refs, 0.0000573 secs]2019-02-01T00:28:02.953+0000: 791857.911: [WeakReference, 38 refs, 0.0000235 secs]2019-02-01T00:28:02.953+0000: 791857.911: [FinalReference, 944 refs, 0.0006041 secs]2019-02-01T00:28:02.953+0000: 791857.911: [PhantomReference, 0 refs, 1 refs, 0.0000131 secs]2019-02-01T00:28:02.953+0000: 791857.911: [JNI Weak Reference, 0.0000197 secs]
Desired survivor size 85458944 bytes, new threshold 1 (max 15)
[PSYoungGen: 1805094K->56806K(1837056K)] 3073741K->1329110K(5089280K), 0.0179749 secs] [Times: user=0.20 sys=0.01, real=0.02 secs] 
2019-02-01T00:28:02.957+0000: 791857.915: Total time for which application threads were stopped: 0.0276292 seconds, Stopping threads took: 0.0007248 seconds
2019-02-01T00:28:08.935+0000: 791863.893: Application time: 5.9780095 seconds
2019-02-01T00:28:08.944+0000: 791863.902: Total time for which application threads were stopped: 0.0089038 seconds, Stopping threads took: 0.0003001 seconds
2019-02-01T00:28:08.944+0000: 791863.902: Application time: 0.0002567 seconds
2019-02-01T00:28:08.952+0000: 791863.910: Total time for which application threads were stopped: 0.0080015 seconds, Stopping threads took: 0.0003395 seconds
2019-02-01T00:28:08.953+0000: 791863.911: Application time: 0.0008563 seconds
2019-02-01T00:28:08.960+0000: 791863.918: [GC (GCLocker Initiated GC) 2019-02-01T00:28:08.976+0000: 791863.934: [SoftReference, 0 refs, 0.0000535 secs]2019-02-01T00:28:08.976+0000: 791863.934: [WeakReference, 50 refs, 0.0000271 secs]2019-02-01T00:28:08.976+0000: 791863.934: [FinalReference, 871 refs, 0.0005307 secs]2019-02-01T00:28:08.977+0000: 791863.934: [PhantomReference, 0 refs, 0 refs, 0.0000123 secs]2019-02-01T00:28:08.977+0000: 791863.934: [JNI Weak Reference, 0.0000205 secs]
Desired survivor size 90701824 bytes, new threshold 1 (max 15)
[PSYoungGen: 1810406K->71848K(1828352K)] 3082756K->1348512K(5080576K), 0.0198083 secs] [Times: user=0.28 sys=0.04, real=0.02 secs] 
2019-02-01T00:28:08.980+0000: 791863.938: Total time for which application threads were stopped: 0.0270591 seconds, Stopping threads took: 0.0001909 seconds
2019-02-01T00:28:14.672+0000: 791869.629: Application time: 5.6915115 seconds
2019-02-01T00:28:14.680+0000: 791869.638: Total time for which application threads were stopped: 0.0086073 seconds, Stopping threads took: 0.0001711 seconds
2019-02-01T00:28:14.681+0000: 791869.639: Application time: 0.0010664 seconds
2019-02-01T00:28:14.690+0000: 791869.648: [GC (GCLocker Initiated GC) 2019-02-01T00:28:14.702+0000: 791869.659: [SoftReference, 0 refs, 0.0000548 secs]2019-02-01T00:28:14.702+0000: 791869.659: [WeakReference, 22 refs, 0.0000218 secs]2019-02-01T00:28:14.702+0000: 791869.660: [FinalReference, 875 refs, 0.0004369 secs]2019-02-01T00:28:14.702+0000: 791869.660: [PhantomReference, 0 refs, 0 refs, 0.0000102 secs]2019-02-01T00:28:14.702+0000: 791869.660: [JNI Weak Reference, 0.0000197 secs]
Desired survivor size 90177536 bytes, new threshold 1 (max 15)
[PSYoungGen: 1816744K->58628K(1833472K)] 3096797K->1341628K(5085696K), 0.0153481 secs] [Times: user=0.19 sys=0.00, real=0.02 secs] 
2019-02-01T00:28:14.706+0000: 791869.663: Total time for which application threads were stopped: 0.0242861 seconds, Stopping threads took: 0.0001577 seconds
2019-02-01T00:28:21.162+0000: 791876.120: Application time: 6.4564695 seconds
2019-02-01T00:28:21.171+0000: 791876.129: Total time for which application threads were stopped: 0.0088067 seconds, Stopping threads took: 0.0002990 seconds
2019-02-01T00:28:21.172+0000: 791876.130: Application time: 0.0009500 seconds
2019-02-01T00:28:21.181+0000: 791876.138: [GC (GCLocker Initiated GC) 2019-02-01T00:28:21.193+0000: 791876.150: [SoftReference, 0 refs, 0.0000547 secs]2019-02-01T00:28:21.193+0000: 791876.150: [WeakReference, 18 refs, 0.0000216 secs]2019-02-01T00:28:21.193+0000: 791876.150: [FinalReference, 971 refs, 0.0004486 secs]2019-02-01T00:28:21.193+0000: 791876.151: [PhantomReference, 0 refs, 0 refs, 0.0000100 secs]2019-02-01T00:28:21.193+0000: 791876.151: [JNI Weak Reference, 0.0000195 secs]
Desired survivor size 86507520 bytes, new threshold 1 (max 15)
[PSYoungGen: 1803524K->49050K(1825792K)] 3086544K->1335490K(5078016K), 0.0157607 secs] [Times: user=0.19 sys=0.00, real=0.02 secs] 
2019-02-01T00:28:21.197+0000: 791876.154: Total time for which application threads were stopped: 0.0247808 seconds, Stopping threads took: 0.0003523 seconds
2019-02-01T00:28:28.018+0000: 791882.976: Application time: 6.8213890 seconds
2019-02-01T00:28:28.028+0000: 791882.986: Total time for which application threads were stopped: 0.0102349 seconds, Stopping threads took: 0.0018687 seconds
2019-02-01T00:28:28.029+0000: 791882.987: Application time: 0.0009239 seconds
2019-02-01T00:28:28.038+0000: 791882.996: [GC (GCLocker Initiated GC) 2019-02-01T00:28:28.049+0000: 791883.007: [SoftReference, 0 refs, 0.0000571 secs]2019-02-01T00:28:28.049+0000: 791883.007: [WeakReference, 51 refs, 0.0000310 secs]2019-02-01T00:28:28.049+0000: 791883.007: [FinalReference, 966 refs, 0.0004636 secs]2019-02-01T00:28:28.049+0000: 791883.007: [PhantomReference, 0 refs, 1 refs, 0.0000109 secs]2019-02-01T00:28:28.049+0000: 791883.007: [JNI Weak Reference, 0.0000188 secs]
Desired survivor size 86507520 bytes, new threshold 1 (max 15)
[PSYoungGen: 1794458K->31883K(1829888K)] 3081467K->1321869K(5082112K), 0.0148272 secs] [Times: user=0.18 sys=0.01, real=0.01 secs] 
2019-02-01T00:28:28.053+0000: 791883.011: Total time for which application threads were stopped: 0.0236812 seconds, Stopping threads took: 0.0003043 seconds
2019-02-01T00:28:30.152+0000: 791885.110: Application time: 2.0988292 seconds
2019-02-01T00:28:30.160+0000: 791885.118: Total time for which application threads were stopped: 0.0086639 seconds, Stopping threads took: 0.0001880 seconds
2019-02-01T00:28:34.578+0000: 791889.536: Application time: 4.4173064 seconds
2019-02-01T00:28:34.586+0000: 791889.544: Total time for which application threads were stopped: 0.0087320 seconds, Stopping threads took: 0.0003010 seconds
2019-02-01T00:28:34.587+0000: 791889.545: Application time: 0.0005097 seconds
2019-02-01T00:28:34.596+0000: 791889.553: [GC (GCLocker Initiated GC) 2019-02-01T00:28:34.607+0000: 791889.565: [SoftReference, 0 refs, 0.0000688 secs]2019-02-01T00:28:34.607+0000: 791889.565: [WeakReference, 27 refs, 0.0000327 secs]2019-02-01T00:28:34.608+0000: 791889.565: [FinalReference, 940 refs, 0.0006793 secs]2019-02-01T00:28:34.608+0000: 791889.566: [PhantomReference, 0 refs, 0 refs, 0.0000199 secs]2019-02-01T00:28:34.608+0000: 791889.566: [JNI Weak Reference, 0.0000327 secs]
Desired survivor size 88080384 bytes, new threshold 1 (max 15)
[PSYoungGen: 1777291K->20615K(1755648K)] 3074193K->1319772K(5007872K), 0.0254030 secs] [Times: user=0.17 sys=0.01, real=0.02 secs] 
2019-02-01T00:28:34.621+0000: 791889.579: Total time for which application threads were stopped: 0.0343008 seconds, Stopping threads took: 0.0003164 seconds
2019-02-01T00:28:40.367+0000: 791895.325: Application time: 5.7459849 seconds
2019-02-01T00:28:40.376+0000: 791895.334: Total time for which application threads were stopped: 0.0086496 seconds, Stopping threads took: 0.0002243 seconds
2019-02-01T00:28:41.075+0000: 791896.033: Application time: 0.6991030 seconds
2019-02-01T00:28:41.084+0000: 791896.042: Total time for which application threads were stopped: 0.0091395 seconds, Stopping threads took: 0.0001810 seconds
2019-02-01T00:28:41.085+0000: 791896.043: Application time: 0.0007576 seconds
2019-02-01T00:28:41.094+0000: 791896.052: [GC (GCLocker Initiated GC) 2019-02-01T00:28:41.109+0000: 791896.067: [SoftReference, 0 refs, 0.0000525 secs]2019-02-01T00:28:41.109+0000: 791896.067: [WeakReference, 25 refs, 0.0000197 secs]2019-02-01T00:28:41.109+0000: 791896.067: [FinalReference, 921 refs, 0.0004434 secs]2019-02-01T00:28:41.109+0000: 791896.067: [PhantomReference, 0 refs, 0 refs, 0.0000101 secs]2019-02-01T00:28:41.109+0000: 791896.067: [JNI Weak Reference, 0.0000195 secs]
Desired survivor size 93847552 bytes, new threshold 1 (max 15)
[PSYoungGen: 1731207K->72736K(1750528K)] 3030384K->1375257K(5002752K), 0.0218693 secs] [Times: user=0.25 sys=0.01, real=0.03 secs] 
2019-02-01T00:28:41.116+0000: 791896.074: Total time for which application threads were stopped: 0.0313101 seconds, Stopping threads took: 0.0002892 seconds
2019-02-01T00:28:46.806+0000: 791901.764: Application time: 5.6897436 seconds
2019-02-01T00:28:46.815+0000: 791901.773: Total time for which application threads were stopped: 0.0094214 seconds, Stopping threads took: 0.0002044 seconds
2019-02-01T00:28:47.485+0000: 791902.442: Application time: 0.6692755 seconds
2019-02-01T00:28:47.494+0000: 791902.452: Total time for which application threads were stopped: 0.0090737 seconds, Stopping threads took: 0.0002845 seconds
2019-02-01T00:28:47.494+0000: 791902.452: Application time: 0.0007186 seconds
2019-02-01T00:28:47.504+0000: 791902.462: [GC (GCLocker Initiated GC) 2019-02-01T00:28:47.520+0000: 791902.478: [SoftReference, 0 refs, 0.0000759 secs]2019-02-01T00:28:47.520+0000: 791902.478: [WeakReference, 69 refs, 0.0000515 secs]2019-02-01T00:28:47.520+0000: 791902.478: [FinalReference, 871 refs, 0.0006318 secs]2019-02-01T00:28:47.521+0000: 791902.478: [PhantomReference, 0 refs, 0 refs, 0.0000200 secs]2019-02-01T00:28:47.521+0000: 791902.478: [JNI Weak Reference, 0.0000325 secs]
Desired survivor size 95420416 bytes, new threshold 1 (max 15)
[PSYoungGen: 1750048K->64145K(1709568K)] 3052586K->1369495K(4961792K), 0.0243217 secs] [Times: user=0.29 sys=0.02, real=0.03 secs] 
2019-02-01T00:28:47.528+0000: 791902.486: Total time for which application threads were stopped: 0.0338899 seconds, Stopping threads took: 0.0003070 seconds
2019-02-01T00:28:53.666+0000: 791908.624: Application time: 6.1373916 seconds
2019-02-01T00:28:53.674+0000: 791908.632: Total time for which application threads were stopped: 0.0084628 seconds, Stopping threads took: 0.0002732 seconds
2019-02-01T00:28:53.674+0000: 791908.632: Application time: 0.0001982 seconds
2019-02-01T00:28:53.682+0000: 791908.640: Total time for which application threads were stopped: 0.0075922 seconds, Stopping threads took: 0.0000890 seconds
2019-02-01T00:28:53.683+0000: 791908.641: Application time: 0.0007227 seconds
2019-02-01T00:28:53.690+0000: 791908.647: [GC (GCLocker Initiated GC) 2019-02-01T00:28:53.702+0000: 791908.660: [SoftReference, 0 refs, 0.0000533 secs]2019-02-01T00:28:53.702+0000: 791908.660: [WeakReference, 35 refs, 0.0000224 secs]2019-02-01T00:28:53.702+0000: 791908.660: [FinalReference, 922 refs, 0.0004531 secs]2019-02-01T00:28:53.703+0000: 791908.661: [PhantomReference, 0 refs, 0 refs, 0.0000102 secs]2019-02-01T00:28:53.703+0000: 791908.661: [JNI Weak Reference, 0.0000198 secs]
Desired survivor size 91226112 bytes, new threshold 1 (max 15)
[PSYoungGen: 1709201K->48141K(1662464K)] 3017901K->1360358K(4914688K), 0.0245324 secs] [Times: user=0.23 sys=0.01, real=0.02 secs] 
2019-02-01T00:28:53.714+0000: 791908.672: Total time for which application threads were stopped: 0.0315619 seconds, Stopping threads took: 0.0001909 seconds
2019-02-01T00:28:58.992+0000: 791913.950: Application time: 5.2779979 seconds
2019-02-01T00:28:59.001+0000: 791913.959: Total time for which application threads were stopped: 0.0086879 seconds, Stopping threads took: 0.0002831 seconds
2019-02-01T00:28:59.002+0000: 791913.960: Application time: 0.0009865 seconds
2019-02-01T00:28:59.011+0000: 791913.969: [GC (GCLocker Initiated GC) 2019-02-01T00:28:59.030+0000: 791913.988: [SoftReference, 0 refs, 0.0000763 secs]2019-02-01T00:28:59.030+0000: 791913.988: [WeakReference, 54 refs, 0.0000454 secs]2019-02-01T00:28:59.030+0000: 791913.988: [FinalReference, 816 refs, 0.0005883 secs]2019-02-01T00:28:59.030+0000: 791913.988: [PhantomReference, 0 refs, 0 refs, 0.0000203 secs]2019-02-01T00:28:59.031+0000: 791913.988: [JNI Weak Reference, 0.0000332 secs]
Desired survivor size 98566144 bytes, new threshold 1 (max 15)
[PSYoungGen: 1661965K->79420K(1663488K)] 2977730K->1398756K(4915712K), 0.0249093 secs] [Times: user=0.34 sys=0.00, real=0.02 secs] 
2019-02-01T00:28:59.036+0000: 791913.994: Total time for which application threads were stopped: 0.0340420 seconds, Stopping threads took: 0.0002438 seconds
2019-02-01T00:29:04.150+0000: 791919.108: Application time: 5.1141967 seconds
2019-02-01T00:29:04.160+0000: 791919.118: Total time for which application threads were stopped: 0.0100692 seconds, Stopping threads took: 0.0016673 seconds
2019-02-01T00:29:04.161+0000: 791919.119: Application time: 0.0009922 seconds
2019-02-01T00:29:04.170+0000: 791919.128: [GC (GCLocker Initiated GC) 2019-02-01T00:29:04.182+0000: 791919.140: [SoftReference, 0 refs, 0.0000559 secs]2019-02-01T00:29:04.182+0000: 791919.140: [WeakReference, 63 refs, 0.0000344 secs]2019-02-01T00:29:04.182+0000: 791919.140: [FinalReference, 806 refs, 0.0003900 secs]2019-02-01T00:29:04.182+0000: 791919.140: [PhantomReference, 0 refs, 2 refs, 0.0000115 secs]2019-02-01T00:29:04.182+0000: 791919.140: [JNI Weak Reference, 0.0000186 secs]
Desired survivor size 96993280 bytes, new threshold 1 (max 15)
[PSYoungGen: 1663036K->35119K(1589248K)] 2989067K->1364968K(4841472K), 0.0203284 secs] [Times: user=0.17 sys=0.01, real=0.02 secs] 
2019-02-01T00:29:04.191+0000: 791919.149: Total time for which application threads were stopped: 0.0294699 seconds, Stopping threads took: 0.0006624 seconds
2019-02-01T00:29:09.971+0000: 791924.929: Application time: 5.7805665 seconds
2019-02-01T00:29:09.982+0000: 791924.940: Total time for which application threads were stopped: 0.0108185 seconds, Stopping threads took: 0.0036707 seconds
2019-02-01T00:29:09.983+0000: 791924.941: Application time: 0.0012116 seconds
2019-02-01T00:29:09.992+0000: 791924.950: [GC (GCLocker Initiated GC) 2019-02-01T00:29:10.006+0000: 791924.963: [SoftReference, 0 refs, 0.0000599 secs]2019-02-01T00:29:10.006+0000: 791924.963: [WeakReference, 28 refs, 0.0000219 secs]2019-02-01T00:29:10.006+0000: 791924.963: [FinalReference, 910 refs, 0.0004226 secs]2019-02-01T00:29:10.006+0000: 791924.964: [PhantomReference, 0 refs, 1 refs, 0.0000102 secs]2019-02-01T00:29:10.006+0000: 791924.964: [JNI Weak Reference, 0.0000191 secs]
Desired survivor size 93323264 bytes, new threshold 1 (max 15)
[PSYoungGen: 1589039K->53228K(1584128K)] 2922255K->1390207K(4836352K), 0.0223611 secs] [Times: user=0.23 sys=0.01, real=0.02 secs] 
2019-02-01T00:29:10.014+0000: 791924.972: Total time for which application threads were stopped: 0.0308437 seconds, Stopping threads took: 0.0004161 seconds
2019-02-01T00:29:14.275+0000: 791929.233: Application time: 4.2611267 seconds
2019-02-01T00:29:14.285+0000: 791929.242: Total time for which application threads were stopped: 0.0091424 seconds, Stopping threads took: 0.0006734 seconds
2019-02-01T00:29:14.286+0000: 791929.244: Application time: 0.0017538 seconds
2019-02-01T00:29:14.296+0000: 791929.253: [GC (GCLocker Initiated GC) 2019-02-01T00:29:14.313+0000: 791929.270: [SoftReference, 0 refs, 0.0000627 secs]2019-02-01T00:29:14.313+0000: 791929.270: [WeakReference, 65 refs, 0.0000323 secs]2019-02-01T00:29:14.313+0000: 791929.271: [FinalReference, 792 refs, 0.0004002 secs]2019-02-01T00:29:14.313+0000: 791929.271: [PhantomReference, 0 refs, 0 refs, 0.0000103 secs]2019-02-01T00:29:14.313+0000: 791929.271: [JNI Weak Reference, 0.0000202 secs]
Desired survivor size 95944704 bytes, new threshold 1 (max 15)
[PSYoungGen: 1578476K->68782K(1566720K)] 2919907K->1413626K(4818944K), 0.0239091 secs] [Times: user=0.35 sys=0.01, real=0.02 secs] 
2019-02-01T00:29:14.320+0000: 791929.277: Total time for which application threads were stopped: 0.0332954 seconds, Stopping threads took: 0.0002271 seconds
2019-02-01T00:29:18.619+0000: 791933.577: Application time: 4.2991685 seconds
2019-02-01T00:29:18.628+0000: 791933.586: Total time for which application threads were stopped: 0.0090592 seconds, Stopping threads took: 0.0002046 seconds
2019-02-01T00:29:18.629+0000: 791933.586: Application time: 0.0007087 seconds
2019-02-01T00:29:18.638+0000: 791933.596: [GC (GCLocker Initiated GC) 2019-02-01T00:29:18.653+0000: 791933.611: [SoftReference, 0 refs, 0.0000824 secs]2019-02-01T00:29:18.653+0000: 791933.611: [WeakReference, 91 refs, 0.0000622 secs]2019-02-01T00:29:18.653+0000: 791933.611: [FinalReference, 840 refs, 0.0005999 secs]2019-02-01T00:29:18.654+0000: 791933.611: [PhantomReference, 0 refs, 0 refs, 0.0000230 secs]2019-02-01T00:29:18.654+0000: 791933.612: [JNI Weak Reference, 0.0000364 secs]
Desired survivor size 94896128 bytes, new threshold 1 (max 15)
[PSYoungGen: 1566382K->61545K(1532416K)] 2919268K->1418153K(4784640K), 0.0274960 secs] [Times: user=0.26 sys=0.01, real=0.03 secs] 
2019-02-01T00:29:18.665+0000: 791933.623: Total time for which application threads were stopped: 0.0369360 seconds, Stopping threads took: 0.0001838 seconds
2019-02-01T00:29:23.112+0000: 791938.069: Application time: 4.4461665 seconds
2019-02-01T00:29:23.122+0000: 791938.080: Total time for which application threads were stopped: 0.0104245 seconds, Stopping threads took: 0.0019509 seconds
2019-02-01T00:29:23.125+0000: 791938.083: Application time: 0.0025855 seconds
2019-02-01T00:29:23.135+0000: 791938.092: [GC (GCLocker Initiated GC) 2019-02-01T00:29:23.154+0000: 791938.112: [SoftReference, 0 refs, 0.0000639 secs]2019-02-01T00:29:23.154+0000: 791938.112: [WeakReference, 41 refs, 0.0000262 secs]2019-02-01T00:29:23.155+0000: 791938.112: [FinalReference, 793 refs, 0.0016178 secs]2019-02-01T00:29:23.156+0000: 791938.114: [PhantomReference, 0 refs, 1 refs, 0.0000167 secs]2019-02-01T00:29:23.156+0000: 791938.114: [JNI Weak Reference, 0.0000209 secs]
Desired survivor size 109051904 bytes, new threshold 1 (max 15)
[PSYoungGen: 1532009K->92642K(1537024K)] 2895614K->1464524K(4789248K), 0.0251741 secs] [Times: user=0.40 sys=0.03, real=0.02 secs] 
2019-02-01T00:29:23.160+0000: 791938.118: Total time for which application threads were stopped: 0.0353993 seconds, Stopping threads took: 0.0012858 seconds
2019-02-01T00:29:28.376+0000: 791943.334: Application time: 5.2158808 seconds
2019-02-01T00:29:28.384+0000: 791943.341: Total time for which application threads were stopped: 0.0076969 seconds, Stopping threads took: 0.0003020 seconds
2019-02-01T00:29:28.384+0000: 791943.342: Application time: 0.0005562 seconds
2019-02-01T00:29:28.393+0000: 791943.351: [GC (GCLocker Initiated GC) 2019-02-01T00:29:28.405+0000: 791943.363: [SoftReference, 0 refs, 0.0000675 secs]2019-02-01T00:29:28.405+0000: 791943.363: [WeakReference, 28 refs, 0.0000281 secs]2019-02-01T00:29:28.405+0000: 791943.363: [FinalReference, 729 refs, 0.0004920 secs]2019-02-01T00:29:28.405+0000: 791943.363: [PhantomReference, 0 refs, 0 refs, 0.0000172 secs]2019-02-01T00:29:28.405+0000: 791943.363: [JNI Weak Reference, 0.0000279 secs]
Desired survivor size 106954752 bytes, new threshold 1 (max 15)
[PSYoungGen: 1536994K->42719K(1482752K)] 2912208K->1422699K(4734976K), 0.0238712 secs] [Times: user=0.21 sys=0.02, real=0.02 secs] 
2019-02-01T00:29:28.417+0000: 791943.375: Total time for which application threads were stopped: 0.0330327 seconds, Stopping threads took: 0.0010642 seconds
2019-02-01T00:29:33.435+0000: 791948.393: Application time: 5.0182411 seconds
2019-02-01T00:29:33.444+0000: 791948.402: Total time for which application threads were stopped: 0.0085103 seconds, Stopping threads took: 0.0016878 seconds
2019-02-01T00:29:33.445+0000: 791948.403: Application time: 0.0013801 seconds
2019-02-01T00:29:33.453+0000: 791948.411: [GC (GCLocker Initiated GC) 2019-02-01T00:29:33.473+0000: 791948.431: [SoftReference, 0 refs, 0.0001006 secs]2019-02-01T00:29:33.473+0000: 791948.431: [WeakReference, 22 refs, 0.0000309 secs]2019-02-01T00:29:33.473+0000: 791948.431: [FinalReference, 680 refs, 0.0004863 secs]2019-02-01T00:29:33.474+0000: 791948.431: [PhantomReference, 0 refs, 1 refs, 0.0000251 secs]2019-02-01T00:29:33.474+0000: 791948.431: [JNI Weak Reference, 0.0000323 secs]
Desired survivor size 111673344 bytes, new threshold 1 (max 15)
[PSYoungGen: 1461471K->82057K(1476608K)] 2844863K->1468115K(4728832K), 0.0291835 secs] [Times: user=0.35 sys=0.02, real=0.03 secs] 
2019-02-01T00:29:33.483+0000: 791948.440: Total time for which application threads were stopped: 0.0372260 seconds, Stopping threads took: 0.0002622 seconds
2019-02-01T00:29:37.864+0000: 791952.822: Application time: 4.3817937 seconds
2019-02-01T00:29:37.874+0000: 791952.832: Total time for which application threads were stopped: 0.0097290 seconds, Stopping threads took: 0.0003089 seconds
2019-02-01T00:29:37.876+0000: 791952.833: Application time: 0.0014741 seconds
2019-02-01T00:29:37.885+0000: 791952.843: [GC (GCLocker Initiated GC) 2019-02-01T00:29:37.900+0000: 791952.857: [SoftReference, 0 refs, 0.0000900 secs]2019-02-01T00:29:37.900+0000: 791952.857: [WeakReference, 77 refs, 0.0000596 secs]2019-02-01T00:29:37.900+0000: 791952.858: [FinalReference, 774 refs, 0.0005679 secs]2019-02-01T00:29:37.900+0000: 791952.858: [PhantomReference, 0 refs, 0 refs, 0.0000201 secs]2019-02-01T00:29:37.900+0000: 791952.858: [JNI Weak Reference, 0.0000518 secs]
Desired survivor size 113770496 bytes, new threshold 1 (max 15)
[PSYoungGen: 1476233K->78921K(1459200K)] 2862392K->1468605K(4711424K), 0.0253910 secs] [Times: user=0.30 sys=0.01, real=0.02 secs] 
2019-02-01T00:29:37.910+0000: 791952.868: Total time for which application threads were stopped: 0.0348162 seconds, Stopping threads took: 0.0002792 seconds
2019-02-01T00:29:40.369+0000: 791955.327: Application time: 2.4583987 seconds
2019-02-01T00:29:40.378+0000: 791955.336: Total time for which application threads were stopped: 0.0091520 seconds, Stopping threads took: 0.0002975 seconds
2019-02-01T00:29:41.239+0000: 791956.197: Application time: 0.8607601 seconds
2019-02-01T00:29:41.247+0000: 791956.205: Total time for which application threads were stopped: 0.0079671 seconds, Stopping threads took: 0.0001531 seconds
2019-02-01T00:29:41.248+0000: 791956.205: Application time: 0.0008602 seconds
2019-02-01T00:29:41.254+0000: 791956.212: [GC (GCLocker Initiated GC) 2019-02-01T00:29:41.273+0000: 791956.231: [SoftReference, 0 refs, 0.0000516 secs]2019-02-01T00:29:41.273+0000: 791956.231: [WeakReference, 55 refs, 0.0000326 secs]2019-02-01T00:29:41.273+0000: 791956.231: [FinalReference, 713 refs, 0.0003806 secs]2019-02-01T00:29:41.274+0000: 791956.231: [PhantomReference, 0 refs, 0 refs, 0.0000099 secs]2019-02-01T00:29:41.274+0000: 791956.231: [JNI Weak Reference, 0.0000185 secs]
Desired survivor size 110100480 bytes, new threshold 1 (max 15)
[PSYoungGen: 1449033K->52760K(1400320K)] 2842069K->1449899K(4652544K), 0.0275449 secs] [Times: user=0.25 sys=0.01, real=0.03 secs] 
2019-02-01T00:29:41.282+0000: 791956.239: Total time for which application threads were stopped: 0.0339080 seconds, Stopping threads took: 0.0002705 seconds
2019-02-01T00:29:45.086+0000: 791960.044: Application time: 3.8049078 seconds
2019-02-01T00:29:45.093+0000: 791960.051: Total time for which application threads were stopped: 0.0064627 seconds, Stopping threads took: 0.0004934 seconds
2019-02-01T00:29:45.095+0000: 791960.053: Application time: 0.0019415 seconds
2019-02-01T00:29:45.106+0000: 791960.064: [GC (GCLocker Initiated GC) 2019-02-01T00:29:45.123+0000: 791960.080: [SoftReference, 0 refs, 0.0000480 secs]2019-02-01T00:29:45.123+0000: 791960.080: [WeakReference, 25 refs, 0.0000199 secs]2019-02-01T00:29:45.123+0000: 791960.081: [FinalReference, 702 refs, 0.0003277 secs]2019-02-01T00:29:45.123+0000: 791960.081: [PhantomReference, 0 refs, 0 refs, 0.0000096 secs]2019-02-01T00:29:45.123+0000: 791960.081: [JNI Weak Reference, 0.0000182 secs]
Desired survivor size 115867648 bytes, new threshold 1 (max 15)
[PSYoungGen: 1399832K->87612K(1420800K)] 2803744K->1496680K(4673024K), 0.0223927 secs] [Times: user=0.30 sys=0.00, real=0.02 secs] 
2019-02-01T00:29:45.128+0000: 791960.086: Total time for which application threads were stopped: 0.0333897 seconds, Stopping threads took: 0.0038281 seconds
2019-02-01T00:29:47.600+0000: 791962.558: Application time: 2.4715896 seconds
2019-02-01T00:29:47.606+0000: 791962.563: Total time for which application threads were stopped: 0.0057127 seconds, Stopping threads took: 0.0002082 seconds
2019-02-01T00:29:47.607+0000: 791962.565: Application time: 0.0012389 seconds
2019-02-01T00:29:47.614+0000: 791962.572: [GC (GCLocker Initiated GC) 2019-02-01T00:29:47.632+0000: 791962.590: [SoftReference, 0 refs, 0.0000753 secs]2019-02-01T00:29:47.632+0000: 791962.590: [WeakReference, 24 refs, 0.0000557 secs]2019-02-01T00:29:47.632+0000: 791962.590: [FinalReference, 707 refs, 0.0018402 secs]2019-02-01T00:29:47.634+0000: 791962.592: [PhantomReference, 0 refs, 0 refs, 0.0000235 secs]2019-02-01T00:29:47.634+0000: 791962.592: [JNI Weak Reference, 0.0000320 secs]
Desired survivor size 115343360 bytes, new threshold 1 (max 15)
[PSYoungGen: 1412156K->75302K(1378304K)] 2821400K->1487234K(4630528K), 0.0295476 secs] [Times: user=0.37 sys=0.01, real=0.03 secs] 
2019-02-01T00:29:47.644+0000: 791962.602: Total time for which application threads were stopped: 0.0370377 seconds, Stopping threads took: 0.0002490 seconds
2019-02-01T00:29:52.467+0000: 791967.425: Application time: 4.8229197 seconds
2019-02-01T00:29:52.475+0000: 791967.433: Total time for which application threads were stopped: 0.0087226 seconds, Stopping threads took: 0.0009188 seconds
2019-02-01T00:29:52.476+0000: 791967.434: Application time: 0.0007972 seconds
2019-02-01T00:29:52.484+0000: 791967.442: [GC (GCLocker Initiated GC) 2019-02-01T00:29:52.500+0000: 791967.457: [SoftReference, 0 refs, 0.0000725 secs]2019-02-01T00:29:52.500+0000: 791967.457: [WeakReference, 14 refs, 0.0000274 secs]2019-02-01T00:29:52.500+0000: 791967.457: [FinalReference, 752 refs, 0.0005717 secs]2019-02-01T00:29:52.500+0000: 791967.458: [PhantomReference, 0 refs, 1 refs, 0.0000204 secs]2019-02-01T00:29:52.500+0000: 791967.458: [JNI Weak Reference, 0.0000314 secs]
Desired survivor size 112721920 bytes, new threshold 1 (max 15)
[PSYoungGen: 1377830K->50569K(1367040K)] 2793170K->1471925K(4619264K), 0.0280864 secs] [Times: user=0.27 sys=0.01, real=0.03 secs] 
2019-02-01T00:29:52.512+0000: 791967.470: Total time for which application threads were stopped: 0.0357382 seconds, Stopping threads took: 0.0002511 seconds
2019-02-01T00:29:55.245+0000: 791970.202: Application time: 2.7326039 seconds
2019-02-01T00:29:55.250+0000: 791970.208: Total time for which application threads were stopped: 0.0058193 seconds, Stopping threads took: 0.0002553 seconds
2019-02-01T00:29:55.251+0000: 791970.209: Application time: 0.0007154 seconds
2019-02-01T00:29:55.259+0000: 791970.217: [GC (GCLocker Initiated GC) 2019-02-01T00:29:55.274+0000: 791970.232: [SoftReference, 0 refs, 0.0000631 secs]2019-02-01T00:29:55.274+0000: 791970.232: [WeakReference, 61 refs, 0.0000495 secs]2019-02-01T00:29:55.274+0000: 791970.232: [FinalReference, 739 refs, 0.0005439 secs]2019-02-01T00:29:55.275+0000: 791970.232: [PhantomReference, 0 refs, 0 refs, 0.0000190 secs]2019-02-01T00:29:55.275+0000: 791970.232: [JNI Weak Reference, 0.0000313 secs]
Desired survivor size 109576192 bytes, new threshold 1 (max 15)
[PSYoungGen: 1331593K->67201K(1327616K)] 2752984K->1492255K(4579840K), 0.0255112 secs] [Times: user=0.25 sys=0.02, real=0.02 secs] 
2019-02-01T00:29:55.285+0000: 791970.243: Total time for which application threads were stopped: 0.0336141 seconds, Stopping threads took: 0.0004067 seconds
2019-02-01T00:29:57.830+0000: 791972.788: Application time: 2.5451505 seconds
2019-02-01T00:29:57.836+0000: 791972.793: Total time for which application threads were stopped: 0.0056369 seconds, Stopping threads took: 0.0002574 seconds
2019-02-01T00:29:57.836+0000: 791972.794: Application time: 0.0006849 seconds
2019-02-01T00:29:57.843+0000: 791972.801: [GC (GCLocker Initiated GC) 2019-02-01T00:29:57.860+0000: 791972.818: [SoftReference, 0 refs, 0.0000806 secs]2019-02-01T00:29:57.860+0000: 791972.818: [WeakReference, 33 refs, 0.0000350 secs]2019-02-01T00:29:57.860+0000: 791972.818: [FinalReference, 665 refs, 0.0004863 secs]2019-02-01T00:29:57.860+0000: 791972.818: [PhantomReference, 0 refs, 0 refs, 0.0000200 secs]2019-02-01T00:29:57.860+0000: 791972.818: [JNI Weak Reference, 0.0000337 secs]
Desired survivor size 106954752 bytes, new threshold 1 (max 15)
[PSYoungGen: 1327233K->52493K(1321984K)] 2752326K->1481962K(4574208K), 0.0277812 secs] [Times: user=0.32 sys=0.02, real=0.03 secs] 
2019-02-01T00:29:57.871+0000: 791972.829: Total time for which application threads were stopped: 0.0344742 seconds, Stopping threads took: 0.0002387 seconds
2019-02-01T00:30:02.409+0000: 791977.367: Application time: 4.5386846 seconds
2019-02-01T00:30:02.417+0000: 791977.375: Total time for which application threads were stopped: 0.0077171 seconds, Stopping threads took: 0.0002922 seconds
2019-02-01T00:30:02.418+0000: 791977.376: Application time: 0.0006407 seconds
2019-02-01T00:30:02.425+0000: 791977.383: [GC (GCLocker Initiated GC) 2019-02-01T00:30:02.438+0000: 791977.396: [SoftReference, 0 refs, 0.0000541 secs]2019-02-01T00:30:02.438+0000: 791977.396: [WeakReference, 16 refs, 0.0000174 secs]2019-02-01T00:30:02.438+0000: 791977.396: [FinalReference, 689 refs, 0.0003324 secs]2019-02-01T00:30:02.439+0000: 791977.397: [PhantomReference, 0 refs, 0 refs, 0.0000098 secs]2019-02-01T00:30:02.439+0000: 791977.397: [JNI Weak Reference, 0.0000200 secs]
Desired survivor size 111149056 bytes, new threshold 1 (max 15)
[PSYoungGen: 1292557K->84959K(1305600K)] 2722319K->1519116K(4557824K), 0.0201504 secs] [Times: user=0.25 sys=0.00, real=0.02 secs] 
2019-02-01T00:30:02.446+0000: 791977.403: Total time for which application threads were stopped: 0.0277279 seconds, Stopping threads took: 0.0001712 seconds
2019-02-01T00:30:05.324+0000: 791980.282: Application time: 2.8782062 seconds
2019-02-01T00:30:05.333+0000: 791980.291: Total time for which application threads were stopped: 0.0092083 seconds, Stopping threads took: 0.0002717 seconds
2019-02-01T00:30:05.335+0000: 791980.292: Application time: 0.0016579 seconds
2019-02-01T00:30:05.344+0000: 791980.302: [GC (GCLocker Initiated GC) 2019-02-01T00:30:05.361+0000: 791980.319: [SoftReference, 0 refs, 0.0000885 secs]2019-02-01T00:30:05.361+0000: 791980.319: [WeakReference, 75 refs, 0.0000418 secs]2019-02-01T00:30:05.361+0000: 791980.319: [FinalReference, 664 refs, 0.0003384 secs]2019-02-01T00:30:05.362+0000: 791980.319: [PhantomReference, 0 refs, 0 refs, 0.0000101 secs]2019-02-01T00:30:05.362+0000: 791980.319: [JNI Weak Reference, 0.0000192 secs]
Desired survivor size 118489088 bytes, new threshold 1 (max 15)
[PSYoungGen: 1305567K->95093K(1305600K)] 2740034K->1532556K(4557824K), 0.0214488 secs] [Times: user=0.33 sys=0.00, real=0.02 secs] 
2019-02-01T00:30:05.366+0000: 791980.324: Total time for which application threads were stopped: 0.0310926 seconds, Stopping threads took: 0.0002442 seconds
2019-02-01T00:30:07.482+0000: 791982.440: Application time: 2.1166111 seconds
2019-02-01T00:30:07.491+0000: 791982.449: Total time for which application threads were stopped: 0.0091031 seconds, Stopping threads took: 0.0002255 seconds
2019-02-01T00:30:07.493+0000: 791982.450: Application time: 0.0010482 seconds
2019-02-01T00:30:07.502+0000: 791982.460: [GC (GCLocker Initiated GC) 2019-02-01T00:30:07.518+0000: 791982.476: [SoftReference, 0 refs, 0.0000708 secs]2019-02-01T00:30:07.518+0000: 791982.476: [WeakReference, 17 refs, 0.0000305 secs]2019-02-01T00:30:07.518+0000: 791982.476: [FinalReference, 639 refs, 0.0004824 secs]2019-02-01T00:30:07.519+0000: 791982.477: [PhantomReference, 0 refs, 0 refs, 0.0000198 secs]2019-02-01T00:30:07.519+0000: 791982.477: [JNI Weak Reference, 0.0000337 secs]
Desired survivor size 115867648 bytes, new threshold 1 (max 15)
[PSYoungGen: 1296757K->74542K(1317376K)] 2734386K->1516529K(4569600K), 0.0225538 secs] [Times: user=0.29 sys=0.01, real=0.02 secs] 
2019-02-01T00:30:07.525+0000: 791982.483: Total time for which application threads were stopped: 0.0321605 seconds, Stopping threads took: 0.0003120 seconds
2019-02-01T00:30:09.812+0000: 791984.770: Application time: 2.2875576 seconds
2019-02-01T00:30:09.822+0000: 791984.780: Total time for which application threads were stopped: 0.0101408 seconds, Stopping threads took: 0.0003224 seconds
2019-02-01T00:30:09.824+0000: 791984.782: Application time: 0.0012695 seconds
2019-02-01T00:30:09.834+0000: 791984.792: [GC (GCLocker Initiated GC) 2019-02-01T00:30:09.861+0000: 791984.819: [SoftReference, 0 refs, 0.0000487 secs]2019-02-01T00:30:09.861+0000: 791984.819: [WeakReference, 63 refs, 0.0000331 secs]2019-02-01T00:30:09.861+0000: 791984.819: [FinalReference, 656 refs, 0.0037205 secs]2019-02-01T00:30:09.865+0000: 791984.823: [PhantomReference, 0 refs, 1 refs, 0.0000167 secs]2019-02-01T00:30:09.865+0000: 791984.823: [JNI Weak Reference, 0.0000193 secs]
Desired survivor size 121110528 bytes, new threshold 1 (max 15)
[PSYoungGen: 1276206K->93558K(1480192K)] 2719496K->1545677K(4732416K), 0.0345030 secs] [Times: user=0.33 sys=0.19, real=0.03 secs] 
2019-02-01T00:30:09.869+0000: 791984.826: Total time for which application threads were stopped: 0.0447874 seconds, Stopping threads took: 0.0006304 seconds
2019-02-01T00:30:12.563+0000: 791987.520: Application time: 2.6941506 seconds
2019-02-01T00:30:12.573+0000: 791987.531: Total time for which application threads were stopped: 0.0102167 seconds, Stopping threads took: 0.0007310 seconds
2019-02-01T00:30:12.573+0000: 791987.531: Application time: 0.0002300 seconds
2019-02-01T00:30:12.582+0000: 791987.540: Total time for which application threads were stopped: 0.0086607 seconds, Stopping threads took: 0.0001752 seconds
2019-02-01T00:30:12.584+0000: 791987.542: Application time: 0.0019016 seconds
2019-02-01T00:30:12.594+0000: 791987.551: [GC (GCLocker Initiated GC) 2019-02-01T00:30:14.904+0000: 791989.861: [SoftReference, 0 refs, 0.0000558 secs]2019-02-01T00:30:14.904+0000: 791989.862: [WeakReference, 66 refs, 0.0000425 secs]2019-02-01T00:30:14.904+0000: 791989.862: [FinalReference, 726 refs, 0.0003496 secs]2019-02-01T00:30:14.904+0000: 791989.862: [PhantomReference, 0 refs, 0 refs, 0.0000102 secs]2019-02-01T00:30:14.904+0000: 791989.862: [JNI Weak Reference, 0.0000199 secs]
Desired survivor size 146276352 bytes, new threshold 1 (max 15)
[PSYoungGen: 1460598K->118253K(1485312K)] 2925931K->1615318K(4737536K), 2.3141423 secs] [Times: user=40.37 sys=9.60, real=2.31 secs] 
2019-02-01T00:30:14.908+0000: 791989.866: Total time for which application threads were stopped: 2.3242869 seconds, Stopping threads took: 0.0019230 seconds
2019-02-01T00:30:17.086+0000: 791992.044: Application time: 2.1780112 seconds
2019-02-01T00:30:17.096+0000: 791992.053: Total time for which application threads were stopped: 0.0096104 seconds, Stopping threads took: 0.0002499 seconds
2019-02-01T00:30:17.097+0000: 791992.055: Application time: 0.0011866 seconds
2019-02-01T00:30:17.106+0000: 791992.064: [GC (GCLocker Initiated GC) 2019-02-01T00:30:19.002+0000: 791993.960: [SoftReference, 0 refs, 0.0000562 secs]2019-02-01T00:30:19.003+0000: 791993.960: [WeakReference, 76 refs, 0.0000414 secs]2019-02-01T00:30:19.003+0000: 791993.960: [FinalReference, 560 refs, 0.0003264 secs]2019-02-01T00:30:19.003+0000: 791993.961: [PhantomReference, 0 refs, 0 refs, 0.0000104 secs]2019-02-01T00:30:19.003+0000: 791993.961: [JNI Weak Reference, 0.0000192 secs]
Desired survivor size 150994944 bytes, new threshold 1 (max 15)
[PSYoungGen: 1485293K->109263K(1769984K)] 2982411K->1615424K(5022208K), 1.8998865 secs] [Times: user=38.95 sys=2.39, real=1.90 secs] 
2019-02-01T00:30:19.006+0000: 791993.964: Total time for which application threads were stopped: 1.9095792 seconds, Stopping threads took: 0.0002195 seconds
2019-02-01T00:30:23.118+0000: 791998.076: Application time: 4.1113457 seconds
2019-02-01T00:30:25.700+0000: 792000.658: [GC (Allocation Failure) 2019-02-01T00:30:29.526+0000: 792004.484: [SoftReference, 0 refs, 0.0000672 secs]2019-02-01T00:30:29.526+0000: 792004.484: [WeakReference, 76 refs, 0.0000441 secs]2019-02-01T00:30:29.526+0000: 792004.484: [FinalReference, 906 refs, 0.0005514 secs]2019-02-01T00:30:29.527+0000: 792004.484: [PhantomReference, 0 refs, 1 refs, 0.0000109 secs]2019-02-01T00:30:29.527+0000: 792004.484: [JNI Weak Reference, 0.0000185 secs]
Desired survivor size 147324928 bytes, new threshold 1 (max 15)
[PSYoungGen: 1736399K->64901K(1774592K)] 3242563K->1594804K(5026816K), 3.8296061 secs] [Times: user=38.39 sys=45.75, real=3.83 secs] 
2019-02-01T00:30:29.530+0000: 792004.488: Total time for which application threads were stopped: 6.4121099 seconds, Stopping threads took: 2.5730024 seconds
2019-02-01T00:30:33.744+0000: 792008.701: Application time: 4.2136581 seconds
2019-02-01T00:30:33.752+0000: 792008.710: Total time for which application threads were stopped: 0.0087592 seconds, Stopping threads took: 0.0003254 seconds
2019-02-01T00:30:33.754+0000: 792008.712: Application time: 0.0014274 seconds
2019-02-01T00:30:33.763+0000: 792008.721: [GC (GCLocker Initiated GC) 2019-02-01T00:30:35.045+0000: 792010.003: [SoftReference, 0 refs, 0.0000577 secs]2019-02-01T00:30:35.045+0000: 792010.003: [WeakReference, 34 refs, 0.0000260 secs]2019-02-01T00:30:35.045+0000: 792010.003: [FinalReference, 877 refs, 0.0004656 secs]2019-02-01T00:30:35.046+0000: 792010.004: [PhantomReference, 0 refs, 0 refs, 0.0000105 secs]2019-02-01T00:30:35.046+0000: 792010.004: [JNI Weak Reference, 0.0000197 secs]
Desired survivor size 141557760 bytes, new threshold 1 (max 15)
[PSYoungGen: 1691948K->75548K(1762304K)] 3225173K->1612800K(5014528K), 1.2863305 secs] [Times: user=26.64 sys=1.44, real=1.28 secs] 
2019-02-01T00:30:35.049+0000: 792010.007: Total time for which application threads were stopped: 1.2956102 seconds, Stopping threads took: 0.0003486 seconds
2019-02-01T00:30:38.718+0000: 792013.676: Application time: 3.6687773 seconds
2019-02-01T00:30:38.726+0000: 792013.684: Total time for which application threads were stopped: 0.0083228 seconds, Stopping threads took: 0.0003213 seconds
2019-02-01T00:30:38.728+0000: 792013.686: Application time: 0.0012776 seconds
2019-02-01T00:30:38.737+0000: 792013.695: [GC (GCLocker Initiated GC) 2019-02-01T00:30:39.953+0000: 792014.910: [SoftReference, 0 refs, 0.0000602 secs]2019-02-01T00:30:39.953+0000: 792014.910: [WeakReference, 41 refs, 0.0000309 secs]2019-02-01T00:30:39.953+0000: 792014.910: [FinalReference, 870 refs, 0.0005276 secs]2019-02-01T00:30:39.953+0000: 792014.911: [PhantomReference, 0 refs, 0 refs, 0.0000108 secs]2019-02-01T00:30:39.953+0000: 792014.911: [JNI Weak Reference, 0.0000205 secs]
Desired survivor size 137887744 bytes, new threshold 1 (max 15)
[PSYoungGen: 1706268K->67756K(1768960K)] 3243645K->1616269K(5021184K), 1.2190423 secs] [Times: user=20.67 sys=5.98, real=1.22 secs] 
2019-02-01T00:30:39.956+0000: 792014.914: Total time for which application threads were stopped: 1.2286934 seconds, Stopping threads took: 0.0002027 seconds
2019-02-01T00:30:40.369+0000: 792015.327: Application time: 0.4130379 seconds
2019-02-01T00:30:40.379+0000: 792015.337: Total time for which application threads were stopped: 0.0092252 seconds, Stopping threads took: 0.0002909 seconds
2019-02-01T00:30:43.585+0000: 792018.543: Application time: 3.2061309 seconds
2019-02-01T00:30:43.595+0000: 792018.553: Total time for which application threads were stopped: 0.0105258 seconds, Stopping threads took: 0.0020737 seconds
2019-02-01T00:30:43.597+0000: 792018.554: Application time: 0.0011459 seconds
2019-02-01T00:30:43.605+0000: 792018.563: [GC (GCLocker Initiated GC) 2019-02-01T00:30:43.621+0000: 792018.579: [SoftReference, 0 refs, 0.0000597 secs]2019-02-01T00:30:43.621+0000: 792018.579: [WeakReference, 58 refs, 0.0000333 secs]2019-02-01T00:30:43.621+0000: 792018.579: [FinalReference, 802 refs, 0.0004164 secs]2019-02-01T00:30:43.621+0000: 792018.579: [PhantomReference, 0 refs, 1 refs, 0.0000113 secs]2019-02-01T00:30:43.621+0000: 792018.579: [JNI Weak Reference, 0.0000188 secs]
Desired survivor size 134217728 bytes, new threshold 1 (max 15)
[PSYoungGen: 1698476K->67547K(1773568K)] 3247046K->1622474K(5025792K), 0.0193896 secs] [Times: user=0.28 sys=0.00, real=0.02 secs] 
2019-02-01T00:30:43.625+0000: 792018.583: Total time for which application threads were stopped: 0.0284055 seconds, Stopping threads took: 0.0001749 seconds
2019-02-01T00:30:48.386+0000: 792023.344: Application time: 4.7607280 seconds
2019-02-01T00:30:48.398+0000: 792023.355: Total time for which application threads were stopped: 0.0118377 seconds, Stopping threads took: 0.0035240 seconds
2019-02-01T00:30:48.399+0000: 792023.357: Application time: 0.0014066 seconds
2019-02-01T00:30:48.408+0000: 792023.366: [GC (GCLocker Initiated GC) 2019-02-01T00:30:49.957+0000: 792024.915: [SoftReference, 0 refs, 0.0000525 secs]2019-02-01T00:30:49.957+0000: 792024.915: [WeakReference, 17 refs, 0.0000210 secs]2019-02-01T00:30:49.957+0000: 792024.915: [FinalReference, 953 refs, 0.0005618 secs]2019-02-01T00:30:49.957+0000: 792024.915: [PhantomReference, 0 refs, 1 refs, 0.0000466 secs]2019-02-01T00:30:49.957+0000: 792024.915: [JNI Weak Reference, 0.0000254 secs]
Desired survivor size 132644864 bytes, new threshold 1 (max 15)
[PSYoungGen: 1716699K->54212K(1780224K)] 3278335K->1621713K(5032448K), 1.5530254 secs] [Times: user=25.50 sys=8.54, real=1.55 secs] 
2019-02-01T00:30:49.961+0000: 792024.919: Total time for which application threads were stopped: 1.5620007 seconds, Stopping threads took: 0.0002668 seconds
2019-02-01T00:30:53.653+0000: 792028.611: Application time: 3.6921366 seconds
2019-02-01T00:30:53.662+0000: 792028.620: Total time for which application threads were stopped: 0.0086602 seconds, Stopping threads took: 0.0002938 seconds
2019-02-01T00:30:53.663+0000: 792028.620: Application time: 0.0007474 seconds
2019-02-01T00:30:53.671+0000: 792028.629: [GC (GCLocker Initiated GC) 2019-02-01T00:30:53.688+0000: 792028.646: [SoftReference, 0 refs, 0.0000781 secs]2019-02-01T00:30:53.688+0000: 792028.646: [WeakReference, 24 refs, 0.0000376 secs]2019-02-01T00:30:53.688+0000: 792028.646: [FinalReference, 858 refs, 0.0006513 secs]2019-02-01T00:30:53.689+0000: 792028.647: [PhantomReference, 0 refs, 0 refs, 0.0000817 secs]2019-02-01T00:30:53.689+0000: 792028.647: [JNI Weak Reference, 0.0000415 secs]
Desired survivor size 131596288 bytes, new threshold 1 (max 15)
[PSYoungGen: 1703364K->86942K(1787392K)] 3270876K->1658591K(5039616K), 0.0225642 secs] [Times: user=0.27 sys=0.00, real=0.02 secs] 
2019-02-01T00:30:53.694+0000: 792028.652: Total time for which application threads were stopped: 0.0316907 seconds, Stopping threads took: 0.0002300 seconds
2019-02-01T00:30:57.894+0000: 792032.852: Application time: 4.2002840 seconds
2019-02-01T00:30:57.900+0000: 792032.858: Total time for which application threads were stopped: 0.0057012 seconds, Stopping threads took: 0.0002296 seconds
2019-02-01T00:30:57.901+0000: 792032.859: Application time: 0.0012406 seconds
2019-02-01T00:30:57.912+0000: 792032.869: [GC (GCLocker Initiated GC) 2019-02-01T00:31:01.438+0000: 792036.396: [SoftReference, 0 refs, 0.0000395 secs]2019-02-01T00:31:01.438+0000: 792036.396: [WeakReference, 21 refs, 0.0000209 secs]2019-02-01T00:31:01.438+0000: 792036.396: [FinalReference, 959 refs, 0.0005373 secs]2019-02-01T00:31:01.438+0000: 792036.396: [PhantomReference, 0 refs, 0 refs, 0.0000104 secs]2019-02-01T00:31:01.439+0000: 792036.396: [JNI Weak Reference, 0.0000194 secs]
Desired survivor size 139984896 bytes, new threshold 1 (max 15)
[PSYoungGen: 1748382K->113115K(1774592K)] 3323442K->1693178K(5026816K), 3.5302152 secs] [Times: user=40.09 sys=38.34, real=3.53 secs] 
2019-02-01T00:31:01.442+0000: 792036.400: Total time for which application threads were stopped: 3.5406595 seconds, Stopping threads took: 0.0047270 seconds
2019-02-01T00:31:05.887+0000: 792040.845: Application time: 4.4450364 seconds
2019-02-01T00:31:05.894+0000: 792040.852: Total time for which application threads were stopped: 0.0071569 seconds, Stopping threads took: 0.0003205 seconds
2019-02-01T00:31:05.895+0000: 792040.853: Application time: 0.0008315 seconds
2019-02-01T00:31:05.901+0000: 792040.859: [GC (GCLocker Initiated GC) 2019-02-01T00:31:05.916+0000: 792040.874: [SoftReference, 0 refs, 0.0000624 secs]2019-02-01T00:31:05.916+0000: 792040.874: [WeakReference, 42 refs, 0.0000335 secs]2019-02-01T00:31:05.916+0000: 792040.874: [FinalReference, 919 refs, 0.0005354 secs]2019-02-01T00:31:05.916+0000: 792040.874: [PhantomReference, 0 refs, 1 refs, 0.0000149 secs]2019-02-01T00:31:05.916+0000: 792040.874: [JNI Weak Reference, 0.0000232 secs]
Desired survivor size 136839168 bytes, new threshold 1 (max 15)
[PSYoungGen: 1774555K->65607K(1788416K)] 3354620K->1653788K(5040640K), 0.0196156 secs] [Times: user=0.25 sys=0.01, real=0.02 secs] 
2019-02-01T00:31:05.921+0000: 792040.878: Total time for which application threads were stopped: 0.0253941 seconds, Stopping threads took: 0.0001206 seconds
2019-02-01T00:31:10.237+0000: 792045.195: Application time: 4.3169126 seconds
2019-02-01T00:31:10.245+0000: 792045.203: Total time for which application threads were stopped: 0.0079825 seconds, Stopping threads took: 0.0003531 seconds
2019-02-01T00:31:10.246+0000: 792045.203: Application time: 0.0001564 seconds
2019-02-01T00:31:10.253+0000: 792045.211: Total time for which application threads were stopped: 0.0076398 seconds, Stopping threads took: 0.0001453 seconds
2019-02-01T00:31:10.253+0000: 792045.211: Application time: 0.0001530 seconds
2019-02-01T00:31:10.261+0000: 792045.219: Total time for which application threads were stopped: 0.0073217 seconds, Stopping threads took: 0.0001280 seconds
2019-02-01T00:31:10.263+0000: 792045.220: Application time: 0.0019256 seconds
2019-02-01T00:31:10.268+0000: 792045.226: Total time for which application threads were stopped: 0.0054816 seconds, Stopping threads took: 0.0002884 seconds
2019-02-01T00:31:10.268+0000: 792045.226: Application time: 0.0000741 seconds
2019-02-01T00:31:10.274+0000: 792045.231: Total time for which application threads were stopped: 0.0053126 seconds, Stopping threads took: 0.0001410 seconds
2019-02-01T00:31:11.184+0000: 792046.142: Application time: 0.9105690 seconds
2019-02-01T00:31:11.194+0000: 792046.151: Total time for which application threads were stopped: 0.0094599 seconds, Stopping threads took: 0.0020063 seconds
2019-02-01T00:31:11.195+0000: 792046.153: Application time: 0.0011115 seconds
2019-02-01T00:31:11.202+0000: 792046.160: [GC (GCLocker Initiated GC) 2019-02-01T00:31:11.216+0000: 792046.174: [SoftReference, 0 refs, 0.0000618 secs]2019-02-01T00:31:11.216+0000: 792046.174: [WeakReference, 35 refs, 0.0000240 secs]2019-02-01T00:31:11.216+0000: 792046.174: [FinalReference, 963 refs, 0.0004760 secs]2019-02-01T00:31:11.217+0000: 792046.175: [PhantomReference, 0 refs, 1 refs, 0.0000104 secs]2019-02-01T00:31:11.217+0000: 792046.175: [JNI Weak Reference, 0.0000194 secs]
Desired survivor size 134742016 bytes, new threshold 1 (max 15)
[PSYoungGen: 1717319K->58058K(1710080K)] 3308923K->1656312K(4962304K), 0.0177995 secs] [Times: user=0.25 sys=0.01, real=0.02 secs] 
2019-02-01T00:31:11.220+0000: 792046.178: Total time for which application threads were stopped: 0.0256311 seconds, Stopping threads took: 0.0004007 seconds
2019-02-01T00:31:16.198+0000: 792051.156: Application time: 4.9778770 seconds
2019-02-01T00:31:16.204+0000: 792051.162: Total time for which application threads were stopped: 0.0058099 seconds, Stopping threads took: 0.0002040 seconds
2019-02-01T00:31:16.205+0000: 792051.163: Application time: 0.0006663 seconds
2019-02-01T00:31:16.213+0000: 792051.171: [GC (GCLocker Initiated GC) 2019-02-01T00:31:16.224+0000: 792051.182: [SoftReference, 0 refs, 0.0000620 secs]2019-02-01T00:31:16.225+0000: 792051.182: [WeakReference, 42 refs, 0.0000403 secs]2019-02-01T00:31:16.225+0000: 792051.182: [FinalReference, 848 refs, 0.0006831 secs]2019-02-01T00:31:16.225+0000: 792051.183: [PhantomReference, 0 refs, 1 refs, 0.0000209 secs]2019-02-01T00:31:16.225+0000: 792051.183: [JNI Weak Reference, 0.0000325 secs]
Desired survivor size 135790592 bytes, new threshold 1 (max 15)
[PSYoungGen: 1709770K->37533K(1782272K)] 3308043K->1640018K(5034496K), 0.0175285 secs] [Times: user=0.21 sys=0.00, real=0.02 secs] 
2019-02-01T00:31:16.231+0000: 792051.188: Total time for which application threads were stopped: 0.0258469 seconds, Stopping threads took: 0.0002820 seconds
2019-02-01T00:31:21.526+0000: 792056.484: Application time: 5.2955833 seconds
2019-02-01T00:31:21.534+0000: 792056.492: Total time for which application threads were stopped: 0.0078672 seconds, Stopping threads took: 0.0002895 seconds
2019-02-01T00:31:21.535+0000: 792056.493: Application time: 0.0014185 seconds
2019-02-01T00:31:21.543+0000: 792056.501: [GC (GCLocker Initiated GC) 2019-02-01T00:31:21.558+0000: 792056.516: [SoftReference, 0 refs, 0.0000514 secs]2019-02-01T00:31:21.558+0000: 792056.516: [WeakReference, 32 refs, 0.0000237 secs]2019-02-01T00:31:21.558+0000: 792056.516: [FinalReference, 896 refs, 0.0004613 secs]2019-02-01T00:31:21.559+0000: 792056.517: [PhantomReference, 0 refs, 0 refs, 0.0000100 secs]2019-02-01T00:31:21.559+0000: 792056.517: [JNI Weak Reference, 0.0000184 secs]
Desired survivor size 130547712 bytes, new threshold 1 (max 15)
[PSYoungGen: 1688221K->68074K(1783296K)] 3290854K->1674085K(5035520K), 0.0188914 secs] [Times: user=0.28 sys=0.00, real=0.02 secs] 
2019-02-01T00:31:21.562+0000: 792056.520: Total time for which application threads were stopped: 0.0268583 seconds, Stopping threads took: 0.0001653 seconds
2019-02-01T00:31:26.631+0000: 792061.589: Application time: 5.0689271 seconds
2019-02-01T00:31:26.637+0000: 792061.595: Total time for which application threads were stopped: 0.0057833 seconds, Stopping threads took: 0.0002538 seconds
2019-02-01T00:31:26.638+0000: 792061.595: Application time: 0.0005757 seconds
2019-02-01T00:31:26.645+0000: 792061.603: [GC (GCLocker Initiated GC) 2019-02-01T00:31:26.658+0000: 792061.615: [SoftReference, 0 refs, 0.0000547 secs]2019-02-01T00:31:26.658+0000: 792061.616: [WeakReference, 30 refs, 0.0000235 secs]2019-02-01T00:31:26.658+0000: 792061.616: [FinalReference, 851 refs, 0.0004609 secs]2019-02-01T00:31:26.658+0000: 792061.616: [PhantomReference, 0 refs, 0 refs, 0.0000098 secs]2019-02-01T00:31:26.658+0000: 792061.616: [JNI Weak Reference, 0.0000187 secs]
Desired survivor size 133169152 bytes, new threshold 1 (max 15)
[PSYoungGen: 1718762K->24728K(1782784K)] 3324784K->1635102K(5035008K), 0.0162819 secs] [Times: user=0.21 sys=0.00, real=0.02 secs] 
2019-02-01T00:31:26.662+0000: 792061.620: Total time for which application threads were stopped: 0.0241389 seconds, Stopping threads took: 0.0002502 seconds
2019-02-01T00:31:31.389+0000: 792066.347: Application time: 4.7276894 seconds
2019-02-01T00:31:31.396+0000: 792066.353: Total time for which application threads were stopped: 0.0061345 seconds, Stopping threads took: 0.0002394 seconds
2019-02-01T00:31:31.396+0000: 792066.354: Application time: 0.0005857 seconds
2019-02-01T00:31:31.404+0000: 792066.362: [GC (GCLocker Initiated GC) 2019-02-01T00:31:31.417+0000: 792066.374: [SoftReference, 0 refs, 0.0000845 secs]2019-02-01T00:31:31.417+0000: 792066.375: [WeakReference, 11 refs, 0.0000344 secs]2019-02-01T00:31:31.417+0000: 792066.375: [FinalReference, 847 refs, 0.0007033 secs]2019-02-01T00:31:31.417+0000: 792066.375: [PhantomReference, 0 refs, 0 refs, 0.0000210 secs]2019-02-01T00:31:31.417+0000: 792066.375: [JNI Weak Reference, 0.0000315 secs]
Desired survivor size 128450560 bytes, new threshold 1 (max 15)
[PSYoungGen: 1680024K->58684K(1785344K)] 3290412K->1672307K(5037568K), 0.0186062 secs] [Times: user=0.22 sys=0.00, real=0.02 secs] 
2019-02-01T00:31:31.423+0000: 792066.380: Total time for which application threads were stopped: 0.0264567 seconds, Stopping threads took: 0.0002916 seconds
2019-02-01T00:31:36.682+0000: 792071.640: Application time: 5.2594146 seconds
2019-02-01T00:31:36.691+0000: 792071.648: Total time for which application threads were stopped: 0.0086301 seconds, Stopping threads took: 0.0002224 seconds
2019-02-01T00:31:36.691+0000: 792071.649: Application time: 0.0008478 seconds
2019-02-01T00:31:36.700+0000: 792071.658: [GC (GCLocker Initiated GC) 2019-02-01T00:31:36.718+0000: 792071.676: [SoftReference, 0 refs, 0.0000778 secs]2019-02-01T00:31:36.718+0000: 792071.676: [WeakReference, 24 refs, 0.0000281 secs]2019-02-01T00:31:36.718+0000: 792071.676: [FinalReference, 910 refs, 0.0007142 secs]2019-02-01T00:31:36.719+0000: 792071.676: [PhantomReference, 0 refs, 0 refs, 0.0000201 secs]2019-02-01T00:31:36.719+0000: 792071.676: [JNI Weak Reference, 0.0000328 secs]
Desired survivor size 124256256 bytes, new threshold 1 (max 15)
[PSYoungGen: 1713980K->56947K(1785856K)] 3334287K->1679741K(5038080K), 0.0233062 secs] [Times: user=0.27 sys=0.01, real=0.03 secs] 
2019-02-01T00:31:36.724+0000: 792071.681: Total time for which application threads were stopped: 0.0320192 seconds, Stopping threads took: 0.0002614 seconds
2019-02-01T00:31:40.369+0000: 792075.327: Application time: 3.6454611 seconds
2019-02-01T00:31:40.376+0000: 792075.333: Total time for which application threads were stopped: 0.0066334 seconds, Stopping threads took: 0.0006969 seconds
2019-02-01T00:31:42.179+0000: 792077.136: Application time: 1.8030125 seconds
2019-02-01T00:31:42.185+0000: 792077.143: Total time for which application threads were stopped: 0.0061597 seconds, Stopping threads took: 0.0003060 seconds
2019-02-01T00:31:42.186+0000: 792077.143: Application time: 0.0006990 seconds
2019-02-01T00:31:42.192+0000: 792077.149: [GC (GCLocker Initiated GC) 2019-02-01T00:31:42.204+0000: 792077.161: [SoftReference, 0 refs, 0.0000596 secs]2019-02-01T00:31:42.204+0000: 792077.161: [WeakReference, 12 refs, 0.0000192 secs]2019-02-01T00:31:42.204+0000: 792077.162: [FinalReference, 968 refs, 0.0005270 secs]2019-02-01T00:31:42.204+0000: 792077.162: [PhantomReference, 0 refs, 0 refs, 0.0000102 secs]2019-02-01T00:31:42.204+0000: 792077.162: [JNI Weak Reference, 0.0000207 secs]
Desired survivor size 121110528 bytes, new threshold 1 (max 15)
[PSYoungGen: 1723507K->50451K(1787904K)] 3350037K->1680556K(5040128K), 0.0157982 secs] [Times: user=0.23 sys=0.01, real=0.02 secs] 
2019-02-01T00:31:42.208+0000: 792077.165: Total time for which application threads were stopped: 0.0221178 seconds, Stopping threads took: 0.0003391 seconds
2019-02-01T00:31:47.117+0000: 792082.074: Application time: 4.9088825 seconds
2019-02-01T00:31:47.125+0000: 792082.083: Total time for which application threads were stopped: 0.0083400 seconds, Stopping threads took: 0.0019864 seconds
2019-02-01T00:31:47.126+0000: 792082.084: Application time: 0.0012033 seconds
2019-02-01T00:31:47.134+0000: 792082.092: [GC (GCLocker Initiated GC) 2019-02-01T00:31:47.148+0000: 792082.106: [SoftReference, 0 refs, 0.0000727 secs]2019-02-01T00:31:47.148+0000: 792082.106: [WeakReference, 8 refs, 0.0000223 secs]2019-02-01T00:31:47.148+0000: 792082.106: [FinalReference, 891 refs, 0.0006218 secs]2019-02-01T00:31:47.148+0000: 792082.106: [PhantomReference, 0 refs, 2 refs, 0.0000201 secs]2019-02-01T00:31:47.148+0000: 792082.106: [JNI Weak Reference, 0.0000327 secs]
Desired survivor size 118489088 bytes, new threshold 1 (max 15)
[PSYoungGen: 1717011K->48188K(1796608K)] 3347207K->1682014K(5048832K), 0.0191574 secs] [Times: user=0.24 sys=0.00, real=0.02 secs] 
2019-02-01T00:31:47.153+0000: 792082.111: Total time for which application threads were stopped: 0.0273533 seconds, Stopping threads took: 0.0004719 seconds
2019-02-01T00:31:52.335+0000: 792087.292: Application time: 5.1811189 seconds
2019-02-01T00:31:52.343+0000: 792087.301: Total time for which application threads were stopped: 0.0086893 seconds, Stopping threads took: 0.0002025 seconds
2019-02-01T00:31:52.344+0000: 792087.302: Application time: 0.0005414 seconds
2019-02-01T00:31:52.353+0000: 792087.311: [GC (GCLocker Initiated GC) 2019-02-01T00:31:52.365+0000: 792087.322: [SoftReference, 0 refs, 0.0000709 secs]2019-02-01T00:31:52.365+0000: 792087.323: [WeakReference, 134 refs, 0.0000741 secs]2019-02-01T00:31:52.365+0000: 792087.323: [FinalReference, 852 refs, 0.0007147 secs]2019-02-01T00:31:52.366+0000: 792087.323: [PhantomReference, 0 refs, 1 refs, 0.0000250 secs]2019-02-01T00:31:52.366+0000: 792087.323: [JNI Weak Reference, 0.0000447 secs]
Desired survivor size 116391936 bytes, new threshold 1 (max 15)
[PSYoungGen: 1730620K->41751K(1798144K)] 3371099K->1685793K(5050368K), 0.0177393 secs] [Times: user=0.20 sys=0.01, real=0.02 secs] 
2019-02-01T00:31:52.371+0000: 792087.329: Total time for which application threads were stopped: 0.0270275 seconds, Stopping threads took: 0.0004706 seconds
2019-02-01T00:31:57.851+0000: 792092.809: Application time: 5.4804403 seconds
2019-02-01T00:31:57.861+0000: 792092.819: Total time for which application threads were stopped: 0.0101566 seconds, Stopping threads took: 0.0030365 seconds
2019-02-01T00:31:57.863+0000: 792092.821: Application time: 0.0014580 seconds
2019-02-01T00:31:57.870+0000: 792092.828: [GC (GCLocker Initiated GC) 2019-02-01T00:31:57.886+0000: 792092.843: [SoftReference, 0 refs, 0.0000926 secs]2019-02-01T00:31:57.886+0000: 792092.843: [WeakReference, 9 refs, 0.0000149 secs]2019-02-01T00:31:57.886+0000: 792092.843: [FinalReference, 909 refs, 0.0004506 secs]2019-02-01T00:31:57.886+0000: 792092.844: [PhantomReference, 0 refs, 1 refs, 0.0000111 secs]2019-02-01T00:31:57.886+0000: 792092.844: [JNI Weak Reference, 0.0000197 secs]
Desired survivor size 115867648 bytes, new threshold 1 (max 15)
[PSYoungGen: 1724183K->31641K(1805824K)] 3371612K->1682655K(5058048K), 0.0194464 secs] [Times: user=0.20 sys=0.01, real=0.02 secs] 
2019-02-01T00:31:57.890+0000: 792092.848: Total time for which application threads were stopped: 0.0267732 seconds, Stopping threads took: 0.0002512 seconds
2019-02-01T00:32:03.762+0000: 792098.720: Application time: 5.8720431 seconds
2019-02-01T00:32:03.771+0000: 792098.728: Total time for which application threads were stopped: 0.0089201 seconds, Stopping threads took: 0.0002429 seconds
2019-02-01T00:32:03.771+0000: 792098.729: Application time: 0.0001893 seconds
2019-02-01T00:32:03.779+0000: 792098.737: Total time for which application threads were stopped: 0.0085719 seconds, Stopping threads took: 0.0001591 seconds
2019-02-01T00:32:03.780+0000: 792098.738: Application time: 0.0003496 seconds
2019-02-01T00:32:03.789+0000: 792098.746: [GC (GCLocker Initiated GC) 2019-02-01T00:32:03.801+0000: 792098.759: [SoftReference, 0 refs, 0.0000684 secs]2019-02-01T00:32:03.802+0000: 792098.759: [WeakReference, 73 refs, 0.0000833 secs]2019-02-01T00:32:03.802+0000: 792098.759: [FinalReference, 952 refs, 0.0007023 secs]2019-02-01T00:32:03.802+0000: 792098.760: [PhantomReference, 0 refs, 0 refs, 0.0000197 secs]2019-02-01T00:32:03.802+0000: 792098.760: [JNI Weak Reference, 0.0000335 secs]
Desired survivor size 112721920 bytes, new threshold 1 (max 15)
[PSYoungGen: 1724313K->44672K(1805824K)] 3375393K->1699193K(5058048K), 0.0188730 secs] [Times: user=0.24 sys=0.00, real=0.02 secs] 
2019-02-01T00:32:03.808+0000: 792098.766: Total time for which application threads were stopped: 0.0278836 seconds, Stopping threads took: 0.0001698 seconds
2019-02-01T00:32:04.657+0000: 792099.614: Application time: 0.8488958 seconds
2019-02-01T00:32:04.665+0000: 792099.623: Total time for which application threads were stopped: 0.0087403 seconds, Stopping threads took: 0.0002647 seconds
2019-02-01T00:32:09.530+0000: 792104.488: Application time: 4.8650246 seconds
2019-02-01T00:32:09.539+0000: 792104.497: Total time for which application threads were stopped: 0.0087393 seconds, Stopping threads took: 0.0031146 seconds
2019-02-01T00:32:09.540+0000: 792104.498: Application time: 0.0008632 seconds
2019-02-01T00:32:09.548+0000: 792104.506: [GC (GCLocker Initiated GC) 2019-02-01T00:32:09.568+0000: 792104.526: [SoftReference, 0 refs, 0.0000502 secs]2019-02-01T00:32:09.568+0000: 792104.526: [WeakReference, 16 refs, 0.0000179 secs]2019-02-01T00:32:09.568+0000: 792104.526: [FinalReference, 910 refs, 0.0004921 secs]2019-02-01T00:32:09.569+0000: 792104.527: [PhantomReference, 0 refs, 2 refs, 0.0000108 secs]2019-02-01T00:32:09.569+0000: 792104.527: [JNI Weak Reference, 0.0000194 secs]
Desired survivor size 117440512 bytes, new threshold 1 (max 15)
[PSYoungGen: 1737344K->83889K(1801216K)] 3395460K->1745296K(5053440K), 0.0241515 secs] [Times: user=0.39 sys=0.02, real=0.02 secs] 
2019-02-01T00:32:09.572+0000: 792104.530: Total time for which application threads were stopped: 0.0325047 seconds, Stopping threads took: 0.0001840 seconds
2019-02-01T00:32:15.512+0000: 792110.470: Application time: 5.9393144 seconds
2019-02-01T00:32:15.518+0000: 792110.476: Total time for which application threads were stopped: 0.0066942 seconds, Stopping threads took: 0.0011445 seconds
2019-02-01T00:32:15.519+0000: 792110.477: Application time: 0.0003333 seconds
2019-02-01T00:32:15.525+0000: 792110.482: [GC (GCLocker Initiated GC) 2019-02-01T00:32:15.538+0000: 792110.496: [SoftReference, 0 refs, 0.0000774 secs]2019-02-01T00:32:15.538+0000: 792110.496: [WeakReference, 45 refs, 0.0000414 secs]2019-02-01T00:32:15.538+0000: 792110.496: [FinalReference, 979 refs, 0.0007073 secs]2019-02-01T00:32:15.539+0000: 792110.496: [PhantomReference, 0 refs, 1 refs, 0.0000248 secs]2019-02-01T00:32:15.539+0000: 792110.496: [JNI Weak Reference, 0.0000321 secs]
Desired survivor size 114819072 bytes, new threshold 1 (max 15)
[PSYoungGen: 1775025K->42635K(1805824K)] 3443104K->1714289K(5058048K), 0.0186664 secs] [Times: user=0.20 sys=0.00, real=0.02 secs] 
2019-02-01T00:32:15.544+0000: 792110.501: Total time for which application threads were stopped: 0.0247444 seconds, Stopping threads took: 0.0001738 seconds
2019-02-01T00:32:20.657+0000: 792115.615: Application time: 5.1132709 seconds
2019-02-01T00:32:20.663+0000: 792115.621: Total time for which application threads were stopped: 0.0064286 seconds, Stopping threads took: 0.0006947 seconds
2019-02-01T00:32:20.665+0000: 792115.622: Application time: 0.0013393 seconds
2019-02-01T00:32:20.678+0000: 792115.635: [GC (GCLocker Initiated GC) 2019-02-01T00:32:20.692+0000: 792115.650: [SoftReference, 0 refs, 0.0000764 secs]2019-02-01T00:32:20.692+0000: 792115.650: [WeakReference, 70 refs, 0.0000514 secs]2019-02-01T00:32:20.693+0000: 792115.650: [FinalReference, 832 refs, 0.0018532 secs]2019-02-01T00:32:20.694+0000: 792115.652: [PhantomReference, 0 refs, 2 refs, 0.0000371 secs]2019-02-01T00:32:20.694+0000: 792115.652: [JNI Weak Reference, 0.0000328 secs]
Desired survivor size 116391936 bytes, new threshold 1 (max 15)
[PSYoungGen: 1733771K->77147K(1735680K)] 3405475K->1752065K(4987904K), 0.0224007 secs] [Times: user=0.24 sys=0.00, real=0.03 secs] 
2019-02-01T00:32:20.700+0000: 792115.658: Total time for which application threads were stopped: 0.0356479 seconds, Stopping threads took: 0.0053457 seconds
2019-02-01T00:32:26.481+0000: 792121.439: Application time: 5.7811450 seconds
2019-02-01T00:32:26.487+0000: 792121.445: Total time for which application threads were stopped: 0.0059174 seconds, Stopping threads took: 0.0002878 seconds
2019-02-01T00:32:26.488+0000: 792121.446: Application time: 0.0009267 seconds
2019-02-01T00:32:26.495+0000: 792121.452: [GC (GCLocker Initiated GC) 2019-02-01T00:32:26.511+0000: 792121.469: [SoftReference, 0 refs, 0.0000762 secs]2019-02-01T00:32:26.512+0000: 792121.469: [WeakReference, 62 refs, 0.0000496 secs]2019-02-01T00:32:26.512+0000: 792121.469: [FinalReference, 946 refs, 0.0021326 secs]2019-02-01T00:32:26.514+0000: 792121.472: [PhantomReference, 0 refs, 1 refs, 0.0000285 secs]2019-02-01T00:32:26.514+0000: 792121.472: [JNI Weak Reference, 0.0000334 secs]
Desired survivor size 117440512 bytes, new threshold 1 (max 15)
[PSYoungGen: 1735515K->75644K(1702400K)] 3410492K->1753559K(4954624K), 0.0326048 secs] [Times: user=0.28 sys=0.01, real=0.03 secs] 
2019-02-01T00:32:26.527+0000: 792121.485: Total time for which application threads were stopped: 0.0391094 seconds, Stopping threads took: 0.0005441 seconds
2019-02-01T00:32:32.081+0000: 792127.039: Application time: 5.5538549 seconds
2019-02-01T00:32:32.088+0000: 792127.046: Total time for which application threads were stopped: 0.0067671 seconds, Stopping threads took: 0.0002139 seconds
2019-02-01T00:32:32.089+0000: 792127.047: Application time: 0.0009712 seconds
2019-02-01T00:32:32.096+0000: 792127.054: [GC (GCLocker Initiated GC) 2019-02-01T00:32:32.108+0000: 792127.065: [SoftReference, 0 refs, 0.0000890 secs]2019-02-01T00:32:32.108+0000: 792127.065: [WeakReference, 45 refs, 0.0000384 secs]2019-02-01T00:32:32.108+0000: 792127.065: [FinalReference, 886 refs, 0.0004741 secs]2019-02-01T00:32:32.108+0000: 792127.066: [PhantomReference, 0 refs, 0 refs, 0.0000100 secs]2019-02-01T00:32:32.108+0000: 792127.066: [JNI Weak Reference, 0.0000248 secs]
Desired survivor size 118489088 bytes, new threshold 1 (max 15)
[PSYoungGen: 1702268K->21836K(1681920K)] 3383534K->1707427K(4934144K), 0.0193009 secs] [Times: user=0.19 sys=0.01, real=0.02 secs] 
2019-02-01T00:32:32.116+0000: 792127.074: Total time for which application threads were stopped: 0.0268395 seconds, Stopping threads took: 0.0002709 seconds
2019-02-01T00:32:37.492+0000: 792132.450: Application time: 5.3765459 seconds
2019-02-01T00:32:37.501+0000: 792132.459: Total time for which application threads were stopped: 0.0089625 seconds, Stopping threads took: 0.0003883 seconds
2019-02-01T00:32:37.502+0000: 792132.460: Application time: 0.0010831 seconds
2019-02-01T00:32:37.512+0000: 792132.470: [GC (GCLocker Initiated GC) 2019-02-01T00:32:37.526+0000: 792132.484: [SoftReference, 0 refs, 0.0000722 secs]2019-02-01T00:32:37.526+0000: 792132.484: [WeakReference, 36 refs, 0.0000413 secs]2019-02-01T00:32:37.526+0000: 792132.484: [FinalReference, 783 refs, 0.0006073 secs]2019-02-01T00:32:37.527+0000: 792132.484: [PhantomReference, 0 refs, 1 refs, 0.0000219 secs]2019-02-01T00:32:37.527+0000: 792132.484: [JNI Weak Reference, 0.0000328 secs]
Desired survivor size 114819072 bytes, new threshold 1 (max 15)
[PSYoungGen: 1617740K->44298K(1610752K)] 3310839K->1741525K(4862976K), 0.0297537 secs] [Times: user=0.22 sys=0.02, real=0.03 secs] 
2019-02-01T00:32:37.542+0000: 792132.500: Total time for which application threads were stopped: 0.0393475 seconds, Stopping threads took: 0.0004943 seconds
2019-02-01T00:32:40.368+0000: 792135.326: Application time: 2.8264251 seconds
2019-02-01T00:32:40.375+0000: 792135.333: Total time for which application threads were stopped: 0.0071575 seconds, Stopping threads took: 0.0002914 seconds
2019-02-01T00:32:42.386+0000: 792137.343: Application time: 2.0101849 seconds
2019-02-01T00:32:42.396+0000: 792137.354: Total time for which application threads were stopped: 0.0101408 seconds, Stopping threads took: 0.0003373 seconds
2019-02-01T00:32:42.397+0000: 792137.355: Application time: 0.0012939 seconds
2019-02-01T00:32:42.407+0000: 792137.365: [GC (GCLocker Initiated GC) 2019-02-01T00:32:42.425+0000: 792137.383: [SoftReference, 0 refs, 0.0000735 secs]2019-02-01T00:32:42.425+0000: 792137.383: [WeakReference, 15 refs, 0.0000171 secs]2019-02-01T00:32:42.425+0000: 792137.383: [FinalReference, 774 refs, 0.0007190 secs]2019-02-01T00:32:42.426+0000: 792137.384: [PhantomReference, 0 refs, 0 refs, 0.0000246 secs]2019-02-01T00:32:42.426+0000: 792137.384: [JNI Weak Reference, 0.0000313 secs]
Desired survivor size 112721920 bytes, new threshold 1 (max 15)
[PSYoungGen: 1610506K->34272K(1615872K)] 3307837K->1734588K(4868096K), 0.0331485 secs] [Times: user=0.33 sys=0.03, real=0.03 secs] 
2019-02-01T00:32:42.441+0000: 792137.399: Total time for which application threads were stopped: 0.0438363 seconds, Stopping threads took: 0.0002939 seconds
2019-02-01T00:32:47.547+0000: 792142.505: Application time: 5.1065232 seconds
2019-02-01T00:32:47.556+0000: 792142.514: Total time for which application threads were stopped: 0.0090967 seconds, Stopping threads took: 0.0002780 seconds
2019-02-01T00:32:47.558+0000: 792142.515: Application time: 0.0011349 seconds
2019-02-01T00:32:47.567+0000: 792142.525: [GC (GCLocker Initiated GC) 2019-02-01T00:32:47.579+0000: 792142.537: [SoftReference, 0 refs, 0.0000589 secs]2019-02-01T00:32:47.579+0000: 792142.537: [WeakReference, 46 refs, 0.0000326 secs]2019-02-01T00:32:47.579+0000: 792142.537: [FinalReference, 812 refs, 0.0003941 secs]2019-02-01T00:32:47.579+0000: 792142.537: [PhantomReference, 0 refs, 0 refs, 0.0000104 secs]2019-02-01T00:32:47.579+0000: 792142.537: [JNI Weak Reference, 0.0000194 secs]
Desired survivor size 109576192 bytes, new threshold 1 (max 15)
[PSYoungGen: 1571296K->40304K(1549312K)] 3274951K->1747383K(4801536K), 0.0204242 secs] [Times: user=0.22 sys=0.00, real=0.02 secs] 
2019-02-01T00:32:47.588+0000: 792142.545: Total time for which application threads were stopped: 0.0298825 seconds, Stopping threads took: 0.0001482 seconds
2019-02-01T00:32:51.993+0000: 792146.951: Application time: 4.4054497 seconds
2019-02-01T00:32:52.000+0000: 792146.958: Total time for which application threads were stopped: 0.0072194 seconds, Stopping threads took: 0.0001734 seconds
2019-02-01T00:32:52.001+0000: 792146.959: Application time: 0.0006970 seconds
2019-02-01T00:32:52.008+0000: 792146.966: [GC (GCLocker Initiated GC) 2019-02-01T00:32:52.020+0000: 792146.977: [SoftReference, 0 refs, 0.0000497 secs]2019-02-01T00:32:52.020+0000: 792146.977: [WeakReference, 58 refs, 0.0000423 secs]2019-02-01T00:32:52.020+0000: 792146.978: [FinalReference, 813 refs, 0.0004311 secs]2019-02-01T00:32:52.020+0000: 792146.978: [PhantomReference, 0 refs, 0 refs, 0.0000122 secs]2019-02-01T00:32:52.020+0000: 792146.978: [JNI Weak Reference, 0.0000229 secs]
Desired survivor size 107479040 bytes, new threshold 1 (max 15)
[PSYoungGen: 1549168K->32363K(1557504K)] 3256266K->1747536K(4809728K), 0.0207440 secs] [Times: user=0.22 sys=0.00, real=0.02 secs] 
2019-02-01T00:32:52.029+0000: 792146.987: Total time for which application threads were stopped: 0.0280808 seconds, Stopping threads took: 0.0001954 seconds
2019-02-01T00:32:56.410+0000: 792151.367: Application time: 4.3806361 seconds
2019-02-01T00:32:56.419+0000: 792151.377: Total time for which application threads were stopped: 0.0091495 seconds, Stopping threads took: 0.0001748 seconds
2019-02-01T00:32:56.420+0000: 792151.377: Application time: 0.0008230 seconds
2019-02-01T00:32:56.429+0000: 792151.386: [GC (GCLocker Initiated GC) 2019-02-01T00:32:56.442+0000: 792151.399: [SoftReference, 0 refs, 0.0000820 secs]2019-02-01T00:32:56.442+0000: 792151.399: [WeakReference, 21 refs, 0.0000306 secs]2019-02-01T00:32:56.442+0000: 792151.400: [FinalReference, 816 refs, 0.0007153 secs]2019-02-01T00:32:56.442+0000: 792151.400: [PhantomReference, 0 refs, 0 refs, 0.0000279 secs]2019-02-01T00:32:56.442+0000: 792151.400: [JNI Weak Reference, 0.0000339 secs]
Desired survivor size 105906176 bytes, new threshold 1 (max 15)
[PSYoungGen: 1514091K->26282K(1481728K)] 3229299K->1744849K(4733952K), 0.0271636 secs] [Times: user=0.19 sys=0.01, real=0.03 secs] 
2019-02-01T00:32:56.456+0000: 792151.414: Total time for which application threads were stopped: 0.0364901 seconds, Stopping threads took: 0.0002029 seconds
2019-02-01T00:33:01.242+0000: 792156.200: Application time: 4.7859475 seconds
2019-02-01T00:33:01.251+0000: 792156.209: Total time for which application threads were stopped: 0.0089101 seconds, Stopping threads took: 0.0003676 seconds
2019-02-01T00:33:01.254+0000: 792156.211: Application time: 0.0025879 seconds
2019-02-01T00:33:01.261+0000: 792156.219: [GC (GCLocker Initiated GC) 2019-02-01T00:33:01.278+0000: 792156.236: [SoftReference, 0 refs, 0.0000560 secs]2019-02-01T00:33:01.278+0000: 792156.236: [WeakReference, 29 refs, 0.0000225 secs]2019-02-01T00:33:01.278+0000: 792156.236: [FinalReference, 822 refs, 0.0004315 secs]2019-02-01T00:33:01.278+0000: 792156.236: [PhantomReference, 0 refs, 1 refs, 0.0000124 secs]2019-02-01T00:33:01.278+0000: 792156.236: [JNI Weak Reference, 0.0000210 secs]
Desired survivor size 108003328 bytes, new threshold 1 (max 15)
[PSYoungGen: 1481386K->68532K(1511424K)] 3211927K->1802246K(4763648K), 0.0241727 secs] [Times: user=0.33 sys=0.00, real=0.03 secs] 
2019-02-01T00:33:01.286+0000: 792156.244: Total time for which application threads were stopped: 0.0321567 seconds, Stopping threads took: 0.0005345 seconds
2019-02-01T00:33:06.283+0000: 792161.241: Application time: 4.9976606 seconds
2019-02-01T00:33:06.293+0000: 792161.250: Total time for which application threads were stopped: 0.0091489 seconds, Stopping threads took: 0.0006049 seconds
2019-02-01T00:33:06.293+0000: 792161.251: Application time: 0.0008417 seconds
2019-02-01T00:33:06.303+0000: 792161.261: [GC (GCLocker Initiated GC) 2019-02-01T00:33:06.316+0000: 792161.273: [SoftReference, 0 refs, 0.0000569 secs]2019-02-01T00:33:06.316+0000: 792161.273: [WeakReference, 90 refs, 0.0000427 secs]2019-02-01T00:33:06.316+0000: 792161.274: [FinalReference, 811 refs, 0.0004133 secs]2019-02-01T00:33:06.316+0000: 792161.274: [PhantomReference, 0 refs, 1 refs, 0.0000106 secs]2019-02-01T00:33:06.316+0000: 792161.274: [JNI Weak Reference, 0.0000196 secs]
Desired survivor size 102760448 bytes, new threshold 1 (max 15)
[PSYoungGen: 1498036K->48341K(1453056K)] 3235087K->1790481K(4705280K), 0.0229853 secs] [Times: user=0.26 sys=0.00, real=0.03 secs] 
2019-02-01T00:33:06.326+0000: 792161.284: Total time for which application threads were stopped: 0.0324589 seconds, Stopping threads took: 0.0004800 seconds
2019-02-01T00:33:11.455+0000: 792166.412: Application time: 5.1287177 seconds
2019-02-01T00:33:11.463+0000: 792166.421: Total time for which application threads were stopped: 0.0089212 seconds, Stopping threads took: 0.0003709 seconds
2019-02-01T00:33:11.464+0000: 792166.422: Application time: 0.0008665 seconds
2019-02-01T00:33:11.473+0000: 792166.431: [GC (GCLocker Initiated GC) 2019-02-01T00:33:11.487+0000: 792166.445: [SoftReference, 0 refs, 0.0000733 secs]2019-02-01T00:33:11.487+0000: 792166.445: [WeakReference, 25 refs, 0.0000369 secs]2019-02-01T00:33:11.487+0000: 792166.445: [FinalReference, 880 refs, 0.0006580 secs]2019-02-01T00:33:11.488+0000: 792166.446: [PhantomReference, 0 refs, 0 refs, 0.0000204 secs]2019-02-01T00:33:11.488+0000: 792166.446: [JNI Weak Reference, 0.0000334 secs]
Desired survivor size 100663296 bytes, new threshold 1 (max 15)
[PSYoungGen: 1452757K->58334K(1452544K)] 3194957K->1803331K(4704768K), 0.0231758 secs] [Times: user=0.25 sys=0.01, real=0.03 secs] 
2019-02-01T00:33:11.497+0000: 792166.455: Total time for which application threads were stopped: 0.0325078 seconds, Stopping threads took: 0.0002950 seconds
2019-02-01T00:33:16.165+0000: 792171.123: Application time: 4.6678201 seconds
2019-02-01T00:33:16.174+0000: 792171.132: Total time for which application threads were stopped: 0.0090088 seconds, Stopping threads took: 0.0002826 seconds
2019-02-01T00:33:16.175+0000: 792171.133: Application time: 0.0010414 seconds
2019-02-01T00:33:16.184+0000: 792171.142: [GC (GCLocker Initiated GC) 2019-02-01T00:33:16.197+0000: 792171.155: [SoftReference, 0 refs, 0.0000707 secs]2019-02-01T00:33:16.197+0000: 792171.155: [WeakReference, 12 refs, 0.0000262 secs]2019-02-01T00:33:16.197+0000: 792171.155: [FinalReference, 709 refs, 0.0006380 secs]2019-02-01T00:33:16.198+0000: 792171.155: [PhantomReference, 0 refs, 0 refs, 0.0000237 secs]2019-02-01T00:33:16.198+0000: 792171.155: [JNI Weak Reference, 0.0000455 secs]
Desired survivor size 96993280 bytes, new threshold 1 (max 15)
[PSYoungGen: 1438686K->43619K(1400832K)] 3187044K->1796361K(4653056K), 0.0275789 secs] [Times: user=0.25 sys=0.01, real=0.03 secs] 
2019-02-01T00:33:16.212+0000: 792171.169: Total time for which application threads were stopped: 0.0367375 seconds, Stopping threads took: 0.0001748 seconds
2019-02-01T00:33:21.964+0000: 792176.922: Application time: 5.7523712 seconds
2019-02-01T00:33:21.973+0000: 792176.931: Total time for which application threads were stopped: 0.0088265 seconds, Stopping threads took: 0.0003244 seconds
2019-02-01T00:33:21.974+0000: 792176.932: Application time: 0.0009469 seconds
2019-02-01T00:33:21.983+0000: 792176.940: [GC (GCLocker Initiated GC) 2019-02-01T00:33:21.999+0000: 792176.956: [SoftReference, 0 refs, 0.0000589 secs]2019-02-01T00:33:21.999+0000: 792176.956: [WeakReference, 61 refs, 0.0000368 secs]2019-02-01T00:33:21.999+0000: 792176.957: [FinalReference, 766 refs, 0.0015350 secs]2019-02-01T00:33:22.000+0000: 792176.958: [PhantomReference, 0 refs, 0 refs, 0.0000146 secs]2019-02-01T00:33:22.000+0000: 792176.958: [JNI Weak Reference, 0.0000194 secs]
Desired survivor size 95944704 bytes, new threshold 1 (max 15)
[PSYoungGen: 1400419K->29700K(1403392K)] 3156768K->1788729K(4655616K), 0.0254348 secs] [Times: user=0.23 sys=0.00, real=0.02 secs] 
2019-02-01T00:33:22.008+0000: 792176.966: Total time for which application threads were stopped: 0.0345091 seconds, Stopping threads took: 0.0002916 seconds
2019-02-01T00:33:27.649+0000: 792182.607: Application time: 5.6406311 seconds
2019-02-01T00:33:27.657+0000: 792182.615: Total time for which application threads were stopped: 0.0086394 seconds, Stopping threads took: 0.0002815 seconds
2019-02-01T00:33:27.658+0000: 792182.616: Application time: 0.0004664 seconds
2019-02-01T00:33:27.667+0000: 792182.625: [GC (GCLocker Initiated GC) 2019-02-01T00:33:27.680+0000: 792182.637: [SoftReference, 0 refs, 0.0000691 secs]2019-02-01T00:33:27.680+0000: 792182.638: [WeakReference, 8 refs, 0.0000141 secs]2019-02-01T00:33:27.680+0000: 792182.638: [FinalReference, 749 refs, 0.0019526 secs]2019-02-01T00:33:27.682+0000: 792182.640: [PhantomReference, 0 refs, 0 refs, 0.0000262 secs]2019-02-01T00:33:27.682+0000: 792182.640: [JNI Weak Reference, 0.0000345 secs]
Desired survivor size 93847552 bytes, new threshold 1 (max 15)
[PSYoungGen: 1363460K->34231K(1346048K)] 3125822K->1798966K(4598272K), 0.0259910 secs] [Times: user=0.20 sys=0.01, real=0.03 secs] 
2019-02-01T00:33:27.693+0000: 792182.651: Total time for which application threads were stopped: 0.0351795 seconds, Stopping threads took: 0.0002034 seconds
2019-02-01T00:33:29.516+0000: 792184.473: Application time: 1.8224786 seconds
2019-02-01T00:33:29.525+0000: 792184.482: Total time for which application threads were stopped: 0.0089373 seconds, Stopping threads took: 0.0004095 seconds
2019-02-01T00:33:32.791+0000: 792187.748: Application time: 3.2660859 seconds
2019-02-01T00:33:32.800+0000: 792187.757: Total time for which application threads were stopped: 0.0089642 seconds, Stopping threads took: 0.0004767 seconds
2019-02-01T00:33:32.801+0000: 792187.758: Application time: 0.0009555 seconds
2019-02-01T00:33:32.810+0000: 792187.768: [GC (GCLocker Initiated GC) 2019-02-01T00:33:32.825+0000: 792187.782: [SoftReference, 0 refs, 0.0000531 secs]2019-02-01T00:33:32.825+0000: 792187.782: [WeakReference, 66 refs, 0.0000455 secs]2019-02-01T00:33:32.825+0000: 792187.783: [FinalReference, 772 refs, 0.0004104 secs]2019-02-01T00:33:32.825+0000: 792187.783: [PhantomReference, 0 refs, 1 refs, 0.0000108 secs]2019-02-01T00:33:32.825+0000: 792187.783: [JNI Weak Reference, 0.0000185 secs]
Desired survivor size 95420416 bytes, new threshold 1 (max 15)
[PSYoungGen: 1345975K->63456K(1363456K)] 3110806K->1831364K(4615680K), 0.0216900 secs] [Times: user=0.26 sys=0.01, real=0.02 secs] 
2019-02-01T00:33:32.832+0000: 792187.790: Total time for which application threads were stopped: 0.0311714 seconds, Stopping threads took: 0.0007744 seconds
2019-02-01T00:33:37.705+0000: 792192.663: Application time: 4.8736550 seconds
2019-02-01T00:33:37.717+0000: 792192.675: [GC (Allocation Failure) 2019-02-01T00:33:37.731+0000: 792192.689: [SoftReference, 0 refs, 0.0000869 secs]2019-02-01T00:33:37.731+0000: 792192.689: [WeakReference, 44 refs, 0.0000368 secs]2019-02-01T00:33:37.731+0000: 792192.689: [FinalReference, 755 refs, 0.0005641 secs]2019-02-01T00:33:37.732+0000: 792192.690: [PhantomReference, 0 refs, 0 refs, 0.0000193 secs]2019-02-01T00:33:37.732+0000: 792192.690: [JNI Weak Reference, 0.0000304 secs]
Desired survivor size 95420416 bytes, new threshold 1 (max 15)
[PSYoungGen: 1353696K->21962K(1291264K)] 3128256K->1799783K(4543488K), 0.0249308 secs] [Times: user=0.22 sys=0.01, real=0.03 secs] 
2019-02-01T00:33:37.743+0000: 792192.700: Total time for which application threads were stopped: 0.0371333 seconds, Stopping threads took: 0.0033155 seconds
2019-02-01T00:33:39.743+0000: 792194.701: Application time: 2.0002050 seconds
2019-02-01T00:33:39.750+0000: 792194.708: Total time for which application threads were stopped: 0.0071885 seconds, Stopping threads took: 0.0002994 seconds
2019-02-01T00:33:40.369+0000: 792195.327: Application time: 0.6187832 seconds
2019-02-01T00:33:40.378+0000: 792195.336: Total time for which application threads were stopped: 0.0089587 seconds, Stopping threads took: 0.0002835 seconds
2019-02-01T00:33:42.202+0000: 792197.160: Application time: 1.8240642 seconds
2019-02-01T00:33:42.210+0000: 792197.168: Total time for which application threads were stopped: 0.0086000 seconds, Stopping threads took: 0.0002279 seconds
2019-02-01T00:33:42.211+0000: 792197.169: Application time: 0.0005929 seconds
2019-02-01T00:33:42.220+0000: 792197.178: [GC (GCLocker Initiated GC) 2019-02-01T00:33:42.235+0000: 792197.193: [SoftReference, 0 refs, 0.0001420 secs]2019-02-01T00:33:42.235+0000: 792197.193: [WeakReference, 41 refs, 0.0000544 secs]2019-02-01T00:33:42.235+0000: 792197.193: [FinalReference, 711 refs, 0.0006396 secs]2019-02-01T00:33:42.236+0000: 792197.194: [PhantomReference, 0 refs, 0 refs, 0.0000240 secs]2019-02-01T00:33:42.236+0000: 792197.194: [JNI Weak Reference, 0.0000334 secs]
Desired survivor size 98566144 bytes, new threshold 1 (max 15)
[PSYoungGen: 1291100K->66277K(1327616K)] 3070969K->1849230K(4579840K), 0.0253701 secs] [Times: user=0.28 sys=0.01, real=0.03 secs] 
2019-02-01T00:33:42.246+0000: 792197.204: Total time for which application threads were stopped: 0.0347155 seconds, Stopping threads took: 0.0003646 seconds
2019-02-01T00:33:46.754+0000: 792201.712: Application time: 4.5086771 seconds
2019-02-01T00:33:46.764+0000: 792201.721: Total time for which application threads were stopped: 0.0092515 seconds, Stopping threads took: 0.0003285 seconds
2019-02-01T00:33:46.765+0000: 792201.723: Application time: 0.0010753 seconds
2019-02-01T00:33:46.776+0000: 792201.733: [GC (GCLocker Initiated GC) 2019-02-01T00:33:46.791+0000: 792201.749: [SoftReference, 0 refs, 0.0000700 secs]2019-02-01T00:33:46.791+0000: 792201.749: [WeakReference, 32 refs, 0.0000359 secs]2019-02-01T00:33:46.791+0000: 792201.749: [FinalReference, 721 refs, 0.0018762 secs]2019-02-01T00:33:46.793+0000: 792201.751: [PhantomReference, 0 refs, 0 refs, 0.0000137 secs]2019-02-01T00:33:46.793+0000: 792201.751: [JNI Weak Reference, 0.0000196 secs]
Desired survivor size 96468992 bytes, new threshold 1 (max 15)
[PSYoungGen: 1315045K->55624K(1284608K)] 3101385K->1844971K(4536832K), 0.0252305 secs] [Times: user=0.29 sys=0.02, real=0.02 secs] 
2019-02-01T00:33:46.801+0000: 792201.759: Total time for which application threads were stopped: 0.0363615 seconds, Stopping threads took: 0.0007865 seconds
2019-02-01T00:33:46.816+0000: 792201.774: Application time: 0.0149205 seconds
2019-02-01T00:33:46.826+0000: 792201.784: Total time for which application threads were stopped: 0.0100046 seconds, Stopping threads took: 0.0013297 seconds
2019-02-01T00:33:51.185+0000: 792206.143: Application time: 4.3586960 seconds
2019-02-01T00:33:51.193+0000: 792206.151: Total time for which application threads were stopped: 0.0086743 seconds, Stopping threads took: 0.0002222 seconds
2019-02-01T00:33:51.194+0000: 792206.152: Application time: 0.0007786 seconds
2019-02-01T00:33:51.203+0000: 792206.161: [GC (GCLocker Initiated GC) 2019-02-01T00:33:51.216+0000: 792206.174: [SoftReference, 0 refs, 0.0000732 secs]2019-02-01T00:33:51.216+0000: 792206.174: [WeakReference, 42 refs, 0.0000494 secs]2019-02-01T00:33:51.216+0000: 792206.174: [FinalReference, 699 refs, 0.0004983 secs]2019-02-01T00:33:51.217+0000: 792206.175: [PhantomReference, 0 refs, 0 refs, 0.0000200 secs]2019-02-01T00:33:51.217+0000: 792206.175: [JNI Weak Reference, 0.0000333 secs]
Desired survivor size 92798976 bytes, new threshold 1 (max 15)
[PSYoungGen: 1284424K->50899K(1276928K)] 3077119K->1847495K(4529152K), 0.0250924 secs] [Times: user=0.24 sys=0.01, real=0.02 secs] 
2019-02-01T00:33:51.228+0000: 792206.186: Total time for which application threads were stopped: 0.0340457 seconds, Stopping threads took: 0.0002160 seconds
2019-02-01T00:33:54.250+0000: 792209.208: Application time: 3.0221552 seconds
2019-02-01T00:33:54.259+0000: 792209.217: Total time for which application threads were stopped: 0.0085496 seconds, Stopping threads took: 0.0011724 seconds
2019-02-01T00:33:54.260+0000: 792209.218: Application time: 0.0013342 seconds
2019-02-01T00:33:54.268+0000: 792209.226: [GC (GCLocker Initiated GC) 2019-02-01T00:33:54.283+0000: 792209.241: [SoftReference, 0 refs, 0.0000564 secs]2019-02-01T00:33:54.283+0000: 792209.241: [WeakReference, 48 refs, 0.0000297 secs]2019-02-01T00:33:54.283+0000: 792209.241: [FinalReference, 688 refs, 0.0009468 secs]2019-02-01T00:33:54.284+0000: 792209.242: [PhantomReference, 0 refs, 2 refs, 0.0000159 secs]2019-02-01T00:33:54.284+0000: 792209.242: [JNI Weak Reference, 0.0000196 secs]
Desired survivor size 102236160 bytes, new threshold 1 (max 15)
[PSYoungGen: 1260243K->84937K(1275392K)] 3056922K->1885681K(4527616K), 0.0197505 secs] [Times: user=0.30 sys=0.00, real=0.02 secs] 
2019-02-01T00:33:54.288+0000: 792209.246: Total time for which application threads were stopped: 0.0276595 seconds, Stopping threads took: 0.0006355 seconds
2019-02-01T00:33:57.607+0000: 792212.564: Application time: 3.3186676 seconds
2019-02-01T00:33:57.617+0000: 792212.575: Total time for which application threads were stopped: 0.0105377 seconds, Stopping threads took: 0.0016383 seconds
2019-02-01T00:33:57.619+0000: 792212.577: Application time: 0.0017587 seconds
2019-02-01T00:33:57.628+0000: 792212.586: [GC (GCLocker Initiated GC) 2019-02-01T00:33:57.642+0000: 792212.600: [SoftReference, 0 refs, 0.0000566 secs]2019-02-01T00:33:57.642+0000: 792212.600: [WeakReference, 33 refs, 0.0000210 secs]2019-02-01T00:33:57.642+0000: 792212.600: [FinalReference, 654 refs, 0.0003309 secs]2019-02-01T00:33:57.642+0000: 792212.600: [PhantomReference, 0 refs, 1 refs, 0.0000116 secs]2019-02-01T00:33:57.642+0000: 792212.600: [JNI Weak Reference, 0.0000195 secs]
Desired survivor size 101187584 bytes, new threshold 1 (max 15)
[PSYoungGen: 1275337K->61795K(1247232K)] 3079482K->1871421K(4499456K), 0.0205865 secs] [Times: user=0.26 sys=0.01, real=0.02 secs] 
2019-02-01T00:33:57.649+0000: 792212.607: Total time for which application threads were stopped: 0.0298673 seconds, Stopping threads took: 0.0002838 seconds
2019-02-01T00:34:00.347+0000: 792215.305: Application time: 2.6984997 seconds
2019-02-01T00:34:00.356+0000: 792215.314: Total time for which application threads were stopped: 0.0089148 seconds, Stopping threads took: 0.0002250 seconds
2019-02-01T00:34:00.357+0000: 792215.315: Application time: 0.0005807 seconds
2019-02-01T00:34:00.366+0000: 792215.323: [GC (GCLocker Initiated GC) 2019-02-01T00:34:00.379+0000: 792215.337: [SoftReference, 0 refs, 0.0000756 secs]2019-02-01T00:34:00.379+0000: 792215.337: [WeakReference, 49 refs, 0.0000386 secs]2019-02-01T00:34:00.379+0000: 792215.337: [FinalReference, 669 refs, 0.0004899 secs]2019-02-01T00:34:00.380+0000: 792215.338: [PhantomReference, 0 refs, 0 refs, 0.0000199 secs]2019-02-01T00:34:00.380+0000: 792215.338: [JNI Weak Reference, 0.0000327 secs]
Desired survivor size 96468992 bytes, new threshold 1 (max 15)
[PSYoungGen: 1233763K->53948K(1208320K)] 3046729K->1874983K(4460544K), 0.0255573 secs] [Times: user=0.27 sys=0.00, real=0.02 secs] 
2019-02-01T00:34:00.391+0000: 792215.349: Total time for which application threads were stopped: 0.0344998 seconds, Stopping threads took: 0.0002029 seconds
2019-02-01T00:34:05.294+0000: 792220.252: Application time: 4.9024351 seconds
2019-02-01T00:34:05.302+0000: 792220.260: Total time for which application threads were stopped: 0.0080036 seconds, Stopping threads took: 0.0003594 seconds
2019-02-01T00:34:05.302+0000: 792220.260: Application time: 0.0001243 seconds
2019-02-01T00:34:05.309+0000: 792220.266: Total time for which application threads were stopped: 0.0066239 seconds, Stopping threads took: 0.0001322 seconds
2019-02-01T00:34:05.309+0000: 792220.267: Application time: 0.0008025 seconds
2019-02-01T00:34:05.316+0000: 792220.274: [GC (GCLocker Initiated GC) 2019-02-01T00:34:05.330+0000: 792220.288: [SoftReference, 0 refs, 0.0000882 secs]2019-02-01T00:34:05.330+0000: 792220.288: [WeakReference, 4 refs, 0.0000144 secs]2019-02-01T00:34:05.330+0000: 792220.288: [FinalReference, 679 refs, 0.0003821 secs]2019-02-01T00:34:05.330+0000: 792220.288: [PhantomReference, 0 refs, 1 refs, 0.0000130 secs]2019-02-01T00:34:05.331+0000: 792220.288: [JNI Weak Reference, 0.0000191 secs]
Desired survivor size 94371840 bytes, new threshold 1 (max 15)
[PSYoungGen: 1207996K->43379K(1209344K)] 3032909K->1873248K(4461568K), 0.0221729 secs] [Times: user=0.21 sys=0.01, real=0.02 secs] 
2019-02-01T00:34:05.339+0000: 792220.296: Total time for which application threads were stopped: 0.0292922 seconds, Stopping threads took: 0.0001463 seconds
2019-02-01T00:34:09.688+0000: 792224.646: Application time: 4.3494259 seconds
2019-02-01T00:34:09.700+0000: 792224.657: Total time for which application threads were stopped: 0.0115728 seconds, Stopping threads took: 0.0027876 seconds
2019-02-01T00:34:09.700+0000: 792224.658: Application time: 0.0008071 seconds
2019-02-01T00:34:09.709+0000: 792224.667: [GC (GCLocker Initiated GC) 2019-02-01T00:34:09.720+0000: 792224.678: [SoftReference, 0 refs, 0.0000503 secs]2019-02-01T00:34:09.720+0000: 792224.678: [WeakReference, 29 refs, 0.0000204 secs]2019-02-01T00:34:09.720+0000: 792224.678: [FinalReference, 630 refs, 0.0003424 secs]2019-02-01T00:34:09.720+0000: 792224.678: [PhantomReference, 0 refs, 1 refs, 0.0000112 secs]2019-02-01T00:34:09.720+0000: 792224.678: [JNI Weak Reference, 0.0000197 secs]
Desired survivor size 94371840 bytes, new threshold 1 (max 15)
[PSYoungGen: 1180019K->28774K(1148928K)] 3025774K->1877116K(4401152K), 0.0167945 secs] [Times: user=0.20 sys=0.01, real=0.02 secs] 
2019-02-01T00:34:09.726+0000: 792224.684: Total time for which application threads were stopped: 0.0258563 seconds, Stopping threads took: 0.0003357 seconds
2019-02-01T00:34:13.257+0000: 792228.215: Application time: 3.5307390 seconds
2019-02-01T00:34:13.267+0000: 792228.225: Total time for which application threads were stopped: 0.0096622 seconds, Stopping threads took: 0.0004502 seconds
2019-02-01T00:34:13.268+0000: 792228.226: Application time: 0.0014467 seconds
2019-02-01T00:34:13.282+0000: 792228.239: [GC (GCLocker Initiated GC) 2019-02-01T00:34:13.294+0000: 792228.252: [SoftReference, 0 refs, 0.0000567 secs]2019-02-01T00:34:13.294+0000: 792228.252: [WeakReference, 12 refs, 0.0000165 secs]2019-02-01T00:34:13.294+0000: 792228.252: [FinalReference, 689 refs, 0.0003324 secs]2019-02-01T00:34:13.294+0000: 792228.252: [PhantomReference, 0 refs, 0 refs, 0.0000104 secs]2019-02-01T00:34:13.294+0000: 792228.252: [JNI Weak Reference, 0.0000196 secs]
Desired survivor size 93847552 bytes, new threshold 1 (max 15)
[PSYoungGen: 1148518K->60674K(1178112K)] 3003567K->1918981K(4430336K), 0.0188487 secs] [Times: user=0.24 sys=0.01, real=0.02 secs] 
2019-02-01T00:34:13.301+0000: 792228.259: Total time for which application threads were stopped: 0.0325354 seconds, Stopping threads took: 0.0049518 seconds
2019-02-01T00:34:16.369+0000: 792231.327: Application time: 3.0687670 seconds
2019-02-01T00:34:16.377+0000: 792231.335: Total time for which application threads were stopped: 0.0077582 seconds, Stopping threads took: 0.0004038 seconds
2019-02-01T00:34:16.378+0000: 792231.336: Application time: 0.0005984 seconds
2019-02-01T00:34:16.385+0000: 792231.343: [GC (GCLocker Initiated GC) 2019-02-01T00:34:16.399+0000: 792231.357: [SoftReference, 0 refs, 0.0000639 secs]2019-02-01T00:34:16.399+0000: 792231.357: [WeakReference, 40 refs, 0.0000279 secs]2019-02-01T00:34:16.399+0000: 792231.357: [FinalReference, 590 refs, 0.0003251 secs]2019-02-01T00:34:16.400+0000: 792231.357: [PhantomReference, 0 refs, 0 refs, 0.0000137 secs]2019-02-01T00:34:16.400+0000: 792231.357: [JNI Weak Reference, 0.0000254 secs]
Desired survivor size 95944704 bytes, new threshold 1 (max 15)
[PSYoungGen: 1164034K->67003K(1154560K)] 3025678K->1936800K(4406784K), 0.0211142 secs] [Times: user=0.24 sys=0.01, real=0.03 secs] 
2019-02-01T00:34:16.406+0000: 792231.364: Total time for which application threads were stopped: 0.0286514 seconds, Stopping threads took: 0.0002620 seconds
2019-02-01T00:34:19.272+0000: 792234.230: Application time: 2.8656870 seconds
2019-02-01T00:34:19.281+0000: 792234.239: Total time for which application threads were stopped: 0.0089069 seconds, Stopping threads took: 0.0002459 seconds
2019-02-01T00:34:19.283+0000: 792234.240: Application time: 0.0014659 seconds
2019-02-01T00:34:19.291+0000: 792234.249: [GC (GCLocker Initiated GC) 2019-02-01T00:34:19.307+0000: 792234.265: [SoftReference, 0 refs, 0.0000471 secs]2019-02-01T00:34:19.307+0000: 792234.265: [WeakReference, 29 refs, 0.0000203 secs]2019-02-01T00:34:19.307+0000: 792234.265: [FinalReference, 616 refs, 0.0002813 secs]2019-02-01T00:34:19.307+0000: 792234.265: [PhantomReference, 0 refs, 0 refs, 0.0000095 secs]2019-02-01T00:34:19.307+0000: 792234.265: [JNI Weak Reference, 0.0000192 secs]
Desired survivor size 98041856 bytes, new threshold 1 (max 15)
[PSYoungGen: 1154491K->68518K(1153536K)] 3024775K->1947033K(4405760K), 0.0213703 secs] [Times: user=0.22 sys=0.01, real=0.02 secs] 
2019-02-01T00:34:19.313+0000: 792234.271: Total time for which application threads were stopped: 0.0301973 seconds, Stopping threads took: 0.0002385 seconds
2019-02-01T00:34:23.056+0000: 792238.014: Application time: 3.7436553 seconds
2019-02-01T00:34:23.065+0000: 792238.023: Total time for which application threads were stopped: 0.0085823 seconds, Stopping threads took: 0.0002749 seconds
2019-02-01T00:34:23.066+0000: 792238.023: Application time: 0.0006287 seconds
2019-02-01T00:34:23.074+0000: 792238.032: [GC (GCLocker Initiated GC) 2019-02-01T00:34:23.086+0000: 792238.044: [SoftReference, 0 refs, 0.0001362 secs]2019-02-01T00:34:23.086+0000: 792238.044: [WeakReference, 24 refs, 0.0000333 secs]2019-02-01T00:34:23.086+0000: 792238.044: [FinalReference, 553 refs, 0.0004165 secs]2019-02-01T00:34:23.087+0000: 792238.045: [PhantomReference, 0 refs, 0 refs, 0.0000285 secs]2019-02-01T00:34:23.087+0000: 792238.045: [JNI Weak Reference, 0.0000374 secs]
Desired survivor size 94896128 bytes, new threshold 1 (max 15)
[PSYoungGen: 1140134K->46403K(1102848K)] 3019084K->1929667K(4355072K), 0.0227138 secs] [Times: user=0.21 sys=0.01, real=0.02 secs] 
2019-02-01T00:34:23.097+0000: 792238.055: Total time for which application threads were stopped: 0.0317028 seconds, Stopping threads took: 0.0002121 seconds
2019-02-01T00:34:27.108+0000: 792242.066: Application time: 4.0105983 seconds
2019-02-01T00:34:27.117+0000: 792242.075: Total time for which application threads were stopped: 0.0093414 seconds, Stopping threads took: 0.0008896 seconds
2019-02-01T00:34:27.118+0000: 792242.076: Application time: 0.0010756 seconds
2019-02-01T00:34:27.127+0000: 792242.085: [GC (GCLocker Initiated GC) 2019-02-01T00:34:27.141+0000: 792242.099: [SoftReference, 0 refs, 0.0000550 secs]2019-02-01T00:34:27.141+0000: 792242.099: [WeakReference, 13 refs, 0.0000186 secs]2019-02-01T00:34:27.141+0000: 792242.099: [FinalReference, 585 refs, 0.0003177 secs]2019-02-01T00:34:27.141+0000: 792242.099: [PhantomReference, 0 refs, 0 refs, 0.0000122 secs]2019-02-01T00:34:27.141+0000: 792242.099: [JNI Weak Reference, 0.0000226 secs]
Desired survivor size 92274688 bytes, new threshold 1 (max 15)
[PSYoungGen: 1102659K->57035K(1114112K)] 2989298K->1946163K(4366336K), 0.0210956 secs] [Times: user=0.26 sys=0.00, real=0.03 secs] 
2019-02-01T00:34:27.148+0000: 792242.106: Total time for which application threads were stopped: 0.0301118 seconds, Stopping threads took: 0.0002918 seconds
2019-02-01T00:34:29.753+0000: 792244.710: Application time: 2.6041303 seconds
2019-02-01T00:34:29.762+0000: 792244.720: Total time for which application threads were stopped: 0.0093868 seconds, Stopping threads took: 0.0003775 seconds
2019-02-01T00:34:29.764+0000: 792244.722: Application time: 0.0023681 seconds
2019-02-01T00:34:29.774+0000: 792244.732: [GC (GCLocker Initiated GC) 2019-02-01T00:34:29.790+0000: 792244.748: [SoftReference, 0 refs, 0.0000730 secs]2019-02-01T00:34:29.790+0000: 792244.748: [WeakReference, 62 refs, 0.0000459 secs]2019-02-01T00:34:29.790+0000: 792244.748: [FinalReference, 600 refs, 0.0004209 secs]2019-02-01T00:34:29.790+0000: 792244.748: [PhantomReference, 0 refs, 1 refs, 0.0000209 secs]2019-02-01T00:34:29.790+0000: 792244.748: [JNI Weak Reference, 0.0000333 secs]
Desired survivor size 100663296 bytes, new threshold 1 (max 15)
[PSYoungGen: 1098443K->84917K(1112064K)] 2990960K->1980694K(4364288K), 0.0213504 secs] [Times: user=0.27 sys=0.00, real=0.02 secs] 
2019-02-01T00:34:29.796+0000: 792244.754: Total time for which application threads were stopped: 0.0313101 seconds, Stopping threads took: 0.0006704 seconds
2019-02-01T00:34:32.235+0000: 792247.193: Application time: 2.4395145 seconds
2019-02-01T00:34:32.244+0000: 792247.202: Total time for which application threads were stopped: 0.0089780 seconds, Stopping threads took: 0.0002488 seconds
2019-02-01T00:34:32.245+0000: 792247.203: Application time: 0.0006338 seconds
2019-02-01T00:34:32.254+0000: 792247.211: [GC (GCLocker Initiated GC) 2019-02-01T00:34:32.267+0000: 792247.225: [SoftReference, 0 refs, 0.0000505 secs]2019-02-01T00:34:32.267+0000: 792247.225: [WeakReference, 58 refs, 0.0000589 secs]2019-02-01T00:34:32.267+0000: 792247.225: [FinalReference, 642 refs, 0.0003290 secs]2019-02-01T00:34:32.267+0000: 792247.225: [PhantomReference, 0 refs, 0 refs, 0.0000102 secs]2019-02-01T00:34:32.267+0000: 792247.225: [JNI Weak Reference, 0.0000198 secs]
Desired survivor size 96468992 bytes, new threshold 1 (max 15)
[PSYoungGen: 1111989K->56727K(1087488K)] 3007778K->1955567K(4339712K), 0.0206842 secs] [Times: user=0.27 sys=0.00, real=0.02 secs] 
2019-02-01T00:34:32.275+0000: 792247.232: Total time for which application threads were stopped: 0.0296756 seconds, Stopping threads took: 0.0002219 seconds
2019-02-01T00:34:36.326+0000: 792251.284: Application time: 4.0514042 seconds
2019-02-01T00:34:36.334+0000: 792251.292: Total time for which application threads were stopped: 0.0084778 seconds, Stopping threads took: 0.0002898 seconds
2019-02-01T00:34:36.335+0000: 792251.293: Application time: 0.0008629 seconds
2019-02-01T00:34:36.344+0000: 792251.302: [GC (GCLocker Initiated GC) 2019-02-01T00:34:36.357+0000: 792251.315: [SoftReference, 0 refs, 0.0000786 secs]2019-02-01T00:34:36.357+0000: 792251.315: [WeakReference, 53 refs, 0.0000417 secs]2019-02-01T00:34:36.357+0000: 792251.315: [FinalReference, 588 refs, 0.0005075 secs]2019-02-01T00:34:36.358+0000: 792251.316: [PhantomReference, 0 refs, 0 refs, 0.0000240 secs]2019-02-01T00:34:36.358+0000: 792251.316: [JNI Weak Reference, 0.0000337 secs]
Desired survivor size 96993280 bytes, new threshold 1 (max 15)
[PSYoungGen: 1069463K->30831K(1030144K)] 2968412K->1935290K(4282368K), 0.0219515 secs] [Times: user=0.23 sys=0.01, real=0.02 secs] 
2019-02-01T00:34:36.366+0000: 792251.324: Total time for which application threads were stopped: 0.0307356 seconds, Stopping threads took: 0.0001915 seconds
2019-02-01T00:34:38.929+0000: 792253.887: Application time: 2.5630716 seconds
2019-02-01T00:34:38.938+0000: 792253.896: Total time for which application threads were stopped: 0.0091446 seconds, Stopping threads took: 0.0005921 seconds
2019-02-01T00:34:38.939+0000: 792253.897: Application time: 0.0004665 seconds
2019-02-01T00:34:38.948+0000: 792253.905: [GC (GCLocker Initiated GC) 2019-02-01T00:34:38.960+0000: 792253.918: [SoftReference, 0 refs, 0.0000700 secs]2019-02-01T00:34:38.961+0000: 792253.918: [WeakReference, 20 refs, 0.0000342 secs]2019-02-01T00:34:38.961+0000: 792253.918: [FinalReference, 628 refs, 0.0004263 secs]2019-02-01T00:34:38.961+0000: 792253.919: [PhantomReference, 0 refs, 2 refs, 0.0000212 secs]2019-02-01T00:34:38.961+0000: 792253.919: [JNI Weak Reference, 0.0000326 secs]
Desired survivor size 98041856 bytes, new threshold 1 (max 15)
[PSYoungGen: 1029743K->26188K(1069056K)] 2937533K->1935840K(4321280K), 0.0211875 secs] [Times: user=0.19 sys=0.01, real=0.02 secs] 
2019-02-01T00:34:38.969+0000: 792253.927: Total time for which application threads were stopped: 0.0302538 seconds, Stopping threads took: 0.0003258 seconds
2019-02-01T00:34:40.367+0000: 792255.325: Application time: 1.3977493 seconds
2019-02-01T00:34:40.376+0000: 792255.334: Total time for which application threads were stopped: 0.0089925 seconds, Stopping threads took: 0.0002093 seconds
2019-02-01T00:34:42.895+0000: 792257.853: Application time: 2.5189727 seconds
2019-02-01T00:34:42.903+0000: 792257.861: Total time for which application threads were stopped: 0.0087222 seconds, Stopping threads took: 0.0002535 seconds
2019-02-01T00:34:42.905+0000: 792257.862: Application time: 0.0011157 seconds
2019-02-01T00:34:42.913+0000: 792257.871: [GC (GCLocker Initiated GC) 2019-02-01T00:34:42.929+0000: 792257.886: [SoftReference, 0 refs, 0.0000550 secs]2019-02-01T00:34:42.929+0000: 792257.886: [WeakReference, 25 refs, 0.0000198 secs]2019-02-01T00:34:42.929+0000: 792257.887: [FinalReference, 574 refs, 0.0002781 secs]2019-02-01T00:34:42.929+0000: 792257.887: [PhantomReference, 0 refs, 0 refs, 0.0000099 secs]2019-02-01T00:34:42.929+0000: 792257.887: [JNI Weak Reference, 0.0000199 secs]
Desired survivor size 93847552 bytes, new threshold 1 (max 15)
[PSYoungGen: 1011788K->47831K(1020416K)] 2921601K->1961248K(4272640K), 0.0220934 secs] [Times: user=0.24 sys=0.01, real=0.02 secs] 
2019-02-01T00:34:42.936+0000: 792257.893: Total time for which application threads were stopped: 0.0310508 seconds, Stopping threads took: 0.0001983 seconds
2019-02-01T00:34:46.768+0000: 792261.726: Application time: 3.8323162 seconds
2019-02-01T00:34:46.777+0000: 792261.735: Total time for which application threads were stopped: 0.0090872 seconds, Stopping threads took: 0.0002796 seconds
2019-02-01T00:34:46.778+0000: 792261.735: Application time: 0.0004539 seconds
2019-02-01T00:34:46.786+0000: 792261.744: [GC (GCLocker Initiated GC) 2019-02-01T00:34:46.800+0000: 792261.758: [SoftReference, 0 refs, 0.0000763 secs]2019-02-01T00:34:46.800+0000: 792261.758: [WeakReference, 35 refs, 0.0000375 secs]2019-02-01T00:34:46.800+0000: 792261.758: [FinalReference, 580 refs, 0.0004512 secs]2019-02-01T00:34:46.800+0000: 792261.758: [PhantomReference, 0 refs, 0 refs, 0.0000363 secs]2019-02-01T00:34:46.800+0000: 792261.758: [JNI Weak Reference, 0.0000329 secs]
Desired survivor size 90701824 bytes, new threshold 1 (max 15)
[PSYoungGen: 1020119K->45461K(1032192K)] 2936901K->1964887K(4284416K), 0.0237367 secs] [Times: user=0.25 sys=0.01, real=0.02 secs] 
2019-02-01T00:34:46.810+0000: 792261.768: Total time for which application threads were stopped: 0.0328999 seconds, Stopping threads took: 0.0002576 seconds
2019-02-01T00:34:50.319+0000: 792265.277: Application time: 3.5090984 seconds
2019-02-01T00:34:50.325+0000: 792265.283: Total time for which application threads were stopped: 0.0057897 seconds, Stopping threads took: 0.0002603 seconds
2019-02-01T00:34:50.326+0000: 792265.284: Application time: 0.0006668 seconds
2019-02-01T00:34:50.332+0000: 792265.289: [GC (GCLocker Initiated GC) 2019-02-01T00:34:50.345+0000: 792265.303: [SoftReference, 0 refs, 0.0000506 secs]2019-02-01T00:34:50.345+0000: 792265.303: [WeakReference, 31 refs, 0.0000204 secs]2019-02-01T00:34:50.345+0000: 792265.303: [FinalReference, 536 refs, 0.0002484 secs]2019-02-01T00:34:50.345+0000: 792265.303: [PhantomReference, 0 refs, 0 refs, 0.0000104 secs]2019-02-01T00:34:50.345+0000: 792265.303: [JNI Weak Reference, 0.0000195 secs]
Desired survivor size 88604672 bytes, new threshold 1 (max 15)
[PSYoungGen: 1004949K->55474K(1002496K)] 2927719K->1981484K(4254720K), 0.0196305 secs] [Times: user=0.26 sys=0.02, real=0.02 secs] 
2019-02-01T00:34:50.351+0000: 792265.309: Total time for which application threads were stopped: 0.0254065 seconds, Stopping threads took: 0.0001674 seconds
2019-02-01T00:34:53.248+0000: 792268.206: Application time: 2.8966955 seconds
2019-02-01T00:34:53.256+0000: 792268.214: Total time for which application threads were stopped: 0.0078956 seconds, Stopping threads took: 0.0001804 seconds
2019-02-01T00:34:53.256+0000: 792268.214: Application time: 0.0004604 seconds
2019-02-01T00:34:53.265+0000: 792268.222: [GC (GCLocker Initiated GC) 2019-02-01T00:34:53.277+0000: 792268.234: [SoftReference, 0 refs, 0.0000680 secs]2019-02-01T00:34:53.277+0000: 792268.235: [WeakReference, 74 refs, 0.0000461 secs]2019-02-01T00:34:53.277+0000: 792268.235: [FinalReference, 472 refs, 0.0003388 secs]2019-02-01T00:34:53.277+0000: 792268.235: [PhantomReference, 0 refs, 0 refs, 0.0000186 secs]2019-02-01T00:34:53.277+0000: 792268.235: [JNI Weak Reference, 0.0000324 secs]
Desired survivor size 88080384 bytes, new threshold 1 (max 15)
[PSYoungGen: 1002162K->35750K(1007616K)] 2928183K->1969212K(4259840K), 0.0211483 secs] [Times: user=0.24 sys=0.01, real=0.02 secs] 
2019-02-01T00:34:53.286+0000: 792268.244: Total time for which application threads were stopped: 0.0295492 seconds, Stopping threads took: 0.0002653 seconds
2019-02-01T00:34:56.321+0000: 792271.278: Application time: 3.0346371 seconds
2019-02-01T00:34:56.326+0000: 792271.284: Total time for which application threads were stopped: 0.0054284 seconds, Stopping threads took: 0.0001584 seconds
2019-02-01T00:34:56.326+0000: 792271.284: Application time: 0.0002125 seconds
2019-02-01T00:34:56.332+0000: 792271.290: [GC (GCLocker Initiated GC) 2019-02-01T00:34:56.343+0000: 792271.301: [SoftReference, 0 refs, 0.0000546 secs]2019-02-01T00:34:56.343+0000: 792271.301: [WeakReference, 3 refs, 0.0000106 secs]2019-02-01T00:34:56.343+0000: 792271.301: [FinalReference, 510 refs, 0.0001859 secs]2019-02-01T00:34:56.344+0000: 792271.302: [PhantomReference, 0 refs, 0 refs, 0.0000100 secs]2019-02-01T00:34:56.344+0000: 792271.302: [JNI Weak Reference, 0.0000188 secs]
Desired survivor size 85983232 bytes, new threshold 1 (max 15)
[PSYoungGen: 970150K->37604K(960512K)] 2904994K->1975065K(4212736K), 0.0182863 secs] [Times: user=0.23 sys=0.01, real=0.02 secs] 
2019-02-01T00:34:56.350+0000: 792271.308: Total time for which application threads were stopped: 0.0240099 seconds, Stopping threads took: 0.0001267 seconds
2019-02-01T00:34:59.798+0000: 792274.756: Application time: 3.4479359 seconds
2019-02-01T00:34:59.804+0000: 792274.762: Total time for which application threads were stopped: 0.0058281 seconds, Stopping threads took: 0.0003136 seconds
2019-02-01T00:34:59.805+0000: 792274.763: Application time: 0.0007036 seconds
2019-02-01T00:34:59.810+0000: 792274.768: [GC (GCLocker Initiated GC) 2019-02-01T00:34:59.823+0000: 792274.781: [SoftReference, 0 refs, 0.0000762 secs]2019-02-01T00:34:59.823+0000: 792274.781: [WeakReference, 20 refs, 0.0000351 secs]2019-02-01T00:34:59.823+0000: 792274.781: [FinalReference, 525 refs, 0.0004835 secs]2019-02-01T00:34:59.824+0000: 792274.782: [PhantomReference, 0 refs, 0 refs, 0.0000266 secs]2019-02-01T00:34:59.824+0000: 792274.782: [JNI Weak Reference, 0.0000477 secs]
Desired survivor size 83361792 bytes, new threshold 1 (max 15)
[PSYoungGen: 960228K->43464K(977920K)] 2898091K->1984845K(4230144K), 0.0224479 secs] [Times: user=0.20 sys=0.01, real=0.02 secs] 
2019-02-01T00:34:59.833+0000: 792274.791: Total time for which application threads were stopped: 0.0283269 seconds, Stopping threads took: 0.0001557 seconds
2019-02-01T00:35:03.408+0000: 792278.366: Application time: 3.5754048 seconds
2019-02-01T00:35:03.417+0000: 792278.375: [GC (Allocation Failure) 2019-02-01T00:35:03.430+0000: 792278.388: [SoftReference, 0 refs, 0.0000793 secs]2019-02-01T00:35:03.430+0000: 792278.388: [WeakReference, 37 refs, 0.0000566 secs]2019-02-01T00:35:03.431+0000: 792278.388: [FinalReference, 554 refs, 0.0020775 secs]2019-02-01T00:35:03.433+0000: 792278.390: [PhantomReference, 0 refs, 0 refs, 0.0000290 secs]2019-02-01T00:35:03.433+0000: 792278.390: [JNI Weak Reference, 0.0000305 secs]
Desired survivor size 81788928 bytes, new threshold 1 (max 15)
[PSYoungGen: 954312K->37765K(937472K)] 2895696K->1981329K(4189696K), 0.0234788 secs] [Times: user=0.24 sys=0.01, real=0.02 secs] 
2019-02-01T00:35:03.441+0000: 792278.399: Total time for which application threads were stopped: 0.0324475 seconds, Stopping threads took: 0.0002581 seconds
2019-02-01T00:35:06.107+0000: 792281.065: Application time: 2.6660966 seconds
2019-02-01T00:35:06.115+0000: 792281.073: Total time for which application threads were stopped: 0.0081728 seconds, Stopping threads took: 0.0003271 seconds
2019-02-01T00:35:06.116+0000: 792281.074: Application time: 0.0005730 seconds
2019-02-01T00:35:06.124+0000: 792281.082: [GC (GCLocker Initiated GC) 2019-02-01T00:35:06.139+0000: 792281.097: [SoftReference, 0 refs, 0.0000819 secs]2019-02-01T00:35:06.139+0000: 792281.097: [WeakReference, 13 refs, 0.0000255 secs]2019-02-01T00:35:06.139+0000: 792281.097: [FinalReference, 426 refs, 0.0002943 secs]2019-02-01T00:35:06.139+0000: 792281.097: [PhantomReference, 0 refs, 1 refs, 0.0000204 secs]2019-02-01T00:35:06.139+0000: 792281.097: [JNI Weak Reference, 0.0000325 secs]
Desired survivor size 80216064 bytes, new threshold 1 (max 15)
[PSYoungGen: 937349K->35145K(953856K)] 2880913K->1981555K(4206080K), 0.0234233 secs] [Times: user=0.22 sys=0.00, real=0.02 secs] 
2019-02-01T00:35:06.148+0000: 792281.106: Total time for which application threads were stopped: 0.0322362 seconds, Stopping threads took: 0.0004074 seconds
2019-02-01T00:35:09.777+0000: 792284.735: Application time: 3.6294521 seconds
2019-02-01T00:35:09.785+0000: 792284.743: Total time for which application threads were stopped: 0.0076180 seconds, Stopping threads took: 0.0002215 seconds
2019-02-01T00:35:09.786+0000: 792284.743: Application time: 0.0004490 seconds
2019-02-01T00:35:09.792+0000: 792284.750: [GC (GCLocker Initiated GC) 2019-02-01T00:35:09.808+0000: 792284.766: [SoftReference, 0 refs, 0.0000620 secs]2019-02-01T00:35:09.808+0000: 792284.766: [WeakReference, 39 refs, 0.0000244 secs]2019-02-01T00:35:09.808+0000: 792284.766: [FinalReference, 550 refs, 0.0002788 secs]2019-02-01T00:35:09.808+0000: 792284.766: [PhantomReference, 0 refs, 0 refs, 0.0000105 secs]2019-02-01T00:35:09.808+0000: 792284.766: [JNI Weak Reference, 0.0000188 secs]
Desired survivor size 79691776 bytes, new threshold 1 (max 15)
[PSYoungGen: 923465K->52957K(930816K)] 2870274K->2002761K(4183040K), 0.0214628 secs] [Times: user=0.24 sys=0.01, real=0.02 secs] 
2019-02-01T00:35:09.814+0000: 792284.772: Total time for which application threads were stopped: 0.0284645 seconds, Stopping threads took: 0.0002841 seconds
2019-02-01T00:35:12.377+0000: 792287.335: Application time: 2.5628925 seconds
2019-02-01T00:35:12.386+0000: 792287.343: Total time for which application threads were stopped: 0.0085840 seconds, Stopping threads took: 0.0002723 seconds
2019-02-01T00:35:12.386+0000: 792287.344: Application time: 0.0003559 seconds
2019-02-01T00:35:12.394+0000: 792287.352: [GC (GCLocker Initiated GC) 2019-02-01T00:35:12.407+0000: 792287.365: [SoftReference, 0 refs, 0.0000780 secs]2019-02-01T00:35:12.407+0000: 792287.365: [WeakReference, 37 refs, 0.0000342 secs]2019-02-01T00:35:12.407+0000: 792287.365: [FinalReference, 421 refs, 0.0003244 secs]2019-02-01T00:35:12.407+0000: 792287.365: [PhantomReference, 0 refs, 0 refs, 0.0000197 secs]2019-02-01T00:35:12.408+0000: 792287.365: [JNI Weak Reference, 0.0000322 secs]
Desired survivor size 79167488 bytes, new threshold 1 (max 15)
[PSYoungGen: 930525K->33432K(932864K)] 2880335K->1986092K(4185088K), 0.0194375 secs] [Times: user=0.22 sys=0.01, real=0.02 secs] 
2019-02-01T00:35:12.414+0000: 792287.372: Total time for which application threads were stopped: 0.0278606 seconds, Stopping threads took: 0.0001181 seconds
2019-02-01T00:35:15.546+0000: 792290.504: Application time: 3.1320322 seconds
2019-02-01T00:35:15.556+0000: 792290.514: Total time for which application threads were stopped: 0.0105558 seconds, Stopping threads took: 0.0023408 seconds
2019-02-01T00:35:15.559+0000: 792290.517: Application time: 0.0030811 seconds
2019-02-01T00:35:15.568+0000: 792290.526: [GC (GCLocker Initiated GC) 2019-02-01T00:35:15.582+0000: 792290.540: [SoftReference, 0 refs, 0.0002085 secs]2019-02-01T00:35:15.582+0000: 792290.540: [WeakReference, 33 refs, 0.0000234 secs]2019-02-01T00:35:15.582+0000: 792290.540: [FinalReference, 481 refs, 0.0002297 secs]2019-02-01T00:35:15.583+0000: 792290.540: [PhantomReference, 0 refs, 1 refs, 0.0000103 secs]2019-02-01T00:35:15.583+0000: 792290.540: [JNI Weak Reference, 0.0000190 secs]
Desired survivor size 78643200 bytes, new threshold 1 (max 15)
[PSYoungGen: 900248K->53557K(909824K)] 2853072K->2008797K(4162048K), 0.0190967 secs] [Times: user=0.23 sys=0.01, real=0.02 secs] 
2019-02-01T00:35:15.587+0000: 792290.545: Total time for which application threads were stopped: 0.0280171 seconds, Stopping threads took: 0.0003651 seconds
2019-02-01T00:35:18.627+0000: 792293.585: Application time: 3.0394196 seconds
2019-02-01T00:35:18.636+0000: 792293.594: Total time for which application threads were stopped: 0.0093795 seconds, Stopping threads took: 0.0004191 seconds
2019-02-01T00:35:18.638+0000: 792293.596: Application time: 0.0014177 seconds
2019-02-01T00:35:18.646+0000: 792293.604: [GC (GCLocker Initiated GC) 2019-02-01T00:35:18.661+0000: 792293.618: [SoftReference, 0 refs, 0.0000573 secs]2019-02-01T00:35:18.661+0000: 792293.619: [WeakReference, 28 refs, 0.0000213 secs]2019-02-01T00:35:18.661+0000: 792293.619: [FinalReference, 490 refs, 0.0002455 secs]2019-02-01T00:35:18.661+0000: 792293.619: [PhantomReference, 0 refs, 0 refs, 0.0000098 secs]2019-02-01T00:35:18.661+0000: 792293.619: [JNI Weak Reference, 0.0000187 secs]
Desired survivor size 79167488 bytes, new threshold 1 (max 15)
[PSYoungGen: 909621K->54828K(913408K)] 2864936K->2020347K(4165632K), 0.0195812 secs] [Times: user=0.28 sys=0.01, real=0.01 secs] 
2019-02-01T00:35:18.666+0000: 792293.624: Total time for which application threads were stopped: 0.0284575 seconds, Stopping threads took: 0.0002876 seconds
2019-02-01T00:35:21.664+0000: 792296.622: Application time: 2.9980495 seconds
2019-02-01T00:35:21.673+0000: 792296.631: Total time for which application threads were stopped: 0.0088331 seconds, Stopping threads took: 0.0004051 seconds
2019-02-01T00:35:21.674+0000: 792296.632: Application time: 0.0006888 seconds
2019-02-01T00:35:21.683+0000: 792296.641: [GC (GCLocker Initiated GC) 2019-02-01T00:35:21.700+0000: 792296.657: [SoftReference, 0 refs, 0.0000848 secs]2019-02-01T00:35:21.700+0000: 792296.657: [WeakReference, 52 refs, 0.0000436 secs]2019-02-01T00:35:21.700+0000: 792296.657: [FinalReference, 486 refs, 0.0005590 secs]2019-02-01T00:35:21.700+0000: 792296.658: [PhantomReference, 0 refs, 0 refs, 0.0000241 secs]2019-02-01T00:35:21.700+0000: 792296.658: [JNI Weak Reference, 0.0000333 secs]
Desired survivor size 83361792 bytes, new threshold 1 (max 15)
[PSYoungGen: 900652K->65821K(901632K)] 2866186K->2034908K(4153856K), 0.0234296 secs] [Times: user=0.35 sys=0.01, real=0.03 secs] 
2019-02-01T00:35:21.706+0000: 792296.664: Total time for which application threads were stopped: 0.0325822 seconds, Stopping threads took: 0.0003201 seconds
2019-02-01T00:35:24.509+0000: 792299.467: Application time: 2.8030687 seconds
2019-02-01T00:35:24.518+0000: 792299.476: Total time for which application threads were stopped: 0.0090691 seconds, Stopping threads took: 0.0004258 seconds
2019-02-01T00:35:24.520+0000: 792299.478: Application time: 0.0011745 seconds
2019-02-01T00:35:24.528+0000: 792299.486: [GC (GCLocker Initiated GC) 2019-02-01T00:35:24.543+0000: 792299.500: [SoftReference, 0 refs, 0.0000656 secs]2019-02-01T00:35:24.543+0000: 792299.500: [WeakReference, 15 refs, 0.0000178 secs]2019-02-01T00:35:24.543+0000: 792299.500: [FinalReference, 462 refs, 0.0002316 secs]2019-02-01T00:35:24.543+0000: 792299.501: [PhantomReference, 0 refs, 0 refs, 0.0000099 secs]2019-02-01T00:35:24.543+0000: 792299.501: [JNI Weak Reference, 0.0000186 secs]
Desired survivor size 80216064 bytes, new threshold 1 (max 15)
[PSYoungGen: 901405K->46049K(891392K)] 2873886K->2023015K(4143616K), 0.0205652 secs] [Times: user=0.25 sys=0.01, real=0.02 secs] 
2019-02-01T00:35:24.549+0000: 792299.507: Total time for which application threads were stopped: 0.0292622 seconds, Stopping threads took: 0.0001127 seconds
2019-02-01T00:35:27.686+0000: 792302.644: Application time: 3.1374873 seconds
2019-02-01T00:35:27.695+0000: 792302.653: Total time for which application threads were stopped: 0.0089192 seconds, Stopping threads took: 0.0004081 seconds
2019-02-01T00:35:27.696+0000: 792302.654: Application time: 0.0007521 seconds
2019-02-01T00:35:27.705+0000: 792302.663: [GC (GCLocker Initiated GC) 2019-02-01T00:35:27.721+0000: 792302.679: [SoftReference, 0 refs, 0.0000605 secs]2019-02-01T00:35:27.721+0000: 792302.679: [WeakReference, 50 refs, 0.0000283 secs]2019-02-01T00:35:27.721+0000: 792302.679: [FinalReference, 492 refs, 0.0002566 secs]2019-02-01T00:35:27.721+0000: 792302.679: [PhantomReference, 0 refs, 0 refs, 0.0000100 secs]2019-02-01T00:35:27.721+0000: 792302.679: [JNI Weak Reference, 0.0000198 secs]
Desired survivor size 85458944 bytes, new threshold 1 (max 15)
[PSYoungGen: 871905K->69529K(885760K)] 2855671K->2056333K(4137984K), 0.0197127 secs] [Times: user=0.32 sys=0.00, real=0.02 secs] 
2019-02-01T00:35:27.725+0000: 792302.683: Total time for which application threads were stopped: 0.0287309 seconds, Stopping threads took: 0.0003112 seconds
2019-02-01T00:35:29.862+0000: 792304.820: Application time: 2.1370220 seconds
2019-02-01T00:35:29.876+0000: 792304.834: Total time for which application threads were stopped: 0.0139118 seconds, Stopping threads took: 0.0050810 seconds
2019-02-01T00:35:29.877+0000: 792304.835: Application time: 0.0010770 seconds
2019-02-01T00:35:29.885+0000: 792304.843: [GC (GCLocker Initiated GC) 2019-02-01T00:35:29.902+0000: 792304.859: [SoftReference, 0 refs, 0.0000593 secs]2019-02-01T00:35:29.902+0000: 792304.859: [WeakReference, 30 refs, 0.0000239 secs]2019-02-01T00:35:29.902+0000: 792304.859: [FinalReference, 432 refs, 0.0001964 secs]2019-02-01T00:35:29.902+0000: 792304.860: [PhantomReference, 0 refs, 2 refs, 0.0000107 secs]2019-02-01T00:35:29.902+0000: 792304.860: [JNI Weak Reference, 0.0000192 secs]
Desired survivor size 88604672 bytes, new threshold 1 (max 15)
[PSYoungGen: 885657K->68577K(887296K)] 2875993K->2063209K(4139520K), 0.0206720 secs] [Times: user=0.27 sys=0.00, real=0.02 secs] 
2019-02-01T00:35:29.906+0000: 792304.863: Total time for which application threads were stopped: 0.0287386 seconds, Stopping threads took: 0.0005845 seconds
2019-02-01T00:35:31.313+0000: 792306.271: Application time: 1.4075214 seconds
2019-02-01T00:35:31.321+0000: 792306.279: Total time for which application threads were stopped: 0.0078925 seconds, Stopping threads took: 0.0004210 seconds
2019-02-01T00:35:31.322+0000: 792306.280: Application time: 0.0013225 seconds
2019-02-01T00:35:31.335+0000: 792306.293: [GC (GCLocker Initiated GC) 2019-02-01T00:35:31.352+0000: 792306.309: [SoftReference, 0 refs, 0.0000860 secs]2019-02-01T00:35:31.352+0000: 792306.309: [WeakReference, 34 refs, 0.0000266 secs]2019-02-01T00:35:31.352+0000: 792306.310: [FinalReference, 404 refs, 0.0002009 secs]2019-02-01T00:35:31.352+0000: 792306.310: [PhantomReference, 0 refs, 0 refs, 0.0000157 secs]2019-02-01T00:35:31.352+0000: 792306.310: [JNI Weak Reference, 0.0000283 secs]
Desired survivor size 95944704 bytes, new threshold 1 (max 15)
[PSYoungGen: 875489K->80687K(893440K)] 2873526K->2082907K(4145664K), 0.0215320 secs] [Times: user=0.28 sys=0.01, real=0.02 secs] 
2019-02-01T00:35:31.357+0000: 792306.315: Total time for which application threads were stopped: 0.0345030 seconds, Stopping threads took: 0.0045206 seconds
2019-02-01T00:35:32.619+0000: 792307.576: Application time: 1.2616792 seconds
2019-02-01T00:35:32.628+0000: 792307.586: Total time for which application threads were stopped: 0.0094059 seconds, Stopping threads took: 0.0002734 seconds
2019-02-01T00:35:32.628+0000: 792307.586: Application time: 0.0001378 seconds
2019-02-01T00:35:32.636+0000: 792307.594: Total time for which application threads were stopped: 0.0075962 seconds, Stopping threads took: 0.0001653 seconds
2019-02-01T00:35:32.637+0000: 792307.595: Application time: 0.0017240 seconds
2019-02-01T00:35:32.645+0000: 792307.603: [GC (GCLocker Initiated GC) 2019-02-01T00:35:32.672+0000: 792307.630: [SoftReference, 0 refs, 0.0000502 secs]2019-02-01T00:35:32.672+0000: 792307.630: [WeakReference, 39 refs, 0.0000243 secs]2019-02-01T00:35:32.672+0000: 792307.630: [FinalReference, 425 refs, 0.0002052 secs]2019-02-01T00:35:32.673+0000: 792307.630: [PhantomReference, 0 refs, 0 refs, 0.0000100 secs]2019-02-01T00:35:32.673+0000: 792307.630: [JNI Weak Reference, 0.0000201 secs]
Desired survivor size 117440512 bytes, new threshold 1 (max 15)
[PSYoungGen: 887599K->93672K(1000448K)] 2893295K->2127776K(4252672K), 0.0310090 secs] [Times: user=0.32 sys=0.27, real=0.03 secs] 
2019-02-01T00:35:32.676+0000: 792307.634: Total time for which application threads were stopped: 0.0388927 seconds, Stopping threads took: 0.0003780 seconds
2019-02-01T00:35:35.872+0000: 792310.829: Application time: 3.1953156 seconds
2019-02-01T00:35:35.881+0000: 792310.839: Total time for which application threads were stopped: 0.0095022 seconds, Stopping threads took: 0.0008769 seconds
2019-02-01T00:35:35.882+0000: 792310.840: Application time: 0.0008014 seconds
2019-02-01T00:35:35.891+0000: 792310.849: [GC (GCLocker Initiated GC) 2019-02-01T00:35:35.906+0000: 792310.864: [SoftReference, 0 refs, 0.0000773 secs]2019-02-01T00:35:35.906+0000: 792310.864: [WeakReference, 4 refs, 0.0000212 secs]2019-02-01T00:35:35.906+0000: 792310.864: [FinalReference, 501 refs, 0.0005014 secs]2019-02-01T00:35:35.907+0000: 792310.864: [PhantomReference, 0 refs, 1 refs, 0.0000252 secs]2019-02-01T00:35:35.907+0000: 792310.864: [JNI Weak Reference, 0.0000491 secs]
Desired survivor size 116916224 bytes, new threshold 1 (max 15)
[PSYoungGen: 1000424K->34212K(1021440K)] 3037885K->2077078K(4273664K), 0.0205323 secs] [Times: user=0.27 sys=0.00, real=0.02 secs] 
2019-02-01T00:35:35.912+0000: 792310.870: Total time for which application threads were stopped: 0.0300691 seconds, Stopping threads took: 0.0001758 seconds
2019-02-01T00:35:38.593+0000: 792313.551: Application time: 2.6812009 seconds
2019-02-01T00:35:38.602+0000: 792313.559: Total time for which application threads were stopped: 0.0084168 seconds, Stopping threads took: 0.0003041 seconds
2019-02-01T00:35:39.062+0000: 792314.020: Application time: 0.4605287 seconds
2019-02-01T00:35:39.073+0000: 792314.031: Total time for which application threads were stopped: 0.0109965 seconds, Stopping threads took: 0.0021555 seconds
2019-02-01T00:35:39.075+0000: 792314.033: Application time: 0.0016976 seconds
2019-02-01T00:35:39.084+0000: 792314.042: [GC (GCLocker Initiated GC) 2019-02-01T00:35:39.112+0000: 792314.070: [SoftReference, 0 refs, 0.0000526 secs]2019-02-01T00:35:39.112+0000: 792314.070: [WeakReference, 45 refs, 0.0000243 secs]2019-02-01T00:35:39.112+0000: 792314.070: [FinalReference, 560 refs, 0.0002930 secs]2019-02-01T00:35:39.112+0000: 792314.070: [PhantomReference, 0 refs, 2 refs, 0.0000115 secs]2019-02-01T00:35:39.112+0000: 792314.070: [JNI Weak Reference, 0.0000200 secs]
Desired survivor size 123207680 bytes, new threshold 1 (max 15)
[PSYoungGen: 940964K->90598K(1157632K)] 2987729K->2141243K(4409856K), 0.0313442 secs] [Times: user=0.36 sys=0.23, real=0.03 secs] 
2019-02-01T00:35:39.116+0000: 792314.074: Total time for which application threads were stopped: 0.0410397 seconds, Stopping threads took: 0.0003997 seconds
2019-02-01T00:35:40.367+0000: 792315.325: Application time: 1.2508903 seconds
2019-02-01T00:35:40.376+0000: 792315.334: Total time for which application threads were stopped: 0.0091422 seconds, Stopping threads took: 0.0003460 seconds
2019-02-01T00:35:41.936+0000: 792316.894: Application time: 1.5600438 seconds
2019-02-01T00:35:41.949+0000: 792316.907: Total time for which application threads were stopped: 0.0130033 seconds, Stopping threads took: 0.0050525 seconds
2019-02-01T00:35:41.951+0000: 792316.909: Application time: 0.0017740 seconds
2019-02-01T00:35:41.965+0000: 792316.923: [GC (GCLocker Initiated GC) 2019-02-01T00:35:41.978+0000: 792316.936: [SoftReference, 0 refs, 0.0000704 secs]2019-02-01T00:35:41.978+0000: 792316.936: [WeakReference, 49 refs, 0.0000405 secs]2019-02-01T00:35:41.979+0000: 792316.936: [FinalReference, 465 refs, 0.0003456 secs]2019-02-01T00:35:41.979+0000: 792316.937: [PhantomReference, 0 refs, 3 refs, 0.0000211 secs]2019-02-01T00:35:41.979+0000: 792316.937: [JNI Weak Reference, 0.0000325 secs]
Desired survivor size 117964800 bytes, new threshold 1 (max 15)
[PSYoungGen: 1134054K->64112K(1163776K)] 3189293K->2122476K(4416000K), 0.0195251 secs] [Times: user=0.26 sys=0.01, real=0.02 secs] 
2019-02-01T00:35:41.984+0000: 792316.942: Total time for which application threads were stopped: 0.0336681 seconds, Stopping threads took: 0.0052574 seconds
2019-02-01T00:35:44.465+0000: 792319.423: Application time: 2.4809306 seconds
2019-02-01T00:35:44.473+0000: 792319.431: Total time for which application threads were stopped: 0.0077806 seconds, Stopping threads took: 0.0002466 seconds
2019-02-01T00:35:44.474+0000: 792319.432: Application time: 0.0012228 seconds
2019-02-01T00:35:44.483+0000: 792319.441: [GC (GCLocker Initiated GC) 2019-02-01T00:35:44.511+0000: 792319.469: [SoftReference, 0 refs, 0.0000536 secs]2019-02-01T00:35:44.511+0000: 792319.469: [WeakReference, 17 refs, 0.0000179 secs]2019-02-01T00:35:44.511+0000: 792319.469: [FinalReference, 567 refs, 0.0003263 secs]2019-02-01T00:35:44.512+0000: 792319.470: [PhantomReference, 0 refs, 0 refs, 0.0000098 secs]2019-02-01T00:35:44.512+0000: 792319.470: [JNI Weak Reference, 0.0000194 secs]
Desired survivor size 116916224 bytes, new threshold 1 (max 15)
[PSYoungGen: 1107568K->73797K(1318912K)] 3165979K->2138869K(4571136K), 0.0322337 secs] [Times: user=0.36 sys=0.16, real=0.03 secs] 
2019-02-01T00:35:44.515+0000: 792319.473: Total time for which application threads were stopped: 0.0407011 seconds, Stopping threads took: 0.0002255 seconds
2019-02-01T00:35:48.443+0000: 792323.401: Application time: 3.9277904 seconds
2019-02-01T00:35:48.450+0000: 792323.408: Total time for which application threads were stopped: 0.0072420 seconds, Stopping threads took: 0.0003061 seconds
2019-02-01T00:35:48.451+0000: 792323.409: Application time: 0.0008643 seconds
2019-02-01T00:35:48.458+0000: 792323.416: [GC (GCLocker Initiated GC) 2019-02-01T00:35:48.471+0000: 792323.429: [SoftReference, 0 refs, 0.0000722 secs]2019-02-01T00:35:48.472+0000: 792323.429: [WeakReference, 6 refs, 0.0000118 secs]2019-02-01T00:35:48.472+0000: 792323.429: [FinalReference, 705 refs, 0.0003892 secs]2019-02-01T00:35:48.472+0000: 792323.430: [PhantomReference, 0 refs, 0 refs, 0.0000103 secs]2019-02-01T00:35:48.472+0000: 792323.430: [JNI Weak Reference, 0.0000185 secs]
Desired survivor size 114294784 bytes, new threshold 1 (max 15)
[PSYoungGen: 1277509K->48074K(1317888K)] 3342619K->2118155K(4570112K), 0.0174258 secs] [Times: user=0.25 sys=0.01, real=0.02 secs] 
2019-02-01T00:35:48.476+0000: 792323.434: Total time for which application threads were stopped: 0.0247914 seconds, Stopping threads took: 0.0002539 seconds
2019-02-01T00:35:52.520+0000: 792327.478: Application time: 4.0445703 seconds
2019-02-01T00:35:52.529+0000: 792327.487: Total time for which application threads were stopped: 0.0087892 seconds, Stopping threads took: 0.0003431 seconds
2019-02-01T00:35:52.530+0000: 792327.488: Application time: 0.0009473 seconds
2019-02-01T00:35:52.539+0000: 792327.497: [GC (GCLocker Initiated GC) 2019-02-01T00:35:54.965+0000: 792329.923: [SoftReference, 0 refs, 0.0000884 secs]2019-02-01T00:35:54.965+0000: 792329.923: [WeakReference, 41 refs, 0.0000318 secs]2019-02-01T00:35:54.965+0000: 792329.923: [FinalReference, 670 refs, 0.0003886 secs]2019-02-01T00:35:54.965+0000: 792329.923: [PhantomReference, 0 refs, 0 refs, 0.0000106 secs]2019-02-01T00:35:54.965+0000: 792329.923: [JNI Weak Reference, 0.0000202 secs]
Desired survivor size 120586240 bytes, new threshold 1 (max 15)
[PSYoungGen: 1251786K->91027K(1489408K)] 3325938K->2168168K(4741632K), 2.4302219 secs] [Times: user=19.79 sys=34.63, real=2.43 secs] 
2019-02-01T00:35:54.969+0000: 792329.927: Total time for which application threads were stopped: 2.4390005 seconds, Stopping threads took: 0.0002138 seconds
2019-02-01T00:35:58.839+0000: 792333.797: Application time: 3.8701835 seconds
2019-02-01T00:36:00.271+0000: 792335.229: Total time for which application threads were stopped: 1.4317133 seconds, Stopping threads took: 1.4232962 seconds
2019-02-01T00:36:00.282+0000: 792335.240: Application time: 0.0106910 seconds
2019-02-01T00:36:00.292+0000: 792335.250: [GC (GCLocker Initiated GC) 2019-02-01T00:36:00.319+0000: 792335.277: [SoftReference, 0 refs, 0.0000600 secs]2019-02-01T00:36:00.320+0000: 792335.277: [WeakReference, 34 refs, 0.0000278 secs]2019-02-01T00:36:00.320+0000: 792335.277: [FinalReference, 760 refs, 0.0016608 secs]2019-02-01T00:36:00.321+0000: 792335.279: [PhantomReference, 0 refs, 2 refs, 0.0000118 secs]2019-02-01T00:36:00.321+0000: 792335.279: [JNI Weak Reference, 0.0000173 secs]
Desired survivor size 121110528 bytes, new threshold 1 (max 15)
[PSYoungGen: 1468819K->81690K(1495552K)] 3569605K->2188990K(4747776K), 0.0331344 secs] [Times: user=0.39 sys=0.16, real=0.04 secs] 
2019-02-01T00:36:00.325+0000: 792335.283: Total time for which application threads were stopped: 0.0433266 seconds, Stopping threads took: 0.0022225 seconds
2019-02-01T00:36:04.201+0000: 792339.159: Application time: 3.8758522 seconds
2019-02-01T00:36:04.210+0000: 792339.167: Total time for which application threads were stopped: 0.0086719 seconds, Stopping threads took: 0.0002556 seconds
2019-02-01T00:36:04.210+0000: 792339.168: Application time: 0.0007790 seconds
2019-02-01T00:36:04.219+0000: 792339.177: [GC (GCLocker Initiated GC) 2019-02-01T00:36:04.245+0000: 792339.203: [SoftReference, 0 refs, 0.0000582 secs]2019-02-01T00:36:04.245+0000: 792339.203: [WeakReference, 61 refs, 0.0000323 secs]2019-02-01T00:36:04.245+0000: 792339.203: [FinalReference, 687 refs, 0.0003883 secs]2019-02-01T00:36:04.245+0000: 792339.203: [PhantomReference, 0 refs, 0 refs, 0.0000099 secs]2019-02-01T00:36:04.245+0000: 792339.203: [JNI Weak Reference, 0.0000198 secs]
Desired survivor size 117440512 bytes, new threshold 1 (max 15)
[PSYoungGen: 1459482K->70527K(1749504K)] 3566819K->2183477K(5001728K), 0.0290500 secs] [Times: user=0.39 sys=0.14, real=0.03 secs] 
2019-02-01T00:36:04.249+0000: 792339.207: Total time for which application threads were stopped: 0.0382988 seconds, Stopping threads took: 0.0002419 seconds
2019-02-01T00:36:09.986+0000: 792344.943: Application time: 5.7369373 seconds
2019-02-01T00:36:09.994+0000: 792344.952: Total time for which application threads were stopped: 0.0086238 seconds, Stopping threads took: 0.0002772 seconds
2019-02-01T00:36:09.995+0000: 792344.953: Application time: 0.0007029 seconds
2019-02-01T00:36:10.004+0000: 792344.962: [GC (GCLocker Initiated GC) 2019-02-01T00:36:11.714+0000: 792346.672: [SoftReference, 0 refs, 0.0000534 secs]2019-02-01T00:36:11.714+0000: 792346.672: [WeakReference, 25 refs, 0.0000235 secs]2019-02-01T00:36:11.714+0000: 792346.672: [FinalReference, 959 refs, 0.0038848 secs]2019-02-01T00:36:11.718+0000: 792346.676: [PhantomReference, 0 refs, 0 refs, 0.0000150 secs]2019-02-01T00:36:11.718+0000: 792346.676: [JNI Weak Reference, 0.0000228 secs]
Desired survivor size 115343360 bytes, new threshold 1 (max 15)
[PSYoungGen: 1711487K->73586K(1755648K)] 3824461K->2192870K(5007872K), 1.7172183 secs] [Times: user=24.32 sys=13.51, real=1.71 secs] 
2019-02-01T00:36:11.721+0000: 792346.679: Total time for which application threads were stopped: 1.7264717 seconds, Stopping threads took: 0.0002728 seconds
2019-02-01T00:36:16.434+0000: 792351.392: Application time: 4.7126913 seconds
2019-02-01T00:36:16.445+0000: 792351.403: Total time for which application threads were stopped: 0.0106421 seconds, Stopping threads took: 0.0018139 seconds
2019-02-01T00:36:16.446+0000: 792351.404: Application time: 0.0012963 seconds
2019-02-01T00:36:16.460+0000: 792351.418: [GC (GCLocker Initiated GC) 2019-02-01T00:36:18.546+0000: 792353.503: [SoftReference, 0 refs, 0.0000462 secs]2019-02-01T00:36:18.546+0000: 792353.503: [WeakReference, 16 refs, 0.0000238 secs]2019-02-01T00:36:18.546+0000: 792353.504: [FinalReference, 859 refs, 0.0005200 secs]2019-02-01T00:36:18.546+0000: 792353.504: [PhantomReference, 0 refs, 0 refs, 0.0000140 secs]2019-02-01T00:36:18.546+0000: 792353.504: [JNI Weak Reference, 0.0000219 secs]
Desired survivor size 116391936 bytes, new threshold 1 (max 15)
[PSYoungGen: 1714546K->82869K(1807360K)] 3842099K->2214375K(5059584K), 2.0894948 secs] [Times: user=36.30 sys=9.47, real=2.09 secs] 
2019-02-01T00:36:18.550+0000: 792353.508: Total time for which application threads were stopped: 2.1036544 seconds, Stopping threads took: 0.0049521 seconds
2019-02-01T00:36:23.496+0000: 792358.454: Application time: 4.9461332 seconds
2019-02-01T00:36:23.505+0000: 792358.463: Total time for which application threads were stopped: 0.0088675 seconds, Stopping threads took: 0.0004703 seconds
2019-02-01T00:36:23.506+0000: 792358.463: Application time: 0.0008174 seconds
2019-02-01T00:36:23.514+0000: 792358.472: [GC (GCLocker Initiated GC) 2019-02-01T00:36:24.730+0000: 792359.688: [SoftReference, 0 refs, 0.0000515 secs]2019-02-01T00:36:24.730+0000: 792359.688: [WeakReference, 68 refs, 0.0000412 secs]2019-02-01T00:36:24.730+0000: 792359.688: [FinalReference, 886 refs, 0.0004349 secs]2019-02-01T00:36:24.730+0000: 792359.688: [PhantomReference, 0 refs, 0 refs, 0.0000103 secs]2019-02-01T00:36:24.730+0000: 792359.688: [JNI Weak Reference, 0.0000203 secs]
Desired survivor size 116916224 bytes, new threshold 1 (max 15)
[PSYoungGen: 1777589K->81983K(1777152K)] 3909189K->2218911K(5029376K), 1.2192897 secs] [Times: user=23.93 sys=2.66, real=1.22 secs] 
2019-02-01T00:36:24.734+0000: 792359.692: Total time for which application threads were stopped: 1.2283482 seconds, Stopping threads took: 0.0002259 seconds
2019-02-01T00:36:29.200+0000: 792364.158: Application time: 4.4657262 seconds
2019-02-01T00:36:29.209+0000: 792364.167: Total time for which application threads were stopped: 0.0090441 seconds, Stopping threads took: 0.0002598 seconds
2019-02-01T00:36:29.210+0000: 792364.168: Application time: 0.0011814 seconds
2019-02-01T00:36:29.219+0000: 792364.177: [GC (GCLocker Initiated GC) 2019-02-01T00:36:29.233+0000: 792364.191: [SoftReference, 0 refs, 0.0000663 secs]2019-02-01T00:36:29.233+0000: 792364.191: [WeakReference, 49 refs, 0.0000303 secs]2019-02-01T00:36:29.233+0000: 792364.191: [FinalReference, 851 refs, 0.0004486 secs]2019-02-01T00:36:29.234+0000: 792364.192: [PhantomReference, 0 refs, 0 refs, 0.0000102 secs]2019-02-01T00:36:29.234+0000: 792364.192: [JNI Weak Reference, 0.0000191 secs]
Desired survivor size 113770496 bytes, new threshold 1 (max 15)
[PSYoungGen: 1776703K->61847K(1810944K)] 3913811K->2202355K(5063168K), 0.0177821 secs] [Times: user=0.26 sys=0.00, real=0.02 secs] 
2019-02-01T00:36:29.237+0000: 792364.195: Total time for which application threads were stopped: 0.0271448 seconds, Stopping threads took: 0.0003283 seconds
2019-02-01T00:36:33.775+0000: 792368.733: Application time: 4.5376466 seconds
2019-02-01T00:36:33.787+0000: 792368.744: Total time for which application threads were stopped: 0.0117956 seconds, Stopping threads took: 0.0032237 seconds
2019-02-01T00:36:33.787+0000: 792368.745: Application time: 0.0001379 seconds
2019-02-01T00:36:33.795+0000: 792368.753: Total time for which application threads were stopped: 0.0087570 seconds, Stopping threads took: 0.0001327 seconds
2019-02-01T00:36:33.797+0000: 792368.755: Application time: 0.0015375 seconds
2019-02-01T00:36:33.806+0000: 792368.764: [GC (GCLocker Initiated GC) 2019-02-01T00:36:33.822+0000: 792368.780: [SoftReference, 0 refs, 0.0000749 secs]2019-02-01T00:36:33.822+0000: 792368.780: [WeakReference, 12 refs, 0.0000243 secs]2019-02-01T00:36:33.822+0000: 792368.780: [FinalReference, 916 refs, 0.0006581 secs]2019-02-01T00:36:33.823+0000: 792368.781: [PhantomReference, 0 refs, 1 refs, 0.0000803 secs]2019-02-01T00:36:33.823+0000: 792368.781: [JNI Weak Reference, 0.0000423 secs]
Desired survivor size 112721920 bytes, new threshold 1 (max 15)
[PSYoungGen: 1758615K->77856K(1775104K)] 3904327K->2227872K(5027328K), 0.0220145 secs] [Times: user=0.31 sys=0.00, real=0.03 secs] 
2019-02-01T00:36:33.829+0000: 792368.786: Total time for which application threads were stopped: 0.0315243 seconds, Stopping threads took: 0.0003839 seconds
2019-02-01T00:36:38.168+0000: 792373.126: Application time: 4.3395227 seconds
2019-02-01T00:36:38.178+0000: 792373.136: Total time for which application threads were stopped: 0.0101248 seconds, Stopping threads took: 0.0026056 seconds
2019-02-01T00:36:38.180+0000: 792373.138: Application time: 0.0015985 seconds
2019-02-01T00:36:38.187+0000: 792373.145: [GC (GCLocker Initiated GC) 2019-02-01T00:36:38.206+0000: 792373.163: [SoftReference, 0 refs, 0.0000497 secs]2019-02-01T00:36:38.206+0000: 792373.163: [WeakReference, 65 refs, 0.0000346 secs]2019-02-01T00:36:38.206+0000: 792373.163: [FinalReference, 879 refs, 0.0033910 secs]2019-02-01T00:36:38.209+0000: 792373.167: [PhantomReference, 0 refs, 1 refs, 0.0000153 secs]2019-02-01T00:36:38.209+0000: 792373.167: [JNI Weak Reference, 0.0000203 secs]
Desired survivor size 117440512 bytes, new threshold 1 (max 15)
[PSYoungGen: 1774624K->93031K(1802240K)] 3924725K->2249361K(5054464K), 0.0254324 secs] [Times: user=0.39 sys=0.01, real=0.03 secs] 
2019-02-01T00:36:38.213+0000: 792373.171: Total time for which application threads were stopped: 0.0329980 seconds, Stopping threads took: 0.0001863 seconds
2019-02-01T00:36:40.368+0000: 792375.326: Application time: 2.1556053 seconds
2019-02-01T00:36:40.378+0000: 792375.336: Total time for which application threads were stopped: 0.0096639 seconds, Stopping threads took: 0.0009939 seconds
2019-02-01T00:36:43.077+0000: 792378.035: Application time: 2.6994391 seconds
2019-02-01T00:36:43.086+0000: 792378.044: Total time for which application threads were stopped: 0.0089813 seconds, Stopping threads took: 0.0001986 seconds
2019-02-01T00:36:43.087+0000: 792378.045: Application time: 0.0008069 seconds
2019-02-01T00:36:43.096+0000: 792378.054: [GC (GCLocker Initiated GC) 2019-02-01T00:36:43.108+0000: 792378.065: [SoftReference, 0 refs, 0.0000566 secs]2019-02-01T00:36:43.108+0000: 792378.065: [WeakReference, 49 refs, 0.0000297 secs]2019-02-01T00:36:43.108+0000: 792378.066: [FinalReference, 961 refs, 0.0005502 secs]2019-02-01T00:36:43.108+0000: 792378.066: [PhantomReference, 0 refs, 0 refs, 0.0000107 secs]2019-02-01T00:36:43.108+0000: 792378.066: [JNI Weak Reference, 0.0000200 secs]
Desired survivor size 118489088 bytes, new threshold 1 (max 15)
[PSYoungGen: 1785191K->41514K(1734144K)] 3941577K->2202675K(4986368K), 0.0153049 secs] [Times: user=0.20 sys=0.01, real=0.02 secs] 
2019-02-01T00:36:43.112+0000: 792378.070: Total time for which application threads were stopped: 0.0244286 seconds, Stopping threads took: 0.0001176 seconds
2019-02-01T00:36:47.686+0000: 792382.644: Application time: 4.5743993 seconds
2019-02-01T00:36:47.695+0000: 792382.653: Total time for which application threads were stopped: 0.0090959 seconds, Stopping threads took: 0.0003544 seconds
2019-02-01T00:36:47.696+0000: 792382.654: Application time: 0.0010496 seconds
2019-02-01T00:36:47.706+0000: 792382.663: [GC (GCLocker Initiated GC) 2019-02-01T00:36:47.721+0000: 792382.679: [SoftReference, 0 refs, 0.0000560 secs]2019-02-01T00:36:47.721+0000: 792382.679: [WeakReference, 5 refs, 0.0000125 secs]2019-02-01T00:36:47.721+0000: 792382.679: [FinalReference, 899 refs, 0.0004558 secs]2019-02-01T00:36:47.722+0000: 792382.680: [PhantomReference, 0 refs, 0 refs, 0.0000101 secs]2019-02-01T00:36:47.722+0000: 792382.680: [JNI Weak Reference, 0.0000194 secs]
Desired survivor size 119537664 bytes, new threshold 1 (max 15)
[PSYoungGen: 1733674K->36604K(1804288K)] 3898389K->2204738K(5056512K), 0.0197757 secs] [Times: user=0.25 sys=0.01, real=0.02 secs] 
2019-02-01T00:36:47.725+0000: 792382.683: Total time for which application threads were stopped: 0.0291943 seconds, Stopping threads took: 0.0002151 seconds
2019-02-01T00:36:53.145+0000: 792388.103: Application time: 5.4192066 seconds
2019-02-01T00:36:53.154+0000: 792388.111: Total time for which application threads were stopped: 0.0088130 seconds, Stopping threads took: 0.0002464 seconds
2019-02-01T00:36:53.154+0000: 792388.112: Application time: 0.0008394 seconds
2019-02-01T00:36:53.163+0000: 792388.121: [GC (GCLocker Initiated GC) 2019-02-01T00:36:53.177+0000: 792388.135: [SoftReference, 0 refs, 0.0000550 secs]2019-02-01T00:36:53.177+0000: 792388.135: [WeakReference, 78 refs, 0.0000400 secs]2019-02-01T00:36:53.178+0000: 792388.135: [FinalReference, 938 refs, 0.0004798 secs]2019-02-01T00:36:53.178+0000: 792388.136: [PhantomReference, 0 refs, 0 refs, 0.0000103 secs]2019-02-01T00:36:53.178+0000: 792388.136: [JNI Weak Reference, 0.0000197 secs]
Desired survivor size 117964800 bytes, new threshold 1 (max 15)
[PSYoungGen: 1725180K->43975K(1732608K)] 3899987K->2221522K(4984832K), 0.0181789 secs] [Times: user=0.21 sys=0.00, real=0.02 secs] 
2019-02-01T00:36:53.182+0000: 792388.140: Total time for which application threads were stopped: 0.0273118 seconds, Stopping threads took: 0.0003705 seconds
2019-02-01T00:36:58.374+0000: 792393.332: Application time: 5.1925663 seconds
2019-02-01T00:36:58.383+0000: 792393.341: Total time for which application threads were stopped: 0.0086106 seconds, Stopping threads took: 0.0002939 seconds
2019-02-01T00:36:58.383+0000: 792393.341: Application time: 0.0003968 seconds
2019-02-01T00:36:58.392+0000: 792393.350: [GC (GCLocker Initiated GC) 2019-02-01T00:36:58.409+0000: 792393.367: [SoftReference, 0 refs, 0.0000544 secs]2019-02-01T00:36:58.409+0000: 792393.367: [WeakReference, 86 refs, 0.0000385 secs]2019-02-01T00:36:58.409+0000: 792393.367: [FinalReference, 849 refs, 0.0004542 secs]2019-02-01T00:36:58.409+0000: 792393.367: [PhantomReference, 0 refs, 0 refs, 0.0000121 secs]2019-02-01T00:36:58.409+0000: 792393.367: [JNI Weak Reference, 0.0000199 secs]
Desired survivor size 114819072 bytes, new threshold 1 (max 15)
[PSYoungGen: 1732551K->54227K(1807872K)] 3910111K->2235263K(5060096K), 0.0207706 secs] [Times: user=0.27 sys=0.00, real=0.02 secs] 
2019-02-01T00:36:58.413+0000: 792393.371: Total time for which application threads were stopped: 0.0297981 seconds, Stopping threads took: 0.0004329 seconds
2019-02-01T00:37:04.395+0000: 792399.353: Application time: 5.9822699 seconds
2019-02-01T00:37:04.404+0000: 792399.362: Total time for which application threads were stopped: 0.0088647 seconds, Stopping threads took: 0.0009967 seconds
2019-02-01T00:37:04.405+0000: 792399.363: Application time: 0.0009832 seconds
2019-02-01T00:37:04.413+0000: 792399.371: [GC (GCLocker Initiated GC) 2019-02-01T00:37:04.429+0000: 792399.387: [SoftReference, 0 refs, 0.0000842 secs]2019-02-01T00:37:04.429+0000: 792399.387: [WeakReference, 60 refs, 0.0000355 secs]2019-02-01T00:37:04.429+0000: 792399.387: [FinalReference, 960 refs, 0.0005797 secs]2019-02-01T00:37:04.430+0000: 792399.387: [PhantomReference, 0 refs, 2 refs, 0.0000143 secs]2019-02-01T00:37:04.430+0000: 792399.387: [JNI Weak Reference, 0.0000433 secs]
Desired survivor size 113246208 bytes, new threshold 1 (max 15)
[PSYoungGen: 1746899K->42428K(1804800K)] 3927963K->2226562K(5057024K), 0.0201593 secs] [Times: user=0.25 sys=0.02, real=0.02 secs] 
2019-02-01T00:37:04.434+0000: 792399.392: Total time for which application threads were stopped: 0.0286569 seconds, Stopping threads took: 0.0001706 seconds
2019-02-01T00:37:10.037+0000: 792404.994: Application time: 5.6026806 seconds
2019-02-01T00:37:10.044+0000: 792405.002: Total time for which application threads were stopped: 0.0071514 seconds, Stopping threads took: 0.0002064 seconds
2019-02-01T00:37:10.044+0000: 792405.002: Application time: 0.0004096 seconds
2019-02-01T00:37:10.051+0000: 792405.009: [GC (GCLocker Initiated GC) 2019-02-01T00:37:10.063+0000: 792405.021: [SoftReference, 0 refs, 0.0000559 secs]2019-02-01T00:37:10.063+0000: 792405.021: [WeakReference, 26 refs, 0.0000198 secs]2019-02-01T00:37:10.063+0000: 792405.021: [FinalReference, 904 refs, 0.0004787 secs]2019-02-01T00:37:10.063+0000: 792405.021: [PhantomReference, 0 refs, 0 refs, 0.0000106 secs]2019-02-01T00:37:10.064+0000: 792405.021: [JNI Weak Reference, 0.0000195 secs]
Desired survivor size 113770496 bytes, new threshold 1 (max 15)
[PSYoungGen: 1735100K->28755K(1804800K)] 3928046K->2225327K(5057024K), 0.0155189 secs] [Times: user=0.22 sys=0.00, real=0.02 secs] 
2019-02-01T00:37:10.067+0000: 792405.025: Total time for which application threads were stopped: 0.0229855 seconds, Stopping threads took: 0.0001885 seconds
2019-02-01T00:37:15.699+0000: 792410.657: Application time: 5.6315940 seconds
2019-02-01T00:37:15.711+0000: 792410.669: Total time for which application threads were stopped: 0.0123811 seconds, Stopping threads took: 0.0039434 seconds
2019-02-01T00:37:15.711+0000: 792410.669: Application time: 0.0004112 seconds
2019-02-01T00:37:15.721+0000: 792410.678: [GC (GCLocker Initiated GC) 2019-02-01T00:37:15.735+0000: 792410.693: [SoftReference, 0 refs, 0.0000624 secs]2019-02-01T00:37:15.735+0000: 792410.693: [WeakReference, 22 refs, 0.0000192 secs]2019-02-01T00:37:15.735+0000: 792410.693: [FinalReference, 929 refs, 0.0004472 secs]2019-02-01T00:37:15.736+0000: 792410.693: [PhantomReference, 0 refs, 1 refs, 0.0000108 secs]2019-02-01T00:37:15.736+0000: 792410.694: [JNI Weak Reference, 0.0000191 secs]
Desired survivor size 109051904 bytes, new threshold 1 (max 15)
[PSYoungGen: 1722963K->55190K(1805312K)] 3926187K->2265215K(5057536K), 0.0183375 secs] [Times: user=0.30 sys=0.00, real=0.02 secs] 
2019-02-01T00:37:15.739+0000: 792410.697: Total time for which application threads were stopped: 0.0276411 seconds, Stopping threads took: 0.0004266 seconds
2019-02-01T00:37:21.041+0000: 792415.999: Application time: 5.3019521 seconds
2019-02-01T00:37:21.049+0000: 792416.006: Total time for which application threads were stopped: 0.0074303 seconds, Stopping threads took: 0.0004083 seconds
2019-02-01T00:37:21.049+0000: 792416.007: Application time: 0.0008648 seconds
2019-02-01T00:37:21.057+0000: 792416.014: [GC (GCLocker Initiated GC) 2019-02-01T00:37:21.074+0000: 792416.031: [SoftReference, 0 refs, 0.0000565 secs]2019-02-01T00:37:21.074+0000: 792416.031: [WeakReference, 36 refs, 0.0000220 secs]2019-02-01T00:37:21.074+0000: 792416.031: [FinalReference, 898 refs, 0.0004174 secs]2019-02-01T00:37:21.074+0000: 792416.032: [PhantomReference, 0 refs, 0 refs, 0.0000102 secs]2019-02-01T00:37:21.074+0000: 792416.032: [JNI Weak Reference, 0.0000193 secs]
Desired survivor size 106954752 bytes, new threshold 1 (max 15)
[PSYoungGen: 1749398K->66066K(1808896K)] 3959478K->2284028K(5061120K), 0.0207941 secs] [Times: user=0.29 sys=0.00, real=0.02 secs] 
2019-02-01T00:37:21.078+0000: 792416.035: Total time for which application threads were stopped: 0.0282699 seconds, Stopping threads took: 0.0002293 seconds
2019-02-01T00:37:25.772+0000: 792420.730: Application time: 4.6945127 seconds
2019-02-01T00:37:25.786+0000: 792420.743: Total time for which application threads were stopped: 0.0133837 seconds, Stopping threads took: 0.0009069 seconds
2019-02-01T00:37:25.787+0000: 792420.745: Application time: 0.0014029 seconds
2019-02-01T00:37:25.797+0000: 792420.755: [GC (GCLocker Initiated GC) 2019-02-01T00:37:25.812+0000: 792420.769: [SoftReference, 0 refs, 0.0000641 secs]2019-02-01T00:37:25.812+0000: 792420.769: [WeakReference, 5 refs, 0.0000141 secs]2019-02-01T00:37:25.812+0000: 792420.770: [FinalReference, 834 refs, 0.0006276 secs]2019-02-01T00:37:25.812+0000: 792420.770: [PhantomReference, 0 refs, 0 refs, 0.0000160 secs]2019-02-01T00:37:25.812+0000: 792420.770: [JNI Weak Reference, 0.0000548 secs]
Desired survivor size 104333312 bytes, new threshold 1 (max 15)
[PSYoungGen: 1768466K->63971K(1806848K)] 3986461K->2289605K(5059072K), 0.0199201 secs] [Times: user=0.30 sys=0.01, real=0.02 secs] 
2019-02-01T00:37:25.817+0000: 792420.775: Total time for which application threads were stopped: 0.0298184 seconds, Stopping threads took: 0.0003460 seconds
2019-02-01T00:37:30.342+0000: 792425.299: Application time: 4.5247937 seconds
2019-02-01T00:37:30.351+0000: 792425.308: Total time for which application threads were stopped: 0.0089875 seconds, Stopping threads took: 0.0005779 seconds
2019-02-01T00:37:30.352+0000: 792425.309: Application time: 0.0010133 seconds
2019-02-01T00:37:30.360+0000: 792425.318: [GC (GCLocker Initiated GC) 2019-02-01T00:37:30.374+0000: 792425.332: [SoftReference, 0 refs, 0.0000621 secs]2019-02-01T00:37:30.374+0000: 792425.332: [WeakReference, 51 refs, 0.0000272 secs]2019-02-01T00:37:30.374+0000: 792425.332: [FinalReference, 890 refs, 0.0004176 secs]2019-02-01T00:37:30.375+0000: 792425.332: [PhantomReference, 0 refs, 1 refs, 0.0000111 secs]2019-02-01T00:37:30.375+0000: 792425.332: [JNI Weak Reference, 0.0000198 secs]
Desired survivor size 106954752 bytes, new threshold 1 (max 15)
[PSYoungGen: 1766371K->76810K(1810432K)] 3992079K->2306110K(5062656K), 0.0175872 secs] [Times: user=0.27 sys=0.01, real=0.02 secs] 
2019-02-01T00:37:30.378+0000: 792425.336: Total time for which application threads were stopped: 0.0263619 seconds, Stopping threads took: 0.0002638 seconds
2019-02-01T00:37:35.402+0000: 792430.360: Application time: 5.0242308 seconds
2019-02-01T00:37:35.411+0000: 792430.369: Total time for which application threads were stopped: 0.0085363 seconds, Stopping threads took: 0.0002604 seconds
2019-02-01T00:37:35.412+0000: 792430.370: Application time: 0.0009466 seconds
2019-02-01T00:37:35.420+0000: 792430.378: [GC (GCLocker Initiated GC) 2019-02-01T00:37:35.433+0000: 792430.391: [SoftReference, 0 refs, 0.0000598 secs]2019-02-01T00:37:35.433+0000: 792430.391: [WeakReference, 123 refs, 0.0000525 secs]2019-02-01T00:37:35.433+0000: 792430.391: [FinalReference, 944 refs, 0.0004843 secs]2019-02-01T00:37:35.434+0000: 792430.392: [PhantomReference, 0 refs, 0 refs, 0.0000104 secs]2019-02-01T00:37:35.434+0000: 792430.392: [JNI Weak Reference, 0.0000193 secs]
Desired survivor size 104857600 bytes, new threshold 1 (max 15)
[PSYoungGen: 1785354K->45472K(1720832K)] 4014684K->2278176K(4973056K), 0.0197791 secs] [Times: user=0.22 sys=0.01, real=0.02 secs] 
2019-02-01T00:37:35.440+0000: 792430.398: Total time for which application threads were stopped: 0.0286809 seconds, Stopping threads took: 0.0002507 seconds
2019-02-01T00:37:40.156+0000: 792435.114: Application time: 4.7156216 seconds
2019-02-01T00:37:40.165+0000: 792435.123: Total time for which application threads were stopped: 0.0088237 seconds, Stopping threads took: 0.0003135 seconds
2019-02-01T00:37:40.165+0000: 792435.123: Application time: 0.0006123 seconds
2019-02-01T00:37:40.174+0000: 792435.132: [GC (GCLocker Initiated GC) 2019-02-01T00:37:40.190+0000: 792435.148: [SoftReference, 0 refs, 0.0000895 secs]2019-02-01T00:37:40.190+0000: 792435.148: [WeakReference, 15 refs, 0.0000472 secs]2019-02-01T00:37:40.190+0000: 792435.148: [FinalReference, 795 refs, 0.0005752 secs]2019-02-01T00:37:40.191+0000: 792435.148: [PhantomReference, 0 refs, 0 refs, 0.0000204 secs]2019-02-01T00:37:40.191+0000: 792435.148: [JNI Weak Reference, 0.0000332 secs]
Desired survivor size 104333312 bytes, new threshold 1 (max 15)
[PSYoungGen: 1720736K->38389K(1712128K)] 3953454K->2275613K(4964352K), 0.0287515 secs] [Times: user=0.26 sys=0.01, real=0.03 secs] 
2019-02-01T00:37:40.203+0000: 792435.161: Total time for which application threads were stopped: 0.0376259 seconds, Stopping threads took: 0.0002801 seconds
2019-02-01T00:37:40.368+0000: 792435.326: Application time: 0.1648030 seconds
2019-02-01T00:37:40.375+0000: 792435.332: Total time for which application threads were stopped: 0.0067080 seconds, Stopping threads took: 0.0001805 seconds
2019-02-01T00:37:45.973+0000: 792440.931: Application time: 5.5980830 seconds
2019-02-01T00:37:45.982+0000: 792440.940: Total time for which application threads were stopped: 0.0090760 seconds, Stopping threads took: 0.0005767 seconds
2019-02-01T00:37:45.983+0000: 792440.940: Application time: 0.0008565 seconds
2019-02-01T00:37:45.992+0000: 792440.950: [GC (GCLocker Initiated GC) 2019-02-01T00:37:46.006+0000: 792440.964: [SoftReference, 0 refs, 0.0000547 secs]2019-02-01T00:37:46.006+0000: 792440.964: [WeakReference, 79 refs, 0.0000400 secs]2019-02-01T00:37:46.006+0000: 792440.964: [FinalReference, 936 refs, 0.0004585 secs]2019-02-01T00:37:46.007+0000: 792440.964: [PhantomReference, 0 refs, 1 refs, 0.0000105 secs]2019-02-01T00:37:46.007+0000: 792440.964: [JNI Weak Reference, 0.0000199 secs]
Desired survivor size 100139008 bytes, new threshold 1 (max 15)
[PSYoungGen: 1681397K->53404K(1665536K)] 3918664K->2293819K(4917760K), 0.0251178 secs] [Times: user=0.22 sys=0.01, real=0.02 secs] 
2019-02-01T00:37:46.017+0000: 792440.975: Total time for which application threads were stopped: 0.0345027 seconds, Stopping threads took: 0.0007729 seconds
2019-02-01T00:37:50.894+0000: 792445.852: Application time: 4.8772227 seconds
2019-02-01T00:37:50.903+0000: 792445.860: Total time for which application threads were stopped: 0.0082750 seconds, Stopping threads took: 0.0002997 seconds
2019-02-01T00:37:50.903+0000: 792445.861: Application time: 0.0006822 seconds
2019-02-01T00:37:50.911+0000: 792445.868: [GC (GCLocker Initiated GC) 2019-02-01T00:37:50.926+0000: 792445.884: [SoftReference, 0 refs, 0.0000536 secs]2019-02-01T00:37:50.926+0000: 792445.884: [WeakReference, 28 refs, 0.0000228 secs]2019-02-01T00:37:50.926+0000: 792445.884: [FinalReference, 970 refs, 0.0005123 secs]2019-02-01T00:37:50.927+0000: 792445.885: [PhantomReference, 0 refs, 0 refs, 0.0000105 secs]2019-02-01T00:37:50.927+0000: 792445.885: [JNI Weak Reference, 0.0000191 secs]
Desired survivor size 101711872 bytes, new threshold 1 (max 15)
[PSYoungGen: 1665180K->71304K(1653248K)] 3905628K->2315216K(4905472K), 0.0237788 secs] [Times: user=0.28 sys=0.01, real=0.02 secs] 
2019-02-01T00:37:50.935+0000: 792445.892: Total time for which application threads were stopped: 0.0312718 seconds, Stopping threads took: 0.0001575 seconds
2019-02-01T00:37:55.962+0000: 792450.920: Application time: 5.0270665 seconds
2019-02-01T00:37:55.969+0000: 792450.927: Total time for which application threads were stopped: 0.0074429 seconds, Stopping threads took: 0.0002365 seconds
2019-02-01T00:37:55.970+0000: 792450.928: Application time: 0.0009221 seconds
2019-02-01T00:37:55.978+0000: 792450.935: [GC (GCLocker Initiated GC) 2019-02-01T00:37:55.995+0000: 792450.953: [SoftReference, 0 refs, 0.0000587 secs]2019-02-01T00:37:55.995+0000: 792450.953: [WeakReference, 51 refs, 0.0000369 secs]2019-02-01T00:37:55.995+0000: 792450.953: [FinalReference, 893 refs, 0.0004776 secs]2019-02-01T00:37:55.996+0000: 792450.954: [PhantomReference, 0 refs, 0 refs, 0.0000120 secs]2019-02-01T00:37:55.996+0000: 792450.954: [JNI Weak Reference, 0.0000219 secs]
Desired survivor size 98041856 bytes, new threshold 1 (max 15)
[PSYoungGen: 1652872K->55368K(1607680K)] 3903465K->2311625K(4859904K), 0.0278801 secs] [Times: user=0.27 sys=0.01, real=0.03 secs] 
2019-02-01T00:37:56.006+0000: 792450.964: Total time for which application threads were stopped: 0.0356412 seconds, Stopping threads took: 0.0003716 seconds
2019-02-01T00:38:00.713+0000: 792455.670: Application time: 4.7068334 seconds
2019-02-01T00:38:00.720+0000: 792455.678: Total time for which application threads were stopped: 0.0073971 seconds, Stopping threads took: 0.0019719 seconds
2019-02-01T00:38:00.721+0000: 792455.679: Application time: 0.0009375 seconds
2019-02-01T00:38:00.727+0000: 792455.685: [GC (GCLocker Initiated GC) 2019-02-01T00:38:00.745+0000: 792455.703: [SoftReference, 0 refs, 0.0000539 secs]2019-02-01T00:38:00.745+0000: 792455.703: [WeakReference, 29 refs, 0.0000227 secs]2019-02-01T00:38:00.745+0000: 792455.703: [FinalReference, 822 refs, 0.0004171 secs]2019-02-01T00:38:00.745+0000: 792455.703: [PhantomReference, 0 refs, 1 refs, 0.0000110 secs]2019-02-01T00:38:00.745+0000: 792455.703: [JNI Weak Reference, 0.0000183 secs]
Desired survivor size 95420416 bytes, new threshold 1 (max 15)
[PSYoungGen: 1607240K->50681K(1585152K)] 3873499K->2319593K(4837376K), 0.0280702 secs] [Times: user=0.28 sys=0.01, real=0.03 secs] 
2019-02-01T00:38:00.755+0000: 792455.713: Total time for which application threads were stopped: 0.0343133 seconds, Stopping threads took: 0.0002232 seconds
2019-02-01T00:38:05.312+0000: 792460.270: Application time: 4.5565806 seconds
2019-02-01T00:38:05.318+0000: 792460.276: Total time for which application threads were stopped: 0.0060070 seconds, Stopping threads took: 0.0008036 seconds
2019-02-01T00:38:05.318+0000: 792460.276: Application time: 0.0002566 seconds
2019-02-01T00:38:05.323+0000: 792460.281: [GC (GCLocker Initiated GC) 2019-02-01T00:38:05.334+0000: 792460.292: [SoftReference, 0 refs, 0.0000503 secs]2019-02-01T00:38:05.334+0000: 792460.292: [WeakReference, 5 refs, 0.0000187 secs]2019-02-01T00:38:05.334+0000: 792460.292: [FinalReference, 830 refs, 0.0004465 secs]2019-02-01T00:38:05.335+0000: 792460.292: [PhantomReference, 0 refs, 0 refs, 0.0000104 secs]2019-02-01T00:38:05.335+0000: 792460.293: [JNI Weak Reference, 0.0000183 secs]
Desired survivor size 96993280 bytes, new threshold 1 (max 15)
[PSYoungGen: 1573881K->26823K(1522688K)] 3846121K->2302286K(4774912K), 0.0186810 secs] [Times: user=0.21 sys=0.00, real=0.02 secs] 
2019-02-01T00:38:05.342+0000: 792460.300: Total time for which application threads were stopped: 0.0242851 seconds, Stopping threads took: 0.0002190 seconds
2019-02-01T00:38:10.170+0000: 792465.128: Application time: 4.8277185 seconds
2019-02-01T00:38:10.176+0000: 792465.134: Total time for which application threads were stopped: 0.0059282 seconds, Stopping threads took: 0.0002344 seconds
2019-02-01T00:38:10.177+0000: 792465.134: Application time: 0.0006698 seconds
2019-02-01T00:38:10.185+0000: 792465.142: [GC (GCLocker Initiated GC) 2019-02-01T00:38:10.199+0000: 792465.157: [SoftReference, 0 refs, 0.0000517 secs]2019-02-01T00:38:10.199+0000: 792465.157: [WeakReference, 35 refs, 0.0000211 secs]2019-02-01T00:38:10.199+0000: 792465.157: [FinalReference, 855 refs, 0.0004758 secs]2019-02-01T00:38:10.199+0000: 792465.157: [PhantomReference, 0 refs, 1 refs, 0.0000105 secs]2019-02-01T00:38:10.199+0000: 792465.157: [JNI Weak Reference, 0.0000187 secs]
Desired survivor size 92798976 bytes, new threshold 1 (max 15)
[PSYoungGen: 1522375K->54143K(1528832K)] 3798112K->2333503K(4781056K), 0.0240437 secs] [Times: user=0.29 sys=0.01, real=0.02 secs] 
2019-02-01T00:38:10.209+0000: 792465.167: Total time for which application threads were stopped: 0.0321294 seconds, Stopping threads took: 0.0002715 seconds
2019-02-01T00:38:14.756+0000: 792469.714: Application time: 4.5469904 seconds
2019-02-01T00:38:14.763+0000: 792469.721: Total time for which application threads were stopped: 0.0076676 seconds, Stopping threads took: 0.0002223 seconds
2019-02-01T00:38:14.764+0000: 792469.722: Application time: 0.0006116 seconds
2019-02-01T00:38:14.772+0000: 792469.730: [GC (GCLocker Initiated GC) 2019-02-01T00:38:14.792+0000: 792469.749: [SoftReference, 0 refs, 0.0001751 secs]2019-02-01T00:38:14.792+0000: 792469.749: [WeakReference, 34 refs, 0.0000333 secs]2019-02-01T00:38:14.792+0000: 792469.750: [FinalReference, 772 refs, 0.0005258 secs]2019-02-01T00:38:14.792+0000: 792469.750: [PhantomReference, 0 refs, 0 refs, 0.0000203 secs]2019-02-01T00:38:14.792+0000: 792469.750: [JNI Weak Reference, 0.0000333 secs]
Desired survivor size 93323264 bytes, new threshold 1 (max 15)
[PSYoungGen: 1523071K->64755K(1507840K)] 3805772K->2355187K(4760064K), 0.0310424 secs] [Times: user=0.29 sys=0.00, real=0.04 secs] 
2019-02-01T00:38:14.803+0000: 792469.761: Total time for which application threads were stopped: 0.0390230 seconds, Stopping threads took: 0.0002838 seconds
2019-02-01T00:38:18.549+0000: 792473.507: Application time: 3.7462275 seconds
2019-02-01T00:38:18.559+0000: 792473.517: Total time for which application threads were stopped: 0.0097427 seconds, Stopping threads took: 0.0012183 seconds
2019-02-01T00:38:18.560+0000: 792473.518: Application time: 0.0006854 seconds
2019-02-01T00:38:18.568+0000: 792473.526: [GC (GCLocker Initiated GC) 2019-02-01T00:38:18.582+0000: 792473.540: [SoftReference, 0 refs, 0.0000516 secs]2019-02-01T00:38:18.582+0000: 792473.540: [WeakReference, 26 refs, 0.0000221 secs]2019-02-01T00:38:18.582+0000: 792473.540: [FinalReference, 699 refs, 0.0002924 secs]2019-02-01T00:38:18.582+0000: 792473.540: [PhantomReference, 0 refs, 1 refs, 0.0000102 secs]2019-02-01T00:38:18.582+0000: 792473.540: [JNI Weak Reference, 0.0000179 secs]
Desired survivor size 91226112 bytes, new threshold 1 (max 15)
[PSYoungGen: 1507571K->47259K(1479680K)] 3801573K->2347833K(4731904K), 0.0234457 secs] [Times: user=0.24 sys=0.01, real=0.02 secs] 
2019-02-01T00:38:18.592+0000: 792473.550: Total time for which application threads were stopped: 0.0321752 seconds, Stopping threads took: 0.0002511 seconds
2019-02-01T00:38:23.386+0000: 792478.344: Application time: 4.7943550 seconds
2019-02-01T00:38:23.396+0000: 792478.354: Total time for which application threads were stopped: 0.0095176 seconds, Stopping threads took: 0.0022457 seconds
2019-02-01T00:38:23.396+0000: 792478.354: Application time: 0.0005118 seconds
2019-02-01T00:38:23.404+0000: 792478.362: [GC (GCLocker Initiated GC) 2019-02-01T00:38:23.416+0000: 792478.374: [SoftReference, 0 refs, 0.0000764 secs]2019-02-01T00:38:23.417+0000: 792478.374: [WeakReference, 13 refs, 0.0000249 secs]2019-02-01T00:38:23.417+0000: 792478.374: [FinalReference, 783 refs, 0.0021542 secs]2019-02-01T00:38:23.419+0000: 792478.377: [PhantomReference, 0 refs, 1 refs, 0.0000256 secs]2019-02-01T00:38:23.419+0000: 792478.377: [JNI Weak Reference, 0.0000328 secs]
Desired survivor size 90177536 bytes, new threshold 1 (max 15)
[PSYoungGen: 1464987K->38069K(1431552K)] 3768895K->2345683K(4683776K), 0.0274387 secs] [Times: user=0.24 sys=0.01, real=0.03 secs] 
2019-02-01T00:38:23.431+0000: 792478.389: Total time for which application threads were stopped: 0.0350694 seconds, Stopping threads took: 0.0002642 seconds
2019-02-01T00:38:28.023+0000: 792482.981: Application time: 4.5919611 seconds
2019-02-01T00:38:28.031+0000: 792482.989: Total time for which application threads were stopped: 0.0075335 seconds, Stopping threads took: 0.0020372 seconds
2019-02-01T00:38:28.032+0000: 792482.990: Application time: 0.0008051 seconds
2019-02-01T00:38:28.039+0000: 792482.996: [GC (GCLocker Initiated GC) 2019-02-01T00:38:28.058+0000: 792483.016: [SoftReference, 0 refs, 0.0000671 secs]2019-02-01T00:38:28.058+0000: 792483.016: [WeakReference, 36 refs, 0.0000363 secs]2019-02-01T00:38:28.058+0000: 792483.016: [FinalReference, 726 refs, 0.0004983 secs]2019-02-01T00:38:28.058+0000: 792483.016: [PhantomReference, 0 refs, 2 refs, 0.0000209 secs]2019-02-01T00:38:28.058+0000: 792483.016: [JNI Weak Reference, 0.0000328 secs]
Desired survivor size 99614720 bytes, new threshold 1 (max 15)
[PSYoungGen: 1431221K->86673K(1456128K)] 3738858K->2406453K(4708352K), 0.0250757 secs] [Times: user=0.33 sys=0.00, real=0.02 secs] 
2019-02-01T00:38:28.064+0000: 792483.022: Total time for which application threads were stopped: 0.0321607 seconds, Stopping threads took: 0.0014179 seconds
2019-02-01T00:38:32.251+0000: 792487.209: Application time: 4.1872011 seconds
2019-02-01T00:38:32.259+0000: 792487.217: Total time for which application threads were stopped: 0.0078300 seconds, Stopping threads took: 0.0002491 seconds
2019-02-01T00:38:32.260+0000: 792487.217: Application time: 0.0005390 seconds
2019-02-01T00:38:32.268+0000: 792487.226: [GC (GCLocker Initiated GC) 2019-02-01T00:38:32.283+0000: 792487.241: [SoftReference, 0 refs, 0.0000537 secs]2019-02-01T00:38:32.283+0000: 792487.241: [WeakReference, 79 refs, 0.0000392 secs]2019-02-01T00:38:32.283+0000: 792487.241: [FinalReference, 705 refs, 0.0004031 secs]2019-02-01T00:38:32.284+0000: 792487.242: [PhantomReference, 0 refs, 1 refs, 0.0000107 secs]2019-02-01T00:38:32.284+0000: 792487.242: [JNI Weak Reference, 0.0000178 secs]
Desired survivor size 96993280 bytes, new threshold 1 (max 15)
[PSYoungGen: 1455761K->46448K(1392640K)] 3788853K->2383246K(4644864K), 0.0246426 secs] [Times: user=0.29 sys=0.00, real=0.02 secs] 
2019-02-01T00:38:32.293+0000: 792487.250: Total time for which application threads were stopped: 0.0330595 seconds, Stopping threads took: 0.0005383 seconds
2019-02-01T00:38:36.828+0000: 792491.786: Application time: 4.5356518 seconds
2019-02-01T00:38:36.836+0000: 792491.794: Total time for which application threads were stopped: 0.0076877 seconds, Stopping threads took: 0.0001917 seconds
2019-02-01T00:38:36.837+0000: 792491.794: Application time: 0.0006253 seconds
2019-02-01T00:38:36.845+0000: 792491.803: [GC (GCLocker Initiated GC) 2019-02-01T00:38:36.861+0000: 792491.818: [SoftReference, 0 refs, 0.0000605 secs]2019-02-01T00:38:36.861+0000: 792491.818: [WeakReference, 25 refs, 0.0000313 secs]2019-02-01T00:38:36.861+0000: 792491.818: [FinalReference, 758 refs, 0.0005742 secs]2019-02-01T00:38:36.861+0000: 792491.819: [PhantomReference, 0 refs, 1 refs, 0.0000206 secs]2019-02-01T00:38:36.861+0000: 792491.819: [JNI Weak Reference, 0.0000332 secs]
Desired survivor size 93323264 bytes, new threshold 1 (max 15)
[PSYoungGen: 1392496K->52536K(1388544K)] 3729323K->2391712K(4640768K), 0.0286599 secs] [Times: user=0.22 sys=0.02, real=0.03 secs] 
2019-02-01T00:38:36.874+0000: 792491.831: Total time for which application threads were stopped: 0.0371086 seconds, Stopping threads took: 0.0004782 seconds
2019-02-01T00:38:40.370+0000: 792495.327: Application time: 3.4958933 seconds
2019-02-01T00:38:40.379+0000: 792495.336: Total time for which application threads were stopped: 0.0090143 seconds, Stopping threads took: 0.0014452 seconds
2019-02-01T00:38:41.351+0000: 792496.309: Application time: 0.9723335 seconds
2019-02-01T00:38:41.361+0000: 792496.318: Total time for which application threads were stopped: 0.0097176 seconds, Stopping threads took: 0.0024699 seconds
2019-02-01T00:38:41.362+0000: 792496.320: Application time: 0.0016179 seconds
2019-02-01T00:38:41.370+0000: 792496.328: [GC (GCLocker Initiated GC) 2019-02-01T00:38:41.387+0000: 792496.345: [SoftReference, 0 refs, 0.0000715 secs]2019-02-01T00:38:41.387+0000: 792496.345: [WeakReference, 45 refs, 0.0000403 secs]2019-02-01T00:38:41.387+0000: 792496.345: [FinalReference, 675 refs, 0.0005459 secs]2019-02-01T00:38:41.388+0000: 792496.346: [PhantomReference, 0 refs, 2 refs, 0.0000251 secs]2019-02-01T00:38:41.388+0000: 792496.346: [JNI Weak Reference, 0.0000323 secs]
Desired survivor size 89653248 bytes, new threshold 1 (max 15)
[PSYoungGen: 1376056K->54883K(1356800K)] 3715316K->2398553K(4609024K), 0.0317016 secs] [Times: user=0.27 sys=0.01, real=0.03 secs] 
2019-02-01T00:38:41.402+0000: 792496.360: Total time for which application threads were stopped: 0.0396536 seconds, Stopping threads took: 0.0005348 seconds
2019-02-01T00:38:46.752+0000: 792501.710: Application time: 5.3501118 seconds
2019-02-01T00:38:46.761+0000: 792501.719: Total time for which application threads were stopped: 0.0091550 seconds, Stopping threads took: 0.0021228 seconds
2019-02-01T00:38:46.762+0000: 792501.719: Application time: 0.0004177 seconds
2019-02-01T00:38:46.769+0000: 792501.727: [GC (GCLocker Initiated GC) 2019-02-01T00:38:46.782+0000: 792501.740: [SoftReference, 0 refs, 0.0000702 secs]2019-02-01T00:38:46.782+0000: 792501.740: [WeakReference, 18 refs, 0.0000347 secs]2019-02-01T00:38:46.782+0000: 792501.740: [FinalReference, 850 refs, 0.0006359 secs]2019-02-01T00:38:46.782+0000: 792501.740: [PhantomReference, 0 refs, 1 refs, 0.0000208 secs]2019-02-01T00:38:46.782+0000: 792501.740: [JNI Weak Reference, 0.0000318 secs]
Desired survivor size 93323264 bytes, new threshold 1 (max 15)
[PSYoungGen: 1356387K->14532K(1353216K)] 3703386K->2364050K(4605440K), 0.0227383 secs] [Times: user=0.20 sys=0.01, real=0.02 secs] 
2019-02-01T00:38:46.792+0000: 792501.750: Total time for which application threads were stopped: 0.0302774 seconds, Stopping threads took: 0.0001966 seconds
2019-02-01T00:38:46.826+0000: 792501.784: Application time: 0.0343053 seconds
2019-02-01T00:38:46.832+0000: 792501.790: Total time for which application threads were stopped: 0.0061430 seconds, Stopping threads took: 0.0004477 seconds
2019-02-01T00:38:51.133+0000: 792506.091: Application time: 4.3007474 seconds
2019-02-01T00:38:51.139+0000: 792506.097: Total time for which application threads were stopped: 0.0056313 seconds, Stopping threads took: 0.0002079 seconds
2019-02-01T00:38:51.139+0000: 792506.097: Application time: 0.0007141 seconds
2019-02-01T00:38:51.146+0000: 792506.103: [GC (GCLocker Initiated GC) 2019-02-01T00:38:51.161+0000: 792506.119: [SoftReference, 0 refs, 0.0001428 secs]2019-02-01T00:38:51.161+0000: 792506.119: [WeakReference, 6 refs, 0.0000231 secs]2019-02-01T00:38:51.161+0000: 792506.119: [FinalReference, 700 refs, 0.0020823 secs]2019-02-01T00:38:51.164+0000: 792506.121: [PhantomReference, 0 refs, 0 refs, 0.0000389 secs]2019-02-01T00:38:51.164+0000: 792506.121: [JNI Weak Reference, 0.0000420 secs]
Desired survivor size 96468992 bytes, new threshold 1 (max 15)
[PSYoungGen: 1294532K->69829K(1329664K)] 3644070K->2421855K(4581888K), 0.0273381 secs] [Times: user=0.23 sys=0.01, real=0.03 secs] 
2019-02-01T00:38:51.173+0000: 792506.131: Total time for which application threads were stopped: 0.0335425 seconds, Stopping threads took: 0.0002080 seconds
2019-02-01T00:38:55.106+0000: 792510.064: Application time: 3.9329084 seconds
2019-02-01T00:38:55.114+0000: 792510.072: Total time for which application threads were stopped: 0.0078918 seconds, Stopping threads took: 0.0002289 seconds
2019-02-01T00:38:55.114+0000: 792510.072: Application time: 0.0004887 seconds
2019-02-01T00:38:55.121+0000: 792510.079: [GC (GCLocker Initiated GC) 2019-02-01T00:38:55.135+0000: 792510.093: [SoftReference, 0 refs, 0.0000707 secs]2019-02-01T00:38:55.135+0000: 792510.093: [WeakReference, 26 refs, 0.0000332 secs]2019-02-01T00:38:55.135+0000: 792510.093: [FinalReference, 708 refs, 0.0005159 secs]2019-02-01T00:38:55.136+0000: 792510.094: [PhantomReference, 0 refs, 0 refs, 0.0000189 secs]2019-02-01T00:38:55.136+0000: 792510.094: [JNI Weak Reference, 0.0000312 secs]
Desired survivor size 93847552 bytes, new threshold 1 (max 15)
[PSYoungGen: 1329349K->44943K(1308672K)] 3688159K->2408155K(4560896K), 0.0228230 secs] [Times: user=0.21 sys=0.01, real=0.02 secs] 
2019-02-01T00:38:55.144+0000: 792510.102: Total time for which application threads were stopped: 0.0299635 seconds, Stopping threads took: 0.0001700 seconds
2019-02-01T00:38:59.146+0000: 792514.104: Application time: 4.0019280 seconds
2019-02-01T00:38:59.155+0000: 792514.113: Total time for which application threads were stopped: 0.0088792 seconds, Stopping threads took: 0.0004984 seconds
2019-02-01T00:38:59.156+0000: 792514.114: Application time: 0.0012704 seconds
2019-02-01T00:38:59.165+0000: 792514.123: [GC (GCLocker Initiated GC) 2019-02-01T00:38:59.178+0000: 792514.136: [SoftReference, 0 refs, 0.0000757 secs]2019-02-01T00:38:59.178+0000: 792514.136: [WeakReference, 8 refs, 0.0000235 secs]2019-02-01T00:38:59.178+0000: 792514.136: [FinalReference, 672 refs, 0.0004816 secs]2019-02-01T00:38:59.178+0000: 792514.136: [PhantomReference, 0 refs, 1 refs, 0.0000381 secs]2019-02-01T00:38:59.178+0000: 792514.136: [JNI Weak Reference, 0.0000333 secs]
Desired survivor size 95420416 bytes, new threshold 1 (max 15)
[PSYoungGen: 1284495K->20424K(1240576K)] 3654456K->2393503K(4492800K), 0.0223811 secs] [Times: user=0.21 sys=0.01, real=0.02 secs] 
2019-02-01T00:38:59.188+0000: 792514.146: Total time for which application threads were stopped: 0.0317473 seconds, Stopping threads took: 0.0007905 seconds
2019-02-01T00:39:03.862+0000: 792518.820: Application time: 4.6737123 seconds
2019-02-01T00:39:03.871+0000: 792518.829: Total time for which application threads were stopped: 0.0088525 seconds, Stopping threads took: 0.0002057 seconds
2019-02-01T00:39:03.872+0000: 792518.830: Application time: 0.0014038 seconds
2019-02-01T00:39:03.879+0000: 792518.837: [GC (GCLocker Initiated GC) 2019-02-01T00:39:03.893+0000: 792518.851: [SoftReference, 0 refs, 0.0000622 secs]2019-02-01T00:39:03.893+0000: 792518.851: [WeakReference, 41 refs, 0.0000279 secs]2019-02-01T00:39:03.893+0000: 792518.851: [FinalReference, 689 refs, 0.0003458 secs]2019-02-01T00:39:03.893+0000: 792518.851: [PhantomReference, 0 refs, 0 refs, 0.0000139 secs]2019-02-01T00:39:03.893+0000: 792518.851: [JNI Weak Reference, 0.0000269 secs]
Desired survivor size 91226112 bytes, new threshold 1 (max 15)
[PSYoungGen: 1240520K->50206K(1267200K)] 3616980K->2429324K(4519424K), 0.0214098 secs] [Times: user=0.27 sys=0.01, real=0.03 secs] 
2019-02-01T00:39:03.901+0000: 792518.859: Total time for which application threads were stopped: 0.0288913 seconds, Stopping threads took: 0.0001794 seconds
2019-02-01T00:39:07.473+0000: 792522.430: Application time: 3.5715270 seconds
2019-02-01T00:39:07.481+0000: 792522.439: Total time for which application threads were stopped: 0.0084566 seconds, Stopping threads took: 0.0002882 seconds
2019-02-01T00:39:07.482+0000: 792522.440: Application time: 0.0007465 seconds
2019-02-01T00:39:07.489+0000: 792522.447: [GC (GCLocker Initiated GC) 2019-02-01T00:39:07.502+0000: 792522.459: [SoftReference, 0 refs, 0.0000469 secs]2019-02-01T00:39:07.502+0000: 792522.460: [WeakReference, 72 refs, 0.0000347 secs]2019-02-01T00:39:07.502+0000: 792522.460: [FinalReference, 621 refs, 0.0002820 secs]2019-02-01T00:39:07.502+0000: 792522.460: [PhantomReference, 0 refs, 0 refs, 0.0000099 secs]2019-02-01T00:39:07.502+0000: 792522.460: [JNI Weak Reference, 0.0000198 secs]
Desired survivor size 88080384 bytes, new threshold 1 (max 15)
[PSYoungGen: 1251358K->43940K(1226752K)] 3630497K->2430497K(4478976K), 0.0209549 secs] [Times: user=0.22 sys=0.01, real=0.02 secs] 
2019-02-01T00:39:07.510+0000: 792522.468: Total time for which application threads were stopped: 0.0281981 seconds, Stopping threads took: 0.0001787 seconds
2019-02-01T00:39:09.456+0000: 792524.414: Application time: 1.9461303 seconds
2019-02-01T00:39:09.465+0000: 792524.423: Total time for which application threads were stopped: 0.0090370 seconds, Stopping threads took: 0.0003471 seconds
2019-02-01T00:39:11.610+0000: 792526.568: Application time: 2.1450459 seconds
2019-02-01T00:39:11.619+0000: 792526.577: Total time for which application threads were stopped: 0.0087502 seconds, Stopping threads took: 0.0002043 seconds
2019-02-01T00:39:11.620+0000: 792526.578: Application time: 0.0008518 seconds
2019-02-01T00:39:11.629+0000: 792526.587: [GC (GCLocker Initiated GC) 2019-02-01T00:39:11.644+0000: 792526.602: [SoftReference, 0 refs, 0.0000495 secs]2019-02-01T00:39:11.644+0000: 792526.602: [WeakReference, 40 refs, 0.0000290 secs]2019-02-01T00:39:11.644+0000: 792526.602: [FinalReference, 637 refs, 0.0003611 secs]2019-02-01T00:39:11.645+0000: 792526.603: [PhantomReference, 0 refs, 0 refs, 0.0000119 secs]2019-02-01T00:39:11.645+0000: 792526.603: [JNI Weak Reference, 0.0000199 secs]
Desired survivor size 85983232 bytes, new threshold 1 (max 15)
[PSYoungGen: 1226660K->52545K(1228800K)] 3613254K->2443840K(4481024K), 0.0233526 secs] [Times: user=0.26 sys=0.00, real=0.03 secs] 
2019-02-01T00:39:11.653+0000: 792526.610: Total time for which application threads were stopped: 0.0328306 seconds, Stopping threads took: 0.0002976 seconds
2019-02-01T00:39:15.580+0000: 792530.538: Application time: 3.9270697 seconds
2019-02-01T00:39:15.588+0000: 792530.546: Total time for which application threads were stopped: 0.0084836 seconds, Stopping threads took: 0.0001970 seconds
2019-02-01T00:39:15.589+0000: 792530.547: Application time: 0.0004905 seconds
2019-02-01T00:39:15.597+0000: 792530.555: [GC (GCLocker Initiated GC) 2019-02-01T00:39:15.611+0000: 792530.569: [SoftReference, 0 refs, 0.0000689 secs]2019-02-01T00:39:15.612+0000: 792530.569: [WeakReference, 76 refs, 0.0000701 secs]2019-02-01T00:39:15.612+0000: 792530.569: [FinalReference, 630 refs, 0.0004975 secs]2019-02-01T00:39:15.612+0000: 792530.570: [PhantomReference, 0 refs, 0 refs, 0.0000200 secs]2019-02-01T00:39:15.612+0000: 792530.570: [JNI Weak Reference, 0.0000343 secs]
Desired survivor size 83886080 bytes, new threshold 1 (max 15)
[PSYoungGen: 1217345K->37894K(1185792K)] 3611982K->2439705K(4438016K), 0.0252083 secs] [Times: user=0.22 sys=0.02, real=0.03 secs] 
2019-02-01T00:39:15.623+0000: 792530.580: Total time for which application threads were stopped: 0.0339665 seconds, Stopping threads took: 0.0002070 seconds
2019-02-01T00:39:19.097+0000: 792534.055: Application time: 3.4748005 seconds
2019-02-01T00:39:19.107+0000: 792534.064: Total time for which application threads were stopped: 0.0090884 seconds, Stopping threads took: 0.0003349 seconds
2019-02-01T00:39:19.108+0000: 792534.065: Application time: 0.0010644 seconds
2019-02-01T00:39:19.117+0000: 792534.075: [GC (GCLocker Initiated GC) 2019-02-01T00:39:19.132+0000: 792534.090: [SoftReference, 0 refs, 0.0000496 secs]2019-02-01T00:39:19.132+0000: 792534.090: [WeakReference, 105 refs, 0.0000464 secs]2019-02-01T00:39:19.132+0000: 792534.090: [FinalReference, 572 refs, 0.0002714 secs]2019-02-01T00:39:19.133+0000: 792534.090: [PhantomReference, 0 refs, 0 refs, 0.0000100 secs]2019-02-01T00:39:19.133+0000: 792534.090: [JNI Weak Reference, 0.0000258 secs]
Desired survivor size 84410368 bytes, new threshold 1 (max 15)
[PSYoungGen: 1185286K->58384K(1195520K)] 3587133K->2463350K(4447744K), 0.0218809 secs] [Times: user=0.25 sys=0.01, real=0.02 secs] 
2019-02-01T00:39:19.139+0000: 792534.097: Total time for which application threads were stopped: 0.0316941 seconds, Stopping threads took: 0.0002222 seconds
2019-02-01T00:39:22.713+0000: 792537.671: Application time: 3.5733799 seconds
2019-02-01T00:39:22.723+0000: 792537.681: Total time for which application threads were stopped: 0.0104128 seconds, Stopping threads took: 0.0005696 seconds
2019-02-01T00:39:22.724+0000: 792537.682: Application time: 0.0009607 seconds
2019-02-01T00:39:22.734+0000: 792537.692: [GC (GCLocker Initiated GC) 2019-02-01T00:39:22.752+0000: 792537.710: [SoftReference, 0 refs, 0.0000527 secs]2019-02-01T00:39:22.752+0000: 792537.710: [WeakReference, 28 refs, 0.0000411 secs]2019-02-01T00:39:22.753+0000: 792537.710: [FinalReference, 651 refs, 0.0004489 secs]2019-02-01T00:39:22.753+0000: 792537.711: [PhantomReference, 0 refs, 0 refs, 0.0000105 secs]2019-02-01T00:39:22.753+0000: 792537.711: [JNI Weak Reference, 0.0000241 secs]
Desired survivor size 81264640 bytes, new threshold 1 (max 15)
[PSYoungGen: 1188368K->48782K(1162240K)] 3600755K->2465129K(4414464K), 0.0274028 secs] [Times: user=0.32 sys=0.02, real=0.02 secs] 
2019-02-01T00:39:22.762+0000: 792537.720: Total time for which application threads were stopped: 0.0380382 seconds, Stopping threads took: 0.0004314 seconds
2019-02-01T00:39:26.204+0000: 792541.162: Application time: 3.4417152 seconds
2019-02-01T00:39:26.214+0000: 792541.172: Total time for which application threads were stopped: 0.0100598 seconds, Stopping threads took: 0.0016936 seconds
2019-02-01T00:39:26.215+0000: 792541.173: Application time: 0.0010721 seconds
2019-02-01T00:39:26.224+0000: 792541.182: [GC (GCLocker Initiated GC) 2019-02-01T00:39:26.239+0000: 792541.197: [SoftReference, 0 refs, 0.0000648 secs]2019-02-01T00:39:26.239+0000: 792541.197: [WeakReference, 5 refs, 0.0000214 secs]2019-02-01T00:39:26.240+0000: 792541.197: [FinalReference, 658 refs, 0.0004970 secs]2019-02-01T00:39:26.240+0000: 792541.198: [PhantomReference, 0 refs, 2 refs, 0.0000211 secs]2019-02-01T00:39:26.240+0000: 792541.198: [JNI Weak Reference, 0.0000338 secs]
Desired survivor size 80216064 bytes, new threshold 1 (max 15)
[PSYoungGen: 1161870K->53853K(1157632K)] 3585678K->2481144K(4409856K), 0.0254569 secs] [Times: user=0.27 sys=0.01, real=0.02 secs] 
2019-02-01T00:39:26.250+0000: 792541.208: Total time for which application threads were stopped: 0.0349845 seconds, Stopping threads took: 0.0006848 seconds
2019-02-01T00:39:30.036+0000: 792544.994: Application time: 3.7862661 seconds
2019-02-01T00:39:30.046+0000: 792545.004: Total time for which application threads were stopped: 0.0094967 seconds, Stopping threads took: 0.0006466 seconds
2019-02-01T00:39:30.047+0000: 792545.005: Application time: 0.0016828 seconds
2019-02-01T00:39:30.056+0000: 792545.014: [GC (GCLocker Initiated GC) 2019-02-01T00:39:30.072+0000: 792545.030: [SoftReference, 0 refs, 0.0000741 secs]2019-02-01T00:39:30.072+0000: 792545.030: [WeakReference, 49 refs, 0.0000415 secs]2019-02-01T00:39:30.072+0000: 792545.030: [FinalReference, 644 refs, 0.0004511 secs]2019-02-01T00:39:30.073+0000: 792545.031: [PhantomReference, 0 refs, 0 refs, 0.0000198 secs]2019-02-01T00:39:30.073+0000: 792545.031: [JNI Weak Reference, 0.0000334 secs]
Desired survivor size 82313216 bytes, new threshold 1 (max 15)
[PSYoungGen: 1150557K->63790K(1144832K)] 3584585K->2501227K(4397056K), 0.0248138 secs] [Times: user=0.28 sys=0.01, real=0.02 secs] 
2019-02-01T00:39:30.081+0000: 792545.039: Total time for which application threads were stopped: 0.0339053 seconds, Stopping threads took: 0.0002129 seconds
2019-02-01T00:39:33.598+0000: 792548.556: Application time: 3.5167687 seconds
2019-02-01T00:39:33.607+0000: 792548.565: Total time for which application threads were stopped: 0.0093565 seconds, Stopping threads took: 0.0006774 seconds
2019-02-01T00:39:33.608+0000: 792548.566: Application time: 0.0009303 seconds
2019-02-01T00:39:33.620+0000: 792548.578: [GC (GCLocker Initiated GC) 2019-02-01T00:39:33.634+0000: 792548.592: [SoftReference, 0 refs, 0.0000538 secs]2019-02-01T00:39:33.634+0000: 792548.592: [WeakReference, 43 refs, 0.0000254 secs]2019-02-01T00:39:33.634+0000: 792548.592: [FinalReference, 560 refs, 0.0002895 secs]2019-02-01T00:39:33.635+0000: 792548.592: [PhantomReference, 0 refs, 0 refs, 0.0000099 secs]2019-02-01T00:39:33.635+0000: 792548.592: [JNI Weak Reference, 0.0000197 secs]
Desired survivor size 80740352 bytes, new threshold 1 (max 15)
[PSYoungGen: 1144622K->54143K(1127424K)] 3582110K->2494928K(4379648K), 0.0210656 secs] [Times: user=0.25 sys=0.01, real=0.02 secs] 
2019-02-01T00:39:33.642+0000: 792548.599: Total time for which application threads were stopped: 0.0331157 seconds, Stopping threads took: 0.0032281 seconds
2019-02-01T00:39:37.137+0000: 792552.095: Application time: 3.4956180 seconds
2019-02-01T00:39:37.146+0000: 792552.104: Total time for which application threads were stopped: 0.0086619 seconds, Stopping threads took: 0.0002754 seconds
2019-02-01T00:39:37.147+0000: 792552.105: Application time: 0.0013695 seconds
2019-02-01T00:39:37.156+0000: 792552.114: [GC (GCLocker Initiated GC) 2019-02-01T00:39:37.167+0000: 792552.125: [SoftReference, 0 refs, 0.0000772 secs]2019-02-01T00:39:37.167+0000: 792552.125: [WeakReference, 9 refs, 0.0000226 secs]2019-02-01T00:39:37.167+0000: 792552.125: [FinalReference, 605 refs, 0.0004619 secs]2019-02-01T00:39:37.168+0000: 792552.126: [PhantomReference, 0 refs, 0 refs, 0.0000197 secs]2019-02-01T00:39:37.168+0000: 792552.126: [JNI Weak Reference, 0.0000330 secs]
Desired survivor size 82313216 bytes, new threshold 1 (max 15)
[PSYoungGen: 1119615K->24928K(1075200K)] 3560959K->2468476K(4327424K), 0.0198777 secs] [Times: user=0.21 sys=0.01, real=0.02 secs] 
2019-02-01T00:39:37.176+0000: 792552.134: Total time for which application threads were stopped: 0.0288631 seconds, Stopping threads took: 0.0002065 seconds
2019-02-01T00:39:40.371+0000: 792555.328: Application time: 3.1945596 seconds
2019-02-01T00:39:40.381+0000: 792555.339: Total time for which application threads were stopped: 0.0107341 seconds, Stopping threads took: 0.0029931 seconds
2019-02-01T00:39:40.680+0000: 792555.638: Application time: 0.2987746 seconds
2019-02-01T00:39:40.686+0000: 792555.644: Total time for which application threads were stopped: 0.0056983 seconds, Stopping threads took: 0.0002622 seconds
2019-02-01T00:39:40.686+0000: 792555.644: Application time: 0.0006056 seconds
2019-02-01T00:39:40.694+0000: 792555.652: [GC (GCLocker Initiated GC) 2019-02-01T00:39:40.710+0000: 792555.668: [SoftReference, 0 refs, 0.0000656 secs]2019-02-01T00:39:40.710+0000: 792555.668: [WeakReference, 26 refs, 0.0000251 secs]2019-02-01T00:39:40.710+0000: 792555.668: [FinalReference, 552 refs, 0.0003009 secs]2019-02-01T00:39:40.711+0000: 792555.669: [PhantomReference, 0 refs, 0 refs, 0.0000098 secs]2019-02-01T00:39:40.711+0000: 792555.669: [JNI Weak Reference, 0.0000189 secs]
Desired survivor size 89128960 bytes, new threshold 1 (max 15)
[PSYoungGen: 1075040K->73842K(1114112K)] 3518631K->2520973K(4366336K), 0.0202277 secs] [Times: user=0.26 sys=0.01, real=0.02 secs] 
2019-02-01T00:39:40.714+0000: 792555.672: Total time for which application threads were stopped: 0.0278694 seconds, Stopping threads took: 0.0002407 seconds
2019-02-01T00:39:43.959+0000: 792558.917: Application time: 3.2443523 seconds
2019-02-01T00:39:43.966+0000: 792558.924: Total time for which application threads were stopped: 0.0075618 seconds, Stopping threads took: 0.0005943 seconds
2019-02-01T00:39:43.967+0000: 792558.924: Application time: 0.0003655 seconds
2019-02-01T00:39:43.974+0000: 792558.932: [GC (GCLocker Initiated GC) 2019-02-01T00:39:43.986+0000: 792558.944: [SoftReference, 0 refs, 0.0000594 secs]2019-02-01T00:39:43.986+0000: 792558.944: [WeakReference, 45 refs, 0.0000247 secs]2019-02-01T00:39:43.986+0000: 792558.944: [FinalReference, 550 refs, 0.0002626 secs]2019-02-01T00:39:43.987+0000: 792558.945: [PhantomReference, 0 refs, 1 refs, 0.0000106 secs]2019-02-01T00:39:43.987+0000: 792558.945: [JNI Weak Reference, 0.0000186 secs]
Desired survivor size 87031808 bytes, new threshold 1 (max 15)
[PSYoungGen: 1109106K->39555K(1060864K)] 3559590K->2494090K(4313088K), 0.0192156 secs] [Times: user=0.19 sys=0.01, real=0.02 secs] 
2019-02-01T00:39:43.993+0000: 792558.951: Total time for which application threads were stopped: 0.0265989 seconds, Stopping threads took: 0.0003085 seconds
2019-02-01T00:39:47.836+0000: 792562.794: Application time: 3.8425544 seconds
2019-02-01T00:39:47.843+0000: 792562.801: Total time for which application threads were stopped: 0.0071984 seconds, Stopping threads took: 0.0002611 seconds
2019-02-01T00:39:47.843+0000: 792562.801: Application time: 0.0001306 seconds
2019-02-01T00:39:47.850+0000: 792562.808: Total time for which application threads were stopped: 0.0066468 seconds, Stopping threads took: 0.0001086 seconds
2019-02-01T00:39:47.850+0000: 792562.808: Application time: 0.0005980 seconds
2019-02-01T00:39:47.857+0000: 792562.815: [GC (GCLocker Initiated GC) 2019-02-01T00:39:47.871+0000: 792562.828: [SoftReference, 0 refs, 0.0000532 secs]2019-02-01T00:39:47.871+0000: 792562.829: [WeakReference, 18 refs, 0.0000149 secs]2019-02-01T00:39:47.871+0000: 792562.829: [FinalReference, 579 refs, 0.0002876 secs]2019-02-01T00:39:47.871+0000: 792562.829: [PhantomReference, 0 refs, 0 refs, 0.0000097 secs]2019-02-01T00:39:47.871+0000: 792562.829: [JNI Weak Reference, 0.0000189 secs]
Desired survivor size 88080384 bytes, new threshold 1 (max 15)
[PSYoungGen: 1060483K->61167K(1080320K)] 3518351K->2522291K(4332544K), 0.0190257 secs] [Times: user=0.25 sys=0.01, real=0.01 secs] 
2019-02-01T00:39:47.876+0000: 792562.834: Total time for which application threads were stopped: 0.0257701 seconds, Stopping threads took: 0.0001058 seconds
2019-02-01T00:39:51.392+0000: 792566.350: Application time: 3.5159557 seconds
2019-02-01T00:39:51.399+0000: 792566.357: Total time for which application threads were stopped: 0.0070257 seconds, Stopping threads took: 0.0003155 seconds
2019-02-01T00:39:51.400+0000: 792566.357: Application time: 0.0004243 seconds
2019-02-01T00:39:51.407+0000: 792566.365: [GC (GCLocker Initiated GC) 2019-02-01T00:39:51.423+0000: 792566.381: [SoftReference, 0 refs, 0.0000606 secs]2019-02-01T00:39:51.423+0000: 792566.381: [WeakReference, 8 refs, 0.0000159 secs]2019-02-01T00:39:51.423+0000: 792566.381: [FinalReference, 573 refs, 0.0002893 secs]2019-02-01T00:39:51.423+0000: 792566.381: [PhantomReference, 0 refs, 1 refs, 0.0000139 secs]2019-02-01T00:39:51.423+0000: 792566.381: [JNI Weak Reference, 0.0000227 secs]
Desired survivor size 85983232 bytes, new threshold 1 (max 15)
[PSYoungGen: 1068271K->42799K(1036288K)] 3536078K->2513047K(4288512K), 0.0227054 secs] [Times: user=0.24 sys=0.01, real=0.03 secs] 
2019-02-01T00:39:51.430+0000: 792566.387: Total time for which application threads were stopped: 0.0300308 seconds, Stopping threads took: 0.0003692 seconds
2019-02-01T00:39:54.136+0000: 792569.094: Application time: 2.7061143 seconds
2019-02-01T00:39:54.145+0000: 792569.103: Total time for which application threads were stopped: 0.0093994 seconds, Stopping threads took: 0.0006521 seconds
2019-02-01T00:39:54.147+0000: 792569.105: Application time: 0.0018772 seconds
2019-02-01T00:39:54.159+0000: 792569.117: [GC (GCLocker Initiated GC) 2019-02-01T00:39:54.181+0000: 792569.139: [SoftReference, 0 refs, 0.0000791 secs]2019-02-01T00:39:54.182+0000: 792569.139: [WeakReference, 94 refs, 0.0000468 secs]2019-02-01T00:39:54.182+0000: 792569.139: [FinalReference, 454 refs, 0.0002774 secs]2019-02-01T00:39:54.182+0000: 792569.140: [PhantomReference, 0 refs, 0 refs, 0.0000111 secs]2019-02-01T00:39:54.182+0000: 792569.140: [JNI Weak Reference, 0.0000262 secs]
Desired survivor size 86507520 bytes, new threshold 1 (max 15)
[PSYoungGen: 1036079K->61250K(1051648K)] 3517138K->2545416K(4303872K), 0.0304530 secs] [Times: user=0.46 sys=0.02, real=0.03 secs] 
2019-02-01T00:39:54.190+0000: 792569.148: Total time for which application threads were stopped: 0.0428077 seconds, Stopping threads took: 0.0008562 seconds
2019-02-01T00:39:56.936+0000: 792571.894: Application time: 2.7461890 seconds
2019-02-01T00:39:56.945+0000: 792571.903: Total time for which application threads were stopped: 0.0087086 seconds, Stopping threads took: 0.0001829 seconds
2019-02-01T00:39:56.945+0000: 792571.903: Application time: 0.0006743 seconds
2019-02-01T00:39:56.954+0000: 792571.912: [GC (GCLocker Initiated GC) 2019-02-01T00:39:56.970+0000: 792571.928: [SoftReference, 0 refs, 0.0000805 secs]2019-02-01T00:39:56.970+0000: 792571.928: [WeakReference, 14 refs, 0.0000334 secs]2019-02-01T00:39:56.970+0000: 792571.928: [FinalReference, 493 refs, 0.0004285 secs]2019-02-01T00:39:56.971+0000: 792571.929: [PhantomReference, 0 refs, 0 refs, 0.0000241 secs]2019-02-01T00:39:56.971+0000: 792571.929: [JNI Weak Reference, 0.0000335 secs]
Desired survivor size 87031808 bytes, new threshold 1 (max 15)
[PSYoungGen: 1041218K->27993K(995328K)] 3525471K->2515968K(4247552K), 0.0270828 secs] [Times: user=0.26 sys=0.01, real=0.03 secs] 
2019-02-01T00:39:56.981+0000: 792571.939: Total time for which application threads were stopped: 0.0357798 seconds, Stopping threads took: 0.0003107 seconds
2019-02-01T00:39:59.953+0000: 792574.911: Application time: 2.9718803 seconds
2019-02-01T00:39:59.964+0000: 792574.921: Total time for which application threads were stopped: 0.0104626 seconds, Stopping threads took: 0.0017729 seconds
2019-02-01T00:39:59.965+0000: 792574.922: Application time: 0.0009830 seconds
2019-02-01T00:39:59.974+0000: 792574.932: [GC (GCLocker Initiated GC) 2019-02-01T00:40:00.001+0000: 792574.959: [SoftReference, 0 refs, 0.0000684 secs]2019-02-01T00:40:00.001+0000: 792574.959: [WeakReference, 56 refs, 0.0000289 secs]2019-02-01T00:40:00.001+0000: 792574.959: [FinalReference, 565 refs, 0.0003541 secs]2019-02-01T00:40:00.002+0000: 792574.959: [PhantomReference, 0 refs, 1 refs, 0.0000127 secs]2019-02-01T00:40:00.002+0000: 792574.959: [JNI Weak Reference, 0.0000191 secs]
Desired survivor size 86507520 bytes, new threshold 1 (max 15)
[PSYoungGen: 995161K->32306K(1052672K)] 3496448K->2537563K(4304896K), 0.0312276 secs] [Times: user=0.52 sys=0.02, real=0.03 secs] 
2019-02-01T00:40:00.005+0000: 792574.963: Total time for which application threads were stopped: 0.0406974 seconds, Stopping threads took: 0.0002546 seconds
2019-02-01T00:40:02.610+0000: 792577.568: Application time: 2.6050138 seconds
2019-02-01T00:40:02.619+0000: 792577.577: Total time for which application threads were stopped: 0.0088924 seconds, Stopping threads took: 0.0003134 seconds
2019-02-01T00:40:02.620+0000: 792577.578: Application time: 0.0009068 seconds
2019-02-01T00:40:02.628+0000: 792577.586: [GC (GCLocker Initiated GC) 2019-02-01T00:40:02.648+0000: 792577.606: [SoftReference, 0 refs, 0.0000705 secs]2019-02-01T00:40:02.648+0000: 792577.606: [WeakReference, 63 refs, 0.0000491 secs]2019-02-01T00:40:02.648+0000: 792577.606: [FinalReference, 578 refs, 0.0004089 secs]2019-02-01T00:40:02.649+0000: 792577.607: [PhantomReference, 0 refs, 0 refs, 0.0000196 secs]2019-02-01T00:40:02.649+0000: 792577.607: [JNI Weak Reference, 0.0000332 secs]
Desired survivor size 85458944 bytes, new threshold 1 (max 15)
[PSYoungGen: 999986K->53987K(1052160K)] 3508581K->2565950K(4304384K), 0.0258533 secs] [Times: user=0.28 sys=0.01, real=0.03 secs] 
2019-02-01T00:40:02.654+0000: 792577.612: Total time for which application threads were stopped: 0.0338724 seconds, Stopping threads took: 0.0004422 seconds
2019-02-01T00:40:04.356+0000: 792579.314: Application time: 1.7021094 seconds
2019-02-01T00:40:04.363+0000: 792579.321: Total time for which application threads were stopped: 0.0073798 seconds, Stopping threads took: 0.0002623 seconds
2019-02-01T00:40:04.365+0000: 792579.322: Application time: 0.0011875 seconds
2019-02-01T00:40:04.372+0000: 792579.330: [GC (GCLocker Initiated GC) 2019-02-01T00:40:05.922+0000: 792580.880: [SoftReference, 0 refs, 0.0000501 secs]2019-02-01T00:40:05.922+0000: 792580.880: [WeakReference, 12 refs, 0.0000169 secs]2019-02-01T00:40:05.922+0000: 792580.880: [FinalReference, 0 refs, 0.0000079 secs]2019-02-01T00:40:05.922+0000: 792580.880: [PhantomReference, 0 refs, 0 refs, 0.0000093 secs]2019-02-01T00:40:05.922+0000: 792580.880: [JNI Weak Reference, 0.0000189 secs]
Desired survivor size 119013376 bytes, new threshold 1 (max 15)
[PSYoungGen: 1021667K->83455K(1160192K)] 3533740K->2658868K(4412416K), 1.5535174 secs] [Times: user=29.10 sys=4.97, real=1.55 secs] 
2019-02-01T00:40:05.925+0000: 792580.883: Total time for which application threads were stopped: 1.5608608 seconds, Stopping threads took: 0.0002508 seconds
2019-02-01T00:40:08.606+0000: 792583.564: Application time: 2.6806524 seconds
2019-02-01T00:40:08.615+0000: 792583.573: Total time for which application threads were stopped: 0.0091101 seconds, Stopping threads took: 0.0002020 seconds
2019-02-01T00:40:08.616+0000: 792583.574: Application time: 0.0009081 seconds
2019-02-01T00:40:08.626+0000: 792583.584: [GC (GCLocker Initiated GC) 2019-02-01T00:40:08.642+0000: 792583.600: [SoftReference, 0 refs, 0.0000798 secs]2019-02-01T00:40:08.642+0000: 792583.600: [WeakReference, 1 refs, 0.0000177 secs]2019-02-01T00:40:08.642+0000: 792583.600: [FinalReference, 527 refs, 0.0005364 secs]2019-02-01T00:40:08.643+0000: 792583.601: [PhantomReference, 0 refs, 1 refs, 0.0000253 secs]2019-02-01T00:40:08.643+0000: 792583.601: [JNI Weak Reference, 0.0000323 secs]
Desired survivor size 114294784 bytes, new threshold 1 (max 15)
[PSYoungGen: 1160191K->52542K(1192960K)] 3738957K->2636460K(4445184K), 0.0222612 secs] [Times: user=0.30 sys=0.00, real=0.02 secs] 
2019-02-01T00:40:08.648+0000: 792583.606: Total time for which application threads were stopped: 0.0321271 seconds, Stopping threads took: 0.0005032 seconds
2019-02-01T00:40:11.651+0000: 792586.608: Application time: 3.0022182 seconds
2019-02-01T00:40:11.657+0000: 792586.615: Total time for which application threads were stopped: 0.0069151 seconds, Stopping threads took: 0.0002682 seconds
2019-02-01T00:40:11.658+0000: 792586.616: Application time: 0.0004812 seconds
2019-02-01T00:40:11.665+0000: 792586.623: [GC (GCLocker Initiated GC) 2019-02-01T00:40:14.065+0000: 792589.023: [SoftReference, 0 refs, 0.0000565 secs]2019-02-01T00:40:14.065+0000: 792589.023: [WeakReference, 15 refs, 0.0000219 secs]2019-02-01T00:40:14.065+0000: 792589.023: [FinalReference, 540 refs, 0.0003316 secs]2019-02-01T00:40:14.065+0000: 792589.023: [PhantomReference, 0 refs, 0 refs, 0.0000139 secs]2019-02-01T00:40:14.065+0000: 792589.023: [JNI Weak Reference, 0.0000250 secs]
Desired survivor size 110624768 bytes, new threshold 1 (max 15)
[PSYoungGen: 1129278K->44940K(1396736K)] 3713227K->2656236K(4648960K), 2.4041930 secs] [Times: user=23.42 sys=26.02, real=2.40 secs] 
2019-02-01T00:40:14.069+0000: 792589.027: Total time for which application threads were stopped: 2.4112895 seconds, Stopping threads took: 0.0001864 seconds
2019-02-01T00:40:16.930+0000: 792591.888: Application time: 2.8610211 seconds
2019-02-01T00:40:16.939+0000: 792591.897: Total time for which application threads were stopped: 0.0084640 seconds, Stopping threads took: 0.0002468 seconds
2019-02-01T00:40:16.939+0000: 792591.897: Application time: 0.0006007 seconds
2019-02-01T00:40:16.948+0000: 792591.906: [GC (GCLocker Initiated GC) 2019-02-01T00:40:19.440+0000: 792594.398: [SoftReference, 0 refs, 0.0000511 secs]2019-02-01T00:40:19.440+0000: 792594.398: [WeakReference, 43 refs, 0.0000388 secs]2019-02-01T00:40:19.440+0000: 792594.398: [FinalReference, 737 refs, 0.0004496 secs]2019-02-01T00:40:19.440+0000: 792594.398: [PhantomReference, 0 refs, 0 refs, 0.0000127 secs]2019-02-01T00:40:19.440+0000: 792594.398: [JNI Weak Reference, 0.0000232 secs]
Desired survivor size 110100480 bytes, new threshold 1 (max 15)
[PSYoungGen: 1334156K->29484K(1397248K)] 3946960K->2649307K(4649472K), 2.4962889 secs] [Times: user=39.66 sys=15.09, real=2.50 secs] 
2019-02-01T00:40:19.444+0000: 792594.402: Total time for which application threads were stopped: 2.5050017 seconds, Stopping threads took: 0.0001985 seconds
2019-02-01T00:40:21.896+0000: 792596.854: Application time: 2.4520477 seconds
2019-02-01T00:40:21.910+0000: 792596.867: Total time for which application threads were stopped: 0.0132837 seconds, Stopping threads took: 0.0047353 seconds
2019-02-01T00:40:21.913+0000: 792596.871: Application time: 0.0033058 seconds
2019-02-01T00:40:21.922+0000: 792596.879: [GC (GCLocker Initiated GC) 2019-02-01T00:40:21.946+0000: 792596.904: [SoftReference, 0 refs, 0.0000910 secs]2019-02-01T00:40:21.946+0000: 792596.904: [WeakReference, 30 refs, 0.0000212 secs]2019-02-01T00:40:21.947+0000: 792596.904: [FinalReference, 799 refs, 0.0005005 secs]2019-02-01T00:40:21.947+0000: 792596.905: [PhantomReference, 0 refs, 1 refs, 0.0000130 secs]2019-02-01T00:40:21.947+0000: 792596.905: [JNI Weak Reference, 0.0000196 secs]
Desired survivor size 113246208 bytes, new threshold 1 (max 15)
[PSYoungGen: 1318700K->76165K(1649152K)] 3943023K->2705533K(4901376K), 0.0287265 secs] [Times: user=0.34 sys=0.17, real=0.03 secs] 
2019-02-01T00:40:21.951+0000: 792596.908: Total time for which application threads were stopped: 0.0375434 seconds, Stopping threads took: 0.0006134 seconds
2019-02-01T00:40:28.534+0000: 792603.492: Application time: 6.5838473 seconds
2019-02-01T00:40:28.560+0000: 792603.518: Total time for which application threads were stopped: 0.0260142 seconds, Stopping threads took: 0.0172601 seconds
2019-02-01T00:40:28.562+0000: 792603.520: Application time: 0.0014738 seconds
2019-02-01T00:40:28.571+0000: 792603.529: [GC (GCLocker Initiated GC) 2019-02-01T00:40:28.599+0000: 792603.557: [SoftReference, 0 refs, 0.0000592 secs]2019-02-01T00:40:28.599+0000: 792603.557: [WeakReference, 38 refs, 0.0000239 secs]2019-02-01T00:40:28.599+0000: 792603.557: [FinalReference, 902 refs, 0.0036338 secs]2019-02-01T00:40:28.603+0000: 792603.560: [PhantomReference, 0 refs, 1 refs, 0.0000143 secs]2019-02-01T00:40:28.603+0000: 792603.561: [JNI Weak Reference, 0.0000173 secs]
Desired survivor size 109576192 bytes, new threshold 1 (max 15)
[PSYoungGen: 1617797K->60452K(1652224K)] 4253910K->2704199K(4904448K), 0.0348881 secs] [Times: user=0.33 sys=0.09, real=0.04 secs] 
2019-02-01T00:40:28.606+0000: 792603.564: Total time for which application threads were stopped: 0.0445018 seconds, Stopping threads took: 0.0003010 seconds
2019-02-01T00:40:33.618+0000: 792608.576: Application time: 5.0119430 seconds
2019-02-01T00:40:33.625+0000: 792608.583: Total time for which application threads were stopped: 0.0068416 seconds, Stopping threads took: 0.0003638 seconds
2019-02-01T00:40:33.626+0000: 792608.583: Application time: 0.0003935 seconds
2019-02-01T00:40:33.633+0000: 792608.591: [GC (GCLocker Initiated GC) 2019-02-01T00:40:33.660+0000: 792608.618: [SoftReference, 0 refs, 0.0000556 secs]2019-02-01T00:40:33.660+0000: 792608.618: [WeakReference, 15 refs, 0.0000196 secs]2019-02-01T00:40:33.660+0000: 792608.618: [FinalReference, 853 refs, 0.0013520 secs]2019-02-01T00:40:33.662+0000: 792608.620: [PhantomReference, 0 refs, 1 refs, 0.0000171 secs]2019-02-01T00:40:33.662+0000: 792608.620: [JNI Weak Reference, 0.0000250 secs]
Desired survivor size 109576192 bytes, new threshold 1 (max 15)
[PSYoungGen: 1602084K->25671K(1810944K)] 4245879K->2678625K(5063168K), 0.0320366 secs] [Times: user=0.47 sys=0.07, real=0.04 secs] 
2019-02-01T00:40:33.665+0000: 792608.623: Total time for which application threads were stopped: 0.0396561 seconds, Stopping threads took: 0.0007165 seconds
2019-02-01T00:40:38.836+0000: 792613.794: Application time: 5.1710737 seconds
2019-02-01T00:40:38.845+0000: 792613.803: Total time for which application threads were stopped: 0.0087284 seconds, Stopping threads took: 0.0004233 seconds
2019-02-01T00:40:38.848+0000: 792613.806: Application time: 0.0026949 seconds
2019-02-01T00:40:38.857+0000: 792613.815: [GC (GCLocker Initiated GC) 2019-02-01T00:40:38.881+0000: 792613.839: [SoftReference, 0 refs, 0.0000578 secs]2019-02-01T00:40:38.881+0000: 792613.839: [WeakReference, 14 refs, 0.0000160 secs]2019-02-01T00:40:38.881+0000: 792613.839: [FinalReference, 997 refs, 0.0005462 secs]2019-02-01T00:40:38.882+0000: 792613.839: [PhantomReference, 0 refs, 1 refs, 0.0000113 secs]2019-02-01T00:40:38.882+0000: 792613.839: [JNI Weak Reference, 0.0000186 secs]
Desired survivor size 121110528 bytes, new threshold 1 (max 15)
[PSYoungGen: 1729607K->98029K(1802240K)] 4386138K->2757876K(5054464K), 0.0276684 secs] [Times: user=0.39 sys=0.13, real=0.03 secs] 
2019-02-01T00:40:38.885+0000: 792613.843: Total time for which application threads were stopped: 0.0371894 seconds, Stopping threads took: 0.0003976 seconds
2019-02-01T00:40:40.369+0000: 792615.327: Application time: 1.4840394 seconds
2019-02-01T00:40:40.376+0000: 792615.334: Total time for which application threads were stopped: 0.0071982 seconds, Stopping threads took: 0.0002328 seconds
2019-02-01T00:40:43.844+0000: 792618.802: Application time: 3.4680276 seconds
2019-02-01T00:40:43.853+0000: 792618.811: Total time for which application threads were stopped: 0.0088075 seconds, Stopping threads took: 0.0003614 seconds
2019-02-01T00:40:43.854+0000: 792618.812: Application time: 0.0013274 seconds
2019-02-01T00:40:43.863+0000: 792618.821: [GC (GCLocker Initiated GC) 2019-02-01T00:40:45.325+0000: 792620.283: [SoftReference, 0 refs, 0.0000557 secs]2019-02-01T00:40:45.325+0000: 792620.283: [WeakReference, 58 refs, 0.0000368 secs]2019-02-01T00:40:45.325+0000: 792620.283: [FinalReference, 790 refs, 0.0007764 secs]2019-02-01T00:40:45.326+0000: 792620.283: [PhantomReference, 0 refs, 0 refs, 0.0000116 secs]2019-02-01T00:40:45.326+0000: 792620.283: [JNI Weak Reference, 0.0000195 secs]
Desired survivor size 119013376 bytes, new threshold 1 (max 15)
[PSYoungGen: 1801965K->67945K(1805824K)] 4465181K->2739266K(5058048K), 1.4664522 secs] [Times: user=25.91 sys=6.09, real=1.47 secs] 
2019-02-01T00:40:45.330+0000: 792620.288: Total time for which application threads were stopped: 1.4755229 seconds, Stopping threads took: 0.0002041 seconds
2019-02-01T00:40:49.692+0000: 792624.650: Application time: 4.3621259 seconds
2019-02-01T00:40:49.701+0000: 792624.659: Total time for which application threads were stopped: 0.0090422 seconds, Stopping threads took: 0.0002177 seconds
2019-02-01T00:40:49.702+0000: 792624.660: Application time: 0.0006368 seconds
2019-02-01T00:40:49.711+0000: 792624.669: [GC (GCLocker Initiated GC) 2019-02-01T00:40:49.728+0000: 792624.686: [SoftReference, 0 refs, 0.0000610 secs]2019-02-01T00:40:49.728+0000: 792624.686: [WeakReference, 106 refs, 0.0000541 secs]2019-02-01T00:40:49.728+0000: 792624.686: [FinalReference, 1007 refs, 0.0005215 secs]2019-02-01T00:40:49.729+0000: 792624.687: [PhantomReference, 0 refs, 0 refs, 0.0000121 secs]2019-02-01T00:40:49.729+0000: 792624.687: [JNI Weak Reference, 0.0000197 secs]
Desired survivor size 117964800 bytes, new threshold 1 (max 15)
[PSYoungGen: 1755497K->30047K(1717760K)] 4430155K->2709618K(4969984K), 0.0215728 secs] [Times: user=0.26 sys=0.01, real=0.02 secs] 
2019-02-01T00:40:49.732+0000: 792624.690: Total time for which application threads were stopped: 0.0306863 seconds, Stopping threads took: 0.0002422 seconds
2019-02-01T00:40:54.318+0000: 792629.276: Application time: 4.5853307 seconds
2019-02-01T00:40:54.327+0000: 792629.285: Total time for which application threads were stopped: 0.0090876 seconds, Stopping threads took: 0.0006251 seconds
2019-02-01T00:40:54.328+0000: 792629.286: Application time: 0.0011847 seconds
2019-02-01T00:40:54.337+0000: 792629.295: [GC (GCLocker Initiated GC) 2019-02-01T00:40:54.360+0000: 792629.318: [SoftReference, 0 refs, 0.0000610 secs]2019-02-01T00:40:54.360+0000: 792629.318: [WeakReference, 56 refs, 0.0000485 secs]2019-02-01T00:40:54.360+0000: 792629.318: [FinalReference, 963 refs, 0.0006047 secs]2019-02-01T00:40:54.361+0000: 792629.319: [PhantomReference, 0 refs, 1 refs, 0.0000106 secs]2019-02-01T00:40:54.361+0000: 792629.319: [JNI Weak Reference, 0.0000198 secs]
Desired survivor size 126353408 bytes, new threshold 1 (max 15)
[PSYoungGen: 1717599K->93542K(1790464K)] 4401312K->2783356K(5042688K), 0.0272481 secs] [Times: user=0.44 sys=0.02, real=0.03 secs] 
2019-02-01T00:40:54.365+0000: 792629.323: Total time for which application threads were stopped: 0.0366787 seconds, Stopping threads took: 0.0006515 seconds
2019-02-01T00:40:59.028+0000: 792633.986: Application time: 4.6631948 seconds
2019-02-01T00:40:59.037+0000: 792633.995: Total time for which application threads were stopped: 0.0091720 seconds, Stopping threads took: 0.0002815 seconds
2019-02-01T00:40:59.039+0000: 792633.997: Application time: 0.0023880 seconds
2019-02-01T00:40:59.048+0000: 792634.006: [GC (GCLocker Initiated GC) 2019-02-01T00:40:59.061+0000: 792634.019: [SoftReference, 0 refs, 0.0000801 secs]2019-02-01T00:40:59.062+0000: 792634.019: [WeakReference, 36 refs, 0.0000352 secs]2019-02-01T00:40:59.062+0000: 792634.019: [FinalReference, 954 refs, 0.0009466 secs]2019-02-01T00:40:59.063+0000: 792634.020: [PhantomReference, 0 refs, 0 refs, 0.0000236 secs]2019-02-01T00:40:59.063+0000: 792634.020: [JNI Weak Reference, 0.0000336 secs]
Desired survivor size 122683392 bytes, new threshold 1 (max 15)
[PSYoungGen: 1768806K->42463K(1798656K)] 4458725K->2736808K(5050880K), 0.0191925 secs] [Times: user=0.26 sys=0.00, real=0.02 secs] 
2019-02-01T00:40:59.068+0000: 792634.026: Total time for which application threads were stopped: 0.0282052 seconds, Stopping threads took: 0.0001610 seconds
2019-02-01T00:41:03.928+0000: 792638.885: Application time: 4.8598504 seconds
2019-02-01T00:41:03.936+0000: 792638.894: Total time for which application threads were stopped: 0.0088342 seconds, Stopping threads took: 0.0003237 seconds
2019-02-01T00:41:03.938+0000: 792638.895: Application time: 0.0011275 seconds
2019-02-01T00:41:03.946+0000: 792638.904: [GC (GCLocker Initiated GC) 2019-02-01T00:41:03.966+0000: 792638.924: [SoftReference, 0 refs, 0.0000579 secs]2019-02-01T00:41:03.966+0000: 792638.924: [WeakReference, 28 refs, 0.0000214 secs]2019-02-01T00:41:03.966+0000: 792638.924: [FinalReference, 883 refs, 0.0004524 secs]2019-02-01T00:41:03.966+0000: 792638.924: [PhantomReference, 0 refs, 1 refs, 0.0000107 secs]2019-02-01T00:41:03.966+0000: 792638.924: [JNI Weak Reference, 0.0000184 secs]
Desired survivor size 128974848 bytes, new threshold 1 (max 15)
[PSYoungGen: 1717727K->91387K(1789952K)] 4415435K->2792616K(5042176K), 0.0228038 secs] [Times: user=0.35 sys=0.01, real=0.03 secs] 
2019-02-01T00:41:03.970+0000: 792638.927: Total time for which application threads were stopped: 0.0320361 seconds, Stopping threads took: 0.0002628 seconds
2019-02-01T00:41:08.357+0000: 792643.315: Application time: 4.3879585 seconds
2019-02-01T00:41:08.366+0000: 792643.324: Total time for which application threads were stopped: 0.0082678 seconds, Stopping threads took: 0.0003190 seconds
2019-02-01T00:41:08.366+0000: 792643.324: Application time: 0.0004702 seconds
2019-02-01T00:41:08.375+0000: 792643.333: [GC (GCLocker Initiated GC) 2019-02-01T00:41:08.396+0000: 792643.354: [SoftReference, 0 refs, 0.0000661 secs]2019-02-01T00:41:08.396+0000: 792643.354: [WeakReference, 20 refs, 0.0000186 secs]2019-02-01T00:41:08.396+0000: 792643.354: [FinalReference, 861 refs, 0.0005231 secs]2019-02-01T00:41:08.397+0000: 792643.354: [PhantomReference, 0 refs, 0 refs, 0.0000104 secs]2019-02-01T00:41:08.397+0000: 792643.354: [JNI Weak Reference, 0.0000194 secs]
Desired survivor size 124256256 bytes, new threshold 1 (max 15)
[PSYoungGen: 1761531K->51005K(1796096K)] 4463167K->2757100K(5048320K), 0.0245586 secs] [Times: user=0.36 sys=0.03, real=0.03 secs] 
2019-02-01T00:41:08.400+0000: 792643.358: Total time for which application threads were stopped: 0.0336768 seconds, Stopping threads took: 0.0001603 seconds
2019-02-01T00:41:13.907+0000: 792648.865: Application time: 5.5072199 seconds
2019-02-01T00:41:13.916+0000: 792648.873: Total time for which application threads were stopped: 0.0084363 seconds, Stopping threads took: 0.0004381 seconds
2019-02-01T00:41:13.917+0000: 792648.874: Application time: 0.0010511 seconds
2019-02-01T00:41:13.926+0000: 792648.883: [GC (GCLocker Initiated GC) 2019-02-01T00:41:13.943+0000: 792648.901: [SoftReference, 0 refs, 0.0000662 secs]2019-02-01T00:41:13.944+0000: 792648.901: [WeakReference, 20 refs, 0.0000173 secs]2019-02-01T00:41:13.944+0000: 792648.901: [FinalReference, 1053 refs, 0.0003978 secs]2019-02-01T00:41:13.944+0000: 792648.902: [PhantomReference, 0 refs, 1 refs, 0.0000109 secs]2019-02-01T00:41:13.944+0000: 792648.902: [JNI Weak Reference, 0.0000196 secs]
Desired survivor size 120586240 bytes, new threshold 1 (max 15)
[PSYoungGen: 1721149K->66834K(1787392K)] 4427430K->2776336K(5039616K), 0.0215389 secs] [Times: user=0.37 sys=0.00, real=0.02 secs] 
2019-02-01T00:41:13.947+0000: 792648.905: Total time for which application threads were stopped: 0.0307105 seconds, Stopping threads took: 0.0002210 seconds
2019-02-01T00:41:17.997+0000: 792652.955: Application time: 4.0496113 seconds
2019-02-01T00:41:18.008+0000: 792652.966: Total time for which application threads were stopped: 0.0109177 seconds, Stopping threads took: 0.0015651 seconds
2019-02-01T00:41:18.009+0000: 792652.967: Application time: 0.0010924 seconds
2019-02-01T00:41:18.018+0000: 792652.976: [GC (GCLocker Initiated GC) 2019-02-01T00:41:18.038+0000: 792652.996: [SoftReference, 0 refs, 0.0000605 secs]2019-02-01T00:41:18.038+0000: 792652.996: [WeakReference, 13 refs, 0.0000158 secs]2019-02-01T00:41:18.038+0000: 792652.996: [FinalReference, 851 refs, 0.0004123 secs]2019-02-01T00:41:18.038+0000: 792652.996: [PhantomReference, 0 refs, 1 refs, 0.0000108 secs]2019-02-01T00:41:18.038+0000: 792652.996: [JNI Weak Reference, 0.0000188 secs]
Desired survivor size 124256256 bytes, new threshold 1 (max 15)
[PSYoungGen: 1741586K->86010K(1792512K)] 4454466K->2801760K(5044736K), 0.0234552 secs] [Times: user=0.33 sys=0.00, real=0.03 secs] 
2019-02-01T00:41:18.042+0000: 792653.000: Total time for which application threads were stopped: 0.0329351 seconds, Stopping threads took: 0.0002581 seconds
2019-02-01T00:41:23.734+0000: 792658.692: Application time: 5.6918292 seconds
2019-02-01T00:41:23.746+0000: 792658.704: Total time for which application threads were stopped: 0.0123859 seconds, Stopping threads took: 0.0039922 seconds
2019-02-01T00:41:23.747+0000: 792658.705: Application time: 0.0011042 seconds
2019-02-01T00:41:23.755+0000: 792658.713: [GC (GCLocker Initiated GC) 2019-02-01T00:41:23.768+0000: 792658.725: [SoftReference, 0 refs, 0.0000567 secs]2019-02-01T00:41:23.768+0000: 792658.725: [WeakReference, 18 refs, 0.0000179 secs]2019-02-01T00:41:23.768+0000: 792658.725: [FinalReference, 964 refs, 0.0005506 secs]2019-02-01T00:41:23.768+0000: 792658.726: [PhantomReference, 0 refs, 1 refs, 0.0000130 secs]2019-02-01T00:41:23.768+0000: 792658.726: [JNI Weak Reference, 0.0000204 secs]
Desired survivor size 123731968 bytes, new threshold 1 (max 15)
[PSYoungGen: 1760762K->31697K(1801216K)] 4476525K->2752187K(5053440K), 0.0166787 secs] [Times: user=0.25 sys=0.01, real=0.02 secs] 
2019-02-01T00:41:23.772+0000: 792658.729: Total time for which application threads were stopped: 0.0243771 seconds, Stopping threads took: 0.0002165 seconds
2019-02-01T00:41:28.864+0000: 792663.822: Application time: 5.0924677 seconds
2019-02-01T00:41:28.873+0000: 792663.831: Total time for which application threads were stopped: 0.0087213 seconds, Stopping threads took: 0.0003002 seconds
2019-02-01T00:41:28.873+0000: 792663.831: Application time: 0.0004879 seconds
2019-02-01T00:41:28.882+0000: 792663.840: [GC (GCLocker Initiated GC) 2019-02-01T00:41:28.896+0000: 792663.854: [SoftReference, 0 refs, 0.0000826 secs]2019-02-01T00:41:28.896+0000: 792663.854: [WeakReference, 16 refs, 0.0000270 secs]2019-02-01T00:41:28.896+0000: 792663.854: [FinalReference, 883 refs, 0.0006880 secs]2019-02-01T00:41:28.897+0000: 792663.855: [PhantomReference, 0 refs, 0 refs, 0.0000195 secs]2019-02-01T00:41:28.897+0000: 792663.855: [JNI Weak Reference, 0.0000318 secs]
Desired survivor size 118489088 bytes, new threshold 1 (max 15)
[PSYoungGen: 1711569K->56496K(1736704K)] 4432073K->2781050K(4988928K), 0.0194699 secs] [Times: user=0.28 sys=0.00, real=0.02 secs] 
2019-02-01T00:41:28.901+0000: 792663.859: Total time for which application threads were stopped: 0.0281150 seconds, Stopping threads took: 0.0002624 seconds
2019-02-01T00:41:35.026+0000: 792669.984: Application time: 6.1242547 seconds
2019-02-01T00:41:35.034+0000: 792669.992: Total time for which application threads were stopped: 0.0086093 seconds, Stopping threads took: 0.0003190 seconds
2019-02-01T00:41:35.035+0000: 792669.993: Application time: 0.0008294 seconds
2019-02-01T00:41:35.044+0000: 792670.002: [GC (GCLocker Initiated GC) 2019-02-01T00:41:35.061+0000: 792670.018: [SoftReference, 0 refs, 0.0001017 secs]2019-02-01T00:41:35.061+0000: 792670.018: [WeakReference, 73 refs, 0.0000540 secs]2019-02-01T00:41:35.061+0000: 792670.019: [FinalReference, 1041 refs, 0.0008050 secs]2019-02-01T00:41:35.061+0000: 792670.019: [PhantomReference, 0 refs, 0 refs, 0.0000198 secs]2019-02-01T00:41:35.062+0000: 792670.019: [JNI Weak Reference, 0.0000337 secs]
Desired survivor size 113246208 bytes, new threshold 1 (max 15)
[PSYoungGen: 1736368K->61807K(1800704K)] 4464273K->2793484K(5052928K), 0.0226698 secs] [Times: user=0.30 sys=0.00, real=0.02 secs] 
2019-02-01T00:41:35.067+0000: 792670.024: Total time for which application threads were stopped: 0.0314732 seconds, Stopping threads took: 0.0001717 seconds
2019-02-01T00:41:40.032+0000: 792674.989: Application time: 4.9649454 seconds
2019-02-01T00:41:40.040+0000: 792674.998: Total time for which application threads were stopped: 0.0086528 seconds, Stopping threads took: 0.0003830 seconds
2019-02-01T00:41:40.042+0000: 792675.000: Application time: 0.0016034 seconds
2019-02-01T00:41:40.051+0000: 792675.009: [GC (GCLocker Initiated GC) 2019-02-01T00:41:40.067+0000: 792675.025: [SoftReference, 0 refs, 0.0000584 secs]2019-02-01T00:41:40.067+0000: 792675.025: [WeakReference, 49 refs, 0.0000252 secs]2019-02-01T00:41:40.067+0000: 792675.025: [FinalReference, 803 refs, 0.0003995 secs]2019-02-01T00:41:40.068+0000: 792675.026: [PhantomReference, 0 refs, 0 refs, 0.0000106 secs]2019-02-01T00:41:40.068+0000: 792675.026: [JNI Weak Reference, 0.0000196 secs]
Desired survivor size 109051904 bytes, new threshold 1 (max 15)
[PSYoungGen: 1746799K->55183K(1795584K)] 4481858K->2794426K(5047808K), 0.0198863 secs] [Times: user=0.29 sys=0.00, real=0.02 secs] 
2019-02-01T00:41:40.071+0000: 792675.029: Total time for which application threads were stopped: 0.0291279 seconds, Stopping threads took: 0.0002741 seconds
2019-02-01T00:41:40.368+0000: 792675.326: Application time: 0.2970020 seconds
2019-02-01T00:41:40.377+0000: 792675.334: Total time for which application threads were stopped: 0.0085823 seconds, Stopping threads took: 0.0001340 seconds
2019-02-01T00:41:45.250+0000: 792680.208: Application time: 4.8738589 seconds
2019-02-01T00:41:45.262+0000: 792680.220: Total time for which application threads were stopped: 0.0112715 seconds, Stopping threads took: 0.0026666 seconds
2019-02-01T00:41:45.263+0000: 792680.221: Application time: 0.0014842 seconds
2019-02-01T00:41:45.272+0000: 792680.230: [GC (GCLocker Initiated GC) 2019-02-01T00:41:45.286+0000: 792680.244: [SoftReference, 0 refs, 0.0000553 secs]2019-02-01T00:41:45.287+0000: 792680.244: [WeakReference, 65 refs, 0.0000343 secs]2019-02-01T00:41:45.287+0000: 792680.244: [FinalReference, 887 refs, 0.0004537 secs]2019-02-01T00:41:45.287+0000: 792680.245: [PhantomReference, 0 refs, 2 refs, 0.0000110 secs]2019-02-01T00:41:45.287+0000: 792680.245: [JNI Weak Reference, 0.0000199 secs]
Desired survivor size 105906176 bytes, new threshold 1 (max 15)
[PSYoungGen: 1740175K->51589K(1805312K)] 4486089K->2801462K(5057536K), 0.0182565 secs] [Times: user=0.28 sys=0.00, real=0.02 secs] 
2019-02-01T00:41:45.291+0000: 792680.248: Total time for which application threads were stopped: 0.0273773 seconds, Stopping threads took: 0.0003165 seconds
2019-02-01T00:41:50.856+0000: 792685.813: Application time: 5.5650392 seconds
2019-02-01T00:41:50.863+0000: 792685.821: Total time for which application threads were stopped: 0.0071735 seconds, Stopping threads took: 0.0002716 seconds
2019-02-01T00:41:50.864+0000: 792685.822: Application time: 0.0013016 seconds
2019-02-01T00:41:50.871+0000: 792685.829: [GC (GCLocker Initiated GC) 2019-02-01T00:41:50.885+0000: 792685.843: [SoftReference, 0 refs, 0.0000576 secs]2019-02-01T00:41:50.885+0000: 792685.843: [WeakReference, 52 refs, 0.0000284 secs]2019-02-01T00:41:50.885+0000: 792685.843: [FinalReference, 990 refs, 0.0005198 secs]2019-02-01T00:41:50.886+0000: 792685.844: [PhantomReference, 0 refs, 0 refs, 0.0000101 secs]2019-02-01T00:41:50.886+0000: 792685.844: [JNI Weak Reference, 0.0000197 secs]
Desired survivor size 103809024 bytes, new threshold 1 (max 15)
[PSYoungGen: 1750405K->44166K(1710080K)] 4503647K->2802166K(4962304K), 0.0216196 secs] [Times: user=0.24 sys=0.01, real=0.02 secs] 
2019-02-01T00:41:50.893+0000: 792685.851: Total time for which application threads were stopped: 0.0288671 seconds, Stopping threads took: 0.0001310 seconds
2019-02-01T00:41:55.795+0000: 792690.753: Application time: 4.9018456 seconds
2019-02-01T00:41:55.804+0000: 792690.761: Total time for which application threads were stopped: 0.0087030 seconds, Stopping threads took: 0.0002258 seconds
2019-02-01T00:41:55.804+0000: 792690.762: Application time: 0.0005690 seconds
2019-02-01T00:41:55.813+0000: 792690.771: [GC (GCLocker Initiated GC) 2019-02-01T00:41:55.825+0000: 792690.783: [SoftReference, 0 refs, 0.0000724 secs]2019-02-01T00:41:55.825+0000: 792690.783: [WeakReference, 2 refs, 0.0000278 secs]2019-02-01T00:41:55.825+0000: 792690.783: [FinalReference, 790 refs, 0.0006071 secs]2019-02-01T00:41:55.826+0000: 792690.784: [PhantomReference, 0 refs, 0 refs, 0.0000199 secs]2019-02-01T00:41:55.826+0000: 792690.784: [JNI Weak Reference, 0.0000329 secs]
Desired survivor size 102236160 bytes, new threshold 1 (max 15)
[PSYoungGen: 1709702K->39132K(1699328K)] 4474357K->2807531K(4951552K), 0.0257328 secs] [Times: user=0.24 sys=0.01, real=0.03 secs] 
2019-02-01T00:41:55.839+0000: 792690.797: Total time for which application threads were stopped: 0.0347922 seconds, Stopping threads took: 0.0002796 seconds
2019-02-01T00:42:01.216+0000: 792696.174: Application time: 5.3771841 seconds
2019-02-01T00:42:01.225+0000: 792696.183: Total time for which application threads were stopped: 0.0089637 seconds, Stopping threads took: 0.0003045 seconds
2019-02-01T00:42:01.226+0000: 792696.184: Application time: 0.0007321 seconds
2019-02-01T00:42:01.235+0000: 792696.193: [GC (GCLocker Initiated GC) 2019-02-01T00:42:01.249+0000: 792696.207: [SoftReference, 0 refs, 0.0000688 secs]2019-02-01T00:42:01.249+0000: 792696.207: [WeakReference, 18 refs, 0.0000858 secs]2019-02-01T00:42:01.249+0000: 792696.207: [FinalReference, 919 refs, 0.0006883 secs]2019-02-01T00:42:01.250+0000: 792696.208: [PhantomReference, 0 refs, 0 refs, 0.0000205 secs]2019-02-01T00:42:01.250+0000: 792696.208: [JNI Weak Reference, 0.0000335 secs]
Desired survivor size 99614720 bytes, new threshold 1 (max 15)
[PSYoungGen: 1672412K->60326K(1662464K)] 4440848K->2831949K(4914688K), 0.0276603 secs] [Times: user=0.27 sys=0.01, real=0.03 secs] 
2019-02-01T00:42:01.263+0000: 792696.220: Total time for which application threads were stopped: 0.0367098 seconds, Stopping threads took: 0.0002000 seconds
2019-02-01T00:42:06.148+0000: 792701.106: Application time: 4.8857370 seconds
2019-02-01T00:42:06.157+0000: 792701.115: Total time for which application threads were stopped: 0.0087341 seconds, Stopping threads took: 0.0003494 seconds
2019-02-01T00:42:06.158+0000: 792701.116: Application time: 0.0009853 seconds
2019-02-01T00:42:06.167+0000: 792701.125: [GC (GCLocker Initiated GC) 2019-02-01T00:42:06.181+0000: 792701.139: [SoftReference, 0 refs, 0.0000521 secs]2019-02-01T00:42:06.181+0000: 792701.139: [WeakReference, 29 refs, 0.0000213 secs]2019-02-01T00:42:06.181+0000: 792701.139: [FinalReference, 831 refs, 0.0004383 secs]2019-02-01T00:42:06.181+0000: 792701.139: [PhantomReference, 0 refs, 0 refs, 0.0000106 secs]2019-02-01T00:42:06.182+0000: 792701.139: [JNI Weak Reference, 0.0000196 secs]
Desired survivor size 95944704 bytes, new threshold 1 (max 15)
[PSYoungGen: 1662374K->53884K(1631744K)] 4440682K->2841958K(4883968K), 0.0222390 secs] [Times: user=0.27 sys=0.01, real=0.03 secs] 
2019-02-01T00:42:06.189+0000: 792701.147: Total time for which application threads were stopped: 0.0311594 seconds, Stopping threads took: 0.0002736 seconds
2019-02-01T00:42:11.599+0000: 792706.557: Application time: 5.4101772 seconds
2019-02-01T00:42:11.608+0000: 792706.566: Total time for which application threads were stopped: 0.0089883 seconds, Stopping threads took: 0.0004522 seconds
2019-02-01T00:42:11.610+0000: 792706.567: Application time: 0.0012828 seconds
2019-02-01T00:42:11.618+0000: 792706.576: [GC (GCLocker Initiated GC) 2019-02-01T00:42:11.633+0000: 792706.591: [SoftReference, 0 refs, 0.0000568 secs]2019-02-01T00:42:11.633+0000: 792706.591: [WeakReference, 49 refs, 0.0000251 secs]2019-02-01T00:42:11.633+0000: 792706.591: [FinalReference, 852 refs, 0.0004935 secs]2019-02-01T00:42:11.634+0000: 792706.592: [PhantomReference, 0 refs, 0 refs, 0.0000124 secs]2019-02-01T00:42:11.634+0000: 792706.592: [JNI Weak Reference, 0.0000224 secs]
Desired survivor size 93847552 bytes, new threshold 1 (max 15)
[PSYoungGen: 1625724K->44520K(1587200K)] 4413850K->2836046K(4839424K), 0.0227092 secs] [Times: user=0.28 sys=0.01, real=0.02 secs] 
2019-02-01T00:42:11.641+0000: 792706.599: Total time for which application threads were stopped: 0.0316117 seconds, Stopping threads took: 0.0002415 seconds
2019-02-01T00:42:17.308+0000: 792712.266: Application time: 5.6667051 seconds
2019-02-01T00:42:17.317+0000: 792712.274: Total time for which application threads were stopped: 0.0085583 seconds, Stopping threads took: 0.0002949 seconds
2019-02-01T00:42:17.317+0000: 792712.275: Application time: 0.0005889 seconds
2019-02-01T00:42:17.326+0000: 792712.284: [GC (GCLocker Initiated GC) 2019-02-01T00:42:17.343+0000: 792712.300: [SoftReference, 0 refs, 0.0000558 secs]2019-02-01T00:42:17.343+0000: 792712.301: [WeakReference, 53 refs, 0.0000290 secs]2019-02-01T00:42:17.343+0000: 792712.301: [FinalReference, 948 refs, 0.0004682 secs]2019-02-01T00:42:17.343+0000: 792712.301: [PhantomReference, 0 refs, 0 refs, 0.0000117 secs]2019-02-01T00:42:17.343+0000: 792712.301: [JNI Weak Reference, 0.0000198 secs]
Desired survivor size 91226112 bytes, new threshold 1 (max 15)
[PSYoungGen: 1587176K->49534K(1572864K)] 4378730K->2843554K(4825088K), 0.0251178 secs] [Times: user=0.29 sys=0.00, real=0.03 secs] 
2019-02-01T00:42:17.351+0000: 792712.309: Total time for which application threads were stopped: 0.0343213 seconds, Stopping threads took: 0.0002115 seconds
2019-02-01T00:42:22.906+0000: 792717.863: Application time: 5.5540643 seconds
2019-02-01T00:42:22.914+0000: 792717.872: Total time for which application threads were stopped: 0.0087171 seconds, Stopping threads took: 0.0002681 seconds
2019-02-01T00:42:22.915+0000: 792717.873: Application time: 0.0011177 seconds
2019-02-01T00:42:22.924+0000: 792717.882: [GC (GCLocker Initiated GC) 2019-02-01T00:42:22.941+0000: 792717.899: [SoftReference, 0 refs, 0.0000777 secs]2019-02-01T00:42:22.941+0000: 792717.899: [WeakReference, 42 refs, 0.0000413 secs]2019-02-01T00:42:22.941+0000: 792717.899: [FinalReference, 853 refs, 0.0006306 secs]2019-02-01T00:42:22.942+0000: 792717.900: [PhantomReference, 0 refs, 0 refs, 0.0000202 secs]2019-02-01T00:42:22.942+0000: 792717.900: [JNI Weak Reference, 0.0000334 secs]
Desired survivor size 88080384 bytes, new threshold 1 (max 15)
[PSYoungGen: 1564030K->51130K(1538048K)] 4364757K->2854835K(4790272K), 0.0294811 secs] [Times: user=0.31 sys=0.01, real=0.03 secs] 
2019-02-01T00:42:22.954+0000: 792717.912: Total time for which application threads were stopped: 0.0384716 seconds, Stopping threads took: 0.0002815 seconds
2019-02-01T00:42:28.234+0000: 792723.192: Application time: 5.2798418 seconds
2019-02-01T00:42:28.242+0000: 792723.200: Total time for which application threads were stopped: 0.0085036 seconds, Stopping threads took: 0.0002229 seconds
2019-02-01T00:42:28.243+0000: 792723.200: Application time: 0.0003229 seconds
2019-02-01T00:42:28.251+0000: 792723.209: [GC (GCLocker Initiated GC) 2019-02-01T00:42:28.265+0000: 792723.223: [SoftReference, 0 refs, 0.0000566 secs]2019-02-01T00:42:28.265+0000: 792723.223: [WeakReference, 65 refs, 0.0000322 secs]2019-02-01T00:42:28.265+0000: 792723.223: [FinalReference, 926 refs, 0.0006293 secs]2019-02-01T00:42:28.266+0000: 792723.224: [PhantomReference, 0 refs, 0 refs, 0.0000158 secs]2019-02-01T00:42:28.266+0000: 792723.224: [JNI Weak Reference, 0.0000201 secs]
Desired survivor size 87031808 bytes, new threshold 1 (max 15)
[PSYoungGen: 1537978K->39676K(1517568K)] 4345063K->2850194K(4769792K), 0.0214422 secs] [Times: user=0.26 sys=0.00, real=0.03 secs] 
2019-02-01T00:42:28.273+0000: 792723.231: Total time for which application threads were stopped: 0.0302072 seconds, Stopping threads took: 0.0003277 seconds
2019-02-01T00:42:33.228+0000: 792728.186: Application time: 4.9550431 seconds
2019-02-01T00:42:33.237+0000: 792728.195: Total time for which application threads were stopped: 0.0089127 seconds, Stopping threads took: 0.0003932 seconds
2019-02-01T00:42:33.238+0000: 792728.196: Application time: 0.0010948 seconds
2019-02-01T00:42:33.247+0000: 792728.204: [GC (GCLocker Initiated GC) 2019-02-01T00:42:33.262+0000: 792728.220: [SoftReference, 0 refs, 0.0000963 secs]2019-02-01T00:42:33.263+0000: 792728.220: [WeakReference, 12 refs, 0.0000200 secs]2019-02-01T00:42:33.263+0000: 792728.220: [FinalReference, 789 refs, 0.0004539 secs]2019-02-01T00:42:33.263+0000: 792728.221: [PhantomReference, 0 refs, 0 refs, 0.0000123 secs]2019-02-01T00:42:33.263+0000: 792728.221: [JNI Weak Reference, 0.0000200 secs]
Desired survivor size 83886080 bytes, new threshold 1 (max 15)
[PSYoungGen: 1499900K->51808K(1486848K)] 4311068K->2867092K(4739072K), 0.0235631 secs] [Times: user=0.29 sys=0.01, real=0.02 secs] 
2019-02-01T00:42:33.270+0000: 792728.228: Total time for which application threads were stopped: 0.0325522 seconds, Stopping threads took: 0.0002728 seconds
2019-02-01T00:42:38.050+0000: 792733.008: Application time: 4.7797136 seconds
2019-02-01T00:42:38.058+0000: 792733.016: Total time for which application threads were stopped: 0.0083814 seconds, Stopping threads took: 0.0002349 seconds
2019-02-01T00:42:38.060+0000: 792733.017: Application time: 0.0011982 seconds
2019-02-01T00:42:38.068+0000: 792733.026: [GC (GCLocker Initiated GC) 2019-02-01T00:42:38.088+0000: 792733.046: [SoftReference, 0 refs, 0.0000625 secs]2019-02-01T00:42:38.088+0000: 792733.046: [WeakReference, 40 refs, 0.0000269 secs]2019-02-01T00:42:38.088+0000: 792733.046: [FinalReference, 774 refs, 0.0004230 secs]2019-02-01T00:42:38.088+0000: 792733.046: [PhantomReference, 0 refs, 0 refs, 0.0000114 secs]2019-02-01T00:42:38.088+0000: 792733.046: [JNI Weak Reference, 0.0000216 secs]
Desired survivor size 95944704 bytes, new threshold 1 (max 15)
[PSYoungGen: 1486432K->81912K(1491456K)] 4301973K->2907659K(4743680K), 0.0233981 secs] [Times: user=0.41 sys=0.00, real=0.02 secs] 
2019-02-01T00:42:38.092+0000: 792733.050: Total time for which application threads were stopped: 0.0322233 seconds, Stopping threads took: 0.0001504 seconds
2019-02-01T00:42:40.369+0000: 792735.327: Application time: 2.2772362 seconds
2019-02-01T00:42:40.378+0000: 792735.336: Total time for which application threads were stopped: 0.0087866 seconds, Stopping threads took: 0.0002150 seconds
2019-02-01T00:42:41.824+0000: 792736.782: Application time: 1.4458539 seconds
2019-02-01T00:42:41.833+0000: 792736.791: Total time for which application threads were stopped: 0.0094188 seconds, Stopping threads took: 0.0007986 seconds
2019-02-01T00:42:42.160+0000: 792737.118: Application time: 0.3267441 seconds
2019-02-01T00:42:42.171+0000: 792737.129: Total time for which application threads were stopped: 0.0108053 seconds, Stopping threads took: 0.0022843 seconds
2019-02-01T00:42:42.172+0000: 792737.130: Application time: 0.0015740 seconds
2019-02-01T00:42:42.179+0000: 792737.137: [GC (GCLocker Initiated GC) 2019-02-01T00:42:42.196+0000: 792737.154: [SoftReference, 0 refs, 0.0000581 secs]2019-02-01T00:42:42.196+0000: 792737.154: [WeakReference, 118 refs, 0.0000501 secs]2019-02-01T00:42:42.196+0000: 792737.154: [FinalReference, 738 refs, 0.0003585 secs]2019-02-01T00:42:42.197+0000: 792737.155: [PhantomReference, 0 refs, 1 refs, 0.0000106 secs]2019-02-01T00:42:42.197+0000: 792737.155: [JNI Weak Reference, 0.0000201 secs]
Desired survivor size 95944704 bytes, new threshold 1 (max 15)
[PSYoungGen: 1491448K->65740K(1451008K)] 4317307K->2899244K(4703232K), 0.0243702 secs] [Times: user=0.34 sys=0.01, real=0.03 secs] 
2019-02-01T00:42:42.204+0000: 792737.162: Total time for which application threads were stopped: 0.0316605 seconds, Stopping threads took: 0.0001979 seconds
2019-02-01T00:42:46.257+0000: 792741.215: Application time: 4.0532632 seconds
2019-02-01T00:42:46.267+0000: 792741.225: Total time for which application threads were stopped: 0.0094805 seconds, Stopping threads took: 0.0008066 seconds
2019-02-01T00:42:46.269+0000: 792741.226: Application time: 0.0017683 seconds
2019-02-01T00:42:46.280+0000: 792741.238: [GC (GCLocker Initiated GC) 2019-02-01T00:42:46.298+0000: 792741.256: [SoftReference, 0 refs, 0.0000564 secs]2019-02-01T00:42:46.298+0000: 792741.256: [WeakReference, 68 refs, 0.0000343 secs]2019-02-01T00:42:46.298+0000: 792741.256: [FinalReference, 745 refs, 0.0004121 secs]2019-02-01T00:42:46.299+0000: 792741.256: [PhantomReference, 0 refs, 0 refs, 0.0000099 secs]2019-02-01T00:42:46.299+0000: 792741.256: [JNI Weak Reference, 0.0000273 secs]
Desired survivor size 101711872 bytes, new threshold 1 (max 15)
[PSYoungGen: 1450700K->83240K(1444864K)] 4287788K->2924992K(4697088K), 0.0232987 secs] [Times: user=0.35 sys=0.01, real=0.02 secs] 
2019-02-01T00:42:46.304+0000: 792741.262: Total time for which application threads were stopped: 0.0352525 seconds, Stopping threads took: 0.0030967 seconds
2019-02-01T00:42:50.542+0000: 792745.500: Application time: 4.2386419 seconds
2019-02-01T00:42:50.555+0000: 792745.513: Total time for which application threads were stopped: 0.0127470 seconds, Stopping threads took: 0.0052849 seconds
2019-02-01T00:42:50.557+0000: 792745.514: Application time: 0.0013152 seconds
2019-02-01T00:42:50.565+0000: 792745.523: [GC (GCLocker Initiated GC) 2019-02-01T00:42:50.579+0000: 792745.537: [SoftReference, 0 refs, 0.0000533 secs]2019-02-01T00:42:50.580+0000: 792745.537: [WeakReference, 31 refs, 0.0000252 secs]2019-02-01T00:42:50.580+0000: 792745.537: [FinalReference, 747 refs, 0.0003701 secs]2019-02-01T00:42:50.580+0000: 792745.538: [PhantomReference, 0 refs, 2 refs, 0.0000136 secs]2019-02-01T00:42:50.580+0000: 792745.538: [JNI Weak Reference, 0.0000194 secs]
Desired survivor size 99614720 bytes, new threshold 1 (max 15)
[PSYoungGen: 1444648K->48827K(1387520K)] 4293073K->2900562K(4639744K), 0.0230152 secs] [Times: user=0.27 sys=0.01, real=0.02 secs] 
2019-02-01T00:42:50.588+0000: 792745.546: Total time for which application threads were stopped: 0.0315302 seconds, Stopping threads took: 0.0009396 seconds
2019-02-01T00:42:54.984+0000: 792749.942: Application time: 4.3959555 seconds
2019-02-01T00:42:54.990+0000: 792749.948: Total time for which application threads were stopped: 0.0056906 seconds, Stopping threads took: 0.0003212 seconds
2019-02-01T00:42:54.991+0000: 792749.948: Application time: 0.0008662 seconds
2019-02-01T00:42:54.998+0000: 792749.956: [GC (GCLocker Initiated GC) 2019-02-01T00:42:55.012+0000: 792749.970: [SoftReference, 0 refs, 0.0000554 secs]2019-02-01T00:42:55.012+0000: 792749.970: [WeakReference, 9 refs, 0.0000131 secs]2019-02-01T00:42:55.012+0000: 792749.970: [FinalReference, 806 refs, 0.0004649 secs]2019-02-01T00:42:55.012+0000: 792749.970: [PhantomReference, 0 refs, 0 refs, 0.0000106 secs]2019-02-01T00:42:55.012+0000: 792749.970: [JNI Weak Reference, 0.0000198 secs]
Desired survivor size 96993280 bytes, new threshold 1 (max 15)
[PSYoungGen: 1387195K->51362K(1385472K)] 4238959K->2907548K(4637696K), 0.0213929 secs] [Times: user=0.27 sys=0.01, real=0.02 secs] 
2019-02-01T00:42:55.020+0000: 792749.978: Total time for which application threads were stopped: 0.0291915 seconds, Stopping threads took: 0.0002613 seconds
2019-02-01T00:42:59.513+0000: 792754.471: Application time: 4.4936200 seconds
2019-02-01T00:42:59.519+0000: 792754.477: Total time for which application threads were stopped: 0.0056954 seconds, Stopping threads took: 0.0001854 seconds
2019-02-01T00:42:59.520+0000: 792754.478: Application time: 0.0006451 seconds
2019-02-01T00:42:59.525+0000: 792754.483: [GC (GCLocker Initiated GC) 2019-02-01T00:42:59.542+0000: 792754.500: [SoftReference, 0 refs, 0.0000547 secs]2019-02-01T00:42:59.543+0000: 792754.500: [WeakReference, 9 refs, 0.0000153 secs]2019-02-01T00:42:59.543+0000: 792754.500: [FinalReference, 681 refs, 0.0003273 secs]2019-02-01T00:42:59.543+0000: 792754.501: [PhantomReference, 0 refs, 0 refs, 0.0000099 secs]2019-02-01T00:42:59.543+0000: 792754.501: [JNI Weak Reference, 0.0000189 secs]
Desired survivor size 94371840 bytes, new threshold 1 (max 15)
[PSYoungGen: 1367202K->51361K(1346048K)] 4228926K->2916033K(4598272K), 0.0239132 secs] [Times: user=0.27 sys=0.01, real=0.03 secs] 
2019-02-01T00:42:59.550+0000: 792754.507: Total time for which application threads were stopped: 0.0297813 seconds, Stopping threads took: 0.0001941 seconds
2019-02-01T00:43:03.992+0000: 792758.950: Application time: 4.4427362 seconds
2019-02-01T00:43:04.000+0000: 792758.958: Total time for which application threads were stopped: 0.0079418 seconds, Stopping threads took: 0.0003765 seconds
2019-02-01T00:43:04.000+0000: 792758.958: Application time: 0.0002179 seconds
2019-02-01T00:43:04.008+0000: 792758.966: Total time for which application threads were stopped: 0.0076253 seconds, Stopping threads took: 0.0001679 seconds
2019-02-01T00:43:04.008+0000: 792758.966: Application time: 0.0003515 seconds
2019-02-01T00:43:04.015+0000: 792758.972: [GC (GCLocker Initiated GC) 2019-02-01T00:43:04.028+0000: 792758.986: [SoftReference, 0 refs, 0.0000714 secs]2019-02-01T00:43:04.028+0000: 792758.986: [WeakReference, 50 refs, 0.0000402 secs]2019-02-01T00:43:04.028+0000: 792758.986: [FinalReference, 709 refs, 0.0017083 secs]2019-02-01T00:43:04.030+0000: 792758.987: [PhantomReference, 0 refs, 1 refs, 0.0000241 secs]2019-02-01T00:43:04.030+0000: 792758.987: [JNI Weak Reference, 0.0000320 secs]
Desired survivor size 94371840 bytes, new threshold 1 (max 15)
[PSYoungGen: 1345697K->39676K(1344512K)] 4217271K->2914232K(4596736K), 0.0238527 secs] [Times: user=0.24 sys=0.00, real=0.03 secs] 
2019-02-01T00:43:04.039+0000: 792758.997: Total time for which application threads were stopped: 0.0303154 seconds, Stopping threads took: 0.0002046 seconds
2019-02-01T00:43:07.973+0000: 792762.931: Application time: 3.9340791 seconds
2019-02-01T00:43:07.978+0000: 792762.936: Total time for which application threads were stopped: 0.0055505 seconds, Stopping threads took: 0.0001772 seconds
2019-02-01T00:43:07.980+0000: 792762.937: Application time: 0.0011643 seconds
2019-02-01T00:43:07.985+0000: 792762.943: [GC (GCLocker Initiated GC) 2019-02-01T00:43:08.002+0000: 792762.959: [SoftReference, 0 refs, 0.0000819 secs]2019-02-01T00:43:08.002+0000: 792762.959: [WeakReference, 33 refs, 0.0000387 secs]2019-02-01T00:43:08.002+0000: 792762.959: [FinalReference, 718 refs, 0.0004944 secs]2019-02-01T00:43:08.002+0000: 792762.960: [PhantomReference, 0 refs, 1 refs, 0.0000203 secs]2019-02-01T00:43:08.002+0000: 792762.960: [JNI Weak Reference, 0.0000325 secs]
Desired survivor size 90701824 bytes, new threshold 1 (max 15)
[PSYoungGen: 1313020K->54821K(1308160K)] 4194223K->2939447K(4560384K), 0.0278183 secs] [Times: user=0.28 sys=0.01, real=0.03 secs] 
2019-02-01T00:43:08.014+0000: 792762.971: Total time for which application threads were stopped: 0.0340034 seconds, Stopping threads took: 0.0003086 seconds
2019-02-01T00:43:12.050+0000: 792767.007: Application time: 4.0359783 seconds
2019-02-01T00:43:12.056+0000: 792767.014: Total time for which application threads were stopped: 0.0068523 seconds, Stopping threads took: 0.0003102 seconds
2019-02-01T00:43:12.057+0000: 792767.015: Application time: 0.0007216 seconds
2019-02-01T00:43:12.063+0000: 792767.021: [GC (GCLocker Initiated GC) 2019-02-01T00:43:12.083+0000: 792767.041: [SoftReference, 0 refs, 0.0000356 secs]2019-02-01T00:43:12.083+0000: 792767.041: [WeakReference, 66 refs, 0.0000400 secs]2019-02-01T00:43:12.083+0000: 792767.041: [FinalReference, 669 refs, 0.0004024 secs]2019-02-01T00:43:12.084+0000: 792767.042: [PhantomReference, 0 refs, 0 refs, 0.0000099 secs]2019-02-01T00:43:12.084+0000: 792767.042: [JNI Weak Reference, 0.0000184 secs]
Desired survivor size 88080384 bytes, new threshold 1 (max 15)
[PSYoungGen: 1307685K->49626K(1296384K)] 4192458K->2938892K(4548608K), 0.0277287 secs] [Times: user=0.34 sys=0.01, real=0.03 secs] 
2019-02-01T00:43:12.091+0000: 792767.048: Total time for which application threads were stopped: 0.0334962 seconds, Stopping threads took: 0.0001823 seconds
2019-02-01T00:43:16.090+0000: 792771.047: Application time: 3.9989815 seconds
2019-02-01T00:43:16.097+0000: 792771.054: Total time for which application threads were stopped: 0.0070114 seconds, Stopping threads took: 0.0002680 seconds
2019-02-01T00:43:16.097+0000: 792771.055: Application time: 0.0008971 seconds
2019-02-01T00:43:16.106+0000: 792771.063: [GC (GCLocker Initiated GC) 2019-02-01T00:43:16.122+0000: 792771.080: [SoftReference, 0 refs, 0.0000738 secs]2019-02-01T00:43:16.122+0000: 792771.080: [WeakReference, 48 refs, 0.0000466 secs]2019-02-01T00:43:16.122+0000: 792771.080: [FinalReference, 739 refs, 0.0005634 secs]2019-02-01T00:43:16.123+0000: 792771.081: [PhantomReference, 0 refs, 0 refs, 0.0000194 secs]2019-02-01T00:43:16.123+0000: 792771.081: [JNI Weak Reference, 0.0000328 secs]
Desired survivor size 89128960 bytes, new threshold 1 (max 15)
[PSYoungGen: 1282522K->31250K(1245184K)] 4175222K->2930465K(4497408K), 0.0257138 secs] [Times: user=0.24 sys=0.01, real=0.03 secs] 
2019-02-01T00:43:16.131+0000: 792771.089: Total time for which application threads were stopped: 0.0339024 seconds, Stopping threads took: 0.0002759 seconds
2019-02-01T00:43:19.724+0000: 792774.682: Application time: 3.5926829 seconds
2019-02-01T00:43:19.733+0000: 792774.691: Total time for which application threads were stopped: 0.0086749 seconds, Stopping threads took: 0.0003819 seconds
2019-02-01T00:43:19.734+0000: 792774.692: Application time: 0.0011848 seconds
2019-02-01T00:43:19.743+0000: 792774.700: [GC (GCLocker Initiated GC) 2019-02-01T00:43:19.757+0000: 792774.715: [SoftReference, 0 refs, 0.0000480 secs]2019-02-01T00:43:19.757+0000: 792774.715: [WeakReference, 10 refs, 0.0000137 secs]2019-02-01T00:43:19.757+0000: 792774.715: [FinalReference, 642 refs, 0.0003607 secs]2019-02-01T00:43:19.757+0000: 792774.715: [PhantomReference, 0 refs, 0 refs, 0.0000101 secs]2019-02-01T00:43:19.757+0000: 792774.715: [JNI Weak Reference, 0.0000201 secs]
Desired survivor size 88080384 bytes, new threshold 1 (max 15)
[PSYoungGen: 1244690K->37346K(1260544K)] 4147045K->2942355K(4512768K), 0.0211083 secs] [Times: user=0.26 sys=0.01, real=0.02 secs] 
2019-02-01T00:43:19.764+0000: 792774.722: Total time for which application threads were stopped: 0.0298440 seconds, Stopping threads took: 0.0001879 seconds
2019-02-01T00:43:23.462+0000: 792778.420: Application time: 3.6982536 seconds
2019-02-01T00:43:23.471+0000: 792778.429: Total time for which application threads were stopped: 0.0088018 seconds, Stopping threads took: 0.0002411 seconds
2019-02-01T00:43:23.472+0000: 792778.429: Application time: 0.0007137 seconds
2019-02-01T00:43:23.481+0000: 792778.438: [GC (GCLocker Initiated GC) 2019-02-01T00:43:23.494+0000: 792778.452: [SoftReference, 0 refs, 0.0000738 secs]2019-02-01T00:43:23.494+0000: 792778.452: [WeakReference, 56 refs, 0.0000477 secs]2019-02-01T00:43:23.494+0000: 792778.452: [FinalReference, 651 refs, 0.0004553 secs]2019-02-01T00:43:23.495+0000: 792778.453: [PhantomReference, 0 refs, 0 refs, 0.0000203 secs]2019-02-01T00:43:23.495+0000: 792778.453: [JNI Weak Reference, 0.0000335 secs]
Desired survivor size 85983232 bytes, new threshold 1 (max 15)
[PSYoungGen: 1231842K->43082K(1219584K)] 4141224K->2955343K(4471808K), 0.0245190 secs] [Times: user=0.22 sys=0.01, real=0.02 secs] 
2019-02-01T00:43:23.505+0000: 792778.463: Total time for which application threads were stopped: 0.0336631 seconds, Stopping threads took: 0.0002075 seconds
2019-02-01T00:43:27.388+0000: 792782.346: Application time: 3.8825926 seconds
2019-02-01T00:43:27.396+0000: 792782.354: Total time for which application threads were stopped: 0.0085781 seconds, Stopping threads took: 0.0002839 seconds
2019-02-01T00:43:27.397+0000: 792782.355: Application time: 0.0006358 seconds
2019-02-01T00:43:27.406+0000: 792782.364: [GC (GCLocker Initiated GC) 2019-02-01T00:43:27.421+0000: 792782.379: [SoftReference, 0 refs, 0.0000737 secs]2019-02-01T00:43:27.421+0000: 792782.379: [WeakReference, 11 refs, 0.0000240 secs]2019-02-01T00:43:27.421+0000: 792782.379: [FinalReference, 604 refs, 0.0020038 secs]2019-02-01T00:43:27.423+0000: 792782.381: [PhantomReference, 0 refs, 0 refs, 0.0000271 secs]2019-02-01T00:43:27.423+0000: 792782.381: [JNI Weak Reference, 0.0000333 secs]
Desired survivor size 83886080 bytes, new threshold 1 (max 15)
[PSYoungGen: 1219146K->44455K(1220096K)] 4134776K->2963299K(4472320K), 0.0269320 secs] [Times: user=0.25 sys=0.01, real=0.03 secs] 
2019-02-01T00:43:27.433+0000: 792782.391: Total time for which application threads were stopped: 0.0359521 seconds, Stopping threads took: 0.0002711 seconds
2019-02-01T00:43:30.903+0000: 792785.861: Application time: 3.4697794 seconds
2019-02-01T00:43:30.911+0000: 792785.869: Total time for which application threads were stopped: 0.0083571 seconds, Stopping threads took: 0.0003009 seconds
2019-02-01T00:43:30.912+0000: 792785.870: Application time: 0.0007099 seconds
2019-02-01T00:43:30.919+0000: 792785.877: [GC (GCLocker Initiated GC) 2019-02-01T00:43:30.933+0000: 792785.890: [SoftReference, 0 refs, 0.0000571 secs]2019-02-01T00:43:30.933+0000: 792785.890: [WeakReference, 11 refs, 0.0000149 secs]2019-02-01T00:43:30.933+0000: 792785.890: [FinalReference, 572 refs, 0.0002837 secs]2019-02-01T00:43:30.933+0000: 792785.891: [PhantomReference, 0 refs, 0 refs, 0.0000097 secs]2019-02-01T00:43:30.933+0000: 792785.891: [JNI Weak Reference, 0.0000203 secs]
Desired survivor size 82837504 bytes, new threshold 1 (max 15)
[PSYoungGen: 1202599K->35038K(1176064K)] 4121459K->2960679K(4428288K), 0.0205613 secs] [Times: user=0.24 sys=0.01, real=0.02 secs] 
2019-02-01T00:43:30.940+0000: 792785.897: Total time for which application threads were stopped: 0.0276990 seconds, Stopping threads took: 0.0002784 seconds
2019-02-01T00:43:35.181+0000: 792790.139: Application time: 4.2414293 seconds
2019-02-01T00:43:35.189+0000: 792790.147: Total time for which application threads were stopped: 0.0084264 seconds, Stopping threads took: 0.0002757 seconds
2019-02-01T00:43:35.191+0000: 792790.148: Application time: 0.0010444 seconds
2019-02-01T00:43:35.199+0000: 792790.157: [GC (GCLocker Initiated GC) 2019-02-01T00:43:35.211+0000: 792790.169: [SoftReference, 0 refs, 0.0000549 secs]2019-02-01T00:43:35.211+0000: 792790.169: [WeakReference, 66 refs, 0.0000295 secs]2019-02-01T00:43:35.211+0000: 792790.169: [FinalReference, 693 refs, 0.0003312 secs]2019-02-01T00:43:35.212+0000: 792790.169: [PhantomReference, 0 refs, 0 refs, 0.0000105 secs]2019-02-01T00:43:35.212+0000: 792790.169: [JNI Weak Reference, 0.0000203 secs]
Desired survivor size 81788928 bytes, new threshold 1 (max 15)
[PSYoungGen: 1175774K->35956K(1185792K)] 4104824K->2968092K(4438016K), 0.0190650 secs] [Times: user=0.24 sys=0.00, real=0.02 secs] 
2019-02-01T00:43:35.218+0000: 792790.176: Total time for which application threads were stopped: 0.0276967 seconds, Stopping threads took: 0.0002002 seconds
2019-02-01T00:43:39.066+0000: 792794.024: Application time: 3.8475793 seconds
2019-02-01T00:43:39.076+0000: 792794.034: Total time for which application threads were stopped: 0.0099240 seconds, Stopping threads took: 0.0015898 seconds
2019-02-01T00:43:39.077+0000: 792794.035: Application time: 0.0011946 seconds
2019-02-01T00:43:39.086+0000: 792794.044: [GC (GCLocker Initiated GC) 2019-02-01T00:43:39.101+0000: 792794.059: [SoftReference, 0 refs, 0.0000563 secs]2019-02-01T00:43:39.101+0000: 792794.059: [WeakReference, 12 refs, 0.0000152 secs]2019-02-01T00:43:39.101+0000: 792794.059: [FinalReference, 644 refs, 0.0003116 secs]2019-02-01T00:43:39.102+0000: 792794.059: [PhantomReference, 0 refs, 1 refs, 0.0000104 secs]2019-02-01T00:43:39.102+0000: 792794.059: [JNI Weak Reference, 0.0000196 secs]
Desired survivor size 85983232 bytes, new threshold 1 (max 15)
[PSYoungGen: 1159796K->66636K(1174528K)] 4095284K->3013625K(4426752K), 0.0208412 secs] [Times: user=0.31 sys=0.01, real=0.02 secs] 
2019-02-01T00:43:39.107+0000: 792794.065: Total time for which application threads were stopped: 0.0298677 seconds, Stopping threads took: 0.0003820 seconds
2019-02-01T00:43:40.369+0000: 792795.327: Application time: 1.2620179 seconds
2019-02-01T00:43:40.378+0000: 792795.336: Total time for which application threads were stopped: 0.0089053 seconds, Stopping threads took: 0.0002916 seconds
2019-02-01T00:43:42.381+0000: 792797.339: Application time: 2.0036460 seconds
2019-02-01T00:43:42.387+0000: 792797.345: Total time for which application threads were stopped: 0.0056306 seconds, Stopping threads took: 0.0002503 seconds
2019-02-01T00:43:42.388+0000: 792797.345: Application time: 0.0006034 seconds
2019-02-01T00:43:42.395+0000: 792797.353: [GC (GCLocker Initiated GC) 2019-02-01T00:43:42.412+0000: 792797.370: [SoftReference, 0 refs, 0.0000596 secs]2019-02-01T00:43:42.412+0000: 792797.370: [WeakReference, 1 refs, 0.0000119 secs]2019-02-01T00:43:42.412+0000: 792797.370: [FinalReference, 572 refs, 0.0003015 secs]2019-02-01T00:43:42.412+0000: 792797.370: [PhantomReference, 0 refs, 0 refs, 0.0000102 secs]2019-02-01T00:43:42.412+0000: 792797.370: [JNI Weak Reference, 0.0000264 secs]
Desired survivor size 84410368 bytes, new threshold 1 (max 15)
[PSYoungGen: 1174092K->36133K(1155584K)] 4124455K->2989342K(4407808K), 0.0237654 secs] [Times: user=0.31 sys=0.00, real=0.02 secs] 
2019-02-01T00:43:42.419+0000: 792797.377: Total time for which application threads were stopped: 0.0310734 seconds, Stopping threads took: 0.0003463 seconds
2019-02-01T00:43:46.403+0000: 792801.361: Application time: 3.9840841 seconds
2019-02-01T00:43:46.408+0000: 792801.366: [GC (Allocation Failure) 2019-02-01T00:43:46.421+0000: 792801.379: [SoftReference, 0 refs, 0.0000515 secs]2019-02-01T00:43:46.421+0000: 792801.379: [WeakReference, 8 refs, 0.0000311 secs]2019-02-01T00:43:46.421+0000: 792801.379: [FinalReference, 573 refs, 0.0003489 secs]2019-02-01T00:43:46.422+0000: 792801.380: [PhantomReference, 0 refs, 1 refs, 0.0000105 secs]2019-02-01T00:43:46.422+0000: 792801.380: [JNI Weak Reference, 0.0000175 secs]
Desired survivor size 82837504 bytes, new threshold 1 (max 15)
[PSYoungGen: 1127205K->35912K(1111552K)] 4083738K->2997471K(4363776K), 0.0224505 secs] [Times: user=0.23 sys=0.01, real=0.02 secs] 
2019-02-01T00:43:46.431+0000: 792801.389: Total time for which application threads were stopped: 0.0282044 seconds, Stopping threads took: 0.0002081 seconds
2019-02-01T00:43:46.832+0000: 792801.790: Application time: 0.4009771 seconds
2019-02-01T00:43:46.837+0000: 792801.795: Total time for which application threads were stopped: 0.0053398 seconds, Stopping threads took: 0.0001475 seconds
2019-02-01T00:43:50.080+0000: 792805.038: Application time: 3.2425894 seconds
2019-02-01T00:43:50.088+0000: 792805.046: Total time for which application threads were stopped: 0.0077970 seconds, Stopping threads took: 0.0002206 seconds
2019-02-01T00:43:50.089+0000: 792805.047: Application time: 0.0015214 seconds
2019-02-01T00:43:50.098+0000: 792805.056: [GC (GCLocker Initiated GC) 2019-02-01T00:43:50.115+0000: 792805.073: [SoftReference, 0 refs, 0.0000428 secs]2019-02-01T00:43:50.115+0000: 792805.073: [WeakReference, 48 refs, 0.0000304 secs]2019-02-01T00:43:50.115+0000: 792805.073: [FinalReference, 618 refs, 0.0003152 secs]2019-02-01T00:43:50.116+0000: 792805.073: [PhantomReference, 0 refs, 0 refs, 0.0000099 secs]2019-02-01T00:43:50.116+0000: 792805.073: [JNI Weak Reference, 0.0000237 secs]
Desired survivor size 87556096 bytes, new threshold 1 (max 15)
[PSYoungGen: 1111112K->67258K(1134592K)] 4072813K->3034276K(4386816K), 0.0218180 secs] [Times: user=0.33 sys=0.00, real=0.02 secs] 
2019-02-01T00:43:50.120+0000: 792805.078: Total time for which application threads were stopped: 0.0309486 seconds, Stopping threads took: 0.0005465 seconds
2019-02-01T00:43:53.038+0000: 792807.996: Application time: 2.9174910 seconds
2019-02-01T00:43:53.047+0000: 792808.004: Total time for which application threads were stopped: 0.0089512 seconds, Stopping threads took: 0.0012794 seconds
2019-02-01T00:43:53.047+0000: 792808.005: Application time: 0.0006412 seconds
2019-02-01T00:43:53.055+0000: 792808.013: [GC (GCLocker Initiated GC) 2019-02-01T00:43:53.073+0000: 792808.031: [SoftReference, 0 refs, 0.0000542 secs]2019-02-01T00:43:53.073+0000: 792808.031: [WeakReference, 10 refs, 0.0000127 secs]2019-02-01T00:43:53.073+0000: 792808.031: [FinalReference, 522 refs, 0.0002858 secs]2019-02-01T00:43:53.073+0000: 792808.031: [PhantomReference, 0 refs, 2 refs, 0.0000102 secs]2019-02-01T00:43:53.073+0000: 792808.031: [JNI Weak Reference, 0.0000176 secs]
Desired survivor size 86507520 bytes, new threshold 1 (max 15)
[PSYoungGen: 1127098K->56377K(1101824K)] 4102336K->3034879K(4354048K), 0.0241494 secs] [Times: user=0.33 sys=0.01, real=0.02 secs] 
2019-02-01T00:43:53.079+0000: 792808.037: Total time for which application threads were stopped: 0.0321510 seconds, Stopping threads took: 0.0004909 seconds
2019-02-01T00:43:56.578+0000: 792811.536: Application time: 3.4983762 seconds
2019-02-01T00:43:56.586+0000: 792811.543: Total time for which application threads were stopped: 0.0077584 seconds, Stopping threads took: 0.0002311 seconds
2019-02-01T00:43:56.586+0000: 792811.544: Application time: 0.0004888 seconds
2019-02-01T00:43:56.594+0000: 792811.552: [GC (GCLocker Initiated GC) 2019-02-01T00:43:56.607+0000: 792811.565: [SoftReference, 0 refs, 0.0000838 secs]2019-02-01T00:43:56.607+0000: 792811.565: [WeakReference, 41 refs, 0.0000423 secs]2019-02-01T00:43:56.607+0000: 792811.565: [FinalReference, 588 refs, 0.0004665 secs]2019-02-01T00:43:56.608+0000: 792811.566: [PhantomReference, 0 refs, 0 refs, 0.0000195 secs]2019-02-01T00:43:56.608+0000: 792811.566: [JNI Weak Reference, 0.0000420 secs]
Desired survivor size 85458944 bytes, new threshold 1 (max 15)
[PSYoungGen: 1101369K->34138K(1097728K)] 4083211K->3019615K(4349952K), 0.0231902 secs] [Times: user=0.24 sys=0.00, real=0.03 secs] 
2019-02-01T00:43:56.617+0000: 792811.575: Total time for which application threads were stopped: 0.0310321 seconds, Stopping threads took: 0.0002891 seconds
2019-02-01T00:43:59.773+0000: 792814.730: Application time: 3.1555069 seconds
2019-02-01T00:43:59.783+0000: 792814.741: Total time for which application threads were stopped: 0.0102643 seconds, Stopping threads took: 0.0048556 seconds
2019-02-01T00:43:59.784+0000: 792814.742: Application time: 0.0010261 seconds
2019-02-01T00:43:59.791+0000: 792814.749: [GC (GCLocker Initiated GC) 2019-02-01T00:43:59.805+0000: 792814.763: [SoftReference, 0 refs, 0.0000560 secs]2019-02-01T00:43:59.805+0000: 792814.763: [WeakReference, 11 refs, 0.0000131 secs]2019-02-01T00:43:59.805+0000: 792814.763: [FinalReference, 546 refs, 0.0002234 secs]2019-02-01T00:43:59.805+0000: 792814.763: [PhantomReference, 0 refs, 1 refs, 0.0000106 secs]2019-02-01T00:43:59.805+0000: 792814.763: [JNI Weak Reference, 0.0000180 secs]
Desired survivor size 83361792 bytes, new threshold 1 (max 15)
[PSYoungGen: 1064282K->39819K(1055744K)] 4053105K->3031191K(4307968K), 0.0199981 secs] [Times: user=0.27 sys=0.01, real=0.02 secs] 
2019-02-01T00:43:59.811+0000: 792814.769: Total time for which application threads were stopped: 0.0272604 seconds, Stopping threads took: 0.0003623 seconds
2019-02-01T00:44:03.276+0000: 792818.234: Application time: 3.4650578 seconds
2019-02-01T00:44:03.284+0000: 792818.242: Total time for which application threads were stopped: 0.0078816 seconds, Stopping threads took: 0.0002391 seconds
2019-02-01T00:44:03.285+0000: 792818.243: Application time: 0.0009079 seconds
2019-02-01T00:44:03.293+0000: 792818.251: [GC (GCLocker Initiated GC) 2019-02-01T00:44:03.312+0000: 792818.270: [SoftReference, 0 refs, 0.0001040 secs]2019-02-01T00:44:03.312+0000: 792818.270: [WeakReference, 96 refs, 0.0000526 secs]2019-02-01T00:44:03.312+0000: 792818.270: [FinalReference, 539 refs, 0.0003854 secs]2019-02-01T00:44:03.313+0000: 792818.271: [PhantomReference, 0 refs, 0 refs, 0.0000186 secs]2019-02-01T00:44:03.313+0000: 792818.271: [JNI Weak Reference, 0.0000317 secs]
Desired survivor size 91226112 bytes, new threshold 1 (max 15)
[PSYoungGen: 1055627K->76654K(1083392K)] 4052484K->3076633K(4335616K), 0.0245233 secs] [Times: user=0.35 sys=0.00, real=0.03 secs] 
2019-02-01T00:44:03.318+0000: 792818.276: Total time for which application threads were stopped: 0.0327723 seconds, Stopping threads took: 0.0016695 seconds
2019-02-01T00:44:06.365+0000: 792821.323: Application time: 3.0476551 seconds
2019-02-01T00:44:06.373+0000: 792821.331: Total time for which application threads were stopped: 0.0075678 seconds, Stopping threads took: 0.0002932 seconds
2019-02-01T00:44:06.374+0000: 792821.332: Application time: 0.0008224 seconds
2019-02-01T00:44:06.382+0000: 792821.340: [GC (GCLocker Initiated GC) 2019-02-01T00:44:06.400+0000: 792821.358: [SoftReference, 0 refs, 0.0000743 secs]2019-02-01T00:44:06.400+0000: 792821.358: [WeakReference, 38 refs, 0.0000368 secs]2019-02-01T00:44:06.400+0000: 792821.358: [FinalReference, 515 refs, 0.0003921 secs]2019-02-01T00:44:06.401+0000: 792821.359: [PhantomReference, 0 refs, 0 refs, 0.0000186 secs]2019-02-01T00:44:06.401+0000: 792821.359: [JNI Weak Reference, 0.0000322 secs]
Desired survivor size 94371840 bytes, new threshold 1 (max 15)
[PSYoungGen: 1078638K->68421K(1056768K)] 4081963K->3076514K(4308992K), 0.0254014 secs] [Times: user=0.31 sys=0.01, real=0.03 secs] 
2019-02-01T00:44:06.408+0000: 792821.365: Total time for which application threads were stopped: 0.0336427 seconds, Stopping threads took: 0.0006119 seconds
2019-02-01T00:44:09.362+0000: 792824.320: Application time: 2.9547869 seconds
2019-02-01T00:44:09.372+0000: 792824.329: Total time for which application threads were stopped: 0.0092539 seconds, Stopping threads took: 0.0022990 seconds
2019-02-01T00:44:09.372+0000: 792824.330: Application time: 0.0007691 seconds
2019-02-01T00:44:09.380+0000: 792824.338: [GC (GCLocker Initiated GC) 2019-02-01T00:44:09.395+0000: 792824.353: [SoftReference, 0 refs, 0.0000655 secs]2019-02-01T00:44:09.395+0000: 792824.353: [WeakReference, 11 refs, 0.0000296 secs]2019-02-01T00:44:09.395+0000: 792824.353: [FinalReference, 546 refs, 0.0003905 secs]2019-02-01T00:44:09.396+0000: 792824.354: [PhantomReference, 0 refs, 2 refs, 0.0000202 secs]2019-02-01T00:44:09.396+0000: 792824.354: [JNI Weak Reference, 0.0000327 secs]
Desired survivor size 91750400 bytes, new threshold 1 (max 15)
[PSYoungGen: 1056581K->41319K(1048576K)] 4068029K->3055820K(4300800K), 0.0238143 secs] [Times: user=0.26 sys=0.00, real=0.02 secs] 
2019-02-01T00:44:09.404+0000: 792824.362: Total time for which application threads were stopped: 0.0316970 seconds, Stopping threads took: 0.0003449 seconds
2019-02-01T00:44:12.677+0000: 792827.635: Application time: 3.2728502 seconds
2019-02-01T00:44:12.689+0000: 792827.647: Total time for which application threads were stopped: 0.0118527 seconds, Stopping threads took: 0.0046701 seconds
2019-02-01T00:44:12.691+0000: 792827.648: Application time: 0.0018562 seconds
2019-02-01T00:44:12.699+0000: 792827.657: [GC (GCLocker Initiated GC) 2019-02-01T00:44:12.716+0000: 792827.674: [SoftReference, 0 refs, 0.0000735 secs]2019-02-01T00:44:12.716+0000: 792827.674: [WeakReference, 13 refs, 0.0000255 secs]2019-02-01T00:44:12.716+0000: 792827.674: [FinalReference, 561 refs, 0.0004349 secs]2019-02-01T00:44:12.716+0000: 792827.674: [PhantomReference, 0 refs, 2 refs, 0.0000213 secs]2019-02-01T00:44:12.716+0000: 792827.674: [JNI Weak Reference, 0.0000326 secs]
Desired survivor size 88604672 bytes, new threshold 1 (max 15)
[PSYoungGen: 1016167K->53022K(1015296K)] 4030673K->3069503K(4267520K), 0.0274708 secs] [Times: user=0.29 sys=0.01, real=0.02 secs] 
2019-02-01T00:44:12.727+0000: 792827.684: Total time for which application threads were stopped: 0.0359025 seconds, Stopping threads took: 0.0002927 seconds
2019-02-01T00:44:16.328+0000: 792831.286: Application time: 3.6018134 seconds
2019-02-01T00:44:16.336+0000: 792831.294: Total time for which application threads were stopped: 0.0081237 seconds, Stopping threads took: 0.0006476 seconds
2019-02-01T00:44:16.337+0000: 792831.295: Application time: 0.0006128 seconds
2019-02-01T00:44:16.345+0000: 792831.303: [GC (GCLocker Initiated GC) 2019-02-01T00:44:16.363+0000: 792831.321: [SoftReference, 0 refs, 0.0000575 secs]2019-02-01T00:44:16.363+0000: 792831.321: [WeakReference, 31 refs, 0.0000218 secs]2019-02-01T00:44:16.363+0000: 792831.321: [FinalReference, 588 refs, 0.0002718 secs]2019-02-01T00:44:16.363+0000: 792831.321: [PhantomReference, 0 refs, 2 refs, 0.0000111 secs]2019-02-01T00:44:16.363+0000: 792831.321: [JNI Weak Reference, 0.0000243 secs]
Desired survivor size 87556096 bytes, new threshold 1 (max 15)
[PSYoungGen: 1015070K->37136K(1020928K)] 4031575K->3056528K(4273152K), 0.0246182 secs] [Times: user=0.26 sys=0.00, real=0.03 secs] 
2019-02-01T00:44:16.370+0000: 792831.328: Total time for which application threads were stopped: 0.0326714 seconds, Stopping threads took: 0.0003389 seconds
2019-02-01T00:44:19.551+0000: 792834.509: Application time: 3.1808957 seconds
2019-02-01T00:44:19.557+0000: 792834.514: Total time for which application threads were stopped: 0.0058849 seconds, Stopping threads took: 0.0001940 seconds
2019-02-01T00:44:19.557+0000: 792834.515: Application time: 0.0004912 seconds
2019-02-01T00:44:19.563+0000: 792834.521: [GC (GCLocker Initiated GC) 2019-02-01T00:44:19.578+0000: 792834.535: [SoftReference, 0 refs, 0.0000538 secs]2019-02-01T00:44:19.578+0000: 792834.535: [WeakReference, 35 refs, 0.0000243 secs]2019-02-01T00:44:19.578+0000: 792834.535: [FinalReference, 467 refs, 0.0002478 secs]2019-02-01T00:44:19.578+0000: 792834.536: [PhantomReference, 0 refs, 1 refs, 0.0000106 secs]2019-02-01T00:44:19.578+0000: 792834.536: [JNI Weak Reference, 0.0000524 secs]
Desired survivor size 89128960 bytes, new threshold 1 (max 15)
[PSYoungGen: 986384K->63826K(1000960K)] 4012442K->3093295K(4253184K), 0.0203868 secs] [Times: user=0.28 sys=0.00, real=0.02 secs] 
2019-02-01T00:44:19.583+0000: 792834.541: Total time for which application threads were stopped: 0.0261697 seconds, Stopping threads took: 0.0001521 seconds
2019-02-01T00:44:22.538+0000: 792837.496: Application time: 2.9548709 seconds
2019-02-01T00:44:22.546+0000: 792837.504: Total time for which application threads were stopped: 0.0078414 seconds, Stopping threads took: 0.0002841 seconds
2019-02-01T00:44:22.547+0000: 792837.504: Application time: 0.0006876 seconds
2019-02-01T00:44:22.555+0000: 792837.513: [GC (GCLocker Initiated GC) 2019-02-01T00:44:22.570+0000: 792837.528: [SoftReference, 0 refs, 0.0001332 secs]2019-02-01T00:44:22.571+0000: 792837.528: [WeakReference, 25 refs, 0.0000300 secs]2019-02-01T00:44:22.571+0000: 792837.528: [FinalReference, 461 refs, 0.0018022 secs]2019-02-01T00:44:22.572+0000: 792837.530: [PhantomReference, 0 refs, 0 refs, 0.0000281 secs]2019-02-01T00:44:22.572+0000: 792837.530: [JNI Weak Reference, 0.0000332 secs]
Desired survivor size 89128960 bytes, new threshold 1 (max 15)
[PSYoungGen: 1000786K->30435K(999424K)] 4030277K->3065725K(4251648K), 0.0258974 secs] [Times: user=0.27 sys=0.01, real=0.03 secs] 
2019-02-01T00:44:22.581+0000: 792837.539: Total time for which application threads were stopped: 0.0339108 seconds, Stopping threads took: 0.0002200 seconds
2019-02-01T00:44:25.786+0000: 792840.744: Application time: 3.2047343 seconds
2019-02-01T00:44:25.792+0000: 792840.750: Total time for which application threads were stopped: 0.0056841 seconds, Stopping threads took: 0.0002842 seconds
2019-02-01T00:44:25.792+0000: 792840.750: Application time: 0.0004430 seconds
2019-02-01T00:44:25.799+0000: 792840.756: [GC (GCLocker Initiated GC) 2019-02-01T00:44:25.818+0000: 792840.776: [SoftReference, 0 refs, 0.0000555 secs]2019-02-01T00:44:25.819+0000: 792840.776: [WeakReference, 3 refs, 0.0000108 secs]2019-02-01T00:44:25.819+0000: 792840.776: [FinalReference, 490 refs, 0.0002486 secs]2019-02-01T00:44:25.819+0000: 792840.777: [PhantomReference, 0 refs, 0 refs, 0.0000094 secs]2019-02-01T00:44:25.819+0000: 792840.777: [JNI Weak Reference, 0.0000193 secs]
Desired survivor size 86507520 bytes, new threshold 1 (max 15)
[PSYoungGen: 955107K->51608K(964608K)] 3993986K->3093736K(4216832K), 0.0256563 secs] [Times: user=0.32 sys=0.00, real=0.03 secs] 
2019-02-01T00:44:25.824+0000: 792840.782: Total time for which application threads were stopped: 0.0321924 seconds, Stopping threads took: 0.0002443 seconds
2019-02-01T00:44:29.342+0000: 792844.300: Application time: 3.5174198 seconds
2019-02-01T00:44:29.348+0000: 792844.305: [GC (Allocation Failure) 2019-02-01T00:44:29.366+0000: 792844.323: [SoftReference, 0 refs, 0.0000715 secs]2019-02-01T00:44:29.366+0000: 792844.323: [WeakReference, 43 refs, 0.0000363 secs]2019-02-01T00:44:29.366+0000: 792844.323: [FinalReference, 498 refs, 0.0003552 secs]2019-02-01T00:44:29.366+0000: 792844.324: [PhantomReference, 0 refs, 0 refs, 0.0000190 secs]2019-02-01T00:44:29.366+0000: 792844.324: [JNI Weak Reference, 0.0000305 secs]
Desired survivor size 84934656 bytes, new threshold 1 (max 15)
[PSYoungGen: 964504K->37338K(971776K)] 4006635K->3081128K(4224000K), 0.0256396 secs] [Times: user=0.30 sys=0.01, real=0.03 secs] 
2019-02-01T00:44:29.373+0000: 792844.331: Total time for which application threads were stopped: 0.0316292 seconds, Stopping threads took: 0.0002917 seconds
2019-02-01T00:44:32.106+0000: 792847.064: Application time: 2.7325358 seconds
2019-02-01T00:44:32.114+0000: 792847.072: Total time for which application threads were stopped: 0.0077478 seconds, Stopping threads took: 0.0002604 seconds
2019-02-01T00:44:32.114+0000: 792847.072: Application time: 0.0004126 seconds
2019-02-01T00:44:32.122+0000: 792847.080: [GC (GCLocker Initiated GC) 2019-02-01T00:44:32.138+0000: 792847.096: [SoftReference, 0 refs, 0.0000493 secs]2019-02-01T00:44:32.138+0000: 792847.096: [WeakReference, 47 refs, 0.0000278 secs]2019-02-01T00:44:32.138+0000: 792847.096: [FinalReference, 448 refs, 0.0002112 secs]2019-02-01T00:44:32.139+0000: 792847.097: [PhantomReference, 0 refs, 0 refs, 0.0000097 secs]2019-02-01T00:44:32.139+0000: 792847.097: [JNI Weak Reference, 0.0000196 secs]
Desired survivor size 91750400 bytes, new threshold 1 (max 15)
[PSYoungGen: 938430K->76180K(966656K)] 3985541K->3129589K(4218880K), 0.0201974 secs] [Times: user=0.33 sys=0.01, real=0.02 secs] 
2019-02-01T00:44:32.142+0000: 792847.100: Total time for which application threads were stopped: 0.0279984 seconds, Stopping threads took: 0.0009154 seconds
2019-02-01T00:44:35.314+0000: 792850.271: Application time: 3.1714545 seconds
2019-02-01T00:44:35.324+0000: 792850.282: Total time for which application threads were stopped: 0.0106248 seconds, Stopping threads took: 0.0027044 seconds
2019-02-01T00:44:35.325+0000: 792850.283: Application time: 0.0008467 seconds
2019-02-01T00:44:35.333+0000: 792850.291: [GC (GCLocker Initiated GC) 2019-02-01T00:44:35.346+0000: 792850.304: [SoftReference, 0 refs, 0.0000811 secs]2019-02-01T00:44:35.346+0000: 792850.304: [WeakReference, 18 refs, 0.0000277 secs]2019-02-01T00:44:35.346+0000: 792850.304: [FinalReference, 468 refs, 0.0005602 secs]2019-02-01T00:44:35.347+0000: 792850.304: [PhantomReference, 0 refs, 1 refs, 0.0000247 secs]2019-02-01T00:44:35.347+0000: 792850.304: [JNI Weak Reference, 0.0000333 secs]
Desired survivor size 90701824 bytes, new threshold 1 (max 15)
[PSYoungGen: 966548K->35256K(955392K)] 4019985K->3092670K(4207616K), 0.0208343 secs] [Times: user=0.24 sys=0.01, real=0.02 secs] 
2019-02-01T00:44:35.354+0000: 792850.312: Total time for which application threads were stopped: 0.0293502 seconds, Stopping threads took: 0.0002413 seconds
2019-02-01T00:44:38.937+0000: 792853.894: Application time: 3.5822267 seconds
2019-02-01T00:44:38.943+0000: 792853.901: Total time for which application threads were stopped: 0.0064145 seconds, Stopping threads took: 0.0001753 seconds
2019-02-01T00:44:38.944+0000: 792853.901: Application time: 0.0005170 seconds
2019-02-01T00:44:38.951+0000: 792853.909: [GC (GCLocker Initiated GC) 2019-02-01T00:44:38.969+0000: 792853.927: [SoftReference, 0 refs, 0.0000610 secs]2019-02-01T00:44:38.969+0000: 792853.927: [WeakReference, 25 refs, 0.0000192 secs]2019-02-01T00:44:38.969+0000: 792853.927: [FinalReference, 520 refs, 0.0002818 secs]2019-02-01T00:44:38.970+0000: 792853.928: [PhantomReference, 0 refs, 0 refs, 0.0000101 secs]2019-02-01T00:44:38.970+0000: 792853.928: [JNI Weak Reference, 0.0000198 secs]
Desired survivor size 87556096 bytes, new threshold 1 (max 15)
[PSYoungGen: 914360K->43378K(911872K)] 3971792K->3103234K(4164096K), 0.0241075 secs] [Times: user=0.31 sys=0.01, real=0.02 secs] 
2019-02-01T00:44:38.975+0000: 792853.933: Total time for which application threads were stopped: 0.0319037 seconds, Stopping threads took: 0.0002140 seconds
2019-02-01T00:44:40.368+0000: 792855.325: Application time: 1.3921330 seconds
2019-02-01T00:44:40.375+0000: 792855.333: Total time for which application threads were stopped: 0.0074903 seconds, Stopping threads took: 0.0010164 seconds
2019-02-01T00:44:41.350+0000: 792856.308: Application time: 0.9747382 seconds
2019-02-01T00:44:41.359+0000: 792856.316: Total time for which application threads were stopped: 0.0087830 seconds, Stopping threads took: 0.0003054 seconds
2019-02-01T00:44:41.360+0000: 792856.317: Application time: 0.0008960 seconds
2019-02-01T00:44:41.369+0000: 792856.326: [GC (GCLocker Initiated GC) 2019-02-01T00:44:41.384+0000: 792856.342: [SoftReference, 0 refs, 0.0000642 secs]2019-02-01T00:44:41.384+0000: 792856.342: [WeakReference, 45 refs, 0.0000259 secs]2019-02-01T00:44:41.384+0000: 792856.342: [FinalReference, 402 refs, 0.0001826 secs]2019-02-01T00:44:41.384+0000: 792856.342: [PhantomReference, 0 refs, 0 refs, 0.0000101 secs]2019-02-01T00:44:41.384+0000: 792856.342: [JNI Weak Reference, 0.0000193 secs]
Desired survivor size 87556096 bytes, new threshold 1 (max 15)
[PSYoungGen: 911730K->58173K(932352K)] 3971801K->3122779K(4184576K), 0.0204839 secs] [Times: user=0.29 sys=0.01, real=0.02 secs] 
2019-02-01T00:44:41.389+0000: 792856.347: Total time for which application threads were stopped: 0.0297082 seconds, Stopping threads took: 0.0003187 seconds
2019-02-01T00:44:44.544+0000: 792859.502: Application time: 3.1546802 seconds
2019-02-01T00:44:44.552+0000: 792859.510: Total time for which application threads were stopped: 0.0083255 seconds, Stopping threads took: 0.0002673 seconds
2019-02-01T00:44:44.553+0000: 792859.511: Application time: 0.0008484 seconds
2019-02-01T00:44:44.562+0000: 792859.520: [GC (GCLocker Initiated GC) 2019-02-01T00:44:44.577+0000: 792859.535: [SoftReference, 0 refs, 0.0000784 secs]2019-02-01T00:44:44.577+0000: 792859.535: [WeakReference, 20 refs, 0.0000399 secs]2019-02-01T00:44:44.577+0000: 792859.535: [FinalReference, 464 refs, 0.0004537 secs]2019-02-01T00:44:44.578+0000: 792859.536: [PhantomReference, 0 refs, 0 refs, 0.0000248 secs]2019-02-01T00:44:44.578+0000: 792859.536: [JNI Weak Reference, 0.0000326 secs]
Desired survivor size 85458944 bytes, new threshold 1 (max 15)
[PSYoungGen: 915773K->42341K(889856K)] 3983891K->3113980K(4142080K), 0.0249173 secs] [Times: user=0.28 sys=0.00, real=0.03 secs] 
2019-02-01T00:44:44.587+0000: 792859.545: Total time for which application threads were stopped: 0.0338339 seconds, Stopping threads took: 0.0002226 seconds
2019-02-01T00:44:47.601+0000: 792862.559: Application time: 3.0143110 seconds
2019-02-01T00:44:47.610+0000: 792862.568: Total time for which application threads were stopped: 0.0084862 seconds, Stopping threads took: 0.0003531 seconds
2019-02-01T00:44:47.611+0000: 792862.569: Application time: 0.0009716 seconds
2019-02-01T00:44:47.620+0000: 792862.578: [GC (GCLocker Initiated GC) 2019-02-01T00:44:47.636+0000: 792862.594: [SoftReference, 0 refs, 0.0000551 secs]2019-02-01T00:44:47.636+0000: 792862.594: [WeakReference, 19 refs, 0.0000168 secs]2019-02-01T00:44:47.636+0000: 792862.594: [FinalReference, 465 refs, 0.0002731 secs]2019-02-01T00:44:47.636+0000: 792862.594: [PhantomReference, 0 refs, 0 refs, 0.0000114 secs]2019-02-01T00:44:47.636+0000: 792862.594: [JNI Weak Reference, 0.0000194 secs]
Desired survivor size 83361792 bytes, new threshold 1 (max 15)
[PSYoungGen: 889701K->38912K(906240K)] 3961481K->3113735K(4158464K), 0.0220024 secs] [Times: user=0.28 sys=0.01, real=0.02 secs] 
2019-02-01T00:44:47.642+0000: 792862.600: Total time for which application threads were stopped: 0.0311448 seconds, Stopping threads took: 0.0003889 seconds
2019-02-01T00:44:50.459+0000: 792865.416: Application time: 2.8167060 seconds
2019-02-01T00:44:50.467+0000: 792865.425: Total time for which application threads were stopped: 0.0084137 seconds, Stopping threads took: 0.0002478 seconds
2019-02-01T00:44:50.467+0000: 792865.425: Application time: 0.0004262 seconds
2019-02-01T00:44:50.476+0000: 792865.434: [GC (GCLocker Initiated GC) 2019-02-01T00:44:50.493+0000: 792865.451: [SoftReference, 0 refs, 0.0000634 secs]2019-02-01T00:44:50.493+0000: 792865.451: [WeakReference, 19 refs, 0.0000180 secs]2019-02-01T00:44:50.493+0000: 792865.451: [FinalReference, 466 refs, 0.0002589 secs]2019-02-01T00:44:50.493+0000: 792865.451: [PhantomReference, 0 refs, 0 refs, 0.0000231 secs]2019-02-01T00:44:50.493+0000: 792865.451: [JNI Weak Reference, 0.0000196 secs]
Desired survivor size 81264640 bytes, new threshold 1 (max 15)
[PSYoungGen: 876032K->51173K(878592K)] 3950872K->3128543K(4130816K), 0.0222894 secs] [Times: user=0.30 sys=0.01, real=0.02 secs] 
2019-02-01T00:44:50.499+0000: 792865.456: Total time for which application threads were stopped: 0.0311578 seconds, Stopping threads took: 0.0001777 seconds
2019-02-01T00:44:53.124+0000: 792868.082: Application time: 2.6256995 seconds
2019-02-01T00:44:53.135+0000: 792868.093: Total time for which application threads were stopped: 0.0110662 seconds, Stopping threads took: 0.0029687 seconds
2019-02-01T00:44:53.136+0000: 792868.094: Application time: 0.0010088 seconds
2019-02-01T00:44:53.145+0000: 792868.103: [GC (GCLocker Initiated GC) 2019-02-01T00:44:53.165+0000: 792868.123: [SoftReference, 0 refs, 0.0000673 secs]2019-02-01T00:44:53.165+0000: 792868.123: [WeakReference, 56 refs, 0.0000282 secs]2019-02-01T00:44:53.166+0000: 792868.123: [FinalReference, 403 refs, 0.0001933 secs]2019-02-01T00:44:53.166+0000: 792868.124: [PhantomReference, 0 refs, 2 refs, 0.0000126 secs]2019-02-01T00:44:53.166+0000: 792868.124: [JNI Weak Reference, 0.0000185 secs]
Desired survivor size 78643200 bytes, new threshold 1 (max 15)
[PSYoungGen: 878565K->50244K(909312K)] 3962609K->3137563K(4161536K), 0.0240580 secs] [Times: user=0.33 sys=0.01, real=0.02 secs] 
2019-02-01T00:44:53.169+0000: 792868.127: Total time for which application threads were stopped: 0.0328334 seconds, Stopping threads took: 0.0001922 seconds
2019-02-01T00:44:56.056+0000: 792871.013: Application time: 2.8863297 seconds
2019-02-01T00:44:56.064+0000: 792871.022: Total time for which application threads were stopped: 0.0088287 seconds, Stopping threads took: 0.0002637 seconds
2019-02-01T00:44:56.065+0000: 792871.023: Application time: 0.0007119 seconds
2019-02-01T00:44:56.074+0000: 792871.032: [GC (GCLocker Initiated GC) 2019-02-01T00:44:56.088+0000: 792871.046: [SoftReference, 0 refs, 0.0000664 secs]2019-02-01T00:44:56.089+0000: 792871.046: [WeakReference, 48 refs, 0.0000234 secs]2019-02-01T00:44:56.089+0000: 792871.046: [FinalReference, 456 refs, 0.0002250 secs]2019-02-01T00:44:56.089+0000: 792871.047: [PhantomReference, 0 refs, 0 refs, 0.0000099 secs]2019-02-01T00:44:56.089+0000: 792871.047: [JNI Weak Reference, 0.0000184 secs]
Desired survivor size 77594624 bytes, new threshold 1 (max 15)
[PSYoungGen: 880196K->38939K(859648K)] 3967561K->3130667K(4111872K), 0.0207403 secs] [Times: user=0.24 sys=0.01, real=0.02 secs] 
2019-02-01T00:44:56.095+0000: 792871.053: Total time for which application threads were stopped: 0.0296544 seconds, Stopping threads took: 0.0002031 seconds
2019-02-01T00:44:58.400+0000: 792873.357: Application time: 2.3047788 seconds
2019-02-01T00:44:58.409+0000: 792873.367: Total time for which application threads were stopped: 0.0092817 seconds, Stopping threads took: 0.0003090 seconds
2019-02-01T00:44:58.410+0000: 792873.368: Application time: 0.0016167 seconds
2019-02-01T00:44:58.419+0000: 792873.377: [GC (GCLocker Initiated GC) 2019-02-01T00:44:58.435+0000: 792873.393: [SoftReference, 0 refs, 0.0000773 secs]2019-02-01T00:44:58.435+0000: 792873.393: [WeakReference, 68 refs, 0.0000466 secs]2019-02-01T00:44:58.435+0000: 792873.393: [FinalReference, 403 refs, 0.0003314 secs]2019-02-01T00:44:58.436+0000: 792873.393: [PhantomReference, 0 refs, 0 refs, 0.0000192 secs]2019-02-01T00:44:58.436+0000: 792873.394: [JNI Weak Reference, 0.0000316 secs]
Desired survivor size 80740352 bytes, new threshold 1 (max 15)
[PSYoungGen: 859163K->63527K(892928K)] 3951222K->3158002K(4145152K), 0.0221580 secs] [Times: user=0.31 sys=0.01, real=0.02 secs] 
2019-02-01T00:44:58.442+0000: 792873.399: Total time for which application threads were stopped: 0.0311216 seconds, Stopping threads took: 0.0003173 seconds
2019-02-01T00:45:01.365+0000: 792876.322: Application time: 2.9229608 seconds
2019-02-01T00:45:01.380+0000: 792876.338: Total time for which application threads were stopped: 0.0152364 seconds, Stopping threads took: 0.0028703 seconds
2019-02-01T00:45:01.381+0000: 792876.339: Application time: 0.0011315 seconds
2019-02-01T00:45:01.390+0000: 792876.347: [GC (GCLocker Initiated GC) 2019-02-01T00:45:01.408+0000: 792876.366: [SoftReference, 0 refs, 0.0000565 secs]2019-02-01T00:45:01.408+0000: 792876.366: [WeakReference, 32 refs, 0.0000189 secs]2019-02-01T00:45:01.408+0000: 792876.366: [FinalReference, 433 refs, 0.0002655 secs]2019-02-01T00:45:01.409+0000: 792876.367: [PhantomReference, 0 refs, 2 refs, 0.0000123 secs]2019-02-01T00:45:01.409+0000: 792876.367: [JNI Weak Reference, 0.0000538 secs]
Desired survivor size 80216064 bytes, new threshold 1 (max 15)
[PSYoungGen: 880679K->33947K(896000K)] 3978537K->3135505K(4148224K), 0.0224062 secs] [Times: user=0.26 sys=0.02, real=0.02 secs] 
2019-02-01T00:45:01.412+0000: 792876.370: Total time for which application threads were stopped: 0.0312495 seconds, Stopping threads took: 0.0003349 seconds
2019-02-01T00:45:04.377+0000: 792879.335: Application time: 2.9647946 seconds
2019-02-01T00:45:04.386+0000: 792879.344: Total time for which application threads were stopped: 0.0088310 seconds, Stopping threads took: 0.0003589 seconds
2019-02-01T00:45:04.387+0000: 792879.344: Application time: 0.0007138 seconds
2019-02-01T00:45:04.396+0000: 792879.353: [GC (GCLocker Initiated GC) 2019-02-01T00:45:09.032+0000: 792883.990: [SoftReference, 0 refs, 0.0000499 secs]2019-02-01T00:45:09.032+0000: 792883.990: [WeakReference, 30 refs, 0.0000266 secs]2019-02-01T00:45:09.032+0000: 792883.990: [FinalReference, 478 refs, 0.0002604 secs]2019-02-01T00:45:09.032+0000: 792883.990: [PhantomReference, 0 refs, 1 refs, 0.0000109 secs]2019-02-01T00:45:09.032+0000: 792883.990: [JNI Weak Reference, 0.0000195 secs]
Desired survivor size 80216064 bytes, new threshold 1 (max 15)
[PSYoungGen: 851099K->31116K(1012736K)] 3957196K->3140199K(4264960K), 4.6399686 secs] [Times: user=96.58 sys=5.20, real=4.64 secs] 
2019-02-01T00:45:09.036+0000: 792883.994: Total time for which application threads were stopped: 4.6491926 seconds, Stopping threads took: 0.0006243 seconds
2019-02-01T00:45:10.357+0000: 792885.315: Application time: 1.3214379 seconds
2019-02-01T00:45:10.368+0000: 792885.326: Total time for which application threads were stopped: 0.0110113 seconds, Stopping threads took: 0.0025188 seconds
2019-02-01T00:45:10.370+0000: 792885.328: Application time: 0.0017017 seconds
2019-02-01T00:45:10.380+0000: 792885.337: [GC (GCLocker Initiated GC) 2019-02-01T00:45:12.814+0000: 792887.772: [SoftReference, 0 refs, 0.0000610 secs]2019-02-01T00:45:12.814+0000: 792887.772: [WeakReference, 50 refs, 0.0000648 secs]2019-02-01T00:45:12.814+0000: 792887.772: [FinalReference, 484 refs, 0.0002869 secs]2019-02-01T00:45:12.814+0000: 792887.772: [PhantomReference, 0 refs, 2 refs, 0.0000120 secs]2019-02-01T00:45:12.815+0000: 792887.772: [JNI Weak Reference, 0.0000285 secs]
Desired survivor size 84934656 bytes, new threshold 1 (max 15)
[PSYoungGen: 965516K->66830K(1012736K)] 4078031K->3182173K(4264960K), 2.4383312 secs] [Times: user=24.48 sys=28.76, real=2.44 secs] 
2019-02-01T00:45:12.818+0000: 792887.776: Total time for which application threads were stopped: 2.4481445 seconds, Stopping threads took: 0.0001857 seconds
2019-02-01T00:45:14.141+0000: 792889.099: Application time: 1.3231445 seconds
2019-02-01T00:45:14.148+0000: 792889.106: Total time for which application threads were stopped: 0.0070022 seconds, Stopping threads took: 0.0002238 seconds
2019-02-01T00:45:14.149+0000: 792889.107: Application time: 0.0008193 seconds
2019-02-01T00:45:14.157+0000: 792889.115: [GC (GCLocker Initiated GC) 2019-02-01T00:45:15.889+0000: 792890.847: [SoftReference, 0 refs, 0.0000612 secs]2019-02-01T00:45:15.889+0000: 792890.847: [WeakReference, 31 refs, 0.0000228 secs]2019-02-01T00:45:15.889+0000: 792890.847: [FinalReference, 569 refs, 0.0015395 secs]2019-02-01T00:45:15.891+0000: 792890.848: [PhantomReference, 0 refs, 1 refs, 0.0000155 secs]2019-02-01T00:45:15.891+0000: 792890.848: [JNI Weak Reference, 0.0000199 secs]
Desired survivor size 101187584 bytes, new threshold 1 (max 15)
[PSYoungGen: 1001230K->82929K(1186816K)] 4116642K->3215781K(4439040K), 1.7375710 secs] [Times: user=27.47 sys=10.82, real=1.73 secs] 
2019-02-01T00:45:15.895+0000: 792890.853: Total time for which application threads were stopped: 1.7458373 seconds, Stopping threads took: 0.0002927 seconds
2019-02-01T00:45:17.676+0000: 792892.634: Application time: 1.7814211 seconds
2019-02-01T00:45:19.499+0000: 792894.457: Total time for which application threads were stopped: 1.8228423 seconds, Stopping threads took: 1.8157443 seconds
2019-02-01T00:45:19.499+0000: 792894.457: Application time: 0.0002187 seconds
2019-02-01T00:45:19.506+0000: 792894.464: Total time for which application threads were stopped: 0.0067064 seconds, Stopping threads took: 0.0000998 seconds
2019-02-01T00:45:19.515+0000: 792894.473: Application time: 0.0093728 seconds
2019-02-01T00:45:19.523+0000: 792894.481: [GC (GCLocker Initiated GC) 2019-02-01T00:45:21.521+0000: 792896.479: [SoftReference, 0 refs, 0.0000547 secs]2019-02-01T00:45:21.521+0000: 792896.479: [WeakReference, 40 refs, 0.0000459 secs]2019-02-01T00:45:21.521+0000: 792896.479: [FinalReference, 692 refs, 0.0004102 secs]2019-02-01T00:45:21.521+0000: 792896.479: [PhantomReference, 0 refs, 6 refs, 0.0000195 secs]2019-02-01T00:45:21.521+0000: 792896.479: [JNI Weak Reference, 0.0000250 secs]
Desired survivor size 105906176 bytes, new threshold 1 (max 15)
[PSYoungGen: 1186801K->77732K(1202688K)] 4323144K->3226492K(4454912K), 2.0022182 secs] [Times: user=36.08 sys=6.65, real=2.00 secs] 
2019-02-01T00:45:21.526+0000: 792896.483: Total time for which application threads were stopped: 2.0101509 seconds, Stopping threads took: 0.0006587 seconds
2019-02-01T00:45:22.953+0000: 792897.911: Application time: 1.4272388 seconds
2019-02-01T00:45:22.959+0000: 792897.917: Total time for which application threads were stopped: 0.0065492 seconds, Stopping threads took: 0.0002090 seconds
2019-02-01T00:45:22.960+0000: 792897.918: Application time: 0.0004349 seconds
2019-02-01T00:45:22.970+0000: 792897.928: [GC (GCLocker Initiated GC) 2019-02-01T00:45:26.316+0000: 792901.274: [SoftReference, 0 refs, 0.0000708 secs]2019-02-01T00:45:26.316+0000: 792901.274: [WeakReference, 71 refs, 0.0000469 secs]2019-02-01T00:45:26.316+0000: 792901.274: [FinalReference, 700 refs, 0.0003672 secs]2019-02-01T00:45:26.317+0000: 792901.275: [PhantomReference, 0 refs, 48 refs, 0.0000212 secs]2019-02-01T00:45:26.317+0000: 792901.275: [JNI Weak Reference, 0.0000190 secs]
Desired survivor size 110100480 bytes, new threshold 1 (max 15)
[PSYoungGen: 1181604K->80061K(1422848K)] 4333705K->3240250K(4675072K), 3.3502341 secs] [Times: user=43.20 sys=30.94, real=3.35 secs] 
2019-02-01T00:45:26.320+0000: 792901.278: Total time for which application threads were stopped: 3.3603163 seconds, Stopping threads took: 0.0005664 seconds
2019-02-01T00:45:28.144+0000: 792903.101: Application time: 1.8234337 seconds
2019-02-01T00:45:28.152+0000: 792903.110: Total time for which application threads were stopped: 0.0086396 seconds, Stopping threads took: 0.0003068 seconds
2019-02-01T00:45:28.152+0000: 792903.110: Application time: 0.0001965 seconds
2019-02-01T00:45:28.161+0000: 792903.119: Total time for which application threads were stopped: 0.0084247 seconds, Stopping threads took: 0.0002585 seconds
2019-02-01T00:45:28.162+0000: 792903.119: Application time: 0.0006458 seconds
2019-02-01T00:45:28.168+0000: 792903.126: [GC (GCLocker Initiated GC) 2019-02-01T00:45:28.196+0000: 792903.154: [SoftReference, 0 refs, 0.0000629 secs]2019-02-01T00:45:28.197+0000: 792903.154: [WeakReference, 68 refs, 0.0000495 secs]2019-02-01T00:45:28.197+0000: 792903.154: [FinalReference, 763 refs, 0.0034588 secs]2019-02-01T00:45:28.200+0000: 792903.158: [PhantomReference, 0 refs, 42 refs, 0.0000210 secs]2019-02-01T00:45:28.200+0000: 792903.158: [JNI Weak Reference, 0.0000166 secs]
Desired survivor size 109051904 bytes, new threshold 1 (max 15)
[PSYoungGen: 1399485K->68990K(1426944K)] 4559709K->3246812K(4679168K), 0.0352240 secs] [Times: user=0.44 sys=0.13, real=0.03 secs] 
2019-02-01T00:45:28.204+0000: 792903.161: Total time for which application threads were stopped: 0.0420714 seconds, Stopping threads took: 0.0002316 seconds
2019-02-01T00:45:31.965+0000: 792906.923: Application time: 3.7617502 seconds
2019-02-01T00:45:31.974+0000: 792906.932: Total time for which application threads were stopped: 0.0091274 seconds, Stopping threads took: 0.0022644 seconds
2019-02-01T00:45:31.975+0000: 792906.933: Application time: 0.0002928 seconds
2019-02-01T00:45:31.982+0000: 792906.939: Total time for which application threads were stopped: 0.0068316 seconds, Stopping threads took: 0.0002250 seconds
2019-02-01T00:45:31.983+0000: 792906.941: Application time: 0.0013367 seconds
2019-02-01T00:45:31.995+0000: 792906.952: [GC (GCLocker Initiated GC) 2019-02-01T00:45:32.022+0000: 792906.980: [SoftReference, 0 refs, 0.0000642 secs]2019-02-01T00:45:32.022+0000: 792906.980: [WeakReference, 45 refs, 0.0000294 secs]2019-02-01T00:45:32.022+0000: 792906.980: [FinalReference, 702 refs, 0.0004510 secs]2019-02-01T00:45:32.023+0000: 792906.980: [PhantomReference, 0 refs, 2 refs, 0.0000253 secs]2019-02-01T00:45:32.023+0000: 792906.980: [JNI Weak Reference, 0.0000216 secs]
Desired survivor size 117440512 bytes, new threshold 1 (max 15)
[PSYoungGen: 1388414K->93238K(1679872K)] 4566386K->3294819K(4932096K), 0.0314006 secs] [Times: user=0.36 sys=0.18, real=0.03 secs] 
2019-02-01T00:45:32.026+0000: 792906.984: Total time for which application threads were stopped: 0.0431427 seconds, Stopping threads took: 0.0044470 seconds
2019-02-01T00:45:40.887+0000: 792915.845: Application time: 8.8606249 seconds
2019-02-01T00:45:43.533+0000: 792918.491: Total time for which application threads were stopped: 2.6461180 seconds, Stopping threads took: 2.6375909 seconds
2019-02-01T00:45:43.566+0000: 792918.524: Application time: 0.0335215 seconds
2019-02-01T00:45:43.575+0000: 792918.533: Total time for which application threads were stopped: 0.0090749 seconds, Stopping threads took: 0.0013895 seconds
2019-02-01T00:45:43.582+0000: 792918.540: Application time: 0.0062277 seconds
2019-02-01T00:45:43.595+0000: 792918.553: [GC (GCLocker Initiated GC) 2019-02-01T00:45:43.623+0000: 792918.581: [SoftReference, 0 refs, 0.0000630 secs]2019-02-01T00:45:43.623+0000: 792918.581: [WeakReference, 14 refs, 0.0000175 secs]2019-02-01T00:45:43.623+0000: 792918.581: [FinalReference, 801 refs, 0.0007576 secs]2019-02-01T00:45:43.624+0000: 792918.581: [PhantomReference, 0 refs, 8 refs, 0.0000140 secs]2019-02-01T00:45:43.624+0000: 792918.581: [JNI Weak Reference, 0.0000196 secs]
Desired survivor size 127401984 bytes, new threshold 1 (max 15)
[PSYoungGen: 1666614K->104047K(1688064K)] 4885898K->3327350K(4940288K), 0.0321642 secs] [Times: user=0.00 sys=0.00, real=0.03 secs] 
2019-02-01T00:45:43.627+0000: 792918.585: Total time for which application threads were stopped: 0.0454324 seconds, Stopping threads took: 0.0019910 seconds
2019-02-01T00:45:45.966+0000: 792920.924: Application time: 2.3385869 seconds
2019-02-01T00:45:45.975+0000: 792920.933: Total time for which application threads were stopped: 0.0091330 seconds, Stopping threads took: 0.0001992 seconds
2019-02-01T00:45:45.977+0000: 792920.934: Application time: 0.0016972 seconds
2019-02-01T00:45:45.986+0000: 792920.944: [GC (GCLocker Initiated GC) 2019-02-01T00:45:48.821+0000: 792923.779: [SoftReference, 0 refs, 0.0000528 secs]2019-02-01T00:45:48.821+0000: 792923.779: [WeakReference, 103 refs, 0.0000601 secs]2019-02-01T00:45:48.821+0000: 792923.779: [FinalReference, 939 refs, 1.0545490 secs]2019-02-01T00:45:49.876+0000: 792924.834: [PhantomReference, 0 refs, 41 refs, 0.0000360 secs]2019-02-01T00:45:49.876+0000: 792924.834: [JNI Weak Reference, 0.0000204 secs]
Desired survivor size 128450560 bytes, new threshold 1 (max 15)
[PSYoungGen: 1677423K->84974K(1795584K)] 4901076K->3317059K(5047808K), 3.8928923 secs] [Times: user=51.00 sys=12.66, real=3.89 secs] 
2019-02-01T00:45:49.879+0000: 792924.837: [Full GC (Ergonomics) 2019-02-01T00:45:50.298+0000: 792925.256: [SoftReference, 293 refs, 0.0001274 secs]2019-02-01T00:45:50.298+0000: 792925.256: [WeakReference, 9139 refs, 0.0012358 secs]2019-02-01T00:45:50.299+0000: 792925.257: [FinalReference, 13868 refs, 0.0245720 secs]2019-02-01T00:45:50.324+0000: 792925.282: [PhantomReference, 0 refs, 818 refs, 0.0001285 secs]2019-02-01T00:45:50.324+0000: 792925.282: [JNI Weak Reference, 0.0000270 secs][PSYoungGen: 84974K->0K(1795584K)] [ParOldGen: 3232084K->665593K(3317248K)] 3317059K->665593K(5112832K), [Metaspace: 75247K->75247K(1118208K)], 0.6086023 secs] [Times: user=10.44 sys=0.00, real=0.61 secs] 
2019-02-01T00:45:50.488+0000: 792925.446: Total time for which application threads were stopped: 4.5111975 seconds, Stopping threads took: 0.0001818 seconds
2019-02-01T00:45:53.675+0000: 792928.633: Application time: 3.1873762 seconds
2019-02-01T00:45:53.686+0000: 792928.644: Total time for which application threads were stopped: 0.0113173 seconds, Stopping threads took: 0.0029351 seconds
2019-02-01T00:45:53.688+0000: 792928.646: Application time: 0.0012089 seconds
2019-02-01T00:45:53.696+0000: 792928.654: [GC (GCLocker Initiated GC) 2019-02-01T00:45:55.004+0000: 792929.962: [SoftReference, 0 refs, 0.0000542 secs]2019-02-01T00:45:55.004+0000: 792929.962: [WeakReference, 100 refs, 0.0000611 secs]2019-02-01T00:45:55.005+0000: 792929.962: [FinalReference, 912 refs, 0.0005532 secs]2019-02-01T00:45:55.005+0000: 792929.963: [PhantomReference, 0 refs, 6 refs, 0.0000119 secs]2019-02-01T00:45:55.005+0000: 792929.963: [JNI Weak Reference, 0.0000199 secs]
Desired survivor size 141033472 bytes, new threshold 1 (max 15)
[PSYoungGen: 1671168K->116634K(1787904K)] 2336912K->782378K(5105152K), 1.3117589 secs] [Times: user=27.24 sys=1.44, real=1.31 secs] 
2019-02-01T00:45:55.009+0000: 792929.966: Total time for which application threads were stopped: 1.3208084 seconds, Stopping threads took: 0.0002146 seconds
2019-02-01T00:45:58.980+0000: 792933.937: Application time: 3.9711379 seconds
2019-02-01T00:45:58.988+0000: 792933.946: Total time for which application threads were stopped: 0.0086225 seconds, Stopping threads took: 0.0004699 seconds
2019-02-01T00:45:58.989+0000: 792933.947: Application time: 0.0008946 seconds
2019-02-01T00:45:58.998+0000: 792933.956: [GC (GCLocker Initiated GC) 2019-02-01T00:45:59.019+0000: 792933.977: [SoftReference, 0 refs, 0.0000815 secs]2019-02-01T00:45:59.019+0000: 792933.977: [WeakReference, 52 refs, 0.0000459 secs]2019-02-01T00:45:59.019+0000: 792933.977: [FinalReference, 908 refs, 0.0007231 secs]2019-02-01T00:45:59.020+0000: 792933.978: [PhantomReference, 0 refs, 6 refs, 0.0000220 secs]2019-02-01T00:45:59.020+0000: 792933.978: [JNI Weak Reference, 0.0000398 secs]
Desired survivor size 136839168 bytes, new threshold 1 (max 15)
[PSYoungGen: 1787802K->61034K(1788416K)] 2453567K->747738K(5105664K), 0.0249970 secs] [Times: user=0.41 sys=0.01, real=0.03 secs] 
2019-02-01T00:45:59.023+0000: 792933.981: Total time for which application threads were stopped: 0.0342396 seconds, Stopping threads took: 0.0006037 seconds
2019-02-01T00:46:05.780+0000: 792940.737: Application time: 6.7562105 seconds
2019-02-01T00:46:05.789+0000: 792940.747: Total time for which application threads were stopped: 0.0090908 seconds, Stopping threads took: 0.0008240 seconds
2019-02-01T00:46:05.789+0000: 792940.747: Application time: 0.0007783 seconds
2019-02-01T00:46:05.798+0000: 792940.756: [GC (GCLocker Initiated GC) 2019-02-01T00:46:05.818+0000: 792940.776: [SoftReference, 0 refs, 0.0002498 secs]2019-02-01T00:46:05.818+0000: 792940.776: [WeakReference, 60 refs, 0.0002165 secs]2019-02-01T00:46:05.818+0000: 792940.776: [FinalReference, 977 refs, 0.0025538 secs]2019-02-01T00:46:05.821+0000: 792940.779: [PhantomReference, 0 refs, 1 refs, 0.0000216 secs]2019-02-01T00:46:05.821+0000: 792940.779: [JNI Weak Reference, 0.0001123 secs]
Desired survivor size 136839168 bytes, new threshold 1 (max 15)
[PSYoungGen: 1715306K->33730K(1787904K)] 2405537K->740508K(5105152K), 0.0365970 secs] [Times: user=0.30 sys=0.03, real=0.04 secs] 
2019-02-01T00:46:05.835+0000: 792940.793: Total time for which application threads were stopped: 0.0456712 seconds, Stopping threads took: 0.0002560 seconds
2019-02-01T00:46:12.508+0000: 792947.465: Application time: 6.6724118 seconds
2019-02-01T00:46:12.520+0000: 792947.478: Total time for which application threads were stopped: 0.0129119 seconds, Stopping threads took: 0.0045094 seconds
2019-02-01T00:46:12.522+0000: 792947.480: Application time: 0.0016568 seconds
2019-02-01T00:46:12.531+0000: 792947.489: [GC (GCLocker Initiated GC) 2019-02-01T00:46:12.545+0000: 792947.502: [SoftReference, 0 refs, 0.0000547 secs]2019-02-01T00:46:12.545+0000: 792947.503: [WeakReference, 27 refs, 0.0000199 secs]2019-02-01T00:46:12.545+0000: 792947.503: [FinalReference, 925 refs, 0.0004928 secs]2019-02-01T00:46:12.545+0000: 792947.503: [PhantomReference, 0 refs, 2 refs, 0.0000115 secs]2019-02-01T00:46:12.545+0000: 792947.503: [JNI Weak Reference, 0.0000188 secs]
Desired survivor size 135266304 bytes, new threshold 1 (max 15)
[PSYoungGen: 1688002K->81865K(1785856K)] 2395084K->791186K(5103104K), 0.0172834 secs] [Times: user=0.24 sys=0.01, real=0.02 secs] 
2019-02-01T00:46:12.549+0000: 792947.507: Total time for which application threads were stopped: 0.0265550 seconds, Stopping threads took: 0.0003378 seconds
2019-02-01T00:46:17.916+0000: 792952.874: Application time: 5.3677623 seconds
2019-02-01T00:46:17.929+0000: 792952.887: Total time for which application threads were stopped: 0.0123036 seconds, Stopping threads took: 0.0028548 seconds
2019-02-01T00:46:17.929+0000: 792952.887: Application time: 0.0002537 seconds
2019-02-01T00:46:17.936+0000: 792952.894: Total time for which application threads were stopped: 0.0068100 seconds, Stopping threads took: 0.0001873 seconds
2019-02-01T00:46:17.937+0000: 792952.895: Application time: 0.0010266 seconds
2019-02-01T00:46:17.944+0000: 792952.902: [GC (GCLocker Initiated GC) 2019-02-01T00:46:17.955+0000: 792952.913: [SoftReference, 0 refs, 0.0000653 secs]2019-02-01T00:46:17.955+0000: 792952.913: [WeakReference, 19 refs, 0.0000470 secs]2019-02-01T00:46:17.956+0000: 792952.913: [FinalReference, 914 refs, 0.0004531 secs]2019-02-01T00:46:17.956+0000: 792952.914: [PhantomReference, 0 refs, 3 refs, 0.0000115 secs]2019-02-01T00:46:17.956+0000: 792952.914: [JNI Weak Reference, 0.0000187 secs]
Desired survivor size 129499136 bytes, new threshold 1 (max 15)
[PSYoungGen: 1736649K->66257K(1721344K)] 2452639K->784783K(5038592K), 0.0156607 secs] [Times: user=0.20 sys=0.00, real=0.02 secs] 
2019-02-01T00:46:17.960+0000: 792952.917: Total time for which application threads were stopped: 0.0227278 seconds, Stopping threads took: 0.0003512 seconds
2019-02-01T00:46:21.532+0000: 792956.490: Application time: 3.5726659 seconds
2019-02-01T00:46:21.554+0000: 792956.512: Total time for which application threads were stopped: 0.0218015 seconds, Stopping threads took: 0.0003326 seconds
2019-02-01T00:46:23.073+0000: 792958.031: Application time: 1.5192235 seconds
2019-02-01T00:46:23.087+0000: 792958.045: Total time for which application threads were stopped: 0.0137142 seconds, Stopping threads took: 0.0047972 seconds
2019-02-01T00:46:23.089+0000: 792958.047: Application time: 0.0016105 seconds
2019-02-01T00:46:23.098+0000: 792958.056: [GC (GCLocker Initiated GC) 2019-02-01T00:46:23.110+0000: 792958.068: [SoftReference, 0 refs, 0.0000606 secs]2019-02-01T00:46:23.110+0000: 792958.068: [WeakReference, 85 refs, 0.0000727 secs]2019-02-01T00:46:23.110+0000: 792958.068: [FinalReference, 889 refs, 0.0004207 secs]2019-02-01T00:46:23.110+0000: 792958.068: [PhantomReference, 0 refs, 1 refs, 0.0000110 secs]2019-02-01T00:46:23.110+0000: 792958.068: [JNI Weak Reference, 0.0000199 secs]
Desired survivor size 124256256 bytes, new threshold 1 (max 15)
[PSYoungGen: 1721041K->70993K(1790464K)] 2443535K->796682K(5107712K), 0.0158802 secs] [Times: user=0.23 sys=0.01, real=0.01 secs] 
2019-02-01T00:46:23.114+0000: 792958.072: Total time for which application threads were stopped: 0.0251856 seconds, Stopping threads took: 0.0002378 seconds
2019-02-01T00:46:29.146+0000: 792964.104: Application time: 6.0322585 seconds
2019-02-01T00:46:29.155+0000: 792964.113: Total time for which application threads were stopped: 0.0087906 seconds, Stopping threads took: 0.0002149 seconds
2019-02-01T00:46:29.156+0000: 792964.114: Application time: 0.0009266 seconds
2019-02-01T00:46:29.165+0000: 792964.122: [GC (GCLocker Initiated GC) 2019-02-01T00:46:29.176+0000: 792964.133: [SoftReference, 0 refs, 0.0000783 secs]2019-02-01T00:46:29.176+0000: 792964.133: [WeakReference, 8 refs, 0.0000228 secs]2019-02-01T00:46:29.176+0000: 792964.133: [FinalReference, 939 refs, 0.0008396 secs]2019-02-01T00:46:29.176+0000: 792964.134: [PhantomReference, 0 refs, 0 refs, 0.0000238 secs]2019-02-01T00:46:29.177+0000: 792964.134: [JNI Weak Reference, 0.0000337 secs]
Desired survivor size 124780544 bytes, new threshold 1 (max 15)
[PSYoungGen: 1734993K->38383K(1785344K)] 2461750K->769465K(5102592K), 0.0168319 secs] [Times: user=0.17 sys=0.01, real=0.02 secs] 
2019-02-01T00:46:29.182+0000: 792964.139: Total time for which application threads were stopped: 0.0257704 seconds, Stopping threads took: 0.0003123 seconds
2019-02-01T00:46:34.665+0000: 792969.623: Application time: 5.4830790 seconds
2019-02-01T00:46:34.674+0000: 792969.631: Total time for which application threads were stopped: 0.0088775 seconds, Stopping threads took: 0.0002117 seconds
2019-02-01T00:46:34.675+0000: 792969.632: Application time: 0.0009690 seconds
2019-02-01T00:46:34.683+0000: 792969.641: [GC (GCLocker Initiated GC) 2019-02-01T00:46:34.697+0000: 792969.655: [SoftReference, 0 refs, 0.0000799 secs]2019-02-01T00:46:34.697+0000: 792969.655: [WeakReference, 93 refs, 0.0000646 secs]2019-02-01T00:46:34.697+0000: 792969.655: [FinalReference, 929 refs, 0.0007790 secs]2019-02-01T00:46:34.698+0000: 792969.656: [PhantomReference, 0 refs, 0 refs, 0.0000192 secs]2019-02-01T00:46:34.698+0000: 792969.656: [JNI Weak Reference, 0.0000386 secs]
Desired survivor size 123207680 bytes, new threshold 1 (max 15)
[PSYoungGen: 1702383K->77821K(1797632K)] 2433509K->811994K(5114880K), 0.0198483 secs] [Times: user=0.21 sys=0.01, real=0.02 secs] 
2019-02-01T00:46:34.704+0000: 792969.661: Total time for which application threads were stopped: 0.0289315 seconds, Stopping threads took: 0.0002683 seconds
2019-02-01T00:46:40.368+0000: 792975.326: Application time: 5.6643566 seconds
2019-02-01T00:46:40.376+0000: 792975.334: Total time for which application threads were stopped: 0.0085870 seconds, Stopping threads took: 0.0002418 seconds
2019-02-01T00:46:40.487+0000: 792975.445: Application time: 0.1104747 seconds
2019-02-01T00:46:40.496+0000: 792975.453: Total time for which application threads were stopped: 0.0086795 seconds, Stopping threads took: 0.0002155 seconds
2019-02-01T00:46:40.496+0000: 792975.454: Application time: 0.0005376 seconds
2019-02-01T00:46:40.505+0000: 792975.463: [GC (GCLocker Initiated GC) 2019-02-01T00:46:40.517+0000: 792975.475: [SoftReference, 0 refs, 0.0000633 secs]2019-02-01T00:46:40.517+0000: 792975.475: [WeakReference, 37 refs, 0.0000361 secs]2019-02-01T00:46:40.517+0000: 792975.475: [FinalReference, 972 refs, 0.0007488 secs]2019-02-01T00:46:40.518+0000: 792975.476: [PhantomReference, 0 refs, 0 refs, 0.0000234 secs]2019-02-01T00:46:40.518+0000: 792975.476: [JNI Weak Reference, 0.0000328 secs]
Desired survivor size 124256256 bytes, new threshold 1 (max 15)
[PSYoungGen: 1753597K->32209K(1796096K)] 2488146K->771255K(5113344K), 0.0179827 secs] [Times: user=0.15 sys=0.01, real=0.02 secs] 
2019-02-01T00:46:40.523+0000: 792975.481: Total time for which application threads were stopped: 0.0268116 seconds, Stopping threads took: 0.0001835 seconds
2019-02-01T00:46:46.686+0000: 792981.644: Application time: 6.1632632 seconds
2019-02-01T00:46:46.695+0000: 792981.653: Total time for which application threads were stopped: 0.0087958 seconds, Stopping threads took: 0.0002910 seconds
2019-02-01T00:46:46.695+0000: 792981.653: Application time: 0.0002340 seconds
2019-02-01T00:46:46.703+0000: 792981.661: Total time for which application threads were stopped: 0.0074980 seconds, Stopping threads took: 0.0001646 seconds
2019-02-01T00:46:46.704+0000: 792981.661: Application time: 0.0007057 seconds
2019-02-01T00:46:46.710+0000: 792981.668: [GC (GCLocker Initiated GC) 2019-02-01T00:46:46.723+0000: 792981.680: [SoftReference, 0 refs, 0.0000609 secs]2019-02-01T00:46:46.723+0000: 792981.681: [WeakReference, 58 refs, 0.0000329 secs]2019-02-01T00:46:46.723+0000: 792981.681: [FinalReference, 1016 refs, 0.0005472 secs]2019-02-01T00:46:46.723+0000: 792981.681: [PhantomReference, 0 refs, 0 refs, 0.0000105 secs]2019-02-01T00:46:46.723+0000: 792981.681: [JNI Weak Reference, 0.0000522 secs]
Desired survivor size 118489088 bytes, new threshold 1 (max 15)
[PSYoungGen: 1707985K->61588K(1791488K)] 2447068K->804626K(5108736K), 0.0163563 secs] [Times: user=0.22 sys=0.01, real=0.02 secs] 
2019-02-01T00:46:46.727+0000: 792981.685: Total time for which application threads were stopped: 0.0231913 seconds, Stopping threads took: 0.0002440 seconds
2019-02-01T00:46:51.875+0000: 792986.832: Application time: 5.1479548 seconds
2019-02-01T00:46:51.882+0000: 792986.840: Total time for which application threads were stopped: 0.0074461 seconds, Stopping threads took: 0.0002492 seconds
2019-02-01T00:46:51.883+0000: 792986.841: Application time: 0.0007035 seconds
2019-02-01T00:46:51.890+0000: 792986.847: [GC (GCLocker Initiated GC) 2019-02-01T00:46:51.903+0000: 792986.861: [SoftReference, 0 refs, 0.0000576 secs]2019-02-01T00:46:51.903+0000: 792986.861: [WeakReference, 18 refs, 0.0000174 secs]2019-02-01T00:46:51.903+0000: 792986.861: [FinalReference, 891 refs, 0.0017386 secs]2019-02-01T00:46:51.905+0000: 792986.863: [PhantomReference, 0 refs, 0 refs, 0.0000162 secs]2019-02-01T00:46:51.905+0000: 792986.863: [JNI Weak Reference, 0.0000187 secs]
Desired survivor size 114819072 bytes, new threshold 1 (max 15)
[PSYoungGen: 1741972K->55227K(1796096K)] 2485059K->801513K(5113344K), 0.0188876 secs] [Times: user=0.24 sys=0.00, real=0.02 secs] 
2019-02-01T00:46:51.909+0000: 792986.867: Total time for which application threads were stopped: 0.0258853 seconds, Stopping threads took: 0.0003024 seconds
2019-02-01T00:46:57.898+0000: 792992.855: Application time: 5.9888792 seconds
2019-02-01T00:46:57.905+0000: 792992.862: Total time for which application threads were stopped: 0.0070008 seconds, Stopping threads took: 0.0002458 seconds
2019-02-01T00:46:57.905+0000: 792992.863: Application time: 0.0005151 seconds
2019-02-01T00:46:57.912+0000: 792992.870: [GC (GCLocker Initiated GC) 2019-02-01T00:46:57.922+0000: 792992.880: [SoftReference, 0 refs, 0.0000613 secs]2019-02-01T00:46:57.922+0000: 792992.880: [WeakReference, 23 refs, 0.0000196 secs]2019-02-01T00:46:57.922+0000: 792992.880: [FinalReference, 999 refs, 0.0004673 secs]2019-02-01T00:46:57.923+0000: 792992.881: [PhantomReference, 0 refs, 0 refs, 0.0000100 secs]2019-02-01T00:46:57.923+0000: 792992.881: [JNI Weak Reference, 0.0000199 secs]
Desired survivor size 115867648 bytes, new threshold 1 (max 15)
[PSYoungGen: 1735611K->27240K(1806336K)] 2481898K->776577K(5123584K), 0.0140752 secs] [Times: user=0.17 sys=0.01, real=0.02 secs] 
2019-02-01T00:46:57.926+0000: 792992.884: Total time for which application threads were stopped: 0.0213625 seconds, Stopping threads took: 0.0003782 seconds
2019-02-01T00:47:02.745+0000: 792997.703: Application time: 4.8183342 seconds
2019-02-01T00:47:02.753+0000: 792997.711: Total time for which application threads were stopped: 0.0086534 seconds, Stopping threads took: 0.0002969 seconds
2019-02-01T00:47:02.754+0000: 792997.712: Application time: 0.0001834 seconds
2019-02-01T00:47:02.762+0000: 792997.719: Total time for which application threads were stopped: 0.0078436 seconds, Stopping threads took: 0.0001788 seconds
2019-02-01T00:47:02.762+0000: 792997.720: Application time: 0.0007824 seconds
2019-02-01T00:47:02.769+0000: 792997.727: [GC (GCLocker Initiated GC) 2019-02-01T00:47:02.783+0000: 792997.741: [SoftReference, 0 refs, 0.0000617 secs]2019-02-01T00:47:02.783+0000: 792997.741: [WeakReference, 34 refs, 0.0000241 secs]2019-02-01T00:47:02.783+0000: 792997.741: [FinalReference, 833 refs, 0.0004210 secs]2019-02-01T00:47:02.783+0000: 792997.741: [PhantomReference, 0 refs, 0 refs, 0.0000107 secs]2019-02-01T00:47:02.783+0000: 792997.741: [JNI Weak Reference, 0.0000189 secs]
Desired survivor size 114819072 bytes, new threshold 1 (max 15)
[PSYoungGen: 1721448K->70466K(1807360K)] 2470817K->823168K(5124608K), 0.0175056 secs] [Times: user=0.27 sys=0.00, real=0.02 secs] 
2019-02-01T00:47:02.787+0000: 792997.745: Total time for which application threads were stopped: 0.0244668 seconds, Stopping threads took: 0.0002343 seconds
2019-02-01T00:47:08.613+0000: 793003.571: Application time: 5.8266301 seconds
2019-02-01T00:47:08.622+0000: 793003.580: Total time for which application threads were stopped: 0.0085818 seconds, Stopping threads took: 0.0002163 seconds
2019-02-01T00:47:08.623+0000: 793003.581: Application time: 0.0008416 seconds
2019-02-01T00:47:08.631+0000: 793003.589: [GC (GCLocker Initiated GC) 2019-02-01T00:47:08.644+0000: 793003.602: [SoftReference, 0 refs, 0.0000799 secs]2019-02-01T00:47:08.644+0000: 793003.602: [WeakReference, 7 refs, 0.0000232 secs]2019-02-01T00:47:08.644+0000: 793003.602: [FinalReference, 970 refs, 0.0007383 secs]2019-02-01T00:47:08.645+0000: 793003.603: [PhantomReference, 0 refs, 0 refs, 0.0000204 secs]2019-02-01T00:47:08.645+0000: 793003.603: [JNI Weak Reference, 0.0000322 secs]
Desired survivor size 112197632 bytes, new threshold 1 (max 15)
[PSYoungGen: 1764674K->45227K(1803776K)] 2518782K->801759K(5121024K), 0.0184455 secs] [Times: user=0.18 sys=0.00, real=0.02 secs] 
2019-02-01T00:47:08.650+0000: 793003.608: Total time for which application threads were stopped: 0.0272366 seconds, Stopping threads took: 0.0003606 seconds
2019-02-01T00:47:14.378+0000: 793009.336: Application time: 5.7282039 seconds
2019-02-01T00:47:14.384+0000: 793009.342: Total time for which application threads were stopped: 0.0057075 seconds, Stopping threads took: 0.0002852 seconds
2019-02-01T00:47:14.385+0000: 793009.343: Application time: 0.0009757 seconds
2019-02-01T00:47:14.391+0000: 793009.348: [GC (GCLocker Initiated GC) 2019-02-01T00:47:14.401+0000: 793009.358: [SoftReference, 0 refs, 0.0000501 secs]2019-02-01T00:47:14.401+0000: 793009.359: [WeakReference, 24 refs, 0.0000200 secs]2019-02-01T00:47:14.401+0000: 793009.359: [FinalReference, 957 refs, 0.0005016 secs]2019-02-01T00:47:14.401+0000: 793009.359: [PhantomReference, 0 refs, 0 refs, 0.0000103 secs]2019-02-01T00:47:14.401+0000: 793009.359: [JNI Weak Reference, 0.0000192 secs]
Desired survivor size 109576192 bytes, new threshold 1 (max 15)
[PSYoungGen: 1741995K->42763K(1806336K)] 2498567K->803196K(5123584K), 0.0138983 secs] [Times: user=0.19 sys=0.00, real=0.02 secs] 
2019-02-01T00:47:14.405+0000: 793009.363: Total time for which application threads were stopped: 0.0197995 seconds, Stopping threads took: 0.0002261 seconds
2019-02-01T00:47:20.257+0000: 793015.214: Application time: 5.8517292 seconds
2019-02-01T00:47:20.265+0000: 793015.222: Total time for which application threads were stopped: 0.0080138 seconds, Stopping threads took: 0.0020326 seconds
2019-02-01T00:47:20.265+0000: 793015.223: Application time: 0.0005851 seconds
2019-02-01T00:47:20.272+0000: 793015.230: [GC (GCLocker Initiated GC) 2019-02-01T00:47:20.284+0000: 793015.242: [SoftReference, 0 refs, 0.0000495 secs]2019-02-01T00:47:20.284+0000: 793015.242: [WeakReference, 7 refs, 0.0000121 secs]2019-02-01T00:47:20.284+0000: 793015.242: [FinalReference, 907 refs, 0.0005005 secs]2019-02-01T00:47:20.285+0000: 793015.243: [PhantomReference, 0 refs, 1 refs, 0.0000104 secs]2019-02-01T00:47:20.285+0000: 793015.243: [JNI Weak Reference, 0.0000187 secs]
Desired survivor size 108003328 bytes, new threshold 1 (max 15)
[PSYoungGen: 1739531K->38016K(1726464K)] 2509928K->812167K(5043712K), 0.0167747 secs] [Times: user=0.17 sys=0.00, real=0.02 secs] 
2019-02-01T00:47:20.289+0000: 793015.247: Total time for which application threads were stopped: 0.0242734 seconds, Stopping threads took: 0.0009777 seconds
2019-02-01T00:47:26.889+0000: 793021.847: Application time: 6.5996849 seconds
2019-02-01T00:47:26.895+0000: 793021.853: Total time for which application threads were stopped: 0.0056332 seconds, Stopping threads took: 0.0002615 seconds
2019-02-01T00:47:26.895+0000: 793021.853: Application time: 0.0006933 seconds
2019-02-01T00:47:26.901+0000: 793021.859: [GC (GCLocker Initiated GC) 2019-02-01T00:47:26.911+0000: 793021.869: [SoftReference, 0 refs, 0.0000522 secs]2019-02-01T00:47:26.911+0000: 793021.869: [WeakReference, 55 refs, 0.0000318 secs]2019-02-01T00:47:26.911+0000: 793021.869: [FinalReference, 1031 refs, 0.0005727 secs]2019-02-01T00:47:26.912+0000: 793021.870: [PhantomReference, 0 refs, 1 refs, 0.0000129 secs]2019-02-01T00:47:26.912+0000: 793021.870: [JNI Weak Reference, 0.0000219 secs]
Desired survivor size 103809024 bytes, new threshold 1 (max 15)
[PSYoungGen: 1702016K->49277K(1681920K)] 2479535K->829491K(4999168K), 0.0201279 secs] [Times: user=0.17 sys=0.01, real=0.02 secs] 
2019-02-01T00:47:26.922+0000: 793021.879: Total time for which application threads were stopped: 0.0261076 seconds, Stopping threads took: 0.0002971 seconds
2019-02-01T00:47:32.778+0000: 793027.736: Application time: 5.8562928 seconds
2019-02-01T00:47:32.786+0000: 793027.744: Total time for which application threads were stopped: 0.0079928 seconds, Stopping threads took: 0.0002809 seconds
2019-02-01T00:47:32.787+0000: 793027.745: Application time: 0.0008611 seconds
2019-02-01T00:47:32.793+0000: 793027.751: [GC (GCLocker Initiated GC) 2019-02-01T00:47:32.804+0000: 793027.762: [SoftReference, 0 refs, 0.0000523 secs]2019-02-01T00:47:32.804+0000: 793027.762: [WeakReference, 55 refs, 0.0000293 secs]2019-02-01T00:47:32.804+0000: 793027.762: [FinalReference, 999 refs, 0.0004639 secs]2019-02-01T00:47:32.805+0000: 793027.762: [PhantomReference, 0 refs, 0 refs, 0.0000101 secs]2019-02-01T00:47:32.805+0000: 793027.762: [JNI Weak Reference, 0.0000177 secs]
Desired survivor size 104333312 bytes, new threshold 1 (max 15)
[PSYoungGen: 1681533K->24544K(1672192K)] 2461762K->807739K(4989440K), 0.0186612 secs] [Times: user=0.14 sys=0.01, real=0.02 secs] 
2019-02-01T00:47:32.812+0000: 793027.770: Total time for which application threads were stopped: 0.0252835 seconds, Stopping threads took: 0.0003036 seconds
2019-02-01T00:47:37.539+0000: 793032.497: Application time: 4.7273387 seconds
2019-02-01T00:47:37.548+0000: 793032.506: Total time for which application threads were stopped: 0.0086226 seconds, Stopping threads took: 0.0011129 seconds
2019-02-01T00:47:37.549+0000: 793032.507: Application time: 0.0009902 seconds
2019-02-01T00:47:37.557+0000: 793032.514: [GC (GCLocker Initiated GC) 2019-02-01T00:47:37.569+0000: 793032.527: [SoftReference, 0 refs, 0.0000868 secs]2019-02-01T00:47:37.569+0000: 793032.527: [WeakReference, 34 refs, 0.0000359 secs]2019-02-01T00:47:37.569+0000: 793032.527: [FinalReference, 820 refs, 0.0005987 secs]2019-02-01T00:47:37.570+0000: 793032.528: [PhantomReference, 0 refs, 1 refs, 0.0000205 secs]2019-02-01T00:47:37.570+0000: 793032.528: [JNI Weak Reference, 0.0000310 secs]
Desired survivor size 103284736 bytes, new threshold 1 (max 15)
[PSYoungGen: 1625568K->61350K(1632256K)] 2412134K->851660K(4949504K), 0.0254276 secs] [Times: user=0.22 sys=0.01, real=0.03 secs] 
2019-02-01T00:47:37.582+0000: 793032.540: Total time for which application threads were stopped: 0.0331713 seconds, Stopping threads took: 0.0002438 seconds
2019-02-01T00:47:40.369+0000: 793035.327: Application time: 2.7871098 seconds
2019-02-01T00:47:40.377+0000: 793035.335: Total time for which application threads were stopped: 0.0076411 seconds, Stopping threads took: 0.0002514 seconds
2019-02-01T00:47:42.371+0000: 793037.328: Application time: 1.9936944 seconds
2019-02-01T00:47:42.378+0000: 793037.336: Total time for which application threads were stopped: 0.0076540 seconds, Stopping threads took: 0.0002204 seconds
2019-02-01T00:47:42.379+0000: 793037.336: Application time: 0.0003181 seconds
2019-02-01T00:47:42.386+0000: 793037.344: [GC (GCLocker Initiated GC) 2019-02-01T00:47:42.401+0000: 793037.358: [SoftReference, 0 refs, 0.0000771 secs]2019-02-01T00:47:42.401+0000: 793037.359: [WeakReference, 39 refs, 0.0000375 secs]2019-02-01T00:47:42.401+0000: 793037.359: [FinalReference, 914 refs, 0.0006763 secs]2019-02-01T00:47:42.401+0000: 793037.359: [PhantomReference, 0 refs, 0 refs, 0.0000201 secs]2019-02-01T00:47:42.401+0000: 793037.359: [JNI Weak Reference, 0.0000319 secs]
Desired survivor size 103809024 bytes, new threshold 1 (max 15)
[PSYoungGen: 1632166K->67742K(1614336K)] 2432450K->871273K(4931584K), 0.0264490 secs] [Times: user=0.24 sys=0.01, real=0.03 secs] 
2019-02-01T00:47:42.413+0000: 793037.371: Total time for which application threads were stopped: 0.0341776 seconds, Stopping threads took: 0.0001909 seconds
2019-02-01T00:47:47.601+0000: 793042.559: Application time: 5.1885325 seconds
2019-02-01T00:47:47.613+0000: 793042.571: Total time for which application threads were stopped: 0.0114429 seconds, Stopping threads took: 0.0038534 seconds
2019-02-01T00:47:47.613+0000: 793042.571: Application time: 0.0006753 seconds
2019-02-01T00:47:47.621+0000: 793042.579: [GC (GCLocker Initiated GC) 2019-02-01T00:47:47.633+0000: 793042.591: [SoftReference, 0 refs, 0.0000580 secs]2019-02-01T00:47:47.633+0000: 793042.591: [WeakReference, 45 refs, 0.0000674 secs]2019-02-01T00:47:47.633+0000: 793042.591: [FinalReference, 929 refs, 0.0007084 secs]2019-02-01T00:47:47.634+0000: 793042.592: [PhantomReference, 0 refs, 1 refs, 0.0000206 secs]2019-02-01T00:47:47.634+0000: 793042.592: [JNI Weak Reference, 0.0000332 secs]
Desired survivor size 103809024 bytes, new threshold 1 (max 15)
[PSYoungGen: 1609374K->26367K(1540096K)] 2412919K->832878K(4857344K), 0.0247182 secs] [Times: user=0.20 sys=0.02, real=0.02 secs] 
2019-02-01T00:47:47.646+0000: 793042.604: Total time for which application threads were stopped: 0.0326089 seconds, Stopping threads took: 0.0002068 seconds
2019-02-01T00:47:52.152+0000: 793047.110: Application time: 4.5060926 seconds
2019-02-01T00:47:52.160+0000: 793047.118: Total time for which application threads were stopped: 0.0077784 seconds, Stopping threads took: 0.0002698 seconds
2019-02-01T00:47:52.161+0000: 793047.119: Application time: 0.0010555 seconds
2019-02-01T00:47:52.169+0000: 793047.127: [GC (GCLocker Initiated GC) 2019-02-01T00:47:52.180+0000: 793047.138: [SoftReference, 0 refs, 0.0000550 secs]2019-02-01T00:47:52.180+0000: 793047.138: [WeakReference, 89 refs, 0.0000418 secs]2019-02-01T00:47:52.180+0000: 793047.138: [FinalReference, 844 refs, 0.0003812 secs]2019-02-01T00:47:52.181+0000: 793047.139: [PhantomReference, 0 refs, 1 refs, 0.0000124 secs]2019-02-01T00:47:52.181+0000: 793047.139: [JNI Weak Reference, 0.0000239 secs]
Desired survivor size 102236160 bytes, new threshold 1 (max 15)
[PSYoungGen: 1539839K->60453K(1557504K)] 2346380K->870401K(4874752K), 0.0188431 secs] [Times: user=0.22 sys=0.01, real=0.02 secs] 
2019-02-01T00:47:52.188+0000: 793047.146: Total time for which application threads were stopped: 0.0271568 seconds, Stopping threads took: 0.0005563 seconds
2019-02-01T00:47:57.340+0000: 793052.298: Application time: 5.1520244 seconds
2019-02-01T00:47:57.348+0000: 793052.306: Total time for which application threads were stopped: 0.0080504 seconds, Stopping threads took: 0.0002963 seconds
2019-02-01T00:47:57.349+0000: 793052.307: Application time: 0.0005272 seconds
2019-02-01T00:47:57.357+0000: 793052.314: [GC (GCLocker Initiated GC) 2019-02-01T00:47:57.367+0000: 793052.325: [SoftReference, 0 refs, 0.0001310 secs]2019-02-01T00:47:57.368+0000: 793052.325: [WeakReference, 17 refs, 0.0000284 secs]2019-02-01T00:47:57.368+0000: 793052.325: [FinalReference, 845 refs, 0.0007366 secs]2019-02-01T00:47:57.368+0000: 793052.326: [PhantomReference, 0 refs, 0 refs, 0.0000197 secs]2019-02-01T00:47:57.368+0000: 793052.326: [JNI Weak Reference, 0.0000320 secs]
Desired survivor size 99090432 bytes, new threshold 1 (max 15)
[PSYoungGen: 1546789K->43783K(1503744K)] 2357558K->857971K(4820992K), 0.0240383 secs] [Times: user=0.20 sys=0.01, real=0.02 secs] 
2019-02-01T00:47:57.381+0000: 793052.339: Total time for which application threads were stopped: 0.0320543 seconds, Stopping threads took: 0.0001854 seconds
2019-02-01T00:48:01.508+0000: 793056.466: Application time: 4.1274181 seconds
2019-02-01T00:48:01.514+0000: 793056.472: Total time for which application threads were stopped: 0.0059803 seconds, Stopping threads took: 0.0003226 seconds
2019-02-01T00:48:01.515+0000: 793056.472: Application time: 0.0003969 seconds
2019-02-01T00:48:01.522+0000: 793056.480: [GC (GCLocker Initiated GC) 2019-02-01T00:48:01.531+0000: 793056.489: [SoftReference, 0 refs, 0.0000557 secs]2019-02-01T00:48:01.531+0000: 793056.489: [WeakReference, 12 refs, 0.0000155 secs]2019-02-01T00:48:01.531+0000: 793056.489: [FinalReference, 705 refs, 0.0003958 secs]2019-02-01T00:48:01.532+0000: 793056.490: [PhantomReference, 0 refs, 0 refs, 0.0000101 secs]2019-02-01T00:48:01.532+0000: 793056.490: [JNI Weak Reference, 0.0000181 secs]
Desired survivor size 96993280 bytes, new threshold 1 (max 15)
[PSYoungGen: 1503495K->34952K(1501184K)] 2318715K->854559K(4818432K), 0.0173971 secs] [Times: user=0.17 sys=0.01, real=0.01 secs] 
2019-02-01T00:48:01.539+0000: 793056.497: Total time for which application threads were stopped: 0.0246579 seconds, Stopping threads took: 0.0002335 seconds
2019-02-01T00:48:06.522+0000: 793061.479: Application time: 4.9823680 seconds
2019-02-01T00:48:06.530+0000: 793061.487: Total time for which application threads were stopped: 0.0079453 seconds, Stopping threads took: 0.0002427 seconds
2019-02-01T00:48:06.530+0000: 793061.488: Application time: 0.0007708 seconds
2019-02-01T00:48:06.539+0000: 793061.496: [GC (GCLocker Initiated GC) 2019-02-01T00:48:06.551+0000: 793061.509: [SoftReference, 0 refs, 0.0000739 secs]2019-02-01T00:48:06.551+0000: 793061.509: [WeakReference, 57 refs, 0.0000441 secs]2019-02-01T00:48:06.552+0000: 793061.509: [FinalReference, 814 refs, 0.0005748 secs]2019-02-01T00:48:06.552+0000: 793061.510: [PhantomReference, 0 refs, 0 refs, 0.0000194 secs]2019-02-01T00:48:06.552+0000: 793061.510: [JNI Weak Reference, 0.0000315 secs]
Desired survivor size 92798976 bytes, new threshold 1 (max 15)
[PSYoungGen: 1469064K->50590K(1459712K)] 2288757K->877629K(4776960K), 0.0254556 secs] [Times: user=0.20 sys=0.01, real=0.03 secs] 
2019-02-01T00:48:06.564+0000: 793061.522: Total time for which application threads were stopped: 0.0339565 seconds, Stopping threads took: 0.0002793 seconds
2019-02-01T00:48:11.316+0000: 793066.274: Application time: 4.7516767 seconds
2019-02-01T00:48:11.322+0000: 793066.280: Total time for which application threads were stopped: 0.0057260 seconds, Stopping threads took: 0.0002842 seconds
2019-02-01T00:48:11.322+0000: 793066.280: Application time: 0.0007296 seconds
2019-02-01T00:48:11.328+0000: 793066.286: [GC (GCLocker Initiated GC) 2019-02-01T00:48:11.341+0000: 793066.299: [SoftReference, 0 refs, 0.0000590 secs]2019-02-01T00:48:11.341+0000: 793066.299: [WeakReference, 10 refs, 0.0000241 secs]2019-02-01T00:48:11.341+0000: 793066.299: [FinalReference, 783 refs, 0.0006097 secs]2019-02-01T00:48:11.342+0000: 793066.300: [PhantomReference, 0 refs, 0 refs, 0.0000180 secs]2019-02-01T00:48:11.342+0000: 793066.300: [JNI Weak Reference, 0.0000323 secs]
Desired survivor size 89653248 bytes, new threshold 1 (max 15)
[PSYoungGen: 1459614K->45778K(1445376K)] 2290002K->879508K(4762624K), 0.0246068 secs] [Times: user=0.18 sys=0.01, real=0.02 secs] 
2019-02-01T00:48:11.353+0000: 793066.311: Total time for which application threads were stopped: 0.0303769 seconds, Stopping threads took: 0.0001958 seconds
2019-02-01T00:48:15.848+0000: 793070.806: Application time: 4.4949950 seconds
2019-02-01T00:48:15.854+0000: 793070.812: Total time for which application threads were stopped: 0.0058489 seconds, Stopping threads took: 0.0001679 seconds
2019-02-01T00:48:15.854+0000: 793070.812: Application time: 0.0006319 seconds
2019-02-01T00:48:15.861+0000: 793070.819: [GC (GCLocker Initiated GC) 2019-02-01T00:48:15.877+0000: 793070.835: [SoftReference, 0 refs, 0.0000951 secs]2019-02-01T00:48:15.877+0000: 793070.835: [WeakReference, 114 refs, 0.0000683 secs]2019-02-01T00:48:15.878+0000: 793070.835: [FinalReference, 724 refs, 0.0004991 secs]2019-02-01T00:48:15.878+0000: 793070.836: [PhantomReference, 0 refs, 0 refs, 0.0000202 secs]2019-02-01T00:48:15.878+0000: 793070.836: [JNI Weak Reference, 0.0000336 secs]
Desired survivor size 93323264 bytes, new threshold 1 (max 15)
[PSYoungGen: 1430738K->69451K(1431040K)] 2264491K->911641K(4748288K), 0.0262103 secs] [Times: user=0.25 sys=0.01, real=0.03 secs] 
2019-02-01T00:48:15.888+0000: 793070.845: Total time for which application threads were stopped: 0.0331683 seconds, Stopping threads took: 0.0002388 seconds
2019-02-01T00:48:20.435+0000: 793075.393: Application time: 4.5474018 seconds
2019-02-01T00:48:20.444+0000: 793075.402: Total time for which application threads were stopped: 0.0093057 seconds, Stopping threads took: 0.0005565 seconds
2019-02-01T00:48:20.445+0000: 793075.403: Application time: 0.0006999 seconds
2019-02-01T00:48:20.459+0000: 793075.417: [GC (GCLocker Initiated GC) 2019-02-01T00:48:20.475+0000: 793075.433: [SoftReference, 0 refs, 0.0000946 secs]2019-02-01T00:48:20.475+0000: 793075.433: [WeakReference, 68 refs, 0.0000388 secs]2019-02-01T00:48:20.475+0000: 793075.433: [FinalReference, 757 refs, 0.0004430 secs]2019-02-01T00:48:20.476+0000: 793075.433: [PhantomReference, 0 refs, 0 refs, 0.0000116 secs]2019-02-01T00:48:20.476+0000: 793075.433: [JNI Weak Reference, 0.0000205 secs]
Desired survivor size 89653248 bytes, new threshold 1 (max 15)
[PSYoungGen: 1430859K->49467K(1397248K)] 2276387K->902831K(4714496K), 0.0247317 secs] [Times: user=0.24 sys=0.00, real=0.02 secs] 
2019-02-01T00:48:20.484+0000: 793075.442: Total time for which application threads were stopped: 0.0387905 seconds, Stopping threads took: 0.0050355 seconds
2019-02-01T00:48:24.963+0000: 793079.921: Application time: 4.4794698 seconds
2019-02-01T00:48:24.972+0000: 793079.930: Total time for which application threads were stopped: 0.0090465 seconds, Stopping threads took: 0.0003642 seconds
2019-02-01T00:48:24.973+0000: 793079.931: Application time: 0.0007972 seconds
2019-02-01T00:48:24.982+0000: 793079.940: [GC (GCLocker Initiated GC) 2019-02-01T00:48:24.998+0000: 793079.956: [SoftReference, 0 refs, 0.0000640 secs]2019-02-01T00:48:24.998+0000: 793079.956: [WeakReference, 18 refs, 0.0000174 secs]2019-02-01T00:48:24.998+0000: 793079.956: [FinalReference, 759 refs, 0.0003911 secs]2019-02-01T00:48:24.998+0000: 793079.956: [PhantomReference, 0 refs, 0 refs, 0.0000102 secs]2019-02-01T00:48:24.998+0000: 793079.956: [JNI Weak Reference, 0.0000191 secs]
Desired survivor size 88080384 bytes, new threshold 1 (max 15)
[PSYoungGen: 1387835K->39621K(1355776K)] 2247877K->906792K(4673024K), 0.0227196 secs] [Times: user=0.20 sys=0.01, real=0.02 secs] 
2019-02-01T00:48:25.005+0000: 793079.963: Total time for which application threads were stopped: 0.0316565 seconds, Stopping threads took: 0.0001784 seconds
2019-02-01T00:48:29.002+0000: 793083.960: Application time: 3.9977655 seconds
2019-02-01T00:48:29.011+0000: 793083.969: Total time for which application threads were stopped: 0.0085283 seconds, Stopping threads took: 0.0003280 seconds
2019-02-01T00:48:29.012+0000: 793083.970: Application time: 0.0010720 seconds
2019-02-01T00:48:29.021+0000: 793083.979: [GC (GCLocker Initiated GC) 2019-02-01T00:48:29.031+0000: 793083.989: [SoftReference, 0 refs, 0.0000783 secs]2019-02-01T00:48:29.031+0000: 793083.989: [WeakReference, 38 refs, 0.0000623 secs]2019-02-01T00:48:29.031+0000: 793083.989: [FinalReference, 657 refs, 0.0005201 secs]2019-02-01T00:48:29.032+0000: 793083.990: [PhantomReference, 0 refs, 0 refs, 0.0000198 secs]2019-02-01T00:48:29.032+0000: 793083.990: [JNI Weak Reference, 0.0000329 secs]
Desired survivor size 89128960 bytes, new threshold 1 (max 15)
[PSYoungGen: 1355461K->21277K(1360896K)] 2226106K->899448K(4678144K), 0.0204766 secs] [Times: user=0.16 sys=0.01, real=0.02 secs] 
2019-02-01T00:48:29.041+0000: 793083.999: Total time for which application threads were stopped: 0.0292229 seconds, Stopping threads took: 0.0001849 seconds
2019-02-01T00:48:32.661+0000: 793087.619: Application time: 3.6199488 seconds
2019-02-01T00:48:32.670+0000: 793087.628: Total time for which application threads were stopped: 0.0091086 seconds, Stopping threads took: 0.0003036 seconds
2019-02-01T00:48:32.671+0000: 793087.628: Application time: 0.0002648 seconds
2019-02-01T00:48:32.680+0000: 793087.638: Total time for which application threads were stopped: 0.0091057 seconds, Stopping threads took: 0.0002564 seconds
2019-02-01T00:48:32.681+0000: 793087.638: Application time: 0.0008443 seconds
2019-02-01T00:48:32.689+0000: 793087.646: [GC (GCLocker Initiated GC) 2019-02-01T00:48:32.701+0000: 793087.659: [SoftReference, 0 refs, 0.0001022 secs]2019-02-01T00:48:32.701+0000: 793087.659: [WeakReference, 10 refs, 0.0000236 secs]2019-02-01T00:48:32.701+0000: 793087.659: [FinalReference, 649 refs, 0.0004695 secs]2019-02-01T00:48:32.702+0000: 793087.660: [PhantomReference, 0 refs, 1 refs, 0.0000200 secs]2019-02-01T00:48:32.702+0000: 793087.660: [JNI Weak Reference, 0.0000315 secs]
Desired survivor size 85458944 bytes, new threshold 1 (max 15)
[PSYoungGen: 1315613K->47832K(1321472K)] 2194061K->929626K(4638720K), 0.0238368 secs] [Times: user=0.20 sys=0.02, real=0.02 secs] 
2019-02-01T00:48:32.713+0000: 793087.670: Total time for which application threads were stopped: 0.0320123 seconds, Stopping threads took: 0.0002812 seconds
2019-02-01T00:48:36.887+0000: 793091.845: Application time: 4.1746703 seconds
2019-02-01T00:48:36.893+0000: 793091.851: Total time for which application threads were stopped: 0.0056103 seconds, Stopping threads took: 0.0002933 seconds
2019-02-01T00:48:36.894+0000: 793091.852: Application time: 0.0008239 seconds
2019-02-01T00:48:36.899+0000: 793091.857: [GC (GCLocker Initiated GC) 2019-02-01T00:48:36.914+0000: 793091.872: [SoftReference, 0 refs, 0.0000749 secs]2019-02-01T00:48:36.914+0000: 793091.872: [WeakReference, 13 refs, 0.0000264 secs]2019-02-01T00:48:36.914+0000: 793091.872: [FinalReference, 720 refs, 0.0005107 secs]2019-02-01T00:48:36.915+0000: 793091.873: [PhantomReference, 0 refs, 0 refs, 0.0000188 secs]2019-02-01T00:48:36.915+0000: 793091.873: [JNI Weak Reference, 0.0000321 secs]
Desired survivor size 91226112 bytes, new threshold 1 (max 15)
[PSYoungGen: 1321176K->71725K(1327104K)] 2202998K->960463K(4644352K), 0.0223331 secs] [Times: user=0.27 sys=0.00, real=0.02 secs] 
2019-02-01T00:48:36.922+0000: 793091.879: Total time for which application threads were stopped: 0.0278969 seconds, Stopping threads took: 0.0002333 seconds
2019-02-01T00:48:40.369+0000: 793095.327: Application time: 3.4476533 seconds
2019-02-01T00:48:40.377+0000: 793095.334: Total time for which application threads were stopped: 0.0073314 seconds, Stopping threads took: 0.0001629 seconds
2019-02-01T00:48:40.474+0000: 793095.432: Application time: 0.0974572 seconds
2019-02-01T00:48:40.482+0000: 793095.440: Total time for which application threads were stopped: 0.0075878 seconds, Stopping threads took: 0.0002266 seconds
2019-02-01T00:48:40.482+0000: 793095.440: Application time: 0.0004374 seconds
2019-02-01T00:48:40.490+0000: 793095.448: [GC (GCLocker Initiated GC) 2019-02-01T00:48:40.501+0000: 793095.459: [SoftReference, 0 refs, 0.0000675 secs]2019-02-01T00:48:40.501+0000: 793095.459: [WeakReference, 38 refs, 0.0000370 secs]2019-02-01T00:48:40.501+0000: 793095.459: [FinalReference, 693 refs, 0.0005424 secs]2019-02-01T00:48:40.502+0000: 793095.459: [PhantomReference, 0 refs, 0 refs, 0.0000199 secs]2019-02-01T00:48:40.502+0000: 793095.459: [JNI Weak Reference, 0.0000324 secs]
Desired survivor size 89128960 bytes, new threshold 1 (max 15)
[PSYoungGen: 1324589K->38446K(1271808K)] 2213337K->938694K(4589056K), 0.0219564 secs] [Times: user=0.20 sys=0.01, real=0.02 secs] 
2019-02-01T00:48:40.512+0000: 793095.470: Total time for which application threads were stopped: 0.0298326 seconds, Stopping threads took: 0.0003635 seconds
2019-02-01T00:48:44.522+0000: 793099.480: Application time: 4.0101175 seconds
2019-02-01T00:48:44.535+0000: 793099.493: Total time for which application threads were stopped: 0.0133478 seconds, Stopping threads took: 0.0048750 seconds
2019-02-01T00:48:44.537+0000: 793099.495: Application time: 0.0020342 seconds
2019-02-01T00:48:44.547+0000: 793099.504: [GC (GCLocker Initiated GC) 2019-02-01T00:48:44.559+0000: 793099.517: [SoftReference, 0 refs, 0.0000782 secs]2019-02-01T00:48:44.559+0000: 793099.517: [WeakReference, 25 refs, 0.0000316 secs]2019-02-01T00:48:44.559+0000: 793099.517: [FinalReference, 757 refs, 0.0005692 secs]2019-02-01T00:48:44.560+0000: 793099.517: [PhantomReference, 0 refs, 1 refs, 0.0000210 secs]2019-02-01T00:48:44.560+0000: 793099.518: [JNI Weak Reference, 0.0000345 secs]
Desired survivor size 90177536 bytes, new threshold 1 (max 15)
[PSYoungGen: 1271342K->61805K(1283072K)] 2171661K->965443K(4600320K), 0.0219319 secs] [Times: user=0.23 sys=0.00, real=0.03 secs] 
2019-02-01T00:48:44.569+0000: 793099.527: Total time for which application threads were stopped: 0.0312001 seconds, Stopping threads took: 0.0003580 seconds
2019-02-01T00:48:46.837+0000: 793101.795: Application time: 2.2682214 seconds
2019-02-01T00:48:46.846+0000: 793101.804: Total time for which application threads were stopped: 0.0093252 seconds, Stopping threads took: 0.0002698 seconds
2019-02-01T00:48:48.529+0000: 793103.486: Application time: 1.6823513 seconds
2019-02-01T00:48:48.537+0000: 793103.495: Total time for which application threads were stopped: 0.0088968 seconds, Stopping threads took: 0.0004187 seconds
2019-02-01T00:48:48.539+0000: 793103.496: Application time: 0.0010854 seconds
2019-02-01T00:48:48.548+0000: 793103.506: [GC (GCLocker Initiated GC) 2019-02-01T00:48:48.561+0000: 793103.519: [SoftReference, 0 refs, 0.0000659 secs]2019-02-01T00:48:48.562+0000: 793103.519: [WeakReference, 19 refs, 0.0000186 secs]2019-02-01T00:48:48.562+0000: 793103.519: [FinalReference, 698 refs, 0.0003253 secs]2019-02-01T00:48:48.562+0000: 793103.520: [PhantomReference, 0 refs, 2 refs, 0.0000115 secs]2019-02-01T00:48:48.562+0000: 793103.520: [JNI Weak Reference, 0.0000192 secs]
Desired survivor size 90701824 bytes, new threshold 1 (max 15)
[PSYoungGen: 1275245K->61119K(1255936K)] 2179168K->968031K(4573184K), 0.0197962 secs] [Times: user=0.22 sys=0.01, real=0.02 secs] 
2019-02-01T00:48:48.568+0000: 793103.526: Total time for which application threads were stopped: 0.0292921 seconds, Stopping threads took: 0.0005774 seconds
2019-02-01T00:48:51.707+0000: 793106.665: Application time: 3.1392392 seconds
2019-02-01T00:48:51.714+0000: 793106.672: Total time for which application threads were stopped: 0.0064944 seconds, Stopping threads took: 0.0003011 seconds
2019-02-01T00:48:51.714+0000: 793106.672: Application time: 0.0004578 seconds
2019-02-01T00:48:51.721+0000: 793106.679: [GC (GCLocker Initiated GC) 2019-02-01T00:48:51.734+0000: 793106.692: [SoftReference, 0 refs, 0.0000585 secs]2019-02-01T00:48:51.734+0000: 793106.692: [WeakReference, 21 refs, 0.0000186 secs]2019-02-01T00:48:51.734+0000: 793106.692: [FinalReference, 562 refs, 0.0002976 secs]2019-02-01T00:48:51.734+0000: 793106.692: [PhantomReference, 0 refs, 0 refs, 0.0000103 secs]2019-02-01T00:48:51.734+0000: 793106.692: [JNI Weak Reference, 0.0000187 secs]
Desired survivor size 87556096 bytes, new threshold 1 (max 15)
[PSYoungGen: 1255615K->52929K(1240064K)] 2171369K->972392K(4557312K), 0.0197890 secs] [Times: user=0.19 sys=0.01, real=0.02 secs] 
2019-02-01T00:48:51.741+0000: 793106.699: Total time for which application threads were stopped: 0.0265798 seconds, Stopping threads took: 0.0001825 seconds
2019-02-01T00:48:56.076+0000: 793111.034: Application time: 4.3351052 seconds
2019-02-01T00:48:56.084+0000: 793111.042: Total time for which application threads were stopped: 0.0086520 seconds, Stopping threads took: 0.0002686 seconds
2019-02-01T00:48:56.085+0000: 793111.043: Application time: 0.0004517 seconds
2019-02-01T00:48:56.093+0000: 793111.051: [GC (GCLocker Initiated GC) 2019-02-01T00:48:56.103+0000: 793111.061: [SoftReference, 0 refs, 0.0000581 secs]2019-02-01T00:48:56.103+0000: 793111.061: [WeakReference, 13 refs, 0.0000165 secs]2019-02-01T00:48:56.103+0000: 793111.061: [FinalReference, 723 refs, 0.0003959 secs]2019-02-01T00:48:56.104+0000: 793111.062: [PhantomReference, 0 refs, 0 refs, 0.0000103 secs]2019-02-01T00:48:56.104+0000: 793111.062: [JNI Weak Reference, 0.0000193 secs]
Desired survivor size 88080384 bytes, new threshold 1 (max 15)
[PSYoungGen: 1228993K->28013K(1186304K)] 2148471K->950729K(4503552K), 0.0165168 secs] [Times: user=0.19 sys=0.01, real=0.01 secs] 
2019-02-01T00:48:56.110+0000: 793111.068: Total time for which application threads were stopped: 0.0247780 seconds, Stopping threads took: 0.0002376 seconds
2019-02-01T00:48:59.489+0000: 793114.447: Application time: 3.3789289 seconds
2019-02-01T00:48:59.495+0000: 793114.453: [GC (Allocation Failure) 2019-02-01T00:48:59.507+0000: 793114.465: [SoftReference, 0 refs, 0.0000620 secs]2019-02-01T00:48:59.507+0000: 793114.465: [WeakReference, 32 refs, 0.0000250 secs]2019-02-01T00:48:59.507+0000: 793114.465: [FinalReference, 542 refs, 0.0003147 secs]2019-02-01T00:48:59.508+0000: 793114.466: [PhantomReference, 0 refs, 1 refs, 0.0000128 secs]2019-02-01T00:48:59.508+0000: 793114.466: [JNI Weak Reference, 0.0000184 secs]
Desired survivor size 87556096 bytes, new threshold 1 (max 15)
[PSYoungGen: 1186157K->57329K(1208320K)] 2109321K->983721K(4525568K), 0.0179509 secs] [Times: user=0.20 sys=0.01, real=0.02 secs] 
2019-02-01T00:48:59.513+0000: 793114.471: Total time for which application threads were stopped: 0.0247303 seconds, Stopping threads took: 0.0002491 seconds
2019-02-01T00:49:03.144+0000: 793118.102: Application time: 3.6306175 seconds
2019-02-01T00:49:03.157+0000: 793118.115: Total time for which application threads were stopped: 0.0127202 seconds, Stopping threads took: 0.0039957 seconds
2019-02-01T00:49:03.158+0000: 793118.116: Application time: 0.0016215 seconds
2019-02-01T00:49:03.168+0000: 793118.126: [GC (GCLocker Initiated GC) 2019-02-01T00:49:03.187+0000: 793118.145: [SoftReference, 0 refs, 0.0000620 secs]2019-02-01T00:49:03.187+0000: 793118.145: [WeakReference, 27 refs, 0.0000227 secs]2019-02-01T00:49:03.187+0000: 793118.145: [FinalReference, 630 refs, 0.0003302 secs]2019-02-01T00:49:03.188+0000: 793118.145: [PhantomReference, 0 refs, 4 refs, 0.0000116 secs]2019-02-01T00:49:03.188+0000: 793118.145: [JNI Weak Reference, 0.0000188 secs]
Desired survivor size 89653248 bytes, new threshold 1 (max 15)
[PSYoungGen: 1198065K->65372K(1189376K)] 2124509K->995989K(4506624K), 0.0244497 secs] [Times: user=0.36 sys=0.00, real=0.03 secs] 
2019-02-01T00:49:03.193+0000: 793118.151: Total time for which application threads were stopped: 0.0342866 seconds, Stopping threads took: 0.0006227 seconds
2019-02-01T00:49:06.947+0000: 793121.905: Application time: 3.7544214 seconds
2019-02-01T00:49:06.956+0000: 793121.914: Total time for which application threads were stopped: 0.0088097 seconds, Stopping threads took: 0.0003116 seconds
2019-02-01T00:49:06.956+0000: 793121.914: Application time: 0.0004508 seconds
2019-02-01T00:49:06.965+0000: 793121.923: [GC (GCLocker Initiated GC) 2019-02-01T00:49:06.978+0000: 793121.936: [SoftReference, 0 refs, 0.0000892 secs]2019-02-01T00:49:06.978+0000: 793121.936: [WeakReference, 17 refs, 0.0000277 secs]2019-02-01T00:49:06.978+0000: 793121.936: [FinalReference, 632 refs, 0.0004772 secs]2019-02-01T00:49:06.979+0000: 793121.937: [PhantomReference, 0 refs, 0 refs, 0.0000196 secs]2019-02-01T00:49:06.979+0000: 793121.937: [JNI Weak Reference, 0.0000327 secs]
Desired survivor size 89128960 bytes, new threshold 1 (max 15)
[PSYoungGen: 1189212K->59649K(1177600K)] 2123707K->1005467K(4494848K), 0.0226404 secs] [Times: user=0.24 sys=0.01, real=0.02 secs] 
2019-02-01T00:49:06.988+0000: 793121.946: Total time for which application threads were stopped: 0.0317037 seconds, Stopping threads took: 0.0001969 seconds
2019-02-01T00:49:10.356+0000: 793125.314: Application time: 3.3676716 seconds
2019-02-01T00:49:10.362+0000: 793125.320: Total time for which application threads were stopped: 0.0065222 seconds, Stopping threads took: 0.0002561 seconds
2019-02-01T00:49:10.363+0000: 793125.321: Application time: 0.0003819 seconds
2019-02-01T00:49:10.369+0000: 793125.327: [GC (GCLocker Initiated GC) 2019-02-01T00:49:10.383+0000: 793125.341: [SoftReference, 0 refs, 0.0000609 secs]2019-02-01T00:49:10.384+0000: 793125.341: [WeakReference, 21 refs, 0.0000173 secs]2019-02-01T00:49:10.384+0000: 793125.341: [FinalReference, 666 refs, 0.0003228 secs]2019-02-01T00:49:10.384+0000: 793125.342: [PhantomReference, 0 refs, 0 refs, 0.0000100 secs]2019-02-01T00:49:10.384+0000: 793125.342: [JNI Weak Reference, 0.0000193 secs]
Desired survivor size 89128960 bytes, new threshold 1 (max 15)
[PSYoungGen: 1167105K->61785K(1153024K)] 2112930K->1015580K(4470272K), 0.0197077 secs] [Times: user=0.25 sys=0.00, real=0.02 secs] 
2019-02-01T00:49:10.389+0000: 793125.347: Total time for which application threads were stopped: 0.0265790 seconds, Stopping threads took: 0.0002081 seconds
2019-02-01T00:49:13.524+0000: 793128.482: Application time: 3.1346354 seconds
2019-02-01T00:49:13.533+0000: 793128.491: Total time for which application threads were stopped: 0.0089155 seconds, Stopping threads took: 0.0002379 seconds
2019-02-01T00:49:13.533+0000: 793128.491: Application time: 0.0005354 seconds
2019-02-01T00:49:13.542+0000: 793128.500: [GC (GCLocker Initiated GC) 2019-02-01T00:49:13.556+0000: 793128.514: [SoftReference, 0 refs, 0.0001018 secs]2019-02-01T00:49:13.556+0000: 793128.514: [WeakReference, 27 refs, 0.0000313 secs]2019-02-01T00:49:13.556+0000: 793128.514: [FinalReference, 558 refs, 0.0005948 secs]2019-02-01T00:49:13.557+0000: 793128.514: [PhantomReference, 0 refs, 0 refs, 0.0000239 secs]2019-02-01T00:49:13.557+0000: 793128.514: [JNI Weak Reference, 0.0000323 secs]
Desired survivor size 88080384 bytes, new threshold 1 (max 15)
[PSYoungGen: 1152857K->59251K(1144320K)] 2106663K->1020094K(4461568K), 0.0232434 secs] [Times: user=0.23 sys=0.01, real=0.02 secs] 
2019-02-01T00:49:13.566+0000: 793128.524: Total time for which application threads were stopped: 0.0324609 seconds, Stopping threads took: 0.0002371 seconds
2019-02-01T00:49:17.289+0000: 793132.247: Application time: 3.7236362 seconds
2019-02-01T00:49:17.298+0000: 793132.256: Total time for which application threads were stopped: 0.0087377 seconds, Stopping threads took: 0.0002682 seconds
2019-02-01T00:49:17.299+0000: 793132.257: Application time: 0.0008299 seconds
2019-02-01T00:49:17.308+0000: 793132.266: [GC (GCLocker Initiated GC) 2019-02-01T00:49:17.322+0000: 793132.280: [SoftReference, 0 refs, 0.0000785 secs]2019-02-01T00:49:17.322+0000: 793132.280: [WeakReference, 17 refs, 0.0000277 secs]2019-02-01T00:49:17.322+0000: 793132.280: [FinalReference, 548 refs, 0.0003918 secs]2019-02-01T00:49:17.322+0000: 793132.280: [PhantomReference, 0 refs, 1 refs, 0.0000203 secs]2019-02-01T00:49:17.322+0000: 793132.280: [JNI Weak Reference, 0.0000338 secs]
Desired survivor size 84934656 bytes, new threshold 1 (max 15)
[PSYoungGen: 1134451K->54232K(1114112K)] 2095328K->1019197K(4431360K), 0.0230815 secs] [Times: user=0.25 sys=0.01, real=0.02 secs] 
2019-02-01T00:49:17.332+0000: 793132.289: Total time for which application threads were stopped: 0.0325618 seconds, Stopping threads took: 0.0007198 seconds
2019-02-01T00:49:20.768+0000: 793135.725: Application time: 3.4359450 seconds
2019-02-01T00:49:20.776+0000: 793135.734: Total time for which application threads were stopped: 0.0087098 seconds, Stopping threads took: 0.0002362 seconds
2019-02-01T00:49:20.777+0000: 793135.735: Application time: 0.0004517 seconds
2019-02-01T00:49:20.786+0000: 793135.744: [GC (GCLocker Initiated GC) 2019-02-01T00:49:20.800+0000: 793135.758: [SoftReference, 0 refs, 0.0000771 secs]2019-02-01T00:49:20.800+0000: 793135.758: [WeakReference, 31 refs, 0.0000344 secs]2019-02-01T00:49:20.800+0000: 793135.758: [FinalReference, 582 refs, 0.0004761 secs]2019-02-01T00:49:20.800+0000: 793135.758: [PhantomReference, 0 refs, 0 refs, 0.0000202 secs]2019-02-01T00:49:20.801+0000: 793135.758: [JNI Weak Reference, 0.0000322 secs]
Desired survivor size 83361792 bytes, new threshold 1 (max 15)
[PSYoungGen: 1114072K->56955K(1110016K)] 2079054K->1024766K(4427264K), 0.0236890 secs] [Times: user=0.25 sys=0.01, real=0.02 secs] 
2019-02-01T00:49:20.810+0000: 793135.768: Total time for which application threads were stopped: 0.0332052 seconds, Stopping threads took: 0.0003482 seconds
2019-02-01T00:49:24.236+0000: 793139.193: Application time: 3.4257014 seconds
2019-02-01T00:49:24.244+0000: 793139.202: Total time for which application threads were stopped: 0.0087150 seconds, Stopping threads took: 0.0002381 seconds
2019-02-01T00:49:24.245+0000: 793139.203: Application time: 0.0006624 seconds
2019-02-01T00:49:24.254+0000: 793139.212: [GC (GCLocker Initiated GC) 2019-02-01T00:49:24.266+0000: 793139.224: [SoftReference, 0 refs, 0.0000814 secs]2019-02-01T00:49:24.266+0000: 793139.224: [WeakReference, 49 refs, 0.0000486 secs]2019-02-01T00:49:24.266+0000: 793139.224: [FinalReference, 545 refs, 0.0004696 secs]2019-02-01T00:49:24.267+0000: 793139.225: [PhantomReference, 0 refs, 0 refs, 0.0000200 secs]2019-02-01T00:49:24.267+0000: 793139.225: [JNI Weak Reference, 0.0000332 secs]
Desired survivor size 82313216 bytes, new threshold 1 (max 15)
[PSYoungGen: 1101947K->43107K(1073664K)] 2069781K->1014208K(4390912K), 0.0219030 secs] [Times: user=0.21 sys=0.01, real=0.03 secs] 
2019-02-01T00:49:24.276+0000: 793139.234: Total time for which application threads were stopped: 0.0308351 seconds, Stopping threads took: 0.0002976 seconds
2019-02-01T00:49:27.888+0000: 793142.845: Application time: 3.6116733 seconds
2019-02-01T00:49:27.897+0000: 793142.854: Total time for which application threads were stopped: 0.0089889 seconds, Stopping threads took: 0.0003467 seconds
2019-02-01T00:49:27.898+0000: 793142.856: Application time: 0.0012852 seconds
2019-02-01T00:49:27.905+0000: 793142.863: [GC (GCLocker Initiated GC) 2019-02-01T00:49:27.919+0000: 793142.877: [SoftReference, 0 refs, 0.0000644 secs]2019-02-01T00:49:27.919+0000: 793142.877: [WeakReference, 52 refs, 0.0000318 secs]2019-02-01T00:49:27.919+0000: 793142.877: [FinalReference, 557 refs, 0.0002704 secs]2019-02-01T00:49:27.920+0000: 793142.877: [PhantomReference, 0 refs, 1 refs, 0.0000537 secs]2019-02-01T00:49:27.920+0000: 793142.877: [JNI Weak Reference, 0.0000293 secs]
Desired survivor size 85983232 bytes, new threshold 1 (max 15)
[PSYoungGen: 1073251K->69610K(1089024K)] 2048124K->1046747K(4406272K), 0.0199061 secs] [Times: user=0.27 sys=0.01, real=0.02 secs] 
2019-02-01T00:49:27.925+0000: 793142.883: Total time for which application threads were stopped: 0.0274501 seconds, Stopping threads took: 0.0001339 seconds
2019-02-01T00:49:31.216+0000: 793146.173: Application time: 3.2902987 seconds
2019-02-01T00:49:31.225+0000: 793146.183: Total time for which application threads were stopped: 0.0095293 seconds, Stopping threads took: 0.0009945 seconds
2019-02-01T00:49:31.226+0000: 793146.184: Application time: 0.0013617 seconds
2019-02-01T00:49:31.236+0000: 793146.193: [GC (GCLocker Initiated GC) 2019-02-01T00:49:31.254+0000: 793146.212: [SoftReference, 0 refs, 0.0000586 secs]2019-02-01T00:49:31.254+0000: 793146.212: [WeakReference, 56 refs, 0.0000287 secs]2019-02-01T00:49:31.254+0000: 793146.212: [FinalReference, 527 refs, 0.0002411 secs]2019-02-01T00:49:31.254+0000: 793146.212: [PhantomReference, 0 refs, 0 refs, 0.0000102 secs]2019-02-01T00:49:31.254+0000: 793146.212: [JNI Weak Reference, 0.0000192 secs]
Desired survivor size 92274688 bytes, new threshold 1 (max 15)
[PSYoungGen: 1085418K->78647K(1080832K)] 2070786K->1067379K(4398080K), 0.0221723 secs] [Times: user=0.34 sys=0.00, real=0.02 secs] 
2019-02-01T00:49:31.258+0000: 793146.216: Total time for which application threads were stopped: 0.0314330 seconds, Stopping threads took: 0.0003442 seconds
2019-02-01T00:49:34.936+0000: 793149.894: Application time: 3.6780972 seconds
2019-02-01T00:49:34.945+0000: 793149.902: Total time for which application threads were stopped: 0.0085093 seconds, Stopping threads took: 0.0003027 seconds
2019-02-01T00:49:34.945+0000: 793149.903: Application time: 0.0004572 seconds
2019-02-01T00:49:34.954+0000: 793149.911: [GC (GCLocker Initiated GC) 2019-02-01T00:49:34.965+0000: 793149.923: [SoftReference, 0 refs, 0.0000794 secs]2019-02-01T00:49:34.966+0000: 793149.923: [WeakReference, 11 refs, 0.0000252 secs]2019-02-01T00:49:34.966+0000: 793149.923: [FinalReference, 586 refs, 0.0004303 secs]2019-02-01T00:49:34.966+0000: 793149.924: [PhantomReference, 0 refs, 0 refs, 0.0000196 secs]2019-02-01T00:49:34.966+0000: 793149.924: [JNI Weak Reference, 0.0000328 secs]
Desired survivor size 89128960 bytes, new threshold 1 (max 15)
[PSYoungGen: 1080631K->54299K(1056768K)] 2069391K->1045876K(4374016K), 0.0214535 secs] [Times: user=0.23 sys=0.01, real=0.02 secs] 
2019-02-01T00:49:34.975+0000: 793149.933: Total time for which application threads were stopped: 0.0303170 seconds, Stopping threads took: 0.0002636 seconds
2019-02-01T00:49:38.798+0000: 793153.756: Application time: 3.8225288 seconds
2019-02-01T00:49:38.806+0000: 793153.764: Total time for which application threads were stopped: 0.0082923 seconds, Stopping threads took: 0.0001918 seconds
2019-02-01T00:49:38.807+0000: 793153.765: Application time: 0.0005885 seconds
2019-02-01T00:49:38.815+0000: 793153.773: [GC (GCLocker Initiated GC) 2019-02-01T00:49:38.826+0000: 793153.783: [SoftReference, 0 refs, 0.0000787 secs]2019-02-01T00:49:38.826+0000: 793153.783: [WeakReference, 35 refs, 0.0000521 secs]2019-02-01T00:49:38.826+0000: 793153.784: [FinalReference, 564 refs, 0.0003944 secs]2019-02-01T00:49:38.826+0000: 793153.784: [PhantomReference, 0 refs, 0 refs, 0.0000228 secs]2019-02-01T00:49:38.826+0000: 793153.784: [JNI Weak Reference, 0.0000326 secs]
Desired survivor size 88604672 bytes, new threshold 1 (max 15)
[PSYoungGen: 1042971K->43795K(1019392K)] 2034640K->1039575K(4336640K), 0.0193309 secs] [Times: user=0.21 sys=0.01, real=0.02 secs] 
2019-02-01T00:49:38.835+0000: 793153.792: Total time for which application threads were stopped: 0.0277644 seconds, Stopping threads took: 0.0001865 seconds
2019-02-01T00:49:40.370+0000: 793155.327: Application time: 1.5351128 seconds
2019-02-01T00:49:40.379+0000: 793155.337: Total time for which application threads were stopped: 0.0095393 seconds, Stopping threads took: 0.0007467 seconds
2019-02-01T00:49:42.597+0000: 793157.555: Application time: 2.2183068 seconds
2019-02-01T00:49:42.606+0000: 793157.564: Total time for which application threads were stopped: 0.0087275 seconds, Stopping threads took: 0.0003410 seconds
2019-02-01T00:49:42.607+0000: 793157.565: Application time: 0.0012227 seconds
2019-02-01T00:49:42.621+0000: 793157.579: [GC (GCLocker Initiated GC) 2019-02-01T00:49:42.633+0000: 793157.591: [SoftReference, 0 refs, 0.0000665 secs]2019-02-01T00:49:42.633+0000: 793157.591: [WeakReference, 10 refs, 0.0000156 secs]2019-02-01T00:49:42.633+0000: 793157.591: [FinalReference, 568 refs, 0.0003255 secs]2019-02-01T00:49:42.633+0000: 793157.591: [PhantomReference, 0 refs, 0 refs, 0.0000125 secs]2019-02-01T00:49:42.634+0000: 793157.591: [JNI Weak Reference, 0.0000210 secs]
Desired survivor size 90177536 bytes, new threshold 1 (max 15)
[PSYoungGen: 1019155K->26462K(1039360K)] 2015000K->1024958K(4356608K), 0.0176812 secs] [Times: user=0.17 sys=0.01, real=0.02 secs] 
2019-02-01T00:49:42.639+0000: 793157.597: Total time for which application threads were stopped: 0.0312565 seconds, Stopping threads took: 0.0050484 seconds
2019-02-01T00:49:45.617+0000: 793160.575: Application time: 2.9779486 seconds
2019-02-01T00:49:45.628+0000: 793160.586: Total time for which application threads were stopped: 0.0111581 seconds, Stopping threads took: 0.0022791 seconds
2019-02-01T00:49:45.630+0000: 793160.587: Application time: 0.0017876 seconds
2019-02-01T00:49:45.639+0000: 793160.597: [GC (GCLocker Initiated GC) 2019-02-01T00:49:45.655+0000: 793160.613: [SoftReference, 0 refs, 0.0000504 secs]2019-02-01T00:49:45.655+0000: 793160.613: [WeakReference, 50 refs, 0.0000291 secs]2019-02-01T00:49:45.655+0000: 793160.613: [FinalReference, 502 refs, 0.0002455 secs]2019-02-01T00:49:45.655+0000: 793160.613: [PhantomReference, 0 refs, 2 refs, 0.0000110 secs]2019-02-01T00:49:45.655+0000: 793160.613: [JNI Weak Reference, 0.0000185 secs]
Desired survivor size 95944704 bytes, new threshold 1 (max 15)
[PSYoungGen: 989022K->77288K(1027072K)] 1999760K->1090679K(4344320K), 0.0196342 secs] [Times: user=0.31 sys=0.00, real=0.02 secs] 
2019-02-01T00:49:45.659+0000: 793160.617: Total time for which application threads were stopped: 0.0293478 seconds, Stopping threads took: 0.0004046 seconds
2019-02-01T00:49:48.538+0000: 793163.496: Application time: 2.8791561 seconds
2019-02-01T00:49:48.547+0000: 793163.505: Total time for which application threads were stopped: 0.0091911 seconds, Stopping threads took: 0.0005454 seconds
2019-02-01T00:49:48.548+0000: 793163.506: Application time: 0.0009331 seconds
2019-02-01T00:49:48.557+0000: 793163.515: [GC (GCLocker Initiated GC) 2019-02-01T00:49:48.576+0000: 793163.533: [SoftReference, 0 refs, 0.0000619 secs]2019-02-01T00:49:48.576+0000: 793163.534: [WeakReference, 31 refs, 0.0000214 secs]2019-02-01T00:49:48.576+0000: 793163.534: [FinalReference, 454 refs, 0.0002161 secs]2019-02-01T00:49:48.576+0000: 793163.534: [PhantomReference, 0 refs, 1 refs, 0.0000106 secs]2019-02-01T00:49:48.576+0000: 793163.534: [JNI Weak Reference, 0.0000191 secs]
Desired survivor size 104857600 bytes, new threshold 1 (max 15)
[PSYoungGen: 1027048K->89414K(1031168K)] 2047136K->1114076K(4348416K), 0.0223894 secs] [Times: user=0.34 sys=0.00, real=0.03 secs] 
2019-02-01T00:49:48.580+0000: 793163.537: Total time for which application threads were stopped: 0.0312955 seconds, Stopping threads took: 0.0004034 seconds
2019-02-01T00:49:52.018+0000: 793166.976: Application time: 3.4384834 seconds
2019-02-01T00:49:52.027+0000: 793166.985: Total time for which application threads were stopped: 0.0086209 seconds, Stopping threads took: 0.0002732 seconds
2019-02-01T00:49:52.028+0000: 793166.985: Application time: 0.0009266 seconds
2019-02-01T00:49:52.036+0000: 793166.994: [GC (GCLocker Initiated GC) 2019-02-01T00:49:52.048+0000: 793167.006: [SoftReference, 0 refs, 0.0000816 secs]2019-02-01T00:49:52.048+0000: 793167.006: [WeakReference, 10 refs, 0.0000295 secs]2019-02-01T00:49:52.048+0000: 793167.006: [FinalReference, 533 refs, 0.0004271 secs]2019-02-01T00:49:52.049+0000: 793167.007: [PhantomReference, 0 refs, 0 refs, 0.0000270 secs]2019-02-01T00:49:52.049+0000: 793167.007: [JNI Weak Reference, 0.0000404 secs]
Desired survivor size 106954752 bytes, new threshold 1 (max 15)
[PSYoungGen: 1026886K->21113K(946688K)] 2051591K->1048878K(4263936K), 0.0183590 secs] [Times: user=0.18 sys=0.01, real=0.02 secs] 
2019-02-01T00:49:52.055+0000: 793167.013: Total time for which application threads were stopped: 0.0273204 seconds, Stopping threads took: 0.0001710 seconds
2019-02-01T00:49:55.232+0000: 793170.190: Application time: 3.1775178 seconds
2019-02-01T00:49:55.244+0000: 793170.201: Total time for which application threads were stopped: 0.0111569 seconds, Stopping threads took: 0.0005387 seconds
2019-02-01T00:49:55.245+0000: 793170.203: Application time: 0.0011332 seconds
2019-02-01T00:49:55.256+0000: 793170.214: [GC (GCLocker Initiated GC) 2019-02-01T00:49:55.273+0000: 793170.231: [SoftReference, 0 refs, 0.0000857 secs]2019-02-01T00:49:55.273+0000: 793170.231: [WeakReference, 59 refs, 0.0000402 secs]2019-02-01T00:49:55.273+0000: 793170.231: [FinalReference, 516 refs, 0.0003793 secs]2019-02-01T00:49:55.274+0000: 793170.231: [PhantomReference, 0 refs, 1 refs, 0.0000468 secs]2019-02-01T00:49:55.274+0000: 793170.231: [JNI Weak Reference, 0.0000603 secs]
Desired survivor size 111673344 bytes, new threshold 1 (max 15)
[PSYoungGen: 946297K->79748K(1015296K)] 1974230K->1110826K(4332544K), 0.0215583 secs] [Times: user=0.30 sys=0.01, real=0.02 secs] 
2019-02-01T00:49:55.278+0000: 793170.236: Total time for which application threads were stopped: 0.0329368 seconds, Stopping threads took: 0.0006435 seconds
2019-02-01T00:49:58.030+0000: 793172.988: Application time: 2.7521397 seconds
2019-02-01T00:49:58.039+0000: 793172.997: Total time for which application threads were stopped: 0.0088708 seconds, Stopping threads took: 0.0003520 seconds
2019-02-01T00:49:58.040+0000: 793172.997: Application time: 0.0008341 seconds
2019-02-01T00:49:58.048+0000: 793173.006: [GC (GCLocker Initiated GC) 2019-02-01T00:49:58.068+0000: 793173.026: [SoftReference, 0 refs, 0.0000789 secs]2019-02-01T00:49:58.068+0000: 793173.026: [WeakReference, 26 refs, 0.0000322 secs]2019-02-01T00:49:58.068+0000: 793173.026: [FinalReference, 477 refs, 0.0003716 secs]2019-02-01T00:49:58.068+0000: 793173.026: [PhantomReference, 0 refs, 0 refs, 0.0000192 secs]2019-02-01T00:49:58.068+0000: 793173.026: [JNI Weak Reference, 0.0000315 secs]
Desired survivor size 117964800 bytes, new threshold 1 (max 15)
[PSYoungGen: 993156K->87965K(990208K)] 2025376K->1123605K(4307456K), 0.0240132 secs] [Times: user=0.31 sys=0.00, real=0.03 secs] 
2019-02-01T00:49:58.073+0000: 793173.030: Total time for which application threads were stopped: 0.0329407 seconds, Stopping threads took: 0.0003613 seconds
2019-02-01T00:50:01.458+0000: 793176.416: Application time: 3.3854958 seconds
2019-02-01T00:50:01.467+0000: 793176.425: Total time for which application threads were stopped: 0.0090505 seconds, Stopping threads took: 0.0003375 seconds
2019-02-01T00:50:01.468+0000: 793176.426: Application time: 0.0006893 seconds
2019-02-01T00:50:01.477+0000: 793176.435: [GC (GCLocker Initiated GC) 2019-02-01T00:50:01.491+0000: 793176.449: [SoftReference, 0 refs, 0.0000623 secs]2019-02-01T00:50:01.491+0000: 793176.449: [WeakReference, 28 refs, 0.0000206 secs]2019-02-01T00:50:01.491+0000: 793176.449: [FinalReference, 539 refs, 0.0002631 secs]2019-02-01T00:50:01.491+0000: 793176.449: [PhantomReference, 0 refs, 1 refs, 0.0000133 secs]2019-02-01T00:50:01.491+0000: 793176.449: [JNI Weak Reference, 0.0000192 secs]
Desired survivor size 115867648 bytes, new threshold 1 (max 15)
[PSYoungGen: 990109K->38678K(990720K)] 2029624K->1082775K(4307968K), 0.0193462 secs] [Times: user=0.18 sys=0.01, real=0.02 secs] 
2019-02-01T00:50:01.497+0000: 793176.455: Total time for which application threads were stopped: 0.0290012 seconds, Stopping threads took: 0.0003492 seconds
2019-02-01T00:50:02.413+0000: 793177.371: Application time: 0.9162790 seconds
2019-02-01T00:50:02.422+0000: 793177.380: Total time for which application threads were stopped: 0.0086807 seconds, Stopping threads took: 0.0003990 seconds
2019-02-01T00:50:04.339+0000: 793179.297: Application time: 1.9171346 seconds
2019-02-01T00:50:04.348+0000: 793179.306: Total time for which application threads were stopped: 0.0089648 seconds, Stopping threads took: 0.0002147 seconds
2019-02-01T00:50:04.348+0000: 793179.306: Application time: 0.0004469 seconds
2019-02-01T00:50:04.357+0000: 793179.315: [GC (GCLocker Initiated GC) 2019-02-01T00:50:04.368+0000: 793179.326: [SoftReference, 0 refs, 0.0000748 secs]2019-02-01T00:50:04.368+0000: 793179.326: [WeakReference, 60 refs, 0.0000444 secs]2019-02-01T00:50:04.368+0000: 793179.326: [FinalReference, 486 refs, 0.0003439 secs]2019-02-01T00:50:04.368+0000: 793179.326: [PhantomReference, 0 refs, 0 refs, 0.0000190 secs]2019-02-01T00:50:04.368+0000: 793179.326: [JNI Weak Reference, 0.0000325 secs]
Desired survivor size 114294784 bytes, new threshold 1 (max 15)
[PSYoungGen: 929558K->36873K(916992K)] 1976998K->1087362K(4234240K), 0.0195959 secs] [Times: user=0.20 sys=0.01, real=0.02 secs] 
2019-02-01T00:50:04.377+0000: 793179.335: Total time for which application threads were stopped: 0.0284575 seconds, Stopping threads took: 0.0003072 seconds
2019-02-01T00:50:07.252+0000: 793182.210: Application time: 2.8750208 seconds
2019-02-01T00:50:07.261+0000: 793182.218: Total time for which application threads were stopped: 0.0087481 seconds, Stopping threads took: 0.0002638 seconds
2019-02-01T00:50:07.262+0000: 793182.220: Application time: 0.0014047 seconds
2019-02-01T00:50:07.270+0000: 793182.228: [GC (GCLocker Initiated GC) 2019-02-01T00:50:07.283+0000: 793182.240: [SoftReference, 0 refs, 0.0000776 secs]2019-02-01T00:50:07.283+0000: 793182.241: [WeakReference, 9 refs, 0.0000228 secs]2019-02-01T00:50:07.283+0000: 793182.241: [FinalReference, 445 refs, 0.0003191 secs]2019-02-01T00:50:07.283+0000: 793182.241: [PhantomReference, 0 refs, 0 refs, 0.0000192 secs]2019-02-01T00:50:07.283+0000: 793182.241: [JNI Weak Reference, 0.0000323 secs]
Desired survivor size 109051904 bytes, new threshold 1 (max 15)
[PSYoungGen: 916489K->54011K(959488K)] 1967016K->1107053K(4276736K), 0.0217121 secs] [Times: user=0.23 sys=0.01, real=0.03 secs] 
2019-02-01T00:50:07.292+0000: 793182.250: Total time for which application threads were stopped: 0.0304200 seconds, Stopping threads took: 0.0002353 seconds
2019-02-01T00:50:10.060+0000: 793185.018: Application time: 2.7678419 seconds
2019-02-01T00:50:10.069+0000: 793185.027: [GC (Allocation Failure) 2019-02-01T00:50:10.080+0000: 793185.038: [SoftReference, 0 refs, 0.0000800 secs]2019-02-01T00:50:10.080+0000: 793185.038: [WeakReference, 9 refs, 0.0000248 secs]2019-02-01T00:50:10.080+0000: 793185.038: [FinalReference, 450 refs, 0.0003530 secs]2019-02-01T00:50:10.081+0000: 793185.039: [PhantomReference, 0 refs, 1 refs, 0.0000196 secs]2019-02-01T00:50:10.081+0000: 793185.039: [JNI Weak Reference, 0.0000306 secs]
Desired survivor size 106430464 bytes, new threshold 1 (max 15)
[PSYoungGen: 922875K->39430K(898048K)] 1979243K->1098348K(4215296K), 0.0196675 secs] [Times: user=0.18 sys=0.01, real=0.02 secs] 
2019-02-01T00:50:10.089+0000: 793185.047: Total time for which application threads were stopped: 0.0290777 seconds, Stopping threads took: 0.0003636 seconds
2019-02-01T00:50:13.114+0000: 793188.072: Application time: 3.0246815 seconds
2019-02-01T00:50:13.123+0000: 793188.081: Total time for which application threads were stopped: 0.0089068 seconds, Stopping threads took: 0.0002637 seconds
2019-02-01T00:50:13.123+0000: 793188.081: Application time: 0.0004599 seconds
2019-02-01T00:50:13.133+0000: 793188.091: [GC (GCLocker Initiated GC) 2019-02-01T00:50:13.144+0000: 793188.102: [SoftReference, 0 refs, 0.0000784 secs]2019-02-01T00:50:13.144+0000: 793188.102: [WeakReference, 32 refs, 0.0000307 secs]2019-02-01T00:50:13.144+0000: 793188.102: [FinalReference, 494 refs, 0.0004759 secs]2019-02-01T00:50:13.145+0000: 793188.103: [PhantomReference, 0 refs, 0 refs, 0.0000242 secs]2019-02-01T00:50:13.145+0000: 793188.103: [JNI Weak Reference, 0.0000328 secs]
Desired survivor size 104857600 bytes, new threshold 1 (max 15)
[PSYoungGen: 896514K->34168K(938496K)] 1958753K->1099480K(4255744K), 0.0201412 secs] [Times: user=0.19 sys=0.00, real=0.02 secs] 
2019-02-01T00:50:13.154+0000: 793188.111: Total time for which application threads were stopped: 0.0302302 seconds, Stopping threads took: 0.0005793 seconds
2019-02-01T00:50:16.135+0000: 793191.093: Application time: 2.9816547 seconds
2019-02-01T00:50:16.144+0000: 793191.102: Total time for which application threads were stopped: 0.0086852 seconds, Stopping threads took: 0.0008666 seconds
2019-02-01T00:50:16.145+0000: 793191.102: Application time: 0.0007023 seconds
2019-02-01T00:50:16.153+0000: 793191.111: [GC (GCLocker Initiated GC) 2019-02-01T00:50:16.165+0000: 793191.123: [SoftReference, 0 refs, 0.0000769 secs]2019-02-01T00:50:16.165+0000: 793191.123: [WeakReference, 35 refs, 0.0000343 secs]2019-02-01T00:50:16.165+0000: 793191.123: [FinalReference, 474 refs, 0.0003683 secs]2019-02-01T00:50:16.166+0000: 793191.123: [PhantomReference, 0 refs, 1 refs, 0.0000209 secs]2019-02-01T00:50:16.166+0000: 793191.123: [JNI Weak Reference, 0.0000328 secs]
Desired survivor size 101187584 bytes, new threshold 1 (max 15)
[PSYoungGen: 882040K->43165K(881152K)] 1947369K->1110749K(4198400K), 0.0220299 secs] [Times: user=0.17 sys=0.01, real=0.02 secs] 
2019-02-01T00:50:16.176+0000: 793191.134: Total time for which application threads were stopped: 0.0311063 seconds, Stopping threads took: 0.0002710 seconds
2019-02-01T00:50:18.856+0000: 793193.813: Application time: 2.6798081 seconds
2019-02-01T00:50:18.864+0000: 793193.822: Total time for which application threads were stopped: 0.0085931 seconds, Stopping threads took: 0.0002106 seconds
2019-02-01T00:50:18.865+0000: 793193.822: Application time: 0.0004432 seconds
2019-02-01T00:50:18.872+0000: 793193.830: [GC (GCLocker Initiated GC) 2019-02-01T00:50:18.885+0000: 793193.842: [SoftReference, 0 refs, 0.0000596 secs]2019-02-01T00:50:18.885+0000: 793193.843: [WeakReference, 20 refs, 0.0000188 secs]2019-02-01T00:50:18.885+0000: 793193.843: [FinalReference, 433 refs, 0.0002326 secs]2019-02-01T00:50:18.885+0000: 793193.843: [PhantomReference, 0 refs, 0 refs, 0.0000098 secs]2019-02-01T00:50:18.885+0000: 793193.843: [JNI Weak Reference, 0.0000192 secs]
Desired survivor size 98041856 bytes, new threshold 1 (max 15)
[PSYoungGen: 880797K->43257K(910848K)] 1948928K->1113577K(4228096K), 0.0189955 secs] [Times: user=0.20 sys=0.01, real=0.01 secs] 
2019-02-01T00:50:18.892+0000: 793193.849: Total time for which application threads were stopped: 0.0269021 seconds, Stopping threads took: 0.0002233 seconds
2019-02-01T00:50:21.685+0000: 793196.642: Application time: 2.7929966 seconds
2019-02-01T00:50:21.698+0000: 793196.656: Total time for which application threads were stopped: 0.0132677 seconds, Stopping threads took: 0.0048791 seconds
2019-02-01T00:50:21.699+0000: 793196.657: Application time: 0.0009138 seconds
2019-02-01T00:50:21.706+0000: 793196.664: [GC (GCLocker Initiated GC) 2019-02-01T00:50:21.718+0000: 793196.675: [SoftReference, 0 refs, 0.0000525 secs]2019-02-01T00:50:21.718+0000: 793196.675: [WeakReference, 45 refs, 0.0000289 secs]2019-02-01T00:50:21.718+0000: 793196.675: [FinalReference, 477 refs, 0.0002698 secs]2019-02-01T00:50:21.718+0000: 793196.676: [PhantomReference, 0 refs, 3 refs, 0.0000152 secs]2019-02-01T00:50:21.718+0000: 793196.676: [JNI Weak Reference, 0.0000244 secs]
Desired survivor size 97517568 bytes, new threshold 1 (max 15)
[PSYoungGen: 871161K->26394K(844800K)] 1951464K->1109880K(4162048K), 0.0174822 secs] [Times: user=0.17 sys=0.01, real=0.02 secs] 
2019-02-01T00:50:21.724+0000: 793196.682: Total time for which application threads were stopped: 0.0251553 seconds, Stopping threads took: 0.0005950 seconds
2019-02-01T00:50:25.148+0000: 793200.106: Application time: 3.4242226 seconds
2019-02-01T00:50:25.155+0000: 793200.113: Total time for which application threads were stopped: 0.0070463 seconds, Stopping threads took: 0.0002746 seconds
2019-02-01T00:50:25.155+0000: 793200.113: Application time: 0.0001710 seconds
2019-02-01T00:50:25.162+0000: 793200.120: Total time for which application threads were stopped: 0.0070446 seconds, Stopping threads took: 0.0002455 seconds
2019-02-01T00:50:25.163+0000: 793200.121: Application time: 0.0002769 seconds
2019-02-01T00:50:25.170+0000: 793200.128: [GC (GCLocker Initiated GC) 2019-02-01T00:50:25.183+0000: 793200.141: [SoftReference, 0 refs, 0.0001115 secs]2019-02-01T00:50:25.184+0000: 793200.141: [WeakReference, 9 refs, 0.0000249 secs]2019-02-01T00:50:25.184+0000: 793200.141: [FinalReference, 464 refs, 0.0002765 secs]2019-02-01T00:50:25.184+0000: 793200.142: [PhantomReference, 0 refs, 0 refs, 0.0000145 secs]2019-02-01T00:50:25.184+0000: 793200.142: [JNI Weak Reference, 0.0000237 secs]
Desired survivor size 92798976 bytes, new threshold 1 (max 15)
[PSYoungGen: 844570K->47845K(885760K)] 1928232K->1133752K(4203008K), 0.0212814 secs] [Times: user=0.22 sys=0.00, real=0.02 secs] 
2019-02-01T00:50:25.191+0000: 793200.149: Total time for which application threads were stopped: 0.0285039 seconds, Stopping threads took: 0.0002430 seconds
2019-02-01T00:50:27.869+0000: 793202.827: Application time: 2.6778245 seconds
2019-02-01T00:50:27.878+0000: 793202.835: Total time for which application threads were stopped: 0.0086450 seconds, Stopping threads took: 0.0003475 seconds
2019-02-01T00:50:27.878+0000: 793202.836: Application time: 0.0006886 seconds
2019-02-01T00:50:27.887+0000: 793202.845: [GC (GCLocker Initiated GC) 2019-02-01T00:50:27.899+0000: 793202.857: [SoftReference, 0 refs, 0.0000613 secs]2019-02-01T00:50:27.899+0000: 793202.857: [WeakReference, 10 refs, 0.0000134 secs]2019-02-01T00:50:27.899+0000: 793202.857: [FinalReference, 433 refs, 0.0002210 secs]2019-02-01T00:50:27.899+0000: 793202.857: [PhantomReference, 0 refs, 0 refs, 0.0000103 secs]2019-02-01T00:50:27.899+0000: 793202.857: [JNI Weak Reference, 0.0000186 secs]
Desired survivor size 92274688 bytes, new threshold 1 (max 15)
[PSYoungGen: 856805K->57577K(857600K)] 1946066K->1153210K(4174848K), 0.0173449 secs] [Times: user=0.20 sys=0.01, real=0.02 secs] 
2019-02-01T00:50:27.905+0000: 793202.862: Total time for which application threads were stopped: 0.0261651 seconds, Stopping threads took: 0.0001776 seconds
2019-02-01T00:50:30.353+0000: 793205.311: Application time: 2.4481599 seconds
2019-02-01T00:50:30.362+0000: 793205.320: Total time for which application threads were stopped: 0.0090539 seconds, Stopping threads took: 0.0018222 seconds
2019-02-01T00:50:30.363+0000: 793205.320: Application time: 0.0007702 seconds
2019-02-01T00:50:30.371+0000: 793205.329: [GC (GCLocker Initiated GC) 2019-02-01T00:50:30.384+0000: 793205.342: [SoftReference, 0 refs, 0.0000582 secs]2019-02-01T00:50:30.384+0000: 793205.342: [WeakReference, 42 refs, 0.0000287 secs]2019-02-01T00:50:30.384+0000: 793205.342: [FinalReference, 383 refs, 0.0001879 secs]2019-02-01T00:50:30.385+0000: 793205.342: [PhantomReference, 0 refs, 1 refs, 0.0000106 secs]2019-02-01T00:50:30.385+0000: 793205.342: [JNI Weak Reference, 0.0000570 secs]
Desired survivor size 88604672 bytes, new threshold 1 (max 15)
[PSYoungGen: 857321K->43851K(864256K)] 1959865K->1156382K(4181504K), 0.0196324 secs] [Times: user=0.20 sys=0.01, real=0.02 secs] 
2019-02-01T00:50:30.391+0000: 793205.349: Total time for which application threads were stopped: 0.0284629 seconds, Stopping threads took: 0.0002898 seconds
2019-02-01T00:50:32.740+0000: 793207.698: Application time: 2.3486953 seconds
2019-02-01T00:50:32.747+0000: 793207.705: Total time for which application threads were stopped: 0.0070042 seconds, Stopping threads took: 0.0002855 seconds
2019-02-01T00:50:32.747+0000: 793207.705: Application time: 0.0006275 seconds
2019-02-01T00:50:32.754+0000: 793207.712: [GC (GCLocker Initiated GC) 2019-02-01T00:50:32.771+0000: 793207.729: [SoftReference, 0 refs, 0.0000615 secs]2019-02-01T00:50:32.771+0000: 793207.729: [WeakReference, 55 refs, 0.0000365 secs]2019-02-01T00:50:32.771+0000: 793207.729: [FinalReference, 423 refs, 0.0002196 secs]2019-02-01T00:50:32.771+0000: 793207.729: [PhantomReference, 0 refs, 0 refs, 0.0000114 secs]2019-02-01T00:50:32.771+0000: 793207.729: [JNI Weak Reference, 0.0000206 secs]
Desired survivor size 91226112 bytes, new threshold 1 (max 15)
[PSYoungGen: 834379K->65522K(847360K)] 1946928K->1182549K(4164608K), 0.0213211 secs] [Times: user=0.26 sys=0.00, real=0.03 secs] 
2019-02-01T00:50:32.776+0000: 793207.733: Total time for which application threads were stopped: 0.0282413 seconds, Stopping threads took: 0.0001650 seconds
2019-02-01T00:50:35.412+0000: 793210.370: Application time: 2.6363862 seconds
2019-02-01T00:50:35.419+0000: 793210.377: Total time for which application threads were stopped: 0.0070353 seconds, Stopping threads took: 0.0002582 seconds
2019-02-01T00:50:35.420+0000: 793210.378: Application time: 0.0006861 seconds
2019-02-01T00:50:35.427+0000: 793210.384: [GC (GCLocker Initiated GC) 2019-02-01T00:50:35.439+0000: 793210.396: [SoftReference, 0 refs, 0.0000620 secs]2019-02-01T00:50:35.439+0000: 793210.396: [WeakReference, 48 refs, 0.0000269 secs]2019-02-01T00:50:35.439+0000: 793210.396: [FinalReference, 440 refs, 0.0002052 secs]2019-02-01T00:50:35.439+0000: 793210.397: [PhantomReference, 0 refs, 0 refs, 0.0000095 secs]2019-02-01T00:50:35.439+0000: 793210.397: [JNI Weak Reference, 0.0000184 secs]
Desired survivor size 88080384 bytes, new threshold 1 (max 15)
[PSYoungGen: 847346K->51770K(847360K)] 1964394K->1172359K(4164608K), 0.0182818 secs] [Times: user=0.21 sys=0.01, real=0.01 secs] 
2019-02-01T00:50:35.445+0000: 793210.403: Total time for which application threads were stopped: 0.0253799 seconds, Stopping threads took: 0.0002488 seconds
2019-02-01T00:50:38.235+0000: 793213.193: Application time: 2.7900772 seconds
2019-02-01T00:50:38.242+0000: 793213.200: Total time for which application threads were stopped: 0.0072214 seconds, Stopping threads took: 0.0003126 seconds
2019-02-01T00:50:38.243+0000: 793213.201: Application time: 0.0005909 seconds
2019-02-01T00:50:38.250+0000: 793213.207: [GC (GCLocker Initiated GC) 2019-02-01T00:50:38.263+0000: 793213.221: [SoftReference, 0 refs, 0.0000526 secs]2019-02-01T00:50:38.264+0000: 793213.221: [WeakReference, 27 refs, 0.0000326 secs]2019-02-01T00:50:38.264+0000: 793213.221: [FinalReference, 480 refs, 0.0002348 secs]2019-02-01T00:50:38.264+0000: 793213.222: [PhantomReference, 0 refs, 0 refs, 0.0000102 secs]2019-02-01T00:50:38.264+0000: 793213.222: [JNI Weak Reference, 0.0000179 secs]
Desired survivor size 87031808 bytes, new threshold 1 (max 15)
[PSYoungGen: 824890K->34034K(798720K)] 1955470K->1167701K(4115968K), 0.0195450 secs] [Times: user=0.21 sys=0.01, real=0.02 secs] 
2019-02-01T00:50:38.269+0000: 793213.227: Total time for which application threads were stopped: 0.0264208 seconds, Stopping threads took: 0.0002368 seconds
2019-02-01T00:50:40.370+0000: 793215.327: Application time: 2.1002523 seconds
2019-02-01T00:50:40.377+0000: 793215.335: Total time for which application threads were stopped: 0.0073465 seconds, Stopping threads took: 0.0001948 seconds
2019-02-01T00:50:40.712+0000: 793215.670: Application time: 0.3352293 seconds
2019-02-01T00:50:40.721+0000: 793215.679: Total time for which application threads were stopped: 0.0091861 seconds, Stopping threads took: 0.0008643 seconds
2019-02-01T00:50:40.722+0000: 793215.680: Application time: 0.0005619 seconds
2019-02-01T00:50:40.735+0000: 793215.693: [GC (GCLocker Initiated GC) 2019-02-01T00:50:40.747+0000: 793215.705: [SoftReference, 0 refs, 0.0000809 secs]2019-02-01T00:50:40.747+0000: 793215.705: [WeakReference, 54 refs, 0.0000414 secs]2019-02-01T00:50:40.747+0000: 793215.705: [FinalReference, 398 refs, 0.0002966 secs]2019-02-01T00:50:40.747+0000: 793215.705: [PhantomReference, 0 refs, 0 refs, 0.0000370 secs]2019-02-01T00:50:40.747+0000: 793215.705: [JNI Weak Reference, 0.0000331 secs]
Desired survivor size 85458944 bytes, new threshold 1 (max 15)
[PSYoungGen: 798450K->37301K(829952K)] 1935475K->1177381K(4147200K), 0.0201957 secs] [Times: user=0.17 sys=0.00, real=0.02 secs] 
2019-02-01T00:50:40.756+0000: 793215.714: Total time for which application threads were stopped: 0.0337534 seconds, Stopping threads took: 0.0049590 seconds
2019-02-01T00:50:42.963+0000: 793217.921: Application time: 2.2072642 seconds
2019-02-01T00:50:42.972+0000: 793217.930: [GC (Allocation Failure) 2019-02-01T00:50:42.983+0000: 793217.941: [SoftReference, 0 refs, 0.0000714 secs]2019-02-01T00:50:42.983+0000: 793217.941: [WeakReference, 54 refs, 0.0000370 secs]2019-02-01T00:50:42.983+0000: 793217.941: [FinalReference, 419 refs, 0.0002673 secs]2019-02-01T00:50:42.983+0000: 793217.941: [PhantomReference, 0 refs, 0 refs, 0.0000152 secs]2019-02-01T00:50:42.983+0000: 793217.941: [JNI Weak Reference, 0.0000249 secs]
Desired survivor size 85983232 bytes, new threshold 1 (max 15)
[PSYoungGen: 793525K->24890K(773120K)] 1933608K->1168069K(4090368K), 0.0173721 secs] [Times: user=0.15 sys=0.00, real=0.02 secs] 
2019-02-01T00:50:42.989+0000: 793217.947: Total time for which application threads were stopped: 0.0262863 seconds, Stopping threads took: 0.0002915 seconds
2019-02-01T00:50:44.975+0000: 793219.932: Application time: 1.9852273 seconds
2019-02-01T00:50:44.986+0000: 793219.944: Total time for which application threads were stopped: 0.0115331 seconds, Stopping threads took: 0.0031969 seconds
2019-02-01T00:50:44.988+0000: 793219.946: Application time: 0.0023958 seconds
2019-02-01T00:50:44.997+0000: 793219.955: [GC (GCLocker Initiated GC) 2019-02-01T00:50:45.013+0000: 793219.971: [SoftReference, 0 refs, 0.0000793 secs]2019-02-01T00:50:45.013+0000: 793219.971: [WeakReference, 58 refs, 0.0000672 secs]2019-02-01T00:50:45.014+0000: 793219.971: [FinalReference, 376 refs, 0.0002775 secs]2019-02-01T00:50:45.014+0000: 793219.972: [PhantomReference, 0 refs, 2 refs, 0.0000201 secs]2019-02-01T00:50:45.014+0000: 793219.972: [JNI Weak Reference, 0.0000321 secs]
Desired survivor size 93323264 bytes, new threshold 1 (max 15)
[PSYoungGen: 772922K->75994K(823808K)] 1916591K->1226375K(4141056K), 0.0215627 secs] [Times: user=0.28 sys=0.00, real=0.02 secs] 
2019-02-01T00:50:45.019+0000: 793219.977: Total time for which application threads were stopped: 0.0306018 seconds, Stopping threads took: 0.0003723 seconds
2019-02-01T00:50:47.177+0000: 793222.134: Application time: 2.1575106 seconds
2019-02-01T00:50:47.186+0000: 793222.144: Total time for which application threads were stopped: 0.0092849 seconds, Stopping threads took: 0.0024553 seconds
2019-02-01T00:50:47.187+0000: 793222.145: Application time: 0.0009696 seconds
2019-02-01T00:50:47.196+0000: 793222.153: [GC (GCLocker Initiated GC) 2019-02-01T00:50:47.207+0000: 793222.165: [SoftReference, 0 refs, 0.0000597 secs]2019-02-01T00:50:47.207+0000: 793222.165: [WeakReference, 14 refs, 0.0000147 secs]2019-02-01T00:50:47.207+0000: 793222.165: [FinalReference, 415 refs, 0.0001887 secs]2019-02-01T00:50:47.208+0000: 793222.166: [PhantomReference, 0 refs, 1 refs, 0.0000104 secs]2019-02-01T00:50:47.208+0000: 793222.166: [JNI Weak Reference, 0.0000189 secs]
Desired survivor size 89653248 bytes, new threshold 1 (max 15)
[PSYoungGen: 815834K->45463K(777728K)] 1972885K->1206119K(4094976K), 0.0172220 secs] [Times: user=0.21 sys=0.00, real=0.02 secs] 
2019-02-01T00:50:47.213+0000: 793222.171: Total time for which application threads were stopped: 0.0260872 seconds, Stopping threads took: 0.0002184 seconds
2019-02-01T00:50:49.430+0000: 793224.387: Application time: 2.2166164 seconds
2019-02-01T00:50:49.437+0000: 793224.395: Total time for which application threads were stopped: 0.0073060 seconds, Stopping threads took: 0.0003514 seconds
2019-02-01T00:50:49.438+0000: 793224.396: Application time: 0.0011982 seconds
2019-02-01T00:50:49.447+0000: 793224.405: [GC (GCLocker Initiated GC) 2019-02-01T00:50:49.462+0000: 793224.420: [SoftReference, 0 refs, 0.0000606 secs]2019-02-01T00:50:49.463+0000: 793224.420: [WeakReference, 20 refs, 0.0000221 secs]2019-02-01T00:50:49.463+0000: 793224.420: [FinalReference, 386 refs, 0.0001979 secs]2019-02-01T00:50:49.463+0000: 793224.421: [PhantomReference, 0 refs, 0 refs, 0.0000124 secs]2019-02-01T00:50:49.463+0000: 793224.421: [JNI Weak Reference, 0.0000313 secs]
Desired survivor size 92274688 bytes, new threshold 1 (max 15)
[PSYoungGen: 777623K->65424K(809472K)] 1938303K->1230918K(4126720K), 0.0210808 secs] [Times: user=0.22 sys=0.00, real=0.03 secs] 
2019-02-01T00:50:49.468+0000: 793224.426: Total time for which application threads were stopped: 0.0300560 seconds, Stopping threads took: 0.0002506 seconds
2019-02-01T00:50:51.457+0000: 793226.414: Application time: 1.9884921 seconds
2019-02-01T00:50:51.465+0000: 793226.423: Total time for which application threads were stopped: 0.0084745 seconds, Stopping threads took: 0.0002784 seconds
2019-02-01T00:50:51.466+0000: 793226.424: Application time: 0.0006526 seconds
2019-02-01T00:50:51.474+0000: 793226.432: [GC (GCLocker Initiated GC) 2019-02-01T00:50:51.488+0000: 793226.446: [SoftReference, 0 refs, 0.0000589 secs]2019-02-01T00:50:51.488+0000: 793226.446: [WeakReference, 27 refs, 0.0000188 secs]2019-02-01T00:50:51.488+0000: 793226.446: [FinalReference, 356 refs, 0.0001634 secs]2019-02-01T00:50:51.488+0000: 793226.446: [PhantomReference, 0 refs, 1 refs, 0.0000102 secs]2019-02-01T00:50:51.488+0000: 793226.446: [JNI Weak Reference, 0.0000192 secs]
Desired survivor size 92798976 bytes, new threshold 1 (max 15)
[PSYoungGen: 789904K->61816K(814592K)] 1958783K->1235321K(4131840K), 0.0172147 secs] [Times: user=0.23 sys=0.00, real=0.02 secs] 
2019-02-01T00:50:51.492+0000: 793226.450: Total time for which application threads were stopped: 0.0259483 seconds, Stopping threads took: 0.0003708 seconds
2019-02-01T00:50:53.957+0000: 793228.914: Application time: 2.4648519 seconds
2019-02-01T00:50:53.964+0000: 793228.922: [GC (Allocation Failure) 2019-02-01T00:50:53.985+0000: 793228.943: [SoftReference, 0 refs, 0.0000584 secs]2019-02-01T00:50:53.985+0000: 793228.943: [WeakReference, 13 refs, 0.0000186 secs]2019-02-01T00:50:53.986+0000: 793228.943: [FinalReference, 424 refs, 0.0002791 secs]2019-02-01T00:50:53.986+0000: 793228.944: [PhantomReference, 0 refs, 0 refs, 0.0000140 secs]2019-02-01T00:50:53.986+0000: 793228.944: [JNI Weak Reference, 0.0000240 secs]
Desired survivor size 92274688 bytes, new threshold 1 (max 15)
[PSYoungGen: 786296K->31590K(927232K)] 1963123K->1211046K(4244480K), 0.0257752 secs] [Times: user=0.36 sys=0.06, real=0.03 secs] 
2019-02-01T00:50:53.990+0000: 793228.948: Total time for which application threads were stopped: 0.0332477 seconds, Stopping threads took: 0.0003037 seconds
2019-02-01T00:50:56.572+0000: 793231.530: Application time: 2.5818767 seconds
2019-02-01T00:50:56.580+0000: 793231.538: Total time for which application threads were stopped: 0.0086025 seconds, Stopping threads took: 0.0003754 seconds
2019-02-01T00:50:56.582+0000: 793231.539: Application time: 0.0011640 seconds
2019-02-01T00:50:56.590+0000: 793231.548: [GC (GCLocker Initiated GC) 2019-02-01T00:50:56.609+0000: 793231.567: [SoftReference, 0 refs, 0.0000799 secs]2019-02-01T00:50:56.610+0000: 793231.567: [WeakReference, 46 refs, 0.0000370 secs]2019-02-01T00:50:56.610+0000: 793231.567: [FinalReference, 417 refs, 0.0003659 secs]2019-02-01T00:50:56.610+0000: 793231.568: [PhantomReference, 0 refs, 0 refs, 0.0000196 secs]2019-02-01T00:50:56.610+0000: 793231.568: [JNI Weak Reference, 0.0000326 secs]
Desired survivor size 102760448 bytes, new threshold 1 (max 15)
[PSYoungGen: 868198K->89050K(926720K)] 2050975K->1278338K(4243968K), 0.0250254 secs] [Times: user=0.35 sys=0.05, real=0.02 secs] 
2019-02-01T00:50:56.616+0000: 793231.573: Total time for which application threads were stopped: 0.0340674 seconds, Stopping threads took: 0.0003980 seconds
2019-02-01T00:50:58.939+0000: 793233.897: Application time: 2.3234295 seconds
2019-02-01T00:50:58.945+0000: 793233.903: Total time for which application threads were stopped: 0.0057548 seconds, Stopping threads took: 0.0002339 seconds
2019-02-01T00:50:58.946+0000: 793233.904: Application time: 0.0010081 seconds
2019-02-01T00:50:58.952+0000: 793233.910: [GC (GCLocker Initiated GC) 2019-02-01T00:50:58.974+0000: 793233.931: [SoftReference, 0 refs, 0.0000508 secs]2019-02-01T00:50:58.974+0000: 793233.932: [WeakReference, 12 refs, 0.0000150 secs]2019-02-01T00:50:58.974+0000: 793233.932: [FinalReference, 447 refs, 0.0002512 secs]2019-02-01T00:50:58.974+0000: 793233.932: [PhantomReference, 0 refs, 0 refs, 0.0000093 secs]2019-02-01T00:50:58.974+0000: 793233.932: [JNI Weak Reference, 0.0000190 secs]
Desired survivor size 102236160 bytes, new threshold 1 (max 15)
[PSYoungGen: 925658K->63971K(1069568K)] 2115530K->1256228K(4386816K), 0.0250924 secs] [Times: user=0.32 sys=0.15, real=0.02 secs] 
2019-02-01T00:50:58.977+0000: 793233.935: Total time for which application threads were stopped: 0.0316873 seconds, Stopping threads took: 0.0002698 seconds
2019-02-01T00:51:01.964+0000: 793236.922: Application time: 2.9866270 seconds
2019-02-01T00:51:01.976+0000: 793236.934: Total time for which application threads were stopped: 0.0118712 seconds, Stopping threads took: 0.0042053 seconds
2019-02-01T00:51:01.977+0000: 793236.935: Application time: 0.0007582 seconds
2019-02-01T00:51:01.984+0000: 793236.942: [GC (GCLocker Initiated GC) 2019-02-01T00:51:04.819+0000: 793239.777: [SoftReference, 0 refs, 0.0000463 secs]2019-02-01T00:51:04.819+0000: 793239.777: [WeakReference, 31 refs, 0.0000256 secs]2019-02-01T00:51:04.819+0000: 793239.777: [FinalReference, 547 refs, 0.0003194 secs]2019-02-01T00:51:04.819+0000: 793239.777: [PhantomReference, 0 refs, 1 refs, 0.0000114 secs]2019-02-01T00:51:04.819+0000: 793239.777: [JNI Weak Reference, 0.0000194 secs]
Desired survivor size 99614720 bytes, new threshold 1 (max 15)
[PSYoungGen: 1033187K->59587K(1069056K)] 2228779K->1258416K(4386304K), 2.8389983 secs] [Times: user=12.76 sys=51.23, real=2.84 secs] 
2019-02-01T00:51:04.823+0000: 793239.781: Total time for which application threads were stopped: 2.8464221 seconds, Stopping threads took: 0.0004442 seconds
2019-02-01T00:51:06.693+0000: 793241.651: Application time: 1.8695632 seconds
2019-02-01T00:51:06.699+0000: 793241.657: Total time for which application threads were stopped: 0.0062181 seconds, Stopping threads took: 0.0003092 seconds
2019-02-01T00:51:06.700+0000: 793241.658: Application time: 0.0009488 seconds
2019-02-01T00:51:06.706+0000: 793241.664: [GC (GCLocker Initiated GC) 2019-02-01T00:51:08.541+0000: 793243.499: [SoftReference, 0 refs, 0.0000462 secs]2019-02-01T00:51:08.541+0000: 793243.499: [WeakReference, 75 refs, 0.0000372 secs]2019-02-01T00:51:08.541+0000: 793243.499: [FinalReference, 642 refs, 0.0002929 secs]2019-02-01T00:51:08.541+0000: 793243.499: [PhantomReference, 0 refs, 0 refs, 0.0000103 secs]2019-02-01T00:51:08.541+0000: 793243.499: [JNI Weak Reference, 0.0000193 secs]
Desired survivor size 114294784 bytes, new threshold 1 (max 15)
[PSYoungGen: 1028803K->97276K(1243136K)] 2231020K->1307028K(4560384K), 1.8384273 secs] [Times: user=35.77 sys=4.11, real=1.84 secs] 
2019-02-01T00:51:08.545+0000: 793243.503: Total time for which application threads were stopped: 1.8450100 seconds, Stopping threads took: 0.0002056 seconds
2019-02-01T00:51:10.118+0000: 793245.076: Application time: 1.5728903 seconds
2019-02-01T00:51:10.131+0000: 793245.089: Total time for which application threads were stopped: 0.0133633 seconds, Stopping threads took: 0.0072015 seconds
2019-02-01T00:51:10.131+0000: 793245.089: Application time: 0.0001256 seconds
2019-02-01T00:51:10.137+0000: 793245.095: Total time for which application threads were stopped: 0.0058898 seconds, Stopping threads took: 0.0001433 seconds
2019-02-01T00:51:10.140+0000: 793245.098: Application time: 0.0029109 seconds
2019-02-01T00:51:10.154+0000: 793245.112: [GC (GCLocker Initiated GC) 2019-02-01T00:51:10.187+0000: 793245.145: [SoftReference, 0 refs, 0.0000556 secs]2019-02-01T00:51:10.187+0000: 793245.145: [WeakReference, 52 refs, 0.0000306 secs]2019-02-01T00:51:10.187+0000: 793245.145: [FinalReference, 554 refs, 0.0003707 secs]2019-02-01T00:51:10.188+0000: 793245.146: [PhantomReference, 0 refs, 2 refs, 0.0000104 secs]2019-02-01T00:51:10.188+0000: 793245.146: [JNI Weak Reference, 0.0000200 secs]
Desired survivor size 123731968 bytes, new threshold 1 (max 15)
[PSYoungGen: 1243132K->98624K(1257472K)] 2456402K->1323283K(4574720K), 0.0370284 secs] [Times: user=0.40 sys=0.28, real=0.04 secs] 
2019-02-01T00:51:10.192+0000: 793245.149: Total time for which application threads were stopped: 0.0515057 seconds, Stopping threads took: 0.0059947 seconds
2019-02-01T00:51:12.112+0000: 793247.070: Application time: 1.9201849 seconds
2019-02-01T00:51:12.118+0000: 793247.075: Total time for which application threads were stopped: 0.0058117 seconds, Stopping threads took: 0.0001882 seconds
2019-02-01T00:51:12.118+0000: 793247.076: Application time: 0.0007798 seconds
2019-02-01T00:51:12.124+0000: 793247.082: [GC (GCLocker Initiated GC) 2019-02-01T00:51:14.281+0000: 793249.239: [SoftReference, 0 refs, 0.0000493 secs]2019-02-01T00:51:14.281+0000: 793249.239: [WeakReference, 15 refs, 0.0000212 secs]2019-02-01T00:51:14.281+0000: 793249.239: [FinalReference, 573 refs, 0.0003616 secs]2019-02-01T00:51:14.282+0000: 793249.239: [PhantomReference, 0 refs, 1 refs, 0.0000123 secs]2019-02-01T00:51:14.282+0000: 793249.239: [JNI Weak Reference, 0.0000207 secs]
Desired survivor size 141557760 bytes, new threshold 1 (max 15)
[PSYoungGen: 1244480K->120831K(1475584K)] 2469720K->1351406K(4792832K), 2.1607837 secs] [Times: user=21.83 sys=25.92, real=2.16 secs] 
2019-02-01T00:51:14.285+0000: 793249.243: Total time for which application threads were stopped: 2.1667521 seconds, Stopping threads took: 0.0001701 seconds
2019-02-01T00:51:16.131+0000: 793251.089: Application time: 1.8456553 seconds
2019-02-01T00:51:17.496+0000: 793252.454: Total time for which application threads were stopped: 1.3655074 seconds, Stopping threads took: 1.3595814 seconds
2019-02-01T00:51:17.505+0000: 793252.462: Application time: 0.0082431 seconds
2019-02-01T00:51:17.514+0000: 793252.471: [GC (GCLocker Initiated GC) 2019-02-01T00:51:17.542+0000: 793252.500: [SoftReference, 0 refs, 0.0000590 secs]2019-02-01T00:51:17.542+0000: 793252.500: [WeakReference, 51 refs, 0.0000305 secs]2019-02-01T00:51:17.542+0000: 793252.500: [FinalReference, 827 refs, 0.0037155 secs]2019-02-01T00:51:17.546+0000: 793252.504: [PhantomReference, 0 refs, 9 refs, 0.0000158 secs]2019-02-01T00:51:17.546+0000: 793252.504: [JNI Weak Reference, 0.0000194 secs]
Desired survivor size 153616384 bytes, new threshold 1 (max 15)
[PSYoungGen: 1475583K->119497K(1492992K)] 2709152K->1357923K(4810240K), 0.0360841 secs] [Times: user=0.29 sys=0.30, real=0.03 secs] 
2019-02-01T00:51:17.550+0000: 793252.508: Total time for which application threads were stopped: 0.0452436 seconds, Stopping threads took: 0.0004486 seconds
2019-02-01T00:51:20.588+0000: 793255.546: Application time: 3.0381778 seconds
2019-02-01T00:51:20.594+0000: 793255.552: Total time for which application threads were stopped: 0.0057123 seconds, Stopping threads took: 0.0001770 seconds
2019-02-01T00:51:20.594+0000: 793255.552: Application time: 0.0006837 seconds
2019-02-01T00:51:20.601+0000: 793255.559: [GC (GCLocker Initiated GC) 2019-02-01T00:51:20.627+0000: 793255.585: [SoftReference, 0 refs, 0.0000574 secs]2019-02-01T00:51:20.627+0000: 793255.585: [WeakReference, 52 refs, 0.0000355 secs]2019-02-01T00:51:20.627+0000: 793255.585: [FinalReference, 815 refs, 0.0017138 secs]2019-02-01T00:51:20.629+0000: 793255.587: [PhantomReference, 0 refs, 0 refs, 0.0000249 secs]2019-02-01T00:51:20.629+0000: 793255.587: [JNI Weak Reference, 0.0000223 secs]
Desired survivor size 147849216 bytes, new threshold 1 (max 15)
[PSYoungGen: 1474249K->80308K(1760768K)] 2716146K->1339869K(5078016K), 0.0316022 secs] [Times: user=0.27 sys=0.14, real=0.04 secs] 
2019-02-01T00:51:20.633+0000: 793255.591: Total time for which application threads were stopped: 0.0383673 seconds, Stopping threads took: 0.0001670 seconds
2019-02-01T00:51:24.088+0000: 793259.046: Application time: 3.4554341 seconds
2019-02-01T00:51:24.094+0000: 793259.052: Total time for which application threads were stopped: 0.0061615 seconds, Stopping threads took: 0.0003118 seconds
2019-02-01T00:51:24.096+0000: 793259.053: Application time: 0.0012118 seconds
2019-02-01T00:51:24.102+0000: 793259.060: [GC (GCLocker Initiated GC) 2019-02-01T00:51:26.837+0000: 793261.795: [SoftReference, 0 refs, 0.0000500 secs]2019-02-01T00:51:26.837+0000: 793261.795: [WeakReference, 133 refs, 0.0000704 secs]2019-02-01T00:51:26.837+0000: 793261.795: [FinalReference, 912 refs, 0.0005222 secs]2019-02-01T00:51:26.837+0000: 793261.795: [PhantomReference, 0 refs, 0 refs, 0.0000105 secs]2019-02-01T00:51:26.837+0000: 793261.795: [JNI Weak Reference, 0.0000200 secs]
Desired survivor size 148373504 bytes, new threshold 1 (max 15)
[PSYoungGen: 1702324K->95452K(1766400K)] 2968595K->1366884K(5083648K), 2.7384208 secs] [Times: user=38.70 sys=21.32, real=2.74 secs] 
2019-02-01T00:51:26.841+0000: 793261.799: Total time for which application threads were stopped: 2.7451631 seconds, Stopping threads took: 0.0001835 seconds
2019-02-01T00:51:28.558+0000: 793263.515: Application time: 1.7168098 seconds
2019-02-01T00:51:28.564+0000: 793263.522: Total time for which application threads were stopped: 0.0067689 seconds, Stopping threads took: 0.0005496 seconds
2019-02-01T00:51:28.566+0000: 793263.524: Application time: 0.0016688 seconds
2019-02-01T00:51:28.577+0000: 793263.535: [GC (GCLocker Initiated GC) 2019-02-01T00:51:29.843+0000: 793264.801: [SoftReference, 0 refs, 0.0000595 secs]2019-02-01T00:51:29.843+0000: 793264.801: [WeakReference, 132 refs, 0.0000659 secs]2019-02-01T00:51:29.843+0000: 793264.801: [FinalReference, 832 refs, 0.0017481 secs]2019-02-01T00:51:29.845+0000: 793264.803: [PhantomReference, 0 refs, 46 refs, 0.0000255 secs]2019-02-01T00:51:29.845+0000: 793264.803: [JNI Weak Reference, 0.0000193 secs]
Desired survivor size 189267968 bytes, new threshold 1 (max 15)
[PSYoungGen: 1717468K->144885K(1697280K)] 2992326K->1478085K(5014528K), 1.2708504 secs] [Times: user=26.12 sys=1.54, real=1.27 secs] 
2019-02-01T00:51:29.849+0000: 793264.806: Total time for which application threads were stopped: 1.2825424 seconds, Stopping threads took: 0.0027115 seconds
2019-02-01T00:51:32.990+0000: 793267.948: Application time: 3.1416144 seconds
2019-02-01T00:51:32.996+0000: 793267.954: Total time for which application threads were stopped: 0.0060032 seconds, Stopping threads took: 0.0002865 seconds
2019-02-01T00:51:32.997+0000: 793267.955: Application time: 0.0009495 seconds
2019-02-01T00:51:33.004+0000: 793267.962: [GC (GCLocker Initiated GC) 2019-02-01T00:51:33.024+0000: 793267.981: [SoftReference, 0 refs, 0.0000584 secs]2019-02-01T00:51:33.024+0000: 793267.981: [WeakReference, 30 refs, 0.0000223 secs]2019-02-01T00:51:33.024+0000: 793267.981: [FinalReference, 894 refs, 0.0004820 secs]2019-02-01T00:51:33.024+0000: 793267.982: [PhantomReference, 0 refs, 14 refs, 0.0000139 secs]2019-02-01T00:51:33.024+0000: 793267.982: [JNI Weak Reference, 0.0000210 secs]
Desired survivor size 182976512 bytes, new threshold 1 (max 15)
[PSYoungGen: 1697269K->70832K(1737216K)] 3030527K->1421333K(5054464K), 0.0231935 secs] [Times: user=0.39 sys=0.00, real=0.03 secs] 
2019-02-01T00:51:33.028+0000: 793267.985: Total time for which application threads were stopped: 0.0304044 seconds, Stopping threads took: 0.0002421 seconds
2019-02-01T00:51:37.028+0000: 793271.986: Application time: 4.0006840 seconds
2019-02-01T00:51:37.036+0000: 793271.994: Total time for which application threads were stopped: 0.0075924 seconds, Stopping threads took: 0.0001853 seconds
2019-02-01T00:51:40.369+0000: 793275.327: Application time: 3.3331043 seconds
2019-02-01T00:51:40.380+0000: 793275.338: Total time for which application threads were stopped: 0.0111617 seconds, Stopping threads took: 0.0038763 seconds
2019-02-01T00:51:44.426+0000: 793279.383: Application time: 4.0454678 seconds
2019-02-01T00:51:44.433+0000: 793279.391: Total time for which application threads were stopped: 0.0075621 seconds, Stopping threads took: 0.0002214 seconds
2019-02-01T00:51:44.433+0000: 793279.391: Application time: 0.0002594 seconds
2019-02-01T00:51:44.441+0000: 793279.399: [GC (GCLocker Initiated GC) 2019-02-01T00:51:45.365+0000: 793280.323: [SoftReference, 0 refs, 0.0000534 secs]2019-02-01T00:51:45.365+0000: 793280.323: [WeakReference, 7 refs, 0.0000132 secs]2019-02-01T00:51:45.365+0000: 793280.323: [FinalReference, 934 refs, 0.0006204 secs]2019-02-01T00:51:45.366+0000: 793280.324: [PhantomReference, 0 refs, 0 refs, 0.0000122 secs]2019-02-01T00:51:45.366+0000: 793280.324: [JNI Weak Reference, 0.0000191 secs]
Desired survivor size 185073664 bytes, new threshold 1 (max 15)
[PSYoungGen: 1623216K->21384K(1735168K)] 2977046K->1390253K(5052416K), 0.9286164 secs] [Times: user=18.91 sys=1.07, real=0.93 secs] 
2019-02-01T00:51:45.370+0000: 793280.327: Total time for which application threads were stopped: 0.9361328 seconds, Stopping threads took: 0.0001723 seconds
2019-02-01T00:51:58.475+0000: 793293.433: Application time: 13.1058234 seconds
2019-02-01T00:51:58.481+0000: 793293.439: Total time for which application threads were stopped: 0.0057036 seconds, Stopping threads took: 0.0002922 seconds
2019-02-01T00:51:58.482+0000: 793293.439: Application time: 0.0004163 seconds
2019-02-01T00:51:58.487+0000: 793293.445: [GC (GCLocker Initiated GC) 2019-02-01T00:51:58.499+0000: 793293.457: [SoftReference, 0 refs, 0.0000638 secs]2019-02-01T00:51:58.499+0000: 793293.457: [WeakReference, 32 refs, 0.0000315 secs]2019-02-01T00:51:58.499+0000: 793293.457: [FinalReference, 704 refs, 0.0006035 secs]2019-02-01T00:51:58.500+0000: 793293.458: [PhantomReference, 0 refs, 0 refs, 0.0000189 secs]2019-02-01T00:51:58.500+0000: 793293.458: [JNI Weak Reference, 0.0000321 secs]
Desired survivor size 182976512 bytes, new threshold 1 (max 15)
[PSYoungGen: 1579912K->34715K(1739264K)] 2952644K->1410898K(5056512K), 0.0175696 secs] [Times: user=0.23 sys=0.01, real=0.02 secs] 
2019-02-01T00:51:58.505+0000: 793293.463: Total time for which application threads were stopped: 0.0237420 seconds, Stopping threads took: 0.0002944 seconds
2019-02-01T00:52:00.238+0000: 793295.196: Application time: 1.7324366 seconds
2019-02-01T00:52:00.245+0000: 793295.203: Total time for which application threads were stopped: 0.0077681 seconds, Stopping threads took: 0.0002484 seconds
2019-02-01T00:52:00.246+0000: 793295.203: Application time: 0.0001096 seconds
2019-02-01T00:52:00.258+0000: 793295.216: Total time for which application threads were stopped: 0.0120746 seconds, Stopping threads took: 0.0002344 seconds
2019-02-01T00:52:00.258+0000: 793295.216: Application time: 0.0000923 seconds
2019-02-01T00:52:00.266+0000: 793295.224: Total time for which application threads were stopped: 0.0079956 seconds, Stopping threads took: 0.0000978 seconds
2019-02-01T00:52:00.267+0000: 793295.225: Application time: 0.0016519 seconds
2019-02-01T00:52:00.282+0000: 793295.239: Total time for which application threads were stopped: 0.0140749 seconds, Stopping threads took: 0.0003093 seconds
2019-02-01T00:52:00.282+0000: 793295.240: Application time: 0.0001438 seconds
2019-02-01T00:52:00.292+0000: 793295.250: Total time for which application threads were stopped: 0.0108134 seconds, Stopping threads took: 0.0001388 seconds
2019-02-01T00:52:04.932+0000: 793299.890: Application time: 4.6394414 seconds
2019-02-01T00:52:04.940+0000: 793299.898: Total time for which application threads were stopped: 0.0083219 seconds, Stopping threads took: 0.0002244 seconds
2019-02-01T00:52:04.940+0000: 793299.898: Application time: 0.0001692 seconds
2019-02-01T00:52:04.949+0000: 793299.907: Total time for which application threads were stopped: 0.0084458 seconds, Stopping threads took: 0.0002298 seconds
2019-02-01T00:52:04.951+0000: 793299.908: Application time: 0.0016876 seconds
2019-02-01T00:52:04.959+0000: 793299.917: Total time for which application threads were stopped: 0.0083170 seconds, Stopping threads took: 0.0002436 seconds
2019-02-01T00:52:04.959+0000: 793299.917: Application time: 0.0001441 seconds
2019-02-01T00:52:04.966+0000: 793299.924: Total time for which application threads were stopped: 0.0072569 seconds, Stopping threads took: 0.0001653 seconds
2019-02-01T00:52:10.826+0000: 793305.784: Application time: 5.8601992 seconds
2019-02-01T00:52:10.836+0000: 793305.794: Total time for which application threads were stopped: 0.0096162 seconds, Stopping threads took: 0.0003336 seconds
2019-02-01T00:52:10.837+0000: 793305.795: Application time: 0.0007762 seconds
2019-02-01T00:52:10.847+0000: 793305.804: [GC (GCLocker Initiated GC) 2019-02-01T00:52:10.864+0000: 793305.821: [SoftReference, 0 refs, 0.0000533 secs]2019-02-01T00:52:10.864+0000: 793305.821: [WeakReference, 33 refs, 0.0000393 secs]2019-02-01T00:52:10.864+0000: 793305.821: [FinalReference, 790 refs, 0.0004942 secs]2019-02-01T00:52:10.864+0000: 793305.822: [PhantomReference, 0 refs, 0 refs, 0.0000101 secs]2019-02-01T00:52:10.864+0000: 793305.822: [JNI Weak Reference, 0.0000188 secs]
Desired survivor size 181403648 bytes, new threshold 1 (max 15)
[PSYoungGen: 1593243K->27754K(1736192K)] 2972778K->1408260K(5053440K), 0.0222822 secs] [Times: user=0.32 sys=0.03, real=0.02 secs] 
2019-02-01T00:52:10.869+0000: 793305.827: Total time for which application threads were stopped: 0.0321278 seconds, Stopping threads took: 0.0003843 seconds
2019-02-01T00:52:20.467+0000: 793315.425: Application time: 9.5983244 seconds
2019-02-01T00:52:20.478+0000: 793315.436: Total time for which application threads were stopped: 0.0106215 seconds, Stopping threads took: 0.0018229 seconds
2019-02-01T00:52:20.480+0000: 793315.438: Application time: 0.0020345 seconds
2019-02-01T00:52:20.494+0000: 793315.452: [GC (GCLocker Initiated GC) 2019-02-01T00:52:20.514+0000: 793315.472: [SoftReference, 0 refs, 0.0000563 secs]2019-02-01T00:52:20.514+0000: 793315.472: [WeakReference, 5 refs, 0.0000119 secs]2019-02-01T00:52:20.514+0000: 793315.472: [FinalReference, 837 refs, 0.0004163 secs]2019-02-01T00:52:20.514+0000: 793315.472: [PhantomReference, 0 refs, 1 refs, 0.0000127 secs]2019-02-01T00:52:20.514+0000: 793315.472: [JNI Weak Reference, 0.0000186 secs]
Desired survivor size 172490752 bytes, new threshold 1 (max 15)
[PSYoungGen: 1590378K->76702K(1739776K)] 2971064K->1459079K(5057024K), 0.0248530 secs] [Times: user=0.32 sys=0.01, real=0.02 secs] 
2019-02-01T00:52:20.519+0000: 793315.477: Total time for which application threads were stopped: 0.0392215 seconds, Stopping threads took: 0.0052444 seconds
2019-02-01T00:52:32.156+0000: 793327.113: Application time: 11.6363443 seconds
2019-02-01T00:52:32.164+0000: 793327.122: [GC (Allocation Failure) 2019-02-01T00:52:32.176+0000: 793327.133: [SoftReference, 0 refs, 0.0000757 secs]2019-02-01T00:52:32.176+0000: 793327.133: [WeakReference, 6 refs, 0.0000217 secs]2019-02-01T00:52:32.176+0000: 793327.133: [FinalReference, 779 refs, 0.0005656 secs]2019-02-01T00:52:32.176+0000: 793327.134: [PhantomReference, 0 refs, 0 refs, 0.0000202 secs]2019-02-01T00:52:32.176+0000: 793327.134: [JNI Weak Reference, 0.0000294 secs]
Desired survivor size 172490752 bytes, new threshold 1 (max 15)
[PSYoungGen: 1639326K->14209K(1739776K)] 3025027K->1403621K(5057024K), 0.0173575 secs] [Times: user=0.15 sys=0.00, real=0.01 secs] 
2019-02-01T00:52:32.182+0000: 793327.139: Total time for which application threads were stopped: 0.0259485 seconds, Stopping threads took: 0.0002455 seconds
2019-02-01T00:52:40.370+0000: 793335.328: Application time: 8.1882051 seconds
2019-02-01T00:52:40.378+0000: 793335.336: Total time for which application threads were stopped: 0.0085436 seconds, Stopping threads took: 0.0002899 seconds
2019-02-01T00:52:42.408+0000: 793337.365: Application time: 2.0293381 seconds
2019-02-01T00:52:42.415+0000: 793337.372: Total time for which application threads were stopped: 0.0069919 seconds, Stopping threads took: 0.0003132 seconds
2019-02-01T00:52:42.415+0000: 793337.373: Application time: 0.0001040 seconds
2019-02-01T00:52:42.422+0000: 793337.380: [GC (GCLocker Initiated GC) 2019-02-01T00:52:42.433+0000: 793337.391: [SoftReference, 0 refs, 0.0000523 secs]2019-02-01T00:52:42.433+0000: 793337.391: [WeakReference, 25 refs, 0.0000182 secs]2019-02-01T00:52:42.433+0000: 793337.391: [FinalReference, 805 refs, 0.0005152 secs]2019-02-01T00:52:42.433+0000: 793337.391: [PhantomReference, 0 refs, 0 refs, 0.0000150 secs]2019-02-01T00:52:42.433+0000: 793337.391: [JNI Weak Reference, 0.0000181 secs]
Desired survivor size 171442176 bytes, new threshold 1 (max 15)
[PSYoungGen: 1585537K->13358K(1739776K)] 2974949K->1404568K(5057024K), 0.0144827 secs] [Times: user=0.17 sys=0.00, real=0.02 secs] 
2019-02-01T00:52:42.437+0000: 793337.395: Total time for which application threads were stopped: 0.0221722 seconds, Stopping threads took: 0.0000947 seconds
2019-02-01T00:52:56.686+0000: 793351.644: Application time: 14.2490660 seconds
2019-02-01T00:52:56.697+0000: 793351.655: Total time for which application threads were stopped: 0.0113358 seconds, Stopping threads took: 0.0035129 seconds
2019-02-01T00:52:56.698+0000: 793351.656: Application time: 0.0009595 seconds
2019-02-01T00:52:56.707+0000: 793351.664: [GC (GCLocker Initiated GC) 2019-02-01T00:52:56.719+0000: 793351.677: [SoftReference, 0 refs, 0.0000819 secs]2019-02-01T00:52:56.719+0000: 793351.677: [WeakReference, 26 refs, 0.0000319 secs]2019-02-01T00:52:56.719+0000: 793351.677: [FinalReference, 850 refs, 0.0006183 secs]2019-02-01T00:52:56.720+0000: 793351.677: [PhantomReference, 0 refs, 2 refs, 0.0000268 secs]2019-02-01T00:52:56.720+0000: 793351.677: [JNI Weak Reference, 0.0000321 secs]
Desired survivor size 167772160 bytes, new threshold 1 (max 15)
[PSYoungGen: 1584686K->20375K(1747456K)] 2985900K->1423859K(5064704K), 0.0165304 secs] [Times: user=0.19 sys=0.00, real=0.01 secs] 
2019-02-01T00:52:56.723+0000: 793351.681: Total time for which application threads were stopped: 0.0249009 seconds, Stopping threads took: 0.0002978 seconds
2019-02-01T00:53:09.883+0000: 793364.841: Application time: 13.1599784 seconds
2019-02-01T00:53:09.891+0000: 793364.849: [GC (Allocation Failure) 2019-02-01T00:53:09.901+0000: 793364.859: [SoftReference, 0 refs, 0.0000732 secs]2019-02-01T00:53:09.901+0000: 793364.859: [WeakReference, 48 refs, 0.0000430 secs]2019-02-01T00:53:09.902+0000: 793364.859: [FinalReference, 776 refs, 0.0005686 secs]2019-02-01T00:53:09.902+0000: 793364.860: [PhantomReference, 0 refs, 0 refs, 0.0000195 secs]2019-02-01T00:53:09.902+0000: 793364.860: [JNI Weak Reference, 0.0000294 secs]
Desired survivor size 164626432 bytes, new threshold 1 (max 15)
[PSYoungGen: 1606551K->13887K(1750016K)] 3013359K->1422452K(5067264K), 0.0156726 secs] [Times: user=0.16 sys=0.01, real=0.01 secs] 
2019-02-01T00:53:09.907+0000: 793364.865: Total time for which application threads were stopped: 0.0240414 seconds, Stopping threads took: 0.0002557 seconds
2019-02-01T00:53:22.918+0000: 793377.876: Application time: 13.0110988 seconds
2019-02-01T00:53:22.925+0000: 793377.883: Total time for which application threads were stopped: 0.0069430 seconds, Stopping threads took: 0.0002674 seconds
2019-02-01T00:53:22.926+0000: 793377.884: Application time: 0.0003692 seconds
2019-02-01T00:53:22.933+0000: 793377.891: [GC (GCLocker Initiated GC) 2019-02-01T00:53:22.951+0000: 793377.909: [SoftReference, 0 refs, 0.0000416 secs]2019-02-01T00:53:22.951+0000: 793377.909: [WeakReference, 17 refs, 0.0000208 secs]2019-02-01T00:53:22.951+0000: 793377.909: [FinalReference, 874 refs, 0.0005468 secs]2019-02-01T00:53:22.951+0000: 793377.909: [PhantomReference, 0 refs, 0 refs, 0.0000138 secs]2019-02-01T00:53:22.951+0000: 793377.909: [JNI Weak Reference, 0.0000247 secs]
Desired survivor size 153616384 bytes, new threshold 1 (max 15)
[PSYoungGen: 1600063K->52458K(1737216K)] 3011949K->1466450K(5054464K), 0.0238632 secs] [Times: user=0.32 sys=0.00, real=0.02 secs] 
2019-02-01T00:53:22.958+0000: 793377.915: Total time for which application threads were stopped: 0.0318721 seconds, Stopping threads took: 0.0012103 seconds
2019-02-01T00:53:30.971+0000: 793385.929: Application time: 8.0135440 seconds
2019-02-01T00:53:30.979+0000: 793385.937: Total time for which application threads were stopped: 0.0080951 seconds, Stopping threads took: 0.0002043 seconds
2019-02-01T00:53:30.980+0000: 793385.937: Application time: 0.0003143 seconds
2019-02-01T00:53:30.988+0000: 793385.946: [GC (GCLocker Initiated GC) 2019-02-01T00:53:30.999+0000: 793385.957: [SoftReference, 0 refs, 0.0000713 secs]2019-02-01T00:53:30.999+0000: 793385.957: [WeakReference, 6 refs, 0.0000219 secs]2019-02-01T00:53:30.999+0000: 793385.957: [FinalReference, 781 refs, 0.0006286 secs]2019-02-01T00:53:31.000+0000: 793385.958: [PhantomReference, 0 refs, 0 refs, 0.0000202 secs]2019-02-01T00:53:31.000+0000: 793385.958: [JNI Weak Reference, 0.0000319 secs]
Desired survivor size 147324928 bytes, new threshold 1 (max 15)
[PSYoungGen: 1649898K->30126K(1747456K)] 3070544K->1452969K(5064704K), 0.0169893 secs] [Times: user=0.20 sys=0.00, real=0.02 secs] 
2019-02-01T00:53:31.005+0000: 793385.963: Total time for which application threads were stopped: 0.0254608 seconds, Stopping threads took: 0.0002304 seconds
2019-02-01T00:53:40.370+0000: 793395.328: Application time: 9.3650745 seconds
2019-02-01T00:53:40.377+0000: 793395.335: Total time for which application threads were stopped: 0.0068108 seconds, Stopping threads took: 0.0001720 seconds
2019-02-01T00:53:42.141+0000: 793397.099: Application time: 1.7643244 seconds
2019-02-01T00:53:42.149+0000: 793397.107: Total time for which application threads were stopped: 0.0081514 seconds, Stopping threads took: 0.0003061 seconds
2019-02-01T00:53:42.150+0000: 793397.108: Application time: 0.0003747 seconds
2019-02-01T00:53:42.156+0000: 793397.114: [GC (GCLocker Initiated GC) 2019-02-01T00:53:42.166+0000: 793397.124: [SoftReference, 0 refs, 0.0000686 secs]2019-02-01T00:53:42.166+0000: 793397.124: [WeakReference, 11 refs, 0.0000148 secs]2019-02-01T00:53:42.166+0000: 793397.124: [FinalReference, 845 refs, 0.0004740 secs]2019-02-01T00:53:42.167+0000: 793397.125: [PhantomReference, 0 refs, 0 refs, 0.0000098 secs]2019-02-01T00:53:42.167+0000: 793397.125: [JNI Weak Reference, 0.0000192 secs]
Desired survivor size 142606336 bytes, new threshold 1 (max 15)
[PSYoungGen: 1627566K->22450K(1758720K)] 3050421K->1448853K(5075968K), 0.0135111 secs] [Times: user=0.17 sys=0.01, real=0.01 secs] 
2019-02-01T00:53:42.170+0000: 793397.128: Total time for which application threads were stopped: 0.0202693 seconds, Stopping threads took: 0.0002360 seconds
2019-02-01T00:53:42.728+0000: 793397.686: Application time: 0.5579000 seconds
2019-02-01T00:53:42.735+0000: 793397.693: Total time for which application threads were stopped: 0.0068995 seconds, Stopping threads took: 0.0003086 seconds
2019-02-01T00:53:46.846+0000: 793401.804: Application time: 4.1112609 seconds
2019-02-01T00:53:46.854+0000: 793401.811: Total time for which application threads were stopped: 0.0074804 seconds, Stopping threads took: 0.0003163 seconds
2019-02-01T00:53:52.501+0000: 793407.459: Application time: 5.6471018 seconds
2019-02-01T00:53:52.509+0000: 793407.466: Total time for which application threads were stopped: 0.0078996 seconds, Stopping threads took: 0.0002159 seconds
2019-02-01T00:53:52.510+0000: 793407.468: Application time: 0.0011268 seconds
2019-02-01T00:53:52.518+0000: 793407.476: [GC (GCLocker Initiated GC) 2019-02-01T00:53:52.533+0000: 793407.490: [SoftReference, 0 refs, 0.0000504 secs]2019-02-01T00:53:52.533+0000: 793407.490: [WeakReference, 5 refs, 0.0000115 secs]2019-02-01T00:53:52.533+0000: 793407.490: [FinalReference, 743 refs, 0.0003446 secs]2019-02-01T00:53:52.533+0000: 793407.491: [PhantomReference, 0 refs, 0 refs, 0.0000099 secs]2019-02-01T00:53:52.533+0000: 793407.491: [JNI Weak Reference, 0.0000190 secs]
Desired survivor size 135266304 bytes, new threshold 1 (max 15)
[PSYoungGen: 1650610K->52187K(1767424K)] 3077054K->1481347K(5084672K), 0.0183977 secs] [Times: user=0.28 sys=0.02, real=0.02 secs] 
2019-02-01T00:53:52.537+0000: 793407.494: Total time for which application threads were stopped: 0.0267857 seconds, Stopping threads took: 0.0002153 seconds
2019-02-01T00:54:04.410+0000: 793419.368: Application time: 11.8739235 seconds
2019-02-01T00:54:04.419+0000: 793419.377: Total time for which application threads were stopped: 0.0083296 seconds, Stopping threads took: 0.0004720 seconds
2019-02-01T00:54:04.419+0000: 793419.377: Application time: 0.0003678 seconds
2019-02-01T00:54:04.427+0000: 793419.385: [GC (GCLocker Initiated GC) 2019-02-01T00:54:04.438+0000: 793419.395: [SoftReference, 0 refs, 0.0000767 secs]2019-02-01T00:54:04.438+0000: 793419.396: [WeakReference, 5 refs, 0.0000213 secs]2019-02-01T00:54:04.438+0000: 793419.396: [FinalReference, 759 refs, 0.0005995 secs]2019-02-01T00:54:04.438+0000: 793419.396: [PhantomReference, 0 refs, 0 refs, 0.0000233 secs]2019-02-01T00:54:04.438+0000: 793419.396: [JNI Weak Reference, 0.0000330 secs]
Desired survivor size 132120576 bytes, new threshold 1 (max 15)
[PSYoungGen: 1680347K->17657K(1668608K)] 3116166K->1456477K(4985856K), 0.0248956 secs] [Times: user=0.19 sys=0.01, real=0.02 secs] 
2019-02-01T00:54:04.452+0000: 793419.410: Total time for which application threads were stopped: 0.0332939 seconds, Stopping threads took: 0.0001658 seconds
2019-02-01T00:54:14.161+0000: 793429.119: Application time: 9.7087677 seconds
2019-02-01T00:54:14.170+0000: 793429.128: Total time for which application threads were stopped: 0.0085900 seconds, Stopping threads took: 0.0003129 seconds
2019-02-01T00:54:14.170+0000: 793429.128: Application time: 0.0005837 seconds
2019-02-01T00:54:14.179+0000: 793429.137: [GC (GCLocker Initiated GC) 2019-02-01T00:54:14.191+0000: 793429.149: [SoftReference, 0 refs, 0.0000597 secs]2019-02-01T00:54:14.191+0000: 793429.149: [WeakReference, 36 refs, 0.0000236 secs]2019-02-01T00:54:14.191+0000: 793429.149: [FinalReference, 827 refs, 0.0005499 secs]2019-02-01T00:54:14.192+0000: 793429.150: [PhantomReference, 0 refs, 0 refs, 0.0000122 secs]2019-02-01T00:54:14.192+0000: 793429.150: [JNI Weak Reference, 0.0000205 secs]
Desired survivor size 125829120 bytes, new threshold 1 (max 15)
[PSYoungGen: 1615097K->30510K(1598464K)] 3062601K->1479902K(4915712K), 0.0214620 secs] [Times: user=0.18 sys=0.01, real=0.02 secs] 
2019-02-01T00:54:14.201+0000: 793429.158: Total time for which application threads were stopped: 0.0302192 seconds, Stopping threads took: 0.0002288 seconds
2019-02-01T00:54:24.203+0000: 793439.161: Application time: 10.0022265 seconds
2019-02-01T00:54:24.212+0000: 793439.170: Total time for which application threads were stopped: 0.0092435 seconds, Stopping threads took: 0.0013752 seconds
2019-02-01T00:54:24.212+0000: 793439.170: Application time: 0.0003582 seconds
2019-02-01T00:54:24.219+0000: 793439.177: [GC (GCLocker Initiated GC) 2019-02-01T00:54:24.229+0000: 793439.187: [SoftReference, 0 refs, 0.0000669 secs]2019-02-01T00:54:24.229+0000: 793439.187: [WeakReference, 8 refs, 0.0000162 secs]2019-02-01T00:54:24.229+0000: 793439.187: [FinalReference, 828 refs, 0.0006787 secs]2019-02-01T00:54:24.230+0000: 793439.188: [PhantomReference, 0 refs, 1 refs, 0.0000158 secs]2019-02-01T00:54:24.230+0000: 793439.188: [JNI Weak Reference, 0.0000493 secs]
Desired survivor size 120586240 bytes, new threshold 1 (max 15)
[PSYoungGen: 1598254K->26533K(1622016K)] 3047655K->1479728K(4939264K), 0.0227798 secs] [Times: user=0.18 sys=0.01, real=0.03 secs] 
2019-02-01T00:54:24.242+0000: 793439.200: Total time for which application threads were stopped: 0.0296786 seconds, Stopping threads took: 0.0001322 seconds
2019-02-01T00:54:35.464+0000: 793450.422: Application time: 11.2216743 seconds
2019-02-01T00:54:35.472+0000: 793450.430: Total time for which application threads were stopped: 0.0084143 seconds, Stopping threads took: 0.0002529 seconds
2019-02-01T00:54:35.473+0000: 793450.431: Application time: 0.0005325 seconds
2019-02-01T00:54:35.482+0000: 793450.440: [GC (GCLocker Initiated GC) 2019-02-01T00:54:35.492+0000: 793450.450: [SoftReference, 0 refs, 0.0000557 secs]2019-02-01T00:54:35.492+0000: 793450.450: [WeakReference, 12 refs, 0.0000162 secs]2019-02-01T00:54:35.492+0000: 793450.450: [FinalReference, 776 refs, 0.0003736 secs]2019-02-01T00:54:35.493+0000: 793450.451: [PhantomReference, 0 refs, 1 refs, 0.0000106 secs]2019-02-01T00:54:35.493+0000: 793450.451: [JNI Weak Reference, 0.0000194 secs]
Desired survivor size 115867648 bytes, new threshold 1 (max 15)
[PSYoungGen: 1565093K->26226K(1537024K)] 3024943K->1489665K(4854272K), 0.0195558 secs] [Times: user=0.20 sys=0.01, real=0.02 secs] 
2019-02-01T00:54:35.502+0000: 793450.459: Total time for which application threads were stopped: 0.0287087 seconds, Stopping threads took: 0.0004845 seconds
2019-02-01T00:54:40.371+0000: 793455.329: Application time: 4.8692874 seconds
2019-02-01T00:54:40.379+0000: 793455.337: Total time for which application threads were stopped: 0.0085791 seconds, Stopping threads took: 0.0001571 seconds
2019-02-01T00:54:44.717+0000: 793459.675: Application time: 4.3380002 seconds
2019-02-01T00:54:44.726+0000: 793459.684: [GC (Allocation Failure) 2019-02-01T00:54:44.736+0000: 793459.694: [SoftReference, 0 refs, 0.0000538 secs]2019-02-01T00:54:44.736+0000: 793459.694: [WeakReference, 29 refs, 0.0000233 secs]2019-02-01T00:54:44.736+0000: 793459.694: [FinalReference, 894 refs, 0.0005228 secs]2019-02-01T00:54:44.737+0000: 793459.694: [PhantomReference, 0 refs, 0 refs, 0.0000101 secs]2019-02-01T00:54:44.737+0000: 793459.694: [JNI Weak Reference, 0.0000180 secs]
Desired survivor size 112721920 bytes, new threshold 1 (max 15)
[PSYoungGen: 1536626K->16226K(1563136K)] 3003390K->1489367K(4880384K), 0.0164022 secs] [Times: user=0.19 sys=0.00, real=0.01 secs] 
2019-02-01T00:54:44.743+0000: 793459.700: Total time for which application threads were stopped: 0.0251315 seconds, Stopping threads took: 0.0002128 seconds
2019-02-01T00:54:54.541+0000: 793469.498: Application time: 9.7980536 seconds
2019-02-01T00:54:54.548+0000: 793469.506: Total time for which application threads were stopped: 0.0072747 seconds, Stopping threads took: 0.0001542 seconds
2019-02-01T00:54:54.548+0000: 793469.506: Application time: 0.0002892 seconds
2019-02-01T00:54:54.557+0000: 793469.515: [GC (GCLocker Initiated GC) 2019-02-01T00:54:54.569+0000: 793469.527: [SoftReference, 0 refs, 0.0000539 secs]2019-02-01T00:54:54.570+0000: 793469.527: [WeakReference, 47 refs, 0.0000276 secs]2019-02-01T00:54:54.570+0000: 793469.527: [FinalReference, 720 refs, 0.0004120 secs]2019-02-01T00:54:54.570+0000: 793469.528: [PhantomReference, 0 refs, 0 refs, 0.0000098 secs]2019-02-01T00:54:54.570+0000: 793469.528: [JNI Weak Reference, 0.0000185 secs]
Desired survivor size 108003328 bytes, new threshold 1 (max 15)
[PSYoungGen: 1499197K->22490K(1479168K)] 2975660K->1506506K(4796416K), 0.0253693 secs] [Times: user=0.19 sys=0.01, real=0.02 secs] 
2019-02-01T00:54:54.582+0000: 793469.540: Total time for which application threads were stopped: 0.0342187 seconds, Stopping threads took: 0.0012271 seconds
2019-02-01T00:55:03.498+0000: 793478.456: Application time: 8.9155921 seconds
2019-02-01T00:55:03.505+0000: 793478.463: Total time for which application threads were stopped: 0.0074750 seconds, Stopping threads took: 0.0003236 seconds
2019-02-01T00:55:03.506+0000: 793478.464: Application time: 0.0010007 seconds
2019-02-01T00:55:03.513+0000: 793478.471: [GC (GCLocker Initiated GC) 2019-02-01T00:55:03.527+0000: 793478.485: [SoftReference, 0 refs, 0.0000585 secs]2019-02-01T00:55:03.527+0000: 793478.485: [WeakReference, 5 refs, 0.0000119 secs]2019-02-01T00:55:03.527+0000: 793478.485: [FinalReference, 645 refs, 0.0003368 secs]2019-02-01T00:55:03.527+0000: 793478.485: [PhantomReference, 0 refs, 0 refs, 0.0000093 secs]2019-02-01T00:55:03.527+0000: 793478.485: [JNI Weak Reference, 0.0000194 secs]
Desired survivor size 108527616 bytes, new threshold 1 (max 15)
[PSYoungGen: 1479130K->56440K(1511936K)] 2963883K->1546975K(4829184K), 0.0205733 secs] [Times: user=0.26 sys=0.01, real=0.02 secs] 
2019-02-01T00:55:03.534+0000: 793478.492: Total time for which application threads were stopped: 0.0273285 seconds, Stopping threads took: 0.0002942 seconds
2019-02-01T00:55:12.524+0000: 793487.482: Application time: 8.9903698 seconds
2019-02-01T00:55:12.533+0000: 793487.491: Total time for which application threads were stopped: 0.0086963 seconds, Stopping threads took: 0.0002570 seconds
2019-02-01T00:55:12.534+0000: 793487.492: Application time: 0.0010713 seconds
2019-02-01T00:55:12.542+0000: 793487.500: [GC (GCLocker Initiated GC) 2019-02-01T00:55:12.555+0000: 793487.513: [SoftReference, 0 refs, 0.0000770 secs]2019-02-01T00:55:12.555+0000: 793487.513: [WeakReference, 34 refs, 0.0000340 secs]2019-02-01T00:55:12.555+0000: 793487.513: [FinalReference, 658 refs, 0.0005475 secs]2019-02-01T00:55:12.556+0000: 793487.513: [PhantomReference, 0 refs, 0 refs, 0.0000236 secs]2019-02-01T00:55:12.556+0000: 793487.514: [JNI Weak Reference, 0.0000327 secs]
Desired survivor size 103284736 bytes, new threshold 1 (max 15)
[PSYoungGen: 1487480K->29105K(1435136K)] 2978033K->1522828K(4752384K), 0.0256937 secs] [Times: user=0.21 sys=0.01, real=0.03 secs] 
2019-02-01T00:55:12.568+0000: 793487.526: Total time for which application threads were stopped: 0.0344657 seconds, Stopping threads took: 0.0002075 seconds
2019-02-01T00:55:22.136+0000: 793497.093: Application time: 9.5671704 seconds
2019-02-01T00:55:22.144+0000: 793497.102: Total time for which application threads were stopped: 0.0080860 seconds, Stopping threads took: 0.0003036 seconds
2019-02-01T00:55:22.144+0000: 793497.102: Application time: 0.0002462 seconds
2019-02-01T00:55:22.151+0000: 793497.109: [GC (GCLocker Initiated GC) 2019-02-01T00:55:22.162+0000: 793497.120: [SoftReference, 0 refs, 0.0000600 secs]2019-02-01T00:55:22.162+0000: 793497.120: [WeakReference, 4 refs, 0.0000107 secs]2019-02-01T00:55:22.162+0000: 793497.120: [FinalReference, 789 refs, 0.0003842 secs]2019-02-01T00:55:22.163+0000: 793497.121: [PhantomReference, 0 refs, 0 refs, 0.0000100 secs]2019-02-01T00:55:22.163+0000: 793497.121: [JNI Weak Reference, 0.0000190 secs]
Desired survivor size 98041856 bytes, new threshold 1 (max 15)
[PSYoungGen: 1435057K->29334K(1448448K)] 2928786K->1525301K(4765696K), 0.0181846 secs] [Times: user=0.17 sys=0.01, real=0.02 secs] 
2019-02-01T00:55:22.170+0000: 793497.128: Total time for which application threads were stopped: 0.0259058 seconds, Stopping threads took: 0.0001842 seconds
2019-02-01T00:55:32.132+0000: 793507.090: Application time: 9.9625725 seconds
2019-02-01T00:55:32.141+0000: 793507.099: Total time for which application threads were stopped: 0.0082762 seconds, Stopping threads took: 0.0002080 seconds
2019-02-01T00:55:32.141+0000: 793507.099: Application time: 0.0004976 seconds
2019-02-01T00:55:32.149+0000: 793507.107: [GC (GCLocker Initiated GC) 2019-02-01T00:55:32.162+0000: 793507.120: [SoftReference, 0 refs, 0.0000870 secs]2019-02-01T00:55:32.162+0000: 793507.120: [WeakReference, 21 refs, 0.0000283 secs]2019-02-01T00:55:32.162+0000: 793507.120: [FinalReference, 852 refs, 0.0005941 secs]2019-02-01T00:55:32.162+0000: 793507.120: [PhantomReference, 0 refs, 0 refs, 0.0000198 secs]2019-02-01T00:55:32.163+0000: 793507.120: [JNI Weak Reference, 0.0000566 secs]
Desired survivor size 92274688 bytes, new threshold 2 (max 15)
[PSYoungGen: 1411222K->34522K(1393152K)] 2917262K->1543417K(4710400K), 0.0237152 secs] [Times: user=0.20 sys=0.01, real=0.03 secs] 
2019-02-01T00:55:32.173+0000: 793507.131: Total time for which application threads were stopped: 0.0321345 seconds, Stopping threads took: 0.0002169 seconds
2019-02-01T00:55:40.370+0000: 793515.328: Application time: 8.1970819 seconds
2019-02-01T00:55:40.379+0000: 793515.337: Total time for which application threads were stopped: 0.0084631 seconds, Stopping threads took: 0.0003046 seconds
2019-02-01T00:55:41.557+0000: 793516.514: Application time: 1.1776904 seconds
2019-02-01T00:55:41.564+0000: 793516.522: Total time for which application threads were stopped: 0.0070898 seconds, Stopping threads took: 0.0003021 seconds
2019-02-01T00:55:41.564+0000: 793516.522: Application time: 0.0004445 seconds
2019-02-01T00:55:41.570+0000: 793516.528: [GC (GCLocker Initiated GC) 2019-02-01T00:55:41.582+0000: 793516.540: [SoftReference, 0 refs, 0.0000773 secs]2019-02-01T00:55:41.582+0000: 793516.540: [WeakReference, 39 refs, 0.0000277 secs]2019-02-01T00:55:41.582+0000: 793516.540: [FinalReference, 756 refs, 0.0004373 secs]2019-02-01T00:55:41.582+0000: 793516.540: [PhantomReference, 0 refs, 0 refs, 0.0000101 secs]2019-02-01T00:55:41.582+0000: 793516.540: [JNI Weak Reference, 0.0000193 secs]
Desired survivor size 89128960 bytes, new threshold 3 (max 15)
[PSYoungGen: 1392858K->25042K(1396224K)] 2901868K->1534051K(4713472K), 0.0220181 secs] [Times: user=0.19 sys=0.01, real=0.03 secs] 
2019-02-01T00:55:41.593+0000: 793516.550: Total time for which application threads were stopped: 0.0284543 seconds, Stopping threads took: 0.0001125 seconds
2019-02-01T00:55:49.470+0000: 793524.428: Application time: 7.8775345 seconds
2019-02-01T00:55:49.478+0000: 793524.436: Total time for which application threads were stopped: 0.0080301 seconds, Stopping threads took: 0.0002468 seconds
2019-02-01T00:55:49.479+0000: 793524.437: Application time: 0.0005173 seconds
2019-02-01T00:55:49.487+0000: 793524.445: [GC (GCLocker Initiated GC) 2019-02-01T00:55:49.500+0000: 793524.458: [SoftReference, 0 refs, 0.0000733 secs]2019-02-01T00:55:49.500+0000: 793524.458: [WeakReference, 7 refs, 0.0000410 secs]2019-02-01T00:55:49.500+0000: 793524.458: [FinalReference, 794 refs, 0.0006635 secs]2019-02-01T00:55:49.501+0000: 793524.459: [PhantomReference, 0 refs, 0 refs, 0.0000199 secs]2019-02-01T00:55:49.501+0000: 793524.459: [JNI Weak Reference, 0.0000324 secs]
Desired survivor size 85458944 bytes, new threshold 4 (max 15)
[PSYoungGen: 1360338K->24074K(1337856K)] 2872684K->1536421K(4655104K), 0.0247542 secs] [Times: user=0.19 sys=0.01, real=0.02 secs] 
2019-02-01T00:55:49.512+0000: 793524.470: Total time for which application threads were stopped: 0.0331512 seconds, Stopping threads took: 0.0002247 seconds
2019-02-01T00:55:55.774+0000: 793530.732: Application time: 6.2622542 seconds
2019-02-01T00:55:55.783+0000: 793530.740: Total time for which application threads were stopped: 0.0085762 seconds, Stopping threads took: 0.0002147 seconds
2019-02-01T00:55:55.784+0000: 793530.742: Application time: 0.0017869 seconds
2019-02-01T00:55:55.793+0000: 793530.751: [GC (GCLocker Initiated GC) 2019-02-01T00:55:55.810+0000: 793530.768: [SoftReference, 0 refs, 0.0000813 secs]2019-02-01T00:55:55.810+0000: 793530.768: [WeakReference, 38 refs, 0.0000370 secs]2019-02-01T00:55:55.810+0000: 793530.768: [FinalReference, 800 refs, 0.0006678 secs]2019-02-01T00:55:55.811+0000: 793530.769: [PhantomReference, 0 refs, 0 refs, 0.0000258 secs]2019-02-01T00:55:55.811+0000: 793530.769: [JNI Weak Reference, 0.0000405 secs]
Desired survivor size 99090432 bytes, new threshold 4 (max 15)
[PSYoungGen: 1337354K->82721K(1375232K)] 2849783K->1595149K(4692480K), 0.0228012 secs] [Times: user=0.35 sys=0.00, real=0.03 secs] 
2019-02-01T00:55:55.816+0000: 793530.774: Total time for which application threads were stopped: 0.0318492 seconds, Stopping threads took: 0.0002505 seconds
2019-02-01T00:56:01.346+0000: 793536.304: Application time: 5.5295094 seconds
2019-02-01T00:56:01.355+0000: 793536.313: Total time for which application threads were stopped: 0.0090032 seconds, Stopping threads took: 0.0008386 seconds
2019-02-01T00:56:01.356+0000: 793536.314: Application time: 0.0009205 seconds
2019-02-01T00:56:01.364+0000: 793536.322: [GC (GCLocker Initiated GC) 2019-02-01T00:56:01.377+0000: 793536.334: [SoftReference, 0 refs, 0.0000723 secs]2019-02-01T00:56:01.377+0000: 793536.334: [WeakReference, 6 refs, 0.0000217 secs]2019-02-01T00:56:01.377+0000: 793536.334: [FinalReference, 809 refs, 0.0007249 secs]2019-02-01T00:56:01.377+0000: 793536.335: [PhantomReference, 0 refs, 1 refs, 0.0000212 secs]2019-02-01T00:56:01.377+0000: 793536.335: [JNI Weak Reference, 0.0000330 secs]
Desired survivor size 94371840 bytes, new threshold 3 (max 15)
[PSYoungGen: 1374497K->41857K(1312768K)] 2890313K->1558811K(4630016K), 0.0253782 secs] [Times: user=0.21 sys=0.01, real=0.02 secs] 
2019-02-01T00:56:01.390+0000: 793536.348: Total time for which application threads were stopped: 0.0341087 seconds, Stopping threads took: 0.0002085 seconds
2019-02-01T00:56:07.533+0000: 793542.491: Application time: 6.1428711 seconds
2019-02-01T00:56:07.541+0000: 793542.499: Total time for which application threads were stopped: 0.0082052 seconds, Stopping threads took: 0.0003034 seconds
2019-02-01T00:56:07.542+0000: 793542.500: Application time: 0.0010680 seconds
2019-02-01T00:56:07.552+0000: 793542.509: [GC (GCLocker Initiated GC) 2019-02-01T00:56:07.564+0000: 793542.522: [SoftReference, 0 refs, 0.0000725 secs]2019-02-01T00:56:07.564+0000: 793542.522: [WeakReference, 1 refs, 0.0000215 secs]2019-02-01T00:56:07.564+0000: 793542.522: [FinalReference, 713 refs, 0.0006810 secs]2019-02-01T00:56:07.564+0000: 793542.522: [PhantomReference, 0 refs, 1 refs, 0.0000250 secs]2019-02-01T00:56:07.565+0000: 793542.522: [JNI Weak Reference, 0.0000535 secs]
Desired survivor size 88604672 bytes, new threshold 2 (max 15)
[PSYoungGen: 1312641K->39176K(1310720K)] 2836256K->1565132K(4627968K), 0.0283196 secs] [Times: user=0.22 sys=0.02, real=0.03 secs] 
2019-02-01T00:56:07.580+0000: 793542.538: Total time for which application threads were stopped: 0.0381496 seconds, Stopping threads took: 0.0012811 seconds
2019-02-01T00:56:14.488+0000: 793549.446: Application time: 6.9079128 seconds
2019-02-01T00:56:14.497+0000: 793549.454: Total time for which application threads were stopped: 0.0084340 seconds, Stopping threads took: 0.0003161 seconds
2019-02-01T00:56:14.497+0000: 793549.455: Application time: 0.0006579 seconds
2019-02-01T00:56:14.504+0000: 793549.462: [GC (GCLocker Initiated GC) 2019-02-01T00:56:14.519+0000: 793549.476: [SoftReference, 0 refs, 0.0000600 secs]2019-02-01T00:56:14.519+0000: 793549.476: [WeakReference, 30 refs, 0.0000241 secs]2019-02-01T00:56:14.519+0000: 793549.476: [FinalReference, 703 refs, 0.0018223 secs]2019-02-01T00:56:14.520+0000: 793549.478: [PhantomReference, 0 refs, 0 refs, 0.0000130 secs]2019-02-01T00:56:14.520+0000: 793549.478: [JNI Weak Reference, 0.0000193 secs]
Desired survivor size 88080384 bytes, new threshold 1 (max 15)
[PSYoungGen: 1289480K->17385K(1247744K)] 2818907K->1551386K(4564992K), 0.0225791 secs] [Times: user=0.18 sys=0.01, real=0.03 secs] 
2019-02-01T00:56:14.527+0000: 793549.485: Total time for which application threads were stopped: 0.0299382 seconds, Stopping threads took: 0.0003732 seconds
2019-02-01T00:56:21.362+0000: 793556.320: Application time: 6.8349506 seconds
2019-02-01T00:56:21.369+0000: 793556.327: Total time for which application threads were stopped: 0.0067240 seconds, Stopping threads took: 0.0002700 seconds
2019-02-01T00:56:21.369+0000: 793556.327: Application time: 0.0002829 seconds
2019-02-01T00:56:21.376+0000: 793556.334: [GC (GCLocker Initiated GC) 2019-02-01T00:56:21.386+0000: 793556.344: [SoftReference, 0 refs, 0.0000604 secs]2019-02-01T00:56:21.386+0000: 793556.344: [WeakReference, 32 refs, 0.0000239 secs]2019-02-01T00:56:21.386+0000: 793556.344: [FinalReference, 660 refs, 0.0002891 secs]2019-02-01T00:56:21.387+0000: 793556.344: [PhantomReference, 0 refs, 1 refs, 0.0000131 secs]2019-02-01T00:56:21.387+0000: 793556.344: [JNI Weak Reference, 0.0000208 secs]
Desired survivor size 85458944 bytes, new threshold 1 (max 15)
[PSYoungGen: 1247721K->22005K(1272320K)] 2785313K->1564271K(4589568K), 0.0184089 secs] [Times: user=0.19 sys=0.00, real=0.02 secs] 
2019-02-01T00:56:21.395+0000: 793556.352: Total time for which application threads were stopped: 0.0254369 seconds, Stopping threads took: 0.0001999 seconds
2019-02-01T00:56:28.302+0000: 793563.259: Application time: 6.9070453 seconds
2019-02-01T00:56:28.310+0000: 793563.268: Total time for which application threads were stopped: 0.0085078 seconds, Stopping threads took: 0.0002725 seconds
2019-02-01T00:56:28.311+0000: 793563.268: Application time: 0.0004732 seconds
2019-02-01T00:56:28.319+0000: 793563.277: [GC (GCLocker Initiated GC) 2019-02-01T00:56:28.332+0000: 793563.289: [SoftReference, 0 refs, 0.0000801 secs]2019-02-01T00:56:28.332+0000: 793563.290: [WeakReference, 1 refs, 0.0000171 secs]2019-02-01T00:56:28.332+0000: 793563.290: [FinalReference, 664 refs, 0.0017516 secs]2019-02-01T00:56:28.334+0000: 793563.291: [PhantomReference, 0 refs, 0 refs, 0.0000255 secs]2019-02-01T00:56:28.334+0000: 793563.291: [JNI Weak Reference, 0.0000326 secs]
Desired survivor size 81788928 bytes, new threshold 1 (max 15)
[PSYoungGen: 1232885K->38194K(1230336K)] 2775159K->1583358K(4547584K), 0.0247753 secs] [Times: user=0.21 sys=0.01, real=0.02 secs] 
2019-02-01T00:56:28.344+0000: 793563.302: Total time for which application threads were stopped: 0.0337079 seconds, Stopping threads took: 0.0002452 seconds
2019-02-01T00:56:33.685+0000: 793568.643: Application time: 5.3404249 seconds
2019-02-01T00:56:33.698+0000: 793568.655: Total time for which application threads were stopped: 0.0128848 seconds, Stopping threads took: 0.0048219 seconds
2019-02-01T00:56:33.698+0000: 793568.656: Application time: 0.0007826 seconds
2019-02-01T00:56:33.707+0000: 793568.665: [GC (GCLocker Initiated GC) 2019-02-01T00:56:33.721+0000: 793568.679: [SoftReference, 0 refs, 0.0000814 secs]2019-02-01T00:56:33.721+0000: 793568.679: [WeakReference, 16 refs, 0.0000263 secs]2019-02-01T00:56:33.721+0000: 793568.679: [FinalReference, 622 refs, 0.0004930 secs]2019-02-01T00:56:33.722+0000: 793568.679: [PhantomReference, 0 refs, 1 refs, 0.0000210 secs]2019-02-01T00:56:33.722+0000: 793568.680: [JNI Weak Reference, 0.0000328 secs]
Desired survivor size 80216064 bytes, new threshold 1 (max 15)
[PSYoungGen: 1230130K->43766K(1231872K)] 2778636K->1595433K(4549120K), 0.0249883 secs] [Times: user=0.23 sys=0.01, real=0.03 secs] 
2019-02-01T00:56:33.732+0000: 793568.690: Total time for which application threads were stopped: 0.0336737 seconds, Stopping threads took: 0.0002594 seconds
2019-02-01T00:56:39.472+0000: 793574.429: Application time: 5.7395617 seconds
2019-02-01T00:56:39.480+0000: 793574.438: Total time for which application threads were stopped: 0.0082980 seconds, Stopping threads took: 0.0002729 seconds
2019-02-01T00:56:39.481+0000: 793574.438: Application time: 0.0005400 seconds
2019-02-01T00:56:39.489+0000: 793574.447: [GC (GCLocker Initiated GC) 2019-02-01T00:56:39.501+0000: 793574.459: [SoftReference, 0 refs, 0.0000820 secs]2019-02-01T00:56:39.501+0000: 793574.459: [WeakReference, 6 refs, 0.0000279 secs]2019-02-01T00:56:39.501+0000: 793574.459: [FinalReference, 606 refs, 0.0004378 secs]2019-02-01T00:56:39.502+0000: 793574.459: [PhantomReference, 0 refs, 0 refs, 0.0000193 secs]2019-02-01T00:56:39.502+0000: 793574.459: [JNI Weak Reference, 0.0000328 secs]
Desired survivor size 78118912 bytes, new threshold 1 (max 15)
[PSYoungGen: 1217270K->23460K(1179136K)] 2772192K->1580470K(4496384K), 0.0226948 secs] [Times: user=0.18 sys=0.01, real=0.03 secs] 
2019-02-01T00:56:39.512+0000: 793574.470: Total time for which application threads were stopped: 0.0315071 seconds, Stopping threads took: 0.0003651 seconds
2019-02-01T00:56:40.370+0000: 793575.328: Application time: 0.8579132 seconds
2019-02-01T00:56:40.379+0000: 793575.337: Total time for which application threads were stopped: 0.0089151 seconds, Stopping threads took: 0.0003057 seconds
2019-02-01T00:56:44.750+0000: 793579.708: Application time: 4.3715293 seconds
2019-02-01T00:56:44.757+0000: 793579.715: Total time for which application threads were stopped: 0.0066495 seconds, Stopping threads took: 0.0001982 seconds
2019-02-01T00:56:44.758+0000: 793579.715: Application time: 0.0004680 seconds
2019-02-01T00:56:44.763+0000: 793579.721: [GC (GCLocker Initiated GC) 2019-02-01T00:56:44.775+0000: 793579.733: [SoftReference, 0 refs, 0.0000555 secs]2019-02-01T00:56:44.775+0000: 793579.733: [WeakReference, 17 refs, 0.0000175 secs]2019-02-01T00:56:44.775+0000: 793579.733: [FinalReference, 546 refs, 0.0003749 secs]2019-02-01T00:56:44.775+0000: 793579.733: [PhantomReference, 0 refs, 0 refs, 0.0000342 secs]2019-02-01T00:56:44.776+0000: 793579.733: [JNI Weak Reference, 0.0000374 secs]
Desired survivor size 74448896 bytes, new threshold 1 (max 15)
[PSYoungGen: 1179044K->33514K(1189888K)] 2742959K->1599580K(4507136K), 0.0219237 secs] [Times: user=0.16 sys=0.01, real=0.02 secs] 
2019-02-01T00:56:44.785+0000: 793579.743: Total time for which application threads were stopped: 0.0276114 seconds, Stopping threads took: 0.0002205 seconds
2019-02-01T00:56:49.808+0000: 793584.766: Application time: 5.0231451 seconds
2019-02-01T00:56:49.816+0000: 793584.774: Total time for which application threads were stopped: 0.0075221 seconds, Stopping threads took: 0.0002427 seconds
2019-02-01T00:56:49.816+0000: 793584.774: Application time: 0.0004310 seconds
2019-02-01T00:56:49.824+0000: 793584.781: [GC (GCLocker Initiated GC) 2019-02-01T00:56:49.837+0000: 793584.795: [SoftReference, 0 refs, 0.0000682 secs]2019-02-01T00:56:49.837+0000: 793584.795: [WeakReference, 9 refs, 0.0000233 secs]2019-02-01T00:56:49.837+0000: 793584.795: [FinalReference, 542 refs, 0.0003894 secs]2019-02-01T00:56:49.837+0000: 793584.795: [PhantomReference, 0 refs, 0 refs, 0.0000205 secs]2019-02-01T00:56:49.837+0000: 793584.795: [JNI Weak Reference, 0.0000422 secs]
Desired survivor size 71303168 bytes, new threshold 1 (max 15)
[PSYoungGen: 1171690K->37012K(1158656K)] 2737775K->1605595K(4475904K), 0.0252388 secs] [Times: user=0.18 sys=0.01, real=0.02 secs] 
2019-02-01T00:56:49.849+0000: 793584.807: Total time for which application threads were stopped: 0.0328097 seconds, Stopping threads took: 0.0002455 seconds
2019-02-01T00:56:55.158+0000: 793590.116: Application time: 5.3093715 seconds
2019-02-01T00:56:55.166+0000: 793590.123: Total time for which application threads were stopped: 0.0071066 seconds, Stopping threads took: 0.0002413 seconds
2019-02-01T00:56:55.166+0000: 793590.124: Application time: 0.0005458 seconds
2019-02-01T00:56:55.173+0000: 793590.131: [GC (GCLocker Initiated GC) 2019-02-01T00:56:55.187+0000: 793590.144: [SoftReference, 0 refs, 0.0000707 secs]2019-02-01T00:56:55.187+0000: 793590.145: [WeakReference, 33 refs, 0.0000356 secs]2019-02-01T00:56:55.187+0000: 793590.145: [FinalReference, 626 refs, 0.0004579 secs]2019-02-01T00:56:55.187+0000: 793590.145: [PhantomReference, 0 refs, 0 refs, 0.0000195 secs]2019-02-01T00:56:55.187+0000: 793590.145: [JNI Weak Reference, 0.0001063 secs]
Desired survivor size 69206016 bytes, new threshold 1 (max 15)
[PSYoungGen: 1158292K->26399K(1154048K)] 2726899K->1602733K(4471296K), 0.0244128 secs] [Times: user=0.20 sys=0.01, real=0.02 secs] 
2019-02-01T00:56:55.198+0000: 793590.156: Total time for which application threads were stopped: 0.0320194 seconds, Stopping threads took: 0.0002117 seconds
2019-02-01T00:56:59.775+0000: 793594.733: Application time: 4.5767862 seconds
2019-02-01T00:56:59.781+0000: 793594.738: Total time for which application threads were stopped: 0.0056869 seconds, Stopping threads took: 0.0002196 seconds
2019-02-01T00:56:59.781+0000: 793594.739: Application time: 0.0002048 seconds
2019-02-01T00:56:59.786+0000: 793594.744: [GC (GCLocker Initiated GC) 2019-02-01T00:56:59.799+0000: 793594.756: [SoftReference, 0 refs, 0.0000541 secs]2019-02-01T00:56:59.799+0000: 793594.756: [WeakReference, 5 refs, 0.0000116 secs]2019-02-01T00:56:59.799+0000: 793594.756: [FinalReference, 572 refs, 0.0002815 secs]2019-02-01T00:56:59.799+0000: 793594.757: [PhantomReference, 0 refs, 0 refs, 0.0000098 secs]2019-02-01T00:56:59.799+0000: 793594.757: [JNI Weak Reference, 0.0000184 secs]
Desired survivor size 68681728 bytes, new threshold 1 (max 15)
[PSYoungGen: 1131295K->42013K(1131520K)] 2707632K->1621757K(4448768K), 0.0199556 secs] [Times: user=0.22 sys=0.01, real=0.02 secs] 
2019-02-01T00:56:59.806+0000: 793594.764: Total time for which application threads were stopped: 0.0256003 seconds, Stopping threads took: 0.0002147 seconds
2019-02-01T00:57:03.507+0000: 793598.465: Application time: 3.7009679 seconds
2019-02-01T00:57:03.513+0000: 793598.471: Total time for which application threads were stopped: 0.0054959 seconds, Stopping threads took: 0.0002880 seconds
2019-02-01T00:57:03.513+0000: 793598.471: Application time: 0.0003450 seconds
2019-02-01T00:57:03.520+0000: 793598.478: [GC (GCLocker Initiated GC) 2019-02-01T00:57:03.533+0000: 793598.490: [SoftReference, 0 refs, 0.0000726 secs]2019-02-01T00:57:03.533+0000: 793598.491: [WeakReference, 28 refs, 0.0000304 secs]2019-02-01T00:57:03.533+0000: 793598.491: [FinalReference, 568 refs, 0.0003961 secs]2019-02-01T00:57:03.533+0000: 793598.491: [PhantomReference, 0 refs, 1 refs, 0.0000193 secs]2019-02-01T00:57:03.533+0000: 793598.491: [JNI Weak Reference, 0.0000316 secs]
Desired survivor size 65536000 bytes, new threshold 1 (max 15)
[PSYoungGen: 1131037K->34797K(1118208K)] 2710790K->1616943K(4435456K), 0.0238021 secs] [Times: user=0.15 sys=0.00, real=0.02 secs] 
2019-02-01T00:57:03.544+0000: 793598.502: Total time for which application threads were stopped: 0.0304928 seconds, Stopping threads took: 0.0012123 seconds
2019-02-01T00:57:07.467+0000: 793602.425: Application time: 3.9231275 seconds
2019-02-01T00:57:07.472+0000: 793602.430: Total time for which application threads were stopped: 0.0055420 seconds, Stopping threads took: 0.0002114 seconds
2019-02-01T00:57:07.473+0000: 793602.431: Application time: 0.0004548 seconds
2019-02-01T00:57:07.479+0000: 793602.437: [GC (GCLocker Initiated GC) 2019-02-01T00:57:07.491+0000: 793602.449: [SoftReference, 0 refs, 0.0000511 secs]2019-02-01T00:57:07.491+0000: 793602.449: [WeakReference, 4 refs, 0.0000114 secs]2019-02-01T00:57:07.491+0000: 793602.449: [FinalReference, 561 refs, 0.0002844 secs]2019-02-01T00:57:07.491+0000: 793602.449: [PhantomReference, 0 refs, 1 refs, 0.0000111 secs]2019-02-01T00:57:07.491+0000: 793602.449: [JNI Weak Reference, 0.0000174 secs]
Desired survivor size 69206016 bytes, new threshold 1 (max 15)
[PSYoungGen: 1107949K->52411K(1110528K)] 2696748K->1644333K(4427776K), 0.0177194 secs] [Times: user=0.20 sys=0.01, real=0.02 secs] 
2019-02-01T00:57:07.497+0000: 793602.455: Total time for which application threads were stopped: 0.0238060 seconds, Stopping threads took: 0.0006528 seconds
2019-02-01T00:57:11.614+0000: 793606.572: Application time: 4.1177151 seconds
2019-02-01T00:57:11.620+0000: 793606.578: Total time for which application threads were stopped: 0.0056286 seconds, Stopping threads took: 0.0004997 seconds
2019-02-01T00:57:11.620+0000: 793606.578: Application time: 0.0004300 seconds
2019-02-01T00:57:11.626+0000: 793606.584: [GC (GCLocker Initiated GC) 2019-02-01T00:57:11.639+0000: 793606.596: [SoftReference, 0 refs, 0.0000533 secs]2019-02-01T00:57:11.639+0000: 793606.596: [WeakReference, 16 refs, 0.0000220 secs]2019-02-01T00:57:11.639+0000: 793606.596: [FinalReference, 588 refs, 0.0003383 secs]2019-02-01T00:57:11.639+0000: 793606.597: [PhantomReference, 0 refs, 0 refs, 0.0000130 secs]2019-02-01T00:57:11.639+0000: 793606.597: [JNI Weak Reference, 0.0000218 secs]
Desired survivor size 67108864 bytes, new threshold 1 (max 15)
[PSYoungGen: 1110203K->31474K(1091072K)] 2711172K->1634765K(4408320K), 0.0201351 secs] [Times: user=0.22 sys=0.02, real=0.02 secs] 
2019-02-01T00:57:11.646+0000: 793606.604: Total time for which application threads were stopped: 0.0255950 seconds, Stopping threads took: 0.0002089 seconds
2019-02-01T00:57:15.411+0000: 793610.369: Application time: 3.7654376 seconds
2019-02-01T00:57:15.419+0000: 793610.377: Total time for which application threads were stopped: 0.0075960 seconds, Stopping threads took: 0.0003348 seconds
2019-02-01T00:57:15.420+0000: 793610.378: Application time: 0.0011540 seconds
2019-02-01T00:57:15.426+0000: 793610.384: [GC (GCLocker Initiated GC) 2019-02-01T00:57:15.438+0000: 793610.396: [SoftReference, 0 refs, 0.0000510 secs]2019-02-01T00:57:15.438+0000: 793610.396: [WeakReference, 44 refs, 0.0000287 secs]2019-02-01T00:57:15.438+0000: 793610.396: [FinalReference, 522 refs, 0.0002936 secs]2019-02-01T00:57:15.438+0000: 793610.396: [PhantomReference, 0 refs, 2 refs, 0.0000111 secs]2019-02-01T00:57:15.438+0000: 793610.396: [JNI Weak Reference, 0.0000181 secs]
Desired survivor size 66060288 bytes, new threshold 1 (max 15)
[PSYoungGen: 1074418K->25873K(1054720K)] 2692549K->1646464K(4371968K), 0.0185797 secs] [Times: user=0.17 sys=0.01, real=0.02 secs] 
2019-02-01T00:57:15.445+0000: 793610.403: Total time for which application threads were stopped: 0.0246371 seconds, Stopping threads took: 0.0006338 seconds
2019-02-01T00:57:15.607+0000: 793610.565: Application time: 0.1618659 seconds
2019-02-01T00:57:15.614+0000: 793610.572: Total time for which application threads were stopped: 0.0076176 seconds, Stopping threads took: 0.0003254 seconds
2019-02-01T00:57:19.349+0000: 793614.307: Application time: 3.7350649 seconds
2019-02-01T00:57:19.357+0000: 793614.315: Total time for which application threads were stopped: 0.0078975 seconds, Stopping threads took: 0.0002973 seconds
2019-02-01T00:57:19.358+0000: 793614.316: Application time: 0.0006280 seconds
2019-02-01T00:57:19.364+0000: 793614.322: [GC (GCLocker Initiated GC) 2019-02-01T00:57:19.378+0000: 793614.335: [SoftReference, 0 refs, 0.0000671 secs]2019-02-01T00:57:19.378+0000: 793614.335: [WeakReference, 30 refs, 0.0000314 secs]2019-02-01T00:57:19.378+0000: 793614.335: [FinalReference, 573 refs, 0.0004089 secs]2019-02-01T00:57:19.378+0000: 793614.336: [PhantomReference, 0 refs, 0 refs, 0.0000186 secs]2019-02-01T00:57:19.378+0000: 793614.336: [JNI Weak Reference, 0.0000330 secs]
Desired survivor size 63963136 bytes, new threshold 1 (max 15)
[PSYoungGen: 1054481K->29961K(1060352K)] 2678417K->1656458K(4377600K), 0.0243688 secs] [Times: user=0.23 sys=0.01, real=0.03 secs] 
2019-02-01T00:57:19.389+0000: 793614.347: Total time for which application threads were stopped: 0.0308223 seconds, Stopping threads took: 0.0003151 seconds
2019-02-01T00:57:23.034+0000: 793617.991: Application time: 3.6446878 seconds
2019-02-01T00:57:23.041+0000: 793617.999: Total time for which application threads were stopped: 0.0074870 seconds, Stopping threads took: 0.0002600 seconds
2019-02-01T00:57:23.042+0000: 793618.000: Application time: 0.0009193 seconds
2019-02-01T00:57:23.050+0000: 793618.007: [GC (GCLocker Initiated GC) 2019-02-01T00:57:23.063+0000: 793618.021: [SoftReference, 0 refs, 0.0000622 secs]2019-02-01T00:57:23.063+0000: 793618.021: [WeakReference, 20 refs, 0.0000299 secs]2019-02-01T00:57:23.063+0000: 793618.021: [FinalReference, 543 refs, 0.0004105 secs]2019-02-01T00:57:23.063+0000: 793618.021: [PhantomReference, 0 refs, 0 refs, 0.0000193 secs]2019-02-01T00:57:23.063+0000: 793618.021: [JNI Weak Reference, 0.0000324 secs]
Desired survivor size 63963136 bytes, new threshold 1 (max 15)
[PSYoungGen: 1044233K->42082K(1042944K)] 2670808K->1671336K(4360192K), 0.0230884 secs] [Times: user=0.16 sys=0.01, real=0.02 secs] 
2019-02-01T00:57:23.073+0000: 793618.031: Total time for which application threads were stopped: 0.0310387 seconds, Stopping threads took: 0.0001885 seconds
2019-02-01T00:57:26.304+0000: 793621.262: Application time: 3.2308953 seconds
2019-02-01T00:57:26.310+0000: 793621.268: Total time for which application threads were stopped: 0.0057962 seconds, Stopping threads took: 0.0002375 seconds
2019-02-01T00:57:26.310+0000: 793621.268: Application time: 0.0004513 seconds
2019-02-01T00:57:26.316+0000: 793621.274: [GC (GCLocker Initiated GC) 2019-02-01T00:57:26.328+0000: 793621.286: [SoftReference, 0 refs, 0.0000772 secs]2019-02-01T00:57:26.328+0000: 793621.286: [WeakReference, 11 refs, 0.0000296 secs]2019-02-01T00:57:26.328+0000: 793621.286: [FinalReference, 477 refs, 0.0002544 secs]2019-02-01T00:57:26.329+0000: 793621.286: [PhantomReference, 0 refs, 0 refs, 0.0000098 secs]2019-02-01T00:57:26.329+0000: 793621.286: [JNI Weak Reference, 0.0000181 secs]
Desired survivor size 66060288 bytes, new threshold 1 (max 15)
[PSYoungGen: 1042530K->48793K(1040384K)] 2676055K->1688951K(4357632K), 0.0192447 secs] [Times: user=0.21 sys=0.00, real=0.02 secs] 
2019-02-01T00:57:26.335+0000: 793621.293: Total time for which application threads were stopped: 0.0252773 seconds, Stopping threads took: 0.0002050 seconds
2019-02-01T00:57:30.019+0000: 793624.977: Application time: 3.6837549 seconds
2019-02-01T00:57:30.025+0000: 793624.983: Total time for which application threads were stopped: 0.0055449 seconds, Stopping threads took: 0.0001933 seconds
2019-02-01T00:57:30.025+0000: 793624.983: Application time: 0.0006960 seconds
2019-02-01T00:57:30.032+0000: 793624.990: [GC (Allocation Failure) 2019-02-01T00:57:30.045+0000: 793625.003: [SoftReference, 0 refs, 0.0000579 secs]2019-02-01T00:57:30.045+0000: 793625.003: [WeakReference, 6 refs, 0.0000122 secs]2019-02-01T00:57:30.045+0000: 793625.003: [FinalReference, 535 refs, 0.0003044 secs]2019-02-01T00:57:30.045+0000: 793625.003: [PhantomReference, 0 refs, 0 refs, 0.0000098 secs]2019-02-01T00:57:30.045+0000: 793625.003: [JNI Weak Reference, 0.0000181 secs]
Desired survivor size 65011712 bytes, new threshold 1 (max 15)
[PSYoungGen: 1035929K->41779K(1015808K)] 2676378K->1693538K(4333056K), 0.0184029 secs] [Times: user=0.20 sys=0.01, real=0.02 secs] 
2019-02-01T00:57:30.051+0000: 793625.009: Total time for which application threads were stopped: 0.0255525 seconds, Stopping threads took: 0.0001709 seconds
2019-02-01T00:57:30.051+0000: 793625.009: Application time: 0.0003591 seconds
2019-02-01T00:57:30.060+0000: 793625.018: [GC (GCLocker Initiated GC) 2019-02-01T00:57:30.071+0000: 793625.029: [SoftReference, 0 refs, 0.0000733 secs]2019-02-01T00:57:30.071+0000: 793625.029: [WeakReference, 0 refs, 0.0000164 secs]2019-02-01T00:57:30.071+0000: 793625.029: [FinalReference, 1 refs, 0.0000168 secs]2019-02-01T00:57:30.071+0000: 793625.029: [PhantomReference, 0 refs, 0 refs, 0.0000179 secs]2019-02-01T00:57:30.071+0000: 793625.029: [JNI Weak Reference, 0.0000322 secs]
Desired survivor size 69206016 bytes, new threshold 1 (max 15)
[PSYoungGen: 42948K->320K(1033216K)] 1694707K->1690216K(4350464K), 0.0163987 secs] [Times: user=0.19 sys=0.01, real=0.01 secs] 
2019-02-01T00:57:30.077+0000: 793625.035: Total time for which application threads were stopped: 0.0255218 seconds, Stopping threads took: 0.0003541 seconds
2019-02-01T00:57:33.690+0000: 793628.647: Application time: 3.6127359 seconds
2019-02-01T00:57:33.698+0000: 793628.656: Total time for which application threads were stopped: 0.0085322 seconds, Stopping threads took: 0.0002321 seconds
2019-02-01T00:57:33.699+0000: 793628.656: Application time: 0.0003735 seconds
2019-02-01T00:57:33.708+0000: 793628.666: [GC (GCLocker Initiated GC) 2019-02-01T00:57:33.725+0000: 793628.683: [SoftReference, 0 refs, 0.0000620 secs]2019-02-01T00:57:33.725+0000: 793628.683: [WeakReference, 54 refs, 0.0000412 secs]2019-02-01T00:57:33.725+0000: 793628.683: [FinalReference, 562 refs, 0.0004041 secs]2019-02-01T00:57:33.725+0000: 793628.683: [PhantomReference, 0 refs, 0 refs, 0.0000105 secs]2019-02-01T00:57:33.725+0000: 793628.683: [JNI Weak Reference, 0.0000194 secs]
Desired survivor size 69730304 bytes, new threshold 1 (max 15)
[PSYoungGen: 970048K->45211K(1037312K)] 2663265K->1738485K(4354560K), 0.0207813 secs] [Times: user=0.31 sys=0.02, real=0.02 secs] 
2019-02-01T00:57:33.729+0000: 793628.687: Total time for which application threads were stopped: 0.0309402 seconds, Stopping threads took: 0.0010092 seconds
2019-02-01T00:57:38.126+0000: 793633.084: Application time: 4.3962540 seconds
2019-02-01T00:57:38.135+0000: 793633.092: Total time for which application threads were stopped: 0.0088501 seconds, Stopping threads took: 0.0002927 seconds
2019-02-01T00:57:38.136+0000: 793633.094: Application time: 0.0010858 seconds
2019-02-01T00:57:38.144+0000: 793633.102: [GC (GCLocker Initiated GC) 2019-02-01T00:57:38.159+0000: 793633.117: [SoftReference, 0 refs, 0.0000765 secs]2019-02-01T00:57:38.159+0000: 793633.117: [WeakReference, 18 refs, 0.0000275 secs]2019-02-01T00:57:38.160+0000: 793633.117: [FinalReference, 576 refs, 0.0061705 secs]2019-02-01T00:57:38.166+0000: 793633.124: [PhantomReference, 0 refs, 0 refs, 0.0000270 secs]2019-02-01T00:57:38.166+0000: 793633.124: [JNI Weak Reference, 0.0000328 secs]
Desired survivor size 67633152 bytes, new threshold 1 (max 15)
[PSYoungGen: 1014939K->27353K(1221632K)] 2711575K->1734111K(4538880K), 0.0265099 secs] [Times: user=0.26 sys=0.04, real=0.03 secs] 
2019-02-01T00:57:38.171+0000: 793633.129: Total time for which application threads were stopped: 0.0353324 seconds, Stopping threads took: 0.0001771 seconds
2019-02-01T00:57:40.370+0000: 793635.328: Application time: 2.1993001 seconds
2019-02-01T00:57:40.379+0000: 793635.337: Total time for which application threads were stopped: 0.0091688 seconds, Stopping threads took: 0.0002607 seconds
2019-02-01T00:57:42.417+0000: 793637.375: Application time: 2.0380018 seconds
2019-02-01T00:57:45.475+0000: 793640.433: Total time for which application threads were stopped: 3.0572882 seconds, Stopping threads took: 3.0503617 seconds
2019-02-01T00:57:45.486+0000: 793640.444: Application time: 0.0111953 seconds
2019-02-01T00:57:45.497+0000: 793640.455: [GC (GCLocker Initiated GC) 2019-02-01T00:57:46.793+0000: 793641.751: [SoftReference, 0 refs, 0.0000533 secs]2019-02-01T00:57:46.793+0000: 793641.751: [WeakReference, 25 refs, 0.0000243 secs]2019-02-01T00:57:46.793+0000: 793641.751: [FinalReference, 619 refs, 0.0003065 secs]2019-02-01T00:57:46.793+0000: 793641.751: [PhantomReference, 0 refs, 1 refs, 0.0000111 secs]2019-02-01T00:57:46.793+0000: 793641.751: [JNI Weak Reference, 0.0000191 secs]
Desired survivor size 77594624 bytes, new threshold 1 (max 15)
[PSYoungGen: 1186009K->66036K(1224704K)] 2932291K->1814625K(4541952K), 1.2999468 secs] [Times: user=24.97 sys=2.85, real=1.30 secs] 
2019-02-01T00:57:46.797+0000: 793641.755: Total time for which application threads were stopped: 1.3114379 seconds, Stopping threads took: 0.0037055 seconds
2019-02-01T00:57:49.970+0000: 793644.928: Application time: 3.1728353 seconds
2019-02-01T00:57:49.978+0000: 793644.936: Total time for which application threads were stopped: 0.0074347 seconds, Stopping threads took: 0.0002090 seconds
2019-02-01T00:57:49.979+0000: 793644.937: Application time: 0.0016686 seconds
2019-02-01T00:57:49.987+0000: 793644.945: [GC (GCLocker Initiated GC) 2019-02-01T00:57:52.518+0000: 793647.475: [SoftReference, 0 refs, 0.0000718 secs]2019-02-01T00:57:52.518+0000: 793647.475: [WeakReference, 23 refs, 0.0000222 secs]2019-02-01T00:57:52.518+0000: 793647.476: [FinalReference, 583 refs, 0.0002925 secs]2019-02-01T00:57:52.518+0000: 793647.476: [PhantomReference, 0 refs, 0 refs, 0.0000093 secs]2019-02-01T00:57:52.518+0000: 793647.476: [JNI Weak Reference, 0.0000189 secs]
Desired survivor size 80216064 bytes, new threshold 1 (max 15)
[PSYoungGen: 1224692K->54377K(1458688K)] 2973292K->1807908K(4775936K), 2.5342546 secs] [Times: user=9.38 sys=47.42, real=2.54 secs] 
2019-02-01T00:57:52.522+0000: 793647.479: Total time for which application threads were stopped: 2.5422095 seconds, Stopping threads took: 0.0001970 seconds
2019-02-01T00:58:01.887+0000: 793656.845: Application time: 9.3659738 seconds
2019-02-01T00:58:03.614+0000: 793658.572: [GC (Allocation Failure) 2019-02-01T00:58:03.638+0000: 793658.596: [SoftReference, 0 refs, 0.0000515 secs]2019-02-01T00:58:03.638+0000: 793658.596: [WeakReference, 70 refs, 0.0000415 secs]2019-02-01T00:58:03.638+0000: 793658.596: [FinalReference, 727 refs, 0.0003524 secs]2019-02-01T00:58:03.639+0000: 793658.596: [PhantomReference, 0 refs, 0 refs, 0.0000094 secs]2019-02-01T00:58:03.639+0000: 793658.596: [JNI Weak Reference, 0.0000172 secs]
Desired survivor size 99614720 bytes, new threshold 1 (max 15)
[PSYoungGen: 1437289K->78320K(1461248K)] 3190828K->1855099K(4778496K), 0.0294227 secs] [Times: user=0.00 sys=0.00, real=0.03 secs] 
2019-02-01T00:58:03.643+0000: 793658.601: Total time for which application threads were stopped: 1.7557796 seconds, Stopping threads took: 1.7181741 seconds
2019-02-01T00:58:06.177+0000: 793661.135: Application time: 2.5339234 seconds
2019-02-01T00:58:06.185+0000: 793661.142: Total time for which application threads were stopped: 0.0072818 seconds, Stopping threads took: 0.0008842 seconds
2019-02-01T00:58:06.186+0000: 793661.144: Application time: 0.0018449 seconds
2019-02-01T00:58:06.200+0000: 793661.157: [GC (GCLocker Initiated GC) 2019-02-01T00:58:06.232+0000: 793661.190: [SoftReference, 0 refs, 0.0000758 secs]2019-02-01T00:58:06.232+0000: 793661.190: [WeakReference, 69 refs, 0.0000380 secs]2019-02-01T00:58:06.232+0000: 793661.190: [FinalReference, 0 refs, 0.0000078 secs]2019-02-01T00:58:06.232+0000: 793661.190: [PhantomReference, 0 refs, 1 refs, 0.0000100 secs]2019-02-01T00:58:06.232+0000: 793661.190: [JNI Weak Reference, 0.0000179 secs]
Desired survivor size 128450560 bytes, new threshold 1 (max 15)
[PSYoungGen: 1460530K->97255K(1724928K)] 3240631K->1914866K(5042176K), 0.0363121 secs] [Times: user=0.46 sys=0.25, real=0.04 secs] 
2019-02-01T00:58:06.236+0000: 793661.194: Total time for which application threads were stopped: 0.0496064 seconds, Stopping threads took: 0.0050109 seconds
2019-02-01T00:58:10.551+0000: 793665.509: Application time: 4.3151787 seconds
2019-02-01T00:58:10.560+0000: 793665.518: Total time for which application threads were stopped: 0.0091952 seconds, Stopping threads took: 0.0029350 seconds
2019-02-01T00:58:10.563+0000: 793665.521: Application time: 0.0024629 seconds
2019-02-01T00:58:10.570+0000: 793665.528: [GC (GCLocker Initiated GC) 2019-02-01T00:58:10.603+0000: 793665.560: [SoftReference, 0 refs, 0.0000481 secs]2019-02-01T00:58:10.603+0000: 793665.560: [WeakReference, 61 refs, 0.0000292 secs]2019-02-01T00:58:10.603+0000: 793665.560: [FinalReference, 813 refs, 0.0004865 secs]2019-02-01T00:58:10.603+0000: 793665.561: [PhantomReference, 0 refs, 2 refs, 0.0000116 secs]2019-02-01T00:58:10.603+0000: 793665.561: [JNI Weak Reference, 0.0000188 secs]
Desired survivor size 137887744 bytes, new threshold 1 (max 15)
[PSYoungGen: 1724903K->99170K(1753088K)] 3549304K->1931521K(5070336K), 0.0369129 secs] [Times: user=0.39 sys=0.25, real=0.04 secs] 
2019-02-01T00:58:10.607+0000: 793665.565: Total time for which application threads were stopped: 0.0439901 seconds, Stopping threads took: 0.0002635 seconds
2019-02-01T00:58:15.618+0000: 793670.575: Application time: 5.0107071 seconds
2019-02-01T00:58:15.623+0000: 793670.581: Total time for which application threads were stopped: 0.0057314 seconds, Stopping threads took: 0.0001794 seconds
2019-02-01T00:58:15.624+0000: 793670.582: Application time: 0.0008872 seconds
2019-02-01T00:58:15.631+0000: 793670.589: [GC (GCLocker Initiated GC) 2019-02-01T00:58:15.645+0000: 793670.603: [SoftReference, 0 refs, 0.0000548 secs]2019-02-01T00:58:15.645+0000: 793670.603: [WeakReference, 7 refs, 0.0000129 secs]2019-02-01T00:58:15.645+0000: 793670.603: [FinalReference, 1010 refs, 0.0004947 secs]2019-02-01T00:58:15.646+0000: 793670.603: [PhantomReference, 0 refs, 0 refs, 0.0000100 secs]2019-02-01T00:58:15.646+0000: 793670.603: [JNI Weak Reference, 0.0000182 secs]
Desired survivor size 134217728 bytes, new threshold 1 (max 15)
[PSYoungGen: 1726818K->35353K(1790976K)] 3562498K->1876840K(5108224K), 0.0174848 secs] [Times: user=0.21 sys=0.01, real=0.02 secs] 
2019-02-01T00:58:15.649+0000: 793670.607: Total time for which application threads were stopped: 0.0248276 seconds, Stopping threads took: 0.0002945 seconds
2019-02-01T00:58:22.071+0000: 793677.029: Application time: 6.4222640 seconds
2019-02-01T00:58:22.079+0000: 793677.037: Total time for which application threads were stopped: 0.0080536 seconds, Stopping threads took: 0.0027430 seconds
2019-02-01T00:58:22.080+0000: 793677.038: Application time: 0.0010351 seconds
2019-02-01T00:58:22.088+0000: 793677.046: [GC (GCLocker Initiated GC) 2019-02-01T00:58:22.102+0000: 793677.059: [SoftReference, 0 refs, 0.0000626 secs]2019-02-01T00:58:22.102+0000: 793677.060: [WeakReference, 35 refs, 0.0000342 secs]2019-02-01T00:58:22.102+0000: 793677.060: [FinalReference, 851 refs, 0.0006377 secs]2019-02-01T00:58:22.102+0000: 793677.060: [PhantomReference, 0 refs, 1 refs, 0.0000204 secs]2019-02-01T00:58:22.102+0000: 793677.060: [JNI Weak Reference, 0.0000323 secs]
Desired survivor size 128450560 bytes, new threshold 1 (max 15)
[PSYoungGen: 1691673K->47776K(1704448K)] 3536509K->1901094K(5021696K), 0.0192442 secs] [Times: user=0.24 sys=0.01, real=0.02 secs] 
2019-02-01T00:58:22.108+0000: 793677.065: Total time for which application threads were stopped: 0.0270761 seconds, Stopping threads took: 0.0002380 seconds
2019-02-01T00:58:28.590+0000: 793683.548: Application time: 6.4825884 seconds
2019-02-01T00:58:28.598+0000: 793683.555: Total time for which application threads were stopped: 0.0074672 seconds, Stopping threads took: 0.0003077 seconds
2019-02-01T00:58:28.598+0000: 793683.556: Application time: 0.0007079 seconds
2019-02-01T00:58:28.605+0000: 793683.563: [GC (GCLocker Initiated GC) 2019-02-01T00:58:28.624+0000: 793683.581: [SoftReference, 0 refs, 0.0000730 secs]2019-02-01T00:58:28.624+0000: 793683.581: [WeakReference, 5 refs, 0.0000229 secs]2019-02-01T00:58:28.624+0000: 793683.581: [FinalReference, 872 refs, 0.0006828 secs]2019-02-01T00:58:28.624+0000: 793683.582: [PhantomReference, 0 refs, 1 refs, 0.0000221 secs]2019-02-01T00:58:28.624+0000: 793683.582: [JNI Weak Reference, 0.0000330 secs]
Desired survivor size 121110528 bytes, new threshold 1 (max 15)
[PSYoungGen: 1704096K->55786K(1788928K)] 3564089K->1918978K(5106176K), 0.0237842 secs] [Times: user=0.35 sys=0.01, real=0.03 secs] 
2019-02-01T00:58:28.629+0000: 793683.587: Total time for which application threads were stopped: 0.0311741 seconds, Stopping threads took: 0.0006018 seconds
2019-02-01T00:58:33.448+0000: 793688.405: Application time: 4.8181025 seconds
2019-02-01T00:58:33.456+0000: 793688.413: Total time for which application threads were stopped: 0.0079833 seconds, Stopping threads took: 0.0002940 seconds
2019-02-01T00:58:33.456+0000: 793688.414: Application time: 0.0004229 seconds
2019-02-01T00:58:33.464+0000: 793688.422: [GC (GCLocker Initiated GC) 2019-02-01T00:58:33.480+0000: 793688.438: [SoftReference, 0 refs, 0.0000708 secs]2019-02-01T00:58:33.480+0000: 793688.438: [WeakReference, 47 refs, 0.0000427 secs]2019-02-01T00:58:33.480+0000: 793688.438: [FinalReference, 935 refs, 0.0019622 secs]2019-02-01T00:58:33.482+0000: 793688.440: [PhantomReference, 0 refs, 0 refs, 0.0000269 secs]2019-02-01T00:58:33.482+0000: 793688.440: [JNI Weak Reference, 0.0000325 secs]
Desired survivor size 116916224 bytes, new threshold 1 (max 15)
[PSYoungGen: 1719274K->61644K(1781760K)] 3582481K->1928252K(5099008K), 0.0224796 secs] [Times: user=0.28 sys=0.00, real=0.02 secs] 
2019-02-01T00:58:33.487+0000: 793688.445: Total time for which application threads were stopped: 0.0309639 seconds, Stopping threads took: 0.0002249 seconds
2019-02-01T00:58:38.782+0000: 793693.740: Application time: 5.2951252 seconds
2019-02-01T00:58:38.788+0000: 793693.746: Total time for which application threads were stopped: 0.0058466 seconds, Stopping threads took: 0.0002302 seconds
2019-02-01T00:58:38.789+0000: 793693.747: Application time: 0.0007658 seconds
2019-02-01T00:58:38.796+0000: 793693.754: [GC (GCLocker Initiated GC) 2019-02-01T00:58:40.784+0000: 793695.742: [SoftReference, 0 refs, 0.0000477 secs]2019-02-01T00:58:40.784+0000: 793695.742: [WeakReference, 14 refs, 0.0000196 secs]2019-02-01T00:58:40.784+0000: 793695.742: [FinalReference, 886 refs, 0.0005559 secs]2019-02-01T00:58:40.785+0000: 793695.742: [PhantomReference, 0 refs, 0 refs, 0.0000104 secs]2019-02-01T00:58:40.785+0000: 793695.742: [JNI Weak Reference, 0.0000192 secs]
Desired survivor size 119013376 bytes, new threshold 1 (max 15)
[PSYoungGen: 1725132K->77327K(1790464K)] 3595079K->1951860K(5107712K), 1.9911895 secs] [Times: user=41.32 sys=2.45, real=1.99 secs] 
2019-02-01T00:58:40.788+0000: 793695.746: Total time for which application threads were stopped: 1.9991580 seconds, Stopping threads took: 0.0002127 seconds
2019-02-01T00:58:40.792+0000: 793695.750: Application time: 0.0041589 seconds
2019-02-01T00:58:40.801+0000: 793695.759: Total time for which application threads were stopped: 0.0089550 seconds, Stopping threads took: 0.0009051 seconds
2019-02-01T00:58:45.897+0000: 793700.855: Application time: 5.0957910 seconds
2019-02-01T00:58:45.906+0000: 793700.864: Total time for which application threads were stopped: 0.0092319 seconds, Stopping threads took: 0.0002342 seconds
2019-02-01T00:58:45.907+0000: 793700.865: Application time: 0.0008546 seconds
2019-02-01T00:58:45.916+0000: 793700.874: [GC (GCLocker Initiated GC) 2019-02-01T00:58:47.639+0000: 793702.597: [SoftReference, 0 refs, 0.0000520 secs]2019-02-01T00:58:47.639+0000: 793702.597: [WeakReference, 46 refs, 0.0000305 secs]2019-02-01T00:58:47.639+0000: 793702.597: [FinalReference, 873 refs, 0.0004162 secs]2019-02-01T00:58:47.640+0000: 793702.598: [PhantomReference, 0 refs, 0 refs, 0.0000103 secs]2019-02-01T00:58:47.640+0000: 793702.598: [JNI Weak Reference, 0.0000195 secs]
Desired survivor size 122683392 bytes, new threshold 1 (max 15)
[PSYoungGen: 1753615K->82948K(1792512K)] 3628172K->1961390K(5109760K), 1.7267650 secs] [Times: user=30.03 sys=7.91, real=1.73 secs] 
2019-02-01T00:58:47.643+0000: 793702.601: Total time for which application threads were stopped: 1.7361688 seconds, Stopping threads took: 0.0002670 seconds
2019-02-01T00:58:47.659+0000: 793702.617: Application time: 0.0159127 seconds
2019-02-01T00:58:47.669+0000: 793702.627: Total time for which application threads were stopped: 0.0098268 seconds, Stopping threads took: 0.0024787 seconds
2019-02-01T00:58:50.375+0000: 793705.332: Application time: 2.7057748 seconds
2019-02-01T00:58:50.383+0000: 793705.341: Total time for which application threads were stopped: 0.0086806 seconds, Stopping threads took: 0.0003901 seconds
2019-02-01T00:58:50.384+0000: 793705.342: Application time: 0.0004948 seconds
2019-02-01T00:58:50.393+0000: 793705.350: [GC (GCLocker Initiated GC) 2019-02-01T00:58:50.407+0000: 793705.365: [SoftReference, 0 refs, 0.0000707 secs]2019-02-01T00:58:50.407+0000: 793705.365: [WeakReference, 23 refs, 0.0000362 secs]2019-02-01T00:58:50.407+0000: 793705.365: [FinalReference, 824 refs, 0.0019482 secs]2019-02-01T00:58:50.409+0000: 793705.367: [PhantomReference, 0 refs, 0 refs, 0.0000282 secs]2019-02-01T00:58:50.409+0000: 793705.367: [JNI Weak Reference, 0.0000330 secs]
Desired survivor size 120061952 bytes, new threshold 1 (max 15)
[PSYoungGen: 1759236K->41499K(1803264K)] 3637693K->1924304K(5120512K), 0.0218108 secs] [Times: user=0.26 sys=0.01, real=0.02 secs] 
2019-02-01T00:58:50.415+0000: 793705.373: Total time for which application threads were stopped: 0.0309791 seconds, Stopping threads took: 0.0001510 seconds
2019-02-01T00:58:59.258+0000: 793714.216: Application time: 8.8434922 seconds
2019-02-01T00:58:59.267+0000: 793714.225: Total time for which application threads were stopped: 0.0084530 seconds, Stopping threads took: 0.0002252 seconds
2019-02-01T00:58:59.267+0000: 793714.225: Application time: 0.0004399 seconds
2019-02-01T00:58:59.276+0000: 793714.234: [GC (GCLocker Initiated GC) 2019-02-01T00:58:59.290+0000: 793714.248: [SoftReference, 0 refs, 0.0000800 secs]2019-02-01T00:58:59.290+0000: 793714.248: [WeakReference, 2 refs, 0.0000188 secs]2019-02-01T00:58:59.290+0000: 793714.248: [FinalReference, 823 refs, 0.0007461 secs]2019-02-01T00:58:59.291+0000: 793714.249: [PhantomReference, 0 refs, 0 refs, 0.0000204 secs]2019-02-01T00:58:59.291+0000: 793714.249: [JNI Weak Reference, 0.0000328 secs]
Desired survivor size 119537664 bytes, new threshold 1 (max 15)
[PSYoungGen: 1726491K->28057K(1802240K)] 3609310K->1920131K(5119488K), 0.0199114 secs] [Times: user=0.27 sys=0.01, real=0.02 secs] 
2019-02-01T00:58:59.296+0000: 793714.254: Total time for which application threads were stopped: 0.0288396 seconds, Stopping threads took: 0.0001750 seconds
2019-02-01T00:59:10.348+0000: 793725.305: Application time: 11.0515833 seconds
2019-02-01T00:59:10.358+0000: 793725.316: Total time for which application threads were stopped: 0.0101000 seconds, Stopping threads took: 0.0002709 seconds
2019-02-01T00:59:10.358+0000: 793725.316: Application time: 0.0006437 seconds
2019-02-01T00:59:10.369+0000: 793725.326: [GC (GCLocker Initiated GC) 2019-02-01T00:59:10.387+0000: 793725.344: [SoftReference, 0 refs, 0.0000568 secs]2019-02-01T00:59:10.387+0000: 793725.344: [WeakReference, 6 refs, 0.0000115 secs]2019-02-01T00:59:10.387+0000: 793725.344: [FinalReference, 917 refs, 0.0005685 secs]2019-02-01T00:59:10.387+0000: 793725.345: [PhantomReference, 0 refs, 0 refs, 0.0000107 secs]2019-02-01T00:59:10.387+0000: 793725.345: [JNI Weak Reference, 0.0000196 secs]
Desired survivor size 114819072 bytes, new threshold 1 (max 15)
[PSYoungGen: 1713049K->47286K(1797120K)] 3608473K->1944063K(5114368K), 0.0224847 secs] [Times: user=0.31 sys=0.02, real=0.02 secs] 
2019-02-01T00:59:10.391+0000: 793725.349: Total time for which application threads were stopped: 0.0329672 seconds, Stopping threads took: 0.0001877 seconds
2019-02-01T00:59:20.990+0000: 793735.948: Application time: 10.5988157 seconds
2019-02-01T00:59:21.002+0000: 793735.959: Total time for which application threads were stopped: 0.0114421 seconds, Stopping threads took: 0.0027457 seconds
2019-02-01T00:59:21.003+0000: 793735.960: Application time: 0.0010511 seconds
2019-02-01T00:59:21.012+0000: 793735.970: [GC (GCLocker Initiated GC) 2019-02-01T00:59:21.029+0000: 793735.986: [SoftReference, 0 refs, 0.0000563 secs]2019-02-01T00:59:21.029+0000: 793735.987: [WeakReference, 11 refs, 0.0000175 secs]2019-02-01T00:59:21.029+0000: 793735.987: [FinalReference, 904 refs, 0.0004959 secs]2019-02-01T00:59:21.029+0000: 793735.987: [PhantomReference, 0 refs, 1 refs, 0.0000113 secs]2019-02-01T00:59:21.029+0000: 793735.987: [JNI Weak Reference, 0.0000222 secs]
Desired survivor size 111149056 bytes, new threshold 1 (max 15)
[PSYoungGen: 1735350K->61618K(1800192K)] 3635475K->1964083K(5117440K), 0.0215055 secs] [Times: user=0.32 sys=0.00, real=0.02 secs] 
2019-02-01T00:59:21.034+0000: 793735.992: Total time for which application threads were stopped: 0.0310250 seconds, Stopping threads took: 0.0004516 seconds
2019-02-01T00:59:29.987+0000: 793744.945: Application time: 8.9537482 seconds
2019-02-01T00:59:29.996+0000: 793744.954: [GC (Allocation Failure) 2019-02-01T00:59:30.010+0000: 793744.968: [SoftReference, 0 refs, 0.0000735 secs]2019-02-01T00:59:30.010+0000: 793744.968: [WeakReference, 21 refs, 0.0000289 secs]2019-02-01T00:59:30.010+0000: 793744.968: [FinalReference, 821 refs, 0.0006701 secs]2019-02-01T00:59:30.011+0000: 793744.969: [PhantomReference, 0 refs, 0 refs, 0.0000238 secs]2019-02-01T00:59:30.011+0000: 793744.969: [JNI Weak Reference, 0.0000314 secs]
Desired survivor size 112721920 bytes, new threshold 1 (max 15)
[PSYoungGen: 1749682K->17550K(1807872K)] 3655472K->1926143K(5125120K), 0.0196726 secs] [Times: user=0.18 sys=0.00, real=0.02 secs] 
2019-02-01T00:59:30.016+0000: 793744.974: Total time for which application threads were stopped: 0.0286862 seconds, Stopping threads took: 0.0002712 seconds
2019-02-01T00:59:38.779+0000: 793753.737: Application time: 8.7633113 seconds
2019-02-01T00:59:38.788+0000: 793753.746: Total time for which application threads were stopped: 0.0086381 seconds, Stopping threads took: 0.0003971 seconds
2019-02-01T00:59:38.789+0000: 793753.747: Application time: 0.0006190 seconds
2019-02-01T00:59:38.798+0000: 793753.756: [GC (GCLocker Initiated GC) 2019-02-01T00:59:38.812+0000: 793753.769: [SoftReference, 0 refs, 0.0000868 secs]2019-02-01T00:59:38.812+0000: 793753.769: [WeakReference, 6 refs, 0.0000216 secs]2019-02-01T00:59:38.812+0000: 793753.769: [FinalReference, 884 refs, 0.0005962 secs]2019-02-01T00:59:38.812+0000: 793753.770: [PhantomReference, 0 refs, 0 refs, 0.0000196 secs]2019-02-01T00:59:38.812+0000: 793753.770: [JNI Weak Reference, 0.0000327 secs]
Desired survivor size 109576192 bytes, new threshold 1 (max 15)
[PSYoungGen: 1715044K->34288K(1809408K)] 3626957K->1948013K(5126656K), 0.0196709 secs] [Times: user=0.21 sys=0.01, real=0.02 secs] 
2019-02-01T00:59:38.818+0000: 793753.776: Total time for which application threads were stopped: 0.0289902 seconds, Stopping threads took: 0.0007674 seconds
2019-02-01T00:59:40.370+0000: 793755.328: Application time: 1.5520492 seconds
2019-02-01T00:59:40.379+0000: 793755.336: Total time for which application threads were stopped: 0.0087521 seconds, Stopping threads took: 0.0002929 seconds
2019-02-01T00:59:47.471+0000: 793762.429: Application time: 7.0926505 seconds
2019-02-01T00:59:47.481+0000: 793762.439: Total time for which application threads were stopped: 0.0100158 seconds, Stopping threads took: 0.0016357 seconds
2019-02-01T00:59:47.482+0000: 793762.440: Application time: 0.0007364 seconds
2019-02-01T00:59:47.491+0000: 793762.449: [GC (GCLocker Initiated GC) 2019-02-01T00:59:47.513+0000: 793762.471: [SoftReference, 0 refs, 0.0000622 secs]2019-02-01T00:59:47.513+0000: 793762.471: [WeakReference, 19 refs, 0.0000168 secs]2019-02-01T00:59:47.513+0000: 793762.471: [FinalReference, 970 refs, 0.0005406 secs]2019-02-01T00:59:47.514+0000: 793762.472: [PhantomReference, 0 refs, 1 refs, 0.0000106 secs]2019-02-01T00:59:47.514+0000: 793762.472: [JNI Weak Reference, 0.0000200 secs]
Desired survivor size 111149056 bytes, new threshold 1 (max 15)
[PSYoungGen: 1733616K->69048K(1808896K)] 3656102K->1994051K(5126144K), 0.0262254 secs] [Times: user=0.41 sys=0.02, real=0.02 secs] 
2019-02-01T00:59:47.517+0000: 793762.475: Total time for which application threads were stopped: 0.0353247 seconds, Stopping threads took: 0.0001273 seconds
2019-02-01T00:59:56.923+0000: 793771.881: Application time: 9.4057349 seconds
2019-02-01T00:59:56.932+0000: 793771.890: Total time for which application threads were stopped: 0.0089005 seconds, Stopping threads took: 0.0002220 seconds
2019-02-01T00:59:56.933+0000: 793771.890: Application time: 0.0006218 seconds
2019-02-01T00:59:56.941+0000: 793771.899: [GC (GCLocker Initiated GC) 2019-02-01T00:59:56.956+0000: 793771.914: [SoftReference, 0 refs, 0.0000817 secs]2019-02-01T00:59:56.956+0000: 793771.914: [WeakReference, 26 refs, 0.0000324 secs]2019-02-01T00:59:56.956+0000: 793771.914: [FinalReference, 933 refs, 0.0006743 secs]2019-02-01T00:59:56.957+0000: 793771.915: [PhantomReference, 0 refs, 2 refs, 0.0000316 secs]2019-02-01T00:59:56.957+0000: 793771.915: [JNI Weak Reference, 0.0000321 secs]
Desired survivor size 106954752 bytes, new threshold 1 (max 15)
[PSYoungGen: 1770936K->42871K(1810432K)] 3695950K->1970844K(5127680K), 0.0202577 secs] [Times: user=0.28 sys=0.01, real=0.02 secs] 
2019-02-01T00:59:56.962+0000: 793771.920: Total time for which application threads were stopped: 0.0293275 seconds, Stopping threads took: 0.0004862 seconds
2019-02-01T01:00:04.031+0000: 793778.988: Application time: 7.0686722 seconds
2019-02-01T01:00:04.038+0000: 793778.995: Total time for which application threads were stopped: 0.0069873 seconds, Stopping threads took: 0.0002649 seconds
2019-02-01T01:00:04.039+0000: 793778.996: Application time: 0.0010285 seconds
2019-02-01T01:00:04.048+0000: 793779.006: [GC (GCLocker Initiated GC) 2019-02-01T01:00:04.062+0000: 793779.020: [SoftReference, 0 refs, 0.0000557 secs]2019-02-01T01:00:04.062+0000: 793779.020: [WeakReference, 9 refs, 0.0000136 secs]2019-02-01T01:00:04.062+0000: 793779.020: [FinalReference, 901 refs, 0.0004896 secs]2019-02-01T01:00:04.063+0000: 793779.021: [PhantomReference, 0 refs, 0 refs, 0.0000101 secs]2019-02-01T01:00:04.063+0000: 793779.021: [JNI Weak Reference, 0.0000184 secs]
Desired survivor size 106430464 bytes, new threshold 1 (max 15)
[PSYoungGen: 1744759K->63577K(1811456K)] 3676117K->1997499K(5128704K), 0.0182972 secs] [Times: user=0.28 sys=0.01, real=0.02 secs] 
2019-02-01T01:00:04.066+0000: 793779.024: Total time for which application threads were stopped: 0.0276768 seconds, Stopping threads took: 0.0006503 seconds
2019-02-01T01:00:10.964+0000: 793785.922: Application time: 6.8981157 seconds
2019-02-01T01:00:10.973+0000: 793785.931: Total time for which application threads were stopped: 0.0087567 seconds, Stopping threads took: 0.0004111 seconds
2019-02-01T01:00:10.974+0000: 793785.932: Application time: 0.0006200 seconds
2019-02-01T01:00:10.982+0000: 793785.940: [GC (GCLocker Initiated GC) 2019-02-01T01:00:10.997+0000: 793785.955: [SoftReference, 0 refs, 0.0000597 secs]2019-02-01T01:00:10.997+0000: 793785.955: [WeakReference, 11 refs, 0.0000128 secs]2019-02-01T01:00:10.997+0000: 793785.955: [FinalReference, 992 refs, 0.0005607 secs]2019-02-01T01:00:10.998+0000: 793785.956: [PhantomReference, 0 refs, 0 refs, 0.0000103 secs]2019-02-01T01:00:10.998+0000: 793785.956: [JNI Weak Reference, 0.0000196 secs]
Desired survivor size 105906176 bytes, new threshold 1 (max 15)
[PSYoungGen: 1770585K->65282K(1810944K)] 3715269K->2013475K(5128192K), 0.0188372 secs] [Times: user=0.26 sys=0.00, real=0.01 secs] 
2019-02-01T01:00:11.002+0000: 793785.959: Total time for which application threads were stopped: 0.0277531 seconds, Stopping threads took: 0.0001928 seconds
2019-02-01T01:00:19.425+0000: 793794.383: Application time: 8.4231789 seconds
2019-02-01T01:00:19.434+0000: 793794.392: Total time for which application threads were stopped: 0.0090908 seconds, Stopping threads took: 0.0003242 seconds
2019-02-01T01:00:19.435+0000: 793794.393: Application time: 0.0008765 seconds
2019-02-01T01:00:19.444+0000: 793794.402: [GC (GCLocker Initiated GC) 2019-02-01T01:00:19.463+0000: 793794.421: [SoftReference, 0 refs, 0.0000545 secs]2019-02-01T01:00:19.463+0000: 793794.421: [WeakReference, 8 refs, 0.0000141 secs]2019-02-01T01:00:19.463+0000: 793794.421: [FinalReference, 940 refs, 0.0004763 secs]2019-02-01T01:00:19.463+0000: 793794.421: [PhantomReference, 0 refs, 0 refs, 0.0000105 secs]2019-02-01T01:00:19.463+0000: 793794.421: [JNI Weak Reference, 0.0000194 secs]
Desired survivor size 100663296 bytes, new threshold 1 (max 15)
[PSYoungGen: 1772290K->53648K(1808896K)] 3720530K->2005388K(5126144K), 0.0228304 secs] [Times: user=0.36 sys=0.00, real=0.03 secs] 
2019-02-01T01:00:19.467+0000: 793794.425: Total time for which application threads were stopped: 0.0321252 seconds, Stopping threads took: 0.0002992 seconds
2019-02-01T01:00:26.733+0000: 793801.691: Application time: 7.2659841 seconds
2019-02-01T01:00:26.745+0000: 793801.703: Total time for which application threads were stopped: 0.0127109 seconds, Stopping threads took: 0.0042581 seconds
2019-02-01T01:00:26.747+0000: 793801.705: Application time: 0.0014749 seconds
2019-02-01T01:00:26.757+0000: 793801.715: [GC (GCLocker Initiated GC) 2019-02-01T01:00:26.769+0000: 793801.727: [SoftReference, 0 refs, 0.0000826 secs]2019-02-01T01:00:26.769+0000: 793801.727: [WeakReference, 5 refs, 0.0000256 secs]2019-02-01T01:00:26.769+0000: 793801.727: [FinalReference, 967 refs, 0.0007356 secs]2019-02-01T01:00:26.770+0000: 793801.728: [PhantomReference, 0 refs, 3 refs, 0.0000216 secs]2019-02-01T01:00:26.770+0000: 793801.728: [JNI Weak Reference, 0.0000325 secs]
Desired survivor size 101711872 bytes, new threshold 1 (max 15)
[PSYoungGen: 1768336K->21502K(1702400K)] 3730062K->1986130K(5019648K), 0.0182311 secs] [Times: user=0.20 sys=0.01, real=0.01 secs] 
2019-02-01T01:00:26.775+0000: 793801.733: Total time for which application threads were stopped: 0.0282162 seconds, Stopping threads took: 0.0009876 seconds
2019-02-01T01:00:33.109+0000: 793808.067: Application time: 6.3338500 seconds
2019-02-01T01:00:33.118+0000: 793808.076: Total time for which application threads were stopped: 0.0092792 seconds, Stopping threads took: 0.0009003 seconds
2019-02-01T01:00:33.119+0000: 793808.077: Application time: 0.0004917 seconds
2019-02-01T01:00:33.127+0000: 793808.085: [GC (GCLocker Initiated GC) 2019-02-01T01:00:33.140+0000: 793808.098: [SoftReference, 0 refs, 0.0000690 secs]2019-02-01T01:00:33.140+0000: 793808.098: [WeakReference, 15 refs, 0.0000251 secs]2019-02-01T01:00:33.140+0000: 793808.098: [FinalReference, 824 refs, 0.0005871 secs]2019-02-01T01:00:33.140+0000: 793808.098: [PhantomReference, 0 refs, 0 refs, 0.0000198 secs]2019-02-01T01:00:33.140+0000: 793808.098: [JNI Weak Reference, 0.0000333 secs]
Desired survivor size 101187584 bytes, new threshold 1 (max 15)
[PSYoungGen: 1702398K->24157K(1714688K)] 3673687K->1999042K(5031936K), 0.0245620 secs] [Times: user=0.17 sys=0.01, real=0.02 secs] 
2019-02-01T01:00:33.152+0000: 793808.110: Total time for which application threads were stopped: 0.0330565 seconds, Stopping threads took: 0.0003005 seconds
2019-02-01T01:00:40.029+0000: 793814.987: Application time: 6.8771760 seconds
2019-02-01T01:00:40.038+0000: 793814.996: Total time for which application threads were stopped: 0.0086645 seconds, Stopping threads took: 0.0002809 seconds
2019-02-01T01:00:40.038+0000: 793814.996: Application time: 0.0006523 seconds
2019-02-01T01:00:40.047+0000: 793815.005: [GC (GCLocker Initiated GC) 2019-02-01T01:00:40.060+0000: 793815.018: [SoftReference, 0 refs, 0.0000762 secs]2019-02-01T01:00:40.060+0000: 793815.018: [WeakReference, 7 refs, 0.0000219 secs]2019-02-01T01:00:40.060+0000: 793815.018: [FinalReference, 881 refs, 0.0006580 secs]2019-02-01T01:00:40.061+0000: 793815.019: [PhantomReference, 0 refs, 0 refs, 0.0000192 secs]2019-02-01T01:00:40.061+0000: 793815.019: [JNI Weak Reference, 0.0000323 secs]
Desired survivor size 96468992 bytes, new threshold 1 (max 15)
[PSYoungGen: 1672797K->46017K(1662976K)] 3647718K->2024019K(4980224K), 0.0255816 secs] [Times: user=0.24 sys=0.02, real=0.03 secs] 
2019-02-01T01:00:40.073+0000: 793815.031: Total time for which application threads were stopped: 0.0345263 seconds, Stopping threads took: 0.0001757 seconds
2019-02-01T01:00:40.370+0000: 793815.328: Application time: 0.2971303 seconds
2019-02-01T01:00:40.379+0000: 793815.337: Total time for which application threads were stopped: 0.0087521 seconds, Stopping threads took: 0.0003314 seconds
2019-02-01T01:00:46.400+0000: 793821.358: Application time: 6.0208907 seconds
2019-02-01T01:00:46.409+0000: 793821.367: Total time for which application threads were stopped: 0.0089942 seconds, Stopping threads took: 0.0004919 seconds
2019-02-01T01:00:46.410+0000: 793821.367: Application time: 0.0007990 seconds
2019-02-01T01:00:46.417+0000: 793821.375: [GC (GCLocker Initiated GC) 2019-02-01T01:00:46.450+0000: 793821.408: [SoftReference, 0 refs, 0.0000528 secs]2019-02-01T01:00:46.450+0000: 793821.408: [WeakReference, 57 refs, 0.0000337 secs]2019-02-01T01:00:46.450+0000: 793821.408: [FinalReference, 857 refs, 0.0004299 secs]2019-02-01T01:00:46.450+0000: 793821.408: [PhantomReference, 0 refs, 1 refs, 0.0000127 secs]2019-02-01T01:00:46.450+0000: 793821.408: [JNI Weak Reference, 0.0000216 secs]
Desired survivor size 100663296 bytes, new threshold 1 (max 15)
[PSYoungGen: 1662913K->71385K(1657856K)] 3641185K->2052247K(4975104K), 0.0400582 secs] [Times: user=0.54 sys=0.03, real=0.04 secs] 
2019-02-01T01:00:46.457+0000: 793821.415: Total time for which application threads were stopped: 0.0477130 seconds, Stopping threads took: 0.0002975 seconds
2019-02-01T01:00:52.065+0000: 793827.023: Application time: 5.6078600 seconds
2019-02-01T01:00:52.074+0000: 793827.031: Total time for which application threads were stopped: 0.0085335 seconds, Stopping threads took: 0.0003118 seconds
2019-02-01T01:00:52.074+0000: 793827.032: Application time: 0.0001714 seconds
2019-02-01T01:00:52.082+0000: 793827.039: [GC (GCLocker Initiated GC) 2019-02-01T01:00:52.094+0000: 793827.052: [SoftReference, 0 refs, 0.0000586 secs]2019-02-01T01:00:52.095+0000: 793827.052: [WeakReference, 5 refs, 0.0000110 secs]2019-02-01T01:00:52.095+0000: 793827.052: [FinalReference, 860 refs, 0.0004583 secs]2019-02-01T01:00:52.095+0000: 793827.053: [PhantomReference, 0 refs, 0 refs, 0.0000094 secs]2019-02-01T01:00:52.095+0000: 793827.053: [JNI Weak Reference, 0.0000193 secs]
Desired survivor size 99090432 bytes, new threshold 1 (max 15)
[PSYoungGen: 1657561K->31307K(1588224K)] 3641750K->2018909K(4905472K), 0.0212249 secs] [Times: user=0.21 sys=0.01, real=0.02 secs] 
2019-02-01T01:00:52.103+0000: 793827.061: Total time for which application threads were stopped: 0.0291661 seconds, Stopping threads took: 0.0001438 seconds
2019-02-01T01:00:55.278+0000: 793830.236: Application time: 3.1754821 seconds
2019-02-01T01:00:55.287+0000: 793830.245: Total time for which application threads were stopped: 0.0089380 seconds, Stopping threads took: 0.0002633 seconds
2019-02-01T01:00:57.671+0000: 793832.629: Application time: 2.3834000 seconds
2019-02-01T01:00:57.679+0000: 793832.637: Total time for which application threads were stopped: 0.0085084 seconds, Stopping threads took: 0.0002860 seconds
2019-02-01T01:00:57.681+0000: 793832.638: Application time: 0.0012700 seconds
2019-02-01T01:00:57.693+0000: 793832.651: [GC (GCLocker Initiated GC) 2019-02-01T01:00:57.706+0000: 793832.664: [SoftReference, 0 refs, 0.0000690 secs]2019-02-01T01:00:57.706+0000: 793832.664: [WeakReference, 7 refs, 0.0000338 secs]2019-02-01T01:00:57.706+0000: 793832.664: [FinalReference, 781 refs, 0.0005859 secs]2019-02-01T01:00:57.707+0000: 793832.665: [PhantomReference, 0 refs, 0 refs, 0.0000285 secs]2019-02-01T01:00:57.707+0000: 793832.665: [JNI Weak Reference, 0.0000343 secs]
Desired survivor size 94896128 bytes, new threshold 1 (max 15)
[PSYoungGen: 1587787K->49970K(1587712K)] 3582092K->2046930K(4904960K), 0.0274515 secs] [Times: user=0.23 sys=0.02, real=0.03 secs] 
2019-02-01T01:00:57.721+0000: 793832.679: Total time for which application threads were stopped: 0.0401893 seconds, Stopping threads took: 0.0051994 seconds
2019-02-01T01:01:03.372+0000: 793838.329: Application time: 5.6508298 seconds
2019-02-01T01:01:03.381+0000: 793838.339: Total time for which application threads were stopped: 0.0094537 seconds, Stopping threads took: 0.0002800 seconds
2019-02-01T01:01:03.382+0000: 793838.340: Application time: 0.0005901 seconds
2019-02-01T01:01:03.391+0000: 793838.349: [GC (GCLocker Initiated GC) 2019-02-01T01:01:03.404+0000: 793838.362: [SoftReference, 0 refs, 0.0000814 secs]2019-02-01T01:01:03.404+0000: 793838.362: [WeakReference, 7 refs, 0.0000225 secs]2019-02-01T01:01:03.404+0000: 793838.362: [FinalReference, 782 refs, 0.0006050 secs]2019-02-01T01:01:03.405+0000: 793838.363: [PhantomReference, 0 refs, 0 refs, 0.0000196 secs]2019-02-01T01:01:03.405+0000: 793838.363: [JNI Weak Reference, 0.0000350 secs]
Desired survivor size 92798976 bytes, new threshold 1 (max 15)
[PSYoungGen: 1577778K->35359K(1536000K)] 3575279K->2040172K(4853248K), 0.0259338 secs] [Times: user=0.19 sys=0.01, real=0.02 secs] 
2019-02-01T01:01:03.418+0000: 793838.375: Total time for which application threads were stopped: 0.0358253 seconds, Stopping threads took: 0.0003228 seconds
2019-02-01T01:01:08.913+0000: 793843.871: Application time: 5.4954324 seconds
2019-02-01T01:01:08.919+0000: 793843.877: Total time for which application threads were stopped: 0.0059939 seconds, Stopping threads took: 0.0003983 seconds
2019-02-01T01:01:08.920+0000: 793843.877: Application time: 0.0006087 seconds
2019-02-01T01:01:08.926+0000: 793843.884: [GC (GCLocker Initiated GC) 2019-02-01T01:01:08.940+0000: 793843.898: [SoftReference, 0 refs, 0.0000827 secs]2019-02-01T01:01:08.940+0000: 793843.898: [WeakReference, 7 refs, 0.0000228 secs]2019-02-01T01:01:08.940+0000: 793843.898: [FinalReference, 717 refs, 0.0005519 secs]2019-02-01T01:01:08.941+0000: 793843.898: [PhantomReference, 0 refs, 1 refs, 0.0000209 secs]2019-02-01T01:01:08.941+0000: 793843.898: [JNI Weak Reference, 0.0000330 secs]
Desired survivor size 88604672 bytes, new threshold 1 (max 15)
[PSYoungGen: 1535519K->44177K(1528320K)] 3540345K->2052526K(4845568K), 0.0255861 secs] [Times: user=0.20 sys=0.01, real=0.03 secs] 
2019-02-01T01:01:08.952+0000: 793843.910: Total time for which application threads were stopped: 0.0322852 seconds, Stopping threads took: 0.0002429 seconds
2019-02-01T01:01:14.641+0000: 793849.598: Application time: 5.6886899 seconds
2019-02-01T01:01:14.651+0000: 793849.609: Total time for which application threads were stopped: 0.0104000 seconds, Stopping threads took: 0.0029941 seconds
2019-02-01T01:01:14.652+0000: 793849.610: Application time: 0.0008149 seconds
2019-02-01T01:01:14.660+0000: 793849.617: [GC (GCLocker Initiated GC) 2019-02-01T01:01:14.673+0000: 793849.631: [SoftReference, 0 refs, 0.0000707 secs]2019-02-01T01:01:14.673+0000: 793849.631: [WeakReference, 9 refs, 0.0000270 secs]2019-02-01T01:01:14.673+0000: 793849.631: [FinalReference, 767 refs, 0.0006821 secs]2019-02-01T01:01:14.674+0000: 793849.631: [PhantomReference, 0 refs, 3 refs, 0.0000276 secs]2019-02-01T01:01:14.674+0000: 793849.631: [JNI Weak Reference, 0.0000414 secs]
Desired survivor size 84934656 bytes, new threshold 1 (max 15)
[PSYoungGen: 1517201K->47336K(1494528K)] 3535532K->2072175K(4811776K), 0.0254488 secs] [Times: user=0.20 sys=0.01, real=0.03 secs] 
2019-02-01T01:01:14.685+0000: 793849.643: Total time for which application threads were stopped: 0.0334614 seconds, Stopping threads took: 0.0002803 seconds
2019-02-01T01:01:19.943+0000: 793854.901: Application time: 5.2580902 seconds
2019-02-01T01:01:19.951+0000: 793854.909: Total time for which application threads were stopped: 0.0074971 seconds, Stopping threads took: 0.0003525 seconds
2019-02-01T01:01:19.951+0000: 793854.909: Application time: 0.0003777 seconds
2019-02-01T01:01:19.959+0000: 793854.917: [GC (GCLocker Initiated GC) 2019-02-01T01:01:19.980+0000: 793854.938: [SoftReference, 0 refs, 0.0000681 secs]2019-02-01T01:01:19.980+0000: 793854.938: [WeakReference, 24 refs, 0.0000288 secs]2019-02-01T01:01:19.980+0000: 793854.938: [FinalReference, 684 refs, 0.0005061 secs]2019-02-01T01:01:19.981+0000: 793854.939: [PhantomReference, 0 refs, 0 refs, 0.0000194 secs]2019-02-01T01:01:19.981+0000: 793854.939: [JNI Weak Reference, 0.0000324 secs]
Desired survivor size 83361792 bytes, new threshold 1 (max 15)
[PSYoungGen: 1494248K->52013K(1475584K)] 3519109K->2079907K(4792832K), 0.0329953 secs] [Times: user=0.38 sys=0.02, real=0.03 secs] 
2019-02-01T01:01:19.992+0000: 793854.950: Total time for which application threads were stopped: 0.0406214 seconds, Stopping threads took: 0.0002302 seconds
2019-02-01T01:01:25.225+0000: 793860.183: Application time: 5.2336060 seconds
2019-02-01T01:01:25.231+0000: 793860.189: Total time for which application threads were stopped: 0.0057250 seconds, Stopping threads took: 0.0002403 seconds
2019-02-01T01:01:25.232+0000: 793860.190: Application time: 0.0004924 seconds
2019-02-01T01:01:25.239+0000: 793860.197: [GC (GCLocker Initiated GC) 2019-02-01T01:01:25.252+0000: 793860.210: [SoftReference, 0 refs, 0.0000724 secs]2019-02-01T01:01:25.252+0000: 793860.210: [WeakReference, 35 refs, 0.0000306 secs]2019-02-01T01:01:25.252+0000: 793860.210: [FinalReference, 715 refs, 0.0005047 secs]2019-02-01T01:01:25.253+0000: 793860.211: [PhantomReference, 0 refs, 1 refs, 0.0000206 secs]2019-02-01T01:01:25.253+0000: 793860.211: [JNI Weak Reference, 0.0000325 secs]
Desired survivor size 83361792 bytes, new threshold 1 (max 15)
[PSYoungGen: 1473325K->25962K(1422848K)] 3501232K->2057109K(4740096K), 0.0235555 secs] [Times: user=0.19 sys=0.00, real=0.02 secs] 
2019-02-01T01:01:25.263+0000: 793860.221: Total time for which application threads were stopped: 0.0309544 seconds, Stopping threads took: 0.0005207 seconds
2019-02-01T01:01:30.695+0000: 793865.653: Application time: 5.4322490 seconds
2019-02-01T01:01:30.702+0000: 793865.660: Total time for which application threads were stopped: 0.0072508 seconds, Stopping threads took: 0.0002095 seconds
2019-02-01T01:01:30.703+0000: 793865.661: Application time: 0.0005071 seconds
2019-02-01T01:01:30.711+0000: 793865.669: [GC (GCLocker Initiated GC) 2019-02-01T01:01:30.724+0000: 793865.681: [SoftReference, 0 refs, 0.0000676 secs]2019-02-01T01:01:30.724+0000: 793865.681: [WeakReference, 5 refs, 0.0000153 secs]2019-02-01T01:01:30.724+0000: 793865.681: [FinalReference, 731 refs, 0.0004974 secs]2019-02-01T01:01:30.724+0000: 793865.682: [PhantomReference, 0 refs, 1 refs, 0.0000149 secs]2019-02-01T01:01:30.724+0000: 793865.682: [JNI Weak Reference, 0.0000297 secs]
Desired survivor size 82837504 bytes, new threshold 1 (max 15)
[PSYoungGen: 1422698K->26636K(1428992K)] 3457186K->2063995K(4746240K), 0.0213313 secs] [Times: user=0.19 sys=0.01, real=0.02 secs] 
2019-02-01T01:01:30.733+0000: 793865.690: Total time for which application threads were stopped: 0.0298955 seconds, Stopping threads took: 0.0006761 seconds
2019-02-01T01:01:35.612+0000: 793870.570: Application time: 4.8797957 seconds
2019-02-01T01:01:35.624+0000: 793870.582: Total time for which application threads were stopped: 0.0114019 seconds, Stopping threads took: 0.0045445 seconds
2019-02-01T01:01:35.625+0000: 793870.583: Application time: 0.0013561 seconds
2019-02-01T01:01:35.634+0000: 793870.592: [GC (GCLocker Initiated GC) 2019-02-01T01:01:35.646+0000: 793870.604: [SoftReference, 0 refs, 0.0000751 secs]2019-02-01T01:01:35.646+0000: 793870.604: [WeakReference, 18 refs, 0.0000327 secs]2019-02-01T01:01:35.646+0000: 793870.604: [FinalReference, 669 refs, 0.0004828 secs]2019-02-01T01:01:35.647+0000: 793870.605: [PhantomReference, 0 refs, 2 refs, 0.0000205 secs]2019-02-01T01:01:35.647+0000: 793870.605: [JNI Weak Reference, 0.0000320 secs]
Desired survivor size 81788928 bytes, new threshold 1 (max 15)
[PSYoungGen: 1399308K->50028K(1399808K)] 3440551K->2094240K(4717056K), 0.0224286 secs] [Times: user=0.19 sys=0.00, real=0.03 secs] 
2019-02-01T01:01:35.657+0000: 793870.614: Total time for which application threads were stopped: 0.0313338 seconds, Stopping threads took: 0.0005176 seconds
2019-02-01T01:01:40.363+0000: 793875.321: Application time: 4.7068569 seconds
2019-02-01T01:01:40.372+0000: 793875.329: Total time for which application threads were stopped: 0.0082646 seconds, Stopping threads took: 0.0009608 seconds
2019-02-01T01:01:40.373+0000: 793875.331: Application time: 0.0013699 seconds
2019-02-01T01:01:40.386+0000: 793875.343: [GC (GCLocker Initiated GC) 2019-02-01T01:01:40.398+0000: 793875.356: [SoftReference, 0 refs, 0.0000738 secs]2019-02-01T01:01:40.398+0000: 793875.356: [WeakReference, 16 refs, 0.0000255 secs]2019-02-01T01:01:40.398+0000: 793875.356: [FinalReference, 645 refs, 0.0005227 secs]2019-02-01T01:01:40.399+0000: 793875.357: [PhantomReference, 0 refs, 0 refs, 0.0000198 secs]2019-02-01T01:01:40.399+0000: 793875.357: [JNI Weak Reference, 0.0000319 secs]
Desired survivor size 80216064 bytes, new threshold 1 (max 15)
[PSYoungGen: 1399660K->30574K(1381376K)] 3450536K->2084447K(4698624K), 0.0185121 secs] [Times: user=0.21 sys=0.00, real=0.02 secs] 
2019-02-01T01:01:40.404+0000: 793875.362: Total time for which application threads were stopped: 0.0312438 seconds, Stopping threads took: 0.0049120 seconds
2019-02-01T01:01:40.414+0000: 793875.372: Application time: 0.0094898 seconds
2019-02-01T01:01:40.423+0000: 793875.381: Total time for which application threads were stopped: 0.0091585 seconds, Stopping threads took: 0.0014909 seconds
2019-02-01T01:01:45.245+0000: 793880.203: Application time: 4.8225037 seconds
2019-02-01T01:01:45.251+0000: 793880.209: Total time for which application threads were stopped: 0.0055644 seconds, Stopping threads took: 0.0002533 seconds
2019-02-01T01:01:45.252+0000: 793880.209: Application time: 0.0004871 seconds
2019-02-01T01:01:45.257+0000: 793880.215: [GC (GCLocker Initiated GC) 2019-02-01T01:01:45.272+0000: 793880.230: [SoftReference, 0 refs, 0.0000519 secs]2019-02-01T01:01:45.272+0000: 793880.230: [WeakReference, 15 refs, 0.0000147 secs]2019-02-01T01:01:45.272+0000: 793880.230: [FinalReference, 671 refs, 0.0003408 secs]2019-02-01T01:01:45.273+0000: 793880.231: [PhantomReference, 0 refs, 0 refs, 0.0000101 secs]2019-02-01T01:01:45.273+0000: 793880.231: [JNI Weak Reference, 0.0000182 secs]
Desired survivor size 88604672 bytes, new threshold 1 (max 15)
[PSYoungGen: 1357678K->73776K(1379328K)] 3416206K->2134798K(4696576K), 0.0190387 secs] [Times: user=0.26 sys=0.00, real=0.01 secs] 
2019-02-01T01:01:45.277+0000: 793880.234: Total time for which application threads were stopped: 0.0249991 seconds, Stopping threads took: 0.0002414 seconds
2019-02-01T01:01:48.926+0000: 793883.884: Application time: 3.6495435 seconds
2019-02-01T01:01:48.932+0000: 793883.890: Total time for which application threads were stopped: 0.0063149 seconds, Stopping threads took: 0.0004556 seconds
2019-02-01T01:01:48.933+0000: 793883.891: Application time: 0.0007819 seconds
2019-02-01T01:01:48.940+0000: 793883.897: [GC (GCLocker Initiated GC) 2019-02-01T01:01:48.957+0000: 793883.915: [SoftReference, 0 refs, 0.0000528 secs]2019-02-01T01:01:48.957+0000: 793883.915: [WeakReference, 61 refs, 0.0000322 secs]2019-02-01T01:01:48.957+0000: 793883.915: [FinalReference, 735 refs, 0.0003636 secs]2019-02-01T01:01:48.958+0000: 793883.915: [PhantomReference, 0 refs, 2 refs, 0.0000183 secs]2019-02-01T01:01:48.958+0000: 793883.915: [JNI Weak Reference, 0.0000191 secs]
Desired survivor size 106954752 bytes, new threshold 1 (max 15)
[PSYoungGen: 1378864K->76782K(1360384K)] 3439913K->2165874K(4677632K), 0.0212983 secs] [Times: user=0.36 sys=0.00, real=0.02 secs] 
2019-02-01T01:01:48.961+0000: 793883.919: Total time for which application threads were stopped: 0.0280092 seconds, Stopping threads took: 0.0005302 seconds
2019-02-01T01:01:53.659+0000: 793888.617: Application time: 4.6978508 seconds
2019-02-01T01:01:53.665+0000: 793888.623: Total time for which application threads were stopped: 0.0057490 seconds, Stopping threads took: 0.0002188 seconds
2019-02-01T01:01:53.666+0000: 793888.624: Application time: 0.0010147 seconds
2019-02-01T01:01:53.672+0000: 793888.630: [GC (GCLocker Initiated GC) 2019-02-01T01:01:53.687+0000: 793888.645: [SoftReference, 0 refs, 0.0000601 secs]2019-02-01T01:01:53.687+0000: 793888.645: [WeakReference, 41 refs, 0.0000306 secs]2019-02-01T01:01:53.687+0000: 793888.645: [FinalReference, 702 refs, 0.0005046 secs]2019-02-01T01:01:53.687+0000: 793888.645: [PhantomReference, 0 refs, 2 refs, 0.0000228 secs]2019-02-01T01:01:53.688+0000: 793888.645: [JNI Weak Reference, 0.0000416 secs]
Desired survivor size 106954752 bytes, new threshold 1 (max 15)
[PSYoungGen: 1360366K->65793K(1328640K)] 3453048K->2166040K(4645888K), 0.0202545 secs] [Times: user=0.29 sys=0.01, real=0.02 secs] 
2019-02-01T01:01:53.693+0000: 793888.651: Total time for which application threads were stopped: 0.0269217 seconds, Stopping threads took: 0.0003953 seconds
2019-02-01T01:01:56.498+0000: 793891.456: Application time: 2.8056454 seconds
2019-02-01T01:01:56.504+0000: 793891.462: Total time for which application threads were stopped: 0.0057992 seconds, Stopping threads took: 0.0004392 seconds
2019-02-01T01:01:56.505+0000: 793891.463: Application time: 0.0005957 seconds
2019-02-01T01:01:56.511+0000: 793891.469: [GC (GCLocker Initiated GC) 2019-02-01T01:01:56.524+0000: 793891.481: [SoftReference, 0 refs, 0.0000521 secs]2019-02-01T01:01:56.524+0000: 793891.482: [WeakReference, 46 refs, 0.0000294 secs]2019-02-01T01:01:56.524+0000: 793891.482: [FinalReference, 745 refs, 0.0003449 secs]2019-02-01T01:01:56.524+0000: 793891.482: [PhantomReference, 0 refs, 0 refs, 0.0000119 secs]2019-02-01T01:01:56.524+0000: 793891.482: [JNI Weak Reference, 0.0000178 secs]
Desired survivor size 103809024 bytes, new threshold 1 (max 15)
[PSYoungGen: 1328385K->39340K(1320960K)] 3428642K->2144574K(4638208K), 0.0198928 secs] [Times: user=0.22 sys=0.01, real=0.02 secs] 
2019-02-01T01:01:56.531+0000: 793891.489: Total time for which application threads were stopped: 0.0262478 seconds, Stopping threads took: 0.0002098 seconds
2019-02-01T01:02:00.530+0000: 793895.488: Application time: 3.9987583 seconds
2019-02-01T01:02:00.537+0000: 793895.494: Total time for which application threads were stopped: 0.0067795 seconds, Stopping threads took: 0.0003362 seconds
2019-02-01T01:02:00.537+0000: 793895.495: Application time: 0.0007193 seconds
2019-02-01T01:02:00.543+0000: 793895.501: [GC (GCLocker Initiated GC) 2019-02-01T01:02:00.559+0000: 793895.517: [SoftReference, 0 refs, 0.0000544 secs]2019-02-01T01:02:00.559+0000: 793895.517: [WeakReference, 8 refs, 0.0000131 secs]2019-02-01T01:02:00.559+0000: 793895.517: [FinalReference, 633 refs, 0.0003187 secs]2019-02-01T01:02:00.559+0000: 793895.517: [PhantomReference, 0 refs, 0 refs, 0.0000099 secs]2019-02-01T01:02:00.559+0000: 793895.517: [JNI Weak Reference, 0.0000181 secs]
Desired survivor size 102760448 bytes, new threshold 1 (max 15)
[PSYoungGen: 1281964K->62423K(1285632K)] 3387231K->2176346K(4602880K), 0.0229358 secs] [Times: user=0.26 sys=0.01, real=0.02 secs] 
2019-02-01T01:02:00.566+0000: 793895.524: Total time for which application threads were stopped: 0.0291338 seconds, Stopping threads took: 0.0002754 seconds
2019-02-01T01:02:04.724+0000: 793899.682: Application time: 4.1576311 seconds
2019-02-01T01:02:04.730+0000: 793899.687: Total time for which application threads were stopped: 0.0055416 seconds, Stopping threads took: 0.0002380 seconds
2019-02-01T01:02:04.730+0000: 793899.688: Application time: 0.0003633 seconds
2019-02-01T01:02:04.736+0000: 793899.693: [GC (GCLocker Initiated GC) 2019-02-01T01:02:04.750+0000: 793899.708: [SoftReference, 0 refs, 0.0000464 secs]2019-02-01T01:02:04.750+0000: 793899.708: [WeakReference, 27 refs, 0.0000304 secs]2019-02-01T01:02:04.750+0000: 793899.708: [FinalReference, 618 refs, 0.0002996 secs]2019-02-01T01:02:04.750+0000: 793899.708: [PhantomReference, 0 refs, 0 refs, 0.0000099 secs]2019-02-01T01:02:04.750+0000: 793899.708: [JNI Weak Reference, 0.0000180 secs]
Desired survivor size 101711872 bytes, new threshold 1 (max 15)
[PSYoungGen: 1285591K->62272K(1283584K)] 3399523K->2178589K(4600832K), 0.0217467 secs] [Times: user=0.26 sys=0.01, real=0.02 secs] 
2019-02-01T01:02:04.758+0000: 793899.715: Total time for which application threads were stopped: 0.0275562 seconds, Stopping threads took: 0.0002416 seconds
2019-02-01T01:02:09.456+0000: 793904.414: Application time: 4.6983118 seconds
2019-02-01T01:02:09.462+0000: 793904.420: Total time for which application threads were stopped: 0.0060714 seconds, Stopping threads took: 0.0004835 seconds
2019-02-01T01:02:09.462+0000: 793904.420: Application time: 0.0005246 seconds
2019-02-01T01:02:09.468+0000: 793904.426: [GC (GCLocker Initiated GC) 2019-02-01T01:02:09.481+0000: 793904.439: [SoftReference, 0 refs, 0.0000673 secs]2019-02-01T01:02:09.481+0000: 793904.439: [WeakReference, 16 refs, 0.0000167 secs]2019-02-01T01:02:09.481+0000: 793904.439: [FinalReference, 640 refs, 0.0004670 secs]2019-02-01T01:02:09.482+0000: 793904.440: [PhantomReference, 0 refs, 2 refs, 0.0000131 secs]2019-02-01T01:02:09.482+0000: 793904.440: [JNI Weak Reference, 0.0000187 secs]
Desired survivor size 99090432 bytes, new threshold 1 (max 15)
[PSYoungGen: 1266496K->41927K(1227776K)] 3382833K->2162236K(4545024K), 0.0204228 secs] [Times: user=0.20 sys=0.01, real=0.02 secs] 
2019-02-01T01:02:09.489+0000: 793904.447: Total time for which application threads were stopped: 0.0266254 seconds, Stopping threads took: 0.0005420 seconds
2019-02-01T01:02:13.667+0000: 793908.625: Application time: 4.1779531 seconds
2019-02-01T01:02:13.679+0000: 793908.637: Total time for which application threads were stopped: 0.0120432 seconds, Stopping threads took: 0.0040390 seconds
2019-02-01T01:02:13.682+0000: 793908.640: Application time: 0.0025951 seconds
2019-02-01T01:02:13.690+0000: 793908.648: [GC (GCLocker Initiated GC) 2019-02-01T01:02:13.704+0000: 793908.662: [SoftReference, 0 refs, 0.0000484 secs]2019-02-01T01:02:13.704+0000: 793908.662: [WeakReference, 9 refs, 0.0000134 secs]2019-02-01T01:02:13.704+0000: 793908.662: [FinalReference, 682 refs, 0.0003315 secs]2019-02-01T01:02:13.704+0000: 793908.662: [PhantomReference, 0 refs, 1 refs, 0.0000106 secs]2019-02-01T01:02:13.704+0000: 793908.662: [JNI Weak Reference, 0.0000182 secs]
Desired survivor size 94896128 bytes, new threshold 1 (max 15)
[PSYoungGen: 1227719K->50002K(1238528K)] 3348059K->2172085K(4555776K), 0.0209710 secs] [Times: user=0.24 sys=0.02, real=0.02 secs] 
2019-02-01T01:02:13.711+0000: 793908.669: Total time for which application threads were stopped: 0.0295538 seconds, Stopping threads took: 0.0004106 seconds
2019-02-01T01:02:17.896+0000: 793912.854: Application time: 4.1847243 seconds
2019-02-01T01:02:17.902+0000: 793912.860: Total time for which application threads were stopped: 0.0057323 seconds, Stopping threads took: 0.0003064 seconds
2019-02-01T01:02:17.902+0000: 793912.860: Application time: 0.0004024 seconds
2019-02-01T01:02:17.909+0000: 793912.867: [GC (GCLocker Initiated GC) 2019-02-01T01:02:17.922+0000: 793912.880: [SoftReference, 0 refs, 0.0000732 secs]2019-02-01T01:02:17.922+0000: 793912.880: [WeakReference, 2 refs, 0.0000179 secs]2019-02-01T01:02:17.922+0000: 793912.880: [FinalReference, 585 refs, 0.0004261 secs]2019-02-01T01:02:17.923+0000: 793912.881: [PhantomReference, 0 refs, 0 refs, 0.0000189 secs]2019-02-01T01:02:17.923+0000: 793912.881: [JNI Weak Reference, 0.0000322 secs]
Desired survivor size 95420416 bytes, new threshold 1 (max 15)
[PSYoungGen: 1217874K->25615K(1176064K)] 3346632K->2157421K(4493312K), 0.0226372 secs] [Times: user=0.26 sys=0.00, real=0.02 secs] 
2019-02-01T01:02:17.932+0000: 793912.890: Total time for which application threads were stopped: 0.0299384 seconds, Stopping threads took: 0.0002970 seconds
2019-02-01T01:02:22.711+0000: 793917.669: Application time: 4.7791821 seconds
2019-02-01T01:02:22.718+0000: 793917.676: Total time for which application threads were stopped: 0.0065831 seconds, Stopping threads took: 0.0002825 seconds
2019-02-01T01:02:22.718+0000: 793917.676: Application time: 0.0001254 seconds
2019-02-01T01:02:22.724+0000: 793917.682: Total time for which application threads were stopped: 0.0058351 seconds, Stopping threads took: 0.0002443 seconds
2019-02-01T01:02:22.724+0000: 793917.682: Application time: 0.0001719 seconds
2019-02-01T01:02:22.732+0000: 793917.690: [GC (GCLocker Initiated GC) 2019-02-01T01:02:22.744+0000: 793917.701: [SoftReference, 0 refs, 0.0000792 secs]2019-02-01T01:02:22.744+0000: 793917.701: [WeakReference, 4 refs, 0.0000206 secs]2019-02-01T01:02:22.744+0000: 793917.702: [FinalReference, 704 refs, 0.0018444 secs]2019-02-01T01:02:22.746+0000: 793917.703: [PhantomReference, 0 refs, 0 refs, 0.0000225 secs]2019-02-01T01:02:22.746+0000: 793917.703: [JNI Weak Reference, 0.0000330 secs]
Desired survivor size 92798976 bytes, new threshold 1 (max 15)
[PSYoungGen: 1175567K->39431K(1203200K)] 3314020K->2179751K(4520448K), 0.0243141 secs] [Times: user=0.20 sys=0.02, real=0.03 secs] 
2019-02-01T01:02:22.756+0000: 793917.714: Total time for which application threads were stopped: 0.0323594 seconds, Stopping threads took: 0.0002756 seconds
2019-02-01T01:02:26.747+0000: 793921.704: Application time: 3.9903079 seconds
2019-02-01T01:02:26.754+0000: 793921.712: Total time for which application threads were stopped: 0.0074243 seconds, Stopping threads took: 0.0002821 seconds
2019-02-01T01:02:26.755+0000: 793921.713: Application time: 0.0008669 seconds
2019-02-01T01:02:26.762+0000: 793921.720: [GC (GCLocker Initiated GC) 2019-02-01T01:02:26.777+0000: 793921.734: [SoftReference, 0 refs, 0.0000751 secs]2019-02-01T01:02:26.777+0000: 793921.734: [WeakReference, 3 refs, 0.0000219 secs]2019-02-01T01:02:26.777+0000: 793921.734: [FinalReference, 489 refs, 0.0003639 secs]2019-02-01T01:02:26.777+0000: 793921.735: [PhantomReference, 0 refs, 0 refs, 0.0000192 secs]2019-02-01T01:02:26.777+0000: 793921.735: [JNI Weak Reference, 0.0000319 secs]
Desired survivor size 92274688 bytes, new threshold 1 (max 15)
[PSYoungGen: 1171975K->27565K(1143296K)] 3312313K->2172397K(4460544K), 0.0222149 secs] [Times: user=0.23 sys=0.01, real=0.03 secs] 
2019-02-01T01:02:26.785+0000: 793921.743: Total time for which application threads were stopped: 0.0300342 seconds, Stopping threads took: 0.0002928 seconds
2019-02-01T01:02:31.672+0000: 793926.630: Application time: 4.8874334 seconds
2019-02-01T01:02:31.680+0000: 793926.638: Total time for which application threads were stopped: 0.0074000 seconds, Stopping threads took: 0.0001925 seconds
2019-02-01T01:02:31.681+0000: 793926.639: Application time: 0.0012158 seconds
2019-02-01T01:02:31.689+0000: 793926.646: [GC (GCLocker Initiated GC) 2019-02-01T01:02:31.701+0000: 793926.659: [SoftReference, 0 refs, 0.0000698 secs]2019-02-01T01:02:31.701+0000: 793926.659: [WeakReference, 21 refs, 0.0000296 secs]2019-02-01T01:02:31.701+0000: 793926.659: [FinalReference, 701 refs, 0.0005354 secs]2019-02-01T01:02:31.701+0000: 793926.659: [PhantomReference, 0 refs, 0 refs, 0.0000191 secs]2019-02-01T01:02:31.702+0000: 793926.659: [JNI Weak Reference, 0.0000314 secs]
Desired survivor size 91226112 bytes, new threshold 1 (max 15)
[PSYoungGen: 1143213K->27952K(1170944K)] 3288070K->2174168K(4488192K), 0.0191877 secs] [Times: user=0.20 sys=0.00, real=0.02 secs] 
2019-02-01T01:02:31.708+0000: 793926.666: Total time for which application threads were stopped: 0.0270648 seconds, Stopping threads took: 0.0003234 seconds
2019-02-01T01:02:36.144+0000: 793931.102: Application time: 4.4360194 seconds
2019-02-01T01:02:36.152+0000: 793931.110: Total time for which application threads were stopped: 0.0079307 seconds, Stopping threads took: 0.0003376 seconds
2019-02-01T01:02:36.153+0000: 793931.111: Application time: 0.0013605 seconds
2019-02-01T01:02:36.161+0000: 793931.119: [GC (GCLocker Initiated GC) 2019-02-01T01:02:36.174+0000: 793931.132: [SoftReference, 0 refs, 0.0000761 secs]2019-02-01T01:02:36.174+0000: 793931.132: [WeakReference, 1 refs, 0.0000176 secs]2019-02-01T01:02:36.174+0000: 793931.132: [FinalReference, 668 refs, 0.0004587 secs]2019-02-01T01:02:36.175+0000: 793931.132: [PhantomReference, 0 refs, 1 refs, 0.0000200 secs]2019-02-01T01:02:36.175+0000: 793931.133: [JNI Weak Reference, 0.0000319 secs]
Desired survivor size 90177536 bytes, new threshold 1 (max 15)
[PSYoungGen: 1127216K->23767K(1107456K)] 3276764K->2175953K(4424704K), 0.0196456 secs] [Times: user=0.22 sys=0.01, real=0.02 secs] 
2019-02-01T01:02:36.181+0000: 793931.139: Total time for which application threads were stopped: 0.0275777 seconds, Stopping threads took: 0.0003007 seconds
2019-02-01T01:02:40.145+0000: 793935.103: Application time: 3.9644723 seconds
2019-02-01T01:02:40.151+0000: 793935.109: Total time for which application threads were stopped: 0.0059178 seconds, Stopping threads took: 0.0003358 seconds
2019-02-01T01:02:40.152+0000: 793935.110: Application time: 0.0006547 seconds
2019-02-01T01:02:40.158+0000: 793935.116: [GC (GCLocker Initiated GC) 2019-02-01T01:02:40.172+0000: 793935.130: [SoftReference, 0 refs, 0.0000686 secs]2019-02-01T01:02:40.172+0000: 793935.130: [WeakReference, 8 refs, 0.0000188 secs]2019-02-01T01:02:40.172+0000: 793935.130: [FinalReference, 649 refs, 0.0004019 secs]2019-02-01T01:02:40.172+0000: 793935.130: [PhantomReference, 0 refs, 1 refs, 0.0000169 secs]2019-02-01T01:02:40.172+0000: 793935.130: [JNI Weak Reference, 0.0000697 secs]
Desired survivor size 88604672 bytes, new threshold 1 (max 15)
[PSYoungGen: 1107159K->50832K(1137664K)] 3266011K->2212710K(4454912K), 0.0223346 secs] [Times: user=0.24 sys=0.01, real=0.02 secs] 
2019-02-01T01:02:40.180+0000: 793935.138: Total time for which application threads were stopped: 0.0283943 seconds, Stopping threads took: 0.0002508 seconds
2019-02-01T01:02:40.370+0000: 793935.328: Application time: 0.1893228 seconds
2019-02-01T01:02:40.378+0000: 793935.336: Total time for which application threads were stopped: 0.0085755 seconds, Stopping threads took: 0.0002855 seconds
2019-02-01T01:02:43.880+0000: 793938.838: Application time: 3.5014896 seconds
2019-02-01T01:02:43.886+0000: 793938.844: Total time for which application threads were stopped: 0.0058463 seconds, Stopping threads took: 0.0002118 seconds
2019-02-01T01:02:43.887+0000: 793938.844: Application time: 0.0008420 seconds
2019-02-01T01:02:43.892+0000: 793938.850: [GC (GCLocker Initiated GC) 2019-02-01T01:02:43.905+0000: 793938.863: [SoftReference, 0 refs, 0.0000742 secs]2019-02-01T01:02:43.906+0000: 793938.863: [WeakReference, 12 refs, 0.0000232 secs]2019-02-01T01:02:43.906+0000: 793938.863: [FinalReference, 550 refs, 0.0003825 secs]2019-02-01T01:02:43.906+0000: 793938.864: [PhantomReference, 0 refs, 0 refs, 0.0000192 secs]2019-02-01T01:02:43.906+0000: 793938.864: [JNI Weak Reference, 0.0000323 secs]
Desired survivor size 84934656 bytes, new threshold 1 (max 15)
[PSYoungGen: 1118864K->39272K(1092096K)] 3280775K->2205227K(4409344K), 0.0238690 secs] [Times: user=0.21 sys=0.01, real=0.03 secs] 
2019-02-01T01:02:43.916+0000: 793938.874: Total time for which application threads were stopped: 0.0297932 seconds, Stopping threads took: 0.0001953 seconds
2019-02-01T01:02:48.131+0000: 793943.088: Application time: 4.2141972 seconds
2019-02-01T01:02:48.137+0000: 793943.094: Total time for which application threads were stopped: 0.0060783 seconds, Stopping threads took: 0.0002093 seconds
2019-02-01T01:02:48.137+0000: 793943.095: Application time: 0.0005353 seconds
2019-02-01T01:02:48.144+0000: 793943.101: [GC (GCLocker Initiated GC) 2019-02-01T01:02:48.157+0000: 793943.115: [SoftReference, 0 refs, 0.0000520 secs]2019-02-01T01:02:48.157+0000: 793943.115: [WeakReference, 8 refs, 0.0000149 secs]2019-02-01T01:02:48.157+0000: 793943.115: [FinalReference, 619 refs, 0.0003157 secs]2019-02-01T01:02:48.157+0000: 793943.115: [PhantomReference, 0 refs, 0 refs, 0.0000123 secs]2019-02-01T01:02:48.157+0000: 793943.115: [JNI Weak Reference, 0.0000340 secs]
Desired survivor size 82837504 bytes, new threshold 1 (max 15)
[PSYoungGen: 1091944K->31469K(1101824K)] 3261235K->2204017K(4419072K), 0.0203635 secs] [Times: user=0.19 sys=0.02, real=0.02 secs] 
2019-02-01T01:02:48.164+0000: 793943.122: Total time for which application threads were stopped: 0.0268727 seconds, Stopping threads took: 0.0001877 seconds
2019-02-01T01:02:52.394+0000: 793947.352: Application time: 4.2303941 seconds
2019-02-01T01:02:52.400+0000: 793947.358: [GC (Allocation Failure) 2019-02-01T01:02:52.412+0000: 793947.370: [SoftReference, 0 refs, 0.0000537 secs]2019-02-01T01:02:52.412+0000: 793947.370: [WeakReference, 46 refs, 0.0000227 secs]2019-02-01T01:02:52.412+0000: 793947.370: [FinalReference, 637 refs, 0.0002902 secs]2019-02-01T01:02:52.413+0000: 793947.370: [PhantomReference, 0 refs, 0 refs, 0.0000096 secs]2019-02-01T01:02:52.413+0000: 793947.370: [JNI Weak Reference, 0.0000174 secs]
Desired survivor size 81264640 bytes, new threshold 1 (max 15)
[PSYoungGen: 1069293K->29160K(1052672K)] 3241844K->2204877K(4369920K), 0.0180159 secs] [Times: user=0.19 sys=0.00, real=0.02 secs] 
2019-02-01T01:02:52.419+0000: 793947.377: Total time for which application threads were stopped: 0.0242204 seconds, Stopping threads took: 0.0003183 seconds
2019-02-01T01:02:56.315+0000: 793951.273: Application time: 3.8964732 seconds
2019-02-01T01:02:56.321+0000: 793951.279: [GC (Allocation Failure) 2019-02-01T01:02:56.334+0000: 793951.292: [SoftReference, 0 refs, 0.0000763 secs]2019-02-01T01:02:56.334+0000: 793951.292: [WeakReference, 10 refs, 0.0000291 secs]2019-02-01T01:02:56.334+0000: 793951.292: [FinalReference, 574 refs, 0.0004400 secs]2019-02-01T01:02:56.335+0000: 793951.293: [PhantomReference, 0 refs, 0 refs, 0.0000194 secs]2019-02-01T01:02:56.335+0000: 793951.293: [JNI Weak Reference, 0.0000297 secs]
Desired survivor size 78643200 bytes, new threshold 1 (max 15)
[PSYoungGen: 1052436K->31372K(1070080K)] 3228152K->2209579K(4387328K), 0.0234038 secs] [Times: user=0.20 sys=0.01, real=0.02 secs] 
2019-02-01T01:02:56.345+0000: 793951.303: Total time for which application threads were stopped: 0.0296832 seconds, Stopping threads took: 0.0002664 seconds
2019-02-01T01:03:00.909+0000: 793955.867: Application time: 4.5640121 seconds
2019-02-01T01:03:00.917+0000: 793955.875: Total time for which application threads were stopped: 0.0086049 seconds, Stopping threads took: 0.0002121 seconds
2019-02-01T01:03:00.918+0000: 793955.876: Application time: 0.0003485 seconds
2019-02-01T01:03:00.926+0000: 793955.884: [GC (GCLocker Initiated GC) 2019-02-01T01:03:00.950+0000: 793955.908: [SoftReference, 0 refs, 0.0000718 secs]2019-02-01T01:03:00.950+0000: 793955.908: [WeakReference, 19 refs, 0.0000275 secs]2019-02-01T01:03:00.950+0000: 793955.908: [FinalReference, 589 refs, 0.0004954 secs]2019-02-01T01:03:00.950+0000: 793955.908: [PhantomReference, 0 refs, 0 refs, 0.0000233 secs]2019-02-01T01:03:00.950+0000: 793955.908: [JNI Weak Reference, 0.0000331 secs]
Desired survivor size 75497472 bytes, new threshold 1 (max 15)
[PSYoungGen: 1041036K->35480K(1031680K)] 3219377K->2216096K(4348928K), 0.0302913 secs] [Times: user=0.40 sys=0.03, real=0.03 secs] 
2019-02-01T01:03:00.957+0000: 793955.915: Total time for which application threads were stopped: 0.0390695 seconds, Stopping threads took: 0.0002244 seconds
2019-02-01T01:03:04.749+0000: 793959.707: Application time: 3.7918659 seconds
2019-02-01T01:03:04.759+0000: 793959.716: Total time for which application threads were stopped: 0.0097519 seconds, Stopping threads took: 0.0014301 seconds
2019-02-01T01:03:04.760+0000: 793959.718: Application time: 0.0014136 seconds
2019-02-01T01:03:04.769+0000: 793959.727: [GC (GCLocker Initiated GC) 2019-02-01T01:03:04.784+0000: 793959.742: [SoftReference, 0 refs, 0.0000735 secs]2019-02-01T01:03:04.784+0000: 793959.742: [WeakReference, 58 refs, 0.0000535 secs]2019-02-01T01:03:04.784+0000: 793959.742: [FinalReference, 464 refs, 0.0003728 secs]2019-02-01T01:03:04.784+0000: 793959.742: [PhantomReference, 0 refs, 1 refs, 0.0000275 secs]2019-02-01T01:03:04.784+0000: 793959.742: [JNI Weak Reference, 0.0000668 secs]
Desired survivor size 90177536 bytes, new threshold 1 (max 15)
[PSYoungGen: 1031320K->73708K(1055232K)] 3212066K->2267990K(4372480K), 0.0232248 secs] [Times: user=0.26 sys=0.00, real=0.03 secs] 
2019-02-01T01:03:04.793+0000: 793959.750: Total time for which application threads were stopped: 0.0326440 seconds, Stopping threads took: 0.0002423 seconds
2019-02-01T01:03:07.242+0000: 793962.200: Application time: 2.4496480 seconds
2019-02-01T01:03:07.251+0000: 793962.209: Total time for which application threads were stopped: 0.0086229 seconds, Stopping threads took: 0.0002781 seconds
2019-02-01T01:03:07.251+0000: 793962.209: Application time: 0.0005604 seconds
2019-02-01T01:03:07.260+0000: 793962.218: [GC (GCLocker Initiated GC) 2019-02-01T01:03:07.275+0000: 793962.233: [SoftReference, 0 refs, 0.0000499 secs]2019-02-01T01:03:07.275+0000: 793962.233: [WeakReference, 37 refs, 0.0000261 secs]2019-02-01T01:03:07.275+0000: 793962.233: [FinalReference, 505 refs, 0.0002376 secs]2019-02-01T01:03:07.275+0000: 793962.233: [PhantomReference, 0 refs, 0 refs, 0.0000101 secs]2019-02-01T01:03:07.275+0000: 793962.233: [JNI Weak Reference, 0.0000192 secs]
Desired survivor size 89653248 bytes, new threshold 1 (max 15)
[PSYoungGen: 1055212K->54562K(1022976K)] 3249677K->2252023K(4340224K), 0.0185463 secs] [Times: user=0.23 sys=0.01, real=0.01 secs] 
2019-02-01T01:03:07.279+0000: 793962.237: Total time for which application threads were stopped: 0.0273604 seconds, Stopping threads took: 0.0003414 seconds
2019-02-01T01:03:11.297+0000: 793966.255: Application time: 4.0185419 seconds
2019-02-01T01:03:11.305+0000: 793966.262: Total time for which application threads were stopped: 0.0072628 seconds, Stopping threads took: 0.0001684 seconds
2019-02-01T01:03:11.305+0000: 793966.263: Application time: 0.0006739 seconds
2019-02-01T01:03:11.313+0000: 793966.270: [GC (GCLocker Initiated GC) 2019-02-01T01:03:11.328+0000: 793966.286: [SoftReference, 0 refs, 0.0000514 secs]2019-02-01T01:03:11.328+0000: 793966.286: [WeakReference, 24 refs, 0.0000235 secs]2019-02-01T01:03:11.328+0000: 793966.286: [FinalReference, 525 refs, 0.0003176 secs]2019-02-01T01:03:11.328+0000: 793966.286: [PhantomReference, 0 refs, 0 refs, 0.0000147 secs]2019-02-01T01:03:11.329+0000: 793966.286: [JNI Weak Reference, 0.0000244 secs]
Desired survivor size 86507520 bytes, new threshold 1 (max 15)
[PSYoungGen: 1022754K->47034K(1024000K)] 3220345K->2249810K(4341248K), 0.0224027 secs] [Times: user=0.23 sys=0.00, real=0.02 secs] 
2019-02-01T01:03:11.335+0000: 793966.293: Total time for which application threads were stopped: 0.0299628 seconds, Stopping threads took: 0.0001906 seconds
2019-02-01T01:03:15.391+0000: 793970.349: Application time: 4.0558020 seconds
2019-02-01T01:03:15.399+0000: 793970.356: Total time for which application threads were stopped: 0.0074550 seconds, Stopping threads took: 0.0002534 seconds
2019-02-01T01:03:15.399+0000: 793970.357: Application time: 0.0009076 seconds
2019-02-01T01:03:15.407+0000: 793970.365: [GC (GCLocker Initiated GC) 2019-02-01T01:03:15.421+0000: 793970.379: [SoftReference, 0 refs, 0.0000536 secs]2019-02-01T01:03:15.422+0000: 793970.379: [WeakReference, 56 refs, 0.0000277 secs]2019-02-01T01:03:15.422+0000: 793970.379: [FinalReference, 569 refs, 0.0002625 secs]2019-02-01T01:03:15.422+0000: 793970.380: [PhantomReference, 0 refs, 0 refs, 0.0000100 secs]2019-02-01T01:03:15.422+0000: 793970.380: [JNI Weak Reference, 0.0000192 secs]
Desired survivor size 86507520 bytes, new threshold 1 (max 15)
[PSYoungGen: 1002426K->56942K(1000448K)] 3208564K->2266105K(4317696K), 0.0203551 secs] [Times: user=0.28 sys=0.01, real=0.02 secs] 
2019-02-01T01:03:15.427+0000: 793970.385: Total time for which application threads were stopped: 0.0278678 seconds, Stopping threads took: 0.0003382 seconds
2019-02-01T01:03:19.667+0000: 793974.625: Application time: 4.2399644 seconds
2019-02-01T01:03:19.676+0000: 793974.633: Total time for which application threads were stopped: 0.0082808 seconds, Stopping threads took: 0.0001729 seconds
2019-02-01T01:03:19.676+0000: 793974.634: Application time: 0.0001941 seconds
2019-02-01T01:03:19.684+0000: 793974.641: [GC (GCLocker Initiated GC) 2019-02-01T01:03:19.695+0000: 793974.653: [SoftReference, 0 refs, 0.0000510 secs]2019-02-01T01:03:19.695+0000: 793974.653: [WeakReference, 27 refs, 0.0000245 secs]2019-02-01T01:03:19.695+0000: 793974.653: [FinalReference, 508 refs, 0.0002862 secs]2019-02-01T01:03:19.695+0000: 793974.653: [PhantomReference, 0 refs, 0 refs, 0.0000139 secs]2019-02-01T01:03:19.695+0000: 793974.653: [JNI Weak Reference, 0.0000245 secs]
Desired survivor size 88080384 bytes, new threshold 1 (max 15)
[PSYoungGen: 1000046K->17018K(1006080K)] 3209219K->2229207K(4323328K), 0.0172220 secs] [Times: user=0.17 sys=0.00, real=0.01 secs] 
2019-02-01T01:03:19.701+0000: 793974.659: Total time for which application threads were stopped: 0.0252695 seconds, Stopping threads took: 0.0001357 seconds
2019-02-01T01:03:24.131+0000: 793979.088: Application time: 4.4295070 seconds
2019-02-01T01:03:24.138+0000: 793979.096: Total time for which application threads were stopped: 0.0074147 seconds, Stopping threads took: 0.0001668 seconds
2019-02-01T01:03:24.139+0000: 793979.097: Application time: 0.0007467 seconds
2019-02-01T01:03:24.147+0000: 793979.104: [GC (GCLocker Initiated GC) 2019-02-01T01:03:24.157+0000: 793979.115: [SoftReference, 0 refs, 0.0000346 secs]2019-02-01T01:03:24.157+0000: 793979.115: [WeakReference, 67 refs, 0.0000364 secs]2019-02-01T01:03:24.157+0000: 793979.115: [FinalReference, 575 refs, 0.0004433 secs]2019-02-01T01:03:24.158+0000: 793979.116: [PhantomReference, 0 refs, 1 refs, 0.0000168 secs]2019-02-01T01:03:24.158+0000: 793979.116: [JNI Weak Reference, 0.0000250 secs]
Desired survivor size 87031808 bytes, new threshold 1 (max 15)
[PSYoungGen: 947834K->22632K(942080K)] 3163405K->2240137K(4259328K), 0.0175463 secs] [Times: user=0.18 sys=0.01, real=0.02 secs] 
2019-02-01T01:03:24.164+0000: 793979.122: Total time for which application threads were stopped: 0.0256374 seconds, Stopping threads took: 0.0003373 seconds
2019-02-01T01:03:27.886+0000: 793982.844: Application time: 3.7216530 seconds
2019-02-01T01:03:27.894+0000: 793982.851: [GC (Allocation Failure) 2019-02-01T01:03:27.905+0000: 793982.863: [SoftReference, 0 refs, 0.0000524 secs]2019-02-01T01:03:27.906+0000: 793982.863: [WeakReference, 69 refs, 0.0000421 secs]2019-02-01T01:03:27.906+0000: 793982.863: [FinalReference, 479 refs, 0.0002732 secs]2019-02-01T01:03:27.906+0000: 793982.864: [PhantomReference, 0 refs, 0 refs, 0.0000135 secs]2019-02-01T01:03:27.906+0000: 793982.864: [JNI Weak Reference, 0.0000236 secs]
Desired survivor size 85458944 bytes, new threshold 1 (max 15)
[PSYoungGen: 941672K->26495K(977408K)] 3159179K->2246522K(4294656K), 0.0192499 secs] [Times: user=0.19 sys=0.01, real=0.02 secs] 
2019-02-01T01:03:27.913+0000: 793982.871: Total time for which application threads were stopped: 0.0270166 seconds, Stopping threads took: 0.0002212 seconds
2019-02-01T01:03:31.871+0000: 793986.829: Application time: 3.9577092 seconds
2019-02-01T01:03:31.879+0000: 793986.837: Total time for which application threads were stopped: 0.0082481 seconds, Stopping threads took: 0.0002086 seconds
2019-02-01T01:03:31.880+0000: 793986.838: Application time: 0.0006563 seconds
2019-02-01T01:03:31.888+0000: 793986.846: [GC (GCLocker Initiated GC) 2019-02-01T01:03:31.902+0000: 793986.860: [SoftReference, 0 refs, 0.0000713 secs]2019-02-01T01:03:31.902+0000: 793986.860: [WeakReference, 23 refs, 0.0000305 secs]2019-02-01T01:03:31.902+0000: 793986.860: [FinalReference, 585 refs, 0.0004050 secs]2019-02-01T01:03:31.902+0000: 793986.860: [PhantomReference, 0 refs, 0 refs, 0.0000189 secs]2019-02-01T01:03:31.902+0000: 793986.860: [JNI Weak Reference, 0.0000332 secs]
Desired survivor size 81788928 bytes, new threshold 1 (max 15)
[PSYoungGen: 933759K->35230K(931328K)] 3153810K->2259202K(4248576K), 0.0239448 secs] [Times: user=0.22 sys=0.02, real=0.02 secs] 
2019-02-01T01:03:31.912+0000: 793986.870: Total time for which application threads were stopped: 0.0327756 seconds, Stopping threads took: 0.0002641 seconds
2019-02-01T01:03:35.937+0000: 793990.895: Application time: 4.0242997 seconds
2019-02-01T01:03:35.944+0000: 793990.902: Total time for which application threads were stopped: 0.0076893 seconds, Stopping threads took: 0.0002347 seconds
2019-02-01T01:03:35.945+0000: 793990.903: Application time: 0.0004434 seconds
2019-02-01T01:03:35.953+0000: 793990.911: [GC (GCLocker Initiated GC) 2019-02-01T01:03:35.965+0000: 793990.923: [SoftReference, 0 refs, 0.0000679 secs]2019-02-01T01:03:35.965+0000: 793990.923: [WeakReference, 79 refs, 0.0000535 secs]2019-02-01T01:03:35.965+0000: 793990.923: [FinalReference, 546 refs, 0.0003828 secs]2019-02-01T01:03:35.966+0000: 793990.924: [PhantomReference, 0 refs, 1 refs, 0.0000308 secs]2019-02-01T01:03:35.966+0000: 793990.924: [JNI Weak Reference, 0.0000340 secs]
Desired survivor size 79167488 bytes, new threshold 1 (max 15)
[PSYoungGen: 931230K->30324K(948224K)] 3155215K->2257570K(4265472K), 0.0237185 secs] [Times: user=0.16 sys=0.01, real=0.03 secs] 
2019-02-01T01:03:35.977+0000: 793990.935: Total time for which application threads were stopped: 0.0319731 seconds, Stopping threads took: 0.0001678 seconds
2019-02-01T01:03:40.118+0000: 793995.076: Application time: 4.1410303 seconds
2019-02-01T01:03:40.129+0000: 793995.087: [GC (Allocation Failure) 2019-02-01T01:03:40.140+0000: 793995.098: [SoftReference, 0 refs, 0.0000721 secs]2019-02-01T01:03:40.140+0000: 793995.098: [WeakReference, 3 refs, 0.0000192 secs]2019-02-01T01:03:40.140+0000: 793995.098: [FinalReference, 571 refs, 0.0004319 secs]2019-02-01T01:03:40.140+0000: 793995.098: [PhantomReference, 0 refs, 0 refs, 0.0000188 secs]2019-02-01T01:03:40.140+0000: 793995.098: [JNI Weak Reference, 0.0000303 secs]
Desired survivor size 79167488 bytes, new threshold 1 (max 15)
[PSYoungGen: 915060K->16992K(891392K)] 3148950K->2252940K(4208640K), 0.0198985 secs] [Times: user=0.18 sys=0.00, real=0.02 secs] 
2019-02-01T01:03:40.149+0000: 793995.107: Total time for which application threads were stopped: 0.0312085 seconds, Stopping threads took: 0.0024930 seconds
2019-02-01T01:03:40.370+0000: 793995.328: Application time: 0.2210278 seconds
2019-02-01T01:03:40.379+0000: 793995.337: Total time for which application threads were stopped: 0.0085818 seconds, Stopping threads took: 0.0003138 seconds
2019-02-01T01:03:44.660+0000: 793999.618: Application time: 4.2814125 seconds
2019-02-01T01:03:44.669+0000: 793999.627: Total time for which application threads were stopped: 0.0086343 seconds, Stopping threads took: 0.0002416 seconds
2019-02-01T01:03:44.669+0000: 793999.627: Application time: 0.0005464 seconds
2019-02-01T01:03:44.677+0000: 793999.634: [GC (GCLocker Initiated GC) 2019-02-01T01:03:44.687+0000: 793999.645: [SoftReference, 0 refs, 0.0000550 secs]2019-02-01T01:03:44.687+0000: 793999.645: [WeakReference, 5 refs, 0.0000114 secs]2019-02-01T01:03:44.687+0000: 793999.645: [FinalReference, 571 refs, 0.0003158 secs]2019-02-01T01:03:44.688+0000: 793999.646: [PhantomReference, 0 refs, 0 refs, 0.0000103 secs]2019-02-01T01:03:44.688+0000: 793999.646: [JNI Weak Reference, 0.0000186 secs]
Desired survivor size 74973184 bytes, new threshold 1 (max 15)
[PSYoungGen: 890976K->35676K(921600K)] 3126924K->2274274K(4238848K), 0.0182104 secs] [Times: user=0.20 sys=0.01, real=0.01 secs] 
2019-02-01T01:03:44.695+0000: 793999.653: Total time for which application threads were stopped: 0.0255933 seconds, Stopping threads took: 0.0001448 seconds
2019-02-01T01:03:47.669+0000: 794002.627: Application time: 2.9739868 seconds
2019-02-01T01:03:47.676+0000: 794002.634: Total time for which application threads were stopped: 0.0075471 seconds, Stopping threads took: 0.0002309 seconds
2019-02-01T01:03:47.980+0000: 794002.938: Application time: 0.3032625 seconds
2019-02-01T01:03:47.987+0000: 794002.945: Total time for which application threads were stopped: 0.0074751 seconds, Stopping threads took: 0.0002317 seconds
2019-02-01T01:03:47.988+0000: 794002.946: Application time: 0.0009543 seconds
2019-02-01T01:03:47.996+0000: 794002.954: [GC (GCLocker Initiated GC) 2019-02-01T01:03:48.009+0000: 794002.967: [SoftReference, 0 refs, 0.0000500 secs]2019-02-01T01:03:48.009+0000: 794002.967: [WeakReference, 26 refs, 0.0000207 secs]2019-02-01T01:03:48.009+0000: 794002.967: [FinalReference, 494 refs, 0.0002808 secs]2019-02-01T01:03:48.010+0000: 794002.967: [PhantomReference, 0 refs, 0 refs, 0.0000099 secs]2019-02-01T01:03:48.010+0000: 794002.967: [JNI Weak Reference, 0.0000197 secs]
Desired survivor size 74973184 bytes, new threshold 1 (max 15)
[PSYoungGen: 898908K->46202K(899584K)] 3137583K->2287394K(4216832K), 0.0190209 secs] [Times: user=0.24 sys=0.01, real=0.01 secs] 
2019-02-01T01:03:48.015+0000: 794002.973: Total time for which application threads were stopped: 0.0266808 seconds, Stopping threads took: 0.0003016 seconds
2019-02-01T01:03:51.659+0000: 794006.617: Application time: 3.6439519 seconds
2019-02-01T01:03:51.668+0000: 794006.625: Total time for which application threads were stopped: 0.0087076 seconds, Stopping threads took: 0.0002633 seconds
2019-02-01T01:03:51.668+0000: 794006.626: Application time: 0.0007076 seconds
2019-02-01T01:03:51.677+0000: 794006.635: [GC (GCLocker Initiated GC) 2019-02-01T01:03:51.690+0000: 794006.648: [SoftReference, 0 refs, 0.0000480 secs]2019-02-01T01:03:51.690+0000: 794006.648: [WeakReference, 118 refs, 0.0000451 secs]2019-02-01T01:03:51.690+0000: 794006.648: [FinalReference, 448 refs, 0.0002076 secs]2019-02-01T01:03:51.690+0000: 794006.648: [PhantomReference, 0 refs, 0 refs, 0.0000097 secs]2019-02-01T01:03:51.690+0000: 794006.648: [JNI Weak Reference, 0.0000187 secs]
Desired survivor size 74973184 bytes, new threshold 1 (max 15)
[PSYoungGen: 899194K->47083K(905728K)] 3140450K->2291538K(4222976K), 0.0182314 secs] [Times: user=0.20 sys=0.01, real=0.01 secs] 
2019-02-01T01:03:51.696+0000: 794006.654: Total time for which application threads were stopped: 0.0274585 seconds, Stopping threads took: 0.0003239 seconds
2019-02-01T01:03:55.589+0000: 794010.547: Application time: 3.8929771 seconds
2019-02-01T01:03:55.597+0000: 794010.555: Total time for which application threads were stopped: 0.0087526 seconds, Stopping threads took: 0.0002509 seconds
2019-02-01T01:03:55.598+0000: 794010.556: Application time: 0.0003237 seconds
2019-02-01T01:03:55.607+0000: 794010.564: [GC (GCLocker Initiated GC) 2019-02-01T01:03:55.619+0000: 794010.577: [SoftReference, 0 refs, 0.0000665 secs]2019-02-01T01:03:55.619+0000: 794010.577: [WeakReference, 86 refs, 0.0000548 secs]2019-02-01T01:03:55.619+0000: 794010.577: [FinalReference, 519 refs, 0.0003758 secs]2019-02-01T01:03:55.620+0000: 794010.578: [PhantomReference, 0 refs, 0 refs, 0.0000199 secs]2019-02-01T01:03:55.620+0000: 794010.578: [JNI Weak Reference, 0.0000327 secs]
Desired survivor size 73924608 bytes, new threshold 1 (max 15)
[PSYoungGen: 889835K->44758K(878080K)] 3134314K->2292615K(4195328K), 0.0218220 secs] [Times: user=0.21 sys=0.00, real=0.02 secs] 
2019-02-01T01:03:55.629+0000: 794010.587: Total time for which application threads were stopped: 0.0309445 seconds, Stopping threads took: 0.0002155 seconds
2019-02-01T01:03:59.909+0000: 794014.867: Application time: 4.2803097 seconds
2019-02-01T01:03:59.918+0000: 794014.876: Total time for which application threads were stopped: 0.0090084 seconds, Stopping threads took: 0.0003078 seconds
2019-02-01T01:03:59.918+0000: 794014.876: Application time: 0.0001895 seconds
2019-02-01T01:03:59.927+0000: 794014.885: Total time for which application threads were stopped: 0.0085323 seconds, Stopping threads took: 0.0002091 seconds
2019-02-01T01:03:59.928+0000: 794014.885: Application time: 0.0006919 seconds
2019-02-01T01:03:59.936+0000: 794014.894: [GC (GCLocker Initiated GC) 2019-02-01T01:03:59.954+0000: 794014.912: [SoftReference, 0 refs, 0.0000555 secs]2019-02-01T01:03:59.954+0000: 794014.912: [WeakReference, 107 refs, 0.0000506 secs]2019-02-01T01:03:59.954+0000: 794014.912: [FinalReference, 538 refs, 0.0002334 secs]2019-02-01T01:03:59.954+0000: 794014.912: [PhantomReference, 0 refs, 0 refs, 0.0000102 secs]2019-02-01T01:03:59.954+0000: 794014.912: [JNI Weak Reference, 0.0000498 secs]
Desired survivor size 73400320 bytes, new threshold 1 (max 15)
[PSYoungGen: 877782K->46856K(884736K)] 3128978K->2309175K(4201984K), 0.0239632 secs] [Times: user=0.29 sys=0.01, real=0.03 secs] 
2019-02-01T01:03:59.960+0000: 794014.918: Total time for which application threads were stopped: 0.0327519 seconds, Stopping threads took: 0.0002079 seconds
2019-02-01T01:04:03.169+0000: 794018.127: Application time: 3.2086342 seconds
2019-02-01T01:04:03.178+0000: 794018.136: Total time for which application threads were stopped: 0.0091565 seconds, Stopping threads took: 0.0002727 seconds
2019-02-01T01:04:03.179+0000: 794018.137: Application time: 0.0008776 seconds
2019-02-01T01:04:03.188+0000: 794018.146: [GC (GCLocker Initiated GC) 2019-02-01T01:04:03.201+0000: 794018.159: [SoftReference, 0 refs, 0.0000736 secs]2019-02-01T01:04:03.201+0000: 794018.159: [WeakReference, 47 refs, 0.0000373 secs]2019-02-01T01:04:03.202+0000: 794018.159: [FinalReference, 446 refs, 0.0003407 secs]2019-02-01T01:04:03.202+0000: 794018.160: [PhantomReference, 0 refs, 0 refs, 0.0000203 secs]2019-02-01T01:04:03.202+0000: 794018.160: [JNI Weak Reference, 0.0000331 secs]
Desired survivor size 79167488 bytes, new threshold 1 (max 15)
[PSYoungGen: 870152K->62542K(876544K)] 3135824K->2335486K(4193792K), 0.0190424 secs] [Times: user=0.25 sys=0.01, real=0.02 secs] 
2019-02-01T01:04:03.207+0000: 794018.165: Total time for which application threads were stopped: 0.0282148 seconds, Stopping threads took: 0.0001501 seconds
2019-02-01T01:04:06.300+0000: 794021.258: Application time: 3.0929491 seconds
2019-02-01T01:04:06.309+0000: 794021.266: Total time for which application threads were stopped: 0.0084626 seconds, Stopping threads took: 0.0002857 seconds
2019-02-01T01:04:06.309+0000: 794021.267: Application time: 0.0006462 seconds
2019-02-01T01:04:06.318+0000: 794021.276: [GC (GCLocker Initiated GC) 2019-02-01T01:04:06.333+0000: 794021.291: [SoftReference, 0 refs, 0.0000749 secs]2019-02-01T01:04:06.333+0000: 794021.291: [WeakReference, 66 refs, 0.0000586 secs]2019-02-01T01:04:06.333+0000: 794021.291: [FinalReference, 492 refs, 0.0004301 secs]2019-02-01T01:04:06.334+0000: 794021.292: [PhantomReference, 0 refs, 0 refs, 0.0000202 secs]2019-02-01T01:04:06.334+0000: 794021.292: [JNI Weak Reference, 0.0000330 secs]
Desired survivor size 82837504 bytes, new threshold 1 (max 15)
[PSYoungGen: 876110K->61589K(879616K)] 3149080K->2338041K(4196864K), 0.0222872 secs] [Times: user=0.23 sys=0.01, real=0.03 secs] 
2019-02-01T01:04:06.341+0000: 794021.299: Total time for which application threads were stopped: 0.0315593 seconds, Stopping threads took: 0.0002858 seconds
2019-02-01T01:04:10.025+0000: 794024.983: Application time: 3.6838913 seconds
2019-02-01T01:04:10.032+0000: 794024.990: Total time for which application threads were stopped: 0.0070893 seconds, Stopping threads took: 0.0001758 seconds
2019-02-01T01:04:10.032+0000: 794024.990: Application time: 0.0005931 seconds
2019-02-01T01:04:10.041+0000: 794024.999: [GC (GCLocker Initiated GC) 2019-02-01T01:04:10.056+0000: 794025.014: [SoftReference, 0 refs, 0.0000752 secs]2019-02-01T01:04:10.056+0000: 794025.014: [WeakReference, 41 refs, 0.0000346 secs]2019-02-01T01:04:10.056+0000: 794025.014: [FinalReference, 534 refs, 0.0004526 secs]2019-02-01T01:04:10.057+0000: 794025.015: [PhantomReference, 0 refs, 0 refs, 0.0000909 secs]2019-02-01T01:04:10.057+0000: 794025.015: [JNI Weak Reference, 0.0000382 secs]
Desired survivor size 81264640 bytes, new threshold 1 (max 15)
[PSYoungGen: 865941K->31899K(827392K)] 3149054K->2318728K(4144640K), 0.0243730 secs] [Times: user=0.19 sys=0.00, real=0.02 secs] 
2019-02-01T01:04:10.066+0000: 794025.024: Total time for which application threads were stopped: 0.0335643 seconds, Stopping threads took: 0.0002940 seconds
2019-02-01T01:04:12.748+0000: 794027.706: Application time: 2.6818806 seconds
2019-02-01T01:04:12.757+0000: 794027.715: Total time for which application threads were stopped: 0.0090396 seconds, Stopping threads took: 0.0002392 seconds
2019-02-01T01:04:12.758+0000: 794027.716: Application time: 0.0009583 seconds
2019-02-01T01:04:12.767+0000: 794027.725: [GC (GCLocker Initiated GC) 2019-02-01T01:04:12.789+0000: 794027.746: [SoftReference, 0 refs, 0.0000877 secs]2019-02-01T01:04:12.789+0000: 794027.746: [WeakReference, 4 refs, 0.0000199 secs]2019-02-01T01:04:12.789+0000: 794027.746: [FinalReference, 422 refs, 0.0002826 secs]2019-02-01T01:04:12.789+0000: 794027.747: [PhantomReference, 0 refs, 0 refs, 0.0000191 secs]2019-02-01T01:04:12.789+0000: 794027.747: [JNI Weak Reference, 0.0000327 secs]
Desired survivor size 95420416 bytes, new threshold 1 (max 15)
[PSYoungGen: 827035K->79349K(860672K)] 3113907K->2377442K(4177920K), 0.0269159 secs] [Times: user=0.37 sys=0.00, real=0.03 secs] 
2019-02-01T01:04:12.794+0000: 794027.752: Total time for which application threads were stopped: 0.0365735 seconds, Stopping threads took: 0.0002461 seconds
2019-02-01T01:04:14.706+0000: 794029.663: Application time: 1.9111575 seconds
2019-02-01T01:04:14.714+0000: 794029.672: Total time for which application threads were stopped: 0.0086219 seconds, Stopping threads took: 0.0002523 seconds
2019-02-01T01:04:14.715+0000: 794029.673: Application time: 0.0004853 seconds
2019-02-01T01:04:14.723+0000: 794029.681: [GC (GCLocker Initiated GC) 2019-02-01T01:04:14.738+0000: 794029.696: [SoftReference, 0 refs, 0.0000756 secs]2019-02-01T01:04:14.738+0000: 794029.696: [WeakReference, 30 refs, 0.0000336 secs]2019-02-01T01:04:14.738+0000: 794029.696: [FinalReference, 440 refs, 0.0003173 secs]2019-02-01T01:04:14.739+0000: 794029.696: [PhantomReference, 0 refs, 0 refs, 0.0000283 secs]2019-02-01T01:04:14.739+0000: 794029.696: [JNI Weak Reference, 0.0000331 secs]
Desired survivor size 91226112 bytes, new threshold 1 (max 15)
[PSYoungGen: 860661K->45074K(818176K)] 3165409K->2355215K(4135424K), 0.0209673 secs] [Times: user=0.23 sys=0.01, real=0.02 secs] 
2019-02-01T01:04:14.745+0000: 794029.703: Total time for which application threads were stopped: 0.0300580 seconds, Stopping threads took: 0.0002443 seconds
2019-02-01T01:04:17.612+0000: 794032.570: Application time: 2.8670768 seconds
2019-02-01T01:04:17.623+0000: 794032.581: Total time for which application threads were stopped: 0.0110332 seconds, Stopping threads took: 0.0021324 seconds
2019-02-01T01:04:17.624+0000: 794032.582: Application time: 0.0008601 seconds
2019-02-01T01:04:17.632+0000: 794032.590: [GC (GCLocker Initiated GC) 2019-02-01T01:04:17.644+0000: 794032.602: [SoftReference, 0 refs, 0.0000530 secs]2019-02-01T01:04:17.644+0000: 794032.602: [WeakReference, 9 refs, 0.0000138 secs]2019-02-01T01:04:17.644+0000: 794032.602: [FinalReference, 403 refs, 0.0001989 secs]2019-02-01T01:04:17.644+0000: 794032.602: [PhantomReference, 0 refs, 1 refs, 0.0000109 secs]2019-02-01T01:04:17.645+0000: 794032.602: [JNI Weak Reference, 0.0000196 secs]
Desired survivor size 88080384 bytes, new threshold 1 (max 15)
[PSYoungGen: 817682K->41574K(838144K)] 3134485K->2362483K(4155392K), 0.0183743 secs] [Times: user=0.22 sys=0.01, real=0.02 secs] 
2019-02-01T01:04:17.651+0000: 794032.609: Total time for which application threads were stopped: 0.0271740 seconds, Stopping threads took: 0.0004701 seconds
2019-02-01T01:04:20.206+0000: 794035.164: Application time: 2.5554280 seconds
2019-02-01T01:04:20.215+0000: 794035.173: Total time for which application threads were stopped: 0.0089976 seconds, Stopping threads took: 0.0003736 seconds
2019-02-01T01:04:20.216+0000: 794035.174: Application time: 0.0009894 seconds
2019-02-01T01:04:20.226+0000: 794035.183: [GC (GCLocker Initiated GC) 2019-02-01T01:04:20.247+0000: 794035.204: [SoftReference, 0 refs, 0.0000713 secs]2019-02-01T01:04:20.247+0000: 794035.205: [WeakReference, 46 refs, 0.0000444 secs]2019-02-01T01:04:20.247+0000: 794035.205: [FinalReference, 415 refs, 0.0003211 secs]2019-02-01T01:04:20.247+0000: 794035.205: [PhantomReference, 0 refs, 1 refs, 0.0000203 secs]2019-02-01T01:04:20.247+0000: 794035.205: [JNI Weak Reference, 0.0000330 secs]
Desired survivor size 86507520 bytes, new threshold 1 (max 15)
[PSYoungGen: 805478K->52649K(808448K)] 3129744K->2379878K(4125696K), 0.0297712 secs] [Times: user=0.29 sys=0.02, real=0.03 secs] 
2019-02-01T01:04:20.256+0000: 794035.214: Total time for which application threads were stopped: 0.0393645 seconds, Stopping threads took: 0.0004229 seconds
2019-02-01T01:04:22.723+0000: 794037.681: Application time: 2.4671566 seconds
2019-02-01T01:04:22.732+0000: 794037.690: Total time for which application threads were stopped: 0.0095764 seconds, Stopping threads took: 0.0018201 seconds
2019-02-01T01:04:22.734+0000: 794037.692: Application time: 0.0012738 seconds
2019-02-01T01:04:22.741+0000: 794037.699: [GC (GCLocker Initiated GC) 2019-02-01T01:04:22.757+0000: 794037.715: [SoftReference, 0 refs, 0.0000764 secs]2019-02-01T01:04:22.757+0000: 794037.715: [WeakReference, 4 refs, 0.0000200 secs]2019-02-01T01:04:22.757+0000: 794037.715: [FinalReference, 472 refs, 0.0004119 secs]2019-02-01T01:04:22.758+0000: 794037.715: [PhantomReference, 0 refs, 0 refs, 0.0000238 secs]2019-02-01T01:04:22.758+0000: 794037.716: [JNI Weak Reference, 0.0000394 secs]
Desired survivor size 91226112 bytes, new threshold 1 (max 15)
[PSYoungGen: 808361K->69952K(835584K)] 3135937K->2404260K(4152832K), 0.0220505 secs] [Times: user=0.29 sys=0.00, real=0.03 secs] 
2019-02-01T01:04:22.763+0000: 794037.721: Total time for which application threads were stopped: 0.0296804 seconds, Stopping threads took: 0.0003152 seconds
2019-02-01T01:04:25.017+0000: 794039.974: Application time: 2.2532312 seconds
2019-02-01T01:04:25.026+0000: 794039.984: Total time for which application threads were stopped: 0.0090685 seconds, Stopping threads took: 0.0003988 seconds
2019-02-01T01:04:25.027+0000: 794039.984: Application time: 0.0008575 seconds
2019-02-01T01:04:25.036+0000: 794039.994: [GC (GCLocker Initiated GC) 2019-02-01T01:04:25.051+0000: 794040.009: [SoftReference, 0 refs, 0.0000731 secs]2019-02-01T01:04:25.051+0000: 794040.009: [WeakReference, 46 refs, 0.0000346 secs]2019-02-01T01:04:25.051+0000: 794040.009: [FinalReference, 384 refs, 0.0003120 secs]2019-02-01T01:04:25.052+0000: 794040.009: [PhantomReference, 0 refs, 1 refs, 0.0000205 secs]2019-02-01T01:04:25.052+0000: 794040.010: [JNI Weak Reference, 0.0000336 secs]
Desired survivor size 92798976 bytes, new threshold 1 (max 15)
[PSYoungGen: 821056K->64201K(840192K)] 3158720K->2405034K(4157440K), 0.0212689 secs] [Times: user=0.28 sys=0.00, real=0.02 secs] 
2019-02-01T01:04:25.057+0000: 794040.015: Total time for which application threads were stopped: 0.0308555 seconds, Stopping threads took: 0.0004569 seconds
2019-02-01T01:04:27.423+0000: 794042.381: Application time: 2.3655984 seconds
2019-02-01T01:04:27.432+0000: 794042.390: Total time for which application threads were stopped: 0.0088158 seconds, Stopping threads took: 0.0003106 seconds
2019-02-01T01:04:27.433+0000: 794042.391: Application time: 0.0009822 seconds
2019-02-01T01:04:27.442+0000: 794042.400: [GC (GCLocker Initiated GC) 2019-02-01T01:04:27.461+0000: 794042.419: [SoftReference, 0 refs, 0.0000824 secs]2019-02-01T01:04:27.461+0000: 794042.419: [WeakReference, 11 refs, 0.0000166 secs]2019-02-01T01:04:27.461+0000: 794042.419: [FinalReference, 452 refs, 0.0002386 secs]2019-02-01T01:04:27.461+0000: 794042.419: [PhantomReference, 0 refs, 0 refs, 0.0000102 secs]2019-02-01T01:04:27.461+0000: 794042.419: [JNI Weak Reference, 0.0000195 secs]
Desired survivor size 90177536 bytes, new threshold 1 (max 15)
[PSYoungGen: 815305K->43657K(955904K)] 3159588K->2389958K(4273152K), 0.0230711 secs] [Times: user=0.29 sys=0.08, real=0.02 secs] 
2019-02-01T01:04:27.465+0000: 794042.423: Total time for which application threads were stopped: 0.0322462 seconds, Stopping threads took: 0.0002514 seconds
2019-02-01T01:04:30.479+0000: 794045.436: Application time: 3.0135165 seconds
2019-02-01T01:04:30.488+0000: 794045.445: Total time for which application threads were stopped: 0.0089537 seconds, Stopping threads took: 0.0003248 seconds
2019-02-01T01:04:30.488+0000: 794045.446: Application time: 0.0006257 seconds
2019-02-01T01:04:30.497+0000: 794045.455: [GC (GCLocker Initiated GC) 2019-02-01T01:04:30.510+0000: 794045.468: [SoftReference, 0 refs, 0.0000927 secs]2019-02-01T01:04:30.510+0000: 794045.468: [WeakReference, 16 refs, 0.0000262 secs]2019-02-01T01:04:30.510+0000: 794045.468: [FinalReference, 517 refs, 0.0004340 secs]2019-02-01T01:04:30.511+0000: 794045.468: [PhantomReference, 0 refs, 0 refs, 0.0000197 secs]2019-02-01T01:04:30.511+0000: 794045.468: [JNI Weak Reference, 0.0000582 secs]
Desired survivor size 89653248 bytes, new threshold 1 (max 15)
[PSYoungGen: 913033K->28929K(957440K)] 3269323K->2388466K(4274688K), 0.0188390 secs] [Times: user=0.22 sys=0.01, real=0.02 secs] 
2019-02-01T01:04:30.516+0000: 794045.474: Total time for which application threads were stopped: 0.0280678 seconds, Stopping threads took: 0.0003201 seconds
2019-02-01T01:04:33.808+0000: 794048.766: Application time: 3.2914733 seconds
2019-02-01T01:04:33.817+0000: 794048.774: Total time for which application threads were stopped: 0.0088183 seconds, Stopping threads took: 0.0002372 seconds
2019-02-01T01:04:33.817+0000: 794048.775: Application time: 0.0007641 seconds
2019-02-01T01:04:33.826+0000: 794048.784: [GC (GCLocker Initiated GC) 2019-02-01T01:04:36.993+0000: 794051.951: [SoftReference, 0 refs, 0.0000527 secs]2019-02-01T01:04:36.993+0000: 794051.951: [WeakReference, 35 refs, 0.0000247 secs]2019-02-01T01:04:36.993+0000: 794051.951: [FinalReference, 572 refs, 0.0002711 secs]2019-02-01T01:04:36.994+0000: 794051.952: [PhantomReference, 0 refs, 0 refs, 0.0000101 secs]2019-02-01T01:04:36.994+0000: 794051.952: [JNI Weak Reference, 0.0000197 secs]
Desired survivor size 91750400 bytes, new threshold 1 (max 15)
[PSYoungGen: 898305K->63663K(1089024K)] 3257925K->2426038K(4406272K), 3.1708560 secs] [Times: user=42.62 sys=27.77, real=3.17 secs] 
2019-02-01T01:04:36.997+0000: 794051.955: Total time for which application threads were stopped: 3.1799822 seconds, Stopping threads took: 0.0002014 seconds
2019-02-01T01:04:40.910+0000: 794055.868: Application time: 3.9129177 seconds
2019-02-01T01:04:43.670+0000: 794058.627: Total time for which application threads were stopped: 2.7593197 seconds, Stopping threads took: 2.7503987 seconds
2019-02-01T01:04:43.685+0000: 794058.642: Application time: 0.0150364 seconds
2019-02-01T01:04:43.695+0000: 794058.653: [GC (GCLocker Initiated GC) 2019-02-01T01:04:43.723+0000: 794058.681: [SoftReference, 0 refs, 0.0000542 secs]2019-02-01T01:04:43.723+0000: 794058.681: [WeakReference, 35 refs, 0.0000242 secs]2019-02-01T01:04:43.723+0000: 794058.681: [FinalReference, 599 refs, 0.0014420 secs]2019-02-01T01:04:43.725+0000: 794058.682: [PhantomReference, 0 refs, 4 refs, 0.0000201 secs]2019-02-01T01:04:43.725+0000: 794058.683: [JNI Weak Reference, 0.0000199 secs]
Desired survivor size 112197632 bytes, new threshold 1 (max 15)
[PSYoungGen: 1065135K->89599K(1091072K)] 3440407K->2489432K(4408320K), 0.0331166 secs] [Times: user=0.00 sys=0.00, real=0.03 secs] 
2019-02-01T01:04:43.728+0000: 794058.686: Total time for which application threads were stopped: 0.0437527 seconds, Stopping threads took: 0.0004733 seconds
2019-02-01T01:04:43.767+0000: 794058.725: Application time: 0.0386157 seconds
2019-02-01T01:04:43.776+0000: 794058.734: Total time for which application threads were stopped: 0.0091967 seconds, Stopping threads took: 0.0009621 seconds
2019-02-01T01:04:46.136+0000: 794061.094: Application time: 2.3596667 seconds
2019-02-01T01:04:46.145+0000: 794061.103: Total time for which application threads were stopped: 0.0090813 seconds, Stopping threads took: 0.0002730 seconds
2019-02-01T01:04:46.145+0000: 794061.103: Application time: 0.0001172 seconds
2019-02-01T01:04:46.153+0000: 794061.111: Total time for which application threads were stopped: 0.0076731 seconds, Stopping threads took: 0.0000927 seconds
2019-02-01T01:04:46.154+0000: 794061.112: Application time: 0.0010202 seconds
2019-02-01T01:04:46.161+0000: 794061.119: [GC (GCLocker Initiated GC) 2019-02-01T01:04:46.183+0000: 794061.141: [SoftReference, 0 refs, 0.0000565 secs]2019-02-01T01:04:46.183+0000: 794061.141: [WeakReference, 36 refs, 0.0000245 secs]2019-02-01T01:04:46.183+0000: 794061.141: [FinalReference, 537 refs, 0.0003036 secs]2019-02-01T01:04:46.183+0000: 794061.141: [PhantomReference, 0 refs, 0 refs, 0.0000114 secs]2019-02-01T01:04:46.183+0000: 794061.141: [JNI Weak Reference, 0.0000213 secs]
Desired survivor size 106954752 bytes, new threshold 1 (max 15)
[PSYoungGen: 1091071K->53326K(1294848K)] 3490939K->2460882K(4612096K), 0.0256097 secs] [Times: user=0.30 sys=0.08, real=0.03 secs] 
2019-02-01T01:04:46.187+0000: 794061.145: Total time for which application threads were stopped: 0.0329947 seconds, Stopping threads took: 0.0002196 seconds
2019-02-01T01:04:49.930+0000: 794064.887: Application time: 3.7428315 seconds
2019-02-01T01:04:49.939+0000: 794064.897: Total time for which application threads were stopped: 0.0093896 seconds, Stopping threads took: 0.0002648 seconds
2019-02-01T01:04:49.940+0000: 794064.898: Application time: 0.0009276 seconds
2019-02-01T01:04:49.949+0000: 794064.907: [GC (GCLocker Initiated GC) 2019-02-01T01:04:49.971+0000: 794064.929: [SoftReference, 0 refs, 0.0000462 secs]2019-02-01T01:04:49.971+0000: 794064.929: [WeakReference, 51 refs, 0.0000259 secs]2019-02-01T01:04:49.971+0000: 794064.929: [FinalReference, 641 refs, 0.0004158 secs]2019-02-01T01:04:49.972+0000: 794064.929: [PhantomReference, 0 refs, 0 refs, 0.0000165 secs]2019-02-01T01:04:49.972+0000: 794064.929: [JNI Weak Reference, 0.0000245 secs]
Desired survivor size 103809024 bytes, new threshold 1 (max 15)
[PSYoungGen: 1249870K->60370K(1300992K)] 3657533K->2475049K(4618240K), 0.0263265 secs] [Times: user=0.34 sys=0.10, real=0.03 secs] 
2019-02-01T01:04:49.976+0000: 794064.934: Total time for which application threads were stopped: 0.0357788 seconds, Stopping threads took: 0.0003187 seconds
2019-02-01T01:04:54.266+0000: 794069.224: Application time: 4.2906059 seconds
2019-02-01T01:04:54.274+0000: 794069.232: Total time for which application threads were stopped: 0.0076905 seconds, Stopping threads took: 0.0003091 seconds
2019-02-01T01:04:54.275+0000: 794069.232: Application time: 0.0004525 seconds
2019-02-01T01:04:54.282+0000: 794069.239: [GC (GCLocker Initiated GC) 2019-02-01T01:04:54.296+0000: 794069.254: [SoftReference, 0 refs, 0.0000554 secs]2019-02-01T01:04:54.296+0000: 794069.254: [WeakReference, 32 refs, 0.0000227 secs]2019-02-01T01:04:54.296+0000: 794069.254: [FinalReference, 735 refs, 0.0004712 secs]2019-02-01T01:04:54.296+0000: 794069.254: [PhantomReference, 0 refs, 0 refs, 0.0000104 secs]2019-02-01T01:04:54.296+0000: 794069.254: [JNI Weak Reference, 0.0000188 secs]
Desired survivor size 105381888 bytes, new threshold 1 (max 15)
[PSYoungGen: 1256914K->19998K(1525760K)] 3674994K->2441424K(4843008K), 0.0179715 secs] [Times: user=0.25 sys=0.04, real=0.02 secs] 
2019-02-01T01:04:54.300+0000: 794069.258: Total time for which application threads were stopped: 0.0253781 seconds, Stopping threads took: 0.0002194 seconds
2019-02-01T01:05:01.265+0000: 794076.223: Application time: 6.9652016 seconds
2019-02-01T01:05:04.549+0000: 794079.506: [GC (Allocation Failure) 2019-02-01T01:05:04.571+0000: 794079.529: [SoftReference, 0 refs, 0.0000519 secs]2019-02-01T01:05:04.571+0000: 794079.529: [WeakReference, 16 refs, 0.0000210 secs]2019-02-01T01:05:04.571+0000: 794079.529: [FinalReference, 859 refs, 0.0005852 secs]2019-02-01T01:05:04.572+0000: 794079.530: [PhantomReference, 0 refs, 0 refs, 0.0000140 secs]2019-02-01T01:05:04.572+0000: 794079.530: [JNI Weak Reference, 0.0000237 secs]
Desired survivor size 104857600 bytes, new threshold 1 (max 15)
[PSYoungGen: 1444382K->64148K(1527296K)] 3892346K->2514379K(4844544K), 0.0279713 secs] [Times: user=0.00 sys=0.00, real=0.02 secs] 
2019-02-01T01:05:04.577+0000: 794079.535: Total time for which application threads were stopped: 3.3115839 seconds, Stopping threads took: 3.2767774 seconds
2019-02-01T01:05:07.967+0000: 794082.925: Application time: 3.3903462 seconds
2019-02-01T01:05:07.973+0000: 794082.931: Total time for which application threads were stopped: 0.0061283 seconds, Stopping threads took: 0.0003838 seconds
2019-02-01T01:05:07.974+0000: 794082.932: Application time: 0.0008033 seconds
2019-02-01T01:05:07.983+0000: 794082.941: [GC (GCLocker Initiated GC) 2019-02-01T01:05:08.003+0000: 794082.961: [SoftReference, 0 refs, 0.0000464 secs]2019-02-01T01:05:08.003+0000: 794082.961: [WeakReference, 11 refs, 0.0000143 secs]2019-02-01T01:05:08.003+0000: 794082.961: [FinalReference, 776 refs, 0.0034946 secs]2019-02-01T01:05:08.006+0000: 794082.964: [PhantomReference, 0 refs, 0 refs, 0.0000130 secs]2019-02-01T01:05:08.006+0000: 794082.964: [JNI Weak Reference, 0.0000187 secs]
Desired survivor size 105906176 bytes, new threshold 1 (max 15)
[PSYoungGen: 1487832K->70215K(1787904K)] 3941383K->2528912K(5105152K), 0.0271357 secs] [Times: user=0.27 sys=0.14, real=0.03 secs] 
2019-02-01T01:05:08.010+0000: 794082.968: Total time for which application threads were stopped: 0.0360579 seconds, Stopping threads took: 0.0029822 seconds
2019-02-01T01:05:13.073+0000: 794088.031: Application time: 5.0626868 seconds
2019-02-01T01:05:15.054+0000: 794090.012: Total time for which application threads were stopped: 1.9811823 seconds, Stopping threads took: 1.9734352 seconds
2019-02-01T01:05:15.068+0000: 794090.026: Application time: 0.0140438 seconds
2019-02-01T01:05:15.084+0000: 794090.042: [GC (GCLocker Initiated GC) 2019-02-01T01:05:17.258+0000: 794092.216: [SoftReference, 0 refs, 0.0000587 secs]2019-02-01T01:05:17.258+0000: 794092.216: [WeakReference, 54 refs, 0.0000432 secs]2019-02-01T01:05:17.258+0000: 794092.216: [FinalReference, 964 refs, 0.0056116 secs]2019-02-01T01:05:17.264+0000: 794092.222: [PhantomReference, 0 refs, 1 refs, 0.0000240 secs]2019-02-01T01:05:17.264+0000: 794092.222: [JNI Weak Reference, 0.0000249 secs]
Desired survivor size 118489088 bytes, new threshold 1 (max 15)
[PSYoungGen: 1757767K->101377K(1790976K)] 4255811K->2604893K(5108224K), 2.1839117 secs] [Times: user=19.25 sys=28.50, real=2.18 secs] 
2019-02-01T01:05:17.268+0000: 794092.226: Total time for which application threads were stopped: 2.2003905 seconds, Stopping threads took: 0.0071854 seconds
2019-02-01T01:05:21.841+0000: 794096.799: Application time: 4.5727085 seconds
2019-02-01T01:05:21.848+0000: 794096.806: Total time for which application threads were stopped: 0.0068219 seconds, Stopping threads took: 0.0002615 seconds
2019-02-01T01:05:21.848+0000: 794096.806: Application time: 0.0004803 seconds
2019-02-01T01:05:21.855+0000: 794096.813: [GC (GCLocker Initiated GC) 2019-02-01T01:05:22.965+0000: 794097.923: [SoftReference, 0 refs, 0.0000621 secs]2019-02-01T01:05:22.965+0000: 794097.923: [WeakReference, 66 refs, 0.0000412 secs]2019-02-01T01:05:22.965+0000: 794097.923: [FinalReference, 937 refs, 0.0005383 secs]2019-02-01T01:05:22.966+0000: 794097.924: [PhantomReference, 0 refs, 0 refs, 0.0000104 secs]2019-02-01T01:05:22.966+0000: 794097.924: [JNI Weak Reference, 0.0000192 secs]
Desired survivor size 119537664 bytes, new threshold 1 (max 15)
[PSYoungGen: 1788929K->77733K(1804288K)] 4292465K->2585836K(5121536K), 1.1138839 secs] [Times: user=20.99 sys=3.44, real=1.11 secs] 
2019-02-01T01:05:22.969+0000: 794097.927: Total time for which application threads were stopped: 1.1208470 seconds, Stopping threads took: 0.0002662 seconds
2019-02-01T01:05:27.326+0000: 794102.284: Application time: 4.3568387 seconds
2019-02-01T01:05:27.335+0000: 794102.292: Total time for which application threads were stopped: 0.0084443 seconds, Stopping threads took: 0.0014642 seconds
2019-02-01T01:05:27.335+0000: 794102.293: Application time: 0.0007290 seconds
2019-02-01T01:05:27.342+0000: 794102.300: [GC (GCLocker Initiated GC) 2019-02-01T01:05:27.359+0000: 794102.317: [SoftReference, 0 refs, 0.0000605 secs]2019-02-01T01:05:27.359+0000: 794102.317: [WeakReference, 14 refs, 0.0000172 secs]2019-02-01T01:05:27.359+0000: 794102.317: [FinalReference, 761 refs, 0.0006076 secs]2019-02-01T01:05:27.360+0000: 794102.317: [PhantomReference, 0 refs, 0 refs, 0.0000124 secs]2019-02-01T01:05:27.360+0000: 794102.318: [JNI Weak Reference, 0.0000194 secs]
Desired survivor size 120061952 bytes, new threshold 1 (max 15)
[PSYoungGen: 1766309K->77978K(1766912K)] 4274451K->2594674K(5084160K), 0.0209242 secs] [Times: user=0.33 sys=0.01, real=0.02 secs] 
2019-02-01T01:05:27.363+0000: 794102.321: Total time for which application threads were stopped: 0.0278907 seconds, Stopping threads took: 0.0001921 seconds
2019-02-01T01:05:32.750+0000: 794107.708: Application time: 5.3867688 seconds
2019-02-01T01:05:32.758+0000: 794107.716: Total time for which application threads were stopped: 0.0081329 seconds, Stopping threads took: 0.0003892 seconds
2019-02-01T01:05:32.759+0000: 794107.716: Application time: 0.0005851 seconds
2019-02-01T01:05:32.765+0000: 794107.722: [GC (GCLocker Initiated GC) 2019-02-01T01:05:32.783+0000: 794107.740: [SoftReference, 0 refs, 0.0000503 secs]2019-02-01T01:05:32.783+0000: 794107.741: [WeakReference, 8 refs, 0.0000148 secs]2019-02-01T01:05:32.783+0000: 794107.741: [FinalReference, 965 refs, 0.0004814 secs]2019-02-01T01:05:32.783+0000: 794107.741: [PhantomReference, 0 refs, 0 refs, 0.0000099 secs]2019-02-01T01:05:32.783+0000: 794107.741: [JNI Weak Reference, 0.0000183 secs]
Desired survivor size 119013376 bytes, new threshold 1 (max 15)
[PSYoungGen: 1766554K->38441K(1805824K)] 4289915K->2572940K(5123072K), 0.0219137 secs] [Times: user=0.36 sys=0.00, real=0.02 secs] 
2019-02-01T01:05:32.787+0000: 794107.745: Total time for which application threads were stopped: 0.0280589 seconds, Stopping threads took: 0.0002574 seconds
2019-02-01T01:05:38.416+0000: 794113.374: Application time: 5.6290377 seconds
2019-02-01T01:05:38.421+0000: 794113.379: Total time for which application threads were stopped: 0.0055866 seconds, Stopping threads took: 0.0001465 seconds
2019-02-01T01:05:38.422+0000: 794113.380: Application time: 0.0005621 seconds
2019-02-01T01:05:38.427+0000: 794113.385: [GC (GCLocker Initiated GC) 2019-02-01T01:05:38.440+0000: 794113.398: [SoftReference, 0 refs, 0.0000706 secs]2019-02-01T01:05:38.440+0000: 794113.398: [WeakReference, 23 refs, 0.0000264 secs]2019-02-01T01:05:38.440+0000: 794113.398: [FinalReference, 963 refs, 0.0008570 secs]2019-02-01T01:05:38.441+0000: 794113.399: [PhantomReference, 0 refs, 0 refs, 0.0000198 secs]2019-02-01T01:05:38.441+0000: 794113.399: [JNI Weak Reference, 0.0000318 secs]
Desired survivor size 119537664 bytes, new threshold 1 (max 15)
[PSYoungGen: 1727017K->23881K(1804800K)] 4261532K->2562140K(5122048K), 0.0183422 secs] [Times: user=0.24 sys=0.00, real=0.02 secs] 
2019-02-01T01:05:38.446+0000: 794113.404: Total time for which application threads were stopped: 0.0241961 seconds, Stopping threads took: 0.0001523 seconds
2019-02-01T01:05:40.370+0000: 794115.328: Application time: 1.9238263 seconds
2019-02-01T01:05:40.378+0000: 794115.336: Total time for which application threads were stopped: 0.0080139 seconds, Stopping threads took: 0.0002147 seconds
2019-02-01T01:05:43.689+0000: 794118.646: Application time: 3.3105786 seconds
2019-02-01T01:05:43.697+0000: 794118.654: Total time for which application threads were stopped: 0.0080001 seconds, Stopping threads took: 0.0011058 seconds
2019-02-01T01:05:43.697+0000: 794118.655: Application time: 0.0008282 seconds
2019-02-01T01:05:43.704+0000: 794118.662: [GC (GCLocker Initiated GC) 2019-02-01T01:05:43.723+0000: 794118.681: [SoftReference, 0 refs, 0.0000654 secs]2019-02-01T01:05:43.723+0000: 794118.681: [WeakReference, 19 refs, 0.0000215 secs]2019-02-01T01:05:43.723+0000: 794118.681: [FinalReference, 952 refs, 0.0005387 secs]2019-02-01T01:05:43.723+0000: 794118.681: [PhantomReference, 0 refs, 1 refs, 0.0000125 secs]2019-02-01T01:05:43.723+0000: 794118.681: [JNI Weak Reference, 0.0000203 secs]
Desired survivor size 114294784 bytes, new threshold 1 (max 15)
[PSYoungGen: 1712457K->58603K(1796096K)] 4265584K->2615753K(5113344K), 0.0222227 secs] [Times: user=0.37 sys=0.01, real=0.02 secs] 
2019-02-01T01:05:43.727+0000: 794118.685: Total time for which application threads were stopped: 0.0294664 seconds, Stopping threads took: 0.0002491 seconds
2019-02-01T01:05:49.086+0000: 794124.044: Application time: 5.3588252 seconds
2019-02-01T01:05:49.094+0000: 794124.052: Total time for which application threads were stopped: 0.0087077 seconds, Stopping threads took: 0.0002975 seconds
2019-02-01T01:05:49.095+0000: 794124.053: Application time: 0.0005772 seconds
2019-02-01T01:05:49.104+0000: 794124.062: [GC (GCLocker Initiated GC) 2019-02-01T01:05:49.118+0000: 794124.076: [SoftReference, 0 refs, 0.0000759 secs]2019-02-01T01:05:49.118+0000: 794124.076: [WeakReference, 0 refs, 0.0000163 secs]2019-02-01T01:05:49.118+0000: 794124.076: [FinalReference, 946 refs, 0.0008147 secs]2019-02-01T01:05:49.119+0000: 794124.077: [PhantomReference, 0 refs, 0 refs, 0.0000238 secs]2019-02-01T01:05:49.119+0000: 794124.077: [JNI Weak Reference, 0.0000328 secs]
Desired survivor size 113770496 bytes, new threshold 1 (max 15)
[PSYoungGen: 1747691K->29527K(1800704K)] 4308183K->2594334K(5117952K), 0.0201293 secs] [Times: user=0.23 sys=0.01, real=0.02 secs] 
2019-02-01T01:05:49.124+0000: 794124.082: Total time for which application threads were stopped: 0.0293395 seconds, Stopping threads took: 0.0002401 seconds
2019-02-01T01:05:54.696+0000: 794129.654: Application time: 5.5715306 seconds
2019-02-01T01:05:54.705+0000: 794129.663: Total time for which application threads were stopped: 0.0092941 seconds, Stopping threads took: 0.0027241 seconds
2019-02-01T01:05:54.707+0000: 794129.665: Application time: 0.0020388 seconds
2019-02-01T01:05:54.714+0000: 794129.672: [GC (GCLocker Initiated GC) 2019-02-01T01:05:54.737+0000: 794129.695: [SoftReference, 0 refs, 0.0000654 secs]2019-02-01T01:05:54.737+0000: 794129.695: [WeakReference, 41 refs, 0.0000273 secs]2019-02-01T01:05:54.737+0000: 794129.695: [FinalReference, 991 refs, 0.0005491 secs]2019-02-01T01:05:54.738+0000: 794129.695: [PhantomReference, 0 refs, 1 refs, 0.0000113 secs]2019-02-01T01:05:54.738+0000: 794129.695: [JNI Weak Reference, 0.0000196 secs]
Desired survivor size 126877696 bytes, new threshold 1 (max 15)
[PSYoungGen: 1718615K->104631K(1785344K)] 4283494K->2672773K(5102592K), 0.0269614 secs] [Times: user=0.39 sys=0.06, real=0.03 secs] 
2019-02-01T01:05:54.741+0000: 794129.699: Total time for which application threads were stopped: 0.0337271 seconds, Stopping threads took: 0.0002043 seconds
2019-02-01T01:05:59.318+0000: 794134.276: Application time: 4.5771277 seconds
2019-02-01T01:05:59.331+0000: 794134.289: Total time for which application threads were stopped: 0.0130393 seconds, Stopping threads took: 0.0048597 seconds
2019-02-01T01:05:59.332+0000: 794134.290: Application time: 0.0009358 seconds
2019-02-01T01:05:59.341+0000: 794134.299: [GC (GCLocker Initiated GC) 2019-02-01T01:05:59.355+0000: 794134.313: [SoftReference, 0 refs, 0.0000801 secs]2019-02-01T01:05:59.355+0000: 794134.313: [WeakReference, 53 refs, 0.0000426 secs]2019-02-01T01:05:59.355+0000: 794134.313: [FinalReference, 887 refs, 0.0006450 secs]2019-02-01T01:05:59.356+0000: 794134.313: [PhantomReference, 0 refs, 1 refs, 0.0000212 secs]2019-02-01T01:05:59.356+0000: 794134.313: [JNI Weak Reference, 0.0000326 secs]
Desired survivor size 122683392 bytes, new threshold 1 (max 15)
[PSYoungGen: 1778871K->46386K(1798144K)] 4350480K->2622629K(5115392K), 0.0197563 secs] [Times: user=0.26 sys=0.00, real=0.02 secs] 
2019-02-01T01:05:59.361+0000: 794134.319: Total time for which application threads were stopped: 0.0288587 seconds, Stopping threads took: 0.0002235 seconds
2019-02-01T01:06:05.123+0000: 794140.081: Application time: 5.7624437 seconds
2019-02-01T01:06:05.132+0000: 794140.090: Total time for which application threads were stopped: 0.0088406 seconds, Stopping threads took: 0.0003370 seconds
2019-02-01T01:06:05.133+0000: 794140.091: Application time: 0.0006107 seconds
2019-02-01T01:06:05.142+0000: 794140.100: [GC (GCLocker Initiated GC) 2019-02-01T01:06:05.158+0000: 794140.116: [SoftReference, 0 refs, 0.0000786 secs]2019-02-01T01:06:05.158+0000: 794140.116: [WeakReference, 34 refs, 0.0000352 secs]2019-02-01T01:06:05.158+0000: 794140.116: [FinalReference, 947 refs, 0.0037107 secs]2019-02-01T01:06:05.162+0000: 794140.120: [PhantomReference, 0 refs, 0 refs, 0.0000293 secs]2019-02-01T01:06:05.162+0000: 794140.120: [JNI Weak Reference, 0.0000331 secs]
Desired survivor size 118489088 bytes, new threshold 1 (max 15)
[PSYoungGen: 1720626K->64330K(1785856K)] 4300209K->2648414K(5103104K), 0.0260537 secs] [Times: user=0.32 sys=0.00, real=0.03 secs] 
2019-02-01T01:06:05.168+0000: 794140.126: Total time for which application threads were stopped: 0.0354830 seconds, Stopping threads took: 0.0003112 seconds
2019-02-01T01:06:10.807+0000: 794145.765: Application time: 5.6388636 seconds
2019-02-01T01:06:10.815+0000: 794145.773: Total time for which application threads were stopped: 0.0081412 seconds, Stopping threads took: 0.0003456 seconds
2019-02-01T01:06:10.816+0000: 794145.774: Application time: 0.0009562 seconds
2019-02-01T01:06:10.823+0000: 794145.781: [GC (GCLocker Initiated GC) 2019-02-01T01:06:10.835+0000: 794145.793: [SoftReference, 0 refs, 0.0000815 secs]2019-02-01T01:06:10.836+0000: 794145.793: [WeakReference, 39 refs, 0.0000373 secs]2019-02-01T01:06:10.836+0000: 794145.793: [FinalReference, 960 refs, 0.0006899 secs]2019-02-01T01:06:10.836+0000: 794145.794: [PhantomReference, 0 refs, 1 refs, 0.0000206 secs]2019-02-01T01:06:10.836+0000: 794145.794: [JNI Weak Reference, 0.0000324 secs]
Desired survivor size 117440512 bytes, new threshold 1 (max 15)
[PSYoungGen: 1742666K->31925K(1794048K)] 4330127K->2622598K(5111296K), 0.0180336 secs] [Times: user=0.24 sys=0.00, real=0.02 secs] 
2019-02-01T01:06:10.842+0000: 794145.800: Total time for which application threads were stopped: 0.0254069 seconds, Stopping threads took: 0.0004692 seconds
2019-02-01T01:06:16.331+0000: 794151.289: Application time: 5.4895534 seconds
2019-02-01T01:06:16.340+0000: 794151.298: Total time for which application threads were stopped: 0.0090436 seconds, Stopping threads took: 0.0004592 seconds
2019-02-01T01:06:16.341+0000: 794151.299: Application time: 0.0005724 seconds
2019-02-01T01:06:16.350+0000: 794151.308: [GC (GCLocker Initiated GC) 2019-02-01T01:06:16.364+0000: 794151.321: [SoftReference, 0 refs, 0.0000599 secs]2019-02-01T01:06:16.364+0000: 794151.321: [WeakReference, 19 refs, 0.0000173 secs]2019-02-01T01:06:16.364+0000: 794151.321: [FinalReference, 945 refs, 0.0005172 secs]2019-02-01T01:06:16.364+0000: 794151.322: [PhantomReference, 0 refs, 0 refs, 0.0000102 secs]2019-02-01T01:06:16.364+0000: 794151.322: [JNI Weak Reference, 0.0000200 secs]
Desired survivor size 114294784 bytes, new threshold 1 (max 15)
[PSYoungGen: 1710261K->39556K(1799168K)] 4300962K->2633998K(5116416K), 0.0176017 secs] [Times: user=0.26 sys=0.01, real=0.01 secs] 
2019-02-01T01:06:16.368+0000: 794151.325: Total time for which application threads were stopped: 0.0267761 seconds, Stopping threads took: 0.0001806 seconds
2019-02-01T01:06:21.991+0000: 794156.949: Application time: 5.6230790 seconds
2019-02-01T01:06:22.000+0000: 794156.957: Total time for which application threads were stopped: 0.0088968 seconds, Stopping threads took: 0.0002707 seconds
2019-02-01T01:06:22.001+0000: 794156.958: Application time: 0.0008848 seconds
2019-02-01T01:06:22.009+0000: 794156.967: [GC (GCLocker Initiated GC) 2019-02-01T01:06:22.026+0000: 794156.984: [SoftReference, 0 refs, 0.0000580 secs]2019-02-01T01:06:22.026+0000: 794156.984: [WeakReference, 22 refs, 0.0000188 secs]2019-02-01T01:06:22.026+0000: 794156.984: [FinalReference, 898 refs, 0.0019152 secs]2019-02-01T01:06:22.028+0000: 794156.986: [PhantomReference, 0 refs, 0 refs, 0.0000171 secs]2019-02-01T01:06:22.028+0000: 794156.986: [JNI Weak Reference, 0.0000193 secs]
Desired survivor size 111149056 bytes, new threshold 1 (max 15)
[PSYoungGen: 1731204K->38500K(1803264K)] 4329011K->2644200K(5120512K), 0.0222476 secs] [Times: user=0.28 sys=0.00, real=0.03 secs] 
2019-02-01T01:06:22.032+0000: 794156.989: Total time for which application threads were stopped: 0.0310778 seconds, Stopping threads took: 0.0002514 seconds
2019-02-01T01:06:28.491+0000: 794163.449: Application time: 6.4597663 seconds
2019-02-01T01:06:28.500+0000: 794163.458: Total time for which application threads were stopped: 0.0088669 seconds, Stopping threads took: 0.0002980 seconds
2019-02-01T01:06:28.502+0000: 794163.459: Application time: 0.0013586 seconds
2019-02-01T01:06:28.510+0000: 794163.468: [GC (GCLocker Initiated GC) 2019-02-01T01:06:28.525+0000: 794163.483: [SoftReference, 0 refs, 0.0000599 secs]2019-02-01T01:06:28.525+0000: 794163.483: [WeakReference, 43 refs, 0.0000315 secs]2019-02-01T01:06:28.526+0000: 794163.483: [FinalReference, 1020 refs, 0.0004952 secs]2019-02-01T01:06:28.526+0000: 794163.484: [PhantomReference, 0 refs, 0 refs, 0.0000099 secs]2019-02-01T01:06:28.526+0000: 794163.484: [JNI Weak Reference, 0.0000191 secs]
Desired survivor size 105906176 bytes, new threshold 1 (max 15)
[PSYoungGen: 1730148K->53715K(1713152K)] 4335909K->2662611K(5030400K), 0.0246419 secs] [Times: user=0.27 sys=0.01, real=0.02 secs] 
2019-02-01T01:06:28.535+0000: 794163.493: Total time for which application threads were stopped: 0.0336564 seconds, Stopping threads took: 0.0001894 seconds
2019-02-01T01:06:34.127+0000: 794169.085: Application time: 5.5918408 seconds
2019-02-01T01:06:34.136+0000: 794169.094: Total time for which application threads were stopped: 0.0086662 seconds, Stopping threads took: 0.0004971 seconds
2019-02-01T01:06:34.137+0000: 794169.095: Application time: 0.0011607 seconds
2019-02-01T01:06:34.145+0000: 794169.103: [GC (GCLocker Initiated GC) 2019-02-01T01:06:34.158+0000: 794169.116: [SoftReference, 0 refs, 0.0000757 secs]2019-02-01T01:06:34.159+0000: 794169.116: [WeakReference, 31 refs, 0.0000265 secs]2019-02-01T01:06:34.159+0000: 794169.116: [FinalReference, 906 refs, 0.0006479 secs]2019-02-01T01:06:34.159+0000: 794169.117: [PhantomReference, 0 refs, 1 refs, 0.0000172 secs]2019-02-01T01:06:34.159+0000: 794169.117: [JNI Weak Reference, 0.0000248 secs]
Desired survivor size 102760448 bytes, new threshold 1 (max 15)
[PSYoungGen: 1712595K->57634K(1684992K)] 4324899K->2674281K(5002240K), 0.0241836 secs] [Times: user=0.28 sys=0.01, real=0.02 secs] 
2019-02-01T01:06:34.169+0000: 794169.127: Total time for which application threads were stopped: 0.0323610 seconds, Stopping threads took: 0.0008252 seconds
2019-02-01T01:06:40.370+0000: 794175.328: Application time: 6.2003807 seconds
2019-02-01T01:06:40.378+0000: 794175.336: Total time for which application threads were stopped: 0.0087287 seconds, Stopping threads took: 0.0002719 seconds
2019-02-01T01:06:40.643+0000: 794175.601: Application time: 0.2648423 seconds
2019-02-01T01:06:40.650+0000: 794175.608: Total time for which application threads were stopped: 0.0065091 seconds, Stopping threads took: 0.0003187 seconds
2019-02-01T01:06:40.651+0000: 794175.609: Application time: 0.0010017 seconds
2019-02-01T01:06:40.657+0000: 794175.615: [GC (GCLocker Initiated GC) 2019-02-01T01:06:40.671+0000: 794175.629: [SoftReference, 0 refs, 0.0000941 secs]2019-02-01T01:06:40.671+0000: 794175.629: [WeakReference, 2 refs, 0.0000163 secs]2019-02-01T01:06:40.671+0000: 794175.629: [FinalReference, 976 refs, 0.0006345 secs]2019-02-01T01:06:40.672+0000: 794175.630: [PhantomReference, 0 refs, 0 refs, 0.0000122 secs]2019-02-01T01:06:40.672+0000: 794175.630: [JNI Weak Reference, 0.0000197 secs]
Desired survivor size 98041856 bytes, new threshold 1 (max 15)
[PSYoungGen: 1684770K->50596K(1656832K)] 4301427K->2670967K(4974080K), 0.0226635 secs] [Times: user=0.27 sys=0.01, real=0.02 secs] 
2019-02-01T01:06:40.680+0000: 794175.638: Total time for which application threads were stopped: 0.0294098 seconds, Stopping threads took: 0.0002085 seconds
2019-02-01T01:06:45.957+0000: 794180.915: Application time: 5.2770212 seconds
2019-02-01T01:06:45.965+0000: 794180.922: Total time for which application threads were stopped: 0.0073051 seconds, Stopping threads took: 0.0004449 seconds
2019-02-01T01:06:45.965+0000: 794180.923: Application time: 0.0009060 seconds
2019-02-01T01:06:45.972+0000: 794180.930: [GC (GCLocker Initiated GC) 2019-02-01T01:06:45.994+0000: 794180.952: [SoftReference, 0 refs, 0.0000623 secs]2019-02-01T01:06:45.994+0000: 794180.952: [WeakReference, 4 refs, 0.0000113 secs]2019-02-01T01:06:45.994+0000: 794180.952: [FinalReference, 864 refs, 0.0004089 secs]2019-02-01T01:06:45.994+0000: 794180.952: [PhantomReference, 0 refs, 0 refs, 0.0000300 secs]2019-02-01T01:06:45.994+0000: 794180.952: [JNI Weak Reference, 0.0000194 secs]
Desired survivor size 97517568 bytes, new threshold 1 (max 15)
[PSYoungGen: 1647012K->63009K(1630208K)] 4268170K->2687993K(4947456K), 0.0286346 secs] [Times: user=0.42 sys=0.02, real=0.02 secs] 
2019-02-01T01:06:46.001+0000: 794180.959: Total time for which application threads were stopped: 0.0356893 seconds, Stopping threads took: 0.0002200 seconds
2019-02-01T01:06:51.561+0000: 794186.518: Application time: 5.5594724 seconds
2019-02-01T01:06:51.569+0000: 794186.527: Total time for which application threads were stopped: 0.0087587 seconds, Stopping threads took: 0.0002620 seconds
2019-02-01T01:06:51.570+0000: 794186.528: Application time: 0.0003392 seconds
2019-02-01T01:06:51.579+0000: 794186.537: [GC (GCLocker Initiated GC) 2019-02-01T01:06:51.599+0000: 794186.556: [SoftReference, 0 refs, 0.0000597 secs]2019-02-01T01:06:51.599+0000: 794186.557: [WeakReference, 35 refs, 0.0000232 secs]2019-02-01T01:06:51.599+0000: 794186.557: [FinalReference, 855 refs, 0.0004248 secs]2019-02-01T01:06:51.599+0000: 794186.557: [PhantomReference, 0 refs, 1 refs, 0.0000106 secs]2019-02-01T01:06:51.599+0000: 794186.557: [JNI Weak Reference, 0.0000186 secs]
Desired survivor size 94371840 bytes, new threshold 1 (max 15)
[PSYoungGen: 1629729K->48280K(1597440K)] 4258046K->2680268K(4914688K), 0.0276997 secs] [Times: user=0.38 sys=0.03, real=0.03 secs] 
2019-02-01T01:06:51.607+0000: 794186.564: Total time for which application threads were stopped: 0.0368493 seconds, Stopping threads took: 0.0005249 seconds
2019-02-01T01:06:56.990+0000: 794191.948: Application time: 5.3836210 seconds
2019-02-01T01:06:56.999+0000: 794191.957: Total time for which application threads were stopped: 0.0091335 seconds, Stopping threads took: 0.0004656 seconds
2019-02-01T01:06:57.000+0000: 794191.958: Application time: 0.0006956 seconds
2019-02-01T01:06:57.009+0000: 794191.967: [GC (GCLocker Initiated GC) 2019-02-01T01:06:57.026+0000: 794191.983: [SoftReference, 0 refs, 0.0000888 secs]2019-02-01T01:06:57.026+0000: 794191.984: [WeakReference, 53 refs, 0.0000382 secs]2019-02-01T01:06:57.026+0000: 794191.984: [FinalReference, 848 refs, 0.0003888 secs]2019-02-01T01:06:57.026+0000: 794191.984: [PhantomReference, 0 refs, 0 refs, 0.0000097 secs]2019-02-01T01:06:57.026+0000: 794191.984: [JNI Weak Reference, 0.0000197 secs]
Desired survivor size 100139008 bytes, new threshold 1 (max 15)
[PSYoungGen: 1585816K->78205K(1587712K)] 4218312K->2714298K(4904960K), 0.0227784 secs] [Times: user=0.32 sys=0.00, real=0.02 secs] 
2019-02-01T01:06:57.032+0000: 794191.990: Total time for which application threads were stopped: 0.0319315 seconds, Stopping threads took: 0.0002129 seconds
2019-02-01T01:07:02.833+0000: 794197.791: Application time: 5.8011779 seconds
2019-02-01T01:07:02.842+0000: 794197.800: Total time for which application threads were stopped: 0.0091424 seconds, Stopping threads took: 0.0003326 seconds
2019-02-01T01:07:02.843+0000: 794197.801: Application time: 0.0006737 seconds
2019-02-01T01:07:02.852+0000: 794197.809: [GC (GCLocker Initiated GC) 2019-02-01T01:07:02.866+0000: 794197.824: [SoftReference, 0 refs, 0.0000598 secs]2019-02-01T01:07:02.866+0000: 794197.824: [WeakReference, 34 refs, 0.0000221 secs]2019-02-01T01:07:02.866+0000: 794197.824: [FinalReference, 845 refs, 0.0004328 secs]2019-02-01T01:07:02.867+0000: 794197.825: [PhantomReference, 0 refs, 0 refs, 0.0000100 secs]2019-02-01T01:07:02.867+0000: 794197.825: [JNI Weak Reference, 0.0000193 secs]
Desired survivor size 99090432 bytes, new threshold 1 (max 15)
[PSYoungGen: 1587581K->35435K(1542144K)] 4227004K->2678522K(4859392K), 0.0221853 secs] [Times: user=0.26 sys=0.00, real=0.02 secs] 
2019-02-01T01:07:02.874+0000: 794197.832: Total time for which application threads were stopped: 0.0309319 seconds, Stopping threads took: 0.0004038 seconds
2019-02-01T01:07:07.970+0000: 794202.928: Application time: 5.0961529 seconds
2019-02-01T01:07:07.979+0000: 794202.936: Total time for which application threads were stopped: 0.0084177 seconds, Stopping threads took: 0.0002079 seconds
2019-02-01T01:07:07.979+0000: 794202.937: Application time: 0.0002497 seconds
2019-02-01T01:07:07.987+0000: 794202.945: [GC (GCLocker Initiated GC) 2019-02-01T01:07:08.005+0000: 794202.962: [SoftReference, 0 refs, 0.0000514 secs]2019-02-01T01:07:08.005+0000: 794202.962: [WeakReference, 4 refs, 0.0000110 secs]2019-02-01T01:07:08.005+0000: 794202.962: [FinalReference, 859 refs, 0.0004183 secs]2019-02-01T01:07:08.005+0000: 794202.963: [PhantomReference, 0 refs, 0 refs, 0.0000098 secs]2019-02-01T01:07:08.005+0000: 794202.963: [JNI Weak Reference, 0.0000190 secs]
Desired survivor size 97517568 bytes, new threshold 1 (max 15)
[PSYoungGen: 1517675K->39815K(1495552K)] 4164095K->2693797K(4812800K), 0.0245419 secs] [Times: user=0.31 sys=0.01, real=0.02 secs] 
2019-02-01T01:07:08.012+0000: 794202.970: Total time for which application threads were stopped: 0.0334684 seconds, Stopping threads took: 0.0001948 seconds
2019-02-01T01:07:12.901+0000: 794207.859: Application time: 4.8890996 seconds
2019-02-01T01:07:12.911+0000: 794207.869: Total time for which application threads were stopped: 0.0096474 seconds, Stopping threads took: 0.0011052 seconds
2019-02-01T01:07:12.913+0000: 794207.870: Application time: 0.0015352 seconds
2019-02-01T01:07:12.926+0000: 794207.884: [GC (GCLocker Initiated GC) 2019-02-01T01:07:12.940+0000: 794207.898: [SoftReference, 0 refs, 0.0000810 secs]2019-02-01T01:07:12.940+0000: 794207.898: [WeakReference, 58 refs, 0.0000474 secs]2019-02-01T01:07:12.940+0000: 794207.898: [FinalReference, 825 refs, 0.0006308 secs]2019-02-01T01:07:12.940+0000: 794207.898: [PhantomReference, 0 refs, 3 refs, 0.0000225 secs]2019-02-01T01:07:12.941+0000: 794207.898: [JNI Weak Reference, 0.0000329 secs]
Desired survivor size 94371840 bytes, new threshold 1 (max 15)
[PSYoungGen: 1495431K->56133K(1493504K)] 4159421K->2724010K(4810752K), 0.0257584 secs] [Times: user=0.27 sys=0.01, real=0.03 secs] 
2019-02-01T01:07:12.952+0000: 794207.910: Total time for which application threads were stopped: 0.0391987 seconds, Stopping threads took: 0.0045705 seconds
2019-02-01T01:07:17.773+0000: 794212.731: Application time: 4.8209623 seconds
2019-02-01T01:07:17.782+0000: 794212.740: Total time for which application threads were stopped: 0.0091169 seconds, Stopping threads took: 0.0003401 seconds
2019-02-01T01:07:17.783+0000: 794212.741: Application time: 0.0008521 seconds
2019-02-01T01:07:17.792+0000: 794212.750: [GC (GCLocker Initiated GC) 2019-02-01T01:07:17.810+0000: 794212.768: [SoftReference, 0 refs, 0.0000917 secs]2019-02-01T01:07:17.810+0000: 794212.768: [WeakReference, 28 refs, 0.0000334 secs]2019-02-01T01:07:17.810+0000: 794212.768: [FinalReference, 787 refs, 0.0003884 secs]2019-02-01T01:07:17.810+0000: 794212.768: [PhantomReference, 0 refs, 0 refs, 0.0000107 secs]2019-02-01T01:07:17.810+0000: 794212.768: [JNI Weak Reference, 0.0000188 secs]
Desired survivor size 97517568 bytes, new threshold 1 (max 15)
[PSYoungGen: 1486149K->71936K(1477120K)] 4154043K->2742906K(4794368K), 0.0237425 secs] [Times: user=0.32 sys=0.00, real=0.02 secs] 
2019-02-01T01:07:17.816+0000: 794212.774: Total time for which application threads were stopped: 0.0334844 seconds, Stopping threads took: 0.0003221 seconds
2019-02-01T01:07:22.823+0000: 794217.781: Application time: 5.0070516 seconds
2019-02-01T01:07:22.832+0000: 794217.790: [GC (Allocation Failure) 2019-02-01T01:07:22.849+0000: 794217.806: [SoftReference, 0 refs, 0.0000600 secs]2019-02-01T01:07:22.849+0000: 794217.806: [WeakReference, 18 refs, 0.0000155 secs]2019-02-01T01:07:22.849+0000: 794217.806: [FinalReference, 815 refs, 0.0004090 secs]2019-02-01T01:07:22.849+0000: 794217.807: [PhantomReference, 0 refs, 2 refs, 0.0000106 secs]2019-02-01T01:07:22.849+0000: 794217.807: [JNI Weak Reference, 0.0000179 secs]
Desired survivor size 99614720 bytes, new threshold 1 (max 15)
[PSYoungGen: 1476864K->18451K(1454080K)] 4154480K->2705447K(4771328K), 0.0221461 secs] [Times: user=0.30 sys=0.01, real=0.02 secs] 
2019-02-01T01:07:22.855+0000: 794217.813: Total time for which application threads were stopped: 0.0315544 seconds, Stopping threads took: 0.0005373 seconds
2019-02-01T01:07:27.084+0000: 794222.042: Application time: 4.2291139 seconds
2019-02-01T01:07:27.092+0000: 794222.050: Total time for which application threads were stopped: 0.0085421 seconds, Stopping threads took: 0.0002393 seconds
2019-02-01T01:07:27.093+0000: 794222.051: Application time: 0.0006605 seconds
2019-02-01T01:07:27.102+0000: 794222.060: [GC (GCLocker Initiated GC) 2019-02-01T01:07:27.120+0000: 794222.078: [SoftReference, 0 refs, 0.0000820 secs]2019-02-01T01:07:27.120+0000: 794222.078: [WeakReference, 6 refs, 0.0000216 secs]2019-02-01T01:07:27.120+0000: 794222.078: [FinalReference, 620 refs, 0.0005029 secs]2019-02-01T01:07:27.120+0000: 794222.078: [PhantomReference, 0 refs, 1 refs, 0.0000204 secs]2019-02-01T01:07:27.120+0000: 794222.078: [JNI Weak Reference, 0.0000340 secs]
Desired survivor size 96468992 bytes, new threshold 1 (max 15)
[PSYoungGen: 1399315K->43241K(1400832K)] 4086460K->2733595K(4718080K), 0.0294656 secs] [Times: user=0.30 sys=0.02, real=0.03 secs] 
2019-02-01T01:07:27.132+0000: 794222.090: Total time for which application threads were stopped: 0.0385165 seconds, Stopping threads took: 0.0002742 seconds
2019-02-01T01:07:31.442+0000: 794226.399: Application time: 4.3099248 seconds
2019-02-01T01:07:31.451+0000: 794226.409: Total time for which application threads were stopped: 0.0096267 seconds, Stopping threads took: 0.0004145 seconds
2019-02-01T01:07:31.452+0000: 794226.410: Application time: 0.0011576 seconds
2019-02-01T01:07:31.462+0000: 794226.420: [GC (GCLocker Initiated GC) 2019-02-01T01:07:31.478+0000: 794226.436: [SoftReference, 0 refs, 0.0000790 secs]2019-02-01T01:07:31.478+0000: 794226.436: [WeakReference, 28 refs, 0.0000334 secs]2019-02-01T01:07:31.478+0000: 794226.436: [FinalReference, 710 refs, 0.0005939 secs]2019-02-01T01:07:31.478+0000: 794226.436: [PhantomReference, 0 refs, 1 refs, 0.0000249 secs]2019-02-01T01:07:31.478+0000: 794226.436: [JNI Weak Reference, 0.0000333 secs]
Desired survivor size 95420416 bytes, new threshold 1 (max 15)
[PSYoungGen: 1400553K->31387K(1403392K)] 4094799K->2728679K(4720640K), 0.0274405 secs] [Times: user=0.26 sys=0.01, real=0.03 secs] 
2019-02-01T01:07:31.490+0000: 794226.448: Total time for which application threads were stopped: 0.0373197 seconds, Stopping threads took: 0.0002678 seconds
2019-02-01T01:07:35.477+0000: 794230.434: Application time: 3.9868072 seconds
2019-02-01T01:07:35.490+0000: 794230.448: [GC (Allocation Failure) 2019-02-01T01:07:35.506+0000: 794230.464: [SoftReference, 0 refs, 0.0000746 secs]2019-02-01T01:07:35.506+0000: 794230.464: [WeakReference, 28 refs, 0.0000420 secs]2019-02-01T01:07:35.506+0000: 794230.464: [FinalReference, 634 refs, 0.0005156 secs]2019-02-01T01:07:35.506+0000: 794230.464: [PhantomReference, 0 refs, 2 refs, 0.0000247 secs]2019-02-01T01:07:35.506+0000: 794230.464: [JNI Weak Reference, 0.0001169 secs]
Desired survivor size 90701824 bytes, new threshold 1 (max 15)
[PSYoungGen: 1365659K->47816K(1360384K)] 4069853K->2755791K(4677632K), 0.0281721 secs] [Times: user=0.25 sys=0.02, real=0.02 secs] 
2019-02-01T01:07:35.519+0000: 794230.477: Total time for which application threads were stopped: 0.0423836 seconds, Stopping threads took: 0.0043313 seconds
2019-02-01T01:07:39.298+0000: 794234.256: Application time: 3.7792308 seconds
2019-02-01T01:07:39.308+0000: 794234.266: Total time for which application threads were stopped: 0.0103530 seconds, Stopping threads took: 0.0011180 seconds
2019-02-01T01:07:39.309+0000: 794234.267: Application time: 0.0008755 seconds
2019-02-01T01:07:39.322+0000: 794234.280: [GC (GCLocker Initiated GC) 2019-02-01T01:07:39.344+0000: 794234.302: [SoftReference, 0 refs, 0.0000608 secs]2019-02-01T01:07:39.344+0000: 794234.302: [WeakReference, 30 refs, 0.0000259 secs]2019-02-01T01:07:39.344+0000: 794234.302: [FinalReference, 676 refs, 0.0004813 secs]2019-02-01T01:07:39.345+0000: 794234.302: [PhantomReference, 0 refs, 2 refs, 0.0000152 secs]2019-02-01T01:07:39.345+0000: 794234.302: [JNI Weak Reference, 0.0000428 secs]
Desired survivor size 108003328 bytes, new threshold 1 (max 15)
[PSYoungGen: 1357451K->88571K(1379328K)] 4068747K->2815792K(4696576K), 0.0259566 secs] [Times: user=0.42 sys=0.01, real=0.02 secs] 
2019-02-01T01:07:39.348+0000: 794234.306: Total time for which application threads were stopped: 0.0387177 seconds, Stopping threads took: 0.0032503 seconds
2019-02-01T01:07:40.370+0000: 794235.328: Application time: 1.0221020 seconds
2019-02-01T01:07:40.383+0000: 794235.341: Total time for which application threads were stopped: 0.0125781 seconds, Stopping threads took: 0.0034328 seconds
2019-02-01T01:07:43.611+0000: 794238.569: Application time: 3.2279391 seconds
2019-02-01T01:07:43.622+0000: 794238.580: Total time for which application threads were stopped: 0.0115998 seconds, Stopping threads took: 0.0030370 seconds
2019-02-01T01:07:43.623+0000: 794238.580: Application time: 0.0001421 seconds
2019-02-01T01:07:43.631+0000: 794238.589: Total time for which application threads were stopped: 0.0084175 seconds, Stopping threads took: 0.0001818 seconds
2019-02-01T01:07:43.632+0000: 794238.590: Application time: 0.0010441 seconds
2019-02-01T01:07:43.639+0000: 794238.597: [GC (GCLocker Initiated GC) 2019-02-01T01:07:43.662+0000: 794238.620: [SoftReference, 0 refs, 0.0000731 secs]2019-02-01T01:07:43.662+0000: 794238.620: [WeakReference, 35 refs, 0.0000298 secs]2019-02-01T01:07:43.662+0000: 794238.620: [FinalReference, 678 refs, 0.0004398 secs]2019-02-01T01:07:43.663+0000: 794238.621: [PhantomReference, 0 refs, 1 refs, 0.0000166 secs]2019-02-01T01:07:43.663+0000: 794238.621: [JNI Weak Reference, 0.0000286 secs]
Desired survivor size 114819072 bytes, new threshold 1 (max 15)
[PSYoungGen: 1379323K->85887K(1355776K)] 4106974K->2826303K(4673024K), 0.0282977 secs] [Times: user=0.41 sys=0.01, real=0.03 secs] 
2019-02-01T01:07:43.667+0000: 794238.625: Total time for which application threads were stopped: 0.0353815 seconds, Stopping threads took: 0.0003876 seconds
2019-02-01T01:07:47.930+0000: 794242.888: Application time: 4.2624710 seconds
2019-02-01T01:07:47.939+0000: 794242.897: Total time for which application threads were stopped: 0.0090430 seconds, Stopping threads took: 0.0003592 seconds
2019-02-01T01:07:47.940+0000: 794242.898: Application time: 0.0008833 seconds
2019-02-01T01:07:47.949+0000: 794242.907: [GC (GCLocker Initiated GC) 2019-02-01T01:07:47.964+0000: 794242.922: [SoftReference, 0 refs, 0.0000598 secs]2019-02-01T01:07:47.964+0000: 794242.922: [WeakReference, 2 refs, 0.0000132 secs]2019-02-01T01:07:47.964+0000: 794242.922: [FinalReference, 670 refs, 0.0003497 secs]2019-02-01T01:07:47.964+0000: 794242.922: [PhantomReference, 0 refs, 0 refs, 0.0000100 secs]2019-02-01T01:07:47.964+0000: 794242.922: [JNI Weak Reference, 0.0000580 secs]
Desired survivor size 113770496 bytes, new threshold 1 (max 15)
[PSYoungGen: 1355647K->32419K(1338880K)] 4099443K->2783142K(4656128K), 0.0211734 secs] [Times: user=0.30 sys=0.00, real=0.02 secs] 
2019-02-01T01:07:47.970+0000: 794242.928: Total time for which application threads were stopped: 0.0307242 seconds, Stopping threads took: 0.0005056 seconds
2019-02-01T01:07:52.236+0000: 794247.194: Application time: 4.2659867 seconds
2019-02-01T01:07:52.242+0000: 794247.200: Total time for which application threads were stopped: 0.0059904 seconds, Stopping threads took: 0.0002007 seconds
2019-02-01T01:07:52.243+0000: 794247.201: Application time: 0.0005825 seconds
2019-02-01T01:07:52.249+0000: 794247.207: [GC (GCLocker Initiated GC) 2019-02-01T01:07:52.265+0000: 794247.223: [SoftReference, 0 refs, 0.0000562 secs]2019-02-01T01:07:52.265+0000: 794247.223: [WeakReference, 31 refs, 0.0000218 secs]2019-02-01T01:07:52.265+0000: 794247.223: [FinalReference, 647 refs, 0.0003623 secs]2019-02-01T01:07:52.266+0000: 794247.224: [PhantomReference, 0 refs, 0 refs, 0.0000123 secs]2019-02-01T01:07:52.266+0000: 794247.224: [JNI Weak Reference, 0.0000179 secs]
Desired survivor size 114819072 bytes, new threshold 1 (max 15)
[PSYoungGen: 1281699K->72724K(1302528K)] 4032983K->2827135K(4619776K), 0.0261625 secs] [Times: user=0.29 sys=0.01, real=0.03 secs] 
2019-02-01T01:07:52.276+0000: 794247.233: Total time for which application threads were stopped: 0.0324543 seconds, Stopping threads took: 0.0001137 seconds
2019-02-01T01:07:55.923+0000: 794250.881: Application time: 3.6472519 seconds
2019-02-01T01:07:55.931+0000: 794250.888: Total time for which application threads were stopped: 0.0078028 seconds, Stopping threads took: 0.0004092 seconds
2019-02-01T01:07:55.931+0000: 794250.889: Application time: 0.0006172 seconds
2019-02-01T01:07:55.937+0000: 794250.895: [GC (GCLocker Initiated GC) 2019-02-01T01:07:55.952+0000: 794250.910: [SoftReference, 0 refs, 0.0000504 secs]2019-02-01T01:07:55.952+0000: 794250.910: [WeakReference, 10 refs, 0.0000130 secs]2019-02-01T01:07:55.952+0000: 794250.910: [FinalReference, 591 refs, 0.0003508 secs]2019-02-01T01:07:55.952+0000: 794250.910: [PhantomReference, 0 refs, 0 refs, 0.0000098 secs]2019-02-01T01:07:55.952+0000: 794250.910: [JNI Weak Reference, 0.0000181 secs]
Desired survivor size 113770496 bytes, new threshold 1 (max 15)
[PSYoungGen: 1302036K->29174K(1300480K)] 4060338K->2790013K(4617728K), 0.0219275 secs] [Times: user=0.27 sys=0.02, real=0.02 secs] 
2019-02-01T01:07:55.959+0000: 794250.917: Total time for which application threads were stopped: 0.0279474 seconds, Stopping threads took: 0.0001836 seconds
2019-02-01T01:07:59.914+0000: 794254.872: Application time: 3.9550289 seconds
2019-02-01T01:07:59.920+0000: 794254.878: Total time for which application threads were stopped: 0.0058776 seconds, Stopping threads took: 0.0001458 seconds
2019-02-01T01:07:59.921+0000: 794254.878: Application time: 0.0004805 seconds
2019-02-01T01:07:59.926+0000: 794254.884: [GC (GCLocker Initiated GC) 2019-02-01T01:07:59.942+0000: 794254.899: [SoftReference, 0 refs, 0.0000758 secs]2019-02-01T01:07:59.942+0000: 794254.900: [WeakReference, 22 refs, 0.0000299 secs]2019-02-01T01:07:59.942+0000: 794254.900: [FinalReference, 691 refs, 0.0004840 secs]2019-02-01T01:07:59.942+0000: 794254.900: [PhantomReference, 0 refs, 0 refs, 0.0000189 secs]2019-02-01T01:07:59.942+0000: 794254.900: [JNI Weak Reference, 0.0000324 secs]
Desired survivor size 109576192 bytes, new threshold 1 (max 15)
[PSYoungGen: 1239030K->57622K(1248768K)] 4006523K->2828741K(4566016K), 0.0258755 secs] [Times: user=0.26 sys=0.02, real=0.02 secs] 
2019-02-01T01:07:59.953+0000: 794254.910: Total time for which application threads were stopped: 0.0320019 seconds, Stopping threads took: 0.0002446 seconds
2019-02-01T01:08:04.017+0000: 794258.975: Application time: 4.0647992 seconds
2019-02-01T01:08:04.025+0000: 794258.982: Total time for which application threads were stopped: 0.0072580 seconds, Stopping threads took: 0.0017557 seconds
2019-02-01T01:08:04.025+0000: 794258.983: Application time: 0.0008486 seconds
2019-02-01T01:08:04.033+0000: 794258.990: [GC (GCLocker Initiated GC) 2019-02-01T01:08:04.046+0000: 794259.004: [SoftReference, 0 refs, 0.0000541 secs]2019-02-01T01:08:04.046+0000: 794259.004: [WeakReference, 21 refs, 0.0000166 secs]2019-02-01T01:08:04.046+0000: 794259.004: [FinalReference, 619 refs, 0.0002912 secs]2019-02-01T01:08:04.047+0000: 794259.004: [PhantomReference, 0 refs, 1 refs, 0.0000104 secs]2019-02-01T01:08:04.047+0000: 794259.004: [JNI Weak Reference, 0.0000188 secs]
Desired survivor size 108003328 bytes, new threshold 1 (max 15)
[PSYoungGen: 1248534K->29965K(1257984K)] 4022997K->2807892K(4575232K), 0.0202062 secs] [Times: user=0.22 sys=0.01, real=0.02 secs] 
2019-02-01T01:08:04.053+0000: 794259.011: Total time for which application threads were stopped: 0.0274117 seconds, Stopping threads took: 0.0002439 seconds
2019-02-01T01:08:08.120+0000: 794263.078: Application time: 4.0674531 seconds
2019-02-01T01:08:08.129+0000: 794263.086: Total time for which application threads were stopped: 0.0082450 seconds, Stopping threads took: 0.0003059 seconds
2019-02-01T01:08:08.129+0000: 794263.087: Application time: 0.0006715 seconds
2019-02-01T01:08:08.138+0000: 794263.096: [GC (GCLocker Initiated GC) 2019-02-01T01:08:08.152+0000: 794263.110: [SoftReference, 0 refs, 0.0000943 secs]2019-02-01T01:08:08.152+0000: 794263.110: [WeakReference, 130 refs, 0.0000745 secs]2019-02-01T01:08:08.152+0000: 794263.110: [FinalReference, 619 refs, 0.0005066 secs]2019-02-01T01:08:08.152+0000: 794263.110: [PhantomReference, 0 refs, 0 refs, 0.0000196 secs]2019-02-01T01:08:08.152+0000: 794263.110: [JNI Weak Reference, 0.0000319 secs]
Desired survivor size 106430464 bytes, new threshold 1 (max 15)
[PSYoungGen: 1202445K->62177K(1217024K)] 3980398K->2844343K(4534272K), 0.0241149 secs] [Times: user=0.28 sys=0.01, real=0.02 secs] 
2019-02-01T01:08:08.162+0000: 794263.120: Total time for which application threads were stopped: 0.0327618 seconds, Stopping threads took: 0.0001888 seconds
2019-02-01T01:08:11.186+0000: 794266.144: Application time: 3.0237011 seconds
2019-02-01T01:08:11.194+0000: 794266.152: Total time for which application threads were stopped: 0.0083274 seconds, Stopping threads took: 0.0002893 seconds
2019-02-01T01:08:11.651+0000: 794266.609: Application time: 0.4567474 seconds
2019-02-01T01:08:11.657+0000: 794266.615: Total time for which application threads were stopped: 0.0060516 seconds, Stopping threads took: 0.0004306 seconds
2019-02-01T01:08:11.658+0000: 794266.616: Application time: 0.0009639 seconds
2019-02-01T01:08:11.668+0000: 794266.626: [GC (GCLocker Initiated GC) 2019-02-01T01:08:11.684+0000: 794266.641: [SoftReference, 0 refs, 0.0000740 secs]2019-02-01T01:08:11.684+0000: 794266.642: [WeakReference, 10 refs, 0.0000231 secs]2019-02-01T01:08:11.684+0000: 794266.642: [FinalReference, 617 refs, 0.0004244 secs]2019-02-01T01:08:11.684+0000: 794266.642: [PhantomReference, 0 refs, 0 refs, 0.0000180 secs]2019-02-01T01:08:11.684+0000: 794266.642: [JNI Weak Reference, 0.0000327 secs]
Desired survivor size 108527616 bytes, new threshold 1 (max 15)
[PSYoungGen: 1216737K->71758K(1227776K)] 4009029K->2867006K(4545024K), 0.0239975 secs] [Times: user=0.32 sys=0.01, real=0.02 secs] 
2019-02-01T01:08:11.692+0000: 794266.650: Total time for which application threads were stopped: 0.0344393 seconds, Stopping threads took: 0.0023481 seconds
2019-02-01T01:08:15.196+0000: 794270.154: Application time: 3.5035352 seconds
2019-02-01T01:08:15.202+0000: 794270.160: Total time for which application threads were stopped: 0.0059989 seconds, Stopping threads took: 0.0002133 seconds
2019-02-01T01:08:15.203+0000: 794270.161: Application time: 0.0008993 seconds
2019-02-01T01:08:15.210+0000: 794270.168: [GC (GCLocker Initiated GC) 2019-02-01T01:08:15.225+0000: 794270.182: [SoftReference, 0 refs, 0.0000793 secs]2019-02-01T01:08:15.225+0000: 794270.182: [WeakReference, 38 refs, 0.0000409 secs]2019-02-01T01:08:15.225+0000: 794270.182: [FinalReference, 582 refs, 0.0004261 secs]2019-02-01T01:08:15.225+0000: 794270.183: [PhantomReference, 0 refs, 0 refs, 0.0000193 secs]2019-02-01T01:08:15.225+0000: 794270.183: [JNI Weak Reference, 0.0000329 secs]
Desired survivor size 109051904 bytes, new threshold 1 (max 15)
[PSYoungGen: 1208910K->69843K(1190400K)] 4004227K->2869268K(4507648K), 0.0235015 secs] [Times: user=0.29 sys=0.01, real=0.02 secs] 
2019-02-01T01:08:15.234+0000: 794270.192: Total time for which application threads were stopped: 0.0312300 seconds, Stopping threads took: 0.0002637 seconds
2019-02-01T01:08:18.155+0000: 794273.113: Application time: 2.9210734 seconds
2019-02-01T01:08:18.161+0000: 794273.119: Total time for which application threads were stopped: 0.0058792 seconds, Stopping threads took: 0.0002625 seconds
2019-02-01T01:08:18.163+0000: 794273.120: Application time: 0.0016969 seconds
2019-02-01T01:08:18.168+0000: 794273.126: [GC (GCLocker Initiated GC) 2019-02-01T01:08:18.184+0000: 794273.142: [SoftReference, 0 refs, 0.0000726 secs]2019-02-01T01:08:18.184+0000: 794273.142: [WeakReference, 26 refs, 0.0000373 secs]2019-02-01T01:08:18.184+0000: 794273.142: [FinalReference, 526 refs, 0.0002519 secs]2019-02-01T01:08:18.185+0000: 794273.142: [PhantomReference, 0 refs, 0 refs, 0.0000128 secs]2019-02-01T01:08:18.185+0000: 794273.142: [JNI Weak Reference, 0.0000190 secs]
Desired survivor size 104333312 bytes, new threshold 1 (max 15)
[PSYoungGen: 1190099K->55745K(1184768K)] 3992916K->2861273K(4502016K), 0.0231779 secs] [Times: user=0.26 sys=0.02, real=0.02 secs] 
2019-02-01T01:08:18.192+0000: 794273.150: Total time for which application threads were stopped: 0.0291700 seconds, Stopping threads took: 0.0001327 seconds
2019-02-01T01:08:22.293+0000: 794277.251: Application time: 4.1016336 seconds
2019-02-01T01:08:22.302+0000: 794277.260: Total time for which application threads were stopped: 0.0088623 seconds, Stopping threads took: 0.0002771 seconds
2019-02-01T01:08:22.303+0000: 794277.260: Application time: 0.0003160 seconds
2019-02-01T01:08:22.313+0000: 794277.270: [GC (GCLocker Initiated GC) 2019-02-01T01:08:22.326+0000: 794277.284: [SoftReference, 0 refs, 0.0000738 secs]2019-02-01T01:08:22.326+0000: 794277.284: [WeakReference, 41 refs, 0.0000439 secs]2019-02-01T01:08:22.326+0000: 794277.284: [FinalReference, 673 refs, 0.0004732 secs]2019-02-01T01:08:22.327+0000: 794277.285: [PhantomReference, 0 refs, 0 refs, 0.0000199 secs]2019-02-01T01:08:22.327+0000: 794277.285: [JNI Weak Reference, 0.0000330 secs]
Desired survivor size 103809024 bytes, new threshold 1 (max 15)
[PSYoungGen: 1159337K->32161K(1120256K)] 3968186K->2848016K(4437504K), 0.0233547 secs] [Times: user=0.23 sys=0.01, real=0.02 secs] 
2019-02-01T01:08:22.336+0000: 794277.294: Total time for which application threads were stopped: 0.0335478 seconds, Stopping threads took: 0.0009563 seconds
2019-02-01T01:08:25.812+0000: 794280.770: Application time: 3.4756268 seconds
2019-02-01T01:08:25.823+0000: 794280.781: Total time for which application threads were stopped: 0.0109482 seconds, Stopping threads took: 0.0022827 seconds
2019-02-01T01:08:25.824+0000: 794280.782: Application time: 0.0009153 seconds
2019-02-01T01:08:25.833+0000: 794280.791: [GC (GCLocker Initiated GC) 2019-02-01T01:08:25.850+0000: 794280.808: [SoftReference, 0 refs, 0.0000564 secs]2019-02-01T01:08:25.850+0000: 794280.808: [WeakReference, 20 refs, 0.0000189 secs]2019-02-01T01:08:25.850+0000: 794280.808: [FinalReference, 569 refs, 0.0002598 secs]2019-02-01T01:08:25.850+0000: 794280.808: [PhantomReference, 0 refs, 1 refs, 0.0000107 secs]2019-02-01T01:08:25.851+0000: 794280.808: [JNI Weak Reference, 0.0000195 secs]
Desired survivor size 99614720 bytes, new threshold 1 (max 15)
[PSYoungGen: 1120161K->50257K(1149440K)] 3936591K->2870027K(4466688K), 0.0239875 secs] [Times: user=0.31 sys=0.01, real=0.02 secs] 
2019-02-01T01:08:25.857+0000: 794280.815: Total time for which application threads were stopped: 0.0333410 seconds, Stopping threads took: 0.0002236 seconds
2019-02-01T01:08:29.148+0000: 794284.106: Application time: 3.2914585 seconds
2019-02-01T01:08:29.159+0000: 794284.117: Total time for which application threads were stopped: 0.0103696 seconds, Stopping threads took: 0.0002908 seconds
2019-02-01T01:08:29.160+0000: 794284.118: Application time: 0.0009035 seconds
2019-02-01T01:08:29.168+0000: 794284.126: [GC (GCLocker Initiated GC) 2019-02-01T01:08:29.188+0000: 794284.146: [SoftReference, 0 refs, 0.0000735 secs]2019-02-01T01:08:29.188+0000: 794284.146: [WeakReference, 44 refs, 0.0000388 secs]2019-02-01T01:08:29.188+0000: 794284.146: [FinalReference, 556 refs, 0.0004452 secs]2019-02-01T01:08:29.188+0000: 794284.146: [PhantomReference, 0 refs, 0 refs, 0.0000192 secs]2019-02-01T01:08:29.188+0000: 794284.146: [JNI Weak Reference, 0.0000318 secs]
Desired survivor size 95420416 bytes, new threshold 1 (max 15)
[PSYoungGen: 1122385K->50433K(1107456K)] 3942179K->2873248K(4424704K), 0.0303267 secs] [Times: user=0.31 sys=0.02, real=0.04 secs] 
2019-02-01T01:08:29.199+0000: 794284.157: Total time for which application threads were stopped: 0.0389091 seconds, Stopping threads took: 0.0003644 seconds
2019-02-01T01:08:32.129+0000: 794287.086: Application time: 2.9298321 seconds
2019-02-01T01:08:32.134+0000: 794287.092: Total time for which application threads were stopped: 0.0056481 seconds, Stopping threads took: 0.0002100 seconds
2019-02-01T01:08:32.135+0000: 794287.093: Application time: 0.0006163 seconds
2019-02-01T01:08:32.140+0000: 794287.098: [GC (GCLocker Initiated GC) 2019-02-01T01:08:32.159+0000: 794287.116: [SoftReference, 0 refs, 0.0000603 secs]2019-02-01T01:08:32.159+0000: 794287.116: [WeakReference, 83 refs, 0.0000426 secs]2019-02-01T01:08:32.159+0000: 794287.117: [FinalReference, 508 refs, 0.0002945 secs]2019-02-01T01:08:32.159+0000: 794287.117: [PhantomReference, 0 refs, 0 refs, 0.0000170 secs]2019-02-01T01:08:32.159+0000: 794287.117: [JNI Weak Reference, 0.0000404 secs]
Desired survivor size 94896128 bytes, new threshold 1 (max 15)
[PSYoungGen: 1107201K->62850K(1119232K)] 3930049K->2893220K(4436480K), 0.0239964 secs] [Times: user=0.28 sys=0.01, real=0.02 secs] 
2019-02-01T01:08:32.165+0000: 794287.122: Total time for which application threads were stopped: 0.0297246 seconds, Stopping threads took: 0.0001736 seconds
2019-02-01T01:08:34.768+0000: 794289.725: Application time: 2.6030740 seconds
2019-02-01T01:08:34.777+0000: 794289.735: Total time for which application threads were stopped: 0.0094948 seconds, Stopping threads took: 0.0002807 seconds
2019-02-01T01:08:34.778+0000: 794289.736: Application time: 0.0012064 seconds
2019-02-01T01:08:34.786+0000: 794289.744: [GC (GCLocker Initiated GC) 2019-02-01T01:08:34.799+0000: 794289.757: [SoftReference, 0 refs, 0.0000533 secs]2019-02-01T01:08:34.799+0000: 794289.757: [WeakReference, 38 refs, 0.0000224 secs]2019-02-01T01:08:34.799+0000: 794289.757: [FinalReference, 480 refs, 0.0002555 secs]2019-02-01T01:08:34.800+0000: 794289.757: [PhantomReference, 0 refs, 0 refs, 0.0000101 secs]2019-02-01T01:08:34.800+0000: 794289.757: [JNI Weak Reference, 0.0000193 secs]
Desired survivor size 91750400 bytes, new threshold 1 (max 15)
[PSYoungGen: 1104770K->50640K(1078272K)] 3936001K->2895947K(4395520K), 0.0199910 secs] [Times: user=0.25 sys=0.00, real=0.02 secs] 
2019-02-01T01:08:34.806+0000: 794289.764: Total time for which application threads were stopped: 0.0276194 seconds, Stopping threads took: 0.0003544 seconds
2019-02-01T01:08:37.992+0000: 794292.950: Application time: 3.1865134 seconds
2019-02-01T01:08:38.001+0000: 794292.959: Total time for which application threads were stopped: 0.0088574 seconds, Stopping threads took: 0.0003880 seconds
2019-02-01T01:08:38.003+0000: 794292.961: Application time: 0.0014927 seconds
2019-02-01T01:08:38.012+0000: 794292.970: [GC (GCLocker Initiated GC) 2019-02-01T01:08:38.031+0000: 794292.989: [SoftReference, 0 refs, 0.0000616 secs]2019-02-01T01:08:38.031+0000: 794292.989: [WeakReference, 90 refs, 0.0000350 secs]2019-02-01T01:08:38.031+0000: 794292.989: [FinalReference, 490 refs, 0.0002351 secs]2019-02-01T01:08:38.031+0000: 794292.989: [PhantomReference, 0 refs, 0 refs, 0.0000103 secs]2019-02-01T01:08:38.031+0000: 794292.989: [JNI Weak Reference, 0.0000190 secs]
Desired survivor size 105906176 bytes, new threshold 1 (max 15)
[PSYoungGen: 1078224K->89594K(1102848K)] 3923647K->2945906K(4420096K), 0.0228744 secs] [Times: user=0.34 sys=0.01, real=0.02 secs] 
2019-02-01T01:08:38.035+0000: 794292.993: Total time for which application threads were stopped: 0.0320574 seconds, Stopping threads took: 0.0005368 seconds
2019-02-01T01:08:40.367+0000: 794295.325: Application time: 2.3324923 seconds
2019-02-01T01:08:40.377+0000: 794295.334: Total time for which application threads were stopped: 0.0091392 seconds, Stopping threads took: 0.0020512 seconds
2019-02-01T01:08:40.887+0000: 794295.845: Application time: 0.5107552 seconds
2019-02-01T01:08:40.895+0000: 794295.853: Total time for which application threads were stopped: 0.0076793 seconds, Stopping threads took: 0.0005048 seconds
2019-02-01T01:08:40.896+0000: 794295.853: Application time: 0.0005742 seconds
2019-02-01T01:08:40.903+0000: 794295.861: [GC (GCLocker Initiated GC) 2019-02-01T01:08:40.916+0000: 794295.874: [SoftReference, 0 refs, 0.0000599 secs]2019-02-01T01:08:40.916+0000: 794295.874: [WeakReference, 22 refs, 0.0000227 secs]2019-02-01T01:08:40.916+0000: 794295.874: [FinalReference, 485 refs, 0.0003001 secs]2019-02-01T01:08:40.916+0000: 794295.874: [PhantomReference, 0 refs, 0 refs, 0.0000242 secs]2019-02-01T01:08:40.916+0000: 794295.874: [JNI Weak Reference, 0.0000188 secs]
Desired survivor size 104333312 bytes, new threshold 1 (max 15)
[PSYoungGen: 1102842K->41476K(1041408K)] 3959172K->2902101K(4358656K), 0.0173275 secs] [Times: user=0.23 sys=0.00, real=0.02 secs] 
2019-02-01T01:08:40.920+0000: 794295.878: Total time for which application threads were stopped: 0.0248051 seconds, Stopping threads took: 0.0002502 seconds
2019-02-01T01:08:44.520+0000: 794299.478: Application time: 3.5994953 seconds
2019-02-01T01:08:44.528+0000: 794299.486: Total time for which application threads were stopped: 0.0086361 seconds, Stopping threads took: 0.0002769 seconds
2019-02-01T01:08:44.529+0000: 794299.487: Application time: 0.0006888 seconds
2019-02-01T01:08:44.538+0000: 794299.496: [GC (GCLocker Initiated GC) 2019-02-01T01:08:44.553+0000: 794299.510: [SoftReference, 0 refs, 0.0000590 secs]2019-02-01T01:08:44.553+0000: 794299.510: [WeakReference, 21 refs, 0.0000177 secs]2019-02-01T01:08:44.553+0000: 794299.510: [FinalReference, 609 refs, 0.0003330 secs]2019-02-01T01:08:44.553+0000: 794299.511: [PhantomReference, 0 refs, 0 refs, 0.0000121 secs]2019-02-01T01:08:44.553+0000: 794299.511: [JNI Weak Reference, 0.0000192 secs]
Desired survivor size 100139008 bytes, new threshold 1 (max 15)
[PSYoungGen: 1040900K->52740K(1066496K)] 3901558K->2916913K(4383744K), 0.0209888 secs] [Times: user=0.25 sys=0.02, real=0.02 secs] 
2019-02-01T01:08:44.559+0000: 794299.517: Total time for which application threads were stopped: 0.0301911 seconds, Stopping threads took: 0.0004603 seconds
2019-02-01T01:08:47.677+0000: 794302.635: Application time: 3.1179000 seconds
2019-02-01T01:08:47.686+0000: 794302.644: Total time for which application threads were stopped: 0.0090344 seconds, Stopping threads took: 0.0003172 seconds
2019-02-01T01:08:47.936+0000: 794302.894: Application time: 0.2495493 seconds
2019-02-01T01:08:47.945+0000: 794302.903: Total time for which application threads were stopped: 0.0088323 seconds, Stopping threads took: 0.0003774 seconds
2019-02-01T01:08:47.945+0000: 794302.903: Application time: 0.0001951 seconds
2019-02-01T01:08:47.953+0000: 794302.910: Total time for which application threads were stopped: 0.0076552 seconds, Stopping threads took: 0.0002222 seconds
2019-02-01T01:08:47.953+0000: 794302.911: Application time: 0.0007411 seconds
2019-02-01T01:08:47.960+0000: 794302.918: [GC (GCLocker Initiated GC) 2019-02-01T01:08:47.973+0000: 794302.931: [SoftReference, 0 refs, 0.0000599 secs]2019-02-01T01:08:47.973+0000: 794302.931: [WeakReference, 9 refs, 0.0000134 secs]2019-02-01T01:08:47.973+0000: 794302.931: [FinalReference, 592 refs, 0.0002645 secs]2019-02-01T01:08:47.974+0000: 794302.931: [PhantomReference, 0 refs, 0 refs, 0.0000435 secs]2019-02-01T01:08:47.974+0000: 794302.931: [JNI Weak Reference, 0.0000265 secs]
Desired survivor size 96468992 bytes, new threshold 1 (max 15)
[PSYoungGen: 1038852K->54321K(1027584K)] 3906527K->2925276K(4344832K), 0.0198604 secs] [Times: user=0.24 sys=0.00, real=0.02 secs] 
2019-02-01T01:08:47.980+0000: 794302.938: Total time for which application threads were stopped: 0.0267970 seconds, Stopping threads took: 0.0002513 seconds
2019-02-01T01:08:50.929+0000: 794305.887: Application time: 2.9489302 seconds
2019-02-01T01:08:50.938+0000: 794305.896: Total time for which application threads were stopped: 0.0091741 seconds, Stopping threads took: 0.0003386 seconds
2019-02-01T01:08:50.940+0000: 794305.897: Application time: 0.0013124 seconds
2019-02-01T01:08:50.952+0000: 794305.910: [GC (GCLocker Initiated GC) 2019-02-01T01:08:50.970+0000: 794305.928: [SoftReference, 0 refs, 0.0000618 secs]2019-02-01T01:08:50.970+0000: 794305.928: [WeakReference, 10 refs, 0.0000133 secs]2019-02-01T01:08:50.970+0000: 794305.928: [FinalReference, 484 refs, 0.0002331 secs]2019-02-01T01:08:50.970+0000: 794305.928: [PhantomReference, 0 refs, 0 refs, 0.0000101 secs]2019-02-01T01:08:50.970+0000: 794305.928: [JNI Weak Reference, 0.0000191 secs]
Desired survivor size 92798976 bytes, new threshold 1 (max 15)
[PSYoungGen: 1027121K->55743K(1034240K)] 3902045K->2937514K(4351488K), 0.0239082 secs] [Times: user=0.31 sys=0.00, real=0.02 secs] 
2019-02-01T01:08:50.976+0000: 794305.934: Total time for which application threads were stopped: 0.0365157 seconds, Stopping threads took: 0.0034199 seconds
2019-02-01T01:08:54.259+0000: 794309.217: Application time: 3.2830518 seconds
2019-02-01T01:08:54.268+0000: 794309.226: Total time for which application threads were stopped: 0.0086593 seconds, Stopping threads took: 0.0002572 seconds
2019-02-01T01:08:54.269+0000: 794309.227: Application time: 0.0009257 seconds
2019-02-01T01:08:54.277+0000: 794309.234: [GC (GCLocker Initiated GC) 2019-02-01T01:08:54.289+0000: 794309.247: [SoftReference, 0 refs, 0.0000622 secs]2019-02-01T01:08:54.289+0000: 794309.247: [WeakReference, 30 refs, 0.0000209 secs]2019-02-01T01:08:54.290+0000: 794309.247: [FinalReference, 510 refs, 0.0002651 secs]2019-02-01T01:08:54.290+0000: 794309.248: [PhantomReference, 0 refs, 1 refs, 0.0000109 secs]2019-02-01T01:08:54.290+0000: 794309.248: [JNI Weak Reference, 0.0000191 secs]
Desired survivor size 90701824 bytes, new threshold 1 (max 15)
[PSYoungGen: 1015743K->46811K(994304K)] 3900863K->2939063K(4311552K), 0.0201416 secs] [Times: user=0.25 sys=0.01, real=0.02 secs] 
2019-02-01T01:08:54.297+0000: 794309.255: Total time for which application threads were stopped: 0.0282530 seconds, Stopping threads took: 0.0003929 seconds
2019-02-01T01:08:57.493+0000: 794312.451: Application time: 3.1963168 seconds
2019-02-01T01:08:57.499+0000: 794312.457: Total time for which application threads were stopped: 0.0058591 seconds, Stopping threads took: 0.0002497 seconds
2019-02-01T01:08:57.500+0000: 794312.457: Application time: 0.0003877 seconds
2019-02-01T01:08:57.505+0000: 794312.463: [GC (GCLocker Initiated GC) 2019-02-01T01:08:57.518+0000: 794312.476: [SoftReference, 0 refs, 0.0000667 secs]2019-02-01T01:08:57.518+0000: 794312.476: [WeakReference, 29 refs, 0.0000284 secs]2019-02-01T01:08:57.518+0000: 794312.476: [FinalReference, 509 refs, 0.0016137 secs]2019-02-01T01:08:57.519+0000: 794312.477: [PhantomReference, 0 refs, 0 refs, 0.0000278 secs]2019-02-01T01:08:57.519+0000: 794312.477: [JNI Weak Reference, 0.0000274 secs]
Desired survivor size 89128960 bytes, new threshold 1 (max 15)
[PSYoungGen: 994011K->43603K(1008128K)] 3889596K->2945854K(4325376K), 0.0221638 secs] [Times: user=0.24 sys=0.01, real=0.02 secs] 
2019-02-01T01:08:57.527+0000: 794312.485: Total time for which application threads were stopped: 0.0278687 seconds, Stopping threads took: 0.0001499 seconds
2019-02-01T01:09:00.654+0000: 794315.612: Application time: 3.1265258 seconds
2019-02-01T01:09:00.663+0000: 794315.621: Total time for which application threads were stopped: 0.0090840 seconds, Stopping threads took: 0.0002261 seconds
2019-02-01T01:09:00.664+0000: 794315.622: Application time: 0.0011226 seconds
2019-02-01T01:09:00.673+0000: 794315.631: [GC (GCLocker Initiated GC) 2019-02-01T01:09:00.688+0000: 794315.646: [SoftReference, 0 refs, 0.0000539 secs]2019-02-01T01:09:00.688+0000: 794315.646: [WeakReference, 24 refs, 0.0000192 secs]2019-02-01T01:09:00.688+0000: 794315.646: [FinalReference, 507 refs, 0.0002247 secs]2019-02-01T01:09:00.688+0000: 794315.646: [PhantomReference, 0 refs, 0 refs, 0.0000124 secs]2019-02-01T01:09:00.688+0000: 794315.646: [JNI Weak Reference, 0.0000244 secs]
Desired survivor size 89653248 bytes, new threshold 1 (max 15)
[PSYoungGen: 978515K->64057K(987648K)] 3880779K->2969056K(4304896K), 0.0201531 secs] [Times: user=0.28 sys=0.01, real=0.02 secs] 
2019-02-01T01:09:00.694+0000: 794315.651: Total time for which application threads were stopped: 0.0293880 seconds, Stopping threads took: 0.0003293 seconds
2019-02-01T01:09:03.546+0000: 794318.504: Application time: 2.8527364 seconds
2019-02-01T01:09:03.555+0000: 794318.513: Total time for which application threads were stopped: 0.0091128 seconds, Stopping threads took: 0.0010028 seconds
2019-02-01T01:09:03.557+0000: 794318.515: Application time: 0.0013918 seconds
2019-02-01T01:09:03.565+0000: 794318.523: [GC (GCLocker Initiated GC) 2019-02-01T01:09:03.582+0000: 794318.540: [SoftReference, 0 refs, 0.0000536 secs]2019-02-01T01:09:03.582+0000: 794318.540: [WeakReference, 38 refs, 0.0000374 secs]2019-02-01T01:09:03.582+0000: 794318.540: [FinalReference, 460 refs, 0.0019332 secs]2019-02-01T01:09:03.584+0000: 794318.542: [PhantomReference, 0 refs, 1 refs, 0.0000162 secs]2019-02-01T01:09:03.584+0000: 794318.542: [JNI Weak Reference, 0.0000196 secs]
Desired survivor size 91750400 bytes, new threshold 1 (max 15)
[PSYoungGen: 987193K->68775K(991232K)] 3895673K->2980300K(4308480K), 0.0234054 secs] [Times: user=0.31 sys=0.02, real=0.02 secs] 
2019-02-01T01:09:03.589+0000: 794318.547: Total time for which application threads were stopped: 0.0321566 seconds, Stopping threads took: 0.0002648 seconds
2019-02-01T01:09:06.389+0000: 794321.347: Application time: 2.7997580 seconds
2019-02-01T01:09:06.398+0000: 794321.355: Total time for which application threads were stopped: 0.0087926 seconds, Stopping threads took: 0.0005411 seconds
2019-02-01T01:09:06.398+0000: 794321.356: Application time: 0.0008813 seconds
2019-02-01T01:09:06.407+0000: 794321.365: [GC (GCLocker Initiated GC) 2019-02-01T01:09:06.423+0000: 794321.381: [SoftReference, 0 refs, 0.0000597 secs]2019-02-01T01:09:06.423+0000: 794321.381: [WeakReference, 52 refs, 0.0000259 secs]2019-02-01T01:09:06.423+0000: 794321.381: [FinalReference, 427 refs, 0.0001939 secs]2019-02-01T01:09:06.423+0000: 794321.381: [PhantomReference, 0 refs, 0 refs, 0.0000097 secs]2019-02-01T01:09:06.423+0000: 794321.381: [JNI Weak Reference, 0.0000193 secs]
Desired survivor size 95944704 bytes, new threshold 1 (max 15)
[PSYoungGen: 980135K->76367K(976896K)] 3891725K->2991831K(4294144K), 0.0203232 secs] [Times: user=0.31 sys=0.00, real=0.02 secs] 
2019-02-01T01:09:06.428+0000: 794321.385: Total time for which application threads were stopped: 0.0291263 seconds, Stopping threads took: 0.0002138 seconds
2019-02-01T01:09:09.809+0000: 794324.767: Application time: 3.3812920 seconds
2019-02-01T01:09:09.816+0000: 794324.774: Total time for which application threads were stopped: 0.0072669 seconds, Stopping threads took: 0.0004857 seconds
2019-02-01T01:09:09.817+0000: 794324.775: Application time: 0.0005638 seconds
2019-02-01T01:09:09.824+0000: 794324.782: [GC (GCLocker Initiated GC) 2019-02-01T01:09:09.837+0000: 794324.795: [SoftReference, 0 refs, 0.0000594 secs]2019-02-01T01:09:09.837+0000: 794324.795: [WeakReference, 23 refs, 0.0000197 secs]2019-02-01T01:09:09.837+0000: 794324.795: [FinalReference, 497 refs, 0.0001969 secs]2019-02-01T01:09:09.837+0000: 794324.795: [PhantomReference, 0 refs, 1 refs, 0.0000109 secs]2019-02-01T01:09:09.837+0000: 794324.795: [JNI Weak Reference, 0.0000191 secs]
Desired survivor size 95420416 bytes, new threshold 1 (max 15)
[PSYoungGen: 976463K->40161K(970240K)] 3891963K->2959341K(4287488K), 0.0190836 secs] [Times: user=0.23 sys=0.01, real=0.02 secs] 
2019-02-01T01:09:09.843+0000: 794324.801: Total time for which application threads were stopped: 0.0265162 seconds, Stopping threads took: 0.0002754 seconds
2019-02-01T01:09:12.952+0000: 794327.910: Application time: 3.1089645 seconds
2019-02-01T01:09:12.961+0000: 794327.919: Total time for which application threads were stopped: 0.0086455 seconds, Stopping threads took: 0.0016354 seconds
2019-02-01T01:09:12.962+0000: 794327.920: Application time: 0.0012334 seconds
2019-02-01T01:09:12.969+0000: 794327.927: [GC (GCLocker Initiated GC) 2019-02-01T01:09:12.986+0000: 794327.943: [SoftReference, 0 refs, 0.0000558 secs]2019-02-01T01:09:12.986+0000: 794327.943: [WeakReference, 101 refs, 0.0000431 secs]2019-02-01T01:09:12.986+0000: 794327.944: [FinalReference, 493 refs, 0.0002431 secs]2019-02-01T01:09:12.986+0000: 794327.944: [PhantomReference, 0 refs, 1 refs, 0.0000114 secs]2019-02-01T01:09:12.986+0000: 794327.944: [JNI Weak Reference, 0.0000196 secs]
Desired survivor size 94896128 bytes, new threshold 1 (max 15)
[PSYoungGen: 928993K->65482K(943616K)] 3848323K->2987965K(4260864K), 0.0221283 secs] [Times: user=0.27 sys=0.00, real=0.02 secs] 
2019-02-01T01:09:12.992+0000: 794327.950: Total time for which application threads were stopped: 0.0297403 seconds, Stopping threads took: 0.0002745 seconds
2019-02-01T01:09:15.611+0000: 794330.569: Application time: 2.6189886 seconds
2019-02-01T01:09:15.620+0000: 794330.577: Total time for which application threads were stopped: 0.0087741 seconds, Stopping threads took: 0.0002131 seconds
2019-02-01T01:09:15.620+0000: 794330.578: Application time: 0.0005312 seconds
2019-02-01T01:09:15.629+0000: 794330.587: [GC (GCLocker Initiated GC) 2019-02-01T01:09:15.644+0000: 794330.602: [SoftReference, 0 refs, 0.0000528 secs]2019-02-01T01:09:15.644+0000: 794330.602: [WeakReference, 1 refs, 0.0000093 secs]2019-02-01T01:09:15.644+0000: 794330.602: [FinalReference, 437 refs, 0.0002041 secs]2019-02-01T01:09:15.644+0000: 794330.602: [PhantomReference, 0 refs, 1 refs, 0.0000104 secs]2019-02-01T01:09:15.644+0000: 794330.602: [JNI Weak Reference, 0.0000185 secs]
Desired survivor size 91750400 bytes, new threshold 1 (max 15)
[PSYoungGen: 943562K->55298K(943104K)] 3876039K->2990440K(4260352K), 0.0208603 secs] [Times: user=0.26 sys=0.00, real=0.02 secs] 
2019-02-01T01:09:15.650+0000: 794330.608: Total time for which application threads were stopped: 0.0300805 seconds, Stopping threads took: 0.0003683 seconds
2019-02-01T01:09:18.243+0000: 794333.201: Application time: 2.5929009 seconds
2019-02-01T01:09:18.251+0000: 794333.209: Total time for which application threads were stopped: 0.0083695 seconds, Stopping threads took: 0.0011292 seconds
2019-02-01T01:09:18.252+0000: 794333.210: Application time: 0.0008323 seconds
2019-02-01T01:09:18.260+0000: 794333.218: [GC (GCLocker Initiated GC) 2019-02-01T01:09:18.275+0000: 794333.232: [SoftReference, 0 refs, 0.0000541 secs]2019-02-01T01:09:18.275+0000: 794333.233: [WeakReference, 24 refs, 0.0000184 secs]2019-02-01T01:09:18.275+0000: 794333.233: [FinalReference, 426 refs, 0.0002717 secs]2019-02-01T01:09:18.275+0000: 794333.233: [PhantomReference, 0 refs, 1 refs, 0.0000132 secs]2019-02-01T01:09:18.275+0000: 794333.233: [JNI Weak Reference, 0.0000196 secs]
Desired survivor size 90177536 bytes, new threshold 1 (max 15)
[PSYoungGen: 922626K->61072K(918528K)] 3861974K->3004019K(4235776K), 0.0211921 secs] [Times: user=0.25 sys=0.01, real=0.02 secs] 
2019-02-01T01:09:18.281+0000: 794333.239: Total time for which application threads were stopped: 0.0289742 seconds, Stopping threads took: 0.0001900 seconds
2019-02-01T01:09:21.137+0000: 794336.095: Application time: 2.8557157 seconds
2019-02-01T01:09:21.147+0000: 794336.104: Total time for which application threads were stopped: 0.0095513 seconds, Stopping threads took: 0.0012426 seconds
2019-02-01T01:09:21.148+0000: 794336.106: Application time: 0.0012466 seconds
2019-02-01T01:09:21.156+0000: 794336.114: [GC (GCLocker Initiated GC) 2019-02-01T01:09:21.173+0000: 794336.131: [SoftReference, 0 refs, 0.0000781 secs]2019-02-01T01:09:21.173+0000: 794336.131: [WeakReference, 0 refs, 0.0000215 secs]2019-02-01T01:09:21.173+0000: 794336.131: [FinalReference, 498 refs, 0.0003467 secs]2019-02-01T01:09:21.174+0000: 794336.132: [PhantomReference, 0 refs, 1 refs, 0.0000204 secs]2019-02-01T01:09:21.174+0000: 794336.132: [JNI Weak Reference, 0.0000320 secs]
Desired survivor size 91750400 bytes, new threshold 1 (max 15)
[PSYoungGen: 918160K->29652K(927744K)] 3867806K->2981847K(4244992K), 0.0243452 secs] [Times: user=0.24 sys=0.00, real=0.02 secs] 
2019-02-01T01:09:21.181+0000: 794336.139: Total time for which application threads were stopped: 0.0333575 seconds, Stopping threads took: 0.0001896 seconds
2019-02-01T01:09:23.813+0000: 794338.771: Application time: 2.6321962 seconds
2019-02-01T01:09:23.822+0000: 794338.780: Total time for which application threads were stopped: 0.0088005 seconds, Stopping threads took: 0.0002371 seconds
2019-02-01T01:09:23.823+0000: 794338.781: Application time: 0.0004759 seconds
2019-02-01T01:09:23.832+0000: 794338.789: [GC (GCLocker Initiated GC) 2019-02-01T01:09:23.845+0000: 794338.803: [SoftReference, 0 refs, 0.0000734 secs]2019-02-01T01:09:23.845+0000: 794338.803: [WeakReference, 9 refs, 0.0000402 secs]2019-02-01T01:09:23.845+0000: 794338.803: [FinalReference, 437 refs, 0.0003229 secs]2019-02-01T01:09:23.846+0000: 794338.804: [PhantomReference, 0 refs, 0 refs, 0.0000196 secs]2019-02-01T01:09:23.846+0000: 794338.804: [JNI Weak Reference, 0.0000318 secs]
Desired survivor size 89653248 bytes, new threshold 1 (max 15)
[PSYoungGen: 876500K->47206K(884224K)] 3828710K->3003208K(4201472K), 0.0219562 secs] [Times: user=0.25 sys=0.00, real=0.02 secs] 
2019-02-01T01:09:23.854+0000: 794338.812: Total time for which application threads were stopped: 0.0310050 seconds, Stopping threads took: 0.0001658 seconds
2019-02-01T01:09:26.252+0000: 794341.210: Application time: 2.3983706 seconds
2019-02-01T01:09:26.261+0000: 794341.219: Total time for which application threads were stopped: 0.0089933 seconds, Stopping threads took: 0.0002418 seconds
2019-02-01T01:09:26.263+0000: 794341.220: Application time: 0.0014616 seconds
2019-02-01T01:09:26.272+0000: 794341.229: [GC (GCLocker Initiated GC) 2019-02-01T01:09:26.289+0000: 794341.247: [SoftReference, 0 refs, 0.0000555 secs]2019-02-01T01:09:26.289+0000: 794341.247: [WeakReference, 10 refs, 0.0000135 secs]2019-02-01T01:09:26.289+0000: 794341.247: [FinalReference, 435 refs, 0.0002075 secs]2019-02-01T01:09:26.289+0000: 794341.247: [PhantomReference, 0 refs, 0 refs, 0.0000099 secs]2019-02-01T01:09:26.289+0000: 794341.247: [JNI Weak Reference, 0.0000192 secs]
Desired survivor size 88080384 bytes, new threshold 1 (max 15)
[PSYoungGen: 883814K->59507K(901632K)] 3840001K->3018885K(4218880K), 0.0234964 secs] [Times: user=0.28 sys=0.01, real=0.02 secs] 
2019-02-01T01:09:26.295+0000: 794341.253: Total time for which application threads were stopped: 0.0328068 seconds, Stopping threads took: 0.0003424 seconds
2019-02-01T01:09:28.130+0000: 794343.087: Application time: 1.8343093 seconds
2019-02-01T01:09:28.137+0000: 794343.095: Total time for which application threads were stopped: 0.0073800 seconds, Stopping threads took: 0.0002687 seconds
2019-02-01T01:09:28.138+0000: 794343.096: Application time: 0.0007891 seconds
2019-02-01T01:09:28.145+0000: 794343.103: [GC (GCLocker Initiated GC) 2019-02-01T01:09:28.160+0000: 794343.118: [SoftReference, 0 refs, 0.0000741 secs]2019-02-01T01:09:28.161+0000: 794343.118: [WeakReference, 57 refs, 0.0000313 secs]2019-02-01T01:09:28.161+0000: 794343.118: [FinalReference, 471 refs, 0.0002224 secs]2019-02-01T01:09:28.161+0000: 794343.119: [PhantomReference, 0 refs, 0 refs, 0.0000100 secs]2019-02-01T01:09:28.161+0000: 794343.119: [JNI Weak Reference, 0.0000254 secs]
Desired survivor size 86507520 bytes, new threshold 1 (max 15)
[PSYoungGen: 886387K->46833K(912896K)] 3845814K->3009935K(4230144K), 0.0193668 secs] [Times: user=0.29 sys=0.00, real=0.02 secs] 
2019-02-01T01:09:28.165+0000: 794343.123: Total time for which application threads were stopped: 0.0269098 seconds, Stopping threads took: 0.0002044 seconds
2019-02-01T01:09:30.542+0000: 794345.500: Application time: 2.3769477 seconds
2019-02-01T01:09:30.548+0000: 794345.505: Total time for which application threads were stopped: 0.0058819 seconds, Stopping threads took: 0.0002044 seconds
2019-02-01T01:09:30.548+0000: 794345.506: Application time: 0.0006250 seconds
2019-02-01T01:09:30.554+0000: 794345.512: [GC (GCLocker Initiated GC) 2019-02-01T01:09:32.386+0000: 794347.344: [SoftReference, 0 refs, 0.0000450 secs]2019-02-01T01:09:32.386+0000: 794347.344: [WeakReference, 12 refs, 0.0000157 secs]2019-02-01T01:09:32.386+0000: 794347.344: [FinalReference, 471 refs, 0.0002682 secs]2019-02-01T01:09:32.386+0000: 794347.344: [PhantomReference, 0 refs, 0 refs, 0.0000100 secs]2019-02-01T01:09:32.386+0000: 794347.344: [JNI Weak Reference, 0.0000185 secs]
Desired survivor size 86507520 bytes, new threshold 1 (max 15)
[PSYoungGen: 873713K->62227K(1039360K)] 3840166K->3037038K(4356608K), 1.8360369 secs] [Times: user=36.12 sys=3.88, real=1.84 secs] 
2019-02-01T01:09:32.390+0000: 794347.348: Total time for which application threads were stopped: 1.8418307 seconds, Stopping threads took: 0.0001931 seconds
2019-02-01T01:09:33.577+0000: 794348.535: Application time: 1.1866558 seconds
2019-02-01T01:09:33.583+0000: 794348.541: Total time for which application threads were stopped: 0.0064776 seconds, Stopping threads took: 0.0002077 seconds
2019-02-01T01:09:33.584+0000: 794348.542: Application time: 0.0011756 seconds
2019-02-01T01:09:33.591+0000: 794348.548: [GC (GCLocker Initiated GC) 2019-02-01T01:09:35.796+0000: 794350.753: [SoftReference, 0 refs, 0.0000468 secs]2019-02-01T01:09:35.796+0000: 794350.753: [WeakReference, 66 refs, 0.0000343 secs]2019-02-01T01:09:35.796+0000: 794350.753: [FinalReference, 531 refs, 0.0002539 secs]2019-02-01T01:09:35.796+0000: 794350.754: [PhantomReference, 0 refs, 0 refs, 0.0000114 secs]2019-02-01T01:09:35.796+0000: 794350.754: [JNI Weak Reference, 0.0000191 secs]
Desired survivor size 116391936 bytes, new threshold 1 (max 15)
[PSYoungGen: 1017107K->84465K(1039360K)] 3991942K->3115992K(4356608K), 2.2092258 secs] [Times: user=14.98 sys=34.27, real=2.21 secs] 
2019-02-01T01:09:35.800+0000: 794350.758: Total time for which application threads were stopped: 2.2156208 seconds, Stopping threads took: 0.0002538 seconds
2019-02-01T01:09:36.746+0000: 794351.704: Application time: 0.9464128 seconds
2019-02-01T01:09:36.753+0000: 794351.711: Total time for which application threads were stopped: 0.0065035 seconds, Stopping threads took: 0.0003967 seconds
2019-02-01T01:09:36.755+0000: 794351.712: Application time: 0.0016031 seconds
2019-02-01T01:09:36.761+0000: 794351.719: [GC (GCLocker Initiated GC) 2019-02-01T01:09:36.804+0000: 794351.761: [SoftReference, 0 refs, 0.0000540 secs]2019-02-01T01:09:36.804+0000: 794351.761: [WeakReference, 58 refs, 0.0000302 secs]2019-02-01T01:09:36.804+0000: 794351.761: [FinalReference, 0 refs, 0.0000076 secs]2019-02-01T01:09:36.804+0000: 794351.761: [PhantomReference, 0 refs, 4 refs, 0.0000108 secs]2019-02-01T01:09:36.804+0000: 794351.761: [JNI Weak Reference, 0.0000181 secs]
Desired survivor size 172490752 bytes, new threshold 1 (max 15)
[PSYoungGen: 1039345K->113651K(1203200K)] 4071472K->3257807K(4520448K), 0.0461062 secs] [Times: user=0.55 sys=0.35, real=0.04 secs] 
2019-02-01T01:09:36.807+0000: 794351.765: Total time for which application threads were stopped: 0.0528656 seconds, Stopping threads took: 0.0001050 seconds
2019-02-01T01:09:38.821+0000: 794353.779: Application time: 2.0136231 seconds
2019-02-01T01:09:38.831+0000: 794353.789: Total time for which application threads were stopped: 0.0098167 seconds, Stopping threads took: 0.0004165 seconds
2019-02-01T01:09:38.833+0000: 794353.791: Application time: 0.0026059 seconds
2019-02-01T01:09:38.843+0000: 794353.801: [GC (GCLocker Initiated GC) 2019-02-01T01:09:38.872+0000: 794353.829: [SoftReference, 0 refs, 0.0000623 secs]2019-02-01T01:09:38.872+0000: 794353.830: [WeakReference, 90 refs, 0.0000402 secs]2019-02-01T01:09:38.872+0000: 794353.830: [FinalReference, 695 refs, 0.0004437 secs]2019-02-01T01:09:38.872+0000: 794353.830: [PhantomReference, 0 refs, 1 refs, 0.0000130 secs]2019-02-01T01:09:38.872+0000: 794353.830: [JNI Weak Reference, 0.0000194 secs]
Desired survivor size 167247872 bytes, new threshold 1 (max 15)
[PSYoungGen: 1203187K->89021K(1257984K)] 4347648K->3242205K(4575232K), 0.0321954 secs] [Times: user=0.39 sys=0.14, real=0.03 secs] 
2019-02-01T01:09:38.876+0000: 794353.834: Total time for which application threads were stopped: 0.0423137 seconds, Stopping threads took: 0.0006714 seconds
2019-02-01T01:09:40.371+0000: 794355.329: Application time: 1.4951641 seconds
2019-02-01T01:09:40.381+0000: 794355.339: Total time for which application threads were stopped: 0.0102661 seconds, Stopping threads took: 0.0013891 seconds
2019-02-01T01:09:41.173+0000: 794356.131: Application time: 0.7921069 seconds
2019-02-01T01:09:41.182+0000: 794356.140: Total time for which application threads were stopped: 0.0090536 seconds, Stopping threads took: 0.0003311 seconds
2019-02-01T01:09:41.183+0000: 794356.141: Application time: 0.0009329 seconds
2019-02-01T01:09:41.192+0000: 794356.150: [GC (GCLocker Initiated GC) 2019-02-01T01:09:41.227+0000: 794356.185: [SoftReference, 0 refs, 0.0000615 secs]2019-02-01T01:09:41.227+0000: 794356.185: [WeakReference, 83 refs, 0.0000370 secs]2019-02-01T01:09:41.227+0000: 794356.185: [FinalReference, 580 refs, 0.0003324 secs]2019-02-01T01:09:41.227+0000: 794356.185: [PhantomReference, 0 refs, 0 refs, 0.0000100 secs]2019-02-01T01:09:41.227+0000: 794356.185: [JNI Weak Reference, 0.0000188 secs]
Desired survivor size 166199296 bytes, new threshold 1 (max 15)
[PSYoungGen: 1178557K->100808K(1463808K)] 4331805K->3270259K(4781056K), 0.0378981 secs] [Times: user=0.54 sys=0.14, real=0.04 secs] 
2019-02-01T01:09:41.231+0000: 794356.188: Total time for which application threads were stopped: 0.0472456 seconds, Stopping threads took: 0.0002164 seconds
2019-02-01T01:09:44.740+0000: 794359.697: Application time: 3.5090369 seconds
2019-02-01T01:09:44.749+0000: 794359.706: Total time for which application threads were stopped: 0.0089733 seconds, Stopping threads took: 0.0002879 seconds
2019-02-01T01:09:44.750+0000: 794359.708: Application time: 0.0012632 seconds
2019-02-01T01:09:44.759+0000: 794359.717: [GC (GCLocker Initiated GC) 2019-02-01T01:09:44.778+0000: 794359.736: [SoftReference, 0 refs, 0.0000626 secs]2019-02-01T01:09:44.778+0000: 794359.736: [WeakReference, 19 refs, 0.0000175 secs]2019-02-01T01:09:44.778+0000: 794359.736: [FinalReference, 586 refs, 0.0003313 secs]2019-02-01T01:09:44.778+0000: 794359.736: [PhantomReference, 0 refs, 1 refs, 0.0000242 secs]2019-02-01T01:09:44.778+0000: 794359.736: [JNI Weak Reference, 0.0000194 secs]
Desired survivor size 164102144 bytes, new threshold 1 (max 15)
[PSYoungGen: 1404360K->49270K(1465856K)] 4573994K->3225683K(4783104K), 0.0229457 secs] [Times: user=0.29 sys=0.00, real=0.03 secs] 
2019-02-01T01:09:44.782+0000: 794359.740: Total time for which application threads were stopped: 0.0321406 seconds, Stopping threads took: 0.0003880 seconds
2019-02-01T01:09:48.513+0000: 794363.471: Application time: 3.7313049 seconds
2019-02-01T01:09:48.522+0000: 794363.480: Total time for which application threads were stopped: 0.0087494 seconds, Stopping threads took: 0.0003375 seconds
2019-02-01T01:09:48.523+0000: 794363.481: Application time: 0.0010736 seconds
2019-02-01T01:09:48.536+0000: 794363.494: [GC (GCLocker Initiated GC) 2019-02-01T01:09:52.118+0000: 794367.076: [SoftReference, 0 refs, 0.0000527 secs]2019-02-01T01:09:52.118+0000: 794367.076: [WeakReference, 29 refs, 0.0000294 secs]2019-02-01T01:09:52.119+0000: 794367.076: [FinalReference, 689 refs, 0.0004083 secs]2019-02-01T01:09:52.119+0000: 794367.077: [PhantomReference, 0 refs, 0 refs, 0.0000113 secs]2019-02-01T01:09:52.119+0000: 794367.077: [JNI Weak Reference, 0.0000209 secs]
Desired survivor size 157286400 bytes, new threshold 1 (max 15)
[PSYoungGen: 1352822K->83884K(1711616K)] 4532644K->3268170K(5028864K), 3.5858181 secs] [Times: user=40.83 sys=38.43, real=3.59 secs] 
2019-02-01T01:09:52.122+0000: 794367.080: Total time for which application threads were stopped: 3.5990997 seconds, Stopping threads took: 0.0044930 seconds
2019-02-01T01:09:56.493+0000: 794371.451: Application time: 4.3712546 seconds
2019-02-01T01:09:56.501+0000: 794371.459: Total time for which application threads were stopped: 0.0072042 seconds, Stopping threads took: 0.0002819 seconds
2019-02-01T01:09:56.501+0000: 794371.459: Application time: 0.0002400 seconds
2019-02-01T01:09:56.510+0000: 794371.468: Total time for which application threads were stopped: 0.0091259 seconds, Stopping threads took: 0.0003451 seconds
2019-02-01T01:09:56.511+0000: 794371.469: Application time: 0.0012225 seconds
2019-02-01T01:09:56.521+0000: 794371.478: [GC (GCLocker Initiated GC) 2019-02-01T01:09:56.547+0000: 794371.505: [SoftReference, 0 refs, 0.0000588 secs]2019-02-01T01:09:56.547+0000: 794371.505: [WeakReference, 57 refs, 0.0000302 secs]2019-02-01T01:09:56.547+0000: 794371.505: [FinalReference, 973 refs, 0.0004899 secs]2019-02-01T01:09:56.547+0000: 794371.505: [PhantomReference, 0 refs, 64 refs, 0.0000244 secs]2019-02-01T01:09:56.547+0000: 794371.505: [JNI Weak Reference, 0.0000276 secs]
Desired survivor size 153092096 bytes, new threshold 1 (max 15)
[PSYoungGen: 1645484K->60842K(1715200K)] 4829780K->3249759K(5032448K), 0.0300086 secs] [Times: user=0.41 sys=0.09, real=0.03 secs] 
2019-02-01T01:09:56.551+0000: 794371.509: Total time for which application threads were stopped: 0.0395917 seconds, Stopping threads took: 0.0002544 seconds
2019-02-01T01:10:00.306+0000: 794375.263: Application time: 3.7547612 seconds
2019-02-01T01:10:00.314+0000: 794375.272: Total time for which application threads were stopped: 0.0086091 seconds, Stopping threads took: 0.0003307 seconds
2019-02-01T01:10:00.315+0000: 794375.272: Application time: 0.0003738 seconds
2019-02-01T01:10:00.322+0000: 794375.280: [GC (GCLocker Initiated GC) 2019-02-01T01:10:00.340+0000: 794375.298: [SoftReference, 0 refs, 0.0000541 secs]2019-02-01T01:10:00.340+0000: 794375.298: [WeakReference, 96 refs, 0.0000459 secs]2019-02-01T01:10:00.340+0000: 794375.298: [FinalReference, 807 refs, 0.0005232 secs]2019-02-01T01:10:00.341+0000: 794375.299: [PhantomReference, 0 refs, 2 refs, 0.0000108 secs]2019-02-01T01:10:00.341+0000: 794375.299: [JNI Weak Reference, 0.0000252 secs]
Desired survivor size 151519232 bytes, new threshold 1 (max 15)
[PSYoungGen: 1622442K->46453K(1765888K)] 4812011K->3257877K(5083136K), 0.0218193 secs] [Times: user=0.34 sys=0.02, real=0.02 secs] 
2019-02-01T01:10:00.344+0000: 794375.302: Total time for which application threads were stopped: 0.0297066 seconds, Stopping threads took: 0.0002438 seconds
2019-02-01T01:10:08.465+0000: 794383.423: Application time: 8.1203320 seconds
2019-02-01T01:10:08.473+0000: 794383.431: Total time for which application threads were stopped: 0.0087728 seconds, Stopping threads took: 0.0002403 seconds
2019-02-01T01:10:08.474+0000: 794383.432: Application time: 0.0006364 seconds
2019-02-01T01:10:08.483+0000: 794383.441: [GC (GCLocker Initiated GC) 2019-02-01T01:10:08.502+0000: 794383.460: [SoftReference, 0 refs, 0.0000612 secs]2019-02-01T01:10:08.502+0000: 794383.460: [WeakReference, 27 refs, 0.0000199 secs]2019-02-01T01:10:08.502+0000: 794383.460: [FinalReference, 929 refs, 0.0006115 secs]2019-02-01T01:10:08.503+0000: 794383.461: [PhantomReference, 0 refs, 0 refs, 0.0000100 secs]2019-02-01T01:10:08.503+0000: 794383.461: [JNI Weak Reference, 0.0000188 secs]
Desired survivor size 152567808 bytes, new threshold 1 (max 15)
[PSYoungGen: 1665397K->24949K(1766912K)] 4876989K->3241418K(5084160K), 0.0231883 secs] [Times: user=0.32 sys=0.03, real=0.03 secs] 
2019-02-01T01:10:08.506+0000: 794383.464: Total time for which application threads were stopped: 0.0321255 seconds, Stopping threads took: 0.0002910 seconds
2019-02-01T01:10:12.996+0000: 794387.954: Application time: 4.4900302 seconds
2019-02-01T01:10:13.004+0000: 794387.961: Total time for which application threads were stopped: 0.0072448 seconds, Stopping threads took: 0.0003681 seconds
2019-02-01T01:10:13.005+0000: 794387.962: Application time: 0.0009836 seconds
2019-02-01T01:10:13.012+0000: 794387.969: [GC (GCLocker Initiated GC) 2019-02-01T01:10:13.035+0000: 794387.993: [SoftReference, 0 refs, 0.0000596 secs]2019-02-01T01:10:13.035+0000: 794387.993: [WeakReference, 40 refs, 0.0000412 secs]2019-02-01T01:10:13.035+0000: 794387.993: [FinalReference, 865 refs, 0.0004928 secs]2019-02-01T01:10:13.036+0000: 794387.994: [PhantomReference, 0 refs, 0 refs, 0.0000101 secs]2019-02-01T01:10:13.036+0000: 794387.994: [JNI Weak Reference, 0.0000193 secs]
Desired survivor size 150470656 bytes, new threshold 1 (max 15)
[PSYoungGen: 1643893K->85872K(1771008K)] 4863718K->3308147K(5088256K), 0.0273760 secs] [Times: user=0.41 sys=0.08, real=0.03 secs] 
2019-02-01T01:10:13.039+0000: 794387.997: Total time for which application threads were stopped: 0.0346323 seconds, Stopping threads took: 0.0002348 seconds
2019-02-01T01:10:18.744+0000: 794393.702: Application time: 5.7047764 seconds
2019-02-01T01:10:18.753+0000: 794393.711: Total time for which application threads were stopped: 0.0094748 seconds, Stopping threads took: 0.0003331 seconds
2019-02-01T01:10:18.755+0000: 794393.713: Application time: 0.0018855 seconds
2019-02-01T01:10:18.765+0000: 794393.723: [GC (GCLocker Initiated GC) 2019-02-01T01:10:20.301+0000: 794395.259: [SoftReference, 0 refs, 0.0000586 secs]2019-02-01T01:10:20.301+0000: 794395.259: [WeakReference, 52 refs, 0.0000377 secs]2019-02-01T01:10:20.301+0000: 794395.259: [FinalReference, 831 refs, 0.0005074 secs]2019-02-01T01:10:20.302+0000: 794395.260: [PhantomReference, 0 refs, 0 refs, 0.0000115 secs]2019-02-01T01:10:20.302+0000: 794395.260: [JNI Weak Reference, 0.0000208 secs]
Desired survivor size 147324928 bytes, new threshold 1 (max 15)
[PSYoungGen: 1710960K->83786K(1772032K)] 4936772K->3313512K(5089280K), 1.5397690 secs] [Times: user=24.50 sys=9.50, real=1.53 secs] 
2019-02-01T01:10:20.305+0000: 794395.263: Total time for which application threads were stopped: 1.5498943 seconds, Stopping threads took: 0.0002986 seconds
2019-02-01T01:10:24.998+0000: 794399.955: Application time: 4.6924284 seconds
2019-02-01T01:10:25.006+0000: 794399.964: Total time for which application threads were stopped: 0.0087782 seconds, Stopping threads took: 0.0003274 seconds
2019-02-01T01:10:25.007+0000: 794399.965: Application time: 0.0006683 seconds
2019-02-01T01:10:25.016+0000: 794399.974: [GC (GCLocker Initiated GC) 2019-02-01T01:10:25.031+0000: 794399.989: [SoftReference, 0 refs, 0.0000828 secs]2019-02-01T01:10:25.031+0000: 794399.989: [WeakReference, 29 refs, 0.0000390 secs]2019-02-01T01:10:25.031+0000: 794399.989: [FinalReference, 828 refs, 0.0006997 secs]2019-02-01T01:10:25.032+0000: 794399.989: [PhantomReference, 0 refs, 0 refs, 0.0000200 secs]2019-02-01T01:10:25.032+0000: 794399.989: [JNI Weak Reference, 0.0000331 secs]
Desired survivor size 146276352 bytes, new threshold 1 (max 15)
[PSYoungGen: 1708874K->37848K(1774080K)] 4941949K->3274288K(5091328K), 0.0206009 secs] [Times: user=0.28 sys=0.00, real=0.03 secs] 
2019-02-01T01:10:25.037+0000: 794399.995: Total time for which application threads were stopped: 0.0297237 seconds, Stopping threads took: 0.0002437 seconds
2019-02-01T01:10:30.668+0000: 794405.626: Application time: 5.6309218 seconds
2019-02-01T01:10:30.677+0000: 794405.635: Total time for which application threads were stopped: 0.0095754 seconds, Stopping threads took: 0.0003717 seconds
2019-02-01T01:10:30.678+0000: 794405.636: Application time: 0.0009850 seconds
2019-02-01T01:10:30.686+0000: 794405.644: [GC (GCLocker Initiated GC) 2019-02-01T01:10:30.700+0000: 794405.658: [SoftReference, 0 refs, 0.0000611 secs]2019-02-01T01:10:30.700+0000: 794405.658: [WeakReference, 20 refs, 0.0000224 secs]2019-02-01T01:10:30.700+0000: 794405.658: [FinalReference, 824 refs, 0.0005390 secs]2019-02-01T01:10:30.701+0000: 794405.658: [PhantomReference, 0 refs, 0 refs, 0.0000111 secs]2019-02-01T01:10:30.701+0000: 794405.658: [JNI Weak Reference, 0.0000189 secs]
Desired survivor size 143130624 bytes, new threshold 1 (max 15)
[PSYoungGen: 1668056K->43303K(1773056K)] 4904525K->3283974K(5090304K), 0.0183188 secs] [Times: user=0.27 sys=0.00, real=0.02 secs] 
2019-02-01T01:10:30.704+0000: 794405.662: Total time for which application threads were stopped: 0.0259428 seconds, Stopping threads took: 0.0003036 seconds
2019-02-01T01:10:35.962+0000: 794410.920: Application time: 5.2575502 seconds
2019-02-01T01:10:35.971+0000: 794410.929: Total time for which application threads were stopped: 0.0089945 seconds, Stopping threads took: 0.0003145 seconds
2019-02-01T01:10:35.971+0000: 794410.929: Application time: 0.0002262 seconds
2019-02-01T01:10:35.980+0000: 794410.938: Total time for which application threads were stopped: 0.0090361 seconds, Stopping threads took: 0.0002077 seconds
2019-02-01T01:10:35.981+0000: 794410.938: Application time: 0.0004211 seconds
2019-02-01T01:10:35.987+0000: 794410.945: [GC (GCLocker Initiated GC) 2019-02-01T01:10:36.001+0000: 794410.959: [SoftReference, 0 refs, 0.0000587 secs]2019-02-01T01:10:36.002+0000: 794410.959: [WeakReference, 22 refs, 0.0000191 secs]2019-02-01T01:10:36.002+0000: 794410.959: [FinalReference, 675 refs, 0.0003265 secs]2019-02-01T01:10:36.002+0000: 794410.960: [PhantomReference, 0 refs, 0 refs, 0.0000242 secs]2019-02-01T01:10:36.002+0000: 794410.960: [JNI Weak Reference, 0.0000187 secs]
Desired survivor size 144179200 bytes, new threshold 1 (max 15)
[PSYoungGen: 1673511K->19123K(1774080K)] 4914213K->3262319K(5091328K), 0.0176511 secs] [Times: user=0.22 sys=0.01, real=0.01 secs] 
2019-02-01T01:10:36.005+0000: 794410.963: Total time for which application threads were stopped: 0.0248470 seconds, Stopping threads took: 0.0002606 seconds
2019-02-01T01:10:40.369+0000: 794415.326: Application time: 4.3631590 seconds
2019-02-01T01:10:40.378+0000: 794415.336: Total time for which application threads were stopped: 0.0091656 seconds, Stopping threads took: 0.0002864 seconds
2019-02-01T01:10:42.378+0000: 794417.336: Application time: 2.0001907 seconds
2019-02-01T01:10:43.344+0000: 794418.302: Total time for which application threads were stopped: 0.9666000 seconds, Stopping threads took: 0.9578770 seconds
2019-02-01T01:10:43.351+0000: 794418.309: Application time: 0.0064248 seconds
2019-02-01T01:10:44.482+0000: 794419.440: [Full GC (Ergonomics) 2019-02-01T01:10:44.807+0000: 794419.765: [SoftReference, 101 refs, 0.0000968 secs]2019-02-01T01:10:44.807+0000: 794419.765: [WeakReference, 10867 refs, 0.0014694 secs]2019-02-01T01:10:44.808+0000: 794419.766: [FinalReference, 14140 refs, 0.0222335 secs]2019-02-01T01:10:44.831+0000: 794419.789: [PhantomReference, 0 refs, 891 refs, 0.0001331 secs]2019-02-01T01:10:44.831+0000: 794419.789: [JNI Weak Reference, 0.0000254 secs][PSYoungGen: 1653427K->0K(1774080K)] [ParOldGen: 3281981K->709134K(3402240K)] 4935408K->709134K(5176320K), [Metaspace: 75251K->75251K(1118208K)], 0.5270119 secs] [Times: user=8.37 sys=0.00, real=0.53 secs] 
2019-02-01T01:10:45.010+0000: 794419.968: Total time for which application threads were stopped: 1.6587698 seconds, Stopping threads took: 1.1240487 seconds
2019-02-01T01:10:45.011+0000: 794419.968: Application time: 0.0008098 seconds
2019-02-01T01:10:45.021+0000: 794419.979: [GC (GCLocker Initiated GC) 2019-02-01T01:10:45.029+0000: 794419.986: [SoftReference, 0 refs, 0.0000596 secs]2019-02-01T01:10:45.029+0000: 794419.986: [WeakReference, 1 refs, 0.0000091 secs]2019-02-01T01:10:45.029+0000: 794419.986: [FinalReference, 0 refs, 0.0000075 secs]2019-02-01T01:10:45.029+0000: 794419.986: [PhantomReference, 0 refs, 0 refs, 0.0000089 secs]2019-02-01T01:10:45.029+0000: 794419.986: [JNI Weak Reference, 0.0000172 secs]
Desired survivor size 145752064 bytes, new threshold 1 (max 15)
[PSYoungGen: 10047K->7154K(1775104K)] 719182K->716288K(5177344K), 0.0112657 secs] [Times: user=0.10 sys=0.00, real=0.01 secs] 
2019-02-01T01:10:45.033+0000: 794419.991: Total time for which application threads were stopped: 0.0223872 seconds, Stopping threads took: 0.0029058 seconds
2019-02-01T01:10:49.908+0000: 794424.866: Application time: 4.8753770 seconds
2019-02-01T01:10:49.917+0000: 794424.875: Total time for which application threads were stopped: 0.0089858 seconds, Stopping threads took: 0.0006536 seconds
2019-02-01T01:10:49.918+0000: 794424.876: Application time: 0.0010176 seconds
2019-02-01T01:10:49.927+0000: 794424.885: [GC (GCLocker Initiated GC) 2019-02-01T01:10:49.942+0000: 794424.900: [SoftReference, 0 refs, 0.0000603 secs]2019-02-01T01:10:49.942+0000: 794424.900: [WeakReference, 25 refs, 0.0000221 secs]2019-02-01T01:10:49.942+0000: 794424.900: [FinalReference, 754 refs, 0.0004921 secs]2019-02-01T01:10:49.942+0000: 794424.900: [PhantomReference, 0 refs, 1 refs, 0.0000110 secs]2019-02-01T01:10:49.943+0000: 794424.900: [JNI Weak Reference, 0.0000191 secs]
Desired survivor size 142606336 bytes, new threshold 1 (max 15)
[PSYoungGen: 1641438K->71656K(1776640K)] 2350769K->781099K(5178880K), 0.0185171 secs] [Times: user=0.27 sys=0.00, real=0.02 secs] 
2019-02-01T01:10:49.946+0000: 794424.904: Total time for which application threads were stopped: 0.0276518 seconds, Stopping threads took: 0.0004761 seconds
2019-02-01T01:10:55.963+0000: 794430.921: Application time: 6.0169189 seconds
2019-02-01T01:10:55.976+0000: 794430.934: Total time for which application threads were stopped: 0.0132245 seconds, Stopping threads took: 0.0048752 seconds
2019-02-01T01:10:55.977+0000: 794430.935: Application time: 0.0009908 seconds
2019-02-01T01:10:55.986+0000: 794430.944: [GC (GCLocker Initiated GC) 2019-02-01T01:10:56.002+0000: 794430.960: [SoftReference, 0 refs, 0.0000581 secs]2019-02-01T01:10:56.002+0000: 794430.960: [WeakReference, 50 refs, 0.0000303 secs]2019-02-01T01:10:56.002+0000: 794430.960: [FinalReference, 867 refs, 0.0004705 secs]2019-02-01T01:10:56.002+0000: 794430.960: [PhantomReference, 0 refs, 1 refs, 0.0000104 secs]2019-02-01T01:10:56.002+0000: 794430.960: [JNI Weak Reference, 0.0000187 secs]
Desired survivor size 135790592 bytes, new threshold 1 (max 15)
[PSYoungGen: 1710568K->49767K(1689088K)] 2420038K->783361K(5091328K), 0.0198779 secs] [Times: user=0.23 sys=0.02, real=0.02 secs] 
2019-02-01T01:10:56.006+0000: 794430.964: Total time for which application threads were stopped: 0.0288073 seconds, Stopping threads took: 0.0002683 seconds
2019-02-01T01:11:03.332+0000: 794438.290: Application time: 7.3261685 seconds
2019-02-01T01:11:03.343+0000: 794438.301: Total time for which application threads were stopped: 0.0106363 seconds, Stopping threads took: 0.0003195 seconds
2019-02-01T01:11:03.344+0000: 794438.302: Application time: 0.0011887 seconds
2019-02-01T01:11:03.354+0000: 794438.312: [GC (GCLocker Initiated GC) 2019-02-01T01:11:03.365+0000: 794438.323: [SoftReference, 0 refs, 0.0001784 secs]2019-02-01T01:11:03.366+0000: 794438.323: [WeakReference, 10 refs, 0.0000179 secs]2019-02-01T01:11:03.366+0000: 794438.323: [FinalReference, 938 refs, 0.0004666 secs]2019-02-01T01:11:03.366+0000: 794438.324: [PhantomReference, 0 refs, 0 refs, 0.0000120 secs]2019-02-01T01:11:03.366+0000: 794438.324: [JNI Weak Reference, 0.0000191 secs]
Desired survivor size 130547712 bytes, new threshold 1 (max 15)
[PSYoungGen: 1688679K->40640K(1782784K)] 2422330K->777000K(5185024K), 0.0151889 secs] [Times: user=0.18 sys=0.01, real=0.01 secs] 
2019-02-01T01:11:03.370+0000: 794438.328: Total time for which application threads were stopped: 0.0257315 seconds, Stopping threads took: 0.0002902 seconds
2019-02-01T01:11:10.304+0000: 794445.262: Application time: 6.9342435 seconds
2019-02-01T01:11:10.317+0000: 794445.275: Total time for which application threads were stopped: 0.0129345 seconds, Stopping threads took: 0.0044889 seconds
2019-02-01T01:11:10.318+0000: 794445.276: Application time: 0.0007461 seconds
2019-02-01T01:11:10.326+0000: 794445.284: [GC (GCLocker Initiated GC) 2019-02-01T01:11:10.337+0000: 794445.295: [SoftReference, 0 refs, 0.0000790 secs]2019-02-01T01:11:10.337+0000: 794445.295: [WeakReference, 102 refs, 0.0000651 secs]2019-02-01T01:11:10.337+0000: 794445.295: [FinalReference, 853 refs, 0.0006382 secs]2019-02-01T01:11:10.337+0000: 794445.295: [PhantomReference, 0 refs, 1 refs, 0.0000213 secs]2019-02-01T01:11:10.338+0000: 794445.295: [JNI Weak Reference, 0.0000324 secs]
Desired survivor size 127401984 bytes, new threshold 1 (max 15)
[PSYoungGen: 1690816K->31392K(1777664K)] 2430532K->773947K(5179904K), 0.0161317 secs] [Times: user=0.14 sys=0.00, real=0.01 secs] 
2019-02-01T01:11:10.343+0000: 794445.300: Total time for which application threads were stopped: 0.0249818 seconds, Stopping threads took: 0.0002288 seconds
2019-02-01T01:11:18.048+0000: 794453.006: Application time: 7.7050530 seconds
2019-02-01T01:11:18.057+0000: 794453.015: Total time for which application threads were stopped: 0.0090948 seconds, Stopping threads took: 0.0003334 seconds
2019-02-01T01:11:18.057+0000: 794453.015: Application time: 0.0005083 seconds
2019-02-01T01:11:18.066+0000: 794453.024: [GC (GCLocker Initiated GC) 2019-02-01T01:11:18.079+0000: 794453.037: [SoftReference, 0 refs, 0.0000597 secs]2019-02-01T01:11:18.079+0000: 794453.037: [WeakReference, 15 refs, 0.0000177 secs]2019-02-01T01:11:18.079+0000: 794453.037: [FinalReference, 897 refs, 0.0004437 secs]2019-02-01T01:11:18.079+0000: 794453.037: [PhantomReference, 0 refs, 2 refs, 0.0000111 secs]2019-02-01T01:11:18.079+0000: 794453.037: [JNI Weak Reference, 0.0000325 secs]
Desired survivor size 121110528 bytes, new threshold 1 (max 15)
[PSYoungGen: 1681568K->55392K(1788416K)] 2424138K->801612K(5190656K), 0.0167334 secs] [Times: user=0.18 sys=0.01, real=0.01 secs] 
2019-02-01T01:11:18.083+0000: 794453.041: Total time for which application threads were stopped: 0.0256924 seconds, Stopping threads took: 0.0004420 seconds
2019-02-01T01:11:24.936+0000: 794459.894: Application time: 6.8531202 seconds
2019-02-01T01:11:24.948+0000: 794459.905: [GC (Allocation Failure) 2019-02-01T01:11:24.962+0000: 794459.919: [SoftReference, 0 refs, 0.0000801 secs]2019-02-01T01:11:24.962+0000: 794459.919: [WeakReference, 118 refs, 0.0000694 secs]2019-02-01T01:11:24.962+0000: 794459.920: [FinalReference, 881 refs, 0.0007479 secs]2019-02-01T01:11:24.962+0000: 794459.920: [PhantomReference, 0 refs, 0 refs, 0.0000284 secs]2019-02-01T01:11:24.962+0000: 794459.920: [JNI Weak Reference, 0.0000303 secs]
Desired survivor size 115867648 bytes, new threshold 1 (max 15)
[PSYoungGen: 1723488K->45409K(1681920K)] 2473031K->797845K(5084160K), 0.0199393 secs] [Times: user=0.24 sys=0.02, real=0.02 secs] 
2019-02-01T01:11:24.968+0000: 794459.926: Total time for which application threads were stopped: 0.0316241 seconds, Stopping threads took: 0.0026482 seconds
2019-02-01T01:11:31.032+0000: 794465.989: Application time: 6.0637572 seconds
2019-02-01T01:11:31.040+0000: 794465.998: Total time for which application threads were stopped: 0.0088541 seconds, Stopping threads took: 0.0002539 seconds
2019-02-01T01:11:31.042+0000: 794466.000: Application time: 0.0013929 seconds
2019-02-01T01:11:31.051+0000: 794466.009: [GC (GCLocker Initiated GC) 2019-02-01T01:11:31.065+0000: 794466.023: [SoftReference, 0 refs, 0.0001453 secs]2019-02-01T01:11:31.065+0000: 794466.023: [WeakReference, 43 refs, 0.0000480 secs]2019-02-01T01:11:31.065+0000: 794466.023: [FinalReference, 828 refs, 0.0006121 secs]2019-02-01T01:11:31.066+0000: 794466.023: [PhantomReference, 0 refs, 0 refs, 0.0000204 secs]2019-02-01T01:11:31.066+0000: 794466.023: [JNI Weak Reference, 0.0000425 secs]
Desired survivor size 116391936 bytes, new threshold 1 (max 15)
[PSYoungGen: 1680847K->69549K(1689088K)] 2439926K->831467K(5091328K), 0.0266982 secs] [Times: user=0.23 sys=0.01, real=0.03 secs] 
2019-02-01T01:11:31.078+0000: 794466.036: Total time for which application threads were stopped: 0.0363089 seconds, Stopping threads took: 0.0007139 seconds
2019-02-01T01:11:37.198+0000: 794472.156: Application time: 6.1201669 seconds
2019-02-01T01:11:37.207+0000: 794472.165: Total time for which application threads were stopped: 0.0091050 seconds, Stopping threads took: 0.0002908 seconds
2019-02-01T01:11:37.208+0000: 794472.166: Application time: 0.0008253 seconds
2019-02-01T01:11:37.217+0000: 794472.175: [GC (GCLocker Initiated GC) 2019-02-01T01:11:37.227+0000: 794472.185: [SoftReference, 0 refs, 0.0000821 secs]2019-02-01T01:11:37.227+0000: 794472.185: [WeakReference, 63 refs, 0.0000500 secs]2019-02-01T01:11:37.227+0000: 794472.185: [FinalReference, 885 refs, 0.0006638 secs]2019-02-01T01:11:37.228+0000: 794472.186: [PhantomReference, 0 refs, 1 refs, 0.0000200 secs]2019-02-01T01:11:37.228+0000: 794472.186: [JNI Weak Reference, 0.0000325 secs]
Desired survivor size 113246208 bytes, new threshold 1 (max 15)
[PSYoungGen: 1675181K->36543K(1612288K)] 2447120K->811348K(5014528K), 0.0245798 secs] [Times: user=0.15 sys=0.01, real=0.03 secs] 
2019-02-01T01:11:37.242+0000: 794472.200: Total time for which application threads were stopped: 0.0336471 seconds, Stopping threads took: 0.0002844 seconds
2019-02-01T01:11:40.371+0000: 794475.329: Application time: 3.1289442 seconds
2019-02-01T01:11:40.380+0000: 794475.338: Total time for which application threads were stopped: 0.0091979 seconds, Stopping threads took: 0.0001801 seconds
2019-02-01T01:11:42.972+0000: 794477.930: Application time: 2.5924396 seconds
2019-02-01T01:11:42.981+0000: 794477.939: Total time for which application threads were stopped: 0.0086765 seconds, Stopping threads took: 0.0003482 seconds
2019-02-01T01:11:42.982+0000: 794477.940: Application time: 0.0013313 seconds
2019-02-01T01:11:42.991+0000: 794477.949: [GC (GCLocker Initiated GC) 2019-02-01T01:11:43.008+0000: 794477.966: [SoftReference, 0 refs, 0.0000906 secs]2019-02-01T01:11:43.008+0000: 794477.966: [WeakReference, 8 refs, 0.0000288 secs]2019-02-01T01:11:43.009+0000: 794477.966: [FinalReference, 852 refs, 0.0006197 secs]2019-02-01T01:11:43.009+0000: 794477.967: [PhantomReference, 0 refs, 0 refs, 0.0000196 secs]2019-02-01T01:11:43.009+0000: 794477.967: [JNI Weak Reference, 0.0000324 secs]
Desired survivor size 110624768 bytes, new threshold 1 (max 15)
[PSYoungGen: 1611967K->60684K(1622528K)] 2393444K->844498K(5024768K), 0.0297628 secs] [Times: user=0.22 sys=0.02, real=0.03 secs] 
2019-02-01T01:11:43.021+0000: 794477.979: Total time for which application threads were stopped: 0.0389010 seconds, Stopping threads took: 0.0003194 seconds
2019-02-01T01:11:45.044+0000: 794480.001: Application time: 2.0222463 seconds
2019-02-01T01:11:45.052+0000: 794480.010: Total time for which application threads were stopped: 0.0087569 seconds, Stopping threads took: 0.0003144 seconds
2019-02-01T01:11:48.332+0000: 794483.290: Application time: 3.2793745 seconds
2019-02-01T01:11:48.344+0000: 794483.302: Total time for which application threads were stopped: 0.0122474 seconds, Stopping threads took: 0.0036094 seconds
2019-02-01T01:11:48.346+0000: 794483.304: Application time: 0.0016601 seconds
2019-02-01T01:11:48.355+0000: 794483.312: [GC (GCLocker Initiated GC) 2019-02-01T01:11:48.370+0000: 794483.327: [SoftReference, 0 refs, 0.0000615 secs]2019-02-01T01:11:48.370+0000: 794483.327: [WeakReference, 11 refs, 0.0000145 secs]2019-02-01T01:11:48.370+0000: 794483.327: [FinalReference, 858 refs, 0.0004141 secs]2019-02-01T01:11:48.370+0000: 794483.328: [PhantomReference, 0 refs, 1 refs, 0.0000105 secs]2019-02-01T01:11:48.370+0000: 794483.328: [JNI Weak Reference, 0.0000190 secs]
Desired survivor size 110100480 bytes, new threshold 1 (max 15)
[PSYoungGen: 1606924K->66962K(1585152K)] 2397433K->861082K(4987392K), 0.0220776 secs] [Times: user=0.21 sys=0.01, real=0.02 secs] 
2019-02-01T01:11:48.377+0000: 794483.335: Total time for which application threads were stopped: 0.0311918 seconds, Stopping threads took: 0.0002035 seconds
2019-02-01T01:11:53.093+0000: 794488.051: Application time: 4.7158559 seconds
2019-02-01T01:11:53.101+0000: 794488.058: Total time for which application threads were stopped: 0.0077875 seconds, Stopping threads took: 0.0010803 seconds
2019-02-01T01:11:53.102+0000: 794488.059: Application time: 0.0010614 seconds
2019-02-01T01:11:53.109+0000: 794488.067: [GC (GCLocker Initiated GC) 2019-02-01T01:11:53.126+0000: 794488.084: [SoftReference, 0 refs, 0.0000816 secs]2019-02-01T01:11:53.126+0000: 794488.084: [WeakReference, 73 refs, 0.0000443 secs]2019-02-01T01:11:53.126+0000: 794488.084: [FinalReference, 850 refs, 0.0007346 secs]2019-02-01T01:11:53.127+0000: 794488.085: [PhantomReference, 0 refs, 2 refs, 0.0000182 secs]2019-02-01T01:11:53.127+0000: 794488.085: [JNI Weak Reference, 0.0000525 secs]
Desired survivor size 115867648 bytes, new threshold 1 (max 15)
[PSYoungGen: 1585042K->83964K(1582592K)] 2382507K->884534K(4984832K), 0.0248413 secs] [Times: user=0.28 sys=0.01, real=0.03 secs] 
2019-02-01T01:11:53.134+0000: 794488.092: Total time for which application threads were stopped: 0.0323165 seconds, Stopping threads took: 0.0002680 seconds
2019-02-01T01:11:57.784+0000: 794492.742: Application time: 4.6500563 seconds
2019-02-01T01:11:57.792+0000: 794492.750: Total time for which application threads were stopped: 0.0084829 seconds, Stopping threads took: 0.0002026 seconds
2019-02-01T01:11:57.794+0000: 794492.751: Application time: 0.0010151 seconds
2019-02-01T01:11:57.802+0000: 794492.760: [GC (GCLocker Initiated GC) 2019-02-01T01:11:57.815+0000: 794492.773: [SoftReference, 0 refs, 0.0000625 secs]2019-02-01T01:11:57.815+0000: 794492.773: [WeakReference, 93 refs, 0.0000516 secs]2019-02-01T01:11:57.815+0000: 794492.773: [FinalReference, 743 refs, 0.0003694 secs]2019-02-01T01:11:57.815+0000: 794492.773: [PhantomReference, 0 refs, 0 refs, 0.0000238 secs]2019-02-01T01:11:57.815+0000: 794492.773: [JNI Weak Reference, 0.0000191 secs]
Desired survivor size 111673344 bytes, new threshold 1 (max 15)
[PSYoungGen: 1574908K->48435K(1512960K)] 2375493K->853018K(4915200K), 0.0205204 secs] [Times: user=0.18 sys=0.01, real=0.02 secs] 
2019-02-01T01:11:57.823+0000: 794492.781: Total time for which application threads were stopped: 0.0295880 seconds, Stopping threads took: 0.0002813 seconds
2019-02-01T01:12:01.997+0000: 794496.954: Application time: 4.1735676 seconds
2019-02-01T01:12:02.005+0000: 794496.963: Total time for which application threads were stopped: 0.0080472 seconds, Stopping threads took: 0.0010393 seconds
2019-02-01T01:12:02.006+0000: 794496.964: Application time: 0.0013084 seconds
2019-02-01T01:12:02.018+0000: 794496.976: [GC (GCLocker Initiated GC) 2019-02-01T01:12:02.035+0000: 794496.992: [SoftReference, 0 refs, 0.0000678 secs]2019-02-01T01:12:02.035+0000: 794496.993: [WeakReference, 95 refs, 0.0000616 secs]2019-02-01T01:12:02.035+0000: 794496.993: [FinalReference, 732 refs, 0.0005291 secs]2019-02-01T01:12:02.035+0000: 794496.993: [PhantomReference, 0 refs, 0 refs, 0.0000308 secs]2019-02-01T01:12:02.035+0000: 794496.993: [JNI Weak Reference, 0.0000324 secs]
Desired survivor size 113770496 bytes, new threshold 1 (max 15)
[PSYoungGen: 1512755K->75746K(1526272K)] 2321209K->887300K(4928512K), 0.0275281 secs] [Times: user=0.29 sys=0.01, real=0.03 secs] 
2019-02-01T01:12:02.046+0000: 794497.004: Total time for which application threads were stopped: 0.0399305 seconds, Stopping threads took: 0.0038643 seconds
2019-02-01T01:12:06.388+0000: 794501.346: Application time: 4.3421045 seconds
2019-02-01T01:12:06.397+0000: 794501.354: [GC (Allocation Failure) 2019-02-01T01:12:06.409+0000: 794501.367: [SoftReference, 0 refs, 0.0000764 secs]2019-02-01T01:12:06.409+0000: 794501.367: [WeakReference, 34 refs, 0.0000360 secs]2019-02-01T01:12:06.409+0000: 794501.367: [FinalReference, 781 refs, 0.0005442 secs]2019-02-01T01:12:06.410+0000: 794501.368: [PhantomReference, 0 refs, 2 refs, 0.0000202 secs]2019-02-01T01:12:06.410+0000: 794501.368: [JNI Weak Reference, 0.0000303 secs]
Desired survivor size 110624768 bytes, new threshold 1 (max 15)
[PSYoungGen: 1514466K->44931K(1458688K)] 2326024K->859089K(4860928K), 0.0251448 secs] [Times: user=0.19 sys=0.01, real=0.03 secs] 
2019-02-01T01:12:06.422+0000: 794501.380: Total time for which application threads were stopped: 0.0338594 seconds, Stopping threads took: 0.0009506 seconds
2019-02-01T01:12:10.795+0000: 794505.753: Application time: 4.3727696 seconds
2019-02-01T01:12:10.803+0000: 794505.761: Total time for which application threads were stopped: 0.0079901 seconds, Stopping threads took: 0.0002283 seconds
2019-02-01T01:12:10.804+0000: 794505.762: Application time: 0.0015863 seconds
2019-02-01T01:12:10.812+0000: 794505.770: [GC (GCLocker Initiated GC) 2019-02-01T01:12:10.828+0000: 794505.785: [SoftReference, 0 refs, 0.0000563 secs]2019-02-01T01:12:10.828+0000: 794505.785: [WeakReference, 64 refs, 0.0000309 secs]2019-02-01T01:12:10.828+0000: 794505.786: [FinalReference, 757 refs, 0.0003776 secs]2019-02-01T01:12:10.828+0000: 794505.786: [PhantomReference, 0 refs, 0 refs, 0.0000098 secs]2019-02-01T01:12:10.828+0000: 794505.786: [JNI Weak Reference, 0.0000191 secs]
Desired survivor size 111149056 bytes, new threshold 1 (max 15)
[PSYoungGen: 1458563K->72469K(1474560K)] 2272776K->890196K(4876800K), 0.0227168 secs] [Times: user=0.29 sys=0.01, real=0.03 secs] 
2019-02-01T01:12:10.835+0000: 794505.793: Total time for which application threads were stopped: 0.0306400 seconds, Stopping threads took: 0.0002602 seconds
2019-02-01T01:12:14.686+0000: 794509.644: Application time: 3.8510189 seconds
2019-02-01T01:12:14.699+0000: 794509.657: Total time for which application threads were stopped: 0.0128294 seconds, Stopping threads took: 0.0048478 seconds
2019-02-01T01:12:14.701+0000: 794509.659: Application time: 0.0021941 seconds
2019-02-01T01:12:14.710+0000: 794509.668: [GC (GCLocker Initiated GC) 2019-02-01T01:12:14.724+0000: 794509.682: [SoftReference, 0 refs, 0.0000743 secs]2019-02-01T01:12:14.724+0000: 794509.682: [WeakReference, 20 refs, 0.0000298 secs]2019-02-01T01:12:14.724+0000: 794509.682: [FinalReference, 633 refs, 0.0004741 secs]2019-02-01T01:12:14.724+0000: 794509.682: [PhantomReference, 0 refs, 1 refs, 0.0000205 secs]2019-02-01T01:12:14.724+0000: 794509.682: [JNI Weak Reference, 0.0000415 secs]
Desired survivor size 114294784 bytes, new threshold 1 (max 15)
[PSYoungGen: 1462037K->79733K(1445888K)] 2286557K->907175K(4848128K), 0.0227036 secs] [Times: user=0.26 sys=0.00, real=0.03 secs] 
2019-02-01T01:12:14.733+0000: 794509.691: Total time for which application threads were stopped: 0.0322241 seconds, Stopping threads took: 0.0013039 seconds
2019-02-01T01:12:18.945+0000: 794513.903: Application time: 4.2120382 seconds
2019-02-01T01:12:18.954+0000: 794513.911: Total time for which application threads were stopped: 0.0083233 seconds, Stopping threads took: 0.0003335 seconds
2019-02-01T01:12:18.955+0000: 794513.912: Application time: 0.0009512 seconds
2019-02-01T01:12:18.963+0000: 794513.921: [GC (GCLocker Initiated GC) 2019-02-01T01:12:18.975+0000: 794513.933: [SoftReference, 0 refs, 0.0000593 secs]2019-02-01T01:12:18.975+0000: 794513.933: [WeakReference, 6 refs, 0.0000120 secs]2019-02-01T01:12:18.975+0000: 794513.933: [FinalReference, 701 refs, 0.0003965 secs]2019-02-01T01:12:18.975+0000: 794513.933: [PhantomReference, 0 refs, 0 refs, 0.0000096 secs]2019-02-01T01:12:18.975+0000: 794513.933: [JNI Weak Reference, 0.0000192 secs]
Desired survivor size 109576192 bytes, new threshold 1 (max 15)
[PSYoungGen: 1445749K->61812K(1422336K)] 2276546K->898706K(4824576K), 0.0200075 secs] [Times: user=0.20 sys=0.02, real=0.02 secs] 
2019-02-01T01:12:18.984+0000: 794513.941: Total time for which application threads were stopped: 0.0289370 seconds, Stopping threads took: 0.0004016 seconds
2019-02-01T01:12:23.015+0000: 794517.972: Application time: 4.0310634 seconds
2019-02-01T01:12:23.023+0000: 794517.980: Total time for which application threads were stopped: 0.0080633 seconds, Stopping threads took: 0.0002049 seconds
2019-02-01T01:12:23.023+0000: 794517.981: Application time: 0.0003862 seconds
2019-02-01T01:12:23.031+0000: 794517.989: [GC (GCLocker Initiated GC) 2019-02-01T01:12:23.043+0000: 794518.001: [SoftReference, 0 refs, 0.0000806 secs]2019-02-01T01:12:23.044+0000: 794518.001: [WeakReference, 5 refs, 0.0000207 secs]2019-02-01T01:12:23.044+0000: 794518.001: [FinalReference, 661 refs, 0.0024419 secs]2019-02-01T01:12:23.046+0000: 794518.004: [PhantomReference, 0 refs, 0 refs, 0.0000227 secs]2019-02-01T01:12:23.046+0000: 794518.004: [JNI Weak Reference, 0.0000327 secs]
Desired survivor size 108527616 bytes, new threshold 1 (max 15)
[PSYoungGen: 1404788K->39439K(1360384K)] 2241692K->883781K(4762624K), 0.0246759 secs] [Times: user=0.19 sys=0.01, real=0.03 secs] 
2019-02-01T01:12:23.056+0000: 794518.014: Total time for which application threads were stopped: 0.0330744 seconds, Stopping threads took: 0.0003402 seconds
2019-02-01T01:12:27.685+0000: 794522.643: Application time: 4.6288508 seconds
2019-02-01T01:12:27.693+0000: 794522.651: Total time for which application threads were stopped: 0.0081225 seconds, Stopping threads took: 0.0002462 seconds
2019-02-01T01:12:27.694+0000: 794522.652: Application time: 0.0007060 seconds
2019-02-01T01:12:27.702+0000: 794522.660: [GC (GCLocker Initiated GC) 2019-02-01T01:12:27.715+0000: 794522.672: [SoftReference, 0 refs, 0.0000617 secs]2019-02-01T01:12:27.715+0000: 794522.673: [WeakReference, 58 refs, 0.0000294 secs]2019-02-01T01:12:27.715+0000: 794522.673: [FinalReference, 682 refs, 0.0003341 secs]2019-02-01T01:12:27.715+0000: 794522.673: [PhantomReference, 0 refs, 0 refs, 0.0000095 secs]2019-02-01T01:12:27.715+0000: 794522.673: [JNI Weak Reference, 0.0000188 secs]
Desired survivor size 105906176 bytes, new threshold 1 (max 15)
[PSYoungGen: 1359887K->46758K(1378304K)] 2207571K->901879K(4780544K), 0.0191655 secs] [Times: user=0.19 sys=0.00, real=0.02 secs] 
2019-02-01T01:12:27.722+0000: 794522.679: Total time for which application threads were stopped: 0.0277524 seconds, Stopping threads took: 0.0002854 seconds
2019-02-01T01:12:32.143+0000: 794527.101: Application time: 4.4215574 seconds
2019-02-01T01:12:32.151+0000: 794527.109: Total time for which application threads were stopped: 0.0078615 seconds, Stopping threads took: 0.0002884 seconds
2019-02-01T01:12:32.152+0000: 794527.109: Application time: 0.0006519 seconds
2019-02-01T01:12:32.160+0000: 794527.117: [GC (GCLocker Initiated GC) 2019-02-01T01:12:32.169+0000: 794527.127: [SoftReference, 0 refs, 0.0000521 secs]2019-02-01T01:12:32.169+0000: 794527.127: [WeakReference, 13 refs, 0.0000270 secs]2019-02-01T01:12:32.169+0000: 794527.127: [FinalReference, 620 refs, 0.0005196 secs]2019-02-01T01:12:32.170+0000: 794527.127: [PhantomReference, 0 refs, 0 refs, 0.0000190 secs]2019-02-01T01:12:32.170+0000: 794527.127: [JNI Weak Reference, 0.0000324 secs]
Desired survivor size 105906176 bytes, new threshold 1 (max 15)
[PSYoungGen: 1345702K->30621K(1308672K)] 2204444K->892190K(4710912K), 0.0190395 secs] [Times: user=0.15 sys=0.01, real=0.02 secs] 
2019-02-01T01:12:32.179+0000: 794527.137: Total time for which application threads were stopped: 0.0272769 seconds, Stopping threads took: 0.0003581 seconds
2019-02-01T01:12:36.585+0000: 794531.543: Application time: 4.4058047 seconds
2019-02-01T01:12:36.593+0000: 794531.550: Total time for which application threads were stopped: 0.0078837 seconds, Stopping threads took: 0.0002567 seconds
2019-02-01T01:12:36.593+0000: 794531.551: Application time: 0.0007804 seconds
2019-02-01T01:12:36.601+0000: 794531.559: [GC (GCLocker Initiated GC) 2019-02-01T01:12:36.613+0000: 794531.571: [SoftReference, 0 refs, 0.0000278 secs]2019-02-01T01:12:36.613+0000: 794531.571: [WeakReference, 23 refs, 0.0000198 secs]2019-02-01T01:12:36.613+0000: 794531.571: [FinalReference, 638 refs, 0.0003001 secs]2019-02-01T01:12:36.613+0000: 794531.571: [PhantomReference, 0 refs, 0 refs, 0.0000102 secs]2019-02-01T01:12:36.613+0000: 794531.571: [JNI Weak Reference, 0.0000196 secs]
Desired survivor size 103809024 bytes, new threshold 1 (max 15)
[PSYoungGen: 1308573K->38084K(1336320K)] 2170197K->902848K(4738560K), 0.0180305 secs] [Times: user=0.15 sys=0.00, real=0.02 secs] 
2019-02-01T01:12:36.619+0000: 794531.577: Total time for which application threads were stopped: 0.0260173 seconds, Stopping threads took: 0.0002819 seconds
2019-02-01T01:12:40.371+0000: 794535.329: Application time: 3.7515155 seconds
2019-02-01T01:12:40.379+0000: 794535.337: Total time for which application threads were stopped: 0.0081060 seconds, Stopping threads took: 0.0003040 seconds
2019-02-01T01:12:41.319+0000: 794536.276: Application time: 0.9395148 seconds
2019-02-01T01:12:41.327+0000: 794536.285: Total time for which application threads were stopped: 0.0081908 seconds, Stopping threads took: 0.0002461 seconds
2019-02-01T01:12:41.328+0000: 794536.285: Application time: 0.0007598 seconds
2019-02-01T01:12:41.336+0000: 794536.294: [GC (GCLocker Initiated GC) 2019-02-01T01:12:41.347+0000: 794536.305: [SoftReference, 0 refs, 0.0000624 secs]2019-02-01T01:12:41.347+0000: 794536.305: [WeakReference, 39 refs, 0.0000391 secs]2019-02-01T01:12:41.347+0000: 794536.305: [FinalReference, 685 refs, 0.0005511 secs]2019-02-01T01:12:41.348+0000: 794536.306: [PhantomReference, 0 refs, 0 refs, 0.0000199 secs]2019-02-01T01:12:41.348+0000: 794536.306: [JNI Weak Reference, 0.0000326 secs]
Desired survivor size 103809024 bytes, new threshold 1 (max 15)
[PSYoungGen: 1295556K->23857K(1261568K)] 2163679K->896154K(4663808K), 0.0184268 secs] [Times: user=0.17 sys=0.00, real=0.02 secs] 
2019-02-01T01:12:41.355+0000: 794536.313: Total time for which application threads were stopped: 0.0272298 seconds, Stopping threads took: 0.0006437 seconds
2019-02-01T01:12:45.868+0000: 794540.825: Application time: 4.5127623 seconds
2019-02-01T01:12:45.873+0000: 794540.831: Total time for which application threads were stopped: 0.0057935 seconds, Stopping threads took: 0.0001990 seconds
2019-02-01T01:12:45.874+0000: 794540.832: Application time: 0.0006083 seconds
2019-02-01T01:12:45.880+0000: 794540.838: [GC (GCLocker Initiated GC) 2019-02-01T01:12:45.898+0000: 794540.855: [SoftReference, 0 refs, 0.0000734 secs]2019-02-01T01:12:45.898+0000: 794540.856: [WeakReference, 55 refs, 0.0000455 secs]2019-02-01T01:12:45.898+0000: 794540.856: [FinalReference, 629 refs, 0.0004316 secs]2019-02-01T01:12:45.898+0000: 794540.856: [PhantomReference, 0 refs, 0 refs, 0.0000188 secs]2019-02-01T01:12:45.898+0000: 794540.856: [JNI Weak Reference, 0.0000330 secs]
Desired survivor size 102760448 bytes, new threshold 1 (max 15)
[PSYoungGen: 1261361K->60534K(1297920K)] 2133672K->936005K(4700160K), 0.0254892 secs] [Times: user=0.25 sys=0.01, real=0.02 secs] 
2019-02-01T01:12:45.905+0000: 794540.863: Total time for which application threads were stopped: 0.0314437 seconds, Stopping threads took: 0.0002398 seconds
2019-02-01T01:12:50.572+0000: 794545.530: Application time: 4.6667500 seconds
2019-02-01T01:12:50.578+0000: 794545.536: Total time for which application threads were stopped: 0.0057471 seconds, Stopping threads took: 0.0002016 seconds
2019-02-01T01:12:50.579+0000: 794545.537: Application time: 0.0008675 seconds
2019-02-01T01:12:50.585+0000: 794545.542: [GC (GCLocker Initiated GC) 2019-02-01T01:12:50.596+0000: 794545.554: [SoftReference, 0 refs, 0.0000562 secs]2019-02-01T01:12:50.596+0000: 794545.554: [WeakReference, 5 refs, 0.0000208 secs]2019-02-01T01:12:50.596+0000: 794545.554: [FinalReference, 672 refs, 0.0003328 secs]2019-02-01T01:12:50.596+0000: 794545.554: [PhantomReference, 0 refs, 0 refs, 0.0000099 secs]2019-02-01T01:12:50.596+0000: 794545.554: [JNI Weak Reference, 0.0000184 secs]
Desired survivor size 101711872 bytes, new threshold 1 (max 15)
[PSYoungGen: 1278582K->26623K(1225728K)] 2154076K->904506K(4627968K), 0.0190763 secs] [Times: user=0.17 sys=0.00, real=0.02 secs] 
2019-02-01T01:12:50.604+0000: 794545.562: Total time for which application threads were stopped: 0.0250959 seconds, Stopping threads took: 0.0001816 seconds
2019-02-01T01:12:54.997+0000: 794549.955: Application time: 4.3934543 seconds
2019-02-01T01:12:55.003+0000: 794549.961: Total time for which application threads were stopped: 0.0060029 seconds, Stopping threads took: 0.0002460 seconds
2019-02-01T01:12:55.004+0000: 794549.962: Application time: 0.0008293 seconds
2019-02-01T01:12:55.013+0000: 794549.970: [GC (GCLocker Initiated GC) 2019-02-01T01:12:55.025+0000: 794549.983: [SoftReference, 0 refs, 0.0000707 secs]2019-02-01T01:12:55.025+0000: 794549.983: [WeakReference, 59 refs, 0.0000457 secs]2019-02-01T01:12:55.025+0000: 794549.983: [FinalReference, 740 refs, 0.0005625 secs]2019-02-01T01:12:55.026+0000: 794549.983: [PhantomReference, 0 refs, 0 refs, 0.0000199 secs]2019-02-01T01:12:55.026+0000: 794549.983: [JNI Weak Reference, 0.0000324 secs]
Desired survivor size 104333312 bytes, new threshold 1 (max 15)
[PSYoungGen: 1225727K->69214K(1266688K)] 2104175K->951689K(4668928K), 0.0213084 secs] [Times: user=0.22 sys=0.01, real=0.02 secs] 
2019-02-01T01:12:55.034+0000: 794549.992: Total time for which application threads were stopped: 0.0299790 seconds, Stopping threads took: 0.0002601 seconds
2019-02-01T01:12:58.050+0000: 794553.008: Application time: 3.0161853 seconds
2019-02-01T01:12:58.058+0000: 794553.016: Total time for which application threads were stopped: 0.0076922 seconds, Stopping threads took: 0.0007583 seconds
2019-02-01T01:12:58.060+0000: 794553.018: Application time: 0.0016342 seconds
2019-02-01T01:12:58.068+0000: 794553.026: [GC (GCLocker Initiated GC) 2019-02-01T01:12:58.085+0000: 794553.043: [SoftReference, 0 refs, 0.0000651 secs]2019-02-01T01:12:58.085+0000: 794553.043: [WeakReference, 32 refs, 0.0000255 secs]2019-02-01T01:12:58.085+0000: 794553.043: [FinalReference, 573 refs, 0.0003490 secs]2019-02-01T01:12:58.085+0000: 794553.043: [PhantomReference, 0 refs, 0 refs, 0.0000118 secs]2019-02-01T01:12:58.085+0000: 794553.043: [JNI Weak Reference, 0.0000194 secs]
Desired survivor size 112197632 bytes, new threshold 1 (max 15)
[PSYoungGen: 1249886K->85412K(1248256K)] 2135905K->975826K(4650496K), 0.0207158 secs] [Times: user=0.34 sys=0.00, real=0.02 secs] 
2019-02-01T01:12:58.089+0000: 794553.047: Total time for which application threads were stopped: 0.0292785 seconds, Stopping threads took: 0.0002077 seconds
2019-02-01T01:13:01.667+0000: 794556.625: Application time: 3.5779620 seconds
2019-02-01T01:13:01.678+0000: 794556.636: Total time for which application threads were stopped: 0.0110530 seconds, Stopping threads took: 0.0025040 seconds
2019-02-01T01:13:01.679+0000: 794556.637: Application time: 0.0007725 seconds
2019-02-01T01:13:01.688+0000: 794556.645: [GC (GCLocker Initiated GC) 2019-02-01T01:13:01.700+0000: 794556.658: [SoftReference, 0 refs, 0.0000602 secs]2019-02-01T01:13:01.700+0000: 794556.658: [WeakReference, 48 refs, 0.0000318 secs]2019-02-01T01:13:01.700+0000: 794556.658: [FinalReference, 658 refs, 0.0003679 secs]2019-02-01T01:13:01.701+0000: 794556.658: [PhantomReference, 0 refs, 2 refs, 0.0000159 secs]2019-02-01T01:13:01.701+0000: 794556.658: [JNI Weak Reference, 0.0000243 secs]
Desired survivor size 108003328 bytes, new threshold 1 (max 15)
[PSYoungGen: 1248164K->57977K(1229312K)] 2141930K->955783K(4631552K), 0.0217547 secs] [Times: user=0.20 sys=0.01, real=0.03 secs] 
2019-02-01T01:13:01.710+0000: 794556.667: Total time for which application threads were stopped: 0.0308389 seconds, Stopping threads took: 0.0002606 seconds
2019-02-01T01:13:05.002+0000: 794559.960: Application time: 3.2923168 seconds
2019-02-01T01:13:05.011+0000: 794559.969: Total time for which application threads were stopped: 0.0093828 seconds, Stopping threads took: 0.0004757 seconds
2019-02-01T01:13:05.012+0000: 794559.970: Application time: 0.0003748 seconds
2019-02-01T01:13:05.026+0000: 794559.984: [GC (GCLocker Initiated GC) 2019-02-01T01:13:05.038+0000: 794559.996: [SoftReference, 0 refs, 0.0000699 secs]2019-02-01T01:13:05.038+0000: 794559.996: [WeakReference, 55 refs, 0.0000283 secs]2019-02-01T01:13:05.038+0000: 794559.996: [FinalReference, 560 refs, 0.0002790 secs]2019-02-01T01:13:05.039+0000: 794559.996: [PhantomReference, 0 refs, 0 refs, 0.0000102 secs]2019-02-01T01:13:05.039+0000: 794559.996: [JNI Weak Reference, 0.0000192 secs]
Desired survivor size 104333312 bytes, new threshold 1 (max 15)
[PSYoungGen: 1203321K->58996K(1187840K)] 2107982K->966066K(4590080K), 0.0193664 secs] [Times: user=0.23 sys=0.02, real=0.02 secs] 
2019-02-01T01:13:05.045+0000: 794560.003: Total time for which application threads were stopped: 0.0336364 seconds, Stopping threads took: 0.0051503 seconds
2019-02-01T01:13:08.522+0000: 794563.480: Application time: 3.4765695 seconds
2019-02-01T01:13:08.536+0000: 794563.494: Total time for which application threads were stopped: 0.0140666 seconds, Stopping threads took: 0.0055052 seconds
2019-02-01T01:13:08.538+0000: 794563.495: Application time: 0.0016461 seconds
2019-02-01T01:13:08.547+0000: 794563.505: [GC (GCLocker Initiated GC) 2019-02-01T01:13:08.561+0000: 794563.519: [SoftReference, 0 refs, 0.0000586 secs]2019-02-01T01:13:08.561+0000: 794563.519: [WeakReference, 67 refs, 0.0000339 secs]2019-02-01T01:13:08.561+0000: 794563.519: [FinalReference, 560 refs, 0.0028201 secs]2019-02-01T01:13:08.564+0000: 794563.522: [PhantomReference, 0 refs, 3 refs, 0.0000146 secs]2019-02-01T01:13:08.564+0000: 794563.522: [JNI Weak Reference, 0.0000175 secs]
Desired survivor size 103809024 bytes, new threshold 1 (max 15)
[PSYoungGen: 1187444K->66387K(1196544K)] 2109917K->991565K(4598784K), 0.0228588 secs] [Times: user=0.23 sys=0.01, real=0.02 secs] 
2019-02-01T01:13:08.570+0000: 794563.528: Total time for which application threads were stopped: 0.0327249 seconds, Stopping threads took: 0.0006615 seconds
2019-02-01T01:13:11.280+0000: 794566.237: Application time: 2.7092425 seconds
2019-02-01T01:13:11.289+0000: 794566.246: Total time for which application threads were stopped: 0.0089238 seconds, Stopping threads took: 0.0003102 seconds
2019-02-01T01:13:11.290+0000: 794566.248: Application time: 0.0012598 seconds
2019-02-01T01:13:11.299+0000: 794566.257: [GC (GCLocker Initiated GC) 2019-02-01T01:13:11.313+0000: 794566.271: [SoftReference, 0 refs, 0.0000664 secs]2019-02-01T01:13:11.313+0000: 794566.271: [WeakReference, 18 refs, 0.0000181 secs]2019-02-01T01:13:11.313+0000: 794566.271: [FinalReference, 451 refs, 0.0002387 secs]2019-02-01T01:13:11.314+0000: 794566.271: [PhantomReference, 0 refs, 0 refs, 0.0000097 secs]2019-02-01T01:13:11.314+0000: 794566.271: [JNI Weak Reference, 0.0000196 secs]
Desired survivor size 112721920 bytes, new threshold 1 (max 15)
[PSYoungGen: 1178451K->90694K(1186816K)] 2103945K->1019747K(4589056K), 0.0177881 secs] [Times: user=0.24 sys=0.01, real=0.02 secs] 
2019-02-01T01:13:11.317+0000: 794566.275: Total time for which application threads were stopped: 0.0272920 seconds, Stopping threads took: 0.0002711 seconds
2019-02-01T01:13:15.042+0000: 794570.000: Application time: 3.7252373 seconds
2019-02-01T01:13:15.051+0000: 794570.009: Total time for which application threads were stopped: 0.0088078 seconds, Stopping threads took: 0.0002724 seconds
2019-02-01T01:13:15.052+0000: 794570.010: Application time: 0.0010525 seconds
2019-02-01T01:13:15.061+0000: 794570.019: [GC (GCLocker Initiated GC) 2019-02-01T01:13:15.073+0000: 794570.031: [SoftReference, 0 refs, 0.0000609 secs]2019-02-01T01:13:15.073+0000: 794570.031: [WeakReference, 84 refs, 0.0000393 secs]2019-02-01T01:13:15.073+0000: 794570.031: [FinalReference, 590 refs, 0.0003080 secs]2019-02-01T01:13:15.073+0000: 794570.031: [PhantomReference, 0 refs, 1 refs, 0.0000104 secs]2019-02-01T01:13:15.073+0000: 794570.031: [JNI Weak Reference, 0.0000193 secs]
Desired survivor size 110100480 bytes, new threshold 1 (max 15)
[PSYoungGen: 1186374K->67158K(1168896K)] 2118794K->1003011K(4571136K), 0.0184165 secs] [Times: user=0.22 sys=0.00, real=0.02 secs] 
2019-02-01T01:13:15.080+0000: 794570.038: Total time for which application threads were stopped: 0.0276045 seconds, Stopping threads took: 0.0004387 seconds
2019-02-01T01:13:18.416+0000: 794573.374: Application time: 3.3363853 seconds
2019-02-01T01:13:18.426+0000: 794573.383: Total time for which application threads were stopped: 0.0092978 seconds, Stopping threads took: 0.0003623 seconds
2019-02-01T01:13:18.426+0000: 794573.384: Application time: 0.0008164 seconds
2019-02-01T01:13:18.436+0000: 794573.393: [GC (GCLocker Initiated GC) 2019-02-01T01:13:18.451+0000: 794573.409: [SoftReference, 0 refs, 0.0000639 secs]2019-02-01T01:13:18.451+0000: 794573.409: [WeakReference, 131 refs, 0.0000581 secs]2019-02-01T01:13:18.452+0000: 794573.409: [FinalReference, 560 refs, 0.0003315 secs]2019-02-01T01:13:18.452+0000: 794573.410: [PhantomReference, 0 refs, 0 refs, 0.0000120 secs]2019-02-01T01:13:18.452+0000: 794573.410: [JNI Weak Reference, 0.0000190 secs]
Desired survivor size 105906176 bytes, new threshold 1 (max 15)
[PSYoungGen: 1146966K->57261K(1121792K)] 2086414K->999501K(4524032K), 0.0239203 secs] [Times: user=0.25 sys=0.01, real=0.02 secs] 
2019-02-01T01:13:18.460+0000: 794573.418: Total time for which application threads were stopped: 0.0333352 seconds, Stopping threads took: 0.0002936 seconds
2019-02-01T01:13:21.566+0000: 794576.524: Application time: 3.1065147 seconds
2019-02-01T01:13:21.575+0000: 794576.533: Total time for which application threads were stopped: 0.0090785 seconds, Stopping threads took: 0.0003902 seconds
2019-02-01T01:13:21.575+0000: 794576.533: Application time: 0.0001439 seconds
2019-02-01T01:13:21.583+0000: 794576.541: Total time for which application threads were stopped: 0.0075275 seconds, Stopping threads took: 0.0002323 seconds
2019-02-01T01:13:21.584+0000: 794576.542: Application time: 0.0009981 seconds
2019-02-01T01:13:21.591+0000: 794576.549: [GC (GCLocker Initiated GC) 2019-02-01T01:13:21.609+0000: 794576.567: [SoftReference, 0 refs, 0.0000600 secs]2019-02-01T01:13:21.609+0000: 794576.567: [WeakReference, 84 refs, 0.0000446 secs]2019-02-01T01:13:21.609+0000: 794576.567: [FinalReference, 475 refs, 0.0020419 secs]2019-02-01T01:13:21.611+0000: 794576.569: [PhantomReference, 0 refs, 0 refs, 0.0000159 secs]2019-02-01T01:13:21.611+0000: 794576.569: [JNI Weak Reference, 0.0000319 secs]
Desired survivor size 116916224 bytes, new threshold 1 (max 15)
[PSYoungGen: 1121709K->100944K(1153024K)] 2063990K->1047369K(4555264K), 0.0237431 secs] [Times: user=0.27 sys=0.00, real=0.03 secs] 
2019-02-01T01:13:21.615+0000: 794576.573: Total time for which application threads were stopped: 0.0309393 seconds, Stopping threads took: 0.0002262 seconds
2019-02-01T01:13:24.512+0000: 794579.470: Application time: 2.8970948 seconds
2019-02-01T01:13:24.522+0000: 794579.479: Total time for which application threads were stopped: 0.0095847 seconds, Stopping threads took: 0.0005247 seconds
2019-02-01T01:13:24.522+0000: 794579.480: Application time: 0.0001195 seconds
2019-02-01T01:13:24.531+0000: 794579.489: Total time for which application threads were stopped: 0.0089331 seconds, Stopping threads took: 0.0001946 seconds
2019-02-01T01:13:24.532+0000: 794579.490: Application time: 0.0015258 seconds
2019-02-01T01:13:24.551+0000: 794579.509: [GC (GCLocker Initiated GC) 2019-02-01T01:13:24.570+0000: 794579.528: [SoftReference, 0 refs, 0.0000825 secs]2019-02-01T01:13:24.570+0000: 794579.528: [WeakReference, 198 refs, 0.0001086 secs]2019-02-01T01:13:24.570+0000: 794579.528: [FinalReference, 493 refs, 0.0003392 secs]2019-02-01T01:13:24.570+0000: 794579.528: [PhantomReference, 0 refs, 0 refs, 0.0000189 secs]2019-02-01T01:13:24.570+0000: 794579.528: [JNI Weak Reference, 0.0000325 secs]
Desired survivor size 122159104 bytes, new threshold 1 (max 15)
[PSYoungGen: 1150544K->91835K(1126912K)] 2100307K->1046978K(4529152K), 0.0245659 secs] [Times: user=0.32 sys=0.03, real=0.03 secs] 
2019-02-01T01:13:24.576+0000: 794579.533: Total time for which application threads were stopped: 0.0433489 seconds, Stopping threads took: 0.0097977 seconds
2019-02-01T01:13:27.634+0000: 794582.592: Application time: 3.0587821 seconds
2019-02-01T01:13:27.662+0000: 794582.620: Total time for which application threads were stopped: 0.0274733 seconds, Stopping threads took: 0.0035680 seconds
2019-02-01T01:13:27.664+0000: 794582.622: Application time: 0.0018860 seconds
2019-02-01T01:13:27.685+0000: 794582.643: [GC (GCLocker Initiated GC) 2019-02-01T01:13:27.701+0000: 794582.659: [SoftReference, 0 refs, 0.0002034 secs]2019-02-01T01:13:27.701+0000: 794582.659: [WeakReference, 127 refs, 0.0002389 secs]2019-02-01T01:13:27.701+0000: 794582.659: [FinalReference, 503 refs, 0.0006742 secs]2019-02-01T01:13:27.702+0000: 794582.660: [PhantomReference, 0 refs, 1 refs, 0.0000093 secs]2019-02-01T01:13:27.702+0000: 794582.660: [JNI Weak Reference, 0.0000165 secs]
Desired survivor size 122159104 bytes, new threshold 1 (max 15)
[PSYoungGen: 1126587K->81167K(1125376K)] 2088485K->1047837K(4527616K), 0.0322105 secs] [Times: user=0.29 sys=0.03, real=0.03 secs] 
2019-02-01T01:13:27.717+0000: 794582.675: Total time for which application threads were stopped: 0.0537591 seconds, Stopping threads took: 0.0006212 seconds
2019-02-01T01:13:30.654+0000: 794585.612: Application time: 2.9369469 seconds
2019-02-01T01:13:30.663+0000: 794585.621: Total time for which application threads were stopped: 0.0090412 seconds, Stopping threads took: 0.0003852 seconds
2019-02-01T01:13:30.665+0000: 794585.623: Application time: 0.0019325 seconds
2019-02-01T01:13:30.674+0000: 794585.632: [GC (GCLocker Initiated GC) 2019-02-01T01:13:30.689+0000: 794585.646: [SoftReference, 0 refs, 0.0000594 secs]2019-02-01T01:13:30.689+0000: 794585.646: [WeakReference, 242 refs, 0.0000863 secs]2019-02-01T01:13:30.689+0000: 794585.647: [FinalReference, 483 refs, 0.0002480 secs]2019-02-01T01:13:30.689+0000: 794585.647: [PhantomReference, 0 refs, 0 refs, 0.0000102 secs]2019-02-01T01:13:30.689+0000: 794585.647: [JNI Weak Reference, 0.0000195 secs]
Desired survivor size 121110528 bytes, new threshold 1 (max 15)
[PSYoungGen: 1101583K->78418K(1085440K)] 2068892K->1058485K(4487680K), 0.0196646 secs] [Times: user=0.28 sys=0.01, real=0.02 secs] 
2019-02-01T01:13:30.694+0000: 794585.652: Total time for which application threads were stopped: 0.0286779 seconds, Stopping threads took: 0.0002129 seconds
2019-02-01T01:13:33.620+0000: 794588.578: Application time: 2.9262040 seconds
2019-02-01T01:13:33.629+0000: 794588.587: [GC (Allocation Failure) 2019-02-01T01:13:33.642+0000: 794588.600: [SoftReference, 0 refs, 0.0000554 secs]2019-02-01T01:13:33.642+0000: 794588.600: [WeakReference, 182 refs, 0.0000762 secs]2019-02-01T01:13:33.642+0000: 794588.600: [FinalReference, 474 refs, 0.0002480 secs]2019-02-01T01:13:33.643+0000: 794588.600: [PhantomReference, 0 refs, 0 refs, 0.0000096 secs]2019-02-01T01:13:33.643+0000: 794588.600: [JNI Weak Reference, 0.0000182 secs]
Desired survivor size 116391936 bytes, new threshold 1 (max 15)
[PSYoungGen: 1085010K->67038K(1088000K)] 2065079K->1052642K(4490240K), 0.0191676 secs] [Times: user=0.23 sys=0.00, real=0.02 secs] 
2019-02-01T01:13:33.649+0000: 794588.607: Total time for which application threads were stopped: 0.0284144 seconds, Stopping threads took: 0.0002727 seconds
2019-02-01T01:13:36.990+0000: 794591.948: Application time: 3.3416354 seconds
2019-02-01T01:13:37.002+0000: 794591.960: Total time for which application threads were stopped: 0.0115735 seconds, Stopping threads took: 0.0033289 seconds
2019-02-01T01:13:37.004+0000: 794591.962: Application time: 0.0017935 seconds
2019-02-01T01:13:37.013+0000: 794591.971: [GC (GCLocker Initiated GC) 2019-02-01T01:13:37.027+0000: 794591.985: [SoftReference, 0 refs, 0.0000614 secs]2019-02-01T01:13:37.027+0000: 794591.985: [WeakReference, 110 refs, 0.0000498 secs]2019-02-01T01:13:37.027+0000: 794591.985: [FinalReference, 541 refs, 0.0003002 secs]2019-02-01T01:13:37.027+0000: 794591.985: [PhantomReference, 0 refs, 2 refs, 0.0000124 secs]2019-02-01T01:13:37.027+0000: 794591.985: [JNI Weak Reference, 0.0000194 secs]
Desired survivor size 112197632 bytes, new threshold 1 (max 15)
[PSYoungGen: 1059806K->66787K(1046528K)] 2045488K->1055878K(4448768K), 0.0202116 secs] [Times: user=0.22 sys=0.01, real=0.02 secs] 
2019-02-01T01:13:37.033+0000: 794591.991: Total time for which application threads were stopped: 0.0293552 seconds, Stopping threads took: 0.0002830 seconds
2019-02-01T01:13:40.296+0000: 794595.254: Application time: 3.2632950 seconds
2019-02-01T01:13:40.304+0000: 794595.262: Total time for which application threads were stopped: 0.0078958 seconds, Stopping threads took: 0.0003896 seconds
2019-02-01T01:13:40.305+0000: 794595.263: Application time: 0.0010228 seconds
2019-02-01T01:13:40.314+0000: 794595.272: [GC (Allocation Failure) 2019-02-01T01:13:40.326+0000: 794595.284: [SoftReference, 0 refs, 0.0000625 secs]2019-02-01T01:13:40.326+0000: 794595.284: [WeakReference, 45 refs, 0.0000252 secs]2019-02-01T01:13:40.326+0000: 794595.284: [FinalReference, 525 refs, 0.0002637 secs]2019-02-01T01:13:40.327+0000: 794595.285: [PhantomReference, 0 refs, 0 refs, 0.0000098 secs]2019-02-01T01:13:40.327+0000: 794595.285: [JNI Weak Reference, 0.0000189 secs]
Desired survivor size 108527616 bytes, new threshold 1 (max 15)
[PSYoungGen: 1046243K->67033K(1056256K)] 2035384K->1059320K(4458496K), 0.0183583 secs] [Times: user=0.20 sys=0.01, real=0.02 secs] 
2019-02-01T01:13:40.333+0000: 794595.291: Total time for which application threads were stopped: 0.0274552 seconds, Stopping threads took: 0.0002819 seconds
2019-02-01T01:13:40.333+0000: 794595.291: Application time: 0.0004622 seconds
2019-02-01T01:13:40.340+0000: 794595.298: [GC (GCLocker Initiated GC) 2019-02-01T01:13:40.353+0000: 794595.311: [SoftReference, 0 refs, 0.0000618 secs]2019-02-01T01:13:40.353+0000: 794595.311: [WeakReference, 0 refs, 0.0000188 secs]2019-02-01T01:13:40.353+0000: 794595.311: [FinalReference, 0 refs, 0.0000096 secs]2019-02-01T01:13:40.353+0000: 794595.311: [PhantomReference, 0 refs, 0 refs, 0.0000111 secs]2019-02-01T01:13:40.353+0000: 794595.311: [JNI Weak Reference, 0.0000217 secs]
Desired survivor size 116391936 bytes, new threshold 1 (max 15)
[PSYoungGen: 69541K->576K(1072640K)] 1061828K->1066175K(4474880K), 0.0181347 secs] [Times: user=0.21 sys=0.01, real=0.02 secs] 
2019-02-01T01:13:40.359+0000: 794595.316: Total time for which application threads were stopped: 0.0253998 seconds, Stopping threads took: 0.0003352 seconds
2019-02-01T01:13:40.372+0000: 794595.330: Application time: 0.0137423 seconds
2019-02-01T01:13:40.381+0000: 794595.339: Total time for which application threads were stopped: 0.0084221 seconds, Stopping threads took: 0.0011629 seconds
2019-02-01T01:13:43.178+0000: 794598.136: Application time: 2.7974431 seconds
2019-02-01T01:13:43.187+0000: 794598.145: Total time for which application threads were stopped: 0.0087844 seconds, Stopping threads took: 0.0003272 seconds
2019-02-01T01:13:43.188+0000: 794598.146: Application time: 0.0009354 seconds
2019-02-01T01:13:43.197+0000: 794598.155: [GC (GCLocker Initiated GC) 2019-02-01T01:13:43.224+0000: 794598.181: [SoftReference, 0 refs, 0.0000589 secs]2019-02-01T01:13:43.224+0000: 794598.181: [WeakReference, 54 refs, 0.0000266 secs]2019-02-01T01:13:43.224+0000: 794598.182: [FinalReference, 464 refs, 0.0002463 secs]2019-02-01T01:13:43.224+0000: 794598.182: [PhantomReference, 0 refs, 0 refs, 0.0000095 secs]2019-02-01T01:13:43.224+0000: 794598.182: [JNI Weak Reference, 0.0000192 secs]
Desired survivor size 121110528 bytes, new threshold 1 (max 15)
[PSYoungGen: 967232K->88010K(1267200K)] 2036168K->1157035K(4669440K), 0.0303332 secs] [Times: user=0.31 sys=0.22, real=0.03 secs] 
2019-02-01T01:13:43.228+0000: 794598.185: Total time for which application threads were stopped: 0.0395169 seconds, Stopping threads took: 0.0002794 seconds
2019-02-01T01:13:46.729+0000: 794601.687: Application time: 3.5013338 seconds
2019-02-01T01:13:46.737+0000: 794601.695: Total time for which application threads were stopped: 0.0085941 seconds, Stopping threads took: 0.0002613 seconds
2019-02-01T01:13:46.738+0000: 794601.696: Application time: 0.0006856 seconds
2019-02-01T01:13:46.745+0000: 794601.703: [GC (GCLocker Initiated GC) 2019-02-01T01:13:46.766+0000: 794601.724: [SoftReference, 0 refs, 0.0000590 secs]2019-02-01T01:13:46.766+0000: 794601.724: [WeakReference, 94 refs, 0.0000453 secs]2019-02-01T01:13:46.766+0000: 794601.724: [FinalReference, 570 refs, 0.0003213 secs]2019-02-01T01:13:46.766+0000: 794601.724: [PhantomReference, 0 refs, 0 refs, 0.0000118 secs]2019-02-01T01:13:46.766+0000: 794601.724: [JNI Weak Reference, 0.0000214 secs]
Desired survivor size 116916224 bytes, new threshold 1 (max 15)
[PSYoungGen: 1241546K->57084K(1271808K)] 2310585K->1135256K(4674048K), 0.0246091 secs] [Times: user=0.33 sys=0.06, real=0.03 secs] 
2019-02-01T01:13:46.770+0000: 794601.728: Total time for which application threads were stopped: 0.0320648 seconds, Stopping threads took: 0.0004133 seconds
2019-02-01T01:13:47.686+0000: 794602.644: Application time: 0.9162558 seconds
2019-02-01T01:13:47.694+0000: 794602.652: Total time for which application threads were stopped: 0.0079963 seconds, Stopping threads took: 0.0001981 seconds
2019-02-01T01:13:50.393+0000: 794605.351: Application time: 2.6988779 seconds
2019-02-01T01:13:50.402+0000: 794605.360: Total time for which application threads were stopped: 0.0082989 seconds, Stopping threads took: 0.0005465 seconds
2019-02-01T01:13:50.403+0000: 794605.361: Application time: 0.0012894 seconds
2019-02-01T01:13:50.410+0000: 794605.368: [GC (GCLocker Initiated GC) 2019-02-01T01:13:50.429+0000: 794605.386: [SoftReference, 0 refs, 0.0000621 secs]2019-02-01T01:13:50.429+0000: 794605.386: [WeakReference, 24 refs, 0.0000211 secs]2019-02-01T01:13:50.429+0000: 794605.387: [FinalReference, 624 refs, 0.0003622 secs]2019-02-01T01:13:50.429+0000: 794605.387: [PhantomReference, 0 refs, 1 refs, 0.0000115 secs]2019-02-01T01:13:50.429+0000: 794605.387: [JNI Weak Reference, 0.0000205 secs]
Desired survivor size 114294784 bytes, new threshold 1 (max 15)
[PSYoungGen: 1210620K->50770K(1486336K)] 2292145K->1135204K(4888576K), 0.0226497 secs] [Times: user=0.25 sys=0.10, real=0.02 secs] 
2019-02-01T01:13:50.433+0000: 794605.391: Total time for which application threads were stopped: 0.0297796 seconds, Stopping threads took: 0.0003108 seconds
2019-02-01T01:13:55.214+0000: 794610.172: Application time: 4.7810358 seconds
2019-02-01T01:13:55.223+0000: 794610.181: Total time for which application threads were stopped: 0.0096857 seconds, Stopping threads took: 0.0027937 seconds
2019-02-01T01:13:55.224+0000: 794610.182: Application time: 0.0008976 seconds
2019-02-01T01:13:55.236+0000: 794610.194: [GC (GCLocker Initiated GC) 2019-02-01T01:13:57.766+0000: 794612.723: [SoftReference, 0 refs, 0.0000481 secs]2019-02-01T01:13:57.766+0000: 794612.724: [WeakReference, 192 refs, 0.0000951 secs]2019-02-01T01:13:57.766+0000: 794612.724: [FinalReference, 754 refs, 0.0004018 secs]2019-02-01T01:13:57.766+0000: 794612.724: [PhantomReference, 0 refs, 0 refs, 0.0000104 secs]2019-02-01T01:13:57.766+0000: 794612.724: [JNI Weak Reference, 0.0000195 secs]
Desired survivor size 112197632 bytes, new threshold 1 (max 15)
[PSYoungGen: 1429586K->71008K(1490432K)] 2514047K->1158156K(4892672K), 2.5339169 secs] [Times: user=39.92 sys=15.60, real=2.54 secs] 
2019-02-01T01:13:57.770+0000: 794612.728: Total time for which application threads were stopped: 2.5457424 seconds, Stopping threads took: 0.0047812 seconds
2019-02-01T01:14:01.924+0000: 794616.882: Application time: 4.1540306 seconds
2019-02-01T01:14:01.945+0000: 794616.903: Total time for which application threads were stopped: 0.0207296 seconds, Stopping threads took: 0.0011739 seconds
2019-02-01T01:14:01.947+0000: 794616.905: Application time: 0.0022404 seconds
2019-02-01T01:14:01.966+0000: 794616.924: [GC (GCLocker Initiated GC) 2019-02-01T01:14:04.252+0000: 794619.210: [SoftReference, 0 refs, 0.0000507 secs]2019-02-01T01:14:04.252+0000: 794619.210: [WeakReference, 8 refs, 0.0000131 secs]2019-02-01T01:14:04.252+0000: 794619.210: [FinalReference, 816 refs, 0.0004473 secs]2019-02-01T01:14:04.253+0000: 794619.211: [PhantomReference, 0 refs, 5 refs, 0.0000117 secs]2019-02-01T01:14:04.253+0000: 794619.211: [JNI Weak Reference, 0.0000199 secs]
Desired survivor size 111149056 bytes, new threshold 1 (max 15)
[PSYoungGen: 1449824K->42386K(1760256K)] 2540350K->1137614K(5162496K), 2.2896797 secs] [Times: user=13.14 sys=38.39, real=2.29 secs] 
2019-02-01T01:14:04.256+0000: 794619.214: Total time for which application threads were stopped: 2.3091246 seconds, Stopping threads took: 0.0005707 seconds
2019-02-01T01:14:12.329+0000: 794627.287: Application time: 8.0730103 seconds
2019-02-01T01:14:13.661+0000: 794628.619: Total time for which application threads were stopped: 1.3316195 seconds, Stopping threads took: 1.3227059 seconds
2019-02-01T01:14:13.682+0000: 794628.640: Application time: 0.0209639 seconds
2019-02-01T01:14:13.690+0000: 794628.648: [GC (GCLocker Initiated GC) 2019-02-01T01:14:17.775+0000: 794632.732: [SoftReference, 0 refs, 0.0000497 secs]2019-02-01T01:14:17.775+0000: 794632.733: [WeakReference, 68 refs, 0.0000361 secs]2019-02-01T01:14:17.775+0000: 794632.733: [FinalReference, 0 refs, 0.0000079 secs]2019-02-01T01:14:17.775+0000: 794632.733: [PhantomReference, 0 refs, 4 refs, 0.0000115 secs]2019-02-01T01:14:17.775+0000: 794632.733: [JNI Weak Reference, 0.0000188 secs]
Desired survivor size 167772160 bytes, new threshold 1 (max 15)
[PSYoungGen: 1694610K->108536K(1760768K)] 2807938K->1336225K(5163008K), 4.0881530 secs] [Times: user=21.88 sys=69.81, real=4.09 secs] 
2019-02-01T01:14:17.779+0000: 794632.736: Total time for which application threads were stopped: 4.0966377 seconds, Stopping threads took: 0.0022533 seconds
2019-02-01T01:14:19.166+0000: 794634.124: Application time: 1.3874340 seconds
2019-02-01T01:14:19.175+0000: 794634.133: Total time for which application threads were stopped: 0.0091811 seconds, Stopping threads took: 0.0022976 seconds
2019-02-01T01:14:19.175+0000: 794634.133: Application time: 0.0002553 seconds
2019-02-01T01:14:19.183+0000: 794634.141: Total time for which application threads were stopped: 0.0072975 seconds, Stopping threads took: 0.0001178 seconds
2019-02-01T01:14:19.189+0000: 794634.147: Application time: 0.0062069 seconds
2019-02-01T01:14:19.201+0000: 794634.159: [GC (GCLocker Initiated GC) 2019-02-01T01:14:21.474+0000: 794636.432: [SoftReference, 0 refs, 0.0000433 secs]2019-02-01T01:14:21.474+0000: 794636.432: [WeakReference, 39 refs, 0.0000255 secs]2019-02-01T01:14:21.475+0000: 794636.432: [FinalReference, 0 refs, 0.0000083 secs]2019-02-01T01:14:21.475+0000: 794636.432: [PhantomReference, 0 refs, 155 refs, 0.0000553 secs]2019-02-01T01:14:21.475+0000: 794636.432: [JNI Weak Reference, 0.0000186 secs]
Desired survivor size 390594560 bytes, new threshold 1 (max 15)
[PSYoungGen: 1760760K->161278K(1320448K)] 2998933K->1927318K(4722688K), 2.2764923 secs] [Times: user=25.44 sys=25.24, real=2.27 secs] 
2019-02-01T01:14:21.478+0000: 794636.436: Total time for which application threads were stopped: 2.2892015 seconds, Stopping threads took: 0.0028942 seconds
2019-02-01T01:14:22.549+0000: 794637.507: Application time: 1.0712457 seconds
2019-02-01T01:14:22.559+0000: 794637.517: Total time for which application threads were stopped: 0.0093790 seconds, Stopping threads took: 0.0009679 seconds
2019-02-01T01:14:22.566+0000: 794637.523: Application time: 0.0068666 seconds
2019-02-01T01:14:22.577+0000: 794637.535: [GC (GCLocker Initiated GC) 2019-02-01T01:14:22.651+0000: 794637.609: [SoftReference, 0 refs, 0.0000515 secs]2019-02-01T01:14:22.651+0000: 794637.609: [WeakReference, 140 refs, 0.0000594 secs]2019-02-01T01:14:22.651+0000: 794637.609: [FinalReference, 0 refs, 0.0000134 secs]2019-02-01T01:14:22.651+0000: 794637.609: [PhantomReference, 0 refs, 29 refs, 0.0000177 secs]2019-02-01T01:14:22.651+0000: 794637.609: [JNI Weak Reference, 0.0000191 secs]
Desired survivor size 570425344 bytes, new threshold 1 (max 15)
[PSYoungGen: 1320446K->381417K(1540608K)] 3087892K->2446779K(4942848K), 0.0771915 secs] [Times: user=1.64 sys=0.00, real=0.08 secs] 
2019-02-01T01:14:22.655+0000: 794637.613: Total time for which application threads were stopped: 0.0893431 seconds, Stopping threads took: 0.0005936 seconds
2019-02-01T01:14:24.953+0000: 794639.911: Application time: 2.2984254 seconds
2019-02-01T01:14:24.960+0000: 794639.917: Total time for which application threads were stopped: 0.0061825 seconds, Stopping threads took: 0.0002470 seconds
2019-02-01T01:14:24.961+0000: 794639.918: Application time: 0.0010400 seconds
2019-02-01T01:14:24.967+0000: 794639.925: [GC (GCLocker Initiated GC) 2019-02-01T01:14:24.997+0000: 794639.955: [SoftReference, 0 refs, 0.0000673 secs]2019-02-01T01:14:24.997+0000: 794639.955: [WeakReference, 35 refs, 0.0000244 secs]2019-02-01T01:14:24.998+0000: 794639.955: [FinalReference, 627 refs, 0.0011501 secs]2019-02-01T01:14:24.999+0000: 794639.956: [PhantomReference, 0 refs, 3 refs, 0.0000130 secs]2019-02-01T01:14:24.999+0000: 794639.957: [JNI Weak Reference, 0.0000194 secs]
Desired survivor size 546832384 bytes, new threshold 1 (max 15)
[PSYoungGen: 1540585K->113979K(1235456K)] 3606031K->2223666K(4637696K), 0.0350012 secs] [Times: user=0.59 sys=0.01, real=0.03 secs] 
2019-02-01T01:14:25.002+0000: 794639.960: Total time for which application threads were stopped: 0.0415344 seconds, Stopping threads took: 0.0002798 seconds
2019-02-01T01:14:29.926+0000: 794644.884: Application time: 4.9240364 seconds
2019-02-01T01:14:29.935+0000: 794644.893: Total time for which application threads were stopped: 0.0091546 seconds, Stopping threads took: 0.0014468 seconds
2019-02-01T01:14:29.936+0000: 794644.894: Application time: 0.0008005 seconds
2019-02-01T01:14:29.943+0000: 794644.900: [GC (GCLocker Initiated GC) 2019-02-01T01:14:29.961+0000: 794644.919: [SoftReference, 0 refs, 0.0000556 secs]2019-02-01T01:14:29.961+0000: 794644.919: [WeakReference, 37 refs, 0.0000260 secs]2019-02-01T01:14:29.961+0000: 794644.919: [FinalReference, 472 refs, 0.0002735 secs]2019-02-01T01:14:29.962+0000: 794644.919: [PhantomReference, 0 refs, 2 refs, 0.0000107 secs]2019-02-01T01:14:29.962+0000: 794644.919: [JNI Weak Reference, 0.0000189 secs]
Desired survivor size 536346624 bytes, new threshold 1 (max 15)
[PSYoungGen: 967995K->40757K(1388032K)] 3084343K->2185157K(4790272K), 0.0231061 secs] [Times: user=0.38 sys=0.00, real=0.03 secs] 
2019-02-01T01:14:29.966+0000: 794644.924: Total time for which application threads were stopped: 0.0298553 seconds, Stopping threads took: 0.0003745 seconds
2019-02-01T01:14:32.678+0000: 794647.636: Application time: 2.7123475 seconds
2019-02-01T01:14:32.686+0000: 794647.644: Total time for which application threads were stopped: 0.0074497 seconds, Stopping threads took: 0.0001896 seconds
2019-02-01T01:14:32.686+0000: 794647.644: Application time: 0.0001647 seconds
2019-02-01T01:14:32.693+0000: 794647.651: Total time for which application threads were stopped: 0.0072328 seconds, Stopping threads took: 0.0003153 seconds
2019-02-01T01:14:32.695+0000: 794647.653: Application time: 0.0014749 seconds
2019-02-01T01:14:32.703+0000: 794647.661: [GC (GCLocker Initiated GC) 2019-02-01T01:14:32.718+0000: 794647.676: [SoftReference, 0 refs, 0.0000666 secs]2019-02-01T01:14:32.718+0000: 794647.676: [WeakReference, 26 refs, 0.0000411 secs]2019-02-01T01:14:32.718+0000: 794647.676: [FinalReference, 480 refs, 0.0003469 secs]2019-02-01T01:14:32.719+0000: 794647.677: [PhantomReference, 0 refs, 0 refs, 0.0000188 secs]2019-02-01T01:14:32.719+0000: 794647.677: [JNI Weak Reference, 0.0000429 secs]
Desired survivor size 516947968 bytes, new threshold 1 (max 15)
[PSYoungGen: 894773K->73630K(1339904K)] 3042539K->2224155K(4742144K), 0.0288325 secs] [Times: user=0.22 sys=0.02, real=0.03 secs] 
2019-02-01T01:14:32.733+0000: 794647.690: Total time for which application threads were stopped: 0.0378382 seconds, Stopping threads took: 0.0002696 seconds
2019-02-01T01:14:37.372+0000: 794652.330: Application time: 4.6394455 seconds
2019-02-01T01:14:37.378+0000: 794652.336: Total time for which application threads were stopped: 0.0059912 seconds, Stopping threads took: 0.0003382 seconds
2019-02-01T01:14:37.379+0000: 794652.336: Application time: 0.0005137 seconds
2019-02-01T01:14:37.384+0000: 794652.342: [GC (GCLocker Initiated GC) 2019-02-01T01:14:37.399+0000: 794652.357: [SoftReference, 0 refs, 0.0000622 secs]2019-02-01T01:14:37.399+0000: 794652.357: [WeakReference, 46 refs, 0.0000321 secs]2019-02-01T01:14:37.399+0000: 794652.357: [FinalReference, 490 refs, 0.0002765 secs]2019-02-01T01:14:37.399+0000: 794652.357: [PhantomReference, 0 refs, 0 refs, 0.0000137 secs]2019-02-01T01:14:37.399+0000: 794652.357: [JNI Weak Reference, 0.0000242 secs]
Desired survivor size 502267904 bytes, new threshold 1 (max 15)
[PSYoungGen: 937886K->41844K(1369088K)] 3091820K->2198653K(4771328K), 0.0201755 secs] [Times: user=0.20 sys=0.01, real=0.02 secs] 
2019-02-01T01:14:37.405+0000: 794652.363: Total time for which application threads were stopped: 0.0264037 seconds, Stopping threads took: 0.0001454 seconds
2019-02-01T01:14:39.756+0000: 794654.714: Application time: 2.3512059 seconds
2019-02-01T01:14:39.767+0000: 794654.724: Total time for which application threads were stopped: 0.0104614 seconds, Stopping threads took: 0.0017113 seconds
2019-02-01T01:14:39.768+0000: 794654.726: Application time: 0.0018391 seconds
2019-02-01T01:14:39.775+0000: 794654.733: [GC (GCLocker Initiated GC) 2019-02-01T01:14:39.792+0000: 794654.750: [SoftReference, 0 refs, 0.0000632 secs]2019-02-01T01:14:39.792+0000: 794654.750: [WeakReference, 42 refs, 0.0000230 secs]2019-02-01T01:14:39.792+0000: 794654.750: [FinalReference, 497 refs, 0.0002437 secs]2019-02-01T01:14:39.792+0000: 794654.750: [PhantomReference, 0 refs, 1 refs, 0.0000105 secs]2019-02-01T01:14:39.792+0000: 794654.750: [JNI Weak Reference, 0.0000190 secs]
Desired survivor size 482344960 bytes, new threshold 1 (max 15)
[PSYoungGen: 906100K->63792K(1363968K)] 3066296K->2226687K(4766208K), 0.0211344 secs] [Times: user=0.25 sys=0.01, real=0.02 secs] 
2019-02-01T01:14:39.796+0000: 794654.754: Total time for which application threads were stopped: 0.0279529 seconds, Stopping threads took: 0.0002754 seconds
2019-02-01T01:14:40.374+0000: 794655.331: Application time: 0.5771305 seconds
2019-02-01T01:14:40.383+0000: 794655.341: Total time for which application threads were stopped: 0.0093775 seconds, Stopping threads took: 0.0003425 seconds
2019-02-01T01:14:43.516+0000: 794658.474: Application time: 3.1335367 seconds
2019-02-01T01:14:43.523+0000: 794658.481: Total time for which application threads were stopped: 0.0069637 seconds, Stopping threads took: 0.0002837 seconds
2019-02-01T01:14:43.524+0000: 794658.482: Application time: 0.0008345 seconds
2019-02-01T01:14:43.532+0000: 794658.489: [GC (GCLocker Initiated GC) 2019-02-01T01:14:43.546+0000: 794658.504: [SoftReference, 0 refs, 0.0000582 secs]2019-02-01T01:14:43.546+0000: 794658.504: [WeakReference, 41 refs, 0.0000353 secs]2019-02-01T01:14:43.546+0000: 794658.504: [FinalReference, 513 refs, 0.0002487 secs]2019-02-01T01:14:43.546+0000: 794658.504: [PhantomReference, 0 refs, 0 refs, 0.0000134 secs]2019-02-01T01:14:43.546+0000: 794658.504: [JNI Weak Reference, 0.0000186 secs]
Desired survivor size 464519168 bytes, new threshold 1 (max 15)
[PSYoungGen: 990512K->49228K(1397760K)] 3153490K->2214952K(4800000K), 0.0184464 secs] [Times: user=0.21 sys=0.01, real=0.02 secs] 
2019-02-01T01:14:43.550+0000: 794658.508: Total time for which application threads were stopped: 0.0259658 seconds, Stopping threads took: 0.0002644 seconds
2019-02-01T01:14:50.619+0000: 794665.577: Application time: 7.0685176 seconds
2019-02-01T01:14:50.626+0000: 794665.584: Total time for which application threads were stopped: 0.0075790 seconds, Stopping threads took: 0.0002545 seconds
2019-02-01T01:14:50.627+0000: 794665.584: Application time: 0.0002918 seconds
2019-02-01T01:14:50.634+0000: 794665.592: [GC (GCLocker Initiated GC) 2019-02-01T01:14:50.645+0000: 794665.603: [SoftReference, 0 refs, 0.0000580 secs]2019-02-01T01:14:50.645+0000: 794665.603: [WeakReference, 1 refs, 0.0000119 secs]2019-02-01T01:14:50.646+0000: 794665.603: [FinalReference, 471 refs, 0.0002999 secs]2019-02-01T01:14:50.646+0000: 794665.604: [PhantomReference, 0 refs, 0 refs, 0.0000133 secs]2019-02-01T01:14:50.646+0000: 794665.604: [JNI Weak Reference, 0.0000221 secs]
Desired survivor size 452460544 bytes, new threshold 1 (max 15)
[PSYoungGen: 975948K->9121K(1411072K)] 3148708K->2184748K(4813312K), 0.0153406 secs] [Times: user=0.19 sys=0.01, real=0.02 secs] 
2019-02-01T01:14:50.650+0000: 794665.608: Total time for which application threads were stopped: 0.0232221 seconds, Stopping threads took: 0.0001812 seconds
2019-02-01T01:15:01.734+0000: 794676.691: Application time: 11.0837449 seconds
2019-02-01T01:15:01.742+0000: 794676.700: [GC (Allocation Failure) 2019-02-01T01:15:01.754+0000: 794676.711: [SoftReference, 0 refs, 0.0000488 secs]2019-02-01T01:15:01.754+0000: 794676.711: [WeakReference, 10 refs, 0.0000170 secs]2019-02-01T01:15:01.754+0000: 794676.711: [FinalReference, 505 refs, 0.0003497 secs]2019-02-01T01:15:01.754+0000: 794676.712: [PhantomReference, 0 refs, 0 refs, 0.0000139 secs]2019-02-01T01:15:01.754+0000: 794676.712: [JNI Weak Reference, 0.0000259 secs]
Desired survivor size 435159040 bytes, new threshold 1 (max 15)
[PSYoungGen: 1006497K->29756K(1439232K)] 3182128K->2207797K(4841472K), 0.0161275 secs] [Times: user=0.15 sys=0.00, real=0.02 secs] 
2019-02-01T01:15:01.759+0000: 794676.717: Total time for which application threads were stopped: 0.0251058 seconds, Stopping threads took: 0.0002820 seconds
2019-02-01T01:15:12.620+0000: 794687.577: Application time: 10.8607893 seconds
2019-02-01T01:15:12.628+0000: 794687.586: Total time for which application threads were stopped: 0.0087611 seconds, Stopping threads took: 0.0005060 seconds
2019-02-01T01:15:12.629+0000: 794687.587: Application time: 0.0004757 seconds
2019-02-01T01:15:12.637+0000: 794687.595: [GC (GCLocker Initiated GC) 2019-02-01T01:15:12.649+0000: 794687.607: [SoftReference, 0 refs, 0.0000722 secs]2019-02-01T01:15:12.650+0000: 794687.607: [WeakReference, 71 refs, 0.0000468 secs]2019-02-01T01:15:12.650+0000: 794687.607: [FinalReference, 573 refs, 0.0004177 secs]2019-02-01T01:15:12.650+0000: 794687.608: [PhantomReference, 0 refs, 0 refs, 0.0000200 secs]2019-02-01T01:15:12.650+0000: 794687.608: [JNI Weak Reference, 0.0000325 secs]
Desired survivor size 417857536 bytes, new threshold 1 (max 15)
[PSYoungGen: 1026915K->23795K(1435136K)] 3205486K->2204134K(4837376K), 0.0176600 secs] [Times: user=0.18 sys=0.00, real=0.02 secs] 
2019-02-01T01:15:12.655+0000: 794687.613: Total time for which application threads were stopped: 0.0264947 seconds, Stopping threads took: 0.0001510 seconds
2019-02-01T01:15:23.851+0000: 794698.809: Application time: 11.1958568 seconds
2019-02-01T01:15:23.860+0000: 794698.818: Total time for which application threads were stopped: 0.0086132 seconds, Stopping threads took: 0.0003256 seconds
2019-02-01T01:15:23.860+0000: 794698.818: Application time: 0.0002076 seconds
2019-02-01T01:15:23.869+0000: 794698.827: [GC (GCLocker Initiated GC) 2019-02-01T01:15:23.882+0000: 794698.839: [SoftReference, 0 refs, 0.0000708 secs]2019-02-01T01:15:23.882+0000: 794698.840: [WeakReference, 10 refs, 0.0000357 secs]2019-02-01T01:15:23.882+0000: 794698.840: [FinalReference, 574 refs, 0.0004809 secs]2019-02-01T01:15:23.882+0000: 794698.840: [PhantomReference, 0 refs, 0 refs, 0.0001420 secs]2019-02-01T01:15:23.882+0000: 794698.840: [JNI Weak Reference, 0.0000392 secs]
Desired survivor size 402653184 bytes, new threshold 1 (max 15)
[PSYoungGen: 1079027K->9221K(1463296K)] 3262696K->2194159K(4865536K), 0.0188594 secs] [Times: user=0.17 sys=0.01, real=0.02 secs] 
2019-02-01T01:15:23.888+0000: 794698.846: Total time for which application threads were stopped: 0.0283896 seconds, Stopping threads took: 0.0001913 seconds
2019-02-01T01:15:26.024+0000: 794700.982: Application time: 2.1357229 seconds
2019-02-01T01:15:26.033+0000: 794700.991: Total time for which application threads were stopped: 0.0088982 seconds, Stopping threads took: 0.0003100 seconds
2019-02-01T01:15:32.235+0000: 794707.193: Application time: 6.2021620 seconds
2019-02-01T01:15:32.243+0000: 794707.201: Total time for which application threads were stopped: 0.0075395 seconds, Stopping threads took: 0.0002554 seconds
2019-02-01T01:15:32.243+0000: 794707.201: Application time: 0.0002472 seconds
2019-02-01T01:15:32.250+0000: 794707.208: [GC (GCLocker Initiated GC) 2019-02-01T01:15:32.261+0000: 794707.218: [SoftReference, 0 refs, 0.0000530 secs]2019-02-01T01:15:32.261+0000: 794707.218: [WeakReference, 4 refs, 0.0000110 secs]2019-02-01T01:15:32.261+0000: 794707.218: [FinalReference, 554 refs, 0.0003296 secs]2019-02-01T01:15:32.261+0000: 794707.219: [PhantomReference, 0 refs, 0 refs, 0.0000139 secs]2019-02-01T01:15:32.261+0000: 794707.219: [JNI Weak Reference, 0.0000251 secs]
Desired survivor size 386400256 bytes, new threshold 1 (max 15)
[PSYoungGen: 1064453K->9776K(1468928K)] 3249395K->2196641K(4871168K), 0.0148725 secs] [Times: user=0.16 sys=0.01, real=0.02 secs] 
2019-02-01T01:15:32.265+0000: 794707.223: Total time for which application threads were stopped: 0.0223057 seconds, Stopping threads took: 0.0001703 seconds
2019-02-01T01:15:40.373+0000: 794715.330: Application time: 8.1072783 seconds
2019-02-01T01:15:40.382+0000: 794715.340: Total time for which application threads were stopped: 0.0099119 seconds, Stopping threads took: 0.0021465 seconds
2019-02-01T01:15:41.534+0000: 794716.492: Application time: 1.1518302 seconds
2019-02-01T01:15:41.542+0000: 794716.500: Total time for which application threads were stopped: 0.0081269 seconds, Stopping threads took: 0.0004912 seconds
2019-02-01T01:15:41.543+0000: 794716.501: Application time: 0.0003956 seconds
2019-02-01T01:15:41.551+0000: 794716.509: [GC (GCLocker Initiated GC) 2019-02-01T01:15:41.578+0000: 794716.536: [SoftReference, 0 refs, 0.0000728 secs]2019-02-01T01:15:41.578+0000: 794716.536: [WeakReference, 7 refs, 0.0000180 secs]2019-02-01T01:15:41.578+0000: 794716.536: [FinalReference, 491 refs, 0.0003729 secs]2019-02-01T01:15:41.579+0000: 794716.537: [PhantomReference, 0 refs, 1 refs, 0.0000126 secs]2019-02-01T01:15:41.579+0000: 794716.537: [JNI Weak Reference, 0.0000264 secs]
Desired survivor size 361234432 bytes, new threshold 1 (max 15)
[PSYoungGen: 1130544K->56233K(1498112K)] 3317417K->2244898K(4900352K), 0.0338737 secs] [Times: user=0.49 sys=0.03, real=0.04 secs] 
2019-02-01T01:15:41.585+0000: 794716.543: Total time for which application threads were stopped: 0.0421767 seconds, Stopping threads took: 0.0001066 seconds
2019-02-01T01:15:49.039+0000: 794723.997: Application time: 7.4544285 seconds
2019-02-01T01:15:49.049+0000: 794724.007: Total time for which application threads were stopped: 0.0093045 seconds, Stopping threads took: 0.0004365 seconds
2019-02-01T01:15:49.049+0000: 794724.007: Application time: 0.0004845 seconds
2019-02-01T01:15:49.058+0000: 794724.016: [GC (GCLocker Initiated GC) 2019-02-01T01:15:49.070+0000: 794724.028: [SoftReference, 0 refs, 0.0000649 secs]2019-02-01T01:15:49.070+0000: 794724.028: [WeakReference, 28 refs, 0.0000304 secs]2019-02-01T01:15:49.070+0000: 794724.028: [FinalReference, 546 refs, 0.0004516 secs]2019-02-01T01:15:49.071+0000: 794724.029: [PhantomReference, 0 refs, 0 refs, 0.0000201 secs]2019-02-01T01:15:49.071+0000: 794724.029: [JNI Weak Reference, 0.0000336 secs]
Desired survivor size 340787200 bytes, new threshold 1 (max 15)
[PSYoungGen: 1177001K->36888K(1500160K)] 3365668K->2226661K(4902400K), 0.0201439 secs] [Times: user=0.21 sys=0.01, real=0.02 secs] 
2019-02-01T01:15:49.079+0000: 794724.037: Total time for which application threads were stopped: 0.0294369 seconds, Stopping threads took: 0.0001931 seconds
2019-02-01T01:15:55.213+0000: 794730.171: Application time: 6.1344203 seconds
2019-02-01T01:15:55.222+0000: 794730.180: Total time for which application threads were stopped: 0.0091263 seconds, Stopping threads took: 0.0003346 seconds
2019-02-01T01:15:55.223+0000: 794730.181: Application time: 0.0004558 seconds
2019-02-01T01:15:55.231+0000: 794730.189: [GC (GCLocker Initiated GC) 2019-02-01T01:15:55.245+0000: 794730.203: [SoftReference, 0 refs, 0.0000457 secs]2019-02-01T01:15:55.245+0000: 794730.203: [WeakReference, 26 refs, 0.0000201 secs]2019-02-01T01:15:55.245+0000: 794730.203: [FinalReference, 537 refs, 0.0002509 secs]2019-02-01T01:15:55.245+0000: 794730.203: [PhantomReference, 0 refs, 0 refs, 0.0000098 secs]2019-02-01T01:15:55.245+0000: 794730.203: [JNI Weak Reference, 0.0000179 secs]
Desired survivor size 320864256 bytes, new threshold 1 (max 15)
[PSYoungGen: 1228824K->42780K(1216512K)] 3421929K->2239160K(4618752K), 0.0241383 secs] [Times: user=0.21 sys=0.02, real=0.02 secs] 
2019-02-01T01:15:55.255+0000: 794730.213: Total time for which application threads were stopped: 0.0323779 seconds, Stopping threads took: 0.0002108 seconds
2019-02-01T01:16:02.054+0000: 794737.012: Application time: 6.7991021 seconds
2019-02-01T01:16:02.062+0000: 794737.020: Total time for which application threads were stopped: 0.0078988 seconds, Stopping threads took: 0.0001904 seconds
2019-02-01T01:16:02.063+0000: 794737.020: Application time: 0.0005138 seconds
2019-02-01T01:16:02.071+0000: 794737.029: [GC (GCLocker Initiated GC) 2019-02-01T01:16:02.085+0000: 794737.043: [SoftReference, 0 refs, 0.0000645 secs]2019-02-01T01:16:02.085+0000: 794737.043: [WeakReference, 3 refs, 0.0000192 secs]2019-02-01T01:16:02.085+0000: 794737.043: [FinalReference, 634 refs, 0.0004621 secs]2019-02-01T01:16:02.086+0000: 794737.043: [PhantomReference, 0 refs, 0 refs, 0.0000199 secs]2019-02-01T01:16:02.086+0000: 794737.044: [JNI Weak Reference, 0.0000323 secs]
Desired survivor size 303562752 bytes, new threshold 1 (max 15)
[PSYoungGen: 1216284K->29526K(1417216K)] 3412922K->2229460K(4819456K), 0.0220821 secs] [Times: user=0.20 sys=0.00, real=0.02 secs] 
2019-02-01T01:16:02.093+0000: 794737.051: Total time for which application threads were stopped: 0.0306026 seconds, Stopping threads took: 0.0002535 seconds
2019-02-01T01:16:07.166+0000: 794742.124: Application time: 5.0729706 seconds
2019-02-01T01:16:07.175+0000: 794742.133: Total time for which application threads were stopped: 0.0085125 seconds, Stopping threads took: 0.0003818 seconds
2019-02-01T01:16:07.175+0000: 794742.133: Application time: 0.0004048 seconds
2019-02-01T01:16:07.183+0000: 794742.140: [GC (GCLocker Initiated GC) 2019-02-01T01:16:07.195+0000: 794742.153: [SoftReference, 0 refs, 0.0000476 secs]2019-02-01T01:16:07.195+0000: 794742.153: [WeakReference, 3 refs, 0.0000140 secs]2019-02-01T01:16:07.195+0000: 794742.153: [FinalReference, 556 refs, 0.0003247 secs]2019-02-01T01:16:07.196+0000: 794742.154: [PhantomReference, 0 refs, 0 refs, 0.0000127 secs]2019-02-01T01:16:07.196+0000: 794742.154: [JNI Weak Reference, 0.0000238 secs]
Desired survivor size 286785536 bytes, new threshold 1 (max 15)
[PSYoungGen: 1185110K->31811K(1170432K)] 3385051K->2235035K(4572672K), 0.0211795 secs] [Times: user=0.18 sys=0.01, real=0.02 secs] 
2019-02-01T01:16:07.204+0000: 794742.162: Total time for which application threads were stopped: 0.0288545 seconds, Stopping threads took: 0.0004162 seconds
2019-02-01T01:16:12.413+0000: 794747.371: Application time: 5.2090191 seconds
2019-02-01T01:16:12.419+0000: 794747.377: Total time for which application threads were stopped: 0.0059165 seconds, Stopping threads took: 0.0002608 seconds
2019-02-01T01:16:12.419+0000: 794747.377: Application time: 0.0004300 seconds
2019-02-01T01:16:12.427+0000: 794747.385: [GC (GCLocker Initiated GC) 2019-02-01T01:16:12.441+0000: 794747.398: [SoftReference, 0 refs, 0.0000885 secs]2019-02-01T01:16:12.441+0000: 794747.399: [WeakReference, 11 refs, 0.0000232 secs]2019-02-01T01:16:12.441+0000: 794747.399: [FinalReference, 624 refs, 0.0004982 secs]2019-02-01T01:16:12.441+0000: 794747.399: [PhantomReference, 0 refs, 1 refs, 0.0000210 secs]2019-02-01T01:16:12.441+0000: 794747.399: [JNI Weak Reference, 0.0000319 secs]
Desired survivor size 268435456 bytes, new threshold 1 (max 15)
[PSYoungGen: 1169987K->44792K(1348608K)] 3380034K->2257472K(4750848K), 0.0223278 secs] [Times: user=0.22 sys=0.01, real=0.03 secs] 
2019-02-01T01:16:12.449+0000: 794747.407: Total time for which application threads were stopped: 0.0300137 seconds, Stopping threads took: 0.0002824 seconds
2019-02-01T01:16:17.802+0000: 794752.760: Application time: 5.3526109 seconds
2019-02-01T01:16:17.810+0000: 794752.768: Total time for which application threads were stopped: 0.0080287 seconds, Stopping threads took: 0.0003041 seconds
2019-02-01T01:16:17.810+0000: 794752.768: Application time: 0.0003356 seconds
2019-02-01T01:16:17.818+0000: 794752.776: [GC (GCLocker Initiated GC) 2019-02-01T01:16:17.831+0000: 794752.789: [SoftReference, 0 refs, 0.0000639 secs]2019-02-01T01:16:17.831+0000: 794752.789: [WeakReference, 68 refs, 0.0000440 secs]2019-02-01T01:16:17.831+0000: 794752.789: [FinalReference, 556 refs, 0.0003069 secs]2019-02-01T01:16:17.832+0000: 794752.790: [PhantomReference, 0 refs, 0 refs, 0.0000127 secs]2019-02-01T01:16:17.832+0000: 794752.790: [JNI Weak Reference, 0.0000211 secs]
Desired survivor size 253231104 bytes, new threshold 1 (max 15)
[PSYoungGen: 1166072K->33562K(1138688K)] 3382083K->2253397K(4540928K), 0.0197334 secs] [Times: user=0.24 sys=0.00, real=0.02 secs] 
2019-02-01T01:16:17.839+0000: 794752.796: Total time for which application threads were stopped: 0.0281070 seconds, Stopping threads took: 0.0002076 seconds
2019-02-01T01:16:23.131+0000: 794758.089: Application time: 5.2927868 seconds
2019-02-01T01:16:23.140+0000: 794758.098: Total time for which application threads were stopped: 0.0084405 seconds, Stopping threads took: 0.0003456 seconds
2019-02-01T01:16:23.140+0000: 794758.098: Application time: 0.0003774 seconds
2019-02-01T01:16:23.149+0000: 794758.106: [GC (GCLocker Initiated GC) 2019-02-01T01:16:23.162+0000: 794758.120: [SoftReference, 0 refs, 0.0000733 secs]2019-02-01T01:16:23.162+0000: 794758.120: [WeakReference, 46 refs, 0.0000391 secs]2019-02-01T01:16:23.162+0000: 794758.120: [FinalReference, 611 refs, 0.0019354 secs]2019-02-01T01:16:23.164+0000: 794758.122: [PhantomReference, 0 refs, 0 refs, 0.0000235 secs]2019-02-01T01:16:23.164+0000: 794758.122: [JNI Weak Reference, 0.0000325 secs]
Desired survivor size 236453888 bytes, new threshold 1 (max 15)
[PSYoungGen: 1138458K->46340K(1287680K)] 3358302K->2268791K(4689920K), 0.0212147 secs] [Times: user=0.22 sys=0.00, real=0.02 secs] 
2019-02-01T01:16:23.170+0000: 794758.128: Total time for which application threads were stopped: 0.0300147 seconds, Stopping threads took: 0.0002780 seconds
2019-02-01T01:16:27.350+0000: 794762.308: Application time: 4.1802401 seconds
2019-02-01T01:16:27.356+0000: 794762.314: Total time for which application threads were stopped: 0.0060765 seconds, Stopping threads took: 0.0002999 seconds
2019-02-01T01:16:27.357+0000: 794762.315: Application time: 0.0004065 seconds
2019-02-01T01:16:27.365+0000: 794762.323: [GC (Allocation Failure) 2019-02-01T01:16:27.379+0000: 794762.337: [SoftReference, 0 refs, 0.0000779 secs]2019-02-01T01:16:27.379+0000: 794762.337: [WeakReference, 1 refs, 0.0000173 secs]2019-02-01T01:16:27.379+0000: 794762.337: [FinalReference, 533 refs, 0.0017069 secs]2019-02-01T01:16:27.381+0000: 794762.339: [PhantomReference, 0 refs, 0 refs, 0.0000227 secs]2019-02-01T01:16:27.381+0000: 794762.339: [JNI Weak Reference, 0.0000294 secs]
Desired survivor size 221773824 bytes, new threshold 1 (max 15)
[PSYoungGen: 1135364K->41872K(1115648K)] 3357820K->2267234K(4517888K), 0.0298372 secs] [Times: user=0.22 sys=0.01, real=0.03 secs] 
2019-02-01T01:16:27.395+0000: 794762.353: Total time for which application threads were stopped: 0.0383988 seconds, Stopping threads took: 0.0002842 seconds
2019-02-01T01:16:27.395+0000: 794762.353: Application time: 0.0001403 seconds
2019-02-01T01:16:27.402+0000: 794762.359: [GC (GCLocker Initiated GC) 2019-02-01T01:16:27.413+0000: 794762.371: [SoftReference, 0 refs, 0.0000774 secs]2019-02-01T01:16:27.413+0000: 794762.371: [WeakReference, 0 refs, 0.0000162 secs]2019-02-01T01:16:27.413+0000: 794762.371: [FinalReference, 0 refs, 0.0000151 secs]2019-02-01T01:16:27.413+0000: 794762.371: [PhantomReference, 0 refs, 0 refs, 0.0000180 secs]2019-02-01T01:16:27.413+0000: 794762.371: [JNI Weak Reference, 0.0000313 secs]
Desired survivor size 215482368 bytes, new threshold 1 (max 15)
[PSYoungGen: 42312K->128K(1296384K)] 2267674K->2270336K(4698624K), 0.0169551 secs] [Times: user=0.20 sys=0.00, real=0.01 secs] 
2019-02-01T01:16:27.419+0000: 794762.377: Total time for which application threads were stopped: 0.0233433 seconds, Stopping threads took: 0.0003639 seconds
2019-02-01T01:16:32.247+0000: 794767.205: Application time: 4.8282748 seconds
2019-02-01T01:16:32.254+0000: 794767.211: Total time for which application threads were stopped: 0.0064597 seconds, Stopping threads took: 0.0002682 seconds
2019-02-01T01:16:32.254+0000: 794767.212: Application time: 0.0004220 seconds
2019-02-01T01:16:32.263+0000: 794767.221: [GC (GCLocker Initiated GC) 2019-02-01T01:16:32.275+0000: 794767.233: [SoftReference, 0 refs, 0.0000554 secs]2019-02-01T01:16:32.275+0000: 794767.233: [WeakReference, 61 refs, 0.0000336 secs]2019-02-01T01:16:32.275+0000: 794767.233: [FinalReference, 516 refs, 0.0002588 secs]2019-02-01T01:16:32.275+0000: 794767.233: [PhantomReference, 0 refs, 0 refs, 0.0000101 secs]2019-02-01T01:16:32.275+0000: 794767.233: [JNI Weak Reference, 0.0000286 secs]
Desired survivor size 200278016 bytes, new threshold 1 (max 15)
[PSYoungGen: 1079200K->47188K(1290240K)] 3352729K->2320725K(4692480K), 0.0158098 secs] [Times: user=0.23 sys=0.00, real=0.01 secs] 
2019-02-01T01:16:32.279+0000: 794767.237: Total time for which application threads were stopped: 0.0252195 seconds, Stopping threads took: 0.0011663 seconds
2019-02-01T01:16:36.834+0000: 794771.792: Application time: 4.5551070 seconds
2019-02-01T01:16:36.844+0000: 794771.802: Total time for which application threads were stopped: 0.0094319 seconds, Stopping threads took: 0.0004192 seconds
2019-02-01T01:16:36.844+0000: 794771.802: Application time: 0.0005714 seconds
2019-02-01T01:16:36.853+0000: 794771.811: [GC (GCLocker Initiated GC) 2019-02-01T01:16:36.884+0000: 794771.842: [SoftReference, 0 refs, 0.0000525 secs]2019-02-01T01:16:36.884+0000: 794771.842: [WeakReference, 61 refs, 0.0000297 secs]2019-02-01T01:16:36.884+0000: 794771.842: [FinalReference, 526 refs, 0.0002490 secs]2019-02-01T01:16:36.884+0000: 794771.842: [PhantomReference, 0 refs, 0 refs, 0.0000101 secs]2019-02-01T01:16:36.884+0000: 794771.842: [JNI Weak Reference, 0.0000197 secs]
Desired survivor size 186646528 bytes, new threshold 1 (max 15)
[PSYoungGen: 1126996K->42409K(1458176K)] 3400549K->2323410K(4860416K), 0.0345162 secs] [Times: user=0.35 sys=0.26, real=0.03 secs] 
2019-02-01T01:16:36.888+0000: 794771.846: Total time for which application threads were stopped: 0.0438421 seconds, Stopping threads took: 0.0002304 seconds
2019-02-01T01:16:40.372+0000: 794775.330: Application time: 3.4841562 seconds
2019-02-01T01:16:40.381+0000: 794775.339: Total time for which application threads were stopped: 0.0090657 seconds, Stopping threads took: 0.0002264 seconds
2019-02-01T01:16:42.648+0000: 794777.606: Application time: 2.2668644 seconds
2019-02-01T01:16:42.656+0000: 794777.614: Total time for which application threads were stopped: 0.0075797 seconds, Stopping threads took: 0.0003255 seconds
2019-02-01T01:16:42.657+0000: 794777.614: Application time: 0.0008265 seconds
2019-02-01T01:16:42.664+0000: 794777.622: [GC (GCLocker Initiated GC) 2019-02-01T01:16:42.677+0000: 794777.635: [SoftReference, 0 refs, 0.0000534 secs]2019-02-01T01:16:42.677+0000: 794777.635: [WeakReference, 83 refs, 0.0000386 secs]2019-02-01T01:16:42.677+0000: 794777.635: [FinalReference, 635 refs, 0.0003515 secs]2019-02-01T01:16:42.677+0000: 794777.635: [PhantomReference, 0 refs, 0 refs, 0.0000103 secs]2019-02-01T01:16:42.677+0000: 794777.635: [JNI Weak Reference, 0.0000196 secs]
Desired survivor size 175636480 bytes, new threshold 1 (max 15)
[PSYoungGen: 1333161K->36447K(1473024K)] 3617606K->2323192K(4875264K), 0.0171556 secs] [Times: user=0.23 sys=0.01, real=0.01 secs] 
2019-02-01T01:16:42.681+0000: 794777.639: Total time for which application threads were stopped: 0.0246347 seconds, Stopping threads took: 0.0001364 seconds
2019-02-01T01:16:48.378+0000: 794783.336: Application time: 5.6967694 seconds
2019-02-01T01:16:48.396+0000: 794783.354: Total time for which application threads were stopped: 0.0179561 seconds, Stopping threads took: 0.0095668 seconds
2019-02-01T01:16:48.398+0000: 794783.356: Application time: 0.0017500 seconds
2019-02-01T01:16:48.417+0000: 794783.375: [GC (GCLocker Initiated GC) 2019-02-01T01:16:48.459+0000: 794783.417: [SoftReference, 0 refs, 0.0000692 secs]2019-02-01T01:16:48.459+0000: 794783.417: [WeakReference, 18 refs, 0.0000202 secs]2019-02-01T01:16:48.459+0000: 794783.417: [FinalReference, 681 refs, 0.0004312 secs]2019-02-01T01:16:48.460+0000: 794783.417: [PhantomReference, 0 refs, 1 refs, 0.0000121 secs]2019-02-01T01:16:48.460+0000: 794783.417: [JNI Weak Reference, 0.0000279 secs]
Desired survivor size 164626432 bytes, new threshold 1 (max 15)
[PSYoungGen: 1327199K->40975K(1687040K)] 3614244K->2332414K(5089280K), 0.0461692 secs] [Times: user=0.40 sys=0.42, real=0.04 secs] 
2019-02-01T01:16:48.464+0000: 794783.422: Total time for which application threads were stopped: 0.0659418 seconds, Stopping threads took: 0.0020099 seconds
2019-02-01T01:16:54.367+0000: 794789.325: Application time: 5.9029617 seconds
2019-02-01T01:16:54.375+0000: 794789.333: Total time for which application threads were stopped: 0.0080256 seconds, Stopping threads took: 0.0002394 seconds
2019-02-01T01:16:54.375+0000: 794789.333: Application time: 0.0004023 seconds
2019-02-01T01:16:54.382+0000: 794789.340: [GC (GCLocker Initiated GC) 2019-02-01T01:16:54.440+0000: 794789.397: [SoftReference, 0 refs, 0.0000490 secs]2019-02-01T01:16:54.440+0000: 794789.397: [WeakReference, 65 refs, 0.0000349 secs]2019-02-01T01:16:54.440+0000: 794789.397: [FinalReference, 775 refs, 0.0003676 secs]2019-02-01T01:16:54.440+0000: 794789.398: [PhantomReference, 0 refs, 0 refs, 0.0000101 secs]2019-02-01T01:16:54.440+0000: 794789.398: [JNI Weak Reference, 0.0000193 secs]
Desired survivor size 160432128 bytes, new threshold 1 (max 15)
[PSYoungGen: 1580047K->67006K(1699840K)] 3871501K->2361983K(5102080K), 0.0614415 secs] [Times: user=0.60 sys=0.60, real=0.06 secs] 
2019-02-01T01:16:54.444+0000: 794789.402: Total time for which application threads were stopped: 0.0687625 seconds, Stopping threads took: 0.0001333 seconds
2019-02-01T01:16:59.819+0000: 794794.777: Application time: 5.3751104 seconds
2019-02-01T01:16:59.827+0000: 794794.785: Total time for which application threads were stopped: 0.0077301 seconds, Stopping threads took: 0.0003093 seconds
2019-02-01T01:16:59.827+0000: 794794.785: Application time: 0.0003380 seconds
2019-02-01T01:16:59.834+0000: 794794.792: [GC (GCLocker Initiated GC) 2019-02-01T01:16:59.975+0000: 794794.933: [SoftReference, 0 refs, 0.0000520 secs]2019-02-01T01:16:59.975+0000: 794794.933: [WeakReference, 68 refs, 0.0000444 secs]2019-02-01T01:16:59.975+0000: 794794.933: [FinalReference, 765 refs, 0.0004625 secs]2019-02-01T01:16:59.976+0000: 794794.933: [PhantomReference, 0 refs, 0 refs, 0.0000120 secs]2019-02-01T01:16:59.976+0000: 794794.933: [JNI Weak Reference, 0.0000216 secs]
Desired survivor size 154140672 bytes, new threshold 1 (max 15)
[PSYoungGen: 1606078K->62044K(1744896K)] 3905179K->2364209K(5147136K), 0.1446622 secs] [Times: user=2.27 sys=0.65, real=0.15 secs] 
2019-02-01T01:16:59.979+0000: 794794.937: Total time for which application threads were stopped: 0.1521271 seconds, Stopping threads took: 0.0002134 seconds
2019-02-01T01:17:05.755+0000: 794800.713: Application time: 5.7755578 seconds
2019-02-01T01:17:05.763+0000: 794800.721: Total time for which application threads were stopped: 0.0086195 seconds, Stopping threads took: 0.0002532 seconds
2019-02-01T01:17:05.764+0000: 794800.722: Application time: 0.0004607 seconds
2019-02-01T01:17:05.773+0000: 794800.731: [GC (GCLocker Initiated GC) 2019-02-01T01:17:06.089+0000: 794801.047: [SoftReference, 0 refs, 0.0000556 secs]2019-02-01T01:17:06.089+0000: 794801.047: [WeakReference, 17 refs, 0.0000161 secs]2019-02-01T01:17:06.089+0000: 794801.047: [FinalReference, 818 refs, 0.0004142 secs]2019-02-01T01:17:06.090+0000: 794801.047: [PhantomReference, 0 refs, 0 refs, 0.0000133 secs]2019-02-01T01:17:06.090+0000: 794801.047: [JNI Weak Reference, 0.0000210 secs]
Desired survivor size 145227776 bytes, new threshold 1 (max 15)
[PSYoungGen: 1666652K->43141K(1755136K)] 3972156K->2351146K(5157376K), 0.3218625 secs] [Times: user=3.14 sys=3.88, real=0.32 secs] 
2019-02-01T01:17:06.095+0000: 794801.053: Total time for which application threads were stopped: 0.3311003 seconds, Stopping threads took: 0.0003066 seconds
2019-02-01T01:17:12.759+0000: 794807.716: Application time: 6.6636711 seconds
2019-02-01T01:17:12.768+0000: 794807.726: Total time for which application threads were stopped: 0.0094652 seconds, Stopping threads took: 0.0004478 seconds
2019-02-01T01:17:12.769+0000: 794807.727: Application time: 0.0009010 seconds
2019-02-01T01:17:12.778+0000: 794807.736: [GC (GCLocker Initiated GC) 2019-02-01T01:17:12.795+0000: 794807.753: [SoftReference, 0 refs, 0.0000555 secs]2019-02-01T01:17:12.795+0000: 794807.753: [WeakReference, 20 refs, 0.0000164 secs]2019-02-01T01:17:12.795+0000: 794807.753: [FinalReference, 894 refs, 0.0005392 secs]2019-02-01T01:17:12.796+0000: 794807.753: [PhantomReference, 0 refs, 0 refs, 0.0000104 secs]2019-02-01T01:17:12.796+0000: 794807.753: [JNI Weak Reference, 0.0000192 secs]
Desired survivor size 136839168 bytes, new threshold 1 (max 15)
[PSYoungGen: 1647749K->53051K(1753600K)] 3959120K->2367070K(5155840K), 0.0208570 secs] [Times: user=0.32 sys=0.01, real=0.03 secs] 
2019-02-01T01:17:12.799+0000: 794807.757: Total time for which application threads were stopped: 0.0301113 seconds, Stopping threads took: 0.0002551 seconds
2019-02-01T01:17:18.945+0000: 794813.903: Application time: 6.1458585 seconds
2019-02-01T01:17:18.956+0000: 794813.914: Total time for which application threads were stopped: 0.0113259 seconds, Stopping threads took: 0.0023454 seconds
2019-02-01T01:17:18.957+0000: 794813.915: Application time: 0.0009757 seconds
2019-02-01T01:17:18.967+0000: 794813.925: [GC (GCLocker Initiated GC) 2019-02-01T01:17:20.661+0000: 794815.618: [SoftReference, 0 refs, 0.0000529 secs]2019-02-01T01:17:20.661+0000: 794815.618: [WeakReference, 33 refs, 0.0000238 secs]2019-02-01T01:17:20.661+0000: 794815.618: [FinalReference, 852 refs, 0.0005329 secs]2019-02-01T01:17:20.661+0000: 794815.619: [PhantomReference, 0 refs, 2 refs, 0.0000134 secs]2019-02-01T01:17:20.661+0000: 794815.619: [JNI Weak Reference, 0.0000208 secs]
Desired survivor size 128974848 bytes, new threshold 1 (max 15)
[PSYoungGen: 1682747K->45855K(1763328K)] 4006755K->2377175K(5165568K), 1.6976467 secs] [Times: user=15.35 sys=22.22, real=1.70 secs] 
2019-02-01T01:17:20.665+0000: 794815.623: Total time for which application threads were stopped: 1.7076152 seconds, Stopping threads took: 0.0004227 seconds
2019-02-01T01:17:26.399+0000: 794821.357: Application time: 5.7340289 seconds
2019-02-01T01:17:26.408+0000: 794821.366: Total time for which application threads were stopped: 0.0088775 seconds, Stopping threads took: 0.0002429 seconds
2019-02-01T01:17:26.408+0000: 794821.366: Application time: 0.0006396 seconds
2019-02-01T01:17:26.418+0000: 794821.376: [GC (GCLocker Initiated GC) 2019-02-01T01:17:27.846+0000: 794822.804: [SoftReference, 0 refs, 0.0000576 secs]2019-02-01T01:17:27.846+0000: 794822.804: [WeakReference, 17 refs, 0.0000191 secs]2019-02-01T01:17:27.846+0000: 794822.804: [FinalReference, 824 refs, 0.0004652 secs]2019-02-01T01:17:27.846+0000: 794822.804: [PhantomReference, 0 refs, 1 refs, 0.0000124 secs]2019-02-01T01:17:27.847+0000: 794822.804: [JNI Weak Reference, 0.0000215 secs]
Desired survivor size 129499136 bytes, new threshold 1 (max 15)
[PSYoungGen: 1675551K->71817K(1787392K)] 4010241K->2410470K(5189632K), 1.4319986 secs] [Times: user=25.22 sys=5.71, real=1.43 secs] 
2019-02-01T01:17:27.850+0000: 794822.808: Total time for which application threads were stopped: 1.4415835 seconds, Stopping threads took: 0.0004224 seconds
2019-02-01T01:17:33.757+0000: 794828.715: Application time: 5.9069455 seconds
2019-02-01T01:17:33.766+0000: 794828.724: Total time for which application threads were stopped: 0.0091262 seconds, Stopping threads took: 0.0002186 seconds
2019-02-01T01:17:33.768+0000: 794828.725: Application time: 0.0014441 seconds
2019-02-01T01:17:33.777+0000: 794828.735: [GC (GCLocker Initiated GC) 2019-02-01T01:17:35.294+0000: 794830.252: [SoftReference, 0 refs, 0.0000743 secs]2019-02-01T01:17:35.295+0000: 794830.252: [WeakReference, 151 refs, 0.0000599 secs]2019-02-01T01:17:35.295+0000: 794830.252: [FinalReference, 867 refs, 0.0004416 secs]2019-02-01T01:17:35.295+0000: 794830.253: [PhantomReference, 0 refs, 0 refs, 0.0000098 secs]2019-02-01T01:17:35.295+0000: 794830.253: [JNI Weak Reference, 0.0000194 secs]
Desired survivor size 130547712 bytes, new threshold 1 (max 15)
[PSYoungGen: 1734281K->74060K(1788928K)] 4073090K->2416369K(5191168K), 1.5214826 secs] [Times: user=23.52 sys=9.73, real=1.52 secs] 
2019-02-01T01:17:35.299+0000: 794830.256: Total time for which application threads were stopped: 1.5309338 seconds, Stopping threads took: 0.0002029 seconds
2019-02-01T01:17:39.759+0000: 794834.717: Application time: 4.4603647 seconds
2019-02-01T01:17:39.767+0000: 794834.725: Total time for which application threads were stopped: 0.0081286 seconds, Stopping threads took: 0.0002783 seconds
2019-02-01T01:17:39.768+0000: 794834.726: Application time: 0.0007504 seconds
2019-02-01T01:17:39.776+0000: 794834.734: [GC (GCLocker Initiated GC) 2019-02-01T01:17:39.792+0000: 794834.750: [SoftReference, 0 refs, 0.0000787 secs]2019-02-01T01:17:39.792+0000: 794834.750: [WeakReference, 186 refs, 0.0000881 secs]2019-02-01T01:17:39.792+0000: 794834.750: [FinalReference, 816 refs, 0.0006165 secs]2019-02-01T01:17:39.793+0000: 794834.751: [PhantomReference, 0 refs, 0 refs, 0.0000199 secs]2019-02-01T01:17:39.793+0000: 794834.751: [JNI Weak Reference, 0.0000319 secs]
Desired survivor size 123731968 bytes, new threshold 1 (max 15)
[PSYoungGen: 1736524K->56538K(1783296K)] 4078847K->2403182K(5185536K), 0.0219166 secs] [Times: user=0.29 sys=0.00, real=0.02 secs] 
2019-02-01T01:17:39.798+0000: 794834.756: Total time for which application threads were stopped: 0.0303398 seconds, Stopping threads took: 0.0002261 seconds
2019-02-01T01:17:40.373+0000: 794835.330: Application time: 0.5744008 seconds
2019-02-01T01:17:40.380+0000: 794835.338: Total time for which application threads were stopped: 0.0076628 seconds, Stopping threads took: 0.0002637 seconds
2019-02-01T01:17:45.631+0000: 794840.589: Application time: 5.2511349 seconds
2019-02-01T01:17:45.640+0000: 794840.598: Total time for which application threads were stopped: 0.0087811 seconds, Stopping threads took: 0.0003275 seconds
2019-02-01T01:17:45.641+0000: 794840.599: Application time: 0.0008776 seconds
2019-02-01T01:17:45.650+0000: 794840.608: [GC (GCLocker Initiated GC) 2019-02-01T01:17:45.664+0000: 794840.622: [SoftReference, 0 refs, 0.0001337 secs]2019-02-01T01:17:45.664+0000: 794840.622: [WeakReference, 14 refs, 0.0000249 secs]2019-02-01T01:17:45.664+0000: 794840.622: [FinalReference, 888 refs, 0.0008078 secs]2019-02-01T01:17:45.665+0000: 794840.623: [PhantomReference, 0 refs, 0 refs, 0.0000239 secs]2019-02-01T01:17:45.665+0000: 794840.623: [JNI Weak Reference, 0.0000322 secs]
Desired survivor size 117440512 bytes, new threshold 1 (max 15)
[PSYoungGen: 1724634K->50391K(1788928K)] 4074640K->2406926K(5191168K), 0.0198929 secs] [Times: user=0.25 sys=0.00, real=0.02 secs] 
2019-02-01T01:17:45.670+0000: 794840.628: Total time for which application threads were stopped: 0.0292997 seconds, Stopping threads took: 0.0002366 seconds
2019-02-01T01:17:51.018+0000: 794845.975: Application time: 5.3472748 seconds
2019-02-01T01:17:51.027+0000: 794845.985: Total time for which application threads were stopped: 0.0091998 seconds, Stopping threads took: 0.0004099 seconds
2019-02-01T01:17:51.028+0000: 794845.986: Application time: 0.0010306 seconds
2019-02-01T01:17:51.037+0000: 794845.995: [GC (GCLocker Initiated GC) 2019-02-01T01:17:51.051+0000: 794846.009: [SoftReference, 0 refs, 0.0000680 secs]2019-02-01T01:17:51.051+0000: 794846.009: [WeakReference, 36 refs, 0.0000641 secs]2019-02-01T01:17:51.052+0000: 794846.009: [FinalReference, 840 refs, 0.0006060 secs]2019-02-01T01:17:51.052+0000: 794846.010: [PhantomReference, 0 refs, 0 refs, 0.0000198 secs]2019-02-01T01:17:51.052+0000: 794846.010: [JNI Weak Reference, 0.0000326 secs]
Desired survivor size 112197632 bytes, new threshold 1 (max 15)
[PSYoungGen: 1718487K->49546K(1791488K)] 4077087K->2411595K(5193728K), 0.0204466 secs] [Times: user=0.25 sys=0.00, real=0.02 secs] 
2019-02-01T01:17:51.058+0000: 794846.015: Total time for which application threads were stopped: 0.0297049 seconds, Stopping threads took: 0.0002607 seconds
2019-02-01T01:17:57.739+0000: 794852.697: Application time: 6.6812593 seconds
2019-02-01T01:17:57.748+0000: 794852.706: Total time for which application threads were stopped: 0.0089942 seconds, Stopping threads took: 0.0007538 seconds
2019-02-01T01:17:57.749+0000: 794852.707: Application time: 0.0009787 seconds
2019-02-01T01:17:57.757+0000: 794852.715: [GC (GCLocker Initiated GC) 2019-02-01T01:17:57.773+0000: 794852.730: [SoftReference, 0 refs, 0.0000750 secs]2019-02-01T01:17:57.773+0000: 794852.731: [WeakReference, 149 refs, 0.0000780 secs]2019-02-01T01:17:57.773+0000: 794852.731: [FinalReference, 934 refs, 0.0007476 secs]2019-02-01T01:17:57.774+0000: 794852.731: [PhantomReference, 0 refs, 0 refs, 0.0000201 secs]2019-02-01T01:17:57.774+0000: 794852.731: [JNI Weak Reference, 0.0000311 secs]
Desired survivor size 107479040 bytes, new threshold 1 (max 15)
[PSYoungGen: 1736074K->56089K(1796096K)] 4101467K->2425425K(5198336K), 0.0215455 secs] [Times: user=0.28 sys=0.00, real=0.02 secs] 
2019-02-01T01:17:57.779+0000: 794852.737: Total time for which application threads were stopped: 0.0303901 seconds, Stopping threads took: 0.0001620 seconds
2019-02-01T01:18:03.401+0000: 794858.359: Application time: 5.6221475 seconds
2019-02-01T01:18:03.407+0000: 794858.365: [GC (Allocation Failure) 2019-02-01T01:18:03.421+0000: 794858.379: [SoftReference, 0 refs, 0.0000730 secs]2019-02-01T01:18:03.421+0000: 794858.379: [WeakReference, 67 refs, 0.0000478 secs]2019-02-01T01:18:03.421+0000: 794858.379: [FinalReference, 832 refs, 0.0006114 secs]2019-02-01T01:18:03.421+0000: 794858.379: [PhantomReference, 0 refs, 1 refs, 0.0000204 secs]2019-02-01T01:18:03.422+0000: 794858.379: [JNI Weak Reference, 0.0000294 secs]
Desired survivor size 106954752 bytes, new threshold 1 (max 15)
[PSYoungGen: 1742617K->28340K(1811456K)] 4111956K->2400426K(5213696K), 0.0190966 secs] [Times: user=0.23 sys=0.00, real=0.02 secs] 
2019-02-01T01:18:03.427+0000: 794858.385: Total time for which application threads were stopped: 0.0254339 seconds, Stopping threads took: 0.0001948 seconds
2019-02-01T01:18:08.835+0000: 794863.792: Application time: 5.4077601 seconds
2019-02-01T01:18:08.841+0000: 794863.798: Total time for which application threads were stopped: 0.0060871 seconds, Stopping threads took: 0.0005618 seconds
2019-02-01T01:18:08.842+0000: 794863.800: Application time: 0.0010533 seconds
2019-02-01T01:18:08.848+0000: 794863.806: [GC (GCLocker Initiated GC) 2019-02-01T01:18:10.270+0000: 794865.228: [SoftReference, 0 refs, 0.0000648 secs]2019-02-01T01:18:10.270+0000: 794865.228: [WeakReference, 11 refs, 0.0000139 secs]2019-02-01T01:18:10.270+0000: 794865.228: [FinalReference, 875 refs, 0.0004380 secs]2019-02-01T01:18:10.271+0000: 794865.228: [PhantomReference, 0 refs, 0 refs, 0.0000103 secs]2019-02-01T01:18:10.271+0000: 794865.228: [JNI Weak Reference, 0.0000190 secs]
Desired survivor size 105906176 bytes, new threshold 1 (max 15)
[PSYoungGen: 1735860K->64034K(1811968K)] 4111267K->2442713K(5214208K), 1.4262627 secs] [Times: user=25.48 sys=5.69, real=1.42 secs] 
2019-02-01T01:18:10.274+0000: 794865.232: Total time for which application threads were stopped: 1.4325971 seconds, Stopping threads took: 0.0004695 seconds
2019-02-01T01:18:14.595+0000: 794869.553: Application time: 4.3203779 seconds
2019-02-01T01:18:14.600+0000: 794869.558: Total time for which application threads were stopped: 0.0056997 seconds, Stopping threads took: 0.0002139 seconds
2019-02-01T01:18:14.601+0000: 794869.559: Application time: 0.0004063 seconds
2019-02-01T01:18:14.606+0000: 794869.564: [GC (GCLocker Initiated GC) 2019-02-01T01:18:14.624+0000: 794869.582: [SoftReference, 0 refs, 0.0000539 secs]2019-02-01T01:18:14.624+0000: 794869.582: [WeakReference, 37 refs, 0.0000229 secs]2019-02-01T01:18:14.624+0000: 794869.582: [FinalReference, 907 refs, 0.0004899 secs]2019-02-01T01:18:14.624+0000: 794869.582: [PhantomReference, 0 refs, 0 refs, 0.0000103 secs]2019-02-01T01:18:14.624+0000: 794869.582: [JNI Weak Reference, 0.0000184 secs]
Desired survivor size 105381888 bytes, new threshold 1 (max 15)
[PSYoungGen: 1771554K->65007K(1817088K)] 4150245K->2447778K(5219328K), 0.0214218 secs] [Times: user=0.28 sys=0.03, real=0.03 secs] 
2019-02-01T01:18:14.628+0000: 794869.586: Total time for which application threads were stopped: 0.0271936 seconds, Stopping threads took: 0.0001476 seconds
2019-02-01T01:18:19.781+0000: 794874.739: Application time: 5.1530931 seconds
2019-02-01T01:18:19.790+0000: 794874.747: Total time for which application threads were stopped: 0.0084269 seconds, Stopping threads took: 0.0003535 seconds
2019-02-01T01:18:19.790+0000: 794874.748: Application time: 0.0007272 seconds
2019-02-01T01:18:19.798+0000: 794874.756: [GC (GCLocker Initiated GC) 2019-02-01T01:18:19.819+0000: 794874.777: [SoftReference, 0 refs, 0.0000398 secs]2019-02-01T01:18:19.819+0000: 794874.777: [WeakReference, 63 refs, 0.0000291 secs]2019-02-01T01:18:19.819+0000: 794874.777: [FinalReference, 857 refs, 0.0004409 secs]2019-02-01T01:18:19.820+0000: 794874.777: [PhantomReference, 0 refs, 0 refs, 0.0000105 secs]2019-02-01T01:18:19.820+0000: 794874.777: [JNI Weak Reference, 0.0000187 secs]
Desired survivor size 111149056 bytes, new threshold 1 (max 15)
[PSYoungGen: 1779183K->82420K(1796608K)] 4162518K->2470173K(5198848K), 0.0249317 secs] [Times: user=0.36 sys=0.00, real=0.03 secs] 
2019-02-01T01:18:19.823+0000: 794874.781: Total time for which application threads were stopped: 0.0330692 seconds, Stopping threads took: 0.0003195 seconds
2019-02-01T01:18:25.183+0000: 794880.141: Application time: 5.3594063 seconds
2019-02-01T01:18:25.191+0000: 794880.149: Total time for which application threads were stopped: 0.0079308 seconds, Stopping threads took: 0.0002467 seconds
2019-02-01T01:18:25.191+0000: 794880.149: Application time: 0.0005650 seconds
2019-02-01T01:18:25.199+0000: 794880.157: [GC (GCLocker Initiated GC) 2019-02-01T01:18:25.214+0000: 794880.172: [SoftReference, 0 refs, 0.0000570 secs]2019-02-01T01:18:25.214+0000: 794880.172: [WeakReference, 174 refs, 0.0000655 secs]2019-02-01T01:18:25.214+0000: 794880.172: [FinalReference, 835 refs, 0.0003825 secs]2019-02-01T01:18:25.215+0000: 794880.173: [PhantomReference, 0 refs, 0 refs, 0.0000098 secs]2019-02-01T01:18:25.215+0000: 794880.173: [JNI Weak Reference, 0.0000184 secs]
Desired survivor size 109576192 bytes, new threshold 1 (max 15)
[PSYoungGen: 1796596K->66337K(1815040K)] 4184361K->2456220K(5217280K), 0.0186701 secs] [Times: user=0.25 sys=0.01, real=0.01 secs] 
2019-02-01T01:18:25.218+0000: 794880.176: Total time for which application threads were stopped: 0.0271841 seconds, Stopping threads took: 0.0003326 seconds
2019-02-01T01:18:30.957+0000: 794885.915: Application time: 5.7386131 seconds
2019-02-01T01:18:30.968+0000: 794885.926: Total time for which application threads were stopped: 0.0110749 seconds, Stopping threads took: 0.0034030 seconds
2019-02-01T01:18:30.970+0000: 794885.927: Application time: 0.0014401 seconds
2019-02-01T01:18:30.979+0000: 794885.937: [GC (GCLocker Initiated GC) 2019-02-01T01:18:30.995+0000: 794885.953: [SoftReference, 0 refs, 0.0000589 secs]2019-02-01T01:18:30.995+0000: 794885.953: [WeakReference, 79 refs, 0.0000354 secs]2019-02-01T01:18:30.995+0000: 794885.953: [FinalReference, 895 refs, 0.0005305 secs]2019-02-01T01:18:30.996+0000: 794885.954: [PhantomReference, 0 refs, 1 refs, 0.0000126 secs]2019-02-01T01:18:30.996+0000: 794885.954: [JNI Weak Reference, 0.0000205 secs]
Desired survivor size 105906176 bytes, new threshold 1 (max 15)
[PSYoungGen: 1772833K->60306K(1766912K)] 4169420K->2459900K(5169152K), 0.0205805 secs] [Times: user=0.28 sys=0.00, real=0.02 secs] 
2019-02-01T01:18:31.000+0000: 794885.957: Total time for which application threads were stopped: 0.0299840 seconds, Stopping threads took: 0.0004068 seconds
2019-02-01T01:18:36.001+0000: 794890.959: Application time: 5.0018202 seconds
2019-02-01T01:18:36.009+0000: 794890.967: Total time for which application threads were stopped: 0.0077494 seconds, Stopping threads took: 0.0005573 seconds
2019-02-01T01:18:36.010+0000: 794890.967: Application time: 0.0004989 seconds
2019-02-01T01:18:36.020+0000: 794890.978: [GC (GCLocker Initiated GC) 2019-02-01T01:18:36.037+0000: 794890.995: [SoftReference, 0 refs, 0.0000586 secs]2019-02-01T01:18:36.037+0000: 794890.995: [WeakReference, 40 refs, 0.0000245 secs]2019-02-01T01:18:36.037+0000: 794890.995: [FinalReference, 811 refs, 0.0004677 secs]2019-02-01T01:18:36.038+0000: 794890.996: [PhantomReference, 0 refs, 0 refs, 0.0000102 secs]2019-02-01T01:18:36.038+0000: 794890.996: [JNI Weak Reference, 0.0000203 secs]
Desired survivor size 111149056 bytes, new threshold 1 (max 15)
[PSYoungGen: 1766802K->83938K(1804800K)] 4170626K->2490983K(5207040K), 0.0216367 secs] [Times: user=0.32 sys=0.01, real=0.03 secs] 
2019-02-01T01:18:36.042+0000: 794890.999: Total time for which application threads were stopped: 0.0319960 seconds, Stopping threads took: 0.0025920 seconds
2019-02-01T01:18:40.372+0000: 794895.330: Application time: 4.3307416 seconds
2019-02-01T01:18:40.382+0000: 794895.340: Total time for which application threads were stopped: 0.0095877 seconds, Stopping threads took: 0.0003701 seconds
2019-02-01T01:18:40.593+0000: 794895.551: Application time: 0.2112397 seconds
2019-02-01T01:18:40.603+0000: 794895.561: Total time for which application threads were stopped: 0.0095402 seconds, Stopping threads took: 0.0004211 seconds
2019-02-01T01:18:40.603+0000: 794895.561: Application time: 0.0001756 seconds
2019-02-01T01:18:40.611+0000: 794895.569: Total time for which application threads were stopped: 0.0085104 seconds, Stopping threads took: 0.0001594 seconds
2019-02-01T01:18:40.612+0000: 794895.570: Application time: 0.0006194 seconds
2019-02-01T01:18:40.620+0000: 794895.577: [GC (GCLocker Initiated GC) 2019-02-01T01:18:40.640+0000: 794895.598: [SoftReference, 0 refs, 0.0000471 secs]2019-02-01T01:18:40.640+0000: 794895.598: [WeakReference, 106 refs, 0.0000444 secs]2019-02-01T01:18:40.640+0000: 794895.598: [FinalReference, 820 refs, 0.0004091 secs]2019-02-01T01:18:40.641+0000: 794895.599: [PhantomReference, 0 refs, 0 refs, 0.0000228 secs]2019-02-01T01:18:40.641+0000: 794895.599: [JNI Weak Reference, 0.0000198 secs]
Desired survivor size 120586240 bytes, new threshold 1 (max 15)
[PSYoungGen: 1785314K->99198K(1800704K)] 4192383K->2509842K(5202944K), 0.0246909 secs] [Times: user=0.35 sys=0.00, real=0.03 secs] 
2019-02-01T01:18:40.645+0000: 794895.602: Total time for which application threads were stopped: 0.0325010 seconds, Stopping threads took: 0.0001296 seconds
2019-02-01T01:18:45.618+0000: 794900.576: Application time: 4.9734318 seconds
2019-02-01T01:18:45.628+0000: 794900.586: Total time for which application threads were stopped: 0.0096722 seconds, Stopping threads took: 0.0003243 seconds
2019-02-01T01:18:45.629+0000: 794900.587: Application time: 0.0010029 seconds
2019-02-01T01:18:45.638+0000: 794900.596: [GC (GCLocker Initiated GC) 2019-02-01T01:18:45.654+0000: 794900.611: [SoftReference, 0 refs, 0.0000509 secs]2019-02-01T01:18:45.654+0000: 794900.612: [WeakReference, 98 refs, 0.0000402 secs]2019-02-01T01:18:45.654+0000: 794900.612: [FinalReference, 882 refs, 0.0005168 secs]2019-02-01T01:18:45.654+0000: 794900.612: [PhantomReference, 0 refs, 0 refs, 0.0000126 secs]2019-02-01T01:18:45.654+0000: 794900.612: [JNI Weak Reference, 0.0000193 secs]
Desired survivor size 123731968 bytes, new threshold 1 (max 15)
[PSYoungGen: 1800574K->86827K(1798144K)] 4211268K->2501816K(5200384K), 0.0192669 secs] [Times: user=0.31 sys=0.01, real=0.02 secs] 
2019-02-01T01:18:45.658+0000: 794900.616: Total time for which application threads were stopped: 0.0291441 seconds, Stopping threads took: 0.0003193 seconds
2019-02-01T01:18:47.696+0000: 794902.653: Application time: 2.0377067 seconds
2019-02-01T01:18:47.704+0000: 794902.661: Total time for which application threads were stopped: 0.0079548 seconds, Stopping threads took: 0.0002812 seconds
2019-02-01T01:18:50.389+0000: 794905.347: Application time: 2.6858716 seconds
2019-02-01T01:18:50.399+0000: 794905.357: Total time for which application threads were stopped: 0.0097308 seconds, Stopping threads took: 0.0007209 seconds
2019-02-01T01:18:50.400+0000: 794905.358: Application time: 0.0012925 seconds
2019-02-01T01:18:50.415+0000: 794905.372: [GC (GCLocker Initiated GC) 2019-02-01T01:18:50.431+0000: 794905.389: [SoftReference, 0 refs, 0.0000760 secs]2019-02-01T01:18:50.431+0000: 794905.389: [WeakReference, 96 refs, 0.0000435 secs]2019-02-01T01:18:50.431+0000: 794905.389: [FinalReference, 865 refs, 0.0004793 secs]2019-02-01T01:18:50.432+0000: 794905.389: [PhantomReference, 0 refs, 0 refs, 0.0000107 secs]2019-02-01T01:18:50.432+0000: 794905.389: [JNI Weak Reference, 0.0000194 secs]
Desired survivor size 120061952 bytes, new threshold 1 (max 15)
[PSYoungGen: 1767211K->56883K(1737728K)] 4191086K->2485114K(5139968K), 0.0203158 secs] [Times: user=0.32 sys=0.01, real=0.02 secs] 
2019-02-01T01:18:50.435+0000: 794905.393: Total time for which application threads were stopped: 0.0347022 seconds, Stopping threads took: 0.0049964 seconds
2019-02-01T01:18:55.174+0000: 794910.132: Application time: 4.7385869 seconds
2019-02-01T01:18:55.183+0000: 794910.141: Total time for which application threads were stopped: 0.0089987 seconds, Stopping threads took: 0.0003809 seconds
2019-02-01T01:18:55.184+0000: 794910.142: Application time: 0.0011006 seconds
2019-02-01T01:18:55.194+0000: 794910.152: [GC (GCLocker Initiated GC) 2019-02-01T01:18:55.211+0000: 794910.169: [SoftReference, 0 refs, 0.0000731 secs]2019-02-01T01:18:55.211+0000: 794910.169: [WeakReference, 157 refs, 0.0000814 secs]2019-02-01T01:18:55.211+0000: 794910.169: [FinalReference, 812 refs, 0.0006309 secs]2019-02-01T01:18:55.212+0000: 794910.170: [PhantomReference, 0 refs, 1 refs, 0.0000220 secs]2019-02-01T01:18:55.212+0000: 794910.170: [JNI Weak Reference, 0.0000325 secs]
Desired survivor size 115343360 bytes, new threshold 1 (max 15)
[PSYoungGen: 1737267K->61876K(1805312K)] 4165770K->2494115K(5207552K), 0.0230492 secs] [Times: user=0.30 sys=0.01, real=0.02 secs] 
2019-02-01T01:18:55.217+0000: 794910.175: Total time for which application threads were stopped: 0.0335381 seconds, Stopping threads took: 0.0008989 seconds
2019-02-01T01:19:00.645+0000: 794915.603: Application time: 5.4276320 seconds
2019-02-01T01:19:00.655+0000: 794915.613: Total time for which application threads were stopped: 0.0096946 seconds, Stopping threads took: 0.0005629 seconds
2019-02-01T01:19:00.656+0000: 794915.614: Application time: 0.0014694 seconds
2019-02-01T01:19:00.666+0000: 794915.623: [GC (GCLocker Initiated GC) 2019-02-01T01:19:00.691+0000: 794915.649: [SoftReference, 0 refs, 0.0000550 secs]2019-02-01T01:19:00.691+0000: 794915.649: [WeakReference, 62 refs, 0.0000428 secs]2019-02-01T01:19:00.691+0000: 794915.649: [FinalReference, 883 refs, 0.0016917 secs]2019-02-01T01:19:00.693+0000: 794915.651: [PhantomReference, 0 refs, 1 refs, 0.0000127 secs]2019-02-01T01:19:00.693+0000: 794915.651: [JNI Weak Reference, 0.0000318 secs]
Desired survivor size 124256256 bytes, new threshold 1 (max 15)
[PSYoungGen: 1749940K->101046K(1800704K)] 4186514K->2540602K(5202944K), 0.0310282 secs] [Times: user=0.50 sys=0.02, real=0.03 secs] 
2019-02-01T01:19:00.697+0000: 794915.655: Total time for which application threads were stopped: 0.0407563 seconds, Stopping threads took: 0.0002665 seconds
2019-02-01T01:19:01.239+0000: 794916.197: Application time: 0.5418340 seconds
2019-02-01T01:19:01.248+0000: 794916.206: Total time for which application threads were stopped: 0.0090055 seconds, Stopping threads took: 0.0003253 seconds
2019-02-01T01:19:05.723+0000: 794920.680: Application time: 4.4747213 seconds
2019-02-01T01:19:05.732+0000: 794920.690: Total time for which application threads were stopped: 0.0091640 seconds, Stopping threads took: 0.0003449 seconds
2019-02-01T01:19:05.733+0000: 794920.690: Application time: 0.0008450 seconds
2019-02-01T01:19:05.742+0000: 794920.700: [GC (GCLocker Initiated GC) 2019-02-01T01:19:05.756+0000: 794920.714: [SoftReference, 0 refs, 0.0000533 secs]2019-02-01T01:19:05.756+0000: 794920.714: [WeakReference, 77 refs, 0.0000354 secs]2019-02-01T01:19:05.756+0000: 794920.714: [FinalReference, 868 refs, 0.0004211 secs]2019-02-01T01:19:05.757+0000: 794920.715: [PhantomReference, 0 refs, 1 refs, 0.0000106 secs]2019-02-01T01:19:05.757+0000: 794920.715: [JNI Weak Reference, 0.0000194 secs]
Desired survivor size 121110528 bytes, new threshold 1 (max 15)
[PSYoungGen: 1789110K->55218K(1746432K)] 4228682K->2498104K(5148672K), 0.0180093 secs] [Times: user=0.28 sys=0.00, real=0.02 secs] 
2019-02-01T01:19:05.761+0000: 794920.718: Total time for which application threads were stopped: 0.0280107 seconds, Stopping threads took: 0.0007730 seconds
2019-02-01T01:19:10.757+0000: 794925.715: Application time: 4.9965107 seconds
2019-02-01T01:19:10.767+0000: 794925.725: Total time for which application threads were stopped: 0.0096435 seconds, Stopping threads took: 0.0008880 seconds
2019-02-01T01:19:10.768+0000: 794925.726: Application time: 0.0009766 seconds
2019-02-01T01:19:10.777+0000: 794925.735: [GC (GCLocker Initiated GC) 2019-02-01T01:19:10.793+0000: 794925.751: [SoftReference, 0 refs, 0.0000562 secs]2019-02-01T01:19:10.793+0000: 794925.751: [WeakReference, 66 refs, 0.0000346 secs]2019-02-01T01:19:10.793+0000: 794925.751: [FinalReference, 870 refs, 0.0017971 secs]2019-02-01T01:19:10.795+0000: 794925.753: [PhantomReference, 0 refs, 1 refs, 0.0000255 secs]2019-02-01T01:19:10.795+0000: 794925.753: [JNI Weak Reference, 0.0000331 secs]
Desired survivor size 117440512 bytes, new threshold 1 (max 15)
[PSYoungGen: 1710514K->59482K(1683456K)] 4163061K->2518860K(5085696K), 0.0291161 secs] [Times: user=0.31 sys=0.02, real=0.03 secs] 
2019-02-01T01:19:10.806+0000: 794925.764: Total time for which application threads were stopped: 0.0385551 seconds, Stopping threads took: 0.0002052 seconds
2019-02-01T01:19:16.099+0000: 794931.057: Application time: 5.2926028 seconds
2019-02-01T01:19:16.108+0000: 794931.066: Total time for which application threads were stopped: 0.0088408 seconds, Stopping threads took: 0.0002765 seconds
2019-02-01T01:19:16.109+0000: 794931.067: Application time: 0.0011081 seconds
2019-02-01T01:19:16.118+0000: 794931.076: [GC (GCLocker Initiated GC) 2019-02-01T01:19:16.136+0000: 794931.094: [SoftReference, 0 refs, 0.0000553 secs]2019-02-01T01:19:16.136+0000: 794931.094: [WeakReference, 64 refs, 0.0000287 secs]2019-02-01T01:19:16.136+0000: 794931.094: [FinalReference, 850 refs, 0.0003813 secs]2019-02-01T01:19:16.136+0000: 794931.094: [PhantomReference, 0 refs, 0 refs, 0.0000103 secs]2019-02-01T01:19:16.136+0000: 794931.094: [JNI Weak Reference, 0.0000195 secs]
Desired survivor size 113246208 bytes, new threshold 1 (max 15)
[PSYoungGen: 1683034K->63464K(1668608K)] 4142447K->2526330K(5070848K), 0.0265054 secs] [Times: user=0.33 sys=0.01, real=0.02 secs] 
2019-02-01T01:19:16.145+0000: 794931.103: Total time for which application threads were stopped: 0.0358271 seconds, Stopping threads took: 0.0004067 seconds
2019-02-01T01:19:21.422+0000: 794936.379: Application time: 5.2769252 seconds
2019-02-01T01:19:21.431+0000: 794936.389: Total time for which application threads were stopped: 0.0092415 seconds, Stopping threads took: 0.0003792 seconds
2019-02-01T01:19:21.431+0000: 794936.389: Application time: 0.0001670 seconds
2019-02-01T01:19:21.440+0000: 794936.398: Total time for which application threads were stopped: 0.0091095 seconds, Stopping threads took: 0.0003124 seconds
2019-02-01T01:19:21.441+0000: 794936.399: Application time: 0.0008588 seconds
2019-02-01T01:19:21.450+0000: 794936.408: [GC (GCLocker Initiated GC) 2019-02-01T01:19:21.466+0000: 794936.424: [SoftReference, 0 refs, 0.0000674 secs]2019-02-01T01:19:21.466+0000: 794936.424: [WeakReference, 23 refs, 0.0000178 secs]2019-02-01T01:19:21.466+0000: 794936.424: [FinalReference, 893 refs, 0.0005078 secs]2019-02-01T01:19:21.467+0000: 794936.425: [PhantomReference, 0 refs, 0 refs, 0.0000102 secs]2019-02-01T01:19:21.467+0000: 794936.425: [JNI Weak Reference, 0.0000199 secs]
Desired survivor size 111149056 bytes, new threshold 1 (max 15)
[PSYoungGen: 1656296K->50038K(1613312K)] 4122506K->2519059K(5015552K), 0.0212097 secs] [Times: user=0.24 sys=0.00, real=0.02 secs] 
2019-02-01T01:19:21.472+0000: 794936.430: Total time for which application threads were stopped: 0.0307984 seconds, Stopping threads took: 0.0002270 seconds
2019-02-01T01:19:25.799+0000: 794940.757: Application time: 4.3269672 seconds
2019-02-01T01:19:25.808+0000: 794940.766: Total time for which application threads were stopped: 0.0089843 seconds, Stopping threads took: 0.0002292 seconds
2019-02-01T01:19:25.809+0000: 794940.766: Application time: 0.0008639 seconds
2019-02-01T01:19:25.819+0000: 794940.777: [GC (GCLocker Initiated GC) 2019-02-01T01:19:25.834+0000: 794940.791: [SoftReference, 0 refs, 0.0000592 secs]2019-02-01T01:19:25.834+0000: 794940.791: [WeakReference, 153 refs, 0.0000583 secs]2019-02-01T01:19:25.834+0000: 794940.791: [FinalReference, 809 refs, 0.0003986 secs]2019-02-01T01:19:25.834+0000: 794940.792: [PhantomReference, 0 refs, 1 refs, 0.0000105 secs]2019-02-01T01:19:25.834+0000: 794940.792: [JNI Weak Reference, 0.0000191 secs]
Desired survivor size 108003328 bytes, new threshold 1 (max 15)
[PSYoungGen: 1613174K->59002K(1608192K)] 4085536K->2534780K(5010432K), 0.0208034 secs] [Times: user=0.27 sys=0.00, real=0.02 secs] 
2019-02-01T01:19:25.840+0000: 794940.798: Total time for which application threads were stopped: 0.0310755 seconds, Stopping threads took: 0.0005574 seconds
2019-02-01T01:19:30.609+0000: 794945.567: Application time: 4.7696771 seconds
2019-02-01T01:19:30.618+0000: 794945.576: Total time for which application threads were stopped: 0.0090438 seconds, Stopping threads took: 0.0003411 seconds
2019-02-01T01:19:30.620+0000: 794945.577: Application time: 0.0011122 seconds
2019-02-01T01:19:30.629+0000: 794945.587: [GC (GCLocker Initiated GC) 2019-02-01T01:19:30.652+0000: 794945.609: [SoftReference, 0 refs, 0.0000736 secs]2019-02-01T01:19:30.652+0000: 794945.609: [WeakReference, 63 refs, 0.0000478 secs]2019-02-01T01:19:30.652+0000: 794945.610: [FinalReference, 849 refs, 0.0007611 secs]2019-02-01T01:19:30.652+0000: 794945.610: [PhantomReference, 0 refs, 0 refs, 0.0000241 secs]2019-02-01T01:19:30.653+0000: 794945.610: [JNI Weak Reference, 0.0000606 secs]
Desired survivor size 114294784 bytes, new threshold 1 (max 15)
[PSYoungGen: 1593466K->91537K(1598464K)] 4069296K->2570612K(5000704K), 0.0300432 secs] [Times: user=0.41 sys=0.01, real=0.03 secs] 
2019-02-01T01:19:30.659+0000: 794945.617: Total time for which application threads were stopped: 0.0396145 seconds, Stopping threads took: 0.0002327 seconds
2019-02-01T01:19:35.361+0000: 794950.319: Application time: 4.7017796 seconds
2019-02-01T01:19:35.370+0000: 794950.328: Total time for which application threads were stopped: 0.0094212 seconds, Stopping threads took: 0.0003841 seconds
2019-02-01T01:19:35.371+0000: 794950.329: Application time: 0.0003654 seconds
2019-02-01T01:19:35.380+0000: 794950.338: [GC (GCLocker Initiated GC) 2019-02-01T01:19:35.395+0000: 794950.352: [SoftReference, 0 refs, 0.0000763 secs]2019-02-01T01:19:35.395+0000: 794950.353: [WeakReference, 73 refs, 0.0000526 secs]2019-02-01T01:19:35.395+0000: 794950.353: [FinalReference, 814 refs, 0.0005858 secs]2019-02-01T01:19:35.395+0000: 794950.353: [PhantomReference, 0 refs, 0 refs, 0.0000197 secs]2019-02-01T01:19:35.395+0000: 794950.353: [JNI Weak Reference, 0.0000320 secs]
Desired survivor size 111149056 bytes, new threshold 1 (max 15)
[PSYoungGen: 1598353K->56358K(1550336K)] 4084084K->2544983K(4952576K), 0.0239470 secs] [Times: user=0.28 sys=0.01, real=0.02 secs] 
2019-02-01T01:19:35.404+0000: 794950.362: Total time for which application threads were stopped: 0.0333509 seconds, Stopping threads took: 0.0002346 seconds
2019-02-01T01:19:39.911+0000: 794954.868: Application time: 4.5064036 seconds
2019-02-01T01:19:39.922+0000: 794954.880: Total time for which application threads were stopped: 0.0111243 seconds, Stopping threads took: 0.0020715 seconds
2019-02-01T01:19:39.923+0000: 794954.881: Application time: 0.0012474 seconds
2019-02-01T01:19:39.932+0000: 794954.890: [GC (GCLocker Initiated GC) 2019-02-01T01:19:39.948+0000: 794954.905: [SoftReference, 0 refs, 0.0000666 secs]2019-02-01T01:19:39.948+0000: 794954.906: [WeakReference, 29 refs, 0.0000298 secs]2019-02-01T01:19:39.948+0000: 794954.906: [FinalReference, 805 refs, 0.0006252 secs]2019-02-01T01:19:39.948+0000: 794954.906: [PhantomReference, 0 refs, 1 refs, 0.0000211 secs]2019-02-01T01:19:39.948+0000: 794954.906: [JNI Weak Reference, 0.0000333 secs]
Desired survivor size 109576192 bytes, new threshold 1 (max 15)
[PSYoungGen: 1536038K->52590K(1506304K)] 4024681K->2545038K(4908544K), 0.0280862 secs] [Times: user=0.31 sys=0.01, real=0.03 secs] 
2019-02-01T01:19:39.961+0000: 794954.919: Total time for which application threads were stopped: 0.0378396 seconds, Stopping threads took: 0.0002681 seconds
2019-02-01T01:19:40.372+0000: 794955.330: Application time: 0.4113109 seconds
2019-02-01T01:19:40.381+0000: 794955.339: Total time for which application threads were stopped: 0.0092122 seconds, Stopping threads took: 0.0003075 seconds
2019-02-01T01:19:44.812+0000: 794959.770: Application time: 4.4305063 seconds
2019-02-01T01:19:44.819+0000: 794959.777: Total time for which application threads were stopped: 0.0075048 seconds, Stopping threads took: 0.0002145 seconds
2019-02-01T01:19:44.820+0000: 794959.778: Application time: 0.0004698 seconds
2019-02-01T01:19:44.828+0000: 794959.786: [GC (GCLocker Initiated GC) 2019-02-01T01:19:44.841+0000: 794959.799: [SoftReference, 0 refs, 0.0000517 secs]2019-02-01T01:19:44.841+0000: 794959.799: [WeakReference, 48 refs, 0.0000263 secs]2019-02-01T01:19:44.841+0000: 794959.799: [FinalReference, 813 refs, 0.0004973 secs]2019-02-01T01:19:44.842+0000: 794959.799: [PhantomReference, 0 refs, 0 refs, 0.0000111 secs]2019-02-01T01:19:44.842+0000: 794959.799: [JNI Weak Reference, 0.0000198 secs]
Desired survivor size 111149056 bytes, new threshold 1 (max 15)
[PSYoungGen: 1506158K->30223K(1512448K)] 4001938K->2529558K(4914688K), 0.0202878 secs] [Times: user=0.23 sys=0.01, real=0.02 secs] 
2019-02-01T01:19:44.848+0000: 794959.806: Total time for which application threads were stopped: 0.0284327 seconds, Stopping threads took: 0.0002126 seconds
2019-02-01T01:19:48.420+0000: 794963.378: Application time: 3.5721996 seconds
2019-02-01T01:19:48.430+0000: 794963.388: Total time for which application threads were stopped: 0.0092944 seconds, Stopping threads took: 0.0003741 seconds
2019-02-01T01:19:48.431+0000: 794963.389: Application time: 0.0014544 seconds
2019-02-01T01:19:48.441+0000: 794963.399: [GC (GCLocker Initiated GC) 2019-02-01T01:19:48.466+0000: 794963.424: [SoftReference, 0 refs, 0.0000612 secs]2019-02-01T01:19:48.466+0000: 794963.424: [WeakReference, 80 refs, 0.0000476 secs]2019-02-01T01:19:48.466+0000: 794963.424: [FinalReference, 664 refs, 0.0004158 secs]2019-02-01T01:19:48.466+0000: 794963.424: [PhantomReference, 0 refs, 0 refs, 0.0000193 secs]2019-02-01T01:19:48.466+0000: 794963.424: [JNI Weak Reference, 0.0000328 secs]
Desired survivor size 117440512 bytes, new threshold 1 (max 15)
[PSYoungGen: 1458191K->90554K(1494016K)] 3970143K->2605952K(4896256K), 0.0310752 secs] [Times: user=0.46 sys=0.00, real=0.04 secs] 
2019-02-01T01:19:48.472+0000: 794963.430: Total time for which application threads were stopped: 0.0411205 seconds, Stopping threads took: 0.0007103 seconds
2019-02-01T01:19:52.501+0000: 794967.459: Application time: 4.0286671 seconds
2019-02-01T01:19:52.511+0000: 794967.468: Total time for which application threads were stopped: 0.0095738 seconds, Stopping threads took: 0.0002907 seconds
2019-02-01T01:19:52.511+0000: 794967.469: Application time: 0.0007893 seconds
2019-02-01T01:19:52.521+0000: 794967.479: [GC (GCLocker Initiated GC) 2019-02-01T01:19:52.537+0000: 794967.495: [SoftReference, 0 refs, 0.0000750 secs]2019-02-01T01:19:52.538+0000: 794967.495: [WeakReference, 103 refs, 0.0000663 secs]2019-02-01T01:19:52.538+0000: 794967.495: [FinalReference, 670 refs, 0.0020790 secs]2019-02-01T01:19:52.540+0000: 794967.498: [PhantomReference, 0 refs, 0 refs, 0.0000274 secs]2019-02-01T01:19:52.540+0000: 794967.498: [JNI Weak Reference, 0.0000475 secs]
Desired survivor size 114294784 bytes, new threshold 1 (max 15)
[PSYoungGen: 1493946K->69076K(1463296K)] 4020098K->2600129K(4865536K), 0.0292975 secs] [Times: user=0.33 sys=0.01, real=0.03 secs] 
2019-02-01T01:19:52.551+0000: 794967.509: Total time for which application threads were stopped: 0.0393912 seconds, Stopping threads took: 0.0003319 seconds
2019-02-01T01:19:57.079+0000: 794972.037: Application time: 4.5283141 seconds
2019-02-01T01:19:57.088+0000: 794972.046: Total time for which application threads were stopped: 0.0091218 seconds, Stopping threads took: 0.0003393 seconds
2019-02-01T01:19:57.089+0000: 794972.047: Application time: 0.0004787 seconds
2019-02-01T01:19:57.098+0000: 794972.056: [GC (GCLocker Initiated GC) 2019-02-01T01:19:57.114+0000: 794972.072: [SoftReference, 0 refs, 0.0000596 secs]2019-02-01T01:19:57.115+0000: 794972.072: [WeakReference, 1 refs, 0.0000472 secs]2019-02-01T01:19:57.115+0000: 794972.072: [FinalReference, 735 refs, 0.0004331 secs]2019-02-01T01:19:57.115+0000: 794972.073: [PhantomReference, 0 refs, 0 refs, 0.0000120 secs]2019-02-01T01:19:57.115+0000: 794972.073: [JNI Weak Reference, 0.0000195 secs]
Desired survivor size 115867648 bytes, new threshold 1 (max 15)
[PSYoungGen: 1448404K->28426K(1384448K)] 3979480K->2563613K(4786688K), 0.0207689 secs] [Times: user=0.30 sys=0.00, real=0.02 secs] 
2019-02-01T01:19:57.119+0000: 794972.077: Total time for which application threads were stopped: 0.0301451 seconds, Stopping threads took: 0.0002882 seconds
2019-02-01T01:20:01.504+0000: 794976.461: Application time: 4.3845956 seconds
2019-02-01T01:20:01.512+0000: 794976.470: Total time for which application threads were stopped: 0.0088990 seconds, Stopping threads took: 0.0003171 seconds
2019-02-01T01:20:01.514+0000: 794976.472: Application time: 0.0013295 seconds
2019-02-01T01:20:01.522+0000: 794976.480: [GC (GCLocker Initiated GC) 2019-02-01T01:20:01.546+0000: 794976.504: [SoftReference, 0 refs, 0.0000639 secs]2019-02-01T01:20:01.546+0000: 794976.504: [WeakReference, 83 refs, 0.0000615 secs]2019-02-01T01:20:01.546+0000: 794976.504: [FinalReference, 716 refs, 0.0006367 secs]2019-02-01T01:20:01.547+0000: 794976.505: [PhantomReference, 0 refs, 0 refs, 0.0000247 secs]2019-02-01T01:20:01.547+0000: 794976.505: [JNI Weak Reference, 0.0000342 secs]
Desired survivor size 123731968 bytes, new threshold 1 (max 15)
[PSYoungGen: 1384202K->96241K(1439232K)] 3926425K->2641730K(4841472K), 0.0309206 secs] [Times: user=0.33 sys=0.01, real=0.03 secs] 
2019-02-01T01:20:01.553+0000: 794976.511: Total time for which application threads were stopped: 0.0393498 seconds, Stopping threads took: 0.0004121 seconds
2019-02-01T01:20:05.253+0000: 794980.211: Application time: 3.7003788 seconds
2019-02-01T01:20:05.263+0000: 794980.221: Total time for which application threads were stopped: 0.0098898 seconds, Stopping threads took: 0.0018008 seconds
2019-02-01T01:20:05.264+0000: 794980.222: Application time: 0.0008579 seconds
2019-02-01T01:20:05.273+0000: 794980.231: [GC (GCLocker Initiated GC) 2019-02-01T01:20:05.294+0000: 794980.252: [SoftReference, 0 refs, 0.0000538 secs]2019-02-01T01:20:05.294+0000: 794980.252: [WeakReference, 147 refs, 0.0000596 secs]2019-02-01T01:20:05.294+0000: 794980.252: [FinalReference, 611 refs, 0.0003043 secs]2019-02-01T01:20:05.295+0000: 794980.252: [PhantomReference, 0 refs, 1 refs, 0.0000109 secs]2019-02-01T01:20:05.295+0000: 794980.252: [JNI Weak Reference, 0.0000190 secs]
Desired survivor size 117964800 bytes, new threshold 1 (max 15)
[PSYoungGen: 1429489K->65070K(1376768K)] 3981639K->2624427K(4779008K), 0.0255491 secs] [Times: user=0.42 sys=0.01, real=0.03 secs] 
2019-02-01T01:20:05.299+0000: 794980.257: Total time for which application threads were stopped: 0.0344865 seconds, Stopping threads took: 0.0003351 seconds
2019-02-01T01:20:08.541+0000: 794983.499: Application time: 3.2420549 seconds
2019-02-01T01:20:08.548+0000: 794983.506: Total time for which application threads were stopped: 0.0069649 seconds, Stopping threads took: 0.0003167 seconds
2019-02-01T01:20:08.548+0000: 794983.506: Application time: 0.0006510 seconds
2019-02-01T01:20:08.556+0000: 794983.514: Total time for which application threads were stopped: 0.0076669 seconds, Stopping threads took: 0.0001793 seconds
2019-02-01T01:20:08.556+0000: 794983.514: Application time: 0.0003736 seconds
2019-02-01T01:20:08.563+0000: 794983.521: [GC (GCLocker Initiated GC) 2019-02-01T01:20:08.581+0000: 794983.539: [SoftReference, 0 refs, 0.0000502 secs]2019-02-01T01:20:08.581+0000: 794983.539: [WeakReference, 53 refs, 0.0000304 secs]2019-02-01T01:20:08.581+0000: 794983.539: [FinalReference, 567 refs, 0.0003072 secs]2019-02-01T01:20:08.581+0000: 794983.539: [PhantomReference, 0 refs, 1 refs, 0.0000101 secs]2019-02-01T01:20:08.581+0000: 794983.539: [JNI Weak Reference, 0.0000184 secs]
Desired survivor size 116916224 bytes, new threshold 1 (max 15)
[PSYoungGen: 1376302K->75051K(1381376K)] 3936401K->2639894K(4783616K), 0.0217734 secs] [Times: user=0.24 sys=0.01, real=0.03 secs] 
2019-02-01T01:20:08.585+0000: 794983.543: Total time for which application threads were stopped: 0.0284363 seconds, Stopping threads took: 0.0001320 seconds
2019-02-01T01:20:12.553+0000: 794987.511: Application time: 3.9680723 seconds
2019-02-01T01:20:12.561+0000: 794987.519: Total time for which application threads were stopped: 0.0079877 seconds, Stopping threads took: 0.0003415 seconds
2019-02-01T01:20:12.562+0000: 794987.520: Application time: 0.0009875 seconds
2019-02-01T01:20:12.570+0000: 794987.528: [GC (GCLocker Initiated GC) 2019-02-01T01:20:12.585+0000: 794987.542: [SoftReference, 0 refs, 0.0000735 secs]2019-02-01T01:20:12.585+0000: 794987.542: [WeakReference, 31 refs, 0.0000344 secs]2019-02-01T01:20:12.585+0000: 794987.543: [FinalReference, 722 refs, 0.0006028 secs]2019-02-01T01:20:12.585+0000: 794987.543: [PhantomReference, 0 refs, 0 refs, 0.0000194 secs]2019-02-01T01:20:12.585+0000: 794987.543: [JNI Weak Reference, 0.0000321 secs]
Desired survivor size 114819072 bytes, new threshold 1 (max 15)
[PSYoungGen: 1364779K->50526K(1319424K)] 3932964K->2623310K(4721664K), 0.0240545 secs] [Times: user=0.27 sys=0.01, real=0.02 secs] 
2019-02-01T01:20:12.594+0000: 794987.552: Total time for which application threads were stopped: 0.0322693 seconds, Stopping threads took: 0.0002455 seconds
2019-02-01T01:20:16.865+0000: 794991.823: Application time: 4.2706855 seconds
2019-02-01T01:20:16.871+0000: 794991.828: Total time for which application threads were stopped: 0.0056066 seconds, Stopping threads took: 0.0001834 seconds
2019-02-01T01:20:16.871+0000: 794991.829: Application time: 0.0004416 seconds
2019-02-01T01:20:16.877+0000: 794991.835: [GC (GCLocker Initiated GC) 2019-02-01T01:20:16.891+0000: 794991.849: [SoftReference, 0 refs, 0.0000680 secs]2019-02-01T01:20:16.892+0000: 794991.849: [WeakReference, 6 refs, 0.0000219 secs]2019-02-01T01:20:16.892+0000: 794991.849: [FinalReference, 696 refs, 0.0004891 secs]2019-02-01T01:20:16.892+0000: 794991.850: [PhantomReference, 0 refs, 0 refs, 0.0000190 secs]2019-02-01T01:20:16.892+0000: 794991.850: [JNI Weak Reference, 0.0000327 secs]
Desired survivor size 115867648 bytes, new threshold 1 (max 15)
[PSYoungGen: 1319262K->29736K(1341952K)] 3892066K->2610054K(4744192K), 0.0209998 secs] [Times: user=0.26 sys=0.01, real=0.02 secs] 
2019-02-01T01:20:16.898+0000: 794991.856: Total time for which application threads were stopped: 0.0272299 seconds, Stopping threads took: 0.0002773 seconds
2019-02-01T01:20:19.745+0000: 794994.703: Application time: 2.8467195 seconds
2019-02-01T01:20:19.751+0000: 794994.709: Total time for which application threads were stopped: 0.0060375 seconds, Stopping threads took: 0.0002415 seconds
2019-02-01T01:20:19.752+0000: 794994.710: Application time: 0.0009796 seconds
2019-02-01T01:20:19.760+0000: 794994.718: [GC (GCLocker Initiated GC) 2019-02-01T01:20:19.780+0000: 794994.737: [SoftReference, 0 refs, 0.0000725 secs]2019-02-01T01:20:19.780+0000: 794994.737: [WeakReference, 5 refs, 0.0000208 secs]2019-02-01T01:20:19.780+0000: 794994.738: [FinalReference, 584 refs, 0.0004282 secs]2019-02-01T01:20:19.780+0000: 794994.738: [PhantomReference, 0 refs, 0 refs, 0.0000186 secs]2019-02-01T01:20:19.780+0000: 794994.738: [JNI Weak Reference, 0.0000359 secs]
Desired survivor size 116391936 bytes, new threshold 1 (max 15)
[PSYoungGen: 1277992K->75814K(1304576K)] 3861661K->2662507K(4706816K), 0.0262010 secs] [Times: user=0.33 sys=0.01, real=0.03 secs] 
2019-02-01T01:20:19.787+0000: 794994.745: Total time for which application threads were stopped: 0.0351065 seconds, Stopping threads took: 0.0026271 seconds
2019-02-01T01:20:23.748+0000: 794998.706: Application time: 3.9609990 seconds
2019-02-01T01:20:23.756+0000: 794998.714: Total time for which application threads were stopped: 0.0082669 seconds, Stopping threads took: 0.0014024 seconds
2019-02-01T01:20:23.757+0000: 794998.715: Application time: 0.0011228 seconds
2019-02-01T01:20:23.764+0000: 794998.721: [GC (GCLocker Initiated GC) 2019-02-01T01:20:23.778+0000: 794998.736: [SoftReference, 0 refs, 0.0000633 secs]2019-02-01T01:20:23.778+0000: 794998.736: [WeakReference, 69 refs, 0.0000509 secs]2019-02-01T01:20:23.778+0000: 794998.736: [FinalReference, 706 refs, 0.0003733 secs]2019-02-01T01:20:23.779+0000: 794998.737: [PhantomReference, 0 refs, 1 refs, 0.0000107 secs]2019-02-01T01:20:23.779+0000: 794998.737: [JNI Weak Reference, 0.0000189 secs]
Desired survivor size 112197632 bytes, new threshold 1 (max 15)
[PSYoungGen: 1304102K->54854K(1295872K)] 3894156K->2648428K(4698112K), 0.0220684 secs] [Times: user=0.26 sys=0.01, real=0.02 secs] 
2019-02-01T01:20:23.786+0000: 794998.744: Total time for which application threads were stopped: 0.0284099 seconds, Stopping threads took: 0.0003059 seconds
2019-02-01T01:20:27.276+0000: 795002.234: Application time: 3.4901128 seconds
2019-02-01T01:20:27.282+0000: 795002.240: Total time for which application threads were stopped: 0.0061188 seconds, Stopping threads took: 0.0003815 seconds
2019-02-01T01:20:27.283+0000: 795002.241: Application time: 0.0007293 seconds
2019-02-01T01:20:27.290+0000: 795002.248: [GC (GCLocker Initiated GC) 2019-02-01T01:20:27.310+0000: 795002.268: [SoftReference, 0 refs, 0.0000577 secs]2019-02-01T01:20:27.310+0000: 795002.268: [WeakReference, 30 refs, 0.0000315 secs]2019-02-01T01:20:27.310+0000: 795002.268: [FinalReference, 710 refs, 0.0003617 secs]2019-02-01T01:20:27.310+0000: 795002.268: [PhantomReference, 0 refs, 0 refs, 0.0000102 secs]2019-02-01T01:20:27.310+0000: 795002.268: [JNI Weak Reference, 0.0000193 secs]
Desired survivor size 123731968 bytes, new threshold 1 (max 15)
[PSYoungGen: 1264198K->104466K(1295872K)] 3866790K->2711245K(4698112K), 0.0233397 secs] [Times: user=0.40 sys=0.01, real=0.02 secs] 
2019-02-01T01:20:27.314+0000: 795002.272: Total time for which application threads were stopped: 0.0310783 seconds, Stopping threads took: 0.0003014 seconds
2019-02-01T01:20:30.588+0000: 795005.546: Application time: 3.2740843 seconds
2019-02-01T01:20:30.595+0000: 795005.553: Total time for which application threads were stopped: 0.0066694 seconds, Stopping threads took: 0.0006997 seconds
2019-02-01T01:20:30.596+0000: 795005.554: Application time: 0.0011849 seconds
2019-02-01T01:20:30.603+0000: 795005.561: [GC (GCLocker Initiated GC) 2019-02-01T01:20:30.619+0000: 795005.576: [SoftReference, 0 refs, 0.0000527 secs]2019-02-01T01:20:30.619+0000: 795005.576: [WeakReference, 41 refs, 0.0000252 secs]2019-02-01T01:20:30.619+0000: 795005.576: [FinalReference, 596 refs, 0.0003037 secs]2019-02-01T01:20:30.619+0000: 795005.577: [PhantomReference, 0 refs, 1 refs, 0.0000102 secs]2019-02-01T01:20:30.619+0000: 795005.577: [JNI Weak Reference, 0.0000190 secs]
Desired survivor size 121634816 bytes, new threshold 1 (max 15)
[PSYoungGen: 1295378K->75214K(1268224K)] 3902224K->2687995K(4670464K), 0.0224967 secs] [Times: user=0.29 sys=0.00, real=0.02 secs] 
2019-02-01T01:20:30.626+0000: 795005.584: Total time for which application threads were stopped: 0.0300390 seconds, Stopping threads took: 0.0003032 seconds
2019-02-01T01:20:32.635+0000: 795007.593: Application time: 2.0091159 seconds
2019-02-01T01:20:32.642+0000: 795007.600: Total time for which application threads were stopped: 0.0067869 seconds, Stopping threads took: 0.0004731 seconds
2019-02-01T01:20:32.643+0000: 795007.601: Application time: 0.0009575 seconds
2019-02-01T01:20:32.652+0000: 795007.610: [GC (GCLocker Initiated GC) 2019-02-01T01:20:32.667+0000: 795007.625: [SoftReference, 0 refs, 0.0000533 secs]2019-02-01T01:20:32.667+0000: 795007.625: [WeakReference, 38 refs, 0.0000271 secs]2019-02-01T01:20:32.667+0000: 795007.625: [FinalReference, 622 refs, 0.0002750 secs]2019-02-01T01:20:32.668+0000: 795007.626: [PhantomReference, 0 refs, 2 refs, 0.0000111 secs]2019-02-01T01:20:32.668+0000: 795007.626: [JNI Weak Reference, 0.0000188 secs]
Desired survivor size 122159104 bytes, new threshold 1 (max 15)
[PSYoungGen: 1247694K->82500K(1237504K)] 3860480K->2699560K(4639744K), 0.0223827 secs] [Times: user=0.29 sys=0.01, real=0.02 secs] 
2019-02-01T01:20:32.674+0000: 795007.632: Total time for which application threads were stopped: 0.0314879 seconds, Stopping threads took: 0.0004634 seconds
2019-02-01T01:20:35.714+0000: 795010.672: Application time: 3.0401203 seconds
2019-02-01T01:20:35.723+0000: 795010.681: Total time for which application threads were stopped: 0.0084352 seconds, Stopping threads took: 0.0002996 seconds
2019-02-01T01:20:35.724+0000: 795010.682: Application time: 0.0010011 seconds
2019-02-01T01:20:35.732+0000: 795010.690: [GC (GCLocker Initiated GC) 2019-02-01T01:20:35.749+0000: 795010.706: [SoftReference, 0 refs, 0.0000576 secs]2019-02-01T01:20:35.749+0000: 795010.706: [WeakReference, 89 refs, 0.0000419 secs]2019-02-01T01:20:35.749+0000: 795010.707: [FinalReference, 622 refs, 0.0003284 secs]2019-02-01T01:20:35.749+0000: 795010.707: [PhantomReference, 0 refs, 0 refs, 0.0000099 secs]2019-02-01T01:20:35.749+0000: 795010.707: [JNI Weak Reference, 0.0000186 secs]
Desired survivor size 122159104 bytes, new threshold 1 (max 15)
[PSYoungGen: 1237060K->82271K(1239040K)] 3854146K->2703561K(4641280K), 0.0241905 secs] [Times: user=0.33 sys=0.01, real=0.02 secs] 
2019-02-01T01:20:35.756+0000: 795010.714: Total time for which application threads were stopped: 0.0322079 seconds, Stopping threads took: 0.0002303 seconds
2019-02-01T01:20:38.346+0000: 795013.304: Application time: 2.5900783 seconds
2019-02-01T01:20:38.355+0000: 795013.313: Total time for which application threads were stopped: 0.0092316 seconds, Stopping threads took: 0.0003677 seconds
2019-02-01T01:20:38.356+0000: 795013.313: Application time: 0.0001837 seconds
2019-02-01T01:20:38.363+0000: 795013.321: Total time for which application threads were stopped: 0.0077002 seconds, Stopping threads took: 0.0002722 seconds
2019-02-01T01:20:38.364+0000: 795013.322: Application time: 0.0008638 seconds
2019-02-01T01:20:38.371+0000: 795013.329: [GC (GCLocker Initiated GC) 2019-02-01T01:20:38.386+0000: 795013.344: [SoftReference, 0 refs, 0.0000616 secs]2019-02-01T01:20:38.386+0000: 795013.344: [WeakReference, 9 refs, 0.0000137 secs]2019-02-01T01:20:38.386+0000: 795013.344: [FinalReference, 553 refs, 0.0002915 secs]2019-02-01T01:20:38.387+0000: 795013.344: [PhantomReference, 0 refs, 0 refs, 0.0000101 secs]2019-02-01T01:20:38.387+0000: 795013.344: [JNI Weak Reference, 0.0000191 secs]
Desired survivor size 119537664 bytes, new threshold 1 (max 15)
[PSYoungGen: 1219423K->75771K(1196032K)] 3840756K->2702325K(4598272K), 0.0227714 secs] [Times: user=0.28 sys=0.00, real=0.02 secs] 
2019-02-01T01:20:38.394+0000: 795013.352: Total time for which application threads were stopped: 0.0298600 seconds, Stopping threads took: 0.0002162 seconds
2019-02-01T01:20:40.386+0000: 795015.344: Application time: 1.9920402 seconds
2019-02-01T01:20:40.394+0000: 795015.352: Total time for which application threads were stopped: 0.0078943 seconds, Stopping threads took: 0.0004028 seconds
2019-02-01T01:20:42.079+0000: 795017.036: Application time: 1.6845568 seconds
2019-02-01T01:20:42.088+0000: 795017.045: Total time for which application threads were stopped: 0.0091207 seconds, Stopping threads took: 0.0003467 seconds
2019-02-01T01:20:42.089+0000: 795017.047: Application time: 0.0011294 seconds
2019-02-01T01:20:42.098+0000: 795017.056: [GC (GCLocker Initiated GC) 2019-02-01T01:20:42.114+0000: 795017.072: [SoftReference, 0 refs, 0.0000622 secs]2019-02-01T01:20:42.115+0000: 795017.072: [WeakReference, 42 refs, 0.0000243 secs]2019-02-01T01:20:42.115+0000: 795017.072: [FinalReference, 594 refs, 0.0002855 secs]2019-02-01T01:20:42.115+0000: 795017.073: [PhantomReference, 0 refs, 0 refs, 0.0000096 secs]2019-02-01T01:20:42.115+0000: 795017.073: [JNI Weak Reference, 0.0000188 secs]
Desired survivor size 115867648 bytes, new threshold 1 (max 15)
[PSYoungGen: 1196027K->63796K(1197056K)] 3822694K->2695062K(4599296K), 0.0243859 secs] [Times: user=0.29 sys=0.00, real=0.03 secs] 
2019-02-01T01:20:42.123+0000: 795017.080: Total time for which application threads were stopped: 0.0337185 seconds, Stopping threads took: 0.0002425 seconds
2019-02-01T01:20:45.828+0000: 795020.785: Application time: 3.7050419 seconds
2019-02-01T01:20:45.837+0000: 795020.794: Total time for which application threads were stopped: 0.0089831 seconds, Stopping threads took: 0.0004479 seconds
2019-02-01T01:20:45.838+0000: 795020.796: Application time: 0.0013606 seconds
2019-02-01T01:20:45.847+0000: 795020.805: [GC (GCLocker Initiated GC) 2019-02-01T01:20:45.859+0000: 795020.817: [SoftReference, 0 refs, 0.0000552 secs]2019-02-01T01:20:45.859+0000: 795020.817: [WeakReference, 83 refs, 0.0000348 secs]2019-02-01T01:20:45.859+0000: 795020.817: [FinalReference, 576 refs, 0.0003124 secs]2019-02-01T01:20:45.859+0000: 795020.817: [PhantomReference, 0 refs, 1 refs, 0.0000123 secs]2019-02-01T01:20:45.859+0000: 795020.817: [JNI Weak Reference, 0.0000197 secs]
Desired survivor size 116916224 bytes, new threshold 1 (max 15)
[PSYoungGen: 1167668K->40220K(1128448K)] 3802449K->2678407K(4530688K), 0.0182421 secs] [Times: user=0.22 sys=0.01, real=0.02 secs] 
2019-02-01T01:20:45.866+0000: 795020.823: Total time for which application threads were stopped: 0.0276248 seconds, Stopping threads took: 0.0003711 seconds
2019-02-01T01:20:48.926+0000: 795023.884: Application time: 3.0604643 seconds
2019-02-01T01:20:48.934+0000: 795023.892: Total time for which application threads were stopped: 0.0084332 seconds, Stopping threads took: 0.0002936 seconds
2019-02-01T01:20:48.936+0000: 795023.894: Application time: 0.0015320 seconds
2019-02-01T01:20:48.945+0000: 795023.903: [GC (GCLocker Initiated GC) 2019-02-01T01:20:48.964+0000: 795023.921: [SoftReference, 0 refs, 0.0000730 secs]2019-02-01T01:20:48.964+0000: 795023.922: [WeakReference, 84 refs, 0.0000557 secs]2019-02-01T01:20:48.964+0000: 795023.922: [FinalReference, 646 refs, 0.0005768 secs]2019-02-01T01:20:48.964+0000: 795023.922: [PhantomReference, 0 refs, 0 refs, 0.0000238 secs]2019-02-01T01:20:48.964+0000: 795023.922: [JNI Weak Reference, 0.0000459 secs]
Desired survivor size 114294784 bytes, new threshold 1 (max 15)
[PSYoungGen: 1128220K->72591K(1166336K)] 3766488K->2714913K(4568576K), 0.0301878 secs] [Times: user=0.34 sys=0.01, real=0.03 secs] 
2019-02-01T01:20:48.976+0000: 795023.934: Total time for which application threads were stopped: 0.0396946 seconds, Stopping threads took: 0.0002409 seconds
2019-02-01T01:20:52.655+0000: 795027.613: Application time: 3.6797858 seconds
2019-02-01T01:20:52.661+0000: 795027.619: Total time for which application threads were stopped: 0.0060250 seconds, Stopping threads took: 0.0003439 seconds
2019-02-01T01:20:52.662+0000: 795027.620: Application time: 0.0009686 seconds
2019-02-01T01:20:52.668+0000: 795027.626: [GC (GCLocker Initiated GC) 2019-02-01T01:20:52.682+0000: 795027.640: [SoftReference, 0 refs, 0.0000496 secs]2019-02-01T01:20:52.682+0000: 795027.640: [WeakReference, 137 refs, 0.0000577 secs]2019-02-01T01:20:52.683+0000: 795027.640: [FinalReference, 650 refs, 0.0003156 secs]2019-02-01T01:20:52.683+0000: 795027.641: [PhantomReference, 0 refs, 0 refs, 0.0000100 secs]2019-02-01T01:20:52.683+0000: 795027.641: [JNI Weak Reference, 0.0000277 secs]
Desired survivor size 111149056 bytes, new threshold 1 (max 15)
[PSYoungGen: 1145231K->59626K(1117184K)] 3794222K->2713854K(4519424K), 0.0217296 secs] [Times: user=0.25 sys=0.01, real=0.02 secs] 
2019-02-01T01:20:52.690+0000: 795027.648: Total time for which application threads were stopped: 0.0279706 seconds, Stopping threads took: 0.0002510 seconds
2019-02-01T01:20:55.722+0000: 795030.680: Application time: 3.0319627 seconds
2019-02-01T01:20:55.730+0000: 795030.688: Total time for which application threads were stopped: 0.0079971 seconds, Stopping threads took: 0.0002186 seconds
2019-02-01T01:20:55.731+0000: 795030.689: Application time: 0.0003865 seconds
2019-02-01T01:20:55.739+0000: 795030.697: [GC (GCLocker Initiated GC) 2019-02-01T01:20:55.753+0000: 795030.711: [SoftReference, 0 refs, 0.0000793 secs]2019-02-01T01:20:55.753+0000: 795030.711: [WeakReference, 46 refs, 0.0000402 secs]2019-02-01T01:20:55.753+0000: 795030.711: [FinalReference, 513 refs, 0.0003597 secs]2019-02-01T01:20:55.753+0000: 795030.711: [PhantomReference, 0 refs, 0 refs, 0.0000196 secs]2019-02-01T01:20:55.753+0000: 795030.711: [JNI Weak Reference, 0.0000322 secs]
Desired survivor size 109576192 bytes, new threshold 1 (max 15)
[PSYoungGen: 1116906K->49923K(1133056K)] 3774476K->2712939K(4535296K), 0.0241277 secs] [Times: user=0.24 sys=0.01, real=0.03 secs] 
2019-02-01T01:20:55.763+0000: 795030.721: Total time for which application threads were stopped: 0.0326289 seconds, Stopping threads took: 0.0003043 seconds
2019-02-01T01:20:59.012+0000: 795033.970: Application time: 3.2483832 seconds
2019-02-01T01:20:59.024+0000: 795033.982: Total time for which application threads were stopped: 0.0119372 seconds, Stopping threads took: 0.0026534 seconds
2019-02-01T01:20:59.025+0000: 795033.983: Application time: 0.0015931 seconds
2019-02-01T01:20:59.035+0000: 795033.993: [GC (GCLocker Initiated GC) 2019-02-01T01:20:59.052+0000: 795034.010: [SoftReference, 0 refs, 0.0000913 secs]2019-02-01T01:20:59.052+0000: 795034.010: [WeakReference, 155 refs, 0.0000538 secs]2019-02-01T01:20:59.052+0000: 795034.010: [FinalReference, 603 refs, 0.0002963 secs]2019-02-01T01:20:59.052+0000: 795034.010: [PhantomReference, 0 refs, 3 refs, 0.0000120 secs]2019-02-01T01:20:59.052+0000: 795034.010: [JNI Weak Reference, 0.0000354 secs]
Desired survivor size 113246208 bytes, new threshold 1 (max 15)
[PSYoungGen: 1092355K->86182K(1114624K)] 3765474K->2761844K(4516864K), 0.0218146 secs] [Times: user=0.30 sys=0.00, real=0.02 secs] 
2019-02-01T01:20:59.057+0000: 795034.015: Total time for which application threads were stopped: 0.0317182 seconds, Stopping threads took: 0.0003796 seconds
2019-02-01T01:21:00.949+0000: 795035.906: Application time: 1.8915035 seconds
2019-02-01T01:21:00.958+0000: 795035.916: Total time for which application threads were stopped: 0.0094697 seconds, Stopping threads took: 0.0003742 seconds
2019-02-01T01:21:00.960+0000: 795035.918: Application time: 0.0016344 seconds
2019-02-01T01:21:00.969+0000: 795035.927: [GC (GCLocker Initiated GC) 2019-02-01T01:21:00.990+0000: 795035.948: [SoftReference, 0 refs, 0.0000904 secs]2019-02-01T01:21:00.990+0000: 795035.948: [WeakReference, 78 refs, 0.0000366 secs]2019-02-01T01:21:00.990+0000: 795035.948: [FinalReference, 563 refs, 0.0002664 secs]2019-02-01T01:21:00.990+0000: 795035.948: [PhantomReference, 0 refs, 1 refs, 0.0000102 secs]2019-02-01T01:21:00.990+0000: 795035.948: [JNI Weak Reference, 0.0000190 secs]
Desired survivor size 117964800 bytes, new threshold 1 (max 15)
[PSYoungGen: 1114278K->90577K(1119232K)] 3800098K->2785531K(4521472K), 0.0250301 secs] [Times: user=0.38 sys=0.00, real=0.03 secs] 
2019-02-01T01:21:00.994+0000: 795035.952: Total time for which application threads were stopped: 0.0346604 seconds, Stopping threads took: 0.0002653 seconds
2019-02-01T01:21:03.156+0000: 795038.114: Application time: 2.1614807 seconds
2019-02-01T01:21:03.168+0000: 795038.126: Total time for which application threads were stopped: 0.0122952 seconds, Stopping threads took: 0.0035980 seconds
2019-02-01T01:21:03.169+0000: 795038.127: Application time: 0.0012816 seconds
2019-02-01T01:21:03.179+0000: 795038.137: [GC (GCLocker Initiated GC) 2019-02-01T01:21:03.198+0000: 795038.156: [SoftReference, 0 refs, 0.0000652 secs]2019-02-01T01:21:03.198+0000: 795038.156: [WeakReference, 131 refs, 0.0000498 secs]2019-02-01T01:21:03.199+0000: 795038.156: [FinalReference, 552 refs, 0.0002623 secs]2019-02-01T01:21:03.199+0000: 795038.157: [PhantomReference, 0 refs, 2 refs, 0.0000112 secs]2019-02-01T01:21:03.199+0000: 795038.157: [JNI Weak Reference, 0.0000191 secs]
Desired survivor size 128450560 bytes, new threshold 1 (max 15)
[PSYoungGen: 1104337K->109752K(1110016K)] 3799356K->2818844K(4512256K), 0.0229488 secs] [Times: user=0.35 sys=0.00, real=0.02 secs] 
2019-02-01T01:21:03.202+0000: 795038.160: Total time for which application threads were stopped: 0.0327717 seconds, Stopping threads took: 0.0008078 seconds
2019-02-01T01:21:06.593+0000: 795041.551: Application time: 3.3912479 seconds
2019-02-01T01:21:06.601+0000: 795041.559: Total time for which application threads were stopped: 0.0080060 seconds, Stopping threads took: 0.0003586 seconds
2019-02-01T01:21:06.602+0000: 795041.560: Application time: 0.0009727 seconds
2019-02-01T01:21:06.610+0000: 795041.567: [GC (GCLocker Initiated GC) 2019-02-01T01:21:06.626+0000: 795041.584: [SoftReference, 0 refs, 0.0000890 secs]2019-02-01T01:21:06.627+0000: 795041.584: [WeakReference, 64 refs, 0.0000329 secs]2019-02-01T01:21:06.627+0000: 795041.584: [FinalReference, 499 refs, 0.0002414 secs]2019-02-01T01:21:06.627+0000: 795041.585: [PhantomReference, 0 refs, 1 refs, 0.0000101 secs]2019-02-01T01:21:06.627+0000: 795041.585: [JNI Weak Reference, 0.0000186 secs]
Desired survivor size 128974848 bytes, new threshold 1 (max 15)
[PSYoungGen: 1109688K->87981K(1099776K)] 3818839K->2804423K(4502016K), 0.0217278 secs] [Times: user=0.30 sys=0.00, real=0.02 secs] 
2019-02-01T01:21:06.632+0000: 795041.589: Total time for which application threads were stopped: 0.0291515 seconds, Stopping threads took: 0.0005287 seconds
2019-02-01T01:21:08.707+0000: 795043.665: Application time: 2.0753819 seconds
2019-02-01T01:21:08.714+0000: 795043.672: Total time for which application threads were stopped: 0.0072081 seconds, Stopping threads took: 0.0002698 seconds
2019-02-01T01:21:08.715+0000: 795043.673: Application time: 0.0008924 seconds
2019-02-01T01:21:08.722+0000: 795043.680: [GC (GCLocker Initiated GC) 2019-02-01T01:21:08.740+0000: 795043.698: [SoftReference, 0 refs, 0.0000621 secs]2019-02-01T01:21:08.740+0000: 795043.698: [WeakReference, 44 refs, 0.0000252 secs]2019-02-01T01:21:08.740+0000: 795043.698: [FinalReference, 513 refs, 0.0002435 secs]2019-02-01T01:21:08.740+0000: 795043.698: [PhantomReference, 0 refs, 0 refs, 0.0000101 secs]2019-02-01T01:21:08.740+0000: 795043.698: [JNI Weak Reference, 0.0000200 secs]
Desired survivor size 131072000 bytes, new threshold 1 (max 15)
[PSYoungGen: 1074605K->94513K(1068032K)] 3791228K->2816306K(4470272K), 0.0226951 secs] [Times: user=0.33 sys=0.01, real=0.03 secs] 
2019-02-01T01:21:08.745+0000: 795043.703: Total time for which application threads were stopped: 0.0302537 seconds, Stopping threads took: 0.0003155 seconds
2019-02-01T01:21:10.555+0000: 795045.513: Application time: 1.8097350 seconds
2019-02-01T01:21:10.569+0000: 795045.527: Total time for which application threads were stopped: 0.0137964 seconds, Stopping threads took: 0.0043865 seconds
2019-02-01T01:21:10.571+0000: 795045.528: Application time: 0.0015867 seconds
2019-02-01T01:21:10.580+0000: 795045.538: [GC (GCLocker Initiated GC) 2019-02-01T01:21:10.594+0000: 795045.552: [SoftReference, 0 refs, 0.0000652 secs]2019-02-01T01:21:10.594+0000: 795045.552: [WeakReference, 52 refs, 0.0000312 secs]2019-02-01T01:21:10.595+0000: 795045.552: [FinalReference, 543 refs, 0.0002758 secs]2019-02-01T01:21:10.595+0000: 795045.553: [PhantomReference, 0 refs, 1 refs, 0.0000105 secs]2019-02-01T01:21:10.595+0000: 795045.553: [JNI Weak Reference, 0.0000183 secs]
Desired survivor size 127926272 bytes, new threshold 1 (max 15)
[PSYoungGen: 1067825K->64615K(1104384K)] 3789680K->2790186K(4506624K), 0.0184324 secs] [Times: user=0.25 sys=0.01, real=0.02 secs] 
2019-02-01T01:21:10.599+0000: 795045.556: Total time for which application threads were stopped: 0.0281139 seconds, Stopping threads took: 0.0002789 seconds
2019-02-01T01:21:15.268+0000: 795050.226: Application time: 4.6692811 seconds
2019-02-01T01:21:15.278+0000: 795050.235: Total time for which application threads were stopped: 0.0096309 seconds, Stopping threads took: 0.0003558 seconds
2019-02-01T01:21:15.278+0000: 795050.236: Application time: 0.0007237 seconds
2019-02-01T01:21:15.288+0000: 795050.246: [GC (GCLocker Initiated GC) 2019-02-01T01:21:15.310+0000: 795050.268: [SoftReference, 0 refs, 0.0000656 secs]2019-02-01T01:21:15.310+0000: 795050.268: [WeakReference, 56 refs, 0.0000526 secs]2019-02-01T01:21:15.310+0000: 795050.268: [FinalReference, 604 refs, 0.0004656 secs]2019-02-01T01:21:15.311+0000: 795050.269: [PhantomReference, 0 refs, 0 refs, 0.0000158 secs]2019-02-01T01:21:15.311+0000: 795050.269: [JNI Weak Reference, 0.0000512 secs]
Desired survivor size 128450560 bytes, new threshold 1 (max 15)
[PSYoungGen: 1040999K->44205K(1008128K)] 3766604K->2773345K(4410368K), 0.0372683 secs] [Times: user=0.41 sys=0.03, real=0.04 secs] 
2019-02-01T01:21:15.326+0000: 795050.284: Total time for which application threads were stopped: 0.0474600 seconds, Stopping threads took: 0.0001489 seconds
2019-02-01T01:21:18.932+0000: 795053.890: Application time: 3.6059606 seconds
2019-02-01T01:21:18.946+0000: 795053.904: [GC (Allocation Failure) 2019-02-01T01:21:18.960+0000: 795053.917: [SoftReference, 0 refs, 0.0000702 secs]2019-02-01T01:21:18.960+0000: 795053.917: [WeakReference, 1 refs, 0.0000173 secs]2019-02-01T01:21:18.960+0000: 795053.918: [FinalReference, 437 refs, 0.0003775 secs]2019-02-01T01:21:18.960+0000: 795053.918: [PhantomReference, 0 refs, 0 refs, 0.0000193 secs]2019-02-01T01:21:18.960+0000: 795053.918: [JNI Weak Reference, 0.0000302 secs]
Desired survivor size 132120576 bytes, new threshold 1 (max 15)
[PSYoungGen: 1007789K->21330K(1070592K)] 3746895K->2762744K(4472832K), 0.0209891 secs] [Times: user=0.21 sys=0.00, real=0.02 secs] 
2019-02-01T01:21:18.967+0000: 795053.925: Total time for which application threads were stopped: 0.0353267 seconds, Stopping threads took: 0.0054669 seconds
2019-02-01T01:21:22.544+0000: 795057.502: Application time: 3.5767401 seconds
2019-02-01T01:21:22.553+0000: 795057.511: Total time for which application threads were stopped: 0.0090204 seconds, Stopping threads took: 0.0005350 seconds
2019-02-01T01:21:22.555+0000: 795057.512: Application time: 0.0018043 seconds
2019-02-01T01:21:22.564+0000: 795057.522: [GC (GCLocker Initiated GC) 2019-02-01T01:21:22.579+0000: 795057.537: [SoftReference, 0 refs, 0.0000772 secs]2019-02-01T01:21:22.579+0000: 795057.537: [WeakReference, 7 refs, 0.0000219 secs]2019-02-01T01:21:22.579+0000: 795057.537: [FinalReference, 505 refs, 0.0004274 secs]2019-02-01T01:21:22.580+0000: 795057.537: [PhantomReference, 0 refs, 0 refs, 0.0000200 secs]2019-02-01T01:21:22.580+0000: 795057.537: [JNI Weak Reference, 0.0000328 secs]
Desired survivor size 127926272 bytes, new threshold 1 (max 15)
[PSYoungGen: 972114K->54294K(993280K)] 3713845K->2797727K(4395520K), 0.0266724 secs] [Times: user=0.28 sys=0.01, real=0.03 secs] 
2019-02-01T01:21:22.591+0000: 795057.549: Total time for which application threads were stopped: 0.0363796 seconds, Stopping threads took: 0.0002153 seconds
2019-02-01T01:21:26.533+0000: 795061.491: Application time: 3.9419330 seconds
2019-02-01T01:21:26.542+0000: 795061.500: Total time for which application threads were stopped: 0.0091391 seconds, Stopping threads took: 0.0002919 seconds
2019-02-01T01:21:26.543+0000: 795061.501: Application time: 0.0008800 seconds
2019-02-01T01:21:26.552+0000: 795061.510: [GC (GCLocker Initiated GC) 2019-02-01T01:21:26.565+0000: 795061.523: [SoftReference, 0 refs, 0.0000783 secs]2019-02-01T01:21:26.565+0000: 795061.523: [WeakReference, 24 refs, 0.0000425 secs]2019-02-01T01:21:26.565+0000: 795061.523: [FinalReference, 551 refs, 0.0004878 secs]2019-02-01T01:21:26.566+0000: 795061.524: [PhantomReference, 0 refs, 0 refs, 0.0000234 secs]2019-02-01T01:21:26.566+0000: 795061.524: [JNI Weak Reference, 0.0000334 secs]
Desired survivor size 123207680 bytes, new threshold 1 (max 15)
[PSYoungGen: 992790K->59434K(1030656K)] 3737040K->2805070K(4432896K), 0.0248329 secs] [Times: user=0.26 sys=0.01, real=0.03 secs] 
2019-02-01T01:21:26.577+0000: 795061.535: Total time for which application threads were stopped: 0.0340889 seconds, Stopping threads took: 0.0002540 seconds
2019-02-01T01:21:30.122+0000: 795065.079: Application time: 3.5444436 seconds
2019-02-01T01:21:30.131+0000: 795065.089: Total time for which application threads were stopped: 0.0091242 seconds, Stopping threads took: 0.0003769 seconds
2019-02-01T01:21:30.132+0000: 795065.090: Application time: 0.0015589 seconds
2019-02-01T01:21:30.141+0000: 795065.099: [GC (GCLocker Initiated GC) 2019-02-01T01:21:30.155+0000: 795065.113: [SoftReference, 0 refs, 0.0000789 secs]2019-02-01T01:21:30.155+0000: 795065.113: [WeakReference, 38 refs, 0.0000355 secs]2019-02-01T01:21:30.155+0000: 795065.113: [FinalReference, 492 refs, 0.0003697 secs]2019-02-01T01:21:30.155+0000: 795065.113: [PhantomReference, 0 refs, 0 refs, 0.0000199 secs]2019-02-01T01:21:30.155+0000: 795065.113: [JNI Weak Reference, 0.0000470 secs]
Desired survivor size 123731968 bytes, new threshold 1 (max 15)
[PSYoungGen: 986154K->29038K(944128K)] 3732115K->2781616K(4346368K), 0.0222394 secs] [Times: user=0.22 sys=0.00, real=0.02 secs] 
2019-02-01T01:21:30.164+0000: 795065.122: Total time for which application threads were stopped: 0.0315515 seconds, Stopping threads took: 0.0004048 seconds
2019-02-01T01:21:32.185+0000: 795067.143: Application time: 2.0213321 seconds
2019-02-01T01:21:32.194+0000: 795067.152: Total time for which application threads were stopped: 0.0090265 seconds, Stopping threads took: 0.0002532 seconds
2019-02-01T01:21:32.195+0000: 795067.153: Application time: 0.0008944 seconds
2019-02-01T01:21:32.204+0000: 795067.162: [GC (GCLocker Initiated GC) 2019-02-01T01:21:32.221+0000: 795067.179: [SoftReference, 0 refs, 0.0000865 secs]2019-02-01T01:21:32.221+0000: 795067.179: [WeakReference, 48 refs, 0.0000396 secs]2019-02-01T01:21:32.221+0000: 795067.179: [FinalReference, 512 refs, 0.0003757 secs]2019-02-01T01:21:32.221+0000: 795067.179: [PhantomReference, 0 refs, 0 refs, 0.0000197 secs]2019-02-01T01:21:32.221+0000: 795067.179: [JNI Weak Reference, 0.0000336 secs]
Desired survivor size 121110528 bytes, new threshold 1 (max 15)
[PSYoungGen: 943982K->70634K(1008128K)] 3699934K->2830250K(4410368K), 0.0266939 secs] [Times: user=0.30 sys=0.00, real=0.03 secs] 
2019-02-01T01:21:32.231+0000: 795067.189: Total time for which application threads were stopped: 0.0360256 seconds, Stopping threads took: 0.0002613 seconds
2019-02-01T01:21:35.494+0000: 795070.452: Application time: 3.2630488 seconds
2019-02-01T01:21:35.503+0000: 795070.461: Total time for which application threads were stopped: 0.0086009 seconds, Stopping threads took: 0.0002580 seconds
2019-02-01T01:21:35.503+0000: 795070.461: Application time: 0.0003977 seconds
2019-02-01T01:21:35.512+0000: 795070.470: [GC (GCLocker Initiated GC) 2019-02-01T01:21:35.526+0000: 795070.484: [SoftReference, 0 refs, 0.0000617 secs]2019-02-01T01:21:35.526+0000: 795070.484: [WeakReference, 12 refs, 0.0000614 secs]2019-02-01T01:21:35.526+0000: 795070.484: [FinalReference, 463 refs, 0.0002704 secs]2019-02-01T01:21:35.527+0000: 795070.484: [PhantomReference, 0 refs, 0 refs, 0.0000171 secs]2019-02-01T01:21:35.527+0000: 795070.484: [JNI Weak Reference, 0.0000202 secs]
Desired survivor size 119537664 bytes, new threshold 1 (max 15)
[PSYoungGen: 974314K->39458K(932352K)] 3740618K->2810413K(4334592K), 0.0202628 secs] [Times: user=0.23 sys=0.01, real=0.02 secs] 
2019-02-01T01:21:35.532+0000: 795070.490: Total time for which application threads were stopped: 0.0291228 seconds, Stopping threads took: 0.0001958 seconds
2019-02-01T01:21:38.841+0000: 795073.799: Application time: 3.3090527 seconds
2019-02-01T01:21:38.850+0000: 795073.808: Total time for which application threads were stopped: 0.0089382 seconds, Stopping threads took: 0.0003835 seconds
2019-02-01T01:21:38.851+0000: 795073.809: Application time: 0.0005869 seconds
2019-02-01T01:21:38.860+0000: 795073.818: [GC (GCLocker Initiated GC) 2019-02-01T01:21:38.877+0000: 795073.835: [SoftReference, 0 refs, 0.0000828 secs]2019-02-01T01:21:38.877+0000: 795073.835: [WeakReference, 31 refs, 0.0000408 secs]2019-02-01T01:21:38.877+0000: 795073.835: [FinalReference, 428 refs, 0.0005473 secs]2019-02-01T01:21:38.878+0000: 795073.836: [PhantomReference, 0 refs, 2 refs, 0.0000262 secs]2019-02-01T01:21:38.878+0000: 795073.836: [JNI Weak Reference, 0.0000327 secs]
Desired survivor size 117964800 bytes, new threshold 1 (max 15)
[PSYoungGen: 931874K->35653K(984576K)] 3702839K->2809232K(4386816K), 0.0266945 secs] [Times: user=0.25 sys=0.01, real=0.02 secs] 
2019-02-01T01:21:38.887+0000: 795073.845: Total time for which application threads were stopped: 0.0359503 seconds, Stopping threads took: 0.0003220 seconds
2019-02-01T01:21:40.373+0000: 795075.330: Application time: 1.4856688 seconds
2019-02-01T01:21:40.382+0000: 795075.340: Total time for which application threads were stopped: 0.0092762 seconds, Stopping threads took: 0.0003245 seconds
2019-02-01T01:21:42.021+0000: 795076.979: Application time: 1.6390896 seconds
2019-02-01T01:21:42.030+0000: 795076.988: Total time for which application threads were stopped: 0.0088774 seconds, Stopping threads took: 0.0003219 seconds
2019-02-01T01:21:42.031+0000: 795076.989: Application time: 0.0010225 seconds
2019-02-01T01:21:42.040+0000: 795076.998: [GC (GCLocker Initiated GC) 2019-02-01T01:21:42.054+0000: 795077.012: [SoftReference, 0 refs, 0.0000532 secs]2019-02-01T01:21:42.054+0000: 795077.012: [WeakReference, 3 refs, 0.0000108 secs]2019-02-01T01:21:42.054+0000: 795077.012: [FinalReference, 392 refs, 0.0001912 secs]2019-02-01T01:21:42.054+0000: 795077.012: [PhantomReference, 0 refs, 0 refs, 0.0000104 secs]2019-02-01T01:21:42.054+0000: 795077.012: [JNI Weak Reference, 0.0000192 secs]
Desired survivor size 115343360 bytes, new threshold 1 (max 15)
[PSYoungGen: 917317K->66004K(936960K)] 3690945K->2841457K(4339200K), 0.0202086 secs] [Times: user=0.28 sys=0.01, real=0.02 secs] 
2019-02-01T01:21:42.060+0000: 795077.018: Total time for which application threads were stopped: 0.0292900 seconds, Stopping threads took: 0.0001538 seconds
2019-02-01T01:21:44.176+0000: 795079.134: Application time: 2.1163164 seconds
2019-02-01T01:21:44.183+0000: 795079.141: Total time for which application threads were stopped: 0.0068976 seconds, Stopping threads took: 0.0002469 seconds
2019-02-01T01:21:44.184+0000: 795079.142: Application time: 0.0008942 seconds
2019-02-01T01:21:44.191+0000: 795079.149: [GC (GCLocker Initiated GC) 2019-02-01T01:21:44.208+0000: 795079.166: [SoftReference, 0 refs, 0.0000617 secs]2019-02-01T01:21:44.208+0000: 795079.166: [WeakReference, 21 refs, 0.0000200 secs]2019-02-01T01:21:44.208+0000: 795079.166: [FinalReference, 482 refs, 0.0002567 secs]2019-02-01T01:21:44.208+0000: 795079.166: [PhantomReference, 0 refs, 0 refs, 0.0000105 secs]2019-02-01T01:21:44.208+0000: 795079.166: [JNI Weak Reference, 0.0000240 secs]
Desired survivor size 115867648 bytes, new threshold 1 (max 15)
[PSYoungGen: 936916K->75004K(963072K)] 3715697K->2860250K(4365312K), 0.0219179 secs] [Times: user=0.32 sys=0.01, real=0.02 secs] 
2019-02-01T01:21:44.213+0000: 795079.171: Total time for which application threads were stopped: 0.0291179 seconds, Stopping threads took: 0.0001348 seconds
2019-02-01T01:21:47.114+0000: 795082.071: Application time: 2.9002747 seconds
2019-02-01T01:21:47.123+0000: 795082.081: Total time for which application threads were stopped: 0.0092463 seconds, Stopping threads took: 0.0003430 seconds
2019-02-01T01:21:47.124+0000: 795082.081: Application time: 0.0007770 seconds
2019-02-01T01:21:47.133+0000: 795082.091: [GC (GCLocker Initiated GC) 2019-02-01T01:21:47.150+0000: 795082.108: [SoftReference, 0 refs, 0.0000772 secs]2019-02-01T01:21:47.150+0000: 795082.108: [WeakReference, 18 refs, 0.0000284 secs]2019-02-01T01:21:47.150+0000: 795082.108: [FinalReference, 432 refs, 0.0005041 secs]2019-02-01T01:21:47.151+0000: 795082.109: [PhantomReference, 0 refs, 0 refs, 0.0000319 secs]2019-02-01T01:21:47.151+0000: 795082.109: [JNI Weak Reference, 0.0000420 secs]
Desired survivor size 113246208 bytes, new threshold 1 (max 15)
[PSYoungGen: 935164K->45684K(896000K)] 3723765K->2837973K(4298240K), 0.0267401 secs] [Times: user=0.29 sys=0.01, real=0.03 secs] 
2019-02-01T01:21:47.160+0000: 795082.118: Total time for which application threads were stopped: 0.0368137 seconds, Stopping threads took: 0.0004042 seconds
2019-02-01T01:21:50.079+0000: 795085.036: Application time: 2.9181054 seconds
2019-02-01T01:21:50.088+0000: 795085.046: Total time for which application threads were stopped: 0.0098009 seconds, Stopping threads took: 0.0003527 seconds
2019-02-01T01:21:50.090+0000: 795085.048: Application time: 0.0013517 seconds
2019-02-01T01:21:50.099+0000: 795085.057: [GC (GCLocker Initiated GC) 2019-02-01T01:21:50.115+0000: 795085.073: [SoftReference, 0 refs, 0.0000592 secs]2019-02-01T01:21:50.115+0000: 795085.073: [WeakReference, 100 refs, 0.0000371 secs]2019-02-01T01:21:50.115+0000: 795085.073: [FinalReference, 450 refs, 0.0002205 secs]2019-02-01T01:21:50.115+0000: 795085.073: [PhantomReference, 0 refs, 0 refs, 0.0000099 secs]2019-02-01T01:21:50.115+0000: 795085.073: [JNI Weak Reference, 0.0000188 secs]
Desired survivor size 113246208 bytes, new threshold 1 (max 15)
[PSYoungGen: 895604K->73481K(940032K)] 3687904K->2868713K(4342272K), 0.0216359 secs] [Times: user=0.30 sys=0.00, real=0.03 secs] 
2019-02-01T01:21:50.121+0000: 795085.079: Total time for which application threads were stopped: 0.0311552 seconds, Stopping threads took: 0.0002445 seconds
2019-02-01T01:21:52.669+0000: 795087.627: Application time: 2.5478625 seconds
2019-02-01T01:21:52.675+0000: 795087.633: Total time for which application threads were stopped: 0.0066728 seconds, Stopping threads took: 0.0003178 seconds
2019-02-01T01:21:52.676+0000: 795087.634: Application time: 0.0003574 seconds
2019-02-01T01:21:52.682+0000: 795087.640: [GC (GCLocker Initiated GC) 2019-02-01T01:21:52.696+0000: 795087.654: [SoftReference, 0 refs, 0.0000603 secs]2019-02-01T01:21:52.696+0000: 795087.654: [WeakReference, 16 refs, 0.0000287 secs]2019-02-01T01:21:52.696+0000: 795087.654: [FinalReference, 396 refs, 0.0001994 secs]2019-02-01T01:21:52.696+0000: 795087.654: [PhantomReference, 0 refs, 0 refs, 0.0000095 secs]2019-02-01T01:21:52.696+0000: 795087.654: [JNI Weak Reference, 0.0000245 secs]
Desired survivor size 112721920 bytes, new threshold 1 (max 15)
[PSYoungGen: 913161K->34203K(864256K)] 3708406K->2837200K(4266496K), 0.0191815 secs] [Times: user=0.22 sys=0.01, real=0.02 secs] 
2019-02-01T01:21:52.702+0000: 795087.660: Total time for which application threads were stopped: 0.0260596 seconds, Stopping threads took: 0.0001227 seconds
2019-02-01T01:21:55.516+0000: 795090.474: Application time: 2.8143459 seconds
2019-02-01T01:21:55.526+0000: 795090.483: Total time for which application threads were stopped: 0.0093110 seconds, Stopping threads took: 0.0005885 seconds
2019-02-01T01:21:55.527+0000: 795090.485: Application time: 0.0012812 seconds
2019-02-01T01:21:55.536+0000: 795090.494: [GC (GCLocker Initiated GC) 2019-02-01T01:21:55.553+0000: 795090.511: [SoftReference, 0 refs, 0.0000918 secs]2019-02-01T01:21:55.553+0000: 795090.511: [WeakReference, 72 refs, 0.0000302 secs]2019-02-01T01:21:55.553+0000: 795090.511: [FinalReference, 407 refs, 0.0002177 secs]2019-02-01T01:21:55.554+0000: 795090.511: [PhantomReference, 0 refs, 0 refs, 0.0000099 secs]2019-02-01T01:21:55.554+0000: 795090.511: [JNI Weak Reference, 0.0000190 secs]
Desired survivor size 108003328 bytes, new threshold 1 (max 15)
[PSYoungGen: 864155K->55730K(911360K)] 3672734K->2870937K(4313600K), 0.0235571 secs] [Times: user=0.34 sys=0.01, real=0.02 secs] 
2019-02-01T01:21:55.560+0000: 795090.518: Total time for which application threads were stopped: 0.0329661 seconds, Stopping threads took: 0.0003792 seconds
2019-02-01T01:21:58.454+0000: 795093.412: Application time: 2.8946394 seconds
2019-02-01T01:21:58.462+0000: 795093.420: Total time for which application threads were stopped: 0.0077397 seconds, Stopping threads took: 0.0003000 seconds
2019-02-01T01:21:58.464+0000: 795093.422: Application time: 0.0016424 seconds
2019-02-01T01:21:58.475+0000: 795093.432: [GC (GCLocker Initiated GC) 2019-02-01T01:21:58.491+0000: 795093.449: [SoftReference, 0 refs, 0.0000587 secs]2019-02-01T01:21:58.491+0000: 795093.449: [WeakReference, 52 refs, 0.0000298 secs]2019-02-01T01:21:58.491+0000: 795093.449: [FinalReference, 443 refs, 0.0002031 secs]2019-02-01T01:21:58.491+0000: 795093.449: [PhantomReference, 0 refs, 0 refs, 0.0000098 secs]2019-02-01T01:21:58.491+0000: 795093.449: [JNI Weak Reference, 0.0000191 secs]
Desired survivor size 109051904 bytes, new threshold 1 (max 15)
[PSYoungGen: 875954K->73703K(884736K)] 3702768K->2907853K(4286976K), 0.0214500 secs] [Times: user=0.30 sys=0.00, real=0.02 secs] 
2019-02-01T01:21:58.496+0000: 795093.454: Total time for which application threads were stopped: 0.0324769 seconds, Stopping threads took: 0.0024032 seconds
2019-02-01T01:22:00.944+0000: 795095.902: Application time: 2.4476531 seconds
2019-02-01T01:22:00.955+0000: 795095.913: Total time for which application threads were stopped: 0.0114450 seconds, Stopping threads took: 0.0026039 seconds
2019-02-01T01:22:00.957+0000: 795095.915: Application time: 0.0014457 seconds
2019-02-01T01:22:00.966+0000: 795095.924: [GC (GCLocker Initiated GC) 2019-02-01T01:22:00.981+0000: 795095.939: [SoftReference, 0 refs, 0.0000621 secs]2019-02-01T01:22:00.982+0000: 795095.939: [WeakReference, 74 refs, 0.0000338 secs]2019-02-01T01:22:00.982+0000: 795095.939: [FinalReference, 408 refs, 0.0002243 secs]2019-02-01T01:22:00.982+0000: 795095.940: [PhantomReference, 0 refs, 1 refs, 0.0000128 secs]2019-02-01T01:22:00.982+0000: 795095.940: [JNI Weak Reference, 0.0000197 secs]
Desired survivor size 106954752 bytes, new threshold 1 (max 15)
[PSYoungGen: 884711K->44978K(894976K)] 3733751K->2898645K(4297216K), 0.0206305 secs] [Times: user=0.27 sys=0.00, real=0.02 secs] 
2019-02-01T01:22:00.987+0000: 795095.945: Total time for which application threads were stopped: 0.0303348 seconds, Stopping threads took: 0.0003562 seconds
2019-02-01T01:22:03.646+0000: 795098.603: Application time: 2.6583300 seconds
2019-02-01T01:22:03.655+0000: 795098.612: Total time for which application threads were stopped: 0.0090823 seconds, Stopping threads took: 0.0002257 seconds
2019-02-01T01:22:03.655+0000: 795098.613: Application time: 0.0006804 seconds
2019-02-01T01:22:03.665+0000: 795098.623: [GC (GCLocker Initiated GC) 2019-02-01T01:22:03.679+0000: 795098.637: [SoftReference, 0 refs, 0.0000755 secs]2019-02-01T01:22:03.679+0000: 795098.637: [WeakReference, 41 refs, 0.0000995 secs]2019-02-01T01:22:03.679+0000: 795098.637: [FinalReference, 423 refs, 0.0003850 secs]2019-02-01T01:22:03.680+0000: 795098.637: [PhantomReference, 0 refs, 0 refs, 0.0000237 secs]2019-02-01T01:22:03.680+0000: 795098.638: [JNI Weak Reference, 0.0000339 secs]
Desired survivor size 104857600 bytes, new threshold 1 (max 15)
[PSYoungGen: 846770K->40196K(833024K)] 3700471K->2902780K(4235264K), 0.0236737 secs] [Times: user=0.29 sys=0.01, real=0.02 secs] 
2019-02-01T01:22:03.689+0000: 795098.647: Total time for which application threads were stopped: 0.0333953 seconds, Stopping threads took: 0.0002333 seconds
2019-02-01T01:22:06.187+0000: 795101.145: Application time: 2.4986760 seconds
2019-02-01T01:22:06.197+0000: 795101.154: Total time for which application threads were stopped: 0.0091836 seconds, Stopping threads took: 0.0003563 seconds
2019-02-01T01:22:06.197+0000: 795101.155: Application time: 0.0008837 seconds
2019-02-01T01:22:06.207+0000: 795101.164: [GC (GCLocker Initiated GC) 2019-02-01T01:22:06.221+0000: 795101.179: [SoftReference, 0 refs, 0.0000603 secs]2019-02-01T01:22:06.221+0000: 795101.179: [WeakReference, 47 refs, 0.0000241 secs]2019-02-01T01:22:06.221+0000: 795101.179: [FinalReference, 388 refs, 0.0002063 secs]2019-02-01T01:22:06.222+0000: 795101.179: [PhantomReference, 0 refs, 0 refs, 0.0000096 secs]2019-02-01T01:22:06.222+0000: 795101.179: [JNI Weak Reference, 0.0000182 secs]
Desired survivor size 103809024 bytes, new threshold 1 (max 15)
[PSYoungGen: 832772K->64922K(875520K)] 3695492K->2931430K(4277760K), 0.0201389 secs] [Times: user=0.29 sys=0.01, real=0.02 secs] 
2019-02-01T01:22:06.227+0000: 795101.185: Total time for which application threads were stopped: 0.0294946 seconds, Stopping threads took: 0.0002718 seconds
2019-02-01T01:22:08.850+0000: 795103.808: Application time: 2.6232381 seconds
2019-02-01T01:22:08.859+0000: 795103.817: Total time for which application threads were stopped: 0.0087258 seconds, Stopping threads took: 0.0004484 seconds
2019-02-01T01:22:08.860+0000: 795103.818: Application time: 0.0009947 seconds
2019-02-01T01:22:08.874+0000: 795103.832: [GC (GCLocker Initiated GC) 2019-02-01T01:22:08.894+0000: 795103.851: [SoftReference, 0 refs, 0.0000583 secs]2019-02-01T01:22:08.894+0000: 795103.851: [WeakReference, 164 refs, 0.0000588 secs]2019-02-01T01:22:08.894+0000: 795103.852: [FinalReference, 451 refs, 0.0002265 secs]2019-02-01T01:22:08.894+0000: 795103.852: [PhantomReference, 0 refs, 0 refs, 0.0000102 secs]2019-02-01T01:22:08.894+0000: 795103.852: [JNI Weak Reference, 0.0000560 secs]
Desired survivor size 120061952 bytes, new threshold 1 (max 15)
[PSYoungGen: 848794K->101357K(876544K)] 3718670K->2981459K(4278784K), 0.0235657 secs] [Times: user=0.39 sys=0.01, real=0.02 secs] 
2019-02-01T01:22:08.898+0000: 795103.856: Total time for which application threads were stopped: 0.0379917 seconds, Stopping threads took: 0.0055070 seconds
2019-02-01T01:22:10.628+0000: 795105.586: Application time: 1.7305513 seconds
2019-02-01T01:22:10.638+0000: 795105.596: Total time for which application threads were stopped: 0.0094379 seconds, Stopping threads took: 0.0029513 seconds
2019-02-01T01:22:10.639+0000: 795105.597: Application time: 0.0008693 seconds
2019-02-01T01:22:10.653+0000: 795105.611: [GC (GCLocker Initiated GC) 2019-02-01T01:22:10.673+0000: 795105.630: [SoftReference, 0 refs, 0.0000625 secs]2019-02-01T01:22:10.673+0000: 795105.631: [WeakReference, 38 refs, 0.0000237 secs]2019-02-01T01:22:10.673+0000: 795105.631: [FinalReference, 324 refs, 0.0001622 secs]2019-02-01T01:22:10.673+0000: 795105.631: [PhantomReference, 0 refs, 1 refs, 0.0000107 secs]2019-02-01T01:22:10.673+0000: 795105.631: [JNI Weak Reference, 0.0000186 secs]
Desired survivor size 117440512 bytes, new threshold 1 (max 15)
[PSYoungGen: 876525K->70685K(894976K)] 3776392K->2980699K(4297216K), 0.0231030 secs] [Times: user=0.36 sys=0.00, real=0.03 secs] 
2019-02-01T01:22:10.677+0000: 795105.634: Total time for which application threads were stopped: 0.0377764 seconds, Stopping threads took: 0.0057809 seconds
2019-02-01T01:22:12.682+0000: 795107.640: Application time: 2.0058706 seconds
2019-02-01T01:22:12.691+0000: 795107.649: Total time for which application threads were stopped: 0.0090387 seconds, Stopping threads took: 0.0004514 seconds
2019-02-01T01:22:12.693+0000: 795107.650: Application time: 0.0010850 seconds
2019-02-01T01:22:12.702+0000: 795107.660: [GC (GCLocker Initiated GC) 2019-02-01T01:22:12.720+0000: 795107.677: [SoftReference, 0 refs, 0.0000625 secs]2019-02-01T01:22:12.720+0000: 795107.677: [WeakReference, 59 refs, 0.0000287 secs]2019-02-01T01:22:12.720+0000: 795107.678: [FinalReference, 407 refs, 0.0001975 secs]2019-02-01T01:22:12.720+0000: 795107.678: [PhantomReference, 0 refs, 0 refs, 0.0000096 secs]2019-02-01T01:22:12.720+0000: 795107.678: [JNI Weak Reference, 0.0000195 secs]
Desired survivor size 112721920 bytes, new threshold 1 (max 15)
[PSYoungGen: 848413K->60425K(892416K)] 3767745K->2989045K(4294656K), 0.0224259 secs] [Times: user=0.31 sys=0.01, real=0.03 secs] 
2019-02-01T01:22:12.724+0000: 795107.682: Total time for which application threads were stopped: 0.0318087 seconds, Stopping threads took: 0.0002862 seconds
2019-02-01T01:22:14.987+0000: 795109.945: Application time: 2.2629467 seconds
2019-02-01T01:22:14.997+0000: 795109.955: Total time for which application threads were stopped: 0.0095343 seconds, Stopping threads took: 0.0003620 seconds
2019-02-01T01:22:14.998+0000: 795109.956: Application time: 0.0008196 seconds
2019-02-01T01:22:15.007+0000: 795109.965: [GC (GCLocker Initiated GC) 2019-02-01T01:22:17.343+0000: 795112.301: [SoftReference, 0 refs, 0.0000528 secs]2019-02-01T01:22:17.343+0000: 795112.301: [WeakReference, 54 refs, 0.0000312 secs]2019-02-01T01:22:17.343+0000: 795112.301: [FinalReference, 412 refs, 0.0002312 secs]2019-02-01T01:22:17.343+0000: 795112.301: [PhantomReference, 0 refs, 1 refs, 0.0000122 secs]2019-02-01T01:22:17.343+0000: 795112.301: [JNI Weak Reference, 0.0000274 secs]
Desired survivor size 111149056 bytes, new threshold 1 (max 15)
[PSYoungGen: 838153K->71548K(1019392K)] 3770135K->3008495K(4421632K), 2.3403283 secs] [Times: user=28.53 sys=23.19, real=2.34 secs] 
2019-02-01T01:22:17.348+0000: 795112.305: Total time for which application threads were stopped: 2.3498029 seconds, Stopping threads took: 0.0003069 seconds
2019-02-01T01:22:19.406+0000: 795114.364: Application time: 2.0585326 seconds
2019-02-01T01:22:19.415+0000: 795114.373: Total time for which application threads were stopped: 0.0092649 seconds, Stopping threads took: 0.0002909 seconds
2019-02-01T01:22:19.416+0000: 795114.374: Application time: 0.0010358 seconds
2019-02-01T01:22:19.426+0000: 795114.384: [GC (GCLocker Initiated GC) 2019-02-01T01:22:20.829+0000: 795115.787: [SoftReference, 0 refs, 0.0000556 secs]2019-02-01T01:22:20.829+0000: 795115.787: [WeakReference, 146 refs, 0.0000622 secs]2019-02-01T01:22:20.829+0000: 795115.787: [FinalReference, 437 refs, 0.0002478 secs]2019-02-01T01:22:20.829+0000: 795115.787: [PhantomReference, 0 refs, 0 refs, 0.0000101 secs]2019-02-01T01:22:20.829+0000: 795115.787: [JNI Weak Reference, 0.0000189 secs]
Desired survivor size 114294784 bytes, new threshold 1 (max 15)
[PSYoungGen: 980860K->83597K(1017856K)] 3917837K->3023557K(4420096K), 1.4064418 secs] [Times: user=26.51 sys=3.32, real=1.40 secs] 
2019-02-01T01:22:20.833+0000: 795115.791: Total time for which application threads were stopped: 1.4163601 seconds, Stopping threads took: 0.0005600 seconds
2019-02-01T01:22:22.783+0000: 795117.741: Application time: 1.9504195 seconds
2019-02-01T01:22:22.793+0000: 795117.750: Total time for which application threads were stopped: 0.0094150 seconds, Stopping threads took: 0.0004336 seconds
2019-02-01T01:22:22.794+0000: 795117.751: Application time: 0.0009720 seconds
2019-02-01T01:22:22.803+0000: 795117.761: [GC (GCLocker Initiated GC) 2019-02-01T01:22:24.056+0000: 795119.013: [SoftReference, 0 refs, 0.0000662 secs]2019-02-01T01:22:24.056+0000: 795119.013: [WeakReference, 82 refs, 0.0000401 secs]2019-02-01T01:22:24.056+0000: 795119.014: [FinalReference, 460 refs, 0.0002404 secs]2019-02-01T01:22:24.056+0000: 795119.014: [PhantomReference, 0 refs, 2 refs, 0.0000113 secs]2019-02-01T01:22:24.056+0000: 795119.014: [JNI Weak Reference, 0.0000503 secs]
Desired survivor size 115867648 bytes, new threshold 1 (max 15)
[PSYoungGen: 992909K->82908K(1200128K)] 3936998K->3035916K(4602368K), 1.2560289 secs] [Times: user=22.23 sys=5.33, real=1.26 secs] 
2019-02-01T01:22:24.060+0000: 795119.017: Total time for which application threads were stopped: 1.2660156 seconds, Stopping threads took: 0.0002794 seconds
2019-02-01T01:22:26.757+0000: 795121.714: Application time: 2.6970082 seconds
2019-02-01T01:22:26.766+0000: 795121.724: Total time for which application threads were stopped: 0.0096474 seconds, Stopping threads took: 0.0005375 seconds
2019-02-01T01:22:26.767+0000: 795121.725: Application time: 0.0007326 seconds
2019-02-01T01:22:26.776+0000: 795121.734: [GC (GCLocker Initiated GC) 2019-02-01T01:22:26.802+0000: 795121.760: [SoftReference, 0 refs, 0.0000699 secs]2019-02-01T01:22:26.802+0000: 795121.760: [WeakReference, 53 refs, 0.0000269 secs]2019-02-01T01:22:26.802+0000: 795121.760: [FinalReference, 570 refs, 0.0003630 secs]2019-02-01T01:22:26.803+0000: 795121.760: [PhantomReference, 0 refs, 1 refs, 0.0000107 secs]2019-02-01T01:22:26.803+0000: 795121.760: [JNI Weak Reference, 0.0000196 secs]
Desired survivor size 113770496 bytes, new threshold 1 (max 15)
[PSYoungGen: 1171420K->52731K(1201664K)] 4124603K->3010808K(4603904K), 0.0298304 secs] [Times: user=0.36 sys=0.10, real=0.03 secs] 
2019-02-01T01:22:26.806+0000: 795121.764: Total time for which application threads were stopped: 0.0394052 seconds, Stopping threads took: 0.0002373 seconds
2019-02-01T01:22:30.528+0000: 795125.486: Application time: 3.7215414 seconds
2019-02-01T01:22:30.537+0000: 795125.495: Total time for which application threads were stopped: 0.0094523 seconds, Stopping threads took: 0.0002507 seconds
2019-02-01T01:22:30.539+0000: 795125.496: Application time: 0.0011682 seconds
2019-02-01T01:22:30.549+0000: 795125.506: [GC (GCLocker Initiated GC) 2019-02-01T01:22:31.747+0000: 795126.704: [SoftReference, 0 refs, 0.0000556 secs]2019-02-01T01:22:31.747+0000: 795126.704: [WeakReference, 102 refs, 0.0000494 secs]2019-02-01T01:22:31.747+0000: 795126.704: [FinalReference, 610 refs, 0.0004284 secs]2019-02-01T01:22:31.747+0000: 795126.705: [PhantomReference, 0 refs, 0 refs, 0.0000106 secs]2019-02-01T01:22:31.747+0000: 795126.705: [JNI Weak Reference, 0.0000198 secs]
Desired survivor size 121634816 bytes, new threshold 1 (max 15)
[PSYoungGen: 1141243K->98585K(1408000K)] 4107407K->3069210K(4810240K), 1.2022625 secs] [Times: user=22.34 sys=3.90, real=1.20 secs] 
2019-02-01T01:22:31.751+0000: 795126.709: Total time for which application threads were stopped: 1.2125851 seconds, Stopping threads took: 0.0007318 seconds
2019-02-01T01:22:34.855+0000: 795129.813: Application time: 3.1040367 seconds
2019-02-01T01:22:34.867+0000: 795129.824: Total time for which application threads were stopped: 0.0113993 seconds, Stopping threads took: 0.0027402 seconds
2019-02-01T01:22:34.868+0000: 795129.826: Application time: 0.0011570 seconds
2019-02-01T01:22:34.881+0000: 795129.839: [GC (GCLocker Initiated GC) 2019-02-01T01:22:36.119+0000: 795131.077: [SoftReference, 0 refs, 0.0000548 secs]2019-02-01T01:22:36.119+0000: 795131.077: [WeakReference, 109 refs, 0.0000573 secs]2019-02-01T01:22:36.119+0000: 795131.077: [FinalReference, 651 refs, 0.0004004 secs]2019-02-01T01:22:36.120+0000: 795131.077: [PhantomReference, 0 refs, 1 refs, 0.0000129 secs]2019-02-01T01:22:36.120+0000: 795131.077: [JNI Weak Reference, 0.0000270 secs]
Desired survivor size 130023424 bytes, new threshold 1 (max 15)
[PSYoungGen: 1395481K->104469K(1415680K)] 4366132K->3082858K(4817920K), 1.2420112 secs] [Times: user=25.66 sys=1.57, real=1.24 secs] 
2019-02-01T01:22:36.123+0000: 795131.081: Total time for which application threads were stopped: 1.2556972 seconds, Stopping threads took: 0.0050350 seconds
2019-02-01T01:22:36.124+0000: 795131.081: Application time: 0.0001372 seconds
2019-02-01T01:22:36.131+0000: 795131.088: Total time for which application threads were stopped: 0.0069281 seconds, Stopping threads took: 0.0004051 seconds
2019-02-01T01:22:40.373+0000: 795135.331: Application time: 4.2427741 seconds
2019-02-01T01:22:40.382+0000: 795135.340: Total time for which application threads were stopped: 0.0091874 seconds, Stopping threads took: 0.0003111 seconds
2019-02-01T01:22:40.583+0000: 795135.540: Application time: 0.2000079 seconds
2019-02-01T01:22:40.593+0000: 795135.551: Total time for which application threads were stopped: 0.0102512 seconds, Stopping threads took: 0.0004045 seconds
2019-02-01T01:22:40.593+0000: 795135.551: Application time: 0.0002916 seconds
2019-02-01T01:22:40.602+0000: 795135.560: Total time for which application threads were stopped: 0.0086322 seconds, Stopping threads took: 0.0003770 seconds
2019-02-01T01:22:40.604+0000: 795135.561: Application time: 0.0019094 seconds
2019-02-01T01:22:40.611+0000: 795135.569: [GC (GCLocker Initiated GC) 2019-02-01T01:22:42.904+0000: 795137.862: [SoftReference, 0 refs, 0.0000629 secs]2019-02-01T01:22:42.904+0000: 795137.862: [WeakReference, 105 refs, 0.0000494 secs]2019-02-01T01:22:42.904+0000: 795137.862: [FinalReference, 693 refs, 0.0004161 secs]2019-02-01T01:22:42.905+0000: 795137.862: [PhantomReference, 0 refs, 0 refs, 0.0000123 secs]2019-02-01T01:22:42.905+0000: 795137.862: [JNI Weak Reference, 0.0000202 secs]
Desired survivor size 125304832 bytes, new threshold 1 (max 15)
[PSYoungGen: 1401365K->66309K(1673216K)] 4379823K->3058414K(5075456K), 2.2973117 secs] [Times: user=30.64 sys=20.17, real=2.29 secs] 
2019-02-01T01:22:42.908+0000: 795137.866: Total time for which application threads were stopped: 2.3046455 seconds, Stopping threads took: 0.0002484 seconds
2019-02-01T01:22:47.812+0000: 795142.770: Application time: 4.9038151 seconds
2019-02-01T01:22:47.824+0000: 795142.782: Total time for which application threads were stopped: 0.0121472 seconds, Stopping threads took: 0.0052505 seconds
2019-02-01T01:22:47.826+0000: 795142.783: Application time: 0.0012810 seconds
2019-02-01T01:22:47.834+0000: 795142.792: [GC (GCLocker Initiated GC) 2019-02-01T01:22:50.234+0000: 795145.192: [SoftReference, 0 refs, 0.0000521 secs]2019-02-01T01:22:50.234+0000: 795145.192: [WeakReference, 69 refs, 0.0000388 secs]2019-02-01T01:22:50.234+0000: 795145.192: [FinalReference, 801 refs, 0.0004839 secs]2019-02-01T01:22:50.235+0000: 795145.192: [PhantomReference, 0 refs, 1 refs, 0.0000128 secs]2019-02-01T01:22:50.235+0000: 795145.192: [JNI Weak Reference, 0.0000544 secs]
Desired survivor size 125304832 bytes, new threshold 1 (max 15)
[PSYoungGen: 1621253K->85000K(1677312K)] 4613385K->3081581K(5079552K), 2.4039963 secs] [Times: user=35.93 sys=16.91, real=2.40 secs] 
2019-02-01T01:22:50.238+0000: 795145.196: Total time for which application threads were stopped: 2.4128479 seconds, Stopping threads took: 0.0003105 seconds
2019-02-01T01:22:55.285+0000: 795150.242: Application time: 5.0461511 seconds
2019-02-01T01:22:55.293+0000: 795150.251: Total time for which application threads were stopped: 0.0087511 seconds, Stopping threads took: 0.0002312 seconds
2019-02-01T01:22:55.294+0000: 795150.252: Application time: 0.0007757 seconds
2019-02-01T01:22:55.303+0000: 795150.261: [GC (GCLocker Initiated GC) 2019-02-01T01:22:56.352+0000: 795151.310: [SoftReference, 0 refs, 0.0000536 secs]2019-02-01T01:22:56.352+0000: 795151.310: [WeakReference, 41 refs, 0.0000294 secs]2019-02-01T01:22:56.352+0000: 795151.310: [FinalReference, 927 refs, 0.0005805 secs]2019-02-01T01:22:56.353+0000: 795151.311: [PhantomReference, 0 refs, 0 refs, 0.0000215 secs]2019-02-01T01:22:56.353+0000: 795151.311: [JNI Weak Reference, 0.0000216 secs]
Desired survivor size 122159104 bytes, new threshold 1 (max 15)
[PSYoungGen: 1639944K->62099K(1793536K)] 4636533K->3064356K(5195776K), 1.0529696 secs] [Times: user=21.51 sys=1.28, real=1.05 secs] 
2019-02-01T01:22:56.357+0000: 795151.314: Total time for which application threads were stopped: 1.0624193 seconds, Stopping threads took: 0.0003561 seconds
2019-02-01T01:23:00.907+0000: 795155.865: Application time: 4.5505605 seconds
2019-02-01T01:23:00.916+0000: 795155.874: Total time for which application threads were stopped: 0.0089518 seconds, Stopping threads took: 0.0002145 seconds
2019-02-01T01:23:00.917+0000: 795155.875: Application time: 0.0006945 seconds
2019-02-01T01:23:00.926+0000: 795155.884: [GC (GCLocker Initiated GC) 2019-02-01T01:23:00.956+0000: 795155.914: [SoftReference, 0 refs, 0.0000570 secs]2019-02-01T01:23:00.956+0000: 795155.914: [WeakReference, 180 refs, 0.0000775 secs]2019-02-01T01:23:00.956+0000: 795155.914: [FinalReference, 830 refs, 0.0004758 secs]2019-02-01T01:23:00.957+0000: 795155.914: [PhantomReference, 0 refs, 0 refs, 0.0000109 secs]2019-02-01T01:23:00.957+0000: 795155.915: [JNI Weak Reference, 0.0000192 secs]
Desired survivor size 129499136 bytes, new threshold 1 (max 15)
[PSYoungGen: 1739411K->104024K(1781760K)] 4741693K->3111624K(5184000K), 0.0336593 secs] [Times: user=0.55 sys=0.09, real=0.03 secs] 
2019-02-01T01:23:00.960+0000: 795155.918: Total time for which application threads were stopped: 0.0433054 seconds, Stopping threads took: 0.0002240 seconds
2019-02-01T01:23:05.822+0000: 795160.780: Application time: 4.8622871 seconds
2019-02-01T01:23:05.833+0000: 795160.791: Total time for which application threads were stopped: 0.0111178 seconds, Stopping threads took: 0.0024568 seconds
2019-02-01T01:23:05.835+0000: 795160.793: Application time: 0.0015403 seconds
2019-02-01T01:23:05.844+0000: 795160.802: [GC (GCLocker Initiated GC) 2019-02-01T01:23:05.862+0000: 795160.820: [SoftReference, 0 refs, 0.0000576 secs]2019-02-01T01:23:05.862+0000: 795160.820: [WeakReference, 84 refs, 0.0000379 secs]2019-02-01T01:23:05.862+0000: 795160.820: [FinalReference, 899 refs, 0.0004947 secs]2019-02-01T01:23:05.863+0000: 795160.821: [PhantomReference, 0 refs, 1 refs, 0.0000108 secs]2019-02-01T01:23:05.863+0000: 795160.821: [JNI Weak Reference, 0.0000190 secs]
Desired survivor size 125829120 bytes, new threshold 1 (max 15)
[PSYoungGen: 1781336K->66373K(1799168K)] 4795642K->3085874K(5201408K), 0.0218943 secs] [Times: user=0.28 sys=0.00, real=0.02 secs] 
2019-02-01T01:23:05.867+0000: 795160.824: Total time for which application threads were stopped: 0.0315200 seconds, Stopping threads took: 0.0002809 seconds
2019-02-01T01:23:10.484+0000: 795165.442: Application time: 4.6179650 seconds
2019-02-01T01:23:10.494+0000: 795165.452: Total time for which application threads were stopped: 0.0093212 seconds, Stopping threads took: 0.0003086 seconds
2019-02-01T01:23:10.495+0000: 795165.453: Application time: 0.0010719 seconds
2019-02-01T01:23:10.504+0000: 795165.462: [GC (GCLocker Initiated GC) 2019-02-01T01:23:10.525+0000: 795165.483: [SoftReference, 0 refs, 0.0000538 secs]2019-02-01T01:23:10.525+0000: 795165.483: [WeakReference, 76 refs, 0.0000359 secs]2019-02-01T01:23:10.525+0000: 795165.483: [FinalReference, 949 refs, 0.0004438 secs]2019-02-01T01:23:10.526+0000: 795165.484: [PhantomReference, 0 refs, 0 refs, 0.0000104 secs]2019-02-01T01:23:10.526+0000: 795165.484: [JNI Weak Reference, 0.0000194 secs]
Desired survivor size 125829120 bytes, new threshold 1 (max 15)
[PSYoungGen: 1739077K->87286K(1795584K)] 4758614K->3110405K(5197824K), 0.0251905 secs] [Times: user=0.36 sys=0.00, real=0.02 secs] 
2019-02-01T01:23:10.529+0000: 795165.487: Total time for which application threads were stopped: 0.0343749 seconds, Stopping threads took: 0.0001939 seconds
2019-02-01T01:23:14.921+0000: 795169.879: Application time: 4.3916087 seconds
2019-02-01T01:23:14.931+0000: 795169.889: Total time for which application threads were stopped: 0.0103121 seconds, Stopping threads took: 0.0023770 seconds
2019-02-01T01:23:14.932+0000: 795169.890: Application time: 0.0008373 seconds
2019-02-01T01:23:14.941+0000: 795169.899: [GC (GCLocker Initiated GC) 2019-02-01T01:23:14.958+0000: 795169.916: [SoftReference, 0 refs, 0.0000787 secs]2019-02-01T01:23:14.958+0000: 795169.916: [WeakReference, 65 refs, 0.0000532 secs]2019-02-01T01:23:14.958+0000: 795169.916: [FinalReference, 895 refs, 0.0007015 secs]2019-02-01T01:23:14.959+0000: 795169.916: [PhantomReference, 0 refs, 1 refs, 0.0000276 secs]2019-02-01T01:23:14.959+0000: 795169.917: [JNI Weak Reference, 0.0000335 secs]
Desired survivor size 122683392 bytes, new threshold 1 (max 15)
[PSYoungGen: 1759990K->65493K(1796096K)] 4790045K->3100192K(5198336K), 0.0211383 secs] [Times: user=0.30 sys=0.00, real=0.02 secs] 
2019-02-01T01:23:14.963+0000: 795169.921: Total time for which application threads were stopped: 0.0306403 seconds, Stopping threads took: 0.0003022 seconds
2019-02-01T01:23:18.844+0000: 795173.802: Application time: 3.8813596 seconds
2019-02-01T01:23:18.854+0000: 795173.812: Total time for which application threads were stopped: 0.0104515 seconds, Stopping threads took: 0.0003364 seconds
2019-02-01T01:23:18.855+0000: 795173.813: Application time: 0.0001944 seconds
2019-02-01T01:23:18.863+0000: 795173.820: Total time for which application threads were stopped: 0.0078671 seconds, Stopping threads took: 0.0002412 seconds
2019-02-01T01:23:18.865+0000: 795173.823: Application time: 0.0024556 seconds
2019-02-01T01:23:18.873+0000: 795173.830: [GC (GCLocker Initiated GC) 2019-02-01T01:23:18.910+0000: 795173.868: [SoftReference, 0 refs, 0.0000614 secs]2019-02-01T01:23:18.910+0000: 795173.868: [WeakReference, 50 refs, 0.0000288 secs]2019-02-01T01:23:18.910+0000: 795173.868: [FinalReference, 824 refs, 0.0004217 secs]2019-02-01T01:23:18.911+0000: 795173.868: [PhantomReference, 0 refs, 1 refs, 0.0000113 secs]2019-02-01T01:23:18.911+0000: 795173.868: [JNI Weak Reference, 0.0000209 secs]
Desired survivor size 182976512 bytes, new threshold 1 (max 15)
[PSYoungGen: 1741269K->119782K(1795584K)] 4776037K->3280245K(5197824K), 0.0412971 secs] [Times: user=0.73 sys=0.02, real=0.05 secs] 
2019-02-01T01:23:18.914+0000: 795173.872: Total time for which application threads were stopped: 0.0490606 seconds, Stopping threads took: 0.0003599 seconds
2019-02-01T01:23:22.793+0000: 795177.751: Application time: 3.8790860 seconds
2019-02-01T01:23:22.802+0000: 795177.760: Total time for which application threads were stopped: 0.0092840 seconds, Stopping threads took: 0.0003681 seconds
2019-02-01T01:23:22.803+0000: 795177.761: Application time: 0.0007928 seconds
2019-02-01T01:23:22.813+0000: 795177.771: [GC (GCLocker Initiated GC) 2019-02-01T01:23:22.837+0000: 795177.795: [SoftReference, 0 refs, 0.0000638 secs]2019-02-01T01:23:22.837+0000: 795177.795: [WeakReference, 92 refs, 0.0000448 secs]2019-02-01T01:23:22.837+0000: 795177.795: [FinalReference, 838 refs, 0.0004348 secs]2019-02-01T01:23:22.838+0000: 795177.795: [PhantomReference, 0 refs, 0 refs, 0.0000114 secs]2019-02-01T01:23:22.838+0000: 795177.795: [JNI Weak Reference, 0.0000220 secs]
Desired survivor size 177733632 bytes, new threshold 1 (max 15)
[PSYoungGen: 1795352K->69279K(1701376K)] 4959136K->3305658K(5103616K), 0.0275828 secs] [Times: user=0.50 sys=0.00, real=0.03 secs] 
2019-02-01T01:23:22.841+0000: 795177.799: Total time for which application threads were stopped: 0.0376795 seconds, Stopping threads took: 0.0006025 seconds
2019-02-01T01:23:27.062+0000: 795182.020: Application time: 4.2208685 seconds
2019-02-01T01:23:27.071+0000: 795182.029: Total time for which application threads were stopped: 0.0089693 seconds, Stopping threads took: 0.0003019 seconds
2019-02-01T01:23:27.072+0000: 795182.029: Application time: 0.0007830 seconds
2019-02-01T01:23:27.081+0000: 795182.039: [GC (GCLocker Initiated GC) 2019-02-01T01:23:27.102+0000: 795182.060: [SoftReference, 0 refs, 0.0000594 secs]2019-02-01T01:23:27.102+0000: 795182.060: [WeakReference, 74 refs, 0.0000359 secs]2019-02-01T01:23:27.102+0000: 795182.060: [FinalReference, 912 refs, 0.0004968 secs]2019-02-01T01:23:27.103+0000: 795182.060: [PhantomReference, 0 refs, 0 refs, 0.0000225 secs]2019-02-01T01:23:27.103+0000: 795182.060: [JNI Weak Reference, 0.0000184 secs]
Desired survivor size 174587904 bytes, new threshold 1 (max 15)
[PSYoungGen: 1644191K->59123K(1748480K)] 4881208K->3299733K(5150720K), 0.0251126 secs] [Times: user=0.42 sys=0.02, real=0.03 secs] 
2019-02-01T01:23:27.106+0000: 795182.064: Total time for which application threads were stopped: 0.0345315 seconds, Stopping threads took: 0.0002456 seconds
2019-02-01T01:23:32.243+0000: 795187.201: Application time: 5.1367734 seconds
2019-02-01T01:23:32.251+0000: 795187.209: Total time for which application threads were stopped: 0.0083837 seconds, Stopping threads took: 0.0002778 seconds
2019-02-01T01:23:32.252+0000: 795187.210: Application time: 0.0007815 seconds
2019-02-01T01:23:32.259+0000: 795187.217: [GC (GCLocker Initiated GC) 2019-02-01T01:23:32.276+0000: 795187.233: [SoftReference, 0 refs, 0.0000641 secs]2019-02-01T01:23:32.276+0000: 795187.233: [WeakReference, 111 refs, 0.0000519 secs]2019-02-01T01:23:32.276+0000: 795187.233: [FinalReference, 807 refs, 0.0003923 secs]2019-02-01T01:23:32.276+0000: 795187.234: [PhantomReference, 0 refs, 0 refs, 0.0000098 secs]2019-02-01T01:23:32.276+0000: 795187.234: [JNI Weak Reference, 0.0000192 secs]
Desired survivor size 169869312 bytes, new threshold 1 (max 15)
[PSYoungGen: 1634035K->65951K(1736192K)] 4874686K->3309475K(5138432K), 0.0203307 secs] [Times: user=0.30 sys=0.00, real=0.02 secs] 
2019-02-01T01:23:32.279+0000: 795187.237: Total time for which application threads were stopped: 0.0272646 seconds, Stopping threads took: 0.0001525 seconds
2019-02-01T01:23:38.109+0000: 795193.067: Application time: 5.8293894 seconds
2019-02-01T01:23:38.116+0000: 795193.074: Total time for which application threads were stopped: 0.0075769 seconds, Stopping threads took: 0.0002770 seconds
2019-02-01T01:23:38.118+0000: 795193.076: Application time: 0.0013928 seconds
2019-02-01T01:23:38.125+0000: 795193.083: [GC (GCLocker Initiated GC) 2019-02-01T01:23:38.144+0000: 795193.102: [SoftReference, 0 refs, 0.0000600 secs]2019-02-01T01:23:38.144+0000: 795193.102: [WeakReference, 28 refs, 0.0000246 secs]2019-02-01T01:23:38.144+0000: 795193.102: [FinalReference, 948 refs, 0.0005245 secs]2019-02-01T01:23:38.145+0000: 795193.103: [PhantomReference, 0 refs, 0 refs, 0.0000134 secs]2019-02-01T01:23:38.145+0000: 795193.103: [JNI Weak Reference, 0.0000239 secs]
Desired survivor size 165675008 bytes, new threshold 1 (max 15)
[PSYoungGen: 1643935K->59041K(1743872K)] 4887658K->3305683K(5146112K), 0.0234486 secs] [Times: user=0.32 sys=0.00, real=0.03 secs] 
2019-02-01T01:23:38.149+0000: 795193.107: Total time for which application threads were stopped: 0.0311043 seconds, Stopping threads took: 0.0001776 seconds
2019-02-01T01:23:40.372+0000: 795195.329: Application time: 2.2228109 seconds
2019-02-01T01:23:40.381+0000: 795195.339: Total time for which application threads were stopped: 0.0097823 seconds, Stopping threads took: 0.0003327 seconds
2019-02-01T01:23:40.382+0000: 795195.339: Application time: 0.0001249 seconds
2019-02-01T01:23:40.391+0000: 795195.348: Total time for which application threads were stopped: 0.0090931 seconds, Stopping threads took: 0.0002243 seconds
2019-02-01T01:23:40.391+0000: 795195.349: Application time: 0.0001108 seconds
2019-02-01T01:23:40.398+0000: 795195.355: Total time for which application threads were stopped: 0.0067381 seconds, Stopping threads took: 0.0001225 seconds
2019-02-01T01:23:40.398+0000: 795195.356: Application time: 0.0007600 seconds
2019-02-01T01:23:40.405+0000: 795195.363: Total time for which application threads were stopped: 0.0070490 seconds, Stopping threads took: 0.0001853 seconds
2019-02-01T01:23:40.413+0000: 795195.370: Application time: 0.0071927 seconds
2019-02-01T01:23:40.421+0000: 795195.379: Total time for which application threads were stopped: 0.0082931 seconds, Stopping threads took: 0.0003427 seconds
2019-02-01T01:23:40.421+0000: 795195.379: Application time: 0.0001499 seconds
2019-02-01T01:23:40.428+0000: 795195.386: Total time for which application threads were stopped: 0.0068135 seconds, Stopping threads took: 0.0002177 seconds
2019-02-01T01:23:43.737+0000: 795198.694: Application time: 3.3088696 seconds
2019-02-01T01:23:43.748+0000: 795198.706: Total time for which application threads were stopped: 0.0112636 seconds, Stopping threads took: 0.0024565 seconds
2019-02-01T01:23:43.749+0000: 795198.707: Application time: 0.0010580 seconds
2019-02-01T01:23:43.758+0000: 795198.716: [GC (GCLocker Initiated GC) 2019-02-01T01:23:43.776+0000: 795198.734: [SoftReference, 0 refs, 0.0000636 secs]2019-02-01T01:23:43.777+0000: 795198.734: [WeakReference, 43 refs, 0.0000308 secs]2019-02-01T01:23:43.777+0000: 795198.734: [FinalReference, 949 refs, 0.0004540 secs]2019-02-01T01:23:43.777+0000: 795198.735: [PhantomReference, 0 refs, 1 refs, 0.0000103 secs]2019-02-01T01:23:43.777+0000: 795198.735: [JNI Weak Reference, 0.0000190 secs]
Desired survivor size 160432128 bytes, new threshold 1 (max 15)
[PSYoungGen: 1637025K->65126K(1742336K)] 4883697K->3314651K(5144576K), 0.0221926 secs] [Times: user=0.28 sys=0.00, real=0.02 secs] 
2019-02-01T01:23:43.781+0000: 795198.738: Total time for which application threads were stopped: 0.0316173 seconds, Stopping threads took: 0.0002709 seconds
2019-02-01T01:23:47.704+0000: 795202.662: Application time: 3.9230783 seconds
2019-02-01T01:23:47.711+0000: 795202.669: Total time for which application threads were stopped: 0.0070647 seconds, Stopping threads took: 0.0002355 seconds
2019-02-01T01:23:48.619+0000: 795203.577: Application time: 0.9087357 seconds
2019-02-01T01:23:48.629+0000: 795203.587: [GC (Allocation Failure) 2019-02-01T01:23:48.647+0000: 795203.605: [SoftReference, 0 refs, 0.0000675 secs]2019-02-01T01:23:48.647+0000: 795203.605: [WeakReference, 27 refs, 0.0000313 secs]2019-02-01T01:23:48.647+0000: 795203.605: [FinalReference, 846 refs, 0.0006159 secs]2019-02-01T01:23:48.648+0000: 795203.606: [PhantomReference, 0 refs, 0 refs, 0.0000193 secs]2019-02-01T01:23:48.648+0000: 795203.606: [JNI Weak Reference, 0.0000301 secs]
Desired survivor size 153616384 bytes, new threshold 1 (max 15)
[PSYoungGen: 1659494K->75768K(1751040K)] 4909151K->3329174K(5153280K), 0.0242053 secs] [Times: user=0.37 sys=0.01, real=0.02 secs] 
2019-02-01T01:23:48.653+0000: 795203.611: Total time for which application threads were stopped: 0.0337993 seconds, Stopping threads took: 0.0003140 seconds
2019-02-01T01:23:53.874+0000: 795208.832: Application time: 5.2210645 seconds
2019-02-01T01:23:53.883+0000: 795208.841: Total time for which application threads were stopped: 0.0089976 seconds, Stopping threads took: 0.0003892 seconds
2019-02-01T01:23:53.884+0000: 795208.842: Application time: 0.0006992 seconds
2019-02-01T01:23:53.894+0000: 795208.852: [GC (GCLocker Initiated GC) 2019-02-01T01:23:53.911+0000: 795208.869: [SoftReference, 0 refs, 0.0000792 secs]2019-02-01T01:23:53.911+0000: 795208.869: [WeakReference, 26 refs, 0.0000318 secs]2019-02-01T01:23:53.911+0000: 795208.869: [FinalReference, 904 refs, 0.0006727 secs]2019-02-01T01:23:53.912+0000: 795208.870: [PhantomReference, 0 refs, 0 refs, 0.0000196 secs]2019-02-01T01:23:53.912+0000: 795208.870: [JNI Weak Reference, 0.0000320 secs]
Desired survivor size 152043520 bytes, new threshold 1 (max 15)
[PSYoungGen: 1668275K->47776K(1760256K)] 4925002K->3307146K(5162496K), 0.0232787 secs] [Times: user=0.31 sys=0.00, real=0.02 secs] 
2019-02-01T01:23:53.917+0000: 795208.875: Total time for which application threads were stopped: 0.0331465 seconds, Stopping threads took: 0.0008251 seconds
2019-02-01T01:23:59.165+0000: 795214.123: Application time: 5.2479220 seconds
2019-02-01T01:23:59.174+0000: 795214.132: Total time for which application threads were stopped: 0.0089528 seconds, Stopping threads took: 0.0002378 seconds
2019-02-01T01:23:59.175+0000: 795214.133: Application time: 0.0010373 seconds
2019-02-01T01:23:59.185+0000: 795214.143: [GC (GCLocker Initiated GC) 2019-02-01T01:23:59.207+0000: 795214.165: [SoftReference, 0 refs, 0.0000722 secs]2019-02-01T01:23:59.207+0000: 795214.165: [WeakReference, 13 refs, 0.0000162 secs]2019-02-01T01:23:59.207+0000: 795214.165: [FinalReference, 908 refs, 0.0005292 secs]2019-02-01T01:23:59.208+0000: 795214.165: [PhantomReference, 0 refs, 0 refs, 0.0000123 secs]2019-02-01T01:23:59.208+0000: 795214.165: [JNI Weak Reference, 0.0000210 secs]
Desired survivor size 149946368 bytes, new threshold 1 (max 15)
[PSYoungGen: 1663136K->46441K(1763840K)] 4925830K->3312106K(5166080K), 0.0260919 secs] [Times: user=0.44 sys=0.02, real=0.03 secs] 
2019-02-01T01:23:59.211+0000: 795214.169: Total time for which application threads were stopped: 0.0358686 seconds, Stopping threads took: 0.0002661 seconds
2019-02-01T01:24:03.308+0000: 795218.266: Application time: 4.0973693 seconds
2019-02-01T01:24:03.320+0000: 795218.278: [GC (Allocation Failure) 2019-02-01T01:24:03.335+0000: 795218.293: [SoftReference, 0 refs, 0.0000808 secs]2019-02-01T01:24:03.335+0000: 795218.293: [WeakReference, 66 refs, 0.0000470 secs]2019-02-01T01:24:03.335+0000: 795218.293: [FinalReference, 777 refs, 0.0005917 secs]2019-02-01T01:24:03.335+0000: 795218.293: [PhantomReference, 0 refs, 0 refs, 0.0000193 secs]2019-02-01T01:24:03.335+0000: 795218.293: [JNI Weak Reference, 0.0000434 secs]
Desired survivor size 148373504 bytes, new threshold 1 (max 15)
[PSYoungGen: 1661801K->38786K(1768960K)] 4930789K->3310929K(5171200K), 0.0200127 secs] [Times: user=0.25 sys=0.00, real=0.02 secs] 
2019-02-01T01:24:03.341+0000: 795218.299: Total time for which application threads were stopped: 0.0322878 seconds, Stopping threads took: 0.0030648 seconds
2019-02-01T01:24:08.858+0000: 795223.816: Application time: 5.5175300 seconds
2019-02-01T01:24:08.865+0000: 795223.823: Total time for which application threads were stopped: 0.0071855 seconds, Stopping threads took: 0.0002356 seconds
2019-02-01T01:24:08.866+0000: 795223.824: Application time: 0.0008417 seconds
2019-02-01T01:24:08.874+0000: 795223.831: [GC (GCLocker Initiated GC) 2019-02-01T01:24:08.894+0000: 795223.852: [SoftReference, 0 refs, 0.0000619 secs]2019-02-01T01:24:08.894+0000: 795223.852: [WeakReference, 31 refs, 0.0000257 secs]2019-02-01T01:24:08.894+0000: 795223.852: [FinalReference, 941 refs, 0.0005031 secs]2019-02-01T01:24:08.894+0000: 795223.852: [PhantomReference, 0 refs, 0 refs, 0.0000136 secs]2019-02-01T01:24:08.894+0000: 795223.852: [JNI Weak Reference, 0.0000313 secs]
Desired survivor size 150470656 bytes, new threshold 1 (max 15)
[PSYoungGen: 1665922K->95344K(1692160K)] 4938114K->3371116K(5094400K), 0.0242132 secs] [Times: user=0.42 sys=0.00, real=0.02 secs] 
2019-02-01T01:24:08.898+0000: 795223.856: Total time for which application threads were stopped: 0.0317548 seconds, Stopping threads took: 0.0001939 seconds
2019-02-01T01:24:13.544+0000: 795228.502: Application time: 4.6462911 seconds
2019-02-01T01:24:13.554+0000: 795228.512: Total time for which application threads were stopped: 0.0093495 seconds, Stopping threads took: 0.0002959 seconds
2019-02-01T01:24:13.554+0000: 795228.512: Application time: 0.0006837 seconds
2019-02-01T01:24:13.564+0000: 795228.522: [GC (GCLocker Initiated GC) 2019-02-01T01:24:13.580+0000: 795228.537: [SoftReference, 0 refs, 0.0001376 secs]2019-02-01T01:24:13.580+0000: 795228.538: [WeakReference, 97 refs, 0.0000566 secs]2019-02-01T01:24:13.580+0000: 795228.538: [FinalReference, 804 refs, 0.0008014 secs]2019-02-01T01:24:13.581+0000: 795228.539: [PhantomReference, 0 refs, 0 refs, 0.0000236 secs]2019-02-01T01:24:13.581+0000: 795228.539: [JNI Weak Reference, 0.0000326 secs]
Desired survivor size 147324928 bytes, new threshold 1 (max 15)
[PSYoungGen: 1691760K->47405K(1677824K)] 4967547K->3326268K(5080064K), 0.0246607 secs] [Times: user=0.29 sys=0.01, real=0.02 secs] 
2019-02-01T01:24:13.589+0000: 795228.547: Total time for which application threads were stopped: 0.0346379 seconds, Stopping threads took: 0.0003298 seconds
2019-02-01T01:24:18.667+0000: 795233.625: Application time: 5.0780005 seconds
2019-02-01T01:24:18.677+0000: 795233.635: Total time for which application threads were stopped: 0.0098849 seconds, Stopping threads took: 0.0003515 seconds
2019-02-01T01:24:18.679+0000: 795233.637: Application time: 0.0022936 seconds
2019-02-01T01:24:19.180+0000: 795234.137: [GC (GCLocker Initiated GC) 2019-02-01T01:24:19.606+0000: 795234.563: [SoftReference, 0 refs, 0.0000668 secs]2019-02-01T01:24:19.606+0000: 795234.563: [WeakReference, 44 refs, 0.0000284 secs]2019-02-01T01:24:19.606+0000: 795234.563: [FinalReference, 841 refs, 0.0004056 secs]2019-02-01T01:24:19.606+0000: 795234.564: [PhantomReference, 0 refs, 1 refs, 0.0000114 secs]2019-02-01T01:24:19.606+0000: 795234.564: [JNI Weak Reference, 0.0000208 secs]
Desired survivor size 150470656 bytes, new threshold 1 (max 15)
[PSYoungGen: 1614125K->97911K(1710592K)] 4901178K->3389231K(5112832K), 0.4298495 secs] [Times: user=8.71 sys=0.49, real=0.43 secs] 
2019-02-01T01:24:19.610+0000: 795234.568: Total time for which application threads were stopped: 0.9305232 seconds, Stopping threads took: 0.4914150 seconds
2019-02-01T01:24:23.416+0000: 795238.374: Application time: 3.8061156 seconds
2019-02-01T01:24:23.423+0000: 795238.381: Total time for which application threads were stopped: 0.0075706 seconds, Stopping threads took: 0.0006700 seconds
2019-02-01T01:24:23.424+0000: 795238.382: Application time: 0.0006556 seconds
2019-02-01T01:24:23.431+0000: 795238.389: [GC (GCLocker Initiated GC) 2019-02-01T01:24:25.443+0000: 795240.401: [SoftReference, 0 refs, 0.0000455 secs]2019-02-01T01:24:25.443+0000: 795240.401: [WeakReference, 28 refs, 0.0000227 secs]2019-02-01T01:24:25.443+0000: 795240.401: [FinalReference, 744 refs, 0.0003996 secs]2019-02-01T01:24:25.443+0000: 795240.401: [PhantomReference, 0 refs, 1 refs, 0.0000117 secs]2019-02-01T01:24:25.443+0000: 795240.401: [JNI Weak Reference, 0.0000201 secs]
Desired survivor size 149422080 bytes, new threshold 1 (max 15)
[PSYoungGen: 1664631K->89956K(1776128K)] 4955977K->3388576K(5178368K), 2.0154523 secs] [Times: user=32.98 sys=11.36, real=2.02 secs] 
2019-02-01T01:24:25.447+0000: 795240.405: Total time for which application threads were stopped: 2.0228180 seconds, Stopping threads took: 0.0001545 seconds
2019-02-01T01:24:30.091+0000: 795245.049: Application time: 4.6441209 seconds
2019-02-01T01:24:31.853+0000: 795246.810: Total time for which application threads were stopped: 1.7615085 seconds, Stopping threads took: 1.7518296 seconds
2019-02-01T01:24:31.861+0000: 795246.819: Application time: 0.0085433 seconds
2019-02-01T01:24:32.969+0000: 795247.927: [GC (GCLocker Initiated GC) 2019-02-01T01:24:33.001+0000: 795247.959: [SoftReference, 0 refs, 0.0000545 secs]2019-02-01T01:24:33.001+0000: 795247.959: [WeakReference, 52 refs, 0.0000281 secs]2019-02-01T01:24:33.001+0000: 795247.959: [FinalReference, 993 refs, 0.0004428 secs]2019-02-01T01:24:33.002+0000: 795247.959: [PhantomReference, 0 refs, 1 refs, 0.0000115 secs]2019-02-01T01:24:33.002+0000: 795247.959: [JNI Weak Reference, 0.0000189 secs]
Desired survivor size 144179200 bytes, new threshold 1 (max 15)
[PSYoungGen: 1719140K->60404K(1689600K)] 5037321K->3387432K(5091840K), 0.0357975 secs] [Times: user=0.58 sys=0.04, real=0.03 secs] 
2019-02-01T01:24:33.005+0000: 795247.963: Total time for which application threads were stopped: 1.1439078 seconds, Stopping threads took: 1.0988280 seconds
2019-02-01T01:24:37.211+0000: 795252.169: Application time: 4.2060545 seconds
2019-02-01T01:24:37.221+0000: 795252.179: Total time for which application threads were stopped: 0.0102560 seconds, Stopping threads took: 0.0012406 seconds
2019-02-01T01:24:37.223+0000: 795252.181: Application time: 0.0015433 seconds
2019-02-01T01:24:37.232+0000: 795252.190: [GC (GCLocker Initiated GC) 2019-02-01T01:24:37.256+0000: 795252.213: [SoftReference, 0 refs, 0.0000585 secs]2019-02-01T01:24:37.256+0000: 795252.214: [WeakReference, 43 refs, 0.0000289 secs]2019-02-01T01:24:37.256+0000: 795252.214: [FinalReference, 865 refs, 0.0004969 secs]2019-02-01T01:24:37.256+0000: 795252.214: [PhantomReference, 0 refs, 1 refs, 0.0000109 secs]2019-02-01T01:24:37.256+0000: 795252.214: [JNI Weak Reference, 0.0000275 secs]
Desired survivor size 138412032 bytes, new threshold 1 (max 15)
[PSYoungGen: 1689588K->68804K(1775616K)] 5026650K->3416430K(5177856K), 0.0271859 secs] [Times: user=0.38 sys=0.02, real=0.03 secs] 
2019-02-01T01:24:37.260+0000: 795252.218: Total time for which application threads were stopped: 0.0370432 seconds, Stopping threads took: 0.0001726 seconds
2019-02-01T01:24:40.373+0000: 795255.331: Application time: 3.1132857 seconds
2019-02-01T01:24:40.384+0000: 795255.342: Total time for which application threads were stopped: 0.0110833 seconds, Stopping threads took: 0.0016632 seconds
2019-02-01T01:24:42.560+0000: 795257.518: Application time: 2.1759736 seconds
2019-02-01T01:24:42.569+0000: 795257.527: Total time for which application threads were stopped: 0.0083880 seconds, Stopping threads took: 0.0003673 seconds
2019-02-01T01:24:42.570+0000: 795257.528: Application time: 0.0011897 seconds
2019-02-01T01:24:42.579+0000: 795257.537: [GC (GCLocker Initiated GC) 2019-02-01T01:24:42.594+0000: 795257.551: [SoftReference, 0 refs, 0.0000766 secs]2019-02-01T01:24:42.594+0000: 795257.552: [WeakReference, 37 refs, 0.0000371 secs]2019-02-01T01:24:42.594+0000: 795257.552: [FinalReference, 916 refs, 0.0006492 secs]2019-02-01T01:24:42.594+0000: 795257.552: [PhantomReference, 0 refs, 0 refs, 0.0000196 secs]2019-02-01T01:24:42.594+0000: 795257.552: [JNI Weak Reference, 0.0000408 secs]
Desired survivor size 134217728 bytes, new threshold 1 (max 15)
[PSYoungGen: 1703620K->57995K(1769984K)] 5059518K->3419404K(5172224K), 0.0202331 secs] [Times: user=0.27 sys=0.02, real=0.02 secs] 
2019-02-01T01:24:42.600+0000: 795257.558: Total time for which application threads were stopped: 0.0298599 seconds, Stopping threads took: 0.0002991 seconds
2019-02-01T01:24:47.387+0000: 795262.345: Application time: 4.7870699 seconds
2019-02-01T01:24:47.396+0000: 795262.354: Total time for which application threads were stopped: 0.0092151 seconds, Stopping threads took: 0.0002721 seconds
2019-02-01T01:24:47.397+0000: 795262.355: Application time: 0.0010440 seconds
2019-02-01T01:24:47.406+0000: 795262.364: [GC (GCLocker Initiated GC) 2019-02-01T01:24:47.424+0000: 795262.382: [SoftReference, 0 refs, 0.0000564 secs]2019-02-01T01:24:47.424+0000: 795262.382: [WeakReference, 19 refs, 0.0000165 secs]2019-02-01T01:24:47.424+0000: 795262.382: [FinalReference, 755 refs, 0.0004273 secs]2019-02-01T01:24:47.424+0000: 795262.382: [PhantomReference, 0 refs, 0 refs, 0.0000120 secs]2019-02-01T01:24:47.424+0000: 795262.382: [JNI Weak Reference, 0.0000192 secs]
Desired survivor size 131072000 bytes, new threshold 1 (max 15)
[PSYoungGen: 1692811K->55607K(1780224K)] 5057709K->3424911K(5182464K), 0.0212579 secs] [Times: user=0.30 sys=0.01, real=0.03 secs] 
2019-02-01T01:24:47.428+0000: 795262.386: Total time for which application threads were stopped: 0.0307490 seconds, Stopping threads took: 0.0002737 seconds
2019-02-01T01:24:52.524+0000: 795267.482: Application time: 5.0962148 seconds
2019-02-01T01:24:52.532+0000: 795267.490: Total time for which application threads were stopped: 0.0083359 seconds, Stopping threads took: 0.0014641 seconds
2019-02-01T01:24:52.533+0000: 795267.491: Application time: 0.0009081 seconds
2019-02-01T01:24:52.546+0000: 795267.504: [Full GC (Ergonomics) 2019-02-01T01:24:52.925+0000: 795267.883: [SoftReference, 142 refs, 0.0001627 secs]2019-02-01T01:24:52.926+0000: 795267.883: [WeakReference, 11292 refs, 0.0015928 secs]2019-02-01T01:24:52.927+0000: 795267.885: [FinalReference, 10651 refs, 0.0150363 secs]2019-02-01T01:24:52.942+0000: 795267.900: [PhantomReference, 0 refs, 1038 refs, 0.0001554 secs]2019-02-01T01:24:52.942+0000: 795267.900: [JNI Weak Reference, 0.0000289 secs][PSYoungGen: 1704759K->0K(1780224K)] [ParOldGen: 3373190K->692193K(3400192K)] 5077949K->692193K(5180416K), [Metaspace: 75251K->75225K(1118208K)], 0.6349264 secs] [Times: user=10.39 sys=0.00, real=0.64 secs] 
2019-02-01T01:24:53.181+0000: 795268.139: Total time for which application threads were stopped: 0.6478928 seconds, Stopping threads took: 0.0045012 seconds
2019-02-01T01:24:54.181+0000: 795269.139: Application time: 1.0002177 seconds
2019-02-01T01:24:54.196+0000: 795269.154: Total time for which application threads were stopped: 0.0148476 seconds, Stopping threads took: 0.0003535 seconds
2019-02-01T01:24:55.196+0000: 795270.154: Application time: 1.0001836 seconds
2019-02-01T01:24:55.206+0000: 795270.164: Total time for which application threads were stopped: 0.0093759 seconds, Stopping threads took: 0.0003265 seconds
2019-02-01T01:24:57.188+0000: 795272.146: Application time: 1.9818822 seconds
2019-02-01T01:24:57.197+0000: 795272.155: Total time for which application threads were stopped: 0.0093084 seconds, Stopping threads took: 0.0003465 seconds
2019-02-01T01:24:57.198+0000: 795272.156: Application time: 0.0011027 seconds
2019-02-01T01:24:57.212+0000: 795272.170: [GC (GCLocker Initiated GC) 2019-02-01T01:24:57.233+0000: 795272.191: [SoftReference, 0 refs, 0.0000540 secs]2019-02-01T01:24:57.233+0000: 795272.191: [WeakReference, 183 refs, 0.0000719 secs]2019-02-01T01:24:57.233+0000: 795272.191: [FinalReference, 858 refs, 0.0004406 secs]2019-02-01T01:24:57.233+0000: 795272.191: [PhantomReference, 0 refs, 0 refs, 0.0000103 secs]2019-02-01T01:24:57.233+0000: 795272.191: [JNI Weak Reference, 0.0000198 secs]
Desired survivor size 135790592 bytes, new threshold 1 (max 15)
[PSYoungGen: 1649152K->97875K(1777152K)] 2344751K->793474K(5177344K), 0.0250372 secs] [Times: user=0.42 sys=0.01, real=0.02 secs] 
2019-02-01T01:24:57.237+0000: 795272.195: Total time for which application threads were stopped: 0.0388437 seconds, Stopping threads took: 0.0050091 seconds
2019-02-01T01:24:59.237+0000: 795274.195: Application time: 2.0001956 seconds
2019-02-01T01:24:59.247+0000: 795274.204: Total time for which application threads were stopped: 0.0093728 seconds, Stopping threads took: 0.0004521 seconds
2019-02-01T01:25:01.247+0000: 795276.205: Application time: 2.0003636 seconds
2019-02-01T01:25:01.256+0000: 795276.214: Total time for which application threads were stopped: 0.0092584 seconds, Stopping threads took: 0.0002818 seconds
2019-02-01T01:25:02.257+0000: 795277.214: Application time: 1.0003116 seconds
2019-02-01T01:25:02.266+0000: 795277.224: Total time for which application threads were stopped: 0.0095314 seconds, Stopping threads took: 0.0004204 seconds
2019-02-01T01:25:02.647+0000: 795277.605: Application time: 0.3809314 seconds
2019-02-01T01:25:02.657+0000: 795277.615: Total time for which application threads were stopped: 0.0096844 seconds, Stopping threads took: 0.0003565 seconds
2019-02-01T01:25:02.658+0000: 795277.616: Application time: 0.0009758 seconds
2019-02-01T01:25:02.667+0000: 795277.625: [GC (GCLocker Initiated GC) 2019-02-01T01:25:02.683+0000: 795277.641: [SoftReference, 0 refs, 0.0000603 secs]2019-02-01T01:25:02.683+0000: 795277.641: [WeakReference, 47 refs, 0.0000268 secs]2019-02-01T01:25:02.683+0000: 795277.641: [FinalReference, 892 refs, 0.0005149 secs]2019-02-01T01:25:02.684+0000: 795277.642: [PhantomReference, 0 refs, 2 refs, 0.0000113 secs]2019-02-01T01:25:02.684+0000: 795277.642: [JNI Weak Reference, 0.0000224 secs]
Desired survivor size 135266304 bytes, new threshold 1 (max 15)
[PSYoungGen: 1747027K->39813K(1789952K)] 2456039K->766622K(5190144K), 0.0197930 secs] [Times: user=0.31 sys=0.00, real=0.02 secs] 
2019-02-01T01:25:02.687+0000: 795277.645: Total time for which application threads were stopped: 0.0297214 seconds, Stopping threads took: 0.0006471 seconds
2019-02-01T01:25:05.688+0000: 795280.646: Application time: 3.0007401 seconds
2019-02-01T01:25:05.697+0000: 795280.655: Total time for which application threads were stopped: 0.0087532 seconds, Stopping threads took: 0.0002762 seconds
2019-02-01T01:25:07.697+0000: 795282.655: Application time: 2.0002287 seconds
2019-02-01T01:25:07.706+0000: 795282.664: Total time for which application threads were stopped: 0.0090480 seconds, Stopping threads took: 0.0004956 seconds
2019-02-01T01:25:07.837+0000: 795282.794: Application time: 0.1304491 seconds
2019-02-01T01:25:07.846+0000: 795282.804: Total time for which application threads were stopped: 0.0092289 seconds, Stopping threads took: 0.0002699 seconds
2019-02-01T01:25:07.846+0000: 795282.804: Application time: 0.0004924 seconds
2019-02-01T01:25:07.855+0000: 795282.813: [GC (GCLocker Initiated GC) 2019-02-01T01:25:07.871+0000: 795282.829: [SoftReference, 0 refs, 0.0000480 secs]2019-02-01T01:25:07.871+0000: 795282.829: [WeakReference, 59 refs, 0.0000327 secs]2019-02-01T01:25:07.871+0000: 795282.829: [FinalReference, 880 refs, 0.0004872 secs]2019-02-01T01:25:07.872+0000: 795282.829: [PhantomReference, 0 refs, 0 refs, 0.0000120 secs]2019-02-01T01:25:07.872+0000: 795282.829: [JNI Weak Reference, 0.0000194 secs]
Desired survivor size 134217728 bytes, new threshold 1 (max 15)
[PSYoungGen: 1697157K->40068K(1697792K)] 2423976K->772906K(5097984K), 0.0196414 secs] [Times: user=0.30 sys=0.00, real=0.02 secs] 
2019-02-01T01:25:07.875+0000: 795282.833: Total time for which application threads were stopped: 0.0288358 seconds, Stopping threads took: 0.0002633 seconds
2019-02-01T01:25:11.876+0000: 795286.833: Application time: 4.0003709 seconds
2019-02-01T01:25:11.882+0000: 795286.840: Total time for which application threads were stopped: 0.0068688 seconds, Stopping threads took: 0.0003459 seconds
2019-02-01T01:25:13.315+0000: 795288.273: Application time: 1.4327950 seconds
2019-02-01T01:25:13.324+0000: 795288.282: Total time for which application threads were stopped: 0.0090887 seconds, Stopping threads took: 0.0003531 seconds
2019-02-01T01:25:13.326+0000: 795288.283: Application time: 0.0012656 seconds
2019-02-01T01:25:13.335+0000: 795288.293: [GC (GCLocker Initiated GC) 2019-02-01T01:25:13.348+0000: 795288.306: [SoftReference, 0 refs, 0.0000757 secs]2019-02-01T01:25:13.348+0000: 795288.306: [WeakReference, 12 refs, 0.0000246 secs]2019-02-01T01:25:13.348+0000: 795288.306: [FinalReference, 958 refs, 0.0006995 secs]2019-02-01T01:25:13.349+0000: 795288.307: [PhantomReference, 0 refs, 0 refs, 0.0000199 secs]2019-02-01T01:25:13.349+0000: 795288.307: [JNI Weak Reference, 0.0000317 secs]
Desired survivor size 128450560 bytes, new threshold 1 (max 15)
[PSYoungGen: 1697412K->59998K(1794048K)] 2433851K->802495K(5194240K), 0.0187926 secs] [Times: user=0.25 sys=0.00, real=0.02 secs] 
2019-02-01T01:25:13.354+0000: 795288.312: Total time for which application threads were stopped: 0.0282886 seconds, Stopping threads took: 0.0002934 seconds
2019-02-01T01:25:15.354+0000: 795290.312: Application time: 2.0005451 seconds
2019-02-01T01:25:15.363+0000: 795290.321: Total time for which application threads were stopped: 0.0090192 seconds, Stopping threads took: 0.0002572 seconds
2019-02-01T01:25:18.669+0000: 795293.627: Application time: 3.3058317 seconds
2019-02-01T01:25:18.675+0000: 795293.633: Total time for which application threads were stopped: 0.0060628 seconds, Stopping threads took: 0.0004668 seconds
2019-02-01T01:25:18.677+0000: 795293.635: Application time: 0.0012820 seconds
2019-02-01T01:25:18.683+0000: 795293.641: [GC (GCLocker Initiated GC) 2019-02-01T01:25:18.702+0000: 795293.660: [SoftReference, 0 refs, 0.0000509 secs]2019-02-01T01:25:18.703+0000: 795293.660: [WeakReference, 27 refs, 0.0000204 secs]2019-02-01T01:25:18.703+0000: 795293.660: [FinalReference, 970 refs, 0.0004816 secs]2019-02-01T01:25:18.703+0000: 795293.661: [PhantomReference, 0 refs, 3 refs, 0.0000123 secs]2019-02-01T01:25:18.703+0000: 795293.661: [JNI Weak Reference, 0.0000183 secs]
Desired survivor size 125829120 bytes, new threshold 1 (max 15)
[PSYoungGen: 1722974K->74502K(1788416K)] 2472180K->828124K(5188608K), 0.0237016 secs] [Times: user=0.39 sys=0.00, real=0.02 secs] 
2019-02-01T01:25:18.707+0000: 795293.665: Total time for which application threads were stopped: 0.0300589 seconds, Stopping threads took: 0.0005887 seconds
2019-02-01T01:25:22.635+0000: 795297.593: Application time: 3.9286846 seconds
2019-02-01T01:25:22.641+0000: 795297.599: Total time for which application threads were stopped: 0.0058123 seconds, Stopping threads took: 0.0001596 seconds
2019-02-01T01:25:22.642+0000: 795297.600: Application time: 0.0010419 seconds
2019-02-01T01:25:22.648+0000: 795297.606: [GC (GCLocker Initiated GC) 2019-02-01T01:25:22.661+0000: 795297.619: [SoftReference, 0 refs, 0.0000538 secs]2019-02-01T01:25:22.661+0000: 795297.619: [WeakReference, 10 refs, 0.0000155 secs]2019-02-01T01:25:22.661+0000: 795297.619: [FinalReference, 1070 refs, 0.0006347 secs]2019-02-01T01:25:22.662+0000: 795297.619: [PhantomReference, 0 refs, 0 refs, 0.0000104 secs]2019-02-01T01:25:22.662+0000: 795297.619: [JNI Weak Reference, 0.0000193 secs]
Desired survivor size 123207680 bytes, new threshold 1 (max 15)
[PSYoungGen: 1737478K->49586K(1790976K)] 2491253K->807905K(5191168K), 0.0167110 secs] [Times: user=0.22 sys=0.00, real=0.02 secs] 
2019-02-01T01:25:22.665+0000: 795297.623: Total time for which application threads were stopped: 0.0228809 seconds, Stopping threads took: 0.0002719 seconds
2019-02-01T01:25:25.666+0000: 795300.623: Application time: 3.0003628 seconds
2019-02-01T01:25:25.674+0000: 795300.632: Total time for which application threads were stopped: 0.0081374 seconds, Stopping threads took: 0.0002855 seconds
2019-02-01T01:25:26.311+0000: 795301.268: Application time: 0.6369127 seconds
2019-02-01T01:25:26.320+0000: 795301.278: Total time for which application threads were stopped: 0.0095315 seconds, Stopping threads took: 0.0039853 seconds
2019-02-01T01:25:26.321+0000: 795301.279: Application time: 0.0011460 seconds
2019-02-01T01:25:26.332+0000: 795301.290: [GC (GCLocker Initiated GC) 2019-02-01T01:25:26.351+0000: 795301.309: [SoftReference, 0 refs, 0.0000521 secs]2019-02-01T01:25:26.351+0000: 795301.309: [WeakReference, 69 refs, 0.0000388 secs]2019-02-01T01:25:26.351+0000: 795301.309: [FinalReference, 1028 refs, 0.0017471 secs]2019-02-01T01:25:26.353+0000: 795301.311: [PhantomReference, 0 refs, 1 refs, 0.0000174 secs]2019-02-01T01:25:26.353+0000: 795301.311: [JNI Weak Reference, 0.0000181 secs]
Desired survivor size 124780544 bytes, new threshold 1 (max 15)
[PSYoungGen: 1717682K->84295K(1788416K)] 2482699K->853614K(5188608K), 0.0249289 secs] [Times: user=0.39 sys=0.01, real=0.03 secs] 
2019-02-01T01:25:26.357+0000: 795301.315: Total time for which application threads were stopped: 0.0355587 seconds, Stopping threads took: 0.0046707 seconds
2019-02-01T01:25:30.357+0000: 795305.315: Application time: 4.0003781 seconds
2019-02-01T01:25:30.363+0000: 795305.321: Total time for which application threads were stopped: 0.0058255 seconds, Stopping threads took: 0.0002951 seconds
2019-02-01T01:25:31.363+0000: 795306.321: Application time: 1.0001350 seconds
2019-02-01T01:25:31.369+0000: 795306.327: Total time for which application threads were stopped: 0.0056700 seconds, Stopping threads took: 0.0002251 seconds
2019-02-01T01:25:32.670+0000: 795307.628: Application time: 1.3012400 seconds
2019-02-01T01:25:32.678+0000: 795307.636: Total time for which application threads were stopped: 0.0081475 seconds, Stopping threads took: 0.0003061 seconds
2019-02-01T01:25:32.679+0000: 795307.637: Application time: 0.0005139 seconds
2019-02-01T01:25:32.685+0000: 795307.643: [GC (GCLocker Initiated GC) 2019-02-01T01:25:32.697+0000: 795307.655: [SoftReference, 0 refs, 0.0000564 secs]2019-02-01T01:25:32.697+0000: 795307.655: [WeakReference, 105 refs, 0.0000495 secs]2019-02-01T01:25:32.697+0000: 795307.655: [FinalReference, 951 refs, 0.0020673 secs]2019-02-01T01:25:32.700+0000: 795307.657: [PhantomReference, 0 refs, 0 refs, 0.0000138 secs]2019-02-01T01:25:32.700+0000: 795307.657: [JNI Weak Reference, 0.0000184 secs]
Desired survivor size 121634816 bytes, new threshold 1 (max 15)
[PSYoungGen: 1752391K->51803K(1710080K)] 2528366K->833759K(5110272K), 0.0181538 secs] [Times: user=0.22 sys=0.01, real=0.01 secs] 
2019-02-01T01:25:32.703+0000: 795307.661: Total time for which application threads were stopped: 0.0244131 seconds, Stopping threads took: 0.0002182 seconds
2019-02-01T01:25:37.733+0000: 795312.691: Application time: 5.0300729 seconds
2019-02-01T01:25:37.742+0000: 795312.700: Total time for which application threads were stopped: 0.0087475 seconds, Stopping threads took: 0.0007040 seconds
2019-02-01T01:25:37.742+0000: 795312.700: Application time: 0.0004844 seconds
2019-02-01T01:25:37.751+0000: 795312.709: [GC (GCLocker Initiated GC) 2019-02-01T01:25:37.769+0000: 795312.727: [SoftReference, 0 refs, 0.0000692 secs]2019-02-01T01:25:37.769+0000: 795312.727: [WeakReference, 207 refs, 0.0001116 secs]2019-02-01T01:25:37.769+0000: 795312.727: [FinalReference, 796 refs, 0.0005757 secs]2019-02-01T01:25:37.770+0000: 795312.728: [PhantomReference, 0 refs, 1 refs, 0.0000207 secs]2019-02-01T01:25:37.770+0000: 795312.728: [JNI Weak Reference, 0.0000317 secs]
Desired survivor size 120061952 bytes, new threshold 1 (max 15)
[PSYoungGen: 1688155K->75109K(1680896K)] 2470119K->868957K(5081088K), 0.0306214 secs] [Times: user=0.35 sys=0.02, real=0.03 secs] 
2019-02-01T01:25:37.782+0000: 795312.740: Total time for which application threads were stopped: 0.0391213 seconds, Stopping threads took: 0.0003087 seconds
2019-02-01T01:25:40.370+0000: 795315.328: Application time: 2.5886423 seconds
2019-02-01T01:25:40.376+0000: 795315.334: Total time for which application threads were stopped: 0.0059861 seconds, Stopping threads took: 0.0002717 seconds
2019-02-01T01:25:41.376+0000: 795316.334: Application time: 1.0001242 seconds
2019-02-01T01:25:41.382+0000: 795316.340: Total time for which application threads were stopped: 0.0058355 seconds, Stopping threads took: 0.0004397 seconds
2019-02-01T01:25:43.789+0000: 795318.747: Application time: 2.4066338 seconds
2019-02-01T01:25:43.796+0000: 795318.754: Total time for which application threads were stopped: 0.0069117 seconds, Stopping threads took: 0.0002652 seconds
2019-02-01T01:25:43.797+0000: 795318.754: Application time: 0.0006838 seconds
2019-02-01T01:25:43.804+0000: 795318.762: [GC (GCLocker Initiated GC) 2019-02-01T01:25:43.820+0000: 795318.778: [SoftReference, 0 refs, 0.0000731 secs]2019-02-01T01:25:43.820+0000: 795318.778: [WeakReference, 78 refs, 0.0000602 secs]2019-02-01T01:25:43.820+0000: 795318.778: [FinalReference, 877 refs, 0.0006566 secs]2019-02-01T01:25:43.821+0000: 795318.779: [PhantomReference, 0 refs, 0 refs, 0.0000197 secs]2019-02-01T01:25:43.821+0000: 795318.779: [JNI Weak Reference, 0.0000318 secs]
Desired survivor size 117440512 bytes, new threshold 1 (max 15)
[PSYoungGen: 1680741K->49981K(1658368K)] 2474617K->852125K(5058560K), 0.0301444 secs] [Times: user=0.27 sys=0.01, real=0.03 secs] 
2019-02-01T01:25:43.835+0000: 795318.793: Total time for which application threads were stopped: 0.0383367 seconds, Stopping threads took: 0.0003330 seconds
2019-02-01T01:25:46.835+0000: 795321.793: Application time: 3.0004082 seconds
2019-02-01T01:25:46.843+0000: 795321.801: Total time for which application threads were stopped: 0.0079491 seconds, Stopping threads took: 0.0003044 seconds
2019-02-01T01:25:48.618+0000: 795323.576: Application time: 1.7748860 seconds
2019-02-01T01:25:48.627+0000: 795323.585: Total time for which application threads were stopped: 0.0094072 seconds, Stopping threads took: 0.0004123 seconds
2019-02-01T01:25:48.629+0000: 795323.586: Application time: 0.0011083 seconds
2019-02-01T01:25:48.637+0000: 795323.595: [GC (GCLocker Initiated GC) 2019-02-01T01:25:48.656+0000: 795323.614: [SoftReference, 0 refs, 0.0000765 secs]2019-02-01T01:25:48.656+0000: 795323.614: [WeakReference, 9 refs, 0.0000236 secs]2019-02-01T01:25:48.656+0000: 795323.614: [FinalReference, 720 refs, 0.0005445 secs]2019-02-01T01:25:48.656+0000: 795323.614: [PhantomReference, 0 refs, 0 refs, 0.0000189 secs]2019-02-01T01:25:48.656+0000: 795323.614: [JNI Weak Reference, 0.0000323 secs]
Desired survivor size 126353408 bytes, new threshold 1 (max 15)
[PSYoungGen: 1625917K->100922K(1648128K)] 2431418K->917591K(5048320K), 0.0274346 secs] [Times: user=0.34 sys=0.00, real=0.02 secs] 
2019-02-01T01:25:48.665+0000: 795323.623: Total time for which application threads were stopped: 0.0363835 seconds, Stopping threads took: 0.0002233 seconds
2019-02-01T01:25:54.179+0000: 795329.137: Application time: 5.5137279 seconds
2019-02-01T01:25:54.188+0000: 795329.145: Total time for which application threads were stopped: 0.0087929 seconds, Stopping threads took: 0.0001921 seconds
2019-02-01T01:25:54.189+0000: 795329.146: Application time: 0.0010476 seconds
2019-02-01T01:25:54.198+0000: 795329.155: [GC (GCLocker Initiated GC) 2019-02-01T01:25:54.225+0000: 795329.182: [SoftReference, 0 refs, 0.0000793 secs]2019-02-01T01:25:54.225+0000: 795329.182: [WeakReference, 134 refs, 0.0000796 secs]2019-02-01T01:25:54.225+0000: 795329.183: [FinalReference, 872 refs, 0.0006436 secs]2019-02-01T01:25:54.225+0000: 795329.183: [PhantomReference, 0 refs, 0 refs, 0.0000190 secs]2019-02-01T01:25:54.225+0000: 795329.183: [JNI Weak Reference, 0.0000326 secs]
Desired survivor size 157286400 bytes, new threshold 1 (max 15)
[PSYoungGen: 1647674K->116212K(1634816K)] 2467665K->985520K(5035008K), 0.0326921 secs] [Times: user=0.55 sys=0.01, real=0.03 secs] 
2019-02-01T01:25:54.231+0000: 795329.188: Total time for which application threads were stopped: 0.0420123 seconds, Stopping threads took: 0.0003153 seconds
2019-02-01T01:25:59.111+0000: 795334.069: Application time: 4.8803370 seconds
2019-02-01T01:25:59.121+0000: 795334.079: Total time for which application threads were stopped: 0.0104058 seconds, Stopping threads took: 0.0014454 seconds
2019-02-01T01:25:59.122+0000: 795334.080: Application time: 0.0010236 seconds
2019-02-01T01:25:59.132+0000: 795334.090: [GC (GCLocker Initiated GC) 2019-02-01T01:25:59.165+0000: 795334.123: [SoftReference, 0 refs, 0.0000625 secs]2019-02-01T01:25:59.165+0000: 795334.123: [WeakReference, 12 refs, 0.0000186 secs]2019-02-01T01:25:59.165+0000: 795334.123: [FinalReference, 778 refs, 0.0003622 secs]2019-02-01T01:25:59.165+0000: 795334.123: [PhantomReference, 0 refs, 1 refs, 0.0000103 secs]2019-02-01T01:25:59.165+0000: 795334.123: [JNI Weak Reference, 0.0000192 secs]
Desired survivor size 177733632 bytes, new threshold 1 (max 15)
[PSYoungGen: 1634804K->151606K(1643520K)] 2507468K->1090410K(5043712K), 0.0363445 secs] [Times: user=0.64 sys=0.01, real=0.04 secs] 
2019-02-01T01:25:59.169+0000: 795334.127: Total time for which application threads were stopped: 0.0463411 seconds, Stopping threads took: 0.0003001 seconds
2019-02-01T01:26:01.743+0000: 795336.700: Application time: 2.5738488 seconds
2019-02-01T01:26:01.751+0000: 795336.709: Total time for which application threads were stopped: 0.0081022 seconds, Stopping threads took: 0.0003849 seconds
2019-02-01T01:26:01.752+0000: 795336.710: Application time: 0.0015349 seconds
2019-02-01T01:26:01.761+0000: 795336.719: [GC (GCLocker Initiated GC) 2019-02-01T01:26:01.780+0000: 795336.738: [SoftReference, 0 refs, 0.0000560 secs]2019-02-01T01:26:01.780+0000: 795336.738: [WeakReference, 42 refs, 0.0000265 secs]2019-02-01T01:26:01.780+0000: 795336.738: [FinalReference, 781 refs, 0.0004070 secs]2019-02-01T01:26:01.780+0000: 795336.738: [PhantomReference, 0 refs, 2 refs, 0.0000134 secs]2019-02-01T01:26:01.780+0000: 795336.738: [JNI Weak Reference, 0.0000227 secs]
Desired survivor size 169345024 bytes, new threshold 1 (max 15)
[PSYoungGen: 1643062K->87568K(1589760K)] 2591880K->1047787K(4989952K), 0.0232054 secs] [Times: user=0.35 sys=0.00, real=0.02 secs] 
2019-02-01T01:26:01.784+0000: 795336.742: Total time for which application threads were stopped: 0.0318537 seconds, Stopping threads took: 0.0008633 seconds
2019-02-01T01:26:04.361+0000: 795339.319: Application time: 2.5769913 seconds
2019-02-01T01:26:04.369+0000: 795339.327: Total time for which application threads were stopped: 0.0081965 seconds, Stopping threads took: 0.0006908 seconds
2019-02-01T01:26:04.369+0000: 795339.327: Application time: 0.0001358 seconds
2019-02-01T01:26:04.377+0000: 795339.335: Total time for which application threads were stopped: 0.0075389 seconds, Stopping threads took: 0.0001908 seconds
2019-02-01T01:26:04.377+0000: 795339.335: Application time: 0.0001318 seconds
2019-02-01T01:26:04.385+0000: 795339.342: Total time for which application threads were stopped: 0.0075115 seconds, Stopping threads took: 0.0002074 seconds
2019-02-01T01:26:04.386+0000: 795339.344: Application time: 0.0013746 seconds
2019-02-01T01:26:04.394+0000: 795339.352: [GC (GCLocker Initiated GC) 2019-02-01T01:26:04.411+0000: 795339.369: [SoftReference, 0 refs, 0.0000512 secs]2019-02-01T01:26:04.411+0000: 795339.369: [WeakReference, 91 refs, 0.0000772 secs]2019-02-01T01:26:04.412+0000: 795339.369: [FinalReference, 763 refs, 0.0003700 secs]2019-02-01T01:26:04.412+0000: 795339.370: [PhantomReference, 0 refs, 2 refs, 0.0000113 secs]2019-02-01T01:26:04.412+0000: 795339.370: [JNI Weak Reference, 0.0000207 secs]
Desired survivor size 167772160 bytes, new threshold 1 (max 15)
[PSYoungGen: 1552400K->102071K(1541632K)] 2515976K->1076781K(4941824K), 0.0264697 secs] [Times: user=0.31 sys=0.00, real=0.03 secs] 
2019-02-01T01:26:04.421+0000: 795339.378: Total time for which application threads were stopped: 0.0346418 seconds, Stopping threads took: 0.0001839 seconds
2019-02-01T01:26:06.935+0000: 795341.893: Application time: 2.5147716 seconds
2019-02-01T01:26:06.945+0000: 795341.903: Total time for which application threads were stopped: 0.0097014 seconds, Stopping threads took: 0.0005132 seconds
2019-02-01T01:26:06.945+0000: 795341.903: Application time: 0.0001289 seconds
2019-02-01T01:26:06.953+0000: 795341.911: Total time for which application threads were stopped: 0.0077716 seconds, Stopping threads took: 0.0002424 seconds
2019-02-01T01:26:06.955+0000: 795341.913: Application time: 0.0023643 seconds
2019-02-01T01:26:06.964+0000: 795341.922: [GC (GCLocker Initiated GC) 2019-02-01T01:26:06.985+0000: 795341.943: [SoftReference, 0 refs, 0.0000593 secs]2019-02-01T01:26:06.985+0000: 795341.943: [WeakReference, 181 refs, 0.0000741 secs]2019-02-01T01:26:06.985+0000: 795341.943: [FinalReference, 818 refs, 0.0004350 secs]2019-02-01T01:26:06.986+0000: 795341.943: [PhantomReference, 0 refs, 0 refs, 0.0000108 secs]2019-02-01T01:26:06.986+0000: 795341.943: [JNI Weak Reference, 0.0000193 secs]
Desired survivor size 163053568 bytes, new threshold 1 (max 15)
[PSYoungGen: 1541303K->95317K(1543680K)] 2519461K->1086447K(4943872K), 0.0309944 secs] [Times: user=0.45 sys=0.01, real=0.03 secs] 
2019-02-01T01:26:06.995+0000: 795341.953: Total time for which application threads were stopped: 0.0396798 seconds, Stopping threads took: 0.0010948 seconds
2019-02-01T01:26:09.435+0000: 795344.393: Application time: 2.4398844 seconds
2019-02-01T01:26:09.446+0000: 795344.404: Total time for which application threads were stopped: 0.0112945 seconds, Stopping threads took: 0.0023245 seconds
2019-02-01T01:26:09.448+0000: 795344.406: Application time: 0.0014501 seconds
2019-02-01T01:26:09.458+0000: 795344.416: [GC (GCLocker Initiated GC) 2019-02-01T01:26:09.475+0000: 795344.432: [SoftReference, 0 refs, 0.0000567 secs]2019-02-01T01:26:09.475+0000: 795344.433: [WeakReference, 73 refs, 0.0000354 secs]2019-02-01T01:26:09.475+0000: 795344.433: [FinalReference, 781 refs, 0.0004351 secs]2019-02-01T01:26:09.475+0000: 795344.433: [PhantomReference, 0 refs, 2 refs, 0.0000130 secs]2019-02-01T01:26:09.475+0000: 795344.433: [JNI Weak Reference, 0.0000235 secs]
Desired survivor size 159383552 bytes, new threshold 1 (max 15)
[PSYoungGen: 1509461K->66622K(1457152K)] 2507299K->1070612K(4857344K), 0.0255050 secs] [Times: user=0.26 sys=0.01, real=0.03 secs] 
2019-02-01T01:26:09.484+0000: 795344.441: Total time for which application threads were stopped: 0.0358035 seconds, Stopping threads took: 0.0006681 seconds
2019-02-01T01:26:11.921+0000: 795346.879: Application time: 2.4377168 seconds
2019-02-01T01:26:11.936+0000: 795346.894: Total time for which application threads were stopped: 0.0151768 seconds, Stopping threads took: 0.0010585 seconds
2019-02-01T01:26:11.940+0000: 795346.897: Application time: 0.0031795 seconds
2019-02-01T01:26:11.947+0000: 795346.905: [GC (GCLocker Initiated GC) 2019-02-01T01:26:11.973+0000: 795346.931: [SoftReference, 0 refs, 0.0000624 secs]2019-02-01T01:26:11.974+0000: 795346.931: [WeakReference, 147 refs, 0.0000590 secs]2019-02-01T01:26:11.974+0000: 795346.931: [FinalReference, 750 refs, 0.0003472 secs]2019-02-01T01:26:11.974+0000: 795346.932: [PhantomReference, 0 refs, 0 refs, 0.0000101 secs]2019-02-01T01:26:11.974+0000: 795346.932: [JNI Weak Reference, 0.0000198 secs]
Desired survivor size 168820736 bytes, new threshold 1 (max 15)
[PSYoungGen: 1456702K->129963K(1536512K)] 2461402K->1144751K(4936704K), 0.0304864 secs] [Times: user=0.51 sys=0.02, real=0.03 secs] 
2019-02-01T01:26:11.978+0000: 795346.936: Total time for which application threads were stopped: 0.0382945 seconds, Stopping threads took: 0.0002512 seconds
2019-02-01T01:26:14.323+0000: 795349.281: Application time: 2.3451115 seconds
2019-02-01T01:26:14.332+0000: 795349.290: Total time for which application threads were stopped: 0.0087293 seconds, Stopping threads took: 0.0007507 seconds
2019-02-01T01:26:14.333+0000: 795349.291: Application time: 0.0013790 seconds
2019-02-01T01:26:14.340+0000: 795349.298: [GC (GCLocker Initiated GC) 2019-02-01T01:26:14.359+0000: 795349.317: [SoftReference, 0 refs, 0.0000601 secs]2019-02-01T01:26:14.359+0000: 795349.317: [WeakReference, 263 refs, 0.0000965 secs]2019-02-01T01:26:14.359+0000: 795349.317: [FinalReference, 727 refs, 0.0003517 secs]2019-02-01T01:26:14.359+0000: 795349.317: [PhantomReference, 0 refs, 0 refs, 0.0000102 secs]2019-02-01T01:26:14.359+0000: 795349.317: [JNI Weak Reference, 0.0000270 secs]
Desired survivor size 164102144 bytes, new threshold 1 (max 15)
[PSYoungGen: 1510827K->97303K(1545728K)] 2525829K->1126972K(4945920K), 0.0221833 secs] [Times: user=0.36 sys=0.01, real=0.02 secs] 
2019-02-01T01:26:14.363+0000: 795349.321: Total time for which application threads were stopped: 0.0296359 seconds, Stopping threads took: 0.0003472 seconds
2019-02-01T01:26:14.462+0000: 795349.419: Application time: 0.0987994 seconds
2019-02-01T01:26:14.472+0000: 795349.429: Total time for which application threads were stopped: 0.0100345 seconds, Stopping threads took: 0.0005279 seconds
2019-02-01T01:26:18.868+0000: 795353.826: Application time: 4.3965460 seconds
2019-02-01T01:26:18.877+0000: 795353.835: Total time for which application threads were stopped: 0.0092375 seconds, Stopping threads took: 0.0003678 seconds
2019-02-01T01:26:18.879+0000: 795353.836: Application time: 0.0010591 seconds
2019-02-01T01:26:18.888+0000: 795353.845: [GC (GCLocker Initiated GC) 2019-02-01T01:26:21.229+0000: 795356.187: [SoftReference, 0 refs, 0.0000568 secs]2019-02-01T01:26:21.229+0000: 795356.187: [WeakReference, 217 refs, 0.0000927 secs]2019-02-01T01:26:21.230+0000: 795356.187: [FinalReference, 777 refs, 0.0004586 secs]2019-02-01T01:26:21.230+0000: 795356.188: [PhantomReference, 0 refs, 0 refs, 0.0000117 secs]2019-02-01T01:26:21.230+0000: 795356.188: [JNI Weak Reference, 0.0000201 secs]
Desired survivor size 162529280 bytes, new threshold 1 (max 15)
[PSYoungGen: 1478167K->105634K(1749504K)] 2508168K->1144938K(5149696K), 2.3458555 secs] [Times: user=40.73 sys=9.93, real=2.35 secs] 
2019-02-01T01:26:21.234+0000: 795356.192: Total time for which application threads were stopped: 2.3552207 seconds, Stopping threads took: 0.0002576 seconds
2019-02-01T01:26:25.774+0000: 795360.732: Application time: 4.5400447 seconds
2019-02-01T01:26:25.784+0000: 795360.742: Total time for which application threads were stopped: 0.0100765 seconds, Stopping threads took: 0.0002633 seconds
2019-02-01T01:26:25.785+0000: 795360.743: Application time: 0.0012746 seconds
2019-02-01T01:26:25.795+0000: 795360.753: [GC (GCLocker Initiated GC) 2019-02-01T01:26:25.811+0000: 795360.769: [SoftReference, 0 refs, 0.0001428 secs]2019-02-01T01:26:25.811+0000: 795360.769: [WeakReference, 216 refs, 0.0001329 secs]2019-02-01T01:26:25.811+0000: 795360.769: [FinalReference, 905 refs, 0.0007379 secs]2019-02-01T01:26:25.812+0000: 795360.770: [PhantomReference, 0 refs, 1 refs, 0.0000218 secs]2019-02-01T01:26:25.812+0000: 795360.770: [JNI Weak Reference, 0.0000333 secs]
Desired survivor size 157810688 bytes, new threshold 1 (max 15)
[PSYoungGen: 1702562K->81495K(1755648K)] 2745406K->1130049K(5155840K), 0.0221823 secs] [Times: user=0.31 sys=0.01, real=0.02 secs] 
2019-02-01T01:26:25.818+0000: 795360.775: Total time for which application threads were stopped: 0.0324084 seconds, Stopping threads took: 0.0003715 seconds
2019-02-01T01:26:27.818+0000: 795362.776: Application time: 2.0002305 seconds
2019-02-01T01:26:27.825+0000: 795362.783: Total time for which application threads were stopped: 0.0075162 seconds, Stopping threads took: 0.0002779 seconds
2019-02-01T01:26:31.774+0000: 795366.731: Application time: 3.9483000 seconds
2019-02-01T01:26:31.783+0000: 795366.741: Total time for which application threads were stopped: 0.0096350 seconds, Stopping threads took: 0.0002933 seconds
2019-02-01T01:26:31.784+0000: 795366.742: Application time: 0.0007460 seconds
2019-02-01T01:26:31.793+0000: 795366.751: [GC (GCLocker Initiated GC) 2019-02-01T01:26:31.805+0000: 795366.763: [SoftReference, 0 refs, 0.0000584 secs]2019-02-01T01:26:31.805+0000: 795366.763: [WeakReference, 48 refs, 0.0000302 secs]2019-02-01T01:26:31.805+0000: 795366.763: [FinalReference, 925 refs, 0.0004973 secs]2019-02-01T01:26:31.806+0000: 795366.764: [PhantomReference, 0 refs, 1 refs, 0.0000130 secs]2019-02-01T01:26:31.806+0000: 795366.764: [JNI Weak Reference, 0.0000194 secs]
Desired survivor size 159907840 bytes, new threshold 1 (max 15)
[PSYoungGen: 1678423K->41308K(1762816K)] 2730313K->1097787K(5163008K), 0.0155806 secs] [Times: user=0.17 sys=0.01, real=0.01 secs] 
2019-02-01T01:26:31.809+0000: 795366.767: Total time for which application threads were stopped: 0.0254289 seconds, Stopping threads took: 0.0003558 seconds
2019-02-01T01:26:32.810+0000: 795367.767: Application time: 1.0002000 seconds
2019-02-01T01:26:32.819+0000: 795367.776: Total time for which application threads were stopped: 0.0089327 seconds, Stopping threads took: 0.0005798 seconds
2019-02-01T01:26:35.950+0000: 795370.908: Application time: 3.1316742 seconds
2019-02-01T01:26:35.958+0000: 795370.916: Total time for which application threads were stopped: 0.0081121 seconds, Stopping threads took: 0.0002918 seconds
2019-02-01T01:26:35.959+0000: 795370.917: Application time: 0.0003894 seconds
2019-02-01T01:26:35.967+0000: 795370.924: [GC (GCLocker Initiated GC) 2019-02-01T01:26:35.983+0000: 795370.941: [SoftReference, 0 refs, 0.0000555 secs]2019-02-01T01:26:35.983+0000: 795370.941: [WeakReference, 87 refs, 0.0000424 secs]2019-02-01T01:26:35.983+0000: 795370.941: [FinalReference, 740 refs, 0.0003372 secs]2019-02-01T01:26:35.984+0000: 795370.942: [PhantomReference, 0 refs, 0 refs, 0.0000099 secs]2019-02-01T01:26:35.984+0000: 795370.942: [JNI Weak Reference, 0.0000203 secs]
Desired survivor size 155189248 bytes, new threshold 1 (max 15)
[PSYoungGen: 1650012K->92320K(1701376K)] 2706497K->1151352K(5101568K), 0.0208654 secs] [Times: user=0.30 sys=0.00, real=0.02 secs] 
2019-02-01T01:26:35.988+0000: 795370.945: Total time for which application threads were stopped: 0.0288180 seconds, Stopping threads took: 0.0002120 seconds
2019-02-01T01:26:40.375+0000: 795375.333: Application time: 4.3878030 seconds
2019-02-01T01:26:40.388+0000: 795375.346: Total time for which application threads were stopped: 0.0130815 seconds, Stopping threads took: 0.0002508 seconds
2019-02-01T01:26:41.029+0000: 795375.987: Application time: 0.6406059 seconds
2019-02-01T01:26:41.038+0000: 795375.996: Total time for which application threads were stopped: 0.0093670 seconds, Stopping threads took: 0.0002881 seconds
2019-02-01T01:26:41.039+0000: 795375.997: Application time: 0.0009740 seconds
2019-02-01T01:26:41.049+0000: 795376.007: [GC (GCLocker Initiated GC) 2019-02-01T01:26:41.061+0000: 795376.019: [SoftReference, 0 refs, 0.0000669 secs]2019-02-01T01:26:41.061+0000: 795376.019: [WeakReference, 38 refs, 0.0000444 secs]2019-02-01T01:26:41.061+0000: 795376.019: [FinalReference, 861 refs, 0.0006907 secs]2019-02-01T01:26:41.062+0000: 795376.020: [PhantomReference, 0 refs, 0 refs, 0.0000197 secs]2019-02-01T01:26:41.062+0000: 795376.020: [JNI Weak Reference, 0.0000322 secs]
Desired survivor size 155713536 bytes, new threshold 1 (max 15)
[PSYoungGen: 1701024K->44917K(1762816K)] 2760078K->1111848K(5163008K), 0.0188862 secs] [Times: user=0.24 sys=0.00, real=0.02 secs] 
2019-02-01T01:26:41.068+0000: 795376.026: Total time for which application threads were stopped: 0.0285312 seconds, Stopping threads took: 0.0003304 seconds
2019-02-01T01:26:46.323+0000: 795381.281: Application time: 5.2554513 seconds
2019-02-01T01:26:46.332+0000: 795381.290: Total time for which application threads were stopped: 0.0084329 seconds, Stopping threads took: 0.0004076 seconds
2019-02-01T01:26:46.332+0000: 795381.290: Application time: 0.0003664 seconds
2019-02-01T01:26:46.339+0000: 795381.297: [GC (GCLocker Initiated GC) 2019-02-01T01:26:46.379+0000: 795381.337: [SoftReference, 0 refs, 0.0000524 secs]2019-02-01T01:26:46.379+0000: 795381.337: [WeakReference, 51 refs, 0.0000276 secs]2019-02-01T01:26:46.379+0000: 795381.337: [FinalReference, 881 refs, 0.0004247 secs]2019-02-01T01:26:46.380+0000: 795381.338: [PhantomReference, 0 refs, 0 refs, 0.0000102 secs]2019-02-01T01:26:46.380+0000: 795381.338: [JNI Weak Reference, 0.0000189 secs]
Desired survivor size 152567808 bytes, new threshold 1 (max 15)
[PSYoungGen: 1656181K->61429K(1763328K)] 2726462K->1134253K(5163520K), 0.0441813 secs] [Times: user=0.68 sys=0.04, real=0.04 secs] 
2019-02-01T01:26:46.384+0000: 795381.342: Total time for which application threads were stopped: 0.0516378 seconds, Stopping threads took: 0.0001262 seconds
2019-02-01T01:26:52.027+0000: 795386.985: Application time: 5.6432011 seconds
2019-02-01T01:26:52.036+0000: 795386.994: Total time for which application threads were stopped: 0.0089619 seconds, Stopping threads took: 0.0001922 seconds
2019-02-01T01:26:52.036+0000: 795386.994: Application time: 0.0003815 seconds
2019-02-01T01:26:52.045+0000: 795387.003: [GC (GCLocker Initiated GC) 2019-02-01T01:26:52.058+0000: 795387.016: [SoftReference, 0 refs, 0.0000760 secs]2019-02-01T01:26:52.058+0000: 795387.016: [WeakReference, 39 refs, 0.0000327 secs]2019-02-01T01:26:52.059+0000: 795387.016: [FinalReference, 898 refs, 0.0006371 secs]2019-02-01T01:26:52.059+0000: 795387.017: [PhantomReference, 0 refs, 0 refs, 0.0000203 secs]2019-02-01T01:26:52.059+0000: 795387.017: [JNI Weak Reference, 0.0000325 secs]
Desired survivor size 150470656 bytes, new threshold 1 (max 15)
[PSYoungGen: 1672693K->50742K(1767936K)] 2748850K->1130041K(5168128K), 0.0189736 secs] [Times: user=0.21 sys=0.01, real=0.02 secs] 
2019-02-01T01:26:52.065+0000: 795387.022: Total time for which application threads were stopped: 0.0280468 seconds, Stopping threads took: 0.0001593 seconds
2019-02-01T01:26:58.466+0000: 795393.424: Application time: 6.4018414 seconds
2019-02-01T01:26:58.476+0000: 795393.433: Total time for which application threads were stopped: 0.0093197 seconds, Stopping threads took: 0.0003974 seconds
2019-02-01T01:26:58.476+0000: 795393.434: Application time: 0.0004421 seconds
2019-02-01T01:26:58.485+0000: 795393.443: [GC (GCLocker Initiated GC) 2019-02-01T01:26:58.501+0000: 795393.458: [SoftReference, 0 refs, 0.0000755 secs]2019-02-01T01:26:58.501+0000: 795393.458: [WeakReference, 18 refs, 0.0000516 secs]2019-02-01T01:26:58.501+0000: 795393.459: [FinalReference, 932 refs, 0.0007415 secs]2019-02-01T01:26:58.501+0000: 795393.459: [PhantomReference, 0 refs, 0 refs, 0.0000198 secs]2019-02-01T01:26:58.501+0000: 795393.459: [JNI Weak Reference, 0.0000324 secs]
Desired survivor size 149422080 bytes, new threshold 1 (max 15)
[PSYoungGen: 1671222K->45394K(1767424K)] 2750534K->1127676K(5167616K), 0.0211691 secs] [Times: user=0.28 sys=0.00, real=0.02 secs] 
2019-02-01T01:26:58.507+0000: 795393.465: Total time for which application threads were stopped: 0.0307320 seconds, Stopping threads took: 0.0001799 seconds
2019-02-01T01:27:04.621+0000: 795399.579: Application time: 6.1138831 seconds
2019-02-01T01:27:04.630+0000: 795399.588: Total time for which application threads were stopped: 0.0093321 seconds, Stopping threads took: 0.0004160 seconds
2019-02-01T01:27:04.631+0000: 795399.589: Application time: 0.0008194 seconds
2019-02-01T01:27:04.640+0000: 795399.598: [GC (GCLocker Initiated GC) 2019-02-01T01:27:04.652+0000: 795399.610: [SoftReference, 0 refs, 0.0000747 secs]2019-02-01T01:27:04.652+0000: 795399.610: [WeakReference, 28 refs, 0.0000510 secs]2019-02-01T01:27:04.652+0000: 795399.610: [FinalReference, 888 refs, 0.0006943 secs]2019-02-01T01:27:04.653+0000: 795399.610: [PhantomReference, 0 refs, 0 refs, 0.0000234 secs]2019-02-01T01:27:04.653+0000: 795399.610: [JNI Weak Reference, 0.0000451 secs]
Desired survivor size 147324928 bytes, new threshold 1 (max 15)
[PSYoungGen: 1665874K->42941K(1772544K)] 2751505K->1131585K(5172736K), 0.0178624 secs] [Times: user=0.17 sys=0.00, real=0.01 secs] 
2019-02-01T01:27:04.658+0000: 795399.616: Total time for which application threads were stopped: 0.0274669 seconds, Stopping threads took: 0.0002730 seconds
2019-02-01T01:27:10.113+0000: 795405.071: Application time: 5.4547105 seconds
2019-02-01T01:27:10.122+0000: 795405.080: Total time for which application threads were stopped: 0.0090206 seconds, Stopping threads took: 0.0002369 seconds
2019-02-01T01:27:10.123+0000: 795405.081: Application time: 0.0011041 seconds
2019-02-01T01:27:10.132+0000: 795405.090: [GC (GCLocker Initiated GC) 2019-02-01T01:27:10.146+0000: 795405.104: [SoftReference, 0 refs, 0.0000626 secs]2019-02-01T01:27:10.146+0000: 795405.104: [WeakReference, 49 refs, 0.0000439 secs]2019-02-01T01:27:10.146+0000: 795405.104: [FinalReference, 813 refs, 0.0005842 secs]2019-02-01T01:27:10.147+0000: 795405.105: [PhantomReference, 0 refs, 0 refs, 0.0000199 secs]2019-02-01T01:27:10.147+0000: 795405.105: [JNI Weak Reference, 0.0001109 secs]
Desired survivor size 143130624 bytes, new threshold 1 (max 15)
[PSYoungGen: 1672125K->51834K(1773056K)] 2764180K->1146374K(5173248K), 0.0198506 secs] [Times: user=0.21 sys=0.01, real=0.02 secs] 
2019-02-01T01:27:10.152+0000: 795405.110: Total time for which application threads were stopped: 0.0290700 seconds, Stopping threads took: 0.0002038 seconds
2019-02-01T01:27:15.926+0000: 795410.884: Application time: 5.7739860 seconds
2019-02-01T01:27:15.935+0000: 795410.893: Total time for which application threads were stopped: 0.0091964 seconds, Stopping threads took: 0.0002712 seconds
2019-02-01T01:27:15.937+0000: 795410.894: Application time: 0.0011216 seconds
2019-02-01T01:27:15.944+0000: 795410.902: [GC (GCLocker Initiated GC) 2019-02-01T01:27:15.956+0000: 795410.913: [SoftReference, 0 refs, 0.0000544 secs]2019-02-01T01:27:15.956+0000: 795410.914: [WeakReference, 10 refs, 0.0000148 secs]2019-02-01T01:27:15.956+0000: 795410.914: [FinalReference, 912 refs, 0.0004817 secs]2019-02-01T01:27:15.956+0000: 795410.914: [PhantomReference, 0 refs, 0 refs, 0.0000108 secs]2019-02-01T01:27:15.956+0000: 795410.914: [JNI Weak Reference, 0.0000188 secs]
Desired survivor size 140509184 bytes, new threshold 1 (max 15)
[PSYoungGen: 1681018K->43947K(1696768K)] 2775623K->1142266K(5096960K), 0.0157207 secs] [Times: user=0.15 sys=0.00, real=0.02 secs] 
2019-02-01T01:27:15.960+0000: 795410.918: Total time for which application threads were stopped: 0.0235373 seconds, Stopping threads took: 0.0004094 seconds
2019-02-01T01:27:22.158+0000: 795417.116: Application time: 6.1978672 seconds
2019-02-01T01:27:22.167+0000: 795417.125: Total time for which application threads were stopped: 0.0088432 seconds, Stopping threads took: 0.0002446 seconds
2019-02-01T01:27:22.168+0000: 795417.126: Application time: 0.0011427 seconds
2019-02-01T01:27:22.177+0000: 795417.135: [GC (GCLocker Initiated GC) 2019-02-01T01:27:22.191+0000: 795417.149: [SoftReference, 0 refs, 0.0000740 secs]2019-02-01T01:27:22.191+0000: 795417.149: [WeakReference, 27 refs, 0.0000291 secs]2019-02-01T01:27:22.191+0000: 795417.149: [FinalReference, 851 refs, 0.0008163 secs]2019-02-01T01:27:22.192+0000: 795417.150: [PhantomReference, 0 refs, 0 refs, 0.0000241 secs]2019-02-01T01:27:22.192+0000: 795417.150: [JNI Weak Reference, 0.0000335 secs]
Desired survivor size 137363456 bytes, new threshold 1 (max 15)
[PSYoungGen: 1642411K->42918K(1611776K)] 2740779K->1146376K(5011968K), 0.0248806 secs] [Times: user=0.19 sys=0.02, real=0.03 secs] 
2019-02-01T01:27:22.202+0000: 795417.160: Total time for which application threads were stopped: 0.0343324 seconds, Stopping threads took: 0.0002223 seconds
2019-02-01T01:27:28.726+0000: 795423.683: Application time: 6.5232393 seconds
2019-02-01T01:27:28.733+0000: 795423.691: Total time for which application threads were stopped: 0.0074436 seconds, Stopping threads took: 0.0002904 seconds
2019-02-01T01:27:28.733+0000: 795423.691: Application time: 0.0003009 seconds
2019-02-01T01:27:28.741+0000: 795423.699: [GC (GCLocker Initiated GC) 2019-02-01T01:27:30.045+0000: 795425.003: [SoftReference, 0 refs, 0.0000808 secs]2019-02-01T01:27:30.045+0000: 795425.003: [WeakReference, 25 refs, 0.0000229 secs]2019-02-01T01:27:30.045+0000: 795425.003: [FinalReference, 904 refs, 0.0005071 secs]2019-02-01T01:27:30.046+0000: 795425.003: [PhantomReference, 0 refs, 0 refs, 0.0000146 secs]2019-02-01T01:27:30.046+0000: 795425.003: [JNI Weak Reference, 0.0000217 secs]
Desired survivor size 134742016 bytes, new threshold 1 (max 15)
[PSYoungGen: 1611686K->39403K(1705472K)] 2715172K->1146100K(5105664K), 1.3083844 secs] [Times: user=23.51 sys=5.15, real=1.31 secs] 
2019-02-01T01:27:30.049+0000: 795425.007: Total time for which application threads were stopped: 1.3159954 seconds, Stopping threads took: 0.0002523 seconds
2019-02-01T01:27:34.159+0000: 795429.117: Application time: 4.1095107 seconds
2019-02-01T01:27:34.168+0000: 795429.126: Total time for which application threads were stopped: 0.0092979 seconds, Stopping threads took: 0.0002420 seconds
2019-02-01T01:27:34.169+0000: 795429.127: Application time: 0.0008428 seconds
2019-02-01T01:27:34.178+0000: 795429.136: [GC (GCLocker Initiated GC) 2019-02-01T01:27:34.193+0000: 795429.150: [SoftReference, 0 refs, 0.0000493 secs]2019-02-01T01:27:34.193+0000: 795429.150: [WeakReference, 75 refs, 0.0000330 secs]2019-02-01T01:27:34.193+0000: 795429.150: [FinalReference, 783 refs, 0.0003933 secs]2019-02-01T01:27:34.193+0000: 795429.151: [PhantomReference, 0 refs, 1 refs, 0.0000104 secs]2019-02-01T01:27:34.193+0000: 795429.151: [JNI Weak Reference, 0.0000192 secs]
Desired survivor size 130023424 bytes, new threshold 1 (max 15)
[PSYoungGen: 1610731K->67513K(1702912K)] 2717468K->1179004K(5103104K), 0.0183126 secs] [Times: user=0.22 sys=0.00, real=0.02 secs] 
2019-02-01T01:27:34.197+0000: 795429.155: Total time for which application threads were stopped: 0.0279137 seconds, Stopping threads took: 0.0002442 seconds
2019-02-01T01:27:38.760+0000: 795433.718: Application time: 4.5634389 seconds
2019-02-01T01:27:38.769+0000: 795433.727: Total time for which application threads were stopped: 0.0090820 seconds, Stopping threads took: 0.0003121 seconds
2019-02-01T01:27:38.771+0000: 795433.729: Application time: 0.0018586 seconds
2019-02-01T01:27:38.781+0000: 795433.738: [GC (GCLocker Initiated GC) 2019-02-01T01:27:38.792+0000: 795433.750: [SoftReference, 0 refs, 0.0000553 secs]2019-02-01T01:27:38.792+0000: 795433.750: [WeakReference, 73 refs, 0.0000399 secs]2019-02-01T01:27:38.792+0000: 795433.750: [FinalReference, 815 refs, 0.0004649 secs]2019-02-01T01:27:38.793+0000: 795433.750: [PhantomReference, 0 refs, 0 refs, 0.0000102 secs]2019-02-01T01:27:38.793+0000: 795433.750: [JNI Weak Reference, 0.0000198 secs]
Desired survivor size 125829120 bytes, new threshold 1 (max 15)
[PSYoungGen: 1638841K->46717K(1786368K)] 2757121K->1170592K(5186560K), 0.0153842 secs] [Times: user=0.19 sys=0.00, real=0.02 secs] 
2019-02-01T01:27:38.796+0000: 795433.754: Total time for which application threads were stopped: 0.0248202 seconds, Stopping threads took: 0.0004079 seconds
2019-02-01T01:27:40.373+0000: 795435.331: Application time: 1.5765866 seconds
2019-02-01T01:27:40.382+0000: 795435.340: Total time for which application threads were stopped: 0.0095725 seconds, Stopping threads took: 0.0003013 seconds
2019-02-01T01:27:43.101+0000: 795438.058: Application time: 2.7182219 seconds
2019-02-01T01:27:43.110+0000: 795438.068: Total time for which application threads were stopped: 0.0096011 seconds, Stopping threads took: 0.0005082 seconds
2019-02-01T01:27:43.112+0000: 795438.069: Application time: 0.0013955 seconds
2019-02-01T01:27:43.123+0000: 795438.081: [GC (GCLocker Initiated GC) 2019-02-01T01:27:43.145+0000: 795438.103: [SoftReference, 0 refs, 0.0000570 secs]2019-02-01T01:27:43.145+0000: 795438.103: [WeakReference, 100 refs, 0.0000552 secs]2019-02-01T01:27:43.145+0000: 795438.103: [FinalReference, 859 refs, 0.0004222 secs]2019-02-01T01:27:43.145+0000: 795438.103: [PhantomReference, 0 refs, 0 refs, 0.0000102 secs]2019-02-01T01:27:43.145+0000: 795438.103: [JNI Weak Reference, 0.0000187 secs]
Desired survivor size 135266304 bytes, new threshold 1 (max 15)
[PSYoungGen: 1707133K->102477K(1783296K)] 2839270K->1237599K(5183488K), 0.0255435 secs] [Times: user=0.41 sys=0.04, real=0.02 secs] 
2019-02-01T01:27:43.149+0000: 795438.107: Total time for which application threads were stopped: 0.0375813 seconds, Stopping threads took: 0.0037387 seconds
2019-02-01T01:27:47.303+0000: 795442.261: Application time: 4.1536339 seconds
2019-02-01T01:27:47.312+0000: 795442.270: Total time for which application threads were stopped: 0.0091128 seconds, Stopping threads took: 0.0003170 seconds
2019-02-01T01:27:47.313+0000: 795442.271: Application time: 0.0009271 seconds
2019-02-01T01:27:47.322+0000: 795442.280: [GC (GCLocker Initiated GC) 2019-02-01T01:27:48.660+0000: 795443.618: [SoftReference, 0 refs, 0.0000465 secs]2019-02-01T01:27:48.660+0000: 795443.618: [WeakReference, 140 refs, 0.0000625 secs]2019-02-01T01:27:48.660+0000: 795443.618: [FinalReference, 812 refs, 0.0004137 secs]2019-02-01T01:27:48.660+0000: 795443.618: [PhantomReference, 0 refs, 0 refs, 0.0000111 secs]2019-02-01T01:27:48.660+0000: 795443.618: [JNI Weak Reference, 0.0000196 secs]
Desired survivor size 128974848 bytes, new threshold 1 (max 15)
[PSYoungGen: 1762893K->65822K(1793024K)] 2898043K->1208472K(5193216K), 1.3415609 secs] [Times: user=24.94 sys=4.11, real=1.34 secs] 
2019-02-01T01:27:48.664+0000: 795443.622: Total time for which application threads were stopped: 1.3510603 seconds, Stopping threads took: 0.0003333 seconds
2019-02-01T01:27:54.183+0000: 795449.141: Application time: 5.5190366 seconds
2019-02-01T01:27:54.192+0000: 795449.150: Total time for which application threads were stopped: 0.0093835 seconds, Stopping threads took: 0.0002382 seconds
2019-02-01T01:27:54.193+0000: 795449.150: Application time: 0.0002511 seconds
2019-02-01T01:27:54.202+0000: 795449.159: [GC (GCLocker Initiated GC) 2019-02-01T01:27:54.219+0000: 795449.177: [SoftReference, 0 refs, 0.0000645 secs]2019-02-01T01:27:54.219+0000: 795449.177: [WeakReference, 6 refs, 0.0000150 secs]2019-02-01T01:27:54.219+0000: 795449.177: [FinalReference, 879 refs, 0.0004928 secs]2019-02-01T01:27:54.219+0000: 795449.177: [PhantomReference, 0 refs, 1 refs, 0.0000129 secs]2019-02-01T01:27:54.219+0000: 795449.177: [JNI Weak Reference, 0.0000271 secs]
Desired survivor size 125304832 bytes, new threshold 1 (max 15)
[PSYoungGen: 1729822K->49991K(1714176K)] 2875800K->1201900K(5114368K), 0.0211951 secs] [Times: user=0.26 sys=0.02, real=0.02 secs] 
2019-02-01T01:27:54.223+0000: 795449.181: Total time for which application threads were stopped: 0.0304071 seconds, Stopping threads took: 0.0004244 seconds
2019-02-01T01:27:59.061+0000: 795454.019: Application time: 4.8377562 seconds
2019-02-01T01:27:59.073+0000: 795454.031: Total time for which application threads were stopped: 0.0119820 seconds, Stopping threads took: 0.0036025 seconds
2019-02-01T01:27:59.074+0000: 795454.032: Application time: 0.0010484 seconds
2019-02-01T01:27:59.083+0000: 795454.041: [GC (GCLocker Initiated GC) 2019-02-01T01:27:59.107+0000: 795454.065: [SoftReference, 0 refs, 0.0000553 secs]2019-02-01T01:27:59.107+0000: 795454.065: [WeakReference, 101 refs, 0.0000442 secs]2019-02-01T01:27:59.107+0000: 795454.065: [FinalReference, 716 refs, 0.0003870 secs]2019-02-01T01:27:59.108+0000: 795454.065: [PhantomReference, 0 refs, 2 refs, 0.0000116 secs]2019-02-01T01:27:59.108+0000: 795454.065: [JNI Weak Reference, 0.0000198 secs]
Desired survivor size 124256256 bytes, new threshold 1 (max 15)
[PSYoungGen: 1713991K->76181K(1790464K)] 2869263K->1235840K(5190656K), 0.0280122 secs] [Times: user=0.48 sys=0.02, real=0.03 secs] 
2019-02-01T01:27:59.111+0000: 795454.069: Total time for which application threads were stopped: 0.0375672 seconds, Stopping threads took: 0.0004747 seconds
2019-02-01T01:28:04.584+0000: 795459.541: Application time: 5.4721556 seconds
2019-02-01T01:28:04.592+0000: 795459.550: Total time for which application threads were stopped: 0.0084287 seconds, Stopping threads took: 0.0005605 seconds
2019-02-01T01:28:04.593+0000: 795459.551: Application time: 0.0007236 seconds
2019-02-01T01:28:04.602+0000: 795459.560: [GC (GCLocker Initiated GC) 2019-02-01T01:28:04.620+0000: 795459.577: [SoftReference, 0 refs, 0.0000807 secs]2019-02-01T01:28:04.620+0000: 795459.577: [WeakReference, 127 refs, 0.0000784 secs]2019-02-01T01:28:04.620+0000: 795459.578: [FinalReference, 921 refs, 0.0006346 secs]2019-02-01T01:28:04.620+0000: 795459.578: [PhantomReference, 0 refs, 1 refs, 0.0000210 secs]2019-02-01T01:28:04.620+0000: 795459.578: [JNI Weak Reference, 0.0000337 secs]
Desired survivor size 126877696 bytes, new threshold 1 (max 15)
[PSYoungGen: 1744277K->87737K(1789440K)] 2903958K->1250554K(5189632K), 0.0232668 secs] [Times: user=0.32 sys=0.01, real=0.02 secs] 
2019-02-01T01:28:04.626+0000: 795459.584: Total time for which application threads were stopped: 0.0332668 seconds, Stopping threads took: 0.0001978 seconds
2019-02-01T01:28:09.480+0000: 795464.438: Application time: 4.8541922 seconds
2019-02-01T01:28:09.489+0000: 795464.447: Total time for which application threads were stopped: 0.0092502 seconds, Stopping threads took: 0.0002655 seconds
2019-02-01T01:28:09.490+0000: 795464.448: Application time: 0.0006321 seconds
2019-02-01T01:28:09.499+0000: 795464.456: [GC (GCLocker Initiated GC) 2019-02-01T01:28:09.512+0000: 795464.470: [SoftReference, 0 refs, 0.0000494 secs]2019-02-01T01:28:09.512+0000: 795464.470: [WeakReference, 32 refs, 0.0000207 secs]2019-02-01T01:28:09.512+0000: 795464.470: [FinalReference, 822 refs, 0.0003771 secs]2019-02-01T01:28:09.512+0000: 795464.470: [PhantomReference, 0 refs, 0 refs, 0.0000104 secs]2019-02-01T01:28:09.512+0000: 795464.470: [JNI Weak Reference, 0.0000191 secs]
Desired survivor size 122159104 bytes, new threshold 1 (max 15)
[PSYoungGen: 1755833K->62617K(1794048K)] 2918665K->1228906K(5194240K), 0.0173844 secs] [Times: user=0.22 sys=0.01, real=0.01 secs] 
2019-02-01T01:28:09.516+0000: 795464.474: Total time for which application threads were stopped: 0.0262260 seconds, Stopping threads took: 0.0002677 seconds
2019-02-01T01:28:12.517+0000: 795467.475: Application time: 3.0004434 seconds
2019-02-01T01:28:12.527+0000: 795467.485: Total time for which application threads were stopped: 0.0105122 seconds, Stopping threads took: 0.0018452 seconds
2019-02-01T01:28:14.422+0000: 795469.380: Application time: 1.8950050 seconds
2019-02-01T01:28:14.434+0000: 795469.392: Total time for which application threads were stopped: 0.0116886 seconds, Stopping threads took: 0.0028412 seconds
2019-02-01T01:28:14.435+0000: 795469.393: Application time: 0.0011876 seconds
2019-02-01T01:28:14.446+0000: 795469.404: [GC (GCLocker Initiated GC) 2019-02-01T01:28:14.467+0000: 795469.425: [SoftReference, 0 refs, 0.0000782 secs]2019-02-01T01:28:14.468+0000: 795469.425: [WeakReference, 103 refs, 0.0000681 secs]2019-02-01T01:28:14.468+0000: 795469.425: [FinalReference, 902 refs, 0.0006231 secs]2019-02-01T01:28:14.468+0000: 795469.426: [PhantomReference, 0 refs, 1 refs, 0.0000208 secs]2019-02-01T01:28:14.468+0000: 795469.426: [JNI Weak Reference, 0.0000352 secs]
Desired survivor size 142606336 bytes, new threshold 1 (max 15)
[PSYoungGen: 1739417K->119290K(1796096K)] 2911384K->1307542K(5196288K), 0.0266024 secs] [Times: user=0.40 sys=0.00, real=0.03 secs] 
2019-02-01T01:28:14.473+0000: 795469.431: Total time for which application threads were stopped: 0.0375368 seconds, Stopping threads took: 0.0016717 seconds
2019-02-01T01:28:18.902+0000: 795473.859: Application time: 4.4288789 seconds
2019-02-01T01:28:18.911+0000: 795473.869: Total time for which application threads were stopped: 0.0093801 seconds, Stopping threads took: 0.0003702 seconds
2019-02-01T01:28:18.912+0000: 795473.870: Application time: 0.0012125 seconds
2019-02-01T01:28:18.922+0000: 795473.879: [GC (GCLocker Initiated GC) 2019-02-01T01:28:21.693+0000: 795476.651: [SoftReference, 0 refs, 0.0000588 secs]2019-02-01T01:28:21.693+0000: 795476.651: [WeakReference, 52 refs, 0.0000392 secs]2019-02-01T01:28:21.693+0000: 795476.651: [FinalReference, 792 refs, 0.0003954 secs]2019-02-01T01:28:21.693+0000: 795476.651: [PhantomReference, 0 refs, 0 refs, 0.0000132 secs]2019-02-01T01:28:21.693+0000: 795476.651: [JNI Weak Reference, 0.0000234 secs]
Desired survivor size 193462272 bytes, new threshold 1 (max 15)
[PSYoungGen: 1796090K->125939K(1670144K)] 2984399K->1413105K(5070336K), 2.7754024 secs] [Times: user=48.15 sys=11.60, real=2.77 secs] 
2019-02-01T01:28:21.697+0000: 795476.655: Total time for which application threads were stopped: 2.7850061 seconds, Stopping threads took: 0.0002544 seconds
2019-02-01T01:28:25.724+0000: 795480.682: Application time: 4.0271684 seconds
2019-02-01T01:28:25.732+0000: 795480.690: Total time for which application threads were stopped: 0.0080961 seconds, Stopping threads took: 0.0002726 seconds
2019-02-01T01:28:25.733+0000: 795480.691: Application time: 0.0004078 seconds
2019-02-01T01:28:25.742+0000: 795480.699: [GC (GCLocker Initiated GC) 2019-02-01T01:28:25.757+0000: 795480.715: [SoftReference, 0 refs, 0.0000738 secs]2019-02-01T01:28:25.757+0000: 795480.715: [WeakReference, 11 refs, 0.0000258 secs]2019-02-01T01:28:25.757+0000: 795480.715: [FinalReference, 835 refs, 0.0005818 secs]2019-02-01T01:28:25.758+0000: 795480.716: [PhantomReference, 0 refs, 0 refs, 0.0000210 secs]2019-02-01T01:28:25.758+0000: 795480.716: [JNI Weak Reference, 0.0000342 secs]
Desired survivor size 190840832 bytes, new threshold 1 (max 15)
[PSYoungGen: 1670131K->43898K(1733120K)] 2960642K->1344654K(5133312K), 0.0212850 secs] [Times: user=0.28 sys=0.00, real=0.02 secs] 
2019-02-01T01:28:25.763+0000: 795480.721: Total time for which application threads were stopped: 0.0302825 seconds, Stopping threads took: 0.0002063 seconds
2019-02-01T01:28:30.656+0000: 795485.614: Application time: 4.8929588 seconds
2019-02-01T01:28:30.665+0000: 795485.622: Total time for which application threads were stopped: 0.0084097 seconds, Stopping threads took: 0.0003990 seconds
2019-02-01T01:28:30.665+0000: 795485.623: Application time: 0.0004704 seconds
2019-02-01T01:28:30.674+0000: 795485.632: [GC (GCLocker Initiated GC) 2019-02-01T01:28:30.690+0000: 795485.648: [SoftReference, 0 refs, 0.0001249 secs]2019-02-01T01:28:30.690+0000: 795485.648: [WeakReference, 6 refs, 0.0000256 secs]2019-02-01T01:28:30.690+0000: 795485.648: [FinalReference, 802 refs, 0.0021792 secs]2019-02-01T01:28:30.692+0000: 795485.650: [PhantomReference, 0 refs, 1 refs, 0.0000290 secs]2019-02-01T01:28:30.692+0000: 795485.650: [JNI Weak Reference, 0.0000341 secs]
Desired survivor size 188219392 bytes, new threshold 1 (max 15)
[PSYoungGen: 1588090K->40909K(1725440K)] 2892184K->1350975K(5125632K), 0.0256148 secs] [Times: user=0.28 sys=0.01, real=0.02 secs] 
2019-02-01T01:28:30.700+0000: 795485.658: Total time for which application threads were stopped: 0.0348396 seconds, Stopping threads took: 0.0007014 seconds
2019-02-01T01:28:33.700+0000: 795488.658: Application time: 3.0005956 seconds
2019-02-01T01:28:33.710+0000: 795488.668: Total time for which application threads were stopped: 0.0094090 seconds, Stopping threads took: 0.0009470 seconds
2019-02-01T01:28:36.062+0000: 795491.020: Application time: 2.3522999 seconds
2019-02-01T01:28:36.071+0000: 795491.029: Total time for which application threads were stopped: 0.0088740 seconds, Stopping threads took: 0.0003718 seconds
2019-02-01T01:28:36.072+0000: 795491.030: Application time: 0.0006664 seconds
2019-02-01T01:28:36.079+0000: 795491.037: [GC (GCLocker Initiated GC) 2019-02-01T01:28:36.092+0000: 795491.050: [SoftReference, 0 refs, 0.0000623 secs]2019-02-01T01:28:36.092+0000: 795491.050: [WeakReference, 41 refs, 0.0000333 secs]2019-02-01T01:28:36.092+0000: 795491.050: [FinalReference, 854 refs, 0.0005540 secs]2019-02-01T01:28:36.093+0000: 795491.051: [PhantomReference, 0 refs, 0 refs, 0.0000429 secs]2019-02-01T01:28:36.093+0000: 795491.051: [JNI Weak Reference, 0.0000273 secs]
Desired survivor size 183500800 bytes, new threshold 1 (max 15)
[PSYoungGen: 1587661K->43951K(1730560K)] 2901291K->1360362K(5130752K), 0.0182580 secs] [Times: user=0.21 sys=0.00, real=0.02 secs] 
2019-02-01T01:28:36.098+0000: 795491.055: Total time for which application threads were stopped: 0.0258933 seconds, Stopping threads took: 0.0001743 seconds
2019-02-01T01:28:40.079+0000: 795495.037: Application time: 3.9817414 seconds
2019-02-01T01:28:40.089+0000: 795495.046: Total time for which application threads were stopped: 0.0092023 seconds, Stopping threads took: 0.0003735 seconds
2019-02-01T01:28:40.089+0000: 795495.047: Application time: 0.0008115 seconds
2019-02-01T01:28:40.099+0000: 795495.056: [GC (GCLocker Initiated GC) 2019-02-01T01:28:40.111+0000: 795495.069: [SoftReference, 0 refs, 0.0000746 secs]2019-02-01T01:28:40.111+0000: 795495.069: [WeakReference, 74 refs, 0.0000485 secs]2019-02-01T01:28:40.111+0000: 795495.069: [FinalReference, 749 refs, 0.0005456 secs]2019-02-01T01:28:40.112+0000: 795495.069: [PhantomReference, 0 refs, 0 refs, 0.0000464 secs]2019-02-01T01:28:40.112+0000: 795495.069: [JNI Weak Reference, 0.0000336 secs]
Desired survivor size 175112192 bytes, new threshold 1 (max 15)
[PSYoungGen: 1590703K->64649K(1721344K)] 2910499K->1388106K(5121536K), 0.0223077 secs] [Times: user=0.23 sys=0.01, real=0.02 secs] 
2019-02-01T01:28:40.121+0000: 795495.079: Total time for which application threads were stopped: 0.0316733 seconds, Stopping threads took: 0.0002037 seconds
2019-02-01T01:28:40.370+0000: 795495.328: Application time: 0.2488947 seconds
2019-02-01T01:28:40.378+0000: 795495.336: Total time for which application threads were stopped: 0.0077254 seconds, Stopping threads took: 0.0002435 seconds
2019-02-01T01:28:44.892+0000: 795499.850: Application time: 4.5140332 seconds
2019-02-01T01:28:44.899+0000: 795499.857: Total time for which application threads were stopped: 0.0072280 seconds, Stopping threads took: 0.0002220 seconds
2019-02-01T01:28:44.899+0000: 795499.857: Application time: 0.0004076 seconds
2019-02-01T01:28:44.907+0000: 795499.865: [GC (GCLocker Initiated GC) 2019-02-01T01:28:44.921+0000: 795499.879: [SoftReference, 0 refs, 0.0000581 secs]2019-02-01T01:28:44.921+0000: 795499.879: [WeakReference, 108 refs, 0.0000452 secs]2019-02-01T01:28:44.921+0000: 795499.879: [FinalReference, 865 refs, 0.0004515 secs]2019-02-01T01:28:44.922+0000: 795499.880: [PhantomReference, 0 refs, 0 refs, 0.0000122 secs]2019-02-01T01:28:44.922+0000: 795499.880: [JNI Weak Reference, 0.0000199 secs]
Desired survivor size 166723584 bytes, new threshold 1 (max 15)
[PSYoungGen: 1623689K->79355K(1730048K)] 2947188K->1406987K(5130240K), 0.0186317 secs] [Times: user=0.28 sys=0.01, real=0.02 secs] 
2019-02-01T01:28:44.926+0000: 795499.884: Total time for which application threads were stopped: 0.0263364 seconds, Stopping threads took: 0.0001450 seconds
2019-02-01T01:28:47.711+0000: 795502.669: Application time: 2.7855570 seconds
2019-02-01T01:28:47.720+0000: 795502.678: Total time for which application threads were stopped: 0.0091294 seconds, Stopping threads took: 0.0003915 seconds
2019-02-01T01:28:49.594+0000: 795504.551: Application time: 1.8731785 seconds
2019-02-01T01:28:49.603+0000: 795504.561: Total time for which application threads were stopped: 0.0097624 seconds, Stopping threads took: 0.0003002 seconds
2019-02-01T01:28:49.605+0000: 795504.563: Application time: 0.0014763 seconds
2019-02-01T01:28:49.615+0000: 795504.573: [GC (GCLocker Initiated GC) 2019-02-01T01:28:49.631+0000: 795504.589: [SoftReference, 0 refs, 0.0000694 secs]2019-02-01T01:28:49.631+0000: 795504.589: [WeakReference, 82 refs, 0.0000551 secs]2019-02-01T01:28:49.631+0000: 795504.589: [FinalReference, 838 refs, 0.0006040 secs]2019-02-01T01:28:49.632+0000: 795504.590: [PhantomReference, 0 refs, 1 refs, 0.0000214 secs]2019-02-01T01:28:49.632+0000: 795504.590: [JNI Weak Reference, 0.0000325 secs]
Desired survivor size 158859264 bytes, new threshold 1 (max 15)
[PSYoungGen: 1638395K->77707K(1735168K)] 2972943K->1415675K(5135360K), 0.0230143 secs] [Times: user=0.27 sys=0.00, real=0.02 secs] 
2019-02-01T01:28:49.638+0000: 795504.596: Total time for which application threads were stopped: 0.0332061 seconds, Stopping threads took: 0.0003093 seconds
2019-02-01T01:28:54.098+0000: 795509.056: Application time: 4.4602827 seconds
2019-02-01T01:28:54.108+0000: 795509.066: Total time for which application threads were stopped: 0.0095459 seconds, Stopping threads took: 0.0003888 seconds
2019-02-01T01:28:54.109+0000: 795509.067: Application time: 0.0013169 seconds
2019-02-01T01:28:54.119+0000: 795509.076: [GC (GCLocker Initiated GC) 2019-02-01T01:28:54.133+0000: 795509.091: [SoftReference, 0 refs, 0.0000505 secs]2019-02-01T01:28:54.133+0000: 795509.091: [WeakReference, 34 refs, 0.0000251 secs]2019-02-01T01:28:54.133+0000: 795509.091: [FinalReference, 833 refs, 0.0004328 secs]2019-02-01T01:28:54.133+0000: 795509.091: [PhantomReference, 0 refs, 0 refs, 0.0000105 secs]2019-02-01T01:28:54.133+0000: 795509.091: [JNI Weak Reference, 0.0000206 secs]
Desired survivor size 155713536 bytes, new threshold 1 (max 15)
[PSYoungGen: 1665931K->48406K(1743360K)] 3004255K->1390256K(5143552K), 0.0185078 secs] [Times: user=0.28 sys=0.00, real=0.02 secs] 
2019-02-01T01:28:54.137+0000: 795509.095: Total time for which application threads were stopped: 0.0280501 seconds, Stopping threads took: 0.0002651 seconds
2019-02-01T01:28:58.938+0000: 795513.896: Application time: 4.8010727 seconds
2019-02-01T01:28:58.947+0000: 795513.905: Total time for which application threads were stopped: 0.0091089 seconds, Stopping threads took: 0.0002979 seconds
2019-02-01T01:28:58.948+0000: 795513.906: Application time: 0.0007571 seconds
2019-02-01T01:28:58.958+0000: 795513.915: [GC (GCLocker Initiated GC) 2019-02-01T01:28:58.972+0000: 795513.930: [SoftReference, 0 refs, 0.0000729 secs]2019-02-01T01:28:58.972+0000: 795513.930: [WeakReference, 21 refs, 0.0000295 secs]2019-02-01T01:28:58.972+0000: 795513.930: [FinalReference, 822 refs, 0.0005881 secs]2019-02-01T01:28:58.972+0000: 795513.930: [PhantomReference, 0 refs, 1 refs, 0.0000205 secs]2019-02-01T01:28:58.972+0000: 795513.930: [JNI Weak Reference, 0.0000439 secs]
Desired survivor size 147324928 bytes, new threshold 1 (max 15)
[PSYoungGen: 1636630K->73268K(1747456K)] 2981823K->1421916K(5147648K), 0.0205943 secs] [Times: user=0.25 sys=0.00, real=0.02 secs] 
2019-02-01T01:28:58.979+0000: 795513.936: Total time for which application threads were stopped: 0.0302366 seconds, Stopping threads took: 0.0002319 seconds
2019-02-01T01:29:03.744+0000: 795518.702: Application time: 4.7653539 seconds
2019-02-01T01:29:03.753+0000: 795518.710: Total time for which application threads were stopped: 0.0086872 seconds, Stopping threads took: 0.0008474 seconds
2019-02-01T01:29:03.753+0000: 795518.711: Application time: 0.0007649 seconds
2019-02-01T01:29:03.761+0000: 795518.719: [GC (GCLocker Initiated GC) 2019-02-01T01:29:03.775+0000: 795518.733: [SoftReference, 0 refs, 0.0000552 secs]2019-02-01T01:29:03.776+0000: 795518.733: [WeakReference, 27 refs, 0.0000206 secs]2019-02-01T01:29:03.776+0000: 795518.733: [FinalReference, 869 refs, 0.0004064 secs]2019-02-01T01:29:03.776+0000: 795518.734: [PhantomReference, 0 refs, 1 refs, 0.0000109 secs]2019-02-01T01:29:03.776+0000: 795518.734: [JNI Weak Reference, 0.0000191 secs]
Desired survivor size 143654912 bytes, new threshold 1 (max 15)
[PSYoungGen: 1688116K->53206K(1758720K)] 3036787K->1406242K(5158912K), 0.0185724 secs] [Times: user=0.27 sys=0.01, real=0.02 secs] 
2019-02-01T01:29:03.780+0000: 795518.738: Total time for which application threads were stopped: 0.0265723 seconds, Stopping threads took: 0.0004598 seconds
2019-02-01T01:29:07.781+0000: 795522.738: Application time: 4.0007657 seconds
2019-02-01T01:29:07.790+0000: 795522.748: Total time for which application threads were stopped: 0.0090802 seconds, Stopping threads took: 0.0003340 seconds
2019-02-01T01:29:08.972+0000: 795523.930: Application time: 1.1826949 seconds
2019-02-01T01:29:08.984+0000: 795523.942: Total time for which application threads were stopped: 0.0118707 seconds, Stopping threads took: 0.0029659 seconds
2019-02-01T01:29:08.986+0000: 795523.944: Application time: 0.0014678 seconds
2019-02-01T01:29:09.000+0000: 795523.957: [GC (GCLocker Initiated GC) 2019-02-01T01:29:09.013+0000: 795523.971: [SoftReference, 0 refs, 0.0000502 secs]2019-02-01T01:29:09.013+0000: 795523.971: [WeakReference, 4 refs, 0.0000108 secs]2019-02-01T01:29:09.013+0000: 795523.971: [FinalReference, 810 refs, 0.0019103 secs]2019-02-01T01:29:09.015+0000: 795523.973: [PhantomReference, 0 refs, 2 refs, 0.0000168 secs]2019-02-01T01:29:09.015+0000: 795523.973: [JNI Weak Reference, 0.0000221 secs]
Desired survivor size 140509184 bytes, new threshold 1 (max 15)
[PSYoungGen: 1668054K->50465K(1768448K)] 3027834K->1417318K(5168640K), 0.0190149 secs] [Times: user=0.23 sys=0.00, real=0.02 secs] 
2019-02-01T01:29:09.019+0000: 795523.977: Total time for which application threads were stopped: 0.0329334 seconds, Stopping threads took: 0.0047359 seconds
2019-02-01T01:29:14.161+0000: 795529.119: Application time: 5.1425647 seconds
2019-02-01T01:29:14.170+0000: 795529.128: Total time for which application threads were stopped: 0.0084799 seconds, Stopping threads took: 0.0003511 seconds
2019-02-01T01:29:14.170+0000: 795529.128: Application time: 0.0005465 seconds
2019-02-01T01:29:14.180+0000: 795529.137: [GC (GCLocker Initiated GC) 2019-02-01T01:29:14.193+0000: 795529.151: [SoftReference, 0 refs, 0.0000545 secs]2019-02-01T01:29:14.193+0000: 795529.151: [WeakReference, 6 refs, 0.0000120 secs]2019-02-01T01:29:14.193+0000: 795529.151: [FinalReference, 852 refs, 0.0004718 secs]2019-02-01T01:29:14.194+0000: 795529.151: [PhantomReference, 0 refs, 0 refs, 0.0000117 secs]2019-02-01T01:29:14.194+0000: 795529.151: [JNI Weak Reference, 0.0000213 secs]
Desired survivor size 138412032 bytes, new threshold 1 (max 15)
[PSYoungGen: 1688353K->38484K(1646080K)] 3055327K->1408196K(5046272K), 0.0217575 secs] [Times: user=0.20 sys=0.01, real=0.02 secs] 
2019-02-01T01:29:14.202+0000: 795529.159: Total time for which application threads were stopped: 0.0311824 seconds, Stopping threads took: 0.0002500 seconds
2019-02-01T01:29:19.068+0000: 795534.026: Application time: 4.8669523 seconds
2019-02-01T01:29:19.078+0000: 795534.036: Total time for which application threads were stopped: 0.0096704 seconds, Stopping threads took: 0.0007118 seconds
2019-02-01T01:29:19.079+0000: 795534.037: Application time: 0.0005430 seconds
2019-02-01T01:29:19.088+0000: 795534.046: [GC (GCLocker Initiated GC) 2019-02-01T01:29:19.106+0000: 795534.063: [SoftReference, 0 refs, 0.0000528 secs]2019-02-01T01:29:19.106+0000: 795534.063: [WeakReference, 38 refs, 0.0000325 secs]2019-02-01T01:29:19.106+0000: 795534.063: [FinalReference, 850 refs, 0.0003897 secs]2019-02-01T01:29:19.106+0000: 795534.064: [PhantomReference, 0 refs, 0 refs, 0.0000096 secs]2019-02-01T01:29:19.106+0000: 795534.064: [JNI Weak Reference, 0.0000198 secs]
Desired survivor size 132644864 bytes, new threshold 1 (max 15)
[PSYoungGen: 1645652K->68255K(1671680K)] 3015381K->1444324K(5071872K), 0.0287438 secs] [Times: user=0.29 sys=0.01, real=0.03 secs] 
2019-02-01T01:29:19.117+0000: 795534.075: Total time for which application threads were stopped: 0.0381549 seconds, Stopping threads took: 0.0002911 seconds
2019-02-01T01:29:23.514+0000: 795538.472: Application time: 4.3969860 seconds
2019-02-01T01:29:23.523+0000: 795538.481: Total time for which application threads were stopped: 0.0091486 seconds, Stopping threads took: 0.0002062 seconds
2019-02-01T01:29:23.524+0000: 795538.482: Application time: 0.0008931 seconds
2019-02-01T01:29:23.533+0000: 795538.491: [GC (GCLocker Initiated GC) 2019-02-01T01:29:23.546+0000: 795538.504: [SoftReference, 0 refs, 0.0000560 secs]2019-02-01T01:29:23.546+0000: 795538.504: [WeakReference, 15 refs, 0.0000145 secs]2019-02-01T01:29:23.546+0000: 795538.504: [FinalReference, 783 refs, 0.0003646 secs]2019-02-01T01:29:23.547+0000: 795538.505: [PhantomReference, 0 refs, 0 refs, 0.0000244 secs]2019-02-01T01:29:23.547+0000: 795538.505: [JNI Weak Reference, 0.0000188 secs]
Desired survivor size 130023424 bytes, new threshold 1 (max 15)
[PSYoungGen: 1645727K->42526K(1591296K)] 3025182K->1426212K(4991488K), 0.0218637 secs] [Times: user=0.21 sys=0.01, real=0.02 secs] 
2019-02-01T01:29:23.555+0000: 795538.513: Total time for which application threads were stopped: 0.0314815 seconds, Stopping threads took: 0.0002815 seconds
2019-02-01T01:29:28.201+0000: 795543.159: Application time: 4.6453894 seconds
2019-02-01T01:29:28.214+0000: 795543.171: Total time for which application threads were stopped: 0.0127907 seconds, Stopping threads took: 0.0041351 seconds
2019-02-01T01:29:28.215+0000: 795543.172: Application time: 0.0009278 seconds
2019-02-01T01:29:28.224+0000: 795543.181: [GC (GCLocker Initiated GC) 2019-02-01T01:29:28.235+0000: 795543.193: [SoftReference, 0 refs, 0.0000539 secs]2019-02-01T01:29:28.235+0000: 795543.193: [WeakReference, 29 refs, 0.0000194 secs]2019-02-01T01:29:28.235+0000: 795543.193: [FinalReference, 846 refs, 0.0004367 secs]2019-02-01T01:29:28.236+0000: 795543.194: [PhantomReference, 0 refs, 1 refs, 0.0000109 secs]2019-02-01T01:29:28.236+0000: 795543.194: [JNI Weak Reference, 0.0000201 secs]
Desired survivor size 129499136 bytes, new threshold 1 (max 15)
[PSYoungGen: 1590814K->31761K(1617920K)] 2977842K->1422790K(5018112K), 0.0206283 secs] [Times: user=0.18 sys=0.01, real=0.02 secs] 
2019-02-01T01:29:28.244+0000: 795543.202: Total time for which application threads were stopped: 0.0299361 seconds, Stopping threads took: 0.0003116 seconds
2019-02-01T01:29:32.819+0000: 795547.777: Application time: 4.5749947 seconds
2019-02-01T01:29:32.828+0000: 795547.786: Total time for which application threads were stopped: 0.0087490 seconds, Stopping threads took: 0.0002533 seconds
2019-02-01T01:29:32.829+0000: 795547.787: Application time: 0.0008419 seconds
2019-02-01T01:29:32.839+0000: 795547.797: [GC (GCLocker Initiated GC) 2019-02-01T01:29:32.850+0000: 795547.808: [SoftReference, 0 refs, 0.0000738 secs]2019-02-01T01:29:32.851+0000: 795547.808: [WeakReference, 18 refs, 0.0000274 secs]2019-02-01T01:29:32.851+0000: 795547.808: [FinalReference, 773 refs, 0.0005986 secs]2019-02-01T01:29:32.851+0000: 795547.809: [PhantomReference, 0 refs, 0 refs, 0.0000196 secs]2019-02-01T01:29:32.851+0000: 795547.809: [JNI Weak Reference, 0.0000584 secs]
Desired survivor size 126353408 bytes, new threshold 1 (max 15)
[PSYoungGen: 1551889K->38179K(1531392K)] 2943194K->1431750K(4931584K), 0.0254616 secs] [Times: user=0.20 sys=0.01, real=0.03 secs] 
2019-02-01T01:29:32.864+0000: 795547.822: Total time for which application threads were stopped: 0.0353073 seconds, Stopping threads took: 0.0004657 seconds
2019-02-01T01:29:37.599+0000: 795552.556: Application time: 4.7342334 seconds
2019-02-01T01:29:37.608+0000: 795552.566: Total time for which application threads were stopped: 0.0091141 seconds, Stopping threads took: 0.0003007 seconds
2019-02-01T01:29:37.608+0000: 795552.566: Application time: 0.0006647 seconds
2019-02-01T01:29:37.618+0000: 795552.576: [GC (GCLocker Initiated GC) 2019-02-01T01:29:37.630+0000: 795552.588: [SoftReference, 0 refs, 0.0000552 secs]2019-02-01T01:29:37.630+0000: 795552.588: [WeakReference, 14 refs, 0.0000165 secs]2019-02-01T01:29:37.630+0000: 795552.588: [FinalReference, 839 refs, 0.0005006 secs]2019-02-01T01:29:37.631+0000: 795552.589: [PhantomReference, 0 refs, 0 refs, 0.0000197 secs]2019-02-01T01:29:37.631+0000: 795552.589: [JNI Weak Reference, 0.0000281 secs]
Desired survivor size 125829120 bytes, new threshold 1 (max 15)
[PSYoungGen: 1531171K->24970K(1562112K)] 2924761K->1421749K(4962304K), 0.0231297 secs] [Times: user=0.16 sys=0.01, real=0.03 secs] 
2019-02-01T01:29:37.641+0000: 795552.599: Total time for which application threads were stopped: 0.0330882 seconds, Stopping threads took: 0.0003353 seconds
2019-02-01T01:29:40.372+0000: 795555.330: Application time: 2.7303745 seconds
2019-02-01T01:29:40.383+0000: 795555.340: Total time for which application threads were stopped: 0.0107806 seconds, Stopping threads took: 0.0015201 seconds
2019-02-01T01:29:42.839+0000: 795557.796: Application time: 2.4559832 seconds
2019-02-01T01:29:42.848+0000: 795557.806: Total time for which application threads were stopped: 0.0091388 seconds, Stopping threads took: 0.0003451 seconds
2019-02-01T01:29:42.849+0000: 795557.806: Application time: 0.0008105 seconds
2019-02-01T01:29:42.858+0000: 795557.816: [GC (GCLocker Initiated GC) 2019-02-01T01:29:42.870+0000: 795557.828: [SoftReference, 0 refs, 0.0000770 secs]2019-02-01T01:29:42.870+0000: 795557.828: [WeakReference, 13 refs, 0.0000267 secs]2019-02-01T01:29:42.870+0000: 795557.828: [FinalReference, 844 refs, 0.0006783 secs]2019-02-01T01:29:42.870+0000: 795557.828: [PhantomReference, 0 refs, 1 refs, 0.0000206 secs]2019-02-01T01:29:42.870+0000: 795557.828: [JNI Weak Reference, 0.0000376 secs]
Desired survivor size 122159104 bytes, new threshold 1 (max 15)
[PSYoungGen: 1491338K->34378K(1475584K)] 2888398K->1434809K(4875776K), 0.0244985 secs] [Times: user=0.19 sys=0.01, real=0.03 secs] 
2019-02-01T01:29:42.883+0000: 795557.841: Total time for which application threads were stopped: 0.0343206 seconds, Stopping threads took: 0.0005819 seconds
2019-02-01T01:29:46.721+0000: 795561.679: Application time: 3.8384590 seconds
2019-02-01T01:29:46.732+0000: 795561.690: Total time for which application threads were stopped: 0.0110257 seconds, Stopping threads took: 0.0021295 seconds
2019-02-01T01:29:46.735+0000: 795561.693: Application time: 0.0023476 seconds
2019-02-01T01:29:46.745+0000: 795561.703: [GC (GCLocker Initiated GC) 2019-02-01T01:29:46.762+0000: 795561.720: [SoftReference, 0 refs, 0.0000503 secs]2019-02-01T01:29:46.762+0000: 795561.720: [WeakReference, 20 refs, 0.0000172 secs]2019-02-01T01:29:46.763+0000: 795561.720: [FinalReference, 672 refs, 0.0003157 secs]2019-02-01T01:29:46.763+0000: 795561.721: [PhantomReference, 0 refs, 1 refs, 0.0000106 secs]2019-02-01T01:29:46.763+0000: 795561.721: [JNI Weak Reference, 0.0000195 secs]
Desired survivor size 125829120 bytes, new threshold 1 (max 15)
[PSYoungGen: 1475146K->80505K(1517056K)] 2882601K->1491521K(4917248K), 0.0240813 secs] [Times: user=0.32 sys=0.00, real=0.02 secs] 
2019-02-01T01:29:46.769+0000: 795561.727: Total time for which application threads were stopped: 0.0346283 seconds, Stopping threads took: 0.0007762 seconds
2019-02-01T01:29:51.576+0000: 795566.534: Application time: 4.8066947 seconds
2019-02-01T01:29:51.586+0000: 795566.544: Total time for which application threads were stopped: 0.0095674 seconds, Stopping threads took: 0.0003738 seconds
2019-02-01T01:29:51.587+0000: 795566.545: Application time: 0.0011802 seconds
2019-02-01T01:29:51.596+0000: 795566.554: [GC (GCLocker Initiated GC) 2019-02-01T01:29:51.611+0000: 795566.568: [SoftReference, 0 refs, 0.0000532 secs]2019-02-01T01:29:51.611+0000: 795566.569: [WeakReference, 93 refs, 0.0000460 secs]2019-02-01T01:29:51.611+0000: 795566.569: [FinalReference, 837 refs, 0.0003966 secs]2019-02-01T01:29:51.611+0000: 795566.569: [PhantomReference, 0 refs, 0 refs, 0.0000101 secs]2019-02-01T01:29:51.611+0000: 795566.569: [JNI Weak Reference, 0.0000190 secs]
Desired survivor size 123207680 bytes, new threshold 1 (max 15)
[PSYoungGen: 1496185K->31070K(1422848K)] 2907226K->1445053K(4823040K), 0.0227694 secs] [Times: user=0.20 sys=0.01, real=0.02 secs] 
2019-02-01T01:29:51.619+0000: 795566.577: Total time for which application threads were stopped: 0.0325241 seconds, Stopping threads took: 0.0003593 seconds
2019-02-01T01:29:54.893+0000: 795569.851: Application time: 3.2740232 seconds
2019-02-01T01:29:54.905+0000: 795569.863: Total time for which application threads were stopped: 0.0117889 seconds, Stopping threads took: 0.0028244 seconds
2019-02-01T01:29:55.839+0000: 795570.797: Application time: 0.9335315 seconds
2019-02-01T01:29:55.848+0000: 795570.806: Total time for which application threads were stopped: 0.0093787 seconds, Stopping threads took: 0.0004075 seconds
2019-02-01T01:29:55.849+0000: 795570.806: Application time: 0.0004656 seconds
2019-02-01T01:29:55.858+0000: 795570.816: [GC (GCLocker Initiated GC) 2019-02-01T01:29:55.873+0000: 795570.831: [SoftReference, 0 refs, 0.0000604 secs]2019-02-01T01:29:55.873+0000: 795570.831: [WeakReference, 52 refs, 0.0000269 secs]2019-02-01T01:29:55.873+0000: 795570.831: [FinalReference, 811 refs, 0.0004778 secs]2019-02-01T01:29:55.874+0000: 795570.832: [PhantomReference, 0 refs, 1 refs, 0.0000130 secs]2019-02-01T01:29:55.874+0000: 795570.832: [JNI Weak Reference, 0.0000198 secs]
Desired survivor size 116916224 bytes, new threshold 1 (max 15)
[PSYoungGen: 1422686K->50024K(1452544K)] 2836685K->1467917K(4852736K), 0.0247949 secs] [Times: user=0.28 sys=0.02, real=0.02 secs] 
2019-02-01T01:29:55.883+0000: 795570.841: Total time for which application threads were stopped: 0.0343733 seconds, Stopping threads took: 0.0002166 seconds
2019-02-01T01:29:58.869+0000: 795573.827: Application time: 2.9856727 seconds
2019-02-01T01:29:58.879+0000: 795573.837: Total time for which application threads were stopped: 0.0100271 seconds, Stopping threads took: 0.0019560 seconds
2019-02-01T01:29:58.879+0000: 795573.837: Application time: 0.0001658 seconds
2019-02-01T01:29:58.887+0000: 795573.844: Total time for which application threads were stopped: 0.0076104 seconds, Stopping threads took: 0.0001865 seconds
2019-02-01T01:29:58.887+0000: 795573.845: Application time: 0.0002365 seconds
2019-02-01T01:29:58.894+0000: 795573.852: Total time for which application threads were stopped: 0.0074142 seconds, Stopping threads took: 0.0001965 seconds
2019-02-01T01:29:58.896+0000: 795573.853: Application time: 0.0014793 seconds
2019-02-01T01:29:58.904+0000: 795573.862: [GC (GCLocker Initiated GC) 2019-02-01T01:29:58.926+0000: 795573.884: [SoftReference, 0 refs, 0.0000614 secs]2019-02-01T01:29:58.926+0000: 795573.884: [WeakReference, 96 refs, 0.0000392 secs]2019-02-01T01:29:58.926+0000: 795573.884: [FinalReference, 706 refs, 0.0003650 secs]2019-02-01T01:29:58.926+0000: 795573.884: [PhantomReference, 0 refs, 1 refs, 0.0000110 secs]2019-02-01T01:29:58.926+0000: 795573.884: [JNI Weak Reference, 0.0000193 secs]
Desired survivor size 143654912 bytes, new threshold 1 (max 15)
[PSYoungGen: 1418088K->114162K(1459200K)] 2844186K->1565630K(4859392K), 0.0260376 secs] [Times: user=0.44 sys=0.01, real=0.03 secs] 
2019-02-01T01:29:58.930+0000: 795573.888: Total time for which application threads were stopped: 0.0343368 seconds, Stopping threads took: 0.0003068 seconds
2019-02-01T01:30:01.387+0000: 795576.345: Application time: 2.4572740 seconds
2019-02-01T01:30:01.397+0000: 795576.355: Total time for which application threads were stopped: 0.0097934 seconds, Stopping threads took: 0.0004178 seconds
2019-02-01T01:30:01.399+0000: 795576.356: Application time: 0.0014958 seconds
2019-02-01T01:30:01.407+0000: 795576.364: [GC (GCLocker Initiated GC) 2019-02-01T01:30:01.425+0000: 795576.383: [SoftReference, 0 refs, 0.0000556 secs]2019-02-01T01:30:01.425+0000: 795576.383: [WeakReference, 60 refs, 0.0000290 secs]2019-02-01T01:30:01.425+0000: 795576.383: [FinalReference, 681 refs, 0.0003524 secs]2019-02-01T01:30:01.425+0000: 795576.383: [PhantomReference, 0 refs, 0 refs, 0.0000121 secs]2019-02-01T01:30:01.425+0000: 795576.383: [JNI Weak Reference, 0.0000196 secs]
Desired survivor size 149946368 bytes, new threshold 1 (max 15)
[PSYoungGen: 1459186K->99110K(1453568K)] 2917379K->1565106K(4853760K), 0.0223095 secs] [Times: user=0.36 sys=0.01, real=0.02 secs] 
2019-02-01T01:30:01.429+0000: 795576.387: Total time for which application threads were stopped: 0.0304477 seconds, Stopping threads took: 0.0003020 seconds
2019-02-01T01:30:04.988+0000: 795579.946: Application time: 3.5588239 seconds
2019-02-01T01:30:04.997+0000: 795579.955: Total time for which application threads were stopped: 0.0092050 seconds, Stopping threads took: 0.0002600 seconds
2019-02-01T01:30:04.998+0000: 795579.956: Application time: 0.0010117 seconds
2019-02-01T01:30:05.007+0000: 795579.965: [GC (GCLocker Initiated GC) 2019-02-01T01:30:05.023+0000: 795579.981: [SoftReference, 0 refs, 0.0000721 secs]2019-02-01T01:30:05.023+0000: 795579.981: [WeakReference, 69 refs, 0.0000650 secs]2019-02-01T01:30:05.023+0000: 795579.981: [FinalReference, 690 refs, 0.0005087 secs]2019-02-01T01:30:05.024+0000: 795579.981: [PhantomReference, 0 refs, 0 refs, 0.0000203 secs]2019-02-01T01:30:05.024+0000: 795579.982: [JNI Weak Reference, 0.0000326 secs]
Desired survivor size 144703488 bytes, new threshold 1 (max 15)
[PSYoungGen: 1422118K->47638K(1349632K)] 2888160K->1521298K(4749824K), 0.0247390 secs] [Times: user=0.29 sys=0.01, real=0.02 secs] 
2019-02-01T01:30:05.032+0000: 795579.990: Total time for which application threads were stopped: 0.0343790 seconds, Stopping threads took: 0.0002995 seconds
2019-02-01T01:30:09.108+0000: 795584.065: Application time: 4.0751252 seconds
2019-02-01T01:30:09.117+0000: 795584.074: Total time for which application threads were stopped: 0.0090010 seconds, Stopping threads took: 0.0003127 seconds
2019-02-01T01:30:09.118+0000: 795584.076: Application time: 0.0010789 seconds
2019-02-01T01:30:09.127+0000: 795584.085: [GC (GCLocker Initiated GC) 2019-02-01T01:30:09.139+0000: 795584.097: [SoftReference, 0 refs, 0.0000792 secs]2019-02-01T01:30:09.139+0000: 795584.097: [WeakReference, 26 refs, 0.0000337 secs]2019-02-01T01:30:09.139+0000: 795584.097: [FinalReference, 748 refs, 0.0005603 secs]2019-02-01T01:30:09.140+0000: 795584.098: [PhantomReference, 0 refs, 0 refs, 0.0000215 secs]2019-02-01T01:30:09.140+0000: 795584.098: [JNI Weak Reference, 0.0000326 secs]
Desired survivor size 141033472 bytes, new threshold 1 (max 15)
[PSYoungGen: 1349142K->39456K(1393664K)] 2823143K->1519226K(4793856K), 0.0256045 secs] [Times: user=0.22 sys=0.01, real=0.02 secs] 
2019-02-01T01:30:09.153+0000: 795584.110: Total time for which application threads were stopped: 0.0348251 seconds, Stopping threads took: 0.0001527 seconds
2019-02-01T01:30:14.473+0000: 795589.431: Application time: 5.3202830 seconds
2019-02-01T01:30:14.481+0000: 795589.439: Total time for which application threads were stopped: 0.0079905 seconds, Stopping threads took: 0.0004323 seconds
2019-02-01T01:30:14.482+0000: 795589.440: Application time: 0.0010005 seconds
2019-02-01T01:30:14.490+0000: 795589.448: [GC (GCLocker Initiated GC) 2019-02-01T01:30:14.509+0000: 795589.466: [SoftReference, 0 refs, 0.0000546 secs]2019-02-01T01:30:14.509+0000: 795589.466: [WeakReference, 53 refs, 0.0000326 secs]2019-02-01T01:30:14.509+0000: 795589.467: [FinalReference, 688 refs, 0.0003445 secs]2019-02-01T01:30:14.509+0000: 795589.467: [PhantomReference, 0 refs, 0 refs, 0.0000098 secs]2019-02-01T01:30:14.509+0000: 795589.467: [JNI Weak Reference, 0.0000199 secs]
Desired survivor size 134742016 bytes, new threshold 1 (max 15)
[PSYoungGen: 1319968K->65226K(1325568K)] 2803148K->1553586K(4725760K), 0.0282342 secs] [Times: user=0.28 sys=0.02, real=0.03 secs] 
2019-02-01T01:30:14.519+0000: 795589.477: Total time for which application threads were stopped: 0.0369093 seconds, Stopping threads took: 0.0004173 seconds
2019-02-01T01:30:17.745+0000: 795592.703: Application time: 3.2262192 seconds
2019-02-01T01:30:17.758+0000: 795592.716: Total time for which application threads were stopped: 0.0134976 seconds, Stopping threads took: 0.0046441 seconds
2019-02-01T01:30:17.761+0000: 795592.718: Application time: 0.0021600 seconds
2019-02-01T01:30:17.771+0000: 795592.728: [GC (GCLocker Initiated GC) 2019-02-01T01:30:17.783+0000: 795592.741: [SoftReference, 0 refs, 0.0000547 secs]2019-02-01T01:30:17.783+0000: 795592.741: [WeakReference, 59 refs, 0.0000350 secs]2019-02-01T01:30:17.783+0000: 795592.741: [FinalReference, 774 refs, 0.0003869 secs]2019-02-01T01:30:17.783+0000: 795592.741: [PhantomReference, 0 refs, 1 refs, 0.0000108 secs]2019-02-01T01:30:17.783+0000: 795592.741: [JNI Weak Reference, 0.0000189 secs]
Desired survivor size 129499136 bytes, new threshold 1 (max 15)
[PSYoungGen: 1325258K->50506K(1341440K)] 2820389K->1549119K(4741632K), 0.0217020 secs] [Times: user=0.20 sys=0.01, real=0.02 secs] 
2019-02-01T01:30:17.793+0000: 795592.750: Total time for which application threads were stopped: 0.0319588 seconds, Stopping threads took: 0.0003423 seconds
2019-02-01T01:30:21.871+0000: 795596.829: Application time: 4.0781495 seconds
2019-02-01T01:30:21.878+0000: 795596.836: Total time for which application threads were stopped: 0.0075296 seconds, Stopping threads took: 0.0004214 seconds
2019-02-01T01:30:21.879+0000: 795596.837: Application time: 0.0008879 seconds
2019-02-01T01:30:21.886+0000: 795596.844: [GC (GCLocker Initiated GC) 2019-02-01T01:30:21.903+0000: 795596.861: [SoftReference, 0 refs, 0.0000552 secs]2019-02-01T01:30:21.903+0000: 795596.861: [WeakReference, 139 refs, 0.0000557 secs]2019-02-01T01:30:21.903+0000: 795596.861: [FinalReference, 666 refs, 0.0003037 secs]2019-02-01T01:30:21.903+0000: 795596.861: [PhantomReference, 0 refs, 0 refs, 0.0000103 secs]2019-02-01T01:30:21.903+0000: 795596.861: [JNI Weak Reference, 0.0000192 secs]
Desired survivor size 132120576 bytes, new threshold 1 (max 15)
[PSYoungGen: 1290570K->85148K(1306112K)] 2789414K->1588947K(4706304K), 0.0230993 secs] [Times: user=0.33 sys=0.01, real=0.03 secs] 
2019-02-01T01:30:21.910+0000: 795596.867: Total time for which application threads were stopped: 0.0304203 seconds, Stopping threads took: 0.0002155 seconds
2019-02-01T01:30:25.285+0000: 795600.243: Application time: 3.3754762 seconds
2019-02-01T01:30:25.292+0000: 795600.250: Total time for which application threads were stopped: 0.0074184 seconds, Stopping threads took: 0.0005585 seconds
2019-02-01T01:30:25.293+0000: 795600.251: Application time: 0.0006830 seconds
2019-02-01T01:30:25.301+0000: 795600.258: [GC (GCLocker Initiated GC) 2019-02-01T01:30:25.315+0000: 795600.273: [SoftReference, 0 refs, 0.0000628 secs]2019-02-01T01:30:25.315+0000: 795600.273: [WeakReference, 23 refs, 0.0000256 secs]2019-02-01T01:30:25.315+0000: 795600.273: [FinalReference, 597 refs, 0.0003005 secs]2019-02-01T01:30:25.315+0000: 795600.273: [PhantomReference, 0 refs, 1 refs, 0.0000108 secs]2019-02-01T01:30:25.315+0000: 795600.273: [JNI Weak Reference, 0.0000192 secs]
Desired survivor size 127926272 bytes, new threshold 1 (max 15)
[PSYoungGen: 1305756K->49322K(1303552K)] 2816269K->1564102K(4703744K), 0.0228899 secs] [Times: user=0.21 sys=0.01, real=0.02 secs] 
2019-02-01T01:30:25.324+0000: 795600.282: Total time for which application threads were stopped: 0.0305465 seconds, Stopping threads took: 0.0005074 seconds
2019-02-01T01:30:28.524+0000: 795603.482: Application time: 3.2000143 seconds
2019-02-01T01:30:28.533+0000: 795603.491: Total time for which application threads were stopped: 0.0094930 seconds, Stopping threads took: 0.0003338 seconds
2019-02-01T01:30:28.535+0000: 795603.492: Application time: 0.0013205 seconds
2019-02-01T01:30:28.544+0000: 795603.502: [GC (GCLocker Initiated GC) 2019-02-01T01:30:28.561+0000: 795603.519: [SoftReference, 0 refs, 0.0000759 secs]2019-02-01T01:30:28.561+0000: 795603.519: [WeakReference, 270 refs, 0.0001225 secs]2019-02-01T01:30:28.561+0000: 795603.519: [FinalReference, 656 refs, 0.0004846 secs]2019-02-01T01:30:28.562+0000: 795603.520: [PhantomReference, 0 refs, 0 refs, 0.0000197 secs]2019-02-01T01:30:28.562+0000: 795603.520: [JNI Weak Reference, 0.0000336 secs]
Desired survivor size 134217728 bytes, new threshold 1 (max 15)
[PSYoungGen: 1250986K->96010K(1279488K)] 2765809K->1614294K(4679680K), 0.0243221 secs] [Times: user=0.34 sys=0.00, real=0.02 secs] 
2019-02-01T01:30:28.569+0000: 795603.527: Total time for which application threads were stopped: 0.0343464 seconds, Stopping threads took: 0.0003458 seconds
2019-02-01T01:30:32.424+0000: 795607.382: Application time: 3.8548583 seconds
2019-02-01T01:30:32.431+0000: 795607.388: Total time for which application threads were stopped: 0.0068520 seconds, Stopping threads took: 0.0002440 seconds
2019-02-01T01:30:32.431+0000: 795607.389: Application time: 0.0005251 seconds
2019-02-01T01:30:32.438+0000: 795607.396: [GC (GCLocker Initiated GC) 2019-02-01T01:30:32.455+0000: 795607.413: [SoftReference, 0 refs, 0.0000594 secs]2019-02-01T01:30:32.455+0000: 795607.413: [WeakReference, 11 refs, 0.0000142 secs]2019-02-01T01:30:32.455+0000: 795607.413: [FinalReference, 624 refs, 0.0003295 secs]2019-02-01T01:30:32.456+0000: 795607.413: [PhantomReference, 0 refs, 0 refs, 0.0000105 secs]2019-02-01T01:30:32.456+0000: 795607.414: [JNI Weak Reference, 0.0000191 secs]
Desired survivor size 128450560 bytes, new threshold 1 (max 15)
[PSYoungGen: 1279242K->59965K(1267200K)] 2797542K->1585339K(4667392K), 0.0256620 secs] [Times: user=0.34 sys=0.01, real=0.03 secs] 
2019-02-01T01:30:32.464+0000: 795607.422: Total time for which application threads were stopped: 0.0328801 seconds, Stopping threads took: 0.0002429 seconds
2019-02-01T01:30:34.834+0000: 795609.791: Application time: 2.3696187 seconds
2019-02-01T01:30:34.847+0000: 795609.804: Total time for which application threads were stopped: 0.0129963 seconds, Stopping threads took: 0.0041732 seconds
2019-02-01T01:30:34.847+0000: 795609.805: Application time: 0.0006315 seconds
2019-02-01T01:30:34.857+0000: 795609.815: [GC (GCLocker Initiated GC) 2019-02-01T01:30:34.873+0000: 795609.830: [SoftReference, 0 refs, 0.0000605 secs]2019-02-01T01:30:34.873+0000: 795609.830: [WeakReference, 152 refs, 0.0000606 secs]2019-02-01T01:30:34.873+0000: 795609.830: [FinalReference, 649 refs, 0.0003063 secs]2019-02-01T01:30:34.873+0000: 795609.831: [PhantomReference, 0 refs, 1 refs, 0.0000107 secs]2019-02-01T01:30:34.873+0000: 795609.831: [JNI Weak Reference, 0.0000184 secs]
Desired survivor size 122683392 bytes, new threshold 1 (max 15)
[PSYoungGen: 1225277K->65061K(1213440K)] 2760660K->1603231K(4613632K), 0.0238522 secs] [Times: user=0.28 sys=0.01, real=0.03 secs] 
2019-02-01T01:30:34.881+0000: 795609.839: Total time for which application threads were stopped: 0.0341308 seconds, Stopping threads took: 0.0012236 seconds
2019-02-01T01:30:38.518+0000: 795613.476: Application time: 3.6366171 seconds
2019-02-01T01:30:38.527+0000: 795613.485: Total time for which application threads were stopped: 0.0091394 seconds, Stopping threads took: 0.0014115 seconds
2019-02-01T01:30:38.529+0000: 795613.486: Application time: 0.0013047 seconds
2019-02-01T01:30:38.538+0000: 795613.496: [GC (GCLocker Initiated GC) 2019-02-01T01:30:38.556+0000: 795613.514: [SoftReference, 0 refs, 0.0000610 secs]2019-02-01T01:30:38.556+0000: 795613.514: [WeakReference, 57 refs, 0.0000266 secs]2019-02-01T01:30:38.556+0000: 795613.514: [FinalReference, 606 refs, 0.0002819 secs]2019-02-01T01:30:38.556+0000: 795613.514: [PhantomReference, 0 refs, 1 refs, 0.0000103 secs]2019-02-01T01:30:38.556+0000: 795613.514: [JNI Weak Reference, 0.0000268 secs]
Desired survivor size 121110528 bytes, new threshold 1 (max 15)
[PSYoungGen: 1212965K->76073K(1230848K)] 2754654K->1625591K(4631040K), 0.0254797 secs] [Times: user=0.31 sys=0.01, real=0.03 secs] 
2019-02-01T01:30:38.564+0000: 795613.521: Total time for which application threads were stopped: 0.0349906 seconds, Stopping threads took: 0.0002064 seconds
2019-02-01T01:30:40.372+0000: 795615.330: Application time: 1.8086107 seconds
2019-02-01T01:30:40.381+0000: 795615.338: Total time for which application threads were stopped: 0.0084183 seconds, Stopping threads took: 0.0013385 seconds
2019-02-01T01:30:40.945+0000: 795615.903: Application time: 0.5645453 seconds
2019-02-01T01:30:40.954+0000: 795615.912: Total time for which application threads were stopped: 0.0092965 seconds, Stopping threads took: 0.0003578 seconds
2019-02-01T01:30:40.956+0000: 795615.914: Application time: 0.0014771 seconds
2019-02-01T01:30:40.966+0000: 795615.923: [GC (GCLocker Initiated GC) 2019-02-01T01:30:40.982+0000: 795615.940: [SoftReference, 0 refs, 0.0000553 secs]2019-02-01T01:30:40.982+0000: 795615.940: [WeakReference, 43 refs, 0.0000551 secs]2019-02-01T01:30:40.982+0000: 795615.940: [FinalReference, 601 refs, 0.0002865 secs]2019-02-01T01:30:40.983+0000: 795615.940: [PhantomReference, 0 refs, 0 refs, 0.0000103 secs]2019-02-01T01:30:40.983+0000: 795615.940: [JNI Weak Reference, 0.0000187 secs]
Desired survivor size 122683392 bytes, new threshold 1 (max 15)
[PSYoungGen: 1207081K->83367K(1198080K)] 2760821K->1641872K(4598272K), 0.0225989 secs] [Times: user=0.32 sys=0.01, real=0.02 secs] 
2019-02-01T01:30:40.988+0000: 795615.946: Total time for which application threads were stopped: 0.0324626 seconds, Stopping threads took: 0.0002600 seconds
2019-02-01T01:30:44.248+0000: 795619.206: Application time: 3.2594815 seconds
2019-02-01T01:30:44.257+0000: 795619.215: Total time for which application threads were stopped: 0.0091142 seconds, Stopping threads took: 0.0002961 seconds
2019-02-01T01:30:44.258+0000: 795619.216: Application time: 0.0008224 seconds
2019-02-01T01:30:44.267+0000: 795619.224: [GC (GCLocker Initiated GC) 2019-02-01T01:30:44.279+0000: 795619.237: [SoftReference, 0 refs, 0.0000622 secs]2019-02-01T01:30:44.279+0000: 795619.237: [WeakReference, 101 refs, 0.0000654 secs]2019-02-01T01:30:44.279+0000: 795619.237: [FinalReference, 602 refs, 0.0017915 secs]2019-02-01T01:30:44.281+0000: 795619.239: [PhantomReference, 0 refs, 0 refs, 0.0000312 secs]2019-02-01T01:30:44.281+0000: 795619.239: [JNI Weak Reference, 0.0000322 secs]
Desired survivor size 119537664 bytes, new threshold 1 (max 15)
[PSYoungGen: 1197991K->52701K(1195520K)] 2756855K->1616994K(4595712K), 0.0255744 secs] [Times: user=0.25 sys=0.01, real=0.03 secs] 
2019-02-01T01:30:44.292+0000: 795619.250: Total time for which application threads were stopped: 0.0344924 seconds, Stopping threads took: 0.0003559 seconds
2019-02-01T01:30:48.341+0000: 795623.299: Application time: 4.0488251 seconds
2019-02-01T01:30:48.347+0000: 795623.305: Total time for which application threads were stopped: 0.0062767 seconds, Stopping threads took: 0.0006584 seconds
2019-02-01T01:30:48.349+0000: 795623.307: Application time: 0.0015031 seconds
2019-02-01T01:30:48.356+0000: 795623.314: [GC (GCLocker Initiated GC) 2019-02-01T01:30:48.375+0000: 795623.332: [SoftReference, 0 refs, 0.0000452 secs]2019-02-01T01:30:48.375+0000: 795623.333: [WeakReference, 26 refs, 0.0000192 secs]2019-02-01T01:30:48.375+0000: 795623.333: [FinalReference, 588 refs, 0.0002898 secs]2019-02-01T01:30:48.375+0000: 795623.333: [PhantomReference, 0 refs, 1 refs, 0.0000107 secs]2019-02-01T01:30:48.375+0000: 795623.333: [JNI Weak Reference, 0.0000195 secs]
Desired survivor size 115343360 bytes, new threshold 1 (max 15)
[PSYoungGen: 1150941K->60470K(1143296K)] 2720191K->1634376K(4543488K), 0.0269943 secs] [Times: user=0.37 sys=0.02, real=0.03 secs] 
2019-02-01T01:30:48.383+0000: 795623.341: Total time for which application threads were stopped: 0.0340659 seconds, Stopping threads took: 0.0003988 seconds
2019-02-01T01:30:51.875+0000: 795626.832: Application time: 3.4915638 seconds
2019-02-01T01:30:51.882+0000: 795626.840: Total time for which application threads were stopped: 0.0074259 seconds, Stopping threads took: 0.0018072 seconds
2019-02-01T01:30:51.883+0000: 795626.841: Application time: 0.0008254 seconds
2019-02-01T01:30:51.889+0000: 795626.847: [GC (GCLocker Initiated GC) 2019-02-01T01:30:51.905+0000: 795626.862: [SoftReference, 0 refs, 0.0000549 secs]2019-02-01T01:30:51.905+0000: 795626.862: [WeakReference, 102 refs, 0.0000427 secs]2019-02-01T01:30:51.905+0000: 795626.863: [FinalReference, 535 refs, 0.0002627 secs]2019-02-01T01:30:51.905+0000: 795626.863: [PhantomReference, 0 refs, 2 refs, 0.0000106 secs]2019-02-01T01:30:51.905+0000: 795626.863: [JNI Weak Reference, 0.0000188 secs]
Desired survivor size 115867648 bytes, new threshold 1 (max 15)
[PSYoungGen: 1142838K->79722K(1165312K)] 2717791K->1656746K(4565504K), 0.0213656 secs] [Times: user=0.30 sys=0.01, real=0.02 secs] 
2019-02-01T01:30:51.911+0000: 795626.869: Total time for which application threads were stopped: 0.0280740 seconds, Stopping threads took: 0.0007224 seconds
2019-02-01T01:30:55.023+0000: 795629.981: Application time: 3.1119614 seconds
2019-02-01T01:30:55.029+0000: 795629.987: Total time for which application threads were stopped: 0.0059705 seconds, Stopping threads took: 0.0003788 seconds
2019-02-01T01:30:55.030+0000: 795629.988: Application time: 0.0009091 seconds
2019-02-01T01:30:55.042+0000: 795630.000: [GC (GCLocker Initiated GC) 2019-02-01T01:30:55.056+0000: 795630.014: [SoftReference, 0 refs, 0.0000746 secs]2019-02-01T01:30:55.057+0000: 795630.014: [WeakReference, 85 refs, 0.0000660 secs]2019-02-01T01:30:55.057+0000: 795630.014: [FinalReference, 492 refs, 0.0003558 secs]2019-02-01T01:30:55.057+0000: 795630.015: [PhantomReference, 0 refs, 0 refs, 0.0000189 secs]2019-02-01T01:30:55.057+0000: 795630.015: [JNI Weak Reference, 0.0000406 secs]
Desired survivor size 112721920 bytes, new threshold 1 (max 15)
[PSYoungGen: 1146730K->60482K(1113088K)] 2730437K->1657528K(4513280K), 0.0254202 secs] [Times: user=0.25 sys=0.01, real=0.03 secs] 
2019-02-01T01:30:55.068+0000: 795630.026: Total time for which application threads were stopped: 0.0383049 seconds, Stopping threads took: 0.0047018 seconds
2019-02-01T01:30:58.785+0000: 795633.743: Application time: 3.7170747 seconds
2019-02-01T01:30:58.791+0000: 795633.749: Total time for which application threads were stopped: 0.0061689 seconds, Stopping threads took: 0.0003132 seconds
2019-02-01T01:30:58.792+0000: 795633.750: Application time: 0.0005266 seconds
2019-02-01T01:30:58.799+0000: 795633.757: [GC (GCLocker Initiated GC) 2019-02-01T01:30:58.813+0000: 795633.771: [SoftReference, 0 refs, 0.0000540 secs]2019-02-01T01:30:58.813+0000: 795633.771: [WeakReference, 217 refs, 0.0000811 secs]2019-02-01T01:30:58.813+0000: 795633.771: [FinalReference, 515 refs, 0.0002381 secs]2019-02-01T01:30:58.814+0000: 795633.771: [PhantomReference, 0 refs, 0 refs, 0.0000096 secs]2019-02-01T01:30:58.814+0000: 795633.771: [JNI Weak Reference, 0.0000191 secs]
Desired survivor size 111149056 bytes, new threshold 1 (max 15)
[PSYoungGen: 1112642K->74408K(1129472K)] 2709702K->1675671K(4529664K), 0.0211024 secs] [Times: user=0.29 sys=0.00, real=0.02 secs] 
2019-02-01T01:30:58.820+0000: 795633.778: Total time for which application threads were stopped: 0.0284447 seconds, Stopping threads took: 0.0002446 seconds
2019-02-01T01:31:02.972+0000: 795637.930: Application time: 4.1521862 seconds
2019-02-01T01:31:02.981+0000: 795637.939: Total time for which application threads were stopped: 0.0090402 seconds, Stopping threads took: 0.0011713 seconds
2019-02-01T01:31:02.982+0000: 795637.940: Application time: 0.0007585 seconds
2019-02-01T01:31:02.991+0000: 795637.949: [GC (GCLocker Initiated GC) 2019-02-01T01:31:03.005+0000: 795637.962: [SoftReference, 0 refs, 0.0000642 secs]2019-02-01T01:31:03.005+0000: 795637.963: [WeakReference, 123 refs, 0.0000735 secs]2019-02-01T01:31:03.005+0000: 795637.963: [FinalReference, 558 refs, 0.0003637 secs]2019-02-01T01:31:03.005+0000: 795637.963: [PhantomReference, 0 refs, 1 refs, 0.0000196 secs]2019-02-01T01:31:03.005+0000: 795637.963: [JNI Weak Reference, 0.0000318 secs]
Desired survivor size 106954752 bytes, new threshold 1 (max 15)
[PSYoungGen: 1111720K->66956K(1090048K)] 2719652K->1680366K(4490240K), 0.0254215 secs] [Times: user=0.26 sys=0.01, real=0.03 secs] 
2019-02-01T01:31:03.017+0000: 795637.975: Total time for which application threads were stopped: 0.0344793 seconds, Stopping threads took: 0.0003648 seconds
2019-02-01T01:31:06.365+0000: 795641.323: Application time: 3.3479667 seconds
2019-02-01T01:31:06.373+0000: 795641.330: Total time for which application threads were stopped: 0.0079384 seconds, Stopping threads took: 0.0023305 seconds
2019-02-01T01:31:06.374+0000: 795641.331: Application time: 0.0010043 seconds
2019-02-01T01:31:06.381+0000: 795641.339: [GC (GCLocker Initiated GC) 2019-02-01T01:31:06.393+0000: 795641.351: [SoftReference, 0 refs, 0.0000550 secs]2019-02-01T01:31:06.393+0000: 795641.351: [WeakReference, 38 refs, 0.0000226 secs]2019-02-01T01:31:06.393+0000: 795641.351: [FinalReference, 507 refs, 0.0002539 secs]2019-02-01T01:31:06.393+0000: 795641.351: [PhantomReference, 0 refs, 1 refs, 0.0000309 secs]2019-02-01T01:31:06.393+0000: 795641.351: [JNI Weak Reference, 0.0000187 secs]
Desired survivor size 109051904 bytes, new threshold 1 (max 15)
[PSYoungGen: 1089932K->33052K(1103872K)] 2709999K->1657581K(4504064K), 0.0176226 secs] [Times: user=0.20 sys=0.00, real=0.02 secs] 
2019-02-01T01:31:06.399+0000: 795641.356: Total time for which application threads were stopped: 0.0248737 seconds, Stopping threads took: 0.0003660 seconds
2019-02-01T01:31:10.074+0000: 795645.032: Application time: 3.6753205 seconds
2019-02-01T01:31:10.081+0000: 795645.039: Total time for which application threads were stopped: 0.0068756 seconds, Stopping threads took: 0.0011971 seconds
2019-02-01T01:31:10.081+0000: 795645.039: Application time: 0.0006365 seconds
2019-02-01T01:31:10.090+0000: 795645.048: [GC (GCLocker Initiated GC) 2019-02-01T01:31:10.101+0000: 795645.059: [SoftReference, 0 refs, 0.0000740 secs]2019-02-01T01:31:10.101+0000: 795645.059: [WeakReference, 27 refs, 0.0000239 secs]2019-02-01T01:31:10.101+0000: 795645.059: [FinalReference, 524 refs, 0.0002577 secs]2019-02-01T01:31:10.102+0000: 795645.059: [PhantomReference, 0 refs, 1 refs, 0.0000103 secs]2019-02-01T01:31:10.102+0000: 795645.059: [JNI Weak Reference, 0.0000184 secs]
Desired survivor size 111149056 bytes, new threshold 1 (max 15)
[PSYoungGen: 1042204K->27862K(1024000K)] 2670067K->1658053K(4424192K), 0.0166777 secs] [Times: user=0.18 sys=0.01, real=0.02 secs] 
2019-02-01T01:31:10.107+0000: 795645.065: Total time for which application threads were stopped: 0.0257462 seconds, Stopping threads took: 0.0003345 seconds
2019-02-01T01:31:14.572+0000: 795649.530: Application time: 4.4649305 seconds
2019-02-01T01:31:14.581+0000: 795649.539: Total time for which application threads were stopped: 0.0092585 seconds, Stopping threads took: 0.0034620 seconds
2019-02-01T01:31:14.582+0000: 795649.540: Application time: 0.0010577 seconds
2019-02-01T01:31:14.590+0000: 795649.548: [GC (GCLocker Initiated GC) 2019-02-01T01:31:14.602+0000: 795649.560: [SoftReference, 0 refs, 0.0000628 secs]2019-02-01T01:31:14.602+0000: 795649.560: [WeakReference, 19 refs, 0.0000293 secs]2019-02-01T01:31:14.602+0000: 795649.560: [FinalReference, 669 refs, 0.0005172 secs]2019-02-01T01:31:14.603+0000: 795649.561: [PhantomReference, 0 refs, 2 refs, 0.0000205 secs]2019-02-01T01:31:14.603+0000: 795649.561: [JNI Weak Reference, 0.0000312 secs]
Desired survivor size 113770496 bytes, new threshold 1 (max 15)
[PSYoungGen: 1023702K->15054K(1082880K)] 2664639K->1658397K(4483072K), 0.0207002 secs] [Times: user=0.16 sys=0.01, real=0.02 secs] 
2019-02-01T01:31:14.611+0000: 795649.569: Total time for which application threads were stopped: 0.0287345 seconds, Stopping threads took: 0.0005327 seconds
2019-02-01T01:31:17.813+0000: 795652.771: Application time: 3.2015511 seconds
2019-02-01T01:31:17.821+0000: 795652.779: Total time for which application threads were stopped: 0.0080350 seconds, Stopping threads took: 0.0001768 seconds
2019-02-01T01:31:17.821+0000: 795652.779: Application time: 0.0003077 seconds
2019-02-01T01:31:17.829+0000: 795652.787: [GC (GCLocker Initiated GC) 2019-02-01T01:31:17.841+0000: 795652.799: [SoftReference, 0 refs, 0.0000535 secs]2019-02-01T01:31:17.841+0000: 795652.799: [WeakReference, 10 refs, 0.0000292 secs]2019-02-01T01:31:17.841+0000: 795652.799: [FinalReference, 452 refs, 0.0006246 secs]2019-02-01T01:31:17.842+0000: 795652.800: [PhantomReference, 0 refs, 0 refs, 0.0000300 secs]2019-02-01T01:31:17.842+0000: 795652.800: [JNI Weak Reference, 0.0000378 secs]
Desired survivor size 112721920 bytes, new threshold 1 (max 15)
[PSYoungGen: 997582K->28010K(997888K)] 2640926K->1673453K(4398080K), 0.0222451 secs] [Times: user=0.19 sys=0.01, real=0.02 secs] 
2019-02-01T01:31:17.852+0000: 795652.810: Total time for which application threads were stopped: 0.0307076 seconds, Stopping threads took: 0.0003224 seconds
2019-02-01T01:31:18.852+0000: 795653.810: Application time: 1.0003167 seconds
2019-02-01T01:31:18.858+0000: 795653.816: Total time for which application threads were stopped: 0.0060451 seconds, Stopping threads took: 0.0002997 seconds
2019-02-01T01:31:21.444+0000: 795656.402: Application time: 2.5858965 seconds
2019-02-01T01:31:21.452+0000: 795656.410: Total time for which application threads were stopped: 0.0080178 seconds, Stopping threads took: 0.0027354 seconds
2019-02-01T01:31:21.453+0000: 795656.411: Application time: 0.0007815 seconds
2019-02-01T01:31:21.459+0000: 795656.417: [GC (GCLocker Initiated GC) 2019-02-01T01:31:21.479+0000: 795656.437: [SoftReference, 0 refs, 0.0000796 secs]2019-02-01T01:31:21.479+0000: 795656.437: [WeakReference, 16 refs, 0.0000305 secs]2019-02-01T01:31:21.479+0000: 795656.437: [FinalReference, 504 refs, 0.0003554 secs]2019-02-01T01:31:21.480+0000: 795656.438: [PhantomReference, 0 refs, 0 refs, 0.0000185 secs]2019-02-01T01:31:21.480+0000: 795656.438: [JNI Weak Reference, 0.0000310 secs]
Desired survivor size 107479040 bytes, new threshold 1 (max 15)
[PSYoungGen: 997738K->51880K(1043968K)] 2643210K->1700471K(4444160K), 0.0284441 secs] [Times: user=0.32 sys=0.02, real=0.03 secs] 
2019-02-01T01:31:21.487+0000: 795656.445: Total time for which application threads were stopped: 0.0345511 seconds, Stopping threads took: 0.0004489 seconds
2019-02-01T01:31:25.807+0000: 795660.765: Application time: 4.3197702 seconds
2019-02-01T01:31:25.813+0000: 795660.771: Total time for which application threads were stopped: 0.0056685 seconds, Stopping threads took: 0.0002220 seconds
2019-02-01T01:31:25.813+0000: 795660.771: Application time: 0.0004746 seconds
2019-02-01T01:31:25.819+0000: 795660.777: [GC (GCLocker Initiated GC) 2019-02-01T01:31:25.831+0000: 795660.788: [SoftReference, 0 refs, 0.0000464 secs]2019-02-01T01:31:25.831+0000: 795660.788: [WeakReference, 7 refs, 0.0000198 secs]2019-02-01T01:31:25.831+0000: 795660.789: [FinalReference, 572 refs, 0.0004274 secs]2019-02-01T01:31:25.831+0000: 795660.789: [PhantomReference, 0 refs, 0 refs, 0.0000153 secs]2019-02-01T01:31:25.831+0000: 795660.789: [JNI Weak Reference, 0.0000261 secs]
Desired survivor size 104333312 bytes, new threshold 1 (max 15)
[PSYoungGen: 1008808K->39131K(984064K)] 2657420K->1691416K(4384256K), 0.0221155 secs] [Times: user=0.20 sys=0.00, real=0.02 secs] 
2019-02-01T01:31:25.841+0000: 795660.799: Total time for which application threads were stopped: 0.0279368 seconds, Stopping threads took: 0.0002924 seconds
2019-02-01T01:31:29.701+0000: 795664.659: Application time: 3.8597113 seconds
2019-02-01T01:31:29.715+0000: 795664.672: Total time for which application threads were stopped: 0.0136329 seconds, Stopping threads took: 0.0062697 seconds
2019-02-01T01:31:29.716+0000: 795664.673: Application time: 0.0009695 seconds
2019-02-01T01:31:29.724+0000: 795664.682: [GC (GCLocker Initiated GC) 2019-02-01T01:31:29.741+0000: 795664.699: [SoftReference, 0 refs, 0.0000692 secs]2019-02-01T01:31:29.741+0000: 795664.699: [WeakReference, 6 refs, 0.0000219 secs]2019-02-01T01:31:29.741+0000: 795664.699: [FinalReference, 482 refs, 0.0003712 secs]2019-02-01T01:31:29.741+0000: 795664.699: [PhantomReference, 0 refs, 1 refs, 0.0000200 secs]2019-02-01T01:31:29.741+0000: 795664.699: [JNI Weak Reference, 0.0000322 secs]
Desired survivor size 115867648 bytes, new threshold 1 (max 15)
[PSYoungGen: 983771K->95441K(1034240K)] 2636620K->1751056K(4434432K), 0.0227373 secs] [Times: user=0.31 sys=0.00, real=0.02 secs] 
2019-02-01T01:31:29.747+0000: 795664.705: Total time for which application threads were stopped: 0.0312898 seconds, Stopping threads took: 0.0007507 seconds
2019-02-01T01:31:33.301+0000: 795668.259: Application time: 3.5543325 seconds
2019-02-01T01:31:33.309+0000: 795668.267: Total time for which application threads were stopped: 0.0081444 seconds, Stopping threads took: 0.0002518 seconds
2019-02-01T01:31:33.310+0000: 795668.268: Application time: 0.0006265 seconds
2019-02-01T01:31:33.318+0000: 795668.276: [GC (GCLocker Initiated GC) 2019-02-01T01:31:33.330+0000: 795668.288: [SoftReference, 0 refs, 0.0000649 secs]2019-02-01T01:31:33.330+0000: 795668.288: [WeakReference, 13 refs, 0.0000265 secs]2019-02-01T01:31:33.331+0000: 795668.288: [FinalReference, 463 refs, 0.0003611 secs]2019-02-01T01:31:33.331+0000: 795668.289: [PhantomReference, 0 refs, 0 refs, 0.0000190 secs]2019-02-01T01:31:33.331+0000: 795668.289: [JNI Weak Reference, 0.0000315 secs]
Desired survivor size 112197632 bytes, new threshold 1 (max 15)
[PSYoungGen: 1027793K->44667K(965632K)] 2683445K->1703858K(4365824K), 0.0204296 secs] [Times: user=0.19 sys=0.01, real=0.03 secs] 
2019-02-01T01:31:33.338+0000: 795668.296: Total time for which application threads were stopped: 0.0284856 seconds, Stopping threads took: 0.0003540 seconds
2019-02-01T01:31:37.118+0000: 795672.076: Application time: 3.7799456 seconds
2019-02-01T01:31:37.124+0000: 795672.082: Total time for which application threads were stopped: 0.0055488 seconds, Stopping threads took: 0.0001592 seconds
2019-02-01T01:31:37.124+0000: 795672.082: Application time: 0.0002522 seconds
2019-02-01T01:31:37.131+0000: 795672.088: [GC (GCLocker Initiated GC) 2019-02-01T01:31:37.144+0000: 795672.102: [SoftReference, 0 refs, 0.0000606 secs]2019-02-01T01:31:37.144+0000: 795672.102: [WeakReference, 35 refs, 0.0000352 secs]2019-02-01T01:31:37.144+0000: 795672.102: [FinalReference, 529 refs, 0.0003579 secs]2019-02-01T01:31:37.144+0000: 795672.102: [PhantomReference, 0 refs, 0 refs, 0.0000200 secs]2019-02-01T01:31:37.144+0000: 795672.102: [JNI Weak Reference, 0.0000319 secs]
Desired survivor size 110100480 bytes, new threshold 1 (max 15)
[PSYoungGen: 965243K->34489K(1002496K)] 2631080K->1702688K(4402688K), 0.0223065 secs] [Times: user=0.18 sys=0.01, real=0.02 secs] 
2019-02-01T01:31:37.153+0000: 795672.111: Total time for which application threads were stopped: 0.0288533 seconds, Stopping threads took: 0.0002658 seconds
2019-02-01T01:31:40.372+0000: 795675.330: Application time: 3.2189340 seconds
2019-02-01T01:31:40.378+0000: 795675.335: Total time for which application threads were stopped: 0.0055384 seconds, Stopping threads took: 0.0002168 seconds
2019-02-01T01:31:40.912+0000: 795675.870: Application time: 0.5346027 seconds
2019-02-01T01:31:40.920+0000: 795675.878: Total time for which application threads were stopped: 0.0074906 seconds, Stopping threads took: 0.0002801 seconds
2019-02-01T01:31:40.920+0000: 795675.878: Application time: 0.0007468 seconds
2019-02-01T01:31:40.928+0000: 795675.886: [GC (GCLocker Initiated GC) 2019-02-01T01:31:40.942+0000: 795675.900: [SoftReference, 0 refs, 0.0000486 secs]2019-02-01T01:31:40.942+0000: 795675.900: [WeakReference, 5 refs, 0.0000211 secs]2019-02-01T01:31:40.942+0000: 795675.900: [FinalReference, 468 refs, 0.0003339 secs]2019-02-01T01:31:40.942+0000: 795675.900: [PhantomReference, 0 refs, 0 refs, 0.0000195 secs]2019-02-01T01:31:40.942+0000: 795675.900: [JNI Weak Reference, 0.0000339 secs]
Desired survivor size 104857600 bytes, new threshold 1 (max 15)
[PSYoungGen: 943289K->49476K(947200K)] 2614846K->1723983K(4347392K), 0.0252454 secs] [Times: user=0.27 sys=0.01, real=0.03 secs] 
2019-02-01T01:31:40.954+0000: 795675.911: Total time for which application threads were stopped: 0.0332099 seconds, Stopping threads took: 0.0002561 seconds
2019-02-01T01:31:44.047+0000: 795679.005: Application time: 3.0932118 seconds
2019-02-01T01:31:44.053+0000: 795679.010: Total time for which application threads were stopped: 0.0056614 seconds, Stopping threads took: 0.0003551 seconds
2019-02-01T01:31:44.053+0000: 795679.011: Application time: 0.0005270 seconds
2019-02-01T01:31:44.062+0000: 795679.020: [GC (GCLocker Initiated GC) 2019-02-01T01:31:44.074+0000: 795679.032: [SoftReference, 0 refs, 0.0000688 secs]2019-02-01T01:31:44.074+0000: 795679.032: [WeakReference, 12 refs, 0.0000256 secs]2019-02-01T01:31:44.074+0000: 795679.032: [FinalReference, 462 refs, 0.0004762 secs]2019-02-01T01:31:44.075+0000: 795679.032: [PhantomReference, 0 refs, 0 refs, 0.0000190 secs]2019-02-01T01:31:44.075+0000: 795679.032: [JNI Weak Reference, 0.0000321 secs]
Desired survivor size 103284736 bytes, new threshold 1 (max 15)
[PSYoungGen: 947012K->61619K(974336K)] 2624856K->1742447K(4374528K), 0.0221516 secs] [Times: user=0.22 sys=0.01, real=0.02 secs] 
2019-02-01T01:31:44.085+0000: 795679.042: Total time for which application threads were stopped: 0.0314508 seconds, Stopping threads took: 0.0027169 seconds
2019-02-01T01:31:47.650+0000: 795682.608: Application time: 3.5658867 seconds
2019-02-01T01:31:47.657+0000: 795682.615: Total time for which application threads were stopped: 0.0064722 seconds, Stopping threads took: 0.0001499 seconds
2019-02-01T01:31:47.657+0000: 795682.615: Application time: 0.0002928 seconds
2019-02-01T01:31:47.665+0000: 795682.623: [GC (GCLocker Initiated GC) 2019-02-01T01:31:47.675+0000: 795682.632: [SoftReference, 0 refs, 0.0000557 secs]2019-02-01T01:31:47.675+0000: 795682.633: [WeakReference, 17 refs, 0.0000276 secs]2019-02-01T01:31:47.675+0000: 795682.633: [FinalReference, 480 refs, 0.0003793 secs]2019-02-01T01:31:47.675+0000: 795682.633: [PhantomReference, 0 refs, 0 refs, 0.0000186 secs]2019-02-01T01:31:47.675+0000: 795682.633: [JNI Weak Reference, 0.0000324 secs]
Desired survivor size 101711872 bytes, new threshold 1 (max 15)
[PSYoungGen: 947891K->33325K(909312K)] 2628740K->1716702K(4309504K), 0.0187761 secs] [Times: user=0.17 sys=0.01, real=0.02 secs] 
2019-02-01T01:31:47.684+0000: 795682.642: Total time for which application threads were stopped: 0.0265359 seconds, Stopping threads took: 0.0001675 seconds
2019-02-01T01:31:51.076+0000: 795686.034: Application time: 3.3926412 seconds
2019-02-01T01:31:51.085+0000: 795686.043: [GC (Allocation Failure) 2019-02-01T01:31:51.099+0000: 795686.056: [SoftReference, 0 refs, 0.0000576 secs]2019-02-01T01:31:51.099+0000: 795686.056: [WeakReference, 70 refs, 0.0000557 secs]2019-02-01T01:31:51.099+0000: 795686.057: [FinalReference, 476 refs, 0.0003236 secs]2019-02-01T01:31:51.099+0000: 795686.057: [PhantomReference, 0 refs, 0 refs, 0.0000191 secs]2019-02-01T01:31:51.099+0000: 795686.057: [JNI Weak Reference, 0.0000302 secs]
Desired survivor size 97517568 bytes, new threshold 1 (max 15)
[PSYoungGen: 908845K->49556K(945152K)] 2597345K->1739985K(4345344K), 0.0246822 secs] [Times: user=0.23 sys=0.02, real=0.02 secs] 
2019-02-01T01:31:51.110+0000: 795686.068: Total time for which application threads were stopped: 0.0338777 seconds, Stopping threads took: 0.0003140 seconds
2019-02-01T01:31:53.807+0000: 795688.765: Application time: 2.6967111 seconds
2019-02-01T01:31:53.813+0000: 795688.771: Total time for which application threads were stopped: 0.0061374 seconds, Stopping threads took: 0.0002540 seconds
2019-02-01T01:31:53.815+0000: 795688.773: Application time: 0.0019914 seconds
2019-02-01T01:31:53.823+0000: 795688.780: [GC (GCLocker Initiated GC) 2019-02-01T01:31:53.834+0000: 795688.792: [SoftReference, 0 refs, 0.0000510 secs]2019-02-01T01:31:53.834+0000: 795688.792: [WeakReference, 7 refs, 0.0000168 secs]2019-02-01T01:31:53.834+0000: 795688.792: [FinalReference, 421 refs, 0.0003161 secs]2019-02-01T01:31:53.834+0000: 795688.792: [PhantomReference, 0 refs, 0 refs, 0.0000139 secs]2019-02-01T01:31:53.835+0000: 795688.792: [JNI Weak Reference, 0.0000240 secs]
Desired survivor size 95420416 bytes, new threshold 1 (max 15)
[PSYoungGen: 914324K->37072K(891904K)] 2608330K->1734154K(4292096K), 0.0194489 secs] [Times: user=0.19 sys=0.01, real=0.01 secs] 
2019-02-01T01:31:53.842+0000: 795688.800: Total time for which application threads were stopped: 0.0270900 seconds, Stopping threads took: 0.0009687 seconds
2019-02-01T01:31:56.802+0000: 795691.759: Application time: 2.9594658 seconds
2019-02-01T01:31:56.809+0000: 795691.767: Total time for which application threads were stopped: 0.0077886 seconds, Stopping threads took: 0.0002343 seconds
2019-02-01T01:31:56.810+0000: 795691.768: Application time: 0.0004485 seconds
2019-02-01T01:31:56.818+0000: 795691.776: [GC (GCLocker Initiated GC) 2019-02-01T01:31:56.830+0000: 795691.788: [SoftReference, 0 refs, 0.0000586 secs]2019-02-01T01:31:56.830+0000: 795691.788: [WeakReference, 23 refs, 0.0000421 secs]2019-02-01T01:31:56.830+0000: 795691.788: [FinalReference, 498 refs, 0.0004161 secs]2019-02-01T01:31:56.830+0000: 795691.788: [PhantomReference, 0 refs, 1 refs, 0.0000207 secs]2019-02-01T01:31:56.830+0000: 795691.788: [JNI Weak Reference, 0.0000363 secs]
Desired survivor size 94896128 bytes, new threshold 1 (max 15)
[PSYoungGen: 891600K->26680K(926208K)] 2598788K->1736050K(4326400K), 0.0209525 secs] [Times: user=0.19 sys=0.02, real=0.02 secs] 
2019-02-01T01:31:56.839+0000: 795691.797: Total time for which application threads were stopped: 0.0293758 seconds, Stopping threads took: 0.0004309 seconds
2019-02-01T01:32:00.087+0000: 795695.045: Application time: 3.2474415 seconds
2019-02-01T01:32:00.101+0000: 795695.059: Total time for which application threads were stopped: 0.0141674 seconds, Stopping threads took: 0.0050395 seconds
2019-02-01T01:32:00.102+0000: 795695.060: Application time: 0.0008733 seconds
2019-02-01T01:32:00.111+0000: 795695.069: [GC (GCLocker Initiated GC) 2019-02-01T01:32:00.125+0000: 795695.083: [SoftReference, 0 refs, 0.0000808 secs]2019-02-01T01:32:00.125+0000: 795695.083: [WeakReference, 58 refs, 0.0001005 secs]2019-02-01T01:32:00.125+0000: 795695.083: [FinalReference, 462 refs, 0.0003428 secs]2019-02-01T01:32:00.126+0000: 795695.083: [PhantomReference, 0 refs, 1 refs, 0.0000207 secs]2019-02-01T01:32:00.126+0000: 795695.083: [JNI Weak Reference, 0.0000330 secs]
Desired survivor size 93847552 bytes, new threshold 1 (max 15)
[PSYoungGen: 870968K->56296K(890880K)] 2583783K->1772128K(4291072K), 0.0225617 secs] [Times: user=0.25 sys=0.01, real=0.03 secs] 
2019-02-01T01:32:00.134+0000: 795695.092: Total time for which application threads were stopped: 0.0326072 seconds, Stopping threads took: 0.0003216 seconds
2019-02-01T01:32:02.669+0000: 795697.627: Application time: 2.5345215 seconds
2019-02-01T01:32:02.678+0000: 795697.636: Total time for which application threads were stopped: 0.0094298 seconds, Stopping threads took: 0.0003482 seconds
2019-02-01T01:32:02.680+0000: 795697.637: Application time: 0.0012766 seconds
2019-02-01T01:32:02.689+0000: 795697.647: [GC (GCLocker Initiated GC) 2019-02-01T01:32:02.702+0000: 795697.660: [SoftReference, 0 refs, 0.0000545 secs]2019-02-01T01:32:02.702+0000: 795697.660: [WeakReference, 9 refs, 0.0000130 secs]2019-02-01T01:32:02.702+0000: 795697.660: [FinalReference, 405 refs, 0.0001963 secs]2019-02-01T01:32:02.702+0000: 795697.660: [PhantomReference, 0 refs, 0 refs, 0.0000111 secs]2019-02-01T01:32:02.702+0000: 795697.660: [JNI Weak Reference, 0.0000188 secs]
Desired survivor size 96468992 bytes, new threshold 1 (max 15)
[PSYoungGen: 890856K->68035K(911872K)] 2606959K->1787136K(4312064K), 0.0176724 secs] [Times: user=0.25 sys=0.01, real=0.02 secs] 
2019-02-01T01:32:02.707+0000: 795697.665: Total time for which application threads were stopped: 0.0270138 seconds, Stopping threads took: 0.0002683 seconds
2019-02-01T01:32:05.683+0000: 795700.641: Application time: 2.9765847 seconds
2019-02-01T01:32:05.692+0000: 795700.650: [GC (Allocation Failure) 2019-02-01T01:32:05.702+0000: 795700.660: [SoftReference, 0 refs, 0.0000777 secs]2019-02-01T01:32:05.702+0000: 795700.660: [WeakReference, 53 refs, 0.0000417 secs]2019-02-01T01:32:05.702+0000: 795700.660: [FinalReference, 467 refs, 0.0003474 secs]2019-02-01T01:32:05.703+0000: 795700.660: [PhantomReference, 0 refs, 0 refs, 0.0000196 secs]2019-02-01T01:32:05.703+0000: 795700.660: [JNI Weak Reference, 0.0000335 secs]
Desired survivor size 96468992 bytes, new threshold 1 (max 15)
[PSYoungGen: 892867K->25590K(841216K)] 2612114K->1748579K(4241408K), 0.0182371 secs] [Times: user=0.18 sys=0.00, real=0.02 secs] 
2019-02-01T01:32:05.711+0000: 795700.669: Total time for which application threads were stopped: 0.0276009 seconds, Stopping threads took: 0.0003010 seconds
2019-02-01T01:32:09.251+0000: 795704.209: Application time: 3.5401267 seconds
2019-02-01T01:32:09.260+0000: 795704.218: Total time for which application threads were stopped: 0.0086837 seconds, Stopping threads took: 0.0002680 seconds
2019-02-01T01:32:09.260+0000: 795704.218: Application time: 0.0006076 seconds
2019-02-01T01:32:09.269+0000: 795704.227: [GC (GCLocker Initiated GC) 2019-02-01T01:32:09.281+0000: 795704.239: [SoftReference, 0 refs, 0.0000895 secs]2019-02-01T01:32:09.281+0000: 795704.239: [WeakReference, 6 refs, 0.0000160 secs]2019-02-01T01:32:09.281+0000: 795704.239: [FinalReference, 531 refs, 0.0003971 secs]2019-02-01T01:32:09.282+0000: 795704.240: [PhantomReference, 0 refs, 0 refs, 0.0000166 secs]2019-02-01T01:32:09.282+0000: 795704.240: [JNI Weak Reference, 0.0000240 secs]
Desired survivor size 94371840 bytes, new threshold 1 (max 15)
[PSYoungGen: 840799K->31869K(887296K)] 2564327K->1758284K(4287488K), 0.0194309 secs] [Times: user=0.19 sys=0.00, real=0.02 secs] 
2019-02-01T01:32:09.289+0000: 795704.247: Total time for which application threads were stopped: 0.0287098 seconds, Stopping threads took: 0.0006225 seconds
2019-02-01T01:32:12.231+0000: 795707.189: Application time: 2.9420821 seconds
2019-02-01T01:32:12.241+0000: 795707.198: Total time for which application threads were stopped: 0.0094384 seconds, Stopping threads took: 0.0003015 seconds
2019-02-01T01:32:12.243+0000: 795707.201: Application time: 0.0021648 seconds
2019-02-01T01:32:12.250+0000: 795707.208: [GC (GCLocker Initiated GC) 2019-02-01T01:32:12.262+0000: 795707.220: [SoftReference, 0 refs, 0.0000620 secs]2019-02-01T01:32:12.262+0000: 795707.220: [WeakReference, 28 refs, 0.0000201 secs]2019-02-01T01:32:12.262+0000: 795707.220: [FinalReference, 445 refs, 0.0002181 secs]2019-02-01T01:32:12.262+0000: 795707.220: [PhantomReference, 0 refs, 1 refs, 0.0000107 secs]2019-02-01T01:32:12.262+0000: 795707.220: [JNI Weak Reference, 0.0000184 secs]
Desired survivor size 91226112 bytes, new threshold 1 (max 15)
[PSYoungGen: 838269K->38818K(836096K)] 2564817K->1766884K(4236288K), 0.0187494 secs] [Times: user=0.19 sys=0.00, real=0.02 secs] 
2019-02-01T01:32:12.269+0000: 795707.227: Total time for which application threads were stopped: 0.0260527 seconds, Stopping threads took: 0.0002632 seconds
2019-02-01T01:32:14.659+0000: 795709.617: Application time: 2.3904461 seconds
2019-02-01T01:32:14.668+0000: 795709.626: Total time for which application threads were stopped: 0.0087579 seconds, Stopping threads took: 0.0003648 seconds
2019-02-01T01:32:14.669+0000: 795709.627: Application time: 0.0008728 seconds
2019-02-01T01:32:14.678+0000: 795709.636: [GC (GCLocker Initiated GC) 2019-02-01T01:32:14.692+0000: 795709.649: [SoftReference, 0 refs, 0.0000785 secs]2019-02-01T01:32:14.692+0000: 795709.650: [WeakReference, 37 refs, 0.0000326 secs]2019-02-01T01:32:14.692+0000: 795709.650: [FinalReference, 378 refs, 0.0002856 secs]2019-02-01T01:32:14.692+0000: 795709.650: [PhantomReference, 0 refs, 1 refs, 0.0000195 secs]2019-02-01T01:32:14.692+0000: 795709.650: [JNI Weak Reference, 0.0000321 secs]
Desired survivor size 88080384 bytes, new threshold 1 (max 15)
[PSYoungGen: 836002K->48710K(862720K)] 2564108K->1779470K(4262912K), 0.0231252 secs] [Times: user=0.19 sys=0.01, real=0.02 secs] 
2019-02-01T01:32:14.702+0000: 795709.659: Total time for which application threads were stopped: 0.0326275 seconds, Stopping threads took: 0.0005095 seconds
2019-02-01T01:32:17.424+0000: 795712.381: Application time: 2.7220367 seconds
2019-02-01T01:32:17.433+0000: 795712.391: Total time for which application threads were stopped: 0.0095919 seconds, Stopping threads took: 0.0003487 seconds
2019-02-01T01:32:17.434+0000: 795712.391: Application time: 0.0004359 seconds
2019-02-01T01:32:17.442+0000: 795712.400: [GC (GCLocker Initiated GC) 2019-02-01T01:32:17.455+0000: 795712.413: [SoftReference, 0 refs, 0.0000817 secs]2019-02-01T01:32:17.455+0000: 795712.413: [WeakReference, 27 refs, 0.0000316 secs]2019-02-01T01:32:17.455+0000: 795712.413: [FinalReference, 431 refs, 0.0003245 secs]2019-02-01T01:32:17.455+0000: 795712.413: [PhantomReference, 0 refs, 0 refs, 0.0000194 secs]2019-02-01T01:32:17.455+0000: 795712.413: [JNI Weak Reference, 0.0000319 secs]
Desired survivor size 84934656 bytes, new threshold 1 (max 15)
[PSYoungGen: 837190K->39669K(819712K)] 2567961K->1774551K(4219904K), 0.0220924 secs] [Times: user=0.20 sys=0.01, real=0.02 secs] 
2019-02-01T01:32:17.464+0000: 795712.422: Total time for which application threads were stopped: 0.0307162 seconds, Stopping threads took: 0.0002225 seconds
2019-02-01T01:32:19.809+0000: 795714.767: Application time: 2.3443665 seconds
2019-02-01T01:32:19.818+0000: 795714.776: Total time for which application threads were stopped: 0.0094164 seconds, Stopping threads took: 0.0003801 seconds
2019-02-01T01:32:19.819+0000: 795714.777: Application time: 0.0008354 seconds
2019-02-01T01:32:19.828+0000: 795714.786: [GC (GCLocker Initiated GC) 2019-02-01T01:32:19.845+0000: 795714.802: [SoftReference, 0 refs, 0.0000589 secs]2019-02-01T01:32:19.845+0000: 795714.802: [WeakReference, 7 refs, 0.0000130 secs]2019-02-01T01:32:19.845+0000: 795714.802: [FinalReference, 390 refs, 0.0002070 secs]2019-02-01T01:32:19.845+0000: 795714.803: [PhantomReference, 0 refs, 0 refs, 0.0000098 secs]2019-02-01T01:32:19.845+0000: 795714.803: [JNI Weak Reference, 0.0000190 secs]
Desired survivor size 94896128 bytes, new threshold 1 (max 15)
[PSYoungGen: 819445K->81756K(852992K)] 2562019K->1837265K(4253184K), 0.0198558 secs] [Times: user=0.28 sys=0.00, real=0.02 secs] 
2019-02-01T01:32:19.849+0000: 795714.806: Total time for which application threads were stopped: 0.0295799 seconds, Stopping threads took: 0.0003355 seconds
2019-02-01T01:32:22.138+0000: 795717.096: Application time: 2.2891743 seconds
2019-02-01T01:32:22.145+0000: 795717.103: Total time for which application threads were stopped: 0.0073630 seconds, Stopping threads took: 0.0003261 seconds
2019-02-01T01:32:22.146+0000: 795717.104: Application time: 0.0007770 seconds
2019-02-01T01:32:22.154+0000: 795717.111: [GC (GCLocker Initiated GC) 2019-02-01T01:32:22.165+0000: 795717.123: [SoftReference, 0 refs, 0.0000591 secs]2019-02-01T01:32:22.165+0000: 795717.123: [WeakReference, 34 refs, 0.0000252 secs]2019-02-01T01:32:22.165+0000: 795717.123: [FinalReference, 405 refs, 0.0002124 secs]2019-02-01T01:32:22.165+0000: 795717.123: [PhantomReference, 0 refs, 0 refs, 0.0000139 secs]2019-02-01T01:32:22.165+0000: 795717.123: [JNI Weak Reference, 0.0000255 secs]
Desired survivor size 92274688 bytes, new threshold 1 (max 15)
[PSYoungGen: 851804K->53958K(816128K)] 2607340K->1817698K(4216320K), 0.0160711 secs] [Times: user=0.19 sys=0.00, real=0.02 secs] 
2019-02-01T01:32:22.170+0000: 795717.128: Total time for which application threads were stopped: 0.0239038 seconds, Stopping threads took: 0.0002376 seconds
2019-02-01T01:32:24.876+0000: 795719.834: Application time: 2.7060474 seconds
2019-02-01T01:32:24.885+0000: 795719.843: Total time for which application threads were stopped: 0.0089017 seconds, Stopping threads took: 0.0003447 seconds
2019-02-01T01:32:24.885+0000: 795719.843: Application time: 0.0004895 seconds
2019-02-01T01:32:24.894+0000: 795719.852: [GC (GCLocker Initiated GC) 2019-02-01T01:32:24.909+0000: 795719.867: [SoftReference, 0 refs, 0.0000690 secs]2019-02-01T01:32:24.909+0000: 795719.867: [WeakReference, 41 refs, 0.0000232 secs]2019-02-01T01:32:24.909+0000: 795719.867: [FinalReference, 427 refs, 0.0002192 secs]2019-02-01T01:32:24.909+0000: 795719.867: [PhantomReference, 0 refs, 0 refs, 0.0000098 secs]2019-02-01T01:32:24.909+0000: 795719.867: [JNI Weak Reference, 0.0000180 secs]
Desired survivor size 90701824 bytes, new threshold 1 (max 15)
[PSYoungGen: 815814K->35420K(832512K)] 2582889K->1804645K(4232704K), 0.0200196 secs] [Times: user=0.20 sys=0.01, real=0.02 secs] 
2019-02-01T01:32:24.914+0000: 795719.872: Total time for which application threads were stopped: 0.0291634 seconds, Stopping threads took: 0.0002567 seconds
2019-02-01T01:32:27.664+0000: 795722.622: Application time: 2.7500081 seconds
2019-02-01T01:32:27.673+0000: 795722.631: Total time for which application threads were stopped: 0.0089401 seconds, Stopping threads took: 0.0003143 seconds
2019-02-01T01:32:27.674+0000: 795722.632: Application time: 0.0003268 seconds
2019-02-01T01:32:27.682+0000: 795722.640: [GC (GCLocker Initiated GC) 2019-02-01T01:32:27.697+0000: 795722.654: [SoftReference, 0 refs, 0.0000908 secs]2019-02-01T01:32:27.697+0000: 795722.654: [WeakReference, 21 refs, 0.0000207 secs]2019-02-01T01:32:27.697+0000: 795722.654: [FinalReference, 420 refs, 0.0002450 secs]2019-02-01T01:32:27.697+0000: 795722.655: [PhantomReference, 0 refs, 0 refs, 0.0000100 secs]2019-02-01T01:32:27.697+0000: 795722.655: [JNI Weak Reference, 0.0000191 secs]
Desired survivor size 92274688 bytes, new threshold 1 (max 15)
[PSYoungGen: 789084K->16124K(761856K)] 2558856K->1787889K(4162048K), 0.0192739 secs] [Times: user=0.23 sys=0.02, real=0.02 secs] 
2019-02-01T01:32:27.702+0000: 795722.659: Total time for which application threads were stopped: 0.0278121 seconds, Stopping threads took: 0.0002461 seconds
2019-02-01T01:32:29.861+0000: 795724.819: Application time: 2.1593452 seconds
2019-02-01T01:32:29.870+0000: 795724.828: Total time for which application threads were stopped: 0.0091072 seconds, Stopping threads took: 0.0003745 seconds
2019-02-01T01:32:29.871+0000: 795724.829: Application time: 0.0008730 seconds
2019-02-01T01:32:29.880+0000: 795724.838: [GC (GCLocker Initiated GC) 2019-02-01T01:32:29.895+0000: 795724.853: [SoftReference, 0 refs, 0.0000578 secs]2019-02-01T01:32:29.895+0000: 795724.853: [WeakReference, 48 refs, 0.0000224 secs]2019-02-01T01:32:29.895+0000: 795724.853: [FinalReference, 402 refs, 0.0001845 secs]2019-02-01T01:32:29.896+0000: 795724.853: [PhantomReference, 0 refs, 0 refs, 0.0000099 secs]2019-02-01T01:32:29.896+0000: 795724.853: [JNI Weak Reference, 0.0000191 secs]
Desired survivor size 104333312 bytes, new threshold 1 (max 15)
[PSYoungGen: 761596K->89446K(823808K)] 2533428K->1863230K(4224000K), 0.0189464 secs] [Times: user=0.28 sys=0.00, real=0.02 secs] 
2019-02-01T01:32:29.899+0000: 795724.857: Total time for which application threads were stopped: 0.0281431 seconds, Stopping threads took: 0.0001810 seconds
2019-02-01T01:32:32.030+0000: 795726.988: Application time: 2.1308063 seconds
2019-02-01T01:32:32.037+0000: 795726.995: Total time for which application threads were stopped: 0.0069020 seconds, Stopping threads took: 0.0003100 seconds
2019-02-01T01:32:32.038+0000: 795726.996: Application time: 0.0009177 seconds
2019-02-01T01:32:32.044+0000: 795727.002: [GC (GCLocker Initiated GC) 2019-02-01T01:32:32.057+0000: 795727.015: [SoftReference, 0 refs, 0.0000614 secs]2019-02-01T01:32:32.057+0000: 795727.015: [WeakReference, 50 refs, 0.0000259 secs]2019-02-01T01:32:32.057+0000: 795727.015: [FinalReference, 384 refs, 0.0002295 secs]2019-02-01T01:32:32.058+0000: 795727.015: [PhantomReference, 0 refs, 1 refs, 0.0000107 secs]2019-02-01T01:32:32.058+0000: 795727.015: [JNI Weak Reference, 0.0000194 secs]
Desired survivor size 99090432 bytes, new threshold 1 (max 15)
[PSYoungGen: 823142K->48958K(775168K)] 2596948K->1832419K(4175360K), 0.0177911 secs] [Times: user=0.24 sys=0.01, real=0.02 secs] 
2019-02-01T01:32:32.062+0000: 795727.020: Total time for which application threads were stopped: 0.0245214 seconds, Stopping threads took: 0.0001908 seconds
2019-02-01T01:32:34.557+0000: 795729.515: Application time: 2.4951150 seconds
2019-02-01T01:32:34.567+0000: 795729.525: [GC (Allocation Failure) 2019-02-01T01:32:34.581+0000: 795729.539: [SoftReference, 0 refs, 0.0000783 secs]2019-02-01T01:32:34.581+0000: 795729.539: [WeakReference, 20 refs, 0.0000308 secs]2019-02-01T01:32:34.581+0000: 795729.539: [FinalReference, 433 refs, 0.0003142 secs]2019-02-01T01:32:34.581+0000: 795729.539: [PhantomReference, 0 refs, 1 refs, 0.0000205 secs]2019-02-01T01:32:34.581+0000: 795729.539: [JNI Weak Reference, 0.0000296 secs]
Desired survivor size 94371840 bytes, new threshold 1 (max 15)
[PSYoungGen: 774974K->47019K(798208K)] 2561758K->1836789K(4198400K), 0.0231506 secs] [Times: user=0.22 sys=0.01, real=0.03 secs] 
2019-02-01T01:32:34.591+0000: 795729.549: Total time for which application threads were stopped: 0.0334081 seconds, Stopping threads took: 0.0007828 seconds
2019-02-01T01:32:36.610+0000: 795731.568: Application time: 2.0189352 seconds
2019-02-01T01:32:36.619+0000: 795731.577: Total time for which application threads were stopped: 0.0094292 seconds, Stopping threads took: 0.0003607 seconds
2019-02-01T01:32:36.620+0000: 795731.578: Application time: 0.0006244 seconds
2019-02-01T01:32:36.629+0000: 795731.587: [GC (GCLocker Initiated GC) 2019-02-01T01:32:36.648+0000: 795731.606: [SoftReference, 0 refs, 0.0000755 secs]2019-02-01T01:32:36.648+0000: 795731.606: [WeakReference, 88 refs, 0.0000628 secs]2019-02-01T01:32:36.649+0000: 795731.606: [FinalReference, 299 refs, 0.0002676 secs]2019-02-01T01:32:36.649+0000: 795731.607: [PhantomReference, 0 refs, 0 refs, 0.0000233 secs]2019-02-01T01:32:36.649+0000: 795731.607: [JNI Weak Reference, 0.0000575 secs]
Desired survivor size 105906176 bytes, new threshold 1 (max 15)
[PSYoungGen: 765017K->90804K(803328K)] 2558108K->1898160K(4203520K), 0.0246654 secs] [Times: user=0.32 sys=0.00, real=0.02 secs] 
2019-02-01T01:32:36.654+0000: 795731.612: Total time for which application threads were stopped: 0.0343954 seconds, Stopping threads took: 0.0005168 seconds
2019-02-01T01:32:38.696+0000: 795733.654: Application time: 2.0421187 seconds
2019-02-01T01:32:38.705+0000: 795733.663: Total time for which application threads were stopped: 0.0090844 seconds, Stopping threads took: 0.0003614 seconds
2019-02-01T01:32:38.707+0000: 795733.664: Application time: 0.0011843 seconds
2019-02-01T01:32:38.714+0000: 795733.672: [GC (GCLocker Initiated GC) 2019-02-01T01:32:38.732+0000: 795733.690: [SoftReference, 0 refs, 0.0000902 secs]2019-02-01T01:32:38.732+0000: 795733.690: [WeakReference, 65 refs, 0.0000333 secs]2019-02-01T01:32:38.732+0000: 795733.690: [FinalReference, 340 refs, 0.0001580 secs]2019-02-01T01:32:38.733+0000: 795733.690: [PhantomReference, 0 refs, 0 refs, 0.0000094 secs]2019-02-01T01:32:38.733+0000: 795733.690: [JNI Weak Reference, 0.0000193 secs]
Desired survivor size 108527616 bytes, new threshold 1 (max 15)
[PSYoungGen: 801972K->73824K(812032K)] 2609374K->1886087K(4212224K), 0.0219053 secs] [Times: user=0.33 sys=0.00, real=0.02 secs] 
2019-02-01T01:32:38.736+0000: 795733.694: Total time for which application threads were stopped: 0.0299280 seconds, Stopping threads took: 0.0002564 seconds
2019-02-01T01:32:40.372+0000: 795735.330: Application time: 1.6356138 seconds
2019-02-01T01:32:40.381+0000: 795735.339: Total time for which application threads were stopped: 0.0093392 seconds, Stopping threads took: 0.0002711 seconds
2019-02-01T01:32:40.711+0000: 795735.669: Application time: 0.3297729 seconds
2019-02-01T01:32:40.735+0000: 795735.693: Total time for which application threads were stopped: 0.0235824 seconds, Stopping threads took: 0.0002997 seconds
2019-02-01T01:32:40.735+0000: 795735.693: Application time: 0.0002022 seconds
2019-02-01T01:32:40.742+0000: 795735.700: Total time for which application threads were stopped: 0.0068262 seconds, Stopping threads took: 0.0002187 seconds
2019-02-01T01:32:40.743+0000: 795735.701: Application time: 0.0011889 seconds
2019-02-01T01:32:40.750+0000: 795735.708: Total time for which application threads were stopped: 0.0067244 seconds, Stopping threads took: 0.0002682 seconds
2019-02-01T01:32:41.277+0000: 795736.235: Application time: 0.5270064 seconds
2019-02-01T01:32:41.289+0000: 795736.247: Total time for which application threads were stopped: 0.0120750 seconds, Stopping threads took: 0.0030486 seconds
2019-02-01T01:32:41.290+0000: 795736.248: Application time: 0.0012497 seconds
2019-02-01T01:32:41.299+0000: 795736.257: [GC (GCLocker Initiated GC) 2019-02-01T01:32:41.312+0000: 795736.270: [SoftReference, 0 refs, 0.0000586 secs]2019-02-01T01:32:41.312+0000: 795736.270: [WeakReference, 34 refs, 0.0000247 secs]2019-02-01T01:32:41.312+0000: 795736.270: [FinalReference, 432 refs, 0.0001950 secs]2019-02-01T01:32:41.312+0000: 795736.270: [PhantomReference, 0 refs, 1 refs, 0.0000100 secs]2019-02-01T01:32:41.312+0000: 795736.270: [JNI Weak Reference, 0.0000179 secs]
Desired survivor size 103809024 bytes, new threshold 1 (max 15)
[PSYoungGen: 782432K->54909K(756736K)] 2594819K->1870949K(4156928K), 0.0160035 secs] [Times: user=0.25 sys=0.01, real=0.02 secs] 
2019-02-01T01:32:41.316+0000: 795736.273: Total time for which application threads were stopped: 0.0254506 seconds, Stopping threads took: 0.0002895 seconds
2019-02-01T01:32:43.466+0000: 795738.423: Application time: 2.1500972 seconds
2019-02-01T01:32:43.475+0000: 795738.432: Total time for which application threads were stopped: 0.0089758 seconds, Stopping threads took: 0.0002366 seconds
2019-02-01T01:32:43.476+0000: 795738.433: Application time: 0.0008755 seconds
2019-02-01T01:32:43.484+0000: 795738.442: [GC (GCLocker Initiated GC) 2019-02-01T01:32:43.495+0000: 795738.453: [SoftReference, 0 refs, 0.0000995 secs]2019-02-01T01:32:43.495+0000: 795738.453: [WeakReference, 3 refs, 0.0000200 secs]2019-02-01T01:32:43.495+0000: 795738.453: [FinalReference, 351 refs, 0.0002933 secs]2019-02-01T01:32:43.496+0000: 795738.454: [PhantomReference, 0 refs, 0 refs, 0.0000193 secs]2019-02-01T01:32:43.496+0000: 795738.454: [JNI Weak Reference, 0.0000324 secs]
Desired survivor size 103284736 bytes, new threshold 1 (max 15)
[PSYoungGen: 756349K->29561K(787456K)] 2572423K->1847905K(4187648K), 0.0182349 secs] [Times: user=0.18 sys=0.01, real=0.02 secs] 
2019-02-01T01:32:43.503+0000: 795738.461: Total time for which application threads were stopped: 0.0273676 seconds, Stopping threads took: 0.0001841 seconds
2019-02-01T01:32:45.694+0000: 795740.652: Application time: 2.1908031 seconds
2019-02-01T01:32:45.702+0000: 795740.660: Total time for which application threads were stopped: 0.0084452 seconds, Stopping threads took: 0.0002778 seconds
2019-02-01T01:32:45.703+0000: 795740.661: Application time: 0.0010262 seconds
2019-02-01T01:32:45.710+0000: 795740.668: [GC (GCLocker Initiated GC) 2019-02-01T01:32:45.724+0000: 795740.681: [SoftReference, 0 refs, 0.0000591 secs]2019-02-01T01:32:45.724+0000: 795740.682: [WeakReference, 37 refs, 0.0000222 secs]2019-02-01T01:32:45.724+0000: 795740.682: [FinalReference, 319 refs, 0.0001495 secs]2019-02-01T01:32:45.724+0000: 795740.682: [PhantomReference, 0 refs, 0 refs, 0.0000097 secs]2019-02-01T01:32:45.724+0000: 795740.682: [JNI Weak Reference, 0.0000192 secs]
Desired survivor size 99090432 bytes, new threshold 1 (max 15)
[PSYoungGen: 723833K->49122K(736768K)] 2549282K->1879234K(4136960K), 0.0199059 secs] [Times: user=0.26 sys=0.00, real=0.02 secs] 
2019-02-01T01:32:45.730+0000: 795740.688: Total time for which application threads were stopped: 0.0269272 seconds, Stopping threads took: 0.0003393 seconds
2019-02-01T01:32:48.046+0000: 795743.003: Application time: 2.3155450 seconds
2019-02-01T01:32:48.058+0000: 795743.016: Total time for which application threads were stopped: 0.0126004 seconds, Stopping threads took: 0.0034346 seconds
2019-02-01T01:32:48.059+0000: 795743.016: Application time: 0.0002469 seconds
2019-02-01T01:32:48.067+0000: 795743.025: Total time for which application threads were stopped: 0.0089092 seconds, Stopping threads took: 0.0002546 seconds
2019-02-01T01:32:48.070+0000: 795743.028: Application time: 0.0028295 seconds
2019-02-01T01:32:48.080+0000: 795743.038: [GC (GCLocker Initiated GC) 2019-02-01T01:32:48.093+0000: 795743.051: [SoftReference, 0 refs, 0.0000741 secs]2019-02-01T01:32:48.093+0000: 795743.051: [WeakReference, 5 refs, 0.0000215 secs]2019-02-01T01:32:48.093+0000: 795743.051: [FinalReference, 336 refs, 0.0002801 secs]2019-02-01T01:32:48.094+0000: 795743.051: [PhantomReference, 0 refs, 2 refs, 0.0000210 secs]2019-02-01T01:32:48.094+0000: 795743.051: [JNI Weak Reference, 0.0000324 secs]
Desired survivor size 94371840 bytes, new threshold 1 (max 15)
[PSYoungGen: 736738K->52076K(761856K)] 2570351K->1888591K(4162048K), 0.0223138 secs] [Times: user=0.21 sys=0.01, real=0.03 secs] 
2019-02-01T01:32:48.103+0000: 795743.061: Total time for which application threads were stopped: 0.0324324 seconds, Stopping threads took: 0.0009273 seconds
2019-02-01T01:32:50.370+0000: 795745.328: Application time: 2.2672377 seconds
2019-02-01T01:32:50.379+0000: 795745.336: Total time for which application threads were stopped: 0.0086268 seconds, Stopping threads took: 0.0002036 seconds
2019-02-01T01:32:50.379+0000: 795745.337: Application time: 0.0005124 seconds
2019-02-01T01:32:50.388+0000: 795745.346: [GC (GCLocker Initiated GC) 2019-02-01T01:32:50.401+0000: 795745.359: [SoftReference, 0 refs, 0.0000590 secs]2019-02-01T01:32:50.401+0000: 795745.359: [WeakReference, 31 refs, 0.0000200 secs]2019-02-01T01:32:50.401+0000: 795745.359: [FinalReference, 403 refs, 0.0001915 secs]2019-02-01T01:32:50.401+0000: 795745.359: [PhantomReference, 0 refs, 0 refs, 0.0000101 secs]2019-02-01T01:32:50.401+0000: 795745.359: [JNI Weak Reference, 0.0000197 secs]
Desired survivor size 91750400 bytes, new threshold 1 (max 15)
[PSYoungGen: 733036K->45706K(720384K)] 2573258K->1887876K(4120576K), 0.0197693 secs] [Times: user=0.19 sys=0.00, real=0.02 secs] 
2019-02-01T01:32:50.408+0000: 795745.366: Total time for which application threads were stopped: 0.0289574 seconds, Stopping threads took: 0.0002667 seconds
2019-02-01T01:32:52.776+0000: 795747.734: Application time: 2.3678664 seconds
2019-02-01T01:32:52.785+0000: 795747.743: Total time for which application threads were stopped: 0.0093434 seconds, Stopping threads took: 0.0003028 seconds
2019-02-01T01:32:52.786+0000: 795747.743: Application time: 0.0003760 seconds
2019-02-01T01:32:52.794+0000: 795747.751: [GC (GCLocker Initiated GC) 2019-02-01T01:32:52.805+0000: 795747.763: [SoftReference, 0 refs, 0.0000536 secs]2019-02-01T01:32:52.806+0000: 795747.763: [WeakReference, 27 refs, 0.0000193 secs]2019-02-01T01:32:52.806+0000: 795747.763: [FinalReference, 342 refs, 0.0001706 secs]2019-02-01T01:32:52.806+0000: 795747.764: [PhantomReference, 0 refs, 0 refs, 0.0000100 secs]2019-02-01T01:32:52.806+0000: 795747.764: [JNI Weak Reference, 0.0000193 secs]
Desired survivor size 88080384 bytes, new threshold 1 (max 15)
[PSYoungGen: 720010K->50955K(743424K)] 2562185K->1901245K(4143616K), 0.0182524 secs] [Times: user=0.22 sys=0.00, real=0.02 secs] 
2019-02-01T01:32:52.812+0000: 795747.770: Total time for which application threads were stopped: 0.0264592 seconds, Stopping threads took: 0.0002265 seconds
2019-02-01T01:32:54.451+0000: 795749.409: Application time: 1.6390965 seconds
2019-02-01T01:32:54.461+0000: 795749.419: Total time for which application threads were stopped: 0.0096664 seconds, Stopping threads took: 0.0007701 seconds
2019-02-01T01:32:54.462+0000: 795749.419: Application time: 0.0007045 seconds
2019-02-01T01:32:54.471+0000: 795749.429: [GC (GCLocker Initiated GC) 2019-02-01T01:32:54.485+0000: 795749.443: [SoftReference, 0 refs, 0.0000819 secs]2019-02-01T01:32:54.485+0000: 795749.443: [WeakReference, 57 refs, 0.0000453 secs]2019-02-01T01:32:54.485+0000: 795749.443: [FinalReference, 275 refs, 0.0002108 secs]2019-02-01T01:32:54.485+0000: 795749.443: [PhantomReference, 0 refs, 0 refs, 0.0000196 secs]2019-02-01T01:32:54.485+0000: 795749.443: [JNI Weak Reference, 0.0000320 secs]
Desired survivor size 87031808 bytes, new threshold 1 (max 15)
[PSYoungGen: 718603K->58528K(719872K)] 2568977K->1915977K(4120064K), 0.0218764 secs] [Times: user=0.24 sys=0.01, real=0.02 secs] 
2019-02-01T01:32:54.493+0000: 795749.451: Total time for which application threads were stopped: 0.0318089 seconds, Stopping threads took: 0.0002629 seconds
2019-02-01T01:32:56.470+0000: 795751.428: Application time: 1.9765417 seconds
2019-02-01T01:32:56.479+0000: 795751.437: Total time for which application threads were stopped: 0.0092944 seconds, Stopping threads took: 0.0002954 seconds
2019-02-01T01:32:56.480+0000: 795751.438: Application time: 0.0008858 seconds
2019-02-01T01:32:56.489+0000: 795751.447: [GC (GCLocker Initiated GC) 2019-02-01T01:32:56.503+0000: 795751.460: [SoftReference, 0 refs, 0.0000742 secs]2019-02-01T01:32:56.503+0000: 795751.461: [WeakReference, 45 refs, 0.0000360 secs]2019-02-01T01:32:56.503+0000: 795751.461: [FinalReference, 351 refs, 0.0002378 secs]2019-02-01T01:32:56.503+0000: 795751.461: [PhantomReference, 0 refs, 1 refs, 0.0000199 secs]2019-02-01T01:32:56.503+0000: 795751.461: [JNI Weak Reference, 0.0000332 secs]
Desired survivor size 94896128 bytes, new threshold 1 (max 15)
[PSYoungGen: 719520K->81177K(738304K)] 2577014K->1942830K(4138496K), 0.0187567 secs] [Times: user=0.27 sys=0.00, real=0.02 secs] 
2019-02-01T01:32:56.509+0000: 795751.466: Total time for which application threads were stopped: 0.0283840 seconds, Stopping threads took: 0.0004410 seconds
2019-02-01T01:32:58.513+0000: 795753.471: Application time: 2.0046017 seconds
2019-02-01T01:32:58.523+0000: 795753.481: Total time for which application threads were stopped: 0.0098236 seconds, Stopping threads took: 0.0028190 seconds
2019-02-01T01:32:58.524+0000: 795753.482: Application time: 0.0013044 seconds
2019-02-01T01:32:58.533+0000: 795753.491: [GC (GCLocker Initiated GC) 2019-02-01T01:32:58.552+0000: 795753.510: [SoftReference, 0 refs, 0.0000445 secs]2019-02-01T01:32:58.552+0000: 795753.510: [WeakReference, 36 refs, 0.0000196 secs]2019-02-01T01:32:58.552+0000: 795753.510: [FinalReference, 358 refs, 0.0001754 secs]2019-02-01T01:32:58.552+0000: 795753.510: [PhantomReference, 0 refs, 4 refs, 0.0000211 secs]2019-02-01T01:32:58.552+0000: 795753.510: [JNI Weak Reference, 0.0000191 secs]
Desired survivor size 94896128 bytes, new threshold 1 (max 15)
[PSYoungGen: 734489K->31559K(745984K)] 2602812K->1908827K(4146176K), 0.0231723 secs] [Times: user=0.35 sys=0.02, real=0.02 secs] 
2019-02-01T01:32:58.556+0000: 795753.514: Total time for which application threads were stopped: 0.0319388 seconds, Stopping threads took: 0.0013473 seconds
2019-02-01T01:33:00.433+0000: 795755.391: Application time: 1.8769207 seconds
2019-02-01T01:33:00.444+0000: 795755.401: Total time for which application threads were stopped: 0.0103785 seconds, Stopping threads took: 0.0004219 seconds
2019-02-01T01:33:00.444+0000: 795755.402: Application time: 0.0007629 seconds
2019-02-01T01:33:00.455+0000: 795755.412: [GC (GCLocker Initiated GC) 2019-02-01T01:33:01.919+0000: 795756.877: [SoftReference, 0 refs, 0.0000579 secs]2019-02-01T01:33:01.919+0000: 795756.877: [WeakReference, 30 refs, 0.0000236 secs]2019-02-01T01:33:01.920+0000: 795756.877: [FinalReference, 298 refs, 0.0001768 secs]2019-02-01T01:33:01.920+0000: 795756.878: [PhantomReference, 0 refs, 0 refs, 0.0000112 secs]2019-02-01T01:33:01.920+0000: 795756.878: [JNI Weak Reference, 0.0000208 secs]
Desired survivor size 91750400 bytes, new threshold 1 (max 15)
[PSYoungGen: 684871K->46888K(861184K)] 2562158K->1931417K(4261376K), 1.4693487 secs] [Times: user=30.02 sys=1.77, real=1.47 secs] 
2019-02-01T01:33:01.924+0000: 795756.882: Total time for which application threads were stopped: 1.4798464 seconds, Stopping threads took: 0.0003958 seconds
2019-02-01T01:33:02.530+0000: 795757.488: Application time: 0.6058436 seconds
2019-02-01T01:33:02.539+0000: 795757.497: Total time for which application threads were stopped: 0.0093469 seconds, Stopping threads took: 0.0003322 seconds
2019-02-01T01:33:02.540+0000: 795757.497: Application time: 0.0002123 seconds
2019-02-01T01:33:02.549+0000: 795757.507: Total time for which application threads were stopped: 0.0092024 seconds, Stopping threads took: 0.0002295 seconds
2019-02-01T01:33:03.749+0000: 795758.706: Application time: 1.1997959 seconds
2019-02-01T01:33:03.760+0000: 795758.718: Total time for which application threads were stopped: 0.0110900 seconds, Stopping threads took: 0.0025903 seconds
2019-02-01T01:33:03.761+0000: 795758.719: Application time: 0.0014345 seconds
2019-02-01T01:33:03.771+0000: 795758.728: [GC (GCLocker Initiated GC) 2019-02-01T01:33:03.787+0000: 795758.745: [SoftReference, 0 refs, 0.0000741 secs]2019-02-01T01:33:03.787+0000: 795758.745: [WeakReference, 29 refs, 0.0000287 secs]2019-02-01T01:33:03.787+0000: 795758.745: [FinalReference, 382 refs, 0.0002547 secs]2019-02-01T01:33:03.787+0000: 795758.745: [PhantomReference, 0 refs, 1 refs, 0.0000195 secs]2019-02-01T01:33:03.787+0000: 795758.745: [JNI Weak Reference, 0.0000326 secs]
Desired survivor size 90701824 bytes, new threshold 1 (max 15)
[PSYoungGen: 815400K->59251K(858112K)] 2703308K->1952802K(4258304K), 0.0220721 secs] [Times: user=0.33 sys=0.01, real=0.03 secs] 
2019-02-01T01:33:03.793+0000: 795758.751: Total time for which application threads were stopped: 0.0318076 seconds, Stopping threads took: 0.0003278 seconds
2019-02-01T01:33:06.749+0000: 795761.707: Application time: 2.9561408 seconds
2019-02-01T01:33:06.758+0000: 795761.716: Total time for which application threads were stopped: 0.0089920 seconds, Stopping threads took: 0.0003550 seconds
2019-02-01T01:33:06.759+0000: 795761.717: Application time: 0.0008247 seconds
2019-02-01T01:33:06.768+0000: 795761.726: [GC (GCLocker Initiated GC) 2019-02-01T01:33:06.793+0000: 795761.751: [SoftReference, 0 refs, 0.0000620 secs]2019-02-01T01:33:06.793+0000: 795761.751: [WeakReference, 58 refs, 0.0000388 secs]2019-02-01T01:33:06.793+0000: 795761.751: [FinalReference, 458 refs, 0.0002502 secs]2019-02-01T01:33:06.794+0000: 795761.751: [PhantomReference, 0 refs, 0 refs, 0.0000101 secs]2019-02-01T01:33:06.794+0000: 795761.751: [JNI Weak Reference, 0.0000196 secs]
Desired survivor size 91750400 bytes, new threshold 1 (max 15)
[PSYoungGen: 827763K->65588K(1007616K)] 2721358K->1968755K(4407808K), 0.0284865 secs] [Times: user=0.34 sys=0.13, real=0.03 secs] 
2019-02-01T01:33:06.797+0000: 795761.755: Total time for which application threads were stopped: 0.0382628 seconds, Stopping threads took: 0.0003131 seconds
2019-02-01T01:33:09.953+0000: 795764.911: Application time: 3.1555969 seconds
2019-02-01T01:33:09.962+0000: 795764.920: Total time for which application threads were stopped: 0.0090640 seconds, Stopping threads took: 0.0002471 seconds
2019-02-01T01:33:09.963+0000: 795764.920: Application time: 0.0007743 seconds
2019-02-01T01:33:09.972+0000: 795764.930: [GC (GCLocker Initiated GC) 2019-02-01T01:33:09.990+0000: 795764.948: [SoftReference, 0 refs, 0.0000753 secs]2019-02-01T01:33:09.990+0000: 795764.948: [WeakReference, 48 refs, 0.0000463 secs]2019-02-01T01:33:09.990+0000: 795764.948: [FinalReference, 532 refs, 0.0004262 secs]2019-02-01T01:33:09.990+0000: 795764.948: [PhantomReference, 0 refs, 0 refs, 0.0000227 secs]2019-02-01T01:33:09.990+0000: 795764.948: [JNI Weak Reference, 0.0000658 secs]
Desired survivor size 91750400 bytes, new threshold 1 (max 15)
[PSYoungGen: 984628K->33480K(1008640K)] 2887816K->1939093K(4408832K), 0.0217265 secs] [Times: user=0.23 sys=0.06, real=0.03 secs] 
2019-02-01T01:33:09.994+0000: 795764.952: Total time for which application threads were stopped: 0.0317312 seconds, Stopping threads took: 0.0003479 seconds
2019-02-01T01:33:12.649+0000: 795767.607: Application time: 2.6549637 seconds
2019-02-01T01:33:12.660+0000: 795767.618: Total time for which application threads were stopped: 0.0111344 seconds, Stopping threads took: 0.0040115 seconds
2019-02-01T01:33:12.662+0000: 795767.620: Application time: 0.0014845 seconds
2019-02-01T01:33:12.669+0000: 795767.627: [GC (GCLocker Initiated GC) 2019-02-01T01:33:12.695+0000: 795767.653: [SoftReference, 0 refs, 0.0000541 secs]2019-02-01T01:33:12.695+0000: 795767.653: [WeakReference, 22 refs, 0.0000280 secs]2019-02-01T01:33:12.695+0000: 795767.653: [FinalReference, 468 refs, 0.0002645 secs]2019-02-01T01:33:12.696+0000: 795767.654: [PhantomReference, 0 refs, 2 refs, 0.0000117 secs]2019-02-01T01:33:12.696+0000: 795767.654: [JNI Weak Reference, 0.0000205 secs]
Desired survivor size 102236160 bytes, new threshold 1 (max 15)
[PSYoungGen: 952520K->88914K(1177088K)] 2861544K->2001684K(4577280K), 0.0301674 secs] [Times: user=0.31 sys=0.21, real=0.03 secs] 
2019-02-01T01:33:12.699+0000: 795767.657: Total time for which application threads were stopped: 0.0373866 seconds, Stopping threads took: 0.0001865 seconds
2019-02-01T01:33:15.988+0000: 795770.945: Application time: 3.2882875 seconds
2019-02-01T01:33:17.600+0000: 795772.558: Total time for which application threads were stopped: 1.6123948 seconds, Stopping threads took: 1.6045816 seconds
2019-02-01T01:33:17.607+0000: 795772.565: Application time: 0.0069199 seconds
2019-02-01T01:33:17.615+0000: 795772.573: [GC (GCLocker Initiated GC) 2019-02-01T01:33:19.676+0000: 795774.633: [SoftReference, 0 refs, 0.0000532 secs]2019-02-01T01:33:19.676+0000: 795774.633: [WeakReference, 14 refs, 0.0000178 secs]2019-02-01T01:33:19.676+0000: 795774.633: [FinalReference, 612 refs, 0.0003243 secs]2019-02-01T01:33:19.676+0000: 795774.634: [PhantomReference, 0 refs, 0 refs, 0.0000096 secs]2019-02-01T01:33:19.676+0000: 795774.634: [JNI Weak Reference, 0.0000183 secs]
Desired survivor size 102236160 bytes, new threshold 1 (max 15)
[PSYoungGen: 1176402K->67699K(1187328K)] 3094430K->1988178K(4587520K), 2.0644829 secs] [Times: user=30.69 sys=14.56, real=2.06 secs] 
2019-02-01T01:33:19.680+0000: 795774.638: Total time for which application threads were stopped: 2.0729188 seconds, Stopping threads took: 0.0007872 seconds
2019-02-01T01:33:22.972+0000: 795777.930: Application time: 3.2919127 seconds
2019-02-01T01:33:22.980+0000: 795777.938: Total time for which application threads were stopped: 0.0079106 seconds, Stopping threads took: 0.0003207 seconds
2019-02-01T01:33:22.980+0000: 795777.938: Application time: 0.0001247 seconds
2019-02-01T01:33:22.987+0000: 795777.945: Total time for which application threads were stopped: 0.0076522 seconds, Stopping threads took: 0.0001742 seconds
2019-02-01T01:33:22.988+0000: 795777.946: Application time: 0.0008675 seconds
2019-02-01T01:33:22.996+0000: 795777.954: [GC (GCLocker Initiated GC) 2019-02-01T01:33:24.405+0000: 795779.363: [SoftReference, 0 refs, 0.0000489 secs]2019-02-01T01:33:24.405+0000: 795779.363: [WeakReference, 24 refs, 0.0000233 secs]2019-02-01T01:33:24.405+0000: 795779.363: [FinalReference, 618 refs, 0.0003490 secs]2019-02-01T01:33:24.405+0000: 795779.363: [PhantomReference, 0 refs, 0 refs, 0.0000101 secs]2019-02-01T01:33:24.405+0000: 795779.363: [JNI Weak Reference, 0.0000180 secs]
Desired survivor size 102236160 bytes, new threshold 1 (max 15)
[PSYoungGen: 1155187K->69159K(1401856K)] 3079086K->1998828K(4802048K), 1.4124820 secs] [Times: user=29.08 sys=1.73, real=1.41 secs] 
2019-02-01T01:33:24.409+0000: 795779.367: Total time for which application threads were stopped: 1.4207467 seconds, Stopping threads took: 0.0002739 seconds
2019-02-01T01:33:28.688+0000: 795783.646: Application time: 4.2786447 seconds
2019-02-01T01:33:28.699+0000: 795783.657: Total time for which application threads were stopped: 0.0113279 seconds, Stopping threads took: 0.0047100 seconds
2019-02-01T01:33:28.700+0000: 795783.658: Application time: 0.0011942 seconds
2019-02-01T01:33:28.712+0000: 795783.670: [GC (GCLocker Initiated GC) 2019-02-01T01:33:28.739+0000: 795783.697: [SoftReference, 0 refs, 0.0000548 secs]2019-02-01T01:33:28.739+0000: 795783.697: [WeakReference, 74 refs, 0.0000372 secs]2019-02-01T01:33:28.739+0000: 795783.697: [FinalReference, 734 refs, 0.0004283 secs]2019-02-01T01:33:28.739+0000: 795783.697: [PhantomReference, 0 refs, 0 refs, 0.0000098 secs]2019-02-01T01:33:28.739+0000: 795783.697: [JNI Weak Reference, 0.0000246 secs]
Desired survivor size 105906176 bytes, new threshold 1 (max 15)
[PSYoungGen: 1371175K->78722K(1401856K)] 3300907K->2014400K(4802048K), 0.0307948 secs] [Times: user=0.38 sys=0.19, real=0.03 secs] 
2019-02-01T01:33:28.743+0000: 795783.701: Total time for which application threads were stopped: 0.0431084 seconds, Stopping threads took: 0.0046363 seconds
2019-02-01T01:33:29.955+0000: 795784.913: Application time: 1.2116508 seconds
2019-02-01T01:33:29.963+0000: 795784.921: Total time for which application threads were stopped: 0.0083486 seconds, Stopping threads took: 0.0003302 seconds
2019-02-01T01:33:33.581+0000: 795788.539: Application time: 3.6175340 seconds
2019-02-01T01:33:33.591+0000: 795788.549: Total time for which application threads were stopped: 0.0101138 seconds, Stopping threads took: 0.0022475 seconds
2019-02-01T01:33:33.592+0000: 795788.550: Application time: 0.0010313 seconds
2019-02-01T01:33:33.601+0000: 795788.558: [GC (GCLocker Initiated GC) 2019-02-01T01:33:35.539+0000: 795790.497: [SoftReference, 0 refs, 0.0000564 secs]2019-02-01T01:33:35.539+0000: 795790.497: [WeakReference, 64 refs, 0.0000431 secs]2019-02-01T01:33:35.539+0000: 795790.497: [FinalReference, 815 refs, 0.0004799 secs]2019-02-01T01:33:35.540+0000: 795790.498: [PhantomReference, 0 refs, 2 refs, 0.0000135 secs]2019-02-01T01:33:35.540+0000: 795790.498: [JNI Weak Reference, 0.0000205 secs]
Desired survivor size 105381888 bytes, new threshold 1 (max 15)
[PSYoungGen: 1380738K->69904K(1663488K)] 3323086K->2016220K(5063680K), 1.9426881 secs] [Times: user=22.68 sys=20.40, real=1.94 secs] 
2019-02-01T01:33:35.544+0000: 795790.501: Total time for which application threads were stopped: 1.9514128 seconds, Stopping threads took: 0.0007814 seconds
2019-02-01T01:33:39.531+0000: 795794.489: Application time: 3.9871659 seconds
2019-02-01T01:33:41.263+0000: 795796.221: Total time for which application threads were stopped: 1.7327182 seconds, Stopping threads took: 1.7234810 seconds
2019-02-01T01:33:41.275+0000: 795796.233: Application time: 0.0117017 seconds
2019-02-01T01:33:41.287+0000: 795796.244: [GC (GCLocker Initiated GC) 2019-02-01T01:33:43.398+0000: 795798.356: [SoftReference, 0 refs, 0.0000538 secs]2019-02-01T01:33:43.398+0000: 795798.356: [WeakReference, 48 refs, 0.0000331 secs]2019-02-01T01:33:43.398+0000: 795798.356: [FinalReference, 775 refs, 0.0003762 secs]2019-02-01T01:33:43.398+0000: 795798.356: [PhantomReference, 0 refs, 1 refs, 0.0000118 secs]2019-02-01T01:33:43.398+0000: 795798.356: [JNI Weak Reference, 0.0000199 secs]
Desired survivor size 108003328 bytes, new threshold 1 (max 15)
[PSYoungGen: 1629968K->80392K(1662976K)] 3601530K->2057462K(5063168K), 2.1153034 secs] [Times: user=31.19 sys=14.71, real=2.12 secs] 
2019-02-01T01:33:43.402+0000: 795798.360: Total time for which application threads were stopped: 2.1269570 seconds, Stopping threads took: 0.0019282 seconds
2019-02-01T01:33:43.442+0000: 795798.400: Application time: 0.0397584 seconds
2019-02-01T01:33:43.453+0000: 795798.410: Total time for which application threads were stopped: 0.0106676 seconds, Stopping threads took: 0.0019681 seconds
2019-02-01T01:33:46.084+0000: 795801.042: Application time: 2.6311824 seconds
2019-02-01T01:33:46.093+0000: 795801.051: Total time for which application threads were stopped: 0.0095469 seconds, Stopping threads took: 0.0003822 seconds
2019-02-01T01:33:46.094+0000: 795801.052: Application time: 0.0009431 seconds
2019-02-01T01:33:46.104+0000: 795801.062: [GC (GCLocker Initiated GC) 2019-02-01T01:33:46.128+0000: 795801.086: [SoftReference, 0 refs, 0.0000564 secs]2019-02-01T01:33:46.128+0000: 795801.086: [WeakReference, 44 refs, 0.0000283 secs]2019-02-01T01:33:46.128+0000: 795801.086: [FinalReference, 944 refs, 0.0050256 secs]2019-02-01T01:33:46.133+0000: 795801.091: [PhantomReference, 0 refs, 2 refs, 0.0000193 secs]2019-02-01T01:33:46.133+0000: 795801.091: [JNI Weak Reference, 0.0000213 secs]
Desired survivor size 112197632 bytes, new threshold 1 (max 15)
[PSYoungGen: 1640456K->85723K(1808384K)] 3617557K->2075025K(5208576K), 0.0325899 secs] [Times: user=0.30 sys=0.19, real=0.03 secs] 
2019-02-01T01:33:46.137+0000: 795801.095: Total time for which application threads were stopped: 0.0428388 seconds, Stopping threads took: 0.0007252 seconds
2019-02-01T01:33:47.722+0000: 795802.680: Application time: 1.5847963 seconds
2019-02-01T01:33:47.731+0000: 795802.689: Total time for which application threads were stopped: 0.0094924 seconds, Stopping threads took: 0.0002905 seconds
2019-02-01T01:33:51.345+0000: 795806.302: Application time: 3.6131373 seconds
2019-02-01T01:33:51.353+0000: 795806.311: Total time for which application threads were stopped: 0.0086196 seconds, Stopping threads took: 0.0011322 seconds
2019-02-01T01:33:51.355+0000: 795806.312: Application time: 0.0014515 seconds
2019-02-01T01:33:51.362+0000: 795806.320: [GC (GCLocker Initiated GC) 2019-02-01T01:33:52.844+0000: 795807.802: [SoftReference, 0 refs, 0.0000698 secs]2019-02-01T01:33:52.844+0000: 795807.802: [WeakReference, 24 refs, 0.0000228 secs]2019-02-01T01:33:52.844+0000: 795807.802: [FinalReference, 1031 refs, 0.0006820 secs]2019-02-01T01:33:52.844+0000: 795807.802: [PhantomReference, 0 refs, 1 refs, 0.0000477 secs]2019-02-01T01:33:52.845+0000: 795807.802: [JNI Weak Reference, 0.0000321 secs]
Desired survivor size 115867648 bytes, new threshold 1 (max 15)
[PSYoungGen: 1788635K->86217K(1789440K)] 3781345K->2099182K(5189632K), 1.4861378 secs] [Times: user=25.93 sys=6.19, real=1.48 secs] 
2019-02-01T01:33:52.849+0000: 795807.807: Total time for which application threads were stopped: 1.4943252 seconds, Stopping threads took: 0.0002430 seconds
2019-02-01T01:33:57.652+0000: 795812.610: Application time: 4.8033785 seconds
2019-02-01T01:33:57.666+0000: 795812.624: Total time for which application threads were stopped: 0.0134585 seconds, Stopping threads took: 0.0043898 seconds
2019-02-01T01:33:57.667+0000: 795812.625: Application time: 0.0016095 seconds
2019-02-01T01:33:57.677+0000: 795812.635: [GC (GCLocker Initiated GC) 2019-02-01T01:33:57.694+0000: 795812.652: [SoftReference, 0 refs, 0.0000760 secs]2019-02-01T01:33:57.694+0000: 795812.652: [WeakReference, 48 refs, 0.0000444 secs]2019-02-01T01:33:57.694+0000: 795812.652: [FinalReference, 990 refs, 0.0007669 secs]2019-02-01T01:33:57.695+0000: 795812.653: [PhantomReference, 0 refs, 2 refs, 0.0000215 secs]2019-02-01T01:33:57.695+0000: 795812.653: [JNI Weak Reference, 0.0000326 secs]
Desired survivor size 113246208 bytes, new threshold 1 (max 15)
[PSYoungGen: 1789129K->57001K(1811456K)] 3805499K->2076881K(5211648K), 0.0234997 secs] [Times: user=0.25 sys=0.02, real=0.03 secs] 
2019-02-01T01:33:57.701+0000: 795812.659: Total time for which application threads were stopped: 0.0333178 seconds, Stopping threads took: 0.0003263 seconds
2019-02-01T01:34:02.028+0000: 795816.986: Application time: 4.3270808 seconds
2019-02-01T01:34:02.038+0000: 795816.996: Total time for which application threads were stopped: 0.0101946 seconds, Stopping threads took: 0.0009581 seconds
2019-02-01T01:34:02.039+0000: 795816.997: Application time: 0.0013129 seconds
2019-02-01T01:34:02.053+0000: 795817.011: [GC (GCLocker Initiated GC) 2019-02-01T01:34:02.068+0000: 795817.025: [SoftReference, 0 refs, 0.0000523 secs]2019-02-01T01:34:02.068+0000: 795817.025: [WeakReference, 49 refs, 0.0000272 secs]2019-02-01T01:34:02.068+0000: 795817.026: [FinalReference, 881 refs, 0.0004399 secs]2019-02-01T01:34:02.068+0000: 795817.026: [PhantomReference, 0 refs, 0 refs, 0.0000097 secs]2019-02-01T01:34:02.068+0000: 795817.026: [JNI Weak Reference, 0.0000191 secs]
Desired survivor size 111149056 bytes, new threshold 1 (max 15)
[PSYoungGen: 1755305K->52123K(1750528K)] 3778692K->2080716K(5150720K), 0.0183886 secs] [Times: user=0.22 sys=0.00, real=0.02 secs] 
2019-02-01T01:34:02.072+0000: 795817.030: Total time for which application threads were stopped: 0.0325116 seconds, Stopping threads took: 0.0054123 seconds
2019-02-01T01:34:06.146+0000: 795821.104: Application time: 4.0740485 seconds
2019-02-01T01:34:06.171+0000: 795821.129: Total time for which application threads were stopped: 0.0252677 seconds, Stopping threads took: 0.0019307 seconds
2019-02-01T01:34:06.174+0000: 795821.131: Application time: 0.0024569 seconds
2019-02-01T01:34:06.181+0000: 795821.139: [GC (GCLocker Initiated GC) 2019-02-01T01:34:06.197+0000: 795821.155: [SoftReference, 0 refs, 0.0000649 secs]2019-02-01T01:34:06.198+0000: 795821.155: [WeakReference, 43 refs, 0.0000434 secs]2019-02-01T01:34:06.198+0000: 795821.155: [FinalReference, 874 refs, 0.0005362 secs]2019-02-01T01:34:06.198+0000: 795821.156: [PhantomReference, 0 refs, 0 refs, 0.0000190 secs]2019-02-01T01:34:06.198+0000: 795821.156: [JNI Weak Reference, 0.0000286 secs]
Desired survivor size 108527616 bytes, new threshold 1 (max 15)
[PSYoungGen: 1750427K->70249K(1809408K)] 3782432K->2109125K(5209600K), 0.0212311 secs] [Times: user=0.25 sys=0.02, real=0.03 secs] 
2019-02-01T01:34:06.203+0000: 795821.161: Total time for which application threads were stopped: 0.0294555 seconds, Stopping threads took: 0.0003189 seconds
2019-02-01T01:34:10.782+0000: 795825.740: Application time: 4.5793602 seconds
2019-02-01T01:34:10.793+0000: 795825.751: [GC (Allocation Failure) 2019-02-01T01:34:10.806+0000: 795825.764: [SoftReference, 0 refs, 0.0000526 secs]2019-02-01T01:34:10.806+0000: 795825.764: [WeakReference, 52 refs, 0.0000249 secs]2019-02-01T01:34:10.806+0000: 795825.764: [FinalReference, 939 refs, 0.0005360 secs]2019-02-01T01:34:10.807+0000: 795825.765: [PhantomReference, 0 refs, 1 refs, 0.0000108 secs]2019-02-01T01:34:10.807+0000: 795825.765: [JNI Weak Reference, 0.0000186 secs]
Desired survivor size 110624768 bytes, new threshold 1 (max 15)
[PSYoungGen: 1771113K->31170K(1806848K)] 3813317K->2081549K(5207040K), 0.0169893 secs] [Times: user=0.24 sys=0.00, real=0.01 secs] 
2019-02-01T01:34:10.810+0000: 795825.768: Total time for which application threads were stopped: 0.0278291 seconds, Stopping threads took: 0.0013831 seconds
2019-02-01T01:34:15.565+0000: 795830.522: Application time: 4.7543026 seconds
2019-02-01T01:34:15.572+0000: 795830.530: Total time for which application threads were stopped: 0.0074925 seconds, Stopping threads took: 0.0001908 seconds
2019-02-01T01:34:15.572+0000: 795830.530: Application time: 0.0004161 seconds
2019-02-01T01:34:15.580+0000: 795830.538: [GC (GCLocker Initiated GC) 2019-02-01T01:34:15.592+0000: 795830.550: [SoftReference, 0 refs, 0.0000543 secs]2019-02-01T01:34:15.592+0000: 795830.550: [WeakReference, 27 refs, 0.0000195 secs]2019-02-01T01:34:15.592+0000: 795830.550: [FinalReference, 982 refs, 0.0005774 secs]2019-02-01T01:34:15.593+0000: 795830.551: [PhantomReference, 0 refs, 0 refs, 0.0000113 secs]2019-02-01T01:34:15.593+0000: 795830.551: [JNI Weak Reference, 0.0000196 secs]
Desired survivor size 108003328 bytes, new threshold 1 (max 15)
[PSYoungGen: 1732034K->49110K(1812992K)] 3782420K->2102959K(5213184K), 0.0166908 secs] [Times: user=0.23 sys=0.00, real=0.02 secs] 
2019-02-01T01:34:15.597+0000: 795830.555: Total time for which application threads were stopped: 0.0244302 seconds, Stopping threads took: 0.0002724 seconds
2019-02-01T01:34:20.145+0000: 795835.102: Application time: 4.5477523 seconds
2019-02-01T01:34:20.154+0000: 795835.112: Total time for which application threads were stopped: 0.0094519 seconds, Stopping threads took: 0.0002907 seconds
2019-02-01T01:34:20.155+0000: 795835.113: Application time: 0.0010014 seconds
2019-02-01T01:34:20.164+0000: 795835.122: [GC (GCLocker Initiated GC) 2019-02-01T01:34:20.180+0000: 795835.138: [SoftReference, 0 refs, 0.0000747 secs]2019-02-01T01:34:20.180+0000: 795835.138: [WeakReference, 10 refs, 0.0000242 secs]2019-02-01T01:34:20.180+0000: 795835.138: [FinalReference, 922 refs, 0.0008666 secs]2019-02-01T01:34:20.181+0000: 795835.139: [PhantomReference, 0 refs, 0 refs, 0.0000239 secs]2019-02-01T01:34:20.181+0000: 795835.139: [JNI Weak Reference, 0.0000346 secs]
Desired survivor size 108527616 bytes, new threshold 1 (max 15)
[PSYoungGen: 1757142K->73682K(1813504K)] 3814349K->2133928K(5213696K), 0.0216402 secs] [Times: user=0.26 sys=0.00, real=0.02 secs] 
2019-02-01T01:34:20.186+0000: 795835.144: Total time for which application threads were stopped: 0.0312541 seconds, Stopping threads took: 0.0002195 seconds
2019-02-01T01:34:24.959+0000: 795839.917: Application time: 4.7724614 seconds
2019-02-01T01:34:24.971+0000: 795839.929: Total time for which application threads were stopped: 0.0122236 seconds, Stopping threads took: 0.0031249 seconds
2019-02-01T01:34:24.973+0000: 795839.931: Application time: 0.0020204 seconds
2019-02-01T01:34:24.983+0000: 795839.941: [GC (GCLocker Initiated GC) 2019-02-01T01:34:24.996+0000: 795839.953: [SoftReference, 0 refs, 0.0000615 secs]2019-02-01T01:34:24.996+0000: 795839.954: [WeakReference, 7 refs, 0.0000154 secs]2019-02-01T01:34:24.996+0000: 795839.954: [FinalReference, 902 refs, 0.0005639 secs]2019-02-01T01:34:24.996+0000: 795839.954: [PhantomReference, 0 refs, 1 refs, 0.0000115 secs]2019-02-01T01:34:24.996+0000: 795839.954: [JNI Weak Reference, 0.0000207 secs]
Desired survivor size 103809024 bytes, new threshold 1 (max 15)
[PSYoungGen: 1781714K->62038K(1807872K)] 3842335K->2126319K(5208064K), 0.0170736 secs] [Times: user=0.25 sys=0.00, real=0.02 secs] 
2019-02-01T01:34:25.000+0000: 795839.958: Total time for which application threads were stopped: 0.0268913 seconds, Stopping threads took: 0.0003635 seconds
2019-02-01T01:34:29.267+0000: 795844.224: Application time: 4.2666280 seconds
2019-02-01T01:34:29.276+0000: 795844.234: Total time for which application threads were stopped: 0.0092796 seconds, Stopping threads took: 0.0004800 seconds
2019-02-01T01:34:29.277+0000: 795844.235: Application time: 0.0007558 seconds
2019-02-01T01:34:29.284+0000: 795844.242: Total time for which application threads were stopped: 0.0077912 seconds, Stopping threads took: 0.0003191 seconds
2019-02-01T01:34:29.285+0000: 795844.243: Application time: 0.0002166 seconds
2019-02-01T01:34:29.292+0000: 795844.250: [GC (GCLocker Initiated GC) 2019-02-01T01:34:29.306+0000: 795844.264: [SoftReference, 0 refs, 0.0000655 secs]2019-02-01T01:34:29.306+0000: 795844.264: [WeakReference, 14 refs, 0.0000156 secs]2019-02-01T01:34:29.306+0000: 795844.264: [FinalReference, 844 refs, 0.0004573 secs]2019-02-01T01:34:29.306+0000: 795844.264: [PhantomReference, 0 refs, 0 refs, 0.0000103 secs]2019-02-01T01:34:29.306+0000: 795844.264: [JNI Weak Reference, 0.0000191 secs]
Desired survivor size 103809024 bytes, new threshold 1 (max 15)
[PSYoungGen: 1772630K->72174K(1811968K)] 3840243K->2143102K(5212160K), 0.0178557 secs] [Times: user=0.28 sys=0.00, real=0.02 secs] 
2019-02-01T01:34:29.310+0000: 795844.268: Total time for which application threads were stopped: 0.0255012 seconds, Stopping threads took: 0.0001708 seconds
2019-02-01T01:34:33.988+0000: 795848.946: Application time: 4.6776915 seconds
2019-02-01T01:34:33.997+0000: 795848.955: Total time for which application threads were stopped: 0.0092697 seconds, Stopping threads took: 0.0004000 seconds
2019-02-01T01:34:33.999+0000: 795848.957: Application time: 0.0015751 seconds
2019-02-01T01:34:34.008+0000: 795848.966: [GC (GCLocker Initiated GC) 2019-02-01T01:34:34.022+0000: 795848.980: [SoftReference, 0 refs, 0.0000600 secs]2019-02-01T01:34:34.022+0000: 795848.980: [WeakReference, 37 refs, 0.0000260 secs]2019-02-01T01:34:34.022+0000: 795848.980: [FinalReference, 959 refs, 0.0007769 secs]2019-02-01T01:34:34.023+0000: 795848.981: [PhantomReference, 0 refs, 0 refs, 0.0000362 secs]2019-02-01T01:34:34.023+0000: 795848.981: [JNI Weak Reference, 0.0000345 secs]
Desired survivor size 101711872 bytes, new threshold 1 (max 15)
[PSYoungGen: 1782766K->53122K(1816576K)] 3854291K->2127850K(5216768K), 0.0200337 secs] [Times: user=0.24 sys=0.00, real=0.02 secs] 
2019-02-01T01:34:34.028+0000: 795848.986: Total time for which application threads were stopped: 0.0297209 seconds, Stopping threads took: 0.0002304 seconds
2019-02-01T01:34:38.608+0000: 795853.565: Application time: 4.5790979 seconds
2019-02-01T01:34:38.617+0000: 795853.575: Total time for which application threads were stopped: 0.0093542 seconds, Stopping threads took: 0.0003245 seconds
2019-02-01T01:34:38.617+0000: 795853.575: Application time: 0.0001519 seconds
2019-02-01T01:34:38.625+0000: 795853.583: Total time for which application threads were stopped: 0.0078144 seconds, Stopping threads took: 0.0002127 seconds
2019-02-01T01:34:38.627+0000: 795853.585: Application time: 0.0019269 seconds
2019-02-01T01:34:38.663+0000: 795853.621: [GC (GCLocker Initiated GC) 2019-02-01T01:34:38.686+0000: 795853.643: [SoftReference, 0 refs, 0.0001320 secs]2019-02-01T01:34:38.686+0000: 795853.644: [WeakReference, 33 refs, 0.0000197 secs]2019-02-01T01:34:38.686+0000: 795853.644: [FinalReference, 940 refs, 0.0014295 secs]2019-02-01T01:34:38.687+0000: 795853.645: [PhantomReference, 0 refs, 1 refs, 0.0000933 secs]2019-02-01T01:34:38.687+0000: 795853.645: [JNI Weak Reference, 0.0001008 secs]
Desired survivor size 99090432 bytes, new threshold 1 (max 15)
[PSYoungGen: 1772418K->55848K(1818624K)] 3853903K->2140389K(5218816K), 0.0411376 secs] [Times: user=0.34 sys=0.04, real=0.04 secs] 
2019-02-01T01:34:38.705+0000: 795853.663: Total time for which application threads were stopped: 0.0784016 seconds, Stopping threads took: 0.0006183 seconds
2019-02-01T01:34:40.372+0000: 795855.330: Application time: 1.6666812 seconds
2019-02-01T01:34:40.381+0000: 795855.339: Total time for which application threads were stopped: 0.0091718 seconds, Stopping threads took: 0.0005102 seconds
2019-02-01T01:34:42.902+0000: 795857.860: Application time: 2.5210726 seconds
2019-02-01T01:34:42.911+0000: 795857.869: Total time for which application threads were stopped: 0.0090600 seconds, Stopping threads took: 0.0003375 seconds
2019-02-01T01:34:42.913+0000: 795857.871: Application time: 0.0017142 seconds
2019-02-01T01:34:42.922+0000: 795857.880: [GC (GCLocker Initiated GC) 2019-02-01T01:34:42.936+0000: 795857.893: [SoftReference, 0 refs, 0.0000759 secs]2019-02-01T01:34:42.936+0000: 795857.894: [WeakReference, 11 refs, 0.0000252 secs]2019-02-01T01:34:42.936+0000: 795857.894: [FinalReference, 829 refs, 0.0006565 secs]2019-02-01T01:34:42.936+0000: 795857.894: [PhantomReference, 0 refs, 0 refs, 0.0000324 secs]2019-02-01T01:34:42.936+0000: 795857.894: [JNI Weak Reference, 0.0000339 secs]
Desired survivor size 96468992 bytes, new threshold 1 (max 15)
[PSYoungGen: 1775144K->55769K(1818112K)] 3859771K->2144057K(5218304K), 0.0195515 secs] [Times: user=0.26 sys=0.00, real=0.02 secs] 
2019-02-01T01:34:42.942+0000: 795857.900: Total time for which application threads were stopped: 0.0289189 seconds, Stopping threads took: 0.0002823 seconds
2019-02-01T01:34:47.547+0000: 795862.505: Application time: 4.6055632 seconds
2019-02-01T01:34:47.557+0000: 795862.515: Total time for which application threads were stopped: 0.0093294 seconds, Stopping threads took: 0.0003547 seconds
2019-02-01T01:34:47.558+0000: 795862.516: Application time: 0.0012797 seconds
2019-02-01T01:34:47.568+0000: 795862.526: [GC (GCLocker Initiated GC) 2019-02-01T01:34:47.581+0000: 795862.539: [SoftReference, 0 refs, 0.0000765 secs]2019-02-01T01:34:47.581+0000: 795862.539: [WeakReference, 24 refs, 0.0000307 secs]2019-02-01T01:34:47.581+0000: 795862.539: [FinalReference, 998 refs, 0.0007455 secs]2019-02-01T01:34:47.582+0000: 795862.540: [PhantomReference, 0 refs, 0 refs, 0.0000265 secs]2019-02-01T01:34:47.582+0000: 795862.540: [JNI Weak Reference, 0.0000330 secs]
Desired survivor size 94896128 bytes, new threshold 1 (max 15)
[PSYoungGen: 1781721K->49623K(1820160K)] 3870080K->2141642K(5220352K), 0.0195935 secs] [Times: user=0.24 sys=0.01, real=0.02 secs] 
2019-02-01T01:34:47.588+0000: 795862.546: Total time for which application threads were stopped: 0.0295829 seconds, Stopping threads took: 0.0003073 seconds
2019-02-01T01:34:51.917+0000: 795866.875: Application time: 4.3292329 seconds
2019-02-01T01:34:51.925+0000: 795866.883: Total time for which application threads were stopped: 0.0080754 seconds, Stopping threads took: 0.0002863 seconds
2019-02-01T01:34:51.925+0000: 795866.883: Application time: 0.0001404 seconds
2019-02-01T01:34:51.932+0000: 795866.890: Total time for which application threads were stopped: 0.0072494 seconds, Stopping threads took: 0.0001983 seconds
2019-02-01T01:34:51.934+0000: 795866.892: Application time: 0.0015017 seconds
2019-02-01T01:34:51.941+0000: 795866.899: [GC (Allocation Failure) 2019-02-01T01:34:51.957+0000: 795866.915: [SoftReference, 0 refs, 0.0000468 secs]2019-02-01T01:34:51.957+0000: 795866.915: [WeakReference, 9 refs, 0.0000132 secs]2019-02-01T01:34:51.957+0000: 795866.915: [FinalReference, 903 refs, 0.0004992 secs]2019-02-01T01:34:51.958+0000: 795866.915: [PhantomReference, 0 refs, 0 refs, 0.0000108 secs]2019-02-01T01:34:51.958+0000: 795866.915: [JNI Weak Reference, 0.0000191 secs]
Desired survivor size 99614720 bytes, new threshold 1 (max 15)
[PSYoungGen: 1775575K->80379K(1772544K)] 3867609K->2176151K(5172736K), 0.0198260 secs] [Times: user=0.31 sys=0.01, real=0.02 secs] 
2019-02-01T01:34:51.961+0000: 795866.919: Total time for which application threads were stopped: 0.0275263 seconds, Stopping threads took: 0.0003137 seconds
2019-02-01T01:34:51.962+0000: 795866.919: Application time: 0.0001690 seconds
2019-02-01T01:34:51.969+0000: 795866.927: [GC (GCLocker Initiated GC) 2019-02-01T01:34:51.987+0000: 795866.945: [SoftReference, 0 refs, 0.0000521 secs]2019-02-01T01:34:51.988+0000: 795866.945: [WeakReference, 0 refs, 0.0000094 secs]2019-02-01T01:34:51.988+0000: 795866.945: [FinalReference, 0 refs, 0.0000086 secs]2019-02-01T01:34:51.988+0000: 795866.945: [PhantomReference, 0 refs, 0 refs, 0.0000102 secs]2019-02-01T01:34:51.988+0000: 795866.945: [JNI Weak Reference, 0.0000206 secs]
Desired survivor size 106430464 bytes, new threshold 1 (max 15)
[PSYoungGen: 81797K->256K(1811456K)] 2177569K->2189618K(5211648K), 0.0221785 secs] [Times: user=0.37 sys=0.00, real=0.03 secs] 
2019-02-01T01:34:51.991+0000: 795866.949: Total time for which application threads were stopped: 0.0298466 seconds, Stopping threads took: 0.0004462 seconds
2019-02-01T01:34:56.711+0000: 795871.669: Application time: 4.7195467 seconds
2019-02-01T01:34:56.720+0000: 795871.678: Total time for which application threads were stopped: 0.0088823 seconds, Stopping threads took: 0.0002971 seconds
2019-02-01T01:34:56.721+0000: 795871.679: Application time: 0.0011013 seconds
2019-02-01T01:34:56.729+0000: 795871.687: [GC (GCLocker Initiated GC) 2019-02-01T01:34:56.746+0000: 795871.704: [SoftReference, 0 refs, 0.0000696 secs]2019-02-01T01:34:56.746+0000: 795871.704: [WeakReference, 4 refs, 0.0000254 secs]2019-02-01T01:34:56.746+0000: 795871.704: [FinalReference, 949 refs, 0.0007005 secs]2019-02-01T01:34:56.747+0000: 795871.704: [PhantomReference, 0 refs, 0 refs, 0.0000195 secs]2019-02-01T01:34:56.747+0000: 795871.704: [JNI Weak Reference, 0.0000326 secs]
Desired survivor size 103809024 bytes, new threshold 1 (max 15)
[PSYoungGen: 1714432K->43158K(1820672K)] 3903855K->2232630K(5220864K), 0.0225008 secs] [Times: user=0.26 sys=0.00, real=0.03 secs] 
2019-02-01T01:34:56.752+0000: 795871.710: Total time for which application threads were stopped: 0.0308879 seconds, Stopping threads took: 0.0003415 seconds
2019-02-01T01:35:01.714+0000: 795876.672: Application time: 4.9624198 seconds
2019-02-01T01:35:01.720+0000: 795876.678: Total time for which application threads were stopped: 0.0060782 seconds, Stopping threads took: 0.0003899 seconds
2019-02-01T01:35:01.721+0000: 795876.679: Application time: 0.0008100 seconds
2019-02-01T01:35:01.727+0000: 795876.685: [GC (GCLocker Initiated GC) 2019-02-01T01:35:01.752+0000: 795876.710: [SoftReference, 0 refs, 0.0000507 secs]2019-02-01T01:35:01.752+0000: 795876.710: [WeakReference, 16 refs, 0.0000186 secs]2019-02-01T01:35:01.752+0000: 795876.710: [FinalReference, 936 refs, 0.0005354 secs]2019-02-01T01:35:01.752+0000: 795876.710: [PhantomReference, 0 refs, 1 refs, 0.0000133 secs]2019-02-01T01:35:01.752+0000: 795876.710: [JNI Weak Reference, 0.0000185 secs]
Desired survivor size 111149056 bytes, new threshold 1 (max 15)
[PSYoungGen: 1759894K->86035K(1803264K)] 3952723K->2287418K(5203456K), 0.0287005 secs] [Times: user=0.32 sys=0.02, real=0.03 secs] 
2019-02-01T01:35:01.756+0000: 795876.714: Total time for which application threads were stopped: 0.0348488 seconds, Stopping threads took: 0.0001914 seconds
2019-02-01T01:35:06.273+0000: 795881.231: Application time: 4.5166837 seconds
2019-02-01T01:35:06.281+0000: 795881.239: Total time for which application threads were stopped: 0.0080323 seconds, Stopping threads took: 0.0002785 seconds
2019-02-01T01:35:06.282+0000: 795881.240: Application time: 0.0010711 seconds
2019-02-01T01:35:06.290+0000: 795881.248: [GC (GCLocker Initiated GC) 2019-02-01T01:35:06.302+0000: 795881.259: [SoftReference, 0 refs, 0.0000445 secs]2019-02-01T01:35:06.302+0000: 795881.259: [WeakReference, 7 refs, 0.0000133 secs]2019-02-01T01:35:06.302+0000: 795881.259: [FinalReference, 820 refs, 0.0004150 secs]2019-02-01T01:35:06.302+0000: 795881.260: [PhantomReference, 0 refs, 0 refs, 0.0000098 secs]2019-02-01T01:35:06.302+0000: 795881.260: [JNI Weak Reference, 0.0000181 secs]
Desired survivor size 108003328 bytes, new threshold 1 (max 15)
[PSYoungGen: 1802771K->46291K(1816576K)] 4004171K->2256643K(5216768K), 0.0162161 secs] [Times: user=0.24 sys=0.00, real=0.02 secs] 
2019-02-01T01:35:06.306+0000: 795881.264: Total time for which application threads were stopped: 0.0243535 seconds, Stopping threads took: 0.0001806 seconds
2019-02-01T01:35:11.354+0000: 795886.312: Application time: 5.0475567 seconds
2019-02-01T01:35:11.362+0000: 795886.320: Total time for which application threads were stopped: 0.0079344 seconds, Stopping threads took: 0.0003066 seconds
2019-02-01T01:35:11.363+0000: 795886.320: Application time: 0.0009414 seconds
2019-02-01T01:35:11.371+0000: 795886.328: [GC (Allocation Failure) 2019-02-01T01:35:11.387+0000: 795886.345: [SoftReference, 0 refs, 0.0000545 secs]2019-02-01T01:35:11.387+0000: 795886.345: [WeakReference, 14 refs, 0.0000168 secs]2019-02-01T01:35:11.387+0000: 795886.345: [FinalReference, 945 refs, 0.0006700 secs]2019-02-01T01:35:11.388+0000: 795886.345: [PhantomReference, 0 refs, 0 refs, 0.0000193 secs]2019-02-01T01:35:11.388+0000: 795886.346: [JNI Weak Reference, 0.0000432 secs]
Desired survivor size 112197632 bytes, new threshold 1 (max 15)
[PSYoungGen: 1754323K->80800K(1788928K)] 3964883K->2295648K(5189120K), 0.0212162 secs] [Times: user=0.33 sys=0.00, real=0.02 secs] 
2019-02-01T01:35:11.392+0000: 795886.350: Total time for which application threads were stopped: 0.0293301 seconds, Stopping threads took: 0.0001940 seconds
2019-02-01T01:35:11.392+0000: 795886.350: Application time: 0.0002868 seconds
2019-02-01T01:35:11.398+0000: 795886.356: [GC (GCLocker Initiated GC) 2019-02-01T01:35:11.413+0000: 795886.371: [SoftReference, 0 refs, 0.0000737 secs]2019-02-01T01:35:11.413+0000: 795886.371: [WeakReference, 0 refs, 0.0000162 secs]2019-02-01T01:35:11.413+0000: 795886.371: [FinalReference, 0 refs, 0.0000149 secs]2019-02-01T01:35:11.413+0000: 795886.371: [PhantomReference, 0 refs, 0 refs, 0.0000184 secs]2019-02-01T01:35:11.413+0000: 795886.371: [JNI Weak Reference, 0.0000486 secs]
Desired survivor size 116916224 bytes, new threshold 1 (max 15)
[PSYoungGen: 83632K->512K(1803264K)] 2298480K->2289113K(5203456K), 0.0199517 secs] [Times: user=0.29 sys=0.00, real=0.02 secs] 
2019-02-01T01:35:11.418+0000: 795886.376: Total time for which application threads were stopped: 0.0261043 seconds, Stopping threads took: 0.0002594 seconds
2019-02-01T01:35:16.021+0000: 795890.979: Application time: 4.6027995 seconds
2019-02-01T01:35:16.034+0000: 795890.992: Total time for which application threads were stopped: 0.0128153 seconds, Stopping threads took: 0.0047988 seconds
2019-02-01T01:35:16.035+0000: 795890.993: Application time: 0.0013162 seconds
2019-02-01T01:35:16.042+0000: 795891.000: [GC (GCLocker Initiated GC) 2019-02-01T01:35:16.060+0000: 795891.018: [SoftReference, 0 refs, 0.0000815 secs]2019-02-01T01:35:16.060+0000: 795891.018: [WeakReference, 23 refs, 0.0000557 secs]2019-02-01T01:35:16.060+0000: 795891.018: [FinalReference, 900 refs, 0.0006380 secs]2019-02-01T01:35:16.061+0000: 795891.019: [PhantomReference, 0 refs, 1 refs, 0.0000201 secs]2019-02-01T01:35:16.061+0000: 795891.019: [JNI Weak Reference, 0.0000313 secs]
Desired survivor size 112721920 bytes, new threshold 1 (max 15)
[PSYoungGen: 1692328K->57693K(1807872K)] 3984250K->2349679K(5208064K), 0.0234372 secs] [Times: user=0.25 sys=0.00, real=0.02 secs] 
2019-02-01T01:35:16.066+0000: 795891.024: Total time for which application threads were stopped: 0.0308337 seconds, Stopping threads took: 0.0003731 seconds
2019-02-01T01:35:20.396+0000: 795895.353: Application time: 4.3293284 seconds
2019-02-01T01:35:20.401+0000: 795895.359: Total time for which application threads were stopped: 0.0057493 seconds, Stopping threads took: 0.0002147 seconds
2019-02-01T01:35:20.402+0000: 795895.359: Application time: 0.0002757 seconds
2019-02-01T01:35:20.407+0000: 795895.365: Total time for which application threads were stopped: 0.0053536 seconds, Stopping threads took: 0.0001344 seconds
2019-02-01T01:35:20.408+0000: 795895.365: Application time: 0.0007266 seconds
2019-02-01T01:35:20.414+0000: 795895.372: [GC (GCLocker Initiated GC) 2019-02-01T01:35:20.433+0000: 795895.391: [SoftReference, 0 refs, 0.0000454 secs]2019-02-01T01:35:20.433+0000: 795895.391: [WeakReference, 15 refs, 0.0000174 secs]2019-02-01T01:35:20.433+0000: 795895.391: [FinalReference, 934 refs, 0.0005121 secs]2019-02-01T01:35:20.433+0000: 795895.391: [PhantomReference, 0 refs, 0 refs, 0.0000102 secs]2019-02-01T01:35:20.433+0000: 795895.391: [JNI Weak Reference, 0.0000204 secs]
Desired survivor size 108003328 bytes, new threshold 1 (max 15)
[PSYoungGen: 1751389K->45724K(1798144K)] 4043655K->2348965K(5198336K), 0.0229081 secs] [Times: user=0.30 sys=0.01, real=0.02 secs] 
2019-02-01T01:35:20.437+0000: 795895.395: Total time for which application threads were stopped: 0.0292880 seconds, Stopping threads took: 0.0002642 seconds
2019-02-01T01:35:25.139+0000: 795900.096: Application time: 4.7016862 seconds
2019-02-01T01:35:25.147+0000: 795900.105: Total time for which application threads were stopped: 0.0081251 seconds, Stopping threads took: 0.0003101 seconds
2019-02-01T01:35:25.148+0000: 795900.106: Application time: 0.0011415 seconds
2019-02-01T01:35:25.156+0000: 795900.114: [GC (GCLocker Initiated GC) 2019-02-01T01:35:25.171+0000: 795900.128: [SoftReference, 0 refs, 0.0000758 secs]2019-02-01T01:35:25.171+0000: 795900.129: [WeakReference, 82 refs, 0.0000544 secs]2019-02-01T01:35:25.171+0000: 795900.129: [FinalReference, 1005 refs, 0.0007472 secs]2019-02-01T01:35:25.172+0000: 795900.129: [PhantomReference, 0 refs, 0 refs, 0.0000208 secs]2019-02-01T01:35:25.172+0000: 795900.129: [JNI Weak Reference, 0.0000327 secs]
Desired survivor size 107479040 bytes, new threshold 1 (max 15)
[PSYoungGen: 1743516K->65153K(1803264K)] 4056752K->2380861K(5203456K), 0.0200535 secs] [Times: user=0.30 sys=0.00, real=0.02 secs] 
2019-02-01T01:35:25.177+0000: 795900.135: Total time for which application threads were stopped: 0.0288334 seconds, Stopping threads took: 0.0003878 seconds
2019-02-01T01:35:28.253+0000: 795903.211: Application time: 3.0759367 seconds
2019-02-01T01:35:28.261+0000: 795903.218: Total time for which application threads were stopped: 0.0079383 seconds, Stopping threads took: 0.0018264 seconds
2019-02-01T01:35:28.263+0000: 795903.220: Application time: 0.0018984 seconds
2019-02-01T01:35:28.272+0000: 795903.230: [GC (GCLocker Initiated GC) 2019-02-01T01:35:28.291+0000: 795903.249: [SoftReference, 0 refs, 0.0000604 secs]2019-02-01T01:35:28.291+0000: 795903.249: [WeakReference, 80 refs, 0.0000383 secs]2019-02-01T01:35:28.291+0000: 795903.249: [FinalReference, 899 refs, 0.0005409 secs]2019-02-01T01:35:28.292+0000: 795903.250: [PhantomReference, 0 refs, 1 refs, 0.0000108 secs]2019-02-01T01:35:28.292+0000: 795903.250: [JNI Weak Reference, 0.0000186 secs]
Desired survivor size 114819072 bytes, new threshold 1 (max 15)
[PSYoungGen: 1762945K->87546K(1802752K)] 4085357K->2414991K(5202944K), 0.0233576 secs] [Times: user=0.35 sys=0.00, real=0.03 secs] 
2019-02-01T01:35:28.295+0000: 795903.253: Total time for which application threads were stopped: 0.0329129 seconds, Stopping threads took: 0.0003237 seconds
2019-02-01T01:35:33.913+0000: 795908.871: Application time: 5.6179545 seconds
2019-02-01T01:35:33.919+0000: 795908.877: [GC (Allocation Failure) 2019-02-01T01:35:33.933+0000: 795908.891: [SoftReference, 0 refs, 0.0000568 secs]2019-02-01T01:35:33.933+0000: 795908.891: [WeakReference, 31 refs, 0.0000223 secs]2019-02-01T01:35:33.933+0000: 795908.891: [FinalReference, 832 refs, 0.0004463 secs]2019-02-01T01:35:33.934+0000: 795908.892: [PhantomReference, 0 refs, 0 refs, 0.0000097 secs]2019-02-01T01:35:33.934+0000: 795908.892: [JNI Weak Reference, 0.0000182 secs]
Desired survivor size 114819072 bytes, new threshold 1 (max 15)
[PSYoungGen: 1785338K->27254K(1809920K)] 4113041K->2362375K(5210112K), 0.0174991 secs] [Times: user=0.21 sys=0.00, real=0.02 secs] 
2019-02-01T01:35:33.937+0000: 795908.895: Total time for which application threads were stopped: 0.0238550 seconds, Stopping threads took: 0.0001762 seconds
2019-02-01T01:35:40.373+0000: 795915.330: Application time: 6.4352590 seconds
2019-02-01T01:35:40.378+0000: 795915.336: Total time for which application threads were stopped: 0.0057415 seconds, Stopping threads took: 0.0002557 seconds
2019-02-01T01:35:40.632+0000: 795915.590: Application time: 0.2536314 seconds
2019-02-01T01:35:40.640+0000: 795915.597: Total time for which application threads were stopped: 0.0077172 seconds, Stopping threads took: 0.0003050 seconds
2019-02-01T01:35:40.640+0000: 795915.598: Application time: 0.0003236 seconds
2019-02-01T01:35:40.648+0000: 795915.606: [GC (GCLocker Initiated GC) 2019-02-01T01:35:40.660+0000: 795915.618: [SoftReference, 0 refs, 0.0000569 secs]2019-02-01T01:35:40.660+0000: 795915.618: [WeakReference, 27 refs, 0.0000204 secs]2019-02-01T01:35:40.660+0000: 795915.618: [FinalReference, 880 refs, 0.0004450 secs]2019-02-01T01:35:40.660+0000: 795915.618: [PhantomReference, 0 refs, 0 refs, 0.0000106 secs]2019-02-01T01:35:40.660+0000: 795915.618: [JNI Weak Reference, 0.0000417 secs]
Desired survivor size 111149056 bytes, new threshold 1 (max 15)
[PSYoungGen: 1725046K->39247K(1802752K)] 4060174K->2378727K(5202944K), 0.0158596 secs] [Times: user=0.22 sys=0.01, real=0.01 secs] 
2019-02-01T01:35:40.664+0000: 795915.622: Total time for which application threads were stopped: 0.0239669 seconds, Stopping threads took: 0.0002750 seconds
2019-02-01T01:35:41.664+0000: 795916.622: Application time: 1.0001865 seconds
2019-02-01T01:35:41.672+0000: 795916.630: Total time for which application threads were stopped: 0.0077702 seconds, Stopping threads took: 0.0001963 seconds
2019-02-01T01:35:47.224+0000: 795922.182: Application time: 5.5521092 seconds
2019-02-01T01:35:47.232+0000: 795922.190: Total time for which application threads were stopped: 0.0083296 seconds, Stopping threads took: 0.0007839 seconds
2019-02-01T01:35:47.233+0000: 795922.191: Application time: 0.0008831 seconds
2019-02-01T01:35:47.242+0000: 795922.200: [GC (GCLocker Initiated GC) 2019-02-01T01:35:47.257+0000: 795922.214: [SoftReference, 0 refs, 0.0000688 secs]2019-02-01T01:35:47.257+0000: 795922.215: [WeakReference, 6 refs, 0.0000218 secs]2019-02-01T01:35:47.257+0000: 795922.215: [FinalReference, 918 refs, 0.0007076 secs]2019-02-01T01:35:47.257+0000: 795922.215: [PhantomReference, 0 refs, 0 refs, 0.0000215 secs]2019-02-01T01:35:47.257+0000: 795922.215: [JNI Weak Reference, 0.0000325 secs]
Desired survivor size 108527616 bytes, new threshold 1 (max 15)
[PSYoungGen: 1737039K->60363K(1806336K)] 4079857K->2405829K(5206528K), 0.0205839 secs] [Times: user=0.25 sys=0.01, real=0.02 secs] 
2019-02-01T01:35:47.263+0000: 795922.221: Total time for which application threads were stopped: 0.0295292 seconds, Stopping threads took: 0.0007217 seconds
2019-02-01T01:35:53.263+0000: 795928.221: Application time: 6.0007083 seconds
2019-02-01T01:35:53.274+0000: 795928.232: Total time for which application threads were stopped: 0.0110370 seconds, Stopping threads took: 0.0034149 seconds
2019-02-01T01:35:53.387+0000: 795928.345: Application time: 0.1129666 seconds
2019-02-01T01:35:53.394+0000: 795928.352: Total time for which application threads were stopped: 0.0061964 seconds, Stopping threads took: 0.0002310 seconds
2019-02-01T01:35:53.394+0000: 795928.352: Application time: 0.0006713 seconds
2019-02-01T01:35:53.402+0000: 795928.360: [GC (GCLocker Initiated GC) 2019-02-01T01:35:53.418+0000: 795928.376: [SoftReference, 0 refs, 0.0000747 secs]2019-02-01T01:35:53.418+0000: 795928.376: [WeakReference, 26 refs, 0.0000302 secs]2019-02-01T01:35:53.418+0000: 795928.376: [FinalReference, 830 refs, 0.0005961 secs]2019-02-01T01:35:53.419+0000: 795928.377: [PhantomReference, 0 refs, 0 refs, 0.0000188 secs]2019-02-01T01:35:53.419+0000: 795928.377: [JNI Weak Reference, 0.0000317 secs]
Desired survivor size 103284736 bytes, new threshold 1 (max 15)
[PSYoungGen: 1758155K->53440K(1802240K)] 4103638K->2401047K(5202432K), 0.0220850 secs] [Times: user=0.24 sys=0.00, real=0.02 secs] 
2019-02-01T01:35:53.424+0000: 795928.382: Total time for which application threads were stopped: 0.0297467 seconds, Stopping threads took: 0.0002212 seconds
2019-02-01T01:35:57.838+0000: 795932.795: Application time: 4.4135361 seconds
2019-02-01T01:35:57.845+0000: 795932.803: Total time for which application threads were stopped: 0.0072251 seconds, Stopping threads took: 0.0013549 seconds
2019-02-01T01:35:57.846+0000: 795932.804: Application time: 0.0010665 seconds
2019-02-01T01:35:57.859+0000: 795932.817: [GC (GCLocker Initiated GC) 2019-02-01T01:35:57.873+0000: 795932.831: [SoftReference, 0 refs, 0.0000566 secs]2019-02-01T01:35:57.873+0000: 795932.831: [WeakReference, 6 refs, 0.0000127 secs]2019-02-01T01:35:57.873+0000: 795932.831: [FinalReference, 841 refs, 0.0004198 secs]2019-02-01T01:35:57.873+0000: 795932.831: [PhantomReference, 0 refs, 1 refs, 0.0000192 secs]2019-02-01T01:35:57.873+0000: 795932.831: [JNI Weak Reference, 0.0000212 secs]
Desired survivor size 101187584 bytes, new threshold 1 (max 15)
[PSYoungGen: 1760960K->60738K(1808384K)] 4115454K->2418962K(5208576K), 0.0173078 secs] [Times: user=0.26 sys=0.00, real=0.01 secs] 
2019-02-01T01:35:57.877+0000: 795932.835: Total time for which application threads were stopped: 0.0308840 seconds, Stopping threads took: 0.0052368 seconds
2019-02-01T01:36:02.953+0000: 795937.910: Application time: 5.0757864 seconds
2019-02-01T01:36:02.959+0000: 795937.917: Total time for which application threads were stopped: 0.0060906 seconds, Stopping threads took: 0.0002948 seconds
2019-02-01T01:36:02.960+0000: 795937.918: Application time: 0.0011549 seconds
2019-02-01T01:36:02.966+0000: 795937.924: [GC (GCLocker Initiated GC) 2019-02-01T01:36:04.623+0000: 795939.581: [SoftReference, 0 refs, 0.0000499 secs]2019-02-01T01:36:04.623+0000: 795939.581: [WeakReference, 40 refs, 0.0000306 secs]2019-02-01T01:36:04.623+0000: 795939.581: [FinalReference, 960 refs, 0.0004734 secs]2019-02-01T01:36:04.624+0000: 795939.582: [PhantomReference, 0 refs, 0 refs, 0.0000102 secs]2019-02-01T01:36:04.624+0000: 795939.582: [JNI Weak Reference, 0.0000204 secs]
Desired survivor size 125829120 bytes, new threshold 1 (max 15)
[PSYoungGen: 1768258K->98810K(1775104K)] 4129979K->2492469K(5175296K), 1.6611113 secs] [Times: user=32.74 sys=3.55, real=1.66 secs] 
2019-02-01T01:36:04.627+0000: 795939.585: Total time for which application threads were stopped: 1.6675239 seconds, Stopping threads took: 0.0001839 seconds
2019-02-01T01:36:08.082+0000: 795943.040: Application time: 3.4547168 seconds
2019-02-01T01:36:08.088+0000: 795943.046: Total time for which application threads were stopped: 0.0059714 seconds, Stopping threads took: 0.0002073 seconds
2019-02-01T01:36:08.089+0000: 795943.047: Application time: 0.0006386 seconds
2019-02-01T01:36:08.097+0000: 795943.055: [GC (GCLocker Initiated GC) 2019-02-01T01:36:08.114+0000: 795943.072: [SoftReference, 0 refs, 0.0000848 secs]2019-02-01T01:36:08.114+0000: 795943.072: [WeakReference, 18 refs, 0.0000329 secs]2019-02-01T01:36:08.114+0000: 795943.072: [FinalReference, 893 refs, 0.0006759 secs]2019-02-01T01:36:08.115+0000: 795943.072: [PhantomReference, 0 refs, 3 refs, 0.0000216 secs]2019-02-01T01:36:08.115+0000: 795943.072: [JNI Weak Reference, 0.0000332 secs]
Desired survivor size 119537664 bytes, new threshold 1 (max 15)
[PSYoungGen: 1775098K->60786K(1799168K)] 4172105K->2465309K(5199360K), 0.0221063 secs] [Times: user=0.30 sys=0.00, real=0.02 secs] 
2019-02-01T01:36:08.120+0000: 795943.078: Total time for which application threads were stopped: 0.0309736 seconds, Stopping threads took: 0.0003008 seconds
2019-02-01T01:36:12.029+0000: 795946.987: Application time: 3.9091224 seconds
2019-02-01T01:36:12.036+0000: 795946.994: Total time for which application threads were stopped: 0.0072617 seconds, Stopping threads took: 0.0011844 seconds
2019-02-01T01:36:12.037+0000: 795946.995: Application time: 0.0013510 seconds
2019-02-01T01:36:12.045+0000: 795947.003: [GC (GCLocker Initiated GC) 2019-02-01T01:36:12.062+0000: 795947.019: [SoftReference, 0 refs, 0.0000737 secs]2019-02-01T01:36:12.062+0000: 795947.020: [WeakReference, 31 refs, 0.0000352 secs]2019-02-01T01:36:12.062+0000: 795947.020: [FinalReference, 873 refs, 0.0007043 secs]2019-02-01T01:36:12.062+0000: 795947.020: [PhantomReference, 0 refs, 1 refs, 0.0000248 secs]2019-02-01T01:36:12.062+0000: 795947.020: [JNI Weak Reference, 0.0000330 secs]
Desired survivor size 115343360 bytes, new threshold 1 (max 15)
[PSYoungGen: 1737074K->65155K(1784832K)] 4148313K->2489113K(5185024K), 0.0259349 secs] [Times: user=0.31 sys=0.01, real=0.03 secs] 
2019-02-01T01:36:12.071+0000: 795947.029: Total time for which application threads were stopped: 0.0339289 seconds, Stopping threads took: 0.0004091 seconds
2019-02-01T01:36:15.947+0000: 795950.905: Application time: 3.8756102 seconds
2019-02-01T01:36:15.957+0000: 795950.915: Total time for which application threads were stopped: 0.0099459 seconds, Stopping threads took: 0.0010720 seconds
2019-02-01T01:36:15.959+0000: 795950.917: Application time: 0.0020072 seconds
2019-02-01T01:36:15.969+0000: 795950.926: [GC (GCLocker Initiated GC) 2019-02-01T01:36:15.983+0000: 795950.941: [SoftReference, 0 refs, 0.0001202 secs]2019-02-01T01:36:15.983+0000: 795950.941: [WeakReference, 61 refs, 0.0000606 secs]2019-02-01T01:36:15.983+0000: 795950.941: [FinalReference, 796 refs, 0.0005335 secs]2019-02-01T01:36:15.984+0000: 795950.941: [PhantomReference, 0 refs, 0 refs, 0.0000170 secs]2019-02-01T01:36:15.984+0000: 795950.941: [JNI Weak Reference, 0.0000287 secs]
Desired survivor size 112197632 bytes, new threshold 1 (max 15)
[PSYoungGen: 1747587K->67525K(1795072K)] 4171572K->2494560K(5195264K), 0.0196203 secs] [Times: user=0.27 sys=0.00, real=0.02 secs] 
2019-02-01T01:36:15.989+0000: 795950.946: Total time for which application threads were stopped: 0.0295730 seconds, Stopping threads took: 0.0002272 seconds
2019-02-01T01:36:19.893+0000: 795954.851: Application time: 3.9045168 seconds
2019-02-01T01:36:19.903+0000: 795954.860: Total time for which application threads were stopped: 0.0095507 seconds, Stopping threads took: 0.0020899 seconds
2019-02-01T01:36:19.904+0000: 795954.862: Application time: 0.0012185 seconds
2019-02-01T01:36:19.911+0000: 795954.869: [GC (GCLocker Initiated GC) 2019-02-01T01:36:19.926+0000: 795954.884: [SoftReference, 0 refs, 0.0000551 secs]2019-02-01T01:36:19.926+0000: 795954.884: [WeakReference, 12 refs, 0.0000137 secs]2019-02-01T01:36:19.926+0000: 795954.884: [FinalReference, 895 refs, 0.0004519 secs]2019-02-01T01:36:19.926+0000: 795954.884: [PhantomReference, 0 refs, 1 refs, 0.0000111 secs]2019-02-01T01:36:19.926+0000: 795954.884: [JNI Weak Reference, 0.0000201 secs]
Desired survivor size 107479040 bytes, new threshold 1 (max 15)
[PSYoungGen: 1749957K->62980K(1797120K)] 4180355K->2495540K(5197312K), 0.0184397 secs] [Times: user=0.27 sys=0.01, real=0.02 secs] 
2019-02-01T01:36:19.930+0000: 795954.888: Total time for which application threads were stopped: 0.0262719 seconds, Stopping threads took: 0.0002188 seconds
2019-02-01T01:36:23.787+0000: 795958.745: Application time: 3.8572086 seconds
2019-02-01T01:36:23.801+0000: 795958.759: Total time for which application threads were stopped: 0.0133486 seconds, Stopping threads took: 0.0038151 seconds
2019-02-01T01:36:23.803+0000: 795958.761: Application time: 0.0021392 seconds
2019-02-01T01:36:23.812+0000: 795958.770: [GC (GCLocker Initiated GC) 2019-02-01T01:36:23.833+0000: 795958.791: [SoftReference, 0 refs, 0.0000455 secs]2019-02-01T01:36:23.833+0000: 795958.791: [WeakReference, 22 refs, 0.0000216 secs]2019-02-01T01:36:23.833+0000: 795958.791: [FinalReference, 870 refs, 0.0004375 secs]2019-02-01T01:36:23.833+0000: 795958.791: [PhantomReference, 0 refs, 2 refs, 0.0000149 secs]2019-02-01T01:36:23.833+0000: 795958.791: [JNI Weak Reference, 0.0000233 secs]
Desired survivor size 104333312 bytes, new threshold 1 (max 15)
[PSYoungGen: 1762820K->65052K(1804800K)] 4205663K->2511764K(5204992K), 0.0254715 secs] [Times: user=0.36 sys=0.00, real=0.03 secs] 
2019-02-01T01:36:23.838+0000: 795958.796: Total time for which application threads were stopped: 0.0350125 seconds, Stopping threads took: 0.0009629 seconds
2019-02-01T01:36:28.024+0000: 795962.982: Application time: 4.1865113 seconds
2019-02-01T01:36:28.036+0000: 795962.994: Total time for which application threads were stopped: 0.0114526 seconds, Stopping threads took: 0.0020108 seconds
2019-02-01T01:36:28.037+0000: 795962.995: Application time: 0.0014048 seconds
2019-02-01T01:36:28.047+0000: 795963.005: [GC (GCLocker Initiated GC) 2019-02-01T01:36:28.061+0000: 795963.019: [SoftReference, 0 refs, 0.0000509 secs]2019-02-01T01:36:28.061+0000: 795963.019: [WeakReference, 18 refs, 0.0000189 secs]2019-02-01T01:36:28.061+0000: 795963.019: [FinalReference, 905 refs, 0.0004500 secs]2019-02-01T01:36:28.062+0000: 795963.019: [PhantomReference, 0 refs, 1 refs, 0.0000108 secs]2019-02-01T01:36:28.062+0000: 795963.019: [JNI Weak Reference, 0.0000197 secs]
Desired survivor size 102236160 bytes, new threshold 1 (max 15)
[PSYoungGen: 1764892K->49496K(1809920K)] 4214965K->2503306K(5210112K), 0.0179540 secs] [Times: user=0.26 sys=0.00, real=0.02 secs] 
2019-02-01T01:36:28.065+0000: 795963.023: Total time for which application threads were stopped: 0.0281803 seconds, Stopping threads took: 0.0003600 seconds
2019-02-01T01:36:32.318+0000: 795967.276: Application time: 4.2528969 seconds
2019-02-01T01:36:32.328+0000: 795967.286: Total time for which application threads were stopped: 0.0094784 seconds, Stopping threads took: 0.0004037 seconds
2019-02-01T01:36:32.329+0000: 795967.287: Application time: 0.0011076 seconds
2019-02-01T01:36:32.338+0000: 795967.296: [GC (GCLocker Initiated GC) 2019-02-01T01:36:32.355+0000: 795967.313: [SoftReference, 0 refs, 0.0000622 secs]2019-02-01T01:36:32.355+0000: 795967.313: [WeakReference, 20 refs, 0.0000199 secs]2019-02-01T01:36:32.355+0000: 795967.313: [FinalReference, 890 refs, 0.0004101 secs]2019-02-01T01:36:32.355+0000: 795967.313: [PhantomReference, 0 refs, 0 refs, 0.0000105 secs]2019-02-01T01:36:32.355+0000: 795967.313: [JNI Weak Reference, 0.0000195 secs]
Desired survivor size 101187584 bytes, new threshold 1 (max 15)
[PSYoungGen: 1764696K->68459K(1815040K)] 4219272K->2527896K(5215232K), 0.0205566 secs] [Times: user=0.31 sys=0.01, real=0.02 secs] 
2019-02-01T01:36:32.359+0000: 795967.317: Total time for which application threads were stopped: 0.0300412 seconds, Stopping threads took: 0.0002505 seconds
2019-02-01T01:36:36.810+0000: 795971.768: Application time: 4.4512730 seconds
2019-02-01T01:36:36.821+0000: 795971.779: Total time for which application threads were stopped: 0.0106454 seconds, Stopping threads took: 0.0013778 seconds
2019-02-01T01:36:36.822+0000: 795971.780: Application time: 0.0014850 seconds
2019-02-01T01:36:36.832+0000: 795971.790: [GC (GCLocker Initiated GC) 2019-02-01T01:36:36.847+0000: 795971.804: [SoftReference, 0 refs, 0.0000725 secs]2019-02-01T01:36:36.847+0000: 795971.805: [WeakReference, 26 refs, 0.0000310 secs]2019-02-01T01:36:36.847+0000: 795971.805: [FinalReference, 877 refs, 0.0006821 secs]2019-02-01T01:36:36.847+0000: 795971.805: [PhantomReference, 0 refs, 2 refs, 0.0000219 secs]2019-02-01T01:36:36.847+0000: 795971.805: [JNI Weak Reference, 0.0000327 secs]
Desired survivor size 98041856 bytes, new threshold 1 (max 15)
[PSYoungGen: 1783659K->64528K(1815040K)] 4244789K->2529724K(5215232K), 0.0205739 secs] [Times: user=0.25 sys=0.00, real=0.02 secs] 
2019-02-01T01:36:36.853+0000: 795971.811: Total time for which application threads were stopped: 0.0306863 seconds, Stopping threads took: 0.0003595 seconds
2019-02-01T01:36:40.437+0000: 795975.395: Application time: 3.5837453 seconds
2019-02-01T01:36:40.447+0000: 795975.405: Total time for which application threads were stopped: 0.0099027 seconds, Stopping threads took: 0.0003987 seconds
2019-02-01T01:36:41.121+0000: 795976.079: Application time: 0.6739839 seconds
2019-02-01T01:36:41.131+0000: 795976.089: Total time for which application threads were stopped: 0.0102374 seconds, Stopping threads took: 0.0003122 seconds
2019-02-01T01:36:41.133+0000: 795976.091: Application time: 0.0023076 seconds
2019-02-01T01:36:41.141+0000: 795976.099: [GC (GCLocker Initiated GC) 2019-02-01T01:36:41.160+0000: 795976.118: [SoftReference, 0 refs, 0.0000514 secs]2019-02-01T01:36:41.160+0000: 795976.118: [WeakReference, 44 refs, 0.0000283 secs]2019-02-01T01:36:41.160+0000: 795976.118: [FinalReference, 858 refs, 0.0018913 secs]2019-02-01T01:36:41.162+0000: 795976.120: [PhantomReference, 0 refs, 0 refs, 0.0000160 secs]2019-02-01T01:36:41.162+0000: 795976.120: [JNI Weak Reference, 0.0000204 secs]
Desired survivor size 101187584 bytes, new threshold 1 (max 15)
[PSYoungGen: 1787920K->78784K(1819136K)] 4257440K->2551937K(5219328K), 0.0244810 secs] [Times: user=0.33 sys=0.00, real=0.03 secs] 
2019-02-01T01:36:41.166+0000: 795976.124: Total time for which application threads were stopped: 0.0329574 seconds, Stopping threads took: 0.0002325 seconds
2019-02-01T01:36:45.340+0000: 795980.298: Application time: 4.1734921 seconds
2019-02-01T01:36:45.350+0000: 795980.307: Total time for which application threads were stopped: 0.0098702 seconds, Stopping threads took: 0.0004497 seconds
2019-02-01T01:36:45.351+0000: 795980.308: Application time: 0.0010192 seconds
2019-02-01T01:36:45.361+0000: 795980.318: [GC (GCLocker Initiated GC) 2019-02-01T01:36:46.914+0000: 795981.871: [SoftReference, 0 refs, 0.0000474 secs]2019-02-01T01:36:46.914+0000: 795981.871: [WeakReference, 6 refs, 0.0000130 secs]2019-02-01T01:36:46.914+0000: 795981.871: [FinalReference, 870 refs, 0.0004697 secs]2019-02-01T01:36:46.914+0000: 795981.872: [PhantomReference, 0 refs, 0 refs, 0.0000106 secs]2019-02-01T01:36:46.914+0000: 795981.872: [JNI Weak Reference, 0.0000204 secs]
Desired survivor size 110100480 bytes, new threshold 1 (max 15)
[PSYoungGen: 1802176K->97026K(1805824K)] 4275383K->2574741K(5206016K), 1.5569436 secs] [Times: user=29.58 sys=4.45, real=1.56 secs] 
2019-02-01T01:36:46.918+0000: 795981.876: Total time for which application threads were stopped: 1.5670909 seconds, Stopping threads took: 0.0003508 seconds
2019-02-01T01:36:50.602+0000: 795985.560: Application time: 3.6842538 seconds
2019-02-01T01:36:50.615+0000: 795985.573: Total time for which application threads were stopped: 0.0129478 seconds, Stopping threads took: 0.0038243 seconds
2019-02-01T01:36:50.615+0000: 795985.573: Application time: 0.0002015 seconds
2019-02-01T01:36:50.623+0000: 795985.581: Total time for which application threads were stopped: 0.0082746 seconds, Stopping threads took: 0.0001717 seconds
2019-02-01T01:36:50.625+0000: 795985.583: Application time: 0.0014298 seconds
2019-02-01T01:36:50.633+0000: 795985.591: [GC (GCLocker Initiated GC) 2019-02-01T01:36:50.649+0000: 795985.607: [SoftReference, 0 refs, 0.0000461 secs]2019-02-01T01:36:50.650+0000: 795985.607: [WeakReference, 4 refs, 0.0000107 secs]2019-02-01T01:36:50.650+0000: 795985.607: [FinalReference, 879 refs, 0.0004623 secs]2019-02-01T01:36:50.650+0000: 795985.608: [PhantomReference, 0 refs, 1 refs, 0.0000109 secs]2019-02-01T01:36:50.650+0000: 795985.608: [JNI Weak Reference, 0.0000195 secs]
Desired survivor size 111149056 bytes, new threshold 1 (max 15)
[PSYoungGen: 1804034K->36427K(1743872K)] 4288631K->2534326K(5144064K), 0.0202409 secs] [Times: user=0.31 sys=0.00, real=0.02 secs] 
2019-02-01T01:36:50.654+0000: 795985.612: Total time for which application threads were stopped: 0.0288426 seconds, Stopping threads took: 0.0003879 seconds
2019-02-01T01:36:55.073+0000: 795990.031: Application time: 4.4194280 seconds
2019-02-01T01:36:55.082+0000: 795990.040: Total time for which application threads were stopped: 0.0092983 seconds, Stopping threads took: 0.0003910 seconds
2019-02-01T01:36:55.084+0000: 795990.041: Application time: 0.0011791 seconds
2019-02-01T01:36:55.093+0000: 795990.051: [GC (GCLocker Initiated GC) 2019-02-01T01:36:55.106+0000: 795990.064: [SoftReference, 0 refs, 0.0000787 secs]2019-02-01T01:36:55.106+0000: 795990.064: [WeakReference, 55 refs, 0.0000463 secs]2019-02-01T01:36:55.106+0000: 795990.064: [FinalReference, 998 refs, 0.0007260 secs]2019-02-01T01:36:55.107+0000: 795990.064: [PhantomReference, 0 refs, 1 refs, 0.0000209 secs]2019-02-01T01:36:55.107+0000: 795990.064: [JNI Weak Reference, 0.0000335 secs]
Desired survivor size 113246208 bytes, new threshold 1 (max 15)
[PSYoungGen: 1743435K->28551K(1809408K)] 4244694K->2535364K(5209600K), 0.0185178 secs] [Times: user=0.24 sys=0.01, real=0.02 secs] 
2019-02-01T01:36:55.112+0000: 795990.070: Total time for which application threads were stopped: 0.0284678 seconds, Stopping threads took: 0.0005060 seconds
2019-02-01T01:36:59.691+0000: 795994.649: Application time: 4.5785779 seconds
2019-02-01T01:36:59.700+0000: 795994.657: Total time for which application threads were stopped: 0.0089599 seconds, Stopping threads took: 0.0016878 seconds
2019-02-01T01:36:59.701+0000: 795994.658: Application time: 0.0009487 seconds
2019-02-01T01:36:59.708+0000: 795994.666: [GC (GCLocker Initiated GC) 2019-02-01T01:36:59.727+0000: 795994.684: [SoftReference, 0 refs, 0.0000589 secs]2019-02-01T01:36:59.727+0000: 795994.684: [WeakReference, 44 refs, 0.0000242 secs]2019-02-01T01:36:59.727+0000: 795994.684: [FinalReference, 985 refs, 0.0005537 secs]2019-02-01T01:36:59.727+0000: 795994.685: [PhantomReference, 0 refs, 1 refs, 0.0000130 secs]2019-02-01T01:36:59.727+0000: 795994.685: [JNI Weak Reference, 0.0000337 secs]
Desired survivor size 124256256 bytes, new threshold 1 (max 15)
[PSYoungGen: 1729415K->103565K(1804800K)] 4239571K->2617935K(5204992K), 0.0223515 secs] [Times: user=0.36 sys=0.01, real=0.02 secs] 
2019-02-01T01:36:59.731+0000: 795994.689: Total time for which application threads were stopped: 0.0302979 seconds, Stopping threads took: 0.0002721 seconds
2019-02-01T01:37:04.065+0000: 795999.023: Application time: 4.3342083 seconds
2019-02-01T01:37:04.074+0000: 795999.032: Total time for which application threads were stopped: 0.0089884 seconds, Stopping threads took: 0.0002963 seconds
2019-02-01T01:37:04.075+0000: 795999.033: Application time: 0.0008147 seconds
2019-02-01T01:37:04.084+0000: 795999.042: [GC (GCLocker Initiated GC) 2019-02-01T01:37:04.099+0000: 795999.057: [SoftReference, 0 refs, 0.0000725 secs]2019-02-01T01:37:04.099+0000: 795999.057: [WeakReference, 46 refs, 0.0000485 secs]2019-02-01T01:37:04.099+0000: 795999.057: [FinalReference, 899 refs, 0.0006877 secs]2019-02-01T01:37:04.100+0000: 795999.058: [PhantomReference, 0 refs, 0 refs, 0.0000199 secs]2019-02-01T01:37:04.100+0000: 795999.058: [JNI Weak Reference, 0.0000332 secs]
Desired survivor size 122159104 bytes, new threshold 1 (max 15)
[PSYoungGen: 1804429K->74676K(1800704K)] 4318806K->2593633K(5200896K), 0.0209647 secs] [Times: user=0.29 sys=0.01, real=0.02 secs] 
2019-02-01T01:37:04.106+0000: 795999.063: Total time for which application threads were stopped: 0.0307270 seconds, Stopping threads took: 0.0002730 seconds
2019-02-01T01:37:04.656+0000: 795999.614: Application time: 0.5504548 seconds
2019-02-01T01:37:04.666+0000: 795999.623: Total time for which application threads were stopped: 0.0094860 seconds, Stopping threads took: 0.0003575 seconds
2019-02-01T01:37:08.945+0000: 796003.902: Application time: 4.2790154 seconds
2019-02-01T01:37:08.953+0000: 796003.911: Total time for which application threads were stopped: 0.0081456 seconds, Stopping threads took: 0.0003304 seconds
2019-02-01T01:37:08.954+0000: 796003.912: Application time: 0.0012680 seconds
2019-02-01T01:37:08.962+0000: 796003.919: [GC (GCLocker Initiated GC) 2019-02-01T01:37:08.978+0000: 796003.936: [SoftReference, 0 refs, 0.0000569 secs]2019-02-01T01:37:08.978+0000: 796003.936: [WeakReference, 11 refs, 0.0000130 secs]2019-02-01T01:37:08.978+0000: 796003.936: [FinalReference, 1010 refs, 0.0016402 secs]2019-02-01T01:37:08.980+0000: 796003.937: [PhantomReference, 0 refs, 1 refs, 0.0000158 secs]2019-02-01T01:37:08.980+0000: 796003.938: [JNI Weak Reference, 0.0000198 secs]
Desired survivor size 120586240 bytes, new threshold 1 (max 15)
[PSYoungGen: 1758132K->42359K(1802752K)] 4280418K->2567886K(5202944K), 0.0215669 secs] [Times: user=0.24 sys=0.01, real=0.02 secs] 
2019-02-01T01:37:08.983+0000: 796003.941: Total time for which application threads were stopped: 0.0292962 seconds, Stopping threads took: 0.0002173 seconds
2019-02-01T01:37:13.422+0000: 796008.380: Application time: 4.4388769 seconds
2019-02-01T01:37:13.429+0000: 796008.386: Total time for which application threads were stopped: 0.0063769 seconds, Stopping threads took: 0.0003846 seconds
2019-02-01T01:37:13.429+0000: 796008.387: Application time: 0.0007085 seconds
2019-02-01T01:37:13.438+0000: 796008.396: [GC (GCLocker Initiated GC) 2019-02-01T01:37:13.451+0000: 796008.409: [SoftReference, 0 refs, 0.0000519 secs]2019-02-01T01:37:13.452+0000: 796008.409: [WeakReference, 16 refs, 0.0000161 secs]2019-02-01T01:37:13.452+0000: 796008.409: [FinalReference, 861 refs, 0.0004348 secs]2019-02-01T01:37:13.452+0000: 796008.410: [PhantomReference, 0 refs, 0 refs, 0.0000098 secs]2019-02-01T01:37:13.452+0000: 796008.410: [JNI Weak Reference, 0.0000183 secs]
Desired survivor size 116391936 bytes, new threshold 1 (max 15)
[PSYoungGen: 1725815K->56382K(1794048K)] 4251362K->2587056K(5194240K), 0.0186681 secs] [Times: user=0.26 sys=0.01, real=0.02 secs] 
2019-02-01T01:37:13.457+0000: 796008.414: Total time for which application threads were stopped: 0.0272374 seconds, Stopping threads took: 0.0003478 seconds
2019-02-01T01:37:17.604+0000: 796012.562: Application time: 4.1477219 seconds
2019-02-01T01:37:17.614+0000: 796012.572: Total time for which application threads were stopped: 0.0101283 seconds, Stopping threads took: 0.0043003 seconds
2019-02-01T01:37:17.615+0000: 796012.573: Application time: 0.0009474 seconds
2019-02-01T01:37:17.622+0000: 796012.580: [GC (Allocation Failure) 2019-02-01T01:37:17.637+0000: 796012.595: [SoftReference, 0 refs, 0.0000475 secs]2019-02-01T01:37:17.637+0000: 796012.595: [WeakReference, 57 refs, 0.0000336 secs]2019-02-01T01:37:17.637+0000: 796012.595: [FinalReference, 823 refs, 0.0004174 secs]2019-02-01T01:37:17.638+0000: 796012.595: [PhantomReference, 0 refs, 1 refs, 0.0000115 secs]2019-02-01T01:37:17.638+0000: 796012.595: [JNI Weak Reference, 0.0000177 secs]
Desired survivor size 111673344 bytes, new threshold 1 (max 15)
[PSYoungGen: 1741374K->59732K(1798656K)] 4276718K->2598823K(5198848K), 0.0192703 secs] [Times: user=0.31 sys=0.01, real=0.01 secs] 
2019-02-01T01:37:17.641+0000: 796012.599: Total time for which application threads were stopped: 0.0258173 seconds, Stopping threads took: 0.0003210 seconds
2019-02-01T01:37:17.642+0000: 796012.599: Application time: 0.0003917 seconds
2019-02-01T01:37:17.650+0000: 796012.608: [GC (GCLocker Initiated GC) 2019-02-01T01:37:17.665+0000: 796012.623: [SoftReference, 0 refs, 0.0000726 secs]2019-02-01T01:37:17.665+0000: 796012.623: [WeakReference, 0 refs, 0.0000172 secs]2019-02-01T01:37:17.665+0000: 796012.623: [FinalReference, 0 refs, 0.0000161 secs]2019-02-01T01:37:17.665+0000: 796012.623: [PhantomReference, 0 refs, 0 refs, 0.0000188 secs]2019-02-01T01:37:17.665+0000: 796012.623: [JNI Weak Reference, 0.0000427 secs]
Desired survivor size 117964800 bytes, new threshold 1 (max 15)
[PSYoungGen: 62686K->384K(1800704K)] 2601778K->2598796K(5200896K), 0.0195331 secs] [Times: user=0.28 sys=0.01, real=0.02 secs] 
2019-02-01T01:37:17.670+0000: 796012.628: Total time for which application threads were stopped: 0.0286137 seconds, Stopping threads took: 0.0003847 seconds
2019-02-01T01:37:22.126+0000: 796017.084: Application time: 4.4558538 seconds
2019-02-01T01:37:22.133+0000: 796017.091: Total time for which application threads were stopped: 0.0066623 seconds, Stopping threads took: 0.0002113 seconds
2019-02-01T01:37:22.133+0000: 796017.091: Application time: 0.0004561 seconds
2019-02-01T01:37:22.141+0000: 796017.099: [GC (GCLocker Initiated GC) 2019-02-01T01:37:22.159+0000: 796017.117: [SoftReference, 0 refs, 0.0000755 secs]2019-02-01T01:37:22.159+0000: 796017.117: [WeakReference, 9 refs, 0.0000286 secs]2019-02-01T01:37:22.159+0000: 796017.117: [FinalReference, 883 refs, 0.0006939 secs]2019-02-01T01:37:22.160+0000: 796017.118: [PhantomReference, 0 refs, 0 refs, 0.0000195 secs]2019-02-01T01:37:22.160+0000: 796017.118: [JNI Weak Reference, 0.0000333 secs]
Desired survivor size 116391936 bytes, new threshold 1 (max 15)
[PSYoungGen: 1691717K->68103K(1806848K)] 4293450K->2669900K(5207040K), 0.0238674 secs] [Times: user=0.30 sys=0.01, real=0.03 secs] 
2019-02-01T01:37:22.165+0000: 796017.123: Total time for which application threads were stopped: 0.0322016 seconds, Stopping threads took: 0.0003655 seconds
2019-02-01T01:37:26.668+0000: 796021.626: Application time: 4.5024208 seconds
2019-02-01T01:37:26.674+0000: 796021.632: Total time for which application threads were stopped: 0.0066540 seconds, Stopping threads took: 0.0003568 seconds
2019-02-01T01:37:26.675+0000: 796021.633: Application time: 0.0007883 seconds
2019-02-01T01:37:26.682+0000: 796021.640: [GC (GCLocker Initiated GC) 2019-02-01T01:37:26.704+0000: 796021.662: [SoftReference, 0 refs, 0.0000582 secs]2019-02-01T01:37:26.704+0000: 796021.662: [WeakReference, 47 refs, 0.0000391 secs]2019-02-01T01:37:26.704+0000: 796021.662: [FinalReference, 910 refs, 0.0004761 secs]2019-02-01T01:37:26.705+0000: 796021.663: [PhantomReference, 0 refs, 1 refs, 0.0000129 secs]2019-02-01T01:37:26.705+0000: 796021.663: [JNI Weak Reference, 0.0000220 secs]
Desired survivor size 112721920 bytes, new threshold 1 (max 15)
[PSYoungGen: 1759751K->62825K(1798144K)] 4365549K->2696036K(5198336K), 0.0266727 secs] [Times: user=0.46 sys=0.01, real=0.03 secs] 
2019-02-01T01:37:26.709+0000: 796021.667: Total time for which application threads were stopped: 0.0337298 seconds, Stopping threads took: 0.0005332 seconds
2019-02-01T01:37:31.191+0000: 796026.149: Application time: 4.4821112 seconds
2019-02-01T01:37:31.201+0000: 796026.158: Total time for which application threads were stopped: 0.0094020 seconds, Stopping threads took: 0.0014990 seconds
2019-02-01T01:37:31.201+0000: 796026.159: Application time: 0.0008919 seconds
2019-02-01T01:37:31.210+0000: 796026.168: [GC (GCLocker Initiated GC) 2019-02-01T01:37:31.231+0000: 796026.188: [SoftReference, 0 refs, 0.0000728 secs]2019-02-01T01:37:31.231+0000: 796026.189: [WeakReference, 50 refs, 0.0000459 secs]2019-02-01T01:37:31.231+0000: 796026.189: [FinalReference, 938 refs, 0.0008011 secs]2019-02-01T01:37:31.232+0000: 796026.189: [PhantomReference, 0 refs, 1 refs, 0.0000201 secs]2019-02-01T01:37:31.232+0000: 796026.189: [JNI Weak Reference, 0.0000317 secs]
Desired survivor size 108527616 bytes, new threshold 1 (max 15)
[PSYoungGen: 1756009K->53090K(1803264K)] 4392588K->2693795K(5203456K), 0.0267212 secs] [Times: user=0.40 sys=0.01, real=0.03 secs] 
2019-02-01T01:37:31.237+0000: 796026.195: Total time for which application threads were stopped: 0.0354086 seconds, Stopping threads took: 0.0003238 seconds
2019-02-01T01:37:35.238+0000: 796030.195: Application time: 4.0008174 seconds
2019-02-01T01:37:35.243+0000: 796030.201: Total time for which application threads were stopped: 0.0057317 seconds, Stopping threads took: 0.0002646 seconds
2019-02-01T01:37:35.451+0000: 796030.409: Application time: 0.2077651 seconds
2019-02-01T01:37:35.459+0000: 796030.417: Total time for which application threads were stopped: 0.0081329 seconds, Stopping threads took: 0.0003688 seconds
2019-02-01T01:37:35.460+0000: 796030.418: Application time: 0.0006822 seconds
2019-02-01T01:37:35.468+0000: 796030.426: [GC (GCLocker Initiated GC) 2019-02-01T01:37:35.483+0000: 796030.441: [SoftReference, 0 refs, 0.0000748 secs]2019-02-01T01:37:35.483+0000: 796030.441: [WeakReference, 15 refs, 0.0000284 secs]2019-02-01T01:37:35.483+0000: 796030.441: [FinalReference, 943 refs, 0.0006985 secs]2019-02-01T01:37:35.484+0000: 796030.442: [PhantomReference, 0 refs, 0 refs, 0.0000190 secs]2019-02-01T01:37:35.484+0000: 796030.442: [JNI Weak Reference, 0.0000332 secs]
Desired survivor size 103809024 bytes, new threshold 1 (max 15)
[PSYoungGen: 1746274K->55291K(1801728K)] 4387079K->2703859K(5201920K), 0.0216384 secs] [Times: user=0.28 sys=0.00, real=0.02 secs] 
2019-02-01T01:37:35.490+0000: 796030.448: Total time for which application threads were stopped: 0.0301517 seconds, Stopping threads took: 0.0002541 seconds
2019-02-01T01:37:39.976+0000: 796034.934: Application time: 4.4858691 seconds
2019-02-01T01:37:39.984+0000: 796034.942: Total time for which application threads were stopped: 0.0077807 seconds, Stopping threads took: 0.0003180 seconds
2019-02-01T01:37:39.985+0000: 796034.943: Application time: 0.0009181 seconds
2019-02-01T01:37:39.993+0000: 796034.950: [GC (GCLocker Initiated GC) 2019-02-01T01:37:40.008+0000: 796034.966: [SoftReference, 0 refs, 0.0000766 secs]2019-02-01T01:37:40.008+0000: 796034.966: [WeakReference, 31 refs, 0.0000349 secs]2019-02-01T01:37:40.008+0000: 796034.966: [FinalReference, 971 refs, 0.0007097 secs]2019-02-01T01:37:40.009+0000: 796034.966: [PhantomReference, 0 refs, 0 refs, 0.0000202 secs]2019-02-01T01:37:40.009+0000: 796034.966: [JNI Weak Reference, 0.0000330 secs]
Desired survivor size 103284736 bytes, new threshold 1 (max 15)
[PSYoungGen: 1761275K->68162K(1807360K)] 4409894K->2726366K(5207552K), 0.0213379 secs] [Times: user=0.29 sys=0.00, real=0.02 secs] 
2019-02-01T01:37:40.014+0000: 796034.972: Total time for which application threads were stopped: 0.0295961 seconds, Stopping threads took: 0.0003080 seconds
2019-02-01T01:37:40.373+0000: 796035.331: Application time: 0.3583969 seconds
2019-02-01T01:37:40.382+0000: 796035.340: Total time for which application threads were stopped: 0.0091913 seconds, Stopping threads took: 0.0001943 seconds
2019-02-01T01:37:44.447+0000: 796039.405: Application time: 4.0655591 seconds
2019-02-01T01:37:44.457+0000: 796039.415: Total time for which application threads were stopped: 0.0094347 seconds, Stopping threads took: 0.0003478 seconds
2019-02-01T01:37:44.458+0000: 796039.416: Application time: 0.0012209 seconds
2019-02-01T01:37:44.468+0000: 796039.426: [GC (GCLocker Initiated GC) 2019-02-01T01:37:44.482+0000: 796039.440: [SoftReference, 0 refs, 0.0000554 secs]2019-02-01T01:37:44.482+0000: 796039.440: [WeakReference, 11 refs, 0.0000160 secs]2019-02-01T01:37:44.482+0000: 796039.440: [FinalReference, 907 refs, 0.0005437 secs]2019-02-01T01:37:44.482+0000: 796039.440: [PhantomReference, 0 refs, 0 refs, 0.0000107 secs]2019-02-01T01:37:44.482+0000: 796039.440: [JNI Weak Reference, 0.0000186 secs]
Desired survivor size 105906176 bytes, new threshold 1 (max 15)
[PSYoungGen: 1774146K->19076K(1816064K)] 4435712K->2684642K(5216256K), 0.0174872 secs] [Times: user=0.21 sys=0.01, real=0.02 secs] 
2019-02-01T01:37:44.486+0000: 796039.444: Total time for which application threads were stopped: 0.0277217 seconds, Stopping threads took: 0.0006153 seconds
2019-02-01T01:37:49.126+0000: 796044.084: Application time: 4.6404688 seconds
2019-02-01T01:37:49.136+0000: 796044.094: Total time for which application threads were stopped: 0.0097419 seconds, Stopping threads took: 0.0004596 seconds
2019-02-01T01:37:49.138+0000: 796044.095: Application time: 0.0015267 seconds
2019-02-01T01:37:49.147+0000: 796044.105: [GC (GCLocker Initiated GC) 2019-02-01T01:37:49.164+0000: 796044.122: [SoftReference, 0 refs, 0.0000699 secs]2019-02-01T01:37:49.164+0000: 796044.122: [WeakReference, 33 refs, 0.0000335 secs]2019-02-01T01:37:49.164+0000: 796044.122: [FinalReference, 908 refs, 0.0006319 secs]2019-02-01T01:37:49.165+0000: 796044.123: [PhantomReference, 0 refs, 0 refs, 0.0000201 secs]2019-02-01T01:37:49.165+0000: 796044.123: [JNI Weak Reference, 0.0000331 secs]
Desired survivor size 113246208 bytes, new threshold 1 (max 15)
[PSYoungGen: 1734276K->87585K(1803264K)] 4399891K->2755839K(5203456K), 0.0225457 secs] [Times: user=0.34 sys=0.00, real=0.02 secs] 
2019-02-01T01:37:49.170+0000: 796044.128: Total time for which application threads were stopped: 0.0324111 seconds, Stopping threads took: 0.0003835 seconds
2019-02-01T01:37:53.831+0000: 796048.788: Application time: 4.6605480 seconds
2019-02-01T01:37:53.838+0000: 796048.796: Total time for which application threads were stopped: 0.0078099 seconds, Stopping threads took: 0.0021672 seconds
2019-02-01T01:37:53.839+0000: 796048.797: Application time: 0.0009018 seconds
2019-02-01T01:37:53.846+0000: 796048.803: [GC (GCLocker Initiated GC) 2019-02-01T01:37:53.862+0000: 796048.820: [SoftReference, 0 refs, 0.0000424 secs]2019-02-01T01:37:53.862+0000: 796048.820: [WeakReference, 40 refs, 0.0000263 secs]2019-02-01T01:37:53.862+0000: 796048.820: [FinalReference, 910 refs, 0.0004778 secs]2019-02-01T01:37:53.862+0000: 796048.820: [PhantomReference, 0 refs, 1 refs, 0.0000128 secs]2019-02-01T01:37:53.862+0000: 796048.820: [JNI Weak Reference, 0.0000211 secs]
Desired survivor size 117440512 bytes, new threshold 1 (max 15)
[PSYoungGen: 1802785K->83053K(1803264K)] 4477752K->2761530K(5203456K), 0.0204348 secs] [Times: user=0.30 sys=0.00, real=0.02 secs] 
2019-02-01T01:37:53.866+0000: 796048.824: Total time for which application threads were stopped: 0.0269582 seconds, Stopping threads took: 0.0002076 seconds
2019-02-01T01:37:58.168+0000: 796053.125: Application time: 4.3012137 seconds
2019-02-01T01:37:58.174+0000: 796053.132: Total time for which application threads were stopped: 0.0069181 seconds, Stopping threads took: 0.0008509 seconds
2019-02-01T01:37:58.175+0000: 796053.133: Application time: 0.0008151 seconds
2019-02-01T01:37:58.181+0000: 796053.139: [GC (GCLocker Initiated GC) 2019-02-01T01:37:58.196+0000: 796053.153: [SoftReference, 0 refs, 0.0000531 secs]2019-02-01T01:37:58.196+0000: 796053.154: [WeakReference, 5 refs, 0.0000115 secs]2019-02-01T01:37:58.196+0000: 796053.154: [FinalReference, 926 refs, 0.0004937 secs]2019-02-01T01:37:58.196+0000: 796053.154: [PhantomReference, 0 refs, 1 refs, 0.0000102 secs]2019-02-01T01:37:58.196+0000: 796053.154: [JNI Weak Reference, 0.0000251 secs]
Desired survivor size 114294784 bytes, new threshold 1 (max 15)
[PSYoungGen: 1775725K->48697K(1807360K)] 4457545K->2733584K(5207552K), 0.0185708 secs] [Times: user=0.25 sys=0.01, real=0.02 secs] 
2019-02-01T01:37:58.200+0000: 796053.158: Total time for which application threads were stopped: 0.0246004 seconds, Stopping threads took: 0.0002726 seconds
2019-02-01T01:38:02.927+0000: 796057.885: Application time: 4.7274169 seconds
2019-02-01T01:38:02.943+0000: 796057.901: Total time for which application threads were stopped: 0.0155159 seconds, Stopping threads took: 0.0016066 seconds
2019-02-01T01:38:02.945+0000: 796057.903: Application time: 0.0019357 seconds
2019-02-01T01:38:02.959+0000: 796057.917: [GC (GCLocker Initiated GC) 2019-02-01T01:38:02.977+0000: 796057.935: [SoftReference, 0 refs, 0.0000728 secs]2019-02-01T01:38:02.977+0000: 796057.935: [WeakReference, 17 refs, 0.0000276 secs]2019-02-01T01:38:02.977+0000: 796057.935: [FinalReference, 835 refs, 0.0005924 secs]2019-02-01T01:38:02.978+0000: 796057.935: [PhantomReference, 0 refs, 1 refs, 0.0000211 secs]2019-02-01T01:38:02.978+0000: 796057.935: [JNI Weak Reference, 0.0000324 secs]
Desired survivor size 115867648 bytes, new threshold 1 (max 15)
[PSYoungGen: 1741369K->78455K(1806848K)] 4426308K->2768292K(5207040K), 0.0238473 secs] [Times: user=0.27 sys=0.01, real=0.02 secs] 
2019-02-01T01:38:02.983+0000: 796057.941: Total time for which application threads were stopped: 0.0382052 seconds, Stopping threads took: 0.0050307 seconds
2019-02-01T01:38:07.974+0000: 796062.932: Application time: 4.9907270 seconds
2019-02-01T01:38:07.983+0000: 796062.941: Total time for which application threads were stopped: 0.0090172 seconds, Stopping threads took: 0.0002860 seconds
2019-02-01T01:38:07.984+0000: 796062.942: Application time: 0.0011346 seconds
2019-02-01T01:38:07.993+0000: 796062.951: [GC (GCLocker Initiated GC) 2019-02-01T01:38:08.011+0000: 796062.968: [SoftReference, 0 refs, 0.0000702 secs]2019-02-01T01:38:08.011+0000: 796062.969: [WeakReference, 22 refs, 0.0000295 secs]2019-02-01T01:38:08.011+0000: 796062.969: [FinalReference, 920 refs, 0.0006727 secs]2019-02-01T01:38:08.011+0000: 796062.969: [PhantomReference, 0 refs, 0 refs, 0.0000198 secs]2019-02-01T01:38:08.011+0000: 796062.969: [JNI Weak Reference, 0.0000332 secs]
Desired survivor size 114819072 bytes, new threshold 1 (max 15)
[PSYoungGen: 1773687K->39065K(1808384K)] 4466865K->2735697K(5208576K), 0.0237309 secs] [Times: user=0.32 sys=0.00, real=0.02 secs] 
2019-02-01T01:38:08.017+0000: 796062.975: Total time for which application threads were stopped: 0.0331093 seconds, Stopping threads took: 0.0002491 seconds
2019-02-01T01:38:13.005+0000: 796067.963: Application time: 4.9885162 seconds
2019-02-01T01:38:13.015+0000: 796067.972: Total time for which application threads were stopped: 0.0090759 seconds, Stopping threads took: 0.0003143 seconds
2019-02-01T01:38:13.015+0000: 796067.973: Application time: 0.0003020 seconds
2019-02-01T01:38:13.023+0000: 796067.981: [GC (GCLocker Initiated GC) 2019-02-01T01:38:13.035+0000: 796067.993: [SoftReference, 0 refs, 0.0000591 secs]2019-02-01T01:38:13.035+0000: 796067.993: [WeakReference, 22 refs, 0.0000228 secs]2019-02-01T01:38:13.035+0000: 796067.993: [FinalReference, 978 refs, 0.0006179 secs]2019-02-01T01:38:13.036+0000: 796067.994: [PhantomReference, 0 refs, 0 refs, 0.0000145 secs]2019-02-01T01:38:13.036+0000: 796067.994: [JNI Weak Reference, 0.0000245 secs]
Desired survivor size 113770496 bytes, new threshold 1 (max 15)
[PSYoungGen: 1734297K->32762K(1806336K)] 4431003K->2732133K(5206528K), 0.0174329 secs] [Times: user=0.22 sys=0.00, real=0.02 secs] 
2019-02-01T01:38:13.041+0000: 796067.999: Total time for which application threads were stopped: 0.0260641 seconds, Stopping threads took: 0.0001715 seconds
2019-02-01T01:38:18.098+0000: 796073.056: Application time: 5.0570995 seconds
2019-02-01T01:38:18.110+0000: 796073.068: Total time for which application threads were stopped: 0.0120844 seconds, Stopping threads took: 0.0030495 seconds
2019-02-01T01:38:18.111+0000: 796073.069: Application time: 0.0012390 seconds
2019-02-01T01:38:18.121+0000: 796073.079: [GC (GCLocker Initiated GC) 2019-02-01T01:38:18.134+0000: 796073.092: [SoftReference, 0 refs, 0.0000660 secs]2019-02-01T01:38:18.134+0000: 796073.092: [WeakReference, 4 refs, 0.0000206 secs]2019-02-01T01:38:18.134+0000: 796073.092: [FinalReference, 1014 refs, 0.0007284 secs]2019-02-01T01:38:18.135+0000: 796073.093: [PhantomReference, 0 refs, 1 refs, 0.0000214 secs]2019-02-01T01:38:18.135+0000: 796073.093: [JNI Weak Reference, 0.0000343 secs]
Desired survivor size 109576192 bytes, new threshold 1 (max 15)
[PSYoungGen: 1729530K->48636K(1712640K)] 4439193K->2762717K(5112832K), 0.0274239 secs] [Times: user=0.26 sys=0.01, real=0.02 secs] 
2019-02-01T01:38:18.148+0000: 796073.106: Total time for which application threads were stopped: 0.0370235 seconds, Stopping threads took: 0.0003930 seconds
2019-02-01T01:38:23.385+0000: 796078.343: Application time: 5.2366159 seconds
2019-02-01T01:38:23.396+0000: 796078.354: Total time for which application threads were stopped: 0.0111194 seconds, Stopping threads took: 0.0039878 seconds
2019-02-01T01:38:23.397+0000: 796078.355: Application time: 0.0013157 seconds
2019-02-01T01:38:23.405+0000: 796078.363: [GC (GCLocker Initiated GC) 2019-02-01T01:38:23.421+0000: 796078.379: [SoftReference, 0 refs, 0.0000690 secs]2019-02-01T01:38:23.421+0000: 796078.379: [WeakReference, 9 refs, 0.0000144 secs]2019-02-01T01:38:23.421+0000: 796078.379: [FinalReference, 938 refs, 0.0004665 secs]2019-02-01T01:38:23.422+0000: 796078.379: [PhantomReference, 0 refs, 2 refs, 0.0000131 secs]2019-02-01T01:38:23.422+0000: 796078.379: [JNI Weak Reference, 0.0000216 secs]
Desired survivor size 105381888 bytes, new threshold 1 (max 15)
[PSYoungGen: 1712636K->50002K(1699328K)] 4433368K->2774548K(5099520K), 0.0268924 secs] [Times: user=0.23 sys=0.01, real=0.03 secs] 
2019-02-01T01:38:23.432+0000: 796078.390: Total time for which application threads were stopped: 0.0347425 seconds, Stopping threads took: 0.0002825 seconds
2019-02-01T01:38:28.278+0000: 796083.236: Application time: 4.8460879 seconds
2019-02-01T01:38:28.286+0000: 796083.244: Total time for which application threads were stopped: 0.0075594 seconds, Stopping threads took: 0.0004205 seconds
2019-02-01T01:38:28.286+0000: 796083.244: Application time: 0.0002224 seconds
2019-02-01T01:38:28.293+0000: 796083.251: [GC (GCLocker Initiated GC) 2019-02-01T01:38:28.306+0000: 796083.263: [SoftReference, 0 refs, 0.0000764 secs]2019-02-01T01:38:28.306+0000: 796083.263: [WeakReference, 32 refs, 0.0000252 secs]2019-02-01T01:38:28.306+0000: 796083.264: [FinalReference, 911 refs, 0.0005658 secs]2019-02-01T01:38:28.306+0000: 796083.264: [PhantomReference, 0 refs, 1 refs, 0.0000170 secs]2019-02-01T01:38:28.306+0000: 796083.264: [JNI Weak Reference, 0.0000280 secs]
Desired survivor size 104333312 bytes, new threshold 1 (max 15)
[PSYoungGen: 1682258K->32198K(1633792K)] 4410175K->2763501K(5033984K), 0.0248857 secs] [Times: user=0.21 sys=0.02, real=0.02 secs] 
2019-02-01T01:38:28.318+0000: 796083.276: Total time for which application threads were stopped: 0.0323761 seconds, Stopping threads took: 0.0005949 seconds
2019-02-01T01:38:33.235+0000: 796088.192: Application time: 4.9161531 seconds
2019-02-01T01:38:33.243+0000: 796088.201: Total time for which application threads were stopped: 0.0086515 seconds, Stopping threads took: 0.0003052 seconds
2019-02-01T01:38:33.244+0000: 796088.202: Application time: 0.0008214 seconds
2019-02-01T01:38:33.254+0000: 796088.212: [GC (GCLocker Initiated GC) 2019-02-01T01:38:33.268+0000: 796088.226: [SoftReference, 0 refs, 0.0000888 secs]2019-02-01T01:38:33.268+0000: 796088.226: [WeakReference, 9 refs, 0.0000819 secs]2019-02-01T01:38:33.268+0000: 796088.226: [FinalReference, 850 refs, 0.0008490 secs]2019-02-01T01:38:33.269+0000: 796088.227: [PhantomReference, 0 refs, 0 refs, 0.0000410 secs]2019-02-01T01:38:33.269+0000: 796088.227: [JNI Weak Reference, 0.0000337 secs]
Desired survivor size 100139008 bytes, new threshold 1 (max 15)
[PSYoungGen: 1633734K->49209K(1635840K)] 4365048K->2783727K(5036032K), 0.0294772 secs] [Times: user=0.26 sys=0.01, real=0.03 secs] 
2019-02-01T01:38:33.283+0000: 796088.241: Total time for which application threads were stopped: 0.0393416 seconds, Stopping threads took: 0.0005350 seconds
2019-02-01T01:38:38.424+0000: 796093.382: Application time: 5.1404091 seconds
2019-02-01T01:38:38.433+0000: 796093.391: Total time for which application threads were stopped: 0.0091771 seconds, Stopping threads took: 0.0003104 seconds
2019-02-01T01:38:38.434+0000: 796093.391: Application time: 0.0005446 seconds
2019-02-01T01:38:38.443+0000: 796093.401: [GC (GCLocker Initiated GC) 2019-02-01T01:38:38.458+0000: 796093.416: [SoftReference, 0 refs, 0.0000756 secs]2019-02-01T01:38:38.458+0000: 796093.416: [WeakReference, 76 refs, 0.0000692 secs]2019-02-01T01:38:38.458+0000: 796093.416: [FinalReference, 876 refs, 0.0006582 secs]2019-02-01T01:38:38.459+0000: 796093.416: [PhantomReference, 0 refs, 0 refs, 0.0000206 secs]2019-02-01T01:38:38.459+0000: 796093.416: [JNI Weak Reference, 0.0000330 secs]
Desired survivor size 105906176 bytes, new threshold 1 (max 15)
[PSYoungGen: 1621049K->80969K(1624576K)] 4358904K->2821697K(5024768K), 0.0257170 secs] [Times: user=0.31 sys=0.01, real=0.03 secs] 
2019-02-01T01:38:38.469+0000: 796093.427: Total time for which application threads were stopped: 0.0351766 seconds, Stopping threads took: 0.0003218 seconds
2019-02-01T01:38:40.372+0000: 796095.330: Application time: 1.9036084 seconds
2019-02-01T01:38:40.382+0000: 796095.340: Total time for which application threads were stopped: 0.0097739 seconds, Stopping threads took: 0.0004992 seconds
2019-02-01T01:38:43.608+0000: 796098.566: Application time: 3.2262104 seconds
2019-02-01T01:38:43.620+0000: 796098.578: Total time for which application threads were stopped: 0.0118119 seconds, Stopping threads took: 0.0032660 seconds
2019-02-01T01:38:43.621+0000: 796098.579: Application time: 0.0009021 seconds
2019-02-01T01:38:43.630+0000: 796098.588: [GC (GCLocker Initiated GC) 2019-02-01T01:38:43.646+0000: 796098.604: [SoftReference, 0 refs, 0.0000800 secs]2019-02-01T01:38:43.646+0000: 796098.604: [WeakReference, 20 refs, 0.0000260 secs]2019-02-01T01:38:43.646+0000: 796098.604: [FinalReference, 924 refs, 0.0007667 secs]2019-02-01T01:38:43.647+0000: 796098.605: [PhantomReference, 0 refs, 1 refs, 0.0000250 secs]2019-02-01T01:38:43.647+0000: 796098.605: [JNI Weak Reference, 0.0000328 secs]
Desired survivor size 101711872 bytes, new threshold 1 (max 15)
[PSYoungGen: 1624137K->51579K(1575424K)] 4368213K->2798252K(4975616K), 0.0304536 secs] [Times: user=0.27 sys=0.02, real=0.03 secs] 
2019-02-01T01:38:43.661+0000: 796098.619: Total time for which application threads were stopped: 0.0396711 seconds, Stopping threads took: 0.0003880 seconds
2019-02-01T01:38:47.732+0000: 796102.690: Application time: 4.0710918 seconds
2019-02-01T01:38:47.742+0000: 796102.699: Total time for which application threads were stopped: 0.0096816 seconds, Stopping threads took: 0.0003128 seconds
2019-02-01T01:38:47.890+0000: 796102.847: Application time: 0.1479502 seconds
2019-02-01T01:38:47.898+0000: 796102.856: Total time for which application threads were stopped: 0.0088672 seconds, Stopping threads took: 0.0003198 seconds
2019-02-01T01:38:47.899+0000: 796102.857: Application time: 0.0008180 seconds
2019-02-01T01:38:47.908+0000: 796102.866: [GC (GCLocker Initiated GC) 2019-02-01T01:38:47.924+0000: 796102.882: [SoftReference, 0 refs, 0.0000772 secs]2019-02-01T01:38:47.924+0000: 796102.882: [WeakReference, 23 refs, 0.0000282 secs]2019-02-01T01:38:47.924+0000: 796102.882: [FinalReference, 754 refs, 0.0005447 secs]2019-02-01T01:38:47.925+0000: 796102.883: [PhantomReference, 0 refs, 0 refs, 0.0000204 secs]2019-02-01T01:38:47.925+0000: 796102.883: [JNI Weak Reference, 0.0000325 secs]
Desired survivor size 101711872 bytes, new threshold 1 (max 15)
[PSYoungGen: 1566587K->66398K(1554432K)] 4316621K->2819259K(4954624K), 0.0277706 secs] [Times: user=0.26 sys=0.01, real=0.03 secs] 
2019-02-01T01:38:47.936+0000: 796102.894: Total time for which application threads were stopped: 0.0369803 seconds, Stopping threads took: 0.0001748 seconds
2019-02-01T01:38:51.911+0000: 796106.869: Application time: 3.9751560 seconds
2019-02-01T01:38:51.921+0000: 796106.878: Total time for which application threads were stopped: 0.0092376 seconds, Stopping threads took: 0.0003196 seconds
2019-02-01T01:38:51.922+0000: 796106.879: Application time: 0.0009667 seconds
2019-02-01T01:38:51.931+0000: 796106.889: [GC (GCLocker Initiated GC) 2019-02-01T01:38:51.946+0000: 796106.904: [SoftReference, 0 refs, 0.0000740 secs]2019-02-01T01:38:51.946+0000: 796106.904: [WeakReference, 34 refs, 0.0000366 secs]2019-02-01T01:38:51.946+0000: 796106.904: [FinalReference, 789 refs, 0.0005781 secs]2019-02-01T01:38:51.947+0000: 796106.904: [PhantomReference, 0 refs, 0 refs, 0.0000197 secs]2019-02-01T01:38:51.947+0000: 796106.904: [JNI Weak Reference, 0.0000326 secs]
Desired survivor size 100139008 bytes, new threshold 1 (max 15)
[PSYoungGen: 1554270K->39429K(1531904K)] 4307181K->2795373K(4932096K), 0.0246504 secs] [Times: user=0.24 sys=0.01, real=0.03 secs] 
2019-02-01T01:38:51.956+0000: 796106.913: Total time for which application threads were stopped: 0.0340389 seconds, Stopping threads took: 0.0002639 seconds
2019-02-01T01:38:55.878+0000: 796110.836: Application time: 3.9222411 seconds
2019-02-01T01:38:55.887+0000: 796110.845: Total time for which application threads were stopped: 0.0091942 seconds, Stopping threads took: 0.0003710 seconds
2019-02-01T01:38:55.888+0000: 796110.846: Application time: 0.0006852 seconds
2019-02-01T01:38:55.901+0000: 796110.859: [GC (GCLocker Initiated GC) 2019-02-01T01:38:55.914+0000: 796110.872: [SoftReference, 0 refs, 0.0000524 secs]2019-02-01T01:38:55.914+0000: 796110.872: [WeakReference, 18 refs, 0.0000202 secs]2019-02-01T01:38:55.914+0000: 796110.872: [FinalReference, 793 refs, 0.0004388 secs]2019-02-01T01:38:55.915+0000: 796110.872: [PhantomReference, 0 refs, 0 refs, 0.0000103 secs]2019-02-01T01:38:55.915+0000: 796110.872: [JNI Weak Reference, 0.0000531 secs]
Desired survivor size 98566144 bytes, new threshold 1 (max 15)
[PSYoungGen: 1501189K->36661K(1473024K)] 4261039K->2798912K(4873216K), 0.0215535 secs] [Times: user=0.24 sys=0.01, real=0.02 secs] 
2019-02-01T01:38:55.923+0000: 796110.881: Total time for which application threads were stopped: 0.0354422 seconds, Stopping threads took: 0.0050377 seconds
2019-02-01T01:38:59.722+0000: 796114.680: Application time: 3.7992079 seconds
2019-02-01T01:38:59.730+0000: 796114.688: Total time for which application threads were stopped: 0.0074668 seconds, Stopping threads took: 0.0002577 seconds
2019-02-01T01:38:59.731+0000: 796114.689: Application time: 0.0008007 seconds
2019-02-01T01:38:59.738+0000: 796114.696: [GC (GCLocker Initiated GC) 2019-02-01T01:38:59.751+0000: 796114.709: [SoftReference, 0 refs, 0.0000567 secs]2019-02-01T01:38:59.751+0000: 796114.709: [WeakReference, 53 refs, 0.0000295 secs]2019-02-01T01:38:59.751+0000: 796114.709: [FinalReference, 763 refs, 0.0003741 secs]2019-02-01T01:38:59.752+0000: 796114.710: [PhantomReference, 0 refs, 0 refs, 0.0000104 secs]2019-02-01T01:38:59.752+0000: 796114.710: [JNI Weak Reference, 0.0000199 secs]
Desired survivor size 97517568 bytes, new threshold 1 (max 15)
[PSYoungGen: 1472821K->60654K(1481216K)] 4235733K->2826515K(4881408K), 0.0211986 secs] [Times: user=0.26 sys=0.01, real=0.02 secs] 
2019-02-01T01:38:59.760+0000: 796114.717: Total time for which application threads were stopped: 0.0288939 seconds, Stopping threads took: 0.0002497 seconds
2019-02-01T01:39:03.831+0000: 796118.788: Application time: 4.0709534 seconds
2019-02-01T01:39:03.840+0000: 796118.798: Total time for which application threads were stopped: 0.0091604 seconds, Stopping threads took: 0.0003133 seconds
2019-02-01T01:39:03.840+0000: 796118.798: Application time: 0.0006863 seconds
2019-02-01T01:39:03.850+0000: 796118.807: [GC (GCLocker Initiated GC) 2019-02-01T01:39:03.865+0000: 796118.822: [SoftReference, 0 refs, 0.0000494 secs]2019-02-01T01:39:03.865+0000: 796118.823: [WeakReference, 5 refs, 0.0000149 secs]2019-02-01T01:39:03.865+0000: 796118.823: [FinalReference, 769 refs, 0.0004258 secs]2019-02-01T01:39:03.865+0000: 796118.823: [PhantomReference, 0 refs, 0 refs, 0.0000139 secs]2019-02-01T01:39:03.865+0000: 796118.823: [JNI Weak Reference, 0.0000252 secs]
Desired survivor size 94371840 bytes, new threshold 1 (max 15)
[PSYoungGen: 1472238K->47333K(1435136K)] 4238416K->2816743K(4835328K), 0.0246616 secs] [Times: user=0.24 sys=0.01, real=0.02 secs] 
2019-02-01T01:39:03.875+0000: 796118.832: Total time for which application threads were stopped: 0.0341269 seconds, Stopping threads took: 0.0001757 seconds
2019-02-01T01:39:07.686+0000: 796122.644: Application time: 3.8117235 seconds
2019-02-01T01:39:07.696+0000: 796122.653: Total time for which application threads were stopped: 0.0093633 seconds, Stopping threads took: 0.0004146 seconds
2019-02-01T01:39:07.696+0000: 796122.654: Application time: 0.0001309 seconds
2019-02-01T01:39:07.704+0000: 796122.662: Total time for which application threads were stopped: 0.0080006 seconds, Stopping threads took: 0.0002802 seconds
2019-02-01T01:39:07.705+0000: 796122.662: Application time: 0.0007458 seconds
2019-02-01T01:39:07.712+0000: 796122.670: [GC (GCLocker Initiated GC) 2019-02-01T01:39:07.726+0000: 796122.684: [SoftReference, 0 refs, 0.0000512 secs]2019-02-01T01:39:07.726+0000: 796122.684: [WeakReference, 7 refs, 0.0000128 secs]2019-02-01T01:39:07.726+0000: 796122.684: [FinalReference, 724 refs, 0.0003739 secs]2019-02-01T01:39:07.726+0000: 796122.684: [PhantomReference, 0 refs, 0 refs, 0.0000104 secs]2019-02-01T01:39:07.726+0000: 796122.684: [JNI Weak Reference, 0.0000196 secs]
Desired survivor size 90701824 bytes, new threshold 1 (max 15)
[PSYoungGen: 1434853K->49038K(1425408K)] 4204430K->2823077K(4825600K), 0.0233681 secs] [Times: user=0.24 sys=0.01, real=0.02 secs] 
2019-02-01T01:39:07.735+0000: 796122.693: Total time for which application threads were stopped: 0.0309219 seconds, Stopping threads took: 0.0002311 seconds
2019-02-01T01:39:09.736+0000: 796124.694: Application time: 2.0003553 seconds
2019-02-01T01:39:09.744+0000: 796124.702: Total time for which application threads were stopped: 0.0086684 seconds, Stopping threads took: 0.0002857 seconds
2019-02-01T01:39:11.387+0000: 796126.345: Application time: 1.6430100 seconds
2019-02-01T01:39:11.395+0000: 796126.353: Total time for which application threads were stopped: 0.0076619 seconds, Stopping threads took: 0.0004076 seconds
2019-02-01T01:39:11.396+0000: 796126.354: Application time: 0.0006338 seconds
2019-02-01T01:39:11.403+0000: 796126.361: [GC (GCLocker Initiated GC) 2019-02-01T01:39:11.417+0000: 796126.374: [SoftReference, 0 refs, 0.0000844 secs]2019-02-01T01:39:11.417+0000: 796126.374: [WeakReference, 6 refs, 0.0000147 secs]2019-02-01T01:39:11.417+0000: 796126.374: [FinalReference, 705 refs, 0.0003892 secs]2019-02-01T01:39:11.417+0000: 796126.375: [PhantomReference, 0 refs, 1 refs, 0.0000130 secs]2019-02-01T01:39:11.417+0000: 796126.375: [JNI Weak Reference, 0.0000197 secs]
Desired survivor size 91226112 bytes, new threshold 1 (max 15)
[PSYoungGen: 1413006K->28593K(1370112K)] 4187066K->2806821K(4770304K), 0.0210838 secs] [Times: user=0.20 sys=0.00, real=0.02 secs] 
2019-02-01T01:39:11.425+0000: 796126.383: Total time for which application threads were stopped: 0.0289445 seconds, Stopping threads took: 0.0004433 seconds
2019-02-01T01:39:15.131+0000: 796130.089: Application time: 3.7064966 seconds
2019-02-01T01:39:15.139+0000: 796130.097: Total time for which application threads were stopped: 0.0076950 seconds, Stopping threads took: 0.0002310 seconds
2019-02-01T01:39:15.140+0000: 796130.098: Application time: 0.0009217 seconds
2019-02-01T01:39:15.148+0000: 796130.105: [GC (GCLocker Initiated GC) 2019-02-01T01:39:15.164+0000: 796130.122: [SoftReference, 0 refs, 0.0000526 secs]2019-02-01T01:39:15.164+0000: 796130.122: [WeakReference, 24 refs, 0.0000370 secs]2019-02-01T01:39:15.164+0000: 796130.122: [FinalReference, 702 refs, 0.0003512 secs]2019-02-01T01:39:15.165+0000: 796130.122: [PhantomReference, 0 refs, 0 refs, 0.0000100 secs]2019-02-01T01:39:15.165+0000: 796130.122: [JNI Weak Reference, 0.0000264 secs]
Desired survivor size 98566144 bytes, new threshold 1 (max 15)
[PSYoungGen: 1370033K->80167K(1400832K)] 4151638K->2863554K(4801024K), 0.0222020 secs] [Times: user=0.28 sys=0.01, real=0.03 secs] 
2019-02-01T01:39:15.170+0000: 796130.128: Total time for which application threads were stopped: 0.0301130 seconds, Stopping threads took: 0.0001326 seconds
2019-02-01T01:39:18.677+0000: 796133.635: Application time: 3.5067635 seconds
2019-02-01T01:39:18.686+0000: 796133.644: Total time for which application threads were stopped: 0.0092672 seconds, Stopping threads took: 0.0003691 seconds
2019-02-01T01:39:18.687+0000: 796133.644: Application time: 0.0006054 seconds
2019-02-01T01:39:18.697+0000: 796133.655: [GC (GCLocker Initiated GC) 2019-02-01T01:39:18.713+0000: 796133.671: [SoftReference, 0 refs, 0.0000713 secs]2019-02-01T01:39:18.713+0000: 796133.671: [WeakReference, 26 refs, 0.0000321 secs]2019-02-01T01:39:18.713+0000: 796133.671: [FinalReference, 668 refs, 0.0004837 secs]2019-02-01T01:39:18.714+0000: 796133.671: [PhantomReference, 0 refs, 0 refs, 0.0000328 secs]2019-02-01T01:39:18.714+0000: 796133.671: [JNI Weak Reference, 0.0000323 secs]
Desired survivor size 97517568 bytes, new threshold 1 (max 15)
[PSYoungGen: 1399591K->34167K(1332224K)] 4183536K->2820578K(4732416K), 0.0283104 secs] [Times: user=0.24 sys=0.02, real=0.03 secs] 
2019-02-01T01:39:18.725+0000: 796133.683: Total time for which application threads were stopped: 0.0387986 seconds, Stopping threads took: 0.0003984 seconds
2019-02-01T01:39:22.063+0000: 796137.021: Application time: 3.3375983 seconds
2019-02-01T01:39:22.070+0000: 796137.028: Total time for which application threads were stopped: 0.0074061 seconds, Stopping threads took: 0.0003125 seconds
2019-02-01T01:39:22.071+0000: 796137.029: Application time: 0.0010175 seconds
2019-02-01T01:39:22.079+0000: 796137.037: [GC (GCLocker Initiated GC) 2019-02-01T01:39:22.093+0000: 796137.051: [SoftReference, 0 refs, 0.0000516 secs]2019-02-01T01:39:22.094+0000: 796137.051: [WeakReference, 16 refs, 0.0000167 secs]2019-02-01T01:39:22.094+0000: 796137.051: [FinalReference, 666 refs, 0.0003162 secs]2019-02-01T01:39:22.094+0000: 796137.052: [PhantomReference, 0 refs, 0 refs, 0.0000104 secs]2019-02-01T01:39:22.094+0000: 796137.052: [JNI Weak Reference, 0.0000194 secs]
Desired survivor size 103284736 bytes, new threshold 1 (max 15)
[PSYoungGen: 1332087K->77469K(1362432K)] 4118537K->2867145K(4762624K), 0.0204676 secs] [Times: user=0.30 sys=0.01, real=0.02 secs] 
2019-02-01T01:39:22.099+0000: 796137.057: Total time for which application threads were stopped: 0.0279848 seconds, Stopping threads took: 0.0002477 seconds
2019-02-01T01:39:25.529+0000: 796140.487: Application time: 3.4292077 seconds
2019-02-01T01:39:25.537+0000: 796140.495: Total time for which application threads were stopped: 0.0088003 seconds, Stopping threads took: 0.0002660 seconds
2019-02-01T01:39:25.538+0000: 796140.496: Application time: 0.0002055 seconds
2019-02-01T01:39:25.546+0000: 796140.504: Total time for which application threads were stopped: 0.0086344 seconds, Stopping threads took: 0.0001469 seconds
2019-02-01T01:39:25.547+0000: 796140.505: Application time: 0.0006030 seconds
2019-02-01T01:39:25.557+0000: 796140.514: [GC (GCLocker Initiated GC) 2019-02-01T01:39:25.570+0000: 796140.528: [SoftReference, 0 refs, 0.0000484 secs]2019-02-01T01:39:25.570+0000: 796140.528: [WeakReference, 3 refs, 0.0000102 secs]2019-02-01T01:39:25.570+0000: 796140.528: [FinalReference, 693 refs, 0.0003383 secs]2019-02-01T01:39:25.570+0000: 796140.528: [PhantomReference, 0 refs, 1 refs, 0.0000111 secs]2019-02-01T01:39:25.570+0000: 796140.528: [JNI Weak Reference, 0.0000189 secs]
Desired survivor size 103284736 bytes, new threshold 1 (max 15)
[PSYoungGen: 1354397K->24576K(1281536K)] 4147409K->2820756K(4681728K), 0.0206751 secs] [Times: user=0.22 sys=0.01, real=0.02 secs] 
2019-02-01T01:39:25.577+0000: 796140.535: Total time for which application threads were stopped: 0.0305103 seconds, Stopping threads took: 0.0004271 seconds
2019-02-01T01:39:29.111+0000: 796144.069: Application time: 3.5333132 seconds
2019-02-01T01:39:29.120+0000: 796144.078: Total time for which application threads were stopped: 0.0090638 seconds, Stopping threads took: 0.0003034 seconds
2019-02-01T01:39:29.121+0000: 796144.079: Application time: 0.0011816 seconds
2019-02-01T01:39:29.130+0000: 796144.088: [GC (GCLocker Initiated GC) 2019-02-01T01:39:29.146+0000: 796144.104: [SoftReference, 0 refs, 0.0000708 secs]2019-02-01T01:39:29.146+0000: 796144.104: [WeakReference, 8 refs, 0.0000229 secs]2019-02-01T01:39:29.146+0000: 796144.104: [FinalReference, 653 refs, 0.0004750 secs]2019-02-01T01:39:29.146+0000: 796144.104: [PhantomReference, 0 refs, 0 refs, 0.0000188 secs]2019-02-01T01:39:29.146+0000: 796144.104: [JNI Weak Reference, 0.0000318 secs]
Desired survivor size 100663296 bytes, new threshold 1 (max 15)
[PSYoungGen: 1281024K->37839K(1312256K)] 4080629K->2841028K(4712448K), 0.0282346 secs] [Times: user=0.22 sys=0.01, real=0.03 secs] 
2019-02-01T01:39:29.159+0000: 796144.116: Total time for which application threads were stopped: 0.0376234 seconds, Stopping threads took: 0.0002607 seconds
2019-02-01T01:39:32.765+0000: 796147.723: Application time: 3.6063168 seconds
2019-02-01T01:39:32.773+0000: 796147.731: Total time for which application threads were stopped: 0.0077521 seconds, Stopping threads took: 0.0002996 seconds
2019-02-01T01:39:32.773+0000: 796147.731: Application time: 0.0006149 seconds
2019-02-01T01:39:32.781+0000: 796147.739: [GC (GCLocker Initiated GC) 2019-02-01T01:39:32.793+0000: 796147.751: [SoftReference, 0 refs, 0.0000528 secs]2019-02-01T01:39:32.794+0000: 796147.751: [WeakReference, 30 refs, 0.0000233 secs]2019-02-01T01:39:32.794+0000: 796147.751: [FinalReference, 696 refs, 0.0003099 secs]2019-02-01T01:39:32.794+0000: 796147.752: [PhantomReference, 0 refs, 0 refs, 0.0000096 secs]2019-02-01T01:39:32.794+0000: 796147.752: [JNI Weak Reference, 0.0000196 secs]
Desired survivor size 99614720 bytes, new threshold 1 (max 15)
[PSYoungGen: 1274319K->27682K(1245184K)] 4077548K->2833053K(4645376K), 0.0204225 secs] [Times: user=0.19 sys=0.01, real=0.03 secs] 
2019-02-01T01:39:32.802+0000: 796147.759: Total time for which application threads were stopped: 0.0281958 seconds, Stopping threads took: 0.0002569 seconds
2019-02-01T01:39:36.237+0000: 796151.194: Application time: 3.4351032 seconds
2019-02-01T01:39:36.246+0000: 796151.203: Total time for which application threads were stopped: 0.0089898 seconds, Stopping threads took: 0.0003289 seconds
2019-02-01T01:39:36.247+0000: 796151.205: Application time: 0.0010903 seconds
2019-02-01T01:39:36.255+0000: 796151.213: [GC (GCLocker Initiated GC) 2019-02-01T01:39:36.269+0000: 796151.227: [SoftReference, 0 refs, 0.0000508 secs]2019-02-01T01:39:36.269+0000: 796151.227: [WeakReference, 9 refs, 0.0000144 secs]2019-02-01T01:39:36.269+0000: 796151.227: [FinalReference, 630 refs, 0.0003944 secs]2019-02-01T01:39:36.269+0000: 796151.227: [PhantomReference, 0 refs, 0 refs, 0.0000101 secs]2019-02-01T01:39:36.269+0000: 796151.227: [JNI Weak Reference, 0.0000189 secs]
Desired survivor size 96993280 bytes, new threshold 1 (max 15)
[PSYoungGen: 1244706K->54903K(1271296K)] 4056747K->2869636K(4671488K), 0.0221981 secs] [Times: user=0.26 sys=0.00, real=0.02 secs] 
2019-02-01T01:39:36.277+0000: 796151.235: Total time for which application threads were stopped: 0.0303410 seconds, Stopping threads took: 0.0003042 seconds
2019-02-01T01:39:39.578+0000: 796154.536: Application time: 3.3012693 seconds
2019-02-01T01:39:39.588+0000: 796154.546: Total time for which application threads were stopped: 0.0093273 seconds, Stopping threads took: 0.0004637 seconds
2019-02-01T01:39:39.588+0000: 796154.546: Application time: 0.0007637 seconds
2019-02-01T01:39:39.598+0000: 796154.556: [GC (GCLocker Initiated GC) 2019-02-01T01:39:39.611+0000: 796154.569: [SoftReference, 0 refs, 0.0000796 secs]2019-02-01T01:39:39.611+0000: 796154.569: [WeakReference, 3 refs, 0.0000192 secs]2019-02-01T01:39:39.611+0000: 796154.569: [FinalReference, 639 refs, 0.0005631 secs]2019-02-01T01:39:39.612+0000: 796154.570: [PhantomReference, 0 refs, 0 refs, 0.0000239 secs]2019-02-01T01:39:39.612+0000: 796154.570: [JNI Weak Reference, 0.0000335 secs]
Desired survivor size 95420416 bytes, new threshold 1 (max 15)
[PSYoungGen: 1252983K->32195K(1211904K)] 4067738K->2849643K(4612096K), 0.0239287 secs] [Times: user=0.23 sys=0.01, real=0.02 secs] 
2019-02-01T01:39:39.622+0000: 796154.580: Total time for which application threads were stopped: 0.0337175 seconds, Stopping threads took: 0.0004066 seconds
2019-02-01T01:39:40.369+0000: 796155.326: Application time: 0.7464229 seconds
2019-02-01T01:39:40.378+0000: 796155.336: Total time for which application threads were stopped: 0.0091429 seconds, Stopping threads took: 0.0002375 seconds
2019-02-01T01:39:43.347+0000: 796158.304: Application time: 2.9688185 seconds
2019-02-01T01:39:43.354+0000: 796158.312: Total time for which application threads were stopped: 0.0078391 seconds, Stopping threads took: 0.0003558 seconds
2019-02-01T01:39:43.355+0000: 796158.313: Application time: 0.0006692 seconds
2019-02-01T01:39:43.364+0000: 796158.322: [GC (GCLocker Initiated GC) 2019-02-01T01:39:43.380+0000: 796158.337: [SoftReference, 0 refs, 0.0000613 secs]2019-02-01T01:39:43.380+0000: 796158.337: [WeakReference, 72 refs, 0.0000271 secs]2019-02-01T01:39:43.380+0000: 796158.337: [FinalReference, 608 refs, 0.0002786 secs]2019-02-01T01:39:43.380+0000: 796158.338: [PhantomReference, 0 refs, 1 refs, 0.0000099 secs]2019-02-01T01:39:43.380+0000: 796158.338: [JNI Weak Reference, 0.0000190 secs]
Desired survivor size 98041856 bytes, new threshold 1 (max 15)
[PSYoungGen: 1211843K->66968K(1242112K)] 4029313K->2887865K(4642304K), 0.0209839 secs] [Times: user=0.30 sys=0.00, real=0.02 secs] 
2019-02-01T01:39:43.385+0000: 796158.343: Total time for which application threads were stopped: 0.0301417 seconds, Stopping threads took: 0.0003594 seconds
2019-02-01T01:39:46.777+0000: 796161.735: Application time: 3.3915246 seconds
2019-02-01T01:39:46.786+0000: 796161.744: Total time for which application threads were stopped: 0.0089137 seconds, Stopping threads took: 0.0002753 seconds
2019-02-01T01:39:46.786+0000: 796161.744: Application time: 0.0004758 seconds
2019-02-01T01:39:46.795+0000: 796161.753: [GC (GCLocker Initiated GC) 2019-02-01T01:39:46.812+0000: 796161.770: [SoftReference, 0 refs, 0.0000583 secs]2019-02-01T01:39:46.812+0000: 796161.770: [WeakReference, 7 refs, 0.0000113 secs]2019-02-01T01:39:46.812+0000: 796161.770: [FinalReference, 573 refs, 0.0002663 secs]2019-02-01T01:39:46.813+0000: 796161.771: [PhantomReference, 0 refs, 0 refs, 0.0000102 secs]2019-02-01T01:39:46.813+0000: 796161.771: [JNI Weak Reference, 0.0000199 secs]
Desired survivor size 96993280 bytes, new threshold 1 (max 15)
[PSYoungGen: 1228696K->57506K(1202176K)] 4052917K->2884585K(4602368K), 0.0237386 secs] [Times: user=0.30 sys=0.00, real=0.02 secs] 
2019-02-01T01:39:46.819+0000: 796161.777: Total time for which application threads were stopped: 0.0328936 seconds, Stopping threads took: 0.0002955 seconds
2019-02-01T01:39:50.005+0000: 796164.963: Application time: 3.1862016 seconds
2019-02-01T01:39:50.014+0000: 796164.972: Total time for which application threads were stopped: 0.0088609 seconds, Stopping threads took: 0.0003545 seconds
2019-02-01T01:39:50.015+0000: 796164.973: Application time: 0.0008074 seconds
2019-02-01T01:39:50.024+0000: 796164.982: [GC (GCLocker Initiated GC) 2019-02-01T01:39:50.042+0000: 796165.000: [SoftReference, 0 refs, 0.0000575 secs]2019-02-01T01:39:50.042+0000: 796165.000: [WeakReference, 19 refs, 0.0000160 secs]2019-02-01T01:39:50.042+0000: 796165.000: [FinalReference, 598 refs, 0.0003445 secs]2019-02-01T01:39:50.042+0000: 796165.000: [PhantomReference, 0 refs, 0 refs, 0.0000125 secs]2019-02-01T01:39:50.042+0000: 796165.000: [JNI Weak Reference, 0.0000315 secs]
Desired survivor size 98566144 bytes, new threshold 1 (max 15)
[PSYoungGen: 1201826K->66103K(1208320K)] 4029449K->2896799K(4608512K), 0.0237399 secs] [Times: user=0.35 sys=0.01, real=0.03 secs] 
2019-02-01T01:39:50.048+0000: 796165.006: Total time for which application threads were stopped: 0.0328353 seconds, Stopping threads took: 0.0001881 seconds
2019-02-01T01:39:53.193+0000: 796168.151: Application time: 3.1454060 seconds
2019-02-01T01:39:53.204+0000: 796168.162: Total time for which application threads were stopped: 0.0105270 seconds, Stopping threads took: 0.0020146 seconds
2019-02-01T01:39:53.205+0000: 796168.163: Application time: 0.0014447 seconds
2019-02-01T01:39:53.214+0000: 796168.172: [GC (GCLocker Initiated GC) 2019-02-01T01:39:53.231+0000: 796168.188: [SoftReference, 0 refs, 0.0001013 secs]2019-02-01T01:39:53.231+0000: 796168.188: [WeakReference, 8 refs, 0.0000219 secs]2019-02-01T01:39:53.231+0000: 796168.188: [FinalReference, 605 refs, 0.0004327 secs]2019-02-01T01:39:53.231+0000: 796168.189: [PhantomReference, 0 refs, 1 refs, 0.0000200 secs]2019-02-01T01:39:53.231+0000: 796168.189: [JNI Weak Reference, 0.0000320 secs]
Desired survivor size 94896128 bytes, new threshold 1 (max 15)
[PSYoungGen: 1193527K->45463K(1156608K)] 4030898K->2885690K(4556800K), 0.0279158 secs] [Times: user=0.25 sys=0.01, real=0.02 secs] 
2019-02-01T01:39:53.243+0000: 796168.201: Total time for which application threads were stopped: 0.0375081 seconds, Stopping threads took: 0.0004153 seconds
2019-02-01T01:39:55.958+0000: 796170.915: Application time: 2.7148285 seconds
2019-02-01T01:39:55.965+0000: 796170.923: Total time for which application threads were stopped: 0.0074416 seconds, Stopping threads took: 0.0003243 seconds
2019-02-01T01:39:55.966+0000: 796170.924: Application time: 0.0008656 seconds
2019-02-01T01:39:55.973+0000: 796170.931: [GC (GCLocker Initiated GC) 2019-02-01T01:39:55.986+0000: 796170.944: [SoftReference, 0 refs, 0.0000545 secs]2019-02-01T01:39:55.986+0000: 796170.944: [WeakReference, 8 refs, 0.0000171 secs]2019-02-01T01:39:55.986+0000: 796170.944: [FinalReference, 700 refs, 0.0004278 secs]2019-02-01T01:39:55.986+0000: 796170.944: [PhantomReference, 0 refs, 0 refs, 0.0000139 secs]2019-02-01T01:39:55.986+0000: 796170.944: [JNI Weak Reference, 0.0000250 secs]
Desired survivor size 91750400 bytes, new threshold 1 (max 15)
[PSYoungGen: 1156503K->44752K(1165824K)] 4000080K->2893109K(4566016K), 0.0210987 secs] [Times: user=0.23 sys=0.01, real=0.02 secs] 
2019-02-01T01:39:55.995+0000: 796170.952: Total time for which application threads were stopped: 0.0287039 seconds, Stopping threads took: 0.0002338 seconds
2019-02-01T01:39:59.631+0000: 796174.589: Application time: 3.6365948 seconds
2019-02-01T01:39:59.641+0000: 796174.598: Total time for which application threads were stopped: 0.0094275 seconds, Stopping threads took: 0.0004270 seconds
2019-02-01T01:39:59.642+0000: 796174.599: Application time: 0.0009553 seconds
2019-02-01T01:39:59.651+0000: 796174.609: [GC (GCLocker Initiated GC) 2019-02-01T01:39:59.665+0000: 796174.623: [SoftReference, 0 refs, 0.0000804 secs]2019-02-01T01:39:59.665+0000: 796174.623: [WeakReference, 57 refs, 0.0000364 secs]2019-02-01T01:39:59.665+0000: 796174.623: [FinalReference, 548 refs, 0.0003831 secs]2019-02-01T01:39:59.666+0000: 796174.623: [PhantomReference, 0 refs, 1 refs, 0.0000199 secs]2019-02-01T01:39:59.666+0000: 796174.623: [JNI Weak Reference, 0.0000331 secs]
Desired survivor size 89128960 bytes, new threshold 1 (max 15)
[PSYoungGen: 1139920K->40622K(1120256K)] 3992902K->2898556K(4520448K), 0.0242448 secs] [Times: user=0.23 sys=0.01, real=0.03 secs] 
2019-02-01T01:39:59.676+0000: 796174.633: Total time for which application threads were stopped: 0.0339739 seconds, Stopping threads took: 0.0003882 seconds
2019-02-01T01:40:01.869+0000: 796176.827: Application time: 2.1936482 seconds
2019-02-01T01:40:01.881+0000: 796176.839: Total time for which application threads were stopped: 0.0120066 seconds, Stopping threads took: 0.0027385 seconds
2019-02-01T01:40:01.883+0000: 796176.841: Application time: 0.0019303 seconds
2019-02-01T01:40:01.893+0000: 796176.851: [GC (GCLocker Initiated GC) 2019-02-01T01:40:01.915+0000: 796176.873: [SoftReference, 0 refs, 0.0000901 secs]2019-02-01T01:40:01.915+0000: 796176.873: [WeakReference, 50 refs, 0.0000455 secs]2019-02-01T01:40:01.916+0000: 796176.873: [FinalReference, 634 refs, 0.0004246 secs]2019-02-01T01:40:01.916+0000: 796176.874: [PhantomReference, 0 refs, 1 refs, 0.0000199 secs]2019-02-01T01:40:01.916+0000: 796176.874: [JNI Weak Reference, 0.0001122 secs]
Desired survivor size 99090432 bytes, new threshold 1 (max 15)
[PSYoungGen: 1119918K->85647K(1150976K)] 3981242K->2956993K(4551168K), 0.0279380 secs] [Times: user=0.39 sys=0.00, real=0.03 secs] 
2019-02-01T01:40:01.922+0000: 796176.880: Total time for which application threads were stopped: 0.0385850 seconds, Stopping threads took: 0.0008795 seconds
2019-02-01T01:40:05.223+0000: 796180.180: Application time: 3.3008436 seconds
2019-02-01T01:40:05.230+0000: 796180.188: Total time for which application threads were stopped: 0.0073604 seconds, Stopping threads took: 0.0003194 seconds
2019-02-01T01:40:05.230+0000: 796180.188: Application time: 0.0004023 seconds
2019-02-01T01:40:05.238+0000: 796180.196: [GC (GCLocker Initiated GC) 2019-02-01T01:40:05.253+0000: 796180.211: [SoftReference, 0 refs, 0.0000518 secs]2019-02-01T01:40:05.253+0000: 796180.211: [WeakReference, 34 refs, 0.0000250 secs]2019-02-01T01:40:05.253+0000: 796180.211: [FinalReference, 635 refs, 0.0003373 secs]2019-02-01T01:40:05.253+0000: 796180.211: [PhantomReference, 0 refs, 0 refs, 0.0000131 secs]2019-02-01T01:40:05.253+0000: 796180.211: [JNI Weak Reference, 0.0000227 secs]
Desired survivor size 99090432 bytes, new threshold 1 (max 15)
[PSYoungGen: 1149583K->26463K(1075712K)] 4024717K->2904700K(4475904K), 0.0208166 secs] [Times: user=0.22 sys=0.01, real=0.02 secs] 
2019-02-01T01:40:05.259+0000: 796180.217: Total time for which application threads were stopped: 0.0288443 seconds, Stopping threads took: 0.0005825 seconds
2019-02-01T01:40:08.305+0000: 796183.263: Application time: 3.0455990 seconds
2019-02-01T01:40:08.314+0000: 796183.271: Total time for which application threads were stopped: 0.0087639 seconds, Stopping threads took: 0.0005111 seconds
2019-02-01T01:40:08.315+0000: 796183.272: Application time: 0.0010511 seconds
2019-02-01T01:40:08.324+0000: 796183.282: [GC (GCLocker Initiated GC) 2019-02-01T01:40:08.338+0000: 796183.296: [SoftReference, 0 refs, 0.0000760 secs]2019-02-01T01:40:08.338+0000: 796183.296: [WeakReference, 14 refs, 0.0000247 secs]2019-02-01T01:40:08.338+0000: 796183.296: [FinalReference, 691 refs, 0.0005434 secs]2019-02-01T01:40:08.339+0000: 796183.297: [PhantomReference, 0 refs, 2 refs, 0.0000206 secs]2019-02-01T01:40:08.339+0000: 796183.297: [JNI Weak Reference, 0.0000324 secs]
Desired survivor size 94896128 bytes, new threshold 1 (max 15)
[PSYoungGen: 1075551K->47094K(1108992K)] 3963775K->2938457K(4509184K), 0.0254061 secs] [Times: user=0.27 sys=0.01, real=0.03 secs] 
2019-02-01T01:40:08.350+0000: 796183.308: Total time for which application threads were stopped: 0.0351189 seconds, Stopping threads took: 0.0002911 seconds
2019-02-01T01:40:12.439+0000: 796187.397: Application time: 4.0893483 seconds
2019-02-01T01:40:12.448+0000: 796187.406: Total time for which application threads were stopped: 0.0092459 seconds, Stopping threads took: 0.0004841 seconds
2019-02-01T01:40:12.449+0000: 796187.407: Application time: 0.0011324 seconds
2019-02-01T01:40:12.459+0000: 796187.417: [GC (GCLocker Initiated GC) 2019-02-01T01:40:12.471+0000: 796187.429: [SoftReference, 0 refs, 0.0000587 secs]2019-02-01T01:40:12.471+0000: 796187.429: [WeakReference, 24 refs, 0.0000189 secs]2019-02-01T01:40:12.471+0000: 796187.429: [FinalReference, 591 refs, 0.0003182 secs]2019-02-01T01:40:12.472+0000: 796187.429: [PhantomReference, 0 refs, 0 refs, 0.0000101 secs]2019-02-01T01:40:12.472+0000: 796187.429: [JNI Weak Reference, 0.0000190 secs]
Desired survivor size 91750400 bytes, new threshold 1 (max 15)
[PSYoungGen: 1081846K->42946K(1063424K)] 3976584K->2940804K(4463616K), 0.0192524 secs] [Times: user=0.24 sys=0.01, real=0.02 secs] 
2019-02-01T01:40:12.478+0000: 796187.436: Total time for which application threads were stopped: 0.0287342 seconds, Stopping threads took: 0.0006390 seconds
2019-02-01T01:40:16.656+0000: 796191.614: Application time: 4.1781090 seconds
2019-02-01T01:40:16.666+0000: 796191.623: Total time for which application threads were stopped: 0.0091889 seconds, Stopping threads took: 0.0002883 seconds
2019-02-01T01:40:16.666+0000: 796191.624: Application time: 0.0006547 seconds
2019-02-01T01:40:16.675+0000: 796191.633: [GC (GCLocker Initiated GC) 2019-02-01T01:40:16.696+0000: 796191.654: [SoftReference, 0 refs, 0.0000556 secs]2019-02-01T01:40:16.696+0000: 796191.654: [WeakReference, 18 refs, 0.0000164 secs]2019-02-01T01:40:16.696+0000: 796191.654: [FinalReference, 607 refs, 0.0002926 secs]2019-02-01T01:40:16.696+0000: 796191.654: [PhantomReference, 0 refs, 0 refs, 0.0000102 secs]2019-02-01T01:40:16.696+0000: 796191.654: [JNI Weak Reference, 0.0000189 secs]
Desired survivor size 88080384 bytes, new threshold 1 (max 15)
[PSYoungGen: 1063362K->47964K(1075200K)] 3961244K->2952400K(4475392K), 0.0280534 secs] [Times: user=0.39 sys=0.03, real=0.03 secs] 
2019-02-01T01:40:16.704+0000: 796191.662: Total time for which application threads were stopped: 0.0374919 seconds, Stopping threads took: 0.0002561 seconds
2019-02-01T01:40:19.238+0000: 796194.195: Application time: 2.5339059 seconds
2019-02-01T01:40:19.247+0000: 796194.205: Total time for which application threads were stopped: 0.0091837 seconds, Stopping threads took: 0.0003937 seconds
2019-02-01T01:40:19.249+0000: 796194.207: Application time: 0.0022767 seconds
2019-02-01T01:40:19.258+0000: 796194.216: [GC (GCLocker Initiated GC) 2019-02-01T01:40:19.277+0000: 796194.234: [SoftReference, 0 refs, 0.0000562 secs]2019-02-01T01:40:19.277+0000: 796194.234: [WeakReference, 44 refs, 0.0000243 secs]2019-02-01T01:40:19.277+0000: 796194.234: [FinalReference, 579 refs, 0.0002864 secs]2019-02-01T01:40:19.277+0000: 796194.235: [PhantomReference, 0 refs, 0 refs, 0.0000119 secs]2019-02-01T01:40:19.277+0000: 796194.235: [JNI Weak Reference, 0.0000196 secs]
Desired survivor size 100663296 bytes, new threshold 1 (max 15)
[PSYoungGen: 1054556K->86015K(1079296K)] 3962422K->3000271K(4479488K), 0.0219615 secs] [Times: user=0.31 sys=0.01, real=0.03 secs] 
2019-02-01T01:40:19.281+0000: 796194.238: Total time for which application threads were stopped: 0.0314636 seconds, Stopping threads took: 0.0001766 seconds
2019-02-01T01:40:22.889+0000: 796197.847: Application time: 3.6082759 seconds
2019-02-01T01:40:22.897+0000: 796197.855: Total time for which application threads were stopped: 0.0087152 seconds, Stopping threads took: 0.0002936 seconds
2019-02-01T01:40:22.898+0000: 796197.856: Application time: 0.0009157 seconds
2019-02-01T01:40:22.907+0000: 796197.865: [GC (GCLocker Initiated GC) 2019-02-01T01:40:22.923+0000: 796197.881: [SoftReference, 0 refs, 0.0000581 secs]2019-02-01T01:40:22.923+0000: 796197.881: [WeakReference, 18 refs, 0.0000191 secs]2019-02-01T01:40:22.923+0000: 796197.881: [FinalReference, 515 refs, 0.0002502 secs]2019-02-01T01:40:22.923+0000: 796197.881: [PhantomReference, 0 refs, 0 refs, 0.0000097 secs]2019-02-01T01:40:22.923+0000: 796197.881: [JNI Weak Reference, 0.0000188 secs]
Desired survivor size 96993280 bytes, new threshold 1 (max 15)
[PSYoungGen: 1079295K->49197K(1056768K)] 3994138K->2971026K(4456960K), 0.0212347 secs] [Times: user=0.30 sys=0.00, real=0.02 secs] 
2019-02-01T01:40:22.929+0000: 796197.887: Total time for which application threads were stopped: 0.0302248 seconds, Stopping threads took: 0.0001805 seconds
2019-02-01T01:40:25.523+0000: 796200.481: Application time: 2.5942540 seconds
2019-02-01T01:40:25.533+0000: 796200.491: Total time for which application threads were stopped: 0.0103389 seconds, Stopping threads took: 0.0009039 seconds
2019-02-01T01:40:25.536+0000: 796200.494: Application time: 0.0025810 seconds
2019-02-01T01:40:25.546+0000: 796200.503: [GC (GCLocker Initiated GC) 2019-02-01T01:40:25.565+0000: 796200.523: [SoftReference, 0 refs, 0.0000576 secs]2019-02-01T01:40:25.565+0000: 796200.523: [WeakReference, 40 refs, 0.0000228 secs]2019-02-01T01:40:25.565+0000: 796200.523: [FinalReference, 517 refs, 0.0002446 secs]2019-02-01T01:40:25.565+0000: 796200.523: [PhantomReference, 0 refs, 1 refs, 0.0000102 secs]2019-02-01T01:40:25.565+0000: 796200.523: [JNI Weak Reference, 0.0000505 secs]
Desired survivor size 105906176 bytes, new threshold 1 (max 15)
[PSYoungGen: 1029165K->88127K(1055744K)] 3954391K->3015609K(4455936K), 0.0228086 secs] [Times: user=0.37 sys=0.00, real=0.02 secs] 
2019-02-01T01:40:25.569+0000: 796200.527: Total time for which application threads were stopped: 0.0328309 seconds, Stopping threads took: 0.0003039 seconds
2019-02-01T01:40:27.443+0000: 796202.401: Application time: 1.8739996 seconds
2019-02-01T01:40:27.451+0000: 796202.409: Total time for which application threads were stopped: 0.0081521 seconds, Stopping threads took: 0.0010111 seconds
2019-02-01T01:40:27.453+0000: 796202.411: Application time: 0.0020326 seconds
2019-02-01T01:40:27.464+0000: 796202.421: [GC (GCLocker Initiated GC) 2019-02-01T01:40:27.483+0000: 796202.441: [SoftReference, 0 refs, 0.0000576 secs]2019-02-01T01:40:27.483+0000: 796202.441: [WeakReference, 29 refs, 0.0000198 secs]2019-02-01T01:40:27.483+0000: 796202.441: [FinalReference, 537 refs, 0.0002715 secs]2019-02-01T01:40:27.484+0000: 796202.441: [PhantomReference, 0 refs, 2 refs, 0.0000115 secs]2019-02-01T01:40:27.484+0000: 796202.441: [JNI Weak Reference, 0.0000198 secs]
Desired survivor size 125829120 bytes, new threshold 1 (max 15)
[PSYoungGen: 1055295K->103416K(1051136K)] 3986224K->3052089K(4451328K), 0.0233544 secs] [Times: user=0.36 sys=0.03, real=0.02 secs] 
2019-02-01T01:40:27.487+0000: 796202.445: Total time for which application threads were stopped: 0.0342301 seconds, Stopping threads took: 0.0010487 seconds
2019-02-01T01:40:30.769+0000: 796205.727: Application time: 3.2822056 seconds
2019-02-01T01:40:30.778+0000: 796205.736: Total time for which application threads were stopped: 0.0089796 seconds, Stopping threads took: 0.0003740 seconds
2019-02-01T01:40:30.779+0000: 796205.737: Application time: 0.0007471 seconds
2019-02-01T01:40:30.788+0000: 796205.746: [GC (GCLocker Initiated GC) 2019-02-01T01:40:30.805+0000: 796205.763: [SoftReference, 0 refs, 0.0000553 secs]2019-02-01T01:40:30.806+0000: 796205.763: [WeakReference, 26 refs, 0.0000179 secs]2019-02-01T01:40:30.806+0000: 796205.763: [FinalReference, 496 refs, 0.0002674 secs]2019-02-01T01:40:30.806+0000: 796205.764: [PhantomReference, 0 refs, 0 refs, 0.0000101 secs]2019-02-01T01:40:30.806+0000: 796205.764: [JNI Weak Reference, 0.0000196 secs]
Desired survivor size 123731968 bytes, new threshold 1 (max 15)
[PSYoungGen: 1051128K->39077K(974848K)] 4006473K->3000685K(4375040K), 0.0208109 secs] [Times: user=0.30 sys=0.00, real=0.02 secs] 
2019-02-01T01:40:30.810+0000: 796205.767: Total time for which application threads were stopped: 0.0304803 seconds, Stopping threads took: 0.0004891 seconds
2019-02-01T01:40:33.718+0000: 796208.676: Application time: 2.9081793 seconds
2019-02-01T01:40:33.725+0000: 796208.683: Total time for which application threads were stopped: 0.0070280 seconds, Stopping threads took: 0.0002410 seconds
2019-02-01T01:40:33.726+0000: 796208.684: Application time: 0.0009074 seconds
2019-02-01T01:40:33.733+0000: 796208.691: [GC (GCLocker Initiated GC) 2019-02-01T01:40:33.749+0000: 796208.707: [SoftReference, 0 refs, 0.0000481 secs]2019-02-01T01:40:33.749+0000: 796208.707: [WeakReference, 6 refs, 0.0000115 secs]2019-02-01T01:40:33.749+0000: 796208.707: [FinalReference, 541 refs, 0.0002541 secs]2019-02-01T01:40:33.749+0000: 796208.707: [PhantomReference, 0 refs, 0 refs, 0.0000101 secs]2019-02-01T01:40:33.749+0000: 796208.707: [JNI Weak Reference, 0.0000354 secs]
Desired survivor size 119537664 bytes, new threshold 1 (max 15)
[PSYoungGen: 974501K->48935K(1024512K)] 3936425K->3016663K(4424704K), 0.0230726 secs] [Times: user=0.26 sys=0.01, real=0.02 secs] 
2019-02-01T01:40:33.756+0000: 796208.714: Total time for which application threads were stopped: 0.0303504 seconds, Stopping threads took: 0.0002216 seconds
2019-02-01T01:40:35.593+0000: 796210.551: Application time: 1.8369869 seconds
2019-02-01T01:40:35.601+0000: 796210.558: Total time for which application threads were stopped: 0.0075385 seconds, Stopping threads took: 0.0003590 seconds
2019-02-01T01:40:35.603+0000: 796210.560: Application time: 0.0019922 seconds
2019-02-01T01:40:35.610+0000: 796210.568: [GC (GCLocker Initiated GC) 2019-02-01T01:40:35.628+0000: 796210.586: [SoftReference, 0 refs, 0.0000548 secs]2019-02-01T01:40:35.628+0000: 796210.586: [WeakReference, 75 refs, 0.0000384 secs]2019-02-01T01:40:35.628+0000: 796210.586: [FinalReference, 561 refs, 0.0002551 secs]2019-02-01T01:40:35.629+0000: 796210.587: [PhantomReference, 0 refs, 1 refs, 0.0000103 secs]2019-02-01T01:40:35.629+0000: 796210.587: [JNI Weak Reference, 0.0000191 secs]
Desired survivor size 115343360 bytes, new threshold 1 (max 15)
[PSYoungGen: 972583K->63496K(975872K)] 3940467K->3034602K(4376064K), 0.0260525 secs] [Times: user=0.30 sys=0.00, real=0.03 secs] 
2019-02-01T01:40:35.636+0000: 796210.594: Total time for which application threads were stopped: 0.0336653 seconds, Stopping threads took: 0.0004972 seconds
2019-02-01T01:40:37.407+0000: 796212.365: Application time: 1.7710621 seconds
2019-02-01T01:40:37.414+0000: 796212.372: Total time for which application threads were stopped: 0.0064354 seconds, Stopping threads took: 0.0003551 seconds
2019-02-01T01:40:37.415+0000: 796212.373: Application time: 0.0009871 seconds
2019-02-01T01:40:37.421+0000: 796212.379: [GC (GCLocker Initiated GC) 2019-02-01T01:40:37.437+0000: 796212.395: [SoftReference, 0 refs, 0.0000592 secs]2019-02-01T01:40:37.437+0000: 796212.395: [WeakReference, 50 refs, 0.0000313 secs]2019-02-01T01:40:37.437+0000: 796212.395: [FinalReference, 511 refs, 0.0002646 secs]2019-02-01T01:40:37.437+0000: 796212.395: [PhantomReference, 0 refs, 1 refs, 0.0000128 secs]2019-02-01T01:40:37.437+0000: 796212.395: [JNI Weak Reference, 0.0000212 secs]
Desired survivor size 111149056 bytes, new threshold 1 (max 15)
[PSYoungGen: 975368K->62920K(1028608K)] 3946623K->3038373K(4428800K), 0.0210238 secs] [Times: user=0.27 sys=0.00, real=0.03 secs] 
2019-02-01T01:40:37.442+0000: 796212.400: Total time for which application threads were stopped: 0.0275457 seconds, Stopping threads took: 0.0003245 seconds
2019-02-01T01:40:39.211+0000: 796214.169: Application time: 1.7685800 seconds
2019-02-01T01:40:39.218+0000: 796214.176: Total time for which application threads were stopped: 0.0070624 seconds, Stopping threads took: 0.0011531 seconds
2019-02-01T01:40:39.219+0000: 796214.177: Application time: 0.0014494 seconds
2019-02-01T01:40:39.228+0000: 796214.186: [GC (GCLocker Initiated GC) 2019-02-01T01:40:39.247+0000: 796214.205: [SoftReference, 0 refs, 0.0000515 secs]2019-02-01T01:40:39.248+0000: 796214.205: [WeakReference, 19 refs, 0.0000184 secs]2019-02-01T01:40:39.248+0000: 796214.205: [FinalReference, 567 refs, 0.0003016 secs]2019-02-01T01:40:39.248+0000: 796214.206: [PhantomReference, 0 refs, 1 refs, 0.0000124 secs]2019-02-01T01:40:39.248+0000: 796214.206: [JNI Weak Reference, 0.0000198 secs]
Desired survivor size 115343360 bytes, new threshold 1 (max 15)
[PSYoungGen: 978888K->84208K(1024512K)] 3954538K->3064409K(4424704K), 0.0235944 secs] [Times: user=0.35 sys=0.00, real=0.03 secs] 
2019-02-01T01:40:39.252+0000: 796214.209: Total time for which application threads were stopped: 0.0321928 seconds, Stopping threads took: 0.0002594 seconds
2019-02-01T01:40:40.252+0000: 796215.210: Application time: 1.0001496 seconds
2019-02-01T01:40:40.260+0000: 796215.218: Total time for which application threads were stopped: 0.0081951 seconds, Stopping threads took: 0.0003507 seconds
2019-02-01T01:40:40.371+0000: 796215.329: Application time: 0.1112945 seconds
2019-02-01T01:40:40.380+0000: 796215.338: Total time for which application threads were stopped: 0.0084274 seconds, Stopping threads took: 0.0002619 seconds
2019-02-01T01:40:41.434+0000: 796216.392: Application time: 1.0541384 seconds
2019-02-01T01:40:41.442+0000: 796216.400: Total time for which application threads were stopped: 0.0081300 seconds, Stopping threads took: 0.0002386 seconds
2019-02-01T01:40:42.945+0000: 796217.903: Application time: 1.5033628 seconds
2019-02-01T01:40:42.957+0000: 796217.915: Total time for which application threads were stopped: 0.0117658 seconds, Stopping threads took: 0.0039334 seconds
2019-02-01T01:40:42.959+0000: 796217.917: Application time: 0.0019859 seconds
2019-02-01T01:40:42.968+0000: 796217.925: [GC (GCLocker Initiated GC) 2019-02-01T01:40:42.991+0000: 796217.949: [SoftReference, 0 refs, 0.0000511 secs]2019-02-01T01:40:42.991+0000: 796217.949: [WeakReference, 3 refs, 0.0000106 secs]2019-02-01T01:40:42.991+0000: 796217.949: [FinalReference, 547 refs, 0.0003135 secs]2019-02-01T01:40:42.991+0000: 796217.949: [PhantomReference, 0 refs, 2 refs, 0.0000114 secs]2019-02-01T01:40:42.991+0000: 796217.949: [JNI Weak Reference, 0.0000191 secs]
Desired survivor size 116391936 bytes, new threshold 1 (max 15)
[PSYoungGen: 1000176K->79381K(1185792K)] 3987109K->3069373K(4585984K), 0.0271795 secs] [Times: user=0.32 sys=0.19, real=0.03 secs] 
2019-02-01T01:40:42.995+0000: 796217.953: Total time for which application threads were stopped: 0.0358719 seconds, Stopping threads took: 0.0002940 seconds
2019-02-01T01:40:47.658+0000: 796222.616: Application time: 4.6634567 seconds
2019-02-01T01:40:47.666+0000: 796222.624: Total time for which application threads were stopped: 0.0079413 seconds, Stopping threads took: 0.0002198 seconds
2019-02-01T01:40:47.667+0000: 796222.625: Application time: 0.0008195 seconds
2019-02-01T01:40:47.676+0000: 796222.634: [GC (GCLocker Initiated GC) 2019-02-01T01:40:47.690+0000: 796222.648: [SoftReference, 0 refs, 0.0000550 secs]2019-02-01T01:40:47.690+0000: 796222.648: [WeakReference, 6 refs, 0.0000124 secs]2019-02-01T01:40:47.690+0000: 796222.648: [FinalReference, 624 refs, 0.0003287 secs]2019-02-01T01:40:47.691+0000: 796222.649: [PhantomReference, 0 refs, 0 refs, 0.0000103 secs]2019-02-01T01:40:47.691+0000: 796222.649: [JNI Weak Reference, 0.0000200 secs]
Desired survivor size 118489088 bytes, new threshold 1 (max 15)
[PSYoungGen: 1152533K->25198K(1083392K)] 4142541K->3018818K(4483584K), 0.0180963 secs] [Times: user=0.24 sys=0.01, real=0.02 secs] 
2019-02-01T01:40:47.695+0000: 796222.652: Total time for which application threads were stopped: 0.0273816 seconds, Stopping threads took: 0.0002919 seconds
2019-02-01T01:40:51.658+0000: 796226.616: Application time: 3.9636777 seconds
2019-02-01T01:40:51.667+0000: 796226.625: Total time for which application threads were stopped: 0.0091931 seconds, Stopping threads took: 0.0004258 seconds
2019-02-01T01:40:51.668+0000: 796226.626: Application time: 0.0006287 seconds
2019-02-01T01:40:51.676+0000: 796226.633: [GC (GCLocker Initiated GC) 2019-02-01T01:40:51.692+0000: 796226.650: [SoftReference, 0 refs, 0.0000546 secs]2019-02-01T01:40:51.692+0000: 796226.650: [WeakReference, 44 refs, 0.0000277 secs]2019-02-01T01:40:51.692+0000: 796226.650: [FinalReference, 583 refs, 0.0002826 secs]2019-02-01T01:40:51.693+0000: 796226.650: [PhantomReference, 0 refs, 0 refs, 0.0000100 secs]2019-02-01T01:40:51.693+0000: 796226.650: [JNI Weak Reference, 0.0000193 secs]
Desired survivor size 113770496 bytes, new threshold 1 (max 15)
[PSYoungGen: 1082990K->54257K(1134592K)] 4080214K->3053086K(4534784K), 0.0209573 secs] [Times: user=0.26 sys=0.02, real=0.02 secs] 
2019-02-01T01:40:51.697+0000: 796226.655: Total time for which application threads were stopped: 0.0286303 seconds, Stopping threads took: 0.0002893 seconds
2019-02-01T01:40:55.957+0000: 796230.915: Application time: 4.2600009 seconds
2019-02-01T01:40:55.966+0000: 796230.924: Total time for which application threads were stopped: 0.0090375 seconds, Stopping threads took: 0.0005041 seconds
2019-02-01T01:40:55.967+0000: 796230.925: Application time: 0.0010395 seconds
2019-02-01T01:40:55.976+0000: 796230.934: [GC (GCLocker Initiated GC) 2019-02-01T01:40:55.995+0000: 796230.952: [SoftReference, 0 refs, 0.0000824 secs]2019-02-01T01:40:55.995+0000: 796230.952: [WeakReference, 33 refs, 0.0000474 secs]2019-02-01T01:40:55.995+0000: 796230.953: [FinalReference, 608 refs, 0.0004857 secs]2019-02-01T01:40:55.995+0000: 796230.953: [PhantomReference, 0 refs, 2 refs, 0.0000203 secs]2019-02-01T01:40:55.995+0000: 796230.953: [JNI Weak Reference, 0.0000325 secs]
Desired survivor size 113770496 bytes, new threshold 1 (max 15)
[PSYoungGen: 1097201K->73176K(1101824K)] 4099417K->3078515K(4502016K), 0.0285997 secs] [Times: user=0.31 sys=0.01, real=0.03 secs] 
2019-02-01T01:40:56.005+0000: 796230.963: Total time for which application threads were stopped: 0.0379150 seconds, Stopping threads took: 0.0003883 seconds
2019-02-01T01:41:00.088+0000: 796235.046: Application time: 4.0836810 seconds
2019-02-01T01:41:00.096+0000: 796235.054: Total time for which application threads were stopped: 0.0076008 seconds, Stopping threads took: 0.0002356 seconds
2019-02-01T01:41:00.097+0000: 796235.055: Application time: 0.0006559 seconds
2019-02-01T01:41:00.104+0000: 796235.062: Total time for which application threads were stopped: 0.0076343 seconds, Stopping threads took: 0.0002400 seconds
2019-02-01T01:41:00.105+0000: 796235.062: Application time: 0.0002205 seconds
2019-02-01T01:41:00.112+0000: 796235.070: [GC (GCLocker Initiated GC) 2019-02-01T01:41:02.893+0000: 796237.851: [SoftReference, 0 refs, 0.0000556 secs]2019-02-01T01:41:02.893+0000: 796237.851: [WeakReference, 4 refs, 0.0000127 secs]2019-02-01T01:41:02.893+0000: 796237.851: [FinalReference, 608 refs, 0.0003645 secs]2019-02-01T01:41:02.894+0000: 796237.851: [PhantomReference, 0 refs, 0 refs, 0.0000109 secs]2019-02-01T01:41:02.894+0000: 796237.852: [JNI Weak Reference, 0.0000209 secs]
Desired survivor size 114294784 bytes, new threshold 1 (max 15)
[PSYoungGen: 1101784K->76832K(1139200K)] 4107149K->3084374K(4539392K), 2.7865088 secs] [Times: user=46.64 sys=14.29, real=2.79 secs] 
2019-02-01T01:41:02.899+0000: 796237.857: Total time for which application threads were stopped: 2.7944439 seconds, Stopping threads took: 0.0000936 seconds
2019-02-01T01:41:06.790+0000: 796241.748: Application time: 3.8914741 seconds
2019-02-01T01:41:06.799+0000: 796241.757: Total time for which application threads were stopped: 0.0089719 seconds, Stopping threads took: 0.0004542 seconds
2019-02-01T01:41:06.800+0000: 796241.757: Application time: 0.0000981 seconds
2019-02-01T01:41:06.807+0000: 796241.765: Total time for which application threads were stopped: 0.0073034 seconds, Stopping threads took: 0.0000916 seconds
2019-02-01T01:41:06.808+0000: 796241.766: Application time: 0.0013643 seconds
2019-02-01T01:41:06.816+0000: 796241.774: [GC (GCLocker Initiated GC) 2019-02-01T01:41:06.827+0000: 796241.785: [SoftReference, 0 refs, 0.0000515 secs]2019-02-01T01:41:06.827+0000: 796241.785: [WeakReference, 7 refs, 0.0000128 secs]2019-02-01T01:41:06.827+0000: 796241.785: [FinalReference, 611 refs, 0.0003610 secs]2019-02-01T01:41:06.828+0000: 796241.785: [PhantomReference, 0 refs, 0 refs, 0.0000106 secs]2019-02-01T01:41:06.828+0000: 796241.785: [JNI Weak Reference, 0.0000516 secs]
Desired survivor size 115867648 bytes, new threshold 1 (max 15)
[PSYoungGen: 1104928K->25747K(1139712K)] 4119676K->3043765K(4539904K), 0.0152138 secs] [Times: user=0.22 sys=0.01, real=0.02 secs] 
2019-02-01T01:41:06.831+0000: 796241.789: Total time for which application threads were stopped: 0.0232033 seconds, Stopping threads took: 0.0003157 seconds
2019-02-01T01:41:10.723+0000: 796245.681: Application time: 3.8919793 seconds
2019-02-01T01:41:10.738+0000: 796245.696: Total time for which application threads were stopped: 0.0150415 seconds, Stopping threads took: 0.0007179 seconds
2019-02-01T01:41:10.740+0000: 796245.697: Application time: 0.0011242 seconds
2019-02-01T01:41:10.749+0000: 796245.707: [GC (GCLocker Initiated GC) 2019-02-01T01:41:12.616+0000: 796247.574: [SoftReference, 0 refs, 0.0000462 secs]2019-02-01T01:41:12.616+0000: 796247.574: [WeakReference, 11 refs, 0.0000141 secs]2019-02-01T01:41:12.616+0000: 796247.574: [FinalReference, 554 refs, 0.0002961 secs]2019-02-01T01:41:12.616+0000: 796247.574: [PhantomReference, 0 refs, 1 refs, 0.0000111 secs]2019-02-01T01:41:12.616+0000: 796247.574: [JNI Weak Reference, 0.0000202 secs]
Desired survivor size 111673344 bytes, new threshold 1 (max 15)
[PSYoungGen: 1053843K->51002K(1338368K)] 4071890K->3073189K(4738560K), 1.8728133 secs] [Times: user=13.20 sys=28.69, real=1.87 secs] 
2019-02-01T01:41:12.624+0000: 796247.581: Total time for which application threads were stopped: 1.8839016 seconds, Stopping threads took: 0.0007447 seconds
2019-02-01T01:41:17.279+0000: 796252.237: Application time: 4.6558702 seconds
2019-02-01T01:41:17.632+0000: 796252.590: [GC (Allocation Failure) 2019-02-01T01:41:19.228+0000: 796254.186: [SoftReference, 0 refs, 0.0000757 secs]2019-02-01T01:41:19.228+0000: 796254.186: [WeakReference, 4 refs, 0.0000155 secs]2019-02-01T01:41:19.228+0000: 796254.186: [FinalReference, 710 refs, 0.0003761 secs]2019-02-01T01:41:19.228+0000: 796254.186: [PhantomReference, 0 refs, 0 refs, 0.0000115 secs]2019-02-01T01:41:19.228+0000: 796254.186: [JNI Weak Reference, 0.0000192 secs]
Desired survivor size 110624768 bytes, new threshold 1 (max 15)
[PSYoungGen: 1282874K->34343K(1340928K)] 4308384K->3062890K(4741120K), 1.6007934 secs] [Times: user=3.37 sys=32.77, real=1.60 secs] 
2019-02-01T01:41:19.233+0000: 796254.191: Total time for which application threads were stopped: 1.9533594 seconds, Stopping threads took: 0.3441368 seconds
2019-02-01T01:41:23.200+0000: 796258.158: Application time: 3.9673611 seconds
2019-02-01T01:41:23.211+0000: 796258.169: Total time for which application threads were stopped: 0.0111360 seconds, Stopping threads took: 0.0014450 seconds
2019-02-01T01:41:23.212+0000: 796258.170: Application time: 0.0013057 seconds
2019-02-01T01:41:23.232+0000: 796258.190: [GC (GCLocker Initiated GC) 2019-02-01T01:41:25.543+0000: 796260.501: [SoftReference, 0 refs, 0.0000552 secs]2019-02-01T01:41:25.543+0000: 796260.501: [WeakReference, 20 refs, 0.0000203 secs]2019-02-01T01:41:25.543+0000: 796260.501: [FinalReference, 743 refs, 0.0004062 secs]2019-02-01T01:41:25.544+0000: 796260.501: [PhantomReference, 0 refs, 0 refs, 0.0000124 secs]2019-02-01T01:41:25.544+0000: 796260.501: [JNI Weak Reference, 0.0000263 secs]
Desired survivor size 109051904 bytes, new threshold 1 (max 15)
[PSYoungGen: 1266215K->33129K(1582592K)] 4301562K->3071990K(4982784K), 2.3157359 secs] [Times: user=10.28 sys=36.88, real=2.31 secs] 
2019-02-01T01:41:25.549+0000: 796260.507: Total time for which application threads were stopped: 2.3367412 seconds, Stopping threads took: 0.0012715 seconds
2019-02-01T01:41:33.634+0000: 796268.591: Application time: 8.0842579 seconds
2019-02-01T01:41:35.580+0000: 796270.538: Total time for which application threads were stopped: 1.9467731 seconds, Stopping threads took: 1.9389083 seconds
2019-02-01T01:41:35.597+0000: 796270.555: Application time: 0.0164858 seconds
2019-02-01T01:41:35.607+0000: 796270.565: [GC (GCLocker Initiated GC) 2019-02-01T01:41:35.634+0000: 796270.592: [SoftReference, 0 refs, 0.0000536 secs]2019-02-01T01:41:35.634+0000: 796270.592: [WeakReference, 23 refs, 0.0000202 secs]2019-02-01T01:41:35.635+0000: 796270.592: [FinalReference, 864 refs, 0.0018344 secs]2019-02-01T01:41:35.636+0000: 796270.594: [PhantomReference, 0 refs, 1 refs, 0.0000161 secs]2019-02-01T01:41:35.636+0000: 796270.594: [JNI Weak Reference, 0.0000202 secs]
Desired survivor size 141033472 bytes, new threshold 1 (max 15)
[PSYoungGen: 1510249K->106475K(1583616K)] 4556813K->3198133K(4983808K), 0.0331522 secs] [Times: user=0.13 sys=0.36, real=0.04 secs] 
2019-02-01T01:41:35.640+0000: 796270.598: Total time for which application threads were stopped: 0.0434390 seconds, Stopping threads took: 0.0021276 seconds
2019-02-01T01:41:39.308+0000: 796274.266: Application time: 3.6674612 seconds
2019-02-01T01:41:39.317+0000: 796274.275: Total time for which application threads were stopped: 0.0094579 seconds, Stopping threads took: 0.0003847 seconds
2019-02-01T01:41:39.318+0000: 796274.276: Application time: 0.0009665 seconds
2019-02-01T01:41:39.327+0000: 796274.285: [GC (GCLocker Initiated GC) 2019-02-01T01:41:39.358+0000: 796274.315: [SoftReference, 0 refs, 0.0000782 secs]2019-02-01T01:41:39.358+0000: 796274.315: [WeakReference, 12 refs, 0.0000261 secs]2019-02-01T01:41:39.358+0000: 796274.316: [FinalReference, 816 refs, 0.0004322 secs]2019-02-01T01:41:39.358+0000: 796274.316: [PhantomReference, 0 refs, 1 refs, 0.0000109 secs]2019-02-01T01:41:39.358+0000: 796274.316: [JNI Weak Reference, 0.0000198 secs]
Desired survivor size 147324928 bytes, new threshold 1 (max 15)
[PSYoungGen: 1583595K->99463K(1772032K)] 4678922K->3202999K(5172224K), 0.0340169 secs] [Times: user=0.41 sys=0.18, real=0.04 secs] 
2019-02-01T01:41:39.362+0000: 796274.320: Total time for which application threads were stopped: 0.0435151 seconds, Stopping threads took: 0.0003128 seconds
2019-02-01T01:41:40.374+0000: 796275.331: Application time: 1.0118215 seconds
2019-02-01T01:41:40.384+0000: 796275.342: Total time for which application threads were stopped: 0.0102130 seconds, Stopping threads took: 0.0026414 seconds
2019-02-01T01:41:43.984+0000: 796278.942: Application time: 3.6000233 seconds
2019-02-01T01:41:43.993+0000: 796278.951: Total time for which application threads were stopped: 0.0095394 seconds, Stopping threads took: 0.0003749 seconds
2019-02-01T01:41:43.995+0000: 796278.953: Application time: 0.0014849 seconds
2019-02-01T01:41:44.005+0000: 796278.962: [GC (GCLocker Initiated GC) 2019-02-01T01:41:44.029+0000: 796278.987: [SoftReference, 0 refs, 0.0000582 secs]2019-02-01T01:41:44.029+0000: 796278.987: [WeakReference, 12 refs, 0.0000166 secs]2019-02-01T01:41:44.029+0000: 796278.987: [FinalReference, 896 refs, 0.0005067 secs]2019-02-01T01:41:44.030+0000: 796278.988: [PhantomReference, 0 refs, 0 refs, 0.0000113 secs]2019-02-01T01:41:44.030+0000: 796278.988: [JNI Weak Reference, 0.0000211 secs]
Desired survivor size 145227776 bytes, new threshold 1 (max 15)
[PSYoungGen: 1733767K->82591K(1778176K)] 4844064K->3208438K(5178368K), 0.0285031 secs] [Times: user=0.38 sys=0.14, real=0.03 secs] 
2019-02-01T01:41:44.033+0000: 796278.991: Total time for which application threads were stopped: 0.0384208 seconds, Stopping threads took: 0.0002522 seconds
2019-02-01T01:41:48.404+0000: 796283.362: Application time: 4.3703803 seconds
2019-02-01T01:41:48.413+0000: 796283.371: Total time for which application threads were stopped: 0.0094789 seconds, Stopping threads took: 0.0002661 seconds
2019-02-01T01:41:48.415+0000: 796283.373: Application time: 0.0016404 seconds
2019-02-01T01:41:48.424+0000: 796283.382: [GC (GCLocker Initiated GC) 2019-02-01T01:41:48.440+0000: 796283.398: [SoftReference, 0 refs, 0.0000722 secs]2019-02-01T01:41:48.441+0000: 796283.398: [WeakReference, 31 refs, 0.0000329 secs]2019-02-01T01:41:48.441+0000: 796283.398: [FinalReference, 943 refs, 0.0020844 secs]2019-02-01T01:41:48.443+0000: 796283.401: [PhantomReference, 0 refs, 0 refs, 0.0000274 secs]2019-02-01T01:41:48.443+0000: 796283.401: [JNI Weak Reference, 0.0000334 secs]
Desired survivor size 139984896 bytes, new threshold 1 (max 15)
[PSYoungGen: 1716895K->74718K(1765888K)] 4843309K->3204694K(5166080K), 0.0236101 secs] [Times: user=0.33 sys=0.00, real=0.02 secs] 
2019-02-01T01:41:48.448+0000: 796283.406: Total time for which application threads were stopped: 0.0335471 seconds, Stopping threads took: 0.0002620 seconds
2019-02-01T01:41:52.649+0000: 796287.607: Application time: 4.2004232 seconds
2019-02-01T01:41:52.663+0000: 796287.620: Total time for which application threads were stopped: 0.0137357 seconds, Stopping threads took: 0.0047066 seconds
2019-02-01T01:41:52.664+0000: 796287.622: Application time: 0.0015805 seconds
2019-02-01T01:41:52.673+0000: 796287.631: [GC (GCLocker Initiated GC) 2019-02-01T01:41:52.691+0000: 796287.649: [SoftReference, 0 refs, 0.0000719 secs]2019-02-01T01:41:52.691+0000: 796287.649: [WeakReference, 5 refs, 0.0000208 secs]2019-02-01T01:41:52.691+0000: 796287.649: [FinalReference, 878 refs, 0.0006697 secs]2019-02-01T01:41:52.692+0000: 796287.650: [PhantomReference, 0 refs, 1 refs, 0.0000197 secs]2019-02-01T01:41:52.692+0000: 796287.650: [JNI Weak Reference, 0.0000335 secs]
Desired survivor size 135266304 bytes, new threshold 1 (max 15)
[PSYoungGen: 1711070K->74283K(1773056K)] 4841107K->3208664K(5173248K), 0.0236920 secs] [Times: user=0.32 sys=0.00, real=0.02 secs] 
2019-02-01T01:41:52.697+0000: 796287.655: Total time for which application threads were stopped: 0.0332513 seconds, Stopping threads took: 0.0002308 seconds
2019-02-01T01:41:57.277+0000: 796292.235: Application time: 4.5795170 seconds
2019-02-01T01:41:57.285+0000: 796292.243: Total time for which application threads were stopped: 0.0078309 seconds, Stopping threads took: 0.0004207 seconds
2019-02-01T01:41:57.286+0000: 796292.244: Application time: 0.0011894 seconds
2019-02-01T01:41:57.294+0000: 796292.252: [GC (GCLocker Initiated GC) 2019-02-01T01:41:57.319+0000: 796292.277: [SoftReference, 0 refs, 0.0000425 secs]2019-02-01T01:41:57.319+0000: 796292.277: [WeakReference, 30 refs, 0.0000207 secs]2019-02-01T01:41:57.319+0000: 796292.277: [FinalReference, 941 refs, 0.0004990 secs]2019-02-01T01:41:57.320+0000: 796292.277: [PhantomReference, 0 refs, 1 refs, 0.0000136 secs]2019-02-01T01:41:57.320+0000: 796292.277: [JNI Weak Reference, 0.0000213 secs]
Desired survivor size 132644864 bytes, new threshold 1 (max 15)
[PSYoungGen: 1710635K->46603K(1777664K)] 4845060K->3184844K(5177856K), 0.0289651 secs] [Times: user=0.48 sys=0.01, real=0.02 secs] 
2019-02-01T01:41:57.323+0000: 796292.281: Total time for which application threads were stopped: 0.0373717 seconds, Stopping threads took: 0.0003274 seconds
2019-02-01T01:42:02.327+0000: 796297.285: Application time: 5.0034334 seconds
2019-02-01T01:42:02.336+0000: 796297.294: [GC (Allocation Failure) 2019-02-01T01:42:02.352+0000: 796297.310: [SoftReference, 0 refs, 0.0000729 secs]2019-02-01T01:42:02.352+0000: 796297.310: [WeakReference, 62 refs, 0.0000457 secs]2019-02-01T01:42:02.352+0000: 796297.310: [FinalReference, 972 refs, 0.0006762 secs]2019-02-01T01:42:02.353+0000: 796297.311: [PhantomReference, 0 refs, 0 refs, 0.0000193 secs]2019-02-01T01:42:02.353+0000: 796297.311: [JNI Weak Reference, 0.0000312 secs]
Desired survivor size 130023424 bytes, new threshold 1 (max 15)
[PSYoungGen: 1699851K->47605K(1782784K)] 4841417K->3193210K(5182976K), 0.0223335 secs] [Times: user=0.26 sys=0.00, real=0.02 secs] 
2019-02-01T01:42:02.359+0000: 796297.317: Total time for which application threads were stopped: 0.0319643 seconds, Stopping threads took: 0.0003022 seconds
2019-02-01T01:42:06.802+0000: 796301.759: Application time: 4.4428806 seconds
2019-02-01T01:42:06.814+0000: 796301.772: Total time for which application threads were stopped: 0.0121486 seconds, Stopping threads took: 0.0034898 seconds
2019-02-01T01:42:06.815+0000: 796301.772: Application time: 0.0008472 seconds
2019-02-01T01:42:06.824+0000: 796301.782: [GC (GCLocker Initiated GC) 2019-02-01T01:42:06.840+0000: 796301.798: [SoftReference, 0 refs, 0.0000551 secs]2019-02-01T01:42:06.840+0000: 796301.798: [WeakReference, 36 refs, 0.0000224 secs]2019-02-01T01:42:06.840+0000: 796301.798: [FinalReference, 969 refs, 0.0004967 secs]2019-02-01T01:42:06.840+0000: 796301.798: [PhantomReference, 0 refs, 1 refs, 0.0000109 secs]2019-02-01T01:42:06.840+0000: 796301.798: [JNI Weak Reference, 0.0000190 secs]
Desired survivor size 124780544 bytes, new threshold 1 (max 15)
[PSYoungGen: 1699148K->57760K(1779712K)] 4848075K->3210847K(5179904K), 0.0199320 secs] [Times: user=0.28 sys=0.00, real=0.02 secs] 
2019-02-01T01:42:06.844+0000: 796301.802: Total time for which application threads were stopped: 0.0295917 seconds, Stopping threads took: 0.0004672 seconds
2019-02-01T01:42:11.049+0000: 796306.007: Application time: 4.2044845 seconds
2019-02-01T01:42:11.062+0000: 796306.020: Total time for which application threads were stopped: 0.0137441 seconds, Stopping threads took: 0.0046895 seconds
2019-02-01T01:42:11.066+0000: 796306.023: Application time: 0.0031315 seconds
2019-02-01T01:42:11.075+0000: 796306.033: [GC (GCLocker Initiated GC) 2019-02-01T01:42:13.548+0000: 796308.506: [SoftReference, 0 refs, 0.0000646 secs]2019-02-01T01:42:13.548+0000: 796308.506: [WeakReference, 24 refs, 0.0000251 secs]2019-02-01T01:42:13.548+0000: 796308.506: [FinalReference, 914 refs, 0.0006099 secs]2019-02-01T01:42:13.549+0000: 796308.507: [PhantomReference, 0 refs, 2 refs, 0.0000178 secs]2019-02-01T01:42:13.549+0000: 796308.507: [JNI Weak Reference, 0.0000297 secs]
Desired survivor size 127401984 bytes, new threshold 1 (max 15)
[PSYoungGen: 1723296K->86315K(1787392K)] 4879811K->3246677K(5187584K), 2.4774364 secs] [Times: user=49.03 sys=5.40, real=2.47 secs] 
2019-02-01T01:42:13.553+0000: 796308.511: Total time for which application threads were stopped: 2.4875503 seconds, Stopping threads took: 0.0006318 seconds
2019-02-01T01:42:17.964+0000: 796312.921: Application time: 4.4104707 seconds
2019-02-01T01:42:17.972+0000: 796312.929: Total time for which application threads were stopped: 0.0079945 seconds, Stopping threads took: 0.0002831 seconds
2019-02-01T01:42:17.973+0000: 796312.931: Application time: 0.0011530 seconds
2019-02-01T01:42:17.981+0000: 796312.939: [GC (GCLocker Initiated GC) 2019-02-01T01:42:17.996+0000: 796312.953: [SoftReference, 0 refs, 0.0000520 secs]2019-02-01T01:42:17.996+0000: 796312.954: [WeakReference, 36 refs, 0.0000268 secs]2019-02-01T01:42:17.996+0000: 796312.954: [FinalReference, 951 refs, 0.0005029 secs]2019-02-01T01:42:17.996+0000: 796312.954: [PhantomReference, 0 refs, 0 refs, 0.0000234 secs]2019-02-01T01:42:17.996+0000: 796312.954: [JNI Weak Reference, 0.0000249 secs]
Desired survivor size 125829120 bytes, new threshold 1 (max 15)
[PSYoungGen: 1751851K->40785K(1798656K)] 4918906K->3213418K(5198848K), 0.0193783 secs] [Times: user=0.27 sys=0.01, real=0.02 secs] 
2019-02-01T01:42:18.000+0000: 796312.958: Total time for which application threads were stopped: 0.0276481 seconds, Stopping threads took: 0.0002972 seconds
2019-02-01T01:42:22.892+0000: 796317.850: Application time: 4.8914512 seconds
2019-02-01T01:42:22.901+0000: 796317.859: Total time for which application threads were stopped: 0.0094033 seconds, Stopping threads took: 0.0003367 seconds
2019-02-01T01:42:22.902+0000: 796317.860: Application time: 0.0005239 seconds
2019-02-01T01:42:22.911+0000: 796317.869: [GC (GCLocker Initiated GC) 2019-02-01T01:42:22.930+0000: 796317.888: [SoftReference, 0 refs, 0.0000814 secs]2019-02-01T01:42:22.930+0000: 796317.888: [WeakReference, 5 refs, 0.0000221 secs]2019-02-01T01:42:22.930+0000: 796317.888: [FinalReference, 955 refs, 0.0007323 secs]2019-02-01T01:42:22.931+0000: 796317.889: [PhantomReference, 0 refs, 0 refs, 0.0000191 secs]2019-02-01T01:42:22.931+0000: 796317.889: [JNI Weak Reference, 0.0000325 secs]
Desired survivor size 124780544 bytes, new threshold 1 (max 15)
[PSYoungGen: 1715537K->36880K(1712128K)] 4888186K->3215401K(5112320K), 0.0254773 secs] [Times: user=0.27 sys=0.00, real=0.02 secs] 
2019-02-01T01:42:22.937+0000: 796317.895: Total time for which application threads were stopped: 0.0351793 seconds, Stopping threads took: 0.0002246 seconds
2019-02-01T01:42:27.300+0000: 796322.258: Application time: 4.3627641 seconds
2019-02-01T01:42:27.311+0000: 796322.268: Total time for which application threads were stopped: 0.0108583 seconds, Stopping threads took: 0.0019473 seconds
2019-02-01T01:42:27.312+0000: 796322.270: Application time: 0.0012044 seconds
2019-02-01T01:42:27.320+0000: 796322.278: [GC (GCLocker Initiated GC) 2019-02-01T01:42:27.337+0000: 796322.295: [SoftReference, 0 refs, 0.0000572 secs]2019-02-01T01:42:27.337+0000: 796322.295: [WeakReference, 43 refs, 0.0000265 secs]2019-02-01T01:42:27.337+0000: 796322.295: [FinalReference, 877 refs, 0.0004102 secs]2019-02-01T01:42:27.338+0000: 796322.295: [PhantomReference, 0 refs, 2 refs, 0.0000117 secs]2019-02-01T01:42:27.338+0000: 796322.295: [JNI Weak Reference, 0.0000187 secs]
Desired survivor size 119537664 bytes, new threshold 1 (max 15)
[PSYoungGen: 1711632K->55304K(1802240K)] 4893722K->3241546K(5202432K), 0.0213342 secs] [Times: user=0.30 sys=0.00, real=0.02 secs] 
2019-02-01T01:42:27.341+0000: 796322.299: Total time for which application threads were stopped: 0.0294571 seconds, Stopping threads took: 0.0005532 seconds
2019-02-01T01:42:31.544+0000: 796326.502: Application time: 4.2028981 seconds
2019-02-01T01:42:31.554+0000: 796326.512: Total time for which application threads were stopped: 0.0095577 seconds, Stopping threads took: 0.0003294 seconds
2019-02-01T01:42:31.555+0000: 796326.513: Application time: 0.0014269 seconds
2019-02-01T01:42:31.565+0000: 796326.523: [GC (GCLocker Initiated GC) 2019-02-01T01:42:31.580+0000: 796326.538: [SoftReference, 0 refs, 0.0000542 secs]2019-02-01T01:42:31.581+0000: 796326.538: [WeakReference, 52 refs, 0.0000256 secs]2019-02-01T01:42:31.581+0000: 796326.538: [FinalReference, 837 refs, 0.0004218 secs]2019-02-01T01:42:31.581+0000: 796326.539: [PhantomReference, 0 refs, 1 refs, 0.0000107 secs]2019-02-01T01:42:31.581+0000: 796326.539: [JNI Weak Reference, 0.0000199 secs]
Desired survivor size 114294784 bytes, new threshold 1 (max 15)
[PSYoungGen: 1735688K->61441K(1742336K)] 4922494K->3252339K(5142528K), 0.0194750 secs] [Times: user=0.30 sys=0.01, real=0.02 secs] 
2019-02-01T01:42:31.585+0000: 796326.543: Total time for which application threads were stopped: 0.0296251 seconds, Stopping threads took: 0.0005919 seconds
2019-02-01T01:42:35.922+0000: 796330.880: Application time: 4.3374025 seconds
2019-02-01T01:42:35.932+0000: 796330.890: Total time for which application threads were stopped: 0.0094358 seconds, Stopping threads took: 0.0003431 seconds
2019-02-01T01:42:35.932+0000: 796330.890: Application time: 0.0005189 seconds
2019-02-01T01:42:35.942+0000: 796330.899: [GC (GCLocker Initiated GC) 2019-02-01T01:42:35.960+0000: 796330.918: [SoftReference, 0 refs, 0.0000747 secs]2019-02-01T01:42:35.960+0000: 796330.918: [WeakReference, 48 refs, 0.0000408 secs]2019-02-01T01:42:35.960+0000: 796330.918: [FinalReference, 841 refs, 0.0018488 secs]2019-02-01T01:42:35.962+0000: 796330.920: [PhantomReference, 0 refs, 0 refs, 0.0000243 secs]2019-02-01T01:42:35.962+0000: 796330.920: [JNI Weak Reference, 0.0000930 secs]
Desired survivor size 110100480 bytes, new threshold 1 (max 15)
[PSYoungGen: 1741825K->53585K(1799168K)] 4932965K->3248499K(5199360K), 0.0258257 secs] [Times: user=0.32 sys=0.00, real=0.02 secs] 
2019-02-01T01:42:35.968+0000: 796330.926: Total time for which application threads were stopped: 0.0354511 seconds, Stopping threads took: 0.0002453 seconds
2019-02-01T01:42:40.372+0000: 796335.330: Application time: 4.4039953 seconds
2019-02-01T01:42:40.380+0000: 796335.338: Total time for which application threads were stopped: 0.0082188 seconds, Stopping threads took: 0.0002851 seconds
2019-02-01T01:42:41.090+0000: 796336.048: Application time: 0.7103355 seconds
2019-02-01T01:42:41.098+0000: 796336.056: Total time for which application threads were stopped: 0.0081456 seconds, Stopping threads took: 0.0005429 seconds
2019-02-01T01:42:41.099+0000: 796336.057: Application time: 0.0003734 seconds
2019-02-01T01:42:41.107+0000: 796336.065: [GC (GCLocker Initiated GC) 2019-02-01T01:42:41.122+0000: 796336.080: [SoftReference, 0 refs, 0.0000507 secs]2019-02-01T01:42:41.122+0000: 796336.080: [WeakReference, 38 refs, 0.0000258 secs]2019-02-01T01:42:41.122+0000: 796336.080: [FinalReference, 992 refs, 0.0005979 secs]2019-02-01T01:42:41.123+0000: 796336.081: [PhantomReference, 0 refs, 1 refs, 0.0000175 secs]2019-02-01T01:42:41.123+0000: 796336.081: [JNI Weak Reference, 0.0000237 secs]
Desired survivor size 108003328 bytes, new threshold 1 (max 15)
[PSYoungGen: 1741137K->44057K(1795072K)] 4936065K->3241594K(5195264K), 0.0203203 secs] [Times: user=0.24 sys=0.00, real=0.02 secs] 
2019-02-01T01:42:41.128+0000: 796336.085: Total time for which application threads were stopped: 0.0287670 seconds, Stopping threads took: 0.0004074 seconds
2019-02-01T01:42:45.725+0000: 796340.682: Application time: 4.5970649 seconds
2019-02-01T01:42:45.734+0000: 796340.692: Total time for which application threads were stopped: 0.0091778 seconds, Stopping threads took: 0.0003416 seconds
2019-02-01T01:42:45.735+0000: 796340.693: Application time: 0.0009091 seconds
2019-02-01T01:42:45.744+0000: 796340.702: [GC (GCLocker Initiated GC) 2019-02-01T01:42:47.312+0000: 796342.270: [SoftReference, 0 refs, 0.0000541 secs]2019-02-01T01:42:47.312+0000: 796342.270: [WeakReference, 40 refs, 0.0000340 secs]2019-02-01T01:42:47.312+0000: 796342.270: [FinalReference, 903 refs, 0.0004894 secs]2019-02-01T01:42:47.312+0000: 796342.270: [PhantomReference, 0 refs, 0 refs, 0.0000106 secs]2019-02-01T01:42:47.312+0000: 796342.270: [JNI Weak Reference, 0.0000203 secs]
Desired survivor size 113770496 bytes, new threshold 1 (max 15)
[PSYoungGen: 1731609K->85807K(1802752K)] 4929178K->3288292K(5202944K), 1.5718207 secs] [Times: user=22.36 sys=12.25, real=1.57 secs] 
2019-02-01T01:42:47.316+0000: 796342.274: Total time for which application threads were stopped: 1.5815886 seconds, Stopping threads took: 0.0002809 seconds
2019-02-01T01:42:51.667+0000: 796346.625: Application time: 4.3506259 seconds
2019-02-01T01:42:51.676+0000: 796346.634: Total time for which application threads were stopped: 0.0095530 seconds, Stopping threads took: 0.0002433 seconds
2019-02-01T01:42:51.677+0000: 796346.635: Application time: 0.0009586 seconds
2019-02-01T01:42:51.685+0000: 796346.643: [GC (GCLocker Initiated GC) 2019-02-01T01:42:53.586+0000: 796348.543: [SoftReference, 0 refs, 0.0000538 secs]2019-02-01T01:42:53.586+0000: 796348.543: [WeakReference, 5 refs, 0.0000118 secs]2019-02-01T01:42:53.586+0000: 796348.543: [FinalReference, 933 refs, 0.0005101 secs]2019-02-01T01:42:53.586+0000: 796348.544: [PhantomReference, 0 refs, 0 refs, 0.0000128 secs]2019-02-01T01:42:53.586+0000: 796348.544: [JNI Weak Reference, 0.0000234 secs]
Desired survivor size 110624768 bytes, new threshold 1 (max 15)
[PSYoungGen: 1783087K->66364K(1808384K)] 4985609K->3274348K(5208576K), 1.9043316 secs] [Times: user=25.52 sys=16.54, real=1.90 secs] 
2019-02-01T01:42:53.590+0000: 796348.548: Total time for which application threads were stopped: 1.9123692 seconds, Stopping threads took: 0.0002773 seconds
2019-02-01T01:42:57.767+0000: 796352.725: Application time: 4.1770241 seconds
2019-02-01T01:42:57.776+0000: 796352.734: Total time for which application threads were stopped: 0.0091294 seconds, Stopping threads took: 0.0003368 seconds
2019-02-01T01:42:57.777+0000: 796352.735: Application time: 0.0008255 seconds
2019-02-01T01:42:57.785+0000: 796352.743: [GC (GCLocker Initiated GC) 2019-02-01T01:42:57.802+0000: 796352.759: [SoftReference, 0 refs, 0.0000437 secs]2019-02-01T01:42:57.802+0000: 796352.759: [WeakReference, 81 refs, 0.0000320 secs]2019-02-01T01:42:57.802+0000: 796352.759: [FinalReference, 882 refs, 0.0004120 secs]2019-02-01T01:42:57.802+0000: 796352.760: [PhantomReference, 0 refs, 0 refs, 0.0000100 secs]2019-02-01T01:42:57.802+0000: 796352.760: [JNI Weak Reference, 0.0000200 secs]
Desired survivor size 108003328 bytes, new threshold 1 (max 15)
[PSYoungGen: 1763644K->67945K(1803264K)] 4971630K->3281053K(5203456K), 0.0205424 secs] [Times: user=0.34 sys=0.00, real=0.02 secs] 
2019-02-01T01:42:57.806+0000: 796352.763: Total time for which application threads were stopped: 0.0286985 seconds, Stopping threads took: 0.0002633 seconds
2019-02-01T01:43:02.269+0000: 796357.227: Application time: 4.4633141 seconds
2019-02-01T01:43:02.278+0000: 796357.236: Total time for which application threads were stopped: 0.0095510 seconds, Stopping threads took: 0.0005757 seconds
2019-02-01T01:43:02.280+0000: 796357.237: Application time: 0.0011580 seconds
2019-02-01T01:43:02.291+0000: 796357.249: [GC (GCLocker Initiated GC) 2019-02-01T01:43:02.323+0000: 796357.281: [SoftReference, 0 refs, 0.0000722 secs]2019-02-01T01:43:02.323+0000: 796357.281: [WeakReference, 5 refs, 0.0000120 secs]2019-02-01T01:43:02.323+0000: 796357.281: [FinalReference, 873 refs, 0.0008492 secs]2019-02-01T01:43:02.324+0000: 796357.282: [PhantomReference, 0 refs, 0 refs, 0.0000273 secs]2019-02-01T01:43:02.324+0000: 796357.282: [JNI Weak Reference, 0.0000947 secs]
Desired survivor size 104857600 bytes, new threshold 1 (max 15)
[PSYoungGen: 1770857K->56183K(1808384K)] 4984555K->3274118K(5208576K), 0.0403174 secs] [Times: user=0.64 sys=0.03, real=0.04 secs] 
2019-02-01T01:43:02.331+0000: 796357.289: Total time for which application threads were stopped: 0.0518509 seconds, Stopping threads took: 0.0008575 seconds
2019-02-01T01:43:07.296+0000: 796362.254: Application time: 4.9650130 seconds
2019-02-01T01:43:07.310+0000: 796362.268: Total time for which application threads were stopped: 0.0133772 seconds, Stopping threads took: 0.0042363 seconds
2019-02-01T01:43:07.312+0000: 796362.270: Application time: 0.0023214 seconds
2019-02-01T01:43:07.321+0000: 796362.279: [GC (GCLocker Initiated GC) 2019-02-01T01:43:08.619+0000: 796363.577: [SoftReference, 0 refs, 0.0000545 secs]2019-02-01T01:43:08.619+0000: 796363.577: [WeakReference, 45 refs, 0.0000294 secs]2019-02-01T01:43:08.619+0000: 796363.577: [FinalReference, 946 refs, 0.0005440 secs]2019-02-01T01:43:08.620+0000: 796363.578: [PhantomReference, 0 refs, 1 refs, 0.0000115 secs]2019-02-01T01:43:08.620+0000: 796363.578: [JNI Weak Reference, 0.0000206 secs]
Desired survivor size 111149056 bytes, new threshold 1 (max 15)
[PSYoungGen: 1759095K->88778K(1807360K)] 4981219K->3317577K(5207552K), 1.3018024 secs] [Times: user=24.64 sys=3.72, real=1.30 secs] 
2019-02-01T01:43:08.624+0000: 796363.581: Total time for which application threads were stopped: 1.3114276 seconds, Stopping threads took: 0.0006040 seconds
2019-02-01T01:43:08.637+0000: 796363.595: Application time: 0.0138121 seconds
2019-02-01T01:43:08.646+0000: 796363.604: Total time for which application threads were stopped: 0.0084216 seconds, Stopping threads took: 0.0009114 seconds
2019-02-01T01:43:13.398+0000: 796368.355: Application time: 4.7517305 seconds
2019-02-01T01:43:13.407+0000: 796368.365: Total time for which application threads were stopped: 0.0094001 seconds, Stopping threads took: 0.0003427 seconds
2019-02-01T01:43:13.407+0000: 796368.365: Application time: 0.0003032 seconds
2019-02-01T01:43:13.417+0000: 796368.374: Total time for which application threads were stopped: 0.0093338 seconds, Stopping threads took: 0.0002198 seconds
2019-02-01T01:43:13.417+0000: 796368.375: Application time: 0.0006668 seconds
2019-02-01T01:43:13.427+0000: 796368.384: [GC (GCLocker Initiated GC) 2019-02-01T01:43:13.447+0000: 796368.405: [SoftReference, 0 refs, 0.0000698 secs]2019-02-01T01:43:13.447+0000: 796368.405: [WeakReference, 7 refs, 0.0000220 secs]2019-02-01T01:43:13.447+0000: 796368.405: [FinalReference, 863 refs, 0.0006632 secs]2019-02-01T01:43:13.447+0000: 796368.405: [PhantomReference, 0 refs, 0 refs, 0.0000239 secs]2019-02-01T01:43:13.448+0000: 796368.405: [JNI Weak Reference, 0.0001367 secs]
Desired survivor size 114294784 bytes, new threshold 1 (max 15)
[PSYoungGen: 1793738K->85574K(1790976K)] 5022559K->3326790K(5191168K), 0.0253386 secs] [Times: user=0.39 sys=0.03, real=0.02 secs] 
2019-02-01T01:43:13.452+0000: 796368.410: Total time for which application threads were stopped: 0.0348831 seconds, Stopping threads took: 0.0002615 seconds
2019-02-01T01:43:18.719+0000: 796373.677: Application time: 5.2667707 seconds
2019-02-01T01:43:18.728+0000: 796373.686: Total time for which application threads were stopped: 0.0092871 seconds, Stopping threads took: 0.0002163 seconds
2019-02-01T01:43:18.729+0000: 796373.687: Application time: 0.0010251 seconds
2019-02-01T01:43:18.738+0000: 796373.696: [GC (GCLocker Initiated GC) 2019-02-01T01:43:18.756+0000: 796373.714: [SoftReference, 0 refs, 0.0000536 secs]2019-02-01T01:43:18.757+0000: 796373.714: [WeakReference, 14 refs, 0.0000159 secs]2019-02-01T01:43:18.757+0000: 796373.714: [FinalReference, 933 refs, 0.0004825 secs]2019-02-01T01:43:18.757+0000: 796373.715: [PhantomReference, 0 refs, 1 refs, 0.0000127 secs]2019-02-01T01:43:18.757+0000: 796373.715: [JNI Weak Reference, 0.0000200 secs]
Desired survivor size 112721920 bytes, new threshold 1 (max 15)
[PSYoungGen: 1790534K->49609K(1811968K)] 5035215K->3307934K(5212160K), 0.0219961 secs] [Times: user=0.32 sys=0.00, real=0.02 secs] 
2019-02-01T01:43:18.761+0000: 796373.719: Total time for which application threads were stopped: 0.0314614 seconds, Stopping threads took: 0.0003068 seconds
2019-02-01T01:43:24.505+0000: 796379.462: Application time: 5.7438054 seconds
2019-02-01T01:43:24.514+0000: 796379.472: Total time for which application threads were stopped: 0.0099207 seconds, Stopping threads took: 0.0003195 seconds
2019-02-01T01:43:24.516+0000: 796379.474: Application time: 0.0012897 seconds
2019-02-01T01:43:24.527+0000: 796379.484: [GC (GCLocker Initiated GC) 2019-02-01T01:43:24.543+0000: 796379.501: [SoftReference, 0 refs, 0.0000495 secs]2019-02-01T01:43:24.543+0000: 796379.501: [WeakReference, 27 refs, 0.0000185 secs]2019-02-01T01:43:24.543+0000: 796379.501: [FinalReference, 990 refs, 0.0005234 secs]2019-02-01T01:43:24.543+0000: 796379.501: [PhantomReference, 0 refs, 2 refs, 0.0000118 secs]2019-02-01T01:43:24.543+0000: 796379.501: [JNI Weak Reference, 0.0000202 secs]
Desired survivor size 114819072 bytes, new threshold 1 (max 15)
[PSYoungGen: 1749961K->82394K(1782784K)] 5008301K->3351468K(5182976K), 0.0203341 secs] [Times: user=0.33 sys=0.00, real=0.02 secs] 
2019-02-01T01:43:24.547+0000: 796379.505: Total time for which application threads were stopped: 0.0313927 seconds, Stopping threads took: 0.0010165 seconds
2019-02-01T01:43:29.545+0000: 796384.503: Application time: 4.9980782 seconds
2019-02-01T01:43:29.553+0000: 796384.511: Total time for which application threads were stopped: 0.0075542 seconds, Stopping threads took: 0.0004687 seconds
2019-02-01T01:43:29.554+0000: 796384.512: Application time: 0.0010350 seconds
2019-02-01T01:43:29.564+0000: 796384.522: [GC (GCLocker Initiated GC) 2019-02-01T01:43:29.580+0000: 796384.538: [SoftReference, 0 refs, 0.0000719 secs]2019-02-01T01:43:29.580+0000: 796384.538: [WeakReference, 21 refs, 0.0000343 secs]2019-02-01T01:43:29.581+0000: 796384.538: [FinalReference, 888 refs, 0.0004880 secs]2019-02-01T01:43:29.581+0000: 796384.539: [PhantomReference, 0 refs, 0 refs, 0.0000122 secs]2019-02-01T01:43:29.581+0000: 796384.539: [JNI Weak Reference, 0.0000219 secs]
Desired survivor size 110624768 bytes, new threshold 1 (max 15)
[PSYoungGen: 1782746K->63916K(1814016K)] 5051869K->3344330K(5214208K), 0.0209382 secs] [Times: user=0.29 sys=0.00, real=0.02 secs] 
2019-02-01T01:43:29.585+0000: 796384.543: Total time for which application threads were stopped: 0.0312769 seconds, Stopping threads took: 0.0025647 seconds
2019-02-01T01:43:35.076+0000: 796390.033: Application time: 5.4905080 seconds
2019-02-01T01:43:35.084+0000: 796390.042: Total time for which application threads were stopped: 0.0080694 seconds, Stopping threads took: 0.0003095 seconds
2019-02-01T01:43:35.085+0000: 796390.042: Application time: 0.0008219 seconds
2019-02-01T01:43:35.094+0000: 796390.052: [GC (GCLocker Initiated GC) 2019-02-01T01:43:35.111+0000: 796390.069: [SoftReference, 0 refs, 0.0000466 secs]2019-02-01T01:43:35.111+0000: 796390.069: [WeakReference, 78 refs, 0.0000361 secs]2019-02-01T01:43:35.111+0000: 796390.069: [FinalReference, 929 refs, 0.0004558 secs]2019-02-01T01:43:35.111+0000: 796390.069: [PhantomReference, 0 refs, 0 refs, 0.0000117 secs]2019-02-01T01:43:35.111+0000: 796390.069: [JNI Weak Reference, 0.0000200 secs]
Desired survivor size 107479040 bytes, new threshold 1 (max 15)
[PSYoungGen: 1765804K->61455K(1763840K)] 5046254K->3352675K(5164032K), 0.0208287 secs] [Times: user=0.35 sys=0.00, real=0.02 secs] 
2019-02-01T01:43:35.115+0000: 796390.073: Total time for which application threads were stopped: 0.0306086 seconds, Stopping threads took: 0.0003107 seconds
2019-02-01T01:43:40.369+0000: 796395.327: Application time: 5.2543281 seconds
2019-02-01T01:43:40.379+0000: 796395.337: Total time for which application threads were stopped: 0.0099550 seconds, Stopping threads took: 0.0004092 seconds
2019-02-01T01:43:40.425+0000: 796395.382: Application time: 0.0451114 seconds
2019-02-01T01:43:40.434+0000: 796395.392: Total time for which application threads were stopped: 0.0096292 seconds, Stopping threads took: 0.0004890 seconds
2019-02-01T01:43:40.435+0000: 796395.393: Application time: 0.0012611 seconds
2019-02-01T01:43:40.446+0000: 796395.403: [GC (GCLocker Initiated GC) 2019-02-01T01:43:40.461+0000: 796395.419: [SoftReference, 0 refs, 0.0000796 secs]2019-02-01T01:43:40.461+0000: 796395.419: [WeakReference, 4 refs, 0.0000199 secs]2019-02-01T01:43:40.461+0000: 796395.419: [FinalReference, 939 refs, 0.0007345 secs]2019-02-01T01:43:40.462+0000: 796395.420: [PhantomReference, 0 refs, 1 refs, 0.0000214 secs]2019-02-01T01:43:40.462+0000: 796395.420: [JNI Weak Reference, 0.0000333 secs]
Desired survivor size 105381888 bytes, new threshold 1 (max 15)
[PSYoungGen: 1763343K->53344K(1808896K)] 5058147K->3354821K(5209088K), 0.0215902 secs] [Times: user=0.32 sys=0.01, real=0.02 secs] 
2019-02-01T01:43:40.467+0000: 796395.425: Total time for which application threads were stopped: 0.0319682 seconds, Stopping threads took: 0.0005935 seconds
2019-02-01T01:43:45.576+0000: 796400.534: Application time: 5.1083333 seconds
2019-02-01T01:43:45.585+0000: 796400.542: Total time for which application threads were stopped: 0.0088066 seconds, Stopping threads took: 0.0002342 seconds
2019-02-01T01:43:45.586+0000: 796400.544: Application time: 0.0012863 seconds
2019-02-01T01:43:45.595+0000: 796400.553: [GC (GCLocker Initiated GC) 2019-02-01T01:43:45.612+0000: 796400.570: [SoftReference, 0 refs, 0.0000587 secs]2019-02-01T01:43:45.612+0000: 796400.570: [WeakReference, 48 refs, 0.0000297 secs]2019-02-01T01:43:45.612+0000: 796400.570: [FinalReference, 876 refs, 0.0004223 secs]2019-02-01T01:43:45.613+0000: 796400.571: [PhantomReference, 0 refs, 0 refs, 0.0000101 secs]2019-02-01T01:43:45.613+0000: 796400.571: [JNI Weak Reference, 0.0000542 secs]
Desired survivor size 104857600 bytes, new threshold 1 (max 15)
[PSYoungGen: 1757280K->45098K(1806848K)] 5058903K->3351336K(5207040K), 0.0213314 secs] [Times: user=0.31 sys=0.00, real=0.02 secs] 
2019-02-01T01:43:45.617+0000: 796400.574: Total time for which application threads were stopped: 0.0306378 seconds, Stopping threads took: 0.0001953 seconds
2019-02-01T01:43:47.742+0000: 796402.700: Application time: 2.1256056 seconds
2019-02-01T01:43:47.752+0000: 796402.710: Total time for which application threads were stopped: 0.0096228 seconds, Stopping threads took: 0.0003312 seconds
2019-02-01T01:43:51.086+0000: 796406.044: Application time: 3.3343725 seconds
2019-02-01T01:43:51.095+0000: 796406.053: Total time for which application threads were stopped: 0.0088158 seconds, Stopping threads took: 0.0002695 seconds
2019-02-01T01:43:51.096+0000: 796406.054: Application time: 0.0007155 seconds
2019-02-01T01:43:51.105+0000: 796406.063: [GC (GCLocker Initiated GC) 2019-02-01T01:43:51.118+0000: 796406.076: [SoftReference, 0 refs, 0.0000555 secs]2019-02-01T01:43:51.119+0000: 796406.076: [WeakReference, 4 refs, 0.0000105 secs]2019-02-01T01:43:51.119+0000: 796406.076: [FinalReference, 1009 refs, 0.0005522 secs]2019-02-01T01:43:51.119+0000: 796406.077: [PhantomReference, 0 refs, 1 refs, 0.0000105 secs]2019-02-01T01:43:51.119+0000: 796406.077: [JNI Weak Reference, 0.0000192 secs]
Desired survivor size 105381888 bytes, new threshold 1 (max 15)
[PSYoungGen: 1749034K->38537K(1816064K)] 5055287K->3348453K(5216256K), 0.0175281 secs] [Times: user=0.24 sys=0.01, real=0.02 secs] 
2019-02-01T01:43:51.123+0000: 796406.081: Total time for which application threads were stopped: 0.0270309 seconds, Stopping threads took: 0.0005717 seconds
2019-02-01T01:43:55.809+0000: 796410.767: Application time: 4.6865800 seconds
2019-02-01T01:43:55.818+0000: 796410.776: Total time for which application threads were stopped: 0.0091248 seconds, Stopping threads took: 0.0003571 seconds
2019-02-01T01:43:55.819+0000: 796410.777: Application time: 0.0010053 seconds
2019-02-01T01:43:55.829+0000: 796410.787: [GC (GCLocker Initiated GC) 2019-02-01T01:43:55.842+0000: 796410.800: [SoftReference, 0 refs, 0.0000545 secs]2019-02-01T01:43:55.842+0000: 796410.800: [WeakReference, 21 refs, 0.0000205 secs]2019-02-01T01:43:55.842+0000: 796410.800: [FinalReference, 813 refs, 0.0004527 secs]2019-02-01T01:43:55.843+0000: 796410.801: [PhantomReference, 0 refs, 1 refs, 0.0000150 secs]2019-02-01T01:43:55.843+0000: 796410.801: [JNI Weak Reference, 0.0000398 secs]
Desired survivor size 103284736 bytes, new threshold 1 (max 15)
[PSYoungGen: 1752201K->46027K(1816576K)] 5062139K->3359014K(5216768K), 0.0175319 secs] [Times: user=0.26 sys=0.01, real=0.02 secs] 
2019-02-01T01:43:55.847+0000: 796410.805: Total time for which application threads were stopped: 0.0272916 seconds, Stopping threads took: 0.0005767 seconds
2019-02-01T01:44:02.585+0000: 796417.543: Application time: 6.7386536 seconds
2019-02-01T01:44:02.594+0000: 796417.552: Total time for which application threads were stopped: 0.0090694 seconds, Stopping threads took: 0.0004853 seconds
2019-02-01T01:44:02.595+0000: 796417.553: Application time: 0.0007273 seconds
2019-02-01T01:44:02.605+0000: 796417.562: [GC (GCLocker Initiated GC) 2019-02-01T01:44:02.623+0000: 796417.581: [SoftReference, 0 refs, 0.0000629 secs]2019-02-01T01:44:02.623+0000: 796417.581: [WeakReference, 19 refs, 0.0000259 secs]2019-02-01T01:44:02.623+0000: 796417.581: [FinalReference, 1017 refs, 0.0007888 secs]2019-02-01T01:44:02.624+0000: 796417.582: [PhantomReference, 0 refs, 1 refs, 0.0000213 secs]2019-02-01T01:44:02.624+0000: 796417.582: [JNI Weak Reference, 0.0000564 secs]
Desired survivor size 100663296 bytes, new threshold 1 (max 15)
[PSYoungGen: 1759691K->49519K(1815552K)] 5072716K->3365514K(5215744K), 0.0254956 secs] [Times: user=0.33 sys=0.00, real=0.02 secs] 
2019-02-01T01:44:02.630+0000: 796417.588: Total time for which application threads were stopped: 0.0351695 seconds, Stopping threads took: 0.0004138 seconds
2019-02-01T01:44:07.977+0000: 796422.935: Application time: 5.3464364 seconds
2019-02-01T01:44:07.989+0000: 796422.947: Total time for which application threads were stopped: 0.0119182 seconds, Stopping threads took: 0.0031637 seconds
2019-02-01T01:44:07.990+0000: 796422.948: Application time: 0.0010615 seconds
2019-02-01T01:44:07.999+0000: 796422.957: [GC (GCLocker Initiated GC) 2019-02-01T01:44:08.017+0000: 796422.975: [SoftReference, 0 refs, 0.0000544 secs]2019-02-01T01:44:08.017+0000: 796422.975: [WeakReference, 38 refs, 0.0000263 secs]2019-02-01T01:44:08.017+0000: 796422.975: [FinalReference, 840 refs, 0.0005037 secs]2019-02-01T01:44:08.018+0000: 796422.976: [PhantomReference, 0 refs, 1 refs, 0.0000128 secs]2019-02-01T01:44:08.018+0000: 796422.976: [JNI Weak Reference, 0.0000199 secs]
Desired survivor size 101711872 bytes, new threshold 1 (max 15)
[PSYoungGen: 1767791K->71136K(1756160K)] 5087178K->3393476K(5156352K), 0.0252366 secs] [Times: user=0.32 sys=0.00, real=0.03 secs] 
2019-02-01T01:44:08.024+0000: 796422.982: Total time for which application threads were stopped: 0.0346572 seconds, Stopping threads took: 0.0002437 seconds
2019-02-01T01:44:13.411+0000: 796428.369: Application time: 5.3863402 seconds
2019-02-01T01:44:13.420+0000: 796428.378: Total time for which application threads were stopped: 0.0092692 seconds, Stopping threads took: 0.0003198 seconds
2019-02-01T01:44:13.421+0000: 796428.379: Application time: 0.0008957 seconds
2019-02-01T01:44:13.430+0000: 796428.388: [GC (GCLocker Initiated GC) 2019-02-01T01:44:13.448+0000: 796428.406: [SoftReference, 0 refs, 0.0000613 secs]2019-02-01T01:44:13.448+0000: 796428.406: [WeakReference, 19 refs, 0.0000290 secs]2019-02-01T01:44:13.448+0000: 796428.406: [FinalReference, 905 refs, 0.0006797 secs]2019-02-01T01:44:13.448+0000: 796428.406: [PhantomReference, 0 refs, 0 refs, 0.0000197 secs]2019-02-01T01:44:13.449+0000: 796428.406: [JNI Weak Reference, 0.0000411 secs]
Desired survivor size 101187584 bytes, new threshold 1 (max 15)
[PSYoungGen: 1756128K->36894K(1713664K)] 5081791K->3366095K(5113856K), 0.0306363 secs] [Times: user=0.27 sys=0.02, real=0.03 secs] 
2019-02-01T01:44:13.461+0000: 796428.419: Total time for which application threads were stopped: 0.0401709 seconds, Stopping threads took: 0.0002242 seconds
2019-02-01T01:44:16.198+0000: 796431.156: Application time: 2.7371775 seconds
2019-02-01T01:44:16.207+0000: 796431.165: Total time for which application threads were stopped: 0.0090396 seconds, Stopping threads took: 0.0004169 seconds
2019-02-01T01:44:18.610+0000: 796433.567: Application time: 2.4022256 seconds
2019-02-01T01:44:18.619+0000: 796433.577: Total time for which application threads were stopped: 0.0094654 seconds, Stopping threads took: 0.0004901 seconds
2019-02-01T01:44:18.620+0000: 796433.578: Application time: 0.0011539 seconds
2019-02-01T01:44:18.630+0000: 796433.587: [GC (GCLocker Initiated GC) 2019-02-01T01:44:18.645+0000: 796433.602: [SoftReference, 0 refs, 0.0000820 secs]2019-02-01T01:44:18.645+0000: 796433.603: [WeakReference, 93 refs, 0.0000689 secs]2019-02-01T01:44:18.645+0000: 796433.603: [FinalReference, 911 refs, 0.0008187 secs]2019-02-01T01:44:18.646+0000: 796433.604: [PhantomReference, 0 refs, 1 refs, 0.0000242 secs]2019-02-01T01:44:18.646+0000: 796433.604: [JNI Weak Reference, 0.0000336 secs]
Desired survivor size 99090432 bytes, new threshold 1 (max 15)
[PSYoungGen: 1689630K->44381K(1666048K)] 5025511K->3383925K(5066240K), 0.0257242 secs] [Times: user=0.31 sys=0.01, real=0.03 secs] 
2019-02-01T01:44:18.656+0000: 796433.613: Total time for which application threads were stopped: 0.0352724 seconds, Stopping threads took: 0.0002938 seconds
2019-02-01T01:44:23.729+0000: 796438.687: Application time: 5.0736976 seconds
2019-02-01T01:44:23.741+0000: 796438.698: Total time for which application threads were stopped: 0.0113182 seconds, Stopping threads took: 0.0029211 seconds
2019-02-01T01:44:23.743+0000: 796438.700: Application time: 0.0019497 seconds
2019-02-01T01:44:23.750+0000: 796438.708: [GC (GCLocker Initiated GC) 2019-02-01T01:44:23.764+0000: 796438.722: [SoftReference, 0 refs, 0.0000760 secs]2019-02-01T01:44:23.765+0000: 796438.722: [WeakReference, 5 refs, 0.0000199 secs]2019-02-01T01:44:23.765+0000: 796438.722: [FinalReference, 908 refs, 0.0007254 secs]2019-02-01T01:44:23.765+0000: 796438.723: [PhantomReference, 0 refs, 1 refs, 0.0000204 secs]2019-02-01T01:44:23.765+0000: 796438.723: [JNI Weak Reference, 0.0000334 secs]
Desired survivor size 96993280 bytes, new threshold 1 (max 15)
[PSYoungGen: 1665885K->46069K(1653760K)] 5008800K->3393176K(5053952K), 0.0285042 secs] [Times: user=0.26 sys=0.01, real=0.03 secs] 
2019-02-01T01:44:23.779+0000: 796438.736: Total time for which application threads were stopped: 0.0360462 seconds, Stopping threads took: 0.0003214 seconds
2019-02-01T01:44:28.382+0000: 796443.340: Application time: 4.6037876 seconds
2019-02-01T01:44:28.391+0000: 796443.349: Total time for which application threads were stopped: 0.0087421 seconds, Stopping threads took: 0.0002774 seconds
2019-02-01T01:44:28.392+0000: 796443.350: Application time: 0.0012895 seconds
2019-02-01T01:44:28.401+0000: 796443.359: [GC (GCLocker Initiated GC) 2019-02-01T01:44:28.417+0000: 796443.374: [SoftReference, 0 refs, 0.0000721 secs]2019-02-01T01:44:28.417+0000: 796443.375: [WeakReference, 13 refs, 0.0000242 secs]2019-02-01T01:44:28.417+0000: 796443.375: [FinalReference, 862 refs, 0.0006912 secs]2019-02-01T01:44:28.417+0000: 796443.375: [PhantomReference, 0 refs, 0 refs, 0.0000200 secs]2019-02-01T01:44:28.417+0000: 796443.375: [JNI Weak Reference, 0.0000335 secs]
Desired survivor size 98566144 bytes, new threshold 1 (max 15)
[PSYoungGen: 1637365K->69549K(1631744K)] 4984516K->3419632K(5031936K), 0.0277490 secs] [Times: user=0.31 sys=0.00, real=0.03 secs] 
2019-02-01T01:44:28.429+0000: 796443.387: Total time for which application threads were stopped: 0.0368789 seconds, Stopping threads took: 0.0002499 seconds
2019-02-01T01:44:33.002+0000: 796447.960: Application time: 4.5724391 seconds
2019-02-01T01:44:33.011+0000: 796447.969: Total time for which application threads were stopped: 0.0089772 seconds, Stopping threads took: 0.0003094 seconds
2019-02-01T01:44:33.012+0000: 796447.970: Application time: 0.0010391 seconds
2019-02-01T01:44:33.021+0000: 796447.978: [GC (GCLocker Initiated GC) 2019-02-01T01:44:33.038+0000: 796447.996: [SoftReference, 0 refs, 0.0000835 secs]2019-02-01T01:44:33.038+0000: 796447.996: [WeakReference, 9 refs, 0.0000146 secs]2019-02-01T01:44:33.038+0000: 796447.996: [FinalReference, 905 refs, 0.0004771 secs]2019-02-01T01:44:33.039+0000: 796447.997: [PhantomReference, 0 refs, 1 refs, 0.0000109 secs]2019-02-01T01:44:33.039+0000: 796447.997: [JNI Weak Reference, 0.0000191 secs]
Desired survivor size 109576192 bytes, new threshold 1 (max 15)
[PSYoungGen: 1631661K->93695K(1627136K)] 4985096K->3450279K(5027328K), 0.0216356 secs] [Times: user=0.34 sys=0.01, real=0.02 secs] 
2019-02-01T01:44:33.042+0000: 796448.000: Total time for which application threads were stopped: 0.0306400 seconds, Stopping threads took: 0.0004127 seconds
2019-02-01T01:44:37.724+0000: 796452.682: Application time: 4.6820703 seconds
2019-02-01T01:44:37.734+0000: 796452.691: Total time for which application threads were stopped: 0.0090893 seconds, Stopping threads took: 0.0003290 seconds
2019-02-01T01:44:37.735+0000: 796452.692: Application time: 0.0011011 seconds
2019-02-01T01:44:37.742+0000: 796452.700: Total time for which application threads were stopped: 0.0077502 seconds, Stopping threads took: 0.0003781 seconds
2019-02-01T01:44:37.743+0000: 796452.700: Application time: 0.0001288 seconds
2019-02-01T01:44:37.750+0000: 796452.708: [GC (GCLocker Initiated GC) 2019-02-01T01:44:37.764+0000: 796452.722: [SoftReference, 0 refs, 0.0000427 secs]2019-02-01T01:44:37.764+0000: 796452.722: [WeakReference, 16 refs, 0.0000201 secs]2019-02-01T01:44:37.764+0000: 796452.722: [FinalReference, 796 refs, 0.0004951 secs]2019-02-01T01:44:37.765+0000: 796452.723: [PhantomReference, 0 refs, 0 refs, 0.0000139 secs]2019-02-01T01:44:37.765+0000: 796452.723: [JNI Weak Reference, 0.0000237 secs]
Desired survivor size 109051904 bytes, new threshold 1 (max 15)
[PSYoungGen: 1627135K->35564K(1541632K)] 4983739K->3396912K(4941824K), 0.0236757 secs] [Times: user=0.27 sys=0.01, real=0.02 secs] 
2019-02-01T01:44:37.774+0000: 796452.732: Total time for which application threads were stopped: 0.0313993 seconds, Stopping threads took: 0.0001270 seconds
2019-02-01T01:44:40.369+0000: 796455.327: Application time: 2.5954351 seconds
2019-02-01T01:44:40.378+0000: 796455.336: Total time for which application threads were stopped: 0.0090438 seconds, Stopping threads took: 0.0003109 seconds
2019-02-01T01:44:42.272+0000: 796457.229: Application time: 1.8931970 seconds
2019-02-01T01:44:42.280+0000: 796457.238: Total time for which application threads were stopped: 0.0087749 seconds, Stopping threads took: 0.0004793 seconds
2019-02-01T01:44:42.282+0000: 796457.239: Application time: 0.0011783 seconds
2019-02-01T01:44:42.290+0000: 796457.248: [GC (GCLocker Initiated GC) 2019-02-01T01:44:42.305+0000: 796457.263: [SoftReference, 0 refs, 0.0000579 secs]2019-02-01T01:44:42.305+0000: 796457.263: [WeakReference, 40 refs, 0.0000254 secs]2019-02-01T01:44:42.305+0000: 796457.263: [FinalReference, 811 refs, 0.0003753 secs]2019-02-01T01:44:42.306+0000: 796457.263: [PhantomReference, 0 refs, 0 refs, 0.0000101 secs]2019-02-01T01:44:42.306+0000: 796457.263: [JNI Weak Reference, 0.0000191 secs]
Desired survivor size 104857600 bytes, new threshold 1 (max 15)
[PSYoungGen: 1541356K->59997K(1550848K)] 4903331K->3426173K(4951040K), 0.0231346 secs] [Times: user=0.30 sys=0.01, real=0.02 secs] 
2019-02-01T01:44:42.313+0000: 796457.271: Total time for which application threads were stopped: 0.0316546 seconds, Stopping threads took: 0.0002058 seconds
2019-02-01T01:44:47.282+0000: 796462.240: Application time: 4.9691724 seconds
2019-02-01T01:44:47.292+0000: 796462.250: Total time for which application threads were stopped: 0.0092933 seconds, Stopping threads took: 0.0003266 seconds
2019-02-01T01:44:47.294+0000: 796462.251: Application time: 0.0018263 seconds
2019-02-01T01:44:47.303+0000: 796462.261: [GC (GCLocker Initiated GC) 2019-02-01T01:44:47.320+0000: 796462.278: [SoftReference, 0 refs, 0.0000555 secs]2019-02-01T01:44:47.320+0000: 796462.278: [WeakReference, 8 refs, 0.0000131 secs]2019-02-01T01:44:47.320+0000: 796462.278: [FinalReference, 905 refs, 0.0004907 secs]2019-02-01T01:44:47.321+0000: 796462.279: [PhantomReference, 0 refs, 0 refs, 0.0000125 secs]2019-02-01T01:44:47.321+0000: 796462.279: [JNI Weak Reference, 0.0000313 secs]
Desired survivor size 109051904 bytes, new threshold 1 (max 15)
[PSYoungGen: 1539165K->80044K(1533440K)] 4905405K->3449303K(4933632K), 0.0239345 secs] [Times: user=0.34 sys=0.01, real=0.02 secs] 
2019-02-01T01:44:47.327+0000: 796462.285: Total time for which application threads were stopped: 0.0332317 seconds, Stopping threads took: 0.0001711 seconds
2019-02-01T01:44:51.382+0000: 796466.340: Application time: 4.0556520 seconds
2019-02-01T01:44:51.390+0000: 796466.348: Total time for which application threads were stopped: 0.0076082 seconds, Stopping threads took: 0.0002648 seconds
2019-02-01T01:44:51.391+0000: 796466.349: Application time: 0.0006434 seconds
2019-02-01T01:44:51.398+0000: 796466.356: [GC (GCLocker Initiated GC) 2019-02-01T01:44:51.413+0000: 796466.371: [SoftReference, 0 refs, 0.0000541 secs]2019-02-01T01:44:51.413+0000: 796466.371: [WeakReference, 69 refs, 0.0000306 secs]2019-02-01T01:44:51.413+0000: 796466.371: [FinalReference, 714 refs, 0.0003651 secs]2019-02-01T01:44:51.414+0000: 796466.371: [PhantomReference, 0 refs, 0 refs, 0.0000127 secs]2019-02-01T01:44:51.414+0000: 796466.371: [JNI Weak Reference, 0.0000216 secs]
Desired survivor size 106430464 bytes, new threshold 1 (max 15)
[PSYoungGen: 1533100K->46454K(1504256K)] 4902382K->3419830K(4904448K), 0.0232581 secs] [Times: user=0.29 sys=0.01, real=0.03 secs] 
2019-02-01T01:44:51.422+0000: 796466.379: Total time for which application threads were stopped: 0.0308158 seconds, Stopping threads took: 0.0002682 seconds
2019-02-01T01:44:56.497+0000: 796471.454: Application time: 5.0750468 seconds
2019-02-01T01:44:56.506+0000: 796471.464: Total time for which application threads were stopped: 0.0095946 seconds, Stopping threads took: 0.0018984 seconds
2019-02-01T01:44:56.507+0000: 796471.465: Application time: 0.0005345 seconds
2019-02-01T01:44:56.515+0000: 796471.473: [GC (GCLocker Initiated GC) 2019-02-01T01:44:56.533+0000: 796471.491: [SoftReference, 0 refs, 0.0000506 secs]2019-02-01T01:44:56.533+0000: 796471.491: [WeakReference, 43 refs, 0.0000235 secs]2019-02-01T01:44:56.533+0000: 796471.491: [FinalReference, 825 refs, 0.0003754 secs]2019-02-01T01:44:56.534+0000: 796471.491: [PhantomReference, 0 refs, 1 refs, 0.0000123 secs]2019-02-01T01:44:56.534+0000: 796471.491: [JNI Weak Reference, 0.0000200 secs]
Desired survivor size 105381888 bytes, new threshold 1 (max 15)
[PSYoungGen: 1474422K->39943K(1443840K)] 4851246K->3420427K(4844032K), 0.0247003 secs] [Times: user=0.33 sys=0.02, real=0.02 secs] 
2019-02-01T01:44:56.540+0000: 796471.498: Total time for which application threads were stopped: 0.0332349 seconds, Stopping threads took: 0.0002674 seconds
2019-02-01T01:45:01.400+0000: 796476.358: Application time: 4.8599582 seconds
2019-02-01T01:45:01.409+0000: 796476.366: Total time for which application threads were stopped: 0.0086206 seconds, Stopping threads took: 0.0003341 seconds
2019-02-01T01:45:01.410+0000: 796476.368: Application time: 0.0011563 seconds
2019-02-01T01:45:01.418+0000: 796476.375: [Full GC (Ergonomics) 2019-02-01T01:45:01.687+0000: 796476.645: [SoftReference, 151 refs, 0.0000742 secs]2019-02-01T01:45:01.687+0000: 796476.645: [WeakReference, 6511 refs, 0.0008733 secs]2019-02-01T01:45:01.688+0000: 796476.646: [FinalReference, 13057 refs, 0.0275651 secs]2019-02-01T01:45:01.716+0000: 796476.673: [PhantomReference, 0 refs, 1044 refs, 0.0001490 secs]2019-02-01T01:45:01.716+0000: 796476.674: [JNI Weak Reference, 0.0000347 secs][PSYoungGen: 1443335K->0K(1443840K)] [ParOldGen: 3392062K->474043K(3071488K)] 4835397K->474043K(4515328K), [Metaspace: 75225K->75225K(1118208K)], 0.8978234 secs] [Times: user=13.89 sys=0.11, real=0.90 secs] 
2019-02-01T01:45:02.316+0000: 796477.274: Total time for which application threads were stopped: 0.9060567 seconds, Stopping threads took: 0.0003228 seconds
2019-02-01T01:45:05.728+0000: 796480.685: Application time: 3.4118838 seconds
2019-02-01T01:45:05.735+0000: 796480.693: Total time for which application threads were stopped: 0.0070736 seconds, Stopping threads took: 0.0002762 seconds
2019-02-01T01:45:05.736+0000: 796480.693: Application time: 0.0009204 seconds
2019-02-01T01:45:05.743+0000: 796480.701: [GC (GCLocker Initiated GC) 2019-02-01T01:45:05.753+0000: 796480.711: [SoftReference, 0 refs, 0.0000544 secs]2019-02-01T01:45:05.754+0000: 796480.711: [WeakReference, 16 refs, 0.0000170 secs]2019-02-01T01:45:05.754+0000: 796480.711: [FinalReference, 704 refs, 0.0004176 secs]2019-02-01T01:45:05.754+0000: 796480.712: [PhantomReference, 0 refs, 0 refs, 0.0000106 secs]2019-02-01T01:45:05.754+0000: 796480.712: [JNI Weak Reference, 0.0000203 secs]
Desired survivor size 100663296 bytes, new threshold 1 (max 15)
[PSYoungGen: 1403392K->55979K(1447936K)] 1877482K->530070K(4519424K), 0.0161027 secs] [Times: user=0.21 sys=0.00, real=0.01 secs] 
2019-02-01T01:45:05.759+0000: 796480.717: Total time for which application threads were stopped: 0.0233531 seconds, Stopping threads took: 0.0001503 seconds
2019-02-01T01:45:10.332+0000: 796485.290: Application time: 4.5730258 seconds
2019-02-01T01:45:10.341+0000: 796485.299: Total time for which application threads were stopped: 0.0086741 seconds, Stopping threads took: 0.0002211 seconds
2019-02-01T01:45:10.342+0000: 796485.300: Application time: 0.0011497 seconds
2019-02-01T01:45:10.351+0000: 796485.309: [GC (GCLocker Initiated GC) 2019-02-01T01:45:10.367+0000: 796485.325: [SoftReference, 0 refs, 0.0000733 secs]2019-02-01T01:45:10.368+0000: 796485.325: [WeakReference, 71 refs, 0.0000512 secs]2019-02-01T01:45:10.368+0000: 796485.325: [FinalReference, 765 refs, 0.0005410 secs]2019-02-01T01:45:10.368+0000: 796485.326: [PhantomReference, 0 refs, 1 refs, 0.0000199 secs]2019-02-01T01:45:10.368+0000: 796485.326: [JNI Weak Reference, 0.0000338 secs]
Desired survivor size 98566144 bytes, new threshold 1 (max 15)
[PSYoungGen: 1434795K->62327K(1417728K)] 1912492K->552678K(4489216K), 0.0282433 secs] [Times: user=0.28 sys=0.01, real=0.03 secs] 
2019-02-01T01:45:10.380+0000: 796485.338: Total time for which application threads were stopped: 0.0380002 seconds, Stopping threads took: 0.0003300 seconds
2019-02-01T01:45:14.881+0000: 796489.839: Application time: 4.5015670 seconds
2019-02-01T01:45:14.890+0000: 796489.848: Total time for which application threads were stopped: 0.0089587 seconds, Stopping threads took: 0.0002768 seconds
2019-02-01T01:45:14.891+0000: 796489.849: Application time: 0.0006735 seconds
2019-02-01T01:45:14.900+0000: 796489.858: [GC (GCLocker Initiated GC) 2019-02-01T01:45:14.914+0000: 796489.871: [SoftReference, 0 refs, 0.0000778 secs]2019-02-01T01:45:14.914+0000: 796489.872: [WeakReference, 9 refs, 0.0000281 secs]2019-02-01T01:45:14.914+0000: 796489.872: [FinalReference, 712 refs, 0.0006782 secs]2019-02-01T01:45:14.914+0000: 796489.872: [PhantomReference, 0 refs, 0 refs, 0.0000239 secs]2019-02-01T01:45:14.914+0000: 796489.872: [JNI Weak Reference, 0.0000334 secs]
Desired survivor size 95420416 bytes, new threshold 1 (max 15)
[PSYoungGen: 1417591K->53680K(1399296K)] 1913638K->557193K(4470784K), 0.0266595 secs] [Times: user=0.23 sys=0.01, real=0.03 secs] 
2019-02-01T01:45:14.927+0000: 796489.885: Total time for which application threads were stopped: 0.0360467 seconds, Stopping threads took: 0.0002532 seconds
2019-02-01T01:45:18.926+0000: 796493.883: Application time: 3.9983677 seconds
2019-02-01T01:45:18.937+0000: 796493.894: Total time for which application threads were stopped: 0.0111336 seconds, Stopping threads took: 0.0002490 seconds
2019-02-01T01:45:18.938+0000: 796493.896: Application time: 0.0010945 seconds
2019-02-01T01:45:18.949+0000: 796493.907: [GC (GCLocker Initiated GC) 2019-02-01T01:45:18.962+0000: 796493.919: [SoftReference, 0 refs, 0.0000680 secs]2019-02-01T01:45:18.962+0000: 796493.919: [WeakReference, 9 refs, 0.0000131 secs]2019-02-01T01:45:18.962+0000: 796493.919: [FinalReference, 742 refs, 0.0004218 secs]2019-02-01T01:45:18.962+0000: 796493.920: [PhantomReference, 0 refs, 1 refs, 0.0000109 secs]2019-02-01T01:45:18.962+0000: 796493.920: [JNI Weak Reference, 0.0000346 secs]
Desired survivor size 94371840 bytes, new threshold 1 (max 15)
[PSYoungGen: 1385904K->40530K(1350656K)] 1892803K->550672K(4422144K), 0.0217275 secs] [Times: user=0.18 sys=0.02, real=0.02 secs] 
2019-02-01T01:45:18.971+0000: 796493.929: Total time for which application threads were stopped: 0.0329502 seconds, Stopping threads took: 0.0003040 seconds
2019-02-01T01:45:23.519+0000: 796498.477: Application time: 4.5480772 seconds
2019-02-01T01:45:23.531+0000: 796498.489: Total time for which application threads were stopped: 0.0122559 seconds, Stopping threads took: 0.0037758 seconds
2019-02-01T01:45:23.532+0000: 796498.490: Application time: 0.0009064 seconds
2019-02-01T01:45:23.545+0000: 796498.503: [GC (GCLocker Initiated GC) 2019-02-01T01:45:23.556+0000: 796498.514: [SoftReference, 0 refs, 0.0000800 secs]2019-02-01T01:45:23.557+0000: 796498.514: [WeakReference, 53 refs, 0.0000431 secs]2019-02-01T01:45:23.557+0000: 796498.514: [FinalReference, 742 refs, 0.0005219 secs]2019-02-01T01:45:23.557+0000: 796498.515: [PhantomReference, 0 refs, 3 refs, 0.0000206 secs]2019-02-01T01:45:23.557+0000: 796498.515: [JNI Weak Reference, 0.0000332 secs]
Desired survivor size 91750400 bytes, new threshold 1 (max 15)
[PSYoungGen: 1350226K->57351K(1353728K)] 1860686K->570929K(4425216K), 0.0233526 secs] [Times: user=0.20 sys=0.01, real=0.02 secs] 
2019-02-01T01:45:23.569+0000: 796498.527: Total time for which application threads were stopped: 0.0368603 seconds, Stopping threads took: 0.0047311 seconds
2019-02-01T01:45:27.831+0000: 796502.789: Application time: 4.2619478 seconds
2019-02-01T01:45:27.839+0000: 796502.797: Total time for which application threads were stopped: 0.0086746 seconds, Stopping threads took: 0.0002566 seconds
2019-02-01T01:45:27.840+0000: 796502.798: Application time: 0.0009508 seconds
2019-02-01T01:45:27.848+0000: 796502.806: [GC (GCLocker Initiated GC) 2019-02-01T01:45:27.860+0000: 796502.818: [SoftReference, 0 refs, 0.0000666 secs]2019-02-01T01:45:27.860+0000: 796502.818: [WeakReference, 16 refs, 0.0000279 secs]2019-02-01T01:45:27.860+0000: 796502.818: [FinalReference, 782 refs, 0.0006568 secs]2019-02-01T01:45:27.861+0000: 796502.819: [PhantomReference, 0 refs, 0 refs, 0.0000242 secs]2019-02-01T01:45:27.861+0000: 796502.819: [JNI Weak Reference, 0.0000317 secs]
Desired survivor size 91226112 bytes, new threshold 1 (max 15)
[PSYoungGen: 1345543K->63251K(1330688K)] 1859163K->580111K(4402176K), 0.0224989 secs] [Times: user=0.23 sys=0.01, real=0.02 secs] 
2019-02-01T01:45:27.871+0000: 796502.829: Total time for which application threads were stopped: 0.0306564 seconds, Stopping threads took: 0.0002921 seconds
2019-02-01T01:45:31.598+0000: 796506.556: Application time: 3.7268951 seconds
2019-02-01T01:45:31.604+0000: 796506.562: Total time for which application threads were stopped: 0.0057571 seconds, Stopping threads took: 0.0002193 seconds
2019-02-01T01:45:31.604+0000: 796506.562: Application time: 0.0004889 seconds
2019-02-01T01:45:31.611+0000: 796506.569: [GC (GCLocker Initiated GC) 2019-02-01T01:45:31.626+0000: 796506.583: [SoftReference, 0 refs, 0.0000428 secs]2019-02-01T01:45:31.626+0000: 796506.583: [WeakReference, 50 refs, 0.0000252 secs]2019-02-01T01:45:31.626+0000: 796506.583: [FinalReference, 632 refs, 0.0002949 secs]2019-02-01T01:45:31.626+0000: 796506.584: [PhantomReference, 0 refs, 0 refs, 0.0000093 secs]2019-02-01T01:45:31.626+0000: 796506.584: [JNI Weak Reference, 0.0000183 secs]
Desired survivor size 88080384 bytes, new threshold 1 (max 15)
[PSYoungGen: 1330451K->54759K(1309184K)] 1847324K->574822K(4380672K), 0.0233782 secs] [Times: user=0.23 sys=0.01, real=0.02 secs] 
2019-02-01T01:45:31.635+0000: 796506.593: Total time for which application threads were stopped: 0.0305567 seconds, Stopping threads took: 0.0003757 seconds
2019-02-01T01:45:35.206+0000: 796510.164: Application time: 3.5710962 seconds
2019-02-01T01:45:35.212+0000: 796510.170: Total time for which application threads were stopped: 0.0058595 seconds, Stopping threads took: 0.0001641 seconds
2019-02-01T01:45:35.212+0000: 796510.170: Application time: 0.0004543 seconds
2019-02-01T01:45:35.219+0000: 796510.176: [GC (GCLocker Initiated GC) 2019-02-01T01:45:35.231+0000: 796510.189: [SoftReference, 0 refs, 0.0000603 secs]2019-02-01T01:45:35.231+0000: 796510.189: [WeakReference, 95 refs, 0.0000583 secs]2019-02-01T01:45:35.231+0000: 796510.189: [FinalReference, 651 refs, 0.0004644 secs]2019-02-01T01:45:35.231+0000: 796510.189: [PhantomReference, 0 refs, 0 refs, 0.0000278 secs]2019-02-01T01:45:35.231+0000: 796510.189: [JNI Weak Reference, 0.0000319 secs]
Desired survivor size 86507520 bytes, new threshold 1 (max 15)
[PSYoungGen: 1301479K->48301K(1275392K)] 1826252K->579239K(4346880K), 0.0230584 secs] [Times: user=0.17 sys=0.01, real=0.02 secs] 
2019-02-01T01:45:35.242+0000: 796510.200: Total time for which application threads were stopped: 0.0296966 seconds, Stopping threads took: 0.0001983 seconds
2019-02-01T01:45:39.150+0000: 796514.108: Application time: 3.9082117 seconds
2019-02-01T01:45:39.158+0000: 796514.116: Total time for which application threads were stopped: 0.0076103 seconds, Stopping threads took: 0.0002184 seconds
2019-02-01T01:45:39.159+0000: 796514.116: Application time: 0.0008348 seconds
2019-02-01T01:45:39.166+0000: 796514.124: [GC (GCLocker Initiated GC) 2019-02-01T01:45:39.178+0000: 796514.136: [SoftReference, 0 refs, 0.0000707 secs]2019-02-01T01:45:39.178+0000: 796514.136: [WeakReference, 76 refs, 0.0000465 secs]2019-02-01T01:45:39.178+0000: 796514.136: [FinalReference, 719 refs, 0.0005721 secs]2019-02-01T01:45:39.179+0000: 796514.137: [PhantomReference, 0 refs, 0 refs, 0.0000192 secs]2019-02-01T01:45:39.179+0000: 796514.137: [JNI Weak Reference, 0.0000348 secs]
Desired survivor size 89128960 bytes, new threshold 1 (max 15)
[PSYoungGen: 1275053K->21822K(1277440K)] 1806140K->556350K(4348928K), 0.0177160 secs] [Times: user=0.14 sys=0.01, real=0.02 secs] 
2019-02-01T01:45:39.184+0000: 796514.142: Total time for which application threads were stopped: 0.0256622 seconds, Stopping threads took: 0.0002910 seconds
2019-02-01T01:45:40.367+0000: 796515.325: Application time: 1.1828340 seconds
2019-02-01T01:45:40.375+0000: 796515.333: Total time for which application threads were stopped: 0.0078521 seconds, Stopping threads took: 0.0002217 seconds
2019-02-01T01:45:42.480+0000: 796517.438: Application time: 2.1051918 seconds
2019-02-01T01:45:42.489+0000: 796517.447: Total time for which application threads were stopped: 0.0089442 seconds, Stopping threads took: 0.0002432 seconds
2019-02-01T01:45:42.490+0000: 796517.448: Application time: 0.0007708 seconds
2019-02-01T01:45:42.499+0000: 796517.457: [GC (GCLocker Initiated GC) 2019-02-01T01:45:42.515+0000: 796517.473: [SoftReference, 0 refs, 0.0000489 secs]2019-02-01T01:45:42.515+0000: 796517.473: [WeakReference, 27 refs, 0.0000182 secs]2019-02-01T01:45:42.515+0000: 796517.473: [FinalReference, 626 refs, 0.0003531 secs]2019-02-01T01:45:42.516+0000: 796517.474: [PhantomReference, 0 refs, 0 refs, 0.0000120 secs]2019-02-01T01:45:42.516+0000: 796517.474: [JNI Weak Reference, 0.0000200 secs]
Desired survivor size 92274688 bytes, new threshold 1 (max 15)
[PSYoungGen: 1229118K->69733K(1258496K)] 1763977K->608227K(4329984K), 0.0206531 secs] [Times: user=0.33 sys=0.01, real=0.02 secs] 
2019-02-01T01:45:42.520+0000: 796517.477: Total time for which application threads were stopped: 0.0296492 seconds, Stopping threads took: 0.0001563 seconds
2019-02-01T01:45:46.373+0000: 796521.331: Application time: 3.8537246 seconds
2019-02-01T01:45:46.382+0000: 796521.340: Total time for which application threads were stopped: 0.0088287 seconds, Stopping threads took: 0.0003169 seconds
2019-02-01T01:45:46.383+0000: 796521.341: Application time: 0.0007959 seconds
2019-02-01T01:45:46.392+0000: 796521.350: [GC (GCLocker Initiated GC) 2019-02-01T01:45:46.403+0000: 796521.361: [SoftReference, 0 refs, 0.0001207 secs]2019-02-01T01:45:46.403+0000: 796521.361: [WeakReference, 17 refs, 0.0000280 secs]2019-02-01T01:45:46.403+0000: 796521.361: [FinalReference, 722 refs, 0.0005365 secs]2019-02-01T01:45:46.404+0000: 796521.361: [PhantomReference, 0 refs, 0 refs, 0.0000200 secs]2019-02-01T01:45:46.404+0000: 796521.361: [JNI Weak Reference, 0.0000500 secs]
Desired survivor size 89128960 bytes, new threshold 1 (max 15)
[PSYoungGen: 1258085K->50784K(1235456K)] 1799915K->595936K(4306944K), 0.0178452 secs] [Times: user=0.18 sys=0.00, real=0.02 secs] 
2019-02-01T01:45:46.410+0000: 796521.368: Total time for which application threads were stopped: 0.0271821 seconds, Stopping threads took: 0.0005105 seconds
2019-02-01T01:45:49.871+0000: 796524.828: Application time: 3.4605132 seconds
2019-02-01T01:45:49.880+0000: 796524.837: Total time for which application threads were stopped: 0.0089458 seconds, Stopping threads took: 0.0004751 seconds
2019-02-01T01:45:49.881+0000: 796524.839: Application time: 0.0011969 seconds
2019-02-01T01:45:49.890+0000: 796524.848: [GC (GCLocker Initiated GC) 2019-02-01T01:45:49.905+0000: 796524.863: [SoftReference, 0 refs, 0.0000547 secs]2019-02-01T01:45:49.905+0000: 796524.863: [WeakReference, 74 refs, 0.0000462 secs]2019-02-01T01:45:49.905+0000: 796524.863: [FinalReference, 631 refs, 0.0003115 secs]2019-02-01T01:45:49.906+0000: 796524.863: [PhantomReference, 0 refs, 0 refs, 0.0000104 secs]2019-02-01T01:45:49.906+0000: 796524.863: [JNI Weak Reference, 0.0000194 secs]
Desired survivor size 103284736 bytes, new threshold 1 (max 15)
[PSYoungGen: 1220704K->87039K(1239040K)] 1773310K->652668K(4310528K), 0.0192231 secs] [Times: user=0.25 sys=0.01, real=0.01 secs] 
2019-02-01T01:45:49.909+0000: 796524.867: Total time for which application threads were stopped: 0.0283964 seconds, Stopping threads took: 0.0002164 seconds
2019-02-01T01:45:52.785+0000: 796527.743: Application time: 2.8761379 seconds
2019-02-01T01:45:52.794+0000: 796527.752: Total time for which application threads were stopped: 0.0089820 seconds, Stopping threads took: 0.0004756 seconds
2019-02-01T01:45:52.794+0000: 796527.752: Application time: 0.0001683 seconds
2019-02-01T01:45:52.802+0000: 796527.760: Total time for which application threads were stopped: 0.0076488 seconds, Stopping threads took: 0.0001461 seconds
2019-02-01T01:45:52.803+0000: 796527.761: Application time: 0.0007820 seconds
2019-02-01T01:45:52.815+0000: 796527.773: [GC (GCLocker Initiated GC) 2019-02-01T01:45:52.830+0000: 796527.788: [SoftReference, 0 refs, 0.0000656 secs]2019-02-01T01:45:52.831+0000: 796527.788: [WeakReference, 22 refs, 0.0000513 secs]2019-02-01T01:45:52.831+0000: 796527.788: [FinalReference, 517 refs, 0.0004433 secs]2019-02-01T01:45:52.831+0000: 796527.789: [PhantomReference, 0 refs, 0 refs, 0.0000197 secs]2019-02-01T01:45:52.831+0000: 796527.789: [JNI Weak Reference, 0.0000290 secs]
Desired survivor size 99614720 bytes, new threshold 1 (max 15)
[PSYoungGen: 1239039K->55116K(1206784K)] 1811364K->632903K(4278272K), 0.0234111 secs] [Times: user=0.28 sys=0.01, real=0.02 secs] 
2019-02-01T01:45:52.839+0000: 796527.797: Total time for which application threads were stopped: 0.0358479 seconds, Stopping threads took: 0.0047011 seconds
2019-02-01T01:45:56.309+0000: 796531.267: Application time: 3.4705442 seconds
2019-02-01T01:45:56.317+0000: 796531.275: Total time for which application threads were stopped: 0.0077700 seconds, Stopping threads took: 0.0002496 seconds
2019-02-01T01:45:56.318+0000: 796531.276: Application time: 0.0011709 seconds
2019-02-01T01:45:56.327+0000: 796531.285: [GC (GCLocker Initiated GC) 2019-02-01T01:45:56.338+0000: 796531.296: [SoftReference, 0 refs, 0.0000752 secs]2019-02-01T01:45:56.338+0000: 796531.296: [WeakReference, 22 refs, 0.0000301 secs]2019-02-01T01:45:56.338+0000: 796531.296: [FinalReference, 633 refs, 0.0004781 secs]2019-02-01T01:45:56.339+0000: 796531.296: [PhantomReference, 0 refs, 0 refs, 0.0000198 secs]2019-02-01T01:45:56.339+0000: 796531.297: [JNI Weak Reference, 0.0000334 secs]
Desired survivor size 96993280 bytes, new threshold 1 (max 15)
[PSYoungGen: 1189708K->48956K(1166848K)] 1767543K->630276K(4238336K), 0.0216688 secs] [Times: user=0.21 sys=0.01, real=0.02 secs] 
2019-02-01T01:45:56.349+0000: 796531.307: Total time for which application threads were stopped: 0.0304448 seconds, Stopping threads took: 0.0003277 seconds
2019-02-01T01:46:00.010+0000: 796534.968: Application time: 3.6615989 seconds
2019-02-01T01:46:00.016+0000: 796534.974: Total time for which application threads were stopped: 0.0054991 seconds, Stopping threads took: 0.0002246 seconds
2019-02-01T01:46:00.017+0000: 796534.974: Application time: 0.0007479 seconds
2019-02-01T01:46:00.022+0000: 796534.980: [GC (GCLocker Initiated GC) 2019-02-01T01:46:00.035+0000: 796534.993: [SoftReference, 0 refs, 0.0000615 secs]2019-02-01T01:46:00.035+0000: 796534.993: [WeakReference, 24 refs, 0.0000262 secs]2019-02-01T01:46:00.035+0000: 796534.993: [FinalReference, 678 refs, 0.0004889 secs]2019-02-01T01:46:00.035+0000: 796534.993: [PhantomReference, 0 refs, 0 refs, 0.0000193 secs]2019-02-01T01:46:00.035+0000: 796534.993: [JNI Weak Reference, 0.0000278 secs]
Desired survivor size 93323264 bytes, new threshold 1 (max 15)
[PSYoungGen: 1166652K->55680K(1172480K)] 1748024K->640485K(4243968K), 0.0209440 secs] [Times: user=0.20 sys=0.01, real=0.02 secs] 
2019-02-01T01:46:00.043+0000: 796535.001: Total time for which application threads were stopped: 0.0268518 seconds, Stopping threads took: 0.0001991 seconds
2019-02-01T01:46:03.365+0000: 796538.323: Application time: 3.3213549 seconds
2019-02-01T01:46:03.370+0000: 796538.328: Total time for which application threads were stopped: 0.0056839 seconds, Stopping threads took: 0.0002060 seconds
2019-02-01T01:46:03.371+0000: 796538.329: Application time: 0.0005010 seconds
2019-02-01T01:46:03.377+0000: 796538.335: [GC (GCLocker Initiated GC) 2019-02-01T01:46:03.391+0000: 796538.349: [SoftReference, 0 refs, 0.0000653 secs]2019-02-01T01:46:03.392+0000: 796538.349: [WeakReference, 34 refs, 0.0000388 secs]2019-02-01T01:46:03.392+0000: 796538.349: [FinalReference, 582 refs, 0.0004015 secs]2019-02-01T01:46:03.392+0000: 796538.350: [PhantomReference, 0 refs, 0 refs, 0.0000187 secs]2019-02-01T01:46:03.392+0000: 796538.350: [JNI Weak Reference, 0.0000326 secs]
Desired survivor size 100663296 bytes, new threshold 1 (max 15)
[PSYoungGen: 1156992K->84861K(1169920K)] 1741811K->672936K(4241408K), 0.0207647 secs] [Times: user=0.23 sys=0.00, real=0.02 secs] 
2019-02-01T01:46:03.398+0000: 796538.356: Total time for which application threads were stopped: 0.0268068 seconds, Stopping threads took: 0.0002452 seconds
2019-02-01T01:46:06.144+0000: 796541.102: Application time: 2.7459155 seconds
2019-02-01T01:46:06.151+0000: 796541.108: Total time for which application threads were stopped: 0.0068387 seconds, Stopping threads took: 0.0002647 seconds
2019-02-01T01:46:06.151+0000: 796541.109: Application time: 0.0002259 seconds
2019-02-01T01:46:06.157+0000: 796541.115: Total time for which application threads were stopped: 0.0065525 seconds, Stopping threads took: 0.0001360 seconds
2019-02-01T01:46:06.158+0000: 796541.115: Application time: 0.0002143 seconds
2019-02-01T01:46:06.164+0000: 796541.122: [GC (GCLocker Initiated GC) 2019-02-01T01:46:06.175+0000: 796541.133: [SoftReference, 0 refs, 0.0000601 secs]2019-02-01T01:46:06.175+0000: 796541.133: [WeakReference, 43 refs, 0.0000232 secs]2019-02-01T01:46:06.175+0000: 796541.133: [FinalReference, 534 refs, 0.0002683 secs]2019-02-01T01:46:06.176+0000: 796541.133: [PhantomReference, 0 refs, 0 refs, 0.0000105 secs]2019-02-01T01:46:06.176+0000: 796541.133: [JNI Weak Reference, 0.0000189 secs]
Desired survivor size 96468992 bytes, new threshold 1 (max 15)
[PSYoungGen: 1169789K->59548K(1140224K)] 1757871K->651327K(4211712K), 0.0155145 secs] [Times: user=0.16 sys=0.00, real=0.01 secs] 
2019-02-01T01:46:06.180+0000: 796541.138: Total time for which application threads were stopped: 0.0223301 seconds, Stopping threads took: 0.0000740 seconds
2019-02-01T01:46:09.496+0000: 796544.453: Application time: 3.3157200 seconds
2019-02-01T01:46:09.504+0000: 796544.462: Total time for which application threads were stopped: 0.0087156 seconds, Stopping threads took: 0.0002874 seconds
2019-02-01T01:46:09.505+0000: 796544.463: Application time: 0.0010691 seconds
2019-02-01T01:46:09.514+0000: 796544.472: [GC (GCLocker Initiated GC) 2019-02-01T01:46:09.528+0000: 796544.485: [SoftReference, 0 refs, 0.0000971 secs]2019-02-01T01:46:09.528+0000: 796544.485: [WeakReference, 25 refs, 0.0000309 secs]2019-02-01T01:46:09.528+0000: 796544.486: [FinalReference, 619 refs, 0.0005988 secs]2019-02-01T01:46:09.528+0000: 796544.486: [PhantomReference, 0 refs, 0 refs, 0.0000241 secs]2019-02-01T01:46:09.528+0000: 796544.486: [JNI Weak Reference, 0.0000331 secs]
Desired survivor size 100663296 bytes, new threshold 1 (max 15)
[PSYoungGen: 1128604K->78859K(1133056K)] 1720432K->674543K(4204544K), 0.0202165 secs] [Times: user=0.23 sys=0.01, real=0.02 secs] 
2019-02-01T01:46:09.534+0000: 796544.492: Total time for which application threads were stopped: 0.0290420 seconds, Stopping threads took: 0.0003141 seconds
2019-02-01T01:46:12.652+0000: 796547.610: Application time: 3.1176172 seconds
2019-02-01T01:46:12.662+0000: 796547.620: Total time for which application threads were stopped: 0.0096353 seconds, Stopping threads took: 0.0008061 seconds
2019-02-01T01:46:12.663+0000: 796547.621: Application time: 0.0011011 seconds
2019-02-01T01:46:12.672+0000: 796547.630: [GC (GCLocker Initiated GC) 2019-02-01T01:46:12.683+0000: 796547.641: [SoftReference, 0 refs, 0.0000756 secs]2019-02-01T01:46:12.683+0000: 796547.641: [WeakReference, 24 refs, 0.0000300 secs]2019-02-01T01:46:12.683+0000: 796547.641: [FinalReference, 557 refs, 0.0003860 secs]2019-02-01T01:46:12.683+0000: 796547.641: [PhantomReference, 0 refs, 1 refs, 0.0000197 secs]2019-02-01T01:46:12.683+0000: 796547.641: [JNI Weak Reference, 0.0000331 secs]
Desired survivor size 97517568 bytes, new threshold 1 (max 15)
[PSYoungGen: 1132555K->63835K(1116160K)] 1731601K->666278K(4187648K), 0.0212736 secs] [Times: user=0.21 sys=0.02, real=0.03 secs] 
2019-02-01T01:46:12.693+0000: 796547.651: Total time for which application threads were stopped: 0.0305264 seconds, Stopping threads took: 0.0002547 seconds
2019-02-01T01:46:15.586+0000: 796550.544: Application time: 2.8928579 seconds
2019-02-01T01:46:15.595+0000: 796550.553: Total time for which application threads were stopped: 0.0089238 seconds, Stopping threads took: 0.0002411 seconds
2019-02-01T01:46:15.596+0000: 796550.554: Application time: 0.0009058 seconds
2019-02-01T01:46:15.605+0000: 796550.563: [GC (GCLocker Initiated GC) 2019-02-01T01:46:15.619+0000: 796550.576: [SoftReference, 0 refs, 0.0000772 secs]2019-02-01T01:46:15.619+0000: 796550.577: [WeakReference, 61 refs, 0.0000439 secs]2019-02-01T01:46:15.619+0000: 796550.577: [FinalReference, 573 refs, 0.0003797 secs]2019-02-01T01:46:15.619+0000: 796550.577: [PhantomReference, 0 refs, 0 refs, 0.0000190 secs]2019-02-01T01:46:15.619+0000: 796550.577: [JNI Weak Reference, 0.0000324 secs]
Desired survivor size 99090432 bytes, new threshold 1 (max 15)
[PSYoungGen: 1102683K->74749K(1098752K)] 1708507K->683908K(4170240K), 0.0226719 secs] [Times: user=0.27 sys=0.01, real=0.02 secs] 
2019-02-01T01:46:15.628+0000: 796550.586: Total time for which application threads were stopped: 0.0316716 seconds, Stopping threads took: 0.0002207 seconds
2019-02-01T01:46:18.289+0000: 796553.247: Application time: 2.6614740 seconds
2019-02-01T01:46:18.298+0000: 796553.256: Total time for which application threads were stopped: 0.0085734 seconds, Stopping threads took: 0.0002850 seconds
2019-02-01T01:46:18.298+0000: 796553.256: Application time: 0.0005528 seconds
2019-02-01T01:46:18.307+0000: 796553.265: [GC (GCLocker Initiated GC) 2019-02-01T01:46:18.318+0000: 796553.276: [SoftReference, 0 refs, 0.0001426 secs]2019-02-01T01:46:18.318+0000: 796553.276: [WeakReference, 89 refs, 0.0000587 secs]2019-02-01T01:46:18.319+0000: 796553.276: [FinalReference, 532 refs, 0.0003692 secs]2019-02-01T01:46:18.319+0000: 796553.277: [PhantomReference, 0 refs, 1 refs, 0.0000198 secs]2019-02-01T01:46:18.319+0000: 796553.277: [JNI Weak Reference, 0.0000322 secs]
Desired survivor size 98041856 bytes, new threshold 1 (max 15)
[PSYoungGen: 1098749K->48422K(1090048K)] 1711250K->664402K(4161536K), 0.0215710 secs] [Times: user=0.19 sys=0.01, real=0.02 secs] 
2019-02-01T01:46:18.329+0000: 796553.287: Total time for which application threads were stopped: 0.0305260 seconds, Stopping threads took: 0.0005816 seconds
2019-02-01T01:46:21.143+0000: 796556.101: Application time: 2.8144914 seconds
2019-02-01T01:46:21.152+0000: 796556.110: Total time for which application threads were stopped: 0.0085191 seconds, Stopping threads took: 0.0002520 seconds
2019-02-01T01:46:21.153+0000: 796556.111: Application time: 0.0008048 seconds
2019-02-01T01:46:21.161+0000: 796556.119: [GC (GCLocker Initiated GC) 2019-02-01T01:46:21.171+0000: 796556.129: [SoftReference, 0 refs, 0.0000776 secs]2019-02-01T01:46:21.171+0000: 796556.129: [WeakReference, 28 refs, 0.0000408 secs]2019-02-01T01:46:21.171+0000: 796556.129: [FinalReference, 518 refs, 0.0004371 secs]2019-02-01T01:46:21.172+0000: 796556.129: [PhantomReference, 0 refs, 1 refs, 0.0000204 secs]2019-02-01T01:46:21.172+0000: 796556.129: [JNI Weak Reference, 0.0000311 secs]
Desired survivor size 98566144 bytes, new threshold 1 (max 15)
[PSYoungGen: 1058086K->39664K(1035776K)] 1674882K->660769K(4107264K), 0.0192712 secs] [Times: user=0.17 sys=0.01, real=0.02 secs] 
2019-02-01T01:46:21.180+0000: 796556.138: Total time for which application threads were stopped: 0.0275989 seconds, Stopping threads took: 0.0001975 seconds
2019-02-01T01:46:24.285+0000: 796559.243: Application time: 3.1047460 seconds
2019-02-01T01:46:24.298+0000: 796559.256: Total time for which application threads were stopped: 0.0130389 seconds, Stopping threads took: 0.0050532 seconds
2019-02-01T01:46:24.299+0000: 796559.257: Application time: 0.0013337 seconds
2019-02-01T01:46:24.308+0000: 796559.266: [GC (GCLocker Initiated GC) 2019-02-01T01:46:24.321+0000: 796559.279: [SoftReference, 0 refs, 0.0000792 secs]2019-02-01T01:46:24.321+0000: 796559.279: [WeakReference, 62 refs, 0.0000418 secs]2019-02-01T01:46:24.321+0000: 796559.279: [FinalReference, 561 refs, 0.0004212 secs]2019-02-01T01:46:24.321+0000: 796559.279: [PhantomReference, 0 refs, 1 refs, 0.0000201 secs]2019-02-01T01:46:24.321+0000: 796559.279: [JNI Weak Reference, 0.0000321 secs]
Desired survivor size 98041856 bytes, new threshold 1 (max 15)
[PSYoungGen: 1035504K->41148K(1063424K)] 1663348K->671323K(4134912K), 0.0227989 secs] [Times: user=0.15 sys=0.01, real=0.02 secs] 
2019-02-01T01:46:24.331+0000: 796559.289: Total time for which application threads were stopped: 0.0313667 seconds, Stopping threads took: 0.0002669 seconds
2019-02-01T01:46:27.429+0000: 796562.387: Application time: 3.0983617 seconds
2019-02-01T01:46:27.438+0000: 796562.396: Total time for which application threads were stopped: 0.0086734 seconds, Stopping threads took: 0.0002855 seconds
2019-02-01T01:46:27.438+0000: 796562.396: Application time: 0.0004765 seconds
2019-02-01T01:46:27.447+0000: 796562.405: [GC (GCLocker Initiated GC) 2019-02-01T01:46:27.458+0000: 796562.415: [SoftReference, 0 refs, 0.0000766 secs]2019-02-01T01:46:27.458+0000: 796562.415: [WeakReference, 23 refs, 0.0000308 secs]2019-02-01T01:46:27.458+0000: 796562.415: [FinalReference, 580 refs, 0.0004308 secs]2019-02-01T01:46:27.458+0000: 796562.416: [PhantomReference, 0 refs, 0 refs, 0.0000198 secs]2019-02-01T01:46:27.458+0000: 796562.416: [JNI Weak Reference, 0.0000327 secs]
Desired survivor size 96468992 bytes, new threshold 1 (max 15)
[PSYoungGen: 1023164K->43167K(1012224K)] 1653373K->675886K(4083712K), 0.0205381 secs] [Times: user=0.19 sys=0.01, real=0.02 secs] 
2019-02-01T01:46:27.468+0000: 796562.425: Total time for which application threads were stopped: 0.0293176 seconds, Stopping threads took: 0.0002525 seconds
2019-02-01T01:46:30.459+0000: 796565.417: Application time: 2.9914043 seconds
2019-02-01T01:46:30.468+0000: 796565.426: Total time for which application threads were stopped: 0.0090830 seconds, Stopping threads took: 0.0003720 seconds
2019-02-01T01:46:30.469+0000: 796565.427: Application time: 0.0008319 seconds
2019-02-01T01:46:30.478+0000: 796565.436: [GC (GCLocker Initiated GC) 2019-02-01T01:46:30.492+0000: 796565.450: [SoftReference, 0 refs, 0.0000635 secs]2019-02-01T01:46:30.492+0000: 796565.450: [WeakReference, 11 refs, 0.0000144 secs]2019-02-01T01:46:30.492+0000: 796565.450: [FinalReference, 534 refs, 0.0002691 secs]2019-02-01T01:46:30.492+0000: 796565.450: [PhantomReference, 0 refs, 0 refs, 0.0000102 secs]2019-02-01T01:46:30.492+0000: 796565.450: [JNI Weak Reference, 0.0000186 secs]
Desired survivor size 100139008 bytes, new threshold 1 (max 15)
[PSYoungGen: 1011871K->75285K(1044480K)] 1644615K->710695K(4115968K), 0.0184393 secs] [Times: user=0.24 sys=0.00, real=0.02 secs] 
2019-02-01T01:46:30.497+0000: 796565.455: Total time for which application threads were stopped: 0.0277699 seconds, Stopping threads took: 0.0005321 seconds
2019-02-01T01:46:32.940+0000: 796567.898: Application time: 2.4432358 seconds
2019-02-01T01:46:32.948+0000: 796567.906: Total time for which application threads were stopped: 0.0084472 seconds, Stopping threads took: 0.0001689 seconds
2019-02-01T01:46:32.949+0000: 796567.907: Application time: 0.0006805 seconds
2019-02-01T01:46:32.958+0000: 796567.915: [GC (GCLocker Initiated GC) 2019-02-01T01:46:32.970+0000: 796567.928: [SoftReference, 0 refs, 0.0000568 secs]2019-02-01T01:46:32.970+0000: 796567.928: [WeakReference, 34 refs, 0.0000184 secs]2019-02-01T01:46:32.970+0000: 796567.928: [FinalReference, 476 refs, 0.0016161 secs]2019-02-01T01:46:32.972+0000: 796567.930: [PhantomReference, 0 refs, 0 refs, 0.0000230 secs]2019-02-01T01:46:32.972+0000: 796567.930: [JNI Weak Reference, 0.0000248 secs]
Desired survivor size 98041856 bytes, new threshold 1 (max 15)
[PSYoungGen: 1031189K->63532K(1007104K)] 1666622K->701785K(4078592K), 0.0215437 secs] [Times: user=0.24 sys=0.01, real=0.02 secs] 
2019-02-01T01:46:32.979+0000: 796567.937: Total time for which application threads were stopped: 0.0301547 seconds, Stopping threads took: 0.0001785 seconds
2019-02-01T01:46:36.419+0000: 796571.377: Application time: 3.4401306 seconds
2019-02-01T01:46:36.426+0000: 796571.384: Total time for which application threads were stopped: 0.0068274 seconds, Stopping threads took: 0.0002609 seconds
2019-02-01T01:46:36.427+0000: 796571.385: Application time: 0.0009218 seconds
2019-02-01T01:46:36.435+0000: 796571.393: [GC (GCLocker Initiated GC) 2019-02-01T01:46:36.446+0000: 796571.404: [SoftReference, 0 refs, 0.0000713 secs]2019-02-01T01:46:36.446+0000: 796571.404: [WeakReference, 28 refs, 0.0000332 secs]2019-02-01T01:46:36.446+0000: 796571.404: [FinalReference, 572 refs, 0.0004068 secs]2019-02-01T01:46:36.447+0000: 796571.405: [PhantomReference, 0 refs, 0 refs, 0.0000182 secs]2019-02-01T01:46:36.447+0000: 796571.405: [JNI Weak Reference, 0.0000355 secs]
Desired survivor size 94371840 bytes, new threshold 1 (max 15)
[PSYoungGen: 1006636K->56726K(1007104K)] 1644943K->698476K(4078592K), 0.0220425 secs] [Times: user=0.19 sys=0.02, real=0.03 secs] 
2019-02-01T01:46:36.457+0000: 796571.415: Total time for which application threads were stopped: 0.0300202 seconds, Stopping threads took: 0.0002827 seconds
2019-02-01T01:46:39.326+0000: 796574.284: Application time: 2.8687739 seconds
2019-02-01T01:46:39.333+0000: 796574.290: Total time for which application threads were stopped: 0.0065575 seconds, Stopping threads took: 0.0014857 seconds
2019-02-01T01:46:39.333+0000: 796574.291: Application time: 0.0007074 seconds
2019-02-01T01:46:39.340+0000: 796574.298: [GC (GCLocker Initiated GC) 2019-02-01T01:46:39.352+0000: 796574.310: [SoftReference, 0 refs, 0.0000790 secs]2019-02-01T01:46:39.352+0000: 796574.310: [WeakReference, 23 refs, 0.0000253 secs]2019-02-01T01:46:39.352+0000: 796574.310: [FinalReference, 552 refs, 0.0004697 secs]2019-02-01T01:46:39.352+0000: 796574.310: [PhantomReference, 0 refs, 1 refs, 0.0000200 secs]2019-02-01T01:46:39.352+0000: 796574.310: [JNI Weak Reference, 0.0000323 secs]
Desired survivor size 92798976 bytes, new threshold 1 (max 15)
[PSYoungGen: 987542K->49428K(968192K)] 1635994K->701025K(4039680K), 0.0216691 secs] [Times: user=0.21 sys=0.01, real=0.02 secs] 
2019-02-01T01:46:39.362+0000: 796574.320: Total time for which application threads were stopped: 0.0284839 seconds, Stopping threads took: 0.0002689 seconds
2019-02-01T01:46:40.369+0000: 796575.326: Application time: 1.0068862 seconds
2019-02-01T01:46:40.374+0000: 796575.332: Total time for which application threads were stopped: 0.0053908 seconds, Stopping threads took: 0.0001811 seconds
2019-02-01T01:46:42.315+0000: 796577.273: Application time: 1.9412529 seconds
2019-02-01T01:46:42.321+0000: 796577.279: Total time for which application threads were stopped: 0.0053758 seconds, Stopping threads took: 0.0001984 seconds
2019-02-01T01:46:42.321+0000: 796577.279: Application time: 0.0004336 seconds
2019-02-01T01:46:42.327+0000: 796577.284: [GC (GCLocker Initiated GC) 2019-02-01T01:46:42.337+0000: 796577.295: [SoftReference, 0 refs, 0.0000565 secs]2019-02-01T01:46:42.337+0000: 796577.295: [WeakReference, 29 refs, 0.0000240 secs]2019-02-01T01:46:42.337+0000: 796577.295: [FinalReference, 506 refs, 0.0003189 secs]2019-02-01T01:46:42.338+0000: 796577.296: [PhantomReference, 0 refs, 1 refs, 0.0000139 secs]2019-02-01T01:46:42.338+0000: 796577.296: [JNI Weak Reference, 0.0000239 secs]
Desired survivor size 91226112 bytes, new threshold 1 (max 15)
[PSYoungGen: 967956K->45431K(982528K)] 1622900K->703475K(4054016K), 0.0184065 secs] [Times: user=0.18 sys=0.01, real=0.02 secs] 
2019-02-01T01:46:42.345+0000: 796577.303: Total time for which application threads were stopped: 0.0241364 seconds, Stopping threads took: 0.0003511 seconds
2019-02-01T01:46:44.928+0000: 796579.886: Application time: 2.5826616 seconds
2019-02-01T01:46:44.934+0000: 796579.891: [GC (Allocation Failure) 2019-02-01T01:46:44.946+0000: 796579.904: [SoftReference, 0 refs, 0.0000690 secs]2019-02-01T01:46:44.946+0000: 796579.904: [WeakReference, 8 refs, 0.0000190 secs]2019-02-01T01:46:44.946+0000: 796579.904: [FinalReference, 460 refs, 0.0003118 secs]2019-02-01T01:46:44.947+0000: 796579.904: [PhantomReference, 0 refs, 0 refs, 0.0000163 secs]2019-02-01T01:46:44.947+0000: 796579.905: [JNI Weak Reference, 0.0000256 secs]
Desired survivor size 88604672 bytes, new threshold 1 (max 15)
[PSYoungGen: 952183K->52693K(948224K)] 1613302K->716775K(4019712K), 0.0216255 secs] [Times: user=0.18 sys=0.00, real=0.02 secs] 
2019-02-01T01:46:44.956+0000: 796579.913: Total time for which application threads were stopped: 0.0275741 seconds, Stopping threads took: 0.0002134 seconds
2019-02-01T01:46:47.569+0000: 796582.527: Application time: 2.6138646 seconds
2019-02-01T01:46:47.575+0000: 796582.533: Total time for which application threads were stopped: 0.0059057 seconds, Stopping threads took: 0.0002727 seconds
2019-02-01T01:46:47.576+0000: 796582.534: Application time: 0.0008133 seconds
2019-02-01T01:46:47.582+0000: 796582.539: [GC (GCLocker Initiated GC) 2019-02-01T01:46:47.595+0000: 796582.553: [SoftReference, 0 refs, 0.0000542 secs]2019-02-01T01:46:47.595+0000: 796582.553: [WeakReference, 18 refs, 0.0000180 secs]2019-02-01T01:46:47.595+0000: 796582.553: [FinalReference, 471 refs, 0.0002356 secs]2019-02-01T01:46:47.596+0000: 796582.553: [PhantomReference, 0 refs, 0 refs, 0.0000094 secs]2019-02-01T01:46:47.596+0000: 796582.553: [JNI Weak Reference, 0.0000181 secs]
Desired survivor size 93323264 bytes, new threshold 1 (max 15)
[PSYoungGen: 948181K->76315K(968704K)] 1612287K->744490K(4040192K), 0.0178441 secs] [Times: user=0.25 sys=0.00, real=0.02 secs] 
2019-02-01T01:46:47.600+0000: 796582.557: Total time for which application threads were stopped: 0.0234916 seconds, Stopping threads took: 0.0002739 seconds
2019-02-01T01:46:50.414+0000: 796585.372: Application time: 2.8146119 seconds
2019-02-01T01:46:50.422+0000: 796585.380: Total time for which application threads were stopped: 0.0074675 seconds, Stopping threads took: 0.0003954 seconds
2019-02-01T01:46:50.422+0000: 796585.380: Application time: 0.0006556 seconds
2019-02-01T01:46:50.430+0000: 796585.388: [GC (GCLocker Initiated GC) 2019-02-01T01:46:50.442+0000: 796585.399: [SoftReference, 0 refs, 0.0000722 secs]2019-02-01T01:46:50.442+0000: 796585.399: [WeakReference, 18 refs, 0.0000292 secs]2019-02-01T01:46:50.442+0000: 796585.399: [FinalReference, 512 refs, 0.0003831 secs]2019-02-01T01:46:50.442+0000: 796585.400: [PhantomReference, 0 refs, 1 refs, 0.0000189 secs]2019-02-01T01:46:50.442+0000: 796585.400: [JNI Weak Reference, 0.0000324 secs]
Desired survivor size 90177536 bytes, new threshold 1 (max 15)
[PSYoungGen: 960539K->57460K(931328K)] 1628736K->729989K(4002816K), 0.0214114 secs] [Times: user=0.21 sys=0.01, real=0.02 secs] 
2019-02-01T01:46:50.452+0000: 796585.410: Total time for which application threads were stopped: 0.0293593 seconds, Stopping threads took: 0.0006800 seconds
2019-02-01T01:46:53.246+0000: 796588.204: Application time: 2.7942587 seconds
2019-02-01T01:46:53.256+0000: 796588.214: Total time for which application threads were stopped: 0.0101199 seconds, Stopping threads took: 0.0022381 seconds
2019-02-01T01:46:53.257+0000: 796588.215: Application time: 0.0012707 seconds
2019-02-01T01:46:53.265+0000: 796588.223: [GC (GCLocker Initiated GC) 2019-02-01T01:46:53.278+0000: 796588.236: [SoftReference, 0 refs, 0.0000713 secs]2019-02-01T01:46:53.278+0000: 796588.236: [WeakReference, 84 refs, 0.0000519 secs]2019-02-01T01:46:53.278+0000: 796588.236: [FinalReference, 482 refs, 0.0003780 secs]2019-02-01T01:46:53.278+0000: 796588.236: [PhantomReference, 0 refs, 2 refs, 0.0000205 secs]2019-02-01T01:46:53.278+0000: 796588.236: [JNI Weak Reference, 0.0000322 secs]
Desired survivor size 87031808 bytes, new threshold 1 (max 15)
[PSYoungGen: 930932K->58150K(933888K)] 1603507K->737331K(4005376K), 0.0229512 secs] [Times: user=0.19 sys=0.01, real=0.03 secs] 
2019-02-01T01:46:53.289+0000: 796588.246: Total time for which application threads were stopped: 0.0312346 seconds, Stopping threads took: 0.0002030 seconds
2019-02-01T01:46:55.358+0000: 796590.316: Application time: 2.0692719 seconds
2019-02-01T01:46:55.364+0000: 796590.322: Total time for which application threads were stopped: 0.0062919 seconds, Stopping threads took: 0.0006477 seconds
2019-02-01T01:46:55.365+0000: 796590.323: Application time: 0.0006135 seconds
2019-02-01T01:46:55.370+0000: 796590.328: [GC (GCLocker Initiated GC) 2019-02-01T01:46:55.382+0000: 796590.339: [SoftReference, 0 refs, 0.0000557 secs]2019-02-01T01:46:55.382+0000: 796590.339: [WeakReference, 6 refs, 0.0000113 secs]2019-02-01T01:46:55.382+0000: 796590.339: [FinalReference, 471 refs, 0.0002461 secs]2019-02-01T01:46:55.382+0000: 796590.340: [PhantomReference, 0 refs, 0 refs, 0.0000097 secs]2019-02-01T01:46:55.382+0000: 796590.340: [JNI Weak Reference, 0.0000178 secs]
Desired survivor size 88080384 bytes, new threshold 1 (max 15)
[PSYoungGen: 920870K->35994K(888320K)] 1603387K->721915K(3959808K), 0.0193842 secs] [Times: user=0.16 sys=0.01, real=0.02 secs] 
2019-02-01T01:46:55.390+0000: 796590.348: Total time for which application threads were stopped: 0.0250306 seconds, Stopping threads took: 0.0002371 seconds
2019-02-01T01:46:57.697+0000: 796592.654: Application time: 2.3068088 seconds
2019-02-01T01:46:57.703+0000: 796592.661: Total time for which application threads were stopped: 0.0065452 seconds, Stopping threads took: 0.0011902 seconds
2019-02-01T01:46:57.704+0000: 796592.662: Application time: 0.0009713 seconds
2019-02-01T01:46:57.710+0000: 796592.668: [GC (GCLocker Initiated GC) 2019-02-01T01:46:57.728+0000: 796592.685: [SoftReference, 0 refs, 0.0000500 secs]2019-02-01T01:46:57.728+0000: 796592.685: [WeakReference, 58 refs, 0.0000282 secs]2019-02-01T01:46:57.728+0000: 796592.685: [FinalReference, 0 refs, 0.0000079 secs]2019-02-01T01:46:57.728+0000: 796592.685: [PhantomReference, 0 refs, 0 refs, 0.0000092 secs]2019-02-01T01:46:57.728+0000: 796592.685: [JNI Weak Reference, 0.0000186 secs]
Desired survivor size 106954752 bytes, new threshold 1 (max 15)
[PSYoungGen: 887962K->86011K(919552K)] 1573958K->800007K(3991040K), 0.0212303 secs] [Times: user=0.36 sys=0.01, real=0.02 secs] 
2019-02-01T01:46:57.731+0000: 796592.689: Total time for which application threads were stopped: 0.0270393 seconds, Stopping threads took: 0.0001873 seconds
2019-02-01T01:46:59.464+0000: 796594.422: Application time: 1.7328350 seconds
2019-02-01T01:46:59.471+0000: 796594.429: Total time for which application threads were stopped: 0.0067893 seconds, Stopping threads took: 0.0012278 seconds
2019-02-01T01:46:59.471+0000: 796594.429: Application time: 0.0004777 seconds
2019-02-01T01:46:59.477+0000: 796594.435: [GC (GCLocker Initiated GC) 2019-02-01T01:46:59.495+0000: 796594.453: [SoftReference, 0 refs, 0.0000548 secs]2019-02-01T01:46:59.495+0000: 796594.453: [WeakReference, 39 refs, 0.0000265 secs]2019-02-01T01:46:59.495+0000: 796594.453: [FinalReference, 424 refs, 0.0002064 secs]2019-02-01T01:46:59.495+0000: 796594.453: [PhantomReference, 0 refs, 1 refs, 0.0000111 secs]2019-02-01T01:46:59.495+0000: 796594.453: [JNI Weak Reference, 0.0000185 secs]
Desired survivor size 112197632 bytes, new threshold 1 (max 15)
[PSYoungGen: 919547K->86413K(910336K)] 1633562K->840116K(3981824K), 0.0216105 secs] [Times: user=0.34 sys=0.02, real=0.02 secs] 
2019-02-01T01:46:59.499+0000: 796594.457: Total time for which application threads were stopped: 0.0274997 seconds, Stopping threads took: 0.0003334 seconds
2019-02-01T01:47:02.101+0000: 796597.059: Application time: 2.6020018 seconds
2019-02-01T01:47:02.106+0000: 796597.064: Total time for which application threads were stopped: 0.0052349 seconds, Stopping threads took: 0.0001516 seconds
2019-02-01T01:47:02.107+0000: 796597.064: Application time: 0.0004375 seconds
2019-02-01T01:47:02.112+0000: 796597.070: [GC (GCLocker Initiated GC) 2019-02-01T01:47:02.123+0000: 796597.081: [SoftReference, 0 refs, 0.0000588 secs]2019-02-01T01:47:02.123+0000: 796597.081: [WeakReference, 67 refs, 0.0000354 secs]2019-02-01T01:47:02.123+0000: 796597.081: [FinalReference, 436 refs, 0.0003015 secs]2019-02-01T01:47:02.123+0000: 796597.081: [PhantomReference, 0 refs, 0 refs, 0.0000189 secs]2019-02-01T01:47:02.123+0000: 796597.081: [JNI Weak Reference, 0.0000323 secs]
Desired survivor size 109051904 bytes, new threshold 1 (max 15)
[PSYoungGen: 910221K->55044K(907776K)] 1663940K->813256K(3979264K), 0.0164489 secs] [Times: user=0.20 sys=0.01, real=0.01 secs] 
2019-02-01T01:47:02.128+0000: 796597.086: Total time for which application threads were stopped: 0.0218878 seconds, Stopping threads took: 0.0001315 seconds
2019-02-01T01:47:05.650+0000: 796600.607: Application time: 3.5212225 seconds
2019-02-01T01:47:05.657+0000: 796600.615: [GC (Allocation Failure) 2019-02-01T01:47:05.666+0000: 796600.624: [SoftReference, 0 refs, 0.0000663 secs]2019-02-01T01:47:05.666+0000: 796600.624: [WeakReference, 18 refs, 0.0000275 secs]2019-02-01T01:47:05.666+0000: 796600.624: [FinalReference, 445 refs, 0.0003386 secs]2019-02-01T01:47:05.666+0000: 796600.624: [PhantomReference, 0 refs, 0 refs, 0.0000182 secs]2019-02-01T01:47:05.666+0000: 796600.624: [JNI Weak Reference, 0.0000586 secs]
Desired survivor size 114819072 bytes, new threshold 1 (max 15)
[PSYoungGen: 869124K->4119K(808960K)] 1627341K->767211K(3880448K), 0.0140517 secs] [Times: user=0.12 sys=0.01, real=0.02 secs] 
2019-02-01T01:47:05.671+0000: 796600.629: Total time for which application threads were stopped: 0.0214186 seconds, Stopping threads took: 0.0001667 seconds
2019-02-01T01:47:09.338+0000: 796604.295: Application time: 3.6666116 seconds
2019-02-01T01:47:09.345+0000: 796604.303: Total time for which application threads were stopped: 0.0074002 seconds, Stopping threads took: 0.0002180 seconds
2019-02-01T01:47:09.346+0000: 796604.303: Application time: 0.0004508 seconds
2019-02-01T01:47:09.354+0000: 796604.312: [GC (GCLocker Initiated GC) 2019-02-01T01:47:09.363+0000: 796604.320: [SoftReference, 0 refs, 0.0000742 secs]2019-02-01T01:47:09.363+0000: 796604.320: [WeakReference, 2 refs, 0.0000183 secs]2019-02-01T01:47:09.363+0000: 796604.320: [FinalReference, 473 refs, 0.0003454 secs]2019-02-01T01:47:09.363+0000: 796604.321: [PhantomReference, 0 refs, 0 refs, 0.0000183 secs]2019-02-01T01:47:09.363+0000: 796604.321: [JNI Weak Reference, 0.0000315 secs]
Desired survivor size 112721920 bytes, new threshold 1 (max 15)
[PSYoungGen: 807319K->38204K(893952K)] 1573732K->806006K(3965440K), 0.0168865 secs] [Times: user=0.15 sys=0.01, real=0.01 secs] 
2019-02-01T01:47:09.371+0000: 796604.329: Total time for which application threads were stopped: 0.0253670 seconds, Stopping threads took: 0.0010158 seconds
2019-02-01T01:47:11.636+0000: 796606.594: Application time: 2.2655170 seconds
2019-02-01T01:47:11.642+0000: 796606.600: Total time for which application threads were stopped: 0.0060836 seconds, Stopping threads took: 0.0005273 seconds
2019-02-01T01:47:11.643+0000: 796606.601: Application time: 0.0007653 seconds
2019-02-01T01:47:11.650+0000: 796606.608: [GC (GCLocker Initiated GC) 2019-02-01T01:47:11.663+0000: 796606.621: [SoftReference, 0 refs, 0.0000739 secs]2019-02-01T01:47:11.663+0000: 796606.621: [WeakReference, 17 refs, 0.0000264 secs]2019-02-01T01:47:11.663+0000: 796606.621: [FinalReference, 486 refs, 0.0003200 secs]2019-02-01T01:47:11.663+0000: 796606.621: [PhantomReference, 0 refs, 1 refs, 0.0000204 secs]2019-02-01T01:47:11.663+0000: 796606.621: [JNI Weak Reference, 0.0000355 secs]
Desired survivor size 112721920 bytes, new threshold 1 (max 15)
[PSYoungGen: 833340K->70420K(856576K)] 1613766K->852848K(3928064K), 0.0205890 secs] [Times: user=0.18 sys=0.01, real=0.02 secs] 
2019-02-01T01:47:11.671+0000: 796606.629: Total time for which application threads were stopped: 0.0278885 seconds, Stopping threads took: 0.0003980 seconds
2019-02-01T01:47:13.656+0000: 796608.613: Application time: 1.9844637 seconds
2019-02-01T01:47:13.664+0000: 796608.622: Total time for which application threads were stopped: 0.0086598 seconds, Stopping threads took: 0.0013820 seconds
2019-02-01T01:47:13.665+0000: 796608.622: Application time: 0.0002037 seconds
2019-02-01T01:47:13.672+0000: 796608.630: Total time for which application threads were stopped: 0.0072110 seconds, Stopping threads took: 0.0002425 seconds
2019-02-01T01:47:13.672+0000: 796608.630: Application time: 0.0002399 seconds
2019-02-01T01:47:13.677+0000: 796608.635: [GC (GCLocker Initiated GC) 2019-02-01T01:47:13.690+0000: 796608.647: [SoftReference, 0 refs, 0.0000580 secs]2019-02-01T01:47:13.690+0000: 796608.647: [WeakReference, 51 refs, 0.0000267 secs]2019-02-01T01:47:13.690+0000: 796608.647: [FinalReference, 267 refs, 0.0001344 secs]2019-02-01T01:47:13.690+0000: 796608.648: [PhantomReference, 0 refs, 1 refs, 0.0000146 secs]2019-02-01T01:47:13.690+0000: 796608.648: [JNI Weak Reference, 0.0000182 secs]
Desired survivor size 109051904 bytes, new threshold 1 (max 15)
[PSYoungGen: 856340K->48551K(871424K)] 1642110K->838564K(3942912K), 0.0215911 secs] [Times: user=0.19 sys=0.01, real=0.02 secs] 
2019-02-01T01:47:13.699+0000: 796608.657: Total time for which application threads were stopped: 0.0272670 seconds, Stopping threads took: 0.0001602 seconds
2019-02-01T01:47:16.020+0000: 796610.978: Application time: 2.3209833 seconds
2019-02-01T01:47:16.026+0000: 796610.984: Total time for which application threads were stopped: 0.0061812 seconds, Stopping threads took: 0.0003133 seconds
2019-02-01T01:47:16.027+0000: 796610.985: Application time: 0.0006353 seconds
2019-02-01T01:47:16.035+0000: 796610.993: [GC (GCLocker Initiated GC) 2019-02-01T01:47:16.050+0000: 796611.008: [SoftReference, 0 refs, 0.0000750 secs]2019-02-01T01:47:16.050+0000: 796611.008: [WeakReference, 76 refs, 0.0000443 secs]2019-02-01T01:47:16.050+0000: 796611.008: [FinalReference, 420 refs, 0.0003366 secs]2019-02-01T01:47:16.051+0000: 796611.008: [PhantomReference, 0 refs, 0 refs, 0.0000188 secs]2019-02-01T01:47:16.051+0000: 796611.009: [JNI Weak Reference, 0.0000316 secs]
Desired survivor size 107479040 bytes, new threshold 1 (max 15)
[PSYoungGen: 825767K->65796K(834560K)] 1621991K->868496K(3906048K), 0.0232983 secs] [Times: user=0.26 sys=0.00, real=0.02 secs] 
2019-02-01T01:47:16.059+0000: 796611.017: Total time for which application threads were stopped: 0.0318197 seconds, Stopping threads took: 0.0003402 seconds
2019-02-01T01:47:17.858+0000: 796612.816: Application time: 1.7993767 seconds
2019-02-01T01:47:17.867+0000: 796612.825: Total time for which application threads were stopped: 0.0084088 seconds, Stopping threads took: 0.0002523 seconds
2019-02-01T01:47:17.868+0000: 796612.826: Application time: 0.0013202 seconds
2019-02-01T01:47:17.876+0000: 796612.834: [GC (GCLocker Initiated GC) 2019-02-01T01:47:17.891+0000: 796612.849: [SoftReference, 0 refs, 0.0000680 secs]2019-02-01T01:47:17.891+0000: 796612.849: [WeakReference, 93 refs, 0.0000530 secs]2019-02-01T01:47:17.891+0000: 796612.849: [FinalReference, 497 refs, 0.0003469 secs]2019-02-01T01:47:17.892+0000: 796612.850: [PhantomReference, 0 refs, 0 refs, 0.0000191 secs]2019-02-01T01:47:17.892+0000: 796612.850: [JNI Weak Reference, 0.0000326 secs]
Desired survivor size 108527616 bytes, new threshold 1 (max 15)
[PSYoungGen: 834308K->73492K(858112K)] 1640458K->884162K(3929600K), 0.0220900 secs] [Times: user=0.24 sys=0.01, real=0.02 secs] 
2019-02-01T01:47:17.899+0000: 796612.856: Total time for which application threads were stopped: 0.0305435 seconds, Stopping threads took: 0.0001666 seconds
2019-02-01T01:47:19.704+0000: 796614.661: Application time: 1.8051033 seconds
2019-02-01T01:47:19.709+0000: 796614.667: Total time for which application threads were stopped: 0.0054540 seconds, Stopping threads took: 0.0002004 seconds
2019-02-01T01:47:19.710+0000: 796614.668: Application time: 0.0007802 seconds
2019-02-01T01:47:19.715+0000: 796614.673: [GC (GCLocker Initiated GC) 2019-02-01T01:47:19.726+0000: 796614.683: [SoftReference, 0 refs, 0.0000564 secs]2019-02-01T01:47:19.726+0000: 796614.684: [WeakReference, 37 refs, 0.0000202 secs]2019-02-01T01:47:19.726+0000: 796614.684: [FinalReference, 415 refs, 0.0002264 secs]2019-02-01T01:47:19.726+0000: 796614.684: [PhantomReference, 0 refs, 0 refs, 0.0000095 secs]2019-02-01T01:47:19.726+0000: 796614.684: [JNI Weak Reference, 0.0000183 secs]
Desired survivor size 105906176 bytes, new threshold 1 (max 15)
[PSYoungGen: 833300K->45931K(797696K)] 1644031K->861428K(3869184K), 0.0161639 secs] [Times: user=0.19 sys=0.00, real=0.01 secs] 
2019-02-01T01:47:19.732+0000: 796614.690: Total time for which application threads were stopped: 0.0218425 seconds, Stopping threads took: 0.0001932 seconds
2019-02-01T01:47:23.901+0000: 796618.859: Application time: 4.1690682 seconds
2019-02-01T01:47:23.909+0000: 796618.867: [GC (Allocation Failure) 2019-02-01T01:47:23.919+0000: 796618.877: [SoftReference, 0 refs, 0.0000861 secs]2019-02-01T01:47:23.919+0000: 796618.877: [WeakReference, 10 refs, 0.0000220 secs]2019-02-01T01:47:23.919+0000: 796618.877: [FinalReference, 447 refs, 0.0003524 secs]2019-02-01T01:47:23.920+0000: 796618.878: [PhantomReference, 0 refs, 1 refs, 0.0000195 secs]2019-02-01T01:47:23.920+0000: 796618.878: [JNI Weak Reference, 0.0000292 secs]
Desired survivor size 106430464 bytes, new threshold 1 (max 15)
[PSYoungGen: 797547K->28190K(839680K)] 1616367K->851099K(3911168K), 0.0177320 secs] [Times: user=0.17 sys=0.00, real=0.02 secs] 
2019-02-01T01:47:23.927+0000: 796618.885: Total time for which application threads were stopped: 0.0259344 seconds, Stopping threads took: 0.0002311 seconds
2019-02-01T01:47:27.359+0000: 796622.317: Application time: 3.4326271 seconds
2019-02-01T01:47:27.365+0000: 796622.323: Total time for which application threads were stopped: 0.0055289 seconds, Stopping threads took: 0.0002353 seconds
2019-02-01T01:47:27.365+0000: 796622.323: Application time: 0.0003711 seconds
2019-02-01T01:47:27.371+0000: 796622.329: [GC (GCLocker Initiated GC) 2019-02-01T01:47:27.381+0000: 796622.339: [SoftReference, 0 refs, 0.0000511 secs]2019-02-01T01:47:27.381+0000: 796622.339: [WeakReference, 14 refs, 0.0000145 secs]2019-02-01T01:47:27.381+0000: 796622.339: [FinalReference, 414 refs, 0.0003143 secs]2019-02-01T01:47:27.382+0000: 796622.340: [PhantomReference, 0 refs, 0 refs, 0.0000242 secs]2019-02-01T01:47:27.382+0000: 796622.340: [JNI Weak Reference, 0.0000933 secs]
Desired survivor size 103809024 bytes, new threshold 1 (max 15)
[PSYoungGen: 771614K->40506K(776192K)] 1594528K->865848K(3847680K), 0.0195454 secs] [Times: user=0.17 sys=0.00, real=0.02 secs] 
2019-02-01T01:47:27.391+0000: 796622.348: Total time for which application threads were stopped: 0.0253394 seconds, Stopping threads took: 0.0001670 seconds
2019-02-01T01:47:29.498+0000: 796624.456: Application time: 2.1074731 seconds
2019-02-01T01:47:29.508+0000: 796624.466: Total time for which application threads were stopped: 0.0099550 seconds, Stopping threads took: 0.0034881 seconds
2019-02-01T01:47:29.509+0000: 796624.467: Application time: 0.0008326 seconds
2019-02-01T01:47:29.515+0000: 796624.473: [GC (GCLocker Initiated GC) 2019-02-01T01:47:29.526+0000: 796624.484: [SoftReference, 0 refs, 0.0000481 secs]2019-02-01T01:47:29.526+0000: 796624.484: [WeakReference, 30 refs, 0.0000345 secs]2019-02-01T01:47:29.526+0000: 796624.484: [FinalReference, 379 refs, 0.0001729 secs]2019-02-01T01:47:29.527+0000: 796624.484: [PhantomReference, 0 refs, 1 refs, 0.0000102 secs]2019-02-01T01:47:29.527+0000: 796624.484: [JNI Weak Reference, 0.0000183 secs]
Desired survivor size 99614720 bytes, new threshold 1 (max 15)
[PSYoungGen: 775738K->48189K(813056K)] 1604440K->879666K(3884544K), 0.0191565 secs] [Times: user=0.16 sys=0.00, real=0.01 secs] 
2019-02-01T01:47:29.534+0000: 796624.492: Total time for which application threads were stopped: 0.0252520 seconds, Stopping threads took: 0.0002487 seconds
2019-02-01T01:47:31.359+0000: 796626.317: Application time: 1.8246871 seconds
2019-02-01T01:47:31.365+0000: 796626.322: Total time for which application threads were stopped: 0.0056878 seconds, Stopping threads took: 0.0004183 seconds
2019-02-01T01:47:31.365+0000: 796626.323: Application time: 0.0004824 seconds
2019-02-01T01:47:31.372+0000: 796626.330: [GC (GCLocker Initiated GC) 2019-02-01T01:47:31.384+0000: 796626.342: [SoftReference, 0 refs, 0.0000556 secs]2019-02-01T01:47:31.384+0000: 796626.342: [WeakReference, 20 refs, 0.0000276 secs]2019-02-01T01:47:31.384+0000: 796626.342: [FinalReference, 372 refs, 0.0002642 secs]2019-02-01T01:47:31.384+0000: 796626.342: [PhantomReference, 0 refs, 0 refs, 0.0000197 secs]2019-02-01T01:47:31.384+0000: 796626.342: [JNI Weak Reference, 0.0000323 secs]
Desired survivor size 100139008 bytes, new threshold 1 (max 15)
[PSYoungGen: 775741K->23506K(743424K)] 1610610K->860734K(3814912K), 0.0189059 secs] [Times: user=0.19 sys=0.02, real=0.02 secs] 
2019-02-01T01:47:31.391+0000: 796626.349: Total time for which application threads were stopped: 0.0261080 seconds, Stopping threads took: 0.0003020 seconds
2019-02-01T01:47:34.386+0000: 796629.344: Application time: 2.9952619 seconds
2019-02-01T01:47:34.394+0000: 796629.352: Total time for which application threads were stopped: 0.0072946 seconds, Stopping threads took: 0.0002255 seconds
2019-02-01T01:47:34.394+0000: 796629.352: Application time: 0.0004430 seconds
2019-02-01T01:47:34.401+0000: 796629.359: [GC (GCLocker Initiated GC) 2019-02-01T01:47:34.412+0000: 796629.370: [SoftReference, 0 refs, 0.0001819 secs]2019-02-01T01:47:34.412+0000: 796629.370: [WeakReference, 24 refs, 0.0000405 secs]2019-02-01T01:47:34.412+0000: 796629.370: [FinalReference, 385 refs, 0.0003475 secs]2019-02-01T01:47:34.413+0000: 796629.371: [PhantomReference, 0 refs, 0 refs, 0.0000258 secs]2019-02-01T01:47:34.413+0000: 796629.371: [JNI Weak Reference, 0.0000427 secs]
Desired survivor size 97517568 bytes, new threshold 1 (max 15)
[PSYoungGen: 743378K->38150K(797184K)] 1583937K->883542K(3868672K), 0.0203492 secs] [Times: user=0.16 sys=0.01, real=0.02 secs] 
2019-02-01T01:47:34.422+0000: 796629.380: Total time for which application threads were stopped: 0.0275566 seconds, Stopping threads took: 0.0002993 seconds
2019-02-01T01:47:36.487+0000: 796631.445: Application time: 2.0654446 seconds
2019-02-01T01:47:36.493+0000: 796631.451: Total time for which application threads were stopped: 0.0055947 seconds, Stopping threads took: 0.0003539 seconds
2019-02-01T01:47:36.493+0000: 796631.451: Application time: 0.0006987 seconds
2019-02-01T01:47:36.499+0000: 796631.457: [GC (GCLocker Initiated GC) 2019-02-01T01:47:36.513+0000: 796631.471: [SoftReference, 0 refs, 0.0000739 secs]2019-02-01T01:47:36.513+0000: 796631.471: [WeakReference, 22 refs, 0.0000287 secs]2019-02-01T01:47:36.513+0000: 796631.471: [FinalReference, 363 refs, 0.0002649 secs]2019-02-01T01:47:36.514+0000: 796631.471: [PhantomReference, 0 refs, 0 refs, 0.0000188 secs]2019-02-01T01:47:36.514+0000: 796631.471: [JNI Weak Reference, 0.0000334 secs]
Desired survivor size 95944704 bytes, new threshold 1 (max 15)
[PSYoungGen: 750342K->56536K(761344K)] 1599108K->907590K(3832832K), 0.0223378 secs] [Times: user=0.18 sys=0.00, real=0.02 secs] 
2019-02-01T01:47:36.521+0000: 796631.479: Total time for which application threads were stopped: 0.0279894 seconds, Stopping threads took: 0.0001867 seconds
2019-02-01T01:47:38.787+0000: 796633.745: Application time: 2.2658432 seconds
2019-02-01T01:47:38.795+0000: 796633.753: Total time for which application threads were stopped: 0.0077733 seconds, Stopping threads took: 0.0003090 seconds
2019-02-01T01:47:38.796+0000: 796633.753: Application time: 0.0004415 seconds
2019-02-01T01:47:38.803+0000: 796633.761: [GC (GCLocker Initiated GC) 2019-02-01T01:47:38.813+0000: 796633.770: [SoftReference, 0 refs, 0.0000593 secs]2019-02-01T01:47:38.813+0000: 796633.771: [WeakReference, 14 refs, 0.0000257 secs]2019-02-01T01:47:38.813+0000: 796633.771: [FinalReference, 360 refs, 0.0002594 secs]2019-02-01T01:47:38.813+0000: 796633.771: [PhantomReference, 0 refs, 0 refs, 0.0000198 secs]2019-02-01T01:47:38.813+0000: 796633.771: [JNI Weak Reference, 0.0000312 secs]
Desired survivor size 95420416 bytes, new threshold 1 (max 15)
[PSYoungGen: 761048K->25250K(782848K)] 1612112K->878653K(3854336K), 0.0172650 secs] [Times: user=0.13 sys=0.00, real=0.02 secs] 
2019-02-01T01:47:38.821+0000: 796633.778: Total time for which application threads were stopped: 0.0251046 seconds, Stopping threads took: 0.0002838 seconds
2019-02-01T01:47:40.367+0000: 796635.325: Application time: 1.5460598 seconds
2019-02-01T01:47:40.374+0000: 796635.332: Total time for which application threads were stopped: 0.0075858 seconds, Stopping threads took: 0.0001846 seconds
2019-02-01T01:47:41.219+0000: 796636.177: Application time: 0.8451236 seconds
2019-02-01T01:47:41.226+0000: 796636.184: Total time for which application threads were stopped: 0.0065161 seconds, Stopping threads took: 0.0002879 seconds
2019-02-01T01:47:41.227+0000: 796636.185: Application time: 0.0009628 seconds
2019-02-01T01:47:41.233+0000: 796636.190: [GC (GCLocker Initiated GC) 2019-02-01T01:47:41.245+0000: 796636.203: [SoftReference, 0 refs, 0.0000679 secs]2019-02-01T01:47:41.245+0000: 796636.203: [WeakReference, 7 refs, 0.0000213 secs]2019-02-01T01:47:41.245+0000: 796636.203: [FinalReference, 351 refs, 0.0002756 secs]2019-02-01T01:47:41.245+0000: 796636.203: [PhantomReference, 0 refs, 0 refs, 0.0000194 secs]2019-02-01T01:47:41.245+0000: 796636.203: [JNI Weak Reference, 0.0000419 secs]
Desired survivor size 93323264 bytes, new threshold 1 (max 15)
[PSYoungGen: 722594K->54272K(744960K)] 1576181K->910696K(3816448K), 0.0202370 secs] [Times: user=0.19 sys=0.00, real=0.02 secs] 
2019-02-01T01:47:41.253+0000: 796636.211: Total time for which application threads were stopped: 0.0261814 seconds, Stopping threads took: 0.0002016 seconds
2019-02-01T01:47:43.250+0000: 796638.208: Application time: 1.9967390 seconds
2019-02-01T01:47:43.257+0000: 796638.215: Total time for which application threads were stopped: 0.0074445 seconds, Stopping threads took: 0.0002559 seconds
2019-02-01T01:47:43.258+0000: 796638.216: Application time: 0.0008086 seconds
2019-02-01T01:47:43.266+0000: 796638.223: [GC (GCLocker Initiated GC) 2019-02-01T01:47:43.278+0000: 796638.236: [SoftReference, 0 refs, 0.0000688 secs]2019-02-01T01:47:43.278+0000: 796638.236: [WeakReference, 16 refs, 0.0000257 secs]2019-02-01T01:47:43.278+0000: 796638.236: [FinalReference, 309 refs, 0.0002366 secs]2019-02-01T01:47:43.278+0000: 796638.236: [PhantomReference, 0 refs, 0 refs, 0.0000194 secs]2019-02-01T01:47:43.278+0000: 796638.236: [JNI Weak Reference, 0.0000319 secs]
Desired survivor size 93323264 bytes, new threshold 1 (max 15)
[PSYoungGen: 744448K->59221K(766976K)] 1604219K->920837K(3838464K), 0.0200704 secs] [Times: user=0.20 sys=0.01, real=0.02 secs] 
2019-02-01T01:47:43.286+0000: 796638.244: Total time for which application threads were stopped: 0.0277033 seconds, Stopping threads took: 0.0002436 seconds
2019-02-01T01:47:45.371+0000: 796640.329: Application time: 2.0849847 seconds
2019-02-01T01:47:45.376+0000: 796640.334: Total time for which application threads were stopped: 0.0054822 seconds, Stopping threads took: 0.0001709 seconds
2019-02-01T01:47:45.376+0000: 796640.334: Application time: 0.0001471 seconds
2019-02-01T01:47:45.382+0000: 796640.340: Total time for which application threads were stopped: 0.0055415 seconds, Stopping threads took: 0.0001067 seconds
2019-02-01T01:47:45.383+0000: 796640.340: Application time: 0.0006618 seconds
2019-02-01T01:47:45.390+0000: 796640.348: [GC (GCLocker Initiated GC) 2019-02-01T01:47:45.400+0000: 796640.358: [SoftReference, 0 refs, 0.0000647 secs]2019-02-01T01:47:45.400+0000: 796640.358: [WeakReference, 19 refs, 0.0000253 secs]2019-02-01T01:47:45.400+0000: 796640.358: [FinalReference, 325 refs, 0.0002420 secs]2019-02-01T01:47:45.400+0000: 796640.358: [PhantomReference, 0 refs, 0 refs, 0.0000242 secs]2019-02-01T01:47:45.400+0000: 796640.358: [JNI Weak Reference, 0.0000381 secs]
Desired survivor size 92798976 bytes, new threshold 1 (max 15)
[PSYoungGen: 742229K->27647K(704000K)] 1613838K->904287K(3775488K), 0.0171696 secs] [Times: user=0.17 sys=0.00, real=0.02 secs] 
2019-02-01T01:47:45.408+0000: 796640.365: Total time for which application threads were stopped: 0.0248546 seconds, Stopping threads took: 0.0002689 seconds
2019-02-01T01:47:48.014+0000: 796642.972: Application time: 2.6067456 seconds
2019-02-01T01:47:48.022+0000: 796642.980: Total time for which application threads were stopped: 0.0078946 seconds, Stopping threads took: 0.0025757 seconds
2019-02-01T01:47:48.023+0000: 796642.981: Application time: 0.0006059 seconds
2019-02-01T01:47:48.028+0000: 796642.986: [GC (GCLocker Initiated GC) 2019-02-01T01:47:48.039+0000: 796642.997: [SoftReference, 0 refs, 0.0000449 secs]2019-02-01T01:47:48.039+0000: 796642.997: [WeakReference, 53 refs, 0.0000503 secs]2019-02-01T01:47:48.039+0000: 796642.997: [FinalReference, 390 refs, 0.0002754 secs]2019-02-01T01:47:48.040+0000: 796642.997: [PhantomReference, 0 refs, 1 refs, 0.0000211 secs]2019-02-01T01:47:48.040+0000: 796642.998: [JNI Weak Reference, 0.0000309 secs]
Desired survivor size 90701824 bytes, new threshold 1 (max 15)
[PSYoungGen: 703999K->32777K(749568K)] 1587294K->920147K(3821056K), 0.0193731 secs] [Times: user=0.17 sys=0.01, real=0.02 secs] 
2019-02-01T01:47:48.048+0000: 796643.006: Total time for which application threads were stopped: 0.0251690 seconds, Stopping threads took: 0.0003265 seconds
2019-02-01T01:47:50.618+0000: 796645.576: Application time: 2.5704532 seconds
2019-02-01T01:47:50.624+0000: 796645.582: Total time for which application threads were stopped: 0.0057766 seconds, Stopping threads took: 0.0001634 seconds
2019-02-01T01:47:50.624+0000: 796645.582: Application time: 0.0002208 seconds
2019-02-01T01:47:50.630+0000: 796645.588: Total time for which application threads were stopped: 0.0055196 seconds, Stopping threads took: 0.0001588 seconds
2019-02-01T01:47:50.630+0000: 796645.588: Application time: 0.0002007 seconds
2019-02-01T01:47:50.636+0000: 796645.594: [GC (GCLocker Initiated GC) 2019-02-01T01:47:50.646+0000: 796645.604: [SoftReference, 0 refs, 0.0000686 secs]2019-02-01T01:47:50.646+0000: 796645.604: [WeakReference, 4 refs, 0.0000283 secs]2019-02-01T01:47:50.646+0000: 796645.604: [FinalReference, 395 refs, 0.0002510 secs]2019-02-01T01:47:50.647+0000: 796645.605: [PhantomReference, 0 refs, 0 refs, 0.0000096 secs]2019-02-01T01:47:50.647+0000: 796645.605: [JNI Weak Reference, 0.0000184 secs]
Desired survivor size 86507520 bytes, new threshold 1 (max 15)
[PSYoungGen: 702473K->45532K(708608K)] 1593173K->940548K(3780096K), 0.0173022 secs] [Times: user=0.18 sys=0.01, real=0.02 secs] 
2019-02-01T01:47:50.653+0000: 796645.611: Total time for which application threads were stopped: 0.0230983 seconds, Stopping threads took: 0.0001314 seconds
2019-02-01T01:47:52.817+0000: 796647.775: Application time: 2.1640615 seconds
2019-02-01T01:47:52.823+0000: 796647.781: Total time for which application threads were stopped: 0.0056301 seconds, Stopping threads took: 0.0002685 seconds
2019-02-01T01:47:52.890+0000: 796647.848: Application time: 0.0670528 seconds
2019-02-01T01:47:52.896+0000: 796647.854: Total time for which application threads were stopped: 0.0059156 seconds, Stopping threads took: 0.0004674 seconds
2019-02-01T01:47:52.896+0000: 796647.854: Application time: 0.0004517 seconds
2019-02-01T01:47:52.902+0000: 796647.860: [GC (GCLocker Initiated GC) 2019-02-01T01:47:52.913+0000: 796647.871: [SoftReference, 0 refs, 0.0000725 secs]2019-02-01T01:47:52.913+0000: 796647.871: [WeakReference, 52 refs, 0.0000353 secs]2019-02-01T01:47:52.913+0000: 796647.871: [FinalReference, 396 refs, 0.0002846 secs]2019-02-01T01:47:52.913+0000: 796647.871: [PhantomReference, 0 refs, 2 refs, 0.0000206 secs]2019-02-01T01:47:52.913+0000: 796647.871: [JNI Weak Reference, 0.0000319 secs]
Desired survivor size 85458944 bytes, new threshold 1 (max 15)
[PSYoungGen: 708572K->53737K(732160K)] 1603605K->951411K(3803648K), 0.0189117 secs] [Times: user=0.18 sys=0.00, real=0.02 secs] 
2019-02-01T01:47:52.921+0000: 796647.879: Total time for which application threads were stopped: 0.0248801 seconds, Stopping threads took: 0.0003341 seconds
2019-02-01T01:47:55.579+0000: 796650.537: Application time: 2.6576840 seconds
2019-02-01T01:47:55.587+0000: 796650.545: Total time for which application threads were stopped: 0.0080258 seconds, Stopping threads took: 0.0006718 seconds
2019-02-01T01:47:55.587+0000: 796650.545: Application time: 0.0003663 seconds
2019-02-01T01:47:55.595+0000: 796650.553: [GC (GCLocker Initiated GC) 2019-02-01T01:47:55.605+0000: 796650.562: [SoftReference, 0 refs, 0.0000680 secs]2019-02-01T01:47:55.605+0000: 796650.563: [WeakReference, 25 refs, 0.0000287 secs]2019-02-01T01:47:55.605+0000: 796650.563: [FinalReference, 403 refs, 0.0002814 secs]2019-02-01T01:47:55.605+0000: 796650.563: [PhantomReference, 0 refs, 0 refs, 0.0000186 secs]2019-02-01T01:47:55.605+0000: 796650.563: [JNI Weak Reference, 0.0000311 secs]
Desired survivor size 86507520 bytes, new threshold 1 (max 15)
[PSYoungGen: 710121K->19677K(670208K)] 1608186K->921222K(3741696K), 0.0164805 secs] [Times: user=0.13 sys=0.01, real=0.02 secs] 
2019-02-01T01:47:55.612+0000: 796650.570: Total time for which application threads were stopped: 0.0245146 seconds, Stopping threads took: 0.0004017 seconds
2019-02-01T01:47:57.857+0000: 796652.814: Application time: 2.2448041 seconds
2019-02-01T01:47:57.863+0000: 796652.821: Total time for which application threads were stopped: 0.0066673 seconds, Stopping threads took: 0.0013116 seconds
2019-02-01T01:47:57.864+0000: 796652.822: Application time: 0.0004998 seconds
2019-02-01T01:47:57.870+0000: 796652.828: [GC (GCLocker Initiated GC) 2019-02-01T01:47:57.882+0000: 796652.840: [SoftReference, 0 refs, 0.0000541 secs]2019-02-01T01:47:57.882+0000: 796652.840: [WeakReference, 17 refs, 0.0000150 secs]2019-02-01T01:47:57.882+0000: 796652.840: [FinalReference, 340 refs, 0.0001740 secs]2019-02-01T01:47:57.882+0000: 796652.840: [PhantomReference, 0 refs, 1 refs, 0.0000102 secs]2019-02-01T01:47:57.882+0000: 796652.840: [JNI Weak Reference, 0.0000191 secs]
Desired survivor size 92798976 bytes, new threshold 1 (max 15)
[PSYoungGen: 669917K->71918K(728576K)] 1571500K->976442K(3800064K), 0.0156893 secs] [Times: user=0.21 sys=0.01, real=0.01 secs] 
2019-02-01T01:47:57.886+0000: 796652.843: Total time for which application threads were stopped: 0.0217716 seconds, Stopping threads took: 0.0002560 seconds
2019-02-01T01:48:00.370+0000: 796655.327: Application time: 2.4839914 seconds
2019-02-01T01:48:00.376+0000: 796655.334: Total time for which application threads were stopped: 0.0063903 seconds, Stopping threads took: 0.0001619 seconds
2019-02-01T01:48:00.376+0000: 796655.334: Application time: 0.0002584 seconds
2019-02-01T01:48:00.384+0000: 796655.341: [GC (GCLocker Initiated GC) 2019-02-01T01:48:00.393+0000: 796655.351: [SoftReference, 0 refs, 0.0000947 secs]2019-02-01T01:48:00.393+0000: 796655.351: [WeakReference, 7 refs, 0.0000282 secs]2019-02-01T01:48:00.393+0000: 796655.351: [FinalReference, 378 refs, 0.0002963 secs]2019-02-01T01:48:00.394+0000: 796655.351: [PhantomReference, 0 refs, 0 refs, 0.0000197 secs]2019-02-01T01:48:00.394+0000: 796655.351: [JNI Weak Reference, 0.0000321 secs]
Desired survivor size 89653248 bytes, new threshold 1 (max 15)
[PSYoungGen: 716014K->38842K(676864K)] 1620543K->945909K(3748352K), 0.0168865 secs] [Times: user=0.14 sys=0.01, real=0.02 secs] 
2019-02-01T01:48:00.401+0000: 796655.358: Total time for which application threads were stopped: 0.0243987 seconds, Stopping threads took: 0.0001543 seconds
2019-02-01T01:48:02.750+0000: 796657.708: Application time: 2.3490325 seconds
2019-02-01T01:48:02.759+0000: 796657.717: Total time for which application threads were stopped: 0.0092007 seconds, Stopping threads took: 0.0005302 seconds
2019-02-01T01:48:02.760+0000: 796657.718: Application time: 0.0008877 seconds
2019-02-01T01:48:02.771+0000: 796657.729: [GC (GCLocker Initiated GC) 2019-02-01T01:48:02.781+0000: 796657.739: [SoftReference, 0 refs, 0.0000557 secs]2019-02-01T01:48:02.781+0000: 796657.739: [WeakReference, 25 refs, 0.0000263 secs]2019-02-01T01:48:02.781+0000: 796657.739: [FinalReference, 377 refs, 0.0001715 secs]2019-02-01T01:48:02.781+0000: 796657.739: [PhantomReference, 0 refs, 1 refs, 0.0000102 secs]2019-02-01T01:48:02.781+0000: 796657.739: [JNI Weak Reference, 0.0000189 secs]
Desired survivor size 86507520 bytes, new threshold 1 (max 15)
[PSYoungGen: 676794K->38512K(707072K)] 1583931K->947862K(3778560K), 0.0151858 secs] [Times: user=0.14 sys=0.01, real=0.01 secs] 
2019-02-01T01:48:02.786+0000: 796657.744: Total time for which application threads were stopped: 0.0266776 seconds, Stopping threads took: 0.0030760 seconds
2019-02-01T01:48:04.877+0000: 796659.835: Application time: 2.0902839 seconds
2019-02-01T01:48:04.885+0000: 796659.843: Total time for which application threads were stopped: 0.0085669 seconds, Stopping threads took: 0.0002389 seconds
2019-02-01T01:48:04.886+0000: 796659.844: Application time: 0.0004874 seconds
2019-02-01T01:48:04.894+0000: 796659.852: [GC (GCLocker Initiated GC) 2019-02-01T01:48:04.905+0000: 796659.863: [SoftReference, 0 refs, 0.0000733 secs]2019-02-01T01:48:04.905+0000: 796659.863: [WeakReference, 1 refs, 0.0000176 secs]2019-02-01T01:48:04.905+0000: 796659.863: [FinalReference, 333 refs, 0.0002326 secs]2019-02-01T01:48:04.906+0000: 796659.863: [PhantomReference, 0 refs, 0 refs, 0.0000281 secs]2019-02-01T01:48:04.906+0000: 796659.863: [JNI Weak Reference, 0.0000334 secs]
Desired survivor size 83361792 bytes, new threshold 1 (max 15)
[PSYoungGen: 670320K->42514K(668672K)] 1579695K->954000K(3740160K), 0.0194881 secs] [Times: user=0.16 sys=0.01, real=0.02 secs] 
2019-02-01T01:48:04.914+0000: 796659.872: Total time for which application threads were stopped: 0.0283342 seconds, Stopping threads took: 0.0002026 seconds
2019-02-01T01:48:07.068+0000: 796662.026: Application time: 2.1536829 seconds
2019-02-01T01:48:07.076+0000: 796662.034: Total time for which application threads were stopped: 0.0078180 seconds, Stopping threads took: 0.0001802 seconds
2019-02-01T01:48:07.076+0000: 796662.034: Application time: 0.0004305 seconds
2019-02-01T01:48:07.083+0000: 796662.041: [GC (GCLocker Initiated GC) 2019-02-01T01:48:07.099+0000: 796662.057: [SoftReference, 0 refs, 0.0000713 secs]2019-02-01T01:48:07.099+0000: 796662.057: [WeakReference, 35 refs, 0.0000334 secs]2019-02-01T01:48:07.099+0000: 796662.057: [FinalReference, 379 refs, 0.0002581 secs]2019-02-01T01:48:07.099+0000: 796662.057: [PhantomReference, 0 refs, 0 refs, 0.0000195 secs]2019-02-01T01:48:07.099+0000: 796662.057: [JNI Weak Reference, 0.0000326 secs]
Desired survivor size 83886080 bytes, new threshold 1 (max 15)
[PSYoungGen: 668178K->57095K(696832K)] 1583057K->974542K(3768320K), 0.0204282 secs] [Times: user=0.16 sys=0.01, real=0.02 secs] 
2019-02-01T01:48:07.104+0000: 796662.062: Total time for which application threads were stopped: 0.0278733 seconds, Stopping threads took: 0.0001623 seconds
2019-02-01T01:48:08.997+0000: 796663.955: Application time: 1.8927964 seconds
2019-02-01T01:48:09.005+0000: 796663.963: Total time for which application threads were stopped: 0.0082126 seconds, Stopping threads took: 0.0002421 seconds
2019-02-01T01:48:09.006+0000: 796663.964: Application time: 0.0008219 seconds
2019-02-01T01:48:09.013+0000: 796663.971: [GC (GCLocker Initiated GC) 2019-02-01T01:48:09.021+0000: 796663.979: [SoftReference, 0 refs, 0.0000524 secs]2019-02-01T01:48:09.021+0000: 796663.979: [WeakReference, 27 refs, 0.0000169 secs]2019-02-01T01:48:09.021+0000: 796663.979: [FinalReference, 328 refs, 0.0001737 secs]2019-02-01T01:48:09.021+0000: 796663.979: [PhantomReference, 0 refs, 0 refs, 0.0000097 secs]2019-02-01T01:48:09.021+0000: 796663.979: [JNI Weak Reference, 0.0000195 secs]
Desired survivor size 84934656 bytes, new threshold 1 (max 15)
[PSYoungGen: 677127K->21353K(635904K)] 1597982K->945422K(3707392K), 0.0122527 secs] [Times: user=0.13 sys=0.01, real=0.01 secs] 
2019-02-01T01:48:09.025+0000: 796663.983: Total time for which application threads were stopped: 0.0195784 seconds, Stopping threads took: 0.0001625 seconds
2019-02-01T01:48:10.572+0000: 796665.530: Application time: 1.5463420 seconds
2019-02-01T01:48:10.580+0000: 796665.538: Total time for which application threads were stopped: 0.0087342 seconds, Stopping threads took: 0.0003107 seconds
2019-02-01T01:48:10.581+0000: 796665.539: Application time: 0.0001802 seconds
2019-02-01T01:48:10.589+0000: 796665.547: Total time for which application threads were stopped: 0.0084830 seconds, Stopping threads took: 0.0001924 seconds
2019-02-01T01:48:10.590+0000: 796665.548: Application time: 0.0013034 seconds
2019-02-01T01:48:10.599+0000: 796665.557: [GC (GCLocker Initiated GC) 2019-02-01T01:48:10.613+0000: 796665.571: [SoftReference, 0 refs, 0.0001301 secs]2019-02-01T01:48:10.613+0000: 796665.571: [WeakReference, 9 refs, 0.0000305 secs]2019-02-01T01:48:10.613+0000: 796665.571: [FinalReference, 298 refs, 0.0002099 secs]2019-02-01T01:48:10.613+0000: 796665.571: [PhantomReference, 0 refs, 0 refs, 0.0000194 secs]2019-02-01T01:48:10.613+0000: 796665.571: [JNI Weak Reference, 0.0000333 secs]
Desired survivor size 96993280 bytes, new threshold 1 (max 15)
[PSYoungGen: 635753K->82936K(685568K)] 1569396K->1019991K(3757056K), 0.0194422 secs] [Times: user=0.26 sys=0.00, real=0.02 secs] 
2019-02-01T01:48:10.619+0000: 796665.577: Total time for which application threads were stopped: 0.0281956 seconds, Stopping threads took: 0.0002101 seconds
2019-02-01T01:48:12.401+0000: 796667.359: Application time: 1.7822540 seconds
2019-02-01T01:48:12.410+0000: 796667.367: Total time for which application threads were stopped: 0.0086319 seconds, Stopping threads took: 0.0002634 seconds
2019-02-01T01:48:12.410+0000: 796667.368: Application time: 0.0008296 seconds
2019-02-01T01:48:12.419+0000: 796667.377: [GC (GCLocker Initiated GC) 2019-02-01T01:48:12.433+0000: 796667.390: [SoftReference, 0 refs, 0.0000677 secs]2019-02-01T01:48:12.433+0000: 796667.390: [WeakReference, 11 refs, 0.0000194 secs]2019-02-01T01:48:12.433+0000: 796667.390: [FinalReference, 303 refs, 0.0001810 secs]2019-02-01T01:48:12.433+0000: 796667.391: [PhantomReference, 0 refs, 0 refs, 0.0000098 secs]2019-02-01T01:48:12.433+0000: 796667.391: [JNI Weak Reference, 0.0000185 secs]
Desired survivor size 97517568 bytes, new threshold 1 (max 15)
[PSYoungGen: 685560K->61368K(658432K)] 1623043K->1005137K(3729920K), 0.0172168 secs] [Times: user=0.24 sys=0.00, real=0.02 secs] 
2019-02-01T01:48:12.436+0000: 796667.394: Total time for which application threads were stopped: 0.0259718 seconds, Stopping threads took: 0.0003473 seconds
2019-02-01T01:48:14.252+0000: 796669.210: Application time: 1.8153149 seconds
2019-02-01T01:48:14.261+0000: 796669.219: Total time for which application threads were stopped: 0.0092016 seconds, Stopping threads took: 0.0002721 seconds
2019-02-01T01:48:14.262+0000: 796669.220: Application time: 0.0007531 seconds
2019-02-01T01:48:14.271+0000: 796669.228: [GC (GCLocker Initiated GC) 2019-02-01T01:48:14.281+0000: 796669.238: [SoftReference, 0 refs, 0.0000921 secs]2019-02-01T01:48:14.281+0000: 796669.238: [WeakReference, 23 refs, 0.0000435 secs]2019-02-01T01:48:14.281+0000: 796669.239: [FinalReference, 302 refs, 0.0002703 secs]2019-02-01T01:48:14.281+0000: 796669.239: [PhantomReference, 0 refs, 0 refs, 0.0000201 secs]2019-02-01T01:48:14.281+0000: 796669.239: [JNI Weak Reference, 0.0000331 secs]
Desired survivor size 96468992 bytes, new threshold 1 (max 15)
[PSYoungGen: 658360K->26565K(679936K)] 1612314K->984194K(3751424K), 0.0153681 secs] [Times: user=0.18 sys=0.00, real=0.02 secs] 
2019-02-01T01:48:14.286+0000: 796669.244: Total time for which application threads were stopped: 0.0247430 seconds, Stopping threads took: 0.0002072 seconds
2019-02-01T01:48:16.356+0000: 796671.313: Application time: 2.0691565 seconds
2019-02-01T01:48:16.364+0000: 796671.321: Total time for which application threads were stopped: 0.0080281 seconds, Stopping threads took: 0.0002520 seconds
2019-02-01T01:48:16.365+0000: 796671.323: Application time: 0.0010819 seconds
2019-02-01T01:48:16.372+0000: 796671.330: [GC (GCLocker Initiated GC) 2019-02-01T01:48:16.388+0000: 796671.346: [SoftReference, 0 refs, 0.0000527 secs]2019-02-01T01:48:16.388+0000: 796671.346: [WeakReference, 13 refs, 0.0000210 secs]2019-02-01T01:48:16.388+0000: 796671.346: [FinalReference, 327 refs, 0.0001753 secs]2019-02-01T01:48:16.388+0000: 796671.346: [PhantomReference, 0 refs, 0 refs, 0.0000131 secs]2019-02-01T01:48:16.388+0000: 796671.346: [JNI Weak Reference, 0.0000251 secs]
Desired survivor size 94896128 bytes, new threshold 1 (max 15)
[PSYoungGen: 618437K->55458K(642560K)] 1576127K->1016617K(3714048K), 0.0215204 secs] [Times: user=0.22 sys=0.00, real=0.02 secs] 
2019-02-01T01:48:16.394+0000: 796671.352: Total time for which application threads were stopped: 0.0291380 seconds, Stopping threads took: 0.0001209 seconds
2019-02-01T01:48:18.390+0000: 796673.348: Application time: 1.9961240 seconds
2019-02-01T01:48:18.398+0000: 796673.356: Total time for which application threads were stopped: 0.0080456 seconds, Stopping threads took: 0.0002895 seconds
2019-02-01T01:48:18.399+0000: 796673.356: Application time: 0.0006220 seconds
2019-02-01T01:48:18.408+0000: 796673.365: [GC (GCLocker Initiated GC) 2019-02-01T01:48:18.417+0000: 796673.375: [SoftReference, 0 refs, 0.0000708 secs]2019-02-01T01:48:18.417+0000: 796673.375: [WeakReference, 6 refs, 0.0000212 secs]2019-02-01T01:48:18.417+0000: 796673.375: [FinalReference, 354 refs, 0.0002955 secs]2019-02-01T01:48:18.417+0000: 796673.375: [PhantomReference, 0 refs, 1 refs, 0.0000210 secs]2019-02-01T01:48:18.417+0000: 796673.375: [JNI Weak Reference, 0.0000324 secs]
Desired survivor size 94896128 bytes, new threshold 1 (max 15)
[PSYoungGen: 642210K->21569K(669184K)] 1603388K->984808K(3740672K), 0.0150361 secs] [Times: user=0.14 sys=0.01, real=0.02 secs] 
2019-02-01T01:48:18.423+0000: 796673.381: Total time for which application threads were stopped: 0.0243276 seconds, Stopping threads took: 0.0005797 seconds
2019-02-01T01:48:20.538+0000: 796675.496: Application time: 2.1153610 seconds
2019-02-01T01:48:20.549+0000: 796675.506: Total time for which application threads were stopped: 0.0102391 seconds, Stopping threads took: 0.0015935 seconds
2019-02-01T01:48:20.550+0000: 796675.508: Application time: 0.0012883 seconds
2019-02-01T01:48:20.559+0000: 796675.517: [GC (GCLocker Initiated GC) 2019-02-01T01:48:20.571+0000: 796675.529: [SoftReference, 0 refs, 0.0000747 secs]2019-02-01T01:48:20.571+0000: 796675.529: [WeakReference, 45 refs, 0.0000327 secs]2019-02-01T01:48:20.571+0000: 796675.529: [FinalReference, 326 refs, 0.0002505 secs]2019-02-01T01:48:20.572+0000: 796675.530: [PhantomReference, 0 refs, 1 refs, 0.0000203 secs]2019-02-01T01:48:20.572+0000: 796675.530: [JNI Weak Reference, 0.0000367 secs]
Desired survivor size 100139008 bytes, new threshold 1 (max 15)
[PSYoungGen: 603201K->71948K(669184K)] 1578403K->1049647K(3740672K), 0.0181530 secs] [Times: user=0.21 sys=0.00, real=0.02 secs] 
2019-02-01T01:48:20.577+0000: 796675.535: Total time for which application threads were stopped: 0.0272798 seconds, Stopping threads took: 0.0001883 seconds
2019-02-01T01:48:22.035+0000: 796676.993: Application time: 1.4578443 seconds
2019-02-01T01:48:22.042+0000: 796677.000: Total time for which application threads were stopped: 0.0073656 seconds, Stopping threads took: 0.0002430 seconds
2019-02-01T01:48:22.043+0000: 796677.001: Application time: 0.0010073 seconds
2019-02-01T01:48:22.051+0000: 796677.009: [GC (GCLocker Initiated GC) 2019-02-01T01:48:22.065+0000: 796677.023: [SoftReference, 0 refs, 0.0000530 secs]2019-02-01T01:48:22.065+0000: 796677.023: [WeakReference, 59 refs, 0.0000339 secs]2019-02-01T01:48:22.065+0000: 796677.023: [FinalReference, 264 refs, 0.0001155 secs]2019-02-01T01:48:22.065+0000: 796677.023: [PhantomReference, 0 refs, 1 refs, 0.0000106 secs]2019-02-01T01:48:22.065+0000: 796677.023: [JNI Weak Reference, 0.0000209 secs]
Desired survivor size 109576192 bytes, new threshold 1 (max 15)
[PSYoungGen: 648460K->86229K(665088K)] 1626301K->1068327K(3736576K), 0.0182407 secs] [Times: user=0.21 sys=0.01, real=0.02 secs] 
2019-02-01T01:48:22.069+0000: 796677.027: Total time for which application threads were stopped: 0.0258401 seconds, Stopping threads took: 0.0002664 seconds
2019-02-01T01:48:23.439+0000: 796678.397: Application time: 1.3700866 seconds
2019-02-01T01:48:23.449+0000: 796678.407: Total time for which application threads were stopped: 0.0094780 seconds, Stopping threads took: 0.0018644 seconds
2019-02-01T01:48:23.450+0000: 796678.408: Application time: 0.0014487 seconds
2019-02-01T01:48:23.459+0000: 796678.417: [GC (GCLocker Initiated GC) 2019-02-01T01:48:23.471+0000: 796678.428: [SoftReference, 0 refs, 0.0000586 secs]2019-02-01T01:48:23.471+0000: 796678.428: [WeakReference, 40 refs, 0.0000434 secs]2019-02-01T01:48:23.471+0000: 796678.429: [FinalReference, 349 refs, 0.0002316 secs]2019-02-01T01:48:23.471+0000: 796678.429: [PhantomReference, 0 refs, 1 refs, 0.0000195 secs]2019-02-01T01:48:23.471+0000: 796678.429: [JNI Weak Reference, 0.0000310 secs]
Desired survivor size 109576192 bytes, new threshold 1 (max 15)
[PSYoungGen: 653525K->65874K(674304K)] 1635933K->1053439K(3745792K), 0.0172925 secs] [Times: user=0.23 sys=0.01, real=0.02 secs] 
2019-02-01T01:48:23.476+0000: 796678.434: Total time for which application threads were stopped: 0.0260206 seconds, Stopping threads took: 0.0002837 seconds
2019-02-01T01:48:25.599+0000: 796680.557: Application time: 2.1226868 seconds
2019-02-01T01:48:25.605+0000: 796680.563: Total time for which application threads were stopped: 0.0057897 seconds, Stopping threads took: 0.0003677 seconds
2019-02-01T01:48:25.605+0000: 796680.563: Application time: 0.0003581 seconds
2019-02-01T01:48:25.612+0000: 796680.570: [GC (GCLocker Initiated GC) 2019-02-01T01:48:25.638+0000: 796680.596: [SoftReference, 0 refs, 0.0000534 secs]2019-02-01T01:48:25.638+0000: 796680.596: [WeakReference, 35 refs, 0.0000197 secs]2019-02-01T01:48:25.638+0000: 796680.596: [FinalReference, 354 refs, 0.0001839 secs]2019-02-01T01:48:25.639+0000: 796680.596: [PhantomReference, 0 refs, 1 refs, 0.0000104 secs]2019-02-01T01:48:25.639+0000: 796680.596: [JNI Weak Reference, 0.0000187 secs]
Desired survivor size 108003328 bytes, new threshold 1 (max 15)
[PSYoungGen: 633170K->31184K(773632K)] 1620740K->1023652K(3845120K), 0.0299080 secs] [Times: user=0.27 sys=0.24, real=0.03 secs] 
2019-02-01T01:48:25.642+0000: 796680.600: Total time for which application threads were stopped: 0.0369209 seconds, Stopping threads took: 0.0005364 seconds
2019-02-01T01:48:28.341+0000: 796683.299: Application time: 2.6989572 seconds
2019-02-01T01:48:28.348+0000: 796683.306: Total time for which application threads were stopped: 0.0067988 seconds, Stopping threads took: 0.0002961 seconds
2019-02-01T01:48:28.349+0000: 796683.306: Application time: 0.0007296 seconds
2019-02-01T01:48:28.356+0000: 796683.313: [GC (GCLocker Initiated GC) 2019-02-01T01:48:28.367+0000: 796683.325: [SoftReference, 0 refs, 0.0000848 secs]2019-02-01T01:48:28.367+0000: 796683.325: [WeakReference, 24 refs, 0.0000296 secs]2019-02-01T01:48:28.367+0000: 796683.325: [FinalReference, 390 refs, 0.0002934 secs]2019-02-01T01:48:28.368+0000: 796683.325: [PhantomReference, 0 refs, 0 refs, 0.0000291 secs]2019-02-01T01:48:28.368+0000: 796683.325: [JNI Weak Reference, 0.0000316 secs]
Desired survivor size 103809024 bytes, new threshold 1 (max 15)
[PSYoungGen: 699856K->41853K(774144K)] 1699016K->1046915K(3845632K), 0.0174669 secs] [Times: user=0.19 sys=0.00, real=0.02 secs] 
2019-02-01T01:48:28.373+0000: 796683.331: Total time for which application threads were stopped: 0.0247596 seconds, Stopping threads took: 0.0001768 seconds
2019-02-01T01:48:30.518+0000: 796685.475: Application time: 2.1442301 seconds
2019-02-01T01:48:30.523+0000: 796685.481: Total time for which application threads were stopped: 0.0055316 seconds, Stopping threads took: 0.0001424 seconds
2019-02-01T01:48:30.524+0000: 796685.482: Application time: 0.0007684 seconds
2019-02-01T01:48:30.529+0000: 796685.487: [GC (GCLocker Initiated GC) 2019-02-01T01:48:30.554+0000: 796685.512: [SoftReference, 0 refs, 0.0000593 secs]2019-02-01T01:48:30.554+0000: 796685.512: [WeakReference, 27 refs, 0.0000280 secs]2019-02-01T01:48:30.554+0000: 796685.512: [FinalReference, 286 refs, 0.0001755 secs]2019-02-01T01:48:30.555+0000: 796685.512: [PhantomReference, 0 refs, 0 refs, 0.0000096 secs]2019-02-01T01:48:30.555+0000: 796685.512: [JNI Weak Reference, 0.0000185 secs]
Desired survivor size 106430464 bytes, new threshold 1 (max 15)
[PSYoungGen: 710525K->70006K(885248K)] 1715703K->1078791K(3956736K), 0.0284376 secs] [Times: user=0.32 sys=0.12, real=0.03 secs] 
2019-02-01T01:48:30.558+0000: 796685.516: Total time for which application threads were stopped: 0.0341501 seconds, Stopping threads took: 0.0000569 seconds
2019-02-01T01:48:32.730+0000: 796687.687: Application time: 2.1715550 seconds
2019-02-01T01:48:32.738+0000: 796687.696: Total time for which application threads were stopped: 0.0087460 seconds, Stopping threads took: 0.0031686 seconds
2019-02-01T01:48:32.739+0000: 796687.697: Application time: 0.0010219 seconds
2019-02-01T01:48:32.745+0000: 796687.703: [GC (GCLocker Initiated GC) 2019-02-01T01:48:34.620+0000: 796689.577: [SoftReference, 0 refs, 0.0000576 secs]2019-02-01T01:48:34.620+0000: 796689.578: [WeakReference, 55 refs, 0.0000330 secs]2019-02-01T01:48:34.620+0000: 796689.578: [FinalReference, 392 refs, 0.0002161 secs]2019-02-01T01:48:34.620+0000: 796689.578: [PhantomReference, 0 refs, 1 refs, 0.0000104 secs]2019-02-01T01:48:34.620+0000: 796689.578: [JNI Weak Reference, 0.0000197 secs]
Desired survivor size 110100480 bytes, new threshold 1 (max 15)
[PSYoungGen: 853878K->76901K(887808K)] 1862973K->1090880K(3959296K), 1.8784838 secs] [Times: user=27.29 sys=13.76, real=1.87 secs] 
2019-02-01T01:48:34.624+0000: 796689.582: Total time for which application threads were stopped: 1.8844661 seconds, Stopping threads took: 0.0001601 seconds
2019-02-01T01:48:35.534+0000: 796690.492: Application time: 0.9100147 seconds
2019-02-01T01:48:35.543+0000: 796690.501: Total time for which application threads were stopped: 0.0088360 seconds, Stopping threads took: 0.0028412 seconds
2019-02-01T01:48:35.545+0000: 796690.502: Application time: 0.0018890 seconds
2019-02-01T01:48:35.551+0000: 796690.509: [GC (GCLocker Initiated GC) 2019-02-01T01:48:38.022+0000: 796692.980: [SoftReference, 0 refs, 0.0000472 secs]2019-02-01T01:48:38.022+0000: 796692.980: [WeakReference, 78 refs, 0.0000378 secs]2019-02-01T01:48:38.022+0000: 796692.980: [FinalReference, 441 refs, 0.0001919 secs]2019-02-01T01:48:38.023+0000: 796692.980: [PhantomReference, 0 refs, 1 refs, 0.0000105 secs]2019-02-01T01:48:38.023+0000: 796692.980: [JNI Weak Reference, 0.0000199 secs]
Desired survivor size 132120576 bytes, new threshold 1 (max 15)
[PSYoungGen: 860773K->107517K(1025536K)] 1878112K->1143749K(4097024K), 2.4747474 secs] [Times: user=25.60 sys=29.60, real=2.48 secs] 
2019-02-01T01:48:38.026+0000: 796692.984: Total time for which application threads were stopped: 2.4813808 seconds, Stopping threads took: 0.0002831 seconds
2019-02-01T01:48:39.778+0000: 796694.736: Application time: 1.7522628 seconds
2019-02-01T01:48:41.071+0000: 796696.029: Total time for which application threads were stopped: 1.2927934 seconds, Stopping threads took: 1.2850040 seconds
2019-02-01T01:48:41.080+0000: 796696.038: Application time: 0.0094090 seconds
2019-02-01T01:48:41.094+0000: 796696.052: [GC (GCLocker Initiated GC) 2019-02-01T01:48:41.117+0000: 796696.075: [SoftReference, 0 refs, 0.0000730 secs]2019-02-01T01:48:41.117+0000: 796696.075: [WeakReference, 89 refs, 0.0000559 secs]2019-02-01T01:48:41.117+0000: 796696.075: [FinalReference, 566 refs, 0.0052032 secs]2019-02-01T01:48:41.122+0000: 796696.080: [PhantomReference, 0 refs, 2 refs, 0.0000141 secs]2019-02-01T01:48:41.122+0000: 796696.080: [JNI Weak Reference, 0.0000168 secs]
Desired survivor size 136314880 bytes, new threshold 1 (max 15)
[PSYoungGen: 1025533K->90568K(1047040K)] 2081130K->1158825K(4118528K), 0.0322449 secs] [Times: user=0.21 sys=0.11, real=0.04 secs] 
2019-02-01T01:48:41.126+0000: 796696.084: Total time for which application threads were stopped: 0.0457898 seconds, Stopping threads took: 0.0040462 seconds
2019-02-01T01:48:41.154+0000: 796696.112: Application time: 0.0282345 seconds
2019-02-01T01:48:41.165+0000: 796696.123: Total time for which application threads were stopped: 0.0107809 seconds, Stopping threads took: 0.0028955 seconds
2019-02-01T01:48:43.086+0000: 796698.044: Application time: 1.9207654 seconds
2019-02-01T01:48:43.095+0000: 796698.053: Total time for which application threads were stopped: 0.0091277 seconds, Stopping threads took: 0.0004426 seconds
2019-02-01T01:48:43.096+0000: 796698.054: Application time: 0.0008388 seconds
2019-02-01T01:48:43.106+0000: 796698.063: [GC (GCLocker Initiated GC) 2019-02-01T01:48:43.125+0000: 796698.082: [SoftReference, 0 refs, 0.0000555 secs]2019-02-01T01:48:43.125+0000: 796698.082: [WeakReference, 82 refs, 0.0000380 secs]2019-02-01T01:48:43.125+0000: 796698.082: [FinalReference, 542 refs, 0.0003041 secs]2019-02-01T01:48:43.125+0000: 796698.083: [PhantomReference, 0 refs, 0 refs, 0.0000103 secs]2019-02-01T01:48:43.125+0000: 796698.083: [JNI Weak Reference, 0.0000200 secs]
Desired survivor size 132120576 bytes, new threshold 1 (max 15)
[PSYoungGen: 1008584K->47979K(1224704K)] 2080190K->1125225K(4296192K), 0.0229177 secs] [Times: user=0.25 sys=0.09, real=0.02 secs] 
2019-02-01T01:48:43.129+0000: 796698.087: Total time for which application threads were stopped: 0.0326930 seconds, Stopping threads took: 0.0001882 seconds
2019-02-01T01:48:45.828+0000: 796700.786: Application time: 2.6991515 seconds
2019-02-01T01:48:45.837+0000: 796700.795: Total time for which application threads were stopped: 0.0088974 seconds, Stopping threads took: 0.0002692 seconds
2019-02-01T01:48:45.838+0000: 796700.795: Application time: 0.0007945 seconds
2019-02-01T01:48:45.846+0000: 796700.804: [GC (GCLocker Initiated GC) 2019-02-01T01:48:45.866+0000: 796700.824: [SoftReference, 0 refs, 0.0000786 secs]2019-02-01T01:48:45.866+0000: 796700.824: [WeakReference, 16 refs, 0.0000368 secs]2019-02-01T01:48:45.866+0000: 796700.824: [FinalReference, 564 refs, 0.0004798 secs]2019-02-01T01:48:45.866+0000: 796700.824: [PhantomReference, 0 refs, 0 refs, 0.0000204 secs]2019-02-01T01:48:45.866+0000: 796700.824: [JNI Weak Reference, 0.0000337 secs]
Desired survivor size 125829120 bytes, new threshold 1 (max 15)
[PSYoungGen: 1148267K->61187K(1229312K)] 2228876K->1151295K(4300800K), 0.0256283 secs] [Times: user=0.31 sys=0.02, real=0.02 secs] 
2019-02-01T01:48:45.872+0000: 796700.830: Total time for which application threads were stopped: 0.0346581 seconds, Stopping threads took: 0.0002077 seconds
2019-02-01T01:48:47.752+0000: 796702.710: Application time: 1.8797001 seconds
2019-02-01T01:48:47.761+0000: 796702.719: Total time for which application threads were stopped: 0.0093450 seconds, Stopping threads took: 0.0002596 seconds
2019-02-01T01:48:48.725+0000: 796703.683: Application time: 0.9634995 seconds
2019-02-01T01:48:48.733+0000: 796703.691: Total time for which application threads were stopped: 0.0083611 seconds, Stopping threads took: 0.0002597 seconds
2019-02-01T01:48:48.734+0000: 796703.692: Application time: 0.0005967 seconds
2019-02-01T01:48:48.742+0000: 796703.700: [GC (GCLocker Initiated GC) 2019-02-01T01:48:50.331+0000: 796705.289: [SoftReference, 0 refs, 0.0000749 secs]2019-02-01T01:48:50.331+0000: 796705.289: [WeakReference, 53 refs, 0.0000373 secs]2019-02-01T01:48:50.331+0000: 796705.289: [FinalReference, 593 refs, 0.0003536 secs]2019-02-01T01:48:50.331+0000: 796705.289: [PhantomReference, 0 refs, 0 refs, 0.0000118 secs]2019-02-01T01:48:50.331+0000: 796705.289: [JNI Weak Reference, 0.0000204 secs]
Desired survivor size 123731968 bytes, new threshold 1 (max 15)
[PSYoungGen: 1161475K->74340K(1438208K)] 2251671K->1167220K(4509696K), 1.5928595 secs] [Times: user=30.43 sys=3.54, real=1.59 secs] 
2019-02-01T01:48:50.335+0000: 796705.293: Total time for which application threads were stopped: 1.6011367 seconds, Stopping threads took: 0.0002793 seconds
2019-02-01T01:48:53.090+0000: 796708.048: Application time: 2.7547860 seconds
2019-02-01T01:48:56.219+0000: 796711.177: [GC (Allocation Failure) 2019-02-01T01:48:58.653+0000: 796713.611: [SoftReference, 0 refs, 0.0000627 secs]2019-02-01T01:48:58.653+0000: 796713.611: [WeakReference, 30 refs, 0.0000223 secs]2019-02-01T01:48:58.653+0000: 796713.611: [FinalReference, 628 refs, 0.0003759 secs]2019-02-01T01:48:58.653+0000: 796713.611: [PhantomReference, 0 refs, 0 refs, 0.0000104 secs]2019-02-01T01:48:58.653+0000: 796713.611: [JNI Weak Reference, 0.0000190 secs]
Desired survivor size 124780544 bytes, new threshold 1 (max 15)
[PSYoungGen: 1393252K->81464K(1439744K)] 2496099K->1188292K(4511232K), 2.4384068 secs] [Times: user=28.35 sys=25.40, real=2.44 secs] 
2019-02-01T01:48:58.657+0000: 796713.615: Total time for which application threads were stopped: 5.5677705 seconds, Stopping threads took: 3.1213912 seconds
2019-02-01T01:49:01.435+0000: 796716.393: Application time: 2.7773527 seconds
2019-02-01T01:49:01.447+0000: 796716.405: Total time for which application threads were stopped: 0.0126086 seconds, Stopping threads took: 0.0036285 seconds
2019-02-01T01:49:01.449+0000: 796716.407: Application time: 0.0015608 seconds
2019-02-01T01:49:01.458+0000: 796716.416: [GC (GCLocker Initiated GC) 2019-02-01T01:49:01.482+0000: 796716.440: [SoftReference, 0 refs, 0.0000507 secs]2019-02-01T01:49:01.482+0000: 796716.440: [WeakReference, 14 refs, 0.0000158 secs]2019-02-01T01:49:01.482+0000: 796716.440: [FinalReference, 814 refs, 0.0004407 secs]2019-02-01T01:49:01.482+0000: 796716.440: [PhantomReference, 0 refs, 1 refs, 0.0000106 secs]2019-02-01T01:49:01.482+0000: 796716.440: [JNI Weak Reference, 0.0000197 secs]
Desired survivor size 122159104 bytes, new threshold 1 (max 15)
[PSYoungGen: 1400376K->73674K(1697280K)] 2507242K->1185397K(4768768K), 0.0273667 secs] [Times: user=0.30 sys=0.17, real=0.03 secs] 
2019-02-01T01:49:01.486+0000: 796716.444: Total time for which application threads were stopped: 0.0368434 seconds, Stopping threads took: 0.0003013 seconds
2019-02-01T01:49:05.296+0000: 796720.253: Application time: 3.8097251 seconds
2019-02-01T01:49:05.308+0000: 796720.266: Total time for which application threads were stopped: 0.0126107 seconds, Stopping threads took: 0.0037139 seconds
2019-02-01T01:49:05.310+0000: 796720.268: Application time: 0.0017188 seconds
2019-02-01T01:49:05.319+0000: 796720.277: [GC (GCLocker Initiated GC) 2019-02-01T01:49:07.656+0000: 796722.614: [SoftReference, 0 refs, 0.0000523 secs]2019-02-01T01:49:07.656+0000: 796722.614: [WeakReference, 56 refs, 0.0000350 secs]2019-02-01T01:49:07.656+0000: 796722.614: [FinalReference, 779 refs, 0.0004638 secs]2019-02-01T01:49:07.656+0000: 796722.614: [PhantomReference, 0 refs, 3 refs, 0.0000141 secs]2019-02-01T01:49:07.656+0000: 796722.614: [JNI Weak Reference, 0.0000216 secs]
Desired survivor size 135266304 bytes, new threshold 1 (max 15)
[PSYoungGen: 1654730K->114731K(1700352K)] 2773206K->1239442K(4771840K), 2.3409689 secs] [Times: user=31.64 sys=19.68, real=2.34 secs] 
2019-02-01T01:49:07.660+0000: 796722.618: Total time for which application threads were stopped: 2.3501631 seconds, Stopping threads took: 0.0003196 seconds
2019-02-01T01:49:10.019+0000: 796724.977: Application time: 2.3592183 seconds
2019-02-01T01:49:10.028+0000: 796724.986: Total time for which application threads were stopped: 0.0091149 seconds, Stopping threads took: 0.0002870 seconds
2019-02-01T01:49:10.030+0000: 796724.988: Application time: 0.0015053 seconds
2019-02-01T01:49:10.039+0000: 796724.997: [GC (GCLocker Initiated GC) 2019-02-01T01:49:11.224+0000: 796726.182: [SoftReference, 0 refs, 0.0000537 secs]2019-02-01T01:49:11.224+0000: 796726.182: [WeakReference, 70 refs, 0.0000412 secs]2019-02-01T01:49:11.224+0000: 796726.182: [FinalReference, 805 refs, 0.0083050 secs]2019-02-01T01:49:11.232+0000: 796726.190: [PhantomReference, 0 refs, 0 refs, 0.0000203 secs]2019-02-01T01:49:11.232+0000: 796726.190: [JNI Weak Reference, 0.0000198 secs]
Desired survivor size 144703488 bytes, new threshold 1 (max 15)
[PSYoungGen: 1695787K->112841K(1771520K)] 2820580K->1245848K(4843008K), 1.2076284 secs] [Times: user=21.57 sys=4.62, real=1.21 secs] 
2019-02-01T01:49:11.248+0000: 796726.205: Total time for which application threads were stopped: 1.2177252 seconds, Stopping threads took: 0.0002148 seconds
2019-02-01T01:49:17.625+0000: 796732.583: Application time: 6.3775442 seconds
2019-02-01T01:49:17.632+0000: 796732.590: Total time for which application threads were stopped: 0.0072341 seconds, Stopping threads took: 0.0002795 seconds
2019-02-01T01:49:17.633+0000: 796732.591: Application time: 0.0004176 seconds
2019-02-01T01:49:17.640+0000: 796732.598: [GC (GCLocker Initiated GC) 2019-02-01T01:49:17.654+0000: 796732.612: [SoftReference, 0 refs, 0.0000479 secs]2019-02-01T01:49:17.654+0000: 796732.612: [WeakReference, 22 refs, 0.0000194 secs]2019-02-01T01:49:17.655+0000: 796732.612: [FinalReference, 904 refs, 0.0005005 secs]2019-02-01T01:49:17.655+0000: 796732.613: [PhantomReference, 0 refs, 0 refs, 0.0000105 secs]2019-02-01T01:49:17.655+0000: 796732.613: [JNI Weak Reference, 0.0000202 secs]
Desired survivor size 143130624 bytes, new threshold 1 (max 15)
[PSYoungGen: 1752265K->44085K(1780736K)] 2888860K->1198173K(4852224K), 0.0184362 secs] [Times: user=0.29 sys=0.00, real=0.02 secs] 
2019-02-01T01:49:17.658+0000: 796732.616: Total time for which application threads were stopped: 0.0255686 seconds, Stopping threads took: 0.0001624 seconds
2019-02-01T01:49:32.660+0000: 796747.618: Application time: 15.0013437 seconds
2019-02-01T01:49:32.667+0000: 796747.625: Total time for which application threads were stopped: 0.0070010 seconds, Stopping threads took: 0.0002422 seconds
2019-02-01T01:49:32.667+0000: 796747.625: Application time: 0.0004373 seconds
2019-02-01T01:49:32.674+0000: 796747.632: [GC (GCLocker Initiated GC) 2019-02-01T01:49:32.694+0000: 796747.652: [SoftReference, 0 refs, 0.0000480 secs]2019-02-01T01:49:32.694+0000: 796747.652: [WeakReference, 23 refs, 0.0000244 secs]2019-02-01T01:49:32.695+0000: 796747.652: [FinalReference, 848 refs, 0.0005232 secs]2019-02-01T01:49:32.695+0000: 796747.653: [PhantomReference, 0 refs, 0 refs, 0.0000138 secs]2019-02-01T01:49:32.695+0000: 796747.653: [JNI Weak Reference, 0.0000240 secs]
Desired survivor size 140509184 bytes, new threshold 1 (max 15)
[PSYoungGen: 1683509K->48014K(1774080K)] 2837610K->1217181K(4845568K), 0.0245154 secs] [Times: user=0.37 sys=0.01, real=0.02 secs] 
2019-02-01T01:49:32.699+0000: 796747.657: Total time for which application threads were stopped: 0.0317499 seconds, Stopping threads took: 0.0001778 seconds
2019-02-01T01:49:40.370+0000: 796755.327: Application time: 7.6705925 seconds
2019-02-01T01:49:40.377+0000: 796755.335: Total time for which application threads were stopped: 0.0076085 seconds, Stopping threads took: 0.0001842 seconds
2019-02-01T01:49:44.466+0000: 796759.424: Application time: 4.0886318 seconds
2019-02-01T01:49:44.473+0000: 796759.431: Total time for which application threads were stopped: 0.0072408 seconds, Stopping threads took: 0.0002248 seconds
2019-02-01T01:49:44.473+0000: 796759.431: Application time: 0.0002770 seconds
2019-02-01T01:49:44.480+0000: 796759.438: [GC (GCLocker Initiated GC) 2019-02-01T01:49:44.489+0000: 796759.446: [SoftReference, 0 refs, 0.0000482 secs]2019-02-01T01:49:44.489+0000: 796759.446: [WeakReference, 4 refs, 0.0000104 secs]2019-02-01T01:49:44.489+0000: 796759.446: [FinalReference, 826 refs, 0.0005138 secs]2019-02-01T01:49:44.489+0000: 796759.447: [PhantomReference, 0 refs, 0 refs, 0.0000103 secs]2019-02-01T01:49:44.489+0000: 796759.447: [JNI Weak Reference, 0.0000195 secs]
Desired survivor size 145227776 bytes, new threshold 1 (max 15)
[PSYoungGen: 1688974K->5367K(1778176K)] 2858397K->1176216K(4849664K), 0.0122419 secs] [Times: user=0.13 sys=0.01, real=0.01 secs] 
2019-02-01T01:49:44.493+0000: 796759.451: Total time for which application threads were stopped: 0.0194181 seconds, Stopping threads took: 0.0001349 seconds
2019-02-01T01:49:54.849+0000: 796769.807: Application time: 10.3562392 seconds
2019-02-01T01:49:54.860+0000: 796769.818: Total time for which application threads were stopped: 0.0110474 seconds, Stopping threads took: 0.0028431 seconds
2019-02-01T01:49:54.861+0000: 796769.819: Application time: 0.0007057 seconds
2019-02-01T01:49:54.869+0000: 796769.827: [GC (GCLocker Initiated GC) 2019-02-01T01:49:54.883+0000: 796769.841: [SoftReference, 0 refs, 0.0000843 secs]2019-02-01T01:49:54.883+0000: 796769.841: [WeakReference, 56 refs, 0.0000337 secs]2019-02-01T01:49:54.883+0000: 796769.841: [FinalReference, 864 refs, 0.0004315 secs]2019-02-01T01:49:54.884+0000: 796769.842: [PhantomReference, 0 refs, 1 refs, 0.0000129 secs]2019-02-01T01:49:54.884+0000: 796769.842: [JNI Weak Reference, 0.0000199 secs]
Desired survivor size 140509184 bytes, new threshold 1 (max 15)
[PSYoungGen: 1646327K->43026K(1780224K)] 2820517K->1218433K(4851712K), 0.0178602 secs] [Times: user=0.23 sys=0.00, real=0.02 secs] 
2019-02-01T01:49:54.887+0000: 796769.845: Total time for which application threads were stopped: 0.0265369 seconds, Stopping threads took: 0.0001928 seconds
2019-02-01T01:50:06.703+0000: 796781.660: Application time: 11.8152815 seconds
2019-02-01T01:50:06.711+0000: 796781.669: Total time for which application threads were stopped: 0.0085078 seconds, Stopping threads took: 0.0001907 seconds
2019-02-01T01:50:06.712+0000: 796781.670: Application time: 0.0007488 seconds
2019-02-01T01:50:06.721+0000: 796781.679: [GC (GCLocker Initiated GC) 2019-02-01T01:50:06.731+0000: 796781.689: [SoftReference, 0 refs, 0.0000691 secs]2019-02-01T01:50:06.731+0000: 796781.689: [WeakReference, 11 refs, 0.0000236 secs]2019-02-01T01:50:06.731+0000: 796781.689: [FinalReference, 912 refs, 0.0007794 secs]2019-02-01T01:50:06.732+0000: 796781.690: [PhantomReference, 0 refs, 0 refs, 0.0000205 secs]2019-02-01T01:50:06.732+0000: 796781.690: [JNI Weak Reference, 0.0000390 secs]
Desired survivor size 140509184 bytes, new threshold 1 (max 15)
[PSYoungGen: 1686034K->18162K(1780224K)] 2864792K->1199914K(4851712K), 0.0159148 secs] [Times: user=0.16 sys=0.01, real=0.01 secs] 
2019-02-01T01:50:06.737+0000: 796781.695: Total time for which application threads were stopped: 0.0251941 seconds, Stopping threads took: 0.0003825 seconds
2019-02-01T01:50:18.996+0000: 796793.954: Application time: 12.2591593 seconds
2019-02-01T01:50:19.005+0000: 796793.963: Total time for which application threads were stopped: 0.0085825 seconds, Stopping threads took: 0.0002314 seconds
2019-02-01T01:50:19.006+0000: 796793.964: Application time: 0.0008678 seconds
2019-02-01T01:50:19.015+0000: 796793.972: [GC (GCLocker Initiated GC) 2019-02-01T01:50:19.024+0000: 796793.982: [SoftReference, 0 refs, 0.0000509 secs]2019-02-01T01:50:19.024+0000: 796793.982: [WeakReference, 4 refs, 0.0000201 secs]2019-02-01T01:50:19.024+0000: 796793.982: [FinalReference, 929 refs, 0.0007601 secs]2019-02-01T01:50:19.025+0000: 796793.983: [PhantomReference, 0 refs, 0 refs, 0.0000232 secs]2019-02-01T01:50:19.025+0000: 796793.983: [JNI Weak Reference, 0.0000366 secs]
Desired survivor size 138412032 bytes, new threshold 1 (max 15)
[PSYoungGen: 1661170K->22231K(1780736K)] 2843198K->1206136K(4852224K), 0.0155687 secs] [Times: user=0.16 sys=0.00, real=0.01 secs] 
2019-02-01T01:50:19.030+0000: 796793.988: Total time for which application threads were stopped: 0.0246642 seconds, Stopping threads took: 0.0002569 seconds
2019-02-01T01:50:30.309+0000: 796805.267: Application time: 11.2786906 seconds
2019-02-01T01:50:30.317+0000: 796805.275: Total time for which application threads were stopped: 0.0083132 seconds, Stopping threads took: 0.0003184 seconds
2019-02-01T01:50:30.318+0000: 796805.276: Application time: 0.0010789 seconds
2019-02-01T01:50:30.332+0000: 796805.289: [GC (GCLocker Initiated GC) 2019-02-01T01:50:30.344+0000: 796805.302: [SoftReference, 0 refs, 0.0000660 secs]2019-02-01T01:50:30.344+0000: 796805.302: [WeakReference, 4 refs, 0.0000206 secs]2019-02-01T01:50:30.344+0000: 796805.302: [FinalReference, 947 refs, 0.0008222 secs]2019-02-01T01:50:30.345+0000: 796805.303: [PhantomReference, 0 refs, 1 refs, 0.0000253 secs]2019-02-01T01:50:30.345+0000: 796805.303: [JNI Weak Reference, 0.0000328 secs]
Desired survivor size 135266304 bytes, new threshold 1 (max 15)
[PSYoungGen: 1669847K->22498K(1782784K)] 2857081K->1211543K(4854272K), 0.0183332 secs] [Times: user=0.17 sys=0.00, real=0.01 secs] 
2019-02-01T01:50:30.350+0000: 796805.308: Total time for which application threads were stopped: 0.0317818 seconds, Stopping threads took: 0.0051055 seconds
2019-02-01T01:50:38.356+0000: 796813.314: Application time: 8.0057148 seconds
2019-02-01T01:50:38.364+0000: 796813.322: Total time for which application threads were stopped: 0.0082806 seconds, Stopping threads took: 0.0002030 seconds
2019-02-01T01:50:38.365+0000: 796813.323: Application time: 0.0006101 seconds
2019-02-01T01:50:38.373+0000: 796813.331: [GC (GCLocker Initiated GC) 2019-02-01T01:50:38.386+0000: 796813.344: [SoftReference, 0 refs, 0.0000742 secs]2019-02-01T01:50:38.386+0000: 796813.344: [WeakReference, 53 refs, 0.0000455 secs]2019-02-01T01:50:38.387+0000: 796813.344: [FinalReference, 789 refs, 0.0006197 secs]2019-02-01T01:50:38.387+0000: 796813.345: [PhantomReference, 0 refs, 0 refs, 0.0000196 secs]2019-02-01T01:50:38.387+0000: 796813.345: [JNI Weak Reference, 0.0000330 secs]
Desired survivor size 128450560 bytes, new threshold 1 (max 15)
[PSYoungGen: 1670114K->41513K(1774592K)] 2865820K->1240702K(4846080K), 0.0187683 secs] [Times: user=0.22 sys=0.00, real=0.01 secs] 
2019-02-01T01:50:38.392+0000: 796813.350: Total time for which application threads were stopped: 0.0274024 seconds, Stopping threads took: 0.0002764 seconds
2019-02-01T01:50:40.367+0000: 796815.325: Application time: 1.9745165 seconds
2019-02-01T01:50:40.376+0000: 796815.333: Total time for which application threads were stopped: 0.0087191 seconds, Stopping threads took: 0.0001813 seconds
2019-02-01T01:50:46.042+0000: 796821.000: Application time: 5.6662121 seconds
2019-02-01T01:50:46.053+0000: 796821.010: Total time for which application threads were stopped: 0.0108910 seconds, Stopping threads took: 0.0025389 seconds
2019-02-01T01:50:46.054+0000: 796821.011: Application time: 0.0009658 seconds
2019-02-01T01:50:46.062+0000: 796821.020: [GC (GCLocker Initiated GC) 2019-02-01T01:50:46.072+0000: 796821.030: [SoftReference, 0 refs, 0.0000517 secs]2019-02-01T01:50:46.072+0000: 796821.030: [WeakReference, 3 refs, 0.0000156 secs]2019-02-01T01:50:46.072+0000: 796821.030: [FinalReference, 889 refs, 0.0031949 secs]2019-02-01T01:50:46.076+0000: 796821.033: [PhantomReference, 0 refs, 2 refs, 0.0000190 secs]2019-02-01T01:50:46.076+0000: 796821.033: [JNI Weak Reference, 0.0000464 secs]
Desired survivor size 123731968 bytes, new threshold 1 (max 15)
[PSYoungGen: 1696297K->33152K(1780224K)] 2902147K->1242112K(4851712K), 0.0174154 secs] [Times: user=0.16 sys=0.01, real=0.02 secs] 
2019-02-01T01:50:46.080+0000: 796821.037: Total time for which application threads were stopped: 0.0259300 seconds, Stopping threads took: 0.0003899 seconds
2019-02-01T01:50:53.461+0000: 796828.419: Application time: 7.3817601 seconds
2019-02-01T01:50:53.470+0000: 796828.428: Total time for which application threads were stopped: 0.0090431 seconds, Stopping threads took: 0.0006067 seconds
2019-02-01T01:50:53.472+0000: 796828.430: Application time: 0.0013198 seconds
2019-02-01T01:50:53.480+0000: 796828.438: [GC (GCLocker Initiated GC) 2019-02-01T01:50:53.492+0000: 796828.450: [SoftReference, 0 refs, 0.0000601 secs]2019-02-01T01:50:53.492+0000: 796828.450: [WeakReference, 84 refs, 0.0000434 secs]2019-02-01T01:50:53.492+0000: 796828.450: [FinalReference, 803 refs, 0.0004480 secs]2019-02-01T01:50:53.493+0000: 796828.451: [PhantomReference, 0 refs, 1 refs, 0.0000109 secs]2019-02-01T01:50:53.493+0000: 796828.451: [JNI Weak Reference, 0.0000192 secs]
Desired survivor size 116391936 bytes, new threshold 1 (max 15)
[PSYoungGen: 1687936K->46772K(1781248K)] 2900288K->1262501K(4852736K), 0.0157657 secs] [Times: user=0.23 sys=0.00, real=0.02 secs] 
2019-02-01T01:50:53.496+0000: 796828.454: Total time for which application threads were stopped: 0.0245481 seconds, Stopping threads took: 0.0001772 seconds
2019-02-01T01:51:00.553+0000: 796835.511: Application time: 7.0567352 seconds
2019-02-01T01:51:00.562+0000: 796835.520: Total time for which application threads were stopped: 0.0089092 seconds, Stopping threads took: 0.0002867 seconds
2019-02-01T01:51:00.563+0000: 796835.521: Application time: 0.0009204 seconds
2019-02-01T01:51:00.572+0000: 796835.529: [GC (GCLocker Initiated GC) 2019-02-01T01:51:00.590+0000: 796835.548: [SoftReference, 0 refs, 0.0000542 secs]2019-02-01T01:51:00.590+0000: 796835.548: [WeakReference, 5 refs, 0.0000112 secs]2019-02-01T01:51:00.590+0000: 796835.548: [FinalReference, 935 refs, 0.0004505 secs]2019-02-01T01:51:00.591+0000: 796835.549: [PhantomReference, 0 refs, 0 refs, 0.0000100 secs]2019-02-01T01:51:00.591+0000: 796835.549: [JNI Weak Reference, 0.0000195 secs]
Desired survivor size 122159104 bytes, new threshold 1 (max 15)
[PSYoungGen: 1722548K->80185K(1789440K)] 2941650K->1301426K(4860928K), 0.0226746 secs] [Times: user=0.37 sys=0.01, real=0.02 secs] 
2019-02-01T01:51:00.595+0000: 796835.552: Total time for which application threads were stopped: 0.0316779 seconds, Stopping threads took: 0.0002511 seconds
2019-02-01T01:51:06.758+0000: 796841.715: Application time: 6.1631637 seconds
2019-02-01T01:51:06.766+0000: 796841.724: Total time for which application threads were stopped: 0.0085141 seconds, Stopping threads took: 0.0002020 seconds
2019-02-01T01:51:06.767+0000: 796841.725: Application time: 0.0011940 seconds
2019-02-01T01:51:06.776+0000: 796841.734: [GC (GCLocker Initiated GC) 2019-02-01T01:51:06.788+0000: 796841.745: [SoftReference, 0 refs, 0.0000485 secs]2019-02-01T01:51:06.788+0000: 796841.745: [WeakReference, 6 refs, 0.0000122 secs]2019-02-01T01:51:06.788+0000: 796841.746: [FinalReference, 834 refs, 0.0004153 secs]2019-02-01T01:51:06.788+0000: 796841.746: [PhantomReference, 0 refs, 0 refs, 0.0000103 secs]2019-02-01T01:51:06.788+0000: 796841.746: [JNI Weak Reference, 0.0000190 secs]
Desired survivor size 117440512 bytes, new threshold 1 (max 15)
[PSYoungGen: 1755961K->37465K(1803776K)] 2977253K->1266700K(4875264K), 0.0153685 secs] [Times: user=0.20 sys=0.01, real=0.02 secs] 
2019-02-01T01:51:06.792+0000: 796841.749: Total time for which application threads were stopped: 0.0241836 seconds, Stopping threads took: 0.0002722 seconds
2019-02-01T01:51:13.878+0000: 796848.836: Application time: 7.0868739 seconds
2019-02-01T01:51:13.887+0000: 796848.845: Total time for which application threads were stopped: 0.0090553 seconds, Stopping threads took: 0.0003817 seconds
2019-02-01T01:51:13.888+0000: 796848.846: Application time: 0.0005242 seconds
2019-02-01T01:51:13.897+0000: 796848.855: [GC (GCLocker Initiated GC) 2019-02-01T01:51:13.912+0000: 796848.870: [SoftReference, 0 refs, 0.0000553 secs]2019-02-01T01:51:13.912+0000: 796848.870: [WeakReference, 30 refs, 0.0000235 secs]2019-02-01T01:51:13.912+0000: 796848.870: [FinalReference, 767 refs, 0.0004009 secs]2019-02-01T01:51:13.913+0000: 796848.871: [PhantomReference, 0 refs, 0 refs, 0.0000104 secs]2019-02-01T01:51:13.913+0000: 796848.871: [JNI Weak Reference, 0.0000199 secs]
Desired survivor size 113246208 bytes, new threshold 1 (max 15)
[PSYoungGen: 1725529K->56792K(1711616K)] 2958093K->1292724K(4783104K), 0.0226994 secs] [Times: user=0.29 sys=0.00, real=0.03 secs] 
2019-02-01T01:51:13.920+0000: 796848.878: Total time for which application threads were stopped: 0.0319496 seconds, Stopping threads took: 0.0002536 seconds
2019-02-01T01:51:22.456+0000: 796857.414: Application time: 8.5359695 seconds
2019-02-01T01:51:22.465+0000: 796857.423: Total time for which application threads were stopped: 0.0087585 seconds, Stopping threads took: 0.0002655 seconds
2019-02-01T01:51:22.466+0000: 796857.424: Application time: 0.0009969 seconds
2019-02-01T01:51:22.474+0000: 796857.432: [GC (GCLocker Initiated GC) 2019-02-01T01:51:22.490+0000: 796857.448: [SoftReference, 0 refs, 0.0000758 secs]2019-02-01T01:51:22.490+0000: 796857.448: [WeakReference, 5 refs, 0.0000202 secs]2019-02-01T01:51:22.490+0000: 796857.448: [FinalReference, 811 refs, 0.0007386 secs]2019-02-01T01:51:22.491+0000: 796857.449: [PhantomReference, 0 refs, 0 refs, 0.0000237 secs]2019-02-01T01:51:22.491+0000: 796857.449: [JNI Weak Reference, 0.0000334 secs]
Desired survivor size 113246208 bytes, new threshold 1 (max 15)
[PSYoungGen: 1711576K->15687K(1700864K)] 2950978K->1258243K(4772352K), 0.0282396 secs] [Times: user=0.27 sys=0.01, real=0.03 secs] 
2019-02-01T01:51:22.503+0000: 796857.461: Total time for which application threads were stopped: 0.0371703 seconds, Stopping threads took: 0.0002810 seconds
2019-02-01T01:51:29.213+0000: 796864.171: Application time: 6.7099419 seconds
2019-02-01T01:51:29.222+0000: 796864.180: Total time for which application threads were stopped: 0.0094657 seconds, Stopping threads took: 0.0010212 seconds
2019-02-01T01:51:29.795+0000: 796864.753: Application time: 0.5725951 seconds
2019-02-01T01:51:29.803+0000: 796864.761: Total time for which application threads were stopped: 0.0080707 seconds, Stopping threads took: 0.0001581 seconds
2019-02-01T01:51:29.804+0000: 796864.762: Application time: 0.0007394 seconds
2019-02-01T01:51:29.813+0000: 796864.770: [GC (GCLocker Initiated GC) 2019-02-01T01:51:29.821+0000: 796864.779: [SoftReference, 0 refs, 0.0000524 secs]2019-02-01T01:51:29.821+0000: 796864.779: [WeakReference, 1 refs, 0.0000096 secs]2019-02-01T01:51:29.821+0000: 796864.779: [FinalReference, 813 refs, 0.0003944 secs]2019-02-01T01:51:29.822+0000: 796864.780: [PhantomReference, 0 refs, 0 refs, 0.0000100 secs]2019-02-01T01:51:29.822+0000: 796864.780: [JNI Weak Reference, 0.0000188 secs]
Desired survivor size 112197632 bytes, new threshold 1 (max 15)
[PSYoungGen: 1638215K->16892K(1608192K)] 2884110K->1265365K(4679680K), 0.0172485 secs] [Times: user=0.16 sys=0.00, real=0.01 secs] 
2019-02-01T01:51:29.830+0000: 796864.788: Total time for which application threads were stopped: 0.0262057 seconds, Stopping threads took: 0.0001971 seconds
2019-02-01T01:51:36.507+0000: 796871.465: Application time: 6.6768950 seconds
2019-02-01T01:51:36.514+0000: 796871.472: Total time for which application threads were stopped: 0.0072907 seconds, Stopping threads took: 0.0001757 seconds
2019-02-01T01:51:36.515+0000: 796871.473: Application time: 0.0007016 seconds
2019-02-01T01:51:36.522+0000: 796871.480: [GC (GCLocker Initiated GC) 2019-02-01T01:51:36.533+0000: 796871.491: [SoftReference, 0 refs, 0.0000537 secs]2019-02-01T01:51:36.533+0000: 796871.491: [WeakReference, 17 refs, 0.0000177 secs]2019-02-01T01:51:36.533+0000: 796871.491: [FinalReference, 834 refs, 0.0005336 secs]2019-02-01T01:51:36.534+0000: 796871.491: [PhantomReference, 0 refs, 0 refs, 0.0000193 secs]2019-02-01T01:51:36.534+0000: 796871.491: [JNI Weak Reference, 0.0000290 secs]
Desired survivor size 110624768 bytes, new threshold 1 (max 15)
[PSYoungGen: 1608188K->57778K(1637376K)] 2860001K->1313085K(4708864K), 0.0221204 secs] [Times: user=0.21 sys=0.02, real=0.02 secs] 
2019-02-01T01:51:36.544+0000: 796871.502: Total time for which application threads were stopped: 0.0292356 seconds, Stopping threads took: 0.0001945 seconds
2019-02-01T01:51:40.369+0000: 796875.327: Application time: 3.8250293 seconds
2019-02-01T01:51:40.378+0000: 796875.336: Total time for which application threads were stopped: 0.0086485 seconds, Stopping threads took: 0.0002796 seconds
2019-02-01T01:51:42.435+0000: 796877.393: Application time: 2.0572186 seconds
2019-02-01T01:51:42.443+0000: 796877.401: Total time for which application threads were stopped: 0.0084304 seconds, Stopping threads took: 0.0002768 seconds
2019-02-01T01:51:42.444+0000: 796877.402: Application time: 0.0003130 seconds
2019-02-01T01:51:42.451+0000: 796877.409: Total time for which application threads were stopped: 0.0077025 seconds, Stopping threads took: 0.0002270 seconds
2019-02-01T01:51:42.452+0000: 796877.410: Application time: 0.0005608 seconds
2019-02-01T01:51:42.459+0000: 796877.417: [GC (GCLocker Initiated GC) 2019-02-01T01:51:42.471+0000: 796877.429: [SoftReference, 0 refs, 0.0000528 secs]2019-02-01T01:51:42.471+0000: 796877.429: [WeakReference, 4 refs, 0.0000109 secs]2019-02-01T01:51:42.471+0000: 796877.429: [FinalReference, 793 refs, 0.0004693 secs]2019-02-01T01:51:42.472+0000: 796877.430: [PhantomReference, 0 refs, 0 refs, 0.0000101 secs]2019-02-01T01:51:42.472+0000: 796877.430: [JNI Weak Reference, 0.0000196 secs]
Desired survivor size 105381888 bytes, new threshold 1 (max 15)
[PSYoungGen: 1618866K->38431K(1570816K)] 2880856K->1303509K(4642304K), 0.0211816 secs] [Times: user=0.20 sys=0.01, real=0.02 secs] 
2019-02-01T01:51:42.480+0000: 796877.438: Total time for which application threads were stopped: 0.0284304 seconds, Stopping threads took: 0.0001382 seconds
2019-02-01T01:51:47.807+0000: 796882.765: Application time: 5.3262632 seconds
2019-02-01T01:51:47.816+0000: 796882.774: Total time for which application threads were stopped: 0.0089673 seconds, Stopping threads took: 0.0006982 seconds
2019-02-01T01:51:47.817+0000: 796882.775: Application time: 0.0009718 seconds
2019-02-01T01:51:47.829+0000: 796882.786: [GC (GCLocker Initiated GC) 2019-02-01T01:51:47.842+0000: 796882.800: [SoftReference, 0 refs, 0.0000542 secs]2019-02-01T01:51:47.842+0000: 796882.800: [WeakReference, 19 refs, 0.0000222 secs]2019-02-01T01:51:47.842+0000: 796882.800: [FinalReference, 802 refs, 0.0003946 secs]2019-02-01T01:51:47.842+0000: 796882.800: [PhantomReference, 0 refs, 1 refs, 0.0000112 secs]2019-02-01T01:51:47.842+0000: 796882.800: [JNI Weak Reference, 0.0000198 secs]
Desired survivor size 101187584 bytes, new threshold 1 (max 15)
[PSYoungGen: 1570335K->49350K(1570304K)] 2845414K->1327722K(4641792K), 0.0223781 secs] [Times: user=0.24 sys=0.01, real=0.02 secs] 
2019-02-01T01:51:47.851+0000: 796882.809: Total time for which application threads were stopped: 0.0344635 seconds, Stopping threads took: 0.0036367 seconds
2019-02-01T01:51:53.308+0000: 796888.266: Application time: 5.4568122 seconds
2019-02-01T01:51:53.317+0000: 796888.275: Total time for which application threads were stopped: 0.0089208 seconds, Stopping threads took: 0.0003174 seconds
2019-02-01T01:51:53.317+0000: 796888.275: Application time: 0.0002920 seconds
2019-02-01T01:51:53.326+0000: 796888.283: [GC (GCLocker Initiated GC) 2019-02-01T01:51:53.339+0000: 796888.297: [SoftReference, 0 refs, 0.0000670 secs]2019-02-01T01:51:53.339+0000: 796888.297: [WeakReference, 48 refs, 0.0000385 secs]2019-02-01T01:51:53.339+0000: 796888.297: [FinalReference, 834 refs, 0.0007690 secs]2019-02-01T01:51:53.340+0000: 796888.298: [PhantomReference, 0 refs, 0 refs, 0.0000238 secs]2019-02-01T01:51:53.340+0000: 796888.298: [JNI Weak Reference, 0.0000341 secs]
Desired survivor size 95944704 bytes, new threshold 1 (max 15)
[PSYoungGen: 1553094K->44800K(1521664K)] 2840631K->1335484K(4593152K), 0.0268406 secs] [Times: user=0.22 sys=0.01, real=0.02 secs] 
2019-02-01T01:51:53.353+0000: 796888.310: Total time for which application threads were stopped: 0.0354191 seconds, Stopping threads took: 0.0001257 seconds
2019-02-01T01:51:57.875+0000: 796892.833: Application time: 4.5227797 seconds
2019-02-01T01:51:57.883+0000: 796892.841: Total time for which application threads were stopped: 0.0077579 seconds, Stopping threads took: 0.0003478 seconds
2019-02-01T01:51:57.884+0000: 796892.842: Application time: 0.0007516 seconds
2019-02-01T01:51:57.891+0000: 796892.849: [GC (GCLocker Initiated GC) 2019-02-01T01:51:57.904+0000: 796892.862: [SoftReference, 0 refs, 0.0000546 secs]2019-02-01T01:51:57.904+0000: 796892.862: [WeakReference, 47 refs, 0.0000259 secs]2019-02-01T01:51:57.904+0000: 796892.862: [FinalReference, 712 refs, 0.0003593 secs]2019-02-01T01:51:57.904+0000: 796892.862: [PhantomReference, 0 refs, 1 refs, 0.0000106 secs]2019-02-01T01:51:57.904+0000: 796892.862: [JNI Weak Reference, 0.0000200 secs]
Desired survivor size 94896128 bytes, new threshold 1 (max 15)
[PSYoungGen: 1521408K->54951K(1515008K)] 2812118K->1348393K(4586496K), 0.0197009 secs] [Times: user=0.20 sys=0.00, real=0.02 secs] 
2019-02-01T01:51:57.911+0000: 796892.869: Total time for which application threads were stopped: 0.0272372 seconds, Stopping threads took: 0.0005416 seconds
2019-02-01T01:52:03.740+0000: 796898.698: Application time: 5.8288168 seconds
2019-02-01T01:52:03.749+0000: 796898.707: Total time for which application threads were stopped: 0.0087491 seconds, Stopping threads took: 0.0003129 seconds
2019-02-01T01:52:03.749+0000: 796898.707: Application time: 0.0006033 seconds
2019-02-01T01:52:03.758+0000: 796898.716: [GC (GCLocker Initiated GC) 2019-02-01T01:52:03.770+0000: 796898.728: [SoftReference, 0 refs, 0.0000741 secs]2019-02-01T01:52:03.770+0000: 796898.728: [WeakReference, 105 refs, 0.0000685 secs]2019-02-01T01:52:03.771+0000: 796898.728: [FinalReference, 800 refs, 0.0007233 secs]2019-02-01T01:52:03.771+0000: 796898.729: [PhantomReference, 0 refs, 0 refs, 0.0000236 secs]2019-02-01T01:52:03.771+0000: 796898.729: [JNI Weak Reference, 0.0000335 secs]
Desired survivor size 92274688 bytes, new threshold 1 (max 15)
[PSYoungGen: 1504935K->33086K(1457664K)] 2808369K->1339968K(4529152K), 0.0240843 secs] [Times: user=0.19 sys=0.01, real=0.02 secs] 
2019-02-01T01:52:03.783+0000: 796898.740: Total time for which application threads were stopped: 0.0331809 seconds, Stopping threads took: 0.0002572 seconds
2019-02-01T01:52:08.518+0000: 796903.476: Application time: 4.7356839 seconds
2019-02-01T01:52:08.527+0000: 796903.485: Total time for which application threads were stopped: 0.0085297 seconds, Stopping threads took: 0.0002558 seconds
2019-02-01T01:52:08.527+0000: 796903.485: Application time: 0.0003945 seconds
2019-02-01T01:52:08.536+0000: 796903.493: [GC (GCLocker Initiated GC) 2019-02-01T01:52:08.553+0000: 796903.511: [SoftReference, 0 refs, 0.0000570 secs]2019-02-01T01:52:08.553+0000: 796903.511: [WeakReference, 57 refs, 0.0000316 secs]2019-02-01T01:52:08.553+0000: 796903.511: [FinalReference, 686 refs, 0.0003784 secs]2019-02-01T01:52:08.554+0000: 796903.512: [PhantomReference, 0 refs, 0 refs, 0.0000101 secs]2019-02-01T01:52:08.554+0000: 796903.512: [JNI Weak Reference, 0.0000197 secs]
Desired survivor size 94896128 bytes, new threshold 1 (max 15)
[PSYoungGen: 1457470K->64209K(1469440K)] 2764362K->1374547K(4540928K), 0.0240828 secs] [Times: user=0.35 sys=0.01, real=0.03 secs] 
2019-02-01T01:52:08.560+0000: 796903.518: Total time for which application threads were stopped: 0.0328028 seconds, Stopping threads took: 0.0002719 seconds
2019-02-01T01:52:13.339+0000: 796908.297: Application time: 4.7789430 seconds
2019-02-01T01:52:13.348+0000: 796908.306: Total time for which application threads were stopped: 0.0089810 seconds, Stopping threads took: 0.0003214 seconds
2019-02-01T01:52:13.349+0000: 796908.306: Application time: 0.0007717 seconds
2019-02-01T01:52:13.357+0000: 796908.315: [GC (GCLocker Initiated GC) 2019-02-01T01:52:13.372+0000: 796908.330: [SoftReference, 0 refs, 0.0000536 secs]2019-02-01T01:52:13.372+0000: 796908.330: [WeakReference, 15 refs, 0.0000158 secs]2019-02-01T01:52:13.372+0000: 796908.330: [FinalReference, 705 refs, 0.0003510 secs]2019-02-01T01:52:13.372+0000: 796908.330: [PhantomReference, 0 refs, 0 refs, 0.0000098 secs]2019-02-01T01:52:13.372+0000: 796908.330: [JNI Weak Reference, 0.0000193 secs]
Desired survivor size 93323264 bytes, new threshold 1 (max 15)
[PSYoungGen: 1463505K->54365K(1430016K)] 2773870K->1368291K(4501504K), 0.0222587 secs] [Times: user=0.21 sys=0.01, real=0.02 secs] 
2019-02-01T01:52:13.380+0000: 796908.338: Total time for which application threads were stopped: 0.0312183 seconds, Stopping threads took: 0.0002193 seconds
2019-02-01T01:52:17.325+0000: 796912.283: Application time: 3.9450465 seconds
2019-02-01T01:52:17.334+0000: 796912.292: Total time for which application threads were stopped: 0.0088942 seconds, Stopping threads took: 0.0003786 seconds
2019-02-01T01:52:17.335+0000: 796912.293: Application time: 0.0010762 seconds
2019-02-01T01:52:17.348+0000: 796912.306: [GC (GCLocker Initiated GC) 2019-02-01T01:52:17.363+0000: 796912.321: [SoftReference, 0 refs, 0.0000530 secs]2019-02-01T01:52:17.363+0000: 796912.321: [WeakReference, 20 refs, 0.0000175 secs]2019-02-01T01:52:17.363+0000: 796912.321: [FinalReference, 776 refs, 0.0003720 secs]2019-02-01T01:52:17.363+0000: 796912.321: [PhantomReference, 0 refs, 0 refs, 0.0000107 secs]2019-02-01T01:52:17.363+0000: 796912.321: [JNI Weak Reference, 0.0000189 secs]
Desired survivor size 90177536 bytes, new threshold 1 (max 15)
[PSYoungGen: 1429597K->51439K(1413120K)] 2750219K->1380362K(4484608K), 0.0229968 secs] [Times: user=0.23 sys=0.01, real=0.03 secs] 
2019-02-01T01:52:17.371+0000: 796912.329: Total time for which application threads were stopped: 0.0361778 seconds, Stopping threads took: 0.0041259 seconds
2019-02-01T01:52:21.057+0000: 796916.015: Application time: 3.6857619 seconds
2019-02-01T01:52:21.065+0000: 796916.023: Total time for which application threads were stopped: 0.0081004 seconds, Stopping threads took: 0.0002892 seconds
2019-02-01T01:52:21.065+0000: 796916.023: Application time: 0.0005326 seconds
2019-02-01T01:52:21.074+0000: 796916.032: [GC (GCLocker Initiated GC) 2019-02-01T01:52:21.084+0000: 796916.042: [SoftReference, 0 refs, 0.0000442 secs]2019-02-01T01:52:21.084+0000: 796916.042: [WeakReference, 4 refs, 0.0000106 secs]2019-02-01T01:52:21.084+0000: 796916.042: [FinalReference, 668 refs, 0.0003307 secs]2019-02-01T01:52:21.084+0000: 796916.042: [PhantomReference, 0 refs, 0 refs, 0.0000102 secs]2019-02-01T01:52:21.084+0000: 796916.042: [JNI Weak Reference, 0.0000199 secs]
Desired survivor size 88604672 bytes, new threshold 1 (max 15)
[PSYoungGen: 1403119K->33343K(1362432K)] 2738695K->1372486K(4433920K), 0.0175487 secs] [Times: user=0.17 sys=0.01, real=0.02 secs] 
2019-02-01T01:52:21.092+0000: 796916.049: Total time for which application threads were stopped: 0.0260526 seconds, Stopping threads took: 0.0002808 seconds
2019-02-01T01:52:24.854+0000: 796919.812: Application time: 3.7628104 seconds
2019-02-01T01:52:24.863+0000: 796919.821: Total time for which application threads were stopped: 0.0084647 seconds, Stopping threads took: 0.0002478 seconds
2019-02-01T01:52:24.863+0000: 796919.821: Application time: 0.0006188 seconds
2019-02-01T01:52:24.872+0000: 796919.830: [GC (GCLocker Initiated GC) 2019-02-01T01:52:24.884+0000: 796919.842: [SoftReference, 0 refs, 0.0000737 secs]2019-02-01T01:52:24.884+0000: 796919.842: [WeakReference, 3 refs, 0.0000199 secs]2019-02-01T01:52:24.884+0000: 796919.842: [FinalReference, 786 refs, 0.0006045 secs]2019-02-01T01:52:24.885+0000: 796919.842: [PhantomReference, 0 refs, 0 refs, 0.0000188 secs]2019-02-01T01:52:24.885+0000: 796919.842: [JNI Weak Reference, 0.0000328 secs]
Desired survivor size 85458944 bytes, new threshold 1 (max 15)
[PSYoungGen: 1361983K->40066K(1363968K)] 2701150K->1382638K(4435456K), 0.0220109 secs] [Times: user=0.23 sys=0.00, real=0.02 secs] 
2019-02-01T01:52:24.894+0000: 796919.852: Total time for which application threads were stopped: 0.0306556 seconds, Stopping threads took: 0.0002733 seconds
2019-02-01T01:52:28.383+0000: 796923.341: Application time: 3.4886501 seconds
2019-02-01T01:52:28.392+0000: 796923.350: Total time for which application threads were stopped: 0.0090501 seconds, Stopping threads took: 0.0009006 seconds
2019-02-01T01:52:28.394+0000: 796923.351: Application time: 0.0018399 seconds
2019-02-01T01:52:28.403+0000: 796923.360: [GC (GCLocker Initiated GC) 2019-02-01T01:52:28.419+0000: 796923.377: [SoftReference, 0 refs, 0.0000534 secs]2019-02-01T01:52:28.419+0000: 796923.377: [WeakReference, 40 refs, 0.0000411 secs]2019-02-01T01:52:28.419+0000: 796923.377: [FinalReference, 781 refs, 0.0004765 secs]2019-02-01T01:52:28.420+0000: 796923.377: [PhantomReference, 0 refs, 2 refs, 0.0000138 secs]2019-02-01T01:52:28.420+0000: 796923.377: [JNI Weak Reference, 0.0000255 secs]
Desired survivor size 99090432 bytes, new threshold 1 (max 15)
[PSYoungGen: 1346178K->83427K(1368064K)] 2695506K->1440296K(4439552K), 0.0209200 secs] [Times: user=0.30 sys=0.02, real=0.02 secs] 
2019-02-01T01:52:28.424+0000: 796923.382: Total time for which application threads were stopped: 0.0301455 seconds, Stopping threads took: 0.0006825 seconds
2019-02-01T01:52:31.325+0000: 796926.283: Application time: 2.9009830 seconds
2019-02-01T01:52:31.333+0000: 796926.291: Total time for which application threads were stopped: 0.0086870 seconds, Stopping threads took: 0.0002095 seconds
2019-02-01T01:52:31.334+0000: 796926.292: Application time: 0.0008958 seconds
2019-02-01T01:52:31.343+0000: 796926.301: [GC (GCLocker Initiated GC) 2019-02-01T01:52:31.359+0000: 796926.317: [SoftReference, 0 refs, 0.0000825 secs]2019-02-01T01:52:31.360+0000: 796926.317: [WeakReference, 74 refs, 0.0000603 secs]2019-02-01T01:52:31.360+0000: 796926.317: [FinalReference, 664 refs, 0.0028713 secs]2019-02-01T01:52:31.363+0000: 796926.320: [PhantomReference, 0 refs, 0 refs, 0.0000366 secs]2019-02-01T01:52:31.363+0000: 796926.320: [JNI Weak Reference, 0.0000334 secs]
Desired survivor size 106954752 bytes, new threshold 1 (max 15)
[PSYoungGen: 1368035K->84239K(1348096K)] 2725380K->1445714K(4419584K), 0.0239773 secs] [Times: user=0.26 sys=0.00, real=0.02 secs] 
2019-02-01T01:52:31.368+0000: 796926.326: Total time for which application threads were stopped: 0.0333062 seconds, Stopping threads took: 0.0002302 seconds
2019-02-01T01:52:34.733+0000: 796929.691: Application time: 3.3650313 seconds
2019-02-01T01:52:34.743+0000: 796929.701: Total time for which application threads were stopped: 0.0100521 seconds, Stopping threads took: 0.0027743 seconds
2019-02-01T01:52:34.744+0000: 796929.702: Application time: 0.0014544 seconds
2019-02-01T01:52:34.753+0000: 796929.710: [GC (GCLocker Initiated GC) 2019-02-01T01:52:34.770+0000: 796929.728: [SoftReference, 0 refs, 0.0000738 secs]2019-02-01T01:52:34.770+0000: 796929.728: [WeakReference, 44 refs, 0.0000398 secs]2019-02-01T01:52:34.770+0000: 796929.728: [FinalReference, 635 refs, 0.0004960 secs]2019-02-01T01:52:34.771+0000: 796929.729: [PhantomReference, 0 refs, 2 refs, 0.0000221 secs]2019-02-01T01:52:34.771+0000: 796929.729: [JNI Weak Reference, 0.0000331 secs]
Desired survivor size 117440512 bytes, new threshold 1 (max 15)
[PSYoungGen: 1347855K->95096K(1338368K)] 2709394K->1461396K(4409856K), 0.0238613 secs] [Times: user=0.32 sys=0.01, real=0.02 secs] 
2019-02-01T01:52:34.777+0000: 796929.734: Total time for which application threads were stopped: 0.0323649 seconds, Stopping threads took: 0.0010306 seconds
2019-02-01T01:52:39.227+0000: 796934.185: Application time: 4.4501185 seconds
2019-02-01T01:52:39.235+0000: 796934.193: Total time for which application threads were stopped: 0.0086183 seconds, Stopping threads took: 0.0002917 seconds
2019-02-01T01:52:39.236+0000: 796934.194: Application time: 0.0006850 seconds
2019-02-01T01:52:39.245+0000: 796934.202: [GC (GCLocker Initiated GC) 2019-02-01T01:52:39.255+0000: 796934.213: [SoftReference, 0 refs, 0.0000678 secs]2019-02-01T01:52:39.256+0000: 796934.213: [WeakReference, 8 refs, 0.0000379 secs]2019-02-01T01:52:39.256+0000: 796934.213: [FinalReference, 655 refs, 0.0004789 secs]2019-02-01T01:52:39.256+0000: 796934.214: [PhantomReference, 0 refs, 0 refs, 0.0000196 secs]2019-02-01T01:52:39.256+0000: 796934.214: [JNI Weak Reference, 0.0000332 secs]
Desired survivor size 113770496 bytes, new threshold 1 (max 15)
[PSYoungGen: 1338232K->47649K(1308160K)] 2708518K->1421412K(4379648K), 0.0233931 secs] [Times: user=0.20 sys=0.01, real=0.02 secs] 
2019-02-01T01:52:39.268+0000: 796934.226: Total time for which application threads were stopped: 0.0322526 seconds, Stopping threads took: 0.0001857 seconds
2019-02-01T01:52:40.369+0000: 796935.327: Application time: 1.1009788 seconds
2019-02-01T01:52:40.378+0000: 796935.336: Total time for which application threads were stopped: 0.0090224 seconds, Stopping threads took: 0.0003358 seconds
2019-02-01T01:52:42.659+0000: 796937.617: Application time: 2.2807511 seconds
2019-02-01T01:52:42.670+0000: 796937.628: Total time for which application threads were stopped: 0.0106195 seconds, Stopping threads took: 0.0014204 seconds
2019-02-01T01:52:42.671+0000: 796937.629: Application time: 0.0009968 seconds
2019-02-01T01:52:42.679+0000: 796937.637: [GC (GCLocker Initiated GC) 2019-02-01T01:52:42.691+0000: 796937.649: [SoftReference, 0 refs, 0.0000533 secs]2019-02-01T01:52:42.691+0000: 796937.649: [WeakReference, 20 refs, 0.0000192 secs]2019-02-01T01:52:42.691+0000: 796937.649: [FinalReference, 820 refs, 0.0004604 secs]2019-02-01T01:52:42.691+0000: 796937.649: [PhantomReference, 0 refs, 0 refs, 0.0000103 secs]2019-02-01T01:52:42.691+0000: 796937.649: [JNI Weak Reference, 0.0000192 secs]
Desired survivor size 111149056 bytes, new threshold 1 (max 15)
[PSYoungGen: 1270817K->39339K(1243136K)] 2651277K->1424525K(4314624K), 0.0195253 secs] [Times: user=0.22 sys=0.01, real=0.02 secs] 
2019-02-01T01:52:42.699+0000: 796937.657: Total time for which application threads were stopped: 0.0281563 seconds, Stopping threads took: 0.0001657 seconds
2019-02-01T01:52:46.557+0000: 796941.515: Application time: 3.8580908 seconds
2019-02-01T01:52:46.565+0000: 796941.523: Total time for which application threads were stopped: 0.0077780 seconds, Stopping threads took: 0.0003310 seconds
2019-02-01T01:52:46.566+0000: 796941.523: Application time: 0.0006948 seconds
2019-02-01T01:52:46.573+0000: 796941.530: [GC (GCLocker Initiated GC) 2019-02-01T01:52:46.586+0000: 796941.544: [SoftReference, 0 refs, 0.0000504 secs]2019-02-01T01:52:46.586+0000: 796941.544: [WeakReference, 20 refs, 0.0000234 secs]2019-02-01T01:52:46.586+0000: 796941.544: [FinalReference, 570 refs, 0.0002765 secs]2019-02-01T01:52:46.586+0000: 796941.544: [PhantomReference, 0 refs, 0 refs, 0.0000101 secs]2019-02-01T01:52:46.586+0000: 796941.544: [JNI Weak Reference, 0.0000187 secs]
Desired survivor size 109051904 bytes, new threshold 1 (max 15)
[PSYoungGen: 1243051K->63461K(1270272K)] 2628256K->1453197K(4341760K), 0.0204543 secs] [Times: user=0.25 sys=0.00, real=0.02 secs] 
2019-02-01T01:52:46.593+0000: 796941.551: Total time for which application threads were stopped: 0.0276321 seconds, Stopping threads took: 0.0002656 seconds
2019-02-01T01:52:51.071+0000: 796946.029: Application time: 4.4776740 seconds
2019-02-01T01:52:51.077+0000: 796946.035: Total time for which application threads were stopped: 0.0062108 seconds, Stopping threads took: 0.0008363 seconds
2019-02-01T01:52:51.078+0000: 796946.035: Application time: 0.0004559 seconds
2019-02-01T01:52:51.083+0000: 796946.041: [GC (GCLocker Initiated GC) 2019-02-01T01:52:51.096+0000: 796946.054: [SoftReference, 0 refs, 0.0000609 secs]2019-02-01T01:52:51.096+0000: 796946.054: [WeakReference, 5 refs, 0.0000228 secs]2019-02-01T01:52:51.096+0000: 796946.054: [FinalReference, 666 refs, 0.0003399 secs]2019-02-01T01:52:51.097+0000: 796946.055: [PhantomReference, 0 refs, 0 refs, 0.0000098 secs]2019-02-01T01:52:51.097+0000: 796946.055: [JNI Weak Reference, 0.0000183 secs]
Desired survivor size 104857600 bytes, new threshold 1 (max 15)
[PSYoungGen: 1248229K->48573K(1214976K)] 2637971K->1441884K(4286464K), 0.0205609 secs] [Times: user=0.20 sys=0.00, real=0.03 secs] 
2019-02-01T01:52:51.104+0000: 796946.062: Total time for which application threads were stopped: 0.0263263 seconds, Stopping threads took: 0.0002620 seconds
2019-02-01T01:52:54.018+0000: 796948.976: Application time: 2.9138924 seconds
2019-02-01T01:52:54.027+0000: 796948.985: Total time for which application threads were stopped: 0.0089539 seconds, Stopping threads took: 0.0002611 seconds
2019-02-01T01:52:54.028+0000: 796948.986: Application time: 0.0014503 seconds
2019-02-01T01:52:54.037+0000: 796948.995: [GC (GCLocker Initiated GC) 2019-02-01T01:52:54.052+0000: 796949.010: [SoftReference, 0 refs, 0.0000499 secs]2019-02-01T01:52:54.052+0000: 796949.010: [WeakReference, 40 refs, 0.0000230 secs]2019-02-01T01:52:54.052+0000: 796949.010: [FinalReference, 689 refs, 0.0003225 secs]2019-02-01T01:52:54.052+0000: 796949.010: [PhantomReference, 0 refs, 0 refs, 0.0000104 secs]2019-02-01T01:52:54.052+0000: 796949.010: [JNI Weak Reference, 0.0000191 secs]
Desired survivor size 106954752 bytes, new threshold 1 (max 15)
[PSYoungGen: 1214909K->72606K(1236992K)] 2608276K->1468491K(4308480K), 0.0206106 secs] [Times: user=0.29 sys=0.01, real=0.02 secs] 
2019-02-01T01:52:54.058+0000: 796949.016: Total time for which application threads were stopped: 0.0297179 seconds, Stopping threads took: 0.0001345 seconds
2019-02-01T01:52:58.649+0000: 796953.607: Application time: 4.5910946 seconds
2019-02-01T01:52:58.659+0000: 796953.617: Total time for which application threads were stopped: 0.0103128 seconds, Stopping threads took: 0.0018086 seconds
2019-02-01T01:52:58.660+0000: 796953.618: Application time: 0.0006265 seconds
2019-02-01T01:52:58.669+0000: 796953.627: [GC (GCLocker Initiated GC) 2019-02-01T01:52:58.684+0000: 796953.642: [SoftReference, 0 refs, 0.0001297 secs]2019-02-01T01:52:58.684+0000: 796953.642: [WeakReference, 12 refs, 0.0000261 secs]2019-02-01T01:52:58.684+0000: 796953.642: [FinalReference, 714 refs, 0.0021654 secs]2019-02-01T01:52:58.686+0000: 796953.644: [PhantomReference, 0 refs, 1 refs, 0.0000285 secs]2019-02-01T01:52:58.686+0000: 796953.644: [JNI Weak Reference, 0.0000331 secs]
Desired survivor size 106430464 bytes, new threshold 1 (max 15)
[PSYoungGen: 1221022K->30702K(1161728K)] 2632914K->1446369K(4233216K), 0.0253367 secs] [Times: user=0.25 sys=0.01, real=0.02 secs] 
2019-02-01T01:52:58.694+0000: 796953.652: Total time for which application threads were stopped: 0.0343170 seconds, Stopping threads took: 0.0002867 seconds
2019-02-01T01:53:02.685+0000: 796957.643: Application time: 3.9907023 seconds
2019-02-01T01:53:02.696+0000: 796957.654: Total time for which application threads were stopped: 0.0111765 seconds, Stopping threads took: 0.0003799 seconds
2019-02-01T01:53:02.697+0000: 796957.655: Application time: 0.0008196 seconds
2019-02-01T01:53:02.711+0000: 796957.669: [GC (GCLocker Initiated GC) 2019-02-01T01:53:02.723+0000: 796957.681: [SoftReference, 0 refs, 0.0001488 secs]2019-02-01T01:53:02.723+0000: 796957.681: [WeakReference, 23 refs, 0.0000455 secs]2019-02-01T01:53:02.723+0000: 796957.681: [FinalReference, 485 refs, 0.0004166 secs]2019-02-01T01:53:02.724+0000: 796957.682: [PhantomReference, 0 refs, 0 refs, 0.0000238 secs]2019-02-01T01:53:02.724+0000: 796957.682: [JNI Weak Reference, 0.0000340 secs]
Desired survivor size 104333312 bytes, new threshold 1 (max 15)
[PSYoungGen: 1161710K->36322K(1197056K)] 2580702K->1459463K(4268544K), 0.0226190 secs] [Times: user=0.19 sys=0.01, real=0.02 secs] 
2019-02-01T01:53:02.734+0000: 796957.691: Total time for which application threads were stopped: 0.0366659 seconds, Stopping threads took: 0.0006540 seconds
2019-02-01T01:53:07.085+0000: 796962.043: Application time: 4.3512618 seconds
2019-02-01T01:53:07.092+0000: 796962.050: Total time for which application threads were stopped: 0.0069606 seconds, Stopping threads took: 0.0002299 seconds
2019-02-01T01:53:07.093+0000: 796962.051: Application time: 0.0009532 seconds
2019-02-01T01:53:07.099+0000: 796962.057: [GC (GCLocker Initiated GC) 2019-02-01T01:53:07.111+0000: 796962.069: [SoftReference, 0 refs, 0.0000590 secs]2019-02-01T01:53:07.111+0000: 796962.069: [WeakReference, 65 refs, 0.0000346 secs]2019-02-01T01:53:07.111+0000: 796962.069: [FinalReference, 625 refs, 0.0003035 secs]2019-02-01T01:53:07.111+0000: 796962.069: [PhantomReference, 0 refs, 1 refs, 0.0000249 secs]2019-02-01T01:53:07.111+0000: 796962.069: [JNI Weak Reference, 0.0000262 secs]
Desired survivor size 103809024 bytes, new threshold 1 (max 15)
[PSYoungGen: 1150434K->63467K(1161216K)] 2575375K->1489787K(4232704K), 0.0188842 secs] [Times: user=0.22 sys=0.00, real=0.02 secs] 
2019-02-01T01:53:07.118+0000: 796962.076: Total time for which application threads were stopped: 0.0256485 seconds, Stopping threads took: 0.0001183 seconds
2019-02-01T01:53:10.936+0000: 796965.893: Application time: 3.8172125 seconds
2019-02-01T01:53:10.944+0000: 796965.902: Total time for which application threads were stopped: 0.0085020 seconds, Stopping threads took: 0.0003134 seconds
2019-02-01T01:53:10.945+0000: 796965.903: Application time: 0.0007764 seconds
2019-02-01T01:53:10.953+0000: 796965.911: [GC (GCLocker Initiated GC) 2019-02-01T01:53:10.965+0000: 796965.923: [SoftReference, 0 refs, 0.0001405 secs]2019-02-01T01:53:10.965+0000: 796965.923: [WeakReference, 28 refs, 0.0000438 secs]2019-02-01T01:53:10.965+0000: 796965.923: [FinalReference, 590 refs, 0.0004782 secs]2019-02-01T01:53:10.966+0000: 796965.924: [PhantomReference, 0 refs, 0 refs, 0.0000200 secs]2019-02-01T01:53:10.966+0000: 796965.924: [JNI Weak Reference, 0.0000325 secs]
Desired survivor size 99614720 bytes, new threshold 1 (max 15)
[PSYoungGen: 1161195K->48595K(1159168K)] 2587806K->1477401K(4230656K), 0.0244390 secs] [Times: user=0.19 sys=0.01, real=0.03 secs] 
2019-02-01T01:53:10.978+0000: 796965.936: Total time for which application threads were stopped: 0.0331606 seconds, Stopping threads took: 0.0002306 seconds
2019-02-01T01:53:15.011+0000: 796969.969: Application time: 4.0327340 seconds
2019-02-01T01:53:15.019+0000: 796969.977: Total time for which application threads were stopped: 0.0085886 seconds, Stopping threads took: 0.0002736 seconds
2019-02-01T01:53:15.020+0000: 796969.978: Application time: 0.0005113 seconds
2019-02-01T01:53:15.029+0000: 796969.986: [GC (GCLocker Initiated GC) 2019-02-01T01:53:15.042+0000: 796970.000: [SoftReference, 0 refs, 0.0000654 secs]2019-02-01T01:53:15.042+0000: 796970.000: [WeakReference, 2 refs, 0.0000097 secs]2019-02-01T01:53:15.042+0000: 796970.000: [FinalReference, 651 refs, 0.0003337 secs]2019-02-01T01:53:15.043+0000: 796970.001: [PhantomReference, 0 refs, 0 refs, 0.0000103 secs]2019-02-01T01:53:15.043+0000: 796970.001: [JNI Weak Reference, 0.0000180 secs]
Desired survivor size 99614720 bytes, new threshold 1 (max 15)
[PSYoungGen: 1130451K->27027K(1093120K)] 2559289K->1458319K(4164608K), 0.0200777 secs] [Times: user=0.20 sys=0.01, real=0.02 secs] 
2019-02-01T01:53:15.049+0000: 796970.007: Total time for which application threads were stopped: 0.0289318 seconds, Stopping threads took: 0.0002779 seconds
2019-02-01T01:53:18.324+0000: 796973.282: Application time: 3.2751587 seconds
2019-02-01T01:53:18.332+0000: 796973.289: Total time for which application threads were stopped: 0.0074471 seconds, Stopping threads took: 0.0002140 seconds
2019-02-01T01:53:18.333+0000: 796973.291: Application time: 0.0012303 seconds
2019-02-01T01:53:18.339+0000: 796973.297: [GC (GCLocker Initiated GC) 2019-02-01T01:53:18.357+0000: 796973.315: [SoftReference, 0 refs, 0.0000566 secs]2019-02-01T01:53:18.357+0000: 796973.315: [WeakReference, 27 refs, 0.0000202 secs]2019-02-01T01:53:18.357+0000: 796973.315: [FinalReference, 499 refs, 0.0002619 secs]2019-02-01T01:53:18.358+0000: 796973.316: [PhantomReference, 0 refs, 0 refs, 0.0000100 secs]2019-02-01T01:53:18.358+0000: 796973.316: [JNI Weak Reference, 0.0000185 secs]
Desired survivor size 112721920 bytes, new threshold 1 (max 15)
[PSYoungGen: 1093011K->97250K(1147904K)] 2524345K->1532576K(4219392K), 0.0216571 secs] [Times: user=0.33 sys=0.01, real=0.02 secs] 
2019-02-01T01:53:18.361+0000: 796973.319: Total time for which application threads were stopped: 0.0284318 seconds, Stopping threads took: 0.0002353 seconds
2019-02-01T01:53:22.646+0000: 796977.604: Application time: 4.2851854 seconds
2019-02-01T01:53:22.655+0000: 796977.612: [GC (Allocation Failure) 2019-02-01T01:53:22.665+0000: 796977.622: [SoftReference, 0 refs, 0.0000544 secs]2019-02-01T01:53:22.665+0000: 796977.622: [WeakReference, 12 refs, 0.0000147 secs]2019-02-01T01:53:22.665+0000: 796977.622: [FinalReference, 571 refs, 0.0003161 secs]2019-02-01T01:53:22.665+0000: 796977.623: [PhantomReference, 0 refs, 0 refs, 0.0000341 secs]2019-02-01T01:53:22.665+0000: 796977.623: [JNI Weak Reference, 0.0000170 secs]
Desired survivor size 114294784 bytes, new threshold 1 (max 15)
[PSYoungGen: 1147874K->14941K(1051136K)] 2586525K->1456649K(4122624K), 0.0138300 secs] [Times: user=0.17 sys=0.01, real=0.02 secs] 
2019-02-01T01:53:22.669+0000: 796977.627: Total time for which application threads were stopped: 0.0222858 seconds, Stopping threads took: 0.0002029 seconds
2019-02-01T01:53:26.643+0000: 796981.600: Application time: 3.9739118 seconds
2019-02-01T01:53:26.651+0000: 796981.609: [GC (Allocation Failure) 2019-02-01T01:53:26.663+0000: 796981.621: [SoftReference, 0 refs, 0.0000584 secs]2019-02-01T01:53:26.663+0000: 796981.621: [WeakReference, 25 refs, 0.0000197 secs]2019-02-01T01:53:26.663+0000: 796981.621: [FinalReference, 584 refs, 0.0002928 secs]2019-02-01T01:53:26.663+0000: 796981.621: [PhantomReference, 0 refs, 0 refs, 0.0000102 secs]2019-02-01T01:53:26.663+0000: 796981.621: [JNI Weak Reference, 0.0000207 secs]
Desired survivor size 112721920 bytes, new threshold 1 (max 15)
[PSYoungGen: 1050717K->23511K(1115648K)] 2492425K->1466863K(4187136K), 0.0179984 secs] [Times: user=0.15 sys=0.00, real=0.02 secs] 
2019-02-01T01:53:26.669+0000: 796981.627: Total time for which application threads were stopped: 0.0266456 seconds, Stopping threads took: 0.0001875 seconds
2019-02-01T01:53:30.000+0000: 796984.958: Application time: 3.3313291 seconds
2019-02-01T01:53:30.009+0000: 796984.967: Total time for which application threads were stopped: 0.0085517 seconds, Stopping threads took: 0.0002445 seconds
2019-02-01T01:53:30.010+0000: 796984.968: Application time: 0.0006942 seconds
2019-02-01T01:53:30.018+0000: 796984.976: [GC (GCLocker Initiated GC) 2019-02-01T01:53:30.031+0000: 796984.989: [SoftReference, 0 refs, 0.0000603 secs]2019-02-01T01:53:30.031+0000: 796984.989: [WeakReference, 22 refs, 0.0000180 secs]2019-02-01T01:53:30.031+0000: 796984.989: [FinalReference, 557 refs, 0.0002582 secs]2019-02-01T01:53:30.032+0000: 796984.989: [PhantomReference, 0 refs, 0 refs, 0.0000100 secs]2019-02-01T01:53:30.032+0000: 796984.989: [JNI Weak Reference, 0.0000191 secs]
Desired survivor size 112721920 bytes, new threshold 1 (max 15)
[PSYoungGen: 1044951K->65211K(1072640K)] 2488559K->1511779K(4144128K), 0.0192216 secs] [Times: user=0.23 sys=0.01, real=0.02 secs] 
2019-02-01T01:53:30.038+0000: 796984.996: Total time for which application threads were stopped: 0.0279900 seconds, Stopping threads took: 0.0003481 seconds
2019-02-01T01:53:33.100+0000: 796988.058: Application time: 3.0622821 seconds
2019-02-01T01:53:33.113+0000: 796988.071: Total time for which application threads were stopped: 0.0130484 seconds, Stopping threads took: 0.0045535 seconds
2019-02-01T01:53:33.114+0000: 796988.071: Application time: 0.0003462 seconds
2019-02-01T01:53:33.122+0000: 796988.080: Total time for which application threads were stopped: 0.0084838 seconds, Stopping threads took: 0.0002517 seconds
2019-02-01T01:53:33.123+0000: 796988.081: Application time: 0.0011171 seconds
2019-02-01T01:53:33.131+0000: 796988.089: [GC (GCLocker Initiated GC) 2019-02-01T01:53:33.147+0000: 796988.104: [SoftReference, 0 refs, 0.0000616 secs]2019-02-01T01:53:33.147+0000: 796988.105: [WeakReference, 45 refs, 0.0000283 secs]2019-02-01T01:53:33.147+0000: 796988.105: [FinalReference, 454 refs, 0.0002282 secs]2019-02-01T01:53:33.147+0000: 796988.105: [PhantomReference, 0 refs, 1 refs, 0.0000115 secs]2019-02-01T01:53:33.147+0000: 796988.105: [JNI Weak Reference, 0.0000212 secs]
Desired survivor size 115867648 bytes, new threshold 1 (max 15)
[PSYoungGen: 1072315K->73654K(1095680K)] 2525566K->1530345K(4167168K), 0.0202723 secs] [Times: user=0.28 sys=0.00, real=0.02 secs] 
2019-02-01T01:53:33.152+0000: 796988.110: Total time for which application threads were stopped: 0.0287390 seconds, Stopping threads took: 0.0002252 seconds
2019-02-01T01:53:36.853+0000: 796991.811: Application time: 3.7009872 seconds
2019-02-01T01:53:36.861+0000: 796991.819: Total time for which application threads were stopped: 0.0085750 seconds, Stopping threads took: 0.0002814 seconds
2019-02-01T01:53:36.862+0000: 796991.820: Application time: 0.0006485 seconds
2019-02-01T01:53:36.871+0000: 796991.829: [GC (GCLocker Initiated GC) 2019-02-01T01:53:36.885+0000: 796991.843: [SoftReference, 0 refs, 0.0000589 secs]2019-02-01T01:53:36.885+0000: 796991.843: [WeakReference, 44 refs, 0.0000277 secs]2019-02-01T01:53:36.885+0000: 796991.843: [FinalReference, 574 refs, 0.0002242 secs]2019-02-01T01:53:36.885+0000: 796991.843: [PhantomReference, 0 refs, 0 refs, 0.0000103 secs]2019-02-01T01:53:36.885+0000: 796991.843: [JNI Weak Reference, 0.0000196 secs]
Desired survivor size 110624768 bytes, new threshold 1 (max 15)
[PSYoungGen: 1066934K->46440K(1026560K)] 2523637K->1506723K(4098048K), 0.0215225 secs] [Times: user=0.22 sys=0.01, real=0.02 secs] 
2019-02-01T01:53:36.893+0000: 796991.851: Total time for which application threads were stopped: 0.0309305 seconds, Stopping threads took: 0.0003938 seconds
2019-02-01T01:53:40.278+0000: 796995.236: Application time: 3.3851299 seconds
2019-02-01T01:53:40.287+0000: 796995.245: [GC (Allocation Failure) 2019-02-01T01:53:40.299+0000: 796995.257: [SoftReference, 0 refs, 0.0000774 secs]2019-02-01T01:53:40.299+0000: 796995.257: [WeakReference, 20 refs, 0.0000379 secs]2019-02-01T01:53:40.299+0000: 796995.257: [FinalReference, 524 refs, 0.0004008 secs]2019-02-01T01:53:40.300+0000: 796995.257: [PhantomReference, 0 refs, 0 refs, 0.0000332 secs]2019-02-01T01:53:40.300+0000: 796995.257: [JNI Weak Reference, 0.0001177 secs]
Desired survivor size 109051904 bytes, new threshold 1 (max 15)
[PSYoungGen: 1026408K->25930K(1058304K)] 2490015K->1493268K(4129792K), 0.0220877 secs] [Times: user=0.17 sys=0.01, real=0.02 secs] 
2019-02-01T01:53:40.309+0000: 796995.267: Total time for which application threads were stopped: 0.0312052 seconds, Stopping threads took: 0.0002735 seconds
2019-02-01T01:53:40.369+0000: 796995.327: Application time: 0.0597778 seconds
2019-02-01T01:53:40.378+0000: 796995.336: Total time for which application threads were stopped: 0.0087814 seconds, Stopping threads took: 0.0002290 seconds
2019-02-01T01:53:43.824+0000: 796998.782: Application time: 3.4457521 seconds
2019-02-01T01:53:43.833+0000: 796998.790: Total time for which application threads were stopped: 0.0089143 seconds, Stopping threads took: 0.0005447 seconds
2019-02-01T01:53:43.833+0000: 796998.791: Application time: 0.0004768 seconds
2019-02-01T01:53:43.842+0000: 796998.800: [GC (GCLocker Initiated GC) 2019-02-01T01:53:43.854+0000: 796998.811: [SoftReference, 0 refs, 0.0000768 secs]2019-02-01T01:53:43.854+0000: 796998.811: [WeakReference, 6 refs, 0.0000296 secs]2019-02-01T01:53:43.854+0000: 796998.811: [FinalReference, 551 refs, 0.0004229 secs]2019-02-01T01:53:43.854+0000: 796998.812: [PhantomReference, 0 refs, 0 refs, 0.0000190 secs]2019-02-01T01:53:43.854+0000: 796998.812: [JNI Weak Reference, 0.0000921 secs]
Desired survivor size 106954752 bytes, new threshold 1 (max 15)
[PSYoungGen: 992586K->29375K(983552K)] 2460463K->1499593K(4055040K), 0.0215039 secs] [Times: user=0.16 sys=0.01, real=0.02 secs] 
2019-02-01T01:53:43.864+0000: 796998.822: Total time for which application threads were stopped: 0.0306796 seconds, Stopping threads took: 0.0002330 seconds
2019-02-01T01:53:46.365+0000: 797001.323: Application time: 2.5011232 seconds
2019-02-01T01:53:46.372+0000: 797001.330: Total time for which application threads were stopped: 0.0067967 seconds, Stopping threads took: 0.0003220 seconds
2019-02-01T01:53:46.372+0000: 797001.330: Application time: 0.0006443 seconds
2019-02-01T01:53:46.379+0000: 797001.337: [GC (GCLocker Initiated GC) 2019-02-01T01:53:46.400+0000: 797001.358: [SoftReference, 0 refs, 0.0000538 secs]2019-02-01T01:53:46.400+0000: 797001.358: [WeakReference, 22 refs, 0.0000214 secs]2019-02-01T01:53:46.400+0000: 797001.358: [FinalReference, 426 refs, 0.0002151 secs]2019-02-01T01:53:46.400+0000: 797001.358: [PhantomReference, 0 refs, 0 refs, 0.0000126 secs]2019-02-01T01:53:46.400+0000: 797001.358: [JNI Weak Reference, 0.0000317 secs]
Desired survivor size 115867648 bytes, new threshold 1 (max 15)
[PSYoungGen: 983231K->85640K(1045504K)] 2457576K->1562330K(4116992K), 0.0247388 secs] [Times: user=0.32 sys=0.01, real=0.03 secs] 
2019-02-01T01:53:46.404+0000: 797001.362: Total time for which application threads were stopped: 0.0316828 seconds, Stopping threads took: 0.0001866 seconds
2019-02-01T01:53:47.761+0000: 797002.719: Application time: 1.3572296 seconds
2019-02-01T01:53:47.773+0000: 797002.731: Total time for which application threads were stopped: 0.0121877 seconds, Stopping threads took: 0.0038982 seconds
2019-02-01T01:53:49.410+0000: 797004.368: Application time: 1.6362699 seconds
2019-02-01T01:53:49.418+0000: 797004.376: Total time for which application threads were stopped: 0.0085774 seconds, Stopping threads took: 0.0001913 seconds
2019-02-01T01:53:49.420+0000: 797004.377: Application time: 0.0012230 seconds
2019-02-01T01:53:49.428+0000: 797004.386: [GC (GCLocker Initiated GC) 2019-02-01T01:53:49.444+0000: 797004.402: [SoftReference, 0 refs, 0.0000586 secs]2019-02-01T01:53:49.444+0000: 797004.402: [WeakReference, 28 refs, 0.0000183 secs]2019-02-01T01:53:49.444+0000: 797004.402: [FinalReference, 523 refs, 0.0002890 secs]2019-02-01T01:53:49.444+0000: 797004.402: [PhantomReference, 0 refs, 0 refs, 0.0000154 secs]2019-02-01T01:53:49.444+0000: 797004.402: [JNI Weak Reference, 0.0000209 secs]
Desired survivor size 110624768 bytes, new threshold 1 (max 15)
[PSYoungGen: 1026696K->43514K(972288K)] 2503491K->1523449K(4043776K), 0.0217902 secs] [Times: user=0.25 sys=0.01, real=0.02 secs] 
2019-02-01T01:53:49.450+0000: 797004.408: Total time for which application threads were stopped: 0.0304154 seconds, Stopping threads took: 0.0002690 seconds
2019-02-01T01:53:52.190+0000: 797007.147: Application time: 2.7396268 seconds
2019-02-01T01:53:52.200+0000: 797007.158: Total time for which application threads were stopped: 0.0105912 seconds, Stopping threads took: 0.0023337 seconds
2019-02-01T01:53:52.201+0000: 797007.159: Application time: 0.0010523 seconds
2019-02-01T01:53:52.210+0000: 797007.168: [GC (GCLocker Initiated GC) 2019-02-01T01:53:52.222+0000: 797007.180: [SoftReference, 0 refs, 0.0000617 secs]2019-02-01T01:53:52.222+0000: 797007.180: [WeakReference, 37 refs, 0.0000213 secs]2019-02-01T01:53:52.222+0000: 797007.180: [FinalReference, 474 refs, 0.0002684 secs]2019-02-01T01:53:52.223+0000: 797007.180: [PhantomReference, 0 refs, 0 refs, 0.0000122 secs]2019-02-01T01:53:52.223+0000: 797007.180: [JNI Weak Reference, 0.0000193 secs]
Desired survivor size 106954752 bytes, new threshold 1 (max 15)
[PSYoungGen: 972282K->37944K(1006080K)] 2459267K->1529057K(4077568K), 0.0189826 secs] [Times: user=0.23 sys=0.00, real=0.02 secs] 
2019-02-01T01:53:52.229+0000: 797007.187: Total time for which application threads were stopped: 0.0278689 seconds, Stopping threads took: 0.0002919 seconds
2019-02-01T01:53:54.849+0000: 797009.807: Application time: 2.6196519 seconds
2019-02-01T01:53:54.856+0000: 797009.813: Total time for which application threads were stopped: 0.0068496 seconds, Stopping threads took: 0.0003413 seconds
2019-02-01T01:53:54.856+0000: 797009.814: Application time: 0.0008377 seconds
2019-02-01T01:53:54.863+0000: 797009.821: [GC (GCLocker Initiated GC) 2019-02-01T01:53:54.880+0000: 797009.838: [SoftReference, 0 refs, 0.0000703 secs]2019-02-01T01:53:54.880+0000: 797009.838: [WeakReference, 27 refs, 0.0000275 secs]2019-02-01T01:53:54.880+0000: 797009.838: [FinalReference, 511 refs, 0.0003095 secs]2019-02-01T01:53:54.880+0000: 797009.838: [PhantomReference, 0 refs, 1 refs, 0.0000206 secs]2019-02-01T01:53:54.880+0000: 797009.838: [JNI Weak Reference, 0.0000305 secs]
Desired survivor size 113246208 bytes, new threshold 1 (max 15)
[PSYoungGen: 954936K->81240K(986624K)] 2447486K->1578125K(4058112K), 0.0200898 secs] [Times: user=0.29 sys=0.00, real=0.02 secs] 
2019-02-01T01:53:54.884+0000: 797009.842: Total time for which application threads were stopped: 0.0273417 seconds, Stopping threads took: 0.0001922 seconds
2019-02-01T01:53:57.940+0000: 797012.897: Application time: 3.0557555 seconds
2019-02-01T01:53:57.952+0000: 797012.910: Total time for which application threads were stopped: 0.0126782 seconds, Stopping threads took: 0.0040028 seconds
2019-02-01T01:53:57.954+0000: 797012.911: Application time: 0.0012361 seconds
2019-02-01T01:53:57.962+0000: 797012.920: [GC (GCLocker Initiated GC) 2019-02-01T01:53:57.977+0000: 797012.935: [SoftReference, 0 refs, 0.0000752 secs]2019-02-01T01:53:57.977+0000: 797012.935: [WeakReference, 26 refs, 0.0000325 secs]2019-02-01T01:53:57.977+0000: 797012.935: [FinalReference, 529 refs, 0.0003772 secs]2019-02-01T01:53:57.977+0000: 797012.935: [PhantomReference, 0 refs, 1 refs, 0.0000202 secs]2019-02-01T01:53:57.977+0000: 797012.935: [JNI Weak Reference, 0.0000315 secs]
Desired survivor size 108003328 bytes, new threshold 1 (max 15)
[PSYoungGen: 986456K->53218K(983040K)] 2490033K->1559660K(4054528K), 0.0253186 secs] [Times: user=0.23 sys=0.02, real=0.03 secs] 
2019-02-01T01:53:57.988+0000: 797012.946: Total time for which application threads were stopped: 0.0343456 seconds, Stopping threads took: 0.0002440 seconds
2019-02-01T01:54:00.497+0000: 797015.455: Application time: 2.5089259 seconds
2019-02-01T01:54:00.505+0000: 797015.463: Total time for which application threads were stopped: 0.0085125 seconds, Stopping threads took: 0.0003052 seconds
2019-02-01T01:54:00.506+0000: 797015.464: Application time: 0.0007241 seconds
2019-02-01T01:54:00.513+0000: 797015.470: [GC (GCLocker Initiated GC) 2019-02-01T01:54:00.528+0000: 797015.486: [SoftReference, 0 refs, 0.0000617 secs]2019-02-01T01:54:00.528+0000: 797015.486: [WeakReference, 4 refs, 0.0000107 secs]2019-02-01T01:54:00.528+0000: 797015.486: [FinalReference, 393 refs, 0.0002063 secs]2019-02-01T01:54:00.528+0000: 797015.486: [PhantomReference, 0 refs, 0 refs, 0.0000098 secs]2019-02-01T01:54:00.529+0000: 797015.486: [JNI Weak Reference, 0.0000194 secs]
Desired survivor size 104333312 bytes, new threshold 1 (max 15)
[PSYoungGen: 947170K->56991K(940032K)] 2453625K->1568437K(4011520K), 0.0217348 secs] [Times: user=0.29 sys=0.00, real=0.03 secs] 
2019-02-01T01:54:00.534+0000: 797015.492: Total time for which application threads were stopped: 0.0283883 seconds, Stopping threads took: 0.0001957 seconds
2019-02-01T01:54:03.223+0000: 797018.181: Application time: 2.6888484 seconds
2019-02-01T01:54:03.232+0000: 797018.190: Total time for which application threads were stopped: 0.0091825 seconds, Stopping threads took: 0.0020450 seconds
2019-02-01T01:54:03.234+0000: 797018.192: Application time: 0.0018015 seconds
2019-02-01T01:54:03.242+0000: 797018.200: [GC (GCLocker Initiated GC) 2019-02-01T01:54:03.255+0000: 797018.213: [SoftReference, 0 refs, 0.0000665 secs]2019-02-01T01:54:03.255+0000: 797018.213: [WeakReference, 9 refs, 0.0000194 secs]2019-02-01T01:54:03.255+0000: 797018.213: [FinalReference, 465 refs, 0.0002850 secs]2019-02-01T01:54:03.256+0000: 797018.214: [PhantomReference, 0 refs, 2 refs, 0.0000156 secs]2019-02-01T01:54:03.256+0000: 797018.214: [JNI Weak Reference, 0.0000290 secs]
Desired survivor size 99614720 bytes, new threshold 1 (max 15)
[PSYoungGen: 939679K->54248K(953856K)] 2451404K->1569527K(4025344K), 0.0227641 secs] [Times: user=0.23 sys=0.01, real=0.03 secs] 
2019-02-01T01:54:03.265+0000: 797018.223: Total time for which application threads were stopped: 0.0307757 seconds, Stopping threads took: 0.0002236 seconds
2019-02-01T01:54:06.531+0000: 797021.489: Application time: 3.2663255 seconds
2019-02-01T01:54:06.539+0000: 797021.497: Total time for which application threads were stopped: 0.0074868 seconds, Stopping threads took: 0.0003547 seconds
2019-02-01T01:54:06.539+0000: 797021.497: Application time: 0.0003252 seconds
2019-02-01T01:54:06.547+0000: 797021.504: [GC (GCLocker Initiated GC) 2019-02-01T01:54:06.558+0000: 797021.516: [SoftReference, 0 refs, 0.0001042 secs]2019-02-01T01:54:06.558+0000: 797021.516: [WeakReference, 21 refs, 0.0000266 secs]2019-02-01T01:54:06.558+0000: 797021.516: [FinalReference, 496 refs, 0.0003441 secs]2019-02-01T01:54:06.559+0000: 797021.516: [PhantomReference, 0 refs, 0 refs, 0.0000405 secs]2019-02-01T01:54:06.559+0000: 797021.516: [JNI Weak Reference, 0.0000586 secs]
Desired survivor size 99090432 bytes, new threshold 1 (max 15)
[PSYoungGen: 926184K->31962K(893440K)] 2441479K->1550100K(3964928K), 0.0202484 secs] [Times: user=0.17 sys=0.02, real=0.02 secs] 
2019-02-01T01:54:06.567+0000: 797021.525: Total time for which application threads were stopped: 0.0278531 seconds, Stopping threads took: 0.0002052 seconds
2019-02-01T01:54:09.338+0000: 797024.296: Application time: 2.7712663 seconds
2019-02-01T01:54:09.347+0000: 797024.305: Total time for which application threads were stopped: 0.0087881 seconds, Stopping threads took: 0.0002879 seconds
2019-02-01T01:54:09.348+0000: 797024.305: Application time: 0.0005151 seconds
2019-02-01T01:54:09.356+0000: 797024.314: [GC (GCLocker Initiated GC) 2019-02-01T01:54:09.368+0000: 797024.326: [SoftReference, 0 refs, 0.0000814 secs]2019-02-01T01:54:09.368+0000: 797024.326: [WeakReference, 10 refs, 0.0000242 secs]2019-02-01T01:54:09.368+0000: 797024.326: [FinalReference, 462 refs, 0.0003219 secs]2019-02-01T01:54:09.368+0000: 797024.326: [PhantomReference, 0 refs, 0 refs, 0.0000192 secs]2019-02-01T01:54:09.368+0000: 797024.326: [JNI Weak Reference, 0.0000326 secs]
Desired survivor size 95944704 bytes, new threshold 1 (max 15)
[PSYoungGen: 893146K->39520K(930304K)] 2411517K->1560697K(4001792K), 0.0209302 secs] [Times: user=0.19 sys=0.01, real=0.02 secs] 
2019-02-01T01:54:09.378+0000: 797024.335: Total time for which application threads were stopped: 0.0299218 seconds, Stopping threads took: 0.0002153 seconds
2019-02-01T01:54:12.120+0000: 797027.078: Application time: 2.7423447 seconds
2019-02-01T01:54:12.129+0000: 797027.087: Total time for which application threads were stopped: 0.0091203 seconds, Stopping threads took: 0.0006873 seconds
2019-02-01T01:54:12.130+0000: 797027.088: Application time: 0.0008971 seconds
2019-02-01T01:54:12.139+0000: 797027.097: [GC (GCLocker Initiated GC) 2019-02-01T01:54:12.150+0000: 797027.108: [SoftReference, 0 refs, 0.0000574 secs]2019-02-01T01:54:12.150+0000: 797027.108: [WeakReference, 18 refs, 0.0000170 secs]2019-02-01T01:54:12.150+0000: 797027.108: [FinalReference, 489 refs, 0.0002356 secs]2019-02-01T01:54:12.151+0000: 797027.108: [PhantomReference, 0 refs, 0 refs, 0.0000099 secs]2019-02-01T01:54:12.151+0000: 797027.108: [JNI Weak Reference, 0.0000187 secs]
Desired survivor size 91750400 bytes, new threshold 1 (max 15)
[PSYoungGen: 889952K->48994K(889344K)] 2430107K->1591515K(3960832K), 0.0172775 secs] [Times: user=0.21 sys=0.00, real=0.02 secs] 
2019-02-01T01:54:12.157+0000: 797027.115: Total time for which application threads were stopped: 0.0268777 seconds, Stopping threads took: 0.0006199 seconds
2019-02-01T01:54:14.600+0000: 797029.558: Application time: 2.4436298 seconds
2019-02-01T01:54:14.609+0000: 797029.567: Total time for which application threads were stopped: 0.0085770 seconds, Stopping threads took: 0.0003648 seconds
2019-02-01T01:54:14.609+0000: 797029.567: Application time: 0.0004338 seconds
2019-02-01T01:54:14.618+0000: 797029.576: [GC (GCLocker Initiated GC) 2019-02-01T01:54:14.633+0000: 797029.591: [SoftReference, 0 refs, 0.0000575 secs]2019-02-01T01:54:14.633+0000: 797029.591: [WeakReference, 9 refs, 0.0000127 secs]2019-02-01T01:54:14.633+0000: 797029.591: [FinalReference, 394 refs, 0.0002052 secs]2019-02-01T01:54:14.634+0000: 797029.591: [PhantomReference, 0 refs, 0 refs, 0.0000099 secs]2019-02-01T01:54:14.634+0000: 797029.591: [JNI Weak Reference, 0.0000199 secs]
Desired survivor size 94371840 bytes, new threshold 1 (max 15)
[PSYoungGen: 889186K->67009K(914432K)] 2433766K->1615162K(3985920K), 0.0196275 secs] [Times: user=0.28 sys=0.01, real=0.02 secs] 
2019-02-01T01:54:14.638+0000: 797029.596: Total time for which application threads were stopped: 0.0282590 seconds, Stopping threads took: 0.0003213 seconds
2019-02-01T01:54:17.009+0000: 797031.967: Application time: 2.3711558 seconds
2019-02-01T01:54:17.018+0000: 797031.976: Total time for which application threads were stopped: 0.0089889 seconds, Stopping threads took: 0.0002461 seconds
2019-02-01T01:54:17.019+0000: 797031.977: Application time: 0.0013839 seconds
2019-02-01T01:54:17.028+0000: 797031.986: [GC (GCLocker Initiated GC) 2019-02-01T01:54:17.044+0000: 797032.002: [SoftReference, 0 refs, 0.0000593 secs]2019-02-01T01:54:17.044+0000: 797032.002: [WeakReference, 11 refs, 0.0000131 secs]2019-02-01T01:54:17.044+0000: 797032.002: [FinalReference, 374 refs, 0.0002556 secs]2019-02-01T01:54:17.045+0000: 797032.003: [PhantomReference, 0 refs, 0 refs, 0.0000123 secs]2019-02-01T01:54:17.045+0000: 797032.003: [JNI Weak Reference, 0.0000197 secs]
Desired survivor size 103284736 bytes, new threshold 1 (max 15)
[PSYoungGen: 896961K->86234K(906752K)] 2445342K->1637911K(3978240K), 0.0202743 secs] [Times: user=0.30 sys=0.01, real=0.02 secs] 
2019-02-01T01:54:17.048+0000: 797032.006: Total time for which application threads were stopped: 0.0288440 seconds, Stopping threads took: 0.0003000 seconds
2019-02-01T01:54:20.058+0000: 797035.016: Application time: 3.0096034 seconds
2019-02-01T01:54:20.066+0000: 797035.024: Total time for which application threads were stopped: 0.0083382 seconds, Stopping threads took: 0.0002701 seconds
2019-02-01T01:54:20.067+0000: 797035.025: Application time: 0.0006071 seconds
2019-02-01T01:54:20.075+0000: 797035.033: [GC (GCLocker Initiated GC) 2019-02-01T01:54:20.090+0000: 797035.048: [SoftReference, 0 refs, 0.0000561 secs]2019-02-01T01:54:20.090+0000: 797035.048: [WeakReference, 2 refs, 0.0000119 secs]2019-02-01T01:54:20.090+0000: 797035.048: [FinalReference, 466 refs, 0.0002508 secs]2019-02-01T01:54:20.090+0000: 797035.048: [PhantomReference, 0 refs, 0 refs, 0.0000124 secs]2019-02-01T01:54:20.090+0000: 797035.048: [JNI Weak Reference, 0.0000257 secs]
Desired survivor size 102760448 bytes, new threshold 1 (max 15)
[PSYoungGen: 906458K->32150K(900608K)] 2461478K->1590929K(3972096K), 0.0196522 secs] [Times: user=0.25 sys=0.00, real=0.02 secs] 
2019-02-01T01:54:20.095+0000: 797035.053: Total time for which application threads were stopped: 0.0281750 seconds, Stopping threads took: 0.0002075 seconds
2019-02-01T01:54:22.983+0000: 797037.941: Application time: 2.8884565 seconds
2019-02-01T01:54:22.992+0000: 797037.950: Total time for which application threads were stopped: 0.0084654 seconds, Stopping threads took: 0.0002184 seconds
2019-02-01T01:54:22.992+0000: 797037.950: Application time: 0.0004550 seconds
2019-02-01T01:54:23.001+0000: 797037.959: [GC (GCLocker Initiated GC) 2019-02-01T01:54:23.012+0000: 797037.970: [SoftReference, 0 refs, 0.0000629 secs]2019-02-01T01:54:23.012+0000: 797037.970: [WeakReference, 12 refs, 0.0000137 secs]2019-02-01T01:54:23.012+0000: 797037.970: [FinalReference, 420 refs, 0.0002378 secs]2019-02-01T01:54:23.012+0000: 797037.970: [PhantomReference, 0 refs, 0 refs, 0.0000101 secs]2019-02-01T01:54:23.012+0000: 797037.970: [JNI Weak Reference, 0.0000193 secs]
Desired survivor size 99614720 bytes, new threshold 1 (max 15)
[PSYoungGen: 842646K->41033K(842752K)] 2404761K->1605320K(3914240K), 0.0168279 secs] [Times: user=0.22 sys=0.00, real=0.02 secs] 
2019-02-01T01:54:23.018+0000: 797037.976: Total time for which application threads were stopped: 0.0254094 seconds, Stopping threads took: 0.0003173 seconds
2019-02-01T01:54:25.367+0000: 797040.325: Application time: 2.3490047 seconds
2019-02-01T01:54:25.377+0000: 797040.335: Total time for which application threads were stopped: 0.0103824 seconds, Stopping threads took: 0.0024815 seconds
2019-02-01T01:54:25.378+0000: 797040.336: Application time: 0.0009228 seconds
2019-02-01T01:54:25.387+0000: 797040.345: [GC (GCLocker Initiated GC) 2019-02-01T01:54:25.401+0000: 797040.359: [SoftReference, 0 refs, 0.0001326 secs]2019-02-01T01:54:25.401+0000: 797040.359: [WeakReference, 25 refs, 0.0000292 secs]2019-02-01T01:54:25.401+0000: 797040.359: [FinalReference, 382 refs, 0.0002781 secs]2019-02-01T01:54:25.401+0000: 797040.359: [PhantomReference, 0 refs, 1 refs, 0.0000204 secs]2019-02-01T01:54:25.401+0000: 797040.359: [JNI Weak Reference, 0.0000330 secs]
Desired survivor size 110100480 bytes, new threshold 1 (max 15)
[PSYoungGen: 842313K->91425K(888320K)] 2414040K->1665540K(3959808K), 0.0190711 secs] [Times: user=0.27 sys=0.01, real=0.01 secs] 
2019-02-01T01:54:25.407+0000: 797040.364: Total time for which application threads were stopped: 0.0286520 seconds, Stopping threads took: 0.0010310 seconds
2019-02-01T01:54:27.655+0000: 797042.613: Application time: 2.2483142 seconds
2019-02-01T01:54:27.663+0000: 797042.621: Total time for which application threads were stopped: 0.0084054 seconds, Stopping threads took: 0.0002636 seconds
2019-02-01T01:54:27.664+0000: 797042.622: Application time: 0.0006381 seconds
2019-02-01T01:54:27.670+0000: 797042.628: [GC (GCLocker Initiated GC) 2019-02-01T01:54:27.683+0000: 797042.641: [SoftReference, 0 refs, 0.0000461 secs]2019-02-01T01:54:27.683+0000: 797042.641: [WeakReference, 3 refs, 0.0000123 secs]2019-02-01T01:54:27.683+0000: 797042.641: [FinalReference, 344 refs, 0.0001889 secs]2019-02-01T01:54:27.684+0000: 797042.641: [PhantomReference, 0 refs, 0 refs, 0.0000100 secs]2019-02-01T01:54:27.684+0000: 797042.641: [JNI Weak Reference, 0.0000257 secs]
Desired survivor size 107479040 bytes, new threshold 1 (max 15)
[PSYoungGen: 882465K->61828K(843776K)] 2456590K->1640444K(3915264K), 0.0179934 secs] [Times: user=0.26 sys=0.00, real=0.02 secs] 
2019-02-01T01:54:27.688+0000: 797042.646: Total time for which application threads were stopped: 0.0240243 seconds, Stopping threads took: 0.0002397 seconds
2019-02-01T01:54:29.922+0000: 797044.880: Application time: 2.2339495 seconds
2019-02-01T01:54:29.927+0000: 797044.885: Total time for which application threads were stopped: 0.0054250 seconds, Stopping threads took: 0.0001675 seconds
2019-02-01T01:54:29.928+0000: 797044.886: Application time: 0.0005189 seconds
2019-02-01T01:54:29.935+0000: 797044.893: [GC (GCLocker Initiated GC) 2019-02-01T01:54:29.951+0000: 797044.909: [SoftReference, 0 refs, 0.0000606 secs]2019-02-01T01:54:29.951+0000: 797044.909: [WeakReference, 34 refs, 0.0000202 secs]2019-02-01T01:54:29.951+0000: 797044.909: [FinalReference, 381 refs, 0.0001812 secs]2019-02-01T01:54:29.951+0000: 797044.909: [PhantomReference, 0 refs, 1 refs, 0.0000102 secs]2019-02-01T01:54:29.951+0000: 797044.909: [JNI Weak Reference, 0.0000176 secs]
Desired survivor size 107479040 bytes, new threshold 1 (max 15)
[PSYoungGen: 843652K->69708K(869376K)] 2425621K->1656255K(3940864K), 0.0212445 secs] [Times: user=0.30 sys=0.01, real=0.02 secs] 
2019-02-01T01:54:29.957+0000: 797044.914: Total time for which application threads were stopped: 0.0286616 seconds, Stopping threads took: 0.0004372 seconds
2019-02-01T01:54:32.271+0000: 797047.229: Application time: 2.3144449 seconds
2019-02-01T01:54:32.282+0000: 797047.240: Total time for which application threads were stopped: 0.0113827 seconds, Stopping threads took: 0.0047706 seconds
2019-02-01T01:54:32.283+0000: 797047.241: Application time: 0.0003242 seconds
2019-02-01T01:54:32.291+0000: 797047.248: [GC (GCLocker Initiated GC) 2019-02-01T01:54:32.306+0000: 797047.264: [SoftReference, 0 refs, 0.0000794 secs]2019-02-01T01:54:32.306+0000: 797047.264: [WeakReference, 9 refs, 0.0000214 secs]2019-02-01T01:54:32.306+0000: 797047.264: [FinalReference, 443 refs, 0.0003938 secs]2019-02-01T01:54:32.307+0000: 797047.264: [PhantomReference, 0 refs, 1 refs, 0.0000202 secs]2019-02-01T01:54:32.307+0000: 797047.264: [JNI Weak Reference, 0.0000315 secs]
Desired survivor size 106430464 bytes, new threshold 1 (max 15)
[PSYoungGen: 842828K->35399K(800256K)] 2429383K->1627070K(3871744K), 0.0238476 secs] [Times: user=0.19 sys=0.01, real=0.02 secs] 
2019-02-01T01:54:32.315+0000: 797047.272: Total time for which application threads were stopped: 0.0318353 seconds, Stopping threads took: 0.0002932 seconds
2019-02-01T01:54:34.880+0000: 797049.838: Application time: 2.5651666 seconds
2019-02-01T01:54:34.889+0000: 797049.847: Total time for which application threads were stopped: 0.0091833 seconds, Stopping threads took: 0.0038135 seconds
2019-02-01T01:54:34.890+0000: 797049.847: Application time: 0.0006369 seconds
2019-02-01T01:54:34.897+0000: 797049.855: [GC (GCLocker Initiated GC) 2019-02-01T01:54:34.908+0000: 797049.866: [SoftReference, 0 refs, 0.0000493 secs]2019-02-01T01:54:34.908+0000: 797049.866: [WeakReference, 17 refs, 0.0000165 secs]2019-02-01T01:54:34.908+0000: 797049.866: [FinalReference, 397 refs, 0.0002110 secs]2019-02-01T01:54:34.908+0000: 797049.866: [PhantomReference, 0 refs, 1 refs, 0.0000102 secs]2019-02-01T01:54:34.908+0000: 797049.866: [JNI Weak Reference, 0.0000191 secs]
Desired survivor size 106954752 bytes, new threshold 1 (max 15)
[PSYoungGen: 799815K->24420K(851968K)] 2394827K->1622648K(3923456K), 0.0155325 secs] [Times: user=0.17 sys=0.01, real=0.02 secs] 
2019-02-01T01:54:34.913+0000: 797049.871: Total time for which application threads were stopped: 0.0233722 seconds, Stopping threads took: 0.0002617 seconds
2019-02-01T01:54:37.280+0000: 797052.238: Application time: 2.3667425 seconds
2019-02-01T01:54:37.288+0000: 797052.246: Total time for which application threads were stopped: 0.0079261 seconds, Stopping threads took: 0.0003273 seconds
2019-02-01T01:54:37.289+0000: 797052.247: Application time: 0.0014224 seconds
2019-02-01T01:54:37.301+0000: 797052.259: [GC (GCLocker Initiated GC) 2019-02-01T01:54:37.316+0000: 797052.274: [SoftReference, 0 refs, 0.0000626 secs]2019-02-01T01:54:37.316+0000: 797052.274: [WeakReference, 20 refs, 0.0000268 secs]2019-02-01T01:54:37.316+0000: 797052.274: [FinalReference, 395 refs, 0.0002522 secs]2019-02-01T01:54:37.316+0000: 797052.274: [PhantomReference, 0 refs, 0 refs, 0.0000188 secs]2019-02-01T01:54:37.316+0000: 797052.274: [JNI Weak Reference, 0.0000398 secs]
Desired survivor size 102236160 bytes, new threshold 1 (max 15)
[PSYoungGen: 780132K->54341K(802304K)] 2385014K->1661692K(3873792K), 0.0240680 secs] [Times: user=0.24 sys=0.01, real=0.02 secs] 
2019-02-01T01:54:37.326+0000: 797052.283: Total time for which application threads were stopped: 0.0365153 seconds, Stopping threads took: 0.0045617 seconds
2019-02-01T01:54:39.777+0000: 797054.735: Application time: 2.4512539 seconds
2019-02-01T01:54:39.785+0000: 797054.743: Total time for which application threads were stopped: 0.0078976 seconds, Stopping threads took: 0.0004751 seconds
2019-02-01T01:54:39.785+0000: 797054.743: Application time: 0.0006461 seconds
2019-02-01T01:54:39.793+0000: 797054.751: [GC (GCLocker Initiated GC) 2019-02-01T01:54:39.808+0000: 797054.765: [SoftReference, 0 refs, 0.0000768 secs]2019-02-01T01:54:39.808+0000: 797054.766: [WeakReference, 57 refs, 0.0000426 secs]2019-02-01T01:54:39.808+0000: 797054.766: [FinalReference, 347 refs, 0.0002481 secs]2019-02-01T01:54:39.808+0000: 797054.766: [PhantomReference, 0 refs, 0 refs, 0.0000182 secs]2019-02-01T01:54:39.808+0000: 797054.766: [JNI Weak Reference, 0.0000325 secs]
Desired survivor size 100663296 bytes, new threshold 1 (max 15)
[PSYoungGen: 801861K->61099K(827904K)] 2418937K->1681332K(3899392K), 0.0217352 secs] [Times: user=0.21 sys=0.01, real=0.02 secs] 
2019-02-01T01:54:39.815+0000: 797054.773: Total time for which application threads were stopped: 0.0296495 seconds, Stopping threads took: 0.0003497 seconds
2019-02-01T01:54:40.369+0000: 797055.327: Application time: 0.5538366 seconds
2019-02-01T01:54:40.377+0000: 797055.335: Total time for which application threads were stopped: 0.0077853 seconds, Stopping threads took: 0.0002730 seconds
2019-02-01T01:54:42.110+0000: 797057.068: Application time: 1.7331592 seconds
2019-02-01T01:54:42.117+0000: 797057.075: Total time for which application threads were stopped: 0.0071408 seconds, Stopping threads took: 0.0002419 seconds
2019-02-01T01:54:42.118+0000: 797057.076: Application time: 0.0008887 seconds
2019-02-01T01:54:42.125+0000: 797057.083: [GC (GCLocker Initiated GC) 2019-02-01T01:54:42.142+0000: 797057.100: [SoftReference, 0 refs, 0.0000782 secs]2019-02-01T01:54:42.142+0000: 797057.100: [WeakReference, 35 refs, 0.0000314 secs]2019-02-01T01:54:42.142+0000: 797057.100: [FinalReference, 369 refs, 0.0002533 secs]2019-02-01T01:54:42.142+0000: 797057.100: [PhantomReference, 0 refs, 0 refs, 0.0000186 secs]2019-02-01T01:54:42.142+0000: 797057.100: [JNI Weak Reference, 0.0000333 secs]
Desired survivor size 110624768 bytes, new threshold 1 (max 15)
[PSYoungGen: 800427K->91340K(829440K)] 2424032K->1719252K(3900928K), 0.0217457 secs] [Times: user=0.24 sys=0.00, real=0.02 secs] 
2019-02-01T01:54:42.147+0000: 797057.105: Total time for which application threads were stopped: 0.0293880 seconds, Stopping threads took: 0.0002499 seconds
2019-02-01T01:54:44.729+0000: 797059.687: Application time: 2.5818910 seconds
2019-02-01T01:54:44.735+0000: 797059.693: Total time for which application threads were stopped: 0.0057088 seconds, Stopping threads took: 0.0002345 seconds
2019-02-01T01:54:44.735+0000: 797059.693: Application time: 0.0004363 seconds
2019-02-01T01:54:44.741+0000: 797059.699: [GC (GCLocker Initiated GC) 2019-02-01T01:54:44.755+0000: 797059.713: [SoftReference, 0 refs, 0.0000742 secs]2019-02-01T01:54:44.756+0000: 797059.713: [WeakReference, 39 refs, 0.0000356 secs]2019-02-01T01:54:44.756+0000: 797059.713: [FinalReference, 389 refs, 0.0002541 secs]2019-02-01T01:54:44.756+0000: 797059.714: [PhantomReference, 0 refs, 0 refs, 0.0000178 secs]2019-02-01T01:54:44.756+0000: 797059.714: [JNI Weak Reference, 0.0000329 secs]
Desired survivor size 107479040 bytes, new threshold 1 (max 15)
[PSYoungGen: 822476K->62531K(817664K)] 2450409K->1693371K(3889152K), 0.0204361 secs] [Times: user=0.22 sys=0.01, real=0.02 secs] 
2019-02-01T01:54:44.761+0000: 797059.719: Total time for which application threads were stopped: 0.0259799 seconds, Stopping threads took: 0.0001106 seconds
2019-02-01T01:54:47.181+0000: 797062.139: Application time: 2.4195807 seconds
2019-02-01T01:54:47.187+0000: 797062.145: Total time for which application threads were stopped: 0.0061815 seconds, Stopping threads took: 0.0004324 seconds
2019-02-01T01:54:47.188+0000: 797062.146: Application time: 0.0006192 seconds
2019-02-01T01:54:47.193+0000: 797062.151: [GC (GCLocker Initiated GC) 2019-02-01T01:54:47.208+0000: 797062.166: [SoftReference, 0 refs, 0.0000548 secs]2019-02-01T01:54:47.208+0000: 797062.166: [WeakReference, 35 refs, 0.0000215 secs]2019-02-01T01:54:47.208+0000: 797062.166: [FinalReference, 351 refs, 0.0001851 secs]2019-02-01T01:54:47.208+0000: 797062.166: [PhantomReference, 0 refs, 0 refs, 0.0000096 secs]2019-02-01T01:54:47.208+0000: 797062.166: [JNI Weak Reference, 0.0000188 secs]
Desired survivor size 104857600 bytes, new threshold 1 (max 15)
[PSYoungGen: 785987K->63094K(779264K)] 2416862K->1701202K(3850752K), 0.0198911 secs] [Times: user=0.24 sys=0.01, real=0.02 secs] 
2019-02-01T01:54:47.214+0000: 797062.171: Total time for which application threads were stopped: 0.0259067 seconds, Stopping threads took: 0.0001632 seconds
2019-02-01T01:54:49.348+0000: 797064.306: Application time: 2.1346761 seconds
2019-02-01T01:54:49.354+0000: 797064.312: Total time for which application threads were stopped: 0.0057032 seconds, Stopping threads took: 0.0002070 seconds
2019-02-01T01:54:49.355+0000: 797064.312: Application time: 0.0005260 seconds
2019-02-01T01:54:49.361+0000: 797064.319: [GC (GCLocker Initiated GC) 2019-02-01T01:54:49.377+0000: 797064.335: [SoftReference, 0 refs, 0.0000692 secs]2019-02-01T01:54:49.378+0000: 797064.335: [WeakReference, 12 refs, 0.0000255 secs]2019-02-01T01:54:49.378+0000: 797064.335: [FinalReference, 331 refs, 0.0002409 secs]2019-02-01T01:54:49.378+0000: 797064.336: [PhantomReference, 0 refs, 0 refs, 0.0000193 secs]2019-02-01T01:54:49.378+0000: 797064.336: [JNI Weak Reference, 0.0000323 secs]
Desired survivor size 103809024 bytes, new threshold 1 (max 15)
[PSYoungGen: 778870K->39266K(800768K)] 2420562K->1683966K(3872256K), 0.0241898 secs] [Times: user=0.28 sys=0.00, real=0.03 secs] 
2019-02-01T01:54:49.385+0000: 797064.343: Total time for which application threads were stopped: 0.0307375 seconds, Stopping threads took: 0.0002542 seconds
2019-02-01T01:54:51.359+0000: 797066.317: Application time: 1.9738367 seconds
2019-02-01T01:54:51.367+0000: 797066.325: Total time for which application threads were stopped: 0.0075244 seconds, Stopping threads took: 0.0002523 seconds
2019-02-01T01:54:51.368+0000: 797066.325: Application time: 0.0009558 seconds
2019-02-01T01:54:51.375+0000: 797066.333: [GC (GCLocker Initiated GC) 2019-02-01T01:54:51.389+0000: 797066.347: [SoftReference, 0 refs, 0.0000728 secs]2019-02-01T01:54:51.389+0000: 797066.347: [WeakReference, 42 refs, 0.0000331 secs]2019-02-01T01:54:51.389+0000: 797066.347: [FinalReference, 319 refs, 0.0002338 secs]2019-02-01T01:54:51.389+0000: 797066.347: [PhantomReference, 0 refs, 1 refs, 0.0000192 secs]2019-02-01T01:54:51.389+0000: 797066.347: [JNI Weak Reference, 0.0000322 secs]
Desired survivor size 100663296 bytes, new threshold 1 (max 15)
[PSYoungGen: 747362K->46063K(747008K)] 2395441K->1698875K(3818496K), 0.0209846 secs] [Times: user=0.21 sys=0.01, real=0.02 secs] 
2019-02-01T01:54:51.396+0000: 797066.354: Total time for which application threads were stopped: 0.0285201 seconds, Stopping threads took: 0.0005620 seconds
2019-02-01T01:54:53.759+0000: 797068.717: Application time: 2.3632441 seconds
2019-02-01T01:54:53.765+0000: 797068.723: [GC (Allocation Failure) 2019-02-01T01:54:53.776+0000: 797068.734: [SoftReference, 0 refs, 0.0000782 secs]2019-02-01T01:54:53.776+0000: 797068.734: [WeakReference, 55 refs, 0.0000435 secs]2019-02-01T01:54:53.776+0000: 797068.734: [FinalReference, 369 refs, 0.0002821 secs]2019-02-01T01:54:53.776+0000: 797068.734: [PhantomReference, 0 refs, 0 refs, 0.0000181 secs]2019-02-01T01:54:53.776+0000: 797068.734: [JNI Weak Reference, 0.0000301 secs]
Desired survivor size 101187584 bytes, new threshold 1 (max 15)
[PSYoungGen: 746991K->28557K(785920K)] 2399806K->1683950K(3857408K), 0.0174784 secs] [Times: user=0.18 sys=0.00, real=0.02 secs] 
2019-02-01T01:54:53.783+0000: 797068.741: Total time for which application threads were stopped: 0.0234816 seconds, Stopping threads took: 0.0001603 seconds
2019-02-01T01:54:56.366+0000: 797071.324: Application time: 2.5829653 seconds
2019-02-01T01:54:56.374+0000: 797071.331: Total time for which application threads were stopped: 0.0076851 seconds, Stopping threads took: 0.0002549 seconds
2019-02-01T01:54:56.374+0000: 797071.332: Application time: 0.0004501 seconds
2019-02-01T01:54:56.381+0000: 797071.339: [GC (GCLocker Initiated GC) 2019-02-01T01:54:56.395+0000: 797071.353: [SoftReference, 0 refs, 0.0000534 secs]2019-02-01T01:54:56.395+0000: 797071.353: [WeakReference, 29 refs, 0.0000210 secs]2019-02-01T01:54:56.395+0000: 797071.353: [FinalReference, 408 refs, 0.0003225 secs]2019-02-01T01:54:56.396+0000: 797071.353: [PhantomReference, 0 refs, 0 refs, 0.0000195 secs]2019-02-01T01:54:56.396+0000: 797071.353: [JNI Weak Reference, 0.0000323 secs]
Desired survivor size 96468992 bytes, new threshold 1 (max 15)
[PSYoungGen: 722317K->51570K(738304K)] 2377980K->1709650K(3809792K), 0.0222119 secs] [Times: user=0.20 sys=0.01, real=0.03 secs] 
2019-02-01T01:54:56.404+0000: 797071.361: Total time for which application threads were stopped: 0.0295241 seconds, Stopping threads took: 0.0001595 seconds
2019-02-01T01:54:58.237+0000: 797073.195: Application time: 1.8332381 seconds
2019-02-01T01:54:58.242+0000: 797073.200: Total time for which application threads were stopped: 0.0054022 seconds, Stopping threads took: 0.0002182 seconds
2019-02-01T01:54:58.243+0000: 797073.200: Application time: 0.0003604 seconds
2019-02-01T01:54:58.249+0000: 797073.207: [GC (GCLocker Initiated GC) 2019-02-01T01:54:58.260+0000: 797073.218: [SoftReference, 0 refs, 0.0000535 secs]2019-02-01T01:54:58.260+0000: 797073.218: [WeakReference, 24 refs, 0.0000301 secs]2019-02-01T01:54:58.260+0000: 797073.218: [FinalReference, 302 refs, 0.0002088 secs]2019-02-01T01:54:58.260+0000: 797073.218: [PhantomReference, 0 refs, 0 refs, 0.0000157 secs]2019-02-01T01:54:58.260+0000: 797073.218: [JNI Weak Reference, 0.0000270 secs]
Desired survivor size 93847552 bytes, new threshold 1 (max 15)
[PSYoungGen: 738162K->43231K(761344K)] 2396260K->1704660K(3832832K), 0.0197464 secs] [Times: user=0.19 sys=0.00, real=0.02 secs] 
2019-02-01T01:54:58.269+0000: 797073.227: Total time for which application threads were stopped: 0.0261983 seconds, Stopping threads took: 0.0010645 seconds
2019-02-01T01:55:00.326+0000: 797075.284: Application time: 2.0572361 seconds
2019-02-01T01:55:00.332+0000: 797075.290: Total time for which application threads were stopped: 0.0062864 seconds, Stopping threads took: 0.0003258 seconds
2019-02-01T01:55:00.334+0000: 797075.292: Application time: 0.0015944 seconds
2019-02-01T01:55:00.340+0000: 797075.298: [GC (GCLocker Initiated GC) 2019-02-01T01:55:00.353+0000: 797075.311: [SoftReference, 0 refs, 0.0000601 secs]2019-02-01T01:55:00.353+0000: 797075.311: [WeakReference, 19 refs, 0.0000250 secs]2019-02-01T01:55:00.353+0000: 797075.311: [FinalReference, 353 refs, 0.0002362 secs]2019-02-01T01:55:00.354+0000: 797075.311: [PhantomReference, 0 refs, 1 refs, 0.0000174 secs]2019-02-01T01:55:00.354+0000: 797075.311: [JNI Weak Reference, 0.0000274 secs]
Desired survivor size 94896128 bytes, new threshold 1 (max 15)
[PSYoungGen: 722655K->64638K(737792K)] 2387478K->1733327K(3809280K), 0.0188711 secs] [Times: user=0.25 sys=0.00, real=0.02 secs] 
2019-02-01T01:55:00.360+0000: 797075.317: Total time for which application threads were stopped: 0.0256797 seconds, Stopping threads took: 0.0001787 seconds
2019-02-01T01:55:01.891+0000: 797076.848: Application time: 1.5310854 seconds
2019-02-01T01:55:01.897+0000: 797076.855: Total time for which application threads were stopped: 0.0064147 seconds, Stopping threads took: 0.0002039 seconds
2019-02-01T01:55:03.040+0000: 797077.998: Application time: 1.1431480 seconds
2019-02-01T01:55:03.048+0000: 797078.006: Total time for which application threads were stopped: 0.0077015 seconds, Stopping threads took: 0.0002157 seconds
2019-02-01T01:55:03.048+0000: 797078.006: Application time: 0.0004858 seconds
2019-02-01T01:55:03.056+0000: 797078.014: [GC (GCLocker Initiated GC) 2019-02-01T01:55:03.065+0000: 797078.023: [SoftReference, 0 refs, 0.0000819 secs]2019-02-01T01:55:03.065+0000: 797078.023: [WeakReference, 2 refs, 0.0000234 secs]2019-02-01T01:55:03.065+0000: 797078.023: [FinalReference, 405 refs, 0.0003126 secs]2019-02-01T01:55:03.066+0000: 797078.023: [PhantomReference, 0 refs, 0 refs, 0.0000192 secs]2019-02-01T01:55:03.066+0000: 797078.023: [JNI Weak Reference, 0.0000319 secs]
Desired survivor size 96468992 bytes, new threshold 1 (max 15)
[PSYoungGen: 737406K->21149K(755200K)] 2406113K->1693721K(3826688K), 0.0159700 secs] [Times: user=0.18 sys=0.00, real=0.01 secs] 
2019-02-01T01:55:03.072+0000: 797078.030: Total time for which application threads were stopped: 0.0234669 seconds, Stopping threads took: 0.0001787 seconds
2019-02-01T01:55:05.512+0000: 797080.470: Application time: 2.4402851 seconds
2019-02-01T01:55:05.520+0000: 797080.477: Total time for which application threads were stopped: 0.0073989 seconds, Stopping threads took: 0.0001485 seconds
2019-02-01T01:55:05.520+0000: 797080.478: Application time: 0.0002444 seconds
2019-02-01T01:55:05.528+0000: 797080.485: [GC (GCLocker Initiated GC) 2019-02-01T01:55:05.540+0000: 797080.497: [SoftReference, 0 refs, 0.0000707 secs]2019-02-01T01:55:05.540+0000: 797080.497: [WeakReference, 5 refs, 0.0000205 secs]2019-02-01T01:55:05.540+0000: 797080.498: [FinalReference, 345 refs, 0.0002536 secs]2019-02-01T01:55:05.540+0000: 797080.498: [PhantomReference, 0 refs, 1 refs, 0.0000196 secs]2019-02-01T01:55:05.540+0000: 797080.498: [JNI Weak Reference, 0.0000322 secs]
Desired survivor size 95944704 bytes, new threshold 1 (max 15)
[PSYoungGen: 687261K->24820K(684544K)] 2363166K->1704117K(3756032K), 0.0194363 secs] [Times: user=0.16 sys=0.00, real=0.02 secs] 
2019-02-01T01:55:05.547+0000: 797080.505: Total time for which application threads were stopped: 0.0273097 seconds, Stopping threads took: 0.0005425 seconds
2019-02-01T01:55:08.412+0000: 797083.370: Application time: 2.8645333 seconds
2019-02-01T01:55:08.419+0000: 797083.377: Total time for which application threads were stopped: 0.0076447 seconds, Stopping threads took: 0.0002614 seconds
2019-02-01T01:55:08.420+0000: 797083.377: Application time: 0.0001802 seconds
2019-02-01T01:55:08.427+0000: 797083.385: Total time for which application threads were stopped: 0.0075189 seconds, Stopping threads took: 0.0002330 seconds
2019-02-01T01:55:08.428+0000: 797083.386: Application time: 0.0008548 seconds
2019-02-01T01:55:08.435+0000: 797083.393: [GC (GCLocker Initiated GC) 2019-02-01T01:55:08.448+0000: 797083.406: [SoftReference, 0 refs, 0.0000674 secs]2019-02-01T01:55:08.448+0000: 797083.406: [WeakReference, 11 refs, 0.0000295 secs]2019-02-01T01:55:08.448+0000: 797083.406: [FinalReference, 311 refs, 0.0002301 secs]2019-02-01T01:55:08.449+0000: 797083.407: [PhantomReference, 0 refs, 1 refs, 0.0000188 secs]2019-02-01T01:55:08.449+0000: 797083.407: [JNI Weak Reference, 0.0000319 secs]
Desired survivor size 93847552 bytes, new threshold 1 (max 15)
[PSYoungGen: 684276K->33344K(735744K)] 2367023K->1717864K(3807232K), 0.0208872 secs] [Times: user=0.18 sys=0.00, real=0.02 secs] 
2019-02-01T01:55:08.456+0000: 797083.414: Total time for which application threads were stopped: 0.0285078 seconds, Stopping threads took: 0.0002689 seconds
2019-02-01T01:55:10.641+0000: 797085.599: Application time: 2.1850097 seconds
2019-02-01T01:55:10.649+0000: 797085.607: Total time for which application threads were stopped: 0.0072863 seconds, Stopping threads took: 0.0002453 seconds
2019-02-01T01:55:10.649+0000: 797085.607: Application time: 0.0006838 seconds
2019-02-01T01:55:10.657+0000: 797085.614: [GC (GCLocker Initiated GC) 2019-02-01T01:55:10.667+0000: 797085.625: [SoftReference, 0 refs, 0.0000719 secs]2019-02-01T01:55:10.667+0000: 797085.625: [WeakReference, 32 refs, 0.0000354 secs]2019-02-01T01:55:10.667+0000: 797085.625: [FinalReference, 324 refs, 0.0002608 secs]2019-02-01T01:55:10.667+0000: 797085.625: [PhantomReference, 0 refs, 0 refs, 0.0000189 secs]2019-02-01T01:55:10.667+0000: 797085.625: [JNI Weak Reference, 0.0000323 secs]
Desired survivor size 93847552 bytes, new threshold 1 (max 15)
[PSYoungGen: 686144K->19734K(666624K)] 2370694K->1705584K(3738112K), 0.0156514 secs] [Times: user=0.15 sys=0.00, real=0.01 secs] 
2019-02-01T01:55:10.672+0000: 797085.630: Total time for which application threads were stopped: 0.0230501 seconds, Stopping threads took: 0.0001717 seconds
2019-02-01T01:55:12.700+0000: 797087.658: Application time: 2.0272308 seconds
2019-02-01T01:55:12.705+0000: 797087.663: Total time for which application threads were stopped: 0.0054978 seconds, Stopping threads took: 0.0003029 seconds
2019-02-01T01:55:12.706+0000: 797087.664: Application time: 0.0005698 seconds
2019-02-01T01:55:12.711+0000: 797087.669: [GC (GCLocker Initiated GC) 2019-02-01T01:55:12.733+0000: 797087.690: [SoftReference, 0 refs, 0.0000582 secs]2019-02-01T01:55:12.733+0000: 797087.691: [WeakReference, 8 refs, 0.0000141 secs]2019-02-01T01:55:12.733+0000: 797087.691: [FinalReference, 304 refs, 0.0001639 secs]2019-02-01T01:55:12.733+0000: 797087.691: [PhantomReference, 0 refs, 0 refs, 0.0000109 secs]2019-02-01T01:55:12.733+0000: 797087.691: [JNI Weak Reference, 0.0000203 secs]
Desired survivor size 96993280 bytes, new threshold 1 (max 15)
[PSYoungGen: 666390K->65509K(732160K)] 2352298K->1754298K(3803648K), 0.0250256 secs] [Times: user=0.41 sys=0.02, real=0.03 secs] 
2019-02-01T01:55:12.736+0000: 797087.694: Total time for which application threads were stopped: 0.0306011 seconds, Stopping threads took: 0.0002315 seconds
2019-02-01T01:55:14.928+0000: 797089.886: Application time: 2.1919506 seconds
2019-02-01T01:55:14.934+0000: 797089.892: [GC (Allocation Failure) 2019-02-01T01:55:14.944+0000: 797089.902: [SoftReference, 0 refs, 0.0000545 secs]2019-02-01T01:55:14.944+0000: 797089.902: [WeakReference, 21 refs, 0.0000157 secs]2019-02-01T01:55:14.944+0000: 797089.902: [FinalReference, 298 refs, 0.0001601 secs]2019-02-01T01:55:14.944+0000: 797089.902: [PhantomReference, 0 refs, 0 refs, 0.0000095 secs]2019-02-01T01:55:14.944+0000: 797089.902: [JNI Weak Reference, 0.0000171 secs]
Desired survivor size 94896128 bytes, new threshold 1 (max 15)
[PSYoungGen: 706021K->29954K(664576K)] 2398135K->1725096K(3736064K), 0.0144928 secs] [Times: user=0.17 sys=0.00, real=0.02 secs] 
2019-02-01T01:55:14.949+0000: 797089.907: Total time for which application threads were stopped: 0.0207127 seconds, Stopping threads took: 0.0008048 seconds
2019-02-01T01:55:17.325+0000: 797092.283: Application time: 2.3761868 seconds
2019-02-01T01:55:17.332+0000: 797092.290: Total time for which application threads were stopped: 0.0072316 seconds, Stopping threads took: 0.0001984 seconds
2019-02-01T01:55:17.333+0000: 797092.290: Application time: 0.0001487 seconds
2019-02-01T01:55:17.340+0000: 797092.298: Total time for which application threads were stopped: 0.0071650 seconds, Stopping threads took: 0.0002741 seconds
2019-02-01T01:55:17.340+0000: 797092.298: Application time: 0.0002941 seconds
2019-02-01T01:55:17.346+0000: 797092.303: [GC (GCLocker Initiated GC) 2019-02-01T01:55:17.361+0000: 797092.319: [SoftReference, 0 refs, 0.0000563 secs]2019-02-01T01:55:17.362+0000: 797092.319: [WeakReference, 7 refs, 0.0000125 secs]2019-02-01T01:55:17.362+0000: 797092.319: [FinalReference, 365 refs, 0.0001796 secs]2019-02-01T01:55:17.362+0000: 797092.320: [PhantomReference, 0 refs, 0 refs, 0.0000095 secs]2019-02-01T01:55:17.362+0000: 797092.320: [JNI Weak Reference, 0.0000178 secs]
Desired survivor size 92798976 bytes, new threshold 1 (max 15)
[PSYoungGen: 664322K->28322K(710656K)] 2359644K->1726669K(3782144K), 0.0233056 secs] [Times: user=0.24 sys=0.01, real=0.02 secs] 
2019-02-01T01:55:17.369+0000: 797092.327: Total time for which application threads were stopped: 0.0290452 seconds, Stopping threads took: 0.0002332 seconds
2019-02-01T01:55:19.828+0000: 797094.785: Application time: 2.4583920 seconds
2019-02-01T01:55:19.835+0000: 797094.793: Total time for which application threads were stopped: 0.0077448 seconds, Stopping threads took: 0.0002178 seconds
2019-02-01T01:55:19.836+0000: 797094.794: Application time: 0.0011590 seconds
2019-02-01T01:55:19.842+0000: 797094.800: [GC (GCLocker Initiated GC) 2019-02-01T01:55:19.852+0000: 797094.810: [SoftReference, 0 refs, 0.0000738 secs]2019-02-01T01:55:19.852+0000: 797094.810: [WeakReference, 9 refs, 0.0000230 secs]2019-02-01T01:55:19.852+0000: 797094.810: [FinalReference, 346 refs, 0.0002619 secs]2019-02-01T01:55:19.853+0000: 797094.811: [PhantomReference, 0 refs, 0 refs, 0.0000199 secs]2019-02-01T01:55:19.853+0000: 797094.811: [JNI Weak Reference, 0.0000313 secs]
Desired survivor size 89128960 bytes, new threshold 1 (max 15)
[PSYoungGen: 656546K->33747K(656384K)] 2355524K->1735218K(3727872K), 0.0181029 secs] [Times: user=0.18 sys=0.01, real=0.02 secs] 
2019-02-01T01:55:19.860+0000: 797094.818: Total time for which application threads were stopped: 0.0238592 seconds, Stopping threads took: 0.0002038 seconds
2019-02-01T01:55:21.972+0000: 797096.929: Application time: 2.1111785 seconds
2019-02-01T01:55:21.977+0000: 797096.935: Total time for which application threads were stopped: 0.0053951 seconds, Stopping threads took: 0.0001989 seconds
2019-02-01T01:55:21.978+0000: 797096.936: Application time: 0.0007933 seconds
2019-02-01T01:55:21.983+0000: 797096.941: [GC (GCLocker Initiated GC) 2019-02-01T01:55:21.997+0000: 797096.954: [SoftReference, 0 refs, 0.0000527 secs]2019-02-01T01:55:21.997+0000: 797096.954: [WeakReference, 82 refs, 0.0000333 secs]2019-02-01T01:55:21.997+0000: 797096.955: [FinalReference, 337 refs, 0.0001679 secs]2019-02-01T01:55:21.997+0000: 797096.955: [PhantomReference, 0 refs, 0 refs, 0.0000116 secs]2019-02-01T01:55:21.997+0000: 797096.955: [JNI Weak Reference, 0.0000204 secs]
Desired survivor size 85983232 bytes, new threshold 1 (max 15)
[PSYoungGen: 656339K->45833K(692224K)] 2357842K->1749608K(3763712K), 0.0188311 secs] [Times: user=0.25 sys=0.01, real=0.02 secs] 
2019-02-01T01:55:22.002+0000: 797096.960: Total time for which application threads were stopped: 0.0246371 seconds, Stopping threads took: 0.0001406 seconds
2019-02-01T01:55:24.045+0000: 797099.002: Application time: 2.0422660 seconds
2019-02-01T01:55:24.052+0000: 797099.009: [GC (Allocation Failure) 2019-02-01T01:55:24.065+0000: 797099.023: [SoftReference, 0 refs, 0.0000569 secs]2019-02-01T01:55:24.065+0000: 797099.023: [WeakReference, 4 refs, 0.0000383 secs]2019-02-01T01:55:24.065+0000: 797099.023: [FinalReference, 338 refs, 0.0002187 secs]2019-02-01T01:55:24.065+0000: 797099.023: [PhantomReference, 0 refs, 0 refs, 0.0000135 secs]2019-02-01T01:55:24.065+0000: 797099.023: [JNI Weak Reference, 0.0000225 secs]
Desired survivor size 86507520 bytes, new threshold 1 (max 15)
[PSYoungGen: 662793K->53583K(665088K)] 2366570K->1759508K(3736576K), 0.0183345 secs] [Times: user=0.21 sys=0.00, real=0.02 secs] 
2019-02-01T01:55:24.070+0000: 797099.028: Total time for which application threads were stopped: 0.0254936 seconds, Stopping threads took: 0.0002346 seconds
2019-02-01T01:55:25.804+0000: 797100.761: Application time: 1.7334842 seconds
2019-02-01T01:55:25.809+0000: 797100.767: Total time for which application threads were stopped: 0.0057888 seconds, Stopping threads took: 0.0005910 seconds
2019-02-01T01:55:25.810+0000: 797100.768: Application time: 0.0008630 seconds
2019-02-01T01:55:25.820+0000: 797100.778: [GC (GCLocker Initiated GC) 2019-02-01T01:55:25.835+0000: 797100.793: [SoftReference, 0 refs, 0.0000717 secs]2019-02-01T01:55:25.835+0000: 797100.793: [WeakReference, 16 refs, 0.0000256 secs]2019-02-01T01:55:25.835+0000: 797100.793: [FinalReference, 287 refs, 0.0002121 secs]2019-02-01T01:55:25.835+0000: 797100.793: [PhantomReference, 0 refs, 0 refs, 0.0000197 secs]2019-02-01T01:55:25.835+0000: 797100.793: [JNI Weak Reference, 0.0000343 secs]
Desired survivor size 93847552 bytes, new threshold 1 (max 15)
[PSYoungGen: 662526K->74455K(688640K)] 2371771K->1786983K(3760128K), 0.0208680 secs] [Times: user=0.22 sys=0.01, real=0.02 secs] 
2019-02-01T01:55:25.841+0000: 797100.799: Total time for which application threads were stopped: 0.0305800 seconds, Stopping threads took: 0.0006601 seconds
2019-02-01T01:55:27.570+0000: 797102.528: Application time: 1.7290388 seconds
2019-02-01T01:55:27.581+0000: 797102.539: Total time for which application threads were stopped: 0.0109310 seconds, Stopping threads took: 0.0022811 seconds
2019-02-01T01:55:27.582+0000: 797102.540: Application time: 0.0014757 seconds
2019-02-01T01:55:27.591+0000: 797102.549: [GC (GCLocker Initiated GC) 2019-02-01T01:55:27.605+0000: 797102.563: [SoftReference, 0 refs, 0.0000518 secs]2019-02-01T01:55:27.606+0000: 797102.563: [WeakReference, 20 refs, 0.0000159 secs]2019-02-01T01:55:27.606+0000: 797102.563: [FinalReference, 300 refs, 0.0001389 secs]2019-02-01T01:55:27.606+0000: 797102.564: [PhantomReference, 0 refs, 1 refs, 0.0000104 secs]2019-02-01T01:55:27.606+0000: 797102.564: [JNI Weak Reference, 0.0000199 secs]
Desired survivor size 92274688 bytes, new threshold 1 (max 15)
[PSYoungGen: 678615K->53341K(695808K)] 2391264K->1769784K(3767296K), 0.0180579 secs] [Times: user=0.26 sys=0.00, real=0.02 secs] 
2019-02-01T01:55:27.609+0000: 797102.567: Total time for which application threads were stopped: 0.0270622 seconds, Stopping threads took: 0.0004870 seconds
2019-02-01T01:55:29.517+0000: 797104.475: Application time: 1.9079132 seconds
2019-02-01T01:55:29.526+0000: 797104.484: Total time for which application threads were stopped: 0.0085470 seconds, Stopping threads took: 0.0004694 seconds
2019-02-01T01:55:29.527+0000: 797104.485: Application time: 0.0010914 seconds
2019-02-01T01:55:29.539+0000: 797104.497: [GC (GCLocker Initiated GC) 2019-02-01T01:55:32.151+0000: 797107.108: [SoftReference, 0 refs, 0.0000684 secs]2019-02-01T01:55:32.151+0000: 797107.108: [WeakReference, 3 refs, 0.0000150 secs]2019-02-01T01:55:32.151+0000: 797107.108: [FinalReference, 329 refs, 0.0002141 secs]2019-02-01T01:55:32.151+0000: 797107.109: [PhantomReference, 0 refs, 2 refs, 0.0000156 secs]2019-02-01T01:55:32.151+0000: 797107.109: [JNI Weak Reference, 0.0000259 secs]
Desired survivor size 88080384 bytes, new threshold 1 (max 15)
[PSYoungGen: 657501K->44031K(803840K)] 2377562K->1769353K(3875328K), 2.6153509 secs] [Times: user=49.05 sys=8.23, real=2.61 secs] 
2019-02-01T01:55:32.155+0000: 797107.113: Total time for which application threads were stopped: 2.6279808 seconds, Stopping threads took: 0.0043166 seconds
2019-02-01T01:55:33.604+0000: 797108.562: Application time: 1.4493572 seconds
2019-02-01T01:55:33.612+0000: 797108.570: Total time for which application threads were stopped: 0.0080615 seconds, Stopping threads took: 0.0006095 seconds
2019-02-01T01:55:33.613+0000: 797108.570: Application time: 0.0002865 seconds
2019-02-01T01:55:33.620+0000: 797108.578: [GC (GCLocker Initiated GC) 2019-02-01T01:55:33.632+0000: 797108.590: [SoftReference, 0 refs, 0.0000742 secs]2019-02-01T01:55:33.632+0000: 797108.590: [WeakReference, 20 refs, 0.0000274 secs]2019-02-01T01:55:33.632+0000: 797108.590: [FinalReference, 383 refs, 0.0002741 secs]2019-02-01T01:55:33.633+0000: 797108.590: [PhantomReference, 0 refs, 3 refs, 0.0000214 secs]2019-02-01T01:55:33.633+0000: 797108.590: [JNI Weak Reference, 0.0000413 secs]
Desired survivor size 84934656 bytes, new threshold 1 (max 15)
[PSYoungGen: 757759K->41039K(799744K)] 2493050K->1779004K(3871232K), 0.0177106 secs] [Times: user=0.23 sys=0.00, real=0.02 secs] 
2019-02-01T01:55:33.638+0000: 797108.596: Total time for which application threads were stopped: 0.0255170 seconds, Stopping threads took: 0.0008537 seconds
2019-02-01T01:55:35.939+0000: 797110.897: Application time: 2.3008397 seconds
2019-02-01T01:55:35.948+0000: 797110.906: Total time for which application threads were stopped: 0.0089305 seconds, Stopping threads took: 0.0003674 seconds
2019-02-01T01:55:35.949+0000: 797110.907: Application time: 0.0013972 seconds
2019-02-01T01:55:35.958+0000: 797110.916: [GC (GCLocker Initiated GC) 2019-02-01T01:55:45.794+0000: 797120.752: [SoftReference, 0 refs, 0.0000717 secs]2019-02-01T01:55:45.794+0000: 797120.752: [WeakReference, 39 refs, 0.0000410 secs]2019-02-01T01:55:45.794+0000: 797120.752: [FinalReference, 417 refs, 0.0004066 secs]2019-02-01T01:55:45.795+0000: 797120.752: [PhantomReference, 0 refs, 1 refs, 0.0000235 secs]2019-02-01T01:55:45.795+0000: 797120.753: [JNI Weak Reference, 0.0000485 secs]
Desired survivor size 94371840 bytes, new threshold 1 (max 15)
[PSYoungGen: 754767K->79834K(928768K)] 2496109K->1829969K(4000256K), 9.8427197 secs] [Times: user=11.15 sys=212.67, real=9.84 secs] 
2019-02-01T01:55:45.801+0000: 797120.759: Total time for which application threads were stopped: 9.8518988 seconds, Stopping threads took: 0.0003322 seconds
2019-02-01T01:55:45.807+0000: 797120.765: Application time: 0.0061075 seconds
2019-02-01T01:55:45.817+0000: 797120.775: Total time for which application threads were stopped: 0.0096378 seconds, Stopping threads took: 0.0010366 seconds
2019-02-01T01:55:48.224+0000: 797123.182: Application time: 2.4071646 seconds
2019-02-01T01:55:48.233+0000: 797123.191: Total time for which application threads were stopped: 0.0092547 seconds, Stopping threads took: 0.0003180 seconds
2019-02-01T01:55:48.235+0000: 797123.193: Application time: 0.0018386 seconds
2019-02-01T01:55:48.245+0000: 797123.203: [GC (GCLocker Initiated GC) 2019-02-01T01:55:48.262+0000: 797123.220: [SoftReference, 0 refs, 0.0000497 secs]2019-02-01T01:55:48.262+0000: 797123.220: [WeakReference, 35 refs, 0.0000229 secs]2019-02-01T01:55:48.262+0000: 797123.220: [FinalReference, 529 refs, 0.0003303 secs]2019-02-01T01:55:48.263+0000: 797123.221: [PhantomReference, 0 refs, 0 refs, 0.0000122 secs]2019-02-01T01:55:48.263+0000: 797123.221: [JNI Weak Reference, 0.0000191 secs]
Desired survivor size 90701824 bytes, new threshold 1 (max 15)
[PSYoungGen: 925658K->43433K(937984K)] 2675861K->1796576K(4009472K), 0.0218029 secs] [Times: user=0.27 sys=0.09, real=0.02 secs] 
2019-02-01T01:55:48.267+0000: 797123.225: Total time for which application threads were stopped: 0.0317170 seconds, Stopping threads took: 0.0002210 seconds
2019-02-01T01:55:51.226+0000: 797126.184: Application time: 2.9589753 seconds
2019-02-01T01:55:51.235+0000: 797126.193: [GC (Allocation Failure) 2019-02-01T01:55:51.250+0000: 797126.208: [SoftReference, 0 refs, 0.0000489 secs]2019-02-01T01:55:51.250+0000: 797126.208: [WeakReference, 29 refs, 0.0000167 secs]2019-02-01T01:55:51.250+0000: 797126.208: [FinalReference, 500 refs, 0.0002671 secs]2019-02-01T01:55:51.250+0000: 797126.208: [PhantomReference, 0 refs, 0 refs, 0.0000102 secs]2019-02-01T01:55:51.250+0000: 797126.208: [JNI Weak Reference, 0.0000248 secs]
Desired survivor size 91750400 bytes, new threshold 1 (max 15)
[PSYoungGen: 889257K->20644K(1101824K)] 2645732K->1783000K(4173312K), 0.0186096 secs] [Times: user=0.24 sys=0.03, real=0.02 secs] 
2019-02-01T01:55:51.254+0000: 797126.212: Total time for which application threads were stopped: 0.0279537 seconds, Stopping threads took: 0.0004391 seconds
2019-02-01T01:55:54.296+0000: 797129.253: Application time: 3.0416828 seconds
2019-02-01T01:55:55.731+0000: 797130.689: Total time for which application threads were stopped: 1.4354421 seconds, Stopping threads took: 1.4261863 seconds
2019-02-01T01:55:55.744+0000: 797130.702: Application time: 0.0131760 seconds
2019-02-01T01:55:55.754+0000: 797130.711: [GC (GCLocker Initiated GC) 2019-02-01T01:55:58.818+0000: 797133.776: [SoftReference, 0 refs, 0.0000503 secs]2019-02-01T01:55:58.818+0000: 797133.776: [WeakReference, 43 refs, 0.0000370 secs]2019-02-01T01:55:58.818+0000: 797133.776: [FinalReference, 502 refs, 0.0002596 secs]2019-02-01T01:55:58.818+0000: 797133.776: [PhantomReference, 0 refs, 5 refs, 0.0000126 secs]2019-02-01T01:55:58.818+0000: 797133.776: [JNI Weak Reference, 0.0000199 secs]
Desired survivor size 102236160 bytes, new threshold 1 (max 15)
[PSYoungGen: 1033892K->86014K(1102848K)] 2835096K->1889336K(4174336K), 3.0681222 secs] [Times: user=33.89 sys=33.53, real=3.07 secs] 
2019-02-01T01:55:58.822+0000: 797133.780: Total time for which application threads were stopped: 3.0776309 seconds, Stopping threads took: 0.0021970 seconds
2019-02-01T01:56:01.319+0000: 797136.277: Application time: 2.4971534 seconds
2019-02-01T01:56:01.328+0000: 797136.286: Total time for which application threads were stopped: 0.0087725 seconds, Stopping threads took: 0.0003371 seconds
2019-02-01T01:56:01.329+0000: 797136.287: Application time: 0.0014871 seconds
2019-02-01T01:56:01.338+0000: 797136.296: [GC (GCLocker Initiated GC) 2019-02-01T01:56:01.362+0000: 797136.320: [SoftReference, 0 refs, 0.0000729 secs]2019-02-01T01:56:01.362+0000: 797136.320: [WeakReference, 45 refs, 0.0000372 secs]2019-02-01T01:56:01.362+0000: 797136.320: [FinalReference, 580 refs, 0.0004461 secs]2019-02-01T01:56:01.363+0000: 797136.321: [PhantomReference, 0 refs, 1 refs, 0.0000128 secs]2019-02-01T01:56:01.363+0000: 797136.321: [JNI Weak Reference, 0.0000199 secs]
Desired survivor size 108003328 bytes, new threshold 1 (max 15)
[PSYoungGen: 1099262K->78695K(1309184K)] 2902643K->1889375K(4380672K), 0.0277789 secs] [Times: user=0.27 sys=0.21, real=0.03 secs] 
2019-02-01T01:56:01.366+0000: 797136.324: Total time for which application threads were stopped: 0.0370152 seconds, Stopping threads took: 0.0006166 seconds
2019-02-01T01:56:05.155+0000: 797140.112: Application time: 3.7883180 seconds
2019-02-01T01:56:06.882+0000: 797141.840: Total time for which application threads were stopped: 1.7274885 seconds, Stopping threads took: 1.7203902 seconds
2019-02-01T01:56:06.887+0000: 797141.845: Application time: 0.0052362 seconds
2019-02-01T01:56:06.900+0000: 797141.857: [GC (GCLocker Initiated GC) 2019-02-01T01:56:09.578+0000: 797144.536: [SoftReference, 0 refs, 0.0000593 secs]2019-02-01T01:56:09.578+0000: 797144.536: [WeakReference, 112 refs, 0.0000599 secs]2019-02-01T01:56:09.578+0000: 797144.536: [FinalReference, 696 refs, 0.0004595 secs]2019-02-01T01:56:09.579+0000: 797144.537: [PhantomReference, 0 refs, 0 refs, 0.0000107 secs]2019-02-01T01:56:09.579+0000: 797144.537: [JNI Weak Reference, 0.0000199 secs]
Desired survivor size 106954752 bytes, new threshold 1 (max 15)
[PSYoungGen: 1288039K->64298K(1314816K)] 3108330K->1892423K(4386304K), 2.6830441 secs] [Times: user=15.78 sys=44.33, real=2.68 secs] 
2019-02-01T01:56:09.583+0000: 797144.541: Total time for which application threads were stopped: 2.6953581 seconds, Stopping threads took: 0.0033342 seconds
2019-02-01T01:56:12.408+0000: 797147.365: Application time: 2.8248290 seconds
2019-02-01T01:56:12.417+0000: 797147.375: Total time for which application threads were stopped: 0.0091236 seconds, Stopping threads took: 0.0004459 seconds
2019-02-01T01:56:12.418+0000: 797147.376: Application time: 0.0015050 seconds
2019-02-01T01:56:12.427+0000: 797147.385: [GC (GCLocker Initiated GC) 2019-02-01T01:56:12.450+0000: 797147.408: [SoftReference, 0 refs, 0.0000543 secs]2019-02-01T01:56:12.450+0000: 797147.408: [WeakReference, 27 refs, 0.0000225 secs]2019-02-01T01:56:12.450+0000: 797147.408: [FinalReference, 690 refs, 0.0003797 secs]2019-02-01T01:56:12.450+0000: 797147.408: [PhantomReference, 0 refs, 0 refs, 0.0000105 secs]2019-02-01T01:56:12.450+0000: 797147.408: [JNI Weak Reference, 0.0000205 secs]
Desired survivor size 114294784 bytes, new threshold 1 (max 15)
[PSYoungGen: 1273642K->87173K(1547776K)] 3102564K->1919536K(4619264K), 0.0261946 secs] [Times: user=0.25 sys=0.23, real=0.03 secs] 
2019-02-01T01:56:12.454+0000: 797147.412: Total time for which application threads were stopped: 0.0354456 seconds, Stopping threads took: 0.0003255 seconds
2019-02-01T01:56:16.131+0000: 797151.089: Application time: 3.6774543 seconds
2019-02-01T01:56:16.140+0000: 797151.098: Total time for which application threads were stopped: 0.0088116 seconds, Stopping threads took: 0.0003142 seconds
2019-02-01T01:56:16.140+0000: 797151.098: Application time: 0.0003139 seconds
2019-02-01T01:56:16.149+0000: 797151.107: Total time for which application threads were stopped: 0.0087260 seconds, Stopping threads took: 0.0003380 seconds
2019-02-01T01:56:16.151+0000: 797151.109: Application time: 0.0019075 seconds
2019-02-01T01:56:16.160+0000: 797151.118: [GC (GCLocker Initiated GC) 2019-02-01T01:56:16.187+0000: 797151.145: [SoftReference, 0 refs, 0.0000605 secs]2019-02-01T01:56:16.187+0000: 797151.145: [WeakReference, 14 refs, 0.0000192 secs]2019-02-01T01:56:16.187+0000: 797151.145: [FinalReference, 681 refs, 0.0003919 secs]2019-02-01T01:56:16.187+0000: 797151.145: [PhantomReference, 0 refs, 0 refs, 0.0000114 secs]2019-02-01T01:56:16.187+0000: 797151.145: [JNI Weak Reference, 0.0000216 secs]
Desired survivor size 124780544 bytes, new threshold 1 (max 15)
[PSYoungGen: 1530501K->98620K(1554944K)] 3362950K->1940821K(4626432K), 0.0314955 secs] [Times: user=0.39 sys=0.17, real=0.03 secs] 
2019-02-01T01:56:16.192+0000: 797151.149: Total time for which application threads were stopped: 0.0406039 seconds, Stopping threads took: 0.0002166 seconds
2019-02-01T01:56:20.571+0000: 797155.529: Application time: 4.3797786 seconds
2019-02-01T01:56:20.580+0000: 797155.538: Total time for which application threads were stopped: 0.0087877 seconds, Stopping threads took: 0.0002800 seconds
2019-02-01T01:56:20.581+0000: 797155.539: Application time: 0.0009078 seconds
2019-02-01T01:56:20.590+0000: 797155.548: [GC (GCLocker Initiated GC) 2019-02-01T01:56:20.610+0000: 797155.568: [SoftReference, 0 refs, 0.0000547 secs]2019-02-01T01:56:20.610+0000: 797155.568: [WeakReference, 50 refs, 0.0000328 secs]2019-02-01T01:56:20.610+0000: 797155.568: [FinalReference, 806 refs, 0.0004233 secs]2019-02-01T01:56:20.610+0000: 797155.568: [PhantomReference, 0 refs, 0 refs, 0.0000107 secs]2019-02-01T01:56:20.610+0000: 797155.568: [JNI Weak Reference, 0.0000195 secs]
Desired survivor size 125304832 bytes, new threshold 1 (max 15)
[PSYoungGen: 1541948K->22994K(1799168K)] 3387523K->1872720K(4870656K), 0.0236602 secs] [Times: user=0.26 sys=0.04, real=0.02 secs] 
2019-02-01T01:56:20.614+0000: 797155.572: Total time for which application threads were stopped: 0.0330065 seconds, Stopping threads took: 0.0002756 seconds
2019-02-01T01:56:25.232+0000: 797160.190: Application time: 4.6180377 seconds
2019-02-01T01:56:25.241+0000: 797160.199: Total time for which application threads were stopped: 0.0090771 seconds, Stopping threads took: 0.0004126 seconds
2019-02-01T01:56:25.242+0000: 797160.200: Application time: 0.0006186 seconds
2019-02-01T01:56:25.252+0000: 797160.210: [GC (GCLocker Initiated GC) 2019-02-01T01:56:27.201+0000: 797162.159: [SoftReference, 0 refs, 0.0000578 secs]2019-02-01T01:56:27.201+0000: 797162.159: [WeakReference, 18 refs, 0.0000374 secs]2019-02-01T01:56:27.201+0000: 797162.159: [FinalReference, 947 refs, 0.0006442 secs]2019-02-01T01:56:27.202+0000: 797162.160: [PhantomReference, 0 refs, 0 refs, 0.0000124 secs]2019-02-01T01:56:27.202+0000: 797162.160: [JNI Weak Reference, 0.0000211 secs]
Desired survivor size 125829120 bytes, new threshold 1 (max 15)
[PSYoungGen: 1700306K->76098K(1753600K)] 3562547K->1941388K(4825088K), 1.9528050 secs] [Times: user=36.81 sys=6.24, real=1.95 secs] 
2019-02-01T01:56:27.205+0000: 797162.163: Total time for which application threads were stopped: 1.9635524 seconds, Stopping threads took: 0.0018172 seconds
2019-02-01T01:56:30.580+0000: 797165.538: Application time: 3.3743790 seconds
2019-02-01T01:56:30.589+0000: 797165.547: Total time for which application threads were stopped: 0.0091905 seconds, Stopping threads took: 0.0005403 seconds
2019-02-01T01:56:30.589+0000: 797165.547: Application time: 0.0002744 seconds
2019-02-01T01:56:30.598+0000: 797165.556: Total time for which application threads were stopped: 0.0086661 seconds, Stopping threads took: 0.0002089 seconds
2019-02-01T01:56:30.599+0000: 797165.557: Application time: 0.0010366 seconds
2019-02-01T01:56:30.608+0000: 797165.566: [GC (GCLocker Initiated GC) 2019-02-01T01:56:34.203+0000: 797169.161: [SoftReference, 0 refs, 0.0000516 secs]2019-02-01T01:56:34.203+0000: 797169.161: [WeakReference, 64 refs, 0.0000374 secs]2019-02-01T01:56:34.204+0000: 797169.161: [FinalReference, 781 refs, 0.0004246 secs]2019-02-01T01:56:34.204+0000: 797169.162: [PhantomReference, 0 refs, 0 refs, 0.0000102 secs]2019-02-01T01:56:34.204+0000: 797169.162: [JNI Weak Reference, 0.0000221 secs]
Desired survivor size 127926272 bytes, new threshold 1 (max 15)
[PSYoungGen: 1753410K->82235K(1795072K)] 3622057K->1955633K(4866560K), 3.5992382 secs] [Times: user=39.52 sys=40.58, real=3.59 secs] 
2019-02-01T01:56:34.207+0000: 797169.165: Total time for which application threads were stopped: 3.6082922 seconds, Stopping threads took: 0.0001793 seconds
2019-02-01T01:56:37.951+0000: 797172.909: Application time: 3.7438323 seconds
2019-02-01T01:56:37.962+0000: 797172.919: Total time for which application threads were stopped: 0.0104827 seconds, Stopping threads took: 0.0025324 seconds
2019-02-01T01:56:37.963+0000: 797172.920: Application time: 0.0009964 seconds
2019-02-01T01:56:37.970+0000: 797172.927: [GC (GCLocker Initiated GC) 2019-02-01T01:56:37.985+0000: 797172.943: [SoftReference, 0 refs, 0.0000550 secs]2019-02-01T01:56:37.985+0000: 797172.943: [WeakReference, 70 refs, 0.0000409 secs]2019-02-01T01:56:37.985+0000: 797172.943: [FinalReference, 869 refs, 0.0005255 secs]2019-02-01T01:56:37.986+0000: 797172.944: [PhantomReference, 0 refs, 1 refs, 0.0000144 secs]2019-02-01T01:56:37.986+0000: 797172.944: [JNI Weak Reference, 0.0000202 secs]
Desired survivor size 130547712 bytes, new threshold 1 (max 15)
[PSYoungGen: 1754427K->85712K(1758208K)] 3631255K->1969547K(4829696K), 0.0194140 secs] [Times: user=0.27 sys=0.02, real=0.02 secs] 
2019-02-01T01:56:37.989+0000: 797172.947: Total time for which application threads were stopped: 0.0266678 seconds, Stopping threads took: 0.0002435 seconds
2019-02-01T01:56:40.367+0000: 797175.325: Application time: 2.3776781 seconds
2019-02-01T01:56:40.376+0000: 797175.334: Total time for which application threads were stopped: 0.0090462 seconds, Stopping threads took: 0.0004901 seconds
2019-02-01T01:56:42.390+0000: 797177.348: Application time: 2.0141266 seconds
2019-02-01T01:56:42.400+0000: 797177.358: Total time for which application threads were stopped: 0.0101806 seconds, Stopping threads took: 0.0017925 seconds
2019-02-01T01:56:42.401+0000: 797177.359: Application time: 0.0006762 seconds
2019-02-01T01:56:42.410+0000: 797177.367: [GC (GCLocker Initiated GC) 2019-02-01T01:56:42.423+0000: 797177.381: [SoftReference, 0 refs, 0.0000539 secs]2019-02-01T01:56:42.423+0000: 797177.381: [WeakReference, 36 refs, 0.0000240 secs]2019-02-01T01:56:42.423+0000: 797177.381: [FinalReference, 893 refs, 0.0005426 secs]2019-02-01T01:56:42.424+0000: 797177.381: [PhantomReference, 0 refs, 1 refs, 0.0000244 secs]2019-02-01T01:56:42.424+0000: 797177.381: [JNI Weak Reference, 0.0000241 secs]
Desired survivor size 127926272 bytes, new threshold 1 (max 15)
[PSYoungGen: 1757904K->41721K(1797120K)] 3645077K->1934399K(4868608K), 0.0172197 secs] [Times: user=0.24 sys=0.01, real=0.01 secs] 
2019-02-01T01:56:42.427+0000: 797177.385: Total time for which application threads were stopped: 0.0260909 seconds, Stopping threads took: 0.0002176 seconds
2019-02-01T01:56:46.999+0000: 797181.957: Application time: 4.5722344 seconds
2019-02-01T01:56:47.007+0000: 797181.964: Total time for which application threads were stopped: 0.0073477 seconds, Stopping threads took: 0.0002739 seconds
2019-02-01T01:56:47.008+0000: 797181.965: Application time: 0.0010405 seconds
2019-02-01T01:56:47.019+0000: 797181.976: [GC (GCLocker Initiated GC) 2019-02-01T01:56:47.043+0000: 797182.001: [SoftReference, 0 refs, 0.0000570 secs]2019-02-01T01:56:47.044+0000: 797182.001: [WeakReference, 15 refs, 0.0000307 secs]2019-02-01T01:56:47.044+0000: 797182.001: [FinalReference, 772 refs, 0.0004483 secs]2019-02-01T01:56:47.044+0000: 797182.002: [PhantomReference, 0 refs, 2 refs, 0.0000131 secs]2019-02-01T01:56:47.044+0000: 797182.002: [JNI Weak Reference, 0.0000214 secs]
Desired survivor size 141557760 bytes, new threshold 1 (max 15)
[PSYoungGen: 1711353K->115443K(1785344K)] 3607915K->2014935K(4856832K), 0.0286036 secs] [Times: user=0.43 sys=0.03, real=0.03 secs] 
2019-02-01T01:56:47.047+0000: 797182.005: Total time for which application threads were stopped: 0.0397893 seconds, Stopping threads took: 0.0026971 seconds
2019-02-01T01:56:52.207+0000: 797187.165: Application time: 5.1592415 seconds
2019-02-01T01:56:52.214+0000: 797187.172: Total time for which application threads were stopped: 0.0076154 seconds, Stopping threads took: 0.0002317 seconds
2019-02-01T01:56:52.215+0000: 797187.173: Application time: 0.0005553 seconds
2019-02-01T01:56:52.222+0000: 797187.180: [GC (GCLocker Initiated GC) 2019-02-01T01:56:52.243+0000: 797187.201: [SoftReference, 0 refs, 0.0000576 secs]2019-02-01T01:56:52.243+0000: 797187.201: [WeakReference, 27 refs, 0.0000314 secs]2019-02-01T01:56:52.243+0000: 797187.201: [FinalReference, 873 refs, 0.0004603 secs]2019-02-01T01:56:52.243+0000: 797187.201: [PhantomReference, 0 refs, 0 refs, 0.0000105 secs]2019-02-01T01:56:52.243+0000: 797187.201: [JNI Weak Reference, 0.0000193 secs]
Desired survivor size 138412032 bytes, new threshold 1 (max 15)
[PSYoungGen: 1785075K->77265K(1786880K)] 3684591K->1981213K(4858368K), 0.0244362 secs] [Times: user=0.36 sys=0.02, real=0.02 secs] 
2019-02-01T01:56:52.247+0000: 797187.204: Total time for which application threads were stopped: 0.0317866 seconds, Stopping threads took: 0.0002105 seconds
2019-02-01T01:56:57.226+0000: 797192.184: Application time: 4.9796542 seconds
2019-02-01T01:56:57.236+0000: 797192.194: Total time for which application threads were stopped: 0.0097517 seconds, Stopping threads took: 0.0023855 seconds
2019-02-01T01:56:57.238+0000: 797192.196: Application time: 0.0016900 seconds
2019-02-01T01:56:57.245+0000: 797192.203: [GC (GCLocker Initiated GC) 2019-02-01T01:56:57.259+0000: 797192.217: [SoftReference, 0 refs, 0.0000502 secs]2019-02-01T01:56:57.259+0000: 797192.217: [WeakReference, 36 refs, 0.0000289 secs]2019-02-01T01:56:57.259+0000: 797192.217: [FinalReference, 934 refs, 0.0005488 secs]2019-02-01T01:56:57.260+0000: 797192.217: [PhantomReference, 0 refs, 1 refs, 0.0000160 secs]2019-02-01T01:56:57.260+0000: 797192.217: [JNI Weak Reference, 0.0000237 secs]
Desired survivor size 136314880 bytes, new threshold 1 (max 15)
[PSYoungGen: 1727441K->40095K(1690624K)] 3634800K->1954163K(4762112K), 0.0182912 secs] [Times: user=0.22 sys=0.01, real=0.02 secs] 
2019-02-01T01:56:57.264+0000: 797192.222: Total time for which application threads were stopped: 0.0261309 seconds, Stopping threads took: 0.0001601 seconds
2019-02-01T01:57:01.870+0000: 797196.828: Application time: 4.6062500 seconds
2019-02-01T01:57:01.879+0000: 797196.837: [GC (Allocation Failure) 2019-02-01T01:57:01.892+0000: 797196.850: [SoftReference, 0 refs, 0.0000738 secs]2019-02-01T01:57:01.893+0000: 797196.850: [WeakReference, 7 refs, 0.0000220 secs]2019-02-01T01:57:01.893+0000: 797196.850: [FinalReference, 853 refs, 0.0007603 secs]2019-02-01T01:57:01.893+0000: 797196.851: [PhantomReference, 0 refs, 0 refs, 0.0000239 secs]2019-02-01T01:57:01.893+0000: 797196.851: [JNI Weak Reference, 0.0000317 secs]
Desired survivor size 133693440 bytes, new threshold 1 (max 15)
[PSYoungGen: 1690271K->40050K(1785856K)] 3607669K->1960753K(4857344K), 0.0194605 secs] [Times: user=0.22 sys=0.01, real=0.02 secs] 
2019-02-01T01:57:01.899+0000: 797196.856: Total time for which application threads were stopped: 0.0285066 seconds, Stopping threads took: 0.0002402 seconds
2019-02-01T01:57:06.594+0000: 797201.552: Application time: 4.6952221 seconds
2019-02-01T01:57:06.601+0000: 797201.559: Total time for which application threads were stopped: 0.0072024 seconds, Stopping threads took: 0.0002185 seconds
2019-02-01T01:57:06.603+0000: 797201.560: Application time: 0.0014203 seconds
2019-02-01T01:57:06.610+0000: 797201.568: [GC (GCLocker Initiated GC) 2019-02-01T01:57:06.622+0000: 797201.579: [SoftReference, 0 refs, 0.0000946 secs]2019-02-01T01:57:06.622+0000: 797201.579: [WeakReference, 14 refs, 0.0000450 secs]2019-02-01T01:57:06.622+0000: 797201.580: [FinalReference, 889 refs, 0.0004390 secs]2019-02-01T01:57:06.622+0000: 797201.580: [PhantomReference, 0 refs, 0 refs, 0.0000102 secs]2019-02-01T01:57:06.622+0000: 797201.580: [JNI Weak Reference, 0.0000198 secs]
Desired survivor size 131072000 bytes, new threshold 1 (max 15)
[PSYoungGen: 1692786K->39987K(1783296K)] 3613592K->1964332K(4854784K), 0.0157357 secs] [Times: user=0.22 sys=0.00, real=0.02 secs] 
2019-02-01T01:57:06.626+0000: 797201.583: Total time for which application threads were stopped: 0.0230616 seconds, Stopping threads took: 0.0002904 seconds
2019-02-01T01:57:10.543+0000: 797205.501: Application time: 3.9171122 seconds
2019-02-01T01:57:10.550+0000: 797205.508: Total time for which application threads were stopped: 0.0072118 seconds, Stopping threads took: 0.0002535 seconds
2019-02-01T01:57:10.551+0000: 797205.509: Application time: 0.0008862 seconds
2019-02-01T01:57:10.560+0000: 797205.518: [GC (GCLocker Initiated GC) 2019-02-01T01:57:10.580+0000: 797205.538: [SoftReference, 0 refs, 0.0000757 secs]2019-02-01T01:57:10.580+0000: 797205.538: [WeakReference, 28 refs, 0.0000353 secs]2019-02-01T01:57:10.580+0000: 797205.538: [FinalReference, 829 refs, 0.0019894 secs]2019-02-01T01:57:10.582+0000: 797205.540: [PhantomReference, 0 refs, 1 refs, 0.0000287 secs]2019-02-01T01:57:10.582+0000: 797205.540: [JNI Weak Reference, 0.0000336 secs]
Desired survivor size 136314880 bytes, new threshold 1 (max 15)
[PSYoungGen: 1692723K->92714K(1781248K)] 3617134K->2025379K(4852736K), 0.0271314 secs] [Times: user=0.38 sys=0.01, real=0.03 secs] 
2019-02-01T01:57:10.587+0000: 797205.545: Total time for which application threads were stopped: 0.0363654 seconds, Stopping threads took: 0.0003483 seconds
2019-02-01T01:57:15.182+0000: 797210.140: Application time: 4.5951121 seconds
2019-02-01T01:57:15.192+0000: 797210.149: Total time for which application threads were stopped: 0.0092988 seconds, Stopping threads took: 0.0007241 seconds
2019-02-01T01:57:15.194+0000: 797210.152: Application time: 0.0021594 seconds
2019-02-01T01:57:15.203+0000: 797210.160: [GC (GCLocker Initiated GC) 2019-02-01T01:57:15.216+0000: 797210.174: [SoftReference, 0 refs, 0.0000757 secs]2019-02-01T01:57:15.216+0000: 797210.174: [WeakReference, 28 refs, 0.0000331 secs]2019-02-01T01:57:15.216+0000: 797210.174: [FinalReference, 907 refs, 0.0006507 secs]2019-02-01T01:57:15.216+0000: 797210.174: [PhantomReference, 0 refs, 1 refs, 0.0000209 secs]2019-02-01T01:57:15.216+0000: 797210.174: [JNI Weak Reference, 0.0000324 secs]
Desired survivor size 134217728 bytes, new threshold 1 (max 15)
[PSYoungGen: 1745962K->33420K(1786368K)] 3682440K->1976670K(4857856K), 0.0186966 secs] [Times: user=0.22 sys=0.00, real=0.02 secs] 
2019-02-01T01:57:15.222+0000: 797210.179: Total time for which application threads were stopped: 0.0278804 seconds, Stopping threads took: 0.0002206 seconds
2019-02-01T01:57:20.093+0000: 797215.051: Application time: 4.8710639 seconds
2019-02-01T01:57:20.102+0000: 797215.060: Total time for which application threads were stopped: 0.0090290 seconds, Stopping threads took: 0.0004176 seconds
2019-02-01T01:57:20.102+0000: 797215.060: Application time: 0.0006934 seconds
2019-02-01T01:57:20.111+0000: 797215.069: [GC (GCLocker Initiated GC) 2019-02-01T01:57:20.125+0000: 797215.083: [SoftReference, 0 refs, 0.0000555 secs]2019-02-01T01:57:20.125+0000: 797215.083: [WeakReference, 30 refs, 0.0000188 secs]2019-02-01T01:57:20.125+0000: 797215.083: [FinalReference, 921 refs, 0.0004512 secs]2019-02-01T01:57:20.126+0000: 797215.084: [PhantomReference, 0 refs, 0 refs, 0.0000103 secs]2019-02-01T01:57:20.126+0000: 797215.084: [JNI Weak Reference, 0.0000198 secs]
Desired survivor size 132120576 bytes, new threshold 1 (max 15)
[PSYoungGen: 1686668K->32016K(1782784K)] 3629932K->1978790K(4854272K), 0.0178397 secs] [Times: user=0.22 sys=0.01, real=0.02 secs] 
2019-02-01T01:57:20.129+0000: 797215.087: Total time for which application threads were stopped: 0.0269282 seconds, Stopping threads took: 0.0002305 seconds
2019-02-01T01:57:24.522+0000: 797219.480: Application time: 4.3927020 seconds
2019-02-01T01:57:24.532+0000: 797219.490: Total time for which application threads were stopped: 0.0098631 seconds, Stopping threads took: 0.0015523 seconds
2019-02-01T01:57:24.533+0000: 797219.491: Application time: 0.0012336 seconds
2019-02-01T01:57:24.542+0000: 797219.500: [GC (GCLocker Initiated GC) 2019-02-01T01:57:24.558+0000: 797219.516: [SoftReference, 0 refs, 0.0000732 secs]2019-02-01T01:57:24.558+0000: 797219.516: [WeakReference, 45 refs, 0.0000415 secs]2019-02-01T01:57:24.558+0000: 797219.516: [FinalReference, 804 refs, 0.0005741 secs]2019-02-01T01:57:24.558+0000: 797219.516: [PhantomReference, 0 refs, 1 refs, 0.0000298 secs]2019-02-01T01:57:24.558+0000: 797219.516: [JNI Weak Reference, 0.0000349 secs]
Desired survivor size 125829120 bytes, new threshold 1 (max 15)
[PSYoungGen: 1689872K->52518K(1786880K)] 3643344K->2008512K(4858368K), 0.0215371 secs] [Times: user=0.29 sys=0.01, real=0.02 secs] 
2019-02-01T01:57:24.564+0000: 797219.522: Total time for which application threads were stopped: 0.0306204 seconds, Stopping threads took: 0.0001672 seconds
2019-02-01T01:57:29.583+0000: 797224.541: Application time: 5.0193882 seconds
2019-02-01T01:57:29.592+0000: 797224.550: Total time for which application threads were stopped: 0.0088652 seconds, Stopping threads took: 0.0002588 seconds
2019-02-01T01:57:29.594+0000: 797224.552: Application time: 0.0017288 seconds
2019-02-01T01:57:29.603+0000: 797224.561: [GC (GCLocker Initiated GC) 2019-02-01T01:57:29.616+0000: 797224.573: [SoftReference, 0 refs, 0.0000718 secs]2019-02-01T01:57:29.616+0000: 797224.573: [WeakReference, 17 refs, 0.0000278 secs]2019-02-01T01:57:29.616+0000: 797224.574: [FinalReference, 920 refs, 0.0006734 secs]2019-02-01T01:57:29.616+0000: 797224.574: [PhantomReference, 0 refs, 0 refs, 0.0000199 secs]2019-02-01T01:57:29.616+0000: 797224.574: [JNI Weak Reference, 0.0000338 secs]
Desired survivor size 121110528 bytes, new threshold 1 (max 15)
[PSYoungGen: 1710374K->47795K(1785856K)] 3669752K->2010482K(4857344K), 0.0185802 secs] [Times: user=0.24 sys=0.00, real=0.02 secs] 
2019-02-01T01:57:29.622+0000: 797224.580: Total time for which application threads were stopped: 0.0278932 seconds, Stopping threads took: 0.0003159 seconds
2019-02-01T01:57:34.236+0000: 797229.194: Application time: 4.6140574 seconds
2019-02-01T01:57:34.249+0000: 797229.207: Total time for which application threads were stopped: 0.0129160 seconds, Stopping threads took: 0.0043456 seconds
2019-02-01T01:57:34.252+0000: 797229.209: Application time: 0.0028173 seconds
2019-02-01T01:57:34.266+0000: 797229.223: [GC (GCLocker Initiated GC) 2019-02-01T01:57:34.285+0000: 797229.243: [SoftReference, 0 refs, 0.0000562 secs]2019-02-01T01:57:34.285+0000: 797229.243: [WeakReference, 50 refs, 0.0000439 secs]2019-02-01T01:57:34.285+0000: 797229.243: [FinalReference, 844 refs, 0.0004147 secs]2019-02-01T01:57:34.285+0000: 797229.243: [PhantomReference, 0 refs, 1 refs, 0.0000113 secs]2019-02-01T01:57:34.285+0000: 797229.243: [JNI Weak Reference, 0.0000201 secs]
Desired survivor size 129499136 bytes, new threshold 1 (max 15)
[PSYoungGen: 1717939K->96105K(1788416K)] 3694708K->2077186K(4859904K), 0.0228626 secs] [Times: user=0.35 sys=0.01, real=0.03 secs] 
2019-02-01T01:57:34.289+0000: 797229.247: Total time for which application threads were stopped: 0.0371812 seconds, Stopping threads took: 0.0052689 seconds
2019-02-01T01:57:38.936+0000: 797233.894: Application time: 4.6477767 seconds
2019-02-01T01:57:38.945+0000: 797233.903: Total time for which application threads were stopped: 0.0089151 seconds, Stopping threads took: 0.0001908 seconds
2019-02-01T01:57:38.946+0000: 797233.904: Application time: 0.0007058 seconds
2019-02-01T01:57:38.955+0000: 797233.913: [GC (GCLocker Initiated GC) 2019-02-01T01:57:38.973+0000: 797233.931: [SoftReference, 0 refs, 0.0000500 secs]2019-02-01T01:57:38.973+0000: 797233.931: [WeakReference, 37 refs, 0.0000230 secs]2019-02-01T01:57:38.973+0000: 797233.931: [FinalReference, 899 refs, 0.0004932 secs]2019-02-01T01:57:38.973+0000: 797233.931: [PhantomReference, 0 refs, 2 refs, 0.0000110 secs]2019-02-01T01:57:38.973+0000: 797233.931: [JNI Weak Reference, 0.0000205 secs]
Desired survivor size 123731968 bytes, new threshold 1 (max 15)
[PSYoungGen: 1766249K->62499K(1721856K)] 3750672K->2051899K(4793344K), 0.0215447 secs] [Times: user=0.34 sys=0.01, real=0.03 secs] 
2019-02-01T01:57:38.977+0000: 797233.935: Total time for which application threads were stopped: 0.0310854 seconds, Stopping threads took: 0.0006163 seconds
2019-02-01T01:57:40.369+0000: 797235.327: Application time: 1.3918058 seconds
2019-02-01T01:57:40.378+0000: 797235.336: Total time for which application threads were stopped: 0.0087531 seconds, Stopping threads took: 0.0002088 seconds
2019-02-01T01:57:43.668+0000: 797238.626: Application time: 3.2904016 seconds
2019-02-01T01:57:43.677+0000: 797238.635: Total time for which application threads were stopped: 0.0088627 seconds, Stopping threads took: 0.0005119 seconds
2019-02-01T01:57:43.678+0000: 797238.636: Application time: 0.0008324 seconds
2019-02-01T01:57:43.685+0000: 797238.643: [GC (GCLocker Initiated GC) 2019-02-01T01:57:43.698+0000: 797238.656: [SoftReference, 0 refs, 0.0000697 secs]2019-02-01T01:57:43.698+0000: 797238.656: [WeakReference, 7 refs, 0.0000142 secs]2019-02-01T01:57:43.698+0000: 797238.656: [FinalReference, 845 refs, 0.0004571 secs]2019-02-01T01:57:43.699+0000: 797238.657: [PhantomReference, 0 refs, 1 refs, 0.0000128 secs]2019-02-01T01:57:43.699+0000: 797238.657: [JNI Weak Reference, 0.0000221 secs]
Desired survivor size 121634816 bytes, new threshold 1 (max 15)
[PSYoungGen: 1700387K->37988K(1644544K)] 3693139K->2034636K(4716032K), 0.0217849 secs] [Times: user=0.23 sys=0.01, real=0.03 secs] 
2019-02-01T01:57:43.707+0000: 797238.665: Total time for which application threads were stopped: 0.0295026 seconds, Stopping threads took: 0.0003130 seconds
2019-02-01T01:57:47.244+0000: 797242.201: Application time: 3.5362585 seconds
2019-02-01T01:57:47.256+0000: 797242.214: Total time for which application threads were stopped: 0.0124423 seconds, Stopping threads took: 0.0039543 seconds
2019-02-01T01:57:47.257+0000: 797242.215: Application time: 0.0011817 seconds
2019-02-01T01:57:47.267+0000: 797242.224: [GC (GCLocker Initiated GC) 2019-02-01T01:57:47.282+0000: 797242.240: [SoftReference, 0 refs, 0.0000495 secs]2019-02-01T01:57:47.282+0000: 797242.240: [WeakReference, 48 refs, 0.0000254 secs]2019-02-01T01:57:47.283+0000: 797242.240: [FinalReference, 877 refs, 0.0015861 secs]2019-02-01T01:57:47.284+0000: 797242.242: [PhantomReference, 0 refs, 3 refs, 0.0000175 secs]2019-02-01T01:57:47.284+0000: 797242.242: [JNI Weak Reference, 0.0000198 secs]
Desired survivor size 124256256 bytes, new threshold 1 (max 15)
[PSYoungGen: 1644132K->82066K(1668608K)] 3650782K->2093289K(4740096K), 0.0244833 secs] [Times: user=0.30 sys=0.01, real=0.03 secs] 
2019-02-01T01:57:47.291+0000: 797242.249: Total time for which application threads were stopped: 0.0339600 seconds, Stopping threads took: 0.0004576 seconds
2019-02-01T01:57:52.156+0000: 797247.114: Application time: 4.8648733 seconds
2019-02-01T01:57:52.165+0000: 797247.123: Total time for which application threads were stopped: 0.0085437 seconds, Stopping threads took: 0.0002041 seconds
2019-02-01T01:57:52.166+0000: 797247.124: Application time: 0.0012868 seconds
2019-02-01T01:57:52.173+0000: 797247.131: [GC (GCLocker Initiated GC) 2019-02-01T01:57:52.186+0000: 797247.144: [SoftReference, 0 refs, 0.0000734 secs]2019-02-01T01:57:52.186+0000: 797247.144: [WeakReference, 3 refs, 0.0000190 secs]2019-02-01T01:57:52.186+0000: 797247.144: [FinalReference, 773 refs, 0.0003857 secs]2019-02-01T01:57:52.186+0000: 797247.144: [PhantomReference, 0 refs, 0 refs, 0.0000097 secs]2019-02-01T01:57:52.186+0000: 797247.144: [JNI Weak Reference, 0.0000195 secs]
Desired survivor size 123207680 bytes, new threshold 1 (max 15)
[PSYoungGen: 1657490K->30546K(1576448K)] 3668811K->2050106K(4647936K), 0.0219656 secs] [Times: user=0.22 sys=0.01, real=0.02 secs] 
2019-02-01T01:57:52.195+0000: 797247.153: Total time for which application threads were stopped: 0.0289796 seconds, Stopping threads took: 0.0003111 seconds
2019-02-01T01:57:56.605+0000: 797251.562: Application time: 4.4095196 seconds
2019-02-01T01:57:56.613+0000: 797251.570: Total time for which application threads were stopped: 0.0080235 seconds, Stopping threads took: 0.0003113 seconds
2019-02-01T01:57:56.613+0000: 797251.571: Application time: 0.0001424 seconds
2019-02-01T01:57:56.620+0000: 797251.578: Total time for which application threads were stopped: 0.0074320 seconds, Stopping threads took: 0.0001129 seconds
2019-02-01T01:57:56.622+0000: 797251.579: Application time: 0.0014074 seconds
2019-02-01T01:57:56.630+0000: 797251.588: [GC (GCLocker Initiated GC) 2019-02-01T01:57:56.646+0000: 797251.604: [SoftReference, 0 refs, 0.0000708 secs]2019-02-01T01:57:56.647+0000: 797251.604: [WeakReference, 31 refs, 0.0000330 secs]2019-02-01T01:57:56.647+0000: 797251.604: [FinalReference, 823 refs, 0.0006174 secs]2019-02-01T01:57:56.647+0000: 797251.605: [PhantomReference, 0 refs, 0 refs, 0.0000208 secs]2019-02-01T01:57:56.647+0000: 797251.605: [JNI Weak Reference, 0.0000457 secs]
Desired survivor size 133169152 bytes, new threshold 1 (max 15)
[PSYoungGen: 1576274K->100124K(1628160K)] 3595892K->2122731K(4699648K), 0.0244855 secs] [Times: user=0.34 sys=0.01, real=0.02 secs] 
2019-02-01T01:57:56.654+0000: 797251.612: Total time for which application threads were stopped: 0.0329216 seconds, Stopping threads took: 0.0005527 seconds
2019-02-01T01:58:00.427+0000: 797255.385: Application time: 3.7729147 seconds
2019-02-01T01:58:00.435+0000: 797255.393: Total time for which application threads were stopped: 0.0079091 seconds, Stopping threads took: 0.0006475 seconds
2019-02-01T01:58:00.436+0000: 797255.394: Application time: 0.0006027 seconds
2019-02-01T01:58:00.443+0000: 797255.401: [GC (GCLocker Initiated GC) 2019-02-01T01:58:00.459+0000: 797255.416: [SoftReference, 0 refs, 0.0000699 secs]2019-02-01T01:58:00.459+0000: 797255.417: [WeakReference, 31 refs, 0.0000334 secs]2019-02-01T01:58:00.459+0000: 797255.417: [FinalReference, 789 refs, 0.0005995 secs]2019-02-01T01:58:00.459+0000: 797255.417: [PhantomReference, 0 refs, 1 refs, 0.0000213 secs]2019-02-01T01:58:00.459+0000: 797255.417: [JNI Weak Reference, 0.0000318 secs]
Desired survivor size 127401984 bytes, new threshold 1 (max 15)
[PSYoungGen: 1617180K->65090K(1554944K)] 3643117K->2096270K(4626432K), 0.0295557 secs] [Times: user=0.28 sys=0.02, real=0.03 secs] 
2019-02-01T01:58:00.473+0000: 797255.431: Total time for which application threads were stopped: 0.0368023 seconds, Stopping threads took: 0.0009488 seconds
2019-02-01T01:58:04.436+0000: 797259.394: Application time: 3.9635598 seconds
2019-02-01T01:58:04.442+0000: 797259.400: Total time for which application threads were stopped: 0.0056132 seconds, Stopping threads took: 0.0002215 seconds
2019-02-01T01:58:04.443+0000: 797259.401: Application time: 0.0011862 seconds
2019-02-01T01:58:04.450+0000: 797259.408: [GC (GCLocker Initiated GC) 2019-02-01T01:58:04.464+0000: 797259.422: [SoftReference, 0 refs, 0.0000726 secs]2019-02-01T01:58:04.465+0000: 797259.422: [WeakReference, 45 refs, 0.0000387 secs]2019-02-01T01:58:04.465+0000: 797259.422: [FinalReference, 708 refs, 0.0004981 secs]2019-02-01T01:58:04.465+0000: 797259.423: [PhantomReference, 0 refs, 0 refs, 0.0000195 secs]2019-02-01T01:58:04.465+0000: 797259.423: [JNI Weak Reference, 0.0000338 secs]
Desired survivor size 122683392 bytes, new threshold 1 (max 15)
[PSYoungGen: 1554498K->66322K(1550336K)] 3589035K->2105158K(4621824K), 0.0291871 secs] [Times: user=0.23 sys=0.02, real=0.03 secs] 
2019-02-01T01:58:04.479+0000: 797259.437: Total time for which application threads were stopped: 0.0360071 seconds, Stopping threads took: 0.0002670 seconds
2019-02-01T01:58:07.325+0000: 797262.283: Application time: 2.8462964 seconds
2019-02-01T01:58:07.331+0000: 797262.289: Total time for which application threads were stopped: 0.0060877 seconds, Stopping threads took: 0.0002549 seconds
2019-02-01T01:58:07.333+0000: 797262.290: Application time: 0.0010689 seconds
2019-02-01T01:58:07.342+0000: 797262.300: [GC (GCLocker Initiated GC) 2019-02-01T01:58:07.362+0000: 797262.320: [SoftReference, 0 refs, 0.0000636 secs]2019-02-01T01:58:07.362+0000: 797262.320: [WeakReference, 42 refs, 0.0000264 secs]2019-02-01T01:58:07.362+0000: 797262.320: [FinalReference, 840 refs, 0.0004342 secs]2019-02-01T01:58:07.363+0000: 797262.320: [PhantomReference, 0 refs, 2 refs, 0.0000114 secs]2019-02-01T01:58:07.363+0000: 797262.320: [JNI Weak Reference, 0.0000192 secs]
Desired survivor size 120061952 bytes, new threshold 1 (max 15)
[PSYoungGen: 1528594K->44727K(1481216K)] 3571375K->2090595K(4552704K), 0.0274048 secs] [Times: user=0.28 sys=0.01, real=0.02 secs] 
2019-02-01T01:58:07.370+0000: 797262.327: Total time for which application threads were stopped: 0.0369196 seconds, Stopping threads took: 0.0006052 seconds
2019-02-01T01:58:10.461+0000: 797265.419: Application time: 3.0916585 seconds
2019-02-01T01:58:10.471+0000: 797265.429: Total time for which application threads were stopped: 0.0101259 seconds, Stopping threads took: 0.0019301 seconds
2019-02-01T01:58:10.472+0000: 797265.430: Application time: 0.0006706 seconds
2019-02-01T01:58:10.481+0000: 797265.439: [GC (GCLocker Initiated GC) 2019-02-01T01:58:10.497+0000: 797265.455: [SoftReference, 0 refs, 0.0000763 secs]2019-02-01T01:58:10.497+0000: 797265.455: [WeakReference, 52 refs, 0.0000459 secs]2019-02-01T01:58:10.497+0000: 797265.455: [FinalReference, 846 refs, 0.0006633 secs]2019-02-01T01:58:10.498+0000: 797265.455: [PhantomReference, 0 refs, 1 refs, 0.0000204 secs]2019-02-01T01:58:10.498+0000: 797265.455: [JNI Weak Reference, 0.0000326 secs]
Desired survivor size 114819072 bytes, new threshold 1 (max 15)
[PSYoungGen: 1480887K->56286K(1491968K)] 3530106K->2108952K(4563456K), 0.0297850 secs] [Times: user=0.30 sys=0.01, real=0.03 secs] 
2019-02-01T01:58:10.511+0000: 797265.469: Total time for which application threads were stopped: 0.0387332 seconds, Stopping threads took: 0.0003652 seconds
2019-02-01T01:58:15.011+0000: 797269.969: Application time: 4.5000006 seconds
2019-02-01T01:58:15.017+0000: 797269.975: Total time for which application threads were stopped: 0.0067013 seconds, Stopping threads took: 0.0002985 seconds
2019-02-01T01:58:15.019+0000: 797269.976: Application time: 0.0012419 seconds
2019-02-01T01:58:15.026+0000: 797269.984: [GC (GCLocker Initiated GC) 2019-02-01T01:58:15.046+0000: 797270.004: [SoftReference, 0 refs, 0.0000608 secs]2019-02-01T01:58:15.046+0000: 797270.004: [WeakReference, 31 refs, 0.0000222 secs]2019-02-01T01:58:15.046+0000: 797270.004: [FinalReference, 740 refs, 0.0003514 secs]2019-02-01T01:58:15.047+0000: 797270.005: [PhantomReference, 0 refs, 1 refs, 0.0000114 secs]2019-02-01T01:58:15.047+0000: 797270.005: [JNI Weak Reference, 0.0000356 secs]
Desired survivor size 135790592 bytes, new threshold 1 (max 15)
[PSYoungGen: 1466846K->112101K(1498112K)] 3519562K->2182282K(4569600K), 0.0241618 secs] [Times: user=0.43 sys=0.01, real=0.02 secs] 
2019-02-01T01:58:15.050+0000: 797270.008: Total time for which application threads were stopped: 0.0315130 seconds, Stopping threads took: 0.0001398 seconds
2019-02-01T01:58:17.736+0000: 797272.694: Application time: 2.6856315 seconds
2019-02-01T01:58:17.749+0000: 797272.707: Total time for which application threads were stopped: 0.0131912 seconds, Stopping threads took: 0.0046767 seconds
2019-02-01T01:58:17.750+0000: 797272.708: Application time: 0.0011180 seconds
2019-02-01T01:58:17.759+0000: 797272.717: [GC (GCLocker Initiated GC) 2019-02-01T01:58:17.772+0000: 797272.730: [SoftReference, 0 refs, 0.0000724 secs]2019-02-01T01:58:17.772+0000: 797272.730: [WeakReference, 42 refs, 0.0001174 secs]2019-02-01T01:58:17.773+0000: 797272.730: [FinalReference, 690 refs, 0.0005745 secs]2019-02-01T01:58:17.773+0000: 797272.731: [PhantomReference, 0 refs, 3 refs, 0.0000261 secs]2019-02-01T01:58:17.773+0000: 797272.731: [JNI Weak Reference, 0.0000339 secs]
Desired survivor size 131596288 bytes, new threshold 1 (max 15)
[PSYoungGen: 1498085K->53416K(1458176K)] 3568836K->2128912K(4529664K), 0.0226192 secs] [Times: user=0.25 sys=0.00, real=0.02 secs] 
2019-02-01T01:58:17.782+0000: 797272.740: Total time for which application threads were stopped: 0.0320498 seconds, Stopping threads took: 0.0006369 seconds
2019-02-01T01:58:22.597+0000: 797277.555: Application time: 4.8149016 seconds
2019-02-01T01:58:22.606+0000: 797277.564: Total time for which application threads were stopped: 0.0090890 seconds, Stopping threads took: 0.0003496 seconds
2019-02-01T01:58:22.607+0000: 797277.565: Application time: 0.0010603 seconds
2019-02-01T01:58:22.616+0000: 797277.574: [GC (GCLocker Initiated GC) 2019-02-01T01:58:22.634+0000: 797277.591: [SoftReference, 0 refs, 0.0000629 secs]2019-02-01T01:58:22.634+0000: 797277.591: [WeakReference, 8 refs, 0.0000122 secs]2019-02-01T01:58:22.634+0000: 797277.592: [FinalReference, 727 refs, 0.0003665 secs]2019-02-01T01:58:22.634+0000: 797277.592: [PhantomReference, 0 refs, 1 refs, 0.0000099 secs]2019-02-01T01:58:22.634+0000: 797277.592: [JNI Weak Reference, 0.0000179 secs]
Desired survivor size 133693440 bytes, new threshold 1 (max 15)
[PSYoungGen: 1415336K->88812K(1427968K)] 3490859K->2167762K(4499456K), 0.0237743 secs] [Times: user=0.31 sys=0.01, real=0.02 secs] 
2019-02-01T01:58:22.640+0000: 797277.598: Total time for which application threads were stopped: 0.0330434 seconds, Stopping threads took: 0.0003400 seconds
2019-02-01T01:58:26.393+0000: 797281.351: Application time: 3.7524048 seconds
2019-02-01T01:58:26.401+0000: 797281.359: Total time for which application threads were stopped: 0.0080696 seconds, Stopping threads took: 0.0002482 seconds
2019-02-01T01:58:26.401+0000: 797281.359: Application time: 0.0006474 seconds
2019-02-01T01:58:26.409+0000: 797281.367: [GC (GCLocker Initiated GC) 2019-02-01T01:58:26.422+0000: 797281.380: [SoftReference, 0 refs, 0.0000584 secs]2019-02-01T01:58:26.422+0000: 797281.380: [WeakReference, 5 refs, 0.0000114 secs]2019-02-01T01:58:26.422+0000: 797281.380: [FinalReference, 629 refs, 0.0005364 secs]2019-02-01T01:58:26.423+0000: 797281.380: [PhantomReference, 0 refs, 0 refs, 0.0000110 secs]2019-02-01T01:58:26.423+0000: 797281.380: [JNI Weak Reference, 0.0000197 secs]
Desired survivor size 133169152 bytes, new threshold 1 (max 15)
[PSYoungGen: 1427692K->36220K(1423360K)] 3506643K->2117714K(4494848K), 0.0210801 secs] [Times: user=0.20 sys=0.01, real=0.02 secs] 
2019-02-01T01:58:26.430+0000: 797281.388: Total time for which application threads were stopped: 0.0285615 seconds, Stopping threads took: 0.0002097 seconds
2019-02-01T01:58:30.773+0000: 797285.731: Application time: 4.3430768 seconds
2019-02-01T01:58:30.780+0000: 797285.738: Total time for which application threads were stopped: 0.0068018 seconds, Stopping threads took: 0.0002786 seconds
2019-02-01T01:58:30.781+0000: 797285.739: Application time: 0.0009329 seconds
2019-02-01T01:58:30.787+0000: 797285.745: [GC (GCLocker Initiated GC) 2019-02-01T01:58:30.798+0000: 797285.756: [SoftReference, 0 refs, 0.0000612 secs]2019-02-01T01:58:30.798+0000: 797285.756: [WeakReference, 6 refs, 0.0000123 secs]2019-02-01T01:58:30.798+0000: 797285.756: [FinalReference, 678 refs, 0.0003886 secs]2019-02-01T01:58:30.799+0000: 797285.757: [PhantomReference, 0 refs, 1 refs, 0.0000103 secs]2019-02-01T01:58:30.799+0000: 797285.757: [JNI Weak Reference, 0.0000190 secs]
Desired survivor size 132644864 bytes, new threshold 1 (max 15)
[PSYoungGen: 1352572K->29218K(1324032K)] 3434098K->2113624K(4395520K), 0.0190680 secs] [Times: user=0.19 sys=0.01, real=0.02 secs] 
2019-02-01T01:58:30.807+0000: 797285.764: Total time for which application threads were stopped: 0.0257786 seconds, Stopping threads took: 0.0001700 seconds
2019-02-01T01:58:35.372+0000: 797290.329: Application time: 4.5650179 seconds
2019-02-01T01:58:35.380+0000: 797290.338: Total time for which application threads were stopped: 0.0085932 seconds, Stopping threads took: 0.0002775 seconds
2019-02-01T01:58:35.381+0000: 797290.339: Application time: 0.0005543 seconds
2019-02-01T01:58:35.390+0000: 797290.347: [GC (GCLocker Initiated GC) 2019-02-01T01:58:35.402+0000: 797290.360: [SoftReference, 0 refs, 0.0000487 secs]2019-02-01T01:58:35.402+0000: 797290.360: [WeakReference, 26 refs, 0.0000241 secs]2019-02-01T01:58:35.402+0000: 797290.360: [FinalReference, 716 refs, 0.0004498 secs]2019-02-01T01:58:35.402+0000: 797290.360: [PhantomReference, 0 refs, 0 refs, 0.0000138 secs]2019-02-01T01:58:35.403+0000: 797290.360: [JNI Weak Reference, 0.0000249 secs]
Desired survivor size 127401984 bytes, new threshold 1 (max 15)
[PSYoungGen: 1323554K->51643K(1370624K)] 3407978K->2138093K(4442112K), 0.0203513 secs] [Times: user=0.24 sys=0.01, real=0.02 secs] 
2019-02-01T01:58:35.410+0000: 797290.368: Total time for which application threads were stopped: 0.0292383 seconds, Stopping threads took: 0.0001874 seconds
2019-02-01T01:58:37.786+0000: 797292.744: Application time: 2.3760393 seconds
2019-02-01T01:58:37.795+0000: 797292.753: Total time for which application threads were stopped: 0.0092200 seconds, Stopping threads took: 0.0005387 seconds
2019-02-01T01:58:38.736+0000: 797293.694: Application time: 0.9406898 seconds
2019-02-01T01:58:38.744+0000: 797293.702: Total time for which application threads were stopped: 0.0080307 seconds, Stopping threads took: 0.0009420 seconds
2019-02-01T01:58:38.745+0000: 797293.703: Application time: 0.0009186 seconds
2019-02-01T01:58:38.757+0000: 797293.715: [GC (GCLocker Initiated GC) 2019-02-01T01:58:38.772+0000: 797293.729: [SoftReference, 0 refs, 0.0000646 secs]2019-02-01T01:58:38.772+0000: 797293.729: [WeakReference, 40 refs, 0.0000247 secs]2019-02-01T01:58:38.772+0000: 797293.729: [FinalReference, 553 refs, 0.0002666 secs]2019-02-01T01:58:38.772+0000: 797293.730: [PhantomReference, 0 refs, 1 refs, 0.0000106 secs]2019-02-01T01:58:38.772+0000: 797293.730: [JNI Weak Reference, 0.0000196 secs]
Desired survivor size 124780544 bytes, new threshold 1 (max 15)
[PSYoungGen: 1324475K->71180K(1324032K)] 3414248K->2164811K(4395520K), 0.0204549 secs] [Times: user=0.27 sys=0.01, real=0.02 secs] 
2019-02-01T01:58:38.778+0000: 797293.736: Total time for which application threads were stopped: 0.0330887 seconds, Stopping threads took: 0.0048707 seconds
2019-02-01T01:58:40.369+0000: 797295.327: Application time: 1.5912126 seconds
2019-02-01T01:58:40.378+0000: 797295.336: Total time for which application threads were stopped: 0.0089514 seconds, Stopping threads took: 0.0003107 seconds
2019-02-01T01:58:42.250+0000: 797297.208: Application time: 1.8717714 seconds
2019-02-01T01:58:42.256+0000: 797297.214: Total time for which application threads were stopped: 0.0059987 seconds, Stopping threads took: 0.0002761 seconds
2019-02-01T01:58:42.257+0000: 797297.215: Application time: 0.0013360 seconds
2019-02-01T01:58:42.264+0000: 797297.221: [GC (GCLocker Initiated GC) 2019-02-01T01:58:42.282+0000: 797297.239: [SoftReference, 0 refs, 0.0000685 secs]2019-02-01T01:58:42.282+0000: 797297.240: [WeakReference, 15 refs, 0.0000161 secs]2019-02-01T01:58:42.282+0000: 797297.240: [FinalReference, 642 refs, 0.0003050 secs]2019-02-01T01:58:42.282+0000: 797297.240: [PhantomReference, 0 refs, 0 refs, 0.0000097 secs]2019-02-01T01:58:42.282+0000: 797297.240: [JNI Weak Reference, 0.0000187 secs]
Desired survivor size 132644864 bytes, new threshold 1 (max 15)
[PSYoungGen: 1323532K->98486K(1349632K)] 3417236K->2194597K(4421120K), 0.0223148 secs] [Times: user=0.29 sys=0.00, real=0.02 secs] 
2019-02-01T01:58:42.286+0000: 797297.244: Total time for which application threads were stopped: 0.0287702 seconds, Stopping threads took: 0.0001803 seconds
2019-02-01T01:58:46.209+0000: 797301.167: Application time: 3.9233200 seconds
2019-02-01T01:58:46.216+0000: 797301.174: [GC (Allocation Failure) 2019-02-01T01:58:46.230+0000: 797301.188: [SoftReference, 0 refs, 0.0000916 secs]2019-02-01T01:58:46.230+0000: 797301.188: [WeakReference, 10 refs, 0.0000280 secs]2019-02-01T01:58:46.230+0000: 797301.188: [FinalReference, 665 refs, 0.0005127 secs]2019-02-01T01:58:46.231+0000: 797301.189: [PhantomReference, 0 refs, 0 refs, 0.0000189 secs]2019-02-01T01:58:46.231+0000: 797301.189: [JNI Weak Reference, 0.0000299 secs]
Desired survivor size 131596288 bytes, new threshold 1 (max 15)
[PSYoungGen: 1330870K->34723K(1247744K)] 3426984K->2134399K(4319232K), 0.0235583 secs] [Times: user=0.22 sys=0.01, real=0.03 secs] 
2019-02-01T01:58:46.240+0000: 797301.198: Total time for which application threads were stopped: 0.0307767 seconds, Stopping threads took: 0.0001493 seconds
2019-02-01T01:58:47.775+0000: 797302.733: Application time: 1.5344796 seconds
2019-02-01T01:58:47.783+0000: 797302.740: Total time for which application threads were stopped: 0.0079745 seconds, Stopping threads took: 0.0002497 seconds
2019-02-01T01:58:49.911+0000: 797304.869: Application time: 2.1284586 seconds
2019-02-01T01:58:49.920+0000: 797304.878: Total time for which application threads were stopped: 0.0091832 seconds, Stopping threads took: 0.0016985 seconds
2019-02-01T01:58:49.921+0000: 797304.879: Application time: 0.0009447 seconds
2019-02-01T01:58:49.929+0000: 797304.887: [GC (GCLocker Initiated GC) 2019-02-01T01:58:49.942+0000: 797304.900: [SoftReference, 0 refs, 0.0000558 secs]2019-02-01T01:58:49.943+0000: 797304.900: [WeakReference, 24 refs, 0.0000246 secs]2019-02-01T01:58:49.943+0000: 797304.900: [FinalReference, 629 refs, 0.0003367 secs]2019-02-01T01:58:49.943+0000: 797304.901: [PhantomReference, 0 refs, 1 refs, 0.0000112 secs]2019-02-01T01:58:49.943+0000: 797304.901: [JNI Weak Reference, 0.0000188 secs]
Desired survivor size 125829120 bytes, new threshold 1 (max 15)
[PSYoungGen: 1247651K->56631K(1292288K)] 3347870K->2159676K(4363776K), 0.0203377 secs] [Times: user=0.23 sys=0.01, real=0.02 secs] 
2019-02-01T01:58:49.950+0000: 797304.908: Total time for which application threads were stopped: 0.0287155 seconds, Stopping threads took: 0.0003868 seconds
2019-02-01T01:58:53.627+0000: 797308.584: Application time: 3.6765886 seconds
2019-02-01T01:58:53.634+0000: 797308.592: Total time for which application threads were stopped: 0.0074865 seconds, Stopping threads took: 0.0002151 seconds
2019-02-01T01:58:53.635+0000: 797308.593: Application time: 0.0007609 seconds
2019-02-01T01:58:53.643+0000: 797308.601: [GC (GCLocker Initiated GC) 2019-02-01T01:58:53.656+0000: 797308.614: [SoftReference, 0 refs, 0.0000601 secs]2019-02-01T01:58:53.657+0000: 797308.614: [WeakReference, 42 refs, 0.0000219 secs]2019-02-01T01:58:53.657+0000: 797308.614: [FinalReference, 579 refs, 0.0002834 secs]2019-02-01T01:58:53.657+0000: 797308.615: [PhantomReference, 0 refs, 0 refs, 0.0000097 secs]2019-02-01T01:58:53.657+0000: 797308.615: [JNI Weak Reference, 0.0000198 secs]
Desired survivor size 121634816 bytes, new threshold 1 (max 15)
[PSYoungGen: 1250615K->49151K(1224704K)] 3353686K->2155699K(4296192K), 0.0204666 secs] [Times: user=0.25 sys=0.01, real=0.02 secs] 
2019-02-01T01:58:53.664+0000: 797308.622: Total time for which application threads were stopped: 0.0288740 seconds, Stopping threads took: 0.0002467 seconds
2019-02-01T01:58:57.608+0000: 797312.566: Application time: 3.9443289 seconds
2019-02-01T01:58:57.617+0000: 797312.575: Total time for which application threads were stopped: 0.0088339 seconds, Stopping threads took: 0.0002400 seconds
2019-02-01T01:58:57.618+0000: 797312.576: Application time: 0.0015836 seconds
2019-02-01T01:58:57.627+0000: 797312.585: [GC (GCLocker Initiated GC) 2019-02-01T01:58:57.640+0000: 797312.598: [SoftReference, 0 refs, 0.0000815 secs]2019-02-01T01:58:57.640+0000: 797312.598: [WeakReference, 7 refs, 0.0000232 secs]2019-02-01T01:58:57.640+0000: 797312.598: [FinalReference, 647 refs, 0.0006340 secs]2019-02-01T01:58:57.641+0000: 797312.599: [PhantomReference, 0 refs, 0 refs, 0.0000206 secs]2019-02-01T01:58:57.641+0000: 797312.599: [JNI Weak Reference, 0.0000328 secs]
Desired survivor size 117440512 bytes, new threshold 1 (max 15)
[PSYoungGen: 1224703K->49099K(1250304K)] 3331379K->2160436K(4321792K), 0.0242863 secs] [Times: user=0.25 sys=0.00, real=0.03 secs] 
2019-02-01T01:58:57.651+0000: 797312.609: Total time for which application threads were stopped: 0.0329810 seconds, Stopping threads took: 0.0002169 seconds
2019-02-01T01:59:01.106+0000: 797316.064: Application time: 3.4546697 seconds
2019-02-01T01:59:01.113+0000: 797316.071: Total time for which application threads were stopped: 0.0067853 seconds, Stopping threads took: 0.0001722 seconds
2019-02-01T01:59:01.114+0000: 797316.072: Application time: 0.0010102 seconds
2019-02-01T01:59:01.121+0000: 797316.079: [GC (GCLocker Initiated GC) 2019-02-01T01:59:01.140+0000: 797316.098: [SoftReference, 0 refs, 0.0000576 secs]2019-02-01T01:59:01.140+0000: 797316.098: [WeakReference, 9 refs, 0.0000129 secs]2019-02-01T01:59:01.140+0000: 797316.098: [FinalReference, 734 refs, 0.0004066 secs]2019-02-01T01:59:01.140+0000: 797316.098: [PhantomReference, 0 refs, 1 refs, 0.0000139 secs]2019-02-01T01:59:01.140+0000: 797316.098: [JNI Weak Reference, 0.0000187 secs]
Desired survivor size 116391936 bytes, new threshold 1 (max 15)
[PSYoungGen: 1206731K->70353K(1210880K)] 3318198K->2184922K(4282368K), 0.0246477 secs] [Times: user=0.28 sys=0.00, real=0.02 secs] 
2019-02-01T01:59:01.146+0000: 797316.104: Total time for which application threads were stopped: 0.0322162 seconds, Stopping threads took: 0.0006756 seconds
2019-02-01T01:59:04.139+0000: 797319.096: Application time: 2.9924136 seconds
2019-02-01T01:59:04.147+0000: 797319.105: Total time for which application threads were stopped: 0.0082175 seconds, Stopping threads took: 0.0002662 seconds
2019-02-01T01:59:04.148+0000: 797319.105: Application time: 0.0008337 seconds
2019-02-01T01:59:04.156+0000: 797319.114: [GC (GCLocker Initiated GC) 2019-02-01T01:59:04.169+0000: 797319.127: [SoftReference, 0 refs, 0.0001053 secs]2019-02-01T01:59:04.169+0000: 797319.127: [WeakReference, 25 refs, 0.0000324 secs]2019-02-01T01:59:04.170+0000: 797319.127: [FinalReference, 522 refs, 0.0004444 secs]2019-02-01T01:59:04.170+0000: 797319.128: [PhantomReference, 0 refs, 0 refs, 0.0000190 secs]2019-02-01T01:59:04.170+0000: 797319.128: [JNI Weak Reference, 0.0000325 secs]
Desired survivor size 112721920 bytes, new threshold 1 (max 15)
[PSYoungGen: 1210577K->48092K(1211904K)] 3325188K->2167870K(4283392K), 0.0244543 secs] [Times: user=0.22 sys=0.01, real=0.03 secs] 
2019-02-01T01:59:04.181+0000: 797319.139: Total time for which application threads were stopped: 0.0330341 seconds, Stopping threads took: 0.0002638 seconds
2019-02-01T01:59:07.493+0000: 797322.451: Application time: 3.3122120 seconds
2019-02-01T01:59:07.502+0000: 797322.460: Total time for which application threads were stopped: 0.0092961 seconds, Stopping threads took: 0.0002776 seconds
2019-02-01T01:59:07.503+0000: 797322.461: Application time: 0.0004845 seconds
2019-02-01T01:59:07.510+0000: 797322.468: [GC (GCLocker Initiated GC) 2019-02-01T01:59:07.530+0000: 797322.488: [SoftReference, 0 refs, 0.0000610 secs]2019-02-01T01:59:07.530+0000: 797322.488: [WeakReference, 4 refs, 0.0000257 secs]2019-02-01T01:59:07.530+0000: 797322.488: [FinalReference, 576 refs, 0.0002896 secs]2019-02-01T01:59:07.530+0000: 797322.488: [PhantomReference, 0 refs, 0 refs, 0.0000112 secs]2019-02-01T01:59:07.530+0000: 797322.488: [JNI Weak Reference, 0.0000211 secs]
Desired survivor size 109051904 bytes, new threshold 1 (max 15)
[PSYoungGen: 1170908K->52347K(1158656K)] 3294794K->2178143K(4230144K), 0.0271631 secs] [Times: user=0.39 sys=0.03, real=0.03 secs] 
2019-02-01T01:59:07.537+0000: 797322.495: Total time for which application threads were stopped: 0.0345380 seconds, Stopping threads took: 0.0008129 seconds
2019-02-01T01:59:11.445+0000: 797326.402: Application time: 3.9073436 seconds
2019-02-01T01:59:11.454+0000: 797326.412: Total time for which application threads were stopped: 0.0096028 seconds, Stopping threads took: 0.0015660 seconds
2019-02-01T01:59:11.455+0000: 797326.413: Application time: 0.0007919 seconds
2019-02-01T01:59:11.463+0000: 797326.421: [GC (GCLocker Initiated GC) 2019-02-01T01:59:11.479+0000: 797326.437: [SoftReference, 0 refs, 0.0000599 secs]2019-02-01T01:59:11.480+0000: 797326.437: [WeakReference, 10 refs, 0.0000132 secs]2019-02-01T01:59:11.480+0000: 797326.437: [FinalReference, 624 refs, 0.0003231 secs]2019-02-01T01:59:11.480+0000: 797326.438: [PhantomReference, 0 refs, 1 refs, 0.0000106 secs]2019-02-01T01:59:11.480+0000: 797326.438: [JNI Weak Reference, 0.0000192 secs]
Desired survivor size 106430464 bytes, new threshold 1 (max 15)
[PSYoungGen: 1158267K->45412K(1174528K)] 3287400K->2177949K(4246016K), 0.0222319 secs] [Times: user=0.28 sys=0.01, real=0.02 secs] 
2019-02-01T01:59:11.486+0000: 797326.444: Total time for which application threads were stopped: 0.0309273 seconds, Stopping threads took: 0.0003022 seconds
2019-02-01T01:59:14.744+0000: 797329.702: Application time: 3.2585414 seconds
2019-02-01T01:59:14.753+0000: 797329.711: Total time for which application threads were stopped: 0.0088875 seconds, Stopping threads took: 0.0003876 seconds
2019-02-01T01:59:14.754+0000: 797329.712: Application time: 0.0009483 seconds
2019-02-01T01:59:14.763+0000: 797329.721: [GC (GCLocker Initiated GC) 2019-02-01T01:59:14.779+0000: 797329.737: [SoftReference, 0 refs, 0.0000794 secs]2019-02-01T01:59:14.779+0000: 797329.737: [WeakReference, 50 refs, 0.0000408 secs]2019-02-01T01:59:14.779+0000: 797329.737: [FinalReference, 552 refs, 0.0004112 secs]2019-02-01T01:59:14.780+0000: 797329.738: [PhantomReference, 0 refs, 0 refs, 0.0000196 secs]2019-02-01T01:59:14.780+0000: 797329.738: [JNI Weak Reference, 0.0000327 secs]
Desired survivor size 107479040 bytes, new threshold 1 (max 15)
[PSYoungGen: 1134948K->72512K(1146368K)] 3267518K->2207566K(4217856K), 0.0243268 secs] [Times: user=0.32 sys=0.00, real=0.02 secs] 
2019-02-01T01:59:14.788+0000: 797329.746: Total time for which application threads were stopped: 0.0336909 seconds, Stopping threads took: 0.0003055 seconds
2019-02-01T01:59:17.439+0000: 797332.397: Application time: 2.6507934 seconds
2019-02-01T01:59:17.452+0000: 797332.410: Total time for which application threads were stopped: 0.0134234 seconds, Stopping threads took: 0.0050328 seconds
2019-02-01T01:59:17.453+0000: 797332.410: Application time: 0.0002679 seconds
2019-02-01T01:59:17.461+0000: 797332.419: Total time for which application threads were stopped: 0.0083293 seconds, Stopping threads took: 0.0001855 seconds
2019-02-01T01:59:17.463+0000: 797332.420: Application time: 0.0017620 seconds
2019-02-01T01:59:17.470+0000: 797332.427: [GC (GCLocker Initiated GC) 2019-02-01T01:59:17.488+0000: 797332.446: [SoftReference, 0 refs, 0.0000610 secs]2019-02-01T01:59:17.488+0000: 797332.446: [WeakReference, 4 refs, 0.0000114 secs]2019-02-01T01:59:17.488+0000: 797332.446: [FinalReference, 522 refs, 0.0002589 secs]2019-02-01T01:59:17.488+0000: 797332.446: [PhantomReference, 0 refs, 2 refs, 0.0000115 secs]2019-02-01T01:59:17.489+0000: 797332.446: [JNI Weak Reference, 0.0000190 secs]
Desired survivor size 108003328 bytes, new threshold 1 (max 15)
[PSYoungGen: 1146176K->73391K(1148928K)] 3287936K->2221992K(4220416K), 0.0243610 secs] [Times: user=0.32 sys=0.01, real=0.03 secs] 
2019-02-01T01:59:17.494+0000: 797332.452: Total time for which application threads were stopped: 0.0315033 seconds, Stopping threads took: 0.0005111 seconds
2019-02-01T01:59:20.788+0000: 797335.745: Application time: 3.2935173 seconds
2019-02-01T01:59:20.795+0000: 797335.753: Total time for which application threads were stopped: 0.0071954 seconds, Stopping threads took: 0.0002556 seconds
2019-02-01T01:59:20.795+0000: 797335.753: Application time: 0.0002052 seconds
2019-02-01T01:59:20.802+0000: 797335.760: Total time for which application threads were stopped: 0.0066663 seconds, Stopping threads took: 0.0002424 seconds
2019-02-01T01:59:20.802+0000: 797335.760: Application time: 0.0003731 seconds
2019-02-01T01:59:20.809+0000: 797335.767: [GC (GCLocker Initiated GC) 2019-02-01T01:59:20.821+0000: 797335.779: [SoftReference, 0 refs, 0.0000600 secs]2019-02-01T01:59:20.821+0000: 797335.779: [WeakReference, 2 refs, 0.0000104 secs]2019-02-01T01:59:20.821+0000: 797335.779: [FinalReference, 537 refs, 0.0003533 secs]2019-02-01T01:59:20.822+0000: 797335.779: [PhantomReference, 0 refs, 0 refs, 0.0000102 secs]2019-02-01T01:59:20.822+0000: 797335.780: [JNI Weak Reference, 0.0000227 secs]
Desired survivor size 109576192 bytes, new threshold 1 (max 15)
[PSYoungGen: 1131695K->24998K(1068032K)] 3283631K->2180457K(4139520K), 0.0175676 secs] [Times: user=0.20 sys=0.01, real=0.02 secs] 
2019-02-01T01:59:20.826+0000: 797335.784: Total time for which application threads were stopped: 0.0243915 seconds, Stopping threads took: 0.0002955 seconds
2019-02-01T01:59:24.457+0000: 797339.415: Application time: 3.6302303 seconds
2019-02-01T01:59:24.463+0000: 797339.421: Total time for which application threads were stopped: 0.0060810 seconds, Stopping threads took: 0.0003542 seconds
2019-02-01T01:59:24.463+0000: 797339.421: Application time: 0.0003978 seconds
2019-02-01T01:59:24.469+0000: 797339.427: Total time for which application threads were stopped: 0.0057011 seconds, Stopping threads took: 0.0002242 seconds
2019-02-01T01:59:24.469+0000: 797339.427: Application time: 0.0003161 seconds
2019-02-01T01:59:24.475+0000: 797339.433: [GC (GCLocker Initiated GC) 2019-02-01T01:59:24.491+0000: 797339.448: [SoftReference, 0 refs, 0.0000575 secs]2019-02-01T01:59:24.491+0000: 797339.449: [WeakReference, 43 refs, 0.0000208 secs]2019-02-01T01:59:24.491+0000: 797339.449: [FinalReference, 595 refs, 0.0002853 secs]2019-02-01T01:59:24.491+0000: 797339.449: [PhantomReference, 0 refs, 0 refs, 0.0000097 secs]2019-02-01T01:59:24.491+0000: 797339.449: [JNI Weak Reference, 0.0000190 secs]
Desired survivor size 112197632 bytes, new threshold 1 (max 15)
[PSYoungGen: 1067942K->76674K(1125376K)] 3226736K->2239552K(4196864K), 0.0205696 secs] [Times: user=0.29 sys=0.01, real=0.02 secs] 
2019-02-01T01:59:24.496+0000: 797339.453: Total time for which application threads were stopped: 0.0263369 seconds, Stopping threads took: 0.0000944 seconds
2019-02-01T01:59:27.452+0000: 797342.410: Application time: 2.9564578 seconds
2019-02-01T01:59:27.458+0000: 797342.416: Total time for which application threads were stopped: 0.0056546 seconds, Stopping threads took: 0.0003251 seconds
2019-02-01T01:59:27.458+0000: 797342.416: Application time: 0.0007466 seconds
2019-02-01T01:59:27.467+0000: 797342.424: [GC (GCLocker Initiated GC) 2019-02-01T01:59:27.480+0000: 797342.438: [SoftReference, 0 refs, 0.0000691 secs]2019-02-01T01:59:27.481+0000: 797342.438: [WeakReference, 41 refs, 0.0000383 secs]2019-02-01T01:59:27.481+0000: 797342.438: [FinalReference, 465 refs, 0.0003258 secs]2019-02-01T01:59:27.481+0000: 797342.439: [PhantomReference, 0 refs, 0 refs, 0.0000185 secs]2019-02-01T01:59:27.481+0000: 797342.439: [JNI Weak Reference, 0.0000315 secs]
Desired survivor size 109576192 bytes, new threshold 1 (max 15)
[PSYoungGen: 1104770K->44154K(1058304K)] 3271498K->2214174K(4129792K), 0.0230659 secs] [Times: user=0.24 sys=0.00, real=0.02 secs] 
2019-02-01T01:59:27.490+0000: 797342.448: Total time for which application threads were stopped: 0.0314198 seconds, Stopping threads took: 0.0002843 seconds
2019-02-01T01:59:31.068+0000: 797346.026: Application time: 3.5784651 seconds
2019-02-01T01:59:31.077+0000: 797346.034: Total time for which application threads were stopped: 0.0082996 seconds, Stopping threads took: 0.0006059 seconds
2019-02-01T01:59:31.078+0000: 797346.035: Application time: 0.0010104 seconds
2019-02-01T01:59:31.086+0000: 797346.044: [GC (GCLocker Initiated GC) 2019-02-01T01:59:31.098+0000: 797346.056: [SoftReference, 0 refs, 0.0000432 secs]2019-02-01T01:59:31.098+0000: 797346.056: [WeakReference, 12 refs, 0.0000143 secs]2019-02-01T01:59:31.098+0000: 797346.056: [FinalReference, 571 refs, 0.0003688 secs]2019-02-01T01:59:31.098+0000: 797346.056: [PhantomReference, 0 refs, 1 refs, 0.0000111 secs]2019-02-01T01:59:31.098+0000: 797346.056: [JNI Weak Reference, 0.0000194 secs]
Desired survivor size 106954752 bytes, new threshold 1 (max 15)
[PSYoungGen: 1057914K->43142K(1088000K)] 3234641K->2221587K(4159488K), 0.0179880 secs] [Times: user=0.21 sys=0.01, real=0.02 secs] 
2019-02-01T01:59:31.104+0000: 797346.062: Total time for which application threads were stopped: 0.0262983 seconds, Stopping threads took: 0.0003360 seconds
2019-02-01T01:59:33.928+0000: 797348.885: Application time: 2.8236303 seconds
2019-02-01T01:59:33.935+0000: 797348.893: Total time for which application threads were stopped: 0.0075638 seconds, Stopping threads took: 0.0001700 seconds
2019-02-01T01:59:33.936+0000: 797348.893: Application time: 0.0004842 seconds
2019-02-01T01:59:33.944+0000: 797348.901: [GC (GCLocker Initiated GC) 2019-02-01T01:59:33.958+0000: 797348.916: [SoftReference, 0 refs, 0.0000742 secs]2019-02-01T01:59:33.958+0000: 797348.916: [WeakReference, 9 refs, 0.0000231 secs]2019-02-01T01:59:33.958+0000: 797348.916: [FinalReference, 472 refs, 0.0003499 secs]2019-02-01T01:59:33.958+0000: 797348.916: [PhantomReference, 0 refs, 0 refs, 0.0000193 secs]2019-02-01T01:59:33.958+0000: 797348.916: [JNI Weak Reference, 0.0000318 secs]
Desired survivor size 104857600 bytes, new threshold 1 (max 15)
[PSYoungGen: 1043078K->40356K(1026560K)] 3221535K->2221207K(4098048K), 0.0231319 secs] [Times: user=0.20 sys=0.01, real=0.03 secs] 
2019-02-01T01:59:33.967+0000: 797348.925: Total time for which application threads were stopped: 0.0312767 seconds, Stopping threads took: 0.0001674 seconds
2019-02-01T01:59:37.124+0000: 797352.081: Application time: 3.1566923 seconds
2019-02-01T01:59:37.129+0000: 797352.087: Total time for which application threads were stopped: 0.0055807 seconds, Stopping threads took: 0.0001265 seconds
2019-02-01T01:59:37.130+0000: 797352.088: Application time: 0.0007033 seconds
2019-02-01T01:59:37.136+0000: 797352.093: [GC (GCLocker Initiated GC) 2019-02-01T01:59:37.148+0000: 797352.106: [SoftReference, 0 refs, 0.0000560 secs]2019-02-01T01:59:37.148+0000: 797352.106: [WeakReference, 4 refs, 0.0000109 secs]2019-02-01T01:59:37.148+0000: 797352.106: [FinalReference, 548 refs, 0.0002573 secs]2019-02-01T01:59:37.148+0000: 797352.106: [PhantomReference, 0 refs, 0 refs, 0.0000097 secs]2019-02-01T01:59:37.148+0000: 797352.106: [JNI Weak Reference, 0.0000188 secs]
Desired survivor size 100139008 bytes, new threshold 1 (max 15)
[PSYoungGen: 1026468K->52627K(1052672K)] 3210702K->2239040K(4124160K), 0.0190387 secs] [Times: user=0.23 sys=0.01, real=0.02 secs] 
2019-02-01T01:59:37.155+0000: 797352.113: Total time for which application threads were stopped: 0.0248593 seconds, Stopping threads took: 0.0001830 seconds
2019-02-01T01:59:40.043+0000: 797355.000: Application time: 2.8878704 seconds
2019-02-01T01:59:40.051+0000: 797355.009: Total time for which application threads were stopped: 0.0082310 seconds, Stopping threads took: 0.0002096 seconds
2019-02-01T01:59:40.051+0000: 797355.009: Application time: 0.0004826 seconds
2019-02-01T01:59:40.060+0000: 797355.018: [GC (GCLocker Initiated GC) 2019-02-01T01:59:40.073+0000: 797355.031: [SoftReference, 0 refs, 0.0000595 secs]2019-02-01T01:59:40.073+0000: 797355.031: [WeakReference, 45 refs, 0.0000302 secs]2019-02-01T01:59:40.073+0000: 797355.031: [FinalReference, 487 refs, 0.0002565 secs]2019-02-01T01:59:40.073+0000: 797355.031: [PhantomReference, 0 refs, 0 refs, 0.0000103 secs]2019-02-01T01:59:40.073+0000: 797355.031: [JNI Weak Reference, 0.0000192 secs]
Desired survivor size 95944704 bytes, new threshold 1 (max 15)
[PSYoungGen: 1025427K->53153K(1013248K)] 3211867K->2242765K(4084736K), 0.0193045 secs] [Times: user=0.21 sys=0.01, real=0.02 secs] 
2019-02-01T01:59:40.079+0000: 797355.037: Total time for which application threads were stopped: 0.0280557 seconds, Stopping threads took: 0.0003105 seconds
2019-02-01T01:59:40.368+0000: 797355.326: Application time: 0.2887654 seconds
2019-02-01T01:59:40.377+0000: 797355.335: Total time for which application threads were stopped: 0.0086499 seconds, Stopping threads took: 0.0003461 seconds
2019-02-01T01:59:43.622+0000: 797358.580: Application time: 3.2449966 seconds
2019-02-01T01:59:43.631+0000: 797358.588: Total time for which application threads were stopped: 0.0088054 seconds, Stopping threads took: 0.0005371 seconds
2019-02-01T01:59:43.631+0000: 797358.589: Application time: 0.0004919 seconds
2019-02-01T01:59:43.640+0000: 797358.598: [GC (GCLocker Initiated GC) 2019-02-01T01:59:43.651+0000: 797358.608: [SoftReference, 0 refs, 0.0000772 secs]2019-02-01T01:59:43.651+0000: 797358.608: [WeakReference, 14 refs, 0.0000320 secs]2019-02-01T01:59:43.651+0000: 797358.609: [FinalReference, 562 refs, 0.0004664 secs]2019-02-01T01:59:43.651+0000: 797358.609: [PhantomReference, 0 refs, 1 refs, 0.0000194 secs]2019-02-01T01:59:43.651+0000: 797358.609: [JNI Weak Reference, 0.0000326 secs]
Desired survivor size 97517568 bytes, new threshold 1 (max 15)
[PSYoungGen: 1013153K->19835K(1031168K)] 3202911K->2211541K(4102656K), 0.0185207 secs] [Times: user=0.21 sys=0.00, real=0.02 secs] 
2019-02-01T01:59:43.659+0000: 797358.616: Total time for which application threads were stopped: 0.0273547 seconds, Stopping threads took: 0.0004192 seconds
2019-02-01T01:59:46.582+0000: 797361.540: Application time: 2.9238328 seconds
2019-02-01T01:59:46.592+0000: 797361.550: [GC (Allocation Failure) 2019-02-01T01:59:46.606+0000: 797361.564: [SoftReference, 0 refs, 0.0000859 secs]2019-02-01T01:59:46.606+0000: 797361.564: [WeakReference, 72 refs, 0.0000483 secs]2019-02-01T01:59:46.607+0000: 797361.564: [FinalReference, 463 refs, 0.0003337 secs]2019-02-01T01:59:46.607+0000: 797361.565: [PhantomReference, 0 refs, 0 refs, 0.0000189 secs]2019-02-01T01:59:46.607+0000: 797361.565: [JNI Weak Reference, 0.0000306 secs]
Desired survivor size 93323264 bytes, new threshold 1 (max 15)
[PSYoungGen: 967035K->50167K(985088K)] 3167474K->2253200K(4056576K), 0.0248344 secs] [Times: user=0.27 sys=0.02, real=0.03 secs] 
2019-02-01T01:59:46.617+0000: 797361.575: Total time for which application threads were stopped: 0.0347259 seconds, Stopping threads took: 0.0003028 seconds
2019-02-01T01:59:49.763+0000: 797364.721: Application time: 3.1456944 seconds
2019-02-01T01:59:49.772+0000: 797364.729: Total time for which application threads were stopped: 0.0088372 seconds, Stopping threads took: 0.0003375 seconds
2019-02-01T01:59:49.773+0000: 797364.731: Application time: 0.0011545 seconds
2019-02-01T01:59:49.786+0000: 797364.744: [GC (GCLocker Initiated GC) 2019-02-01T01:59:49.803+0000: 797364.761: [SoftReference, 0 refs, 0.0000564 secs]2019-02-01T01:59:49.803+0000: 797364.761: [WeakReference, 9 refs, 0.0000133 secs]2019-02-01T01:59:49.803+0000: 797364.761: [FinalReference, 490 refs, 0.0002449 secs]2019-02-01T01:59:49.803+0000: 797364.761: [PhantomReference, 0 refs, 1 refs, 0.0000111 secs]2019-02-01T01:59:49.803+0000: 797364.761: [JNI Weak Reference, 0.0000242 secs]
Desired survivor size 93323264 bytes, new threshold 1 (max 15)
[PSYoungGen: 983010K->61486K(1001472K)] 3189365K->2271177K(4072960K), 0.0230758 secs] [Times: user=0.25 sys=0.01, real=0.03 secs] 
2019-02-01T01:59:49.809+0000: 797364.767: Total time for which application threads were stopped: 0.0362495 seconds, Stopping threads took: 0.0045982 seconds
2019-02-01T01:59:53.188+0000: 797368.146: Application time: 3.3790627 seconds
2019-02-01T01:59:53.196+0000: 797368.154: Total time for which application threads were stopped: 0.0082288 seconds, Stopping threads took: 0.0003194 seconds
2019-02-01T01:59:53.197+0000: 797368.155: Application time: 0.0004765 seconds
2019-02-01T01:59:53.205+0000: 797368.163: [GC (GCLocker Initiated GC) 2019-02-01T01:59:53.219+0000: 797368.177: [SoftReference, 0 refs, 0.0000799 secs]2019-02-01T01:59:53.219+0000: 797368.177: [WeakReference, 12 refs, 0.0000235 secs]2019-02-01T01:59:53.219+0000: 797368.177: [FinalReference, 502 refs, 0.0004217 secs]2019-02-01T01:59:53.220+0000: 797368.178: [PhantomReference, 0 refs, 0 refs, 0.0000192 secs]2019-02-01T01:59:53.220+0000: 797368.178: [JNI Weak Reference, 0.0000318 secs]
Desired survivor size 93323264 bytes, new threshold 1 (max 15)
[PSYoungGen: 984110K->28533K(939520K)] 3193981K->2240719K(4011008K), 0.0228384 secs] [Times: user=0.19 sys=0.00, real=0.03 secs] 
2019-02-01T01:59:53.228+0000: 797368.186: Total time for which application threads were stopped: 0.0311766 seconds, Stopping threads took: 0.0001589 seconds
2019-02-01T01:59:56.442+0000: 797371.400: Application time: 3.2138952 seconds
2019-02-01T01:59:56.455+0000: 797371.412: Total time for which application threads were stopped: 0.0127482 seconds, Stopping threads took: 0.0041602 seconds
2019-02-01T01:59:56.456+0000: 797371.414: Application time: 0.0011561 seconds
2019-02-01T01:59:56.465+0000: 797371.422: [GC (GCLocker Initiated GC) 2019-02-01T01:59:56.480+0000: 797371.438: [SoftReference, 0 refs, 0.0000722 secs]2019-02-01T01:59:56.480+0000: 797371.438: [WeakReference, 29 refs, 0.0000323 secs]2019-02-01T01:59:56.480+0000: 797371.438: [FinalReference, 469 refs, 0.0003423 secs]2019-02-01T01:59:56.481+0000: 797371.439: [PhantomReference, 0 refs, 1 refs, 0.0000200 secs]2019-02-01T01:59:56.481+0000: 797371.439: [JNI Weak Reference, 0.0000330 secs]
Desired survivor size 91750400 bytes, new threshold 1 (max 15)
[PSYoungGen: 939381K->57267K(975360K)] 3155312K->2275559K(4046848K), 0.0239308 secs] [Times: user=0.23 sys=0.01, real=0.03 secs] 
2019-02-01T01:59:56.489+0000: 797371.447: Total time for which application threads were stopped: 0.0330336 seconds, Stopping threads took: 0.0002648 seconds
2019-02-01T01:59:59.264+0000: 797374.222: Application time: 2.7754679 seconds
2019-02-01T01:59:59.270+0000: 797374.228: Total time for which application threads were stopped: 0.0055085 seconds, Stopping threads took: 0.0001635 seconds
2019-02-01T01:59:59.270+0000: 797374.228: Application time: 0.0002950 seconds
2019-02-01T01:59:59.276+0000: 797374.234: [GC (GCLocker Initiated GC) 2019-02-01T01:59:59.289+0000: 797374.247: [SoftReference, 0 refs, 0.0000523 secs]2019-02-01T01:59:59.289+0000: 797374.247: [WeakReference, 16 refs, 0.0000138 secs]2019-02-01T01:59:59.289+0000: 797374.247: [FinalReference, 487 refs, 0.0002236 secs]2019-02-01T01:59:59.289+0000: 797374.247: [PhantomReference, 0 refs, 0 refs, 0.0000108 secs]2019-02-01T01:59:59.289+0000: 797374.247: [JNI Weak Reference, 0.0000202 secs]
Desired survivor size 89128960 bytes, new threshold 1 (max 15)
[PSYoungGen: 956339K->43304K(931328K)] 3177967K->2267772K(4002816K), 0.0184888 secs] [Times: user=0.23 sys=0.00, real=0.02 secs] 
2019-02-01T01:59:59.294+0000: 797374.252: Total time for which application threads were stopped: 0.0242001 seconds, Stopping threads took: 0.0001450 seconds
2019-02-01T02:00:02.233+0000: 797377.191: Application time: 2.9390900 seconds
2019-02-01T02:00:02.239+0000: 797377.197: Total time for which application threads were stopped: 0.0057244 seconds, Stopping threads took: 0.0001828 seconds
2019-02-01T02:00:02.240+0000: 797377.198: Application time: 0.0006806 seconds
2019-02-01T02:00:02.246+0000: 797377.203: [GC (GCLocker Initiated GC) 2019-02-01T02:00:02.263+0000: 797377.221: [SoftReference, 0 refs, 0.0000589 secs]2019-02-01T02:00:02.263+0000: 797377.221: [WeakReference, 80 refs, 0.0000334 secs]2019-02-01T02:00:02.263+0000: 797377.221: [FinalReference, 468 refs, 0.0002395 secs]2019-02-01T02:00:02.263+0000: 797377.221: [PhantomReference, 0 refs, 0 refs, 0.0000094 secs]2019-02-01T02:00:02.263+0000: 797377.221: [JNI Weak Reference, 0.0000200 secs]
Desired survivor size 94371840 bytes, new threshold 1 (max 15)
[PSYoungGen: 931112K->74027K(962560K)] 3159000K->2304571K(4034048K), 0.0210233 secs] [Times: user=0.26 sys=0.00, real=0.02 secs] 
2019-02-01T02:00:02.267+0000: 797377.225: Total time for which application threads were stopped: 0.0269001 seconds, Stopping threads took: 0.0002211 seconds
2019-02-01T02:00:05.658+0000: 797380.616: Application time: 3.3913091 seconds
2019-02-01T02:00:05.665+0000: 797380.623: Total time for which application threads were stopped: 0.0067174 seconds, Stopping threads took: 0.0002004 seconds
2019-02-01T02:00:05.666+0000: 797380.623: Application time: 0.0007308 seconds
2019-02-01T02:00:05.673+0000: 797380.631: [GC (GCLocker Initiated GC) 2019-02-01T02:00:05.688+0000: 797380.646: [SoftReference, 0 refs, 0.0000742 secs]2019-02-01T02:00:05.688+0000: 797380.646: [WeakReference, 52 refs, 0.0000469 secs]2019-02-01T02:00:05.688+0000: 797380.646: [FinalReference, 419 refs, 0.0002987 secs]2019-02-01T02:00:05.688+0000: 797380.646: [PhantomReference, 0 refs, 0 refs, 0.0000186 secs]2019-02-01T02:00:05.688+0000: 797380.646: [JNI Weak Reference, 0.0000321 secs]
Desired survivor size 91226112 bytes, new threshold 1 (max 15)
[PSYoungGen: 950571K->46434K(912384K)] 3181154K->2281746K(3983872K), 0.0237997 secs] [Times: user=0.28 sys=0.00, real=0.02 secs] 
2019-02-01T02:00:05.697+0000: 797380.655: Total time for which application threads were stopped: 0.0313078 seconds, Stopping threads took: 0.0002466 seconds
2019-02-01T02:00:08.498+0000: 797383.456: Application time: 2.8012859 seconds
2019-02-01T02:00:08.504+0000: 797383.462: Total time for which application threads were stopped: 0.0058255 seconds, Stopping threads took: 0.0001578 seconds
2019-02-01T02:00:08.504+0000: 797383.462: Application time: 0.0004441 seconds
2019-02-01T02:00:08.511+0000: 797383.469: [GC (GCLocker Initiated GC) 2019-02-01T02:00:08.527+0000: 797383.484: [SoftReference, 0 refs, 0.0000599 secs]2019-02-01T02:00:08.527+0000: 797383.485: [WeakReference, 35 refs, 0.0000251 secs]2019-02-01T02:00:08.527+0000: 797383.485: [FinalReference, 427 refs, 0.0002767 secs]2019-02-01T02:00:08.527+0000: 797383.485: [PhantomReference, 0 refs, 0 refs, 0.0000129 secs]2019-02-01T02:00:08.527+0000: 797383.485: [JNI Weak Reference, 0.0000231 secs]
Desired survivor size 89128960 bytes, new threshold 1 (max 15)
[PSYoungGen: 912226K->55437K(929280K)] 3147551K->2293484K(4000768K), 0.0221512 secs] [Times: user=0.26 sys=0.01, real=0.02 secs] 
2019-02-01T02:00:08.533+0000: 797383.491: Total time for which application threads were stopped: 0.0290398 seconds, Stopping threads took: 0.0002831 seconds
2019-02-01T02:00:11.170+0000: 797386.128: Application time: 2.6362426 seconds
2019-02-01T02:00:11.178+0000: 797386.136: Total time for which application threads were stopped: 0.0088003 seconds, Stopping threads took: 0.0002937 seconds
2019-02-01T02:00:11.180+0000: 797386.137: Application time: 0.0010591 seconds
2019-02-01T02:00:11.188+0000: 797386.146: [GC (GCLocker Initiated GC) 2019-02-01T02:00:11.203+0000: 797386.160: [SoftReference, 0 refs, 0.0000564 secs]2019-02-01T02:00:11.203+0000: 797386.160: [WeakReference, 38 refs, 0.0000273 secs]2019-02-01T02:00:11.203+0000: 797386.160: [FinalReference, 429 refs, 0.0002254 secs]2019-02-01T02:00:11.203+0000: 797386.161: [PhantomReference, 0 refs, 1 refs, 0.0000114 secs]2019-02-01T02:00:11.203+0000: 797386.161: [JNI Weak Reference, 0.0000204 secs]
Desired survivor size 85983232 bytes, new threshold 1 (max 15)
[PSYoungGen: 910477K->47869K(892928K)] 3148549K->2288624K(3964416K), 0.0199995 secs] [Times: user=0.26 sys=0.01, real=0.02 secs] 
2019-02-01T02:00:11.209+0000: 797386.166: Total time for which application threads were stopped: 0.0290859 seconds, Stopping threads took: 0.0004033 seconds
2019-02-01T02:00:13.664+0000: 797388.621: Application time: 2.4549686 seconds
2019-02-01T02:00:13.673+0000: 797388.631: Total time for which application threads were stopped: 0.0095563 seconds, Stopping threads took: 0.0012756 seconds
2019-02-01T02:00:13.675+0000: 797388.633: Application time: 0.0016973 seconds
2019-02-01T02:00:13.684+0000: 797388.641: [GC (GCLocker Initiated GC) 2019-02-01T02:00:13.700+0000: 797388.658: [SoftReference, 0 refs, 0.0000564 secs]2019-02-01T02:00:13.700+0000: 797388.658: [WeakReference, 33 refs, 0.0000253 secs]2019-02-01T02:00:13.700+0000: 797388.658: [FinalReference, 392 refs, 0.0001883 secs]2019-02-01T02:00:13.700+0000: 797388.658: [PhantomReference, 0 refs, 1 refs, 0.0000100 secs]2019-02-01T02:00:13.700+0000: 797388.658: [JNI Weak Reference, 0.0000189 secs]
Desired survivor size 94896128 bytes, new threshold 1 (max 15)
[PSYoungGen: 892669K->83604K(918528K)] 3133533K->2331815K(3990016K), 0.0197716 secs] [Times: user=0.32 sys=0.00, real=0.02 secs] 
2019-02-01T02:00:13.704+0000: 797388.661: Total time for which application threads were stopped: 0.0286903 seconds, Stopping threads took: 0.0001871 seconds
2019-02-01T02:00:16.526+0000: 797391.484: Application time: 2.8226642 seconds
2019-02-01T02:00:16.535+0000: 797391.493: Total time for which application threads were stopped: 0.0087174 seconds, Stopping threads took: 0.0003599 seconds
2019-02-01T02:00:16.536+0000: 797391.494: Application time: 0.0014979 seconds
2019-02-01T02:00:16.545+0000: 797391.503: [GC (GCLocker Initiated GC) 2019-02-01T02:00:16.560+0000: 797391.518: [SoftReference, 0 refs, 0.0000492 secs]2019-02-01T02:00:16.560+0000: 797391.518: [WeakReference, 34 refs, 0.0000220 secs]2019-02-01T02:00:16.560+0000: 797391.518: [FinalReference, 410 refs, 0.0002474 secs]2019-02-01T02:00:16.561+0000: 797391.518: [PhantomReference, 0 refs, 1 refs, 0.0000228 secs]2019-02-01T02:00:16.561+0000: 797391.518: [JNI Weak Reference, 0.0000195 secs]
Desired survivor size 93323264 bytes, new threshold 1 (max 15)
[PSYoungGen: 918164K->43050K(868352K)] 3169843K->2300407K(3939840K), 0.0197684 secs] [Times: user=0.26 sys=0.01, real=0.02 secs] 
2019-02-01T02:00:16.565+0000: 797391.523: Total time for which application threads were stopped: 0.0287897 seconds, Stopping threads took: 0.0003582 seconds
2019-02-01T02:00:19.628+0000: 797394.586: Application time: 3.0626435 seconds
2019-02-01T02:00:19.638+0000: 797394.596: Total time for which application threads were stopped: 0.0100371 seconds, Stopping threads took: 0.0003551 seconds
2019-02-01T02:00:19.639+0000: 797394.597: Application time: 0.0008864 seconds
2019-02-01T02:00:19.649+0000: 797394.607: [GC (GCLocker Initiated GC) 2019-02-01T02:00:19.664+0000: 797394.622: [SoftReference, 0 refs, 0.0000822 secs]2019-02-01T02:00:19.664+0000: 797394.622: [WeakReference, 24 refs, 0.0000185 secs]2019-02-01T02:00:19.664+0000: 797394.622: [FinalReference, 490 refs, 0.0002785 secs]2019-02-01T02:00:19.665+0000: 797394.622: [PhantomReference, 0 refs, 0 refs, 0.0000105 secs]2019-02-01T02:00:19.665+0000: 797394.622: [JNI Weak Reference, 0.0000196 secs]
Desired survivor size 92798976 bytes, new threshold 1 (max 15)
[PSYoungGen: 867882K->34166K(895488K)] 3128607K->2297032K(3966976K), 0.0205310 secs] [Times: user=0.25 sys=0.01, real=0.02 secs] 
2019-02-01T02:00:19.670+0000: 797394.628: Total time for which application threads were stopped: 0.0309195 seconds, Stopping threads took: 0.0001163 seconds
2019-02-01T02:00:22.799+0000: 797397.757: Application time: 3.1294948 seconds
2019-02-01T02:00:22.808+0000: 797397.766: Total time for which application threads were stopped: 0.0091414 seconds, Stopping threads took: 0.0003862 seconds
2019-02-01T02:00:22.809+0000: 797397.767: Application time: 0.0006647 seconds
2019-02-01T02:00:22.818+0000: 797397.776: [GC (GCLocker Initiated GC) 2019-02-01T02:00:22.834+0000: 797397.792: [SoftReference, 0 refs, 0.0000533 secs]2019-02-01T02:00:22.834+0000: 797397.792: [WeakReference, 39 refs, 0.0000372 secs]2019-02-01T02:00:22.834+0000: 797397.792: [FinalReference, 460 refs, 0.0002324 secs]2019-02-01T02:00:22.834+0000: 797397.792: [PhantomReference, 0 refs, 0 refs, 0.0000098 secs]2019-02-01T02:00:22.834+0000: 797397.792: [JNI Weak Reference, 0.0000196 secs]
Desired survivor size 99614720 bytes, new threshold 1 (max 15)
[PSYoungGen: 849270K->80664K(886272K)] 3112174K->2346825K(3957760K), 0.0199731 secs] [Times: user=0.31 sys=0.01, real=0.02 secs] 
2019-02-01T02:00:22.838+0000: 797397.796: Total time for which application threads were stopped: 0.0293154 seconds, Stopping threads took: 0.0002279 seconds
2019-02-01T02:00:25.300+0000: 797400.258: Application time: 2.4620738 seconds
2019-02-01T02:00:25.309+0000: 797400.267: Total time for which application threads were stopped: 0.0087237 seconds, Stopping threads took: 0.0003675 seconds
2019-02-01T02:00:25.310+0000: 797400.268: Application time: 0.0005082 seconds
2019-02-01T02:00:25.318+0000: 797400.276: [GC (GCLocker Initiated GC) 2019-02-01T02:00:25.331+0000: 797400.289: [SoftReference, 0 refs, 0.0000564 secs]2019-02-01T02:00:25.331+0000: 797400.289: [WeakReference, 64 refs, 0.0000296 secs]2019-02-01T02:00:25.332+0000: 797400.289: [FinalReference, 317 refs, 0.0001769 secs]2019-02-01T02:00:25.332+0000: 797400.290: [PhantomReference, 0 refs, 0 refs, 0.0000117 secs]2019-02-01T02:00:25.332+0000: 797400.290: [JNI Weak Reference, 0.0000240 secs]
Desired survivor size 98566144 bytes, new threshold 1 (max 15)
[PSYoungGen: 886040K->36910K(882176K)] 3155545K->2310853K(3953664K), 0.0179425 secs] [Times: user=0.25 sys=0.00, real=0.02 secs] 
2019-02-01T02:00:25.337+0000: 797400.294: Total time for which application threads were stopped: 0.0267736 seconds, Stopping threads took: 0.0002234 seconds
2019-02-01T02:00:28.312+0000: 797403.270: Application time: 2.9755904 seconds
2019-02-01T02:00:28.321+0000: 797403.279: Total time for which application threads were stopped: 0.0087485 seconds, Stopping threads took: 0.0020453 seconds
2019-02-01T02:00:28.322+0000: 797403.280: Application time: 0.0010955 seconds
2019-02-01T02:00:28.329+0000: 797403.287: [GC (GCLocker Initiated GC) 2019-02-01T02:00:28.347+0000: 797403.305: [SoftReference, 0 refs, 0.0000737 secs]2019-02-01T02:00:28.347+0000: 797403.305: [WeakReference, 32 refs, 0.0000380 secs]2019-02-01T02:00:28.347+0000: 797403.305: [FinalReference, 417 refs, 0.0003044 secs]2019-02-01T02:00:28.348+0000: 797403.305: [PhantomReference, 0 refs, 3 refs, 0.0000207 secs]2019-02-01T02:00:28.348+0000: 797403.305: [JNI Weak Reference, 0.0000330 secs]
Desired survivor size 96468992 bytes, new threshold 1 (max 15)
[PSYoungGen: 833070K->59124K(846336K)] 3110718K->2341860K(3917824K), 0.0237501 secs] [Times: user=0.25 sys=0.00, real=0.03 secs] 
2019-02-01T02:00:28.353+0000: 797403.311: Total time for which application threads were stopped: 0.0313549 seconds, Stopping threads took: 0.0005928 seconds
2019-02-01T02:00:31.481+0000: 797406.439: Application time: 3.1277393 seconds
2019-02-01T02:00:31.490+0000: 797406.448: Total time for which application threads were stopped: 0.0088901 seconds, Stopping threads took: 0.0003049 seconds
2019-02-01T02:00:31.491+0000: 797406.449: Application time: 0.0008690 seconds
2019-02-01T02:00:31.499+0000: 797406.457: [GC (GCLocker Initiated GC) 2019-02-01T02:00:31.514+0000: 797406.472: [SoftReference, 0 refs, 0.0000561 secs]2019-02-01T02:00:31.514+0000: 797406.472: [WeakReference, 11 refs, 0.0000137 secs]2019-02-01T02:00:31.514+0000: 797406.472: [FinalReference, 408 refs, 0.0002683 secs]2019-02-01T02:00:31.515+0000: 797406.473: [PhantomReference, 0 refs, 0 refs, 0.0000121 secs]2019-02-01T02:00:31.515+0000: 797406.473: [JNI Weak Reference, 0.0000194 secs]
Desired survivor size 95420416 bytes, new threshold 1 (max 15)
[PSYoungGen: 846068K->36752K(861696K)] 3128856K->2321463K(3933184K), 0.0193401 secs] [Times: user=0.22 sys=0.01, real=0.02 secs] 
2019-02-01T02:00:31.519+0000: 797406.477: Total time for which application threads were stopped: 0.0281201 seconds, Stopping threads took: 0.0002488 seconds
2019-02-01T02:00:33.993+0000: 797408.951: Application time: 2.4737760 seconds
2019-02-01T02:00:34.001+0000: 797408.959: Total time for which application threads were stopped: 0.0085283 seconds, Stopping threads took: 0.0002402 seconds
2019-02-01T02:00:34.002+0000: 797408.960: Application time: 0.0007964 seconds
2019-02-01T02:00:34.009+0000: 797408.967: [GC (GCLocker Initiated GC) 2019-02-01T02:00:34.021+0000: 797408.979: [SoftReference, 0 refs, 0.0000550 secs]2019-02-01T02:00:34.021+0000: 797408.979: [WeakReference, 9 refs, 0.0000134 secs]2019-02-01T02:00:34.021+0000: 797408.979: [FinalReference, 406 refs, 0.0002787 secs]2019-02-01T02:00:34.021+0000: 797408.979: [PhantomReference, 0 refs, 0 refs, 0.0000143 secs]2019-02-01T02:00:34.021+0000: 797408.979: [JNI Weak Reference, 0.0000205 secs]
Desired survivor size 94371840 bytes, new threshold 1 (max 15)
[PSYoungGen: 814992K->32639K(802304K)] 3103054K->2322805K(3873792K), 0.0180050 secs] [Times: user=0.22 sys=0.00, real=0.02 secs] 
2019-02-01T02:00:34.027+0000: 797408.985: Total time for which application threads were stopped: 0.0250432 seconds, Stopping threads took: 0.0002281 seconds
2019-02-01T02:00:36.607+0000: 797411.565: Application time: 2.5799835 seconds
2019-02-01T02:00:36.616+0000: 797411.574: Total time for which application threads were stopped: 0.0088648 seconds, Stopping threads took: 0.0003556 seconds
2019-02-01T02:00:36.616+0000: 797411.574: Application time: 0.0001366 seconds
2019-02-01T02:00:36.624+0000: 797411.582: Total time for which application threads were stopped: 0.0076441 seconds, Stopping threads took: 0.0002281 seconds
2019-02-01T02:00:36.625+0000: 797411.583: Application time: 0.0009450 seconds
2019-02-01T02:00:36.632+0000: 797411.590: [GC (GCLocker Initiated GC) 2019-02-01T02:00:36.645+0000: 797411.603: [SoftReference, 0 refs, 0.0000551 secs]2019-02-01T02:00:36.645+0000: 797411.603: [WeakReference, 27 refs, 0.0000255 secs]2019-02-01T02:00:36.645+0000: 797411.603: [FinalReference, 415 refs, 0.0002011 secs]2019-02-01T02:00:36.645+0000: 797411.603: [PhantomReference, 0 refs, 0 refs, 0.0000103 secs]2019-02-01T02:00:36.645+0000: 797411.603: [JNI Weak Reference, 0.0000189 secs]
Desired survivor size 91226112 bytes, new threshold 1 (max 15)
[PSYoungGen: 802175K->43924K(838144K)] 3092378K->2336177K(3909632K), 0.0189166 secs] [Times: user=0.23 sys=0.01, real=0.02 secs] 
2019-02-01T02:00:36.651+0000: 797411.609: Total time for which application threads were stopped: 0.0264213 seconds, Stopping threads took: 0.0001741 seconds
2019-02-01T02:00:39.365+0000: 797414.323: Application time: 2.7135489 seconds
2019-02-01T02:00:39.373+0000: 797414.331: Total time for which application threads were stopped: 0.0086856 seconds, Stopping threads took: 0.0002139 seconds
2019-02-01T02:00:39.374+0000: 797414.332: Application time: 0.0010959 seconds
2019-02-01T02:00:39.383+0000: 797414.341: [GC (GCLocker Initiated GC) 2019-02-01T02:00:39.398+0000: 797414.355: [SoftReference, 0 refs, 0.0000623 secs]2019-02-01T02:00:39.398+0000: 797414.355: [WeakReference, 3 refs, 0.0000180 secs]2019-02-01T02:00:39.398+0000: 797414.356: [FinalReference, 399 refs, 0.0002899 secs]2019-02-01T02:00:39.398+0000: 797414.356: [PhantomReference, 0 refs, 0 refs, 0.0000194 secs]2019-02-01T02:00:39.398+0000: 797414.356: [JNI Weak Reference, 0.0000320 secs]
Desired survivor size 89653248 bytes, new threshold 1 (max 15)
[PSYoungGen: 804756K->32525K(785408K)] 3100375K->2330996K(3856896K), 0.0224446 secs] [Times: user=0.23 sys=0.00, real=0.03 secs] 
2019-02-01T02:00:39.405+0000: 797414.363: Total time for which application threads were stopped: 0.0309206 seconds, Stopping threads took: 0.0003564 seconds
2019-02-01T02:00:40.370+0000: 797415.328: Application time: 0.9649303 seconds
2019-02-01T02:00:40.380+0000: 797415.337: Total time for which application threads were stopped: 0.0092421 seconds, Stopping threads took: 0.0015305 seconds
2019-02-01T02:00:42.149+0000: 797417.107: Application time: 1.7694648 seconds
2019-02-01T02:00:42.155+0000: 797417.113: Total time for which application threads were stopped: 0.0063536 seconds, Stopping threads took: 0.0002494 seconds
2019-02-01T02:00:42.156+0000: 797417.114: Application time: 0.0005607 seconds
2019-02-01T02:00:42.163+0000: 797417.121: [GC (GCLocker Initiated GC) 2019-02-01T02:00:42.182+0000: 797417.140: [SoftReference, 0 refs, 0.0000879 secs]2019-02-01T02:00:42.182+0000: 797417.140: [WeakReference, 13 refs, 0.0000405 secs]2019-02-01T02:00:42.182+0000: 797417.140: [FinalReference, 385 refs, 0.0002898 secs]2019-02-01T02:00:42.183+0000: 797417.140: [PhantomReference, 0 refs, 1 refs, 0.0000207 secs]2019-02-01T02:00:42.183+0000: 797417.140: [JNI Weak Reference, 0.0000319 secs]
Desired survivor size 89128960 bytes, new threshold 1 (max 15)
[PSYoungGen: 785165K->56828K(822784K)] 3091850K->2366428K(3894272K), 0.0273899 secs] [Times: user=0.24 sys=0.00, real=0.03 secs] 
2019-02-01T02:00:42.190+0000: 797417.148: Total time for which application threads were stopped: 0.0343644 seconds, Stopping threads took: 0.0002274 seconds
2019-02-01T02:00:44.276+0000: 797419.234: Application time: 2.0854880 seconds
2019-02-01T02:00:44.284+0000: 797419.241: Total time for which application threads were stopped: 0.0078035 seconds, Stopping threads took: 0.0002639 seconds
2019-02-01T02:00:44.285+0000: 797419.243: Application time: 0.0015052 seconds
2019-02-01T02:00:44.292+0000: 797419.250: [GC (GCLocker Initiated GC) 2019-02-01T02:00:44.306+0000: 797419.263: [SoftReference, 0 refs, 0.0000460 secs]2019-02-01T02:00:44.306+0000: 797419.263: [WeakReference, 47 refs, 0.0000256 secs]2019-02-01T02:00:44.306+0000: 797419.263: [FinalReference, 398 refs, 0.0001828 secs]2019-02-01T02:00:44.306+0000: 797419.264: [PhantomReference, 0 refs, 0 refs, 0.0000100 secs]2019-02-01T02:00:44.306+0000: 797419.264: [JNI Weak Reference, 0.0000181 secs]
Desired survivor size 87556096 bytes, new threshold 1 (max 15)
[PSYoungGen: 801276K->37391K(774144K)] 3110903K->2351178K(3845632K), 0.0183153 secs] [Times: user=0.22 sys=0.00, real=0.02 secs] 
2019-02-01T02:00:44.311+0000: 797419.269: Total time for which application threads were stopped: 0.0256310 seconds, Stopping threads took: 0.0002522 seconds
2019-02-01T02:00:46.504+0000: 797421.462: Application time: 2.1934517 seconds
2019-02-01T02:00:46.510+0000: 797421.468: Total time for which application threads were stopped: 0.0054558 seconds, Stopping threads took: 0.0001571 seconds
2019-02-01T02:00:46.511+0000: 797421.468: Application time: 0.0007760 seconds
2019-02-01T02:00:46.516+0000: 797421.474: [GC (GCLocker Initiated GC) 2019-02-01T02:00:46.531+0000: 797421.489: [SoftReference, 0 refs, 0.0000601 secs]2019-02-01T02:00:46.532+0000: 797421.489: [WeakReference, 16 refs, 0.0000323 secs]2019-02-01T02:00:46.532+0000: 797421.489: [FinalReference, 351 refs, 0.0002932 secs]2019-02-01T02:00:46.532+0000: 797421.490: [PhantomReference, 0 refs, 0 refs, 0.0000249 secs]2019-02-01T02:00:46.532+0000: 797421.490: [JNI Weak Reference, 0.0000394 secs]
Desired survivor size 87556096 bytes, new threshold 1 (max 15)
[PSYoungGen: 773647K->57882K(806400K)] 3087484K->2375017K(3877888K), 0.0236760 secs] [Times: user=0.22 sys=0.01, real=0.02 secs] 
2019-02-01T02:00:46.540+0000: 797421.498: Total time for which application threads were stopped: 0.0295599 seconds, Stopping threads took: 0.0002364 seconds
2019-02-01T02:00:48.804+0000: 797423.761: Application time: 2.2636038 seconds
2019-02-01T02:00:48.809+0000: 797423.767: Total time for which application threads were stopped: 0.0053792 seconds, Stopping threads took: 0.0002216 seconds
2019-02-01T02:00:48.809+0000: 797423.767: Application time: 0.0001723 seconds
2019-02-01T02:00:48.815+0000: 797423.773: [GC (GCLocker Initiated GC) 2019-02-01T02:00:48.830+0000: 797423.788: [SoftReference, 0 refs, 0.0000615 secs]2019-02-01T02:00:48.830+0000: 797423.788: [WeakReference, 13 refs, 0.0000218 secs]2019-02-01T02:00:48.830+0000: 797423.788: [FinalReference, 375 refs, 0.0002295 secs]2019-02-01T02:00:48.830+0000: 797423.788: [PhantomReference, 0 refs, 1 refs, 0.0000164 secs]2019-02-01T02:00:48.830+0000: 797423.788: [JNI Weak Reference, 0.0000266 secs]
Desired survivor size 88604672 bytes, new threshold 1 (max 15)
[PSYoungGen: 786458K->19423K(740352K)] 3106948K->2344783K(3811840K), 0.0211992 secs] [Times: user=0.26 sys=0.00, real=0.03 secs] 
2019-02-01T02:00:48.836+0000: 797423.794: Total time for which application threads were stopped: 0.0270546 seconds, Stopping threads took: 0.0004155 seconds
2019-02-01T02:00:50.921+0000: 797425.879: Application time: 2.0852000 seconds
2019-02-01T02:00:50.927+0000: 797425.885: Total time for which application threads were stopped: 0.0057753 seconds, Stopping threads took: 0.0004777 seconds
2019-02-01T02:00:50.927+0000: 797425.885: Application time: 0.0001798 seconds
2019-02-01T02:00:50.933+0000: 797425.891: Total time for which application threads were stopped: 0.0053489 seconds, Stopping threads took: 0.0001664 seconds
2019-02-01T02:00:50.933+0000: 797425.891: Application time: 0.0006500 seconds
2019-02-01T02:00:50.939+0000: 797425.897: [GC (GCLocker Initiated GC) 2019-02-01T02:00:50.953+0000: 797425.911: [SoftReference, 0 refs, 0.0000500 secs]2019-02-01T02:00:50.953+0000: 797425.911: [WeakReference, 5 refs, 0.0000110 secs]2019-02-01T02:00:50.953+0000: 797425.911: [FinalReference, 349 refs, 0.0001872 secs]2019-02-01T02:00:50.953+0000: 797425.911: [PhantomReference, 0 refs, 1 refs, 0.0000105 secs]2019-02-01T02:00:50.953+0000: 797425.911: [JNI Weak Reference, 0.0000183 secs]
Desired survivor size 86507520 bytes, new threshold 1 (max 15)
[PSYoungGen: 740319K->50450K(787968K)] 3069083K->2382119K(3859456K), 0.0192016 secs] [Times: user=0.24 sys=0.00, real=0.02 secs] 
2019-02-01T02:00:50.959+0000: 797425.917: Total time for which application threads were stopped: 0.0252549 seconds, Stopping threads took: 0.0004453 seconds
2019-02-01T02:00:52.806+0000: 797427.764: Application time: 1.8477553 seconds
2019-02-01T02:00:52.814+0000: 797427.772: Total time for which application threads were stopped: 0.0074471 seconds, Stopping threads took: 0.0002010 seconds
2019-02-01T02:00:52.815+0000: 797427.772: Application time: 0.0006935 seconds
2019-02-01T02:00:52.822+0000: 797427.780: [GC (GCLocker Initiated GC) 2019-02-01T02:00:52.841+0000: 797427.799: [SoftReference, 0 refs, 0.0000660 secs]2019-02-01T02:00:52.841+0000: 797427.799: [WeakReference, 4 refs, 0.0000194 secs]2019-02-01T02:00:52.841+0000: 797427.799: [FinalReference, 291 refs, 0.0002270 secs]2019-02-01T02:00:52.841+0000: 797427.799: [PhantomReference, 0 refs, 0 refs, 0.0000194 secs]2019-02-01T02:00:52.841+0000: 797427.799: [JNI Weak Reference, 0.0000312 secs]
Desired survivor size 95420416 bytes, new threshold 1 (max 15)
[PSYoungGen: 763666K->79763K(797696K)] 3095885K->2415191K(3869184K), 0.0252346 secs] [Times: user=0.40 sys=0.00, real=0.03 secs] 
2019-02-01T02:00:52.847+0000: 797427.805: Total time for which application threads were stopped: 0.0328051 seconds, Stopping threads took: 0.0002929 seconds
2019-02-01T02:00:54.891+0000: 797429.849: Application time: 2.0436010 seconds
2019-02-01T02:00:54.897+0000: 797429.854: Total time for which application threads were stopped: 0.0055565 seconds, Stopping threads took: 0.0002542 seconds
2019-02-01T02:00:54.897+0000: 797429.855: Application time: 0.0004239 seconds
2019-02-01T02:00:54.902+0000: 797429.860: [GC (GCLocker Initiated GC) 2019-02-01T02:00:57.114+0000: 797432.072: [SoftReference, 0 refs, 0.0000522 secs]2019-02-01T02:00:57.114+0000: 797432.072: [WeakReference, 13 refs, 0.0000179 secs]2019-02-01T02:00:57.114+0000: 797432.072: [FinalReference, 306 refs, 0.0001777 secs]2019-02-01T02:00:57.114+0000: 797432.072: [PhantomReference, 0 refs, 1 refs, 0.0000127 secs]2019-02-01T02:00:57.114+0000: 797432.072: [JNI Weak Reference, 0.0000211 secs]
Desired survivor size 91226112 bytes, new threshold 1 (max 15)
[PSYoungGen: 792979K->50700K(935424K)] 3131751K->2393548K(4006912K), 2.2149113 secs] [Times: user=37.96 sys=10.56, real=2.22 secs] 
2019-02-01T02:00:57.118+0000: 797432.075: Total time for which application threads were stopped: 2.2205368 seconds, Stopping threads took: 0.0003187 seconds
2019-02-01T02:00:58.973+0000: 797433.931: Application time: 1.8556003 seconds
2019-02-01T02:00:58.981+0000: 797433.938: Total time for which application threads were stopped: 0.0073787 seconds, Stopping threads took: 0.0002668 seconds
2019-02-01T02:00:58.981+0000: 797433.939: Application time: 0.0003968 seconds
2019-02-01T02:00:58.988+0000: 797433.946: [GC (GCLocker Initiated GC) 2019-02-01T02:00:59.005+0000: 797433.963: [SoftReference, 0 refs, 0.0000584 secs]2019-02-01T02:00:59.005+0000: 797433.963: [WeakReference, 34 refs, 0.0000232 secs]2019-02-01T02:00:59.005+0000: 797433.963: [FinalReference, 405 refs, 0.0002077 secs]2019-02-01T02:00:59.005+0000: 797433.963: [PhantomReference, 0 refs, 0 refs, 0.0000095 secs]2019-02-01T02:00:59.005+0000: 797433.963: [JNI Weak Reference, 0.0000182 secs]
Desired survivor size 89128960 bytes, new threshold 1 (max 15)
[PSYoungGen: 892940K->54069K(931328K)] 3236066K->2399814K(4002816K), 0.0200566 secs] [Times: user=0.24 sys=0.03, real=0.02 secs] 
2019-02-01T02:00:59.009+0000: 797433.967: Total time for which application threads were stopped: 0.0277416 seconds, Stopping threads took: 0.0002905 seconds
2019-02-01T02:01:01.638+0000: 797436.596: Application time: 2.6291119 seconds
2019-02-01T02:01:01.645+0000: 797436.603: Total time for which application threads were stopped: 0.0073867 seconds, Stopping threads took: 0.0001418 seconds
2019-02-01T02:01:01.646+0000: 797436.604: Application time: 0.0009947 seconds
2019-02-01T02:01:01.652+0000: 797436.610: [GC (GCLocker Initiated GC) 2019-02-01T02:01:01.674+0000: 797436.632: [SoftReference, 0 refs, 0.0000547 secs]2019-02-01T02:01:01.674+0000: 797436.632: [WeakReference, 85 refs, 0.0000419 secs]2019-02-01T02:01:01.674+0000: 797436.632: [FinalReference, 412 refs, 0.0002838 secs]2019-02-01T02:01:01.674+0000: 797436.632: [PhantomReference, 0 refs, 0 refs, 0.0000139 secs]2019-02-01T02:01:01.674+0000: 797436.632: [JNI Weak Reference, 0.0000231 secs]
Desired survivor size 87556096 bytes, new threshold 1 (max 15)
[PSYoungGen: 896309K->37964K(1091584K)] 3245547K->2391886K(4163072K), 0.0265471 secs] [Times: user=0.32 sys=0.07, real=0.03 secs] 
2019-02-01T02:01:01.678+0000: 797436.636: Total time for which application threads were stopped: 0.0322367 seconds, Stopping threads took: 0.0002833 seconds
2019-02-01T02:01:05.011+0000: 797439.969: Application time: 3.3326682 seconds
2019-02-01T02:01:05.019+0000: 797439.977: Total time for which application threads were stopped: 0.0080017 seconds, Stopping threads took: 0.0002758 seconds
2019-02-01T02:01:05.020+0000: 797439.978: Application time: 0.0006123 seconds
2019-02-01T02:01:05.025+0000: 797439.983: [GC (GCLocker Initiated GC) 2019-02-01T02:01:06.964+0000: 797441.922: [SoftReference, 0 refs, 0.0000537 secs]2019-02-01T02:01:06.964+0000: 797441.922: [WeakReference, 35 refs, 0.0000298 secs]2019-02-01T02:01:06.964+0000: 797441.922: [FinalReference, 520 refs, 0.0002918 secs]2019-02-01T02:01:06.964+0000: 797441.922: [PhantomReference, 0 refs, 0 refs, 0.0000099 secs]2019-02-01T02:01:06.964+0000: 797441.922: [JNI Weak Reference, 0.0000199 secs]
Desired survivor size 95944704 bytes, new threshold 1 (max 15)
[PSYoungGen: 1046092K->81167K(1093632K)] 3400483K->2438501K(4165120K), 1.9430734 secs] [Times: user=34.58 sys=8.14, real=1.94 secs] 
2019-02-01T02:01:06.968+0000: 797441.926: Total time for which application threads were stopped: 1.9485097 seconds, Stopping threads took: 0.0002345 seconds
2019-02-01T02:01:08.925+0000: 797443.883: Application time: 1.9570241 seconds
2019-02-01T02:01:08.931+0000: 797443.889: Total time for which application threads were stopped: 0.0057240 seconds, Stopping threads took: 0.0002650 seconds
2019-02-01T02:01:08.932+0000: 797443.889: Application time: 0.0004946 seconds
2019-02-01T02:01:08.937+0000: 797443.895: [GC (GCLocker Initiated GC) 2019-02-01T02:01:10.040+0000: 797444.998: [SoftReference, 0 refs, 0.0000439 secs]2019-02-01T02:01:10.040+0000: 797444.998: [WeakReference, 32 refs, 0.0000271 secs]2019-02-01T02:01:10.040+0000: 797444.998: [FinalReference, 402 refs, 0.0002289 secs]2019-02-01T02:01:10.041+0000: 797444.998: [PhantomReference, 0 refs, 0 refs, 0.0000148 secs]2019-02-01T02:01:10.041+0000: 797444.998: [JNI Weak Reference, 0.0000233 secs]
Desired survivor size 115867648 bytes, new threshold 1 (max 15)
[PSYoungGen: 1089295K->93686K(1282560K)] 3447160K->2474324K(4354048K), 1.1081125 secs] [Times: user=22.53 sys=1.40, real=1.11 secs] 
2019-02-01T02:01:10.046+0000: 797445.004: Total time for which application threads were stopped: 1.1142003 seconds, Stopping threads took: 0.0002670 seconds
2019-02-01T02:01:13.208+0000: 797448.166: Application time: 3.1621595 seconds
2019-02-01T02:01:14.554+0000: 797449.512: [GC (Allocation Failure) 2019-02-01T02:01:16.193+0000: 797451.151: [SoftReference, 0 refs, 0.0000664 secs]2019-02-01T02:01:16.193+0000: 797451.151: [WeakReference, 9 refs, 0.0000143 secs]2019-02-01T02:01:16.193+0000: 797451.151: [FinalReference, 627 refs, 0.0003756 secs]2019-02-01T02:01:16.194+0000: 797451.151: [PhantomReference, 0 refs, 0 refs, 0.0000095 secs]2019-02-01T02:01:16.194+0000: 797451.151: [JNI Weak Reference, 0.0000173 secs]
Desired survivor size 113246208 bytes, new threshold 1 (max 15)
[PSYoungGen: 1282550K->42860K(1302016K)] 3669837K->2435017K(4373504K), 1.6434647 secs] [Times: user=29.75 sys=5.09, real=1.64 secs] 
2019-02-01T02:01:16.197+0000: 797451.155: Total time for which application threads were stopped: 2.9896013 seconds, Stopping threads took: 1.3373909 seconds
2019-02-01T02:01:18.744+0000: 797453.702: Application time: 2.5469282 seconds
2019-02-01T02:01:18.754+0000: 797453.712: Total time for which application threads were stopped: 0.0099156 seconds, Stopping threads took: 0.0019685 seconds
2019-02-01T02:01:18.756+0000: 797453.714: Application time: 0.0015646 seconds
2019-02-01T02:01:18.768+0000: 797453.726: [GC (GCLocker Initiated GC) 2019-02-01T02:01:18.792+0000: 797453.750: [SoftReference, 0 refs, 0.0000504 secs]2019-02-01T02:01:18.792+0000: 797453.750: [WeakReference, 6 refs, 0.0000119 secs]2019-02-01T02:01:18.792+0000: 797453.750: [FinalReference, 576 refs, 0.0063091 secs]2019-02-01T02:01:18.799+0000: 797453.757: [PhantomReference, 0 refs, 0 refs, 0.0000169 secs]2019-02-01T02:01:18.799+0000: 797453.757: [JNI Weak Reference, 0.0000187 secs]
Desired survivor size 112197632 bytes, new threshold 1 (max 15)
[PSYoungGen: 1231724K->68848K(1533440K)] 3623923K->2464899K(4604928K), 0.0340708 secs] [Times: user=0.35 sys=0.12, real=0.04 secs] 
2019-02-01T02:01:18.802+0000: 797453.760: Total time for which application threads were stopped: 0.0464261 seconds, Stopping threads took: 0.0047055 seconds
2019-02-01T02:01:23.005+0000: 797457.963: Application time: 4.2023813 seconds
2019-02-01T02:01:24.821+0000: 797459.779: Total time for which application threads were stopped: 1.8163758 seconds, Stopping threads took: 1.8075143 seconds
2019-02-01T02:01:24.831+0000: 797459.789: Application time: 0.0103697 seconds
2019-02-01T02:01:24.843+0000: 797459.801: [GC (GCLocker Initiated GC) 2019-02-01T02:01:26.833+0000: 797461.791: [SoftReference, 0 refs, 0.0000525 secs]2019-02-01T02:01:26.833+0000: 797461.791: [WeakReference, 76 refs, 0.0000442 secs]2019-02-01T02:01:26.833+0000: 797461.791: [FinalReference, 803 refs, 0.0004190 secs]2019-02-01T02:01:26.834+0000: 797461.792: [PhantomReference, 0 refs, 5 refs, 0.0000130 secs]2019-02-01T02:01:26.834+0000: 797461.792: [JNI Weak Reference, 0.0000211 secs]
Desired survivor size 113770496 bytes, new threshold 1 (max 15)
[PSYoungGen: 1494256K->75788K(1534976K)] 3919628K->2505108K(4606464K), 1.9940397 secs] [Times: user=22.71 sys=20.73, real=1.99 secs] 
2019-02-01T02:01:26.837+0000: 797461.795: Total time for which application threads were stopped: 2.0057875 seconds, Stopping threads took: 0.0024663 seconds
2019-02-01T02:01:29.862+0000: 797464.819: Application time: 3.0243852 seconds
2019-02-01T02:01:29.869+0000: 797464.827: Total time for which application threads were stopped: 0.0073552 seconds, Stopping threads took: 0.0002565 seconds
2019-02-01T02:01:29.869+0000: 797464.827: Application time: 0.0001945 seconds
2019-02-01T02:01:29.876+0000: 797464.834: Total time for which application threads were stopped: 0.0070897 seconds, Stopping threads took: 0.0002808 seconds
2019-02-01T02:01:29.877+0000: 797464.835: Application time: 0.0006405 seconds
2019-02-01T02:01:29.885+0000: 797464.842: [GC (GCLocker Initiated GC) 2019-02-01T02:01:29.915+0000: 797464.872: [SoftReference, 0 refs, 0.0000734 secs]2019-02-01T02:01:29.915+0000: 797464.873: [WeakReference, 30 refs, 0.0000401 secs]2019-02-01T02:01:29.915+0000: 797464.873: [FinalReference, 689 refs, 0.0047808 secs]2019-02-01T02:01:29.920+0000: 797464.877: [PhantomReference, 0 refs, 0 refs, 0.0000202 secs]2019-02-01T02:01:29.920+0000: 797464.877: [JNI Weak Reference, 0.0000541 secs]
Desired survivor size 125304832 bytes, new threshold 1 (max 15)
[PSYoungGen: 1501196K->103682K(1788416K)] 3930537K->2542094K(4859904K), 0.0396783 secs] [Times: user=0.40 sys=0.22, real=0.04 secs] 
2019-02-01T02:01:29.924+0000: 797464.882: Total time for which application threads were stopped: 0.0475229 seconds, Stopping threads took: 0.0003145 seconds
2019-02-01T02:01:33.997+0000: 797468.954: Application time: 4.0720635 seconds
2019-02-01T02:01:36.641+0000: 797471.599: Total time for which application threads were stopped: 2.6444168 seconds, Stopping threads took: 2.6354137 seconds
2019-02-01T02:01:36.654+0000: 797471.612: Application time: 0.0127780 seconds
2019-02-01T02:01:36.662+0000: 797471.620: [GC (GCLocker Initiated GC) 2019-02-01T02:01:39.319+0000: 797474.277: [SoftReference, 0 refs, 0.0000468 secs]2019-02-01T02:01:39.319+0000: 797474.277: [WeakReference, 61 refs, 0.0000399 secs]2019-02-01T02:01:39.319+0000: 797474.277: [FinalReference, 881 refs, 0.0005110 secs]2019-02-01T02:01:39.319+0000: 797474.277: [PhantomReference, 0 refs, 8 refs, 0.0000157 secs]2019-02-01T02:01:39.319+0000: 797474.277: [JNI Weak Reference, 0.0000190 secs]
Desired survivor size 131596288 bytes, new threshold 1 (max 15)
[PSYoungGen: 1780994K->96655K(1774080K)] 4238117K->2560991K(4845568K), 2.6602000 secs] [Times: user=22.66 sys=35.74, real=2.66 secs] 
2019-02-01T02:01:39.323+0000: 797474.281: Total time for which application threads were stopped: 2.6689612 seconds, Stopping threads took: 0.0027460 seconds
2019-02-01T02:01:40.369+0000: 797475.326: Application time: 1.0458191 seconds
2019-02-01T02:01:40.378+0000: 797475.336: Total time for which application threads were stopped: 0.0095250 seconds, Stopping threads took: 0.0010740 seconds
2019-02-01T02:01:41.131+0000: 797476.088: Application time: 0.7524738 seconds
2019-02-01T02:01:41.141+0000: 797476.099: Total time for which application threads were stopped: 0.0103032 seconds, Stopping threads took: 0.0029234 seconds
2019-02-01T02:01:41.146+0000: 797476.103: Application time: 0.0047590 seconds
2019-02-01T02:01:41.154+0000: 797476.111: [GC (Allocation Failure) 2019-02-01T02:01:41.185+0000: 797476.143: [SoftReference, 0 refs, 0.0000721 secs]2019-02-01T02:01:41.185+0000: 797476.143: [WeakReference, 69 refs, 0.0000394 secs]2019-02-01T02:01:41.185+0000: 797476.143: [FinalReference, 883 refs, 0.0019881 secs]2019-02-01T02:01:41.187+0000: 797476.145: [PhantomReference, 0 refs, 2 refs, 0.0000164 secs]2019-02-01T02:01:41.187+0000: 797476.145: [JNI Weak Reference, 0.0000187 secs]
Desired survivor size 172490752 bytes, new threshold 1 (max 15)
[PSYoungGen: 1773967K->128501K(1713664K)] 4242163K->2659917K(4785152K), 0.0362011 secs] [Times: user=0.55 sys=0.03, real=0.03 secs] 
2019-02-01T02:01:41.190+0000: 797476.148: Total time for which application threads were stopped: 0.0443941 seconds, Stopping threads took: 0.0007279 seconds
2019-02-01T02:01:41.190+0000: 797476.148: Application time: 0.0002821 seconds
2019-02-01T02:01:41.197+0000: 797476.155: [GC (GCLocker Initiated GC) 2019-02-01T02:01:41.226+0000: 797476.183: [SoftReference, 0 refs, 0.0000572 secs]2019-02-01T02:01:41.226+0000: 797476.183: [WeakReference, 0 refs, 0.0000083 secs]2019-02-01T02:01:41.226+0000: 797476.183: [FinalReference, 0 refs, 0.0000077 secs]2019-02-01T02:01:41.226+0000: 797476.183: [PhantomReference, 0 refs, 0 refs, 0.0000092 secs]2019-02-01T02:01:41.226+0000: 797476.183: [JNI Weak Reference, 0.0000190 secs]
Desired survivor size 177209344 bytes, new threshold 1 (max 15)
[PSYoungGen: 129901K->480K(1585664K)] 2661317K->2668638K(4657152K), 0.0315707 secs] [Times: user=0.43 sys=0.00, real=0.03 secs] 
2019-02-01T02:01:41.229+0000: 797476.187: Total time for which application threads were stopped: 0.0385768 seconds, Stopping threads took: 0.0002793 seconds
2019-02-01T02:01:45.968+0000: 797480.925: Application time: 4.7387019 seconds
2019-02-01T02:01:45.976+0000: 797480.934: Total time for which application threads were stopped: 0.0081394 seconds, Stopping threads took: 0.0002760 seconds
2019-02-01T02:01:45.977+0000: 797480.934: Application time: 0.0007831 seconds
2019-02-01T02:01:45.984+0000: 797480.942: [GC (GCLocker Initiated GC) 2019-02-01T02:01:45.999+0000: 797480.957: [SoftReference, 0 refs, 0.0000622 secs]2019-02-01T02:01:45.999+0000: 797480.957: [WeakReference, 26 refs, 0.0000207 secs]2019-02-01T02:01:45.999+0000: 797480.957: [FinalReference, 812 refs, 0.0004647 secs]2019-02-01T02:01:45.999+0000: 797480.957: [PhantomReference, 0 refs, 0 refs, 0.0000118 secs]2019-02-01T02:01:45.999+0000: 797480.957: [JNI Weak Reference, 0.0000191 secs]
Desired survivor size 174063616 bytes, new threshold 1 (max 15)
[PSYoungGen: 1584949K->31488K(1752064K)] 4256428K->2703007K(4823552K), 0.0186316 secs] [Times: user=0.27 sys=0.02, real=0.02 secs] 
2019-02-01T02:01:46.003+0000: 797480.960: Total time for which application threads were stopped: 0.0260513 seconds, Stopping threads took: 0.0004914 seconds
2019-02-01T02:01:49.874+0000: 797484.832: Application time: 3.8712550 seconds
2019-02-01T02:01:49.885+0000: 797484.843: Total time for which application threads were stopped: 0.0114917 seconds, Stopping threads took: 0.0027785 seconds
2019-02-01T02:01:49.887+0000: 797484.845: Application time: 0.0013474 seconds
2019-02-01T02:01:49.897+0000: 797484.855: [GC (GCLocker Initiated GC) 2019-02-01T02:01:49.921+0000: 797484.878: [SoftReference, 0 refs, 0.0000592 secs]2019-02-01T02:01:49.921+0000: 797484.878: [WeakReference, 15 refs, 0.0000157 secs]2019-02-01T02:01:49.921+0000: 797484.878: [FinalReference, 780 refs, 0.0003916 secs]2019-02-01T02:01:49.921+0000: 797484.879: [PhantomReference, 0 refs, 1 refs, 0.0000100 secs]2019-02-01T02:01:49.921+0000: 797484.879: [JNI Weak Reference, 0.0000188 secs]
Desired survivor size 170393600 bytes, new threshold 1 (max 15)
[PSYoungGen: 1610496K->86237K(1665536K)] 4285368K->2782636K(4737024K), 0.0289010 secs] [Times: user=0.47 sys=0.01, real=0.03 secs] 
2019-02-01T02:01:49.926+0000: 797484.884: Total time for which application threads were stopped: 0.0390894 seconds, Stopping threads took: 0.0003722 seconds
2019-02-01T02:01:56.606+0000: 797491.564: Application time: 6.6802011 seconds
2019-02-01T02:01:56.614+0000: 797491.572: Total time for which application threads were stopped: 0.0083850 seconds, Stopping threads took: 0.0001911 seconds
2019-02-01T02:01:56.615+0000: 797491.573: Application time: 0.0006848 seconds
2019-02-01T02:01:56.623+0000: 797491.581: [GC (GCLocker Initiated GC) 2019-02-01T02:01:56.649+0000: 797491.607: [SoftReference, 0 refs, 0.0000589 secs]2019-02-01T02:01:56.649+0000: 797491.607: [WeakReference, 21 refs, 0.0000196 secs]2019-02-01T02:01:56.649+0000: 797491.607: [FinalReference, 803 refs, 0.0004932 secs]2019-02-01T02:01:56.650+0000: 797491.608: [PhantomReference, 0 refs, 0 refs, 0.0000124 secs]2019-02-01T02:01:56.650+0000: 797491.608: [JNI Weak Reference, 0.0000200 secs]
Desired survivor size 167247872 bytes, new threshold 1 (max 15)
[PSYoungGen: 1665245K->31087K(1748480K)] 4368305K->2736658K(4819968K), 0.0294135 secs] [Times: user=0.46 sys=0.01, real=0.03 secs] 
2019-02-01T02:01:56.653+0000: 797491.611: Total time for which application threads were stopped: 0.0379306 seconds, Stopping threads took: 0.0002491 seconds
2019-02-01T02:02:01.736+0000: 797496.694: Application time: 5.0827919 seconds
2019-02-01T02:02:01.745+0000: 797496.702: Total time for which application threads were stopped: 0.0087147 seconds, Stopping threads took: 0.0002192 seconds
2019-02-01T02:02:01.746+0000: 797496.704: Application time: 0.0011764 seconds
2019-02-01T02:02:01.755+0000: 797496.713: [GC (GCLocker Initiated GC) 2019-02-01T02:02:01.772+0000: 797496.730: [SoftReference, 0 refs, 0.0000471 secs]2019-02-01T02:02:01.772+0000: 797496.730: [WeakReference, 86 refs, 0.0000419 secs]2019-02-01T02:02:01.772+0000: 797496.730: [FinalReference, 842 refs, 0.0003878 secs]2019-02-01T02:02:01.772+0000: 797496.730: [PhantomReference, 0 refs, 1 refs, 0.0000226 secs]2019-02-01T02:02:01.772+0000: 797496.730: [JNI Weak Reference, 0.0000246 secs]
Desired survivor size 157810688 bytes, new threshold 1 (max 15)
[PSYoungGen: 1613167K->62271K(1745408K)] 4328748K->2781394K(4816896K), 0.0223757 secs] [Times: user=0.26 sys=0.00, real=0.03 secs] 
2019-02-01T02:02:01.778+0000: 797496.735: Total time for which application threads were stopped: 0.0318759 seconds, Stopping threads took: 0.0005189 seconds
2019-02-01T02:02:06.731+0000: 797501.689: Application time: 4.9535685 seconds
2019-02-01T02:02:06.741+0000: 797501.699: Total time for which application threads were stopped: 0.0099176 seconds, Stopping threads took: 0.0030790 seconds
2019-02-01T02:02:06.744+0000: 797501.702: Application time: 0.0027123 seconds
2019-02-01T02:02:06.755+0000: 797501.713: [GC (GCLocker Initiated GC) 2019-02-01T02:02:06.775+0000: 797501.733: [SoftReference, 0 refs, 0.0000575 secs]2019-02-01T02:02:06.775+0000: 797501.733: [WeakReference, 22 refs, 0.0000200 secs]2019-02-01T02:02:06.775+0000: 797501.733: [FinalReference, 827 refs, 0.0003893 secs]2019-02-01T02:02:06.776+0000: 797501.733: [PhantomReference, 0 refs, 1 refs, 0.0000107 secs]2019-02-01T02:02:06.776+0000: 797501.733: [JNI Weak Reference, 0.0000194 secs]
Desired survivor size 151519232 bytes, new threshold 1 (max 15)
[PSYoungGen: 1644351K->72407K(1752576K)] 4373616K->2805471K(4824064K), 0.0240417 secs] [Times: user=0.36 sys=0.02, real=0.03 secs] 
2019-02-01T02:02:06.779+0000: 797501.737: Total time for which application threads were stopped: 0.0352308 seconds, Stopping threads took: 0.0031303 seconds
2019-02-01T02:02:16.431+0000: 797511.389: Application time: 9.6519014 seconds
2019-02-01T02:02:16.442+0000: 797511.400: Total time for which application threads were stopped: 0.0107698 seconds, Stopping threads took: 0.0024761 seconds
2019-02-01T02:02:16.443+0000: 797511.400: Application time: 0.0008554 seconds
2019-02-01T02:02:16.451+0000: 797511.409: [GC (GCLocker Initiated GC) 2019-02-01T02:02:16.463+0000: 797511.421: [SoftReference, 0 refs, 0.0000571 secs]2019-02-01T02:02:16.463+0000: 797511.421: [WeakReference, 6 refs, 0.0000139 secs]2019-02-01T02:02:16.463+0000: 797511.421: [FinalReference, 767 refs, 0.0006208 secs]2019-02-01T02:02:16.464+0000: 797511.422: [PhantomReference, 0 refs, 1 refs, 0.0000153 secs]2019-02-01T02:02:16.464+0000: 797511.422: [JNI Weak Reference, 0.0000211 secs]
Desired survivor size 149946368 bytes, new threshold 1 (max 15)
[PSYoungGen: 1670871K->26033K(1746432K)] 4407264K->2768211K(4817920K), 0.0158675 secs] [Times: user=0.22 sys=0.00, real=0.01 secs] 
2019-02-01T02:02:16.467+0000: 797511.425: Total time for which application threads were stopped: 0.0248456 seconds, Stopping threads took: 0.0002287 seconds
2019-02-01T02:02:21.916+0000: 797516.874: Application time: 5.4490256 seconds
2019-02-01T02:02:21.932+0000: 797516.890: Total time for which application threads were stopped: 0.0157580 seconds, Stopping threads took: 0.0003767 seconds
2019-02-01T02:02:24.924+0000: 797519.882: Application time: 2.9917843 seconds
2019-02-01T02:02:24.931+0000: 797519.889: Total time for which application threads were stopped: 0.0068348 seconds, Stopping threads took: 0.0004103 seconds
2019-02-01T02:02:24.932+0000: 797519.889: Application time: 0.0007707 seconds
2019-02-01T02:02:24.943+0000: 797519.901: [GC (GCLocker Initiated GC) 2019-02-01T02:02:24.956+0000: 797519.914: [SoftReference, 0 refs, 0.0000747 secs]2019-02-01T02:02:24.956+0000: 797519.914: [WeakReference, 19 refs, 0.0000284 secs]2019-02-01T02:02:24.956+0000: 797519.914: [FinalReference, 821 refs, 0.0006251 secs]2019-02-01T02:02:24.957+0000: 797519.914: [PhantomReference, 0 refs, 0 refs, 0.0000195 secs]2019-02-01T02:02:24.957+0000: 797519.915: [JNI Weak Reference, 0.0000278 secs]
Desired survivor size 142606336 bytes, new threshold 1 (max 15)
[PSYoungGen: 1624497K->57225K(1766912K)] 4366702K->2801562K(4838400K), 0.0178244 secs] [Times: user=0.24 sys=0.01, real=0.02 secs] 
2019-02-01T02:02:24.961+0000: 797519.919: Total time for which application threads were stopped: 0.0296375 seconds, Stopping threads took: 0.0046722 seconds
2019-02-01T02:02:32.005+0000: 797526.963: Application time: 7.0434389 seconds
2019-02-01T02:02:32.013+0000: 797526.971: Total time for which application threads were stopped: 0.0083780 seconds, Stopping threads took: 0.0001579 seconds
2019-02-01T02:02:32.014+0000: 797526.972: Application time: 0.0007382 seconds
2019-02-01T02:02:32.023+0000: 797526.981: [GC (GCLocker Initiated GC) 2019-02-01T02:02:32.041+0000: 797526.999: [SoftReference, 0 refs, 0.0000792 secs]2019-02-01T02:02:32.041+0000: 797526.999: [WeakReference, 62 refs, 0.0000502 secs]2019-02-01T02:02:32.041+0000: 797526.999: [FinalReference, 784 refs, 0.0005900 secs]2019-02-01T02:02:32.042+0000: 797527.000: [PhantomReference, 0 refs, 0 refs, 0.0000199 secs]2019-02-01T02:02:32.042+0000: 797527.000: [JNI Weak Reference, 0.0000322 secs]
Desired survivor size 136314880 bytes, new threshold 1 (max 15)
[PSYoungGen: 1684361K->50302K(1766400K)] 4435656K->2804184K(4837888K), 0.0238183 secs] [Times: user=0.31 sys=0.00, real=0.02 secs] 
2019-02-01T02:02:32.047+0000: 797527.005: Total time for which application threads were stopped: 0.0331431 seconds, Stopping threads took: 0.0002651 seconds
2019-02-01T02:02:39.749+0000: 797534.707: Application time: 7.7020590 seconds
2019-02-01T02:02:39.756+0000: 797534.713: Total time for which application threads were stopped: 0.0065529 seconds, Stopping threads took: 0.0001596 seconds
2019-02-01T02:02:39.756+0000: 797534.714: Application time: 0.0002120 seconds
2019-02-01T02:02:39.762+0000: 797534.720: [GC (GCLocker Initiated GC) 2019-02-01T02:02:39.773+0000: 797534.731: [SoftReference, 0 refs, 0.0000591 secs]2019-02-01T02:02:39.773+0000: 797534.731: [WeakReference, 2 refs, 0.0000102 secs]2019-02-01T02:02:39.773+0000: 797534.731: [FinalReference, 920 refs, 0.0006480 secs]2019-02-01T02:02:39.774+0000: 797534.732: [PhantomReference, 0 refs, 0 refs, 0.0000128 secs]2019-02-01T02:02:39.774+0000: 797534.732: [JNI Weak Reference, 0.0000195 secs]
Desired survivor size 135790592 bytes, new threshold 1 (max 15)
[PSYoungGen: 1677438K->22243K(1776640K)] 4434652K->2783789K(4848128K), 0.0146889 secs] [Times: user=0.21 sys=0.01, real=0.01 secs] 
2019-02-01T02:02:39.777+0000: 797534.735: Total time for which application threads were stopped: 0.0214323 seconds, Stopping threads took: 0.0001466 seconds
2019-02-01T02:02:40.369+0000: 797535.327: Application time: 0.5918165 seconds
2019-02-01T02:02:40.377+0000: 797535.335: Total time for which application threads were stopped: 0.0083839 seconds, Stopping threads took: 0.0001940 seconds
2019-02-01T02:02:52.429+0000: 797547.387: Application time: 12.0518501 seconds
2019-02-01T02:02:52.437+0000: 797547.395: Total time for which application threads were stopped: 0.0080285 seconds, Stopping threads took: 0.0002495 seconds
2019-02-01T02:02:52.438+0000: 797547.396: Application time: 0.0004838 seconds
2019-02-01T02:02:52.446+0000: 797547.404: [GC (GCLocker Initiated GC) 2019-02-01T02:02:52.460+0000: 797547.418: [SoftReference, 0 refs, 0.0000559 secs]2019-02-01T02:02:52.460+0000: 797547.418: [WeakReference, 2 refs, 0.0000093 secs]2019-02-01T02:02:52.460+0000: 797547.418: [FinalReference, 809 refs, 0.0005216 secs]2019-02-01T02:02:52.461+0000: 797547.418: [PhantomReference, 0 refs, 0 refs, 0.0000206 secs]2019-02-01T02:02:52.461+0000: 797547.418: [JNI Weak Reference, 0.0000232 secs]
Desired survivor size 133693440 bytes, new threshold 1 (max 15)
[PSYoungGen: 1665763K->24086K(1776128K)] 4433961K->2796205K(4847616K), 0.0174847 secs] [Times: user=0.23 sys=0.01, real=0.01 secs] 
2019-02-01T02:02:52.464+0000: 797547.422: Total time for which application threads were stopped: 0.0260172 seconds, Stopping threads took: 0.0001642 seconds
2019-02-01T02:03:06.295+0000: 797561.253: Application time: 13.8311405 seconds
2019-02-01T02:03:06.303+0000: 797561.261: Total time for which application threads were stopped: 0.0083194 seconds, Stopping threads took: 0.0002742 seconds
2019-02-01T02:03:06.304+0000: 797561.262: Application time: 0.0005635 seconds
2019-02-01T02:03:06.312+0000: 797561.270: [GC (GCLocker Initiated GC) 2019-02-01T02:03:06.335+0000: 797561.293: [SoftReference, 0 refs, 0.0000622 secs]2019-02-01T02:03:06.335+0000: 797561.293: [WeakReference, 6 refs, 0.0000123 secs]2019-02-01T02:03:06.335+0000: 797561.293: [FinalReference, 778 refs, 0.0003452 secs]2019-02-01T02:03:06.335+0000: 797561.293: [PhantomReference, 0 refs, 0 refs, 0.0000099 secs]2019-02-01T02:03:06.335+0000: 797561.293: [JNI Weak Reference, 0.0000189 secs]
Desired survivor size 128974848 bytes, new threshold 1 (max 15)
[PSYoungGen: 1667606K->35717K(1782784K)] 4439990K->2810242K(4854272K), 0.0264654 secs] [Times: user=0.43 sys=0.03, real=0.03 secs] 
2019-02-01T02:03:06.339+0000: 797561.296: Total time for which application threads were stopped: 0.0346574 seconds, Stopping threads took: 0.0000979 seconds
2019-02-01T02:03:17.827+0000: 797572.784: Application time: 11.4880250 seconds
2019-02-01T02:03:17.835+0000: 797572.793: Total time for which application threads were stopped: 0.0082131 seconds, Stopping threads took: 0.0002665 seconds
2019-02-01T02:03:17.835+0000: 797572.793: Application time: 0.0005870 seconds
2019-02-01T02:03:17.844+0000: 797572.801: [GC (GCLocker Initiated GC) 2019-02-01T02:03:17.859+0000: 797572.817: [SoftReference, 0 refs, 0.0000628 secs]2019-02-01T02:03:17.859+0000: 797572.817: [WeakReference, 8 refs, 0.0000124 secs]2019-02-01T02:03:17.859+0000: 797572.817: [FinalReference, 789 refs, 0.0003575 secs]2019-02-01T02:03:17.860+0000: 797572.818: [PhantomReference, 0 refs, 0 refs, 0.0000100 secs]2019-02-01T02:03:17.860+0000: 797572.818: [JNI Weak Reference, 0.0000203 secs]
Desired survivor size 126353408 bytes, new threshold 1 (max 15)
[PSYoungGen: 1694597K->21937K(1784832K)] 4469138K->2798848K(4856320K), 0.0195927 secs] [Times: user=0.26 sys=0.01, real=0.02 secs] 
2019-02-01T02:03:17.863+0000: 797572.821: Total time for which application threads were stopped: 0.0280941 seconds, Stopping threads took: 0.0002205 seconds
2019-02-01T02:03:28.359+0000: 797583.317: Application time: 10.4953708 seconds
2019-02-01T02:03:28.366+0000: 797583.324: Total time for which application threads were stopped: 0.0072635 seconds, Stopping threads took: 0.0003010 seconds
2019-02-01T02:03:28.367+0000: 797583.324: Application time: 0.0004429 seconds
2019-02-01T02:03:28.374+0000: 797583.332: [GC (GCLocker Initiated GC) 2019-02-01T02:03:28.387+0000: 797583.345: [SoftReference, 0 refs, 0.0000598 secs]2019-02-01T02:03:28.387+0000: 797583.345: [WeakReference, 10 refs, 0.0000145 secs]2019-02-01T02:03:28.387+0000: 797583.345: [FinalReference, 775 refs, 0.0003919 secs]2019-02-01T02:03:28.387+0000: 797583.345: [PhantomReference, 0 refs, 0 refs, 0.0000101 secs]2019-02-01T02:03:28.387+0000: 797583.345: [JNI Weak Reference, 0.0000191 secs]
Desired survivor size 124780544 bytes, new threshold 1 (max 15)
[PSYoungGen: 1680817K->14579K(1793536K)] 4461058K->2797009K(4865024K), 0.0160423 secs] [Times: user=0.21 sys=0.00, real=0.02 secs] 
2019-02-01T02:03:28.391+0000: 797583.349: Total time for which application threads were stopped: 0.0241132 seconds, Stopping threads took: 0.0001506 seconds
2019-02-01T02:03:39.550+0000: 797594.508: Application time: 11.1591817 seconds
2019-02-01T02:03:39.560+0000: 797594.518: [GC (Allocation Failure) 2019-02-01T02:03:39.573+0000: 797594.531: [SoftReference, 0 refs, 0.0000745 secs]2019-02-01T02:03:39.573+0000: 797594.531: [WeakReference, 8 refs, 0.0000219 secs]2019-02-01T02:03:39.573+0000: 797594.531: [FinalReference, 834 refs, 0.0007346 secs]2019-02-01T02:03:39.574+0000: 797594.532: [PhantomReference, 0 refs, 0 refs, 0.0000234 secs]2019-02-01T02:03:39.574+0000: 797594.532: [JNI Weak Reference, 0.0000302 secs]
Desired survivor size 121634816 bytes, new threshold 1 (max 15)
[PSYoungGen: 1687283K->17999K(1658368K)] 4473037K->2805593K(4729856K), 0.0251088 secs] [Times: user=0.20 sys=0.01, real=0.03 secs] 
2019-02-01T02:03:39.585+0000: 797594.543: Total time for which application threads were stopped: 0.0353100 seconds, Stopping threads took: 0.0019833 seconds
2019-02-01T02:03:40.367+0000: 797595.325: Application time: 0.7822287 seconds
2019-02-01T02:03:40.376+0000: 797595.334: Total time for which application threads were stopped: 0.0082927 seconds, Stopping threads took: 0.0002602 seconds
2019-02-01T02:03:47.784+0000: 797602.741: Application time: 7.4078145 seconds
2019-02-01T02:03:47.796+0000: 797602.754: Total time for which application threads were stopped: 0.0122927 seconds, Stopping threads took: 0.0041184 seconds
2019-02-01T02:03:53.161+0000: 797608.119: Application time: 5.3654944 seconds
2019-02-01T02:03:53.170+0000: 797608.128: [GC (Allocation Failure) 2019-02-01T02:03:53.182+0000: 797608.140: [SoftReference, 0 refs, 0.0000612 secs]2019-02-01T02:03:53.182+0000: 797608.140: [WeakReference, 9 refs, 0.0000131 secs]2019-02-01T02:03:53.182+0000: 797608.140: [FinalReference, 841 refs, 0.0006884 secs]2019-02-01T02:03:53.183+0000: 797608.141: [PhantomReference, 0 refs, 0 refs, 0.0000143 secs]2019-02-01T02:03:53.183+0000: 797608.141: [JNI Weak Reference, 0.0000210 secs]
Desired survivor size 116916224 bytes, new threshold 1 (max 15)
[PSYoungGen: 1657935K->27026K(1686016K)] 4445529K->2821179K(4757504K), 0.0239236 secs] [Times: user=0.19 sys=0.02, real=0.03 secs] 
2019-02-01T02:03:53.194+0000: 797608.152: Total time for which application threads were stopped: 0.0326000 seconds, Stopping threads took: 0.0002459 seconds
2019-02-01T02:04:05.256+0000: 797620.214: Application time: 12.0619217 seconds
2019-02-01T02:04:05.263+0000: 797620.220: Total time for which application threads were stopped: 0.0067295 seconds, Stopping threads took: 0.0002149 seconds
2019-02-01T02:04:05.263+0000: 797620.221: Application time: 0.0002529 seconds
2019-02-01T02:04:05.270+0000: 797620.228: [GC (GCLocker Initiated GC) 2019-02-01T02:04:05.280+0000: 797620.238: [SoftReference, 0 refs, 0.0000589 secs]2019-02-01T02:04:05.280+0000: 797620.238: [WeakReference, 24 refs, 0.0000205 secs]2019-02-01T02:04:05.280+0000: 797620.238: [FinalReference, 914 refs, 0.0004677 secs]2019-02-01T02:04:05.281+0000: 797620.239: [PhantomReference, 0 refs, 0 refs, 0.0000122 secs]2019-02-01T02:04:05.281+0000: 797620.239: [JNI Weak Reference, 0.0000212 secs]
Desired survivor size 113246208 bytes, new threshold 1 (max 15)
[PSYoungGen: 1634288K->18931K(1596416K)] 4431762K->2821710K(4667904K), 0.0218925 secs] [Times: user=0.19 sys=0.01, real=0.02 secs] 
2019-02-01T02:04:05.292+0000: 797620.250: Total time for which application threads were stopped: 0.0291901 seconds, Stopping threads took: 0.0008566 seconds
2019-02-01T02:04:17.140+0000: 797632.098: Application time: 11.8476721 seconds
2019-02-01T02:04:17.148+0000: 797632.106: Total time for which application threads were stopped: 0.0085788 seconds, Stopping threads took: 0.0002408 seconds
2019-02-01T02:04:17.149+0000: 797632.107: Application time: 0.0007273 seconds
2019-02-01T02:04:17.157+0000: 797632.115: [GC (GCLocker Initiated GC) 2019-02-01T02:04:17.173+0000: 797632.131: [SoftReference, 0 refs, 0.0000571 secs]2019-02-01T02:04:17.174+0000: 797632.131: [WeakReference, 17 refs, 0.0000219 secs]2019-02-01T02:04:17.174+0000: 797632.131: [FinalReference, 864 refs, 0.0004218 secs]2019-02-01T02:04:17.174+0000: 797632.132: [PhantomReference, 0 refs, 0 refs, 0.0000100 secs]2019-02-01T02:04:17.174+0000: 797632.132: [JNI Weak Reference, 0.0000187 secs]
Desired survivor size 106430464 bytes, new threshold 1 (max 15)
[PSYoungGen: 1596403K->40179K(1615360K)] 4402531K->2848841K(4686848K), 0.0273333 secs] [Times: user=0.28 sys=0.01, real=0.03 secs] 
2019-02-01T02:04:17.185+0000: 797632.143: Total time for which application threads were stopped: 0.0357567 seconds, Stopping threads took: 0.0001740 seconds
2019-02-01T02:04:26.066+0000: 797641.024: Application time: 8.8810654 seconds
2019-02-01T02:04:26.074+0000: 797641.032: Total time for which application threads were stopped: 0.0082389 seconds, Stopping threads took: 0.0002716 seconds
2019-02-01T02:04:26.075+0000: 797641.033: Application time: 0.0008511 seconds
2019-02-01T02:04:26.081+0000: 797641.039: [GC (GCLocker Initiated GC) 2019-02-01T02:04:26.095+0000: 797641.053: [SoftReference, 0 refs, 0.0000573 secs]2019-02-01T02:04:26.095+0000: 797641.053: [WeakReference, 19 refs, 0.0000190 secs]2019-02-01T02:04:26.095+0000: 797641.053: [FinalReference, 831 refs, 0.0004125 secs]2019-02-01T02:04:26.096+0000: 797641.054: [PhantomReference, 0 refs, 0 refs, 0.0000124 secs]2019-02-01T02:04:26.096+0000: 797641.054: [JNI Weak Reference, 0.0000210 secs]
Desired survivor size 100139008 bytes, new threshold 1 (max 15)
[PSYoungGen: 1587955K->40311K(1559552K)] 4396665K->2851629K(4631040K), 0.0253627 secs] [Times: user=0.22 sys=0.01, real=0.02 secs] 
2019-02-01T02:04:26.107+0000: 797641.065: Total time for which application threads were stopped: 0.0320157 seconds, Stopping threads took: 0.0002189 seconds
2019-02-01T02:04:35.015+0000: 797649.972: Application time: 8.9074958 seconds
2019-02-01T02:04:35.021+0000: 797649.979: Total time for which application threads were stopped: 0.0069603 seconds, Stopping threads took: 0.0001467 seconds
2019-02-01T02:04:35.022+0000: 797649.980: Application time: 0.0003787 seconds
2019-02-01T02:04:35.029+0000: 797649.987: [GC (GCLocker Initiated GC) 2019-02-01T02:04:35.045+0000: 797650.003: [SoftReference, 0 refs, 0.0000455 secs]2019-02-01T02:04:35.045+0000: 797650.003: [WeakReference, 9 refs, 0.0000273 secs]2019-02-01T02:04:35.045+0000: 797650.003: [FinalReference, 861 refs, 0.0004743 secs]2019-02-01T02:04:35.046+0000: 797650.004: [PhantomReference, 0 refs, 0 refs, 0.0000123 secs]2019-02-01T02:04:35.046+0000: 797650.004: [JNI Weak Reference, 0.0000220 secs]
Desired survivor size 95944704 bytes, new threshold 1 (max 15)
[PSYoungGen: 1559415K->29263K(1553408K)] 4374068K->2850752K(4624896K), 0.0268671 secs] [Times: user=0.29 sys=0.01, real=0.03 secs] 
2019-02-01T02:04:35.056+0000: 797650.014: Total time for which application threads were stopped: 0.0342055 seconds, Stopping threads took: 0.0002107 seconds
2019-02-01T02:04:40.367+0000: 797655.325: Application time: 5.3107355 seconds
2019-02-01T02:04:40.375+0000: 797655.333: Total time for which application threads were stopped: 0.0084275 seconds, Stopping threads took: 0.0002105 seconds
2019-02-01T02:04:42.338+0000: 797657.295: Application time: 1.9624102 seconds
2019-02-01T02:04:42.346+0000: 797657.304: Total time for which application threads were stopped: 0.0083546 seconds, Stopping threads took: 0.0002804 seconds
2019-02-01T02:04:42.347+0000: 797657.305: Application time: 0.0006947 seconds
2019-02-01T02:04:42.354+0000: 797657.312: [GC (GCLocker Initiated GC) 2019-02-01T02:04:42.372+0000: 797657.330: [SoftReference, 0 refs, 0.0000587 secs]2019-02-01T02:04:42.372+0000: 797657.330: [WeakReference, 31 refs, 0.0000245 secs]2019-02-01T02:04:42.372+0000: 797657.330: [FinalReference, 749 refs, 0.0004333 secs]2019-02-01T02:04:42.372+0000: 797657.330: [PhantomReference, 0 refs, 0 refs, 0.0000124 secs]2019-02-01T02:04:42.372+0000: 797657.330: [JNI Weak Reference, 0.0000216 secs]
Desired survivor size 92798976 bytes, new threshold 1 (max 15)
[PSYoungGen: 1520719K->22630K(1487360K)] 4342242K->2847430K(4558848K), 0.0280281 secs] [Times: user=0.17 sys=0.01, real=0.03 secs] 
2019-02-01T02:04:42.382+0000: 797657.340: Total time for which application threads were stopped: 0.0357204 seconds, Stopping threads took: 0.0002241 seconds
2019-02-01T02:04:49.851+0000: 797664.809: Application time: 7.4688077 seconds
2019-02-01T02:04:49.860+0000: 797664.818: Total time for which application threads were stopped: 0.0087101 seconds, Stopping threads took: 0.0001668 seconds
2019-02-01T02:04:49.860+0000: 797664.818: Application time: 0.0003473 seconds
2019-02-01T02:04:49.869+0000: 797664.826: [GC (GCLocker Initiated GC) 2019-02-01T02:04:49.882+0000: 797664.840: [SoftReference, 0 refs, 0.0000700 secs]2019-02-01T02:04:49.882+0000: 797664.840: [WeakReference, 3 refs, 0.0000187 secs]2019-02-01T02:04:49.882+0000: 797664.840: [FinalReference, 838 refs, 0.0005840 secs]2019-02-01T02:04:49.883+0000: 797664.840: [PhantomReference, 0 refs, 0 refs, 0.0000189 secs]2019-02-01T02:04:49.883+0000: 797664.840: [JNI Weak Reference, 0.0000407 secs]
Desired survivor size 91226112 bytes, new threshold 1 (max 15)
[PSYoungGen: 1486950K->16062K(1499648K)] 4311770K->2842776K(4571136K), 0.0273904 secs] [Times: user=0.21 sys=0.01, real=0.03 secs] 
2019-02-01T02:04:49.896+0000: 797664.854: Total time for which application threads were stopped: 0.0360271 seconds, Stopping threads took: 0.0001198 seconds
2019-02-01T02:04:56.622+0000: 797671.580: Application time: 6.7257962 seconds
2019-02-01T02:04:56.631+0000: 797671.589: Total time for which application threads were stopped: 0.0085779 seconds, Stopping threads took: 0.0002227 seconds
2019-02-01T02:04:56.632+0000: 797671.589: Application time: 0.0007784 seconds
2019-02-01T02:04:56.640+0000: 797671.598: [GC (GCLocker Initiated GC) 2019-02-01T02:04:56.652+0000: 797671.610: [SoftReference, 0 refs, 0.0000537 secs]2019-02-01T02:04:56.652+0000: 797671.610: [WeakReference, 1 refs, 0.0000090 secs]2019-02-01T02:04:56.652+0000: 797671.610: [FinalReference, 729 refs, 0.0003956 secs]2019-02-01T02:04:56.653+0000: 797671.610: [PhantomReference, 0 refs, 0 refs, 0.0000108 secs]2019-02-01T02:04:56.653+0000: 797671.610: [JNI Weak Reference, 0.0000198 secs]
Desired survivor size 85983232 bytes, new threshold 1 (max 15)
[PSYoungGen: 1454270K->30935K(1443840K)] 4284327K->2863331K(4515328K), 0.0225195 secs] [Times: user=0.24 sys=0.01, real=0.02 secs] 
2019-02-01T02:04:56.662+0000: 797671.620: Total time for which application threads were stopped: 0.0309350 seconds, Stopping threads took: 0.0001637 seconds
2019-02-01T02:05:03.533+0000: 797678.491: Application time: 6.8709100 seconds
2019-02-01T02:05:03.542+0000: 797678.500: Total time for which application threads were stopped: 0.0085420 seconds, Stopping threads took: 0.0001930 seconds
2019-02-01T02:05:03.543+0000: 797678.501: Application time: 0.0007832 seconds
2019-02-01T02:05:03.550+0000: 797678.508: [GC (GCLocker Initiated GC) 2019-02-01T02:05:03.565+0000: 797678.523: [SoftReference, 0 refs, 0.0000562 secs]2019-02-01T02:05:03.565+0000: 797678.523: [WeakReference, 7 refs, 0.0000130 secs]2019-02-01T02:05:03.566+0000: 797678.523: [FinalReference, 713 refs, 0.0004095 secs]2019-02-01T02:05:03.566+0000: 797678.524: [PhantomReference, 0 refs, 0 refs, 0.0000110 secs]2019-02-01T02:05:03.566+0000: 797678.524: [JNI Weak Reference, 0.0000256 secs]
Desired survivor size 83361792 bytes, new threshold 1 (max 15)
[PSYoungGen: 1443543K->40293K(1442304K)] 4283350K->2882914K(4513792K), 0.0251463 secs] [Times: user=0.29 sys=0.01, real=0.03 secs] 
2019-02-01T02:05:03.575+0000: 797678.533: Total time for which application threads were stopped: 0.0324695 seconds, Stopping threads took: 0.0001938 seconds
2019-02-01T02:05:10.262+0000: 797685.220: Application time: 6.6869670 seconds
2019-02-01T02:05:10.269+0000: 797685.227: [GC (Allocation Failure) 2019-02-01T02:05:10.282+0000: 797685.240: [SoftReference, 0 refs, 0.0000528 secs]2019-02-01T02:05:10.282+0000: 797685.240: [WeakReference, 24 refs, 0.0000204 secs]2019-02-01T02:05:10.282+0000: 797685.240: [FinalReference, 722 refs, 0.0003632 secs]2019-02-01T02:05:10.282+0000: 797685.240: [PhantomReference, 0 refs, 1 refs, 0.0000112 secs]2019-02-01T02:05:10.282+0000: 797685.240: [JNI Weak Reference, 0.0000177 secs]
Desired survivor size 79167488 bytes, new threshold 1 (max 15)
[PSYoungGen: 1428325K->31331K(1395712K)] 4274270K->2880203K(4467200K), 0.0222699 secs] [Times: user=0.21 sys=0.01, real=0.02 secs] 
2019-02-01T02:05:10.292+0000: 797685.250: Total time for which application threads were stopped: 0.0295722 seconds, Stopping threads took: 0.0001704 seconds
2019-02-01T02:05:16.350+0000: 797691.307: Application time: 6.0578430 seconds
2019-02-01T02:05:16.358+0000: 797691.316: Total time for which application threads were stopped: 0.0081834 seconds, Stopping threads took: 0.0002429 seconds
2019-02-01T02:05:16.359+0000: 797691.316: Application time: 0.0007695 seconds
2019-02-01T02:05:16.367+0000: 797691.325: [GC (GCLocker Initiated GC) 2019-02-01T02:05:16.388+0000: 797691.346: [SoftReference, 0 refs, 0.0000522 secs]2019-02-01T02:05:16.388+0000: 797691.346: [WeakReference, 17 refs, 0.0000194 secs]2019-02-01T02:05:16.388+0000: 797691.346: [FinalReference, 667 refs, 0.0003662 secs]2019-02-01T02:05:16.389+0000: 797691.347: [PhantomReference, 0 refs, 0 refs, 0.0000122 secs]2019-02-01T02:05:16.389+0000: 797691.347: [JNI Weak Reference, 0.0000189 secs]
Desired survivor size 74973184 bytes, new threshold 1 (max 15)
[PSYoungGen: 1395299K->34171K(1387008K)] 4244171K->2885626K(4458496K), 0.0311809 secs] [Times: user=0.30 sys=0.03, real=0.03 secs] 
2019-02-01T02:05:16.398+0000: 797691.356: Total time for which application threads were stopped: 0.0397042 seconds, Stopping threads took: 0.0003397 seconds
2019-02-01T02:05:22.188+0000: 797697.145: Application time: 5.7894066 seconds
2019-02-01T02:05:22.195+0000: 797697.153: Total time for which application threads were stopped: 0.0076189 seconds, Stopping threads took: 0.0005245 seconds
2019-02-01T02:05:22.196+0000: 797697.154: Application time: 0.0008848 seconds
2019-02-01T02:05:22.204+0000: 797697.161: [GC (GCLocker Initiated GC) 2019-02-01T02:05:22.219+0000: 797697.177: [SoftReference, 0 refs, 0.0000537 secs]2019-02-01T02:05:22.219+0000: 797697.177: [WeakReference, 21 refs, 0.0000182 secs]2019-02-01T02:05:22.219+0000: 797697.177: [FinalReference, 758 refs, 0.0003781 secs]2019-02-01T02:05:22.219+0000: 797697.177: [PhantomReference, 0 refs, 1 refs, 0.0000103 secs]2019-02-01T02:05:22.219+0000: 797697.177: [JNI Weak Reference, 0.0000201 secs]
Desired survivor size 74973184 bytes, new threshold 1 (max 15)
[PSYoungGen: 1375099K->45406K(1363968K)] 4237078K->2909433K(4435456K), 0.0232480 secs] [Times: user=0.29 sys=0.00, real=0.02 secs] 
2019-02-01T02:05:22.227+0000: 797697.185: Total time for which application threads were stopped: 0.0309113 seconds, Stopping threads took: 0.0003552 seconds
2019-02-01T02:05:28.007+0000: 797702.965: Application time: 5.7803957 seconds
2019-02-01T02:05:28.015+0000: 797702.973: Total time for which application threads were stopped: 0.0076751 seconds, Stopping threads took: 0.0001703 seconds
2019-02-01T02:05:28.016+0000: 797702.973: Application time: 0.0003673 seconds
2019-02-01T02:05:28.024+0000: 797702.982: [GC (GCLocker Initiated GC) 2019-02-01T02:05:28.038+0000: 797702.996: [SoftReference, 0 refs, 0.0000535 secs]2019-02-01T02:05:28.038+0000: 797702.996: [WeakReference, 21 refs, 0.0000178 secs]2019-02-01T02:05:28.038+0000: 797702.996: [FinalReference, 764 refs, 0.0003554 secs]2019-02-01T02:05:28.039+0000: 797702.996: [PhantomReference, 0 refs, 0 refs, 0.0000103 secs]2019-02-01T02:05:28.039+0000: 797702.996: [JNI Weak Reference, 0.0000588 secs]
Desired survivor size 72351744 bytes, new threshold 1 (max 15)
[PSYoungGen: 1363806K->27685K(1342464K)] 4231179K->2897500K(4413952K), 0.0233006 secs] [Times: user=0.21 sys=0.01, real=0.02 secs] 
2019-02-01T02:05:28.047+0000: 797703.005: Total time for which application threads were stopped: 0.0318196 seconds, Stopping threads took: 0.0001658 seconds
2019-02-01T02:05:33.542+0000: 797708.500: Application time: 5.4950908 seconds
2019-02-01T02:05:33.554+0000: 797708.512: Total time for which application threads were stopped: 0.0113642 seconds, Stopping threads took: 0.0004221 seconds
2019-02-01T02:05:33.555+0000: 797708.513: Application time: 0.0013409 seconds
2019-02-01T02:05:33.567+0000: 797708.525: [GC (GCLocker Initiated GC) 2019-02-01T02:05:33.581+0000: 797708.539: [SoftReference, 0 refs, 0.0000712 secs]2019-02-01T02:05:33.581+0000: 797708.539: [WeakReference, 17 refs, 0.0000176 secs]2019-02-01T02:05:33.581+0000: 797708.539: [FinalReference, 737 refs, 0.0003900 secs]2019-02-01T02:05:33.582+0000: 797708.540: [PhantomReference, 0 refs, 0 refs, 0.0000126 secs]2019-02-01T02:05:33.582+0000: 797708.540: [JNI Weak Reference, 0.0000570 secs]
Desired survivor size 72351744 bytes, new threshold 1 (max 15)
[PSYoungGen: 1324069K->43827K(1318912K)] 4193903K->2916588K(4390400K), 0.0230564 secs] [Times: user=0.24 sys=0.01, real=0.03 secs] 
2019-02-01T02:05:33.590+0000: 797708.548: Total time for which application threads were stopped: 0.0351135 seconds, Stopping threads took: 0.0003270 seconds
2019-02-01T02:05:38.311+0000: 797713.268: Application time: 4.7202810 seconds
2019-02-01T02:05:38.319+0000: 797713.277: Total time for which application threads were stopped: 0.0084546 seconds, Stopping threads took: 0.0002634 seconds
2019-02-01T02:05:38.320+0000: 797713.278: Application time: 0.0007265 seconds
2019-02-01T02:05:38.328+0000: 797713.286: [GC (GCLocker Initiated GC) 2019-02-01T02:05:38.360+0000: 797713.318: [SoftReference, 0 refs, 0.0000559 secs]2019-02-01T02:05:38.360+0000: 797713.318: [WeakReference, 11 refs, 0.0000147 secs]2019-02-01T02:05:38.360+0000: 797713.318: [FinalReference, 632 refs, 0.0003115 secs]2019-02-01T02:05:38.360+0000: 797713.318: [PhantomReference, 0 refs, 0 refs, 0.0000102 secs]2019-02-01T02:05:38.360+0000: 797713.318: [JNI Weak Reference, 0.0000208 secs]
Desired survivor size 70778880 bytes, new threshold 1 (max 15)
[PSYoungGen: 1318707K->41025K(1300480K)] 4191507K->2916387K(4371968K), 0.0397193 secs] [Times: user=0.57 sys=0.01, real=0.04 secs] 
2019-02-01T02:05:38.368+0000: 797713.326: Total time for which application threads were stopped: 0.0483983 seconds, Stopping threads took: 0.0001351 seconds
2019-02-01T02:05:40.366+0000: 797715.324: Application time: 1.9981571 seconds
2019-02-01T02:05:40.374+0000: 797715.332: Total time for which application threads were stopped: 0.0076072 seconds, Stopping threads took: 0.0001721 seconds
2019-02-01T02:05:42.232+0000: 797717.190: Application time: 1.8584600 seconds
2019-02-01T02:05:42.241+0000: 797717.198: Total time for which application threads were stopped: 0.0082541 seconds, Stopping threads took: 0.0002443 seconds
2019-02-01T02:05:42.241+0000: 797717.199: Application time: 0.0008090 seconds
2019-02-01T02:05:42.250+0000: 797717.207: [GC (GCLocker Initiated GC) 2019-02-01T02:05:42.270+0000: 797717.228: [SoftReference, 0 refs, 0.0000577 secs]2019-02-01T02:05:42.270+0000: 797717.228: [WeakReference, 56 refs, 0.0000357 secs]2019-02-01T02:05:42.270+0000: 797717.228: [FinalReference, 572 refs, 0.0003408 secs]2019-02-01T02:05:42.271+0000: 797717.228: [PhantomReference, 0 refs, 0 refs, 0.0000117 secs]2019-02-01T02:05:42.271+0000: 797717.228: [JNI Weak Reference, 0.0000210 secs]
Desired survivor size 72876032 bytes, new threshold 1 (max 15)
[PSYoungGen: 1294913K->50056K(1284096K)] 4171250K->2928504K(4355584K), 0.0271140 secs] [Times: user=0.33 sys=0.01, real=0.03 secs] 
2019-02-01T02:05:42.277+0000: 797717.235: Total time for which application threads were stopped: 0.0353759 seconds, Stopping threads took: 0.0000813 seconds
2019-02-01T02:05:47.418+0000: 797722.375: Application time: 5.1407224 seconds
2019-02-01T02:05:47.426+0000: 797722.384: Total time for which application threads were stopped: 0.0089041 seconds, Stopping threads took: 0.0002590 seconds
2019-02-01T02:05:47.428+0000: 797722.386: Application time: 0.0012239 seconds
2019-02-01T02:05:47.437+0000: 797722.394: [GC (GCLocker Initiated GC) 2019-02-01T02:05:47.453+0000: 797722.411: [SoftReference, 0 refs, 0.0000510 secs]2019-02-01T02:05:47.454+0000: 797722.411: [WeakReference, 24 refs, 0.0000248 secs]2019-02-01T02:05:47.454+0000: 797722.411: [FinalReference, 689 refs, 0.0003232 secs]2019-02-01T02:05:47.454+0000: 797722.412: [PhantomReference, 0 refs, 0 refs, 0.0000100 secs]2019-02-01T02:05:47.454+0000: 797722.412: [JNI Weak Reference, 0.0000217 secs]
Desired survivor size 79167488 bytes, new threshold 1 (max 15)
[PSYoungGen: 1283976K->63748K(1278464K)] 4162496K->2945527K(4349952K), 0.0221957 secs] [Times: user=0.32 sys=0.00, real=0.02 secs] 
2019-02-01T02:05:47.459+0000: 797722.417: Total time for which application threads were stopped: 0.0311625 seconds, Stopping threads took: 0.0001643 seconds
2019-02-01T02:05:52.293+0000: 797727.251: Application time: 4.8338856 seconds
2019-02-01T02:05:52.301+0000: 797727.259: Total time for which application threads were stopped: 0.0082773 seconds, Stopping threads took: 0.0012546 seconds
2019-02-01T02:05:52.302+0000: 797727.259: Application time: 0.0004596 seconds
2019-02-01T02:05:52.309+0000: 797727.266: [GC (GCLocker Initiated GC) 2019-02-01T02:05:52.329+0000: 797727.287: [SoftReference, 0 refs, 0.0000614 secs]2019-02-01T02:05:52.329+0000: 797727.287: [WeakReference, 34 refs, 0.0000253 secs]2019-02-01T02:05:52.330+0000: 797727.287: [FinalReference, 545 refs, 0.0002751 secs]2019-02-01T02:05:52.330+0000: 797727.288: [PhantomReference, 0 refs, 1 refs, 0.0000118 secs]2019-02-01T02:05:52.330+0000: 797727.288: [JNI Weak Reference, 0.0000204 secs]
Desired survivor size 88604672 bytes, new threshold 1 (max 15)
[PSYoungGen: 1278212K->74125K(1269760K)] 4159999K->2958701K(4341248K), 0.0248482 secs] [Times: user=0.35 sys=0.00, real=0.03 secs] 
2019-02-01T02:05:52.334+0000: 797727.291: Total time for which application threads were stopped: 0.0320087 seconds, Stopping threads took: 0.0001451 seconds
2019-02-01T02:05:58.082+0000: 797733.040: Application time: 5.7487473 seconds
2019-02-01T02:05:58.091+0000: 797733.048: Total time for which application threads were stopped: 0.0083966 seconds, Stopping threads took: 0.0001711 seconds
2019-02-01T02:05:58.091+0000: 797733.049: Application time: 0.0005007 seconds
2019-02-01T02:05:58.100+0000: 797733.058: [GC (GCLocker Initiated GC) 2019-02-01T02:05:58.118+0000: 797733.076: [SoftReference, 0 refs, 0.0000596 secs]2019-02-01T02:05:58.118+0000: 797733.076: [WeakReference, 31 refs, 0.0000246 secs]2019-02-01T02:05:58.118+0000: 797733.076: [FinalReference, 676 refs, 0.0003324 secs]2019-02-01T02:05:58.118+0000: 797733.076: [PhantomReference, 0 refs, 1 refs, 0.0000105 secs]2019-02-01T02:05:58.118+0000: 797733.076: [JNI Weak Reference, 0.0000193 secs]
Desired survivor size 84934656 bytes, new threshold 1 (max 15)
[PSYoungGen: 1269645K->39120K(1231360K)] 4157566K->2929131K(4302848K), 0.0267650 secs] [Times: user=0.24 sys=0.01, real=0.03 secs] 
2019-02-01T02:05:58.127+0000: 797733.084: Total time for which application threads were stopped: 0.0354769 seconds, Stopping threads took: 0.0002929 seconds
2019-02-01T02:06:03.768+0000: 797738.725: Application time: 5.6409807 seconds
2019-02-01T02:06:03.778+0000: 797738.736: Total time for which application threads were stopped: 0.0103854 seconds, Stopping threads took: 0.0032402 seconds
2019-02-01T02:06:03.779+0000: 797738.737: Application time: 0.0006395 seconds
2019-02-01T02:06:03.791+0000: 797738.749: [GC (GCLocker Initiated GC) 2019-02-01T02:06:03.802+0000: 797738.760: [SoftReference, 0 refs, 0.0000543 secs]2019-02-01T02:06:03.802+0000: 797738.760: [WeakReference, 65 refs, 0.0000333 secs]2019-02-01T02:06:03.802+0000: 797738.760: [FinalReference, 635 refs, 0.0003573 secs]2019-02-01T02:06:03.802+0000: 797738.760: [PhantomReference, 0 refs, 1 refs, 0.0000128 secs]2019-02-01T02:06:03.802+0000: 797738.760: [JNI Weak Reference, 0.0000522 secs]
Desired survivor size 81264640 bytes, new threshold 1 (max 15)
[PSYoungGen: 1216208K->41286K(1200640K)] 4119618K->2948442K(4272128K), 0.0197007 secs] [Times: user=0.20 sys=0.01, real=0.02 secs] 
2019-02-01T02:06:03.811+0000: 797738.769: Total time for which application threads were stopped: 0.0320192 seconds, Stopping threads took: 0.0050127 seconds
2019-02-01T02:06:03.911+0000: 797738.869: Application time: 0.1006008 seconds
2019-02-01T02:06:03.919+0000: 797738.876: Total time for which application threads were stopped: 0.0073160 seconds, Stopping threads took: 0.0003054 seconds
2019-02-01T02:06:03.919+0000: 797738.877: Application time: 0.0002132 seconds
2019-02-01T02:06:03.926+0000: 797738.884: Total time for which application threads were stopped: 0.0071197 seconds, Stopping threads took: 0.0001443 seconds
2019-02-01T02:06:04.052+0000: 797739.010: Application time: 0.1264373 seconds
2019-02-01T02:06:04.059+0000: 797739.017: Total time for which application threads were stopped: 0.0069035 seconds, Stopping threads took: 0.0001893 seconds
2019-02-01T02:06:08.503+0000: 797743.461: Application time: 4.4436847 seconds
2019-02-01T02:06:08.512+0000: 797743.470: Total time for which application threads were stopped: 0.0089086 seconds, Stopping threads took: 0.0022118 seconds
2019-02-01T02:06:08.517+0000: 797743.475: Application time: 0.0048581 seconds
2019-02-01T02:06:08.525+0000: 797743.482: [GC (GCLocker Initiated GC) 2019-02-01T02:06:08.554+0000: 797743.511: [SoftReference, 0 refs, 0.0000529 secs]2019-02-01T02:06:08.554+0000: 797743.512: [WeakReference, 51 refs, 0.0000304 secs]2019-02-01T02:06:08.554+0000: 797743.512: [FinalReference, 483 refs, 0.0002205 secs]2019-02-01T02:06:08.554+0000: 797743.512: [PhantomReference, 0 refs, 1 refs, 0.0000103 secs]2019-02-01T02:06:08.554+0000: 797743.512: [JNI Weak Reference, 0.0000190 secs]
Desired survivor size 88080384 bytes, new threshold 1 (max 15)
[PSYoungGen: 1200454K->71660K(1216000K)] 4111012K->2986813K(4287488K), 0.0334544 secs] [Times: user=0.52 sys=0.00, real=0.03 secs] 
2019-02-01T02:06:08.558+0000: 797743.516: Total time for which application threads were stopped: 0.0414840 seconds, Stopping threads took: 0.0006492 seconds
2019-02-01T02:06:12.529+0000: 797747.487: Application time: 3.9708089 seconds
2019-02-01T02:06:12.536+0000: 797747.494: Total time for which application threads were stopped: 0.0073625 seconds, Stopping threads took: 0.0001916 seconds
2019-02-01T02:06:12.537+0000: 797747.495: Application time: 0.0010301 seconds
2019-02-01T02:06:12.545+0000: 797747.503: [GC (GCLocker Initiated GC) 2019-02-01T02:06:12.571+0000: 797747.529: [SoftReference, 0 refs, 0.0000557 secs]2019-02-01T02:06:12.571+0000: 797747.529: [WeakReference, 79 refs, 0.0000391 secs]2019-02-01T02:06:12.571+0000: 797747.529: [FinalReference, 612 refs, 0.0002902 secs]2019-02-01T02:06:12.571+0000: 797747.529: [PhantomReference, 0 refs, 0 refs, 0.0000122 secs]2019-02-01T02:06:12.571+0000: 797747.529: [JNI Weak Reference, 0.0000208 secs]
Desired survivor size 98041856 bytes, new threshold 1 (max 15)
[PSYoungGen: 1212908K->82343K(1206272K)] 4128127K->3003773K(4277760K), 0.0299315 secs] [Times: user=0.51 sys=0.01, real=0.03 secs] 
2019-02-01T02:06:12.575+0000: 797747.533: Total time for which application threads were stopped: 0.0376514 seconds, Stopping threads took: 0.0002395 seconds
2019-02-01T02:06:15.820+0000: 797750.778: Application time: 3.2448124 seconds
2019-02-01T02:06:15.827+0000: 797750.785: Total time for which application threads were stopped: 0.0071408 seconds, Stopping threads took: 0.0002152 seconds
2019-02-01T02:06:15.827+0000: 797750.785: Application time: 0.0002048 seconds
2019-02-01T02:06:15.834+0000: 797750.792: [GC (GCLocker Initiated GC) 2019-02-01T02:06:15.852+0000: 797750.810: [SoftReference, 0 refs, 0.0000308 secs]2019-02-01T02:06:15.852+0000: 797750.810: [WeakReference, 21 refs, 0.0000334 secs]2019-02-01T02:06:15.852+0000: 797750.810: [FinalReference, 621 refs, 0.0003167 secs]2019-02-01T02:06:15.853+0000: 797750.810: [PhantomReference, 0 refs, 0 refs, 0.0000124 secs]2019-02-01T02:06:15.853+0000: 797750.810: [JNI Weak Reference, 0.0000208 secs]
Desired survivor size 97517568 bytes, new threshold 1 (max 15)
[PSYoungGen: 1206183K->24739K(1180672K)] 4134261K->2959913K(4252160K), 0.0247583 secs] [Times: user=0.27 sys=0.01, real=0.03 secs] 
2019-02-01T02:06:15.859+0000: 797750.817: Total time for which application threads were stopped: 0.0319727 seconds, Stopping threads took: 0.0001512 seconds
2019-02-01T02:06:20.231+0000: 797755.189: Application time: 4.3716571 seconds
2019-02-01T02:06:20.239+0000: 797755.197: Total time for which application threads were stopped: 0.0081335 seconds, Stopping threads took: 0.0002768 seconds
2019-02-01T02:06:20.241+0000: 797755.198: Application time: 0.0014670 seconds
2019-02-01T02:06:20.250+0000: 797755.208: [GC (GCLocker Initiated GC) 2019-02-01T02:06:20.277+0000: 797755.235: [SoftReference, 0 refs, 0.0000525 secs]2019-02-01T02:06:20.277+0000: 797755.235: [WeakReference, 2 refs, 0.0000127 secs]2019-02-01T02:06:20.277+0000: 797755.235: [FinalReference, 539 refs, 0.0003527 secs]2019-02-01T02:06:20.277+0000: 797755.235: [PhantomReference, 0 refs, 0 refs, 0.0000139 secs]2019-02-01T02:06:20.277+0000: 797755.235: [JNI Weak Reference, 0.0000232 secs]
Desired survivor size 93847552 bytes, new threshold 1 (max 15)
[PSYoungGen: 1131683K->40809K(1131520K)] 4066952K->2981325K(4203008K), 0.0356491 secs] [Times: user=0.33 sys=0.02, real=0.03 secs] 
2019-02-01T02:06:20.286+0000: 797755.244: Total time for which application threads were stopped: 0.0455987 seconds, Stopping threads took: 0.0001842 seconds
2019-02-01T02:06:24.951+0000: 797759.909: Application time: 4.6645773 seconds
2019-02-01T02:06:24.959+0000: 797759.916: Total time for which application threads were stopped: 0.0077995 seconds, Stopping threads took: 0.0002800 seconds
2019-02-01T02:06:24.959+0000: 797759.917: Application time: 0.0003362 seconds
2019-02-01T02:06:24.967+0000: 797759.925: [GC (GCLocker Initiated GC) 2019-02-01T02:06:24.997+0000: 797759.955: [SoftReference, 0 refs, 0.0000457 secs]2019-02-01T02:06:24.997+0000: 797759.955: [WeakReference, 6 refs, 0.0000133 secs]2019-02-01T02:06:24.998+0000: 797759.955: [FinalReference, 522 refs, 0.0002747 secs]2019-02-01T02:06:24.998+0000: 797759.956: [PhantomReference, 0 refs, 0 refs, 0.0000110 secs]2019-02-01T02:06:24.998+0000: 797759.956: [JNI Weak Reference, 0.0000212 secs]
Desired survivor size 90177536 bytes, new threshold 1 (max 15)
[PSYoungGen: 1131369K->40580K(1143296K)] 4079857K->2991027K(4214784K), 0.0378616 secs] [Times: user=0.54 sys=0.01, real=0.03 secs] 
2019-02-01T02:06:25.005+0000: 797759.963: Total time for which application threads were stopped: 0.0464378 seconds, Stopping threads took: 0.0002172 seconds
2019-02-01T02:06:30.073+0000: 797765.031: Application time: 5.0680093 seconds
2019-02-01T02:06:30.081+0000: 797765.039: Total time for which application threads were stopped: 0.0077581 seconds, Stopping threads took: 0.0001339 seconds
2019-02-01T02:06:30.082+0000: 797765.039: Application time: 0.0005464 seconds
2019-02-01T02:06:30.090+0000: 797765.048: [GC (GCLocker Initiated GC) 2019-02-01T02:06:30.104+0000: 797765.062: [SoftReference, 0 refs, 0.0000537 secs]2019-02-01T02:06:30.104+0000: 797765.062: [WeakReference, 37 refs, 0.0000314 secs]2019-02-01T02:06:30.104+0000: 797765.062: [FinalReference, 548 refs, 0.0002966 secs]2019-02-01T02:06:30.104+0000: 797765.062: [PhantomReference, 0 refs, 0 refs, 0.0000130 secs]2019-02-01T02:06:30.104+0000: 797765.062: [JNI Weak Reference, 0.0000224 secs]
Desired survivor size 87556096 bytes, new threshold 1 (max 15)
[PSYoungGen: 1115268K->37369K(1096704K)] 4069049K->2993250K(4168192K), 0.0223946 secs] [Times: user=0.21 sys=0.01, real=0.02 secs] 
2019-02-01T02:06:30.112+0000: 797765.070: Total time for which application threads were stopped: 0.0308139 seconds, Stopping threads took: 0.0001322 seconds
2019-02-01T02:06:34.899+0000: 797769.857: Application time: 4.7864196 seconds
2019-02-01T02:06:34.910+0000: 797769.868: Total time for which application threads were stopped: 0.0110280 seconds, Stopping threads took: 0.0027190 seconds
2019-02-01T02:06:34.912+0000: 797769.870: Application time: 0.0017541 seconds
2019-02-01T02:06:34.921+0000: 797769.879: [GC (GCLocker Initiated GC) 2019-02-01T02:06:34.944+0000: 797769.902: [SoftReference, 0 refs, 0.0000533 secs]2019-02-01T02:06:34.944+0000: 797769.902: [WeakReference, 19 refs, 0.0000194 secs]2019-02-01T02:06:34.944+0000: 797769.902: [FinalReference, 537 refs, 0.0002654 secs]2019-02-01T02:06:34.944+0000: 797769.902: [PhantomReference, 0 refs, 3 refs, 0.0000134 secs]2019-02-01T02:06:34.944+0000: 797769.902: [JNI Weak Reference, 0.0000207 secs]
Desired survivor size 96468992 bytes, new threshold 1 (max 15)
[PSYoungGen: 1096697K->80032K(1129472K)] 4059291K->3054466K(4200960K), 0.0269746 secs] [Times: user=0.40 sys=0.00, real=0.02 secs] 
2019-02-01T02:06:34.948+0000: 797769.906: Total time for which application threads were stopped: 0.0364198 seconds, Stopping threads took: 0.0006771 seconds
2019-02-01T02:06:39.175+0000: 797774.133: Application time: 4.2270558 seconds
2019-02-01T02:06:39.183+0000: 797774.141: Total time for which application threads were stopped: 0.0082710 seconds, Stopping threads took: 0.0001799 seconds
2019-02-01T02:06:39.184+0000: 797774.142: Application time: 0.0005678 seconds
2019-02-01T02:06:39.192+0000: 797774.150: [GC (GCLocker Initiated GC) 2019-02-01T02:06:39.204+0000: 797774.162: [SoftReference, 0 refs, 0.0000578 secs]2019-02-01T02:06:39.204+0000: 797774.162: [WeakReference, 0 refs, 0.0000233 secs]2019-02-01T02:06:39.204+0000: 797774.162: [FinalReference, 506 refs, 0.0002453 secs]2019-02-01T02:06:39.205+0000: 797774.163: [PhantomReference, 0 refs, 0 refs, 0.0000100 secs]2019-02-01T02:06:39.205+0000: 797774.163: [JNI Weak Reference, 0.0000196 secs]
Desired survivor size 96468992 bytes, new threshold 1 (max 15)
[PSYoungGen: 1124000K->22067K(1051648K)] 4101766K->3006971K(4123136K), 0.0185808 secs] [Times: user=0.18 sys=0.01, real=0.02 secs] 
2019-02-01T02:06:39.211+0000: 797774.168: Total time for which application threads were stopped: 0.0266056 seconds, Stopping threads took: 0.0002983 seconds
2019-02-01T02:06:40.368+0000: 797775.326: Application time: 1.1576760 seconds
2019-02-01T02:06:40.377+0000: 797775.334: Total time for which application threads were stopped: 0.0082617 seconds, Stopping threads took: 0.0001975 seconds
2019-02-01T02:06:43.507+0000: 797778.465: Application time: 3.1303062 seconds
2019-02-01T02:06:43.515+0000: 797778.473: Total time for which application threads were stopped: 0.0085077 seconds, Stopping threads took: 0.0002767 seconds
2019-02-01T02:06:43.516+0000: 797778.474: Application time: 0.0006803 seconds
2019-02-01T02:06:43.525+0000: 797778.483: [GC (GCLocker Initiated GC) 2019-02-01T02:06:43.546+0000: 797778.504: [SoftReference, 0 refs, 0.0000508 secs]2019-02-01T02:06:43.546+0000: 797778.504: [WeakReference, 28 refs, 0.0000210 secs]2019-02-01T02:06:43.546+0000: 797778.504: [FinalReference, 540 refs, 0.0002707 secs]2019-02-01T02:06:43.546+0000: 797778.504: [PhantomReference, 0 refs, 1 refs, 0.0000117 secs]2019-02-01T02:06:43.546+0000: 797778.504: [JNI Weak Reference, 0.0000216 secs]
Desired survivor size 94896128 bytes, new threshold 1 (max 15)
[PSYoungGen: 1051187K->27887K(1091584K)] 4039552K->3018623K(4163072K), 0.0282236 secs] [Times: user=0.27 sys=0.01, real=0.03 secs] 
2019-02-01T02:06:43.553+0000: 797778.511: Total time for which application threads were stopped: 0.0371193 seconds, Stopping threads took: 0.0004567 seconds
2019-02-01T02:06:47.734+0000: 797782.692: Application time: 4.1809138 seconds
2019-02-01T02:06:47.743+0000: 797782.701: Total time for which application threads were stopped: 0.0087380 seconds, Stopping threads took: 0.0002914 seconds
2019-02-01T02:06:47.744+0000: 797782.702: Application time: 0.0009817 seconds
2019-02-01T02:06:47.752+0000: 797782.710: [GC (GCLocker Initiated GC) 2019-02-01T02:06:47.769+0000: 797782.727: [SoftReference, 0 refs, 0.0000782 secs]2019-02-01T02:06:47.769+0000: 797782.727: [WeakReference, 1 refs, 0.0000235 secs]2019-02-01T02:06:47.769+0000: 797782.727: [FinalReference, 506 refs, 0.0003706 secs]2019-02-01T02:06:47.770+0000: 797782.728: [PhantomReference, 0 refs, 0 refs, 0.0000201 secs]2019-02-01T02:06:47.770+0000: 797782.728: [JNI Weak Reference, 0.0000336 secs]
Desired survivor size 89653248 bytes, new threshold 1 (max 15)
[PSYoungGen: 1042671K->43926K(1044992K)] 4036755K->3043899K(4116480K), 0.0293986 secs] [Times: user=0.27 sys=0.01, real=0.03 secs] 
2019-02-01T02:06:47.782+0000: 797782.740: Total time for which application threads were stopped: 0.0380558 seconds, Stopping threads took: 0.0001864 seconds
2019-02-01T02:06:50.927+0000: 797785.885: Application time: 3.1454601 seconds
2019-02-01T02:06:50.936+0000: 797785.894: Total time for which application threads were stopped: 0.0089157 seconds, Stopping threads took: 0.0015547 seconds
2019-02-01T02:06:50.937+0000: 797785.895: Application time: 0.0006626 seconds
2019-02-01T02:06:50.944+0000: 797785.902: [GC (GCLocker Initiated GC) 2019-02-01T02:06:50.970+0000: 797785.928: [SoftReference, 0 refs, 0.0000473 secs]2019-02-01T02:06:50.970+0000: 797785.928: [WeakReference, 5 refs, 0.0000142 secs]2019-02-01T02:06:50.970+0000: 797785.928: [FinalReference, 522 refs, 0.0002619 secs]2019-02-01T02:06:50.970+0000: 797785.928: [PhantomReference, 0 refs, 1 refs, 0.0000140 secs]2019-02-01T02:06:50.970+0000: 797785.928: [JNI Weak Reference, 0.0000228 secs]
Desired survivor size 93323264 bytes, new threshold 1 (max 15)
[PSYoungGen: 1044886K->65117K(1068032K)] 4048228K->3075207K(4139520K), 0.0309675 secs] [Times: user=0.33 sys=0.01, real=0.03 secs] 
2019-02-01T02:06:50.975+0000: 797785.933: Total time for which application threads were stopped: 0.0384557 seconds, Stopping threads took: 0.0001423 seconds
2019-02-01T02:06:55.354+0000: 797790.312: Application time: 4.3786207 seconds
2019-02-01T02:06:55.361+0000: 797790.319: Total time for which application threads were stopped: 0.0074214 seconds, Stopping threads took: 0.0002062 seconds
2019-02-01T02:06:55.362+0000: 797790.320: Application time: 0.0008261 seconds
2019-02-01T02:06:55.370+0000: 797790.328: [GC (GCLocker Initiated GC) 2019-02-01T02:06:55.388+0000: 797790.346: [SoftReference, 0 refs, 0.0000763 secs]2019-02-01T02:06:55.388+0000: 797790.346: [WeakReference, 41 refs, 0.0000367 secs]2019-02-01T02:06:55.388+0000: 797790.346: [FinalReference, 468 refs, 0.0003498 secs]2019-02-01T02:06:55.388+0000: 797790.346: [PhantomReference, 0 refs, 0 refs, 0.0000189 secs]2019-02-01T02:06:55.388+0000: 797790.346: [JNI Weak Reference, 0.0000325 secs]
Desired survivor size 89653248 bytes, new threshold 1 (max 15)
