2019-01-31 20:17:42 GC log file created /run/jwa/bbvc_prd//instance/bbvc_prd/log/gc.log.32
OpenJDK 64-Bit Server VM (25.172-b01) for linux-amd64 JRE (1.8.0_172-b01), built on Apr 19 2018 05:34:58 by "zulu_re" with gcc 4.4.7 20120313 (Red Hat 4.4.7-3)
Memory: 4k page, physical 264400600k(8092772k free), swap 25165816k(24119284k free)
CommandLine flags: -XX:CICompilerCount=15 -XX:CompressedClassSpaceSize=1065353216 -XX:ErrorFile=/run/jwa/bbvc_prd//process/temp/jvm_error_%p.log -XX:GCLogFileSize=4194304 -XX:+HeapDumpOnOutOfMemoryError -XX:HeapDumpPath=/run/jwa/bbvc_prd//process/temp -XX:InitialHeapSize=5905580032 -XX:MaxDirectMemorySize=1073741824 -XX:MaxHeapSize=5905580032 -XX:MaxMetaspaceSize=1073741824 -XX:MaxNewSize=1968177152 -XX:MinHeapDeltaBytes=524288 -XX:NewSize=1968177152 -XX:NumberOfGCLogFiles=50 -XX:OldSize=3937402880 -XX:OnError=/web/jwa/build/19.1.1.0/system/bin/jvmErrorSpawn.sh %p -XX:OnOutOfMemoryError=/web/jwa/build/19.1.1.0/system/bin/oomErrorSpawn.sh -XX:+PrintGC -XX:+PrintGCApplicationConcurrentTime -XX:+PrintGCApplicationStoppedTime -XX:+PrintGCDateStamps -XX:+PrintGCDetails -XX:+PrintGCTimeStamps -XX:+PrintReferenceGC -XX:+PrintTenuringDistribution -XX:+UseCompressedClassPointers -XX:+UseCompressedOops -XX:+UseGCLogFileRotation -XX:+UseParallelGC 
2019-01-31T20:17:42.969+0000: 257605.372: [GC (GCLocker Initiated GC) 2019-01-31T20:17:42.987+0000: 257605.390: [SoftReference, 0 refs, 0.0000364 secs]2019-01-31T20:17:42.987+0000: 257605.390: [WeakReference, 95 refs, 0.0000192 secs]2019-01-31T20:17:42.987+0000: 257605.390: [FinalReference, 5142 refs, 0.0013756 secs]2019-01-31T20:17:42.988+0000: 257605.391: [PhantomReference, 0 refs, 0 refs, 0.0000085 secs]2019-01-31T20:17:42.988+0000: 257605.391: [JNI Weak Reference, 0.0000136 secs]
Desired survivor size 193986560 bytes, new threshold 2 (max 15)
[PSYoungGen: 1580826K->88901K(1709056K)] 4529693K->3044428K(5554176K), 0.0218559 secs] [Times: user=0.43 sys=0.00, real=0.02 secs] 
2019-01-31T20:17:42.991+0000: 257605.394: Total time for which application threads were stopped: 1.7373966 seconds, Stopping threads took: 0.0002887 seconds
2019-01-31T20:17:43.606+0000: 257606.009: Application time: 0.6142894 seconds
2019-01-31T20:17:43.613+0000: 257606.016: Total time for which application threads were stopped: 0.0076239 seconds, Stopping threads took: 0.0002294 seconds
2019-01-31T20:17:43.615+0000: 257606.018: Application time: 0.0020659 seconds
2019-01-31T20:17:43.626+0000: 257606.029: [GC (GCLocker Initiated GC) 2019-01-31T20:17:43.659+0000: 257606.062: [SoftReference, 0 refs, 0.0000342 secs]2019-01-31T20:17:43.659+0000: 257606.062: [WeakReference, 155 refs, 0.0000241 secs]2019-01-31T20:17:43.659+0000: 257606.062: [FinalReference, 4505 refs, 0.0011115 secs]2019-01-31T20:17:43.660+0000: 257606.063: [PhantomReference, 0 refs, 0 refs, 0.0000073 secs]2019-01-31T20:17:43.660+0000: 257606.063: [JNI Weak Reference, 0.0000128 secs]
Desired survivor size 244842496 bytes, new threshold 1 (max 15)
[PSYoungGen: 1616709K->189427K(1717248K)] 4572369K->3214662K(5562368K), 0.0366922 secs] [Times: user=1.02 sys=0.00, real=0.04 secs] 
2019-01-31T20:17:43.663+0000: 257606.066: Total time for which application threads were stopped: 0.0475887 seconds, Stopping threads took: 0.0003178 seconds
2019-01-31T20:17:44.310+0000: 257606.713: Application time: 0.6466109 seconds
2019-01-31T20:17:44.317+0000: 257606.720: Total time for which application threads were stopped: 0.0070988 seconds, Stopping threads took: 0.0002314 seconds
2019-01-31T20:17:44.318+0000: 257606.721: Application time: 0.0012065 seconds
2019-01-31T20:17:44.325+0000: 257606.728: [GC (GCLocker Initiated GC) 2019-01-31T20:17:45.828+0000: 257608.231: [SoftReference, 0 refs, 0.0000293 secs]2019-01-31T20:17:45.828+0000: 257608.231: [WeakReference, 132 refs, 0.0000236 secs]2019-01-31T20:17:45.828+0000: 257608.231: [FinalReference, 6917 refs, 0.0020958 secs]2019-01-31T20:17:45.830+0000: 257608.233: [PhantomReference, 0 refs, 0 refs, 0.0000194 secs]2019-01-31T20:17:45.830+0000: 257608.233: [JNI Weak Reference, 0.0000445 secs]
Desired survivor size 255328256 bytes, new threshold 1 (max 15)
[PSYoungGen: 1717235K->177428K(1628160K)] 4743001K->3266208K(5473280K), 1.5074158 secs] [Times: user=40.32 sys=7.94, real=1.51 secs] 
2019-01-31T20:17:45.833+0000: 257608.236: Total time for which application threads were stopped: 1.5152023 seconds, Stopping threads took: 0.0002016 seconds
2019-01-31T20:17:46.392+0000: 257608.795: Application time: 0.5591808 seconds
2019-01-31T20:17:46.401+0000: 257608.804: Total time for which application threads were stopped: 0.0086887 seconds, Stopping threads took: 0.0005407 seconds
2019-01-31T20:17:46.404+0000: 257608.807: Application time: 0.0034031 seconds
2019-01-31T20:17:46.414+0000: 257608.817: [GC (GCLocker Initiated GC) 2019-01-31T20:17:46.456+0000: 257608.859: [SoftReference, 0 refs, 0.0000444 secs]2019-01-31T20:17:46.456+0000: 257608.859: [WeakReference, 98 refs, 0.0000227 secs]2019-01-31T20:17:46.456+0000: 257608.859: [FinalReference, 4706 refs, 0.0012240 secs]2019-01-31T20:17:46.457+0000: 257608.860: [PhantomReference, 0 refs, 0 refs, 0.0000080 secs]2019-01-31T20:17:46.457+0000: 257608.860: [JNI Weak Reference, 0.0000136 secs]
Desired survivor size 326631424 bytes, new threshold 1 (max 15)
[PSYoungGen: 1600788K->249342K(1672704K)] 4690100K->3434671K(5517824K), 0.0459232 secs] [Times: user=1.32 sys=0.00, real=0.05 secs] 
2019-01-31T20:17:46.460+0000: 257608.863: Total time for which application threads were stopped: 0.0558672 seconds, Stopping threads took: 0.0003886 seconds
2019-01-31T20:17:46.994+0000: 257609.397: Application time: 0.5340382 seconds
2019-01-31T20:17:47.002+0000: 257609.405: Total time for which application threads were stopped: 0.0082264 seconds, Stopping threads took: 0.0005374 seconds
2019-01-31T20:17:47.005+0000: 257609.408: Application time: 0.0021001 seconds
2019-01-31T20:17:47.014+0000: 257609.417: [GC (Allocation Failure) 2019-01-31T20:17:47.223+0000: 257609.626: [SoftReference, 0 refs, 0.0000290 secs]2019-01-31T20:17:47.223+0000: 257609.626: [WeakReference, 138 refs, 0.0000274 secs]2019-01-31T20:17:47.223+0000: 257609.626: [FinalReference, 5827 refs, 0.0015629 secs]2019-01-31T20:17:47.225+0000: 257609.628: [PhantomReference, 0 refs, 0 refs, 0.0000081 secs]2019-01-31T20:17:47.225+0000: 257609.628: [JNI Weak Reference, 0.0000149 secs]
Desired survivor size 392167424 bytes, new threshold 1 (max 15)
[PSYoungGen: 1672702K->249334K(1405440K)] 4858238K->3550220K(5250560K), 0.2137841 secs] [Times: user=5.91 sys=0.80, real=0.21 secs] 
2019-01-31T20:17:47.228+0000: 257609.631: Total time for which application threads were stopped: 0.2233067 seconds, Stopping threads took: 0.0004353 seconds
2019-01-31T20:17:47.229+0000: 257609.632: Application time: 0.0011340 seconds
2019-01-31T20:17:47.239+0000: 257609.642: [GC (GCLocker Initiated GC) 2019-01-31T20:17:47.280+0000: 257609.683: [SoftReference, 0 refs, 0.0000445 secs]2019-01-31T20:17:47.280+0000: 257609.683: [WeakReference, 3 refs, 0.0000082 secs]2019-01-31T20:17:47.280+0000: 257609.683: [FinalReference, 18 refs, 0.0000086 secs]2019-01-31T20:17:47.280+0000: 257609.683: [PhantomReference, 0 refs, 0 refs, 0.0000076 secs]2019-01-31T20:17:47.280+0000: 257609.683: [JNI Weak Reference, 0.0000151 secs]
Desired survivor size 398983168 bytes, new threshold 1 (max 15)
[PSYoungGen: 254876K->2133K(1158656K)] 3555762K->3551965K(5003776K), 0.0441551 secs] [Times: user=1.31 sys=0.00, real=0.04 secs] 
2019-01-31T20:17:47.283+0000: 257609.686: Total time for which application threads were stopped: 0.0543487 seconds, Stopping threads took: 0.0002236 seconds
2019-01-31T20:17:47.757+0000: 257610.160: Application time: 0.4731698 seconds
2019-01-31T20:17:47.766+0000: 257610.169: Total time for which application threads were stopped: 0.0095299 seconds, Stopping threads took: 0.0003649 seconds
2019-01-31T20:17:47.767+0000: 257610.170: Application time: 0.0009062 seconds
2019-01-31T20:17:47.776+0000: 257610.179: [GC (GCLocker Initiated GC) 2019-01-31T20:17:47.808+0000: 257610.211: [SoftReference, 0 refs, 0.0000360 secs]2019-01-31T20:17:47.808+0000: 257610.211: [WeakReference, 105 refs, 0.0000206 secs]2019-01-31T20:17:47.808+0000: 257610.211: [FinalReference, 4575 refs, 0.0011985 secs]2019-01-31T20:17:47.809+0000: 257610.212: [PhantomReference, 0 refs, 0 refs, 0.0000085 secs]2019-01-31T20:17:47.809+0000: 257610.212: [JNI Weak Reference, 0.0000157 secs]
Desired survivor size 416808960 bytes, new threshold 1 (max 15)
[PSYoungGen: 1158229K->263026K(1497600K)] 4708418K->3814103K(5342720K), 0.0361363 secs] [Times: user=0.97 sys=0.01, real=0.04 secs] 
2019-01-31T20:17:47.813+0000: 257610.216: Total time for which application threads were stopped: 0.0456607 seconds, Stopping threads took: 0.0002296 seconds
2019-01-31T20:17:48.294+0000: 257610.697: Application time: 0.4810363 seconds
2019-01-31T20:17:48.303+0000: 257610.706: Total time for which application threads were stopped: 0.0090277 seconds, Stopping threads took: 0.0002891 seconds
2019-01-31T20:17:48.304+0000: 257610.707: Application time: 0.0012870 seconds
2019-01-31T20:17:48.312+0000: 257610.715: [GC (GCLocker Initiated GC) 2019-01-31T20:17:48.355+0000: 257610.758: [SoftReference, 0 refs, 0.0000380 secs]2019-01-31T20:17:48.356+0000: 257610.759: [WeakReference, 47 refs, 0.0000150 secs]2019-01-31T20:17:48.356+0000: 257610.759: [FinalReference, 4514 refs, 0.0012209 secs]2019-01-31T20:17:48.357+0000: 257610.760: [PhantomReference, 0 refs, 0 refs, 0.0000085 secs]2019-01-31T20:17:48.357+0000: 257610.760: [JNI Weak Reference, 0.0000144 secs]
Desired survivor size 402128896 bytes, new threshold 1 (max 15)
[PSYoungGen: 1370994K->103628K(1515008K)] 4922261K->3797798K(5360128K), 0.0484714 secs] [Times: user=1.36 sys=0.01, real=0.05 secs] 
2019-01-31T20:17:48.361+0000: 257610.764: [Full GC (Ergonomics) 2019-01-31T20:17:48.574+0000: 257610.977: [SoftReference, 104 refs, 0.0000434 secs]2019-01-31T20:17:48.574+0000: 257610.977: [WeakReference, 27404 refs, 0.0026656 secs]2019-01-31T20:17:48.577+0000: 257610.980: [FinalReference, 2872 refs, 0.0035932 secs]2019-01-31T20:17:48.580+0000: 257610.983: [PhantomReference, 0 refs, 2806 refs, 0.0001622 secs]2019-01-31T20:17:48.580+0000: 257610.983: [JNI Weak Reference, 0.0000246 secs][PSYoungGen: 103628K->0K(1515008K)] [ParOldGen: 3694170K->934369K(3845120K)] 3797798K->934369K(5360128K), [Metaspace: 74531K->74531K(1118208K)], 0.3754918 secs] [Times: user=8.20 sys=0.00, real=0.37 secs] 
2019-01-31T20:17:48.737+0000: 257611.140: Total time for which application threads were stopped: 0.4331872 seconds, Stopping threads took: 0.0002229 seconds
2019-01-31T20:17:49.205+0000: 257611.608: Application time: 0.4678958 seconds
2019-01-31T20:17:49.214+0000: 257611.617: Total time for which application threads were stopped: 0.0088986 seconds, Stopping threads took: 0.0003431 seconds
2019-01-31T20:17:49.216+0000: 257611.619: Application time: 0.0019743 seconds
2019-01-31T20:17:49.225+0000: 257611.628: [GC (GCLocker Initiated GC) 2019-01-31T20:17:49.251+0000: 257611.654: [SoftReference, 0 refs, 0.0000416 secs]2019-01-31T20:17:49.252+0000: 257611.655: [WeakReference, 41 refs, 0.0000135 secs]2019-01-31T20:17:49.252+0000: 257611.655: [FinalReference, 3815 refs, 0.0010393 secs]2019-01-31T20:17:49.253+0000: 257611.656: [PhantomReference, 0 refs, 0 refs, 0.0000092 secs]2019-01-31T20:17:49.253+0000: 257611.656: [JNI Weak Reference, 0.0000151 secs]
Desired survivor size 396886016 bytes, new threshold 1 (max 15)
[PSYoungGen: 1107968K->206394K(1501696K)] 2042768K->1141195K(5346816K), 0.0322509 secs] [Times: user=0.81 sys=0.01, real=0.03 secs] 
2019-01-31T20:17:49.258+0000: 257611.661: Total time for which application threads were stopped: 0.0416443 seconds, Stopping threads took: 0.0002570 seconds
2019-01-31T20:17:49.765+0000: 257612.168: Application time: 0.5073390 seconds
2019-01-31T20:17:49.774+0000: 257612.177: Total time for which application threads were stopped: 0.0086329 seconds, Stopping threads took: 0.0001920 seconds
2019-01-31T20:17:49.775+0000: 257612.178: Application time: 0.0015219 seconds
2019-01-31T20:17:49.784+0000: 257612.187: [GC (GCLocker Initiated GC) 2019-01-31T20:17:49.817+0000: 257612.220: [SoftReference, 0 refs, 0.0000385 secs]2019-01-31T20:17:49.817+0000: 257612.220: [WeakReference, 60 refs, 0.0000181 secs]2019-01-31T20:17:49.817+0000: 257612.220: [FinalReference, 4319 refs, 0.0011858 secs]2019-01-31T20:17:49.819+0000: 257612.222: [PhantomReference, 0 refs, 0 refs, 0.0000085 secs]2019-01-31T20:17:49.819+0000: 257612.222: [JNI Weak Reference, 0.0000155 secs]
Desired survivor size 382730240 bytes, new threshold 1 (max 15)
[PSYoungGen: 1328698K->110583K(1509888K)] 2263678K->1144416K(5355008K), 0.0379837 secs] [Times: user=1.05 sys=0.00, real=0.04 secs] 
2019-01-31T20:17:49.822+0000: 257612.225: Total time for which application threads were stopped: 0.0469522 seconds, Stopping threads took: 0.0002732 seconds
2019-01-31T20:17:50.353+0000: 257612.756: Application time: 0.5306114 seconds
2019-01-31T20:17:50.362+0000: 257612.765: Total time for which application threads were stopped: 0.0088578 seconds, Stopping threads took: 0.0003326 seconds
2019-01-31T20:17:50.363+0000: 257612.766: Application time: 0.0013357 seconds
2019-01-31T20:17:50.371+0000: 257612.774: [GC (GCLocker Initiated GC) 2019-01-31T20:17:50.394+0000: 257612.797: [SoftReference, 0 refs, 0.0000380 secs]2019-01-31T20:17:50.394+0000: 257612.797: [WeakReference, 64 refs, 0.0000167 secs]2019-01-31T20:17:50.394+0000: 257612.797: [FinalReference, 3728 refs, 0.0010115 secs]2019-01-31T20:17:50.395+0000: 257612.798: [PhantomReference, 0 refs, 0 refs, 0.0000085 secs]2019-01-31T20:17:50.395+0000: 257612.798: [JNI Weak Reference, 0.0000150 secs]
Desired survivor size 372244480 bytes, new threshold 1 (max 15)
[PSYoungGen: 1232887K->85674K(1519616K)] 2266837K->1168850K(5364736K), 0.0282118 secs] [Times: user=0.66 sys=0.00, real=0.03 secs] 
2019-01-31T20:17:50.400+0000: 257612.803: Total time for which application threads were stopped: 0.0369561 seconds, Stopping threads took: 0.0003359 seconds
2019-01-31T20:17:50.990+0000: 257613.393: Application time: 0.5904857 seconds
2019-01-31T20:17:50.999+0000: 257613.402: Total time for which application threads were stopped: 0.0086578 seconds, Stopping threads took: 0.0002396 seconds
2019-01-31T20:17:51.000+0000: 257613.403: Application time: 0.0010041 seconds
2019-01-31T20:17:51.008+0000: 257613.411: [GC (GCLocker Initiated GC) 2019-01-31T20:17:51.027+0000: 257613.430: [SoftReference, 0 refs, 0.0000285 secs]2019-01-31T20:17:51.027+0000: 257613.430: [WeakReference, 27 refs, 0.0000124 secs]2019-01-31T20:17:51.027+0000: 257613.430: [FinalReference, 3851 refs, 0.0010004 secs]2019-01-31T20:17:51.028+0000: 257613.431: [PhantomReference, 0 refs, 0 refs, 0.0000075 secs]2019-01-31T20:17:51.028+0000: 257613.431: [JNI Weak Reference, 0.0000130 secs]
Desired survivor size 359137280 bytes, new threshold 1 (max 15)
[PSYoungGen: 1246378K->97908K(1524224K)] 2329845K->1205509K(5369344K), 0.0224558 secs] [Times: user=0.56 sys=0.00, real=0.02 secs] 
2019-01-31T20:17:51.031+0000: 257613.434: Total time for which application threads were stopped: 0.0312596 seconds, Stopping threads took: 0.0002456 seconds
2019-01-31T20:17:51.678+0000: 257614.081: Application time: 0.6464940 seconds
2019-01-31T20:17:51.685+0000: 257614.088: [GC (Allocation Failure) 2019-01-31T20:17:51.700+0000: 257614.103: [SoftReference, 0 refs, 0.0000324 secs]2019-01-31T20:17:51.700+0000: 257614.103: [WeakReference, 35 refs, 0.0000135 secs]2019-01-31T20:17:51.700+0000: 257614.103: [FinalReference, 4481 refs, 0.0011895 secs]2019-01-31T20:17:51.702+0000: 257614.105: [PhantomReference, 0 refs, 0 refs, 0.0000075 secs]2019-01-31T20:17:51.702+0000: 257614.105: [JNI Weak Reference, 0.0000124 secs]
Desired survivor size 350748672 bytes, new threshold 1 (max 15)
[PSYoungGen: 1258612K->71625K(1550336K)] 2366217K->1198774K(5395456K), 0.0192620 secs] [Times: user=0.42 sys=0.00, real=0.02 secs] 
2019-01-31T20:17:51.705+0000: 257614.107: Total time for which application threads were stopped: 0.0267070 seconds, Stopping threads took: 0.0001969 seconds
2019-01-31T20:17:52.326+0000: 257614.729: Application time: 0.6210702 seconds
2019-01-31T20:17:52.335+0000: 257614.738: Total time for which application threads were stopped: 0.0097455 seconds, Stopping threads took: 0.0003054 seconds
2019-01-31T20:17:52.336+0000: 257614.739: Application time: 0.0011262 seconds
2019-01-31T20:17:52.346+0000: 257614.749: [GC (GCLocker Initiated GC) 2019-01-31T20:17:52.364+0000: 257614.767: [SoftReference, 0 refs, 0.0000335 secs]2019-01-31T20:17:52.364+0000: 257614.767: [WeakReference, 61 refs, 0.0000161 secs]2019-01-31T20:17:52.364+0000: 257614.767: [FinalReference, 4546 refs, 0.0012880 secs]2019-01-31T20:17:52.365+0000: 257614.768: [PhantomReference, 0 refs, 0 refs, 0.0000086 secs]2019-01-31T20:17:52.365+0000: 257614.768: [JNI Weak Reference, 0.0000141 secs]
Desired survivor size 336068608 bytes, new threshold 1 (max 15)
[PSYoungGen: 1279433K->98903K(1550336K)] 2406810K->1242747K(5395456K), 0.0220049 secs] [Times: user=0.50 sys=0.01, real=0.03 secs] 
2019-01-31T20:17:52.368+0000: 257614.771: Total time for which application threads were stopped: 0.0317634 seconds, Stopping threads took: 0.0003006 seconds
2019-01-31T20:17:52.931+0000: 257615.334: Application time: 0.5624742 seconds
2019-01-31T20:17:52.938+0000: 257615.341: Total time for which application threads were stopped: 0.0075706 seconds, Stopping threads took: 0.0003041 seconds
2019-01-31T20:17:52.939+0000: 257615.342: Application time: 0.0008831 seconds
2019-01-31T20:17:52.946+0000: 257615.349: [GC (GCLocker Initiated GC) 2019-01-31T20:17:52.961+0000: 257615.364: [SoftReference, 0 refs, 0.0000372 secs]2019-01-31T20:17:52.961+0000: 257615.364: [WeakReference, 51 refs, 0.0000211 secs]2019-01-31T20:17:52.961+0000: 257615.364: [FinalReference, 4400 refs, 0.0015915 secs]2019-01-31T20:17:52.963+0000: 257615.366: [PhantomReference, 0 refs, 0 refs, 0.0000150 secs]2019-01-31T20:17:52.963+0000: 257615.366: [JNI Weak Reference, 0.0000212 secs]
Desired survivor size 325582848 bytes, new threshold 1 (max 15)
[PSYoungGen: 1306711K->79533K(1569280K)] 2450846K->1235837K(5414400K), 0.0206617 secs] [Times: user=0.40 sys=0.00, real=0.02 secs] 
2019-01-31T20:17:52.967+0000: 257615.370: Total time for which application threads were stopped: 0.0282710 seconds, Stopping threads took: 0.0002411 seconds
2019-01-31T20:17:53.656+0000: 257616.059: Application time: 0.6884135 seconds
2019-01-31T20:17:53.663+0000: 257616.066: Total time for which application threads were stopped: 0.0069308 seconds, Stopping threads took: 0.0002157 seconds
2019-01-31T20:17:53.664+0000: 257616.067: Application time: 0.0012755 seconds
2019-01-31T20:17:53.673+0000: 257616.076: [GC (GCLocker Initiated GC) 2019-01-31T20:17:53.689+0000: 257616.092: [SoftReference, 0 refs, 0.0000359 secs]2019-01-31T20:17:53.689+0000: 257616.092: [WeakReference, 18 refs, 0.0000117 secs]2019-01-31T20:17:53.689+0000: 257616.092: [FinalReference, 4156 refs, 0.0011833 secs]2019-01-31T20:17:53.690+0000: 257616.093: [PhantomReference, 0 refs, 0 refs, 0.0000090 secs]2019-01-31T20:17:53.690+0000: 257616.093: [JNI Weak Reference, 0.0000135 secs]
Desired survivor size 314572800 bytes, new threshold 1 (max 15)
[PSYoungGen: 1326765K->78309K(1565184K)] 2483162K->1249634K(5410304K), 0.0201983 secs] [Times: user=0.42 sys=0.00, real=0.02 secs] 
2019-01-31T20:17:53.693+0000: 257616.096: Total time for which application threads were stopped: 0.0293368 seconds, Stopping threads took: 0.0002652 seconds
2019-01-31T20:17:54.386+0000: 257616.789: Application time: 0.6928660 seconds
2019-01-31T20:17:54.393+0000: 257616.796: Total time for which application threads were stopped: 0.0068145 seconds, Stopping threads took: 0.0002254 seconds
2019-01-31T20:17:54.394+0000: 257616.797: Application time: 0.0013280 seconds
2019-01-31T20:17:54.403+0000: 257616.806: [GC (GCLocker Initiated GC) 2019-01-31T20:17:54.419+0000: 257616.822: [SoftReference, 0 refs, 0.0000497 secs]2019-01-31T20:17:54.419+0000: 257616.822: [WeakReference, 49 refs, 0.0000221 secs]2019-01-31T20:17:54.419+0000: 257616.822: [FinalReference, 4524 refs, 0.0016644 secs]2019-01-31T20:17:54.421+0000: 257616.824: [PhantomReference, 0 refs, 0 refs, 0.0000153 secs]2019-01-31T20:17:54.421+0000: 257616.824: [JNI Weak Reference, 0.0000211 secs]
Desired survivor size 305135616 bytes, new threshold 1 (max 15)
[PSYoungGen: 1325541K->67072K(1594880K)] 2496951K->1258039K(5440000K), 0.0212501 secs] [Times: user=0.38 sys=0.01, real=0.02 secs] 
2019-01-31T20:17:54.425+0000: 257616.828: Total time for which application threads were stopped: 0.0305233 seconds, Stopping threads took: 0.0002173 seconds
2019-01-31T20:17:55.056+0000: 257617.459: Application time: 0.6308794 seconds
2019-01-31T20:17:55.064+0000: 257617.467: Total time for which application threads were stopped: 0.0077970 seconds, Stopping threads took: 0.0002606 seconds
2019-01-31T20:17:55.065+0000: 257617.468: Application time: 0.0010042 seconds
2019-01-31T20:17:55.071+0000: 257617.474: [GC (GCLocker Initiated GC) 2019-01-31T20:17:55.085+0000: 257617.488: [SoftReference, 0 refs, 0.0000433 secs]2019-01-31T20:17:55.085+0000: 257617.488: [WeakReference, 50 refs, 0.0000189 secs]2019-01-31T20:17:55.085+0000: 257617.488: [FinalReference, 4798 refs, 0.0015094 secs]2019-01-31T20:17:55.087+0000: 257617.490: [PhantomReference, 0 refs, 0 refs, 0.0000117 secs]2019-01-31T20:17:55.087+0000: 257617.490: [JNI Weak Reference, 0.0000179 secs]
Desired survivor size 294649856 bytes, new threshold 1 (max 15)
[PSYoungGen: 1358336K->72275K(1589248K)] 2549356K->1275821K(5434368K), 0.0187944 secs] [Times: user=0.37 sys=0.00, real=0.02 secs] 
2019-01-31T20:17:55.090+0000: 257617.493: Total time for which application threads were stopped: 0.0258252 seconds, Stopping threads took: 0.0001860 seconds
2019-01-31T20:17:55.778+0000: 257618.181: Application time: 0.6876401 seconds
2019-01-31T20:17:55.786+0000: 257618.189: Total time for which application threads were stopped: 0.0081691 seconds, Stopping threads took: 0.0002244 seconds
2019-01-31T20:17:55.787+0000: 257618.190: Application time: 0.0009622 seconds
2019-01-31T20:17:55.795+0000: 257618.198: [GC (GCLocker Initiated GC) 2019-01-31T20:17:55.809+0000: 257618.212: [SoftReference, 0 refs, 0.0000355 secs]2019-01-31T20:17:55.809+0000: 257618.212: [WeakReference, 54 refs, 0.0000156 secs]2019-01-31T20:17:55.809+0000: 257618.212: [FinalReference, 4315 refs, 0.0011186 secs]2019-01-31T20:17:55.810+0000: 257618.213: [PhantomReference, 0 refs, 0 refs, 0.0000079 secs]2019-01-31T20:17:55.810+0000: 257618.213: [JNI Weak Reference, 0.0000122 secs]
Desired survivor size 280494080 bytes, new threshold 1 (max 15)
[PSYoungGen: 1363539K->89653K(1610240K)] 2567161K->1301939K(5455360K), 0.0180584 secs] [Times: user=0.37 sys=0.00, real=0.02 secs] 
2019-01-31T20:17:55.813+0000: 257618.216: Total time for which application threads were stopped: 0.0260876 seconds, Stopping threads took: 0.0002197 seconds
2019-01-31T20:17:56.507+0000: 257618.910: Application time: 0.6939256 seconds
2019-01-31T20:17:56.515+0000: 257618.918: Total time for which application threads were stopped: 0.0074552 seconds, Stopping threads took: 0.0003536 seconds
2019-01-31T20:17:56.515+0000: 257618.918: Application time: 0.0007608 seconds
2019-01-31T20:17:56.524+0000: 257618.927: [GC (GCLocker Initiated GC) 2019-01-31T20:17:56.537+0000: 257618.940: [SoftReference, 0 refs, 0.0000400 secs]2019-01-31T20:17:56.537+0000: 257618.940: [WeakReference, 80 refs, 0.0000275 secs]2019-01-31T20:17:56.537+0000: 257618.940: [FinalReference, 4947 refs, 0.0017955 secs]2019-01-31T20:17:56.539+0000: 257618.942: [PhantomReference, 0 refs, 0 refs, 0.0000158 secs]2019-01-31T20:17:56.539+0000: 257618.942: [JNI Weak Reference, 0.0000203 secs]
Desired survivor size 268959744 bytes, new threshold 1 (max 15)
[PSYoungGen: 1423925K->82303K(1608192K)] 2636215K->1309028K(5453312K), 0.0188682 secs] [Times: user=0.38 sys=0.00, real=0.02 secs] 
2019-01-31T20:17:56.543+0000: 257618.946: Total time for which application threads were stopped: 0.0279435 seconds, Stopping threads took: 0.0002450 seconds
2019-01-31T20:17:56.905+0000: 257619.308: Application time: 0.3612273 seconds
2019-01-31T20:17:56.912+0000: 257619.315: Total time for which application threads were stopped: 0.0069182 seconds, Stopping threads took: 0.0002158 seconds
2019-01-31T20:17:57.359+0000: 257619.762: Application time: 0.4476144 seconds
2019-01-31T20:17:57.366+0000: 257619.769: Total time for which application threads were stopped: 0.0068161 seconds, Stopping threads took: 0.0001809 seconds
2019-01-31T20:17:57.367+0000: 257619.770: Application time: 0.0007901 seconds
2019-01-31T20:17:57.375+0000: 257619.778: [GC (GCLocker Initiated GC) 2019-01-31T20:17:57.388+0000: 257619.791: [SoftReference, 0 refs, 0.0000448 secs]2019-01-31T20:17:57.388+0000: 257619.791: [WeakReference, 62 refs, 0.0000257 secs]2019-01-31T20:17:57.388+0000: 257619.791: [FinalReference, 4822 refs, 0.0017418 secs]2019-01-31T20:17:57.389+0000: 257619.792: [PhantomReference, 0 refs, 0 refs, 0.0000150 secs]2019-01-31T20:17:57.389+0000: 257619.792: [JNI Weak Reference, 0.0000210 secs]
Desired survivor size 260046848 bytes, new threshold 1 (max 15)
[PSYoungGen: 1416575K->65973K(1639424K)] 2643410K->1302506K(5484544K), 0.0185308 secs] [Times: user=0.36 sys=0.00, real=0.02 secs] 
2019-01-31T20:17:57.394+0000: 257619.797: Total time for which application threads were stopped: 0.0271973 seconds, Stopping threads took: 0.0002293 seconds
2019-01-31T20:17:58.096+0000: 257620.499: Application time: 0.7015406 seconds
2019-01-31T20:17:58.103+0000: 257620.506: Total time for which application threads were stopped: 0.0069998 seconds, Stopping threads took: 0.0002355 seconds
2019-01-31T20:17:58.104+0000: 257620.507: Application time: 0.0012341 seconds
2019-01-31T20:17:58.113+0000: 257620.516: [GC (GCLocker Initiated GC) 2019-01-31T20:17:58.127+0000: 257620.530: [SoftReference, 0 refs, 0.0000448 secs]2019-01-31T20:17:58.127+0000: 257620.530: [WeakReference, 53 refs, 0.0000237 secs]2019-01-31T20:17:58.127+0000: 257620.530: [FinalReference, 4449 refs, 0.0015989 secs]2019-01-31T20:17:58.129+0000: 257620.532: [PhantomReference, 0 refs, 0 refs, 0.0000151 secs]2019-01-31T20:17:58.129+0000: 257620.532: [JNI Weak Reference, 0.0000212 secs]
Desired survivor size 244842496 bytes, new threshold 1 (max 15)
[PSYoungGen: 1446837K->101353K(1634816K)] 2683449K->1345883K(5479936K), 0.0202897 secs] [Times: user=0.45 sys=0.00, real=0.02 secs] 
2019-01-31T20:17:58.133+0000: 257620.536: Total time for which application threads were stopped: 0.0295663 seconds, Stopping threads took: 0.0002554 seconds
2019-01-31T20:17:58.891+0000: 257621.294: Application time: 0.7577392 seconds
2019-01-31T20:17:58.898+0000: 257621.301: Total time for which application threads were stopped: 0.0070071 seconds, Stopping threads took: 0.0002826 seconds
2019-01-31T20:17:58.899+0000: 257621.302: Application time: 0.0007237 seconds
2019-01-31T20:17:58.907+0000: 257621.310: [GC (GCLocker Initiated GC) 2019-01-31T20:17:58.923+0000: 257621.326: [SoftReference, 0 refs, 0.0000378 secs]2019-01-31T20:17:58.923+0000: 257621.326: [WeakReference, 95 refs, 0.0000208 secs]2019-01-31T20:17:58.923+0000: 257621.326: [FinalReference, 5114 refs, 0.0013434 secs]2019-01-31T20:17:58.924+0000: 257621.327: [PhantomReference, 0 refs, 0 refs, 0.0000076 secs]2019-01-31T20:17:58.924+0000: 257621.327: [JNI Weak Reference, 0.0000125 secs]
Desired survivor size 232783872 bytes, new threshold 1 (max 15)
[PSYoungGen: 1482217K->92481K(1656320K)] 2726932K->1353351K(5501440K), 0.0199173 secs] [Times: user=0.42 sys=0.00, real=0.02 secs] 
2019-01-31T20:17:58.927+0000: 257621.330: Total time for which application threads were stopped: 0.0283624 seconds, Stopping threads took: 0.0001526 seconds
2019-01-31T20:17:59.815+0000: 257622.218: Application time: 0.8881943 seconds
2019-01-31T20:17:59.823+0000: 257622.226: Total time for which application threads were stopped: 0.0071877 seconds, Stopping threads took: 0.0002867 seconds
2019-01-31T20:17:59.824+0000: 257622.227: Application time: 0.0011096 seconds
2019-01-31T20:17:59.833+0000: 257622.236: [GC (GCLocker Initiated GC) 2019-01-31T20:17:59.848+0000: 257622.251: [SoftReference, 0 refs, 0.0000456 secs]2019-01-31T20:17:59.848+0000: 257622.251: [WeakReference, 90 refs, 0.0000279 secs]2019-01-31T20:17:59.848+0000: 257622.251: [FinalReference, 4965 refs, 0.0017659 secs]2019-01-31T20:17:59.850+0000: 257622.253: [PhantomReference, 0 refs, 0 refs, 0.0000235 secs]2019-01-31T20:17:59.850+0000: 257622.253: [JNI Weak Reference, 0.0000215 secs]
Desired survivor size 227016704 bytes, new threshold 1 (max 15)
[PSYoungGen: 1513793K->62115K(1648640K)] 2774747K->1338299K(5493760K), 0.0212031 secs] [Times: user=0.41 sys=0.01, real=0.02 secs] 
2019-01-31T20:17:59.855+0000: 257622.258: Total time for which application threads were stopped: 0.0308920 seconds, Stopping threads took: 0.0002890 seconds
2019-01-31T20:18:00.683+0000: 257623.086: Application time: 0.8280788 seconds
2019-01-31T20:18:00.690+0000: 257623.093: Total time for which application threads were stopped: 0.0070398 seconds, Stopping threads took: 0.0002171 seconds
2019-01-31T20:18:00.690+0000: 257623.093: Application time: 0.0003695 seconds
2019-01-31T20:18:00.698+0000: 257623.101: [GC (GCLocker Initiated GC) 2019-01-31T20:18:00.712+0000: 257623.115: [SoftReference, 0 refs, 0.0000356 secs]2019-01-31T20:18:00.712+0000: 257623.115: [WeakReference, 59 refs, 0.0000152 secs]2019-01-31T20:18:00.712+0000: 257623.115: [FinalReference, 5395 refs, 0.0015530 secs]2019-01-31T20:18:00.713+0000: 257623.116: [PhantomReference, 0 refs, 0 refs, 0.0000149 secs]2019-01-31T20:18:00.713+0000: 257623.116: [JNI Weak Reference, 0.0000210 secs]
Desired survivor size 220725248 bytes, new threshold 1 (max 15)
[PSYoungGen: 1483427K->63421K(1687552K)] 2759641K->1347033K(5532672K), 0.0188890 secs] [Times: user=0.30 sys=0.01, real=0.02 secs] 
2019-01-31T20:18:00.718+0000: 257623.121: Total time for which application threads were stopped: 0.0276431 seconds, Stopping threads took: 0.0002242 seconds
2019-01-31T20:18:01.576+0000: 257623.979: Application time: 0.8580344 seconds
2019-01-31T20:18:01.583+0000: 257623.986: Total time for which application threads were stopped: 0.0076342 seconds, Stopping threads took: 0.0002593 seconds
2019-01-31T20:18:01.584+0000: 257623.987: Application time: 0.0009981 seconds
2019-01-31T20:18:01.592+0000: 257623.995: [GC (GCLocker Initiated GC) 2019-01-31T20:18:01.608+0000: 257624.011: [SoftReference, 0 refs, 0.0000456 secs]2019-01-31T20:18:01.608+0000: 257624.011: [WeakReference, 86 refs, 0.0000366 secs]2019-01-31T20:18:01.608+0000: 257624.011: [FinalReference, 5434 refs, 0.0019664 secs]2019-01-31T20:18:01.610+0000: 257624.013: [PhantomReference, 0 refs, 0 refs, 0.0000191 secs]2019-01-31T20:18:01.610+0000: 257624.013: [JNI Weak Reference, 0.0000223 secs]
Desired survivor size 208666624 bytes, new threshold 1 (max 15)
[PSYoungGen: 1529277K->91441K(1681408K)] 2813045K->1385787K(5526528K), 0.0216794 secs] [Times: user=0.40 sys=0.01, real=0.02 secs] 
2019-01-31T20:18:01.614+0000: 257624.017: Total time for which application threads were stopped: 0.0299449 seconds, Stopping threads took: 0.0002265 seconds
2019-01-31T20:18:02.521+0000: 257624.924: Application time: 0.9064509 seconds
2019-01-31T20:18:02.528+0000: 257624.931: Total time for which application threads were stopped: 0.0069372 seconds, Stopping threads took: 0.0002153 seconds
2019-01-31T20:18:02.528+0000: 257624.931: Application time: 0.0003977 seconds
2019-01-31T20:18:02.536+0000: 257624.939: [GC (GCLocker Initiated GC) 2019-01-31T20:18:02.551+0000: 257624.954: [SoftReference, 0 refs, 0.0000453 secs]2019-01-31T20:18:02.551+0000: 257624.954: [WeakReference, 92 refs, 0.0000214 secs]2019-01-31T20:18:02.551+0000: 257624.954: [FinalReference, 5398 refs, 0.0015086 secs]2019-01-31T20:18:02.553+0000: 257624.956: [PhantomReference, 0 refs, 0 refs, 0.0000112 secs]2019-01-31T20:18:02.553+0000: 257624.956: [JNI Weak Reference, 0.0000145 secs]
Desired survivor size 199229440 bytes, new threshold 1 (max 15)
[PSYoungGen: 1557297K->83623K(1697280K)] 2851667K->1392372K(5542400K), 0.0190698 secs] [Times: user=0.40 sys=0.00, real=0.02 secs] 
2019-01-31T20:18:02.556+0000: 257624.959: Total time for which application threads were stopped: 0.0276424 seconds, Stopping threads took: 0.0002221 seconds
2019-01-31T20:18:03.583+0000: 257625.986: Application time: 1.0271403 seconds
2019-01-31T20:18:03.592+0000: 257625.995: Total time for which application threads were stopped: 0.0088245 seconds, Stopping threads took: 0.0002400 seconds
2019-01-31T20:18:03.592+0000: 257625.995: Application time: 0.0004370 seconds
2019-01-31T20:18:03.600+0000: 257626.003: [GC (GCLocker Initiated GC) 2019-01-31T20:18:03.618+0000: 257626.021: [SoftReference, 0 refs, 0.0000377 secs]2019-01-31T20:18:03.618+0000: 257626.021: [WeakReference, 103 refs, 0.0000215 secs]2019-01-31T20:18:03.618+0000: 257626.021: [FinalReference, 5163 refs, 0.0014264 secs]2019-01-31T20:18:03.619+0000: 257626.022: [PhantomReference, 0 refs, 0 refs, 0.0000085 secs]2019-01-31T20:18:03.619+0000: 257626.022: [JNI Weak Reference, 0.0000148 secs]
Desired survivor size 193462272 bytes, new threshold 1 (max 15)
[PSYoungGen: 1577639K->68652K(1688576K)] 2886733K->1398702K(5533696K), 0.0218791 secs] [Times: user=0.41 sys=0.00, real=0.02 secs] 
2019-01-31T20:18:03.623+0000: 257626.026: Total time for which application threads were stopped: 0.0305030 seconds, Stopping threads took: 0.0002528 seconds
2019-01-31T20:18:04.458+0000: 257626.861: Application time: 0.8350233 seconds
2019-01-31T20:18:04.467+0000: 257626.870: Total time for which application threads were stopped: 0.0088075 seconds, Stopping threads took: 0.0003076 seconds
2019-01-31T20:18:04.468+0000: 257626.871: Application time: 0.0015735 seconds
2019-01-31T20:18:04.477+0000: 257626.880: [GC (GCLocker Initiated GC) 2019-01-31T20:18:04.490+0000: 257626.893: [SoftReference, 0 refs, 0.0000373 secs]2019-01-31T20:18:04.490+0000: 257626.893: [WeakReference, 74 refs, 0.0000191 secs]2019-01-31T20:18:04.490+0000: 257626.893: [FinalReference, 5431 refs, 0.0014807 secs]2019-01-31T20:18:04.491+0000: 257626.894: [PhantomReference, 0 refs, 0 refs, 0.0000085 secs]2019-01-31T20:18:04.491+0000: 257626.894: [JNI Weak Reference, 0.0000156 secs]
Desired survivor size 185597952 bytes, new threshold 1 (max 15)
[PSYoungGen: 1562668K->77579K(1719808K)] 2892796K->1414603K(5564928K), 0.0171344 secs] [Times: user=0.36 sys=0.01, real=0.02 secs] 
2019-01-31T20:18:04.495+0000: 257626.898: Total time for which application threads were stopped: 0.0266549 seconds, Stopping threads took: 0.0002588 seconds
2019-01-31T20:18:05.283+0000: 257627.686: Application time: 0.7884026 seconds
2019-01-31T20:18:15.029+0000: 257637.432: Total time for which application threads were stopped: 9.7458495 seconds, Stopping threads took: 9.7375855 seconds
2019-01-31T20:18:15.052+0000: 257637.455: Application time: 0.0234079 seconds
2019-01-31T20:18:15.063+0000: 257637.466: [GC (GCLocker Initiated GC) 2019-01-31T20:18:15.106+0000: 257637.509: [SoftReference, 0 refs, 0.0000383 secs]2019-01-31T20:18:15.106+0000: 257637.509: [WeakReference, 61 refs, 0.0000232 secs]2019-01-31T20:18:15.106+0000: 257637.509: [FinalReference, 5220 refs, 0.0017283 secs]2019-01-31T20:18:15.108+0000: 257637.511: [PhantomReference, 0 refs, 0 refs, 0.0000111 secs]2019-01-31T20:18:15.108+0000: 257637.511: [JNI Weak Reference, 0.0000177 secs]
Desired survivor size 180355072 bytes, new threshold 2 (max 15)
[PSYoungGen: 1609483K->66502K(1713152K)] 2950811K->1416470K(5558272K), 0.0489447 secs] [Times: user=0.31 sys=0.00, real=0.04 secs] 
2019-01-31T20:18:15.112+0000: 257637.515: Total time for which application threads were stopped: 0.0595715 seconds, Stopping threads took: 0.0002573 seconds
2019-01-31T20:18:15.844+0000: 257638.247: Application time: 0.7320030 seconds
2019-01-31T20:18:15.856+0000: 257638.259: Total time for which application threads were stopped: 0.0121695 seconds, Stopping threads took: 0.0012726 seconds
2019-01-31T20:18:15.862+0000: 257638.265: Application time: 0.0053994 seconds
2019-01-31T20:18:15.873+0000: 257638.276: [GC (GCLocker Initiated GC) 2019-01-31T20:18:16.079+0000: 257638.482: [SoftReference, 0 refs, 0.0000392 secs]2019-01-31T20:18:16.079+0000: 257638.482: [WeakReference, 136 refs, 0.0000361 secs]2019-01-31T20:18:16.079+0000: 257638.482: [FinalReference, 4797 refs, 0.0017666 secs]2019-01-31T20:18:16.081+0000: 257638.484: [PhantomReference, 0 refs, 0 refs, 0.0000117 secs]2019-01-31T20:18:16.081+0000: 257638.484: [JNI Weak Reference, 0.0000235 secs]
Desired survivor size 279969792 bytes, new threshold 1 (max 15)
[PSYoungGen: 1598406K->176107K(1551360K)] 2949104K->1725299K(5396480K), 0.2113520 secs] [Times: user=2.37 sys=0.03, real=0.21 secs] 
2019-01-31T20:18:16.085+0000: 257638.488: Total time for which application threads were stopped: 0.2236157 seconds, Stopping threads took: 0.0002787 seconds
2019-01-31T20:18:16.742+0000: 257639.145: Application time: 0.6562499 seconds
2019-01-31T20:18:16.751+0000: 257639.154: Total time for which application threads were stopped: 0.0091951 seconds, Stopping threads took: 0.0002790 seconds
2019-01-31T20:18:16.752+0000: 257639.155: Application time: 0.0015777 seconds
2019-01-31T20:18:16.764+0000: 257639.167: [GC (Allocation Failure) 2019-01-31T20:18:16.834+0000: 257639.237: [SoftReference, 0 refs, 0.0000366 secs]2019-01-31T20:18:16.834+0000: 257639.237: [WeakReference, 126 refs, 0.0000380 secs]2019-01-31T20:18:16.834+0000: 257639.237: [FinalReference, 4168 refs, 0.0015241 secs]2019-01-31T20:18:16.836+0000: 257639.239: [PhantomReference, 0 refs, 0 refs, 0.0000141 secs]2019-01-31T20:18:16.836+0000: 257639.239: [JNI Weak Reference, 0.0000182 secs]
Desired survivor size 403701760 bytes, new threshold 1 (max 15)
[PSYoungGen: 1551339K->273391K(1648640K)] 3100653K->2034194K(5493760K), 0.0745927 secs] [Times: user=1.80 sys=0.00, real=0.07 secs] 
2019-01-31T20:18:16.840+0000: 257639.242: Total time for which application threads were stopped: 0.0871963 seconds, Stopping threads took: 0.0003996 seconds
2019-01-31T20:18:16.851+0000: 257639.254: Application time: 0.0113700 seconds
2019-01-31T20:18:16.861+0000: 257639.264: [GC (GCLocker Initiated GC) 2019-01-31T20:18:16.919+0000: 257639.322: [SoftReference, 0 refs, 0.0000276 secs]2019-01-31T20:18:16.919+0000: 257639.322: [WeakReference, 17 refs, 0.0000113 secs]2019-01-31T20:18:16.919+0000: 257639.322: [FinalReference, 75 refs, 0.0000141 secs]2019-01-31T20:18:16.919+0000: 257639.322: [PhantomReference, 0 refs, 0 refs, 0.0000067 secs]2019-01-31T20:18:16.919+0000: 257639.322: [JNI Weak Reference, 0.0000120 secs]
Desired survivor size 404226048 bytes, new threshold 1 (max 15)
[PSYoungGen: 303752K->9380K(1405952K)] 2064555K->2042032K(5251072K), 0.0608280 secs] [Times: user=1.54 sys=0.00, real=0.07 secs] 
2019-01-31T20:18:16.922+0000: 257639.325: Total time for which application threads were stopped: 0.0715320 seconds, Stopping threads took: 0.0002729 seconds
2019-01-31T20:18:17.416+0000: 257639.819: Application time: 0.4933065 seconds
2019-01-31T20:18:17.426+0000: 257639.829: Total time for which application threads were stopped: 0.0106834 seconds, Stopping threads took: 0.0003736 seconds
2019-01-31T20:18:17.428+0000: 257639.831: Application time: 0.0015387 seconds
2019-01-31T20:18:17.438+0000: 257639.841: [GC (GCLocker Initiated GC) 2019-01-31T20:18:17.471+0000: 257639.874: [SoftReference, 0 refs, 0.0000407 secs]2019-01-31T20:18:17.471+0000: 257639.874: [WeakReference, 113 refs, 0.0000251 secs]2019-01-31T20:18:17.471+0000: 257639.874: [FinalReference, 3850 refs, 0.0011510 secs]2019-01-31T20:18:17.472+0000: 257639.875: [PhantomReference, 0 refs, 0 refs, 0.0000078 secs]2019-01-31T20:18:17.472+0000: 257639.875: [JNI Weak Reference, 0.0000117 secs]
Desired survivor size 439877632 bytes, new threshold 1 (max 15)
[PSYoungGen: 1141924K->301981K(1434624K)] 3174687K->2341300K(5279744K), 0.0373932 secs] [Times: user=1.07 sys=0.00, real=0.04 secs] 
2019-01-31T20:18:17.475+0000: 257639.878: Total time for which application threads were stopped: 0.0474582 seconds, Stopping threads took: 0.0002833 seconds
2019-01-31T20:18:17.941+0000: 257640.344: Application time: 0.4659844 seconds
2019-01-31T20:18:17.951+0000: 257640.354: Total time for which application threads were stopped: 0.0092071 seconds, Stopping threads took: 0.0002868 seconds
2019-01-31T20:18:17.952+0000: 257640.355: Application time: 0.0014026 seconds
2019-01-31T20:18:17.965+0000: 257640.368: [GC (GCLocker Initiated GC) 2019-01-31T20:18:18.039+0000: 257640.442: [SoftReference, 0 refs, 0.0000343 secs]2019-01-31T20:18:18.039+0000: 257640.442: [WeakReference, 121 refs, 0.0000288 secs]2019-01-31T20:18:18.039+0000: 257640.442: [FinalReference, 4205 refs, 0.0010915 secs]2019-01-31T20:18:18.040+0000: 257640.443: [PhantomReference, 0 refs, 0 refs, 0.0000074 secs]2019-01-31T20:18:18.040+0000: 257640.443: [JNI Weak Reference, 0.0000119 secs]
Desired survivor size 469762048 bytes, new threshold 1 (max 15)
[PSYoungGen: 1434525K->308090K(1434112K)] 3474355K->2613768K(5279232K), 0.0781772 secs] [Times: user=2.42 sys=0.00, real=0.08 secs] 
2019-01-31T20:18:18.043+0000: 257640.446: Total time for which application threads were stopped: 0.0911753 seconds, Stopping threads took: 0.0002029 seconds
2019-01-31T20:18:18.442+0000: 257640.845: Application time: 0.3988813 seconds
2019-01-31T20:18:18.451+0000: 257640.854: Total time for which application threads were stopped: 0.0091229 seconds, Stopping threads took: 0.0002801 seconds
2019-01-31T20:18:18.452+0000: 257640.855: Application time: 0.0008033 seconds
2019-01-31T20:18:18.461+0000: 257640.864: [GC (GCLocker Initiated GC) 2019-01-31T20:18:18.532+0000: 257640.935: [SoftReference, 0 refs, 0.0000308 secs]2019-01-31T20:18:18.532+0000: 257640.935: [WeakReference, 99 refs, 0.0000194 secs]2019-01-31T20:18:18.532+0000: 257640.935: [FinalReference, 3963 refs, 0.0010583 secs]2019-01-31T20:18:18.533+0000: 257640.936: [PhantomReference, 0 refs, 0 refs, 0.0000071 secs]2019-01-31T20:18:18.533+0000: 257640.936: [JNI Weak Reference, 0.0000116 secs]
Desired survivor size 477102080 bytes, new threshold 1 (max 15)
[PSYoungGen: 1312634K->267152K(1271808K)] 3618631K->2840505K(5116928K), 0.0747941 secs] [Times: user=2.28 sys=0.00, real=0.08 secs] 
2019-01-31T20:18:18.537+0000: 257640.940: Total time for which application threads were stopped: 0.0845096 seconds, Stopping threads took: 0.0002265 seconds
2019-01-31T20:18:18.933+0000: 257641.336: Application time: 0.3960629 seconds
2019-01-31T20:18:18.942+0000: 257641.345: Total time for which application threads were stopped: 0.0095349 seconds, Stopping threads took: 0.0003347 seconds
2019-01-31T20:18:18.944+0000: 257641.347: Application time: 0.0020752 seconds
2019-01-31T20:18:18.957+0000: 257641.360: [GC (GCLocker Initiated GC) 2019-01-31T20:18:19.022+0000: 257641.425: [SoftReference, 0 refs, 0.0000335 secs]2019-01-31T20:18:19.022+0000: 257641.425: [WeakReference, 92 refs, 0.0000220 secs]2019-01-31T20:18:19.023+0000: 257641.425: [FinalReference, 4199 refs, 0.0011461 secs]2019-01-31T20:18:19.024+0000: 257641.427: [PhantomReference, 0 refs, 0 refs, 0.0000075 secs]2019-01-31T20:18:19.024+0000: 257641.427: [JNI Weak Reference, 0.0000125 secs]
Desired survivor size 483393536 bytes, new threshold 1 (max 15)
[PSYoungGen: 1271696K->273475K(1443840K)] 3845419K->3086747K(5288960K), 0.0693090 secs] [Times: user=2.13 sys=0.00, real=0.07 secs] 
2019-01-31T20:18:19.027+0000: 257641.430: Total time for which application threads were stopped: 0.0825849 seconds, Stopping threads took: 0.0002742 seconds
2019-01-31T20:18:19.411+0000: 257641.814: Application time: 0.3843792 seconds
2019-01-31T20:18:19.420+0000: 257641.823: Total time for which application threads were stopped: 0.0091918 seconds, Stopping threads took: 0.0003489 seconds
2019-01-31T20:18:19.422+0000: 257641.825: Application time: 0.0011699 seconds
2019-01-31T20:18:19.434+0000: 257641.837: [GC (GCLocker Initiated GC) 2019-01-31T20:18:19.500+0000: 257641.903: [SoftReference, 0 refs, 0.0000304 secs]2019-01-31T20:18:19.500+0000: 257641.903: [WeakReference, 94 refs, 0.0000256 secs]2019-01-31T20:18:19.500+0000: 257641.903: [FinalReference, 3744 refs, 0.0009679 secs]2019-01-31T20:18:19.501+0000: 257641.904: [PhantomReference, 0 refs, 0 refs, 0.0000085 secs]2019-01-31T20:18:19.501+0000: 257641.904: [JNI Weak Reference, 0.0000147 secs]
Desired survivor size 481820672 bytes, new threshold 1 (max 15)
[PSYoungGen: 1251395K->261760K(1449984K)] 4065010K->3314649K(5295104K), 0.0695004 secs] [Times: user=2.12 sys=0.00, real=0.07 secs] 
2019-01-31T20:18:19.504+0000: 257641.907: Total time for which application threads were stopped: 0.0824449 seconds, Stopping threads took: 0.0003404 seconds
2019-01-31T20:18:19.869+0000: 257642.272: Application time: 0.3645468 seconds
2019-01-31T20:18:19.879+0000: 257642.282: Total time for which application threads were stopped: 0.0107485 seconds, Stopping threads took: 0.0012510 seconds
2019-01-31T20:18:19.880+0000: 257642.283: Application time: 0.0010764 seconds
2019-01-31T20:18:19.891+0000: 257642.294: [GC (GCLocker Initiated GC) 2019-01-31T20:18:19.953+0000: 257642.356: [SoftReference, 0 refs, 0.0000308 secs]2019-01-31T20:18:19.953+0000: 257642.356: [WeakReference, 112 refs, 0.0000213 secs]2019-01-31T20:18:19.953+0000: 257642.356: [FinalReference, 4000 refs, 0.0010562 secs]2019-01-31T20:18:19.954+0000: 257642.357: [PhantomReference, 0 refs, 0 refs, 0.0000074 secs]2019-01-31T20:18:19.954+0000: 257642.357: [JNI Weak Reference, 0.0000127 secs]
Desired survivor size 477102080 bytes, new threshold 1 (max 15)
[PSYoungGen: 1239680K->257484K(1439232K)] 4292632K->3540826K(5284352K), 0.0661234 secs] [Times: user=2.02 sys=0.00, real=0.07 secs] 
2019-01-31T20:18:19.957+0000: 257642.360: Total time for which application threads were stopped: 0.0768009 seconds, Stopping threads took: 0.0002267 seconds
2019-01-31T20:18:20.334+0000: 257642.737: Application time: 0.3764359 seconds
2019-01-31T20:18:20.343+0000: 257642.746: Total time for which application threads were stopped: 0.0092938 seconds, Stopping threads took: 0.0004698 seconds
2019-01-31T20:18:20.345+0000: 257642.748: Application time: 0.0023190 seconds
2019-01-31T20:18:20.356+0000: 257642.759: [GC (GCLocker Initiated GC) 2019-01-31T20:18:20.421+0000: 257642.824: [SoftReference, 0 refs, 0.0000359 secs]2019-01-31T20:18:20.421+0000: 257642.824: [WeakReference, 97 refs, 0.0000205 secs]2019-01-31T20:18:20.421+0000: 257642.824: [FinalReference, 4019 refs, 0.0010962 secs]2019-01-31T20:18:20.422+0000: 257642.825: [PhantomReference, 0 refs, 0 refs, 0.0000105 secs]2019-01-31T20:18:20.422+0000: 257642.825: [JNI Weak Reference, 0.0000152 secs]
Desired survivor size 471334912 bytes, new threshold 1 (max 15)
[PSYoungGen: 1236940K->258923K(1445376K)] 4520473K->3767642K(5290496K), 0.0693456 secs] [Times: user=2.07 sys=0.00, real=0.07 secs] 
2019-01-31T20:18:20.426+0000: 257642.829: [Full GC (Ergonomics) 2019-01-31T20:18:20.485+0000: 257642.888: [SoftReference, 101 refs, 0.0000489 secs]2019-01-31T20:18:20.485+0000: 257642.888: [WeakReference, 16999 refs, 0.0016573 secs]2019-01-31T20:18:20.486+0000: 257642.889: [FinalReference, 1814 refs, 0.0013238 secs]2019-01-31T20:18:20.488+0000: 257642.891: [PhantomReference, 0 refs, 2806 refs, 0.0001577 secs]2019-01-31T20:18:20.488+0000: 257642.891: [JNI Weak Reference, 0.0000221 secs][PSYoungGen: 258923K->0K(1445376K)] [ParOldGen: 3508718K->1418228K(3845120K)] 3767642K->1418228K(5290496K), [Metaspace: 74531K->74531K(1118208K)], 0.3469962 secs] [Times: user=5.32 sys=0.00, real=0.35 secs] 
2019-01-31T20:18:20.773+0000: 257643.176: Total time for which application threads were stopped: 0.4280612 seconds, Stopping threads took: 0.0002799 seconds
2019-01-31T20:18:20.904+0000: 257643.307: Application time: 0.1306495 seconds
2019-01-31T20:18:20.914+0000: 257643.317: Total time for which application threads were stopped: 0.0102960 seconds, Stopping threads took: 0.0004898 seconds
2019-01-31T20:18:20.914+0000: 257643.317: Application time: 0.0000660 seconds
2019-01-31T20:18:20.923+0000: 257643.326: Total time for which application threads were stopped: 0.0088905 seconds, Stopping threads took: 0.0002199 seconds
2019-01-31T20:18:21.024+0000: 257643.427: Application time: 0.1005837 seconds
2019-01-31T20:18:21.035+0000: 257643.438: Total time for which application threads were stopped: 0.0108690 seconds, Stopping threads took: 0.0004589 seconds
2019-01-31T20:18:21.035+0000: 257643.438: Application time: 0.0000888 seconds
2019-01-31T20:18:21.043+0000: 257643.446: Total time for which application threads were stopped: 0.0084490 seconds, Stopping threads took: 0.0001509 seconds
2019-01-31T20:18:21.051+0000: 257643.454: Application time: 0.0078685 seconds
2019-01-31T20:18:21.063+0000: 257643.466: Total time for which application threads were stopped: 0.0115293 seconds, Stopping threads took: 0.0003045 seconds
2019-01-31T20:18:21.113+0000: 257643.516: Application time: 0.0505401 seconds
2019-01-31T20:18:21.123+0000: 257643.526: Total time for which application threads were stopped: 0.0096652 seconds, Stopping threads took: 0.0006147 seconds
2019-01-31T20:18:21.144+0000: 257643.547: Application time: 0.0212288 seconds
2019-01-31T20:18:21.153+0000: 257643.556: Total time for which application threads were stopped: 0.0091553 seconds, Stopping threads took: 0.0002332 seconds
2019-01-31T20:18:21.153+0000: 257643.556: Application time: 0.0000558 seconds
2019-01-31T20:18:21.162+0000: 257643.565: Total time for which application threads were stopped: 0.0090087 seconds, Stopping threads took: 0.0001521 seconds
2019-01-31T20:18:21.173+0000: 257643.576: Application time: 0.0111164 seconds
2019-01-31T20:18:21.185+0000: 257643.588: Total time for which application threads were stopped: 0.0112039 seconds, Stopping threads took: 0.0004353 seconds
2019-01-31T20:18:21.243+0000: 257643.646: Application time: 0.0583384 seconds
2019-01-31T20:18:21.252+0000: 257643.655: Total time for which application threads were stopped: 0.0094999 seconds, Stopping threads took: 0.0004623 seconds
2019-01-31T20:18:21.263+0000: 257643.666: Application time: 0.0105047 seconds
2019-01-31T20:18:21.272+0000: 257643.675: Total time for which application threads were stopped: 0.0094419 seconds, Stopping threads took: 0.0004911 seconds
2019-01-31T20:18:21.272+0000: 257643.675: Application time: 0.0000571 seconds
2019-01-31T20:18:21.281+0000: 257643.684: Total time for which application threads were stopped: 0.0086376 seconds, Stopping threads took: 0.0001326 seconds
2019-01-31T20:18:21.305+0000: 257643.708: Application time: 0.0241621 seconds
2019-01-31T20:18:21.316+0000: 257643.719: Total time for which application threads were stopped: 0.0106522 seconds, Stopping threads took: 0.0005128 seconds
2019-01-31T20:18:21.319+0000: 257643.722: Application time: 0.0031511 seconds
2019-01-31T20:18:21.329+0000: 257643.732: Total time for which application threads were stopped: 0.0095330 seconds, Stopping threads took: 0.0002994 seconds
2019-01-31T20:18:21.332+0000: 257643.735: Application time: 0.0036669 seconds
2019-01-31T20:18:21.341+0000: 257643.744: [GC (Allocation Failure) 2019-01-31T20:18:21.374+0000: 257643.777: [SoftReference, 0 refs, 0.0000386 secs]2019-01-31T20:18:21.374+0000: 257643.777: [WeakReference, 145 refs, 0.0000258 secs]2019-01-31T20:18:21.374+0000: 257643.777: [FinalReference, 4053 refs, 0.0010592 secs]2019-01-31T20:18:21.376+0000: 257643.779: [PhantomReference, 0 refs, 0 refs, 0.0000085 secs]2019-01-31T20:18:21.376+0000: 257643.779: [JNI Weak Reference, 0.0000243 secs]
Desired survivor size 465567744 bytes, new threshold 1 (max 15)
[PSYoungGen: 979456K->260839K(1444352K)] 2398191K->1679574K(5289472K), 0.0372371 secs] [Times: user=0.93 sys=0.01, real=0.04 secs] 
2019-01-31T20:18:21.379+0000: 257643.782: Total time for which application threads were stopped: 0.0468571 seconds, Stopping threads took: 0.0002698 seconds
2019-01-31T20:18:21.380+0000: 257643.783: Application time: 0.0012907 seconds
2019-01-31T20:18:21.392+0000: 257643.795: [GC (GCLocker Initiated GC) 2019-01-31T20:18:21.437+0000: 257643.840: [SoftReference, 0 refs, 0.0000388 secs]2019-01-31T20:18:21.437+0000: 257643.840: [WeakReference, 17 refs, 0.0000110 secs]2019-01-31T20:18:21.437+0000: 257643.840: [FinalReference, 15 refs, 0.0000084 secs]2019-01-31T20:18:21.437+0000: 257643.840: [PhantomReference, 0 refs, 0 refs, 0.0000076 secs]2019-01-31T20:18:21.437+0000: 257643.840: [JNI Weak Reference, 0.0000149 secs]
Desired survivor size 477626368 bytes, new threshold 1 (max 15)
[PSYoungGen: 264627K->1652K(1450496K)] 1683362K->1680287K(5295616K), 0.0483076 secs] [Times: user=1.41 sys=0.00, real=0.05 secs] 
2019-01-31T20:18:21.441+0000: 257643.844: Total time for which application threads were stopped: 0.0607298 seconds, Stopping threads took: 0.0003306 seconds
2019-01-31T20:18:21.461+0000: 257643.864: Application time: 0.0197012 seconds
2019-01-31T20:18:21.471+0000: 257643.874: Total time for which application threads were stopped: 0.0105706 seconds, Stopping threads took: 0.0005640 seconds
2019-01-31T20:18:21.472+0000: 257643.875: Application time: 0.0000946 seconds
2019-01-31T20:18:21.480+0000: 257643.883: Total time for which application threads were stopped: 0.0080798 seconds, Stopping threads took: 0.0001263 seconds
2019-01-31T20:18:21.492+0000: 257643.895: Application time: 0.0123670 seconds
2019-01-31T20:18:21.502+0000: 257643.905: Total time for which application threads were stopped: 0.0104051 seconds, Stopping threads took: 0.0005183 seconds
2019-01-31T20:18:21.554+0000: 257643.957: Application time: 0.0511293 seconds
2019-01-31T20:18:21.563+0000: 257643.966: Total time for which application threads were stopped: 0.0092334 seconds, Stopping threads took: 0.0003937 seconds
2019-01-31T20:18:21.614+0000: 257644.017: Application time: 0.0514141 seconds
2019-01-31T20:18:21.624+0000: 257644.027: Total time for which application threads were stopped: 0.0094467 seconds, Stopping threads took: 0.0003869 seconds
2019-01-31T20:18:21.675+0000: 257644.078: Application time: 0.0509676 seconds
2019-01-31T20:18:21.684+0000: 257644.087: Total time for which application threads were stopped: 0.0095382 seconds, Stopping threads took: 0.0003875 seconds
2019-01-31T20:18:21.735+0000: 257644.138: Application time: 0.0507493 seconds
2019-01-31T20:18:21.745+0000: 257644.148: Total time for which application threads were stopped: 0.0102076 seconds, Stopping threads took: 0.0003492 seconds
2019-01-31T20:18:21.802+0000: 257644.205: Application time: 0.0565779 seconds
2019-01-31T20:18:21.812+0000: 257644.215: Total time for which application threads were stopped: 0.0105945 seconds, Stopping threads took: 0.0003529 seconds
2019-01-31T20:18:21.863+0000: 257644.266: Application time: 0.0508805 seconds
2019-01-31T20:18:21.872+0000: 257644.275: Total time for which application threads were stopped: 0.0091508 seconds, Stopping threads took: 0.0003851 seconds
2019-01-31T20:18:21.923+0000: 257644.326: Application time: 0.0511353 seconds
2019-01-31T20:18:21.933+0000: 257644.336: Total time for which application threads were stopped: 0.0098976 seconds, Stopping threads took: 0.0004353 seconds
2019-01-31T20:18:21.977+0000: 257644.380: Application time: 0.0436603 seconds
2019-01-31T20:18:21.987+0000: 257644.390: Total time for which application threads were stopped: 0.0094378 seconds, Stopping threads took: 0.0002823 seconds
2019-01-31T20:18:21.988+0000: 257644.391: Application time: 0.0014260 seconds
2019-01-31T20:18:22.000+0000: 257644.403: [GC (GCLocker Initiated GC) 2019-01-31T20:18:22.029+0000: 257644.432: [SoftReference, 0 refs, 0.0000428 secs]2019-01-31T20:18:22.029+0000: 257644.432: [WeakReference, 123 refs, 0.0000241 secs]2019-01-31T20:18:22.029+0000: 257644.432: [FinalReference, 3367 refs, 0.0008680 secs]2019-01-31T20:18:22.030+0000: 257644.433: [PhantomReference, 0 refs, 0 refs, 0.0000086 secs]2019-01-31T20:18:22.030+0000: 257644.433: [JNI Weak Reference, 0.0000149 secs]
Desired survivor size 472383488 bytes, new threshold 1 (max 15)
[PSYoungGen: 997492K->252103K(1460736K)] 2676228K->1931699K(5305856K), 0.0327663 secs] [Times: user=0.91 sys=0.00, real=0.03 secs] 
2019-01-31T20:18:22.033+0000: 257644.436: Total time for which application threads were stopped: 0.0448828 seconds, Stopping threads took: 0.0002409 seconds
2019-01-31T20:18:22.068+0000: 257644.471: Application time: 0.0354406 seconds
2019-01-31T20:18:22.078+0000: 257644.481: Total time for which application threads were stopped: 0.0101836 seconds, Stopping threads took: 0.0003119 seconds
2019-01-31T20:18:22.130+0000: 257644.533: Application time: 0.0510839 seconds
2019-01-31T20:18:22.139+0000: 257644.542: Total time for which application threads were stopped: 0.0091909 seconds, Stopping threads took: 0.0003947 seconds
2019-01-31T20:18:22.195+0000: 257644.598: Application time: 0.0564386 seconds
2019-01-31T20:18:22.205+0000: 257644.608: Total time for which application threads were stopped: 0.0093347 seconds, Stopping threads took: 0.0004396 seconds
2019-01-31T20:18:22.255+0000: 257644.658: Application time: 0.0508994 seconds
2019-01-31T20:18:22.265+0000: 257644.668: Total time for which application threads were stopped: 0.0096300 seconds, Stopping threads took: 0.0003385 seconds
2019-01-31T20:18:22.316+0000: 257644.719: Application time: 0.0512358 seconds
2019-01-31T20:18:22.326+0000: 257644.729: Total time for which application threads were stopped: 0.0094215 seconds, Stopping threads took: 0.0005264 seconds
2019-01-31T20:18:22.379+0000: 257644.782: Application time: 0.0533306 seconds
2019-01-31T20:18:22.388+0000: 257644.791: Total time for which application threads were stopped: 0.0094125 seconds, Stopping threads took: 0.0004085 seconds
2019-01-31T20:18:22.439+0000: 257644.842: Application time: 0.0508064 seconds
2019-01-31T20:18:22.449+0000: 257644.852: Total time for which application threads were stopped: 0.0097920 seconds, Stopping threads took: 0.0005310 seconds
2019-01-31T20:18:22.500+0000: 257644.903: Application time: 0.0506320 seconds
2019-01-31T20:18:22.511+0000: 257644.914: Total time for which application threads were stopped: 0.0114418 seconds, Stopping threads took: 0.0004066 seconds
2019-01-31T20:18:22.529+0000: 257644.932: Application time: 0.0182134 seconds
2019-01-31T20:18:22.539+0000: 257644.942: Total time for which application threads were stopped: 0.0099081 seconds, Stopping threads took: 0.0003710 seconds
2019-01-31T20:18:22.541+0000: 257644.944: Application time: 0.0016194 seconds
2019-01-31T20:18:22.550+0000: 257644.953: [GC (GCLocker Initiated GC) 2019-01-31T20:18:22.614+0000: 257645.017: [SoftReference, 0 refs, 0.0000315 secs]2019-01-31T20:18:22.614+0000: 257645.017: [WeakReference, 98 refs, 0.0000207 secs]2019-01-31T20:18:22.614+0000: 257645.017: [FinalReference, 3407 refs, 0.0010539 secs]2019-01-31T20:18:22.615+0000: 257645.018: [PhantomReference, 0 refs, 0 refs, 0.0000075 secs]2019-01-31T20:18:22.615+0000: 257645.018: [JNI Weak Reference, 0.0000120 secs]
Desired survivor size 467664896 bytes, new threshold 1 (max 15)
[PSYoungGen: 1246407K->256481K(1250816K)] 2926188K->2169838K(5095936K), 0.0674229 secs] [Times: user=2.07 sys=0.00, real=0.07 secs] 
2019-01-31T20:18:22.618+0000: 257645.021: Total time for which application threads were stopped: 0.0769778 seconds, Stopping threads took: 0.0002156 seconds
2019-01-31T20:18:22.639+0000: 257645.042: Application time: 0.0207285 seconds
2019-01-31T20:18:22.648+0000: 257645.051: Total time for which application threads were stopped: 0.0095939 seconds, Stopping threads took: 0.0002717 seconds
2019-01-31T20:18:22.699+0000: 257645.102: Application time: 0.0508602 seconds
2019-01-31T20:18:22.711+0000: 257645.114: Total time for which application threads were stopped: 0.0120713 seconds, Stopping threads took: 0.0003238 seconds
2019-01-31T20:18:22.762+0000: 257645.165: Application time: 0.0507873 seconds
2019-01-31T20:18:22.772+0000: 257645.175: Total time for which application threads were stopped: 0.0098907 seconds, Stopping threads took: 0.0003495 seconds
2019-01-31T20:18:22.823+0000: 257645.226: Application time: 0.0506991 seconds
2019-01-31T20:18:22.833+0000: 257645.236: Total time for which application threads were stopped: 0.0100316 seconds, Stopping threads took: 0.0003715 seconds
2019-01-31T20:18:22.883+0000: 257645.286: Application time: 0.0506244 seconds
2019-01-31T20:18:22.893+0000: 257645.296: Total time for which application threads were stopped: 0.0095245 seconds, Stopping threads took: 0.0004961 seconds
2019-01-31T20:18:22.944+0000: 257645.347: Application time: 0.0517358 seconds
2019-01-31T20:18:22.954+0000: 257645.357: Total time for which application threads were stopped: 0.0096046 seconds, Stopping threads took: 0.0003638 seconds
2019-01-31T20:18:23.005+0000: 257645.408: Application time: 0.0509125 seconds
2019-01-31T20:18:23.014+0000: 257645.417: Total time for which application threads were stopped: 0.0094362 seconds, Stopping threads took: 0.0002940 seconds
2019-01-31T20:18:23.065+0000: 257645.468: Application time: 0.0506078 seconds
2019-01-31T20:18:23.075+0000: 257645.478: Total time for which application threads were stopped: 0.0094852 seconds, Stopping threads took: 0.0003583 seconds
2019-01-31T20:18:23.105+0000: 257645.508: Application time: 0.0300684 seconds
2019-01-31T20:18:23.117+0000: 257645.520: Total time for which application threads were stopped: 0.0125766 seconds, Stopping threads took: 0.0003097 seconds
2019-01-31T20:18:23.119+0000: 257645.522: Application time: 0.0018614 seconds
2019-01-31T20:18:23.131+0000: 257645.534: [GC (GCLocker Initiated GC) 2019-01-31T20:18:23.197+0000: 257645.600: [SoftReference, 0 refs, 0.0000373 secs]2019-01-31T20:18:23.197+0000: 257645.600: [WeakReference, 117 refs, 0.0000260 secs]2019-01-31T20:18:23.197+0000: 257645.600: [FinalReference, 3547 refs, 0.0009182 secs]2019-01-31T20:18:23.198+0000: 257645.601: [PhantomReference, 0 refs, 1 refs, 0.0000111 secs]2019-01-31T20:18:23.198+0000: 257645.601: [JNI Weak Reference, 0.0000154 secs]
Desired survivor size 467140608 bytes, new threshold 1 (max 15)
[PSYoungGen: 1250785K->271401K(1451520K)] 3164623K->2419182K(5296640K), 0.0702853 secs] [Times: user=2.15 sys=0.00, real=0.07 secs] 
2019-01-31T20:18:23.201+0000: 257645.604: Total time for which application threads were stopped: 0.0823473 seconds, Stopping threads took: 0.0002467 seconds
2019-01-31T20:18:23.213+0000: 257645.616: Application time: 0.0113770 seconds
2019-01-31T20:18:23.223+0000: 257645.626: Total time for which application threads were stopped: 0.0106544 seconds, Stopping threads took: 0.0003161 seconds
2019-01-31T20:18:23.275+0000: 257645.678: Application time: 0.0515805 seconds
2019-01-31T20:18:23.285+0000: 257645.688: Total time for which application threads were stopped: 0.0104841 seconds, Stopping threads took: 0.0002941 seconds
2019-01-31T20:18:23.336+0000: 257645.739: Application time: 0.0507195 seconds
2019-01-31T20:18:23.346+0000: 257645.749: Total time for which application threads were stopped: 0.0095698 seconds, Stopping threads took: 0.0003021 seconds
2019-01-31T20:18:23.397+0000: 257645.800: Application time: 0.0512584 seconds
2019-01-31T20:18:23.406+0000: 257645.809: Total time for which application threads were stopped: 0.0093821 seconds, Stopping threads took: 0.0004014 seconds
2019-01-31T20:18:23.457+0000: 257645.860: Application time: 0.0508252 seconds
2019-01-31T20:18:23.466+0000: 257645.869: Total time for which application threads were stopped: 0.0092148 seconds, Stopping threads took: 0.0003287 seconds
2019-01-31T20:18:23.518+0000: 257645.921: Application time: 0.0510608 seconds
2019-01-31T20:18:23.529+0000: 257645.932: Total time for which application threads were stopped: 0.0113431 seconds, Stopping threads took: 0.0003822 seconds
2019-01-31T20:18:23.579+0000: 257645.982: Application time: 0.0505937 seconds
2019-01-31T20:18:23.590+0000: 257645.993: Total time for which application threads were stopped: 0.0102839 seconds, Stopping threads took: 0.0003471 seconds
2019-01-31T20:18:23.640+0000: 257646.043: Application time: 0.0506206 seconds
2019-01-31T20:18:23.650+0000: 257646.053: Total time for which application threads were stopped: 0.0097289 seconds, Stopping threads took: 0.0004123 seconds
2019-01-31T20:18:23.707+0000: 257646.110: Application time: 0.0570185 seconds
2019-01-31T20:18:23.718+0000: 257646.121: Total time for which application threads were stopped: 0.0108488 seconds, Stopping threads took: 0.0019331 seconds
2019-01-31T20:18:23.721+0000: 257646.124: Application time: 0.0032146 seconds
2019-01-31T20:18:23.733+0000: 257646.136: Total time for which application threads were stopped: 0.0113099 seconds, Stopping threads took: 0.0002226 seconds
2019-01-31T20:18:23.735+0000: 257646.138: Application time: 0.0026648 seconds
2019-01-31T20:18:23.747+0000: 257646.150: [GC (GCLocker Initiated GC) 2019-01-31T20:18:23.812+0000: 257646.215: [SoftReference, 0 refs, 0.0000408 secs]2019-01-31T20:18:23.812+0000: 257646.215: [WeakReference, 120 refs, 0.0000224 secs]2019-01-31T20:18:23.812+0000: 257646.215: [FinalReference, 3554 refs, 0.0009438 secs]2019-01-31T20:18:23.813+0000: 257646.216: [PhantomReference, 0 refs, 0 refs, 0.0000088 secs]2019-01-31T20:18:23.813+0000: 257646.216: [JNI Weak Reference, 0.0000152 secs]
Desired survivor size 462422016 bytes, new threshold 1 (max 15)
[PSYoungGen: 1266217K->264149K(1451008K)] 3414261K->2646369K(5296128K), 0.0693658 secs] [Times: user=2.11 sys=0.00, real=0.07 secs] 
2019-01-31T20:18:23.817+0000: 257646.220: Total time for which application threads were stopped: 0.0815548 seconds, Stopping threads took: 0.0002934 seconds
2019-01-31T20:18:23.818+0000: 257646.221: Application time: 0.0007506 seconds
2019-01-31T20:18:23.827+0000: 257646.230: Total time for which application threads were stopped: 0.0097070 seconds, Stopping threads took: 0.0002492 seconds
2019-01-31T20:18:23.878+0000: 257646.281: Application time: 0.0507905 seconds
2019-01-31T20:18:23.888+0000: 257646.291: Total time for which application threads were stopped: 0.0098650 seconds, Stopping threads took: 0.0004229 seconds
2019-01-31T20:18:23.938+0000: 257646.341: Application time: 0.0504509 seconds
2019-01-31T20:18:23.948+0000: 257646.351: Total time for which application threads were stopped: 0.0095629 seconds, Stopping threads took: 0.0002981 seconds
2019-01-31T20:18:24.000+0000: 257646.403: Application time: 0.0525459 seconds
2019-01-31T20:18:24.010+0000: 257646.413: Total time for which application threads were stopped: 0.0100093 seconds, Stopping threads took: 0.0003827 seconds
2019-01-31T20:18:24.061+0000: 257646.464: Application time: 0.0505537 seconds
2019-01-31T20:18:24.071+0000: 257646.474: Total time for which application threads were stopped: 0.0099518 seconds, Stopping threads took: 0.0010726 seconds
2019-01-31T20:18:24.121+0000: 257646.524: Application time: 0.0503936 seconds
2019-01-31T20:18:24.130+0000: 257646.533: Total time for which application threads were stopped: 0.0090749 seconds, Stopping threads took: 0.0004095 seconds
2019-01-31T20:18:24.181+0000: 257646.584: Application time: 0.0504678 seconds
2019-01-31T20:18:24.190+0000: 257646.593: Total time for which application threads were stopped: 0.0088760 seconds, Stopping threads took: 0.0002803 seconds
2019-01-31T20:18:24.241+0000: 257646.644: Application time: 0.0507191 seconds
2019-01-31T20:18:24.251+0000: 257646.654: Total time for which application threads were stopped: 0.0101000 seconds, Stopping threads took: 0.0013711 seconds
2019-01-31T20:18:24.301+0000: 257646.704: Application time: 0.0504645 seconds
2019-01-31T20:18:24.310+0000: 257646.713: Total time for which application threads were stopped: 0.0091170 seconds, Stopping threads took: 0.0003642 seconds
2019-01-31T20:18:24.313+0000: 257646.716: Application time: 0.0025114 seconds
2019-01-31T20:18:24.323+0000: 257646.726: Total time for which application threads were stopped: 0.0105228 seconds, Stopping threads took: 0.0002893 seconds
2019-01-31T20:18:24.325+0000: 257646.728: Application time: 0.0017822 seconds
2019-01-31T20:18:24.334+0000: 257646.737: [GC (GCLocker Initiated GC) 2019-01-31T20:18:24.400+0000: 257646.803: [SoftReference, 0 refs, 0.0000312 secs]2019-01-31T20:18:24.400+0000: 257646.803: [WeakReference, 84 refs, 0.0000194 secs]2019-01-31T20:18:24.400+0000: 257646.803: [FinalReference, 4162 refs, 0.0011523 secs]2019-01-31T20:18:24.401+0000: 257646.804: [PhantomReference, 0 refs, 0 refs, 0.0000078 secs]2019-01-31T20:18:24.401+0000: 257646.804: [JNI Weak Reference, 0.0000127 secs]
Desired survivor size 455606272 bytes, new threshold 1 (max 15)
[PSYoungGen: 1258965K->261784K(1457664K)] 3641353K->2876638K(5302784K), 0.0699689 secs] [Times: user=2.14 sys=0.00, real=0.07 secs] 
2019-01-31T20:18:24.404+0000: 257646.807: Total time for which application threads were stopped: 0.0789601 seconds, Stopping threads took: 0.0002543 seconds
2019-01-31T20:18:24.408+0000: 257646.811: Application time: 0.0044436 seconds
2019-01-31T20:18:24.418+0000: 257646.821: Total time for which application threads were stopped: 0.0093239 seconds, Stopping threads took: 0.0002708 seconds
2019-01-31T20:18:24.468+0000: 257646.871: Application time: 0.0503700 seconds
2019-01-31T20:18:24.477+0000: 257646.880: Total time for which application threads were stopped: 0.0091571 seconds, Stopping threads took: 0.0005547 seconds
2019-01-31T20:18:24.528+0000: 257646.931: Application time: 0.0504099 seconds
2019-01-31T20:18:24.537+0000: 257646.940: Total time for which application threads were stopped: 0.0092657 seconds, Stopping threads took: 0.0003332 seconds
2019-01-31T20:18:24.587+0000: 257646.990: Application time: 0.0503970 seconds
2019-01-31T20:18:24.597+0000: 257647.000: Total time for which application threads were stopped: 0.0095746 seconds, Stopping threads took: 0.0002736 seconds
2019-01-31T20:18:24.647+0000: 257647.050: Application time: 0.0504338 seconds
2019-01-31T20:18:24.657+0000: 257647.060: Total time for which application threads were stopped: 0.0092093 seconds, Stopping threads took: 0.0003011 seconds
2019-01-31T20:18:24.707+0000: 257647.110: Application time: 0.0506244 seconds
2019-01-31T20:18:24.716+0000: 257647.119: Total time for which application threads were stopped: 0.0089564 seconds, Stopping threads took: 0.0004476 seconds
2019-01-31T20:18:24.767+0000: 257647.170: Application time: 0.0504254 seconds
2019-01-31T20:18:24.776+0000: 257647.179: Total time for which application threads were stopped: 0.0090109 seconds, Stopping threads took: 0.0003570 seconds
2019-01-31T20:18:24.892+0000: 257647.295: Application time: 0.1164163 seconds
2019-01-31T20:18:24.901+0000: 257647.304: Total time for which application threads were stopped: 0.0090365 seconds, Stopping threads took: 0.0005373 seconds
2019-01-31T20:18:24.903+0000: 257647.306: Application time: 0.0015654 seconds
2019-01-31T20:18:24.911+0000: 257647.314: [GC (GCLocker Initiated GC) 2019-01-31T20:18:24.974+0000: 257647.377: [SoftReference, 0 refs, 0.0000355 secs]2019-01-31T20:18:24.974+0000: 257647.377: [WeakReference, 79 refs, 0.0000174 secs]2019-01-31T20:18:24.974+0000: 257647.377: [FinalReference, 3708 refs, 0.0009882 secs]2019-01-31T20:18:24.975+0000: 257647.378: [PhantomReference, 0 refs, 0 refs, 0.0000073 secs]2019-01-31T20:18:24.975+0000: 257647.378: [JNI Weak Reference, 0.0000126 secs]
Desired survivor size 446693376 bytes, new threshold 1 (max 15)
[PSYoungGen: 1276056K->258681K(1459200K)] 3891333K->3098116K(5304320K), 0.0664893 secs] [Times: user=2.05 sys=0.00, real=0.07 secs] 
2019-01-31T20:18:24.978+0000: 257647.381: Total time for which application threads were stopped: 0.0756923 seconds, Stopping threads took: 0.0002053 seconds
2019-01-31T20:18:25.361+0000: 257647.764: Application time: 0.3824190 seconds
2019-01-31T20:18:25.370+0000: 257647.773: Total time for which application threads were stopped: 0.0090045 seconds, Stopping threads took: 0.0004347 seconds
2019-01-31T20:18:25.371+0000: 257647.774: Application time: 0.0011340 seconds
2019-01-31T20:18:25.380+0000: 257647.783: [GC (GCLocker Initiated GC) 2019-01-31T20:18:25.444+0000: 257647.847: [SoftReference, 0 refs, 0.0000306 secs]2019-01-31T20:18:25.444+0000: 257647.847: [WeakReference, 99 refs, 0.0000192 secs]2019-01-31T20:18:25.445+0000: 257647.847: [FinalReference, 3714 refs, 0.0010033 secs]2019-01-31T20:18:25.446+0000: 257647.849: [PhantomReference, 0 refs, 0 refs, 0.0000076 secs]2019-01-31T20:18:25.446+0000: 257647.849: [JNI Weak Reference, 0.0000125 secs]
Desired survivor size 443547648 bytes, new threshold 1 (max 15)
[PSYoungGen: 1272953K->272434K(1473024K)] 4112681K->3343984K(5318144K), 0.0683393 secs] [Times: user=2.08 sys=0.00, real=0.07 secs] 
2019-01-31T20:18:25.449+0000: 257647.852: Total time for which application threads were stopped: 0.0777310 seconds, Stopping threads took: 0.0002154 seconds
2019-01-31T20:18:25.840+0000: 257648.243: Application time: 0.3913351 seconds
2019-01-31T20:18:25.849+0000: 257648.252: Total time for which application threads were stopped: 0.0091667 seconds, Stopping threads took: 0.0003992 seconds
2019-01-31T20:18:25.851+0000: 257648.254: Application time: 0.0015742 seconds
2019-01-31T20:18:25.860+0000: 257648.263: [GC (Allocation Failure) 2019-01-31T20:18:25.924+0000: 257648.327: [SoftReference, 0 refs, 0.0000452 secs]2019-01-31T20:18:25.924+0000: 257648.327: [WeakReference, 118 refs, 0.0000216 secs]2019-01-31T20:18:25.924+0000: 257648.327: [FinalReference, 4090 refs, 0.0010713 secs]2019-01-31T20:18:25.925+0000: 257648.328: [PhantomReference, 0 refs, 0 refs, 0.0000075 secs]2019-01-31T20:18:25.925+0000: 257648.328: [JNI Weak Reference, 0.0000121 secs]
Desired survivor size 438304768 bytes, new threshold 1 (max 15)
[PSYoungGen: 1309234K->271288K(1469952K)] 4380992K->3571966K(5315072K), 0.0673483 secs] [Times: user=2.05 sys=0.00, real=0.07 secs] 
2019-01-31T20:18:25.928+0000: 257648.331: Total time for which application threads were stopped: 0.0773324 seconds, Stopping threads took: 0.0002242 seconds
2019-01-31T20:18:25.933+0000: 257648.336: Application time: 0.0051034 seconds
2019-01-31T20:18:25.943+0000: 257648.346: [GC (GCLocker Initiated GC) 2019-01-31T20:18:25.992+0000: 257648.395: [SoftReference, 0 refs, 0.0000498 secs]2019-01-31T20:18:25.992+0000: 257648.395: [WeakReference, 22 refs, 0.0000157 secs]2019-01-31T20:18:25.992+0000: 257648.395: [FinalReference, 52 refs, 0.0000138 secs]2019-01-31T20:18:25.992+0000: 257648.395: [PhantomReference, 0 refs, 0 refs, 0.0000071 secs]2019-01-31T20:18:25.992+0000: 257648.395: [JNI Weak Reference, 0.0000123 secs]
Desired survivor size 458227712 bytes, new threshold 1 (max 15)
[PSYoungGen: 291384K->6509K(1455104K)] 3592063K->3576832K(5300224K), 0.0514600 secs] [Times: user=1.57 sys=0.00, real=0.06 secs] 
2019-01-31T20:18:25.995+0000: 257648.398: [Full GC (Ergonomics) 2019-01-31T20:18:26.051+0000: 257648.454: [SoftReference, 101 refs, 0.0000486 secs]2019-01-31T20:18:26.051+0000: 257648.454: [WeakReference, 23076 refs, 0.0033088 secs]2019-01-31T20:18:26.054+0000: 257648.457: [FinalReference, 1041 refs, 0.0004361 secs]2019-01-31T20:18:26.055+0000: 257648.458: [PhantomReference, 0 refs, 2805 refs, 0.0002158 secs]2019-01-31T20:18:26.055+0000: 257648.458: [JNI Weak Reference, 0.0000215 secs][PSYoungGen: 6509K->0K(1455104K)] [ParOldGen: 3570322K->1334602K(3845120K)] 3576832K->1334602K(5300224K), [Metaspace: 74531K->74531K(1118208K)], 0.3244868 secs] [Times: user=4.75 sys=0.00, real=0.32 secs] 
2019-01-31T20:18:26.320+0000: 257648.723: Total time for which application threads were stopped: 0.3869851 seconds, Stopping threads took: 0.0002602 seconds
2019-01-31T20:18:26.357+0000: 257648.760: Application time: 0.0366771 seconds
2019-01-31T20:18:26.366+0000: 257648.769: Total time for which application threads were stopped: 0.0093040 seconds, Stopping threads took: 0.0001925 seconds
2019-01-31T20:18:26.754+0000: 257649.157: Application time: 0.3882051 seconds
2019-01-31T20:18:26.765+0000: 257649.168: Total time for which application threads were stopped: 0.0104340 seconds, Stopping threads took: 0.0003774 seconds
2019-01-31T20:18:26.767+0000: 257649.170: Application time: 0.0019693 seconds
2019-01-31T20:18:26.777+0000: 257649.180: [GC (GCLocker Initiated GC) 2019-01-31T20:18:26.807+0000: 257649.210: [SoftReference, 0 refs, 0.0000437 secs]2019-01-31T20:18:26.807+0000: 257649.210: [WeakReference, 112 refs, 0.0000224 secs]2019-01-31T20:18:26.807+0000: 257649.210: [FinalReference, 4072 refs, 0.0010422 secs]2019-01-31T20:18:26.808+0000: 257649.211: [PhantomReference, 0 refs, 0 refs, 0.0000076 secs]2019-01-31T20:18:26.808+0000: 257649.211: [JNI Weak Reference, 0.0000286 secs]
Desired survivor size 457703424 bytes, new threshold 1 (max 15)
[PSYoungGen: 1027072K->272969K(1474560K)] 2362004K->1607901K(5319680K), 0.0342260 secs] [Times: user=0.95 sys=0.00, real=0.03 secs] 
2019-01-31T20:18:26.811+0000: 257649.214: Total time for which application threads were stopped: 0.0444284 seconds, Stopping threads took: 0.0002104 seconds
2019-01-31T20:18:27.215+0000: 257649.618: Application time: 0.4035143 seconds
2019-01-31T20:18:27.224+0000: 257649.627: Total time for which application threads were stopped: 0.0093646 seconds, Stopping threads took: 0.0003300 seconds
2019-01-31T20:18:27.225+0000: 257649.628: Application time: 0.0013542 seconds
2019-01-31T20:18:27.237+0000: 257649.640: [GC (GCLocker Initiated GC) 2019-01-31T20:18:27.300+0000: 257649.703: [SoftReference, 0 refs, 0.0000378 secs]2019-01-31T20:18:27.300+0000: 257649.703: [WeakReference, 92 refs, 0.0000210 secs]2019-01-31T20:18:27.300+0000: 257649.703: [FinalReference, 3271 refs, 0.0008763 secs]2019-01-31T20:18:27.301+0000: 257649.704: [PhantomReference, 0 refs, 0 refs, 0.0000085 secs]2019-01-31T20:18:27.301+0000: 257649.704: [JNI Weak Reference, 0.0000154 secs]
Desired survivor size 452460544 bytes, new threshold 1 (max 15)
[PSYoungGen: 1300041K->265655K(1463808K)] 2635232K->1829321K(5308928K), 0.0676829 secs] [Times: user=2.03 sys=0.02, real=0.07 secs] 
2019-01-31T20:18:27.305+0000: 257649.708: Total time for which application threads were stopped: 0.0792735 seconds, Stopping threads took: 0.0002208 seconds
2019-01-31T20:18:27.690+0000: 257650.093: Application time: 0.3854945 seconds
2019-01-31T20:18:27.700+0000: 257650.103: Total time for which application threads were stopped: 0.0102182 seconds, Stopping threads took: 0.0003951 seconds
2019-01-31T20:18:27.701+0000: 257650.104: Application time: 0.0009893 seconds
2019-01-31T20:18:27.710+0000: 257650.113: [GC (GCLocker Initiated GC) 2019-01-31T20:18:27.776+0000: 257650.179: [SoftReference, 0 refs, 0.0000390 secs]2019-01-31T20:18:27.776+0000: 257650.179: [WeakReference, 90 refs, 0.0000203 secs]2019-01-31T20:18:27.776+0000: 257650.179: [FinalReference, 3778 refs, 0.0009719 secs]2019-01-31T20:18:27.777+0000: 257650.180: [PhantomReference, 0 refs, 0 refs, 0.0000084 secs]2019-01-31T20:18:27.777+0000: 257650.180: [JNI Weak Reference, 0.0000145 secs]
Desired survivor size 446169088 bytes, new threshold 1 (max 15)
[PSYoungGen: 1293239K->265367K(1469440K)] 2857001K->2062047K(5314560K), 0.0705622 secs] [Times: user=2.14 sys=0.00, real=0.07 secs] 
2019-01-31T20:18:27.781+0000: 257650.184: Total time for which application threads were stopped: 0.0792264 seconds, Stopping threads took: 0.0002529 seconds
2019-01-31T20:18:28.054+0000: 257650.457: Application time: 0.2728717 seconds
2019-01-31T20:18:28.062+0000: 257650.465: Total time for which application threads were stopped: 0.0088831 seconds, Stopping threads took: 0.0004616 seconds
2019-01-31T20:18:28.192+0000: 257650.595: Application time: 0.1295991 seconds
2019-01-31T20:18:28.201+0000: 257650.604: Total time for which application threads were stopped: 0.0091659 seconds, Stopping threads took: 0.0003379 seconds
2019-01-31T20:18:28.202+0000: 257650.605: Application time: 0.0012466 seconds
2019-01-31T20:18:28.211+0000: 257650.614: [GC (GCLocker Initiated GC) 2019-01-31T20:18:28.273+0000: 257650.676: [SoftReference, 0 refs, 0.0000395 secs]2019-01-31T20:18:28.273+0000: 257650.676: [WeakReference, 78 refs, 0.0000200 secs]2019-01-31T20:18:28.273+0000: 257650.676: [FinalReference, 3600 refs, 0.0009388 secs]2019-01-31T20:18:28.274+0000: 257650.677: [PhantomReference, 0 refs, 1 refs, 0.0000087 secs]2019-01-31T20:18:28.274+0000: 257650.677: [JNI Weak Reference, 0.0000150 secs]
Desired survivor size 436731904 bytes, new threshold 1 (max 15)
[PSYoungGen: 1292951K->257333K(1462272K)] 3089790K->2274671K(5307392K), 0.0669874 secs] [Times: user=2.02 sys=0.00, real=0.07 secs] 
2019-01-31T20:18:28.278+0000: 257650.681: Total time for which application threads were stopped: 0.0755847 seconds, Stopping threads took: 0.0002683 seconds
2019-01-31T20:18:28.673+0000: 257651.076: Application time: 0.3951129 seconds
2019-01-31T20:18:28.682+0000: 257651.085: Total time for which application threads were stopped: 0.0091015 seconds, Stopping threads took: 0.0004294 seconds
2019-01-31T20:18:28.683+0000: 257651.086: Application time: 0.0008484 seconds
2019-01-31T20:18:28.691+0000: 257651.094: [GC (GCLocker Initiated GC) 2019-01-31T20:18:28.756+0000: 257651.159: [SoftReference, 0 refs, 0.0000383 secs]2019-01-31T20:18:28.756+0000: 257651.159: [WeakReference, 102 refs, 0.0000246 secs]2019-01-31T20:18:28.756+0000: 257651.159: [FinalReference, 3908 refs, 0.0010035 secs]2019-01-31T20:18:28.757+0000: 257651.160: [PhantomReference, 0 refs, 0 refs, 0.0000085 secs]2019-01-31T20:18:28.757+0000: 257651.160: [JNI Weak Reference, 0.0000232 secs]
Desired survivor size 432013312 bytes, new threshold 1 (max 15)
[PSYoungGen: 1301813K->269536K(1470976K)] 3319228K->2513690K(5316096K), 0.0688438 secs] [Times: user=2.08 sys=0.00, real=0.07 secs] 
2019-01-31T20:18:28.761+0000: 257651.164: Total time for which application threads were stopped: 0.0775010 seconds, Stopping threads took: 0.0002269 seconds
2019-01-31T20:18:29.164+0000: 257651.567: Application time: 0.4032443 seconds
2019-01-31T20:18:29.173+0000: 257651.576: Total time for which application threads were stopped: 0.0086449 seconds, Stopping threads took: 0.0002769 seconds
2019-01-31T20:18:29.174+0000: 257651.577: Application time: 0.0016640 seconds
2019-01-31T20:18:29.184+0000: 257651.587: [GC (Allocation Failure) 2019-01-31T20:18:29.251+0000: 257651.654: [SoftReference, 0 refs, 0.0000386 secs]2019-01-31T20:18:29.251+0000: 257651.654: [WeakReference, 101 refs, 0.0000239 secs]2019-01-31T20:18:29.251+0000: 257651.654: [FinalReference, 3968 refs, 0.0010195 secs]2019-01-31T20:18:29.252+0000: 257651.655: [PhantomReference, 0 refs, 0 refs, 0.0000084 secs]2019-01-31T20:18:29.252+0000: 257651.655: [JNI Weak Reference, 0.0000148 secs]
Desired survivor size 425197568 bytes, new threshold 1 (max 15)
[PSYoungGen: 1314016K->266675K(1478144K)] 3558277K->2739790K(5323264K), 0.0710249 secs] [Times: user=2.16 sys=0.00, real=0.07 secs] 
2019-01-31T20:18:29.256+0000: 257651.659: Total time for which application threads were stopped: 0.0816089 seconds, Stopping threads took: 0.0002700 seconds
2019-01-31T20:18:29.261+0000: 257651.664: Application time: 0.0048460 seconds
2019-01-31T20:18:29.271+0000: 257651.674: [GC (GCLocker Initiated GC) 2019-01-31T20:18:29.321+0000: 257651.724: [SoftReference, 0 refs, 0.0000359 secs]2019-01-31T20:18:29.321+0000: 257651.724: [WeakReference, 15 refs, 0.0000107 secs]2019-01-31T20:18:29.321+0000: 257651.724: [FinalReference, 40 refs, 0.0000098 secs]2019-01-31T20:18:29.321+0000: 257651.724: [PhantomReference, 0 refs, 0 refs, 0.0000077 secs]2019-01-31T20:18:29.321+0000: 257651.724: [JNI Weak Reference, 0.0000148 secs]
Desired survivor size 447217664 bytes, new threshold 1 (max 15)
[PSYoungGen: 283384K->5362K(1079296K)] 2756499K->2744822K(4924416K), 0.0529444 secs] [Times: user=1.56 sys=0.00, real=0.06 secs] 
2019-01-31T20:18:29.324+0000: 257651.727: Total time for which application threads were stopped: 0.0633232 seconds, Stopping threads took: 0.0003357 seconds
2019-01-31T20:18:29.743+0000: 257652.146: Application time: 0.4192493 seconds
2019-01-31T20:18:29.752+0000: 257652.155: Total time for which application threads were stopped: 0.0085783 seconds, Stopping threads took: 0.0003565 seconds
2019-01-31T20:18:29.753+0000: 257652.156: Application time: 0.0012347 seconds
2019-01-31T20:18:29.764+0000: 257652.167: [GC (GCLocker Initiated GC) 2019-01-31T20:18:29.796+0000: 257652.199: [SoftReference, 0 refs, 0.0000378 secs]2019-01-31T20:18:29.796+0000: 257652.199: [WeakReference, 102 refs, 0.0000266 secs]2019-01-31T20:18:29.796+0000: 257652.199: [FinalReference, 4066 refs, 0.0010388 secs]2019-01-31T20:18:29.797+0000: 257652.200: [PhantomReference, 0 refs, 0 refs, 0.0000084 secs]2019-01-31T20:18:29.797+0000: 257652.200: [JNI Weak Reference, 0.0000149 secs]
Desired survivor size 447741952 bytes, new threshold 1 (max 15)
[PSYoungGen: 1079026K->275072K(1484288K)] 3818589K->3017841K(5329408K), 0.0362864 secs] [Times: user=1.02 sys=0.00, real=0.04 secs] 
2019-01-31T20:18:29.800+0000: 257652.203: Total time for which application threads were stopped: 0.0472489 seconds, Stopping threads took: 0.0002582 seconds
2019-01-31T20:18:30.220+0000: 257652.623: Application time: 0.4198792 seconds
2019-01-31T20:18:30.229+0000: 257652.632: Total time for which application threads were stopped: 0.0085282 seconds, Stopping threads took: 0.0004144 seconds
2019-01-31T20:18:30.230+0000: 257652.633: Application time: 0.0011941 seconds
2019-01-31T20:18:30.239+0000: 257652.642: [GC (GCLocker Initiated GC) 2019-01-31T20:18:30.306+0000: 257652.709: [SoftReference, 0 refs, 0.0000353 secs]2019-01-31T20:18:30.306+0000: 257652.709: [WeakReference, 88 refs, 0.0000202 secs]2019-01-31T20:18:30.306+0000: 257652.709: [FinalReference, 3890 refs, 0.0010362 secs]2019-01-31T20:18:30.307+0000: 257652.710: [PhantomReference, 0 refs, 0 refs, 0.0000103 secs]2019-01-31T20:18:30.307+0000: 257652.710: [JNI Weak Reference, 0.0000188 secs]
Desired survivor size 437256192 bytes, new threshold 1 (max 15)
[PSYoungGen: 1322624K->251674K(1299456K)] 4065695K->3224998K(5144576K), 0.0701595 secs] [Times: user=2.10 sys=0.00, real=0.07 secs] 
2019-01-31T20:18:30.310+0000: 257652.713: Total time for which application threads were stopped: 0.0800859 seconds, Stopping threads took: 0.0002057 seconds
2019-01-31T20:18:30.722+0000: 257653.125: Application time: 0.4121362 seconds
2019-01-31T20:18:30.730+0000: 257653.133: Total time for which application threads were stopped: 0.0082330 seconds, Stopping threads took: 0.0003186 seconds
2019-01-31T20:18:30.732+0000: 257653.135: Application time: 0.0011176 seconds
2019-01-31T20:18:30.739+0000: 257653.142: [GC (GCLocker Initiated GC) 2019-01-31T20:18:30.800+0000: 257653.203: [SoftReference, 0 refs, 0.0000382 secs]2019-01-31T20:18:30.800+0000: 257653.203: [WeakReference, 108 refs, 0.0000218 secs]2019-01-31T20:18:30.800+0000: 257653.203: [FinalReference, 4032 refs, 0.0011393 secs]2019-01-31T20:18:30.801+0000: 257653.204: [PhantomReference, 0 refs, 0 refs, 0.0000085 secs]2019-01-31T20:18:30.801+0000: 257653.204: [JNI Weak Reference, 0.0000142 secs]
Desired survivor size 422051840 bytes, new threshold 1 (max 15)
[PSYoungGen: 1299226K->237125K(1489920K)] 4272682K->3406183K(5335040K), 0.0652903 secs] [Times: user=1.96 sys=0.00, real=0.07 secs] 
2019-01-31T20:18:30.805+0000: 257653.208: Total time for which application threads were stopped: 0.0733242 seconds, Stopping threads took: 0.0002132 seconds
2019-01-31T20:18:31.246+0000: 257653.649: Application time: 0.4414774 seconds
2019-01-31T20:18:31.256+0000: 257653.659: Total time for which application threads were stopped: 0.0092686 seconds, Stopping threads took: 0.0003119 seconds
2019-01-31T20:18:31.257+0000: 257653.660: Application time: 0.0015658 seconds
2019-01-31T20:18:31.267+0000: 257653.670: [GC (Allocation Failure) 2019-01-31T20:18:31.316+0000: 257653.719: [SoftReference, 0 refs, 0.0000328 secs]2019-01-31T20:18:31.316+0000: 257653.719: [WeakReference, 85 refs, 0.0000197 secs]2019-01-31T20:18:31.316+0000: 257653.719: [FinalReference, 3740 refs, 0.0009796 secs]2019-01-31T20:18:31.317+0000: 257653.720: [PhantomReference, 0 refs, 0 refs, 0.0000084 secs]2019-01-31T20:18:31.317+0000: 257653.720: [JNI Weak Reference, 0.0000154 secs]
Desired survivor size 413663232 bytes, new threshold 1 (max 15)
[PSYoungGen: 1300037K->161522K(1475072K)] 4469223K->3479712K(5320192K), 0.0543257 secs] [Times: user=1.58 sys=0.00, real=0.05 secs] 
2019-01-31T20:18:31.321+0000: 257653.724: Total time for which application threads were stopped: 0.0642968 seconds, Stopping threads took: 0.0003239 seconds
2019-01-31T20:18:31.322+0000: 257653.725: Application time: 0.0002365 seconds
2019-01-31T20:18:31.330+0000: 257653.733: [GC (GCLocker Initiated GC) 2019-01-31T20:18:31.359+0000: 257653.762: [SoftReference, 0 refs, 0.0000342 secs]2019-01-31T20:18:31.359+0000: 257653.762: [WeakReference, 0 refs, 0.0000066 secs]2019-01-31T20:18:31.359+0000: 257653.762: [FinalReference, 0 refs, 0.0000062 secs]2019-01-31T20:18:31.359+0000: 257653.762: [PhantomReference, 0 refs, 0 refs, 0.0000075 secs]2019-01-31T20:18:31.359+0000: 257653.762: [JNI Weak Reference, 0.0000146 secs]
Desired survivor size 432537600 bytes, new threshold 1 (max 15)
[PSYoungGen: 163231K->864K(1468416K)] 3481422K->3480834K(5313536K), 0.0321113 secs] [Times: user=0.92 sys=0.00, real=0.03 secs] 
2019-01-31T20:18:31.362+0000: 257653.765: Total time for which application threads were stopped: 0.0404072 seconds, Stopping threads took: 0.0002779 seconds
2019-01-31T20:18:31.826+0000: 257654.229: Application time: 0.4638891 seconds
2019-01-31T20:18:31.835+0000: 257654.238: Total time for which application threads were stopped: 0.0091957 seconds, Stopping threads took: 0.0003218 seconds
2019-01-31T20:18:31.837+0000: 257654.240: Application time: 0.0017771 seconds
2019-01-31T20:18:31.846+0000: 257654.249: [GC (GCLocker Initiated GC) 2019-01-31T20:18:31.870+0000: 257654.273: [SoftReference, 0 refs, 0.0000359 secs]2019-01-31T20:18:31.870+0000: 257654.273: [WeakReference, 117 refs, 0.0000214 secs]2019-01-31T20:18:31.870+0000: 257654.273: [FinalReference, 4331 refs, 0.0011182 secs]2019-01-31T20:18:31.871+0000: 257654.274: [PhantomReference, 0 refs, 0 refs, 0.0000076 secs]2019-01-31T20:18:31.871+0000: 257654.274: [JNI Weak Reference, 0.0000129 secs]
Desired survivor size 414187520 bytes, new threshold 1 (max 15)
[PSYoungGen: 1065312K->170084K(1486848K)] 4545628K->3650577K(5331968K), 0.0276657 secs] [Times: user=0.72 sys=0.01, real=0.03 secs] 
2019-01-31T20:18:31.874+0000: 257654.277: [Full GC (Ergonomics) 2019-01-31T20:18:32.073+0000: 257654.476: [SoftReference, 103 refs, 0.0000680 secs]2019-01-31T20:18:32.074+0000: 257654.477: [WeakReference, 27539 refs, 0.0037207 secs]2019-01-31T20:18:32.077+0000: 257654.480: [FinalReference, 1039 refs, 0.0006444 secs]2019-01-31T20:18:32.078+0000: 257654.481: [PhantomReference, 0 refs, 2807 refs, 0.0002061 secs]2019-01-31T20:18:32.078+0000: 257654.481: [JNI Weak Reference, 0.0000223 secs][PSYoungGen: 170084K->0K(1486848K)] [ParOldGen: 3480492K->945680K(3845120K)] 3650577K->945680K(5331968K), [Metaspace: 74531K->74531K(1118208K)], 0.3423495 secs] [Times: user=7.56 sys=0.00, real=0.34 secs] 
2019-01-31T20:18:32.217+0000: 257654.620: Total time for which application threads were stopped: 0.3800058 seconds, Stopping threads took: 0.0002438 seconds
2019-01-31T20:18:32.627+0000: 257655.030: Application time: 0.4100021 seconds
2019-01-31T20:18:32.634+0000: 257655.037: Total time for which application threads were stopped: 0.0074153 seconds, Stopping threads took: 0.0003301 seconds
2019-01-31T20:18:32.636+0000: 257655.039: Application time: 0.0015477 seconds
2019-01-31T20:18:32.643+0000: 257655.046: [GC (Allocation Failure) 2019-01-31T20:18:32.671+0000: 257655.074: [SoftReference, 0 refs, 0.0000318 secs]2019-01-31T20:18:32.671+0000: 257655.074: [WeakReference, 104 refs, 0.0000199 secs]2019-01-31T20:18:32.671+0000: 257655.074: [FinalReference, 3833 refs, 0.0010220 secs]2019-01-31T20:18:32.672+0000: 257655.075: [PhantomReference, 0 refs, 0 refs, 0.0000075 secs]2019-01-31T20:18:32.672+0000: 257655.075: [JNI Weak Reference, 0.0000128 secs]
Desired survivor size 404750336 bytes, new threshold 1 (max 15)
[PSYoungGen: 1064448K->226504K(1480704K)] 2010265K->1172322K(5325824K), 0.0315300 secs] [Times: user=0.81 sys=0.00, real=0.04 secs] 
2019-01-31T20:18:32.675+0000: 257655.078: Total time for which application threads were stopped: 0.0394381 seconds, Stopping threads took: 0.0002112 seconds
2019-01-31T20:18:32.676+0000: 257655.079: Application time: 0.0010023 seconds
2019-01-31T20:18:32.686+0000: 257655.089: [GC (GCLocker Initiated GC) 2019-01-31T20:18:32.729+0000: 257655.132: [SoftReference, 0 refs, 0.0000291 secs]2019-01-31T20:18:32.729+0000: 257655.132: [WeakReference, 15 refs, 0.0000094 secs]2019-01-31T20:18:32.729+0000: 257655.132: [FinalReference, 12 refs, 0.0000074 secs]2019-01-31T20:18:32.729+0000: 257655.132: [PhantomReference, 0 refs, 0 refs, 0.0000066 secs]2019-01-31T20:18:32.729+0000: 257655.132: [JNI Weak Reference, 0.0000123 secs]
Desired survivor size 418381824 bytes, new threshold 1 (max 15)
[PSYoungGen: 230711K->1454K(1490432K)] 1176529K->1173916K(5335552K), 0.0448355 secs] [Times: user=1.34 sys=0.00, real=0.04 secs] 
2019-01-31T20:18:32.731+0000: 257655.134: Total time for which application threads were stopped: 0.0550459 seconds, Stopping threads took: 0.0002749 seconds
2019-01-31T20:18:33.171+0000: 257655.574: Application time: 0.4393977 seconds
2019-01-31T20:18:33.178+0000: 257655.581: Total time for which application threads were stopped: 0.0075879 seconds, Stopping threads took: 0.0002856 seconds
2019-01-31T20:18:33.180+0000: 257655.583: Application time: 0.0014159 seconds
2019-01-31T20:18:33.189+0000: 257655.592: [GC (GCLocker Initiated GC) 2019-01-31T20:18:33.214+0000: 257655.617: [SoftReference, 0 refs, 0.0000307 secs]2019-01-31T20:18:33.214+0000: 257655.617: [WeakReference, 85 refs, 0.0000195 secs]2019-01-31T20:18:33.214+0000: 257655.617: [FinalReference, 4352 refs, 0.0012266 secs]2019-01-31T20:18:33.216+0000: 257655.619: [PhantomReference, 0 refs, 0 refs, 0.0000081 secs]2019-01-31T20:18:33.216+0000: 257655.619: [JNI Weak Reference, 0.0000127 secs]
Desired survivor size 408420352 bytes, new threshold 1 (max 15)
[PSYoungGen: 1096622K->213268K(1517056K)] 2269328K->1386474K(5362176K), 0.0290611 secs] [Times: user=0.79 sys=0.00, real=0.03 secs] 
2019-01-31T20:18:33.218+0000: 257655.621: Total time for which application threads were stopped: 0.0385841 seconds, Stopping threads took: 0.0002019 seconds
2019-01-31T20:18:33.674+0000: 257656.077: Application time: 0.4556836 seconds
2019-01-31T20:18:33.682+0000: 257656.085: Total time for which application threads were stopped: 0.0079182 seconds, Stopping threads took: 0.0002874 seconds
2019-01-31T20:18:33.684+0000: 257656.087: Application time: 0.0017266 seconds
2019-01-31T20:18:33.693+0000: 257656.096: [GC (GCLocker Initiated GC) 2019-01-31T20:18:33.731+0000: 257656.134: [SoftReference, 0 refs, 0.0000390 secs]2019-01-31T20:18:33.731+0000: 257656.134: [WeakReference, 96 refs, 0.0000201 secs]2019-01-31T20:18:33.731+0000: 257656.134: [FinalReference, 3649 refs, 0.0009182 secs]2019-01-31T20:18:33.732+0000: 257656.135: [PhantomReference, 0 refs, 0 refs, 0.0000072 secs]2019-01-31T20:18:33.732+0000: 257656.135: [JNI Weak Reference, 0.0000121 secs]
Desired survivor size 392691712 bytes, new threshold 1 (max 15)
[PSYoungGen: 1327892K->142768K(1257472K)] 2501203K->1429259K(5102592K), 0.0411398 secs] [Times: user=1.18 sys=0.00, real=0.04 secs] 
2019-01-31T20:18:33.735+0000: 257656.138: Total time for which application threads were stopped: 0.0510033 seconds, Stopping threads took: 0.0002166 seconds
2019-01-31T20:18:34.235+0000: 257656.638: Application time: 0.5004797 seconds
2019-01-31T20:18:34.243+0000: 257656.646: Total time for which application threads were stopped: 0.0077843 seconds, Stopping threads took: 0.0002601 seconds
2019-01-31T20:18:34.244+0000: 257656.647: Application time: 0.0012004 seconds
2019-01-31T20:18:34.254+0000: 257656.657: [GC (GCLocker Initiated GC) 2019-01-31T20:18:34.274+0000: 257656.677: [SoftReference, 0 refs, 0.0000312 secs]2019-01-31T20:18:34.274+0000: 257656.677: [WeakReference, 96 refs, 0.0000194 secs]2019-01-31T20:18:34.274+0000: 257656.677: [FinalReference, 4229 refs, 0.0011587 secs]2019-01-31T20:18:34.275+0000: 257656.678: [PhantomReference, 0 refs, 0 refs, 0.0000073 secs]2019-01-31T20:18:34.275+0000: 257656.678: [JNI Weak Reference, 0.0000126 secs]
Desired survivor size 383254528 bytes, new threshold 1 (max 15)
[PSYoungGen: 1257392K->112325K(1513472K)] 2544014K->1428851K(5358592K), 0.0236538 secs] [Times: user=0.61 sys=0.00, real=0.03 secs] 
2019-01-31T20:18:34.278+0000: 257656.681: Total time for which application threads were stopped: 0.0335612 seconds, Stopping threads took: 0.0002463 seconds
2019-01-31T20:18:34.818+0000: 257657.221: Application time: 0.5405053 seconds
2019-01-31T20:18:34.826+0000: 257657.229: Total time for which application threads were stopped: 0.0077946 seconds, Stopping threads took: 0.0002171 seconds
2019-01-31T20:18:34.827+0000: 257657.230: Application time: 0.0007915 seconds
2019-01-31T20:18:34.834+0000: 257657.237: [GC (GCLocker Initiated GC) 2019-01-31T20:18:34.851+0000: 257657.254: [SoftReference, 0 refs, 0.0000304 secs]2019-01-31T20:18:34.851+0000: 257657.254: [WeakReference, 80 refs, 0.0000188 secs]2019-01-31T20:18:34.851+0000: 257657.254: [FinalReference, 3833 refs, 0.0010115 secs]2019-01-31T20:18:34.852+0000: 257657.255: [PhantomReference, 0 refs, 0 refs, 0.0000076 secs]2019-01-31T20:18:34.852+0000: 257657.255: [JNI Weak Reference, 0.0000131 secs]
Desired survivor size 375914496 bytes, new threshold 1 (max 15)
[PSYoungGen: 1242309K->91477K(1504256K)] 2558910K->1436281K(5349376K), 0.0208298 secs] [Times: user=0.52 sys=0.00, real=0.03 secs] 
2019-01-31T20:18:34.855+0000: 257657.258: Total time for which application threads were stopped: 0.0283210 seconds, Stopping threads took: 0.0002105 seconds
2019-01-31T20:18:35.404+0000: 257657.807: Application time: 0.5484340 seconds
2019-01-31T20:18:35.411+0000: 257657.814: Total time for which application threads were stopped: 0.0072373 seconds, Stopping threads took: 0.0002416 seconds
2019-01-31T20:18:35.412+0000: 257657.815: Application time: 0.0005797 seconds
2019-01-31T20:18:35.420+0000: 257657.823: [GC (GCLocker Initiated GC) 2019-01-31T20:18:35.438+0000: 257657.841: [SoftReference, 0 refs, 0.0000590 secs]2019-01-31T20:18:35.438+0000: 257657.841: [WeakReference, 84 refs, 0.0000295 secs]2019-01-31T20:18:35.438+0000: 257657.841: [FinalReference, 3992 refs, 0.0015040 secs]2019-01-31T20:18:35.439+0000: 257657.842: [PhantomReference, 0 refs, 0 refs, 0.0000190 secs]2019-01-31T20:18:35.439+0000: 257657.842: [JNI Weak Reference, 0.0000212 secs]
Desired survivor size 368050176 bytes, new threshold 1 (max 15)
[PSYoungGen: 1221461K->89488K(1539072K)] 2566344K->1461439K(5384192K), 0.0235283 secs] [Times: user=0.46 sys=0.01, real=0.02 secs] 
2019-01-31T20:18:35.444+0000: 257657.847: Total time for which application threads were stopped: 0.0323591 seconds, Stopping threads took: 0.0001809 seconds
2019-01-31T20:18:36.120+0000: 257658.523: Application time: 0.6765511 seconds
2019-01-31T20:18:36.128+0000: 257658.531: Total time for which application threads were stopped: 0.0072659 seconds, Stopping threads took: 0.0001902 seconds
2019-01-31T20:18:36.128+0000: 257658.531: Application time: 0.0005602 seconds
2019-01-31T20:18:36.137+0000: 257658.540: [GC (GCLocker Initiated GC) 2019-01-31T20:18:36.148+0000: 257658.551: [SoftReference, 0 refs, 0.0000494 secs]2019-01-31T20:18:36.148+0000: 257658.551: [WeakReference, 70 refs, 0.0000251 secs]2019-01-31T20:18:36.148+0000: 257658.551: [FinalReference, 4821 refs, 0.0017437 secs]2019-01-31T20:18:36.150+0000: 257658.553: [PhantomReference, 0 refs, 0 refs, 0.0000156 secs]2019-01-31T20:18:36.150+0000: 257658.553: [JNI Weak Reference, 0.0000217 secs]
Desired survivor size 363331584 bytes, new threshold 1 (max 15)
[PSYoungGen: 1261456K->62000K(1531392K)] 2633657K->1446248K(5376512K), 0.0168456 secs] [Times: user=0.33 sys=0.00, real=0.01 secs] 
2019-01-31T20:18:36.154+0000: 257658.557: Total time for which application threads were stopped: 0.0258086 seconds, Stopping threads took: 0.0002178 seconds
2019-01-31T20:18:36.809+0000: 257659.212: Application time: 0.6544512 seconds
2019-01-31T20:18:36.816+0000: 257659.219: Total time for which application threads were stopped: 0.0070694 seconds, Stopping threads took: 0.0002428 seconds
2019-01-31T20:18:36.816+0000: 257659.219: Application time: 0.0005362 seconds
2019-01-31T20:18:36.823+0000: 257659.226: [GC (GCLocker Initiated GC) 2019-01-31T20:18:36.838+0000: 257659.241: [SoftReference, 0 refs, 0.0000323 secs]2019-01-31T20:18:36.838+0000: 257659.241: [WeakReference, 67 refs, 0.0000168 secs]2019-01-31T20:18:36.838+0000: 257659.241: [FinalReference, 4423 refs, 0.0009899 secs]2019-01-31T20:18:36.839+0000: 257659.242: [PhantomReference, 0 refs, 0 refs, 0.0000085 secs]2019-01-31T20:18:36.839+0000: 257659.242: [JNI Weak Reference, 0.0000134 secs]
Desired survivor size 351797248 bytes, new threshold 1 (max 15)
[PSYoungGen: 1233968K->89621K(1551360K)] 2618270K->1490874K(5396480K), 0.0186171 secs] [Times: user=0.39 sys=0.01, real=0.02 secs] 
2019-01-31T20:18:36.842+0000: 257659.245: Total time for which application threads were stopped: 0.0257403 seconds, Stopping threads took: 0.0002186 seconds
2019-01-31T20:18:37.679+0000: 257660.082: Application time: 0.8374812 seconds
2019-01-31T20:18:37.687+0000: 257660.090: Total time for which application threads were stopped: 0.0073142 seconds, Stopping threads took: 0.0001879 seconds
2019-01-31T20:18:37.687+0000: 257660.090: Application time: 0.0004666 seconds
2019-01-31T20:18:37.694+0000: 257660.097: [GC (GCLocker Initiated GC) 2019-01-31T20:18:37.707+0000: 257660.110: [SoftReference, 0 refs, 0.0000922 secs]2019-01-31T20:18:37.707+0000: 257660.110: [WeakReference, 34 refs, 0.0000326 secs]2019-01-31T20:18:37.707+0000: 257660.110: [FinalReference, 4381 refs, 0.0024262 secs]2019-01-31T20:18:37.710+0000: 257660.113: [PhantomReference, 0 refs, 0 refs, 0.0000268 secs]2019-01-31T20:18:37.710+0000: 257660.113: [JNI Weak Reference, 0.0000349 secs]
Desired survivor size 344981504 bytes, new threshold 1 (max 15)
[PSYoungGen: 1296405K->58992K(1550336K)] 2697693K->1476234K(5395456K), 0.0196504 secs] [Times: user=0.38 sys=0.00, real=0.02 secs] 
2019-01-31T20:18:37.714+0000: 257660.117: Total time for which application threads were stopped: 0.0271314 seconds, Stopping threads took: 0.0002204 seconds
2019-01-31T20:18:38.479+0000: 257660.882: Application time: 0.7646944 seconds
2019-01-31T20:18:38.486+0000: 257660.889: Total time for which application threads were stopped: 0.0067104 seconds, Stopping threads took: 0.0002083 seconds
2019-01-31T20:18:38.486+0000: 257660.889: Application time: 0.0003804 seconds
2019-01-31T20:18:38.493+0000: 257660.896: [GC (GCLocker Initiated GC) 2019-01-31T20:18:38.506+0000: 257660.909: [SoftReference, 0 refs, 0.0000461 secs]2019-01-31T20:18:38.506+0000: 257660.909: [WeakReference, 31 refs, 0.0000207 secs]2019-01-31T20:18:38.506+0000: 257660.909: [FinalReference, 3853 refs, 0.0013965 secs]2019-01-31T20:18:38.508+0000: 257660.911: [PhantomReference, 0 refs, 0 refs, 0.0000150 secs]2019-01-31T20:18:38.508+0000: 257660.911: [JNI Weak Reference, 0.0000214 secs]
Desired survivor size 338165760 bytes, new threshold 1 (max 15)
[PSYoungGen: 1265776K->53677K(1571840K)] 2683202K->1483238K(5416960K), 0.0183170 secs] [Times: user=0.32 sys=0.00, real=0.02 secs] 
2019-01-31T20:18:38.512+0000: 257660.915: Total time for which application threads were stopped: 0.0259254 seconds, Stopping threads took: 0.0002468 seconds
2019-01-31T20:18:39.323+0000: 257661.726: Application time: 0.8108060 seconds
2019-01-31T20:18:39.330+0000: 257661.733: Total time for which application threads were stopped: 0.0066897 seconds, Stopping threads took: 0.0002264 seconds
2019-01-31T20:18:39.330+0000: 257661.733: Application time: 0.0006893 seconds
2019-01-31T20:18:39.339+0000: 257661.742: [GC (GCLocker Initiated GC) 2019-01-31T20:18:39.351+0000: 257661.754: [SoftReference, 0 refs, 0.0000505 secs]2019-01-31T20:18:39.351+0000: 257661.754: [WeakReference, 35 refs, 0.0000204 secs]2019-01-31T20:18:39.351+0000: 257661.754: [FinalReference, 4462 refs, 0.0016185 secs]2019-01-31T20:18:39.352+0000: 257661.755: [PhantomReference, 0 refs, 0 refs, 0.0000150 secs]2019-01-31T20:18:39.352+0000: 257661.755: [JNI Weak Reference, 0.0000208 secs]
Desired survivor size 327155712 bytes, new threshold 1 (max 15)
[PSYoungGen: 1294253K->64945K(1570816K)] 2723867K->1504628K(5415936K), 0.0174645 secs] [Times: user=0.34 sys=0.01, real=0.02 secs] 
2019-01-31T20:18:39.357+0000: 257661.760: Total time for which application threads were stopped: 0.0263404 seconds, Stopping threads took: 0.0002164 seconds
2019-01-31T20:18:40.324+0000: 257662.727: Application time: 0.9678141 seconds
2019-01-31T20:18:40.331+0000: 257662.734: Total time for which application threads were stopped: 0.0070326 seconds, Stopping threads took: 0.0002019 seconds
2019-01-31T20:18:40.332+0000: 257662.735: Application time: 0.0006706 seconds
2019-01-31T20:18:40.341+0000: 257662.744: [GC (GCLocker Initiated GC) 2019-01-31T20:18:40.355+0000: 257662.758: [SoftReference, 0 refs, 0.0000500 secs]2019-01-31T20:18:40.356+0000: 257662.758: [WeakReference, 36 refs, 0.0000217 secs]2019-01-31T20:18:40.356+0000: 257662.759: [FinalReference, 3848 refs, 0.0014066 secs]2019-01-31T20:18:40.357+0000: 257662.760: [PhantomReference, 0 refs, 0 refs, 0.0000149 secs]2019-01-31T20:18:40.357+0000: 257662.760: [JNI Weak Reference, 0.0000211 secs]
Desired survivor size 317194240 bytes, new threshold 1 (max 15)
[PSYoungGen: 1305521K->57605K(1582080K)] 2745327K->1509103K(5427200K), 0.0197227 secs] [Times: user=0.36 sys=0.00, real=0.02 secs] 
2019-01-31T20:18:40.361+0000: 257662.764: Total time for which application threads were stopped: 0.0292100 seconds, Stopping threads took: 0.0003178 seconds
2019-01-31T20:18:41.078+0000: 257663.481: Application time: 0.7166402 seconds
2019-01-31T20:18:41.085+0000: 257663.488: Total time for which application threads were stopped: 0.0069999 seconds, Stopping threads took: 0.0002812 seconds
2019-01-31T20:18:41.085+0000: 257663.488: Application time: 0.0004396 seconds
2019-01-31T20:18:41.095+0000: 257663.498: [GC (GCLocker Initiated GC) 2019-01-31T20:18:41.113+0000: 257663.516: [SoftReference, 0 refs, 0.0000414 secs]2019-01-31T20:18:41.113+0000: 257663.516: [WeakReference, 31 refs, 0.0000211 secs]2019-01-31T20:18:41.113+0000: 257663.516: [FinalReference, 4716 refs, 0.0017504 secs]2019-01-31T20:18:41.115+0000: 257663.518: [PhantomReference, 0 refs, 0 refs, 0.0000154 secs]2019-01-31T20:18:41.115+0000: 257663.518: [JNI Weak Reference, 0.0000211 secs]
Desired survivor size 299892736 bytes, new threshold 1 (max 15)
[PSYoungGen: 1327877K->96429K(1580032K)] 2779406K->1556249K(5425152K), 0.0238963 secs] [Times: user=0.40 sys=0.00, real=0.03 secs] 
2019-01-31T20:18:41.119+0000: 257663.522: Total time for which application threads were stopped: 0.0335362 seconds, Stopping threads took: 0.0002886 seconds
2019-01-31T20:18:41.924+0000: 257664.327: Application time: 0.8048871 seconds
2019-01-31T20:18:41.931+0000: 257664.334: Total time for which application threads were stopped: 0.0068549 seconds, Stopping threads took: 0.0001953 seconds
2019-01-31T20:18:41.932+0000: 257664.335: Application time: 0.0009960 seconds
2019-01-31T20:18:41.938+0000: 257664.341: [GC (GCLocker Initiated GC) 2019-01-31T20:18:41.953+0000: 257664.356: [SoftReference, 0 refs, 0.0000419 secs]2019-01-31T20:18:41.954+0000: 257664.357: [WeakReference, 45 refs, 0.0000221 secs]2019-01-31T20:18:41.954+0000: 257664.357: [FinalReference, 4118 refs, 0.0015159 secs]2019-01-31T20:18:41.955+0000: 257664.358: [PhantomReference, 0 refs, 0 refs, 0.0000152 secs]2019-01-31T20:18:41.955+0000: 257664.358: [JNI Weak Reference, 0.0000212 secs]
Desired survivor size 288882688 bytes, new threshold 2 (max 15)
[PSYoungGen: 1366701K->66835K(1601536K)] 2826607K->1539156K(5446656K), 0.0211376 secs] [Times: user=0.35 sys=0.01, real=0.02 secs] 
2019-01-31T20:18:41.960+0000: 257664.363: Total time for which application threads were stopped: 0.0284066 seconds, Stopping threads took: 0.0001750 seconds
2019-01-31T20:18:42.762+0000: 257665.165: Application time: 0.8019337 seconds
2019-01-31T20:18:42.769+0000: 257665.172: Total time for which application threads were stopped: 0.0069327 seconds, Stopping threads took: 0.0002595 seconds
2019-01-31T20:18:42.770+0000: 257665.173: Application time: 0.0011415 seconds
2019-01-31T20:18:42.778+0000: 257665.181: [GC (GCLocker Initiated GC) 2019-01-31T20:18:42.790+0000: 257665.193: [SoftReference, 0 refs, 0.0000331 secs]2019-01-31T20:18:42.790+0000: 257665.193: [WeakReference, 53 refs, 0.0000162 secs]2019-01-31T20:18:42.790+0000: 257665.193: [FinalReference, 4878 refs, 0.0012836 secs]2019-01-31T20:18:42.792+0000: 257665.195: [PhantomReference, 0 refs, 0 refs, 0.0000085 secs]2019-01-31T20:18:42.792+0000: 257665.195: [JNI Weak Reference, 0.0000144 secs]
Desired survivor size 274202624 bytes, new threshold 3 (max 15)
[PSYoungGen: 1378067K->88536K(1593344K)] 2850649K->1561118K(5438464K), 0.0161761 secs] [Times: user=0.36 sys=0.00, real=0.01 secs] 
2019-01-31T20:18:42.795+0000: 257665.198: Total time for which application threads were stopped: 0.0248589 seconds, Stopping threads took: 0.0001838 seconds
2019-01-31T20:18:43.768+0000: 257666.171: Application time: 0.9726255 seconds
2019-01-31T20:18:43.775+0000: 257666.178: [GC (Allocation Failure) 2019-01-31T20:18:43.787+0000: 257666.190: [SoftReference, 0 refs, 0.0000386 secs]2019-01-31T20:18:43.787+0000: 257666.190: [WeakReference, 46 refs, 0.0000321 secs]2019-01-31T20:18:43.787+0000: 257666.190: [FinalReference, 5060 refs, 0.0015607 secs]2019-01-31T20:18:43.789+0000: 257666.192: [PhantomReference, 0 refs, 0 refs, 0.0000112 secs]2019-01-31T20:18:43.789+0000: 257666.192: [JNI Weak Reference, 0.0000165 secs]
Desired survivor size 260571136 bytes, new threshold 4 (max 15)
[PSYoungGen: 1399768K->86926K(1626624K)] 2872352K->1559510K(5471744K), 0.0178022 secs] [Times: user=0.33 sys=0.01, real=0.02 secs] 
2019-01-31T20:18:43.793+0000: 257666.196: Total time for which application threads were stopped: 0.0254196 seconds, Stopping threads took: 0.0001872 seconds
2019-01-31T20:18:44.683+0000: 257667.086: Application time: 0.8903098 seconds
2019-01-31T20:18:44.690+0000: 257667.093: Total time for which application threads were stopped: 0.0069990 seconds, Stopping threads took: 0.0001997 seconds
2019-01-31T20:18:44.691+0000: 257667.094: Application time: 0.0010669 seconds
2019-01-31T20:18:44.700+0000: 257667.103: [GC (Allocation Failure) 2019-01-31T20:18:44.713+0000: 257667.116: [SoftReference, 0 refs, 0.0000475 secs]2019-01-31T20:18:44.713+0000: 257667.116: [WeakReference, 29 refs, 0.0000207 secs]2019-01-31T20:18:44.713+0000: 257667.116: [FinalReference, 4508 refs, 0.0016066 secs]2019-01-31T20:18:44.715+0000: 257667.118: [PhantomReference, 0 refs, 0 refs, 0.0000151 secs]2019-01-31T20:18:44.715+0000: 257667.118: [JNI Weak Reference, 0.0000216 secs]
Desired survivor size 247463936 bytes, new threshold 5 (max 15)
[PSYoungGen: 1449870K->89241K(1617408K)] 2922784K->1562156K(5462528K), 0.0191502 secs] [Times: user=0.36 sys=0.00, real=0.02 secs] 
2019-01-31T20:18:44.719+0000: 257667.122: Total time for which application threads were stopped: 0.0279118 seconds, Stopping threads took: 0.0002261 seconds
2019-01-31T20:18:44.721+0000: 257667.123: Application time: 0.0011637 seconds
2019-01-31T20:18:44.730+0000: 257667.133: [GC (GCLocker Initiated GC) 2019-01-31T20:18:44.741+0000: 257667.144: [SoftReference, 0 refs, 0.0000330 secs]2019-01-31T20:18:44.741+0000: 257667.144: [WeakReference, 29 refs, 0.0000138 secs]2019-01-31T20:18:44.741+0000: 257667.144: [FinalReference, 124 refs, 0.0000228 secs]2019-01-31T20:18:44.741+0000: 257667.144: [PhantomReference, 0 refs, 0 refs, 0.0000076 secs]2019-01-31T20:18:44.741+0000: 257667.144: [JNI Weak Reference, 0.0000140 secs]
Desired survivor size 234881024 bytes, new threshold 4 (max 15)
[PSYoungGen: 98292K->89840K(1655296K)] 1571206K->1562755K(5500416K), 0.0144453 secs] [Times: user=0.33 sys=0.00, real=0.01 secs] 
2019-01-31T20:18:44.744+0000: 257667.147: Total time for which application threads were stopped: 0.0238888 seconds, Stopping threads took: 0.0002403 seconds
2019-01-31T20:18:45.615+0000: 257668.018: Application time: 0.8705239 seconds
2019-01-31T20:18:45.622+0000: 257668.025: Total time for which application threads were stopped: 0.0074898 seconds, Stopping threads took: 0.0002628 seconds
2019-01-31T20:18:45.623+0000: 257668.026: Application time: 0.0009630 seconds
2019-01-31T20:18:45.630+0000: 257668.033: [GC (GCLocker Initiated GC) 2019-01-31T20:18:45.645+0000: 257668.048: [SoftReference, 0 refs, 0.0000393 secs]2019-01-31T20:18:45.645+0000: 257668.048: [WeakReference, 41 refs, 0.0000199 secs]2019-01-31T20:18:45.645+0000: 257668.048: [FinalReference, 5152 refs, 0.0015609 secs]2019-01-31T20:18:45.646+0000: 257668.049: [PhantomReference, 0 refs, 0 refs, 0.0000108 secs]2019-01-31T20:18:45.647+0000: 257668.049: [JNI Weak Reference, 0.0000175 secs]
Desired survivor size 225443840 bytes, new threshold 3 (max 15)
[PSYoungGen: 1506032K->80967K(1645568K)] 2979022K->1570250K(5490688K), 0.0188066 secs] [Times: user=0.43 sys=0.00, real=0.02 secs] 
2019-01-31T20:18:45.649+0000: 257668.052: Total time for which application threads were stopped: 0.0260780 seconds, Stopping threads took: 0.0001842 seconds
2019-01-31T20:18:46.558+0000: 257668.961: Application time: 0.9083665 seconds
2019-01-31T20:18:46.565+0000: 257668.968: Total time for which application threads were stopped: 0.0070847 seconds, Stopping threads took: 0.0002114 seconds
2019-01-31T20:18:46.565+0000: 257668.968: Application time: 0.0005726 seconds
2019-01-31T20:18:46.574+0000: 257668.977: [GC (GCLocker Initiated GC) 2019-01-31T20:18:47.064+0000: 257669.467: [SoftReference, 0 refs, 0.0000430 secs]2019-01-31T20:18:47.064+0000: 257669.467: [WeakReference, 35 refs, 0.0000278 secs]2019-01-31T20:18:47.064+0000: 257669.467: [FinalReference, 5051 refs, 0.0016852 secs]2019-01-31T20:18:47.066+0000: 257669.469: [PhantomReference, 0 refs, 0 refs, 0.0000123 secs]2019-01-31T20:18:47.066+0000: 257669.469: [JNI Weak Reference, 0.0000184 secs]
Desired survivor size 213385216 bytes, new threshold 2 (max 15)
[PSYoungGen: 1497159K->99284K(1680896K)] 2986487K->1596497K(5526016K), 0.4955704 secs] [Times: user=0.42 sys=0.00, real=0.50 secs] 
2019-01-31T20:18:47.070+0000: 257669.473: Total time for which application threads were stopped: 0.5043038 seconds, Stopping threads took: 0.0002251 seconds
2019-01-31T20:18:47.728+0000: 257670.131: Application time: 0.6580636 seconds
2019-01-31T20:18:47.735+0000: 257670.138: Total time for which application threads were stopped: 0.0072527 seconds, Stopping threads took: 0.0002145 seconds
2019-01-31T20:18:47.736+0000: 257670.139: Application time: 0.0006711 seconds
2019-01-31T20:18:47.744+0000: 257670.147: [GC (GCLocker Initiated GC) 2019-01-31T20:18:47.760+0000: 257670.163: [SoftReference, 0 refs, 0.0000477 secs]2019-01-31T20:18:47.760+0000: 257670.163: [WeakReference, 84 refs, 0.0000267 secs]2019-01-31T20:18:47.760+0000: 257670.163: [FinalReference, 4998 refs, 0.0014386 secs]2019-01-31T20:18:47.761+0000: 257670.164: [PhantomReference, 0 refs, 0 refs, 0.0000084 secs]2019-01-31T20:18:47.761+0000: 257670.164: [JNI Weak Reference, 0.0000133 secs]
Desired survivor size 205520896 bytes, new threshold 1 (max 15)
[PSYoungGen: 1564628K->107652K(1673728K)] 3061914K->1611778K(5518848K), 0.0202954 secs] [Times: user=0.45 sys=0.01, real=0.02 secs] 
2019-01-31T20:18:47.765+0000: 257670.168: Total time for which application threads were stopped: 0.0289417 seconds, Stopping threads took: 0.0002117 seconds
2019-01-31T20:18:48.595+0000: 257670.998: Application time: 0.8298788 seconds
2019-01-31T20:18:48.602+0000: 257671.005: Total time for which application threads were stopped: 0.0072866 seconds, Stopping threads took: 0.0002650 seconds
2019-01-31T20:18:48.602+0000: 257671.005: Application time: 0.0003985 seconds
2019-01-31T20:18:48.611+0000: 257671.014: [GC (GCLocker Initiated GC) 2019-01-31T20:18:48.626+0000: 257671.029: [SoftReference, 0 refs, 0.0000336 secs]2019-01-31T20:18:48.626+0000: 257671.029: [WeakReference, 69 refs, 0.0000217 secs]2019-01-31T20:18:48.626+0000: 257671.029: [FinalReference, 5379 refs, 0.0014852 secs]2019-01-31T20:18:48.627+0000: 257671.030: [PhantomReference, 0 refs, 0 refs, 0.0000107 secs]2019-01-31T20:18:48.627+0000: 257671.030: [JNI Weak Reference, 0.0000139 secs]
Desired survivor size 201326592 bytes, new threshold 1 (max 15)
[PSYoungGen: 1572996K->62102K(1702912K)] 3077202K->1589763K(5548032K), 0.0197545 secs] [Times: user=0.37 sys=0.00, real=0.02 secs] 
2019-01-31T20:18:48.631+0000: 257671.034: Total time for which application threads were stopped: 0.0285600 seconds, Stopping threads took: 0.0002161 seconds
2019-01-31T20:18:49.480+0000: 257671.883: Application time: 0.8492530 seconds
2019-01-31T20:18:49.488+0000: 257671.891: Total time for which application threads were stopped: 0.0075953 seconds, Stopping threads took: 0.0002659 seconds
2019-01-31T20:18:49.489+0000: 257671.892: Application time: 0.0009804 seconds
2019-01-31T20:18:49.497+0000: 257671.900: [GC (GCLocker Initiated GC) 2019-01-31T20:18:49.510+0000: 257671.913: [SoftReference, 0 refs, 0.0000379 secs]2019-01-31T20:18:49.510+0000: 257671.913: [WeakReference, 106 refs, 0.0000210 secs]2019-01-31T20:18:49.510+0000: 257671.913: [FinalReference, 5016 refs, 0.0013903 secs]2019-01-31T20:18:49.511+0000: 257671.914: [PhantomReference, 0 refs, 0 refs, 0.0000110 secs]2019-01-31T20:18:49.511+0000: 257671.914: [JNI Weak Reference, 0.0000145 secs]
Desired survivor size 192937984 bytes, new threshold 1 (max 15)
[PSYoungGen: 1564310K->84884K(1698816K)] 3092228K->1622139K(5543936K), 0.0167602 secs] [Times: user=0.38 sys=0.00, real=0.01 secs] 
2019-01-31T20:18:49.515+0000: 257671.918: Total time for which application threads were stopped: 0.0258371 seconds, Stopping threads took: 0.0002727 seconds
2019-01-31T20:18:50.399+0000: 257672.802: Application time: 0.8843296 seconds
2019-01-31T20:18:50.406+0000: 257672.809: Total time for which application threads were stopped: 0.0068780 seconds, Stopping threads took: 0.0002547 seconds
2019-01-31T20:18:50.407+0000: 257672.810: Application time: 0.0007888 seconds
2019-01-31T20:18:50.413+0000: 257672.816: [GC (GCLocker Initiated GC) 2019-01-31T20:18:50.429+0000: 257672.832: [SoftReference, 0 refs, 0.0000434 secs]2019-01-31T20:18:50.429+0000: 257672.832: [WeakReference, 72 refs, 0.0000247 secs]2019-01-31T20:18:50.429+0000: 257672.832: [FinalReference, 5097 refs, 0.0016913 secs]2019-01-31T20:18:50.431+0000: 257672.834: [PhantomReference, 0 refs, 0 refs, 0.0000127 secs]2019-01-31T20:18:50.431+0000: 257672.834: [JNI Weak Reference, 0.0000193 secs]
Desired survivor size 188743680 bytes, new threshold 1 (max 15)
[PSYoungGen: 1587092K->64754K(1717248K)] 3124410K->1617093K(5562368K), 0.0207781 secs] [Times: user=0.35 sys=0.01, real=0.02 secs] 
2019-01-31T20:18:50.435+0000: 257672.838: Total time for which application threads were stopped: 0.0280813 seconds, Stopping threads took: 0.0002007 seconds
2019-01-31T20:18:51.412+0000: 257673.815: Application time: 0.9769410 seconds
2019-01-31T20:18:51.419+0000: 257673.822: Total time for which application threads were stopped: 0.0073454 seconds, Stopping threads took: 0.0002374 seconds
2019-01-31T20:18:51.419+0000: 257673.822: Application time: 0.0003178 seconds
2019-01-31T20:18:51.427+0000: 257673.830: [GC (GCLocker Initiated GC) 2019-01-31T20:18:51.442+0000: 257673.845: [SoftReference, 0 refs, 0.0000301 secs]2019-01-31T20:18:51.442+0000: 257673.845: [WeakReference, 102 refs, 0.0000211 secs]2019-01-31T20:18:51.442+0000: 257673.845: [FinalReference, 4906 refs, 0.0017516 secs]2019-01-31T20:18:51.443+0000: 257673.846: [PhantomReference, 0 refs, 0 refs, 0.0000164 secs]2019-01-31T20:18:51.443+0000: 257673.846: [JNI Weak Reference, 0.0000211 secs]
Desired survivor size 181403648 bytes, new threshold 1 (max 15)
[PSYoungGen: 1593586K->78432K(1713152K)] 3145957K->1643471K(5558272K), 0.0189248 secs] [Times: user=0.39 sys=0.00, real=0.01 secs] 
2019-01-31T20:18:51.447+0000: 257673.850: Total time for which application threads were stopped: 0.0274863 seconds, Stopping threads took: 0.0001951 seconds
2019-01-31T20:18:52.320+0000: 257674.723: Application time: 0.8730159 seconds
2019-01-31T20:18:52.328+0000: 257674.731: Total time for which application threads were stopped: 0.0080756 seconds, Stopping threads took: 0.0002457 seconds
2019-01-31T20:18:52.329+0000: 257674.732: Application time: 0.0009471 seconds
2019-01-31T20:18:52.339+0000: 257674.742: [GC (GCLocker Initiated GC) 2019-01-31T20:18:52.354+0000: 257674.757: [SoftReference, 0 refs, 0.0000393 secs]2019-01-31T20:18:52.354+0000: 257674.757: [WeakReference, 134 refs, 0.0000276 secs]2019-01-31T20:18:52.354+0000: 257674.757: [FinalReference, 5497 refs, 0.0015881 secs]2019-01-31T20:18:52.356+0000: 257674.759: [PhantomReference, 0 refs, 0 refs, 0.0000092 secs]2019-01-31T20:18:52.356+0000: 257674.759: [JNI Weak Reference, 0.0000160 secs]
Desired survivor size 174587904 bytes, new threshold 1 (max 15)
[PSYoungGen: 1607264K->96015K(1731072K)] 3172591K->1670182K(5576192K), 0.0201729 secs] [Times: user=0.45 sys=0.01, real=0.02 secs] 
2019-01-31T20:18:52.359+0000: 257674.762: Total time for which application threads were stopped: 0.0303937 seconds, Stopping threads took: 0.0002876 seconds
2019-01-31T20:18:53.336+0000: 257675.739: Application time: 0.9766732 seconds
2019-01-31T20:18:53.345+0000: 257675.748: Total time for which application threads were stopped: 0.0096070 seconds, Stopping threads took: 0.0002859 seconds
2019-01-31T20:18:53.346+0000: 257675.749: Application time: 0.0008384 seconds
2019-01-31T20:18:53.355+0000: 257675.758: [GC (GCLocker Initiated GC) 2019-01-31T20:18:53.375+0000: 257675.778: [SoftReference, 0 refs, 0.0000415 secs]2019-01-31T20:18:53.375+0000: 257675.778: [WeakReference, 184 refs, 0.0000324 secs]2019-01-31T20:18:53.375+0000: 257675.778: [FinalReference, 5512 refs, 0.0015462 secs]2019-01-31T20:18:53.377+0000: 257675.780: [PhantomReference, 0 refs, 0 refs, 0.0000090 secs]2019-01-31T20:18:53.377+0000: 257675.780: [JNI Weak Reference, 0.0000168 secs]
Desired survivor size 167247872 bytes, new threshold 2 (max 15)
[PSYoungGen: 1651983K->88245K(1726464K)] 3226207K->1688091K(5571584K), 0.0247753 secs] [Times: user=0.47 sys=0.01, real=0.03 secs] 
2019-01-31T20:18:53.381+0000: 257675.784: Total time for which application threads were stopped: 0.0342804 seconds, Stopping threads took: 0.0002398 seconds
2019-01-31T20:18:54.268+0000: 257676.671: Application time: 0.8869603 seconds
2019-01-31T20:18:54.277+0000: 257676.680: Total time for which application threads were stopped: 0.0089545 seconds, Stopping threads took: 0.0002521 seconds
2019-01-31T20:18:54.277+0000: 257676.680: Application time: 0.0007867 seconds
2019-01-31T20:18:54.286+0000: 257676.689: [GC (GCLocker Initiated GC) 2019-01-31T20:18:54.303+0000: 257676.706: [SoftReference, 0 refs, 0.0000376 secs]2019-01-31T20:18:54.303+0000: 257676.706: [WeakReference, 221 refs, 0.0000400 secs]2019-01-31T20:18:54.303+0000: 257676.706: [FinalReference, 5603 refs, 0.0015650 secs]2019-01-31T20:18:54.305+0000: 257676.708: [PhantomReference, 0 refs, 0 refs, 0.0000108 secs]2019-01-31T20:18:54.305+0000: 257676.708: [JNI Weak Reference, 0.0000157 secs]
Desired survivor size 164626432 bytes, new threshold 3 (max 15)
[PSYoungGen: 1644213K->102981K(1742336K)] 3244148K->1702916K(5587456K), 0.0219975 secs] [Times: user=0.42 sys=0.00, real=0.03 secs] 
2019-01-31T20:18:54.308+0000: 257676.711: Total time for which application threads were stopped: 0.0311541 seconds, Stopping threads took: 0.0002861 seconds
2019-01-31T20:18:55.200+0000: 257677.603: Application time: 0.8912997 seconds
2019-01-31T20:18:55.208+0000: 257677.611: Total time for which application threads were stopped: 0.0087106 seconds, Stopping threads took: 0.0002239 seconds
2019-01-31T20:18:55.210+0000: 257677.613: Application time: 0.0011444 seconds
2019-01-31T20:18:55.217+0000: 257677.620: [GC (GCLocker Initiated GC) 2019-01-31T20:18:55.234+0000: 257677.637: [SoftReference, 0 refs, 0.0000383 secs]2019-01-31T20:18:55.234+0000: 257677.637: [WeakReference, 190 refs, 0.0000338 secs]2019-01-31T20:18:55.234+0000: 257677.637: [FinalReference, 5637 refs, 0.0015472 secs]2019-01-31T20:18:55.236+0000: 257677.639: [PhantomReference, 0 refs, 0 refs, 0.0000075 secs]2019-01-31T20:18:55.236+0000: 257677.639: [JNI Weak Reference, 0.0000149 secs]
Desired survivor size 171966464 bytes, new threshold 4 (max 15)
[PSYoungGen: 1681989K->130268K(1739776K)] 3282042K->1730321K(5584896K), 0.0219130 secs] [Times: user=0.49 sys=0.00, real=0.03 secs] 
2019-01-31T20:18:55.239+0000: 257677.642: Total time for which application threads were stopped: 0.0297707 seconds, Stopping threads took: 0.0002329 seconds
2019-01-31T20:18:56.085+0000: 257678.488: Application time: 0.8453205 seconds
2019-01-31T20:18:56.094+0000: 257678.497: Total time for which application threads were stopped: 0.0091218 seconds, Stopping threads took: 0.0003098 seconds
2019-01-31T20:18:56.095+0000: 257678.498: Application time: 0.0016298 seconds
2019-01-31T20:18:56.104+0000: 257678.507: [GC (GCLocker Initiated GC) 2019-01-31T20:18:56.120+0000: 257678.523: [SoftReference, 0 refs, 0.0000517 secs]2019-01-31T20:18:56.120+0000: 257678.523: [WeakReference, 88 refs, 0.0000325 secs]2019-01-31T20:18:56.120+0000: 257678.523: [FinalReference, 5637 refs, 0.0020302 secs]2019-01-31T20:18:56.122+0000: 257678.525: [PhantomReference, 0 refs, 0 refs, 0.0000153 secs]2019-01-31T20:18:56.122+0000: 257678.525: [JNI Weak Reference, 0.0000365 secs]
Desired survivor size 174587904 bytes, new threshold 5 (max 15)
[PSYoungGen: 1709276K->121841K(1748992K)] 3309435K->1722000K(5594112K), 0.0223544 secs] [Times: user=0.49 sys=0.00, real=0.02 secs] 
2019-01-31T20:18:56.127+0000: 257678.530: Total time for which application threads were stopped: 0.0312061 seconds, Stopping threads took: 0.0002753 seconds
2019-01-31T20:18:56.869+0000: 257679.272: Application time: 0.7423641 seconds
2019-01-31T20:18:56.877+0000: 257679.280: Total time for which application threads were stopped: 0.0076388 seconds, Stopping threads took: 0.0002293 seconds
2019-01-31T20:18:56.878+0000: 257679.281: Application time: 0.0011320 seconds
2019-01-31T20:18:56.887+0000: 257679.290: [GC (GCLocker Initiated GC) 2019-01-31T20:18:56.905+0000: 257679.308: [SoftReference, 0 refs, 0.0000393 secs]2019-01-31T20:18:56.905+0000: 257679.308: [WeakReference, 84 refs, 0.0000229 secs]2019-01-31T20:18:56.905+0000: 257679.308: [FinalReference, 5956 refs, 0.0016640 secs]2019-01-31T20:18:56.907+0000: 257679.310: [PhantomReference, 0 refs, 0 refs, 0.0000114 secs]2019-01-31T20:18:56.907+0000: 257679.310: [JNI Weak Reference, 0.0000164 secs]
Desired survivor size 185073664 bytes, new threshold 6 (max 15)
[PSYoungGen: 1702897K->145439K(1726976K)] 3303151K->1745693K(5572096K), 0.0231116 secs] [Times: user=0.55 sys=0.00, real=0.03 secs] 
2019-01-31T20:18:56.910+0000: 257679.313: Total time for which application threads were stopped: 0.0325576 seconds, Stopping threads took: 0.0002291 seconds
2019-01-31T20:18:57.576+0000: 257679.979: Application time: 0.6656470 seconds
2019-01-31T20:18:57.584+0000: 257679.987: Total time for which application threads were stopped: 0.0082397 seconds, Stopping threads took: 0.0003621 seconds
2019-01-31T20:18:57.586+0000: 257679.989: Application time: 0.0018856 seconds
2019-01-31T20:18:57.595+0000: 257679.998: [GC (GCLocker Initiated GC) 2019-01-31T20:18:57.630+0000: 257680.033: [SoftReference, 0 refs, 0.0000360 secs]2019-01-31T20:18:57.630+0000: 257680.033: [WeakReference, 61 refs, 0.0000173 secs]2019-01-31T20:18:57.631+0000: 257680.033: [FinalReference, 5435 refs, 0.0015175 secs]2019-01-31T20:18:57.632+0000: 257680.035: [PhantomReference, 0 refs, 0 refs, 0.0000109 secs]2019-01-31T20:18:57.632+0000: 257680.035: [JNI Weak Reference, 0.0000159 secs]
Desired survivor size 228065280 bytes, new threshold 5 (max 15)
[PSYoungGen: 1726495K->180734K(1657344K)] 3327114K->1838065K(5502464K), 0.0399659 secs] [Times: user=0.91 sys=0.20, real=0.04 secs] 
2019-01-31T20:18:57.636+0000: 257680.039: Total time for which application threads were stopped: 0.0497136 seconds, Stopping threads took: 0.0002725 seconds
2019-01-31T20:18:58.238+0000: 257680.641: Application time: 0.6018545 seconds
2019-01-31T20:18:58.247+0000: 257680.650: Total time for which application threads were stopped: 0.0089719 seconds, Stopping threads took: 0.0003491 seconds
2019-01-31T20:18:58.248+0000: 257680.651: Application time: 0.0016665 seconds
2019-01-31T20:18:58.258+0000: 257680.661: [GC (GCLocker Initiated GC) 2019-01-31T20:18:58.300+0000: 257680.703: [SoftReference, 0 refs, 0.0000344 secs]2019-01-31T20:18:58.300+0000: 257680.703: [WeakReference, 86 refs, 0.0000203 secs]2019-01-31T20:18:58.300+0000: 257680.703: [FinalReference, 5989 refs, 0.0016179 secs]2019-01-31T20:18:58.302+0000: 257680.705: [PhantomReference, 0 refs, 0 refs, 0.0000086 secs]2019-01-31T20:18:58.302+0000: 257680.705: [JNI Weak Reference, 0.0000160 secs]
Desired survivor size 300417024 bytes, new threshold 4 (max 15)
[PSYoungGen: 1657342K->222705K(1699328K)] 3314936K->1993985K(5544448K), 0.0469331 secs] [Times: user=1.33 sys=0.00, real=0.05 secs] 
2019-01-31T20:18:58.305+0000: 257680.708: Total time for which application threads were stopped: 0.0565773 seconds, Stopping threads took: 0.0003383 seconds
2019-01-31T20:18:58.917+0000: 257681.320: Application time: 0.6119722 seconds
2019-01-31T20:18:58.925+0000: 257681.328: Total time for which application threads were stopped: 0.0079996 seconds, Stopping threads took: 0.0003018 seconds
2019-01-31T20:18:58.927+0000: 257681.330: Application time: 0.0021620 seconds
2019-01-31T20:18:58.935+0000: 257681.338: [GC (GCLocker Initiated GC) 2019-01-31T20:18:58.983+0000: 257681.386: [SoftReference, 0 refs, 0.0000397 secs]2019-01-31T20:18:58.983+0000: 257681.386: [WeakReference, 125 refs, 0.0000232 secs]2019-01-31T20:18:58.983+0000: 257681.386: [FinalReference, 5749 refs, 0.0015753 secs]2019-01-31T20:18:58.984+0000: 257681.387: [PhantomReference, 0 refs, 0 refs, 0.0000109 secs]2019-01-31T20:18:58.985+0000: 257681.388: [JNI Weak Reference, 0.0000156 secs]
Desired survivor size 372768768 bytes, new threshold 3 (max 15)
[PSYoungGen: 1699313K->222696K(1416704K)] 3470759K->2141999K(5261824K), 0.0527449 secs] [Times: user=1.51 sys=0.01, real=0.05 secs] 
2019-01-31T20:18:58.988+0000: 257681.391: Total time for which application threads were stopped: 0.0607176 seconds, Stopping threads took: 0.0002987 seconds
2019-01-31T20:18:59.476+0000: 257681.879: Application time: 0.4879677 seconds
2019-01-31T20:18:59.484+0000: 257681.887: Total time for which application threads were stopped: 0.0085959 seconds, Stopping threads took: 0.0004015 seconds
2019-01-31T20:18:59.488+0000: 257681.891: Application time: 0.0030790 seconds
2019-01-31T20:18:59.496+0000: 257681.899: [GC (GCLocker Initiated GC) 2019-01-31T20:18:59.552+0000: 257681.955: [SoftReference, 0 refs, 0.0000362 secs]2019-01-31T20:18:59.552+0000: 257681.955: [WeakReference, 125 refs, 0.0000266 secs]2019-01-31T20:18:59.552+0000: 257681.955: [FinalReference, 4212 refs, 0.0011327 secs]2019-01-31T20:18:59.553+0000: 257681.956: [PhantomReference, 0 refs, 0 refs, 0.0000088 secs]2019-01-31T20:18:59.553+0000: 257681.956: [JNI Weak Reference, 0.0000151 secs]
Desired survivor size 470810624 bytes, new threshold 2 (max 15)
[PSYoungGen: 1416680K->364007K(1558016K)] 3336431K->2394600K(5403136K), 0.0607984 secs] [Times: user=1.81 sys=0.01, real=0.06 secs] 
2019-01-31T20:18:59.557+0000: 257681.960: Total time for which application threads were stopped: 0.0692488 seconds, Stopping threads took: 0.0002646 seconds
2019-01-31T20:19:00.030+0000: 257682.433: Application time: 0.4736910 seconds
2019-01-31T20:19:00.041+0000: 257682.444: Total time for which application threads were stopped: 0.0108813 seconds, Stopping threads took: 0.0002599 seconds
2019-01-31T20:19:00.042+0000: 257682.445: Application time: 0.0010559 seconds
2019-01-31T20:19:00.050+0000: 257682.453: [GC (GCLocker Initiated GC) 2019-01-31T20:19:00.127+0000: 257682.530: [SoftReference, 0 refs, 0.0000480 secs]2019-01-31T20:19:00.127+0000: 257682.530: [WeakReference, 109 refs, 0.0000215 secs]2019-01-31T20:19:00.127+0000: 257682.530: [FinalReference, 4855 refs, 0.0013138 secs]2019-01-31T20:19:00.128+0000: 257682.531: [PhantomReference, 0 refs, 0 refs, 0.0000092 secs]2019-01-31T20:19:00.128+0000: 257682.531: [JNI Weak Reference, 0.0000150 secs]
Desired survivor size 596639744 bytes, new threshold 1 (max 15)
[PSYoungGen: 1557991K->364015K(1120768K)] 3588686K->2628513K(4965888K), 0.0806236 secs] [Times: user=2.45 sys=0.01, real=0.08 secs] 
2019-01-31T20:19:00.131+0000: 257682.534: Total time for which application threads were stopped: 0.0889373 seconds, Stopping threads took: 0.0002038 seconds
2019-01-31T20:19:00.432+0000: 257682.835: Application time: 0.3005013 seconds
2019-01-31T20:19:00.440+0000: 257682.843: Total time for which application threads were stopped: 0.0084499 seconds, Stopping threads took: 0.0002822 seconds
2019-01-31T20:19:00.442+0000: 257682.845: Application time: 0.0013776 seconds
2019-01-31T20:19:00.452+0000: 257682.855: [GC (GCLocker Initiated GC) 2019-01-31T20:19:00.536+0000: 257682.939: [SoftReference, 0 refs, 0.0000414 secs]2019-01-31T20:19:00.536+0000: 257682.939: [WeakReference, 46 refs, 0.0000132 secs]2019-01-31T20:19:00.536+0000: 257682.939: [FinalReference, 3206 refs, 0.0008389 secs]2019-01-31T20:19:00.537+0000: 257682.940: [PhantomReference, 0 refs, 0 refs, 0.0000086 secs]2019-01-31T20:19:00.537+0000: 257682.940: [JNI Weak Reference, 0.0000146 secs]
Desired survivor size 566755328 bytes, new threshold 1 (max 15)
[PSYoungGen: 1120751K->198918K(1339392K)] 3385408K->2788200K(5184512K), 0.0872942 secs] [Times: user=2.72 sys=0.00, real=0.09 secs] 
2019-01-31T20:19:00.540+0000: 257682.943: Total time for which application threads were stopped: 0.0982447 seconds, Stopping threads took: 0.0001837 seconds
2019-01-31T20:19:00.838+0000: 257683.241: Application time: 0.2984004 seconds
2019-01-31T20:19:00.849+0000: 257683.252: Total time for which application threads were stopped: 0.0108051 seconds, Stopping threads took: 0.0003449 seconds
2019-01-31T20:19:00.851+0000: 257683.254: Application time: 0.0013748 seconds
2019-01-31T20:19:00.861+0000: 257683.264: [GC (GCLocker Initiated GC) 2019-01-31T20:19:00.915+0000: 257683.318: [SoftReference, 0 refs, 0.0000479 secs]2019-01-31T20:19:00.915+0000: 257683.318: [WeakReference, 41 refs, 0.0000134 secs]2019-01-31T20:19:00.915+0000: 257683.318: [FinalReference, 3152 refs, 0.0008117 secs]2019-01-31T20:19:00.916+0000: 257683.319: [PhantomReference, 0 refs, 0 refs, 0.0000084 secs]2019-01-31T20:19:00.916+0000: 257683.319: [JNI Weak Reference, 0.0000183 secs]
Desired survivor size 539492352 bytes, new threshold 1 (max 15)
[PSYoungGen: 955654K->198913K(1256960K)] 3545066K->2958687K(5102080K), 0.0670165 secs] [Times: user=1.65 sys=0.01, real=0.06 secs] 
2019-01-31T20:19:00.929+0000: 257683.332: Total time for which application threads were stopped: 0.0781636 seconds, Stopping threads took: 0.0002115 seconds
2019-01-31T20:19:01.236+0000: 257683.639: Application time: 0.3074537 seconds
2019-01-31T20:19:01.247+0000: 257683.650: Total time for which application threads were stopped: 0.0112665 seconds, Stopping threads took: 0.0002888 seconds
2019-01-31T20:19:01.250+0000: 257683.653: Application time: 0.0025518 seconds
2019-01-31T20:19:01.261+0000: 257683.664: [GC (GCLocker Initiated GC) 2019-01-31T20:19:01.313+0000: 257683.716: [SoftReference, 0 refs, 0.0000467 secs]2019-01-31T20:19:01.313+0000: 257683.716: [WeakReference, 63 refs, 0.0000153 secs]2019-01-31T20:19:01.313+0000: 257683.716: [FinalReference, 3026 refs, 0.0007684 secs]2019-01-31T20:19:01.314+0000: 257683.717: [PhantomReference, 0 refs, 0 refs, 0.0000084 secs]2019-01-31T20:19:01.314+0000: 257683.717: [JNI Weak Reference, 0.0000150 secs]
Desired survivor size 512753664 bytes, new threshold 1 (max 15)
[PSYoungGen: 984833K->203212K(1312768K)] 3744777K->3135993K(5157888K), 0.0561757 secs] [Times: user=1.66 sys=0.00, real=0.05 secs] 
2019-01-31T20:19:01.318+0000: 257683.721: Total time for which application threads were stopped: 0.0676403 seconds, Stopping threads took: 0.0002279 seconds
2019-01-31T20:19:01.625+0000: 257684.028: Application time: 0.3071454 seconds
2019-01-31T20:19:01.634+0000: 257684.037: Total time for which application threads were stopped: 0.0091809 seconds, Stopping threads took: 0.0004121 seconds
2019-01-31T20:19:01.637+0000: 257684.040: Application time: 0.0031571 seconds
2019-01-31T20:19:01.646+0000: 257684.049: [GC (GCLocker Initiated GC) 2019-01-31T20:19:01.700+0000: 257684.103: [SoftReference, 0 refs, 0.0000472 secs]2019-01-31T20:19:01.700+0000: 257684.103: [WeakReference, 84 refs, 0.0000189 secs]2019-01-31T20:19:01.700+0000: 257684.103: [FinalReference, 2730 refs, 0.0007122 secs]2019-01-31T20:19:01.701+0000: 257684.104: [PhantomReference, 0 refs, 0 refs, 0.0000090 secs]2019-01-31T20:19:01.701+0000: 257684.104: [JNI Weak Reference, 0.0000150 secs]
Desired survivor size 486539264 bytes, new threshold 1 (max 15)
[PSYoungGen: 989132K->212623K(1329664K)] 3922413K->3327738K(5174784K), 0.0572521 secs] [Times: user=1.70 sys=0.00, real=0.06 secs] 
2019-01-31T20:19:01.704+0000: 257684.107: Total time for which application threads were stopped: 0.0670276 seconds, Stopping threads took: 0.0003095 seconds
2019-01-31T20:19:02.073+0000: 257684.476: Application time: 0.3683726 seconds
2019-01-31T20:19:02.082+0000: 257684.485: Total time for which application threads were stopped: 0.0091017 seconds, Stopping threads took: 0.0003567 seconds
2019-01-31T20:19:02.083+0000: 257684.486: Application time: 0.0015903 seconds
2019-01-31T20:19:02.092+0000: 257684.495: [GC (GCLocker Initiated GC) 2019-01-31T20:19:02.150+0000: 257684.553: [SoftReference, 0 refs, 0.0000381 secs]2019-01-31T20:19:02.150+0000: 257684.553: [WeakReference, 112 refs, 0.0000219 secs]2019-01-31T20:19:02.150+0000: 257684.553: [FinalReference, 3758 refs, 0.0009687 secs]2019-01-31T20:19:02.151+0000: 257684.554: [PhantomReference, 0 refs, 0 refs, 0.0000084 secs]2019-01-31T20:19:02.151+0000: 257684.554: [JNI Weak Reference, 0.0000152 secs]
Desired survivor size 470810624 bytes, new threshold 1 (max 15)
[PSYoungGen: 1107087K->249425K(1369600K)] 4222545K->3551768K(5214720K), 0.0616139 secs] [Times: user=1.79 sys=0.00, real=0.06 secs] 
2019-01-31T20:19:02.154+0000: 257684.557: Total time for which application threads were stopped: 0.0708232 seconds, Stopping threads took: 0.0001596 seconds
2019-01-31T20:19:02.508+0000: 257684.911: Application time: 0.3542899 seconds
2019-01-31T20:19:02.519+0000: 257684.922: Total time for which application threads were stopped: 0.0102930 seconds, Stopping threads took: 0.0003396 seconds
2019-01-31T20:19:02.520+0000: 257684.923: Application time: 0.0013367 seconds
2019-01-31T20:19:02.531+0000: 257684.934: [GC (GCLocker Initiated GC) 2019-01-31T20:19:02.590+0000: 257684.993: [SoftReference, 0 refs, 0.0000395 secs]2019-01-31T20:19:02.590+0000: 257684.993: [WeakReference, 91 refs, 0.0000201 secs]2019-01-31T20:19:02.590+0000: 257684.993: [FinalReference, 3930 refs, 0.0010264 secs]2019-01-31T20:19:02.591+0000: 257684.994: [PhantomReference, 0 refs, 0 refs, 0.0000090 secs]2019-01-31T20:19:02.591+0000: 257684.994: [JNI Weak Reference, 0.0000145 secs]
Desired survivor size 451411968 bytes, new threshold 1 (max 15)
[PSYoungGen: 1143889K->238868K(1393664K)] 4446361K->3750611K(5238784K), 0.0628722 secs] [Times: user=1.89 sys=0.00, real=0.06 secs] 
2019-01-31T20:19:02.595+0000: 257684.998: [Full GC (Ergonomics) 2019-01-31T20:19:02.804+0000: 257685.207: [SoftReference, 99 refs, 0.0000565 secs]2019-01-31T20:19:02.804+0000: 257685.207: [WeakReference, 20769 refs, 0.0022127 secs]2019-01-31T20:19:02.806+0000: 257685.209: [FinalReference, 1965 refs, 0.0018342 secs]2019-01-31T20:19:02.808+0000: 257685.211: [PhantomReference, 0 refs, 2807 refs, 0.0001716 secs]2019-01-31T20:19:02.808+0000: 257685.211: [JNI Weak Reference, 0.0000254 secs][PSYoungGen: 238868K->0K(1393664K)] [ParOldGen: 3511742K->1319674K(3845120K)] 3750611K->1319674K(5238784K), [Metaspace: 74531K->74531K(1118208K)], 0.4764539 secs] [Times: user=9.67 sys=0.00, real=0.48 secs] 
2019-01-31T20:19:03.071+0000: 257685.474: Total time for which application threads were stopped: 0.5515114 seconds, Stopping threads took: 0.0002461 seconds
2019-01-31T20:19:03.449+0000: 257685.852: Application time: 0.3772758 seconds
2019-01-31T20:19:03.459+0000: 257685.862: Total time for which application threads were stopped: 0.0101894 seconds, Stopping threads took: 0.0002425 seconds
2019-01-31T20:19:03.460+0000: 257685.863: Application time: 0.0007567 seconds
2019-01-31T20:19:03.469+0000: 257685.872: [GC (GCLocker Initiated GC) 2019-01-31T20:19:03.499+0000: 257685.902: [SoftReference, 0 refs, 0.0000349 secs]2019-01-31T20:19:03.500+0000: 257685.902: [WeakReference, 100 refs, 0.0000200 secs]2019-01-31T20:19:03.500+0000: 257685.903: [FinalReference, 3778 refs, 0.0010743 secs]2019-01-31T20:19:03.501+0000: 257685.904: [PhantomReference, 0 refs, 0 refs, 0.0000090 secs]2019-01-31T20:19:03.501+0000: 257685.904: [JNI Weak Reference, 0.0000112 secs]
Desired survivor size 448790528 bytes, new threshold 1 (max 15)
[PSYoungGen: 987136K->277119K(1427968K)] 2306891K->1596874K(5273088K), 0.0342763 secs] [Times: user=0.95 sys=0.01, real=0.03 secs] 
2019-01-31T20:19:03.504+0000: 257685.907: Total time for which application threads were stopped: 0.0443225 seconds, Stopping threads took: 0.0001436 seconds
2019-01-31T20:19:03.898+0000: 257686.301: Application time: 0.3944288 seconds
2019-01-31T20:19:03.909+0000: 257686.312: Total time for which application threads were stopped: 0.0100895 seconds, Stopping threads took: 0.0004785 seconds
2019-01-31T20:19:03.910+0000: 257686.313: Application time: 0.0015939 seconds
2019-01-31T20:19:03.923+0000: 257686.326: [GC (Allocation Failure) 2019-01-31T20:19:03.986+0000: 257686.389: [SoftReference, 0 refs, 0.0000491 secs]2019-01-31T20:19:03.986+0000: 257686.389: [WeakReference, 109 refs, 0.0000232 secs]2019-01-31T20:19:03.986+0000: 257686.389: [FinalReference, 3490 refs, 0.0009188 secs]2019-01-31T20:19:03.987+0000: 257686.390: [PhantomReference, 0 refs, 0 refs, 0.0000084 secs]2019-01-31T20:19:03.987+0000: 257686.390: [JNI Weak Reference, 0.0000251 secs]
Desired survivor size 438304768 bytes, new threshold 1 (max 15)
[PSYoungGen: 1264255K->260975K(1458176K)] 2584363K->1816893K(5303296K), 0.0674118 secs] [Times: user=1.98 sys=0.01, real=0.07 secs] 
2019-01-31T20:19:03.991+0000: 257686.394: Total time for which application threads were stopped: 0.0805196 seconds, Stopping threads took: 0.0002359 seconds
2019-01-31T20:19:03.996+0000: 257686.399: Application time: 0.0048580 seconds
2019-01-31T20:19:04.005+0000: 257686.408: [GC (GCLocker Initiated GC) 2019-01-31T20:19:04.053+0000: 257686.456: [SoftReference, 0 refs, 0.0000487 secs]2019-01-31T20:19:04.053+0000: 257686.456: [WeakReference, 15 refs, 0.0000103 secs]2019-01-31T20:19:04.053+0000: 257686.456: [FinalReference, 49 refs, 0.0000113 secs]2019-01-31T20:19:04.053+0000: 257686.456: [PhantomReference, 0 refs, 0 refs, 0.0000077 secs]2019-01-31T20:19:04.053+0000: 257686.456: [JNI Weak Reference, 0.0000153 secs]
Desired survivor size 458752000 bytes, new threshold 1 (max 15)
[PSYoungGen: 274695K->4875K(1470976K)] 1830613K->1821264K(5316096K), 0.0505888 secs] [Times: user=1.52 sys=0.00, real=0.05 secs] 
2019-01-31T20:19:04.056+0000: 257686.459: Total time for which application threads were stopped: 0.0606681 seconds, Stopping threads took: 0.0002526 seconds
2019-01-31T20:19:04.462+0000: 257686.865: Application time: 0.4054427 seconds
2019-01-31T20:19:04.472+0000: 257686.875: Total time for which application threads were stopped: 0.0103027 seconds, Stopping threads took: 0.0003757 seconds
2019-01-31T20:19:04.474+0000: 257686.877: Application time: 0.0018778 seconds
2019-01-31T20:19:04.483+0000: 257686.886: [GC (Allocation Failure) 2019-01-31T20:19:04.517+0000: 257686.920: [SoftReference, 0 refs, 0.0000391 secs]2019-01-31T20:19:04.517+0000: 257686.920: [WeakReference, 95 refs, 0.0000235 secs]2019-01-31T20:19:04.517+0000: 257686.920: [FinalReference, 3612 refs, 0.0009455 secs]2019-01-31T20:19:04.518+0000: 257686.921: [PhantomReference, 0 refs, 0 refs, 0.0000084 secs]2019-01-31T20:19:04.518+0000: 257686.921: [JNI Weak Reference, 0.0000224 secs]
Desired survivor size 461897728 bytes, new threshold 1 (max 15)
[PSYoungGen: 1047819K->283781K(1467904K)] 2864485K->2103740K(5313024K), 0.0375593 secs] [Times: user=0.99 sys=0.00, real=0.04 secs] 
2019-01-31T20:19:04.521+0000: 257686.924: Total time for which application threads were stopped: 0.0475800 seconds, Stopping threads took: 0.0001789 seconds
2019-01-31T20:19:04.522+0000: 257686.925: Application time: 0.0001244 seconds
2019-01-31T20:19:04.533+0000: 257686.936: [GC (GCLocker Initiated GC) 2019-01-31T20:19:04.584+0000: 257686.987: [SoftReference, 0 refs, 0.0000374 secs]2019-01-31T20:19:04.584+0000: 257686.987: [WeakReference, 0 refs, 0.0000068 secs]2019-01-31T20:19:04.584+0000: 257686.987: [FinalReference, 0 refs, 0.0000062 secs]2019-01-31T20:19:04.584+0000: 257686.987: [PhantomReference, 0 refs, 0 refs, 0.0000074 secs]2019-01-31T20:19:04.584+0000: 257686.987: [JNI Weak Reference, 0.0000153 secs]
Desired survivor size 476053504 bytes, new threshold 1 (max 15)
[PSYoungGen: 283988K->352K(1020416K)] 2103947K->2103942K(4865536K), 0.0535914 secs] [Times: user=1.63 sys=0.01, real=0.05 secs] 
2019-01-31T20:19:04.587+0000: 257686.990: Total time for which application threads were stopped: 0.0657585 seconds, Stopping threads took: 0.0002052 seconds
2019-01-31T20:19:04.977+0000: 257687.380: Application time: 0.3895581 seconds
2019-01-31T20:19:04.989+0000: 257687.392: Total time for which application threads were stopped: 0.0117321 seconds, Stopping threads took: 0.0003367 seconds
2019-01-31T20:19:04.991+0000: 257687.394: Application time: 0.0020810 seconds
2019-01-31T20:19:05.001+0000: 257687.404: [GC (GCLocker Initiated GC) 2019-01-31T20:19:05.032+0000: 257687.435: [SoftReference, 0 refs, 0.0000332 secs]2019-01-31T20:19:05.032+0000: 257687.435: [WeakReference, 100 refs, 0.0000224 secs]2019-01-31T20:19:05.032+0000: 257687.435: [FinalReference, 4191 refs, 0.0010959 secs]2019-01-31T20:19:05.033+0000: 257687.436: [PhantomReference, 0 refs, 0 refs, 0.0000086 secs]2019-01-31T20:19:05.033+0000: 257687.436: [JNI Weak Reference, 0.0000155 secs]
Desired survivor size 482869248 bytes, new threshold 1 (max 15)
[PSYoungGen: 1020256K->286473K(1443840K)] 3124381K->2390702K(5288960K), 0.0349794 secs] [Times: user=0.99 sys=0.00, real=0.03 secs] 
2019-01-31T20:19:05.036+0000: 257687.439: Total time for which application threads were stopped: 0.0456861 seconds, Stopping threads took: 0.0003058 seconds
2019-01-31T20:19:05.411+0000: 257687.814: Application time: 0.3748975 seconds
2019-01-31T20:19:05.423+0000: 257687.826: Total time for which application threads were stopped: 0.0115932 seconds, Stopping threads took: 0.0003814 seconds
2019-01-31T20:19:05.424+0000: 257687.827: Application time: 0.0012726 seconds
2019-01-31T20:19:05.437+0000: 257687.840: [GC (Allocation Failure) 2019-01-31T20:19:05.504+0000: 257687.907: [SoftReference, 0 refs, 0.0000405 secs]2019-01-31T20:19:05.504+0000: 257687.907: [WeakReference, 91 refs, 0.0000201 secs]2019-01-31T20:19:05.504+0000: 257687.907: [FinalReference, 4368 refs, 0.0011514 secs]2019-01-31T20:19:05.506+0000: 257687.909: [PhantomReference, 0 refs, 0 refs, 0.0000090 secs]2019-01-31T20:19:05.506+0000: 257687.909: [JNI Weak Reference, 0.0000148 secs]
Desired survivor size 479199232 bytes, new threshold 1 (max 15)
[PSYoungGen: 1265417K->268631K(1450496K)] 3369770K->2624270K(5295616K), 0.0718598 secs] [Times: user=2.19 sys=0.00, real=0.07 secs] 
2019-01-31T20:19:05.509+0000: 257687.912: Total time for which application threads were stopped: 0.0848272 seconds, Stopping threads took: 0.0002352 seconds
2019-01-31T20:19:05.509+0000: 257687.912: Application time: 0.0002878 seconds
2019-01-31T20:19:05.523+0000: 257687.926: [GC (GCLocker Initiated GC) 2019-01-31T20:19:05.571+0000: 257687.974: [SoftReference, 0 refs, 0.0000379 secs]2019-01-31T20:19:05.571+0000: 257687.974: [WeakReference, 3 refs, 0.0000082 secs]2019-01-31T20:19:05.571+0000: 257687.974: [FinalReference, 2 refs, 0.0000068 secs]2019-01-31T20:19:05.571+0000: 257687.974: [PhantomReference, 0 refs, 0 refs, 0.0000075 secs]2019-01-31T20:19:05.571+0000: 257687.974: [JNI Weak Reference, 0.0000146 secs]
Desired survivor size 489684992 bytes, new threshold 1 (max 15)
[PSYoungGen: 270332K->1719K(1433600K)] 2625972K->2625222K(5278720K), 0.0512395 secs] [Times: user=1.52 sys=0.00, real=0.05 secs] 
2019-01-31T20:19:05.575+0000: 257687.978: Total time for which application threads were stopped: 0.0654519 seconds, Stopping threads took: 0.0002616 seconds
2019-01-31T20:19:05.942+0000: 257688.345: Application time: 0.3670782 seconds
2019-01-31T20:19:05.952+0000: 257688.355: Total time for which application threads were stopped: 0.0102126 seconds, Stopping threads took: 0.0004367 seconds
2019-01-31T20:19:05.953+0000: 257688.356: Application time: 0.0013484 seconds
2019-01-31T20:19:05.963+0000: 257688.366: [GC (GCLocker Initiated GC) 2019-01-31T20:19:05.996+0000: 257688.399: [SoftReference, 0 refs, 0.0000245 secs]2019-01-31T20:19:05.996+0000: 257688.399: [WeakReference, 89 refs, 0.0000195 secs]2019-01-31T20:19:05.996+0000: 257688.399: [FinalReference, 4085 refs, 0.0011570 secs]2019-01-31T20:19:05.997+0000: 257688.400: [PhantomReference, 0 refs, 0 refs, 0.0000086 secs]2019-01-31T20:19:05.997+0000: 257688.400: [JNI Weak Reference, 0.0000148 secs]
Desired survivor size 485490688 bytes, new threshold 1 (max 15)
[PSYoungGen: 967351K->258325K(1443840K)] 3590963K->2882769K(5288960K), 0.0372115 secs] [Times: user=0.93 sys=0.01, real=0.04 secs] 
2019-01-31T20:19:06.000+0000: 257688.403: Total time for which application threads were stopped: 0.0470976 seconds, Stopping threads took: 0.0003147 seconds
2019-01-31T20:19:06.374+0000: 257688.777: Application time: 0.3738351 seconds
2019-01-31T20:19:06.387+0000: 257688.790: Total time for which application threads were stopped: 0.0123724 seconds, Stopping threads took: 0.0003276 seconds
2019-01-31T20:19:06.389+0000: 257688.792: Application time: 0.0021632 seconds
2019-01-31T20:19:06.402+0000: 257688.805: [GC (GCLocker Initiated GC) 2019-01-31T20:19:06.467+0000: 257688.870: [SoftReference, 0 refs, 0.0000484 secs]2019-01-31T20:19:06.467+0000: 257688.870: [WeakReference, 112 refs, 0.0000238 secs]2019-01-31T20:19:06.467+0000: 257688.870: [FinalReference, 4072 refs, 0.0010534 secs]2019-01-31T20:19:06.468+0000: 257688.871: [PhantomReference, 0 refs, 0 refs, 0.0000084 secs]2019-01-31T20:19:06.468+0000: 257688.871: [JNI Weak Reference, 0.0000152 secs]
Desired survivor size 486539264 bytes, new threshold 1 (max 15)
[PSYoungGen: 1223957K->274734K(1441792K)] 3848833K->3134745K(5286912K), 0.0694615 secs] [Times: user=2.06 sys=0.01, real=0.07 secs] 
2019-01-31T20:19:06.472+0000: 257688.875: Total time for which application threads were stopped: 0.0828975 seconds, Stopping threads took: 0.0002459 seconds
2019-01-31T20:19:06.860+0000: 257689.263: Application time: 0.3880925 seconds
2019-01-31T20:19:06.874+0000: 257689.277: Total time for which application threads were stopped: 0.0139067 seconds, Stopping threads took: 0.0004321 seconds
2019-01-31T20:19:06.875+0000: 257689.278: Application time: 0.0013427 seconds
2019-01-31T20:19:06.888+0000: 257689.291: [GC (GCLocker Initiated GC) 2019-01-31T20:19:06.953+0000: 257689.356: [SoftReference, 0 refs, 0.0000392 secs]2019-01-31T20:19:06.953+0000: 257689.356: [WeakReference, 87 refs, 0.0000192 secs]2019-01-31T20:19:06.953+0000: 257689.356: [FinalReference, 3671 refs, 0.0009562 secs]2019-01-31T20:19:06.954+0000: 257689.357: [PhantomReference, 0 refs, 0 refs, 0.0000086 secs]2019-01-31T20:19:06.954+0000: 257689.357: [JNI Weak Reference, 0.0000164 secs]
Desired survivor size 482869248 bytes, new threshold 1 (max 15)
[PSYoungGen: 1244462K->268606K(1444864K)] 4104847K->3365229K(5289984K), 0.0685273 secs] [Times: user=2.02 sys=0.01, real=0.07 secs] 
2019-01-31T20:19:06.957+0000: 257689.360: Total time for which application threads were stopped: 0.0818973 seconds, Stopping threads took: 0.0001666 seconds
2019-01-31T20:19:07.331+0000: 257689.734: Application time: 0.3742778 seconds
2019-01-31T20:19:07.342+0000: 257689.745: Total time for which application threads were stopped: 0.0102889 seconds, Stopping threads took: 0.0004195 seconds
2019-01-31T20:19:07.343+0000: 257689.746: Application time: 0.0016339 seconds
2019-01-31T20:19:07.354+0000: 257689.757: [GC (GCLocker Initiated GC) 2019-01-31T20:19:07.418+0000: 257689.821: [SoftReference, 0 refs, 0.0000349 secs]2019-01-31T20:19:07.418+0000: 257689.821: [WeakReference, 95 refs, 0.0000225 secs]2019-01-31T20:19:07.418+0000: 257689.821: [FinalReference, 3719 refs, 0.0009684 secs]2019-01-31T20:19:07.419+0000: 257689.822: [PhantomReference, 0 refs, 0 refs, 0.0000084 secs]2019-01-31T20:19:07.419+0000: 257689.822: [JNI Weak Reference, 0.0000154 secs]
Desired survivor size 476577792 bytes, new threshold 1 (max 15)
[PSYoungGen: 1238334K->265666K(1435136K)] 4335150K->3601048K(5280256K), 0.0684006 secs] [Times: user=2.09 sys=0.00, real=0.07 secs] 
2019-01-31T20:19:07.423+0000: 257689.826: Total time for which application threads were stopped: 0.0794691 seconds, Stopping threads took: 0.0002412 seconds
2019-01-31T20:19:07.799+0000: 257690.202: Application time: 0.3763104 seconds
2019-01-31T20:19:07.811+0000: 257690.214: Total time for which application threads were stopped: 0.0114994 seconds, Stopping threads took: 0.0002861 seconds
2019-01-31T20:19:07.813+0000: 257690.216: Application time: 0.0023749 seconds
2019-01-31T20:19:07.825+0000: 257690.228: [GC (GCLocker Initiated GC) 2019-01-31T20:19:07.890+0000: 257690.293: [SoftReference, 0 refs, 0.0000370 secs]2019-01-31T20:19:07.890+0000: 257690.293: [WeakReference, 109 refs, 0.0000221 secs]2019-01-31T20:19:07.890+0000: 257690.293: [FinalReference, 3917 refs, 0.0010050 secs]2019-01-31T20:19:07.891+0000: 257690.294: [PhantomReference, 0 refs, 0 refs, 0.0000084 secs]2019-01-31T20:19:07.891+0000: 257690.294: [JNI Weak Reference, 0.0000150 secs]
Desired survivor size 477102080 bytes, new threshold 1 (max 15)
[PSYoungGen: 1241026K->285679K(1440768K)] 4576614K->3857971K(5285888K), 0.0692725 secs] [Times: user=2.09 sys=0.00, real=0.07 secs] 
2019-01-31T20:19:07.895+0000: 257690.298: [Full GC (Ergonomics) 2019-01-31T20:19:08.053+0000: 257690.456: [SoftReference, 99 refs, 0.0000512 secs]2019-01-31T20:19:08.053+0000: 257690.456: [WeakReference, 19579 refs, 0.0020659 secs]2019-01-31T20:19:08.055+0000: 257690.458: [FinalReference, 964 refs, 0.0005086 secs]2019-01-31T20:19:08.056+0000: 257690.459: [PhantomReference, 0 refs, 2808 refs, 0.0001780 secs]2019-01-31T20:19:08.056+0000: 257690.459: [JNI Weak Reference, 0.0000231 secs][PSYoungGen: 285679K->0K(1440768K)] [ParOldGen: 3572292K->1683577K(3845120K)] 3857971K->1683577K(5285888K), [Metaspace: 74531K->74531K(1118208K)], 0.5351075 secs] [Times: user=10.07 sys=0.00, real=0.54 secs] 
2019-01-31T20:19:08.430+0000: 257690.833: Total time for which application threads were stopped: 0.6172953 seconds, Stopping threads took: 0.0002652 seconds
2019-01-31T20:19:08.791+0000: 257691.194: Application time: 0.3608039 seconds
2019-01-31T20:19:08.802+0000: 257691.205: Total time for which application threads were stopped: 0.0113487 seconds, Stopping threads took: 0.0004466 seconds
2019-01-31T20:19:08.804+0000: 257691.207: Application time: 0.0014253 seconds
2019-01-31T20:19:08.815+0000: 257691.218: [GC (GCLocker Initiated GC) 2019-01-31T20:19:08.845+0000: 257691.248: [SoftReference, 0 refs, 0.0000368 secs]2019-01-31T20:19:08.845+0000: 257691.248: [WeakReference, 133 refs, 0.0000240 secs]2019-01-31T20:19:08.845+0000: 257691.248: [FinalReference, 4202 refs, 0.0010744 secs]2019-01-31T20:19:08.846+0000: 257691.249: [PhantomReference, 0 refs, 0 refs, 0.0000085 secs]2019-01-31T20:19:08.846+0000: 257691.249: [JNI Weak Reference, 0.0000144 secs]
Desired survivor size 475529216 bytes, new threshold 1 (max 15)
[PSYoungGen: 975360K->285521K(1454080K)] 2659145K->1969306K(5299200K), 0.0345216 secs] [Times: user=0.95 sys=0.00, real=0.03 secs] 
2019-01-31T20:19:08.849+0000: 257691.252: Total time for which application threads were stopped: 0.0456504 seconds, Stopping threads took: 0.0002007 seconds
2019-01-31T20:19:09.230+0000: 257691.633: Application time: 0.3803020 seconds
2019-01-31T20:19:09.241+0000: 257691.644: Total time for which application threads were stopped: 0.0110838 seconds, Stopping threads took: 0.0003027 seconds
2019-01-31T20:19:09.242+0000: 257691.645: Application time: 0.0014304 seconds
2019-01-31T20:19:09.255+0000: 257691.658: [GC (Allocation Failure) 2019-01-31T20:19:09.318+0000: 257691.721: [SoftReference, 0 refs, 0.0000359 secs]2019-01-31T20:19:09.318+0000: 257691.721: [WeakReference, 107 refs, 0.0000208 secs]2019-01-31T20:19:09.318+0000: 257691.721: [FinalReference, 3890 refs, 0.0010219 secs]2019-01-31T20:19:09.319+0000: 257691.722: [PhantomReference, 0 refs, 0 refs, 0.0000075 secs]2019-01-31T20:19:09.319+0000: 257691.722: [JNI Weak Reference, 0.0000125 secs]
Desired survivor size 467140608 bytes, new threshold 1 (max 15)
[PSYoungGen: 1276241K->271136K(1262080K)] 2960283K->2196917K(5107200K), 0.0663267 secs] [Times: user=2.02 sys=0.00, real=0.07 secs] 
2019-01-31T20:19:09.322+0000: 257691.725: Total time for which application threads were stopped: 0.0797743 seconds, Stopping threads took: 0.0002345 seconds
2019-01-31T20:19:09.325+0000: 257691.728: Application time: 0.0034457 seconds
2019-01-31T20:19:09.340+0000: 257691.743: [GC (GCLocker Initiated GC) 2019-01-31T20:19:09.389+0000: 257691.792: [SoftReference, 0 refs, 0.0000362 secs]2019-01-31T20:19:09.389+0000: 257691.792: [WeakReference, 11 refs, 0.0000089 secs]2019-01-31T20:19:09.389+0000: 257691.792: [FinalReference, 38 refs, 0.0000094 secs]2019-01-31T20:19:09.389+0000: 257691.792: [PhantomReference, 0 refs, 0 refs, 0.0000068 secs]2019-01-31T20:19:09.389+0000: 257691.792: [JNI Weak Reference, 0.0000119 secs]
Desired survivor size 484442112 bytes, new threshold 1 (max 15)
[PSYoungGen: 280671K->4409K(1432064K)] 2206452K->2199918K(5277184K), 0.0512806 secs] [Times: user=1.56 sys=0.00, real=0.05 secs] 
2019-01-31T20:19:09.392+0000: 257691.795: Total time for which application threads were stopped: 0.0666365 seconds, Stopping threads took: 0.0002668 seconds
2019-01-31T20:19:09.747+0000: 257692.150: Application time: 0.3547449 seconds
2019-01-31T20:19:09.759+0000: 257692.162: Total time for which application threads were stopped: 0.0120905 seconds, Stopping threads took: 0.0003261 seconds
2019-01-31T20:19:09.761+0000: 257692.164: Application time: 0.0015837 seconds
2019-01-31T20:19:09.773+0000: 257692.176: [GC (GCLocker Initiated GC) 2019-01-31T20:19:09.806+0000: 257692.209: [SoftReference, 0 refs, 0.0000370 secs]2019-01-31T20:19:09.806+0000: 257692.209: [WeakReference, 96 refs, 0.0000198 secs]2019-01-31T20:19:09.806+0000: 257692.209: [FinalReference, 4005 refs, 0.0010558 secs]2019-01-31T20:19:09.807+0000: 257692.210: [PhantomReference, 0 refs, 0 refs, 0.0000077 secs]2019-01-31T20:19:09.807+0000: 257692.210: [JNI Weak Reference, 0.0000149 secs]
Desired survivor size 483917824 bytes, new threshold 1 (max 15)
[PSYoungGen: 980281K->281194K(1448960K)] 3175925K->2479943K(5294080K), 0.0364829 secs] [Times: user=0.99 sys=0.00, real=0.03 secs] 
2019-01-31T20:19:09.810+0000: 257692.213: Total time for which application threads were stopped: 0.0492101 seconds, Stopping threads took: 0.0002596 seconds
2019-01-31T20:19:10.183+0000: 257692.586: Application time: 0.3728582 seconds
2019-01-31T20:19:10.194+0000: 257692.597: Total time for which application threads were stopped: 0.0117401 seconds, Stopping threads took: 0.0004491 seconds
2019-01-31T20:19:10.195+0000: 257692.598: Application time: 0.0009953 seconds
2019-01-31T20:19:10.207+0000: 257692.610: [GC (GCLocker Initiated GC) 2019-01-31T20:19:10.272+0000: 257692.675: [SoftReference, 0 refs, 0.0000320 secs]2019-01-31T20:19:10.272+0000: 257692.675: [WeakReference, 126 refs, 0.0000214 secs]2019-01-31T20:19:10.272+0000: 257692.675: [FinalReference, 4014 refs, 0.0011527 secs]2019-01-31T20:19:10.273+0000: 257692.676: [PhantomReference, 0 refs, 0 refs, 0.0000080 secs]2019-01-31T20:19:10.273+0000: 257692.676: [JNI Weak Reference, 0.0000129 secs]
Desired survivor size 479199232 bytes, new threshold 1 (max 15)
[PSYoungGen: 1257066K->274292K(1439232K)] 3455952K->2718551K(5284352K), 0.0691568 secs] [Times: user=2.07 sys=0.00, real=0.07 secs] 
2019-01-31T20:19:10.276+0000: 257692.679: Total time for which application threads were stopped: 0.0809964 seconds, Stopping threads took: 0.0002251 seconds
2019-01-31T20:19:10.636+0000: 257693.039: Application time: 0.3597118 seconds
2019-01-31T20:19:10.647+0000: 257693.050: Total time for which application threads were stopped: 0.0111316 seconds, Stopping threads took: 0.0004055 seconds
2019-01-31T20:19:10.650+0000: 257693.053: Application time: 0.0028157 seconds
2019-01-31T20:19:10.662+0000: 257693.065: [GC (GCLocker Initiated GC) 2019-01-31T20:19:10.727+0000: 257693.130: [SoftReference, 0 refs, 0.0000331 secs]2019-01-31T20:19:10.727+0000: 257693.130: [WeakReference, 100 refs, 0.0000194 secs]2019-01-31T20:19:10.727+0000: 257693.130: [FinalReference, 4070 refs, 0.0010745 secs]2019-01-31T20:19:10.728+0000: 257693.131: [PhantomReference, 0 refs, 0 refs, 0.0000078 secs]2019-01-31T20:19:10.728+0000: 257693.131: [JNI Weak Reference, 0.0000118 secs]
Desired survivor size 476053504 bytes, new threshold 1 (max 15)
[PSYoungGen: 1250676K->281287K(1444352K)] 3695247K->2971491K(5289472K), 0.0693510 secs] [Times: user=2.12 sys=0.00, real=0.07 secs] 
2019-01-31T20:19:10.732+0000: 257693.135: Total time for which application threads were stopped: 0.0815275 seconds, Stopping threads took: 0.0002355 seconds
2019-01-31T20:19:11.107+0000: 257693.510: Application time: 0.3754041 seconds
2019-01-31T20:19:11.123+0000: 257693.526: Total time for which application threads were stopped: 0.0155882 seconds, Stopping threads took: 0.0004867 seconds
2019-01-31T20:19:11.124+0000: 257693.527: Application time: 0.0016860 seconds
2019-01-31T20:19:11.139+0000: 257693.542: [GC (Allocation Failure) 2019-01-31T20:19:11.204+0000: 257693.607: [SoftReference, 0 refs, 0.0000378 secs]2019-01-31T20:19:11.204+0000: 257693.607: [WeakReference, 83 refs, 0.0000198 secs]2019-01-31T20:19:11.204+0000: 257693.607: [FinalReference, 4146 refs, 0.0010354 secs]2019-01-31T20:19:11.205+0000: 257693.608: [PhantomReference, 0 refs, 0 refs, 0.0000086 secs]2019-01-31T20:19:11.205+0000: 257693.608: [JNI Weak Reference, 0.0000149 secs]
Desired survivor size 471334912 bytes, new threshold 1 (max 15)
[PSYoungGen: 1257671K->280469K(1442816K)] 3948243K->3211680K(5287936K), 0.0690582 secs] [Times: user=2.07 sys=0.00, real=0.07 secs] 
2019-01-31T20:19:11.209+0000: 257693.612: Total time for which application threads were stopped: 0.0846308 seconds, Stopping threads took: 0.0002272 seconds
2019-01-31T20:19:11.219+0000: 257693.622: Application time: 0.0102749 seconds
2019-01-31T20:19:11.232+0000: 257693.635: [GC (GCLocker Initiated GC) 2019-01-31T20:19:11.283+0000: 257693.686: [SoftReference, 0 refs, 0.0000411 secs]2019-01-31T20:19:11.283+0000: 257693.686: [WeakReference, 17 refs, 0.0000101 secs]2019-01-31T20:19:11.283+0000: 257693.686: [FinalReference, 88 refs, 0.0000148 secs]2019-01-31T20:19:11.283+0000: 257693.686: [PhantomReference, 0 refs, 0 refs, 0.0000077 secs]2019-01-31T20:19:11.283+0000: 257693.686: [JNI Weak Reference, 0.0000185 secs]
Desired survivor size 487063552 bytes, new threshold 1 (max 15)
[PSYoungGen: 312587K->10545K(999936K)] 3243799K->3220663K(4845056K), 0.0539885 secs] [Times: user=1.57 sys=0.00, real=0.05 secs] 
2019-01-31T20:19:11.286+0000: 257693.689: Total time for which application threads were stopped: 0.0672423 seconds, Stopping threads took: 0.0004149 seconds
2019-01-31T20:19:11.657+0000: 257694.060: Application time: 0.3709357 seconds
2019-01-31T20:19:11.669+0000: 257694.072: Total time for which application threads were stopped: 0.0114765 seconds, Stopping threads took: 0.0003702 seconds
2019-01-31T20:19:11.671+0000: 257694.074: Application time: 0.0016629 seconds
2019-01-31T20:19:11.682+0000: 257694.085: [GC (GCLocker Initiated GC) 2019-01-31T20:19:11.717+0000: 257694.120: [SoftReference, 0 refs, 0.0000363 secs]2019-01-31T20:19:11.717+0000: 257694.120: [WeakReference, 65 refs, 0.0000188 secs]2019-01-31T20:19:11.717+0000: 257694.120: [FinalReference, 3697 refs, 0.0009380 secs]2019-01-31T20:19:11.718+0000: 257694.121: [PhantomReference, 0 refs, 0 refs, 0.0000085 secs]2019-01-31T20:19:11.718+0000: 257694.121: [JNI Weak Reference, 0.0000150 secs]
Desired survivor size 484966400 bytes, new threshold 1 (max 15)
[PSYoungGen: 999729K->277100K(1448448K)] 4209946K->3494409K(5293568K), 0.0389463 secs] [Times: user=0.98 sys=0.00, real=0.04 secs] 
2019-01-31T20:19:11.721+0000: 257694.124: Total time for which application threads were stopped: 0.0508990 seconds, Stopping threads took: 0.0002088 seconds
2019-01-31T20:19:12.091+0000: 257694.494: Application time: 0.3691540 seconds
2019-01-31T20:19:12.106+0000: 257694.509: Total time for which application threads were stopped: 0.0151684 seconds, Stopping threads took: 0.0003708 seconds
2019-01-31T20:19:12.107+0000: 257694.510: Application time: 0.0016449 seconds
2019-01-31T20:19:12.122+0000: 257694.525: [GC (Allocation Failure) 2019-01-31T20:19:12.189+0000: 257694.592: [SoftReference, 0 refs, 0.0000481 secs]2019-01-31T20:19:12.189+0000: 257694.592: [WeakReference, 58 refs, 0.0000159 secs]2019-01-31T20:19:12.189+0000: 257694.592: [FinalReference, 4084 refs, 0.0009699 secs]2019-01-31T20:19:12.190+0000: 257694.593: [PhantomReference, 0 refs, 0 refs, 0.0000071 secs]2019-01-31T20:19:12.190+0000: 257694.593: [JNI Weak Reference, 0.0000125 secs]
Desired survivor size 481296384 bytes, new threshold 1 (max 15)
[PSYoungGen: 1249900K->278490K(1251328K)] 4467381K->3748639K(5096448K), 0.0708170 secs] [Times: user=2.13 sys=0.00, real=0.07 secs] 
2019-01-31T20:19:12.194+0000: 257694.597: [Full GC (Ergonomics) 2019-01-31T20:19:12.290+0000: 257694.693: [SoftReference, 97 refs, 0.0000573 secs]2019-01-31T20:19:12.290+0000: 257694.693: [WeakReference, 15264 refs, 0.0014921 secs]2019-01-31T20:19:12.291+0000: 257694.694: [FinalReference, 952 refs, 0.0003772 secs]2019-01-31T20:19:12.292+0000: 257694.694: [PhantomReference, 0 refs, 2808 refs, 0.0001462 secs]2019-01-31T20:19:12.292+0000: 257694.695: [JNI Weak Reference, 0.0000186 secs][PSYoungGen: 278490K->0K(1251328K)] [ParOldGen: 3470149K->1974259K(3845120K)] 3748639K->1974259K(5096448K), [Metaspace: 74531K->74531K(1118208K)], 0.5126520 secs] [Times: user=9.27 sys=0.00, real=0.51 secs] 
2019-01-31T20:19:12.707+0000: 257695.110: Total time for which application threads were stopped: 0.5993009 seconds, Stopping threads took: 0.0003250 seconds
2019-01-31T20:19:13.064+0000: 257695.467: Application time: 0.3572554 seconds
2019-01-31T20:19:13.079+0000: 257695.482: Total time for which application threads were stopped: 0.0153413 seconds, Stopping threads took: 0.0002655 seconds
2019-01-31T20:19:13.081+0000: 257695.484: Application time: 0.0015601 seconds
2019-01-31T20:19:13.095+0000: 257695.498: [GC (GCLocker Initiated GC) 2019-01-31T20:19:13.127+0000: 257695.530: [SoftReference, 0 refs, 0.0000469 secs]2019-01-31T20:19:13.127+0000: 257695.530: [WeakReference, 74 refs, 0.0000194 secs]2019-01-31T20:19:13.127+0000: 257695.530: [FinalReference, 3994 refs, 0.0009902 secs]2019-01-31T20:19:13.128+0000: 257695.531: [PhantomReference, 0 refs, 0 refs, 0.0000087 secs]2019-01-31T20:19:13.128+0000: 257695.531: [JNI Weak Reference, 0.0000182 secs]
Desired survivor size 477626368 bytes, new threshold 1 (max 15)
[PSYoungGen: 972800K->280907K(1446400K)] 2947351K->2255458K(5291520K), 0.0355701 secs] [Times: user=0.97 sys=0.00, real=0.04 secs] 
2019-01-31T20:19:13.131+0000: 257695.534: Total time for which application threads were stopped: 0.0503868 seconds, Stopping threads took: 0.0002273 seconds
2019-01-31T20:19:13.512+0000: 257695.915: Application time: 0.3803819 seconds
2019-01-31T20:19:13.524+0000: 257695.927: Total time for which application threads were stopped: 0.0125369 seconds, Stopping threads took: 0.0002033 seconds
2019-01-31T20:19:13.526+0000: 257695.929: Application time: 0.0014655 seconds
2019-01-31T20:19:13.538+0000: 257695.941: [GC (GCLocker Initiated GC) 2019-01-31T20:19:13.603+0000: 257696.006: [SoftReference, 0 refs, 0.0000529 secs]2019-01-31T20:19:13.603+0000: 257696.006: [WeakReference, 83 refs, 0.0000198 secs]2019-01-31T20:19:13.603+0000: 257696.006: [FinalReference, 3733 refs, 0.0009754 secs]2019-01-31T20:19:13.604+0000: 257696.007: [PhantomReference, 0 refs, 0 refs, 0.0000085 secs]2019-01-31T20:19:13.604+0000: 257696.007: [JNI Weak Reference, 0.0000149 secs]
Desired survivor size 477626368 bytes, new threshold 1 (max 15)
[PSYoungGen: 1257291K->294057K(1442816K)] 3232046K->2521165K(5287936K), 0.0686874 secs] [Times: user=2.07 sys=0.00, real=0.07 secs] 
2019-01-31T20:19:13.607+0000: 257696.010: Total time for which application threads were stopped: 0.0817354 seconds, Stopping threads took: 0.0002165 seconds
2019-01-31T20:19:13.981+0000: 257696.384: Application time: 0.3732439 seconds
2019-01-31T20:19:13.997+0000: 257696.400: Total time for which application threads were stopped: 0.0165442 seconds, Stopping threads took: 0.0002995 seconds
2019-01-31T20:19:13.998+0000: 257696.401: Application time: 0.0011781 seconds
2019-01-31T20:19:14.015+0000: 257696.418: [GC (GCLocker Initiated GC) 2019-01-31T20:19:14.081+0000: 257696.484: [SoftReference, 0 refs, 0.0000362 secs]2019-01-31T20:19:14.081+0000: 257696.484: [WeakReference, 97 refs, 0.0000215 secs]2019-01-31T20:19:14.081+0000: 257696.484: [FinalReference, 4349 refs, 0.0011416 secs]2019-01-31T20:19:14.082+0000: 257696.485: [PhantomReference, 0 refs, 0 refs, 0.0000087 secs]2019-01-31T20:19:14.082+0000: 257696.485: [JNI Weak Reference, 0.0000146 secs]
Desired survivor size 470810624 bytes, new threshold 1 (max 15)
[PSYoungGen: 1270441K->281776K(1445888K)] 3497652K->2762413K(5291008K), 0.0702851 secs] [Times: user=2.13 sys=0.00, real=0.07 secs] 
2019-01-31T20:19:14.085+0000: 257696.488: Total time for which application threads were stopped: 0.0868746 seconds, Stopping threads took: 0.0002452 seconds
2019-01-31T20:19:14.466+0000: 257696.869: Application time: 0.3811719 seconds
2019-01-31T20:19:14.479+0000: 257696.882: Total time for which application threads were stopped: 0.0121617 seconds, Stopping threads took: 0.0003872 seconds
2019-01-31T20:19:14.480+0000: 257696.883: Application time: 0.0012398 seconds
2019-01-31T20:19:14.494+0000: 257696.897: [GC (GCLocker Initiated GC) 2019-01-31T20:19:14.561+0000: 257696.964: [SoftReference, 0 refs, 0.0000411 secs]2019-01-31T20:19:14.561+0000: 257696.964: [WeakReference, 76 refs, 0.0000226 secs]2019-01-31T20:19:14.561+0000: 257696.964: [FinalReference, 3955 refs, 0.0010110 secs]2019-01-31T20:19:14.562+0000: 257696.965: [PhantomReference, 0 refs, 0 refs, 0.0000098 secs]2019-01-31T20:19:14.562+0000: 257696.965: [JNI Weak Reference, 0.0000146 secs]
Desired survivor size 462946304 bytes, new threshold 1 (max 15)
[PSYoungGen: 1270960K->279389K(1448960K)] 3751663K->3011205K(5294080K), 0.0708604 secs] [Times: user=2.14 sys=0.00, real=0.07 secs] 
2019-01-31T20:19:14.566+0000: 257696.969: Total time for which application threads were stopped: 0.0858208 seconds, Stopping threads took: 0.0002408 seconds
2019-01-31T20:19:14.951+0000: 257697.354: Application time: 0.3857830 seconds
2019-01-31T20:19:14.968+0000: 257697.371: Total time for which application threads were stopped: 0.0165624 seconds, Stopping threads took: 0.0002888 seconds
2019-01-31T20:19:14.969+0000: 257697.372: Application time: 0.0012051 seconds
2019-01-31T20:19:14.984+0000: 257697.387: [GC (GCLocker Initiated GC) 2019-01-31T20:19:15.053+0000: 257697.456: [SoftReference, 0 refs, 0.0000390 secs]2019-01-31T20:19:15.053+0000: 257697.456: [WeakReference, 86 refs, 0.0000201 secs]2019-01-31T20:19:15.053+0000: 257697.456: [FinalReference, 3586 refs, 0.0009591 secs]2019-01-31T20:19:15.054+0000: 257697.457: [PhantomReference, 0 refs, 0 refs, 0.0000088 secs]2019-01-31T20:19:15.054+0000: 257697.457: [JNI Weak Reference, 0.0000146 secs]
Desired survivor size 459276288 bytes, new threshold 1 (max 15)
[PSYoungGen: 1268573K->290778K(1458688K)] 4000466K->3274134K(5303808K), 0.0723702 secs] [Times: user=2.18 sys=0.00, real=0.07 secs] 
2019-01-31T20:19:15.057+0000: 257697.460: Total time for which application threads were stopped: 0.0879937 seconds, Stopping threads took: 0.0003100 seconds
2019-01-31T20:19:15.459+0000: 257697.862: Application time: 0.4019559 seconds
2019-01-31T20:19:15.475+0000: 257697.878: Total time for which application threads were stopped: 0.0159886 seconds, Stopping threads took: 0.0003012 seconds
2019-01-31T20:19:15.477+0000: 257697.880: Application time: 0.0014714 seconds
2019-01-31T20:19:15.493+0000: 257697.896: [GC (Allocation Failure) 2019-01-31T20:19:15.561+0000: 257697.964: [SoftReference, 0 refs, 0.0000393 secs]2019-01-31T20:19:15.561+0000: 257697.964: [WeakReference, 88 refs, 0.0000330 secs]2019-01-31T20:19:15.561+0000: 257697.964: [FinalReference, 3869 refs, 0.0010099 secs]2019-01-31T20:19:15.562+0000: 257697.965: [PhantomReference, 0 refs, 0 refs, 0.0000085 secs]2019-01-31T20:19:15.562+0000: 257697.965: [JNI Weak Reference, 0.0000148 secs]
Desired survivor size 450887680 bytes, new threshold 1 (max 15)
[PSYoungGen: 1299930K->280928K(1457664K)] 4283389K->3512119K(5302784K), 0.0727231 secs] [Times: user=2.19 sys=0.01, real=0.07 secs] 
2019-01-31T20:19:15.566+0000: 257697.969: Total time for which application threads were stopped: 0.0894259 seconds, Stopping threads took: 0.0002838 seconds
2019-01-31T20:19:15.571+0000: 257697.974: Application time: 0.0053894 seconds
2019-01-31T20:19:15.586+0000: 257697.989: [GC (GCLocker Initiated GC) 2019-01-31T20:19:15.636+0000: 257698.039: [SoftReference, 0 refs, 0.0000360 secs]2019-01-31T20:19:15.636+0000: 257698.039: [WeakReference, 17 refs, 0.0000101 secs]2019-01-31T20:19:15.636+0000: 257698.039: [FinalReference, 51 refs, 0.0000098 secs]2019-01-31T20:19:15.636+0000: 257698.039: [PhantomReference, 0 refs, 0 refs, 0.0000069 secs]2019-01-31T20:19:15.636+0000: 257698.039: [JNI Weak Reference, 0.0000141 secs]
Desired survivor size 474480640 bytes, new threshold 1 (max 15)
[PSYoungGen: 297402K->6522K(1435648K)] 3528593K->3517900K(5280768K), 0.0529801 secs] [Times: user=1.61 sys=0.00, real=0.05 secs] 
2019-01-31T20:19:15.639+0000: 257698.042: [Full GC (Ergonomics) 2019-01-31T20:19:15.749+0000: 257698.152: [SoftReference, 99 refs, 0.0000766 secs]2019-01-31T20:19:15.749+0000: 257698.152: [WeakReference, 22821 refs, 0.0026084 secs]2019-01-31T20:19:15.752+0000: 257698.155: [FinalReference, 402 refs, 0.0003295 secs]2019-01-31T20:19:15.752+0000: 257698.155: [PhantomReference, 0 refs, 2808 refs, 0.0002125 secs]2019-01-31T20:19:15.752+0000: 257698.155: [JNI Weak Reference, 0.0000335 secs][PSYoungGen: 6522K->0K(1435648K)] [ParOldGen: 3511378K->2186896K(3845120K)] 3517900K->2186896K(5280768K), [Metaspace: 74531K->74531K(1118208K)], 0.6093564 secs] [Times: user=10.66 sys=0.00, real=0.61 secs] 
2019-01-31T20:19:16.249+0000: 257698.652: Total time for which application threads were stopped: 0.6776083 seconds, Stopping threads took: 0.0005544 seconds
2019-01-31T20:19:16.639+0000: 257699.042: Application time: 0.3901470 seconds
2019-01-31T20:19:16.652+0000: 257699.055: Total time for which application threads were stopped: 0.0126496 seconds, Stopping threads took: 0.0005940 seconds
2019-01-31T20:19:16.653+0000: 257699.056: Application time: 0.0008682 seconds
2019-01-31T20:19:16.665+0000: 257699.068: [GC (GCLocker Initiated GC) 2019-01-31T20:19:16.699+0000: 257699.102: [SoftReference, 0 refs, 0.0000388 secs]2019-01-31T20:19:16.699+0000: 257699.102: [WeakReference, 73 refs, 0.0000197 secs]2019-01-31T20:19:16.699+0000: 257699.102: [FinalReference, 3977 refs, 0.0008899 secs]2019-01-31T20:19:16.700+0000: 257699.103: [PhantomReference, 0 refs, 0 refs, 0.0000083 secs]2019-01-31T20:19:16.700+0000: 257699.103: [JNI Weak Reference, 0.0000147 secs]
Desired survivor size 480772096 bytes, new threshold 1 (max 15)
[PSYoungGen: 995328K->308352K(1304064K)] 3182280K->2495304K(5149184K), 0.0383619 secs] [Times: user=1.08 sys=0.00, real=0.04 secs] 
2019-01-31T20:19:16.703+0000: 257699.106: Total time for which application threads were stopped: 0.0505368 seconds, Stopping threads took: 0.0002331 seconds
2019-01-31T20:19:17.088+0000: 257699.491: Application time: 0.3847122 seconds
2019-01-31T20:19:17.103+0000: 257699.506: Total time for which application threads were stopped: 0.0149573 seconds, Stopping threads took: 0.0003197 seconds
2019-01-31T20:19:17.104+0000: 257699.507: Application time: 0.0014888 seconds
2019-01-31T20:19:17.121+0000: 257699.524: [GC (Allocation Failure) 2019-01-31T20:19:19.924+0000: 257702.327: [SoftReference, 0 refs, 0.0000411 secs]2019-01-31T20:19:19.924+0000: 257702.327: [WeakReference, 105 refs, 0.0000238 secs]2019-01-31T20:19:19.924+0000: 257702.327: [FinalReference, 3761 refs, 0.0009461 secs]2019-01-31T20:19:19.925+0000: 257702.328: [PhantomReference, 0 refs, 0 refs, 0.0000069 secs]2019-01-31T20:19:19.925+0000: 257702.328: [JNI Weak Reference, 0.0000139 secs]
Desired survivor size 482869248 bytes, new threshold 1 (max 15)
[PSYoungGen: 1303680K->305217K(1448448K)] 3490797K->2784611K(5293568K), 2.8076953 secs] [Times: user=2.41 sys=0.01, real=2.81 secs] 
2019-01-31T20:19:19.929+0000: 257702.332: Total time for which application threads were stopped: 2.8242577 seconds, Stopping threads took: 0.0002488 seconds
2019-01-31T20:19:19.930+0000: 257702.333: Application time: 0.0009447 seconds
2019-01-31T20:19:19.941+0000: 257702.344: [GC (GCLocker Initiated GC) 2019-01-31T20:19:19.994+0000: 257702.397: [SoftReference, 0 refs, 0.0000366 secs]2019-01-31T20:19:19.994+0000: 257702.397: [WeakReference, 5 refs, 0.0000077 secs]2019-01-31T20:19:19.994+0000: 257702.397: [FinalReference, 12 refs, 0.0000071 secs]2019-01-31T20:19:19.994+0000: 257702.397: [PhantomReference, 0 refs, 0 refs, 0.0000104 secs]2019-01-31T20:19:19.994+0000: 257702.397: [JNI Weak Reference, 0.0000138 secs]
Desired survivor size 501743616 bytes, new threshold 1 (max 15)
[PSYoungGen: 308193K->2313K(981504K)] 2787588K->2786816K(4826624K), 0.0558213 secs] [Times: user=1.71 sys=0.00, real=0.06 secs] 
2019-01-31T20:19:19.997+0000: 257702.400: Total time for which application threads were stopped: 0.0678314 seconds, Stopping threads took: 0.0001908 seconds
2019-01-31T20:19:20.372+0000: 257702.775: Application time: 0.3749356 seconds
2019-01-31T20:19:20.385+0000: 257702.788: Total time for which application threads were stopped: 0.0126008 seconds, Stopping threads took: 0.0003857 seconds
2019-01-31T20:19:20.386+0000: 257702.789: Application time: 0.0013196 seconds
2019-01-31T20:19:20.399+0000: 257702.802: [GC (GCLocker Initiated GC) 2019-01-31T20:19:20.430+0000: 257702.833: [SoftReference, 0 refs, 0.0000367 secs]2019-01-31T20:19:20.430+0000: 257702.833: [WeakReference, 105 refs, 0.0000215 secs]2019-01-31T20:19:20.430+0000: 257702.833: [FinalReference, 3869 refs, 0.0010050 secs]2019-01-31T20:19:20.431+0000: 257702.834: [PhantomReference, 0 refs, 0 refs, 0.0000085 secs]2019-01-31T20:19:20.431+0000: 257702.834: [JNI Weak Reference, 0.0000139 secs]
Desired survivor size 501743616 bytes, new threshold 1 (max 15)
[PSYoungGen: 981257K->292993K(1432064K)] 3766072K->3079130K(5277184K), 0.0357909 secs] [Times: user=1.00 sys=0.01, real=0.04 secs] 
2019-01-31T20:19:20.435+0000: 257702.838: Total time for which application threads were stopped: 0.0483518 seconds, Stopping threads took: 0.0002717 seconds
2019-01-31T20:19:20.801+0000: 257703.204: Application time: 0.3667067 seconds
2019-01-31T20:19:20.815+0000: 257703.218: Total time for which application threads were stopped: 0.0132768 seconds, Stopping threads took: 0.0003890 seconds
2019-01-31T20:19:20.815+0000: 257703.218: Application time: 0.0008035 seconds
2019-01-31T20:19:20.832+0000: 257703.235: [GC (GCLocker Initiated GC) 2019-01-31T20:19:20.894+0000: 257703.297: [SoftReference, 0 refs, 0.0000380 secs]2019-01-31T20:19:20.894+0000: 257703.297: [WeakReference, 79 refs, 0.0000203 secs]2019-01-31T20:19:20.894+0000: 257703.297: [FinalReference, 3952 refs, 0.0010924 secs]2019-01-31T20:19:20.895+0000: 257703.298: [PhantomReference, 0 refs, 0 refs, 0.0000085 secs]2019-01-31T20:19:20.895+0000: 257703.298: [JNI Weak Reference, 0.0000177 secs]
Desired survivor size 493355008 bytes, new threshold 1 (max 15)
[PSYoungGen: 1235073K->275600K(1218048K)] 4021281K->3311777K(5063168K), 0.0662545 secs] [Times: user=2.00 sys=0.00, real=0.07 secs] 
2019-01-31T20:19:20.898+0000: 257703.301: Total time for which application threads were stopped: 0.0828957 seconds, Stopping threads took: 0.0002927 seconds
2019-01-31T20:19:21.004+0000: 257703.407: Application time: 0.1060978 seconds
2019-01-31T20:19:21.018+0000: 257703.421: Total time for which application threads were stopped: 0.0131304 seconds, Stopping threads took: 0.0003512 seconds
2019-01-31T20:19:21.018+0000: 257703.421: Application time: 0.0000834 seconds
2019-01-31T20:19:21.029+0000: 257703.432: Total time for which application threads were stopped: 0.0112474 seconds, Stopping threads took: 0.0001458 seconds
2019-01-31T20:19:21.146+0000: 257703.549: Application time: 0.1172295 seconds
2019-01-31T20:19:21.159+0000: 257703.562: Total time for which application threads were stopped: 0.0132538 seconds, Stopping threads took: 0.0004049 seconds
2019-01-31T20:19:21.160+0000: 257703.563: Application time: 0.0000563 seconds
2019-01-31T20:19:21.171+0000: 257703.574: Total time for which application threads were stopped: 0.0112305 seconds, Stopping threads took: 0.0001572 seconds
2019-01-31T20:19:21.271+0000: 257703.674: Application time: 0.1001920 seconds
2019-01-31T20:19:21.283+0000: 257703.686: Total time for which application threads were stopped: 0.0124355 seconds, Stopping threads took: 0.0005019 seconds
2019-01-31T20:19:21.284+0000: 257703.686: Application time: 0.0000971 seconds
2019-01-31T20:19:21.295+0000: 257703.698: Total time for which application threads were stopped: 0.0110765 seconds, Stopping threads took: 0.0001244 seconds
2019-01-31T20:19:21.346+0000: 257703.749: Application time: 0.0514817 seconds
2019-01-31T20:19:21.359+0000: 257703.762: Total time for which application threads were stopped: 0.0130739 seconds, Stopping threads took: 0.0004618 seconds
2019-01-31T20:19:21.361+0000: 257703.764: Application time: 0.0013852 seconds
2019-01-31T20:19:21.372+0000: 257703.775: Total time for which application threads were stopped: 0.0118585 seconds, Stopping threads took: 0.0002050 seconds
2019-01-31T20:19:21.375+0000: 257703.778: Application time: 0.0028162 seconds
2019-01-31T20:19:21.389+0000: 257703.792: [GC (Allocation Failure) 2019-01-31T20:19:21.453+0000: 257703.856: [SoftReference, 0 refs, 0.0000421 secs]2019-01-31T20:19:21.453+0000: 257703.856: [WeakReference, 80 refs, 0.0000196 secs]2019-01-31T20:19:21.453+0000: 257703.856: [FinalReference, 4149 refs, 0.0010836 secs]2019-01-31T20:19:21.454+0000: 257703.857: [PhantomReference, 0 refs, 0 refs, 0.0000086 secs]2019-01-31T20:19:21.454+0000: 257703.857: [JNI Weak Reference, 0.0000149 secs]
Desired survivor size 486539264 bytes, new threshold 1 (max 15)
[PSYoungGen: 1217680K->280526K(1430528K)] 4253864K->3558139K(5275648K), 0.0675323 secs] [Times: user=2.04 sys=0.00, real=0.07 secs] 
2019-01-31T20:19:21.457+0000: 257703.860: Total time for which application threads were stopped: 0.0820438 seconds, Stopping threads took: 0.0002443 seconds
2019-01-31T20:19:21.458+0000: 257703.861: Application time: 0.0003583 seconds
2019-01-31T20:19:21.470+0000: 257703.873: Total time for which application threads were stopped: 0.0125071 seconds, Stopping threads took: 0.0003089 seconds
2019-01-31T20:19:21.470+0000: 257703.873: Application time: 0.0000951 seconds
2019-01-31T20:19:21.482+0000: 257703.885: Total time for which application threads were stopped: 0.0116563 seconds, Stopping threads took: 0.0001602 seconds
2019-01-31T20:19:21.528+0000: 257703.931: Application time: 0.0458903 seconds
2019-01-31T20:19:21.542+0000: 257703.945: [GC (GCLocker Initiated GC) 2019-01-31T20:19:21.591+0000: 257703.994: [SoftReference, 0 refs, 0.0000484 secs]2019-01-31T20:19:21.591+0000: 257703.994: [WeakReference, 16 refs, 0.0000131 secs]2019-01-31T20:19:21.591+0000: 257703.994: [FinalReference, 225 refs, 0.0000233 secs]2019-01-31T20:19:21.591+0000: 257703.994: [PhantomReference, 0 refs, 0 refs, 0.0000077 secs]2019-01-31T20:19:21.591+0000: 257703.994: [JNI Weak Reference, 0.0000148 secs]
Desired survivor size 497549312 bytes, new threshold 1 (max 15)
[PSYoungGen: 389539K->32340K(1423872K)] 3667151K->3582020K(5268992K), 0.0516854 secs] [Times: user=1.55 sys=0.00, real=0.05 secs] 
2019-01-31T20:19:21.594+0000: 257703.997: [Full GC (Ergonomics) 2019-01-31T20:19:21.712+0000: 257704.115: [SoftReference, 99 refs, 0.0000586 secs]2019-01-31T20:19:21.712+0000: 257704.115: [WeakReference, 19009 refs, 0.0020315 secs]2019-01-31T20:19:21.714+0000: 257704.117: [FinalReference, 1332 refs, 0.0003039 secs]2019-01-31T20:19:21.715+0000: 257704.118: [PhantomReference, 0 refs, 2809 refs, 0.0001705 secs]2019-01-31T20:19:21.715+0000: 257704.118: [JNI Weak Reference, 0.0000230 secs][PSYoungGen: 32340K->0K(1423872K)] [ParOldGen: 3549680K->2315698K(3845120K)] 3582020K->2315698K(5268992K), [Metaspace: 74531K->74531K(1118208K)], 0.6757893 secs] [Times: user=11.81 sys=0.00, real=0.67 secs] 
2019-01-31T20:19:22.270+0000: 257704.673: Total time for which application threads were stopped: 0.7426442 seconds, Stopping threads took: 0.0011392 seconds
2019-01-31T20:19:22.375+0000: 257704.778: Application time: 0.1045759 seconds
2019-01-31T20:19:22.499+0000: 257704.902: Total time for which application threads were stopped: 0.1236720 seconds, Stopping threads took: 0.0005842 seconds
2019-01-31T20:19:22.499+0000: 257704.902: Application time: 0.0001078 seconds
2019-01-31T20:19:22.511+0000: 257704.914: Total time for which application threads were stopped: 0.0123898 seconds, Stopping threads took: 0.0001331 seconds
2019-01-31T20:19:22.563+0000: 257704.966: Application time: 0.0519056 seconds
2019-01-31T20:19:22.578+0000: 257704.981: Total time for which application threads were stopped: 0.0153616 seconds, Stopping threads took: 0.0018045 seconds
2019-01-31T20:19:22.633+0000: 257705.036: Application time: 0.0544786 seconds
2019-01-31T20:19:22.647+0000: 257705.050: Total time for which application threads were stopped: 0.0137113 seconds, Stopping threads took: 0.0004077 seconds
2019-01-31T20:19:22.698+0000: 257705.101: Application time: 0.0508665 seconds
2019-01-31T20:19:22.713+0000: 257705.116: Total time for which application threads were stopped: 0.0158043 seconds, Stopping threads took: 0.0005532 seconds
2019-01-31T20:19:22.764+0000: 257705.167: Application time: 0.0507340 seconds
2019-01-31T20:19:22.778+0000: 257705.181: Total time for which application threads were stopped: 0.0137062 seconds, Stopping threads took: 0.0002718 seconds
2019-01-31T20:19:22.829+0000: 257705.232: Application time: 0.0509629 seconds
2019-01-31T20:19:22.842+0000: 257705.245: Total time for which application threads were stopped: 0.0132433 seconds, Stopping threads took: 0.0003829 seconds
2019-01-31T20:19:22.870+0000: 257705.273: Application time: 0.0276533 seconds
2019-01-31T20:19:22.883+0000: 257705.286: Total time for which application threads were stopped: 0.0130547 seconds, Stopping threads took: 0.0003706 seconds
2019-01-31T20:19:22.885+0000: 257705.288: Application time: 0.0021108 seconds
2019-01-31T20:19:22.898+0000: 257705.301: [GC (GCLocker Initiated GC) 2019-01-31T20:19:22.928+0000: 257705.331: [SoftReference, 0 refs, 0.0000322 secs]2019-01-31T20:19:22.928+0000: 257705.331: [WeakReference, 120 refs, 0.0000225 secs]2019-01-31T20:19:22.928+0000: 257705.331: [FinalReference, 4235 refs, 0.0012444 secs]2019-01-31T20:19:22.930+0000: 257705.333: [PhantomReference, 0 refs, 0 refs, 0.0000092 secs]2019-01-31T20:19:22.930+0000: 257705.333: [JNI Weak Reference, 0.0000140 secs]
Desired survivor size 495976448 bytes, new threshold 1 (max 15)
[PSYoungGen: 948736K->284599K(1437696K)] 3264603K->2600467K(5282816K), 0.0349084 secs] [Times: user=0.97 sys=0.00, real=0.04 secs] 
2019-01-31T20:19:22.933+0000: 257705.336: Total time for which application threads were stopped: 0.0482982 seconds, Stopping threads took: 0.0001614 seconds
2019-01-31T20:19:22.943+0000: 257705.346: Application time: 0.0098210 seconds
2019-01-31T20:19:22.957+0000: 257705.360: Total time for which application threads were stopped: 0.0136911 seconds, Stopping threads took: 0.0004978 seconds
2019-01-31T20:19:23.007+0000: 257705.410: Application time: 0.0505764 seconds
2019-01-31T20:19:23.021+0000: 257705.424: Total time for which application threads were stopped: 0.0137162 seconds, Stopping threads took: 0.0005653 seconds
2019-01-31T20:19:23.073+0000: 257705.476: Application time: 0.0519677 seconds
2019-01-31T20:19:23.086+0000: 257705.489: Total time for which application threads were stopped: 0.0135629 seconds, Stopping threads took: 0.0004614 seconds
2019-01-31T20:19:23.137+0000: 257705.540: Application time: 0.0508256 seconds
2019-01-31T20:19:23.150+0000: 257705.553: Total time for which application threads were stopped: 0.0130864 seconds, Stopping threads took: 0.0003177 seconds
2019-01-31T20:19:23.206+0000: 257705.609: Application time: 0.0557151 seconds
2019-01-31T20:19:23.220+0000: 257705.623: Total time for which application threads were stopped: 0.0138425 seconds, Stopping threads took: 0.0005885 seconds
2019-01-31T20:19:23.271+0000: 257705.674: Application time: 0.0507371 seconds
2019-01-31T20:19:23.283+0000: 257705.686: Total time for which application threads were stopped: 0.0127964 seconds, Stopping threads took: 0.0002691 seconds
2019-01-31T20:19:23.334+0000: 257705.737: Application time: 0.0507171 seconds
2019-01-31T20:19:23.347+0000: 257705.750: Total time for which application threads were stopped: 0.0128719 seconds, Stopping threads took: 0.0003439 seconds
2019-01-31T20:19:23.398+0000: 257705.801: Application time: 0.0507853 seconds
2019-01-31T20:19:23.415+0000: 257705.818: Total time for which application threads were stopped: 0.0166793 seconds, Stopping threads took: 0.0003849 seconds
2019-01-31T20:19:23.451+0000: 257705.854: Application time: 0.0364380 seconds
2019-01-31T20:19:23.466+0000: 257705.869: Total time for which application threads were stopped: 0.0154173 seconds, Stopping threads took: 0.0002956 seconds
2019-01-31T20:19:23.467+0000: 257705.870: Application time: 0.0001982 seconds
2019-01-31T20:19:23.478+0000: 257705.881: Total time for which application threads were stopped: 0.0115679 seconds, Stopping threads took: 0.0002222 seconds
2019-01-31T20:19:23.480+0000: 257705.883: Application time: 0.0018344 seconds
2019-01-31T20:19:23.493+0000: 257705.896: [GC (Allocation Failure) 2019-01-31T20:19:23.555+0000: 257705.958: [SoftReference, 0 refs, 0.0000397 secs]2019-01-31T20:19:23.555+0000: 257705.958: [WeakReference, 88 refs, 0.0000216 secs]2019-01-31T20:19:23.556+0000: 257705.959: [FinalReference, 3990 refs, 0.0011158 secs]2019-01-31T20:19:23.557+0000: 257705.960: [PhantomReference, 0 refs, 0 refs, 0.0000107 secs]2019-01-31T20:19:23.557+0000: 257705.960: [JNI Weak Reference, 0.0000145 secs]
Desired survivor size 487587840 bytes, new threshold 1 (max 15)
[PSYoungGen: 1236407K->271778K(1223680K)] 3552306K->2838230K(5068800K), 0.0671927 secs] [Times: user=2.01 sys=0.00, real=0.06 secs] 
2019-01-31T20:19:23.560+0000: 257705.963: Total time for which application threads were stopped: 0.0802243 seconds, Stopping threads took: 0.0001257 seconds
2019-01-31T20:19:23.569+0000: 257705.972: Application time: 0.0088131 seconds
2019-01-31T20:19:23.583+0000: 257705.986: [GC (GCLocker Initiated GC) 2019-01-31T20:19:23.630+0000: 257706.033: [SoftReference, 0 refs, 0.0000370 secs]2019-01-31T20:19:23.630+0000: 257706.033: [WeakReference, 10 refs, 0.0000101 secs]2019-01-31T20:19:23.630+0000: 257706.033: [FinalReference, 47 refs, 0.0000107 secs]2019-01-31T20:19:23.630+0000: 257706.033: [PhantomReference, 0 refs, 0 refs, 0.0000081 secs]2019-01-31T20:19:23.630+0000: 257706.033: [JNI Weak Reference, 0.0000147 secs]
Desired survivor size 500695040 bytes, new threshold 1 (max 15)
[PSYoungGen: 293247K->7559K(1415168K)] 2859700K->2843833K(5260288K), 0.0506735 secs] [Times: user=1.51 sys=0.00, real=0.05 secs] 
2019-01-31T20:19:23.634+0000: 257706.037: Total time for which application threads were stopped: 0.0645460 seconds, Stopping threads took: 0.0003276 seconds
2019-01-31T20:19:23.721+0000: 257706.124: Application time: 0.0871968 seconds
2019-01-31T20:19:23.734+0000: 257706.137: Total time for which application threads were stopped: 0.0130493 seconds, Stopping threads took: 0.0002617 seconds
2019-01-31T20:19:23.785+0000: 257706.188: Application time: 0.0507851 seconds
2019-01-31T20:19:23.797+0000: 257706.200: Total time for which application threads were stopped: 0.0123875 seconds, Stopping threads took: 0.0002665 seconds
2019-01-31T20:19:23.851+0000: 257706.254: Application time: 0.0537340 seconds
2019-01-31T20:19:23.865+0000: 257706.268: Total time for which application threads were stopped: 0.0138160 seconds, Stopping threads took: 0.0003491 seconds
2019-01-31T20:19:23.917+0000: 257706.320: Application time: 0.0527201 seconds
2019-01-31T20:19:23.934+0000: 257706.337: Total time for which application threads were stopped: 0.0170540 seconds, Stopping threads took: 0.0003998 seconds
2019-01-31T20:19:23.985+0000: 257706.388: Application time: 0.0508778 seconds
2019-01-31T20:19:23.998+0000: 257706.401: Total time for which application threads were stopped: 0.0124705 seconds, Stopping threads took: 0.0003108 seconds
2019-01-31T20:19:24.049+0000: 257706.452: Application time: 0.0508297 seconds
2019-01-31T20:19:24.060+0000: 257706.463: Total time for which application threads were stopped: 0.0118514 seconds, Stopping threads took: 0.0002979 seconds
2019-01-31T20:19:24.101+0000: 257706.504: Application time: 0.0410298 seconds
2019-01-31T20:19:24.115+0000: 257706.518: Total time for which application threads were stopped: 0.0137118 seconds, Stopping threads took: 0.0003303 seconds
2019-01-31T20:19:24.116+0000: 257706.519: Application time: 0.0004241 seconds
2019-01-31T20:19:24.130+0000: 257706.533: Total time for which application threads were stopped: 0.0139079 seconds, Stopping threads took: 0.0003058 seconds
2019-01-31T20:19:24.131+0000: 257706.534: Application time: 0.0014618 seconds
2019-01-31T20:19:24.146+0000: 257706.549: [GC (Allocation Failure) 2019-01-31T20:19:24.179+0000: 257706.582: [SoftReference, 0 refs, 0.0000435 secs]2019-01-31T20:19:24.179+0000: 257706.582: [WeakReference, 76 refs, 0.0000197 secs]2019-01-31T20:19:24.179+0000: 257706.582: [FinalReference, 4050 refs, 0.0011002 secs]2019-01-31T20:19:24.180+0000: 257706.583: [PhantomReference, 0 refs, 0 refs, 0.0000107 secs]2019-01-31T20:19:24.180+0000: 257706.583: [JNI Weak Reference, 0.0000148 secs]
Desired survivor size 499122176 bytes, new threshold 1 (max 15)
[PSYoungGen: 946567K->277705K(1427968K)] 3782869K->3119726K(5273088K), 0.0372160 secs] [Times: user=1.02 sys=0.00, real=0.04 secs] 
2019-01-31T20:19:24.183+0000: 257706.586: Total time for which application threads were stopped: 0.0522806 seconds, Stopping threads took: 0.0001982 seconds
2019-01-31T20:19:24.187+0000: 257706.590: Application time: 0.0038614 seconds
2019-01-31T20:19:24.203+0000: 257706.606: [GC (GCLocker Initiated GC) 2019-01-31T20:19:24.250+0000: 257706.653: [SoftReference, 0 refs, 0.0000371 secs]2019-01-31T20:19:24.250+0000: 257706.653: [WeakReference, 12 refs, 0.0000100 secs]2019-01-31T20:19:24.250+0000: 257706.653: [FinalReference, 36 refs, 0.0000085 secs]2019-01-31T20:19:24.250+0000: 257706.653: [PhantomReference, 0 refs, 0 refs, 0.0000080 secs]2019-01-31T20:19:24.250+0000: 257706.653: [JNI Weak Reference, 0.0000146 secs]
Desired survivor size 507510784 bytes, new threshold 1 (max 15)
[PSYoungGen: 287106K->3788K(1418240K)] 3129127K->3121954K(5263360K), 0.0497771 secs] [Times: user=1.50 sys=0.00, real=0.05 secs] 
2019-01-31T20:19:24.254+0000: 257706.657: Total time for which application threads were stopped: 0.0664259 seconds, Stopping threads took: 0.0003190 seconds
2019-01-31T20:19:24.313+0000: 257706.716: Application time: 0.0598637 seconds
2019-01-31T20:19:24.328+0000: 257706.731: Total time for which application threads were stopped: 0.0143929 seconds, Stopping threads took: 0.0003816 seconds
2019-01-31T20:19:24.379+0000: 257706.782: Application time: 0.0507472 seconds
2019-01-31T20:19:24.400+0000: 257706.803: Total time for which application threads were stopped: 0.0214292 seconds, Stopping threads took: 0.0087277 seconds
2019-01-31T20:19:24.451+0000: 257706.854: Application time: 0.0506777 seconds
2019-01-31T20:19:24.466+0000: 257706.869: Total time for which application threads were stopped: 0.0157877 seconds, Stopping threads took: 0.0003381 seconds
2019-01-31T20:19:24.517+0000: 257706.920: Application time: 0.0506819 seconds
2019-01-31T20:19:24.545+0000: 257706.948: Total time for which application threads were stopped: 0.0279929 seconds, Stopping threads took: 0.0128328 seconds
2019-01-31T20:19:24.596+0000: 257706.999: Application time: 0.0506434 seconds
2019-01-31T20:19:24.613+0000: 257707.016: Total time for which application threads were stopped: 0.0172156 seconds, Stopping threads took: 0.0001990 seconds
2019-01-31T20:19:24.668+0000: 257707.071: Application time: 0.0550220 seconds
2019-01-31T20:19:24.681+0000: 257707.084: Total time for which application threads were stopped: 0.0129290 seconds, Stopping threads took: 0.0003171 seconds
2019-01-31T20:19:24.732+0000: 257707.135: Application time: 0.0508503 seconds
2019-01-31T20:19:24.752+0000: 257707.155: Total time for which application threads were stopped: 0.0203278 seconds, Stopping threads took: 0.0066127 seconds
2019-01-31T20:19:24.803+0000: 257707.206: Application time: 0.0506466 seconds
2019-01-31T20:19:24.819+0000: 257707.222: Total time for which application threads were stopped: 0.0165451 seconds, Stopping threads took: 0.0006803 seconds
2019-01-31T20:19:24.870+0000: 257707.273: Application time: 0.0508505 seconds
2019-01-31T20:19:24.886+0000: 257707.289: Total time for which application threads were stopped: 0.0153212 seconds, Stopping threads took: 0.0004181 seconds
2019-01-31T20:19:24.889+0000: 257707.292: Application time: 0.0035007 seconds
2019-01-31T20:19:24.902+0000: 257707.305: Total time for which application threads were stopped: 0.0133447 seconds, Stopping threads took: 0.0002522 seconds
2019-01-31T20:19:24.903+0000: 257707.306: Application time: 0.0009706 seconds
2019-01-31T20:19:24.915+0000: 257707.318: [GC (GCLocker Initiated GC) 2019-01-31T20:19:24.948+0000: 257707.351: [SoftReference, 0 refs, 0.0000442 secs]2019-01-31T20:19:24.948+0000: 257707.351: [WeakReference, 67 refs, 0.0000165 secs]2019-01-31T20:19:24.948+0000: 257707.351: [FinalReference, 3550 refs, 0.0007469 secs]2019-01-31T20:19:24.948+0000: 257707.351: [PhantomReference, 0 refs, 0 refs, 0.0000084 secs]2019-01-31T20:19:24.948+0000: 257707.351: [JNI Weak Reference, 0.0000149 secs]
Desired survivor size 501219328 bytes, new threshold 1 (max 15)
[PSYoungGen: 934604K->257105K(1426432K)] 4052850K->3377914K(5271552K), 0.0365508 secs] [Times: user=0.96 sys=0.00, real=0.03 secs] 
2019-01-31T20:19:24.952+0000: 257707.355: Total time for which application threads were stopped: 0.0486650 seconds, Stopping threads took: 0.0002100 seconds
2019-01-31T20:19:24.955+0000: 257707.358: Application time: 0.0029819 seconds
2019-01-31T20:19:24.968+0000: 257707.371: Total time for which application threads were stopped: 0.0132625 seconds, Stopping threads took: 0.0003605 seconds
2019-01-31T20:19:25.019+0000: 257707.422: Application time: 0.0507385 seconds
2019-01-31T20:19:25.031+0000: 257707.434: Total time for which application threads were stopped: 0.0123423 seconds, Stopping threads took: 0.0003880 seconds
2019-01-31T20:19:25.082+0000: 257707.485: Application time: 0.0506389 seconds
2019-01-31T20:19:25.094+0000: 257707.497: Total time for which application threads were stopped: 0.0124548 seconds, Stopping threads took: 0.0004028 seconds
2019-01-31T20:19:25.145+0000: 257707.548: Application time: 0.0507512 seconds
2019-01-31T20:19:25.157+0000: 257707.560: Total time for which application threads were stopped: 0.0120898 seconds, Stopping threads took: 0.0003012 seconds
2019-01-31T20:19:25.208+0000: 257707.611: Application time: 0.0507648 seconds
2019-01-31T20:19:25.224+0000: 257707.627: Total time for which application threads were stopped: 0.0160724 seconds, Stopping threads took: 0.0003455 seconds
2019-01-31T20:19:25.275+0000: 257707.678: Application time: 0.0507285 seconds
2019-01-31T20:19:25.288+0000: 257707.691: Total time for which application threads were stopped: 0.0126116 seconds, Stopping threads took: 0.0003337 seconds
2019-01-31T20:19:25.339+0000: 257707.742: Application time: 0.0511436 seconds
2019-01-31T20:19:25.351+0000: 257707.754: Total time for which application threads were stopped: 0.0123505 seconds, Stopping threads took: 0.0003044 seconds
2019-01-31T20:19:25.402+0000: 257707.805: Application time: 0.0507594 seconds
2019-01-31T20:19:25.414+0000: 257707.817: Total time for which application threads were stopped: 0.0125982 seconds, Stopping threads took: 0.0004177 seconds
2019-01-31T20:19:25.461+0000: 257707.864: Application time: 0.0467560 seconds
2019-01-31T20:19:25.478+0000: 257707.881: Total time for which application threads were stopped: 0.0163959 seconds, Stopping threads took: 0.0003154 seconds
2019-01-31T20:19:25.478+0000: 257707.881: Application time: 0.0005147 seconds
2019-01-31T20:19:25.493+0000: 257707.896: Total time for which application threads were stopped: 0.0154049 seconds, Stopping threads took: 0.0003914 seconds
2019-01-31T20:19:25.496+0000: 257707.899: Application time: 0.0021652 seconds
2019-01-31T20:19:25.507+0000: 257707.910: [GC (Allocation Failure) 2019-01-31T20:19:25.571+0000: 257707.974: [SoftReference, 0 refs, 0.0000388 secs]2019-01-31T20:19:25.571+0000: 257707.974: [WeakReference, 125 refs, 0.0000246 secs]2019-01-31T20:19:25.571+0000: 257707.974: [FinalReference, 3716 refs, 0.0009973 secs]2019-01-31T20:19:25.572+0000: 257707.975: [PhantomReference, 0 refs, 0 refs, 0.0000105 secs]2019-01-31T20:19:25.572+0000: 257707.975: [JNI Weak Reference, 0.0000148 secs]
Desired survivor size 499646464 bytes, new threshold 1 (max 15)
[PSYoungGen: 1187921K->274112K(1421312K)] 4308786K->3624734K(5266432K), 0.0676870 secs] [Times: user=2.03 sys=0.00, real=0.07 secs] 
2019-01-31T20:19:25.575+0000: 257707.978: Total time for which application threads were stopped: 0.0798268 seconds, Stopping threads took: 0.0001440 seconds
2019-01-31T20:19:25.579+0000: 257707.982: Application time: 0.0034169 seconds
2019-01-31T20:19:25.595+0000: 257707.998: [GC (GCLocker Initiated GC) 2019-01-31T20:19:25.651+0000: 257708.054: [SoftReference, 0 refs, 0.0000419 secs]2019-01-31T20:19:25.652+0000: 257708.055: [WeakReference, 9 refs, 0.0000097 secs]2019-01-31T20:19:25.652+0000: 257708.055: [FinalReference, 41 refs, 0.0000101 secs]2019-01-31T20:19:25.652+0000: 257708.055: [PhantomReference, 0 refs, 0 refs, 0.0000080 secs]2019-01-31T20:19:25.652+0000: 257708.055: [JNI Weak Reference, 0.0000144 secs]
Desired survivor size 505937920 bytes, new threshold 1 (max 15)
[PSYoungGen: 284308K->4221K(1424896K)] 3634930K->3627636K(5270016K), 0.0599144 secs] [Times: user=1.76 sys=0.00, real=0.06 secs] 
2019-01-31T20:19:25.655+0000: 257708.058: [Full GC (Ergonomics) 2019-01-31T20:19:25.778+0000: 257708.181: [SoftReference, 98 refs, 0.0000584 secs]2019-01-31T20:19:25.778+0000: 257708.181: [WeakReference, 22009 refs, 0.0022352 secs]2019-01-31T20:19:25.780+0000: 257708.183: [FinalReference, 708 refs, 0.0003598 secs]2019-01-31T20:19:25.781+0000: 257708.184: [PhantomReference, 0 refs, 2808 refs, 0.0001672 secs]2019-01-31T20:19:25.781+0000: 257708.184: [JNI Weak Reference, 0.0000219 secs][PSYoungGen: 4221K->0K(1424896K)] [ParOldGen: 3623414K->2359919K(3845120K)] 3627636K->2359919K(5270016K), [Metaspace: 74531K->74531K(1118208K)], 0.6930616 secs] [Times: user=12.27 sys=0.00, real=0.69 secs] 
2019-01-31T20:19:26.349+0000: 257708.752: Total time for which application threads were stopped: 0.7696328 seconds, Stopping threads took: 0.0003050 seconds
2019-01-31T20:19:26.387+0000: 257708.790: Application time: 0.0381277 seconds
2019-01-31T20:19:26.404+0000: 257708.807: Total time for which application threads were stopped: 0.0168597 seconds, Stopping threads took: 0.0004931 seconds
2019-01-31T20:19:26.512+0000: 257708.915: Application time: 0.1081418 seconds
2019-01-31T20:19:26.525+0000: 257708.928: Total time for which application threads were stopped: 0.0130105 seconds, Stopping threads took: 0.0003179 seconds
2019-01-31T20:19:26.774+0000: 257709.177: Application time: 0.2497846 seconds
2019-01-31T20:19:26.788+0000: 257709.191: Total time for which application threads were stopped: 0.0136579 seconds, Stopping threads took: 0.0003165 seconds
2019-01-31T20:19:26.792+0000: 257709.195: Application time: 0.0037730 seconds
2019-01-31T20:19:26.805+0000: 257709.208: Total time for which application threads were stopped: 0.0128603 seconds, Stopping threads took: 0.0003083 seconds
2019-01-31T20:19:26.810+0000: 257709.213: Application time: 0.0048645 seconds
2019-01-31T20:19:26.825+0000: 257709.228: [GC (Allocation Failure) 2019-01-31T20:19:26.855+0000: 257709.258: [SoftReference, 0 refs, 0.0000372 secs]2019-01-31T20:19:26.855+0000: 257709.258: [WeakReference, 73 refs, 0.0000221 secs]2019-01-31T20:19:26.855+0000: 257709.258: [FinalReference, 3809 refs, 0.0009306 secs]2019-01-31T20:19:26.856+0000: 257709.259: [PhantomReference, 0 refs, 1 refs, 0.0000088 secs]2019-01-31T20:19:26.856+0000: 257709.259: [JNI Weak Reference, 0.0000146 secs]
Desired survivor size 504365056 bytes, new threshold 1 (max 15)
[PSYoungGen: 936960K->264157K(1429504K)] 3297367K->2624565K(5274624K), 0.0345686 secs] [Times: user=0.96 sys=0.00, real=0.03 secs] 
2019-01-31T20:19:26.859+0000: 257709.262: Total time for which application threads were stopped: 0.0498169 seconds, Stopping threads took: 0.0001790 seconds
2019-01-31T20:19:26.864+0000: 257709.267: Application time: 0.0049898 seconds
2019-01-31T20:19:26.879+0000: 257709.282: Total time for which application threads were stopped: 0.0141638 seconds, Stopping threads took: 0.0002567 seconds
2019-01-31T20:19:26.887+0000: 257709.290: Application time: 0.0088812 seconds
2019-01-31T20:19:26.905+0000: 257709.308: [GC (GCLocker Initiated GC) 2019-01-31T20:19:26.951+0000: 257709.354: [SoftReference, 0 refs, 0.0000353 secs]2019-01-31T20:19:26.951+0000: 257709.354: [WeakReference, 14 refs, 0.0000105 secs]2019-01-31T20:19:26.951+0000: 257709.354: [FinalReference, 78 refs, 0.0000139 secs]2019-01-31T20:19:26.951+0000: 257709.354: [PhantomReference, 0 refs, 0 refs, 0.0000077 secs]2019-01-31T20:19:26.951+0000: 257709.354: [JNI Weak Reference, 0.0000147 secs]
Desired survivor size 505413632 bytes, new threshold 1 (max 15)
[PSYoungGen: 299027K->10685K(1427968K)] 2659434K->2630470K(5273088K), 0.0494480 secs] [Times: user=1.47 sys=0.00, real=0.05 secs] 
2019-01-31T20:19:26.954+0000: 257709.357: Total time for which application threads were stopped: 0.0669105 seconds, Stopping threads took: 0.0004638 seconds
2019-01-31T20:19:26.957+0000: 257709.360: Application time: 0.0022777 seconds
2019-01-31T20:19:26.971+0000: 257709.374: Total time for which application threads were stopped: 0.0146208 seconds, Stopping threads took: 0.0003276 seconds
2019-01-31T20:19:27.022+0000: 257709.425: Application time: 0.0506936 seconds
2019-01-31T20:19:27.036+0000: 257709.439: Total time for which application threads were stopped: 0.0134911 seconds, Stopping threads took: 0.0004167 seconds
2019-01-31T20:19:27.086+0000: 257709.489: Application time: 0.0505292 seconds
2019-01-31T20:19:27.100+0000: 257709.503: Total time for which application threads were stopped: 0.0136327 seconds, Stopping threads took: 0.0004775 seconds
2019-01-31T20:19:27.150+0000: 257709.553: Application time: 0.0505333 seconds
2019-01-31T20:19:27.164+0000: 257709.567: Total time for which application threads were stopped: 0.0136268 seconds, Stopping threads took: 0.0004505 seconds
2019-01-31T20:19:27.215+0000: 257709.618: Application time: 0.0510235 seconds
2019-01-31T20:19:27.229+0000: 257709.632: Total time for which application threads were stopped: 0.0137821 seconds, Stopping threads took: 0.0004654 seconds
2019-01-31T20:19:27.279+0000: 257709.682: Application time: 0.0505888 seconds
2019-01-31T20:19:27.293+0000: 257709.696: Total time for which application threads were stopped: 0.0135816 seconds, Stopping threads took: 0.0004185 seconds
2019-01-31T20:19:27.343+0000: 257709.746: Application time: 0.0506456 seconds
2019-01-31T20:19:27.356+0000: 257709.759: Total time for which application threads were stopped: 0.0128616 seconds, Stopping threads took: 0.0003359 seconds
2019-01-31T20:19:27.407+0000: 257709.810: Application time: 0.0507514 seconds
2019-01-31T20:19:27.424+0000: 257709.827: Total time for which application threads were stopped: 0.0171910 seconds, Stopping threads took: 0.0005335 seconds
2019-01-31T20:19:27.475+0000: 257709.878: Application time: 0.0506905 seconds
2019-01-31T20:19:27.488+0000: 257709.891: Total time for which application threads were stopped: 0.0126292 seconds, Stopping threads took: 0.0003065 seconds
2019-01-31T20:19:27.489+0000: 257709.892: Application time: 0.0015053 seconds
2019-01-31T20:19:27.501+0000: 257709.904: Total time for which application threads were stopped: 0.0117531 seconds, Stopping threads took: 0.0002445 seconds
2019-01-31T20:19:27.503+0000: 257709.906: Application time: 0.0022785 seconds
2019-01-31T20:19:27.516+0000: 257709.919: [GC (Allocation Failure) 2019-01-31T20:19:27.548+0000: 257709.951: [SoftReference, 0 refs, 0.0000399 secs]2019-01-31T20:19:27.548+0000: 257709.951: [WeakReference, 108 refs, 0.0000202 secs]2019-01-31T20:19:27.548+0000: 257709.951: [FinalReference, 3855 refs, 0.0010209 secs]2019-01-31T20:19:27.549+0000: 257709.952: [PhantomReference, 0 refs, 0 refs, 0.0000082 secs]2019-01-31T20:19:27.549+0000: 257709.952: [JNI Weak Reference, 0.0000149 secs]
Desired survivor size 508559360 bytes, new threshold 1 (max 15)
[PSYoungGen: 946109K->269013K(1422336K)] 3566042K->2897158K(5267456K), 0.0356987 secs] [Times: user=0.98 sys=0.00, real=0.03 secs] 
2019-01-31T20:19:27.552+0000: 257709.955: Total time for which application threads were stopped: 0.0490712 seconds, Stopping threads took: 0.0001569 seconds
2019-01-31T20:19:27.553+0000: 257709.956: Application time: 0.0002758 seconds
2019-01-31T20:19:27.565+0000: 257709.968: Total time for which application threads were stopped: 0.0129401 seconds, Stopping threads took: 0.0002526 seconds
2019-01-31T20:19:27.581+0000: 257709.983: Application time: 0.0150262 seconds
2019-01-31T20:19:27.594+0000: 257709.997: [GC (GCLocker Initiated GC) 2019-01-31T20:19:27.640+0000: 257710.043: [SoftReference, 0 refs, 0.0000390 secs]2019-01-31T20:19:27.640+0000: 257710.043: [WeakReference, 11 refs, 0.0000097 secs]2019-01-31T20:19:27.640+0000: 257710.043: [FinalReference, 73 refs, 0.0000128 secs]2019-01-31T20:19:27.640+0000: 257710.043: [PhantomReference, 0 refs, 0 refs, 0.0000165 secs]2019-01-31T20:19:27.640+0000: 257710.043: [JNI Weak Reference, 0.0000142 secs]
Desired survivor size 506986496 bytes, new threshold 1 (max 15)
[PSYoungGen: 301352K->10782K(1425408K)] 2929496K->2906724K(5270528K), 0.0486704 secs] [Times: user=1.46 sys=0.00, real=0.05 secs] 
2019-01-31T20:19:27.643+0000: 257710.046: Total time for which application threads were stopped: 0.0628122 seconds, Stopping threads took: 0.0003180 seconds
2019-01-31T20:19:27.644+0000: 257710.047: Application time: 0.0003998 seconds
2019-01-31T20:19:27.657+0000: 257710.060: Total time for which application threads were stopped: 0.0128465 seconds, Stopping threads took: 0.0002831 seconds
2019-01-31T20:19:27.707+0000: 257710.110: Application time: 0.0505872 seconds
2019-01-31T20:19:27.720+0000: 257710.123: Total time for which application threads were stopped: 0.0125699 seconds, Stopping threads took: 0.0003992 seconds
2019-01-31T20:19:27.771+0000: 257710.174: Application time: 0.0507777 seconds
2019-01-31T20:19:27.784+0000: 257710.187: Total time for which application threads were stopped: 0.0138443 seconds, Stopping threads took: 0.0004651 seconds
2019-01-31T20:19:27.839+0000: 257710.242: Application time: 0.0544301 seconds
2019-01-31T20:19:27.855+0000: 257710.258: Total time for which application threads were stopped: 0.0165757 seconds, Stopping threads took: 0.0004188 seconds
2019-01-31T20:19:27.906+0000: 257710.309: Application time: 0.0507760 seconds
2019-01-31T20:19:27.919+0000: 257710.322: Total time for which application threads were stopped: 0.0127157 seconds, Stopping threads took: 0.0003200 seconds
2019-01-31T20:19:27.969+0000: 257710.372: Application time: 0.0505641 seconds
2019-01-31T20:19:27.983+0000: 257710.386: Total time for which application threads were stopped: 0.0136445 seconds, Stopping threads took: 0.0003546 seconds
2019-01-31T20:19:28.034+0000: 257710.437: Application time: 0.0506427 seconds
2019-01-31T20:19:28.047+0000: 257710.450: Total time for which application threads were stopped: 0.0133918 seconds, Stopping threads took: 0.0003329 seconds
2019-01-31T20:19:28.098+0000: 257710.501: Application time: 0.0507730 seconds
2019-01-31T20:19:28.113+0000: 257710.516: Total time for which application threads were stopped: 0.0146183 seconds, Stopping threads took: 0.0002314 seconds
2019-01-31T20:19:28.144+0000: 257710.547: Application time: 0.0314730 seconds
2019-01-31T20:19:28.158+0000: 257710.561: Total time for which application threads were stopped: 0.0136243 seconds, Stopping threads took: 0.0003981 seconds
2019-01-31T20:19:28.159+0000: 257710.562: Application time: 0.0015479 seconds
2019-01-31T20:19:28.176+0000: 257710.579: [GC (GCLocker Initiated GC) 2019-01-31T20:19:28.211+0000: 257710.614: [SoftReference, 0 refs, 0.0000385 secs]2019-01-31T20:19:28.211+0000: 257710.614: [WeakReference, 86 refs, 0.0000219 secs]2019-01-31T20:19:28.211+0000: 257710.614: [FinalReference, 4230 refs, 0.0010959 secs]2019-01-31T20:19:28.212+0000: 257710.615: [PhantomReference, 0 refs, 0 refs, 0.0000083 secs]2019-01-31T20:19:28.212+0000: 257710.615: [JNI Weak Reference, 0.0000150 secs]
Desired survivor size 521142272 bytes, new threshold 1 (max 15)
[PSYoungGen: 939550K->293719K(1399296K)] 3835650K->3199001K(5244416K), 0.0388035 secs] [Times: user=1.07 sys=0.00, real=0.04 secs] 
2019-01-31T20:19:28.215+0000: 257710.618: Total time for which application threads were stopped: 0.0561603 seconds, Stopping threads took: 0.0002573 seconds
2019-01-31T20:19:28.230+0000: 257710.633: Application time: 0.0149363 seconds
2019-01-31T20:19:28.248+0000: 257710.651: Total time for which application threads were stopped: 0.0180881 seconds, Stopping threads took: 0.0003593 seconds
2019-01-31T20:19:28.299+0000: 257710.702: Application time: 0.0509977 seconds
2019-01-31T20:19:28.314+0000: 257710.717: Total time for which application threads were stopped: 0.0148511 seconds, Stopping threads took: 0.0002955 seconds
2019-01-31T20:19:28.365+0000: 257710.768: Application time: 0.0507619 seconds
2019-01-31T20:19:28.378+0000: 257710.781: Total time for which application threads were stopped: 0.0134752 seconds, Stopping threads took: 0.0004211 seconds
2019-01-31T20:19:28.429+0000: 257710.832: Application time: 0.0507317 seconds
2019-01-31T20:19:28.447+0000: 257710.850: Total time for which application threads were stopped: 0.0173254 seconds, Stopping threads took: 0.0003308 seconds
2019-01-31T20:19:28.497+0000: 257710.900: Application time: 0.0507362 seconds
2019-01-31T20:19:28.511+0000: 257710.914: Total time for which application threads were stopped: 0.0135881 seconds, Stopping threads took: 0.0003635 seconds
2019-01-31T20:19:28.562+0000: 257710.965: Application time: 0.0509590 seconds
2019-01-31T20:19:28.576+0000: 257710.979: Total time for which application threads were stopped: 0.0141437 seconds, Stopping threads took: 0.0004853 seconds
2019-01-31T20:19:28.627+0000: 257711.030: Application time: 0.0507309 seconds
2019-01-31T20:19:28.641+0000: 257711.044: Total time for which application threads were stopped: 0.0138043 seconds, Stopping threads took: 0.0004537 seconds
2019-01-31T20:19:28.691+0000: 257711.094: Application time: 0.0509463 seconds
2019-01-31T20:19:28.705+0000: 257711.108: Total time for which application threads were stopped: 0.0130255 seconds, Stopping threads took: 0.0003066 seconds
2019-01-31T20:19:28.724+0000: 257711.127: Application time: 0.0198535 seconds
2019-01-31T20:19:28.743+0000: 257711.146: Total time for which application threads were stopped: 0.0189227 seconds, Stopping threads took: 0.0003882 seconds
2019-01-31T20:19:28.746+0000: 257711.149: Application time: 0.0025753 seconds
2019-01-31T20:19:28.764+0000: 257711.167: [GC (GCLocker Initiated GC) 2019-01-31T20:19:28.827+0000: 257711.230: [SoftReference, 0 refs, 0.0000417 secs]2019-01-31T20:19:28.827+0000: 257711.230: [WeakReference, 123 refs, 0.0000218 secs]2019-01-31T20:19:28.827+0000: 257711.230: [FinalReference, 3829 refs, 0.0010451 secs]2019-01-31T20:19:28.828+0000: 257711.231: [PhantomReference, 0 refs, 0 refs, 0.0000158 secs]2019-01-31T20:19:28.828+0000: 257711.231: [JNI Weak Reference, 0.0000154 secs]
Desired survivor size 520617984 bytes, new threshold 1 (max 15)
[PSYoungGen: 1197911K->267064K(1413120K)] 4103468K->3417662K(5258240K), 0.0673483 secs] [Times: user=2.05 sys=0.00, real=0.06 secs] 
2019-01-31T20:19:28.831+0000: 257711.234: Total time for which application threads were stopped: 0.0855194 seconds, Stopping threads took: 0.0001700 seconds
2019-01-31T20:19:28.843+0000: 257711.246: Application time: 0.0117506 seconds
2019-01-31T20:19:28.863+0000: 257711.266: Total time for which application threads were stopped: 0.0196855 seconds, Stopping threads took: 0.0007241 seconds
2019-01-31T20:19:28.863+0000: 257711.266: Application time: 0.0001665 seconds
2019-01-31T20:19:28.876+0000: 257711.279: Total time for which application threads were stopped: 0.0130437 seconds, Stopping threads took: 0.0002495 seconds
2019-01-31T20:19:28.928+0000: 257711.331: Application time: 0.0520359 seconds
2019-01-31T20:19:28.946+0000: 257711.349: Total time for which application threads were stopped: 0.0178302 seconds, Stopping threads took: 0.0002968 seconds
2019-01-31T20:19:28.997+0000: 257711.400: Application time: 0.0507672 seconds
2019-01-31T20:19:29.011+0000: 257711.414: Total time for which application threads were stopped: 0.0139273 seconds, Stopping threads took: 0.0005298 seconds
2019-01-31T20:19:29.061+0000: 257711.464: Application time: 0.0505916 seconds
2019-01-31T20:19:29.080+0000: 257711.483: Total time for which application threads were stopped: 0.0189119 seconds, Stopping threads took: 0.0003283 seconds
2019-01-31T20:19:29.131+0000: 257711.534: Application time: 0.0507301 seconds
2019-01-31T20:19:29.145+0000: 257711.548: Total time for which application threads were stopped: 0.0136684 seconds, Stopping threads took: 0.0003843 seconds
2019-01-31T20:19:29.196+0000: 257711.599: Application time: 0.0516075 seconds
2019-01-31T20:19:29.209+0000: 257711.612: Total time for which application threads were stopped: 0.0132007 seconds, Stopping threads took: 0.0004238 seconds
2019-01-31T20:19:29.260+0000: 257711.663: Application time: 0.0508118 seconds
2019-01-31T20:19:29.277+0000: 257711.680: Total time for which application threads were stopped: 0.0163905 seconds, Stopping threads took: 0.0005596 seconds
2019-01-31T20:19:29.278+0000: 257711.681: Application time: 0.0010165 seconds
2019-01-31T20:19:29.291+0000: 257711.694: Total time for which application threads were stopped: 0.0130360 seconds, Stopping threads took: 0.0002348 seconds
2019-01-31T20:19:29.327+0000: 257711.730: Application time: 0.0366612 seconds
2019-01-31T20:19:29.341+0000: 257711.744: Total time for which application threads were stopped: 0.0136248 seconds, Stopping threads took: 0.0003336 seconds
2019-01-31T20:19:29.371+0000: 257711.774: Application time: 0.0299791 seconds
2019-01-31T20:19:29.387+0000: 257711.790: Total time for which application threads were stopped: 0.0161836 seconds, Stopping threads took: 0.0004024 seconds
2019-01-31T20:19:29.389+0000: 257711.792: Application time: 0.0015045 seconds
2019-01-31T20:19:29.406+0000: 257711.809: [GC (GCLocker Initiated GC) 2019-01-31T20:19:29.469+0000: 257711.872: [SoftReference, 0 refs, 0.0000397 secs]2019-01-31T20:19:29.469+0000: 257711.872: [WeakReference, 74 refs, 0.0000193 secs]2019-01-31T20:19:29.469+0000: 257711.872: [FinalReference, 3482 refs, 0.0009007 secs]2019-01-31T20:19:29.470+0000: 257711.873: [PhantomReference, 0 refs, 0 refs, 0.0000085 secs]2019-01-31T20:19:29.470+0000: 257711.873: [JNI Weak Reference, 0.0000147 secs]
Desired survivor size 512229376 bytes, new threshold 1 (max 15)
[PSYoungGen: 1171256K->252914K(1396224K)] 4322093K->3639052K(5241344K), 0.0674236 secs] [Times: user=1.97 sys=0.00, real=0.07 secs] 
2019-01-31T20:19:29.473+0000: 257711.876: [Full GC (Ergonomics) 2019-01-31T20:19:29.602+0000: 257712.005: [SoftReference, 98 refs, 0.0000479 secs]2019-01-31T20:19:29.602+0000: 257712.005: [WeakReference, 29081 refs, 0.0028986 secs]2019-01-31T20:19:29.605+0000: 257712.008: [FinalReference, 1139 refs, 0.0003363 secs]2019-01-31T20:19:29.605+0000: 257712.008: [PhantomReference, 0 refs, 2808 refs, 0.0001584 secs]2019-01-31T20:19:29.606+0000: 257712.009: [JNI Weak Reference, 0.0000221 secs][PSYoungGen: 252914K->0K(1396224K)] [ParOldGen: 3386137K->2464551K(3845120K)] 3639052K->2464551K(5241344K), [Metaspace: 74531K->74531K(1118208K)], 0.7361023 secs] [Times: user=12.94 sys=0.00, real=0.73 secs] 
2019-01-31T20:19:30.210+0000: 257712.613: Total time for which application threads were stopped: 0.8212609 seconds, Stopping threads took: 0.0001573 seconds
2019-01-31T20:19:30.225+0000: 257712.628: Application time: 0.0147388 seconds
2019-01-31T20:19:30.238+0000: 257712.641: Total time for which application threads were stopped: 0.0137333 seconds, Stopping threads took: 0.0003923 seconds
2019-01-31T20:19:30.290+0000: 257712.693: Application time: 0.0512561 seconds
2019-01-31T20:19:30.305+0000: 257712.708: Total time for which application threads were stopped: 0.0158334 seconds, Stopping threads took: 0.0004335 seconds
2019-01-31T20:19:30.356+0000: 257712.759: Application time: 0.0505625 seconds
2019-01-31T20:19:30.370+0000: 257712.773: Total time for which application threads were stopped: 0.0138870 seconds, Stopping threads took: 0.0004056 seconds
2019-01-31T20:19:30.421+0000: 257712.824: Application time: 0.0507293 seconds
2019-01-31T20:19:30.436+0000: 257712.839: Total time for which application threads were stopped: 0.0151284 seconds, Stopping threads took: 0.0004537 seconds
2019-01-31T20:19:30.486+0000: 257712.889: Application time: 0.0507159 seconds
2019-01-31T20:19:30.499+0000: 257712.902: Total time for which application threads were stopped: 0.0128520 seconds, Stopping threads took: 0.0003007 seconds
2019-01-31T20:19:30.550+0000: 257712.953: Application time: 0.0507000 seconds
2019-01-31T20:19:30.563+0000: 257712.966: Total time for which application threads were stopped: 0.0132331 seconds, Stopping threads took: 0.0004550 seconds
2019-01-31T20:19:30.617+0000: 257713.020: Application time: 0.0535768 seconds
2019-01-31T20:19:30.631+0000: 257713.034: Total time for which application threads were stopped: 0.0137058 seconds, Stopping threads took: 0.0003992 seconds
2019-01-31T20:19:30.687+0000: 257713.090: Application time: 0.0559910 seconds
2019-01-31T20:19:30.700+0000: 257713.103: Total time for which application threads were stopped: 0.0135391 seconds, Stopping threads took: 0.0002084 seconds
2019-01-31T20:19:30.701+0000: 257713.104: Application time: 0.0005548 seconds
2019-01-31T20:19:30.717+0000: 257713.120: [GC (GCLocker Initiated GC) 2019-01-31T20:19:30.749+0000: 257713.152: [SoftReference, 0 refs, 0.0000479 secs]2019-01-31T20:19:30.749+0000: 257713.152: [WeakReference, 98 refs, 0.0000225 secs]2019-01-31T20:19:30.749+0000: 257713.152: [FinalReference, 3803 refs, 0.0010452 secs]2019-01-31T20:19:30.750+0000: 257713.153: [PhantomReference, 0 refs, 0 refs, 0.0000107 secs]2019-01-31T20:19:30.750+0000: 257713.153: [JNI Weak Reference, 0.0000144 secs]
Desired survivor size 515375104 bytes, new threshold 1 (max 15)
[PSYoungGen: 904704K->285360K(1404928K)] 3369324K->2749981K(5250048K), 0.0367005 secs] [Times: user=0.99 sys=0.01, real=0.04 secs] 
2019-01-31T20:19:30.754+0000: 257713.157: Total time for which application threads were stopped: 0.0532746 seconds, Stopping threads took: 0.0002311 seconds
2019-01-31T20:19:30.810+0000: 257713.213: Application time: 0.0557524 seconds
2019-01-31T20:19:30.828+0000: 257713.231: Total time for which application threads were stopped: 0.0182387 seconds, Stopping threads took: 0.0002849 seconds
2019-01-31T20:19:30.879+0000: 257713.282: Application time: 0.0509373 seconds
2019-01-31T20:19:30.894+0000: 257713.297: Total time for which application threads were stopped: 0.0149403 seconds, Stopping threads took: 0.0002229 seconds
2019-01-31T20:19:30.945+0000: 257713.348: Application time: 0.0507097 seconds
2019-01-31T20:19:30.958+0000: 257713.361: Total time for which application threads were stopped: 0.0135578 seconds, Stopping threads took: 0.0003586 seconds
2019-01-31T20:19:31.009+0000: 257713.412: Application time: 0.0507304 seconds
2019-01-31T20:19:31.023+0000: 257713.426: Total time for which application threads were stopped: 0.0141883 seconds, Stopping threads took: 0.0003115 seconds
2019-01-31T20:19:31.074+0000: 257713.477: Application time: 0.0507274 seconds
2019-01-31T20:19:31.088+0000: 257713.491: Total time for which application threads were stopped: 0.0142380 seconds, Stopping threads took: 0.0002687 seconds
2019-01-31T20:19:31.141+0000: 257713.544: Application time: 0.0533779 seconds
2019-01-31T20:19:31.155+0000: 257713.558: Total time for which application threads were stopped: 0.0134439 seconds, Stopping threads took: 0.0003651 seconds
2019-01-31T20:19:31.206+0000: 257713.609: Application time: 0.0508545 seconds
2019-01-31T20:19:31.224+0000: 257713.627: Total time for which application threads were stopped: 0.0180588 seconds, Stopping threads took: 0.0003054 seconds
2019-01-31T20:19:31.244+0000: 257713.647: Application time: 0.0199591 seconds
2019-01-31T20:19:31.262+0000: 257713.665: Total time for which application threads were stopped: 0.0185988 seconds, Stopping threads took: 0.0003373 seconds
2019-01-31T20:19:31.264+0000: 257713.667: Application time: 0.0020545 seconds
2019-01-31T20:19:31.277+0000: 257713.680: [GC (Allocation Failure) 2019-01-31T20:19:31.339+0000: 257713.742: [SoftReference, 0 refs, 0.0000492 secs]2019-01-31T20:19:31.339+0000: 257713.742: [WeakReference, 110 refs, 0.0000218 secs]2019-01-31T20:19:31.339+0000: 257713.742: [FinalReference, 3444 refs, 0.0008832 secs]2019-01-31T20:19:31.340+0000: 257713.743: [PhantomReference, 0 refs, 1 refs, 0.0000085 secs]2019-01-31T20:19:31.340+0000: 257713.743: [JNI Weak Reference, 0.0000144 secs]
Desired survivor size 510132224 bytes, new threshold 1 (max 15)
[PSYoungGen: 1190064K->271204K(1414656K)] 3654803K->2976860K(5259776K), 0.0661291 secs] [Times: user=2.01 sys=0.00, real=0.06 secs] 
2019-01-31T20:19:31.344+0000: 257713.747: Total time for which application threads were stopped: 0.0794214 seconds, Stopping threads took: 0.0001425 seconds
2019-01-31T20:19:31.345+0000: 257713.748: Application time: 0.0007309 seconds
2019-01-31T20:19:31.358+0000: 257713.761: Total time for which application threads were stopped: 0.0136043 seconds, Stopping threads took: 0.0003399 seconds
2019-01-31T20:19:31.384+0000: 257713.787: Application time: 0.0263350 seconds
2019-01-31T20:19:31.399+0000: 257713.802: [GC (GCLocker Initiated GC) 2019-01-31T20:19:31.448+0000: 257713.851: [SoftReference, 0 refs, 0.0000433 secs]2019-01-31T20:19:31.448+0000: 257713.851: [WeakReference, 15 refs, 0.0000106 secs]2019-01-31T20:19:31.448+0000: 257713.851: [FinalReference, 132 refs, 0.0000160 secs]2019-01-31T20:19:31.448+0000: 257713.851: [PhantomReference, 0 refs, 0 refs, 0.0000077 secs]2019-01-31T20:19:31.448+0000: 257713.851: [JNI Weak Reference, 0.0000150 secs]
Desired survivor size 514326528 bytes, new threshold 1 (max 15)
[PSYoungGen: 330108K->18132K(1416704K)] 3035764K->2990993K(5261824K), 0.0522209 secs] [Times: user=1.57 sys=0.00, real=0.05 secs] 
2019-01-31T20:19:31.451+0000: 257713.854: Total time for which application threads were stopped: 0.0666371 seconds, Stopping threads took: 0.0005080 seconds
2019-01-31T20:19:31.453+0000: 257713.856: Application time: 0.0017011 seconds
2019-01-31T20:19:31.468+0000: 257713.871: Total time for which application threads were stopped: 0.0156521 seconds, Stopping threads took: 0.0002554 seconds
2019-01-31T20:19:31.522+0000: 257713.925: Application time: 0.0539135 seconds
2019-01-31T20:19:31.536+0000: 257713.939: Total time for which application threads were stopped: 0.0134317 seconds, Stopping threads took: 0.0006236 seconds
2019-01-31T20:19:31.586+0000: 257713.989: Application time: 0.0505391 seconds
2019-01-31T20:19:31.600+0000: 257714.003: Total time for which application threads were stopped: 0.0132511 seconds, Stopping threads took: 0.0005751 seconds
2019-01-31T20:19:31.650+0000: 257714.053: Application time: 0.0506277 seconds
2019-01-31T20:19:31.664+0000: 257714.067: Total time for which application threads were stopped: 0.0134994 seconds, Stopping threads took: 0.0003324 seconds
2019-01-31T20:19:31.714+0000: 257714.117: Application time: 0.0507238 seconds
2019-01-31T20:19:31.729+0000: 257714.132: Total time for which application threads were stopped: 0.0149996 seconds, Stopping threads took: 0.0002924 seconds
2019-01-31T20:19:31.780+0000: 257714.183: Application time: 0.0507604 seconds
2019-01-31T20:19:31.797+0000: 257714.200: Total time for which application threads were stopped: 0.0164687 seconds, Stopping threads took: 0.0003159 seconds
2019-01-31T20:19:31.848+0000: 257714.251: Application time: 0.0507749 seconds
2019-01-31T20:19:31.863+0000: 257714.266: Total time for which application threads were stopped: 0.0153621 seconds, Stopping threads took: 0.0005094 seconds
2019-01-31T20:19:31.913+0000: 257714.316: Application time: 0.0506137 seconds
2019-01-31T20:19:31.928+0000: 257714.331: Total time for which application threads were stopped: 0.0144223 seconds, Stopping threads took: 0.0002868 seconds
2019-01-31T20:19:31.966+0000: 257714.369: Application time: 0.0382108 seconds
2019-01-31T20:19:31.980+0000: 257714.383: Total time for which application threads were stopped: 0.0142776 seconds, Stopping threads took: 0.0003451 seconds
2019-01-31T20:19:31.982+0000: 257714.385: Application time: 0.0014124 seconds
2019-01-31T20:19:31.996+0000: 257714.399: [GC (GCLocker Initiated GC) 2019-01-31T20:19:32.026+0000: 257714.429: [SoftReference, 0 refs, 0.0000344 secs]2019-01-31T20:19:32.026+0000: 257714.429: [WeakReference, 92 refs, 0.0000198 secs]2019-01-31T20:19:32.026+0000: 257714.429: [FinalReference, 3709 refs, 0.0010589 secs]2019-01-31T20:19:32.028+0000: 257714.431: [PhantomReference, 0 refs, 0 refs, 0.0000085 secs]2019-01-31T20:19:32.028+0000: 257714.431: [JNI Weak Reference, 0.0000141 secs]
Desired survivor size 505937920 bytes, new threshold 1 (max 15)
[PSYoungGen: 936660K->253549K(1411584K)] 3909589K->3240358K(5256704K), 0.0347301 secs] [Times: user=0.96 sys=0.02, real=0.03 secs] 
2019-01-31T20:19:32.031+0000: 257714.434: Total time for which application threads were stopped: 0.0493142 seconds, Stopping threads took: 0.0001527 seconds
2019-01-31T20:19:32.069+0000: 257714.472: Application time: 0.0380205 seconds
2019-01-31T20:19:32.083+0000: 257714.486: Total time for which application threads were stopped: 0.0142352 seconds, Stopping threads took: 0.0003279 seconds
2019-01-31T20:19:32.134+0000: 257714.537: Application time: 0.0507951 seconds
2019-01-31T20:19:32.149+0000: 257714.552: Total time for which application threads were stopped: 0.0145539 seconds, Stopping threads took: 0.0005667 seconds
2019-01-31T20:19:32.199+0000: 257714.602: Application time: 0.0504989 seconds
2019-01-31T20:19:32.213+0000: 257714.616: Total time for which application threads were stopped: 0.0141889 seconds, Stopping threads took: 0.0004233 seconds
2019-01-31T20:19:32.264+0000: 257714.667: Application time: 0.0506014 seconds
2019-01-31T20:19:32.282+0000: 257714.685: Total time for which application threads were stopped: 0.0177716 seconds, Stopping threads took: 0.0003321 seconds
2019-01-31T20:19:32.335+0000: 257714.738: Application time: 0.0528338 seconds
2019-01-31T20:19:32.350+0000: 257714.753: Total time for which application threads were stopped: 0.0156876 seconds, Stopping threads took: 0.0003646 seconds
2019-01-31T20:19:32.401+0000: 257714.804: Application time: 0.0505386 seconds
2019-01-31T20:19:32.416+0000: 257714.819: Total time for which application threads were stopped: 0.0153903 seconds, Stopping threads took: 0.0003078 seconds
2019-01-31T20:19:32.467+0000: 257714.870: Application time: 0.0506099 seconds
2019-01-31T20:19:32.480+0000: 257714.883: Total time for which application threads were stopped: 0.0134545 seconds, Stopping threads took: 0.0003992 seconds
2019-01-31T20:19:32.528+0000: 257714.931: Application time: 0.0473103 seconds
2019-01-31T20:19:32.541+0000: 257714.944: Total time for which application threads were stopped: 0.0130657 seconds, Stopping threads took: 0.0002211 seconds
2019-01-31T20:19:32.541+0000: 257714.944: Application time: 0.0004935 seconds
2019-01-31T20:19:32.554+0000: 257714.957: Total time for which application threads were stopped: 0.0126815 seconds, Stopping threads took: 0.0002067 seconds
2019-01-31T20:19:32.555+0000: 257714.958: Application time: 0.0014091 seconds
2019-01-31T20:19:32.568+0000: 257714.971: [GC (Allocation Failure) 2019-01-31T20:19:32.630+0000: 257715.033: [SoftReference, 0 refs, 0.0000462 secs]2019-01-31T20:19:32.630+0000: 257715.033: [WeakReference, 94 refs, 0.0000209 secs]2019-01-31T20:19:32.630+0000: 257715.033: [FinalReference, 3525 refs, 0.0009206 secs]2019-01-31T20:19:32.631+0000: 257715.034: [PhantomReference, 0 refs, 0 refs, 0.0000083 secs]2019-01-31T20:19:32.631+0000: 257715.034: [JNI Weak Reference, 0.0000147 secs]
Desired survivor size 507510784 bytes, new threshold 1 (max 15)
[PSYoungGen: 1175149K->281454K(1415680K)] 4161995K->3506991K(5260800K), 0.0666656 secs] [Times: user=2.02 sys=0.00, real=0.07 secs] 
2019-01-31T20:19:32.635+0000: 257715.038: Total time for which application threads were stopped: 0.0794266 seconds, Stopping threads took: 0.0001054 seconds
2019-01-31T20:19:32.638+0000: 257715.041: Application time: 0.0035282 seconds
2019-01-31T20:19:32.653+0000: 257715.056: [GC (GCLocker Initiated GC) 2019-01-31T20:19:32.702+0000: 257715.105: [SoftReference, 0 refs, 0.0000451 secs]2019-01-31T20:19:32.702+0000: 257715.105: [WeakReference, 11 refs, 0.0000098 secs]2019-01-31T20:19:32.702+0000: 257715.105: [FinalReference, 37 refs, 0.0000140 secs]2019-01-31T20:19:32.702+0000: 257715.105: [PhantomReference, 0 refs, 0 refs, 0.0000079 secs]2019-01-31T20:19:32.702+0000: 257715.105: [JNI Weak Reference, 0.0000141 secs]
Desired survivor size 512753664 bytes, new threshold 1 (max 15)
[PSYoungGen: 291003K->4084K(1416192K)] 3516539K->3510218K(5261312K), 0.0523033 secs] [Times: user=1.58 sys=0.01, real=0.06 secs] 
2019-01-31T20:19:32.706+0000: 257715.109: [Full GC (Ergonomics) 2019-01-31T20:19:32.847+0000: 257715.250: [SoftReference, 97 refs, 0.0000585 secs]2019-01-31T20:19:32.847+0000: 257715.250: [WeakReference, 29440 refs, 0.0027575 secs]2019-01-31T20:19:32.850+0000: 257715.253: [FinalReference, 492 refs, 0.0002208 secs]2019-01-31T20:19:32.850+0000: 257715.253: [PhantomReference, 0 refs, 2805 refs, 0.0001578 secs]2019-01-31T20:19:32.851+0000: 257715.254: [JNI Weak Reference, 0.0000236 secs][PSYoungGen: 4084K->0K(1416192K)] [ParOldGen: 3506134K->2691165K(3845120K)] 3510218K->2691165K(5261312K), [Metaspace: 74531K->74531K(1118208K)], 0.8277802 secs] [Times: user=14.54 sys=0.00, real=0.82 secs] 
2019-01-31T20:19:33.534+0000: 257715.937: Total time for which application threads were stopped: 0.8953482 seconds, Stopping threads took: 0.0002459 seconds
2019-01-31T20:19:33.594+0000: 257715.997: Application time: 0.0607897 seconds
2019-01-31T20:19:33.609+0000: 257716.012: Total time for which application threads were stopped: 0.0145045 seconds, Stopping threads took: 0.0005102 seconds
2019-01-31T20:19:33.660+0000: 257716.063: Application time: 0.0507205 seconds
2019-01-31T20:19:33.677+0000: 257716.080: Total time for which application threads were stopped: 0.0176640 seconds, Stopping threads took: 0.0003681 seconds
2019-01-31T20:19:33.728+0000: 257716.131: Application time: 0.0507366 seconds
2019-01-31T20:19:33.743+0000: 257716.146: Total time for which application threads were stopped: 0.0149682 seconds, Stopping threads took: 0.0005485 seconds
2019-01-31T20:19:33.794+0000: 257716.197: Application time: 0.0507285 seconds
2019-01-31T20:19:33.807+0000: 257716.210: Total time for which application threads were stopped: 0.0129650 seconds, Stopping threads took: 0.0003288 seconds
2019-01-31T20:19:33.908+0000: 257716.311: Application time: 0.1009993 seconds
2019-01-31T20:19:33.922+0000: 257716.325: Total time for which application threads were stopped: 0.0138621 seconds, Stopping threads took: 0.0003557 seconds
2019-01-31T20:19:33.951+0000: 257716.354: Application time: 0.0298408 seconds
2019-01-31T20:19:33.965+0000: 257716.368: Total time for which application threads were stopped: 0.0134479 seconds, Stopping threads took: 0.0002614 seconds
2019-01-31T20:19:34.012+0000: 257716.415: Application time: 0.0471607 seconds
2019-01-31T20:19:34.027+0000: 257716.430: Total time for which application threads were stopped: 0.0148930 seconds, Stopping threads took: 0.0003992 seconds
2019-01-31T20:19:34.028+0000: 257716.431: Application time: 0.0011209 seconds
2019-01-31T20:19:34.043+0000: 257716.446: [GC (GCLocker Initiated GC) 2019-01-31T20:19:34.076+0000: 257716.479: [SoftReference, 0 refs, 0.0000407 secs]2019-01-31T20:19:34.076+0000: 257716.479: [WeakReference, 97 refs, 0.0000214 secs]2019-01-31T20:19:34.076+0000: 257716.479: [FinalReference, 3777 refs, 0.0009715 secs]2019-01-31T20:19:34.077+0000: 257716.480: [PhantomReference, 0 refs, 45 refs, 0.0000141 secs]2019-01-31T20:19:34.077+0000: 257716.480: [JNI Weak Reference, 0.0000146 secs]
Desired survivor size 520617984 bytes, new threshold 1 (max 15)
[PSYoungGen: 920576K->291715K(1212416K)] 3611857K->2982997K(5057536K), 0.0365415 secs] [Times: user=0.98 sys=0.00, real=0.04 secs] 
2019-01-31T20:19:34.080+0000: 257716.483: Total time for which application threads were stopped: 0.0519872 seconds, Stopping threads took: 0.0002390 seconds
2019-01-31T20:19:34.450+0000: 257716.853: Application time: 0.3702968 seconds
2019-01-31T20:19:34.471+0000: 257716.874: Total time for which application threads were stopped: 0.0201722 seconds, Stopping threads took: 0.0004187 seconds
2019-01-31T20:19:34.472+0000: 257716.875: Application time: 0.0009471 seconds
2019-01-31T20:19:34.488+0000: 257716.891: [GC (GCLocker Initiated GC) 2019-01-31T20:19:34.551+0000: 257716.954: [SoftReference, 0 refs, 0.0000414 secs]2019-01-31T20:19:34.551+0000: 257716.954: [WeakReference, 103 refs, 0.0000218 secs]2019-01-31T20:19:34.551+0000: 257716.954: [FinalReference, 3371 refs, 0.0008626 secs]2019-01-31T20:19:34.552+0000: 257716.955: [PhantomReference, 0 refs, 10 refs, 0.0000102 secs]2019-01-31T20:19:34.552+0000: 257716.955: [JNI Weak Reference, 0.0000144 secs]
Desired survivor size 513277952 bytes, new threshold 1 (max 15)
[PSYoungGen: 1212291K->261203K(1420800K)] 3903673K->3202293K(5265920K), 0.0668354 secs] [Times: user=2.02 sys=0.00, real=0.07 secs] 
2019-01-31T20:19:34.555+0000: 257716.958: Total time for which application threads were stopped: 0.0837401 seconds, Stopping threads took: 0.0001576 seconds
2019-01-31T20:19:34.909+0000: 257717.312: Application time: 0.3541577 seconds
2019-01-31T20:19:34.925+0000: 257717.328: Total time for which application threads were stopped: 0.0152193 seconds, Stopping threads took: 0.0002837 seconds
2019-01-31T20:19:34.926+0000: 257717.329: Application time: 0.0013788 seconds
2019-01-31T20:19:34.940+0000: 257717.343: [GC (Allocation Failure) 2019-01-31T20:19:35.005+0000: 257717.408: [SoftReference, 0 refs, 0.0000396 secs]2019-01-31T20:19:35.005+0000: 257717.408: [WeakReference, 78 refs, 0.0000202 secs]2019-01-31T20:19:35.005+0000: 257717.408: [FinalReference, 3599 refs, 0.0009244 secs]2019-01-31T20:19:35.006+0000: 257717.409: [PhantomReference, 0 refs, 2 refs, 0.0000092 secs]2019-01-31T20:19:35.006+0000: 257717.409: [JNI Weak Reference, 0.0000149 secs]
Desired survivor size 513277952 bytes, new threshold 1 (max 15)
[PSYoungGen: 1173587K->283664K(1413632K)] 4114805K->3471277K(5258752K), 0.0693035 secs] [Times: user=2.07 sys=0.00, real=0.07 secs] 
2019-01-31T20:19:35.010+0000: 257717.413: Total time for which application threads were stopped: 0.0838919 seconds, Stopping threads took: 0.0001272 seconds
2019-01-31T20:19:35.013+0000: 257717.416: Application time: 0.0029062 seconds
2019-01-31T20:19:35.027+0000: 257717.430: [GC (GCLocker Initiated GC) 2019-01-31T20:19:35.076+0000: 257717.479: [SoftReference, 0 refs, 0.0000426 secs]2019-01-31T20:19:35.076+0000: 257717.479: [WeakReference, 14 refs, 0.0000109 secs]2019-01-31T20:19:35.076+0000: 257717.479: [FinalReference, 39 refs, 0.0000103 secs]2019-01-31T20:19:35.076+0000: 257717.479: [PhantomReference, 0 refs, 0 refs, 0.0000077 secs]2019-01-31T20:19:35.076+0000: 257717.479: [JNI Weak Reference, 0.0000153 secs]
Desired survivor size 519569408 bytes, new threshold 1 (max 15)
[PSYoungGen: 292459K->3649K(1407488K)] 3480072K->3473924K(5252608K), 0.0515413 secs] [Times: user=1.56 sys=0.01, real=0.05 secs] 
2019-01-31T20:19:35.079+0000: 257717.482: [Full GC (Ergonomics) 2019-01-31T20:19:35.376+0000: 257717.779: [SoftReference, 101 refs, 0.0000520 secs]2019-01-31T20:19:35.376+0000: 257717.779: [WeakReference, 27203 refs, 0.0026651 secs]2019-01-31T20:19:35.379+0000: 257717.782: [FinalReference, 369 refs, 0.0002230 secs]2019-01-31T20:19:35.379+0000: 257717.782: [PhantomReference, 0 refs, 2857 refs, 0.0001703 secs]2019-01-31T20:19:35.379+0000: 257717.782: [JNI Weak Reference, 0.0000298 secs][PSYoungGen: 3649K->0K(1407488K)] [ParOldGen: 3470274K->2797784K(3845120K)] 3473924K->2797784K(5252608K), [Metaspace: 74531K->74531K(1118208K)], 0.9827373 secs] [Times: user=20.04 sys=0.00, real=0.98 secs] 
2019-01-31T20:19:36.062+0000: 257718.465: Total time for which application threads were stopped: 1.0495535 seconds, Stopping threads took: 0.0003424 seconds
2019-01-31T20:19:36.384+0000: 257718.787: Application time: 0.3216974 seconds
2019-01-31T20:19:36.399+0000: 257718.802: Total time for which application threads were stopped: 0.0148469 seconds, Stopping threads took: 0.0002703 seconds
2019-01-31T20:19:36.400+0000: 257718.803: Application time: 0.0013080 seconds
2019-01-31T20:19:36.414+0000: 257718.817: [GC (Allocation Failure) 2019-01-31T20:19:36.444+0000: 257718.847: [SoftReference, 0 refs, 0.0000373 secs]2019-01-31T20:19:36.444+0000: 257718.847: [WeakReference, 98 refs, 0.0000177 secs]2019-01-31T20:19:36.444+0000: 257718.847: [FinalReference, 3496 refs, 0.0008071 secs]2019-01-31T20:19:36.445+0000: 257718.848: [PhantomReference, 0 refs, 99 refs, 0.0000225 secs]2019-01-31T20:19:36.445+0000: 257718.848: [JNI Weak Reference, 0.0000137 secs]
Desired survivor size 515375104 bytes, new threshold 1 (max 15)
[PSYoungGen: 906240K->263964K(1413632K)] 3704334K->3062059K(5258752K), 0.0334123 secs] [Times: user=0.89 sys=0.01, real=0.03 secs] 
2019-01-31T20:19:36.448+0000: 257718.851: Total time for which application threads were stopped: 0.0480760 seconds, Stopping threads took: 0.0001633 seconds
2019-01-31T20:19:36.465+0000: 257718.868: Application time: 0.0168396 seconds
2019-01-31T20:19:36.480+0000: 257718.883: [GC (GCLocker Initiated GC) 2019-01-31T20:19:36.523+0000: 257718.926: [SoftReference, 0 refs, 0.0000362 secs]2019-01-31T20:19:36.523+0000: 257718.926: [WeakReference, 15 refs, 0.0000096 secs]2019-01-31T20:19:36.523+0000: 257718.926: [FinalReference, 84 refs, 0.0000140 secs]2019-01-31T20:19:36.523+0000: 257718.926: [PhantomReference, 0 refs, 31 refs, 0.0000109 secs]2019-01-31T20:19:36.523+0000: 257718.926: [JNI Weak Reference, 0.0000135 secs]
Desired survivor size 515899392 bytes, new threshold 1 (max 15)
[PSYoungGen: 306622K->15272K(1413632K)] 3104717K->3075222K(5258752K), 0.0467662 secs] [Times: user=1.37 sys=0.00, real=0.05 secs] 
2019-01-31T20:19:36.527+0000: 257718.930: Total time for which application threads were stopped: 0.0615372 seconds, Stopping threads took: 0.0005162 seconds
2019-01-31T20:19:36.853+0000: 257719.256: Application time: 0.3261514 seconds
2019-01-31T20:19:36.867+0000: 257719.270: Total time for which application threads were stopped: 0.0139674 seconds, Stopping threads took: 0.0002689 seconds
2019-01-31T20:19:36.868+0000: 257719.271: Application time: 0.0009976 seconds
2019-01-31T20:19:36.882+0000: 257719.285: [GC (GCLocker Initiated GC) 2019-01-31T20:19:36.914+0000: 257719.317: [SoftReference, 0 refs, 0.0000359 secs]2019-01-31T20:19:36.914+0000: 257719.317: [WeakReference, 92 refs, 0.0000190 secs]2019-01-31T20:19:36.914+0000: 257719.317: [FinalReference, 3515 refs, 0.0008419 secs]2019-01-31T20:19:36.915+0000: 257719.318: [PhantomReference, 0 refs, 104 refs, 0.0000164 secs]2019-01-31T20:19:36.915+0000: 257719.318: [JNI Weak Reference, 0.0000134 secs]
Desired survivor size 525336576 bytes, new threshold 1 (max 15)
[PSYoungGen: 926632K->293006K(1204736K)] 3986783K->3366933K(5049856K), 0.0360000 secs] [Times: user=0.99 sys=0.00, real=0.04 secs] 
2019-01-31T20:19:36.919+0000: 257719.322: Total time for which application threads were stopped: 0.0507208 seconds, Stopping threads took: 0.0002057 seconds
2019-01-31T20:19:37.239+0000: 257719.642: Application time: 0.3206935 seconds
2019-01-31T20:19:37.259+0000: 257719.662: Total time for which application threads were stopped: 0.0197784 seconds, Stopping threads took: 0.0003151 seconds
2019-01-31T20:19:37.261+0000: 257719.664: Application time: 0.0015503 seconds
2019-01-31T20:19:37.278+0000: 257719.681: [GC (GCLocker Initiated GC) 2019-01-31T20:19:37.339+0000: 257719.742: [SoftReference, 0 refs, 0.0000348 secs]2019-01-31T20:19:37.339+0000: 257719.742: [WeakReference, 103 refs, 0.0000215 secs]2019-01-31T20:19:37.339+0000: 257719.742: [FinalReference, 3613 refs, 0.0008943 secs]2019-01-31T20:19:37.340+0000: 257719.743: [PhantomReference, 0 refs, 9 refs, 0.0000093 secs]2019-01-31T20:19:37.340+0000: 257719.743: [JNI Weak Reference, 0.0000133 secs]
Desired survivor size 526909440 bytes, new threshold 1 (max 15)
[PSYoungGen: 1204366K->281373K(1405952K)] 4278406K->3606981K(5251072K), 0.0653562 secs] [Times: user=1.99 sys=0.00, real=0.06 secs] 
2019-01-31T20:19:37.344+0000: 257719.747: Total time for which application threads were stopped: 0.0829340 seconds, Stopping threads took: 0.0002370 seconds
2019-01-31T20:19:37.672+0000: 257720.075: Application time: 0.3285872 seconds
2019-01-31T20:19:37.687+0000: 257720.090: Total time for which application threads were stopped: 0.0152523 seconds, Stopping threads took: 0.0012919 seconds
2019-01-31T20:19:37.689+0000: 257720.092: Application time: 0.0015358 seconds
2019-01-31T20:19:37.707+0000: 257720.110: [GC (GCLocker Initiated GC) 2019-01-31T20:19:37.768+0000: 257720.171: [SoftReference, 0 refs, 0.0000360 secs]2019-01-31T20:19:37.768+0000: 257720.171: [WeakReference, 111 refs, 0.0000200 secs]2019-01-31T20:19:37.768+0000: 257720.171: [FinalReference, 3239 refs, 0.0007922 secs]2019-01-31T20:19:37.768+0000: 257720.171: [PhantomReference, 0 refs, 18 refs, 0.0000127 secs]2019-01-31T20:19:37.769+0000: 257720.171: [JNI Weak Reference, 0.0000132 secs]
Desired survivor size 512753664 bytes, new threshold 1 (max 15)
[PSYoungGen: 1174301K->247101K(1140224K)] 4500215K->3818041K(4985344K), 0.0649056 secs] [Times: user=1.97 sys=0.00, real=0.06 secs] 
2019-01-31T20:19:37.772+0000: 257720.175: [Full GC (Ergonomics) 2019-01-31T20:19:37.913+0000: 257720.316: [SoftReference, 96 refs, 0.0000506 secs]2019-01-31T20:19:37.913+0000: 257720.316: [WeakReference, 26290 refs, 0.0026038 secs]2019-01-31T20:19:37.915+0000: 257720.318: [FinalReference, 1026 refs, 0.0002924 secs]2019-01-31T20:19:37.916+0000: 257720.319: [PhantomReference, 0 refs, 3066 refs, 0.0001839 secs]2019-01-31T20:19:37.916+0000: 257720.319: [JNI Weak Reference, 0.0000212 secs][PSYoungGen: 247101K->0K(1140224K)] [ParOldGen: 3570939K->2941350K(3845120K)] 3818041K->2941350K(4985344K), [Metaspace: 74531K->74531K(1118208K)], 0.8122449 secs] [Times: user=14.90 sys=0.00, real=0.81 secs] 
2019-01-31T20:19:38.585+0000: 257720.988: Total time for which application threads were stopped: 0.8957126 seconds, Stopping threads took: 0.0002861 seconds
2019-01-31T20:19:38.895+0000: 257721.298: Application time: 0.3104940 seconds
2019-01-31T20:19:38.909+0000: 257721.312: Total time for which application threads were stopped: 0.0142437 seconds, Stopping threads took: 0.0002808 seconds
2019-01-31T20:19:38.911+0000: 257721.314: Application time: 0.0018799 seconds
2019-01-31T20:19:38.929+0000: 257721.332: [GC (GCLocker Initiated GC) 2019-01-31T20:19:38.962+0000: 257721.365: [SoftReference, 0 refs, 0.0000447 secs]2019-01-31T20:19:38.962+0000: 257721.365: [WeakReference, 101 refs, 0.0000233 secs]2019-01-31T20:19:38.962+0000: 257721.365: [FinalReference, 3681 refs, 0.0009378 secs]2019-01-31T20:19:38.963+0000: 257721.366: [PhantomReference, 0 refs, 115 refs, 0.0000191 secs]2019-01-31T20:19:38.963+0000: 257721.366: [JNI Weak Reference, 0.0000150 secs]
Desired survivor size 515899392 bytes, new threshold 2 (max 15)
[PSYoungGen: 892928K->293176K(1392128K)] 3834415K->3234663K(5237248K), 0.0376137 secs] [Times: user=0.97 sys=0.01, real=0.04 secs] 
2019-01-31T20:19:38.967+0000: 257721.370: Total time for which application threads were stopped: 0.0557267 seconds, Stopping threads took: 0.0002793 seconds
2019-01-31T20:19:39.278+0000: 257721.681: Application time: 0.3111583 seconds
2019-01-31T20:19:39.293+0000: 257721.696: Total time for which application threads were stopped: 0.0146690 seconds, Stopping threads took: 0.0003123 seconds
2019-01-31T20:19:39.295+0000: 257721.698: Application time: 0.0019246 seconds
2019-01-31T20:19:39.309+0000: 257721.712: [GC (GCLocker Initiated GC) 2019-01-31T20:19:39.361+0000: 257721.764: [SoftReference, 0 refs, 0.0000405 secs]2019-01-31T20:19:39.361+0000: 257721.764: [WeakReference, 185 refs, 0.0000332 secs]2019-01-31T20:19:39.361+0000: 257721.764: [FinalReference, 3498 refs, 0.0009051 secs]2019-01-31T20:19:39.362+0000: 257721.765: [PhantomReference, 0 refs, 156 refs, 0.0000227 secs]2019-01-31T20:19:39.362+0000: 257721.765: [JNI Weak Reference, 0.0000135 secs]
Desired survivor size 614989824 bytes, new threshold 1 (max 15)
[PSYoungGen: 1184568K->503801K(1395200K)] 4126257K->3495447K(5240320K), 0.0556954 secs] [Times: user=1.66 sys=0.00, real=0.06 secs] 
2019-01-31T20:19:39.365+0000: 257721.768: Total time for which application threads were stopped: 0.0705635 seconds, Stopping threads took: 0.0002563 seconds
2019-01-31T20:19:39.689+0000: 257722.092: Application time: 0.3238227 seconds
2019-01-31T20:19:39.704+0000: 257722.107: Total time for which application threads were stopped: 0.0148592 seconds, Stopping threads took: 0.0003240 seconds
2019-01-31T20:19:39.705+0000: 257722.108: Application time: 0.0012617 seconds
2019-01-31T20:19:39.721+0000: 257722.124: [GC (GCLocker Initiated GC) 2019-01-31T20:19:39.811+0000: 257722.214: [SoftReference, 0 refs, 0.0000367 secs]2019-01-31T20:19:39.811+0000: 257722.214: [WeakReference, 146 refs, 0.0000240 secs]2019-01-31T20:19:39.811+0000: 257722.214: [FinalReference, 3387 refs, 0.0008133 secs]2019-01-31T20:19:39.812+0000: 257722.215: [PhantomReference, 0 refs, 25 refs, 0.0000117 secs]2019-01-31T20:19:39.812+0000: 257722.215: [JNI Weak Reference, 0.0000202 secs]
Desired survivor size 586678272 bytes, new threshold 2 (max 15)
[PSYoungGen: 1395193K->267874K(1303040K)] 4386999K->3706501K(5148160K), 0.0939209 secs] [Times: user=2.91 sys=0.00, real=0.10 secs] 
2019-01-31T20:19:39.815+0000: 257722.218: [Full GC (Ergonomics) 2019-01-31T20:19:39.960+0000: 257722.363: [SoftReference, 99 refs, 0.0000494 secs]2019-01-31T20:19:39.960+0000: 257722.363: [WeakReference, 23710 refs, 0.0024343 secs]2019-01-31T20:19:39.963+0000: 257722.365: [FinalReference, 818 refs, 0.0001476 secs]2019-01-31T20:19:39.963+0000: 257722.366: [PhantomReference, 0 refs, 3221 refs, 0.0001771 secs]2019-01-31T20:19:39.963+0000: 257722.366: [JNI Weak Reference, 0.0000202 secs][PSYoungGen: 267874K->0K(1303040K)] [ParOldGen: 3438626K->3051492K(3845120K)] 3706501K->3051492K(5148160K), [Metaspace: 74531K->74531K(1118208K)], 0.8577202 secs] [Times: user=15.41 sys=0.00, real=0.85 secs] 
2019-01-31T20:19:40.674+0000: 257723.077: Total time for which application threads were stopped: 0.9683408 seconds, Stopping threads took: 0.0001544 seconds
2019-01-31T20:19:40.951+0000: 257723.354: Application time: 0.2769708 seconds
2019-01-31T20:19:40.972+0000: 257723.375: Total time for which application threads were stopped: 0.0213912 seconds, Stopping threads took: 0.0002408 seconds
2019-01-31T20:19:40.973+0000: 257723.376: Application time: 0.0013670 seconds
2019-01-31T20:19:40.988+0000: 257723.391: [GC (GCLocker Initiated GC) 2019-01-31T20:19:41.015+0000: 257723.418: [SoftReference, 0 refs, 0.0000348 secs]2019-01-31T20:19:41.015+0000: 257723.418: [WeakReference, 116 refs, 0.0000193 secs]2019-01-31T20:19:41.015+0000: 257723.418: [FinalReference, 2854 refs, 0.0007470 secs]2019-01-31T20:19:41.016+0000: 257723.419: [PhantomReference, 0 refs, 106 refs, 0.0000162 secs]2019-01-31T20:19:41.016+0000: 257723.419: [JNI Weak Reference, 0.0000137 secs]
Desired survivor size 557842432 bytes, new threshold 3 (max 15)
[PSYoungGen: 776192K->225919K(1349120K)] 3827956K->3277683K(5194240K), 0.0312860 secs] [Times: user=0.82 sys=0.01, real=0.03 secs] 
2019-01-31T20:19:41.020+0000: 257723.423: Total time for which application threads were stopped: 0.0462239 seconds, Stopping threads took: 0.0002262 seconds
2019-01-31T20:19:41.300+0000: 257723.703: Application time: 0.2803566 seconds
2019-01-31T20:19:41.317+0000: 257723.720: Total time for which application threads were stopped: 0.0165831 seconds, Stopping threads took: 0.0003427 seconds
2019-01-31T20:19:41.318+0000: 257723.721: Application time: 0.0012679 seconds
2019-01-31T20:19:41.334+0000: 257723.737: [GC (GCLocker Initiated GC) 2019-01-31T20:19:41.377+0000: 257723.780: [SoftReference, 0 refs, 0.0000411 secs]2019-01-31T20:19:41.377+0000: 257723.780: [WeakReference, 194 refs, 0.0000285 secs]2019-01-31T20:19:41.377+0000: 257723.780: [FinalReference, 2968 refs, 0.0007510 secs]2019-01-31T20:19:41.378+0000: 257723.781: [PhantomReference, 0 refs, 143 refs, 0.0000197 secs]2019-01-31T20:19:41.378+0000: 257723.781: [JNI Weak Reference, 0.0000134 secs]
Desired survivor size 610795520 bytes, new threshold 4 (max 15)
[PSYoungGen: 1002111K->466970K(1273856K)] 4053972K->3518831K(5118976K), 0.0464389 secs] [Times: user=1.30 sys=0.00, real=0.05 secs] 
2019-01-31T20:19:41.381+0000: 257723.784: Total time for which application threads were stopped: 0.0634575 seconds, Stopping threads took: 0.0002890 seconds
2019-01-31T20:19:41.655+0000: 257724.058: Application time: 0.2739819 seconds
2019-01-31T20:19:41.671+0000: 257724.074: Total time for which application threads were stopped: 0.0153631 seconds, Stopping threads took: 0.0008168 seconds
2019-01-31T20:19:41.672+0000: 257724.075: Application time: 0.0014346 seconds
2019-01-31T20:19:41.687+0000: 257724.090: [GC (GCLocker Initiated GC) 2019-01-31T20:19:41.752+0000: 257724.155: [SoftReference, 0 refs, 0.0000448 secs]2019-01-31T20:19:41.752+0000: 257724.155: [WeakReference, 272 refs, 0.0000404 secs]2019-01-31T20:19:41.752+0000: 257724.155: [FinalReference, 0 refs, 0.0000060 secs]2019-01-31T20:19:41.752+0000: 257724.155: [PhantomReference, 0 refs, 151 refs, 0.0000413 secs]2019-01-31T20:19:41.752+0000: 257724.155: [JNI Weak Reference, 0.0000139 secs]
Desired survivor size 655884288 bytes, new threshold 3 (max 15)
[PSYoungGen: 1196058K->596452K(1325568K)] 4248000K->3739904K(5170688K), 0.0679451 secs] [Times: user=2.04 sys=0.00, real=0.07 secs] 
2019-01-31T20:19:41.755+0000: 257724.158: Total time for which application threads were stopped: 0.0832446 seconds, Stopping threads took: 0.0001861 seconds
2019-01-31T20:19:42.019+0000: 257724.422: Application time: 0.2639877 seconds
2019-01-31T20:19:42.034+0000: 257724.437: Total time for which application threads were stopped: 0.0151971 seconds, Stopping threads took: 0.0007701 seconds
2019-01-31T20:19:42.036+0000: 257724.439: Application time: 0.0011875 seconds
2019-01-31T20:19:42.053+0000: 257724.456: [GC (GCLocker Initiated GC) 2019-01-31T20:19:42.731+0000: 257725.134: [SoftReference, 0 refs, 0.0000395 secs]2019-01-31T20:19:42.731+0000: 257725.134: [WeakReference, 261 refs, 0.0000412 secs]2019-01-31T20:19:42.731+0000: 257725.134: [FinalReference, 2947 refs, 0.0008967 secs]2019-01-31T20:19:42.732+0000: 257725.135: [PhantomReference, 0 refs, 78 refs, 0.0000158 secs]2019-01-31T20:19:42.732+0000: 257725.135: [JNI Weak Reference, 0.0000147 secs]
Desired survivor size 655884288 bytes, new threshold 2 (max 15)
[PSYoungGen: 1325540K->565304K(1237504K)] 4469085K->3897546K(5082624K), 0.6833319 secs] [Times: user=18.80 sys=2.98, real=0.69 secs] 
2019-01-31T20:19:42.737+0000: 257725.140: Total time for which application threads were stopped: 0.7008319 seconds, Stopping threads took: 0.0002210 seconds
2019-01-31T20:19:42.958+0000: 257725.361: Application time: 0.2217083 seconds
2019-01-31T20:19:42.979+0000: 257725.382: Total time for which application threads were stopped: 0.0203701 seconds, Stopping threads took: 0.0003009 seconds
2019-01-31T20:19:42.980+0000: 257725.383: Application time: 0.0017379 seconds
2019-01-31T20:19:42.999+0000: 257725.402: [GC (GCLocker Initiated GC) 2019-01-31T20:19:43.081+0000: 257725.484: [SoftReference, 0 refs, 0.0000393 secs]2019-01-31T20:19:43.081+0000: 257725.484: [WeakReference, 152 refs, 0.0000273 secs]2019-01-31T20:19:43.081+0000: 257725.484: [FinalReference, 2521 refs, 0.0006263 secs]2019-01-31T20:19:43.082+0000: 257725.485: [PhantomReference, 0 refs, 138 refs, 0.0000207 secs]2019-01-31T20:19:43.082+0000: 257725.485: [JNI Weak Reference, 0.0000192 secs]
Desired survivor size 655884288 bytes, new threshold 1 (max 15)
[PSYoungGen: 1206328K->405208K(1281536K)] 4538829K->4076302K(5126656K), 0.0864911 secs] [Times: user=2.61 sys=0.01, real=0.09 secs] 
2019-01-31T20:19:43.085+0000: 257725.488: [Full GC (Ergonomics) 2019-01-31T20:19:43.243+0000: 257725.646: [SoftReference, 99 refs, 0.0000549 secs]2019-01-31T20:19:43.243+0000: 257725.646: [WeakReference, 22064 refs, 0.0023811 secs]2019-01-31T20:19:43.246+0000: 257725.648: [FinalReference, 3822 refs, 0.0008157 secs]2019-01-31T20:19:43.246+0000: 257725.649: [PhantomReference, 0 refs, 3489 refs, 0.0002096 secs]2019-01-31T20:19:43.247+0000: 257725.650: [JNI Weak Reference, 0.0000223 secs][PSYoungGen: 405208K->0K(1281536K)] [ParOldGen: 3671094K->3324489K(3845120K)] 4076302K->3324489K(5126656K), [Metaspace: 74531K->74531K(1118208K)], 0.9164478 secs] [Times: user=16.13 sys=0.00, real=0.91 secs] 
2019-01-31T20:19:44.002+0000: 257726.405: Total time for which application threads were stopped: 1.0220479 seconds, Stopping threads took: 0.0002331 seconds
2019-01-31T20:19:44.227+0000: 257726.630: Application time: 0.2249733 seconds
2019-01-31T20:19:44.243+0000: 257726.646: Total time for which application threads were stopped: 0.0158204 seconds, Stopping threads took: 0.0002427 seconds
2019-01-31T20:19:44.245+0000: 257726.648: Application time: 0.0017874 seconds
2019-01-31T20:19:44.261+0000: 257726.664: [Full GC (Ergonomics) 2019-01-31T20:19:44.424+0000: 257726.827: [SoftReference, 104 refs, 0.0000537 secs]2019-01-31T20:19:44.424+0000: 257726.827: [WeakReference, 25244 refs, 0.0025701 secs]2019-01-31T20:19:44.427+0000: 257726.830: [FinalReference, 2700 refs, 0.0014336 secs]2019-01-31T20:19:44.428+0000: 257726.831: [PhantomReference, 0 refs, 3609 refs, 0.0002048 secs]2019-01-31T20:19:44.428+0000: 257726.831: [JNI Weak Reference, 0.0000192 secs][PSYoungGen: 641024K->0K(1281536K)] [ParOldGen: 3325053K->3390176K(3845120K)] 3966077K->3390176K(5126656K), [Metaspace: 74531K->74531K(1118208K)], 0.8992876 secs] [Times: user=16.62 sys=0.00, real=0.90 secs] 
2019-01-31T20:19:45.160+0000: 257727.563: Total time for which application threads were stopped: 0.9154001 seconds, Stopping threads took: 0.0002148 seconds
2019-01-31T20:19:45.363+0000: 257727.766: Application time: 0.2026503 seconds
2019-01-31T20:19:45.380+0000: 257727.783: Total time for which application threads were stopped: 0.0171865 seconds, Stopping threads took: 0.0005268 seconds
2019-01-31T20:19:45.411+0000: 257727.814: Application time: 0.0311207 seconds
2019-01-31T20:19:45.429+0000: 257727.832: Total time for which application threads were stopped: 0.0179231 seconds, Stopping threads took: 0.0005263 seconds
2019-01-31T20:19:45.433+0000: 257727.836: Application time: 0.0035593 seconds
2019-01-31T20:19:45.449+0000: 257727.852: [Full GC (Ergonomics) 2019-01-31T20:19:45.626+0000: 257728.029: [SoftReference, 95 refs, 0.0000519 secs]2019-01-31T20:19:45.626+0000: 257728.029: [WeakReference, 16956 refs, 0.0019010 secs]2019-01-31T20:19:45.628+0000: 257728.031: [FinalReference, 2779 refs, 0.0013511 secs]2019-01-31T20:19:45.630+0000: 257728.033: [PhantomReference, 0 refs, 3757 refs, 0.0002544 secs]2019-01-31T20:19:45.630+0000: 257728.033: [JNI Weak Reference, 0.0000221 secs][PSYoungGen: 641024K->0K(1281536K)] [ParOldGen: 3390728K->3538406K(3845120K)] 4031752K->3538406K(5126656K), [Metaspace: 74531K->74531K(1118208K)], 0.9324317 secs] [Times: user=17.37 sys=0.00, real=0.93 secs] 
2019-01-31T20:19:46.382+0000: 257728.785: Total time for which application threads were stopped: 0.9495677 seconds, Stopping threads took: 0.0002840 seconds
2019-01-31T20:19:46.400+0000: 257728.803: Application time: 0.0179640 seconds
2019-01-31T20:19:46.421+0000: 257728.824: [GC (GCLocker Initiated GC) 2019-01-31T20:19:46.436+0000: 257728.839: [SoftReference, 0 refs, 0.0000508 secs]2019-01-31T20:19:46.436+0000: 257728.839: [WeakReference, 26 refs, 0.0000187 secs]2019-01-31T20:19:46.436+0000: 257728.839: [FinalReference, 118 refs, 0.0000304 secs]2019-01-31T20:19:46.436+0000: 257728.839: [PhantomReference, 0 refs, 50 refs, 0.0000198 secs]2019-01-31T20:19:46.436+0000: 257728.839: [JNI Weak Reference, 0.0000221 secs]
Desired survivor size 655884288 bytes, new threshold 1 (max 15)
[PSYoungGen: 39658K->19881K(1281536K)] 3578065K->3558287K(5126656K), 0.0190163 secs] [Times: user=0.26 sys=0.01, real=0.02 secs] 
2019-01-31T20:19:46.441+0000: 257728.844: [Full GC (Ergonomics) 2019-01-31T20:19:46.621+0000: 257729.024: [SoftReference, 101 refs, 0.0000586 secs]2019-01-31T20:19:46.621+0000: 257729.024: [WeakReference, 16223 refs, 0.0018765 secs]2019-01-31T20:19:46.623+0000: 257729.026: [FinalReference, 804 refs, 0.0000755 secs]2019-01-31T20:19:46.623+0000: 257729.026: [PhantomReference, 0 refs, 3787 refs, 0.0002276 secs]2019-01-31T20:19:46.624+0000: 257729.027: [JNI Weak Reference, 0.0000193 secs][PSYoungGen: 19881K->0K(1281536K)] [ParOldGen: 3538406K->3554839K(3845120K)] 3558287K->3554839K(5126656K), [Metaspace: 74531K->74531K(1118208K)], 3.5996864 secs] [Times: user=96.60 sys=0.44, real=3.60 secs] 
2019-01-31T20:19:50.041+0000: 257732.444: Total time for which application threads were stopped: 3.6408110 seconds, Stopping threads took: 0.0006976 seconds
2019-01-31T20:19:50.264+0000: 257732.667: Application time: 0.2223069 seconds
2019-01-31T20:19:50.286+0000: 257732.689: Total time for which application threads were stopped: 0.0225083 seconds, Stopping threads took: 0.0003296 seconds
2019-01-31T20:19:50.288+0000: 257732.691: Application time: 0.0016242 seconds
2019-01-31T20:19:50.302+0000: 257732.705: [Full GC (Ergonomics) 2019-01-31T20:19:50.648+0000: 257733.051: [SoftReference, 100 refs, 0.0000547 secs]2019-01-31T20:19:50.648+0000: 257733.051: [WeakReference, 33251 refs, 0.0034158 secs]2019-01-31T20:19:50.651+0000: 257733.054: [FinalReference, 2932 refs, 0.0014385 secs]2019-01-31T20:19:50.653+0000: 257733.056: [PhantomReference, 0 refs, 3891 refs, 0.0002466 secs]2019-01-31T20:19:50.653+0000: 257733.056: [JNI Weak Reference, 0.0000197 secs][PSYoungGen: 641024K->0K(1281536K)] [ParOldGen: 3555271K->3622026K(3845120K)] 4196295K->3622026K(5126656K), [Metaspace: 74531K->74531K(1118208K)], 1.0736231 secs] [Times: user=22.67 sys=0.00, real=1.07 secs] 
2019-01-31T20:19:51.377+0000: 257733.780: Total time for which application threads were stopped: 1.0890346 seconds, Stopping threads took: 0.0001816 seconds
2019-01-31T20:19:51.596+0000: 257733.999: Application time: 0.2195916 seconds
2019-01-31T20:19:51.614+0000: 257734.017: Total time for which application threads were stopped: 0.0173272 seconds, Stopping threads took: 0.0006214 seconds
2019-01-31T20:19:51.615+0000: 257734.018: Application time: 0.0017766 seconds
2019-01-31T20:19:51.632+0000: 257734.035: [Full GC (Ergonomics) 2019-01-31T20:19:51.967+0000: 257734.370: [SoftReference, 99 refs, 0.0000547 secs]2019-01-31T20:19:51.967+0000: 257734.370: [WeakReference, 27281 refs, 0.0028100 secs]2019-01-31T20:19:51.970+0000: 257734.373: [FinalReference, 2560 refs, 0.0012177 secs]2019-01-31T20:19:51.971+0000: 257734.374: [PhantomReference, 0 refs, 4006 refs, 0.0003056 secs]2019-01-31T20:19:51.971+0000: 257734.374: [JNI Weak Reference, 0.0000198 secs][PSYoungGen: 641024K->0K(1281536K)] [ParOldGen: 3622087K->3692834K(3845120K)] 4263111K->3692834K(5126656K), [Metaspace: 74533K->74533K(1118208K)], 1.4365195 secs] [Times: user=34.00 sys=0.00, real=1.44 secs] 
2019-01-31T20:19:53.069+0000: 257735.472: Total time for which application threads were stopped: 1.4539945 seconds, Stopping threads took: 0.0001878 seconds
2019-01-31T20:19:53.307+0000: 257735.710: Application time: 0.2377685 seconds
2019-01-31T20:19:53.325+0000: 257735.728: Total time for which application threads were stopped: 0.0175494 seconds, Stopping threads took: 0.0005915 seconds
2019-01-31T20:19:53.326+0000: 257735.729: Application time: 0.0017605 seconds
2019-01-31T20:19:53.343+0000: 257735.746: [Full GC (Ergonomics) 2019-01-31T20:19:53.521+0000: 257735.924: [SoftReference, 95 refs, 0.0000563 secs]2019-01-31T20:19:53.521+0000: 257735.924: [WeakReference, 43768 refs, 0.0040923 secs]2019-01-31T20:19:53.525+0000: 257735.928: [FinalReference, 2649 refs, 0.0012386 secs]2019-01-31T20:19:53.527+0000: 257735.930: [PhantomReference, 0 refs, 4032 refs, 0.0002668 secs]2019-01-31T20:19:53.527+0000: 257735.930: [JNI Weak Reference, 0.0000191 secs][PSYoungGen: 641024K->0K(1281536K)] [ParOldGen: 3693037K->3749318K(3845120K)] 4334061K->3749318K(5126656K), [Metaspace: 74533K->74533K(1118208K)], 0.9072792 secs] [Times: user=16.47 sys=0.00, real=0.91 secs] 
2019-01-31T20:19:54.251+0000: 257736.654: Total time for which application threads were stopped: 0.9244115 seconds, Stopping threads took: 0.0002067 seconds
2019-01-31T20:19:54.484+0000: 257736.887: Application time: 0.2333995 seconds
2019-01-31T20:19:54.509+0000: 257736.912: Total time for which application threads were stopped: 0.0244515 seconds, Stopping threads took: 0.0005392 seconds
2019-01-31T20:19:54.510+0000: 257736.913: Application time: 0.0009423 seconds
2019-01-31T20:19:54.530+0000: 257736.933: [Full GC (Ergonomics) 2019-01-31T20:19:54.708+0000: 257737.111: [SoftReference, 99 refs, 0.0000536 secs]2019-01-31T20:19:54.708+0000: 257737.111: [WeakReference, 34030 refs, 0.0035694 secs]2019-01-31T20:19:54.711+0000: 257737.114: [FinalReference, 2606 refs, 0.0010990 secs]2019-01-31T20:19:54.712+0000: 257737.115: [PhantomReference, 0 refs, 4034 refs, 0.0003652 secs]2019-01-31T20:19:54.713+0000: 257737.116: [JNI Weak Reference, 0.0000259 secs][PSYoungGen: 641024K->0K(1281536K)] [ParOldGen: 3749380K->3738817K(3845120K)] 4390404K->3738817K(5126656K), [Metaspace: 74533K->74533K(1118208K)], 0.9142995 secs] [Times: user=16.82 sys=0.01, real=0.91 secs] 
2019-01-31T20:19:55.445+0000: 257737.848: Total time for which application threads were stopped: 0.9355641 seconds, Stopping threads took: 0.0002415 seconds
2019-01-31T20:19:55.693+0000: 257738.096: Application time: 0.2477011 seconds
2019-01-31T20:19:55.716+0000: 257738.119: Total time for which application threads were stopped: 0.0228567 seconds, Stopping threads took: 0.0004158 seconds
2019-01-31T20:19:55.718+0000: 257738.121: Application time: 0.0020442 seconds
2019-01-31T20:19:55.739+0000: 257738.142: [Full GC (Ergonomics) 2019-01-31T20:19:55.921+0000: 257738.324: [SoftReference, 94 refs, 0.0000626 secs]2019-01-31T20:19:55.921+0000: 257738.324: [WeakReference, 36481 refs, 0.0039513 secs]2019-01-31T20:19:55.925+0000: 257738.328: [FinalReference, 2598 refs, 0.0012243 secs]2019-01-31T20:19:55.927+0000: 257738.330: [PhantomReference, 0 refs, 4034 refs, 0.0004101 secs]2019-01-31T20:19:55.927+0000: 257738.330: [JNI Weak Reference, 0.0000288 secs][PSYoungGen: 641024K->0K(1281536K)] [ParOldGen: 3738932K->3788122K(3845120K)] 4379956K->3788122K(5126656K), [Metaspace: 74533K->74533K(1118208K)], 0.8789957 secs] [Times: user=16.77 sys=0.00, real=0.88 secs] 
2019-01-31T20:19:56.619+0000: 257739.022: Total time for which application threads were stopped: 0.9009601 seconds, Stopping threads took: 0.0002004 seconds
2019-01-31T20:19:56.860+0000: 257739.263: Application time: 0.2407025 seconds
2019-01-31T20:19:56.885+0000: 257739.288: Total time for which application threads were stopped: 0.0256968 seconds, Stopping threads took: 0.0005689 seconds
2019-01-31T20:19:56.886+0000: 257739.289: Application time: 0.0010933 seconds
2019-01-31T20:19:56.904+0000: 257739.307: [Full GC (Ergonomics) 2019-01-31T20:19:57.124+0000: 257739.527: [SoftReference, 100 refs, 0.0000587 secs]2019-01-31T20:19:57.124+0000: 257739.527: [WeakReference, 34272 refs, 0.0033756 secs]2019-01-31T20:19:57.128+0000: 257739.531: [FinalReference, 2354 refs, 0.0010965 secs]2019-01-31T20:19:57.129+0000: 257739.532: [PhantomReference, 0 refs, 4035 refs, 0.0002756 secs]2019-01-31T20:19:57.129+0000: 257739.532: [JNI Weak Reference, 0.0000200 secs][PSYoungGen: 641024K->0K(1281536K)] [ParOldGen: 3788245K->3821500K(3845120K)] 4429269K->3821500K(5126656K), [Metaspace: 74534K->74534K(1118208K)], 0.9841038 secs] [Times: user=19.79 sys=0.00, real=0.99 secs] 
2019-01-31T20:19:57.889+0000: 257740.292: Total time for which application threads were stopped: 1.0023037 seconds, Stopping threads took: 0.0002513 seconds
2019-01-31T20:19:58.130+0000: 257740.533: Application time: 0.2410778 seconds
2019-01-31T20:19:58.149+0000: 257740.552: Total time for which application threads were stopped: 0.0194157 seconds, Stopping threads took: 0.0006058 seconds
2019-01-31T20:19:58.150+0000: 257740.553: Application time: 0.0012632 seconds
2019-01-31T20:19:58.170+0000: 257740.573: [Full GC (Ergonomics) 2019-01-31T20:19:58.397+0000: 257740.800: [SoftReference, 101 refs, 0.0000479 secs]2019-01-31T20:19:58.397+0000: 257740.800: [WeakReference, 49749 refs, 0.0048391 secs]2019-01-31T20:19:58.402+0000: 257740.805: [FinalReference, 3057 refs, 0.0016737 secs]2019-01-31T20:19:58.404+0000: 257740.807: [PhantomReference, 0 refs, 4037 refs, 0.0002838 secs]2019-01-31T20:19:58.404+0000: 257740.807: [JNI Weak Reference, 0.0000194 secs][PSYoungGen: 641024K->18919K(1281536K)] [ParOldGen: 3821614K->3845034K(3845120K)] 4462638K->3863954K(5126656K), [Metaspace: 74534K->74534K(1118208K)], 1.4336338 secs] [Times: user=33.76 sys=0.00, real=1.43 secs] 
2019-01-31T20:19:59.604+0000: 257742.007: Total time for which application threads were stopped: 1.4536161 seconds, Stopping threads took: 0.0002120 seconds
2019-01-31T20:19:59.839+0000: 257742.242: Application time: 0.2348042 seconds
2019-01-31T20:19:59.859+0000: 257742.262: Total time for which application threads were stopped: 0.0201229 seconds, Stopping threads took: 0.0003526 seconds
2019-01-31T20:19:59.860+0000: 257742.263: Application time: 0.0010091 seconds
2019-01-31T20:19:59.877+0000: 257742.280: [Full GC (Ergonomics) 2019-01-31T20:20:00.078+0000: 257742.481: [SoftReference, 101 refs, 0.0000539 secs]2019-01-31T20:20:00.078+0000: 257742.481: [WeakReference, 31424 refs, 0.0032705 secs]2019-01-31T20:20:00.081+0000: 257742.484: [FinalReference, 2793 refs, 0.0012964 secs]2019-01-31T20:20:00.082+0000: 257742.485: [PhantomReference, 0 refs, 4033 refs, 0.0002692 secs]2019-01-31T20:20:00.083+0000: 257742.486: [JNI Weak Reference, 0.0000200 secs][PSYoungGen: 641024K->27412K(1281536K)] [ParOldGen: 3845120K->3845081K(3845120K)] 4486144K->3872493K(5126656K), [Metaspace: 74534K->74534K(1118208K)], 1.3670372 secs] [Times: user=31.39 sys=0.01, real=1.37 secs] 
2019-01-31T20:20:01.245+0000: 257743.648: Total time for which application threads were stopped: 1.3849100 seconds, Stopping threads took: 0.0003119 seconds
2019-01-31T20:20:01.488+0000: 257743.891: Application time: 0.2435116 seconds
2019-01-31T20:20:01.513+0000: 257743.916: Total time for which application threads were stopped: 0.0246867 seconds, Stopping threads took: 0.0005291 seconds
2019-01-31T20:20:01.514+0000: 257743.917: Application time: 0.0011095 seconds
2019-01-31T20:20:01.531+0000: 257743.934: [Full GC (Ergonomics) 2019-01-31T20:20:01.745+0000: 257744.148: [SoftReference, 100 refs, 0.0000599 secs]2019-01-31T20:20:01.745+0000: 257744.148: [WeakReference, 33457 refs, 0.0034578 secs]2019-01-31T20:20:01.749+0000: 257744.152: [FinalReference, 2490 refs, 0.0012669 secs]2019-01-31T20:20:01.750+0000: 257744.153: [PhantomReference, 0 refs, 4039 refs, 0.0003051 secs]2019-01-31T20:20:01.750+0000: 257744.153: [JNI Weak Reference, 0.0000249 secs][PSYoungGen: 641024K->66446K(1281536K)] [ParOldGen: 3845120K->3845066K(3845120K)] 4486144K->3911513K(5126656K), [Metaspace: 74535K->74535K(1118208K)], 1.3715528 secs] [Times: user=30.72 sys=0.08, real=1.37 secs] 
2019-01-31T20:20:02.903+0000: 257745.306: Total time for which application threads were stopped: 1.3887468 seconds, Stopping threads took: 0.0001929 seconds
2019-01-31T20:20:03.122+0000: 257745.525: Application time: 0.2185975 seconds
2019-01-31T20:20:03.146+0000: 257745.549: [Full GC (Ergonomics) 2019-01-31T20:20:03.344+0000: 257745.747: [SoftReference, 98 refs, 0.0000566 secs]2019-01-31T20:20:03.344+0000: 257745.747: [WeakReference, 33166 refs, 0.0033074 secs]2019-01-31T20:20:03.348+0000: 257745.751: [FinalReference, 2340 refs, 0.0011216 secs]2019-01-31T20:20:03.349+0000: 257745.752: [PhantomReference, 0 refs, 4034 refs, 0.0002908 secs]2019-01-31T20:20:03.349+0000: 257745.752: [JNI Weak Reference, 0.0000353 secs][PSYoungGen: 641024K->88900K(1281536K)] [ParOldGen: 3845070K->3844995K(3845120K)] 4486094K->3933896K(5126656K), [Metaspace: 74535K->74535K(1118208K)], 1.2648034 secs] [Times: user=28.06 sys=0.00, real=1.27 secs] 
2019-01-31T20:20:04.412+0000: 257746.815: Total time for which application threads were stopped: 1.2902127 seconds, Stopping threads took: 0.0003010 seconds
2019-01-31T20:20:04.637+0000: 257747.040: Application time: 0.2248743 seconds
2019-01-31T20:20:04.658+0000: 257747.061: Total time for which application threads were stopped: 0.0215292 seconds, Stopping threads took: 0.0005169 seconds
2019-01-31T20:20:04.659+0000: 257747.062: Application time: 0.0010665 seconds
2019-01-31T20:20:04.682+0000: 257747.085: [Full GC (Ergonomics) 2019-01-31T20:20:05.032+0000: 257747.435: [SoftReference, 98 refs, 0.0000512 secs]2019-01-31T20:20:05.032+0000: 257747.435: [WeakReference, 42968 refs, 0.0044429 secs]2019-01-31T20:20:05.036+0000: 257747.439: [FinalReference, 2559 refs, 0.0012820 secs]2019-01-31T20:20:05.037+0000: 257747.440: [PhantomReference, 0 refs, 4038 refs, 0.0003186 secs]2019-01-31T20:20:05.038+0000: 257747.441: [JNI Weak Reference, 0.0000209 secs][PSYoungGen: 641024K->73043K(1281536K)] [ParOldGen: 3845119K->3844946K(3845120K)] 4486143K->3917989K(5126656K), [Metaspace: 74535K->74535K(1118208K)], 1.5205303 secs] [Times: user=36.39 sys=0.00, real=1.52 secs] 
2019-01-31T20:20:06.203+0000: 257748.606: Total time for which application threads were stopped: 1.5438619 seconds, Stopping threads took: 0.0002623 seconds
2019-01-31T20:20:06.425+0000: 257748.828: Application time: 0.2220745 seconds
2019-01-31T20:20:06.443+0000: 257748.846: Total time for which application threads were stopped: 0.0180955 seconds, Stopping threads took: 0.0005215 seconds
2019-01-31T20:20:06.445+0000: 257748.848: Application time: 0.0015527 seconds
2019-01-31T20:20:06.462+0000: 257748.865: [Full GC (Ergonomics) 2019-01-31T20:20:06.659+0000: 257749.062: [SoftReference, 100 refs, 0.0000625 secs]2019-01-31T20:20:06.659+0000: 257749.062: [WeakReference, 48663 refs, 0.0043736 secs]2019-01-31T20:20:06.664+0000: 257749.067: [FinalReference, 2147 refs, 0.0008765 secs]2019-01-31T20:20:06.665+0000: 257749.068: [PhantomReference, 0 refs, 4035 refs, 0.0002621 secs]2019-01-31T20:20:06.665+0000: 257749.068: [JNI Weak Reference, 0.0000189 secs][PSYoungGen: 641024K->102035K(1281536K)] [ParOldGen: 3845097K->3845030K(3845120K)] 4486121K->3947066K(5126656K), [Metaspace: 74535K->74535K(1118208K)], 1.3270665 secs] [Times: user=29.65 sys=0.00, real=1.33 secs] 
2019-01-31T20:20:07.789+0000: 257750.192: Total time for which application threads were stopped: 1.3446475 seconds, Stopping threads took: 0.0001887 seconds
2019-01-31T20:20:07.994+0000: 257750.397: Application time: 0.2041200 seconds
2019-01-31T20:20:08.013+0000: 257750.416: Total time for which application threads were stopped: 0.0194029 seconds, Stopping threads took: 0.0006077 seconds
2019-01-31T20:20:08.014+0000: 257750.417: Application time: 0.0007842 seconds
2019-01-31T20:20:08.033+0000: 257750.436: [Full GC (Ergonomics) 2019-01-31T20:20:08.234+0000: 257750.637: [SoftReference, 98 refs, 0.0000638 secs]2019-01-31T20:20:08.234+0000: 257750.637: [WeakReference, 33018 refs, 0.0050087 secs]2019-01-31T20:20:08.239+0000: 257750.642: [FinalReference, 2080 refs, 0.0011761 secs]2019-01-31T20:20:08.240+0000: 257750.643: [PhantomReference, 0 refs, 4036 refs, 0.0004563 secs]2019-01-31T20:20:08.241+0000: 257750.644: [JNI Weak Reference, 0.0000340 secs][PSYoungGen: 641024K->103116K(1281536K)] [ParOldGen: 3845113K->3845056K(3845120K)] 4486137K->3948172K(5126656K), [Metaspace: 74535K->74535K(1118208K)], 1.3750551 secs] [Times: user=30.14 sys=0.00, real=1.37 secs] 
2019-01-31T20:20:09.408+0000: 257751.811: Total time for which application threads were stopped: 1.3945898 seconds, Stopping threads took: 0.0002781 seconds
2019-01-31T20:20:09.620+0000: 257752.023: Application time: 0.2116105 seconds
2019-01-31T20:20:09.640+0000: 257752.043: Total time for which application threads were stopped: 0.0196290 seconds, Stopping threads took: 0.0003386 seconds
2019-01-31T20:20:09.641+0000: 257752.044: Application time: 0.0010518 seconds
2019-01-31T20:20:09.660+0000: 257752.063: [Full GC (Ergonomics) 2019-01-31T20:20:09.867+0000: 257752.270: [SoftReference, 96 refs, 0.0000482 secs]2019-01-31T20:20:09.867+0000: 257752.270: [WeakReference, 39664 refs, 0.0049252 secs]2019-01-31T20:20:09.872+0000: 257752.275: [FinalReference, 2486 refs, 0.0013699 secs]2019-01-31T20:20:09.873+0000: 257752.276: [PhantomReference, 0 refs, 4036 refs, 0.0003579 secs]2019-01-31T20:20:09.873+0000: 257752.276: [JNI Weak Reference, 0.0000223 secs][PSYoungGen: 641024K->130846K(1281536K)] [ParOldGen: 3845119K->3845025K(3845120K)] 4486143K->3975872K(5126656K), [Metaspace: 74535K->74535K(1118208K)], 1.3337516 secs] [Times: user=29.40 sys=0.00, real=1.33 secs] 
2019-01-31T20:20:10.995+0000: 257753.398: Total time for which application threads were stopped: 1.3540170 seconds, Stopping threads took: 0.0002287 seconds
2019-01-31T20:20:11.197+0000: 257753.600: Application time: 0.2022720 seconds
2019-01-31T20:20:11.216+0000: 257753.619: Total time for which application threads were stopped: 0.0191068 seconds, Stopping threads took: 0.0003787 seconds
2019-01-31T20:20:11.218+0000: 257753.621: Application time: 0.0014552 seconds
2019-01-31T20:20:11.237+0000: 257753.640: [Full GC (Ergonomics) 2019-01-31T20:20:11.440+0000: 257753.843: [SoftReference, 103 refs, 0.0000516 secs]2019-01-31T20:20:11.440+0000: 257753.843: [WeakReference, 31882 refs, 0.0044271 secs]2019-01-31T20:20:11.445+0000: 257753.848: [FinalReference, 2188 refs, 0.0014952 secs]2019-01-31T20:20:11.446+0000: 257753.849: [PhantomReference, 0 refs, 4037 refs, 0.0004526 secs]2019-01-31T20:20:11.447+0000: 257753.850: [JNI Weak Reference, 0.0000347 secs][PSYoungGen: 641024K->116863K(1281536K)] [ParOldGen: 3845119K->3845100K(3845120K)] 4486143K->3961964K(5126656K), [Metaspace: 74535K->74535K(1118208K)], 1.3480062 secs] [Times: user=30.77 sys=0.00, real=1.35 secs] 
2019-01-31T20:20:12.585+0000: 257754.988: Total time for which application threads were stopped: 1.3676912 seconds, Stopping threads took: 0.0001742 seconds
2019-01-31T20:20:12.780+0000: 257755.183: Application time: 0.1942967 seconds
2019-01-31T20:20:12.801+0000: 257755.204: Total time for which application threads were stopped: 0.0213194 seconds, Stopping threads took: 0.0003424 seconds
2019-01-31T20:20:12.802+0000: 257755.205: Application time: 0.0014199 seconds
2019-01-31T20:20:12.822+0000: 257755.225: [Full GC (Ergonomics) 2019-01-31T20:20:13.024+0000: 257755.427: [SoftReference, 98 refs, 0.0000953 secs]2019-01-31T20:20:13.024+0000: 257755.427: [WeakReference, 29441 refs, 0.0042367 secs]2019-01-31T20:20:13.029+0000: 257755.432: [FinalReference, 2373 refs, 0.0012663 secs]2019-01-31T20:20:13.030+0000: 257755.433: [PhantomReference, 0 refs, 4035 refs, 0.0003420 secs]2019-01-31T20:20:13.030+0000: 257755.433: [JNI Weak Reference, 0.0000208 secs][PSYoungGen: 641024K->189178K(1281536K)] [ParOldGen: 3845120K->3844816K(3845120K)] 4486144K->4033994K(5126656K), [Metaspace: 74535K->74535K(1118208K)], 1.2197178 secs] [Times: user=27.54 sys=0.00, real=1.22 secs] 
2019-01-31T20:20:14.042+0000: 257756.445: Total time for which application threads were stopped: 1.2399189 seconds, Stopping threads took: 0.0002382 seconds
2019-01-31T20:20:14.207+0000: 257756.610: Application time: 0.1650240 seconds
2019-01-31T20:20:14.226+0000: 257756.629: Total time for which application threads were stopped: 0.0186558 seconds, Stopping threads took: 0.0003049 seconds
2019-01-31T20:20:14.227+0000: 257756.630: Application time: 0.0011932 seconds
2019-01-31T20:20:14.246+0000: 257756.649: [Full GC (Ergonomics) 2019-01-31T20:20:14.471+0000: 257756.874: [SoftReference, 95 refs, 0.0000524 secs]2019-01-31T20:20:14.471+0000: 257756.874: [WeakReference, 32200 refs, 0.0044034 secs]2019-01-31T20:20:14.475+0000: 257756.878: [FinalReference, 1839 refs, 0.0010493 secs]2019-01-31T20:20:14.476+0000: 257756.879: [PhantomReference, 0 refs, 4038 refs, 0.0003517 secs]2019-01-31T20:20:14.477+0000: 257756.880: [JNI Weak Reference, 0.0000199 secs][PSYoungGen: 641024K->242191K(1281536K)] [ParOldGen: 3844970K->3844836K(3845120K)] 4485994K->4087028K(5126656K), [Metaspace: 74535K->74535K(1118208K)], 1.2888711 secs] [Times: user=29.52 sys=0.00, real=1.29 secs] 
2019-01-31T20:20:15.535+0000: 257757.938: Total time for which application threads were stopped: 1.3079696 seconds, Stopping threads took: 0.0002696 seconds
2019-01-31T20:20:15.683+0000: 257758.086: Application time: 0.1481313 seconds
2019-01-31T20:20:15.702+0000: 257758.105: Total time for which application threads were stopped: 0.0191236 seconds, Stopping threads took: 0.0003388 seconds
2019-01-31T20:20:15.704+0000: 257758.107: Application time: 0.0015311 seconds
2019-01-31T20:20:15.723+0000: 257758.126: [Full GC (Ergonomics) 2019-01-31T20:20:15.944+0000: 257758.347: [SoftReference, 107 refs, 0.0000465 secs]2019-01-31T20:20:15.944+0000: 257758.347: [WeakReference, 31203 refs, 0.0041802 secs]2019-01-31T20:20:15.948+0000: 257758.351: [FinalReference, 1529 refs, 0.0007719 secs]2019-01-31T20:20:15.949+0000: 257758.352: [PhantomReference, 0 refs, 4038 refs, 0.0003450 secs]2019-01-31T20:20:15.949+0000: 257758.352: [JNI Weak Reference, 0.0000265 secs][PSYoungGen: 641024K->264328K(1281536K)] [ParOldGen: 3844945K->3845021K(3845120K)] 4485969K->4109349K(5126656K), [Metaspace: 74535K->74535K(1118208K)], 1.3434567 secs] [Times: user=31.60 sys=0.02, real=1.34 secs] 
2019-01-31T20:20:17.067+0000: 257759.470: Total time for which application threads were stopped: 1.3630904 seconds, Stopping threads took: 0.0003633 seconds
2019-01-31T20:20:17.217+0000: 257759.620: Application time: 0.1497504 seconds
2019-01-31T20:20:17.235+0000: 257759.638: Total time for which application threads were stopped: 0.0184814 seconds, Stopping threads took: 0.0005602 seconds
2019-01-31T20:20:17.237+0000: 257759.640: Application time: 0.0015488 seconds
2019-01-31T20:20:17.254+0000: 257759.657: [Full GC (Ergonomics) 2019-01-31T20:20:17.468+0000: 257759.871: [SoftReference, 101 refs, 0.0000605 secs]2019-01-31T20:20:17.468+0000: 257759.871: [WeakReference, 50013 refs, 0.0049658 secs]2019-01-31T20:20:17.473+0000: 257759.876: [FinalReference, 1754 refs, 0.0009537 secs]2019-01-31T20:20:17.474+0000: 257759.877: [PhantomReference, 0 refs, 4040 refs, 0.0002809 secs]2019-01-31T20:20:17.474+0000: 257759.877: [JNI Weak Reference, 0.0000401 secs][PSYoungGen: 641024K->270436K(1281536K)] [ParOldGen: 3845119K->3844831K(3845120K)] 4486143K->4115268K(5126656K), [Metaspace: 74535K->74535K(1118208K)], 1.2356389 secs] [Times: user=28.53 sys=0.00, real=1.23 secs] 
2019-01-31T20:20:18.490+0000: 257760.893: Total time for which application threads were stopped: 1.2535241 seconds, Stopping threads took: 0.0002175 seconds
2019-01-31T20:20:18.635+0000: 257761.038: Application time: 0.1452049 seconds
2019-01-31T20:20:18.653+0000: 257761.056: Total time for which application threads were stopped: 0.0178859 seconds, Stopping threads took: 0.0004016 seconds
2019-01-31T20:20:18.654+0000: 257761.057: Application time: 0.0009185 seconds
2019-01-31T20:20:18.672+0000: 257761.075: [Full GC (Ergonomics) 2019-01-31T20:20:18.877+0000: 257761.280: [SoftReference, 100 refs, 0.0000506 secs]2019-01-31T20:20:18.877+0000: 257761.280: [WeakReference, 31595 refs, 0.0031186 secs]2019-01-31T20:20:18.880+0000: 257761.283: [FinalReference, 1652 refs, 0.0008619 secs]2019-01-31T20:20:18.881+0000: 257761.284: [PhantomReference, 0 refs, 4038 refs, 0.0002648 secs]2019-01-31T20:20:18.881+0000: 257761.284: [JNI Weak Reference, 0.0000198 secs][PSYoungGen: 641024K->293720K(1281536K)] [ParOldGen: 3845059K->3844958K(3845120K)] 4486083K->4138678K(5126656K), [Metaspace: 74535K->74535K(1118208K)], 1.3011448 secs] [Times: user=31.04 sys=0.00, real=1.30 secs] 
2019-01-31T20:20:19.974+0000: 257762.377: Total time for which application threads were stopped: 1.3198790 seconds, Stopping threads took: 0.0001932 seconds
2019-01-31T20:20:20.111+0000: 257762.514: Application time: 0.1370742 seconds
2019-01-31T20:20:20.129+0000: 257762.532: Total time for which application threads were stopped: 0.0181095 seconds, Stopping threads took: 0.0004818 seconds
2019-01-31T20:20:20.130+0000: 257762.533: Application time: 0.0010936 seconds
2019-01-31T20:20:20.147+0000: 257762.550: [Full GC (Ergonomics) 2019-01-31T20:20:20.349+0000: 257762.752: [SoftReference, 96 refs, 0.0000505 secs]2019-01-31T20:20:20.349+0000: 257762.752: [WeakReference, 29559 refs, 0.0030873 secs]2019-01-31T20:20:20.352+0000: 257762.755: [FinalReference, 1650 refs, 0.0008469 secs]2019-01-31T20:20:20.353+0000: 257762.756: [PhantomReference, 0 refs, 4038 refs, 0.0003203 secs]2019-01-31T20:20:20.353+0000: 257762.756: [JNI Weak Reference, 0.0000283 secs][PSYoungGen: 641024K->298418K(1281536K)] [ParOldGen: 3845020K->3844904K(3845120K)] 4486044K->4143322K(5126656K), [Metaspace: 74535K->74535K(1118208K)], 1.2315192 secs] [Times: user=27.73 sys=0.00, real=1.23 secs] 
2019-01-31T20:20:21.379+0000: 257763.782: Total time for which application threads were stopped: 1.2489657 seconds, Stopping threads took: 0.0002134 seconds
2019-01-31T20:20:21.497+0000: 257763.900: Application time: 0.1178312 seconds
2019-01-31T20:20:21.515+0000: 257763.918: Total time for which application threads were stopped: 0.0179049 seconds, Stopping threads took: 0.0005410 seconds
2019-01-31T20:20:21.515+0000: 257763.918: Application time: 0.0000987 seconds
2019-01-31T20:20:21.532+0000: 257763.935: Total time for which application threads were stopped: 0.0165642 seconds, Stopping threads took: 0.0002284 seconds
2019-01-31T20:20:21.547+0000: 257763.950: Application time: 0.0149613 seconds
2019-01-31T20:20:21.565+0000: 257763.968: Total time for which application threads were stopped: 0.0185932 seconds, Stopping threads took: 0.0003173 seconds
2019-01-31T20:20:21.567+0000: 257763.970: Application time: 0.0015542 seconds
2019-01-31T20:20:21.584+0000: 257763.987: [Full GC (Ergonomics) 2019-01-31T20:20:21.792+0000: 257764.195: [SoftReference, 101 refs, 0.0000868 secs]2019-01-31T20:20:21.793+0000: 257764.196: [WeakReference, 34979 refs, 0.0036094 secs]2019-01-31T20:20:21.796+0000: 257764.199: [FinalReference, 1510 refs, 0.0007095 secs]2019-01-31T20:20:21.797+0000: 257764.200: [PhantomReference, 0 refs, 4040 refs, 0.0002803 secs]2019-01-31T20:20:21.797+0000: 257764.200: [JNI Weak Reference, 0.0000208 secs][PSYoungGen: 641024K->301609K(1281536K)] [ParOldGen: 3845041K->3844731K(3845120K)] 4486065K->4146341K(5126656K), [Metaspace: 74535K->74535K(1118208K)], 1.1600957 secs] [Times: user=26.38 sys=0.01, real=1.16 secs] 
2019-01-31T20:20:22.745+0000: 257765.148: Total time for which application threads were stopped: 1.1781071 seconds, Stopping threads took: 0.0002640 seconds
2019-01-31T20:20:22.752+0000: 257765.155: Application time: 0.0066472 seconds
2019-01-31T20:20:22.772+0000: 257765.175: Total time for which application threads were stopped: 0.0197951 seconds, Stopping threads took: 0.0003275 seconds
2019-01-31T20:20:22.772+0000: 257765.175: Application time: 0.0000930 seconds
2019-01-31T20:20:22.787+0000: 257765.190: Total time for which application threads were stopped: 0.0156896 seconds, Stopping threads took: 0.0002038 seconds
2019-01-31T20:20:22.789+0000: 257765.192: Application time: 0.0012391 seconds
2019-01-31T20:20:22.806+0000: 257765.209: Total time for which application threads were stopped: 0.0170705 seconds, Stopping threads took: 0.0005062 seconds
2019-01-31T20:20:22.856+0000: 257765.259: Application time: 0.0506536 seconds
2019-01-31T20:20:22.873+0000: 257765.276: Total time for which application threads were stopped: 0.0171960 seconds, Stopping threads took: 0.0005535 seconds
2019-01-31T20:20:22.888+0000: 257765.291: Application time: 0.0149042 seconds
2019-01-31T20:20:22.910+0000: 257765.313: Total time for which application threads were stopped: 0.0215087 seconds, Stopping threads took: 0.0005259 seconds
2019-01-31T20:20:22.910+0000: 257765.313: Application time: 0.0000959 seconds
2019-01-31T20:20:22.931+0000: 257765.334: Total time for which application threads were stopped: 0.0212769 seconds, Stopping threads took: 0.0002388 seconds
2019-01-31T20:20:22.933+0000: 257765.336: Application time: 0.0015110 seconds
2019-01-31T20:20:22.950+0000: 257765.353: Total time for which application threads were stopped: 0.0169244 seconds, Stopping threads took: 0.0004361 seconds
2019-01-31T20:20:23.001+0000: 257765.404: Application time: 0.0510961 seconds
2019-01-31T20:20:23.020+0000: 257765.423: Total time for which application threads were stopped: 0.0195614 seconds, Stopping threads took: 0.0004561 seconds
2019-01-31T20:20:23.032+0000: 257765.435: Application time: 0.0120806 seconds
2019-01-31T20:20:23.050+0000: 257765.453: Total time for which application threads were stopped: 0.0175490 seconds, Stopping threads took: 0.0004824 seconds
2019-01-31T20:20:23.050+0000: 257765.453: Application time: 0.0000669 seconds
2019-01-31T20:20:23.066+0000: 257765.469: Total time for which application threads were stopped: 0.0158660 seconds, Stopping threads took: 0.0001489 seconds
2019-01-31T20:20:23.071+0000: 257765.474: Application time: 0.0052874 seconds
2019-01-31T20:20:23.088+0000: 257765.491: Total time for which application threads were stopped: 0.0172139 seconds, Stopping threads took: 0.0003284 seconds
2019-01-31T20:20:23.097+0000: 257765.500: Application time: 0.0090150 seconds
2019-01-31T20:20:23.115+0000: 257765.518: Total time for which application threads were stopped: 0.0172581 seconds, Stopping threads took: 0.0002254 seconds
2019-01-31T20:20:23.117+0000: 257765.520: Application time: 0.0018721 seconds
2019-01-31T20:20:23.134+0000: 257765.537: [Full GC (Ergonomics) 2019-01-31T20:20:23.340+0000: 257765.743: [SoftReference, 98 refs, 0.0000583 secs]2019-01-31T20:20:23.340+0000: 257765.743: [WeakReference, 45625 refs, 0.0045143 secs]2019-01-31T20:20:23.344+0000: 257765.747: [FinalReference, 1598 refs, 0.0007378 secs]2019-01-31T20:20:23.345+0000: 257765.748: [PhantomReference, 0 refs, 4038 refs, 0.0002853 secs]2019-01-31T20:20:23.345+0000: 257765.748: [JNI Weak Reference, 0.0000194 secs][PSYoungGen: 641024K->335379K(1281536K)] [ParOldGen: 3844915K->3844740K(3845120K)] 4485939K->4180120K(5126656K), [Metaspace: 74535K->74535K(1118208K)], 1.2986092 secs] [Times: user=31.00 sys=0.00, real=1.30 secs] 
2019-01-31T20:20:24.434+0000: 257766.837: Total time for which application threads were stopped: 1.3169663 seconds, Stopping threads took: 0.0003531 seconds
2019-01-31T20:20:24.434+0000: 257766.837: Application time: 0.0006471 seconds
2019-01-31T20:20:24.453+0000: 257766.856: Total time for which application threads were stopped: 0.0186951 seconds, Stopping threads took: 0.0003926 seconds
2019-01-31T20:20:24.453+0000: 257766.856: Application time: 0.0000616 seconds
2019-01-31T20:20:24.469+0000: 257766.872: Total time for which application threads were stopped: 0.0163227 seconds, Stopping threads took: 0.0002133 seconds
2019-01-31T20:20:24.470+0000: 257766.873: Application time: 0.0004254 seconds
2019-01-31T20:20:24.486+0000: 257766.889: Total time for which application threads were stopped: 0.0164994 seconds, Stopping threads took: 0.0002340 seconds
2019-01-31T20:20:24.523+0000: 257766.926: Application time: 0.0364771 seconds
2019-01-31T20:20:24.543+0000: 257766.946: [Full GC (Ergonomics) 2019-01-31T20:20:24.747+0000: 257767.150: [SoftReference, 97 refs, 0.0000494 secs]2019-01-31T20:20:24.747+0000: 257767.150: [WeakReference, 36447 refs, 0.0046306 secs]2019-01-31T20:20:24.752+0000: 257767.155: [FinalReference, 229 refs, 0.0000338 secs]2019-01-31T20:20:24.752+0000: 257767.155: [PhantomReference, 0 refs, 4038 refs, 0.0004480 secs]2019-01-31T20:20:24.753+0000: 257767.156: [JNI Weak Reference, 0.0000236 secs][PSYoungGen: 420188K->355820K(1281536K)] [ParOldGen: 3844740K->3845106K(3845120K)] 4264928K->4200926K(5126656K), [Metaspace: 74535K->74535K(1118208K)], 3.9008138 secs] [Times: user=118.78 sys=0.24, real=3.90 secs] 
2019-01-31T20:20:28.444+0000: 257770.847: Total time for which application threads were stopped: 3.9212606 seconds, Stopping threads took: 0.0005032 seconds
2019-01-31T20:20:28.513+0000: 257770.916: Application time: 0.0694704 seconds
2019-01-31T20:20:28.533+0000: 257770.936: Total time for which application threads were stopped: 0.0194258 seconds, Stopping threads took: 0.0004368 seconds
2019-01-31T20:20:28.582+0000: 257770.985: Application time: 0.0490779 seconds
2019-01-31T20:20:28.604+0000: 257771.007: Total time for which application threads were stopped: 0.0221344 seconds, Stopping threads took: 0.0005286 seconds
2019-01-31T20:20:28.609+0000: 257771.012: Application time: 0.0045379 seconds
2019-01-31T20:20:28.630+0000: 257771.033: Total time for which application threads were stopped: 0.0217455 seconds, Stopping threads took: 0.0002041 seconds
2019-01-31T20:20:28.631+0000: 257771.034: Application time: 0.0007933 seconds
2019-01-31T20:20:28.651+0000: 257771.054: [Full GC (Ergonomics) 2019-01-31T20:20:28.854+0000: 257771.257: [SoftReference, 95 refs, 0.0000486 secs]2019-01-31T20:20:28.854+0000: 257771.257: [WeakReference, 30151 refs, 0.0041579 secs]2019-01-31T20:20:28.858+0000: 257771.261: [FinalReference, 1446 refs, 0.0006758 secs]2019-01-31T20:20:28.859+0000: 257771.262: [PhantomReference, 0 refs, 4037 refs, 0.0003820 secs]2019-01-31T20:20:28.859+0000: 257771.262: [JNI Weak Reference, 0.0000196 secs][PSYoungGen: 641024K->365313K(1281536K)] [ParOldGen: 3845120K->3844976K(3845120K)] 4486144K->4210289K(5126656K), [Metaspace: 74535K->74535K(1118208K)], 1.3608101 secs] [Times: user=32.91 sys=0.00, real=1.37 secs] 
2019-01-31T20:20:30.013+0000: 257772.416: Total time for which application threads were stopped: 1.3813240 seconds, Stopping threads took: 0.0001722 seconds
2019-01-31T20:20:30.021+0000: 257772.424: Application time: 0.0082474 seconds
2019-01-31T20:20:30.041+0000: 257772.444: Total time for which application threads were stopped: 0.0198572 seconds, Stopping threads took: 0.0006756 seconds
2019-01-31T20:20:30.243+0000: 257772.646: Application time: 0.2026361 seconds
2019-01-31T20:20:30.263+0000: 257772.666: Total time for which application threads were stopped: 0.0197969 seconds, Stopping threads took: 0.0002186 seconds
2019-01-31T20:20:30.268+0000: 257772.671: Application time: 0.0051524 seconds
2019-01-31T20:20:30.288+0000: 257772.691: [Full GC (Ergonomics) 2019-01-31T20:20:30.493+0000: 257772.896: [SoftReference, 101 refs, 0.0000507 secs]2019-01-31T20:20:30.493+0000: 257772.896: [WeakReference, 38627 refs, 0.0049903 secs]2019-01-31T20:20:30.498+0000: 257772.901: [FinalReference, 1300 refs, 0.0007216 secs]2019-01-31T20:20:30.499+0000: 257772.902: [PhantomReference, 0 refs, 4040 refs, 0.0003746 secs]2019-01-31T20:20:30.499+0000: 257772.902: [JNI Weak Reference, 0.0000228 secs][PSYoungGen: 641024K->366897K(1281536K)] [ParOldGen: 3845059K->3844875K(3845120K)] 4486083K->4211772K(5126656K), [Metaspace: 74535K->74535K(1118208K)], 1.2674833 secs] [Times: user=28.94 sys=0.00, real=1.27 secs] 
2019-01-31T20:20:31.556+0000: 257773.959: Total time for which application threads were stopped: 1.2877319 seconds, Stopping threads took: 0.0001942 seconds
2019-01-31T20:20:31.716+0000: 257774.119: Application time: 0.1602370 seconds
2019-01-31T20:20:31.744+0000: 257774.147: [Full GC (Ergonomics) 2019-01-31T20:20:31.954+0000: 257774.357: [SoftReference, 97 refs, 0.0000490 secs]2019-01-31T20:20:31.954+0000: 257774.357: [WeakReference, 14568 refs, 0.0020982 secs]2019-01-31T20:20:31.956+0000: 257774.359: [FinalReference, 255 refs, 0.0000568 secs]2019-01-31T20:20:31.956+0000: 257774.359: [PhantomReference, 0 refs, 4042 refs, 0.0003475 secs]2019-01-31T20:20:31.957+0000: 257774.360: [JNI Weak Reference, 0.0000252 secs][PSYoungGen: 641024K->420717K(1281536K)] [ParOldGen: 3844875K->3845035K(3845120K)] 4485899K->4265752K(5126656K), [Metaspace: 74535K->74535K(1118208K)], 1.3869332 secs] [Times: user=34.74 sys=0.10, real=1.38 secs] 
2019-01-31T20:20:33.132+0000: 257775.535: Total time for which application threads were stopped: 1.4159161 seconds, Stopping threads took: 0.0003017 seconds
2019-01-31T20:20:33.183+0000: 257775.586: Application time: 0.0510787 seconds
2019-01-31T20:20:33.201+0000: 257775.604: Total time for which application threads were stopped: 0.0179269 seconds, Stopping threads took: 0.0005119 seconds
2019-01-31T20:20:33.241+0000: 257775.644: Application time: 0.0401848 seconds
2019-01-31T20:20:33.259+0000: 257775.662: [Full GC (Ergonomics) 2019-01-31T20:20:33.470+0000: 257775.873: [SoftReference, 100 refs, 0.0000630 secs]2019-01-31T20:20:33.470+0000: 257775.873: [WeakReference, 14959 refs, 0.0018242 secs]2019-01-31T20:20:33.472+0000: 257775.875: [FinalReference, 1484 refs, 0.0002304 secs]2019-01-31T20:20:33.472+0000: 257775.875: [PhantomReference, 0 refs, 4039 refs, 0.0002635 secs]2019-01-31T20:20:33.472+0000: 257775.875: [JNI Weak Reference, 0.0000187 secs][PSYoungGen: 641024K->482040K(1281536K)] [ParOldGen: 3845035K->3845029K(3845120K)] 4486059K->4327070K(5126656K), [Metaspace: 74535K->74535K(1118208K)], 3.7660393 secs] [Times: user=115.21 sys=0.27, real=3.77 secs] 
2019-01-31T20:20:37.026+0000: 257779.429: Total time for which application threads were stopped: 3.7847378 seconds, Stopping threads took: 0.0005194 seconds
2019-01-31T20:20:37.047+0000: 257779.450: Application time: 0.0214049 seconds
2019-01-31T20:20:37.065+0000: 257779.468: Total time for which application threads were stopped: 0.0179642 seconds, Stopping threads took: 0.0007150 seconds
2019-01-31T20:20:37.109+0000: 257779.512: Application time: 0.0432485 seconds
2019-01-31T20:20:37.127+0000: 257779.530: Total time for which application threads were stopped: 0.0184524 seconds, Stopping threads took: 0.0005639 seconds
2019-01-31T20:20:37.129+0000: 257779.532: Application time: 0.0017462 seconds
2019-01-31T20:20:37.147+0000: 257779.550: Total time for which application threads were stopped: 0.0181876 seconds, Stopping threads took: 0.0001803 seconds
2019-01-31T20:20:37.163+0000: 257779.566: Application time: 0.0159003 seconds
2019-01-31T20:20:37.182+0000: 257779.585: [Full GC (Ergonomics) 2019-01-31T20:20:37.520+0000: 257779.923: [SoftReference, 100 refs, 0.0000573 secs]2019-01-31T20:20:37.520+0000: 257779.923: [WeakReference, 14286 refs, 0.0017865 secs]2019-01-31T20:20:37.522+0000: 257779.925: [FinalReference, 678 refs, 0.0002847 secs]2019-01-31T20:20:37.522+0000: 257779.925: [PhantomReference, 0 refs, 4041 refs, 0.0002635 secs]2019-01-31T20:20:37.523+0000: 257779.926: [JNI Weak Reference, 0.0000192 secs][PSYoungGen: 641024K->526446K(1281536K)] [ParOldGen: 3845119K->3845003K(3845120K)] 4486143K->4371449K(5126656K), [Metaspace: 74535K->74535K(1118208K)], 4.6813424 secs] [Times: user=144.78 sys=0.22, real=4.68 secs] 
2019-01-31T20:20:41.864+0000: 257784.267: Total time for which application threads were stopped: 4.7009839 seconds, Stopping threads took: 0.0002663 seconds
2019-01-31T20:20:41.909+0000: 257784.312: Application time: 0.0449388 seconds
2019-01-31T20:20:41.928+0000: 257784.331: Total time for which application threads were stopped: 0.0193479 seconds, Stopping threads took: 0.0006735 seconds
2019-01-31T20:20:41.963+0000: 257784.366: Application time: 0.0346925 seconds
2019-01-31T20:20:41.984+0000: 257784.387: [Full GC (Ergonomics) 2019-01-31T20:20:42.340+0000: 257784.743: [SoftReference, 101 refs, 0.0000527 secs]2019-01-31T20:20:42.340+0000: 257784.743: [WeakReference, 12969 refs, 0.0016387 secs]2019-01-31T20:20:42.342+0000: 257784.745: [FinalReference, 488 refs, 0.0001771 secs]2019-01-31T20:20:42.342+0000: 257784.745: [PhantomReference, 0 refs, 4043 refs, 0.0002539 secs]2019-01-31T20:20:42.342+0000: 257784.745: [JNI Weak Reference, 0.0000188 secs][PSYoungGen: 641024K->556728K(1281536K)] [ParOldGen: 3845120K->3844792K(3845120K)] 4486144K->4401521K(5126656K), [Metaspace: 74535K->74535K(1118208K)], 2.6129884 secs] [Times: user=79.10 sys=0.10, real=2.61 secs] 
2019-01-31T20:20:44.598+0000: 257787.001: Total time for which application threads were stopped: 2.6345809 seconds, Stopping threads took: 0.0003441 seconds
2019-01-31T20:20:44.631+0000: 257787.034: Application time: 0.0338445 seconds
2019-01-31T20:20:44.649+0000: 257787.052: Total time for which application threads were stopped: 0.0179173 seconds, Stopping threads took: 0.0005039 seconds
2019-01-31T20:20:44.694+0000: 257787.097: Application time: 0.0449449 seconds
2019-01-31T20:20:44.713+0000: 257787.116: [Full GC (Ergonomics) 2019-01-31T20:20:44.932+0000: 257787.335: [SoftReference, 100 refs, 0.0000573 secs]2019-01-31T20:20:44.932+0000: 257787.335: [WeakReference, 20846 refs, 0.0027240 secs]2019-01-31T20:20:44.935+0000: 257787.338: [FinalReference, 440 refs, 0.0001179 secs]2019-01-31T20:20:44.935+0000: 257787.338: [PhantomReference, 0 refs, 4043 refs, 0.0003266 secs]2019-01-31T20:20:44.936+0000: 257787.339: [JNI Weak Reference, 0.0000204 secs][PSYoungGen: 641024K->574571K(1281536K)] [ParOldGen: 3845120K->3844871K(3845120K)] 4486144K->4419442K(5126656K), [Metaspace: 74535K->74535K(1118208K)], 1.4652203 secs] [Times: user=40.87 sys=0.06, real=1.47 secs] 
2019-01-31T20:20:46.178+0000: 257788.581: Total time for which application threads were stopped: 1.4842024 seconds, Stopping threads took: 0.0002953 seconds
2019-01-31T20:20:46.208+0000: 257788.611: Application time: 0.0295304 seconds
2019-01-31T20:20:46.228+0000: 257788.631: Total time for which application threads were stopped: 0.0200885 seconds, Stopping threads took: 0.0005117 seconds
2019-01-31T20:20:46.267+0000: 257788.670: Application time: 0.0386774 seconds
2019-01-31T20:20:46.290+0000: 257788.693: [Full GC (Ergonomics) 2019-01-31T20:20:46.513+0000: 257788.916: [SoftReference, 100 refs, 0.0000595 secs]2019-01-31T20:20:46.513+0000: 257788.916: [WeakReference, 13832 refs, 0.0018460 secs]2019-01-31T20:20:46.515+0000: 257788.918: [FinalReference, 367 refs, 0.0000937 secs]2019-01-31T20:20:46.515+0000: 257788.918: [PhantomReference, 0 refs, 4043 refs, 0.0002709 secs]2019-01-31T20:20:46.515+0000: 257788.918: [JNI Weak Reference, 0.0000199 secs][PSYoungGen: 641024K->585436K(1281536K)] [ParOldGen: 3845120K->3844997K(3845120K)] 4486144K->4430433K(5126656K), [Metaspace: 74535K->74535K(1118208K)], 1.7369935 secs] [Times: user=50.02 sys=0.03, real=1.74 secs] 
2019-01-31T20:20:48.028+0000: 257790.431: Total time for which application threads were stopped: 1.7608927 seconds, Stopping threads took: 0.0003605 seconds
2019-01-31T20:20:48.051+0000: 257790.454: Application time: 0.0232713 seconds
2019-01-31T20:20:48.076+0000: 257790.479: Total time for which application threads were stopped: 0.0245990 seconds, Stopping threads took: 0.0003566 seconds
2019-01-31T20:20:48.125+0000: 257790.528: Application time: 0.0493818 seconds
2019-01-31T20:20:48.143+0000: 257790.546: [Full GC (Ergonomics) 2019-01-31T20:20:48.446+0000: 257790.849: [SoftReference, 94 refs, 0.0000486 secs]2019-01-31T20:20:48.446+0000: 257790.849: [WeakReference, 19582 refs, 0.0024026 secs]2019-01-31T20:20:48.448+0000: 257790.851: [FinalReference, 398 refs, 0.0000876 secs]2019-01-31T20:20:48.449+0000: 257790.852: [PhantomReference, 0 refs, 4043 refs, 0.0002681 secs]2019-01-31T20:20:48.449+0000: 257790.852: [JNI Weak Reference, 0.0000242 secs][PSYoungGen: 641024K->595512K(1281536K)] [ParOldGen: 3845120K->3845099K(3845120K)] 4486144K->4440612K(5126656K), [Metaspace: 74535K->74535K(1118208K)], 1.8457191 secs] [Times: user=54.70 sys=0.05, real=1.85 secs] 
2019-01-31T20:20:49.990+0000: 257792.393: Total time for which application threads were stopped: 1.8645886 seconds, Stopping threads took: 0.0003499 seconds
2019-01-31T20:20:50.008+0000: 257792.411: Application time: 0.0184522 seconds
2019-01-31T20:20:50.030+0000: 257792.433: Total time for which application threads were stopped: 0.0219047 seconds, Stopping threads took: 0.0005639 seconds
2019-01-31T20:20:50.077+0000: 257792.480: Application time: 0.0470230 seconds
2019-01-31T20:20:50.094+0000: 257792.497: [Full GC (Ergonomics) 2019-01-31T20:20:50.426+0000: 257792.829: [SoftReference, 96 refs, 0.0000557 secs]2019-01-31T20:20:50.426+0000: 257792.829: [WeakReference, 19341 refs, 0.0026387 secs]2019-01-31T20:20:50.429+0000: 257792.832: [FinalReference, 393 refs, 0.0001171 secs]2019-01-31T20:20:50.429+0000: 257792.832: [PhantomReference, 0 refs, 4042 refs, 0.0002738 secs]2019-01-31T20:20:50.429+0000: 257792.832: [JNI Weak Reference, 0.0000206 secs][PSYoungGen: 641024K->608157K(1281536K)] [ParOldGen: 3845119K->3844988K(3845120K)] 4486143K->4453146K(5126656K), [Metaspace: 74535K->74535K(1118208K)], 4.1138419 secs] [Times: user=127.49 sys=0.23, real=4.12 secs] 
2019-01-31T20:20:54.209+0000: 257796.612: Total time for which application threads were stopped: 4.1320366 seconds, Stopping threads took: 0.0003294 seconds
2019-01-31T20:20:54.224+0000: 257796.627: Application time: 0.0153985 seconds
2019-01-31T20:20:54.243+0000: 257796.646: [Full GC (Ergonomics) 2019-01-31T20:20:54.458+0000: 257796.861: [SoftReference, 100 refs, 0.0000822 secs]2019-01-31T20:20:54.459+0000: 257796.862: [WeakReference, 9551 refs, 0.0012327 secs]2019-01-31T20:20:54.460+0000: 257796.863: [FinalReference, 350 refs, 0.0000931 secs]2019-01-31T20:20:54.460+0000: 257796.863: [PhantomReference, 0 refs, 4042 refs, 0.0003096 secs]2019-01-31T20:20:54.460+0000: 257796.863: [JNI Weak Reference, 0.0000361 secs][PSYoungGen: 641024K->619025K(1281536K)] [ParOldGen: 3844993K->3844785K(3845120K)] 4486017K->4463810K(5126656K), [Metaspace: 74535K->74535K(1118208K)], 3.5514823 secs] [Times: user=109.64 sys=0.24, real=3.55 secs] 
2019-01-31T20:20:57.795+0000: 257800.198: Total time for which application threads were stopped: 3.5708175 seconds, Stopping threads took: 0.0004361 seconds
2019-01-31T20:20:57.805+0000: 257800.208: Application time: 0.0093936 seconds
2019-01-31T20:20:57.829+0000: 257800.232: Total time for which application threads were stopped: 0.0240462 seconds, Stopping threads took: 0.0003731 seconds
2019-01-31T20:20:57.830+0000: 257800.233: Application time: 0.0009801 seconds
2019-01-31T20:20:57.846+0000: 257800.249: [Full GC (Ergonomics) 2019-01-31T20:20:58.174+0000: 257800.577: [SoftReference, 100 refs, 0.0000580 secs]2019-01-31T20:20:58.174+0000: 257800.577: [WeakReference, 11841 refs, 0.0015556 secs]2019-01-31T20:20:58.175+0000: 257800.578: [FinalReference, 307 refs, 0.0000607 secs]2019-01-31T20:20:58.175+0000: 257800.578: [PhantomReference, 0 refs, 4040 refs, 0.0002501 secs]2019-01-31T20:20:58.176+0000: 257800.579: [JNI Weak Reference, 0.0000194 secs][PSYoungGen: 641024K->626193K(1281536K)] [ParOldGen: 3844840K->3844735K(3845120K)] 4485864K->4470928K(5126656K), [Metaspace: 74535K->74535K(1118208K)], 3.5368166 secs] [Times: user=109.43 sys=0.20, real=3.54 secs] 
2019-01-31T20:21:01.384+0000: 257803.787: Total time for which application threads were stopped: 3.5540684 seconds, Stopping threads took: 0.0002280 seconds
2019-01-31T20:21:01.391+0000: 257803.794: Application time: 0.0069659 seconds
2019-01-31T20:21:01.412+0000: 257803.815: [Full GC (Ergonomics) 2019-01-31T20:21:01.720+0000: 257804.123: [SoftReference, 98 refs, 0.0000571 secs]2019-01-31T20:21:01.720+0000: 257804.123: [WeakReference, 14960 refs, 0.0020953 secs]2019-01-31T20:21:01.722+0000: 257804.125: [FinalReference, 228 refs, 0.0000208 secs]2019-01-31T20:21:01.722+0000: 257804.125: [PhantomReference, 0 refs, 4042 refs, 0.0002630 secs]2019-01-31T20:21:01.722+0000: 257804.125: [JNI Weak Reference, 0.0000263 secs][PSYoungGen: 641024K->630392K(1281536K)] [ParOldGen: 3844740K->3844628K(3845120K)] 4485764K->4475020K(5126656K), [Metaspace: 74535K->74535K(1118208K)], 4.2135502 secs] [Times: user=131.24 sys=0.26, real=4.21 secs] 
2019-01-31T20:21:05.626+0000: 257808.029: Total time for which application threads were stopped: 4.2352974 seconds, Stopping threads took: 0.0002545 seconds
2019-01-31T20:21:05.660+0000: 257808.063: Application time: 0.0344728 seconds
2019-01-31T20:21:05.681+0000: 257808.084: Total time for which application threads were stopped: 0.0206868 seconds, Stopping threads took: 0.0006116 seconds
2019-01-31T20:21:05.732+0000: 257808.135: Application time: 0.0508974 seconds
2019-01-31T20:21:05.752+0000: 257808.155: [Full GC (Ergonomics) 2019-01-31T20:21:06.092+0000: 257808.495: [SoftReference, 99 refs, 0.0000495 secs]2019-01-31T20:21:06.092+0000: 257808.495: [WeakReference, 13394 refs, 0.0016930 secs]2019-01-31T20:21:06.093+0000: 257808.496: [FinalReference, 230 refs, 0.0000278 secs]2019-01-31T20:21:06.093+0000: 257808.496: [PhantomReference, 0 refs, 4043 refs, 0.0002562 secs]2019-01-31T20:21:06.094+0000: 257808.497: [JNI Weak Reference, 0.0000200 secs][PSYoungGen: 641024K->633349K(1281536K)] [ParOldGen: 3845119K->3844733K(3845120K)] 4486143K->4478083K(5126656K), [Metaspace: 74535K->74535K(1118208K)], 3.1612087 secs] [Times: user=97.52 sys=0.16, real=3.16 secs] 
2019-01-31T20:21:08.914+0000: 257811.317: Total time for which application threads were stopped: 3.1821659 seconds, Stopping threads took: 0.0003541 seconds
2019-01-31T20:21:08.918+0000: 257811.321: Application time: 0.0041008 seconds
2019-01-31T20:21:08.939+0000: 257811.342: Total time for which application threads were stopped: 0.0206023 seconds, Stopping threads took: 0.0003649 seconds
2019-01-31T20:21:08.979+0000: 257811.382: Application time: 0.0406248 seconds
2019-01-31T20:21:09.000+0000: 257811.403: [Full GC (Ergonomics) 2019-01-31T20:21:09.313+0000: 257811.716: [SoftReference, 102 refs, 0.0001047 secs]2019-01-31T20:21:09.313+0000: 257811.716: [WeakReference, 14691 refs, 0.0028390 secs]2019-01-31T20:21:09.316+0000: 257811.719: [FinalReference, 261 refs, 0.0000807 secs]2019-01-31T20:21:09.316+0000: 257811.719: [PhantomReference, 0 refs, 4043 refs, 0.0005072 secs]2019-01-31T20:21:09.316+0000: 257811.719: [JNI Weak Reference, 0.0000442 secs][PSYoungGen: 641024K->635676K(1281536K)] [ParOldGen: 3845120K->3844652K(3845120K)] 4486144K->4480328K(5126656K), [Metaspace: 74535K->74535K(1118208K)], 4.0331635 secs] [Times: user=123.88 sys=0.23, real=4.03 secs] 
2019-01-31T20:21:13.034+0000: 257815.437: Total time for which application threads were stopped: 4.0547580 seconds, Stopping threads took: 0.0004523 seconds
2019-01-31T20:21:13.038+0000: 257815.441: Application time: 0.0035530 seconds
2019-01-31T20:21:13.063+0000: 257815.466: [Full GC (Ergonomics) 2019-01-31T20:21:13.283+0000: 257815.686: [SoftReference, 97 refs, 0.0000553 secs]2019-01-31T20:21:13.283+0000: 257815.686: [WeakReference, 15834 refs, 0.0024972 secs]2019-01-31T20:21:13.286+0000: 257815.689: [FinalReference, 253 refs, 0.0000490 secs]2019-01-31T20:21:13.286+0000: 257815.689: [PhantomReference, 0 refs, 4043 refs, 0.0003272 secs]2019-01-31T20:21:13.286+0000: 257815.689: [JNI Weak Reference, 0.0000219 secs][PSYoungGen: 641024K->636968K(1281536K)] [ParOldGen: 3844656K->3844929K(3845120K)] 4485680K->4481897K(5126656K), [Metaspace: 74535K->74535K(1118208K)], 4.2777006 secs] [Times: user=132.67 sys=0.27, real=4.28 secs] 
2019-01-31T20:21:17.341+0000: 257819.744: Total time for which application threads were stopped: 4.3033169 seconds, Stopping threads took: 0.0005563 seconds
2019-01-31T20:21:17.343+0000: 257819.746: Application time: 0.0022496 seconds
2019-01-31T20:21:17.367+0000: 257819.770: Total time for which application threads were stopped: 0.0232121 seconds, Stopping threads took: 0.0004559 seconds
2019-01-31T20:21:17.367+0000: 257819.770: Application time: 0.0006804 seconds
2019-01-31T20:21:17.392+0000: 257819.795: [Full GC (Ergonomics) 2019-01-31T20:21:17.617+0000: 257820.020: [SoftReference, 95 refs, 0.0000466 secs]2019-01-31T20:21:17.617+0000: 257820.020: [WeakReference, 10715 refs, 0.0017149 secs]2019-01-31T20:21:17.618+0000: 257820.021: [FinalReference, 261 refs, 0.0000416 secs]2019-01-31T20:21:17.618+0000: 257820.021: [PhantomReference, 0 refs, 4043 refs, 0.0003506 secs]2019-01-31T20:21:17.619+0000: 257820.022: [JNI Weak Reference, 0.0000221 secs][PSYoungGen: 641024K->638537K(1281536K)] [ParOldGen: 3844977K->3844698K(3845120K)] 4486001K->4483236K(5126656K), [Metaspace: 74535K->74535K(1118208K)], 3.0867359 secs] [Times: user=94.02 sys=0.14, real=3.08 secs] 
2019-01-31T20:21:20.479+0000: 257822.882: Total time for which application threads were stopped: 3.1118801 seconds, Stopping threads took: 0.0003373 seconds
2019-01-31T20:21:20.480+0000: 257822.883: Application time: 0.0012522 seconds
2019-01-31T20:21:20.502+0000: 257822.905: [Full GC (Ergonomics) 2019-01-31T20:21:20.843+0000: 257823.246: [SoftReference, 101 refs, 0.0000509 secs]2019-01-31T20:21:20.843+0000: 257823.246: [WeakReference, 11667 refs, 0.0018497 secs]2019-01-31T20:21:20.845+0000: 257823.248: [FinalReference, 235 refs, 0.0000551 secs]2019-01-31T20:21:20.845+0000: 257823.248: [PhantomReference, 0 refs, 4043 refs, 0.0004380 secs]2019-01-31T20:21:20.846+0000: 257823.249: [JNI Weak Reference, 0.0000264 secs][PSYoungGen: 641024K->638543K(1281536K)] [ParOldGen: 3844701K->3845022K(3845120K)] 4485725K->4483566K(5126656K), [Metaspace: 74535K->74535K(1118208K)], 4.9150336 secs] [Times: user=153.11 sys=0.26, real=4.91 secs] 
2019-01-31T20:21:25.418+0000: 257827.821: Total time for which application threads were stopped: 4.9373191 seconds, Stopping threads took: 0.0002870 seconds
2019-01-31T20:21:25.419+0000: 257827.822: Application time: 0.0016533 seconds
2019-01-31T20:21:25.443+0000: 257827.846: [Full GC (Ergonomics) 2019-01-31T20:21:25.785+0000: 257828.188: [SoftReference, 100 refs, 0.0000804 secs]2019-01-31T20:21:25.785+0000: 257828.188: [WeakReference, 13738 refs, 0.0024778 secs]2019-01-31T20:21:25.787+0000: 257828.190: [FinalReference, 227 refs, 0.0000325 secs]2019-01-31T20:21:25.787+0000: 257828.190: [PhantomReference, 0 refs, 4042 refs, 0.0003509 secs]2019-01-31T20:21:25.788+0000: 257828.191: [JNI Weak Reference, 0.0000234 secs][PSYoungGen: 641024K->639252K(1281536K)] [ParOldGen: 3845022K->3844981K(3845120K)] 4486046K->4484234K(5126656K), [Metaspace: 74535K->74535K(1118208K)], 3.8414111 secs] [Times: user=118.29 sys=0.15, real=3.84 secs] 
2019-01-31T20:21:29.286+0000: 257831.689: Total time for which application threads were stopped: 3.8663059 seconds, Stopping threads took: 0.0002202 seconds
2019-01-31T20:21:29.287+0000: 257831.690: Application time: 0.0009934 seconds
2019-01-31T20:21:29.308+0000: 257831.711: [Full GC (Ergonomics) 2019-01-31T20:21:29.608+0000: 257832.011: [SoftReference, 96 refs, 0.0000440 secs]2019-01-31T20:21:29.608+0000: 257832.011: [WeakReference, 13199 refs, 0.0021867 secs]2019-01-31T20:21:29.610+0000: 257832.013: [FinalReference, 252 refs, 0.0000688 secs]2019-01-31T20:21:29.610+0000: 257832.013: [PhantomReference, 0 refs, 4043 refs, 0.0003859 secs]2019-01-31T20:21:29.611+0000: 257832.014: [JNI Weak Reference, 0.0000226 secs][PSYoungGen: 641024K->638963K(1281536K)] [ParOldGen: 3844981K->3844922K(3845120K)] 4486005K->4483885K(5126656K), [Metaspace: 74535K->74535K(1118208K)], 4.9548071 secs] [Times: user=155.07 sys=0.25, real=4.96 secs] 
2019-01-31T20:21:34.264+0000: 257836.667: Total time for which application threads were stopped: 4.9769109 seconds, Stopping threads took: 0.0003585 seconds
2019-01-31T20:21:34.318+0000: 257836.721: Application time: 0.0547311 seconds
2019-01-31T20:21:34.343+0000: 257836.746: [Full GC (Ergonomics) 2019-01-31T20:21:34.668+0000: 257837.071: [SoftReference, 100 refs, 0.0000470 secs]2019-01-31T20:21:34.668+0000: 257837.071: [WeakReference, 14168 refs, 0.0023661 secs]2019-01-31T20:21:34.670+0000: 257837.073: [FinalReference, 235 refs, 0.0000423 secs]2019-01-31T20:21:34.670+0000: 257837.073: [PhantomReference, 0 refs, 4043 refs, 0.0004080 secs]2019-01-31T20:21:34.670+0000: 257837.073: [JNI Weak Reference, 0.0000385 secs][PSYoungGen: 641024K->639389K(1281536K)] [ParOldGen: 3844922K->3844772K(3845120K)] 4485946K->4484162K(5126656K), [Metaspace: 74535K->74535K(1118208K)], 3.6221352 secs] [Times: user=111.31 sys=0.19, real=3.62 secs] 
2019-01-31T20:21:37.965+0000: 257840.368: Total time for which application threads were stopped: 3.6470324 seconds, Stopping threads took: 0.0002635 seconds
2019-01-31T20:21:37.966+0000: 257840.369: Application time: 0.0010959 seconds
2019-01-31T20:21:37.986+0000: 257840.389: Total time for which application threads were stopped: 0.0191310 seconds, Stopping threads took: 0.0003272 seconds
2019-01-31T20:21:37.986+0000: 257840.389: Application time: 0.0007587 seconds
2019-01-31T20:21:38.005+0000: 257840.407: [Full GC (Ergonomics) 2019-01-31T20:21:38.219+0000: 257840.622: [SoftReference, 100 refs, 0.0000565 secs]2019-01-31T20:21:38.219+0000: 257840.622: [WeakReference, 15640 refs, 0.0021958 secs]2019-01-31T20:21:38.222+0000: 257840.625: [FinalReference, 245 refs, 0.0000330 secs]2019-01-31T20:21:38.222+0000: 257840.625: [PhantomReference, 0 refs, 4043 refs, 0.0002606 secs]2019-01-31T20:21:38.222+0000: 257840.625: [JNI Weak Reference, 0.0000187 secs][PSYoungGen: 641024K->639865K(1281536K)] [ParOldGen: 3844883K->3844826K(3845120K)] 4485907K->4484692K(5126656K), [Metaspace: 74535K->74535K(1118208K)], 4.0462556 secs] [Times: user=125.88 sys=0.21, real=4.04 secs] 
2019-01-31T20:21:42.051+0000: 257844.454: Total time for which application threads were stopped: 4.0651032 seconds, Stopping threads took: 0.0001998 seconds
2019-01-31T20:21:42.052+0000: 257844.455: Application time: 0.0002168 seconds
2019-01-31T20:21:42.068+0000: 257844.471: Total time for which application threads were stopped: 0.0162955 seconds, Stopping threads took: 0.0003099 seconds
2019-01-31T20:21:42.069+0000: 257844.472: Application time: 0.0014132 seconds
2019-01-31T20:21:42.087+0000: 257844.490: [Full GC (Ergonomics) 2019-01-31T20:21:42.364+0000: 257844.767: [SoftReference, 98 refs, 0.0000664 secs]2019-01-31T20:21:42.364+0000: 257844.767: [WeakReference, 15864 refs, 0.0020218 secs]2019-01-31T20:21:42.366+0000: 257844.769: [FinalReference, 238 refs, 0.0000452 secs]2019-01-31T20:21:42.366+0000: 257844.769: [PhantomReference, 0 refs, 4043 refs, 0.0002660 secs]2019-01-31T20:21:42.366+0000: 257844.769: [JNI Weak Reference, 0.0000195 secs][PSYoungGen: 641024K->639920K(1281536K)] [ParOldGen: 3844832K->3844746K(3845120K)] 4485856K->4484667K(5126656K), [Metaspace: 74535K->74535K(1118208K)], 2.9349348 secs] [Times: user=89.90 sys=0.19, real=2.93 secs] 
2019-01-31T20:21:45.023+0000: 257847.426: Total time for which application threads were stopped: 2.9535931 seconds, Stopping threads took: 0.0002021 seconds
2019-01-31T20:21:45.024+0000: 257847.427: Application time: 0.0007183 seconds
2019-01-31T20:21:45.045+0000: 257847.448: [Full GC (Ergonomics) 2019-01-31T20:21:45.388+0000: 257847.791: [SoftReference, 100 refs, 0.0000588 secs]2019-01-31T20:21:45.388+0000: 257847.791: [WeakReference, 13657 refs, 0.0018483 secs]2019-01-31T20:21:45.390+0000: 257847.793: [FinalReference, 229 refs, 0.0000267 secs]2019-01-31T20:21:45.390+0000: 257847.793: [PhantomReference, 0 refs, 4042 refs, 0.0003502 secs]2019-01-31T20:21:45.390+0000: 257847.793: [JNI Weak Reference, 0.0000213 secs][PSYoungGen: 641024K->640153K(1281536K)] [ParOldGen: 3844746K->3844664K(3845120K)] 4485770K->4484818K(5126656K), [Metaspace: 74535K->74535K(1118208K)], 4.0136428 secs] [Times: user=124.61 sys=0.23, real=4.01 secs] 
2019-01-31T20:21:49.059+0000: 257851.462: Total time for which application threads were stopped: 4.0352801 seconds, Stopping threads took: 0.0003282 seconds
2019-01-31T20:21:49.060+0000: 257851.463: Application time: 0.0005451 seconds
2019-01-31T20:21:49.077+0000: 257851.480: [Full GC (Ergonomics) 2019-01-31T20:21:49.393+0000: 257851.796: [SoftReference, 100 refs, 0.0000699 secs]2019-01-31T20:21:49.394+0000: 257851.797: [WeakReference, 15906 refs, 0.0019934 secs]2019-01-31T20:21:49.396+0000: 257851.799: [FinalReference, 239 refs, 0.0000386 secs]2019-01-31T20:21:49.396+0000: 257851.799: [PhantomReference, 0 refs, 4041 refs, 0.0002767 secs]2019-01-31T20:21:49.396+0000: 257851.799: [JNI Weak Reference, 0.0000202 secs][PSYoungGen: 641024K->639643K(1281536K)] [ParOldGen: 3844664K->3844913K(3845120K)] 4485688K->4484557K(5126656K), [Metaspace: 74535K->74535K(1118208K)], 3.6643710 secs] [Times: user=113.97 sys=0.22, real=3.66 secs] 
2019-01-31T20:21:52.743+0000: 257855.146: Total time for which application threads were stopped: 3.6829852 seconds, Stopping threads took: 0.0002878 seconds
2019-01-31T20:21:52.743+0000: 257855.146: Application time: 0.0007094 seconds
2019-01-31T20:21:52.762+0000: 257855.165: [Full GC (Ergonomics) 2019-01-31T20:21:53.083+0000: 257855.486: [SoftReference, 100 refs, 0.0000519 secs]2019-01-31T20:21:53.083+0000: 257855.486: [WeakReference, 22139 refs, 0.0027564 secs]2019-01-31T20:21:53.086+0000: 257855.489: [FinalReference, 228 refs, 0.0000247 secs]2019-01-31T20:21:53.086+0000: 257855.489: [PhantomReference, 0 refs, 4042 refs, 0.0002674 secs]2019-01-31T20:21:53.086+0000: 257855.489: [JNI Weak Reference, 0.0000191 secs][PSYoungGen: 641024K->639982K(1281536K)] [ParOldGen: 3844913K->3844867K(3845120K)] 4485937K->4484850K(5126656K), [Metaspace: 74535K->74535K(1118208K)], 3.7912968 secs] [Times: user=117.51 sys=0.29, real=3.79 secs] 
2019-01-31T20:21:56.554+0000: 257858.957: Total time for which application threads were stopped: 3.8105800 seconds, Stopping threads took: 0.0002355 seconds
2019-01-31T20:21:56.555+0000: 257858.957: Application time: 0.0006487 seconds
2019-01-31T20:21:56.572+0000: 257858.975: [Full GC (Ergonomics) 2019-01-31T20:21:56.893+0000: 257859.296: [SoftReference, 100 refs, 0.0000769 secs]2019-01-31T20:21:56.894+0000: 257859.297: [WeakReference, 23717 refs, 0.0030438 secs]2019-01-31T20:21:56.897+0000: 257859.300: [FinalReference, 229 refs, 0.0000366 secs]2019-01-31T20:21:56.897+0000: 257859.300: [PhantomReference, 0 refs, 4042 refs, 0.0002620 secs]2019-01-31T20:21:56.897+0000: 257859.300: [JNI Weak Reference, 0.0000196 secs][PSYoungGen: 641024K->640220K(1281536K)] [ParOldGen: 3844867K->3844829K(3845120K)] 4485891K->4485050K(5126656K), [Metaspace: 74535K->74535K(1118208K)], 2.2219666 secs] [Times: user=66.81 sys=0.13, real=2.22 secs] 
2019-01-31T20:21:58.795+0000: 257861.198: Total time for which application threads were stopped: 2.2405706 seconds, Stopping threads took: 0.0002786 seconds
2019-01-31T20:21:58.796+0000: 257861.199: Application time: 0.0004657 seconds
2019-01-31T20:21:58.814+0000: 257861.217: [Full GC (Ergonomics) 2019-01-31T20:21:59.150+0000: 257861.553: [SoftReference, 101 refs, 0.0000534 secs]2019-01-31T20:21:59.151+0000: 257861.554: [WeakReference, 23016 refs, 0.0030631 secs]2019-01-31T20:21:59.154+0000: 257861.557: [FinalReference, 227 refs, 0.0000199 secs]2019-01-31T20:21:59.154+0000: 257861.557: [PhantomReference, 0 refs, 4042 refs, 0.0002646 secs]2019-01-31T20:21:59.154+0000: 257861.557: [JNI Weak Reference, 0.0000201 secs][PSYoungGen: 641024K->640407K(1281536K)] [ParOldGen: 3844829K->3844825K(3845120K)] 4485853K->4485233K(5126656K), [Metaspace: 74535K->74535K(1118208K)], 3.4064042 secs] [Times: user=98.70 sys=0.30, real=3.41 secs] 
2019-01-31T20:22:02.221+0000: 257864.624: Total time for which application threads were stopped: 3.4253306 seconds, Stopping threads took: 0.0002997 seconds
2019-01-31T20:22:02.221+0000: 257864.624: Application time: 0.0004279 seconds
2019-01-31T20:22:02.240+0000: 257864.643: [Full GC (Ergonomics) 2019-01-31T20:22:02.576+0000: 257864.979: [SoftReference, 101 refs, 0.0000621 secs]2019-01-31T20:22:02.576+0000: 257864.979: [WeakReference, 18879 refs, 0.0023234 secs]2019-01-31T20:22:02.579+0000: 257864.982: [FinalReference, 233 refs, 0.0000298 secs]2019-01-31T20:22:02.579+0000: 257864.982: [PhantomReference, 0 refs, 4041 refs, 0.0002769 secs]2019-01-31T20:22:02.579+0000: 257864.982: [JNI Weak Reference, 0.0000212 secs][PSYoungGen: 641024K->640319K(1281536K)] [ParOldGen: 3844825K->3844823K(3845120K)] 4485849K->4485142K(5126656K), [Metaspace: 74535K->74535K(1118208K)], 3.9453544 secs] [Times: user=122.64 sys=0.26, real=3.94 secs] 
2019-01-31T20:22:06.186+0000: 257868.589: Total time for which application threads were stopped: 3.9644662 seconds, Stopping threads took: 0.0002706 seconds
2019-01-31T20:22:06.186+0000: 257868.589: Application time: 0.0004813 seconds
2019-01-31T20:22:06.205+0000: 257868.608: [Full GC (Ergonomics) 2019-01-31T20:22:06.426+0000: 257868.829: [SoftReference, 102 refs, 0.0000781 secs]2019-01-31T20:22:06.426+0000: 257868.829: [WeakReference, 19236 refs, 0.0022964 secs]2019-01-31T20:22:06.428+0000: 257868.831: [FinalReference, 227 refs, 0.0000135 secs]2019-01-31T20:22:06.428+0000: 257868.831: [PhantomReference, 0 refs, 4042 refs, 0.0002512 secs]2019-01-31T20:22:06.429+0000: 257868.832: [JNI Weak Reference, 0.0000201 secs][PSYoungGen: 641024K->640420K(1281536K)] [ParOldGen: 3844823K->3844812K(3845120K)] 4485847K->4485233K(5126656K), [Metaspace: 74535K->74535K(1118208K)], 3.9809555 secs] [Times: user=123.60 sys=0.27, real=3.98 secs] 
2019-01-31T20:22:10.187+0000: 257872.590: Total time for which application threads were stopped: 4.0006012 seconds, Stopping threads took: 0.0003898 seconds
2019-01-31T20:22:10.187+0000: 257872.590: Application time: 0.0004729 seconds
2019-01-31T20:22:10.206+0000: 257872.609: [Full GC (Ergonomics) 2019-01-31T20:22:10.547+0000: 257872.950: [SoftReference, 102 refs, 0.0000848 secs]2019-01-31T20:22:10.547+0000: 257872.950: [WeakReference, 11486 refs, 0.0015212 secs]2019-01-31T20:22:10.549+0000: 257872.952: [FinalReference, 227 refs, 0.0000187 secs]2019-01-31T20:22:10.549+0000: 257872.952: [PhantomReference, 0 refs, 4042 refs, 0.0002586 secs]2019-01-31T20:22:10.549+0000: 257872.952: [JNI Weak Reference, 0.0000206 secs][PSYoungGen: 641024K->640556K(1281536K)] [ParOldGen: 3844812K->3844809K(3845120K)] 4485836K->4485366K(5126656K), [Metaspace: 74535K->74535K(1118208K)], 3.9122330 secs] [Times: user=121.40 sys=0.28, real=3.92 secs] 
2019-01-31T20:22:14.119+0000: 257876.522: Total time for which application threads were stopped: 3.9312686 seconds, Stopping threads took: 0.0002667 seconds
2019-01-31T20:22:14.119+0000: 257876.522: Application time: 0.0003318 seconds
2019-01-31T20:22:14.137+0000: 257876.540: [Full GC (Ergonomics) 2019-01-31T20:22:14.481+0000: 257876.884: [SoftReference, 84 refs, 0.0000560 secs]2019-01-31T20:22:14.481+0000: 257876.884: [WeakReference, 18006 refs, 0.0023770 secs]2019-01-31T20:22:14.484+0000: 257876.887: [FinalReference, 229 refs, 0.0000190 secs]2019-01-31T20:22:14.484+0000: 257876.887: [PhantomReference, 0 refs, 4041 refs, 0.0003344 secs]2019-01-31T20:22:14.484+0000: 257876.887: [JNI Weak Reference, 0.0000204 secs][PSYoungGen: 641024K->640678K(1281536K)] [ParOldGen: 3844809K->3844807K(3845120K)] 4485833K->4485486K(5126656K), [Metaspace: 74535K->74535K(1118208K)], 3.8916175 secs] [Times: user=120.94 sys=0.28, real=3.90 secs] 
2019-01-31T20:22:18.030+0000: 257880.433: Total time for which application threads were stopped: 3.9105857 seconds, Stopping threads took: 0.0002823 seconds
2019-01-31T20:22:18.030+0000: 257880.433: Application time: 0.0003406 seconds
2019-01-31T20:22:18.048+0000: 257880.451: [Full GC (Ergonomics) 2019-01-31T20:22:18.373+0000: 257880.776: [SoftReference, 85 refs, 0.0000554 secs]2019-01-31T20:22:18.373+0000: 257880.776: [WeakReference, 12452 refs, 0.0015722 secs]2019-01-31T20:22:18.375+0000: 257880.778: [FinalReference, 227 refs, 0.0000149 secs]2019-01-31T20:22:18.375+0000: 257880.778: [PhantomReference, 0 refs, 4042 refs, 0.0002675 secs]2019-01-31T20:22:18.375+0000: 257880.778: [JNI Weak Reference, 0.0000189 secs][PSYoungGen: 641024K->640757K(1281536K)] [ParOldGen: 3844807K->3844805K(3845120K)] 4485831K->4485562K(5126656K), [Metaspace: 74535K->74535K(1118208K)], 3.8201034 secs] [Times: user=118.66 sys=0.24, real=3.82 secs] 
2019-01-31T20:22:21.868+0000: 257884.271: Total time for which application threads were stopped: 3.8385587 seconds, Stopping threads took: 0.0002565 seconds
2019-01-31T20:22:21.869+0000: 257884.272: Application time: 0.0003462 seconds
2019-01-31T20:22:21.886+0000: 257884.289: [Full GC (Ergonomics) 2019-01-31T20:22:22.101+0000: 257884.504: [SoftReference, 87 refs, 0.0000624 secs]2019-01-31T20:22:22.101+0000: 257884.504: [WeakReference, 21449 refs, 0.0027580 secs]2019-01-31T20:22:22.104+0000: 257884.507: [FinalReference, 227 refs, 0.0000137 secs]2019-01-31T20:22:22.104+0000: 257884.507: [PhantomReference, 0 refs, 4042 refs, 0.0002882 secs]2019-01-31T20:22:22.104+0000: 257884.507: [JNI Weak Reference, 0.0000208 secs][PSYoungGen: 641024K->640805K(1281536K)] [ParOldGen: 3844805K->3844799K(3845120K)] 4485829K->4485604K(5126656K), [Metaspace: 74535K->74535K(1118208K)], 2.8615195 secs] [Times: user=87.73 sys=0.16, real=2.86 secs] 
2019-01-31T20:22:24.749+0000: 257887.152: Total time for which application threads were stopped: 2.8798669 seconds, Stopping threads took: 0.0002842 seconds
2019-01-31T20:22:24.749+0000: 257887.152: Application time: 0.0003744 seconds
2019-01-31T20:22:24.766+0000: 257887.169: [Full GC (Ergonomics) 2019-01-31T20:22:24.988+0000: 257887.391: [SoftReference, 88 refs, 0.0000872 secs]2019-01-31T20:22:24.988+0000: 257887.391: [WeakReference, 12270 refs, 0.0015634 secs]2019-01-31T20:22:24.989+0000: 257887.392: [FinalReference, 228 refs, 0.0000153 secs]2019-01-31T20:22:24.989+0000: 257887.392: [PhantomReference, 0 refs, 4042 refs, 0.0002674 secs]2019-01-31T20:22:24.989+0000: 257887.392: [JNI Weak Reference, 0.0000195 secs][PSYoungGen: 641024K->640820K(1281536K)] [ParOldGen: 3844799K->3844792K(3845120K)] 4485823K->4485612K(5126656K), [Metaspace: 74535K->74535K(1118208K)], 3.9207366 secs] [Times: user=121.64 sys=0.28, real=3.92 secs] 
2019-01-31T20:22:28.688+0000: 257891.091: Total time for which application threads were stopped: 3.9389222 seconds, Stopping threads took: 0.0002373 seconds
2019-01-31T20:22:28.688+0000: 257891.091: Application time: 0.0001956 seconds
2019-01-31T20:22:28.705+0000: 257891.108: [Full GC (Ergonomics) 2019-01-31T20:22:29.062+0000: 257891.465: [SoftReference, 84 refs, 0.0000535 secs]2019-01-31T20:22:29.062+0000: 257891.465: [WeakReference, 19785 refs, 0.0024512 secs]2019-01-31T20:22:29.065+0000: 257891.468: [FinalReference, 227 refs, 0.0000191 secs]2019-01-31T20:22:29.065+0000: 257891.468: [PhantomReference, 0 refs, 4042 refs, 0.0002528 secs]2019-01-31T20:22:29.065+0000: 257891.468: [JNI Weak Reference, 0.0000192 secs][PSYoungGen: 641024K->640866K(1281536K)] [ParOldGen: 3844792K->3844791K(3845120K)] 4485816K->4485657K(5126656K), [Metaspace: 74535K->74535K(1118208K)], 4.0033098 secs] [Times: user=124.54 sys=0.21, real=4.00 secs] 
2019-01-31T20:22:32.709+0000: 257895.113: Total time for which application threads were stopped: 4.0213578 seconds, Stopping threads took: 0.0002433 seconds
2019-01-31T20:22:32.710+0000: 257895.113: Application time: 0.0002855 seconds
2019-01-31T20:22:32.728+0000: 257895.131: [Full GC (Ergonomics) 2019-01-31T20:22:32.945+0000: 257895.348: [SoftReference, 86 refs, 0.0000517 secs]2019-01-31T20:22:32.945+0000: 257895.348: [WeakReference, 14353 refs, 0.0019132 secs]2019-01-31T20:22:32.947+0000: 257895.350: [FinalReference, 227 refs, 0.0000169 secs]2019-01-31T20:22:32.947+0000: 257895.350: [PhantomReference, 0 refs, 4041 refs, 0.0002693 secs]2019-01-31T20:22:32.947+0000: 257895.350: [JNI Weak Reference, 0.0000188 secs][PSYoungGen: 641024K->640911K(1281536K)] [ParOldGen: 3844791K->3844787K(3845120K)] 4485815K->4485698K(5126656K), [Metaspace: 74535K->74535K(1118208K)], 4.0180959 secs] [Times: user=124.72 sys=0.20, real=4.02 secs] 
2019-01-31T20:22:36.746+0000: 257899.149: Total time for which application threads were stopped: 4.0366931 seconds, Stopping threads took: 0.0001676 seconds
2019-01-31T20:22:36.747+0000: 257899.150: Application time: 0.0002152 seconds
2019-01-31T20:22:36.765+0000: 257899.168: [Full GC (Ergonomics) 2019-01-31T20:22:37.128+0000: 257899.531: [SoftReference, 94 refs, 0.0000594 secs]2019-01-31T20:22:37.128+0000: 257899.531: [WeakReference, 12392 refs, 0.0016012 secs]2019-01-31T20:22:37.130+0000: 257899.533: [FinalReference, 228 refs, 0.0000215 secs]2019-01-31T20:22:37.130+0000: 257899.533: [PhantomReference, 0 refs, 4042 refs, 0.0002810 secs]2019-01-31T20:22:37.130+0000: 257899.533: [JNI Weak Reference, 0.0000191 secs][PSYoungGen: 641024K->640921K(1281536K)] [ParOldGen: 3844787K->3844770K(3845120K)] 4485811K->4485692K(5126656K), [Metaspace: 74535K->74535K(1118208K)], 4.2051868 secs] [Times: user=131.15 sys=0.36, real=4.20 secs] 
2019-01-31T20:22:40.970+0000: 257903.373: Total time for which application threads were stopped: 4.2237193 seconds, Stopping threads took: 0.0002550 seconds
2019-01-31T20:22:40.971+0000: 257903.374: Application time: 0.0002280 seconds
2019-01-31T20:22:40.988+0000: 257903.391: [Full GC (Ergonomics) 2019-01-31T20:22:41.211+0000: 257903.614: [SoftReference, 96 refs, 0.0000639 secs]2019-01-31T20:22:41.211+0000: 257903.614: [WeakReference, 13132 refs, 0.0016694 secs]2019-01-31T20:22:41.213+0000: 257903.616: [FinalReference, 228 refs, 0.0000190 secs]2019-01-31T20:22:41.213+0000: 257903.616: [PhantomReference, 0 refs, 4040 refs, 0.0002676 secs]2019-01-31T20:22:41.213+0000: 257903.616: [JNI Weak Reference, 0.0000182 secs][PSYoungGen: 641024K->640918K(1281536K)] [ParOldGen: 3844770K->3844750K(3845120K)] 4485794K->4485669K(5126656K), [Metaspace: 74535K->74535K(1118208K)], 3.6593842 secs] [Times: user=97.14 sys=0.46, real=3.66 secs] 
2019-01-31T20:22:44.648+0000: 257907.051: Total time for which application threads were stopped: 3.6774237 seconds, Stopping threads took: 0.0002357 seconds
2019-01-31T20:22:44.648+0000: 257907.051: Application time: 0.0002167 seconds
2019-01-31T20:22:44.668+0000: 257907.071: [Full GC (Ergonomics) 2019-01-31T20:22:45.172+0000: 257907.575: [SoftReference, 94 refs, 0.0000683 secs]2019-01-31T20:22:45.172+0000: 257907.575: [WeakReference, 18044 refs, 0.0027860 secs]2019-01-31T20:22:45.175+0000: 257907.578: [FinalReference, 227 refs, 0.0000275 secs]2019-01-31T20:22:45.175+0000: 257907.578: [PhantomReference, 0 refs, 4042 refs, 0.0003766 secs]2019-01-31T20:22:45.176+0000: 257907.579: [JNI Weak Reference, 0.0000258 secs][PSYoungGen: 641024K->640940K(1281536K)] [ParOldGen: 3844750K->3844734K(3845120K)] 4485774K->4485674K(5126656K), [Metaspace: 74535K->74535K(1118208K)], 5.7431166 secs] [Times: user=103.92 sys=0.67, real=5.74 secs] 
2019-01-31T20:22:50.412+0000: 257912.815: Total time for which application threads were stopped: 5.7636671 seconds, Stopping threads took: 0.0002705 seconds
2019-01-31T20:22:50.412+0000: 257912.815: Application time: 0.0004164 seconds
2019-01-31T20:22:50.432+0000: 257912.835: [Full GC (Ergonomics) 2019-01-31T20:22:50.885+0000: 257913.288: [SoftReference, 95 refs, 0.0000619 secs]2019-01-31T20:22:50.885+0000: 257913.288: [WeakReference, 15571 refs, 0.0020478 secs]2019-01-31T20:22:50.887+0000: 257913.290: [FinalReference, 227 refs, 0.0000225 secs]2019-01-31T20:22:50.887+0000: 257913.290: [PhantomReference, 0 refs, 4042 refs, 0.0002747 secs]2019-01-31T20:22:50.887+0000: 257913.290: [JNI Weak Reference, 0.0000214 secs][PSYoungGen: 641024K->640964K(1281536K)] [ParOldGen: 3844734K->3844712K(3845120K)] 4485758K->4485677K(5126656K), [Metaspace: 74535K->74535K(1118208K)], 4.9330613 secs] [Times: user=122.62 sys=0.49, real=4.94 secs] 
2019-01-31T20:22:55.366+0000: 257917.769: Total time for which application threads were stopped: 4.9537073 seconds, Stopping threads took: 0.0001535 seconds
2019-01-31T20:22:55.366+0000: 257917.769: Application time: 0.0002272 seconds
2019-01-31T20:22:55.384+0000: 257917.787: [Full GC (Ergonomics) 2019-01-31T20:22:55.603+0000: 257918.006: [SoftReference, 7510 refs, 0.0016468 secs]2019-01-31T20:22:55.605+0000: 257918.008: [WeakReference, 13173 refs, 0.0016571 secs]2019-01-31T20:22:55.606+0000: 257918.009: [FinalReference, 227 refs, 0.0000159 secs]2019-01-31T20:22:55.606+0000: 257918.009: [PhantomReference, 0 refs, 4042 refs, 0.0002476 secs]2019-01-31T20:22:55.607+0000: 257918.010: [JNI Weak Reference, 0.0000190 secs][PSYoungGen: 641024K->638140K(1281536K)] [ParOldGen: 3844712K->3844635K(3845120K)] 4485736K->4482776K(5126656K), [Metaspace: 74535K->74278K(1118208K)], 3.6842967 secs] [Times: user=101.42 sys=0.21, real=3.69 secs] 
2019-01-31T20:22:59.074+0000: 257921.477: Total time for which application threads were stopped: 3.7076750 seconds, Stopping threads took: 0.0003253 seconds
2019-01-31T20:22:59.077+0000: 257921.480: Application time: 0.0030488 seconds
2019-01-31T20:22:59.545+0000: 257921.948: [Full GC (Ergonomics) 2019-01-31T20:22:59.980+0000: 257922.383: [SoftReference, 164 refs, 0.0000798 secs]2019-01-31T20:22:59.980+0000: 257922.383: [WeakReference, 18530 refs, 0.0026998 secs]2019-01-31T20:22:59.983+0000: 257922.386: [FinalReference, 1210 refs, 0.0002106 secs]2019-01-31T20:22:59.983+0000: 257922.386: [PhantomReference, 0 refs, 4042 refs, 0.0003228 secs]2019-01-31T20:22:59.983+0000: 257922.386: [JNI Weak Reference, 0.0000229 secs][PSYoungGen: 641024K->638040K(1281536K)] [ParOldGen: 3844635K->3844615K(3845120K)] 4485659K->4482656K(5126656K), [Metaspace: 74278K->74278K(1118208K)], 3.1526121 secs] [Times: user=93.39 sys=0.23, real=3.16 secs] 
2019-01-31T20:23:02.698+0000: 257925.101: Total time for which application threads were stopped: 3.6208464 seconds, Stopping threads took: 0.4406449 seconds
2019-01-31T20:23:02.699+0000: 257925.102: Application time: 0.0013703 seconds
2019-01-31T20:23:02.717+0000: 257925.120: [Full GC (Ergonomics) 2019-01-31T20:23:02.934+0000: 257925.337: [SoftReference, 277 refs, 0.0000974 secs]2019-01-31T20:23:02.934+0000: 257925.337: [WeakReference, 14087 refs, 0.0018628 secs]2019-01-31T20:23:02.935+0000: 257925.338: [FinalReference, 1251 refs, 0.0002074 secs]2019-01-31T20:23:02.936+0000: 257925.339: [PhantomReference, 0 refs, 4042 refs, 0.0003154 secs]2019-01-31T20:23:02.936+0000: 257925.339: [JNI Weak Reference, 0.0000209 secs][PSYoungGen: 641024K->638455K(1281536K)] [ParOldGen: 3844615K->3845046K(3845120K)] 4485639K->4483501K(5126656K), [Metaspace: 74278K->74278K(1118208K)], 3.8195761 secs] [Times: user=111.90 sys=0.33, real=3.82 secs] 
2019-01-31T20:23:06.538+0000: 257928.941: Total time for which application threads were stopped: 3.8384938 seconds, Stopping threads took: 0.0002518 seconds
2019-01-31T20:23:06.539+0000: 257928.942: Application time: 0.0013323 seconds
2019-01-31T20:23:06.557+0000: 257928.960: [Full GC (Ergonomics) 2019-01-31T20:23:06.774+0000: 257929.177: [SoftReference, 274 refs, 0.0001311 secs]2019-01-31T20:23:06.774+0000: 257929.177: [WeakReference, 19917 refs, 0.0023838 secs]2019-01-31T20:23:06.777+0000: 257929.180: [FinalReference, 875 refs, 0.0001366 secs]2019-01-31T20:23:06.777+0000: 257929.180: [PhantomReference, 0 refs, 4042 refs, 0.0002696 secs]2019-01-31T20:23:06.777+0000: 257929.180: [JNI Weak Reference, 0.0000208 secs][PSYoungGen: 641024K->639101K(1281536K)] [ParOldGen: 3845046K->3845033K(3845120K)] 4486070K->4484134K(5126656K), [Metaspace: 74278K->74278K(1118208K)], 3.0544027 secs] [Times: user=93.81 sys=0.18, real=3.05 secs] 
2019-01-31T20:23:09.612+0000: 257932.015: Total time for which application threads were stopped: 3.0732706 seconds, Stopping threads took: 0.0004630 seconds
2019-01-31T20:23:09.613+0000: 257932.016: Application time: 0.0010889 seconds
2019-01-31T20:23:35.868+0000: 257958.271: Total time for which application threads were stopped: 26.2547172 seconds, Stopping threads took: 0.0002441 seconds
2019-01-31T20:23:35.868+0000: 257958.271: Application time: 0.0000967 seconds
2019-01-31T20:23:35.903+0000: 257958.306: [Full GC (Ergonomics) 2019-01-31T20:23:36.142+0000: 257958.545: [SoftReference, 228 refs, 0.0000792 secs]2019-01-31T20:23:36.142+0000: 257958.545: [WeakReference, 13512 refs, 0.0016755 secs]2019-01-31T20:23:36.144+0000: 257958.547: [FinalReference, 1167 refs, 0.0002014 secs]2019-01-31T20:23:36.144+0000: 257958.547: [PhantomReference, 0 refs, 4042 refs, 0.0002867 secs]2019-01-31T20:23:36.144+0000: 257958.547: [JNI Weak Reference, 0.0000220 secs][PSYoungGen: 641024K->639539K(1281536K)] [ParOldGen: 3845033K->3844994K(3845120K)] 4486057K->4484533K(5126656K), [Metaspace: 74278K->74278K(1118208K)], 4.1325238 secs] [Times: user=128.12 sys=0.41, real=4.13 secs] 
2019-01-31T20:23:40.036+0000: 257962.439: Total time for which application threads were stopped: 4.1681279 seconds, Stopping threads took: 0.0135247 seconds
2019-01-31T20:23:40.037+0000: 257962.440: Application time: 0.0007876 seconds
2019-01-31T20:23:41.380+0000: 257963.783: Total time for which application threads were stopped: 1.3428630 seconds, Stopping threads took: 0.0005435 seconds
2019-01-31T20:23:41.381+0000: 257963.784: Application time: 0.0004758 seconds
2019-01-31T20:23:41.406+0000: 257963.809: [Full GC (Ergonomics) 2019-01-31T20:23:41.648+0000: 257964.051: [SoftReference, 315 refs, 0.0000897 secs]2019-01-31T20:23:41.648+0000: 257964.051: [WeakReference, 8005 refs, 0.0014576 secs]2019-01-31T20:23:41.649+0000: 257964.052: [FinalReference, 1616 refs, 0.0002984 secs]2019-01-31T20:23:41.650+0000: 257964.053: [PhantomReference, 0 refs, 4042 refs, 0.0003909 secs]2019-01-31T20:23:41.650+0000: 257964.053: [JNI Weak Reference, 0.0000237 secs][PSYoungGen: 641024K->639881K(1281536K)] [ParOldGen: 3844994K->3844961K(3845120K)] 4486018K->4484843K(5126656K), [Metaspace: 74278K->74278K(1118208K)], 3.5938497 secs] [Times: user=109.43 sys=0.55, real=3.59 secs] 
2019-01-31T20:23:45.000+0000: 257967.403: Total time for which application threads were stopped: 3.6199028 seconds, Stopping threads took: 0.0003937 seconds
2019-01-31T20:23:45.002+0000: 257967.405: Application time: 0.0020033 seconds
2019-01-31T20:23:45.026+0000: 257967.429: [Full GC (Ergonomics) 2019-01-31T20:23:45.304+0000: 257967.707: [SoftReference, 414 refs, 0.0001074 secs]2019-01-31T20:23:45.304+0000: 257967.707: [WeakReference, 14072 refs, 0.0020965 secs]2019-01-31T20:23:45.306+0000: 257967.709: [FinalReference, 1582 refs, 0.0002949 secs]2019-01-31T20:23:45.307+0000: 257967.710: [PhantomReference, 0 refs, 4041 refs, 0.0003855 secs]2019-01-31T20:23:45.307+0000: 257967.710: [JNI Weak Reference, 0.0000320 secs][PSYoungGen: 641024K->640026K(1281536K)] [ParOldGen: 3844961K->3844954K(3845120K)] 4485985K->4484981K(5126656K), [Metaspace: 74278K->74278K(1118208K)], 11.4638215 secs] [Times: user=123.98 sys=0.59, real=11.46 secs] 
2019-01-31T20:23:56.491+0000: 257978.894: Total time for which application threads were stopped: 11.4883815 seconds, Stopping threads took: 0.0009748 seconds
2019-01-31T20:23:56.493+0000: 257978.896: Application time: 0.0025376 seconds
2019-01-31T20:23:56.524+0000: 257978.927: [Full GC (Ergonomics) 2019-01-31T20:23:56.801+0000: 257979.204: [SoftReference, 410 refs, 0.0000886 secs]2019-01-31T20:23:56.801+0000: 257979.204: [WeakReference, 10623 refs, 0.0014061 secs]2019-01-31T20:23:56.803+0000: 257979.206: [FinalReference, 1582 refs, 0.0002780 secs]2019-01-31T20:23:56.803+0000: 257979.206: [PhantomReference, 0 refs, 4042 refs, 0.0002936 secs]2019-01-31T20:23:56.803+0000: 257979.206: [JNI Weak Reference, 0.0000481 secs][PSYoungGen: 641024K->640309K(1281536K)] [ParOldGen: 3844954K->3844950K(3845120K)] 4485978K->4485259K(5126656K), [Metaspace: 74278K->74278K(1118208K)], 4.0516155 secs] [Times: user=110.37 sys=0.76, real=4.06 secs] 
2019-01-31T20:24:00.576+0000: 257982.979: Total time for which application threads were stopped: 4.0825926 seconds, Stopping threads took: 0.0006387 seconds
2019-01-31T20:24:00.577+0000: 257982.980: Application time: 0.0011771 seconds
2019-01-31T20:24:00.597+0000: 257983.000: [Full GC (Ergonomics) 2019-01-31T20:24:00.936+0000: 257983.339: [SoftReference, 406 refs, 0.0001121 secs]2019-01-31T20:24:00.936+0000: 257983.339: [WeakReference, 12311 refs, 0.0015116 secs]2019-01-31T20:24:00.937+0000: 257983.340: [FinalReference, 1579 refs, 0.0002353 secs]2019-01-31T20:24:00.938+0000: 257983.341: [PhantomReference, 0 refs, 4042 refs, 0.0002592 secs]2019-01-31T20:24:00.938+0000: 257983.341: [JNI Weak Reference, 0.0000213 secs][PSYoungGen: 641024K->640498K(1281536K)] [ParOldGen: 3844950K->3844905K(3845120K)] 4485974K->4485403K(5126656K), [Metaspace: 74278K->74278K(1118208K)], 3.9881395 secs] [Times: user=123.56 sys=0.42, real=3.99 secs] 
2019-01-31T20:24:04.586+0000: 257986.989: Total time for which application threads were stopped: 4.0090009 seconds, Stopping threads took: 0.0006446 seconds
2019-01-31T20:24:04.587+0000: 257986.990: Application time: 0.0007259 seconds
2019-01-31T20:24:04.606+0000: 257987.009: [Full GC (Ergonomics) 2019-01-31T20:24:04.949+0000: 257987.352: [SoftReference, 409 refs, 0.0001023 secs]2019-01-31T20:24:04.949+0000: 257987.352: [WeakReference, 12942 refs, 0.0016363 secs]2019-01-31T20:24:04.951+0000: 257987.354: [FinalReference, 1583 refs, 0.0002271 secs]2019-01-31T20:24:04.951+0000: 257987.354: [PhantomReference, 0 refs, 4042 refs, 0.0002630 secs]2019-01-31T20:24:04.952+0000: 257987.355: [JNI Weak Reference, 0.0000210 secs][PSYoungGen: 641024K->640619K(1281536K)] [ParOldGen: 3844905K->3844900K(3845120K)] 4485929K->4485520K(5126656K), [Metaspace: 74278K->74278K(1118208K)], 3.8929788 secs] [Times: user=120.88 sys=0.27, real=3.89 secs] 
2019-01-31T20:24:08.500+0000: 257990.903: Total time for which application threads were stopped: 3.9133045 seconds, Stopping threads took: 0.0005062 seconds
2019-01-31T20:24:08.501+0000: 257990.904: Application time: 0.0004918 seconds
2019-01-31T20:24:08.519+0000: 257990.922: [Full GC (Ergonomics) 2019-01-31T20:24:08.733+0000: 257991.136: [SoftReference, 413 refs, 0.0001041 secs]2019-01-31T20:24:08.734+0000: 257991.137: [WeakReference, 10620 refs, 0.0013990 secs]2019-01-31T20:24:08.735+0000: 257991.138: [FinalReference, 1592 refs, 0.0002262 secs]2019-01-31T20:24:08.735+0000: 257991.138: [PhantomReference, 0 refs, 4042 refs, 0.0002778 secs]2019-01-31T20:24:08.736+0000: 257991.138: [JNI Weak Reference, 0.0000201 secs][PSYoungGen: 641024K->640686K(1281536K)] [ParOldGen: 3844900K->3844896K(3845120K)] 4485924K->4485582K(5126656K), [Metaspace: 74278K->74278K(1118208K)], 3.4907271 secs] [Times: user=100.50 sys=0.49, real=3.49 secs] 
2019-01-31T20:24:12.011+0000: 257994.414: Total time for which application threads were stopped: 3.5098194 seconds, Stopping threads took: 0.0005244 seconds
2019-01-31T20:24:12.011+0000: 257994.414: Application time: 0.0006903 seconds
2019-01-31T20:24:12.032+0000: 257994.435: [Full GC (Ergonomics) 2019-01-31T20:24:12.292+0000: 257994.695: [SoftReference, 403 refs, 0.0001042 secs]2019-01-31T20:24:12.292+0000: 257994.695: [WeakReference, 14221 refs, 0.0017596 secs]2019-01-31T20:24:12.294+0000: 257994.697: [FinalReference, 1581 refs, 0.0002361 secs]2019-01-31T20:24:12.294+0000: 257994.697: [PhantomReference, 0 refs, 4042 refs, 0.0003260 secs]2019-01-31T20:24:12.294+0000: 257994.697: [JNI Weak Reference, 0.0000242 secs][PSYoungGen: 641024K->640771K(1281536K)] [ParOldGen: 3844896K->3844893K(3845120K)] 4485920K->4485665K(5126656K), [Metaspace: 74278K->74278K(1118208K)], 3.6851297 secs] [Times: user=113.90 sys=0.30, real=3.69 secs] 
2019-01-31T20:24:15.718+0000: 257998.121: Total time for which application threads were stopped: 3.7063364 seconds, Stopping threads took: 0.0004565 seconds
2019-01-31T20:24:15.718+0000: 257998.121: Application time: 0.0004712 seconds
2019-01-31T20:24:15.738+0000: 257998.141: [Full GC (Ergonomics) 2019-01-31T20:24:16.054+0000: 257998.457: [SoftReference, 395 refs, 0.0000985 secs]2019-01-31T20:24:16.054+0000: 257998.457: [WeakReference, 9863 refs, 0.0013716 secs]2019-01-31T20:24:16.056+0000: 257998.459: [FinalReference, 1580 refs, 0.0002661 secs]2019-01-31T20:24:16.056+0000: 257998.459: [PhantomReference, 0 refs, 4042 refs, 0.0003474 secs]2019-01-31T20:24:16.056+0000: 257998.459: [JNI Weak Reference, 0.0000252 secs][PSYoungGen: 641024K->640792K(1281536K)] [ParOldGen: 3844893K->3844888K(3845120K)] 4485917K->4485680K(5126656K), [Metaspace: 74278K->74278K(1118208K)], 3.2135804 secs] [Times: user=98.69 sys=0.25, real=3.21 secs] 
2019-01-31T20:24:19.120+0000: 258001.523: Total time for which application threads were stopped: 3.4015170 seconds, Stopping threads took: 0.0004808 seconds
2019-01-31T20:24:19.122+0000: 258001.525: Application time: 0.0023240 seconds
2019-01-31T20:24:19.139+0000: 258001.542: [Full GC (Ergonomics) 2019-01-31T20:24:19.469+0000: 258001.872: [SoftReference, 390 refs, 0.0000980 secs]2019-01-31T20:24:19.469+0000: 258001.872: [WeakReference, 14915 refs, 0.0018031 secs]2019-01-31T20:24:19.471+0000: 258001.874: [FinalReference, 1579 refs, 0.0002613 secs]2019-01-31T20:24:19.471+0000: 258001.874: [PhantomReference, 0 refs, 4041 refs, 0.0003128 secs]2019-01-31T20:24:19.471+0000: 258001.874: [JNI Weak Reference, 0.0000201 secs][PSYoungGen: 641024K->640833K(1281536K)] [ParOldGen: 3844888K->3844884K(3845120K)] 4485912K->4485717K(5126656K), [Metaspace: 74278K->74278K(1118208K)], 3.8890173 secs] [Times: user=120.89 sys=0.21, real=3.89 secs] 
2019-01-31T20:24:23.029+0000: 258005.432: Total time for which application threads were stopped: 3.9071559 seconds, Stopping threads took: 0.0001808 seconds
2019-01-31T20:24:23.029+0000: 258005.432: Application time: 0.0000817 seconds
2019-01-31T20:24:23.046+0000: 258005.449: Total time for which application threads were stopped: 0.0165170 seconds, Stopping threads took: 0.0001929 seconds
2019-01-31T20:24:23.047+0000: 258005.450: Application time: 0.0016657 seconds
2019-01-31T20:24:23.067+0000: 258005.470: [Full GC (Ergonomics) 2019-01-31T20:24:23.407+0000: 258005.810: [SoftReference, 398 refs, 0.0000935 secs]2019-01-31T20:24:23.407+0000: 258005.810: [WeakReference, 10404 refs, 0.0013417 secs]2019-01-31T20:24:23.408+0000: 258005.811: [FinalReference, 1574 refs, 0.0002205 secs]2019-01-31T20:24:23.409+0000: 258005.812: [PhantomReference, 0 refs, 4042 refs, 0.0002711 secs]2019-01-31T20:24:23.409+0000: 258005.812: [JNI Weak Reference, 0.0000194 secs][PSYoungGen: 641024K->640726K(1281536K)] [ParOldGen: 3844884K->3844881K(3845120K)] 4485908K->4485607K(5126656K), [Metaspace: 74278K->74278K(1118208K)], 3.9462547 secs] [Times: user=111.89 sys=0.35, real=3.95 secs] 
2019-01-31T20:24:27.014+0000: 258009.417: Total time for which application threads were stopped: 3.9668946 seconds, Stopping threads took: 0.0002374 seconds
2019-01-31T20:24:27.016+0000: 258009.419: Application time: 0.0022176 seconds
2019-01-31T20:24:28.356+0000: 258010.759: Total time for which application threads were stopped: 1.3397262 seconds, Stopping threads took: 0.0004206 seconds
2019-01-31T20:24:28.357+0000: 258010.760: Application time: 0.0008423 seconds
2019-01-31T20:24:28.376+0000: 258010.779: [Full GC (Ergonomics) 2019-01-31T20:24:28.722+0000: 258011.125: [SoftReference, 378 refs, 0.0000957 secs]2019-01-31T20:24:28.722+0000: 258011.125: [WeakReference, 14602 refs, 0.0017630 secs]2019-01-31T20:24:28.724+0000: 258011.127: [FinalReference, 1578 refs, 0.0002377 secs]2019-01-31T20:24:28.724+0000: 258011.127: [PhantomReference, 0 refs, 4042 refs, 0.0002824 secs]2019-01-31T20:24:28.725+0000: 258011.128: [JNI Weak Reference, 0.0000360 secs][PSYoungGen: 641024K->640755K(1281536K)] [ParOldGen: 3844881K->3844873K(3845120K)] 4485905K->4485628K(5126656K), [Metaspace: 74278K->74278K(1118208K)], 3.2864949 secs] [Times: user=100.96 sys=0.18, real=3.29 secs] 
2019-01-31T20:24:31.663+0000: 258014.066: Total time for which application threads were stopped: 3.3059681 seconds, Stopping threads took: 0.0002743 seconds
2019-01-31T20:24:31.664+0000: 258014.067: Application time: 0.0006325 seconds
2019-01-31T20:24:31.850+0000: 258014.253: [Full GC (Ergonomics) 2019-01-31T20:24:32.147+0000: 258014.550: [SoftReference, 392 refs, 0.0000967 secs]2019-01-31T20:24:32.147+0000: 258014.550: [WeakReference, 13790 refs, 0.0016895 secs]2019-01-31T20:24:32.149+0000: 258014.552: [FinalReference, 1600 refs, 0.0002572 secs]2019-01-31T20:24:32.149+0000: 258014.552: [PhantomReference, 0 refs, 4042 refs, 0.0002889 secs]2019-01-31T20:24:32.150+0000: 258014.553: [JNI Weak Reference, 0.0000206 secs][PSYoungGen: 641024K->640829K(1281536K)] [ParOldGen: 3844873K->3844835K(3845120K)] 4485897K->4485665K(5126656K), [Metaspace: 74278K->74278K(1118208K)], 3.0681087 secs] [Times: user=94.33 sys=0.21, real=3.06 secs] 
2019-01-31T20:24:34.919+0000: 258017.322: Total time for which application threads were stopped: 3.2554307 seconds, Stopping threads took: 0.0004936 seconds
2019-01-31T20:24:34.919+0000: 258017.322: Application time: 0.0000750 seconds
2019-01-31T20:24:34.936+0000: 258017.339: Total time for which application threads were stopped: 0.0170725 seconds, Stopping threads took: 0.0002608 seconds
2019-01-31T20:24:34.936+0000: 258017.339: Application time: 0.0000476 seconds
2019-01-31T20:24:34.952+0000: 258017.355: Total time for which application threads were stopped: 0.0159311 seconds, Stopping threads took: 0.0002205 seconds
2019-01-31T20:24:34.953+0000: 258017.356: Application time: 0.0006153 seconds
2019-01-31T20:24:34.971+0000: 258017.374: [Full GC (Ergonomics) 2019-01-31T20:24:35.197+0000: 258017.600: [SoftReference, 202 refs, 0.0000755 secs]2019-01-31T20:24:35.197+0000: 258017.600: [WeakReference, 9454 refs, 0.0011967 secs]2019-01-31T20:24:35.198+0000: 258017.601: [FinalReference, 1585 refs, 0.0002278 secs]2019-01-31T20:24:35.198+0000: 258017.601: [PhantomReference, 0 refs, 4041 refs, 0.0002693 secs]2019-01-31T20:24:35.199+0000: 258017.602: [JNI Weak Reference, 0.0000214 secs][PSYoungGen: 641024K->640871K(1281536K)] [ParOldGen: 3844835K->3844827K(3845120K)] 4485859K->4485699K(5126656K), [Metaspace: 74278K->74278K(1118208K)], 3.8283680 secs] [Times: user=118.69 sys=0.28, real=3.82 secs] 
2019-01-31T20:24:38.800+0000: 258021.203: Total time for which application threads were stopped: 3.8471215 seconds, Stopping threads took: 0.0003651 seconds
2019-01-31T20:24:38.800+0000: 258021.203: Application time: 0.0002975 seconds
2019-01-31T20:24:38.817+0000: 258021.220: [Full GC (Ergonomics) 2019-01-31T20:24:39.155+0000: 258021.558: [SoftReference, 384 refs, 0.0000966 secs]2019-01-31T20:24:39.155+0000: 258021.558: [WeakReference, 18091 refs, 0.0022017 secs]2019-01-31T20:24:39.158+0000: 258021.561: [FinalReference, 1573 refs, 0.0002491 secs]2019-01-31T20:24:39.158+0000: 258021.561: [PhantomReference, 0 refs, 4042 refs, 0.0002703 secs]2019-01-31T20:24:39.158+0000: 258021.561: [JNI Weak Reference, 0.0000215 secs][PSYoungGen: 641024K->640876K(1281536K)] [ParOldGen: 3844827K->3844786K(3845120K)] 4485851K->4485663K(5126656K), [Metaspace: 74278K->74278K(1118208K)], 3.2180068 secs] [Times: user=98.30 sys=0.35, real=3.22 secs] 
2019-01-31T20:24:42.036+0000: 258024.439: Total time for which application threads were stopped: 3.2358001 seconds, Stopping threads took: 0.0003701 seconds
2019-01-31T20:24:42.036+0000: 258024.439: Application time: 0.0004692 seconds
2019-01-31T20:24:42.061+0000: 258024.464: [Full GC (Ergonomics) 2019-01-31T20:24:42.519+0000: 258024.922: [SoftReference, 614 refs, 0.0001563 secs]2019-01-31T20:24:42.519+0000: 258024.922: [WeakReference, 39217 refs, 0.0046234 secs]2019-01-31T20:24:42.524+0000: 258024.927: [FinalReference, 1606 refs, 0.0002401 secs]2019-01-31T20:24:42.524+0000: 258024.927: [PhantomReference, 0 refs, 4042 refs, 0.0003154 secs]2019-01-31T20:24:42.525+0000: 258024.928: [JNI Weak Reference, 0.0000266 secs][PSYoungGen: 641024K->640893K(1281536K)] [ParOldGen: 3844786K->3844785K(3845120K)] 4485810K->4485679K(5126656K), [Metaspace: 74278K->74278K(1118208K)], 3.4614540 secs] [Times: user=104.59 sys=0.22, real=3.47 secs] 
2019-01-31T20:24:45.523+0000: 258027.926: Total time for which application threads were stopped: 3.4863225 seconds, Stopping threads took: 0.0002335 seconds
2019-01-31T20:24:45.523+0000: 258027.926: Application time: 0.0004836 seconds
2019-01-31T20:24:45.542+0000: 258027.945: [Full GC (Ergonomics) 2019-01-31T20:24:45.831+0000: 258028.234: [SoftReference, 378 refs, 0.0000919 secs]2019-01-31T20:24:45.831+0000: 258028.234: [WeakReference, 7755 refs, 0.0010302 secs]2019-01-31T20:24:45.832+0000: 258028.235: [FinalReference, 1562 refs, 0.0002669 secs]2019-01-31T20:24:45.833+0000: 258028.236: [PhantomReference, 0 refs, 4042 refs, 0.0002879 secs]2019-01-31T20:24:45.833+0000: 258028.236: [JNI Weak Reference, 0.0000229 secs][PSYoungGen: 641024K->640914K(1281536K)] [ParOldGen: 3844785K->3844783K(3845120K)] 4485809K->4485698K(5126656K), [Metaspace: 74278K->74278K(1118208K)], 3.9465063 secs] [Times: user=121.86 sys=0.32, real=3.94 secs] 
2019-01-31T20:24:49.490+0000: 258031.893: Total time for which application threads were stopped: 3.9665401 seconds, Stopping threads took: 0.0004077 seconds
2019-01-31T20:24:49.490+0000: 258031.893: Application time: 0.0002768 seconds
2019-01-31T20:24:49.507+0000: 258031.910: [Full GC (Ergonomics) 2019-01-31T20:24:49.842+0000: 258032.245: [SoftReference, 371 refs, 0.0000963 secs]2019-01-31T20:24:49.842+0000: 258032.245: [WeakReference, 12122 refs, 0.0016106 secs]2019-01-31T20:24:49.844+0000: 258032.247: [FinalReference, 1567 refs, 0.0002290 secs]2019-01-31T20:24:49.844+0000: 258032.247: [PhantomReference, 0 refs, 4042 refs, 0.0002767 secs]2019-01-31T20:24:49.845+0000: 258032.248: [JNI Weak Reference, 0.0000259 secs][PSYoungGen: 641024K->640923K(1281536K)] [ParOldGen: 3844783K->3844782K(3845120K)] 4485807K->4485706K(5126656K), [Metaspace: 74278K->74278K(1118208K)], 3.3479686 secs] [Times: user=103.15 sys=0.23, real=3.35 secs] 
2019-01-31T20:24:52.856+0000: 258035.259: Total time for which application threads were stopped: 3.3654995 seconds, Stopping threads took: 0.0004215 seconds
2019-01-31T20:24:52.856+0000: 258035.259: Application time: 0.0002410 seconds
2019-01-31T20:24:52.875+0000: 258035.278: [Full GC (Ergonomics) 2019-01-31T20:24:53.208+0000: 258035.611: [SoftReference, 372 refs, 0.0000883 secs]2019-01-31T20:24:53.208+0000: 258035.611: [WeakReference, 6215 refs, 0.0008416 secs]2019-01-31T20:24:53.209+0000: 258035.612: [FinalReference, 1600 refs, 0.0002252 secs]2019-01-31T20:24:53.209+0000: 258035.612: [PhantomReference, 0 refs, 4042 refs, 0.0002605 secs]2019-01-31T20:24:53.210+0000: 258035.613: [JNI Weak Reference, 0.0000217 secs][PSYoungGen: 641024K->640927K(1281536K)] [ParOldGen: 3844782K->3844782K(3845120K)] 4485806K->4485710K(5126656K), [Metaspace: 74278K->74278K(1118208K)], 2.9106778 secs] [Times: user=89.40 sys=0.16, real=2.91 secs] 
2019-01-31T20:24:55.786+0000: 258038.189: Total time for which application threads were stopped: 2.9303391 seconds, Stopping threads took: 0.0016668 seconds
2019-01-31T20:24:55.787+0000: 258038.190: Application time: 0.0002956 seconds
2019-01-31T20:24:55.803+0000: 258038.206: [Full GC (Ergonomics) 2019-01-31T20:24:56.134+0000: 258038.537: [SoftReference, 377 refs, 0.0001051 secs]2019-01-31T20:24:56.134+0000: 258038.537: [WeakReference, 13166 refs, 0.0015681 secs]2019-01-31T20:24:56.135+0000: 258038.538: [FinalReference, 1566 refs, 0.0002177 secs]2019-01-31T20:24:56.136+0000: 258038.539: [PhantomReference, 0 refs, 4042 refs, 0.0002561 secs]2019-01-31T20:24:56.136+0000: 258038.539: [JNI Weak Reference, 0.0000205 secs][PSYoungGen: 641024K->640940K(1281536K)] [ParOldGen: 3844782K->3844782K(3845120K)] 4485806K->4485722K(5126656K), [Metaspace: 74278K->74278K(1118208K)], 3.1043207 secs] [Times: user=91.66 sys=0.15, real=3.10 secs] 
2019-01-31T20:24:58.908+0000: 258041.311: Total time for which application threads were stopped: 3.1218475 seconds, Stopping threads took: 0.0004376 seconds
2019-01-31T20:24:58.909+0000: 258041.312: Application time: 0.0003325 seconds
2019-01-31T20:24:58.928+0000: 258041.331: [Full GC (Ergonomics) 2019-01-31T20:24:59.513+0000: 258041.916: [SoftReference, 192 refs, 0.0000777 secs]2019-01-31T20:24:59.513+0000: 258041.916: [WeakReference, 7814 refs, 0.0012651 secs]2019-01-31T20:24:59.515+0000: 258041.918: [FinalReference, 1327 refs, 0.0002662 secs]2019-01-31T20:24:59.515+0000: 258041.918: [PhantomReference, 0 refs, 4042 refs, 0.0003550 secs]2019-01-31T20:24:59.515+0000: 258041.918: [JNI Weak Reference, 0.0000308 secs][PSYoungGen: 641024K->640951K(1281536K)] [ParOldGen: 3844782K->3844781K(3845120K)] 4485806K->4485733K(5126656K), [Metaspace: 74278K->74278K(1118208K)], 3.6128183 secs] [Times: user=104.42 sys=0.31, real=3.61 secs] 
2019-01-31T20:25:02.542+0000: 258044.945: Total time for which application threads were stopped: 3.6329252 seconds, Stopping threads took: 0.0003073 seconds
2019-01-31T20:25:02.542+0000: 258044.945: Application time: 0.0002454 seconds
2019-01-31T20:25:02.561+0000: 258044.964: [Full GC (Ergonomics) 2019-01-31T20:25:02.779+0000: 258045.182: [SoftReference, 372 refs, 0.0000995 secs]2019-01-31T20:25:02.779+0000: 258045.182: [WeakReference, 9898 refs, 0.0013194 secs]2019-01-31T20:25:02.780+0000: 258045.183: [FinalReference, 1508 refs, 0.0002374 secs]2019-01-31T20:25:02.781+0000: 258045.184: [PhantomReference, 0 refs, 4042 refs, 0.0002765 secs]2019-01-31T20:25:02.781+0000: 258045.184: [JNI Weak Reference, 0.0000252 secs][PSYoungGen: 641024K->640961K(1281536K)] [ParOldGen: 3844781K->3844779K(3845120K)] 4485805K->4485740K(5126656K), [Metaspace: 74278K->74278K(1118208K)], 2.0187286 secs] [Times: user=60.41 sys=0.10, real=2.02 secs] 
2019-01-31T20:25:04.580+0000: 258046.983: Total time for which application threads were stopped: 2.0382588 seconds, Stopping threads took: 0.0004493 seconds
2019-01-31T20:25:04.580+0000: 258046.983: Application time: 0.0001359 seconds
2019-01-31T20:25:04.597+0000: 258047.000: [Full GC (Ergonomics) 2019-01-31T20:25:04.935+0000: 258047.338: [SoftReference, 373 refs, 0.0000901 secs]2019-01-31T20:25:04.935+0000: 258047.338: [WeakReference, 6346 refs, 0.0008868 secs]2019-01-31T20:25:04.936+0000: 258047.339: [FinalReference, 1520 refs, 0.0002195 secs]2019-01-31T20:25:04.936+0000: 258047.339: [PhantomReference, 0 refs, 4041 refs, 0.0002704 secs]2019-01-31T20:25:04.936+0000: 258047.339: [JNI Weak Reference, 0.0000206 secs][PSYoungGen: 641024K->640971K(1281536K)] [ParOldGen: 3844779K->3844778K(3845120K)] 4485803K->4485749K(5126656K), [Metaspace: 74278K->74278K(1118208K)], 3.1538316 secs] [Times: user=97.32 sys=0.18, real=3.15 secs] 
2019-01-31T20:25:07.752+0000: 258050.155: Total time for which application threads were stopped: 3.1717992 seconds, Stopping threads took: 0.0002572 seconds
2019-01-31T20:25:07.752+0000: 258050.155: Application time: 0.0001696 seconds
2019-01-31T20:25:07.769+0000: 258050.172: [Full GC (Ergonomics) 2019-01-31T20:25:08.106+0000: 258050.509: [SoftReference, 365 refs, 0.0000861 secs]2019-01-31T20:25:08.106+0000: 258050.509: [WeakReference, 11519 refs, 0.0014633 secs]2019-01-31T20:25:08.108+0000: 258050.511: [FinalReference, 1474 refs, 0.0002450 secs]2019-01-31T20:25:08.108+0000: 258050.511: [PhantomReference, 0 refs, 4040 refs, 0.0002707 secs]2019-01-31T20:25:08.108+0000: 258050.511: [JNI Weak Reference, 0.0000209 secs][PSYoungGen: 641024K->640969K(1281536K)] [ParOldGen: 3844778K->3844777K(3845120K)] 4485802K->4485747K(5126656K), [Metaspace: 74278K->74278K(1118208K)], 3.7789538 secs] [Times: user=117.27 sys=0.33, real=3.78 secs] 
2019-01-31T20:25:11.549+0000: 258053.952: Total time for which application threads were stopped: 3.7962665 seconds, Stopping threads took: 0.0002226 seconds
2019-01-31T20:25:11.549+0000: 258053.952: Application time: 0.0001676 seconds
2019-01-31T20:25:11.566+0000: 258053.969: [Full GC (Ergonomics) 2019-01-31T20:25:11.782+0000: 258054.185: [SoftReference, 373 refs, 0.0001556 secs]2019-01-31T20:25:11.782+0000: 258054.185: [WeakReference, 6763 refs, 0.0010179 secs]2019-01-31T20:25:11.783+0000: 258054.186: [FinalReference, 1511 refs, 0.0002203 secs]2019-01-31T20:25:11.783+0000: 258054.186: [PhantomReference, 0 refs, 4042 refs, 0.0002609 secs]2019-01-31T20:25:11.784+0000: 258054.187: [JNI Weak Reference, 0.0000205 secs][PSYoungGen: 641024K->640986K(1281536K)] [ParOldGen: 3844777K->3844776K(3845120K)] 4485801K->4485763K(5126656K), [Metaspace: 74278K->74278K(1118208K)], 3.8763767 secs] [Times: user=120.22 sys=0.30, real=3.87 secs] 
2019-01-31T20:25:15.443+0000: 258057.846: Total time for which application threads were stopped: 3.8943016 seconds, Stopping threads took: 0.0003603 seconds
2019-01-31T20:25:15.443+0000: 258057.846: Application time: 0.0001508 seconds
2019-01-31T20:25:15.463+0000: 258057.866: [Full GC (Ergonomics) 2019-01-31T20:25:15.801+0000: 258058.204: [SoftReference, 369 refs, 0.0000921 secs]2019-01-31T20:25:15.801+0000: 258058.204: [WeakReference, 11507 refs, 0.0016213 secs]2019-01-31T20:25:15.802+0000: 258058.205: [FinalReference, 1518 refs, 0.0002207 secs]2019-01-31T20:25:15.803+0000: 258058.206: [PhantomReference, 0 refs, 4042 refs, 0.0002626 secs]2019-01-31T20:25:15.803+0000: 258058.206: [JNI Weak Reference, 0.0000215 secs][PSYoungGen: 641024K->640988K(1281536K)] [ParOldGen: 3844776K->3844776K(3845120K)] 4485800K->4485764K(5126656K), [Metaspace: 74278K->74278K(1118208K)], 0.7289479 secs] [Times: user=18.68 sys=0.00, real=0.73 secs] 
2019-01-31T20:25:16.192+0000: 258058.595: Total time for which application threads were stopped: 0.7491756 seconds, Stopping threads took: 0.0002881 seconds
2019-01-31T20:25:16.192+0000: 258058.595: Application time: 0.0001599 seconds
2019-01-31T20:25:16.211+0000: 258058.614: [Full GC (Ergonomics) 2019-01-31T20:25:16.544+0000: 258058.947: [SoftReference, 363 refs, 0.0000870 secs]2019-01-31T20:25:16.544+0000: 258058.947: [WeakReference, 5764 refs, 0.0008823 secs]2019-01-31T20:25:16.545+0000: 258058.948: [FinalReference, 1592 refs, 0.0002179 secs]2019-01-31T20:25:16.545+0000: 258058.948: [PhantomReference, 0 refs, 4040 refs, 0.0002676 secs]2019-01-31T20:25:16.545+0000: 258058.948: [JNI Weak Reference, 0.0000211 secs][PSYoungGen: 641024K->640989K(1281536K)] [ParOldGen: 3844776K->3844776K(3845120K)] 4485800K->4485765K(5126656K), [Metaspace: 74278K->74278K(1118208K)], 3.6170724 secs] [Times: user=111.85 sys=0.22, real=3.62 secs] 
2019-01-31T20:25:19.829+0000: 258062.232: Total time for which application threads were stopped: 3.6367435 seconds, Stopping threads took: 0.0002488 seconds
2019-01-31T20:25:19.829+0000: 258062.232: Application time: 0.0002083 seconds
2019-01-31T20:25:19.846+0000: 258062.249: [Full GC (Ergonomics) 2019-01-31T20:25:20.064+0000: 258062.467: [SoftReference, 369 refs, 0.0001033 secs]2019-01-31T20:25:20.064+0000: 258062.467: [WeakReference, 11301 refs, 0.0014743 secs]2019-01-31T20:25:20.066+0000: 258062.469: [FinalReference, 1515 refs, 0.0002478 secs]2019-01-31T20:25:20.066+0000: 258062.469: [PhantomReference, 0 refs, 4041 refs, 0.0002627 secs]2019-01-31T20:25:20.066+0000: 258062.469: [JNI Weak Reference, 0.0000207 secs][PSYoungGen: 641024K->640993K(1281536K)] [ParOldGen: 3844776K->3844775K(3845120K)] 4485800K->4485769K(5126656K), [Metaspace: 74278K->74278K(1118208K)], 2.5666735 secs] [Times: user=78.41 sys=0.14, real=2.57 secs] 
2019-01-31T20:25:22.414+0000: 258064.817: Total time for which application threads were stopped: 2.5843809 seconds, Stopping threads took: 0.0002522 seconds
2019-01-31T20:25:22.414+0000: 258064.817: Application time: 0.0001475 seconds
2019-01-31T20:25:22.431+0000: 258064.834: [Full GC (Ergonomics) 2019-01-31T20:25:22.714+0000: 258065.117: [SoftReference, 367 refs, 0.0000946 secs]2019-01-31T20:25:22.714+0000: 258065.117: [WeakReference, 11723 refs, 0.0015507 secs]2019-01-31T20:25:22.716+0000: 258065.119: [FinalReference, 1530 refs, 0.0002371 secs]2019-01-31T20:25:22.716+0000: 258065.119: [PhantomReference, 0 refs, 4042 refs, 0.0002709 secs]2019-01-31T20:25:22.716+0000: 258065.119: [JNI Weak Reference, 0.0000208 secs][PSYoungGen: 641024K->640995K(1281536K)] [ParOldGen: 3844775K->3844775K(3845120K)] 4485799K->4485770K(5126656K), [Metaspace: 74278K->74278K(1118208K)], 3.6499337 secs] [Times: user=112.92 sys=0.23, real=3.65 secs] 
2019-01-31T20:25:26.082+0000: 258068.485: Total time for which application threads were stopped: 3.6679803 seconds, Stopping threads took: 0.0003060 seconds
2019-01-31T20:25:26.082+0000: 258068.485: Application time: 0.0001225 seconds
2019-01-31T20:25:26.100+0000: 258068.503: [Full GC (Ergonomics) 2019-01-31T20:25:26.447+0000: 258068.850: [SoftReference, 367 refs, 0.0000877 secs]2019-01-31T20:25:26.447+0000: 258068.850: [WeakReference, 8846 refs, 0.0013036 secs]2019-01-31T20:25:26.448+0000: 258068.851: [FinalReference, 1519 refs, 0.0002151 secs]2019-01-31T20:25:26.448+0000: 258068.851: [PhantomReference, 0 refs, 4041 refs, 0.0002553 secs]2019-01-31T20:25:26.449+0000: 258068.852: [JNI Weak Reference, 0.0000213 secs][PSYoungGen: 641024K->640994K(1281536K)] [ParOldGen: 3844775K->3844775K(3845120K)] 4485799K->4485769K(5126656K), [Metaspace: 74278K->74278K(1118208K)], 3.3066853 secs] [Times: user=101.98 sys=0.17, real=3.30 secs] 
2019-01-31T20:25:29.407+0000: 258071.810: Total time for which application threads were stopped: 3.3254048 seconds, Stopping threads took: 0.0002239 seconds
2019-01-31T20:25:29.408+0000: 258071.811: Application time: 0.0002006 seconds
2019-01-31T20:25:29.425+0000: 258071.828: [Full GC (Ergonomics) 2019-01-31T20:25:29.787+0000: 258072.190: [SoftReference, 372 refs, 0.0000979 secs]2019-01-31T20:25:29.787+0000: 258072.190: [WeakReference, 10799 refs, 0.0014829 secs]2019-01-31T20:25:29.789+0000: 258072.192: [FinalReference, 1514 refs, 0.0002295 secs]2019-01-31T20:25:29.789+0000: 258072.192: [PhantomReference, 0 refs, 4040 refs, 0.0002656 secs]2019-01-31T20:25:29.789+0000: 258072.192: [JNI Weak Reference, 0.0000216 secs][PSYoungGen: 641024K->640999K(1281536K)] [ParOldGen: 3844775K->3844774K(3845120K)] 4485799K->4485774K(5126656K), [Metaspace: 74278K->74278K(1118208K)], 3.2268762 secs] [Times: user=99.55 sys=0.17, real=3.23 secs] 
2019-01-31T20:25:32.653+0000: 258075.056: Total time for which application threads were stopped: 3.2452431 seconds, Stopping threads took: 0.0004764 seconds
2019-01-31T20:25:32.653+0000: 258075.056: Application time: 0.0001488 seconds
2019-01-31T20:25:32.671+0000: 258075.074: [Full GC (Ergonomics) 2019-01-31T20:25:32.987+0000: 258075.390: [SoftReference, 369 refs, 0.0001234 secs]2019-01-31T20:25:32.987+0000: 258075.390: [WeakReference, 5826 refs, 0.0009026 secs]2019-01-31T20:25:32.988+0000: 258075.391: [FinalReference, 1561 refs, 0.0002297 secs]2019-01-31T20:25:32.989+0000: 258075.392: [PhantomReference, 0 refs, 4042 refs, 0.0002960 secs]2019-01-31T20:25:32.989+0000: 258075.392: [JNI Weak Reference, 0.0000239 secs][PSYoungGen: 641024K->641000K(1281536K)] [ParOldGen: 3844774K->3844774K(3845120K)] 4485798K->4485774K(5126656K), [Metaspace: 74278K->74278K(1118208K)], 4.0811766 secs] [Times: user=126.85 sys=0.33, real=4.08 secs] 
2019-01-31T20:25:36.752+0000: 258079.155: Total time for which application threads were stopped: 4.0993554 seconds, Stopping threads took: 0.0003711 seconds
2019-01-31T20:25:36.753+0000: 258079.155: Application time: 0.0000674 seconds
2019-01-31T20:25:36.769+0000: 258079.172: [Full GC (Ergonomics) 2019-01-31T20:25:37.119+0000: 258079.522: [SoftReference, 366 refs, 0.0001178 secs]2019-01-31T20:25:37.119+0000: 258079.522: [WeakReference, 13814 refs, 0.0017467 secs]2019-01-31T20:25:37.121+0000: 258079.524: [FinalReference, 1497 refs, 0.0002381 secs]2019-01-31T20:25:37.121+0000: 258079.524: [PhantomReference, 0 refs, 4042 refs, 0.0002625 secs]2019-01-31T20:25:37.121+0000: 258079.524: [JNI Weak Reference, 0.0000201 secs][PSYoungGen: 641024K->641000K(1281536K)] [ParOldGen: 3844774K->3844774K(3845120K)] 4485798K->4485774K(5126656K), [Metaspace: 74278K->74278K(1118208K)], 0.6000288 secs] [Times: user=15.08 sys=0.00, real=0.60 secs] 
2019-01-31T20:25:37.370+0000: 258079.773: Total time for which application threads were stopped: 0.6176176 seconds, Stopping threads took: 0.0002231 seconds
2019-01-31T20:25:37.370+0000: 258079.773: Application time: 0.0001452 seconds
2019-01-31T20:25:37.387+0000: 258079.790: [Full GC (Ergonomics) 2019-01-31T20:25:37.615+0000: 258080.018: [SoftReference, 368 refs, 0.0001056 secs]2019-01-31T20:25:37.615+0000: 258080.018: [WeakReference, 6456 refs, 0.0010325 secs]2019-01-31T20:25:37.616+0000: 258080.019: [FinalReference, 1507 refs, 0.0002272 secs]2019-01-31T20:25:37.616+0000: 258080.019: [PhantomReference, 0 refs, 4042 refs, 0.0002614 secs]2019-01-31T20:25:37.617+0000: 258080.020: [JNI Weak Reference, 0.0000194 secs][PSYoungGen: 641024K->640969K(1281536K)] [ParOldGen: 3844774K->3844773K(3845120K)] 4485798K->4485742K(5126656K), [Metaspace: 74278K->74278K(1118208K)], 3.0991732 secs] [Times: user=95.35 sys=0.18, real=3.10 secs] 
2019-01-31T20:25:40.487+0000: 258082.890: Total time for which application threads were stopped: 3.1170433 seconds, Stopping threads took: 0.0003486 seconds
2019-01-31T20:25:40.488+0000: 258082.891: Application time: 0.0002003 seconds
2019-01-31T20:25:40.505+0000: 258082.908: [Full GC (Ergonomics) 2019-01-31T20:25:40.859+0000: 258083.262: [SoftReference, 365 refs, 0.0000968 secs]2019-01-31T20:25:40.859+0000: 258083.262: [WeakReference, 6590 refs, 0.0010132 secs]2019-01-31T20:25:40.860+0000: 258083.263: [FinalReference, 1568 refs, 0.0002857 secs]2019-01-31T20:25:40.860+0000: 258083.263: [PhantomReference, 0 refs, 4042 refs, 0.0003577 secs]2019-01-31T20:25:40.861+0000: 258083.264: [JNI Weak Reference, 0.0000267 secs][PSYoungGen: 641024K->641002K(1281536K)] [ParOldGen: 3844773K->3844773K(3845120K)] 4485797K->4485775K(5126656K), [Metaspace: 74278K->74278K(1118208K)], 3.6437092 secs] [Times: user=95.11 sys=0.36, real=3.64 secs] 
2019-01-31T20:25:44.149+0000: 258086.552: Total time for which application threads were stopped: 3.6616697 seconds, Stopping threads took: 0.0002765 seconds
2019-01-31T20:25:44.149+0000: 258086.552: Application time: 0.0000921 seconds
2019-01-31T20:25:44.167+0000: 258086.570: [Full GC (Ergonomics) 2019-01-31T20:25:44.385+0000: 258086.788: [SoftReference, 363 refs, 0.0000980 secs]2019-01-31T20:25:44.385+0000: 258086.788: [WeakReference, 9824 refs, 0.0012795 secs]2019-01-31T20:25:44.386+0000: 258086.789: [FinalReference, 1513 refs, 0.0002448 secs]2019-01-31T20:25:44.387+0000: 258086.790: [PhantomReference, 0 refs, 4041 refs, 0.0002731 secs]2019-01-31T20:25:44.387+0000: 258086.790: [JNI Weak Reference, 0.0000208 secs][PSYoungGen: 641024K->641004K(1281536K)] [ParOldGen: 3844773K->3844773K(3845120K)] 4485797K->4485777K(5126656K), [Metaspace: 74278K->74278K(1118208K)], 0.4681246 secs] [Times: user=10.79 sys=0.00, real=0.47 secs] 
2019-01-31T20:25:44.636+0000: 258087.039: Total time for which application threads were stopped: 0.4870090 seconds, Stopping threads took: 0.0003708 seconds
2019-01-31T20:25:44.637+0000: 258087.039: Application time: 0.0002052 seconds
2019-01-31T20:25:44.654+0000: 258087.057: [Full GC (Ergonomics) 2019-01-31T20:25:44.992+0000: 258087.395: [SoftReference, 367 refs, 0.0001257 secs]2019-01-31T20:25:44.993+0000: 258087.396: [WeakReference, 6671 refs, 0.0010232 secs]2019-01-31T20:25:44.994+0000: 258087.397: [FinalReference, 1568 refs, 0.0002304 secs]2019-01-31T20:25:44.994+0000: 258087.397: [PhantomReference, 0 refs, 4042 refs, 0.0002683 secs]2019-01-31T20:25:44.994+0000: 258087.397: [JNI Weak Reference, 0.0000218 secs][PSYoungGen: 641024K->641005K(1281536K)] [ParOldGen: 3844773K->3844773K(3845120K)] 4485797K->4485779K(5126656K), [Metaspace: 74278K->74278K(1118208K)], 3.3304886 secs] [Times: user=102.16 sys=0.27, real=3.33 secs] 
2019-01-31T20:25:47.985+0000: 258090.388: Total time for which application threads were stopped: 3.3485251 seconds, Stopping threads took: 0.0002503 seconds
2019-01-31T20:25:47.985+0000: 258090.388: Application time: 0.0001330 seconds
2019-01-31T20:25:48.003+0000: 258090.406: [Full GC (Ergonomics) 2019-01-31T20:25:48.349+0000: 258090.752: [SoftReference, 371 refs, 0.0000987 secs]2019-01-31T20:25:48.349+0000: 258090.752: [WeakReference, 14418 refs, 0.0018159 secs]2019-01-31T20:25:48.351+0000: 258090.754: [FinalReference, 1573 refs, 0.0002256 secs]2019-01-31T20:25:48.351+0000: 258090.754: [PhantomReference, 0 refs, 4041 refs, 0.0002763 secs]2019-01-31T20:25:48.351+0000: 258090.754: [JNI Weak Reference, 0.0000205 secs][PSYoungGen: 641024K->641003K(1281536K)] [ParOldGen: 3844773K->3844730K(3845120K)] 4485797K->4485733K(5126656K), [Metaspace: 74278K->74278K(1118208K)], 2.7545640 secs] [Times: user=84.36 sys=0.20, real=2.75 secs] 
2019-01-31T20:25:50.759+0000: 258093.162: Total time for which application threads were stopped: 2.7735355 seconds, Stopping threads took: 0.0003206 seconds
2019-01-31T20:25:50.759+0000: 258093.162: Application time: 0.0001216 seconds
2019-01-31T20:25:50.776+0000: 258093.179: [Full GC (Ergonomics) 2019-01-31T20:25:51.113+0000: 258093.516: [SoftReference, 369 refs, 0.0000974 secs]2019-01-31T20:25:51.113+0000: 258093.516: [WeakReference, 16073 refs, 0.0020812 secs]2019-01-31T20:25:51.115+0000: 258093.518: [FinalReference, 1572 refs, 0.0002336 secs]2019-01-31T20:25:51.115+0000: 258093.518: [PhantomReference, 0 refs, 4042 refs, 0.0002632 secs]2019-01-31T20:25:51.115+0000: 258093.518: [JNI Weak Reference, 0.0000205 secs][PSYoungGen: 641024K->641003K(1281536K)] [ParOldGen: 3844730K->3844730K(3845120K)] 4485754K->4485734K(5126656K), [Metaspace: 74278K->74278K(1118208K)], 0.5878546 secs] [Times: user=14.67 sys=0.00, real=0.59 secs] 
2019-01-31T20:25:51.364+0000: 258093.767: Total time for which application threads were stopped: 0.6054013 seconds, Stopping threads took: 0.0002131 seconds
2019-01-31T20:25:51.364+0000: 258093.767: Application time: 0.0000825 seconds
2019-01-31T20:25:51.382+0000: 258093.785: [Full GC (Ergonomics) 2019-01-31T20:25:51.603+0000: 258094.006: [SoftReference, 367 refs, 0.0000994 secs]2019-01-31T20:25:51.603+0000: 258094.006: [WeakReference, 14285 refs, 0.0017217 secs]2019-01-31T20:25:51.604+0000: 258094.007: [FinalReference, 1575 refs, 0.0002349 secs]2019-01-31T20:25:51.605+0000: 258094.008: [PhantomReference, 0 refs, 4037 refs, 0.0002713 secs]2019-01-31T20:25:51.605+0000: 258094.008: [JNI Weak Reference, 0.0000217 secs][PSYoungGen: 641024K->641001K(1281536K)] [ParOldGen: 3844730K->3844730K(3845120K)] 4485754K->4485731K(5126656K), [Metaspace: 74278K->74278K(1118208K)], 1.4050167 secs] [Times: user=41.01 sys=0.01, real=1.40 secs] 
2019-01-31T20:25:52.788+0000: 258095.191: Total time for which application threads were stopped: 1.4234956 seconds, Stopping threads took: 0.0002193 seconds
2019-01-31T20:25:52.788+0000: 258095.191: Application time: 0.0001456 seconds
2019-01-31T20:25:54.127+0000: 258096.530: Total time for which application threads were stopped: 1.3385811 seconds, Stopping threads took: 0.0003161 seconds
2019-01-31T20:25:54.127+0000: 258096.530: Application time: 0.0001324 seconds
2019-01-31T20:25:54.144+0000: 258096.547: [Full GC (Ergonomics) 2019-01-31T20:25:54.500+0000: 258096.903: [SoftReference, 365 refs, 0.0000954 secs]2019-01-31T20:25:54.500+0000: 258096.903: [WeakReference, 9150 refs, 0.0012189 secs]2019-01-31T20:25:54.501+0000: 258096.904: [FinalReference, 1358 refs, 0.0002273 secs]2019-01-31T20:25:54.501+0000: 258096.904: [PhantomReference, 0 refs, 4038 refs, 0.0002631 secs]2019-01-31T20:25:54.502+0000: 258096.905: [JNI Weak Reference, 0.0000207 secs][PSYoungGen: 641024K->641001K(1281536K)] [ParOldGen: 3844730K->3844727K(3845120K)] 4485754K->4485729K(5126656K), [Metaspace: 74278K->74278K(1118208K)], 3.2564376 secs] [Times: user=100.38 sys=0.12, real=3.25 secs] 
2019-01-31T20:25:57.401+0000: 258099.804: Total time for which application threads were stopped: 3.2746741 seconds, Stopping threads took: 0.0001647 seconds
2019-01-31T20:25:57.401+0000: 258099.804: Application time: 0.0001418 seconds
2019-01-31T20:25:57.419+0000: 258099.822: [Full GC (Ergonomics) 2019-01-31T20:25:57.740+0000: 258100.143: [SoftReference, 371 refs, 0.0000957 secs]2019-01-31T20:25:57.740+0000: 258100.143: [WeakReference, 9840 refs, 0.0012512 secs]2019-01-31T20:25:57.741+0000: 258100.144: [FinalReference, 1571 refs, 0.0002431 secs]2019-01-31T20:25:57.741+0000: 258100.144: [PhantomReference, 0 refs, 4041 refs, 0.0002601 secs]2019-01-31T20:25:57.742+0000: 258100.145: [JNI Weak Reference, 0.0000214 secs][PSYoungGen: 641024K->640795K(1281536K)] [ParOldGen: 3844727K->3844727K(3845120K)] 4485751K->4485522K(5126656K), [Metaspace: 74278K->74278K(1118208K)], 4.0942975 secs] [Times: user=127.24 sys=0.22, real=4.10 secs] 
2019-01-31T20:26:01.514+0000: 258103.917: Total time for which application threads were stopped: 4.1129394 seconds, Stopping threads took: 0.0003141 seconds
2019-01-31T20:26:01.515+0000: 258103.918: Application time: 0.0004934 seconds
2019-01-31T20:26:01.534+0000: 258103.937: [Full GC (Ergonomics) 2019-01-31T20:26:01.884+0000: 258104.287: [SoftReference, 390 refs, 0.0000993 secs]2019-01-31T20:26:01.884+0000: 258104.287: [WeakReference, 16648 refs, 0.0021465 secs]2019-01-31T20:26:01.886+0000: 258104.289: [FinalReference, 1601 refs, 0.0002270 secs]2019-01-31T20:26:01.886+0000: 258104.289: [PhantomReference, 0 refs, 4042 refs, 0.0002805 secs]2019-01-31T20:26:01.887+0000: 258104.290: [JNI Weak Reference, 0.0000220 secs][PSYoungGen: 641024K->640835K(1281536K)] [ParOldGen: 3844727K->3844721K(3845120K)] 4485751K->4485557K(5126656K), [Metaspace: 74278K->74278K(1118208K)], 3.5323258 secs] [Times: user=109.12 sys=0.25, real=3.53 secs] 
2019-01-31T20:26:05.067+0000: 258107.470: Total time for which application threads were stopped: 3.5522687 seconds, Stopping threads took: 0.0004310 seconds
2019-01-31T20:26:05.068+0000: 258107.471: Application time: 0.0003931 seconds
2019-01-31T20:26:05.085+0000: 258107.488: [Full GC (Ergonomics) 2019-01-31T20:26:05.426+0000: 258107.829: [SoftReference, 387 refs, 0.0001110 secs]2019-01-31T20:26:05.426+0000: 258107.829: [WeakReference, 11380 refs, 0.0015305 secs]2019-01-31T20:26:05.428+0000: 258107.831: [FinalReference, 1597 refs, 0.0002291 secs]2019-01-31T20:26:05.428+0000: 258107.831: [PhantomReference, 0 refs, 4039 refs, 0.0002718 secs]2019-01-31T20:26:05.428+0000: 258107.831: [JNI Weak Reference, 0.0000204 secs][PSYoungGen: 641024K->640852K(1281536K)] [ParOldGen: 3844721K->3844719K(3845120K)] 4485745K->4485572K(5126656K), [Metaspace: 74278K->74278K(1118208K)], 2.9760978 secs] [Times: user=91.33 sys=0.20, real=2.97 secs] 
2019-01-31T20:26:08.062+0000: 258110.465: Total time for which application threads were stopped: 2.9943264 seconds, Stopping threads took: 0.0003662 seconds
2019-01-31T20:26:08.062+0000: 258110.465: Application time: 0.0005394 seconds
2019-01-31T20:26:08.080+0000: 258110.483: [Full GC (Ergonomics) 2019-01-31T20:26:08.434+0000: 258110.837: [SoftReference, 201 refs, 0.0000748 secs]2019-01-31T20:26:08.434+0000: 258110.837: [WeakReference, 6642 refs, 0.0009461 secs]2019-01-31T20:26:08.435+0000: 258110.838: [FinalReference, 1509 refs, 0.0002153 secs]2019-01-31T20:26:08.435+0000: 258110.838: [PhantomReference, 0 refs, 4041 refs, 0.0002792 secs]2019-01-31T20:26:08.435+0000: 258110.838: [JNI Weak Reference, 0.0000203 secs][PSYoungGen: 641024K->640862K(1281536K)] [ParOldGen: 3844719K->3844716K(3845120K)] 4485743K->4485578K(5126656K), [Metaspace: 74278K->74278K(1118208K)], 3.6142010 secs] [Times: user=112.02 sys=0.23, real=3.62 secs] 
2019-01-31T20:26:11.694+0000: 258114.097: Total time for which application threads were stopped: 3.6319899 seconds, Stopping threads took: 0.0004499 seconds
2019-01-31T20:26:11.695+0000: 258114.098: Application time: 0.0005188 seconds
2019-01-31T20:26:11.714+0000: 258114.117: [Full GC (Ergonomics) 2019-01-31T20:26:11.936+0000: 258114.339: [SoftReference, 379 refs, 0.0001284 secs]2019-01-31T20:26:11.936+0000: 258114.339: [WeakReference, 14940 refs, 0.0018171 secs]2019-01-31T20:26:11.938+0000: 258114.341: [FinalReference, 1210 refs, 0.0002049 secs]2019-01-31T20:26:11.938+0000: 258114.341: [PhantomReference, 0 refs, 4040 refs, 0.0002534 secs]2019-01-31T20:26:11.938+0000: 258114.341: [JNI Weak Reference, 0.0000208 secs][PSYoungGen: 641023K->640893K(1281536K)] [ParOldGen: 3844716K->3844710K(3845120K)] 4485740K->4485603K(5126656K), [Metaspace: 74278K->74278K(1118208K)], 3.2250219 secs] [Times: user=98.96 sys=0.21, real=3.23 secs] 
2019-01-31T20:26:14.939+0000: 258117.342: Total time for which application threads were stopped: 3.2443560 seconds, Stopping threads took: 0.0003726 seconds
2019-01-31T20:26:14.940+0000: 258117.343: Application time: 0.0004829 seconds
2019-01-31T20:26:14.959+0000: 258117.362: [Full GC (Ergonomics) 2019-01-31T20:26:15.180+0000: 258117.583: [SoftReference, 381 refs, 0.0001081 secs]2019-01-31T20:26:15.180+0000: 258117.583: [WeakReference, 11285 refs, 0.0014627 secs]2019-01-31T20:26:15.182+0000: 258117.585: [FinalReference, 1595 refs, 0.0002441 secs]2019-01-31T20:26:15.182+0000: 258117.585: [PhantomReference, 0 refs, 4038 refs, 0.0003423 secs]2019-01-31T20:26:15.182+0000: 258117.585: [JNI Weak Reference, 0.0000215 secs][PSYoungGen: 641024K->640920K(1281536K)] [ParOldGen: 3844710K->3844709K(3845120K)] 4485734K->4485629K(5126656K), [Metaspace: 74278K->74278K(1118208K)], 3.9705984 secs] [Times: user=123.14 sys=0.35, real=3.97 secs] 
2019-01-31T20:26:18.930+0000: 258121.333: Total time for which application threads were stopped: 3.9905639 seconds, Stopping threads took: 0.0006365 seconds
2019-01-31T20:26:18.931+0000: 258121.334: Application time: 0.0003005 seconds
2019-01-31T20:26:18.948+0000: 258121.351: [Full GC (Ergonomics) 2019-01-31T20:26:19.165+0000: 258121.568: [SoftReference, 378 refs, 0.0001277 secs]2019-01-31T20:26:19.165+0000: 258121.568: [WeakReference, 10088 refs, 0.0013567 secs]2019-01-31T20:26:19.167+0000: 258121.570: [FinalReference, 1569 refs, 0.0002199 secs]2019-01-31T20:26:19.167+0000: 258121.570: [PhantomReference, 0 refs, 4039 refs, 0.0002646 secs]2019-01-31T20:26:19.167+0000: 258121.570: [JNI Weak Reference, 0.0000196 secs][PSYoungGen: 641024K->640935K(1281536K)] [ParOldGen: 3844709K->3844708K(3845120K)] 4485733K->4485643K(5126656K), [Metaspace: 74278K->74278K(1118208K)], 3.1661198 secs] [Times: user=97.52 sys=0.26, real=3.16 secs] 
2019-01-31T20:26:22.115+0000: 258124.518: Total time for which application threads were stopped: 3.1843014 seconds, Stopping threads took: 0.0007546 seconds
2019-01-31T20:26:22.115+0000: 258124.518: Application time: 0.0004659 seconds
2019-01-31T20:26:22.133+0000: 258124.536: [Full GC (Ergonomics) 2019-01-31T20:26:22.492+0000: 258124.895: [SoftReference, 376 refs, 0.0001035 secs]2019-01-31T20:26:22.492+0000: 258124.895: [WeakReference, 10346 refs, 0.0013251 secs]2019-01-31T20:26:22.493+0000: 258124.896: [FinalReference, 1372 refs, 0.0002003 secs]2019-01-31T20:26:22.493+0000: 258124.896: [PhantomReference, 0 refs, 4041 refs, 0.0002626 secs]2019-01-31T20:26:22.494+0000: 258124.897: [JNI Weak Reference, 0.0000200 secs][PSYoungGen: 641024K->640440K(1281536K)] [ParOldGen: 3844807K->3844968K(3845120K)] 4485831K->4485408K(5126656K), [Metaspace: 74278K->74278K(1118208K)], 3.9660484 secs] [Times: user=123.78 sys=0.21, real=3.97 secs] 
2019-01-31T20:26:26.100+0000: 258128.503: Total time for which application threads were stopped: 3.9847038 seconds, Stopping threads took: 0.0007377 seconds
2019-01-31T20:26:26.102+0000: 258128.505: Application time: 0.0014780 seconds
2019-01-31T20:26:26.283+0000: 258128.686: Total time for which application threads were stopped: 0.1809165 seconds, Stopping threads took: 0.0002070 seconds
2019-01-31T20:26:26.283+0000: 258128.686: Application time: 0.0006857 seconds
2019-01-31T20:26:26.301+0000: 258128.704: [Full GC (Ergonomics) 2019-01-31T20:26:26.641+0000: 258129.044: [SoftReference, 401 refs, 0.0001013 secs]2019-01-31T20:26:26.641+0000: 258129.044: [WeakReference, 15227 refs, 0.0018418 secs]2019-01-31T20:26:26.643+0000: 258129.046: [FinalReference, 1572 refs, 0.0002250 secs]2019-01-31T20:26:26.643+0000: 258129.046: [PhantomReference, 0 refs, 4040 refs, 0.0002658 secs]2019-01-31T20:26:26.643+0000: 258129.046: [JNI Weak Reference, 0.0000208 secs][PSYoungGen: 641023K->640587K(1281536K)] [ParOldGen: 3844968K->3844953K(3845120K)] 4485992K->4485540K(5126656K), [Metaspace: 74278K->74278K(1118208K)], 3.2845808 secs] [Times: user=101.08 sys=0.20, real=3.28 secs] 
2019-01-31T20:26:29.587+0000: 258131.990: Total time for which application threads were stopped: 3.3032719 seconds, Stopping threads took: 0.0003224 seconds
2019-01-31T20:26:29.587+0000: 258131.990: Application time: 0.0000947 seconds
2019-01-31T20:26:29.603+0000: 258132.006: Total time for which application threads were stopped: 0.0163809 seconds, Stopping threads took: 0.0002097 seconds
2019-01-31T20:26:29.614+0000: 258132.017: Application time: 0.0111173 seconds
2019-01-31T20:26:29.635+0000: 258132.038: [Full GC (Ergonomics) 2019-01-31T20:26:29.983+0000: 258132.386: [SoftReference, 415 refs, 0.0000881 secs]2019-01-31T20:26:29.983+0000: 258132.386: [WeakReference, 16249 refs, 0.0020773 secs]2019-01-31T20:26:29.985+0000: 258132.388: [FinalReference, 1569 refs, 0.0002867 secs]2019-01-31T20:26:29.985+0000: 258132.388: [PhantomReference, 0 refs, 4042 refs, 0.0003124 secs]2019-01-31T20:26:29.985+0000: 258132.388: [JNI Weak Reference, 0.0000225 secs][PSYoungGen: 641024K->639440K(1281536K)] [ParOldGen: 3844953K->3844722K(3845120K)] 4485977K->4484163K(5126656K), [Metaspace: 74278K->74278K(1118208K)], 4.0342315 secs] [Times: user=125.76 sys=0.27, real=4.04 secs] 
2019-01-31T20:26:33.670+0000: 258136.073: Total time for which application threads were stopped: 4.0555382 seconds, Stopping threads took: 0.0002893 seconds
2019-01-31T20:26:33.671+0000: 258136.074: Application time: 0.0016304 seconds
2019-01-31T20:26:33.690+0000: 258136.093: [Full GC (Ergonomics) 2019-01-31T20:26:34.044+0000: 258136.447: [SoftReference, 436 refs, 0.0001090 secs]2019-01-31T20:26:34.044+0000: 258136.447: [WeakReference, 17216 refs, 0.0020417 secs]2019-01-31T20:26:34.046+0000: 258136.449: [FinalReference, 1668 refs, 0.0002388 secs]2019-01-31T20:26:34.046+0000: 258136.449: [PhantomReference, 0 refs, 4041 refs, 0.0002719 secs]2019-01-31T20:26:34.046+0000: 258136.449: [JNI Weak Reference, 0.0000248 secs][PSYoungGen: 641024K->634274K(1281536K)] [ParOldGen: 3844722K->3845050K(3845120K)] 4485746K->4479324K(5126656K), [Metaspace: 74279K->74279K(1118208K)], 2.5222092 secs] [Times: user=76.53 sys=0.10, real=2.52 secs] 
2019-01-31T20:26:36.213+0000: 258138.616: Total time for which application threads were stopped: 2.5416257 seconds, Stopping threads took: 0.0004125 seconds
2019-01-31T20:26:36.217+0000: 258138.620: Application time: 0.0036527 seconds
2019-01-31T20:26:36.235+0000: 258138.638: [Full GC (Ergonomics) 2019-01-31T20:26:36.558+0000: 258138.961: [SoftReference, 533 refs, 0.0001276 secs]2019-01-31T20:26:36.558+0000: 258138.961: [WeakReference, 10366 refs, 0.0013549 secs]2019-01-31T20:26:36.559+0000: 258138.962: [FinalReference, 1589 refs, 0.0002356 secs]2019-01-31T20:26:36.560+0000: 258138.963: [PhantomReference, 0 refs, 4040 refs, 0.0002692 secs]2019-01-31T20:26:36.560+0000: 258138.963: [JNI Weak Reference, 0.0000210 secs][PSYoungGen: 641024K->636095K(1281536K)] [ParOldGen: 3845050K->3844927K(3845120K)] 4486074K->4481022K(5126656K), [Metaspace: 74280K->74280K(1118208K)], 4.4505780 secs] [Times: user=138.51 sys=0.32, real=4.45 secs] 
2019-01-31T20:26:40.687+0000: 258143.090: Total time for which application threads were stopped: 4.4701200 seconds, Stopping threads took: 0.0003620 seconds
2019-01-31T20:26:40.688+0000: 258143.091: Application time: 0.0015068 seconds
2019-01-31T20:26:40.710+0000: 258143.113: Total time for which application threads were stopped: 0.0221062 seconds, Stopping threads took: 0.0008663 seconds
2019-01-31T20:26:40.714+0000: 258143.117: Application time: 0.0031996 seconds
2019-01-31T20:26:40.733+0000: 258143.136: [Full GC (Ergonomics) 2019-01-31T20:26:40.952+0000: 258143.355: [SoftReference, 585 refs, 0.0001426 secs]2019-01-31T20:26:40.952+0000: 258143.355: [WeakReference, 16230 refs, 0.0019457 secs]2019-01-31T20:26:40.954+0000: 258143.357: [FinalReference, 1596 refs, 0.0002312 secs]2019-01-31T20:26:40.954+0000: 258143.357: [PhantomReference, 0 refs, 4042 refs, 0.0002720 secs]2019-01-31T20:26:40.955+0000: 258143.358: [JNI Weak Reference, 0.0000204 secs][PSYoungGen: 641024K->634866K(1281536K)] [ParOldGen: 3844927K->3845028K(3845120K)] 4485951K->4479894K(5126656K), [Metaspace: 74280K->74275K(1118208K)], 3.2735272 secs] [Times: user=100.37 sys=0.24, real=3.27 secs] 
2019-01-31T20:26:44.008+0000: 258146.411: Total time for which application threads were stopped: 3.2941207 seconds, Stopping threads took: 0.0005140 seconds
2019-01-31T20:26:44.009+0000: 258146.412: Application time: 0.0010018 seconds
2019-01-31T20:26:44.026+0000: 258146.429: Total time for which application threads were stopped: 0.0173004 seconds, Stopping threads took: 0.0002442 seconds
2019-01-31T20:26:44.030+0000: 258146.433: Application time: 0.0038380 seconds
2019-01-31T20:26:44.048+0000: 258146.451: [Full GC (Ergonomics) 2019-01-31T20:26:44.383+0000: 258146.786: [SoftReference, 529 refs, 0.0001535 secs]2019-01-31T20:26:44.383+0000: 258146.786: [WeakReference, 9970 refs, 0.0014125 secs]2019-01-31T20:26:44.384+0000: 258146.787: [FinalReference, 1720 refs, 0.0002974 secs]2019-01-31T20:26:44.384+0000: 258146.787: [PhantomReference, 0 refs, 4042 refs, 0.0003274 secs]2019-01-31T20:26:44.385+0000: 258146.788: [JNI Weak Reference, 0.0000261 secs][PSYoungGen: 641024K->636524K(1281536K)] [ParOldGen: 3845028K->3844844K(3845120K)] 4486052K->4481369K(5126656K), [Metaspace: 74275K->74275K(1118208K)], 4.5075775 secs] [Times: user=139.88 sys=0.35, real=4.51 secs] 
2019-01-31T20:26:48.556+0000: 258150.959: Total time for which application threads were stopped: 4.5266366 seconds, Stopping threads took: 0.0003905 seconds
2019-01-31T20:26:48.557+0000: 258150.960: Application time: 0.0008901 seconds
2019-01-31T20:26:48.576+0000: 258150.979: Total time for which application threads were stopped: 0.0183631 seconds, Stopping threads took: 0.0003536 seconds
2019-01-31T20:26:48.579+0000: 258150.982: Application time: 0.0030003 seconds
2019-01-31T20:26:48.596+0000: 258150.999: [Full GC (Ergonomics) 2019-01-31T20:26:48.934+0000: 258151.337: [SoftReference, 568 refs, 0.0001293 secs]2019-01-31T20:26:48.934+0000: 258151.337: [WeakReference, 13433 refs, 0.0016958 secs]2019-01-31T20:26:48.936+0000: 258151.339: [FinalReference, 1745 refs, 0.0002418 secs]2019-01-31T20:26:48.936+0000: 258151.339: [PhantomReference, 0 refs, 4042 refs, 0.0002649 secs]2019-01-31T20:26:48.936+0000: 258151.339: [JNI Weak Reference, 0.0000211 secs][PSYoungGen: 641024K->636305K(1281536K)] [ParOldGen: 3844844K->3845079K(3845120K)] 4485868K->4481384K(5126656K), [Metaspace: 74275K->74275K(1118208K)], 3.8882589 secs] [Times: user=120.79 sys=0.25, real=3.89 secs] 
2019-01-31T20:26:52.485+0000: 258154.888: Total time for which application threads were stopped: 3.9067626 seconds, Stopping threads took: 0.0002832 seconds
2019-01-31T20:26:52.487+0000: 258154.890: Application time: 0.0012933 seconds
2019-01-31T20:26:52.505+0000: 258154.908: Total time for which application threads were stopped: 0.0187296 seconds, Stopping threads took: 0.0004945 seconds
2019-01-31T20:26:52.507+0000: 258154.910: Application time: 0.0018208 seconds
2019-01-31T20:26:52.526+0000: 258154.929: [Full GC (Ergonomics) 2019-01-31T20:26:52.882+0000: 258155.285: [SoftReference, 471 refs, 0.0001198 secs]2019-01-31T20:26:52.882+0000: 258155.285: [WeakReference, 12179 refs, 0.0015694 secs]2019-01-31T20:26:52.883+0000: 258155.286: [FinalReference, 1445 refs, 0.0002798 secs]2019-01-31T20:26:52.884+0000: 258155.287: [PhantomReference, 0 refs, 4041 refs, 0.0002830 secs]2019-01-31T20:26:52.884+0000: 258155.287: [JNI Weak Reference, 0.0000222 secs][PSYoungGen: 641024K->637480K(1281536K)] [ParOldGen: 3845079K->3844732K(3845120K)] 4486103K->4482213K(5126656K), [Metaspace: 74275K->74275K(1118208K)], 4.0632987 secs] [Times: user=126.09 sys=0.22, real=4.06 secs] 
2019-01-31T20:26:56.591+0000: 258158.994: Total time for which application threads were stopped: 4.0831805 seconds, Stopping threads took: 0.0004012 seconds
2019-01-31T20:26:56.592+0000: 258158.995: Application time: 0.0011496 seconds
2019-01-31T20:26:56.610+0000: 258159.013: Total time for which application threads were stopped: 0.0185748 seconds, Stopping threads took: 0.0003952 seconds
2019-01-31T20:26:56.612+0000: 258159.015: Application time: 0.0019228 seconds
2019-01-31T20:26:56.630+0000: 258159.033: [Full GC (Ergonomics) 2019-01-31T20:26:56.985+0000: 258159.388: [SoftReference, 489 refs, 0.0001100 secs]2019-01-31T20:26:56.985+0000: 258159.388: [WeakReference, 9107 refs, 0.0013000 secs]2019-01-31T20:26:56.986+0000: 258159.389: [FinalReference, 1486 refs, 0.0002719 secs]2019-01-31T20:26:56.986+0000: 258159.389: [PhantomReference, 0 refs, 4041 refs, 0.0003033 secs]2019-01-31T20:26:56.987+0000: 258159.390: [JNI Weak Reference, 0.0000342 secs][PSYoungGen: 641024K->638270K(1281536K)] [ParOldGen: 3844732K->3844695K(3845120K)] 4485756K->4482965K(5126656K), [Metaspace: 74275K->74275K(1118208K)], 3.7481678 secs] [Times: user=116.18 sys=0.21, real=3.75 secs] 
2019-01-31T20:27:00.379+0000: 258162.782: Total time for which application threads were stopped: 3.7669677 seconds, Stopping threads took: 0.0002595 seconds
2019-01-31T20:27:00.381+0000: 258162.784: Application time: 0.0014219 seconds
2019-01-31T20:27:00.399+0000: 258162.802: [Full GC (Ergonomics) 2019-01-31T20:27:00.749+0000: 258163.152: [SoftReference, 492 refs, 0.0001188 secs]2019-01-31T20:27:00.749+0000: 258163.152: [WeakReference, 6730 refs, 0.0009536 secs]2019-01-31T20:27:00.750+0000: 258163.153: [FinalReference, 1741 refs, 0.0002477 secs]2019-01-31T20:27:00.751+0000: 258163.154: [PhantomReference, 0 refs, 4042 refs, 0.0002800 secs]2019-01-31T20:27:00.751+0000: 258163.154: [JNI Weak Reference, 0.0000229 secs][PSYoungGen: 641024K->639005K(1281536K)] [ParOldGen: 3844695K->3844686K(3845120K)] 4485719K->4483692K(5126656K), [Metaspace: 74275K->74275K(1118208K)], 3.7204354 secs] [Times: user=115.19 sys=0.30, real=3.72 secs] 
2019-01-31T20:27:04.121+0000: 258166.524: Total time for which application threads were stopped: 3.7399643 seconds, Stopping threads took: 0.0003478 seconds
2019-01-31T20:27:04.121+0000: 258166.524: Application time: 0.0008815 seconds
2019-01-31T20:27:04.140+0000: 258166.543: Total time for which application threads were stopped: 0.0187867 seconds, Stopping threads took: 0.0006107 seconds
2019-01-31T20:27:04.141+0000: 258166.544: Application time: 0.0009637 seconds
2019-01-31T20:27:04.159+0000: 258166.562: [Full GC (Ergonomics) 2019-01-31T20:27:04.526+0000: 258166.929: [SoftReference, 488 refs, 0.0001210 secs]2019-01-31T20:27:04.526+0000: 258166.929: [WeakReference, 12697 refs, 0.0015793 secs]2019-01-31T20:27:04.528+0000: 258166.931: [FinalReference, 1774 refs, 0.0002642 secs]2019-01-31T20:27:04.528+0000: 258166.931: [PhantomReference, 0 refs, 4041 refs, 0.0002686 secs]2019-01-31T20:27:04.528+0000: 258166.931: [JNI Weak Reference, 0.0000225 secs][PSYoungGen: 641024K->639573K(1281536K)] [ParOldGen: 3844686K->3844668K(3845120K)] 4485710K->4484241K(5126656K), [Metaspace: 74279K->74279K(1118208K)], 3.0879746 secs] [Times: user=94.92 sys=0.17, real=3.09 secs] 
2019-01-31T20:27:07.248+0000: 258169.651: Total time for which application threads were stopped: 3.1064619 seconds, Stopping threads took: 0.0002660 seconds
2019-01-31T20:27:07.249+0000: 258169.652: Application time: 0.0009766 seconds
2019-01-31T20:27:07.268+0000: 258169.671: [Full GC (Ergonomics) 2019-01-31T20:27:07.610+0000: 258170.013: [SoftReference, 283 refs, 0.0000926 secs]2019-01-31T20:27:07.610+0000: 258170.013: [WeakReference, 14158 refs, 0.0019151 secs]2019-01-31T20:27:07.612+0000: 258170.015: [FinalReference, 1985 refs, 0.0002905 secs]2019-01-31T20:27:07.612+0000: 258170.015: [PhantomReference, 0 refs, 4040 refs, 0.0002645 secs]2019-01-31T20:27:07.612+0000: 258170.015: [JNI Weak Reference, 0.0000200 secs][PSYoungGen: 641024K->636970K(1281536K)] [ParOldGen: 3844668K->3844674K(3845120K)] 4485692K->4481644K(5126656K), [Metaspace: 74279K->74279K(1118208K)], 3.3877185 secs] [Times: user=104.81 sys=0.20, real=3.39 secs] 
2019-01-31T20:27:10.656+0000: 258173.059: Total time for which application threads were stopped: 3.4078181 seconds, Stopping threads took: 0.0009122 seconds
2019-01-31T20:27:10.658+0000: 258173.061: Application time: 0.0017930 seconds
2019-01-31T20:27:10.677+0000: 258173.080: [Full GC (Ergonomics) 2019-01-31T20:27:10.997+0000: 258173.400: [SoftReference, 262 refs, 0.0000985 secs]2019-01-31T20:27:10.997+0000: 258173.400: [WeakReference, 19418 refs, 0.0024543 secs]2019-01-31T20:27:11.000+0000: 258173.403: [FinalReference, 1771 refs, 0.0002577 secs]2019-01-31T20:27:11.000+0000: 258173.403: [PhantomReference, 0 refs, 4041 refs, 0.0002680 secs]2019-01-31T20:27:11.000+0000: 258173.403: [JNI Weak Reference, 0.0000210 secs][PSYoungGen: 641024K->638115K(1281536K)] [ParOldGen: 3844674K->3844664K(3845120K)] 4485698K->4482780K(5126656K), [Metaspace: 74279K->74279K(1118208K)], 3.4445731 secs] [Times: user=106.45 sys=0.20, real=3.44 secs] 
2019-01-31T20:27:14.122+0000: 258176.525: Total time for which application threads were stopped: 3.4639716 seconds, Stopping threads took: 0.0003294 seconds
2019-01-31T20:27:14.124+0000: 258176.527: Application time: 0.0015179 seconds
2019-01-31T20:27:14.148+0000: 258176.551: [Full GC (Ergonomics) 2019-01-31T20:27:14.491+0000: 258176.894: [SoftReference, 277 refs, 0.0000917 secs]2019-01-31T20:27:14.491+0000: 258176.894: [WeakReference, 12882 refs, 0.0016022 secs]2019-01-31T20:27:14.493+0000: 258176.896: [FinalReference, 1748 refs, 0.0002548 secs]2019-01-31T20:27:14.493+0000: 258176.896: [PhantomReference, 0 refs, 4041 refs, 0.0002756 secs]2019-01-31T20:27:14.493+0000: 258176.896: [JNI Weak Reference, 0.0000213 secs][PSYoungGen: 641024K->638819K(1281536K)] [ParOldGen: 3844664K->3844643K(3845120K)] 4485688K->4483462K(5126656K), [Metaspace: 74279K->74279K(1118208K)], 4.2581209 secs] [Times: user=132.30 sys=0.29, real=4.26 secs] 
2019-01-31T20:27:18.407+0000: 258180.810: Total time for which application threads were stopped: 4.2828108 seconds, Stopping threads took: 0.0004603 seconds
2019-01-31T20:27:18.408+0000: 258180.811: Application time: 0.0010467 seconds
2019-01-31T20:27:18.430+0000: 258180.833: [Full GC (Ergonomics) 2019-01-31T20:27:18.770+0000: 258181.173: [SoftReference, 249 refs, 0.0000848 secs]2019-01-31T20:27:18.770+0000: 258181.173: [WeakReference, 16536 refs, 0.0019669 secs]2019-01-31T20:27:18.772+0000: 258181.175: [FinalReference, 1783 refs, 0.0002579 secs]2019-01-31T20:27:18.772+0000: 258181.175: [PhantomReference, 0 refs, 4039 refs, 0.0002664 secs]2019-01-31T20:27:18.772+0000: 258181.175: [JNI Weak Reference, 0.0000207 secs][PSYoungGen: 641024K->638868K(1281536K)] [ParOldGen: 3844643K->3845109K(3845120K)] 4485667K->4483977K(5126656K), [Metaspace: 74279K->74279K(1118208K)], 3.7676720 secs] [Times: user=117.25 sys=0.27, real=3.77 secs] 
2019-01-31T20:27:22.198+0000: 258184.601: Total time for which application threads were stopped: 3.7906579 seconds, Stopping threads took: 0.0002922 seconds
2019-01-31T20:27:22.199+0000: 258184.602: Application time: 0.0010303 seconds
2019-01-31T20:27:22.217+0000: 258184.620: [Full GC (Ergonomics) 2019-01-31T20:27:22.555+0000: 258184.958: [SoftReference, 268 refs, 0.0000926 secs]2019-01-31T20:27:22.555+0000: 258184.958: [WeakReference, 14023 refs, 0.0017003 secs]2019-01-31T20:27:22.557+0000: 258184.960: [FinalReference, 1780 refs, 0.0002506 secs]2019-01-31T20:27:22.557+0000: 258184.960: [PhantomReference, 0 refs, 4040 refs, 0.0002609 secs]2019-01-31T20:27:22.557+0000: 258184.960: [JNI Weak Reference, 0.0000215 secs][PSYoungGen: 641024K->639660K(1281536K)] [ParOldGen: 3845109K->3845036K(3845120K)] 4486133K->4484696K(5126656K), [Metaspace: 74279K->74279K(1118208K)], 3.6660150 secs] [Times: user=113.15 sys=0.24, real=3.66 secs] 
2019-01-31T20:27:25.884+0000: 258188.287: Total time for which application threads were stopped: 3.6848790 seconds, Stopping threads took: 0.0003192 seconds
2019-01-31T20:27:25.885+0000: 258188.288: Application time: 0.0007835 seconds
2019-01-31T20:27:25.905+0000: 258188.308: [Full GC (Ergonomics) 2019-01-31T20:27:26.124+0000: 258188.527: [SoftReference, 251 refs, 0.0000924 secs]2019-01-31T20:27:26.124+0000: 258188.527: [WeakReference, 10376 refs, 0.0012959 secs]2019-01-31T20:27:26.125+0000: 258188.528: [FinalReference, 2064 refs, 0.0002576 secs]2019-01-31T20:27:26.126+0000: 258188.529: [PhantomReference, 0 refs, 4039 refs, 0.0002753 secs]2019-01-31T20:27:26.126+0000: 258188.529: [JNI Weak Reference, 0.0000214 secs][PSYoungGen: 641024K->640068K(1281536K)] [ParOldGen: 3845036K->3845032K(3845120K)] 4486060K->4485100K(5126656K), [Metaspace: 74279K->74279K(1118208K)], 2.8953961 secs] [Times: user=88.77 sys=0.24, real=2.90 secs] 
2019-01-31T20:27:28.801+0000: 258191.204: Total time for which application threads were stopped: 2.9159940 seconds, Stopping threads took: 0.0002755 seconds
2019-01-31T20:27:28.802+0000: 258191.205: Application time: 0.0007578 seconds
2019-01-31T20:27:28.820+0000: 258191.223: [Full GC (Ergonomics) 2019-01-31T20:27:29.173+0000: 258191.576: [SoftReference, 212 refs, 0.0000709 secs]2019-01-31T20:27:29.173+0000: 258191.576: [WeakReference, 12395 refs, 0.0017095 secs]2019-01-31T20:27:29.175+0000: 258191.578: [FinalReference, 1771 refs, 0.0002659 secs]2019-01-31T20:27:29.175+0000: 258191.578: [PhantomReference, 0 refs, 4040 refs, 0.0003203 secs]2019-01-31T20:27:29.175+0000: 258191.578: [JNI Weak Reference, 0.0000262 secs][PSYoungGen: 641024K->640287K(1281536K)] [ParOldGen: 3845032K->3845024K(3845120K)] 4486056K->4485311K(5126656K), [Metaspace: 74279K->74279K(1118208K)], 4.0423539 secs] [Times: user=125.21 sys=0.23, real=4.04 secs] 
2019-01-31T20:27:32.864+0000: 258195.267: Total time for which application threads were stopped: 4.0618533 seconds, Stopping threads took: 0.0002659 seconds
2019-01-31T20:27:32.864+0000: 258195.267: Application time: 0.0005212 seconds
2019-01-31T20:27:32.885+0000: 258195.288: [Full GC (Ergonomics) 2019-01-31T20:27:33.225+0000: 258195.628: [SoftReference, 206 refs, 0.0000949 secs]2019-01-31T20:27:33.225+0000: 258195.628: [WeakReference, 17037 refs, 0.0020848 secs]2019-01-31T20:27:33.227+0000: 258195.630: [FinalReference, 1746 refs, 0.0002813 secs]2019-01-31T20:27:33.228+0000: 258195.631: [PhantomReference, 0 refs, 4041 refs, 0.0002816 secs]2019-01-31T20:27:33.228+0000: 258195.631: [JNI Weak Reference, 0.0000215 secs][PSYoungGen: 641024K->640407K(1281536K)] [ParOldGen: 3845024K->3845017K(3845120K)] 4486048K->4485424K(5126656K), [Metaspace: 74279K->74279K(1118208K)], 3.2925711 secs] [Times: user=101.20 sys=0.17, real=3.30 secs] 
2019-01-31T20:27:36.178+0000: 258198.581: Total time for which application threads were stopped: 3.3142201 seconds, Stopping threads took: 0.0002932 seconds
2019-01-31T20:27:36.179+0000: 258198.582: Application time: 0.0004850 seconds
2019-01-31T20:27:36.197+0000: 258198.600: [Full GC (Ergonomics) 2019-01-31T20:27:36.544+0000: 258198.947: [SoftReference, 192 refs, 0.0000775 secs]2019-01-31T20:27:36.544+0000: 258198.947: [WeakReference, 9377 refs, 0.0012455 secs]2019-01-31T20:27:36.545+0000: 258198.948: [FinalReference, 2063 refs, 0.0003072 secs]2019-01-31T20:27:36.546+0000: 258198.949: [PhantomReference, 0 refs, 4041 refs, 0.0002653 secs]2019-01-31T20:27:36.546+0000: 258198.949: [JNI Weak Reference, 0.0000201 secs][PSYoungGen: 641024K->640544K(1281536K)] [ParOldGen: 3845017K->3845010K(3845120K)] 4486041K->4485555K(5126656K), [Metaspace: 74279K->74279K(1118208K)], 3.4287768 secs] [Times: user=105.98 sys=0.22, real=3.42 secs] 
2019-01-31T20:27:39.626+0000: 258202.029: Total time for which application threads were stopped: 3.4475750 seconds, Stopping threads took: 0.0003125 seconds
2019-01-31T20:27:39.627+0000: 258202.030: Application time: 0.0005607 seconds
2019-01-31T20:27:39.646+0000: 258202.049: [Full GC (Ergonomics) 2019-01-31T20:27:39.983+0000: 258202.386: [SoftReference, 181 refs, 0.0001106 secs]2019-01-31T20:27:39.983+0000: 258202.386: [WeakReference, 16076 refs, 0.0020481 secs]2019-01-31T20:27:39.985+0000: 258202.388: [FinalReference, 1780 refs, 0.0002475 secs]2019-01-31T20:27:39.985+0000: 258202.388: [PhantomReference, 0 refs, 4039 refs, 0.0002811 secs]2019-01-31T20:27:39.986+0000: 258202.389: [JNI Weak Reference, 0.0000213 secs][PSYoungGen: 641024K->640666K(1281536K)] [ParOldGen: 3845010K->3845003K(3845120K)] 4486034K->4485669K(5126656K), [Metaspace: 74279K->74279K(1118208K)], 3.3990503 secs] [Times: user=104.93 sys=0.23, real=3.40 secs] 
2019-01-31T20:27:43.046+0000: 258205.449: Total time for which application threads were stopped: 3.4189329 seconds, Stopping threads took: 0.0002653 seconds
2019-01-31T20:27:43.046+0000: 258205.449: Application time: 0.0004746 seconds
2019-01-31T20:27:43.065+0000: 258205.468: [Full GC (Ergonomics) 2019-01-31T20:27:43.402+0000: 258205.805: [SoftReference, 164 refs, 0.0000841 secs]2019-01-31T20:27:43.402+0000: 258205.805: [WeakReference, 20069 refs, 0.0023771 secs]2019-01-31T20:27:43.404+0000: 258205.807: [FinalReference, 1762 refs, 0.0002809 secs]2019-01-31T20:27:43.405+0000: 258205.808: [PhantomReference, 0 refs, 4040 refs, 0.0002754 secs]2019-01-31T20:27:43.405+0000: 258205.808: [JNI Weak Reference, 0.0000293 secs][PSYoungGen: 641024K->640730K(1281536K)] [ParOldGen: 3845003K->3844999K(3845120K)] 4486027K->4485729K(5126656K), [Metaspace: 74279K->74279K(1118208K)], 3.0983521 secs] [Times: user=94.74 sys=0.20, real=3.10 secs] 
2019-01-31T20:27:46.164+0000: 258208.567: Total time for which application threads were stopped: 3.1177988 seconds, Stopping threads took: 0.0002179 seconds
2019-01-31T20:27:46.165+0000: 258208.567: Application time: 0.0003609 seconds
2019-01-31T20:27:46.183+0000: 258208.586: [Full GC (Ergonomics) 2019-01-31T20:27:46.523+0000: 258208.926: [SoftReference, 167 refs, 0.0000740 secs]2019-01-31T20:27:46.523+0000: 258208.926: [WeakReference, 23495 refs, 0.0030009 secs]2019-01-31T20:27:46.526+0000: 258208.929: [FinalReference, 1751 refs, 0.0003198 secs]2019-01-31T20:27:46.526+0000: 258208.929: [PhantomReference, 0 refs, 4041 refs, 0.0003241 secs]2019-01-31T20:27:46.527+0000: 258208.930: [JNI Weak Reference, 0.0000223 secs][PSYoungGen: 641024K->640812K(1281536K)] [ParOldGen: 3844999K->3844998K(3845120K)] 4486023K->4485811K(5126656K), [Metaspace: 74279K->74279K(1118208K)], 3.7349631 secs] [Times: user=115.49 sys=0.24, real=3.73 secs] 
2019-01-31T20:27:49.919+0000: 258212.322: Total time for which application threads were stopped: 3.7545572 seconds, Stopping threads took: 0.0002659 seconds
2019-01-31T20:27:49.919+0000: 258212.322: Application time: 0.0003615 seconds
2019-01-31T20:27:49.938+0000: 258212.341: [Full GC (Ergonomics) 2019-01-31T20:27:50.151+0000: 258212.554: [SoftReference, 148 refs, 0.0000705 secs]2019-01-31T20:27:50.152+0000: 258212.555: [WeakReference, 14369 refs, 0.0018521 secs]2019-01-31T20:27:50.153+0000: 258212.556: [FinalReference, 1831 refs, 0.0002515 secs]2019-01-31T20:27:50.154+0000: 258212.557: [PhantomReference, 0 refs, 4040 refs, 0.0002698 secs]2019-01-31T20:27:50.154+0000: 258212.557: [JNI Weak Reference, 0.0000198 secs][PSYoungGen: 641024K->640867K(1281536K)] [ParOldGen: 3844998K->3844991K(3845120K)] 4486022K->4485859K(5126656K), [Metaspace: 74279K->74279K(1118208K)], 3.8952879 secs] [Times: user=120.82 sys=0.23, real=3.90 secs] 
2019-01-31T20:27:53.835+0000: 258216.238: Total time for which application threads were stopped: 3.9151772 seconds, Stopping threads took: 0.0002592 seconds
2019-01-31T20:27:53.835+0000: 258216.238: Application time: 0.0002886 seconds
2019-01-31T20:27:53.855+0000: 258216.258: [Full GC (Ergonomics) 2019-01-31T20:27:54.216+0000: 258216.619: [SoftReference, 142 refs, 0.0000686 secs]2019-01-31T20:27:54.216+0000: 258216.619: [WeakReference, 17662 refs, 0.0021214 secs]2019-01-31T20:27:54.218+0000: 258216.621: [FinalReference, 1761 refs, 0.0002512 secs]2019-01-31T20:27:54.219+0000: 258216.622: [PhantomReference, 0 refs, 4040 refs, 0.0002704 secs]2019-01-31T20:27:54.219+0000: 258216.622: [JNI Weak Reference, 0.0000209 secs][PSYoungGen: 641024K->640909K(1281536K)] [ParOldGen: 3844991K->3844990K(3845120K)] 4486015K->4485900K(5126656K), [Metaspace: 74279K->74279K(1118208K)], 2.7007673 secs] [Times: user=82.55 sys=0.13, real=2.70 secs] 
2019-01-31T20:27:56.556+0000: 258218.959: Total time for which application threads were stopped: 2.7214189 seconds, Stopping threads took: 0.0002729 seconds
2019-01-31T20:27:56.557+0000: 258218.960: Application time: 0.0002889 seconds
2019-01-31T20:27:56.574+0000: 258218.977: [Full GC (Ergonomics) 2019-01-31T20:27:56.920+0000: 258219.323: [SoftReference, 136 refs, 0.0000649 secs]2019-01-31T20:27:56.920+0000: 258219.323: [WeakReference, 18624 refs, 0.0022167 secs]2019-01-31T20:27:56.922+0000: 258219.325: [FinalReference, 2012 refs, 0.0002891 secs]2019-01-31T20:27:56.922+0000: 258219.325: [PhantomReference, 0 refs, 4039 refs, 0.0002878 secs]2019-01-31T20:27:56.923+0000: 258219.326: [JNI Weak Reference, 0.0000210 secs][PSYoungGen: 641024K->640938K(1281536K)] [ParOldGen: 3844990K->3844989K(3845120K)] 4486014K->4485928K(5126656K), [Metaspace: 74279K->74279K(1118208K)], 3.6753076 secs] [Times: user=113.63 sys=0.23, real=3.67 secs] 
2019-01-31T20:28:00.251+0000: 258222.654: Total time for which application threads were stopped: 3.6939256 seconds, Stopping threads took: 0.0002404 seconds
2019-01-31T20:28:00.251+0000: 258222.654: Application time: 0.0002614 seconds
2019-01-31T20:28:00.269+0000: 258222.672: [Full GC (Ergonomics) 2019-01-31T20:28:00.633+0000: 258223.036: [SoftReference, 151 refs, 0.0000690 secs]2019-01-31T20:28:00.633+0000: 258223.036: [WeakReference, 15562 refs, 0.0018908 secs]2019-01-31T20:28:00.635+0000: 258223.038: [FinalReference, 2054 refs, 0.0002564 secs]2019-01-31T20:28:00.635+0000: 258223.038: [PhantomReference, 0 refs, 4042 refs, 0.0002579 secs]2019-01-31T20:28:00.636+0000: 258223.039: [JNI Weak Reference, 0.0000214 secs][PSYoungGen: 641024K->640951K(1281536K)] [ParOldGen: 3844989K->3844984K(3845120K)] 4486013K->4485936K(5126656K), [Metaspace: 74279K->74279K(1118208K)], 4.0560513 secs] [Times: user=126.18 sys=0.25, real=4.06 secs] 
2019-01-31T20:28:04.326+0000: 258226.729: Total time for which application threads were stopped: 4.0749154 seconds, Stopping threads took: 0.0003722 seconds
2019-01-31T20:28:04.326+0000: 258226.729: Application time: 0.0002733 seconds
2019-01-31T20:28:04.345+0000: 258226.748: [Full GC (Ergonomics) 2019-01-31T20:28:04.561+0000: 258226.964: [SoftReference, 122 refs, 0.0000677 secs]2019-01-31T20:28:04.561+0000: 258226.964: [WeakReference, 12047 refs, 0.0015084 secs]2019-01-31T20:28:04.562+0000: 258226.965: [FinalReference, 1774 refs, 0.0002528 secs]2019-01-31T20:28:04.563+0000: 258226.966: [PhantomReference, 0 refs, 4040 refs, 0.0002526 secs]2019-01-31T20:28:04.563+0000: 258226.966: [JNI Weak Reference, 0.0000287 secs][PSYoungGen: 641024K->640960K(1281536K)] [ParOldGen: 3844984K->3844984K(3845120K)] 4486008K->4485945K(5126656K), [Metaspace: 74279K->74279K(1118208K)], 3.8826468 secs] [Times: user=120.60 sys=0.29, real=3.88 secs] 
2019-01-31T20:28:08.228+0000: 258230.631: Total time for which application threads were stopped: 3.9022083 seconds, Stopping threads took: 0.0001980 seconds
2019-01-31T20:28:08.228+0000: 258230.631: Application time: 0.0001435 seconds
2019-01-31T20:28:08.245+0000: 258230.648: [Full GC (Ergonomics) 2019-01-31T20:28:08.587+0000: 258230.990: [SoftReference, 125 refs, 0.0000649 secs]2019-01-31T20:28:08.587+0000: 258230.990: [WeakReference, 22840 refs, 0.0027606 secs]2019-01-31T20:28:08.589+0000: 258230.992: [FinalReference, 1796 refs, 0.0002706 secs]2019-01-31T20:28:08.590+0000: 258230.993: [PhantomReference, 0 refs, 4038 refs, 0.0003235 secs]2019-01-31T20:28:08.590+0000: 258230.993: [JNI Weak Reference, 0.0000225 secs][PSYoungGen: 641022K->640940K(1281536K)] [ParOldGen: 3844984K->3844984K(3845120K)] 4486007K->4485925K(5126656K), [Metaspace: 74279K->74279K(1118208K)], 0.6040670 secs] [Times: user=15.13 sys=0.00, real=0.60 secs] 
2019-01-31T20:28:08.850+0000: 258231.253: Total time for which application threads were stopped: 0.6219233 seconds, Stopping threads took: 0.0003379 seconds
2019-01-31T20:28:08.850+0000: 258231.253: Application time: 0.0002054 seconds
2019-01-31T20:28:08.869+0000: 258231.272: [Full GC (Ergonomics) 2019-01-31T20:28:09.229+0000: 258231.632: [SoftReference, 122 refs, 0.0000652 secs]2019-01-31T20:28:09.229+0000: 258231.632: [WeakReference, 14956 refs, 0.0017937 secs]2019-01-31T20:28:09.231+0000: 258231.634: [FinalReference, 1757 refs, 0.0002604 secs]2019-01-31T20:28:09.231+0000: 258231.634: [PhantomReference, 0 refs, 4041 refs, 0.0003078 secs]2019-01-31T20:28:09.232+0000: 258231.635: [JNI Weak Reference, 0.0000228 secs][PSYoungGen: 641024K->640966K(1281536K)] [ParOldGen: 3844984K->3844676K(3845120K)] 4486008K->4485642K(5126656K), [Metaspace: 74279K->74279K(1118208K)], 4.3930838 secs] [Times: user=136.92 sys=0.20, real=4.39 secs] 
2019-01-31T20:28:13.263+0000: 258235.666: Total time for which application threads were stopped: 4.4126162 seconds, Stopping threads took: 0.0002502 seconds
2019-01-31T20:28:13.263+0000: 258235.666: Application time: 0.0002079 seconds
2019-01-31T20:28:13.281+0000: 258235.684: [Full GC (Ergonomics) 2019-01-31T20:28:13.616+0000: 258236.019: [SoftReference, 123 refs, 0.0000876 secs]2019-01-31T20:28:13.616+0000: 258236.019: [WeakReference, 17277 refs, 0.0020842 secs]2019-01-31T20:28:13.618+0000: 258236.021: [FinalReference, 1788 refs, 0.0002746 secs]2019-01-31T20:28:13.618+0000: 258236.021: [PhantomReference, 0 refs, 4040 refs, 0.0002789 secs]2019-01-31T20:28:13.618+0000: 258236.021: [JNI Weak Reference, 0.0000200 secs][PSYoungGen: 641024K->640301K(1281536K)] [ParOldGen: 3844676K->3845076K(3845120K)] 4485700K->4485377K(5126656K), [Metaspace: 74279K->74279K(1118208K)], 4.3038048 secs] [Times: user=134.20 sys=0.36, real=4.31 secs] 
2019-01-31T20:28:17.586+0000: 258239.989: Total time for which application threads were stopped: 4.3225194 seconds, Stopping threads took: 0.0002123 seconds
2019-01-31T20:28:17.586+0000: 258239.989: Application time: 0.0006027 seconds
2019-01-31T20:28:17.605+0000: 258240.008: [Full GC (Ergonomics) 2019-01-31T20:28:17.948+0000: 258240.351: [SoftReference, 477 refs, 0.0001092 secs]2019-01-31T20:28:17.948+0000: 258240.351: [WeakReference, 19419 refs, 0.0023746 secs]2019-01-31T20:28:17.951+0000: 258240.354: [FinalReference, 1781 refs, 0.0002648 secs]2019-01-31T20:28:17.951+0000: 258240.354: [PhantomReference, 0 refs, 4042 refs, 0.0003403 secs]2019-01-31T20:28:17.951+0000: 258240.354: [JNI Weak Reference, 0.0000205 secs][PSYoungGen: 641024K->639006K(1281536K)] [ParOldGen: 3845076K->3844690K(3845120K)] 4486100K->4483697K(5126656K), [Metaspace: 74279K->74279K(1118208K)], 2.9059152 secs] [Times: user=89.44 sys=0.23, real=2.90 secs] 
2019-01-31T20:28:20.512+0000: 258242.915: Total time for which application threads were stopped: 2.9259104 seconds, Stopping threads took: 0.0002652 seconds
2019-01-31T20:28:20.513+0000: 258242.916: Application time: 0.0011335 seconds
2019-01-31T20:28:20.533+0000: 258242.936: [Full GC (Ergonomics) 2019-01-31T20:28:20.886+0000: 258243.289: [SoftReference, 490 refs, 0.0001624 secs]2019-01-31T20:28:20.886+0000: 258243.289: [WeakReference, 12341 refs, 0.0016350 secs]2019-01-31T20:28:20.887+0000: 258243.290: [FinalReference, 1517 refs, 0.0002815 secs]2019-01-31T20:28:20.888+0000: 258243.291: [PhantomReference, 0 refs, 4041 refs, 0.0002996 secs]2019-01-31T20:28:20.888+0000: 258243.291: [JNI Weak Reference, 0.0000229 secs][PSYoungGen: 641024K->639555K(1281536K)] [ParOldGen: 3844690K->3844682K(3845120K)] 4485714K->4484238K(5126656K), [Metaspace: 74279K->74279K(1118208K)], 3.1367001 secs] [Times: user=95.74 sys=0.18, real=3.14 secs] 
2019-01-31T20:28:23.671+0000: 258246.074: Total time for which application threads were stopped: 3.1574237 seconds, Stopping threads took: 0.0003648 seconds
2019-01-31T20:28:23.672+0000: 258246.075: Application time: 0.0009399 seconds
2019-01-31T20:28:23.690+0000: 258246.093: [Full GC (Ergonomics) 2019-01-31T20:28:24.019+0000: 258246.422: [SoftReference, 483 refs, 0.0001101 secs]2019-01-31T20:28:24.019+0000: 258246.422: [WeakReference, 12675 refs, 0.0016456 secs]2019-01-31T20:28:24.021+0000: 258246.424: [FinalReference, 1785 refs, 0.0003277 secs]2019-01-31T20:28:24.021+0000: 258246.424: [PhantomReference, 0 refs, 4041 refs, 0.0003224 secs]2019-01-31T20:28:24.022+0000: 258246.425: [JNI Weak Reference, 0.0000216 secs][PSYoungGen: 641024K->639703K(1281536K)] [ParOldGen: 3844682K->3844638K(3845120K)] 4485706K->4484341K(5126656K), [Metaspace: 74280K->74280K(1118208K)], 3.3533955 secs] [Times: user=102.98 sys=0.16, real=3.35 secs] 
2019-01-31T20:28:27.045+0000: 258249.448: Total time for which application threads were stopped: 3.3728827 seconds, Stopping threads took: 0.0003125 seconds
2019-01-31T20:28:27.046+0000: 258249.449: Application time: 0.0008840 seconds
2019-01-31T20:28:27.065+0000: 258249.468: [Full GC (Ergonomics) 2019-01-31T20:28:27.384+0000: 258249.787: [SoftReference, 463 refs, 0.0001049 secs]2019-01-31T20:28:27.384+0000: 258249.787: [WeakReference, 16518 refs, 0.0020041 secs]2019-01-31T20:28:27.386+0000: 258249.789: [FinalReference, 1779 refs, 0.0002578 secs]2019-01-31T20:28:27.386+0000: 258249.789: [PhantomReference, 0 refs, 4041 refs, 0.0003033 secs]2019-01-31T20:28:27.387+0000: 258249.790: [JNI Weak Reference, 0.0000211 secs][PSYoungGen: 641024K->640097K(1281536K)] [ParOldGen: 3844638K->3844632K(3845120K)] 4485662K->4484729K(5126656K), [Metaspace: 74280K->74280K(1118208K)], 3.1486393 secs] [Times: user=96.87 sys=0.21, real=3.14 secs] 
2019-01-31T20:28:30.215+0000: 258252.618: Total time for which application threads were stopped: 3.1689348 seconds, Stopping threads took: 0.0002660 seconds
2019-01-31T20:28:30.215+0000: 258252.618: Application time: 0.0006941 seconds
2019-01-31T20:28:30.234+0000: 258252.637: [Full GC (Ergonomics) 2019-01-31T20:28:30.599+0000: 258253.002: [SoftReference, 214 refs, 0.0001227 secs]2019-01-31T20:28:30.599+0000: 258253.002: [WeakReference, 7258 refs, 0.0010985 secs]2019-01-31T20:28:30.600+0000: 258253.003: [FinalReference, 2026 refs, 0.0002745 secs]2019-01-31T20:28:30.601+0000: 258253.004: [PhantomReference, 0 refs, 4041 refs, 0.0002715 secs]2019-01-31T20:28:30.601+0000: 258253.004: [JNI Weak Reference, 0.0000289 secs][PSYoungGen: 641024K->640426K(1281536K)] [ParOldGen: 3844632K->3844623K(3845120K)] 4485656K->4485049K(5126656K), [Metaspace: 74280K->74280K(1118208K)], 2.9237793 secs] [Times: user=89.84 sys=0.11, real=2.93 secs] 
2019-01-31T20:28:33.158+0000: 258255.561: Total time for which application threads were stopped: 2.9430930 seconds, Stopping threads took: 0.0003993 seconds
2019-01-31T20:28:33.160+0000: 258255.563: Application time: 0.0015419 seconds
2019-01-31T20:28:33.181+0000: 258255.584: [Full GC (Ergonomics) 2019-01-31T20:28:33.543+0000: 258255.946: [SoftReference, 406 refs, 0.0001156 secs]2019-01-31T20:28:33.543+0000: 258255.946: [WeakReference, 5455 refs, 0.0007986 secs]2019-01-31T20:28:33.544+0000: 258255.947: [FinalReference, 1750 refs, 0.0002586 secs]2019-01-31T20:28:33.544+0000: 258255.947: [PhantomReference, 0 refs, 4041 refs, 0.0002768 secs]2019-01-31T20:28:33.544+0000: 258255.947: [JNI Weak Reference, 0.0000206 secs][PSYoungGen: 641024K->637310K(1281536K)] [ParOldGen: 3844623K->3844736K(3845120K)] 4485647K->4482047K(5126656K), [Metaspace: 74281K->74277K(1118208K)], 3.1020047 secs] [Times: user=95.45 sys=0.21, real=3.10 secs] 
2019-01-31T20:28:36.284+0000: 258258.687: Total time for which application threads were stopped: 3.1242812 seconds, Stopping threads took: 0.0003221 seconds
2019-01-31T20:28:36.286+0000: 258258.689: Application time: 0.0017843 seconds
2019-01-31T20:28:36.304+0000: 258258.707: [Full GC (Ergonomics) 2019-01-31T20:28:36.635+0000: 258259.038: [SoftReference, 263 refs, 0.0001209 secs]2019-01-31T20:28:36.635+0000: 258259.038: [WeakReference, 12914 refs, 0.0017162 secs]2019-01-31T20:28:36.636+0000: 258259.039: [FinalReference, 2163 refs, 0.0002637 secs]2019-01-31T20:28:36.637+0000: 258259.040: [PhantomReference, 0 refs, 4041 refs, 0.0002581 secs]2019-01-31T20:28:36.637+0000: 258259.040: [JNI Weak Reference, 0.0000217 secs][PSYoungGen: 641024K->638053K(1281536K)] [ParOldGen: 3844736K->3844709K(3845120K)] 4485760K->4482762K(5126656K), [Metaspace: 74277K->74277K(1118208K)], 3.7235465 secs] [Times: user=115.00 sys=0.26, real=3.73 secs] 
2019-01-31T20:28:40.029+0000: 258262.432: Total time for which application threads were stopped: 3.7428075 seconds, Stopping threads took: 0.0002820 seconds
2019-01-31T20:28:40.030+0000: 258262.433: Application time: 0.0014893 seconds
2019-01-31T20:28:40.049+0000: 258262.452: [Full GC (Ergonomics) 2019-01-31T20:28:40.375+0000: 258262.778: [SoftReference, 228 refs, 0.0000856 secs]2019-01-31T20:28:40.375+0000: 258262.778: [WeakReference, 17318 refs, 0.0021005 secs]2019-01-31T20:28:40.377+0000: 258262.780: [FinalReference, 2188 refs, 0.0002805 secs]2019-01-31T20:28:40.377+0000: 258262.780: [PhantomReference, 0 refs, 4042 refs, 0.0002905 secs]2019-01-31T20:28:40.378+0000: 258262.781: [JNI Weak Reference, 0.0000203 secs][PSYoungGen: 641024K->638686K(1281536K)] [ParOldGen: 3844709K->3844694K(3845120K)] 4485733K->4483380K(5126656K), [Metaspace: 74277K->74277K(1118208K)], 3.3583506 secs] [Times: user=103.38 sys=0.18, real=3.36 secs] 
2019-01-31T20:28:43.409+0000: 258265.812: Total time for which application threads were stopped: 3.3784503 seconds, Stopping threads took: 0.0002652 seconds
2019-01-31T20:28:43.410+0000: 258265.813: Application time: 0.0014440 seconds
2019-01-31T20:28:43.432+0000: 258265.835: [Full GC (Ergonomics) 2019-01-31T20:28:43.770+0000: 258266.173: [SoftReference, 173 refs, 0.0000741 secs]2019-01-31T20:28:43.770+0000: 258266.173: [WeakReference, 14251 refs, 0.0018422 secs]2019-01-31T20:28:43.772+0000: 258266.175: [FinalReference, 2328 refs, 0.0002921 secs]2019-01-31T20:28:43.772+0000: 258266.175: [PhantomReference, 0 refs, 4041 refs, 0.0002785 secs]2019-01-31T20:28:43.772+0000: 258266.175: [JNI Weak Reference, 0.0000273 secs][PSYoungGen: 641024K->637798K(1281536K)] [ParOldGen: 3844694K->3844816K(3845120K)] 4485718K->4482614K(5126656K), [Metaspace: 74277K->74277K(1118208K)], 3.4517005 secs] [Times: user=107.42 sys=0.21, real=3.45 secs] 
2019-01-31T20:28:46.885+0000: 258269.288: Total time for which application threads were stopped: 3.4745182 seconds, Stopping threads took: 0.0003802 seconds
2019-01-31T20:28:46.886+0000: 258269.289: Application time: 0.0016750 seconds
2019-01-31T20:28:46.911+0000: 258269.314: [Full GC (Ergonomics) 2019-01-31T20:28:47.218+0000: 258269.621: [SoftReference, 207 refs, 0.0000903 secs]2019-01-31T20:28:47.218+0000: 258269.621: [WeakReference, 19394 refs, 0.0022341 secs]2019-01-31T20:28:47.220+0000: 258269.623: [FinalReference, 1731 refs, 0.0002497 secs]2019-01-31T20:28:47.220+0000: 258269.623: [PhantomReference, 0 refs, 4043 refs, 0.0002660 secs]2019-01-31T20:28:47.221+0000: 258269.624: [JNI Weak Reference, 0.0000215 secs]