2017-04-16 10:00:56 GC log file created /var/log/cassandra/gc.log.3
Java HotSpot(TM) 64-Bit Server VM (25.112-b15) for linux-amd64 JRE (1.8.0_112-b15), built on Sep 22 2016 21:10:53 by "java_re" with gcc 4.3.0 20080428 (Red Hat 4.3.0-8)
Memory: 4k page, physical 132045448k(3110212k free), swap 4194300k(2152492k free)
CommandLine flags: -XX:CICompilerCount=15 -XX:+CMSClassUnloadingEnabled -XX:CMSInitiatingOccupancyFraction=75 -XX:+CMSParallelRemarkEnabled -XX:ErrorFile=/home/cassandra/hs_err_1492229074.log -XX:GCLogFileSize=10485760 -XX:+HeapDumpOnOutOfMemoryError -XX:HeapDumpPath=/home/cassandra/java_1492229074.hprof -XX:InitialHeapSize=16385048576 -XX:InitialTenuringThreshold=1 -XX:+ManagementServer -XX:MaxHeapSize=16385048576 -XX:MaxNewSize=2048000000 -XX:MaxTenuringThreshold=1 -XX:MinHeapDeltaBytes=196608 -XX:NewSize=2048000000 -XX:NumberOfGCLogFiles=10 -XX:OldPLABSize=16 -XX:OldSize=14337048576 -XX:PrintFLSStatistics=1 -XX:+PrintGC -XX:+PrintGCApplicationStoppedTime -XX:+PrintGCCause -XX:+PrintGCDateStamps -XX:+PrintGCDetails -XX:+PrintGCTimeStamps -XX:+PrintHeapAtGC -XX:+PrintPromotionFailure -XX:+PrintTenuringDistribution -XX:StringTableSize=1000003 -XX:SurvivorRatio=8 -XX:ThreadPriorityPolicy=42 -XX:ThreadStackSize=256 -XX:+UseCMSInitiatingOccupancyOnly -XX:+UseCompressedClassPointers -XX:+UseCompressedOops -XX:+UseConcMarkSweepGC -XX:+UseFastUnorderedTimeStamps -XX:+UseGCLogFileRotation -XX:+UseParNewGC -XX:+UseTLAB -XX:+UseThreadPriorities 
{Heap before GC invocations=12409 (full 18):
 par new generation   total 1800000K, used 1607877K [0x00000003ef600000, 0x0000000469720000, 0x0000000469720000)
  eden space 1600000K, 100% used [0x00000003ef600000, 0x0000000451080000, 0x0000000451080000)
  from space 200000K,   3% used [0x000000045d3d0000, 0x000000045db815d0, 0x0000000469720000)
  to   space 200000K,   0% used [0x0000000451080000, 0x0000000451080000, 0x000000045d3d0000)
 concurrent mark-sweep generation total 14001024K, used 7473465K [0x0000000469720000, 0x00000007c0000000, 0x00000007c0000000)
 Metaspace       used 44934K, capacity 46232K, committed 46652K, reserved 1091584K
  class space    used 4916K, capacity 5189K, committed 5268K, reserved 1048576K
2017-04-16T10:00:56.844-0700: 132981.103: [GC (Allocation Failure) Before GC:
Statistics for BinaryTreeDictionary:
------------------------------------
Total Free Space: 193998146
Max   Chunk Size: 1128311
Number of Blocks: 86207
Av.  Block  Size: 2250
Tree      Height: 109
2017-04-16T10:00:56.845-0700: 132981.104: [ParNew
Desired survivor size 102400000 bytes, new threshold 1 (max 1)
- age   1:    6595712 bytes,    6595712 total
: 1607877K->7377K(1800000K), 0.0128514 secs] 9081343K->7482545K(15801024K)After GC:
Statistics for BinaryTreeDictionary:
------------------------------------
Total Free Space: 193977890
Max   Chunk Size: 1128311
Number of Blocks: 86163
Av.  Block  Size: 2251
Tree      Height: 109
, 0.0142139 secs] [Times: user=0.31 sys=0.00, real=0.02 secs] 
Heap after GC invocations=12410 (full 18):
 par new generation   total 1800000K, used 7377K [0x00000003ef600000, 0x0000000469720000, 0x0000000469720000)
  eden space 1600000K,   0% used [0x00000003ef600000, 0x00000003ef600000, 0x0000000451080000)
  from space 200000K,   3% used [0x0000000451080000, 0x00000004517b4470, 0x000000045d3d0000)
  to   space 200000K,   0% used [0x000000045d3d0000, 0x000000045d3d0000, 0x0000000469720000)
 concurrent mark-sweep generation total 14001024K, used 7475168K [0x0000000469720000, 0x00000007c0000000, 0x00000007c0000000)
 Metaspace       used 44934K, capacity 46232K, committed 46652K, reserved 1091584K
  class space    used 4916K, capacity 5189K, committed 5268K, reserved 1048576K
}
2017-04-16T10:00:56.858-0700: 132981.118: Total time for which application threads were stopped: 0.0165224 seconds, Stopping threads took: 0.0001465 seconds
2017-04-16T10:01:05.028-0700: 132989.287: Total time for which application threads were stopped: 0.0008696 seconds, Stopping threads took: 0.0001557 seconds
2017-04-16T10:01:09.687-0700: 132993.946: Total time for which application threads were stopped: 0.0021618 seconds, Stopping threads took: 0.0001486 seconds
{Heap before GC invocations=12410 (full 18):
 par new generation   total 1800000K, used 1607377K [0x00000003ef600000, 0x0000000469720000, 0x0000000469720000)
  eden space 1600000K, 100% used [0x00000003ef600000, 0x0000000451080000, 0x0000000451080000)
  from space 200000K,   3% used [0x0000000451080000, 0x00000004517b4470, 0x000000045d3d0000)
  to   space 200000K,   0% used [0x000000045d3d0000, 0x000000045d3d0000, 0x0000000469720000)
 concurrent mark-sweep generation total 14001024K, used 7475168K [0x0000000469720000, 0x00000007c0000000, 0x00000007c0000000)
 Metaspace       used 44934K, capacity 46232K, committed 46652K, reserved 1091584K
  class space    used 4916K, capacity 5189K, committed 5268K, reserved 1048576K
2017-04-16T10:01:10.420-0700: 132994.680: [GC (Allocation Failure) Before GC:
Statistics for BinaryTreeDictionary:
------------------------------------
Total Free Space: 193977890
Max   Chunk Size: 1128311
Number of Blocks: 86163
Av.  Block  Size: 2251
Tree      Height: 109
2017-04-16T10:01:10.421-0700: 132994.680: [ParNew
Desired survivor size 102400000 bytes, new threshold 1 (max 1)
- age   1:    6257088 bytes,    6257088 total
: 1607377K->6514K(1800000K), 0.0121570 secs] 9082545K->7483762K(15801024K)After GC:
Statistics for BinaryTreeDictionary:
------------------------------------
Total Free Space: 193872960
Max   Chunk Size: 1128311
Number of Blocks: 86150
Av.  Block  Size: 2250
Tree      Height: 109
, 0.0135696 secs] [Times: user=0.31 sys=0.00, real=0.01 secs] 
Heap after GC invocations=12411 (full 18):
 par new generation   total 1800000K, used 6514K [0x00000003ef600000, 0x0000000469720000, 0x0000000469720000)
  eden space 1600000K,   0% used [0x00000003ef600000, 0x00000003ef600000, 0x0000000451080000)
  from space 200000K,   3% used [0x000000045d3d0000, 0x000000045da2c8c8, 0x0000000469720000)
  to   space 200000K,   0% used [0x0000000451080000, 0x0000000451080000, 0x000000045d3d0000)
 concurrent mark-sweep generation total 14001024K, used 7477248K [0x0000000469720000, 0x00000007c0000000, 0x00000007c0000000)
 Metaspace       used 44934K, capacity 46232K, committed 46652K, reserved 1091584K
  class space    used 4916K, capacity 5189K, committed 5268K, reserved 1048576K
}
2017-04-16T10:01:10.434-0700: 132994.693: Total time for which application threads were stopped: 0.0146759 seconds, Stopping threads took: 0.0001552 seconds
2017-04-16T10:01:11.567-0700: 132995.827: Total time for which application threads were stopped: 0.0009082 seconds, Stopping threads took: 0.0001709 seconds
{Heap before GC invocations=12411 (full 18):
 par new generation   total 1800000K, used 1606514K [0x00000003ef600000, 0x0000000469720000, 0x0000000469720000)
  eden space 1600000K, 100% used [0x00000003ef600000, 0x0000000451080000, 0x0000000451080000)
  from space 200000K,   3% used [0x000000045d3d0000, 0x000000045da2c8c8, 0x0000000469720000)
  to   space 200000K,   0% used [0x0000000451080000, 0x0000000451080000, 0x000000045d3d0000)
 concurrent mark-sweep generation total 14001024K, used 7477248K [0x0000000469720000, 0x00000007c0000000, 0x00000007c0000000)
 Metaspace       used 44934K, capacity 46232K, committed 46652K, reserved 1091584K
  class space    used 4916K, capacity 5189K, committed 5268K, reserved 1048576K
2017-04-16T10:01:23.944-0700: 133008.204: [GC (Allocation Failure) Before GC:
Statistics for BinaryTreeDictionary:
------------------------------------
Total Free Space: 193872960
Max   Chunk Size: 1128311
Number of Blocks: 86150
Av.  Block  Size: 2250
Tree      Height: 109
2017-04-16T10:01:23.945-0700: 133008.204: [ParNew
Desired survivor size 102400000 bytes, new threshold 1 (max 1)
- age   1:    5873392 bytes,    5873392 total
: 1606514K->6401K(1800000K), 0.0120590 secs] 9083762K->7485424K(15801024K)After GC:
Statistics for BinaryTreeDictionary:
------------------------------------
Total Free Space: 193785625
Max   Chunk Size: 1128311
Number of Blocks: 86115
Av.  Block  Size: 2250
Tree      Height: 109
, 0.0134248 secs] [Times: user=0.30 sys=0.00, real=0.01 secs] 
Heap after GC invocations=12412 (full 18):
 par new generation   total 1800000K, used 6401K [0x00000003ef600000, 0x0000000469720000, 0x0000000469720000)
  eden space 1600000K,   0% used [0x00000003ef600000, 0x00000003ef600000, 0x0000000451080000)
  from space 200000K,   3% used [0x0000000451080000, 0x00000004516c06b0, 0x000000045d3d0000)
  to   space 200000K,   0% used [0x000000045d3d0000, 0x000000045d3d0000, 0x0000000469720000)
 concurrent mark-sweep generation total 14001024K, used 7479023K [0x0000000469720000, 0x00000007c0000000, 0x00000007c0000000)
 Metaspace       used 44934K, capacity 46232K, committed 46652K, reserved 1091584K
  class space    used 4916K, capacity 5189K, committed 5268K, reserved 1048576K
}
2017-04-16T10:01:23.958-0700: 133008.217: Total time for which application threads were stopped: 0.0145544 seconds, Stopping threads took: 0.0001530 seconds
{Heap before GC invocations=12412 (full 18):
 par new generation   total 1800000K, used 1606401K [0x00000003ef600000, 0x0000000469720000, 0x0000000469720000)
  eden space 1600000K, 100% used [0x00000003ef600000, 0x0000000451080000, 0x0000000451080000)
  from space 200000K,   3% used [0x0000000451080000, 0x00000004516c06b0, 0x000000045d3d0000)
  to   space 200000K,   0% used [0x000000045d3d0000, 0x000000045d3d0000, 0x0000000469720000)
 concurrent mark-sweep generation total 14001024K, used 7479023K [0x0000000469720000, 0x00000007c0000000, 0x00000007c0000000)
 Metaspace       used 44934K, capacity 46232K, committed 46652K, reserved 1091584K
  class space    used 4916K, capacity 5189K, committed 5268K, reserved 1048576K
2017-04-16T10:01:37.622-0700: 133021.881: [GC (Allocation Failure) Before GC:
Statistics for BinaryTreeDictionary:
------------------------------------
Total Free Space: 193785625
Max   Chunk Size: 1128311
Number of Blocks: 86115
Av.  Block  Size: 2250
Tree      Height: 109
2017-04-16T10:01:37.623-0700: 133021.882: [ParNew
Desired survivor size 102400000 bytes, new threshold 1 (max 1)
- age   1:   13170288 bytes,   13170288 total
: 1606401K->13689K(1800000K), 0.0123867 secs] 9085424K->7493838K(15801024K)After GC:
Statistics for BinaryTreeDictionary:
------------------------------------
Total Free Space: 193775062
Max   Chunk Size: 1128311
Number of Blocks: 86094
Av.  Block  Size: 2250
Tree      Height: 109
, 0.0137560 secs] [Times: user=0.31 sys=0.00, real=0.01 secs] 
Heap after GC invocations=12413 (full 18):
 par new generation   total 1800000K, used 13689K [0x00000003ef600000, 0x0000000469720000, 0x0000000469720000)
  eden space 1600000K,   0% used [0x00000003ef600000, 0x00000003ef600000, 0x0000000451080000)
  from space 200000K,   6% used [0x000000045d3d0000, 0x000000045e12e730, 0x0000000469720000)
  to   space 200000K,   0% used [0x0000000451080000, 0x0000000451080000, 0x000000045d3d0000)
 concurrent mark-sweep generation total 14001024K, used 7480148K [0x0000000469720000, 0x00000007c0000000, 0x00000007c0000000)
 Metaspace       used 44934K, capacity 46232K, committed 46652K, reserved 1091584K
  class space    used 4916K, capacity 5189K, committed 5268K, reserved 1048576K
}
2017-04-16T10:01:37.636-0700: 133021.895: Total time for which application threads were stopped: 0.0148431 seconds, Stopping threads took: 0.0001485 seconds
{Heap before GC invocations=12413 (full 18):
 par new generation   total 1800000K, used 1613689K [0x00000003ef600000, 0x0000000469720000, 0x0000000469720000)
  eden space 1600000K, 100% used [0x00000003ef600000, 0x0000000451080000, 0x0000000451080000)
  from space 200000K,   6% used [0x000000045d3d0000, 0x000000045e12e730, 0x0000000469720000)
  to   space 200000K,   0% used [0x0000000451080000, 0x0000000451080000, 0x000000045d3d0000)
 concurrent mark-sweep generation total 14001024K, used 7480148K [0x0000000469720000, 0x00000007c0000000, 0x00000007c0000000)
 Metaspace       used 44934K, capacity 46232K, committed 46652K, reserved 1091584K
  class space    used 4916K, capacity 5189K, committed 5268K, reserved 1048576K
2017-04-16T10:01:52.055-0700: 133036.315: [GC (Allocation Failure) Before GC:
Statistics for BinaryTreeDictionary:
------------------------------------
Total Free Space: 193775062
Max   Chunk Size: 1128311
Number of Blocks: 86094
Av.  Block  Size: 2250
Tree      Height: 109
2017-04-16T10:01:52.056-0700: 133036.315: [ParNew
Desired survivor size 102400000 bytes, new threshold 1 (max 1)
- age   1:    5918552 bytes,    5918552 total
: 1613689K->9506K(1800000K), 0.0211637 secs] 9093838K->7497918K(15801024K)After GC:
Statistics for BinaryTreeDictionary:
------------------------------------
Total Free Space: 193616142
Max   Chunk Size: 1128311
Number of Blocks: 86069
Av.  Block  Size: 2249
Tree      Height: 109
, 0.0225611 secs] [Times: user=0.32 sys=0.00, real=0.02 secs] 
Heap after GC invocations=12414 (full 18):
 par new generation   total 1800000K, used 9506K [0x00000003ef600000, 0x0000000469720000, 0x0000000469720000)
  eden space 1600000K,   0% used [0x00000003ef600000, 0x00000003ef600000, 0x0000000451080000)
  from space 200000K,   4% used [0x0000000451080000, 0x00000004519c89a8, 0x000000045d3d0000)
  to   space 200000K,   0% used [0x000000045d3d0000, 0x000000045d3d0000, 0x0000000469720000)
 concurrent mark-sweep generation total 14001024K, used 7488412K [0x0000000469720000, 0x00000007c0000000, 0x00000007c0000000)
 Metaspace       used 44934K, capacity 46232K, committed 46652K, reserved 1091584K
  class space    used 4916K, capacity 5189K, committed 5268K, reserved 1048576K
}
2017-04-16T10:01:52.078-0700: 133036.337: Total time for which application threads were stopped: 0.0236532 seconds, Stopping threads took: 0.0001491 seconds
2017-04-16T10:02:05.104-0700: 133049.363: Total time for which application threads were stopped: 0.0021475 seconds, Stopping threads took: 0.0001536 seconds
{Heap before GC invocations=12414 (full 18):
 par new generation   total 1800000K, used 1609506K [0x00000003ef600000, 0x0000000469720000, 0x0000000469720000)
  eden space 1600000K, 100% used [0x00000003ef600000, 0x0000000451080000, 0x0000000451080000)
  from space 200000K,   4% used [0x0000000451080000, 0x00000004519c89a8, 0x000000045d3d0000)
  to   space 200000K,   0% used [0x000000045d3d0000, 0x000000045d3d0000, 0x0000000469720000)
 concurrent mark-sweep generation total 14001024K, used 7488412K [0x0000000469720000, 0x00000007c0000000, 0x00000007c0000000)
 Metaspace       used 44934K, capacity 46232K, committed 46652K, reserved 1091584K
  class space    used 4916K, capacity 5189K, committed 5268K, reserved 1048576K
2017-04-16T10:02:06.734-0700: 133050.993: [GC (Allocation Failure) Before GC:
Statistics for BinaryTreeDictionary:
------------------------------------
Total Free Space: 193616142
Max   Chunk Size: 1128311
Number of Blocks: 86069
Av.  Block  Size: 2249
Tree      Height: 109
2017-04-16T10:02:06.735-0700: 133050.994: [ParNew
Desired survivor size 102400000 bytes, new threshold 1 (max 1)
- age   1:    6430760 bytes,    6430760 total
: 1609506K->7678K(1800000K), 0.0116902 secs] 9097918K->7497225K(15801024K)After GC:
Statistics for BinaryTreeDictionary:
------------------------------------
Total Free Space: 193609626
Max   Chunk Size: 1128311
Number of Blocks: 86056
Av.  Block  Size: 2249
Tree      Height: 109
, 0.0130555 secs] [Times: user=0.29 sys=0.00, real=0.02 secs] 
Heap after GC invocations=12415 (full 18):
 par new generation   total 1800000K, used 7678K [0x00000003ef600000, 0x0000000469720000, 0x0000000469720000)
  eden space 1600000K,   0% used [0x00000003ef600000, 0x00000003ef600000, 0x0000000451080000)
  from space 200000K,   3% used [0x000000045d3d0000, 0x000000045db4f9b0, 0x0000000469720000)
  to   space 200000K,   0% used [0x0000000451080000, 0x0000000451080000, 0x000000045d3d0000)
 concurrent mark-sweep generation total 14001024K, used 7489546K [0x0000000469720000, 0x00000007c0000000, 0x00000007c0000000)
 Metaspace       used 44934K, capacity 46232K, committed 46652K, reserved 1091584K
  class space    used 4916K, capacity 5189K, committed 5268K, reserved 1048576K
}
2017-04-16T10:02:06.747-0700: 133051.007: Total time for which application threads were stopped: 0.0141510 seconds, Stopping threads took: 0.0001580 seconds
{Heap before GC invocations=12415 (full 18):
 par new generation   total 1800000K, used 1607678K [0x00000003ef600000, 0x0000000469720000, 0x0000000469720000)
  eden space 1600000K, 100% used [0x00000003ef600000, 0x0000000451080000, 0x0000000451080000)
  from space 200000K,   3% used [0x000000045d3d0000, 0x000000045db4f9b0, 0x0000000469720000)
  to   space 200000K,   0% used [0x0000000451080000, 0x0000000451080000, 0x000000045d3d0000)
 concurrent mark-sweep generation total 14001024K, used 7489546K [0x0000000469720000, 0x00000007c0000000, 0x00000007c0000000)
 Metaspace       used 44934K, capacity 46232K, committed 46652K, reserved 1091584K
  class space    used 4916K, capacity 5189K, committed 5268K, reserved 1048576K
2017-04-16T10:02:21.420-0700: 133065.679: [GC (Allocation Failure) Before GC:
Statistics for BinaryTreeDictionary:
------------------------------------
Total Free Space: 193609626
Max   Chunk Size: 1128311
Number of Blocks: 86056
Av.  Block  Size: 2249
Tree      Height: 109
2017-04-16T10:02:21.421-0700: 133065.680: [ParNew
Desired survivor size 102400000 bytes, new threshold 1 (max 1)
- age   1:    6507688 bytes,    6507688 total
: 1607678K->6847K(1800000K), 0.0120074 secs] 9097225K->7497813K(15801024K)After GC:
Statistics for BinaryTreeDictionary:
------------------------------------
Total Free Space: 193568264
Max   Chunk Size: 1128311
Number of Blocks: 86039
Av.  Block  Size: 2249
Tree      Height: 109
, 0.0133739 secs] [Times: user=0.30 sys=0.00, real=0.01 secs] 
Heap after GC invocations=12416 (full 18):
 par new generation   total 1800000K, used 6847K [0x00000003ef600000, 0x0000000469720000, 0x0000000469720000)
  eden space 1600000K,   0% used [0x00000003ef600000, 0x00000003ef600000, 0x0000000451080000)
  from space 200000K,   3% used [0x0000000451080000, 0x000000045172fdb0, 0x000000045d3d0000)
  to   space 200000K,   0% used [0x000000045d3d0000, 0x000000045d3d0000, 0x0000000469720000)
 concurrent mark-sweep generation total 14001024K, used 7490966K [0x0000000469720000, 0x00000007c0000000, 0x00000007c0000000)
 Metaspace       used 44934K, capacity 46232K, committed 46652K, reserved 1091584K
  class space    used 4916K, capacity 5189K, committed 5268K, reserved 1048576K
}
2017-04-16T10:02:21.433-0700: 133065.693: Total time for which application threads were stopped: 0.0144704 seconds, Stopping threads took: 0.0001611 seconds
{Heap before GC invocations=12416 (full 18):
 par new generation   total 1800000K, used 1606847K [0x00000003ef600000, 0x0000000469720000, 0x0000000469720000)
  eden space 1600000K, 100% used [0x00000003ef600000, 0x0000000451080000, 0x0000000451080000)
  from space 200000K,   3% used [0x0000000451080000, 0x000000045172fdb0, 0x000000045d3d0000)
  to   space 200000K,   0% used [0x000000045d3d0000, 0x000000045d3d0000, 0x0000000469720000)
 concurrent mark-sweep generation total 14001024K, used 7490966K [0x0000000469720000, 0x00000007c0000000, 0x00000007c0000000)
 Metaspace       used 44934K, capacity 46232K, committed 46652K, reserved 1091584K
  class space    used 4916K, capacity 5189K, committed 5268K, reserved 1048576K
2017-04-16T10:02:35.672-0700: 133079.931: [GC (Allocation Failure) Before GC:
Statistics for BinaryTreeDictionary:
------------------------------------
Total Free Space: 193568264
Max   Chunk Size: 1128311
Number of Blocks: 86039
Av.  Block  Size: 2249
Tree      Height: 109
2017-04-16T10:02:35.673-0700: 133079.932: [ParNew
Desired survivor size 102400000 bytes, new threshold 1 (max 1)
- age   1:    6598472 bytes,    6598472 total
: 1606847K->7120K(1800000K), 0.0122420 secs] 9097813K->7499467K(15801024K)After GC:
Statistics for BinaryTreeDictionary:
------------------------------------
Total Free Space: 193541723
Max   Chunk Size: 1128311
Number of Blocks: 86018
Av.  Block  Size: 2250
Tree      Height: 109
, 0.0135963 secs] [Times: user=0.31 sys=0.00, real=0.01 secs] 
Heap after GC invocations=12417 (full 18):
 par new generation   total 1800000K, used 7120K [0x00000003ef600000, 0x0000000469720000, 0x0000000469720000)
  eden space 1600000K,   0% used [0x00000003ef600000, 0x00000003ef600000, 0x0000000451080000)
  from space 200000K,   3% used [0x000000045d3d0000, 0x000000045dac4178, 0x0000000469720000)
  to   space 200000K,   0% used [0x0000000451080000, 0x0000000451080000, 0x000000045d3d0000)
 concurrent mark-sweep generation total 14001024K, used 7492347K [0x0000000469720000, 0x00000007c0000000, 0x00000007c0000000)
 Metaspace       used 44934K, capacity 46232K, committed 46652K, reserved 1091584K
  class space    used 4916K, capacity 5189K, committed 5268K, reserved 1048576K
}
2017-04-16T10:02:35.686-0700: 133079.945: Total time for which application threads were stopped: 0.0146876 seconds, Stopping threads took: 0.0001484 seconds
2017-04-16T10:02:39.712-0700: 133083.971: Total time for which application threads were stopped: 0.0021576 seconds, Stopping threads took: 0.0001444 seconds
{Heap before GC invocations=12417 (full 18):
 par new generation   total 1800000K, used 1607120K [0x00000003ef600000, 0x0000000469720000, 0x0000000469720000)
  eden space 1600000K, 100% used [0x00000003ef600000, 0x0000000451080000, 0x0000000451080000)
  from space 200000K,   3% used [0x000000045d3d0000, 0x000000045dac4178, 0x0000000469720000)
  to   space 200000K,   0% used [0x0000000451080000, 0x0000000451080000, 0x000000045d3d0000)
 concurrent mark-sweep generation total 14001024K, used 7492347K [0x0000000469720000, 0x00000007c0000000, 0x00000007c0000000)
 Metaspace       used 44934K, capacity 46232K, committed 46652K, reserved 1091584K
  class space    used 4916K, capacity 5189K, committed 5268K, reserved 1048576K
2017-04-16T10:02:47.092-0700: 133091.352: [GC (Allocation Failure) Before GC:
Statistics for BinaryTreeDictionary:
------------------------------------
Total Free Space: 193541723
Max   Chunk Size: 1128311
Number of Blocks: 86018
Av.  Block  Size: 2250
Tree      Height: 109
2017-04-16T10:02:47.093-0700: 133091.352: [ParNew
Desired survivor size 102400000 bytes, new threshold 1 (max 1)
- age   1:    7164376 bytes,    7164376 total
: 1607120K->7788K(1800000K), 0.0117266 secs] 9099467K->7501809K(15801024K)After GC:
Statistics for BinaryTreeDictionary:
------------------------------------
Total Free Space: 193468011
Max   Chunk Size: 1128311
Number of Blocks: 86002
Av.  Block  Size: 2249
Tree      Height: 109
, 0.0131125 secs] [Times: user=0.29 sys=0.00, real=0.01 secs] 
Heap after GC invocations=12418 (full 18):
 par new generation   total 1800000K, used 7788K [0x00000003ef600000, 0x0000000469720000, 0x0000000469720000)
  eden space 1600000K,   0% used [0x00000003ef600000, 0x00000003ef600000, 0x0000000451080000)
  from space 200000K,   3% used [0x0000000451080000, 0x000000045181b0e8, 0x000000045d3d0000)
  to   space 200000K,   0% used [0x000000045d3d0000, 0x000000045d3d0000, 0x0000000469720000)
 concurrent mark-sweep generation total 14001024K, used 7494021K [0x0000000469720000, 0x00000007c0000000, 0x00000007c0000000)
 Metaspace       used 44934K, capacity 46232K, committed 46652K, reserved 1091584K
  class space    used 4916K, capacity 5189K, committed 5268K, reserved 1048576K
}
2017-04-16T10:02:47.106-0700: 133091.365: Total time for which application threads were stopped: 0.0142186 seconds, Stopping threads took: 0.0001627 seconds
{Heap before GC invocations=12418 (full 18):
 par new generation   total 1800000K, used 1607788K [0x00000003ef600000, 0x0000000469720000, 0x0000000469720000)
  eden space 1600000K, 100% used [0x00000003ef600000, 0x0000000451080000, 0x0000000451080000)
  from space 200000K,   3% used [0x0000000451080000, 0x000000045181b0e8, 0x000000045d3d0000)
  to   space 200000K,   0% used [0x000000045d3d0000, 0x000000045d3d0000, 0x0000000469720000)
 concurrent mark-sweep generation total 14001024K, used 7494021K [0x0000000469720000, 0x00000007c0000000, 0x00000007c0000000)
 Metaspace       used 44934K, capacity 46232K, committed 46652K, reserved 1091584K
  class space    used 4916K, capacity 5189K, committed 5268K, reserved 1048576K
2017-04-16T10:03:01.645-0700: 133105.905: [GC (Allocation Failure) Before GC:
Statistics for BinaryTreeDictionary:
------------------------------------
Total Free Space: 193468011
Max   Chunk Size: 1128311
Number of Blocks: 86002
Av.  Block  Size: 2249
Tree      Height: 109
2017-04-16T10:03:01.646-0700: 133105.905: [ParNew
Desired survivor size 102400000 bytes, new threshold 1 (max 1)
- age   1:    6370840 bytes,    6370840 total
: 1607788K->6581K(1800000K), 0.0119140 secs] 9101809K->7503253K(15801024K)After GC:
Statistics for BinaryTreeDictionary:
------------------------------------
Total Free Space: 193245991
Max   Chunk Size: 1128311
Number of Blocks: 85959
Av.  Block  Size: 2248
Tree      Height: 109
, 0.0132499 secs] [Times: user=0.29 sys=0.00, real=0.01 secs] 
Heap after GC invocations=12419 (full 18):
 par new generation   total 1800000K, used 6581K [0x00000003ef600000, 0x0000000469720000, 0x0000000469720000)
  eden space 1600000K,   0% used [0x00000003ef600000, 0x00000003ef600000, 0x0000000451080000)
  from space 200000K,   3% used [0x000000045d3d0000, 0x000000045da3d5f0, 0x0000000469720000)
  to   space 200000K,   0% used [0x0000000451080000, 0x0000000451080000, 0x000000045d3d0000)
 concurrent mark-sweep generation total 14001024K, used 7496672K [0x0000000469720000, 0x00000007c0000000, 0x00000007c0000000)
 Metaspace       used 44934K, capacity 46232K, committed 46652K, reserved 1091584K
  class space    used 4916K, capacity 5189K, committed 5268K, reserved 1048576K
}
2017-04-16T10:03:01.659-0700: 133105.918: Total time for which application threads were stopped: 0.0143460 seconds, Stopping threads took: 0.0001621 seconds
{Heap before GC invocations=12419 (full 18):
 par new generation   total 1800000K, used 1606581K [0x00000003ef600000, 0x0000000469720000, 0x0000000469720000)
  eden space 1600000K, 100% used [0x00000003ef600000, 0x0000000451080000, 0x0000000451080000)
  from space 200000K,   3% used [0x000000045d3d0000, 0x000000045da3d5f0, 0x0000000469720000)
  to   space 200000K,   0% used [0x0000000451080000, 0x0000000451080000, 0x000000045d3d0000)
 concurrent mark-sweep generation total 14001024K, used 7496672K [0x0000000469720000, 0x00000007c0000000, 0x00000007c0000000)
 Metaspace       used 44934K, capacity 46232K, committed 46652K, reserved 1091584K
  class space    used 4916K, capacity 5189K, committed 5268K, reserved 1048576K
2017-04-16T10:03:16.076-0700: 133120.336: [GC (Allocation Failure) Before GC:
Statistics for BinaryTreeDictionary:
------------------------------------
Total Free Space: 193245991
Max   Chunk Size: 1128311
Number of Blocks: 85959
Av.  Block  Size: 2248
Tree      Height: 109
2017-04-16T10:03:16.077-0700: 133120.336: [ParNew
Desired survivor size 102400000 bytes, new threshold 1 (max 1)
- age   1:    6763112 bytes,    6763112 total
: 1606581K->7033K(1800000K), 0.0120632 secs] 9103253K->7505062K(15801024K)After GC:
Statistics for BinaryTreeDictionary:
------------------------------------
Total Free Space: 193205322
Max   Chunk Size: 1128311
Number of Blocks: 85943
Av.  Block  Size: 2248
Tree      Height: 109
, 0.0134338 secs] [Times: user=0.29 sys=0.00, real=0.01 secs] 
Heap after GC invocations=12420 (full 18):
 par new generation   total 1800000K, used 7033K [0x00000003ef600000, 0x0000000469720000, 0x0000000469720000)
  eden space 1600000K,   0% used [0x00000003ef600000, 0x00000003ef600000, 0x0000000451080000)
  from space 200000K,   3% used [0x0000000451080000, 0x000000045175e720, 0x000000045d3d0000)
  to   space 200000K,   0% used [0x000000045d3d0000, 0x000000045d3d0000, 0x0000000469720000)
 concurrent mark-sweep generation total 14001024K, used 7498029K [0x0000000469720000, 0x00000007c0000000, 0x00000007c0000000)
 Metaspace       used 44934K, capacity 46232K, committed 46652K, reserved 1091584K
  class space    used 4916K, capacity 5189K, committed 5268K, reserved 1048576K
}
2017-04-16T10:03:16.090-0700: 133120.349: Total time for which application threads were stopped: 0.0145180 seconds, Stopping threads took: 0.0001497 seconds
{Heap before GC invocations=12420 (full 18):
 par new generation   total 1800000K, used 1607033K [0x00000003ef600000, 0x0000000469720000, 0x0000000469720000)
  eden space 1600000K, 100% used [0x00000003ef600000, 0x0000000451080000, 0x0000000451080000)
  from space 200000K,   3% used [0x0000000451080000, 0x000000045175e720, 0x000000045d3d0000)
  to   space 200000K,   0% used [0x000000045d3d0000, 0x000000045d3d0000, 0x0000000469720000)
 concurrent mark-sweep generation total 14001024K, used 7498029K [0x0000000469720000, 0x00000007c0000000, 0x00000007c0000000)
 Metaspace       used 44934K, capacity 46232K, committed 46652K, reserved 1091584K
  class space    used 4916K, capacity 5189K, committed 5268K, reserved 1048576K
2017-04-16T10:03:31.120-0700: 133135.379: [GC (Allocation Failure) Before GC:
Statistics for BinaryTreeDictionary:
------------------------------------
Total Free Space: 193205322
Max   Chunk Size: 1128311
Number of Blocks: 85943
Av.  Block  Size: 2248
Tree      Height: 109
2017-04-16T10:03:31.120-0700: 133135.380: [ParNew
Desired survivor size 102400000 bytes, new threshold 1 (max 1)
- age   1:    6348320 bytes,    6348320 total
: 1607033K->6786K(1800000K), 0.0118535 secs] 9105062K->7506295K(15801024K)After GC:
Statistics for BinaryTreeDictionary:
------------------------------------
Total Free Space: 193160569
Max   Chunk Size: 1128311
Number of Blocks: 85919
Av.  Block  Size: 2248
Tree      Height: 109
, 0.0131918 secs] [Times: user=0.29 sys=0.00, real=0.01 secs] 
Heap after GC invocations=12421 (full 18):
 par new generation   total 1800000K, used 6786K [0x00000003ef600000, 0x0000000469720000, 0x0000000469720000)
  eden space 1600000K,   0% used [0x00000003ef600000, 0x00000003ef600000, 0x0000000451080000)
  from space 200000K,   3% used [0x000000045d3d0000, 0x000000045da70898, 0x0000000469720000)
  to   space 200000K,   0% used [0x0000000451080000, 0x0000000451080000, 0x000000045d3d0000)
 concurrent mark-sweep generation total 14001024K, used 7499509K [0x0000000469720000, 0x00000007c0000000, 0x00000007c0000000)
 Metaspace       used 44934K, capacity 46232K, committed 46652K, reserved 1091584K
  class space    used 4916K, capacity 5189K, committed 5268K, reserved 1048576K
}
2017-04-16T10:03:31.133-0700: 133135.392: Total time for which application threads were stopped: 0.0142687 seconds, Stopping threads took: 0.0001452 seconds
{Heap before GC invocations=12421 (full 18):
 par new generation   total 1800000K, used 1606786K [0x00000003ef600000, 0x0000000469720000, 0x0000000469720000)
  eden space 1600000K, 100% used [0x00000003ef600000, 0x0000000451080000, 0x0000000451080000)
  from space 200000K,   3% used [0x000000045d3d0000, 0x000000045da70898, 0x0000000469720000)
  to   space 200000K,   0% used [0x0000000451080000, 0x0000000451080000, 0x000000045d3d0000)
 concurrent mark-sweep generation total 14001024K, used 7499509K [0x0000000469720000, 0x00000007c0000000, 0x00000007c0000000)
 Metaspace       used 44934K, capacity 46232K, committed 46652K, reserved 1091584K
  class space    used 4916K, capacity 5189K, committed 5268K, reserved 1048576K
2017-04-16T10:03:46.068-0700: 133150.327: [GC (Allocation Failure) Before GC:
Statistics for BinaryTreeDictionary:
------------------------------------
Total Free Space: 193160569
Max   Chunk Size: 1128311
Number of Blocks: 85919
Av.  Block  Size: 2248
Tree      Height: 109
2017-04-16T10:03:46.068-0700: 133150.328: [ParNew
Desired survivor size 102400000 bytes, new threshold 1 (max 1)
- age   1:    6853576 bytes,    6853576 total
: 1606786K->7307K(1800000K), 0.0117585 secs] 9106295K->7508158K(15801024K)After GC:
Statistics for BinaryTreeDictionary:
------------------------------------
Total Free Space: 193133089
Max   Chunk Size: 1128311
Number of Blocks: 85897
Av.  Block  Size: 2248
Tree      Height: 109
, 0.0131063 secs] [Times: user=0.29 sys=0.00, real=0.02 secs] 
Heap after GC invocations=12422 (full 18):
 par new generation   total 1800000K, used 7307K [0x00000003ef600000, 0x0000000469720000, 0x0000000469720000)
  eden space 1600000K,   0% used [0x00000003ef600000, 0x00000003ef600000, 0x0000000451080000)
  from space 200000K,   3% used [0x0000000451080000, 0x00000004517a2d80, 0x000000045d3d0000)
  to   space 200000K,   0% used [0x000000045d3d0000, 0x000000045d3d0000, 0x0000000469720000)
 concurrent mark-sweep generation total 14001024K, used 7500851K [0x0000000469720000, 0x00000007c0000000, 0x00000007c0000000)
 Metaspace       used 44934K, capacity 46232K, committed 46652K, reserved 1091584K
  class space    used 4916K, capacity 5189K, committed 5268K, reserved 1048576K
}
2017-04-16T10:03:46.081-0700: 133150.340: Total time for which application threads were stopped: 0.0141771 seconds, Stopping threads took: 0.0001523 seconds
{Heap before GC invocations=12422 (full 18):
 par new generation   total 1800000K, used 1607307K [0x00000003ef600000, 0x0000000469720000, 0x0000000469720000)
  eden space 1600000K, 100% used [0x00000003ef600000, 0x0000000451080000, 0x0000000451080000)
  from space 200000K,   3% used [0x0000000451080000, 0x00000004517a2d80, 0x000000045d3d0000)
  to   space 200000K,   0% used [0x000000045d3d0000, 0x000000045d3d0000, 0x0000000469720000)
 concurrent mark-sweep generation total 14001024K, used 7500851K [0x0000000469720000, 0x00000007c0000000, 0x00000007c0000000)
 Metaspace       used 44934K, capacity 46232K, committed 46652K, reserved 1091584K
  class space    used 4916K, capacity 5189K, committed 5268K, reserved 1048576K
2017-04-16T10:04:00.542-0700: 133164.801: [GC (Allocation Failure) Before GC:
Statistics for BinaryTreeDictionary:
------------------------------------
Total Free Space: 193133089
Max   Chunk Size: 1128311
Number of Blocks: 85897
Av.  Block  Size: 2248
Tree      Height: 109
2017-04-16T10:04:00.543-0700: 133164.802: [ParNew
Desired survivor size 102400000 bytes, new threshold 1 (max 1)
- age   1:    6256336 bytes,    6256336 total
: 1607307K->6759K(1800000K), 0.0123653 secs] 9108158K->7508918K(15801024K)After GC:
Statistics for BinaryTreeDictionary:
------------------------------------
Total Free Space: 193107886
Max   Chunk Size: 1128311
Number of Blocks: 85882
Av.  Block  Size: 2248
Tree      Height: 109
, 0.0137517 secs] [Times: user=0.31 sys=0.00, real=0.02 secs] 
Heap after GC invocations=12423 (full 18):
 par new generation   total 1800000K, used 6759K [0x00000003ef600000, 0x0000000469720000, 0x0000000469720000)
  eden space 1600000K,   0% used [0x00000003ef600000, 0x00000003ef600000, 0x0000000451080000)
  from space 200000K,   3% used [0x000000045d3d0000, 0x000000045da69c80, 0x0000000469720000)
  to   space 200000K,   0% used [0x0000000451080000, 0x0000000451080000, 0x000000045d3d0000)
 concurrent mark-sweep generation total 14001024K, used 7502159K [0x0000000469720000, 0x00000007c0000000, 0x00000007c0000000)
 Metaspace       used 44934K, capacity 46232K, committed 46652K, reserved 1091584K
  class space    used 4916K, capacity 5189K, committed 5268K, reserved 1048576K
}
2017-04-16T10:04:00.556-0700: 133164.815: Total time for which application threads were stopped: 0.0148135 seconds, Stopping threads took: 0.0001415 seconds
2017-04-16T10:04:09.596-0700: 133173.856: Total time for which application threads were stopped: 0.0021512 seconds, Stopping threads took: 0.0001475 seconds
2017-04-16T10:04:09.606-0700: 133173.865: Total time for which application threads were stopped: 0.0010504 seconds, Stopping threads took: 0.0000419 seconds
{Heap before GC invocations=12423 (full 18):
 par new generation   total 1800000K, used 1606759K [0x00000003ef600000, 0x0000000469720000, 0x0000000469720000)
  eden space 1600000K, 100% used [0x00000003ef600000, 0x0000000451080000, 0x0000000451080000)
  from space 200000K,   3% used [0x000000045d3d0000, 0x000000045da69c80, 0x0000000469720000)
  to   space 200000K,   0% used [0x0000000451080000, 0x0000000451080000, 0x000000045d3d0000)
 concurrent mark-sweep generation total 14001024K, used 7502159K [0x0000000469720000, 0x00000007c0000000, 0x00000007c0000000)
 Metaspace       used 44934K, capacity 46232K, committed 46652K, reserved 1091584K
  class space    used 4916K, capacity 5189K, committed 5268K, reserved 1048576K
2017-04-16T10:04:12.721-0700: 133176.981: [GC (Allocation Failure) Before GC:
Statistics for BinaryTreeDictionary:
------------------------------------
Total Free Space: 193107886
Max   Chunk Size: 1128311
Number of Blocks: 85882
Av.  Block  Size: 2248
Tree      Height: 109
2017-04-16T10:04:12.722-0700: 133176.981: [ParNew
Desired survivor size 102400000 bytes, new threshold 1 (max 1)
- age   1:    6208552 bytes,    6208552 total
: 1606759K->6748K(1800000K), 0.0119619 secs] 9108918K->7510409K(15801024K)After GC:
Statistics for BinaryTreeDictionary:
------------------------------------
Total Free Space: 193047941
Max   Chunk Size: 1128311
Number of Blocks: 85861
Av.  Block  Size: 2248
Tree      Height: 109
, 0.0133118 secs] [Times: user=0.30 sys=0.00, real=0.02 secs] 
Heap after GC invocations=12424 (full 18):
 par new generation   total 1800000K, used 6748K [0x00000003ef600000, 0x0000000469720000, 0x0000000469720000)
  eden space 1600000K,   0% used [0x00000003ef600000, 0x00000003ef600000, 0x0000000451080000)
  from space 200000K,   3% used [0x0000000451080000, 0x00000004517171d8, 0x000000045d3d0000)
  to   space 200000K,   0% used [0x000000045d3d0000, 0x000000045d3d0000, 0x0000000469720000)
 concurrent mark-sweep generation total 14001024K, used 7503661K [0x0000000469720000, 0x00000007c0000000, 0x00000007c0000000)
 Metaspace       used 44934K, capacity 46232K, committed 46652K, reserved 1091584K
  class space    used 4916K, capacity 5189K, committed 5268K, reserved 1048576K
}
2017-04-16T10:04:12.735-0700: 133176.994: Total time for which application threads were stopped: 0.0144065 seconds, Stopping threads took: 0.0001496 seconds
{Heap before GC invocations=12424 (full 18):
 par new generation   total 1800000K, used 1606748K [0x00000003ef600000, 0x0000000469720000, 0x0000000469720000)
  eden space 1600000K, 100% used [0x00000003ef600000, 0x0000000451080000, 0x0000000451080000)
  from space 200000K,   3% used [0x0000000451080000, 0x00000004517171d8, 0x000000045d3d0000)
  to   space 200000K,   0% used [0x000000045d3d0000, 0x000000045d3d0000, 0x0000000469720000)
 concurrent mark-sweep generation total 14001024K, used 7503661K [0x0000000469720000, 0x00000007c0000000, 0x00000007c0000000)
 Metaspace       used 44934K, capacity 46232K, committed 46652K, reserved 1091584K
  class space    used 4916K, capacity 5189K, committed 5268K, reserved 1048576K
2017-04-16T10:04:27.540-0700: 133191.800: [GC (Allocation Failure) Before GC:
Statistics for BinaryTreeDictionary:
------------------------------------
Total Free Space: 193047941
Max   Chunk Size: 1128311
Number of Blocks: 85861
Av.  Block  Size: 2248
Tree      Height: 109
2017-04-16T10:04:27.541-0700: 133191.800: [ParNew
Desired survivor size 102400000 bytes, new threshold 1 (max 1)
- age   1:    6212720 bytes,    6212720 total
: 1606748K->6574K(1800000K), 0.0120334 secs] 9110409K->7511816K(15801024K)After GC:
Statistics for BinaryTreeDictionary:
------------------------------------
Total Free Space: 192973492
Max   Chunk Size: 1128311
Number of Blocks: 85817
Av.  Block  Size: 2248
Tree      Height: 109
, 0.0133778 secs] [Times: user=0.30 sys=0.00, real=0.01 secs] 
Heap after GC invocations=12425 (full 18):
 par new generation   total 1800000K, used 6574K [0x00000003ef600000, 0x0000000469720000, 0x0000000469720000)
  eden space 1600000K,   0% used [0x00000003ef600000, 0x00000003ef600000, 0x0000000451080000)
  from space 200000K,   3% used [0x000000045d3d0000, 0x000000045da3ba80, 0x0000000469720000)
  to   space 200000K,   0% used [0x0000000451080000, 0x0000000451080000, 0x000000045d3d0000)
 concurrent mark-sweep generation total 14001024K, used 7505242K [0x0000000469720000, 0x00000007c0000000, 0x00000007c0000000)
 Metaspace       used 44934K, capacity 46232K, committed 46652K, reserved 1091584K
  class space    used 4916K, capacity 5189K, committed 5268K, reserved 1048576K
}
2017-04-16T10:04:27.554-0700: 133191.813: Total time for which application threads were stopped: 0.0144695 seconds, Stopping threads took: 0.0001517 seconds
2017-04-16T10:04:37.835-0700: 133202.095: Total time for which application threads were stopped: 0.0009181 seconds, Stopping threads took: 0.0001931 seconds
2017-04-16T10:04:37.841-0700: 133202.100: Total time for which application threads were stopped: 0.0006232 seconds, Stopping threads took: 0.0000445 seconds
2017-04-16T10:04:37.841-0700: 133202.100: Total time for which application threads were stopped: 0.0003342 seconds, Stopping threads took: 0.0000281 seconds
2017-04-16T10:04:37.841-0700: 133202.101: Total time for which application threads were stopped: 0.0003330 seconds, Stopping threads took: 0.0000281 seconds
2017-04-16T10:04:38.327-0700: 133202.587: Total time for which application threads were stopped: 0.0009164 seconds, Stopping threads took: 0.0001850 seconds
2017-04-16T10:04:38.333-0700: 133202.592: Total time for which application threads were stopped: 0.0007633 seconds, Stopping threads took: 0.0000953 seconds
2017-04-16T10:04:38.333-0700: 133202.592: Total time for which application threads were stopped: 0.0004469 seconds, Stopping threads took: 0.0001349 seconds
2017-04-16T10:04:38.361-0700: 133202.621: Total time for which application threads were stopped: 0.0007538 seconds, Stopping threads took: 0.0001307 seconds
2017-04-16T10:04:38.369-0700: 133202.628: Total time for which application threads were stopped: 0.0011564 seconds, Stopping threads took: 0.0005287 seconds
2017-04-16T10:04:38.369-0700: 133202.629: Total time for which application threads were stopped: 0.0003819 seconds, Stopping threads took: 0.0000585 seconds
2017-04-16T10:04:38.456-0700: 133202.716: Total time for which application threads were stopped: 0.0009291 seconds, Stopping threads took: 0.0001876 seconds
2017-04-16T10:04:38.461-0700: 133202.721: Total time for which application threads were stopped: 0.0007030 seconds, Stopping threads took: 0.0000607 seconds
2017-04-16T10:04:38.462-0700: 133202.721: Total time for which application threads were stopped: 0.0003696 seconds, Stopping threads took: 0.0000502 seconds
2017-04-16T10:04:38.637-0700: 133202.896: Total time for which application threads were stopped: 0.0009495 seconds, Stopping threads took: 0.0001904 seconds
2017-04-16T10:04:38.642-0700: 133202.901: Total time for which application threads were stopped: 0.0007246 seconds, Stopping threads took: 0.0000701 seconds
2017-04-16T10:04:38.642-0700: 133202.901: Total time for which application threads were stopped: 0.0003661 seconds, Stopping threads took: 0.0000508 seconds
{Heap before GC invocations=12425 (full 18):
 par new generation   total 1800000K, used 1606574K [0x00000003ef600000, 0x0000000469720000, 0x0000000469720000)
  eden space 1600000K, 100% used [0x00000003ef600000, 0x0000000451080000, 0x0000000451080000)
  from space 200000K,   3% used [0x000000045d3d0000, 0x000000045da3ba80, 0x0000000469720000)
  to   space 200000K,   0% used [0x0000000451080000, 0x0000000451080000, 0x000000045d3d0000)
 concurrent mark-sweep generation total 14001024K, used 7505242K [0x0000000469720000, 0x00000007c0000000, 0x00000007c0000000)
 Metaspace       used 44934K, capacity 46232K, committed 46652K, reserved 1091584K
  class space    used 4916K, capacity 5189K, committed 5268K, reserved 1048576K
2017-04-16T10:04:39.102-0700: 133203.361: [GC (Allocation Failure) Before GC:
Statistics for BinaryTreeDictionary:
------------------------------------
Total Free Space: 192973492
Max   Chunk Size: 1128311
Number of Blocks: 85817
Av.  Block  Size: 2248
Tree      Height: 109
2017-04-16T10:04:39.103-0700: 133203.362: [ParNew
Desired survivor size 102400000 bytes, new threshold 1 (max 1)
- age   1:    9220256 bytes,    9220256 total
: 1606574K->9592K(1800000K), 0.0119935 secs] 9111816K->7516162K(15801024K)After GC:
Statistics for BinaryTreeDictionary:
------------------------------------
Total Free Space: 192948730
Max   Chunk Size: 1128311
Number of Blocks: 85800
Av.  Block  Size: 2248
Tree      Height: 109
, 0.0133043 secs] [Times: user=0.30 sys=0.00, real=0.01 secs] 
Heap after GC invocations=12426 (full 18):
 par new generation   total 1800000K, used 9592K [0x00000003ef600000, 0x0000000469720000, 0x0000000469720000)
  eden space 1600000K,   0% used [0x00000003ef600000, 0x00000003ef600000, 0x0000000451080000)
  from space 200000K,   4% used [0x0000000451080000, 0x00000004519de1e8, 0x000000045d3d0000)
  to   space 200000K,   0% used [0x000000045d3d0000, 0x000000045d3d0000, 0x0000000469720000)
 concurrent mark-sweep generation total 14001024K, used 7506570K [0x0000000469720000, 0x00000007c0000000, 0x00000007c0000000)
 Metaspace       used 44934K, capacity 46232K, committed 46652K, reserved 1091584K
  class space    used 4916K, capacity 5189K, committed 5268K, reserved 1048576K
}
2017-04-16T10:04:39.116-0700: 133203.375: Total time for which application threads were stopped: 0.0144496 seconds, Stopping threads took: 0.0001592 seconds
{Heap before GC invocations=12426 (full 18):
 par new generation   total 1800000K, used 1609592K [0x00000003ef600000, 0x0000000469720000, 0x0000000469720000)
  eden space 1600000K, 100% used [0x00000003ef600000, 0x0000000451080000, 0x0000000451080000)
  from space 200000K,   4% used [0x0000000451080000, 0x00000004519de1e8, 0x000000045d3d0000)
  to   space 200000K,   0% used [0x000000045d3d0000, 0x000000045d3d0000, 0x0000000469720000)
 concurrent mark-sweep generation total 14001024K, used 7506570K [0x0000000469720000, 0x00000007c0000000, 0x00000007c0000000)
 Metaspace       used 44934K, capacity 46232K, committed 46652K, reserved 1091584K
  class space    used 4916K, capacity 5189K, committed 5268K, reserved 1048576K
2017-04-16T10:04:48.008-0700: 133212.267: [GC (Allocation Failure) Before GC:
Statistics for BinaryTreeDictionary:
------------------------------------
Total Free Space: 192948730
Max   Chunk Size: 1128311
Number of Blocks: 85800
Av.  Block  Size: 2248
Tree      Height: 109
2017-04-16T10:04:48.008-0700: 133212.268: [ParNew
Desired survivor size 102400000 bytes, new threshold 1 (max 1)
- age   1:   15829960 bytes,   15829960 total
: 1609592K->16242K(1800000K), 0.0124276 secs] 9116162K->7526468K(15801024K)After GC:
Statistics for BinaryTreeDictionary:
------------------------------------
Total Free Space: 192608336
Max   Chunk Size: 1128311
Number of Blocks: 85755
Av.  Block  Size: 2246
Tree      Height: 109
, 0.0137938 secs] [Times: user=0.31 sys=0.00, real=0.02 secs] 
Heap after GC invocations=12427 (full 18):
 par new generation   total 1800000K, used 16242K [0x00000003ef600000, 0x0000000469720000, 0x0000000469720000)
  eden space 1600000K,   0% used [0x00000003ef600000, 0x00000003ef600000, 0x0000000451080000)
  from space 200000K,   8% used [0x000000045d3d0000, 0x000000045e3ac988, 0x0000000469720000)
  to   space 200000K,   0% used [0x0000000451080000, 0x0000000451080000, 0x000000045d3d0000)
 concurrent mark-sweep generation total 14001024K, used 7510226K [0x0000000469720000, 0x00000007c0000000, 0x00000007c0000000)
 Metaspace       used 44934K, capacity 46232K, committed 46652K, reserved 1091584K
  class space    used 4916K, capacity 5189K, committed 5268K, reserved 1048576K
}
2017-04-16T10:04:48.022-0700: 133212.281: Total time for which application threads were stopped: 0.0148879 seconds, Stopping threads took: 0.0001506 seconds
2017-04-16T10:04:58.035-0700: 133222.294: Total time for which application threads were stopped: 0.0009153 seconds, Stopping threads took: 0.0001800 seconds
2017-04-16T10:04:58.040-0700: 133222.299: Total time for which application threads were stopped: 0.0006573 seconds, Stopping threads took: 0.0000520 seconds
2017-04-16T10:04:58.040-0700: 133222.299: Total time for which application threads were stopped: 0.0003378 seconds, Stopping threads took: 0.0000308 seconds
{Heap before GC invocations=12427 (full 18):
 par new generation   total 1800000K, used 1616242K [0x00000003ef600000, 0x0000000469720000, 0x0000000469720000)
  eden space 1600000K, 100% used [0x00000003ef600000, 0x0000000451080000, 0x0000000451080000)
  from space 200000K,   8% used [0x000000045d3d0000, 0x000000045e3ac988, 0x0000000469720000)
  to   space 200000K,   0% used [0x0000000451080000, 0x0000000451080000, 0x000000045d3d0000)
 concurrent mark-sweep generation total 14001024K, used 7510226K [0x0000000469720000, 0x00000007c0000000, 0x00000007c0000000)
 Metaspace       used 44934K, capacity 46232K, committed 46652K, reserved 1091584K
  class space    used 4916K, capacity 5189K, committed 5268K, reserved 1048576K
2017-04-16T10:05:02.103-0700: 133226.362: [GC (Allocation Failure) Before GC:
Statistics for BinaryTreeDictionary:
------------------------------------
Total Free Space: 192608336
Max   Chunk Size: 1128311
Number of Blocks: 85755
Av.  Block  Size: 2246
Tree      Height: 109
2017-04-16T10:05:02.104-0700: 133226.363: [ParNew
Desired survivor size 102400000 bytes, new threshold 1 (max 1)
- age   1:    9339616 bytes,    9339616 total
: 1616242K->10103K(1800000K), 0.0136452 secs] 9126468K->7524383K(15801024K)After GC:
Statistics for BinaryTreeDictionary:
------------------------------------
Total Free Space: 192293469
Max   Chunk Size: 1128311
Number of Blocks: 85748
Av.  Block  Size: 2242
Tree      Height: 109
, 0.0150123 secs] [Times: user=0.33 sys=0.00, real=0.01 secs] 
Heap after GC invocations=12428 (full 18):
 par new generation   total 1800000K, used 10103K [0x00000003ef600000, 0x0000000469720000, 0x0000000469720000)
  eden space 1600000K,   0% used [0x00000003ef600000, 0x00000003ef600000, 0x0000000451080000)
  from space 200000K,   5% used [0x0000000451080000, 0x0000000451a5dd08, 0x000000045d3d0000)
  to   space 200000K,   0% used [0x000000045d3d0000, 0x000000045d3d0000, 0x0000000469720000)
 concurrent mark-sweep generation total 14001024K, used 7514280K [0x0000000469720000, 0x00000007c0000000, 0x00000007c0000000)
 Metaspace       used 44934K, capacity 46232K, committed 46652K, reserved 1091584K
  class space    used 4916K, capacity 5189K, committed 5268K, reserved 1048576K
}
2017-04-16T10:05:02.118-0700: 133226.378: Total time for which application threads were stopped: 0.0161281 seconds, Stopping threads took: 0.0001689 seconds
2017-04-16T10:05:05.197-0700: 133229.456: Total time for which application threads were stopped: 0.0022031 seconds, Stopping threads took: 0.0001471 seconds
{Heap before GC invocations=12428 (full 18):
 par new generation   total 1800000K, used 1610103K [0x00000003ef600000, 0x0000000469720000, 0x0000000469720000)
  eden space 1600000K, 100% used [0x00000003ef600000, 0x0000000451080000, 0x0000000451080000)
  from space 200000K,   5% used [0x0000000451080000, 0x0000000451a5dd08, 0x000000045d3d0000)
  to   space 200000K,   0% used [0x000000045d3d0000, 0x000000045d3d0000, 0x0000000469720000)
 concurrent mark-sweep generation total 14001024K, used 7514280K [0x0000000469720000, 0x00000007c0000000, 0x00000007c0000000)
 Metaspace       used 44934K, capacity 46232K, committed 46652K, reserved 1091584K
  class space    used 4916K, capacity 5189K, committed 5268K, reserved 1048576K
2017-04-16T10:05:16.165-0700: 133240.424: [GC (Allocation Failure) Before GC:
Statistics for BinaryTreeDictionary:
------------------------------------
Total Free Space: 192293469
Max   Chunk Size: 1128311
Number of Blocks: 85748
Av.  Block  Size: 2242
Tree      Height: 109
2017-04-16T10:05:16.166-0700: 133240.425: [ParNew
Desired survivor size 102400000 bytes, new threshold 1 (max 1)
- age   1:    8050784 bytes,    8050784 total
: 1610103K->9415K(1800000K), 0.0157888 secs] 9124383K->7527038K(15801024K)After GC:
Statistics for BinaryTreeDictionary:
------------------------------------
Total Free Space: 192248983
Max   Chunk Size: 1128311
Number of Blocks: 85724
Av.  Block  Size: 2242
Tree      Height: 109
, 0.0171473 secs] [Times: user=0.34 sys=0.00, real=0.01 secs] 
Heap after GC invocations=12429 (full 18):
 par new generation   total 1800000K, used 9415K [0x00000003ef600000, 0x0000000469720000, 0x0000000469720000)
  eden space 1600000K,   0% used [0x00000003ef600000, 0x00000003ef600000, 0x0000000451080000)
  from space 200000K,   4% used [0x000000045d3d0000, 0x000000045dd01f18, 0x0000000469720000)
  to   space 200000K,   0% used [0x0000000451080000, 0x0000000451080000, 0x000000045d3d0000)
 concurrent mark-sweep generation total 14001024K, used 7517622K [0x0000000469720000, 0x00000007c0000000, 0x00000007c0000000)
 Metaspace       used 44934K, capacity 46232K, committed 46652K, reserved 1091584K
  class space    used 4916K, capacity 5189K, committed 5268K, reserved 1048576K
}
2017-04-16T10:05:16.182-0700: 133240.442: Total time for which application threads were stopped: 0.0182351 seconds, Stopping threads took: 0.0001578 seconds
{Heap before GC invocations=12429 (full 18):
 par new generation   total 1800000K, used 1609415K [0x00000003ef600000, 0x0000000469720000, 0x0000000469720000)
  eden space 1600000K, 100% used [0x00000003ef600000, 0x0000000451080000, 0x0000000451080000)
  from space 200000K,   4% used [0x000000045d3d0000, 0x000000045dd01f18, 0x0000000469720000)
  to   space 200000K,   0% used [0x0000000451080000, 0x0000000451080000, 0x000000045d3d0000)
 concurrent mark-sweep generation total 14001024K, used 7517622K [0x0000000469720000, 0x00000007c0000000, 0x00000007c0000000)
 Metaspace       used 44934K, capacity 46232K, committed 46652K, reserved 1091584K
  class space    used 4916K, capacity 5189K, committed 5268K, reserved 1048576K
2017-04-16T10:05:30.675-0700: 133254.934: [GC (Allocation Failure) Before GC:
Statistics for BinaryTreeDictionary:
------------------------------------
Total Free Space: 192248983
Max   Chunk Size: 1128311
Number of Blocks: 85724
Av.  Block  Size: 2242
Tree      Height: 109
2017-04-16T10:05:30.675-0700: 133254.935: [ParNew
Desired survivor size 102400000 bytes, new threshold 1 (max 1)
- age   1:    6219208 bytes,    6219208 total
: 1609415K->6766K(1800000K), 0.0133722 secs] 9127038K->7527497K(15801024K)After GC:
Statistics for BinaryTreeDictionary:
------------------------------------
Total Free Space: 192067611
Max   Chunk Size: 1128311
Number of Blocks: 85682
Av.  Block  Size: 2241
Tree      Height: 109
, 0.0147047 secs] [Times: user=0.30 sys=0.00, real=0.02 secs] 
Heap after GC invocations=12430 (full 18):
 par new generation   total 1800000K, used 6766K [0x00000003ef600000, 0x0000000469720000, 0x0000000469720000)
  eden space 1600000K,   0% used [0x00000003ef600000, 0x00000003ef600000, 0x0000000451080000)
  from space 200000K,   3% used [0x0000000451080000, 0x000000045171b918, 0x000000045d3d0000)
  to   space 200000K,   0% used [0x000000045d3d0000, 0x000000045d3d0000, 0x0000000469720000)
 concurrent mark-sweep generation total 14001024K, used 7520731K [0x0000000469720000, 0x00000007c0000000, 0x00000007c0000000)
 Metaspace       used 44934K, capacity 46232K, committed 46652K, reserved 1091584K
  class space    used 4916K, capacity 5189K, committed 5268K, reserved 1048576K
}
2017-04-16T10:05:30.690-0700: 133254.949: Total time for which application threads were stopped: 0.0157914 seconds, Stopping threads took: 0.0001516 seconds
2017-04-16T10:05:39.727-0700: 133263.986: Total time for which application threads were stopped: 0.0021159 seconds, Stopping threads took: 0.0001483 seconds
{Heap before GC invocations=12430 (full 18):
 par new generation   total 1800000K, used 1606766K [0x00000003ef600000, 0x0000000469720000, 0x0000000469720000)
  eden space 1600000K, 100% used [0x00000003ef600000, 0x0000000451080000, 0x0000000451080000)
  from space 200000K,   3% used [0x0000000451080000, 0x000000045171b918, 0x000000045d3d0000)
  to   space 200000K,   0% used [0x000000045d3d0000, 0x000000045d3d0000, 0x0000000469720000)
 concurrent mark-sweep generation total 14001024K, used 7520731K [0x0000000469720000, 0x00000007c0000000, 0x00000007c0000000)
 Metaspace       used 44934K, capacity 46232K, committed 46652K, reserved 1091584K
  class space    used 4916K, capacity 5189K, committed 5268K, reserved 1048576K
2017-04-16T10:05:42.025-0700: 133266.284: [GC (Allocation Failure) Before GC:
Statistics for BinaryTreeDictionary:
------------------------------------
Total Free Space: 192067611
Max   Chunk Size: 1128311
Number of Blocks: 85682
Av.  Block  Size: 2241
Tree      Height: 109
2017-04-16T10:05:42.025-0700: 133266.285: [ParNew
Desired survivor size 102400000 bytes, new threshold 1 (max 1)
- age   1:    8698664 bytes,    8698664 total
: 1606766K->9035K(1800000K), 0.0138101 secs] 9127497K->7531583K(15801024K)After GC:
Statistics for BinaryTreeDictionary:
------------------------------------
Total Free Space: 192007762
Max   Chunk Size: 1128311
Number of Blocks: 85658
Av.  Block  Size: 2241
Tree      Height: 109
, 0.0151713 secs] [Times: user=0.32 sys=0.00, real=0.02 secs] 
Heap after GC invocations=12431 (full 18):
 par new generation   total 1800000K, used 9035K [0x00000003ef600000, 0x0000000469720000, 0x0000000469720000)
  eden space 1600000K,   0% used [0x00000003ef600000, 0x00000003ef600000, 0x0000000451080000)
  from space 200000K,   4% used [0x000000045d3d0000, 0x000000045dca2e60, 0x0000000469720000)
  to   space 200000K,   0% used [0x0000000451080000, 0x0000000451080000, 0x000000045d3d0000)
 concurrent mark-sweep generation total 14001024K, used 7522547K [0x0000000469720000, 0x00000007c0000000, 0x00000007c0000000)
 Metaspace       used 44934K, capacity 46232K, committed 46652K, reserved 1091584K
  class space    used 4916K, capacity 5189K, committed 5268K, reserved 1048576K
}
2017-04-16T10:05:42.040-0700: 133266.299: Total time for which application threads were stopped: 0.0162736 seconds, Stopping threads took: 0.0001492 seconds
{Heap before GC invocations=12431 (full 18):
 par new generation   total 1800000K, used 1609035K [0x00000003ef600000, 0x0000000469720000, 0x0000000469720000)
  eden space 1600000K, 100% used [0x00000003ef600000, 0x0000000451080000, 0x0000000451080000)
  from space 200000K,   4% used [0x000000045d3d0000, 0x000000045dca2e60, 0x0000000469720000)
  to   space 200000K,   0% used [0x0000000451080000, 0x0000000451080000, 0x000000045d3d0000)
 concurrent mark-sweep generation total 14001024K, used 7522547K [0x0000000469720000, 0x00000007c0000000, 0x00000007c0000000)
 Metaspace       used 44934K, capacity 46232K, committed 46652K, reserved 1091584K
  class space    used 4916K, capacity 5189K, committed 5268K, reserved 1048576K
2017-04-16T10:05:56.254-0700: 133280.514: [GC (Allocation Failure) Before GC:
Statistics for BinaryTreeDictionary:
------------------------------------
Total Free Space: 192007762
Max   Chunk Size: 1128311
Number of Blocks: 85658
Av.  Block  Size: 2241
Tree      Height: 109
2017-04-16T10:05:56.255-0700: 133280.514: [ParNew
Desired survivor size 102400000 bytes, new threshold 1 (max 1)
- age   1:    8478160 bytes,    8478160 total
: 1609035K->9445K(1800000K), 0.0155091 secs] 9131583K->7535188K(15801024K)After GC:
Statistics for BinaryTreeDictionary:
------------------------------------
Total Free Space: 191935876
Max   Chunk Size: 1128311
Number of Blocks: 85618
Av.  Block  Size: 2241
Tree      Height: 109
, 0.0168506 secs] [Times: user=0.33 sys=0.00, real=0.02 secs] 
Heap after GC invocations=12432 (full 18):
 par new generation   total 1800000K, used 9445K [0x00000003ef600000, 0x0000000469720000, 0x0000000469720000)
  eden space 1600000K,   0% used [0x00000003ef600000, 0x00000003ef600000, 0x0000000451080000)
  from space 200000K,   4% used [0x0000000451080000, 0x00000004519b9650, 0x000000045d3d0000)
  to   space 200000K,   0% used [0x000000045d3d0000, 0x000000045d3d0000, 0x0000000469720000)
 concurrent mark-sweep generation total 14001024K, used 7525743K [0x0000000469720000, 0x00000007c0000000, 0x00000007c0000000)
 Metaspace       used 44934K, capacity 46232K, committed 46652K, reserved 1091584K
  class space    used 4916K, capacity 5189K, committed 5268K, reserved 1048576K
}
2017-04-16T10:05:56.271-0700: 133280.531: Total time for which application threads were stopped: 0.0179626 seconds, Stopping threads took: 0.0001622 seconds
{Heap before GC invocations=12432 (full 18):
 par new generation   total 1800000K, used 1609445K [0x00000003ef600000, 0x0000000469720000, 0x0000000469720000)
  eden space 1600000K, 100% used [0x00000003ef600000, 0x0000000451080000, 0x0000000451080000)
  from space 200000K,   4% used [0x0000000451080000, 0x00000004519b9650, 0x000000045d3d0000)
  to   space 200000K,   0% used [0x000000045d3d0000, 0x000000045d3d0000, 0x0000000469720000)
 concurrent mark-sweep generation total 14001024K, used 7525743K [0x0000000469720000, 0x00000007c0000000, 0x00000007c0000000)
 Metaspace       used 44934K, capacity 46232K, committed 46652K, reserved 1091584K
  class space    used 4916K, capacity 5189K, committed 5268K, reserved 1048576K
2017-04-16T10:06:10.877-0700: 133295.136: [GC (Allocation Failure) Before GC:
Statistics for BinaryTreeDictionary:
------------------------------------
Total Free Space: 191935876
Max   Chunk Size: 1128311
Number of Blocks: 85618
Av.  Block  Size: 2241
Tree      Height: 109
2017-04-16T10:06:10.878-0700: 133295.137: [ParNew
Desired survivor size 102400000 bytes, new threshold 1 (max 1)
- age   1:    6198432 bytes,    6198432 total
: 1609445K->7306K(1800000K), 0.0132928 secs] 9135188K->7534972K(15801024K)After GC:
Statistics for BinaryTreeDictionary:
------------------------------------
Total Free Space: 191909045
Max   Chunk Size: 1128311
Number of Blocks: 85595
Av.  Block  Size: 2242
Tree      Height: 109
, 0.0146534 secs] [Times: user=0.30 sys=0.00, real=0.01 secs] 
Heap after GC invocations=12433 (full 18):
 par new generation   total 1800000K, used 7306K [0x00000003ef600000, 0x0000000469720000, 0x0000000469720000)
  eden space 1600000K,   0% used [0x00000003ef600000, 0x00000003ef600000, 0x0000000451080000)
  from space 200000K,   3% used [0x000000045d3d0000, 0x000000045daf2a18, 0x0000000469720000)
  to   space 200000K,   0% used [0x0000000451080000, 0x0000000451080000, 0x000000045d3d0000)
 concurrent mark-sweep generation total 14001024K, used 7527666K [0x0000000469720000, 0x00000007c0000000, 0x00000007c0000000)
 Metaspace       used 44934K, capacity 46232K, committed 46652K, reserved 1091584K
  class space    used 4916K, capacity 5189K, committed 5268K, reserved 1048576K
}
2017-04-16T10:06:10.892-0700: 133295.151: Total time for which application threads were stopped: 0.0157303 seconds, Stopping threads took: 0.0001512 seconds
{Heap before GC invocations=12433 (full 18):
 par new generation   total 1800000K, used 1607306K [0x00000003ef600000, 0x0000000469720000, 0x0000000469720000)
  eden space 1600000K, 100% used [0x00000003ef600000, 0x0000000451080000, 0x0000000451080000)
  from space 200000K,   3% used [0x000000045d3d0000, 0x000000045daf2a18, 0x0000000469720000)
  to   space 200000K,   0% used [0x0000000451080000, 0x0000000451080000, 0x000000045d3d0000)
 concurrent mark-sweep generation total 14001024K, used 7527666K [0x0000000469720000, 0x00000007c0000000, 0x00000007c0000000)
 Metaspace       used 44934K, capacity 46232K, committed 46652K, reserved 1091584K
  class space    used 4916K, capacity 5189K, committed 5268K, reserved 1048576K
2017-04-16T10:06:25.473-0700: 133309.733: [GC (Allocation Failure) Before GC:
Statistics for BinaryTreeDictionary:
------------------------------------
Total Free Space: 191909045
Max   Chunk Size: 1128311
Number of Blocks: 85595
Av.  Block  Size: 2242
Tree      Height: 109
2017-04-16T10:06:25.474-0700: 133309.733: [ParNew
Desired survivor size 102400000 bytes, new threshold 1 (max 1)
- age   1:    7563280 bytes,    7563280 total
: 1607306K->7847K(1800000K), 0.0132475 secs] 9134972K->7536966K(15801024K)After GC:
Statistics for BinaryTreeDictionary:
------------------------------------
Total Free Space: 191865687
Max   Chunk Size: 1128311
Number of Blocks: 85576
Av.  Block  Size: 2242
Tree      Height: 109
, 0.0145860 secs] [Times: user=0.32 sys=0.00, real=0.02 secs] 
Heap after GC invocations=12434 (full 18):
 par new generation   total 1800000K, used 7847K [0x00000003ef600000, 0x0000000469720000, 0x0000000469720000)
  eden space 1600000K,   0% used [0x00000003ef600000, 0x00000003ef600000, 0x0000000451080000)
  from space 200000K,   3% used [0x0000000451080000, 0x0000000451829e80, 0x000000045d3d0000)
  to   space 200000K,   0% used [0x000000045d3d0000, 0x000000045d3d0000, 0x0000000469720000)
 concurrent mark-sweep generation total 14001024K, used 7529118K [0x0000000469720000, 0x00000007c0000000, 0x00000007c0000000)
 Metaspace       used 44934K, capacity 46232K, committed 46652K, reserved 1091584K
  class space    used 4916K, capacity 5189K, committed 5268K, reserved 1048576K
}
2017-04-16T10:06:25.488-0700: 133309.748: Total time for which application threads were stopped: 0.0156904 seconds, Stopping threads took: 0.0001638 seconds
{Heap before GC invocations=12434 (full 18):
 par new generation   total 1800000K, used 1607847K [0x00000003ef600000, 0x0000000469720000, 0x0000000469720000)
  eden space 1600000K, 100% used [0x00000003ef600000, 0x0000000451080000, 0x0000000451080000)
  from space 200000K,   3% used [0x0000000451080000, 0x0000000451829e80, 0x000000045d3d0000)
  to   space 200000K,   0% used [0x000000045d3d0000, 0x000000045d3d0000, 0x0000000469720000)
 concurrent mark-sweep generation total 14001024K, used 7529118K [0x0000000469720000, 0x00000007c0000000, 0x00000007c0000000)
 Metaspace       used 44934K, capacity 46232K, committed 46652K, reserved 1091584K
  class space    used 4916K, capacity 5189K, committed 5268K, reserved 1048576K
2017-04-16T10:06:38.859-0700: 133323.118: [GC (Allocation Failure) Before GC:
Statistics for BinaryTreeDictionary:
------------------------------------
Total Free Space: 191865687
Max   Chunk Size: 1128311
Number of Blocks: 85576
Av.  Block  Size: 2242
Tree      Height: 109
2017-04-16T10:06:38.860-0700: 133323.119: [ParNew
Desired survivor size 102400000 bytes, new threshold 1 (max 1)
- age   1:   15241304 bytes,   15241304 total
: 1607847K->15732K(1800000K), 0.0142584 secs] 9136966K->7546542K(15801024K)After GC:
Statistics for BinaryTreeDictionary:
------------------------------------
Total Free Space: 191851335
Max   Chunk Size: 1128311
Number of Blocks: 85545
Av.  Block  Size: 2242
Tree      Height: 109
, 0.0156432 secs] [Times: user=0.33 sys=0.00, real=0.01 secs] 
Heap after GC invocations=12435 (full 18):
 par new generation   total 1800000K, used 15732K [0x00000003ef600000, 0x0000000469720000, 0x0000000469720000)
  eden space 1600000K,   0% used [0x00000003ef600000, 0x00000003ef600000, 0x0000000451080000)
  from space 200000K,   7% used [0x000000045d3d0000, 0x000000045e32d0c8, 0x0000000469720000)
  to   space 200000K,   0% used [0x0000000451080000, 0x0000000451080000, 0x000000045d3d0000)
 concurrent mark-sweep generation total 14001024K, used 7530810K [0x0000000469720000, 0x00000007c0000000, 0x00000007c0000000)
 Metaspace       used 44934K, capacity 46232K, committed 46652K, reserved 1091584K
  class space    used 4916K, capacity 5189K, committed 5268K, reserved 1048576K
}
2017-04-16T10:06:38.875-0700: 133323.134: Total time for which application threads were stopped: 0.0167287 seconds, Stopping threads took: 0.0001513 seconds
2017-04-16T10:06:39.876-0700: 133324.135: Total time for which application threads were stopped: 0.0008480 seconds, Stopping threads took: 0.0001472 seconds
2017-04-16T10:06:45.877-0700: 133330.136: Total time for which application threads were stopped: 0.0008563 seconds, Stopping threads took: 0.0001484 seconds
{Heap before GC invocations=12435 (full 18):
 par new generation   total 1800000K, used 1615732K [0x00000003ef600000, 0x0000000469720000, 0x0000000469720000)
  eden space 1600000K, 100% used [0x00000003ef600000, 0x0000000451080000, 0x0000000451080000)
  from space 200000K,   7% used [0x000000045d3d0000, 0x000000045e32d0c8, 0x0000000469720000)
  to   space 200000K,   0% used [0x0000000451080000, 0x0000000451080000, 0x000000045d3d0000)
 concurrent mark-sweep generation total 14001024K, used 7530810K [0x0000000469720000, 0x00000007c0000000, 0x00000007c0000000)
 Metaspace       used 44934K, capacity 46232K, committed 46652K, reserved 1091584K
  class space    used 4916K, capacity 5189K, committed 5268K, reserved 1048576K
2017-04-16T10:06:53.417-0700: 133337.677: [GC (Allocation Failure) Before GC:
Statistics for BinaryTreeDictionary:
------------------------------------
Total Free Space: 191851335
Max   Chunk Size: 1128311
Number of Blocks: 85545
Av.  Block  Size: 2242
Tree      Height: 109
2017-04-16T10:06:53.418-0700: 133337.677: [ParNew
Desired survivor size 102400000 bytes, new threshold 1 (max 1)
- age   1:    6311880 bytes,    6311880 total
: 1615732K->9664K(1800000K), 0.0218727 secs] 9146542K->7550493K(15801024K)After GC:
Statistics for BinaryTreeDictionary:
------------------------------------
Total Free Space: 191532518
Max   Chunk Size: 1128311
Number of Blocks: 85529
Av.  Block  Size: 2239
Tree      Height: 109
, 0.0232279 secs] [Times: user=0.31 sys=0.01, real=0.03 secs] 
Heap after GC invocations=12436 (full 18):
 par new generation   total 1800000K, used 9664K [0x00000003ef600000, 0x0000000469720000, 0x0000000469720000)
  eden space 1600000K,   0% used [0x00000003ef600000, 0x00000003ef600000, 0x0000000451080000)
  from space 200000K,   4% used [0x0000000451080000, 0x00000004519f00c0, 0x000000045d3d0000)
  to   space 200000K,   0% used [0x000000045d3d0000, 0x000000045d3d0000, 0x0000000469720000)
 concurrent mark-sweep generation total 14001024K, used 7540828K [0x0000000469720000, 0x00000007c0000000, 0x00000007c0000000)
 Metaspace       used 44934K, capacity 46232K, committed 46652K, reserved 1091584K
  class space    used 4916K, capacity 5189K, committed 5268K, reserved 1048576K
}
2017-04-16T10:06:53.441-0700: 133337.700: Total time for which application threads were stopped: 0.0243266 seconds, Stopping threads took: 0.0001521 seconds
{Heap before GC invocations=12436 (full 18):
 par new generation   total 1800000K, used 1609664K [0x00000003ef600000, 0x0000000469720000, 0x0000000469720000)
  eden space 1600000K, 100% used [0x00000003ef600000, 0x0000000451080000, 0x0000000451080000)
  from space 200000K,   4% used [0x0000000451080000, 0x00000004519f00c0, 0x000000045d3d0000)
  to   space 200000K,   0% used [0x000000045d3d0000, 0x000000045d3d0000, 0x0000000469720000)
 concurrent mark-sweep generation total 14001024K, used 7540828K [0x0000000469720000, 0x00000007c0000000, 0x00000007c0000000)
 Metaspace       used 44934K, capacity 46232K, committed 46652K, reserved 1091584K
  class space    used 4916K, capacity 5189K, committed 5268K, reserved 1048576K
2017-04-16T10:07:07.755-0700: 133352.014: [GC (Allocation Failure) Before GC:
Statistics for BinaryTreeDictionary:
------------------------------------
Total Free Space: 191532518
Max   Chunk Size: 1128311
Number of Blocks: 85529
Av.  Block  Size: 2239
Tree      Height: 109
2017-04-16T10:07:07.756-0700: 133352.015: [ParNew
Desired survivor size 102400000 bytes, new threshold 1 (max 1)
- age   1:    7655400 bytes,    7655400 total
: 1609664K->8849K(1800000K), 0.0132030 secs] 9150493K->7550955K(15801024K)After GC:
Statistics for BinaryTreeDictionary:
------------------------------------
Total Free Space: 191521169
Max   Chunk Size: 1128311
Number of Blocks: 85502
Av.  Block  Size: 2239
Tree      Height: 109
, 0.0145609 secs] [Times: user=0.30 sys=0.00, real=0.01 secs] 
Heap after GC invocations=12437 (full 18):
 par new generation   total 1800000K, used 8849K [0x00000003ef600000, 0x0000000469720000, 0x0000000469720000)
  eden space 1600000K,   0% used [0x00000003ef600000, 0x00000003ef600000, 0x0000000451080000)
  from space 200000K,   4% used [0x000000045d3d0000, 0x000000045dc74538, 0x0000000469720000)
  to   space 200000K,   0% used [0x0000000451080000, 0x0000000451080000, 0x000000045d3d0000)
 concurrent mark-sweep generation total 14001024K, used 7542105K [0x0000000469720000, 0x00000007c0000000, 0x00000007c0000000)
 Metaspace       used 44934K, capacity 46232K, committed 46652K, reserved 1091584K
  class space    used 4916K, capacity 5189K, committed 5268K, reserved 1048576K
}
2017-04-16T10:07:07.770-0700: 133352.029: Total time for which application threads were stopped: 0.0156417 seconds, Stopping threads took: 0.0001504 seconds
2017-04-16T10:07:09.660-0700: 133353.920: Total time for which application threads were stopped: 0.0021546 seconds, Stopping threads took: 0.0001436 seconds
{Heap before GC invocations=12437 (full 18):
 par new generation   total 1800000K, used 1608849K [0x00000003ef600000, 0x0000000469720000, 0x0000000469720000)
  eden space 1600000K, 100% used [0x00000003ef600000, 0x0000000451080000, 0x0000000451080000)
  from space 200000K,   4% used [0x000000045d3d0000, 0x000000045dc74538, 0x0000000469720000)
  to   space 200000K,   0% used [0x0000000451080000, 0x0000000451080000, 0x000000045d3d0000)
 concurrent mark-sweep generation total 14001024K, used 7542105K [0x0000000469720000, 0x00000007c0000000, 0x00000007c0000000)
 Metaspace       used 44934K, capacity 46232K, committed 46652K, reserved 1091584K
  class space    used 4916K, capacity 5189K, committed 5268K, reserved 1048576K
2017-04-16T10:07:19.664-0700: 133363.923: [GC (Allocation Failure) Before GC:
Statistics for BinaryTreeDictionary:
------------------------------------
Total Free Space: 191521169
Max   Chunk Size: 1128311
Number of Blocks: 85502
Av.  Block  Size: 2239
Tree      Height: 109
2017-04-16T10:07:19.665-0700: 133363.924: [ParNew
Desired survivor size 102400000 bytes, new threshold 1 (max 1)
- age   1:    8885536 bytes,    8885536 total
: 1608849K->9226K(1800000K), 0.0122442 secs] 9150955K->7552907K(15801024K)After GC:
Statistics for BinaryTreeDictionary:
------------------------------------
Total Free Space: 191459036
Max   Chunk Size: 1128311
Number of Blocks: 85470
Av.  Block  Size: 2240
Tree      Height: 109
, 0.0136067 secs] [Times: user=0.29 sys=0.00, real=0.01 secs] 
Heap after GC invocations=12438 (full 18):
 par new generation   total 1800000K, used 9226K [0x00000003ef600000, 0x0000000469720000, 0x0000000469720000)
  eden space 1600000K,   0% used [0x00000003ef600000, 0x00000003ef600000, 0x0000000451080000)
  from space 200000K,   4% used [0x0000000451080000, 0x0000000451982a98, 0x000000045d3d0000)
  to   space 200000K,   0% used [0x000000045d3d0000, 0x000000045d3d0000, 0x0000000469720000)
 concurrent mark-sweep generation total 14001024K, used 7543681K [0x0000000469720000, 0x00000007c0000000, 0x00000007c0000000)
 Metaspace       used 44934K, capacity 46232K, committed 46652K, reserved 1091584K
  class space    used 4916K, capacity 5189K, committed 5268K, reserved 1048576K
}
2017-04-16T10:07:19.678-0700: 133363.937: Total time for which application threads were stopped: 0.0147055 seconds, Stopping threads took: 0.0001505 seconds
{Heap before GC invocations=12438 (full 18):
 par new generation   total 1800000K, used 1609226K [0x00000003ef600000, 0x0000000469720000, 0x0000000469720000)
  eden space 1600000K, 100% used [0x00000003ef600000, 0x0000000451080000, 0x0000000451080000)
  from space 200000K,   4% used [0x0000000451080000, 0x0000000451982a98, 0x000000045d3d0000)
  to   space 200000K,   0% used [0x000000045d3d0000, 0x000000045d3d0000, 0x0000000469720000)
 concurrent mark-sweep generation total 14001024K, used 7543681K [0x0000000469720000, 0x00000007c0000000, 0x00000007c0000000)
 Metaspace       used 44934K, capacity 46232K, committed 46652K, reserved 1091584K
  class space    used 4916K, capacity 5189K, committed 5268K, reserved 1048576K
2017-04-16T10:07:34.163-0700: 133378.422: [GC (Allocation Failure) Before GC:
Statistics for BinaryTreeDictionary:
------------------------------------
Total Free Space: 191459036
Max   Chunk Size: 1128311
Number of Blocks: 85470
Av.  Block  Size: 2240
Tree      Height: 109
2017-04-16T10:07:34.164-0700: 133378.423: [ParNew
Desired survivor size 102400000 bytes, new threshold 1 (max 1)
- age   1:    7022552 bytes,    7022552 total
: 1609226K->7387K(1800000K), 0.0126136 secs] 9152907K->7553682K(15801024K)After GC:
Statistics for BinaryTreeDictionary:
------------------------------------
Total Free Space: 191249713
Max   Chunk Size: 1128311
Number of Blocks: 85412
Av.  Block  Size: 2239
Tree      Height: 109
, 0.0139518 secs] [Times: user=0.30 sys=0.00, real=0.02 secs] 
Heap after GC invocations=12439 (full 18):
 par new generation   total 1800000K, used 7387K [0x00000003ef600000, 0x0000000469720000, 0x0000000469720000)
  eden space 1600000K,   0% used [0x00000003ef600000, 0x00000003ef600000, 0x0000000451080000)
  from space 200000K,   3% used [0x000000045d3d0000, 0x000000045db06ef0, 0x0000000469720000)
  to   space 200000K,   0% used [0x0000000451080000, 0x0000000451080000, 0x000000045d3d0000)
 concurrent mark-sweep generation total 14001024K, used 7546294K [0x0000000469720000, 0x00000007c0000000, 0x00000007c0000000)
 Metaspace       used 44934K, capacity 46232K, committed 46652K, reserved 1091584K
  class space    used 4916K, capacity 5189K, committed 5268K, reserved 1048576K
}
2017-04-16T10:07:34.177-0700: 133378.436: Total time for which application threads were stopped: 0.0150480 seconds, Stopping threads took: 0.0001555 seconds
{Heap before GC invocations=12439 (full 18):
 par new generation   total 1800000K, used 1607343K [0x00000003ef600000, 0x0000000469720000, 0x0000000469720000)
  eden space 1600000K,  99% used [0x00000003ef600000, 0x0000000451074ef8, 0x0000000451080000)
  from space 200000K,   3% used [0x000000045d3d0000, 0x000000045db06ef0, 0x0000000469720000)
  to   space 200000K,   0% used [0x0000000451080000, 0x0000000451080000, 0x000000045d3d0000)
 concurrent mark-sweep generation total 14001024K, used 7546294K [0x0000000469720000, 0x00000007c0000000, 0x00000007c0000000)
 Metaspace       used 44934K, capacity 46232K, committed 46652K, reserved 1091584K
  class space    used 4916K, capacity 5189K, committed 5268K, reserved 1048576K
2017-04-16T10:07:48.553-0700: 133392.813: [GC (Allocation Failure) Before GC:
Statistics for BinaryTreeDictionary:
------------------------------------
Total Free Space: 191249713
Max   Chunk Size: 1128311
Number of Blocks: 85412
Av.  Block  Size: 2239
Tree      Height: 109
2017-04-16T10:07:48.554-0700: 133392.813: [ParNew
Desired survivor size 102400000 bytes, new threshold 1 (max 1)
- age   1:    9970056 bytes,    9970056 total
: 1607343K->10209K(1800000K), 0.0133934 secs] 9153638K->7557853K(15801024K)After GC:
Statistics for BinaryTreeDictionary:
------------------------------------
Total Free Space: 191218378
Max   Chunk Size: 1128311
Number of Blocks: 85379
Av.  Block  Size: 2239
Tree      Height: 109
, 0.0147555 secs] [Times: user=0.31 sys=0.00, real=0.02 secs] 
Heap after GC invocations=12440 (full 18):
 par new generation   total 1800000K, used 10209K [0x00000003ef600000, 0x0000000469720000, 0x0000000469720000)
  eden space 1600000K,   0% used [0x00000003ef600000, 0x00000003ef600000, 0x0000000451080000)
  from space 200000K,   5% used [0x0000000451080000, 0x0000000451a78730, 0x000000045d3d0000)
  to   space 200000K,   0% used [0x000000045d3d0000, 0x000000045d3d0000, 0x0000000469720000)
 concurrent mark-sweep generation total 14001024K, used 7547643K [0x0000000469720000, 0x00000007c0000000, 0x00000007c0000000)
 Metaspace       used 44934K, capacity 46232K, committed 46652K, reserved 1091584K
  class space    used 4916K, capacity 5189K, committed 5268K, reserved 1048576K
}
2017-04-16T10:07:48.568-0700: 133392.827: Total time for which application threads were stopped: 0.0158740 seconds, Stopping threads took: 0.0001719 seconds
{Heap before GC invocations=12440 (full 18):
 par new generation   total 1800000K, used 1610209K [0x00000003ef600000, 0x0000000469720000, 0x0000000469720000)
  eden space 1600000K, 100% used [0x00000003ef600000, 0x0000000451080000, 0x0000000451080000)
  from space 200000K,   5% used [0x0000000451080000, 0x0000000451a78730, 0x000000045d3d0000)
  to   space 200000K,   0% used [0x000000045d3d0000, 0x000000045d3d0000, 0x0000000469720000)
 concurrent mark-sweep generation total 14001024K, used 7547643K [0x0000000469720000, 0x00000007c0000000, 0x00000007c0000000)
 Metaspace       used 44934K, capacity 46232K, committed 46652K, reserved 1091584K
  class space    used 4916K, capacity 5189K, committed 5268K, reserved 1048576K
2017-04-16T10:08:02.718-0700: 133406.978: [GC (Allocation Failure) Before GC:
Statistics for BinaryTreeDictionary:
------------------------------------
Total Free Space: 191218378
Max   Chunk Size: 1128311
Number of Blocks: 85379
Av.  Block  Size: 2239
Tree      Height: 109
2017-04-16T10:08:02.719-0700: 133406.978: [ParNew
Desired survivor size 102400000 bytes, new threshold 1 (max 1)
- age   1:    7004272 bytes,    7004272 total
: 1610209K->7840K(1800000K), 0.0130849 secs] 9157853K->7556917K(15801024K)After GC:
Statistics for BinaryTreeDictionary:
------------------------------------
Total Free Space: 191175035
Max   Chunk Size: 1128311
Number of Blocks: 85354
Av.  Block  Size: 2239
Tree      Height: 109
, 0.0144020 secs] [Times: user=0.31 sys=0.00, real=0.02 secs] 
Heap after GC invocations=12441 (full 18):
 par new generation   total 1800000K, used 7840K [0x00000003ef600000, 0x0000000469720000, 0x0000000469720000)
  eden space 1600000K,   0% used [0x00000003ef600000, 0x00000003ef600000, 0x0000000451080000)
  from space 200000K,   3% used [0x000000045d3d0000, 0x000000045db78230, 0x0000000469720000)
  to   space 200000K,   0% used [0x0000000451080000, 0x0000000451080000, 0x000000045d3d0000)
 concurrent mark-sweep generation total 14001024K, used 7549077K [0x0000000469720000, 0x00000007c0000000, 0x00000007c0000000)
 Metaspace       used 44934K, capacity 46232K, committed 46652K, reserved 1091584K
  class space    used 4916K, capacity 5189K, committed 5268K, reserved 1048576K
}
2017-04-16T10:08:02.733-0700: 133406.992: Total time for which application threads were stopped: 0.0154898 seconds, Stopping threads took: 0.0001519 seconds
2017-04-16T10:08:05.294-0700: 133409.553: Total time for which application threads were stopped: 0.0021574 seconds, Stopping threads took: 0.0001503 seconds
{Heap before GC invocations=12441 (full 18):
 par new generation   total 1800000K, used 1607840K [0x00000003ef600000, 0x0000000469720000, 0x0000000469720000)
  eden space 1600000K, 100% used [0x00000003ef600000, 0x0000000451080000, 0x0000000451080000)
  from space 200000K,   3% used [0x000000045d3d0000, 0x000000045db78230, 0x0000000469720000)
  to   space 200000K,   0% used [0x0000000451080000, 0x0000000451080000, 0x000000045d3d0000)
 concurrent mark-sweep generation total 14001024K, used 7549077K [0x0000000469720000, 0x00000007c0000000, 0x00000007c0000000)
 Metaspace       used 44934K, capacity 46232K, committed 46652K, reserved 1091584K
  class space    used 4916K, capacity 5189K, committed 5268K, reserved 1048576K
2017-04-16T10:08:16.925-0700: 133421.185: [GC (Allocation Failure) Before GC:
Statistics for BinaryTreeDictionary:
------------------------------------
Total Free Space: 191175035
Max   Chunk Size: 1128311
Number of Blocks: 85354
Av.  Block  Size: 2239
Tree      Height: 109
2017-04-16T10:08:16.926-0700: 133421.185: [ParNew
Desired survivor size 102400000 bytes, new threshold 1 (max 1)
- age   1:    6417488 bytes,    6417488 total
: 1607840K->6743K(1800000K), 0.0126967 secs] 9156917K->7557271K(15801024K)After GC:
Statistics for BinaryTreeDictionary:
------------------------------------
Total Free Space: 191130436
Max   Chunk Size: 1128311
Number of Blocks: 85325
Av.  Block  Size: 2240
Tree      Height: 109
, 0.0140167 secs] [Times: user=0.31 sys=0.00, real=0.01 secs] 
Heap after GC invocations=12442 (full 18):
 par new generation   total 1800000K, used 6743K [0x00000003ef600000, 0x0000000469720000, 0x0000000469720000)
  eden space 1600000K,   0% used [0x00000003ef600000, 0x00000003ef600000, 0x0000000451080000)
  from space 200000K,   3% used [0x0000000451080000, 0x0000000451715f08, 0x000000045d3d0000)
  to   space 200000K,   0% used [0x000000045d3d0000, 0x000000045d3d0000, 0x0000000469720000)
 concurrent mark-sweep generation total 14001024K, used 7550528K [0x0000000469720000, 0x00000007c0000000, 0x00000007c0000000)
 Metaspace       used 44934K, capacity 46232K, committed 46652K, reserved 1091584K
  class space    used 4916K, capacity 5189K, committed 5268K, reserved 1048576K
}
2017-04-16T10:08:16.940-0700: 133421.199: Total time for which application threads were stopped: 0.0150887 seconds, Stopping threads took: 0.0001487 seconds
{Heap before GC invocations=12442 (full 18):
 par new generation   total 1800000K, used 1606743K [0x00000003ef600000, 0x0000000469720000, 0x0000000469720000)
  eden space 1600000K, 100% used [0x00000003ef600000, 0x0000000451080000, 0x0000000451080000)
  from space 200000K,   3% used [0x0000000451080000, 0x0000000451715f08, 0x000000045d3d0000)
  to   space 200000K,   0% used [0x000000045d3d0000, 0x000000045d3d0000, 0x0000000469720000)
 concurrent mark-sweep generation total 14001024K, used 7550528K [0x0000000469720000, 0x00000007c0000000, 0x00000007c0000000)
 Metaspace       used 44934K, capacity 46232K, committed 46652K, reserved 1091584K
  class space    used 4916K, capacity 5189K, committed 5268K, reserved 1048576K
2017-04-16T10:08:31.710-0700: 133435.969: [GC (Allocation Failure) Before GC:
Statistics for BinaryTreeDictionary:
------------------------------------
Total Free Space: 191130436
Max   Chunk Size: 1128311
Number of Blocks: 85325
Av.  Block  Size: 2240
Tree      Height: 109
2017-04-16T10:08:31.711-0700: 133435.970: [ParNew
Desired survivor size 102400000 bytes, new threshold 1 (max 1)
- age   1:    7017240 bytes,    7017240 total
: 1606743K->7428K(1800000K), 0.0130010 secs] 9157271K->7559569K(15801024K)After GC:
Statistics for BinaryTreeDictionary:
------------------------------------
Total Free Space: 191078202
Max   Chunk Size: 1128311
Number of Blocks: 85280
Av.  Block  Size: 2240
Tree      Height: 109
, 0.0143369 secs] [Times: user=0.31 sys=0.00, real=0.02 secs] 
Heap after GC invocations=12443 (full 18):
 par new generation   total 1800000K, used 7428K [0x00000003ef600000, 0x0000000469720000, 0x0000000469720000)
  eden space 1600000K,   0% used [0x00000003ef600000, 0x00000003ef600000, 0x0000000451080000)
  from space 200000K,   3% used [0x000000045d3d0000, 0x000000045db11220, 0x0000000469720000)
  to   space 200000K,   0% used [0x0000000451080000, 0x0000000451080000, 0x000000045d3d0000)
 concurrent mark-sweep generation total 14001024K, used 7552140K [0x0000000469720000, 0x00000007c0000000, 0x00000007c0000000)
 Metaspace       used 44934K, capacity 46232K, committed 46652K, reserved 1091584K
  class space    used 4916K, capacity 5189K, committed 5268K, reserved 1048576K
}
2017-04-16T10:08:31.724-0700: 133435.984: Total time for which application threads were stopped: 0.0154359 seconds, Stopping threads took: 0.0001595 seconds
2017-04-16T10:08:39.632-0700: 133443.892: Total time for which application threads were stopped: 0.0021084 seconds, Stopping threads took: 0.0001434 seconds
{Heap before GC invocations=12443 (full 18):
 par new generation   total 1800000K, used 1607428K [0x00000003ef600000, 0x0000000469720000, 0x0000000469720000)
  eden space 1600000K, 100% used [0x00000003ef600000, 0x0000000451080000, 0x0000000451080000)
  from space 200000K,   3% used [0x000000045d3d0000, 0x000000045db11220, 0x0000000469720000)
  to   space 200000K,   0% used [0x0000000451080000, 0x0000000451080000, 0x000000045d3d0000)
 concurrent mark-sweep generation total 14001024K, used 7552140K [0x0000000469720000, 0x00000007c0000000, 0x00000007c0000000)
 Metaspace       used 44934K, capacity 46232K, committed 46652K, reserved 1091584K
  class space    used 4916K, capacity 5189K, committed 5268K, reserved 1048576K
2017-04-16T10:08:43.488-0700: 133447.747: [GC (Allocation Failure) Before GC:
Statistics for BinaryTreeDictionary:
------------------------------------
Total Free Space: 191078202
Max   Chunk Size: 1128311
Number of Blocks: 85280
Av.  Block  Size: 2240
Tree      Height: 109
2017-04-16T10:08:43.488-0700: 133447.748: [ParNew
Desired survivor size 102400000 bytes, new threshold 1 (max 1)
- age   1:    6545608 bytes,    6545608 total
: 1607428K->7131K(1800000K), 0.0131909 secs] 9159569K->7560758K(15801024K)After GC:
Statistics for BinaryTreeDictionary:
------------------------------------
Total Free Space: 191032226
Max   Chunk Size: 1128311
Number of Blocks: 85249
Av.  Block  Size: 2240
Tree      Height: 109
, 0.0145401 secs] [Times: user=0.32 sys=0.00, real=0.01 secs] 
Heap after GC invocations=12444 (full 18):
 par new generation   total 1800000K, used 7131K [0x00000003ef600000, 0x0000000469720000, 0x0000000469720000)
  eden space 1600000K,   0% used [0x00000003ef600000, 0x00000003ef600000, 0x0000000451080000)
  from space 200000K,   3% used [0x0000000451080000, 0x0000000451776e10, 0x000000045d3d0000)
  to   space 200000K,   0% used [0x000000045d3d0000, 0x000000045d3d0000, 0x0000000469720000)
 concurrent mark-sweep generation total 14001024K, used 7553626K [0x0000000469720000, 0x00000007c0000000, 0x00000007c0000000)
 Metaspace       used 44934K, capacity 46232K, committed 46652K, reserved 1091584K
  class space    used 4916K, capacity 5189K, committed 5268K, reserved 1048576K
}
2017-04-16T10:08:43.502-0700: 133447.762: Total time for which application threads were stopped: 0.0156403 seconds, Stopping threads took: 0.0001557 seconds
{Heap before GC invocations=12444 (full 18):
 par new generation   total 1800000K, used 1607131K [0x00000003ef600000, 0x0000000469720000, 0x0000000469720000)
  eden space 1600000K, 100% used [0x00000003ef600000, 0x0000000451080000, 0x0000000451080000)
  from space 200000K,   3% used [0x0000000451080000, 0x0000000451776e10, 0x000000045d3d0000)
  to   space 200000K,   0% used [0x000000045d3d0000, 0x000000045d3d0000, 0x0000000469720000)
 concurrent mark-sweep generation total 14001024K, used 7553626K [0x0000000469720000, 0x00000007c0000000, 0x00000007c0000000)
 Metaspace       used 44934K, capacity 46232K, committed 46652K, reserved 1091584K
  class space    used 4916K, capacity 5189K, committed 5268K, reserved 1048576K
2017-04-16T10:08:57.686-0700: 133461.945: [GC (Allocation Failure) Before GC:
Statistics for BinaryTreeDictionary:
------------------------------------
Total Free Space: 191032226
Max   Chunk Size: 1128311
Number of Blocks: 85249
Av.  Block  Size: 2240
Tree      Height: 109
2017-04-16T10:08:57.686-0700: 133461.946: [ParNew
Desired survivor size 102400000 bytes, new threshold 1 (max 1)
- age   1:    6625312 bytes,    6625312 total
: 1607131K->7206K(1800000K), 0.0122963 secs] 9160758K->7562307K(15801024K)After GC:
Statistics for BinaryTreeDictionary:
------------------------------------
Total Free Space: 190959173
Max   Chunk Size: 1128311
Number of Blocks: 85203
Av.  Block  Size: 2241
Tree      Height: 109
, 0.0136233 secs] [Times: user=0.30 sys=0.00, real=0.02 secs] 
Heap after GC invocations=12445 (full 18):
 par new generation   total 1800000K, used 7206K [0x00000003ef600000, 0x0000000469720000, 0x0000000469720000)
  eden space 1600000K,   0% used [0x00000003ef600000, 0x00000003ef600000, 0x0000000451080000)
  from space 200000K,   3% used [0x000000045d3d0000, 0x000000045dad9a80, 0x0000000469720000)
  to   space 200000K,   0% used [0x0000000451080000, 0x0000000451080000, 0x000000045d3d0000)
 concurrent mark-sweep generation total 14001024K, used 7555100K [0x0000000469720000, 0x00000007c0000000, 0x00000007c0000000)
 Metaspace       used 44934K, capacity 46232K, committed 46652K, reserved 1091584K
  class space    used 4916K, capacity 5189K, committed 5268K, reserved 1048576K
}
2017-04-16T10:08:57.700-0700: 133461.959: Total time for which application threads were stopped: 0.0147187 seconds, Stopping threads took: 0.0001503 seconds
{Heap before GC invocations=12445 (full 18):
 par new generation   total 1800000K, used 1607206K [0x00000003ef600000, 0x0000000469720000, 0x0000000469720000)
  eden space 1600000K, 100% used [0x00000003ef600000, 0x0000000451080000, 0x0000000451080000)
  from space 200000K,   3% used [0x000000045d3d0000, 0x000000045dad9a80, 0x0000000469720000)
  to   space 200000K,   0% used [0x0000000451080000, 0x0000000451080000, 0x000000045d3d0000)
 concurrent mark-sweep generation total 14001024K, used 7555100K [0x0000000469720000, 0x00000007c0000000, 0x00000007c0000000)
 Metaspace       used 44934K, capacity 46232K, committed 46652K, reserved 1091584K
  class space    used 4916K, capacity 5189K, committed 5268K, reserved 1048576K
2017-04-16T10:09:11.856-0700: 133476.116: [GC (Allocation Failure) Before GC:
Statistics for BinaryTreeDictionary:
------------------------------------
Total Free Space: 190959173
Max   Chunk Size: 1128311
Number of Blocks: 85203
Av.  Block  Size: 2241
Tree      Height: 109
2017-04-16T10:09:11.857-0700: 133476.116: [ParNew
Desired survivor size 102400000 bytes, new threshold 1 (max 1)
- age   1:    6330840 bytes,    6330840 total
: 1607206K->6876K(1800000K), 0.0135111 secs] 9162307K->7563292K(15801024K)After GC:
Statistics for BinaryTreeDictionary:
------------------------------------
Total Free Space: 190932588
Max   Chunk Size: 1128311
Number of Blocks: 85184
Av.  Block  Size: 2241
Tree      Height: 109
, 0.0148401 secs] [Times: user=0.32 sys=0.00, real=0.02 secs] 
Heap after GC invocations=12446 (full 18):
 par new generation   total 1800000K, used 6876K [0x00000003ef600000, 0x0000000469720000, 0x0000000469720000)
  eden space 1600000K,   0% used [0x00000003ef600000, 0x00000003ef600000, 0x0000000451080000)
  from space 200000K,   3% used [0x0000000451080000, 0x0000000451737068, 0x000000045d3d0000)
  to   space 200000K,   0% used [0x000000045d3d0000, 0x000000045d3d0000, 0x0000000469720000)
 concurrent mark-sweep generation total 14001024K, used 7556416K [0x0000000469720000, 0x00000007c0000000, 0x00000007c0000000)
 Metaspace       used 44934K, capacity 46232K, committed 46652K, reserved 1091584K
  class space    used 4916K, capacity 5189K, committed 5268K, reserved 1048576K
}
2017-04-16T10:09:11.871-0700: 133476.131: Total time for which application threads were stopped: 0.0159427 seconds, Stopping threads took: 0.0001510 seconds
{Heap before GC invocations=12446 (full 18):
 par new generation   total 1800000K, used 1606876K [0x00000003ef600000, 0x0000000469720000, 0x0000000469720000)
  eden space 1600000K, 100% used [0x00000003ef600000, 0x0000000451080000, 0x0000000451080000)
  from space 200000K,   3% used [0x0000000451080000, 0x0000000451737068, 0x000000045d3d0000)
  to   space 200000K,   0% used [0x000000045d3d0000, 0x000000045d3d0000, 0x0000000469720000)
 concurrent mark-sweep generation total 14001024K, used 7556416K [0x0000000469720000, 0x00000007c0000000, 0x00000007c0000000)
 Metaspace       used 44934K, capacity 46232K, committed 46652K, reserved 1091584K
  class space    used 4916K, capacity 5189K, committed 5268K, reserved 1048576K
2017-04-16T10:09:26.060-0700: 133490.319: [GC (Allocation Failure) Before GC:
Statistics for BinaryTreeDictionary:
------------------------------------
Total Free Space: 190932588
Max   Chunk Size: 1128311
Number of Blocks: 85184
Av.  Block  Size: 2241
Tree      Height: 109
2017-04-16T10:09:26.061-0700: 133490.320: [ParNew
Desired survivor size 102400000 bytes, new threshold 1 (max 1)
- age   1:    6827480 bytes,    6827480 total
: 1606876K->7197K(1800000K), 0.0131480 secs] 9163292K->7565007K(15801024K)After GC:
Statistics for BinaryTreeDictionary:
------------------------------------
Total Free Space: 190889654
Max   Chunk Size: 1128311
Number of Blocks: 85164
Av.  Block  Size: 2241
Tree      Height: 109
, 0.0145037 secs] [Times: user=0.31 sys=0.00, real=0.02 secs] 
Heap after GC invocations=12447 (full 18):
 par new generation   total 1800000K, used 7197K [0x00000003ef600000, 0x0000000469720000, 0x0000000469720000)
  eden space 1600000K,   0% used [0x00000003ef600000, 0x00000003ef600000, 0x0000000451080000)
  from space 200000K,   3% used [0x000000045d3d0000, 0x000000045dad7678, 0x0000000469720000)
  to   space 200000K,   0% used [0x0000000451080000, 0x0000000451080000, 0x000000045d3d0000)
 concurrent mark-sweep generation total 14001024K, used 7557810K [0x0000000469720000, 0x00000007c0000000, 0x00000007c0000000)
 Metaspace       used 44934K, capacity 46232K, committed 46652K, reserved 1091584K
  class space    used 4916K, capacity 5189K, committed 5268K, reserved 1048576K
}
2017-04-16T10:09:26.075-0700: 133490.334: Total time for which application threads were stopped: 0.0156141 seconds, Stopping threads took: 0.0001530 seconds
{Heap before GC invocations=12447 (full 18):
 par new generation   total 1800000K, used 1607197K [0x00000003ef600000, 0x0000000469720000, 0x0000000469720000)
  eden space 1600000K, 100% used [0x00000003ef600000, 0x0000000451080000, 0x0000000451080000)
  from space 200000K,   3% used [0x000000045d3d0000, 0x000000045dad7678, 0x0000000469720000)
  to   space 200000K,   0% used [0x0000000451080000, 0x0000000451080000, 0x000000045d3d0000)
 concurrent mark-sweep generation total 14001024K, used 7557810K [0x0000000469720000, 0x00000007c0000000, 0x00000007c0000000)
 Metaspace       used 44934K, capacity 46232K, committed 46652K, reserved 1091584K
  class space    used 4916K, capacity 5189K, committed 5268K, reserved 1048576K
2017-04-16T10:09:40.080-0700: 133504.340: [GC (Allocation Failure) Before GC:
Statistics for BinaryTreeDictionary:
------------------------------------
Total Free Space: 190889654
Max   Chunk Size: 1128311
Number of Blocks: 85164
Av.  Block  Size: 2241
Tree      Height: 109
2017-04-16T10:09:40.081-0700: 133504.340: [ParNew
Desired survivor size 102400000 bytes, new threshold 1 (max 1)
- age   1:    7274696 bytes,    7274696 total
: 1607197K->7890K(1800000K), 0.0129372 secs] 9165007K->7566975K(15801024K)After GC:
Statistics for BinaryTreeDictionary:
------------------------------------
Total Free Space: 190863040
Max   Chunk Size: 1128311
Number of Blocks: 85142
Av.  Block  Size: 2241
Tree      Height: 109
, 0.0142967 secs] [Times: user=0.31 sys=0.00, real=0.02 secs] 
Heap after GC invocations=12448 (full 18):
 par new generation   total 1800000K, used 7890K [0x00000003ef600000, 0x0000000469720000, 0x0000000469720000)
  eden space 1600000K,   0% used [0x00000003ef600000, 0x00000003ef600000, 0x0000000451080000)
  from space 200000K,   3% used [0x0000000451080000, 0x0000000451834af8, 0x000000045d3d0000)
  to   space 200000K,   0% used [0x000000045d3d0000, 0x000000045d3d0000, 0x0000000469720000)
 concurrent mark-sweep generation total 14001024K, used 7559084K [0x0000000469720000, 0x00000007c0000000, 0x00000007c0000000)
 Metaspace       used 44934K, capacity 46232K, committed 46652K, reserved 1091584K
  class space    used 4916K, capacity 5189K, committed 5268K, reserved 1048576K
}
2017-04-16T10:09:40.095-0700: 133504.354: Total time for which application threads were stopped: 0.0153705 seconds, Stopping threads took: 0.0001492 seconds
{Heap before GC invocations=12448 (full 18):
 par new generation   total 1800000K, used 1607890K [0x00000003ef600000, 0x0000000469720000, 0x0000000469720000)
  eden space 1600000K, 100% used [0x00000003ef600000, 0x0000000451080000, 0x0000000451080000)
  from space 200000K,   3% used [0x0000000451080000, 0x0000000451834af8, 0x000000045d3d0000)
  to   space 200000K,   0% used [0x000000045d3d0000, 0x000000045d3d0000, 0x0000000469720000)
 concurrent mark-sweep generation total 14001024K, used 7559084K [0x0000000469720000, 0x00000007c0000000, 0x00000007c0000000)
 Metaspace       used 44934K, capacity 46232K, committed 46652K, reserved 1091584K
  class space    used 4916K, capacity 5189K, committed 5268K, reserved 1048576K
2017-04-16T10:09:54.556-0700: 133518.815: [GC (Allocation Failure) Before GC:
Statistics for BinaryTreeDictionary:
------------------------------------
Total Free Space: 190863040
Max   Chunk Size: 1128311
Number of Blocks: 85142
Av.  Block  Size: 2241
Tree      Height: 109
2017-04-16T10:09:54.557-0700: 133518.816: [ParNew
Desired survivor size 102400000 bytes, new threshold 1 (max 1)
- age   1:    7241984 bytes,    7241984 total
: 1607890K->7656K(1800000K), 0.0138144 secs] 9166975K->7568071K(15801024K)After GC:
Statistics for BinaryTreeDictionary:
------------------------------------
Total Free Space: 190847708
Max   Chunk Size: 1128311
Number of Blocks: 85108
Av.  Block  Size: 2242
Tree      Height: 109
, 0.0151639 secs] [Times: user=0.32 sys=0.00, real=0.02 secs] 
Heap after GC invocations=12449 (full 18):
 par new generation   total 1800000K, used 7656K [0x00000003ef600000, 0x0000000469720000, 0x0000000469720000)
  eden space 1600000K,   0% used [0x00000003ef600000, 0x00000003ef600000, 0x0000000451080000)
  from space 200000K,   3% used [0x000000045d3d0000, 0x000000045db4a250, 0x0000000469720000)
  to   space 200000K,   0% used [0x0000000451080000, 0x0000000451080000, 0x000000045d3d0000)
 concurrent mark-sweep generation total 14001024K, used 7560415K [0x0000000469720000, 0x00000007c0000000, 0x00000007c0000000)
 Metaspace       used 44934K, capacity 46232K, committed 46652K, reserved 1091584K
  class space    used 4916K, capacity 5189K, committed 5268K, reserved 1048576K
}
2017-04-16T10:09:54.571-0700: 133518.831: Total time for which application threads were stopped: 0.0162982 seconds, Stopping threads took: 0.0001755 seconds
{Heap before GC invocations=12449 (full 18):
 par new generation   total 1800000K, used 1607656K [0x00000003ef600000, 0x0000000469720000, 0x0000000469720000)
  eden space 1600000K, 100% used [0x00000003ef600000, 0x0000000451080000, 0x0000000451080000)
  from space 200000K,   3% used [0x000000045d3d0000, 0x000000045db4a250, 0x0000000469720000)
  to   space 200000K,   0% used [0x0000000451080000, 0x0000000451080000, 0x000000045d3d0000)
 concurrent mark-sweep generation total 14001024K, used 7560415K [0x0000000469720000, 0x00000007c0000000, 0x00000007c0000000)
 Metaspace       used 44934K, capacity 46232K, committed 46652K, reserved 1091584K
  class space    used 4916K, capacity 5189K, committed 5268K, reserved 1048576K
2017-04-16T10:10:08.755-0700: 133533.014: [GC (Allocation Failure) Before GC:
Statistics for BinaryTreeDictionary:
------------------------------------
Total Free Space: 190847708
Max   Chunk Size: 1128311
Number of Blocks: 85108
Av.  Block  Size: 2242
Tree      Height: 109
2017-04-16T10:10:08.755-0700: 133533.015: [ParNew
Desired survivor size 102400000 bytes, new threshold 1 (max 1)
- age   1:    6399176 bytes,    6399176 total
: 1607656K->7279K(1800000K), 0.0145232 secs] 9168071K->7569480K(15801024K)After GC:
Statistics for BinaryTreeDictionary:
------------------------------------
Total Free Space: 190818572
Max   Chunk Size: 1128311
Number of Blocks: 85078
Av.  Block  Size: 2242
Tree      Height: 109
, 0.0158617 secs] [Times: user=0.34 sys=0.00, real=0.02 secs] 
Heap after GC invocations=12450 (full 18):
 par new generation   total 1800000K, used 7279K [0x00000003ef600000, 0x0000000469720000, 0x0000000469720000)
  eden space 1600000K,   0% used [0x00000003ef600000, 0x00000003ef600000, 0x0000000451080000)
  from space 200000K,   3% used [0x0000000451080000, 0x000000045179bfd0, 0x000000045d3d0000)
  to   space 200000K,   0% used [0x000000045d3d0000, 0x000000045d3d0000, 0x0000000469720000)
 concurrent mark-sweep generation total 14001024K, used 7562200K [0x0000000469720000, 0x00000007c0000000, 0x00000007c0000000)
 Metaspace       used 44934K, capacity 46232K, committed 46652K, reserved 1091584K
  class space    used 4916K, capacity 5189K, committed 5268K, reserved 1048576K
}
2017-04-16T10:10:08.771-0700: 133533.030: Total time for which application threads were stopped: 0.0169365 seconds, Stopping threads took: 0.0001467 seconds
2017-04-16T10:10:09.605-0700: 133533.864: Total time for which application threads were stopped: 0.0021367 seconds, Stopping threads took: 0.0001442 seconds
{Heap before GC invocations=12450 (full 18):
 par new generation   total 1800000K, used 1607279K [0x00000003ef600000, 0x0000000469720000, 0x0000000469720000)
  eden space 1600000K, 100% used [0x00000003ef600000, 0x0000000451080000, 0x0000000451080000)
  from space 200000K,   3% used [0x0000000451080000, 0x000000045179bfd0, 0x000000045d3d0000)
  to   space 200000K,   0% used [0x000000045d3d0000, 0x000000045d3d0000, 0x0000000469720000)
 concurrent mark-sweep generation total 14001024K, used 7562200K [0x0000000469720000, 0x00000007c0000000, 0x00000007c0000000)
 Metaspace       used 44934K, capacity 46232K, committed 46652K, reserved 1091584K
  class space    used 4916K, capacity 5189K, committed 5268K, reserved 1048576K
2017-04-16T10:10:20.199-0700: 133544.458: [GC (Allocation Failure) Before GC:
Statistics for BinaryTreeDictionary:
------------------------------------
Total Free Space: 190818572
Max   Chunk Size: 1128311
Number of Blocks: 85078
Av.  Block  Size: 2242
Tree      Height: 109
2017-04-16T10:10:20.200-0700: 133544.459: [ParNew
Desired survivor size 102400000 bytes, new threshold 1 (max 1)
- age   1:    6934536 bytes,    6934536 total
: 1607279K->7148K(1800000K), 0.0137722 secs] 9169480K->7570999K(15801024K)After GC:
Statistics for BinaryTreeDictionary:
------------------------------------
Total Free Space: 190772594
Max   Chunk Size: 1128311
Number of Blocks: 85059
Av.  Block  Size: 2242
Tree      Height: 109
, 0.0151256 secs] [Times: user=0.33 sys=0.00, real=0.02 secs] 
Heap after GC invocations=12451 (full 18):
 par new generation   total 1800000K, used 7148K [0x00000003ef600000, 0x0000000469720000, 0x0000000469720000)
  eden space 1600000K,   0% used [0x00000003ef600000, 0x00000003ef600000, 0x0000000451080000)
  from space 200000K,   3% used [0x000000045d3d0000, 0x000000045dacb230, 0x0000000469720000)
  to   space 200000K,   0% used [0x0000000451080000, 0x0000000451080000, 0x000000045d3d0000)
 concurrent mark-sweep generation total 14001024K, used 7563850K [0x0000000469720000, 0x00000007c0000000, 0x00000007c0000000)
 Metaspace       used 44934K, capacity 46232K, committed 46652K, reserved 1091584K
  class space    used 4916K, capacity 5189K, committed 5268K, reserved 1048576K
}
2017-04-16T10:10:20.214-0700: 133544.474: Total time for which application threads were stopped: 0.0162293 seconds, Stopping threads took: 0.0001617 seconds
2017-04-16T10:10:27.992-0700: 133552.251: Total time for which application threads were stopped: 0.0009488 seconds, Stopping threads took: 0.0001590 seconds
{Heap before GC invocations=12451 (full 18):
 par new generation   total 1800000K, used 1607148K [0x00000003ef600000, 0x0000000469720000, 0x0000000469720000)
  eden space 1600000K, 100% used [0x00000003ef600000, 0x0000000451080000, 0x0000000451080000)
  from space 200000K,   3% used [0x000000045d3d0000, 0x000000045dacb230, 0x0000000469720000)
  to   space 200000K,   0% used [0x0000000451080000, 0x0000000451080000, 0x000000045d3d0000)
 concurrent mark-sweep generation total 14001024K, used 7563850K [0x0000000469720000, 0x00000007c0000000, 0x00000007c0000000)
 Metaspace       used 44934K, capacity 46232K, committed 46652K, reserved 1091584K
  class space    used 4916K, capacity 5189K, committed 5268K, reserved 1048576K
2017-04-16T10:10:34.459-0700: 133558.718: [GC (Allocation Failure) Before GC:
Statistics for BinaryTreeDictionary:
------------------------------------
Total Free Space: 190772594
Max   Chunk Size: 1128311
Number of Blocks: 85059
Av.  Block  Size: 2242
Tree      Height: 109
2017-04-16T10:10:34.460-0700: 133558.719: [ParNew
Desired survivor size 102400000 bytes, new threshold 1 (max 1)
- age   1:    6746744 bytes,    6746744 total
: 1607148K->7063K(1800000K), 0.0143773 secs] 9170999K->7572768K(15801024K)After GC:
Statistics for BinaryTreeDictionary:
------------------------------------
Total Free Space: 190683956
Max   Chunk Size: 1128311
Number of Blocks: 84976
Av.  Block  Size: 2243
Tree      Height: 109
, 0.0157242 secs] [Times: user=0.32 sys=0.00, real=0.02 secs] 
Heap after GC invocations=12452 (full 18):
 par new generation   total 1800000K, used 7063K [0x00000003ef600000, 0x0000000469720000, 0x0000000469720000)
  eden space 1600000K,   0% used [0x00000003ef600000, 0x00000003ef600000, 0x0000000451080000)
  from space 200000K,   3% used [0x0000000451080000, 0x0000000451765c70, 0x000000045d3d0000)
  to   space 200000K,   0% used [0x000000045d3d0000, 0x000000045d3d0000, 0x0000000469720000)
 concurrent mark-sweep generation total 14001024K, used 7565705K [0x0000000469720000, 0x00000007c0000000, 0x00000007c0000000)
 Metaspace       used 44934K, capacity 46232K, committed 46652K, reserved 1091584K
  class space    used 4916K, capacity 5189K, committed 5268K, reserved 1048576K
}
2017-04-16T10:10:34.475-0700: 133558.734: Total time for which application threads were stopped: 0.0168073 seconds, Stopping threads took: 0.0001494 seconds
{Heap before GC invocations=12452 (full 18):
 par new generation   total 1800000K, used 1607063K [0x00000003ef600000, 0x0000000469720000, 0x0000000469720000)
  eden space 1600000K, 100% used [0x00000003ef600000, 0x0000000451080000, 0x0000000451080000)
  from space 200000K,   3% used [0x0000000451080000, 0x0000000451765c70, 0x000000045d3d0000)
  to   space 200000K,   0% used [0x000000045d3d0000, 0x000000045d3d0000, 0x0000000469720000)
 concurrent mark-sweep generation total 14001024K, used 7565705K [0x0000000469720000, 0x00000007c0000000, 0x00000007c0000000)
 Metaspace       used 44934K, capacity 46232K, committed 46652K, reserved 1091584K
  class space    used 4916K, capacity 5189K, committed 5268K, reserved 1048576K
2017-04-16T10:10:49.256-0700: 133573.516: [GC (Allocation Failure) Before GC:
Statistics for BinaryTreeDictionary:
------------------------------------
Total Free Space: 190683956
Max   Chunk Size: 1128311
Number of Blocks: 84976
Av.  Block  Size: 2243
Tree      Height: 109
2017-04-16T10:10:49.257-0700: 133573.516: [ParNew
Desired survivor size 102400000 bytes, new threshold 1 (max 1)
- age   1:    6374856 bytes,    6374856 total
: 1607063K->7049K(1800000K), 0.0150941 secs] 9172768K->7574733K(15801024K)After GC:
Statistics for BinaryTreeDictionary:
------------------------------------
Total Free Space: 190631860
Max   Chunk Size: 1128311
Number of Blocks: 84929
Av.  Block  Size: 2244
Tree      Height: 109
, 0.0164456 secs] [Times: user=0.32 sys=0.01, real=0.01 secs] 
Heap after GC invocations=12453 (full 18):
 par new generation   total 1800000K, used 7049K [0x00000003ef600000, 0x0000000469720000, 0x0000000469720000)
  eden space 1600000K,   0% used [0x00000003ef600000, 0x00000003ef600000, 0x0000000451080000)
  from space 200000K,   3% used [0x000000045d3d0000, 0x000000045dab24b0, 0x0000000469720000)
  to   space 200000K,   0% used [0x0000000451080000, 0x0000000451080000, 0x000000045d3d0000)
 concurrent mark-sweep generation total 14001024K, used 7567684K [0x0000000469720000, 0x00000007c0000000, 0x00000007c0000000)
 Metaspace       used 44934K, capacity 46232K, committed 46652K, reserved 1091584K
  class space    used 4916K, capacity 5189K, committed 5268K, reserved 1048576K
}
2017-04-16T10:10:49.273-0700: 133573.532: Total time for which application threads were stopped: 0.0175164 seconds, Stopping threads took: 0.0001489 seconds
2017-04-16T10:10:59.840-0700: 133584.100: Total time for which application threads were stopped: 0.0009050 seconds, Stopping threads took: 0.0001527 seconds
{Heap before GC invocations=12453 (full 18):
 par new generation   total 1800000K, used 1607049K [0x00000003ef600000, 0x0000000469720000, 0x0000000469720000)
  eden space 1600000K, 100% used [0x00000003ef600000, 0x0000000451080000, 0x0000000451080000)
  from space 200000K,   3% used [0x000000045d3d0000, 0x000000045dab24b0, 0x0000000469720000)
  to   space 200000K,   0% used [0x0000000451080000, 0x0000000451080000, 0x000000045d3d0000)
 concurrent mark-sweep generation total 14001024K, used 7567684K [0x0000000469720000, 0x00000007c0000000, 0x00000007c0000000)
 Metaspace       used 44934K, capacity 46232K, committed 46652K, reserved 1091584K
  class space    used 4916K, capacity 5189K, committed 5268K, reserved 1048576K
2017-04-16T10:11:04.587-0700: 133588.847: [GC (Allocation Failure) Before GC:
Statistics for BinaryTreeDictionary:
------------------------------------
Total Free Space: 190631860
Max   Chunk Size: 1128311
Number of Blocks: 84929
Av.  Block  Size: 2244
Tree      Height: 109
2017-04-16T10:11:04.588-0700: 133588.847: [ParNew
Desired survivor size 102400000 bytes, new threshold 1 (max 1)
- age   1:    6256328 bytes,    6256328 total
: 1607049K->6824K(1800000K), 0.0132696 secs] 9174733K->7575875K(15801024K)After GC:
Statistics for BinaryTreeDictionary:
------------------------------------
Total Free Space: 190619020
Max   Chunk Size: 1128311
Number of Blocks: 84897
Av.  Block  Size: 2245
Tree      Height: 109
, 0.0146290 secs] [Times: user=0.32 sys=0.00, real=0.01 secs] 
Heap after GC invocations=12454 (full 18):
 par new generation   total 1800000K, used 6824K [0x00000003ef600000, 0x0000000469720000, 0x0000000469720000)
  eden space 1600000K,   0% used [0x00000003ef600000, 0x00000003ef600000, 0x0000000451080000)
  from space 200000K,   3% used [0x0000000451080000, 0x000000045172a368, 0x000000045d3d0000)
  to   space 200000K,   0% used [0x000000045d3d0000, 0x000000045d3d0000, 0x0000000469720000)
 concurrent mark-sweep generation total 14001024K, used 7569050K [0x0000000469720000, 0x00000007c0000000, 0x00000007c0000000)
 Metaspace       used 44934K, capacity 46232K, committed 46652K, reserved 1091584K
  class space    used 4916K, capacity 5189K, committed 5268K, reserved 1048576K
}
2017-04-16T10:11:04.602-0700: 133588.862: Total time for which application threads were stopped: 0.0157128 seconds, Stopping threads took: 0.0001490 seconds
2017-04-16T10:11:05.385-0700: 133589.645: Total time for which application threads were stopped: 0.0021695 seconds, Stopping threads took: 0.0001575 seconds
{Heap before GC invocations=12454 (full 18):
 par new generation   total 1800000K, used 1606824K [0x00000003ef600000, 0x0000000469720000, 0x0000000469720000)
  eden space 1600000K, 100% used [0x00000003ef600000, 0x0000000451080000, 0x0000000451080000)
  from space 200000K,   3% used [0x0000000451080000, 0x000000045172a368, 0x000000045d3d0000)
  to   space 200000K,   0% used [0x000000045d3d0000, 0x000000045d3d0000, 0x0000000469720000)
 concurrent mark-sweep generation total 14001024K, used 7569050K [0x0000000469720000, 0x00000007c0000000, 0x00000007c0000000)
 Metaspace       used 44934K, capacity 46232K, committed 46652K, reserved 1091584K
  class space    used 4916K, capacity 5189K, committed 5268K, reserved 1048576K
2017-04-16T10:11:18.971-0700: 133603.231: [GC (Allocation Failure) Before GC:
Statistics for BinaryTreeDictionary:
------------------------------------
Total Free Space: 190619020
Max   Chunk Size: 1128311
Number of Blocks: 84897
Av.  Block  Size: 2245
Tree      Height: 109
2017-04-16T10:11:18.972-0700: 133603.231: [ParNew
Desired survivor size 102400000 bytes, new threshold 1 (max 1)
- age   1:    6219856 bytes,    6219856 total
: 1606824K->6815K(1800000K), 0.0124139 secs] 9175875K->7577494K(15801024K)After GC:
Statistics for BinaryTreeDictionary:
------------------------------------
Total Free Space: 190567440
Max   Chunk Size: 1128311
Number of Blocks: 84855
Av.  Block  Size: 2245
Tree      Height: 109
, 0.0137814 secs] [Times: user=0.30 sys=0.00, real=0.01 secs] 
Heap after GC invocations=12455 (full 18):
 par new generation   total 1800000K, used 6815K [0x00000003ef600000, 0x0000000469720000, 0x0000000469720000)
  eden space 1600000K,   0% used [0x00000003ef600000, 0x00000003ef600000, 0x0000000451080000)
  from space 200000K,   3% used [0x000000045d3d0000, 0x000000045da77f40, 0x0000000469720000)
  to   space 200000K,   0% used [0x0000000451080000, 0x0000000451080000, 0x000000045d3d0000)
 concurrent mark-sweep generation total 14001024K, used 7570678K [0x0000000469720000, 0x00000007c0000000, 0x00000007c0000000)
 Metaspace       used 44934K, capacity 46232K, committed 46652K, reserved 1091584K
  class space    used 4916K, capacity 5189K, committed 5268K, reserved 1048576K
}
2017-04-16T10:11:18.985-0700: 133603.245: Total time for which application threads were stopped: 0.0148802 seconds, Stopping threads took: 0.0001661 seconds
{Heap before GC invocations=12455 (full 18):
 par new generation   total 1800000K, used 1606815K [0x00000003ef600000, 0x0000000469720000, 0x0000000469720000)
  eden space 1600000K, 100% used [0x00000003ef600000, 0x0000000451080000, 0x0000000451080000)
  from space 200000K,   3% used [0x000000045d3d0000, 0x000000045da77f40, 0x0000000469720000)
  to   space 200000K,   0% used [0x0000000451080000, 0x0000000451080000, 0x000000045d3d0000)
 concurrent mark-sweep generation total 14001024K, used 7570678K [0x0000000469720000, 0x00000007c0000000, 0x00000007c0000000)
 Metaspace       used 44934K, capacity 46232K, committed 46652K, reserved 1091584K
  class space    used 4916K, capacity 5189K, committed 5268K, reserved 1048576K
2017-04-16T10:11:33.300-0700: 133617.559: [GC (Allocation Failure) Before GC:
Statistics for BinaryTreeDictionary:
------------------------------------
Total Free Space: 190567440
Max   Chunk Size: 1128311
Number of Blocks: 84855
Av.  Block  Size: 2245
Tree      Height: 109
2017-04-16T10:11:33.300-0700: 133617.560: [ParNew
Desired survivor size 102400000 bytes, new threshold 1 (max 1)
- age   1:   22283856 bytes,   22283856 total
: 1606815K->22387K(1800000K), 0.0127323 secs] 9177494K->7594286K(15801024K)After GC:
Statistics for BinaryTreeDictionary:
------------------------------------
Total Free Space: 190556696
Max   Chunk Size: 1128311
Number of Blocks: 84834
Av.  Block  Size: 2246
Tree      Height: 109
, 0.0140962 secs] [Times: user=0.31 sys=0.00, real=0.02 secs] 
Heap after GC invocations=12456 (full 18):
 par new generation   total 1800000K, used 22387K [0x00000003ef600000, 0x0000000469720000, 0x0000000469720000)
  eden space 1600000K,   0% used [0x00000003ef600000, 0x00000003ef600000, 0x0000000451080000)
  from space 200000K,  11% used [0x0000000451080000, 0x000000045265cf48, 0x000000045d3d0000)
  to   space 200000K,   0% used [0x000000045d3d0000, 0x000000045d3d0000, 0x0000000469720000)
 concurrent mark-sweep generation total 14001024K, used 7571898K [0x0000000469720000, 0x00000007c0000000, 0x00000007c0000000)
 Metaspace       used 44934K, capacity 46232K, committed 46652K, reserved 1091584K
  class space    used 4916K, capacity 5189K, committed 5268K, reserved 1048576K
}
2017-04-16T10:11:33.314-0700: 133617.573: Total time for which application threads were stopped: 0.0151711 seconds, Stopping threads took: 0.0001485 seconds
2017-04-16T10:11:39.598-0700: 133623.857: Total time for which application threads were stopped: 0.0021482 seconds, Stopping threads took: 0.0001602 seconds
{Heap before GC invocations=12456 (full 18):
 par new generation   total 1800000K, used 1622387K [0x00000003ef600000, 0x0000000469720000, 0x0000000469720000)
  eden space 1600000K, 100% used [0x00000003ef600000, 0x0000000451080000, 0x0000000451080000)
  from space 200000K,  11% used [0x0000000451080000, 0x000000045265cf48, 0x000000045d3d0000)
  to   space 200000K,   0% used [0x000000045d3d0000, 0x000000045d3d0000, 0x0000000469720000)
 concurrent mark-sweep generation total 14001024K, used 7571898K [0x0000000469720000, 0x00000007c0000000, 0x00000007c0000000)
 Metaspace       used 44934K, capacity 46232K, committed 46652K, reserved 1091584K
  class space    used 4916K, capacity 5189K, committed 5268K, reserved 1048576K
2017-04-16T10:11:44.891-0700: 133629.150: [GC (Allocation Failure) Before GC:
Statistics for BinaryTreeDictionary:
------------------------------------
Total Free Space: 190556696
Max   Chunk Size: 1128311
Number of Blocks: 84834
Av.  Block  Size: 2246
Tree      Height: 109
2017-04-16T10:11:44.892-0700: 133629.151: [ParNew
Desired survivor size 102400000 bytes, new threshold 1 (max 1)
- age   1:    6433288 bytes,    6433288 total
: 1622387K->9679K(1800000K), 0.0219074 secs] 9194286K->7589987K(15801024K)After GC:
Statistics for BinaryTreeDictionary:
------------------------------------
Total Free Space: 190401177
Max   Chunk Size: 1128311
Number of Blocks: 84818
Av.  Block  Size: 2244
Tree      Height: 109
, 0.0232891 secs] [Times: user=0.32 sys=0.00, real=0.03 secs] 
Heap after GC invocations=12457 (full 18):
 par new generation   total 1800000K, used 9679K [0x00000003ef600000, 0x0000000469720000, 0x0000000469720000)
  eden space 1600000K,   0% used [0x00000003ef600000, 0x00000003ef600000, 0x0000000451080000)
  from space 200000K,   4% used [0x000000045d3d0000, 0x000000045dd43ee0, 0x0000000469720000)
  to   space 200000K,   0% used [0x0000000451080000, 0x0000000451080000, 0x000000045d3d0000)
 concurrent mark-sweep generation total 14001024K, used 7580307K [0x0000000469720000, 0x00000007c0000000, 0x00000007c0000000)
 Metaspace       used 44934K, capacity 46232K, committed 46652K, reserved 1091584K
  class space    used 4916K, capacity 5189K, committed 5268K, reserved 1048576K
}
2017-04-16T10:11:44.915-0700: 133629.174: Total time for which application threads were stopped: 0.0243810 seconds, Stopping threads took: 0.0001540 seconds
{Heap before GC invocations=12457 (full 18):
 par new generation   total 1800000K, used 1609679K [0x00000003ef600000, 0x0000000469720000, 0x0000000469720000)
  eden space 1600000K, 100% used [0x00000003ef600000, 0x0000000451080000, 0x0000000451080000)
  from space 200000K,   4% used [0x000000045d3d0000, 0x000000045dd43ee0, 0x0000000469720000)
  to   space 200000K,   0% used [0x0000000451080000, 0x0000000451080000, 0x000000045d3d0000)
 concurrent mark-sweep generation total 14001024K, used 7580307K [0x0000000469720000, 0x00000007c0000000, 0x00000007c0000000)
 Metaspace       used 44934K, capacity 46232K, committed 46652K, reserved 1091584K
  class space    used 4916K, capacity 5189K, committed 5268K, reserved 1048576K
2017-04-16T10:11:59.709-0700: 133643.968: [GC (Allocation Failure) Before GC:
Statistics for BinaryTreeDictionary:
------------------------------------
Total Free Space: 190401177
Max   Chunk Size: 1128311
Number of Blocks: 84818
Av.  Block  Size: 2244
Tree      Height: 109
2017-04-16T10:11:59.710-0700: 133643.969: [ParNew
Desired survivor size 102400000 bytes, new threshold 1 (max 1)
- age   1:    6527152 bytes,    6527152 total
: 1609679K->7687K(1800000K), 0.0122420 secs] 9189987K->7589535K(15801024K)After GC:
Statistics for BinaryTreeDictionary:
------------------------------------
Total Free Space: 190314346
Max   Chunk Size: 1128311
Number of Blocks: 84781
Av.  Block  Size: 2244
Tree      Height: 109
, 0.0135734 secs] [Times: user=0.30 sys=0.00, real=0.01 secs] 
Heap after GC invocations=12458 (full 18):
 par new generation   total 1800000K, used 7687K [0x00000003ef600000, 0x0000000469720000, 0x0000000469720000)
  eden space 1600000K,   0% used [0x00000003ef600000, 0x00000003ef600000, 0x0000000451080000)
  from space 200000K,   3% used [0x0000000451080000, 0x0000000451801e00, 0x000000045d3d0000)
  to   space 200000K,   0% used [0x000000045d3d0000, 0x000000045d3d0000, 0x0000000469720000)
 concurrent mark-sweep generation total 14001024K, used 7581848K [0x0000000469720000, 0x00000007c0000000, 0x00000007c0000000)
 Metaspace       used 44934K, capacity 46232K, committed 46652K, reserved 1091584K
  class space    used 4916K, capacity 5189K, committed 5268K, reserved 1048576K
}
2017-04-16T10:11:59.723-0700: 133643.982: Total time for which application threads were stopped: 0.0146743 seconds, Stopping threads took: 0.0001647 seconds
{Heap before GC invocations=12458 (full 18):
 par new generation   total 1800000K, used 1607687K [0x00000003ef600000, 0x0000000469720000, 0x0000000469720000)
  eden space 1600000K, 100% used [0x00000003ef600000, 0x0000000451080000, 0x0000000451080000)
  from space 200000K,   3% used [0x0000000451080000, 0x0000000451801e00, 0x000000045d3d0000)
  to   space 200000K,   0% used [0x000000045d3d0000, 0x000000045d3d0000, 0x0000000469720000)
 concurrent mark-sweep generation total 14001024K, used 7581848K [0x0000000469720000, 0x00000007c0000000, 0x00000007c0000000)
 Metaspace       used 44934K, capacity 46232K, committed 46652K, reserved 1091584K
  class space    used 4916K, capacity 5189K, committed 5268K, reserved 1048576K
2017-04-16T10:12:14.806-0700: 133659.065: [GC (Allocation Failure) Before GC:
Statistics for BinaryTreeDictionary:
------------------------------------
Total Free Space: 190314346
Max   Chunk Size: 1128311
Number of Blocks: 84781
Av.  Block  Size: 2244
Tree      Height: 109
2017-04-16T10:12:14.806-0700: 133659.066: [ParNew
Desired survivor size 102400000 bytes, new threshold 1 (max 1)
- age   1:    6021712 bytes,    6021712 total
: 1607687K->6364K(1800000K), 0.0124353 secs] 9189535K->7589851K(15801024K)After GC:
Statistics for BinaryTreeDictionary:
------------------------------------
Total Free Space: 190256797
Max   Chunk Size: 1128311
Number of Blocks: 84765
Av.  Block  Size: 2244
Tree      Height: 109
, 0.0137900 secs] [Times: user=0.31 sys=0.00, real=0.02 secs] 
Heap after GC invocations=12459 (full 18):
 par new generation   total 1800000K, used 6364K [0x00000003ef600000, 0x0000000469720000, 0x0000000469720000)
  eden space 1600000K,   0% used [0x00000003ef600000, 0x00000003ef600000, 0x0000000451080000)
  from space 200000K,   3% used [0x000000045d3d0000, 0x000000045da070d0, 0x0000000469720000)
  to   space 200000K,   0% used [0x0000000451080000, 0x0000000451080000, 0x000000045d3d0000)
 concurrent mark-sweep generation total 14001024K, used 7583487K [0x0000000469720000, 0x00000007c0000000, 0x00000007c0000000)
 Metaspace       used 44934K, capacity 46232K, committed 46652K, reserved 1091584K
  class space    used 4916K, capacity 5189K, committed 5268K, reserved 1048576K
}
2017-04-16T10:12:14.820-0700: 133659.079: Total time for which application threads were stopped: 0.0148737 seconds, Stopping threads took: 0.0001492 seconds
{Heap before GC invocations=12459 (full 18):
 par new generation   total 1800000K, used 1606364K [0x00000003ef600000, 0x0000000469720000, 0x0000000469720000)
  eden space 1600000K, 100% used [0x00000003ef600000, 0x0000000451080000, 0x0000000451080000)
  from space 200000K,   3% used [0x000000045d3d0000, 0x000000045da070d0, 0x0000000469720000)
  to   space 200000K,   0% used [0x0000000451080000, 0x0000000451080000, 0x000000045d3d0000)
 concurrent mark-sweep generation total 14001024K, used 7583487K [0x0000000469720000, 0x00000007c0000000, 0x00000007c0000000)
 Metaspace       used 44934K, capacity 46232K, committed 46652K, reserved 1091584K
  class space    used 4916K, capacity 5189K, committed 5268K, reserved 1048576K
2017-04-16T10:12:29.042-0700: 133673.301: [GC (Allocation Failure) Before GC:
Statistics for BinaryTreeDictionary:
------------------------------------
Total Free Space: 190256797
Max   Chunk Size: 1128311
Number of Blocks: 84765
Av.  Block  Size: 2244
Tree      Height: 109
2017-04-16T10:12:29.042-0700: 133673.302: [ParNew
Desired survivor size 102400000 bytes, new threshold 1 (max 1)
- age   1:    6073152 bytes,    6073152 total
: 1606364K->6789K(1800000K), 0.0128287 secs] 9189851K->7591618K(15801024K)After GC:
Statistics for BinaryTreeDictionary:
------------------------------------
Total Free Space: 190246841
Max   Chunk Size: 1128311
Number of Blocks: 84746
Av.  Block  Size: 2244
Tree      Height: 109
, 0.0142055 secs] [Times: user=0.32 sys=0.00, real=0.01 secs] 
Heap after GC invocations=12460 (full 18):
 par new generation   total 1800000K, used 6789K [0x00000003ef600000, 0x0000000469720000, 0x0000000469720000)
  eden space 1600000K,   0% used [0x00000003ef600000, 0x00000003ef600000, 0x0000000451080000)
  from space 200000K,   3% used [0x0000000451080000, 0x0000000451721600, 0x000000045d3d0000)
  to   space 200000K,   0% used [0x000000045d3d0000, 0x000000045d3d0000, 0x0000000469720000)
 concurrent mark-sweep generation total 14001024K, used 7584829K [0x0000000469720000, 0x00000007c0000000, 0x00000007c0000000)
 Metaspace       used 44934K, capacity 46232K, committed 46652K, reserved 1091584K
  class space    used 4916K, capacity 5189K, committed 5268K, reserved 1048576K
}
2017-04-16T10:12:29.056-0700: 133673.315: Total time for which application threads were stopped: 0.0152954 seconds, Stopping threads took: 0.0001464 seconds
{Heap before GC invocations=12460 (full 18):
 par new generation   total 1800000K, used 1606789K [0x00000003ef600000, 0x0000000469720000, 0x0000000469720000)
  eden space 1600000K, 100% used [0x00000003ef600000, 0x0000000451080000, 0x0000000451080000)
  from space 200000K,   3% used [0x0000000451080000, 0x0000000451721600, 0x000000045d3d0000)
  to   space 200000K,   0% used [0x000000045d3d0000, 0x000000045d3d0000, 0x0000000469720000)
 concurrent mark-sweep generation total 14001024K, used 7584829K [0x0000000469720000, 0x00000007c0000000, 0x00000007c0000000)
 Metaspace       used 44934K, capacity 46232K, committed 46652K, reserved 1091584K
  class space    used 4916K, capacity 5189K, committed 5268K, reserved 1048576K
2017-04-16T10:12:43.600-0700: 133687.859: [GC (Allocation Failure) Before GC:
Statistics for BinaryTreeDictionary:
------------------------------------
Total Free Space: 190246841
Max   Chunk Size: 1128311
Number of Blocks: 84746
Av.  Block  Size: 2244
Tree      Height: 109
2017-04-16T10:12:43.601-0700: 133687.860: [ParNew
Desired survivor size 102400000 bytes, new threshold 1 (max 1)
- age   1:    6287232 bytes,    6287232 total
: 1606789K->6693K(1800000K), 0.0123582 secs] 9191618K->7592988K(15801024K)After GC:
Statistics for BinaryTreeDictionary:
------------------------------------
Total Free Space: 190216418
Max   Chunk Size: 1128311
Number of Blocks: 84721
Av.  Block  Size: 2245
Tree      Height: 109
, 0.0137204 secs] [Times: user=0.31 sys=0.00, real=0.02 secs] 
Heap after GC invocations=12461 (full 18):
 par new generation   total 1800000K, used 6693K [0x00000003ef600000, 0x0000000469720000, 0x0000000469720000)
  eden space 1600000K,   0% used [0x00000003ef600000, 0x00000003ef600000, 0x0000000451080000)
  from space 200000K,   3% used [0x000000045d3d0000, 0x000000045da597e8, 0x0000000469720000)
  to   space 200000K,   0% used [0x0000000451080000, 0x0000000451080000, 0x000000045d3d0000)
 concurrent mark-sweep generation total 14001024K, used 7586294K [0x0000000469720000, 0x00000007c0000000, 0x00000007c0000000)
 Metaspace       used 44934K, capacity 46232K, committed 46652K, reserved 1091584K
  class space    used 4916K, capacity 5189K, committed 5268K, reserved 1048576K
}
2017-04-16T10:12:43.614-0700: 133687.873: Total time for which application threads were stopped: 0.0147956 seconds, Stopping threads took: 0.0001513 seconds
{Heap before GC invocations=12461 (full 18):
 par new generation   total 1800000K, used 1606693K [0x00000003ef600000, 0x0000000469720000, 0x0000000469720000)
  eden space 1600000K, 100% used [0x00000003ef600000, 0x0000000451080000, 0x0000000451080000)
  from space 200000K,   3% used [0x000000045d3d0000, 0x000000045da597e8, 0x0000000469720000)
  to   space 200000K,   0% used [0x0000000451080000, 0x0000000451080000, 0x000000045d3d0000)
 concurrent mark-sweep generation total 14001024K, used 7586294K [0x0000000469720000, 0x00000007c0000000, 0x00000007c0000000)
 Metaspace       used 44934K, capacity 46232K, committed 46652K, reserved 1091584K
  class space    used 4916K, capacity 5189K, committed 5268K, reserved 1048576K
2017-04-16T10:12:58.241-0700: 133702.500: [GC (Allocation Failure) Before GC:
Statistics for BinaryTreeDictionary:
------------------------------------
Total Free Space: 190216418
Max   Chunk Size: 1128311
Number of Blocks: 84721
Av.  Block  Size: 2245
Tree      Height: 109
2017-04-16T10:12:58.241-0700: 133702.501: [ParNew
Desired survivor size 102400000 bytes, new threshold 1 (max 1)
- age   1:    7830192 bytes,    7830192 total
: 1606693K->8223K(1800000K), 0.0125179 secs] 9192988K->7596060K(15801024K)After GC:
Statistics for BinaryTreeDictionary:
------------------------------------
Total Free Space: 190160736
Max   Chunk Size: 1128311
Number of Blocks: 84708
Av.  Block  Size: 2244
Tree      Height: 109
, 0.0138608 secs] [Times: user=0.31 sys=0.00, real=0.02 secs] 
Heap after GC invocations=12462 (full 18):
 par new generation   total 1800000K, used 8223K [0x00000003ef600000, 0x0000000469720000, 0x0000000469720000)
  eden space 1600000K,   0% used [0x00000003ef600000, 0x00000003ef600000, 0x0000000451080000)
  from space 200000K,   4% used [0x0000000451080000, 0x0000000451887d48, 0x000000045d3d0000)
  to   space 200000K,   0% used [0x000000045d3d0000, 0x000000045d3d0000, 0x0000000469720000)
 concurrent mark-sweep generation total 14001024K, used 7587837K [0x0000000469720000, 0x00000007c0000000, 0x00000007c0000000)
 Metaspace       used 44934K, capacity 46232K, committed 46652K, reserved 1091584K
  class space    used 4916K, capacity 5189K, committed 5268K, reserved 1048576K
}
2017-04-16T10:12:58.255-0700: 133702.514: Total time for which application threads were stopped: 0.0149452 seconds, Stopping threads took: 0.0001462 seconds
2017-04-16T10:13:09.594-0700: 133713.853: Total time for which application threads were stopped: 0.0021346 seconds, Stopping threads took: 0.0001435 seconds
{Heap before GC invocations=12462 (full 18):
 par new generation   total 1800000K, used 1608223K [0x00000003ef600000, 0x0000000469720000, 0x0000000469720000)
  eden space 1600000K, 100% used [0x00000003ef600000, 0x0000000451080000, 0x0000000451080000)
  from space 200000K,   4% used [0x0000000451080000, 0x0000000451887d48, 0x000000045d3d0000)
  to   space 200000K,   0% used [0x000000045d3d0000, 0x000000045d3d0000, 0x0000000469720000)
 concurrent mark-sweep generation total 14001024K, used 7587837K [0x0000000469720000, 0x00000007c0000000, 0x00000007c0000000)
 Metaspace       used 44934K, capacity 46232K, committed 46652K, reserved 1091584K
  class space    used 4916K, capacity 5189K, committed 5268K, reserved 1048576K
2017-04-16T10:13:10.922-0700: 133715.182: [GC (Allocation Failure) Before GC:
Statistics for BinaryTreeDictionary:
------------------------------------
Total Free Space: 190160736
Max   Chunk Size: 1128311
Number of Blocks: 84708
Av.  Block  Size: 2244
Tree      Height: 109
2017-04-16T10:13:10.923-0700: 133715.182: [ParNew
Desired survivor size 102400000 bytes, new threshold 1 (max 1)
- age   1:    6773744 bytes,    6773744 total
: 1608223K->7466K(1800000K), 0.0127173 secs] 9196060K->7597547K(15801024K)After GC:
Statistics for BinaryTreeDictionary:
------------------------------------
Total Free Space: 190050692
Max   Chunk Size: 1128311
Number of Blocks: 84688
Av.  Block  Size: 2244
Tree      Height: 109
, 0.0140759 secs] [Times: user=0.32 sys=0.00, real=0.02 secs] 
Heap after GC invocations=12463 (full 18):
 par new generation   total 1800000K, used 7466K [0x00000003ef600000, 0x0000000469720000, 0x0000000469720000)
  eden space 1600000K,   0% used [0x00000003ef600000, 0x00000003ef600000, 0x0000000451080000)
  from space 200000K,   3% used [0x000000045d3d0000, 0x000000045db1aae0, 0x0000000469720000)
  to   space 200000K,   0% used [0x0000000451080000, 0x0000000451080000, 0x000000045d3d0000)
 concurrent mark-sweep generation total 14001024K, used 7590080K [0x0000000469720000, 0x00000007c0000000, 0x00000007c0000000)
 Metaspace       used 44934K, capacity 46232K, committed 46652K, reserved 1091584K
  class space    used 4916K, capacity 5189K, committed 5268K, reserved 1048576K
}
2017-04-16T10:13:10.937-0700: 133715.196: Total time for which application threads were stopped: 0.0151724 seconds, Stopping threads took: 0.0001545 seconds
2017-04-16T10:13:11.523-0700: 133715.783: Total time for which application threads were stopped: 0.0009078 seconds, Stopping threads took: 0.0001740 seconds
{Heap before GC invocations=12463 (full 18):
 par new generation   total 1800000K, used 1607466K [0x00000003ef600000, 0x0000000469720000, 0x0000000469720000)
  eden space 1600000K, 100% used [0x00000003ef600000, 0x0000000451080000, 0x0000000451080000)
  from space 200000K,   3% used [0x000000045d3d0000, 0x000000045db1aae0, 0x0000000469720000)
  to   space 200000K,   0% used [0x0000000451080000, 0x0000000451080000, 0x000000045d3d0000)
 concurrent mark-sweep generation total 14001024K, used 7590080K [0x0000000469720000, 0x00000007c0000000, 0x00000007c0000000)
 Metaspace       used 44934K, capacity 46232K, committed 46652K, reserved 1091584K
  class space    used 4916K, capacity 5189K, committed 5268K, reserved 1048576K
2017-04-16T10:13:24.971-0700: 133729.231: [GC (Allocation Failure) Before GC:
Statistics for BinaryTreeDictionary:
------------------------------------
Total Free Space: 190050692
Max   Chunk Size: 1128311
Number of Blocks: 84688
Av.  Block  Size: 2244
Tree      Height: 109
2017-04-16T10:13:24.972-0700: 133729.231: [ParNew
Desired survivor size 102400000 bytes, new threshold 1 (max 1)
- age   1:    7431216 bytes,    7431216 total
: 1607466K->7951K(1800000K), 0.0123961 secs] 9197547K->7599657K(15801024K)After GC:
Statistics for BinaryTreeDictionary:
------------------------------------
Total Free Space: 189979186
Max   Chunk Size: 1128311
Number of Blocks: 84652
Av.  Block  Size: 2244
Tree      Height: 109
, 0.0137201 secs] [Times: user=0.31 sys=0.00, real=0.01 secs] 
Heap after GC invocations=12464 (full 18):
 par new generation   total 1800000K, used 7951K [0x00000003ef600000, 0x0000000469720000, 0x0000000469720000)
  eden space 1600000K,   0% used [0x00000003ef600000, 0x00000003ef600000, 0x0000000451080000)
  from space 200000K,   3% used [0x0000000451080000, 0x0000000451843ff8, 0x000000045d3d0000)
  to   space 200000K,   0% used [0x000000045d3d0000, 0x000000045d3d0000, 0x0000000469720000)
 concurrent mark-sweep generation total 14001024K, used 7591705K [0x0000000469720000, 0x00000007c0000000, 0x00000007c0000000)
 Metaspace       used 44934K, capacity 46232K, committed 46652K, reserved 1091584K
  class space    used 4916K, capacity 5189K, committed 5268K, reserved 1048576K
}
2017-04-16T10:13:24.985-0700: 133729.244: Total time for which application threads were stopped: 0.0148315 seconds, Stopping threads took: 0.0001639 seconds
{Heap before GC invocations=12464 (full 18):
 par new generation   total 1800000K, used 1607951K [0x00000003ef600000, 0x0000000469720000, 0x0000000469720000)
  eden space 1600000K, 100% used [0x00000003ef600000, 0x0000000451080000, 0x0000000451080000)
  from space 200000K,   3% used [0x0000000451080000, 0x0000000451843ff8, 0x000000045d3d0000)
  to   space 200000K,   0% used [0x000000045d3d0000, 0x000000045d3d0000, 0x0000000469720000)
 concurrent mark-sweep generation total 14001024K, used 7591705K [0x0000000469720000, 0x00000007c0000000, 0x00000007c0000000)
 Metaspace       used 44934K, capacity 46232K, committed 46652K, reserved 1091584K
  class space    used 4916K, capacity 5189K, committed 5268K, reserved 1048576K
2017-04-16T10:13:39.210-0700: 133743.469: [GC (Allocation Failure) Before GC:
Statistics for BinaryTreeDictionary:
------------------------------------
Total Free Space: 189979186
Max   Chunk Size: 1128311
Number of Blocks: 84652
Av.  Block  Size: 2244
Tree      Height: 109
2017-04-16T10:13:39.211-0700: 133743.470: [ParNew
Desired survivor size 102400000 bytes, new threshold 1 (max 1)
- age   1:    6640776 bytes,    6640776 total
: 1607951K->7123K(1800000K), 0.0131264 secs] 9199657K->7600679K(15801024K)After GC:
Statistics for BinaryTreeDictionary:
------------------------------------
Total Free Space: 189912782
Max   Chunk Size: 1128311
Number of Blocks: 84619
Av.  Block  Size: 2244
Tree      Height: 109
, 0.0144723 secs] [Times: user=0.32 sys=0.00, real=0.02 secs] 
Heap after GC invocations=12465 (full 18):
 par new generation   total 1800000K, used 7123K [0x00000003ef600000, 0x0000000469720000, 0x0000000469720000)
  eden space 1600000K,   0% used [0x00000003ef600000, 0x00000003ef600000, 0x0000000451080000)
  from space 200000K,   3% used [0x000000045d3d0000, 0x000000045dac4dd8, 0x0000000469720000)
  to   space 200000K,   0% used [0x0000000451080000, 0x0000000451080000, 0x000000045d3d0000)
 concurrent mark-sweep generation total 14001024K, used 7593555K [0x0000000469720000, 0x00000007c0000000, 0x00000007c0000000)
 Metaspace       used 44934K, capacity 46232K, committed 46652K, reserved 1091584K
  class space    used 4916K, capacity 5189K, committed 5268K, reserved 1048576K
}
2017-04-16T10:13:39.225-0700: 133743.484: Total time for which application threads were stopped: 0.0155609 seconds, Stopping threads took: 0.0001522 seconds
{Heap before GC invocations=12465 (full 18):
 par new generation   total 1800000K, used 1607123K [0x00000003ef600000, 0x0000000469720000, 0x0000000469720000)
  eden space 1600000K, 100% used [0x00000003ef600000, 0x0000000451080000, 0x0000000451080000)
  from space 200000K,   3% used [0x000000045d3d0000, 0x000000045dac4dd8, 0x0000000469720000)
  to   space 200000K,   0% used [0x0000000451080000, 0x0000000451080000, 0x000000045d3d0000)
 concurrent mark-sweep generation total 14001024K, used 7593555K [0x0000000469720000, 0x00000007c0000000, 0x00000007c0000000)
 Metaspace       used 44934K, capacity 46232K, committed 46652K, reserved 1091584K
  class space    used 4916K, capacity 5189K, committed 5268K, reserved 1048576K
2017-04-16T10:13:53.456-0700: 133757.715: [GC (Allocation Failure) Before GC:
Statistics for BinaryTreeDictionary:
------------------------------------
Total Free Space: 189912782
Max   Chunk Size: 1128311
Number of Blocks: 84619
Av.  Block  Size: 2244
Tree      Height: 109
2017-04-16T10:13:53.457-0700: 133757.716: [ParNew
Desired survivor size 102400000 bytes, new threshold 1 (max 1)
- age   1:    7073496 bytes,    7073496 total
: 1607123K->7534K(1800000K), 0.0120309 secs] 9200679K->7602460K(15801024K)After GC:
Statistics for BinaryTreeDictionary:
------------------------------------
Total Free Space: 189888859
Max   Chunk Size: 1128311
Number of Blocks: 84607
Av.  Block  Size: 2244
Tree      Height: 109
, 0.0133797 secs] [Times: user=0.30 sys=0.00, real=0.01 secs] 
Heap after GC invocations=12466 (full 18):
 par new generation   total 1800000K, used 7534K [0x00000003ef600000, 0x0000000469720000, 0x0000000469720000)
  eden space 1600000K,   0% used [0x00000003ef600000, 0x00000003ef600000, 0x0000000451080000)
  from space 200000K,   3% used [0x0000000451080000, 0x00000004517db928, 0x000000045d3d0000)
  to   space 200000K,   0% used [0x000000045d3d0000, 0x000000045d3d0000, 0x0000000469720000)
 concurrent mark-sweep generation total 14001024K, used 7594926K [0x0000000469720000, 0x00000007c0000000, 0x00000007c0000000)
 Metaspace       used 44934K, capacity 46232K, committed 46652K, reserved 1091584K
  class space    used 4916K, capacity 5189K, committed 5268K, reserved 1048576K
}
2017-04-16T10:13:53.470-0700: 133757.729: Total time for which application threads were stopped: 0.0144611 seconds, Stopping threads took: 0.0001541 seconds
2017-04-16T10:14:05.478-0700: 133769.737: Total time for which application threads were stopped: 0.0021664 seconds, Stopping threads took: 0.0001474 seconds
{Heap before GC invocations=12466 (full 18):
 par new generation   total 1800000K, used 1607534K [0x00000003ef600000, 0x0000000469720000, 0x0000000469720000)
  eden space 1600000K, 100% used [0x00000003ef600000, 0x0000000451080000, 0x0000000451080000)
  from space 200000K,   3% used [0x0000000451080000, 0x00000004517db928, 0x000000045d3d0000)
  to   space 200000K,   0% used [0x000000045d3d0000, 0x000000045d3d0000, 0x0000000469720000)
 concurrent mark-sweep generation total 14001024K, used 7594926K [0x0000000469720000, 0x00000007c0000000, 0x00000007c0000000)
 Metaspace       used 44934K, capacity 46232K, committed 46652K, reserved 1091584K
  class space    used 4916K, capacity 5189K, committed 5268K, reserved 1048576K
2017-04-16T10:14:07.671-0700: 133771.930: [GC (Allocation Failure) Before GC:
Statistics for BinaryTreeDictionary:
------------------------------------
Total Free Space: 189888859
Max   Chunk Size: 1128311
Number of Blocks: 84607
Av.  Block  Size: 2244
Tree      Height: 109
2017-04-16T10:14:07.672-0700: 133771.931: [ParNew
Desired survivor size 102400000 bytes, new threshold 1 (max 1)
- age   1:    6103256 bytes,    6103256 total
: 1607534K->6626K(1800000K), 0.0128758 secs] 9202460K->7603087K(15801024K)After GC:
Statistics for BinaryTreeDictionary:
------------------------------------
Total Free Space: 189864440
Max   Chunk Size: 1128311
Number of Blocks: 84591
Av.  Block  Size: 2244
Tree      Height: 109
, 0.0142442 secs] [Times: user=0.31 sys=0.00, real=0.02 secs] 
Heap after GC invocations=12467 (full 18):
 par new generation   total 1800000K, used 6626K [0x00000003ef600000, 0x0000000469720000, 0x0000000469720000)
  eden space 1600000K,   0% used [0x00000003ef600000, 0x00000003ef600000, 0x0000000451080000)
  from space 200000K,   3% used [0x000000045d3d0000, 0x000000045da48ac8, 0x0000000469720000)
  to   space 200000K,   0% used [0x0000000451080000, 0x0000000451080000, 0x000000045d3d0000)
 concurrent mark-sweep generation total 14001024K, used 7596461K [0x0000000469720000, 0x00000007c0000000, 0x00000007c0000000)
 Metaspace       used 44934K, capacity 46232K, committed 46652K, reserved 1091584K
  class space    used 4916K, capacity 5189K, committed 5268K, reserved 1048576K
}
2017-04-16T10:14:07.685-0700: 133771.945: Total time for which application threads were stopped: 0.0153431 seconds, Stopping threads took: 0.0001668 seconds
{Heap before GC invocations=12467 (full 18):
 par new generation   total 1800000K, used 1606626K [0x00000003ef600000, 0x0000000469720000, 0x0000000469720000)
  eden space 1600000K, 100% used [0x00000003ef600000, 0x0000000451080000, 0x0000000451080000)
  from space 200000K,   3% used [0x000000045d3d0000, 0x000000045da48ac8, 0x0000000469720000)
  to   space 200000K,   0% used [0x0000000451080000, 0x0000000451080000, 0x000000045d3d0000)
 concurrent mark-sweep generation total 14001024K, used 7596461K [0x0000000469720000, 0x00000007c0000000, 0x00000007c0000000)
 Metaspace       used 44935K, capacity 46232K, committed 46652K, reserved 1091584K
  class space    used 4916K, capacity 5189K, committed 5268K, reserved 1048576K
2017-04-16T10:14:22.183-0700: 133786.443: [GC (Allocation Failure) Before GC:
Statistics for BinaryTreeDictionary:
------------------------------------
Total Free Space: 189864440
Max   Chunk Size: 1128311
Number of Blocks: 84591
Av.  Block  Size: 2244
Tree      Height: 109
2017-04-16T10:14:22.184-0700: 133786.443: [ParNew
Desired survivor size 102400000 bytes, new threshold 1 (max 1)
- age   1:    6174144 bytes,    6174144 total
: 1606626K->6682K(1800000K), 0.0120853 secs] 9203087K->7604640K(15801024K)After GC:
Statistics for BinaryTreeDictionary:
------------------------------------
Total Free Space: 189821209
Max   Chunk Size: 1128311
Number of Blocks: 84571
Av.  Block  Size: 2244
Tree      Height: 109
, 0.0134410 secs] [Times: user=0.29 sys=0.00, real=0.02 secs] 
Heap after GC invocations=12468 (full 18):
 par new generation   total 1800000K, used 6682K [0x00000003ef600000, 0x0000000469720000, 0x0000000469720000)
  eden space 1600000K,   0% used [0x00000003ef600000, 0x00000003ef600000, 0x0000000451080000)
  from space 200000K,   3% used [0x0000000451080000, 0x0000000451706b40, 0x000000045d3d0000)
  to   space 200000K,   0% used [0x000000045d3d0000, 0x000000045d3d0000, 0x0000000469720000)
 concurrent mark-sweep generation total 14001024K, used 7597957K [0x0000000469720000, 0x00000007c0000000, 0x00000007c0000000)
 Metaspace       used 44935K, capacity 46232K, committed 46652K, reserved 1091584K
  class space    used 4916K, capacity 5189K, committed 5268K, reserved 1048576K
}
2017-04-16T10:14:22.197-0700: 133786.456: Total time for which application threads were stopped: 0.0145472 seconds, Stopping threads took: 0.0001635 seconds
{Heap before GC invocations=12468 (full 18):
 par new generation   total 1800000K, used 1606682K [0x00000003ef600000, 0x0000000469720000, 0x0000000469720000)
  eden space 1600000K, 100% used [0x00000003ef600000, 0x0000000451080000, 0x0000000451080000)
  from space 200000K,   3% used [0x0000000451080000, 0x0000000451706b40, 0x000000045d3d0000)
  to   space 200000K,   0% used [0x000000045d3d0000, 0x000000045d3d0000, 0x0000000469720000)
 concurrent mark-sweep generation total 14001024K, used 7597957K [0x0000000469720000, 0x00000007c0000000, 0x00000007c0000000)
 Metaspace       used 44935K, capacity 46232K, committed 46652K, reserved 1091584K
  class space    used 4916K, capacity 5189K, committed 5268K, reserved 1048576K
2017-04-16T10:14:36.745-0700: 133801.004: [GC (Allocation Failure) Before GC:
Statistics for BinaryTreeDictionary:
------------------------------------
Total Free Space: 189821209
Max   Chunk Size: 1128311
Number of Blocks: 84571
Av.  Block  Size: 2244
Tree      Height: 109
2017-04-16T10:14:36.746-0700: 133801.005: [ParNew
Desired survivor size 102400000 bytes, new threshold 1 (max 1)
- age   1:    7966096 bytes,    7966096 total
: 1606682K->8412K(1800000K), 0.0124658 secs] 9204640K->7607759K(15801024K)After GC:
Statistics for BinaryTreeDictionary:
------------------------------------
Total Free Space: 189811155
Max   Chunk Size: 1128311
Number of Blocks: 84551
Av.  Block  Size: 2244
Tree      Height: 109
, 0.0138104 secs] [Times: user=0.30 sys=0.00, real=0.01 secs] 
Heap after GC invocations=12469 (full 18):
 par new generation   total 1800000K, used 8412K [0x00000003ef600000, 0x0000000469720000, 0x0000000469720000)
  eden space 1600000K,   0% used [0x00000003ef600000, 0x00000003ef600000, 0x0000000451080000)
  from space 200000K,   4% used [0x000000045d3d0000, 0x000000045dc07118, 0x0000000469720000)
  to   space 200000K,   0% used [0x0000000451080000, 0x0000000451080000, 0x000000045d3d0000)
 concurrent mark-sweep generation total 14001024K, used 7599347K [0x0000000469720000, 0x00000007c0000000, 0x00000007c0000000)
 Metaspace       used 44935K, capacity 46232K, committed 46652K, reserved 1091584K
  class space    used 4916K, capacity 5189K, committed 5268K, reserved 1048576K
}
2017-04-16T10:14:36.759-0700: 133801.018: Total time for which application threads were stopped: 0.0149186 seconds, Stopping threads took: 0.0001690 seconds
2017-04-16T10:14:39.692-0700: 133803.952: Total time for which application threads were stopped: 0.0021113 seconds, Stopping threads took: 0.0001499 seconds
2017-04-16T10:14:41.698-0700: 133805.957: Total time for which application threads were stopped: 0.0008961 seconds, Stopping threads took: 0.0001603 seconds
{Heap before GC invocations=12469 (full 18):
 par new generation   total 1800000K, used 1608412K [0x00000003ef600000, 0x0000000469720000, 0x0000000469720000)
  eden space 1600000K, 100% used [0x00000003ef600000, 0x0000000451080000, 0x0000000451080000)
  from space 200000K,   4% used [0x000000045d3d0000, 0x000000045dc07118, 0x0000000469720000)
  to   space 200000K,   0% used [0x0000000451080000, 0x0000000451080000, 0x000000045d3d0000)
 concurrent mark-sweep generation total 14001024K, used 7599347K [0x0000000469720000, 0x00000007c0000000, 0x00000007c0000000)
 Metaspace       used 44935K, capacity 46232K, committed 46652K, reserved 1091584K
  class space    used 4916K, capacity 5189K, committed 5268K, reserved 1048576K
2017-04-16T10:14:48.716-0700: 133812.975: [GC (Allocation Failure) Before GC:
Statistics for BinaryTreeDictionary:
------------------------------------
Total Free Space: 189811155
Max   Chunk Size: 1128311
Number of Blocks: 84551
Av.  Block  Size: 2244
Tree      Height: 109
2017-04-16T10:14:48.716-0700: 133812.976: [ParNew
Desired survivor size 102400000 bytes, new threshold 1 (max 1)
- age   1:    6451392 bytes,    6451392 total
: 1608412K->7205K(1800000K), 0.0122450 secs] 9207759K->7608294K(15801024K)After GC:
Statistics for BinaryTreeDictionary:
------------------------------------
Total Free Space: 189739182
Max   Chunk Size: 1128311
Number of Blocks: 84539
Av.  Block  Size: 2244
Tree      Height: 109
, 0.0135855 secs] [Times: user=0.31 sys=0.00, real=0.01 secs] 
Heap after GC invocations=12470 (full 18):
 par new generation   total 1800000K, used 7205K [0x00000003ef600000, 0x0000000469720000, 0x0000000469720000)
  eden space 1600000K,   0% used [0x00000003ef600000, 0x00000003ef600000, 0x0000000451080000)
  from space 200000K,   3% used [0x0000000451080000, 0x00000004517895e8, 0x000000045d3d0000)
  to   space 200000K,   0% used [0x000000045d3d0000, 0x000000045d3d0000, 0x0000000469720000)
 concurrent mark-sweep generation total 14001024K, used 7601089K [0x0000000469720000, 0x00000007c0000000, 0x00000007c0000000)
 Metaspace       used 44935K, capacity 46232K, committed 46652K, reserved 1091584K
  class space    used 4916K, capacity 5189K, committed 5268K, reserved 1048576K
}
2017-04-16T10:14:48.729-0700: 133812.989: Total time for which application threads were stopped: 0.0146621 seconds, Stopping threads took: 0.0001473 seconds
{Heap before GC invocations=12470 (full 18):
 par new generation   total 1800000K, used 1607205K [0x00000003ef600000, 0x0000000469720000, 0x0000000469720000)
  eden space 1600000K, 100% used [0x00000003ef600000, 0x0000000451080000, 0x0000000451080000)
  from space 200000K,   3% used [0x0000000451080000, 0x00000004517895e8, 0x000000045d3d0000)
  to   space 200000K,   0% used [0x000000045d3d0000, 0x000000045d3d0000, 0x0000000469720000)
 concurrent mark-sweep generation total 14001024K, used 7601089K [0x0000000469720000, 0x00000007c0000000, 0x00000007c0000000)
 Metaspace       used 44935K, capacity 46232K, committed 46652K, reserved 1091584K
  class space    used 4916K, capacity 5189K, committed 5268K, reserved 1048576K
2017-04-16T10:15:03.208-0700: 133827.467: [GC (Allocation Failure) Before GC:
Statistics for BinaryTreeDictionary:
------------------------------------
Total Free Space: 189739182
Max   Chunk Size: 1128311
Number of Blocks: 84539
Av.  Block  Size: 2244
Tree      Height: 109
2017-04-16T10:15:03.208-0700: 133827.468: [ParNew
Desired survivor size 102400000 bytes, new threshold 1 (max 1)
- age   1:    7592272 bytes,    7592272 total
: 1607205K->7905K(1800000K), 0.0122159 secs] 9208294K->7610634K(15801024K)After GC:
Statistics for BinaryTreeDictionary:
------------------------------------
Total Free Space: 189642354
Max   Chunk Size: 1128311
Number of Blocks: 84487
Av.  Block  Size: 2244
Tree      Height: 109
, 0.0135363 secs] [Times: user=0.30 sys=0.00, real=0.01 secs] 
Heap after GC invocations=12471 (full 18):
 par new generation   total 1800000K, used 7905K [0x00000003ef600000, 0x0000000469720000, 0x0000000469720000)
  eden space 1600000K,   0% used [0x00000003ef600000, 0x00000003ef600000, 0x0000000451080000)
  from space 200000K,   3% used [0x000000045d3d0000, 0x000000045db88640, 0x0000000469720000)
  to   space 200000K,   0% used [0x0000000451080000, 0x0000000451080000, 0x000000045d3d0000)
 concurrent mark-sweep generation total 14001024K, used 7602729K [0x0000000469720000, 0x00000007c0000000, 0x00000007c0000000)
 Metaspace       used 44935K, capacity 46232K, committed 46652K, reserved 1091584K
  class space    used 4916K, capacity 5189K, committed 5268K, reserved 1048576K
}
2017-04-16T10:15:03.221-0700: 133827.481: Total time for which application threads were stopped: 0.0146372 seconds, Stopping threads took: 0.0001539 seconds
{Heap before GC invocations=12471 (full 18):
 par new generation   total 1800000K, used 1607905K [0x00000003ef600000, 0x0000000469720000, 0x0000000469720000)
  eden space 1600000K, 100% used [0x00000003ef600000, 0x0000000451080000, 0x0000000451080000)
  from space 200000K,   3% used [0x000000045d3d0000, 0x000000045db88640, 0x0000000469720000)
  to   space 200000K,   0% used [0x0000000451080000, 0x0000000451080000, 0x000000045d3d0000)
 concurrent mark-sweep generation total 14001024K, used 7602729K [0x0000000469720000, 0x00000007c0000000, 0x00000007c0000000)
 Metaspace       used 44935K, capacity 46232K, committed 46652K, reserved 1091584K
  class space    used 4916K, capacity 5189K, committed 5268K, reserved 1048576K
2017-04-16T10:15:17.189-0700: 133841.448: [GC (Allocation Failure) Before GC:
Statistics for BinaryTreeDictionary:
------------------------------------
Total Free Space: 189642354
Max   Chunk Size: 1128311
Number of Blocks: 84487
Av.  Block  Size: 2244
Tree      Height: 109
2017-04-16T10:15:17.189-0700: 133841.449: [ParNew
Desired survivor size 102400000 bytes, new threshold 1 (max 1)
- age   1:    7185864 bytes,    7185864 total
: 1607905K->7866K(1800000K), 0.0130596 secs] 9210634K->7612607K(15801024K)After GC:
Statistics for BinaryTreeDictionary:
------------------------------------
Total Free Space: 189584445
Max   Chunk Size: 1128311
Number of Blocks: 84471
Av.  Block  Size: 2244
Tree      Height: 109
, 0.0143996 secs] [Times: user=0.32 sys=0.00, real=0.01 secs] 
Heap after GC invocations=12472 (full 18):
 par new generation   total 1800000K, used 7866K [0x00000003ef600000, 0x0000000469720000, 0x0000000469720000)
  eden space 1600000K,   0% used [0x00000003ef600000, 0x00000003ef600000, 0x0000000451080000)
  from space 200000K,   3% used [0x0000000451080000, 0x000000045182e928, 0x000000045d3d0000)
  to   space 200000K,   0% used [0x000000045d3d0000, 0x000000045d3d0000, 0x0000000469720000)
 concurrent mark-sweep generation total 14001024K, used 7604741K [0x0000000469720000, 0x00000007c0000000, 0x00000007c0000000)
 Metaspace       used 44935K, capacity 46232K, committed 46652K, reserved 1091584K
  class space    used 4916K, capacity 5189K, committed 5268K, reserved 1048576K
}
2017-04-16T10:15:17.203-0700: 133841.463: Total time for which application threads were stopped: 0.0154905 seconds, Stopping threads took: 0.0001542 seconds
2017-04-16T10:15:28.071-0700: 133852.331: Total time for which application threads were stopped: 0.0009242 seconds, Stopping threads took: 0.0001472 seconds
{Heap before GC invocations=12472 (full 18):
 par new generation   total 1800000K, used 1607866K [0x00000003ef600000, 0x0000000469720000, 0x0000000469720000)
  eden space 1600000K, 100% used [0x00000003ef600000, 0x0000000451080000, 0x0000000451080000)
  from space 200000K,   3% used [0x0000000451080000, 0x000000045182e928, 0x000000045d3d0000)
  to   space 200000K,   0% used [0x000000045d3d0000, 0x000000045d3d0000, 0x0000000469720000)
 concurrent mark-sweep generation total 14001024K, used 7604741K [0x0000000469720000, 0x00000007c0000000, 0x00000007c0000000)
 Metaspace       used 44935K, capacity 46232K, committed 46652K, reserved 1091584K
  class space    used 4916K, capacity 5189K, committed 5268K, reserved 1048576K
2017-04-16T10:15:31.439-0700: 133855.698: [GC (Allocation Failure) Before GC:
Statistics for BinaryTreeDictionary:
------------------------------------
Total Free Space: 189584445
Max   Chunk Size: 1128311
Number of Blocks: 84471
Av.  Block  Size: 2244
Tree      Height: 109
2017-04-16T10:15:31.440-0700: 133855.699: [ParNew
Desired survivor size 102400000 bytes, new threshold 1 (max 1)
- age   1:    6089064 bytes,    6089064 total
: 1607866K->6630K(1800000K), 0.0124749 secs] 9212607K->7613240K(15801024K)After GC:
Statistics for BinaryTreeDictionary:
------------------------------------
Total Free Space: 189508913
Max   Chunk Size: 1128311
Number of Blocks: 84453
Av.  Block  Size: 2243
Tree      Height: 109
, 0.0138010 secs] [Times: user=0.30 sys=0.00, real=0.01 secs] 
Heap after GC invocations=12473 (full 18):
 par new generation   total 1800000K, used 6630K [0x00000003ef600000, 0x0000000469720000, 0x0000000469720000)
  eden space 1600000K,   0% used [0x00000003ef600000, 0x00000003ef600000, 0x0000000451080000)
  from space 200000K,   3% used [0x000000045d3d0000, 0x000000045da499d8, 0x0000000469720000)
  to   space 200000K,   0% used [0x0000000451080000, 0x0000000451080000, 0x000000045d3d0000)
 concurrent mark-sweep generation total 14001024K, used 7606610K [0x0000000469720000, 0x00000007c0000000, 0x00000007c0000000)
 Metaspace       used 44935K, capacity 46232K, committed 46652K, reserved 1091584K
  class space    used 4916K, capacity 5189K, committed 5268K, reserved 1048576K
}
2017-04-16T10:15:31.453-0700: 133855.712: Total time for which application threads were stopped: 0.0148924 seconds, Stopping threads took: 0.0001466 seconds
{Heap before GC invocations=12473 (full 18):
 par new generation   total 1800000K, used 1606630K [0x00000003ef600000, 0x0000000469720000, 0x0000000469720000)
  eden space 1600000K, 100% used [0x00000003ef600000, 0x0000000451080000, 0x0000000451080000)
  from space 200000K,   3% used [0x000000045d3d0000, 0x000000045da499d8, 0x0000000469720000)
  to   space 200000K,   0% used [0x0000000451080000, 0x0000000451080000, 0x000000045d3d0000)
 concurrent mark-sweep generation total 14001024K, used 7606610K [0x0000000469720000, 0x00000007c0000000, 0x00000007c0000000)
 Metaspace       used 44935K, capacity 46232K, committed 46652K, reserved 1091584K
  class space    used 4916K, capacity 5189K, committed 5268K, reserved 1048576K
2017-04-16T10:15:45.757-0700: 133870.016: [GC (Allocation Failure) Before GC:
Statistics for BinaryTreeDictionary:
------------------------------------
Total Free Space: 189508913
Max   Chunk Size: 1128311
Number of Blocks: 84453
Av.  Block  Size: 2243
Tree      Height: 109
2017-04-16T10:15:45.758-0700: 133870.017: [ParNew
Desired survivor size 102400000 bytes, new threshold 1 (max 1)
- age   1:    9482208 bytes,    9482208 total
: 1606630K->10162K(1800000K), 0.0124902 secs] 9213240K->7618203K(15801024K)After GC:
Statistics for BinaryTreeDictionary:
------------------------------------
Total Free Space: 189481150
Max   Chunk Size: 1128311
Number of Blocks: 84432
Av.  Block  Size: 2244
Tree      Height: 109
, 0.0138284 secs] [Times: user=0.31 sys=0.00, real=0.02 secs] 
Heap after GC invocations=12474 (full 18):
 par new generation   total 1800000K, used 10162K [0x00000003ef600000, 0x0000000469720000, 0x0000000469720000)
  eden space 1600000K,   0% used [0x00000003ef600000, 0x00000003ef600000, 0x0000000451080000)
  from space 200000K,   5% used [0x0000000451080000, 0x0000000451a6ca00, 0x000000045d3d0000)
  to   space 200000K,   0% used [0x000000045d3d0000, 0x000000045d3d0000, 0x0000000469720000)
 concurrent mark-sweep generation total 14001024K, used 7608041K [0x0000000469720000, 0x00000007c0000000, 0x00000007c0000000)
 Metaspace       used 44935K, capacity 46232K, committed 46652K, reserved 1091584K
  class space    used 4916K, capacity 5189K, committed 5268K, reserved 1048576K
}
2017-04-16T10:15:45.771-0700: 133870.030: Total time for which application threads were stopped: 0.0148949 seconds, Stopping threads took: 0.0001440 seconds
{Heap before GC invocations=12474 (full 18):
 par new generation   total 1800000K, used 1610162K [0x00000003ef600000, 0x0000000469720000, 0x0000000469720000)
  eden space 1600000K, 100% used [0x00000003ef600000, 0x0000000451080000, 0x0000000451080000)
  from space 200000K,   5% used [0x0000000451080000, 0x0000000451a6ca00, 0x000000045d3d0000)
  to   space 200000K,   0% used [0x000000045d3d0000, 0x000000045d3d0000, 0x0000000469720000)
 concurrent mark-sweep generation total 14001024K, used 7608041K [0x0000000469720000, 0x00000007c0000000, 0x00000007c0000000)
 Metaspace       used 44935K, capacity 46232K, committed 46652K, reserved 1091584K
  class space    used 4916K, capacity 5189K, committed 5268K, reserved 1048576K
2017-04-16T10:16:00.538-0700: 133884.797: [GC (Allocation Failure) Before GC:
Statistics for BinaryTreeDictionary:
------------------------------------
Total Free Space: 189481150
Max   Chunk Size: 1128311
Number of Blocks: 84432
Av.  Block  Size: 2244
Tree      Height: 109
2017-04-16T10:16:00.538-0700: 133884.798: [ParNew
Desired survivor size 102400000 bytes, new threshold 1 (max 1)
- age   1:    6487016 bytes,    6487016 total
: 1610162K->7160K(1800000K), 0.0125005 secs] 9218203K->7618804K(15801024K)After GC:
Statistics for BinaryTreeDictionary:
------------------------------------
Total Free Space: 189211768
Max   Chunk Size: 1128311
Number of Blocks: 84418
Av.  Block  Size: 2241
Tree      Height: 109
, 0.0138564 secs] [Times: user=0.31 sys=0.00, real=0.02 secs] 
Heap after GC invocations=12475 (full 18):
 par new generation   total 1800000K, used 7160K [0x00000003ef600000, 0x0000000469720000, 0x0000000469720000)
  eden space 1600000K,   0% used [0x00000003ef600000, 0x00000003ef600000, 0x0000000451080000)
  from space 200000K,   3% used [0x000000045d3d0000, 0x000000045dace3b0, 0x0000000469720000)
  to   space 200000K,   0% used [0x0000000451080000, 0x0000000451080000, 0x000000045d3d0000)
 concurrent mark-sweep generation total 14001024K, used 7611643K [0x0000000469720000, 0x00000007c0000000, 0x00000007c0000000)
 Metaspace       used 44935K, capacity 46232K, committed 46652K, reserved 1091584K
  class space    used 4916K, capacity 5189K, committed 5268K, reserved 1048576K
}
2017-04-16T10:16:00.552-0700: 133884.811: Total time for which application threads were stopped: 0.0149265 seconds, Stopping threads took: 0.0001433 seconds
2017-04-16T10:16:09.652-0700: 133893.912: Total time for which application threads were stopped: 0.0021117 seconds, Stopping threads took: 0.0001464 seconds
{Heap before GC invocations=12475 (full 18):
 par new generation   total 1800000K, used 1607160K [0x00000003ef600000, 0x0000000469720000, 0x0000000469720000)
  eden space 1600000K, 100% used [0x00000003ef600000, 0x0000000451080000, 0x0000000451080000)
  from space 200000K,   3% used [0x000000045d3d0000, 0x000000045dace3b0, 0x0000000469720000)
  to   space 200000K,   0% used [0x0000000451080000, 0x0000000451080000, 0x000000045d3d0000)
 concurrent mark-sweep generation total 14001024K, used 7611643K [0x0000000469720000, 0x00000007c0000000, 0x00000007c0000000)
 Metaspace       used 44935K, capacity 46232K, committed 46652K, reserved 1091584K
  class space    used 4916K, capacity 5189K, committed 5268K, reserved 1048576K
2017-04-16T10:16:12.587-0700: 133896.847: [GC (Allocation Failure) Before GC:
Statistics for BinaryTreeDictionary:
------------------------------------
Total Free Space: 189211768
Max   Chunk Size: 1128311
Number of Blocks: 84418
Av.  Block  Size: 2241
Tree      Height: 109
2017-04-16T10:16:12.588-0700: 133896.847: [ParNew
Desired survivor size 102400000 bytes, new threshold 1 (max 1)
- age   1:    7088800 bytes,    7088800 total
: 1607160K->7635K(1800000K), 0.0122660 secs] 9218804K->7620866K(15801024K)After GC:
Statistics for BinaryTreeDictionary:
------------------------------------
Total Free Space: 189148194
Max   Chunk Size: 1128311
Number of Blocks: 84390
Av.  Block  Size: 2241
Tree      Height: 109
, 0.0135813 secs] [Times: user=0.30 sys=0.00, real=0.01 secs] 
Heap after GC invocations=12476 (full 18):
 par new generation   total 1800000K, used 7635K [0x00000003ef600000, 0x0000000469720000, 0x0000000469720000)
  eden space 1600000K,   0% used [0x00000003ef600000, 0x00000003ef600000, 0x0000000451080000)
  from space 200000K,   3% used [0x0000000451080000, 0x00000004517f4ed0, 0x000000045d3d0000)
  to   space 200000K,   0% used [0x000000045d3d0000, 0x000000045d3d0000, 0x0000000469720000)
 concurrent mark-sweep generation total 14001024K, used 7613230K [0x0000000469720000, 0x00000007c0000000, 0x00000007c0000000)
 Metaspace       used 44935K, capacity 46232K, committed 46652K, reserved 1091584K
  class space    used 4916K, capacity 5189K, committed 5268K, reserved 1048576K
}
2017-04-16T10:16:12.601-0700: 133896.860: Total time for which application threads were stopped: 0.0146380 seconds, Stopping threads took: 0.0001420 seconds
{Heap before GC invocations=12476 (full 18):
 par new generation   total 1800000K, used 1607635K [0x00000003ef600000, 0x0000000469720000, 0x0000000469720000)
  eden space 1600000K, 100% used [0x00000003ef600000, 0x0000000451080000, 0x0000000451080000)
  from space 200000K,   3% used [0x0000000451080000, 0x00000004517f4ed0, 0x000000045d3d0000)
  to   space 200000K,   0% used [0x000000045d3d0000, 0x000000045d3d0000, 0x0000000469720000)
 concurrent mark-sweep generation total 14001024K, used 7613230K [0x0000000469720000, 0x00000007c0000000, 0x00000007c0000000)
 Metaspace       used 44935K, capacity 46232K, committed 46652K, reserved 1091584K
  class space    used 4916K, capacity 5189K, committed 5268K, reserved 1048576K
2017-04-16T10:16:27.114-0700: 133911.373: [GC (Allocation Failure) Before GC:
Statistics for BinaryTreeDictionary:
------------------------------------
Total Free Space: 189148194
Max   Chunk Size: 1128311
Number of Blocks: 84390
Av.  Block  Size: 2241
Tree      Height: 109
2017-04-16T10:16:27.114-0700: 133911.374: [ParNew
Desired survivor size 102400000 bytes, new threshold 1 (max 1)
- age   1:    6062440 bytes,    6062440 total
: 1607635K->6428K(1800000K), 0.0118574 secs] 9220866K->7621029K(15801024K)After GC:
Statistics for BinaryTreeDictionary:
------------------------------------
Total Free Space: 189065253
Max   Chunk Size: 1128311
Number of Blocks: 84321
Av.  Block  Size: 2242
Tree      Height: 109
, 0.0131892 secs] [Times: user=0.29 sys=0.00, real=0.02 secs] 
Heap after GC invocations=12477 (full 18):
 par new generation   total 1800000K, used 6428K [0x00000003ef600000, 0x0000000469720000, 0x0000000469720000)
  eden space 1600000K,   0% used [0x00000003ef600000, 0x00000003ef600000, 0x0000000451080000)
  from space 200000K,   3% used [0x000000045d3d0000, 0x000000045da172a8, 0x0000000469720000)
  to   space 200000K,   0% used [0x0000000451080000, 0x0000000451080000, 0x000000045d3d0000)
 concurrent mark-sweep generation total 14001024K, used 7614600K [0x0000000469720000, 0x00000007c0000000, 0x00000007c0000000)
 Metaspace       used 44935K, capacity 46232K, committed 46652K, reserved 1091584K
  class space    used 4916K, capacity 5189K, committed 5268K, reserved 1048576K
}
2017-04-16T10:16:27.127-0700: 133911.386: Total time for which application threads were stopped: 0.0142628 seconds, Stopping threads took: 0.0001431 seconds
{Heap before GC invocations=12477 (full 18):
 par new generation   total 1800000K, used 1606428K [0x00000003ef600000, 0x0000000469720000, 0x0000000469720000)
  eden space 1600000K, 100% used [0x00000003ef600000, 0x0000000451080000, 0x0000000451080000)
  from space 200000K,   3% used [0x000000045d3d0000, 0x000000045da172a8, 0x0000000469720000)
  to   space 200000K,   0% used [0x0000000451080000, 0x0000000451080000, 0x000000045d3d0000)
 concurrent mark-sweep generation total 14001024K, used 7614600K [0x0000000469720000, 0x00000007c0000000, 0x00000007c0000000)
 Metaspace       used 44935K, capacity 46232K, committed 46652K, reserved 1091584K
  class space    used 4916K, capacity 5189K, committed 5268K, reserved 1048576K
2017-04-16T10:16:41.138-0700: 133925.398: [GC (Allocation Failure) Before GC:
Statistics for BinaryTreeDictionary:
------------------------------------
Total Free Space: 189065253
Max   Chunk Size: 1128311
Number of Blocks: 84321
Av.  Block  Size: 2242
Tree      Height: 109
2017-04-16T10:16:41.139-0700: 133925.398: [ParNew
Desired survivor size 102400000 bytes, new threshold 1 (max 1)
- age   1:   12455488 bytes,   12455488 total
: 1606428K->12730K(1800000K), 0.0125450 secs] 9221029K->7628693K(15801024K)After GC:
Statistics for BinaryTreeDictionary:
------------------------------------
Total Free Space: 189019491
Max   Chunk Size: 1128311
Number of Blocks: 84296
Av.  Block  Size: 2242
Tree      Height: 109
, 0.0139099 secs] [Times: user=0.31 sys=0.00, real=0.01 secs] 
Heap after GC invocations=12478 (full 18):
 par new generation   total 1800000K, used 12730K [0x00000003ef600000, 0x0000000469720000, 0x0000000469720000)
  eden space 1600000K,   0% used [0x00000003ef600000, 0x00000003ef600000, 0x0000000451080000)
  from space 200000K,   6% used [0x0000000451080000, 0x0000000451ceea28, 0x000000045d3d0000)
  to   space 200000K,   0% used [0x000000045d3d0000, 0x000000045d3d0000, 0x0000000469720000)
 concurrent mark-sweep generation total 14001024K, used 7615963K [0x0000000469720000, 0x00000007c0000000, 0x00000007c0000000)
 Metaspace       used 44935K, capacity 46232K, committed 46652K, reserved 1091584K
  class space    used 4916K, capacity 5189K, committed 5268K, reserved 1048576K
}
2017-04-16T10:16:41.152-0700: 133925.412: Total time for which application threads were stopped: 0.0150066 seconds, Stopping threads took: 0.0001516 seconds
{Heap before GC invocations=12478 (full 18):
 par new generation   total 1800000K, used 1612730K [0x00000003ef600000, 0x0000000469720000, 0x0000000469720000)
  eden space 1600000K, 100% used [0x00000003ef600000, 0x0000000451080000, 0x0000000451080000)
  from space 200000K,   6% used [0x0000000451080000, 0x0000000451ceea28, 0x000000045d3d0000)
  to   space 200000K,   0% used [0x000000045d3d0000, 0x000000045d3d0000, 0x0000000469720000)
 concurrent mark-sweep generation total 14001024K, used 7615963K [0x0000000469720000, 0x00000007c0000000, 0x00000007c0000000)
 Metaspace       used 44935K, capacity 46232K, committed 46652K, reserved 1091584K
  class space    used 4916K, capacity 5189K, committed 5268K, reserved 1048576K
2017-04-16T10:16:55.737-0700: 133939.997: [GC (Allocation Failure) Before GC:
Statistics for BinaryTreeDictionary:
------------------------------------
Total Free Space: 189019491
Max   Chunk Size: 1128311
Number of Blocks: 84296
Av.  Block  Size: 2242
Tree      Height: 109
2017-04-16T10:16:55.738-0700: 133939.997: [ParNew
Desired survivor size 102400000 bytes, new threshold 1 (max 1)
- age   1:    6666992 bytes,    6666992 total
: 1612730K->9543K(1800000K), 0.0207857 secs] 9228693K->7632534K(15801024K)After GC:
Statistics for BinaryTreeDictionary:
------------------------------------
Total Free Space: 189004204
Max   Chunk Size: 1128311
Number of Blocks: 84261
Av.  Block  Size: 2243
Tree      Height: 109
, 0.0221301 secs] [Times: user=0.32 sys=0.01, real=0.02 secs] 
Heap after GC invocations=12479 (full 18):
 par new generation   total 1800000K, used 9543K [0x00000003ef600000, 0x0000000469720000, 0x0000000469720000)
  eden space 1600000K,   0% used [0x00000003ef600000, 0x00000003ef600000, 0x0000000451080000)
  from space 200000K,   4% used [0x000000045d3d0000, 0x000000045dd21c68, 0x0000000469720000)
  to   space 200000K,   0% used [0x0000000451080000, 0x0000000451080000, 0x000000045d3d0000)
 concurrent mark-sweep generation total 14001024K, used 7622991K [0x0000000469720000, 0x00000007c0000000, 0x00000007c0000000)
 Metaspace       used 44935K, capacity 46232K, committed 46652K, reserved 1091584K
  class space    used 4916K, capacity 5189K, committed 5268K, reserved 1048576K
}
2017-04-16T10:16:55.760-0700: 133940.019: Total time for which application threads were stopped: 0.0232261 seconds, Stopping threads took: 0.0001472 seconds
2017-04-16T10:17:05.558-0700: 133949.818: Total time for which application threads were stopped: 0.0021631 seconds, Stopping threads took: 0.0001731 seconds
{Heap before GC invocations=12479 (full 18):
 par new generation   total 1800000K, used 1609543K [0x00000003ef600000, 0x0000000469720000, 0x0000000469720000)
  eden space 1600000K, 100% used [0x00000003ef600000, 0x0000000451080000, 0x0000000451080000)
  from space 200000K,   4% used [0x000000045d3d0000, 0x000000045dd21c68, 0x0000000469720000)
  to   space 200000K,   0% used [0x0000000451080000, 0x0000000451080000, 0x000000045d3d0000)
 concurrent mark-sweep generation total 14001024K, used 7622991K [0x0000000469720000, 0x00000007c0000000, 0x00000007c0000000)
 Metaspace       used 44935K, capacity 46232K, committed 46652K, reserved 1091584K
  class space    used 4916K, capacity 5189K, committed 5268K, reserved 1048576K
2017-04-16T10:17:10.760-0700: 133955.019: [GC (Allocation Failure) Before GC:
Statistics for BinaryTreeDictionary:
------------------------------------
Total Free Space: 189004204
Max   Chunk Size: 1128311
Number of Blocks: 84261
Av.  Block  Size: 2243
Tree      Height: 109
2017-04-16T10:17:10.761-0700: 133955.020: [ParNew
Desired survivor size 102400000 bytes, new threshold 1 (max 1)
- age   1:    5676864 bytes,    5676864 total
: 1609543K->6882K(1800000K), 0.0121340 secs] 9232534K->7631491K(15801024K)After GC:
Statistics for BinaryTreeDictionary:
------------------------------------
Total Free Space: 188925404
Max   Chunk Size: 1128311
Number of Blocks: 84231
Av.  Block  Size: 2242
Tree      Height: 109
, 0.0134639 secs] [Times: user=0.30 sys=0.00, real=0.02 secs] 
Heap after GC invocations=12480 (full 18):
 par new generation   total 1800000K, used 6882K [0x00000003ef600000, 0x0000000469720000, 0x0000000469720000)
  eden space 1600000K,   0% used [0x00000003ef600000, 0x00000003ef600000, 0x0000000451080000)
  from space 200000K,   3% used [0x0000000451080000, 0x0000000451738830, 0x000000045d3d0000)
  to   space 200000K,   0% used [0x000000045d3d0000, 0x000000045d3d0000, 0x0000000469720000)
 concurrent mark-sweep generation total 14001024K, used 7624609K [0x0000000469720000, 0x00000007c0000000, 0x00000007c0000000)
 Metaspace       used 44935K, capacity 46232K, committed 46652K, reserved 1091584K
  class space    used 4916K, capacity 5189K, committed 5268K, reserved 1048576K
}
2017-04-16T10:17:10.774-0700: 133955.033: Total time for which application threads were stopped: 0.0145263 seconds, Stopping threads took: 0.0001446 seconds
{Heap before GC invocations=12480 (full 18):
 par new generation   total 1800000K, used 1606882K [0x00000003ef600000, 0x0000000469720000, 0x0000000469720000)
  eden space 1600000K, 100% used [0x00000003ef600000, 0x0000000451080000, 0x0000000451080000)
  from space 200000K,   3% used [0x0000000451080000, 0x0000000451738830, 0x000000045d3d0000)
  to   space 200000K,   0% used [0x000000045d3d0000, 0x000000045d3d0000, 0x0000000469720000)
 concurrent mark-sweep generation total 14001024K, used 7624609K [0x0000000469720000, 0x00000007c0000000, 0x00000007c0000000)
 Metaspace       used 44935K, capacity 46232K, committed 46652K, reserved 1091584K
  class space    used 4916K, capacity 5189K, committed 5268K, reserved 1048576K
2017-04-16T10:17:25.694-0700: 133969.954: [GC (Allocation Failure) Before GC:
Statistics for BinaryTreeDictionary:
------------------------------------
Total Free Space: 188925404
Max   Chunk Size: 1128311
Number of Blocks: 84231
Av.  Block  Size: 2242
Tree      Height: 109
2017-04-16T10:17:25.695-0700: 133969.954: [ParNew
Desired survivor size 102400000 bytes, new threshold 1 (max 1)
- age   1:    6026664 bytes,    6026664 total
: 1606882K->6274K(1800000K), 0.0121611 secs] 9231491K->7631933K(15801024K)After GC:
Statistics for BinaryTreeDictionary:
------------------------------------
Total Free Space: 188912164
Max   Chunk Size: 1128311
Number of Blocks: 84201
Av.  Block  Size: 2243
Tree      Height: 109
, 0.0134935 secs] [Times: user=0.30 sys=0.01, real=0.01 secs] 
Heap after GC invocations=12481 (full 18):
 par new generation   total 1800000K, used 6274K [0x00000003ef600000, 0x0000000469720000, 0x0000000469720000)
  eden space 1600000K,   0% used [0x00000003ef600000, 0x00000003ef600000, 0x0000000451080000)
  from space 200000K,   3% used [0x000000045d3d0000, 0x000000045d9f0b98, 0x0000000469720000)
  to   space 200000K,   0% used [0x0000000451080000, 0x0000000451080000, 0x000000045d3d0000)
 concurrent mark-sweep generation total 14001024K, used 7625658K [0x0000000469720000, 0x00000007c0000000, 0x00000007c0000000)
 Metaspace       used 44935K, capacity 46232K, committed 46652K, reserved 1091584K
  class space    used 4916K, capacity 5189K, committed 5268K, reserved 1048576K
}
2017-04-16T10:17:25.708-0700: 133969.967: Total time for which application threads were stopped: 0.0145466 seconds, Stopping threads took: 0.0001472 seconds
2017-04-16T10:17:39.598-0700: 133983.857: Total time for which application threads were stopped: 0.0021258 seconds, Stopping threads took: 0.0001460 seconds
{Heap before GC invocations=12481 (full 18):
 par new generation   total 1800000K, used 1606274K [0x00000003ef600000, 0x0000000469720000, 0x0000000469720000)
  eden space 1600000K, 100% used [0x00000003ef600000, 0x0000000451080000, 0x0000000451080000)
  from space 200000K,   3% used [0x000000045d3d0000, 0x000000045d9f0b98, 0x0000000469720000)
  to   space 200000K,   0% used [0x0000000451080000, 0x0000000451080000, 0x000000045d3d0000)
 concurrent mark-sweep generation total 14001024K, used 7625658K [0x0000000469720000, 0x00000007c0000000, 0x00000007c0000000)
 Metaspace       used 44935K, capacity 46232K, committed 46652K, reserved 1091584K
  class space    used 4916K, capacity 5189K, committed 5268K, reserved 1048576K
2017-04-16T10:17:40.000-0700: 133984.259: [GC (Allocation Failure) Before GC:
Statistics for BinaryTreeDictionary:
------------------------------------
Total Free Space: 188912164
Max   Chunk Size: 1128311
Number of Blocks: 84201
Av.  Block  Size: 2243
Tree      Height: 109
2017-04-16T10:17:40.000-0700: 133984.260: [ParNew
Desired survivor size 102400000 bytes, new threshold 1 (max 1)
- age   1:    7028320 bytes,    7028320 total
: 1606274K->7370K(1800000K), 0.0121075 secs] 9231933K->7634278K(15801024K)After GC:
Statistics for BinaryTreeDictionary:
------------------------------------
Total Free Space: 188881421
Max   Chunk Size: 1128311
Number of Blocks: 84169
Av.  Block  Size: 2244
Tree      Height: 109
, 0.0134368 secs] [Times: user=0.29 sys=0.00, real=0.01 secs] 
Heap after GC invocations=12482 (full 18):
 par new generation   total 1800000K, used 7370K [0x00000003ef600000, 0x0000000469720000, 0x0000000469720000)
  eden space 1600000K,   0% used [0x00000003ef600000, 0x00000003ef600000, 0x0000000451080000)
  from space 200000K,   3% used [0x0000000451080000, 0x00000004517b2988, 0x000000045d3d0000)
  to   space 200000K,   0% used [0x000000045d3d0000, 0x000000045d3d0000, 0x0000000469720000)
 concurrent mark-sweep generation total 14001024K, used 7626908K [0x0000000469720000, 0x00000007c0000000, 0x00000007c0000000)
 Metaspace       used 44935K, capacity 46232K, committed 46652K, reserved 1091584K
  class space    used 4916K, capacity 5189K, committed 5268K, reserved 1048576K
}
2017-04-16T10:17:40.013-0700: 133984.272: Total time for which application threads were stopped: 0.0144983 seconds, Stopping threads took: 0.0001432 seconds
{Heap before GC invocations=12482 (full 18):
 par new generation   total 1800000K, used 1607370K [0x00000003ef600000, 0x0000000469720000, 0x0000000469720000)
  eden space 1600000K, 100% used [0x00000003ef600000, 0x0000000451080000, 0x0000000451080000)
  from space 200000K,   3% used [0x0000000451080000, 0x00000004517b2988, 0x000000045d3d0000)
  to   space 200000K,   0% used [0x000000045d3d0000, 0x000000045d3d0000, 0x0000000469720000)
 concurrent mark-sweep generation total 14001024K, used 7626908K [0x0000000469720000, 0x00000007c0000000, 0x00000007c0000000)
 Metaspace       used 44935K, capacity 46232K, committed 46652K, reserved 1091584K
  class space    used 4916K, capacity 5189K, committed 5268K, reserved 1048576K
2017-04-16T10:17:52.460-0700: 133996.720: [GC (Allocation Failure) Before GC:
Statistics for BinaryTreeDictionary:
------------------------------------
Total Free Space: 188881421
Max   Chunk Size: 1128311
Number of Blocks: 84169
Av.  Block  Size: 2244
Tree      Height: 109
2017-04-16T10:17:52.461-0700: 133996.720: [ParNew
Desired survivor size 102400000 bytes, new threshold 1 (max 1)
- age   1:    6093480 bytes,    6093480 total
: 1607370K->6648K(1800000K), 0.0119168 secs] 9234278K->7635153K(15801024K)After GC:
Statistics for BinaryTreeDictionary:
------------------------------------
Total Free Space: 188798782
Max   Chunk Size: 1128311
Number of Blocks: 84139
Av.  Block  Size: 2243
Tree      Height: 109
, 0.0132319 secs] [Times: user=0.29 sys=0.00, real=0.01 secs] 
Heap after GC invocations=12483 (full 18):
 par new generation   total 1800000K, used 6648K [0x00000003ef600000, 0x0000000469720000, 0x0000000469720000)
  eden space 1600000K,   0% used [0x00000003ef600000, 0x00000003ef600000, 0x0000000451080000)
  from space 200000K,   3% used [0x000000045d3d0000, 0x000000045da4e3e0, 0x0000000469720000)
  to   space 200000K,   0% used [0x0000000451080000, 0x0000000451080000, 0x000000045d3d0000)
 concurrent mark-sweep generation total 14001024K, used 7628504K [0x0000000469720000, 0x00000007c0000000, 0x00000007c0000000)
 Metaspace       used 44935K, capacity 46232K, committed 46652K, reserved 1091584K
  class space    used 4916K, capacity 5189K, committed 5268K, reserved 1048576K
}
2017-04-16T10:17:52.474-0700: 133996.733: Total time for which application threads were stopped: 0.0143178 seconds, Stopping threads took: 0.0001472 seconds
{Heap before GC invocations=12483 (full 18):
 par new generation   total 1800000K, used 1606648K [0x00000003ef600000, 0x0000000469720000, 0x0000000469720000)
  eden space 1600000K, 100% used [0x00000003ef600000, 0x0000000451080000, 0x0000000451080000)
  from space 200000K,   3% used [0x000000045d3d0000, 0x000000045da4e3e0, 0x0000000469720000)
  to   space 200000K,   0% used [0x0000000451080000, 0x0000000451080000, 0x000000045d3d0000)
 concurrent mark-sweep generation total 14001024K, used 7628504K [0x0000000469720000, 0x00000007c0000000, 0x00000007c0000000)
 Metaspace       used 44935K, capacity 46232K, committed 46652K, reserved 1091584K
  class space    used 4916K, capacity 5189K, committed 5268K, reserved 1048576K
2017-04-16T10:18:06.983-0700: 134011.243: [GC (Allocation Failure) Before GC:
Statistics for BinaryTreeDictionary:
------------------------------------
Total Free Space: 188798782
Max   Chunk Size: 1128311
Number of Blocks: 84139
Av.  Block  Size: 2243
Tree      Height: 109
2017-04-16T10:18:06.984-0700: 134011.243: [ParNew
Desired survivor size 102400000 bytes, new threshold 1 (max 1)
- age   1:    7045688 bytes,    7045688 total
: 1606648K->7465K(1800000K), 0.0123556 secs] 9235153K->7637041K(15801024K)After GC:
Statistics for BinaryTreeDictionary:
------------------------------------
Total Free Space: 188773838
Max   Chunk Size: 1128311
Number of Blocks: 84091
Av.  Block  Size: 2244
Tree      Height: 109
, 0.0136900 secs] [Times: user=0.29 sys=0.01, real=0.01 secs] 
Heap after GC invocations=12484 (full 18):
 par new generation   total 1800000K, used 7465K [0x00000003ef600000, 0x0000000469720000, 0x0000000469720000)
  eden space 1600000K,   0% used [0x00000003ef600000, 0x00000003ef600000, 0x0000000451080000)
  from space 200000K,   3% used [0x0000000451080000, 0x00000004517ca668, 0x000000045d3d0000)
  to   space 200000K,   0% used [0x000000045d3d0000, 0x000000045d3d0000, 0x0000000469720000)
 concurrent mark-sweep generation total 14001024K, used 7629576K [0x0000000469720000, 0x00000007c0000000, 0x00000007c0000000)
 Metaspace       used 44935K, capacity 46232K, committed 46652K, reserved 1091584K
  class space    used 4916K, capacity 5189K, committed 5268K, reserved 1048576K
}
2017-04-16T10:18:06.997-0700: 134011.256: Total time for which application threads were stopped: 0.0147753 seconds, Stopping threads took: 0.0001581 seconds
{Heap before GC invocations=12484 (full 18):
 par new generation   total 1800000K, used 1607465K [0x00000003ef600000, 0x0000000469720000, 0x0000000469720000)
  eden space 1600000K, 100% used [0x00000003ef600000, 0x0000000451080000, 0x0000000451080000)
  from space 200000K,   3% used [0x0000000451080000, 0x00000004517ca668, 0x000000045d3d0000)
  to   space 200000K,   0% used [0x000000045d3d0000, 0x000000045d3d0000, 0x0000000469720000)
 concurrent mark-sweep generation total 14001024K, used 7629576K [0x0000000469720000, 0x00000007c0000000, 0x00000007c0000000)
 Metaspace       used 44935K, capacity 46232K, committed 46652K, reserved 1091584K
  class space    used 4916K, capacity 5189K, committed 5268K, reserved 1048576K
2017-04-16T10:18:20.788-0700: 134025.047: [GC (Allocation Failure) Before GC:
Statistics for BinaryTreeDictionary:
------------------------------------
Total Free Space: 188773838
Max   Chunk Size: 1128311
Number of Blocks: 84091
Av.  Block  Size: 2244
Tree      Height: 109
2017-04-16T10:18:20.788-0700: 134025.048: [ParNew
Desired survivor size 102400000 bytes, new threshold 1 (max 1)
- age   1:    6331024 bytes,    6331024 total
: 1607465K->6748K(1800000K), 0.0120973 secs] 9237041K->7637681K(15801024K)After GC:
Statistics for BinaryTreeDictionary:
------------------------------------
Total Free Space: 188732877
Max   Chunk Size: 1128311
Number of Blocks: 84076
Av.  Block  Size: 2244
Tree      Height: 109
, 0.0134337 secs] [Times: user=0.29 sys=0.01, real=0.01 secs] 
Heap after GC invocations=12485 (full 18):
 par new generation   total 1800000K, used 6748K [0x00000003ef600000, 0x0000000469720000, 0x0000000469720000)
  eden space 1600000K,   0% used [0x00000003ef600000, 0x00000003ef600000, 0x0000000451080000)
  from space 200000K,   3% used [0x000000045d3d0000, 0x000000045da671b0, 0x0000000469720000)
  to   space 200000K,   0% used [0x0000000451080000, 0x0000000451080000, 0x000000045d3d0000)
 concurrent mark-sweep generation total 14001024K, used 7630933K [0x0000000469720000, 0x00000007c0000000, 0x00000007c0000000)
 Metaspace       used 44935K, capacity 46232K, committed 46652K, reserved 1091584K
  class space    used 4916K, capacity 5189K, committed 5268K, reserved 1048576K
}
2017-04-16T10:18:20.801-0700: 134025.060: Total time for which application threads were stopped: 0.0145088 seconds, Stopping threads took: 0.0001462 seconds
{Heap before GC invocations=12485 (full 18):
 par new generation   total 1800000K, used 1606748K [0x00000003ef600000, 0x0000000469720000, 0x0000000469720000)
  eden space 1600000K, 100% used [0x00000003ef600000, 0x0000000451080000, 0x0000000451080000)
  from space 200000K,   3% used [0x000000045d3d0000, 0x000000045da671b0, 0x0000000469720000)
  to   space 200000K,   0% used [0x0000000451080000, 0x0000000451080000, 0x000000045d3d0000)
 concurrent mark-sweep generation total 14001024K, used 7630933K [0x0000000469720000, 0x00000007c0000000, 0x00000007c0000000)
 Metaspace       used 44935K, capacity 46232K, committed 46652K, reserved 1091584K
  class space    used 4916K, capacity 5189K, committed 5268K, reserved 1048576K
2017-04-16T10:18:35.516-0700: 134039.775: [GC (Allocation Failure) Before GC:
Statistics for BinaryTreeDictionary:
------------------------------------
Total Free Space: 188732877
Max   Chunk Size: 1128311
Number of Blocks: 84076
Av.  Block  Size: 2244
Tree      Height: 109
2017-04-16T10:18:35.516-0700: 134039.776: [ParNew
Desired survivor size 102400000 bytes, new threshold 1 (max 1)
- age   1:    5781016 bytes,    5781016 total
: 1606748K->6272K(1800000K), 0.0120734 secs] 9237681K->7638513K(15801024K)After GC:
Statistics for BinaryTreeDictionary:
------------------------------------
Total Free Space: 188688532
Max   Chunk Size: 1128311
Number of Blocks: 84055
Av.  Block  Size: 2244
Tree      Height: 109
, 0.0133918 secs] [Times: user=0.29 sys=0.00, real=0.01 secs] 
Heap after GC invocations=12486 (full 18):
 par new generation   total 1800000K, used 6272K [0x00000003ef600000, 0x0000000469720000, 0x0000000469720000)
  eden space 1600000K,   0% used [0x00000003ef600000, 0x00000003ef600000, 0x0000000451080000)
  from space 200000K,   3% used [0x0000000451080000, 0x00000004516a00a8, 0x000000045d3d0000)
  to   space 200000K,   0% used [0x000000045d3d0000, 0x000000045d3d0000, 0x0000000469720000)
 concurrent mark-sweep generation total 14001024K, used 7632241K [0x0000000469720000, 0x00000007c0000000, 0x00000007c0000000)
 Metaspace       used 44935K, capacity 46232K, committed 46652K, reserved 1091584K
  class space    used 4916K, capacity 5189K, committed 5268K, reserved 1048576K
}
2017-04-16T10:18:35.529-0700: 134039.788: Total time for which application threads were stopped: 0.0144839 seconds, Stopping threads took: 0.0001470 seconds
2017-04-16T10:18:39.558-0700: 134043.817: Total time for which application threads were stopped: 0.0008995 seconds, Stopping threads took: 0.0001455 seconds
{Heap before GC invocations=12486 (full 18):
 par new generation   total 1800000K, used 1606272K [0x00000003ef600000, 0x0000000469720000, 0x0000000469720000)
  eden space 1600000K, 100% used [0x00000003ef600000, 0x0000000451080000, 0x0000000451080000)
  from space 200000K,   3% used [0x0000000451080000, 0x00000004516a00a8, 0x000000045d3d0000)
  to   space 200000K,   0% used [0x000000045d3d0000, 0x000000045d3d0000, 0x0000000469720000)
 concurrent mark-sweep generation total 14001024K, used 7632241K [0x0000000469720000, 0x00000007c0000000, 0x00000007c0000000)
 Metaspace       used 44935K, capacity 46232K, committed 46652K, reserved 1091584K
  class space    used 4916K, capacity 5189K, committed 5268K, reserved 1048576K
2017-04-16T10:18:49.592-0700: 134053.852: [GC (Allocation Failure) Before GC:
Statistics for BinaryTreeDictionary:
------------------------------------
Total Free Space: 188688532
Max   Chunk Size: 1128311
Number of Blocks: 84055
Av.  Block  Size: 2244
Tree      Height: 109
2017-04-16T10:18:49.593-0700: 134053.852: [ParNew
Desired survivor size 102400000 bytes, new threshold 1 (max 1)
- age   1:    6060840 bytes,    6060840 total
: 1606272K->6345K(1800000K), 0.0119834 secs] 9238513K->7639863K(15801024K)After GC:
Statistics for BinaryTreeDictionary:
------------------------------------
Total Free Space: 188644707
Max   Chunk Size: 1128311
Number of Blocks: 84037
Av.  Block  Size: 2244
Tree      Height: 109
, 0.0133317 secs] [Times: user=0.30 sys=0.00, real=0.01 secs] 
Heap after GC invocations=12487 (full 18):
 par new generation   total 1800000K, used 6345K [0x00000003ef600000, 0x0000000469720000, 0x0000000469720000)
  eden space 1600000K,   0% used [0x00000003ef600000, 0x00000003ef600000, 0x0000000451080000)
  from space 200000K,   3% used [0x000000045d3d0000, 0x000000045da02478, 0x0000000469720000)
  to   space 200000K,   0% used [0x0000000451080000, 0x0000000451080000, 0x000000045d3d0000)
 concurrent mark-sweep generation total 14001024K, used 7633518K [0x0000000469720000, 0x00000007c0000000, 0x00000007c0000000)
 Metaspace       used 44935K, capacity 46232K, committed 46652K, reserved 1091584K
  class space    used 4916K, capacity 5189K, committed 5268K, reserved 1048576K
}
2017-04-16T10:18:49.606-0700: 134053.865: Total time for which application threads were stopped: 0.0143866 seconds, Stopping threads took: 0.0001459 seconds
{Heap before GC invocations=12487 (full 18):
 par new generation   total 1800000K, used 1606345K [0x00000003ef600000, 0x0000000469720000, 0x0000000469720000)
  eden space 1600000K, 100% used [0x00000003ef600000, 0x0000000451080000, 0x0000000451080000)
  from space 200000K,   3% used [0x000000045d3d0000, 0x000000045da02478, 0x0000000469720000)
  to   space 200000K,   0% used [0x0000000451080000, 0x0000000451080000, 0x000000045d3d0000)
 concurrent mark-sweep generation total 14001024K, used 7633518K [0x0000000469720000, 0x00000007c0000000, 0x00000007c0000000)
 Metaspace       used 44935K, capacity 46232K, committed 46652K, reserved 1091584K
  class space    used 4916K, capacity 5189K, committed 5268K, reserved 1048576K
2017-04-16T10:19:04.282-0700: 134068.541: [GC (Allocation Failure) Before GC:
Statistics for BinaryTreeDictionary:
------------------------------------
Total Free Space: 188644707
Max   Chunk Size: 1128311
Number of Blocks: 84037
Av.  Block  Size: 2244
Tree      Height: 109
2017-04-16T10:19:04.282-0700: 134068.542: [ParNew
Desired survivor size 102400000 bytes, new threshold 1 (max 1)
- age   1:    5955472 bytes,    5955472 total
: 1606345K->6398K(1800000K), 0.0125249 secs] 9239863K->7641343K(15801024K)After GC:
Statistics for BinaryTreeDictionary:
------------------------------------
Total Free Space: 188587747
Max   Chunk Size: 1128311
Number of Blocks: 84022
Av.  Block  Size: 2244
Tree      Height: 109
, 0.0138304 secs] [Times: user=0.31 sys=0.00, real=0.01 secs] 
Heap after GC invocations=12488 (full 18):
 par new generation   total 1800000K, used 6398K [0x00000003ef600000, 0x0000000469720000, 0x0000000469720000)
  eden space 1600000K,   0% used [0x00000003ef600000, 0x00000003ef600000, 0x0000000451080000)
  from space 200000K,   3% used [0x0000000451080000, 0x00000004516bf978, 0x000000045d3d0000)
  to   space 200000K,   0% used [0x000000045d3d0000, 0x000000045d3d0000, 0x0000000469720000)
 concurrent mark-sweep generation total 14001024K, used 7634945K [0x0000000469720000, 0x00000007c0000000, 0x00000007c0000000)
 Metaspace       used 44935K, capacity 46232K, committed 46652K, reserved 1091584K
  class space    used 4916K, capacity 5189K, committed 5268K, reserved 1048576K
}
2017-04-16T10:19:04.296-0700: 134068.555: Total time for which application threads were stopped: 0.0149213 seconds, Stopping threads took: 0.0001512 seconds
2017-04-16T10:19:09.775-0700: 134074.035: Total time for which application threads were stopped: 0.0021059 seconds, Stopping threads took: 0.0001429 seconds
2017-04-16T10:19:09.785-0700: 134074.044: Total time for which application threads were stopped: 0.0011112 seconds, Stopping threads took: 0.0000443 seconds
{Heap before GC invocations=12488 (full 18):
 par new generation   total 1800000K, used 1606398K [0x00000003ef600000, 0x0000000469720000, 0x0000000469720000)
  eden space 1600000K, 100% used [0x00000003ef600000, 0x0000000451080000, 0x0000000451080000)
  from space 200000K,   3% used [0x0000000451080000, 0x00000004516bf978, 0x000000045d3d0000)
  to   space 200000K,   0% used [0x000000045d3d0000, 0x000000045d3d0000, 0x0000000469720000)
 concurrent mark-sweep generation total 14001024K, used 7634945K [0x0000000469720000, 0x00000007c0000000, 0x00000007c0000000)
 Metaspace       used 44935K, capacity 46232K, committed 46652K, reserved 1091584K
  class space    used 4916K, capacity 5189K, committed 5268K, reserved 1048576K
2017-04-16T10:19:15.908-0700: 134080.167: [GC (Allocation Failure) Before GC:
Statistics for BinaryTreeDictionary:
------------------------------------
Total Free Space: 188587747
Max   Chunk Size: 1128311
Number of Blocks: 84022
Av.  Block  Size: 2244
Tree      Height: 109
2017-04-16T10:19:15.909-0700: 134080.168: [ParNew
Desired survivor size 102400000 bytes, new threshold 1 (max 1)
- age   1:    8145616 bytes,    8145616 total
: 1606398K->8541K(1800000K), 0.0120568 secs] 9241343K->7644805K(15801024K)After GC:
Statistics for BinaryTreeDictionary:
------------------------------------
Total Free Space: 188545136
Max   Chunk Size: 1128311
Number of Blocks: 84003
Av.  Block  Size: 2244
Tree      Height: 109
, 0.0133918 secs] [Times: user=0.30 sys=0.00, real=0.01 secs] 
Heap after GC invocations=12489 (full 18):
 par new generation   total 1800000K, used 8541K [0x00000003ef600000, 0x0000000469720000, 0x0000000469720000)
  eden space 1600000K,   0% used [0x00000003ef600000, 0x00000003ef600000, 0x0000000451080000)
  from space 200000K,   4% used [0x000000045d3d0000, 0x000000045dc275d8, 0x0000000469720000)
  to   space 200000K,   0% used [0x0000000451080000, 0x0000000451080000, 0x000000045d3d0000)
 concurrent mark-sweep generation total 14001024K, used 7636263K [0x0000000469720000, 0x00000007c0000000, 0x00000007c0000000)
 Metaspace       used 44935K, capacity 46232K, committed 46652K, reserved 1091584K
  class space    used 4916K, capacity 5189K, committed 5268K, reserved 1048576K
}
2017-04-16T10:19:15.921-0700: 134080.181: Total time for which application threads were stopped: 0.0144850 seconds, Stopping threads took: 0.0001595 seconds
{Heap before GC invocations=12489 (full 18):
 par new generation   total 1800000K, used 1608541K [0x00000003ef600000, 0x0000000469720000, 0x0000000469720000)
  eden space 1600000K, 100% used [0x00000003ef600000, 0x0000000451080000, 0x0000000451080000)
  from space 200000K,   4% used [0x000000045d3d0000, 0x000000045dc275d8, 0x0000000469720000)
  to   space 200000K,   0% used [0x0000000451080000, 0x0000000451080000, 0x000000045d3d0000)
 concurrent mark-sweep generation total 14001024K, used 7636263K [0x0000000469720000, 0x00000007c0000000, 0x00000007c0000000)
 Metaspace       used 44935K, capacity 46232K, committed 46652K, reserved 1091584K
  class space    used 4916K, capacity 5189K, committed 5268K, reserved 1048576K
2017-04-16T10:19:30.841-0700: 134095.100: [GC (Allocation Failure) Before GC:
Statistics for BinaryTreeDictionary:
------------------------------------
Total Free Space: 188545136
Max   Chunk Size: 1128311
Number of Blocks: 84003
Av.  Block  Size: 2244
Tree      Height: 109
2017-04-16T10:19:30.841-0700: 134095.101: [ParNew
Desired survivor size 102400000 bytes, new threshold 1 (max 1)
- age   1:    6544176 bytes,    6544176 total
: 1608541K->6982K(1800000K), 0.0126084 secs] 9244805K->7644740K(15801024K)After GC:
Statistics for BinaryTreeDictionary:
------------------------------------
Total Free Space: 188462671
Max   Chunk Size: 1128311
Number of Blocks: 83949
Av.  Block  Size: 2244
Tree      Height: 109
, 0.0139308 secs] [Times: user=0.31 sys=0.00, real=0.02 secs] 
Heap after GC invocations=12490 (full 18):
 par new generation   total 1800000K, used 6982K [0x00000003ef600000, 0x0000000469720000, 0x0000000469720000)
  eden space 1600000K,   0% used [0x00000003ef600000, 0x00000003ef600000, 0x0000000451080000)
  from space 200000K,   3% used [0x0000000451080000, 0x0000000451751ba0, 0x000000045d3d0000)
  to   space 200000K,   0% used [0x000000045d3d0000, 0x000000045d3d0000, 0x0000000469720000)
 concurrent mark-sweep generation total 14001024K, used 7637757K [0x0000000469720000, 0x00000007c0000000, 0x00000007c0000000)
 Metaspace       used 44935K, capacity 46232K, committed 46652K, reserved 1091584K
  class space    used 4916K, capacity 5189K, committed 5268K, reserved 1048576K
}
2017-04-16T10:19:30.855-0700: 134095.114: Total time for which application threads were stopped: 0.0150113 seconds, Stopping threads took: 0.0001563 seconds
{Heap before GC invocations=12490 (full 18):
 par new generation   total 1800000K, used 1606982K [0x00000003ef600000, 0x0000000469720000, 0x0000000469720000)
  eden space 1600000K, 100% used [0x00000003ef600000, 0x0000000451080000, 0x0000000451080000)
  from space 200000K,   3% used [0x0000000451080000, 0x0000000451751ba0, 0x000000045d3d0000)
  to   space 200000K,   0% used [0x000000045d3d0000, 0x000000045d3d0000, 0x0000000469720000)
 concurrent mark-sweep generation total 14001024K, used 7637757K [0x0000000469720000, 0x00000007c0000000, 0x00000007c0000000)
 Metaspace       used 44935K, capacity 46232K, committed 46652K, reserved 1091584K
  class space    used 4916K, capacity 5189K, committed 5268K, reserved 1048576K
2017-04-16T10:19:45.295-0700: 134109.554: [GC (Allocation Failure) Before GC:
Statistics for BinaryTreeDictionary:
------------------------------------
Total Free Space: 188462671
Max   Chunk Size: 1128311
Number of Blocks: 83949
Av.  Block  Size: 2244
Tree      Height: 109
2017-04-16T10:19:45.296-0700: 134109.555: [ParNew
Desired survivor size 102400000 bytes, new threshold 1 (max 1)
- age   1:    6766592 bytes,    6766592 total
: 1606982K->7162K(1800000K), 0.0123206 secs] 9244740K->7646167K(15801024K)After GC:
Statistics for BinaryTreeDictionary:
------------------------------------
Total Free Space: 188435019
Max   Chunk Size: 1128311
Number of Blocks: 83929
Av.  Block  Size: 2245
Tree      Height: 109
, 0.0136561 secs] [Times: user=0.30 sys=0.00, real=0.02 secs] 
Heap after GC invocations=12491 (full 18):
 par new generation   total 1800000K, used 7162K [0x00000003ef600000, 0x0000000469720000, 0x0000000469720000)
  eden space 1600000K,   0% used [0x00000003ef600000, 0x00000003ef600000, 0x0000000451080000)
  from space 200000K,   3% used [0x000000045d3d0000, 0x000000045dacebd0, 0x0000000469720000)
  to   space 200000K,   0% used [0x0000000451080000, 0x0000000451080000, 0x000000045d3d0000)
 concurrent mark-sweep generation total 14001024K, used 7639004K [0x0000000469720000, 0x00000007c0000000, 0x00000007c0000000)
 Metaspace       used 44935K, capacity 46232K, committed 46652K, reserved 1091584K
  class space    used 4916K, capacity 5189K, committed 5268K, reserved 1048576K
}
2017-04-16T10:19:45.309-0700: 134109.568: Total time for which application threads were stopped: 0.0147383 seconds, Stopping threads took: 0.0001463 seconds
{Heap before GC invocations=12491 (full 18):
 par new generation   total 1800000K, used 1607162K [0x00000003ef600000, 0x0000000469720000, 0x0000000469720000)
  eden space 1600000K, 100% used [0x00000003ef600000, 0x0000000451080000, 0x0000000451080000)
  from space 200000K,   3% used [0x000000045d3d0000, 0x000000045dacebd0, 0x0000000469720000)
  to   space 200000K,   0% used [0x0000000451080000, 0x0000000451080000, 0x000000045d3d0000)
 concurrent mark-sweep generation total 14001024K, used 7639004K [0x0000000469720000, 0x00000007c0000000, 0x00000007c0000000)
 Metaspace       used 44935K, capacity 46232K, committed 46652K, reserved 1091584K
  class space    used 4916K, capacity 5189K, committed 5268K, reserved 1048576K
2017-04-16T10:20:00.249-0700: 134124.508: [GC (Allocation Failure) Before GC:
Statistics for BinaryTreeDictionary:
------------------------------------
Total Free Space: 188435019
Max   Chunk Size: 1128311
Number of Blocks: 83929
Av.  Block  Size: 2245
Tree      Height: 109
2017-04-16T10:20:00.250-0700: 134124.509: [ParNew
Desired survivor size 102400000 bytes, new threshold 1 (max 1)
- age   1:    6772440 bytes,    6772440 total
: 1607162K->7115K(1800000K), 0.0123350 secs] 9246167K->7647532K(15801024K)After GC:
Statistics for BinaryTreeDictionary:
------------------------------------
Total Free Space: 188377388
Max   Chunk Size: 1128311
Number of Blocks: 83916
Av.  Block  Size: 2244
Tree      Height: 109
, 0.0136772 secs] [Times: user=0.31 sys=0.00, real=0.01 secs] 
Heap after GC invocations=12492 (full 18):
 par new generation   total 1800000K, used 7115K [0x00000003ef600000, 0x0000000469720000, 0x0000000469720000)
  eden space 1600000K,   0% used [0x00000003ef600000, 0x00000003ef600000, 0x0000000451080000)
  from space 200000K,   3% used [0x0000000451080000, 0x0000000451772d38, 0x000000045d3d0000)
  to   space 200000K,   0% used [0x000000045d3d0000, 0x000000045d3d0000, 0x0000000469720000)
 concurrent mark-sweep generation total 14001024K, used 7640417K [0x0000000469720000, 0x00000007c0000000, 0x00000007c0000000)
 Metaspace       used 44935K, capacity 46232K, committed 46652K, reserved 1091584K
  class space    used 4916K, capacity 5189K, committed 5268K, reserved 1048576K
}
2017-04-16T10:20:00.263-0700: 134124.522: Total time for which application threads were stopped: 0.0147622 seconds, Stopping threads took: 0.0001467 seconds
2017-04-16T10:20:05.636-0700: 134129.895: Total time for which application threads were stopped: 0.0021468 seconds, Stopping threads took: 0.0001462 seconds
{Heap before GC invocations=12492 (full 18):
 par new generation   total 1800000K, used 1607115K [0x00000003ef600000, 0x0000000469720000, 0x0000000469720000)
  eden space 1600000K, 100% used [0x00000003ef600000, 0x0000000451080000, 0x0000000451080000)
  from space 200000K,   3% used [0x0000000451080000, 0x0000000451772d38, 0x000000045d3d0000)
  to   space 200000K,   0% used [0x000000045d3d0000, 0x000000045d3d0000, 0x0000000469720000)
 concurrent mark-sweep generation total 14001024K, used 7640417K [0x0000000469720000, 0x00000007c0000000, 0x00000007c0000000)
 Metaspace       used 44935K, capacity 46232K, committed 46652K, reserved 1091584K
  class space    used 4916K, capacity 5189K, committed 5268K, reserved 1048576K
2017-04-16T10:20:15.026-0700: 134139.285: [GC (Allocation Failure) Before GC:
Statistics for BinaryTreeDictionary:
------------------------------------
Total Free Space: 188377388
Max   Chunk Size: 1128311
Number of Blocks: 83916
Av.  Block  Size: 2244
Tree      Height: 109
2017-04-16T10:20:15.027-0700: 134139.286: [ParNew
Desired survivor size 102400000 bytes, new threshold 1 (max 1)
- age   1:    6732208 bytes,    6732208 total
: 1607115K->7197K(1800000K), 0.0127637 secs] 9247532K->7649478K(15801024K)After GC:
Statistics for BinaryTreeDictionary:
------------------------------------
Total Free Space: 188334779
Max   Chunk Size: 1128311
Number of Blocks: 83898
Av.  Block  Size: 2244
Tree      Height: 109
, 0.0140829 secs] [Times: user=0.31 sys=0.00, real=0.02 secs] 
Heap after GC invocations=12493 (full 18):
 par new generation   total 1800000K, used 7197K [0x00000003ef600000, 0x0000000469720000, 0x0000000469720000)
  eden space 1600000K,   0% used [0x00000003ef600000, 0x00000003ef600000, 0x0000000451080000)
  from space 200000K,   3% used [0x000000045d3d0000, 0x000000045dad74c8, 0x0000000469720000)
  to   space 200000K,   0% used [0x0000000451080000, 0x0000000451080000, 0x000000045d3d0000)
 concurrent mark-sweep generation total 14001024K, used 7642281K [0x0000000469720000, 0x00000007c0000000, 0x00000007c0000000)
 Metaspace       used 44935K, capacity 46232K, committed 46652K, reserved 1091584K
  class space    used 4916K, capacity 5189K, committed 5268K, reserved 1048576K
}
2017-04-16T10:20:15.040-0700: 134139.300: Total time for which application threads were stopped: 0.0151705 seconds, Stopping threads took: 0.0001594 seconds
{Heap before GC invocations=12493 (full 18):
 par new generation   total 1800000K, used 1607197K [0x00000003ef600000, 0x0000000469720000, 0x0000000469720000)
  eden space 1600000K, 100% used [0x00000003ef600000, 0x0000000451080000, 0x0000000451080000)
  from space 200000K,   3% used [0x000000045d3d0000, 0x000000045dad74c8, 0x0000000469720000)
  to   space 200000K,   0% used [0x0000000451080000, 0x0000000451080000, 0x000000045d3d0000)
 concurrent mark-sweep generation total 14001024K, used 7642281K [0x0000000469720000, 0x00000007c0000000, 0x00000007c0000000)
 Metaspace       used 44935K, capacity 46232K, committed 46652K, reserved 1091584K
  class space    used 4916K, capacity 5189K, committed 5268K, reserved 1048576K
2017-04-16T10:20:29.690-0700: 134153.949: [GC (Allocation Failure) Before GC:
Statistics for BinaryTreeDictionary:
------------------------------------
Total Free Space: 188334779
Max   Chunk Size: 1128311
Number of Blocks: 83898
Av.  Block  Size: 2244
Tree      Height: 109
2017-04-16T10:20:29.690-0700: 134153.950: [ParNew
Desired survivor size 102400000 bytes, new threshold 1 (max 1)
- age   1:    6296312 bytes,    6296312 total
: 1607197K->7014K(1800000K), 0.0125249 secs] 9249478K->7650827K(15801024K)After GC:
Statistics for BinaryTreeDictionary:
------------------------------------
Total Free Space: 188305596
Max   Chunk Size: 1128311
Number of Blocks: 83875
Av.  Block  Size: 2245
Tree      Height: 109
, 0.0138395 secs] [Times: user=0.31 sys=0.00, real=0.02 secs] 
Heap after GC invocations=12494 (full 18):
 par new generation   total 1800000K, used 7014K [0x00000003ef600000, 0x0000000469720000, 0x0000000469720000)
  eden space 1600000K,   0% used [0x00000003ef600000, 0x00000003ef600000, 0x0000000451080000)
  from space 200000K,   3% used [0x0000000451080000, 0x0000000451759a80, 0x000000045d3d0000)
  to   space 200000K,   0% used [0x000000045d3d0000, 0x000000045d3d0000, 0x0000000469720000)
 concurrent mark-sweep generation total 14001024K, used 7643812K [0x0000000469720000, 0x00000007c0000000, 0x00000007c0000000)
 Metaspace       used 44935K, capacity 46232K, committed 46652K, reserved 1091584K
  class space    used 4916K, capacity 5189K, committed 5268K, reserved 1048576K
}
2017-04-16T10:20:29.704-0700: 134153.963: Total time for which application threads were stopped: 0.0149315 seconds, Stopping threads took: 0.0001485 seconds
2017-04-16T10:20:39.596-0700: 134163.856: Total time for which application threads were stopped: 0.0021103 seconds, Stopping threads took: 0.0001448 seconds
{Heap before GC invocations=12494 (full 18):
 par new generation   total 1800000K, used 1607014K [0x00000003ef600000, 0x0000000469720000, 0x0000000469720000)
  eden space 1600000K, 100% used [0x00000003ef600000, 0x0000000451080000, 0x0000000451080000)
  from space 200000K,   3% used [0x0000000451080000, 0x0000000451759a80, 0x000000045d3d0000)
  to   space 200000K,   0% used [0x000000045d3d0000, 0x000000045d3d0000, 0x0000000469720000)
 concurrent mark-sweep generation total 14001024K, used 7643812K [0x0000000469720000, 0x00000007c0000000, 0x00000007c0000000)
 Metaspace       used 44935K, capacity 46232K, committed 46652K, reserved 1091584K
  class space    used 4916K, capacity 5189K, committed 5268K, reserved 1048576K
2017-04-16T10:20:41.768-0700: 134166.028: [GC (Allocation Failure) Before GC:
Statistics for BinaryTreeDictionary:
------------------------------------
Total Free Space: 188305596
Max   Chunk Size: 1128311
Number of Blocks: 83875
Av.  Block  Size: 2245
Tree      Height: 109
2017-04-16T10:20:41.769-0700: 134166.028: [ParNew
Desired survivor size 102400000 bytes, new threshold 1 (max 1)
- age   1:    7240976 bytes,    7240976 total
: 1607014K->7799K(1800000K), 0.0123972 secs] 9250827K->7652962K(15801024K)After GC:
Statistics for BinaryTreeDictionary:
------------------------------------
Total Free Space: 188279401
Max   Chunk Size: 1128311
Number of Blocks: 83857
Av.  Block  Size: 2245
Tree      Height: 109
, 0.0137184 secs] [Times: user=0.31 sys=0.00, real=0.01 secs] 
Heap after GC invocations=12495 (full 18):
 par new generation   total 1800000K, used 7799K [0x00000003ef600000, 0x0000000469720000, 0x0000000469720000)
  eden space 1600000K,   0% used [0x00000003ef600000, 0x00000003ef600000, 0x0000000451080000)
  from space 200000K,   3% used [0x000000045d3d0000, 0x000000045db6dd68, 0x0000000469720000)
  to   space 200000K,   0% used [0x0000000451080000, 0x0000000451080000, 0x000000045d3d0000)
 concurrent mark-sweep generation total 14001024K, used 7645162K [0x0000000469720000, 0x00000007c0000000, 0x00000007c0000000)
 Metaspace       used 44935K, capacity 46232K, committed 46652K, reserved 1091584K
  class space    used 4916K, capacity 5189K, committed 5268K, reserved 1048576K
}
2017-04-16T10:20:41.782-0700: 134166.042: Total time for which application threads were stopped: 0.0147893 seconds, Stopping threads took: 0.0001456 seconds
2017-04-16T10:20:44.292-0700: 134168.552: Total time for which application threads were stopped: 0.0008958 seconds, Stopping threads took: 0.0001501 seconds
{Heap before GC invocations=12495 (full 18):
 par new generation   total 1800000K, used 1607799K [0x00000003ef600000, 0x0000000469720000, 0x0000000469720000)
  eden space 1600000K, 100% used [0x00000003ef600000, 0x0000000451080000, 0x0000000451080000)
  from space 200000K,   3% used [0x000000045d3d0000, 0x000000045db6dd68, 0x0000000469720000)
  to   space 200000K,   0% used [0x0000000451080000, 0x0000000451080000, 0x000000045d3d0000)
 concurrent mark-sweep generation total 14001024K, used 7645162K [0x0000000469720000, 0x00000007c0000000, 0x00000007c0000000)
 Metaspace       used 44935K, capacity 46232K, committed 46652K, reserved 1091584K
  class space    used 4916K, capacity 5189K, committed 5268K, reserved 1048576K
2017-04-16T10:20:55.932-0700: 134180.192: [GC (Allocation Failure) Before GC:
Statistics for BinaryTreeDictionary:
------------------------------------
Total Free Space: 188279401
Max   Chunk Size: 1128311
Number of Blocks: 83857
Av.  Block  Size: 2245
Tree      Height: 109
2017-04-16T10:20:55.933-0700: 134180.192: [ParNew
Desired survivor size 102400000 bytes, new threshold 1 (max 1)
- age   1:    6150632 bytes,    6150632 total
: 1607799K->6803K(1800000K), 0.0122818 secs] 9252962K->7653864K(15801024K)After GC:
Statistics for BinaryTreeDictionary:
------------------------------------
Total Free Space: 188207130
Max   Chunk Size: 1128311
Number of Blocks: 83817
Av.  Block  Size: 2245
Tree      Height: 109
, 0.0135944 secs] [Times: user=0.30 sys=0.00, real=0.01 secs] 
Heap after GC invocations=12496 (full 18):
 par new generation   total 1800000K, used 6803K [0x00000003ef600000, 0x0000000469720000, 0x0000000469720000)
  eden space 1600000K,   0% used [0x00000003ef600000, 0x00000003ef600000, 0x0000000451080000)
  from space 200000K,   3% used [0x0000000451080000, 0x0000000451724cc8, 0x000000045d3d0000)
  to   space 200000K,   0% used [0x000000045d3d0000, 0x000000045d3d0000, 0x0000000469720000)
 concurrent mark-sweep generation total 14001024K, used 7647061K [0x0000000469720000, 0x00000007c0000000, 0x00000007c0000000)
 Metaspace       used 44935K, capacity 46232K, committed 46652K, reserved 1091584K
  class space    used 4916K, capacity 5189K, committed 5268K, reserved 1048576K
}
2017-04-16T10:20:55.946-0700: 134180.205: Total time for which application threads were stopped: 0.0146901 seconds, Stopping threads took: 0.0001644 seconds
2017-04-16T10:21:00.976-0700: 134185.235: Total time for which application threads were stopped: 0.0008889 seconds, Stopping threads took: 0.0001483 seconds
{Heap before GC invocations=12496 (full 18):
 par new generation   total 1800000K, used 1606803K [0x00000003ef600000, 0x0000000469720000, 0x0000000469720000)
  eden space 1600000K, 100% used [0x00000003ef600000, 0x0000000451080000, 0x0000000451080000)
  from space 200000K,   3% used [0x0000000451080000, 0x0000000451724cc8, 0x000000045d3d0000)
  to   space 200000K,   0% used [0x000000045d3d0000, 0x000000045d3d0000, 0x0000000469720000)
 concurrent mark-sweep generation total 14001024K, used 7647061K [0x0000000469720000, 0x00000007c0000000, 0x00000007c0000000)
 Metaspace       used 44935K, capacity 46232K, committed 46652K, reserved 1091584K
  class space    used 4916K, capacity 5189K, committed 5268K, reserved 1048576K
2017-04-16T10:21:10.893-0700: 134195.152: [GC (Allocation Failure) Before GC:
Statistics for BinaryTreeDictionary:
------------------------------------
Total Free Space: 188207130
Max   Chunk Size: 1128311
Number of Blocks: 83817
Av.  Block  Size: 2245
Tree      Height: 109
2017-04-16T10:21:10.894-0700: 134195.153: [ParNew
Desired survivor size 102400000 bytes, new threshold 1 (max 1)
- age   1:    6417568 bytes,    6417568 total
: 1606803K->6900K(1800000K), 0.0122788 secs] 9253864K->7655464K(15801024K)After GC:
Statistics for BinaryTreeDictionary:
------------------------------------
Total Free Space: 188164728
Max   Chunk Size: 1128311
Number of Blocks: 83800
Av.  Block  Size: 2245
Tree      Height: 109
, 0.0136159 secs] [Times: user=0.30 sys=0.00, real=0.01 secs] 
Heap after GC invocations=12497 (full 18):
 par new generation   total 1800000K, used 6900K [0x00000003ef600000, 0x0000000469720000, 0x0000000469720000)
  eden space 1600000K,   0% used [0x00000003ef600000, 0x00000003ef600000, 0x0000000451080000)
  from space 200000K,   3% used [0x000000045d3d0000, 0x000000045da8d200, 0x0000000469720000)
  to   space 200000K,   0% used [0x0000000451080000, 0x0000000451080000, 0x000000045d3d0000)
 concurrent mark-sweep generation total 14001024K, used 7648563K [0x0000000469720000, 0x00000007c0000000, 0x00000007c0000000)
 Metaspace       used 44935K, capacity 46232K, committed 46652K, reserved 1091584K
  class space    used 4916K, capacity 5189K, committed 5268K, reserved 1048576K
}
2017-04-16T10:21:10.907-0700: 134195.166: Total time for which application threads were stopped: 0.0146977 seconds, Stopping threads took: 0.0001457 seconds
{Heap before GC invocations=12497 (full 18):
 par new generation   total 1800000K, used 1606900K [0x00000003ef600000, 0x0000000469720000, 0x0000000469720000)
  eden space 1600000K, 100% used [0x00000003ef600000, 0x0000000451080000, 0x0000000451080000)
  from space 200000K,   3% used [0x000000045d3d0000, 0x000000045da8d200, 0x0000000469720000)
  to   space 200000K,   0% used [0x0000000451080000, 0x0000000451080000, 0x000000045d3d0000)
 concurrent mark-sweep generation total 14001024K, used 7648563K [0x0000000469720000, 0x00000007c0000000, 0x00000007c0000000)
 Metaspace       used 44935K, capacity 46232K, committed 46652K, reserved 1091584K
  class space    used 4916K, capacity 5189K, committed 5268K, reserved 1048576K
2017-04-16T10:21:25.953-0700: 134210.213: [GC (Allocation Failure) Before GC:
Statistics for BinaryTreeDictionary:
------------------------------------
Total Free Space: 188164728
Max   Chunk Size: 1128311
Number of Blocks: 83800
Av.  Block  Size: 2245
Tree      Height: 109
2017-04-16T10:21:25.954-0700: 134210.213: [ParNew
Desired survivor size 102400000 bytes, new threshold 1 (max 1)
- age   1:    6653800 bytes,    6653800 total
: 1606900K->7079K(1800000K), 0.0118206 secs] 9255464K->7656778K(15801024K)After GC:
Statistics for BinaryTreeDictionary:
------------------------------------
Total Free Space: 188154688
Max   Chunk Size: 1128311
Number of Blocks: 83784
Av.  Block  Size: 2245
Tree      Height: 109
, 0.0131458 secs] [Times: user=0.30 sys=0.00, real=0.01 secs] 
Heap after GC invocations=12498 (full 18):
 par new generation   total 1800000K, used 7079K [0x00000003ef600000, 0x0000000469720000, 0x0000000469720000)
  eden space 1600000K,   0% used [0x00000003ef600000, 0x00000003ef600000, 0x0000000451080000)
  from space 200000K,   3% used [0x0000000451080000, 0x0000000451769ed8, 0x000000045d3d0000)
  to   space 200000K,   0% used [0x000000045d3d0000, 0x000000045d3d0000, 0x0000000469720000)
 concurrent mark-sweep generation total 14001024K, used 7649699K [0x0000000469720000, 0x00000007c0000000, 0x00000007c0000000)
 Metaspace       used 44935K, capacity 46232K, committed 46652K, reserved 1091584K
  class space    used 4916K, capacity 5189K, committed 5268K, reserved 1048576K
}
2017-04-16T10:21:25.967-0700: 134210.226: Total time for which application threads were stopped: 0.0142558 seconds, Stopping threads took: 0.0001572 seconds
{Heap before GC invocations=12498 (full 18):
 par new generation   total 1800000K, used 1607079K [0x00000003ef600000, 0x0000000469720000, 0x0000000469720000)
  eden space 1600000K, 100% used [0x00000003ef600000, 0x0000000451080000, 0x0000000451080000)
  from space 200000K,   3% used [0x0000000451080000, 0x0000000451769ed8, 0x000000045d3d0000)
  to   space 200000K,   0% used [0x000000045d3d0000, 0x000000045d3d0000, 0x0000000469720000)
 concurrent mark-sweep generation total 14001024K, used 7649699K [0x0000000469720000, 0x00000007c0000000, 0x00000007c0000000)
 Metaspace       used 44935K, capacity 46232K, committed 46652K, reserved 1091584K
  class space    used 4916K, capacity 5189K, committed 5268K, reserved 1048576K
2017-04-16T10:21:39.606-0700: 134223.866: [GC (Allocation Failure) Before GC:
Statistics for BinaryTreeDictionary:
------------------------------------
Total Free Space: 188154688
Max   Chunk Size: 1128311
Number of Blocks: 83784
Av.  Block  Size: 2245
Tree      Height: 109
2017-04-16T10:21:39.607-0700: 134223.866: [ParNew
Desired survivor size 102400000 bytes, new threshold 1 (max 1)
- age   1:   13234856 bytes,   13234856 total
: 1607079K->13633K(1800000K), 0.0123617 secs] 9256778K->7664878K(15801024K)After GC:
Statistics for BinaryTreeDictionary:
------------------------------------
Total Free Space: 188093103
Max   Chunk Size: 1128311
Number of Blocks: 83761
Av.  Block  Size: 2245
Tree      Height: 109
, 0.0136862 secs] [Times: user=0.30 sys=0.00, real=0.01 secs] 
Heap after GC invocations=12499 (full 18):
 par new generation   total 1800000K, used 13633K [0x00000003ef600000, 0x0000000469720000, 0x0000000469720000)
  eden space 1600000K,   0% used [0x00000003ef600000, 0x00000003ef600000, 0x0000000451080000)
  from space 200000K,   6% used [0x000000045d3d0000, 0x000000045e120710, 0x0000000469720000)
  to   space 200000K,   0% used [0x0000000451080000, 0x0000000451080000, 0x000000045d3d0000)
 concurrent mark-sweep generation total 14001024K, used 7651245K [0x0000000469720000, 0x00000007c0000000, 0x00000007c0000000)
 Metaspace       used 44935K, capacity 46232K, committed 46652K, reserved 1091584K
  class space    used 4916K, capacity 5189K, committed 5268K, reserved 1048576K
}
2017-04-16T10:21:39.620-0700: 134223.880: Total time for which application threads were stopped: 0.0147552 seconds, Stopping threads took: 0.0001463 seconds
{Heap before GC invocations=12499 (full 18):
 par new generation   total 1800000K, used 1613633K [0x00000003ef600000, 0x0000000469720000, 0x0000000469720000)
  eden space 1600000K, 100% used [0x00000003ef600000, 0x0000000451080000, 0x0000000451080000)
  from space 200000K,   6% used [0x000000045d3d0000, 0x000000045e120710, 0x0000000469720000)
  to   space 200000K,   0% used [0x0000000451080000, 0x0000000451080000, 0x000000045d3d0000)
 concurrent mark-sweep generation total 14001024K, used 7651245K [0x0000000469720000, 0x00000007c0000000, 0x00000007c0000000)
 Metaspace       used 44935K, capacity 46232K, committed 46652K, reserved 1091584K
  class space    used 4916K, capacity 5189K, committed 5268K, reserved 1048576K
2017-04-16T10:21:53.708-0700: 134237.967: [GC (Allocation Failure) Before GC:
Statistics for BinaryTreeDictionary:
------------------------------------
Total Free Space: 188093103
Max   Chunk Size: 1128311
Number of Blocks: 83761
Av.  Block  Size: 2245
Tree      Height: 109
2017-04-16T10:21:53.709-0700: 134237.968: [ParNew
Desired survivor size 102400000 bytes, new threshold 1 (max 1)
- age   1:    6976432 bytes,    6976432 total
: 1613633K->10013K(1800000K), 0.0218308 secs] 9264878K->7669436K(15801024K)After GC:
Statistics for BinaryTreeDictionary:
------------------------------------
Total Free Space: 187932718
Max   Chunk Size: 1128311
Number of Blocks: 83736
Av.  Block  Size: 2244
Tree      Height: 109
, 0.0231883 secs] [Times: user=0.32 sys=0.00, real=0.02 secs] 
Heap after GC invocations=12500 (full 18):
 par new generation   total 1800000K, used 10013K [0x00000003ef600000, 0x0000000469720000, 0x0000000469720000)
  eden space 1600000K,   0% used [0x00000003ef600000, 0x00000003ef600000, 0x0000000451080000)
  from space 200000K,   5% used [0x0000000451080000, 0x0000000451a476c0, 0x000000045d3d0000)
  to   space 200000K,   0% used [0x000000045d3d0000, 0x000000045d3d0000, 0x0000000469720000)
 concurrent mark-sweep generation total 14001024K, used 7659423K [0x0000000469720000, 0x00000007c0000000, 0x00000007c0000000)
 Metaspace       used 44935K, capacity 46232K, committed 46652K, reserved 1091584K
  class space    used 4916K, capacity 5189K, committed 5268K, reserved 1048576K
}
2017-04-16T10:21:53.731-0700: 134237.991: Total time for which application threads were stopped: 0.0242465 seconds, Stopping threads took: 0.0001397 seconds
{Heap before GC invocations=12500 (full 18):
 par new generation   total 1800000K, used 1610013K [0x00000003ef600000, 0x0000000469720000, 0x0000000469720000)
  eden space 1600000K, 100% used [0x00000003ef600000, 0x0000000451080000, 0x0000000451080000)
  from space 200000K,   5% used [0x0000000451080000, 0x0000000451a476c0, 0x000000045d3d0000)
  to   space 200000K,   0% used [0x000000045d3d0000, 0x000000045d3d0000, 0x0000000469720000)
 concurrent mark-sweep generation total 14001024K, used 7659423K [0x0000000469720000, 0x00000007c0000000, 0x00000007c0000000)
 Metaspace       used 44935K, capacity 46232K, committed 46652K, reserved 1091584K
  class space    used 4916K, capacity 5189K, committed 5268K, reserved 1048576K
2017-04-16T10:22:08.104-0700: 134252.363: [GC (Allocation Failure) Before GC:
Statistics for BinaryTreeDictionary:
------------------------------------
Total Free Space: 187932718
Max   Chunk Size: 1128311
Number of Blocks: 83736
Av.  Block  Size: 2244
Tree      Height: 109
2017-04-16T10:22:08.105-0700: 134252.364: [ParNew
Desired survivor size 102400000 bytes, new threshold 1 (max 1)
- age   1:    6464096 bytes,    6464096 total
: 1610013K->7670K(1800000K), 0.0120322 secs] 9269436K->7668509K(15801024K)After GC:
Statistics for BinaryTreeDictionary:
------------------------------------
Total Free Space: 187887840
Max   Chunk Size: 1128311
Number of Blocks: 83712
Av.  Block  Size: 2244
Tree      Height: 109
, 0.0133626 secs] [Times: user=0.30 sys=0.00, real=0.02 secs] 
Heap after GC invocations=12501 (full 18):
 par new generation   total 1800000K, used 7670K [0x00000003ef600000, 0x0000000469720000, 0x0000000469720000)
  eden space 1600000K,   0% used [0x00000003ef600000, 0x00000003ef600000, 0x0000000451080000)
  from space 200000K,   3% used [0x000000045d3d0000, 0x000000045db4d868, 0x0000000469720000)
  to   space 200000K,   0% used [0x0000000451080000, 0x0000000451080000, 0x000000045d3d0000)
 concurrent mark-sweep generation total 14001024K, used 7660839K [0x0000000469720000, 0x00000007c0000000, 0x00000007c0000000)
 Metaspace       used 44935K, capacity 46232K, committed 46652K, reserved 1091584K
  class space    used 4916K, capacity 5189K, committed 5268K, reserved 1048576K
}
2017-04-16T10:22:08.118-0700: 134252.377: Total time for which application threads were stopped: 0.0144308 seconds, Stopping threads took: 0.0001481 seconds
2017-04-16T10:22:09.601-0700: 134253.860: Total time for which application threads were stopped: 0.0021387 seconds, Stopping threads took: 0.0001446 seconds
{Heap before GC invocations=12501 (full 18):
 par new generation   total 1800000K, used 1607670K [0x00000003ef600000, 0x0000000469720000, 0x0000000469720000)
  eden space 1600000K, 100% used [0x00000003ef600000, 0x0000000451080000, 0x0000000451080000)
  from space 200000K,   3% used [0x000000045d3d0000, 0x000000045db4d868, 0x0000000469720000)
  to   space 200000K,   0% used [0x0000000451080000, 0x0000000451080000, 0x000000045d3d0000)
 concurrent mark-sweep generation total 14001024K, used 7660839K [0x0000000469720000, 0x00000007c0000000, 0x00000007c0000000)
 Metaspace       used 44935K, capacity 46232K, committed 46652K, reserved 1091584K
  class space    used 4916K, capacity 5189K, committed 5268K, reserved 1048576K
2017-04-16T10:22:19.902-0700: 134264.161: [GC (Allocation Failure) Before GC:
Statistics for BinaryTreeDictionary:
------------------------------------
Total Free Space: 187887840
Max   Chunk Size: 1128311
Number of Blocks: 83712
Av.  Block  Size: 2244
Tree      Height: 109
2017-04-16T10:22:19.902-0700: 134264.162: [ParNew
Desired survivor size 102400000 bytes, new threshold 1 (max 1)
- age   1:    7695304 bytes,    7695304 total
: 1607670K->7964K(1800000K), 0.0118574 secs] 9268509K->7670116K(15801024K)After GC:
Statistics for BinaryTreeDictionary:
------------------------------------
Total Free Space: 187845778
Max   Chunk Size: 1128311
Number of Blocks: 83695
Av.  Block  Size: 2244
Tree      Height: 109
, 0.0132019 secs] [Times: user=0.29 sys=0.00, real=0.01 secs] 
Heap after GC invocations=12502 (full 18):
 par new generation   total 1800000K, used 7964K [0x00000003ef600000, 0x0000000469720000, 0x0000000469720000)
  eden space 1600000K,   0% used [0x00000003ef600000, 0x00000003ef600000, 0x0000000451080000)
  from space 200000K,   3% used [0x0000000451080000, 0x00000004518470e8, 0x000000045d3d0000)
  to   space 200000K,   0% used [0x000000045d3d0000, 0x000000045d3d0000, 0x0000000469720000)
 concurrent mark-sweep generation total 14001024K, used 7662151K [0x0000000469720000, 0x00000007c0000000, 0x00000007c0000000)
 Metaspace       used 44935K, capacity 46232K, committed 46652K, reserved 1091584K
  class space    used 4916K, capacity 5189K, committed 5268K, reserved 1048576K
}
2017-04-16T10:22:19.915-0700: 134264.174: Total time for which application threads were stopped: 0.0143236 seconds, Stopping threads took: 0.0001579 seconds
{Heap before GC invocations=12502 (full 18):
 par new generation   total 1800000K, used 1607964K [0x00000003ef600000, 0x0000000469720000, 0x0000000469720000)
  eden space 1600000K, 100% used [0x00000003ef600000, 0x0000000451080000, 0x0000000451080000)
  from space 200000K,   3% used [0x0000000451080000, 0x00000004518470e8, 0x000000045d3d0000)
  to   space 200000K,   0% used [0x000000045d3d0000, 0x000000045d3d0000, 0x0000000469720000)
 concurrent mark-sweep generation total 14001024K, used 7662151K [0x0000000469720000, 0x00000007c0000000, 0x00000007c0000000)
 Metaspace       used 44935K, capacity 46232K, committed 46652K, reserved 1091584K
  class space    used 4916K, capacity 5189K, committed 5268K, reserved 1048576K
2017-04-16T10:22:34.828-0700: 134279.087: [GC (Allocation Failure) Before GC:
Statistics for BinaryTreeDictionary:
------------------------------------
Total Free Space: 187845778
Max   Chunk Size: 1128311
Number of Blocks: 83695
Av.  Block  Size: 2244
Tree      Height: 109
2017-04-16T10:22:34.828-0700: 134279.088: [ParNew
Desired survivor size 102400000 bytes, new threshold 1 (max 1)
- age   1:    6476576 bytes,    6476576 total
: 1607964K->6915K(1800000K), 0.0120451 secs] 9270116K->7670626K(15801024K)After GC:
Statistics for BinaryTreeDictionary:
------------------------------------
Total Free Space: 187769759
Max   Chunk Size: 1128311
Number of Blocks: 83649
Av.  Block  Size: 2244
Tree      Height: 110
, 0.0133582 secs] [Times: user=0.29 sys=0.00, real=0.01 secs] 
Heap after GC invocations=12503 (full 18):
 par new generation   total 1800000K, used 6915K [0x00000003ef600000, 0x0000000469720000, 0x0000000469720000)
  eden space 1600000K,   0% used [0x00000003ef600000, 0x00000003ef600000, 0x0000000451080000)
  from space 200000K,   3% used [0x000000045d3d0000, 0x000000045da90e20, 0x0000000469720000)
  to   space 200000K,   0% used [0x0000000451080000, 0x0000000451080000, 0x000000045d3d0000)
 concurrent mark-sweep generation total 14001024K, used 7663710K [0x0000000469720000, 0x00000007c0000000, 0x00000007c0000000)
 Metaspace       used 44935K, capacity 46232K, committed 46652K, reserved 1091584K
  class space    used 4916K, capacity 5189K, committed 5268K, reserved 1048576K
}
2017-04-16T10:22:34.841-0700: 134279.100: Total time for which application threads were stopped: 0.0144653 seconds, Stopping threads took: 0.0001586 seconds
{Heap before GC invocations=12503 (full 18):
 par new generation   total 1800000K, used 1606915K [0x00000003ef600000, 0x0000000469720000, 0x0000000469720000)
  eden space 1600000K, 100% used [0x00000003ef600000, 0x0000000451080000, 0x0000000451080000)
  from space 200000K,   3% used [0x000000045d3d0000, 0x000000045da90e20, 0x0000000469720000)
  to   space 200000K,   0% used [0x0000000451080000, 0x0000000451080000, 0x000000045d3d0000)
 concurrent mark-sweep generation total 14001024K, used 7663710K [0x0000000469720000, 0x00000007c0000000, 0x00000007c0000000)
 Metaspace       used 44935K, capacity 46232K, committed 46652K, reserved 1091584K
  class space    used 4916K, capacity 5189K, committed 5268K, reserved 1048576K
2017-04-16T10:22:49.295-0700: 134293.555: [GC (Allocation Failure) Before GC:
Statistics for BinaryTreeDictionary:
------------------------------------
Total Free Space: 187769759
Max   Chunk Size: 1128311
Number of Blocks: 83649
Av.  Block  Size: 2244
Tree      Height: 110
2017-04-16T10:22:49.296-0700: 134293.555: [ParNew
Desired survivor size 102400000 bytes, new threshold 1 (max 1)
- age   1:    6907600 bytes,    6907600 total
: 1606915K->7367K(1800000K), 0.0121730 secs] 9270626K->7672388K(15801024K)After GC:
Statistics for BinaryTreeDictionary:
------------------------------------
Total Free Space: 187724197
Max   Chunk Size: 1128311
Number of Blocks: 83628
Av.  Block  Size: 2244
Tree      Height: 110
, 0.0135122 secs] [Times: user=0.30 sys=0.00, real=0.01 secs] 
Heap after GC invocations=12504 (full 18):
 par new generation   total 1800000K, used 7367K [0x00000003ef600000, 0x0000000469720000, 0x0000000469720000)
  eden space 1600000K,   0% used [0x00000003ef600000, 0x00000003ef600000, 0x0000000451080000)
  from space 200000K,   3% used [0x0000000451080000, 0x00000004517b1d18, 0x000000045d3d0000)
  to   space 200000K,   0% used [0x000000045d3d0000, 0x000000045d3d0000, 0x0000000469720000)
 concurrent mark-sweep generation total 14001024K, used 7665020K [0x0000000469720000, 0x00000007c0000000, 0x00000007c0000000)
 Metaspace       used 44935K, capacity 46232K, committed 46652K, reserved 1091584K
  class space    used 4916K, capacity 5189K, committed 5268K, reserved 1048576K
}
2017-04-16T10:22:49.309-0700: 134293.568: Total time for which application threads were stopped: 0.0145888 seconds, Stopping threads took: 0.0001517 seconds
{Heap before GC invocations=12504 (full 18):
 par new generation   total 1800000K, used 1607367K [0x00000003ef600000, 0x0000000469720000, 0x0000000469720000)
  eden space 1600000K, 100% used [0x00000003ef600000, 0x0000000451080000, 0x0000000451080000)
  from space 200000K,   3% used [0x0000000451080000, 0x00000004517b1d18, 0x000000045d3d0000)
  to   space 200000K,   0% used [0x000000045d3d0000, 0x000000045d3d0000, 0x0000000469720000)
 concurrent mark-sweep generation total 14001024K, used 7665020K [0x0000000469720000, 0x00000007c0000000, 0x00000007c0000000)
 Metaspace       used 44935K, capacity 46232K, committed 46652K, reserved 1091584K
  class space    used 4916K, capacity 5189K, committed 5268K, reserved 1048576K
2017-04-16T10:23:03.775-0700: 134308.034: [GC (Allocation Failure) Before GC:
Statistics for BinaryTreeDictionary:
------------------------------------
Total Free Space: 187724197
Max   Chunk Size: 1128311
Number of Blocks: 83628
Av.  Block  Size: 2244
Tree      Height: 110
2017-04-16T10:23:03.776-0700: 134308.035: [ParNew
Desired survivor size 102400000 bytes, new threshold 1 (max 1)
- age   1:    6106368 bytes,    6106368 total
: 1607367K->6603K(1800000K), 0.0123687 secs] 9272388K->7672845K(15801024K)After GC:
Statistics for BinaryTreeDictionary:
------------------------------------
Total Free Space: 187700514
Max   Chunk Size: 1128311
Number of Blocks: 83617
Av.  Block  Size: 2244
Tree      Height: 110
, 0.0137182 secs] [Times: user=0.31 sys=0.00, real=0.02 secs] 
Heap after GC invocations=12505 (full 18):
 par new generation   total 1800000K, used 6603K [0x00000003ef600000, 0x0000000469720000, 0x0000000469720000)
  eden space 1600000K,   0% used [0x00000003ef600000, 0x00000003ef600000, 0x0000000451080000)
  from space 200000K,   3% used [0x000000045d3d0000, 0x000000045da42fe0, 0x0000000469720000)
  to   space 200000K,   0% used [0x0000000451080000, 0x0000000451080000, 0x000000045d3d0000)
 concurrent mark-sweep generation total 14001024K, used 7666241K [0x0000000469720000, 0x00000007c0000000, 0x00000007c0000000)
 Metaspace       used 44935K, capacity 46232K, committed 46652K, reserved 1091584K
  class space    used 4916K, capacity 5189K, committed 5268K, reserved 1048576K
}
2017-04-16T10:23:03.789-0700: 134308.048: Total time for which application threads were stopped: 0.0148127 seconds, Stopping threads took: 0.0001506 seconds
2017-04-16T10:23:05.719-0700: 134309.978: Total time for which application threads were stopped: 0.0021921 seconds, Stopping threads took: 0.0001518 seconds
{Heap before GC invocations=12505 (full 18):
 par new generation   total 1800000K, used 1606603K [0x00000003ef600000, 0x0000000469720000, 0x0000000469720000)
  eden space 1600000K, 100% used [0x00000003ef600000, 0x0000000451080000, 0x0000000451080000)
  from space 200000K,   3% used [0x000000045d3d0000, 0x000000045da42fe0, 0x0000000469720000)
  to   space 200000K,   0% used [0x0000000451080000, 0x0000000451080000, 0x000000045d3d0000)
 concurrent mark-sweep generation total 14001024K, used 7666241K [0x0000000469720000, 0x00000007c0000000, 0x00000007c0000000)
 Metaspace       used 44935K, capacity 46232K, committed 46652K, reserved 1091584K
  class space    used 4916K, capacity 5189K, committed 5268K, reserved 1048576K
2017-04-16T10:23:17.703-0700: 134321.963: [GC (Allocation Failure) Before GC:
Statistics for BinaryTreeDictionary:
------------------------------------
Total Free Space: 187700514
Max   Chunk Size: 1128311
Number of Blocks: 83617
Av.  Block  Size: 2244
Tree      Height: 110
2017-04-16T10:23:17.704-0700: 134321.963: [ParNew
Desired survivor size 102400000 bytes, new threshold 1 (max 1)
- age   1:    5966432 bytes,    5966432 total
: 1606603K->6344K(1800000K), 0.0121787 secs] 9272845K->7673931K(15801024K)After GC:
Statistics for BinaryTreeDictionary:
------------------------------------
Total Free Space: 187656228
Max   Chunk Size: 1128311
Number of Blocks: 83596
Av.  Block  Size: 2244
Tree      Height: 110
, 0.0135338 secs] [Times: user=0.30 sys=0.00, real=0.01 secs] 
Heap after GC invocations=12506 (full 18):
 par new generation   total 1800000K, used 6344K [0x00000003ef600000, 0x0000000469720000, 0x0000000469720000)
  eden space 1600000K,   0% used [0x00000003ef600000, 0x00000003ef600000, 0x0000000451080000)
  from space 200000K,   3% used [0x0000000451080000, 0x00000004516b2110, 0x000000045d3d0000)
  to   space 200000K,   0% used [0x000000045d3d0000, 0x000000045d3d0000, 0x0000000469720000)
 concurrent mark-sweep generation total 14001024K, used 7667586K [0x0000000469720000, 0x00000007c0000000, 0x00000007c0000000)
 Metaspace       used 44935K, capacity 46232K, committed 46652K, reserved 1091584K
  class space    used 4916K, capacity 5189K, committed 5268K, reserved 1048576K
}
2017-04-16T10:23:17.717-0700: 134321.976: Total time for which application threads were stopped: 0.0146137 seconds, Stopping threads took: 0.0001482 seconds
{Heap before GC invocations=12506 (full 18):
 par new generation   total 1800000K, used 1606344K [0x00000003ef600000, 0x0000000469720000, 0x0000000469720000)
  eden space 1600000K, 100% used [0x00000003ef600000, 0x0000000451080000, 0x0000000451080000)
  from space 200000K,   3% used [0x0000000451080000, 0x00000004516b2110, 0x000000045d3d0000)
  to   space 200000K,   0% used [0x000000045d3d0000, 0x000000045d3d0000, 0x0000000469720000)
 concurrent mark-sweep generation total 14001024K, used 7667586K [0x0000000469720000, 0x00000007c0000000, 0x00000007c0000000)
 Metaspace       used 44935K, capacity 46232K, committed 46652K, reserved 1091584K
  class space    used 4916K, capacity 5189K, committed 5268K, reserved 1048576K
2017-04-16T10:23:31.988-0700: 134336.248: [GC (Allocation Failure) Before GC:
Statistics for BinaryTreeDictionary:
------------------------------------
Total Free Space: 187656228
Max   Chunk Size: 1128311
Number of Blocks: 83596
Av.  Block  Size: 2244
Tree      Height: 110
2017-04-16T10:23:31.989-0700: 134336.248: [ParNew
Desired survivor size 102400000 bytes, new threshold 1 (max 1)
- age   1:    6097184 bytes,    6097184 total
: 1606344K->6637K(1800000K), 0.0123722 secs] 9273931K->7675431K(15801024K)After GC:
Statistics for BinaryTreeDictionary:
------------------------------------
Total Free Space: 187643312
Max   Chunk Size: 1128311
Number of Blocks: 83570
Av.  Block  Size: 2245
Tree      Height: 110
, 0.0137258 secs] [Times: user=0.30 sys=0.00, real=0.02 secs] 
Heap after GC invocations=12507 (full 18):
 par new generation   total 1800000K, used 6637K [0x00000003ef600000, 0x0000000469720000, 0x0000000469720000)
  eden space 1600000K,   0% used [0x00000003ef600000, 0x00000003ef600000, 0x0000000451080000)
  from space 200000K,   3% used [0x000000045d3d0000, 0x000000045da4b6b8, 0x0000000469720000)
  to   space 200000K,   0% used [0x0000000451080000, 0x0000000451080000, 0x000000045d3d0000)
 concurrent mark-sweep generation total 14001024K, used 7668793K [0x0000000469720000, 0x00000007c0000000, 0x00000007c0000000)
 Metaspace       used 44935K, capacity 46232K, committed 46652K, reserved 1091584K
  class space    used 4916K, capacity 5189K, committed 5268K, reserved 1048576K
}
2017-04-16T10:23:32.002-0700: 134336.262: Total time for which application threads were stopped: 0.0148209 seconds, Stopping threads took: 0.0001569 seconds
2017-04-16T10:23:39.699-0700: 134343.959: Total time for which application threads were stopped: 0.0021290 seconds, Stopping threads took: 0.0001442 seconds
{Heap before GC invocations=12507 (full 18):
 par new generation   total 1800000K, used 1606637K [0x00000003ef600000, 0x0000000469720000, 0x0000000469720000)
  eden space 1600000K, 100% used [0x00000003ef600000, 0x0000000451080000, 0x0000000451080000)
  from space 200000K,   3% used [0x000000045d3d0000, 0x000000045da4b6b8, 0x0000000469720000)
  to   space 200000K,   0% used [0x0000000451080000, 0x0000000451080000, 0x000000045d3d0000)
 concurrent mark-sweep generation total 14001024K, used 7668793K [0x0000000469720000, 0x00000007c0000000, 0x00000007c0000000)
 Metaspace       used 44935K, capacity 46232K, committed 46652K, reserved 1091584K
  class space    used 4916K, capacity 5189K, committed 5268K, reserved 1048576K
2017-04-16T10:23:43.679-0700: 134347.938: [GC (Allocation Failure) Before GC:
Statistics for BinaryTreeDictionary:
------------------------------------
Total Free Space: 187643312
Max   Chunk Size: 1128311
Number of Blocks: 83570
Av.  Block  Size: 2245
Tree      Height: 110
2017-04-16T10:23:43.679-0700: 134347.939: [ParNew
Desired survivor size 102400000 bytes, new threshold 1 (max 1)
- age   1:    7238288 bytes,    7238288 total
: 1606637K->7608K(1800000K), 0.0119239 secs] 9275431K->7677514K(15801024K)After GC:
Statistics for BinaryTreeDictionary:
------------------------------------
Total Free Space: 187617790
Max   Chunk Size: 1128311
Number of Blocks: 83553
Av.  Block  Size: 2245
Tree      Height: 110
, 0.0132634 secs] [Times: user=0.30 sys=0.00, real=0.01 secs] 
Heap after GC invocations=12508 (full 18):
 par new generation   total 1800000K, used 7608K [0x00000003ef600000, 0x0000000469720000, 0x0000000469720000)
  eden space 1600000K,   0% used [0x00000003ef600000, 0x00000003ef600000, 0x0000000451080000)
  from space 200000K,   3% used [0x0000000451080000, 0x00000004517ee108, 0x000000045d3d0000)
  to   space 200000K,   0% used [0x000000045d3d0000, 0x000000045d3d0000, 0x0000000469720000)
 concurrent mark-sweep generation total 14001024K, used 7669905K [0x0000000469720000, 0x00000007c0000000, 0x00000007c0000000)
 Metaspace       used 44935K, capacity 46232K, committed 46652K, reserved 1091584K
  class space    used 4916K, capacity 5189K, committed 5268K, reserved 1048576K
}
2017-04-16T10:23:43.692-0700: 134347.952: Total time for which application threads were stopped: 0.0143601 seconds, Stopping threads took: 0.0001546 seconds
{Heap before GC invocations=12508 (full 18):
 par new generation   total 1800000K, used 1607608K [0x00000003ef600000, 0x0000000469720000, 0x0000000469720000)
  eden space 1600000K, 100% used [0x00000003ef600000, 0x0000000451080000, 0x0000000451080000)
  from space 200000K,   3% used [0x0000000451080000, 0x00000004517ee108, 0x000000045d3d0000)
  to   space 200000K,   0% used [0x000000045d3d0000, 0x000000045d3d0000, 0x0000000469720000)
 concurrent mark-sweep generation total 14001024K, used 7669905K [0x0000000469720000, 0x00000007c0000000, 0x00000007c0000000)
 Metaspace       used 44935K, capacity 46232K, committed 46652K, reserved 1091584K
  class space    used 4916K, capacity 5189K, committed 5268K, reserved 1048576K
2017-04-16T10:23:58.314-0700: 134362.573: [GC (Allocation Failure) Before GC:
Statistics for BinaryTreeDictionary:
------------------------------------
Total Free Space: 187617790
Max   Chunk Size: 1128311
Number of Blocks: 83553
Av.  Block  Size: 2245
Tree      Height: 110
2017-04-16T10:23:58.314-0700: 134362.574: [ParNew
Desired survivor size 102400000 bytes, new threshold 1 (max 1)
- age   1:    5823456 bytes,    5823456 total
: 1607608K->6195K(1800000K), 0.0119046 secs] 9277514K->7677906K(15801024K)After GC:
Statistics for BinaryTreeDictionary:
------------------------------------
Total Free Space: 187489167
Max   Chunk Size: 1128311
Number of Blocks: 83502
Av.  Block  Size: 2245
Tree      Height: 110
, 0.0132333 secs] [Times: user=0.29 sys=0.00, real=0.02 secs] 
Heap after GC invocations=12509 (full 18):
 par new generation   total 1800000K, used 6195K [0x00000003ef600000, 0x0000000469720000, 0x0000000469720000)
  eden space 1600000K,   0% used [0x00000003ef600000, 0x00000003ef600000, 0x0000000451080000)
  from space 200000K,   3% used [0x000000045d3d0000, 0x000000045d9dcc18, 0x0000000469720000)
  to   space 200000K,   0% used [0x0000000451080000, 0x0000000451080000, 0x000000045d3d0000)
 concurrent mark-sweep generation total 14001024K, used 7671711K [0x0000000469720000, 0x00000007c0000000, 0x00000007c0000000)
 Metaspace       used 44935K, capacity 46232K, committed 46652K, reserved 1091584K
  class space    used 4916K, capacity 5189K, committed 5268K, reserved 1048576K
}
2017-04-16T10:23:58.327-0700: 134362.586: Total time for which application threads were stopped: 0.0143320 seconds, Stopping threads took: 0.0001491 seconds
{Heap before GC invocations=12509 (full 18):
 par new generation   total 1800000K, used 1606195K [0x00000003ef600000, 0x0000000469720000, 0x0000000469720000)
  eden space 1600000K, 100% used [0x00000003ef600000, 0x0000000451080000, 0x0000000451080000)
  from space 200000K,   3% used [0x000000045d3d0000, 0x000000045d9dcc18, 0x0000000469720000)
  to   space 200000K,   0% used [0x0000000451080000, 0x0000000451080000, 0x000000045d3d0000)
 concurrent mark-sweep generation total 14001024K, used 7671711K [0x0000000469720000, 0x00000007c0000000, 0x00000007c0000000)
 Metaspace       used 44935K, capacity 46232K, committed 46652K, reserved 1091584K
  class space    used 4916K, capacity 5189K, committed 5268K, reserved 1048576K
2017-04-16T10:24:12.659-0700: 134376.918: [GC (Allocation Failure) Before GC:
Statistics for BinaryTreeDictionary:
------------------------------------
Total Free Space: 187489167
Max   Chunk Size: 1128311
Number of Blocks: 83502
Av.  Block  Size: 2245
Tree      Height: 110
2017-04-16T10:24:12.659-0700: 134376.919: [ParNew
Desired survivor size 102400000 bytes, new threshold 1 (max 1)
- age   1:    5854680 bytes,    5854680 total
: 1606195K->6228K(1800000K), 0.0123333 secs] 9277906K->7679233K(15801024K)After GC:
Statistics for BinaryTreeDictionary:
------------------------------------
Total Free Space: 187459388
Max   Chunk Size: 1128311
Number of Blocks: 83478
Av.  Block  Size: 2245
Tree      Height: 110
, 0.0136743 secs] [Times: user=0.31 sys=0.00, real=0.01 secs] 
Heap after GC invocations=12510 (full 18):
 par new generation   total 1800000K, used 6228K [0x00000003ef600000, 0x0000000469720000, 0x0000000469720000)
  eden space 1600000K,   0% used [0x00000003ef600000, 0x00000003ef600000, 0x0000000451080000)
  from space 200000K,   3% used [0x0000000451080000, 0x00000004516951e0, 0x000000045d3d0000)
  to   space 200000K,   0% used [0x000000045d3d0000, 0x000000045d3d0000, 0x0000000469720000)
 concurrent mark-sweep generation total 14001024K, used 7673005K [0x0000000469720000, 0x00000007c0000000, 0x00000007c0000000)
 Metaspace       used 44935K, capacity 46232K, committed 46652K, reserved 1091584K
  class space    used 4916K, capacity 5189K, committed 5268K, reserved 1048576K
}
2017-04-16T10:24:12.673-0700: 134376.932: Total time for which application threads were stopped: 0.0147636 seconds, Stopping threads took: 0.0001492 seconds
{Heap before GC invocations=12510 (full 18):
 par new generation   total 1800000K, used 1606228K [0x00000003ef600000, 0x0000000469720000, 0x0000000469720000)
  eden space 1600000K, 100% used [0x00000003ef600000, 0x0000000451080000, 0x0000000451080000)
  from space 200000K,   3% used [0x0000000451080000, 0x00000004516951e0, 0x000000045d3d0000)
  to   space 200000K,   0% used [0x000000045d3d0000, 0x000000045d3d0000, 0x0000000469720000)
 concurrent mark-sweep generation total 14001024K, used 7673005K [0x0000000469720000, 0x00000007c0000000, 0x00000007c0000000)
 Metaspace       used 44935K, capacity 46232K, committed 46652K, reserved 1091584K
  class space    used 4916K, capacity 5189K, committed 5268K, reserved 1048576K
2017-04-16T10:24:26.587-0700: 134390.846: [GC (Allocation Failure) Before GC:
Statistics for BinaryTreeDictionary:
------------------------------------
Total Free Space: 187459388
Max   Chunk Size: 1128311
Number of Blocks: 83478
Av.  Block  Size: 2245
Tree      Height: 110
2017-04-16T10:24:26.587-0700: 134390.847: [ParNew
Desired survivor size 102400000 bytes, new threshold 1 (max 1)
- age   1:    6252960 bytes,    6252960 total
: 1606228K->6544K(1800000K), 0.0121554 secs] 9279233K->7680773K(15801024K)After GC:
Statistics for BinaryTreeDictionary:
------------------------------------
Total Free Space: 187424802
Max   Chunk Size: 1128311
Number of Blocks: 83437
Av.  Block  Size: 2246
Tree      Height: 110
, 0.0134939 secs] [Times: user=0.30 sys=0.00, real=0.02 secs] 
Heap after GC invocations=12511 (full 18):
 par new generation   total 1800000K, used 6544K [0x00000003ef600000, 0x0000000469720000, 0x0000000469720000)
  eden space 1600000K,   0% used [0x00000003ef600000, 0x00000003ef600000, 0x0000000451080000)
  from space 200000K,   3% used [0x000000045d3d0000, 0x000000045da34398, 0x0000000469720000)
  to   space 200000K,   0% used [0x0000000451080000, 0x0000000451080000, 0x000000045d3d0000)
 concurrent mark-sweep generation total 14001024K, used 7674228K [0x0000000469720000, 0x00000007c0000000, 0x00000007c0000000)
 Metaspace       used 44935K, capacity 46232K, committed 46652K, reserved 1091584K
  class space    used 4916K, capacity 5189K, committed 5268K, reserved 1048576K
}
2017-04-16T10:24:26.600-0700: 134390.860: Total time for which application threads were stopped: 0.0145788 seconds, Stopping threads took: 0.0001491 seconds
{Heap before GC invocations=12511 (full 18):
 par new generation   total 1800000K, used 1606544K [0x00000003ef600000, 0x0000000469720000, 0x0000000469720000)
  eden space 1600000K, 100% used [0x00000003ef600000, 0x0000000451080000, 0x0000000451080000)
  from space 200000K,   3% used [0x000000045d3d0000, 0x000000045da34398, 0x0000000469720000)
  to   space 200000K,   0% used [0x0000000451080000, 0x0000000451080000, 0x000000045d3d0000)
 concurrent mark-sweep generation total 14001024K, used 7674228K [0x0000000469720000, 0x00000007c0000000, 0x00000007c0000000)
 Metaspace       used 44935K, capacity 46232K, committed 46652K, reserved 1091584K
  class space    used 4916K, capacity 5189K, committed 5268K, reserved 1048576K
2017-04-16T10:24:41.212-0700: 134405.471: [GC (Allocation Failure) Before GC:
Statistics for BinaryTreeDictionary:
------------------------------------
Total Free Space: 187424802
Max   Chunk Size: 1128311
Number of Blocks: 83437
Av.  Block  Size: 2246
Tree      Height: 110
2017-04-16T10:24:41.212-0700: 134405.472: [ParNew
Desired survivor size 102400000 bytes, new threshold 1 (max 1)
- age   1:    6323936 bytes,    6323936 total
: 1606544K->6623K(1800000K), 0.0122300 secs] 9280773K->7682091K(15801024K)After GC:
Statistics for BinaryTreeDictionary:
------------------------------------
Total Free Space: 187396583
Max   Chunk Size: 1128311
Number of Blocks: 83411
Av.  Block  Size: 2246
Tree      Height: 110
, 0.0135843 secs] [Times: user=0.29 sys=0.00, real=0.01 secs] 
Heap after GC invocations=12512 (full 18):
 par new generation   total 1800000K, used 6623K [0x00000003ef600000, 0x0000000469720000, 0x0000000469720000)
  eden space 1600000K,   0% used [0x00000003ef600000, 0x00000003ef600000, 0x0000000451080000)
  from space 200000K,   3% used [0x0000000451080000, 0x00000004516f7e50, 0x000000045d3d0000)
  to   space 200000K,   0% used [0x000000045d3d0000, 0x000000045d3d0000, 0x0000000469720000)
 concurrent mark-sweep generation total 14001024K, used 7675468K [0x0000000469720000, 0x00000007c0000000, 0x00000007c0000000)
 Metaspace       used 44935K, capacity 46232K, committed 46652K, reserved 1091584K
  class space    used 4916K, capacity 5189K, committed 5268K, reserved 1048576K
}
2017-04-16T10:24:41.225-0700: 134405.485: Total time for which application threads were stopped: 0.0146705 seconds, Stopping threads took: 0.0001505 seconds
{Heap before GC invocations=12512 (full 18):
 par new generation   total 1800000K, used 1606623K [0x00000003ef600000, 0x0000000469720000, 0x0000000469720000)
  eden space 1600000K, 100% used [0x00000003ef600000, 0x0000000451080000, 0x0000000451080000)
  from space 200000K,   3% used [0x0000000451080000, 0x00000004516f7e50, 0x000000045d3d0000)
  to   space 200000K,   0% used [0x000000045d3d0000, 0x000000045d3d0000, 0x0000000469720000)
 concurrent mark-sweep generation total 14001024K, used 7675468K [0x0000000469720000, 0x00000007c0000000, 0x00000007c0000000)
 Metaspace       used 44935K, capacity 46232K, committed 46652K, reserved 1091584K
  class space    used 4916K, capacity 5189K, committed 5268K, reserved 1048576K
2017-04-16T10:24:56.157-0700: 134420.416: [GC (Allocation Failure) Before GC:
Statistics for BinaryTreeDictionary:
------------------------------------
Total Free Space: 187396583
Max   Chunk Size: 1128311
Number of Blocks: 83411
Av.  Block  Size: 2246
Tree      Height: 110
2017-04-16T10:24:56.157-0700: 134420.417: [ParNew
Desired survivor size 102400000 bytes, new threshold 1 (max 1)
- age   1:    6966176 bytes,    6966176 total
: 1606623K->7347K(1800000K), 0.0128528 secs] 9282091K->7684028K(15801024K)After GC:
Statistics for BinaryTreeDictionary:
------------------------------------
Total Free Space: 187363905
Max   Chunk Size: 1128311
Number of Blocks: 83380
Av.  Block  Size: 2247
Tree      Height: 110
, 0.0141911 secs] [Times: user=0.32 sys=0.00, real=0.01 secs] 
Heap after GC invocations=12513 (full 18):
 par new generation   total 1800000K, used 7347K [0x00000003ef600000, 0x0000000469720000, 0x0000000469720000)
  eden space 1600000K,   0% used [0x00000003ef600000, 0x00000003ef600000, 0x0000000451080000)
  from space 200000K,   3% used [0x000000045d3d0000, 0x000000045dafce00, 0x0000000469720000)
  to   space 200000K,   0% used [0x0000000451080000, 0x0000000451080000, 0x000000045d3d0000)
 concurrent mark-sweep generation total 14001024K, used 7676680K [0x0000000469720000, 0x00000007c0000000, 0x00000007c0000000)
 Metaspace       used 44935K, capacity 46232K, committed 46652K, reserved 1091584K
  class space    used 4916K, capacity 5189K, committed 5268K, reserved 1048576K
}
2017-04-16T10:24:56.171-0700: 134420.430: Total time for which application threads were stopped: 0.0152777 seconds, Stopping threads took: 0.0001468 seconds
2017-04-16T10:25:09.601-0700: 134433.860: Total time for which application threads were stopped: 0.0021405 seconds, Stopping threads took: 0.0001479 seconds
{Heap before GC invocations=12513 (full 18):
 par new generation   total 1800000K, used 1607347K [0x00000003ef600000, 0x0000000469720000, 0x0000000469720000)
  eden space 1600000K, 100% used [0x00000003ef600000, 0x0000000451080000, 0x0000000451080000)
  from space 200000K,   3% used [0x000000045d3d0000, 0x000000045dafce00, 0x0000000469720000)
  to   space 200000K,   0% used [0x0000000451080000, 0x0000000451080000, 0x000000045d3d0000)
 concurrent mark-sweep generation total 14001024K, used 7676680K [0x0000000469720000, 0x00000007c0000000, 0x00000007c0000000)
 Metaspace       used 44935K, capacity 46232K, committed 46652K, reserved 1091584K
  class space    used 4916K, capacity 5189K, committed 5268K, reserved 1048576K
2017-04-16T10:25:09.929-0700: 134434.188: [GC (Allocation Failure) Before GC:
Statistics for BinaryTreeDictionary:
------------------------------------
Total Free Space: 187363905
Max   Chunk Size: 1128311
Number of Blocks: 83380
Av.  Block  Size: 2247
Tree      Height: 110
2017-04-16T10:25:09.930-0700: 134434.189: [ParNew
Desired survivor size 102400000 bytes, new threshold 1 (max 1)
- age   1:    7680168 bytes,    7680168 total
: 1607347K->8313K(1800000K), 0.0134200 secs] 9284028K->7687023K(15801024K)After GC:
Statistics for BinaryTreeDictionary:
------------------------------------
Total Free Space: 187298299
Max   Chunk Size: 1128311
Number of Blocks: 83343
Av.  Block  Size: 2247
Tree      Height: 110
, 0.0147893 secs] [Times: user=0.33 sys=0.00, real=0.01 secs] 
Heap after GC invocations=12514 (full 18):
 par new generation   total 1800000K, used 8313K [0x00000003ef600000, 0x0000000469720000, 0x0000000469720000)
  eden space 1600000K,   0% used [0x00000003ef600000, 0x00000003ef600000, 0x0000000451080000)
  from space 200000K,   4% used [0x0000000451080000, 0x000000045189e560, 0x000000045d3d0000)
  to   space 200000K,   0% used [0x000000045d3d0000, 0x000000045d3d0000, 0x0000000469720000)
 concurrent mark-sweep generation total 14001024K, used 7678710K [0x0000000469720000, 0x00000007c0000000, 0x00000007c0000000)
 Metaspace       used 44935K, capacity 46232K, committed 46652K, reserved 1091584K
  class space    used 4916K, capacity 5189K, committed 5268K, reserved 1048576K
}
2017-04-16T10:25:09.944-0700: 134434.203: Total time for which application threads were stopped: 0.0159100 seconds, Stopping threads took: 0.0001582 seconds
2017-04-16T10:25:10.027-0700: 134434.286: Total time for which application threads were stopped: 0.0009008 seconds, Stopping threads took: 0.0001492 seconds
{Heap before GC invocations=12514 (full 18):
 par new generation   total 1800000K, used 1608313K [0x00000003ef600000, 0x0000000469720000, 0x0000000469720000)
  eden space 1600000K, 100% used [0x00000003ef600000, 0x0000000451080000, 0x0000000451080000)
  from space 200000K,   4% used [0x0000000451080000, 0x000000045189e560, 0x000000045d3d0000)
  to   space 200000K,   0% used [0x000000045d3d0000, 0x000000045d3d0000, 0x0000000469720000)
 concurrent mark-sweep generation total 14001024K, used 7678710K [0x0000000469720000, 0x00000007c0000000, 0x00000007c0000000)
 Metaspace       used 44935K, capacity 46232K, committed 46652K, reserved 1091584K
  class space    used 4916K, capacity 5189K, committed 5268K, reserved 1048576K
2017-04-16T10:25:22.767-0700: 134447.026: [GC (Allocation Failure) Before GC:
Statistics for BinaryTreeDictionary:
------------------------------------
Total Free Space: 187298299
Max   Chunk Size: 1128311
Number of Blocks: 83343
Av.  Block  Size: 2247
Tree      Height: 110
2017-04-16T10:25:22.768-0700: 134447.027: [ParNew
Desired survivor size 102400000 bytes, new threshold 1 (max 1)
- age   1:    5867048 bytes,    5867048 total
: 1608313K->6470K(1800000K), 0.0121754 secs] 9287023K->7686900K(15801024K)After GC:
Statistics for BinaryTreeDictionary:
------------------------------------
Total Free Space: 187216002
Max   Chunk Size: 1128311
Number of Blocks: 83313
Av.  Block  Size: 2247
Tree      Height: 110
, 0.0134752 secs] [Times: user=0.30 sys=0.00, real=0.02 secs] 
Heap after GC invocations=12515 (full 18):
 par new generation   total 1800000K, used 6470K [0x00000003ef600000, 0x0000000469720000, 0x0000000469720000)
  eden space 1600000K,   0% used [0x00000003ef600000, 0x00000003ef600000, 0x0000000451080000)
  from space 200000K,   3% used [0x000000045d3d0000, 0x000000045da21ad8, 0x0000000469720000)
  to   space 200000K,   0% used [0x0000000451080000, 0x0000000451080000, 0x000000045d3d0000)
 concurrent mark-sweep generation total 14001024K, used 7680430K [0x0000000469720000, 0x00000007c0000000, 0x00000007c0000000)
 Metaspace       used 44935K, capacity 46232K, committed 46652K, reserved 1091584K
  class space    used 4916K, capacity 5189K, committed 5268K, reserved 1048576K
}
2017-04-16T10:25:22.781-0700: 134447.040: Total time for which application threads were stopped: 0.0145497 seconds, Stopping threads took: 0.0001435 seconds
{Heap before GC invocations=12515 (full 18):
 par new generation   total 1800000K, used 1606470K [0x00000003ef600000, 0x0000000469720000, 0x0000000469720000)
  eden space 1600000K, 100% used [0x00000003ef600000, 0x0000000451080000, 0x0000000451080000)
  from space 200000K,   3% used [0x000000045d3d0000, 0x000000045da21ad8, 0x0000000469720000)
  to   space 200000K,   0% used [0x0000000451080000, 0x0000000451080000, 0x000000045d3d0000)
 concurrent mark-sweep generation total 14001024K, used 7680430K [0x0000000469720000, 0x00000007c0000000, 0x00000007c0000000)
 Metaspace       used 44935K, capacity 46232K, committed 46652K, reserved 1091584K
  class space    used 4916K, capacity 5189K, committed 5268K, reserved 1048576K
2017-04-16T10:25:37.579-0700: 134461.838: [GC (Allocation Failure) Before GC:
Statistics for BinaryTreeDictionary:
------------------------------------
Total Free Space: 187216002
Max   Chunk Size: 1128311
Number of Blocks: 83313
Av.  Block  Size: 2247
Tree      Height: 110
2017-04-16T10:25:37.579-0700: 134461.839: [ParNew
Desired survivor size 102400000 bytes, new threshold 1 (max 1)
- age   1:    8799000 bytes,    8799000 total
: 1606470K->9203K(1800000K), 0.0125690 secs] 9286900K->7690842K(15801024K)After GC:
Statistics for BinaryTreeDictionary:
------------------------------------
Total Free Space: 187193427
Max   Chunk Size: 1128311
Number of Blocks: 83267
Av.  Block  Size: 2248
Tree      Height: 110
, 0.0138981 secs] [Times: user=0.31 sys=0.00, real=0.02 secs] 
Heap after GC invocations=12516 (full 18):
 par new generation   total 1800000K, used 9203K [0x00000003ef600000, 0x0000000469720000, 0x0000000469720000)
  eden space 1600000K,   0% used [0x00000003ef600000, 0x00000003ef600000, 0x0000000451080000)
  from space 200000K,   4% used [0x0000000451080000, 0x000000045197ce70, 0x000000045d3d0000)
  to   space 200000K,   0% used [0x000000045d3d0000, 0x000000045d3d0000, 0x0000000469720000)
 concurrent mark-sweep generation total 14001024K, used 7681639K [0x0000000469720000, 0x00000007c0000000, 0x00000007c0000000)
 Metaspace       used 44935K, capacity 46232K, committed 46652K, reserved 1091584K
  class space    used 4916K, capacity 5189K, committed 5268K, reserved 1048576K
}
2017-04-16T10:25:37.593-0700: 134461.852: Total time for which application threads were stopped: 0.0150098 seconds, Stopping threads took: 0.0001720 seconds
{Heap before GC invocations=12516 (full 18):
 par new generation   total 1800000K, used 1609203K [0x00000003ef600000, 0x0000000469720000, 0x0000000469720000)
  eden space 1600000K, 100% used [0x00000003ef600000, 0x0000000451080000, 0x0000000451080000)
  from space 200000K,   4% used [0x0000000451080000, 0x000000045197ce70, 0x000000045d3d0000)
  to   space 200000K,   0% used [0x000000045d3d0000, 0x000000045d3d0000, 0x0000000469720000)
 concurrent mark-sweep generation total 14001024K, used 7681639K [0x0000000469720000, 0x00000007c0000000, 0x00000007c0000000)
 Metaspace       used 44935K, capacity 46232K, committed 46652K, reserved 1091584K
  class space    used 4916K, capacity 5189K, committed 5268K, reserved 1048576K
2017-04-16T10:25:52.210-0700: 134476.469: [GC (Allocation Failure) Before GC:
Statistics for BinaryTreeDictionary:
------------------------------------
Total Free Space: 187193427
Max   Chunk Size: 1128311
Number of Blocks: 83267
Av.  Block  Size: 2248
Tree      Height: 110
2017-04-16T10:25:52.211-0700: 134476.470: [ParNew
Desired survivor size 102400000 bytes, new threshold 1 (max 1)
- age   1:    6251880 bytes,    6251880 total
: 1609203K->6858K(1800000K), 0.0129677 secs] 9290842K->7691705K(15801024K)After GC:
Statistics for BinaryTreeDictionary:
------------------------------------
Total Free Space: 186995873
Max   Chunk Size: 1128311
Number of Blocks: 83232
Av.  Block  Size: 2246
Tree      Height: 110
, 0.0143126 secs] [Times: user=0.32 sys=0.00, real=0.02 secs] 
Heap after GC invocations=12517 (full 18):
 par new generation   total 1800000K, used 6858K [0x00000003ef600000, 0x0000000469720000, 0x0000000469720000)
  eden space 1600000K,   0% used [0x00000003ef600000, 0x00000003ef600000, 0x0000000451080000)
  from space 200000K,   3% used [0x000000045d3d0000, 0x000000045da828c0, 0x0000000469720000)
  to   space 200000K,   0% used [0x0000000451080000, 0x0000000451080000, 0x000000045d3d0000)
 concurrent mark-sweep generation total 14001024K, used 7684847K [0x0000000469720000, 0x00000007c0000000, 0x00000007c0000000)
 Metaspace       used 44935K, capacity 46232K, committed 46652K, reserved 1091584K
  class space    used 4916K, capacity 5189K, committed 5268K, reserved 1048576K
}
2017-04-16T10:25:52.224-0700: 134476.484: Total time for which application threads were stopped: 0.0153965 seconds, Stopping threads took: 0.0001515 seconds
2017-04-16T10:26:05.796-0700: 134490.055: Total time for which application threads were stopped: 0.0021363 seconds, Stopping threads took: 0.0001453 seconds
{Heap before GC invocations=12517 (full 18):
 par new generation   total 1800000K, used 1606858K [0x00000003ef600000, 0x0000000469720000, 0x0000000469720000)
  eden space 1600000K, 100% used [0x00000003ef600000, 0x0000000451080000, 0x0000000451080000)
  from space 200000K,   3% used [0x000000045d3d0000, 0x000000045da828c0, 0x0000000469720000)
  to   space 200000K,   0% used [0x0000000451080000, 0x0000000451080000, 0x000000045d3d0000)
 concurrent mark-sweep generation total 14001024K, used 7684847K [0x0000000469720000, 0x00000007c0000000, 0x00000007c0000000)
 Metaspace       used 44935K, capacity 46232K, committed 46652K, reserved 1091584K
  class space    used 4916K, capacity 5189K, committed 5268K, reserved 1048576K
2017-04-16T10:26:06.405-0700: 134490.665: [GC (Allocation Failure) Before GC:
Statistics for BinaryTreeDictionary:
------------------------------------
Total Free Space: 186995873
Max   Chunk Size: 1128311
Number of Blocks: 83232
Av.  Block  Size: 2246
Tree      Height: 110
2017-04-16T10:26:06.406-0700: 134490.665: [ParNew
Desired survivor size 102400000 bytes, new threshold 1 (max 1)
- age   1:    6538328 bytes,    6538328 total
: 1606858K->7010K(1800000K), 0.0127038 secs] 9291705K->7693223K(15801024K)After GC:
Statistics for BinaryTreeDictionary:
------------------------------------
Total Free Space: 186966279
Max   Chunk Size: 1128311
Number of Blocks: 83203
Av.  Block  Size: 2247
Tree      Height: 110
, 0.0140282 secs] [Times: user=0.31 sys=0.00, real=0.01 secs] 
Heap after GC invocations=12518 (full 18):
 par new generation   total 1800000K, used 7010K [0x00000003ef600000, 0x0000000469720000, 0x0000000469720000)
  eden space 1600000K,   0% used [0x00000003ef600000, 0x00000003ef600000, 0x0000000451080000)
  from space 200000K,   3% used [0x0000000451080000, 0x0000000451758950, 0x000000045d3d0000)
  to   space 200000K,   0% used [0x000000045d3d0000, 0x000000045d3d0000, 0x0000000469720000)
 concurrent mark-sweep generation total 14001024K, used 7686213K [0x0000000469720000, 0x00000007c0000000, 0x00000007c0000000)
 Metaspace       used 44935K, capacity 46232K, committed 46652K, reserved 1091584K
  class space    used 4916K, capacity 5189K, committed 5268K, reserved 1048576K
}
2017-04-16T10:26:06.419-0700: 134490.679: Total time for which application threads were stopped: 0.0151252 seconds, Stopping threads took: 0.0001598 seconds
{Heap before GC invocations=12518 (full 18):
 par new generation   total 1800000K, used 1607010K [0x00000003ef600000, 0x0000000469720000, 0x0000000469720000)
  eden space 1600000K, 100% used [0x00000003ef600000, 0x0000000451080000, 0x0000000451080000)
  from space 200000K,   3% used [0x0000000451080000, 0x0000000451758950, 0x000000045d3d0000)
  to   space 200000K,   0% used [0x000000045d3d0000, 0x000000045d3d0000, 0x0000000469720000)
 concurrent mark-sweep generation total 14001024K, used 7686213K [0x0000000469720000, 0x00000007c0000000, 0x00000007c0000000)
 Metaspace       used 44935K, capacity 46232K, committed 46652K, reserved 1091584K
  class space    used 4916K, capacity 5189K, committed 5268K, reserved 1048576K
2017-04-16T10:26:20.158-0700: 134504.417: [GC (Allocation Failure) Before GC:
Statistics for BinaryTreeDictionary:
------------------------------------
Total Free Space: 186966279
Max   Chunk Size: 1128311
Number of Blocks: 83203
Av.  Block  Size: 2247
Tree      Height: 110
2017-04-16T10:26:20.159-0700: 134504.418: [ParNew
Desired survivor size 102400000 bytes, new threshold 1 (max 1)
- age   1:    6105632 bytes,    6105632 total
: 1607010K->6584K(1800000K), 0.0122163 secs] 9293223K->7694488K(15801024K)After GC:
Statistics for BinaryTreeDictionary:
------------------------------------
Total Free Space: 186895532
Max   Chunk Size: 1128311
Number of Blocks: 83155
Av.  Block  Size: 2247
Tree      Height: 110
, 0.0135480 secs] [Times: user=0.30 sys=0.00, real=0.01 secs] 
Heap after GC invocations=12519 (full 18):
 par new generation   total 1800000K, used 6584K [0x00000003ef600000, 0x0000000469720000, 0x0000000469720000)
  eden space 1600000K,   0% used [0x00000003ef600000, 0x00000003ef600000, 0x0000000451080000)
  from space 200000K,   3% used [0x000000045d3d0000, 0x000000045da3e230, 0x0000000469720000)
  to   space 200000K,   0% used [0x0000000451080000, 0x0000000451080000, 0x000000045d3d0000)
 concurrent mark-sweep generation total 14001024K, used 7687903K [0x0000000469720000, 0x00000007c0000000, 0x00000007c0000000)
 Metaspace       used 44935K, capacity 46232K, committed 46652K, reserved 1091584K
  class space    used 4916K, capacity 5189K, committed 5268K, reserved 1048576K
}
2017-04-16T10:26:20.172-0700: 134504.431: Total time for which application threads were stopped: 0.0146106 seconds, Stopping threads took: 0.0001439 seconds
{Heap before GC invocations=12519 (full 18):
 par new generation   total 1800000K, used 1606584K [0x00000003ef600000, 0x0000000469720000, 0x0000000469720000)
  eden space 1600000K, 100% used [0x00000003ef600000, 0x0000000451080000, 0x0000000451080000)
  from space 200000K,   3% used [0x000000045d3d0000, 0x000000045da3e230, 0x0000000469720000)
  to   space 200000K,   0% used [0x0000000451080000, 0x0000000451080000, 0x000000045d3d0000)
 concurrent mark-sweep generation total 14001024K, used 7687903K [0x0000000469720000, 0x00000007c0000000, 0x00000007c0000000)
 Metaspace       used 44935K, capacity 46232K, committed 46652K, reserved 1091584K
  class space    used 4916K, capacity 5189K, committed 5268K, reserved 1048576K
2017-04-16T10:26:34.242-0700: 134518.501: [GC (Allocation Failure) Before GC:
Statistics for BinaryTreeDictionary:
------------------------------------
Total Free Space: 186895532
Max   Chunk Size: 1128311
Number of Blocks: 83155
Av.  Block  Size: 2247
Tree      Height: 110
2017-04-16T10:26:34.242-0700: 134518.502: [ParNew
Desired survivor size 102400000 bytes, new threshold 1 (max 1)
- age   1:   13640712 bytes,   13640712 total
: 1606584K->14019K(1800000K), 0.0125540 secs] 9294488K->7703138K(15801024K)After GC:
Statistics for BinaryTreeDictionary:
------------------------------------
Total Free Space: 186881343
Max   Chunk Size: 1128311
Number of Blocks: 83124
Av.  Block  Size: 2248
Tree      Height: 110
, 0.0139187 secs] [Times: user=0.31 sys=0.00, real=0.01 secs] 
Heap after GC invocations=12520 (full 18):
 par new generation   total 1800000K, used 14019K [0x00000003ef600000, 0x0000000469720000, 0x0000000469720000)
  eden space 1600000K,   0% used [0x00000003ef600000, 0x00000003ef600000, 0x0000000451080000)
  from space 200000K,   7% used [0x0000000451080000, 0x0000000451e30dd0, 0x000000045d3d0000)
  to   space 200000K,   0% used [0x000000045d3d0000, 0x000000045d3d0000, 0x0000000469720000)
 concurrent mark-sweep generation total 14001024K, used 7689118K [0x0000000469720000, 0x00000007c0000000, 0x00000007c0000000)
 Metaspace       used 44935K, capacity 46232K, committed 46652K, reserved 1091584K
  class space    used 4916K, capacity 5189K, committed 5268K, reserved 1048576K
}
2017-04-16T10:26:34.256-0700: 134518.515: Total time for which application threads were stopped: 0.0150323 seconds, Stopping threads took: 0.0001609 seconds
2017-04-16T10:26:39.598-0700: 134523.857: Total time for which application threads were stopped: 0.0021192 seconds, Stopping threads took: 0.0001479 seconds
{Heap before GC invocations=12520 (full 18):
 par new generation   total 1800000K, used 1614019K [0x00000003ef600000, 0x0000000469720000, 0x0000000469720000)
  eden space 1600000K, 100% used [0x00000003ef600000, 0x0000000451080000, 0x0000000451080000)
  from space 200000K,   7% used [0x0000000451080000, 0x0000000451e30dd0, 0x000000045d3d0000)
  to   space 200000K,   0% used [0x000000045d3d0000, 0x000000045d3d0000, 0x0000000469720000)
 concurrent mark-sweep generation total 14001024K, used 7689118K [0x0000000469720000, 0x00000007c0000000, 0x00000007c0000000)
 Metaspace       used 44935K, capacity 46232K, committed 46652K, reserved 1091584K
  class space    used 4916K, capacity 5189K, committed 5268K, reserved 1048576K
2017-04-16T10:26:45.892-0700: 134530.151: [GC (Allocation Failure) Before GC:
Statistics for BinaryTreeDictionary:
------------------------------------
Total Free Space: 186881343
Max   Chunk Size: 1128311
Number of Blocks: 83124
Av.  Block  Size: 2248
Tree      Height: 110
2017-04-16T10:26:45.892-0700: 134530.152: [ParNew
Desired survivor size 102400000 bytes, new threshold 1 (max 1)
- age   1:    6320440 bytes,    6320440 total
: 1614019K->9628K(1800000K), 0.0222307 secs] 9303138K->7707079K(15801024K)After GC:
Statistics for BinaryTreeDictionary:
------------------------------------
Total Free Space: 186707567
Max   Chunk Size: 1128311
Number of Blocks: 83102
Av.  Block  Size: 2246
Tree      Height: 110
, 0.0235794 secs] [Times: user=0.32 sys=0.01, real=0.02 secs] 
Heap after GC invocations=12521 (full 18):
 par new generation   total 1800000K, used 9628K [0x00000003ef600000, 0x0000000469720000, 0x0000000469720000)
  eden space 1600000K,   0% used [0x00000003ef600000, 0x00000003ef600000, 0x0000000451080000)
  from space 200000K,   4% used [0x000000045d3d0000, 0x000000045dd37300, 0x0000000469720000)
  to   space 200000K,   0% used [0x0000000451080000, 0x0000000451080000, 0x000000045d3d0000)
 concurrent mark-sweep generation total 14001024K, used 7697450K [0x0000000469720000, 0x00000007c0000000, 0x00000007c0000000)
 Metaspace       used 44935K, capacity 46232K, committed 46652K, reserved 1091584K
  class space    used 4916K, capacity 5189K, committed 5268K, reserved 1048576K
}
2017-04-16T10:26:45.915-0700: 134530.175: Total time for which application threads were stopped: 0.0246826 seconds, Stopping threads took: 0.0001434 seconds
{Heap before GC invocations=12521 (full 18):
 par new generation   total 1800000K, used 1609628K [0x00000003ef600000, 0x0000000469720000, 0x0000000469720000)
  eden space 1600000K, 100% used [0x00000003ef600000, 0x0000000451080000, 0x0000000451080000)
  from space 200000K,   4% used [0x000000045d3d0000, 0x000000045dd37300, 0x0000000469720000)
  to   space 200000K,   0% used [0x0000000451080000, 0x0000000451080000, 0x000000045d3d0000)
 concurrent mark-sweep generation total 14001024K, used 7697450K [0x0000000469720000, 0x00000007c0000000, 0x00000007c0000000)
 Metaspace       used 44935K, capacity 46232K, committed 46652K, reserved 1091584K
  class space    used 4916K, capacity 5189K, committed 5268K, reserved 1048576K
2017-04-16T10:27:00.645-0700: 134544.905: [GC (Allocation Failure) Before GC:
Statistics for BinaryTreeDictionary:
------------------------------------
Total Free Space: 186707567
Max   Chunk Size: 1128311
Number of Blocks: 83102
Av.  Block  Size: 2246
Tree      Height: 110
2017-04-16T10:27:00.646-0700: 134544.905: [ParNew
Desired survivor size 102400000 bytes, new threshold 1 (max 1)
- age   1:    6848704 bytes,    6848704 total
: 1609628K->7822K(1800000K), 0.0120806 secs] 9307079K->7706700K(15801024K)After GC:
Statistics for BinaryTreeDictionary:
------------------------------------
Total Free Space: 186629576
Max   Chunk Size: 1128311
Number of Blocks: 83052
Av.  Block  Size: 2247
Tree      Height: 110
, 0.0134297 secs] [Times: user=0.30 sys=0.00, real=0.01 secs] 
Heap after GC invocations=12522 (full 18):
 par new generation   total 1800000K, used 7822K [0x00000003ef600000, 0x0000000469720000, 0x0000000469720000)
  eden space 1600000K,   0% used [0x00000003ef600000, 0x00000003ef600000, 0x0000000451080000)
  from space 200000K,   3% used [0x0000000451080000, 0x00000004518238a0, 0x000000045d3d0000)
  to   space 200000K,   0% used [0x000000045d3d0000, 0x000000045d3d0000, 0x0000000469720000)
 concurrent mark-sweep generation total 14001024K, used 7698878K [0x0000000469720000, 0x00000007c0000000, 0x00000007c0000000)
 Metaspace       used 44935K, capacity 46232K, committed 46652K, reserved 1091584K
  class space    used 4916K, capacity 5189K, committed 5268K, reserved 1048576K
}
2017-04-16T10:27:00.659-0700: 134544.918: Total time for which application threads were stopped: 0.0145292 seconds, Stopping threads took: 0.0001503 seconds
{Heap before GC invocations=12522 (full 18):
 par new generation   total 1800000K, used 1607822K [0x00000003ef600000, 0x0000000469720000, 0x0000000469720000)
  eden space 1600000K, 100% used [0x00000003ef600000, 0x0000000451080000, 0x0000000451080000)
  from space 200000K,   3% used [0x0000000451080000, 0x00000004518238a0, 0x000000045d3d0000)
  to   space 200000K,   0% used [0x000000045d3d0000, 0x000000045d3d0000, 0x0000000469720000)
 concurrent mark-sweep generation total 14001024K, used 7698878K [0x0000000469720000, 0x00000007c0000000, 0x00000007c0000000)
 Metaspace       used 44935K, capacity 46232K, committed 46652K, reserved 1091584K
  class space    used 4916K, capacity 5189K, committed 5268K, reserved 1048576K
2017-04-16T10:27:15.042-0700: 134559.301: [GC (Allocation Failure) Before GC:
Statistics for BinaryTreeDictionary:
------------------------------------
Total Free Space: 186629576
Max   Chunk Size: 1128311
Number of Blocks: 83052
Av.  Block  Size: 2247
Tree      Height: 110
2017-04-16T10:27:15.043-0700: 134559.302: [ParNew
Desired survivor size 102400000 bytes, new threshold 1 (max 1)
- age   1:    6347088 bytes,    6347088 total
: 1607822K->6594K(1800000K), 0.0118716 secs] 9306700K->7706866K(15801024K)After GC:
Statistics for BinaryTreeDictionary:
------------------------------------
Total Free Space: 186581621
Max   Chunk Size: 1128311
Number of Blocks: 83021
Av.  Block  Size: 2247
Tree      Height: 110
, 0.0132219 secs] [Times: user=0.29 sys=0.00, real=0.02 secs] 
Heap after GC invocations=12523 (full 18):
 par new generation   total 1800000K, used 6594K [0x00000003ef600000, 0x0000000469720000, 0x0000000469720000)
  eden space 1600000K,   0% used [0x00000003ef600000, 0x00000003ef600000, 0x0000000451080000)
  from space 200000K,   3% used [0x000000045d3d0000, 0x000000045da40b70, 0x0000000469720000)
  to   space 200000K,   0% used [0x0000000451080000, 0x0000000451080000, 0x000000045d3d0000)
 concurrent mark-sweep generation total 14001024K, used 7700271K [0x0000000469720000, 0x00000007c0000000, 0x00000007c0000000)
 Metaspace       used 44935K, capacity 46232K, committed 46652K, reserved 1091584K
  class space    used 4916K, capacity 5189K, committed 5268K, reserved 1048576K
}
2017-04-16T10:27:15.056-0700: 134559.315: Total time for which application threads were stopped: 0.0143089 seconds, Stopping threads took: 0.0001476 seconds
{Heap before GC invocations=12523 (full 18):
 par new generation   total 1800000K, used 1606594K [0x00000003ef600000, 0x0000000469720000, 0x0000000469720000)
  eden space 1600000K, 100% used [0x00000003ef600000, 0x0000000451080000, 0x0000000451080000)
  from space 200000K,   3% used [0x000000045d3d0000, 0x000000045da40b70, 0x0000000469720000)
  to   space 200000K,   0% used [0x0000000451080000, 0x0000000451080000, 0x000000045d3d0000)
 concurrent mark-sweep generation total 14001024K, used 7700271K [0x0000000469720000, 0x00000007c0000000, 0x00000007c0000000)
 Metaspace       used 44935K, capacity 46232K, committed 46652K, reserved 1091584K
  class space    used 4916K, capacity 5189K, committed 5268K, reserved 1048576K
2017-04-16T10:27:29.745-0700: 134574.004: [GC (Allocation Failure) Before GC:
Statistics for BinaryTreeDictionary:
------------------------------------
Total Free Space: 186581621
Max   Chunk Size: 1128311
Number of Blocks: 83021
Av.  Block  Size: 2247
Tree      Height: 110
2017-04-16T10:27:29.745-0700: 134574.005: [ParNew
Desired survivor size 102400000 bytes, new threshold 1 (max 1)
- age   1:    6129608 bytes,    6129608 total
: 1606594K->6595K(1800000K), 0.0122447 secs] 9306866K->7708319K(15801024K)After GC:
Statistics for BinaryTreeDictionary:
------------------------------------
Total Free Space: 186516861
Max   Chunk Size: 1128311
Number of Blocks: 82987
Av.  Block  Size: 2247
Tree      Height: 110
, 0.0135698 secs] [Times: user=0.30 sys=0.00, real=0.02 secs] 
Heap after GC invocations=12524 (full 18):
 par new generation   total 1800000K, used 6595K [0x00000003ef600000, 0x0000000469720000, 0x0000000469720000)
  eden space 1600000K,   0% used [0x00000003ef600000, 0x00000003ef600000, 0x0000000451080000)
  from space 200000K,   3% used [0x0000000451080000, 0x00000004516f0c40, 0x000000045d3d0000)
  to   space 200000K,   0% used [0x000000045d3d0000, 0x000000045d3d0000, 0x0000000469720000)
 concurrent mark-sweep generation total 14001024K, used 7701724K [0x0000000469720000, 0x00000007c0000000, 0x00000007c0000000)
 Metaspace       used 44935K, capacity 46232K, committed 46652K, reserved 1091584K
  class space    used 4916K, capacity 5189K, committed 5268K, reserved 1048576K
}
2017-04-16T10:27:29.758-0700: 134574.018: Total time for which application threads were stopped: 0.0146555 seconds, Stopping threads took: 0.0001493 seconds
{Heap before GC invocations=12524 (full 18):
 par new generation   total 1800000K, used 1606595K [0x00000003ef600000, 0x0000000469720000, 0x0000000469720000)
  eden space 1600000K, 100% used [0x00000003ef600000, 0x0000000451080000, 0x0000000451080000)
  from space 200000K,   3% used [0x0000000451080000, 0x00000004516f0c40, 0x000000045d3d0000)
  to   space 200000K,   0% used [0x000000045d3d0000, 0x000000045d3d0000, 0x0000000469720000)
 concurrent mark-sweep generation total 14001024K, used 7701724K [0x0000000469720000, 0x00000007c0000000, 0x00000007c0000000)
 Metaspace       used 44935K, capacity 46232K, committed 46652K, reserved 1091584K
  class space    used 4916K, capacity 5189K, committed 5268K, reserved 1048576K
2017-04-16T10:27:44.079-0700: 134588.338: [GC (Allocation Failure) Before GC:
Statistics for BinaryTreeDictionary:
------------------------------------
Total Free Space: 186516861
Max   Chunk Size: 1128311
Number of Blocks: 82987
Av.  Block  Size: 2247
Tree      Height: 110
2017-04-16T10:27:44.079-0700: 134588.339: [ParNew
Desired survivor size 102400000 bytes, new threshold 1 (max 1)
- age   1:    5986672 bytes,    5986672 total
: 1606595K->6466K(1800000K), 0.0123506 secs] 9308319K->7709551K(15801024K)After GC:
Statistics for BinaryTreeDictionary:
------------------------------------
Total Free Space: 186478138
Max   Chunk Size: 1128311
Number of Blocks: 82940
Av.  Block  Size: 2248
Tree      Height: 110
, 0.0136928 secs] [Times: user=0.31 sys=0.00, real=0.01 secs] 
Heap after GC invocations=12525 (full 18):
 par new generation   total 1800000K, used 6466K [0x00000003ef600000, 0x0000000469720000, 0x0000000469720000)
  eden space 1600000K,   0% used [0x00000003ef600000, 0x00000003ef600000, 0x0000000451080000)
  from space 200000K,   3% used [0x000000045d3d0000, 0x000000045da20840, 0x0000000469720000)
  to   space 200000K,   0% used [0x0000000451080000, 0x0000000451080000, 0x000000045d3d0000)
 concurrent mark-sweep generation total 14001024K, used 7703085K [0x0000000469720000, 0x00000007c0000000, 0x00000007c0000000)
 Metaspace       used 44935K, capacity 46232K, committed 46652K, reserved 1091584K
  class space    used 4916K, capacity 5189K, committed 5268K, reserved 1048576K
}
2017-04-16T10:27:44.092-0700: 134588.352: Total time for which application threads were stopped: 0.0147963 seconds, Stopping threads took: 0.0001534 seconds
{Heap before GC invocations=12525 (full 18):
 par new generation   total 1800000K, used 1606466K [0x00000003ef600000, 0x0000000469720000, 0x0000000469720000)
  eden space 1600000K, 100% used [0x00000003ef600000, 0x0000000451080000, 0x0000000451080000)
  from space 200000K,   3% used [0x000000045d3d0000, 0x000000045da20840, 0x0000000469720000)
  to   space 200000K,   0% used [0x0000000451080000, 0x0000000451080000, 0x000000045d3d0000)
 concurrent mark-sweep generation total 14001024K, used 7703085K [0x0000000469720000, 0x00000007c0000000, 0x00000007c0000000)
 Metaspace       used 44935K, capacity 46232K, committed 46652K, reserved 1091584K
  class space    used 4916K, capacity 5189K, committed 5268K, reserved 1048576K
2017-04-16T10:27:58.328-0700: 134602.588: [GC (Allocation Failure) Before GC:
Statistics for BinaryTreeDictionary:
------------------------------------
Total Free Space: 186478138
Max   Chunk Size: 1128311
Number of Blocks: 82940
Av.  Block  Size: 2248
Tree      Height: 110
2017-04-16T10:27:58.329-0700: 134602.588: [ParNew
Desired survivor size 102400000 bytes, new threshold 1 (max 1)
- age   1:    6192952 bytes,    6192952 total
: 1606466K->6603K(1800000K), 0.0122425 secs] 9309551K->7710825K(15801024K)After GC:
Statistics for BinaryTreeDictionary:
------------------------------------
Total Free Space: 186448986
Max   Chunk Size: 1128311
Number of Blocks: 82910
Av.  Block  Size: 2248
Tree      Height: 110
, 0.0135813 secs] [Times: user=0.30 sys=0.00, real=0.02 secs] 
Heap after GC invocations=12526 (full 18):
 par new generation   total 1800000K, used 6603K [0x00000003ef600000, 0x0000000469720000, 0x0000000469720000)
  eden space 1600000K,   0% used [0x00000003ef600000, 0x00000003ef600000, 0x0000000451080000)
  from space 200000K,   3% used [0x0000000451080000, 0x00000004516f2d00, 0x000000045d3d0000)
  to   space 200000K,   0% used [0x000000045d3d0000, 0x000000045d3d0000, 0x0000000469720000)
 concurrent mark-sweep generation total 14001024K, used 7704222K [0x0000000469720000, 0x00000007c0000000, 0x00000007c0000000)
 Metaspace       used 44935K, capacity 46232K, committed 46652K, reserved 1091584K
  class space    used 4916K, capacity 5189K, committed 5268K, reserved 1048576K
}
2017-04-16T10:27:58.342-0700: 134602.601: Total time for which application threads were stopped: 0.0146609 seconds, Stopping threads took: 0.0001500 seconds
2017-04-16T10:28:09.607-0700: 134613.866: Total time for which application threads were stopped: 0.0021461 seconds, Stopping threads took: 0.0001438 seconds
{Heap before GC invocations=12526 (full 18):
 par new generation   total 1800000K, used 1606603K [0x00000003ef600000, 0x0000000469720000, 0x0000000469720000)
  eden space 1600000K, 100% used [0x00000003ef600000, 0x0000000451080000, 0x0000000451080000)
  from space 200000K,   3% used [0x0000000451080000, 0x00000004516f2d00, 0x000000045d3d0000)
  to   space 200000K,   0% used [0x000000045d3d0000, 0x000000045d3d0000, 0x0000000469720000)
 concurrent mark-sweep generation total 14001024K, used 7704222K [0x0000000469720000, 0x00000007c0000000, 0x00000007c0000000)
 Metaspace       used 44935K, capacity 46232K, committed 46652K, reserved 1091584K
  class space    used 4916K, capacity 5189K, committed 5268K, reserved 1048576K
2017-04-16T10:28:11.036-0700: 134615.295: [GC (Allocation Failure) Before GC:
Statistics for BinaryTreeDictionary:
------------------------------------
Total Free Space: 186448986
Max   Chunk Size: 1128311
Number of Blocks: 82910
Av.  Block  Size: 2248
Tree      Height: 110
2017-04-16T10:28:11.037-0700: 134615.296: [ParNew
Desired survivor size 102400000 bytes, new threshold 1 (max 1)
- age   1:    7704472 bytes,    7704472 total
: 1606603K->8148K(1800000K), 0.0123331 secs] 9310825K->7713764K(15801024K)After GC:
Statistics for BinaryTreeDictionary:
------------------------------------
Total Free Space: 186405351
Max   Chunk Size: 1128311
Number of Blocks: 82887
Av.  Block  Size: 2248
Tree      Height: 110
, 0.0137063 secs] [Times: user=0.31 sys=0.00, real=0.01 secs] 
Heap after GC invocations=12527 (full 18):
 par new generation   total 1800000K, used 8148K [0x00000003ef600000, 0x0000000469720000, 0x0000000469720000)
  eden space 1600000K,   0% used [0x00000003ef600000, 0x00000003ef600000, 0x0000000451080000)
  from space 200000K,   4% used [0x000000045d3d0000, 0x000000045dbc53f8, 0x0000000469720000)
  to   space 200000K,   0% used [0x0000000451080000, 0x0000000451080000, 0x000000045d3d0000)
 concurrent mark-sweep generation total 14001024K, used 7705615K [0x0000000469720000, 0x00000007c0000000, 0x00000007c0000000)
 Metaspace       used 44935K, capacity 46232K, committed 46652K, reserved 1091584K
  class space    used 4916K, capacity 5189K, committed 5268K, reserved 1048576K
}
2017-04-16T10:28:11.050-0700: 134615.309: Total time for which application threads were stopped: 0.0148574 seconds, Stopping threads took: 0.0001680 seconds
{Heap before GC invocations=12527 (full 18):
 par new generation   total 1800000K, used 1608148K [0x00000003ef600000, 0x0000000469720000, 0x0000000469720000)
  eden space 1600000K, 100% used [0x00000003ef600000, 0x0000000451080000, 0x0000000451080000)
  from space 200000K,   4% used [0x000000045d3d0000, 0x000000045dbc53f8, 0x0000000469720000)
  to   space 200000K,   0% used [0x0000000451080000, 0x0000000451080000, 0x000000045d3d0000)
 concurrent mark-sweep generation total 14001024K, used 7705615K [0x0000000469720000, 0x00000007c0000000, 0x00000007c0000000)
 Metaspace       used 44935K, capacity 46232K, committed 46652K, reserved 1091584K
  class space    used 4916K, capacity 5189K, committed 5268K, reserved 1048576K
2017-04-16T10:28:24.732-0700: 134628.991: [GC (Allocation Failure) Before GC:
Statistics for BinaryTreeDictionary:
------------------------------------
Total Free Space: 186405351
Max   Chunk Size: 1128311
Number of Blocks: 82887
Av.  Block  Size: 2248
Tree      Height: 110
2017-04-16T10:28:24.733-0700: 134628.992: [ParNew
Desired survivor size 102400000 bytes, new threshold 1 (max 1)
- age   1:    6339840 bytes,    6339840 total
: 1608148K->6878K(1800000K), 0.0121789 secs] 9313764K->7714124K(15801024K)After GC:
Statistics for BinaryTreeDictionary:
------------------------------------
Total Free Space: 186301060
Max   Chunk Size: 1128311
Number of Blocks: 82852
Av.  Block  Size: 2248
Tree      Height: 110
, 0.0135097 secs] [Times: user=0.30 sys=0.00, real=0.02 secs] 
Heap after GC invocations=12528 (full 18):
 par new generation   total 1800000K, used 6878K [0x00000003ef600000, 0x0000000469720000, 0x0000000469720000)
  eden space 1600000K,   0% used [0x00000003ef600000, 0x00000003ef600000, 0x0000000451080000)
  from space 200000K,   3% used [0x0000000451080000, 0x0000000451737a28, 0x000000045d3d0000)
  to   space 200000K,   0% used [0x000000045d3d0000, 0x000000045d3d0000, 0x0000000469720000)
 concurrent mark-sweep generation total 14001024K, used 7707245K [0x0000000469720000, 0x00000007c0000000, 0x00000007c0000000)
 Metaspace       used 44935K, capacity 46232K, committed 46652K, reserved 1091584K
  class space    used 4916K, capacity 5189K, committed 5268K, reserved 1048576K
}
2017-04-16T10:28:24.746-0700: 134629.005: Total time for which application threads were stopped: 0.0145894 seconds, Stopping threads took: 0.0001448 seconds
{Heap before GC invocations=12528 (full 18):
 par new generation   total 1800000K, used 1606878K [0x00000003ef600000, 0x0000000469720000, 0x0000000469720000)
  eden space 1600000K, 100% used [0x00000003ef600000, 0x0000000451080000, 0x0000000451080000)
  from space 200000K,   3% used [0x0000000451080000, 0x0000000451737a28, 0x000000045d3d0000)
  to   space 200000K,   0% used [0x000000045d3d0000, 0x000000045d3d0000, 0x0000000469720000)
 concurrent mark-sweep generation total 14001024K, used 7707245K [0x0000000469720000, 0x00000007c0000000, 0x00000007c0000000)
 Metaspace       used 44935K, capacity 46232K, committed 46652K, reserved 1091584K
  class space    used 4916K, capacity 5189K, committed 5268K, reserved 1048576K
2017-04-16T10:28:39.582-0700: 134643.841: [GC (Allocation Failure) Before GC:
Statistics for BinaryTreeDictionary:
------------------------------------
Total Free Space: 186301060
Max   Chunk Size: 1128311
Number of Blocks: 82852
Av.  Block  Size: 2248
Tree      Height: 110
2017-04-16T10:28:39.582-0700: 134643.842: [ParNew
Desired survivor size 102400000 bytes, new threshold 1 (max 1)
- age   1:    5698752 bytes,    5698752 total
: 1606878K->6186K(1800000K), 0.0124067 secs] 9314124K->7714839K(15801024K)After GC:
Statistics for BinaryTreeDictionary:
------------------------------------
Total Free Space: 186266425
Max   Chunk Size: 1128311
Number of Blocks: 82819
Av.  Block  Size: 2249
Tree      Height: 110
, 0.0137529 secs] [Times: user=0.30 sys=0.00, real=0.01 secs] 
Heap after GC invocations=12529 (full 18):
 par new generation   total 1800000K, used 6186K [0x00000003ef600000, 0x0000000469720000, 0x0000000469720000)
  eden space 1600000K,   0% used [0x00000003ef600000, 0x00000003ef600000, 0x0000000451080000)
  from space 200000K,   3% used [0x000000045d3d0000, 0x000000045d9da878, 0x0000000469720000)
  to   space 200000K,   0% used [0x0000000451080000, 0x0000000451080000, 0x000000045d3d0000)
 concurrent mark-sweep generation total 14001024K, used 7708653K [0x0000000469720000, 0x00000007c0000000, 0x00000007c0000000)
 Metaspace       used 44935K, capacity 46232K, committed 46652K, reserved 1091584K
  class space    used 4916K, capacity 5189K, committed 5268K, reserved 1048576K
}
2017-04-16T10:28:39.596-0700: 134643.855: Total time for which application threads were stopped: 0.0148380 seconds, Stopping threads took: 0.0001429 seconds
{Heap before GC invocations=12529 (full 18):
 par new generation   total 1800000K, used 1606186K [0x00000003ef600000, 0x0000000469720000, 0x0000000469720000)
  eden space 1600000K, 100% used [0x00000003ef600000, 0x0000000451080000, 0x0000000451080000)
  from space 200000K,   3% used [0x000000045d3d0000, 0x000000045d9da878, 0x0000000469720000)
  to   space 200000K,   0% used [0x0000000451080000, 0x0000000451080000, 0x000000045d3d0000)
 concurrent mark-sweep generation total 14001024K, used 7708653K [0x0000000469720000, 0x00000007c0000000, 0x00000007c0000000)
 Metaspace       used 44935K, capacity 46232K, committed 46652K, reserved 1091584K
  class space    used 4916K, capacity 5189K, committed 5268K, reserved 1048576K
2017-04-16T10:28:53.182-0700: 134657.441: [GC (Allocation Failure) Before GC:
Statistics for BinaryTreeDictionary:
------------------------------------
Total Free Space: 186266425
Max   Chunk Size: 1128311
Number of Blocks: 82819
Av.  Block  Size: 2249
Tree      Height: 110
2017-04-16T10:28:53.183-0700: 134657.442: [ParNew
Desired survivor size 102400000 bytes, new threshold 1 (max 1)
- age   1:    7178056 bytes,    7178056 total
: 1606186K->7601K(1800000K), 0.0121316 secs] 9314839K->7717335K(15801024K)After GC:
Statistics for BinaryTreeDictionary:
------------------------------------
Total Free Space: 186260044
Max   Chunk Size: 1128311
Number of Blocks: 82808
Av.  Block  Size: 2249
Tree      Height: 110
, 0.0134901 secs] [Times: user=0.30 sys=0.00, real=0.01 secs] 
Heap after GC invocations=12530 (full 18):
 par new generation   total 1800000K, used 7601K [0x00000003ef600000, 0x0000000469720000, 0x0000000469720000)
  eden space 1600000K,   0% used [0x00000003ef600000, 0x00000003ef600000, 0x0000000451080000)
  from space 200000K,   3% used [0x0000000451080000, 0x00000004517ec478, 0x000000045d3d0000)
  to   space 200000K,   0% used [0x000000045d3d0000, 0x000000045d3d0000, 0x0000000469720000)
 concurrent mark-sweep generation total 14001024K, used 7709734K [0x0000000469720000, 0x00000007c0000000, 0x00000007c0000000)
 Metaspace       used 44935K, capacity 46232K, committed 46652K, reserved 1091584K
  class space    used 4916K, capacity 5189K, committed 5268K, reserved 1048576K
}
2017-04-16T10:28:53.196-0700: 134657.455: Total time for which application threads were stopped: 0.0145915 seconds, Stopping threads took: 0.0001476 seconds
2017-04-16T10:29:05.875-0700: 134670.134: Total time for which application threads were stopped: 0.0021261 seconds, Stopping threads took: 0.0001484 seconds
{Heap before GC invocations=12530 (full 18):
 par new generation   total 1800000K, used 1607601K [0x00000003ef600000, 0x0000000469720000, 0x0000000469720000)
  eden space 1600000K, 100% used [0x00000003ef600000, 0x0000000451080000, 0x0000000451080000)
  from space 200000K,   3% used [0x0000000451080000, 0x00000004517ec478, 0x000000045d3d0000)
  to   space 200000K,   0% used [0x000000045d3d0000, 0x000000045d3d0000, 0x0000000469720000)
 concurrent mark-sweep generation total 14001024K, used 7709734K [0x0000000469720000, 0x00000007c0000000, 0x00000007c0000000)
 Metaspace       used 44935K, capacity 46232K, committed 46652K, reserved 1091584K
  class space    used 4916K, capacity 5189K, committed 5268K, reserved 1048576K
2017-04-16T10:29:07.934-0700: 134672.193: [GC (Allocation Failure) Before GC:
Statistics for BinaryTreeDictionary:
------------------------------------
Total Free Space: 186260044
Max   Chunk Size: 1128311
Number of Blocks: 82808
Av.  Block  Size: 2249
Tree      Height: 110
2017-04-16T10:29:07.934-0700: 134672.194: [ParNew
Desired survivor size 102400000 bytes, new threshold 1 (max 1)
- age   1:    6073688 bytes,    6073688 total
: 1607601K->6505K(1800000K), 0.0127065 secs] 9317335K->7717602K(15801024K)After GC:
Statistics for BinaryTreeDictionary:
------------------------------------
Total Free Space: 186217615
Max   Chunk Size: 1128311
Number of Blocks: 82791
Av.  Block  Size: 2249
Tree      Height: 110
, 0.0140468 secs] [Times: user=0.32 sys=0.00, real=0.01 secs] 
Heap after GC invocations=12531 (full 18):
 par new generation   total 1800000K, used 6505K [0x00000003ef600000, 0x0000000469720000, 0x0000000469720000)
  eden space 1600000K,   0% used [0x00000003ef600000, 0x00000003ef600000, 0x0000000451080000)
  from space 200000K,   3% used [0x000000045d3d0000, 0x000000045da2a628, 0x0000000469720000)
  to   space 200000K,   0% used [0x0000000451080000, 0x0000000451080000, 0x000000045d3d0000)
 concurrent mark-sweep generation total 14001024K, used 7711096K [0x0000000469720000, 0x00000007c0000000, 0x00000007c0000000)
 Metaspace       used 44935K, capacity 46232K, committed 46652K, reserved 1091584K
  class space    used 4916K, capacity 5189K, committed 5268K, reserved 1048576K
}
2017-04-16T10:29:07.948-0700: 134672.207: Total time for which application threads were stopped: 0.0151396 seconds, Stopping threads took: 0.0001511 seconds
{Heap before GC invocations=12531 (full 18):
 par new generation   total 1800000K, used 1606505K [0x00000003ef600000, 0x0000000469720000, 0x0000000469720000)
  eden space 1600000K, 100% used [0x00000003ef600000, 0x0000000451080000, 0x0000000451080000)
  from space 200000K,   3% used [0x000000045d3d0000, 0x000000045da2a628, 0x0000000469720000)
  to   space 200000K,   0% used [0x0000000451080000, 0x0000000451080000, 0x000000045d3d0000)
 concurrent mark-sweep generation total 14001024K, used 7711096K [0x0000000469720000, 0x00000007c0000000, 0x00000007c0000000)
 Metaspace       used 44935K, capacity 46232K, committed 46652K, reserved 1091584K
  class space    used 4916K, capacity 5189K, committed 5268K, reserved 1048576K
2017-04-16T10:29:22.966-0700: 134687.225: [GC (Allocation Failure) Before GC:
Statistics for BinaryTreeDictionary:
------------------------------------
Total Free Space: 186217615
Max   Chunk Size: 1128311
Number of Blocks: 82791
Av.  Block  Size: 2249
Tree      Height: 110
2017-04-16T10:29:22.966-0700: 134687.226: [ParNew
Desired survivor size 102400000 bytes, new threshold 1 (max 1)
- age   1:    6023760 bytes,    6023760 total
: 1606505K->6456K(1800000K), 0.0123304 secs] 9317602K->7718871K(15801024K)After GC:
Statistics for BinaryTreeDictionary:
------------------------------------
Total Free Space: 186189648
Max   Chunk Size: 1128311
Number of Blocks: 82770
Av.  Block  Size: 2249
Tree      Height: 110
, 0.0136572 secs] [Times: user=0.30 sys=0.00, real=0.01 secs] 
Heap after GC invocations=12532 (full 18):
 par new generation   total 1800000K, used 6456K [0x00000003ef600000, 0x0000000469720000, 0x0000000469720000)
  eden space 1600000K,   0% used [0x00000003ef600000, 0x00000003ef600000, 0x0000000451080000)
  from space 200000K,   3% used [0x0000000451080000, 0x00000004516ce258, 0x000000045d3d0000)
  to   space 200000K,   0% used [0x000000045d3d0000, 0x000000045d3d0000, 0x0000000469720000)
 concurrent mark-sweep generation total 14001024K, used 7712415K [0x0000000469720000, 0x00000007c0000000, 0x00000007c0000000)
 Metaspace       used 44935K, capacity 46232K, committed 46652K, reserved 1091584K
  class space    used 4916K, capacity 5189K, committed 5268K, reserved 1048576K
}
2017-04-16T10:29:22.980-0700: 134687.239: Total time for which application threads were stopped: 0.0147283 seconds, Stopping threads took: 0.0001427 seconds
{Heap before GC invocations=12532 (full 18):
 par new generation   total 1800000K, used 1606456K [0x00000003ef600000, 0x0000000469720000, 0x0000000469720000)
  eden space 1600000K, 100% used [0x00000003ef600000, 0x0000000451080000, 0x0000000451080000)
  from space 200000K,   3% used [0x0000000451080000, 0x00000004516ce258, 0x000000045d3d0000)
  to   space 200000K,   0% used [0x000000045d3d0000, 0x000000045d3d0000, 0x0000000469720000)
 concurrent mark-sweep generation total 14001024K, used 7712415K [0x0000000469720000, 0x00000007c0000000, 0x00000007c0000000)
 Metaspace       used 44935K, capacity 46232K, committed 46652K, reserved 1091584K
  class space    used 4916K, capacity 5189K, committed 5268K, reserved 1048576K
2017-04-16T10:29:37.273-0700: 134701.532: [GC (Allocation Failure) Before GC:
Statistics for BinaryTreeDictionary:
------------------------------------
Total Free Space: 186189648
Max   Chunk Size: 1128311
Number of Blocks: 82770
Av.  Block  Size: 2249
Tree      Height: 110
2017-04-16T10:29:37.273-0700: 134701.533: [ParNew
Desired survivor size 102400000 bytes, new threshold 1 (max 1)
- age   1:    6166896 bytes,    6166896 total
: 1606456K->6631K(1800000K), 0.0121406 secs] 9318871K->7720314K(15801024K)After GC:
Statistics for BinaryTreeDictionary:
------------------------------------
Total Free Space: 186157807
Max   Chunk Size: 1128311
Number of Blocks: 82742
Av.  Block  Size: 2249
Tree      Height: 110
, 0.0134954 secs] [Times: user=0.30 sys=0.00, real=0.02 secs] 
Heap after GC invocations=12533 (full 18):
 par new generation   total 1800000K, used 6631K [0x00000003ef600000, 0x0000000469720000, 0x0000000469720000)
  eden space 1600000K,   0% used [0x00000003ef600000, 0x00000003ef600000, 0x0000000451080000)
  from space 200000K,   3% used [0x000000045d3d0000, 0x000000045da49ef0, 0x0000000469720000)
  to   space 200000K,   0% used [0x0000000451080000, 0x0000000451080000, 0x000000045d3d0000)
 concurrent mark-sweep generation total 14001024K, used 7713683K [0x0000000469720000, 0x00000007c0000000, 0x00000007c0000000)
 Metaspace       used 44935K, capacity 46232K, committed 46652K, reserved 1091584K
  class space    used 4916K, capacity 5189K, committed 5268K, reserved 1048576K
}
2017-04-16T10:29:37.286-0700: 134701.546: Total time for which application threads were stopped: 0.0145755 seconds, Stopping threads took: 0.0001593 seconds
2017-04-16T10:29:39.603-0700: 134703.862: Total time for which application threads were stopped: 0.0021492 seconds, Stopping threads took: 0.0001419 seconds
{Heap before GC invocations=12533 (full 18):
 par new generation   total 1800000K, used 1606631K [0x00000003ef600000, 0x0000000469720000, 0x0000000469720000)
  eden space 1600000K, 100% used [0x00000003ef600000, 0x0000000451080000, 0x0000000451080000)
  from space 200000K,   3% used [0x000000045d3d0000, 0x000000045da49ef0, 0x0000000469720000)
  to   space 200000K,   0% used [0x0000000451080000, 0x0000000451080000, 0x000000045d3d0000)
 concurrent mark-sweep generation total 14001024K, used 7713683K [0x0000000469720000, 0x00000007c0000000, 0x00000007c0000000)
 Metaspace       used 44935K, capacity 46232K, committed 46652K, reserved 1091584K
  class space    used 4916K, capacity 5189K, committed 5268K, reserved 1048576K
2017-04-16T10:29:49.005-0700: 134713.265: [GC (Allocation Failure) Before GC:
Statistics for BinaryTreeDictionary:
------------------------------------
Total Free Space: 186157807
Max   Chunk Size: 1128311
Number of Blocks: 82742
Av.  Block  Size: 2249
Tree      Height: 110
2017-04-16T10:29:49.006-0700: 134713.265: [ParNew
Desired survivor size 102400000 bytes, new threshold 1 (max 1)
- age   1:    6245408 bytes,    6245408 total
: 1606631K->6629K(1800000K), 0.0123598 secs] 9320314K->7721689K(15801024K)After GC:
Statistics for BinaryTreeDictionary:
------------------------------------
Total Free Space: 186115845
Max   Chunk Size: 1128311
Number of Blocks: 82725
Av.  Block  Size: 2249
Tree      Height: 110
, 0.0137152 secs] [Times: user=0.30 sys=0.00, real=0.02 secs] 
Heap after GC invocations=12534 (full 18):
 par new generation   total 1800000K, used 6629K [0x00000003ef600000, 0x0000000469720000, 0x0000000469720000)
  eden space 1600000K,   0% used [0x00000003ef600000, 0x00000003ef600000, 0x0000000451080000)
  from space 200000K,   3% used [0x0000000451080000, 0x00000004516f9798, 0x000000045d3d0000)
  to   space 200000K,   0% used [0x000000045d3d0000, 0x000000045d3d0000, 0x0000000469720000)
 concurrent mark-sweep generation total 14001024K, used 7715060K [0x0000000469720000, 0x00000007c0000000, 0x00000007c0000000)
 Metaspace       used 44935K, capacity 46232K, committed 46652K, reserved 1091584K
  class space    used 4916K, capacity 5189K, committed 5268K, reserved 1048576K
}
2017-04-16T10:29:49.019-0700: 134713.279: Total time for which application threads were stopped: 0.0148163 seconds, Stopping threads took: 0.0001506 seconds
{Heap before GC invocations=12534 (full 18):
 par new generation   total 1800000K, used 1606629K [0x00000003ef600000, 0x0000000469720000, 0x0000000469720000)
  eden space 1600000K, 100% used [0x00000003ef600000, 0x0000000451080000, 0x0000000451080000)
  from space 200000K,   3% used [0x0000000451080000, 0x00000004516f9798, 0x000000045d3d0000)
  to   space 200000K,   0% used [0x000000045d3d0000, 0x000000045d3d0000, 0x0000000469720000)
 concurrent mark-sweep generation total 14001024K, used 7715060K [0x0000000469720000, 0x00000007c0000000, 0x00000007c0000000)
 Metaspace       used 44935K, capacity 46232K, committed 46652K, reserved 1091584K
  class space    used 4916K, capacity 5189K, committed 5268K, reserved 1048576K
2017-04-16T10:30:03.914-0700: 134728.174: [GC (Allocation Failure) Before GC:
Statistics for BinaryTreeDictionary:
------------------------------------
Total Free Space: 186115845
Max   Chunk Size: 1128311
Number of Blocks: 82725
Av.  Block  Size: 2249
Tree      Height: 110
2017-04-16T10:30:03.915-0700: 134728.174: [ParNew
Desired survivor size 102400000 bytes, new threshold 1 (max 1)
- age   1:    6471104 bytes,    6471104 total
: 1606629K->6939K(1800000K), 0.0125226 secs] 9321689K->7723603K(15801024K)After GC:
Statistics for BinaryTreeDictionary:
------------------------------------
Total Free Space: 186020804
Max   Chunk Size: 1128311
Number of Blocks: 82675
Av.  Block  Size: 2250
Tree      Height: 110
, 0.0138472 secs] [Times: user=0.31 sys=0.00, real=0.01 secs] 
Heap after GC invocations=12535 (full 18):
 par new generation   total 1800000K, used 6939K [0x00000003ef600000, 0x0000000469720000, 0x0000000469720000)
  eden space 1600000K,   0% used [0x00000003ef600000, 0x00000003ef600000, 0x0000000451080000)
  from space 200000K,   3% used [0x000000045d3d0000, 0x000000045da96e60, 0x0000000469720000)
  to   space 200000K,   0% used [0x0000000451080000, 0x0000000451080000, 0x000000045d3d0000)
 concurrent mark-sweep generation total 14001024K, used 7716663K [0x0000000469720000, 0x00000007c0000000, 0x00000007c0000000)
 Metaspace       used 44935K, capacity 46232K, committed 46652K, reserved 1091584K
  class space    used 4916K, capacity 5189K, committed 5268K, reserved 1048576K
}
2017-04-16T10:30:03.928-0700: 134728.188: Total time for which application threads were stopped: 0.0149662 seconds, Stopping threads took: 0.0001513 seconds
{Heap before GC invocations=12535 (full 18):
 par new generation   total 1800000K, used 1606939K [0x00000003ef600000, 0x0000000469720000, 0x0000000469720000)
  eden space 1600000K, 100% used [0x00000003ef600000, 0x0000000451080000, 0x0000000451080000)
  from space 200000K,   3% used [0x000000045d3d0000, 0x000000045da96e60, 0x0000000469720000)
  to   space 200000K,   0% used [0x0000000451080000, 0x0000000451080000, 0x000000045d3d0000)
 concurrent mark-sweep generation total 14001024K, used 7716663K [0x0000000469720000, 0x00000007c0000000, 0x00000007c0000000)
 Metaspace       used 44935K, capacity 46232K, committed 46652K, reserved 1091584K
  class space    used 4916K, capacity 5189K, committed 5268K, reserved 1048576K
2017-04-16T10:30:18.321-0700: 134742.581: [GC (Allocation Failure) Before GC:
Statistics for BinaryTreeDictionary:
------------------------------------
Total Free Space: 186020804
Max   Chunk Size: 1128311
Number of Blocks: 82675
Av.  Block  Size: 2250
Tree      Height: 110
2017-04-16T10:30:18.322-0700: 134742.581: [ParNew
Desired survivor size 102400000 bytes, new threshold 1 (max 1)
- age   1:    6886712 bytes,    6886712 total
: 1606939K->7456K(1800000K), 0.0127308 secs] 9323603K->7726076K(15801024K)After GC:
Statistics for BinaryTreeDictionary:
------------------------------------
Total Free Space: 185977689
Max   Chunk Size: 1128311
Number of Blocks: 82657
Av.  Block  Size: 2249
Tree      Height: 110
, 0.0140857 secs] [Times: user=0.31 sys=0.00, real=0.02 secs] 
Heap after GC invocations=12536 (full 18):
 par new generation   total 1800000K, used 7456K [0x00000003ef600000, 0x0000000469720000, 0x0000000469720000)
  eden space 1600000K,   0% used [0x00000003ef600000, 0x00000003ef600000, 0x0000000451080000)
  from space 200000K,   3% used [0x0000000451080000, 0x00000004517c8170, 0x000000045d3d0000)
  to   space 200000K,   0% used [0x000000045d3d0000, 0x000000045d3d0000, 0x0000000469720000)
 concurrent mark-sweep generation total 14001024K, used 7718620K [0x0000000469720000, 0x00000007c0000000, 0x00000007c0000000)
 Metaspace       used 44935K, capacity 46232K, committed 46652K, reserved 1091584K
  class space    used 4916K, capacity 5189K, committed 5268K, reserved 1048576K
}
2017-04-16T10:30:18.336-0700: 134742.595: Total time for which application threads were stopped: 0.0151715 seconds, Stopping threads took: 0.0001533 seconds
{Heap before GC invocations=12536 (full 18):
 par new generation   total 1800000K, used 1607456K [0x00000003ef600000, 0x0000000469720000, 0x0000000469720000)
  eden space 1600000K, 100% used [0x00000003ef600000, 0x0000000451080000, 0x0000000451080000)
  from space 200000K,   3% used [0x0000000451080000, 0x00000004517c8170, 0x000000045d3d0000)
  to   space 200000K,   0% used [0x000000045d3d0000, 0x000000045d3d0000, 0x0000000469720000)
 concurrent mark-sweep generation total 14001024K, used 7718620K [0x0000000469720000, 0x00000007c0000000, 0x00000007c0000000)
 Metaspace       used 44935K, capacity 46232K, committed 46652K, reserved 1091584K
  class space    used 4916K, capacity 5189K, committed 5268K, reserved 1048576K
2017-04-16T10:30:32.642-0700: 134756.901: [GC (Allocation Failure) Before GC:
Statistics for BinaryTreeDictionary:
------------------------------------
Total Free Space: 185977689
Max   Chunk Size: 1128311
Number of Blocks: 82657
Av.  Block  Size: 2249
Tree      Height: 110
2017-04-16T10:30:32.642-0700: 134756.902: [ParNew
Desired survivor size 102400000 bytes, new threshold 1 (max 1)
- age   1:    6306112 bytes,    6306112 total
: 1607456K->6869K(1800000K), 0.0127807 secs] 9326076K->7727083K(15801024K)After GC:
Statistics for BinaryTreeDictionary:
------------------------------------
Total Free Space: 185945858
Max   Chunk Size: 1128311
Number of Blocks: 82630
Av.  Block  Size: 2250
Tree      Height: 110
, 0.0141057 secs] [Times: user=0.31 sys=0.00, real=0.02 secs] 
Heap after GC invocations=12537 (full 18):
 par new generation   total 1800000K, used 6869K [0x00000003ef600000, 0x0000000469720000, 0x0000000469720000)
  eden space 1600000K,   0% used [0x00000003ef600000, 0x00000003ef600000, 0x0000000451080000)
  from space 200000K,   3% used [0x000000045d3d0000, 0x000000045da854d0, 0x0000000469720000)
  to   space 200000K,   0% used [0x0000000451080000, 0x0000000451080000, 0x000000045d3d0000)
 concurrent mark-sweep generation total 14001024K, used 7720214K [0x0000000469720000, 0x00000007c0000000, 0x00000007c0000000)
 Metaspace       used 44935K, capacity 46232K, committed 46652K, reserved 1091584K
  class space    used 4916K, capacity 5189K, committed 5268K, reserved 1048576K
}
2017-04-16T10:30:32.656-0700: 134756.915: Total time for which application threads were stopped: 0.0151982 seconds, Stopping threads took: 0.0001491 seconds
2017-04-16T10:30:42.427-0700: 134766.686: Total time for which application threads were stopped: 0.0009131 seconds, Stopping threads took: 0.0001514 seconds
{Heap before GC invocations=12537 (full 18):
 par new generation   total 1800000K, used 1606869K [0x00000003ef600000, 0x0000000469720000, 0x0000000469720000)
  eden space 1600000K, 100% used [0x00000003ef600000, 0x0000000451080000, 0x0000000451080000)
  from space 200000K,   3% used [0x000000045d3d0000, 0x000000045da854d0, 0x0000000469720000)
  to   space 200000K,   0% used [0x0000000451080000, 0x0000000451080000, 0x000000045d3d0000)
 concurrent mark-sweep generation total 14001024K, used 7720214K [0x0000000469720000, 0x00000007c0000000, 0x00000007c0000000)
 Metaspace       used 44935K, capacity 46232K, committed 46652K, reserved 1091584K
  class space    used 4916K, capacity 5189K, committed 5268K, reserved 1048576K
2017-04-16T10:30:47.549-0700: 134771.808: [GC (Allocation Failure) Before GC:
Statistics for BinaryTreeDictionary:
------------------------------------
Total Free Space: 185945858
Max   Chunk Size: 1128311
Number of Blocks: 82630
Av.  Block  Size: 2250
Tree      Height: 110
2017-04-16T10:30:47.550-0700: 134771.809: [ParNew
Desired survivor size 102400000 bytes, new threshold 1 (max 1)
- age   1:    6707016 bytes,    6707016 total
: 1606869K->7283K(1800000K), 0.0123358 secs] 9327083K->7729171K(15801024K)After GC:
Statistics for BinaryTreeDictionary:
------------------------------------
Total Free Space: 185887808
Max   Chunk Size: 1128311
Number of Blocks: 82615
Av.  Block  Size: 2250
Tree      Height: 110
, 0.0136731 secs] [Times: user=0.31 sys=0.00, real=0.01 secs] 
Heap after GC invocations=12538 (full 18):
 par new generation   total 1800000K, used 7283K [0x00000003ef600000, 0x0000000469720000, 0x0000000469720000)
  eden space 1600000K,   0% used [0x00000003ef600000, 0x00000003ef600000, 0x0000000451080000)
  from space 200000K,   3% used [0x0000000451080000, 0x000000045179ce60, 0x000000045d3d0000)
  to   space 200000K,   0% used [0x000000045d3d0000, 0x000000045d3d0000, 0x0000000469720000)
 concurrent mark-sweep generation total 14001024K, used 7721888K [0x0000000469720000, 0x00000007c0000000, 0x00000007c0000000)
 Metaspace       used 44935K, capacity 46232K, committed 46652K, reserved 1091584K
  class space    used 4916K, capacity 5189K, committed 5268K, reserved 1048576K
}
2017-04-16T10:30:47.563-0700: 134771.822: Total time for which application threads were stopped: 0.0147521 seconds, Stopping threads took: 0.0001491 seconds
2017-04-16T10:30:56.231-0700: 134780.490: Total time for which application threads were stopped: 0.0022997 seconds, Stopping threads took: 0.0001522 seconds
{Heap before GC invocations=12538 (full 18):
 par new generation   total 1800000K, used 1607283K [0x00000003ef600000, 0x0000000469720000, 0x0000000469720000)
  eden space 1600000K, 100% used [0x00000003ef600000, 0x0000000451080000, 0x0000000451080000)
  from space 200000K,   3% used [0x0000000451080000, 0x000000045179ce60, 0x000000045d3d0000)
  to   space 200000K,   0% used [0x000000045d3d0000, 0x000000045d3d0000, 0x0000000469720000)
 concurrent mark-sweep generation total 14001024K, used 7721888K [0x0000000469720000, 0x00000007c0000000, 0x00000007c0000000)
 Metaspace       used 44935K, capacity 46232K, committed 46652K, reserved 1091584K
  class space    used 4916K, capacity 5189K, committed 5268K, reserved 1048576K
2017-04-16T10:31:02.281-0700: 134786.541: [GC (Allocation Failure) Before GC:
Statistics for BinaryTreeDictionary:
------------------------------------
Total Free Space: 185887808
Max   Chunk Size: 1128311
Number of Blocks: 82615
Av.  Block  Size: 2250
Tree      Height: 110
2017-04-16T10:31:02.282-0700: 134786.541: [ParNew
Desired survivor size 102400000 bytes, new threshold 1 (max 1)
- age   1:    6497576 bytes,    6497576 total
: 1607283K->7198K(1800000K), 0.0124621 secs] 9329171K->7730894K(15801024K)After GC:
Statistics for BinaryTreeDictionary:
------------------------------------
Total Free Space: 185859628
Max   Chunk Size: 1128311
Number of Blocks: 82594
Av.  Block  Size: 2250
Tree      Height: 110
, 0.0137992 secs] [Times: user=0.30 sys=0.00, real=0.01 secs] 
Heap after GC invocations=12539 (full 18):
 par new generation   total 1800000K, used 7198K [0x00000003ef600000, 0x0000000469720000, 0x0000000469720000)
  eden space 1600000K,   0% used [0x00000003ef600000, 0x00000003ef600000, 0x0000000451080000)
  from space 200000K,   3% used [0x000000045d3d0000, 0x000000045dad7bf0, 0x0000000469720000)
  to   space 200000K,   0% used [0x0000000451080000, 0x0000000451080000, 0x000000045d3d0000)
 concurrent mark-sweep generation total 14001024K, used 7723695K [0x0000000469720000, 0x00000007c0000000, 0x00000007c0000000)
 Metaspace       used 44935K, capacity 46232K, committed 46652K, reserved 1091584K
  class space    used 4916K, capacity 5189K, committed 5268K, reserved 1048576K
}
2017-04-16T10:31:02.295-0700: 134786.555: Total time for which application threads were stopped: 0.0148745 seconds, Stopping threads took: 0.0001466 seconds
2017-04-16T10:31:09.604-0700: 134793.864: Total time for which application threads were stopped: 0.0021099 seconds, Stopping threads took: 0.0001526 seconds
{Heap before GC invocations=12539 (full 18):
 par new generation   total 1800000K, used 1607198K [0x00000003ef600000, 0x0000000469720000, 0x0000000469720000)
  eden space 1600000K, 100% used [0x00000003ef600000, 0x0000000451080000, 0x0000000451080000)
  from space 200000K,   3% used [0x000000045d3d0000, 0x000000045dad7bf0, 0x0000000469720000)
  to   space 200000K,   0% used [0x0000000451080000, 0x0000000451080000, 0x000000045d3d0000)
 concurrent mark-sweep generation total 14001024K, used 7723695K [0x0000000469720000, 0x00000007c0000000, 0x00000007c0000000)
 Metaspace       used 44935K, capacity 46232K, committed 46652K, reserved 1091584K
  class space    used 4916K, capacity 5189K, committed 5268K, reserved 1048576K
2017-04-16T10:31:14.531-0700: 134798.790: [GC (Allocation Failure) Before GC:
Statistics for BinaryTreeDictionary:
------------------------------------
Total Free Space: 185859628
Max   Chunk Size: 1128311
Number of Blocks: 82594
Av.  Block  Size: 2250
Tree      Height: 110
2017-04-16T10:31:14.531-0700: 134798.791: [ParNew
Desired survivor size 102400000 bytes, new threshold 1 (max 1)
- age   1:    6385320 bytes,    6385320 total
: 1607198K->6780K(1800000K), 0.0122361 secs] 9330894K->7732331K(15801024K)After GC:
Statistics for BinaryTreeDictionary:
------------------------------------
Total Free Space: 185767653
Max   Chunk Size: 1128311
Number of Blocks: 82577
Av.  Block  Size: 2249
Tree      Height: 110
, 0.0135591 secs] [Times: user=0.30 sys=0.00, real=0.01 secs] 
Heap after GC invocations=12540 (full 18):
 par new generation   total 1800000K, used 6780K [0x00000003ef600000, 0x0000000469720000, 0x0000000469720000)
  eden space 1600000K,   0% used [0x00000003ef600000, 0x00000003ef600000, 0x0000000451080000)
  from space 200000K,   3% used [0x0000000451080000, 0x000000045171f020, 0x000000045d3d0000)
  to   space 200000K,   0% used [0x000000045d3d0000, 0x000000045d3d0000, 0x0000000469720000)
 concurrent mark-sweep generation total 14001024K, used 7725551K [0x0000000469720000, 0x00000007c0000000, 0x00000007c0000000)
 Metaspace       used 44935K, capacity 46232K, committed 46652K, reserved 1091584K
  class space    used 4916K, capacity 5189K, committed 5268K, reserved 1048576K
}
2017-04-16T10:31:14.544-0700: 134798.804: Total time for which application threads were stopped: 0.0146683 seconds, Stopping threads took: 0.0001526 seconds
{Heap before GC invocations=12540 (full 18):
 par new generation   total 1800000K, used 1606780K [0x00000003ef600000, 0x0000000469720000, 0x0000000469720000)
  eden space 1600000K, 100% used [0x00000003ef600000, 0x0000000451080000, 0x0000000451080000)
  from space 200000K,   3% used [0x0000000451080000, 0x000000045171f020, 0x000000045d3d0000)
  to   space 200000K,   0% used [0x000000045d3d0000, 0x000000045d3d0000, 0x0000000469720000)
 concurrent mark-sweep generation total 14001024K, used 7725551K [0x0000000469720000, 0x00000007c0000000, 0x00000007c0000000)
 Metaspace       used 44935K, capacity 46232K, committed 46652K, reserved 1091584K
  class space    used 4916K, capacity 5189K, committed 5268K, reserved 1048576K
2017-04-16T10:31:28.447-0700: 134812.707: [GC (Allocation Failure) Before GC:
Statistics for BinaryTreeDictionary:
------------------------------------
Total Free Space: 185767653
Max   Chunk Size: 1128311
Number of Blocks: 82577
Av.  Block  Size: 2249
Tree      Height: 110
2017-04-16T10:31:28.448-0700: 134812.707: [ParNew
Desired survivor size 102400000 bytes, new threshold 1 (max 1)
- age   1:    5749272 bytes,    5749272 total
: 1606780K->6254K(1800000K), 0.0127304 secs] 9332331K->7733407K(15801024K)After GC:
Statistics for BinaryTreeDictionary:
------------------------------------
Total Free Space: 185693172
Max   Chunk Size: 1128311
Number of Blocks: 82536
Av.  Block  Size: 2249
Tree      Height: 110
, 0.0140513 secs] [Times: user=0.32 sys=0.00, real=0.01 secs] 
Heap after GC invocations=12541 (full 18):
 par new generation   total 1800000K, used 6254K [0x00000003ef600000, 0x0000000469720000, 0x0000000469720000)
  eden space 1600000K,   0% used [0x00000003ef600000, 0x00000003ef600000, 0x0000000451080000)
  from space 200000K,   3% used [0x000000045d3d0000, 0x000000045d9eb860, 0x0000000469720000)
  to   space 200000K,   0% used [0x0000000451080000, 0x0000000451080000, 0x000000045d3d0000)
 concurrent mark-sweep generation total 14001024K, used 7727153K [0x0000000469720000, 0x00000007c0000000, 0x00000007c0000000)
 Metaspace       used 44935K, capacity 46232K, committed 46652K, reserved 1091584K
  class space    used 4916K, capacity 5189K, committed 5268K, reserved 1048576K
}
2017-04-16T10:31:28.462-0700: 134812.721: Total time for which application threads were stopped: 0.0151506 seconds, Stopping threads took: 0.0001644 seconds
{Heap before GC invocations=12541 (full 18):
 par new generation   total 1800000K, used 1606254K [0x00000003ef600000, 0x0000000469720000, 0x0000000469720000)
  eden space 1600000K, 100% used [0x00000003ef600000, 0x0000000451080000, 0x0000000451080000)
  from space 200000K,   3% used [0x000000045d3d0000, 0x000000045d9eb860, 0x0000000469720000)
  to   space 200000K,   0% used [0x0000000451080000, 0x0000000451080000, 0x000000045d3d0000)
 concurrent mark-sweep generation total 14001024K, used 7727153K [0x0000000469720000, 0x00000007c0000000, 0x00000007c0000000)
 Metaspace       used 44935K, capacity 46232K, committed 46652K, reserved 1091584K
  class space    used 4916K, capacity 5189K, committed 5268K, reserved 1048576K
2017-04-16T10:31:41.954-0700: 134826.213: [GC (Allocation Failure) Before GC:
Statistics for BinaryTreeDictionary:
------------------------------------
Total Free Space: 185693172
Max   Chunk Size: 1128311
Number of Blocks: 82536
Av.  Block  Size: 2249
Tree      Height: 110
2017-04-16T10:31:41.954-0700: 134826.214: [ParNew
Desired survivor size 102400000 bytes, new threshold 1 (max 1)
- age   1:   25465776 bytes,   25465776 total
: 1606254K->25460K(1800000K), 0.0126944 secs] 9333407K->7753741K(15801024K)After GC:
Statistics for BinaryTreeDictionary:
------------------------------------
Total Free Space: 185681740
Max   Chunk Size: 1128311
Number of Blocks: 82518
Av.  Block  Size: 2250
Tree      Height: 110
, 0.0140743 secs] [Times: user=0.31 sys=0.00, real=0.02 secs] 
Heap after GC invocations=12542 (full 18):
 par new generation   total 1800000K, used 25460K [0x00000003ef600000, 0x0000000469720000, 0x0000000469720000)
  eden space 1600000K,   0% used [0x00000003ef600000, 0x00000003ef600000, 0x0000000451080000)
  from space 200000K,  12% used [0x0000000451080000, 0x000000045295d0b8, 0x000000045d3d0000)
  to   space 200000K,   0% used [0x000000045d3d0000, 0x000000045d3d0000, 0x0000000469720000)
 concurrent mark-sweep generation total 14001024K, used 7728281K [0x0000000469720000, 0x00000007c0000000, 0x00000007c0000000)
 Metaspace       used 44935K, capacity 46232K, committed 46652K, reserved 1091584K
  class space    used 4916K, capacity 5189K, committed 5268K, reserved 1048576K
}
2017-04-16T10:31:41.968-0700: 134826.227: Total time for which application threads were stopped: 0.0151756 seconds, Stopping threads took: 0.0001481 seconds
{Heap before GC invocations=12542 (full 18):
 par new generation   total 1800000K, used 1625460K [0x00000003ef600000, 0x0000000469720000, 0x0000000469720000)
  eden space 1600000K, 100% used [0x00000003ef600000, 0x0000000451080000, 0x0000000451080000)
  from space 200000K,  12% used [0x0000000451080000, 0x000000045295d0b8, 0x000000045d3d0000)
  to   space 200000K,   0% used [0x000000045d3d0000, 0x000000045d3d0000, 0x0000000469720000)
 concurrent mark-sweep generation total 14001024K, used 7728281K [0x0000000469720000, 0x00000007c0000000, 0x00000007c0000000)
 Metaspace       used 44935K, capacity 46232K, committed 46652K, reserved 1091584K
  class space    used 4916K, capacity 5189K, committed 5268K, reserved 1048576K
2017-04-16T10:31:56.230-0700: 134840.490: [GC (Allocation Failure) Before GC:
Statistics for BinaryTreeDictionary:
------------------------------------
Total Free Space: 185681740
Max   Chunk Size: 1128311
Number of Blocks: 82518
Av.  Block  Size: 2250
Tree      Height: 110
2017-04-16T10:31:56.231-0700: 134840.490: [ParNew
Desired survivor size 102400000 bytes, new threshold 1 (max 1)
- age   1:    6559808 bytes,    6559808 total
: 1625460K->10356K(1800000K), 0.0213993 secs] 9353741K->7747892K(15801024K)After GC:
Statistics for BinaryTreeDictionary:
------------------------------------
Total Free Space: 185395049
Max   Chunk Size: 1128311
Number of Blocks: 82504
Av.  Block  Size: 2247
Tree      Height: 110
, 0.0227283 secs] [Times: user=0.33 sys=0.00, real=0.02 secs] 
Heap after GC invocations=12543 (full 18):
 par new generation   total 1800000K, used 10356K [0x00000003ef600000, 0x0000000469720000, 0x0000000469720000)
  eden space 1600000K,   0% used [0x00000003ef600000, 0x00000003ef600000, 0x0000000451080000)
  from space 200000K,   5% used [0x000000045d3d0000, 0x000000045dded3b0, 0x0000000469720000)
  to   space 200000K,   0% used [0x0000000451080000, 0x0000000451080000, 0x000000045d3d0000)
 concurrent mark-sweep generation total 14001024K, used 7737535K [0x0000000469720000, 0x00000007c0000000, 0x00000007c0000000)
 Metaspace       used 44935K, capacity 46232K, committed 46652K, reserved 1091584K
  class space    used 4916K, capacity 5189K, committed 5268K, reserved 1048576K
}
2017-04-16T10:31:56.253-0700: 134840.512: Total time for which application threads were stopped: 0.0238142 seconds, Stopping threads took: 0.0001499 seconds
2017-04-16T10:32:05.965-0700: 134850.224: Total time for which application threads were stopped: 0.0021132 seconds, Stopping threads took: 0.0001445 seconds
{Heap before GC invocations=12543 (full 18):
 par new generation   total 1800000K, used 1610356K [0x00000003ef600000, 0x0000000469720000, 0x0000000469720000)
  eden space 1600000K, 100% used [0x00000003ef600000, 0x0000000451080000, 0x0000000451080000)
  from space 200000K,   5% used [0x000000045d3d0000, 0x000000045dded3b0, 0x0000000469720000)
  to   space 200000K,   0% used [0x0000000451080000, 0x0000000451080000, 0x000000045d3d0000)
 concurrent mark-sweep generation total 14001024K, used 7737535K [0x0000000469720000, 0x00000007c0000000, 0x00000007c0000000)
 Metaspace       used 44935K, capacity 46232K, committed 46652K, reserved 1091584K
  class space    used 4916K, capacity 5189K, committed 5268K, reserved 1048576K
2017-04-16T10:32:10.025-0700: 134854.284: [GC (Allocation Failure) Before GC:
Statistics for BinaryTreeDictionary:
------------------------------------
Total Free Space: 185395049
Max   Chunk Size: 1128311
Number of Blocks: 82504
Av.  Block  Size: 2247
Tree      Height: 110
2017-04-16T10:32:10.025-0700: 134854.285: [ParNew
Desired survivor size 102400000 bytes, new threshold 1 (max 1)
- age   1:    6947696 bytes,    6947696 total
: 1610356K->7874K(1800000K), 0.0117537 secs] 9347892K->7746553K(15801024K)After GC:
Statistics for BinaryTreeDictionary:
------------------------------------
Total Free Space: 185370424
Max   Chunk Size: 1128311
Number of Blocks: 82490
Av.  Block  Size: 2247
Tree      Height: 110
, 0.0131063 secs] [Times: user=0.28 sys=0.00, real=0.01 secs] 
Heap after GC invocations=12544 (full 18):
 par new generation   total 1800000K, used 7874K [0x00000003ef600000, 0x0000000469720000, 0x0000000469720000)
  eden space 1600000K,   0% used [0x00000003ef600000, 0x00000003ef600000, 0x0000000451080000)
  from space 200000K,   3% used [0x0000000451080000, 0x0000000451830870, 0x000000045d3d0000)
  to   space 200000K,   0% used [0x000000045d3d0000, 0x000000045d3d0000, 0x0000000469720000)
 concurrent mark-sweep generation total 14001024K, used 7738678K [0x0000000469720000, 0x00000007c0000000, 0x00000007c0000000)
 Metaspace       used 44935K, capacity 46232K, committed 46652K, reserved 1091584K
  class space    used 4916K, capacity 5189K, committed 5268K, reserved 1048576K
}
2017-04-16T10:32:10.038-0700: 134854.297: Total time for which application threads were stopped: 0.0141833 seconds, Stopping threads took: 0.0001479 seconds
{Heap before GC invocations=12544 (full 18):
 par new generation   total 1800000K, used 1607874K [0x00000003ef600000, 0x0000000469720000, 0x0000000469720000)
  eden space 1600000K, 100% used [0x00000003ef600000, 0x0000000451080000, 0x0000000451080000)
  from space 200000K,   3% used [0x0000000451080000, 0x0000000451830870, 0x000000045d3d0000)
  to   space 200000K,   0% used [0x000000045d3d0000, 0x000000045d3d0000, 0x0000000469720000)
 concurrent mark-sweep generation total 14001024K, used 7738678K [0x0000000469720000, 0x00000007c0000000, 0x00000007c0000000)
 Metaspace       used 44935K, capacity 46232K, committed 46652K, reserved 1091584K
  class space    used 4916K, capacity 5189K, committed 5268K, reserved 1048576K
2017-04-16T10:32:23.859-0700: 134868.118: [GC (Allocation Failure) Before GC:
Statistics for BinaryTreeDictionary:
------------------------------------
Total Free Space: 185370424
Max   Chunk Size: 1128311
Number of Blocks: 82490
Av.  Block  Size: 2247
Tree      Height: 110
2017-04-16T10:32:23.859-0700: 134868.119: [ParNew
Desired survivor size 102400000 bytes, new threshold 1 (max 1)
- age   1:    6340008 bytes,    6340008 total
: 1607874K->6602K(1800000K), 0.0116739 secs] 9346553K->7746553K(15801024K)After GC:
Statistics for BinaryTreeDictionary:
------------------------------------
Total Free Space: 185339663
Max   Chunk Size: 1128311
Number of Blocks: 82467
Av.  Block  Size: 2247
Tree      Height: 110
, 0.0130017 secs] [Times: user=0.28 sys=0.02, real=0.02 secs] 
Heap after GC invocations=12545 (full 18):
 par new generation   total 1800000K, used 6602K [0x00000003ef600000, 0x0000000469720000, 0x0000000469720000)
  eden space 1600000K,   0% used [0x00000003ef600000, 0x00000003ef600000, 0x0000000451080000)
  from space 200000K,   3% used [0x000000045d3d0000, 0x000000045da42838, 0x0000000469720000)
  to   space 200000K,   0% used [0x0000000451080000, 0x0000000451080000, 0x000000045d3d0000)
 concurrent mark-sweep generation total 14001024K, used 7739951K [0x0000000469720000, 0x00000007c0000000, 0x00000007c0000000)
 Metaspace       used 44935K, capacity 46232K, committed 46652K, reserved 1091584K
  class space    used 4916K, capacity 5189K, committed 5268K, reserved 1048576K
}
2017-04-16T10:32:23.872-0700: 134868.131: Total time for which application threads were stopped: 0.0140820 seconds, Stopping threads took: 0.0001459 seconds
{Heap before GC invocations=12545 (full 18):
 par new generation   total 1800000K, used 1606602K [0x00000003ef600000, 0x0000000469720000, 0x0000000469720000)
  eden space 1600000K, 100% used [0x00000003ef600000, 0x0000000451080000, 0x0000000451080000)
  from space 200000K,   3% used [0x000000045d3d0000, 0x000000045da42838, 0x0000000469720000)
  to   space 200000K,   0% used [0x0000000451080000, 0x0000000451080000, 0x000000045d3d0000)
 concurrent mark-sweep generation total 14001024K, used 7739951K [0x0000000469720000, 0x00000007c0000000, 0x00000007c0000000)
 Metaspace       used 44935K, capacity 46232K, committed 46652K, reserved 1091584K
  class space    used 4916K, capacity 5189K, committed 5268K, reserved 1048576K
2017-04-16T10:32:37.526-0700: 134881.785: [GC (Allocation Failure) Before GC:
Statistics for BinaryTreeDictionary:
------------------------------------
Total Free Space: 185339663
Max   Chunk Size: 1128311
Number of Blocks: 82467
Av.  Block  Size: 2247
Tree      Height: 110
2017-04-16T10:32:37.527-0700: 134881.786: [ParNew
Desired survivor size 102400000 bytes, new threshold 1 (max 1)
- age   1:    7537080 bytes,    7537080 total
: 1606602K->8108K(1800000K), 0.0123079 secs] 9346553K->7749302K(15801024K)After GC:
Statistics for BinaryTreeDictionary:
------------------------------------
Total Free Space: 185309796
Max   Chunk Size: 1128311
Number of Blocks: 82444
Av.  Block  Size: 2247
Tree      Height: 110
, 0.0136305 secs] [Times: user=0.30 sys=0.00, real=0.01 secs] 
Heap after GC invocations=12546 (full 18):
 par new generation   total 1800000K, used 8108K [0x00000003ef600000, 0x0000000469720000, 0x0000000469720000)
  eden space 1600000K,   0% used [0x00000003ef600000, 0x00000003ef600000, 0x0000000451080000)
  from space 200000K,   4% used [0x0000000451080000, 0x000000045186b0b8, 0x000000045d3d0000)
  to   space 200000K,   0% used [0x000000045d3d0000, 0x000000045d3d0000, 0x0000000469720000)
 concurrent mark-sweep generation total 14001024K, used 7741194K [0x0000000469720000, 0x00000007c0000000, 0x00000007c0000000)
 Metaspace       used 44935K, capacity 46232K, committed 46652K, reserved 1091584K
  class space    used 4916K, capacity 5189K, committed 5268K, reserved 1048576K
}
2017-04-16T10:32:37.540-0700: 134881.799: Total time for which application threads were stopped: 0.0146937 seconds, Stopping threads took: 0.0001506 seconds
2017-04-16T10:32:39.887-0700: 134884.146: Total time for which application threads were stopped: 0.0021211 seconds, Stopping threads took: 0.0001421 seconds
{Heap before GC invocations=12546 (full 18):
 par new generation   total 1800000K, used 1608108K [0x00000003ef600000, 0x0000000469720000, 0x0000000469720000)
  eden space 1600000K, 100% used [0x00000003ef600000, 0x0000000451080000, 0x0000000451080000)
  from space 200000K,   4% used [0x0000000451080000, 0x000000045186b0b8, 0x000000045d3d0000)
  to   space 200000K,   0% used [0x000000045d3d0000, 0x000000045d3d0000, 0x0000000469720000)
 concurrent mark-sweep generation total 14001024K, used 7741194K [0x0000000469720000, 0x00000007c0000000, 0x00000007c0000000)
 Metaspace       used 44935K, capacity 46232K, committed 46652K, reserved 1091584K
  class space    used 4916K, capacity 5189K, committed 5268K, reserved 1048576K
2017-04-16T10:32:48.799-0700: 134893.058: [GC (Allocation Failure) Before GC:
Statistics for BinaryTreeDictionary:
------------------------------------
Total Free Space: 185309796
Max   Chunk Size: 1128311
Number of Blocks: 82444
Av.  Block  Size: 2247
Tree      Height: 110
2017-04-16T10:32:48.799-0700: 134893.059: [ParNew
Desired survivor size 102400000 bytes, new threshold 1 (max 1)
- age   1:    6871600 bytes,    6871600 total
: 1608108K->7315K(1800000K), 0.0120149 secs] 9349302K->7750840K(15801024K)After GC:
Statistics for BinaryTreeDictionary:
------------------------------------
Total Free Space: 185138959
Max   Chunk Size: 1128311
Number of Blocks: 82432
Av.  Block  Size: 2245
Tree      Height: 110
, 0.0133712 secs] [Times: user=0.30 sys=0.00, real=0.01 secs] 
Heap after GC invocations=12547 (full 18):
 par new generation   total 1800000K, used 7315K [0x00000003ef600000, 0x0000000469720000, 0x0000000469720000)
  eden space 1600000K,   0% used [0x00000003ef600000, 0x00000003ef600000, 0x0000000451080000)
  from space 200000K,   3% used [0x000000045d3d0000, 0x000000045daf4ed8, 0x0000000469720000)
  to   space 200000K,   0% used [0x0000000451080000, 0x0000000451080000, 0x000000045d3d0000)
 concurrent mark-sweep generation total 14001024K, used 7743524K [0x0000000469720000, 0x00000007c0000000, 0x00000007c0000000)
 Metaspace       used 44935K, capacity 46232K, committed 46652K, reserved 1091584K
  class space    used 4916K, capacity 5189K, committed 5268K, reserved 1048576K
}
2017-04-16T10:32:48.812-0700: 134893.072: Total time for which application threads were stopped: 0.0144637 seconds, Stopping threads took: 0.0001637 seconds
{Heap before GC invocations=12547 (full 18):
 par new generation   total 1800000K, used 1607315K [0x00000003ef600000, 0x0000000469720000, 0x0000000469720000)
  eden space 1600000K, 100% used [0x00000003ef600000, 0x0000000451080000, 0x0000000451080000)
  from space 200000K,   3% used [0x000000045d3d0000, 0x000000045daf4ed8, 0x0000000469720000)
  to   space 200000K,   0% used [0x0000000451080000, 0x0000000451080000, 0x000000045d3d0000)
 concurrent mark-sweep generation total 14001024K, used 7743524K [0x0000000469720000, 0x00000007c0000000, 0x00000007c0000000)
 Metaspace       used 44935K, capacity 46232K, committed 46652K, reserved 1091584K
  class space    used 4916K, capacity 5189K, committed 5268K, reserved 1048576K
2017-04-16T10:33:03.568-0700: 134907.828: [GC (Allocation Failure) Before GC:
Statistics for BinaryTreeDictionary:
------------------------------------
Total Free Space: 185138959
Max   Chunk Size: 1128311
Number of Blocks: 82432
Av.  Block  Size: 2245
Tree      Height: 110
2017-04-16T10:33:03.569-0700: 134907.828: [ParNew
Desired survivor size 102400000 bytes, new threshold 1 (max 1)
- age   1:    6424912 bytes,    6424912 total
: 1607315K->6814K(1800000K), 0.0119127 secs] 9350840K->7751742K(15801024K)After GC:
Statistics for BinaryTreeDictionary:
------------------------------------
Total Free Space: 185063779
Max   Chunk Size: 1128311
Number of Blocks: 82391
Av.  Block  Size: 2246
Tree      Height: 110
, 0.0132183 secs] [Times: user=0.30 sys=0.00, real=0.01 secs] 
Heap after GC invocations=12548 (full 18):
 par new generation   total 1800000K, used 6814K [0x00000003ef600000, 0x0000000469720000, 0x0000000469720000)
  eden space 1600000K,   0% used [0x00000003ef600000, 0x00000003ef600000, 0x0000000451080000)
  from space 200000K,   3% used [0x0000000451080000, 0x0000000451727a50, 0x000000045d3d0000)
  to   space 200000K,   0% used [0x000000045d3d0000, 0x000000045d3d0000, 0x0000000469720000)
 concurrent mark-sweep generation total 14001024K, used 7744927K [0x0000000469720000, 0x00000007c0000000, 0x00000007c0000000)
 Metaspace       used 44935K, capacity 46232K, committed 46652K, reserved 1091584K
  class space    used 4916K, capacity 5189K, committed 5268K, reserved 1048576K
}
2017-04-16T10:33:03.582-0700: 134907.841: Total time for which application threads were stopped: 0.0143000 seconds, Stopping threads took: 0.0001544 seconds
{Heap before GC invocations=12548 (full 18):
 par new generation   total 1800000K, used 1606814K [0x00000003ef600000, 0x0000000469720000, 0x0000000469720000)
  eden space 1600000K, 100% used [0x00000003ef600000, 0x0000000451080000, 0x0000000451080000)
  from space 200000K,   3% used [0x0000000451080000, 0x0000000451727a50, 0x000000045d3d0000)
  to   space 200000K,   0% used [0x000000045d3d0000, 0x000000045d3d0000, 0x0000000469720000)
 concurrent mark-sweep generation total 14001024K, used 7744927K [0x0000000469720000, 0x00000007c0000000, 0x00000007c0000000)
 Metaspace       used 44935K, capacity 46232K, committed 46652K, reserved 1091584K
  class space    used 4916K, capacity 5189K, committed 5268K, reserved 1048576K
2017-04-16T10:33:18.064-0700: 134922.324: [GC (Allocation Failure) Before GC:
Statistics for BinaryTreeDictionary:
------------------------------------
Total Free Space: 185063779
Max   Chunk Size: 1128311
Number of Blocks: 82391
Av.  Block  Size: 2246
Tree      Height: 110
2017-04-16T10:33:18.065-0700: 134922.324: [ParNew
Desired survivor size 102400000 bytes, new threshold 1 (max 1)
- age   1:    6227816 bytes,    6227816 total
: 1606814K->6645K(1800000K), 0.0123137 secs] 9351742K->7752958K(15801024K)After GC:
Statistics for BinaryTreeDictionary:
------------------------------------
Total Free Space: 185019200
Max   Chunk Size: 1128311
Number of Blocks: 82371
Av.  Block  Size: 2246
Tree      Height: 110
, 0.0136739 secs] [Times: user=0.30 sys=0.00, real=0.01 secs] 
Heap after GC invocations=12549 (full 18):
 par new generation   total 1800000K, used 6645K [0x00000003ef600000, 0x0000000469720000, 0x0000000469720000)
  eden space 1600000K,   0% used [0x00000003ef600000, 0x00000003ef600000, 0x0000000451080000)
  from space 200000K,   3% used [0x000000045d3d0000, 0x000000045da4d640, 0x0000000469720000)
  to   space 200000K,   0% used [0x0000000451080000, 0x0000000451080000, 0x000000045d3d0000)
 concurrent mark-sweep generation total 14001024K, used 7746313K [0x0000000469720000, 0x00000007c0000000, 0x00000007c0000000)
 Metaspace       used 44935K, capacity 46232K, committed 46652K, reserved 1091584K
  class space    used 4916K, capacity 5189K, committed 5268K, reserved 1048576K
}
2017-04-16T10:33:18.078-0700: 134922.338: Total time for which application threads were stopped: 0.0147949 seconds, Stopping threads took: 0.0001689 seconds
{Heap before GC invocations=12549 (full 18):
 par new generation   total 1800000K, used 1606645K [0x00000003ef600000, 0x0000000469720000, 0x0000000469720000)
  eden space 1600000K, 100% used [0x00000003ef600000, 0x0000000451080000, 0x0000000451080000)
  from space 200000K,   3% used [0x000000045d3d0000, 0x000000045da4d640, 0x0000000469720000)
  to   space 200000K,   0% used [0x0000000451080000, 0x0000000451080000, 0x000000045d3d0000)
 concurrent mark-sweep generation total 14001024K, used 7746313K [0x0000000469720000, 0x00000007c0000000, 0x00000007c0000000)
 Metaspace       used 44935K, capacity 46232K, committed 46652K, reserved 1091584K
  class space    used 4916K, capacity 5189K, committed 5268K, reserved 1048576K
2017-04-16T10:33:32.590-0700: 134936.849: [GC (Allocation Failure) Before GC:
Statistics for BinaryTreeDictionary:
------------------------------------
Total Free Space: 185019200
Max   Chunk Size: 1128311
Number of Blocks: 82371
Av.  Block  Size: 2246
Tree      Height: 110
2017-04-16T10:33:32.590-0700: 134936.850: [ParNew
Desired survivor size 102400000 bytes, new threshold 1 (max 1)
- age   1:    6931736 bytes,    6931736 total
: 1606645K->7433K(1800000K), 0.0127566 secs] 9352958K->7754912K(15801024K)After GC:
Statistics for BinaryTreeDictionary:
------------------------------------
Total Free Space: 185003273
Max   Chunk Size: 1128311
Number of Blocks: 82338
Av.  Block  Size: 2246
Tree      Height: 110
, 0.0141052 secs] [Times: user=0.32 sys=0.00, real=0.02 secs] 
Heap after GC invocations=12550 (full 18):
 par new generation   total 1800000K, used 7433K [0x00000003ef600000, 0x0000000469720000, 0x0000000469720000)
  eden space 1600000K,   0% used [0x00000003ef600000, 0x00000003ef600000, 0x0000000451080000)
  from space 200000K,   3% used [0x0000000451080000, 0x00000004517c2750, 0x000000045d3d0000)
  to   space 200000K,   0% used [0x000000045d3d0000, 0x000000045d3d0000, 0x0000000469720000)
 concurrent mark-sweep generation total 14001024K, used 7747478K [0x0000000469720000, 0x00000007c0000000, 0x00000007c0000000)
 Metaspace       used 44935K, capacity 46232K, committed 46652K, reserved 1091584K
  class space    used 4916K, capacity 5189K, committed 5268K, reserved 1048576K
}
2017-04-16T10:33:32.604-0700: 134936.863: Total time for which application threads were stopped: 0.0152035 seconds, Stopping threads took: 0.0001506 seconds
{Heap before GC invocations=12550 (full 18):
 par new generation   total 1800000K, used 1607433K [0x00000003ef600000, 0x0000000469720000, 0x0000000469720000)
  eden space 1600000K, 100% used [0x00000003ef600000, 0x0000000451080000, 0x0000000451080000)
  from space 200000K,   3% used [0x0000000451080000, 0x00000004517c2750, 0x000000045d3d0000)
  to   space 200000K,   0% used [0x000000045d3d0000, 0x000000045d3d0000, 0x0000000469720000)
 concurrent mark-sweep generation total 14001024K, used 7747478K [0x0000000469720000, 0x00000007c0000000, 0x00000007c0000000)
 Metaspace       used 44935K, capacity 46232K, committed 46652K, reserved 1091584K
  class space    used 4916K, capacity 5189K, committed 5268K, reserved 1048576K
2017-04-16T10:33:46.541-0700: 134950.800: [GC (Allocation Failure) Before GC:
Statistics for BinaryTreeDictionary:
------------------------------------
Total Free Space: 185003273
Max   Chunk Size: 1128311
Number of Blocks: 82338
Av.  Block  Size: 2246
Tree      Height: 110
2017-04-16T10:33:46.541-0700: 134950.801: [ParNew
Desired survivor size 102400000 bytes, new threshold 1 (max 1)
- age   1:    6602048 bytes,    6602048 total
: 1607433K->6939K(1800000K), 0.0123082 secs] 9354912K->7755933K(15801024K)After GC:
Statistics for BinaryTreeDictionary:
------------------------------------
Total Free Space: 184940134
Max   Chunk Size: 1128311
Number of Blocks: 82310
Av.  Block  Size: 2246
Tree      Height: 110
, 0.0136806 secs] [Times: user=0.31 sys=0.00, real=0.02 secs] 
Heap after GC invocations=12551 (full 18):
 par new generation   total 1800000K, used 6939K [0x00000003ef600000, 0x0000000469720000, 0x0000000469720000)
  eden space 1600000K,   0% used [0x00000003ef600000, 0x00000003ef600000, 0x0000000451080000)
  from space 200000K,   3% used [0x000000045d3d0000, 0x000000045da96f58, 0x0000000469720000)
  to   space 200000K,   0% used [0x0000000451080000, 0x0000000451080000, 0x000000045d3d0000)
 concurrent mark-sweep generation total 14001024K, used 7748993K [0x0000000469720000, 0x00000007c0000000, 0x00000007c0000000)
 Metaspace       used 44935K, capacity 46232K, committed 46652K, reserved 1091584K
  class space    used 4916K, capacity 5189K, committed 5268K, reserved 1048576K
}
2017-04-16T10:33:46.554-0700: 134950.814: Total time for which application threads were stopped: 0.0147674 seconds, Stopping threads took: 0.0001511 seconds
{Heap before GC invocations=12551 (full 18):
 par new generation   total 1800000K, used 1606939K [0x00000003ef600000, 0x0000000469720000, 0x0000000469720000)
  eden space 1600000K, 100% used [0x00000003ef600000, 0x0000000451080000, 0x0000000451080000)
  from space 200000K,   3% used [0x000000045d3d0000, 0x000000045da96f58, 0x0000000469720000)
  to   space 200000K,   0% used [0x0000000451080000, 0x0000000451080000, 0x000000045d3d0000)
 concurrent mark-sweep generation total 14001024K, used 7748993K [0x0000000469720000, 0x00000007c0000000, 0x00000007c0000000)
 Metaspace       used 44935K, capacity 46232K, committed 46652K, reserved 1091584K
  class space    used 4916K, capacity 5189K, committed 5268K, reserved 1048576K
2017-04-16T10:34:00.539-0700: 134964.798: [GC (Allocation Failure) Before GC:
Statistics for BinaryTreeDictionary:
------------------------------------
Total Free Space: 184940134
Max   Chunk Size: 1128311
Number of Blocks: 82310
Av.  Block  Size: 2246
Tree      Height: 110
2017-04-16T10:34:00.540-0700: 134964.799: [ParNew
Desired survivor size 102400000 bytes, new threshold 1 (max 1)
- age   1:    6157168 bytes,    6157168 total
: 1606939K->6788K(1800000K), 0.0122387 secs] 9355933K->7757186K(15801024K)After GC:
Statistics for BinaryTreeDictionary:
------------------------------------
Total Free Space: 184896810
Max   Chunk Size: 1128311
Number of Blocks: 82290
Av.  Block  Size: 2246
Tree      Height: 110
, 0.0135834 secs] [Times: user=0.30 sys=0.00, real=0.01 secs] 
Heap after GC invocations=12552 (full 18):
 par new generation   total 1800000K, used 6788K [0x00000003ef600000, 0x0000000469720000, 0x0000000469720000)
  eden space 1600000K,   0% used [0x00000003ef600000, 0x00000003ef600000, 0x0000000451080000)
  from space 200000K,   3% used [0x0000000451080000, 0x00000004517211b0, 0x000000045d3d0000)
  to   space 200000K,   0% used [0x000000045d3d0000, 0x000000045d3d0000, 0x0000000469720000)
 concurrent mark-sweep generation total 14001024K, used 7750398K [0x0000000469720000, 0x00000007c0000000, 0x00000007c0000000)
 Metaspace       used 44935K, capacity 46232K, committed 46652K, reserved 1091584K
  class space    used 4916K, capacity 5189K, committed 5268K, reserved 1048576K
}
2017-04-16T10:34:00.553-0700: 134964.812: Total time for which application threads were stopped: 0.0146824 seconds, Stopping threads took: 0.0001583 seconds
2017-04-16T10:34:09.685-0700: 134973.944: Total time for which application threads were stopped: 0.0021184 seconds, Stopping threads took: 0.0001440 seconds
2017-04-16T10:34:09.694-0700: 134973.953: Total time for which application threads were stopped: 0.0011029 seconds, Stopping threads took: 0.0000461 seconds
{Heap before GC invocations=12552 (full 18):
 par new generation   total 1800000K, used 1606788K [0x00000003ef600000, 0x0000000469720000, 0x0000000469720000)
  eden space 1600000K, 100% used [0x00000003ef600000, 0x0000000451080000, 0x0000000451080000)
  from space 200000K,   3% used [0x0000000451080000, 0x00000004517211b0, 0x000000045d3d0000)
  to   space 200000K,   0% used [0x000000045d3d0000, 0x000000045d3d0000, 0x0000000469720000)
 concurrent mark-sweep generation total 14001024K, used 7750398K [0x0000000469720000, 0x00000007c0000000, 0x00000007c0000000)
 Metaspace       used 44935K, capacity 46232K, committed 46652K, reserved 1091584K
  class space    used 4916K, capacity 5189K, committed 5268K, reserved 1048576K
2017-04-16T10:34:12.344-0700: 134976.604: [GC (Allocation Failure) Before GC:
Statistics for BinaryTreeDictionary:
------------------------------------
Total Free Space: 184896810
Max   Chunk Size: 1128311
Number of Blocks: 82290
Av.  Block  Size: 2246
Tree      Height: 110
2017-04-16T10:34:12.345-0700: 134976.604: [ParNew
Desired survivor size 102400000 bytes, new threshold 1 (max 1)
- age   1:    6410152 bytes,    6410152 total
: 1606788K->6903K(1800000K), 0.0121426 secs] 9357186K->7758707K(15801024K)After GC:
Statistics for BinaryTreeDictionary:
------------------------------------
Total Free Space: 184853748
Max   Chunk Size: 1128311
Number of Blocks: 82269
Av.  Block  Size: 2246
Tree      Height: 110
, 0.0134972 secs] [Times: user=0.30 sys=0.00, real=0.02 secs] 
Heap after GC invocations=12553 (full 18):
 par new generation   total 1800000K, used 6903K [0x00000003ef600000, 0x0000000469720000, 0x0000000469720000)
  eden space 1600000K,   0% used [0x00000003ef600000, 0x00000003ef600000, 0x0000000451080000)
  from space 200000K,   3% used [0x000000045d3d0000, 0x000000045da8dcd8, 0x0000000469720000)
  to   space 200000K,   0% used [0x0000000451080000, 0x0000000451080000, 0x000000045d3d0000)
 concurrent mark-sweep generation total 14001024K, used 7751803K [0x0000000469720000, 0x00000007c0000000, 0x00000007c0000000)
 Metaspace       used 44935K, capacity 46232K, committed 46652K, reserved 1091584K
  class space    used 4916K, capacity 5189K, committed 5268K, reserved 1048576K
}
2017-04-16T10:34:12.358-0700: 134976.617: Total time for which application threads were stopped: 0.0145830 seconds, Stopping threads took: 0.0001462 seconds
{Heap before GC invocations=12553 (full 18):
 par new generation   total 1800000K, used 1606903K [0x00000003ef600000, 0x0000000469720000, 0x0000000469720000)
  eden space 1600000K, 100% used [0x00000003ef600000, 0x0000000451080000, 0x0000000451080000)
  from space 200000K,   3% used [0x000000045d3d0000, 0x000000045da8dcd8, 0x0000000469720000)
  to   space 200000K,   0% used [0x0000000451080000, 0x0000000451080000, 0x000000045d3d0000)
 concurrent mark-sweep generation total 14001024K, used 7751803K [0x0000000469720000, 0x00000007c0000000, 0x00000007c0000000)
 Metaspace       used 44935K, capacity 46232K, committed 46652K, reserved 1091584K
  class space    used 4916K, capacity 5189K, committed 5268K, reserved 1048576K
2017-04-16T10:34:27.402-0700: 134991.661: [GC (Allocation Failure) Before GC:
Statistics for BinaryTreeDictionary:
------------------------------------
Total Free Space: 184853748
Max   Chunk Size: 1128311
Number of Blocks: 82269
Av.  Block  Size: 2246
Tree      Height: 110
2017-04-16T10:34:27.403-0700: 134991.662: [ParNew
Desired survivor size 102400000 bytes, new threshold 1 (max 1)
- age   1:    6476824 bytes,    6476824 total
: 1606903K->6881K(1800000K), 0.0119720 secs] 9358707K->7760185K(15801024K)After GC:
Statistics for BinaryTreeDictionary:
------------------------------------
Total Free Space: 184771171
Max   Chunk Size: 1128311
Number of Blocks: 82212
Av.  Block  Size: 2247
Tree      Height: 110
, 0.0133193 secs] [Times: user=0.30 sys=0.00, real=0.01 secs] 
Heap after GC invocations=12554 (full 18):
 par new generation   total 1800000K, used 6881K [0x00000003ef600000, 0x0000000469720000, 0x0000000469720000)
  eden space 1600000K,   0% used [0x00000003ef600000, 0x00000003ef600000, 0x0000000451080000)
  from space 200000K,   3% used [0x0000000451080000, 0x00000004517384b0, 0x000000045d3d0000)
  to   space 200000K,   0% used [0x000000045d3d0000, 0x000000045d3d0000, 0x0000000469720000)
 concurrent mark-sweep generation total 14001024K, used 7753304K [0x0000000469720000, 0x00000007c0000000, 0x00000007c0000000)
 Metaspace       used 44935K, capacity 46232K, committed 46652K, reserved 1091584K
  class space    used 4916K, capacity 5189K, committed 5268K, reserved 1048576K
}
2017-04-16T10:34:27.416-0700: 134991.675: Total time for which application threads were stopped: 0.0144216 seconds, Stopping threads took: 0.0001597 seconds
{Heap before GC invocations=12554 (full 18):
 par new generation   total 1800000K, used 1606881K [0x00000003ef600000, 0x0000000469720000, 0x0000000469720000)
  eden space 1600000K, 100% used [0x00000003ef600000, 0x0000000451080000, 0x0000000451080000)
  from space 200000K,   3% used [0x0000000451080000, 0x00000004517384b0, 0x000000045d3d0000)
  to   space 200000K,   0% used [0x000000045d3d0000, 0x000000045d3d0000, 0x0000000469720000)
 concurrent mark-sweep generation total 14001024K, used 7753304K [0x0000000469720000, 0x00000007c0000000, 0x00000007c0000000)
 Metaspace       used 44935K, capacity 46232K, committed 46652K, reserved 1091584K
  class space    used 4916K, capacity 5189K, committed 5268K, reserved 1048576K
2017-04-16T10:34:41.852-0700: 135006.111: [GC (Allocation Failure) Before GC:
Statistics for BinaryTreeDictionary:
------------------------------------
Total Free Space: 184771171
Max   Chunk Size: 1128311
Number of Blocks: 82212
Av.  Block  Size: 2247
Tree      Height: 110
2017-04-16T10:34:41.853-0700: 135006.112: [ParNew
Desired survivor size 102400000 bytes, new threshold 1 (max 1)
- age   1:    6957168 bytes,    6957168 total
: 1606881K->7261K(1800000K), 0.0119813 secs] 9360185K->7761823K(15801024K)After GC:
Statistics for BinaryTreeDictionary:
------------------------------------
Total Free Space: 184743508
Max   Chunk Size: 1128311
Number of Blocks: 82191
Av.  Block  Size: 2247
Tree      Height: 110
, 0.0133384 secs] [Times: user=0.30 sys=0.00, real=0.02 secs] 
Heap after GC invocations=12555 (full 18):
 par new generation   total 1800000K, used 7261K [0x00000003ef600000, 0x0000000469720000, 0x0000000469720000)
  eden space 1600000K,   0% used [0x00000003ef600000, 0x00000003ef600000, 0x0000000451080000)
  from space 200000K,   3% used [0x000000045d3d0000, 0x000000045dae7540, 0x0000000469720000)
  to   space 200000K,   0% used [0x0000000451080000, 0x0000000451080000, 0x000000045d3d0000)
 concurrent mark-sweep generation total 14001024K, used 7754562K [0x0000000469720000, 0x00000007c0000000, 0x00000007c0000000)
 Metaspace       used 44935K, capacity 46232K, committed 46652K, reserved 1091584K
  class space    used 4916K, capacity 5189K, committed 5268K, reserved 1048576K
}
2017-04-16T10:34:41.866-0700: 135006.125: Total time for which application threads were stopped: 0.0144387 seconds, Stopping threads took: 0.0001531 seconds
{Heap before GC invocations=12555 (full 18):
 par new generation   total 1800000K, used 1607261K [0x00000003ef600000, 0x0000000469720000, 0x0000000469720000)
  eden space 1600000K, 100% used [0x00000003ef600000, 0x0000000451080000, 0x0000000451080000)
  from space 200000K,   3% used [0x000000045d3d0000, 0x000000045dae7540, 0x0000000469720000)
  to   space 200000K,   0% used [0x0000000451080000, 0x0000000451080000, 0x000000045d3d0000)
 concurrent mark-sweep generation total 14001024K, used 7754562K [0x0000000469720000, 0x00000007c0000000, 0x00000007c0000000)
 Metaspace       used 44935K, capacity 46232K, committed 46652K, reserved 1091584K
  class space    used 4916K, capacity 5189K, committed 5268K, reserved 1048576K
2017-04-16T10:34:56.994-0700: 135021.253: [GC (Allocation Failure) Before GC:
Statistics for BinaryTreeDictionary:
------------------------------------
Total Free Space: 184743508
Max   Chunk Size: 1128311
Number of Blocks: 82191
Av.  Block  Size: 2247
Tree      Height: 110
2017-04-16T10:34:56.994-0700: 135021.253: [ParNew
Desired survivor size 102400000 bytes, new threshold 1 (max 1)
- age   1:    8000272 bytes,    8000272 total
: 1607261K->8411K(1800000K), 0.0122446 secs] 9361823K->7764242K(15801024K)After GC:
Statistics for BinaryTreeDictionary:
------------------------------------
Total Free Space: 184716935
Max   Chunk Size: 1128311
Number of Blocks: 82172
Av.  Block  Size: 2247
Tree      Height: 110
, 0.0135790 secs] [Times: user=0.30 sys=0.00, real=0.02 secs] 
Heap after GC invocations=12556 (full 18):
 par new generation   total 1800000K, used 8411K [0x00000003ef600000, 0x0000000469720000, 0x0000000469720000)
  eden space 1600000K,   0% used [0x00000003ef600000, 0x00000003ef600000, 0x0000000451080000)
  from space 200000K,   4% used [0x0000000451080000, 0x00000004518b6de0, 0x000000045d3d0000)
  to   space 200000K,   0% used [0x000000045d3d0000, 0x000000045d3d0000, 0x0000000469720000)
 concurrent mark-sweep generation total 14001024K, used 7755830K [0x0000000469720000, 0x00000007c0000000, 0x00000007c0000000)
 Metaspace       used 44935K, capacity 46232K, committed 46652K, reserved 1091584K
  class space    used 4916K, capacity 5189K, committed 5268K, reserved 1048576K
}
2017-04-16T10:34:57.007-0700: 135021.267: Total time for which application threads were stopped: 0.0146836 seconds, Stopping threads took: 0.0001576 seconds
2017-04-16T10:35:06.050-0700: 135030.309: Total time for which application threads were stopped: 0.0021558 seconds, Stopping threads took: 0.0001465 seconds
2017-04-16T10:35:10.293-0700: 135034.553: Total time for which application threads were stopped: 0.0009068 seconds, Stopping threads took: 0.0001494 seconds
{Heap before GC invocations=12556 (full 18):
 par new generation   total 1800000K, used 1608411K [0x00000003ef600000, 0x0000000469720000, 0x0000000469720000)
  eden space 1600000K, 100% used [0x00000003ef600000, 0x0000000451080000, 0x0000000451080000)
  from space 200000K,   4% used [0x0000000451080000, 0x00000004518b6de0, 0x000000045d3d0000)
  to   space 200000K,   0% used [0x000000045d3d0000, 0x000000045d3d0000, 0x0000000469720000)
 concurrent mark-sweep generation total 14001024K, used 7755830K [0x0000000469720000, 0x00000007c0000000, 0x00000007c0000000)
 Metaspace       used 44935K, capacity 46232K, committed 46652K, reserved 1091584K
  class space    used 4916K, capacity 5189K, committed 5268K, reserved 1048576K
2017-04-16T10:35:12.149-0700: 135036.409: [GC (Allocation Failure) Before GC:
Statistics for BinaryTreeDictionary:
------------------------------------
Total Free Space: 184716935
Max   Chunk Size: 1128311
Number of Blocks: 82172
Av.  Block  Size: 2247
Tree      Height: 110
2017-04-16T10:35:12.150-0700: 135036.409: [ParNew
Desired survivor size 102400000 bytes, new threshold 1 (max 1)
- age   1:    6742632 bytes,    6742632 total
: 1608411K->7370K(1800000K), 0.0125216 secs] 9364242K->7765325K(15801024K)After GC:
Statistics for BinaryTreeDictionary:
------------------------------------
Total Free Space: 184655508
Max   Chunk Size: 1128311
Number of Blocks: 82150
Av.  Block  Size: 2247
Tree      Height: 110
, 0.0138429 secs] [Times: user=0.29 sys=0.00, real=0.01 secs] 
Heap after GC invocations=12557 (full 18):
 par new generation   total 1800000K, used 7370K [0x00000003ef600000, 0x0000000469720000, 0x0000000469720000)
  eden space 1600000K,   0% used [0x00000003ef600000, 0x00000003ef600000, 0x0000000451080000)
  from space 200000K,   3% used [0x000000045d3d0000, 0x000000045db02bc0, 0x0000000469720000)
  to   space 200000K,   0% used [0x0000000451080000, 0x0000000451080000, 0x000000045d3d0000)
 concurrent mark-sweep generation total 14001024K, used 7757954K [0x0000000469720000, 0x00000007c0000000, 0x00000007c0000000)
 Metaspace       used 44935K, capacity 46232K, committed 46652K, reserved 1091584K
  class space    used 4916K, capacity 5189K, committed 5268K, reserved 1048576K
}
2017-04-16T10:35:12.163-0700: 135036.423: Total time for which application threads were stopped: 0.0149177 seconds, Stopping threads took: 0.0001487 seconds
2017-04-16T10:35:19.100-0700: 135043.360: Total time for which application threads were stopped: 0.0008656 seconds, Stopping threads took: 0.0001388 seconds
{Heap before GC invocations=12557 (full 18):
 par new generation   total 1800000K, used 1607370K [0x00000003ef600000, 0x0000000469720000, 0x0000000469720000)
  eden space 1600000K, 100% used [0x00000003ef600000, 0x0000000451080000, 0x0000000451080000)
  from space 200000K,   3% used [0x000000045d3d0000, 0x000000045db02bc0, 0x0000000469720000)
  to   space 200000K,   0% used [0x0000000451080000, 0x0000000451080000, 0x000000045d3d0000)
 concurrent mark-sweep generation total 14001024K, used 7757954K [0x0000000469720000, 0x00000007c0000000, 0x00000007c0000000)
 Metaspace       used 44935K, capacity 46232K, committed 46652K, reserved 1091584K
  class space    used 4916K, capacity 5189K, committed 5268K, reserved 1048576K
2017-04-16T10:35:25.971-0700: 135050.230: [GC (Allocation Failure) Before GC:
Statistics for BinaryTreeDictionary:
------------------------------------
Total Free Space: 184655508
Max   Chunk Size: 1128311
Number of Blocks: 82150
Av.  Block  Size: 2247
Tree      Height: 110
2017-04-16T10:35:25.972-0700: 135050.231: [ParNew
Desired survivor size 102400000 bytes, new threshold 1 (max 1)
- age   1:    6902288 bytes,    6902288 total
: 1607370K->7387K(1800000K), 0.0121092 secs] 9365325K->7766783K(15801024K)After GC:
Statistics for BinaryTreeDictionary:
------------------------------------
Total Free Space: 184615654
Max   Chunk Size: 1128311
Number of Blocks: 82138
Av.  Block  Size: 2247
Tree      Height: 110
, 0.0134378 secs] [Times: user=0.30 sys=0.00, real=0.01 secs] 
Heap after GC invocations=12558 (full 18):
 par new generation   total 1800000K, used 7387K [0x00000003ef600000, 0x0000000469720000, 0x0000000469720000)
  eden space 1600000K,   0% used [0x00000003ef600000, 0x00000003ef600000, 0x0000000451080000)
  from space 200000K,   3% used [0x0000000451080000, 0x00000004517b6fa0, 0x000000045d3d0000)
  to   space 200000K,   0% used [0x000000045d3d0000, 0x000000045d3d0000, 0x0000000469720000)
 concurrent mark-sweep generation total 14001024K, used 7759395K [0x0000000469720000, 0x00000007c0000000, 0x00000007c0000000)
 Metaspace       used 44935K, capacity 46232K, committed 46652K, reserved 1091584K
  class space    used 4916K, capacity 5189K, committed 5268K, reserved 1048576K
}
2017-04-16T10:35:25.985-0700: 135050.244: Total time for which application threads were stopped: 0.0144948 seconds, Stopping threads took: 0.0001453 seconds
2017-04-16T10:35:35.941-0700: 135060.201: Total time for which application threads were stopped: 0.0008474 seconds, Stopping threads took: 0.0001365 seconds
2017-04-16T10:35:39.602-0700: 135063.862: Total time for which application threads were stopped: 0.0021253 seconds, Stopping threads took: 0.0001499 seconds
{Heap before GC invocations=12558 (full 18):
 par new generation   total 1800000K, used 1607387K [0x00000003ef600000, 0x0000000469720000, 0x0000000469720000)
  eden space 1600000K, 100% used [0x00000003ef600000, 0x0000000451080000, 0x0000000451080000)
  from space 200000K,   3% used [0x0000000451080000, 0x00000004517b6fa0, 0x000000045d3d0000)
  to   space 200000K,   0% used [0x000000045d3d0000, 0x000000045d3d0000, 0x0000000469720000)
 concurrent mark-sweep generation total 14001024K, used 7759395K [0x0000000469720000, 0x00000007c0000000, 0x00000007c0000000)
 Metaspace       used 44935K, capacity 46232K, committed 46652K, reserved 1091584K
  class space    used 4916K, capacity 5189K, committed 5268K, reserved 1048576K
2017-04-16T10:35:39.726-0700: 135063.986: [GC (Allocation Failure) Before GC:
Statistics for BinaryTreeDictionary:
------------------------------------
Total Free Space: 184615654
Max   Chunk Size: 1128311
Number of Blocks: 82138
Av.  Block  Size: 2247
Tree      Height: 110
2017-04-16T10:35:39.727-0700: 135063.986: [ParNew
Desired survivor size 102400000 bytes, new threshold 1 (max 1)
- age   1:    7569192 bytes,    7569192 total
: 1607387K->8043K(1800000K), 0.0126322 secs] 9366783K->7769035K(15801024K)After GC:
Statistics for BinaryTreeDictionary:
------------------------------------
Total Free Space: 184584809
Max   Chunk Size: 1128311
Number of Blocks: 82113
Av.  Block  Size: 2247
Tree      Height: 110
, 0.0139995 secs] [Times: user=0.31 sys=0.01, real=0.01 secs] 
Heap after GC invocations=12559 (full 18):
 par new generation   total 1800000K, used 8043K [0x00000003ef600000, 0x0000000469720000, 0x0000000469720000)
  eden space 1600000K,   0% used [0x00000003ef600000, 0x00000003ef600000, 0x0000000451080000)
  from space 200000K,   4% used [0x000000045d3d0000, 0x000000045dbaad50, 0x0000000469720000)
  to   space 200000K,   0% used [0x0000000451080000, 0x0000000451080000, 0x000000045d3d0000)
 concurrent mark-sweep generation total 14001024K, used 7760992K [0x0000000469720000, 0x00000007c0000000, 0x00000007c0000000)
 Metaspace       used 44935K, capacity 46232K, committed 46652K, reserved 1091584K
  class space    used 4916K, capacity 5189K, committed 5268K, reserved 1048576K
}
2017-04-16T10:35:39.741-0700: 135064.000: Total time for which application threads were stopped: 0.0151024 seconds, Stopping threads took: 0.0001634 seconds
{Heap before GC invocations=12559 (full 18):
 par new generation   total 1800000K, used 1608043K [0x00000003ef600000, 0x0000000469720000, 0x0000000469720000)
  eden space 1600000K, 100% used [0x00000003ef600000, 0x0000000451080000, 0x0000000451080000)
  from space 200000K,   4% used [0x000000045d3d0000, 0x000000045dbaad50, 0x0000000469720000)
  to   space 200000K,   0% used [0x0000000451080000, 0x0000000451080000, 0x000000045d3d0000)
 concurrent mark-sweep generation total 14001024K, used 7760992K [0x0000000469720000, 0x00000007c0000000, 0x00000007c0000000)
 Metaspace       used 44935K, capacity 46232K, committed 46652K, reserved 1091584K
  class space    used 4916K, capacity 5189K, committed 5268K, reserved 1048576K
2017-04-16T10:35:51.306-0700: 135075.565: [GC (Allocation Failure) Before GC:
Statistics for BinaryTreeDictionary:
------------------------------------
Total Free Space: 184584809
Max   Chunk Size: 1128311
Number of Blocks: 82113
Av.  Block  Size: 2247
Tree      Height: 110
2017-04-16T10:35:51.307-0700: 135075.566: [ParNew
Desired survivor size 102400000 bytes, new threshold 1 (max 1)
- age   1:    6775688 bytes,    6775688 total
: 1608043K->7482K(1800000K), 0.0122870 secs] 9369035K->7770669K(15801024K)After GC:
Statistics for BinaryTreeDictionary:
------------------------------------
Total Free Space: 184500111
Max   Chunk Size: 1128311
Number of Blocks: 82087
Av.  Block  Size: 2247
Tree      Height: 110
, 0.0136283 secs] [Times: user=0.30 sys=0.00, real=0.01 secs] 
Heap after GC invocations=12560 (full 18):
 par new generation   total 1800000K, used 7482K [0x00000003ef600000, 0x0000000469720000, 0x0000000469720000)
  eden space 1600000K,   0% used [0x00000003ef600000, 0x00000003ef600000, 0x0000000451080000)
  from space 200000K,   3% used [0x0000000451080000, 0x00000004517ce930, 0x000000045d3d0000)
  to   space 200000K,   0% used [0x000000045d3d0000, 0x000000045d3d0000, 0x0000000469720000)
 concurrent mark-sweep generation total 14001024K, used 7763187K [0x0000000469720000, 0x00000007c0000000, 0x00000007c0000000)
 Metaspace       used 44935K, capacity 46232K, committed 46652K, reserved 1091584K
  class space    used 4916K, capacity 5189K, committed 5268K, reserved 1048576K
}
2017-04-16T10:35:51.320-0700: 135075.579: Total time for which application threads were stopped: 0.0147286 seconds, Stopping threads took: 0.0001496 seconds
{Heap before GC invocations=12560 (full 18):
 par new generation   total 1800000K, used 1607482K [0x00000003ef600000, 0x0000000469720000, 0x0000000469720000)
  eden space 1600000K, 100% used [0x00000003ef600000, 0x0000000451080000, 0x0000000451080000)
  from space 200000K,   3% used [0x0000000451080000, 0x00000004517ce930, 0x000000045d3d0000)
  to   space 200000K,   0% used [0x000000045d3d0000, 0x000000045d3d0000, 0x0000000469720000)
 concurrent mark-sweep generation total 14001024K, used 7763187K [0x0000000469720000, 0x00000007c0000000, 0x00000007c0000000)
 Metaspace       used 44935K, capacity 46232K, committed 46652K, reserved 1091584K
  class space    used 4916K, capacity 5189K, committed 5268K, reserved 1048576K
2017-04-16T10:36:05.183-0700: 135089.443: [GC (Allocation Failure) Before GC:
Statistics for BinaryTreeDictionary:
------------------------------------
Total Free Space: 184500111
Max   Chunk Size: 1128311
Number of Blocks: 82087
Av.  Block  Size: 2247
Tree      Height: 110
2017-04-16T10:36:05.184-0700: 135089.443: [ParNew
Desired survivor size 102400000 bytes, new threshold 1 (max 1)
- age   1:    6737880 bytes,    6737880 total
: 1607482K->7032K(1800000K), 0.0120244 secs] 9370669K->7771570K(15801024K)After GC:
Statistics for BinaryTreeDictionary:
------------------------------------
Total Free Space: 184450001
Max   Chunk Size: 1128311
Number of Blocks: 82057
Av.  Block  Size: 2247
Tree      Height: 110
, 0.0133960 secs] [Times: user=0.29 sys=0.00, real=0.02 secs] 
Heap after GC invocations=12561 (full 18):
 par new generation   total 1800000K, used 7032K [0x00000003ef600000, 0x0000000469720000, 0x0000000469720000)
  eden space 1600000K,   0% used [0x00000003ef600000, 0x00000003ef600000, 0x0000000451080000)
  from space 200000K,   3% used [0x000000045d3d0000, 0x000000045daae260, 0x0000000469720000)
  to   space 200000K,   0% used [0x0000000451080000, 0x0000000451080000, 0x000000045d3d0000)
 concurrent mark-sweep generation total 14001024K, used 7764538K [0x0000000469720000, 0x00000007c0000000, 0x00000007c0000000)
 Metaspace       used 44935K, capacity 46232K, committed 46652K, reserved 1091584K
  class space    used 4916K, capacity 5189K, committed 5268K, reserved 1048576K
}
2017-04-16T10:36:05.197-0700: 135089.456: Total time for which application threads were stopped: 0.0144873 seconds, Stopping threads took: 0.0001500 seconds
{Heap before GC invocations=12561 (full 18):
 par new generation   total 1800000K, used 1607032K [0x00000003ef600000, 0x0000000469720000, 0x0000000469720000)
  eden space 1600000K, 100% used [0x00000003ef600000, 0x0000000451080000, 0x0000000451080000)
  from space 200000K,   3% used [0x000000045d3d0000, 0x000000045daae260, 0x0000000469720000)
  to   space 200000K,   0% used [0x0000000451080000, 0x0000000451080000, 0x000000045d3d0000)
 concurrent mark-sweep generation total 14001024K, used 7764538K [0x0000000469720000, 0x00000007c0000000, 0x00000007c0000000)
 Metaspace       used 44935K, capacity 46232K, committed 46652K, reserved 1091584K
  class space    used 4916K, capacity 5189K, committed 5268K, reserved 1048576K
2017-04-16T10:36:20.116-0700: 135104.375: [GC (Allocation Failure) Before GC:
Statistics for BinaryTreeDictionary:
------------------------------------
Total Free Space: 184450001
Max   Chunk Size: 1128311
Number of Blocks: 82057
Av.  Block  Size: 2247
Tree      Height: 110
2017-04-16T10:36:20.116-0700: 135104.376: [ParNew
Desired survivor size 102400000 bytes, new threshold 1 (max 1)
- age   1:    5811144 bytes,    5811144 total
: 1607032K->6247K(1800000K), 0.0122670 secs] 9371570K->7771976K(15801024K)After GC:
Statistics for BinaryTreeDictionary:
------------------------------------
Total Free Space: 184426492
Max   Chunk Size: 1128311
Number of Blocks: 82045
Av.  Block  Size: 2247
Tree      Height: 110
, 0.0136168 secs] [Times: user=0.30 sys=0.00, real=0.02 secs] 
Heap after GC invocations=12562 (full 18):
 par new generation   total 1800000K, used 6247K [0x00000003ef600000, 0x0000000469720000, 0x0000000469720000)
  eden space 1600000K,   0% used [0x00000003ef600000, 0x00000003ef600000, 0x0000000451080000)
  from space 200000K,   3% used [0x0000000451080000, 0x0000000451699d88, 0x000000045d3d0000)
  to   space 200000K,   0% used [0x000000045d3d0000, 0x000000045d3d0000, 0x0000000469720000)
 concurrent mark-sweep generation total 14001024K, used 7765729K [0x0000000469720000, 0x00000007c0000000, 0x00000007c0000000)
 Metaspace       used 44935K, capacity 46232K, committed 46652K, reserved 1091584K
  class space    used 4916K, capacity 5189K, committed 5268K, reserved 1048576K
}
2017-04-16T10:36:20.130-0700: 135104.389: Total time for which application threads were stopped: 0.0146990 seconds, Stopping threads took: 0.0001490 seconds
{Heap before GC invocations=12562 (full 18):
 par new generation   total 1800000K, used 1606247K [0x00000003ef600000, 0x0000000469720000, 0x0000000469720000)
  eden space 1600000K, 100% used [0x00000003ef600000, 0x0000000451080000, 0x0000000451080000)
  from space 200000K,   3% used [0x0000000451080000, 0x0000000451699d88, 0x000000045d3d0000)
  to   space 200000K,   0% used [0x000000045d3d0000, 0x000000045d3d0000, 0x0000000469720000)
 concurrent mark-sweep generation total 14001024K, used 7765729K [0x0000000469720000, 0x00000007c0000000, 0x00000007c0000000)
 Metaspace       used 44935K, capacity 46232K, committed 46652K, reserved 1091584K
  class space    used 4916K, capacity 5189K, committed 5268K, reserved 1048576K
2017-04-16T10:36:33.304-0700: 135117.563: [GC (Allocation Failure) Before GC:
Statistics for BinaryTreeDictionary:
------------------------------------
Total Free Space: 184426492
Max   Chunk Size: 1128311
Number of Blocks: 82045
Av.  Block  Size: 2247
Tree      Height: 110
2017-04-16T10:36:33.304-0700: 135117.564: [ParNew
Desired survivor size 102400000 bytes, new threshold 1 (max 1)
- age   1:   12979216 bytes,   12979216 total
: 1606247K->13341K(1800000K), 0.0121661 secs] 9371976K->7780510K(15801024K)After GC:
Statistics for BinaryTreeDictionary:
------------------------------------
Total Free Space: 184377878
Max   Chunk Size: 1128311
Number of Blocks: 82018
Av.  Block  Size: 2248
Tree      Height: 110
, 0.0135040 secs] [Times: user=0.30 sys=0.00, real=0.01 secs] 
Heap after GC invocations=12563 (full 18):
 par new generation   total 1800000K, used 13341K [0x00000003ef600000, 0x0000000469720000, 0x0000000469720000)
  eden space 1600000K,   0% used [0x00000003ef600000, 0x00000003ef600000, 0x0000000451080000)
  from space 200000K,   6% used [0x000000045d3d0000, 0x000000045e0d7780, 0x0000000469720000)
  to   space 200000K,   0% used [0x0000000451080000, 0x0000000451080000, 0x000000045d3d0000)
 concurrent mark-sweep generation total 14001024K, used 7767168K [0x0000000469720000, 0x00000007c0000000, 0x00000007c0000000)
 Metaspace       used 44935K, capacity 46232K, committed 46652K, reserved 1091584K
  class space    used 4916K, capacity 5189K, committed 5268K, reserved 1048576K
}
2017-04-16T10:36:33.317-0700: 135117.577: Total time for which application threads were stopped: 0.0145932 seconds, Stopping threads took: 0.0001463 seconds
{Heap before GC invocations=12563 (full 18):
 par new generation   total 1800000K, used 1613341K [0x00000003ef600000, 0x0000000469720000, 0x0000000469720000)
  eden space 1600000K, 100% used [0x00000003ef600000, 0x0000000451080000, 0x0000000451080000)
  from space 200000K,   6% used [0x000000045d3d0000, 0x000000045e0d7780, 0x0000000469720000)
  to   space 200000K,   0% used [0x0000000451080000, 0x0000000451080000, 0x000000045d3d0000)
 concurrent mark-sweep generation total 14001024K, used 7767168K [0x0000000469720000, 0x00000007c0000000, 0x00000007c0000000)
 Metaspace       used 44935K, capacity 46232K, committed 46652K, reserved 1091584K
  class space    used 4916K, capacity 5189K, committed 5268K, reserved 1048576K
2017-04-16T10:36:47.255-0700: 135131.515: [GC (Allocation Failure) Before GC:
Statistics for BinaryTreeDictionary:
------------------------------------
Total Free Space: 184377878
Max   Chunk Size: 1128311
Number of Blocks: 82018
Av.  Block  Size: 2248
Tree      Height: 110
2017-04-16T10:36:47.256-0700: 135131.515: [ParNew
Desired survivor size 102400000 bytes, new threshold 1 (max 1)
- age   1:    7348984 bytes,    7348984 total
: 1613341K->10176K(1800000K), 0.0210789 secs] 9380510K->7785655K(15801024K)After GC:
Statistics for BinaryTreeDictionary:
------------------------------------
Total Free Space: 184201939
Max   Chunk Size: 1128311
Number of Blocks: 81999
Av.  Block  Size: 2246
Tree      Height: 110
, 0.0224467 secs] [Times: user=0.31 sys=0.01, real=0.02 secs] 
Heap after GC invocations=12564 (full 18):
 par new generation   total 1800000K, used 10176K [0x00000003ef600000, 0x0000000469720000, 0x0000000469720000)
  eden space 1600000K,   0% used [0x00000003ef600000, 0x00000003ef600000, 0x0000000451080000)
  from space 200000K,   5% used [0x0000000451080000, 0x0000000451a70250, 0x000000045d3d0000)
  to   space 200000K,   0% used [0x000000045d3d0000, 0x000000045d3d0000, 0x0000000469720000)
 concurrent mark-sweep generation total 14001024K, used 7775479K [0x0000000469720000, 0x00000007c0000000, 0x00000007c0000000)
 Metaspace       used 44935K, capacity 46232K, committed 46652K, reserved 1091584K
  class space    used 4916K, capacity 5189K, committed 5268K, reserved 1048576K
}
2017-04-16T10:36:47.278-0700: 135131.537: Total time for which application threads were stopped: 0.0235364 seconds, Stopping threads took: 0.0001555 seconds
{Heap before GC invocations=12564 (full 18):
 par new generation   total 1800000K, used 1610176K [0x00000003ef600000, 0x0000000469720000, 0x0000000469720000)
  eden space 1600000K, 100% used [0x00000003ef600000, 0x0000000451080000, 0x0000000451080000)
  from space 200000K,   5% used [0x0000000451080000, 0x0000000451a70250, 0x000000045d3d0000)
  to   space 200000K,   0% used [0x000000045d3d0000, 0x000000045d3d0000, 0x0000000469720000)
 concurrent mark-sweep generation total 14001024K, used 7775479K [0x0000000469720000, 0x00000007c0000000, 0x00000007c0000000)
 Metaspace       used 44935K, capacity 46232K, committed 46652K, reserved 1091584K
  class space    used 4916K, capacity 5189K, committed 5268K, reserved 1048576K
2017-04-16T10:37:01.408-0700: 135145.667: [GC (Allocation Failure) Before GC:
Statistics for BinaryTreeDictionary:
------------------------------------
Total Free Space: 184201939
Max   Chunk Size: 1128311
Number of Blocks: 81999
Av.  Block  Size: 2246
Tree      Height: 110
2017-04-16T10:37:01.409-0700: 135145.668: [ParNew
Desired survivor size 102400000 bytes, new threshold 1 (max 1)
- age   1:    7041816 bytes,    7041816 total
: 1610176K->8087K(1800000K), 0.0121086 secs] 9385655K->7784569K(15801024K)After GC:
Statistics for BinaryTreeDictionary:
------------------------------------
Total Free Space: 184192514
Max   Chunk Size: 1128311
Number of Blocks: 81983
Av.  Block  Size: 2246
Tree      Height: 110
, 0.0134533 secs] [Times: user=0.30 sys=0.00, real=0.01 secs] 
Heap after GC invocations=12565 (full 18):
 par new generation   total 1800000K, used 8087K [0x00000003ef600000, 0x0000000469720000, 0x0000000469720000)
  eden space 1600000K,   0% used [0x00000003ef600000, 0x00000003ef600000, 0x0000000451080000)
  from space 200000K,   4% used [0x000000045d3d0000, 0x000000045dbb5e88, 0x0000000469720000)
  to   space 200000K,   0% used [0x0000000451080000, 0x0000000451080000, 0x000000045d3d0000)
 concurrent mark-sweep generation total 14001024K, used 7776481K [0x0000000469720000, 0x00000007c0000000, 0x00000007c0000000)
 Metaspace       used 44935K, capacity 46232K, committed 46652K, reserved 1091584K
  class space    used 4916K, capacity 5189K, committed 5268K, reserved 1048576K
}
2017-04-16T10:37:01.422-0700: 135145.681: Total time for which application threads were stopped: 0.0145192 seconds, Stopping threads took: 0.0001387 seconds
2017-04-16T10:37:09.810-0700: 135154.069: Total time for which application threads were stopped: 0.0021824 seconds, Stopping threads took: 0.0001595 seconds
{Heap before GC invocations=12565 (full 18):
 par new generation   total 1800000K, used 1608087K [0x00000003ef600000, 0x0000000469720000, 0x0000000469720000)
  eden space 1600000K, 100% used [0x00000003ef600000, 0x0000000451080000, 0x0000000451080000)
  from space 200000K,   4% used [0x000000045d3d0000, 0x000000045dbb5e88, 0x0000000469720000)
  to   space 200000K,   0% used [0x0000000451080000, 0x0000000451080000, 0x000000045d3d0000)
 concurrent mark-sweep generation total 14001024K, used 7776481K [0x0000000469720000, 0x00000007c0000000, 0x00000007c0000000)
 Metaspace       used 44935K, capacity 46232K, committed 46652K, reserved 1091584K
  class space    used 4916K, capacity 5189K, committed 5268K, reserved 1048576K
2017-04-16T10:37:12.421-0700: 135156.680: [GC (Allocation Failure) Before GC:
Statistics for BinaryTreeDictionary:
------------------------------------
Total Free Space: 184192514
Max   Chunk Size: 1128311
Number of Blocks: 81983
Av.  Block  Size: 2246
Tree      Height: 110
2017-04-16T10:37:12.422-0700: 135156.681: [ParNew
Desired survivor size 102400000 bytes, new threshold 1 (max 1)
- age   1:    7785520 bytes,    7785520 total
: 1608087K->8148K(1800000K), 0.0118267 secs] 9384569K->7785958K(15801024K)After GC:
Statistics for BinaryTreeDictionary:
------------------------------------
Total Free Space: 184133885
Max   Chunk Size: 1128311
Number of Blocks: 81967
Av.  Block  Size: 2246
Tree      Height: 110
, 0.0131752 secs] [Times: user=0.29 sys=0.00, real=0.01 secs] 
Heap after GC invocations=12566 (full 18):
 par new generation   total 1800000K, used 8148K [0x00000003ef600000, 0x0000000469720000, 0x0000000469720000)
  eden space 1600000K,   0% used [0x00000003ef600000, 0x00000003ef600000, 0x0000000451080000)
  from space 200000K,   4% used [0x0000000451080000, 0x00000004518750b0, 0x000000045d3d0000)
  to   space 200000K,   0% used [0x000000045d3d0000, 0x000000045d3d0000, 0x0000000469720000)
 concurrent mark-sweep generation total 14001024K, used 7777810K [0x0000000469720000, 0x00000007c0000000, 0x00000007c0000000)
 Metaspace       used 44935K, capacity 46232K, committed 46652K, reserved 1091584K
  class space    used 4916K, capacity 5189K, committed 5268K, reserved 1048576K
}
2017-04-16T10:37:12.434-0700: 135156.694: Total time for which application threads were stopped: 0.0142647 seconds, Stopping threads took: 0.0001531 seconds
{Heap before GC invocations=12566 (full 18):
 par new generation   total 1800000K, used 1608148K [0x00000003ef600000, 0x0000000469720000, 0x0000000469720000)
  eden space 1600000K, 100% used [0x00000003ef600000, 0x0000000451080000, 0x0000000451080000)
  from space 200000K,   4% used [0x0000000451080000, 0x00000004518750b0, 0x000000045d3d0000)
  to   space 200000K,   0% used [0x000000045d3d0000, 0x000000045d3d0000, 0x0000000469720000)
 concurrent mark-sweep generation total 14001024K, used 7777810K [0x0000000469720000, 0x00000007c0000000, 0x00000007c0000000)
 Metaspace       used 44935K, capacity 46232K, committed 46652K, reserved 1091584K
  class space    used 4916K, capacity 5189K, committed 5268K, reserved 1048576K
2017-04-16T10:37:26.174-0700: 135170.434: [GC (Allocation Failure) Before GC:
Statistics for BinaryTreeDictionary:
------------------------------------
Total Free Space: 184133885
Max   Chunk Size: 1128311
Number of Blocks: 81967
Av.  Block  Size: 2246
Tree      Height: 110
2017-04-16T10:37:26.175-0700: 135170.434: [ParNew
Desired survivor size 102400000 bytes, new threshold 1 (max 1)
- age   1:    5901376 bytes,    5901376 total
: 1608148K->6286K(1800000K), 0.0121389 secs] 9385958K->7785909K(15801024K)After GC:
Statistics for BinaryTreeDictionary:
------------------------------------
Total Free Space: 184005673
Max   Chunk Size: 1128311
Number of Blocks: 81921
Av.  Block  Size: 2246
Tree      Height: 110
, 0.0134723 secs] [Times: user=0.30 sys=0.00, real=0.02 secs] 
Heap after GC invocations=12567 (full 18):
 par new generation   total 1800000K, used 6286K [0x00000003ef600000, 0x0000000469720000, 0x0000000469720000)
  eden space 1600000K,   0% used [0x00000003ef600000, 0x00000003ef600000, 0x0000000451080000)
  from space 200000K,   3% used [0x000000045d3d0000, 0x000000045d9f3918, 0x0000000469720000)
  to   space 200000K,   0% used [0x0000000451080000, 0x0000000451080000, 0x000000045d3d0000)
 concurrent mark-sweep generation total 14001024K, used 7779623K [0x0000000469720000, 0x00000007c0000000, 0x00000007c0000000)
 Metaspace       used 44935K, capacity 46232K, committed 46652K, reserved 1091584K
  class space    used 4916K, capacity 5189K, committed 5268K, reserved 1048576K
}
2017-04-16T10:37:26.188-0700: 135170.447: Total time for which application threads were stopped: 0.0145870 seconds, Stopping threads took: 0.0001630 seconds
{Heap before GC invocations=12567 (full 18):
 par new generation   total 1800000K, used 1606286K [0x00000003ef600000, 0x0000000469720000, 0x0000000469720000)
  eden space 1600000K, 100% used [0x00000003ef600000, 0x0000000451080000, 0x0000000451080000)
  from space 200000K,   3% used [0x000000045d3d0000, 0x000000045d9f3918, 0x0000000469720000)
  to   space 200000K,   0% used [0x0000000451080000, 0x0000000451080000, 0x000000045d3d0000)
 concurrent mark-sweep generation total 14001024K, used 7779623K [0x0000000469720000, 0x00000007c0000000, 0x00000007c0000000)
 Metaspace       used 44935K, capacity 46232K, committed 46652K, reserved 1091584K
  class space    used 4916K, capacity 5189K, committed 5268K, reserved 1048576K
2017-04-16T10:37:40.621-0700: 135184.881: [GC (Allocation Failure) Before GC:
Statistics for BinaryTreeDictionary:
------------------------------------
Total Free Space: 184005673
Max   Chunk Size: 1128311
Number of Blocks: 81921
Av.  Block  Size: 2246
Tree      Height: 110
2017-04-16T10:37:40.622-0700: 135184.881: [ParNew
Desired survivor size 102400000 bytes, new threshold 1 (max 1)
- age   1:    5816544 bytes,    5816544 total
: 1606286K->6300K(1800000K), 0.0119691 secs] 9385909K->7787133K(15801024K)After GC:
Statistics for BinaryTreeDictionary:
------------------------------------
Total Free Space: 183979287
Max   Chunk Size: 1128311
Number of Blocks: 81904
Av.  Block  Size: 2246
Tree      Height: 110
, 0.0133179 secs] [Times: user=0.29 sys=0.00, real=0.01 secs] 
Heap after GC invocations=12568 (full 18):
 par new generation   total 1800000K, used 6300K [0x00000003ef600000, 0x0000000469720000, 0x0000000469720000)
  eden space 1600000K,   0% used [0x00000003ef600000, 0x00000003ef600000, 0x0000000451080000)
  from space 200000K,   3% used [0x0000000451080000, 0x00000004516a7260, 0x000000045d3d0000)
  to   space 200000K,   0% used [0x000000045d3d0000, 0x000000045d3d0000, 0x0000000469720000)
 concurrent mark-sweep generation total 14001024K, used 7780833K [0x0000000469720000, 0x00000007c0000000, 0x00000007c0000000)
 Metaspace       used 44935K, capacity 46232K, committed 46652K, reserved 1091584K
  class space    used 4916K, capacity 5189K, committed 5268K, reserved 1048576K
}
2017-04-16T10:37:40.635-0700: 135184.894: Total time for which application threads were stopped: 0.0144308 seconds, Stopping threads took: 0.0001624 seconds
{Heap before GC invocations=12568 (full 18):
 par new generation   total 1800000K, used 1606300K [0x00000003ef600000, 0x0000000469720000, 0x0000000469720000)
  eden space 1600000K, 100% used [0x00000003ef600000, 0x0000000451080000, 0x0000000451080000)
  from space 200000K,   3% used [0x0000000451080000, 0x00000004516a7260, 0x000000045d3d0000)
  to   space 200000K,   0% used [0x000000045d3d0000, 0x000000045d3d0000, 0x0000000469720000)
 concurrent mark-sweep generation total 14001024K, used 7780833K [0x0000000469720000, 0x00000007c0000000, 0x00000007c0000000)
 Metaspace       used 44935K, capacity 46232K, committed 46652K, reserved 1091584K
  class space    used 4916K, capacity 5189K, committed 5268K, reserved 1048576K
2017-04-16T10:37:55.219-0700: 135199.479: [GC (Allocation Failure) Before GC:
Statistics for BinaryTreeDictionary:
------------------------------------
Total Free Space: 183979287
Max   Chunk Size: 1128311
Number of Blocks: 81904
Av.  Block  Size: 2246
Tree      Height: 110
2017-04-16T10:37:55.220-0700: 135199.479: [ParNew
Desired survivor size 102400000 bytes, new threshold 1 (max 1)
- age   1:    6566472 bytes,    6566472 total
: 1606300K->6915K(1800000K), 0.0122952 secs] 9387133K->7788934K(15801024K)After GC:
Statistics for BinaryTreeDictionary:
------------------------------------
Total Free Space: 183949480
Max   Chunk Size: 1128311
Number of Blocks: 81883
Av.  Block  Size: 2246
Tree      Height: 110
, 0.0136322 secs] [Times: user=0.30 sys=0.00, real=0.02 secs] 
Heap after GC invocations=12569 (full 18):
 par new generation   total 1800000K, used 6915K [0x00000003ef600000, 0x0000000469720000, 0x0000000469720000)
  eden space 1600000K,   0% used [0x00000003ef600000, 0x00000003ef600000, 0x0000000451080000)
  from space 200000K,   3% used [0x000000045d3d0000, 0x000000045da90f88, 0x0000000469720000)
  to   space 200000K,   0% used [0x0000000451080000, 0x0000000451080000, 0x000000045d3d0000)
 concurrent mark-sweep generation total 14001024K, used 7782018K [0x0000000469720000, 0x00000007c0000000, 0x00000007c0000000)
 Metaspace       used 44935K, capacity 46232K, committed 46652K, reserved 1091584K
  class space    used 4916K, capacity 5189K, committed 5268K, reserved 1048576K
}
2017-04-16T10:37:55.233-0700: 135199.493: Total time for which application threads were stopped: 0.0147464 seconds, Stopping threads took: 0.0001500 seconds
2017-04-16T10:38:06.137-0700: 135210.397: Total time for which application threads were stopped: 0.0022101 seconds, Stopping threads took: 0.0001641 seconds
{Heap before GC invocations=12569 (full 18):
 par new generation   total 1800000K, used 1606915K [0x00000003ef600000, 0x0000000469720000, 0x0000000469720000)
  eden space 1600000K, 100% used [0x00000003ef600000, 0x0000000451080000, 0x0000000451080000)
  from space 200000K,   3% used [0x000000045d3d0000, 0x000000045da90f88, 0x0000000469720000)
  to   space 200000K,   0% used [0x0000000451080000, 0x0000000451080000, 0x000000045d3d0000)
 concurrent mark-sweep generation total 14001024K, used 7782018K [0x0000000469720000, 0x00000007c0000000, 0x00000007c0000000)
 Metaspace       used 44935K, capacity 46232K, committed 46652K, reserved 1091584K
  class space    used 4916K, capacity 5189K, committed 5268K, reserved 1048576K
2017-04-16T10:38:09.635-0700: 135213.895: [GC (Allocation Failure) Before GC:
Statistics for BinaryTreeDictionary:
------------------------------------
Total Free Space: 183949480
Max   Chunk Size: 1128311
Number of Blocks: 81883
Av.  Block  Size: 2246
Tree      Height: 110
2017-04-16T10:38:09.636-0700: 135213.895: [ParNew
Desired survivor size 102400000 bytes, new threshold 1 (max 1)
- age   1:   10505064 bytes,   10505064 total
: 1606915K->10799K(1800000K), 0.0122445 secs] 9388934K->7794219K(15801024K)After GC:
Statistics for BinaryTreeDictionary:
------------------------------------
Total Free Space: 183906061
Max   Chunk Size: 1128311
Number of Blocks: 81865
Av.  Block  Size: 2246
Tree      Height: 110
, 0.0135850 secs] [Times: user=0.30 sys=0.00, real=0.01 secs] 
Heap after GC invocations=12570 (full 18):
 par new generation   total 1800000K, used 10799K [0x00000003ef600000, 0x0000000469720000, 0x0000000469720000)
  eden space 1600000K,   0% used [0x00000003ef600000, 0x00000003ef600000, 0x0000000451080000)
  from space 200000K,   5% used [0x0000000451080000, 0x0000000451b0bcc0, 0x000000045d3d0000)
  to   space 200000K,   0% used [0x000000045d3d0000, 0x000000045d3d0000, 0x0000000469720000)
 concurrent mark-sweep generation total 14001024K, used 7783420K [0x0000000469720000, 0x00000007c0000000, 0x00000007c0000000)
 Metaspace       used 44935K, capacity 46232K, committed 46652K, reserved 1091584K
  class space    used 4916K, capacity 5189K, committed 5268K, reserved 1048576K
}
2017-04-16T10:38:09.649-0700: 135213.908: Total time for which application threads were stopped: 0.0146902 seconds, Stopping threads took: 0.0001583 seconds
{Heap before GC invocations=12570 (full 18):
 par new generation   total 1800000K, used 1610799K [0x00000003ef600000, 0x0000000469720000, 0x0000000469720000)
  eden space 1600000K, 100% used [0x00000003ef600000, 0x0000000451080000, 0x0000000451080000)
  from space 200000K,   5% used [0x0000000451080000, 0x0000000451b0bcc0, 0x000000045d3d0000)
  to   space 200000K,   0% used [0x000000045d3d0000, 0x000000045d3d0000, 0x0000000469720000)
 concurrent mark-sweep generation total 14001024K, used 7783420K [0x0000000469720000, 0x00000007c0000000, 0x00000007c0000000)
 Metaspace       used 44935K, capacity 46232K, committed 46652K, reserved 1091584K
  class space    used 4916K, capacity 5189K, committed 5268K, reserved 1048576K
2017-04-16T10:38:24.066-0700: 135228.325: [GC (Allocation Failure) Before GC:
Statistics for BinaryTreeDictionary:
------------------------------------
Total Free Space: 183906061
Max   Chunk Size: 1128311
Number of Blocks: 81865
Av.  Block  Size: 2246
Tree      Height: 110
2017-04-16T10:38:24.067-0700: 135228.326: [ParNew
Desired survivor size 102400000 bytes, new threshold 1 (max 1)
- age   1:    6629544 bytes,    6629544 total
: 1610799K->7118K(1800000K), 0.0119870 secs] 9394219K->7792601K(15801024K)After GC:
Statistics for BinaryTreeDictionary:
------------------------------------
Total Free Space: 183767857
Max   Chunk Size: 1128311
Number of Blocks: 81853
Av.  Block  Size: 2245
Tree      Height: 110
, 0.0133450 secs] [Times: user=0.29 sys=0.00, real=0.02 secs] 
Heap after GC invocations=12571 (full 18):
 par new generation   total 1800000K, used 7118K [0x00000003ef600000, 0x0000000469720000, 0x0000000469720000)
  eden space 1600000K,   0% used [0x00000003ef600000, 0x00000003ef600000, 0x0000000451080000)
  from space 200000K,   3% used [0x000000045d3d0000, 0x000000045dac39b0, 0x0000000469720000)
  to   space 200000K,   0% used [0x0000000451080000, 0x0000000451080000, 0x000000045d3d0000)
 concurrent mark-sweep generation total 14001024K, used 7785483K [0x0000000469720000, 0x00000007c0000000, 0x00000007c0000000)
 Metaspace       used 44935K, capacity 46232K, committed 46652K, reserved 1091584K
  class space    used 4916K, capacity 5189K, committed 5268K, reserved 1048576K
}
2017-04-16T10:38:24.080-0700: 135228.339: Total time for which application threads were stopped: 0.0144245 seconds, Stopping threads took: 0.0001542 seconds
{Heap before GC invocations=12571 (full 18):
 par new generation   total 1800000K, used 1607118K [0x00000003ef600000, 0x0000000469720000, 0x0000000469720000)
  eden space 1600000K, 100% used [0x00000003ef600000, 0x0000000451080000, 0x0000000451080000)
  from space 200000K,   3% used [0x000000045d3d0000, 0x000000045dac39b0, 0x0000000469720000)
  to   space 200000K,   0% used [0x0000000451080000, 0x0000000451080000, 0x000000045d3d0000)
 concurrent mark-sweep generation total 14001024K, used 7785483K [0x0000000469720000, 0x00000007c0000000, 0x00000007c0000000)
 Metaspace       used 44935K, capacity 46232K, committed 46652K, reserved 1091584K
  class space    used 4916K, capacity 5189K, committed 5268K, reserved 1048576K
2017-04-16T10:38:37.944-0700: 135242.203: [GC (Allocation Failure) Before GC:
Statistics for BinaryTreeDictionary:
------------------------------------
Total Free Space: 183767857
Max   Chunk Size: 1128311
Number of Blocks: 81853
Av.  Block  Size: 2245
Tree      Height: 110
2017-04-16T10:38:37.944-0700: 135242.204: [ParNew
Desired survivor size 102400000 bytes, new threshold 1 (max 1)
- age   1:    7017752 bytes,    7017752 total
: 1607118K->7291K(1800000K), 0.0122009 secs] 9392601K->7793980K(15801024K)After GC:
Statistics for BinaryTreeDictionary:
------------------------------------
Total Free Space: 183737248
Max   Chunk Size: 1128311
Number of Blocks: 81829
Av.  Block  Size: 2245
Tree      Height: 110
, 0.0135485 secs] [Times: user=0.31 sys=0.00, real=0.01 secs] 
Heap after GC invocations=12572 (full 18):
 par new generation   total 1800000K, used 7291K [0x00000003ef600000, 0x0000000469720000, 0x0000000469720000)
  eden space 1600000K,   0% used [0x00000003ef600000, 0x00000003ef600000, 0x0000000451080000)
  from space 200000K,   3% used [0x0000000451080000, 0x000000045179edf0, 0x000000045d3d0000)
  to   space 200000K,   0% used [0x000000045d3d0000, 0x000000045d3d0000, 0x0000000469720000)
 concurrent mark-sweep generation total 14001024K, used 7786689K [0x0000000469720000, 0x00000007c0000000, 0x00000007c0000000)
 Metaspace       used 44935K, capacity 46232K, committed 46652K, reserved 1091584K
  class space    used 4916K, capacity 5189K, committed 5268K, reserved 1048576K
}
2017-04-16T10:38:37.958-0700: 135242.217: Total time for which application threads were stopped: 0.0146327 seconds, Stopping threads took: 0.0001458 seconds
2017-04-16T10:38:39.604-0700: 135243.864: Total time for which application threads were stopped: 0.0022406 seconds, Stopping threads took: 0.0001627 seconds
2017-04-16T10:38:41.848-0700: 135246.108: Total time for which application threads were stopped: 0.0009187 seconds, Stopping threads took: 0.0001611 seconds
{Heap before GC invocations=12572 (full 18):
 par new generation   total 1800000K, used 1607291K [0x00000003ef600000, 0x0000000469720000, 0x0000000469720000)
  eden space 1600000K, 100% used [0x00000003ef600000, 0x0000000451080000, 0x0000000451080000)
  from space 200000K,   3% used [0x0000000451080000, 0x000000045179edf0, 0x000000045d3d0000)
  to   space 200000K,   0% used [0x000000045d3d0000, 0x000000045d3d0000, 0x0000000469720000)
 concurrent mark-sweep generation total 14001024K, used 7786689K [0x0000000469720000, 0x00000007c0000000, 0x00000007c0000000)
 Metaspace       used 44935K, capacity 46232K, committed 46652K, reserved 1091584K
  class space    used 4916K, capacity 5189K, committed 5268K, reserved 1048576K
2017-04-16T10:38:49.155-0700: 135253.414: [GC (Allocation Failure) Before GC:
Statistics for BinaryTreeDictionary:
------------------------------------
Total Free Space: 183737248
Max   Chunk Size: 1128311
Number of Blocks: 81829
Av.  Block  Size: 2245
Tree      Height: 110
2017-04-16T10:38:49.156-0700: 135253.415: [ParNew
Desired survivor size 102400000 bytes, new threshold 1 (max 1)
- age   1:    6170024 bytes,    6170024 total
: 1607291K->6739K(1800000K), 0.0120989 secs] 9393980K->7794858K(15801024K)After GC:
Statistics for BinaryTreeDictionary:
------------------------------------
Total Free Space: 183691922
Max   Chunk Size: 1128311
Number of Blocks: 81809
Av.  Block  Size: 2245
Tree      Height: 110
, 0.0134185 secs] [Times: user=0.30 sys=0.00, real=0.01 secs] 
Heap after GC invocations=12573 (full 18):
 par new generation   total 1800000K, used 6739K [0x00000003ef600000, 0x0000000469720000, 0x0000000469720000)
  eden space 1600000K,   0% used [0x00000003ef600000, 0x00000003ef600000, 0x0000000451080000)
  from space 200000K,   3% used [0x000000045d3d0000, 0x000000045da64f58, 0x0000000469720000)
  to   space 200000K,   0% used [0x0000000451080000, 0x0000000451080000, 0x000000045d3d0000)
 concurrent mark-sweep generation total 14001024K, used 7788119K [0x0000000469720000, 0x00000007c0000000, 0x00000007c0000000)
 Metaspace       used 44935K, capacity 46232K, committed 46652K, reserved 1091584K
  class space    used 4916K, capacity 5189K, committed 5268K, reserved 1048576K
}
2017-04-16T10:38:49.169-0700: 135253.428: Total time for which application threads were stopped: 0.0145143 seconds, Stopping threads took: 0.0001540 seconds
{Heap before GC invocations=12573 (full 18):
 par new generation   total 1800000K, used 1606739K [0x00000003ef600000, 0x0000000469720000, 0x0000000469720000)
  eden space 1600000K, 100% used [0x00000003ef600000, 0x0000000451080000, 0x0000000451080000)
  from space 200000K,   3% used [0x000000045d3d0000, 0x000000045da64f58, 0x0000000469720000)
  to   space 200000K,   0% used [0x0000000451080000, 0x0000000451080000, 0x000000045d3d0000)
 concurrent mark-sweep generation total 14001024K, used 7788119K [0x0000000469720000, 0x00000007c0000000, 0x00000007c0000000)
 Metaspace       used 44935K, capacity 46232K, committed 46652K, reserved 1091584K
  class space    used 4916K, capacity 5189K, committed 5268K, reserved 1048576K
2017-04-16T10:39:02.941-0700: 135267.201: [GC (Allocation Failure) Before GC:
Statistics for BinaryTreeDictionary:
------------------------------------
Total Free Space: 183691922
Max   Chunk Size: 1128311
Number of Blocks: 81809
Av.  Block  Size: 2245
Tree      Height: 110
2017-04-16T10:39:02.942-0700: 135267.201: [ParNew
Desired survivor size 102400000 bytes, new threshold 1 (max 1)
- age   1:    5999000 bytes,    5999000 total
: 1606739K->6370K(1800000K), 0.0116847 secs] 9394858K->7796140K(15801024K)After GC:
Statistics for BinaryTreeDictionary:
------------------------------------
Total Free Space: 183586369
Max   Chunk Size: 1128311
Number of Blocks: 81774
Av.  Block  Size: 2245
Tree      Height: 110
, 0.0130070 secs] [Times: user=0.29 sys=0.00, real=0.02 secs] 
Heap after GC invocations=12574 (full 18):
 par new generation   total 1800000K, used 6370K [0x00000003ef600000, 0x0000000469720000, 0x0000000469720000)
  eden space 1600000K,   0% used [0x00000003ef600000, 0x00000003ef600000, 0x0000000451080000)
  from space 200000K,   3% used [0x0000000451080000, 0x00000004516b8ad0, 0x000000045d3d0000)
  to   space 200000K,   0% used [0x000000045d3d0000, 0x000000045d3d0000, 0x0000000469720000)
 concurrent mark-sweep generation total 14001024K, used 7789770K [0x0000000469720000, 0x00000007c0000000, 0x00000007c0000000)
 Metaspace       used 44935K, capacity 46232K, committed 46652K, reserved 1091584K
  class space    used 4916K, capacity 5189K, committed 5268K, reserved 1048576K
}
2017-04-16T10:39:02.955-0700: 135267.214: Total time for which application threads were stopped: 0.0141184 seconds, Stopping threads took: 0.0001657 seconds
{Heap before GC invocations=12574 (full 18):
 par new generation   total 1800000K, used 1606370K [0x00000003ef600000, 0x0000000469720000, 0x0000000469720000)
  eden space 1600000K, 100% used [0x00000003ef600000, 0x0000000451080000, 0x0000000451080000)
  from space 200000K,   3% used [0x0000000451080000, 0x00000004516b8ad0, 0x000000045d3d0000)
  to   space 200000K,   0% used [0x000000045d3d0000, 0x000000045d3d0000, 0x0000000469720000)
 concurrent mark-sweep generation total 14001024K, used 7789770K [0x0000000469720000, 0x00000007c0000000, 0x00000007c0000000)
 Metaspace       used 44935K, capacity 46232K, committed 46652K, reserved 1091584K
  class space    used 4916K, capacity 5189K, committed 5268K, reserved 1048576K
2017-04-16T10:39:17.177-0700: 135281.436: [GC (Allocation Failure) Before GC:
Statistics for BinaryTreeDictionary:
------------------------------------
Total Free Space: 183586369
Max   Chunk Size: 1128311
Number of Blocks: 81774
Av.  Block  Size: 2245
Tree      Height: 110
2017-04-16T10:39:17.177-0700: 135281.437: [ParNew
Desired survivor size 102400000 bytes, new threshold 1 (max 1)
- age   1:    6224816 bytes,    6224816 total
: 1606370K->6538K(1800000K), 0.0120258 secs] 9396140K->7797563K(15801024K)After GC:
Statistics for BinaryTreeDictionary:
------------------------------------
Total Free Space: 183542865
Max   Chunk Size: 1128311
Number of Blocks: 81756
Av.  Block  Size: 2245
Tree      Height: 110
, 0.0133736 secs] [Times: user=0.30 sys=0.00, real=0.01 secs] 
Heap after GC invocations=12575 (full 18):
 par new generation   total 1800000K, used 6538K [0x00000003ef600000, 0x0000000469720000, 0x0000000469720000)
  eden space 1600000K,   0% used [0x00000003ef600000, 0x00000003ef600000, 0x0000000451080000)
  from space 200000K,   3% used [0x000000045d3d0000, 0x000000045da32950, 0x0000000469720000)
  to   space 200000K,   0% used [0x0000000451080000, 0x0000000451080000, 0x000000045d3d0000)
 concurrent mark-sweep generation total 14001024K, used 7791025K [0x0000000469720000, 0x00000007c0000000, 0x00000007c0000000)
 Metaspace       used 44935K, capacity 46232K, committed 46652K, reserved 1091584K
  class space    used 4916K, capacity 5189K, committed 5268K, reserved 1048576K
}
2017-04-16T10:39:17.190-0700: 135281.450: Total time for which application threads were stopped: 0.0144599 seconds, Stopping threads took: 0.0001501 seconds
{Heap before GC invocations=12575 (full 18):
 par new generation   total 1800000K, used 1606538K [0x00000003ef600000, 0x0000000469720000, 0x0000000469720000)
  eden space 1600000K, 100% used [0x00000003ef600000, 0x0000000451080000, 0x0000000451080000)
  from space 200000K,   3% used [0x000000045d3d0000, 0x000000045da32950, 0x0000000469720000)
  to   space 200000K,   0% used [0x0000000451080000, 0x0000000451080000, 0x000000045d3d0000)
 concurrent mark-sweep generation total 14001024K, used 7791025K [0x0000000469720000, 0x00000007c0000000, 0x00000007c0000000)
 Metaspace       used 44935K, capacity 46232K, committed 46652K, reserved 1091584K
  class space    used 4916K, capacity 5189K, committed 5268K, reserved 1048576K
2017-04-16T10:39:31.826-0700: 135296.085: [GC (Allocation Failure) Before GC:
Statistics for BinaryTreeDictionary:
------------------------------------
Total Free Space: 183542865
Max   Chunk Size: 1128311
Number of Blocks: 81756
Av.  Block  Size: 2245
Tree      Height: 110
2017-04-16T10:39:31.827-0700: 135296.086: [ParNew
Desired survivor size 102400000 bytes, new threshold 1 (max 1)
- age   1:    6180936 bytes,    6180936 total
: 1606538K->6596K(1800000K), 0.0121447 secs] 9397563K->7798950K(15801024K)After GC:
Statistics for BinaryTreeDictionary:
------------------------------------
Total Free Space: 183498779
Max   Chunk Size: 1128311
Number of Blocks: 81736
Av.  Block  Size: 2245
Tree      Height: 110
, 0.0134713 secs] [Times: user=0.30 sys=0.00, real=0.02 secs] 
Heap after GC invocations=12576 (full 18):
 par new generation   total 1800000K, used 6596K [0x00000003ef600000, 0x0000000469720000, 0x0000000469720000)
  eden space 1600000K,   0% used [0x00000003ef600000, 0x00000003ef600000, 0x0000000451080000)
  from space 200000K,   3% used [0x0000000451080000, 0x00000004516f1300, 0x000000045d3d0000)
  to   space 200000K,   0% used [0x000000045d3d0000, 0x000000045d3d0000, 0x0000000469720000)
 concurrent mark-sweep generation total 14001024K, used 7792353K [0x0000000469720000, 0x00000007c0000000, 0x00000007c0000000)
 Metaspace       used 44935K, capacity 46232K, committed 46652K, reserved 1091584K
  class space    used 4916K, capacity 5189K, committed 5268K, reserved 1048576K
}
2017-04-16T10:39:31.840-0700: 135296.099: Total time for which application threads were stopped: 0.0145787 seconds, Stopping threads took: 0.0001574 seconds
{Heap before GC invocations=12576 (full 18):
 par new generation   total 1800000K, used 1606596K [0x00000003ef600000, 0x0000000469720000, 0x0000000469720000)
  eden space 1600000K, 100% used [0x00000003ef600000, 0x0000000451080000, 0x0000000451080000)
  from space 200000K,   3% used [0x0000000451080000, 0x00000004516f1300, 0x000000045d3d0000)
  to   space 200000K,   0% used [0x000000045d3d0000, 0x000000045d3d0000, 0x0000000469720000)
 concurrent mark-sweep generation total 14001024K, used 7792353K [0x0000000469720000, 0x00000007c0000000, 0x00000007c0000000)
 Metaspace       used 44935K, capacity 46232K, committed 46652K, reserved 1091584K
  class space    used 4916K, capacity 5189K, committed 5268K, reserved 1048576K
2017-04-16T10:39:46.259-0700: 135310.519: [GC (Allocation Failure) Before GC:
Statistics for BinaryTreeDictionary:
------------------------------------
Total Free Space: 183498779
Max   Chunk Size: 1128311
Number of Blocks: 81736
Av.  Block  Size: 2245
Tree      Height: 110
2017-04-16T10:39:46.260-0700: 135310.519: [ParNew
Desired survivor size 102400000 bytes, new threshold 1 (max 1)
- age   1:    5986296 bytes,    5986296 total
: 1606596K->6457K(1800000K), 0.0121613 secs] 9398950K->7800093K(15801024K)After GC:
Statistics for BinaryTreeDictionary:
------------------------------------
Total Free Space: 183467190
Max   Chunk Size: 1128311
Number of Blocks: 81712
Av.  Block  Size: 2245
Tree      Height: 110
, 0.0135255 secs] [Times: user=0.30 sys=0.00, real=0.01 secs] 
Heap after GC invocations=12577 (full 18):
 par new generation   total 1800000K, used 6457K [0x00000003ef600000, 0x0000000469720000, 0x0000000469720000)
  eden space 1600000K,   0% used [0x00000003ef600000, 0x00000003ef600000, 0x0000000451080000)
  from space 200000K,   3% used [0x000000045d3d0000, 0x000000045da1e788, 0x0000000469720000)
  to   space 200000K,   0% used [0x0000000451080000, 0x0000000451080000, 0x000000045d3d0000)
 concurrent mark-sweep generation total 14001024K, used 7793635K [0x0000000469720000, 0x00000007c0000000, 0x00000007c0000000)
 Metaspace       used 44935K, capacity 46232K, committed 46652K, reserved 1091584K
  class space    used 4916K, capacity 5189K, committed 5268K, reserved 1048576K
}
2017-04-16T10:39:46.273-0700: 135310.532: Total time for which application threads were stopped: 0.0146093 seconds, Stopping threads took: 0.0001587 seconds
{Heap before GC invocations=12577 (full 18):
 par new generation   total 1800000K, used 1606457K [0x00000003ef600000, 0x0000000469720000, 0x0000000469720000)
  eden space 1600000K, 100% used [0x00000003ef600000, 0x0000000451080000, 0x0000000451080000)
  from space 200000K,   3% used [0x000000045d3d0000, 0x000000045da1e788, 0x0000000469720000)
  to   space 200000K,   0% used [0x0000000451080000, 0x0000000451080000, 0x000000045d3d0000)
 concurrent mark-sweep generation total 14001024K, used 7793635K [0x0000000469720000, 0x00000007c0000000, 0x00000007c0000000)
 Metaspace       used 44935K, capacity 46232K, committed 46652K, reserved 1091584K
  class space    used 4916K, capacity 5189K, committed 5268K, reserved 1048576K
2017-04-16T10:40:00.564-0700: 135324.823: [GC (Allocation Failure) Before GC:
Statistics for BinaryTreeDictionary:
------------------------------------
Total Free Space: 183467190
Max   Chunk Size: 1128311
Number of Blocks: 81712
Av.  Block  Size: 2245
Tree      Height: 110
2017-04-16T10:40:00.564-0700: 135324.824: [ParNew
Desired survivor size 102400000 bytes, new threshold 1 (max 1)
- age   1:    7197016 bytes,    7197016 total
: 1606457K->7599K(1800000K), 0.0125406 secs] 9400093K->7802722K(15801024K)After GC:
Statistics for BinaryTreeDictionary:
------------------------------------
Total Free Space: 183425784
Max   Chunk Size: 1128311
Number of Blocks: 81697
Av.  Block  Size: 2245
Tree      Height: 110
, 0.0138490 secs] [Times: user=0.31 sys=0.00, real=0.01 secs] 
Heap after GC invocations=12578 (full 18):
 par new generation   total 1800000K, used 7599K [0x00000003ef600000, 0x0000000469720000, 0x0000000469720000)
  eden space 1600000K,   0% used [0x00000003ef600000, 0x00000003ef600000, 0x0000000451080000)
  from space 200000K,   3% used [0x0000000451080000, 0x00000004517ebdc0, 0x000000045d3d0000)
  to   space 200000K,   0% used [0x000000045d3d0000, 0x000000045d3d0000, 0x0000000469720000)
 concurrent mark-sweep generation total 14001024K, used 7795123K [0x0000000469720000, 0x00000007c0000000, 0x00000007c0000000)
 Metaspace       used 44935K, capacity 46232K, committed 46652K, reserved 1091584K
  class space    used 4916K, capacity 5189K, committed 5268K, reserved 1048576K
}
2017-04-16T10:40:00.578-0700: 135324.837: Total time for which application threads were stopped: 0.0149678 seconds, Stopping threads took: 0.0001656 seconds
2017-04-16T10:40:09.604-0700: 135333.863: Total time for which application threads were stopped: 0.0021550 seconds, Stopping threads took: 0.0001418 seconds
2017-04-16T10:40:11.588-0700: 135335.848: Total time for which application threads were stopped: 0.0008883 seconds, Stopping threads took: 0.0001496 seconds
{Heap before GC invocations=12578 (full 18):
 par new generation   total 1800000K, used 1607599K [0x00000003ef600000, 0x0000000469720000, 0x0000000469720000)
  eden space 1600000K, 100% used [0x00000003ef600000, 0x0000000451080000, 0x0000000451080000)
  from space 200000K,   3% used [0x0000000451080000, 0x00000004517ebdc0, 0x000000045d3d0000)
  to   space 200000K,   0% used [0x000000045d3d0000, 0x000000045d3d0000, 0x0000000469720000)
 concurrent mark-sweep generation total 14001024K, used 7795123K [0x0000000469720000, 0x00000007c0000000, 0x00000007c0000000)
 Metaspace       used 44935K, capacity 46232K, committed 46652K, reserved 1091584K
  class space    used 4916K, capacity 5189K, committed 5268K, reserved 1048576K
2017-04-16T10:40:12.046-0700: 135336.305: [GC (Allocation Failure) Before GC:
Statistics for BinaryTreeDictionary:
------------------------------------
Total Free Space: 183425784
Max   Chunk Size: 1128311
Number of Blocks: 81697
Av.  Block  Size: 2245
Tree      Height: 110
2017-04-16T10:40:12.046-0700: 135336.306: [ParNew
Desired survivor size 102400000 bytes, new threshold 1 (max 1)
- age   1:    6674920 bytes,    6674920 total
: 1607599K->7394K(1800000K), 0.0125543 secs] 9402722K->7804458K(15801024K)After GC:
Statistics for BinaryTreeDictionary:
------------------------------------
Total Free Space: 183381952
Max   Chunk Size: 1128311
Number of Blocks: 81678
Av.  Block  Size: 2245
Tree      Height: 110
, 0.0139288 secs] [Times: user=0.30 sys=0.00, real=0.01 secs] 
Heap after GC invocations=12579 (full 18):
 par new generation   total 1800000K, used 7394K [0x00000003ef600000, 0x0000000469720000, 0x0000000469720000)
  eden space 1600000K,   0% used [0x00000003ef600000, 0x00000003ef600000, 0x0000000451080000)
  from space 200000K,   3% used [0x000000045d3d0000, 0x000000045db089e8, 0x0000000469720000)
  to   space 200000K,   0% used [0x0000000451080000, 0x0000000451080000, 0x000000045d3d0000)
 concurrent mark-sweep generation total 14001024K, used 7797064K [0x0000000469720000, 0x00000007c0000000, 0x00000007c0000000)
 Metaspace       used 44935K, capacity 46232K, committed 46652K, reserved 1091584K
  class space    used 4916K, capacity 5189K, committed 5268K, reserved 1048576K
}
2017-04-16T10:40:12.060-0700: 135336.319: Total time for which application threads were stopped: 0.0150225 seconds, Stopping threads took: 0.0001496 seconds
{Heap before GC invocations=12579 (full 18):
 par new generation   total 1800000K, used 1607394K [0x00000003ef600000, 0x0000000469720000, 0x0000000469720000)
  eden space 1600000K, 100% used [0x00000003ef600000, 0x0000000451080000, 0x0000000451080000)
  from space 200000K,   3% used [0x000000045d3d0000, 0x000000045db089e8, 0x0000000469720000)
  to   space 200000K,   0% used [0x0000000451080000, 0x0000000451080000, 0x000000045d3d0000)
 concurrent mark-sweep generation total 14001024K, used 7797064K [0x0000000469720000, 0x00000007c0000000, 0x00000007c0000000)
 Metaspace       used 44935K, capacity 46232K, committed 46652K, reserved 1091584K
  class space    used 4916K, capacity 5189K, committed 5268K, reserved 1048576K
2017-04-16T10:40:25.895-0700: 135350.154: [GC (Allocation Failure) Before GC:
Statistics for BinaryTreeDictionary:
------------------------------------
Total Free Space: 183381952
Max   Chunk Size: 1128311
Number of Blocks: 81678
Av.  Block  Size: 2245
Tree      Height: 110
2017-04-16T10:40:25.896-0700: 135350.155: [ParNew
Desired survivor size 102400000 bytes, new threshold 1 (max 1)
- age   1:    6655136 bytes,    6655136 total
: 1607394K->7011K(1800000K), 0.0121550 secs] 9404458K->7805690K(15801024K)After GC:
Statistics for BinaryTreeDictionary:
------------------------------------
Total Free Space: 183304736
Max   Chunk Size: 1128311
Number of Blocks: 81635
Av.  Block  Size: 2245
Tree      Height: 110
, 0.0134985 secs] [Times: user=0.30 sys=0.00, real=0.01 secs] 
Heap after GC invocations=12580 (full 18):
 par new generation   total 1800000K, used 7011K [0x00000003ef600000, 0x0000000469720000, 0x0000000469720000)
  eden space 1600000K,   0% used [0x00000003ef600000, 0x00000003ef600000, 0x0000000451080000)
  from space 200000K,   3% used [0x0000000451080000, 0x0000000451758e88, 0x000000045d3d0000)
  to   space 200000K,   0% used [0x000000045d3d0000, 0x000000045d3d0000, 0x0000000469720000)
 concurrent mark-sweep generation total 14001024K, used 7798678K [0x0000000469720000, 0x00000007c0000000, 0x00000007c0000000)
 Metaspace       used 44935K, capacity 46232K, committed 46652K, reserved 1091584K
  class space    used 4916K, capacity 5189K, committed 5268K, reserved 1048576K
}
2017-04-16T10:40:25.909-0700: 135350.168: Total time for which application threads were stopped: 0.0145865 seconds, Stopping threads took: 0.0001500 seconds
2017-04-16T10:40:40.185-0700: 135364.444: Total time for which application threads were stopped: 0.0009154 seconds, Stopping threads took: 0.0001656 seconds
{Heap before GC invocations=12580 (full 18):
 par new generation   total 1800000K, used 1607011K [0x00000003ef600000, 0x0000000469720000, 0x0000000469720000)
  eden space 1600000K, 100% used [0x00000003ef600000, 0x0000000451080000, 0x0000000451080000)
  from space 200000K,   3% used [0x0000000451080000, 0x0000000451758eb8, 0x000000045d3d0000)
  to   space 200000K,   0% used [0x000000045d3d0000, 0x000000045d3d0000, 0x0000000469720000)
 concurrent mark-sweep generation total 14001024K, used 7798678K [0x0000000469720000, 0x00000007c0000000, 0x00000007c0000000)
 Metaspace       used 44935K, capacity 46232K, committed 46652K, reserved 1091584K
  class space    used 4916K, capacity 5189K, committed 5268K, reserved 1048576K
2017-04-16T10:40:40.185-0700: 135364.444: [GC (Allocation Failure) Before GC:
Statistics for BinaryTreeDictionary:
------------------------------------
Total Free Space: 183304736
Max   Chunk Size: 1128311
Number of Blocks: 81635
Av.  Block  Size: 2245
Tree      Height: 110
2017-04-16T10:40:40.186-0700: 135364.445: [ParNew
Desired survivor size 102400000 bytes, new threshold 1 (max 1)
- age   1:    7890992 bytes,    7890992 total
: 1607011K->8334K(1800000K), 0.0120191 secs] 9405690K->7808511K(15801024K)After GC:
Statistics for BinaryTreeDictionary:
------------------------------------
Total Free Space: 183274226
Max   Chunk Size: 1128311
Number of Blocks: 81608
Av.  Block  Size: 2245
Tree      Height: 110
, 0.0133458 secs] [Times: user=0.29 sys=0.00, real=0.02 secs] 
Heap after GC invocations=12581 (full 18):
 par new generation   total 1800000K, used 8334K [0x00000003ef600000, 0x0000000469720000, 0x0000000469720000)
  eden space 1600000K,   0% used [0x00000003ef600000, 0x00000003ef600000, 0x0000000451080000)
  from space 200000K,   4% used [0x000000045d3d0000, 0x000000045dbf3a48, 0x0000000469720000)
  to   space 200000K,   0% used [0x0000000451080000, 0x0000000451080000, 0x000000045d3d0000)
 concurrent mark-sweep generation total 14001024K, used 7800176K [0x0000000469720000, 0x00000007c0000000, 0x00000007c0000000)
 Metaspace       used 44935K, capacity 46232K, committed 46652K, reserved 1091584K
  class space    used 4916K, capacity 5189K, committed 5268K, reserved 1048576K
}
2017-04-16T10:40:40.199-0700: 135364.458: Total time for which application threads were stopped: 0.0139313 seconds, Stopping threads took: 0.0000352 seconds
{Heap before GC invocations=12581 (full 18):
 par new generation   total 1800000K, used 22258K [0x00000003ef600000, 0x0000000469720000, 0x0000000469720000)
  eden space 1600000K,   0% used [0x00000003ef600000, 0x00000003f0398df8, 0x0000000451080000)
  from space 200000K,   4% used [0x000000045d3d0000, 0x000000045dbf3a48, 0x0000000469720000)
  to   space 200000K,   0% used [0x0000000451080000, 0x0000000451080000, 0x000000045d3d0000)
 concurrent mark-sweep generation total 14001024K, used 7800176K [0x0000000469720000, 0x00000007c0000000, 0x00000007c0000000)
 Metaspace       used 44935K, capacity 46232K, committed 46652K, reserved 1091584K
  class space    used 4916K, capacity 5189K, committed 5268K, reserved 1048576K
2017-04-16T10:40:40.199-0700: 135364.459: [GC (GCLocker Initiated GC) Before GC:
Statistics for BinaryTreeDictionary:
------------------------------------
Total Free Space: 183274226
Max   Chunk Size: 1128311
Number of Blocks: 81608
Av.  Block  Size: 2245
Tree      Height: 110
2017-04-16T10:40:40.200-0700: 135364.459: [ParNew
Desired survivor size 102400000 bytes, new threshold 1 (max 1)
- age   1:       3456 bytes,       3456 total
: 22258K->631K(1800000K), 0.0116187 secs] 7822434K->7808540K(15801024K)After GC:
Statistics for BinaryTreeDictionary:
------------------------------------
Total Free Space: 182549486
Max   Chunk Size: 1128311
Number of Blocks: 81571
Av.  Block  Size: 2237
Tree      Height: 110
, 0.0125046 secs] [Times: user=0.28 sys=0.00, real=0.01 secs] 
Heap after GC invocations=12582 (full 18):
 par new generation   total 1800000K, used 631K [0x00000003ef600000, 0x0000000469720000, 0x0000000469720000)
  eden space 1600000K,   0% used [0x00000003ef600000, 0x00000003ef600000, 0x0000000451080000)
  from space 200000K,   0% used [0x0000000451080000, 0x000000045111dc80, 0x000000045d3d0000)
  to   space 200000K,   0% used [0x000000045d3d0000, 0x000000045d3d0000, 0x0000000469720000)
 concurrent mark-sweep generation total 14001024K, used 7807908K [0x0000000469720000, 0x00000007c0000000, 0x00000007c0000000)
 Metaspace       used 44935K, capacity 46232K, committed 46652K, reserved 1091584K
  class space    used 4916K, capacity 5189K, committed 5268K, reserved 1048576K
}
2017-04-16T10:40:40.212-0700: 135364.471: Total time for which application threads were stopped: 0.0133791 seconds, Stopping threads took: 0.0000668 seconds
{Heap before GC invocations=12582 (full 18):
 par new generation   total 1800000K, used 1600631K [0x00000003ef600000, 0x0000000469720000, 0x0000000469720000)
  eden space 1600000K, 100% used [0x00000003ef600000, 0x0000000451080000, 0x0000000451080000)
  from space 200000K,   0% used [0x0000000451080000, 0x000000045111dc80, 0x000000045d3d0000)
  to   space 200000K,   0% used [0x000000045d3d0000, 0x000000045d3d0000, 0x0000000469720000)
 concurrent mark-sweep generation total 14001024K, used 7807908K [0x0000000469720000, 0x00000007c0000000, 0x00000007c0000000)
 Metaspace       used 44935K, capacity 46232K, committed 46652K, reserved 1091584K
  class space    used 4916K, capacity 5189K, committed 5268K, reserved 1048576K
2017-04-16T10:40:54.490-0700: 135378.749: [GC (Allocation Failure) Before GC:
Statistics for BinaryTreeDictionary:
------------------------------------
Total Free Space: 182549486
Max   Chunk Size: 1128311
Number of Blocks: 81571
Av.  Block  Size: 2237
Tree      Height: 110
2017-04-16T10:40:54.490-0700: 135378.750: [ParNew
Desired survivor size 102400000 bytes, new threshold 1 (max 1)
- age   1:    6850200 bytes,    6850200 total
: 1600631K->6967K(1800000K), 0.0110262 secs] 9408540K->7814876K(15801024K)After GC:
Statistics for BinaryTreeDictionary:
------------------------------------
Total Free Space: 182549486
Max   Chunk Size: 1128311
Number of Blocks: 81571
Av.  Block  Size: 2237
Tree      Height: 110
, 0.0123477 secs] [Times: user=0.28 sys=0.00, real=0.01 secs] 
Heap after GC invocations=12583 (full 18):
 par new generation   total 1800000K, used 6967K [0x00000003ef600000, 0x0000000469720000, 0x0000000469720000)
  eden space 1600000K,   0% used [0x00000003ef600000, 0x00000003ef600000, 0x0000000451080000)
  from space 200000K,   3% used [0x000000045d3d0000, 0x000000045da9dfe0, 0x0000000469720000)
  to   space 200000K,   0% used [0x0000000451080000, 0x0000000451080000, 0x000000045d3d0000)
 concurrent mark-sweep generation total 14001024K, used 7807909K [0x0000000469720000, 0x00000007c0000000, 0x00000007c0000000)
 Metaspace       used 44935K, capacity 46232K, committed 46652K, reserved 1091584K
  class space    used 4916K, capacity 5189K, committed 5268K, reserved 1048576K
}
2017-04-16T10:40:54.502-0700: 135378.761: Total time for which application threads were stopped: 0.0134409 seconds, Stopping threads took: 0.0001523 seconds
2017-04-16T10:41:06.220-0700: 135390.480: Total time for which application threads were stopped: 0.0021816 seconds, Stopping threads took: 0.0001468 seconds
{Heap before GC invocations=12583 (full 18):
 par new generation   total 1800000K, used 1606967K [0x00000003ef600000, 0x0000000469720000, 0x0000000469720000)
  eden space 1600000K, 100% used [0x00000003ef600000, 0x0000000451080000, 0x0000000451080000)
  from space 200000K,   3% used [0x000000045d3d0000, 0x000000045da9dfe0, 0x0000000469720000)
  to   space 200000K,   0% used [0x0000000451080000, 0x0000000451080000, 0x000000045d3d0000)
 concurrent mark-sweep generation total 14001024K, used 7807909K [0x0000000469720000, 0x00000007c0000000, 0x00000007c0000000)
 Metaspace       used 44935K, capacity 46232K, committed 46652K, reserved 1091584K
  class space    used 4916K, capacity 5189K, committed 5268K, reserved 1048576K
2017-04-16T10:41:08.342-0700: 135392.601: [GC (Allocation Failure) Before GC:
Statistics for BinaryTreeDictionary:
------------------------------------
Total Free Space: 182549486
Max   Chunk Size: 1128311
Number of Blocks: 81571
Av.  Block  Size: 2237
Tree      Height: 110
2017-04-16T10:41:08.342-0700: 135392.602: [ParNew
Desired survivor size 102400000 bytes, new threshold 1 (max 1)
- age   1:    6632064 bytes,    6632064 total
: 1606967K->7220K(1800000K), 0.0125890 secs] 9414876K->7817223K(15801024K)After GC:
Statistics for BinaryTreeDictionary:
------------------------------------
Total Free Space: 182485058
Max   Chunk Size: 1128311
Number of Blocks: 81541
Av.  Block  Size: 2237
Tree      Height: 110
, 0.0139217 secs] [Times: user=0.31 sys=0.00, real=0.01 secs] 
Heap after GC invocations=12584 (full 18):
 par new generation   total 1800000K, used 7220K [0x00000003ef600000, 0x0000000469720000, 0x0000000469720000)
  eden space 1600000K,   0% used [0x00000003ef600000, 0x00000003ef600000, 0x0000000451080000)
  from space 200000K,   3% used [0x0000000451080000, 0x000000045178d1d0, 0x000000045d3d0000)
  to   space 200000K,   0% used [0x000000045d3d0000, 0x000000045d3d0000, 0x0000000469720000)
 concurrent mark-sweep generation total 14001024K, used 7810003K [0x0000000469720000, 0x00000007c0000000, 0x00000007c0000000)
 Metaspace       used 44935K, capacity 46232K, committed 46652K, reserved 1091584K
  class space    used 4916K, capacity 5189K, committed 5268K, reserved 1048576K
}
2017-04-16T10:41:08.356-0700: 135392.615: Total time for which application threads were stopped: 0.0150505 seconds, Stopping threads took: 0.0001590 seconds
2017-04-16T10:41:19.486-0700: 135403.745: Total time for which application threads were stopped: 0.0009458 seconds, Stopping threads took: 0.0001599 seconds
{Heap before GC invocations=12584 (full 18):
 par new generation   total 1800000K, used 1607220K [0x00000003ef600000, 0x0000000469720000, 0x0000000469720000)
  eden space 1600000K, 100% used [0x00000003ef600000, 0x0000000451080000, 0x0000000451080000)
  from space 200000K,   3% used [0x0000000451080000, 0x000000045178d1d0, 0x000000045d3d0000)
  to   space 200000K,   0% used [0x000000045d3d0000, 0x000000045d3d0000, 0x0000000469720000)
 concurrent mark-sweep generation total 14001024K, used 7810003K [0x0000000469720000, 0x00000007c0000000, 0x00000007c0000000)
 Metaspace       used 44935K, capacity 46232K, committed 46652K, reserved 1091584K
  class space    used 4916K, capacity 5189K, committed 5268K, reserved 1048576K
2017-04-16T10:41:22.549-0700: 135406.809: [GC (Allocation Failure) Before GC:
Statistics for BinaryTreeDictionary:
------------------------------------
Total Free Space: 182485058
Max   Chunk Size: 1128311
Number of Blocks: 81541
Av.  Block  Size: 2237
Tree      Height: 110
2017-04-16T10:41:22.550-0700: 135406.809: [ParNew
Desired survivor size 102400000 bytes, new threshold 1 (max 1)
- age   1:    6579256 bytes,    6579256 total
: 1607220K->7202K(1800000K), 0.0126035 secs] 9417223K->7818657K(15801024K)After GC:
Statistics for BinaryTreeDictionary:
------------------------------------
Total Free Space: 182452141
Max   Chunk Size: 1128311
Number of Blocks: 81507
Av.  Block  Size: 2238
Tree      Height: 110
, 0.0139321 secs] [Times: user=0.31 sys=0.00, real=0.02 secs] 
Heap after GC invocations=12585 (full 18):
 par new generation   total 1800000K, used 7202K [0x00000003ef600000, 0x0000000469720000, 0x0000000469720000)
  eden space 1600000K,   0% used [0x00000003ef600000, 0x00000003ef600000, 0x0000000451080000)
  from space 200000K,   3% used [0x000000045d3d0000, 0x000000045dad8b50, 0x0000000469720000)
  to   space 200000K,   0% used [0x0000000451080000, 0x0000000451080000, 0x000000045d3d0000)
 concurrent mark-sweep generation total 14001024K, used 7811454K [0x0000000469720000, 0x00000007c0000000, 0x00000007c0000000)
 Metaspace       used 44935K, capacity 46232K, committed 46652K, reserved 1091584K
  class space    used 4916K, capacity 5189K, committed 5268K, reserved 1048576K
}
2017-04-16T10:41:22.563-0700: 135406.823: Total time for which application threads were stopped: 0.0150256 seconds, Stopping threads took: 0.0001642 seconds
{Heap before GC invocations=12585 (full 18):
 par new generation   total 1800000K, used 1607202K [0x00000003ef600000, 0x0000000469720000, 0x0000000469720000)
  eden space 1600000K, 100% used [0x00000003ef600000, 0x0000000451080000, 0x0000000451080000)
  from space 200000K,   3% used [0x000000045d3d0000, 0x000000045dad8b50, 0x0000000469720000)
  to   space 200000K,   0% used [0x0000000451080000, 0x0000000451080000, 0x000000045d3d0000)
 concurrent mark-sweep generation total 14001024K, used 7811454K [0x0000000469720000, 0x00000007c0000000, 0x00000007c0000000)
 Metaspace       used 44935K, capacity 46232K, committed 46652K, reserved 1091584K
  class space    used 4916K, capacity 5189K, committed 5268K, reserved 1048576K
2017-04-16T10:41:35.682-0700: 135419.941: [GC (Allocation Failure) Before GC:
Statistics for BinaryTreeDictionary:
------------------------------------
Total Free Space: 182452141
Max   Chunk Size: 1128311
Number of Blocks: 81507
Av.  Block  Size: 2238
Tree      Height: 110
2017-04-16T10:41:35.682-0700: 135419.942: [ParNew
Desired survivor size 102400000 bytes, new threshold 1 (max 1)
- age   1:   13277064 bytes,   13277064 total
: 1607202K->13678K(1800000K), 0.0122537 secs] 9418657K->7827048K(15801024K)After GC:
Statistics for BinaryTreeDictionary:
------------------------------------
Total Free Space: 182353694
Max   Chunk Size: 1128311
Number of Blocks: 81477
Av.  Block  Size: 2238
Tree      Height: 110
, 0.0135886 secs] [Times: user=0.30 sys=0.00, real=0.01 secs] 
Heap after GC invocations=12586 (full 18):
 par new generation   total 1800000K, used 13678K [0x00000003ef600000, 0x0000000469720000, 0x0000000469720000)
  eden space 1600000K,   0% used [0x00000003ef600000, 0x00000003ef600000, 0x0000000451080000)
  from space 200000K,   6% used [0x0000000451080000, 0x0000000451ddba20, 0x000000045d3d0000)
  to   space 200000K,   0% used [0x000000045d3d0000, 0x000000045d3d0000, 0x0000000469720000)
 concurrent mark-sweep generation total 14001024K, used 7813370K [0x0000000469720000, 0x00000007c0000000, 0x00000007c0000000)
 Metaspace       used 44935K, capacity 46232K, committed 46652K, reserved 1091584K
  class space    used 4916K, capacity 5189K, committed 5268K, reserved 1048576K
}
2017-04-16T10:41:35.695-0700: 135419.955: Total time for which application threads were stopped: 0.0146834 seconds, Stopping threads took: 0.0001517 seconds
2017-04-16T10:41:39.787-0700: 135424.046: Total time for which application threads were stopped: 0.0021164 seconds, Stopping threads took: 0.0001475 seconds
{Heap before GC invocations=12586 (full 18):
 par new generation   total 1800000K, used 1613678K [0x00000003ef600000, 0x0000000469720000, 0x0000000469720000)
  eden space 1600000K, 100% used [0x00000003ef600000, 0x0000000451080000, 0x0000000451080000)
  from space 200000K,   6% used [0x0000000451080000, 0x0000000451ddba20, 0x000000045d3d0000)
  to   space 200000K,   0% used [0x000000045d3d0000, 0x000000045d3d0000, 0x0000000469720000)
 concurrent mark-sweep generation total 14001024K, used 7813370K [0x0000000469720000, 0x00000007c0000000, 0x00000007c0000000)
 Metaspace       used 44935K, capacity 46232K, committed 46652K, reserved 1091584K
  class space    used 4916K, capacity 5189K, committed 5268K, reserved 1048576K
2017-04-16T10:41:47.170-0700: 135431.429: [GC (Allocation Failure) Before GC:
Statistics for BinaryTreeDictionary:
------------------------------------
Total Free Space: 182353694
Max   Chunk Size: 1128311
Number of Blocks: 81477
Av.  Block  Size: 2238
Tree      Height: 110
2017-04-16T10:41:47.170-0700: 135431.430: [ParNew
Desired survivor size 102400000 bytes, new threshold 1 (max 1)
- age   1:    6476760 bytes,    6476760 total
: 1613678K->9440K(1800000K), 0.0208783 secs] 9427048K->7831155K(15801024K)After GC:
Statistics for BinaryTreeDictionary:
------------------------------------
Total Free Space: 182194099
Max   Chunk Size: 1128311
Number of Blocks: 81453
Av.  Block  Size: 2236
Tree      Height: 110
, 0.0222221 secs] [Times: user=0.31 sys=0.01, real=0.02 secs] 
Heap after GC invocations=12587 (full 18):
 par new generation   total 1800000K, used 9440K [0x00000003ef600000, 0x0000000469720000, 0x0000000469720000)
  eden space 1600000K,   0% used [0x00000003ef600000, 0x00000003ef600000, 0x0000000451080000)
  from space 200000K,   4% used [0x000000045d3d0000, 0x000000045dd083e8, 0x0000000469720000)
  to   space 200000K,   0% used [0x0000000451080000, 0x0000000451080000, 0x000000045d3d0000)
 concurrent mark-sweep generation total 14001024K, used 7821714K [0x0000000469720000, 0x00000007c0000000, 0x00000007c0000000)
 Metaspace       used 44935K, capacity 46232K, committed 46652K, reserved 1091584K
  class space    used 4916K, capacity 5189K, committed 5268K, reserved 1048576K
}
2017-04-16T10:41:47.192-0700: 135431.451: Total time for which application threads were stopped: 0.0233076 seconds, Stopping threads took: 0.0001463 seconds
{Heap before GC invocations=12587 (full 18):
 par new generation   total 1800000K, used 1609440K [0x00000003ef600000, 0x0000000469720000, 0x0000000469720000)
  eden space 1600000K, 100% used [0x00000003ef600000, 0x0000000451080000, 0x0000000451080000)
  from space 200000K,   4% used [0x000000045d3d0000, 0x000000045dd083e8, 0x0000000469720000)
  to   space 200000K,   0% used [0x0000000451080000, 0x0000000451080000, 0x000000045d3d0000)
 concurrent mark-sweep generation total 14001024K, used 7821714K [0x0000000469720000, 0x00000007c0000000, 0x00000007c0000000)
 Metaspace       used 44935K, capacity 46232K, committed 46652K, reserved 1091584K
  class space    used 4916K, capacity 5189K, committed 5268K, reserved 1048576K
2017-04-16T10:42:01.920-0700: 135446.180: [GC (Allocation Failure) Before GC:
Statistics for BinaryTreeDictionary:
------------------------------------
Total Free Space: 182194099
Max   Chunk Size: 1128311
Number of Blocks: 81453
Av.  Block  Size: 2236
Tree      Height: 110
2017-04-16T10:42:01.921-0700: 135446.180: [ParNew
Desired survivor size 102400000 bytes, new threshold 1 (max 1)
- age   1:    6745064 bytes,    6745064 total
: 1609440K->7849K(1800000K), 0.0120391 secs] 9431155K->7831030K(15801024K)After GC:
Statistics for BinaryTreeDictionary:
------------------------------------
Total Free Space: 182124568
Max   Chunk Size: 1128311
Number of Blocks: 81420
Av.  Block  Size: 2236
Tree      Height: 110
, 0.0133918 secs] [Times: user=0.30 sys=0.00, real=0.01 secs] 
Heap after GC invocations=12588 (full 18):
 par new generation   total 1800000K, used 7849K [0x00000003ef600000, 0x0000000469720000, 0x0000000469720000)
  eden space 1600000K,   0% used [0x00000003ef600000, 0x00000003ef600000, 0x0000000451080000)
  from space 200000K,   3% used [0x0000000451080000, 0x000000045182a7c8, 0x000000045d3d0000)
  to   space 200000K,   0% used [0x000000045d3d0000, 0x000000045d3d0000, 0x0000000469720000)
 concurrent mark-sweep generation total 14001024K, used 7823180K [0x0000000469720000, 0x00000007c0000000, 0x00000007c0000000)
 Metaspace       used 44935K, capacity 46232K, committed 46652K, reserved 1091584K
  class space    used 4916K, capacity 5189K, committed 5268K, reserved 1048576K
}
2017-04-16T10:42:01.934-0700: 135446.193: Total time for which application threads were stopped: 0.0144884 seconds, Stopping threads took: 0.0001540 seconds
{Heap before GC invocations=12588 (full 18):
 par new generation   total 1800000K, used 1607849K [0x00000003ef600000, 0x0000000469720000, 0x0000000469720000)
  eden space 1600000K, 100% used [0x00000003ef600000, 0x0000000451080000, 0x0000000451080000)
  from space 200000K,   3% used [0x0000000451080000, 0x000000045182a7c8, 0x000000045d3d0000)
  to   space 200000K,   0% used [0x000000045d3d0000, 0x000000045d3d0000, 0x0000000469720000)
 concurrent mark-sweep generation total 14001024K, used 7823180K [0x0000000469720000, 0x00000007c0000000, 0x00000007c0000000)
 Metaspace       used 44935K, capacity 46232K, committed 46652K, reserved 1091584K
  class space    used 4916K, capacity 5189K, committed 5268K, reserved 1048576K
2017-04-16T10:42:16.135-0700: 135460.394: [GC (Allocation Failure) Before GC:
Statistics for BinaryTreeDictionary:
------------------------------------
Total Free Space: 182124568
Max   Chunk Size: 1128311
Number of Blocks: 81420
Av.  Block  Size: 2236
Tree      Height: 110
2017-04-16T10:42:16.136-0700: 135460.395: [ParNew
Desired survivor size 102400000 bytes, new threshold 1 (max 1)
- age   1:    6244744 bytes,    6244744 total
: 1607849K->6625K(1800000K), 0.0132672 secs] 9431030K->7831421K(15801024K)After GC:
Statistics for BinaryTreeDictionary:
------------------------------------
Total Free Space: 182062603
Max   Chunk Size: 1128311
Number of Blocks: 81395
Av.  Block  Size: 2236
Tree      Height: 110
, 0.0146277 secs] [Times: user=0.33 sys=0.00, real=0.01 secs] 
Heap after GC invocations=12589 (full 18):
 par new generation   total 1800000K, used 6625K [0x00000003ef600000, 0x0000000469720000, 0x0000000469720000)
  eden space 1600000K,   0% used [0x00000003ef600000, 0x00000003ef600000, 0x0000000451080000)
  from space 200000K,   3% used [0x000000045d3d0000, 0x000000045da48428, 0x0000000469720000)
  to   space 200000K,   0% used [0x0000000451080000, 0x0000000451080000, 0x000000045d3d0000)
 concurrent mark-sweep generation total 14001024K, used 7824796K [0x0000000469720000, 0x00000007c0000000, 0x00000007c0000000)
 Metaspace       used 44935K, capacity 46232K, committed 46652K, reserved 1091584K
  class space    used 4916K, capacity 5189K, committed 5268K, reserved 1048576K
}
2017-04-16T10:42:16.150-0700: 135460.409: Total time for which application threads were stopped: 0.0157200 seconds, Stopping threads took: 0.0001547 seconds
{Heap before GC invocations=12589 (full 18):
 par new generation   total 1800000K, used 1606625K [0x00000003ef600000, 0x0000000469720000, 0x0000000469720000)
  eden space 1600000K, 100% used [0x00000003ef600000, 0x0000000451080000, 0x0000000451080000)
  from space 200000K,   3% used [0x000000045d3d0000, 0x000000045da48428, 0x0000000469720000)
  to   space 200000K,   0% used [0x0000000451080000, 0x0000000451080000, 0x000000045d3d0000)
 concurrent mark-sweep generation total 14001024K, used 7824796K [0x0000000469720000, 0x00000007c0000000, 0x00000007c0000000)
 Metaspace       used 44935K, capacity 46232K, committed 46652K, reserved 1091584K
  class space    used 4916K, capacity 5189K, committed 5268K, reserved 1048576K
2017-04-16T10:42:30.150-0700: 135474.410: [GC (Allocation Failure) Before GC:
Statistics for BinaryTreeDictionary:
------------------------------------
Total Free Space: 182062603
Max   Chunk Size: 1128311
Number of Blocks: 81395
Av.  Block  Size: 2236
Tree      Height: 110
2017-04-16T10:42:30.151-0700: 135474.410: [ParNew
Desired survivor size 102400000 bytes, new threshold 1 (max 1)
- age   1:    6931112 bytes,    6931112 total
: 1606625K->7538K(1800000K), 0.0120742 secs] 9431421K->7833689K(15801024K)After GC:
Statistics for BinaryTreeDictionary:
------------------------------------
Total Free Space: 182030006
Max   Chunk Size: 1128311
Number of Blocks: 81365
Av.  Block  Size: 2237
Tree      Height: 110
, 0.0133951 secs] [Times: user=0.30 sys=0.00, real=0.02 secs] 
Heap after GC invocations=12590 (full 18):
 par new generation   total 1800000K, used 7538K [0x00000003ef600000, 0x0000000469720000, 0x0000000469720000)
  eden space 1600000K,   0% used [0x00000003ef600000, 0x00000003ef600000, 0x0000000451080000)
  from space 200000K,   3% used [0x0000000451080000, 0x00000004517dc860, 0x000000045d3d0000)
  to   space 200000K,   0% used [0x000000045d3d0000, 0x000000045d3d0000, 0x0000000469720000)
 concurrent mark-sweep generation total 14001024K, used 7826151K [0x0000000469720000, 0x00000007c0000000, 0x00000007c0000000)
 Metaspace       used 44935K, capacity 46232K, committed 46652K, reserved 1091584K
  class space    used 4916K, capacity 5189K, committed 5268K, reserved 1048576K
}
2017-04-16T10:42:30.164-0700: 135474.423: Total time for which application threads were stopped: 0.0144780 seconds, Stopping threads took: 0.0001478 seconds
{Heap before GC invocations=12590 (full 18):
 par new generation   total 1800000K, used 1607538K [0x00000003ef600000, 0x0000000469720000, 0x0000000469720000)
  eden space 1600000K, 100% used [0x00000003ef600000, 0x0000000451080000, 0x0000000451080000)
  from space 200000K,   3% used [0x0000000451080000, 0x00000004517dc860, 0x000000045d3d0000)
  to   space 200000K,   0% used [0x000000045d3d0000, 0x000000045d3d0000, 0x0000000469720000)
 concurrent mark-sweep generation total 14001024K, used 7826151K [0x0000000469720000, 0x00000007c0000000, 0x00000007c0000000)
 Metaspace       used 44935K, capacity 46232K, committed 46652K, reserved 1091584K
  class space    used 4916K, capacity 5189K, committed 5268K, reserved 1048576K
2017-04-16T10:42:43.835-0700: 135488.094: [GC (Allocation Failure) Before GC:
Statistics for BinaryTreeDictionary:
------------------------------------
Total Free Space: 182030006
Max   Chunk Size: 1128311
Number of Blocks: 81365
Av.  Block  Size: 2237
Tree      Height: 110
2017-04-16T10:42:43.835-0700: 135488.095: [ParNew
Desired survivor size 102400000 bytes, new threshold 1 (max 1)
- age   1:    6048912 bytes,    6048912 total
: 1607538K->6613K(1800000K), 0.0123623 secs] 9433689K->7834154K(15801024K)After GC:
Statistics for BinaryTreeDictionary:
------------------------------------
Total Free Space: 181994227
Max   Chunk Size: 1128311
Number of Blocks: 81328
Av.  Block  Size: 2237
Tree      Height: 110
, 0.0137215 secs] [Times: user=0.30 sys=0.00, real=0.02 secs] 
Heap after GC invocations=12591 (full 18):
 par new generation   total 1800000K, used 6613K [0x00000003ef600000, 0x0000000469720000, 0x0000000469720000)
  eden space 1600000K,   0% used [0x00000003ef600000, 0x00000003ef600000, 0x0000000451080000)
  from space 200000K,   3% used [0x000000045d3d0000, 0x000000045da454d8, 0x0000000469720000)
  to   space 200000K,   0% used [0x0000000451080000, 0x0000000451080000, 0x000000045d3d0000)
 concurrent mark-sweep generation total 14001024K, used 7827541K [0x0000000469720000, 0x00000007c0000000, 0x00000007c0000000)
 Metaspace       used 44935K, capacity 46232K, committed 46652K, reserved 1091584K
  class space    used 4916K, capacity 5189K, committed 5268K, reserved 1048576K
}
2017-04-16T10:42:43.849-0700: 135488.108: Total time for which application threads were stopped: 0.0147948 seconds, Stopping threads took: 0.0001471 seconds
{Heap before GC invocations=12591 (full 18):
 par new generation   total 1800000K, used 1606613K [0x00000003ef600000, 0x0000000469720000, 0x0000000469720000)
  eden space 1600000K, 100% used [0x00000003ef600000, 0x0000000451080000, 0x0000000451080000)
  from space 200000K,   3% used [0x000000045d3d0000, 0x000000045da454d8, 0x0000000469720000)
  to   space 200000K,   0% used [0x0000000451080000, 0x0000000451080000, 0x000000045d3d0000)
 concurrent mark-sweep generation total 14001024K, used 7827541K [0x0000000469720000, 0x00000007c0000000, 0x00000007c0000000)
 Metaspace       used 44935K, capacity 46232K, committed 46652K, reserved 1091584K
  class space    used 4916K, capacity 5189K, committed 5268K, reserved 1048576K
2017-04-16T10:42:58.052-0700: 135502.312: [GC (Allocation Failure) Before GC:
Statistics for BinaryTreeDictionary:
------------------------------------
Total Free Space: 181994227
Max   Chunk Size: 1128311
Number of Blocks: 81328
Av.  Block  Size: 2237
Tree      Height: 110
2017-04-16T10:42:58.053-0700: 135502.312: [ParNew
Desired survivor size 102400000 bytes, new threshold 1 (max 1)
- age   1:    6242608 bytes,    6242608 total
: 1606613K->6718K(1800000K), 0.0125823 secs] 9434154K->7835447K(15801024K)After GC:
Statistics for BinaryTreeDictionary:
------------------------------------
Total Free Space: 181986399
Max   Chunk Size: 1128311
Number of Blocks: 81311
Av.  Block  Size: 2238
Tree      Height: 110
, 0.0139175 secs] [Times: user=0.31 sys=0.00, real=0.01 secs] 
Heap after GC invocations=12592 (full 18):
 par new generation   total 1800000K, used 6718K [0x00000003ef600000, 0x0000000469720000, 0x0000000469720000)
  eden space 1600000K,   0% used [0x00000003ef600000, 0x00000003ef600000, 0x0000000451080000)
  from space 200000K,   3% used [0x0000000451080000, 0x000000045170fab0, 0x000000045d3d0000)
  to   space 200000K,   0% used [0x000000045d3d0000, 0x000000045d3d0000, 0x0000000469720000)
 concurrent mark-sweep generation total 14001024K, used 7828728K [0x0000000469720000, 0x00000007c0000000, 0x00000007c0000000)
 Metaspace       used 44935K, capacity 46232K, committed 46652K, reserved 1091584K
  class space    used 4916K, capacity 5189K, committed 5268K, reserved 1048576K
}
2017-04-16T10:42:58.067-0700: 135502.326: Total time for which application threads were stopped: 0.0150152 seconds, Stopping threads took: 0.0001524 seconds
2017-04-16T10:43:09.607-0700: 135513.866: Total time for which application threads were stopped: 0.0021161 seconds, Stopping threads took: 0.0001415 seconds
{Heap before GC invocations=12592 (full 18):
 par new generation   total 1800000K, used 1606718K [0x00000003ef600000, 0x0000000469720000, 0x0000000469720000)
  eden space 1600000K, 100% used [0x00000003ef600000, 0x0000000451080000, 0x0000000451080000)
  from space 200000K,   3% used [0x0000000451080000, 0x000000045170fab0, 0x000000045d3d0000)
  to   space 200000K,   0% used [0x000000045d3d0000, 0x000000045d3d0000, 0x0000000469720000)
 concurrent mark-sweep generation total 14001024K, used 7828728K [0x0000000469720000, 0x00000007c0000000, 0x00000007c0000000)
 Metaspace       used 44935K, capacity 46232K, committed 46652K, reserved 1091584K
  class space    used 4916K, capacity 5189K, committed 5268K, reserved 1048576K
2017-04-16T10:43:10.897-0700: 135515.156: [GC (Allocation Failure) Before GC:
Statistics for BinaryTreeDictionary:
------------------------------------
Total Free Space: 181986399
Max   Chunk Size: 1128311
Number of Blocks: 81311
Av.  Block  Size: 2238
Tree      Height: 110
2017-04-16T10:43:10.897-0700: 135515.157: [ParNew
Desired survivor size 102400000 bytes, new threshold 1 (max 1)
- age   1:    6490168 bytes,    6490168 total
: 1606718K->7017K(1800000K), 0.0124345 secs] 9435447K->7837318K(15801024K)After GC:
Statistics for BinaryTreeDictionary:
------------------------------------
Total Free Space: 181923324
Max   Chunk Size: 1128311
Number of Blocks: 81289
Av.  Block  Size: 2237
Tree      Height: 110
, 0.0137550 secs] [Times: user=0.31 sys=0.00, real=0.02 secs] 
Heap after GC invocations=12593 (full 18):
 par new generation   total 1800000K, used 7017K [0x00000003ef600000, 0x0000000469720000, 0x0000000469720000)
  eden space 1600000K,   0% used [0x00000003ef600000, 0x00000003ef600000, 0x0000000451080000)
  from space 200000K,   3% used [0x000000045d3d0000, 0x000000045daaa5c8, 0x0000000469720000)
  to   space 200000K,   0% used [0x0000000451080000, 0x0000000451080000, 0x000000045d3d0000)
 concurrent mark-sweep generation total 14001024K, used 7830301K [0x0000000469720000, 0x00000007c0000000, 0x00000007c0000000)
 Metaspace       used 44935K, capacity 46232K, committed 46652K, reserved 1091584K
  class space    used 4916K, capacity 5189K, committed 5268K, reserved 1048576K
}
2017-04-16T10:43:10.910-0700: 135515.170: Total time for which application threads were stopped: 0.0148875 seconds, Stopping threads took: 0.0001677 seconds
{Heap before GC invocations=12593 (full 18):
 par new generation   total 1800000K, used 1607017K [0x00000003ef600000, 0x0000000469720000, 0x0000000469720000)
  eden space 1600000K, 100% used [0x00000003ef600000, 0x0000000451080000, 0x0000000451080000)
  from space 200000K,   3% used [0x000000045d3d0000, 0x000000045daaa5c8, 0x0000000469720000)
  to   space 200000K,   0% used [0x0000000451080000, 0x0000000451080000, 0x000000045d3d0000)
 concurrent mark-sweep generation total 14001024K, used 7830301K [0x0000000469720000, 0x00000007c0000000, 0x00000007c0000000)
 Metaspace       used 44935K, capacity 46232K, committed 46652K, reserved 1091584K
  class space    used 4916K, capacity 5189K, committed 5268K, reserved 1048576K
2017-04-16T10:43:24.234-0700: 135528.493: [GC (Allocation Failure) Before GC:
Statistics for BinaryTreeDictionary:
------------------------------------
Total Free Space: 181923324
Max   Chunk Size: 1128311
Number of Blocks: 81289
Av.  Block  Size: 2237
Tree      Height: 110
2017-04-16T10:43:24.235-0700: 135528.494: [ParNew
Desired survivor size 102400000 bytes, new threshold 1 (max 1)
- age   1:    6028648 bytes,    6028648 total
: 1607017K->6558K(1800000K), 0.0122867 secs] 9437318K->7838720K(15801024K)After GC:
Statistics for BinaryTreeDictionary:
------------------------------------
Total Free Space: 181820967
Max   Chunk Size: 1128311
Number of Blocks: 81261
Av.  Block  Size: 2237
Tree      Height: 110
, 0.0136331 secs] [Times: user=0.31 sys=0.00, real=0.01 secs] 
Heap after GC invocations=12594 (full 18):
 par new generation   total 1800000K, used 6558K [0x00000003ef600000, 0x0000000469720000, 0x0000000469720000)
  eden space 1600000K,   0% used [0x00000003ef600000, 0x00000003ef600000, 0x0000000451080000)
  from space 200000K,   3% used [0x0000000451080000, 0x00000004516e79a8, 0x000000045d3d0000)
  to   space 200000K,   0% used [0x000000045d3d0000, 0x000000045d3d0000, 0x0000000469720000)
 concurrent mark-sweep generation total 14001024K, used 7832161K [0x0000000469720000, 0x00000007c0000000, 0x00000007c0000000)
 Metaspace       used 44935K, capacity 46232K, committed 46652K, reserved 1091584K
  class space    used 4916K, capacity 5189K, committed 5268K, reserved 1048576K
}
2017-04-16T10:43:24.248-0700: 135528.507: Total time for which application threads were stopped: 0.0147680 seconds, Stopping threads took: 0.0001779 seconds
{Heap before GC invocations=12594 (full 18):
 par new generation   total 1800000K, used 1606558K [0x00000003ef600000, 0x0000000469720000, 0x0000000469720000)
  eden space 1600000K, 100% used [0x00000003ef600000, 0x0000000451080000, 0x0000000451080000)
  from space 200000K,   3% used [0x0000000451080000, 0x00000004516e79a8, 0x000000045d3d0000)
  to   space 200000K,   0% used [0x000000045d3d0000, 0x000000045d3d0000, 0x0000000469720000)
 concurrent mark-sweep generation total 14001024K, used 7832161K [0x0000000469720000, 0x00000007c0000000, 0x00000007c0000000)
 Metaspace       used 44935K, capacity 46232K, committed 46652K, reserved 1091584K
  class space    used 4916K, capacity 5189K, committed 5268K, reserved 1048576K
2017-04-16T10:43:38.769-0700: 135543.029: [GC (Allocation Failure) Before GC:
Statistics for BinaryTreeDictionary:
------------------------------------
Total Free Space: 181820967
Max   Chunk Size: 1128311
Number of Blocks: 81261
Av.  Block  Size: 2237
Tree      Height: 110
2017-04-16T10:43:38.770-0700: 135543.029: [ParNew
Desired survivor size 102400000 bytes, new threshold 1 (max 1)
- age   1:    6628632 bytes,    6628632 total
: 1606558K->7205K(1800000K), 0.0122535 secs] 9438720K->7840582K(15801024K)After GC:
Statistics for BinaryTreeDictionary:
------------------------------------
Total Free Space: 181803034
Max   Chunk Size: 1128311
Number of Blocks: 81226
Av.  Block  Size: 2238
Tree      Height: 110
, 0.0135905 secs] [Times: user=0.30 sys=0.00, real=0.01 secs] 
Heap after GC invocations=12595 (full 18):
 par new generation   total 1800000K, used 7205K [0x00000003ef600000, 0x0000000469720000, 0x0000000469720000)
  eden space 1600000K,   0% used [0x00000003ef600000, 0x00000003ef600000, 0x0000000451080000)
  from space 200000K,   3% used [0x000000045d3d0000, 0x000000045dad9678, 0x0000000469720000)
  to   space 200000K,   0% used [0x0000000451080000, 0x0000000451080000, 0x000000045d3d0000)
 concurrent mark-sweep generation total 14001024K, used 7833376K [0x0000000469720000, 0x00000007c0000000, 0x00000007c0000000)
 Metaspace       used 44935K, capacity 46232K, committed 46652K, reserved 1091584K
  class space    used 4916K, capacity 5189K, committed 5268K, reserved 1048576K
}
2017-04-16T10:43:38.783-0700: 135543.042: Total time for which application threads were stopped: 0.0146815 seconds, Stopping threads took: 0.0001541 seconds
{Heap before GC invocations=12595 (full 18):
 par new generation   total 1800000K, used 1607205K [0x00000003ef600000, 0x0000000469720000, 0x0000000469720000)
  eden space 1600000K, 100% used [0x00000003ef600000, 0x0000000451080000, 0x0000000451080000)
  from space 200000K,   3% used [0x000000045d3d0000, 0x000000045dad9678, 0x0000000469720000)
  to   space 200000K,   0% used [0x0000000451080000, 0x0000000451080000, 0x000000045d3d0000)
 concurrent mark-sweep generation total 14001024K, used 7833376K [0x0000000469720000, 0x00000007c0000000, 0x00000007c0000000)
 Metaspace       used 44935K, capacity 46232K, committed 46652K, reserved 1091584K
  class space    used 4916K, capacity 5189K, committed 5268K, reserved 1048576K
2017-04-16T10:43:52.814-0700: 135557.074: [GC (Allocation Failure) Before GC:
Statistics for BinaryTreeDictionary:
------------------------------------
Total Free Space: 181803034
Max   Chunk Size: 1128311
Number of Blocks: 81226
Av.  Block  Size: 2238
Tree      Height: 110
2017-04-16T10:43:52.815-0700: 135557.074: [ParNew
Desired survivor size 102400000 bytes, new threshold 1 (max 1)
- age   1:    6483880 bytes,    6483880 total
: 1607205K->7050K(1800000K), 0.0124097 secs] 9440582K->7841899K(15801024K)After GC:
Statistics for BinaryTreeDictionary:
------------------------------------
Total Free Space: 181771590
Max   Chunk Size: 1128311
Number of Blocks: 81195
Av.  Block  Size: 2238
Tree      Height: 110
, 0.0137492 secs] [Times: user=0.31 sys=0.00, real=0.02 secs] 
Heap after GC invocations=12596 (full 18):
 par new generation   total 1800000K, used 7050K [0x00000003ef600000, 0x0000000469720000, 0x0000000469720000)
  eden space 1600000K,   0% used [0x00000003ef600000, 0x00000003ef600000, 0x0000000451080000)
  from space 200000K,   3% used [0x0000000451080000, 0x0000000451762b38, 0x000000045d3d0000)
  to   space 200000K,   0% used [0x000000045d3d0000, 0x000000045d3d0000, 0x0000000469720000)
 concurrent mark-sweep generation total 14001024K, used 7834848K [0x0000000469720000, 0x00000007c0000000, 0x00000007c0000000)
 Metaspace       used 44935K, capacity 46232K, committed 46652K, reserved 1091584K
  class space    used 4916K, capacity 5189K, committed 5268K, reserved 1048576K
}
2017-04-16T10:43:52.828-0700: 135557.088: Total time for which application threads were stopped: 0.0148300 seconds, Stopping threads took: 0.0001521 seconds
2017-04-16T10:44:06.310-0700: 135570.569: Total time for which application threads were stopped: 0.0021612 seconds, Stopping threads took: 0.0001464 seconds
{Heap before GC invocations=12596 (full 18):
 par new generation   total 1800000K, used 1607050K [0x00000003ef600000, 0x0000000469720000, 0x0000000469720000)
  eden space 1600000K, 100% used [0x00000003ef600000, 0x0000000451080000, 0x0000000451080000)
  from space 200000K,   3% used [0x0000000451080000, 0x0000000451762b38, 0x000000045d3d0000)
  to   space 200000K,   0% used [0x000000045d3d0000, 0x000000045d3d0000, 0x0000000469720000)
 concurrent mark-sweep generation total 14001024K, used 7834848K [0x0000000469720000, 0x00000007c0000000, 0x00000007c0000000)
 Metaspace       used 44935K, capacity 46232K, committed 46652K, reserved 1091584K
  class space    used 4916K, capacity 5189K, committed 5268K, reserved 1048576K
2017-04-16T10:44:07.072-0700: 135571.332: [GC (Allocation Failure) Before GC:
Statistics for BinaryTreeDictionary:
------------------------------------
Total Free Space: 181771590
Max   Chunk Size: 1128311
Number of Blocks: 81195
Av.  Block  Size: 2238
Tree      Height: 110
2017-04-16T10:44:07.073-0700: 135571.332: [ParNew
Desired survivor size 102400000 bytes, new threshold 1 (max 1)
- age   1:    8385128 bytes,    8385128 total
: 1607050K->8799K(1800000K), 0.0129137 secs] 9441899K->7845133K(15801024K)After GC:
Statistics for BinaryTreeDictionary:
------------------------------------
Total Free Space: 181740728
Max   Chunk Size: 1128311
Number of Blocks: 81164
Av.  Block  Size: 2239
Tree      Height: 110
, 0.0142517 secs] [Times: user=0.31 sys=0.00, real=0.01 secs] 
Heap after GC invocations=12597 (full 18):
 par new generation   total 1800000K, used 8799K [0x00000003ef600000, 0x0000000469720000, 0x0000000469720000)
  eden space 1600000K,   0% used [0x00000003ef600000, 0x00000003ef600000, 0x0000000451080000)
  from space 200000K,   4% used [0x000000045d3d0000, 0x000000045dc67e98, 0x0000000469720000)
  to   space 200000K,   0% used [0x0000000451080000, 0x0000000451080000, 0x000000045d3d0000)
 concurrent mark-sweep generation total 14001024K, used 7836333K [0x0000000469720000, 0x00000007c0000000, 0x00000007c0000000)
 Metaspace       used 44935K, capacity 46232K, committed 46652K, reserved 1091584K
  class space    used 4916K, capacity 5189K, committed 5268K, reserved 1048576K
}
2017-04-16T10:44:07.087-0700: 135571.346: Total time for which application threads were stopped: 0.0153493 seconds, Stopping threads took: 0.0001480 seconds
{Heap before GC invocations=12597 (full 18):
 par new generation   total 1800000K, used 1608799K [0x00000003ef600000, 0x0000000469720000, 0x0000000469720000)
  eden space 1600000K, 100% used [0x00000003ef600000, 0x0000000451080000, 0x0000000451080000)
  from space 200000K,   4% used [0x000000045d3d0000, 0x000000045dc67e98, 0x0000000469720000)
  to   space 200000K,   0% used [0x0000000451080000, 0x0000000451080000, 0x000000045d3d0000)
 concurrent mark-sweep generation total 14001024K, used 7836333K [0x0000000469720000, 0x00000007c0000000, 0x00000007c0000000)
 Metaspace       used 44935K, capacity 46232K, committed 46652K, reserved 1091584K
  class space    used 4916K, capacity 5189K, committed 5268K, reserved 1048576K
2017-04-16T10:44:20.724-0700: 135584.984: [GC (Allocation Failure) Before GC:
Statistics for BinaryTreeDictionary:
------------------------------------
Total Free Space: 181740728
Max   Chunk Size: 1128311
Number of Blocks: 81164
Av.  Block  Size: 2239
Tree      Height: 110
2017-04-16T10:44:20.725-0700: 135584.984: [ParNew
Desired survivor size 102400000 bytes, new threshold 1 (max 1)
- age   1:    6139056 bytes,    6139056 total
: 1608799K->6701K(1800000K), 0.0127068 secs] 9445133K->7845864K(15801024K)After GC:
Statistics for BinaryTreeDictionary:
------------------------------------
Total Free Space: 181530176
Max   Chunk Size: 1128311
Number of Blocks: 81136
Av.  Block  Size: 2237
Tree      Height: 110
, 0.0140256 secs] [Times: user=0.32 sys=0.00, real=0.01 secs] 
Heap after GC invocations=12598 (full 18):
 par new generation   total 1800000K, used 6701K [0x00000003ef600000, 0x0000000469720000, 0x0000000469720000)
  eden space 1600000K,   0% used [0x00000003ef600000, 0x00000003ef600000, 0x0000000451080000)
  from space 200000K,   3% used [0x0000000451080000, 0x000000045170b5f0, 0x000000045d3d0000)
  to   space 200000K,   0% used [0x000000045d3d0000, 0x000000045d3d0000, 0x0000000469720000)
 concurrent mark-sweep generation total 14001024K, used 7839162K [0x0000000469720000, 0x00000007c0000000, 0x00000007c0000000)
 Metaspace       used 44935K, capacity 46232K, committed 46652K, reserved 1091584K
  class space    used 4916K, capacity 5189K, committed 5268K, reserved 1048576K
}
2017-04-16T10:44:20.739-0700: 135584.998: Total time for which application threads were stopped: 0.0150988 seconds, Stopping threads took: 0.0001458 seconds
{Heap before GC invocations=12598 (full 18):
 par new generation   total 1800000K, used 1606701K [0x00000003ef600000, 0x0000000469720000, 0x0000000469720000)
  eden space 1600000K, 100% used [0x00000003ef600000, 0x0000000451080000, 0x0000000451080000)
  from space 200000K,   3% used [0x0000000451080000, 0x000000045170b5f0, 0x000000045d3d0000)
  to   space 200000K,   0% used [0x000000045d3d0000, 0x000000045d3d0000, 0x0000000469720000)
 concurrent mark-sweep generation total 14001024K, used 7839162K [0x0000000469720000, 0x00000007c0000000, 0x00000007c0000000)
 Metaspace       used 44935K, capacity 46232K, committed 46652K, reserved 1091584K
  class space    used 4916K, capacity 5189K, committed 5268K, reserved 1048576K
2017-04-16T10:44:34.437-0700: 135598.696: [GC (Allocation Failure) Before GC:
Statistics for BinaryTreeDictionary:
------------------------------------
Total Free Space: 181530176
Max   Chunk Size: 1128311
Number of Blocks: 81136
Av.  Block  Size: 2237
Tree      Height: 110
2017-04-16T10:44:34.438-0700: 135598.697: [ParNew
Desired survivor size 102400000 bytes, new threshold 1 (max 1)
- age   1:    6779984 bytes,    6779984 total
: 1606701K->7264K(1800000K), 0.0124225 secs] 9445864K->7847652K(15801024K)After GC:
Statistics for BinaryTreeDictionary:
------------------------------------
Total Free Space: 181510846
Max   Chunk Size: 1128311
Number of Blocks: 81096
Av.  Block  Size: 2238
Tree      Height: 110
, 0.0137582 secs] [Times: user=0.31 sys=0.00, real=0.01 secs] 
Heap after GC invocations=12599 (full 18):
 par new generation   total 1800000K, used 7264K [0x00000003ef600000, 0x0000000469720000, 0x0000000469720000)
  eden space 1600000K,   0% used [0x00000003ef600000, 0x00000003ef600000, 0x0000000451080000)
  from space 200000K,   3% used [0x000000045d3d0000, 0x000000045dae8008, 0x0000000469720000)
  to   space 200000K,   0% used [0x0000000451080000, 0x0000000451080000, 0x000000045d3d0000)
 concurrent mark-sweep generation total 14001024K, used 7840388K [0x0000000469720000, 0x00000007c0000000, 0x00000007c0000000)
 Metaspace       used 44935K, capacity 46232K, committed 46652K, reserved 1091584K
  class space    used 4916K, capacity 5189K, committed 5268K, reserved 1048576K
}
2017-04-16T10:44:34.451-0700: 135598.710: Total time for which application threads were stopped: 0.0148362 seconds, Stopping threads took: 0.0001426 seconds
2017-04-16T10:44:39.737-0700: 135603.997: Total time for which application threads were stopped: 0.0021548 seconds, Stopping threads took: 0.0001462 seconds
{Heap before GC invocations=12599 (full 18):
 par new generation   total 1800000K, used 1607264K [0x00000003ef600000, 0x0000000469720000, 0x0000000469720000)
  eden space 1600000K, 100% used [0x00000003ef600000, 0x0000000451080000, 0x0000000451080000)
  from space 200000K,   3% used [0x000000045d3d0000, 0x000000045dae8008, 0x0000000469720000)
  to   space 200000K,   0% used [0x0000000451080000, 0x0000000451080000, 0x000000045d3d0000)
 concurrent mark-sweep generation total 14001024K, used 7840388K [0x0000000469720000, 0x00000007c0000000, 0x00000007c0000000)
 Metaspace       used 44935K, capacity 46232K, committed 46652K, reserved 1091584K
  class space    used 4916K, capacity 5189K, committed 5268K, reserved 1048576K
2017-04-16T10:44:46.025-0700: 135610.284: [GC (Allocation Failure) Before GC:
Statistics for BinaryTreeDictionary:
------------------------------------
Total Free Space: 181510846
Max   Chunk Size: 1128311
Number of Blocks: 81096
Av.  Block  Size: 2238
Tree      Height: 110
2017-04-16T10:44:46.026-0700: 135610.285: [ParNew
Desired survivor size 102400000 bytes, new threshold 1 (max 1)
- age   1:    6335832 bytes,    6335832 total
: 1607264K->6885K(1800000K), 0.0121714 secs] 9447652K->7848748K(15801024K)After GC:
Statistics for BinaryTreeDictionary:
------------------------------------
Total Free Space: 181460427
Max   Chunk Size: 1128311
Number of Blocks: 81062
Av.  Block  Size: 2238
Tree      Height: 110
, 0.0134974 secs] [Times: user=0.30 sys=0.00, real=0.01 secs] 
Heap after GC invocations=12600 (full 18):
 par new generation   total 1800000K, used 6885K [0x00000003ef600000, 0x0000000469720000, 0x0000000469720000)
  eden space 1600000K,   0% used [0x00000003ef600000, 0x00000003ef600000, 0x0000000451080000)
  from space 200000K,   3% used [0x0000000451080000, 0x0000000451739710, 0x000000045d3d0000)
  to   space 200000K,   0% used [0x000000045d3d0000, 0x000000045d3d0000, 0x0000000469720000)
 concurrent mark-sweep generation total 14001024K, used 7841862K [0x0000000469720000, 0x00000007c0000000, 0x00000007c0000000)
 Metaspace       used 44935K, capacity 46232K, committed 46652K, reserved 1091584K
  class space    used 4916K, capacity 5189K, committed 5268K, reserved 1048576K
}
2017-04-16T10:44:46.039-0700: 135610.298: Total time for which application threads were stopped: 0.0146031 seconds, Stopping threads took: 0.0001645 seconds
{Heap before GC invocations=12600 (full 18):
 par new generation   total 1800000K, used 1606885K [0x00000003ef600000, 0x0000000469720000, 0x0000000469720000)
  eden space 1600000K, 100% used [0x00000003ef600000, 0x0000000451080000, 0x0000000451080000)
  from space 200000K,   3% used [0x0000000451080000, 0x0000000451739710, 0x000000045d3d0000)
  to   space 200000K,   0% used [0x000000045d3d0000, 0x000000045d3d0000, 0x0000000469720000)
 concurrent mark-sweep generation total 14001024K, used 7841862K [0x0000000469720000, 0x00000007c0000000, 0x00000007c0000000)
 Metaspace       used 44935K, capacity 46232K, committed 46652K, reserved 1091584K
  class space    used 4916K, capacity 5189K, committed 5268K, reserved 1048576K
2017-04-16T10:45:00.190-0700: 135624.449: [GC (Allocation Failure) Before GC:
Statistics for BinaryTreeDictionary:
------------------------------------
Total Free Space: 181460427
Max   Chunk Size: 1128311
Number of Blocks: 81062
Av.  Block  Size: 2238
Tree      Height: 110
2017-04-16T10:45:00.190-0700: 135624.450: [ParNew
Desired survivor size 102400000 bytes, new threshold 1 (max 1)
- age   1:    6669240 bytes,    6669240 total
: 1606885K->7219K(1800000K), 0.0127597 secs] 9448748K->7850681K(15801024K)After GC:
Statistics for BinaryTreeDictionary:
------------------------------------
Total Free Space: 181370950
Max   Chunk Size: 1128311
Number of Blocks: 81026
Av.  Block  Size: 2238
Tree      Height: 110
, 0.0140843 secs] [Times: user=0.32 sys=0.00, real=0.01 secs] 
Heap after GC invocations=12601 (full 18):
 par new generation   total 1800000K, used 7219K [0x00000003ef600000, 0x0000000469720000, 0x0000000469720000)
  eden space 1600000K,   0% used [0x00000003ef600000, 0x00000003ef600000, 0x0000000451080000)
  from space 200000K,   3% used [0x000000045d3d0000, 0x000000045dadcd20, 0x0000000469720000)
  to   space 200000K,   0% used [0x0000000451080000, 0x0000000451080000, 0x000000045d3d0000)
 concurrent mark-sweep generation total 14001024K, used 7843462K [0x0000000469720000, 0x00000007c0000000, 0x00000007c0000000)
 Metaspace       used 44935K, capacity 46232K, committed 46652K, reserved 1091584K
  class space    used 4916K, capacity 5189K, committed 5268K, reserved 1048576K
}
2017-04-16T10:45:00.204-0700: 135624.463: Total time for which application threads were stopped: 0.0151591 seconds, Stopping threads took: 0.0001474 seconds
{Heap before GC invocations=12601 (full 18):
 par new generation   total 1800000K, used 1607219K [0x00000003ef600000, 0x0000000469720000, 0x0000000469720000)
  eden space 1600000K, 100% used [0x00000003ef600000, 0x0000000451080000, 0x0000000451080000)
  from space 200000K,   3% used [0x000000045d3d0000, 0x000000045dadcd20, 0x0000000469720000)
  to   space 200000K,   0% used [0x0000000451080000, 0x0000000451080000, 0x000000045d3d0000)
 concurrent mark-sweep generation total 14001024K, used 7843462K [0x0000000469720000, 0x00000007c0000000, 0x00000007c0000000)
 Metaspace       used 44935K, capacity 46232K, committed 46652K, reserved 1091584K
  class space    used 4916K, capacity 5189K, committed 5268K, reserved 1048576K
2017-04-16T10:45:13.602-0700: 135637.861: [GC (Allocation Failure) Before GC:
Statistics for BinaryTreeDictionary:
------------------------------------
Total Free Space: 181370950
Max   Chunk Size: 1128311
Number of Blocks: 81026
Av.  Block  Size: 2238
Tree      Height: 110
2017-04-16T10:45:13.603-0700: 135637.862: [ParNew
Desired survivor size 102400000 bytes, new threshold 1 (max 1)
- age   1:    6037024 bytes,    6037024 total
: 1607219K->6655K(1800000K), 0.0128445 secs] 9450681K->7852141K(15801024K)After GC:
Statistics for BinaryTreeDictionary:
------------------------------------
Total Free Space: 181297794
Max   Chunk Size: 1128311
Number of Blocks: 80999
Av.  Block  Size: 2238
Tree      Height: 110
, 0.0141745 secs] [Times: user=0.31 sys=0.00, real=0.01 secs] 
Heap after GC invocations=12602 (full 18):
 par new generation   total 1800000K, used 6655K [0x00000003ef600000, 0x0000000469720000, 0x0000000469720000)
  eden space 1600000K,   0% used [0x00000003ef600000, 0x00000003ef600000, 0x0000000451080000)
  from space 200000K,   3% used [0x0000000451080000, 0x00000004516ffe30, 0x000000045d3d0000)
  to   space 200000K,   0% used [0x000000045d3d0000, 0x000000045d3d0000, 0x0000000469720000)
 concurrent mark-sweep generation total 14001024K, used 7845485K [0x0000000469720000, 0x00000007c0000000, 0x00000007c0000000)
 Metaspace       used 44935K, capacity 46232K, committed 46652K, reserved 1091584K
  class space    used 4916K, capacity 5189K, committed 5268K, reserved 1048576K
}
2017-04-16T10:45:13.616-0700: 135637.876: Total time for which application threads were stopped: 0.0152841 seconds, Stopping threads took: 0.0001519 seconds
{Heap before GC invocations=12602 (full 18):
 par new generation   total 1800000K, used 1606655K [0x00000003ef600000, 0x0000000469720000, 0x0000000469720000)
  eden space 1600000K, 100% used [0x00000003ef600000, 0x0000000451080000, 0x0000000451080000)
  from space 200000K,   3% used [0x0000000451080000, 0x00000004516ffe30, 0x000000045d3d0000)
  to   space 200000K,   0% used [0x000000045d3d0000, 0x000000045d3d0000, 0x0000000469720000)
 concurrent mark-sweep generation total 14001024K, used 7845485K [0x0000000469720000, 0x00000007c0000000, 0x00000007c0000000)
 Metaspace       used 44935K, capacity 46232K, committed 46652K, reserved 1091584K
  class space    used 4916K, capacity 5189K, committed 5268K, reserved 1048576K
2017-04-16T10:45:27.618-0700: 135651.877: [GC (Allocation Failure) Before GC:
Statistics for BinaryTreeDictionary:
------------------------------------
Total Free Space: 181297794
Max   Chunk Size: 1128311
Number of Blocks: 80999
Av.  Block  Size: 2238
Tree      Height: 110
2017-04-16T10:45:27.618-0700: 135651.878: [ParNew
Desired survivor size 102400000 bytes, new threshold 1 (max 1)
- age   1:    6396368 bytes,    6396368 total
: 1606655K->6938K(1800000K), 0.0124026 secs] 9452141K->7853659K(15801024K)After GC:
Statistics for BinaryTreeDictionary:
------------------------------------
Total Free Space: 181283712
Max   Chunk Size: 1128311
Number of Blocks: 80970
Av.  Block  Size: 2238
Tree      Height: 110
, 0.0137390 secs] [Times: user=0.31 sys=0.00, real=0.02 secs] 
Heap after GC invocations=12603 (full 18):
 par new generation   total 1800000K, used 6938K [0x00000003ef600000, 0x0000000469720000, 0x0000000469720000)
  eden space 1600000K,   0% used [0x00000003ef600000, 0x00000003ef600000, 0x0000000451080000)
  from space 200000K,   3% used [0x000000045d3d0000, 0x000000045da969f0, 0x0000000469720000)
  to   space 200000K,   0% used [0x0000000451080000, 0x0000000451080000, 0x000000045d3d0000)
 concurrent mark-sweep generation total 14001024K, used 7846720K [0x0000000469720000, 0x00000007c0000000, 0x00000007c0000000)
 Metaspace       used 44935K, capacity 46232K, committed 46652K, reserved 1091584K
  class space    used 4916K, capacity 5189K, committed 5268K, reserved 1048576K
}
2017-04-16T10:45:27.632-0700: 135651.891: Total time for which application threads were stopped: 0.0148158 seconds, Stopping threads took: 0.0001414 seconds
{Heap before GC invocations=12603 (full 18):
 par new generation   total 1800000K, used 1606938K [0x00000003ef600000, 0x0000000469720000, 0x0000000469720000)
  eden space 1600000K, 100% used [0x00000003ef600000, 0x0000000451080000, 0x0000000451080000)
  from space 200000K,   3% used [0x000000045d3d0000, 0x000000045da969f0, 0x0000000469720000)
  to   space 200000K,   0% used [0x0000000451080000, 0x0000000451080000, 0x000000045d3d0000)
 concurrent mark-sweep generation total 14001024K, used 7846720K [0x0000000469720000, 0x00000007c0000000, 0x00000007c0000000)
 Metaspace       used 44935K, capacity 46232K, committed 46652K, reserved 1091584K
  class space    used 4916K, capacity 5189K, committed 5268K, reserved 1048576K
2017-04-16T10:45:42.174-0700: 135666.433: [GC (Allocation Failure) Before GC:
Statistics for BinaryTreeDictionary:
------------------------------------
Total Free Space: 181283712
Max   Chunk Size: 1128311
Number of Blocks: 80970
Av.  Block  Size: 2238
Tree      Height: 110
2017-04-16T10:45:42.175-0700: 135666.434: [ParNew
Desired survivor size 102400000 bytes, new threshold 1 (max 1)
- age   1:    7545248 bytes,    7545248 total
: 1606938K->8120K(1800000K), 0.0125786 secs] 9453659K->7856277K(15801024K)After GC:
Statistics for BinaryTreeDictionary:
------------------------------------
Total Free Space: 181250338
Max   Chunk Size: 1128311
Number of Blocks: 80934
Av.  Block  Size: 2239
Tree      Height: 110
, 0.0139825 secs] [Times: user=0.31 sys=0.00, real=0.01 secs] 
Heap after GC invocations=12604 (full 18):
 par new generation   total 1800000K, used 8120K [0x00000003ef600000, 0x0000000469720000, 0x0000000469720000)
  eden space 1600000K,   0% used [0x00000003ef600000, 0x00000003ef600000, 0x0000000451080000)
  from space 200000K,   4% used [0x0000000451080000, 0x000000045186e188, 0x000000045d3d0000)
  to   space 200000K,   0% used [0x000000045d3d0000, 0x000000045d3d0000, 0x0000000469720000)
 concurrent mark-sweep generation total 14001024K, used 7848156K [0x0000000469720000, 0x00000007c0000000, 0x00000007c0000000)
 Metaspace       used 44935K, capacity 46232K, committed 46652K, reserved 1091584K
  class space    used 4916K, capacity 5189K, committed 5268K, reserved 1048576K
}
2017-04-16T10:45:42.188-0700: 135666.448: Total time for which application threads were stopped: 0.0150838 seconds, Stopping threads took: 0.0001676 seconds
{Heap before GC invocations=12604 (full 18):
 par new generation   total 1800000K, used 1608120K [0x00000003ef600000, 0x0000000469720000, 0x0000000469720000)
  eden space 1600000K, 100% used [0x00000003ef600000, 0x0000000451080000, 0x0000000451080000)
  from space 200000K,   4% used [0x0000000451080000, 0x000000045186e188, 0x000000045d3d0000)
  to   space 200000K,   0% used [0x000000045d3d0000, 0x000000045d3d0000, 0x0000000469720000)
 concurrent mark-sweep generation total 14001024K, used 7848156K [0x0000000469720000, 0x00000007c0000000, 0x00000007c0000000)
 Metaspace       used 44935K, capacity 46232K, committed 46652K, reserved 1091584K
  class space    used 4916K, capacity 5189K, committed 5268K, reserved 1048576K
2017-04-16T10:45:55.804-0700: 135680.063: [GC (Allocation Failure) Before GC:
Statistics for BinaryTreeDictionary:
------------------------------------
Total Free Space: 181250338
Max   Chunk Size: 1128311
Number of Blocks: 80934
Av.  Block  Size: 2239
Tree      Height: 110
2017-04-16T10:45:55.805-0700: 135680.064: [ParNew
Desired survivor size 102400000 bytes, new threshold 1 (max 1)
- age   1:    6515168 bytes,    6515168 total
: 1608120K->6944K(1800000K), 0.0125466 secs] 9456277K->7856566K(15801024K)After GC:
Statistics for BinaryTreeDictionary:
------------------------------------
Total Free Space: 181236227
Max   Chunk Size: 1128311
Number of Blocks: 80905
Av.  Block  Size: 2240
Tree      Height: 110
, 0.0138696 secs] [Times: user=0.30 sys=0.00, real=0.02 secs] 
Heap after GC invocations=12605 (full 18):
 par new generation   total 1800000K, used 6944K [0x00000003ef600000, 0x0000000469720000, 0x0000000469720000)
  eden space 1600000K,   0% used [0x00000003ef600000, 0x00000003ef600000, 0x0000000451080000)
  from space 200000K,   3% used [0x000000045d3d0000, 0x000000045da980c0, 0x0000000469720000)
  to   space 200000K,   0% used [0x0000000451080000, 0x0000000451080000, 0x000000045d3d0000)
 concurrent mark-sweep generation total 14001024K, used 7849622K [0x0000000469720000, 0x00000007c0000000, 0x00000007c0000000)
 Metaspace       used 44935K, capacity 46232K, committed 46652K, reserved 1091584K
  class space    used 4916K, capacity 5189K, committed 5268K, reserved 1048576K
}
2017-04-16T10:45:55.818-0700: 135680.078: Total time for which application threads were stopped: 0.0149469 seconds, Stopping threads took: 0.0001546 seconds
2017-04-16T10:46:09.745-0700: 135694.004: Total time for which application threads were stopped: 0.0021286 seconds, Stopping threads took: 0.0001531 seconds
{Heap before GC invocations=12605 (full 18):
 par new generation   total 1800000K, used 1606944K [0x00000003ef600000, 0x0000000469720000, 0x0000000469720000)
  eden space 1600000K, 100% used [0x00000003ef600000, 0x0000000451080000, 0x0000000451080000)
  from space 200000K,   3% used [0x000000045d3d0000, 0x000000045da980c0, 0x0000000469720000)
  to   space 200000K,   0% used [0x0000000451080000, 0x0000000451080000, 0x000000045d3d0000)
 concurrent mark-sweep generation total 14001024K, used 7849622K [0x0000000469720000, 0x00000007c0000000, 0x00000007c0000000)
 Metaspace       used 44935K, capacity 46232K, committed 46652K, reserved 1091584K
  class space    used 4916K, capacity 5189K, committed 5268K, reserved 1048576K
2017-04-16T10:46:09.807-0700: 135694.067: [GC (Allocation Failure) Before GC:
Statistics for BinaryTreeDictionary:
------------------------------------
Total Free Space: 181236227
Max   Chunk Size: 1128311
Number of Blocks: 80905
Av.  Block  Size: 2240
Tree      Height: 110
2017-04-16T10:46:09.808-0700: 135694.067: [ParNew
Desired survivor size 102400000 bytes, new threshold 1 (max 1)
- age   1:    6198496 bytes,    6198496 total
: 1606944K->6603K(1800000K), 0.0121876 secs] 9456566K->7857583K(15801024K)After GC:
Statistics for BinaryTreeDictionary:
------------------------------------
Total Free Space: 181207134
Max   Chunk Size: 1128311
Number of Blocks: 80878
Av.  Block  Size: 2240
Tree      Height: 110
, 0.0135108 secs] [Times: user=0.30 sys=0.00, real=0.01 secs] 
Heap after GC invocations=12606 (full 18):
 par new generation   total 1800000K, used 6603K [0x00000003ef600000, 0x0000000469720000, 0x0000000469720000)
  eden space 1600000K,   0% used [0x00000003ef600000, 0x00000003ef600000, 0x0000000451080000)
  from space 200000K,   3% used [0x0000000451080000, 0x00000004516f2e40, 0x000000045d3d0000)
  to   space 200000K,   0% used [0x000000045d3d0000, 0x000000045d3d0000, 0x0000000469720000)
 concurrent mark-sweep generation total 14001024K, used 7850979K [0x0000000469720000, 0x00000007c0000000, 0x00000007c0000000)
 Metaspace       used 44935K, capacity 46232K, committed 46652K, reserved 1091584K
  class space    used 4916K, capacity 5189K, committed 5268K, reserved 1048576K
}
2017-04-16T10:46:09.821-0700: 135694.080: Total time for which application threads were stopped: 0.0145806 seconds, Stopping threads took: 0.0001511 seconds
{Heap before GC invocations=12606 (full 18):
 par new generation   total 1800000K, used 1606603K [0x00000003ef600000, 0x0000000469720000, 0x0000000469720000)
  eden space 1600000K, 100% used [0x00000003ef600000, 0x0000000451080000, 0x0000000451080000)
  from space 200000K,   3% used [0x0000000451080000, 0x00000004516f2e40, 0x000000045d3d0000)
  to   space 200000K,   0% used [0x000000045d3d0000, 0x000000045d3d0000, 0x0000000469720000)
 concurrent mark-sweep generation total 14001024K, used 7850979K [0x0000000469720000, 0x00000007c0000000, 0x00000007c0000000)
 Metaspace       used 44935K, capacity 46232K, committed 46652K, reserved 1091584K
  class space    used 4916K, capacity 5189K, committed 5268K, reserved 1048576K
2017-04-16T10:46:21.764-0700: 135706.024: [GC (Allocation Failure) Before GC:
Statistics for BinaryTreeDictionary:
------------------------------------
Total Free Space: 181207134
Max   Chunk Size: 1128311
Number of Blocks: 80878
Av.  Block  Size: 2240
Tree      Height: 110
2017-04-16T10:46:21.765-0700: 135706.024: [ParNew
Desired survivor size 102400000 bytes, new threshold 1 (max 1)
- age   1:    5873488 bytes,    5873488 total
: 1606603K->6353K(1800000K), 0.0121579 secs] 9457583K->7859027K(15801024K)After GC:
Statistics for BinaryTreeDictionary:
------------------------------------
Total Free Space: 181118839
Max   Chunk Size: 1128311
Number of Blocks: 80839
Av.  Block  Size: 2240
Tree      Height: 110
, 0.0134716 secs] [Times: user=0.30 sys=0.00, real=0.01 secs] 
Heap after GC invocations=12607 (full 18):
 par new generation   total 1800000K, used 6353K [0x00000003ef600000, 0x0000000469720000, 0x0000000469720000)
  eden space 1600000K,   0% used [0x00000003ef600000, 0x00000003ef600000, 0x0000000451080000)
  from space 200000K,   3% used [0x000000045d3d0000, 0x000000045da04468, 0x0000000469720000)
  to   space 200000K,   0% used [0x0000000451080000, 0x0000000451080000, 0x000000045d3d0000)
 concurrent mark-sweep generation total 14001024K, used 7852674K [0x0000000469720000, 0x00000007c0000000, 0x00000007c0000000)
 Metaspace       used 44935K, capacity 46232K, committed 46652K, reserved 1091584K
  class space    used 4916K, capacity 5189K, committed 5268K, reserved 1048576K
}
2017-04-16T10:46:21.778-0700: 135706.037: Total time for which application threads were stopped: 0.0145680 seconds, Stopping threads took: 0.0001634 seconds
{Heap before GC invocations=12607 (full 18):
 par new generation   total 1800000K, used 1606353K [0x00000003ef600000, 0x0000000469720000, 0x0000000469720000)
  eden space 1600000K, 100% used [0x00000003ef600000, 0x0000000451080000, 0x0000000451080000)
  from space 200000K,   3% used [0x000000045d3d0000, 0x000000045da04468, 0x0000000469720000)
  to   space 200000K,   0% used [0x0000000451080000, 0x0000000451080000, 0x000000045d3d0000)
 concurrent mark-sweep generation total 14001024K, used 7852674K [0x0000000469720000, 0x00000007c0000000, 0x00000007c0000000)
 Metaspace       used 44935K, capacity 46232K, committed 46652K, reserved 1091584K
  class space    used 4916K, capacity 5189K, committed 5268K, reserved 1048576K
2017-04-16T10:46:35.417-0700: 135719.676: [GC (Allocation Failure) Before GC:
Statistics for BinaryTreeDictionary:
------------------------------------
Total Free Space: 181118839
Max   Chunk Size: 1128311
Number of Blocks: 80839
Av.  Block  Size: 2240
Tree      Height: 110
2017-04-16T10:46:35.418-0700: 135719.677: [ParNew
Desired survivor size 102400000 bytes, new threshold 1 (max 1)
- age   1:   13737416 bytes,   13737416 total
: 1606353K->13921K(1800000K), 0.0121787 secs] 9459027K->7867942K(15801024K)After GC:
Statistics for BinaryTreeDictionary:
------------------------------------
Total Free Space: 181056458
Max   Chunk Size: 1128311
Number of Blocks: 80817
Av.  Block  Size: 2240
Tree      Height: 110
, 0.0135312 secs] [Times: user=0.30 sys=0.00, real=0.02 secs] 
Heap after GC invocations=12608 (full 18):
 par new generation   total 1800000K, used 13921K [0x00000003ef600000, 0x0000000469720000, 0x0000000469720000)
  eden space 1600000K,   0% used [0x00000003ef600000, 0x00000003ef600000, 0x0000000451080000)
  from space 200000K,   6% used [0x0000000451080000, 0x0000000451e185f0, 0x000000045d3d0000)
  to   space 200000K,   0% used [0x000000045d3d0000, 0x000000045d3d0000, 0x0000000469720000)
 concurrent mark-sweep generation total 14001024K, used 7854021K [0x0000000469720000, 0x00000007c0000000, 0x00000007c0000000)
 Metaspace       used 44935K, capacity 46232K, committed 46652K, reserved 1091584K
  class space    used 4916K, capacity 5189K, committed 5268K, reserved 1048576K
}
2017-04-16T10:46:35.431-0700: 135719.690: Total time for which application threads were stopped: 0.0146300 seconds, Stopping threads took: 0.0001485 seconds
2017-04-16T10:46:50.004-0700: 135734.263: Total time for which application threads were stopped: 0.0008878 seconds, Stopping threads took: 0.0001495 seconds
{Heap before GC invocations=12608 (full 18):
 par new generation   total 1800000K, used 1613921K [0x00000003ef600000, 0x0000000469720000, 0x0000000469720000)
  eden space 1600000K, 100% used [0x00000003ef600000, 0x0000000451080000, 0x0000000451080000)
  from space 200000K,   6% used [0x0000000451080000, 0x0000000451e18620, 0x000000045d3d0000)
  to   space 200000K,   0% used [0x000000045d3d0000, 0x000000045d3d0000, 0x0000000469720000)
 concurrent mark-sweep generation total 14001024K, used 7854021K [0x0000000469720000, 0x00000007c0000000, 0x00000007c0000000)
 Metaspace       used 44935K, capacity 46232K, committed 46652K, reserved 1091584K
  class space    used 4916K, capacity 5189K, committed 5268K, reserved 1048576K
2017-04-16T10:46:50.004-0700: 135734.264: [GC (Allocation Failure) Before GC:
Statistics for BinaryTreeDictionary:
------------------------------------
Total Free Space: 181056458
Max   Chunk Size: 1128311
Number of Blocks: 80817
Av.  Block  Size: 2240
Tree      Height: 110
2017-04-16T10:46:50.005-0700: 135734.264: [ParNew
Desired survivor size 102400000 bytes, new threshold 1 (max 1)
- age   1:    6766352 bytes,    6766352 total
: 1613921K->10065K(1800000K), 0.0219712 secs] 9467943K->7872230K(15801024K)After GC:
Statistics for BinaryTreeDictionary:
------------------------------------
Total Free Space: 180894591
Max   Chunk Size: 1128311
Number of Blocks: 80793
Av.  Block  Size: 2238
Tree      Height: 110
, 0.0232786 secs] [Times: user=0.32 sys=0.01, real=0.02 secs] 
Heap after GC invocations=12609 (full 18):
 par new generation   total 1800000K, used 10065K [0x00000003ef600000, 0x0000000469720000, 0x0000000469720000)
  eden space 1600000K,   0% used [0x00000003ef600000, 0x00000003ef600000, 0x0000000451080000)
  from space 200000K,   5% used [0x000000045d3d0000, 0x000000045dda45f0, 0x0000000469720000)
  to   space 200000K,   0% used [0x0000000451080000, 0x0000000451080000, 0x000000045d3d0000)
 concurrent mark-sweep generation total 14001024K, used 7862164K [0x0000000469720000, 0x00000007c0000000, 0x00000007c0000000)
 Metaspace       used 44935K, capacity 46232K, committed 46652K, reserved 1091584K
  class space    used 4916K, capacity 5189K, committed 5268K, reserved 1048576K
}
2017-04-16T10:46:50.028-0700: 135734.287: Total time for which application threads were stopped: 0.0238574 seconds, Stopping threads took: 0.0000336 seconds
{Heap before GC invocations=12609 (full 18):
 par new generation   total 1800000K, used 25679K [0x00000003ef600000, 0x0000000469720000, 0x0000000469720000)
  eden space 1600000K,   0% used [0x00000003ef600000, 0x00000003f053f638, 0x0000000451080000)
  from space 200000K,   5% used [0x000000045d3d0000, 0x000000045dda45f0, 0x0000000469720000)
  to   space 200000K,   0% used [0x0000000451080000, 0x0000000451080000, 0x000000045d3d0000)
 concurrent mark-sweep generation total 14001024K, used 7862164K [0x0000000469720000, 0x00000007c0000000, 0x00000007c0000000)
 Metaspace       used 44935K, capacity 46232K, committed 46652K, reserved 1091584K
  class space    used 4916K, capacity 5189K, committed 5268K, reserved 1048576K
2017-04-16T10:46:50.029-0700: 135734.288: [GC (GCLocker Initiated GC) Before GC:
Statistics for BinaryTreeDictionary:
------------------------------------
Total Free Space: 180894591
Max   Chunk Size: 1128311
Number of Blocks: 80793
Av.  Block  Size: 2238
Tree      Height: 110
2017-04-16T10:46:50.029-0700: 135734.288: [ParNew
Desired survivor size 102400000 bytes, new threshold 1 (max 1)
- age   1:       7952 bytes,       7952 total
: 25679K->802K(1800000K), 0.0112875 secs] 7887843K->7869597K(15801024K)After GC:
Statistics for BinaryTreeDictionary:
------------------------------------
Total Free Space: 180238829
Max   Chunk Size: 1128311
Number of Blocks: 80772
Av.  Block  Size: 2231
Tree      Height: 110
, 0.0121482 secs] [Times: user=0.27 sys=0.00, real=0.01 secs] 
Heap after GC invocations=12610 (full 18):
 par new generation   total 1800000K, used 802K [0x00000003ef600000, 0x0000000469720000, 0x0000000469720000)
  eden space 1600000K,   0% used [0x00000003ef600000, 0x00000003ef600000, 0x0000000451080000)
  from space 200000K,   0% used [0x0000000451080000, 0x0000000451148800, 0x000000045d3d0000)
  to   space 200000K,   0% used [0x000000045d3d0000, 0x000000045d3d0000, 0x0000000469720000)
 concurrent mark-sweep generation total 14001024K, used 7868795K [0x0000000469720000, 0x00000007c0000000, 0x00000007c0000000)
 Metaspace       used 44935K, capacity 46232K, committed 46652K, reserved 1091584K
  class space    used 4916K, capacity 5189K, committed 5268K, reserved 1048576K
}
2017-04-16T10:46:50.041-0700: 135734.300: Total time for which application threads were stopped: 0.0130408 seconds, Stopping threads took: 0.0000634 seconds
{Heap before GC invocations=12610 (full 18):
 par new generation   total 1800000K, used 1600802K [0x00000003ef600000, 0x0000000469720000, 0x0000000469720000)
  eden space 1600000K, 100% used [0x00000003ef600000, 0x0000000451080000, 0x0000000451080000)
  from space 200000K,   0% used [0x0000000451080000, 0x0000000451148800, 0x000000045d3d0000)
  to   space 200000K,   0% used [0x000000045d3d0000, 0x000000045d3d0000, 0x0000000469720000)
 concurrent mark-sweep generation total 14001024K, used 7868795K [0x0000000469720000, 0x00000007c0000000, 0x00000007c0000000)
 Metaspace       used 44935K, capacity 46232K, committed 46652K, reserved 1091584K
  class space    used 4916K, capacity 5189K, committed 5268K, reserved 1048576K
2017-04-16T10:47:04.214-0700: 135748.473: [GC (Allocation Failure) Before GC:
Statistics for BinaryTreeDictionary:
------------------------------------
Total Free Space: 180238829
Max   Chunk Size: 1128311
Number of Blocks: 80772
Av.  Block  Size: 2231
Tree      Height: 110
2017-04-16T10:47:04.214-0700: 135748.474: [ParNew
Desired survivor size 102400000 bytes, new threshold 1 (max 1)
- age   1:    8013464 bytes,    8013464 total
: 1600802K->8203K(1800000K), 0.0110462 secs] 9469597K->7877002K(15801024K)After GC:
Statistics for BinaryTreeDictionary:
------------------------------------
Total Free Space: 180238829
Max   Chunk Size: 1128311
Number of Blocks: 80772
Av.  Block  Size: 2231
Tree      Height: 110
, 0.0123604 secs] [Times: user=0.28 sys=0.00, real=0.02 secs] 
Heap after GC invocations=12611 (full 18):
 par new generation   total 1800000K, used 8203K [0x00000003ef600000, 0x0000000469720000, 0x0000000469720000)
  eden space 1600000K,   0% used [0x00000003ef600000, 0x00000003ef600000, 0x0000000451080000)
  from space 200000K,   4% used [0x000000045d3d0000, 0x000000045dbd2d90, 0x0000000469720000)
  to   space 200000K,   0% used [0x0000000451080000, 0x0000000451080000, 0x000000045d3d0000)
 concurrent mark-sweep generation total 14001024K, used 7868798K [0x0000000469720000, 0x00000007c0000000, 0x00000007c0000000)
 Metaspace       used 44935K, capacity 46232K, committed 46652K, reserved 1091584K
  class space    used 4916K, capacity 5189K, committed 5268K, reserved 1048576K
}
2017-04-16T10:47:04.226-0700: 135748.486: Total time for which application threads were stopped: 0.0134393 seconds, Stopping threads took: 0.0001494 seconds
2017-04-16T10:47:06.389-0700: 135750.649: Total time for which application threads were stopped: 0.0022333 seconds, Stopping threads took: 0.0001657 seconds
{Heap before GC invocations=12611 (full 18):
 par new generation   total 1800000K, used 1608203K [0x00000003ef600000, 0x0000000469720000, 0x0000000469720000)
  eden space 1600000K, 100% used [0x00000003ef600000, 0x0000000451080000, 0x0000000451080000)
  from space 200000K,   4% used [0x000000045d3d0000, 0x000000045dbd2d90, 0x0000000469720000)
  to   space 200000K,   0% used [0x0000000451080000, 0x0000000451080000, 0x000000045d3d0000)
 concurrent mark-sweep generation total 14001024K, used 7868798K [0x0000000469720000, 0x00000007c0000000, 0x00000007c0000000)
 Metaspace       used 44935K, capacity 46232K, committed 46652K, reserved 1091584K
  class space    used 4916K, capacity 5189K, committed 5268K, reserved 1048576K
2017-04-16T10:47:18.047-0700: 135762.306: [GC (Allocation Failure) Before GC:
Statistics for BinaryTreeDictionary:
------------------------------------
Total Free Space: 180238829
Max   Chunk Size: 1128311
Number of Blocks: 80772
Av.  Block  Size: 2231
Tree      Height: 110
2017-04-16T10:47:18.048-0700: 135762.307: [ParNew
Desired survivor size 102400000 bytes, new threshold 1 (max 1)
- age   1:    6117992 bytes,    6117992 total
: 1608203K->6838K(1800000K), 0.0129695 secs] 9477002K->7877420K(15801024K)After GC:
Statistics for BinaryTreeDictionary:
------------------------------------
Total Free Space: 180198169
Max   Chunk Size: 1128311
Number of Blocks: 80759
Av.  Block  Size: 2231
Tree      Height: 110
, 0.0143067 secs] [Times: user=0.31 sys=0.00, real=0.02 secs] 
Heap after GC invocations=12612 (full 18):
 par new generation   total 1800000K, used 6838K [0x00000003ef600000, 0x0000000469720000, 0x0000000469720000)
  eden space 1600000K,   0% used [0x00000003ef600000, 0x00000003ef600000, 0x0000000451080000)
  from space 200000K,   3% used [0x0000000451080000, 0x000000045172d9b0, 0x000000045d3d0000)
  to   space 200000K,   0% used [0x000000045d3d0000, 0x000000045d3d0000, 0x0000000469720000)
 concurrent mark-sweep generation total 14001024K, used 7870581K [0x0000000469720000, 0x00000007c0000000, 0x00000007c0000000)
 Metaspace       used 44935K, capacity 46232K, committed 46652K, reserved 1091584K
  class space    used 4916K, capacity 5189K, committed 5268K, reserved 1048576K
}
2017-04-16T10:47:18.062-0700: 135762.321: Total time for which application threads were stopped: 0.0153728 seconds, Stopping threads took: 0.0001497 seconds
{Heap before GC invocations=12612 (full 18):
 par new generation   total 1800000K, used 1606838K [0x00000003ef600000, 0x0000000469720000, 0x0000000469720000)
  eden space 1600000K, 100% used [0x00000003ef600000, 0x0000000451080000, 0x0000000451080000)
  from space 200000K,   3% used [0x0000000451080000, 0x000000045172d9b0, 0x000000045d3d0000)
  to   space 200000K,   0% used [0x000000045d3d0000, 0x000000045d3d0000, 0x0000000469720000)
 concurrent mark-sweep generation total 14001024K, used 7870581K [0x0000000469720000, 0x00000007c0000000, 0x00000007c0000000)
 Metaspace       used 44935K, capacity 46232K, committed 46652K, reserved 1091584K
  class space    used 4916K, capacity 5189K, committed 5268K, reserved 1048576K
2017-04-16T10:47:32.624-0700: 135776.883: [GC (Allocation Failure) Before GC:
Statistics for BinaryTreeDictionary:
------------------------------------
Total Free Space: 180198169
Max   Chunk Size: 1128311
Number of Blocks: 80759
Av.  Block  Size: 2231
Tree      Height: 110
2017-04-16T10:47:32.624-0700: 135776.884: [ParNew
Desired survivor size 102400000 bytes, new threshold 1 (max 1)
- age   1:    6349048 bytes,    6349048 total
: 1606838K->6856K(1800000K), 0.0128889 secs] 9477420K->7878826K(15801024K)After GC:
Statistics for BinaryTreeDictionary:
------------------------------------
Total Free Space: 180167376
Max   Chunk Size: 1128311
Number of Blocks: 80735
Av.  Block  Size: 2231
Tree      Height: 110
, 0.0142130 secs] [Times: user=0.31 sys=0.00, real=0.01 secs] 
Heap after GC invocations=12613 (full 18):
 par new generation   total 1800000K, used 6856K [0x00000003ef600000, 0x0000000469720000, 0x0000000469720000)
  eden space 1600000K,   0% used [0x00000003ef600000, 0x00000003ef600000, 0x0000000451080000)
  from space 200000K,   3% used [0x000000045d3d0000, 0x000000045da82068, 0x0000000469720000)
  to   space 200000K,   0% used [0x0000000451080000, 0x0000000451080000, 0x000000045d3d0000)
 concurrent mark-sweep generation total 14001024K, used 7871970K [0x0000000469720000, 0x00000007c0000000, 0x00000007c0000000)
 Metaspace       used 44935K, capacity 46232K, committed 46652K, reserved 1091584K
  class space    used 4916K, capacity 5189K, committed 5268K, reserved 1048576K
}
2017-04-16T10:47:32.638-0700: 135776.897: Total time for which application threads were stopped: 0.0152857 seconds, Stopping threads took: 0.0001558 seconds
2017-04-16T10:47:39.788-0700: 135784.047: Total time for which application threads were stopped: 0.0021166 seconds, Stopping threads took: 0.0001496 seconds
{Heap before GC invocations=12613 (full 18):
 par new generation   total 1800000K, used 1606856K [0x00000003ef600000, 0x0000000469720000, 0x0000000469720000)
  eden space 1600000K, 100% used [0x00000003ef600000, 0x0000000451080000, 0x0000000451080000)
  from space 200000K,   3% used [0x000000045d3d0000, 0x000000045da82068, 0x0000000469720000)
  to   space 200000K,   0% used [0x0000000451080000, 0x0000000451080000, 0x000000045d3d0000)
 concurrent mark-sweep generation total 14001024K, used 7871970K [0x0000000469720000, 0x00000007c0000000, 0x00000007c0000000)
 Metaspace       used 44935K, capacity 46232K, committed 46652K, reserved 1091584K
  class space    used 4916K, capacity 5189K, committed 5268K, reserved 1048576K
2017-04-16T10:47:44.823-0700: 135789.082: [GC (Allocation Failure) Before GC:
Statistics for BinaryTreeDictionary:
------------------------------------
Total Free Space: 180167376
Max   Chunk Size: 1128311
Number of Blocks: 80735
Av.  Block  Size: 2231
Tree      Height: 110
2017-04-16T10:47:44.823-0700: 135789.083: [ParNew
Desired survivor size 102400000 bytes, new threshold 1 (max 1)
- age   1:    6344544 bytes,    6344544 total
: 1606856K->6833K(1800000K), 0.0131100 secs] 9478826K->7880459K(15801024K)After GC:
Statistics for BinaryTreeDictionary:
------------------------------------
Total Free Space: 180109167
Max   Chunk Size: 1128311
Number of Blocks: 80720
Av.  Block  Size: 2231
Tree      Height: 110
, 0.0144385 secs] [Times: user=0.32 sys=0.00, real=0.01 secs] 
Heap after GC invocations=12614 (full 18):
 par new generation   total 1800000K, used 6833K [0x00000003ef600000, 0x0000000469720000, 0x0000000469720000)
  eden space 1600000K,   0% used [0x00000003ef600000, 0x00000003ef600000, 0x0000000451080000)
  from space 200000K,   3% used [0x0000000451080000, 0x000000045172c4f8, 0x000000045d3d0000)
  to   space 200000K,   0% used [0x000000045d3d0000, 0x000000045d3d0000, 0x0000000469720000)
 concurrent mark-sweep generation total 14001024K, used 7873626K [0x0000000469720000, 0x00000007c0000000, 0x00000007c0000000)
 Metaspace       used 44935K, capacity 46232K, committed 46652K, reserved 1091584K
  class space    used 4916K, capacity 5189K, committed 5268K, reserved 1048576K
}
2017-04-16T10:47:44.837-0700: 135789.097: Total time for which application threads were stopped: 0.0155233 seconds, Stopping threads took: 0.0001504 seconds
{Heap before GC invocations=12614 (full 18):
 par new generation   total 1800000K, used 1606833K [0x00000003ef600000, 0x0000000469720000, 0x0000000469720000)
  eden space 1600000K, 100% used [0x00000003ef600000, 0x0000000451080000, 0x0000000451080000)
  from space 200000K,   3% used [0x0000000451080000, 0x000000045172c4f8, 0x000000045d3d0000)
  to   space 200000K,   0% used [0x000000045d3d0000, 0x000000045d3d0000, 0x0000000469720000)
 concurrent mark-sweep generation total 14001024K, used 7873626K [0x0000000469720000, 0x00000007c0000000, 0x00000007c0000000)
 Metaspace       used 44935K, capacity 46232K, committed 46652K, reserved 1091584K
  class space    used 4916K, capacity 5189K, committed 5268K, reserved 1048576K
2017-04-16T10:47:59.334-0700: 135803.593: [GC (Allocation Failure) Before GC:
Statistics for BinaryTreeDictionary:
------------------------------------
Total Free Space: 180109167
Max   Chunk Size: 1128311
Number of Blocks: 80720
Av.  Block  Size: 2231
Tree      Height: 110
2017-04-16T10:47:59.335-0700: 135803.594: [ParNew
Desired survivor size 102400000 bytes, new threshold 1 (max 1)
- age   1:    6300576 bytes,    6300576 total
: 1606833K->6794K(1800000K), 0.0127589 secs] 9480459K->7881997K(15801024K)After GC:
Statistics for BinaryTreeDictionary:
------------------------------------
Total Free Space: 180039324
Max   Chunk Size: 1128311
Number of Blocks: 80687
Av.  Block  Size: 2231
Tree      Height: 110
, 0.0140583 secs] [Times: user=0.29 sys=0.01, real=0.01 secs] 
Heap after GC invocations=12615 (full 18):
 par new generation   total 1800000K, used 6794K [0x00000003ef600000, 0x0000000469720000, 0x0000000469720000)
  eden space 1600000K,   0% used [0x00000003ef600000, 0x00000003ef600000, 0x0000000451080000)
  from space 200000K,   3% used [0x000000045d3d0000, 0x000000045da72a20, 0x0000000469720000)
  to   space 200000K,   0% used [0x0000000451080000, 0x0000000451080000, 0x000000045d3d0000)
 concurrent mark-sweep generation total 14001024K, used 7875202K [0x0000000469720000, 0x00000007c0000000, 0x00000007c0000000)
 Metaspace       used 44935K, capacity 46232K, committed 46652K, reserved 1091584K
  class space    used 4916K, capacity 5189K, committed 5268K, reserved 1048576K
}
2017-04-16T10:47:59.348-0700: 135803.608: Total time for which application threads were stopped: 0.0151421 seconds, Stopping threads took: 0.0001519 seconds
{Heap before GC invocations=12615 (full 18):
 par new generation   total 1800000K, used 1606794K [0x00000003ef600000, 0x0000000469720000, 0x0000000469720000)
  eden space 1600000K, 100% used [0x00000003ef600000, 0x0000000451080000, 0x0000000451080000)
  from space 200000K,   3% used [0x000000045d3d0000, 0x000000045da72a20, 0x0000000469720000)
  to   space 200000K,   0% used [0x0000000451080000, 0x0000000451080000, 0x000000045d3d0000)
 concurrent mark-sweep generation total 14001024K, used 7875202K [0x0000000469720000, 0x00000007c0000000, 0x00000007c0000000)
 Metaspace       used 44935K, capacity 46232K, committed 46652K, reserved 1091584K
  class space    used 4916K, capacity 5189K, committed 5268K, reserved 1048576K
2017-04-16T10:48:13.092-0700: 135817.351: [GC (Allocation Failure) Before GC:
Statistics for BinaryTreeDictionary:
------------------------------------
Total Free Space: 180039324
Max   Chunk Size: 1128311
Number of Blocks: 80687
Av.  Block  Size: 2231
Tree      Height: 110
2017-04-16T10:48:13.093-0700: 135817.352: [ParNew
Desired survivor size 102400000 bytes, new threshold 1 (max 1)
- age   1:    6057760 bytes,    6057760 total
: 1606794K->6444K(1800000K), 0.0127889 secs] 9481997K->7883271K(15801024K)After GC:
Statistics for BinaryTreeDictionary:
------------------------------------
Total Free Space: 179979551
Max   Chunk Size: 1128311
Number of Blocks: 80671
Av.  Block  Size: 2231
Tree      Height: 110
, 0.0141185 secs] [Times: user=0.31 sys=0.00, real=0.02 secs] 
Heap after GC invocations=12616 (full 18):
 par new generation   total 1800000K, used 6444K [0x00000003ef600000, 0x0000000469720000, 0x0000000469720000)
  eden space 1600000K,   0% used [0x00000003ef600000, 0x00000003ef600000, 0x0000000451080000)
  from space 200000K,   3% used [0x0000000451080000, 0x00000004516cb100, 0x000000045d3d0000)
  to   space 200000K,   0% used [0x000000045d3d0000, 0x000000045d3d0000, 0x0000000469720000)
 concurrent mark-sweep generation total 14001024K, used 7876827K [0x0000000469720000, 0x00000007c0000000, 0x00000007c0000000)
 Metaspace       used 44935K, capacity 46232K, committed 46652K, reserved 1091584K
  class space    used 4916K, capacity 5189K, committed 5268K, reserved 1048576K
}
2017-04-16T10:48:13.106-0700: 135817.366: Total time for which application threads were stopped: 0.0151983 seconds, Stopping threads took: 0.0001418 seconds
{Heap before GC invocations=12616 (full 18):
 par new generation   total 1800000K, used 1606444K [0x00000003ef600000, 0x0000000469720000, 0x0000000469720000)
  eden space 1600000K, 100% used [0x00000003ef600000, 0x0000000451080000, 0x0000000451080000)
  from space 200000K,   3% used [0x0000000451080000, 0x00000004516cb100, 0x000000045d3d0000)
  to   space 200000K,   0% used [0x000000045d3d0000, 0x000000045d3d0000, 0x0000000469720000)
 concurrent mark-sweep generation total 14001024K, used 7876827K [0x0000000469720000, 0x00000007c0000000, 0x00000007c0000000)
 Metaspace       used 44935K, capacity 46232K, committed 46652K, reserved 1091584K
  class space    used 4916K, capacity 5189K, committed 5268K, reserved 1048576K
2017-04-16T10:48:27.797-0700: 135832.056: [GC (Allocation Failure) Before GC:
Statistics for BinaryTreeDictionary:
------------------------------------
Total Free Space: 179979551
Max   Chunk Size: 1128311
Number of Blocks: 80671
Av.  Block  Size: 2231
Tree      Height: 110
2017-04-16T10:48:27.797-0700: 135832.057: [ParNew
Desired survivor size 102400000 bytes, new threshold 1 (max 1)
- age   1:    5726904 bytes,    5726904 total
: 1606444K->6245K(1800000K), 0.0126255 secs] 9483271K->7884526K(15801024K)After GC:
Statistics for BinaryTreeDictionary:
------------------------------------
Total Free Space: 179933524
Max   Chunk Size: 1128311
Number of Blocks: 80649
Av.  Block  Size: 2231
Tree      Height: 110
, 0.0139598 secs] [Times: user=0.31 sys=0.00, real=0.02 secs] 
Heap after GC invocations=12617 (full 18):
 par new generation   total 1800000K, used 6245K [0x00000003ef600000, 0x0000000469720000, 0x0000000469720000)
  eden space 1600000K,   0% used [0x00000003ef600000, 0x00000003ef600000, 0x0000000451080000)
  from space 200000K,   3% used [0x000000045d3d0000, 0x000000045d9e96a0, 0x0000000469720000)
  to   space 200000K,   0% used [0x0000000451080000, 0x0000000451080000, 0x000000045d3d0000)
 concurrent mark-sweep generation total 14001024K, used 7878280K [0x0000000469720000, 0x00000007c0000000, 0x00000007c0000000)
 Metaspace       used 44935K, capacity 46232K, committed 46652K, reserved 1091584K
  class space    used 4916K, capacity 5189K, committed 5268K, reserved 1048576K
}
2017-04-16T10:48:27.811-0700: 135832.070: Total time for which application threads were stopped: 0.0150504 seconds, Stopping threads took: 0.0001459 seconds
{Heap before GC invocations=12617 (full 18):
 par new generation   total 1800000K, used 1606245K [0x00000003ef600000, 0x0000000469720000, 0x0000000469720000)
  eden space 1600000K, 100% used [0x00000003ef600000, 0x0000000451080000, 0x0000000451080000)
  from space 200000K,   3% used [0x000000045d3d0000, 0x000000045d9e96a0, 0x0000000469720000)
  to   space 200000K,   0% used [0x0000000451080000, 0x0000000451080000, 0x000000045d3d0000)
 concurrent mark-sweep generation total 14001024K, used 7878280K [0x0000000469720000, 0x00000007c0000000, 0x00000007c0000000)
 Metaspace       used 44935K, capacity 46232K, committed 46652K, reserved 1091584K
  class space    used 4916K, capacity 5189K, committed 5268K, reserved 1048576K
2017-04-16T10:48:41.736-0700: 135845.995: [GC (Allocation Failure) Before GC:
Statistics for BinaryTreeDictionary:
------------------------------------
Total Free Space: 179933524
Max   Chunk Size: 1128311
Number of Blocks: 80649
Av.  Block  Size: 2231
Tree      Height: 110
2017-04-16T10:48:41.736-0700: 135845.996: [ParNew
Desired survivor size 102400000 bytes, new threshold 1 (max 1)
- age   1:    7450184 bytes,    7450184 total
: 1606245K->7940K(1800000K), 0.0127229 secs] 9484526K->7887608K(15801024K)After GC:
Statistics for BinaryTreeDictionary:
------------------------------------
Total Free Space: 179905424
Max   Chunk Size: 1128311
Number of Blocks: 80629
Av.  Block  Size: 2231
Tree      Height: 110
, 0.0140673 secs] [Times: user=0.30 sys=0.00, real=0.02 secs] 
Heap after GC invocations=12618 (full 18):
 par new generation   total 1800000K, used 7940K [0x00000003ef600000, 0x0000000469720000, 0x0000000469720000)
  eden space 1600000K,   0% used [0x00000003ef600000, 0x00000003ef600000, 0x0000000451080000)
  from space 200000K,   3% used [0x0000000451080000, 0x0000000451841030, 0x000000045d3d0000)
  to   space 200000K,   0% used [0x000000045d3d0000, 0x000000045d3d0000, 0x0000000469720000)
 concurrent mark-sweep generation total 14001024K, used 7879668K [0x0000000469720000, 0x00000007c0000000, 0x00000007c0000000)
 Metaspace       used 44935K, capacity 46232K, committed 46652K, reserved 1091584K
  class space    used 4916K, capacity 5189K, committed 5268K, reserved 1048576K
}
2017-04-16T10:48:41.750-0700: 135846.009: Total time for which application threads were stopped: 0.0151654 seconds, Stopping threads took: 0.0001440 seconds
{Heap before GC invocations=12618 (full 18):
 par new generation   total 1800000K, used 1607940K [0x00000003ef600000, 0x0000000469720000, 0x0000000469720000)
  eden space 1600000K, 100% used [0x00000003ef600000, 0x0000000451080000, 0x0000000451080000)
  from space 200000K,   3% used [0x0000000451080000, 0x0000000451841030, 0x000000045d3d0000)
  to   space 200000K,   0% used [0x000000045d3d0000, 0x000000045d3d0000, 0x0000000469720000)
 concurrent mark-sweep generation total 14001024K, used 7879668K [0x0000000469720000, 0x00000007c0000000, 0x00000007c0000000)
 Metaspace       used 44935K, capacity 46232K, committed 46652K, reserved 1091584K
  class space    used 4916K, capacity 5189K, committed 5268K, reserved 1048576K
2017-04-16T10:48:55.164-0700: 135859.423: [GC (Allocation Failure) Before GC:
Statistics for BinaryTreeDictionary:
------------------------------------
Total Free Space: 179905424
Max   Chunk Size: 1128311
Number of Blocks: 80629
Av.  Block  Size: 2231
Tree      Height: 110
2017-04-16T10:48:55.165-0700: 135859.424: [ParNew
Desired survivor size 102400000 bytes, new threshold 1 (max 1)
- age   1:    6633000 bytes,    6633000 total
: 1607940K->7161K(1800000K), 0.0126651 secs] 9487608K->7888218K(15801024K)After GC:
Statistics for BinaryTreeDictionary:
------------------------------------
Total Free Space: 179862952
Max   Chunk Size: 1128311
Number of Blocks: 80613
Av.  Block  Size: 2231
Tree      Height: 110
, 0.0139731 secs] [Times: user=0.31 sys=0.00, real=0.01 secs] 
Heap after GC invocations=12619 (full 18):
 par new generation   total 1800000K, used 7161K [0x00000003ef600000, 0x0000000469720000, 0x0000000469720000)
  eden space 1600000K,   0% used [0x00000003ef600000, 0x00000003ef600000, 0x0000000451080000)
  from space 200000K,   3% used [0x000000045d3d0000, 0x000000045dace5f8, 0x0000000469720000)
  to   space 200000K,   0% used [0x0000000451080000, 0x0000000451080000, 0x000000045d3d0000)
 concurrent mark-sweep generation total 14001024K, used 7881056K [0x0000000469720000, 0x00000007c0000000, 0x00000007c0000000)
 Metaspace       used 44935K, capacity 46232K, committed 46652K, reserved 1091584K
  class space    used 4916K, capacity 5189K, committed 5268K, reserved 1048576K
}
2017-04-16T10:48:55.178-0700: 135859.438: Total time for which application threads were stopped: 0.0150864 seconds, Stopping threads took: 0.0001734 seconds
{Heap before GC invocations=12619 (full 18):
 par new generation   total 1800000K, used 1607161K [0x00000003ef600000, 0x0000000469720000, 0x0000000469720000)
  eden space 1600000K, 100% used [0x00000003ef600000, 0x0000000451080000, 0x0000000451080000)
  from space 200000K,   3% used [0x000000045d3d0000, 0x000000045dace5f8, 0x0000000469720000)
  to   space 200000K,   0% used [0x0000000451080000, 0x0000000451080000, 0x000000045d3d0000)
 concurrent mark-sweep generation total 14001024K, used 7881056K [0x0000000469720000, 0x00000007c0000000, 0x00000007c0000000)
 Metaspace       used 44935K, capacity 46232K, committed 46652K, reserved 1091584K
  class space    used 4916K, capacity 5189K, committed 5268K, reserved 1048576K
2017-04-16T10:49:08.512-0700: 135872.771: [GC (Allocation Failure) Before GC:
Statistics for BinaryTreeDictionary:
------------------------------------
Total Free Space: 179862952
Max   Chunk Size: 1128311
Number of Blocks: 80613
Av.  Block  Size: 2231
Tree      Height: 110
2017-04-16T10:49:08.513-0700: 135872.772: [ParNew
Desired survivor size 102400000 bytes, new threshold 1 (max 1)
- age   1:    6022744 bytes,    6022744 total
: 1607161K->6407K(1800000K), 0.0128881 secs] 9488218K->7888958K(15801024K)After GC:
Statistics for BinaryTreeDictionary:
------------------------------------
Total Free Space: 179823728
Max   Chunk Size: 1128311
Number of Blocks: 80602
Av.  Block  Size: 2231
Tree      Height: 110
, 0.0142047 secs] [Times: user=0.32 sys=0.00, real=0.02 secs] 
Heap after GC invocations=12620 (full 18):
 par new generation   total 1800000K, used 6407K [0x00000003ef600000, 0x0000000469720000, 0x0000000469720000)
  eden space 1600000K,   0% used [0x00000003ef600000, 0x00000003ef600000, 0x0000000451080000)
  from space 200000K,   3% used [0x0000000451080000, 0x00000004516c1ed0, 0x000000045d3d0000)
  to   space 200000K,   0% used [0x000000045d3d0000, 0x000000045d3d0000, 0x0000000469720000)
 concurrent mark-sweep generation total 14001024K, used 7882551K [0x0000000469720000, 0x00000007c0000000, 0x00000007c0000000)
 Metaspace       used 44935K, capacity 46232K, committed 46652K, reserved 1091584K
  class space    used 4916K, capacity 5189K, committed 5268K, reserved 1048576K
}
2017-04-16T10:49:08.527-0700: 135872.786: Total time for which application threads were stopped: 0.0152712 seconds, Stopping threads took: 0.0001516 seconds
2017-04-16T10:49:09.603-0700: 135873.862: Total time for which application threads were stopped: 0.0022162 seconds, Stopping threads took: 0.0001508 seconds
2017-04-16T10:49:09.612-0700: 135873.871: Total time for which application threads were stopped: 0.0010511 seconds, Stopping threads took: 0.0000409 seconds
{Heap before GC invocations=12620 (full 18):
 par new generation   total 1800000K, used 1606407K [0x00000003ef600000, 0x0000000469720000, 0x0000000469720000)
  eden space 1600000K, 100% used [0x00000003ef600000, 0x0000000451080000, 0x0000000451080000)
  from space 200000K,   3% used [0x0000000451080000, 0x00000004516c1ed0, 0x000000045d3d0000)
  to   space 200000K,   0% used [0x000000045d3d0000, 0x000000045d3d0000, 0x0000000469720000)
 concurrent mark-sweep generation total 14001024K, used 7882551K [0x0000000469720000, 0x00000007c0000000, 0x00000007c0000000)
 Metaspace       used 44935K, capacity 46232K, committed 46652K, reserved 1091584K
  class space    used 4916K, capacity 5189K, committed 5268K, reserved 1048576K
2017-04-16T10:49:19.471-0700: 135883.730: [GC (Allocation Failure) Before GC:
Statistics for BinaryTreeDictionary:
------------------------------------
Total Free Space: 179823728
Max   Chunk Size: 1128311
Number of Blocks: 80602
Av.  Block  Size: 2231
Tree      Height: 110
2017-04-16T10:49:19.471-0700: 135883.731: [ParNew
Desired survivor size 102400000 bytes, new threshold 1 (max 1)
- age   1:    7394496 bytes,    7394496 total
: 1606407K->7954K(1800000K), 0.0125062 secs] 9488958K->7891848K(15801024K)After GC:
Statistics for BinaryTreeDictionary:
------------------------------------
Total Free Space: 179794747
Max   Chunk Size: 1128311
Number of Blocks: 80581
Av.  Block  Size: 2231
Tree      Height: 110
, 0.0138473 secs] [Times: user=0.31 sys=0.00, real=0.01 secs] 
Heap after GC invocations=12621 (full 18):
 par new generation   total 1800000K, used 7954K [0x00000003ef600000, 0x0000000469720000, 0x0000000469720000)
  eden space 1600000K,   0% used [0x00000003ef600000, 0x00000003ef600000, 0x0000000451080000)
  from space 200000K,   3% used [0x000000045d3d0000, 0x000000045db94848, 0x0000000469720000)
  to   space 200000K,   0% used [0x0000000451080000, 0x0000000451080000, 0x000000045d3d0000)
 concurrent mark-sweep generation total 14001024K, used 7883894K [0x0000000469720000, 0x00000007c0000000, 0x00000007c0000000)
 Metaspace       used 44935K, capacity 46232K, committed 46652K, reserved 1091584K
  class space    used 4916K, capacity 5189K, committed 5268K, reserved 1048576K
}
2017-04-16T10:49:19.485-0700: 135883.744: Total time for which application threads were stopped: 0.0149385 seconds, Stopping threads took: 0.0001494 seconds
{Heap before GC invocations=12621 (full 18):
 par new generation   total 1800000K, used 1607954K [0x00000003ef600000, 0x0000000469720000, 0x0000000469720000)
  eden space 1600000K, 100% used [0x00000003ef600000, 0x0000000451080000, 0x0000000451080000)
  from space 200000K,   3% used [0x000000045d3d0000, 0x000000045db94848, 0x0000000469720000)
  to   space 200000K,   0% used [0x0000000451080000, 0x0000000451080000, 0x000000045d3d0000)
 concurrent mark-sweep generation total 14001024K, used 7883894K [0x0000000469720000, 0x00000007c0000000, 0x00000007c0000000)
 Metaspace       used 44935K, capacity 46232K, committed 46652K, reserved 1091584K
  class space    used 4916K, capacity 5189K, committed 5268K, reserved 1048576K
2017-04-16T10:49:33.258-0700: 135897.518: [GC (Allocation Failure) Before GC:
Statistics for BinaryTreeDictionary:
------------------------------------
Total Free Space: 179794747
Max   Chunk Size: 1128311
Number of Blocks: 80581
Av.  Block  Size: 2231
Tree      Height: 110
2017-04-16T10:49:33.259-0700: 135897.518: [ParNew
Desired survivor size 102400000 bytes, new threshold 1 (max 1)
- age   1:    6303776 bytes,    6303776 total
: 1607954K->6819K(1800000K), 0.0126899 secs] 9491848K->7892384K(15801024K)After GC:
Statistics for BinaryTreeDictionary:
------------------------------------
Total Free Space: 179705993
Max   Chunk Size: 1128311
Number of Blocks: 80541
Av.  Block  Size: 2231
Tree      Height: 110
, 0.0139898 secs] [Times: user=0.31 sys=0.00, real=0.01 secs] 
Heap after GC invocations=12622 (full 18):
 par new generation   total 1800000K, used 6819K [0x00000003ef600000, 0x0000000469720000, 0x0000000469720000)
  eden space 1600000K,   0% used [0x00000003ef600000, 0x00000003ef600000, 0x0000000451080000)
  from space 200000K,   3% used [0x0000000451080000, 0x0000000451728ce0, 0x000000045d3d0000)
  to   space 200000K,   0% used [0x000000045d3d0000, 0x000000045d3d0000, 0x0000000469720000)
 concurrent mark-sweep generation total 14001024K, used 7885564K [0x0000000469720000, 0x00000007c0000000, 0x00000007c0000000)
 Metaspace       used 44935K, capacity 46232K, committed 46652K, reserved 1091584K
  class space    used 4916K, capacity 5189K, committed 5268K, reserved 1048576K
}
2017-04-16T10:49:33.273-0700: 135897.532: Total time for which application threads were stopped: 0.0150730 seconds, Stopping threads took: 0.0001504 seconds
{Heap before GC invocations=12622 (full 18):
 par new generation   total 1800000K, used 1606819K [0x00000003ef600000, 0x0000000469720000, 0x0000000469720000)
  eden space 1600000K, 100% used [0x00000003ef600000, 0x0000000451080000, 0x0000000451080000)
  from space 200000K,   3% used [0x0000000451080000, 0x0000000451728ce0, 0x000000045d3d0000)
  to   space 200000K,   0% used [0x000000045d3d0000, 0x000000045d3d0000, 0x0000000469720000)
 concurrent mark-sweep generation total 14001024K, used 7885564K [0x0000000469720000, 0x00000007c0000000, 0x00000007c0000000)
 Metaspace       used 44935K, capacity 46232K, committed 46652K, reserved 1091584K
  class space    used 4916K, capacity 5189K, committed 5268K, reserved 1048576K
2017-04-16T10:49:47.390-0700: 135911.650: [GC (Allocation Failure) Before GC:
Statistics for BinaryTreeDictionary:
------------------------------------
Total Free Space: 179705993
Max   Chunk Size: 1128311
Number of Blocks: 80541
Av.  Block  Size: 2231
Tree      Height: 110
2017-04-16T10:49:47.391-0700: 135911.650: [ParNew
Desired survivor size 102400000 bytes, new threshold 1 (max 1)
- age   1:    5962600 bytes,    5962600 total
: 1606819K->6438K(1800000K), 0.0128596 secs] 9492384K->7893430K(15801024K)After GC:
Statistics for BinaryTreeDictionary:
------------------------------------
Total Free Space: 179672799
Max   Chunk Size: 1128311
Number of Blocks: 80515
Av.  Block  Size: 2231
Tree      Height: 110
, 0.0141943 secs] [Times: user=0.31 sys=0.00, real=0.01 secs] 
Heap after GC invocations=12623 (full 18):
 par new generation   total 1800000K, used 6438K [0x00000003ef600000, 0x0000000469720000, 0x0000000469720000)
  eden space 1600000K,   0% used [0x00000003ef600000, 0x00000003ef600000, 0x0000000451080000)
  from space 200000K,   3% used [0x000000045d3d0000, 0x000000045da19a80, 0x0000000469720000)
  to   space 200000K,   0% used [0x0000000451080000, 0x0000000451080000, 0x000000045d3d0000)
 concurrent mark-sweep generation total 14001024K, used 7886992K [0x0000000469720000, 0x00000007c0000000, 0x00000007c0000000)
 Metaspace       used 44935K, capacity 46232K, committed 46652K, reserved 1091584K
  class space    used 4916K, capacity 5189K, committed 5268K, reserved 1048576K
}
2017-04-16T10:49:47.405-0700: 135911.664: Total time for which application threads were stopped: 0.0152780 seconds, Stopping threads took: 0.0001624 seconds
{Heap before GC invocations=12623 (full 18):
 par new generation   total 1800000K, used 1606438K [0x00000003ef600000, 0x0000000469720000, 0x0000000469720000)
  eden space 1600000K, 100% used [0x00000003ef600000, 0x0000000451080000, 0x0000000451080000)
  from space 200000K,   3% used [0x000000045d3d0000, 0x000000045da19a80, 0x0000000469720000)
  to   space 200000K,   0% used [0x0000000451080000, 0x0000000451080000, 0x000000045d3d0000)
 concurrent mark-sweep generation total 14001024K, used 7886992K [0x0000000469720000, 0x00000007c0000000, 0x00000007c0000000)
 Metaspace       used 44935K, capacity 46232K, committed 46652K, reserved 1091584K
  class space    used 4916K, capacity 5189K, committed 5268K, reserved 1048576K
2017-04-16T10:50:00.896-0700: 135925.155: [GC (Allocation Failure) Before GC:
Statistics for BinaryTreeDictionary:
------------------------------------
Total Free Space: 179672799
Max   Chunk Size: 1128311
Number of Blocks: 80515
Av.  Block  Size: 2231
Tree      Height: 110
2017-04-16T10:50:00.896-0700: 135925.156: [ParNew
Desired survivor size 102400000 bytes, new threshold 1 (max 1)
- age   1:    9091528 bytes,    9091528 total
: 1606438K->9559K(1800000K), 0.0132371 secs] 9493430K->7898170K(15801024K)After GC:
Statistics for BinaryTreeDictionary:
------------------------------------
Total Free Space: 179601909
Max   Chunk Size: 1128311
Number of Blocks: 80506
Av.  Block  Size: 2230
Tree      Height: 110
, 0.0145473 secs] [Times: user=0.32 sys=0.00, real=0.01 secs] 
Heap after GC invocations=12624 (full 18):
 par new generation   total 1800000K, used 9559K [0x00000003ef600000, 0x0000000469720000, 0x0000000469720000)
  eden space 1600000K,   0% used [0x00000003ef600000, 0x00000003ef600000, 0x0000000451080000)
  from space 200000K,   4% used [0x0000000451080000, 0x00000004519d5c58, 0x000000045d3d0000)
  to   space 200000K,   0% used [0x000000045d3d0000, 0x000000045d3d0000, 0x0000000469720000)
 concurrent mark-sweep generation total 14001024K, used 7888611K [0x0000000469720000, 0x00000007c0000000, 0x00000007c0000000)
 Metaspace       used 44935K, capacity 46232K, committed 46652K, reserved 1091584K
  class space    used 4916K, capacity 5189K, committed 5268K, reserved 1048576K
}
2017-04-16T10:50:00.910-0700: 135925.170: Total time for which application threads were stopped: 0.0156683 seconds, Stopping threads took: 0.0001641 seconds
2017-04-16T10:50:06.470-0700: 135930.729: Total time for which application threads were stopped: 0.0021417 seconds, Stopping threads took: 0.0001545 seconds
{Heap before GC invocations=12624 (full 18):
 par new generation   total 1800000K, used 1609559K [0x00000003ef600000, 0x0000000469720000, 0x0000000469720000)
  eden space 1600000K, 100% used [0x00000003ef600000, 0x0000000451080000, 0x0000000451080000)
  from space 200000K,   4% used [0x0000000451080000, 0x00000004519d5c58, 0x000000045d3d0000)
  to   space 200000K,   0% used [0x000000045d3d0000, 0x000000045d3d0000, 0x0000000469720000)
 concurrent mark-sweep generation total 14001024K, used 7888611K [0x0000000469720000, 0x00000007c0000000, 0x00000007c0000000)
 Metaspace       used 44935K, capacity 46232K, committed 46652K, reserved 1091584K
  class space    used 4916K, capacity 5189K, committed 5268K, reserved 1048576K
2017-04-16T10:50:14.875-0700: 135939.135: [GC (Allocation Failure) Before GC:
Statistics for BinaryTreeDictionary:
------------------------------------
Total Free Space: 179601909
Max   Chunk Size: 1128311
Number of Blocks: 80506
Av.  Block  Size: 2230
Tree      Height: 110
2017-04-16T10:50:14.876-0700: 135939.135: [ParNew
Desired survivor size 102400000 bytes, new threshold 1 (max 1)
- age   1:    6548840 bytes,    6548840 total
: 1609559K->7369K(1800000K), 0.0137622 secs] 9498170K->7900013K(15801024K)After GC:
Statistics for BinaryTreeDictionary:
------------------------------------
Total Free Space: 179311540
Max   Chunk Size: 1128311
Number of Blocks: 80486
Av.  Block  Size: 2227
Tree      Height: 110
, 0.0150839 secs] [Times: user=0.33 sys=0.00, real=0.01 secs] 
Heap after GC invocations=12625 (full 18):
 par new generation   total 1800000K, used 7369K [0x00000003ef600000, 0x0000000469720000, 0x0000000469720000)
  eden space 1600000K,   0% used [0x00000003ef600000, 0x00000003ef600000, 0x0000000451080000)
  from space 200000K,   3% used [0x000000045d3d0000, 0x000000045db025a8, 0x0000000469720000)
  to   space 200000K,   0% used [0x0000000451080000, 0x0000000451080000, 0x000000045d3d0000)
 concurrent mark-sweep generation total 14001024K, used 7892644K [0x0000000469720000, 0x00000007c0000000, 0x00000007c0000000)
 Metaspace       used 44935K, capacity 46232K, committed 46652K, reserved 1091584K
  class space    used 4916K, capacity 5189K, committed 5268K, reserved 1048576K
}
2017-04-16T10:50:14.891-0700: 135939.150: Total time for which application threads were stopped: 0.0161444 seconds, Stopping threads took: 0.0001412 seconds
{Heap before GC invocations=12625 (full 18):
 par new generation   total 1800000K, used 1607369K [0x00000003ef600000, 0x0000000469720000, 0x0000000469720000)
  eden space 1600000K, 100% used [0x00000003ef600000, 0x0000000451080000, 0x0000000451080000)
  from space 200000K,   3% used [0x000000045d3d0000, 0x000000045db025a8, 0x0000000469720000)
  to   space 200000K,   0% used [0x0000000451080000, 0x0000000451080000, 0x000000045d3d0000)
 concurrent mark-sweep generation total 14001024K, used 7892644K [0x0000000469720000, 0x00000007c0000000, 0x00000007c0000000)
 Metaspace       used 44935K, capacity 46232K, committed 46652K, reserved 1091584K
  class space    used 4916K, capacity 5189K, committed 5268K, reserved 1048576K
2017-04-16T10:50:29.472-0700: 135953.731: [GC (Allocation Failure) Before GC:
Statistics for BinaryTreeDictionary:
------------------------------------
Total Free Space: 179311540
Max   Chunk Size: 1128311
Number of Blocks: 80486
Av.  Block  Size: 2227
Tree      Height: 110
2017-04-16T10:50:29.473-0700: 135953.732: [ParNew
Desired survivor size 102400000 bytes, new threshold 1 (max 1)
- age   1:    6678160 bytes,    6678160 total
: 1607369K->7386K(1800000K), 0.0138711 secs] 9500013K->7901543K(15801024K)After GC:
Statistics for BinaryTreeDictionary:
------------------------------------
Total Free Space: 179285262
Max   Chunk Size: 1128311
Number of Blocks: 80425
Av.  Block  Size: 2229
Tree      Height: 110
, 0.0151729 secs] [Times: user=0.33 sys=0.00, real=0.02 secs] 
Heap after GC invocations=12626 (full 18):
 par new generation   total 1800000K, used 7386K [0x00000003ef600000, 0x0000000469720000, 0x0000000469720000)
  eden space 1600000K,   0% used [0x00000003ef600000, 0x00000003ef600000, 0x0000000451080000)
  from space 200000K,   3% used [0x0000000451080000, 0x00000004517b68c0, 0x000000045d3d0000)
  to   space 200000K,   0% used [0x000000045d3d0000, 0x000000045d3d0000, 0x0000000469720000)
 concurrent mark-sweep generation total 14001024K, used 7894157K [0x0000000469720000, 0x00000007c0000000, 0x00000007c0000000)
 Metaspace       used 44935K, capacity 46232K, committed 46652K, reserved 1091584K
  class space    used 4916K, capacity 5189K, committed 5268K, reserved 1048576K
}
2017-04-16T10:50:29.487-0700: 135953.747: Total time for which application threads were stopped: 0.0165515 seconds, Stopping threads took: 0.0004497 seconds
2017-04-16T10:50:35.412-0700: 135959.672: Total time for which application threads were stopped: 0.0009043 seconds, Stopping threads took: 0.0001474 seconds
2017-04-16T10:50:39.618-0700: 135963.877: Total time for which application threads were stopped: 0.0021167 seconds, Stopping threads took: 0.0001394 seconds
{Heap before GC invocations=12626 (full 18):
 par new generation   total 1800000K, used 1607386K [0x00000003ef600000, 0x0000000469720000, 0x0000000469720000)
  eden space 1600000K, 100% used [0x00000003ef600000, 0x0000000451080000, 0x0000000451080000)
  from space 200000K,   3% used [0x0000000451080000, 0x00000004517b68c0, 0x000000045d3d0000)
  to   space 200000K,   0% used [0x000000045d3d0000, 0x000000045d3d0000, 0x0000000469720000)
 concurrent mark-sweep generation total 14001024K, used 7894157K [0x0000000469720000, 0x00000007c0000000, 0x00000007c0000000)
 Metaspace       used 44935K, capacity 46232K, committed 46652K, reserved 1091584K
  class space    used 4916K, capacity 5189K, committed 5268K, reserved 1048576K
2017-04-16T10:50:41.066-0700: 135965.325: [GC (Allocation Failure) Before GC:
Statistics for BinaryTreeDictionary:
------------------------------------
Total Free Space: 179285262
Max   Chunk Size: 1128311
Number of Blocks: 80425
Av.  Block  Size: 2229
Tree      Height: 110
2017-04-16T10:50:41.066-0700: 135965.326: [ParNew
Desired survivor size 102400000 bytes, new threshold 1 (max 1)
- age   1:    6901200 bytes,    6901200 total
: 1607386K->7475K(1800000K), 0.0129505 secs] 9501543K->7903263K(15801024K)After GC:
Statistics for BinaryTreeDictionary:
------------------------------------
Total Free Space: 179236198
Max   Chunk Size: 1128311
Number of Blocks: 80388
Av.  Block  Size: 2229
Tree      Height: 110
, 0.0142679 secs] [Times: user=0.32 sys=0.00, real=0.02 secs] 
Heap after GC invocations=12627 (full 18):
 par new generation   total 1800000K, used 7475K [0x00000003ef600000, 0x0000000469720000, 0x0000000469720000)
  eden space 1600000K,   0% used [0x00000003ef600000, 0x00000003ef600000, 0x0000000451080000)
  from space 200000K,   3% used [0x000000045d3d0000, 0x000000045db1cf68, 0x0000000469720000)
  to   space 200000K,   0% used [0x0000000451080000, 0x0000000451080000, 0x000000045d3d0000)
 concurrent mark-sweep generation total 14001024K, used 7895788K [0x0000000469720000, 0x00000007c0000000, 0x00000007c0000000)
 Metaspace       used 44935K, capacity 46232K, committed 46652K, reserved 1091584K
  class space    used 4916K, capacity 5189K, committed 5268K, reserved 1048576K
}
2017-04-16T10:50:41.080-0700: 135965.340: Total time for which application threads were stopped: 0.0153630 seconds, Stopping threads took: 0.0001486 seconds
{Heap before GC invocations=12627 (full 18):
 par new generation   total 1800000K, used 1607475K [0x00000003ef600000, 0x0000000469720000, 0x0000000469720000)
  eden space 1600000K, 100% used [0x00000003ef600000, 0x0000000451080000, 0x0000000451080000)
  from space 200000K,   3% used [0x000000045d3d0000, 0x000000045db1cf68, 0x0000000469720000)
  to   space 200000K,   0% used [0x0000000451080000, 0x0000000451080000, 0x000000045d3d0000)
 concurrent mark-sweep generation total 14001024K, used 7895788K [0x0000000469720000, 0x00000007c0000000, 0x00000007c0000000)
 Metaspace       used 44935K, capacity 46232K, committed 46652K, reserved 1091584K
  class space    used 4916K, capacity 5189K, committed 5268K, reserved 1048576K
2017-04-16T10:50:54.691-0700: 135978.950: [GC (Allocation Failure) Before GC:
Statistics for BinaryTreeDictionary:
------------------------------------
Total Free Space: 179236198
Max   Chunk Size: 1128311
Number of Blocks: 80388
Av.  Block  Size: 2229
Tree      Height: 110
2017-04-16T10:50:54.691-0700: 135978.951: [ParNew
Desired survivor size 102400000 bytes, new threshold 1 (max 1)
- age   1:    7567608 bytes,    7567608 total
: 1607475K->8273K(1800000K), 0.0135395 secs] 9503263K->7906195K(15801024K)After GC:
Statistics for BinaryTreeDictionary:
------------------------------------
Total Free Space: 179156605
Max   Chunk Size: 1128311
Number of Blocks: 80361
Av.  Block  Size: 2229
Tree      Height: 110
, 0.0148579 secs] [Times: user=0.32 sys=0.00, real=0.01 secs] 
Heap after GC invocations=12628 (full 18):
 par new generation   total 1800000K, used 8273K [0x00000003ef600000, 0x0000000469720000, 0x0000000469720000)
  eden space 1600000K,   0% used [0x00000003ef600000, 0x00000003ef600000, 0x0000000451080000)
  from space 200000K,   4% used [0x0000000451080000, 0x00000004518947f0, 0x000000045d3d0000)
  to   space 200000K,   0% used [0x000000045d3d0000, 0x000000045d3d0000, 0x0000000469720000)
 concurrent mark-sweep generation total 14001024K, used 7897921K [0x0000000469720000, 0x00000007c0000000, 0x00000007c0000000)
 Metaspace       used 44935K, capacity 46232K, committed 46652K, reserved 1091584K
  class space    used 4916K, capacity 5189K, committed 5268K, reserved 1048576K
}
2017-04-16T10:50:54.706-0700: 135978.965: Total time for which application threads were stopped: 0.0159571 seconds, Stopping threads took: 0.0001489 seconds
{Heap before GC invocations=12628 (full 18):
 par new generation   total 1800000K, used 1608273K [0x00000003ef600000, 0x0000000469720000, 0x0000000469720000)
  eden space 1600000K, 100% used [0x00000003ef600000, 0x0000000451080000, 0x0000000451080000)
  from space 200000K,   4% used [0x0000000451080000, 0x00000004518947f0, 0x000000045d3d0000)
  to   space 200000K,   0% used [0x000000045d3d0000, 0x000000045d3d0000, 0x0000000469720000)
 concurrent mark-sweep generation total 14001024K, used 7897921K [0x0000000469720000, 0x00000007c0000000, 0x00000007c0000000)
 Metaspace       used 44935K, capacity 46232K, committed 46652K, reserved 1091584K
  class space    used 4916K, capacity 5189K, committed 5268K, reserved 1048576K
2017-04-16T10:51:09.236-0700: 135993.495: [GC (Allocation Failure) Before GC:
Statistics for BinaryTreeDictionary:
------------------------------------
Total Free Space: 179156605
Max   Chunk Size: 1128311
Number of Blocks: 80361
Av.  Block  Size: 2229
Tree      Height: 110
2017-04-16T10:51:09.236-0700: 135993.495: [ParNew
Desired survivor size 102400000 bytes, new threshold 1 (max 1)
- age   1:    6430616 bytes,    6430616 total
: 1608273K->7107K(1800000K), 0.0133570 secs] 9506195K->7906649K(15801024K)After GC:
Statistics for BinaryTreeDictionary:
------------------------------------
Total Free Space: 179115462
Max   Chunk Size: 1128311
Number of Blocks: 80312
Av.  Block  Size: 2230
Tree      Height: 110
, 0.0146735 secs] [Times: user=0.32 sys=0.00, real=0.01 secs] 
Heap after GC invocations=12629 (full 18):
 par new generation   total 1800000K, used 7107K [0x00000003ef600000, 0x0000000469720000, 0x0000000469720000)
  eden space 1600000K,   0% used [0x00000003ef600000, 0x00000003ef600000, 0x0000000451080000)
  from space 200000K,   3% used [0x000000045d3d0000, 0x000000045dac0c40, 0x0000000469720000)
  to   space 200000K,   0% used [0x0000000451080000, 0x0000000451080000, 0x000000045d3d0000)
 concurrent mark-sweep generation total 14001024K, used 7899542K [0x0000000469720000, 0x00000007c0000000, 0x00000007c0000000)
 Metaspace       used 44935K, capacity 46232K, committed 46652K, reserved 1091584K
  class space    used 4916K, capacity 5189K, committed 5268K, reserved 1048576K
}
2017-04-16T10:51:09.250-0700: 135993.510: Total time for which application threads were stopped: 0.0157977 seconds, Stopping threads took: 0.0001617 seconds
{Heap before GC invocations=12629 (full 18):
 par new generation   total 1800000K, used 1607107K [0x00000003ef600000, 0x0000000469720000, 0x0000000469720000)
  eden space 1600000K, 100% used [0x00000003ef600000, 0x0000000451080000, 0x0000000451080000)
  from space 200000K,   3% used [0x000000045d3d0000, 0x000000045dac0c40, 0x0000000469720000)
  to   space 200000K,   0% used [0x0000000451080000, 0x0000000451080000, 0x000000045d3d0000)
 concurrent mark-sweep generation total 14001024K, used 7899542K [0x0000000469720000, 0x00000007c0000000, 0x00000007c0000000)
 Metaspace       used 44935K, capacity 46232K, committed 46652K, reserved 1091584K
  class space    used 4916K, capacity 5189K, committed 5268K, reserved 1048576K
2017-04-16T10:51:23.543-0700: 136007.803: [GC (Allocation Failure) Before GC:
Statistics for BinaryTreeDictionary:
------------------------------------
Total Free Space: 179115462
Max   Chunk Size: 1128311
Number of Blocks: 80312
Av.  Block  Size: 2230
Tree      Height: 110
2017-04-16T10:51:23.544-0700: 136007.803: [ParNew
Desired survivor size 102400000 bytes, new threshold 1 (max 1)
- age   1:    6151624 bytes,    6151624 total
: 1607107K->6785K(1800000K), 0.0129950 secs] 9506649K->7907770K(15801024K)After GC:
Statistics for BinaryTreeDictionary:
------------------------------------
Total Free Space: 179089199
Max   Chunk Size: 1128311
Number of Blocks: 80293
Av.  Block  Size: 2230
Tree      Height: 110
, 0.0143194 secs] [Times: user=0.31 sys=0.00, real=0.02 secs] 
Heap after GC invocations=12630 (full 18):
 par new generation   total 1800000K, used 6785K [0x00000003ef600000, 0x0000000469720000, 0x0000000469720000)
  eden space 1600000K,   0% used [0x00000003ef600000, 0x00000003ef600000, 0x0000000451080000)
  from space 200000K,   3% used [0x0000000451080000, 0x0000000451720658, 0x000000045d3d0000)
  to   space 200000K,   0% used [0x000000045d3d0000, 0x000000045d3d0000, 0x0000000469720000)
 concurrent mark-sweep generation total 14001024K, used 7900984K [0x0000000469720000, 0x00000007c0000000, 0x00000007c0000000)
 Metaspace       used 44935K, capacity 46232K, committed 46652K, reserved 1091584K
  class space    used 4916K, capacity 5189K, committed 5268K, reserved 1048576K
}
2017-04-16T10:51:23.558-0700: 136007.817: Total time for which application threads were stopped: 0.0153986 seconds, Stopping threads took: 0.0001462 seconds
{Heap before GC invocations=12630 (full 18):
 par new generation   total 1800000K, used 1606785K [0x00000003ef600000, 0x0000000469720000, 0x0000000469720000)
  eden space 1600000K, 100% used [0x00000003ef600000, 0x0000000451080000, 0x0000000451080000)
  from space 200000K,   3% used [0x0000000451080000, 0x0000000451720658, 0x000000045d3d0000)
  to   space 200000K,   0% used [0x000000045d3d0000, 0x000000045d3d0000, 0x0000000469720000)
 concurrent mark-sweep generation total 14001024K, used 7900984K [0x0000000469720000, 0x00000007c0000000, 0x00000007c0000000)
 Metaspace       used 44935K, capacity 46232K, committed 46652K, reserved 1091584K
  class space    used 4916K, capacity 5189K, committed 5268K, reserved 1048576K
2017-04-16T10:51:36.735-0700: 136020.994: [GC (Allocation Failure) Before GC:
Statistics for BinaryTreeDictionary:
------------------------------------
Total Free Space: 179089199
Max   Chunk Size: 1128311
Number of Blocks: 80293
Av.  Block  Size: 2230
Tree      Height: 110
2017-04-16T10:51:36.736-0700: 136020.995: [ParNew
Desired survivor size 102400000 bytes, new threshold 1 (max 1)
- age   1:   12305888 bytes,   12305888 total
: 1606785K->12810K(1800000K), 0.0128094 secs] 9507770K->7915213K(15801024K)After GC:
Statistics for BinaryTreeDictionary:
------------------------------------
Total Free Space: 179059192
Max   Chunk Size: 1128311
Number of Blocks: 80267
Av.  Block  Size: 2230
Tree      Height: 110
, 0.0141548 secs] [Times: user=0.30 sys=0.00, real=0.02 secs] 
Heap after GC invocations=12631 (full 18):
 par new generation   total 1800000K, used 12810K [0x00000003ef600000, 0x0000000469720000, 0x0000000469720000)
  eden space 1600000K,   0% used [0x00000003ef600000, 0x00000003ef600000, 0x0000000451080000)
  from space 200000K,   6% used [0x000000045d3d0000, 0x000000045e052a40, 0x0000000469720000)
  to   space 200000K,   0% used [0x0000000451080000, 0x0000000451080000, 0x000000045d3d0000)
 concurrent mark-sweep generation total 14001024K, used 7902402K [0x0000000469720000, 0x00000007c0000000, 0x00000007c0000000)
 Metaspace       used 44935K, capacity 46232K, committed 46652K, reserved 1091584K
  class space    used 4916K, capacity 5189K, committed 5268K, reserved 1048576K
}
2017-04-16T10:51:36.749-0700: 136021.009: Total time for which application threads were stopped: 0.0152504 seconds, Stopping threads took: 0.0001473 seconds
{Heap before GC invocations=12631 (full 18):
 par new generation   total 1800000K, used 1612810K [0x00000003ef600000, 0x0000000469720000, 0x0000000469720000)
  eden space 1600000K, 100% used [0x00000003ef600000, 0x0000000451080000, 0x0000000451080000)
  from space 200000K,   6% used [0x000000045d3d0000, 0x000000045e052a40, 0x0000000469720000)
  to   space 200000K,   0% used [0x0000000451080000, 0x0000000451080000, 0x000000045d3d0000)
 concurrent mark-sweep generation total 14001024K, used 7902402K [0x0000000469720000, 0x00000007c0000000, 0x00000007c0000000)
 Metaspace       used 44935K, capacity 46232K, committed 46652K, reserved 1091584K
  class space    used 4916K, capacity 5189K, committed 5268K, reserved 1048576K
2017-04-16T10:51:50.807-0700: 136035.066: [GC (Allocation Failure) Before GC:
Statistics for BinaryTreeDictionary:
------------------------------------
Total Free Space: 179059192
Max   Chunk Size: 1128311
Number of Blocks: 80267
Av.  Block  Size: 2230
Tree      Height: 110
2017-04-16T10:51:50.807-0700: 136035.067: [ParNew
Desired survivor size 102400000 bytes, new threshold 1 (max 1)
- age   1:    6334800 bytes,    6334800 total
: 1612810K->9482K(1800000K), 0.0212064 secs] 9515213K->7919311K(15801024K)After GC:
Statistics for BinaryTreeDictionary:
------------------------------------
Total Free Space: 179005968
Max   Chunk Size: 1128311
Number of Blocks: 80230
Av.  Block  Size: 2231
Tree      Height: 110
, 0.0225374 secs] [Times: user=0.33 sys=0.00, real=0.03 secs] 
Heap after GC invocations=12632 (full 18):
 par new generation   total 1800000K, used 9482K [0x00000003ef600000, 0x0000000469720000, 0x0000000469720000)
  eden space 1600000K,   0% used [0x00000003ef600000, 0x00000003ef600000, 0x0000000451080000)
  from space 200000K,   4% used [0x0000000451080000, 0x00000004519c2a78, 0x000000045d3d0000)
  to   space 200000K,   0% used [0x000000045d3d0000, 0x000000045d3d0000, 0x0000000469720000)
 concurrent mark-sweep generation total 14001024K, used 7909829K [0x0000000469720000, 0x00000007c0000000, 0x00000007c0000000)
 Metaspace       used 44935K, capacity 46232K, committed 46652K, reserved 1091584K
  class space    used 4916K, capacity 5189K, committed 5268K, reserved 1048576K
}
2017-04-16T10:51:50.830-0700: 136035.089: Total time for which application threads were stopped: 0.0236204 seconds, Stopping threads took: 0.0001538 seconds
{Heap before GC invocations=12632 (full 18):
 par new generation   total 1800000K, used 1609482K [0x00000003ef600000, 0x0000000469720000, 0x0000000469720000)
  eden space 1600000K, 100% used [0x00000003ef600000, 0x0000000451080000, 0x0000000451080000)
  from space 200000K,   4% used [0x0000000451080000, 0x00000004519c2a78, 0x000000045d3d0000)
  to   space 200000K,   0% used [0x000000045d3d0000, 0x000000045d3d0000, 0x0000000469720000)
 concurrent mark-sweep generation total 14001024K, used 7909829K [0x0000000469720000, 0x00000007c0000000, 0x00000007c0000000)
 Metaspace       used 44935K, capacity 46232K, committed 46652K, reserved 1091584K
  class space    used 4916K, capacity 5189K, committed 5268K, reserved 1048576K
2017-04-16T10:52:04.355-0700: 136048.614: [GC (Allocation Failure) Before GC:
Statistics for BinaryTreeDictionary:
------------------------------------
Total Free Space: 179005968
Max   Chunk Size: 1128311
Number of Blocks: 80230
Av.  Block  Size: 2231
Tree      Height: 110
2017-04-16T10:52:04.356-0700: 136048.615: [ParNew
Desired survivor size 102400000 bytes, new threshold 1 (max 1)
- age   1:    5879280 bytes,    5879280 total
: 1609482K->7107K(1800000K), 0.0126604 secs] 9519311K->7918386K(15801024K)After GC:
Statistics for BinaryTreeDictionary:
------------------------------------
Total Free Space: 178978061
Max   Chunk Size: 1128311
Number of Blocks: 80210
Av.  Block  Size: 2231
Tree      Height: 110
, 0.0139822 secs] [Times: user=0.31 sys=0.00, real=0.01 secs] 
Heap after GC invocations=12633 (full 18):
 par new generation   total 1800000K, used 7107K [0x00000003ef600000, 0x0000000469720000, 0x0000000469720000)
  eden space 1600000K,   0% used [0x00000003ef600000, 0x00000003ef600000, 0x0000000451080000)
  from space 200000K,   3% used [0x000000045d3d0000, 0x000000045dac0ed8, 0x0000000469720000)
  to   space 200000K,   0% used [0x0000000451080000, 0x0000000451080000, 0x000000045d3d0000)
 concurrent mark-sweep generation total 14001024K, used 7911279K [0x0000000469720000, 0x00000007c0000000, 0x00000007c0000000)
 Metaspace       used 44935K, capacity 46232K, committed 46652K, reserved 1091584K
  class space    used 4916K, capacity 5189K, committed 5268K, reserved 1048576K
}
2017-04-16T10:52:04.369-0700: 136048.629: Total time for which application threads were stopped: 0.0150653 seconds, Stopping threads took: 0.0001506 seconds
2017-04-16T10:52:09.735-0700: 136053.995: Total time for which application threads were stopped: 0.0021105 seconds, Stopping threads took: 0.0001353 seconds
{Heap before GC invocations=12633 (full 18):
 par new generation   total 1800000K, used 1607107K [0x00000003ef600000, 0x0000000469720000, 0x0000000469720000)
  eden space 1600000K, 100% used [0x00000003ef600000, 0x0000000451080000, 0x0000000451080000)
  from space 200000K,   3% used [0x000000045d3d0000, 0x000000045dac0ed8, 0x0000000469720000)
  to   space 200000K,   0% used [0x0000000451080000, 0x0000000451080000, 0x000000045d3d0000)
 concurrent mark-sweep generation total 14001024K, used 7911279K [0x0000000469720000, 0x00000007c0000000, 0x00000007c0000000)
 Metaspace       used 44935K, capacity 46232K, committed 46652K, reserved 1091584K
  class space    used 4916K, capacity 5189K, committed 5268K, reserved 1048576K
2017-04-16T10:52:15.631-0700: 136059.890: [GC (Allocation Failure) Before GC:
Statistics for BinaryTreeDictionary:
------------------------------------
Total Free Space: 178978061
Max   Chunk Size: 1128311
Number of Blocks: 80210
Av.  Block  Size: 2231
Tree      Height: 110
2017-04-16T10:52:15.631-0700: 136059.891: [ParNew
Desired survivor size 102400000 bytes, new threshold 1 (max 1)
- age   1:    6954376 bytes,    6954376 total
: 1607107K->7253K(1800000K), 0.0127397 secs] 9518386K->7919815K(15801024K)After GC:
Statistics for BinaryTreeDictionary:
------------------------------------
Total Free Space: 178940952
Max   Chunk Size: 1128311
Number of Blocks: 80203
Av.  Block  Size: 2231
Tree      Height: 110
, 0.0140702 secs] [Times: user=0.31 sys=0.00, real=0.02 secs] 
Heap after GC invocations=12634 (full 18):
 par new generation   total 1800000K, used 7253K [0x00000003ef600000, 0x0000000469720000, 0x0000000469720000)
  eden space 1600000K,   0% used [0x00000003ef600000, 0x00000003ef600000, 0x0000000451080000)
  from space 200000K,   3% used [0x0000000451080000, 0x0000000451795518, 0x000000045d3d0000)
  to   space 200000K,   0% used [0x000000045d3d0000, 0x000000045d3d0000, 0x0000000469720000)
 concurrent mark-sweep generation total 14001024K, used 7912562K [0x0000000469720000, 0x00000007c0000000, 0x00000007c0000000)
 Metaspace       used 44935K, capacity 46232K, committed 46652K, reserved 1091584K
  class space    used 4916K, capacity 5189K, committed 5268K, reserved 1048576K
}
2017-04-16T10:52:15.645-0700: 136059.904: Total time for which application threads were stopped: 0.0151767 seconds, Stopping threads took: 0.0001495 seconds
{Heap before GC invocations=12634 (full 18):
 par new generation   total 1800000K, used 1607253K [0x00000003ef600000, 0x0000000469720000, 0x0000000469720000)
  eden space 1600000K, 100% used [0x00000003ef600000, 0x0000000451080000, 0x0000000451080000)
  from space 200000K,   3% used [0x0000000451080000, 0x0000000451795518, 0x000000045d3d0000)
  to   space 200000K,   0% used [0x000000045d3d0000, 0x000000045d3d0000, 0x0000000469720000)
 concurrent mark-sweep generation total 14001024K, used 7912562K [0x0000000469720000, 0x00000007c0000000, 0x00000007c0000000)
 Metaspace       used 44935K, capacity 46232K, committed 46652K, reserved 1091584K
  class space    used 4916K, capacity 5189K, committed 5268K, reserved 1048576K
2017-04-16T10:52:29.562-0700: 136073.821: [GC (Allocation Failure) Before GC:
Statistics for BinaryTreeDictionary:
------------------------------------
Total Free Space: 178940952
Max   Chunk Size: 1128311
Number of Blocks: 80203
Av.  Block  Size: 2231
Tree      Height: 110
2017-04-16T10:52:29.563-0700: 136073.822: [ParNew
Desired survivor size 102400000 bytes, new threshold 1 (max 1)
- age   1:    6373440 bytes,    6373440 total
: 1607253K->6828K(1800000K), 0.0130266 secs] 9519815K->7921029K(15801024K)After GC:
Statistics for BinaryTreeDictionary:
------------------------------------
Total Free Space: 178862496
Max   Chunk Size: 1128311
Number of Blocks: 80158
Av.  Block  Size: 2231
Tree      Height: 110
, 0.0143149 secs] [Times: user=0.31 sys=0.00, real=0.02 secs] 
Heap after GC invocations=12635 (full 18):
 par new generation   total 1800000K, used 6828K [0x00000003ef600000, 0x0000000469720000, 0x0000000469720000)
  eden space 1600000K,   0% used [0x00000003ef600000, 0x00000003ef600000, 0x0000000451080000)
  from space 200000K,   3% used [0x000000045d3d0000, 0x000000045da7b1c0, 0x0000000469720000)
  to   space 200000K,   0% used [0x0000000451080000, 0x0000000451080000, 0x000000045d3d0000)
 concurrent mark-sweep generation total 14001024K, used 7914201K [0x0000000469720000, 0x00000007c0000000, 0x00000007c0000000)
 Metaspace       used 44935K, capacity 46232K, committed 46652K, reserved 1091584K
  class space    used 4916K, capacity 5189K, committed 5268K, reserved 1048576K
}
2017-04-16T10:52:29.576-0700: 136073.836: Total time for which application threads were stopped: 0.0154059 seconds, Stopping threads took: 0.0001545 seconds
{Heap before GC invocations=12635 (full 18):
 par new generation   total 1800000K, used 1606828K [0x00000003ef600000, 0x0000000469720000, 0x0000000469720000)
  eden space 1600000K, 100% used [0x00000003ef600000, 0x0000000451080000, 0x0000000451080000)
  from space 200000K,   3% used [0x000000045d3d0000, 0x000000045da7b1c0, 0x0000000469720000)
  to   space 200000K,   0% used [0x0000000451080000, 0x0000000451080000, 0x000000045d3d0000)
 concurrent mark-sweep generation total 14001024K, used 7914201K [0x0000000469720000, 0x00000007c0000000, 0x00000007c0000000)
 Metaspace       used 44935K, capacity 46232K, committed 46652K, reserved 1091584K
  class space    used 4916K, capacity 5189K, committed 5268K, reserved 1048576K
2017-04-16T10:52:42.542-0700: 136086.801: [GC (Allocation Failure) Before GC:
Statistics for BinaryTreeDictionary:
------------------------------------
Total Free Space: 178862496
Max   Chunk Size: 1128311
Number of Blocks: 80158
Av.  Block  Size: 2231
Tree      Height: 110
2017-04-16T10:52:42.542-0700: 136086.802: [ParNew
Desired survivor size 102400000 bytes, new threshold 1 (max 1)
- age   1:    6238280 bytes,    6238280 total
: 1606828K->6660K(1800000K), 0.0128562 secs] 9521029K->7922356K(15801024K)After GC:
Statistics for BinaryTreeDictionary:
------------------------------------
Total Free Space: 178818187
Max   Chunk Size: 1128311
Number of Blocks: 80139
Av.  Block  Size: 2231
Tree      Height: 110
, 0.0141799 secs] [Times: user=0.31 sys=0.00, real=0.01 secs] 
Heap after GC invocations=12636 (full 18):
 par new generation   total 1800000K, used 6660K [0x00000003ef600000, 0x0000000469720000, 0x0000000469720000)
  eden space 1600000K,   0% used [0x00000003ef600000, 0x00000003ef600000, 0x0000000451080000)
  from space 200000K,   3% used [0x0000000451080000, 0x00000004517012d0, 0x000000045d3d0000)
  to   space 200000K,   0% used [0x000000045d3d0000, 0x000000045d3d0000, 0x0000000469720000)
 concurrent mark-sweep generation total 14001024K, used 7915696K [0x0000000469720000, 0x00000007c0000000, 0x00000007c0000000)
 Metaspace       used 44935K, capacity 46232K, committed 46652K, reserved 1091584K
  class space    used 4916K, capacity 5189K, committed 5268K, reserved 1048576K
}
2017-04-16T10:52:42.556-0700: 136086.815: Total time for which application threads were stopped: 0.0152855 seconds, Stopping threads took: 0.0001574 seconds
{Heap before GC invocations=12636 (full 18):
 par new generation   total 1800000K, used 1606660K [0x00000003ef600000, 0x0000000469720000, 0x0000000469720000)
  eden space 1600000K, 100% used [0x00000003ef600000, 0x0000000451080000, 0x0000000451080000)
  from space 200000K,   3% used [0x0000000451080000, 0x00000004517012d0, 0x000000045d3d0000)
  to   space 200000K,   0% used [0x000000045d3d0000, 0x000000045d3d0000, 0x0000000469720000)
 concurrent mark-sweep generation total 14001024K, used 7915696K [0x0000000469720000, 0x00000007c0000000, 0x00000007c0000000)
 Metaspace       used 44935K, capacity 46232K, committed 46652K, reserved 1091584K
  class space    used 4916K, capacity 5189K, committed 5268K, reserved 1048576K
2017-04-16T10:52:56.026-0700: 136100.285: [GC (Allocation Failure) Before GC:
Statistics for BinaryTreeDictionary:
------------------------------------
Total Free Space: 178818187
Max   Chunk Size: 1128311
Number of Blocks: 80139
Av.  Block  Size: 2231
Tree      Height: 110
2017-04-16T10:52:56.026-0700: 136100.286: [ParNew
Desired survivor size 102400000 bytes, new threshold 1 (max 1)
- age   1:    5819912 bytes,    5819912 total
: 1606660K->6293K(1800000K), 0.0127038 secs] 9522356K->7923470K(15801024K)After GC:
Statistics for BinaryTreeDictionary:
------------------------------------
Total Free Space: 178761718
Max   Chunk Size: 1128311
Number of Blocks: 80127
Av.  Block  Size: 2230
Tree      Height: 110
, 0.0140105 secs] [Times: user=0.31 sys=0.00, real=0.02 secs] 
Heap after GC invocations=12637 (full 18):
 par new generation   total 1800000K, used 6293K [0x00000003ef600000, 0x0000000469720000, 0x0000000469720000)
  eden space 1600000K,   0% used [0x00000003ef600000, 0x00000003ef600000, 0x0000000451080000)
  from space 200000K,   3% used [0x000000045d3d0000, 0x000000045d9f55a8, 0x0000000469720000)
  to   space 200000K,   0% used [0x0000000451080000, 0x0000000451080000, 0x000000045d3d0000)
 concurrent mark-sweep generation total 14001024K, used 7917176K [0x0000000469720000, 0x00000007c0000000, 0x00000007c0000000)
 Metaspace       used 44935K, capacity 46232K, committed 46652K, reserved 1091584K
  class space    used 4916K, capacity 5189K, committed 5268K, reserved 1048576K
}
2017-04-16T10:52:56.040-0700: 136100.299: Total time for which application threads were stopped: 0.0150984 seconds, Stopping threads took: 0.0001565 seconds
2017-04-16T10:53:06.548-0700: 136110.808: Total time for which application threads were stopped: 0.0021624 seconds, Stopping threads took: 0.0001497 seconds
{Heap before GC invocations=12637 (full 18):
 par new generation   total 1800000K, used 1606293K [0x00000003ef600000, 0x0000000469720000, 0x0000000469720000)
  eden space 1600000K, 100% used [0x00000003ef600000, 0x0000000451080000, 0x0000000451080000)
  from space 200000K,   3% used [0x000000045d3d0000, 0x000000045d9f55a8, 0x0000000469720000)
  to   space 200000K,   0% used [0x0000000451080000, 0x0000000451080000, 0x000000045d3d0000)
 concurrent mark-sweep generation total 14001024K, used 7917176K [0x0000000469720000, 0x00000007c0000000, 0x00000007c0000000)
 Metaspace       used 44935K, capacity 46232K, committed 46652K, reserved 1091584K
  class space    used 4916K, capacity 5189K, committed 5268K, reserved 1048576K
2017-04-16T10:53:09.454-0700: 136113.713: [GC (Allocation Failure) Before GC:
Statistics for BinaryTreeDictionary:
------------------------------------
Total Free Space: 178761718
Max   Chunk Size: 1128311
Number of Blocks: 80127
Av.  Block  Size: 2230
Tree      Height: 110
2017-04-16T10:53:09.455-0700: 136113.714: [ParNew
Desired survivor size 102400000 bytes, new threshold 1 (max 1)
- age   1:    6501264 bytes,    6501264 total
: 1606293K->6959K(1800000K), 0.0128490 secs] 9523470K->7925618K(15801024K)After GC:
Statistics for BinaryTreeDictionary:
------------------------------------
Total Free Space: 178718863
Max   Chunk Size: 1128311
Number of Blocks: 80110
Av.  Block  Size: 2230
Tree      Height: 110
, 0.0141776 secs] [Times: user=0.31 sys=0.00, real=0.01 secs] 
Heap after GC invocations=12638 (full 18):
 par new generation   total 1800000K, used 6959K [0x00000003ef600000, 0x0000000469720000, 0x0000000469720000)
  eden space 1600000K,   0% used [0x00000003ef600000, 0x00000003ef600000, 0x0000000451080000)
  from space 200000K,   3% used [0x0000000451080000, 0x000000045174bce8, 0x000000045d3d0000)
  to   space 200000K,   0% used [0x000000045d3d0000, 0x000000045d3d0000, 0x0000000469720000)
 concurrent mark-sweep generation total 14001024K, used 7918659K [0x0000000469720000, 0x00000007c0000000, 0x00000007c0000000)
 Metaspace       used 44935K, capacity 46232K, committed 46652K, reserved 1091584K
  class space    used 4916K, capacity 5189K, committed 5268K, reserved 1048576K
}
2017-04-16T10:53:09.468-0700: 136113.728: Total time for which application threads were stopped: 0.0152724 seconds, Stopping threads took: 0.0001501 seconds
{Heap before GC invocations=12638 (full 18):
 par new generation   total 1800000K, used 1606959K [0x00000003ef600000, 0x0000000469720000, 0x0000000469720000)
  eden space 1600000K, 100% used [0x00000003ef600000, 0x0000000451080000, 0x0000000451080000)
  from space 200000K,   3% used [0x0000000451080000, 0x000000045174bce8, 0x000000045d3d0000)
  to   space 200000K,   0% used [0x000000045d3d0000, 0x000000045d3d0000, 0x0000000469720000)
 concurrent mark-sweep generation total 14001024K, used 7918659K [0x0000000469720000, 0x00000007c0000000, 0x00000007c0000000)
 Metaspace       used 44935K, capacity 46232K, committed 46652K, reserved 1091584K
  class space    used 4916K, capacity 5189K, committed 5268K, reserved 1048576K
2017-04-16T10:53:23.426-0700: 136127.685: [GC (Allocation Failure) Before GC:
Statistics for BinaryTreeDictionary:
------------------------------------
Total Free Space: 178718863
Max   Chunk Size: 1128311
Number of Blocks: 80110
Av.  Block  Size: 2230
Tree      Height: 110
2017-04-16T10:53:23.427-0700: 136127.686: [ParNew
Desired survivor size 102400000 bytes, new threshold 1 (max 1)
- age   1:    5888320 bytes,    5888320 total
: 1606959K->6327K(1800000K), 0.0127113 secs] 9525618K->7926611K(15801024K)After GC:
Statistics for BinaryTreeDictionary:
------------------------------------
Total Free Space: 178660177
Max   Chunk Size: 1128311
Number of Blocks: 80094
Av.  Block  Size: 2230
Tree      Height: 110
, 0.0140441 secs] [Times: user=0.31 sys=0.00, real=0.01 secs] 
Heap after GC invocations=12639 (full 18):
 par new generation   total 1800000K, used 6327K [0x00000003ef600000, 0x0000000469720000, 0x0000000469720000)
  eden space 1600000K,   0% used [0x00000003ef600000, 0x00000003ef600000, 0x0000000451080000)
  from space 200000K,   3% used [0x000000045d3d0000, 0x000000045d9fdfd8, 0x0000000469720000)
  to   space 200000K,   0% used [0x0000000451080000, 0x0000000451080000, 0x000000045d3d0000)
 concurrent mark-sweep generation total 14001024K, used 7920283K [0x0000000469720000, 0x00000007c0000000, 0x00000007c0000000)
 Metaspace       used 44935K, capacity 46232K, committed 46652K, reserved 1091584K
  class space    used 4916K, capacity 5189K, committed 5268K, reserved 1048576K
}
2017-04-16T10:53:23.440-0700: 136127.699: Total time for which application threads were stopped: 0.0151574 seconds, Stopping threads took: 0.0001691 seconds
{Heap before GC invocations=12639 (full 18):
 par new generation   total 1800000K, used 1606327K [0x00000003ef600000, 0x0000000469720000, 0x0000000469720000)
  eden space 1600000K, 100% used [0x00000003ef600000, 0x0000000451080000, 0x0000000451080000)
  from space 200000K,   3% used [0x000000045d3d0000, 0x000000045d9fdfd8, 0x0000000469720000)
  to   space 200000K,   0% used [0x0000000451080000, 0x0000000451080000, 0x000000045d3d0000)
 concurrent mark-sweep generation total 14001024K, used 7920283K [0x0000000469720000, 0x00000007c0000000, 0x00000007c0000000)
 Metaspace       used 44935K, capacity 46232K, committed 46652K, reserved 1091584K
  class space    used 4916K, capacity 5189K, committed 5268K, reserved 1048576K
2017-04-16T10:53:36.915-0700: 136141.174: [GC (Allocation Failure) Before GC:
Statistics for BinaryTreeDictionary:
------------------------------------
Total Free Space: 178660177
Max   Chunk Size: 1128311
Number of Blocks: 80094
Av.  Block  Size: 2230
Tree      Height: 110
2017-04-16T10:53:36.916-0700: 136141.175: [ParNew
Desired survivor size 102400000 bytes, new threshold 1 (max 1)
- age   1:    7151360 bytes,    7151360 total
: 1606327K->7689K(1800000K), 0.0131028 secs] 9526611K->7929184K(15801024K)After GC:
Statistics for BinaryTreeDictionary:
------------------------------------
Total Free Space: 178649353
Max   Chunk Size: 1128311
Number of Blocks: 80076
Av.  Block  Size: 2230
Tree      Height: 110
, 0.0144380 secs] [Times: user=0.31 sys=0.00, real=0.01 secs] 
Heap after GC invocations=12640 (full 18):
 par new generation   total 1800000K, used 7689K [0x00000003ef600000, 0x0000000469720000, 0x0000000469720000)
  eden space 1600000K,   0% used [0x00000003ef600000, 0x00000003ef600000, 0x0000000451080000)
  from space 200000K,   3% used [0x0000000451080000, 0x00000004518026e8, 0x000000045d3d0000)
  to   space 200000K,   0% used [0x000000045d3d0000, 0x000000045d3d0000, 0x0000000469720000)
 concurrent mark-sweep generation total 14001024K, used 7921494K [0x0000000469720000, 0x00000007c0000000, 0x00000007c0000000)
 Metaspace       used 44935K, capacity 46232K, committed 46652K, reserved 1091584K
  class space    used 4916K, capacity 5189K, committed 5268K, reserved 1048576K
}
2017-04-16T10:53:36.930-0700: 136141.189: Total time for which application threads were stopped: 0.0155427 seconds, Stopping threads took: 0.0001700 seconds
2017-04-16T10:53:39.608-0700: 136143.867: Total time for which application threads were stopped: 0.0021273 seconds, Stopping threads took: 0.0001433 seconds
{Heap before GC invocations=12640 (full 18):
 par new generation   total 1800000K, used 1607689K [0x00000003ef600000, 0x0000000469720000, 0x0000000469720000)
  eden space 1600000K, 100% used [0x00000003ef600000, 0x0000000451080000, 0x0000000451080000)
  from space 200000K,   3% used [0x0000000451080000, 0x00000004518026e8, 0x000000045d3d0000)
  to   space 200000K,   0% used [0x000000045d3d0000, 0x000000045d3d0000, 0x0000000469720000)
 concurrent mark-sweep generation total 14001024K, used 7921494K [0x0000000469720000, 0x00000007c0000000, 0x00000007c0000000)
 Metaspace       used 44935K, capacity 46232K, committed 46652K, reserved 1091584K
  class space    used 4916K, capacity 5189K, committed 5268K, reserved 1048576K
2017-04-16T10:53:47.741-0700: 136152.000: [GC (Allocation Failure) Before GC:
Statistics for BinaryTreeDictionary:
------------------------------------
Total Free Space: 178649353
Max   Chunk Size: 1128311
Number of Blocks: 80076
Av.  Block  Size: 2230
Tree      Height: 110
2017-04-16T10:53:47.742-0700: 136152.001: [ParNew
Desired survivor size 102400000 bytes, new threshold 1 (max 1)
- age   1:    6213760 bytes,    6213760 total
: 1607689K->6768K(1800000K), 0.0131068 secs] 9529184K->7929992K(15801024K)After GC:
Statistics for BinaryTreeDictionary:
------------------------------------
Total Free Space: 178570263
Max   Chunk Size: 1128311
Number of Blocks: 80055
Av.  Block  Size: 2230
Tree      Height: 110
, 0.0144403 secs] [Times: user=0.32 sys=0.00, real=0.01 secs] 
Heap after GC invocations=12641 (full 18):
 par new generation   total 1800000K, used 6768K [0x00000003ef600000, 0x0000000469720000, 0x0000000469720000)
  eden space 1600000K,   0% used [0x00000003ef600000, 0x00000003ef600000, 0x0000000451080000)
  from space 200000K,   3% used [0x000000045d3d0000, 0x000000045da6c1d0, 0x0000000469720000)
  to   space 200000K,   0% used [0x0000000451080000, 0x0000000451080000, 0x000000045d3d0000)
 concurrent mark-sweep generation total 14001024K, used 7923224K [0x0000000469720000, 0x00000007c0000000, 0x00000007c0000000)
 Metaspace       used 44935K, capacity 46232K, committed 46652K, reserved 1091584K
  class space    used 4916K, capacity 5189K, committed 5268K, reserved 1048576K
}
2017-04-16T10:53:47.756-0700: 136152.015: Total time for which application threads were stopped: 0.0155318 seconds, Stopping threads took: 0.0001534 seconds
{Heap before GC invocations=12641 (full 18):
 par new generation   total 1800000K, used 1606768K [0x00000003ef600000, 0x0000000469720000, 0x0000000469720000)
  eden space 1600000K, 100% used [0x00000003ef600000, 0x0000000451080000, 0x0000000451080000)
  from space 200000K,   3% used [0x000000045d3d0000, 0x000000045da6c1d0, 0x0000000469720000)
  to   space 200000K,   0% used [0x0000000451080000, 0x0000000451080000, 0x000000045d3d0000)
 concurrent mark-sweep generation total 14001024K, used 7923224K [0x0000000469720000, 0x00000007c0000000, 0x00000007c0000000)
 Metaspace       used 44935K, capacity 46232K, committed 46652K, reserved 1091584K
  class space    used 4916K, capacity 5189K, committed 5268K, reserved 1048576K
2017-04-16T10:54:01.360-0700: 136165.620: [GC (Allocation Failure) Before GC:
Statistics for BinaryTreeDictionary:
------------------------------------
Total Free Space: 178570263
Max   Chunk Size: 1128311
Number of Blocks: 80055
Av.  Block  Size: 2230
Tree      Height: 110
2017-04-16T10:54:01.361-0700: 136165.620: [ParNew
Desired survivor size 102400000 bytes, new threshold 1 (max 1)
- age   1:    6193584 bytes,    6193584 total
: 1606768K->6573K(1800000K), 0.0126500 secs] 9529992K->7931516K(15801024K)After GC:
Statistics for BinaryTreeDictionary:
------------------------------------
Total Free Space: 178467767
Max   Chunk Size: 1128311
Number of Blocks: 80022
Av.  Block  Size: 2230
Tree      Height: 110
, 0.0139765 secs] [Times: user=0.31 sys=0.00, real=0.01 secs] 
Heap after GC invocations=12642 (full 18):
 par new generation   total 1800000K, used 6573K [0x00000003ef600000, 0x0000000469720000, 0x0000000469720000)
  eden space 1600000K,   0% used [0x00000003ef600000, 0x00000003ef600000, 0x0000000451080000)
  from space 200000K,   3% used [0x0000000451080000, 0x00000004516eb6c0, 0x000000045d3d0000)
  to   space 200000K,   0% used [0x000000045d3d0000, 0x000000045d3d0000, 0x0000000469720000)
 concurrent mark-sweep generation total 14001024K, used 7924942K [0x0000000469720000, 0x00000007c0000000, 0x00000007c0000000)
 Metaspace       used 44935K, capacity 46232K, committed 46652K, reserved 1091584K
  class space    used 4916K, capacity 5189K, committed 5268K, reserved 1048576K
}
2017-04-16T10:54:01.374-0700: 136165.634: Total time for which application threads were stopped: 0.0150826 seconds, Stopping threads took: 0.0001552 seconds
{Heap before GC invocations=12642 (full 18):
 par new generation   total 1800000K, used 1606573K [0x00000003ef600000, 0x0000000469720000, 0x0000000469720000)
  eden space 1600000K, 100% used [0x00000003ef600000, 0x0000000451080000, 0x0000000451080000)
  from space 200000K,   3% used [0x0000000451080000, 0x00000004516eb6c0, 0x000000045d3d0000)
  to   space 200000K,   0% used [0x000000045d3d0000, 0x000000045d3d0000, 0x0000000469720000)
 concurrent mark-sweep generation total 14001024K, used 7924942K [0x0000000469720000, 0x00000007c0000000, 0x00000007c0000000)
 Metaspace       used 44935K, capacity 46232K, committed 46652K, reserved 1091584K
  class space    used 4916K, capacity 5189K, committed 5268K, reserved 1048576K
2017-04-16T10:54:15.146-0700: 136179.405: [GC (Allocation Failure) Before GC:
Statistics for BinaryTreeDictionary:
------------------------------------
Total Free Space: 178467767
Max   Chunk Size: 1128311
Number of Blocks: 80022
Av.  Block  Size: 2230
Tree      Height: 110
2017-04-16T10:54:15.146-0700: 136179.406: [ParNew
Desired survivor size 102400000 bytes, new threshold 1 (max 1)
- age   1:    6240336 bytes,    6240336 total
: 1606573K->6685K(1800000K), 0.0128389 secs] 9531516K->7932914K(15801024K)After GC:
Statistics for BinaryTreeDictionary:
------------------------------------
Total Free Space: 178442239
Max   Chunk Size: 1128311
Number of Blocks: 80007
Av.  Block  Size: 2230
Tree      Height: 110
, 0.0141621 secs] [Times: user=0.32 sys=0.00, real=0.01 secs] 
Heap after GC invocations=12643 (full 18):
 par new generation   total 1800000K, used 6685K [0x00000003ef600000, 0x0000000469720000, 0x0000000469720000)
  eden space 1600000K,   0% used [0x00000003ef600000, 0x00000003ef600000, 0x0000000451080000)
  from space 200000K,   3% used [0x000000045d3d0000, 0x000000045da57548, 0x0000000469720000)
  to   space 200000K,   0% used [0x0000000451080000, 0x0000000451080000, 0x000000045d3d0000)
 concurrent mark-sweep generation total 14001024K, used 7926229K [0x0000000469720000, 0x00000007c0000000, 0x00000007c0000000)
 Metaspace       used 44935K, capacity 46232K, committed 46652K, reserved 1091584K
  class space    used 4916K, capacity 5189K, committed 5268K, reserved 1048576K
}
2017-04-16T10:54:15.160-0700: 136179.419: Total time for which application threads were stopped: 0.0152477 seconds, Stopping threads took: 0.0001528 seconds
{Heap before GC invocations=12643 (full 18):
 par new generation   total 1800000K, used 1606685K [0x00000003ef600000, 0x0000000469720000, 0x0000000469720000)
  eden space 1600000K, 100% used [0x00000003ef600000, 0x0000000451080000, 0x0000000451080000)
  from space 200000K,   3% used [0x000000045d3d0000, 0x000000045da57548, 0x0000000469720000)
  to   space 200000K,   0% used [0x0000000451080000, 0x0000000451080000, 0x000000045d3d0000)
 concurrent mark-sweep generation total 14001024K, used 7926229K [0x0000000469720000, 0x00000007c0000000, 0x00000007c0000000)
 Metaspace       used 44935K, capacity 46232K, committed 46652K, reserved 1091584K
  class space    used 4916K, capacity 5189K, committed 5268K, reserved 1048576K
2017-04-16T10:54:29.432-0700: 136193.691: [GC (Allocation Failure) Before GC:
Statistics for BinaryTreeDictionary:
------------------------------------
Total Free Space: 178442239
Max   Chunk Size: 1128311
Number of Blocks: 80007
Av.  Block  Size: 2230
Tree      Height: 110
2017-04-16T10:54:29.433-0700: 136193.692: [ParNew
Desired survivor size 102400000 bytes, new threshold 1 (max 1)
- age   1:    5915344 bytes,    5915344 total
: 1606685K->6407K(1800000K), 0.0127333 secs] 9532914K->7934264K(15801024K)After GC:
Statistics for BinaryTreeDictionary:
------------------------------------
Total Free Space: 178393824
Max   Chunk Size: 1128311
Number of Blocks: 79982
Av.  Block  Size: 2230
Tree      Height: 110
, 0.0140330 secs] [Times: user=0.31 sys=0.00, real=0.02 secs] 
Heap after GC invocations=12644 (full 18):
 par new generation   total 1800000K, used 6407K [0x00000003ef600000, 0x0000000469720000, 0x0000000469720000)
  eden space 1600000K,   0% used [0x00000003ef600000, 0x00000003ef600000, 0x0000000451080000)
  from space 200000K,   3% used [0x0000000451080000, 0x00000004516c1f60, 0x000000045d3d0000)
  to   space 200000K,   0% used [0x000000045d3d0000, 0x000000045d3d0000, 0x0000000469720000)
 concurrent mark-sweep generation total 14001024K, used 7927856K [0x0000000469720000, 0x00000007c0000000, 0x00000007c0000000)
 Metaspace       used 44935K, capacity 46232K, committed 46652K, reserved 1091584K
  class space    used 4916K, capacity 5189K, committed 5268K, reserved 1048576K
}
2017-04-16T10:54:29.446-0700: 136193.706: Total time for which application threads were stopped: 0.0151130 seconds, Stopping threads took: 0.0001490 seconds
{Heap before GC invocations=12644 (full 18):
 par new generation   total 1800000K, used 1606407K [0x00000003ef600000, 0x0000000469720000, 0x0000000469720000)
  eden space 1600000K, 100% used [0x00000003ef600000, 0x0000000451080000, 0x0000000451080000)
  from space 200000K,   3% used [0x0000000451080000, 0x00000004516c1f60, 0x000000045d3d0000)
  to   space 200000K,   0% used [0x000000045d3d0000, 0x000000045d3d0000, 0x0000000469720000)
 concurrent mark-sweep generation total 14001024K, used 7927856K [0x0000000469720000, 0x00000007c0000000, 0x00000007c0000000)
 Metaspace       used 44935K, capacity 46232K, committed 46652K, reserved 1091584K
  class space    used 4916K, capacity 5189K, committed 5268K, reserved 1048576K
2017-04-16T10:54:43.455-0700: 136207.714: [GC (Allocation Failure) Before GC:
Statistics for BinaryTreeDictionary:
------------------------------------
Total Free Space: 178393824
Max   Chunk Size: 1128311
Number of Blocks: 79982
Av.  Block  Size: 2230
Tree      Height: 110
2017-04-16T10:54:43.455-0700: 136207.715: [ParNew
Desired survivor size 102400000 bytes, new threshold 1 (max 1)
- age   1:    6411592 bytes,    6411592 total
: 1606407K->6835K(1800000K), 0.0129713 secs] 9534264K->7936009K(15801024K)After GC:
Statistics for BinaryTreeDictionary:
------------------------------------
Total Free Space: 178364126
Max   Chunk Size: 1128311
Number of Blocks: 79960
Av.  Block  Size: 2230
Tree      Height: 110
, 0.0142962 secs] [Times: user=0.31 sys=0.00, real=0.01 secs] 
Heap after GC invocations=12645 (full 18):
 par new generation   total 1800000K, used 6835K [0x00000003ef600000, 0x0000000469720000, 0x0000000469720000)
  eden space 1600000K,   0% used [0x00000003ef600000, 0x00000003ef600000, 0x0000000451080000)
  from space 200000K,   3% used [0x000000045d3d0000, 0x000000045da7cfd0, 0x0000000469720000)
  to   space 200000K,   0% used [0x0000000451080000, 0x0000000451080000, 0x000000045d3d0000)
 concurrent mark-sweep generation total 14001024K, used 7929173K [0x0000000469720000, 0x00000007c0000000, 0x00000007c0000000)
 Metaspace       used 44935K, capacity 46232K, committed 46652K, reserved 1091584K
  class space    used 4916K, capacity 5189K, committed 5268K, reserved 1048576K
}
2017-04-16T10:54:43.469-0700: 136207.728: Total time for which application threads were stopped: 0.0153741 seconds, Stopping threads took: 0.0001487 seconds
{Heap before GC invocations=12645 (full 18):
 par new generation   total 1800000K, used 1606835K [0x00000003ef600000, 0x0000000469720000, 0x0000000469720000)
  eden space 1600000K, 100% used [0x00000003ef600000, 0x0000000451080000, 0x0000000451080000)
  from space 200000K,   3% used [0x000000045d3d0000, 0x000000045da7cfd0, 0x0000000469720000)
  to   space 200000K,   0% used [0x0000000451080000, 0x0000000451080000, 0x000000045d3d0000)
 concurrent mark-sweep generation total 14001024K, used 7929173K [0x0000000469720000, 0x00000007c0000000, 0x00000007c0000000)
 Metaspace       used 44935K, capacity 46232K, committed 46652K, reserved 1091584K
  class space    used 4916K, capacity 5189K, committed 5268K, reserved 1048576K
2017-04-16T10:54:56.833-0700: 136221.092: [GC (Allocation Failure) Before GC:
Statistics for BinaryTreeDictionary:
------------------------------------
Total Free Space: 178364126
Max   Chunk Size: 1128311
Number of Blocks: 79960
Av.  Block  Size: 2230
Tree      Height: 110
2017-04-16T10:54:56.833-0700: 136221.092: [ParNew
Desired survivor size 102400000 bytes, new threshold 1 (max 1)
- age   1:    6825016 bytes,    6825016 total
: 1606835K->7202K(1800000K), 0.0128574 secs] 9536009K->7937454K(15801024K)After GC:
Statistics for BinaryTreeDictionary:
------------------------------------
Total Free Space: 178358086
Max   Chunk Size: 1128311
Number of Blocks: 79950
Av.  Block  Size: 2230
Tree      Height: 110
, 0.0141749 secs] [Times: user=0.32 sys=0.00, real=0.02 secs] 
Heap after GC invocations=12646 (full 18):
 par new generation   total 1800000K, used 7202K [0x00000003ef600000, 0x0000000469720000, 0x0000000469720000)
  eden space 1600000K,   0% used [0x00000003ef600000, 0x00000003ef600000, 0x0000000451080000)
  from space 200000K,   3% used [0x0000000451080000, 0x0000000451788b88, 0x000000045d3d0000)
  to   space 200000K,   0% used [0x000000045d3d0000, 0x000000045d3d0000, 0x0000000469720000)
 concurrent mark-sweep generation total 14001024K, used 7930251K [0x0000000469720000, 0x00000007c0000000, 0x00000007c0000000)
 Metaspace       used 44935K, capacity 46232K, committed 46652K, reserved 1091584K
  class space    used 4916K, capacity 5189K, committed 5268K, reserved 1048576K
}
2017-04-16T10:54:56.847-0700: 136221.106: Total time for which application threads were stopped: 0.0152450 seconds, Stopping threads took: 0.0001541 seconds
2017-04-16T10:55:05.517-0700: 136229.776: Total time for which application threads were stopped: 0.0008783 seconds, Stopping threads took: 0.0001452 seconds
2017-04-16T10:55:09.688-0700: 136233.947: Total time for which application threads were stopped: 0.0022156 seconds, Stopping threads took: 0.0001445 seconds
{Heap before GC invocations=12646 (full 18):
 par new generation   total 1800000K, used 1607202K [0x00000003ef600000, 0x0000000469720000, 0x0000000469720000)
  eden space 1600000K, 100% used [0x00000003ef600000, 0x0000000451080000, 0x0000000451080000)
  from space 200000K,   3% used [0x0000000451080000, 0x0000000451788b88, 0x000000045d3d0000)
  to   space 200000K,   0% used [0x000000045d3d0000, 0x000000045d3d0000, 0x0000000469720000)
 concurrent mark-sweep generation total 14001024K, used 7930251K [0x0000000469720000, 0x00000007c0000000, 0x00000007c0000000)
 Metaspace       used 44935K, capacity 46232K, committed 46652K, reserved 1091584K
  class space    used 4916K, capacity 5189K, committed 5268K, reserved 1048576K
2017-04-16T10:55:09.937-0700: 136234.196: [GC (Allocation Failure) Before GC:
Statistics for BinaryTreeDictionary:
------------------------------------
Total Free Space: 178358086
Max   Chunk Size: 1128311
Number of Blocks: 79950
Av.  Block  Size: 2230
Tree      Height: 110
2017-04-16T10:55:09.937-0700: 136234.197: [ParNew
Desired survivor size 102400000 bytes, new threshold 1 (max 1)
- age   1:    7827424 bytes,    7827424 total
: 1607202K->8288K(1800000K), 0.0134371 secs] 9537454K->7940314K(15801024K)After GC:
Statistics for BinaryTreeDictionary:
------------------------------------
Total Free Space: 178331858
Max   Chunk Size: 1128311
Number of Blocks: 79933
Av.  Block  Size: 2231
Tree      Height: 110
, 0.0147440 secs] [Times: user=0.32 sys=0.00, real=0.02 secs] 
Heap after GC invocations=12647 (full 18):
 par new generation   total 1800000K, used 8288K [0x00000003ef600000, 0x0000000469720000, 0x0000000469720000)
  eden space 1600000K,   0% used [0x00000003ef600000, 0x00000003ef600000, 0x0000000451080000)
  from space 200000K,   4% used [0x000000045d3d0000, 0x000000045dbe82b8, 0x0000000469720000)
  to   space 200000K,   0% used [0x0000000451080000, 0x0000000451080000, 0x000000045d3d0000)
 concurrent mark-sweep generation total 14001024K, used 7932025K [0x0000000469720000, 0x00000007c0000000, 0x00000007c0000000)
 Metaspace       used 44935K, capacity 46232K, committed 46652K, reserved 1091584K
  class space    used 4916K, capacity 5189K, committed 5268K, reserved 1048576K
}
2017-04-16T10:55:09.951-0700: 136234.211: Total time for which application threads were stopped: 0.0158514 seconds, Stopping threads took: 0.0001518 seconds
{Heap before GC invocations=12647 (full 18):
 par new generation   total 1800000K, used 1608288K [0x00000003ef600000, 0x0000000469720000, 0x0000000469720000)
  eden space 1600000K, 100% used [0x00000003ef600000, 0x0000000451080000, 0x0000000451080000)
  from space 200000K,   4% used [0x000000045d3d0000, 0x000000045dbe82b8, 0x0000000469720000)
  to   space 200000K,   0% used [0x0000000451080000, 0x0000000451080000, 0x000000045d3d0000)
 concurrent mark-sweep generation total 14001024K, used 7932025K [0x0000000469720000, 0x00000007c0000000, 0x00000007c0000000)
 Metaspace       used 44935K, capacity 46232K, committed 46652K, reserved 1091584K
  class space    used 4916K, capacity 5189K, committed 5268K, reserved 1048576K
2017-04-16T10:55:21.335-0700: 136245.594: [GC (Allocation Failure) Before GC:
Statistics for BinaryTreeDictionary:
------------------------------------
Total Free Space: 178331858
Max   Chunk Size: 1128311
Number of Blocks: 79933
Av.  Block  Size: 2231
Tree      Height: 110
2017-04-16T10:55:21.336-0700: 136245.595: [ParNew
Desired survivor size 102400000 bytes, new threshold 1 (max 1)
- age   1:    6327640 bytes,    6327640 total
: 1608288K->7140K(1800000K), 0.0127074 secs] 9540314K->7941014K(15801024K)After GC:
Statistics for BinaryTreeDictionary:
------------------------------------
Total Free Space: 178241229
Max   Chunk Size: 1128311
Number of Blocks: 79892
Av.  Block  Size: 2231
Tree      Height: 110
, 0.0140228 secs] [Times: user=0.31 sys=0.00, real=0.01 secs] 
Heap after GC invocations=12648 (full 18):
 par new generation   total 1800000K, used 7140K [0x00000003ef600000, 0x0000000469720000, 0x0000000469720000)
  eden space 1600000K,   0% used [0x00000003ef600000, 0x00000003ef600000, 0x0000000451080000)
  from space 200000K,   3% used [0x0000000451080000, 0x0000000451779128, 0x000000045d3d0000)
  to   space 200000K,   0% used [0x000000045d3d0000, 0x000000045d3d0000, 0x0000000469720000)
 concurrent mark-sweep generation total 14001024K, used 7933874K [0x0000000469720000, 0x00000007c0000000, 0x00000007c0000000)
 Metaspace       used 44935K, capacity 46232K, committed 46652K, reserved 1091584K
  class space    used 4916K, capacity 5189K, committed 5268K, reserved 1048576K
}
2017-04-16T10:55:21.349-0700: 136245.608: Total time for which application threads were stopped: 0.0151408 seconds, Stopping threads took: 0.0001655 seconds
2017-04-16T10:55:32.489-0700: 136256.749: Total time for which application threads were stopped: 0.0009508 seconds, Stopping threads took: 0.0001558 seconds
{Heap before GC invocations=12648 (full 18):
 par new generation   total 1800000K, used 1607140K [0x00000003ef600000, 0x0000000469720000, 0x0000000469720000)
  eden space 1600000K, 100% used [0x00000003ef600000, 0x0000000451080000, 0x0000000451080000)
  from space 200000K,   3% used [0x0000000451080000, 0x0000000451779128, 0x000000045d3d0000)
  to   space 200000K,   0% used [0x000000045d3d0000, 0x000000045d3d0000, 0x0000000469720000)
 concurrent mark-sweep generation total 14001024K, used 7933874K [0x0000000469720000, 0x00000007c0000000, 0x00000007c0000000)
 Metaspace       used 44935K, capacity 46232K, committed 46652K, reserved 1091584K
  class space    used 4916K, capacity 5189K, committed 5268K, reserved 1048576K
2017-04-16T10:55:34.529-0700: 136258.788: [GC (Allocation Failure) Before GC:
Statistics for BinaryTreeDictionary:
------------------------------------
Total Free Space: 178241229
Max   Chunk Size: 1128311
Number of Blocks: 79892
Av.  Block  Size: 2231
Tree      Height: 110
2017-04-16T10:55:34.529-0700: 136258.789: [ParNew
Desired survivor size 102400000 bytes, new threshold 1 (max 1)
- age   1:    6892816 bytes,    6892816 total
: 1607140K->7366K(1800000K), 0.0127089 secs] 9541014K->7942627K(15801024K)After GC:
Statistics for BinaryTreeDictionary:
------------------------------------
Total Free Space: 178189071
Max   Chunk Size: 1128311
Number of Blocks: 79854
Av.  Block  Size: 2231
Tree      Height: 110
, 0.0140122 secs] [Times: user=0.31 sys=0.00, real=0.02 secs] 
Heap after GC invocations=12649 (full 18):
 par new generation   total 1800000K, used 7366K [0x00000003ef600000, 0x0000000469720000, 0x0000000469720000)
  eden space 1600000K,   0% used [0x00000003ef600000, 0x00000003ef600000, 0x0000000451080000)
  from space 200000K,   3% used [0x000000045d3d0000, 0x000000045db01a38, 0x0000000469720000)
  to   space 200000K,   0% used [0x0000000451080000, 0x0000000451080000, 0x000000045d3d0000)
 concurrent mark-sweep generation total 14001024K, used 7935260K [0x0000000469720000, 0x00000007c0000000, 0x00000007c0000000)
 Metaspace       used 44935K, capacity 46232K, committed 46652K, reserved 1091584K
  class space    used 4916K, capacity 5189K, committed 5268K, reserved 1048576K
}
2017-04-16T10:55:34.543-0700: 136258.802: Total time for which application threads were stopped: 0.0151152 seconds, Stopping threads took: 0.0001434 seconds
2017-04-16T10:55:43.764-0700: 136268.023: Total time for which application threads were stopped: 0.0009112 seconds, Stopping threads took: 0.0001450 seconds
{Heap before GC invocations=12649 (full 18):
 par new generation   total 1800000K, used 1607366K [0x00000003ef600000, 0x0000000469720000, 0x0000000469720000)
  eden space 1600000K, 100% used [0x00000003ef600000, 0x0000000451080000, 0x0000000451080000)
  from space 200000K,   3% used [0x000000045d3d0000, 0x000000045db01a38, 0x0000000469720000)
  to   space 200000K,   0% used [0x0000000451080000, 0x0000000451080000, 0x000000045d3d0000)
 concurrent mark-sweep generation total 14001024K, used 7935260K [0x0000000469720000, 0x00000007c0000000, 0x00000007c0000000)
 Metaspace       used 44935K, capacity 46232K, committed 46652K, reserved 1091584K
  class space    used 4916K, capacity 5189K, committed 5268K, reserved 1048576K
2017-04-16T10:55:48.287-0700: 136272.546: [GC (Allocation Failure) Before GC:
Statistics for BinaryTreeDictionary:
------------------------------------
Total Free Space: 178189071
Max   Chunk Size: 1128311
Number of Blocks: 79854
Av.  Block  Size: 2231
Tree      Height: 110
2017-04-16T10:55:48.288-0700: 136272.547: [ParNew
Desired survivor size 102400000 bytes, new threshold 1 (max 1)
- age   1:    7064672 bytes,    7064672 total
: 1607366K->7522K(1800000K), 0.0138287 secs] 9542627K->7944755K(15801024K)After GC:
Statistics for BinaryTreeDictionary:
------------------------------------
Total Free Space: 178122764
Max   Chunk Size: 1128311
Number of Blocks: 79819
Av.  Block  Size: 2231
Tree      Height: 110
, 0.0151242 secs] [Times: user=0.32 sys=0.00, real=0.01 secs] 
Heap after GC invocations=12650 (full 18):
 par new generation   total 1800000K, used 7522K [0x00000003ef600000, 0x0000000469720000, 0x0000000469720000)
  eden space 1600000K,   0% used [0x00000003ef600000, 0x00000003ef600000, 0x0000000451080000)
  from space 200000K,   3% used [0x0000000451080000, 0x00000004517d8810, 0x000000045d3d0000)
  to   space 200000K,   0% used [0x000000045d3d0000, 0x000000045d3d0000, 0x0000000469720000)
 concurrent mark-sweep generation total 14001024K, used 7937233K [0x0000000469720000, 0x00000007c0000000, 0x00000007c0000000)
 Metaspace       used 44935K, capacity 46232K, committed 46652K, reserved 1091584K
  class space    used 4916K, capacity 5189K, committed 5268K, reserved 1048576K
}
2017-04-16T10:55:48.302-0700: 136272.562: Total time for which application threads were stopped: 0.0162179 seconds, Stopping threads took: 0.0001483 seconds
{Heap before GC invocations=12650 (full 18):
 par new generation   total 1800000K, used 1607522K [0x00000003ef600000, 0x0000000469720000, 0x0000000469720000)
  eden space 1600000K, 100% used [0x00000003ef600000, 0x0000000451080000, 0x0000000451080000)
  from space 200000K,   3% used [0x0000000451080000, 0x00000004517d8810, 0x000000045d3d0000)
  to   space 200000K,   0% used [0x000000045d3d0000, 0x000000045d3d0000, 0x0000000469720000)
 concurrent mark-sweep generation total 14001024K, used 7937233K [0x0000000469720000, 0x00000007c0000000, 0x00000007c0000000)
 Metaspace       used 44935K, capacity 46232K, committed 46652K, reserved 1091584K
  class space    used 4916K, capacity 5189K, committed 5268K, reserved 1048576K
2017-04-16T10:56:01.569-0700: 136285.828: [GC (Allocation Failure) Before GC:
Statistics for BinaryTreeDictionary:
------------------------------------
Total Free Space: 178122764
Max   Chunk Size: 1128311
Number of Blocks: 79819
Av.  Block  Size: 2231
Tree      Height: 110
2017-04-16T10:56:01.569-0700: 136285.829: [ParNew
Desired survivor size 102400000 bytes, new threshold 1 (max 1)
- age   1:    7015960 bytes,    7015960 total
: 1607522K->7501K(1800000K), 0.0128450 secs] 9544755K->7945853K(15801024K)After GC:
Statistics for BinaryTreeDictionary:
------------------------------------
Total Free Space: 178115603
Max   Chunk Size: 1128311
Number of Blocks: 79805
Av.  Block  Size: 2231
Tree      Height: 110
, 0.0141600 secs] [Times: user=0.31 sys=0.00, real=0.01 secs] 
Heap after GC invocations=12651 (full 18):
 par new generation   total 1800000K, used 7501K [0x00000003ef600000, 0x0000000469720000, 0x0000000469720000)
  eden space 1600000K,   0% used [0x00000003ef600000, 0x00000003ef600000, 0x0000000451080000)
  from space 200000K,   3% used [0x000000045d3d0000, 0x000000045db23628, 0x0000000469720000)
  to   space 200000K,   0% used [0x0000000451080000, 0x0000000451080000, 0x000000045d3d0000)
 concurrent mark-sweep generation total 14001024K, used 7938352K [0x0000000469720000, 0x00000007c0000000, 0x00000007c0000000)
 Metaspace       used 44935K, capacity 46232K, committed 46652K, reserved 1091584K
  class space    used 4916K, capacity 5189K, committed 5268K, reserved 1048576K
}
2017-04-16T10:56:01.583-0700: 136285.842: Total time for which application threads were stopped: 0.0152428 seconds, Stopping threads took: 0.0001456 seconds
2017-04-16T10:56:06.637-0700: 136290.897: Total time for which application threads were stopped: 0.0022011 seconds, Stopping threads took: 0.0001489 seconds
{Heap before GC invocations=12651 (full 18):
 par new generation   total 1800000K, used 1607501K [0x00000003ef600000, 0x0000000469720000, 0x0000000469720000)
  eden space 1600000K, 100% used [0x00000003ef600000, 0x0000000451080000, 0x0000000451080000)
  from space 200000K,   3% used [0x000000045d3d0000, 0x000000045db23628, 0x0000000469720000)
  to   space 200000K,   0% used [0x0000000451080000, 0x0000000451080000, 0x000000045d3d0000)
 concurrent mark-sweep generation total 14001024K, used 7938352K [0x0000000469720000, 0x00000007c0000000, 0x00000007c0000000)
 Metaspace       used 44935K, capacity 46232K, committed 46652K, reserved 1091584K
  class space    used 4916K, capacity 5189K, committed 5268K, reserved 1048576K
2017-04-16T10:56:15.659-0700: 136299.919: [GC (Allocation Failure) Before GC:
Statistics for BinaryTreeDictionary:
------------------------------------
Total Free Space: 178115603
Max   Chunk Size: 1128311
Number of Blocks: 79805
Av.  Block  Size: 2231
Tree      Height: 110
2017-04-16T10:56:15.660-0700: 136299.919: [ParNew
Desired survivor size 102400000 bytes, new threshold 1 (max 1)
- age   1:    6580792 bytes,    6580792 total
: 1607501K->7005K(1800000K), 0.0128582 secs] 9545853K->7946802K(15801024K)After GC:
Statistics for BinaryTreeDictionary:
------------------------------------
Total Free Space: 178064925
Max   Chunk Size: 1128311
Number of Blocks: 79770
Av.  Block  Size: 2232
Tree      Height: 110
, 0.0141719 secs] [Times: user=0.32 sys=0.00, real=0.01 secs] 
Heap after GC invocations=12652 (full 18):
 par new generation   total 1800000K, used 7005K [0x00000003ef600000, 0x0000000469720000, 0x0000000469720000)
  eden space 1600000K,   0% used [0x00000003ef600000, 0x00000003ef600000, 0x0000000451080000)
  from space 200000K,   3% used [0x0000000451080000, 0x0000000451757600, 0x000000045d3d0000)
  to   space 200000K,   0% used [0x000000045d3d0000, 0x000000045d3d0000, 0x0000000469720000)
 concurrent mark-sweep generation total 14001024K, used 7939796K [0x0000000469720000, 0x00000007c0000000, 0x00000007c0000000)
 Metaspace       used 44935K, capacity 46232K, committed 46652K, reserved 1091584K
  class space    used 4916K, capacity 5189K, committed 5268K, reserved 1048576K
}
2017-04-16T10:56:15.674-0700: 136299.933: Total time for which application threads were stopped: 0.0152419 seconds, Stopping threads took: 0.0001487 seconds
{Heap before GC invocations=12652 (full 18):
 par new generation   total 1800000K, used 1607005K [0x00000003ef600000, 0x0000000469720000, 0x0000000469720000)
  eden space 1600000K, 100% used [0x00000003ef600000, 0x0000000451080000, 0x0000000451080000)
  from space 200000K,   3% used [0x0000000451080000, 0x0000000451757600, 0x000000045d3d0000)
  to   space 200000K,   0% used [0x000000045d3d0000, 0x000000045d3d0000, 0x0000000469720000)
 concurrent mark-sweep generation total 14001024K, used 7939796K [0x0000000469720000, 0x00000007c0000000, 0x00000007c0000000)
 Metaspace       used 44935K, capacity 46232K, committed 46652K, reserved 1091584K
  class space    used 4916K, capacity 5189K, committed 5268K, reserved 1048576K
2017-04-16T10:56:29.436-0700: 136313.696: [GC (Allocation Failure) Before GC:
Statistics for BinaryTreeDictionary:
------------------------------------
Total Free Space: 178064925
Max   Chunk Size: 1128311
Number of Blocks: 79770
Av.  Block  Size: 2232
Tree      Height: 110
2017-04-16T10:56:29.437-0700: 136313.696: [ParNew
Desired survivor size 102400000 bytes, new threshold 1 (max 1)
- age   1:   11572664 bytes,   11572664 total
: 1607005K->11902K(1800000K), 0.0128136 secs] 9546802K->7953208K(15801024K)After GC:
Statistics for BinaryTreeDictionary:
------------------------------------
Total Free Space: 178005588
Max   Chunk Size: 1128311
Number of Blocks: 79753
Av.  Block  Size: 2231
Tree      Height: 110
, 0.0141447 secs] [Times: user=0.31 sys=0.00, real=0.02 secs] 
Heap after GC invocations=12653 (full 18):
 par new generation   total 1800000K, used 11902K [0x00000003ef600000, 0x0000000469720000, 0x0000000469720000)
  eden space 1600000K,   0% used [0x00000003ef600000, 0x00000003ef600000, 0x0000000451080000)
  from space 200000K,   5% used [0x000000045d3d0000, 0x000000045df6f8c0, 0x0000000469720000)
  to   space 200000K,   0% used [0x0000000451080000, 0x0000000451080000, 0x000000045d3d0000)
 concurrent mark-sweep generation total 14001024K, used 7941306K [0x0000000469720000, 0x00000007c0000000, 0x00000007c0000000)
 Metaspace       used 44935K, capacity 46232K, committed 46652K, reserved 1091584K
  class space    used 4916K, capacity 5189K, committed 5268K, reserved 1048576K
}
2017-04-16T10:56:29.451-0700: 136313.710: Total time for which application threads were stopped: 0.0152232 seconds, Stopping threads took: 0.0001544 seconds
2017-04-16T10:56:39.741-0700: 136324.000: Total time for which application threads were stopped: 0.0021615 seconds, Stopping threads took: 0.0001536 seconds
{Heap before GC invocations=12653 (full 18):
 par new generation   total 1800000K, used 1611902K [0x00000003ef600000, 0x0000000469720000, 0x0000000469720000)
  eden space 1600000K, 100% used [0x00000003ef600000, 0x0000000451080000, 0x0000000451080000)
  from space 200000K,   5% used [0x000000045d3d0000, 0x000000045df6f8c0, 0x0000000469720000)
  to   space 200000K,   0% used [0x0000000451080000, 0x0000000451080000, 0x000000045d3d0000)
 concurrent mark-sweep generation total 14001024K, used 7941306K [0x0000000469720000, 0x00000007c0000000, 0x00000007c0000000)
 Metaspace       used 44935K, capacity 46232K, committed 46652K, reserved 1091584K
  class space    used 4916K, capacity 5189K, committed 5268K, reserved 1048576K
2017-04-16T10:56:41.075-0700: 136325.334: [GC (Allocation Failure) Before GC:
Statistics for BinaryTreeDictionary:
------------------------------------
Total Free Space: 178005588
Max   Chunk Size: 1128311
Number of Blocks: 79753
Av.  Block  Size: 2231
Tree      Height: 110
2017-04-16T10:56:41.076-0700: 136325.335: [ParNew
Desired survivor size 102400000 bytes, new threshold 1 (max 1)
- age   1:    9529536 bytes,    9529536 total
: 1611902K->11797K(1800000K), 0.0194429 secs] 9553208K->7959769K(15801024K)After GC:
Statistics for BinaryTreeDictionary:
------------------------------------
Total Free Space: 177829240
Max   Chunk Size: 1128311
Number of Blocks: 79734
Av.  Block  Size: 2230
Tree      Height: 110
, 0.0207730 secs] [Times: user=0.32 sys=0.01, real=0.02 secs] 
Heap after GC invocations=12654 (full 18):
 par new generation   total 1800000K, used 11797K [0x00000003ef600000, 0x0000000469720000, 0x0000000469720000)
  eden space 1600000K,   0% used [0x00000003ef600000, 0x00000003ef600000, 0x0000000451080000)
  from space 200000K,   5% used [0x0000000451080000, 0x0000000451c057b0, 0x000000045d3d0000)
  to   space 200000K,   0% used [0x000000045d3d0000, 0x000000045d3d0000, 0x0000000469720000)
 concurrent mark-sweep generation total 14001024K, used 7947971K [0x0000000469720000, 0x00000007c0000000, 0x00000007c0000000)
 Metaspace       used 44935K, capacity 46232K, committed 46652K, reserved 1091584K
  class space    used 4916K, capacity 5189K, committed 5268K, reserved 1048576K
}
2017-04-16T10:56:41.096-0700: 136325.355: Total time for which application threads were stopped: 0.0218566 seconds, Stopping threads took: 0.0001441 seconds
{Heap before GC invocations=12654 (full 18):
 par new generation   total 1800000K, used 1611797K [0x00000003ef600000, 0x0000000469720000, 0x0000000469720000)
  eden space 1600000K, 100% used [0x00000003ef600000, 0x0000000451080000, 0x0000000451080000)
  from space 200000K,   5% used [0x0000000451080000, 0x0000000451c057b0, 0x000000045d3d0000)
  to   space 200000K,   0% used [0x000000045d3d0000, 0x000000045d3d0000, 0x0000000469720000)
 concurrent mark-sweep generation total 14001024K, used 7947971K [0x0000000469720000, 0x00000007c0000000, 0x00000007c0000000)
 Metaspace       used 44935K, capacity 46232K, committed 46652K, reserved 1091584K
  class space    used 4916K, capacity 5189K, committed 5268K, reserved 1048576K
2017-04-16T10:56:54.277-0700: 136338.536: [GC (Allocation Failure) Before GC:
Statistics for BinaryTreeDictionary:
------------------------------------
Total Free Space: 177829240
Max   Chunk Size: 1128311
Number of Blocks: 79734
Av.  Block  Size: 2230
Tree      Height: 110
2017-04-16T10:56:54.278-0700: 136338.537: [ParNew
Desired survivor size 102400000 bytes, new threshold 1 (max 1)
- age   1:    5826920 bytes,    5826920 total
: 1611797K->7066K(1800000K), 0.0129347 secs] 9559769K->7959072K(15801024K)After GC:
Statistics for BinaryTreeDictionary:
------------------------------------
Total Free Space: 177633574
Max   Chunk Size: 1128311
Number of Blocks: 79712
Av.  Block  Size: 2228
Tree      Height: 110
, 0.0142412 secs] [Times: user=0.30 sys=0.00, real=0.01 secs] 
Heap after GC invocations=12655 (full 18):
 par new generation   total 1800000K, used 7066K [0x00000003ef600000, 0x0000000469720000, 0x0000000469720000)
  eden space 1600000K,   0% used [0x00000003ef600000, 0x00000003ef600000, 0x0000000451080000)
  from space 200000K,   3% used [0x000000045d3d0000, 0x000000045dab6918, 0x0000000469720000)
  to   space 200000K,   0% used [0x0000000451080000, 0x0000000451080000, 0x000000045d3d0000)
 concurrent mark-sweep generation total 14001024K, used 7952006K [0x0000000469720000, 0x00000007c0000000, 0x00000007c0000000)
 Metaspace       used 44935K, capacity 46232K, committed 46652K, reserved 1091584K
  class space    used 4916K, capacity 5189K, committed 5268K, reserved 1048576K
}
2017-04-16T10:56:54.291-0700: 136338.551: Total time for which application threads were stopped: 0.0153335 seconds, Stopping threads took: 0.0001489 seconds
{Heap before GC invocations=12655 (full 18):
 par new generation   total 1800000K, used 1607066K [0x00000003ef600000, 0x0000000469720000, 0x0000000469720000)
  eden space 1600000K, 100% used [0x00000003ef600000, 0x0000000451080000, 0x0000000451080000)
  from space 200000K,   3% used [0x000000045d3d0000, 0x000000045dab6918, 0x0000000469720000)
  to   space 200000K,   0% used [0x0000000451080000, 0x0000000451080000, 0x000000045d3d0000)
 concurrent mark-sweep generation total 14001024K, used 7952006K [0x0000000469720000, 0x00000007c0000000, 0x00000007c0000000)
 Metaspace       used 44935K, capacity 46232K, committed 46652K, reserved 1091584K
  class space    used 4916K, capacity 5189K, committed 5268K, reserved 1048576K
2017-04-16T10:57:07.971-0700: 136352.230: [GC (Allocation Failure) Before GC:
Statistics for BinaryTreeDictionary:
------------------------------------
Total Free Space: 177633574
Max   Chunk Size: 1128311
Number of Blocks: 79712
Av.  Block  Size: 2228
Tree      Height: 110
2017-04-16T10:57:07.972-0700: 136352.231: [ParNew
Desired survivor size 102400000 bytes, new threshold 1 (max 1)
- age   1:    6219136 bytes,    6219136 total
: 1607066K->6469K(1800000K), 0.0123005 secs] 9559072K->7959681K(15801024K)After GC:
Statistics for BinaryTreeDictionary:
------------------------------------
Total Free Space: 177595878
Max   Chunk Size: 1128311
Number of Blocks: 79676
Av.  Block  Size: 2228
Tree      Height: 110
, 0.0135925 secs] [Times: user=0.30 sys=0.00, real=0.01 secs] 
Heap after GC invocations=12656 (full 18):
 par new generation   total 1800000K, used 6469K [0x00000003ef600000, 0x0000000469720000, 0x0000000469720000)
  eden space 1600000K,   0% used [0x00000003ef600000, 0x00000003ef600000, 0x0000000451080000)
  from space 200000K,   3% used [0x0000000451080000, 0x00000004516d1750, 0x000000045d3d0000)
  to   space 200000K,   0% used [0x000000045d3d0000, 0x000000045d3d0000, 0x0000000469720000)
 concurrent mark-sweep generation total 14001024K, used 7953211K [0x0000000469720000, 0x00000007c0000000, 0x00000007c0000000)
 Metaspace       used 44935K, capacity 46232K, committed 46652K, reserved 1091584K
  class space    used 4916K, capacity 5189K, committed 5268K, reserved 1048576K
}
2017-04-16T10:57:07.985-0700: 136352.244: Total time for which application threads were stopped: 0.0146766 seconds, Stopping threads took: 0.0001595 seconds
{Heap before GC invocations=12656 (full 18):
 par new generation   total 1800000K, used 1606469K [0x00000003ef600000, 0x0000000469720000, 0x0000000469720000)
  eden space 1600000K, 100% used [0x00000003ef600000, 0x0000000451080000, 0x0000000451080000)
  from space 200000K,   3% used [0x0000000451080000, 0x00000004516d1750, 0x000000045d3d0000)
  to   space 200000K,   0% used [0x000000045d3d0000, 0x000000045d3d0000, 0x0000000469720000)
 concurrent mark-sweep generation total 14001024K, used 7953211K [0x0000000469720000, 0x00000007c0000000, 0x00000007c0000000)
 Metaspace       used 44935K, capacity 46232K, committed 46652K, reserved 1091584K
  class space    used 4916K, capacity 5189K, committed 5268K, reserved 1048576K
2017-04-16T10:57:21.220-0700: 136365.479: [GC (Allocation Failure) Before GC:
Statistics for BinaryTreeDictionary:
------------------------------------
Total Free Space: 177595878
Max   Chunk Size: 1128311
Number of Blocks: 79676
Av.  Block  Size: 2228
Tree      Height: 110
2017-04-16T10:57:21.221-0700: 136365.480: [ParNew
Desired survivor size 102400000 bytes, new threshold 1 (max 1)
- age   1:    5926896 bytes,    5926896 total
: 1606469K->6367K(1800000K), 0.0126713 secs] 9559681K->7961038K(15801024K)After GC:
Statistics for BinaryTreeDictionary:
------------------------------------
Total Free Space: 177553048
Max   Chunk Size: 1128311
Number of Blocks: 79659
Av.  Block  Size: 2228
Tree      Height: 110
, 0.0140084 secs] [Times: user=0.29 sys=0.01, real=0.01 secs] 
Heap after GC invocations=12657 (full 18):
 par new generation   total 1800000K, used 6367K [0x00000003ef600000, 0x0000000469720000, 0x0000000469720000)
  eden space 1600000K,   0% used [0x00000003ef600000, 0x00000003ef600000, 0x0000000451080000)
  from space 200000K,   3% used [0x000000045d3d0000, 0x000000045da07f18, 0x0000000469720000)
  to   space 200000K,   0% used [0x0000000451080000, 0x0000000451080000, 0x000000045d3d0000)
 concurrent mark-sweep generation total 14001024K, used 7954670K [0x0000000469720000, 0x00000007c0000000, 0x00000007c0000000)
 Metaspace       used 44935K, capacity 46232K, committed 46652K, reserved 1091584K
  class space    used 4916K, capacity 5189K, committed 5268K, reserved 1048576K
}
2017-04-16T10:57:21.234-0700: 136365.494: Total time for which application threads were stopped: 0.0151166 seconds, Stopping threads took: 0.0001592 seconds
{Heap before GC invocations=12657 (full 18):
 par new generation   total 1800000K, used 1606367K [0x00000003ef600000, 0x0000000469720000, 0x0000000469720000)
  eden space 1600000K, 100% used [0x00000003ef600000, 0x0000000451080000, 0x0000000451080000)
  from space 200000K,   3% used [0x000000045d3d0000, 0x000000045da07f18, 0x0000000469720000)
  to   space 200000K,   0% used [0x0000000451080000, 0x0000000451080000, 0x000000045d3d0000)
 concurrent mark-sweep generation total 14001024K, used 7954670K [0x0000000469720000, 0x00000007c0000000, 0x00000007c0000000)
 Metaspace       used 44935K, capacity 46232K, committed 46652K, reserved 1091584K
  class space    used 4916K, capacity 5189K, committed 5268K, reserved 1048576K
2017-04-16T10:57:35.158-0700: 136379.417: [GC (Allocation Failure) Before GC:
Statistics for BinaryTreeDictionary:
------------------------------------
Total Free Space: 177553048
Max   Chunk Size: 1128311
Number of Blocks: 79659
Av.  Block  Size: 2228
Tree      Height: 110
2017-04-16T10:57:35.159-0700: 136379.418: [ParNew
Desired survivor size 102400000 bytes, new threshold 1 (max 1)
- age   1:    6220736 bytes,    6220736 total
: 1606367K->6528K(1800000K), 0.0124415 secs] 9561038K->7962503K(15801024K)After GC:
Statistics for BinaryTreeDictionary:
------------------------------------
Total Free Space: 177509271
Max   Chunk Size: 1128311
Number of Blocks: 79641
Av.  Block  Size: 2228
Tree      Height: 110
, 0.0137610 secs] [Times: user=0.30 sys=0.01, real=0.02 secs] 
Heap after GC invocations=12658 (full 18):
 par new generation   total 1800000K, used 6528K [0x00000003ef600000, 0x0000000469720000, 0x0000000469720000)
  eden space 1600000K,   0% used [0x00000003ef600000, 0x00000003ef600000, 0x0000000451080000)
  from space 200000K,   3% used [0x0000000451080000, 0x00000004516e0318, 0x000000045d3d0000)
  to   space 200000K,   0% used [0x000000045d3d0000, 0x000000045d3d0000, 0x0000000469720000)
 concurrent mark-sweep generation total 14001024K, used 7955975K [0x0000000469720000, 0x00000007c0000000, 0x00000007c0000000)
 Metaspace       used 44935K, capacity 46232K, committed 46652K, reserved 1091584K
  class space    used 4916K, capacity 5189K, committed 5268K, reserved 1048576K
}
2017-04-16T10:57:35.172-0700: 136379.431: Total time for which application threads were stopped: 0.0148435 seconds, Stopping threads took: 0.0001482 seconds
{Heap before GC invocations=12658 (full 18):
 par new generation   total 1800000K, used 1606528K [0x00000003ef600000, 0x0000000469720000, 0x0000000469720000)
  eden space 1600000K, 100% used [0x00000003ef600000, 0x0000000451080000, 0x0000000451080000)
  from space 200000K,   3% used [0x0000000451080000, 0x00000004516e0318, 0x000000045d3d0000)
  to   space 200000K,   0% used [0x000000045d3d0000, 0x000000045d3d0000, 0x0000000469720000)
 concurrent mark-sweep generation total 14001024K, used 7955975K [0x0000000469720000, 0x00000007c0000000, 0x00000007c0000000)
 Metaspace       used 44935K, capacity 46232K, committed 46652K, reserved 1091584K
  class space    used 4916K, capacity 5189K, committed 5268K, reserved 1048576K
2017-04-16T10:57:48.273-0700: 136392.532: [GC (Allocation Failure) Before GC:
Statistics for BinaryTreeDictionary:
------------------------------------
Total Free Space: 177509271
Max   Chunk Size: 1128311
Number of Blocks: 79641
Av.  Block  Size: 2228
Tree      Height: 110
2017-04-16T10:57:48.273-0700: 136392.533: [ParNew
Desired survivor size 102400000 bytes, new threshold 1 (max 1)
- age   1:    5754976 bytes,    5754976 total
: 1606528K->6177K(1800000K), 0.0127176 secs] 9562503K->7963348K(15801024K)After GC:
Statistics for BinaryTreeDictionary:
------------------------------------
Total Free Space: 177480497
Max   Chunk Size: 1128311
Number of Blocks: 79618
Av.  Block  Size: 2229
Tree      Height: 110
, 0.0140386 secs] [Times: user=0.32 sys=0.00, real=0.01 secs] 
Heap after GC invocations=12659 (full 18):
 par new generation   total 1800000K, used 6177K [0x00000003ef600000, 0x0000000469720000, 0x0000000469720000)
  eden space 1600000K,   0% used [0x00000003ef600000, 0x00000003ef600000, 0x0000000451080000)
  from space 200000K,   3% used [0x000000045d3d0000, 0x000000045d9d8488, 0x0000000469720000)
  to   space 200000K,   0% used [0x0000000451080000, 0x0000000451080000, 0x000000045d3d0000)
 concurrent mark-sweep generation total 14001024K, used 7957171K [0x0000000469720000, 0x00000007c0000000, 0x00000007c0000000)
 Metaspace       used 44935K, capacity 46232K, committed 46652K, reserved 1091584K
  class space    used 4916K, capacity 5189K, committed 5268K, reserved 1048576K
}
2017-04-16T10:57:48.287-0700: 136392.546: Total time for which application threads were stopped: 0.0151181 seconds, Stopping threads took: 0.0001452 seconds
{Heap before GC invocations=12659 (full 18):
 par new generation   total 1800000K, used 1606177K [0x00000003ef600000, 0x0000000469720000, 0x0000000469720000)
  eden space 1600000K, 100% used [0x00000003ef600000, 0x0000000451080000, 0x0000000451080000)
  from space 200000K,   3% used [0x000000045d3d0000, 0x000000045d9d8488, 0x0000000469720000)
  to   space 200000K,   0% used [0x0000000451080000, 0x0000000451080000, 0x000000045d3d0000)
 concurrent mark-sweep generation total 14001024K, used 7957171K [0x0000000469720000, 0x00000007c0000000, 0x00000007c0000000)
 Metaspace       used 44935K, capacity 46232K, committed 46652K, reserved 1091584K
  class space    used 4916K, capacity 5189K, committed 5268K, reserved 1048576K
2017-04-16T10:58:02.109-0700: 136406.368: [GC (Allocation Failure) Before GC:
Statistics for BinaryTreeDictionary:
------------------------------------
Total Free Space: 177480497
Max   Chunk Size: 1128311
Number of Blocks: 79618
Av.  Block  Size: 2229
Tree      Height: 110
2017-04-16T10:58:02.109-0700: 136406.368: [ParNew
Desired survivor size 102400000 bytes, new threshold 1 (max 1)
- age   1:    6771360 bytes,    6771360 total
: 1606177K->7152K(1800000K), 0.0125181 secs] 9563348K->7965580K(15801024K)After GC:
Statistics for BinaryTreeDictionary:
------------------------------------
Total Free Space: 177450707
Max   Chunk Size: 1128311
Number of Blocks: 79593
Av.  Block  Size: 2229
Tree      Height: 110
, 0.0138347 secs] [Times: user=0.31 sys=0.00, real=0.01 secs] 
Heap after GC invocations=12660 (full 18):
 par new generation   total 1800000K, used 7152K [0x00000003ef600000, 0x0000000469720000, 0x0000000469720000)
  eden space 1600000K,   0% used [0x00000003ef600000, 0x00000003ef600000, 0x0000000451080000)
  from space 200000K,   3% used [0x0000000451080000, 0x000000045177c198, 0x000000045d3d0000)
  to   space 200000K,   0% used [0x000000045d3d0000, 0x000000045d3d0000, 0x0000000469720000)
 concurrent mark-sweep generation total 14001024K, used 7958427K [0x0000000469720000, 0x00000007c0000000, 0x00000007c0000000)
 Metaspace       used 44935K, capacity 46232K, committed 46652K, reserved 1091584K
  class space    used 4916K, capacity 5189K, committed 5268K, reserved 1048576K
}
2017-04-16T10:58:02.123-0700: 136406.382: Total time for which application threads were stopped: 0.0149179 seconds, Stopping threads took: 0.0001573 seconds
2017-04-16T10:58:09.703-0700: 136413.962: Total time for which application threads were stopped: 0.0021368 seconds, Stopping threads took: 0.0001436 seconds
2017-04-16T10:58:11.860-0700: 136416.120: Total time for which application threads were stopped: 0.0008991 seconds, Stopping threads took: 0.0001611 seconds
{Heap before GC invocations=12660 (full 18):
 par new generation   total 1800000K, used 1607152K [0x00000003ef600000, 0x0000000469720000, 0x0000000469720000)
  eden space 1600000K, 100% used [0x00000003ef600000, 0x0000000451080000, 0x0000000451080000)
  from space 200000K,   3% used [0x0000000451080000, 0x000000045177c198, 0x000000045d3d0000)
  to   space 200000K,   0% used [0x000000045d3d0000, 0x000000045d3d0000, 0x0000000469720000)
 concurrent mark-sweep generation total 14001024K, used 7958427K [0x0000000469720000, 0x00000007c0000000, 0x00000007c0000000)
 Metaspace       used 44935K, capacity 46232K, committed 46652K, reserved 1091584K
  class space    used 4916K, capacity 5189K, committed 5268K, reserved 1048576K
2017-04-16T10:58:13.765-0700: 136418.025: [GC (Allocation Failure) Before GC:
Statistics for BinaryTreeDictionary:
------------------------------------
Total Free Space: 177450707
Max   Chunk Size: 1128311
Number of Blocks: 79593
Av.  Block  Size: 2229
Tree      Height: 110
2017-04-16T10:58:13.766-0700: 136418.025: [ParNew
Desired survivor size 102400000 bytes, new threshold 1 (max 1)
- age   1:    6032360 bytes,    6032360 total
: 1607152K->6417K(1800000K), 0.0124570 secs] 9565580K->7966451K(15801024K)After GC:
Statistics for BinaryTreeDictionary:
------------------------------------
Total Free Space: 177376112
Max   Chunk Size: 1128311
Number of Blocks: 79577
Av.  Block  Size: 2228
Tree      Height: 110
, 0.0137544 secs] [Times: user=0.30 sys=0.00, real=0.02 secs] 
Heap after GC invocations=12661 (full 18):
 par new generation   total 1800000K, used 6417K [0x00000003ef600000, 0x0000000469720000, 0x0000000469720000)
  eden space 1600000K,   0% used [0x00000003ef600000, 0x00000003ef600000, 0x0000000451080000)
  from space 200000K,   3% used [0x000000045d3d0000, 0x000000045da14418, 0x0000000469720000)
  to   space 200000K,   0% used [0x0000000451080000, 0x0000000451080000, 0x000000045d3d0000)
 concurrent mark-sweep generation total 14001024K, used 7960034K [0x0000000469720000, 0x00000007c0000000, 0x00000007c0000000)
 Metaspace       used 44935K, capacity 46232K, committed 46652K, reserved 1091584K
  class space    used 4916K, capacity 5189K, committed 5268K, reserved 1048576K
}
2017-04-16T10:58:13.779-0700: 136418.039: Total time for which application threads were stopped: 0.0148409 seconds, Stopping threads took: 0.0001468 seconds
{Heap before GC invocations=12661 (full 18):
 par new generation   total 1800000K, used 1606417K [0x00000003ef600000, 0x0000000469720000, 0x0000000469720000)
  eden space 1600000K, 100% used [0x00000003ef600000, 0x0000000451080000, 0x0000000451080000)
  from space 200000K,   3% used [0x000000045d3d0000, 0x000000045da14418, 0x0000000469720000)
  to   space 200000K,   0% used [0x0000000451080000, 0x0000000451080000, 0x000000045d3d0000)
 concurrent mark-sweep generation total 14001024K, used 7960034K [0x0000000469720000, 0x00000007c0000000, 0x00000007c0000000)
 Metaspace       used 44935K, capacity 46232K, committed 46652K, reserved 1091584K
  class space    used 4916K, capacity 5189K, committed 5268K, reserved 1048576K
2017-04-16T10:58:27.192-0700: 136431.451: [GC (Allocation Failure) Before GC:
Statistics for BinaryTreeDictionary:
------------------------------------
Total Free Space: 177376112
Max   Chunk Size: 1128311
Number of Blocks: 79577
Av.  Block  Size: 2228
Tree      Height: 110
2017-04-16T10:58:27.192-0700: 136431.452: [ParNew
Desired survivor size 102400000 bytes, new threshold 1 (max 1)
- age   1:    6280528 bytes,    6280528 total
: 1606417K->6716K(1800000K), 0.0119824 secs] 9566451K->7968175K(15801024K)After GC:
Statistics for BinaryTreeDictionary:
------------------------------------
Total Free Space: 177283740
Max   Chunk Size: 1128311
Number of Blocks: 79497
Av.  Block  Size: 2230
Tree      Height: 110
, 0.0132702 secs] [Times: user=0.28 sys=0.01, real=0.01 secs] 
Heap after GC invocations=12662 (full 18):
 par new generation   total 1800000K, used 6716K [0x00000003ef600000, 0x0000000469720000, 0x0000000469720000)
  eden space 1600000K,   0% used [0x00000003ef600000, 0x00000003ef600000, 0x0000000451080000)
  from space 200000K,   3% used [0x0000000451080000, 0x000000045170f088, 0x000000045d3d0000)
  to   space 200000K,   0% used [0x000000045d3d0000, 0x000000045d3d0000, 0x0000000469720000)
 concurrent mark-sweep generation total 14001024K, used 7961459K [0x0000000469720000, 0x00000007c0000000, 0x00000007c0000000)
 Metaspace       used 44935K, capacity 46232K, committed 46652K, reserved 1091584K
  class space    used 4916K, capacity 5189K, committed 5268K, reserved 1048576K
}
2017-04-16T10:58:27.205-0700: 136431.464: Total time for which application threads were stopped: 0.0143505 seconds, Stopping threads took: 0.0001466 seconds
{Heap before GC invocations=12662 (full 18):
 par new generation   total 1800000K, used 1606716K [0x00000003ef600000, 0x0000000469720000, 0x0000000469720000)
  eden space 1600000K, 100% used [0x00000003ef600000, 0x0000000451080000, 0x0000000451080000)
  from space 200000K,   3% used [0x0000000451080000, 0x000000045170f088, 0x000000045d3d0000)
  to   space 200000K,   0% used [0x000000045d3d0000, 0x000000045d3d0000, 0x0000000469720000)
 concurrent mark-sweep generation total 14001024K, used 7961459K [0x0000000469720000, 0x00000007c0000000, 0x00000007c0000000)
 Metaspace       used 44935K, capacity 46232K, committed 46652K, reserved 1091584K
  class space    used 4916K, capacity 5189K, committed 5268K, reserved 1048576K
2017-04-16T10:58:40.905-0700: 136445.164: [GC (Allocation Failure) Before GC:
Statistics for BinaryTreeDictionary:
------------------------------------
Total Free Space: 177283740
Max   Chunk Size: 1128311
Number of Blocks: 79497
Av.  Block  Size: 2230
Tree      Height: 110
2017-04-16T10:58:40.905-0700: 136445.165: [ParNew
Desired survivor size 102400000 bytes, new threshold 1 (max 1)
- age   1:    7213968 bytes,    7213968 total
: 1606716K->7696K(1800000K), 0.0128783 secs] 9568175K->7970417K(15801024K)After GC:
Statistics for BinaryTreeDictionary:
------------------------------------
Total Free Space: 177243700
Max   Chunk Size: 1128311
Number of Blocks: 79483
Av.  Block  Size: 2229
Tree      Height: 110
, 0.0142006 secs] [Times: user=0.31 sys=0.00, real=0.01 secs] 
Heap after GC invocations=12663 (full 18):
 par new generation   total 1800000K, used 7696K [0x00000003ef600000, 0x0000000469720000, 0x0000000469720000)
  eden space 1600000K,   0% used [0x00000003ef600000, 0x00000003ef600000, 0x0000000451080000)
  from space 200000K,   3% used [0x000000045d3d0000, 0x000000045db541e0, 0x0000000469720000)
  to   space 200000K,   0% used [0x0000000451080000, 0x0000000451080000, 0x000000045d3d0000)
 concurrent mark-sweep generation total 14001024K, used 7962721K [0x0000000469720000, 0x00000007c0000000, 0x00000007c0000000)
 Metaspace       used 44935K, capacity 46232K, committed 46652K, reserved 1091584K
  class space    used 4916K, capacity 5189K, committed 5268K, reserved 1048576K
}
2017-04-16T10:58:40.919-0700: 136445.178: Total time for which application threads were stopped: 0.0152793 seconds, Stopping threads took: 0.0001514 seconds
{Heap before GC invocations=12663 (full 18):
 par new generation   total 1800000K, used 1607696K [0x00000003ef600000, 0x0000000469720000, 0x0000000469720000)
  eden space 1600000K, 100% used [0x00000003ef600000, 0x0000000451080000, 0x0000000451080000)
  from space 200000K,   3% used [0x000000045d3d0000, 0x000000045db541e0, 0x0000000469720000)
  to   space 200000K,   0% used [0x0000000451080000, 0x0000000451080000, 0x000000045d3d0000)
 concurrent mark-sweep generation total 14001024K, used 7962721K [0x0000000469720000, 0x00000007c0000000, 0x00000007c0000000)
 Metaspace       used 44935K, capacity 46232K, committed 46652K, reserved 1091584K
  class space    used 4916K, capacity 5189K, committed 5268K, reserved 1048576K
2017-04-16T10:58:54.132-0700: 136458.391: [GC (Allocation Failure) Before GC:
Statistics for BinaryTreeDictionary:
------------------------------------
Total Free Space: 177243700
Max   Chunk Size: 1128311
Number of Blocks: 79483
Av.  Block  Size: 2229
Tree      Height: 110
2017-04-16T10:58:54.133-0700: 136458.392: [ParNew
Desired survivor size 102400000 bytes, new threshold 1 (max 1)
- age   1:    6725248 bytes,    6725248 total
: 1607696K->7128K(1800000K), 0.0124469 secs] 9570417K->7970991K(15801024K)After GC:
Statistics for BinaryTreeDictionary:
------------------------------------
Total Free Space: 177207694
Max   Chunk Size: 1128311
Number of Blocks: 79444
Av.  Block  Size: 2230
Tree      Height: 110
, 0.0137747 secs] [Times: user=0.31 sys=0.00, real=0.02 secs] 
Heap after GC invocations=12664 (full 18):
 par new generation   total 1800000K, used 7128K [0x00000003ef600000, 0x0000000469720000, 0x0000000469720000)
  eden space 1600000K,   0% used [0x00000003ef600000, 0x00000003ef600000, 0x0000000451080000)
  from space 200000K,   3% used [0x0000000451080000, 0x0000000451776280, 0x000000045d3d0000)
  to   space 200000K,   0% used [0x000000045d3d0000, 0x000000045d3d0000, 0x0000000469720000)
 concurrent mark-sweep generation total 14001024K, used 7963862K [0x0000000469720000, 0x00000007c0000000, 0x00000007c0000000)
 Metaspace       used 44935K, capacity 46232K, committed 46652K, reserved 1091584K
  class space    used 4916K, capacity 5189K, committed 5268K, reserved 1048576K
}
2017-04-16T10:58:54.146-0700: 136458.405: Total time for which application threads were stopped: 0.0148581 seconds, Stopping threads took: 0.0001486 seconds
2017-04-16T10:59:06.721-0700: 136470.980: Total time for which application threads were stopped: 0.0021671 seconds, Stopping threads took: 0.0001495 seconds
{Heap before GC invocations=12664 (full 18):
 par new generation   total 1800000K, used 1607128K [0x00000003ef600000, 0x0000000469720000, 0x0000000469720000)
  eden space 1600000K, 100% used [0x00000003ef600000, 0x0000000451080000, 0x0000000451080000)
  from space 200000K,   3% used [0x0000000451080000, 0x0000000451776280, 0x000000045d3d0000)
  to   space 200000K,   0% used [0x000000045d3d0000, 0x000000045d3d0000, 0x0000000469720000)
 concurrent mark-sweep generation total 14001024K, used 7963862K [0x0000000469720000, 0x00000007c0000000, 0x00000007c0000000)
 Metaspace       used 44935K, capacity 46232K, committed 46652K, reserved 1091584K
  class space    used 4916K, capacity 5189K, committed 5268K, reserved 1048576K
2017-04-16T10:59:07.783-0700: 136472.042: [GC (Allocation Failure) Before GC:
Statistics for BinaryTreeDictionary:
------------------------------------
Total Free Space: 177207694
Max   Chunk Size: 1128311
Number of Blocks: 79444
Av.  Block  Size: 2230
Tree      Height: 110
2017-04-16T10:59:07.783-0700: 136472.043: [ParNew
Desired survivor size 102400000 bytes, new threshold 1 (max 1)
- age   1:    8675888 bytes,    8675888 total
: 1607128K->8943K(1800000K), 0.0124045 secs] 9570991K->7973864K(15801024K)After GC:
Statistics for BinaryTreeDictionary:
------------------------------------
Total Free Space: 177195919
Max   Chunk Size: 1128311
Number of Blocks: 79420
Av.  Block  Size: 2231
Tree      Height: 110
, 0.0137198 secs] [Times: user=0.30 sys=0.00, real=0.02 secs] 
Heap after GC invocations=12665 (full 18):
 par new generation   total 1800000K, used 8943K [0x00000003ef600000, 0x0000000469720000, 0x0000000469720000)
  eden space 1600000K,   0% used [0x00000003ef600000, 0x00000003ef600000, 0x0000000451080000)
  from space 200000K,   4% used [0x000000045d3d0000, 0x000000045dc8bf48, 0x0000000469720000)
  to   space 200000K,   0% used [0x0000000451080000, 0x0000000451080000, 0x000000045d3d0000)
 concurrent mark-sweep generation total 14001024K, used 7964920K [0x0000000469720000, 0x00000007c0000000, 0x00000007c0000000)
 Metaspace       used 44935K, capacity 46232K, committed 46652K, reserved 1091584K
  class space    used 4916K, capacity 5189K, committed 5268K, reserved 1048576K
}
2017-04-16T10:59:07.797-0700: 136472.056: Total time for which application threads were stopped: 0.0148172 seconds, Stopping threads took: 0.0001508 seconds
{Heap before GC invocations=12665 (full 18):
 par new generation   total 1800000K, used 1608943K [0x00000003ef600000, 0x0000000469720000, 0x0000000469720000)
  eden space 1600000K, 100% used [0x00000003ef600000, 0x0000000451080000, 0x0000000451080000)
  from space 200000K,   4% used [0x000000045d3d0000, 0x000000045dc8bf48, 0x0000000469720000)
  to   space 200000K,   0% used [0x0000000451080000, 0x0000000451080000, 0x000000045d3d0000)
 concurrent mark-sweep generation total 14001024K, used 7964920K [0x0000000469720000, 0x00000007c0000000, 0x00000007c0000000)
 Metaspace       used 44935K, capacity 46232K, committed 46652K, reserved 1091584K
  class space    used 4916K, capacity 5189K, committed 5268K, reserved 1048576K
2017-04-16T10:59:21.771-0700: 136486.030: [GC (Allocation Failure) Before GC:
Statistics for BinaryTreeDictionary:
------------------------------------
Total Free Space: 177195919
Max   Chunk Size: 1128311
Number of Blocks: 79420
Av.  Block  Size: 2231
Tree      Height: 110
2017-04-16T10:59:21.771-0700: 136486.031: [ParNew
Desired survivor size 102400000 bytes, new threshold 1 (max 1)
- age   1:    6841120 bytes,    6841120 total
: 1608943K->7219K(1800000K), 0.0126911 secs] 9573864K->7974594K(15801024K)After GC:
Statistics for BinaryTreeDictionary:
------------------------------------
Total Free Space: 177004977
Max   Chunk Size: 1128311
Number of Blocks: 79400
Av.  Block  Size: 2229
Tree      Height: 110
, 0.0139988 secs] [Times: user=0.31 sys=0.00, real=0.01 secs] 
Heap after GC invocations=12666 (full 18):
 par new generation   total 1800000K, used 7219K [0x00000003ef600000, 0x0000000469720000, 0x0000000469720000)
  eden space 1600000K,   0% used [0x00000003ef600000, 0x00000003ef600000, 0x0000000451080000)
  from space 200000K,   3% used [0x0000000451080000, 0x000000045178cfc0, 0x000000045d3d0000)
  to   space 200000K,   0% used [0x000000045d3d0000, 0x000000045d3d0000, 0x0000000469720000)
 concurrent mark-sweep generation total 14001024K, used 7967374K [0x0000000469720000, 0x00000007c0000000, 0x00000007c0000000)
 Metaspace       used 44935K, capacity 46232K, committed 46652K, reserved 1091584K
  class space    used 4916K, capacity 5189K, committed 5268K, reserved 1048576K
}
2017-04-16T10:59:21.785-0700: 136486.044: Total time for which application threads were stopped: 0.0150889 seconds, Stopping threads took: 0.0001585 seconds
{Heap before GC invocations=12666 (full 18):
 par new generation   total 1800000K, used 1607219K [0x00000003ef600000, 0x0000000469720000, 0x0000000469720000)
  eden space 1600000K, 100% used [0x00000003ef600000, 0x0000000451080000, 0x0000000451080000)
  from space 200000K,   3% used [0x0000000451080000, 0x000000045178cfc0, 0x000000045d3d0000)
  to   space 200000K,   0% used [0x000000045d3d0000, 0x000000045d3d0000, 0x0000000469720000)
 concurrent mark-sweep generation total 14001024K, used 7967374K [0x0000000469720000, 0x00000007c0000000, 0x00000007c0000000)
 Metaspace       used 44935K, capacity 46232K, committed 46652K, reserved 1091584K
  class space    used 4916K, capacity 5189K, committed 5268K, reserved 1048576K
2017-04-16T10:59:36.055-0700: 136500.315: [GC (Allocation Failure) Before GC:
Statistics for BinaryTreeDictionary:
------------------------------------
Total Free Space: 177004977
Max   Chunk Size: 1128311
Number of Blocks: 79400
Av.  Block  Size: 2229
Tree      Height: 110
2017-04-16T10:59:36.056-0700: 136500.315: [ParNew
Desired survivor size 102400000 bytes, new threshold 1 (max 1)
- age   1:    7044008 bytes,    7044008 total
: 1607219K->7384K(1800000K), 0.0126775 secs] 9574594K->7975920K(15801024K)After GC:
Statistics for BinaryTreeDictionary:
------------------------------------
Total Free Space: 176971551
Max   Chunk Size: 1128311
Number of Blocks: 79364
Av.  Block  Size: 2229
Tree      Height: 110
, 0.0139707 secs] [Times: user=0.31 sys=0.00, real=0.02 secs] 
Heap after GC invocations=12667 (full 18):
 par new generation   total 1800000K, used 7384K [0x00000003ef600000, 0x0000000469720000, 0x0000000469720000)
  eden space 1600000K,   0% used [0x00000003ef600000, 0x00000003ef600000, 0x0000000451080000)
  from space 200000K,   3% used [0x000000045d3d0000, 0x000000045db06128, 0x0000000469720000)
  to   space 200000K,   0% used [0x0000000451080000, 0x0000000451080000, 0x000000045d3d0000)
 concurrent mark-sweep generation total 14001024K, used 7968535K [0x0000000469720000, 0x00000007c0000000, 0x00000007c0000000)
 Metaspace       used 44935K, capacity 46232K, committed 46652K, reserved 1091584K
  class space    used 4916K, capacity 5189K, committed 5268K, reserved 1048576K
}
2017-04-16T10:59:36.070-0700: 136500.329: Total time for which application threads were stopped: 0.0150689 seconds, Stopping threads took: 0.0001605 seconds
2017-04-16T10:59:39.611-0700: 136503.870: Total time for which application threads were stopped: 0.0020985 seconds, Stopping threads took: 0.0001454 seconds
{Heap before GC invocations=12667 (full 18):
 par new generation   total 1800000K, used 1607384K [0x00000003ef600000, 0x0000000469720000, 0x0000000469720000)
  eden space 1600000K, 100% used [0x00000003ef600000, 0x0000000451080000, 0x0000000451080000)
  from space 200000K,   3% used [0x000000045d3d0000, 0x000000045db06128, 0x0000000469720000)
  to   space 200000K,   0% used [0x0000000451080000, 0x0000000451080000, 0x000000045d3d0000)
 concurrent mark-sweep generation total 14001024K, used 7968535K [0x0000000469720000, 0x00000007c0000000, 0x00000007c0000000)
 Metaspace       used 44935K, capacity 46232K, committed 46652K, reserved 1091584K
  class space    used 4916K, capacity 5189K, committed 5268K, reserved 1048576K
2017-04-16T10:59:47.225-0700: 136511.484: [GC (Allocation Failure) Before GC:
Statistics for BinaryTreeDictionary:
------------------------------------
Total Free Space: 176971551
Max   Chunk Size: 1128311
Number of Blocks: 79364
Av.  Block  Size: 2229
Tree      Height: 110
2017-04-16T10:59:47.226-0700: 136511.485: [ParNew
Desired survivor size 102400000 bytes, new threshold 1 (max 1)
- age   1:    6428544 bytes,    6428544 total
: 1607384K->6857K(1800000K), 0.0124710 secs] 9575920K->7976642K(15801024K)After GC:
Statistics for BinaryTreeDictionary:
------------------------------------
Total Free Space: 176939273
Max   Chunk Size: 1128311
Number of Blocks: 79337
Av.  Block  Size: 2230
Tree      Height: 110
, 0.0138043 secs] [Times: user=0.30 sys=0.00, real=0.01 secs] 
Heap after GC invocations=12668 (full 18):
 par new generation   total 1800000K, used 6857K [0x00000003ef600000, 0x0000000469720000, 0x0000000469720000)
  eden space 1600000K,   0% used [0x00000003ef600000, 0x00000003ef600000, 0x0000000451080000)
  from space 200000K,   3% used [0x0000000451080000, 0x0000000451732640, 0x000000045d3d0000)
  to   space 200000K,   0% used [0x000000045d3d0000, 0x000000045d3d0000, 0x0000000469720000)
 concurrent mark-sweep generation total 14001024K, used 7969785K [0x0000000469720000, 0x00000007c0000000, 0x00000007c0000000)
 Metaspace       used 44935K, capacity 46232K, committed 46652K, reserved 1091584K
  class space    used 4916K, capacity 5189K, committed 5268K, reserved 1048576K
}
2017-04-16T10:59:47.239-0700: 136511.498: Total time for which application threads were stopped: 0.0148840 seconds, Stopping threads took: 0.0001528 seconds
2017-04-16T11:00:00.283-0700: 136524.543: Total time for which application threads were stopped: 0.0008610 seconds, Stopping threads took: 0.0001449 seconds
2017-04-16T11:00:00.287-0700: 136524.546: Total time for which application threads were stopped: 0.0004022 seconds, Stopping threads took: 0.0000685 seconds
2017-04-16T11:00:00.287-0700: 136524.547: Total time for which application threads were stopped: 0.0005289 seconds, Stopping threads took: 0.0001113 seconds
2017-04-16T11:00:00.288-0700: 136524.547: Total time for which application threads were stopped: 0.0004535 seconds, Stopping threads took: 0.0000693 seconds
2017-04-16T11:00:00.289-0700: 136524.548: Total time for which application threads were stopped: 0.0004252 seconds, Stopping threads took: 0.0000731 seconds
2017-04-16T11:00:00.295-0700: 136524.554: Total time for which application threads were stopped: 0.0004720 seconds, Stopping threads took: 0.0000860 seconds
{Heap before GC invocations=12668 (full 18):
 par new generation   total 1800000K, used 1606857K [0x00000003ef600000, 0x0000000469720000, 0x0000000469720000)
  eden space 1600000K, 100% used [0x00000003ef600000, 0x0000000451080000, 0x0000000451080000)
  from space 200000K,   3% used [0x0000000451080000, 0x0000000451732640, 0x000000045d3d0000)
  to   space 200000K,   0% used [0x000000045d3d0000, 0x000000045d3d0000, 0x0000000469720000)
 concurrent mark-sweep generation total 14001024K, used 7969785K [0x0000000469720000, 0x00000007c0000000, 0x00000007c0000000)
 Metaspace       used 44935K, capacity 46232K, committed 46652K, reserved 1091584K
  class space    used 4916K, capacity 5189K, committed 5268K, reserved 1048576K
2017-04-16T11:00:00.580-0700: 136524.839: [GC (Allocation Failure) Before GC:
Statistics for BinaryTreeDictionary:
------------------------------------
Total Free Space: 176939273
Max   Chunk Size: 1128311
Number of Blocks: 79337
Av.  Block  Size: 2230
Tree      Height: 110
2017-04-16T11:00:00.581-0700: 136524.840: [ParNew
Desired survivor size 102400000 bytes, new threshold 1 (max 1)
- age   1:    7254392 bytes,    7254392 total
: 1606857K->7763K(1800000K), 0.0128402 secs] 9576642K->7979324K(15801024K)After GC:
Statistics for BinaryTreeDictionary:
------------------------------------
Total Free Space: 176808463
Max   Chunk Size: 1128311
Number of Blocks: 79280
Av.  Block  Size: 2230
Tree      Height: 110
, 0.0141626 secs] [Times: user=0.31 sys=0.00, real=0.02 secs] 
Heap after GC invocations=12669 (full 18):
 par new generation   total 1800000K, used 7763K [0x00000003ef600000, 0x0000000469720000, 0x0000000469720000)
  eden space 1600000K,   0% used [0x00000003ef600000, 0x00000003ef600000, 0x0000000451080000)
  from space 200000K,   3% used [0x000000045d3d0000, 0x000000045db64e50, 0x0000000469720000)
  to   space 200000K,   0% used [0x0000000451080000, 0x0000000451080000, 0x000000045d3d0000)
 concurrent mark-sweep generation total 14001024K, used 7971560K [0x0000000469720000, 0x00000007c0000000, 0x00000007c0000000)
 Metaspace       used 44935K, capacity 46232K, committed 46652K, reserved 1091584K
  class space    used 4916K, capacity 5189K, committed 5268K, reserved 1048576K
}
2017-04-16T11:00:00.594-0700: 136524.854: Total time for which application threads were stopped: 0.0151346 seconds, Stopping threads took: 0.0001202 seconds
{Heap before GC invocations=12669 (full 18):
 par new generation   total 1800000K, used 1607763K [0x00000003ef600000, 0x0000000469720000, 0x0000000469720000)
  eden space 1600000K, 100% used [0x00000003ef600000, 0x0000000451080000, 0x0000000451080000)
  from space 200000K,   3% used [0x000000045d3d0000, 0x000000045db64e50, 0x0000000469720000)
  to   space 200000K,   0% used [0x0000000451080000, 0x0000000451080000, 0x000000045d3d0000)
 concurrent mark-sweep generation total 14001024K, used 7971560K [0x0000000469720000, 0x00000007c0000000, 0x00000007c0000000)
 Metaspace       used 44935K, capacity 46232K, committed 46652K, reserved 1091584K
  class space    used 4916K, capacity 5189K, committed 5268K, reserved 1048576K
2017-04-16T11:00:14.670-0700: 136538.929: [GC (Allocation Failure) Before GC:
Statistics for BinaryTreeDictionary:
------------------------------------
Total Free Space: 176808463
Max   Chunk Size: 1128311
Number of Blocks: 79280
Av.  Block  Size: 2230
Tree      Height: 110
2017-04-16T11:00:14.670-0700: 136538.930: [ParNew
Desired survivor size 102400000 bytes, new threshold 1 (max 1)
- age   1:    6383904 bytes,    6383904 total
: 1607763K->6929K(1800000K), 0.0133981 secs] 9579324K->7980567K(15801024K)After GC:
Statistics for BinaryTreeDictionary:
------------------------------------
Total Free Space: 176751658
Max   Chunk Size: 1128311
Number of Blocks: 79250
Av.  Block  Size: 2230
Tree      Height: 110
, 0.0147399 secs] [Times: user=0.32 sys=0.00, real=0.01 secs] 
Heap after GC invocations=12670 (full 18):
 par new generation   total 1800000K, used 6929K [0x00000003ef600000, 0x0000000469720000, 0x0000000469720000)
  eden space 1600000K,   0% used [0x00000003ef600000, 0x00000003ef600000, 0x0000000451080000)
  from space 200000K,   3% used [0x0000000451080000, 0x0000000451744530, 0x000000045d3d0000)
  to   space 200000K,   0% used [0x000000045d3d0000, 0x000000045d3d0000, 0x0000000469720000)
 concurrent mark-sweep generation total 14001024K, used 7973638K [0x0000000469720000, 0x00000007c0000000, 0x00000007c0000000)
 Metaspace       used 44935K, capacity 46232K, committed 46652K, reserved 1091584K
  class space    used 4916K, capacity 5189K, committed 5268K, reserved 1048576K
}
2017-04-16T11:00:14.685-0700: 136538.944: Total time for which application threads were stopped: 0.0158541 seconds, Stopping threads took: 0.0001543 seconds
2017-04-16T11:00:17.588-0700: 136541.847: Total time for which application threads were stopped: 0.0009237 seconds, Stopping threads took: 0.0001594 seconds
2017-04-16T11:00:24.591-0700: 136548.850: Total time for which application threads were stopped: 0.0009282 seconds, Stopping threads took: 0.0001567 seconds
{Heap before GC invocations=12670 (full 18):
 par new generation   total 1800000K, used 1606929K [0x00000003ef600000, 0x0000000469720000, 0x0000000469720000)
  eden space 1600000K, 100% used [0x00000003ef600000, 0x0000000451080000, 0x0000000451080000)
  from space 200000K,   3% used [0x0000000451080000, 0x0000000451744530, 0x000000045d3d0000)
  to   space 200000K,   0% used [0x000000045d3d0000, 0x000000045d3d0000, 0x0000000469720000)
 concurrent mark-sweep generation total 14001024K, used 7973638K [0x0000000469720000, 0x00000007c0000000, 0x00000007c0000000)
 Metaspace       used 44935K, capacity 46232K, committed 46652K, reserved 1091584K
  class space    used 4916K, capacity 5189K, committed 5268K, reserved 1048576K
2017-04-16T11:00:27.932-0700: 136552.191: [GC (Allocation Failure) Before GC:
Statistics for BinaryTreeDictionary:
------------------------------------
Total Free Space: 176751658
Max   Chunk Size: 1128311
Number of Blocks: 79250
Av.  Block  Size: 2230
Tree      Height: 110
2017-04-16T11:00:27.932-0700: 136552.192: [ParNew
Desired survivor size 102400000 bytes, new threshold 1 (max 1)
- age   1:    7087544 bytes,    7087544 total
: 1606929K->7629K(1800000K), 0.0132178 secs] 9580567K->7983136K(15801024K)After GC:
Statistics for BinaryTreeDictionary:
------------------------------------
Total Free Space: 176694737
Max   Chunk Size: 1128311
Number of Blocks: 79193
Av.  Block  Size: 2231
Tree      Height: 110
, 0.0145278 secs] [Times: user=0.31 sys=0.00, real=0.01 secs] 
Heap after GC invocations=12671 (full 18):
 par new generation   total 1800000K, used 7629K [0x00000003ef600000, 0x0000000469720000, 0x0000000469720000)
  eden space 1600000K,   0% used [0x00000003ef600000, 0x00000003ef600000, 0x0000000451080000)
  from space 200000K,   3% used [0x000000045d3d0000, 0x000000045db43530, 0x0000000469720000)
  to   space 200000K,   0% used [0x0000000451080000, 0x0000000451080000, 0x000000045d3d0000)
 concurrent mark-sweep generation total 14001024K, used 7975507K [0x0000000469720000, 0x00000007c0000000, 0x00000007c0000000)
 Metaspace       used 44935K, capacity 46232K, committed 46652K, reserved 1091584K
  class space    used 4916K, capacity 5189K, committed 5268K, reserved 1048576K
}
2017-04-16T11:00:27.946-0700: 136552.206: Total time for which application threads were stopped: 0.0156317 seconds, Stopping threads took: 0.0001492 seconds
2017-04-16T11:00:28.550-0700: 136552.809: Total time for which application threads were stopped: 0.0009633 seconds, Stopping threads took: 0.0001515 seconds
{Heap before GC invocations=12671 (full 18):
 par new generation   total 1800000K, used 1607629K [0x00000003ef600000, 0x0000000469720000, 0x0000000469720000)
  eden space 1600000K, 100% used [0x00000003ef600000, 0x0000000451080000, 0x0000000451080000)
  from space 200000K,   3% used [0x000000045d3d0000, 0x000000045db43530, 0x0000000469720000)
  to   space 200000K,   0% used [0x0000000451080000, 0x0000000451080000, 0x000000045d3d0000)
 concurrent mark-sweep generation total 14001024K, used 7975507K [0x0000000469720000, 0x00000007c0000000, 0x00000007c0000000)
 Metaspace       used 44935K, capacity 46232K, committed 46652K, reserved 1091584K
  class space    used 4916K, capacity 5189K, committed 5268K, reserved 1048576K
2017-04-16T11:00:41.561-0700: 136565.820: [GC (Allocation Failure) Before GC:
Statistics for BinaryTreeDictionary:
------------------------------------
Total Free Space: 176694737
Max   Chunk Size: 1128311
Number of Blocks: 79193
Av.  Block  Size: 2231
Tree      Height: 110
2017-04-16T11:00:41.561-0700: 136565.821: [ParNew
Desired survivor size 102400000 bytes, new threshold 1 (max 1)
- age   1:    7135784 bytes,    7135784 total
: 1607629K->7611K(1800000K), 0.0130808 secs] 9583136K->7984518K(15801024K)After GC:
Statistics for BinaryTreeDictionary:
------------------------------------
Total Free Space: 176661249
Max   Chunk Size: 1128311
Number of Blocks: 79154
Av.  Block  Size: 2231
Tree      Height: 110
, 0.0143842 secs] [Times: user=0.32 sys=0.00, real=0.01 secs] 
Heap after GC invocations=12672 (full 18):
 par new generation   total 1800000K, used 7611K [0x00000003ef600000, 0x0000000469720000, 0x0000000469720000)
  eden space 1600000K,   0% used [0x00000003ef600000, 0x00000003ef600000, 0x0000000451080000)
  from space 200000K,   3% used [0x0000000451080000, 0x00000004517eec58, 0x000000045d3d0000)
  to   space 200000K,   0% used [0x000000045d3d0000, 0x000000045d3d0000, 0x0000000469720000)
 concurrent mark-sweep generation total 14001024K, used 7976907K [0x0000000469720000, 0x00000007c0000000, 0x00000007c0000000)
 Metaspace       used 44935K, capacity 46232K, committed 46652K, reserved 1091584K
  class space    used 4916K, capacity 5189K, committed 5268K, reserved 1048576K
}
2017-04-16T11:00:41.575-0700: 136565.835: Total time for which application threads were stopped: 0.0154847 seconds, Stopping threads took: 0.0001565 seconds
{Heap before GC invocations=12672 (full 18):
 par new generation   total 1800000K, used 1607611K [0x00000003ef600000, 0x0000000469720000, 0x0000000469720000)
  eden space 1600000K, 100% used [0x00000003ef600000, 0x0000000451080000, 0x0000000451080000)
  from space 200000K,   3% used [0x0000000451080000, 0x00000004517eec58, 0x000000045d3d0000)
  to   space 200000K,   0% used [0x000000045d3d0000, 0x000000045d3d0000, 0x0000000469720000)
 concurrent mark-sweep generation total 14001024K, used 7976907K [0x0000000469720000, 0x00000007c0000000, 0x00000007c0000000)
 Metaspace       used 44935K, capacity 46232K, committed 46652K, reserved 1091584K
  class space    used 4916K, capacity 5189K, committed 5268K, reserved 1048576K
2017-04-16T11:00:55.164-0700: 136579.423: [GC (Allocation Failure) Before GC:
Statistics for BinaryTreeDictionary:
------------------------------------
Total Free Space: 176661249
Max   Chunk Size: 1128311
Number of Blocks: 79154
Av.  Block  Size: 2231
Tree      Height: 110
2017-04-16T11:00:55.165-0700: 136579.424: [ParNew
Desired survivor size 102400000 bytes, new threshold 1 (max 1)
- age   1:    7278128 bytes,    7278128 total
: 1607611K->7825K(1800000K), 0.0133898 secs] 9584518K->7986441K(15801024K)After GC:
Statistics for BinaryTreeDictionary:
------------------------------------
Total Free Space: 176642771
Max   Chunk Size: 1128311
Number of Blocks: 79116
Av.  Block  Size: 2232
Tree      Height: 110
, 0.0147241 secs] [Times: user=0.31 sys=0.00, real=0.01 secs] 
Heap after GC invocations=12673 (full 18):
 par new generation   total 1800000K, used 7825K [0x00000003ef600000, 0x0000000469720000, 0x0000000469720000)
  eden space 1600000K,   0% used [0x00000003ef600000, 0x00000003ef600000, 0x0000000451080000)
  from space 200000K,   3% used [0x000000045d3d0000, 0x000000045db745f0, 0x0000000469720000)
  to   space 200000K,   0% used [0x0000000451080000, 0x0000000451080000, 0x000000045d3d0000)
 concurrent mark-sweep generation total 14001024K, used 7978616K [0x0000000469720000, 0x00000007c0000000, 0x00000007c0000000)
 Metaspace       used 44935K, capacity 46232K, committed 46652K, reserved 1091584K
  class space    used 4916K, capacity 5189K, committed 5268K, reserved 1048576K
}
2017-04-16T11:00:55.179-0700: 136579.438: Total time for which application threads were stopped: 0.0158132 seconds, Stopping threads took: 0.0001458 seconds
2017-04-16T11:00:56.600-0700: 136580.859: Total time for which application threads were stopped: 0.0009217 seconds, Stopping threads took: 0.0001646 seconds
{Heap before GC invocations=12673 (full 18):
 par new generation   total 1800000K, used 1607825K [0x00000003ef600000, 0x0000000469720000, 0x0000000469720000)
  eden space 1600000K, 100% used [0x00000003ef600000, 0x0000000451080000, 0x0000000451080000)
  from space 200000K,   3% used [0x000000045d3d0000, 0x000000045db745f0, 0x0000000469720000)
  to   space 200000K,   0% used [0x0000000451080000, 0x0000000451080000, 0x000000045d3d0000)
 concurrent mark-sweep generation total 14001024K, used 7978616K [0x0000000469720000, 0x00000007c0000000, 0x00000007c0000000)
 Metaspace       used 44935K, capacity 46232K, committed 46652K, reserved 1091584K
  class space    used 4916K, capacity 5189K, committed 5268K, reserved 1048576K
2017-04-16T11:01:09.712-0700: 136593.972: [GC (Allocation Failure) Before GC:
Statistics for BinaryTreeDictionary:
------------------------------------
Total Free Space: 176642771
Max   Chunk Size: 1128311
Number of Blocks: 79116
Av.  Block  Size: 2232
Tree      Height: 110
2017-04-16T11:01:09.713-0700: 136593.972: [ParNew
Desired survivor size 102400000 bytes, new threshold 1 (max 1)
- age   1:    6768528 bytes,    6768528 total
: 1607825K->7224K(1800000K), 0.0129303 secs] 9586441K->7987303K(15801024K)After GC:
Statistics for BinaryTreeDictionary:
------------------------------------
Total Free Space: 176610051
Max   Chunk Size: 1128311
Number of Blocks: 79080
Av.  Block  Size: 2233
Tree      Height: 110
, 0.0142654 secs] [Times: user=0.31 sys=0.00, real=0.02 secs] 
Heap after GC invocations=12674 (full 18):
 par new generation   total 1800000K, used 7224K [0x00000003ef600000, 0x0000000469720000, 0x0000000469720000)
  eden space 1600000K,   0% used [0x00000003ef600000, 0x00000003ef600000, 0x0000000451080000)
  from space 200000K,   3% used [0x0000000451080000, 0x000000045178e0e0, 0x000000045d3d0000)
  to   space 200000K,   0% used [0x000000045d3d0000, 0x000000045d3d0000, 0x0000000469720000)
 concurrent mark-sweep generation total 14001024K, used 7980078K [0x0000000469720000, 0x00000007c0000000, 0x00000007c0000000)
 Metaspace       used 44935K, capacity 46232K, committed 46652K, reserved 1091584K
  class space    used 4916K, capacity 5189K, committed 5268K, reserved 1048576K
}
2017-04-16T11:01:09.727-0700: 136593.986: Total time for which application threads were stopped: 0.0153352 seconds, Stopping threads took: 0.0001467 seconds
2017-04-16T11:01:09.796-0700: 136594.056: Total time for which application threads were stopped: 0.0021840 seconds, Stopping threads took: 0.0001518 seconds
{Heap before GC invocations=12674 (full 18):
 par new generation   total 1800000K, used 1607224K [0x00000003ef600000, 0x0000000469720000, 0x0000000469720000)
  eden space 1600000K, 100% used [0x00000003ef600000, 0x0000000451080000, 0x0000000451080000)
  from space 200000K,   3% used [0x0000000451080000, 0x000000045178e0e0, 0x000000045d3d0000)
  to   space 200000K,   0% used [0x000000045d3d0000, 0x000000045d3d0000, 0x0000000469720000)
 concurrent mark-sweep generation total 14001024K, used 7980078K [0x0000000469720000, 0x00000007c0000000, 0x00000007c0000000)
 Metaspace       used 44935K, capacity 46232K, committed 46652K, reserved 1091584K
  class space    used 4916K, capacity 5189K, committed 5268K, reserved 1048576K
2017-04-16T11:01:20.962-0700: 136605.222: [GC (Allocation Failure) Before GC:
Statistics for BinaryTreeDictionary:
------------------------------------
Total Free Space: 176610051
Max   Chunk Size: 1128311
Number of Blocks: 79080
Av.  Block  Size: 2233
Tree      Height: 110
2017-04-16T11:01:20.963-0700: 136605.222: [ParNew
Desired survivor size 102400000 bytes, new threshold 1 (max 1)
- age   1:    6965776 bytes,    6965776 total
: 1607224K->7386K(1800000K), 0.0125077 secs] 9587303K->7988817K(15801024K)After GC:
Statistics for BinaryTreeDictionary:
------------------------------------
Total Free Space: 176570549
Max   Chunk Size: 1128311
Number of Blocks: 79034
Av.  Block  Size: 2234
Tree      Height: 110
, 0.0138253 secs] [Times: user=0.30 sys=0.00, real=0.02 secs] 
Heap after GC invocations=12675 (full 18):
 par new generation   total 1800000K, used 7386K [0x00000003ef600000, 0x0000000469720000, 0x0000000469720000)
  eden space 1600000K,   0% used [0x00000003ef600000, 0x00000003ef600000, 0x0000000451080000)
  from space 200000K,   3% used [0x000000045d3d0000, 0x000000045db068b8, 0x0000000469720000)
  to   space 200000K,   0% used [0x0000000451080000, 0x0000000451080000, 0x000000045d3d0000)
 concurrent mark-sweep generation total 14001024K, used 7981431K [0x0000000469720000, 0x00000007c0000000, 0x00000007c0000000)
 Metaspace       used 44935K, capacity 46232K, committed 46652K, reserved 1091584K
  class space    used 4916K, capacity 5189K, committed 5268K, reserved 1048576K
}
2017-04-16T11:01:20.976-0700: 136605.236: Total time for which application threads were stopped: 0.0149481 seconds, Stopping threads took: 0.0001707 seconds
{Heap before GC invocations=12675 (full 18):
 par new generation   total 1800000K, used 1607386K [0x00000003ef600000, 0x0000000469720000, 0x0000000469720000)
  eden space 1600000K, 100% used [0x00000003ef600000, 0x0000000451080000, 0x0000000451080000)
  from space 200000K,   3% used [0x000000045d3d0000, 0x000000045db068b8, 0x0000000469720000)
  to   space 200000K,   0% used [0x0000000451080000, 0x0000000451080000, 0x000000045d3d0000)
 concurrent mark-sweep generation total 14001024K, used 7981431K [0x0000000469720000, 0x00000007c0000000, 0x00000007c0000000)
 Metaspace       used 44935K, capacity 46232K, committed 46652K, reserved 1091584K
  class space    used 4916K, capacity 5189K, committed 5268K, reserved 1048576K
2017-04-16T11:01:34.153-0700: 136618.412: [GC (Allocation Failure) Before GC:
Statistics for BinaryTreeDictionary:
------------------------------------
Total Free Space: 176570549
Max   Chunk Size: 1128311
Number of Blocks: 79034
Av.  Block  Size: 2234
Tree      Height: 110
2017-04-16T11:01:34.153-0700: 136618.413: [ParNew
Desired survivor size 102400000 bytes, new threshold 1 (max 1)
- age   1:   13527440 bytes,   13527440 total
: 1607386K->13879K(1800000K), 0.0125801 secs] 9588817K->7997116K(15801024K)After GC:
Statistics for BinaryTreeDictionary:
------------------------------------
Total Free Space: 176444283
Max   Chunk Size: 1128311
Number of Blocks: 78988
Av.  Block  Size: 2233
Tree      Height: 110
, 0.0139279 secs] [Times: user=0.31 sys=0.00, real=0.01 secs] 
Heap after GC invocations=12676 (full 18):
 par new generation   total 1800000K, used 13879K [0x00000003ef600000, 0x0000000469720000, 0x0000000469720000)
  eden space 1600000K,   0% used [0x00000003ef600000, 0x00000003ef600000, 0x0000000451080000)
  from space 200000K,   6% used [0x0000000451080000, 0x0000000451e0de00, 0x000000045d3d0000)
  to   space 200000K,   0% used [0x000000045d3d0000, 0x000000045d3d0000, 0x0000000469720000)
 concurrent mark-sweep generation total 14001024K, used 7983236K [0x0000000469720000, 0x00000007c0000000, 0x00000007c0000000)
 Metaspace       used 44935K, capacity 46232K, committed 46652K, reserved 1091584K
  class space    used 4916K, capacity 5189K, committed 5268K, reserved 1048576K
}
2017-04-16T11:01:34.167-0700: 136618.426: Total time for which application threads were stopped: 0.0150264 seconds, Stopping threads took: 0.0001458 seconds
{Heap before GC invocations=12676 (full 18):
 par new generation   total 1800000K, used 1613879K [0x00000003ef600000, 0x0000000469720000, 0x0000000469720000)
  eden space 1600000K, 100% used [0x00000003ef600000, 0x0000000451080000, 0x0000000451080000)
  from space 200000K,   6% used [0x0000000451080000, 0x0000000451e0de00, 0x000000045d3d0000)
  to   space 200000K,   0% used [0x000000045d3d0000, 0x000000045d3d0000, 0x0000000469720000)
 concurrent mark-sweep generation total 14001024K, used 7983236K [0x0000000469720000, 0x00000007c0000000, 0x00000007c0000000)
 Metaspace       used 44935K, capacity 46232K, committed 46652K, reserved 1091584K
  class space    used 4916K, capacity 5189K, committed 5268K, reserved 1048576K
2017-04-16T11:01:48.134-0700: 136632.393: [GC (Allocation Failure) Before GC:
Statistics for BinaryTreeDictionary:
------------------------------------
Total Free Space: 176444283
Max   Chunk Size: 1128311
Number of Blocks: 78988
Av.  Block  Size: 2233
Tree      Height: 110
2017-04-16T11:01:48.135-0700: 136632.394: [ParNew
Desired survivor size 102400000 bytes, new threshold 1 (max 1)
- age   1:    5919096 bytes,    5919096 total
: 1613879K->8943K(1800000K), 0.0207404 secs] 9597116K->8000344K(15801024K)After GC:
Statistics for BinaryTreeDictionary:
------------------------------------
Total Free Space: 176282619
Max   Chunk Size: 1128311
Number of Blocks: 78961
Av.  Block  Size: 2232
Tree      Height: 110
, 0.0220817 secs] [Times: user=0.32 sys=0.01, real=0.02 secs] 
Heap after GC invocations=12677 (full 18):
 par new generation   total 1800000K, used 8943K [0x00000003ef600000, 0x0000000469720000, 0x0000000469720000)
  eden space 1600000K,   0% used [0x00000003ef600000, 0x00000003ef600000, 0x0000000451080000)
  from space 200000K,   4% used [0x000000045d3d0000, 0x000000045dc8bf40, 0x0000000469720000)
  to   space 200000K,   0% used [0x0000000451080000, 0x0000000451080000, 0x000000045d3d0000)
 concurrent mark-sweep generation total 14001024K, used 7991400K [0x0000000469720000, 0x00000007c0000000, 0x00000007c0000000)
 Metaspace       used 44935K, capacity 46232K, committed 46652K, reserved 1091584K
  class space    used 4916K, capacity 5189K, committed 5268K, reserved 1048576K
}
2017-04-16T11:01:48.156-0700: 136632.415: Total time for which application threads were stopped: 0.0231819 seconds, Stopping threads took: 0.0001522 seconds
{Heap before GC invocations=12677 (full 18):
 par new generation   total 1800000K, used 1608943K [0x00000003ef600000, 0x0000000469720000, 0x0000000469720000)
  eden space 1600000K, 100% used [0x00000003ef600000, 0x0000000451080000, 0x0000000451080000)
  from space 200000K,   4% used [0x000000045d3d0000, 0x000000045dc8bf40, 0x0000000469720000)
  to   space 200000K,   0% used [0x0000000451080000, 0x0000000451080000, 0x000000045d3d0000)
 concurrent mark-sweep generation total 14001024K, used 7991400K [0x0000000469720000, 0x00000007c0000000, 0x00000007c0000000)
 Metaspace       used 44935K, capacity 46232K, committed 46652K, reserved 1091584K
  class space    used 4916K, capacity 5189K, committed 5268K, reserved 1048576K
2017-04-16T11:02:02.860-0700: 136647.119: [GC (Allocation Failure) Before GC:
Statistics for BinaryTreeDictionary:
------------------------------------
Total Free Space: 176282619
Max   Chunk Size: 1128311
Number of Blocks: 78961
Av.  Block  Size: 2232
Tree      Height: 110
2017-04-16T11:02:02.861-0700: 136647.120: [ParNew
Desired survivor size 102400000 bytes, new threshold 1 (max 1)
- age   1:   10796768 bytes,   10796768 total
: 1608943K->11682K(1800000K), 0.0126117 secs] 9600344K->8004254K(15801024K)After GC:
Statistics for BinaryTreeDictionary:
------------------------------------
Total Free Space: 176255124
Max   Chunk Size: 1128311
Number of Blocks: 78939
Av.  Block  Size: 2232
Tree      Height: 110
, 0.0139484 secs] [Times: user=0.31 sys=0.00, real=0.02 secs] 
Heap after GC invocations=12678 (full 18):
 par new generation   total 1800000K, used 11682K [0x00000003ef600000, 0x0000000469720000, 0x0000000469720000)
  eden space 1600000K,   0% used [0x00000003ef600000, 0x00000003ef600000, 0x0000000451080000)
  from space 200000K,   5% used [0x0000000451080000, 0x0000000451be8b90, 0x000000045d3d0000)
  to   space 200000K,   0% used [0x000000045d3d0000, 0x000000045d3d0000, 0x0000000469720000)
 concurrent mark-sweep generation total 14001024K, used 7992571K [0x0000000469720000, 0x00000007c0000000, 0x00000007c0000000)
 Metaspace       used 44935K, capacity 46232K, committed 46652K, reserved 1091584K
  class space    used 4916K, capacity 5189K, committed 5268K, reserved 1048576K
}
2017-04-16T11:02:02.874-0700: 136647.133: Total time for which application threads were stopped: 0.0150456 seconds, Stopping threads took: 0.0001472 seconds
2017-04-16T11:02:06.809-0700: 136651.069: Total time for which application threads were stopped: 0.0021661 seconds, Stopping threads took: 0.0001472 seconds
{Heap before GC invocations=12678 (full 18):
 par new generation   total 1800000K, used 1611682K [0x00000003ef600000, 0x0000000469720000, 0x0000000469720000)
  eden space 1600000K, 100% used [0x00000003ef600000, 0x0000000451080000, 0x0000000451080000)
  from space 200000K,   5% used [0x0000000451080000, 0x0000000451be8b90, 0x000000045d3d0000)
  to   space 200000K,   0% used [0x000000045d3d0000, 0x000000045d3d0000, 0x0000000469720000)
 concurrent mark-sweep generation total 14001024K, used 7992571K [0x0000000469720000, 0x00000007c0000000, 0x00000007c0000000)
 Metaspace       used 44935K, capacity 46232K, committed 46652K, reserved 1091584K
  class space    used 4916K, capacity 5189K, committed 5268K, reserved 1048576K
2017-04-16T11:02:17.288-0700: 136661.547: [GC (Allocation Failure) Before GC:
Statistics for BinaryTreeDictionary:
------------------------------------
Total Free Space: 176255124
Max   Chunk Size: 1128311
Number of Blocks: 78939
Av.  Block  Size: 2232
Tree      Height: 110
2017-04-16T11:02:17.289-0700: 136661.548: [ParNew
Desired survivor size 102400000 bytes, new threshold 1 (max 1)
- age   1:    6749112 bytes,    6749112 total
: 1611682K->7102K(1800000K), 0.0126090 secs] 9604254K->8002058K(15801024K)After GC:
Statistics for BinaryTreeDictionary:
------------------------------------
Total Free Space: 176080524
Max   Chunk Size: 1128311
Number of Blocks: 78919
Av.  Block  Size: 2231
Tree      Height: 110
, 0.0139298 secs] [Times: user=0.30 sys=0.00, real=0.01 secs] 
Heap after GC invocations=12679 (full 18):
 par new generation   total 1800000K, used 7102K [0x00000003ef600000, 0x0000000469720000, 0x0000000469720000)
  eden space 1600000K,   0% used [0x00000003ef600000, 0x00000003ef600000, 0x0000000451080000)
  from space 200000K,   3% used [0x000000045d3d0000, 0x000000045dabfac0, 0x0000000469720000)
  to   space 200000K,   0% used [0x0000000451080000, 0x0000000451080000, 0x000000045d3d0000)
 concurrent mark-sweep generation total 14001024K, used 7994955K [0x0000000469720000, 0x00000007c0000000, 0x00000007c0000000)
 Metaspace       used 44935K, capacity 46232K, committed 46652K, reserved 1091584K
  class space    used 4916K, capacity 5189K, committed 5268K, reserved 1048576K
}
2017-04-16T11:02:17.302-0700: 136661.562: Total time for which application threads were stopped: 0.0150227 seconds, Stopping threads took: 0.0001576 seconds
{Heap before GC invocations=12679 (full 18):
 par new generation   total 1800000K, used 1607102K [0x00000003ef600000, 0x0000000469720000, 0x0000000469720000)
  eden space 1600000K, 100% used [0x00000003ef600000, 0x0000000451080000, 0x0000000451080000)
  from space 200000K,   3% used [0x000000045d3d0000, 0x000000045dabfac0, 0x0000000469720000)
  to   space 200000K,   0% used [0x0000000451080000, 0x0000000451080000, 0x000000045d3d0000)
 concurrent mark-sweep generation total 14001024K, used 7994955K [0x0000000469720000, 0x00000007c0000000, 0x00000007c0000000)
 Metaspace       used 44935K, capacity 46232K, committed 46652K, reserved 1091584K
  class space    used 4916K, capacity 5189K, committed 5268K, reserved 1048576K
2017-04-16T11:02:31.290-0700: 136675.549: [GC (Allocation Failure) Before GC:
Statistics for BinaryTreeDictionary:
------------------------------------
Total Free Space: 176080524
Max   Chunk Size: 1128311
Number of Blocks: 78919
Av.  Block  Size: 2231
Tree      Height: 110
2017-04-16T11:02:31.290-0700: 136675.550: [ParNew
Desired survivor size 102400000 bytes, new threshold 1 (max 1)
- age   1:    6271152 bytes,    6271152 total
: 1607102K->6784K(1800000K), 0.0125533 secs] 9602058K->8003587K(15801024K)After GC:
Statistics for BinaryTreeDictionary:
------------------------------------
Total Free Space: 175983153
Max   Chunk Size: 1128311
Number of Blocks: 78894
Av.  Block  Size: 2230
Tree      Height: 110
, 0.0138939 secs] [Times: user=0.31 sys=0.00, real=0.01 secs] 
Heap after GC invocations=12680 (full 18):
 par new generation   total 1800000K, used 6784K [0x00000003ef600000, 0x0000000469720000, 0x0000000469720000)
  eden space 1600000K,   0% used [0x00000003ef600000, 0x00000003ef600000, 0x0000000451080000)
  from space 200000K,   3% used [0x0000000451080000, 0x00000004517202f8, 0x000000045d3d0000)
  to   space 200000K,   0% used [0x000000045d3d0000, 0x000000045d3d0000, 0x0000000469720000)
 concurrent mark-sweep generation total 14001024K, used 7996802K [0x0000000469720000, 0x00000007c0000000, 0x00000007c0000000)
 Metaspace       used 44935K, capacity 46232K, committed 46652K, reserved 1091584K
  class space    used 4916K, capacity 5189K, committed 5268K, reserved 1048576K
}
2017-04-16T11:02:31.304-0700: 136675.563: Total time for which application threads were stopped: 0.0149904 seconds, Stopping threads took: 0.0001564 seconds
2017-04-16T11:02:39.887-0700: 136684.146: Total time for which application threads were stopped: 0.0021253 seconds, Stopping threads took: 0.0001456 seconds
{Heap before GC invocations=12680 (full 18):
 par new generation   total 1800000K, used 1606784K [0x00000003ef600000, 0x0000000469720000, 0x0000000469720000)
  eden space 1600000K, 100% used [0x00000003ef600000, 0x0000000451080000, 0x0000000451080000)
  from space 200000K,   3% used [0x0000000451080000, 0x00000004517202f8, 0x000000045d3d0000)
  to   space 200000K,   0% used [0x000000045d3d0000, 0x000000045d3d0000, 0x0000000469720000)
 concurrent mark-sweep generation total 14001024K, used 7996802K [0x0000000469720000, 0x00000007c0000000, 0x00000007c0000000)
 Metaspace       used 44935K, capacity 46232K, committed 46652K, reserved 1091584K
  class space    used 4916K, capacity 5189K, committed 5268K, reserved 1048576K
2017-04-16T11:02:42.858-0700: 136687.117: [GC (Allocation Failure) Before GC:
Statistics for BinaryTreeDictionary:
------------------------------------
Total Free Space: 175983153
Max   Chunk Size: 1128311
Number of Blocks: 78894
Av.  Block  Size: 2230
Tree      Height: 110
2017-04-16T11:02:42.858-0700: 136687.118: [ParNew
Desired survivor size 102400000 bytes, new threshold 1 (max 1)
- age   1:    7356504 bytes,    7356504 total
: 1606784K->7827K(1800000K), 0.0118558 secs] 9603587K->8005964K(15801024K)After GC:
Statistics for BinaryTreeDictionary:
------------------------------------
Total Free Space: 175943001
Max   Chunk Size: 1128311
Number of Blocks: 78882
Av.  Block  Size: 2230
Tree      Height: 110
, 0.0131903 secs] [Times: user=0.30 sys=0.00, real=0.01 secs] 
Heap after GC invocations=12681 (full 18):
 par new generation   total 1800000K, used 7827K [0x00000003ef600000, 0x0000000469720000, 0x0000000469720000)
  eden space 1600000K,   0% used [0x00000003ef600000, 0x00000003ef600000, 0x0000000451080000)
  from space 200000K,   3% used [0x000000045d3d0000, 0x000000045db74cf8, 0x0000000469720000)
  to   space 200000K,   0% used [0x0000000451080000, 0x0000000451080000, 0x000000045d3d0000)
 concurrent mark-sweep generation total 14001024K, used 7998137K [0x0000000469720000, 0x00000007c0000000, 0x00000007c0000000)
 Metaspace       used 44935K, capacity 46232K, committed 46652K, reserved 1091584K
  class space    used 4916K, capacity 5189K, committed 5268K, reserved 1048576K
}
2017-04-16T11:02:42.871-0700: 136687.130: Total time for which application threads were stopped: 0.0142686 seconds, Stopping threads took: 0.0001442 seconds
{Heap before GC invocations=12681 (full 18):
 par new generation   total 1800000K, used 1607827K [0x00000003ef600000, 0x0000000469720000, 0x0000000469720000)
  eden space 1600000K, 100% used [0x00000003ef600000, 0x0000000451080000, 0x0000000451080000)
  from space 200000K,   3% used [0x000000045d3d0000, 0x000000045db74cf8, 0x0000000469720000)
  to   space 200000K,   0% used [0x0000000451080000, 0x0000000451080000, 0x000000045d3d0000)
 concurrent mark-sweep generation total 14001024K, used 7998137K [0x0000000469720000, 0x00000007c0000000, 0x00000007c0000000)
 Metaspace       used 44935K, capacity 46232K, committed 46652K, reserved 1091584K
  class space    used 4916K, capacity 5189K, committed 5268K, reserved 1048576K
2017-04-16T11:02:57.086-0700: 136701.345: [GC (Allocation Failure) Before GC:
Statistics for BinaryTreeDictionary:
------------------------------------
Total Free Space: 175943001
Max   Chunk Size: 1128311
Number of Blocks: 78882
Av.  Block  Size: 2230
Tree      Height: 110
2017-04-16T11:02:57.087-0700: 136701.346: [ParNew
Desired survivor size 102400000 bytes, new threshold 1 (max 1)
- age   1:    6972032 bytes,    6972032 total
: 1607827K->7455K(1800000K), 0.0119556 secs] 9605964K->8006960K(15801024K)After GC:
Statistics for BinaryTreeDictionary:
------------------------------------
Total Free Space: 175865415
Max   Chunk Size: 1128311
Number of Blocks: 78838
Av.  Block  Size: 2230
Tree      Height: 110
, 0.0132578 secs] [Times: user=0.30 sys=0.00, real=0.02 secs] 
Heap after GC invocations=12682 (full 18):
 par new generation   total 1800000K, used 7455K [0x00000003ef600000, 0x0000000469720000, 0x0000000469720000)
  eden space 1600000K,   0% used [0x00000003ef600000, 0x00000003ef600000, 0x0000000451080000)
  from space 200000K,   3% used [0x0000000451080000, 0x00000004517c7c60, 0x000000045d3d0000)
  to   space 200000K,   0% used [0x000000045d3d0000, 0x000000045d3d0000, 0x0000000469720000)
 concurrent mark-sweep generation total 14001024K, used 7999504K [0x0000000469720000, 0x00000007c0000000, 0x00000007c0000000)
 Metaspace       used 44935K, capacity 46232K, committed 46652K, reserved 1091584K
  class space    used 4916K, capacity 5189K, committed 5268K, reserved 1048576K
}
2017-04-16T11:02:57.100-0700: 136701.359: Total time for which application threads were stopped: 0.0143441 seconds, Stopping threads took: 0.0001593 seconds
{Heap before GC invocations=12682 (full 18):
 par new generation   total 1800000K, used 1607455K [0x00000003ef600000, 0x0000000469720000, 0x0000000469720000)
  eden space 1600000K, 100% used [0x00000003ef600000, 0x0000000451080000, 0x0000000451080000)
  from space 200000K,   3% used [0x0000000451080000, 0x00000004517c7c60, 0x000000045d3d0000)
  to   space 200000K,   0% used [0x000000045d3d0000, 0x000000045d3d0000, 0x0000000469720000)
 concurrent mark-sweep generation total 14001024K, used 7999504K [0x0000000469720000, 0x00000007c0000000, 0x00000007c0000000)
 Metaspace       used 44935K, capacity 46232K, committed 46652K, reserved 1091584K
  class space    used 4916K, capacity 5189K, committed 5268K, reserved 1048576K
2017-04-16T11:03:11.431-0700: 136715.690: [GC (Allocation Failure) Before GC:
Statistics for BinaryTreeDictionary:
------------------------------------
Total Free Space: 175865415
Max   Chunk Size: 1128311
Number of Blocks: 78838
Av.  Block  Size: 2230
Tree      Height: 110
2017-04-16T11:03:11.431-0700: 136715.691: [ParNew
Desired survivor size 102400000 bytes, new threshold 1 (max 1)
- age   1:    6408192 bytes,    6408192 total
: 1607455K->6827K(1800000K), 0.0121998 secs] 9606960K->8008004K(15801024K)After GC:
Statistics for BinaryTreeDictionary:
------------------------------------
Total Free Space: 175791183
Max   Chunk Size: 1128311
Number of Blocks: 78824
Av.  Block  Size: 2230
Tree      Height: 110
, 0.0135329 secs] [Times: user=0.30 sys=0.00, real=0.02 secs] 
Heap after GC invocations=12683 (full 18):
 par new generation   total 1800000K, used 6827K [0x00000003ef600000, 0x0000000469720000, 0x0000000469720000)
  eden space 1600000K,   0% used [0x00000003ef600000, 0x00000003ef600000, 0x0000000451080000)
  from space 200000K,   3% used [0x000000045d3d0000, 0x000000045da7afe8, 0x0000000469720000)
  to   space 200000K,   0% used [0x0000000451080000, 0x0000000451080000, 0x000000045d3d0000)
 concurrent mark-sweep generation total 14001024K, used 8001176K [0x0000000469720000, 0x00000007c0000000, 0x00000007c0000000)
 Metaspace       used 44935K, capacity 46232K, committed 46652K, reserved 1091584K
  class space    used 4916K, capacity 5189K, committed 5268K, reserved 1048576K
}
2017-04-16T11:03:11.444-0700: 136715.704: Total time for which application threads were stopped: 0.0146314 seconds, Stopping threads took: 0.0001557 seconds
2017-04-16T11:03:15.570-0700: 136719.830: Total time for which application threads were stopped: 0.0021586 seconds, Stopping threads took: 0.0001536 seconds
{Heap before GC invocations=12683 (full 18):
 par new generation   total 1800000K, used 1606827K [0x00000003ef600000, 0x0000000469720000, 0x0000000469720000)
  eden space 1600000K, 100% used [0x00000003ef600000, 0x0000000451080000, 0x0000000451080000)
  from space 200000K,   3% used [0x000000045d3d0000, 0x000000045da7afe8, 0x0000000469720000)
  to   space 200000K,   0% used [0x0000000451080000, 0x0000000451080000, 0x000000045d3d0000)
 concurrent mark-sweep generation total 14001024K, used 8001176K [0x0000000469720000, 0x00000007c0000000, 0x00000007c0000000)
 Metaspace       used 44935K, capacity 46232K, committed 46652K, reserved 1091584K
  class space    used 4916K, capacity 5189K, committed 5268K, reserved 1048576K
2017-04-16T11:03:25.907-0700: 136730.166: [GC (Allocation Failure) Before GC:
Statistics for BinaryTreeDictionary:
------------------------------------
Total Free Space: 175791183
Max   Chunk Size: 1128311
Number of Blocks: 78824
Av.  Block  Size: 2230
Tree      Height: 110
2017-04-16T11:03:25.908-0700: 136730.167: [ParNew
Desired survivor size 102400000 bytes, new threshold 1 (max 1)
- age   1:    6188936 bytes,    6188936 total
: 1606827K->6821K(1800000K), 0.0122045 secs] 9608004K->8009354K(15801024K)After GC:
Statistics for BinaryTreeDictionary:
------------------------------------
Total Free Space: 175749179
Max   Chunk Size: 1128311
Number of Blocks: 78809
Av.  Block  Size: 2230
Tree      Height: 110
, 0.0135144 secs] [Times: user=0.30 sys=0.00, real=0.01 secs] 
Heap after GC invocations=12684 (full 18):
 par new generation   total 1800000K, used 6821K [0x00000003ef600000, 0x0000000469720000, 0x0000000469720000)
  eden space 1600000K,   0% used [0x00000003ef600000, 0x00000003ef600000, 0x0000000451080000)
  from space 200000K,   3% used [0x0000000451080000, 0x0000000451729510, 0x000000045d3d0000)
  to   space 200000K,   0% used [0x000000045d3d0000, 0x000000045d3d0000, 0x0000000469720000)
 concurrent mark-sweep generation total 14001024K, used 8002532K [0x0000000469720000, 0x00000007c0000000, 0x00000007c0000000)
 Metaspace       used 44935K, capacity 46232K, committed 46652K, reserved 1091584K
  class space    used 4916K, capacity 5189K, committed 5268K, reserved 1048576K
}
2017-04-16T11:03:25.921-0700: 136730.180: Total time for which application threads were stopped: 0.0145942 seconds, Stopping threads took: 0.0001509 seconds
{Heap before GC invocations=12684 (full 18):
 par new generation   total 1800000K, used 1606821K [0x00000003ef600000, 0x0000000469720000, 0x0000000469720000)
  eden space 1600000K, 100% used [0x00000003ef600000, 0x0000000451080000, 0x0000000451080000)
  from space 200000K,   3% used [0x0000000451080000, 0x0000000451729510, 0x000000045d3d0000)
  to   space 200000K,   0% used [0x000000045d3d0000, 0x000000045d3d0000, 0x0000000469720000)
 concurrent mark-sweep generation total 14001024K, used 8002532K [0x0000000469720000, 0x00000007c0000000, 0x00000007c0000000)
 Metaspace       used 44935K, capacity 46232K, committed 46652K, reserved 1091584K
  class space    used 4916K, capacity 5189K, committed 5268K, reserved 1048576K
2017-04-16T11:03:39.922-0700: 136744.181: [GC (Allocation Failure) Before GC:
Statistics for BinaryTreeDictionary:
------------------------------------
Total Free Space: 175749179
Max   Chunk Size: 1128311
Number of Blocks: 78809
Av.  Block  Size: 2230
Tree      Height: 110
2017-04-16T11:03:39.922-0700: 136744.182: [ParNew
Desired survivor size 102400000 bytes, new threshold 1 (max 1)
- age   1:    6388064 bytes,    6388064 total
: 1606821K->6948K(1800000K), 0.0122196 secs] 9609354K->8010775K(15801024K)After GC:
Statistics for BinaryTreeDictionary:
------------------------------------
Total Free Space: 175714099
Max   Chunk Size: 1128311
Number of Blocks: 78780
Av.  Block  Size: 2230
Tree      Height: 110
, 0.0135403 secs] [Times: user=0.30 sys=0.00, real=0.01 secs] 
Heap after GC invocations=12685 (full 18):
 par new generation   total 1800000K, used 6948K [0x00000003ef600000, 0x0000000469720000, 0x0000000469720000)
  eden space 1600000K,   0% used [0x00000003ef600000, 0x00000003ef600000, 0x0000000451080000)
  from space 200000K,   3% used [0x000000045d3d0000, 0x000000045da990a8, 0x0000000469720000)
  to   space 200000K,   0% used [0x0000000451080000, 0x0000000451080000, 0x000000045d3d0000)
 concurrent mark-sweep generation total 14001024K, used 8003827K [0x0000000469720000, 0x00000007c0000000, 0x00000007c0000000)
 Metaspace       used 44935K, capacity 46232K, committed 46652K, reserved 1091584K
  class space    used 4916K, capacity 5189K, committed 5268K, reserved 1048576K
}
2017-04-16T11:03:39.935-0700: 136744.195: Total time for which application threads were stopped: 0.0146253 seconds, Stopping threads took: 0.0001474 seconds
{Heap before GC invocations=12685 (full 18):
 par new generation   total 1800000K, used 1606948K [0x00000003ef600000, 0x0000000469720000, 0x0000000469720000)
  eden space 1600000K, 100% used [0x00000003ef600000, 0x0000000451080000, 0x0000000451080000)
  from space 200000K,   3% used [0x000000045d3d0000, 0x000000045da990a8, 0x0000000469720000)
  to   space 200000K,   0% used [0x0000000451080000, 0x0000000451080000, 0x000000045d3d0000)
 concurrent mark-sweep generation total 14001024K, used 8003827K [0x0000000469720000, 0x00000007c0000000, 0x00000007c0000000)
 Metaspace       used 44935K, capacity 46232K, committed 46652K, reserved 1091584K
  class space    used 4916K, capacity 5189K, committed 5268K, reserved 1048576K
2017-04-16T11:03:54.284-0700: 136758.544: [GC (Allocation Failure) Before GC:
Statistics for BinaryTreeDictionary:
------------------------------------
Total Free Space: 175714099
Max   Chunk Size: 1128311
Number of Blocks: 78780
Av.  Block  Size: 2230
Tree      Height: 110
2017-04-16T11:03:54.285-0700: 136758.544: [ParNew
Desired survivor size 102400000 bytes, new threshold 1 (max 1)
- age   1:    6155680 bytes,    6155680 total
: 1606948K->6529K(1800000K), 0.0121512 secs] 9610775K->8011449K(15801024K)After GC:
Statistics for BinaryTreeDictionary:
------------------------------------
Total Free Space: 175703984
Max   Chunk Size: 1128311
Number of Blocks: 78765
Av.  Block  Size: 2230
Tree      Height: 110
, 0.0134653 secs] [Times: user=0.29 sys=0.00, real=0.01 secs] 
Heap after GC invocations=12686 (full 18):
 par new generation   total 1800000K, used 6529K [0x00000003ef600000, 0x0000000469720000, 0x0000000469720000)
  eden space 1600000K,   0% used [0x00000003ef600000, 0x00000003ef600000, 0x0000000451080000)
  from space 200000K,   3% used [0x0000000451080000, 0x00000004516e0450, 0x000000045d3d0000)
  to   space 200000K,   0% used [0x000000045d3d0000, 0x000000045d3d0000, 0x0000000469720000)
 concurrent mark-sweep generation total 14001024K, used 8004920K [0x0000000469720000, 0x00000007c0000000, 0x00000007c0000000)
 Metaspace       used 44935K, capacity 46232K, committed 46652K, reserved 1091584K
  class space    used 4916K, capacity 5189K, committed 5268K, reserved 1048576K
}
2017-04-16T11:03:54.298-0700: 136758.557: Total time for which application threads were stopped: 0.0145447 seconds, Stopping threads took: 0.0001531 seconds
{Heap before GC invocations=12686 (full 18):
 par new generation   total 1800000K, used 1606529K [0x00000003ef600000, 0x0000000469720000, 0x0000000469720000)
  eden space 1600000K, 100% used [0x00000003ef600000, 0x0000000451080000, 0x0000000451080000)
  from space 200000K,   3% used [0x0000000451080000, 0x00000004516e0450, 0x000000045d3d0000)
  to   space 200000K,   0% used [0x000000045d3d0000, 0x000000045d3d0000, 0x0000000469720000)
 concurrent mark-sweep generation total 14001024K, used 8004920K [0x0000000469720000, 0x00000007c0000000, 0x00000007c0000000)
 Metaspace       used 44935K, capacity 46232K, committed 46652K, reserved 1091584K
  class space    used 4916K, capacity 5189K, committed 5268K, reserved 1048576K
2017-04-16T11:04:08.555-0700: 136772.814: [GC (Allocation Failure) Before GC:
Statistics for BinaryTreeDictionary:
------------------------------------
Total Free Space: 175703984
Max   Chunk Size: 1128311
Number of Blocks: 78765
Av.  Block  Size: 2230
Tree      Height: 110
2017-04-16T11:04:08.555-0700: 136772.815: [ParNew
Desired survivor size 102400000 bytes, new threshold 1 (max 1)
- age   1:    5979784 bytes,    5979784 total
: 1606529K->6409K(1800000K), 0.0123841 secs] 9611449K->8012726K(15801024K)After GC:
Statistics for BinaryTreeDictionary:
------------------------------------
Total Free Space: 175663182
Max   Chunk Size: 1128311
Number of Blocks: 78752
Av.  Block  Size: 2230
Tree      Height: 110
, 0.0136889 secs] [Times: user=0.31 sys=0.00, real=0.01 secs] 
Heap after GC invocations=12687 (full 18):
 par new generation   total 1800000K, used 6409K [0x00000003ef600000, 0x0000000469720000, 0x0000000469720000)
  eden space 1600000K,   0% used [0x00000003ef600000, 0x00000003ef600000, 0x0000000451080000)
  from space 200000K,   3% used [0x000000045d3d0000, 0x000000045da12490, 0x0000000469720000)
  to   space 200000K,   0% used [0x0000000451080000, 0x0000000451080000, 0x000000045d3d0000)
 concurrent mark-sweep generation total 14001024K, used 8006317K [0x0000000469720000, 0x00000007c0000000, 0x00000007c0000000)
 Metaspace       used 44935K, capacity 46232K, committed 46652K, reserved 1091584K
  class space    used 4916K, capacity 5189K, committed 5268K, reserved 1048576K
}
2017-04-16T11:04:08.569-0700: 136772.828: Total time for which application threads were stopped: 0.0147650 seconds, Stopping threads took: 0.0001463 seconds
2017-04-16T11:04:09.603-0700: 136773.862: Total time for which application threads were stopped: 0.0021493 seconds, Stopping threads took: 0.0001440 seconds
2017-04-16T11:04:09.613-0700: 136773.872: Total time for which application threads were stopped: 0.0015831 seconds, Stopping threads took: 0.0000445 seconds
{Heap before GC invocations=12687 (full 18):
 par new generation   total 1800000K, used 1606409K [0x00000003ef600000, 0x0000000469720000, 0x0000000469720000)
  eden space 1600000K, 100% used [0x00000003ef600000, 0x0000000451080000, 0x0000000451080000)
  from space 200000K,   3% used [0x000000045d3d0000, 0x000000045da12490, 0x0000000469720000)
  to   space 200000K,   0% used [0x0000000451080000, 0x0000000451080000, 0x000000045d3d0000)
 concurrent mark-sweep generation total 14001024K, used 8006317K [0x0000000469720000, 0x00000007c0000000, 0x00000007c0000000)
 Metaspace       used 44935K, capacity 46232K, committed 46652K, reserved 1091584K
  class space    used 4916K, capacity 5189K, committed 5268K, reserved 1048576K
2017-04-16T11:04:19.098-0700: 136783.357: [GC (Allocation Failure) Before GC:
Statistics for BinaryTreeDictionary:
------------------------------------
Total Free Space: 175663182
Max   Chunk Size: 1128311
Number of Blocks: 78752
Av.  Block  Size: 2230
Tree      Height: 110
2017-04-16T11:04:19.099-0700: 136783.358: [ParNew
Desired survivor size 102400000 bytes, new threshold 1 (max 1)
- age   1:    6210840 bytes,    6210840 total
: 1606409K->6690K(1800000K), 0.0119890 secs] 9612726K->8014363K(15801024K)After GC:
Statistics for BinaryTreeDictionary:
------------------------------------
Total Free Space: 175618044
Max   Chunk Size: 1128311
Number of Blocks: 78732
Av.  Block  Size: 2230
Tree      Height: 110
, 0.0133217 secs] [Times: user=0.29 sys=0.00, real=0.01 secs] 
Heap after GC invocations=12688 (full 18):
 par new generation   total 1800000K, used 6690K [0x00000003ef600000, 0x0000000469720000, 0x0000000469720000)
  eden space 1600000K,   0% used [0x00000003ef600000, 0x00000003ef600000, 0x0000000451080000)
  from space 200000K,   3% used [0x0000000451080000, 0x00000004517089c8, 0x000000045d3d0000)
  to   space 200000K,   0% used [0x000000045d3d0000, 0x000000045d3d0000, 0x0000000469720000)
 concurrent mark-sweep generation total 14001024K, used 8007672K [0x0000000469720000, 0x00000007c0000000, 0x00000007c0000000)
 Metaspace       used 44935K, capacity 46232K, committed 46652K, reserved 1091584K
  class space    used 4916K, capacity 5189K, committed 5268K, reserved 1048576K
}
2017-04-16T11:04:19.111-0700: 136783.371: Total time for which application threads were stopped: 0.0144225 seconds, Stopping threads took: 0.0001519 seconds
{Heap before GC invocations=12688 (full 18):
 par new generation   total 1800000K, used 1606690K [0x00000003ef600000, 0x0000000469720000, 0x0000000469720000)
  eden space 1600000K, 100% used [0x00000003ef600000, 0x0000000451080000, 0x0000000451080000)
  from space 200000K,   3% used [0x0000000451080000, 0x00000004517089c8, 0x000000045d3d0000)
  to   space 200000K,   0% used [0x000000045d3d0000, 0x000000045d3d0000, 0x0000000469720000)
 concurrent mark-sweep generation total 14001024K, used 8007672K [0x0000000469720000, 0x00000007c0000000, 0x00000007c0000000)
 Metaspace       used 44935K, capacity 46232K, committed 46652K, reserved 1091584K
  class space    used 4916K, capacity 5189K, committed 5268K, reserved 1048576K
2017-04-16T11:04:32.949-0700: 136797.209: [GC (Allocation Failure) Before GC:
Statistics for BinaryTreeDictionary:
------------------------------------
Total Free Space: 175618044
Max   Chunk Size: 1128311
Number of Blocks: 78732
Av.  Block  Size: 2230
Tree      Height: 110
2017-04-16T11:04:32.950-0700: 136797.209: [ParNew
Desired survivor size 102400000 bytes, new threshold 1 (max 1)
- age   1:    7212832 bytes,    7212832 total
: 1606690K->7609K(1800000K), 0.0120698 secs] 9614363K->8016563K(15801024K)After GC:
Statistics for BinaryTreeDictionary:
------------------------------------
Total Free Space: 175550531
Max   Chunk Size: 1128311
Number of Blocks: 78703
Av.  Block  Size: 2230
Tree      Height: 110
, 0.0133718 secs] [Times: user=0.30 sys=0.00, real=0.01 secs] 
Heap after GC invocations=12689 (full 18):
 par new generation   total 1800000K, used 7609K [0x00000003ef600000, 0x0000000469720000, 0x0000000469720000)
  eden space 1600000K,   0% used [0x00000003ef600000, 0x00000003ef600000, 0x0000000451080000)
  from space 200000K,   3% used [0x000000045d3d0000, 0x000000045db3e5f8, 0x0000000469720000)
  to   space 200000K,   0% used [0x0000000451080000, 0x0000000451080000, 0x000000045d3d0000)
 concurrent mark-sweep generation total 14001024K, used 8008953K [0x0000000469720000, 0x00000007c0000000, 0x00000007c0000000)
 Metaspace       used 44935K, capacity 46232K, committed 46652K, reserved 1091584K
  class space    used 4916K, capacity 5189K, committed 5268K, reserved 1048576K
}
2017-04-16T11:04:32.963-0700: 136797.222: Total time for which application threads were stopped: 0.0144558 seconds, Stopping threads took: 0.0001500 seconds
2017-04-16T11:04:37.836-0700: 136802.095: Total time for which application threads were stopped: 0.0009327 seconds, Stopping threads took: 0.0001880 seconds
2017-04-16T11:04:37.841-0700: 136802.100: Total time for which application threads were stopped: 0.0007732 seconds, Stopping threads took: 0.0001005 seconds
2017-04-16T11:04:37.841-0700: 136802.100: Total time for which application threads were stopped: 0.0003458 seconds, Stopping threads took: 0.0000388 seconds
2017-04-16T11:04:37.843-0700: 136802.102: Total time for which application threads were stopped: 0.0015753 seconds, Stopping threads took: 0.0000406 seconds
2017-04-16T11:04:37.844-0700: 136802.103: Total time for which application threads were stopped: 0.0003378 seconds, Stopping threads took: 0.0000393 seconds
2017-04-16T11:04:38.328-0700: 136802.587: Total time for which application threads were stopped: 0.0008672 seconds, Stopping threads took: 0.0001640 seconds
2017-04-16T11:04:38.333-0700: 136802.592: Total time for which application threads were stopped: 0.0006255 seconds, Stopping threads took: 0.0000497 seconds
2017-04-16T11:04:38.333-0700: 136802.592: Total time for which application threads were stopped: 0.0003528 seconds, Stopping threads took: 0.0000471 seconds
2017-04-16T11:04:38.368-0700: 136802.628: Total time for which application threads were stopped: 0.0004278 seconds, Stopping threads took: 0.0000770 seconds
2017-04-16T11:04:38.373-0700: 136802.632: Total time for which application threads were stopped: 0.0003415 seconds, Stopping threads took: 0.0000328 seconds
2017-04-16T11:04:38.373-0700: 136802.633: Total time for which application threads were stopped: 0.0003414 seconds, Stopping threads took: 0.0000331 seconds
2017-04-16T11:04:38.458-0700: 136802.718: Total time for which application threads were stopped: 0.0009021 seconds, Stopping threads took: 0.0001784 seconds
2017-04-16T11:04:38.463-0700: 136802.722: Total time for which application threads were stopped: 0.0003905 seconds, Stopping threads took: 0.0000587 seconds
2017-04-16T11:04:38.464-0700: 136802.723: Total time for which application threads were stopped: 0.0003460 seconds, Stopping threads took: 0.0000361 seconds
2017-04-16T11:04:38.638-0700: 136802.897: Total time for which application threads were stopped: 0.0009486 seconds, Stopping threads took: 0.0002008 seconds
2017-04-16T11:04:38.643-0700: 136802.902: Total time for which application threads were stopped: 0.0003892 seconds, Stopping threads took: 0.0000439 seconds
2017-04-16T11:04:38.643-0700: 136802.902: Total time for which application threads were stopped: 0.0003585 seconds, Stopping threads took: 0.0000491 seconds
{Heap before GC invocations=12689 (full 18):
 par new generation   total 1800000K, used 1607609K [0x00000003ef600000, 0x0000000469720000, 0x0000000469720000)
  eden space 1600000K, 100% used [0x00000003ef600000, 0x0000000451080000, 0x0000000451080000)
  from space 200000K,   3% used [0x000000045d3d0000, 0x000000045db3e5f8, 0x0000000469720000)
  to   space 200000K,   0% used [0x0000000451080000, 0x0000000451080000, 0x000000045d3d0000)
 concurrent mark-sweep generation total 14001024K, used 8008953K [0x0000000469720000, 0x00000007c0000000, 0x00000007c0000000)
 Metaspace       used 44935K, capacity 46232K, committed 46652K, reserved 1091584K
  class space    used 4916K, capacity 5189K, committed 5268K, reserved 1048576K
2017-04-16T11:04:40.214-0700: 136804.474: [GC (Allocation Failure) Before GC:
Statistics for BinaryTreeDictionary:
------------------------------------
Total Free Space: 175550531
Max   Chunk Size: 1128311
Number of Blocks: 78703
Av.  Block  Size: 2230
Tree      Height: 110
2017-04-16T11:04:40.215-0700: 136804.474: [ParNew
Desired survivor size 102400000 bytes, new threshold 1 (max 1)
- age   1:   10700344 bytes,   10700344 total
: 1607609K->11107K(1800000K), 0.0122307 secs] 9616563K->8021339K(15801024K)After GC:
Statistics for BinaryTreeDictionary:
------------------------------------
Total Free Space: 175521868
Max   Chunk Size: 1128311
Number of Blocks: 78683
Av.  Block  Size: 2230
Tree      Height: 110
, 0.0135088 secs] [Times: user=0.30 sys=0.00, real=0.02 secs] 
Heap after GC invocations=12690 (full 18):
 par new generation   total 1800000K, used 11107K [0x00000003ef600000, 0x0000000469720000, 0x0000000469720000)
  eden space 1600000K,   0% used [0x00000003ef600000, 0x00000003ef600000, 0x0000000451080000)
  from space 200000K,   5% used [0x0000000451080000, 0x0000000451b58c60, 0x000000045d3d0000)
  to   space 200000K,   0% used [0x000000045d3d0000, 0x000000045d3d0000, 0x0000000469720000)
 concurrent mark-sweep generation total 14001024K, used 8010232K [0x0000000469720000, 0x00000007c0000000, 0x00000007c0000000)
 Metaspace       used 44935K, capacity 46232K, committed 46652K, reserved 1091584K
  class space    used 4916K, capacity 5189K, committed 5268K, reserved 1048576K
}
2017-04-16T11:04:40.228-0700: 136804.487: Total time for which application threads were stopped: 0.0146457 seconds, Stopping threads took: 0.0001564 seconds
2017-04-16T11:04:40.827-0700: 136805.087: Total time for which application threads were stopped: 0.0008852 seconds, Stopping threads took: 0.0001648 seconds
{Heap before GC invocations=12690 (full 18):
 par new generation   total 1800000K, used 1611107K [0x00000003ef600000, 0x0000000469720000, 0x0000000469720000)
  eden space 1600000K, 100% used [0x00000003ef600000, 0x0000000451080000, 0x0000000451080000)
  from space 200000K,   5% used [0x0000000451080000, 0x0000000451b58c60, 0x000000045d3d0000)
  to   space 200000K,   0% used [0x000000045d3d0000, 0x000000045d3d0000, 0x0000000469720000)
 concurrent mark-sweep generation total 14001024K, used 8010232K [0x0000000469720000, 0x00000007c0000000, 0x00000007c0000000)
 Metaspace       used 44935K, capacity 46232K, committed 46652K, reserved 1091584K
  class space    used 4916K, capacity 5189K, committed 5268K, reserved 1048576K
2017-04-16T11:04:51.949-0700: 136816.208: [GC (Allocation Failure) Before GC:
Statistics for BinaryTreeDictionary:
------------------------------------
Total Free Space: 175521868
Max   Chunk Size: 1128311
Number of Blocks: 78683
Av.  Block  Size: 2230
Tree      Height: 110
2017-04-16T11:04:51.949-0700: 136816.209: [ParNew
Desired survivor size 102400000 bytes, new threshold 1 (max 1)
- age   1:   10598512 bytes,   10598512 total
: 1611107K->10913K(1800000K), 0.0121739 secs] 9621339K->8025202K(15801024K)After GC:
Statistics for BinaryTreeDictionary:
------------------------------------
Total Free Space: 175085303
Max   Chunk Size: 1128311
Number of Blocks: 78661
Av.  Block  Size: 2225
Tree      Height: 110
, 0.0134818 secs] [Times: user=0.30 sys=0.00, real=0.01 secs] 
Heap after GC invocations=12691 (full 18):
 par new generation   total 1800000K, used 10913K [0x00000003ef600000, 0x0000000469720000, 0x0000000469720000)
  eden space 1600000K,   0% used [0x00000003ef600000, 0x00000003ef600000, 0x0000000451080000)
  from space 200000K,   5% used [0x000000045d3d0000, 0x000000045de78768, 0x0000000469720000)
  to   space 200000K,   0% used [0x0000000451080000, 0x0000000451080000, 0x000000045d3d0000)
 concurrent mark-sweep generation total 14001024K, used 8014288K [0x0000000469720000, 0x00000007c0000000, 0x00000007c0000000)
 Metaspace       used 44935K, capacity 46232K, committed 46652K, reserved 1091584K
  class space    used 4916K, capacity 5189K, committed 5268K, reserved 1048576K
}
2017-04-16T11:04:51.962-0700: 136816.222: Total time for which application threads were stopped: 0.0146011 seconds, Stopping threads took: 0.0001640 seconds
2017-04-16T11:04:58.035-0700: 136822.294: Total time for which application threads were stopped: 0.0009170 seconds, Stopping threads took: 0.0001837 seconds
2017-04-16T11:04:58.040-0700: 136822.299: Total time for which application threads were stopped: 0.0004026 seconds, Stopping threads took: 0.0000556 seconds
2017-04-16T11:04:58.040-0700: 136822.299: Total time for which application threads were stopped: 0.0003533 seconds, Stopping threads took: 0.0000457 seconds
{Heap before GC invocations=12691 (full 18):
 par new generation   total 1800000K, used 1610913K [0x00000003ef600000, 0x0000000469720000, 0x0000000469720000)
  eden space 1600000K, 100% used [0x00000003ef600000, 0x0000000451080000, 0x0000000451080000)
  from space 200000K,   5% used [0x000000045d3d0000, 0x000000045de78768, 0x0000000469720000)
  to   space 200000K,   0% used [0x0000000451080000, 0x0000000451080000, 0x000000045d3d0000)
 concurrent mark-sweep generation total 14001024K, used 8014288K [0x0000000469720000, 0x00000007c0000000, 0x00000007c0000000)
 Metaspace       used 44935K, capacity 46232K, committed 46652K, reserved 1091584K
  class space    used 4916K, capacity 5189K, committed 5268K, reserved 1048576K
2017-04-16T11:05:05.971-0700: 136830.231: [GC (Allocation Failure) Before GC:
Statistics for BinaryTreeDictionary:
------------------------------------
Total Free Space: 175085303
Max   Chunk Size: 1128311
Number of Blocks: 78661
Av.  Block  Size: 2225
Tree      Height: 110
2017-04-16T11:05:05.972-0700: 136830.231: [ParNew
Desired survivor size 102400000 bytes, new threshold 1 (max 1)
- age   1:    9057680 bytes,    9057680 total
: 1610913K->9790K(1800000K), 0.0135811 secs] 9625202K->8027150K(15801024K)After GC:
Statistics for BinaryTreeDictionary:
------------------------------------
Total Free Space: 174945285
Max   Chunk Size: 1128311
Number of Blocks: 78648
Av.  Block  Size: 2224
Tree      Height: 110
, 0.0149109 secs] [Times: user=0.33 sys=0.00, real=0.01 secs] 
Heap after GC invocations=12692 (full 18):
 par new generation   total 1800000K, used 9790K [0x00000003ef600000, 0x0000000469720000, 0x0000000469720000)
  eden space 1600000K,   0% used [0x00000003ef600000, 0x00000003ef600000, 0x0000000451080000)
  from space 200000K,   4% used [0x0000000451080000, 0x0000000451a0fa98, 0x000000045d3d0000)
  to   space 200000K,   0% used [0x000000045d3d0000, 0x000000045d3d0000, 0x0000000469720000)
 concurrent mark-sweep generation total 14001024K, used 8017360K [0x0000000469720000, 0x00000007c0000000, 0x00000007c0000000)
 Metaspace       used 44935K, capacity 46232K, committed 46652K, reserved 1091584K
  class space    used 4916K, capacity 5189K, committed 5268K, reserved 1048576K
}
2017-04-16T11:05:05.986-0700: 136830.246: Total time for which application threads were stopped: 0.0159846 seconds, Stopping threads took: 0.0001481 seconds
2017-04-16T11:05:06.890-0700: 136831.149: Total time for which application threads were stopped: 0.0022146 seconds, Stopping threads took: 0.0001730 seconds
2017-04-16T11:05:07.598-0700: 136831.858: Total time for which application threads were stopped: 0.0009605 seconds, Stopping threads took: 0.0001608 seconds
{Heap before GC invocations=12692 (full 18):
 par new generation   total 1800000K, used 1609790K [0x00000003ef600000, 0x0000000469720000, 0x0000000469720000)
  eden space 1600000K, 100% used [0x00000003ef600000, 0x0000000451080000, 0x0000000451080000)
  from space 200000K,   4% used [0x0000000451080000, 0x0000000451a0fa98, 0x000000045d3d0000)
  to   space 200000K,   0% used [0x000000045d3d0000, 0x000000045d3d0000, 0x0000000469720000)
 concurrent mark-sweep generation total 14001024K, used 8017360K [0x0000000469720000, 0x00000007c0000000, 0x00000007c0000000)
 Metaspace       used 44935K, capacity 46232K, committed 46652K, reserved 1091584K
  class space    used 4916K, capacity 5189K, committed 5268K, reserved 1048576K
2017-04-16T11:05:19.879-0700: 136844.138: [GC (Allocation Failure) Before GC:
Statistics for BinaryTreeDictionary:
------------------------------------
Total Free Space: 174945285
Max   Chunk Size: 1128311
Number of Blocks: 78648
Av.  Block  Size: 2224
Tree      Height: 110
2017-04-16T11:05:19.879-0700: 136844.139: [ParNew
Desired survivor size 102400000 bytes, new threshold 1 (max 1)
- age   1:    8046928 bytes,    8046928 total
: 1609790K->9212K(1800000K), 0.0135321 secs] 9627150K->8029408K(15801024K)After GC:
Statistics for BinaryTreeDictionary:
------------------------------------
Total Free Space: 174936717
Max   Chunk Size: 1128311
Number of Blocks: 78634
Av.  Block  Size: 2224
Tree      Height: 110
, 0.0148818 secs] [Times: user=0.33 sys=0.00, real=0.02 secs] 
Heap after GC invocations=12693 (full 18):
 par new generation   total 1800000K, used 9212K [0x00000003ef600000, 0x0000000469720000, 0x0000000469720000)
  eden space 1600000K,   0% used [0x00000003ef600000, 0x00000003ef600000, 0x0000000451080000)
  from space 200000K,   4% used [0x000000045d3d0000, 0x000000045dccf168, 0x0000000469720000)
  to   space 200000K,   0% used [0x0000000451080000, 0x0000000451080000, 0x000000045d3d0000)
 concurrent mark-sweep generation total 14001024K, used 8020196K [0x0000000469720000, 0x00000007c0000000, 0x00000007c0000000)
 Metaspace       used 44935K, capacity 46232K, committed 46652K, reserved 1091584K
  class space    used 4916K, capacity 5189K, committed 5268K, reserved 1048576K
}
2017-04-16T11:05:19.894-0700: 136844.153: Total time for which application threads were stopped: 0.0159625 seconds, Stopping threads took: 0.0001459 seconds
{Heap before GC invocations=12693 (full 18):
 par new generation   total 1800000K, used 1609212K [0x00000003ef600000, 0x0000000469720000, 0x0000000469720000)
  eden space 1600000K, 100% used [0x00000003ef600000, 0x0000000451080000, 0x0000000451080000)
  from space 200000K,   4% used [0x000000045d3d0000, 0x000000045dccf168, 0x0000000469720000)
  to   space 200000K,   0% used [0x0000000451080000, 0x0000000451080000, 0x000000045d3d0000)
 concurrent mark-sweep generation total 14001024K, used 8020196K [0x0000000469720000, 0x00000007c0000000, 0x00000007c0000000)
 Metaspace       used 44935K, capacity 46232K, committed 46652K, reserved 1091584K
  class space    used 4916K, capacity 5189K, committed 5268K, reserved 1048576K
2017-04-16T11:05:33.817-0700: 136858.077: [GC (Allocation Failure) Before GC:
Statistics for BinaryTreeDictionary:
------------------------------------
Total Free Space: 174936717
Max   Chunk Size: 1128311
Number of Blocks: 78634
Av.  Block  Size: 2224
Tree      Height: 110
2017-04-16T11:05:33.818-0700: 136858.077: [ParNew
Desired survivor size 102400000 bytes, new threshold 1 (max 1)
- age   1:    7789624 bytes,    7789624 total
: 1609212K->8758K(1800000K), 0.0131269 secs] 9629408K->8031889K(15801024K)After GC:
Statistics for BinaryTreeDictionary:
------------------------------------
Total Free Space: 174762393
Max   Chunk Size: 1128311
Number of Blocks: 78617
Av.  Block  Size: 2222
Tree      Height: 110
, 0.0144124 secs] [Times: user=0.32 sys=0.00, real=0.01 secs] 
Heap after GC invocations=12694 (full 18):
 par new generation   total 1800000K, used 8758K [0x00000003ef600000, 0x0000000469720000, 0x0000000469720000)
  eden space 1600000K,   0% used [0x00000003ef600000, 0x00000003ef600000, 0x0000000451080000)
  from space 200000K,   4% used [0x0000000451080000, 0x000000045190db58, 0x000000045d3d0000)
  to   space 200000K,   0% used [0x000000045d3d0000, 0x000000045d3d0000, 0x0000000469720000)
 concurrent mark-sweep generation total 14001024K, used 8023130K [0x0000000469720000, 0x00000007c0000000, 0x00000007c0000000)
 Metaspace       used 44935K, capacity 46232K, committed 46652K, reserved 1091584K
  class space    used 4916K, capacity 5189K, committed 5268K, reserved 1048576K
}
2017-04-16T11:05:33.832-0700: 136858.091: Total time for which application threads were stopped: 0.0154886 seconds, Stopping threads took: 0.0001602 seconds
2017-04-16T11:05:39.607-0700: 136863.867: Total time for which application threads were stopped: 0.0021434 seconds, Stopping threads took: 0.0001577 seconds
{Heap before GC invocations=12694 (full 18):
 par new generation   total 1800000K, used 1608758K [0x00000003ef600000, 0x0000000469720000, 0x0000000469720000)
  eden space 1600000K, 100% used [0x00000003ef600000, 0x0000000451080000, 0x0000000451080000)
  from space 200000K,   4% used [0x0000000451080000, 0x000000045190db58, 0x000000045d3d0000)
  to   space 200000K,   0% used [0x000000045d3d0000, 0x000000045d3d0000, 0x0000000469720000)
 concurrent mark-sweep generation total 14001024K, used 8023130K [0x0000000469720000, 0x00000007c0000000, 0x00000007c0000000)
 Metaspace       used 44935K, capacity 46232K, committed 46652K, reserved 1091584K
  class space    used 4916K, capacity 5189K, committed 5268K, reserved 1048576K
2017-04-16T11:05:45.457-0700: 136869.716: [GC (Allocation Failure) Before GC:
Statistics for BinaryTreeDictionary:
------------------------------------
Total Free Space: 174762393
Max   Chunk Size: 1128311
Number of Blocks: 78617
Av.  Block  Size: 2222
Tree      Height: 110
2017-04-16T11:05:45.458-0700: 136869.717: [ParNew
Desired survivor size 102400000 bytes, new threshold 1 (max 1)
- age   1:    8043136 bytes,    8043136 total
: 1608758K->8938K(1800000K), 0.0134519 secs] 9631889K->8033925K(15801024K)After GC:
Statistics for BinaryTreeDictionary:
------------------------------------
Total Free Space: 174738626
Max   Chunk Size: 1128311
Number of Blocks: 78605
Av.  Block  Size: 2222
Tree      Height: 110
, 0.0147764 secs] [Times: user=0.33 sys=0.00, real=0.01 secs] 
Heap after GC invocations=12695 (full 18):
 par new generation   total 1800000K, used 8938K [0x00000003ef600000, 0x0000000469720000, 0x0000000469720000)
  eden space 1600000K,   0% used [0x00000003ef600000, 0x00000003ef600000, 0x0000000451080000)
  from space 200000K,   4% used [0x000000045d3d0000, 0x000000045dc8aaa8, 0x0000000469720000)
  to   space 200000K,   0% used [0x0000000451080000, 0x0000000451080000, 0x000000045d3d0000)
 concurrent mark-sweep generation total 14001024K, used 8024986K [0x0000000469720000, 0x00000007c0000000, 0x00000007c0000000)
 Metaspace       used 44935K, capacity 46232K, committed 46652K, reserved 1091584K
  class space    used 4916K, capacity 5189K, committed 5268K, reserved 1048576K
}
2017-04-16T11:05:45.472-0700: 136869.731: Total time for which application threads were stopped: 0.0158829 seconds, Stopping threads took: 0.0001539 seconds
{Heap before GC invocations=12695 (full 18):
 par new generation   total 1800000K, used 1608938K [0x00000003ef600000, 0x0000000469720000, 0x0000000469720000)
  eden space 1600000K, 100% used [0x00000003ef600000, 0x0000000451080000, 0x0000000451080000)
  from space 200000K,   4% used [0x000000045d3d0000, 0x000000045dc8aaa8, 0x0000000469720000)
  to   space 200000K,   0% used [0x0000000451080000, 0x0000000451080000, 0x000000045d3d0000)
 concurrent mark-sweep generation total 14001024K, used 8024986K [0x0000000469720000, 0x00000007c0000000, 0x00000007c0000000)
 Metaspace       used 44935K, capacity 46232K, committed 46652K, reserved 1091584K
  class space    used 4916K, capacity 5189K, committed 5268K, reserved 1048576K
2017-04-16T11:05:59.162-0700: 136883.421: [GC (Allocation Failure) Before GC:
Statistics for BinaryTreeDictionary:
------------------------------------
Total Free Space: 174738626
Max   Chunk Size: 1128311
Number of Blocks: 78605
Av.  Block  Size: 2222
Tree      Height: 110
2017-04-16T11:05:59.162-0700: 136883.422: [ParNew
Desired survivor size 102400000 bytes, new threshold 1 (max 1)
- age   1:    7094000 bytes,    7094000 total
: 1608938K->8162K(1800000K), 0.0139688 secs] 9633925K->8036099K(15801024K)After GC:
Statistics for BinaryTreeDictionary:
------------------------------------
Total Free Space: 174649706
Max   Chunk Size: 1128311
Number of Blocks: 78571
Av.  Block  Size: 2222
Tree      Height: 110
, 0.0152597 secs] [Times: user=0.34 sys=0.00, real=0.01 secs] 
Heap after GC invocations=12696 (full 18):
 par new generation   total 1800000K, used 8162K [0x00000003ef600000, 0x0000000469720000, 0x0000000469720000)
  eden space 1600000K,   0% used [0x00000003ef600000, 0x00000003ef600000, 0x0000000451080000)
  from space 200000K,   4% used [0x0000000451080000, 0x0000000451878b20, 0x000000045d3d0000)
  to   space 200000K,   0% used [0x000000045d3d0000, 0x000000045d3d0000, 0x0000000469720000)
 concurrent mark-sweep generation total 14001024K, used 8027936K [0x0000000469720000, 0x00000007c0000000, 0x00000007c0000000)
 Metaspace       used 44935K, capacity 46232K, committed 46652K, reserved 1091584K
  class space    used 4916K, capacity 5189K, committed 5268K, reserved 1048576K
}
2017-04-16T11:05:59.177-0700: 136883.436: Total time for which application threads were stopped: 0.0163943 seconds, Stopping threads took: 0.0001789 seconds
{Heap before GC invocations=12696 (full 18):
 par new generation   total 1800000K, used 1608162K [0x00000003ef600000, 0x0000000469720000, 0x0000000469720000)
  eden space 1600000K, 100% used [0x00000003ef600000, 0x0000000451080000, 0x0000000451080000)
  from space 200000K,   4% used [0x0000000451080000, 0x0000000451878b20, 0x000000045d3d0000)
  to   space 200000K,   0% used [0x000000045d3d0000, 0x000000045d3d0000, 0x0000000469720000)
 concurrent mark-sweep generation total 14001024K, used 8027936K [0x0000000469720000, 0x00000007c0000000, 0x00000007c0000000)
 Metaspace       used 44935K, capacity 46232K, committed 46652K, reserved 1091584K
  class space    used 4916K, capacity 5189K, committed 5268K, reserved 1048576K
2017-04-16T11:06:12.747-0700: 136897.006: [GC (Allocation Failure) Before GC:
Statistics for BinaryTreeDictionary:
------------------------------------
Total Free Space: 174649706
Max   Chunk Size: 1128311
Number of Blocks: 78571
Av.  Block  Size: 2222
Tree      Height: 110
2017-04-16T11:06:12.747-0700: 136897.007: [ParNew
Desired survivor size 102400000 bytes, new threshold 1 (max 1)
- age   1:    6163360 bytes,    6163360 total
: 1608162K->7131K(1800000K), 0.0122807 secs] 9636099K->8036962K(15801024K)After GC:
Statistics for BinaryTreeDictionary:
------------------------------------
Total Free Space: 174604292
Max   Chunk Size: 1128311
Number of Blocks: 78552
Av.  Block  Size: 2222
Tree      Height: 110
, 0.0135822 secs] [Times: user=0.30 sys=0.00, real=0.02 secs] 
Heap after GC invocations=12697 (full 18):
 par new generation   total 1800000K, used 7131K [0x00000003ef600000, 0x0000000469720000, 0x0000000469720000)
  eden space 1600000K,   0% used [0x00000003ef600000, 0x00000003ef600000, 0x0000000451080000)
  from space 200000K,   3% used [0x000000045d3d0000, 0x000000045dac6e80, 0x0000000469720000)
  to   space 200000K,   0% used [0x0000000451080000, 0x0000000451080000, 0x000000045d3d0000)
 concurrent mark-sweep generation total 14001024K, used 8029830K [0x0000000469720000, 0x00000007c0000000, 0x00000007c0000000)
 Metaspace       used 44935K, capacity 46232K, committed 46652K, reserved 1091584K
  class space    used 4916K, capacity 5189K, committed 5268K, reserved 1048576K
}
2017-04-16T11:06:12.761-0700: 136897.020: Total time for which application threads were stopped: 0.0146845 seconds, Stopping threads took: 0.0001643 seconds
{Heap before GC invocations=12697 (full 18):
 par new generation   total 1800000K, used 1607131K [0x00000003ef600000, 0x0000000469720000, 0x0000000469720000)
  eden space 1600000K, 100% used [0x00000003ef600000, 0x0000000451080000, 0x0000000451080000)
  from space 200000K,   3% used [0x000000045d3d0000, 0x000000045dac6e80, 0x0000000469720000)
  to   space 200000K,   0% used [0x0000000451080000, 0x0000000451080000, 0x000000045d3d0000)
 concurrent mark-sweep generation total 14001024K, used 8029830K [0x0000000469720000, 0x00000007c0000000, 0x00000007c0000000)
 Metaspace       used 44935K, capacity 46232K, committed 46652K, reserved 1091584K
  class space    used 4916K, capacity 5189K, committed 5268K, reserved 1048576K
2017-04-16T11:06:26.562-0700: 136910.822: [GC (Allocation Failure) Before GC:
Statistics for BinaryTreeDictionary:
------------------------------------
Total Free Space: 174604292
Max   Chunk Size: 1128311
Number of Blocks: 78552
Av.  Block  Size: 2222
Tree      Height: 110
2017-04-16T11:06:26.563-0700: 136910.822: [ParNew
Desired survivor size 102400000 bytes, new threshold 1 (max 1)
- age   1:    6653336 bytes,    6653336 total
: 1607131K->6973K(1800000K), 0.0124135 secs] 9636962K->8038074K(15801024K)After GC:
Statistics for BinaryTreeDictionary:
------------------------------------
Total Free Space: 174579900
Max   Chunk Size: 1128311
Number of Blocks: 78539
Av.  Block  Size: 2222
Tree      Height: 110
, 0.0137000 secs] [Times: user=0.31 sys=0.00, real=0.01 secs] 
Heap after GC invocations=12698 (full 18):
 par new generation   total 1800000K, used 6973K [0x00000003ef600000, 0x0000000469720000, 0x0000000469720000)
  eden space 1600000K,   0% used [0x00000003ef600000, 0x00000003ef600000, 0x0000000451080000)
  from space 200000K,   3% used [0x0000000451080000, 0x000000045174f640, 0x000000045d3d0000)
  to   space 200000K,   0% used [0x000000045d3d0000, 0x000000045d3d0000, 0x0000000469720000)
 concurrent mark-sweep generation total 14001024K, used 8031100K [0x0000000469720000, 0x00000007c0000000, 0x00000007c0000000)
 Metaspace       used 44935K, capacity 46232K, committed 46652K, reserved 1091584K
  class space    used 4916K, capacity 5189K, committed 5268K, reserved 1048576K
}
2017-04-16T11:06:26.576-0700: 136910.836: Total time for which application threads were stopped: 0.0147852 seconds, Stopping threads took: 0.0001591 seconds
{Heap before GC invocations=12698 (full 18):
 par new generation   total 1800000K, used 1606973K [0x00000003ef600000, 0x0000000469720000, 0x0000000469720000)
  eden space 1600000K, 100% used [0x00000003ef600000, 0x0000000451080000, 0x0000000451080000)
  from space 200000K,   3% used [0x0000000451080000, 0x000000045174f640, 0x000000045d3d0000)
  to   space 200000K,   0% used [0x000000045d3d0000, 0x000000045d3d0000, 0x0000000469720000)
 concurrent mark-sweep generation total 14001024K, used 8031100K [0x0000000469720000, 0x00000007c0000000, 0x00000007c0000000)
 Metaspace       used 44935K, capacity 46232K, committed 46652K, reserved 1091584K
  class space    used 4916K, capacity 5189K, committed 5268K, reserved 1048576K
2017-04-16T11:06:39.883-0700: 136924.142: [GC (Allocation Failure) Before GC:
Statistics for BinaryTreeDictionary:
------------------------------------
Total Free Space: 174579900
Max   Chunk Size: 1128311
Number of Blocks: 78539
Av.  Block  Size: 2222
Tree      Height: 110
2017-04-16T11:06:39.884-0700: 136924.143: [ParNew
Desired survivor size 102400000 bytes, new threshold 1 (max 1)
- age   1:   16422336 bytes,   16422336 total
: 1606973K->16992K(1800000K), 0.0135367 secs] 9638074K->8049670K(15801024K)After GC:
Statistics for BinaryTreeDictionary:
------------------------------------
Total Free Space: 174564189
Max   Chunk Size: 1128311
Number of Blocks: 78515
Av.  Block  Size: 2223
Tree      Height: 110
, 0.0148407 secs] [Times: user=0.33 sys=0.00, real=0.02 secs] 
Heap after GC invocations=12699 (full 18):
 par new generation   total 1800000K, used 16992K [0x00000003ef600000, 0x0000000469720000, 0x0000000469720000)
  eden space 1600000K,   0% used [0x00000003ef600000, 0x00000003ef600000, 0x0000000451080000)
  from space 200000K,   8% used [0x000000045d3d0000, 0x000000045e468318, 0x0000000469720000)
  to   space 200000K,   0% used [0x0000000451080000, 0x0000000451080000, 0x000000045d3d0000)
 concurrent mark-sweep generation total 14001024K, used 8032678K [0x0000000469720000, 0x00000007c0000000, 0x00000007c0000000)
 Metaspace       used 44935K, capacity 46232K, committed 46652K, reserved 1091584K
  class space    used 4916K, capacity 5189K, committed 5268K, reserved 1048576K
}
2017-04-16T11:06:39.898-0700: 136924.157: Total time for which application threads were stopped: 0.0159395 seconds, Stopping threads took: 0.0001536 seconds
{Heap before GC invocations=12699 (full 18):
 par new generation   total 1800000K, used 1616992K [0x00000003ef600000, 0x0000000469720000, 0x0000000469720000)
  eden space 1600000K, 100% used [0x00000003ef600000, 0x0000000451080000, 0x0000000451080000)
  from space 200000K,   8% used [0x000000045d3d0000, 0x000000045e468318, 0x0000000469720000)
  to   space 200000K,   0% used [0x0000000451080000, 0x0000000451080000, 0x000000045d3d0000)
 concurrent mark-sweep generation total 14001024K, used 8032678K [0x0000000469720000, 0x00000007c0000000, 0x00000007c0000000)
 Metaspace       used 44935K, capacity 46232K, committed 46652K, reserved 1091584K
  class space    used 4916K, capacity 5189K, committed 5268K, reserved 1048576K
2017-04-16T11:06:53.693-0700: 136937.952: [GC (Allocation Failure) Before GC:
Statistics for BinaryTreeDictionary:
------------------------------------
Total Free Space: 174564189
Max   Chunk Size: 1128311
Number of Blocks: 78515
Av.  Block  Size: 2223
Tree      Height: 110
2017-04-16T11:06:53.694-0700: 136937.953: [ParNew
Desired survivor size 102400000 bytes, new threshold 1 (max 1)
- age   1:    7079296 bytes,    7079296 total
: 1616992K->10459K(1800000K), 0.0212871 secs] 9649670K->8052830K(15801024K)After GC:
Statistics for BinaryTreeDictionary:
------------------------------------
Total Free Space: 174273944
Max   Chunk Size: 1128311
Number of Blocks: 78493
Av.  Block  Size: 2220
Tree      Height: 110
, 0.0226067 secs] [Times: user=0.32 sys=0.01, real=0.03 secs] 
Heap after GC invocations=12700 (full 18):
 par new generation   total 1800000K, used 10459K [0x00000003ef600000, 0x0000000469720000, 0x0000000469720000)
  eden space 1600000K,   0% used [0x00000003ef600000, 0x00000003ef600000, 0x0000000451080000)
  from space 200000K,   5% used [0x0000000451080000, 0x0000000451ab6ef0, 0x000000045d3d0000)
  to   space 200000K,   0% used [0x000000045d3d0000, 0x000000045d3d0000, 0x0000000469720000)
 concurrent mark-sweep generation total 14001024K, used 8042370K [0x0000000469720000, 0x00000007c0000000, 0x00000007c0000000)
 Metaspace       used 44935K, capacity 46232K, committed 46652K, reserved 1091584K
  class space    used 4916K, capacity 5189K, committed 5268K, reserved 1048576K
}
2017-04-16T11:06:53.716-0700: 136937.975: Total time for which application threads were stopped: 0.0237023 seconds, Stopping threads took: 0.0001591 seconds
{Heap before GC invocations=12700 (full 18):
 par new generation   total 1800000K, used 1610459K [0x00000003ef600000, 0x0000000469720000, 0x0000000469720000)
  eden space 1600000K, 100% used [0x00000003ef600000, 0x0000000451080000, 0x0000000451080000)
  from space 200000K,   5% used [0x0000000451080000, 0x0000000451ab6ef0, 0x000000045d3d0000)
  to   space 200000K,   0% used [0x000000045d3d0000, 0x000000045d3d0000, 0x0000000469720000)
 concurrent mark-sweep generation total 14001024K, used 8042370K [0x0000000469720000, 0x00000007c0000000, 0x00000007c0000000)
 Metaspace       used 44935K, capacity 46232K, committed 46652K, reserved 1091584K
  class space    used 4916K, capacity 5189K, committed 5268K, reserved 1048576K
2017-04-16T11:07:07.365-0700: 136951.624: [GC (Allocation Failure) Before GC:
Statistics for BinaryTreeDictionary:
------------------------------------
Total Free Space: 174273944
Max   Chunk Size: 1128311
Number of Blocks: 78493
Av.  Block  Size: 2220
Tree      Height: 110
2017-04-16T11:07:07.365-0700: 136951.625: [ParNew
Desired survivor size 102400000 bytes, new threshold 1 (max 1)
- age   1:    6529688 bytes,    6529688 total
: 1610459K->7869K(1800000K), 0.0118238 secs] 9652830K->8051752K(15801024K)After GC:
Statistics for BinaryTreeDictionary:
------------------------------------
Total Free Space: 174232449
Max   Chunk Size: 1128311
Number of Blocks: 78479
Av.  Block  Size: 2220
Tree      Height: 110
, 0.0131055 secs] [Times: user=0.30 sys=0.00, real=0.02 secs] 
Heap after GC invocations=12701 (full 18):
 par new generation   total 1800000K, used 7869K [0x00000003ef600000, 0x0000000469720000, 0x0000000469720000)
  eden space 1600000K,   0% used [0x00000003ef600000, 0x00000003ef600000, 0x0000000451080000)
  from space 200000K,   3% used [0x000000045d3d0000, 0x000000045db7f580, 0x0000000469720000)
  to   space 200000K,   0% used [0x0000000451080000, 0x0000000451080000, 0x000000045d3d0000)
 concurrent mark-sweep generation total 14001024K, used 8043883K [0x0000000469720000, 0x00000007c0000000, 0x00000007c0000000)
 Metaspace       used 44935K, capacity 46232K, committed 46652K, reserved 1091584K
  class space    used 4916K, capacity 5189K, committed 5268K, reserved 1048576K
}
2017-04-16T11:07:07.378-0700: 136951.637: Total time for which application threads were stopped: 0.0142093 seconds, Stopping threads took: 0.0001483 seconds
2017-04-16T11:07:09.881-0700: 136954.141: Total time for which application threads were stopped: 0.0021472 seconds, Stopping threads took: 0.0001599 seconds
{Heap before GC invocations=12701 (full 18):
 par new generation   total 1800000K, used 1607869K [0x00000003ef600000, 0x0000000469720000, 0x0000000469720000)
  eden space 1600000K, 100% used [0x00000003ef600000, 0x0000000451080000, 0x0000000451080000)
  from space 200000K,   3% used [0x000000045d3d0000, 0x000000045db7f580, 0x0000000469720000)
  to   space 200000K,   0% used [0x0000000451080000, 0x0000000451080000, 0x000000045d3d0000)
 concurrent mark-sweep generation total 14001024K, used 8043883K [0x0000000469720000, 0x00000007c0000000, 0x00000007c0000000)
 Metaspace       used 44935K, capacity 46232K, committed 46652K, reserved 1091584K
  class space    used 4916K, capacity 5189K, committed 5268K, reserved 1048576K
2017-04-16T11:07:18.991-0700: 136963.250: [GC (Allocation Failure) Before GC:
Statistics for BinaryTreeDictionary:
------------------------------------
Total Free Space: 174232449
Max   Chunk Size: 1128311
Number of Blocks: 78479
Av.  Block  Size: 2220
Tree      Height: 110
2017-04-16T11:07:18.992-0700: 136963.251: [ParNew
Desired survivor size 102400000 bytes, new threshold 1 (max 1)
- age   1:    7230888 bytes,    7230888 total
: 1607869K->7614K(1800000K), 0.0116117 secs] 9651752K->8052733K(15801024K)After GC:
Statistics for BinaryTreeDictionary:
------------------------------------
Total Free Space: 174187954
Max   Chunk Size: 1128311
Number of Blocks: 78458
Av.  Block  Size: 2220
Tree      Height: 110
, 0.0129236 secs] [Times: user=0.29 sys=0.00, real=0.01 secs] 
Heap after GC invocations=12702 (full 18):
 par new generation   total 1800000K, used 7614K [0x00000003ef600000, 0x0000000469720000, 0x0000000469720000)
  eden space 1600000K,   0% used [0x00000003ef600000, 0x00000003ef600000, 0x0000000451080000)
  from space 200000K,   3% used [0x0000000451080000, 0x00000004517ef8e0, 0x000000045d3d0000)
  to   space 200000K,   0% used [0x000000045d3d0000, 0x000000045d3d0000, 0x0000000469720000)
 concurrent mark-sweep generation total 14001024K, used 8045119K [0x0000000469720000, 0x00000007c0000000, 0x00000007c0000000)
 Metaspace       used 44935K, capacity 46232K, committed 46652K, reserved 1091584K
  class space    used 4916K, capacity 5189K, committed 5268K, reserved 1048576K
}
2017-04-16T11:07:19.004-0700: 136963.264: Total time for which application threads were stopped: 0.0140127 seconds, Stopping threads took: 0.0001569 seconds
{Heap before GC invocations=12702 (full 18):
 par new generation   total 1800000K, used 1607614K [0x00000003ef600000, 0x0000000469720000, 0x0000000469720000)
  eden space 1600000K, 100% used [0x00000003ef600000, 0x0000000451080000, 0x0000000451080000)
  from space 200000K,   3% used [0x0000000451080000, 0x00000004517ef8e0, 0x000000045d3d0000)
  to   space 200000K,   0% used [0x000000045d3d0000, 0x000000045d3d0000, 0x0000000469720000)
 concurrent mark-sweep generation total 14001024K, used 8045119K [0x0000000469720000, 0x00000007c0000000, 0x00000007c0000000)
 Metaspace       used 44935K, capacity 46232K, committed 46652K, reserved 1091584K
  class space    used 4916K, capacity 5189K, committed 5268K, reserved 1048576K
2017-04-16T11:07:32.391-0700: 136976.650: [GC (Allocation Failure) Before GC:
Statistics for BinaryTreeDictionary:
------------------------------------
Total Free Space: 174187954
Max   Chunk Size: 1128311
Number of Blocks: 78458
Av.  Block  Size: 2220
Tree      Height: 110
2017-04-16T11:07:32.391-0700: 136976.651: [ParNew
Desired survivor size 102400000 bytes, new threshold 1 (max 1)
- age   1:    7023312 bytes,    7023312 total
: 1607614K->7363K(1800000K), 0.0119570 secs] 9652733K->8053845K(15801024K)After GC:
Statistics for BinaryTreeDictionary:
------------------------------------
Total Free Space: 174105700
Max   Chunk Size: 1128311
Number of Blocks: 78397
Av.  Block  Size: 2220
Tree      Height: 110
, 0.0132791 secs] [Times: user=0.29 sys=0.01, real=0.02 secs] 
Heap after GC invocations=12703 (full 18):
 par new generation   total 1800000K, used 7363K [0x00000003ef600000, 0x0000000469720000, 0x0000000469720000)
  eden space 1600000K,   0% used [0x00000003ef600000, 0x00000003ef600000, 0x0000000451080000)
  from space 200000K,   3% used [0x000000045d3d0000, 0x000000045db00df8, 0x0000000469720000)
  to   space 200000K,   0% used [0x0000000451080000, 0x0000000451080000, 0x000000045d3d0000)
 concurrent mark-sweep generation total 14001024K, used 8046481K [0x0000000469720000, 0x00000007c0000000, 0x00000007c0000000)
 Metaspace       used 44935K, capacity 46232K, committed 46652K, reserved 1091584K
  class space    used 4916K, capacity 5189K, committed 5268K, reserved 1048576K
}
2017-04-16T11:07:32.404-0700: 136976.663: Total time for which application threads were stopped: 0.0143737 seconds, Stopping threads took: 0.0001560 seconds
{Heap before GC invocations=12703 (full 18):
 par new generation   total 1800000K, used 1607363K [0x00000003ef600000, 0x0000000469720000, 0x0000000469720000)
  eden space 1600000K, 100% used [0x00000003ef600000, 0x0000000451080000, 0x0000000451080000)
  from space 200000K,   3% used [0x000000045d3d0000, 0x000000045db00df8, 0x0000000469720000)
  to   space 200000K,   0% used [0x0000000451080000, 0x0000000451080000, 0x000000045d3d0000)
 concurrent mark-sweep generation total 14001024K, used 8046481K [0x0000000469720000, 0x00000007c0000000, 0x00000007c0000000)
 Metaspace       used 44935K, capacity 46232K, committed 46652K, reserved 1091584K
  class space    used 4916K, capacity 5189K, committed 5268K, reserved 1048576K
2017-04-16T11:07:45.901-0700: 136990.160: [GC (Allocation Failure) Before GC:
Statistics for BinaryTreeDictionary:
------------------------------------
Total Free Space: 174105700
Max   Chunk Size: 1128311
Number of Blocks: 78397
Av.  Block  Size: 2220
Tree      Height: 110
2017-04-16T11:07:45.901-0700: 136990.161: [ParNew
Desired survivor size 102400000 bytes, new threshold 1 (max 1)
- age   1:    6175376 bytes,    6175376 total
: 1607363K->6716K(1800000K), 0.0120011 secs] 9653845K->8054607K(15801024K)After GC:
Statistics for BinaryTreeDictionary:
------------------------------------
Total Free Space: 174054854
Max   Chunk Size: 1128311
Number of Blocks: 78367
Av.  Block  Size: 2221
Tree      Height: 110
, 0.0132856 secs] [Times: user=0.29 sys=0.01, real=0.02 secs] 
Heap after GC invocations=12704 (full 18):
 par new generation   total 1800000K, used 6716K [0x00000003ef600000, 0x0000000469720000, 0x0000000469720000)
  eden space 1600000K,   0% used [0x00000003ef600000, 0x00000003ef600000, 0x0000000451080000)
  from space 200000K,   3% used [0x0000000451080000, 0x000000045170f350, 0x000000045d3d0000)
  to   space 200000K,   0% used [0x000000045d3d0000, 0x000000045d3d0000, 0x0000000469720000)
 concurrent mark-sweep generation total 14001024K, used 8047890K [0x0000000469720000, 0x00000007c0000000, 0x00000007c0000000)
 Metaspace       used 44935K, capacity 46232K, committed 46652K, reserved 1091584K
  class space    used 4916K, capacity 5189K, committed 5268K, reserved 1048576K
}
2017-04-16T11:07:45.914-0700: 136990.173: Total time for which application threads were stopped: 0.0143741 seconds, Stopping threads took: 0.0001507 seconds
{Heap before GC invocations=12704 (full 18):
 par new generation   total 1800000K, used 1606716K [0x00000003ef600000, 0x0000000469720000, 0x0000000469720000)
  eden space 1600000K, 100% used [0x00000003ef600000, 0x0000000451080000, 0x0000000451080000)
  from space 200000K,   3% used [0x0000000451080000, 0x000000045170f350, 0x000000045d3d0000)
  to   space 200000K,   0% used [0x000000045d3d0000, 0x000000045d3d0000, 0x0000000469720000)
 concurrent mark-sweep generation total 14001024K, used 8047890K [0x0000000469720000, 0x00000007c0000000, 0x00000007c0000000)
 Metaspace       used 44935K, capacity 46232K, committed 46652K, reserved 1091584K
  class space    used 4916K, capacity 5189K, committed 5268K, reserved 1048576K
2017-04-16T11:07:59.468-0700: 137003.728: [GC (Allocation Failure) Before GC:
Statistics for BinaryTreeDictionary:
------------------------------------
Total Free Space: 174054854
Max   Chunk Size: 1128311
Number of Blocks: 78367
Av.  Block  Size: 2221
Tree      Height: 110
2017-04-16T11:07:59.469-0700: 137003.728: [ParNew
Desired survivor size 102400000 bytes, new threshold 1 (max 1)
- age   1:    7081632 bytes,    7081632 total
: 1606716K->7499K(1800000K), 0.0119958 secs] 9654607K->8056693K(15801024K)After GC:
Statistics for BinaryTreeDictionary:
------------------------------------
Total Free Space: 174013384
Max   Chunk Size: 1128311
Number of Blocks: 78353
Av.  Block  Size: 2220
Tree      Height: 110
, 0.0132879 secs] [Times: user=0.30 sys=0.00, real=0.01 secs] 
Heap after GC invocations=12705 (full 18):
 par new generation   total 1800000K, used 7499K [0x00000003ef600000, 0x0000000469720000, 0x0000000469720000)
  eden space 1600000K,   0% used [0x00000003ef600000, 0x00000003ef600000, 0x0000000451080000)
  from space 200000K,   3% used [0x000000045d3d0000, 0x000000045db22d80, 0x0000000469720000)
  to   space 200000K,   0% used [0x0000000451080000, 0x0000000451080000, 0x000000045d3d0000)
 concurrent mark-sweep generation total 14001024K, used 8049194K [0x0000000469720000, 0x00000007c0000000, 0x00000007c0000000)
 Metaspace       used 44935K, capacity 46232K, committed 46652K, reserved 1091584K
  class space    used 4916K, capacity 5189K, committed 5268K, reserved 1048576K
}
2017-04-16T11:07:59.482-0700: 137003.741: Total time for which application threads were stopped: 0.0143712 seconds, Stopping threads took: 0.0001557 seconds
2017-04-16T11:08:06.974-0700: 137011.233: Total time for which application threads were stopped: 0.0021719 seconds, Stopping threads took: 0.0001532 seconds
{Heap before GC invocations=12705 (full 18):
 par new generation   total 1800000K, used 1607499K [0x00000003ef600000, 0x0000000469720000, 0x0000000469720000)
  eden space 1600000K, 100% used [0x00000003ef600000, 0x0000000451080000, 0x0000000451080000)
  from space 200000K,   3% used [0x000000045d3d0000, 0x000000045db22d80, 0x0000000469720000)
  to   space 200000K,   0% used [0x0000000451080000, 0x0000000451080000, 0x000000045d3d0000)
 concurrent mark-sweep generation total 14001024K, used 8049194K [0x0000000469720000, 0x00000007c0000000, 0x00000007c0000000)
 Metaspace       used 44935K, capacity 46232K, committed 46652K, reserved 1091584K
  class space    used 4916K, capacity 5189K, committed 5268K, reserved 1048576K
2017-04-16T11:08:13.478-0700: 137017.738: [GC (Allocation Failure) Before GC:
Statistics for BinaryTreeDictionary:
------------------------------------
Total Free Space: 174013384
Max   Chunk Size: 1128311
Number of Blocks: 78353
Av.  Block  Size: 2220
Tree      Height: 110
2017-04-16T11:08:13.479-0700: 137017.738: [ParNew
Desired survivor size 102400000 bytes, new threshold 1 (max 1)
- age   1:    5790320 bytes,    5790320 total
: 1607499K->6349K(1800000K), 0.0119783 secs] 9656693K->8056838K(15801024K)After GC:
Statistics for BinaryTreeDictionary:
------------------------------------
Total Free Space: 173984945
Max   Chunk Size: 1128311
Number of Blocks: 78331
Av.  Block  Size: 2221
Tree      Height: 110
, 0.0132849 secs] [Times: user=0.30 sys=0.00, real=0.01 secs] 
Heap after GC invocations=12706 (full 18):
 par new generation   total 1800000K, used 6349K [0x00000003ef600000, 0x0000000469720000, 0x0000000469720000)
  eden space 1600000K,   0% used [0x00000003ef600000, 0x00000003ef600000, 0x0000000451080000)
  from space 200000K,   3% used [0x0000000451080000, 0x00000004516b3498, 0x000000045d3d0000)
  to   space 200000K,   0% used [0x000000045d3d0000, 0x000000045d3d0000, 0x0000000469720000)
 concurrent mark-sweep generation total 14001024K, used 8050488K [0x0000000469720000, 0x00000007c0000000, 0x00000007c0000000)
 Metaspace       used 44935K, capacity 46232K, committed 46652K, reserved 1091584K
  class space    used 4916K, capacity 5189K, committed 5268K, reserved 1048576K
}
2017-04-16T11:08:13.492-0700: 137017.751: Total time for which application threads were stopped: 0.0143752 seconds, Stopping threads took: 0.0001494 seconds
{Heap before GC invocations=12706 (full 18):
 par new generation   total 1800000K, used 1606349K [0x00000003ef600000, 0x0000000469720000, 0x0000000469720000)
  eden space 1600000K, 100% used [0x00000003ef600000, 0x0000000451080000, 0x0000000451080000)
  from space 200000K,   3% used [0x0000000451080000, 0x00000004516b3498, 0x000000045d3d0000)
  to   space 200000K,   0% used [0x000000045d3d0000, 0x000000045d3d0000, 0x0000000469720000)
 concurrent mark-sweep generation total 14001024K, used 8050488K [0x0000000469720000, 0x00000007c0000000, 0x00000007c0000000)
 Metaspace       used 44935K, capacity 46232K, committed 46652K, reserved 1091584K
  class space    used 4916K, capacity 5189K, committed 5268K, reserved 1048576K
2017-04-16T11:08:27.342-0700: 137031.601: [GC (Allocation Failure) Before GC:
Statistics for BinaryTreeDictionary:
------------------------------------
Total Free Space: 173984945
Max   Chunk Size: 1128311
Number of Blocks: 78331
Av.  Block  Size: 2221
Tree      Height: 110
2017-04-16T11:08:27.342-0700: 137031.602: [ParNew
Desired survivor size 102400000 bytes, new threshold 1 (max 1)
- age   1:    7388840 bytes,    7388840 total
: 1606349K->7912K(1800000K), 0.0122606 secs] 9656838K->8059574K(15801024K)After GC:
Statistics for BinaryTreeDictionary:
------------------------------------
Total Free Space: 173971169
Max   Chunk Size: 1128311
Number of Blocks: 78307
Av.  Block  Size: 2221
Tree      Height: 110
, 0.0135429 secs] [Times: user=0.30 sys=0.00, real=0.01 secs] 
Heap after GC invocations=12707 (full 18):
 par new generation   total 1800000K, used 7912K [0x00000003ef600000, 0x0000000469720000, 0x0000000469720000)
  eden space 1600000K,   0% used [0x00000003ef600000, 0x00000003ef600000, 0x0000000451080000)
  from space 200000K,   3% used [0x000000045d3d0000, 0x000000045db8a220, 0x0000000469720000)
  to   space 200000K,   0% used [0x0000000451080000, 0x0000000451080000, 0x000000045d3d0000)
 concurrent mark-sweep generation total 14001024K, used 8051662K [0x0000000469720000, 0x00000007c0000000, 0x00000007c0000000)
 Metaspace       used 44935K, capacity 46232K, committed 46652K, reserved 1091584K
  class space    used 4916K, capacity 5189K, committed 5268K, reserved 1048576K
}
2017-04-16T11:08:27.356-0700: 137031.615: Total time for which application threads were stopped: 0.0146109 seconds, Stopping threads took: 0.0001487 seconds
2017-04-16T11:08:39.696-0700: 137043.955: Total time for which application threads were stopped: 0.0021288 seconds, Stopping threads took: 0.0001410 seconds
{Heap before GC invocations=12707 (full 18):
 par new generation   total 1800000K, used 1607912K [0x00000003ef600000, 0x0000000469720000, 0x0000000469720000)
  eden space 1600000K, 100% used [0x00000003ef600000, 0x0000000451080000, 0x0000000451080000)
  from space 200000K,   3% used [0x000000045d3d0000, 0x000000045db8a220, 0x0000000469720000)
  to   space 200000K,   0% used [0x0000000451080000, 0x0000000451080000, 0x000000045d3d0000)
 concurrent mark-sweep generation total 14001024K, used 8051662K [0x0000000469720000, 0x00000007c0000000, 0x00000007c0000000)
 Metaspace       used 44935K, capacity 46232K, committed 46652K, reserved 1091584K
  class space    used 4916K, capacity 5189K, committed 5268K, reserved 1048576K
2017-04-16T11:08:40.205-0700: 137044.464: [GC (Allocation Failure) Before GC:
Statistics for BinaryTreeDictionary:
------------------------------------
Total Free Space: 173971169
Max   Chunk Size: 1128311
Number of Blocks: 78307
Av.  Block  Size: 2221
Tree      Height: 110
2017-04-16T11:08:40.206-0700: 137044.465: [ParNew
Desired survivor size 102400000 bytes, new threshold 1 (max 1)
- age   1:    6540528 bytes,    6540528 total
: 1607912K->7052K(1800000K), 0.0123436 secs] 9659574K->8060017K(15801024K)After GC:
Statistics for BinaryTreeDictionary:
------------------------------------
Total Free Space: 173945858
Max   Chunk Size: 1128311
Number of Blocks: 78290
Av.  Block  Size: 2221
Tree      Height: 110
, 0.0136668 secs] [Times: user=0.30 sys=0.00, real=0.01 secs] 
Heap after GC invocations=12708 (full 18):
 par new generation   total 1800000K, used 7052K [0x00000003ef600000, 0x0000000469720000, 0x0000000469720000)
  eden space 1600000K,   0% used [0x00000003ef600000, 0x00000003ef600000, 0x0000000451080000)
  from space 200000K,   3% used [0x0000000451080000, 0x0000000451763120, 0x000000045d3d0000)
  to   space 200000K,   0% used [0x000000045d3d0000, 0x000000045d3d0000, 0x0000000469720000)
 concurrent mark-sweep generation total 14001024K, used 8052965K [0x0000000469720000, 0x00000007c0000000, 0x00000007c0000000)
 Metaspace       used 44935K, capacity 46232K, committed 46652K, reserved 1091584K
  class space    used 4916K, capacity 5189K, committed 5268K, reserved 1048576K
}
2017-04-16T11:08:40.219-0700: 137044.478: Total time for which application threads were stopped: 0.0147824 seconds, Stopping threads took: 0.0001672 seconds
{Heap before GC invocations=12708 (full 18):
 par new generation   total 1800000K, used 1607052K [0x00000003ef600000, 0x0000000469720000, 0x0000000469720000)
  eden space 1600000K, 100% used [0x00000003ef600000, 0x0000000451080000, 0x0000000451080000)
  from space 200000K,   3% used [0x0000000451080000, 0x0000000451763120, 0x000000045d3d0000)
  to   space 200000K,   0% used [0x000000045d3d0000, 0x000000045d3d0000, 0x0000000469720000)
 concurrent mark-sweep generation total 14001024K, used 8052965K [0x0000000469720000, 0x00000007c0000000, 0x00000007c0000000)
 Metaspace       used 44935K, capacity 46232K, committed 46652K, reserved 1091584K
  class space    used 4916K, capacity 5189K, committed 5268K, reserved 1048576K
2017-04-16T11:08:51.883-0700: 137056.143: [GC (Allocation Failure) Before GC:
Statistics for BinaryTreeDictionary:
------------------------------------
Total Free Space: 173945858
Max   Chunk Size: 1128311
Number of Blocks: 78290
Av.  Block  Size: 2221
Tree      Height: 110
2017-04-16T11:08:51.884-0700: 137056.143: [ParNew
Desired survivor size 102400000 bytes, new threshold 1 (max 1)
- age   1:    6341400 bytes,    6341400 total
: 1607052K->6827K(1800000K), 0.0120926 secs] 9660017K->8061187K(15801024K)After GC:
Statistics for BinaryTreeDictionary:
------------------------------------
Total Free Space: 173877965
Max   Chunk Size: 1128311
Number of Blocks: 78261
Av.  Block  Size: 2221
Tree      Height: 110
, 0.0133782 secs] [Times: user=0.30 sys=0.00, real=0.02 secs] 
Heap after GC invocations=12709 (full 18):
 par new generation   total 1800000K, used 6827K [0x00000003ef600000, 0x0000000469720000, 0x0000000469720000)
  eden space 1600000K,   0% used [0x00000003ef600000, 0x00000003ef600000, 0x0000000451080000)
  from space 200000K,   3% used [0x000000045d3d0000, 0x000000045da7afa8, 0x0000000469720000)
  to   space 200000K,   0% used [0x0000000451080000, 0x0000000451080000, 0x000000045d3d0000)
 concurrent mark-sweep generation total 14001024K, used 8054359K [0x0000000469720000, 0x00000007c0000000, 0x00000007c0000000)
 Metaspace       used 44935K, capacity 46232K, committed 46652K, reserved 1091584K
  class space    used 4916K, capacity 5189K, committed 5268K, reserved 1048576K
}
2017-04-16T11:08:51.897-0700: 137056.156: Total time for which application threads were stopped: 0.0144553 seconds, Stopping threads took: 0.0001460 seconds
{Heap before GC invocations=12709 (full 18):
 par new generation   total 1800000K, used 1606827K [0x00000003ef600000, 0x0000000469720000, 0x0000000469720000)
  eden space 1600000K, 100% used [0x00000003ef600000, 0x0000000451080000, 0x0000000451080000)
  from space 200000K,   3% used [0x000000045d3d0000, 0x000000045da7afa8, 0x0000000469720000)
  to   space 200000K,   0% used [0x0000000451080000, 0x0000000451080000, 0x000000045d3d0000)
 concurrent mark-sweep generation total 14001024K, used 8054359K [0x0000000469720000, 0x00000007c0000000, 0x00000007c0000000)
 Metaspace       used 44935K, capacity 46232K, committed 46652K, reserved 1091584K
  class space    used 4916K, capacity 5189K, committed 5268K, reserved 1048576K
2017-04-16T11:09:05.667-0700: 137069.926: [GC (Allocation Failure) Before GC:
Statistics for BinaryTreeDictionary:
------------------------------------
Total Free Space: 173877965
Max   Chunk Size: 1128311
Number of Blocks: 78261
Av.  Block  Size: 2221
Tree      Height: 110
2017-04-16T11:09:05.667-0700: 137069.926: [ParNew
Desired survivor size 102400000 bytes, new threshold 1 (max 1)
- age   1:    6313456 bytes,    6313456 total
: 1606827K->6757K(1800000K), 0.0127197 secs] 9661187K->8062698K(15801024K)After GC:
Statistics for BinaryTreeDictionary:
------------------------------------
Total Free Space: 173797353
Max   Chunk Size: 1128311
Number of Blocks: 78237
Av.  Block  Size: 2221
Tree      Height: 110
, 0.0140191 secs] [Times: user=0.31 sys=0.00, real=0.01 secs] 
Heap after GC invocations=12710 (full 18):
 par new generation   total 1800000K, used 6757K [0x00000003ef600000, 0x0000000469720000, 0x0000000469720000)
  eden space 1600000K,   0% used [0x00000003ef600000, 0x00000003ef600000, 0x0000000451080000)
  from space 200000K,   3% used [0x0000000451080000, 0x00000004517195e0, 0x000000045d3d0000)
  to   space 200000K,   0% used [0x000000045d3d0000, 0x000000045d3d0000, 0x0000000469720000)
 concurrent mark-sweep generation total 14001024K, used 8055940K [0x0000000469720000, 0x00000007c0000000, 0x00000007c0000000)
 Metaspace       used 44935K, capacity 46232K, committed 46652K, reserved 1091584K
  class space    used 4916K, capacity 5189K, committed 5268K, reserved 1048576K
}
2017-04-16T11:09:05.681-0700: 137069.940: Total time for which application threads were stopped: 0.0151148 seconds, Stopping threads took: 0.0001476 seconds
2017-04-16T11:09:12.133-0700: 137076.392: Total time for which application threads were stopped: 0.0009323 seconds, Stopping threads took: 0.0001566 seconds
{Heap before GC invocations=12710 (full 18):
 par new generation   total 1800000K, used 1606757K [0x00000003ef600000, 0x0000000469720000, 0x0000000469720000)
  eden space 1600000K, 100% used [0x00000003ef600000, 0x0000000451080000, 0x0000000451080000)
  from space 200000K,   3% used [0x0000000451080000, 0x00000004517195e0, 0x000000045d3d0000)
  to   space 200000K,   0% used [0x000000045d3d0000, 0x000000045d3d0000, 0x0000000469720000)
 concurrent mark-sweep generation total 14001024K, used 8055940K [0x0000000469720000, 0x00000007c0000000, 0x00000007c0000000)
 Metaspace       used 44935K, capacity 46232K, committed 46652K, reserved 1091584K
  class space    used 4916K, capacity 5189K, committed 5268K, reserved 1048576K
2017-04-16T11:09:19.261-0700: 137083.521: [GC (Allocation Failure) Before GC:
Statistics for BinaryTreeDictionary:
------------------------------------
Total Free Space: 173797353
Max   Chunk Size: 1128311
Number of Blocks: 78237
Av.  Block  Size: 2221
Tree      Height: 110
2017-04-16T11:09:19.262-0700: 137083.521: [ParNew
Desired survivor size 102400000 bytes, new threshold 1 (max 1)
- age   1:    7024936 bytes,    7024936 total
: 1606757K->7491K(1800000K), 0.0122098 secs] 9662698K->8064853K(15801024K)After GC:
Statistics for BinaryTreeDictionary:
------------------------------------
Total Free Space: 173753371
Max   Chunk Size: 1128311
Number of Blocks: 78219
Av.  Block  Size: 2221
Tree      Height: 110
, 0.0135032 secs] [Times: user=0.30 sys=0.00, real=0.01 secs] 
Heap after GC invocations=12711 (full 18):
 par new generation   total 1800000K, used 7491K [0x00000003ef600000, 0x0000000469720000, 0x0000000469720000)
  eden space 1600000K,   0% used [0x00000003ef600000, 0x00000003ef600000, 0x0000000451080000)
  from space 200000K,   3% used [0x000000045d3d0000, 0x000000045db20cd0, 0x0000000469720000)
  to   space 200000K,   0% used [0x0000000451080000, 0x0000000451080000, 0x000000045d3d0000)
 concurrent mark-sweep generation total 14001024K, used 8057362K [0x0000000469720000, 0x00000007c0000000, 0x00000007c0000000)
 Metaspace       used 44935K, capacity 46232K, committed 46652K, reserved 1091584K
  class space    used 4916K, capacity 5189K, committed 5268K, reserved 1048576K
}
2017-04-16T11:09:19.275-0700: 137083.534: Total time for which application threads were stopped: 0.0145958 seconds, Stopping threads took: 0.0001495 seconds
{Heap before GC invocations=12711 (full 18):
 par new generation   total 1800000K, used 1607491K [0x00000003ef600000, 0x0000000469720000, 0x0000000469720000)
  eden space 1600000K, 100% used [0x00000003ef600000, 0x0000000451080000, 0x0000000451080000)
  from space 200000K,   3% used [0x000000045d3d0000, 0x000000045db20cd0, 0x0000000469720000)
  to   space 200000K,   0% used [0x0000000451080000, 0x0000000451080000, 0x000000045d3d0000)
 concurrent mark-sweep generation total 14001024K, used 8057362K [0x0000000469720000, 0x00000007c0000000, 0x00000007c0000000)
 Metaspace       used 44935K, capacity 46232K, committed 46652K, reserved 1091584K
  class space    used 4916K, capacity 5189K, committed 5268K, reserved 1048576K
2017-04-16T11:09:32.823-0700: 137097.083: [GC (Allocation Failure) Before GC:
Statistics for BinaryTreeDictionary:
------------------------------------
Total Free Space: 173753371
Max   Chunk Size: 1128311
Number of Blocks: 78219
Av.  Block  Size: 2221
Tree      Height: 110
2017-04-16T11:09:32.824-0700: 137097.083: [ParNew
Desired survivor size 102400000 bytes, new threshold 1 (max 1)
- age   1:    5804280 bytes,    5804280 total
: 1607491K->6230K(1800000K), 0.0122181 secs] 9664853K->8064814K(15801024K)After GC:
Statistics for BinaryTreeDictionary:
------------------------------------
Total Free Space: 173743515
Max   Chunk Size: 1128311
Number of Blocks: 78203
Av.  Block  Size: 2221
Tree      Height: 110
, 0.0135103 secs] [Times: user=0.31 sys=0.00, real=0.01 secs] 
Heap after GC invocations=12712 (full 18):
 par new generation   total 1800000K, used 6230K [0x00000003ef600000, 0x0000000469720000, 0x0000000469720000)
  eden space 1600000K,   0% used [0x00000003ef600000, 0x00000003ef600000, 0x0000000451080000)
  from space 200000K,   3% used [0x0000000451080000, 0x0000000451695930, 0x000000045d3d0000)
  to   space 200000K,   0% used [0x000000045d3d0000, 0x000000045d3d0000, 0x0000000469720000)
 concurrent mark-sweep generation total 14001024K, used 8058584K [0x0000000469720000, 0x00000007c0000000, 0x00000007c0000000)
 Metaspace       used 44935K, capacity 46232K, committed 46652K, reserved 1091584K
  class space    used 4916K, capacity 5189K, committed 5268K, reserved 1048576K
}
2017-04-16T11:09:32.837-0700: 137097.096: Total time for which application threads were stopped: 0.0145890 seconds, Stopping threads took: 0.0001522 seconds
{Heap before GC invocations=12712 (full 18):
 par new generation   total 1800000K, used 1606230K [0x00000003ef600000, 0x0000000469720000, 0x0000000469720000)
  eden space 1600000K, 100% used [0x00000003ef600000, 0x0000000451080000, 0x0000000451080000)
  from space 200000K,   3% used [0x0000000451080000, 0x0000000451695930, 0x000000045d3d0000)
  to   space 200000K,   0% used [0x000000045d3d0000, 0x000000045d3d0000, 0x0000000469720000)
 concurrent mark-sweep generation total 14001024K, used 8058584K [0x0000000469720000, 0x00000007c0000000, 0x00000007c0000000)
 Metaspace       used 44935K, capacity 46232K, committed 46652K, reserved 1091584K
  class space    used 4916K, capacity 5189K, committed 5268K, reserved 1048576K
2017-04-16T11:09:46.469-0700: 137110.728: [GC (Allocation Failure) Before GC:
Statistics for BinaryTreeDictionary:
------------------------------------
Total Free Space: 173743515
Max   Chunk Size: 1128311
Number of Blocks: 78203
Av.  Block  Size: 2221
Tree      Height: 110
2017-04-16T11:09:46.469-0700: 137110.729: [ParNew
Desired survivor size 102400000 bytes, new threshold 1 (max 1)
- age   1:    6429160 bytes,    6429160 total
: 1606230K->6809K(1800000K), 0.0122792 secs] 9664814K->8066979K(15801024K)After GC:
Statistics for BinaryTreeDictionary:
------------------------------------
Total Free Space: 173655599
Max   Chunk Size: 1128311
Number of Blocks: 78167
Av.  Block  Size: 2221
Tree      Height: 110
, 0.0135795 secs] [Times: user=0.30 sys=0.00, real=0.02 secs] 
Heap after GC invocations=12713 (full 18):
 par new generation   total 1800000K, used 6809K [0x00000003ef600000, 0x0000000469720000, 0x0000000469720000)
  eden space 1600000K,   0% used [0x00000003ef600000, 0x00000003ef600000, 0x0000000451080000)
  from space 200000K,   3% used [0x000000045d3d0000, 0x000000045da766b8, 0x0000000469720000)
  to   space 200000K,   0% used [0x0000000451080000, 0x0000000451080000, 0x000000045d3d0000)
 concurrent mark-sweep generation total 14001024K, used 8060169K [0x0000000469720000, 0x00000007c0000000, 0x00000007c0000000)
 Metaspace       used 44935K, capacity 46232K, committed 46652K, reserved 1091584K
  class space    used 4916K, capacity 5189K, committed 5268K, reserved 1048576K
}
2017-04-16T11:09:46.482-0700: 137110.742: Total time for which application threads were stopped: 0.0146676 seconds, Stopping threads took: 0.0001508 seconds
{Heap before GC invocations=12713 (full 18):
 par new generation   total 1800000K, used 1606809K [0x00000003ef600000, 0x0000000469720000, 0x0000000469720000)
  eden space 1600000K, 100% used [0x00000003ef600000, 0x0000000451080000, 0x0000000451080000)
  from space 200000K,   3% used [0x000000045d3d0000, 0x000000045da766b8, 0x0000000469720000)
  to   space 200000K,   0% used [0x0000000451080000, 0x0000000451080000, 0x000000045d3d0000)
 concurrent mark-sweep generation total 14001024K, used 8060169K [0x0000000469720000, 0x00000007c0000000, 0x00000007c0000000)
 Metaspace       used 44935K, capacity 46232K, committed 46652K, reserved 1091584K
  class space    used 4916K, capacity 5189K, committed 5268K, reserved 1048576K
2017-04-16T11:10:00.196-0700: 137124.455: [GC (Allocation Failure) Before GC:
Statistics for BinaryTreeDictionary:
------------------------------------
Total Free Space: 173655599
Max   Chunk Size: 1128311
Number of Blocks: 78167
Av.  Block  Size: 2221
Tree      Height: 110
2017-04-16T11:10:00.196-0700: 137124.456: [ParNew
Desired survivor size 102400000 bytes, new threshold 1 (max 1)
- age   1:    6794696 bytes,    6794696 total
: 1606809K->7272K(1800000K), 0.0120962 secs] 9666979K->8068789K(15801024K)After GC:
Statistics for BinaryTreeDictionary:
------------------------------------
Total Free Space: 173619009
Max   Chunk Size: 1128311
Number of Blocks: 78161
Av.  Block  Size: 2221
Tree      Height: 110
, 0.0133864 secs] [Times: user=0.30 sys=0.00, real=0.01 secs] 
Heap after GC invocations=12714 (full 18):
 par new generation   total 1800000K, used 7272K [0x00000003ef600000, 0x0000000469720000, 0x0000000469720000)
  eden space 1600000K,   0% used [0x00000003ef600000, 0x00000003ef600000, 0x0000000451080000)
  from space 200000K,   3% used [0x0000000451080000, 0x000000045179a008, 0x000000045d3d0000)
  to   space 200000K,   0% used [0x000000045d3d0000, 0x000000045d3d0000, 0x0000000469720000)
 concurrent mark-sweep generation total 14001024K, used 8061517K [0x0000000469720000, 0x00000007c0000000, 0x00000007c0000000)
 Metaspace       used 44935K, capacity 46232K, committed 46652K, reserved 1091584K
  class space    used 4916K, capacity 5189K, committed 5268K, reserved 1048576K
}
2017-04-16T11:10:00.209-0700: 137124.469: Total time for which application threads were stopped: 0.0144692 seconds, Stopping threads took: 0.0001616 seconds
2017-04-16T11:10:09.612-0700: 137133.872: Total time for which application threads were stopped: 0.0021930 seconds, Stopping threads took: 0.0001648 seconds
{Heap before GC invocations=12714 (full 18):
 par new generation   total 1800000K, used 1607272K [0x00000003ef600000, 0x0000000469720000, 0x0000000469720000)
  eden space 1600000K, 100% used [0x00000003ef600000, 0x0000000451080000, 0x0000000451080000)
  from space 200000K,   3% used [0x0000000451080000, 0x000000045179a008, 0x000000045d3d0000)
  to   space 200000K,   0% used [0x000000045d3d0000, 0x000000045d3d0000, 0x0000000469720000)
 concurrent mark-sweep generation total 14001024K, used 8061517K [0x0000000469720000, 0x00000007c0000000, 0x00000007c0000000)
 Metaspace       used 44935K, capacity 46232K, committed 46652K, reserved 1091584K
  class space    used 4916K, capacity 5189K, committed 5268K, reserved 1048576K
2017-04-16T11:10:11.498-0700: 137135.757: [GC (Allocation Failure) Before GC:
Statistics for BinaryTreeDictionary:
------------------------------------
Total Free Space: 173619009
Max   Chunk Size: 1128311
Number of Blocks: 78161
Av.  Block  Size: 2221
Tree      Height: 110
2017-04-16T11:10:11.499-0700: 137135.758: [ParNew
Desired survivor size 102400000 bytes, new threshold 1 (max 1)
- age   1:    8013424 bytes,    8013424 total
: 1607272K->8567K(1800000K), 0.0127747 secs] 9668789K->8071847K(15801024K)After GC:
Statistics for BinaryTreeDictionary:
------------------------------------
Total Free Space: 173592994
Max   Chunk Size: 1128311
Number of Blocks: 78145
Av.  Block  Size: 2221
Tree      Height: 110
, 0.0141016 secs] [Times: user=0.30 sys=0.01, real=0.01 secs] 
Heap after GC invocations=12715 (full 18):
 par new generation   total 1800000K, used 8567K [0x00000003ef600000, 0x0000000469720000, 0x0000000469720000)
  eden space 1600000K,   0% used [0x00000003ef600000, 0x00000003ef600000, 0x0000000451080000)
  from space 200000K,   4% used [0x000000045d3d0000, 0x000000045dc2dd80, 0x0000000469720000)
  to   space 200000K,   0% used [0x0000000451080000, 0x0000000451080000, 0x000000045d3d0000)
 concurrent mark-sweep generation total 14001024K, used 8063280K [0x0000000469720000, 0x00000007c0000000, 0x00000007c0000000)
 Metaspace       used 44935K, capacity 46232K, committed 46652K, reserved 1091584K
  class space    used 4916K, capacity 5189K, committed 5268K, reserved 1048576K
}
2017-04-16T11:10:11.512-0700: 137135.772: Total time for which application threads were stopped: 0.0151866 seconds, Stopping threads took: 0.0001446 seconds
{Heap before GC invocations=12715 (full 18):
 par new generation   total 1800000K, used 1608567K [0x00000003ef600000, 0x0000000469720000, 0x0000000469720000)
  eden space 1600000K, 100% used [0x00000003ef600000, 0x0000000451080000, 0x0000000451080000)
  from space 200000K,   4% used [0x000000045d3d0000, 0x000000045dc2dd80, 0x0000000469720000)
  to   space 200000K,   0% used [0x0000000451080000, 0x0000000451080000, 0x000000045d3d0000)
 concurrent mark-sweep generation total 14001024K, used 8063280K [0x0000000469720000, 0x00000007c0000000, 0x00000007c0000000)
 Metaspace       used 44935K, capacity 46232K, committed 46652K, reserved 1091584K
  class space    used 4916K, capacity 5189K, committed 5268K, reserved 1048576K
2017-04-16T11:10:25.751-0700: 137150.010: [GC (Allocation Failure) Before GC:
Statistics for BinaryTreeDictionary:
------------------------------------
Total Free Space: 173592994
Max   Chunk Size: 1128311
Number of Blocks: 78145
Av.  Block  Size: 2221
Tree      Height: 110
2017-04-16T11:10:25.751-0700: 137150.011: [ParNew
Desired survivor size 102400000 bytes, new threshold 1 (max 1)
- age   1:    6462864 bytes,    6462864 total
: 1608567K->6930K(1800000K), 0.0126765 secs] 9671847K->8072242K(15801024K)After GC:
Statistics for BinaryTreeDictionary:
------------------------------------
Total Free Space: 173473104
Max   Chunk Size: 1128311
Number of Blocks: 78113
Av.  Block  Size: 2220
Tree      Height: 110
, 0.0139571 secs] [Times: user=0.31 sys=0.00, real=0.01 secs] 
Heap after GC invocations=12716 (full 18):
 par new generation   total 1800000K, used 6930K [0x00000003ef600000, 0x0000000469720000, 0x0000000469720000)
  eden space 1600000K,   0% used [0x00000003ef600000, 0x00000003ef600000, 0x0000000451080000)
  from space 200000K,   3% used [0x0000000451080000, 0x0000000451744a20, 0x000000045d3d0000)
  to   space 200000K,   0% used [0x000000045d3d0000, 0x000000045d3d0000, 0x0000000469720000)
 concurrent mark-sweep generation total 14001024K, used 8065311K [0x0000000469720000, 0x00000007c0000000, 0x00000007c0000000)
 Metaspace       used 44935K, capacity 46232K, committed 46652K, reserved 1091584K
  class space    used 4916K, capacity 5189K, committed 5268K, reserved 1048576K
}
2017-04-16T11:10:25.765-0700: 137150.024: Total time for which application threads were stopped: 0.0150390 seconds, Stopping threads took: 0.0001464 seconds
2017-04-16T11:10:34.539-0700: 137158.798: Total time for which application threads were stopped: 0.0008993 seconds, Stopping threads took: 0.0001562 seconds
2017-04-16T11:10:35.659-0700: 137159.918: Total time for which application threads were stopped: 0.0009489 seconds, Stopping threads took: 0.0001549 seconds
{Heap before GC invocations=12716 (full 18):
 par new generation   total 1800000K, used 1606930K [0x00000003ef600000, 0x0000000469720000, 0x0000000469720000)
  eden space 1600000K, 100% used [0x00000003ef600000, 0x0000000451080000, 0x0000000451080000)
  from space 200000K,   3% used [0x0000000451080000, 0x0000000451744a20, 0x000000045d3d0000)
  to   space 200000K,   0% used [0x000000045d3d0000, 0x000000045d3d0000, 0x0000000469720000)
 concurrent mark-sweep generation total 14001024K, used 8065311K [0x0000000469720000, 0x00000007c0000000, 0x00000007c0000000)
 Metaspace       used 44935K, capacity 46232K, committed 46652K, reserved 1091584K
  class space    used 4916K, capacity 5189K, committed 5268K, reserved 1048576K
2017-04-16T11:10:39.581-0700: 137163.841: [GC (Allocation Failure) Before GC:
Statistics for BinaryTreeDictionary:
------------------------------------
Total Free Space: 173473104
Max   Chunk Size: 1128311
Number of Blocks: 78113
Av.  Block  Size: 2220
Tree      Height: 110
2017-04-16T11:10:39.582-0700: 137163.841: [ParNew
Desired survivor size 102400000 bytes, new threshold 1 (max 1)
- age   1:    7002480 bytes,    7002480 total
: 1606930K->7517K(1800000K), 0.0126136 secs] 9672242K->8074377K(15801024K)After GC:
Statistics for BinaryTreeDictionary:
------------------------------------
Total Free Space: 173446825
Max   Chunk Size: 1128311
Number of Blocks: 78097
Av.  Block  Size: 2220
Tree      Height: 110
, 0.0139076 secs] [Times: user=0.31 sys=0.00, real=0.01 secs] 
Heap after GC invocations=12717 (full 18):
 par new generation   total 1800000K, used 7517K [0x00000003ef600000, 0x0000000469720000, 0x0000000469720000)
  eden space 1600000K,   0% used [0x00000003ef600000, 0x00000003ef600000, 0x0000000451080000)
  from space 200000K,   3% used [0x000000045d3d0000, 0x000000045db275f0, 0x0000000469720000)
  to   space 200000K,   0% used [0x0000000451080000, 0x0000000451080000, 0x000000045d3d0000)
 concurrent mark-sweep generation total 14001024K, used 8066860K [0x0000000469720000, 0x00000007c0000000, 0x00000007c0000000)
 Metaspace       used 44935K, capacity 46232K, committed 46652K, reserved 1091584K
  class space    used 4916K, capacity 5189K, committed 5268K, reserved 1048576K
}
2017-04-16T11:10:39.595-0700: 137163.855: Total time for which application threads were stopped: 0.0150138 seconds, Stopping threads took: 0.0001591 seconds
2017-04-16T11:10:42.661-0700: 137166.920: Total time for which application threads were stopped: 0.0009924 seconds, Stopping threads took: 0.0001759 seconds
{Heap before GC invocations=12717 (full 18):
 par new generation   total 1800000K, used 1607517K [0x00000003ef600000, 0x0000000469720000, 0x0000000469720000)
  eden space 1600000K, 100% used [0x00000003ef600000, 0x0000000451080000, 0x0000000451080000)
  from space 200000K,   3% used [0x000000045d3d0000, 0x000000045db275f0, 0x0000000469720000)
  to   space 200000K,   0% used [0x0000000451080000, 0x0000000451080000, 0x000000045d3d0000)
 concurrent mark-sweep generation total 14001024K, used 8066860K [0x0000000469720000, 0x00000007c0000000, 0x00000007c0000000)
 Metaspace       used 44935K, capacity 46232K, committed 46652K, reserved 1091584K
  class space    used 4916K, capacity 5189K, committed 5268K, reserved 1048576K
2017-04-16T11:10:53.074-0700: 137177.333: [GC (Allocation Failure) Before GC:
Statistics for BinaryTreeDictionary:
------------------------------------
Total Free Space: 173446825
Max   Chunk Size: 1128311
Number of Blocks: 78097
Av.  Block  Size: 2220
Tree      Height: 110
2017-04-16T11:10:53.075-0700: 137177.334: [ParNew
Desired survivor size 102400000 bytes, new threshold 1 (max 1)
- age   1:    6463376 bytes,    6463376 total
: 1607517K->7110K(1800000K), 0.0129865 secs] 9674377K->8076113K(15801024K)After GC:
Statistics for BinaryTreeDictionary:
------------------------------------
Total Free Space: 173406187
Max   Chunk Size: 1128311
Number of Blocks: 78084
Av.  Block  Size: 2220
Tree      Height: 110
, 0.0142816 secs] [Times: user=0.31 sys=0.00, real=0.01 secs] 
Heap after GC invocations=12718 (full 18):
 par new generation   total 1800000K, used 7110K [0x00000003ef600000, 0x0000000469720000, 0x0000000469720000)
  eden space 1600000K,   0% used [0x00000003ef600000, 0x00000003ef600000, 0x0000000451080000)
  from space 200000K,   3% used [0x0000000451080000, 0x0000000451771900, 0x000000045d3d0000)
  to   space 200000K,   0% used [0x000000045d3d0000, 0x000000045d3d0000, 0x0000000469720000)
 concurrent mark-sweep generation total 14001024K, used 8069003K [0x0000000469720000, 0x00000007c0000000, 0x00000007c0000000)
 Metaspace       used 44935K, capacity 46232K, committed 46652K, reserved 1091584K
  class space    used 4916K, capacity 5189K, committed 5268K, reserved 1048576K
}
2017-04-16T11:10:53.088-0700: 137177.348: Total time for which application threads were stopped: 0.0153646 seconds, Stopping threads took: 0.0001472 seconds
2017-04-16T11:11:07.053-0700: 137191.313: Total time for which application threads were stopped: 0.0021682 seconds, Stopping threads took: 0.0001499 seconds
{Heap before GC invocations=12718 (full 18):
 par new generation   total 1800000K, used 1607110K [0x00000003ef600000, 0x0000000469720000, 0x0000000469720000)
  eden space 1600000K, 100% used [0x00000003ef600000, 0x0000000451080000, 0x0000000451080000)
  from space 200000K,   3% used [0x0000000451080000, 0x0000000451771900, 0x000000045d3d0000)
  to   space 200000K,   0% used [0x000000045d3d0000, 0x000000045d3d0000, 0x0000000469720000)
 concurrent mark-sweep generation total 14001024K, used 8069003K [0x0000000469720000, 0x00000007c0000000, 0x00000007c0000000)
 Metaspace       used 44935K, capacity 46232K, committed 46652K, reserved 1091584K
  class space    used 4916K, capacity 5189K, committed 5268K, reserved 1048576K
2017-04-16T11:11:07.233-0700: 137191.492: [GC (Allocation Failure) Before GC:
Statistics for BinaryTreeDictionary:
------------------------------------
Total Free Space: 173406187
Max   Chunk Size: 1128311
Number of Blocks: 78084
Av.  Block  Size: 2220
Tree      Height: 110
2017-04-16T11:11:07.234-0700: 137191.493: [ParNew
Desired survivor size 102400000 bytes, new threshold 1 (max 1)
- age   1:    6051208 bytes,    6051208 total
: 1607110K->6749K(1800000K), 0.0125538 secs] 9676113K->8077164K(15801024K)After GC:
Statistics for BinaryTreeDictionary:
------------------------------------
Total Free Space: 173379860
Max   Chunk Size: 1128311
Number of Blocks: 78068
Av.  Block  Size: 2220
Tree      Height: 110
, 0.0138399 secs] [Times: user=0.29 sys=0.02, real=0.02 secs] 
Heap after GC invocations=12719 (full 18):
 par new generation   total 1800000K, used 6749K [0x00000003ef600000, 0x0000000469720000, 0x0000000469720000)
  eden space 1600000K,   0% used [0x00000003ef600000, 0x00000003ef600000, 0x0000000451080000)
  from space 200000K,   3% used [0x000000045d3d0000, 0x000000045da67778, 0x0000000469720000)
  to   space 200000K,   0% used [0x0000000451080000, 0x0000000451080000, 0x000000045d3d0000)
 concurrent mark-sweep generation total 14001024K, used 8070414K [0x0000000469720000, 0x00000007c0000000, 0x00000007c0000000)
 Metaspace       used 44935K, capacity 46232K, committed 46652K, reserved 1091584K
  class space    used 4916K, capacity 5189K, committed 5268K, reserved 1048576K
}
2017-04-16T11:11:07.247-0700: 137191.506: Total time for which application threads were stopped: 0.0146074 seconds, Stopping threads took: 0.0000720 seconds
{Heap before GC invocations=12719 (full 18):
 par new generation   total 1800000K, used 1606749K [0x00000003ef600000, 0x0000000469720000, 0x0000000469720000)
  eden space 1600000K, 100% used [0x00000003ef600000, 0x0000000451080000, 0x0000000451080000)
  from space 200000K,   3% used [0x000000045d3d0000, 0x000000045da67778, 0x0000000469720000)
  to   space 200000K,   0% used [0x0000000451080000, 0x0000000451080000, 0x000000045d3d0000)
 concurrent mark-sweep generation total 14001024K, used 8070414K [0x0000000469720000, 0x00000007c0000000, 0x00000007c0000000)
 Metaspace       used 44935K, capacity 46232K, committed 46652K, reserved 1091584K
  class space    used 4916K, capacity 5189K, committed 5268K, reserved 1048576K
2017-04-16T11:11:21.110-0700: 137205.369: [GC (Allocation Failure) Before GC:
Statistics for BinaryTreeDictionary:
------------------------------------
Total Free Space: 173379860
Max   Chunk Size: 1128311
Number of Blocks: 78068
Av.  Block  Size: 2220
Tree      Height: 110
2017-04-16T11:11:21.111-0700: 137205.370: [ParNew
Desired survivor size 102400000 bytes, new threshold 1 (max 1)
- age   1:    5976496 bytes,    5976496 total
: 1606749K->6154K(1800000K), 0.0121680 secs] 9677164K->8077998K(15801024K)After GC:
Statistics for BinaryTreeDictionary:
------------------------------------
Total Free Space: 173338381
Max   Chunk Size: 1128311
Number of Blocks: 78054
Av.  Block  Size: 2220
Tree      Height: 110
, 0.0134814 secs] [Times: user=0.30 sys=0.00, real=0.01 secs] 
Heap after GC invocations=12720 (full 18):
 par new generation   total 1800000K, used 6154K [0x00000003ef600000, 0x0000000469720000, 0x0000000469720000)
  eden space 1600000K,   0% used [0x00000003ef600000, 0x00000003ef600000, 0x0000000451080000)
  from space 200000K,   3% used [0x0000000451080000, 0x0000000451682980, 0x000000045d3d0000)
  to   space 200000K,   0% used [0x000000045d3d0000, 0x000000045d3d0000, 0x0000000469720000)
 concurrent mark-sweep generation total 14001024K, used 8071844K [0x0000000469720000, 0x00000007c0000000, 0x00000007c0000000)
 Metaspace       used 44935K, capacity 46232K, committed 46652K, reserved 1091584K
  class space    used 4916K, capacity 5189K, committed 5268K, reserved 1048576K
}
2017-04-16T11:11:21.124-0700: 137205.383: Total time for which application threads were stopped: 0.0145678 seconds, Stopping threads took: 0.0001624 seconds
{Heap before GC invocations=12720 (full 18):
 par new generation   total 1800000K, used 1606154K [0x00000003ef600000, 0x0000000469720000, 0x0000000469720000)
  eden space 1600000K, 100% used [0x00000003ef600000, 0x0000000451080000, 0x0000000451080000)
  from space 200000K,   3% used [0x0000000451080000, 0x0000000451682980, 0x000000045d3d0000)
  to   space 200000K,   0% used [0x000000045d3d0000, 0x000000045d3d0000, 0x0000000469720000)
 concurrent mark-sweep generation total 14001024K, used 8071844K [0x0000000469720000, 0x00000007c0000000, 0x00000007c0000000)
 Metaspace       used 44935K, capacity 46232K, committed 46652K, reserved 1091584K
  class space    used 4916K, capacity 5189K, committed 5268K, reserved 1048576K
2017-04-16T11:11:33.511-0700: 137217.771: [GC (Allocation Failure) Before GC:
Statistics for BinaryTreeDictionary:
------------------------------------
Total Free Space: 173338381
Max   Chunk Size: 1128311
Number of Blocks: 78054
Av.  Block  Size: 2220
Tree      Height: 110
2017-04-16T11:11:33.512-0700: 137217.771: [ParNew
Desired survivor size 102400000 bytes, new threshold 1 (max 1)
- age   1:   13809968 bytes,   13809968 total
: 1606154K->13863K(1800000K), 0.0126185 secs] 9677998K->8087192K(15801024K)After GC:
Statistics for BinaryTreeDictionary:
------------------------------------
Total Free Space: 173275088
Max   Chunk Size: 1128311
Number of Blocks: 78031
Av.  Block  Size: 2220
Tree      Height: 110
, 0.0139066 secs] [Times: user=0.31 sys=0.00, real=0.01 secs] 
Heap after GC invocations=12721 (full 18):
 par new generation   total 1800000K, used 13863K [0x00000003ef600000, 0x0000000469720000, 0x0000000469720000)
  eden space 1600000K,   0% used [0x00000003ef600000, 0x00000003ef600000, 0x0000000451080000)
  from space 200000K,   6% used [0x000000045d3d0000, 0x000000045e159cf8, 0x0000000469720000)
  to   space 200000K,   0% used [0x0000000451080000, 0x0000000451080000, 0x000000045d3d0000)
 concurrent mark-sweep generation total 14001024K, used 8073329K [0x0000000469720000, 0x00000007c0000000, 0x00000007c0000000)
 Metaspace       used 44935K, capacity 46232K, committed 46652K, reserved 1091584K
  class space    used 4916K, capacity 5189K, committed 5268K, reserved 1048576K
}
2017-04-16T11:11:33.525-0700: 137217.785: Total time for which application threads were stopped: 0.0149948 seconds, Stopping threads took: 0.0001537 seconds
2017-04-16T11:11:39.711-0700: 137223.970: Total time for which application threads were stopped: 0.0021379 seconds, Stopping threads took: 0.0001484 seconds
{Heap before GC invocations=12721 (full 18):
 par new generation   total 1800000K, used 1613863K [0x00000003ef600000, 0x0000000469720000, 0x0000000469720000)
  eden space 1600000K, 100% used [0x00000003ef600000, 0x0000000451080000, 0x0000000451080000)
  from space 200000K,   6% used [0x000000045d3d0000, 0x000000045e159cf8, 0x0000000469720000)
  to   space 200000K,   0% used [0x0000000451080000, 0x0000000451080000, 0x000000045d3d0000)
 concurrent mark-sweep generation total 14001024K, used 8073329K [0x0000000469720000, 0x00000007c0000000, 0x00000007c0000000)
 Metaspace       used 44935K, capacity 46232K, committed 46652K, reserved 1091584K
  class space    used 4916K, capacity 5189K, committed 5268K, reserved 1048576K
2017-04-16T11:11:44.858-0700: 137229.118: [GC (Allocation Failure) Before GC:
Statistics for BinaryTreeDictionary:
------------------------------------
Total Free Space: 173275088
Max   Chunk Size: 1128311
Number of Blocks: 78031
Av.  Block  Size: 2220
Tree      Height: 110
2017-04-16T11:11:44.859-0700: 137229.118: [ParNew
Desired survivor size 102400000 bytes, new threshold 1 (max 1)
- age   1:    7663328 bytes,    7663328 total
: 1613863K->10658K(1800000K), 0.0216746 secs] 9687192K->8092319K(15801024K)After GC:
Statistics for BinaryTreeDictionary:
------------------------------------
Total Free Space: 173118939
Max   Chunk Size: 1128311
Number of Blocks: 78017
Av.  Block  Size: 2218
Tree      Height: 110
, 0.0230126 secs] [Times: user=0.32 sys=0.01, real=0.03 secs] 
Heap after GC invocations=12722 (full 18):
 par new generation   total 1800000K, used 10658K [0x00000003ef600000, 0x0000000469720000, 0x0000000469720000)
  eden space 1600000K,   0% used [0x00000003ef600000, 0x00000003ef600000, 0x0000000451080000)
  from space 200000K,   5% used [0x0000000451080000, 0x0000000451ae8aa0, 0x000000045d3d0000)
  to   space 200000K,   0% used [0x000000045d3d0000, 0x000000045d3d0000, 0x0000000469720000)
 concurrent mark-sweep generation total 14001024K, used 8081660K [0x0000000469720000, 0x00000007c0000000, 0x00000007c0000000)
 Metaspace       used 44935K, capacity 46232K, committed 46652K, reserved 1091584K
  class space    used 4916K, capacity 5189K, committed 5268K, reserved 1048576K
}
2017-04-16T11:11:44.882-0700: 137229.141: Total time for which application threads were stopped: 0.0240907 seconds, Stopping threads took: 0.0001506 seconds
{Heap before GC invocations=12722 (full 18):
 par new generation   total 1800000K, used 1610658K [0x00000003ef600000, 0x0000000469720000, 0x0000000469720000)
  eden space 1600000K, 100% used [0x00000003ef600000, 0x0000000451080000, 0x0000000451080000)
  from space 200000K,   5% used [0x0000000451080000, 0x0000000451ae8aa0, 0x000000045d3d0000)
  to   space 200000K,   0% used [0x000000045d3d0000, 0x000000045d3d0000, 0x0000000469720000)
 concurrent mark-sweep generation total 14001024K, used 8081660K [0x0000000469720000, 0x00000007c0000000, 0x00000007c0000000)
 Metaspace       used 44935K, capacity 46232K, committed 46652K, reserved 1091584K
  class space    used 4916K, capacity 5189K, committed 5268K, reserved 1048576K
2017-04-16T11:11:58.588-0700: 137242.847: [GC (Allocation Failure) Before GC:
Statistics for BinaryTreeDictionary:
------------------------------------
Total Free Space: 173118939
Max   Chunk Size: 1128311
Number of Blocks: 78017
Av.  Block  Size: 2218
Tree      Height: 110
2017-04-16T11:11:58.589-0700: 137242.848: [ParNew
Desired survivor size 102400000 bytes, new threshold 1 (max 1)
- age   1:    6671504 bytes,    6671504 total
: 1610658K->7698K(1800000K), 0.0119349 secs] 9692319K->8091072K(15801024K)After GC:
Statistics for BinaryTreeDictionary:
------------------------------------
Total Free Space: 173008920
Max   Chunk Size: 1128311
Number of Blocks: 77976
Av.  Block  Size: 2218
Tree      Height: 110
, 0.0132225 secs] [Times: user=0.30 sys=0.00, real=0.01 secs] 
Heap after GC invocations=12723 (full 18):
 par new generation   total 1800000K, used 7698K [0x00000003ef600000, 0x0000000469720000, 0x0000000469720000)
  eden space 1600000K,   0% used [0x00000003ef600000, 0x00000003ef600000, 0x0000000451080000)
  from space 200000K,   3% used [0x000000045d3d0000, 0x000000045db549e0, 0x0000000469720000)
  to   space 200000K,   0% used [0x0000000451080000, 0x0000000451080000, 0x000000045d3d0000)
 concurrent mark-sweep generation total 14001024K, used 8083374K [0x0000000469720000, 0x00000007c0000000, 0x00000007c0000000)
 Metaspace       used 44935K, capacity 46232K, committed 46652K, reserved 1091584K
  class space    used 4916K, capacity 5189K, committed 5268K, reserved 1048576K
}
2017-04-16T11:11:58.601-0700: 137242.861: Total time for which application threads were stopped: 0.0143124 seconds, Stopping threads took: 0.0001507 seconds
2017-04-16T11:12:07.084-0700: 137251.343: Total time for which application threads were stopped: 0.0008800 seconds, Stopping threads took: 0.0001611 seconds
2017-04-16T11:12:07.086-0700: 137251.345: Total time for which application threads were stopped: 0.0003815 seconds, Stopping threads took: 0.0000559 seconds
{Heap before GC invocations=12723 (full 18):
 par new generation   total 1800000K, used 1607698K [0x00000003ef600000, 0x0000000469720000, 0x0000000469720000)
  eden space 1600000K, 100% used [0x00000003ef600000, 0x0000000451080000, 0x0000000451080000)
  from space 200000K,   3% used [0x000000045d3d0000, 0x000000045db549e0, 0x0000000469720000)
  to   space 200000K,   0% used [0x0000000451080000, 0x0000000451080000, 0x000000045d3d0000)
 concurrent mark-sweep generation total 14001024K, used 8083374K [0x0000000469720000, 0x00000007c0000000, 0x00000007c0000000)
 Metaspace       used 44935K, capacity 46232K, committed 46652K, reserved 1091584K
  class space    used 4916K, capacity 5189K, committed 5268K, reserved 1048576K
2017-04-16T11:12:11.934-0700: 137256.193: [GC (Allocation Failure) Before GC:
Statistics for BinaryTreeDictionary:
------------------------------------
Total Free Space: 173008920
Max   Chunk Size: 1128311
Number of Blocks: 77976
Av.  Block  Size: 2218
Tree      Height: 110
2017-04-16T11:12:11.934-0700: 137256.194: [ParNew
Desired survivor size 102400000 bytes, new threshold 1 (max 1)
- age   1:    7115992 bytes,    7115992 total
: 1607698K->7454K(1800000K), 0.0122995 secs] 9691072K->8092091K(15801024K)After GC:
Statistics for BinaryTreeDictionary:
------------------------------------
Total Free Space: 172982536
Max   Chunk Size: 1128311
Number of Blocks: 77960
Av.  Block  Size: 2218
Tree      Height: 110
, 0.0135897 secs] [Times: user=0.31 sys=0.00, real=0.02 secs] 
Heap after GC invocations=12724 (full 18):
 par new generation   total 1800000K, used 7454K [0x00000003ef600000, 0x0000000469720000, 0x0000000469720000)
  eden space 1600000K,   0% used [0x00000003ef600000, 0x00000003ef600000, 0x0000000451080000)
  from space 200000K,   3% used [0x0000000451080000, 0x00000004517c7848, 0x000000045d3d0000)
  to   space 200000K,   0% used [0x000000045d3d0000, 0x000000045d3d0000, 0x0000000469720000)
 concurrent mark-sweep generation total 14001024K, used 8084637K [0x0000000469720000, 0x00000007c0000000, 0x00000007c0000000)
 Metaspace       used 44935K, capacity 46232K, committed 46652K, reserved 1091584K
  class space    used 4916K, capacity 5189K, committed 5268K, reserved 1048576K
}
2017-04-16T11:12:11.947-0700: 137256.207: Total time for which application threads were stopped: 0.0146755 seconds, Stopping threads took: 0.0001486 seconds
{Heap before GC invocations=12724 (full 18):
 par new generation   total 1800000K, used 1607454K [0x00000003ef600000, 0x0000000469720000, 0x0000000469720000)
  eden space 1600000K, 100% used [0x00000003ef600000, 0x0000000451080000, 0x0000000451080000)
  from space 200000K,   3% used [0x0000000451080000, 0x00000004517c7848, 0x000000045d3d0000)
  to   space 200000K,   0% used [0x000000045d3d0000, 0x000000045d3d0000, 0x0000000469720000)
 concurrent mark-sweep generation total 14001024K, used 8084637K [0x0000000469720000, 0x00000007c0000000, 0x00000007c0000000)
 Metaspace       used 44935K, capacity 46232K, committed 46652K, reserved 1091584K
  class space    used 4916K, capacity 5189K, committed 5268K, reserved 1048576K
2017-04-16T11:12:25.669-0700: 137269.928: [GC (Allocation Failure) Before GC:
Statistics for BinaryTreeDictionary:
------------------------------------
Total Free Space: 172982536
Max   Chunk Size: 1128311
Number of Blocks: 77960
Av.  Block  Size: 2218
Tree      Height: 110
2017-04-16T11:12:25.669-0700: 137269.929: [ParNew
Desired survivor size 102400000 bytes, new threshold 1 (max 1)
- age   1:    6565112 bytes,    6565112 total
: 1607454K->6931K(1800000K), 0.0125499 secs] 9692091K->8093141K(15801024K)After GC:
Statistics for BinaryTreeDictionary:
------------------------------------
Total Free Space: 172921507
Max   Chunk Size: 1128311
Number of Blocks: 77944
Av.  Block  Size: 2218
Tree      Height: 110
, 0.0138494 secs] [Times: user=0.31 sys=0.00, real=0.01 secs] 
Heap after GC invocations=12725 (full 18):
 par new generation   total 1800000K, used 6931K [0x00000003ef600000, 0x0000000469720000, 0x0000000469720000)
  eden space 1600000K,   0% used [0x00000003ef600000, 0x00000003ef600000, 0x0000000451080000)
  from space 200000K,   3% used [0x000000045d3d0000, 0x000000045da94ca0, 0x0000000469720000)
  to   space 200000K,   0% used [0x0000000451080000, 0x0000000451080000, 0x000000045d3d0000)
 concurrent mark-sweep generation total 14001024K, used 8086210K [0x0000000469720000, 0x00000007c0000000, 0x00000007c0000000)
 Metaspace       used 44935K, capacity 46232K, committed 46652K, reserved 1091584K
  class space    used 4916K, capacity 5189K, committed 5268K, reserved 1048576K
}
2017-04-16T11:12:25.683-0700: 137269.942: Total time for which application threads were stopped: 0.0149728 seconds, Stopping threads took: 0.0001614 seconds
{Heap before GC invocations=12725 (full 18):
 par new generation   total 1800000K, used 1606931K [0x00000003ef600000, 0x0000000469720000, 0x0000000469720000)
  eden space 1600000K, 100% used [0x00000003ef600000, 0x0000000451080000, 0x0000000451080000)
  from space 200000K,   3% used [0x000000045d3d0000, 0x000000045da94ca0, 0x0000000469720000)
  to   space 200000K,   0% used [0x0000000451080000, 0x0000000451080000, 0x000000045d3d0000)
 concurrent mark-sweep generation total 14001024K, used 8086210K [0x0000000469720000, 0x00000007c0000000, 0x00000007c0000000)
 Metaspace       used 44935K, capacity 46232K, committed 46652K, reserved 1091584K
  class space    used 4916K, capacity 5189K, committed 5268K, reserved 1048576K
2017-04-16T11:12:39.545-0700: 137283.804: [GC (Allocation Failure) Before GC:
Statistics for BinaryTreeDictionary:
------------------------------------
Total Free Space: 172921507
Max   Chunk Size: 1128311
Number of Blocks: 77944
Av.  Block  Size: 2218
Tree      Height: 110
2017-04-16T11:12:39.546-0700: 137283.805: [ParNew
Desired survivor size 102400000 bytes, new threshold 1 (max 1)
- age   1:    7024720 bytes,    7024720 total
: 1606931K->7518K(1800000K), 0.0122778 secs] 9693141K->8095171K(15801024K)After GC:
Statistics for BinaryTreeDictionary:
------------------------------------
Total Free Space: 172876217
Max   Chunk Size: 1128311
Number of Blocks: 77924
Av.  Block  Size: 2218
Tree      Height: 110
, 0.0135752 secs] [Times: user=0.30 sys=0.00, real=0.02 secs] 
Heap after GC invocations=12726 (full 18):
 par new generation   total 1800000K, used 7518K [0x00000003ef600000, 0x0000000469720000, 0x0000000469720000)
  eden space 1600000K,   0% used [0x00000003ef600000, 0x00000003ef600000, 0x0000000451080000)
  from space 200000K,   3% used [0x0000000451080000, 0x00000004517d7b78, 0x000000045d3d0000)
  to   space 200000K,   0% used [0x000000045d3d0000, 0x000000045d3d0000, 0x0000000469720000)
 concurrent mark-sweep generation total 14001024K, used 8087652K [0x0000000469720000, 0x00000007c0000000, 0x00000007c0000000)
 Metaspace       used 44935K, capacity 46232K, committed 46652K, reserved 1091584K
  class space    used 4916K, capacity 5189K, committed 5268K, reserved 1048576K
}
2017-04-16T11:12:39.559-0700: 137283.818: Total time for which application threads were stopped: 0.0146701 seconds, Stopping threads took: 0.0001486 seconds
{Heap before GC invocations=12726 (full 18):
 par new generation   total 1800000K, used 1607518K [0x00000003ef600000, 0x0000000469720000, 0x0000000469720000)
  eden space 1600000K, 100% used [0x00000003ef600000, 0x0000000451080000, 0x0000000451080000)
  from space 200000K,   3% used [0x0000000451080000, 0x00000004517d7b78, 0x000000045d3d0000)
  to   space 200000K,   0% used [0x000000045d3d0000, 0x000000045d3d0000, 0x0000000469720000)
 concurrent mark-sweep generation total 14001024K, used 8087652K [0x0000000469720000, 0x00000007c0000000, 0x00000007c0000000)
 Metaspace       used 44935K, capacity 46232K, committed 46652K, reserved 1091584K
  class space    used 4916K, capacity 5189K, committed 5268K, reserved 1048576K
2017-04-16T11:12:53.126-0700: 137297.385: [GC (Allocation Failure) Before GC:
Statistics for BinaryTreeDictionary:
------------------------------------
Total Free Space: 172876217
Max   Chunk Size: 1128311
Number of Blocks: 77924
Av.  Block  Size: 2218
Tree      Height: 110
2017-04-16T11:12:53.126-0700: 137297.386: [ParNew
Desired survivor size 102400000 bytes, new threshold 1 (max 1)
- age   1:    6236968 bytes,    6236968 total
: 1607518K->6774K(1800000K), 0.0120050 secs] 9695171K->8095776K(15801024K)After GC:
Statistics for BinaryTreeDictionary:
------------------------------------
Total Free Space: 172831591
Max   Chunk Size: 1128311
Number of Blocks: 77905
Av.  Block  Size: 2218
Tree      Height: 110
, 0.0132800 secs] [Times: user=0.29 sys=0.00, real=0.01 secs] 
Heap after GC invocations=12727 (full 18):
 par new generation   total 1800000K, used 6774K [0x00000003ef600000, 0x0000000469720000, 0x0000000469720000)
  eden space 1600000K,   0% used [0x00000003ef600000, 0x00000003ef600000, 0x0000000451080000)
  from space 200000K,   3% used [0x000000045d3d0000, 0x000000045da6d980, 0x0000000469720000)
  to   space 200000K,   0% used [0x0000000451080000, 0x0000000451080000, 0x000000045d3d0000)
 concurrent mark-sweep generation total 14001024K, used 8089002K [0x0000000469720000, 0x00000007c0000000, 0x00000007c0000000)
 Metaspace       used 44935K, capacity 46232K, committed 46652K, reserved 1091584K
  class space    used 4916K, capacity 5189K, committed 5268K, reserved 1048576K
}
2017-04-16T11:12:53.139-0700: 137297.399: Total time for which application threads were stopped: 0.0143583 seconds, Stopping threads took: 0.0001464 seconds
{Heap before GC invocations=12727 (full 18):
 par new generation   total 1800000K, used 1606774K [0x00000003ef600000, 0x0000000469720000, 0x0000000469720000)
  eden space 1600000K, 100% used [0x00000003ef600000, 0x0000000451080000, 0x0000000451080000)
  from space 200000K,   3% used [0x000000045d3d0000, 0x000000045da6d980, 0x0000000469720000)
  to   space 200000K,   0% used [0x0000000451080000, 0x0000000451080000, 0x000000045d3d0000)
 concurrent mark-sweep generation total 14001024K, used 8089002K [0x0000000469720000, 0x00000007c0000000, 0x00000007c0000000)
 Metaspace       used 44935K, capacity 46232K, committed 46652K, reserved 1091584K
  class space    used 4916K, capacity 5189K, committed 5268K, reserved 1048576K
2017-04-16T11:13:06.627-0700: 137310.886: [GC (Allocation Failure) Before GC:
Statistics for BinaryTreeDictionary:
------------------------------------
Total Free Space: 172831591
Max   Chunk Size: 1128311
Number of Blocks: 77905
Av.  Block  Size: 2218
Tree      Height: 110
2017-04-16T11:13:06.628-0700: 137310.887: [ParNew
Desired survivor size 102400000 bytes, new threshold 1 (max 1)
- age   1:    5705848 bytes,    5705848 total
: 1606774K->6190K(1800000K), 0.0120361 secs] 9695776K->8096730K(15801024K)After GC:
Statistics for BinaryTreeDictionary:
------------------------------------
Total Free Space: 172773246
Max   Chunk Size: 1128311
Number of Blocks: 77890
Av.  Block  Size: 2218
Tree      Height: 110
, 0.0133230 secs] [Times: user=0.30 sys=0.00, real=0.01 secs] 
Heap after GC invocations=12728 (full 18):
 par new generation   total 1800000K, used 6190K [0x00000003ef600000, 0x0000000469720000, 0x0000000469720000)
  eden space 1600000K,   0% used [0x00000003ef600000, 0x00000003ef600000, 0x0000000451080000)
  from space 200000K,   3% used [0x0000000451080000, 0x000000045168b860, 0x000000045d3d0000)
  to   space 200000K,   0% used [0x000000045d3d0000, 0x000000045d3d0000, 0x0000000469720000)
 concurrent mark-sweep generation total 14001024K, used 8090540K [0x0000000469720000, 0x00000007c0000000, 0x00000007c0000000)
 Metaspace       used 44935K, capacity 46232K, committed 46652K, reserved 1091584K
  class space    used 4916K, capacity 5189K, committed 5268K, reserved 1048576K
}
2017-04-16T11:13:06.640-0700: 137310.900: Total time for which application threads were stopped: 0.0144151 seconds, Stopping threads took: 0.0001574 seconds
2017-04-16T11:13:09.697-0700: 137313.956: Total time for which application threads were stopped: 0.0021802 seconds, Stopping threads took: 0.0001460 seconds
2017-04-16T11:13:11.702-0700: 137315.961: Total time for which application threads were stopped: 0.0009299 seconds, Stopping threads took: 0.0001878 seconds
{Heap before GC invocations=12728 (full 18):
 par new generation   total 1800000K, used 1606190K [0x00000003ef600000, 0x0000000469720000, 0x0000000469720000)
  eden space 1600000K, 100% used [0x00000003ef600000, 0x0000000451080000, 0x0000000451080000)
  from space 200000K,   3% used [0x0000000451080000, 0x000000045168b860, 0x000000045d3d0000)
  to   space 200000K,   0% used [0x000000045d3d0000, 0x000000045d3d0000, 0x0000000469720000)
 concurrent mark-sweep generation total 14001024K, used 8090540K [0x0000000469720000, 0x00000007c0000000, 0x00000007c0000000)
 Metaspace       used 44935K, capacity 46232K, committed 46652K, reserved 1091584K
  class space    used 4916K, capacity 5189K, committed 5268K, reserved 1048576K
2017-04-16T11:13:17.760-0700: 137322.019: [GC (Allocation Failure) Before GC:
Statistics for BinaryTreeDictionary:
------------------------------------
Total Free Space: 172773246
Max   Chunk Size: 1128311
Number of Blocks: 77890
Av.  Block  Size: 2218
Tree      Height: 110
2017-04-16T11:13:17.760-0700: 137322.020: [ParNew
Desired survivor size 102400000 bytes, new threshold 1 (max 1)
- age   1:    6277056 bytes,    6277056 total
: 1606190K->6635K(1800000K), 0.0121934 secs] 9696730K->8098387K(15801024K)After GC:
Statistics for BinaryTreeDictionary:
------------------------------------
Total Free Space: 172750891
Max   Chunk Size: 1128311
Number of Blocks: 77880
Av.  Block  Size: 2218
Tree      Height: 110
, 0.0134813 secs] [Times: user=0.30 sys=0.00, real=0.01 secs] 
Heap after GC invocations=12729 (full 18):
 par new generation   total 1800000K, used 6635K [0x00000003ef600000, 0x0000000469720000, 0x0000000469720000)
  eden space 1600000K,   0% used [0x00000003ef600000, 0x00000003ef600000, 0x0000000451080000)
  from space 200000K,   3% used [0x000000045d3d0000, 0x000000045da4acb0, 0x0000000469720000)
  to   space 200000K,   0% used [0x0000000451080000, 0x0000000451080000, 0x000000045d3d0000)
 concurrent mark-sweep generation total 14001024K, used 8091752K [0x0000000469720000, 0x00000007c0000000, 0x00000007c0000000)
 Metaspace       used 44935K, capacity 46232K, committed 46652K, reserved 1091584K
  class space    used 4916K, capacity 5189K, committed 5268K, reserved 1048576K
}
2017-04-16T11:13:17.773-0700: 137322.033: Total time for which application threads were stopped: 0.0145713 seconds, Stopping threads took: 0.0001604 seconds
{Heap before GC invocations=12729 (full 18):
 par new generation   total 1800000K, used 1606635K [0x00000003ef600000, 0x0000000469720000, 0x0000000469720000)
  eden space 1600000K, 100% used [0x00000003ef600000, 0x0000000451080000, 0x0000000451080000)
  from space 200000K,   3% used [0x000000045d3d0000, 0x000000045da4acb0, 0x0000000469720000)
  to   space 200000K,   0% used [0x0000000451080000, 0x0000000451080000, 0x000000045d3d0000)
 concurrent mark-sweep generation total 14001024K, used 8091752K [0x0000000469720000, 0x00000007c0000000, 0x00000007c0000000)
 Metaspace       used 44935K, capacity 46232K, committed 46652K, reserved 1091584K
  class space    used 4916K, capacity 5189K, committed 5268K, reserved 1048576K
2017-04-16T11:13:31.142-0700: 137335.401: [GC (Allocation Failure) Before GC:
Statistics for BinaryTreeDictionary:
------------------------------------
Total Free Space: 172750891
Max   Chunk Size: 1128311
Number of Blocks: 77880
Av.  Block  Size: 2218
Tree      Height: 110
2017-04-16T11:13:31.143-0700: 137335.402: [ParNew
Desired survivor size 102400000 bytes, new threshold 1 (max 1)
- age   1:    6129128 bytes,    6129128 total
: 1606635K->6600K(1800000K), 0.0123134 secs] 9698387K->8100086K(15801024K)After GC:
Statistics for BinaryTreeDictionary:
------------------------------------
Total Free Space: 172639220
Max   Chunk Size: 1128311
Number of Blocks: 77835
Av.  Block  Size: 2218
Tree      Height: 110
, 0.0136066 secs] [Times: user=0.31 sys=0.00, real=0.01 secs] 
Heap after GC invocations=12730 (full 18):
 par new generation   total 1800000K, used 6600K [0x00000003ef600000, 0x0000000469720000, 0x0000000469720000)
  eden space 1600000K,   0% used [0x00000003ef600000, 0x00000003ef600000, 0x0000000451080000)
  from space 200000K,   3% used [0x0000000451080000, 0x00000004516f2190, 0x000000045d3d0000)
  to   space 200000K,   0% used [0x000000045d3d0000, 0x000000045d3d0000, 0x0000000469720000)
 concurrent mark-sweep generation total 14001024K, used 8093485K [0x0000000469720000, 0x00000007c0000000, 0x00000007c0000000)
 Metaspace       used 44935K, capacity 46232K, committed 46652K, reserved 1091584K
  class space    used 4916K, capacity 5189K, committed 5268K, reserved 1048576K
}
2017-04-16T11:13:31.156-0700: 137335.415: Total time for which application threads were stopped: 0.0146981 seconds, Stopping threads took: 0.0001510 seconds
{Heap before GC invocations=12730 (full 18):
 par new generation   total 1800000K, used 1606600K [0x00000003ef600000, 0x0000000469720000, 0x0000000469720000)
  eden space 1600000K, 100% used [0x00000003ef600000, 0x0000000451080000, 0x0000000451080000)
  from space 200000K,   3% used [0x0000000451080000, 0x00000004516f2190, 0x000000045d3d0000)
  to   space 200000K,   0% used [0x000000045d3d0000, 0x000000045d3d0000, 0x0000000469720000)
 concurrent mark-sweep generation total 14001024K, used 8093485K [0x0000000469720000, 0x00000007c0000000, 0x00000007c0000000)
 Metaspace       used 44935K, capacity 46232K, committed 46652K, reserved 1091584K
  class space    used 4916K, capacity 5189K, committed 5268K, reserved 1048576K
2017-04-16T11:13:44.896-0700: 137349.155: [GC (Allocation Failure) Before GC:
Statistics for BinaryTreeDictionary:
------------------------------------
Total Free Space: 172639220
Max   Chunk Size: 1128311
Number of Blocks: 77835
Av.  Block  Size: 2218
Tree      Height: 110
2017-04-16T11:13:44.896-0700: 137349.156: [ParNew
Desired survivor size 102400000 bytes, new threshold 1 (max 1)
- age   1:    6323032 bytes,    6323032 total
: 1606600K->6858K(1800000K), 0.0120124 secs] 9700086K->8101739K(15801024K)After GC:
Statistics for BinaryTreeDictionary:
------------------------------------
Total Free Space: 172614117
Max   Chunk Size: 1128311
Number of Blocks: 77821
Av.  Block  Size: 2218
Tree      Height: 110
, 0.0133049 secs] [Times: user=0.29 sys=0.00, real=0.02 secs] 
Heap after GC invocations=12731 (full 18):
 par new generation   total 1800000K, used 6858K [0x00000003ef600000, 0x0000000469720000, 0x0000000469720000)
  eden space 1600000K,   0% used [0x00000003ef600000, 0x00000003ef600000, 0x0000000451080000)
  from space 200000K,   3% used [0x000000045d3d0000, 0x000000045da82a60, 0x0000000469720000)
  to   space 200000K,   0% used [0x0000000451080000, 0x0000000451080000, 0x000000045d3d0000)
 concurrent mark-sweep generation total 14001024K, used 8094880K [0x0000000469720000, 0x00000007c0000000, 0x00000007c0000000)
 Metaspace       used 44935K, capacity 46232K, committed 46652K, reserved 1091584K
  class space    used 4916K, capacity 5189K, committed 5268K, reserved 1048576K
}
2017-04-16T11:13:44.909-0700: 137349.168: Total time for which application threads were stopped: 0.0144114 seconds, Stopping threads took: 0.0001477 seconds
{Heap before GC invocations=12731 (full 18):
 par new generation   total 1800000K, used 1606858K [0x00000003ef600000, 0x0000000469720000, 0x0000000469720000)
  eden space 1600000K, 100% used [0x00000003ef600000, 0x0000000451080000, 0x0000000451080000)
  from space 200000K,   3% used [0x000000045d3d0000, 0x000000045da82a60, 0x0000000469720000)
  to   space 200000K,   0% used [0x0000000451080000, 0x0000000451080000, 0x000000045d3d0000)
 concurrent mark-sweep generation total 14001024K, used 8094880K [0x0000000469720000, 0x00000007c0000000, 0x00000007c0000000)
 Metaspace       used 44935K, capacity 46232K, committed 46652K, reserved 1091584K
  class space    used 4916K, capacity 5189K, committed 5268K, reserved 1048576K
2017-04-16T11:13:58.806-0700: 137363.065: [GC (Allocation Failure) Before GC:
Statistics for BinaryTreeDictionary:
------------------------------------
Total Free Space: 172614117
Max   Chunk Size: 1128311
Number of Blocks: 77821
Av.  Block  Size: 2218
Tree      Height: 110
2017-04-16T11:13:58.807-0700: 137363.066: [ParNew
Desired survivor size 102400000 bytes, new threshold 1 (max 1)
- age   1:    6426328 bytes,    6426328 total
: 1606858K->6850K(1800000K), 0.0121924 secs] 9701739K->8103167K(15801024K)After GC:
Statistics for BinaryTreeDictionary:
------------------------------------
Total Free Space: 172555152
Max   Chunk Size: 1128311
Number of Blocks: 77805
Av.  Block  Size: 2217
Tree      Height: 110
, 0.0134797 secs] [Times: user=0.31 sys=0.00, real=0.01 secs] 
Heap after GC invocations=12732 (full 18):
 par new generation   total 1800000K, used 6850K [0x00000003ef600000, 0x0000000469720000, 0x0000000469720000)
  eden space 1600000K,   0% used [0x00000003ef600000, 0x00000003ef600000, 0x0000000451080000)
  from space 200000K,   3% used [0x0000000451080000, 0x0000000451730858, 0x000000045d3d0000)
  to   space 200000K,   0% used [0x000000045d3d0000, 0x000000045d3d0000, 0x0000000469720000)
 concurrent mark-sweep generation total 14001024K, used 8096317K [0x0000000469720000, 0x00000007c0000000, 0x00000007c0000000)
 Metaspace       used 44935K, capacity 46232K, committed 46652K, reserved 1091584K
  class space    used 4916K, capacity 5189K, committed 5268K, reserved 1048576K
}
2017-04-16T11:13:58.820-0700: 137363.079: Total time for which application threads were stopped: 0.0145864 seconds, Stopping threads took: 0.0001575 seconds
2017-04-16T11:14:07.139-0700: 137371.398: Total time for which application threads were stopped: 0.0021854 seconds, Stopping threads took: 0.0001474 seconds
{Heap before GC invocations=12732 (full 18):
 par new generation   total 1800000K, used 1606850K [0x00000003ef600000, 0x0000000469720000, 0x0000000469720000)
  eden space 1600000K, 100% used [0x00000003ef600000, 0x0000000451080000, 0x0000000451080000)
  from space 200000K,   3% used [0x0000000451080000, 0x0000000451730858, 0x000000045d3d0000)
  to   space 200000K,   0% used [0x000000045d3d0000, 0x000000045d3d0000, 0x0000000469720000)
 concurrent mark-sweep generation total 14001024K, used 8096317K [0x0000000469720000, 0x00000007c0000000, 0x00000007c0000000)
 Metaspace       used 44935K, capacity 46232K, committed 46652K, reserved 1091584K
  class space    used 4916K, capacity 5189K, committed 5268K, reserved 1048576K
2017-04-16T11:14:12.345-0700: 137376.604: [GC (Allocation Failure) Before GC:
Statistics for BinaryTreeDictionary:
------------------------------------
Total Free Space: 172555152
Max   Chunk Size: 1128311
Number of Blocks: 77805
Av.  Block  Size: 2217
Tree      Height: 110
2017-04-16T11:14:12.346-0700: 137376.605: [ParNew
Desired survivor size 102400000 bytes, new threshold 1 (max 1)
- age   1:    5725816 bytes,    5725816 total
: 1606850K->6333K(1800000K), 0.0122883 secs] 9703167K->8104177K(15801024K)After GC:
Statistics for BinaryTreeDictionary:
------------------------------------
Total Free Space: 172524125
Max   Chunk Size: 1128311
Number of Blocks: 77783
Av.  Block  Size: 2218
Tree      Height: 110
, 0.0135971 secs] [Times: user=0.31 sys=0.00, real=0.01 secs] 
Heap after GC invocations=12733 (full 18):
 par new generation   total 1800000K, used 6333K [0x00000003ef600000, 0x0000000469720000, 0x0000000469720000)
  eden space 1600000K,   0% used [0x00000003ef600000, 0x00000003ef600000, 0x0000000451080000)
  from space 200000K,   3% used [0x000000045d3d0000, 0x000000045d9ff4c0, 0x0000000469720000)
  to   space 200000K,   0% used [0x0000000451080000, 0x0000000451080000, 0x000000045d3d0000)
 concurrent mark-sweep generation total 14001024K, used 8097844K [0x0000000469720000, 0x00000007c0000000, 0x00000007c0000000)
 Metaspace       used 44935K, capacity 46232K, committed 46652K, reserved 1091584K
  class space    used 4916K, capacity 5189K, committed 5268K, reserved 1048576K
}
2017-04-16T11:14:12.359-0700: 137376.618: Total time for which application threads were stopped: 0.0146789 seconds, Stopping threads took: 0.0001502 seconds
2017-04-16T11:14:21.360-0700: 137385.619: Total time for which application threads were stopped: 0.0008351 seconds, Stopping threads took: 0.0001495 seconds
{Heap before GC invocations=12733 (full 18):
 par new generation   total 1800000K, used 1606333K [0x00000003ef600000, 0x0000000469720000, 0x0000000469720000)
  eden space 1600000K, 100% used [0x00000003ef600000, 0x0000000451080000, 0x0000000451080000)
  from space 200000K,   3% used [0x000000045d3d0000, 0x000000045d9ff4c0, 0x0000000469720000)
  to   space 200000K,   0% used [0x0000000451080000, 0x0000000451080000, 0x000000045d3d0000)
 concurrent mark-sweep generation total 14001024K, used 8097844K [0x0000000469720000, 0x00000007c0000000, 0x00000007c0000000)
 Metaspace       used 44936K, capacity 46232K, committed 46652K, reserved 1091584K
  class space    used 4916K, capacity 5189K, committed 5268K, reserved 1048576K
2017-04-16T11:14:25.609-0700: 137389.869: [GC (Allocation Failure) Before GC:
Statistics for BinaryTreeDictionary:
------------------------------------
Total Free Space: 172524125
Max   Chunk Size: 1128311
Number of Blocks: 77783
Av.  Block  Size: 2218
Tree      Height: 110
2017-04-16T11:14:25.610-0700: 137389.869: [ParNew
Desired survivor size 102400000 bytes, new threshold 1 (max 1)
- age   1:    6026288 bytes,    6026288 total
: 1606333K->6380K(1800000K), 0.0121576 secs] 9704177K->8105640K(15801024K)After GC:
Statistics for BinaryTreeDictionary:
------------------------------------
Total Free Space: 172464500
Max   Chunk Size: 1128311
Number of Blocks: 77765
Av.  Block  Size: 2217
Tree      Height: 110
, 0.0134546 secs] [Times: user=0.30 sys=0.00, real=0.01 secs] 
Heap after GC invocations=12734 (full 18):
 par new generation   total 1800000K, used 6380K [0x00000003ef600000, 0x0000000469720000, 0x0000000469720000)
  eden space 1600000K,   0% used [0x00000003ef600000, 0x00000003ef600000, 0x0000000451080000)
  from space 200000K,   3% used [0x0000000451080000, 0x00000004516bb220, 0x000000045d3d0000)
  to   space 200000K,   0% used [0x000000045d3d0000, 0x000000045d3d0000, 0x0000000469720000)
 concurrent mark-sweep generation total 14001024K, used 8099260K [0x0000000469720000, 0x00000007c0000000, 0x00000007c0000000)
 Metaspace       used 44936K, capacity 46232K, committed 46652K, reserved 1091584K
  class space    used 4916K, capacity 5189K, committed 5268K, reserved 1048576K
}
2017-04-16T11:14:25.623-0700: 137389.882: Total time for which application threads were stopped: 0.0145112 seconds, Stopping threads took: 0.0001471 seconds
{Heap before GC invocations=12734 (full 18):
 par new generation   total 1800000K, used 1606380K [0x00000003ef600000, 0x0000000469720000, 0x0000000469720000)
  eden space 1600000K, 100% used [0x00000003ef600000, 0x0000000451080000, 0x0000000451080000)
  from space 200000K,   3% used [0x0000000451080000, 0x00000004516bb220, 0x000000045d3d0000)
  to   space 200000K,   0% used [0x000000045d3d0000, 0x000000045d3d0000, 0x0000000469720000)
 concurrent mark-sweep generation total 14001024K, used 8099260K [0x0000000469720000, 0x00000007c0000000, 0x00000007c0000000)
 Metaspace       used 44936K, capacity 46232K, committed 46652K, reserved 1091584K
  class space    used 4916K, capacity 5189K, committed 5268K, reserved 1048576K
2017-04-16T11:14:39.567-0700: 137403.827: [GC (Allocation Failure) Before GC:
Statistics for BinaryTreeDictionary:
------------------------------------
Total Free Space: 172464500
Max   Chunk Size: 1128311
Number of Blocks: 77765
Av.  Block  Size: 2217
Tree      Height: 110
2017-04-16T11:14:39.568-0700: 137403.827: [ParNew
Desired survivor size 102400000 bytes, new threshold 1 (max 1)
- age   1:    6565584 bytes,    6565584 total
: 1606380K->7076K(1800000K), 0.0126143 secs] 9705640K->8107743K(15801024K)After GC:
Statistics for BinaryTreeDictionary:
------------------------------------
Total Free Space: 172434845
Max   Chunk Size: 1128311
Number of Blocks: 77742
Av.  Block  Size: 2218
Tree      Height: 110
, 0.0139248 secs] [Times: user=0.31 sys=0.00, real=0.01 secs] 
Heap after GC invocations=12735 (full 18):
 par new generation   total 1800000K, used 7076K [0x00000003ef600000, 0x0000000469720000, 0x0000000469720000)
  eden space 1600000K,   0% used [0x00000003ef600000, 0x00000003ef600000, 0x0000000451080000)
  from space 200000K,   3% used [0x000000045d3d0000, 0x000000045dab9188, 0x0000000469720000)
  to   space 200000K,   0% used [0x0000000451080000, 0x0000000451080000, 0x000000045d3d0000)
 concurrent mark-sweep generation total 14001024K, used 8100667K [0x0000000469720000, 0x00000007c0000000, 0x00000007c0000000)
 Metaspace       used 44936K, capacity 46232K, committed 46652K, reserved 1091584K
  class space    used 4916K, capacity 5189K, committed 5268K, reserved 1048576K
}
2017-04-16T11:14:39.581-0700: 137403.841: Total time for which application threads were stopped: 0.0150069 seconds, Stopping threads took: 0.0001529 seconds
2017-04-16T11:14:39.626-0700: 137403.885: Total time for which application threads were stopped: 0.0019270 seconds, Stopping threads took: 0.0000644 seconds
{Heap before GC invocations=12735 (full 18):
 par new generation   total 1800000K, used 1607076K [0x00000003ef600000, 0x0000000469720000, 0x0000000469720000)
  eden space 1600000K, 100% used [0x00000003ef600000, 0x0000000451080000, 0x0000000451080000)
  from space 200000K,   3% used [0x000000045d3d0000, 0x000000045dab9188, 0x0000000469720000)
  to   space 200000K,   0% used [0x0000000451080000, 0x0000000451080000, 0x000000045d3d0000)
 concurrent mark-sweep generation total 14001024K, used 8100667K [0x0000000469720000, 0x00000007c0000000, 0x00000007c0000000)
 Metaspace       used 44936K, capacity 46232K, committed 46652K, reserved 1091584K
  class space    used 4916K, capacity 5189K, committed 5268K, reserved 1048576K
2017-04-16T11:14:50.636-0700: 137414.895: [GC (Allocation Failure) Before GC:
Statistics for BinaryTreeDictionary:
------------------------------------
Total Free Space: 172434845
Max   Chunk Size: 1128311
Number of Blocks: 77742
Av.  Block  Size: 2218
Tree      Height: 110
2017-04-16T11:14:50.636-0700: 137414.896: [ParNew
Desired survivor size 102400000 bytes, new threshold 1 (max 1)
- age   1:    7162320 bytes,    7162320 total
: 1607076K->7802K(1800000K), 0.0123222 secs] 9707743K->8109792K(15801024K)After GC:
Statistics for BinaryTreeDictionary:
------------------------------------
Total Free Space: 172407284
Max   Chunk Size: 1128311
Number of Blocks: 77727
Av.  Block  Size: 2218
Tree      Height: 110
, 0.0136431 secs] [Times: user=0.31 sys=0.00, real=0.02 secs] 
Heap after GC invocations=12736 (full 18):
 par new generation   total 1800000K, used 7802K [0x00000003ef600000, 0x0000000469720000, 0x0000000469720000)
  eden space 1600000K,   0% used [0x00000003ef600000, 0x00000003ef600000, 0x0000000451080000)
  from space 200000K,   3% used [0x0000000451080000, 0x000000045181e9b8, 0x000000045d3d0000)
  to   space 200000K,   0% used [0x000000045d3d0000, 0x000000045d3d0000, 0x0000000469720000)
 concurrent mark-sweep generation total 14001024K, used 8101990K [0x0000000469720000, 0x00000007c0000000, 0x00000007c0000000)
 Metaspace       used 44936K, capacity 46232K, committed 46652K, reserved 1091584K
  class space    used 4916K, capacity 5189K, committed 5268K, reserved 1048576K
}
2017-04-16T11:14:50.649-0700: 137414.909: Total time for which application threads were stopped: 0.0147507 seconds, Stopping threads took: 0.0001501 seconds
{Heap before GC invocations=12736 (full 18):
 par new generation   total 1800000K, used 1607802K [0x00000003ef600000, 0x0000000469720000, 0x0000000469720000)
  eden space 1600000K, 100% used [0x00000003ef600000, 0x0000000451080000, 0x0000000451080000)
  from space 200000K,   3% used [0x0000000451080000, 0x000000045181e9b8, 0x000000045d3d0000)
  to   space 200000K,   0% used [0x000000045d3d0000, 0x000000045d3d0000, 0x0000000469720000)
 concurrent mark-sweep generation total 14001024K, used 8101990K [0x0000000469720000, 0x00000007c0000000, 0x00000007c0000000)
 Metaspace       used 44936K, capacity 46232K, committed 46652K, reserved 1091584K
  class space    used 4916K, capacity 5189K, committed 5268K, reserved 1048576K
2017-04-16T11:15:04.106-0700: 137428.365: [GC (Allocation Failure) Before GC:
Statistics for BinaryTreeDictionary:
------------------------------------
Total Free Space: 172407284
Max   Chunk Size: 1128311
Number of Blocks: 77727
Av.  Block  Size: 2218
Tree      Height: 110
2017-04-16T11:15:04.107-0700: 137428.366: [ParNew
Desired survivor size 102400000 bytes, new threshold 1 (max 1)
- age   1:    6685624 bytes,    6685624 total
: 1607802K->7088K(1800000K), 0.0120448 secs] 9709792K->8110680K(15801024K)After GC:
Statistics for BinaryTreeDictionary:
------------------------------------
Total Free Space: 172296280
Max   Chunk Size: 1128311
Number of Blocks: 77681
Av.  Block  Size: 2217
Tree      Height: 110
, 0.0133435 secs] [Times: user=0.30 sys=0.00, real=0.01 secs] 
Heap after GC invocations=12737 (full 18):
 par new generation   total 1800000K, used 7088K [0x00000003ef600000, 0x0000000469720000, 0x0000000469720000)
  eden space 1600000K,   0% used [0x00000003ef600000, 0x00000003ef600000, 0x0000000451080000)
  from space 200000K,   3% used [0x000000045d3d0000, 0x000000045dabc000, 0x0000000469720000)
  to   space 200000K,   0% used [0x0000000451080000, 0x0000000451080000, 0x000000045d3d0000)
 concurrent mark-sweep generation total 14001024K, used 8103592K [0x0000000469720000, 0x00000007c0000000, 0x00000007c0000000)
 Metaspace       used 44936K, capacity 46232K, committed 46652K, reserved 1091584K
  class space    used 4916K, capacity 5189K, committed 5268K, reserved 1048576K
}
2017-04-16T11:15:04.120-0700: 137428.379: Total time for which application threads were stopped: 0.0144296 seconds, Stopping threads took: 0.0001468 seconds
{Heap before GC invocations=12737 (full 18):
 par new generation   total 1800000K, used 1607088K [0x00000003ef600000, 0x0000000469720000, 0x0000000469720000)
  eden space 1600000K, 100% used [0x00000003ef600000, 0x0000000451080000, 0x0000000451080000)
  from space 200000K,   3% used [0x000000045d3d0000, 0x000000045dabc000, 0x0000000469720000)
  to   space 200000K,   0% used [0x0000000451080000, 0x0000000451080000, 0x000000045d3d0000)
 concurrent mark-sweep generation total 14001024K, used 8103592K [0x0000000469720000, 0x00000007c0000000, 0x00000007c0000000)
 Metaspace       used 44936K, capacity 46232K, committed 46652K, reserved 1091584K
  class space    used 4916K, capacity 5189K, committed 5268K, reserved 1048576K
2017-04-16T11:15:18.145-0700: 137442.404: [GC (Allocation Failure) Before GC:
Statistics for BinaryTreeDictionary:
------------------------------------
Total Free Space: 172296280
Max   Chunk Size: 1128311
Number of Blocks: 77681
Av.  Block  Size: 2217
Tree      Height: 110
2017-04-16T11:15:18.145-0700: 137442.405: [ParNew
Desired survivor size 102400000 bytes, new threshold 1 (max 1)
- age   1:    7684872 bytes,    7684872 total
: 1607088K->8129K(1800000K), 0.0122158 secs] 9710680K->8113488K(15801024K)After GC:
Statistics for BinaryTreeDictionary:
------------------------------------
Total Free Space: 172268857
Max   Chunk Size: 1128311
Number of Blocks: 77662
Av.  Block  Size: 2218
Tree      Height: 110
, 0.0135280 secs] [Times: user=0.30 sys=0.00, real=0.01 secs] 
Heap after GC invocations=12738 (full 18):
 par new generation   total 1800000K, used 8129K [0x00000003ef600000, 0x0000000469720000, 0x0000000469720000)
  eden space 1600000K,   0% used [0x00000003ef600000, 0x00000003ef600000, 0x0000000451080000)
  from space 200000K,   4% used [0x0000000451080000, 0x00000004518707d8, 0x000000045d3d0000)
  to   space 200000K,   0% used [0x000000045d3d0000, 0x000000045d3d0000, 0x0000000469720000)
 concurrent mark-sweep generation total 14001024K, used 8105358K [0x0000000469720000, 0x00000007c0000000, 0x00000007c0000000)
 Metaspace       used 44936K, capacity 46232K, committed 46652K, reserved 1091584K
  class space    used 4916K, capacity 5189K, committed 5268K, reserved 1048576K
}
2017-04-16T11:15:18.158-0700: 137442.418: Total time for which application threads were stopped: 0.0146162 seconds, Stopping threads took: 0.0001462 seconds
{Heap before GC invocations=12738 (full 18):
 par new generation   total 1800000K, used 1608129K [0x00000003ef600000, 0x0000000469720000, 0x0000000469720000)
  eden space 1600000K, 100% used [0x00000003ef600000, 0x0000000451080000, 0x0000000451080000)
  from space 200000K,   4% used [0x0000000451080000, 0x00000004518707d8, 0x000000045d3d0000)
  to   space 200000K,   0% used [0x000000045d3d0000, 0x000000045d3d0000, 0x0000000469720000)
 concurrent mark-sweep generation total 14001024K, used 8105358K [0x0000000469720000, 0x00000007c0000000, 0x00000007c0000000)
 Metaspace       used 44936K, capacity 46232K, committed 46652K, reserved 1091584K
  class space    used 4916K, capacity 5189K, committed 5268K, reserved 1048576K
2017-04-16T11:15:32.508-0700: 137456.768: [GC (Allocation Failure) Before GC:
Statistics for BinaryTreeDictionary:
------------------------------------
Total Free Space: 172268857
Max   Chunk Size: 1128311
Number of Blocks: 77662
Av.  Block  Size: 2218
Tree      Height: 110
2017-04-16T11:15:32.509-0700: 137456.768: [ParNew
Desired survivor size 102400000 bytes, new threshold 1 (max 1)
- age   1:    6386872 bytes,    6386872 total
: 1608129K->6988K(1800000K), 0.0121133 secs] 9713488K->8113684K(15801024K)After GC:
Statistics for BinaryTreeDictionary:
------------------------------------
Total Free Space: 172250931
Max   Chunk Size: 1128311
Number of Blocks: 77625
Av.  Block  Size: 2219
Tree      Height: 110
, 0.0134290 secs] [Times: user=0.30 sys=0.00, real=0.01 secs] 
Heap after GC invocations=12739 (full 18):
 par new generation   total 1800000K, used 6988K [0x00000003ef600000, 0x0000000469720000, 0x0000000469720000)
  eden space 1600000K,   0% used [0x00000003ef600000, 0x00000003ef600000, 0x0000000451080000)
  from space 200000K,   3% used [0x000000045d3d0000, 0x000000045daa3130, 0x0000000469720000)
  to   space 200000K,   0% used [0x0000000451080000, 0x0000000451080000, 0x000000045d3d0000)
 concurrent mark-sweep generation total 14001024K, used 8106696K [0x0000000469720000, 0x00000007c0000000, 0x00000007c0000000)
 Metaspace       used 44936K, capacity 46232K, committed 46652K, reserved 1091584K
  class space    used 4916K, capacity 5189K, committed 5268K, reserved 1048576K
}
2017-04-16T11:15:32.522-0700: 137456.781: Total time for which application threads were stopped: 0.0145213 seconds, Stopping threads took: 0.0001616 seconds
2017-04-16T11:15:44.944-0700: 137469.204: Total time for which application threads were stopped: 0.0009304 seconds, Stopping threads took: 0.0001608 seconds
{Heap before GC invocations=12739 (full 18):
 par new generation   total 1800000K, used 1606988K [0x00000003ef600000, 0x0000000469720000, 0x0000000469720000)
  eden space 1600000K, 100% used [0x00000003ef600000, 0x0000000451080000, 0x0000000451080000)
  from space 200000K,   3% used [0x000000045d3d0000, 0x000000045daa3130, 0x0000000469720000)
  to   space 200000K,   0% used [0x0000000451080000, 0x0000000451080000, 0x000000045d3d0000)
 concurrent mark-sweep generation total 14001024K, used 8106696K [0x0000000469720000, 0x00000007c0000000, 0x00000007c0000000)
 Metaspace       used 44936K, capacity 46232K, committed 46652K, reserved 1091584K
  class space    used 4916K, capacity 5189K, committed 5268K, reserved 1048576K
2017-04-16T11:15:46.260-0700: 137470.520: [GC (Allocation Failure) Before GC:
Statistics for BinaryTreeDictionary:
------------------------------------
Total Free Space: 172250931
Max   Chunk Size: 1128311
Number of Blocks: 77625
Av.  Block  Size: 2219
Tree      Height: 110
2017-04-16T11:15:46.261-0700: 137470.520: [ParNew
Desired survivor size 102400000 bytes, new threshold 1 (max 1)
- age   1:    7036520 bytes,    7036520 total
: 1606988K->7494K(1800000K), 0.0122103 secs] 9713684K->8115555K(15801024K)After GC:
Statistics for BinaryTreeDictionary:
------------------------------------
Total Free Space: 172214175
Max   Chunk Size: 1128311
Number of Blocks: 77585
Av.  Block  Size: 2219
Tree      Height: 110
, 0.0135037 secs] [Times: user=0.30 sys=0.00, real=0.01 secs] 
Heap after GC invocations=12740 (full 18):
 par new generation   total 1800000K, used 7494K [0x00000003ef600000, 0x0000000469720000, 0x0000000469720000)
  eden space 1600000K,   0% used [0x00000003ef600000, 0x00000003ef600000, 0x0000000451080000)
  from space 200000K,   3% used [0x0000000451080000, 0x00000004517d1800, 0x000000045d3d0000)
  to   space 200000K,   0% used [0x000000045d3d0000, 0x000000045d3d0000, 0x0000000469720000)
 concurrent mark-sweep generation total 14001024K, used 8108061K [0x0000000469720000, 0x00000007c0000000, 0x00000007c0000000)
 Metaspace       used 44936K, capacity 46232K, committed 46652K, reserved 1091584K
  class space    used 4916K, capacity 5189K, committed 5268K, reserved 1048576K
}
2017-04-16T11:15:46.274-0700: 137470.533: Total time for which application threads were stopped: 0.0145828 seconds, Stopping threads took: 0.0001527 seconds
{Heap before GC invocations=12740 (full 18):
 par new generation   total 1800000K, used 1607494K [0x00000003ef600000, 0x0000000469720000, 0x0000000469720000)
  eden space 1600000K, 100% used [0x00000003ef600000, 0x0000000451080000, 0x0000000451080000)
  from space 200000K,   3% used [0x0000000451080000, 0x00000004517d1800, 0x000000045d3d0000)
  to   space 200000K,   0% used [0x000000045d3d0000, 0x000000045d3d0000, 0x0000000469720000)
 concurrent mark-sweep generation total 14001024K, used 8108061K [0x0000000469720000, 0x00000007c0000000, 0x00000007c0000000)
 Metaspace       used 44936K, capacity 46232K, committed 46652K, reserved 1091584K
  class space    used 4916K, capacity 5189K, committed 5268K, reserved 1048576K
2017-04-16T11:16:00.024-0700: 137484.283: [GC (Allocation Failure) Before GC:
Statistics for BinaryTreeDictionary:
------------------------------------
Total Free Space: 172214175
Max   Chunk Size: 1128311
Number of Blocks: 77585
Av.  Block  Size: 2219
Tree      Height: 110
2017-04-16T11:16:00.024-0700: 137484.284: [ParNew
Desired survivor size 102400000 bytes, new threshold 1 (max 1)
- age   1:    6434632 bytes,    6434632 total
: 1607494K->7040K(1800000K), 0.0126475 secs] 9715555K->8117020K(15801024K)After GC:
Statistics for BinaryTreeDictionary:
------------------------------------
Total Free Space: 172166040
Max   Chunk Size: 1128311
Number of Blocks: 77554
Av.  Block  Size: 2219
Tree      Height: 110
, 0.0139399 secs] [Times: user=0.31 sys=0.00, real=0.01 secs] 
Heap after GC invocations=12741 (full 18):
 par new generation   total 1800000K, used 7040K [0x00000003ef600000, 0x0000000469720000, 0x0000000469720000)
  eden space 1600000K,   0% used [0x00000003ef600000, 0x00000003ef600000, 0x0000000451080000)
  from space 200000K,   3% used [0x000000045d3d0000, 0x000000045dab03c0, 0x0000000469720000)
  to   space 200000K,   0% used [0x0000000451080000, 0x0000000451080000, 0x000000045d3d0000)
 concurrent mark-sweep generation total 14001024K, used 8109979K [0x0000000469720000, 0x00000007c0000000, 0x00000007c0000000)
 Metaspace       used 44936K, capacity 46232K, committed 46652K, reserved 1091584K
  class space    used 4916K, capacity 5189K, committed 5268K, reserved 1048576K
}
2017-04-16T11:16:00.038-0700: 137484.297: Total time for which application threads were stopped: 0.0150469 seconds, Stopping threads took: 0.0001604 seconds
2017-04-16T11:16:09.705-0700: 137493.964: Total time for which application threads were stopped: 0.0021730 seconds, Stopping threads took: 0.0001460 seconds
{Heap before GC invocations=12741 (full 18):
 par new generation   total 1800000K, used 1607040K [0x00000003ef600000, 0x0000000469720000, 0x0000000469720000)
  eden space 1600000K, 100% used [0x00000003ef600000, 0x0000000451080000, 0x0000000451080000)
  from space 200000K,   3% used [0x000000045d3d0000, 0x000000045dab03c0, 0x0000000469720000)
  to   space 200000K,   0% used [0x0000000451080000, 0x0000000451080000, 0x000000045d3d0000)
 concurrent mark-sweep generation total 14001024K, used 8109979K [0x0000000469720000, 0x00000007c0000000, 0x00000007c0000000)
 Metaspace       used 44936K, capacity 46232K, committed 46652K, reserved 1091584K
  class space    used 4916K, capacity 5189K, committed 5268K, reserved 1048576K
2017-04-16T11:16:11.243-0700: 137495.502: [GC (Allocation Failure) Before GC:
Statistics for BinaryTreeDictionary:
------------------------------------
Total Free Space: 172166040
Max   Chunk Size: 1128311
Number of Blocks: 77554
Av.  Block  Size: 2219
Tree      Height: 110
2017-04-16T11:16:11.244-0700: 137495.503: [ParNew
Desired survivor size 102400000 bytes, new threshold 1 (max 1)
- age   1:    6030064 bytes,    6030064 total
: 1607040K->6701K(1800000K), 0.0122861 secs] 9717020K->8118177K(15801024K)After GC:
Statistics for BinaryTreeDictionary:
------------------------------------
Total Free Space: 172117432
Max   Chunk Size: 1128311
Number of Blocks: 77520
Av.  Block  Size: 2220
Tree      Height: 110
, 0.0135855 secs] [Times: user=0.30 sys=0.00, real=0.01 secs] 
Heap after GC invocations=12742 (full 18):
 par new generation   total 1800000K, used 6701K [0x00000003ef600000, 0x0000000469720000, 0x0000000469720000)
  eden space 1600000K,   0% used [0x00000003ef600000, 0x00000003ef600000, 0x0000000451080000)
  from space 200000K,   3% used [0x0000000451080000, 0x000000045170b7a8, 0x000000045d3d0000)
  to   space 200000K,   0% used [0x000000045d3d0000, 0x000000045d3d0000, 0x0000000469720000)
 concurrent mark-sweep generation total 14001024K, used 8111475K [0x0000000469720000, 0x00000007c0000000, 0x00000007c0000000)
 Metaspace       used 44936K, capacity 46232K, committed 46652K, reserved 1091584K
  class space    used 4916K, capacity 5189K, committed 5268K, reserved 1048576K
}
2017-04-16T11:16:11.257-0700: 137495.516: Total time for which application threads were stopped: 0.0146747 seconds, Stopping threads took: 0.0001531 seconds
{Heap before GC invocations=12742 (full 18):
 par new generation   total 1800000K, used 1606701K [0x00000003ef600000, 0x0000000469720000, 0x0000000469720000)
  eden space 1600000K, 100% used [0x00000003ef600000, 0x0000000451080000, 0x0000000451080000)
  from space 200000K,   3% used [0x0000000451080000, 0x000000045170b7a8, 0x000000045d3d0000)
  to   space 200000K,   0% used [0x000000045d3d0000, 0x000000045d3d0000, 0x0000000469720000)
 concurrent mark-sweep generation total 14001024K, used 8111475K [0x0000000469720000, 0x00000007c0000000, 0x00000007c0000000)
 Metaspace       used 44936K, capacity 46232K, committed 46652K, reserved 1091584K
  class space    used 4916K, capacity 5189K, committed 5268K, reserved 1048576K
2017-04-16T11:16:24.240-0700: 137508.499: [GC (Allocation Failure) Before GC:
Statistics for BinaryTreeDictionary:
------------------------------------
Total Free Space: 172117432
Max   Chunk Size: 1128311
Number of Blocks: 77520
Av.  Block  Size: 2220
Tree      Height: 110
2017-04-16T11:16:24.240-0700: 137508.500: [ParNew
Desired survivor size 102400000 bytes, new threshold 1 (max 1)
- age   1:    6458216 bytes,    6458216 total
: 1606701K->6979K(1800000K), 0.0117999 secs] 9718177K->8119830K(15801024K)After GC:
Statistics for BinaryTreeDictionary:
------------------------------------
Total Free Space: 172045488
Max   Chunk Size: 1128311
Number of Blocks: 77483
Av.  Block  Size: 2220
Tree      Height: 110
, 0.0131120 secs] [Times: user=0.29 sys=0.01, real=0.02 secs] 
Heap after GC invocations=12743 (full 18):
 par new generation   total 1800000K, used 6979K [0x00000003ef600000, 0x0000000469720000, 0x0000000469720000)
  eden space 1600000K,   0% used [0x00000003ef600000, 0x00000003ef600000, 0x0000000451080000)
  from space 200000K,   3% used [0x000000045d3d0000, 0x000000045daa0f08, 0x0000000469720000)
  to   space 200000K,   0% used [0x0000000451080000, 0x0000000451080000, 0x000000045d3d0000)
 concurrent mark-sweep generation total 14001024K, used 8112850K [0x0000000469720000, 0x00000007c0000000, 0x00000007c0000000)
 Metaspace       used 44936K, capacity 46232K, committed 46652K, reserved 1091584K
  class space    used 4916K, capacity 5189K, committed 5268K, reserved 1048576K
}
2017-04-16T11:16:24.253-0700: 137508.512: Total time for which application threads were stopped: 0.0142017 seconds, Stopping threads took: 0.0001472 seconds
{Heap before GC invocations=12743 (full 18):
 par new generation   total 1800000K, used 1606979K [0x00000003ef600000, 0x0000000469720000, 0x0000000469720000)
  eden space 1600000K, 100% used [0x00000003ef600000, 0x0000000451080000, 0x0000000451080000)
  from space 200000K,   3% used [0x000000045d3d0000, 0x000000045daa0f08, 0x0000000469720000)
  to   space 200000K,   0% used [0x0000000451080000, 0x0000000451080000, 0x000000045d3d0000)
 concurrent mark-sweep generation total 14001024K, used 8112850K [0x0000000469720000, 0x00000007c0000000, 0x00000007c0000000)
 Metaspace       used 44936K, capacity 46232K, committed 46652K, reserved 1091584K
  class space    used 4916K, capacity 5189K, committed 5268K, reserved 1048576K
2017-04-16T11:16:37.261-0700: 137521.521: [GC (Allocation Failure) Before GC:
Statistics for BinaryTreeDictionary:
------------------------------------
Total Free Space: 172045488
Max   Chunk Size: 1128311
Number of Blocks: 77483
Av.  Block  Size: 2220
Tree      Height: 110
2017-04-16T11:16:37.262-0700: 137521.521: [ParNew
Desired survivor size 102400000 bytes, new threshold 1 (max 1)
- age   1:   13099504 bytes,   13099504 total
: 1606979K->13318K(1800000K), 0.0120514 secs] 9719830K->8127509K(15801024K)After GC:
Statistics for BinaryTreeDictionary:
------------------------------------
Total Free Space: 171993200
Max   Chunk Size: 1128311
Number of Blocks: 77452
Av.  Block  Size: 2220
Tree      Height: 110
, 0.0133358 secs] [Times: user=0.31 sys=0.00, real=0.02 secs] 
Heap after GC invocations=12744 (full 18):
 par new generation   total 1800000K, used 13318K [0x00000003ef600000, 0x0000000469720000, 0x0000000469720000)
  eden space 1600000K,   0% used [0x00000003ef600000, 0x00000003ef600000, 0x0000000451080000)
  from space 200000K,   6% used [0x0000000451080000, 0x0000000451d81850, 0x000000045d3d0000)
  to   space 200000K,   0% used [0x000000045d3d0000, 0x000000045d3d0000, 0x0000000469720000)
 concurrent mark-sweep generation total 14001024K, used 8114191K [0x0000000469720000, 0x00000007c0000000, 0x00000007c0000000)
 Metaspace       used 44936K, capacity 46232K, committed 46652K, reserved 1091584K
  class space    used 4916K, capacity 5189K, committed 5268K, reserved 1048576K
}
2017-04-16T11:16:37.275-0700: 137521.534: Total time for which application threads were stopped: 0.0144211 seconds, Stopping threads took: 0.0001531 seconds
{Heap before GC invocations=12744 (full 18):
 par new generation   total 1800000K, used 1613318K [0x00000003ef600000, 0x0000000469720000, 0x0000000469720000)
  eden space 1600000K, 100% used [0x00000003ef600000, 0x0000000451080000, 0x0000000451080000)
  from space 200000K,   6% used [0x0000000451080000, 0x0000000451d81850, 0x000000045d3d0000)
  to   space 200000K,   0% used [0x000000045d3d0000, 0x000000045d3d0000, 0x0000000469720000)
 concurrent mark-sweep generation total 14001024K, used 8114191K [0x0000000469720000, 0x00000007c0000000, 0x00000007c0000000)
 Metaspace       used 44936K, capacity 46232K, committed 46652K, reserved 1091584K
  class space    used 4916K, capacity 5189K, committed 5268K, reserved 1048576K
2017-04-16T11:16:50.415-0700: 137534.675: [GC (Allocation Failure) Before GC:
Statistics for BinaryTreeDictionary:
------------------------------------
Total Free Space: 171993200
Max   Chunk Size: 1128311
Number of Blocks: 77452
Av.  Block  Size: 2220
Tree      Height: 110
2017-04-16T11:16:50.416-0700: 137534.675: [ParNew
Desired survivor size 102400000 bytes, new threshold 1 (max 1)
- age   1:    6944320 bytes,    6944320 total
: 1613318K->10053K(1800000K), 0.0205311 secs] 9727509K->8132420K(15801024K)After GC:
Statistics for BinaryTreeDictionary:
------------------------------------
Total Free Space: 171829007
Max   Chunk Size: 1128311
Number of Blocks: 77424
Av.  Block  Size: 2219
Tree      Height: 110
, 0.0218536 secs] [Times: user=0.32 sys=0.01, real=0.03 secs] 
Heap after GC invocations=12745 (full 18):
 par new generation   total 1800000K, used 10053K [0x00000003ef600000, 0x0000000469720000, 0x0000000469720000)
  eden space 1600000K,   0% used [0x00000003ef600000, 0x00000003ef600000, 0x0000000451080000)
  from space 200000K,   5% used [0x000000045d3d0000, 0x000000045dda1478, 0x0000000469720000)
  to   space 200000K,   0% used [0x0000000451080000, 0x0000000451080000, 0x000000045d3d0000)
 concurrent mark-sweep generation total 14001024K, used 8122367K [0x0000000469720000, 0x00000007c0000000, 0x00000007c0000000)
 Metaspace       used 44936K, capacity 46232K, committed 46652K, reserved 1091584K
  class space    used 4916K, capacity 5189K, committed 5268K, reserved 1048576K
}
2017-04-16T11:16:50.437-0700: 137534.697: Total time for which application threads were stopped: 0.0229494 seconds, Stopping threads took: 0.0001501 seconds
{Heap before GC invocations=12745 (full 18):
 par new generation   total 1800000K, used 1610053K [0x00000003ef600000, 0x0000000469720000, 0x0000000469720000)
  eden space 1600000K, 100% used [0x00000003ef600000, 0x0000000451080000, 0x0000000451080000)
  from space 200000K,   5% used [0x000000045d3d0000, 0x000000045dda1478, 0x0000000469720000)
  to   space 200000K,   0% used [0x0000000451080000, 0x0000000451080000, 0x000000045d3d0000)
 concurrent mark-sweep generation total 14001024K, used 8122367K [0x0000000469720000, 0x00000007c0000000, 0x00000007c0000000)
 Metaspace       used 44936K, capacity 46232K, committed 46652K, reserved 1091584K
  class space    used 4916K, capacity 5189K, committed 5268K, reserved 1048576K
2017-04-16T11:17:04.061-0700: 137548.321: [GC (Allocation Failure) Before GC:
Statistics for BinaryTreeDictionary:
------------------------------------
Total Free Space: 171829007
Max   Chunk Size: 1128311
Number of Blocks: 77424
Av.  Block  Size: 2219
Tree      Height: 110
2017-04-16T11:17:04.062-0700: 137548.322: [ParNew
Desired survivor size 102400000 bytes, new threshold 1 (max 1)
- age   1:    6979088 bytes,    6979088 total
: 1610053K->7988K(1800000K), 0.0127892 secs] 9732420K->8131460K(15801024K)After GC:
Statistics for BinaryTreeDictionary:
------------------------------------
Total Free Space: 171822375
Max   Chunk Size: 1128311
Number of Blocks: 77413
Av.  Block  Size: 2219
Tree      Height: 110
, 0.0142319 secs] [Times: user=0.31 sys=0.00, real=0.01 secs] 
Heap after GC invocations=12746 (full 18):
 par new generation   total 1800000K, used 7988K [0x00000003ef600000, 0x0000000469720000, 0x0000000469720000)
  eden space 1600000K,   0% used [0x00000003ef600000, 0x00000003ef600000, 0x0000000451080000)
  from space 200000K,   3% used [0x0000000451080000, 0x000000045184d388, 0x000000045d3d0000)
  to   space 200000K,   0% used [0x000000045d3d0000, 0x000000045d3d0000, 0x0000000469720000)
 concurrent mark-sweep generation total 14001024K, used 8123471K [0x0000000469720000, 0x00000007c0000000, 0x00000007c0000000)
 Metaspace       used 44936K, capacity 46232K, committed 46652K, reserved 1091584K
  class space    used 4916K, capacity 5189K, committed 5268K, reserved 1048576K
}
2017-04-16T11:17:04.076-0700: 137548.335: Total time for which application threads were stopped: 0.0153993 seconds, Stopping threads took: 0.0001531 seconds
2017-04-16T11:17:07.220-0700: 137551.480: Total time for which application threads were stopped: 0.0021719 seconds, Stopping threads took: 0.0001571 seconds
{Heap before GC invocations=12746 (full 18):
 par new generation   total 1800000K, used 1607988K [0x00000003ef600000, 0x0000000469720000, 0x0000000469720000)
  eden space 1600000K, 100% used [0x00000003ef600000, 0x0000000451080000, 0x0000000451080000)
  from space 200000K,   3% used [0x0000000451080000, 0x000000045184d388, 0x000000045d3d0000)
  to   space 200000K,   0% used [0x000000045d3d0000, 0x000000045d3d0000, 0x0000000469720000)
 concurrent mark-sweep generation total 14001024K, used 8123471K [0x0000000469720000, 0x00000007c0000000, 0x00000007c0000000)
 Metaspace       used 44936K, capacity 46232K, committed 46652K, reserved 1091584K
  class space    used 4916K, capacity 5189K, committed 5268K, reserved 1048576K
2017-04-16T11:17:17.701-0700: 137561.960: [GC (Allocation Failure) Before GC:
Statistics for BinaryTreeDictionary:
------------------------------------
Total Free Space: 171822375
Max   Chunk Size: 1128311
Number of Blocks: 77413
Av.  Block  Size: 2219
Tree      Height: 110
2017-04-16T11:17:17.701-0700: 137561.961: [ParNew
Desired survivor size 102400000 bytes, new threshold 1 (max 1)
- age   1:    5808024 bytes,    5808024 total
: 1607988K->6205K(1800000K), 0.0118758 secs] 9731460K->8131101K(15801024K)After GC:
Statistics for BinaryTreeDictionary:
------------------------------------
Total Free Space: 171760658
Max   Chunk Size: 1128311
Number of Blocks: 77390
Av.  Block  Size: 2219
Tree      Height: 110
, 0.0131727 secs] [Times: user=0.30 sys=0.00, real=0.01 secs] 
Heap after GC invocations=12747 (full 18):
 par new generation   total 1800000K, used 6205K [0x00000003ef600000, 0x0000000469720000, 0x0000000469720000)
  eden space 1600000K,   0% used [0x00000003ef600000, 0x00000003ef600000, 0x0000000451080000)
  from space 200000K,   3% used [0x000000045d3d0000, 0x000000045d9df6d0, 0x0000000469720000)
  to   space 200000K,   0% used [0x0000000451080000, 0x0000000451080000, 0x000000045d3d0000)
 concurrent mark-sweep generation total 14001024K, used 8124896K [0x0000000469720000, 0x00000007c0000000, 0x00000007c0000000)
 Metaspace       used 44936K, capacity 46232K, committed 46652K, reserved 1091584K
  class space    used 4916K, capacity 5189K, committed 5268K, reserved 1048576K
}
2017-04-16T11:17:17.714-0700: 137561.973: Total time for which application threads were stopped: 0.0142667 seconds, Stopping threads took: 0.0001505 seconds
{Heap before GC invocations=12747 (full 18):
 par new generation   total 1800000K, used 1606205K [0x00000003ef600000, 0x0000000469720000, 0x0000000469720000)
  eden space 1600000K, 100% used [0x00000003ef600000, 0x0000000451080000, 0x0000000451080000)
  from space 200000K,   3% used [0x000000045d3d0000, 0x000000045d9df6d0, 0x0000000469720000)
  to   space 200000K,   0% used [0x0000000451080000, 0x0000000451080000, 0x000000045d3d0000)
 concurrent mark-sweep generation total 14001024K, used 8124896K [0x0000000469720000, 0x00000007c0000000, 0x00000007c0000000)
 Metaspace       used 44936K, capacity 46232K, committed 46652K, reserved 1091584K
  class space    used 4916K, capacity 5189K, committed 5268K, reserved 1048576K
2017-04-16T11:17:30.769-0700: 137575.029: [GC (Allocation Failure) Before GC:
Statistics for BinaryTreeDictionary:
------------------------------------
Total Free Space: 171760658
Max   Chunk Size: 1128311
Number of Blocks: 77390
Av.  Block  Size: 2219
Tree      Height: 110
2017-04-16T11:17:30.770-0700: 137575.029: [ParNew
Desired survivor size 102400000 bytes, new threshold 1 (max 1)
- age   1:    6069304 bytes,    6069304 total
: 1606205K->6458K(1800000K), 0.0119210 secs] 9731101K->8132526K(15801024K)After GC:
Statistics for BinaryTreeDictionary:
------------------------------------
Total Free Space: 171747888
Max   Chunk Size: 1128311
Number of Blocks: 77371
Av.  Block  Size: 2219
Tree      Height: 110
, 0.0132185 secs] [Times: user=0.30 sys=0.00, real=0.02 secs] 
Heap after GC invocations=12748 (full 18):
 par new generation   total 1800000K, used 6458K [0x00000003ef600000, 0x0000000469720000, 0x0000000469720000)
  eden space 1600000K,   0% used [0x00000003ef600000, 0x00000003ef600000, 0x0000000451080000)
  from space 200000K,   3% used [0x0000000451080000, 0x00000004516ceb30, 0x000000045d3d0000)
  to   space 200000K,   0% used [0x000000045d3d0000, 0x000000045d3d0000, 0x0000000469720000)
 concurrent mark-sweep generation total 14001024K, used 8126067K [0x0000000469720000, 0x00000007c0000000, 0x00000007c0000000)
 Metaspace       used 44936K, capacity 46232K, committed 46652K, reserved 1091584K
  class space    used 4916K, capacity 5189K, committed 5268K, reserved 1048576K
}
2017-04-16T11:17:30.783-0700: 137575.042: Total time for which application threads were stopped: 0.0143044 seconds, Stopping threads took: 0.0001577 seconds
2017-04-16T11:17:39.613-0700: 137583.872: Total time for which application threads were stopped: 0.0021067 seconds, Stopping threads took: 0.0001482 seconds
{Heap before GC invocations=12748 (full 18):
 par new generation   total 1800000K, used 1606458K [0x00000003ef600000, 0x0000000469720000, 0x0000000469720000)
  eden space 1600000K, 100% used [0x00000003ef600000, 0x0000000451080000, 0x0000000451080000)
  from space 200000K,   3% used [0x0000000451080000, 0x00000004516ceb30, 0x000000045d3d0000)
  to   space 200000K,   0% used [0x000000045d3d0000, 0x000000045d3d0000, 0x0000000469720000)
 concurrent mark-sweep generation total 14001024K, used 8126067K [0x0000000469720000, 0x00000007c0000000, 0x00000007c0000000)
 Metaspace       used 44936K, capacity 46232K, committed 46652K, reserved 1091584K
  class space    used 4916K, capacity 5189K, committed 5268K, reserved 1048576K
2017-04-16T11:17:42.006-0700: 137586.265: [GC (Allocation Failure) Before GC:
Statistics for BinaryTreeDictionary:
------------------------------------
Total Free Space: 171747888
Max   Chunk Size: 1128311
Number of Blocks: 77371
Av.  Block  Size: 2219
Tree      Height: 110
2017-04-16T11:17:42.006-0700: 137586.266: [ParNew
Desired survivor size 102400000 bytes, new threshold 1 (max 1)
- age   1:    7449104 bytes,    7449104 total
: 1606458K->7910K(1800000K), 0.0120385 secs] 9732526K->8135127K(15801024K)After GC:
Statistics for BinaryTreeDictionary:
------------------------------------
Total Free Space: 171712961
Max   Chunk Size: 1128311
Number of Blocks: 77334
Av.  Block  Size: 2220
Tree      Height: 110
, 0.0133282 secs] [Times: user=0.29 sys=0.00, real=0.01 secs] 
Heap after GC invocations=12749 (full 18):
 par new generation   total 1800000K, used 7910K [0x00000003ef600000, 0x0000000469720000, 0x0000000469720000)
  eden space 1600000K,   0% used [0x00000003ef600000, 0x00000003ef600000, 0x0000000451080000)
  from space 200000K,   3% used [0x000000045d3d0000, 0x000000045db89920, 0x0000000469720000)
  to   space 200000K,   0% used [0x0000000451080000, 0x0000000451080000, 0x000000045d3d0000)
 concurrent mark-sweep generation total 14001024K, used 8127216K [0x0000000469720000, 0x00000007c0000000, 0x00000007c0000000)
 Metaspace       used 44936K, capacity 46232K, committed 46652K, reserved 1091584K
  class space    used 4916K, capacity 5189K, committed 5268K, reserved 1048576K
}
2017-04-16T11:17:42.019-0700: 137586.278: Total time for which application threads were stopped: 0.0144129 seconds, Stopping threads took: 0.0001522 seconds
{Heap before GC invocations=12749 (full 18):
 par new generation   total 1800000K, used 1607910K [0x00000003ef600000, 0x0000000469720000, 0x0000000469720000)
  eden space 1600000K, 100% used [0x00000003ef600000, 0x0000000451080000, 0x0000000451080000)
  from space 200000K,   3% used [0x000000045d3d0000, 0x000000045db89920, 0x0000000469720000)
  to   space 200000K,   0% used [0x0000000451080000, 0x0000000451080000, 0x000000045d3d0000)
 concurrent mark-sweep generation total 14001024K, used 8127216K [0x0000000469720000, 0x00000007c0000000, 0x00000007c0000000)
 Metaspace       used 44936K, capacity 46232K, committed 46652K, reserved 1091584K
  class space    used 4916K, capacity 5189K, committed 5268K, reserved 1048576K
2017-04-16T11:17:55.838-0700: 137600.097: [GC (Allocation Failure) Before GC:
Statistics for BinaryTreeDictionary:
------------------------------------
Total Free Space: 171712961
Max   Chunk Size: 1128311
Number of Blocks: 77334
Av.  Block  Size: 2220
Tree      Height: 110
2017-04-16T11:17:55.839-0700: 137600.098: [ParNew
Desired survivor size 102400000 bytes, new threshold 1 (max 1)
- age   1:    6158040 bytes,    6158040 total
: 1607910K->6548K(1800000K), 0.0117196 secs] 9735127K->8135262K(15801024K)After GC:
Statistics for BinaryTreeDictionary:
------------------------------------
Total Free Space: 171618111
Max   Chunk Size: 1128311
Number of Blocks: 77285
Av.  Block  Size: 2220
Tree      Height: 110
, 0.0130272 secs] [Times: user=0.29 sys=0.00, real=0.01 secs] 
Heap after GC invocations=12750 (full 18):
 par new generation   total 1800000K, used 6548K [0x00000003ef600000, 0x0000000469720000, 0x0000000469720000)
  eden space 1600000K,   0% used [0x00000003ef600000, 0x00000003ef600000, 0x0000000451080000)
  from space 200000K,   3% used [0x0000000451080000, 0x00000004516e5008, 0x000000045d3d0000)
  to   space 200000K,   0% used [0x000000045d3d0000, 0x000000045d3d0000, 0x0000000469720000)
 concurrent mark-sweep generation total 14001024K, used 8128714K [0x0000000469720000, 0x00000007c0000000, 0x00000007c0000000)
 Metaspace       used 44936K, capacity 46232K, committed 46652K, reserved 1091584K
  class space    used 4916K, capacity 5189K, committed 5268K, reserved 1048576K
}
2017-04-16T11:17:55.851-0700: 137600.110: Total time for which application threads were stopped: 0.0141127 seconds, Stopping threads took: 0.0001503 seconds
{Heap before GC invocations=12750 (full 18):
 par new generation   total 1800000K, used 1606548K [0x00000003ef600000, 0x0000000469720000, 0x0000000469720000)
  eden space 1600000K, 100% used [0x00000003ef600000, 0x0000000451080000, 0x0000000451080000)
  from space 200000K,   3% used [0x0000000451080000, 0x00000004516e5008, 0x000000045d3d0000)
  to   space 200000K,   0% used [0x000000045d3d0000, 0x000000045d3d0000, 0x0000000469720000)
 concurrent mark-sweep generation total 14001024K, used 8128714K [0x0000000469720000, 0x00000007c0000000, 0x00000007c0000000)
 Metaspace       used 44936K, capacity 46232K, committed 46652K, reserved 1091584K
  class space    used 4916K, capacity 5189K, committed 5268K, reserved 1048576K
2017-04-16T11:18:10.230-0700: 137614.490: [GC (Allocation Failure) Before GC:
Statistics for BinaryTreeDictionary:
------------------------------------
Total Free Space: 171618111
Max   Chunk Size: 1128311
Number of Blocks: 77285
Av.  Block  Size: 2220
Tree      Height: 110
2017-04-16T11:18:10.231-0700: 137614.490: [ParNew
Desired survivor size 102400000 bytes, new threshold 1 (max 1)
- age   1:    6162544 bytes,    6162544 total
: 1606548K->6361K(1800000K), 0.0122027 secs] 9735262K->8136216K(15801024K)After GC:
Statistics for BinaryTreeDictionary:
------------------------------------
Total Free Space: 171588688
Max   Chunk Size: 1128311
Number of Blocks: 77259
Av.  Block  Size: 2220
Tree      Height: 110
, 0.0135062 secs] [Times: user=0.29 sys=0.01, real=0.01 secs] 
Heap after GC invocations=12751 (full 18):
 par new generation   total 1800000K, used 6361K [0x00000003ef600000, 0x0000000469720000, 0x0000000469720000)
  eden space 1600000K,   0% used [0x00000003ef600000, 0x00000003ef600000, 0x0000000451080000)
  from space 200000K,   3% used [0x000000045d3d0000, 0x000000045da06440, 0x0000000469720000)
  to   space 200000K,   0% used [0x0000000451080000, 0x0000000451080000, 0x000000045d3d0000)
 concurrent mark-sweep generation total 14001024K, used 8129855K [0x0000000469720000, 0x00000007c0000000, 0x00000007c0000000)
 Metaspace       used 44936K, capacity 46232K, committed 46652K, reserved 1091584K
  class space    used 4916K, capacity 5189K, committed 5268K, reserved 1048576K
}
2017-04-16T11:18:10.244-0700: 137614.503: Total time for which application threads were stopped: 0.0145870 seconds, Stopping threads took: 0.0001466 seconds
{Heap before GC invocations=12751 (full 18):
 par new generation   total 1800000K, used 1606361K [0x00000003ef600000, 0x0000000469720000, 0x0000000469720000)
  eden space 1600000K, 100% used [0x00000003ef600000, 0x0000000451080000, 0x0000000451080000)
  from space 200000K,   3% used [0x000000045d3d0000, 0x000000045da06440, 0x0000000469720000)
  to   space 200000K,   0% used [0x0000000451080000, 0x0000000451080000, 0x000000045d3d0000)
 concurrent mark-sweep generation total 14001024K, used 8129855K [0x0000000469720000, 0x00000007c0000000, 0x00000007c0000000)
 Metaspace       used 44936K, capacity 46232K, committed 46652K, reserved 1091584K
  class space    used 4916K, capacity 5189K, committed 5268K, reserved 1048576K
2017-04-16T11:18:24.567-0700: 137628.826: [GC (Allocation Failure) Before GC:
Statistics for BinaryTreeDictionary:
------------------------------------
Total Free Space: 171588688
Max   Chunk Size: 1128311
Number of Blocks: 77259
Av.  Block  Size: 2220
Tree      Height: 110
2017-04-16T11:18:24.568-0700: 137628.827: [ParNew
Desired survivor size 102400000 bytes, new threshold 1 (max 1)
- age   1:    5821704 bytes,    5821704 total
: 1606361K->6204K(1800000K), 0.0123305 secs] 9736216K->8137470K(15801024K)After GC:
Statistics for BinaryTreeDictionary:
------------------------------------
Total Free Space: 171542356
Max   Chunk Size: 1128311
Number of Blocks: 77235
Av.  Block  Size: 2221
Tree      Height: 110
, 0.0136248 secs] [Times: user=0.31 sys=0.00, real=0.02 secs] 
Heap after GC invocations=12752 (full 18):
 par new generation   total 1800000K, used 6204K [0x00000003ef600000, 0x0000000469720000, 0x0000000469720000)
  eden space 1600000K,   0% used [0x00000003ef600000, 0x00000003ef600000, 0x0000000451080000)
  from space 200000K,   3% used [0x0000000451080000, 0x000000045168f150, 0x000000045d3d0000)
  to   space 200000K,   0% used [0x000000045d3d0000, 0x000000045d3d0000, 0x0000000469720000)
 concurrent mark-sweep generation total 14001024K, used 8131266K [0x0000000469720000, 0x00000007c0000000, 0x00000007c0000000)
 Metaspace       used 44936K, capacity 46232K, committed 46652K, reserved 1091584K
  class space    used 4916K, capacity 5189K, committed 5268K, reserved 1048576K
}
2017-04-16T11:18:24.581-0700: 137628.840: Total time for which application threads were stopped: 0.0147086 seconds, Stopping threads took: 0.0001541 seconds
{Heap before GC invocations=12752 (full 18):
 par new generation   total 1800000K, used 1606204K [0x00000003ef600000, 0x0000000469720000, 0x0000000469720000)
  eden space 1600000K, 100% used [0x00000003ef600000, 0x0000000451080000, 0x0000000451080000)
  from space 200000K,   3% used [0x0000000451080000, 0x000000045168f150, 0x000000045d3d0000)
  to   space 200000K,   0% used [0x000000045d3d0000, 0x000000045d3d0000, 0x0000000469720000)
 concurrent mark-sweep generation total 14001024K, used 8131266K [0x0000000469720000, 0x00000007c0000000, 0x00000007c0000000)
 Metaspace       used 44936K, capacity 46232K, committed 46652K, reserved 1091584K
  class space    used 4916K, capacity 5189K, committed 5268K, reserved 1048576K
2017-04-16T11:18:38.431-0700: 137642.691: [GC (Allocation Failure) Before GC:
Statistics for BinaryTreeDictionary:
------------------------------------
Total Free Space: 171542356
Max   Chunk Size: 1128311
Number of Blocks: 77235
Av.  Block  Size: 2221
Tree      Height: 110
2017-04-16T11:18:38.432-0700: 137642.691: [ParNew
Desired survivor size 102400000 bytes, new threshold 1 (max 1)
- age   1:    6586824 bytes,    6586824 total
: 1606204K->6916K(1800000K), 0.0118613 secs] 9737470K->8139358K(15801024K)After GC:
Statistics for BinaryTreeDictionary:
------------------------------------
Total Free Space: 171503890
Max   Chunk Size: 1128311
Number of Blocks: 77191
Av.  Block  Size: 2221
Tree      Height: 110
, 0.0131610 secs] [Times: user=0.30 sys=0.00, real=0.02 secs] 
Heap after GC invocations=12753 (full 18):
 par new generation   total 1800000K, used 6916K [0x00000003ef600000, 0x0000000469720000, 0x0000000469720000)
  eden space 1600000K,   0% used [0x00000003ef600000, 0x00000003ef600000, 0x0000000451080000)
  from space 200000K,   3% used [0x000000045d3d0000, 0x000000045da91208, 0x0000000469720000)
  to   space 200000K,   0% used [0x0000000451080000, 0x0000000451080000, 0x000000045d3d0000)
 concurrent mark-sweep generation total 14001024K, used 8132441K [0x0000000469720000, 0x00000007c0000000, 0x00000007c0000000)
 Metaspace       used 44936K, capacity 46232K, committed 46652K, reserved 1091584K
  class space    used 4916K, capacity 5189K, committed 5268K, reserved 1048576K
}
2017-04-16T11:18:38.445-0700: 137642.704: Total time for which application threads were stopped: 0.0142584 seconds, Stopping threads took: 0.0001566 seconds
{Heap before GC invocations=12753 (full 18):
 par new generation   total 1800000K, used 1606916K [0x00000003ef600000, 0x0000000469720000, 0x0000000469720000)
  eden space 1600000K, 100% used [0x00000003ef600000, 0x0000000451080000, 0x0000000451080000)
  from space 200000K,   3% used [0x000000045d3d0000, 0x000000045da91208, 0x0000000469720000)
  to   space 200000K,   0% used [0x0000000451080000, 0x0000000451080000, 0x000000045d3d0000)
 concurrent mark-sweep generation total 14001024K, used 8132441K [0x0000000469720000, 0x00000007c0000000, 0x00000007c0000000)
 Metaspace       used 44936K, capacity 46232K, committed 46652K, reserved 1091584K
  class space    used 4916K, capacity 5189K, committed 5268K, reserved 1048576K
2017-04-16T11:18:52.947-0700: 137657.206: [GC (Allocation Failure) Before GC:
Statistics for BinaryTreeDictionary:
------------------------------------
Total Free Space: 171503890
Max   Chunk Size: 1128311
Number of Blocks: 77191
Av.  Block  Size: 2221
Tree      Height: 110
2017-04-16T11:18:52.948-0700: 137657.207: [ParNew
Desired survivor size 102400000 bytes, new threshold 1 (max 1)
- age   1:    6395936 bytes,    6395936 total
: 1606916K->6834K(1800000K), 0.0121586 secs] 9739358K->8140517K(15801024K)After GC:
Statistics for BinaryTreeDictionary:
------------------------------------
Total Free Space: 171477501
Max   Chunk Size: 1128311
Number of Blocks: 77172
Av.  Block  Size: 2222
Tree      Height: 110
, 0.0134785 secs] [Times: user=0.31 sys=0.00, real=0.01 secs] 
Heap after GC invocations=12754 (full 18):
 par new generation   total 1800000K, used 6834K [0x00000003ef600000, 0x0000000469720000, 0x0000000469720000)
  eden space 1600000K,   0% used [0x00000003ef600000, 0x00000003ef600000, 0x0000000451080000)
  from space 200000K,   3% used [0x0000000451080000, 0x000000045172c9f0, 0x000000045d3d0000)
  to   space 200000K,   0% used [0x000000045d3d0000, 0x000000045d3d0000, 0x0000000469720000)
 concurrent mark-sweep generation total 14001024K, used 8133682K [0x0000000469720000, 0x00000007c0000000, 0x00000007c0000000)
 Metaspace       used 44936K, capacity 46232K, committed 46652K, reserved 1091584K
  class space    used 4916K, capacity 5189K, committed 5268K, reserved 1048576K
}
2017-04-16T11:18:52.961-0700: 137657.220: Total time for which application threads were stopped: 0.0145595 seconds, Stopping threads took: 0.0001424 seconds
{Heap before GC invocations=12754 (full 18):
 par new generation   total 1800000K, used 1606834K [0x00000003ef600000, 0x0000000469720000, 0x0000000469720000)
  eden space 1600000K, 100% used [0x00000003ef600000, 0x0000000451080000, 0x0000000451080000)
  from space 200000K,   3% used [0x0000000451080000, 0x000000045172c9f0, 0x000000045d3d0000)
  to   space 200000K,   0% used [0x000000045d3d0000, 0x000000045d3d0000, 0x0000000469720000)
 concurrent mark-sweep generation total 14001024K, used 8133682K [0x0000000469720000, 0x00000007c0000000, 0x00000007c0000000)
 Metaspace       used 44936K, capacity 46232K, committed 46652K, reserved 1091584K
  class space    used 4916K, capacity 5189K, committed 5268K, reserved 1048576K
2017-04-16T11:19:06.725-0700: 137670.984: [GC (Allocation Failure) Before GC:
Statistics for BinaryTreeDictionary:
------------------------------------
Total Free Space: 171477501
Max   Chunk Size: 1128311
Number of Blocks: 77172
Av.  Block  Size: 2222
Tree      Height: 110
2017-04-16T11:19:06.726-0700: 137670.985: [ParNew
Desired survivor size 102400000 bytes, new threshold 1 (max 1)
- age   1:    6159224 bytes,    6159224 total
: 1606834K->6568K(1800000K), 0.0124185 secs] 9740517K->8141495K(15801024K)After GC:
Statistics for BinaryTreeDictionary:
------------------------------------
Total Free Space: 171443642
Max   Chunk Size: 1128311
Number of Blocks: 77138
Av.  Block  Size: 2222
Tree      Height: 110
, 0.0137204 secs] [Times: user=0.31 sys=0.00, real=0.02 secs] 
Heap after GC invocations=12755 (full 18):
 par new generation   total 1800000K, used 6568K [0x00000003ef600000, 0x0000000469720000, 0x0000000469720000)
  eden space 1600000K,   0% used [0x00000003ef600000, 0x00000003ef600000, 0x0000000451080000)
  from space 200000K,   3% used [0x000000045d3d0000, 0x000000045da3a188, 0x0000000469720000)
  to   space 200000K,   0% used [0x0000000451080000, 0x0000000451080000, 0x000000045d3d0000)
 concurrent mark-sweep generation total 14001024K, used 8134926K [0x0000000469720000, 0x00000007c0000000, 0x00000007c0000000)
 Metaspace       used 44936K, capacity 46232K, committed 46652K, reserved 1091584K
  class space    used 4916K, capacity 5189K, committed 5268K, reserved 1048576K
}
2017-04-16T11:19:06.739-0700: 137670.998: Total time for which application threads were stopped: 0.0147969 seconds, Stopping threads took: 0.0001460 seconds
2017-04-16T11:19:09.770-0700: 137674.030: Total time for which application threads were stopped: 0.0021684 seconds, Stopping threads took: 0.0001445 seconds
2017-04-16T11:19:09.779-0700: 137674.039: Total time for which application threads were stopped: 0.0011504 seconds, Stopping threads took: 0.0000476 seconds
{Heap before GC invocations=12755 (full 18):
 par new generation   total 1800000K, used 1606568K [0x00000003ef600000, 0x0000000469720000, 0x0000000469720000)
  eden space 1600000K, 100% used [0x00000003ef600000, 0x0000000451080000, 0x0000000451080000)
  from space 200000K,   3% used [0x000000045d3d0000, 0x000000045da3a188, 0x0000000469720000)
  to   space 200000K,   0% used [0x0000000451080000, 0x0000000451080000, 0x000000045d3d0000)
 concurrent mark-sweep generation total 14001024K, used 8134926K [0x0000000469720000, 0x00000007c0000000, 0x00000007c0000000)
 Metaspace       used 44936K, capacity 46232K, committed 46652K, reserved 1091584K
  class space    used 4916K, capacity 5189K, committed 5268K, reserved 1048576K
2017-04-16T11:19:18.145-0700: 137682.405: [GC (Allocation Failure) Before GC:
Statistics for BinaryTreeDictionary:
------------------------------------
Total Free Space: 171443642
Max   Chunk Size: 1128311
Number of Blocks: 77138
Av.  Block  Size: 2222
Tree      Height: 110
2017-04-16T11:19:18.146-0700: 137682.405: [ParNew
Desired survivor size 102400000 bytes, new threshold 1 (max 1)
- age   1:    7490576 bytes,    7490576 total
: 1606568K->7864K(1800000K), 0.0119059 secs] 9741495K->8144442K(15801024K)After GC:
Statistics for BinaryTreeDictionary:
------------------------------------
Total Free Space: 171354933
Max   Chunk Size: 1128311
Number of Blocks: 77127
Av.  Block  Size: 2221
Tree      Height: 110
, 0.0132108 secs] [Times: user=0.30 sys=0.00, real=0.01 secs] 
Heap after GC invocations=12756 (full 18):
 par new generation   total 1800000K, used 7864K [0x00000003ef600000, 0x0000000469720000, 0x0000000469720000)
  eden space 1600000K,   0% used [0x00000003ef600000, 0x00000003ef600000, 0x0000000451080000)
  from space 200000K,   3% used [0x0000000451080000, 0x000000045182e228, 0x000000045d3d0000)
  to   space 200000K,   0% used [0x000000045d3d0000, 0x000000045d3d0000, 0x0000000469720000)
 concurrent mark-sweep generation total 14001024K, used 8136577K [0x0000000469720000, 0x00000007c0000000, 0x00000007c0000000)
 Metaspace       used 44936K, capacity 46232K, committed 46652K, reserved 1091584K
  class space    used 4916K, capacity 5189K, committed 5268K, reserved 1048576K
}
2017-04-16T11:19:18.159-0700: 137682.418: Total time for which application threads were stopped: 0.0142816 seconds, Stopping threads took: 0.0001482 seconds
{Heap before GC invocations=12756 (full 18):
 par new generation   total 1800000K, used 1607864K [0x00000003ef600000, 0x0000000469720000, 0x0000000469720000)
  eden space 1600000K, 100% used [0x00000003ef600000, 0x0000000451080000, 0x0000000451080000)
  from space 200000K,   3% used [0x0000000451080000, 0x000000045182e228, 0x000000045d3d0000)
  to   space 200000K,   0% used [0x000000045d3d0000, 0x000000045d3d0000, 0x0000000469720000)
 concurrent mark-sweep generation total 14001024K, used 8136577K [0x0000000469720000, 0x00000007c0000000, 0x00000007c0000000)
 Metaspace       used 44936K, capacity 46232K, committed 46652K, reserved 1091584K
  class space    used 4916K, capacity 5189K, committed 5268K, reserved 1048576K
2017-04-16T11:19:31.471-0700: 137695.730: [GC (Allocation Failure) Before GC:
Statistics for BinaryTreeDictionary:
------------------------------------
Total Free Space: 171354933
Max   Chunk Size: 1128311
Number of Blocks: 77127
Av.  Block  Size: 2221
Tree      Height: 110
2017-04-16T11:19:31.472-0700: 137695.731: [ParNew
Desired survivor size 102400000 bytes, new threshold 1 (max 1)
- age   1:    6151856 bytes,    6151856 total
: 1607864K->6535K(1800000K), 0.0118279 secs] 9744442K->8144626K(15801024K)After GC:
Statistics for BinaryTreeDictionary:
------------------------------------
Total Free Space: 171275459
Max   Chunk Size: 1128311
Number of Blocks: 77083
Av.  Block  Size: 2221
Tree      Height: 110
, 0.0131586 secs] [Times: user=0.29 sys=0.00, real=0.02 secs] 
Heap after GC invocations=12757 (full 18):
 par new generation   total 1800000K, used 6535K [0x00000003ef600000, 0x0000000469720000, 0x0000000469720000)
  eden space 1600000K,   0% used [0x00000003ef600000, 0x00000003ef600000, 0x0000000451080000)
  from space 200000K,   3% used [0x000000045d3d0000, 0x000000045da31f80, 0x0000000469720000)
  to   space 200000K,   0% used [0x0000000451080000, 0x0000000451080000, 0x000000045d3d0000)
 concurrent mark-sweep generation total 14001024K, used 8138090K [0x0000000469720000, 0x00000007c0000000, 0x00000007c0000000)
 Metaspace       used 44936K, capacity 46232K, committed 46652K, reserved 1091584K
  class space    used 4916K, capacity 5189K, committed 5268K, reserved 1048576K
}
2017-04-16T11:19:31.484-0700: 137695.743: Total time for which application threads were stopped: 0.0142558 seconds, Stopping threads took: 0.0001450 seconds
{Heap before GC invocations=12757 (full 18):
 par new generation   total 1800000K, used 1606535K [0x00000003ef600000, 0x0000000469720000, 0x0000000469720000)
  eden space 1600000K, 100% used [0x00000003ef600000, 0x0000000451080000, 0x0000000451080000)
  from space 200000K,   3% used [0x000000045d3d0000, 0x000000045da31f80, 0x0000000469720000)
  to   space 200000K,   0% used [0x0000000451080000, 0x0000000451080000, 0x000000045d3d0000)
 concurrent mark-sweep generation total 14001024K, used 8138090K [0x0000000469720000, 0x00000007c0000000, 0x00000007c0000000)
 Metaspace       used 44936K, capacity 46232K, committed 46652K, reserved 1091584K
  class space    used 4916K, capacity 5189K, committed 5268K, reserved 1048576K
2017-04-16T11:19:45.281-0700: 137709.540: [GC (Allocation Failure) Before GC:
Statistics for BinaryTreeDictionary:
------------------------------------
Total Free Space: 171275459
Max   Chunk Size: 1128311
Number of Blocks: 77083
Av.  Block  Size: 2221
Tree      Height: 110
2017-04-16T11:19:45.282-0700: 137709.541: [ParNew
Desired survivor size 102400000 bytes, new threshold 1 (max 1)
- age   1:    7105304 bytes,    7105304 total
: 1606535K->7737K(1800000K), 0.0155044 secs] 9744626K->8147085K(15801024K)After GC:
Statistics for BinaryTreeDictionary:
------------------------------------
Total Free Space: 171254036
Max   Chunk Size: 1128311
Number of Blocks: 77075
Av.  Block  Size: 2221
Tree      Height: 110
, 0.0168153 secs] [Times: user=0.31 sys=0.01, real=0.02 secs] 
Heap after GC invocations=12758 (full 18):
 par new generation   total 1800000K, used 7737K [0x00000003ef600000, 0x0000000469720000, 0x0000000469720000)
  eden space 1600000K,   0% used [0x00000003ef600000, 0x00000003ef600000, 0x0000000451080000)
  from space 200000K,   3% used [0x0000000451080000, 0x000000045180e680, 0x000000045d3d0000)
  to   space 200000K,   0% used [0x000000045d3d0000, 0x000000045d3d0000, 0x0000000469720000)
 concurrent mark-sweep generation total 14001024K, used 8139348K [0x0000000469720000, 0x00000007c0000000, 0x00000007c0000000)
 Metaspace       used 44936K, capacity 46232K, committed 46652K, reserved 1091584K
  class space    used 4916K, capacity 5189K, committed 5268K, reserved 1048576K
}
2017-04-16T11:19:45.298-0700: 137709.557: Total time for which application threads were stopped: 0.0178923 seconds, Stopping threads took: 0.0001543 seconds
{Heap before GC invocations=12758 (full 18):
 par new generation   total 1800000K, used 1607737K [0x00000003ef600000, 0x0000000469720000, 0x0000000469720000)
  eden space 1600000K, 100% used [0x00000003ef600000, 0x0000000451080000, 0x0000000451080000)
  from space 200000K,   3% used [0x0000000451080000, 0x000000045180e680, 0x000000045d3d0000)
  to   space 200000K,   0% used [0x000000045d3d0000, 0x000000045d3d0000, 0x0000000469720000)
 concurrent mark-sweep generation total 14001024K, used 8139348K [0x0000000469720000, 0x00000007c0000000, 0x00000007c0000000)
 Metaspace       used 44936K, capacity 46232K, committed 46652K, reserved 1091584K
  class space    used 4916K, capacity 5189K, committed 5268K, reserved 1048576K
2017-04-16T11:19:59.520-0700: 137723.779: [GC (Allocation Failure) Before GC:
Statistics for BinaryTreeDictionary:
------------------------------------
Total Free Space: 171254036
Max   Chunk Size: 1128311
Number of Blocks: 77075
Av.  Block  Size: 2221
Tree      Height: 110
2017-04-16T11:19:59.521-0700: 137723.780: [ParNew
Desired survivor size 102400000 bytes, new threshold 1 (max 1)
- age   1:   10749664 bytes,   10749664 total
: 1607737K->10864K(1800000K), 0.0128947 secs] 9747085K->8152393K(15801024K)After GC:
Statistics for BinaryTreeDictionary:
------------------------------------
Total Free Space: 171091875
Max   Chunk Size: 1128311
Number of Blocks: 77053
Av.  Block  Size: 2220
Tree      Height: 110
, 0.0141910 secs] [Times: user=0.33 sys=0.00, real=0.01 secs] 
Heap after GC invocations=12759 (full 18):
 par new generation   total 1800000K, used 10864K [0x00000003ef600000, 0x0000000469720000, 0x0000000469720000)
  eden space 1600000K,   0% used [0x00000003ef600000, 0x00000003ef600000, 0x0000000451080000)
  from space 200000K,   5% used [0x000000045d3d0000, 0x000000045de6c068, 0x0000000469720000)
  to   space 200000K,   0% used [0x0000000451080000, 0x0000000451080000, 0x000000045d3d0000)
 concurrent mark-sweep generation total 14001024K, used 8141529K [0x0000000469720000, 0x00000007c0000000, 0x00000007c0000000)
 Metaspace       used 44936K, capacity 46232K, committed 46652K, reserved 1091584K
  class space    used 4916K, capacity 5189K, committed 5268K, reserved 1048576K
}
2017-04-16T11:19:59.534-0700: 137723.794: Total time for which application threads were stopped: 0.0153108 seconds, Stopping threads took: 0.0001625 seconds
2017-04-16T11:20:07.305-0700: 137731.564: Total time for which application threads were stopped: 0.0021796 seconds, Stopping threads took: 0.0001487 seconds
{Heap before GC invocations=12759 (full 18):
 par new generation   total 1800000K, used 1610864K [0x00000003ef600000, 0x0000000469720000, 0x0000000469720000)
  eden space 1600000K, 100% used [0x00000003ef600000, 0x0000000451080000, 0x0000000451080000)
  from space 200000K,   5% used [0x000000045d3d0000, 0x000000045de6c068, 0x0000000469720000)
  to   space 200000K,   0% used [0x0000000451080000, 0x0000000451080000, 0x000000045d3d0000)
 concurrent mark-sweep generation total 14001024K, used 8141529K [0x0000000469720000, 0x00000007c0000000, 0x00000007c0000000)
 Metaspace       used 44936K, capacity 46232K, committed 46652K, reserved 1091584K
  class space    used 4916K, capacity 5189K, committed 5268K, reserved 1048576K
2017-04-16T11:20:13.231-0700: 137737.490: [GC (Allocation Failure) Before GC:
Statistics for BinaryTreeDictionary:
------------------------------------
Total Free Space: 171091875
Max   Chunk Size: 1128311
Number of Blocks: 77053
Av.  Block  Size: 2220
Tree      Height: 110
2017-04-16T11:20:13.232-0700: 137737.491: [ParNew
Desired survivor size 102400000 bytes, new threshold 1 (max 1)
- age   1:    6210472 bytes,    6210472 total
: 1610864K->6837K(1800000K), 0.0129321 secs] 9752393K->8154251K(15801024K)After GC:
Statistics for BinaryTreeDictionary:
------------------------------------
Total Free Space: 170541734
Max   Chunk Size: 1128311
Number of Blocks: 77038
Av.  Block  Size: 2213
Tree      Height: 110
, 0.0142589 secs] [Times: user=0.32 sys=0.00, real=0.01 secs] 
Heap after GC invocations=12760 (full 18):
 par new generation   total 1800000K, used 6837K [0x00000003ef600000, 0x0000000469720000, 0x0000000469720000)
  eden space 1600000K,   0% used [0x00000003ef600000, 0x00000003ef600000, 0x0000000451080000)
  from space 200000K,   3% used [0x0000000451080000, 0x000000045172d750, 0x000000045d3d0000)
  to   space 200000K,   0% used [0x000000045d3d0000, 0x000000045d3d0000, 0x0000000469720000)
 concurrent mark-sweep generation total 14001024K, used 8147413K [0x0000000469720000, 0x00000007c0000000, 0x00000007c0000000)
 Metaspace       used 44936K, capacity 46232K, committed 46652K, reserved 1091584K
  class space    used 4916K, capacity 5189K, committed 5268K, reserved 1048576K
}
2017-04-16T11:20:13.245-0700: 137737.505: Total time for which application threads were stopped: 0.0153642 seconds, Stopping threads took: 0.0001599 seconds
{Heap before GC invocations=12760 (full 18):
 par new generation   total 1800000K, used 1606837K [0x00000003ef600000, 0x0000000469720000, 0x0000000469720000)
  eden space 1600000K, 100% used [0x00000003ef600000, 0x0000000451080000, 0x0000000451080000)
  from space 200000K,   3% used [0x0000000451080000, 0x000000045172d750, 0x000000045d3d0000)
  to   space 200000K,   0% used [0x000000045d3d0000, 0x000000045d3d0000, 0x0000000469720000)
 concurrent mark-sweep generation total 14001024K, used 8147413K [0x0000000469720000, 0x00000007c0000000, 0x00000007c0000000)
 Metaspace       used 44936K, capacity 46232K, committed 46652K, reserved 1091584K
  class space    used 4916K, capacity 5189K, committed 5268K, reserved 1048576K
2017-04-16T11:20:26.875-0700: 137751.134: [GC (Allocation Failure) Before GC:
Statistics for BinaryTreeDictionary:
------------------------------------
Total Free Space: 170541734
Max   Chunk Size: 1128311
Number of Blocks: 77038
Av.  Block  Size: 2213
Tree      Height: 110
2017-04-16T11:20:26.875-0700: 137751.135: [ParNew
Desired survivor size 102400000 bytes, new threshold 1 (max 1)
- age   1:    7709672 bytes,    7709672 total
: 1606837K->8191K(1800000K), 0.0124649 secs] 9754251K->8157043K(15801024K)After GC:
Statistics for BinaryTreeDictionary:
------------------------------------
Total Free Space: 170504426
Max   Chunk Size: 1128311
Number of Blocks: 76999
Av.  Block  Size: 2214
Tree      Height: 110
, 0.0137719 secs] [Times: user=0.30 sys=0.00, real=0.01 secs] 
Heap after GC invocations=12761 (full 18):
 par new generation   total 1800000K, used 8191K [0x00000003ef600000, 0x0000000469720000, 0x0000000469720000)
  eden space 1600000K,   0% used [0x00000003ef600000, 0x00000003ef600000, 0x0000000451080000)
  from space 200000K,   4% used [0x000000045d3d0000, 0x000000045dbcffe8, 0x0000000469720000)
  to   space 200000K,   0% used [0x0000000451080000, 0x0000000451080000, 0x000000045d3d0000)
 concurrent mark-sweep generation total 14001024K, used 8148851K [0x0000000469720000, 0x00000007c0000000, 0x00000007c0000000)
 Metaspace       used 44936K, capacity 46232K, committed 46652K, reserved 1091584K
  class space    used 4916K, capacity 5189K, committed 5268K, reserved 1048576K
}
2017-04-16T11:20:26.889-0700: 137751.148: Total time for which application threads were stopped: 0.0148575 seconds, Stopping threads took: 0.0001568 seconds
2017-04-16T11:20:27.536-0700: 137751.796: Total time for which application threads were stopped: 0.0009051 seconds, Stopping threads took: 0.0001546 seconds
2017-04-16T11:20:39.617-0700: 137763.876: Total time for which application threads were stopped: 0.0021575 seconds, Stopping threads took: 0.0001439 seconds
{Heap before GC invocations=12761 (full 18):
 par new generation   total 1800000K, used 1608191K [0x00000003ef600000, 0x0000000469720000, 0x0000000469720000)
  eden space 1600000K, 100% used [0x00000003ef600000, 0x0000000451080000, 0x0000000451080000)
  from space 200000K,   4% used [0x000000045d3d0000, 0x000000045dbcffe8, 0x0000000469720000)
  to   space 200000K,   0% used [0x0000000451080000, 0x0000000451080000, 0x000000045d3d0000)
 concurrent mark-sweep generation total 14001024K, used 8148851K [0x0000000469720000, 0x00000007c0000000, 0x00000007c0000000)
 Metaspace       used 44936K, capacity 46232K, committed 46652K, reserved 1091584K
  class space    used 4916K, capacity 5189K, committed 5268K, reserved 1048576K
2017-04-16T11:20:40.027-0700: 137764.287: [GC (Allocation Failure) Before GC:
Statistics for BinaryTreeDictionary:
------------------------------------
Total Free Space: 170504426
Max   Chunk Size: 1128311
Number of Blocks: 76999
Av.  Block  Size: 2214
Tree      Height: 110
2017-04-16T11:20:40.028-0700: 137764.287: [ParNew
Desired survivor size 102400000 bytes, new threshold 1 (max 1)
- age   1:    6988680 bytes,    6988680 total
: 1608191K->7649K(1800000K), 0.0126113 secs] 9757043K->8157902K(15801024K)After GC:
Statistics for BinaryTreeDictionary:
------------------------------------
Total Free Space: 170473628
Max   Chunk Size: 1128311
Number of Blocks: 76970
Av.  Block  Size: 2214
Tree      Height: 110
, 0.0139035 secs] [Times: user=0.31 sys=0.00, real=0.02 secs] 
Heap after GC invocations=12762 (full 18):
 par new generation   total 1800000K, used 7649K [0x00000003ef600000, 0x0000000469720000, 0x0000000469720000)
  eden space 1600000K,   0% used [0x00000003ef600000, 0x00000003ef600000, 0x0000000451080000)
  from space 200000K,   3% used [0x0000000451080000, 0x00000004517f8638, 0x000000045d3d0000)
  to   space 200000K,   0% used [0x000000045d3d0000, 0x000000045d3d0000, 0x0000000469720000)
 concurrent mark-sweep generation total 14001024K, used 8150252K [0x0000000469720000, 0x00000007c0000000, 0x00000007c0000000)
 Metaspace       used 44936K, capacity 46232K, committed 46652K, reserved 1091584K
  class space    used 4916K, capacity 5189K, committed 5268K, reserved 1048576K
}
2017-04-16T11:20:40.041-0700: 137764.301: Total time for which application threads were stopped: 0.0149847 seconds, Stopping threads took: 0.0001478 seconds
{Heap before GC invocations=12762 (full 18):
 par new generation   total 1800000K, used 1607649K [0x00000003ef600000, 0x0000000469720000, 0x0000000469720000)
  eden space 1600000K, 100% used [0x00000003ef600000, 0x0000000451080000, 0x0000000451080000)
  from space 200000K,   3% used [0x0000000451080000, 0x00000004517f8638, 0x000000045d3d0000)
  to   space 200000K,   0% used [0x000000045d3d0000, 0x000000045d3d0000, 0x0000000469720000)
 concurrent mark-sweep generation total 14001024K, used 8150252K [0x0000000469720000, 0x00000007c0000000, 0x00000007c0000000)
 Metaspace       used 44936K, capacity 46232K, committed 46652K, reserved 1091584K
  class space    used 4916K, capacity 5189K, committed 5268K, reserved 1048576K
2017-04-16T11:20:52.277-0700: 137776.537: [GC (Allocation Failure) Before GC:
Statistics for BinaryTreeDictionary:
------------------------------------
Total Free Space: 170473628
Max   Chunk Size: 1128311
Number of Blocks: 76970
Av.  Block  Size: 2214
Tree      Height: 110
2017-04-16T11:20:52.278-0700: 137776.537: [ParNew
Desired survivor size 102400000 bytes, new threshold 1 (max 1)
- age   1:    6907504 bytes,    6907504 total
: 1607649K->7570K(1800000K), 0.0126164 secs] 9757902K->8159785K(15801024K)After GC:
Statistics for BinaryTreeDictionary:
------------------------------------
Total Free Space: 170408089
Max   Chunk Size: 1128311
Number of Blocks: 76945
Av.  Block  Size: 2214
Tree      Height: 110
, 0.0139037 secs] [Times: user=0.31 sys=0.00, real=0.01 secs] 
Heap after GC invocations=12763 (full 18):
 par new generation   total 1800000K, used 7570K [0x00000003ef600000, 0x0000000469720000, 0x0000000469720000)
  eden space 1600000K,   0% used [0x00000003ef600000, 0x00000003ef600000, 0x0000000451080000)
  from space 200000K,   3% used [0x000000045d3d0000, 0x000000045db34960, 0x0000000469720000)
  to   space 200000K,   0% used [0x0000000451080000, 0x0000000451080000, 0x000000045d3d0000)
 concurrent mark-sweep generation total 14001024K, used 8152215K [0x0000000469720000, 0x00000007c0000000, 0x00000007c0000000)
 Metaspace       used 44936K, capacity 46232K, committed 46652K, reserved 1091584K
  class space    used 4916K, capacity 5189K, committed 5268K, reserved 1048576K
}
2017-04-16T11:20:52.292-0700: 137776.551: Total time for which application threads were stopped: 0.0149839 seconds, Stopping threads took: 0.0001503 seconds
{Heap before GC invocations=12763 (full 18):
 par new generation   total 1800000K, used 1607570K [0x00000003ef600000, 0x0000000469720000, 0x0000000469720000)
  eden space 1600000K, 100% used [0x00000003ef600000, 0x0000000451080000, 0x0000000451080000)
  from space 200000K,   3% used [0x000000045d3d0000, 0x000000045db34960, 0x0000000469720000)
  to   space 200000K,   0% used [0x0000000451080000, 0x0000000451080000, 0x000000045d3d0000)
 concurrent mark-sweep generation total 14001024K, used 8152215K [0x0000000469720000, 0x00000007c0000000, 0x00000007c0000000)
 Metaspace       used 44936K, capacity 46232K, committed 46652K, reserved 1091584K
  class space    used 4916K, capacity 5189K, committed 5268K, reserved 1048576K
2017-04-16T11:21:05.613-0700: 137789.873: [GC (Allocation Failure) Before GC:
Statistics for BinaryTreeDictionary:
------------------------------------
Total Free Space: 170408089
Max   Chunk Size: 1128311
Number of Blocks: 76945
Av.  Block  Size: 2214
Tree      Height: 110
2017-04-16T11:21:05.614-0700: 137789.873: [ParNew
Desired survivor size 102400000 bytes, new threshold 1 (max 1)
- age   1:    6158376 bytes,    6158376 total
: 1607570K->6692K(1800000K), 0.0122579 secs] 9759785K->8160666K(15801024K)After GC:
Statistics for BinaryTreeDictionary:
------------------------------------
Total Free Space: 170319042
Max   Chunk Size: 1128311
Number of Blocks: 76907
Av.  Block  Size: 2214
Tree      Height: 110
, 0.0135455 secs] [Times: user=0.29 sys=0.01, real=0.02 secs] 
Heap after GC invocations=12764 (full 18):
 par new generation   total 1800000K, used 6692K [0x00000003ef600000, 0x0000000469720000, 0x0000000469720000)
  eden space 1600000K,   0% used [0x00000003ef600000, 0x00000003ef600000, 0x0000000451080000)
  from space 200000K,   3% used [0x0000000451080000, 0x0000000451709318, 0x000000045d3d0000)
  to   space 200000K,   0% used [0x000000045d3d0000, 0x000000045d3d0000, 0x0000000469720000)
 concurrent mark-sweep generation total 14001024K, used 8153973K [0x0000000469720000, 0x00000007c0000000, 0x00000007c0000000)
 Metaspace       used 44936K, capacity 46232K, committed 46652K, reserved 1091584K
  class space    used 4916K, capacity 5189K, committed 5268K, reserved 1048576K
}
2017-04-16T11:21:05.627-0700: 137789.887: Total time for which application threads were stopped: 0.0146407 seconds, Stopping threads took: 0.0001486 seconds
{Heap before GC invocations=12764 (full 18):
 par new generation   total 1800000K, used 1606692K [0x00000003ef600000, 0x0000000469720000, 0x0000000469720000)
  eden space 1600000K, 100% used [0x00000003ef600000, 0x0000000451080000, 0x0000000451080000)
  from space 200000K,   3% used [0x0000000451080000, 0x0000000451709318, 0x000000045d3d0000)
  to   space 200000K,   0% used [0x000000045d3d0000, 0x000000045d3d0000, 0x0000000469720000)
 concurrent mark-sweep generation total 14001024K, used 8153973K [0x0000000469720000, 0x00000007c0000000, 0x00000007c0000000)
 Metaspace       used 44936K, capacity 46232K, committed 46652K, reserved 1091584K
  class space    used 4916K, capacity 5189K, committed 5268K, reserved 1048576K
2017-04-16T11:21:19.151-0700: 137803.410: [GC (Allocation Failure) Before GC:
Statistics for BinaryTreeDictionary:
------------------------------------
Total Free Space: 170319042
Max   Chunk Size: 1128311
Number of Blocks: 76907
Av.  Block  Size: 2214
Tree      Height: 110
2017-04-16T11:21:19.151-0700: 137803.410: [ParNew
Desired survivor size 102400000 bytes, new threshold 1 (max 1)
- age   1:    5936968 bytes,    5936968 total
: 1606692K->6372K(1800000K), 0.0124515 secs] 9760666K->8161737K(15801024K)After GC:
Statistics for BinaryTreeDictionary:
------------------------------------
Total Free Space: 170295083
Max   Chunk Size: 1128311
Number of Blocks: 76895
Av.  Block  Size: 2214
Tree      Height: 110
, 0.0137636 secs] [Times: user=0.31 sys=0.00, real=0.01 secs] 
Heap after GC invocations=12765 (full 18):
 par new generation   total 1800000K, used 6372K [0x00000003ef600000, 0x0000000469720000, 0x0000000469720000)
  eden space 1600000K,   0% used [0x00000003ef600000, 0x00000003ef600000, 0x0000000451080000)
  from space 200000K,   3% used [0x000000045d3d0000, 0x000000045da09208, 0x0000000469720000)
  to   space 200000K,   0% used [0x0000000451080000, 0x0000000451080000, 0x000000045d3d0000)
 concurrent mark-sweep generation total 14001024K, used 8155365K [0x0000000469720000, 0x00000007c0000000, 0x00000007c0000000)
 Metaspace       used 44936K, capacity 46232K, committed 46652K, reserved 1091584K
  class space    used 4916K, capacity 5189K, committed 5268K, reserved 1048576K
}
2017-04-16T11:21:19.164-0700: 137803.424: Total time for which application threads were stopped: 0.0148492 seconds, Stopping threads took: 0.0001508 seconds
{Heap before GC invocations=12765 (full 18):
 par new generation   total 1800000K, used 1606372K [0x00000003ef600000, 0x0000000469720000, 0x0000000469720000)
  eden space 1600000K, 100% used [0x00000003ef600000, 0x0000000451080000, 0x0000000451080000)
  from space 200000K,   3% used [0x000000045d3d0000, 0x000000045da09208, 0x0000000469720000)
  to   space 200000K,   0% used [0x0000000451080000, 0x0000000451080000, 0x000000045d3d0000)
 concurrent mark-sweep generation total 14001024K, used 8155365K [0x0000000469720000, 0x00000007c0000000, 0x00000007c0000000)
 Metaspace       used 44936K, capacity 46232K, committed 46652K, reserved 1091584K
  class space    used 4916K, capacity 5189K, committed 5268K, reserved 1048576K
2017-04-16T11:21:32.305-0700: 137816.564: [GC (Allocation Failure) Before GC:
Statistics for BinaryTreeDictionary:
------------------------------------
Total Free Space: 170295083
Max   Chunk Size: 1128311
Number of Blocks: 76895
Av.  Block  Size: 2214
Tree      Height: 110
2017-04-16T11:21:32.306-0700: 137816.565: [ParNew
Desired survivor size 102400000 bytes, new threshold 1 (max 1)
- age   1:   13101888 bytes,   13101888 total
: 1606372K->13242K(1800000K), 0.0122675 secs] 9761737K->8169658K(15801024K)After GC:
Statistics for BinaryTreeDictionary:
------------------------------------
Total Free Space: 170280011
Max   Chunk Size: 1128311
Number of Blocks: 76871
Av.  Block  Size: 2215
Tree      Height: 110
, 0.0135554 secs] [Times: user=0.30 sys=0.00, real=0.01 secs] 
Heap after GC invocations=12766 (full 18):
 par new generation   total 1800000K, used 13242K [0x00000003ef600000, 0x0000000469720000, 0x0000000469720000)
  eden space 1600000K,   0% used [0x00000003ef600000, 0x00000003ef600000, 0x0000000451080000)
  from space 200000K,   6% used [0x0000000451080000, 0x0000000451d6eb60, 0x000000045d3d0000)
  to   space 200000K,   0% used [0x000000045d3d0000, 0x000000045d3d0000, 0x0000000469720000)
 concurrent mark-sweep generation total 14001024K, used 8156415K [0x0000000469720000, 0x00000007c0000000, 0x00000007c0000000)
 Metaspace       used 44936K, capacity 46232K, committed 46652K, reserved 1091584K
  class space    used 4916K, capacity 5189K, committed 5268K, reserved 1048576K
}
2017-04-16T11:21:32.319-0700: 137816.578: Total time for which application threads were stopped: 0.0146429 seconds, Stopping threads took: 0.0001513 seconds
{Heap before GC invocations=12766 (full 18):
 par new generation   total 1800000K, used 1613242K [0x00000003ef600000, 0x0000000469720000, 0x0000000469720000)
  eden space 1600000K, 100% used [0x00000003ef600000, 0x0000000451080000, 0x0000000451080000)
  from space 200000K,   6% used [0x0000000451080000, 0x0000000451d6eb60, 0x000000045d3d0000)
  to   space 200000K,   0% used [0x000000045d3d0000, 0x000000045d3d0000, 0x0000000469720000)
 concurrent mark-sweep generation total 14001024K, used 8156415K [0x0000000469720000, 0x00000007c0000000, 0x00000007c0000000)
 Metaspace       used 44936K, capacity 46232K, committed 46652K, reserved 1091584K
  class space    used 4916K, capacity 5189K, committed 5268K, reserved 1048576K
2017-04-16T11:21:45.719-0700: 137829.978: [GC (Allocation Failure) Before GC:
Statistics for BinaryTreeDictionary:
------------------------------------
Total Free Space: 170280011
Max   Chunk Size: 1128311
Number of Blocks: 76871
Av.  Block  Size: 2215
Tree      Height: 110
2017-04-16T11:21:45.720-0700: 137829.979: [ParNew
Desired survivor size 102400000 bytes, new threshold 1 (max 1)
- age   1:    7135712 bytes,    7135712 total
: 1613242K->10257K(1800000K), 0.0206311 secs] 9769658K->8174023K(15801024K)After GC:
Statistics for BinaryTreeDictionary:
------------------------------------
Total Free Space: 170228273
Max   Chunk Size: 1128311
Number of Blocks: 76839
Av.  Block  Size: 2215
Tree      Height: 110
, 0.0219419 secs] [Times: user=0.32 sys=0.00, real=0.02 secs] 
Heap after GC invocations=12767 (full 18):
 par new generation   total 1800000K, used 10257K [0x00000003ef600000, 0x0000000469720000, 0x0000000469720000)
  eden space 1600000K,   0% used [0x00000003ef600000, 0x00000003ef600000, 0x0000000451080000)
  from space 200000K,   5% used [0x000000045d3d0000, 0x000000045ddd4680, 0x0000000469720000)
  to   space 200000K,   0% used [0x0000000451080000, 0x0000000451080000, 0x000000045d3d0000)
 concurrent mark-sweep generation total 14001024K, used 8163766K [0x0000000469720000, 0x00000007c0000000, 0x00000007c0000000)
 Metaspace       used 44936K, capacity 46232K, committed 46652K, reserved 1091584K
  class space    used 4916K, capacity 5189K, committed 5268K, reserved 1048576K
}
2017-04-16T11:21:45.741-0700: 137830.001: Total time for which application threads were stopped: 0.0230171 seconds, Stopping threads took: 0.0001503 seconds
{Heap before GC invocations=12767 (full 18):
 par new generation   total 1800000K, used 1610257K [0x00000003ef600000, 0x0000000469720000, 0x0000000469720000)
  eden space 1600000K, 100% used [0x00000003ef600000, 0x0000000451080000, 0x0000000451080000)
  from space 200000K,   5% used [0x000000045d3d0000, 0x000000045ddd4680, 0x0000000469720000)
  to   space 200000K,   0% used [0x0000000451080000, 0x0000000451080000, 0x000000045d3d0000)
 concurrent mark-sweep generation total 14001024K, used 8163766K [0x0000000469720000, 0x00000007c0000000, 0x00000007c0000000)
 Metaspace       used 44936K, capacity 46232K, committed 46652K, reserved 1091584K
  class space    used 4916K, capacity 5189K, committed 5268K, reserved 1048576K
2017-04-16T11:21:59.873-0700: 137844.132: [GC (Allocation Failure) Before GC:
Statistics for BinaryTreeDictionary:
------------------------------------
Total Free Space: 170228273
Max   Chunk Size: 1128311
Number of Blocks: 76839
Av.  Block  Size: 2215
Tree      Height: 110
2017-04-16T11:21:59.874-0700: 137844.133: [ParNew
Desired survivor size 102400000 bytes, new threshold 1 (max 1)
- age   1:    7233848 bytes,    7233848 total
: 1610257K->8068K(1800000K), 0.0125496 secs] 9774023K->8172799K(15801024K)After GC:
Statistics for BinaryTreeDictionary:
------------------------------------
Total Free Space: 170220737
Max   Chunk Size: 1128311
Number of Blocks: 76827
Av.  Block  Size: 2215
Tree      Height: 110
, 0.0138213 secs] [Times: user=0.31 sys=0.01, real=0.02 secs] 
Heap after GC invocations=12768 (full 18):
 par new generation   total 1800000K, used 8068K [0x00000003ef600000, 0x0000000469720000, 0x0000000469720000)
  eden space 1600000K,   0% used [0x00000003ef600000, 0x00000003ef600000, 0x0000000451080000)
  from space 200000K,   4% used [0x0000000451080000, 0x0000000451861018, 0x000000045d3d0000)
  to   space 200000K,   0% used [0x000000045d3d0000, 0x000000045d3d0000, 0x0000000469720000)
 concurrent mark-sweep generation total 14001024K, used 8164731K [0x0000000469720000, 0x00000007c0000000, 0x00000007c0000000)
 Metaspace       used 44936K, capacity 46232K, committed 46652K, reserved 1091584K
  class space    used 4916K, capacity 5189K, committed 5268K, reserved 1048576K
}
2017-04-16T11:21:59.887-0700: 137844.146: Total time for which application threads were stopped: 0.0149006 seconds, Stopping threads took: 0.0001541 seconds
2017-04-16T11:22:09.619-0700: 137853.878: Total time for which application threads were stopped: 0.0021179 seconds, Stopping threads took: 0.0001454 seconds
{Heap before GC invocations=12768 (full 18):
 par new generation   total 1800000K, used 1608068K [0x00000003ef600000, 0x0000000469720000, 0x0000000469720000)
  eden space 1600000K, 100% used [0x00000003ef600000, 0x0000000451080000, 0x0000000451080000)
  from space 200000K,   4% used [0x0000000451080000, 0x0000000451861018, 0x000000045d3d0000)
  to   space 200000K,   0% used [0x000000045d3d0000, 0x000000045d3d0000, 0x0000000469720000)
 concurrent mark-sweep generation total 14001024K, used 8164731K [0x0000000469720000, 0x00000007c0000000, 0x00000007c0000000)
 Metaspace       used 44936K, capacity 46232K, committed 46652K, reserved 1091584K
  class space    used 4916K, capacity 5189K, committed 5268K, reserved 1048576K
2017-04-16T11:22:11.486-0700: 137855.745: [GC (Allocation Failure) Before GC:
Statistics for BinaryTreeDictionary:
------------------------------------
Total Free Space: 170220737
Max   Chunk Size: 1128311
Number of Blocks: 76827
Av.  Block  Size: 2215
Tree      Height: 110
2017-04-16T11:22:11.487-0700: 137855.746: [ParNew
Desired survivor size 102400000 bytes, new threshold 1 (max 1)
- age   1:    6674320 bytes,    6674320 total
: 1608068K->7431K(1800000K), 0.0118495 secs] 9772799K->8173464K(15801024K)After GC:
Statistics for BinaryTreeDictionary:
------------------------------------
Total Free Space: 170196778
Max   Chunk Size: 1128311
Number of Blocks: 76815
Av.  Block  Size: 2215
Tree      Height: 110
, 0.0131361 secs] [Times: user=0.29 sys=0.00, real=0.01 secs] 
Heap after GC invocations=12769 (full 18):
 par new generation   total 1800000K, used 7431K [0x00000003ef600000, 0x0000000469720000, 0x0000000469720000)
  eden space 1600000K,   0% used [0x00000003ef600000, 0x00000003ef600000, 0x0000000451080000)
  from space 200000K,   3% used [0x000000045d3d0000, 0x000000045db11c48, 0x0000000469720000)
  to   space 200000K,   0% used [0x0000000451080000, 0x0000000451080000, 0x000000045d3d0000)
 concurrent mark-sweep generation total 14001024K, used 8166033K [0x0000000469720000, 0x00000007c0000000, 0x00000007c0000000)
 Metaspace       used 44936K, capacity 46232K, committed 46652K, reserved 1091584K
  class space    used 4916K, capacity 5189K, committed 5268K, reserved 1048576K
}
2017-04-16T11:22:11.499-0700: 137855.759: Total time for which application threads were stopped: 0.0142461 seconds, Stopping threads took: 0.0001699 seconds
{Heap before GC invocations=12769 (full 18):
 par new generation   total 1800000K, used 1607431K [0x00000003ef600000, 0x0000000469720000, 0x0000000469720000)
  eden space 1600000K, 100% used [0x00000003ef600000, 0x0000000451080000, 0x0000000451080000)
  from space 200000K,   3% used [0x000000045d3d0000, 0x000000045db11c48, 0x0000000469720000)
  to   space 200000K,   0% used [0x0000000451080000, 0x0000000451080000, 0x000000045d3d0000)
 concurrent mark-sweep generation total 14001024K, used 8166033K [0x0000000469720000, 0x00000007c0000000, 0x00000007c0000000)
 Metaspace       used 44936K, capacity 46232K, committed 46652K, reserved 1091584K
  class space    used 4916K, capacity 5189K, committed 5268K, reserved 1048576K
2017-04-16T11:22:24.871-0700: 137869.130: [GC (Allocation Failure) Before GC:
Statistics for BinaryTreeDictionary:
------------------------------------
Total Free Space: 170196778
Max   Chunk Size: 1128311
Number of Blocks: 76815
Av.  Block  Size: 2215
Tree      Height: 110
2017-04-16T11:22:24.872-0700: 137869.131: [ParNew
Desired survivor size 102400000 bytes, new threshold 1 (max 1)
- age   1:    6162920 bytes,    6162920 total
: 1607431K->6841K(1800000K), 0.0117155 secs] 9773464K->8174354K(15801024K)After GC:
Statistics for BinaryTreeDictionary:
------------------------------------
Total Free Space: 170117905
Max   Chunk Size: 1128311
Number of Blocks: 76770
Av.  Block  Size: 2215
Tree      Height: 110
, 0.0129934 secs] [Times: user=0.29 sys=0.00, real=0.01 secs] 
Heap after GC invocations=12770 (full 18):
 par new generation   total 1800000K, used 6841K [0x00000003ef600000, 0x0000000469720000, 0x0000000469720000)
  eden space 1600000K,   0% used [0x00000003ef600000, 0x00000003ef600000, 0x0000000451080000)
  from space 200000K,   3% used [0x0000000451080000, 0x000000045172e708, 0x000000045d3d0000)
  to   space 200000K,   0% used [0x000000045d3d0000, 0x000000045d3d0000, 0x0000000469720000)
 concurrent mark-sweep generation total 14001024K, used 8167512K [0x0000000469720000, 0x00000007c0000000, 0x00000007c0000000)
 Metaspace       used 44936K, capacity 46232K, committed 46652K, reserved 1091584K
  class space    used 4916K, capacity 5189K, committed 5268K, reserved 1048576K
}
2017-04-16T11:22:24.884-0700: 137869.143: Total time for which application threads were stopped: 0.0140695 seconds, Stopping threads took: 0.0001464 seconds
{Heap before GC invocations=12770 (full 18):
 par new generation   total 1800000K, used 1606841K [0x00000003ef600000, 0x0000000469720000, 0x0000000469720000)
  eden space 1600000K, 100% used [0x00000003ef600000, 0x0000000451080000, 0x0000000451080000)
  from space 200000K,   3% used [0x0000000451080000, 0x000000045172e708, 0x000000045d3d0000)
  to   space 200000K,   0% used [0x000000045d3d0000, 0x000000045d3d0000, 0x0000000469720000)
 concurrent mark-sweep generation total 14001024K, used 8167512K [0x0000000469720000, 0x00000007c0000000, 0x00000007c0000000)
 Metaspace       used 44936K, capacity 46232K, committed 46652K, reserved 1091584K
  class space    used 4916K, capacity 5189K, committed 5268K, reserved 1048576K
2017-04-16T11:22:37.968-0700: 137882.227: [GC (Allocation Failure) Before GC:
Statistics for BinaryTreeDictionary:
------------------------------------
Total Free Space: 170117905
Max   Chunk Size: 1128311
Number of Blocks: 76770
Av.  Block  Size: 2215
Tree      Height: 110
2017-04-16T11:22:37.969-0700: 137882.228: [ParNew
Desired survivor size 102400000 bytes, new threshold 1 (max 1)
- age   1:    6381368 bytes,    6381368 total
: 1606841K->6616K(1800000K), 0.0119111 secs] 9774354K->8175412K(15801024K)After GC:
Statistics for BinaryTreeDictionary:
------------------------------------
Total Free Space: 170075603
Max   Chunk Size: 1128311
Number of Blocks: 76755
Av.  Block  Size: 2215
Tree      Height: 110
, 0.0131935 secs] [Times: user=0.30 sys=0.00, real=0.02 secs] 
Heap after GC invocations=12771 (full 18):
 par new generation   total 1800000K, used 6616K [0x00000003ef600000, 0x0000000469720000, 0x0000000469720000)
  eden space 1600000K,   0% used [0x00000003ef600000, 0x00000003ef600000, 0x0000000451080000)
  from space 200000K,   3% used [0x000000045d3d0000, 0x000000045da46248, 0x0000000469720000)
  to   space 200000K,   0% used [0x0000000451080000, 0x0000000451080000, 0x000000045d3d0000)
 concurrent mark-sweep generation total 14001024K, used 8168795K [0x0000000469720000, 0x00000007c0000000, 0x00000007c0000000)
 Metaspace       used 44936K, capacity 46232K, committed 46652K, reserved 1091584K
  class space    used 4916K, capacity 5189K, committed 5268K, reserved 1048576K
}
2017-04-16T11:22:37.981-0700: 137882.241: Total time for which application threads were stopped: 0.0142763 seconds, Stopping threads took: 0.0001516 seconds
{Heap before GC invocations=12771 (full 18):
 par new generation   total 1800000K, used 1606616K [0x00000003ef600000, 0x0000000469720000, 0x0000000469720000)
  eden space 1600000K, 100% used [0x00000003ef600000, 0x0000000451080000, 0x0000000451080000)
  from space 200000K,   3% used [0x000000045d3d0000, 0x000000045da46248, 0x0000000469720000)
  to   space 200000K,   0% used [0x0000000451080000, 0x0000000451080000, 0x000000045d3d0000)
 concurrent mark-sweep generation total 14001024K, used 8168795K [0x0000000469720000, 0x00000007c0000000, 0x00000007c0000000)
 Metaspace       used 44936K, capacity 46232K, committed 46652K, reserved 1091584K
  class space    used 4916K, capacity 5189K, committed 5268K, reserved 1048576K
2017-04-16T11:22:51.698-0700: 137895.958: [GC (Allocation Failure) Before GC:
Statistics for BinaryTreeDictionary:
------------------------------------
Total Free Space: 170075603
Max   Chunk Size: 1128311
Number of Blocks: 76755
Av.  Block  Size: 2215
Tree      Height: 110
2017-04-16T11:22:51.699-0700: 137895.958: [ParNew
Desired survivor size 102400000 bytes, new threshold 1 (max 1)
- age   1:    6340736 bytes,    6340736 total
: 1606616K->6748K(1800000K), 0.0121331 secs] 9775412K->8176903K(15801024K)After GC:
Statistics for BinaryTreeDictionary:
------------------------------------
Total Free Space: 170032081
Max   Chunk Size: 1128311
Number of Blocks: 76738
Av.  Block  Size: 2215
Tree      Height: 110
, 0.0134425 secs] [Times: user=0.30 sys=0.01, real=0.02 secs] 
Heap after GC invocations=12772 (full 18):
 par new generation   total 1800000K, used 6748K [0x00000003ef600000, 0x0000000469720000, 0x0000000469720000)
  eden space 1600000K,   0% used [0x00000003ef600000, 0x00000003ef600000, 0x0000000451080000)
  from space 200000K,   3% used [0x0000000451080000, 0x00000004517171f8, 0x000000045d3d0000)
  to   space 200000K,   0% used [0x000000045d3d0000, 0x000000045d3d0000, 0x0000000469720000)
 concurrent mark-sweep generation total 14001024K, used 8170154K [0x0000000469720000, 0x00000007c0000000, 0x00000007c0000000)
 Metaspace       used 44936K, capacity 46232K, committed 46652K, reserved 1091584K
  class space    used 4916K, capacity 5189K, committed 5268K, reserved 1048576K
}
2017-04-16T11:22:51.712-0700: 137895.971: Total time for which application threads were stopped: 0.0145236 seconds, Stopping threads took: 0.0001507 seconds
{Heap before GC invocations=12772 (full 18):
 par new generation   total 1800000K, used 1606748K [0x00000003ef600000, 0x0000000469720000, 0x0000000469720000)
  eden space 1600000K, 100% used [0x00000003ef600000, 0x0000000451080000, 0x0000000451080000)
  from space 200000K,   3% used [0x0000000451080000, 0x00000004517171f8, 0x000000045d3d0000)
  to   space 200000K,   0% used [0x000000045d3d0000, 0x000000045d3d0000, 0x0000000469720000)
 concurrent mark-sweep generation total 14001024K, used 8170154K [0x0000000469720000, 0x00000007c0000000, 0x00000007c0000000)
 Metaspace       used 44936K, capacity 46232K, committed 46652K, reserved 1091584K
  class space    used 4916K, capacity 5189K, committed 5268K, reserved 1048576K
2017-04-16T11:23:04.685-0700: 137908.945: [GC (Allocation Failure) Before GC:
Statistics for BinaryTreeDictionary:
------------------------------------
Total Free Space: 170032081
Max   Chunk Size: 1128311
Number of Blocks: 76738
Av.  Block  Size: 2215
Tree      Height: 110
2017-04-16T11:23:04.686-0700: 137908.945: [ParNew
Desired survivor size 102400000 bytes, new threshold 1 (max 1)
- age   1:    5910776 bytes,    5910776 total
: 1606748K->6488K(1800000K), 0.0121218 secs] 9776903K->8177692K(15801024K)After GC:
Statistics for BinaryTreeDictionary:
------------------------------------
Total Free Space: 170024545
Max   Chunk Size: 1128311
Number of Blocks: 76726
Av.  Block  Size: 2215
Tree      Height: 110
, 0.0134160 secs] [Times: user=0.29 sys=0.01, real=0.01 secs] 
Heap after GC invocations=12773 (full 18):
 par new generation   total 1800000K, used 6488K [0x00000003ef600000, 0x0000000469720000, 0x0000000469720000)
  eden space 1600000K,   0% used [0x00000003ef600000, 0x00000003ef600000, 0x0000000451080000)
  from space 200000K,   3% used [0x000000045d3d0000, 0x000000045da26048, 0x0000000469720000)
  to   space 200000K,   0% used [0x0000000451080000, 0x0000000451080000, 0x000000045d3d0000)
 concurrent mark-sweep generation total 14001024K, used 8171204K [0x0000000469720000, 0x00000007c0000000, 0x00000007c0000000)
 Metaspace       used 44936K, capacity 46232K, committed 46652K, reserved 1091584K
  class space    used 4916K, capacity 5189K, committed 5268K, reserved 1048576K
}
2017-04-16T11:23:04.699-0700: 137908.958: Total time for which application threads were stopped: 0.0145122 seconds, Stopping threads took: 0.0001546 seconds
2017-04-16T11:23:07.385-0700: 137911.645: Total time for which application threads were stopped: 0.0021584 seconds, Stopping threads took: 0.0001541 seconds
{Heap before GC invocations=12773 (full 18):
 par new generation   total 1800000K, used 1606488K [0x00000003ef600000, 0x0000000469720000, 0x0000000469720000)
  eden space 1600000K, 100% used [0x00000003ef600000, 0x0000000451080000, 0x0000000451080000)
  from space 200000K,   3% used [0x000000045d3d0000, 0x000000045da26048, 0x0000000469720000)
  to   space 200000K,   0% used [0x0000000451080000, 0x0000000451080000, 0x000000045d3d0000)
 concurrent mark-sweep generation total 14001024K, used 8171204K [0x0000000469720000, 0x00000007c0000000, 0x00000007c0000000)
 Metaspace       used 44936K, capacity 46232K, committed 46652K, reserved 1091584K
  class space    used 4916K, capacity 5189K, committed 5268K, reserved 1048576K
2017-04-16T11:23:18.797-0700: 137923.056: [GC (Allocation Failure) Before GC:
Statistics for BinaryTreeDictionary:
------------------------------------
Total Free Space: 170024545
Max   Chunk Size: 1128311
Number of Blocks: 76726
Av.  Block  Size: 2215
Tree      Height: 110
2017-04-16T11:23:18.797-0700: 137923.056: [ParNew
Desired survivor size 102400000 bytes, new threshold 1 (max 1)
- age   1:    6270296 bytes,    6270296 total
: 1606488K->6758K(1800000K), 0.0120338 secs] 9777692K->8179123K(15801024K)After GC:
Statistics for BinaryTreeDictionary:
------------------------------------
Total Free Space: 169996735
Max   Chunk Size: 1128311
Number of Blocks: 76708
Av.  Block  Size: 2216
Tree      Height: 110
, 0.0133288 secs] [Times: user=0.29 sys=0.01, real=0.01 secs] 
Heap after GC invocations=12774 (full 18):
 par new generation   total 1800000K, used 6758K [0x00000003ef600000, 0x0000000469720000, 0x0000000469720000)
  eden space 1600000K,   0% used [0x00000003ef600000, 0x00000003ef600000, 0x0000000451080000)
  from space 200000K,   3% used [0x0000000451080000, 0x00000004517198a8, 0x000000045d3d0000)
  to   space 200000K,   0% used [0x000000045d3d0000, 0x000000045d3d0000, 0x0000000469720000)
 concurrent mark-sweep generation total 14001024K, used 8172365K [0x0000000469720000, 0x00000007c0000000, 0x00000007c0000000)
 Metaspace       used 44936K, capacity 46232K, committed 46652K, reserved 1091584K
  class space    used 4916K, capacity 5189K, committed 5268K, reserved 1048576K
}
2017-04-16T11:23:18.810-0700: 137923.069: Total time for which application threads were stopped: 0.0143941 seconds, Stopping threads took: 0.0001497 seconds
{Heap before GC invocations=12774 (full 18):
 par new generation   total 1800000K, used 1606758K [0x00000003ef600000, 0x0000000469720000, 0x0000000469720000)
  eden space 1600000K, 100% used [0x00000003ef600000, 0x0000000451080000, 0x0000000451080000)
  from space 200000K,   3% used [0x0000000451080000, 0x00000004517198a8, 0x000000045d3d0000)
  to   space 200000K,   0% used [0x000000045d3d0000, 0x000000045d3d0000, 0x0000000469720000)
 concurrent mark-sweep generation total 14001024K, used 8172365K [0x0000000469720000, 0x00000007c0000000, 0x00000007c0000000)
 Metaspace       used 44936K, capacity 46232K, committed 46652K, reserved 1091584K
  class space    used 4916K, capacity 5189K, committed 5268K, reserved 1048576K
2017-04-16T11:23:32.138-0700: 137936.397: [GC (Allocation Failure) Before GC:
Statistics for BinaryTreeDictionary:
------------------------------------
Total Free Space: 169996735
Max   Chunk Size: 1128311
Number of Blocks: 76708
Av.  Block  Size: 2216
Tree      Height: 110
2017-04-16T11:23:32.139-0700: 137936.398: [ParNew
Desired survivor size 102400000 bytes, new threshold 1 (max 1)
- age   1:    5819544 bytes,    5819544 total
: 1606758K->6348K(1800000K), 0.0125149 secs] 9779123K->8180228K(15801024K)After GC:
Statistics for BinaryTreeDictionary:
------------------------------------
Total Free Space: 169951307
Max   Chunk Size: 1128311
Number of Blocks: 76688
Av.  Block  Size: 2216
Tree      Height: 110
, 0.0138140 secs] [Times: user=0.31 sys=0.00, real=0.01 secs] 
Heap after GC invocations=12775 (full 18):
 par new generation   total 1800000K, used 6348K [0x00000003ef600000, 0x0000000469720000, 0x0000000469720000)
  eden space 1600000K,   0% used [0x00000003ef600000, 0x00000003ef600000, 0x0000000451080000)
  from space 200000K,   3% used [0x000000045d3d0000, 0x000000045da031b8, 0x0000000469720000)
  to   space 200000K,   0% used [0x0000000451080000, 0x0000000451080000, 0x000000045d3d0000)
 concurrent mark-sweep generation total 14001024K, used 8173880K [0x0000000469720000, 0x00000007c0000000, 0x00000007c0000000)
 Metaspace       used 44936K, capacity 46232K, committed 46652K, reserved 1091584K
  class space    used 4916K, capacity 5189K, committed 5268K, reserved 1048576K
}
2017-04-16T11:23:32.152-0700: 137936.411: Total time for which application threads were stopped: 0.0148782 seconds, Stopping threads took: 0.0001500 seconds
2017-04-16T11:23:39.613-0700: 137943.872: Total time for which application threads were stopped: 0.0021089 seconds, Stopping threads took: 0.0001462 seconds
{Heap before GC invocations=12775 (full 18):
 par new generation   total 1800000K, used 1606348K [0x00000003ef600000, 0x0000000469720000, 0x0000000469720000)
  eden space 1600000K, 100% used [0x00000003ef600000, 0x0000000451080000, 0x0000000451080000)
  from space 200000K,   3% used [0x000000045d3d0000, 0x000000045da031b8, 0x0000000469720000)
  to   space 200000K,   0% used [0x0000000451080000, 0x0000000451080000, 0x000000045d3d0000)
 concurrent mark-sweep generation total 14001024K, used 8173880K [0x0000000469720000, 0x00000007c0000000, 0x00000007c0000000)
 Metaspace       used 44936K, capacity 46232K, committed 46652K, reserved 1091584K
  class space    used 4916K, capacity 5189K, committed 5268K, reserved 1048576K
2017-04-16T11:23:43.138-0700: 137947.397: [GC (Allocation Failure) Before GC:
Statistics for BinaryTreeDictionary:
------------------------------------
Total Free Space: 169951307
Max   Chunk Size: 1128311
Number of Blocks: 76688
Av.  Block  Size: 2216
Tree      Height: 110
2017-04-16T11:23:43.139-0700: 137947.398: [ParNew
Desired survivor size 102400000 bytes, new threshold 1 (max 1)
- age   1:    6387608 bytes,    6387608 total
: 1606348K->6801K(1800000K), 0.0122859 secs] 9780228K->8182113K(15801024K)After GC:
Statistics for BinaryTreeDictionary:
------------------------------------
Total Free Space: 169893814
Max   Chunk Size: 1128311
Number of Blocks: 76675
Av.  Block  Size: 2215
Tree      Height: 110
, 0.0135734 secs] [Times: user=0.30 sys=0.00, real=0.02 secs] 
Heap after GC invocations=12776 (full 18):
 par new generation   total 1800000K, used 6801K [0x00000003ef600000, 0x0000000469720000, 0x0000000469720000)
  eden space 1600000K,   0% used [0x00000003ef600000, 0x00000003ef600000, 0x0000000451080000)
  from space 200000K,   3% used [0x0000000451080000, 0x00000004517244d0, 0x000000045d3d0000)
  to   space 200000K,   0% used [0x000000045d3d0000, 0x000000045d3d0000, 0x0000000469720000)
 concurrent mark-sweep generation total 14001024K, used 8175312K [0x0000000469720000, 0x00000007c0000000, 0x00000007c0000000)
 Metaspace       used 44936K, capacity 46232K, committed 46652K, reserved 1091584K
  class space    used 4916K, capacity 5189K, committed 5268K, reserved 1048576K
}
2017-04-16T11:23:43.152-0700: 137947.411: Total time for which application threads were stopped: 0.0146551 seconds, Stopping threads took: 0.0001500 seconds
{Heap before GC invocations=12776 (full 18):
 par new generation   total 1800000K, used 1606801K [0x00000003ef600000, 0x0000000469720000, 0x0000000469720000)
  eden space 1600000K, 100% used [0x00000003ef600000, 0x0000000451080000, 0x0000000451080000)
  from space 200000K,   3% used [0x0000000451080000, 0x00000004517244d0, 0x000000045d3d0000)
  to   space 200000K,   0% used [0x000000045d3d0000, 0x000000045d3d0000, 0x0000000469720000)
 concurrent mark-sweep generation total 14001024K, used 8175312K [0x0000000469720000, 0x00000007c0000000, 0x00000007c0000000)
 Metaspace       used 44936K, capacity 46232K, committed 46652K, reserved 1091584K
  class space    used 4916K, capacity 5189K, committed 5268K, reserved 1048576K
2017-04-16T11:23:57.178-0700: 137961.437: [GC (Allocation Failure) Before GC:
Statistics for BinaryTreeDictionary:
------------------------------------
Total Free Space: 169893814
Max   Chunk Size: 1128311
Number of Blocks: 76675
Av.  Block  Size: 2215
Tree      Height: 110
2017-04-16T11:23:57.178-0700: 137961.438: [ParNew
Desired survivor size 102400000 bytes, new threshold 1 (max 1)
- age   1:    5867448 bytes,    5867448 total
: 1606801K->6249K(1800000K), 0.0117407 secs] 9782113K->8183035K(15801024K)After GC:
Statistics for BinaryTreeDictionary:
------------------------------------
Total Free Space: 169805667
Max   Chunk Size: 1128311
Number of Blocks: 76643
Av.  Block  Size: 2215
Tree      Height: 110
, 0.0130017 secs] [Times: user=0.29 sys=0.00, real=0.01 secs] 
Heap after GC invocations=12777 (full 18):
 par new generation   total 1800000K, used 6249K [0x00000003ef600000, 0x0000000469720000, 0x0000000469720000)
  eden space 1600000K,   0% used [0x00000003ef600000, 0x00000003ef600000, 0x0000000451080000)
  from space 200000K,   3% used [0x000000045d3d0000, 0x000000045d9ea5a0, 0x0000000469720000)
  to   space 200000K,   0% used [0x0000000451080000, 0x0000000451080000, 0x000000045d3d0000)
 concurrent mark-sweep generation total 14001024K, used 8176786K [0x0000000469720000, 0x00000007c0000000, 0x00000007c0000000)
 Metaspace       used 44936K, capacity 46232K, committed 46652K, reserved 1091584K
  class space    used 4916K, capacity 5189K, committed 5268K, reserved 1048576K
}
2017-04-16T11:23:57.191-0700: 137961.450: Total time for which application threads were stopped: 0.0140891 seconds, Stopping threads took: 0.0001523 seconds
{Heap before GC invocations=12777 (full 18):
 par new generation   total 1800000K, used 1606249K [0x00000003ef600000, 0x0000000469720000, 0x0000000469720000)
  eden space 1600000K, 100% used [0x00000003ef600000, 0x0000000451080000, 0x0000000451080000)
  from space 200000K,   3% used [0x000000045d3d0000, 0x000000045d9ea5a0, 0x0000000469720000)
  to   space 200000K,   0% used [0x0000000451080000, 0x0000000451080000, 0x000000045d3d0000)
 concurrent mark-sweep generation total 14001024K, used 8176786K [0x0000000469720000, 0x00000007c0000000, 0x00000007c0000000)
 Metaspace       used 44936K, capacity 46232K, committed 46652K, reserved 1091584K
  class space    used 4916K, capacity 5189K, committed 5268K, reserved 1048576K
2017-04-16T11:24:10.678-0700: 137974.938: [GC (Allocation Failure) Before GC:
Statistics for BinaryTreeDictionary:
------------------------------------
Total Free Space: 169805667
Max   Chunk Size: 1128311
Number of Blocks: 76643
Av.  Block  Size: 2215
Tree      Height: 110
2017-04-16T11:24:10.679-0700: 137974.938: [ParNew
Desired survivor size 102400000 bytes, new threshold 1 (max 1)
- age   1:    6650296 bytes,    6650296 total
: 1606249K->7140K(1800000K), 0.0119534 secs] 9783035K->8185173K(15801024K)After GC:
Statistics for BinaryTreeDictionary:
------------------------------------
Total Free Space: 169777204
Max   Chunk Size: 1128311
Number of Blocks: 76624
Av.  Block  Size: 2215
Tree      Height: 110
, 0.0132492 secs] [Times: user=0.29 sys=0.00, real=0.01 secs] 
Heap after GC invocations=12778 (full 18):
 par new generation   total 1800000K, used 7140K [0x00000003ef600000, 0x0000000469720000, 0x0000000469720000)
  eden space 1600000K,   0% used [0x00000003ef600000, 0x00000003ef600000, 0x0000000451080000)
  from space 200000K,   3% used [0x0000000451080000, 0x0000000451779300, 0x000000045d3d0000)
  to   space 200000K,   0% used [0x000000045d3d0000, 0x000000045d3d0000, 0x0000000469720000)
 concurrent mark-sweep generation total 14001024K, used 8178033K [0x0000000469720000, 0x00000007c0000000, 0x00000007c0000000)
 Metaspace       used 44936K, capacity 46232K, committed 46652K, reserved 1091584K
  class space    used 4916K, capacity 5189K, committed 5268K, reserved 1048576K
}
2017-04-16T11:24:10.692-0700: 137974.951: Total time for which application threads were stopped: 0.0143296 seconds, Stopping threads took: 0.0001435 seconds
2017-04-16T11:24:21.693-0700: 137985.953: Total time for which application threads were stopped: 0.0008388 seconds, Stopping threads took: 0.0001538 seconds
{Heap before GC invocations=12778 (full 18):
 par new generation   total 1800000K, used 1607140K [0x00000003ef600000, 0x0000000469720000, 0x0000000469720000)
  eden space 1600000K, 100% used [0x00000003ef600000, 0x0000000451080000, 0x0000000451080000)
  from space 200000K,   3% used [0x0000000451080000, 0x0000000451779300, 0x000000045d3d0000)
  to   space 200000K,   0% used [0x000000045d3d0000, 0x000000045d3d0000, 0x0000000469720000)
 concurrent mark-sweep generation total 14001024K, used 8178033K [0x0000000469720000, 0x00000007c0000000, 0x00000007c0000000)
 Metaspace       used 44936K, capacity 46232K, committed 46652K, reserved 1091584K
  class space    used 4916K, capacity 5189K, committed 5268K, reserved 1048576K
2017-04-16T11:24:24.131-0700: 137988.391: [GC (Allocation Failure) Before GC:
Statistics for BinaryTreeDictionary:
------------------------------------
Total Free Space: 169777204
Max   Chunk Size: 1128311
Number of Blocks: 76624
Av.  Block  Size: 2215
Tree      Height: 110
2017-04-16T11:24:24.132-0700: 137988.391: [ParNew
Desired survivor size 102400000 bytes, new threshold 1 (max 1)
- age   1:    6094536 bytes,    6094536 total
: 1607140K->6484K(1800000K), 0.0121398 secs] 9785173K->8185624K(15801024K)After GC:
Statistics for BinaryTreeDictionary:
------------------------------------
Total Free Space: 169768988
Max   Chunk Size: 1128311
Number of Blocks: 76611
Av.  Block  Size: 2215
Tree      Height: 110
, 0.0134041 secs] [Times: user=0.30 sys=0.00, real=0.01 secs] 
Heap after GC invocations=12779 (full 18):
 par new generation   total 1800000K, used 6484K [0x00000003ef600000, 0x0000000469720000, 0x0000000469720000)
  eden space 1600000K,   0% used [0x00000003ef600000, 0x00000003ef600000, 0x0000000451080000)
  from space 200000K,   3% used [0x000000045d3d0000, 0x000000045da25170, 0x0000000469720000)
  to   space 200000K,   0% used [0x0000000451080000, 0x0000000451080000, 0x000000045d3d0000)
 concurrent mark-sweep generation total 14001024K, used 8179140K [0x0000000469720000, 0x00000007c0000000, 0x00000007c0000000)
 Metaspace       used 44936K, capacity 46232K, committed 46652K, reserved 1091584K
  class space    used 4916K, capacity 5189K, committed 5268K, reserved 1048576K
}
2017-04-16T11:24:24.145-0700: 137988.404: Total time for which application threads were stopped: 0.0144872 seconds, Stopping threads took: 0.0001495 seconds
{Heap before GC invocations=12779 (full 18):
 par new generation   total 1800000K, used 1606484K [0x00000003ef600000, 0x0000000469720000, 0x0000000469720000)
  eden space 1600000K, 100% used [0x00000003ef600000, 0x0000000451080000, 0x0000000451080000)
  from space 200000K,   3% used [0x000000045d3d0000, 0x000000045da25170, 0x0000000469720000)
  to   space 200000K,   0% used [0x0000000451080000, 0x0000000451080000, 0x000000045d3d0000)
 concurrent mark-sweep generation total 14001024K, used 8179140K [0x0000000469720000, 0x00000007c0000000, 0x00000007c0000000)
 Metaspace       used 44936K, capacity 46232K, committed 46652K, reserved 1091584K
  class space    used 4916K, capacity 5189K, committed 5268K, reserved 1048576K
2017-04-16T11:24:37.736-0700: 138001.995: [GC (Allocation Failure) Before GC:
Statistics for BinaryTreeDictionary:
------------------------------------
Total Free Space: 169768988
Max   Chunk Size: 1128311
Number of Blocks: 76611
Av.  Block  Size: 2215
Tree      Height: 110
2017-04-16T11:24:37.736-0700: 138001.996: [ParNew
Desired survivor size 102400000 bytes, new threshold 1 (max 1)
- age   1:    6453896 bytes,    6453896 total
: 1606484K->6853K(1800000K), 0.0123337 secs] 9785624K->8187033K(15801024K)After GC:
Statistics for BinaryTreeDictionary:
------------------------------------
Total Free Space: 169749407
Max   Chunk Size: 1128311
Number of Blocks: 76577
Av.  Block  Size: 2216
Tree      Height: 110
, 0.0136275 secs] [Times: user=0.30 sys=0.00, real=0.02 secs] 
Heap after GC invocations=12780 (full 18):
 par new generation   total 1800000K, used 6853K [0x00000003ef600000, 0x0000000469720000, 0x0000000469720000)
  eden space 1600000K,   0% used [0x00000003ef600000, 0x00000003ef600000, 0x0000000451080000)
  from space 200000K,   3% used [0x0000000451080000, 0x00000004517314a0, 0x000000045d3d0000)
  to   space 200000K,   0% used [0x000000045d3d0000, 0x000000045d3d0000, 0x0000000469720000)
 concurrent mark-sweep generation total 14001024K, used 8180179K [0x0000000469720000, 0x00000007c0000000, 0x00000007c0000000)
 Metaspace       used 44936K, capacity 46232K, committed 46652K, reserved 1091584K
  class space    used 4916K, capacity 5189K, committed 5268K, reserved 1048576K
}
2017-04-16T11:24:37.750-0700: 138002.009: Total time for which application threads were stopped: 0.0147052 seconds, Stopping threads took: 0.0001445 seconds
{Heap before GC invocations=12780 (full 18):
 par new generation   total 1800000K, used 1606853K [0x00000003ef600000, 0x0000000469720000, 0x0000000469720000)
  eden space 1600000K, 100% used [0x00000003ef600000, 0x0000000451080000, 0x0000000451080000)
  from space 200000K,   3% used [0x0000000451080000, 0x00000004517314a0, 0x000000045d3d0000)
  to   space 200000K,   0% used [0x000000045d3d0000, 0x000000045d3d0000, 0x0000000469720000)
 concurrent mark-sweep generation total 14001024K, used 8180179K [0x0000000469720000, 0x00000007c0000000, 0x00000007c0000000)
 Metaspace       used 44936K, capacity 46232K, committed 46652K, reserved 1091584K
  class space    used 4916K, capacity 5189K, committed 5268K, reserved 1048576K
2017-04-16T11:24:51.445-0700: 138015.704: [GC (Allocation Failure) Before GC:
Statistics for BinaryTreeDictionary:
------------------------------------
Total Free Space: 169749407
Max   Chunk Size: 1128311
Number of Blocks: 76577
Av.  Block  Size: 2216
Tree      Height: 110
2017-04-16T11:24:51.446-0700: 138015.705: [ParNew
Desired survivor size 102400000 bytes, new threshold 1 (max 1)
- age   1:    6117696 bytes,    6117696 total
: 1606853K->6382K(1800000K), 0.0121314 secs] 9787033K->8188011K(15801024K)After GC:
Statistics for BinaryTreeDictionary:
------------------------------------
Total Free Space: 169684704
Max   Chunk Size: 1128311
Number of Blocks: 76550
Av.  Block  Size: 2216
Tree      Height: 110
, 0.0134221 secs] [Times: user=0.30 sys=0.00, real=0.01 secs] 
Heap after GC invocations=12781 (full 18):
 par new generation   total 1800000K, used 6382K [0x00000003ef600000, 0x0000000469720000, 0x0000000469720000)
  eden space 1600000K,   0% used [0x00000003ef600000, 0x00000003ef600000, 0x0000000451080000)
  from space 200000K,   3% used [0x000000045d3d0000, 0x000000045da0b9a8, 0x0000000469720000)
  to   space 200000K,   0% used [0x0000000451080000, 0x0000000451080000, 0x000000045d3d0000)
 concurrent mark-sweep generation total 14001024K, used 8181629K [0x0000000469720000, 0x00000007c0000000, 0x00000007c0000000)
 Metaspace       used 44936K, capacity 46232K, committed 46652K, reserved 1091584K
  class space    used 4916K, capacity 5189K, committed 5268K, reserved 1048576K
}
2017-04-16T11:24:51.459-0700: 138015.718: Total time for which application threads were stopped: 0.0144926 seconds, Stopping threads took: 0.0001543 seconds
2017-04-16T11:25:01.982-0700: 138026.241: Total time for which application threads were stopped: 0.0008847 seconds, Stopping threads took: 0.0001463 seconds
{Heap before GC invocations=12781 (full 18):
 par new generation   total 1800000K, used 1606382K [0x00000003ef600000, 0x0000000469720000, 0x0000000469720000)
  eden space 1600000K, 100% used [0x00000003ef600000, 0x0000000451080000, 0x0000000451080000)
  from space 200000K,   3% used [0x000000045d3d0000, 0x000000045da0b9a8, 0x0000000469720000)
  to   space 200000K,   0% used [0x0000000451080000, 0x0000000451080000, 0x000000045d3d0000)
 concurrent mark-sweep generation total 14001024K, used 8181629K [0x0000000469720000, 0x00000007c0000000, 0x00000007c0000000)
 Metaspace       used 44936K, capacity 46232K, committed 46652K, reserved 1091584K
  class space    used 4916K, capacity 5189K, committed 5268K, reserved 1048576K
2017-04-16T11:25:05.109-0700: 138029.368: [GC (Allocation Failure) Before GC:
Statistics for BinaryTreeDictionary:
------------------------------------
Total Free Space: 169684704
Max   Chunk Size: 1128311
Number of Blocks: 76550
Av.  Block  Size: 2216
Tree      Height: 110
2017-04-16T11:25:05.109-0700: 138029.369: [ParNew
Desired survivor size 102400000 bytes, new threshold 1 (max 1)
- age   1:    7167584 bytes,    7167584 total
: 1606382K->7586K(1800000K), 0.0129569 secs] 9788011K->8190948K(15801024K)After GC:
Statistics for BinaryTreeDictionary:
------------------------------------
Total Free Space: 169594927
Max   Chunk Size: 1128311
Number of Blocks: 76537
Av.  Block  Size: 2215
Tree      Height: 110
, 0.0142327 secs] [Times: user=0.32 sys=0.00, real=0.02 secs] 
Heap after GC invocations=12782 (full 18):
 par new generation   total 1800000K, used 7586K [0x00000003ef600000, 0x0000000469720000, 0x0000000469720000)
  eden space 1600000K,   0% used [0x00000003ef600000, 0x00000003ef600000, 0x0000000451080000)
  from space 200000K,   3% used [0x0000000451080000, 0x00000004517e8968, 0x000000045d3d0000)
  to   space 200000K,   0% used [0x000000045d3d0000, 0x000000045d3d0000, 0x0000000469720000)
 concurrent mark-sweep generation total 14001024K, used 8183362K [0x0000000469720000, 0x00000007c0000000, 0x00000007c0000000)
 Metaspace       used 44936K, capacity 46232K, committed 46652K, reserved 1091584K
  class space    used 4916K, capacity 5189K, committed 5268K, reserved 1048576K
}
2017-04-16T11:25:05.123-0700: 138029.382: Total time for which application threads were stopped: 0.0153083 seconds, Stopping threads took: 0.0001475 seconds
2017-04-16T11:25:09.709-0700: 138033.969: Total time for which application threads were stopped: 0.0021542 seconds, Stopping threads took: 0.0001574 seconds
{Heap before GC invocations=12782 (full 18):
 par new generation   total 1800000K, used 1607586K [0x00000003ef600000, 0x0000000469720000, 0x0000000469720000)
  eden space 1600000K, 100% used [0x00000003ef600000, 0x0000000451080000, 0x0000000451080000)
  from space 200000K,   3% used [0x0000000451080000, 0x00000004517e8968, 0x000000045d3d0000)
  to   space 200000K,   0% used [0x000000045d3d0000, 0x000000045d3d0000, 0x0000000469720000)
 concurrent mark-sweep generation total 14001024K, used 8183362K [0x0000000469720000, 0x00000007c0000000, 0x00000007c0000000)
 Metaspace       used 44936K, capacity 46232K, committed 46652K, reserved 1091584K
  class space    used 4916K, capacity 5189K, committed 5268K, reserved 1048576K
2017-04-16T11:25:15.738-0700: 138039.997: [GC (Allocation Failure) Before GC:
Statistics for BinaryTreeDictionary:
------------------------------------
Total Free Space: 169594927
Max   Chunk Size: 1128311
Number of Blocks: 76537
Av.  Block  Size: 2215
Tree      Height: 110
2017-04-16T11:25:15.739-0700: 138039.998: [ParNew
Desired survivor size 102400000 bytes, new threshold 1 (max 1)
- age   1:    6830128 bytes,    6830128 total
: 1607586K->7536K(1800000K), 0.0128137 secs] 9790948K->8192632K(15801024K)After GC:
Statistics for BinaryTreeDictionary:
------------------------------------
Total Free Space: 169562833
Max   Chunk Size: 1128311
Number of Blocks: 76507
Av.  Block  Size: 2216
Tree      Height: 110
, 0.0141100 secs] [Times: user=0.31 sys=0.00, real=0.01 secs] 
Heap after GC invocations=12783 (full 18):
 par new generation   total 1800000K, used 7536K [0x00000003ef600000, 0x0000000469720000, 0x0000000469720000)
  eden space 1600000K,   0% used [0x00000003ef600000, 0x00000003ef600000, 0x0000000451080000)
  from space 200000K,   3% used [0x000000045d3d0000, 0x000000045db2c280, 0x0000000469720000)
  to   space 200000K,   0% used [0x0000000451080000, 0x0000000451080000, 0x000000045d3d0000)
 concurrent mark-sweep generation total 14001024K, used 8185095K [0x0000000469720000, 0x00000007c0000000, 0x00000007c0000000)
 Metaspace       used 44936K, capacity 46232K, committed 46652K, reserved 1091584K
  class space    used 4916K, capacity 5189K, committed 5268K, reserved 1048576K
}
2017-04-16T11:25:15.752-0700: 138040.012: Total time for which application threads were stopped: 0.0152100 seconds, Stopping threads took: 0.0001470 seconds
{Heap before GC invocations=12783 (full 18):
 par new generation   total 1800000K, used 1607536K [0x00000003ef600000, 0x0000000469720000, 0x0000000469720000)
  eden space 1600000K, 100% used [0x00000003ef600000, 0x0000000451080000, 0x0000000451080000)
  from space 200000K,   3% used [0x000000045d3d0000, 0x000000045db2c280, 0x0000000469720000)
  to   space 200000K,   0% used [0x0000000451080000, 0x0000000451080000, 0x000000045d3d0000)
 concurrent mark-sweep generation total 14001024K, used 8185095K [0x0000000469720000, 0x00000007c0000000, 0x00000007c0000000)
 Metaspace       used 44936K, capacity 46232K, committed 46652K, reserved 1091584K
  class space    used 4916K, capacity 5189K, committed 5268K, reserved 1048576K
2017-04-16T11:25:29.770-0700: 138054.029: [GC (Allocation Failure) Before GC:
Statistics for BinaryTreeDictionary:
------------------------------------
Total Free Space: 169562833
Max   Chunk Size: 1128311
Number of Blocks: 76507
Av.  Block  Size: 2216
Tree      Height: 110
2017-04-16T11:25:29.770-0700: 138054.030: [ParNew
Desired survivor size 102400000 bytes, new threshold 1 (max 1)
- age   1:    6138200 bytes,    6138200 total
: 1607536K->6840K(1800000K), 0.0125891 secs] 9792632K->8193631K(15801024K)After GC:
Statistics for BinaryTreeDictionary:
------------------------------------
Total Free Space: 169462923
Max   Chunk Size: 1128311
Number of Blocks: 76416
Av.  Block  Size: 2217
Tree      Height: 110
, 0.0138738 secs] [Times: user=0.31 sys=0.00, real=0.01 secs] 
Heap after GC invocations=12784 (full 18):
 par new generation   total 1800000K, used 6840K [0x00000003ef600000, 0x0000000469720000, 0x0000000469720000)
  eden space 1600000K,   0% used [0x00000003ef600000, 0x00000003ef600000, 0x0000000451080000)
  from space 200000K,   3% used [0x0000000451080000, 0x000000045172e308, 0x000000045d3d0000)
  to   space 200000K,   0% used [0x000000045d3d0000, 0x000000045d3d0000, 0x0000000469720000)
 concurrent mark-sweep generation total 14001024K, used 8186790K [0x0000000469720000, 0x00000007c0000000, 0x00000007c0000000)
 Metaspace       used 44936K, capacity 46232K, committed 46652K, reserved 1091584K
  class space    used 4916K, capacity 5189K, committed 5268K, reserved 1048576K
}
2017-04-16T11:25:29.784-0700: 138054.043: Total time for which application threads were stopped: 0.0149401 seconds, Stopping threads took: 0.0001486 seconds
{Heap before GC invocations=12784 (full 18):
 par new generation   total 1800000K, used 1606840K [0x00000003ef600000, 0x0000000469720000, 0x0000000469720000)
  eden space 1600000K, 100% used [0x00000003ef600000, 0x0000000451080000, 0x0000000451080000)
  from space 200000K,   3% used [0x0000000451080000, 0x000000045172e308, 0x000000045d3d0000)
  to   space 200000K,   0% used [0x000000045d3d0000, 0x000000045d3d0000, 0x0000000469720000)
 concurrent mark-sweep generation total 14001024K, used 8186790K [0x0000000469720000, 0x00000007c0000000, 0x00000007c0000000)
 Metaspace       used 44936K, capacity 46232K, committed 46652K, reserved 1091584K
  class space    used 4916K, capacity 5189K, committed 5268K, reserved 1048576K
2017-04-16T11:25:43.417-0700: 138067.677: [GC (Allocation Failure) Before GC:
Statistics for BinaryTreeDictionary:
------------------------------------
Total Free Space: 169462923
Max   Chunk Size: 1128311
Number of Blocks: 76416
Av.  Block  Size: 2217
Tree      Height: 110
2017-04-16T11:25:43.418-0700: 138067.677: [ParNew
Desired survivor size 102400000 bytes, new threshold 1 (max 1)
- age   1:    6826760 bytes,    6826760 total
: 1606840K->7315K(1800000K), 0.0121384 secs] 9793631K->8195476K(15801024K)After GC:
Statistics for BinaryTreeDictionary:
------------------------------------
Total Free Space: 169432050
Max   Chunk Size: 1128311
Number of Blocks: 76384
Av.  Block  Size: 2218
Tree      Height: 110
, 0.0134725 secs] [Times: user=0.30 sys=0.00, real=0.02 secs] 
Heap after GC invocations=12785 (full 18):
 par new generation   total 1800000K, used 7315K [0x00000003ef600000, 0x0000000469720000, 0x0000000469720000)
  eden space 1600000K,   0% used [0x00000003ef600000, 0x00000003ef600000, 0x0000000451080000)
  from space 200000K,   3% used [0x000000045d3d0000, 0x000000045daf4da8, 0x0000000469720000)
  to   space 200000K,   0% used [0x0000000451080000, 0x0000000451080000, 0x000000045d3d0000)
 concurrent mark-sweep generation total 14001024K, used 8188160K [0x0000000469720000, 0x00000007c0000000, 0x00000007c0000000)
 Metaspace       used 44936K, capacity 46232K, committed 46652K, reserved 1091584K
  class space    used 4916K, capacity 5189K, committed 5268K, reserved 1048576K
}
2017-04-16T11:25:43.431-0700: 138067.690: Total time for which application threads were stopped: 0.0145663 seconds, Stopping threads took: 0.0001683 seconds
{Heap before GC invocations=12785 (full 18):
 par new generation   total 1800000K, used 1607315K [0x00000003ef600000, 0x0000000469720000, 0x0000000469720000)
  eden space 1600000K, 100% used [0x00000003ef600000, 0x0000000451080000, 0x0000000451080000)
  from space 200000K,   3% used [0x000000045d3d0000, 0x000000045daf4da8, 0x0000000469720000)
  to   space 200000K,   0% used [0x0000000451080000, 0x0000000451080000, 0x000000045d3d0000)
 concurrent mark-sweep generation total 14001024K, used 8188160K [0x0000000469720000, 0x00000007c0000000, 0x00000007c0000000)
 Metaspace       used 44936K, capacity 46232K, committed 46652K, reserved 1091584K
  class space    used 4916K, capacity 5189K, committed 5268K, reserved 1048576K
2017-04-16T11:25:56.671-0700: 138080.930: [GC (Allocation Failure) Before GC:
Statistics for BinaryTreeDictionary:
------------------------------------
Total Free Space: 169432050
Max   Chunk Size: 1128311
Number of Blocks: 76384
Av.  Block  Size: 2218
Tree      Height: 110
2017-04-16T11:25:56.672-0700: 138080.931: [ParNew
Desired survivor size 102400000 bytes, new threshold 1 (max 1)
- age   1:    6355400 bytes,    6355400 total
: 1607315K->6857K(1800000K), 0.0126871 secs] 9795476K->8196721K(15801024K)After GC:
Statistics for BinaryTreeDictionary:
------------------------------------
Total Free Space: 169395696
Max   Chunk Size: 1128311
Number of Blocks: 76346
Av.  Block  Size: 2218
Tree      Height: 110
, 0.0139932 secs] [Times: user=0.31 sys=0.00, real=0.01 secs] 
Heap after GC invocations=12786 (full 18):
 par new generation   total 1800000K, used 6857K [0x00000003ef600000, 0x0000000469720000, 0x0000000469720000)
  eden space 1600000K,   0% used [0x00000003ef600000, 0x00000003ef600000, 0x0000000451080000)
  from space 200000K,   3% used [0x0000000451080000, 0x0000000451732508, 0x000000045d3d0000)
  to   space 200000K,   0% used [0x000000045d3d0000, 0x000000045d3d0000, 0x0000000469720000)
 concurrent mark-sweep generation total 14001024K, used 8189864K [0x0000000469720000, 0x00000007c0000000, 0x00000007c0000000)
 Metaspace       used 44936K, capacity 46232K, committed 46652K, reserved 1091584K
  class space    used 4916K, capacity 5189K, committed 5268K, reserved 1048576K
}
2017-04-16T11:25:56.685-0700: 138080.944: Total time for which application threads were stopped: 0.0150806 seconds, Stopping threads took: 0.0001534 seconds
2017-04-16T11:26:07.474-0700: 138091.734: Total time for which application threads were stopped: 0.0021645 seconds, Stopping threads took: 0.0001557 seconds
{Heap before GC invocations=12786 (full 18):
 par new generation   total 1800000K, used 1606857K [0x00000003ef600000, 0x0000000469720000, 0x0000000469720000)
  eden space 1600000K, 100% used [0x00000003ef600000, 0x0000000451080000, 0x0000000451080000)
  from space 200000K,   3% used [0x0000000451080000, 0x0000000451732508, 0x000000045d3d0000)
  to   space 200000K,   0% used [0x000000045d3d0000, 0x000000045d3d0000, 0x0000000469720000)
 concurrent mark-sweep generation total 14001024K, used 8189864K [0x0000000469720000, 0x00000007c0000000, 0x00000007c0000000)
 Metaspace       used 44936K, capacity 46232K, committed 46652K, reserved 1091584K
  class space    used 4916K, capacity 5189K, committed 5268K, reserved 1048576K
2017-04-16T11:26:09.793-0700: 138094.053: [GC (Allocation Failure) Before GC:
Statistics for BinaryTreeDictionary:
------------------------------------
Total Free Space: 169395696
Max   Chunk Size: 1128311
Number of Blocks: 76346
Av.  Block  Size: 2218
Tree      Height: 110
2017-04-16T11:26:09.794-0700: 138094.053: [ParNew
Desired survivor size 102400000 bytes, new threshold 1 (max 1)
- age   1:    6384976 bytes,    6384976 total
: 1606857K->7001K(1800000K), 0.0124453 secs] 9796721K->8198324K(15801024K)After GC:
Statistics for BinaryTreeDictionary:
------------------------------------
Total Free Space: 169340252
Max   Chunk Size: 1128311
Number of Blocks: 76300
Av.  Block  Size: 2219
Tree      Height: 110
, 0.0137471 secs] [Times: user=0.30 sys=0.00, real=0.01 secs] 
Heap after GC invocations=12787 (full 18):
 par new generation   total 1800000K, used 7001K [0x00000003ef600000, 0x0000000469720000, 0x0000000469720000)
  eden space 1600000K,   0% used [0x00000003ef600000, 0x00000003ef600000, 0x0000000451080000)
  from space 200000K,   3% used [0x000000045d3d0000, 0x000000045daa6480, 0x0000000469720000)
  to   space 200000K,   0% used [0x0000000451080000, 0x0000000451080000, 0x000000045d3d0000)
 concurrent mark-sweep generation total 14001024K, used 8191323K [0x0000000469720000, 0x00000007c0000000, 0x00000007c0000000)
 Metaspace       used 44936K, capacity 46232K, committed 46652K, reserved 1091584K
  class space    used 4916K, capacity 5189K, committed 5268K, reserved 1048576K
}
2017-04-16T11:26:09.807-0700: 138094.067: Total time for which application threads were stopped: 0.0148173 seconds, Stopping threads took: 0.0001475 seconds
{Heap before GC invocations=12787 (full 18):
 par new generation   total 1800000K, used 1607001K [0x00000003ef600000, 0x0000000469720000, 0x0000000469720000)
  eden space 1600000K, 100% used [0x00000003ef600000, 0x0000000451080000, 0x0000000451080000)
  from space 200000K,   3% used [0x000000045d3d0000, 0x000000045daa6480, 0x0000000469720000)
  to   space 200000K,   0% used [0x0000000451080000, 0x0000000451080000, 0x000000045d3d0000)
 concurrent mark-sweep generation total 14001024K, used 8191323K [0x0000000469720000, 0x00000007c0000000, 0x00000007c0000000)
 Metaspace       used 44936K, capacity 46232K, committed 46652K, reserved 1091584K
  class space    used 4916K, capacity 5189K, committed 5268K, reserved 1048576K
2017-04-16T11:26:23.138-0700: 138107.397: [GC (Allocation Failure) Before GC:
Statistics for BinaryTreeDictionary:
------------------------------------
Total Free Space: 169340252
Max   Chunk Size: 1128311
Number of Blocks: 76300
Av.  Block  Size: 2219
Tree      Height: 110
2017-04-16T11:26:23.139-0700: 138107.398: [ParNew
Desired survivor size 102400000 bytes, new threshold 1 (max 1)
- age   1:    5859088 bytes,    5859088 total
: 1607001K->6214K(1800000K), 0.0120654 secs] 9798324K->8198768K(15801024K)After GC:
Statistics for BinaryTreeDictionary:
------------------------------------
Total Free Space: 169316844
Max   Chunk Size: 1128311
Number of Blocks: 76289
Av.  Block  Size: 2219
Tree      Height: 110
, 0.0133589 secs] [Times: user=0.30 sys=0.00, real=0.01 secs] 
Heap after GC invocations=12788 (full 18):
 par new generation   total 1800000K, used 6214K [0x00000003ef600000, 0x0000000469720000, 0x0000000469720000)
  eden space 1600000K,   0% used [0x00000003ef600000, 0x00000003ef600000, 0x0000000451080000)
  from space 200000K,   3% used [0x0000000451080000, 0x0000000451691ac0, 0x000000045d3d0000)
  to   space 200000K,   0% used [0x000000045d3d0000, 0x000000045d3d0000, 0x0000000469720000)
 concurrent mark-sweep generation total 14001024K, used 8192553K [0x0000000469720000, 0x00000007c0000000, 0x00000007c0000000)
 Metaspace       used 44936K, capacity 46232K, committed 46652K, reserved 1091584K
  class space    used 4916K, capacity 5189K, committed 5268K, reserved 1048576K
}
2017-04-16T11:26:23.152-0700: 138107.411: Total time for which application threads were stopped: 0.0144436 seconds, Stopping threads took: 0.0001551 seconds
{Heap before GC invocations=12788 (full 18):
 par new generation   total 1800000K, used 1606214K [0x00000003ef600000, 0x0000000469720000, 0x0000000469720000)
  eden space 1600000K, 100% used [0x00000003ef600000, 0x0000000451080000, 0x0000000451080000)
  from space 200000K,   3% used [0x0000000451080000, 0x0000000451691ac0, 0x000000045d3d0000)
  to   space 200000K,   0% used [0x000000045d3d0000, 0x000000045d3d0000, 0x0000000469720000)
 concurrent mark-sweep generation total 14001024K, used 8192553K [0x0000000469720000, 0x00000007c0000000, 0x00000007c0000000)
 Metaspace       used 44937K, capacity 46232K, committed 46652K, reserved 1091584K
  class space    used 4916K, capacity 5189K, committed 5268K, reserved 1048576K
2017-04-16T11:26:35.650-0700: 138119.909: [GC (Allocation Failure) Before GC:
Statistics for BinaryTreeDictionary:
------------------------------------
Total Free Space: 169316844
Max   Chunk Size: 1128311
Number of Blocks: 76289
Av.  Block  Size: 2219
Tree      Height: 110
2017-04-16T11:26:35.650-0700: 138119.910: [ParNew
Desired survivor size 102400000 bytes, new threshold 1 (max 1)
- age   1:   12621816 bytes,   12621816 total
: 1606214K->12825K(1800000K), 0.0119735 secs] 9798768K->8206355K(15801024K)After GC:
Statistics for BinaryTreeDictionary:
------------------------------------
Total Free Space: 169304060
Max   Chunk Size: 1128311
Number of Blocks: 76268
Av.  Block  Size: 2219
Tree      Height: 110
, 0.0132801 secs] [Times: user=0.30 sys=0.00, real=0.01 secs] 
Heap after GC invocations=12789 (full 18):
 par new generation   total 1800000K, used 12825K [0x00000003ef600000, 0x0000000469720000, 0x0000000469720000)
  eden space 1600000K,   0% used [0x00000003ef600000, 0x00000003ef600000, 0x0000000451080000)
  from space 200000K,   6% used [0x000000045d3d0000, 0x000000045e056488, 0x0000000469720000)
  to   space 200000K,   0% used [0x0000000451080000, 0x0000000451080000, 0x000000045d3d0000)
 concurrent mark-sweep generation total 14001024K, used 8193530K [0x0000000469720000, 0x00000007c0000000, 0x00000007c0000000)
 Metaspace       used 44937K, capacity 46232K, committed 46652K, reserved 1091584K
  class space    used 4916K, capacity 5189K, committed 5268K, reserved 1048576K
}
2017-04-16T11:26:35.663-0700: 138119.923: Total time for which application threads were stopped: 0.0143576 seconds, Stopping threads took: 0.0001489 seconds
2017-04-16T11:26:39.615-0700: 138123.874: Total time for which application threads were stopped: 0.0021391 seconds, Stopping threads took: 0.0001427 seconds
{Heap before GC invocations=12789 (full 18):
 par new generation   total 1800000K, used 1612825K [0x00000003ef600000, 0x0000000469720000, 0x0000000469720000)
  eden space 1600000K, 100% used [0x00000003ef600000, 0x0000000451080000, 0x0000000451080000)
  from space 200000K,   6% used [0x000000045d3d0000, 0x000000045e056488, 0x0000000469720000)
  to   space 200000K,   0% used [0x0000000451080000, 0x0000000451080000, 0x000000045d3d0000)
 concurrent mark-sweep generation total 14001024K, used 8193530K [0x0000000469720000, 0x00000007c0000000, 0x00000007c0000000)
 Metaspace       used 44937K, capacity 46232K, committed 46652K, reserved 1091584K
  class space    used 4916K, capacity 5189K, committed 5268K, reserved 1048576K
2017-04-16T11:26:46.666-0700: 138130.926: [GC (Allocation Failure) Before GC:
Statistics for BinaryTreeDictionary:
------------------------------------
Total Free Space: 169304060
Max   Chunk Size: 1128311
Number of Blocks: 76268
Av.  Block  Size: 2219
Tree      Height: 110
2017-04-16T11:26:46.667-0700: 138130.926: [ParNew
Desired survivor size 102400000 bytes, new threshold 1 (max 1)
- age   1:    6388480 bytes,    6388480 total
: 1612825K->9356K(1800000K), 0.0229425 secs] 9806355K->8210470K(15801024K)After GC:
Statistics for BinaryTreeDictionary:
------------------------------------
Total Free Space: 169228141
Max   Chunk Size: 1128311
Number of Blocks: 76250
Av.  Block  Size: 2219
Tree      Height: 110
, 0.0242647 secs] [Times: user=0.30 sys=0.01, real=0.03 secs] 
Heap after GC invocations=12790 (full 18):
 par new generation   total 1800000K, used 9356K [0x00000003ef600000, 0x0000000469720000, 0x0000000469720000)
  eden space 1600000K,   0% used [0x00000003ef600000, 0x00000003ef600000, 0x0000000451080000)
  from space 200000K,   4% used [0x0000000451080000, 0x00000004519a32e0, 0x000000045d3d0000)
  to   space 200000K,   0% used [0x000000045d3d0000, 0x000000045d3d0000, 0x0000000469720000)
 concurrent mark-sweep generation total 14001024K, used 8201114K [0x0000000469720000, 0x00000007c0000000, 0x00000007c0000000)
 Metaspace       used 44937K, capacity 46232K, committed 46652K, reserved 1091584K
  class space    used 4916K, capacity 5189K, committed 5268K, reserved 1048576K
}
2017-04-16T11:26:46.691-0700: 138130.950: Total time for which application threads were stopped: 0.0253790 seconds, Stopping threads took: 0.0001665 seconds
2017-04-16T11:27:00.496-0700: 138144.756: Total time for which application threads were stopped: 0.0008850 seconds, Stopping threads took: 0.0001646 seconds
{Heap before GC invocations=12790 (full 18):
 par new generation   total 1800000K, used 1609361K [0x00000003ef600000, 0x0000000469720000, 0x0000000469720000)
  eden space 1600000K, 100% used [0x00000003ef600000, 0x0000000451080000, 0x0000000451080000)
  from space 200000K,   4% used [0x0000000451080000, 0x00000004519a4638, 0x000000045d3d0000)
  to   space 200000K,   0% used [0x000000045d3d0000, 0x000000045d3d0000, 0x0000000469720000)
 concurrent mark-sweep generation total 14001024K, used 8201114K [0x0000000469720000, 0x00000007c0000000, 0x00000007c0000000)
 Metaspace       used 44937K, capacity 46232K, committed 46652K, reserved 1091584K
  class space    used 4916K, capacity 5189K, committed 5268K, reserved 1048576K
2017-04-16T11:27:00.497-0700: 138144.756: [GC (GCLocker Initiated GC) Before GC:
Statistics for BinaryTreeDictionary:
------------------------------------
Total Free Space: 169228141
Max   Chunk Size: 1128311
Number of Blocks: 76250
Av.  Block  Size: 2219
Tree      Height: 110
2017-04-16T11:27:00.497-0700: 138144.757: [ParNew
Desired survivor size 102400000 bytes, new threshold 1 (max 1)
- age   1:    6669592 bytes,    6669592 total
: 1609361K->7732K(1800000K), 0.0120377 secs] 9810475K->8210437K(15801024K)After GC:
Statistics for BinaryTreeDictionary:
------------------------------------
Total Free Space: 169120877
Max   Chunk Size: 1128311
Number of Blocks: 76210
Av.  Block  Size: 2219
Tree      Height: 110
, 0.0133203 secs] [Times: user=0.30 sys=0.00, real=0.02 secs] 
Heap after GC invocations=12791 (full 18):
 par new generation   total 1800000K, used 7732K [0x00000003ef600000, 0x0000000469720000, 0x0000000469720000)
  eden space 1600000K,   0% used [0x00000003ef600000, 0x00000003ef600000, 0x0000000451080000)
  from space 200000K,   3% used [0x000000045d3d0000, 0x000000045db5d2e0, 0x0000000469720000)
  to   space 200000K,   0% used [0x0000000451080000, 0x0000000451080000, 0x000000045d3d0000)
 concurrent mark-sweep generation total 14001024K, used 8202704K [0x0000000469720000, 0x00000007c0000000, 0x00000007c0000000)
 Metaspace       used 44937K, capacity 46232K, committed 46652K, reserved 1091584K
  class space    used 4916K, capacity 5189K, committed 5268K, reserved 1048576K
}
2017-04-16T11:27:00.510-0700: 138144.770: Total time for which application threads were stopped: 0.0139046 seconds, Stopping threads took: 0.0000502 seconds
{Heap before GC invocations=12791 (full 18):
 par new generation   total 1800000K, used 1607732K [0x00000003ef600000, 0x0000000469720000, 0x0000000469720000)
  eden space 1600000K, 100% used [0x00000003ef600000, 0x0000000451080000, 0x0000000451080000)
  from space 200000K,   3% used [0x000000045d3d0000, 0x000000045db5d2e0, 0x0000000469720000)
  to   space 200000K,   0% used [0x0000000451080000, 0x0000000451080000, 0x000000045d3d0000)
 concurrent mark-sweep generation total 14001024K, used 8202704K [0x0000000469720000, 0x00000007c0000000, 0x00000007c0000000)
 Metaspace       used 44937K, capacity 46232K, committed 46652K, reserved 1091584K
  class space    used 4916K, capacity 5189K, committed 5268K, reserved 1048576K
2017-04-16T11:27:13.945-0700: 138158.204: [GC (Allocation Failure) Before GC:
Statistics for BinaryTreeDictionary:
------------------------------------
Total Free Space: 169120877
Max   Chunk Size: 1128311
Number of Blocks: 76210
Av.  Block  Size: 2219
Tree      Height: 110
2017-04-16T11:27:13.945-0700: 138158.205: [ParNew
Desired survivor size 102400000 bytes, new threshold 1 (max 1)
- age   1:    5834928 bytes,    5834928 total
: 1607732K->6067K(1800000K), 0.0123283 secs] 9810437K->8210145K(15801024K)After GC:
Statistics for BinaryTreeDictionary:
------------------------------------
Total Free Space: 169077019
Max   Chunk Size: 1128311
Number of Blocks: 76192
Av.  Block  Size: 2219
Tree      Height: 110
, 0.0136363 secs] [Times: user=0.31 sys=0.00, real=0.01 secs] 
Heap after GC invocations=12792 (full 18):
 par new generation   total 1800000K, used 6067K [0x00000003ef600000, 0x0000000469720000, 0x0000000469720000)
  eden space 1600000K,   0% used [0x00000003ef600000, 0x00000003ef600000, 0x0000000451080000)
  from space 200000K,   3% used [0x0000000451080000, 0x000000045166cff0, 0x000000045d3d0000)
  to   space 200000K,   0% used [0x000000045d3d0000, 0x000000045d3d0000, 0x0000000469720000)
 concurrent mark-sweep generation total 14001024K, used 8204077K [0x0000000469720000, 0x00000007c0000000, 0x00000007c0000000)
 Metaspace       used 44937K, capacity 46232K, committed 46652K, reserved 1091584K
  class space    used 4916K, capacity 5189K, committed 5268K, reserved 1048576K
}
2017-04-16T11:27:13.958-0700: 138158.218: Total time for which application threads were stopped: 0.0147205 seconds, Stopping threads took: 0.0001494 seconds
{Heap before GC invocations=12792 (full 18):
 par new generation   total 1800000K, used 1606067K [0x00000003ef600000, 0x0000000469720000, 0x0000000469720000)
  eden space 1600000K, 100% used [0x00000003ef600000, 0x0000000451080000, 0x0000000451080000)
  from space 200000K,   3% used [0x0000000451080000, 0x000000045166cff0, 0x000000045d3d0000)
  to   space 200000K,   0% used [0x000000045d3d0000, 0x000000045d3d0000, 0x0000000469720000)
 concurrent mark-sweep generation total 14001024K, used 8204077K [0x0000000469720000, 0x00000007c0000000, 0x00000007c0000000)
 Metaspace       used 44937K, capacity 46232K, committed 46652K, reserved 1091584K
  class space    used 4916K, capacity 5189K, committed 5268K, reserved 1048576K
2017-04-16T11:27:27.531-0700: 138171.790: [GC (Allocation Failure) Before GC:
Statistics for BinaryTreeDictionary:
------------------------------------
Total Free Space: 169077019
Max   Chunk Size: 1128311
Number of Blocks: 76192
Av.  Block  Size: 2219
Tree      Height: 110
2017-04-16T11:27:27.531-0700: 138171.791: [ParNew
Desired survivor size 102400000 bytes, new threshold 1 (max 1)
- age   1:    6761704 bytes,    6761704 total
: 1606067K->7112K(1800000K), 0.0119571 secs] 9810145K->8212292K(15801024K)After GC:
Statistics for BinaryTreeDictionary:
------------------------------------
Total Free Space: 169067221
Max   Chunk Size: 1128311
Number of Blocks: 76178
Av.  Block  Size: 2219
Tree      Height: 110
, 0.0132607 secs] [Times: user=0.30 sys=0.00, real=0.02 secs] 
Heap after GC invocations=12793 (full 18):
 par new generation   total 1800000K, used 7112K [0x00000003ef600000, 0x0000000469720000, 0x0000000469720000)
  eden space 1600000K,   0% used [0x00000003ef600000, 0x00000003ef600000, 0x0000000451080000)
  from space 200000K,   3% used [0x000000045d3d0000, 0x000000045dac23b8, 0x0000000469720000)
  to   space 200000K,   0% used [0x0000000451080000, 0x0000000451080000, 0x000000045d3d0000)
 concurrent mark-sweep generation total 14001024K, used 8205179K [0x0000000469720000, 0x00000007c0000000, 0x00000007c0000000)
 Metaspace       used 44937K, capacity 46232K, committed 46652K, reserved 1091584K
  class space    used 4916K, capacity 5189K, committed 5268K, reserved 1048576K
}
2017-04-16T11:27:27.544-0700: 138171.804: Total time for which application threads were stopped: 0.0143486 seconds, Stopping threads took: 0.0001599 seconds
{Heap before GC invocations=12793 (full 18):
 par new generation   total 1800000K, used 1607112K [0x00000003ef600000, 0x0000000469720000, 0x0000000469720000)
  eden space 1600000K, 100% used [0x00000003ef600000, 0x0000000451080000, 0x0000000451080000)
  from space 200000K,   3% used [0x000000045d3d0000, 0x000000045dac23b8, 0x0000000469720000)
  to   space 200000K,   0% used [0x0000000451080000, 0x0000000451080000, 0x000000045d3d0000)
 concurrent mark-sweep generation total 14001024K, used 8205179K [0x0000000469720000, 0x00000007c0000000, 0x00000007c0000000)
 Metaspace       used 44937K, capacity 46232K, committed 46652K, reserved 1091584K
  class space    used 4916K, capacity 5189K, committed 5268K, reserved 1048576K
2017-04-16T11:27:41.164-0700: 138185.423: [GC (Allocation Failure) Before GC:
Statistics for BinaryTreeDictionary:
------------------------------------
Total Free Space: 169067221
Max   Chunk Size: 1128311
Number of Blocks: 76178
Av.  Block  Size: 2219
Tree      Height: 110
2017-04-16T11:27:41.164-0700: 138185.424: [ParNew
Desired survivor size 102400000 bytes, new threshold 1 (max 1)
- age   1:    6570928 bytes,    6570928 total
: 1607112K->7000K(1800000K), 0.0118627 secs] 9812292K->8213386K(15801024K)After GC:
Statistics for BinaryTreeDictionary:
------------------------------------
Total Free Space: 169039986
Max   Chunk Size: 1128311
Number of Blocks: 76161
Av.  Block  Size: 2219
Tree      Height: 110
, 0.0131603 secs] [Times: user=0.29 sys=0.00, real=0.02 secs] 
Heap after GC invocations=12794 (full 18):
 par new generation   total 1800000K, used 7000K [0x00000003ef600000, 0x0000000469720000, 0x0000000469720000)
  eden space 1600000K,   0% used [0x00000003ef600000, 0x00000003ef600000, 0x0000000451080000)
  from space 200000K,   3% used [0x0000000451080000, 0x00000004517562a8, 0x000000045d3d0000)
  to   space 200000K,   0% used [0x000000045d3d0000, 0x000000045d3d0000, 0x0000000469720000)
 concurrent mark-sweep generation total 14001024K, used 8206385K [0x0000000469720000, 0x00000007c0000000, 0x00000007c0000000)
 Metaspace       used 44937K, capacity 46232K, committed 46652K, reserved 1091584K
  class space    used 4916K, capacity 5189K, committed 5268K, reserved 1048576K
}
2017-04-16T11:27:41.177-0700: 138185.436: Total time for which application threads were stopped: 0.0142273 seconds, Stopping threads took: 0.0001467 seconds
{Heap before GC invocations=12794 (full 18):
 par new generation   total 1800000K, used 1607000K [0x00000003ef600000, 0x0000000469720000, 0x0000000469720000)
  eden space 1600000K, 100% used [0x00000003ef600000, 0x0000000451080000, 0x0000000451080000)
  from space 200000K,   3% used [0x0000000451080000, 0x00000004517562a8, 0x000000045d3d0000)
  to   space 200000K,   0% used [0x000000045d3d0000, 0x000000045d3d0000, 0x0000000469720000)
 concurrent mark-sweep generation total 14001024K, used 8206385K [0x0000000469720000, 0x00000007c0000000, 0x00000007c0000000)
 Metaspace       used 44937K, capacity 46232K, committed 46652K, reserved 1091584K
  class space    used 4916K, capacity 5189K, committed 5268K, reserved 1048576K
2017-04-16T11:27:54.932-0700: 138199.192: [GC (Allocation Failure) Before GC:
Statistics for BinaryTreeDictionary:
------------------------------------
Total Free Space: 169039986
Max   Chunk Size: 1128311
Number of Blocks: 76161
Av.  Block  Size: 2219
Tree      Height: 110
2017-04-16T11:27:54.933-0700: 138199.192: [ParNew
Desired survivor size 102400000 bytes, new threshold 1 (max 1)
- age   1:    6714928 bytes,    6714928 total
: 1607000K->6996K(1800000K), 0.0117034 secs] 9813386K->8214410K(15801024K)After GC:
Statistics for BinaryTreeDictionary:
------------------------------------
Total Free Space: 169013176
Max   Chunk Size: 1128311
Number of Blocks: 76144
Av.  Block  Size: 2219
Tree      Height: 110
, 0.0129814 secs] [Times: user=0.29 sys=0.00, real=0.01 secs] 
Heap after GC invocations=12795 (full 18):
 par new generation   total 1800000K, used 6996K [0x00000003ef600000, 0x0000000469720000, 0x0000000469720000)
  eden space 1600000K,   0% used [0x00000003ef600000, 0x00000003ef600000, 0x0000000451080000)
  from space 200000K,   3% used [0x000000045d3d0000, 0x000000045daa53a0, 0x0000000469720000)
  to   space 200000K,   0% used [0x0000000451080000, 0x0000000451080000, 0x000000045d3d0000)
 concurrent mark-sweep generation total 14001024K, used 8207413K [0x0000000469720000, 0x00000007c0000000, 0x00000007c0000000)
 Metaspace       used 44937K, capacity 46232K, committed 46652K, reserved 1091584K
  class space    used 4916K, capacity 5189K, committed 5268K, reserved 1048576K
}
2017-04-16T11:27:54.946-0700: 138199.205: Total time for which application threads were stopped: 0.0140373 seconds, Stopping threads took: 0.0001440 seconds
{Heap before GC invocations=12795 (full 18):
 par new generation   total 1800000K, used 1606996K [0x00000003ef600000, 0x0000000469720000, 0x0000000469720000)
  eden space 1600000K, 100% used [0x00000003ef600000, 0x0000000451080000, 0x0000000451080000)
  from space 200000K,   3% used [0x000000045d3d0000, 0x000000045daa53a0, 0x0000000469720000)
  to   space 200000K,   0% used [0x0000000451080000, 0x0000000451080000, 0x000000045d3d0000)
 concurrent mark-sweep generation total 14001024K, used 8207413K [0x0000000469720000, 0x00000007c0000000, 0x00000007c0000000)
 Metaspace       used 44937K, capacity 46232K, committed 46652K, reserved 1091584K
  class space    used 4916K, capacity 5189K, committed 5268K, reserved 1048576K
2017-04-16T11:28:08.482-0700: 138212.741: [GC (Allocation Failure) Before GC:
Statistics for BinaryTreeDictionary:
------------------------------------
Total Free Space: 169013176
Max   Chunk Size: 1128311
Number of Blocks: 76144
Av.  Block  Size: 2219
Tree      Height: 110
2017-04-16T11:28:08.483-0700: 138212.742: [ParNew
Desired survivor size 102400000 bytes, new threshold 1 (max 1)
- age   1:    6782776 bytes,    6782776 total
: 1606996K->7280K(1800000K), 0.0123738 secs] 9814410K->8216029K(15801024K)After GC:
Statistics for BinaryTreeDictionary:
------------------------------------
Total Free Space: 168969162
Max   Chunk Size: 1128311
Number of Blocks: 76126
Av.  Block  Size: 2219
Tree      Height: 110
, 0.0136704 secs] [Times: user=0.31 sys=0.00, real=0.01 secs] 
Heap after GC invocations=12796 (full 18):
 par new generation   total 1800000K, used 7280K [0x00000003ef600000, 0x0000000469720000, 0x0000000469720000)
  eden space 1600000K,   0% used [0x00000003ef600000, 0x00000003ef600000, 0x0000000451080000)
  from space 200000K,   3% used [0x0000000451080000, 0x000000045179c350, 0x000000045d3d0000)
  to   space 200000K,   0% used [0x000000045d3d0000, 0x000000045d3d0000, 0x0000000469720000)
 concurrent mark-sweep generation total 14001024K, used 8208748K [0x0000000469720000, 0x00000007c0000000, 0x00000007c0000000)
 Metaspace       used 44937K, capacity 46232K, committed 46652K, reserved 1091584K
  class space    used 4916K, capacity 5189K, committed 5268K, reserved 1048576K
}
2017-04-16T11:28:08.496-0700: 138212.755: Total time for which application threads were stopped: 0.0147610 seconds, Stopping threads took: 0.0001480 seconds
2017-04-16T11:28:09.780-0700: 138214.039: Total time for which application threads were stopped: 0.0021329 seconds, Stopping threads took: 0.0001436 seconds
2017-04-16T11:28:10.781-0700: 138215.040: Total time for which application threads were stopped: 0.0008545 seconds, Stopping threads took: 0.0001569 seconds
{Heap before GC invocations=12796 (full 18):
 par new generation   total 1800000K, used 1607280K [0x00000003ef600000, 0x0000000469720000, 0x0000000469720000)
  eden space 1600000K, 100% used [0x00000003ef600000, 0x0000000451080000, 0x0000000451080000)
  from space 200000K,   3% used [0x0000000451080000, 0x000000045179c350, 0x000000045d3d0000)
  to   space 200000K,   0% used [0x000000045d3d0000, 0x000000045d3d0000, 0x0000000469720000)
 concurrent mark-sweep generation total 14001024K, used 8208748K [0x0000000469720000, 0x00000007c0000000, 0x00000007c0000000)
 Metaspace       used 44937K, capacity 46232K, committed 46652K, reserved 1091584K
  class space    used 4916K, capacity 5189K, committed 5268K, reserved 1048576K
2017-04-16T11:28:20.090-0700: 138224.350: [GC (Allocation Failure) Before GC:
Statistics for BinaryTreeDictionary:
------------------------------------
Total Free Space: 168969162
Max   Chunk Size: 1128311
Number of Blocks: 76126
Av.  Block  Size: 2219
Tree      Height: 110
2017-04-16T11:28:20.091-0700: 138224.350: [ParNew
Desired survivor size 102400000 bytes, new threshold 1 (max 1)
- age   1:    7005040 bytes,    7005040 total
: 1607280K->7475K(1800000K), 0.0119041 secs] 9816029K->8217333K(15801024K)After GC:
Statistics for BinaryTreeDictionary:
------------------------------------
Total Free Space: 168958986
Max   Chunk Size: 1128311
Number of Blocks: 76110
Av.  Block  Size: 2219
Tree      Height: 110
, 0.0132228 secs] [Times: user=0.30 sys=0.00, real=0.02 secs] 
Heap after GC invocations=12797 (full 18):
 par new generation   total 1800000K, used 7475K [0x00000003ef600000, 0x0000000469720000, 0x0000000469720000)
  eden space 1600000K,   0% used [0x00000003ef600000, 0x00000003ef600000, 0x0000000451080000)
  from space 200000K,   3% used [0x000000045d3d0000, 0x000000045db1ccb0, 0x0000000469720000)
  to   space 200000K,   0% used [0x0000000451080000, 0x0000000451080000, 0x000000045d3d0000)
 concurrent mark-sweep generation total 14001024K, used 8209858K [0x0000000469720000, 0x00000007c0000000, 0x00000007c0000000)
 Metaspace       used 44937K, capacity 46232K, committed 46652K, reserved 1091584K
  class space    used 4916K, capacity 5189K, committed 5268K, reserved 1048576K
}
2017-04-16T11:28:20.104-0700: 138224.363: Total time for which application threads were stopped: 0.0143186 seconds, Stopping threads took: 0.0001627 seconds
{Heap before GC invocations=12797 (full 18):
 par new generation   total 1800000K, used 1607475K [0x00000003ef600000, 0x0000000469720000, 0x0000000469720000)
  eden space 1600000K, 100% used [0x00000003ef600000, 0x0000000451080000, 0x0000000451080000)
  from space 200000K,   3% used [0x000000045d3d0000, 0x000000045db1ccb0, 0x0000000469720000)
  to   space 200000K,   0% used [0x0000000451080000, 0x0000000451080000, 0x000000045d3d0000)
 concurrent mark-sweep generation total 14001024K, used 8209858K [0x0000000469720000, 0x00000007c0000000, 0x00000007c0000000)
 Metaspace       used 44937K, capacity 46232K, committed 46652K, reserved 1091584K
  class space    used 4916K, capacity 5189K, committed 5268K, reserved 1048576K
2017-04-16T11:28:33.630-0700: 138237.889: [GC (Allocation Failure) Before GC:
Statistics for BinaryTreeDictionary:
------------------------------------
Total Free Space: 168958986
Max   Chunk Size: 1128311
Number of Blocks: 76110
Av.  Block  Size: 2219
Tree      Height: 110
2017-04-16T11:28:33.631-0700: 138237.890: [ParNew
Desired survivor size 102400000 bytes, new threshold 1 (max 1)
- age   1:    6546576 bytes,    6546576 total
: 1607475K->6891K(1800000K), 0.0118207 secs] 9817333K->8218415K(15801024K)After GC:
Statistics for BinaryTreeDictionary:
------------------------------------
Total Free Space: 168852872
Max   Chunk Size: 1128311
Number of Blocks: 76072
Av.  Block  Size: 2219
Tree      Height: 110
, 0.0130975 secs] [Times: user=0.30 sys=0.00, real=0.01 secs] 
Heap after GC invocations=12798 (full 18):
 par new generation   total 1800000K, used 6891K [0x00000003ef600000, 0x0000000469720000, 0x0000000469720000)
  eden space 1600000K,   0% used [0x00000003ef600000, 0x00000003ef600000, 0x0000000451080000)
  from space 200000K,   3% used [0x0000000451080000, 0x000000045173aff0, 0x000000045d3d0000)
  to   space 200000K,   0% used [0x000000045d3d0000, 0x000000045d3d0000, 0x0000000469720000)
 concurrent mark-sweep generation total 14001024K, used 8211523K [0x0000000469720000, 0x00000007c0000000, 0x00000007c0000000)
 Metaspace       used 44937K, capacity 46232K, committed 46652K, reserved 1091584K
  class space    used 4916K, capacity 5189K, committed 5268K, reserved 1048576K
}
2017-04-16T11:28:33.643-0700: 138237.903: Total time for which application threads were stopped: 0.0141894 seconds, Stopping threads took: 0.0001531 seconds
{Heap before GC invocations=12798 (full 18):
 par new generation   total 1800000K, used 1606891K [0x00000003ef600000, 0x0000000469720000, 0x0000000469720000)
  eden space 1600000K, 100% used [0x00000003ef600000, 0x0000000451080000, 0x0000000451080000)
  from space 200000K,   3% used [0x0000000451080000, 0x000000045173aff0, 0x000000045d3d0000)
  to   space 200000K,   0% used [0x000000045d3d0000, 0x000000045d3d0000, 0x0000000469720000)
 concurrent mark-sweep generation total 14001024K, used 8211523K [0x0000000469720000, 0x00000007c0000000, 0x00000007c0000000)
 Metaspace       used 44937K, capacity 46232K, committed 46652K, reserved 1091584K
  class space    used 4916K, capacity 5189K, committed 5268K, reserved 1048576K
2017-04-16T11:28:47.464-0700: 138251.724: [GC (Allocation Failure) Before GC:
Statistics for BinaryTreeDictionary:
------------------------------------
Total Free Space: 168852872
Max   Chunk Size: 1128311
Number of Blocks: 76072
Av.  Block  Size: 2219
Tree      Height: 110
2017-04-16T11:28:47.465-0700: 138251.724: [ParNew
Desired survivor size 102400000 bytes, new threshold 1 (max 1)
- age   1:    6234176 bytes,    6234176 total
: 1606891K->6659K(1800000K), 0.0120797 secs] 9818415K->8219509K(15801024K)After GC:
Statistics for BinaryTreeDictionary:
------------------------------------
Total Free Space: 168807942
Max   Chunk Size: 1128311
Number of Blocks: 76053
Av.  Block  Size: 2219
Tree      Height: 110
, 0.0133769 secs] [Times: user=0.30 sys=0.00, real=0.02 secs] 
Heap after GC invocations=12799 (full 18):
 par new generation   total 1800000K, used 6659K [0x00000003ef600000, 0x0000000469720000, 0x0000000469720000)
  eden space 1600000K,   0% used [0x00000003ef600000, 0x00000003ef600000, 0x0000000451080000)
  from space 200000K,   3% used [0x000000045d3d0000, 0x000000045da50dd8, 0x0000000469720000)
  to   space 200000K,   0% used [0x0000000451080000, 0x0000000451080000, 0x000000045d3d0000)
 concurrent mark-sweep generation total 14001024K, used 8212849K [0x0000000469720000, 0x00000007c0000000, 0x00000007c0000000)
 Metaspace       used 44937K, capacity 46232K, committed 46652K, reserved 1091584K
  class space    used 4916K, capacity 5189K, committed 5268K, reserved 1048576K
}
2017-04-16T11:28:47.478-0700: 138251.737: Total time for which application threads were stopped: 0.0144521 seconds, Stopping threads took: 0.0001487 seconds
{Heap before GC invocations=12799 (full 18):
 par new generation   total 1800000K, used 1606659K [0x00000003ef600000, 0x0000000469720000, 0x0000000469720000)
  eden space 1600000K, 100% used [0x00000003ef600000, 0x0000000451080000, 0x0000000451080000)
  from space 200000K,   3% used [0x000000045d3d0000, 0x000000045da50dd8, 0x0000000469720000)
  to   space 200000K,   0% used [0x0000000451080000, 0x0000000451080000, 0x000000045d3d0000)
 concurrent mark-sweep generation total 14001024K, used 8212849K [0x0000000469720000, 0x00000007c0000000, 0x00000007c0000000)
 Metaspace       used 44937K, capacity 46232K, committed 46652K, reserved 1091584K
  class space    used 4916K, capacity 5189K, committed 5268K, reserved 1048576K
2017-04-16T11:29:01.259-0700: 138265.518: [GC (Allocation Failure) Before GC:
Statistics for BinaryTreeDictionary:
------------------------------------
Total Free Space: 168807942
Max   Chunk Size: 1128311
Number of Blocks: 76053
Av.  Block  Size: 2219
Tree      Height: 110
2017-04-16T11:29:01.259-0700: 138265.519: [ParNew
Desired survivor size 102400000 bytes, new threshold 1 (max 1)
- age   1:    7314448 bytes,    7314448 total
: 1606659K->7661K(1800000K), 0.0122923 secs] 9819509K->8221853K(15801024K)After GC:
Statistics for BinaryTreeDictionary:
------------------------------------
Total Free Space: 168764939
Max   Chunk Size: 1128311
Number of Blocks: 76038
Av.  Block  Size: 2219
Tree      Height: 110
, 0.0135775 secs] [Times: user=0.30 sys=0.00, real=0.01 secs] 
Heap after GC invocations=12800 (full 18):
 par new generation   total 1800000K, used 7661K [0x00000003ef600000, 0x0000000469720000, 0x0000000469720000)
  eden space 1600000K,   0% used [0x00000003ef600000, 0x00000003ef600000, 0x0000000451080000)
  from space 200000K,   3% used [0x0000000451080000, 0x00000004517fb5a0, 0x000000045d3d0000)
  to   space 200000K,   0% used [0x000000045d3d0000, 0x000000045d3d0000, 0x0000000469720000)
 concurrent mark-sweep generation total 14001024K, used 8214191K [0x0000000469720000, 0x00000007c0000000, 0x00000007c0000000)
 Metaspace       used 44937K, capacity 46232K, committed 46652K, reserved 1091584K
  class space    used 4916K, capacity 5189K, committed 5268K, reserved 1048576K
}
2017-04-16T11:29:01.273-0700: 138265.532: Total time for which application threads were stopped: 0.0146610 seconds, Stopping threads took: 0.0001489 seconds
2017-04-16T11:29:07.561-0700: 138271.820: Total time for which application threads were stopped: 0.0021430 seconds, Stopping threads took: 0.0001473 seconds
{Heap before GC invocations=12800 (full 18):
 par new generation   total 1800000K, used 1607661K [0x00000003ef600000, 0x0000000469720000, 0x0000000469720000)
  eden space 1600000K, 100% used [0x00000003ef600000, 0x0000000451080000, 0x0000000451080000)
  from space 200000K,   3% used [0x0000000451080000, 0x00000004517fb5a0, 0x000000045d3d0000)
  to   space 200000K,   0% used [0x000000045d3d0000, 0x000000045d3d0000, 0x0000000469720000)
 concurrent mark-sweep generation total 14001024K, used 8214191K [0x0000000469720000, 0x00000007c0000000, 0x00000007c0000000)
 Metaspace       used 44937K, capacity 46232K, committed 46652K, reserved 1091584K
  class space    used 4916K, capacity 5189K, committed 5268K, reserved 1048576K
2017-04-16T11:29:15.415-0700: 138279.675: [GC (Allocation Failure) Before GC:
Statistics for BinaryTreeDictionary:
------------------------------------
Total Free Space: 168764939
Max   Chunk Size: 1128311
Number of Blocks: 76038
Av.  Block  Size: 2219
Tree      Height: 110
2017-04-16T11:29:15.416-0700: 138279.675: [ParNew
Desired survivor size 102400000 bytes, new threshold 1 (max 1)
- age   1:    6294328 bytes,    6294328 total
: 1607661K->6786K(1800000K), 0.0122723 secs] 9821853K->8222239K(15801024K)After GC:
Statistics for BinaryTreeDictionary:
------------------------------------
Total Free Space: 168737687
Max   Chunk Size: 1128311
Number of Blocks: 76021
Av.  Block  Size: 2219
Tree      Height: 110
, 0.0135760 secs] [Times: user=0.30 sys=0.00, real=0.01 secs] 
Heap after GC invocations=12801 (full 18):
 par new generation   total 1800000K, used 6786K [0x00000003ef600000, 0x0000000469720000, 0x0000000469720000)
  eden space 1600000K,   0% used [0x00000003ef600000, 0x00000003ef600000, 0x0000000451080000)
  from space 200000K,   3% used [0x000000045d3d0000, 0x000000045da70988, 0x0000000469720000)
  to   space 200000K,   0% used [0x0000000451080000, 0x0000000451080000, 0x000000045d3d0000)
 concurrent mark-sweep generation total 14001024K, used 8215453K [0x0000000469720000, 0x00000007c0000000, 0x00000007c0000000)
 Metaspace       used 44937K, capacity 46232K, committed 46652K, reserved 1091584K
  class space    used 4916K, capacity 5189K, committed 5268K, reserved 1048576K
}
2017-04-16T11:29:15.429-0700: 138279.688: Total time for which application threads were stopped: 0.0146670 seconds, Stopping threads took: 0.0001711 seconds
{Heap before GC invocations=12801 (full 18):
 par new generation   total 1800000K, used 1606786K [0x00000003ef600000, 0x0000000469720000, 0x0000000469720000)
  eden space 1600000K, 100% used [0x00000003ef600000, 0x0000000451080000, 0x0000000451080000)
  from space 200000K,   3% used [0x000000045d3d0000, 0x000000045da70988, 0x0000000469720000)
  to   space 200000K,   0% used [0x0000000451080000, 0x0000000451080000, 0x000000045d3d0000)
 concurrent mark-sweep generation total 14001024K, used 8215453K [0x0000000469720000, 0x00000007c0000000, 0x00000007c0000000)
 Metaspace       used 44937K, capacity 46232K, committed 46652K, reserved 1091584K
  class space    used 4916K, capacity 5189K, committed 5268K, reserved 1048576K
2017-04-16T11:29:29.484-0700: 138293.743: [GC (Allocation Failure) Before GC:
Statistics for BinaryTreeDictionary:
------------------------------------
Total Free Space: 168737687
Max   Chunk Size: 1128311
Number of Blocks: 76021
Av.  Block  Size: 2219
Tree      Height: 110
2017-04-16T11:29:29.484-0700: 138293.744: [ParNew
Desired survivor size 102400000 bytes, new threshold 1 (max 1)
- age   1:    5652872 bytes,    5652872 total
: 1606786K->6094K(1800000K), 0.0121063 secs] 9822239K->8223018K(15801024K)After GC:
Statistics for BinaryTreeDictionary:
------------------------------------
Total Free Space: 168688897
Max   Chunk Size: 1128311
Number of Blocks: 75992
Av.  Block  Size: 2219
Tree      Height: 110
, 0.0133978 secs] [Times: user=0.30 sys=0.00, real=0.01 secs] 
Heap after GC invocations=12802 (full 18):
 par new generation   total 1800000K, used 6094K [0x00000003ef600000, 0x0000000469720000, 0x0000000469720000)
  eden space 1600000K,   0% used [0x00000003ef600000, 0x00000003ef600000, 0x0000000451080000)
  from space 200000K,   3% used [0x0000000451080000, 0x0000000451673a00, 0x000000045d3d0000)
  to   space 200000K,   0% used [0x000000045d3d0000, 0x000000045d3d0000, 0x0000000469720000)
 concurrent mark-sweep generation total 14001024K, used 8216924K [0x0000000469720000, 0x00000007c0000000, 0x00000007c0000000)
 Metaspace       used 44937K, capacity 46232K, committed 46652K, reserved 1091584K
  class space    used 4916K, capacity 5189K, committed 5268K, reserved 1048576K
}
2017-04-16T11:29:29.497-0700: 138293.757: Total time for which application threads were stopped: 0.0144835 seconds, Stopping threads took: 0.0001537 seconds
2017-04-16T11:29:39.613-0700: 138303.872: Total time for which application threads were stopped: 0.0021628 seconds, Stopping threads took: 0.0001466 seconds
2017-04-16T11:29:40.614-0700: 138304.873: Total time for which application threads were stopped: 0.0008601 seconds, Stopping threads took: 0.0001539 seconds
{Heap before GC invocations=12802 (full 18):
 par new generation   total 1800000K, used 1606094K [0x00000003ef600000, 0x0000000469720000, 0x0000000469720000)
  eden space 1600000K, 100% used [0x00000003ef600000, 0x0000000451080000, 0x0000000451080000)
  from space 200000K,   3% used [0x0000000451080000, 0x0000000451673a00, 0x000000045d3d0000)
  to   space 200000K,   0% used [0x000000045d3d0000, 0x000000045d3d0000, 0x0000000469720000)
 concurrent mark-sweep generation total 14001024K, used 8216924K [0x0000000469720000, 0x00000007c0000000, 0x00000007c0000000)
 Metaspace       used 44937K, capacity 46232K, committed 46652K, reserved 1091584K
  class space    used 4916K, capacity 5189K, committed 5268K, reserved 1048576K
2017-04-16T11:29:41.143-0700: 138305.402: [GC (Allocation Failure) Before GC:
Statistics for BinaryTreeDictionary:
------------------------------------
Total Free Space: 168688897
Max   Chunk Size: 1128311
Number of Blocks: 75992
Av.  Block  Size: 2219
Tree      Height: 110
2017-04-16T11:29:41.143-0700: 138305.403: [ParNew
Desired survivor size 102400000 bytes, new threshold 1 (max 1)
- age   1:    6450600 bytes,    6450600 total
: 1606094K->6901K(1800000K), 0.0120716 secs] 9823018K->8224991K(15801024K)After GC:
Statistics for BinaryTreeDictionary:
------------------------------------
Total Free Space: 168663543
Max   Chunk Size: 1128311
Number of Blocks: 75978
Av.  Block  Size: 2219
Tree      Height: 110
, 0.0133834 secs] [Times: user=0.30 sys=0.00, real=0.02 secs] 
Heap after GC invocations=12803 (full 18):
 par new generation   total 1800000K, used 6901K [0x00000003ef600000, 0x0000000469720000, 0x0000000469720000)
  eden space 1600000K,   0% used [0x00000003ef600000, 0x00000003ef600000, 0x0000000451080000)
  from space 200000K,   3% used [0x000000045d3d0000, 0x000000045da8d468, 0x0000000469720000)
  to   space 200000K,   0% used [0x0000000451080000, 0x0000000451080000, 0x000000045d3d0000)
 concurrent mark-sweep generation total 14001024K, used 8218090K [0x0000000469720000, 0x00000007c0000000, 0x00000007c0000000)
 Metaspace       used 44937K, capacity 46232K, committed 46652K, reserved 1091584K
  class space    used 4916K, capacity 5189K, committed 5268K, reserved 1048576K
}
2017-04-16T11:29:41.156-0700: 138305.416: Total time for which application threads were stopped: 0.0145039 seconds, Stopping threads took: 0.0001582 seconds
2017-04-16T11:29:41.531-0700: 138305.791: Total time for which application threads were stopped: 0.0008889 seconds, Stopping threads took: 0.0001589 seconds
2017-04-16T11:29:43.478-0700: 138307.737: Total time for which application threads were stopped: 0.0022538 seconds, Stopping threads took: 0.0001515 seconds
{Heap before GC invocations=12803 (full 18):
 par new generation   total 1800000K, used 1606901K [0x00000003ef600000, 0x0000000469720000, 0x0000000469720000)
  eden space 1600000K, 100% used [0x00000003ef600000, 0x0000000451080000, 0x0000000451080000)
  from space 200000K,   3% used [0x000000045d3d0000, 0x000000045da8d468, 0x0000000469720000)
  to   space 200000K,   0% used [0x0000000451080000, 0x0000000451080000, 0x000000045d3d0000)
 concurrent mark-sweep generation total 14001024K, used 8218090K [0x0000000469720000, 0x00000007c0000000, 0x00000007c0000000)
 Metaspace       used 44937K, capacity 46232K, committed 46652K, reserved 1091584K
  class space    used 4916K, capacity 5189K, committed 5268K, reserved 1048576K
2017-04-16T11:29:53.699-0700: 138317.958: [GC (Allocation Failure) Before GC:
Statistics for BinaryTreeDictionary:
------------------------------------
Total Free Space: 168663543
Max   Chunk Size: 1128311
Number of Blocks: 75978
Av.  Block  Size: 2219
Tree      Height: 110
2017-04-16T11:29:53.700-0700: 138317.959: [ParNew
Desired survivor size 102400000 bytes, new threshold 1 (max 1)
- age   1:    7296048 bytes,    7296048 total
: 1606901K->7703K(1800000K), 0.0120881 secs] 9824991K->8227314K(15801024K)After GC:
Statistics for BinaryTreeDictionary:
------------------------------------
Total Free Space: 168573397
Max   Chunk Size: 1128311
Number of Blocks: 75939
Av.  Block  Size: 2219
Tree      Height: 110
, 0.0134005 secs] [Times: user=0.30 sys=0.00, real=0.01 secs] 
Heap after GC invocations=12804 (full 18):
 par new generation   total 1800000K, used 7703K [0x00000003ef600000, 0x0000000469720000, 0x0000000469720000)
  eden space 1600000K,   0% used [0x00000003ef600000, 0x00000003ef600000, 0x0000000451080000)
  from space 200000K,   3% used [0x0000000451080000, 0x0000000451805f20, 0x000000045d3d0000)
  to   space 200000K,   0% used [0x000000045d3d0000, 0x000000045d3d0000, 0x0000000469720000)
 concurrent mark-sweep generation total 14001024K, used 8219610K [0x0000000469720000, 0x00000007c0000000, 0x00000007c0000000)
 Metaspace       used 44937K, capacity 46232K, committed 46652K, reserved 1091584K
  class space    used 4916K, capacity 5189K, committed 5268K, reserved 1048576K
}
2017-04-16T11:29:53.713-0700: 138317.972: Total time for which application threads were stopped: 0.0145143 seconds, Stopping threads took: 0.0001550 seconds
{Heap before GC invocations=12804 (full 18):
 par new generation   total 1800000K, used 1607703K [0x00000003ef600000, 0x0000000469720000, 0x0000000469720000)
  eden space 1600000K, 100% used [0x00000003ef600000, 0x0000000451080000, 0x0000000451080000)
  from space 200000K,   3% used [0x0000000451080000, 0x0000000451805f20, 0x000000045d3d0000)
  to   space 200000K,   0% used [0x000000045d3d0000, 0x000000045d3d0000, 0x0000000469720000)
 concurrent mark-sweep generation total 14001024K, used 8219610K [0x0000000469720000, 0x00000007c0000000, 0x00000007c0000000)
 Metaspace       used 44937K, capacity 46232K, committed 46652K, reserved 1091584K
  class space    used 4916K, capacity 5189K, committed 5268K, reserved 1048576K
2017-04-16T11:30:07.254-0700: 138331.513: [GC (Allocation Failure) Before GC:
Statistics for BinaryTreeDictionary:
------------------------------------
Total Free Space: 168573397
Max   Chunk Size: 1128311
Number of Blocks: 75939
Av.  Block  Size: 2219
Tree      Height: 110
2017-04-16T11:30:07.254-0700: 138331.514: [ParNew
Desired survivor size 102400000 bytes, new threshold 1 (max 1)
- age   1:    6989032 bytes,    6989032 total
: 1607703K->7269K(1800000K), 0.0122940 secs] 9827314K->8228225K(15801024K)After GC:
Statistics for BinaryTreeDictionary:
------------------------------------
Total Free Space: 168542261
Max   Chunk Size: 1128311
Number of Blocks: 75915
Av.  Block  Size: 2220
Tree      Height: 110
, 0.0135982 secs] [Times: user=0.30 sys=0.00, real=0.02 secs] 
Heap after GC invocations=12805 (full 18):
 par new generation   total 1800000K, used 7269K [0x00000003ef600000, 0x0000000469720000, 0x0000000469720000)
  eden space 1600000K,   0% used [0x00000003ef600000, 0x00000003ef600000, 0x0000000451080000)
  from space 200000K,   3% used [0x000000045d3d0000, 0x000000045dae9600, 0x0000000469720000)
  to   space 200000K,   0% used [0x0000000451080000, 0x0000000451080000, 0x000000045d3d0000)
 concurrent mark-sweep generation total 14001024K, used 8220955K [0x0000000469720000, 0x00000007c0000000, 0x00000007c0000000)
 Metaspace       used 44937K, capacity 46232K, committed 46652K, reserved 1091584K
  class space    used 4916K, capacity 5189K, committed 5268K, reserved 1048576K
}
2017-04-16T11:30:07.268-0700: 138331.527: Total time for which application threads were stopped: 0.0146865 seconds, Stopping threads took: 0.0001535 seconds
2017-04-16T11:30:19.101-0700: 138343.360: Total time for which application threads were stopped: 0.0009249 seconds, Stopping threads took: 0.0001552 seconds
{Heap before GC invocations=12805 (full 18):
 par new generation   total 1800000K, used 1607269K [0x00000003ef600000, 0x0000000469720000, 0x0000000469720000)
  eden space 1600000K, 100% used [0x00000003ef600000, 0x0000000451080000, 0x0000000451080000)
  from space 200000K,   3% used [0x000000045d3d0000, 0x000000045dae9600, 0x0000000469720000)
  to   space 200000K,   0% used [0x0000000451080000, 0x0000000451080000, 0x000000045d3d0000)
 concurrent mark-sweep generation total 14001024K, used 8220955K [0x0000000469720000, 0x00000007c0000000, 0x00000007c0000000)
 Metaspace       used 44937K, capacity 46232K, committed 46652K, reserved 1091584K
  class space    used 4916K, capacity 5189K, committed 5268K, reserved 1048576K
2017-04-16T11:30:20.115-0700: 138344.374: [GC (Allocation Failure) Before GC:
Statistics for BinaryTreeDictionary:
------------------------------------
Total Free Space: 168542261
Max   Chunk Size: 1128311
Number of Blocks: 75915
Av.  Block  Size: 2220
Tree      Height: 110
2017-04-16T11:30:20.115-0700: 138344.375: [ParNew
Desired survivor size 102400000 bytes, new threshold 1 (max 1)
- age   1:    6285240 bytes,    6285240 total
: 1607269K->6907K(1800000K), 0.0124055 secs] 9828225K->8230070K(15801024K)After GC:
Statistics for BinaryTreeDictionary:
------------------------------------
Total Free Space: 168466663
Max   Chunk Size: 1128311
Number of Blocks: 75899
Av.  Block  Size: 2219
Tree      Height: 110
, 0.0136816 secs] [Times: user=0.31 sys=0.00, real=0.01 secs] 
Heap after GC invocations=12806 (full 18):
 par new generation   total 1800000K, used 6907K [0x00000003ef600000, 0x0000000469720000, 0x0000000469720000)
  eden space 1600000K,   0% used [0x00000003ef600000, 0x00000003ef600000, 0x0000000451080000)
  from space 200000K,   3% used [0x0000000451080000, 0x000000045173ec80, 0x000000045d3d0000)
  to   space 200000K,   0% used [0x000000045d3d0000, 0x000000045d3d0000, 0x0000000469720000)
 concurrent mark-sweep generation total 14001024K, used 8223163K [0x0000000469720000, 0x00000007c0000000, 0x00000007c0000000)
 Metaspace       used 44937K, capacity 46232K, committed 46652K, reserved 1091584K
  class space    used 4916K, capacity 5189K, committed 5268K, reserved 1048576K
}
2017-04-16T11:30:20.129-0700: 138344.388: Total time for which application threads were stopped: 0.0147515 seconds, Stopping threads took: 0.0001535 seconds
{Heap before GC invocations=12806 (full 18):
 par new generation   total 1800000K, used 1606907K [0x00000003ef600000, 0x0000000469720000, 0x0000000469720000)
  eden space 1600000K, 100% used [0x00000003ef600000, 0x0000000451080000, 0x0000000451080000)
  from space 200000K,   3% used [0x0000000451080000, 0x000000045173ec80, 0x000000045d3d0000)
  to   space 200000K,   0% used [0x000000045d3d0000, 0x000000045d3d0000, 0x0000000469720000)
 concurrent mark-sweep generation total 14001024K, used 8223163K [0x0000000469720000, 0x00000007c0000000, 0x00000007c0000000)
 Metaspace       used 44937K, capacity 46232K, committed 46652K, reserved 1091584K
  class space    used 4916K, capacity 5189K, committed 5268K, reserved 1048576K
2017-04-16T11:30:33.725-0700: 138357.984: [GC (Allocation Failure) Before GC:
Statistics for BinaryTreeDictionary:
------------------------------------
Total Free Space: 168466663
Max   Chunk Size: 1128311
Number of Blocks: 75899
Av.  Block  Size: 2219
Tree      Height: 110
2017-04-16T11:30:33.726-0700: 138357.985: [ParNew
Desired survivor size 102400000 bytes, new threshold 1 (max 1)
- age   1:    7216464 bytes,    7216464 total
: 1606907K->7758K(1800000K), 0.0119494 secs] 9830070K->8232322K(15801024K)After GC:
Statistics for BinaryTreeDictionary:
------------------------------------
Total Free Space: 168449376
Max   Chunk Size: 1128311
Number of Blocks: 75864
Av.  Block  Size: 2220
Tree      Height: 110
, 0.0132552 secs] [Times: user=0.29 sys=0.00, real=0.01 secs] 
Heap after GC invocations=12807 (full 18):
 par new generation   total 1800000K, used 7758K [0x00000003ef600000, 0x0000000469720000, 0x0000000469720000)
  eden space 1600000K,   0% used [0x00000003ef600000, 0x00000003ef600000, 0x0000000451080000)
  from space 200000K,   3% used [0x000000045d3d0000, 0x000000045db63b88, 0x0000000469720000)
  to   space 200000K,   0% used [0x0000000451080000, 0x0000000451080000, 0x000000045d3d0000)
 concurrent mark-sweep generation total 14001024K, used 8224563K [0x0000000469720000, 0x00000007c0000000, 0x00000007c0000000)
 Metaspace       used 44937K, capacity 46232K, committed 46652K, reserved 1091584K
  class space    used 4916K, capacity 5189K, committed 5268K, reserved 1048576K
}
2017-04-16T11:30:33.738-0700: 138357.998: Total time for which application threads were stopped: 0.0143393 seconds, Stopping threads took: 0.0001526 seconds
{Heap before GC invocations=12807 (full 18):
 par new generation   total 1800000K, used 1607758K [0x00000003ef600000, 0x0000000469720000, 0x0000000469720000)
  eden space 1600000K, 100% used [0x00000003ef600000, 0x0000000451080000, 0x0000000451080000)
  from space 200000K,   3% used [0x000000045d3d0000, 0x000000045db63b88, 0x0000000469720000)
  to   space 200000K,   0% used [0x0000000451080000, 0x0000000451080000, 0x000000045d3d0000)
 concurrent mark-sweep generation total 14001024K, used 8224563K [0x0000000469720000, 0x00000007c0000000, 0x00000007c0000000)
 Metaspace       used 44937K, capacity 46232K, committed 46652K, reserved 1091584K
  class space    used 4916K, capacity 5189K, committed 5268K, reserved 1048576K
2017-04-16T11:30:46.890-0700: 138371.149: [GC (Allocation Failure) Before GC:
Statistics for BinaryTreeDictionary:
------------------------------------
Total Free Space: 168449376
Max   Chunk Size: 1128311
Number of Blocks: 75864
Av.  Block  Size: 2220
Tree      Height: 110
2017-04-16T11:30:46.890-0700: 138371.150: [ParNew
Desired survivor size 102400000 bytes, new threshold 1 (max 1)
- age   1:    7331632 bytes,    7331632 total
: 1607758K->7762K(1800000K), 0.0121599 secs] 9832322K->8233624K(15801024K)After GC:
Statistics for BinaryTreeDictionary:
------------------------------------
Total Free Space: 168414101
Max   Chunk Size: 1128311
Number of Blocks: 75827
Av.  Block  Size: 2221
Tree      Height: 110
, 0.0134340 secs] [Times: user=0.31 sys=0.00, real=0.01 secs] 
Heap after GC invocations=12808 (full 18):
 par new generation   total 1800000K, used 7762K [0x00000003ef600000, 0x0000000469720000, 0x0000000469720000)
  eden space 1600000K,   0% used [0x00000003ef600000, 0x00000003ef600000, 0x0000000451080000)
  from space 200000K,   3% used [0x0000000451080000, 0x0000000451814a78, 0x000000045d3d0000)
  to   space 200000K,   0% used [0x000000045d3d0000, 0x000000045d3d0000, 0x0000000469720000)
 concurrent mark-sweep generation total 14001024K, used 8225862K [0x0000000469720000, 0x00000007c0000000, 0x00000007c0000000)
 Metaspace       used 44937K, capacity 46232K, committed 46652K, reserved 1091584K
  class space    used 4916K, capacity 5189K, committed 5268K, reserved 1048576K
}
2017-04-16T11:30:46.903-0700: 138371.163: Total time for which application threads were stopped: 0.0145199 seconds, Stopping threads took: 0.0001423 seconds
{Heap before GC invocations=12808 (full 18):
 par new generation   total 1800000K, used 1607762K [0x00000003ef600000, 0x0000000469720000, 0x0000000469720000)
  eden space 1600000K, 100% used [0x00000003ef600000, 0x0000000451080000, 0x0000000451080000)
  from space 200000K,   3% used [0x0000000451080000, 0x0000000451814a78, 0x000000045d3d0000)
  to   space 200000K,   0% used [0x000000045d3d0000, 0x000000045d3d0000, 0x0000000469720000)
 concurrent mark-sweep generation total 14001024K, used 8225862K [0x0000000469720000, 0x00000007c0000000, 0x00000007c0000000)
 Metaspace       used 44937K, capacity 46232K, committed 46652K, reserved 1091584K
  class space    used 4916K, capacity 5189K, committed 5268K, reserved 1048576K
2017-04-16T11:31:01.181-0700: 138385.440: [GC (Allocation Failure) Before GC:
Statistics for BinaryTreeDictionary:
------------------------------------
Total Free Space: 168414101
Max   Chunk Size: 1128311
Number of Blocks: 75827
Av.  Block  Size: 2221
Tree      Height: 110
2017-04-16T11:31:01.182-0700: 138385.441: [ParNew
Desired survivor size 102400000 bytes, new threshold 1 (max 1)
- age   1:    6995360 bytes,    6995360 total
: 1607762K->7614K(1800000K), 0.0124497 secs] 9833624K->8235446K(15801024K)After GC:
Statistics for BinaryTreeDictionary:
------------------------------------
Total Free Space: 168351100
Max   Chunk Size: 1128311
Number of Blocks: 75798
Av.  Block  Size: 2221
Tree      Height: 110
, 0.0137452 secs] [Times: user=0.31 sys=0.00, real=0.01 secs] 
Heap after GC invocations=12809 (full 18):
 par new generation   total 1800000K, used 7614K [0x00000003ef600000, 0x0000000469720000, 0x0000000469720000)
  eden space 1600000K,   0% used [0x00000003ef600000, 0x00000003ef600000, 0x0000000451080000)
  from space 200000K,   3% used [0x000000045d3d0000, 0x000000045db3f980, 0x0000000469720000)
  to   space 200000K,   0% used [0x0000000451080000, 0x0000000451080000, 0x000000045d3d0000)
 concurrent mark-sweep generation total 14001024K, used 8227831K [0x0000000469720000, 0x00000007c0000000, 0x00000007c0000000)
 Metaspace       used 44937K, capacity 46232K, committed 46652K, reserved 1091584K
  class space    used 4916K, capacity 5189K, committed 5268K, reserved 1048576K
}
2017-04-16T11:31:01.195-0700: 138385.454: Total time for which application threads were stopped: 0.0148079 seconds, Stopping threads took: 0.0001582 seconds
2017-04-16T11:31:09.720-0700: 138393.979: Total time for which application threads were stopped: 0.0021034 seconds, Stopping threads took: 0.0001438 seconds
{Heap before GC invocations=12809 (full 18):
 par new generation   total 1800000K, used 1607614K [0x00000003ef600000, 0x0000000469720000, 0x0000000469720000)
  eden space 1600000K, 100% used [0x00000003ef600000, 0x0000000451080000, 0x0000000451080000)
  from space 200000K,   3% used [0x000000045d3d0000, 0x000000045db3f980, 0x0000000469720000)
  to   space 200000K,   0% used [0x0000000451080000, 0x0000000451080000, 0x000000045d3d0000)
 concurrent mark-sweep generation total 14001024K, used 8227831K [0x0000000469720000, 0x00000007c0000000, 0x00000007c0000000)
 Metaspace       used 44937K, capacity 46232K, committed 46652K, reserved 1091584K
  class space    used 4916K, capacity 5189K, committed 5268K, reserved 1048576K
2017-04-16T11:31:12.757-0700: 138397.016: [GC (Allocation Failure) Before GC:
Statistics for BinaryTreeDictionary:
------------------------------------
Total Free Space: 168351100
Max   Chunk Size: 1128311
Number of Blocks: 75798
Av.  Block  Size: 2221
Tree      Height: 110
2017-04-16T11:31:12.757-0700: 138397.017: [ParNew
Desired survivor size 102400000 bytes, new threshold 1 (max 1)
- age   1:    6440616 bytes,    6440616 total
: 1607614K->7050K(1800000K), 0.0123053 secs] 9835446K->8236198K(15801024K)After GC:
Statistics for BinaryTreeDictionary:
------------------------------------
Total Free Space: 168312477
Max   Chunk Size: 1128311
Number of Blocks: 75750
Av.  Block  Size: 2221
Tree      Height: 110
, 0.0136230 secs] [Times: user=0.31 sys=0.00, real=0.02 secs] 
Heap after GC invocations=12810 (full 18):
 par new generation   total 1800000K, used 7050K [0x00000003ef600000, 0x0000000469720000, 0x0000000469720000)
  eden space 1600000K,   0% used [0x00000003ef600000, 0x00000003ef600000, 0x0000000451080000)
  from space 200000K,   3% used [0x0000000451080000, 0x00000004517629c8, 0x000000045d3d0000)
  to   space 200000K,   0% used [0x000000045d3d0000, 0x000000045d3d0000, 0x0000000469720000)
 concurrent mark-sweep generation total 14001024K, used 8229147K [0x0000000469720000, 0x00000007c0000000, 0x00000007c0000000)
 Metaspace       used 44937K, capacity 46232K, committed 46652K, reserved 1091584K
  class space    used 4916K, capacity 5189K, committed 5268K, reserved 1048576K
}
2017-04-16T11:31:12.770-0700: 138397.030: Total time for which application threads were stopped: 0.0147163 seconds, Stopping threads took: 0.0001543 seconds
{Heap before GC invocations=12810 (full 18):
 par new generation   total 1800000K, used 1607050K [0x00000003ef600000, 0x0000000469720000, 0x0000000469720000)
  eden space 1600000K, 100% used [0x00000003ef600000, 0x0000000451080000, 0x0000000451080000)
  from space 200000K,   3% used [0x0000000451080000, 0x00000004517629c8, 0x000000045d3d0000)
  to   space 200000K,   0% used [0x000000045d3d0000, 0x000000045d3d0000, 0x0000000469720000)
 concurrent mark-sweep generation total 14001024K, used 8229147K [0x0000000469720000, 0x00000007c0000000, 0x00000007c0000000)
 Metaspace       used 44937K, capacity 46232K, committed 46652K, reserved 1091584K
  class space    used 4916K, capacity 5189K, committed 5268K, reserved 1048576K
2017-04-16T11:31:26.857-0700: 138411.116: [GC (Allocation Failure) Before GC:
Statistics for BinaryTreeDictionary:
------------------------------------
Total Free Space: 168312477
Max   Chunk Size: 1128311
Number of Blocks: 75750
Av.  Block  Size: 2221
Tree      Height: 110
2017-04-16T11:31:26.858-0700: 138411.117: [ParNew
Desired survivor size 102400000 bytes, new threshold 1 (max 1)
- age   1:    6903504 bytes,    6903504 total
: 1607050K->7280K(1800000K), 0.0120633 secs] 9836198K->8237999K(15801024K)After GC:
Statistics for BinaryTreeDictionary:
------------------------------------
Total Free Space: 168238004
Max   Chunk Size: 1128311
Number of Blocks: 75713
Av.  Block  Size: 2222
Tree      Height: 110
, 0.0133438 secs] [Times: user=0.30 sys=0.00, real=0.02 secs] 
Heap after GC invocations=12811 (full 18):
 par new generation   total 1800000K, used 7280K [0x00000003ef600000, 0x0000000469720000, 0x0000000469720000)
  eden space 1600000K,   0% used [0x00000003ef600000, 0x00000003ef600000, 0x0000000451080000)
  from space 200000K,   3% used [0x000000045d3d0000, 0x000000045daec330, 0x0000000469720000)
  to   space 200000K,   0% used [0x0000000451080000, 0x0000000451080000, 0x000000045d3d0000)
 concurrent mark-sweep generation total 14001024K, used 8230718K [0x0000000469720000, 0x00000007c0000000, 0x00000007c0000000)
 Metaspace       used 44937K, capacity 46232K, committed 46652K, reserved 1091584K
  class space    used 4916K, capacity 5189K, committed 5268K, reserved 1048576K
}
2017-04-16T11:31:26.871-0700: 138411.130: Total time for which application threads were stopped: 0.0144287 seconds, Stopping threads took: 0.0001596 seconds
{Heap before GC invocations=12811 (full 18):
 par new generation   total 1800000K, used 1607280K [0x00000003ef600000, 0x0000000469720000, 0x0000000469720000)
  eden space 1600000K, 100% used [0x00000003ef600000, 0x0000000451080000, 0x0000000451080000)
  from space 200000K,   3% used [0x000000045d3d0000, 0x000000045daec330, 0x0000000469720000)
  to   space 200000K,   0% used [0x0000000451080000, 0x0000000451080000, 0x000000045d3d0000)
 concurrent mark-sweep generation total 14001024K, used 8230718K [0x0000000469720000, 0x00000007c0000000, 0x00000007c0000000)
 Metaspace       used 44937K, capacity 46232K, committed 46652K, reserved 1091584K
  class space    used 4916K, capacity 5189K, committed 5268K, reserved 1048576K
2017-04-16T11:31:40.054-0700: 138424.314: [GC (Allocation Failure) Before GC:
Statistics for BinaryTreeDictionary:
------------------------------------
Total Free Space: 168238004
Max   Chunk Size: 1128311
Number of Blocks: 75713
Av.  Block  Size: 2222
Tree      Height: 110
2017-04-16T11:31:40.055-0700: 138424.314: [ParNew
Desired survivor size 102400000 bytes, new threshold 1 (max 1)
- age   1:   18993944 bytes,   18993944 total
: 1607280K->19270K(1800000K), 0.0122964 secs] 9837999K->8251443K(15801024K)After GC:
Statistics for BinaryTreeDictionary:
------------------------------------
Total Free Space: 168190192
Max   Chunk Size: 1128311
Number of Blocks: 75691
Av.  Block  Size: 2222
Tree      Height: 110
, 0.0135911 secs] [Times: user=0.30 sys=0.00, real=0.01 secs] 
Heap after GC invocations=12812 (full 18):
 par new generation   total 1800000K, used 19270K [0x00000003ef600000, 0x0000000469720000, 0x0000000469720000)
  eden space 1600000K,   0% used [0x00000003ef600000, 0x00000003ef600000, 0x0000000451080000)
  from space 200000K,   9% used [0x0000000451080000, 0x0000000452351bc8, 0x000000045d3d0000)
  to   space 200000K,   0% used [0x000000045d3d0000, 0x000000045d3d0000, 0x0000000469720000)
 concurrent mark-sweep generation total 14001024K, used 8232173K [0x0000000469720000, 0x00000007c0000000, 0x00000007c0000000)
 Metaspace       used 44937K, capacity 46232K, committed 46652K, reserved 1091584K
  class space    used 4916K, capacity 5189K, committed 5268K, reserved 1048576K
}
2017-04-16T11:31:40.068-0700: 138424.327: Total time for which application threads were stopped: 0.0146703 seconds, Stopping threads took: 0.0001462 seconds
{Heap before GC invocations=12812 (full 18):
 par new generation   total 1800000K, used 1619270K [0x00000003ef600000, 0x0000000469720000, 0x0000000469720000)
  eden space 1600000K, 100% used [0x00000003ef600000, 0x0000000451080000, 0x0000000451080000)
  from space 200000K,   9% used [0x0000000451080000, 0x0000000452351bc8, 0x000000045d3d0000)
  to   space 200000K,   0% used [0x000000045d3d0000, 0x000000045d3d0000, 0x0000000469720000)
 concurrent mark-sweep generation total 14001024K, used 8232173K [0x0000000469720000, 0x00000007c0000000, 0x00000007c0000000)
 Metaspace       used 44937K, capacity 46232K, committed 46652K, reserved 1091584K
  class space    used 4916K, capacity 5189K, committed 5268K, reserved 1048576K
2017-04-16T11:31:53.473-0700: 138437.733: [GC (Allocation Failure) Before GC:
Statistics for BinaryTreeDictionary:
------------------------------------
Total Free Space: 168190192
Max   Chunk Size: 1128311
Number of Blocks: 75691
Av.  Block  Size: 2222
Tree      Height: 110
2017-04-16T11:31:53.474-0700: 138437.733: [ParNew
Desired survivor size 102400000 bytes, new threshold 1 (max 1)
- age   1:    6260000 bytes,    6260000 total
: 1619270K->9863K(1800000K), 0.0214563 secs] 9851443K->8251354K(15801024K)After GC:
Statistics for BinaryTreeDictionary:
------------------------------------
Total Free Space: 167898303
Max   Chunk Size: 1128311
Number of Blocks: 75668
Av.  Block  Size: 2218
Tree      Height: 110
, 0.0227674 secs] [Times: user=0.31 sys=0.00, real=0.02 secs] 
Heap after GC invocations=12813 (full 18):
 par new generation   total 1800000K, used 9863K [0x00000003ef600000, 0x0000000469720000, 0x0000000469720000)
  eden space 1600000K,   0% used [0x00000003ef600000, 0x00000003ef600000, 0x0000000451080000)
  from space 200000K,   4% used [0x000000045d3d0000, 0x000000045dd71e38, 0x0000000469720000)
  to   space 200000K,   0% used [0x0000000451080000, 0x0000000451080000, 0x000000045d3d0000)
 concurrent mark-sweep generation total 14001024K, used 8241490K [0x0000000469720000, 0x00000007c0000000, 0x00000007c0000000)
 Metaspace       used 44937K, capacity 46232K, committed 46652K, reserved 1091584K
  class space    used 4916K, capacity 5189K, committed 5268K, reserved 1048576K
}
2017-04-16T11:31:53.496-0700: 138437.756: Total time for which application threads were stopped: 0.0238485 seconds, Stopping threads took: 0.0001482 seconds
{Heap before GC invocations=12813 (full 18):
 par new generation   total 1800000K, used 1609863K [0x00000003ef600000, 0x0000000469720000, 0x0000000469720000)
  eden space 1600000K, 100% used [0x00000003ef600000, 0x0000000451080000, 0x0000000451080000)
  from space 200000K,   4% used [0x000000045d3d0000, 0x000000045dd71e38, 0x0000000469720000)
  to   space 200000K,   0% used [0x0000000451080000, 0x0000000451080000, 0x000000045d3d0000)
 concurrent mark-sweep generation total 14001024K, used 8241490K [0x0000000469720000, 0x00000007c0000000, 0x00000007c0000000)
 Metaspace       used 44937K, capacity 46232K, committed 46652K, reserved 1091584K
  class space    used 4916K, capacity 5189K, committed 5268K, reserved 1048576K
2017-04-16T11:32:07.530-0700: 138451.790: [GC (Allocation Failure) Before GC:
Statistics for BinaryTreeDictionary:
------------------------------------
Total Free Space: 167898303
Max   Chunk Size: 1128311
Number of Blocks: 75668
Av.  Block  Size: 2218
Tree      Height: 110
2017-04-16T11:32:07.531-0700: 138451.790: [ParNew
Desired survivor size 102400000 bytes, new threshold 1 (max 1)
- age   1:    6751392 bytes,    6751392 total
: 1609863K->7424K(1800000K), 0.0129200 secs] 9851354K->8250292K(15801024K)After GC:
Statistics for BinaryTreeDictionary:
------------------------------------
Total Free Space: 167872764
Max   Chunk Size: 1128311
Number of Blocks: 75652
Av.  Block  Size: 2219
Tree      Height: 110
, 0.0142312 secs] [Times: user=0.32 sys=0.00, real=0.01 secs] 
Heap after GC invocations=12814 (full 18):
 par new generation   total 1800000K, used 7424K [0x00000003ef600000, 0x0000000469720000, 0x0000000469720000)
  eden space 1600000K,   0% used [0x00000003ef600000, 0x00000003ef600000, 0x0000000451080000)
  from space 200000K,   3% used [0x0000000451080000, 0x00000004517c01f0, 0x000000045d3d0000)
  to   space 200000K,   0% used [0x000000045d3d0000, 0x000000045d3d0000, 0x0000000469720000)
 concurrent mark-sweep generation total 14001024K, used 8242868K [0x0000000469720000, 0x00000007c0000000, 0x00000007c0000000)
 Metaspace       used 44937K, capacity 46232K, committed 46652K, reserved 1091584K
  class space    used 4916K, capacity 5189K, committed 5268K, reserved 1048576K
}
2017-04-16T11:32:07.545-0700: 138451.804: Total time for which application threads were stopped: 0.0153293 seconds, Stopping threads took: 0.0001623 seconds
2017-04-16T11:32:07.639-0700: 138451.899: Total time for which application threads were stopped: 0.0019133 seconds, Stopping threads took: 0.0000580 seconds
{Heap before GC invocations=12814 (full 18):
 par new generation   total 1800000K, used 1607424K [0x00000003ef600000, 0x0000000469720000, 0x0000000469720000)
  eden space 1600000K, 100% used [0x00000003ef600000, 0x0000000451080000, 0x0000000451080000)
  from space 200000K,   3% used [0x0000000451080000, 0x00000004517c01f0, 0x000000045d3d0000)
  to   space 200000K,   0% used [0x000000045d3d0000, 0x000000045d3d0000, 0x0000000469720000)
 concurrent mark-sweep generation total 14001024K, used 8242868K [0x0000000469720000, 0x00000007c0000000, 0x00000007c0000000)
 Metaspace       used 44937K, capacity 46232K, committed 46652K, reserved 1091584K
  class space    used 4916K, capacity 5189K, committed 5268K, reserved 1048576K
2017-04-16T11:32:21.178-0700: 138465.437: [GC (Allocation Failure) Before GC:
Statistics for BinaryTreeDictionary:
------------------------------------
Total Free Space: 167872764
Max   Chunk Size: 1128311
Number of Blocks: 75652
Av.  Block  Size: 2219
Tree      Height: 110
2017-04-16T11:32:21.179-0700: 138465.438: [ParNew
Desired survivor size 102400000 bytes, new threshold 1 (max 1)
- age   1:    6213944 bytes,    6213944 total
: 1607424K->6765K(1800000K), 0.0137383 secs] 9850292K->8251090K(15801024K)After GC:
Statistics for BinaryTreeDictionary:
------------------------------------
Total Free Space: 167819006
Max   Chunk Size: 1128311
Number of Blocks: 75611
Av.  Block  Size: 2219
Tree      Height: 110
, 0.0150549 secs] [Times: user=0.34 sys=0.00, real=0.02 secs] 
Heap after GC invocations=12815 (full 18):
 par new generation   total 1800000K, used 6765K [0x00000003ef600000, 0x0000000469720000, 0x0000000469720000)
  eden space 1600000K,   0% used [0x00000003ef600000, 0x00000003ef600000, 0x0000000451080000)
  from space 200000K,   3% used [0x000000045d3d0000, 0x000000045da6b528, 0x0000000469720000)
  to   space 200000K,   0% used [0x0000000451080000, 0x0000000451080000, 0x000000045d3d0000)
 concurrent mark-sweep generation total 14001024K, used 8244325K [0x0000000469720000, 0x00000007c0000000, 0x00000007c0000000)
 Metaspace       used 44937K, capacity 46232K, committed 46652K, reserved 1091584K
  class space    used 4916K, capacity 5189K, committed 5268K, reserved 1048576K
}
2017-04-16T11:32:21.193-0700: 138465.452: Total time for which application threads were stopped: 0.0161243 seconds, Stopping threads took: 0.0001468 seconds
{Heap before GC invocations=12815 (full 18):
 par new generation   total 1800000K, used 1606765K [0x00000003ef600000, 0x0000000469720000, 0x0000000469720000)
  eden space 1600000K, 100% used [0x00000003ef600000, 0x0000000451080000, 0x0000000451080000)
  from space 200000K,   3% used [0x000000045d3d0000, 0x000000045da6b528, 0x0000000469720000)
  to   space 200000K,   0% used [0x0000000451080000, 0x0000000451080000, 0x000000045d3d0000)
 concurrent mark-sweep generation total 14001024K, used 8244325K [0x0000000469720000, 0x00000007c0000000, 0x00000007c0000000)
 Metaspace       used 44937K, capacity 46232K, committed 46652K, reserved 1091584K
  class space    used 4916K, capacity 5189K, committed 5268K, reserved 1048576K
2017-04-16T11:32:34.902-0700: 138479.161: [GC (Allocation Failure) Before GC:
Statistics for BinaryTreeDictionary:
------------------------------------
Total Free Space: 167819006
Max   Chunk Size: 1128311
Number of Blocks: 75611
Av.  Block  Size: 2219
Tree      Height: 110
2017-04-16T11:32:34.903-0700: 138479.162: [ParNew
Desired survivor size 102400000 bytes, new threshold 1 (max 1)
- age   1:    7150584 bytes,    7150584 total
: 1606765K->7629K(1800000K), 0.0122680 secs] 9851090K->8253160K(15801024K)After GC:
Statistics for BinaryTreeDictionary:
------------------------------------
Total Free Space: 167784409
Max   Chunk Size: 1128311
Number of Blocks: 75572
Av.  Block  Size: 2220
Tree      Height: 110
, 0.0135736 secs] [Times: user=0.30 sys=0.00, real=0.01 secs] 
Heap after GC invocations=12816 (full 18):
 par new generation   total 1800000K, used 7629K [0x00000003ef600000, 0x0000000469720000, 0x0000000469720000)
  eden space 1600000K,   0% used [0x00000003ef600000, 0x00000003ef600000, 0x0000000451080000)
  from space 200000K,   3% used [0x0000000451080000, 0x00000004517f3790, 0x000000045d3d0000)
  to   space 200000K,   0% used [0x000000045d3d0000, 0x000000045d3d0000, 0x0000000469720000)
 concurrent mark-sweep generation total 14001024K, used 8245530K [0x0000000469720000, 0x00000007c0000000, 0x00000007c0000000)
 Metaspace       used 44937K, capacity 46232K, committed 46652K, reserved 1091584K
  class space    used 4916K, capacity 5189K, committed 5268K, reserved 1048576K
}
2017-04-16T11:32:34.916-0700: 138479.175: Total time for which application threads were stopped: 0.0146695 seconds, Stopping threads took: 0.0001537 seconds
2017-04-16T11:32:39.613-0700: 138483.873: Total time for which application threads were stopped: 0.0021366 seconds, Stopping threads took: 0.0001488 seconds
{Heap before GC invocations=12816 (full 18):
 par new generation   total 1800000K, used 1607629K [0x00000003ef600000, 0x0000000469720000, 0x0000000469720000)
  eden space 1600000K, 100% used [0x00000003ef600000, 0x0000000451080000, 0x0000000451080000)
  from space 200000K,   3% used [0x0000000451080000, 0x00000004517f3790, 0x000000045d3d0000)
  to   space 200000K,   0% used [0x000000045d3d0000, 0x000000045d3d0000, 0x0000000469720000)
 concurrent mark-sweep generation total 14001024K, used 8245530K [0x0000000469720000, 0x00000007c0000000, 0x00000007c0000000)
 Metaspace       used 44937K, capacity 46232K, committed 46652K, reserved 1091584K
  class space    used 4916K, capacity 5189K, committed 5268K, reserved 1048576K
2017-04-16T11:32:45.923-0700: 138490.183: [GC (Allocation Failure) Before GC:
Statistics for BinaryTreeDictionary:
------------------------------------
Total Free Space: 167784409
Max   Chunk Size: 1128311
Number of Blocks: 75572
Av.  Block  Size: 2220
Tree      Height: 110
2017-04-16T11:32:45.924-0700: 138490.183: [ParNew
Desired survivor size 102400000 bytes, new threshold 1 (max 1)
- age   1:    6202408 bytes,    6202408 total
: 1607629K->6614K(1800000K), 0.0120645 secs] 9853160K->8253965K(15801024K)After GC:
Statistics for BinaryTreeDictionary:
------------------------------------
Total Free Space: 167684893
Max   Chunk Size: 1128311
Number of Blocks: 75536
Av.  Block  Size: 2219
Tree      Height: 110
, 0.0133948 secs] [Times: user=0.30 sys=0.01, real=0.01 secs] 
Heap after GC invocations=12817 (full 18):
 par new generation   total 1800000K, used 6614K [0x00000003ef600000, 0x0000000469720000, 0x0000000469720000)
  eden space 1600000K,   0% used [0x00000003ef600000, 0x00000003ef600000, 0x0000000451080000)
  from space 200000K,   3% used [0x000000045d3d0000, 0x000000045da45b80, 0x0000000469720000)
  to   space 200000K,   0% used [0x0000000451080000, 0x0000000451080000, 0x000000045d3d0000)
 concurrent mark-sweep generation total 14001024K, used 8247350K [0x0000000469720000, 0x00000007c0000000, 0x00000007c0000000)
 Metaspace       used 44937K, capacity 46232K, committed 46652K, reserved 1091584K
  class space    used 4916K, capacity 5189K, committed 5268K, reserved 1048576K
}
2017-04-16T11:32:45.937-0700: 138490.196: Total time for which application threads were stopped: 0.0144904 seconds, Stopping threads took: 0.0001568 seconds
{Heap before GC invocations=12817 (full 18):
 par new generation   total 1800000K, used 1606614K [0x00000003ef600000, 0x0000000469720000, 0x0000000469720000)
  eden space 1600000K, 100% used [0x00000003ef600000, 0x0000000451080000, 0x0000000451080000)
  from space 200000K,   3% used [0x000000045d3d0000, 0x000000045da45b80, 0x0000000469720000)
  to   space 200000K,   0% used [0x0000000451080000, 0x0000000451080000, 0x000000045d3d0000)
 concurrent mark-sweep generation total 14001024K, used 8247350K [0x0000000469720000, 0x00000007c0000000, 0x00000007c0000000)
 Metaspace       used 44937K, capacity 46232K, committed 46652K, reserved 1091584K
  class space    used 4916K, capacity 5189K, committed 5268K, reserved 1048576K
2017-04-16T11:32:59.456-0700: 138503.715: [GC (Allocation Failure) Before GC:
Statistics for BinaryTreeDictionary:
------------------------------------
Total Free Space: 167684893
Max   Chunk Size: 1128311
Number of Blocks: 75536
Av.  Block  Size: 2219
Tree      Height: 110
2017-04-16T11:32:59.456-0700: 138503.716: [ParNew
Desired survivor size 102400000 bytes, new threshold 1 (max 1)
- age   1:    7063152 bytes,    7063152 total
: 1606614K->7445K(1800000K), 0.0120071 secs] 9853965K->8256222K(15801024K)After GC:
Statistics for BinaryTreeDictionary:
------------------------------------
Total Free Space: 167610246
Max   Chunk Size: 1128311
Number of Blocks: 75494
Av.  Block  Size: 2220
Tree      Height: 110
, 0.0132843 secs] [Times: user=0.30 sys=0.00, real=0.01 secs] 
Heap after GC invocations=12818 (full 18):
 par new generation   total 1800000K, used 7445K [0x00000003ef600000, 0x0000000469720000, 0x0000000469720000)
  eden space 1600000K,   0% used [0x00000003ef600000, 0x00000003ef600000, 0x0000000451080000)
  from space 200000K,   3% used [0x0000000451080000, 0x00000004517c56d0, 0x000000045d3d0000)
  to   space 200000K,   0% used [0x000000045d3d0000, 0x000000045d3d0000, 0x0000000469720000)
 concurrent mark-sweep generation total 14001024K, used 8248776K [0x0000000469720000, 0x00000007c0000000, 0x00000007c0000000)
 Metaspace       used 44937K, capacity 46232K, committed 46652K, reserved 1091584K
  class space    used 4916K, capacity 5189K, committed 5268K, reserved 1048576K
}
2017-04-16T11:32:59.469-0700: 138503.728: Total time for which application threads were stopped: 0.0143707 seconds, Stopping threads took: 0.0001519 seconds
{Heap before GC invocations=12818 (full 18):
 par new generation   total 1800000K, used 1607445K [0x00000003ef600000, 0x0000000469720000, 0x0000000469720000)
  eden space 1600000K, 100% used [0x00000003ef600000, 0x0000000451080000, 0x0000000451080000)
  from space 200000K,   3% used [0x0000000451080000, 0x00000004517c56d0, 0x000000045d3d0000)
  to   space 200000K,   0% used [0x000000045d3d0000, 0x000000045d3d0000, 0x0000000469720000)
 concurrent mark-sweep generation total 14001024K, used 8248776K [0x0000000469720000, 0x00000007c0000000, 0x00000007c0000000)
 Metaspace       used 44937K, capacity 46232K, committed 46652K, reserved 1091584K
  class space    used 4916K, capacity 5189K, committed 5268K, reserved 1048576K
2017-04-16T11:33:13.074-0700: 138517.334: [GC (Allocation Failure) Before GC:
Statistics for BinaryTreeDictionary:
------------------------------------
Total Free Space: 167610246
Max   Chunk Size: 1128311
Number of Blocks: 75494
Av.  Block  Size: 2220
Tree      Height: 110
2017-04-16T11:33:13.075-0700: 138517.334: [ParNew
Desired survivor size 102400000 bytes, new threshold 1 (max 1)
- age   1:    6035928 bytes,    6035928 total
: 1607445K->6398K(1800000K), 0.0121510 secs] 9856222K->8256823K(15801024K)After GC:
Statistics for BinaryTreeDictionary:
------------------------------------
Total Free Space: 167529978
Max   Chunk Size: 1128311
Number of Blocks: 75466
Av.  Block  Size: 2219
Tree      Height: 110
, 0.0134572 secs] [Times: user=0.29 sys=0.01, real=0.02 secs] 
Heap after GC invocations=12819 (full 18):
 par new generation   total 1800000K, used 6398K [0x00000003ef600000, 0x0000000469720000, 0x0000000469720000)
  eden space 1600000K,   0% used [0x00000003ef600000, 0x00000003ef600000, 0x0000000451080000)
  from space 200000K,   3% used [0x000000045d3d0000, 0x000000045da0f840, 0x0000000469720000)
  to   space 200000K,   0% used [0x0000000451080000, 0x0000000451080000, 0x000000045d3d0000)
 concurrent mark-sweep generation total 14001024K, used 8250425K [0x0000000469720000, 0x00000007c0000000, 0x00000007c0000000)
 Metaspace       used 44937K, capacity 46232K, committed 46652K, reserved 1091584K
  class space    used 4916K, capacity 5189K, committed 5268K, reserved 1048576K
}
2017-04-16T11:33:13.088-0700: 138517.347: Total time for which application threads were stopped: 0.0145470 seconds, Stopping threads took: 0.0001516 seconds
{Heap before GC invocations=12819 (full 18):
 par new generation   total 1800000K, used 1606398K [0x00000003ef600000, 0x0000000469720000, 0x0000000469720000)
  eden space 1600000K, 100% used [0x00000003ef600000, 0x0000000451080000, 0x0000000451080000)
  from space 200000K,   3% used [0x000000045d3d0000, 0x000000045da0f840, 0x0000000469720000)
  to   space 200000K,   0% used [0x0000000451080000, 0x0000000451080000, 0x000000045d3d0000)
 concurrent mark-sweep generation total 14001024K, used 8250425K [0x0000000469720000, 0x00000007c0000000, 0x00000007c0000000)
 Metaspace       used 44937K, capacity 46232K, committed 46652K, reserved 1091584K
  class space    used 4916K, capacity 5189K, committed 5268K, reserved 1048576K
2017-04-16T11:33:26.920-0700: 138531.180: [GC (Allocation Failure) Before GC:
Statistics for BinaryTreeDictionary:
------------------------------------
Total Free Space: 167529978
Max   Chunk Size: 1128311
Number of Blocks: 75466
Av.  Block  Size: 2219
Tree      Height: 110
2017-04-16T11:33:26.921-0700: 138531.180: [ParNew
Desired survivor size 102400000 bytes, new threshold 1 (max 1)
- age   1:    6357136 bytes,    6357136 total
: 1606398K->6963K(1800000K), 0.0120950 secs] 9856823K->8258539K(15801024K)After GC:
Statistics for BinaryTreeDictionary:
------------------------------------
Total Free Space: 167517334
Max   Chunk Size: 1128311
Number of Blocks: 75441
Av.  Block  Size: 2220
Tree      Height: 110
, 0.0133858 secs] [Times: user=0.29 sys=0.00, real=0.01 secs] 
Heap after GC invocations=12820 (full 18):
 par new generation   total 1800000K, used 6963K [0x00000003ef600000, 0x0000000469720000, 0x0000000469720000)
  eden space 1600000K,   0% used [0x00000003ef600000, 0x00000003ef600000, 0x0000000451080000)
  from space 200000K,   3% used [0x0000000451080000, 0x000000045174cc00, 0x000000045d3d0000)
  to   space 200000K,   0% used [0x000000045d3d0000, 0x000000045d3d0000, 0x0000000469720000)
 concurrent mark-sweep generation total 14001024K, used 8251576K [0x0000000469720000, 0x00000007c0000000, 0x00000007c0000000)
 Metaspace       used 44937K, capacity 46232K, committed 46652K, reserved 1091584K
  class space    used 4916K, capacity 5189K, committed 5268K, reserved 1048576K
}
2017-04-16T11:33:26.934-0700: 138531.193: Total time for which application threads were stopped: 0.0144687 seconds, Stopping threads took: 0.0001530 seconds
{Heap before GC invocations=12820 (full 18):
 par new generation   total 1800000K, used 1606963K [0x00000003ef600000, 0x0000000469720000, 0x0000000469720000)
  eden space 1600000K, 100% used [0x00000003ef600000, 0x0000000451080000, 0x0000000451080000)
  from space 200000K,   3% used [0x0000000451080000, 0x000000045174cc00, 0x000000045d3d0000)
  to   space 200000K,   0% used [0x000000045d3d0000, 0x000000045d3d0000, 0x0000000469720000)
 concurrent mark-sweep generation total 14001024K, used 8251576K [0x0000000469720000, 0x00000007c0000000, 0x00000007c0000000)
 Metaspace       used 44937K, capacity 46232K, committed 46652K, reserved 1091584K
  class space    used 4916K, capacity 5189K, committed 5268K, reserved 1048576K
2017-04-16T11:33:41.186-0700: 138545.445: [GC (Allocation Failure) Before GC:
Statistics for BinaryTreeDictionary:
------------------------------------
Total Free Space: 167517334
Max   Chunk Size: 1128311
Number of Blocks: 75441
Av.  Block  Size: 2220
Tree      Height: 110
2017-04-16T11:33:41.187-0700: 138545.446: [ParNew
Desired survivor size 102400000 bytes, new threshold 1 (max 1)
- age   1:    8272000 bytes,    8272000 total
: 1606963K->8702K(1800000K), 0.0124020 secs] 9858539K->8261630K(15801024K)After GC:
Statistics for BinaryTreeDictionary:
------------------------------------
Total Free Space: 167466687
Max   Chunk Size: 1128311
Number of Blocks: 75408
Av.  Block  Size: 2220
Tree      Height: 110
, 0.0136885 secs] [Times: user=0.31 sys=0.00, real=0.01 secs] 
Heap after GC invocations=12821 (full 18):
 par new generation   total 1800000K, used 8702K [0x00000003ef600000, 0x0000000469720000, 0x0000000469720000)
  eden space 1600000K,   0% used [0x00000003ef600000, 0x00000003ef600000, 0x0000000451080000)
  from space 200000K,   4% used [0x000000045d3d0000, 0x000000045dc4f9a8, 0x0000000469720000)
  to   space 200000K,   0% used [0x0000000451080000, 0x0000000451080000, 0x000000045d3d0000)
 concurrent mark-sweep generation total 14001024K, used 8252927K [0x0000000469720000, 0x00000007c0000000, 0x00000007c0000000)
 Metaspace       used 44937K, capacity 46232K, committed 46652K, reserved 1091584K
  class space    used 4916K, capacity 5189K, committed 5268K, reserved 1048576K
}
2017-04-16T11:33:41.200-0700: 138545.459: Total time for which application threads were stopped: 0.0147800 seconds, Stopping threads took: 0.0001592 seconds
{Heap before GC invocations=12821 (full 18):
 par new generation   total 1800000K, used 1608702K [0x00000003ef600000, 0x0000000469720000, 0x0000000469720000)
  eden space 1600000K, 100% used [0x00000003ef600000, 0x0000000451080000, 0x0000000451080000)
  from space 200000K,   4% used [0x000000045d3d0000, 0x000000045dc4f9a8, 0x0000000469720000)
  to   space 200000K,   0% used [0x0000000451080000, 0x0000000451080000, 0x000000045d3d0000)
 concurrent mark-sweep generation total 14001024K, used 8252927K [0x0000000469720000, 0x00000007c0000000, 0x00000007c0000000)
 Metaspace       used 44937K, capacity 46232K, committed 46652K, reserved 1091584K
  class space    used 4916K, capacity 5189K, committed 5268K, reserved 1048576K
2017-04-16T11:33:54.637-0700: 138558.896: [GC (Allocation Failure) Before GC:
Statistics for BinaryTreeDictionary:
------------------------------------
Total Free Space: 167466687
Max   Chunk Size: 1128311
Number of Blocks: 75408
Av.  Block  Size: 2220
Tree      Height: 110
2017-04-16T11:33:54.638-0700: 138558.897: [ParNew
Desired survivor size 102400000 bytes, new threshold 1 (max 1)
- age   1:    6639704 bytes,    6639704 total
: 1608702K->7502K(1800000K), 0.0122110 secs] 9861630K->8261702K(15801024K)After GC:
Statistics for BinaryTreeDictionary:
------------------------------------
Total Free Space: 167425838
Max   Chunk Size: 1128311
Number of Blocks: 75363
Av.  Block  Size: 2221
Tree      Height: 110
, 0.0135155 secs] [Times: user=0.30 sys=0.00, real=0.01 secs] 
Heap after GC invocations=12822 (full 18):
 par new generation   total 1800000K, used 7502K [0x00000003ef600000, 0x0000000469720000, 0x0000000469720000)
  eden space 1600000K,   0% used [0x00000003ef600000, 0x00000003ef600000, 0x0000000451080000)
  from space 200000K,   3% used [0x0000000451080000, 0x00000004517d3938, 0x000000045d3d0000)
  to   space 200000K,   0% used [0x000000045d3d0000, 0x000000045d3d0000, 0x0000000469720000)
 concurrent mark-sweep generation total 14001024K, used 8254200K [0x0000000469720000, 0x00000007c0000000, 0x00000007c0000000)
 Metaspace       used 44937K, capacity 46232K, committed 46652K, reserved 1091584K
  class space    used 4916K, capacity 5189K, committed 5268K, reserved 1048576K
}
2017-04-16T11:33:54.651-0700: 138558.910: Total time for which application threads were stopped: 0.0145776 seconds, Stopping threads took: 0.0001475 seconds
{Heap before GC invocations=12822 (full 18):
 par new generation   total 1800000K, used 1607502K [0x00000003ef600000, 0x0000000469720000, 0x0000000469720000)
  eden space 1600000K, 100% used [0x00000003ef600000, 0x0000000451080000, 0x0000000451080000)
  from space 200000K,   3% used [0x0000000451080000, 0x00000004517d3938, 0x000000045d3d0000)
  to   space 200000K,   0% used [0x000000045d3d0000, 0x000000045d3d0000, 0x0000000469720000)
 concurrent mark-sweep generation total 14001024K, used 8254200K [0x0000000469720000, 0x00000007c0000000, 0x00000007c0000000)
 Metaspace       used 44937K, capacity 46232K, committed 46652K, reserved 1091584K
  class space    used 4916K, capacity 5189K, committed 5268K, reserved 1048576K
2017-04-16T11:34:08.337-0700: 138572.596: [GC (Allocation Failure) Before GC:
Statistics for BinaryTreeDictionary:
------------------------------------
Total Free Space: 167425838
Max   Chunk Size: 1128311
Number of Blocks: 75363
Av.  Block  Size: 2221
Tree      Height: 110
2017-04-16T11:34:08.337-0700: 138572.597: [ParNew
Desired survivor size 102400000 bytes, new threshold 1 (max 1)
- age   1:    5531664 bytes,    5531664 total
: 1607502K->5984K(1800000K), 0.0124928 secs] 9861702K->8261649K(15801024K)After GC:
Statistics for BinaryTreeDictionary:
------------------------------------
Total Free Space: 167361337
Max   Chunk Size: 1128311
Number of Blocks: 75334
Av.  Block  Size: 2221
Tree      Height: 110
, 0.0137480 secs] [Times: user=0.31 sys=0.00, real=0.01 secs] 
Heap after GC invocations=12823 (full 18):
 par new generation   total 1800000K, used 5984K [0x00000003ef600000, 0x0000000469720000, 0x0000000469720000)
  eden space 1600000K,   0% used [0x00000003ef600000, 0x00000003ef600000, 0x0000000451080000)
  from space 200000K,   2% used [0x000000045d3d0000, 0x000000045d9a8040, 0x0000000469720000)
  to   space 200000K,   0% used [0x0000000451080000, 0x0000000451080000, 0x000000045d3d0000)
 concurrent mark-sweep generation total 14001024K, used 8255665K [0x0000000469720000, 0x00000007c0000000, 0x00000007c0000000)
 Metaspace       used 44937K, capacity 46232K, committed 46652K, reserved 1091584K
  class space    used 4916K, capacity 5189K, committed 5268K, reserved 1048576K
}
2017-04-16T11:34:08.351-0700: 138572.610: Total time for which application threads were stopped: 0.0148076 seconds, Stopping threads took: 0.0001472 seconds
2017-04-16T11:34:09.786-0700: 138574.045: Total time for which application threads were stopped: 0.0021437 seconds, Stopping threads took: 0.0001494 seconds
2017-04-16T11:34:09.797-0700: 138574.056: Total time for which application threads were stopped: 0.0010855 seconds, Stopping threads took: 0.0000415 seconds
{Heap before GC invocations=12823 (full 18):
 par new generation   total 1800000K, used 1605984K [0x00000003ef600000, 0x0000000469720000, 0x0000000469720000)
  eden space 1600000K, 100% used [0x00000003ef600000, 0x0000000451080000, 0x0000000451080000)
  from space 200000K,   2% used [0x000000045d3d0000, 0x000000045d9a8040, 0x0000000469720000)
  to   space 200000K,   0% used [0x0000000451080000, 0x0000000451080000, 0x000000045d3d0000)
 concurrent mark-sweep generation total 14001024K, used 8255665K [0x0000000469720000, 0x00000007c0000000, 0x00000007c0000000)
 Metaspace       used 44937K, capacity 46232K, committed 46652K, reserved 1091584K
  class space    used 4916K, capacity 5189K, committed 5268K, reserved 1048576K
2017-04-16T11:34:19.458-0700: 138583.717: [GC (Allocation Failure) Before GC:
Statistics for BinaryTreeDictionary:
------------------------------------
Total Free Space: 167361337
Max   Chunk Size: 1128311
Number of Blocks: 75334
Av.  Block  Size: 2221
Tree      Height: 110
2017-04-16T11:34:19.459-0700: 138583.718: [ParNew
Desired survivor size 102400000 bytes, new threshold 1 (max 1)
- age   1:    6124928 bytes,    6124928 total
: 1605984K->6411K(1800000K), 0.0120972 secs] 9861649K->8263135K(15801024K)After GC:
Statistics for BinaryTreeDictionary:
------------------------------------
Total Free Space: 167347597
Max   Chunk Size: 1128311
Number of Blocks: 75310
Av.  Block  Size: 2222
Tree      Height: 110
, 0.0134036 secs] [Times: user=0.30 sys=0.00, real=0.01 secs] 
Heap after GC invocations=12824 (full 18):
 par new generation   total 1800000K, used 6411K [0x00000003ef600000, 0x0000000469720000, 0x0000000469720000)
  eden space 1600000K,   0% used [0x00000003ef600000, 0x00000003ef600000, 0x0000000451080000)
  from space 200000K,   3% used [0x0000000451080000, 0x00000004516c2f10, 0x000000045d3d0000)
  to   space 200000K,   0% used [0x000000045d3d0000, 0x000000045d3d0000, 0x0000000469720000)
 concurrent mark-sweep generation total 14001024K, used 8256723K [0x0000000469720000, 0x00000007c0000000, 0x00000007c0000000)
 Metaspace       used 44937K, capacity 46232K, committed 46652K, reserved 1091584K
  class space    used 4916K, capacity 5189K, committed 5268K, reserved 1048576K
}
2017-04-16T11:34:19.472-0700: 138583.731: Total time for which application threads were stopped: 0.0144997 seconds, Stopping threads took: 0.0001572 seconds
{Heap before GC invocations=12824 (full 18):
 par new generation   total 1800000K, used 1606411K [0x00000003ef600000, 0x0000000469720000, 0x0000000469720000)
  eden space 1600000K, 100% used [0x00000003ef600000, 0x0000000451080000, 0x0000000451080000)
  from space 200000K,   3% used [0x0000000451080000, 0x00000004516c2f10, 0x000000045d3d0000)
  to   space 200000K,   0% used [0x000000045d3d0000, 0x000000045d3d0000, 0x0000000469720000)
 concurrent mark-sweep generation total 14001024K, used 8256723K [0x0000000469720000, 0x00000007c0000000, 0x00000007c0000000)
 Metaspace       used 44937K, capacity 46232K, committed 46652K, reserved 1091584K
  class space    used 4916K, capacity 5189K, committed 5268K, reserved 1048576K
2017-04-16T11:34:33.516-0700: 138597.775: [GC (Allocation Failure) Before GC:
Statistics for BinaryTreeDictionary:
------------------------------------
Total Free Space: 167347597
Max   Chunk Size: 1128311
Number of Blocks: 75310
Av.  Block  Size: 2222
Tree      Height: 110
2017-04-16T11:34:33.516-0700: 138597.776: [ParNew
Desired survivor size 102400000 bytes, new threshold 1 (max 1)
- age   1:    6364896 bytes,    6364896 total
: 1606411K->6682K(1800000K), 0.0121948 secs] 9863135K->8264888K(15801024K)After GC:
Statistics for BinaryTreeDictionary:
------------------------------------
Total Free Space: 167274580
Max   Chunk Size: 1128311
Number of Blocks: 75272
Av.  Block  Size: 2222
Tree      Height: 110
, 0.0134551 secs] [Times: user=0.30 sys=0.00, real=0.02 secs] 
Heap after GC invocations=12825 (full 18):
 par new generation   total 1800000K, used 6682K [0x00000003ef600000, 0x0000000469720000, 0x0000000469720000)
  eden space 1600000K,   0% used [0x00000003ef600000, 0x00000003ef600000, 0x0000000451080000)
  from space 200000K,   3% used [0x000000045d3d0000, 0x000000045da56978, 0x0000000469720000)
  to   space 200000K,   0% used [0x0000000451080000, 0x0000000451080000, 0x000000045d3d0000)
 concurrent mark-sweep generation total 14001024K, used 8258205K [0x0000000469720000, 0x00000007c0000000, 0x00000007c0000000)
 Metaspace       used 44937K, capacity 46232K, committed 46652K, reserved 1091584K
  class space    used 4916K, capacity 5189K, committed 5268K, reserved 1048576K
}
2017-04-16T11:34:33.529-0700: 138597.789: Total time for which application threads were stopped: 0.0145492 seconds, Stopping threads took: 0.0001566 seconds
{Heap before GC invocations=12825 (full 18):
 par new generation   total 1800000K, used 1606682K [0x00000003ef600000, 0x0000000469720000, 0x0000000469720000)
  eden space 1600000K, 100% used [0x00000003ef600000, 0x0000000451080000, 0x0000000451080000)
  from space 200000K,   3% used [0x000000045d3d0000, 0x000000045da56978, 0x0000000469720000)
  to   space 200000K,   0% used [0x0000000451080000, 0x0000000451080000, 0x000000045d3d0000)
 concurrent mark-sweep generation total 14001024K, used 8258205K [0x0000000469720000, 0x00000007c0000000, 0x00000007c0000000)
 Metaspace       used 44937K, capacity 46232K, committed 46652K, reserved 1091584K
  class space    used 4916K, capacity 5189K, committed 5268K, reserved 1048576K
2017-04-16T11:34:46.915-0700: 138611.174: [GC (Allocation Failure) Before GC:
Statistics for BinaryTreeDictionary:
------------------------------------
Total Free Space: 167274580
Max   Chunk Size: 1128311
Number of Blocks: 75272
Av.  Block  Size: 2222
Tree      Height: 110
2017-04-16T11:34:46.916-0700: 138611.175: [ParNew
Desired survivor size 102400000 bytes, new threshold 1 (max 1)
- age   1:    6129888 bytes,    6129888 total
: 1606682K->6457K(1800000K), 0.0126801 secs] 9864888K->8266025K(15801024K)After GC:
Statistics for BinaryTreeDictionary:
------------------------------------
Total Free Space: 167238097
Max   Chunk Size: 1128311
Number of Blocks: 75236
Av.  Block  Size: 2222
Tree      Height: 110
, 0.0139730 secs] [Times: user=0.31 sys=0.00, real=0.01 secs] 
Heap after GC invocations=12826 (full 18):
 par new generation   total 1800000K, used 6457K [0x00000003ef600000, 0x0000000469720000, 0x0000000469720000)
  eden space 1600000K,   0% used [0x00000003ef600000, 0x00000003ef600000, 0x0000000451080000)
  from space 200000K,   3% used [0x0000000451080000, 0x00000004516ce768, 0x000000045d3d0000)
  to   space 200000K,   0% used [0x000000045d3d0000, 0x000000045d3d0000, 0x0000000469720000)
 concurrent mark-sweep generation total 14001024K, used 8259568K [0x0000000469720000, 0x00000007c0000000, 0x00000007c0000000)
 Metaspace       used 44937K, capacity 46232K, committed 46652K, reserved 1091584K
  class space    used 4916K, capacity 5189K, committed 5268K, reserved 1048576K
}
2017-04-16T11:34:46.929-0700: 138611.189: Total time for which application threads were stopped: 0.0150662 seconds, Stopping threads took: 0.0001530 seconds
{Heap before GC invocations=12826 (full 18):
 par new generation   total 1800000K, used 1606457K [0x00000003ef600000, 0x0000000469720000, 0x0000000469720000)
  eden space 1600000K, 100% used [0x00000003ef600000, 0x0000000451080000, 0x0000000451080000)
  from space 200000K,   3% used [0x0000000451080000, 0x00000004516ce768, 0x000000045d3d0000)
  to   space 200000K,   0% used [0x000000045d3d0000, 0x000000045d3d0000, 0x0000000469720000)
 concurrent mark-sweep generation total 14001024K, used 8259568K [0x0000000469720000, 0x00000007c0000000, 0x00000007c0000000)
 Metaspace       used 44937K, capacity 46232K, committed 46652K, reserved 1091584K
  class space    used 4916K, capacity 5189K, committed 5268K, reserved 1048576K
2017-04-16T11:35:00.219-0700: 138624.478: [GC (Allocation Failure) Before GC:
Statistics for BinaryTreeDictionary:
------------------------------------
Total Free Space: 167238097
Max   Chunk Size: 1128311
Number of Blocks: 75236
Av.  Block  Size: 2222
Tree      Height: 110
2017-04-16T11:35:00.220-0700: 138624.479: [ParNew
Desired survivor size 102400000 bytes, new threshold 1 (max 1)
- age   1:    6687192 bytes,    6687192 total
: 1606457K->6967K(1800000K), 0.0121277 secs] 9866025K->8268156K(15801024K)After GC:
Statistics for BinaryTreeDictionary:
------------------------------------
Total Free Space: 167161741
Max   Chunk Size: 1128311
Number of Blocks: 75215
Av.  Block  Size: 2222
Tree      Height: 110
, 0.0134251 secs] [Times: user=0.30 sys=0.00, real=0.02 secs] 
Heap after GC invocations=12827 (full 18):
 par new generation   total 1800000K, used 6967K [0x00000003ef600000, 0x0000000469720000, 0x0000000469720000)
  eden space 1600000K,   0% used [0x00000003ef600000, 0x00000003ef600000, 0x0000000451080000)
  from space 200000K,   3% used [0x000000045d3d0000, 0x000000045da9de98, 0x0000000469720000)
  to   space 200000K,   0% used [0x0000000451080000, 0x0000000451080000, 0x000000045d3d0000)
 concurrent mark-sweep generation total 14001024K, used 8261188K [0x0000000469720000, 0x00000007c0000000, 0x00000007c0000000)
 Metaspace       used 44937K, capacity 46232K, committed 46652K, reserved 1091584K
  class space    used 4916K, capacity 5189K, committed 5268K, reserved 1048576K
}
2017-04-16T11:35:00.233-0700: 138624.492: Total time for which application threads were stopped: 0.0145260 seconds, Stopping threads took: 0.0001551 seconds
2017-04-16T11:35:07.716-0700: 138631.975: Total time for which application threads were stopped: 0.0021488 seconds, Stopping threads took: 0.0001511 seconds
{Heap before GC invocations=12827 (full 18):
 par new generation   total 1800000K, used 1606967K [0x00000003ef600000, 0x0000000469720000, 0x0000000469720000)
  eden space 1600000K, 100% used [0x00000003ef600000, 0x0000000451080000, 0x0000000451080000)
  from space 200000K,   3% used [0x000000045d3d0000, 0x000000045da9de98, 0x0000000469720000)
  to   space 200000K,   0% used [0x0000000451080000, 0x0000000451080000, 0x000000045d3d0000)
 concurrent mark-sweep generation total 14001024K, used 8261188K [0x0000000469720000, 0x00000007c0000000, 0x00000007c0000000)
 Metaspace       used 44937K, capacity 46232K, committed 46652K, reserved 1091584K
  class space    used 4916K, capacity 5189K, committed 5268K, reserved 1048576K
2017-04-16T11:35:13.282-0700: 138637.541: [GC (Allocation Failure) Before GC:
Statistics for BinaryTreeDictionary:
------------------------------------
Total Free Space: 167161741
Max   Chunk Size: 1128311
Number of Blocks: 75215
Av.  Block  Size: 2222
Tree      Height: 110
2017-04-16T11:35:13.283-0700: 138637.542: [ParNew
Desired survivor size 102400000 bytes, new threshold 1 (max 1)
- age   1:    6247000 bytes,    6247000 total
: 1606967K->6909K(1800000K), 0.0128059 secs] 9868156K->8270021K(15801024K)After GC:
Statistics for BinaryTreeDictionary:
------------------------------------
Total Free Space: 167117932
Max   Chunk Size: 1128311
Number of Blocks: 75194
Av.  Block  Size: 2222
Tree      Height: 110
, 0.0140750 secs] [Times: user=0.31 sys=0.00, real=0.02 secs] 
Heap after GC invocations=12828 (full 18):
 par new generation   total 1800000K, used 6909K [0x00000003ef600000, 0x0000000469720000, 0x0000000469720000)
  eden space 1600000K,   0% used [0x00000003ef600000, 0x00000003ef600000, 0x0000000451080000)
  from space 200000K,   3% used [0x0000000451080000, 0x000000045173f640, 0x000000045d3d0000)
  to   space 200000K,   0% used [0x000000045d3d0000, 0x000000045d3d0000, 0x0000000469720000)
 concurrent mark-sweep generation total 14001024K, used 8263111K [0x0000000469720000, 0x00000007c0000000, 0x00000007c0000000)
 Metaspace       used 44937K, capacity 46232K, committed 46652K, reserved 1091584K
  class space    used 4916K, capacity 5189K, committed 5268K, reserved 1048576K
}
2017-04-16T11:35:13.296-0700: 138637.555: Total time for which application threads were stopped: 0.0151365 seconds, Stopping threads took: 0.0001467 seconds
2017-04-16T11:35:20.983-0700: 138645.242: Total time for which application threads were stopped: 0.0008555 seconds, Stopping threads took: 0.0001529 seconds
{Heap before GC invocations=12828 (full 18):
 par new generation   total 1800000K, used 1606909K [0x00000003ef600000, 0x0000000469720000, 0x0000000469720000)
  eden space 1600000K, 100% used [0x00000003ef600000, 0x0000000451080000, 0x0000000451080000)
  from space 200000K,   3% used [0x0000000451080000, 0x000000045173f640, 0x000000045d3d0000)
  to   space 200000K,   0% used [0x000000045d3d0000, 0x000000045d3d0000, 0x0000000469720000)
 concurrent mark-sweep generation total 14001024K, used 8263111K [0x0000000469720000, 0x00000007c0000000, 0x00000007c0000000)
 Metaspace       used 44937K, capacity 46232K, committed 46652K, reserved 1091584K
  class space    used 4916K, capacity 5189K, committed 5268K, reserved 1048576K
2017-04-16T11:35:26.138-0700: 138650.397: [GC (Allocation Failure) Before GC:
Statistics for BinaryTreeDictionary:
------------------------------------
Total Free Space: 167117932
Max   Chunk Size: 1128311
Number of Blocks: 75194
Av.  Block  Size: 2222
Tree      Height: 110
2017-04-16T11:35:26.138-0700: 138650.398: [ParNew
Desired survivor size 102400000 bytes, new threshold 1 (max 1)
- age   1:    6202840 bytes,    6202840 total
: 1606909K->6755K(1800000K), 0.0119170 secs] 9870021K->8271092K(15801024K)After GC:
Statistics for BinaryTreeDictionary:
------------------------------------
Total Free Space: 167102878
Max   Chunk Size: 1128311
Number of Blocks: 75168
Av.  Block  Size: 2223
Tree      Height: 110
, 0.0131944 secs] [Times: user=0.29 sys=0.00, real=0.01 secs] 
Heap after GC invocations=12829 (full 18):
 par new generation   total 1800000K, used 6755K [0x00000003ef600000, 0x0000000469720000, 0x0000000469720000)
  eden space 1600000K,   0% used [0x00000003ef600000, 0x00000003ef600000, 0x0000000451080000)
  from space 200000K,   3% used [0x000000045d3d0000, 0x000000045da68de8, 0x0000000469720000)
  to   space 200000K,   0% used [0x0000000451080000, 0x0000000451080000, 0x000000045d3d0000)
 concurrent mark-sweep generation total 14001024K, used 8264337K [0x0000000469720000, 0x00000007c0000000, 0x00000007c0000000)
 Metaspace       used 44937K, capacity 46232K, committed 46652K, reserved 1091584K
  class space    used 4916K, capacity 5189K, committed 5268K, reserved 1048576K
}
2017-04-16T11:35:26.151-0700: 138650.410: Total time for which application threads were stopped: 0.0142655 seconds, Stopping threads took: 0.0001484 seconds
2017-04-16T11:35:37.321-0700: 138661.581: Total time for which application threads were stopped: 0.0008900 seconds, Stopping threads took: 0.0001468 seconds
2017-04-16T11:35:39.801-0700: 138664.060: Total time for which application threads were stopped: 0.0021016 seconds, Stopping threads took: 0.0001422 seconds
{Heap before GC invocations=12829 (full 18):
 par new generation   total 1800000K, used 1606726K [0x00000003ef600000, 0x0000000469720000, 0x0000000469720000)
  eden space 1600000K,  99% used [0x00000003ef600000, 0x0000000451078b18, 0x0000000451080000)
  from space 200000K,   3% used [0x000000045d3d0000, 0x000000045da68de8, 0x0000000469720000)
  to   space 200000K,   0% used [0x0000000451080000, 0x0000000451080000, 0x000000045d3d0000)
 concurrent mark-sweep generation total 14001024K, used 8264337K [0x0000000469720000, 0x00000007c0000000, 0x00000007c0000000)
 Metaspace       used 44937K, capacity 46232K, committed 46652K, reserved 1091584K
  class space    used 4916K, capacity 5189K, committed 5268K, reserved 1048576K
2017-04-16T11:35:39.937-0700: 138664.197: [GC (Allocation Failure) Before GC:
Statistics for BinaryTreeDictionary:
------------------------------------
Total Free Space: 167102878
Max   Chunk Size: 1128311
Number of Blocks: 75168
Av.  Block  Size: 2223
Tree      Height: 110
2017-04-16T11:35:39.938-0700: 138664.197: [ParNew
Desired survivor size 102400000 bytes, new threshold 1 (max 1)
- age   1:    7200120 bytes,    7200120 total
: 1606726K->7840K(1800000K), 0.0127460 secs] 9871063K->8273620K(15801024K)After GC:
Statistics for BinaryTreeDictionary:
------------------------------------
Total Free Space: 167072744
Max   Chunk Size: 1128311
Number of Blocks: 75145
Av.  Block  Size: 2223
Tree      Height: 110
, 0.0140106 secs] [Times: user=0.32 sys=0.00, real=0.02 secs] 
Heap after GC invocations=12830 (full 18):
 par new generation   total 1800000K, used 7840K [0x00000003ef600000, 0x0000000469720000, 0x0000000469720000)
  eden space 1600000K,   0% used [0x00000003ef600000, 0x00000003ef600000, 0x0000000451080000)
  from space 200000K,   3% used [0x0000000451080000, 0x0000000451828180, 0x000000045d3d0000)
  to   space 200000K,   0% used [0x000000045d3d0000, 0x000000045d3d0000, 0x0000000469720000)
 concurrent mark-sweep generation total 14001024K, used 8265779K [0x0000000469720000, 0x00000007c0000000, 0x00000007c0000000)
 Metaspace       used 44937K, capacity 46232K, committed 46652K, reserved 1091584K
  class space    used 4916K, capacity 5189K, committed 5268K, reserved 1048576K
}
2017-04-16T11:35:39.951-0700: 138664.211: Total time for which application threads were stopped: 0.0150284 seconds, Stopping threads took: 0.0001432 seconds
{Heap before GC invocations=12830 (full 18):
 par new generation   total 1800000K, used 1607840K [0x00000003ef600000, 0x0000000469720000, 0x0000000469720000)
  eden space 1600000K, 100% used [0x00000003ef600000, 0x0000000451080000, 0x0000000451080000)
  from space 200000K,   3% used [0x0000000451080000, 0x0000000451828180, 0x000000045d3d0000)
  to   space 200000K,   0% used [0x000000045d3d0000, 0x000000045d3d0000, 0x0000000469720000)
 concurrent mark-sweep generation total 14001024K, used 8265779K [0x0000000469720000, 0x00000007c0000000, 0x00000007c0000000)
 Metaspace       used 44937K, capacity 46232K, committed 46652K, reserved 1091584K
  class space    used 4916K, capacity 5189K, committed 5268K, reserved 1048576K
2017-04-16T11:35:51.771-0700: 138676.030: [GC (Allocation Failure) Before GC:
Statistics for BinaryTreeDictionary:
------------------------------------
Total Free Space: 167072744
Max   Chunk Size: 1128311
Number of Blocks: 75145
Av.  Block  Size: 2223
Tree      Height: 110
2017-04-16T11:35:51.772-0700: 138676.031: [ParNew
Desired survivor size 102400000 bytes, new threshold 1 (max 1)
- age   1:    6372344 bytes,    6372344 total
: 1607840K->7009K(1800000K), 0.0123230 secs] 9873620K->8274953K(15801024K)After GC:
Statistics for BinaryTreeDictionary:
------------------------------------
Total Free Space: 166980444
Max   Chunk Size: 1128311
Number of Blocks: 75098
Av.  Block  Size: 2223
Tree      Height: 110
, 0.0135641 secs] [Times: user=0.30 sys=0.00, real=0.01 secs] 
Heap after GC invocations=12831 (full 18):
 par new generation   total 1800000K, used 7009K [0x00000003ef600000, 0x0000000469720000, 0x0000000469720000)
  eden space 1600000K,   0% used [0x00000003ef600000, 0x00000003ef600000, 0x0000000451080000)
  from space 200000K,   3% used [0x000000045d3d0000, 0x000000045daa8780, 0x0000000469720000)
  to   space 200000K,   0% used [0x0000000451080000, 0x0000000451080000, 0x000000045d3d0000)
 concurrent mark-sweep generation total 14001024K, used 8267943K [0x0000000469720000, 0x00000007c0000000, 0x00000007c0000000)
 Metaspace       used 44937K, capacity 46232K, committed 46652K, reserved 1091584K
  class space    used 4916K, capacity 5189K, committed 5268K, reserved 1048576K
}
2017-04-16T11:35:51.785-0700: 138676.044: Total time for which application threads were stopped: 0.0146433 seconds, Stopping threads took: 0.0001570 seconds
2017-04-16T11:35:53.748-0700: 138678.007: Total time for which application threads were stopped: 0.0009204 seconds, Stopping threads took: 0.0001622 seconds
{Heap before GC invocations=12831 (full 18):
 par new generation   total 1800000K, used 1607009K [0x00000003ef600000, 0x0000000469720000, 0x0000000469720000)
  eden space 1600000K, 100% used [0x00000003ef600000, 0x0000000451080000, 0x0000000451080000)
  from space 200000K,   3% used [0x000000045d3d0000, 0x000000045daa8780, 0x0000000469720000)
  to   space 200000K,   0% used [0x0000000451080000, 0x0000000451080000, 0x000000045d3d0000)
 concurrent mark-sweep generation total 14001024K, used 8267943K [0x0000000469720000, 0x00000007c0000000, 0x00000007c0000000)
 Metaspace       used 44937K, capacity 46232K, committed 46652K, reserved 1091584K
  class space    used 4916K, capacity 5189K, committed 5268K, reserved 1048576K
2017-04-16T11:36:05.736-0700: 138689.995: [GC (Allocation Failure) Before GC:
Statistics for BinaryTreeDictionary:
------------------------------------
Total Free Space: 166980444
Max   Chunk Size: 1128311
Number of Blocks: 75098
Av.  Block  Size: 2223
Tree      Height: 110
2017-04-16T11:36:05.736-0700: 138689.996: [ParNew
Desired survivor size 102400000 bytes, new threshold 1 (max 1)
- age   1:    5800248 bytes,    5800248 total
: 1607009K->6193K(1800000K), 0.0124710 secs] 9874953K->8275535K(15801024K)After GC:
Statistics for BinaryTreeDictionary:
------------------------------------
Total Free Space: 166924364
Max   Chunk Size: 1128311
Number of Blocks: 75055
Av.  Block  Size: 2224
Tree      Height: 110
, 0.0137784 secs] [Times: user=0.31 sys=0.00, real=0.01 secs] 
Heap after GC invocations=12832 (full 18):
 par new generation   total 1800000K, used 6193K [0x00000003ef600000, 0x0000000469720000, 0x0000000469720000)
  eden space 1600000K,   0% used [0x00000003ef600000, 0x00000003ef600000, 0x0000000451080000)
  from space 200000K,   3% used [0x0000000451080000, 0x000000045168c760, 0x000000045d3d0000)
  to   space 200000K,   0% used [0x000000045d3d0000, 0x000000045d3d0000, 0x0000000469720000)
 concurrent mark-sweep generation total 14001024K, used 8269342K [0x0000000469720000, 0x00000007c0000000, 0x00000007c0000000)
 Metaspace       used 44937K, capacity 46232K, committed 46652K, reserved 1091584K
  class space    used 4916K, capacity 5189K, committed 5268K, reserved 1048576K
}
2017-04-16T11:36:05.750-0700: 138690.009: Total time for which application threads were stopped: 0.0148602 seconds, Stopping threads took: 0.0001468 seconds
2017-04-16T11:36:06.943-0700: 138691.202: Total time for which application threads were stopped: 0.0009258 seconds, Stopping threads took: 0.0001521 seconds
{Heap before GC invocations=12832 (full 18):
 par new generation   total 1800000K, used 1606193K [0x00000003ef600000, 0x0000000469720000, 0x0000000469720000)
  eden space 1600000K, 100% used [0x00000003ef600000, 0x0000000451080000, 0x0000000451080000)
  from space 200000K,   3% used [0x0000000451080000, 0x000000045168c760, 0x000000045d3d0000)
  to   space 200000K,   0% used [0x000000045d3d0000, 0x000000045d3d0000, 0x0000000469720000)
 concurrent mark-sweep generation total 14001024K, used 8269342K [0x0000000469720000, 0x00000007c0000000, 0x00000007c0000000)
 Metaspace       used 44937K, capacity 46232K, committed 46652K, reserved 1091584K
  class space    used 4916K, capacity 5189K, committed 5268K, reserved 1048576K
2017-04-16T11:36:19.277-0700: 138703.536: [GC (Allocation Failure) Before GC:
Statistics for BinaryTreeDictionary:
------------------------------------
Total Free Space: 166924364
Max   Chunk Size: 1128311
Number of Blocks: 75055
Av.  Block  Size: 2224
Tree      Height: 110
2017-04-16T11:36:19.278-0700: 138703.537: [ParNew
Desired survivor size 102400000 bytes, new threshold 1 (max 1)
- age   1:    5988800 bytes,    5988800 total
: 1606193K->6498K(1800000K), 0.0122728 secs] 9875535K->8277283K(15801024K)After GC:
Statistics for BinaryTreeDictionary:
------------------------------------
Total Free Space: 166877062
Max   Chunk Size: 1128311
Number of Blocks: 75026
Av.  Block  Size: 2224
Tree      Height: 110
, 0.0135402 secs] [Times: user=0.30 sys=0.00, real=0.01 secs] 
Heap after GC invocations=12833 (full 18):
 par new generation   total 1800000K, used 6498K [0x00000003ef600000, 0x0000000469720000, 0x0000000469720000)
  eden space 1600000K,   0% used [0x00000003ef600000, 0x00000003ef600000, 0x0000000451080000)
  from space 200000K,   3% used [0x000000045d3d0000, 0x000000045da289a8, 0x0000000469720000)
  to   space 200000K,   0% used [0x0000000451080000, 0x0000000451080000, 0x000000045d3d0000)
 concurrent mark-sweep generation total 14001024K, used 8270785K [0x0000000469720000, 0x00000007c0000000, 0x00000007c0000000)
 Metaspace       used 44937K, capacity 46232K, committed 46652K, reserved 1091584K
  class space    used 4916K, capacity 5189K, committed 5268K, reserved 1048576K
}
2017-04-16T11:36:19.291-0700: 138703.550: Total time for which application threads were stopped: 0.0146389 seconds, Stopping threads took: 0.0001445 seconds
{Heap before GC invocations=12833 (full 18):
 par new generation   total 1800000K, used 1606498K [0x00000003ef600000, 0x0000000469720000, 0x0000000469720000)
  eden space 1600000K, 100% used [0x00000003ef600000, 0x0000000451080000, 0x0000000451080000)
  from space 200000K,   3% used [0x000000045d3d0000, 0x000000045da289a8, 0x0000000469720000)
  to   space 200000K,   0% used [0x0000000451080000, 0x0000000451080000, 0x000000045d3d0000)
 concurrent mark-sweep generation total 14001024K, used 8270785K [0x0000000469720000, 0x00000007c0000000, 0x00000007c0000000)
 Metaspace       used 44937K, capacity 46232K, committed 46652K, reserved 1091584K
  class space    used 4916K, capacity 5189K, committed 5268K, reserved 1048576K
2017-04-16T11:36:32.201-0700: 138716.461: [GC (Allocation Failure) Before GC:
Statistics for BinaryTreeDictionary:
------------------------------------
Total Free Space: 166877062
Max   Chunk Size: 1128311
Number of Blocks: 75026
Av.  Block  Size: 2224
Tree      Height: 110
2017-04-16T11:36:32.202-0700: 138716.461: [ParNew
Desired survivor size 102400000 bytes, new threshold 1 (max 1)
- age   1:   13357912 bytes,   13357912 total
: 1606498K->13645K(1800000K), 0.0122230 secs] 9877283K->8285657K(15801024K)After GC:
Statistics for BinaryTreeDictionary:
------------------------------------
Total Free Space: 166860444
Max   Chunk Size: 1128311
Number of Blocks: 74999
Av.  Block  Size: 2224
Tree      Height: 110
, 0.0135403 secs] [Times: user=0.30 sys=0.00, real=0.01 secs] 
Heap after GC invocations=12834 (full 18):
 par new generation   total 1800000K, used 13645K [0x00000003ef600000, 0x0000000469720000, 0x0000000469720000)
  eden space 1600000K,   0% used [0x00000003ef600000, 0x00000003ef600000, 0x0000000451080000)
  from space 200000K,   6% used [0x0000000451080000, 0x0000000451dd3430, 0x000000045d3d0000)
  to   space 200000K,   0% used [0x000000045d3d0000, 0x000000045d3d0000, 0x0000000469720000)
 concurrent mark-sweep generation total 14001024K, used 8272012K [0x0000000469720000, 0x00000007c0000000, 0x00000007c0000000)
 Metaspace       used 44937K, capacity 46232K, committed 46652K, reserved 1091584K
  class space    used 4916K, capacity 5189K, committed 5268K, reserved 1048576K
}
2017-04-16T11:36:32.215-0700: 138716.474: Total time for which application threads were stopped: 0.0146316 seconds, Stopping threads took: 0.0001491 seconds
{Heap before GC invocations=12834 (full 18):
 par new generation   total 1800000K, used 1613645K [0x00000003ef600000, 0x0000000469720000, 0x0000000469720000)
  eden space 1600000K, 100% used [0x00000003ef600000, 0x0000000451080000, 0x0000000451080000)
  from space 200000K,   6% used [0x0000000451080000, 0x0000000451dd3430, 0x000000045d3d0000)
  to   space 200000K,   0% used [0x000000045d3d0000, 0x000000045d3d0000, 0x0000000469720000)
 concurrent mark-sweep generation total 14001024K, used 8272012K [0x0000000469720000, 0x00000007c0000000, 0x00000007c0000000)
 Metaspace       used 44937K, capacity 46232K, committed 46652K, reserved 1091584K
  class space    used 4916K, capacity 5189K, committed 5268K, reserved 1048576K
2017-04-16T11:36:45.575-0700: 138729.835: [GC (Allocation Failure) Before GC:
Statistics for BinaryTreeDictionary:
------------------------------------
Total Free Space: 166860444
Max   Chunk Size: 1128311
Number of Blocks: 74999
Av.  Block  Size: 2224
Tree      Height: 110
2017-04-16T11:36:45.576-0700: 138729.835: [ParNew
Desired survivor size 102400000 bytes, new threshold 1 (max 1)
- age   1:    6511160 bytes,    6511160 total
: 1613645K->10235K(1800000K), 0.0206847 secs] 9885657K->8290461K(15801024K)After GC:
Statistics for BinaryTreeDictionary:
------------------------------------
Total Free Space: 166697251
Max   Chunk Size: 1128311
Number of Blocks: 74973
Av.  Block  Size: 2223
Tree      Height: 110
, 0.0219774 secs] [Times: user=0.31 sys=0.00, real=0.02 secs] 
Heap after GC invocations=12835 (full 18):
 par new generation   total 1800000K, used 10235K [0x00000003ef600000, 0x0000000469720000, 0x0000000469720000)
  eden space 1600000K,   0% used [0x00000003ef600000, 0x00000003ef600000, 0x0000000451080000)
  from space 200000K,   5% used [0x000000045d3d0000, 0x000000045ddcefb8, 0x0000000469720000)
  to   space 200000K,   0% used [0x0000000451080000, 0x0000000451080000, 0x000000045d3d0000)
 concurrent mark-sweep generation total 14001024K, used 8280225K [0x0000000469720000, 0x00000007c0000000, 0x00000007c0000000)
 Metaspace       used 44937K, capacity 46232K, committed 46652K, reserved 1091584K
  class space    used 4916K, capacity 5189K, committed 5268K, reserved 1048576K
}
2017-04-16T11:36:45.598-0700: 138729.857: Total time for which application threads were stopped: 0.0230668 seconds, Stopping threads took: 0.0001515 seconds
{Heap before GC invocations=12835 (full 18):
 par new generation   total 1800000K, used 1610235K [0x00000003ef600000, 0x0000000469720000, 0x0000000469720000)
  eden space 1600000K, 100% used [0x00000003ef600000, 0x0000000451080000, 0x0000000451080000)
  from space 200000K,   5% used [0x000000045d3d0000, 0x000000045ddcefb8, 0x0000000469720000)
  to   space 200000K,   0% used [0x0000000451080000, 0x0000000451080000, 0x000000045d3d0000)
 concurrent mark-sweep generation total 14001024K, used 8280225K [0x0000000469720000, 0x00000007c0000000, 0x00000007c0000000)
 Metaspace       used 44937K, capacity 46232K, committed 46652K, reserved 1091584K
  class space    used 4916K, capacity 5189K, committed 5268K, reserved 1048576K
2017-04-16T11:36:58.848-0700: 138743.108: [GC (Allocation Failure) Before GC:
Statistics for BinaryTreeDictionary:
------------------------------------
Total Free Space: 166697251
Max   Chunk Size: 1128311
Number of Blocks: 74973
Av.  Block  Size: 2223
Tree      Height: 110
2017-04-16T11:36:58.849-0700: 138743.108: [ParNew
Desired survivor size 102400000 bytes, new threshold 1 (max 1)
- age   1:    6494384 bytes,    6494384 total
: 1610235K->7256K(1800000K), 0.0118844 secs] 9890461K->8288619K(15801024K)After GC:
Statistics for BinaryTreeDictionary:
------------------------------------
Total Free Space: 166675708
Max   Chunk Size: 1128311
Number of Blocks: 74966
Av.  Block  Size: 2223
Tree      Height: 110
, 0.0131596 secs] [Times: user=0.29 sys=0.00, real=0.02 secs] 
Heap after GC invocations=12836 (full 18):
 par new generation   total 1800000K, used 7256K [0x00000003ef600000, 0x0000000469720000, 0x0000000469720000)
  eden space 1600000K,   0% used [0x00000003ef600000, 0x00000003ef600000, 0x0000000451080000)
  from space 200000K,   3% used [0x0000000451080000, 0x00000004517963c0, 0x000000045d3d0000)
  to   space 200000K,   0% used [0x000000045d3d0000, 0x000000045d3d0000, 0x0000000469720000)
 concurrent mark-sweep generation total 14001024K, used 8281362K [0x0000000469720000, 0x00000007c0000000, 0x00000007c0000000)
 Metaspace       used 44937K, capacity 46232K, committed 46652K, reserved 1091584K
  class space    used 4916K, capacity 5189K, committed 5268K, reserved 1048576K
}
2017-04-16T11:36:58.862-0700: 138743.121: Total time for which application threads were stopped: 0.0142346 seconds, Stopping threads took: 0.0001531 seconds
2017-04-16T11:37:09.621-0700: 138753.880: Total time for which application threads were stopped: 0.0021374 seconds, Stopping threads took: 0.0001502 seconds
{Heap before GC invocations=12836 (full 18):
 par new generation   total 1800000K, used 1607256K [0x00000003ef600000, 0x0000000469720000, 0x0000000469720000)
  eden space 1600000K, 100% used [0x00000003ef600000, 0x0000000451080000, 0x0000000451080000)
  from space 200000K,   3% used [0x0000000451080000, 0x00000004517963c0, 0x000000045d3d0000)
  to   space 200000K,   0% used [0x000000045d3d0000, 0x000000045d3d0000, 0x0000000469720000)
 concurrent mark-sweep generation total 14001024K, used 8281362K [0x0000000469720000, 0x00000007c0000000, 0x00000007c0000000)
 Metaspace       used 44937K, capacity 46232K, committed 46652K, reserved 1091584K
  class space    used 4916K, capacity 5189K, committed 5268K, reserved 1048576K
2017-04-16T11:37:10.607-0700: 138754.866: [GC (Allocation Failure) Before GC:
Statistics for BinaryTreeDictionary:
------------------------------------
Total Free Space: 166675708
Max   Chunk Size: 1128311
Number of Blocks: 74966
Av.  Block  Size: 2223
Tree      Height: 110
2017-04-16T11:37:10.607-0700: 138754.867: [ParNew
Desired survivor size 102400000 bytes, new threshold 1 (max 1)
- age   1:   12955976 bytes,   12955976 total
: 1607256K->13111K(1800000K), 0.0123803 secs] 9888619K->8295564K(15801024K)After GC:
Statistics for BinaryTreeDictionary:
------------------------------------
Total Free Space: 166649205
Max   Chunk Size: 1128311
Number of Blocks: 74950
Av.  Block  Size: 2223
Tree      Height: 110
, 0.0136811 secs] [Times: user=0.31 sys=0.00, real=0.01 secs] 
Heap after GC invocations=12837 (full 18):
 par new generation   total 1800000K, used 13111K [0x00000003ef600000, 0x0000000469720000, 0x0000000469720000)
  eden space 1600000K,   0% used [0x00000003ef600000, 0x00000003ef600000, 0x0000000451080000)
  from space 200000K,   6% used [0x000000045d3d0000, 0x000000045e09dd98, 0x0000000469720000)
  to   space 200000K,   0% used [0x0000000451080000, 0x0000000451080000, 0x000000045d3d0000)
 concurrent mark-sweep generation total 14001024K, used 8282453K [0x0000000469720000, 0x00000007c0000000, 0x00000007c0000000)
 Metaspace       used 44937K, capacity 46232K, committed 46652K, reserved 1091584K
  class space    used 4916K, capacity 5189K, committed 5268K, reserved 1048576K
}
2017-04-16T11:37:10.620-0700: 138754.880: Total time for which application threads were stopped: 0.0147654 seconds, Stopping threads took: 0.0001491 seconds
{Heap before GC invocations=12837 (full 18):
 par new generation   total 1800000K, used 1613111K [0x00000003ef600000, 0x0000000469720000, 0x0000000469720000)
  eden space 1600000K, 100% used [0x00000003ef600000, 0x0000000451080000, 0x0000000451080000)
  from space 200000K,   6% used [0x000000045d3d0000, 0x000000045e09dd98, 0x0000000469720000)
  to   space 200000K,   0% used [0x0000000451080000, 0x0000000451080000, 0x000000045d3d0000)
 concurrent mark-sweep generation total 14001024K, used 8282453K [0x0000000469720000, 0x00000007c0000000, 0x00000007c0000000)
 Metaspace       used 44937K, capacity 46232K, committed 46652K, reserved 1091584K
  class space    used 4916K, capacity 5189K, committed 5268K, reserved 1048576K
2017-04-16T11:37:22.953-0700: 138767.212: [GC (Allocation Failure) Before GC:
Statistics for BinaryTreeDictionary:
------------------------------------
Total Free Space: 166649205
Max   Chunk Size: 1128311
Number of Blocks: 74950
Av.  Block  Size: 2223
Tree      Height: 110
2017-04-16T11:37:22.953-0700: 138767.212: [ParNew
Desired survivor size 102400000 bytes, new threshold 1 (max 1)
- age   1:    6879304 bytes,    6879304 total
: 1613111K->7178K(1800000K), 0.0125367 secs] 9895564K->8292433K(15801024K)After GC:
Statistics for BinaryTreeDictionary:
------------------------------------
Total Free Space: 166434815
Max   Chunk Size: 1128311
Number of Blocks: 74926
Av.  Block  Size: 2221
Tree      Height: 110
, 0.0138185 secs] [Times: user=0.31 sys=0.00, real=0.02 secs] 
Heap after GC invocations=12838 (full 18):
 par new generation   total 1800000K, used 7178K [0x00000003ef600000, 0x0000000469720000, 0x0000000469720000)
  eden space 1600000K,   0% used [0x00000003ef600000, 0x00000003ef600000, 0x0000000451080000)
  from space 200000K,   3% used [0x0000000451080000, 0x0000000451782bf8, 0x000000045d3d0000)
  to   space 200000K,   0% used [0x000000045d3d0000, 0x000000045d3d0000, 0x0000000469720000)
 concurrent mark-sweep generation total 14001024K, used 8285254K [0x0000000469720000, 0x00000007c0000000, 0x00000007c0000000)
 Metaspace       used 44937K, capacity 46232K, committed 46652K, reserved 1091584K
  class space    used 4916K, capacity 5189K, committed 5268K, reserved 1048576K
}
2017-04-16T11:37:22.967-0700: 138767.226: Total time for which application threads were stopped: 0.0149185 seconds, Stopping threads took: 0.0001548 seconds
{Heap before GC invocations=12838 (full 18):
 par new generation   total 1800000K, used 1607178K [0x00000003ef600000, 0x0000000469720000, 0x0000000469720000)
  eden space 1600000K, 100% used [0x00000003ef600000, 0x0000000451080000, 0x0000000451080000)
  from space 200000K,   3% used [0x0000000451080000, 0x0000000451782bf8, 0x000000045d3d0000)
  to   space 200000K,   0% used [0x000000045d3d0000, 0x000000045d3d0000, 0x0000000469720000)
 concurrent mark-sweep generation total 14001024K, used 8285254K [0x0000000469720000, 0x00000007c0000000, 0x00000007c0000000)
 Metaspace       used 44937K, capacity 46232K, committed 46652K, reserved 1091584K
  class space    used 4916K, capacity 5189K, committed 5268K, reserved 1048576K
2017-04-16T11:37:36.357-0700: 138780.617: [GC (Allocation Failure) Before GC:
Statistics for BinaryTreeDictionary:
------------------------------------
Total Free Space: 166434815
Max   Chunk Size: 1128311
Number of Blocks: 74926
Av.  Block  Size: 2221
Tree      Height: 110
2017-04-16T11:37:36.358-0700: 138780.617: [ParNew
Desired survivor size 102400000 bytes, new threshold 1 (max 1)
- age   1:   12563008 bytes,   12563008 total
: 1607178K->13127K(1800000K), 0.0128965 secs] 9892433K->8299819K(15801024K)After GC:
Statistics for BinaryTreeDictionary:
------------------------------------
Total Free Space: 166419447
Max   Chunk Size: 1128311
Number of Blocks: 74901
Av.  Block  Size: 2221
Tree      Height: 110
, 0.0141955 secs] [Times: user=0.32 sys=0.00, real=0.01 secs] 
Heap after GC invocations=12839 (full 18):
 par new generation   total 1800000K, used 13127K [0x00000003ef600000, 0x0000000469720000, 0x0000000469720000)
  eden space 1600000K,   0% used [0x00000003ef600000, 0x00000003ef600000, 0x0000000451080000)
  from space 200000K,   6% used [0x000000045d3d0000, 0x000000045e0a1fa8, 0x0000000469720000)
  to   space 200000K,   0% used [0x0000000451080000, 0x0000000451080000, 0x000000045d3d0000)
 concurrent mark-sweep generation total 14001024K, used 8286691K [0x0000000469720000, 0x00000007c0000000, 0x00000007c0000000)
 Metaspace       used 44937K, capacity 46232K, committed 46652K, reserved 1091584K
  class space    used 4916K, capacity 5189K, committed 5268K, reserved 1048576K
}
2017-04-16T11:37:36.372-0700: 138780.631: Total time for which application threads were stopped: 0.0153166 seconds, Stopping threads took: 0.0001697 seconds
{Heap before GC invocations=12839 (full 18):
 par new generation   total 1800000K, used 1613127K [0x00000003ef600000, 0x0000000469720000, 0x0000000469720000)
  eden space 1600000K, 100% used [0x00000003ef600000, 0x0000000451080000, 0x0000000451080000)
  from space 200000K,   6% used [0x000000045d3d0000, 0x000000045e0a1fa8, 0x0000000469720000)
  to   space 200000K,   0% used [0x0000000451080000, 0x0000000451080000, 0x000000045d3d0000)
 concurrent mark-sweep generation total 14001024K, used 8286691K [0x0000000469720000, 0x00000007c0000000, 0x00000007c0000000)
 Metaspace       used 44937K, capacity 46232K, committed 46652K, reserved 1091584K
  class space    used 4916K, capacity 5189K, committed 5268K, reserved 1048576K
2017-04-16T11:37:49.540-0700: 138793.799: [GC (Allocation Failure) Before GC:
Statistics for BinaryTreeDictionary:
------------------------------------
Total Free Space: 166419447
Max   Chunk Size: 1128311
Number of Blocks: 74901
Av.  Block  Size: 2221
Tree      Height: 110
2017-04-16T11:37:49.540-0700: 138793.800: [ParNew
Desired survivor size 102400000 bytes, new threshold 1 (max 1)
- age   1:    6623416 bytes,    6623416 total
: 1613127K->7297K(1800000K), 0.0129128 secs] 9899819K->8296826K(15801024K)After GC:
Statistics for BinaryTreeDictionary:
------------------------------------
Total Free Space: 166243215
Max   Chunk Size: 1128311
Number of Blocks: 74882
Av.  Block  Size: 2220
Tree      Height: 110
, 0.0142215 secs] [Times: user=0.32 sys=0.00, real=0.01 secs] 
Heap after GC invocations=12840 (full 18):
 par new generation   total 1800000K, used 7297K [0x00000003ef600000, 0x0000000469720000, 0x0000000469720000)
  eden space 1600000K,   0% used [0x00000003ef600000, 0x00000003ef600000, 0x0000000451080000)
  from space 200000K,   3% used [0x0000000451080000, 0x00000004517a0488, 0x000000045d3d0000)
  to   space 200000K,   0% used [0x000000045d3d0000, 0x000000045d3d0000, 0x0000000469720000)
 concurrent mark-sweep generation total 14001024K, used 8289528K [0x0000000469720000, 0x00000007c0000000, 0x00000007c0000000)
 Metaspace       used 44937K, capacity 46232K, committed 46652K, reserved 1091584K
  class space    used 4916K, capacity 5189K, committed 5268K, reserved 1048576K
}
2017-04-16T11:37:49.554-0700: 138793.813: Total time for which application threads were stopped: 0.0153049 seconds, Stopping threads took: 0.0001453 seconds
{Heap before GC invocations=12840 (full 18):
 par new generation   total 1800000K, used 1607297K [0x00000003ef600000, 0x0000000469720000, 0x0000000469720000)
  eden space 1600000K, 100% used [0x00000003ef600000, 0x0000000451080000, 0x0000000451080000)
  from space 200000K,   3% used [0x0000000451080000, 0x00000004517a0488, 0x000000045d3d0000)
  to   space 200000K,   0% used [0x000000045d3d0000, 0x000000045d3d0000, 0x0000000469720000)
 concurrent mark-sweep generation total 14001024K, used 8289528K [0x0000000469720000, 0x00000007c0000000, 0x00000007c0000000)
 Metaspace       used 44937K, capacity 46232K, committed 46652K, reserved 1091584K
  class space    used 4916K, capacity 5189K, committed 5268K, reserved 1048576K
2017-04-16T11:38:03.419-0700: 138807.678: [GC (Allocation Failure) Before GC:
Statistics for BinaryTreeDictionary:
------------------------------------
Total Free Space: 166243215
Max   Chunk Size: 1128311
Number of Blocks: 74882
Av.  Block  Size: 2220
Tree      Height: 110
2017-04-16T11:38:03.420-0700: 138807.679: [ParNew
Desired survivor size 102400000 bytes, new threshold 1 (max 1)
- age   1:    7790080 bytes,    7790080 total
: 1607297K->8434K(1800000K), 0.0129249 secs] 9896826K->8299430K(15801024K)After GC:
Statistics for BinaryTreeDictionary:
------------------------------------
Total Free Space: 166237018
Max   Chunk Size: 1128311
Number of Blocks: 74872
Av.  Block  Size: 2220
Tree      Height: 110
, 0.0142308 secs] [Times: user=0.32 sys=0.00, real=0.02 secs] 
Heap after GC invocations=12841 (full 18):
 par new generation   total 1800000K, used 8434K [0x00000003ef600000, 0x0000000469720000, 0x0000000469720000)
  eden space 1600000K,   0% used [0x00000003ef600000, 0x00000003ef600000, 0x0000000451080000)
  from space 200000K,   4% used [0x000000045d3d0000, 0x000000045dc0c820, 0x0000000469720000)
  to   space 200000K,   0% used [0x0000000451080000, 0x0000000451080000, 0x000000045d3d0000)
 concurrent mark-sweep generation total 14001024K, used 8290996K [0x0000000469720000, 0x00000007c0000000, 0x00000007c0000000)
 Metaspace       used 44937K, capacity 46232K, committed 46652K, reserved 1091584K
  class space    used 4916K, capacity 5189K, committed 5268K, reserved 1048576K
}
2017-04-16T11:38:03.433-0700: 138807.693: Total time for which application threads were stopped: 0.0153367 seconds, Stopping threads took: 0.0001567 seconds
2017-04-16T11:38:07.799-0700: 138812.058: Total time for which application threads were stopped: 0.0021682 seconds, Stopping threads took: 0.0001547 seconds
2017-04-16T11:38:10.268-0700: 138814.528: Total time for which application threads were stopped: 0.0008926 seconds, Stopping threads took: 0.0001409 seconds
{Heap before GC invocations=12841 (full 18):
 par new generation   total 1800000K, used 1608434K [0x00000003ef600000, 0x0000000469720000, 0x0000000469720000)
  eden space 1600000K, 100% used [0x00000003ef600000, 0x0000000451080000, 0x0000000451080000)
  from space 200000K,   4% used [0x000000045d3d0000, 0x000000045dc0c820, 0x0000000469720000)
  to   space 200000K,   0% used [0x0000000451080000, 0x0000000451080000, 0x000000045d3d0000)
 concurrent mark-sweep generation total 14001024K, used 8290996K [0x0000000469720000, 0x00000007c0000000, 0x00000007c0000000)
 Metaspace       used 44937K, capacity 46232K, committed 46652K, reserved 1091584K
  class space    used 4916K, capacity 5189K, committed 5268K, reserved 1048576K
2017-04-16T11:38:17.023-0700: 138821.282: [GC (Allocation Failure) Before GC:
Statistics for BinaryTreeDictionary:
------------------------------------
Total Free Space: 166237018
Max   Chunk Size: 1128311
Number of Blocks: 74872
Av.  Block  Size: 2220
Tree      Height: 110
2017-04-16T11:38:17.023-0700: 138821.282: [ParNew
Desired survivor size 102400000 bytes, new threshold 1 (max 1)
- age   1:    7307816 bytes,    7307816 total
: 1608434K->7987K(1800000K), 0.0129010 secs] 9899430K->8300932K(15801024K)After GC:
Statistics for BinaryTreeDictionary:
------------------------------------
Total Free Space: 166197033
Max   Chunk Size: 1128311
Number of Blocks: 74861
Av.  Block  Size: 2220
Tree      Height: 110
, 0.0142163 secs] [Times: user=0.31 sys=0.00, real=0.01 secs] 
Heap after GC invocations=12842 (full 18):
 par new generation   total 1800000K, used 7987K [0x00000003ef600000, 0x0000000469720000, 0x0000000469720000)
  eden space 1600000K,   0% used [0x00000003ef600000, 0x00000003ef600000, 0x0000000451080000)
  from space 200000K,   3% used [0x0000000451080000, 0x000000045184cc08, 0x000000045d3d0000)
  to   space 200000K,   0% used [0x000000045d3d0000, 0x000000045d3d0000, 0x0000000469720000)
 concurrent mark-sweep generation total 14001024K, used 8292944K [0x0000000469720000, 0x00000007c0000000, 0x00000007c0000000)
 Metaspace       used 44937K, capacity 46232K, committed 46652K, reserved 1091584K
  class space    used 4916K, capacity 5189K, committed 5268K, reserved 1048576K
}
2017-04-16T11:38:17.037-0700: 138821.296: Total time for which application threads were stopped: 0.0152978 seconds, Stopping threads took: 0.0001474 seconds
{Heap before GC invocations=12842 (full 18):
 par new generation   total 1800000K, used 1607987K [0x00000003ef600000, 0x0000000469720000, 0x0000000469720000)
  eden space 1600000K, 100% used [0x00000003ef600000, 0x0000000451080000, 0x0000000451080000)
  from space 200000K,   3% used [0x0000000451080000, 0x000000045184cc08, 0x000000045d3d0000)
  to   space 200000K,   0% used [0x000000045d3d0000, 0x000000045d3d0000, 0x0000000469720000)
 concurrent mark-sweep generation total 14001024K, used 8292944K [0x0000000469720000, 0x00000007c0000000, 0x00000007c0000000)
 Metaspace       used 44937K, capacity 46232K, committed 46652K, reserved 1091584K
  class space    used 4916K, capacity 5189K, committed 5268K, reserved 1048576K
2017-04-16T11:38:30.729-0700: 138834.989: [GC (Allocation Failure) Before GC:
Statistics for BinaryTreeDictionary:
------------------------------------
Total Free Space: 166197033
Max   Chunk Size: 1128311
Number of Blocks: 74861
Av.  Block  Size: 2220
Tree      Height: 110
2017-04-16T11:38:30.730-0700: 138834.989: [ParNew
Desired survivor size 102400000 bytes, new threshold 1 (max 1)
- age   1:    6664216 bytes,    6664216 total
: 1607987K->7165K(1800000K), 0.0128769 secs] 9900932K->8301987K(15801024K)After GC:
Statistics for BinaryTreeDictionary:
------------------------------------
Total Free Space: 166162529
Max   Chunk Size: 1128311
Number of Blocks: 74858
Av.  Block  Size: 2219
Tree      Height: 110
, 0.0141450 secs] [Times: user=0.32 sys=0.00, real=0.01 secs] 
Heap after GC invocations=12843 (full 18):
 par new generation   total 1800000K, used 7165K [0x00000003ef600000, 0x0000000469720000, 0x0000000469720000)
  eden space 1600000K,   0% used [0x00000003ef600000, 0x00000003ef600000, 0x0000000451080000)
  from space 200000K,   3% used [0x000000045d3d0000, 0x000000045dacf4e0, 0x0000000469720000)
  to   space 200000K,   0% used [0x0000000451080000, 0x0000000451080000, 0x000000045d3d0000)
 concurrent mark-sweep generation total 14001024K, used 8294822K [0x0000000469720000, 0x00000007c0000000, 0x00000007c0000000)
 Metaspace       used 44937K, capacity 46232K, committed 46652K, reserved 1091584K
  class space    used 4916K, capacity 5189K, committed 5268K, reserved 1048576K
}
2017-04-16T11:38:30.744-0700: 138835.003: Total time for which application threads were stopped: 0.0152223 seconds, Stopping threads took: 0.0001468 seconds
2017-04-16T11:38:39.712-0700: 138843.972: Total time for which application threads were stopped: 0.0021298 seconds, Stopping threads took: 0.0001511 seconds
{Heap before GC invocations=12843 (full 18):
 par new generation   total 1800000K, used 1607165K [0x00000003ef600000, 0x0000000469720000, 0x0000000469720000)
  eden space 1600000K, 100% used [0x00000003ef600000, 0x0000000451080000, 0x0000000451080000)
  from space 200000K,   3% used [0x000000045d3d0000, 0x000000045dacf4e0, 0x0000000469720000)
  to   space 200000K,   0% used [0x0000000451080000, 0x0000000451080000, 0x000000045d3d0000)
 concurrent mark-sweep generation total 14001024K, used 8294822K [0x0000000469720000, 0x00000007c0000000, 0x00000007c0000000)
 Metaspace       used 44937K, capacity 46232K, committed 46652K, reserved 1091584K
  class space    used 4916K, capacity 5189K, committed 5268K, reserved 1048576K
2017-04-16T11:38:41.578-0700: 138845.837: [GC (Allocation Failure) Before GC:
Statistics for BinaryTreeDictionary:
------------------------------------
Total Free Space: 166162529
Max   Chunk Size: 1128311
Number of Blocks: 74858
Av.  Block  Size: 2219
Tree      Height: 110
2017-04-16T11:38:41.578-0700: 138845.838: [ParNew
Desired survivor size 102400000 bytes, new threshold 1 (max 1)
- age   1:    6845888 bytes,    6845888 total
: 1607165K->7793K(1800000K), 0.0129008 secs] 9901987K->8304464K(15801024K)After GC:
Statistics for BinaryTreeDictionary:
------------------------------------
Total Free Space: 166129034
Max   Chunk Size: 1128311
Number of Blocks: 74857
Av.  Block  Size: 2219
Tree      Height: 110
, 0.0142135 secs] [Times: user=0.32 sys=0.00, real=0.01 secs] 
Heap after GC invocations=12844 (full 18):
 par new generation   total 1800000K, used 7793K [0x00000003ef600000, 0x0000000469720000, 0x0000000469720000)
  eden space 1600000K,   0% used [0x00000003ef600000, 0x00000003ef600000, 0x0000000451080000)
  from space 200000K,   3% used [0x0000000451080000, 0x000000045181c548, 0x000000045d3d0000)
  to   space 200000K,   0% used [0x000000045d3d0000, 0x000000045d3d0000, 0x0000000469720000)
 concurrent mark-sweep generation total 14001024K, used 8296671K [0x0000000469720000, 0x00000007c0000000, 0x00000007c0000000)
 Metaspace       used 44937K, capacity 46232K, committed 46652K, reserved 1091584K
  class space    used 4916K, capacity 5189K, committed 5268K, reserved 1048576K
}
2017-04-16T11:38:41.592-0700: 138845.851: Total time for which application threads were stopped: 0.0152995 seconds, Stopping threads took: 0.0001431 seconds
2017-04-16T11:38:41.698-0700: 138845.957: Total time for which application threads were stopped: 0.0008334 seconds, Stopping threads took: 0.0001307 seconds
{Heap before GC invocations=12844 (full 18):
 par new generation   total 1800000K, used 1607793K [0x00000003ef600000, 0x0000000469720000, 0x0000000469720000)
  eden space 1600000K, 100% used [0x00000003ef600000, 0x0000000451080000, 0x0000000451080000)
  from space 200000K,   3% used [0x0000000451080000, 0x000000045181c548, 0x000000045d3d0000)
  to   space 200000K,   0% used [0x000000045d3d0000, 0x000000045d3d0000, 0x0000000469720000)
 concurrent mark-sweep generation total 14001024K, used 8296671K [0x0000000469720000, 0x00000007c0000000, 0x00000007c0000000)
 Metaspace       used 44937K, capacity 46232K, committed 46652K, reserved 1091584K
  class space    used 4916K, capacity 5189K, committed 5268K, reserved 1048576K
2017-04-16T11:38:55.104-0700: 138859.363: [GC (Allocation Failure) Before GC:
Statistics for BinaryTreeDictionary:
------------------------------------
Total Free Space: 166129034
Max   Chunk Size: 1128311
Number of Blocks: 74857
Av.  Block  Size: 2219
Tree      Height: 110
2017-04-16T11:38:55.104-0700: 138859.364: [ParNew
Desired survivor size 102400000 bytes, new threshold 1 (max 1)
- age   1:    7212352 bytes,    7212352 total
: 1607793K->7693K(1800000K), 0.0124022 secs] 9904464K->8306288K(15801024K)After GC:
Statistics for BinaryTreeDictionary:
------------------------------------
Total Free Space: 166040538
Max   Chunk Size: 1128311
Number of Blocks: 74826
Av.  Block  Size: 2219
Tree      Height: 110
, 0.0137017 secs] [Times: user=0.30 sys=0.00, real=0.02 secs] 
Heap after GC invocations=12845 (full 18):
 par new generation   total 1800000K, used 7693K [0x00000003ef600000, 0x0000000469720000, 0x0000000469720000)
  eden space 1600000K,   0% used [0x00000003ef600000, 0x00000003ef600000, 0x0000000451080000)
  from space 200000K,   3% used [0x000000045d3d0000, 0x000000045db53640, 0x0000000469720000)
  to   space 200000K,   0% used [0x0000000451080000, 0x0000000451080000, 0x000000045d3d0000)
 concurrent mark-sweep generation total 14001024K, used 8298594K [0x0000000469720000, 0x00000007c0000000, 0x00000007c0000000)
 Metaspace       used 44937K, capacity 46232K, committed 46652K, reserved 1091584K
  class space    used 4916K, capacity 5189K, committed 5268K, reserved 1048576K
}
2017-04-16T11:38:55.118-0700: 138859.377: Total time for which application threads were stopped: 0.0148104 seconds, Stopping threads took: 0.0001492 seconds
{Heap before GC invocations=12845 (full 18):
 par new generation   total 1800000K, used 1607693K [0x00000003ef600000, 0x0000000469720000, 0x0000000469720000)
  eden space 1600000K, 100% used [0x00000003ef600000, 0x0000000451080000, 0x0000000451080000)
  from space 200000K,   3% used [0x000000045d3d0000, 0x000000045db53640, 0x0000000469720000)
  to   space 200000K,   0% used [0x0000000451080000, 0x0000000451080000, 0x000000045d3d0000)
 concurrent mark-sweep generation total 14001024K, used 8298594K [0x0000000469720000, 0x00000007c0000000, 0x00000007c0000000)
 Metaspace       used 44937K, capacity 46232K, committed 46652K, reserved 1091584K
  class space    used 4916K, capacity 5189K, committed 5268K, reserved 1048576K
2017-04-16T11:39:08.464-0700: 138872.723: [GC (Allocation Failure) Before GC:
Statistics for BinaryTreeDictionary:
------------------------------------
Total Free Space: 166040538
Max   Chunk Size: 1128311
Number of Blocks: 74826
Av.  Block  Size: 2219
Tree      Height: 110
2017-04-16T11:39:08.465-0700: 138872.724: [ParNew
Desired survivor size 102400000 bytes, new threshold 1 (max 1)
- age   1:    6875216 bytes,    6875216 total
: 1607693K->7845K(1800000K), 0.0127825 secs] 9906288K->8308600K(15801024K)After GC:
Statistics for BinaryTreeDictionary:
------------------------------------
Total Free Space: 165971886
Max   Chunk Size: 1128311
Number of Blocks: 74821
Av.  Block  Size: 2218
Tree      Height: 110
, 0.0140713 secs] [Times: user=0.30 sys=0.01, real=0.01 secs] 
Heap after GC invocations=12846 (full 18):
 par new generation   total 1800000K, used 7845K [0x00000003ef600000, 0x0000000469720000, 0x0000000469720000)
  eden space 1600000K,   0% used [0x00000003ef600000, 0x00000003ef600000, 0x0000000451080000)
  from space 200000K,   3% used [0x0000000451080000, 0x0000000451829670, 0x000000045d3d0000)
  to   space 200000K,   0% used [0x000000045d3d0000, 0x000000045d3d0000, 0x0000000469720000)
 concurrent mark-sweep generation total 14001024K, used 8300754K [0x0000000469720000, 0x00000007c0000000, 0x00000007c0000000)
 Metaspace       used 44937K, capacity 46232K, committed 46652K, reserved 1091584K
  class space    used 4916K, capacity 5189K, committed 5268K, reserved 1048576K
}
2017-04-16T11:39:08.478-0700: 138872.738: Total time for which application threads were stopped: 0.0151538 seconds, Stopping threads took: 0.0001465 seconds
{Heap before GC invocations=12846 (full 18):
 par new generation   total 1800000K, used 1607845K [0x00000003ef600000, 0x0000000469720000, 0x0000000469720000)
  eden space 1600000K, 100% used [0x00000003ef600000, 0x0000000451080000, 0x0000000451080000)
  from space 200000K,   3% used [0x0000000451080000, 0x0000000451829670, 0x000000045d3d0000)
  to   space 200000K,   0% used [0x000000045d3d0000, 0x000000045d3d0000, 0x0000000469720000)
 concurrent mark-sweep generation total 14001024K, used 8300754K [0x0000000469720000, 0x00000007c0000000, 0x00000007c0000000)
 Metaspace       used 44937K, capacity 46232K, committed 46652K, reserved 1091584K
  class space    used 4916K, capacity 5189K, committed 5268K, reserved 1048576K
2017-04-16T11:39:21.807-0700: 138886.066: [GC (Allocation Failure) Before GC:
Statistics for BinaryTreeDictionary:
------------------------------------
Total Free Space: 165971886
Max   Chunk Size: 1128311
Number of Blocks: 74821
Av.  Block  Size: 2218
Tree      Height: 110
2017-04-16T11:39:21.807-0700: 138886.067: [ParNew
Desired survivor size 102400000 bytes, new threshold 1 (max 1)
- age   1:    7012784 bytes,    7012784 total
: 1607845K->7790K(1800000K), 0.0131207 secs] 9908600K->8310122K(15801024K)After GC:
Statistics for BinaryTreeDictionary:
------------------------------------
Total Free Space: 165969718
Max   Chunk Size: 1128311
Number of Blocks: 74819
Av.  Block  Size: 2218
Tree      Height: 110
, 0.0144504 secs] [Times: user=0.32 sys=0.00, real=0.01 secs] 
Heap after GC invocations=12847 (full 18):
 par new generation   total 1800000K, used 7790K [0x00000003ef600000, 0x0000000469720000, 0x0000000469720000)
  eden space 1600000K,   0% used [0x00000003ef600000, 0x00000003ef600000, 0x0000000451080000)
  from space 200000K,   3% used [0x000000045d3d0000, 0x000000045db6b810, 0x0000000469720000)
  to   space 200000K,   0% used [0x0000000451080000, 0x0000000451080000, 0x000000045d3d0000)
 concurrent mark-sweep generation total 14001024K, used 8302332K [0x0000000469720000, 0x00000007c0000000, 0x00000007c0000000)
 Metaspace       used 44937K, capacity 46232K, committed 46652K, reserved 1091584K
  class space    used 4916K, capacity 5189K, committed 5268K, reserved 1048576K
}
2017-04-16T11:39:21.821-0700: 138886.081: Total time for which application threads were stopped: 0.0155616 seconds, Stopping threads took: 0.0001590 seconds
{Heap before GC invocations=12847 (full 18):
 par new generation   total 1800000K, used 1607790K [0x00000003ef600000, 0x0000000469720000, 0x0000000469720000)
  eden space 1600000K, 100% used [0x00000003ef600000, 0x0000000451080000, 0x0000000451080000)
  from space 200000K,   3% used [0x000000045d3d0000, 0x000000045db6b810, 0x0000000469720000)
  to   space 200000K,   0% used [0x0000000451080000, 0x0000000451080000, 0x000000045d3d0000)
 concurrent mark-sweep generation total 14001024K, used 8302332K [0x0000000469720000, 0x00000007c0000000, 0x00000007c0000000)
 Metaspace       used 44937K, capacity 46232K, committed 46652K, reserved 1091584K
  class space    used 4916K, capacity 5189K, committed 5268K, reserved 1048576K
2017-04-16T11:39:35.146-0700: 138899.405: [GC (Allocation Failure) Before GC:
Statistics for BinaryTreeDictionary:
------------------------------------
Total Free Space: 165969718
Max   Chunk Size: 1128311
Number of Blocks: 74819
Av.  Block  Size: 2218
Tree      Height: 110
2017-04-16T11:39:35.146-0700: 138899.406: [ParNew
Desired survivor size 102400000 bytes, new threshold 1 (max 1)
- age   1:    7168576 bytes,    7168576 total
: 1607790K->7789K(1800000K), 0.0124503 secs] 9910122K->8312089K(15801024K)After GC:
Statistics for BinaryTreeDictionary:
------------------------------------
Total Free Space: 165902366
Max   Chunk Size: 1128311
Number of Blocks: 74816
Av.  Block  Size: 2217
Tree      Height: 110
, 0.0137609 secs] [Times: user=0.31 sys=0.00, real=0.01 secs] 
Heap after GC invocations=12848 (full 18):
 par new generation   total 1800000K, used 7789K [0x00000003ef600000, 0x0000000469720000, 0x0000000469720000)
  eden space 1600000K,   0% used [0x00000003ef600000, 0x00000003ef600000, 0x0000000451080000)
  from space 200000K,   3% used [0x0000000451080000, 0x000000045181b500, 0x000000045d3d0000)
  to   space 200000K,   0% used [0x000000045d3d0000, 0x000000045d3d0000, 0x0000000469720000)
 concurrent mark-sweep generation total 14001024K, used 8304299K [0x0000000469720000, 0x00000007c0000000, 0x00000007c0000000)
 Metaspace       used 44937K, capacity 46232K, committed 46652K, reserved 1091584K
  class space    used 4916K, capacity 5189K, committed 5268K, reserved 1048576K
}
2017-04-16T11:39:35.160-0700: 138899.419: Total time for which application threads were stopped: 0.0148738 seconds, Stopping threads took: 0.0001474 seconds
{Heap before GC invocations=12848 (full 18):
 par new generation   total 1800000K, used 1607789K [0x00000003ef600000, 0x0000000469720000, 0x0000000469720000)
  eden space 1600000K, 100% used [0x00000003ef600000, 0x0000000451080000, 0x0000000451080000)
  from space 200000K,   3% used [0x0000000451080000, 0x000000045181b500, 0x000000045d3d0000)
  to   space 200000K,   0% used [0x000000045d3d0000, 0x000000045d3d0000, 0x0000000469720000)
 concurrent mark-sweep generation total 14001024K, used 8304299K [0x0000000469720000, 0x00000007c0000000, 0x00000007c0000000)
 Metaspace       used 44937K, capacity 46232K, committed 46652K, reserved 1091584K
  class space    used 4916K, capacity 5189K, committed 5268K, reserved 1048576K
2017-04-16T11:39:48.778-0700: 138913.037: [GC (Allocation Failure) Before GC:
Statistics for BinaryTreeDictionary:
------------------------------------
Total Free Space: 165902366
Max   Chunk Size: 1128311
Number of Blocks: 74816
Av.  Block  Size: 2217
Tree      Height: 110
2017-04-16T11:39:48.779-0700: 138913.038: [ParNew
Desired survivor size 102400000 bytes, new threshold 1 (max 1)
- age   1:    7572048 bytes,    7572048 total
: 1607789K->8131K(1800000K), 0.0124628 secs] 9912089K->8314046K(15801024K)After GC:
Statistics for BinaryTreeDictionary:
------------------------------------
Total Free Space: 165881393
Max   Chunk Size: 1128311
Number of Blocks: 74809
Av.  Block  Size: 2217
Tree      Height: 110
, 0.0137809 secs] [Times: user=0.30 sys=0.00, real=0.01 secs] 
Heap after GC invocations=12849 (full 18):
 par new generation   total 1800000K, used 8131K [0x00000003ef600000, 0x0000000469720000, 0x0000000469720000)
  eden space 1600000K,   0% used [0x00000003ef600000, 0x00000003ef600000, 0x0000000451080000)
  from space 200000K,   4% used [0x000000045d3d0000, 0x000000045dbc0d30, 0x0000000469720000)
  to   space 200000K,   0% used [0x0000000451080000, 0x0000000451080000, 0x000000045d3d0000)
 concurrent mark-sweep generation total 14001024K, used 8305915K [0x0000000469720000, 0x00000007c0000000, 0x00000007c0000000)
 Metaspace       used 44937K, capacity 46232K, committed 46652K, reserved 1091584K
  class space    used 4916K, capacity 5189K, committed 5268K, reserved 1048576K
}
2017-04-16T11:39:48.792-0700: 138913.051: Total time for which application threads were stopped: 0.0148672 seconds, Stopping threads took: 0.0001534 seconds
{Heap before GC invocations=12849 (full 18):
 par new generation   total 1800000K, used 1608131K [0x00000003ef600000, 0x0000000469720000, 0x0000000469720000)
  eden space 1600000K, 100% used [0x00000003ef600000, 0x0000000451080000, 0x0000000451080000)
  from space 200000K,   4% used [0x000000045d3d0000, 0x000000045dbc0d30, 0x0000000469720000)
  to   space 200000K,   0% used [0x0000000451080000, 0x0000000451080000, 0x000000045d3d0000)
 concurrent mark-sweep generation total 14001024K, used 8305915K [0x0000000469720000, 0x00000007c0000000, 0x00000007c0000000)
 Metaspace       used 44937K, capacity 46232K, committed 46652K, reserved 1091584K
  class space    used 4916K, capacity 5189K, committed 5268K, reserved 1048576K
2017-04-16T11:40:01.877-0700: 138926.136: [GC (Allocation Failure) Before GC:
Statistics for BinaryTreeDictionary:
------------------------------------
Total Free Space: 165881393
Max   Chunk Size: 1128311
Number of Blocks: 74809
Av.  Block  Size: 2217
Tree      Height: 110
2017-04-16T11:40:01.878-0700: 138926.137: [ParNew
Desired survivor size 102400000 bytes, new threshold 1 (max 1)
- age   1:    7078472 bytes,    7078472 total
: 1608131K->7491K(1800000K), 0.0123125 secs] 9914046K->8314902K(15801024K)After GC:
Statistics for BinaryTreeDictionary:
------------------------------------
Total Free Space: 165844069
Max   Chunk Size: 1128311
Number of Blocks: 74803
Av.  Block  Size: 2217
Tree      Height: 110
, 0.0136151 secs] [Times: user=0.30 sys=0.00, real=0.02 secs] 
Heap after GC invocations=12850 (full 18):
 par new generation   total 1800000K, used 7491K [0x00000003ef600000, 0x0000000469720000, 0x0000000469720000)
  eden space 1600000K,   0% used [0x00000003ef600000, 0x00000003ef600000, 0x0000000451080000)
  from space 200000K,   3% used [0x0000000451080000, 0x00000004517d0f20, 0x000000045d3d0000)
  to   space 200000K,   0% used [0x000000045d3d0000, 0x000000045d3d0000, 0x0000000469720000)
 concurrent mark-sweep generation total 14001024K, used 8307410K [0x0000000469720000, 0x00000007c0000000, 0x00000007c0000000)
 Metaspace       used 44937K, capacity 46232K, committed 46652K, reserved 1091584K
  class space    used 4916K, capacity 5189K, committed 5268K, reserved 1048576K
}
2017-04-16T11:40:01.891-0700: 138926.150: Total time for which application threads were stopped: 0.0146842 seconds, Stopping threads took: 0.0001439 seconds
2017-04-16T11:40:09.694-0700: 138933.953: Total time for which application threads were stopped: 0.0021524 seconds, Stopping threads took: 0.0001425 seconds
{Heap before GC invocations=12850 (full 18):
 par new generation   total 1800000K, used 1607491K [0x00000003ef600000, 0x0000000469720000, 0x0000000469720000)
  eden space 1600000K, 100% used [0x00000003ef600000, 0x0000000451080000, 0x0000000451080000)
  from space 200000K,   3% used [0x0000000451080000, 0x00000004517d0f20, 0x000000045d3d0000)
  to   space 200000K,   0% used [0x000000045d3d0000, 0x000000045d3d0000, 0x0000000469720000)
 concurrent mark-sweep generation total 14001024K, used 8307410K [0x0000000469720000, 0x00000007c0000000, 0x00000007c0000000)
 Metaspace       used 44937K, capacity 46232K, committed 46652K, reserved 1091584K
  class space    used 4916K, capacity 5189K, committed 5268K, reserved 1048576K
2017-04-16T11:40:12.799-0700: 138937.058: [GC (Allocation Failure) Before GC:
Statistics for BinaryTreeDictionary:
------------------------------------
Total Free Space: 165844069
Max   Chunk Size: 1128311
Number of Blocks: 74803
Av.  Block  Size: 2217
Tree      Height: 110
2017-04-16T11:40:12.799-0700: 138937.059: [ParNew
Desired survivor size 102400000 bytes, new threshold 1 (max 1)
- age   1:    6745944 bytes,    6745944 total
: 1607491K->7484K(1800000K), 0.0125349 secs] 9914902K->8316938K(15801024K)After GC:
Statistics for BinaryTreeDictionary:
------------------------------------
Total Free Space: 165810863
Max   Chunk Size: 1128311
Number of Blocks: 74802
Av.  Block  Size: 2216
Tree      Height: 110
, 0.0138134 secs] [Times: user=0.31 sys=0.00, real=0.02 secs] 
Heap after GC invocations=12851 (full 18):
 par new generation   total 1800000K, used 7484K [0x00000003ef600000, 0x0000000469720000, 0x0000000469720000)
  eden space 1600000K,   0% used [0x00000003ef600000, 0x00000003ef600000, 0x0000000451080000)
  from space 200000K,   3% used [0x000000045d3d0000, 0x000000045db1f0c0, 0x0000000469720000)
  to   space 200000K,   0% used [0x0000000451080000, 0x0000000451080000, 0x000000045d3d0000)
 concurrent mark-sweep generation total 14001024K, used 8309453K [0x0000000469720000, 0x00000007c0000000, 0x00000007c0000000)
 Metaspace       used 44937K, capacity 46232K, committed 46652K, reserved 1091584K
  class space    used 4916K, capacity 5189K, committed 5268K, reserved 1048576K
}
2017-04-16T11:40:12.813-0700: 138937.072: Total time for which application threads were stopped: 0.0149144 seconds, Stopping threads took: 0.0001529 seconds
{Heap before GC invocations=12851 (full 18):
 par new generation   total 1800000K, used 1607484K [0x00000003ef600000, 0x0000000469720000, 0x0000000469720000)
  eden space 1600000K, 100% used [0x00000003ef600000, 0x0000000451080000, 0x0000000451080000)
  from space 200000K,   3% used [0x000000045d3d0000, 0x000000045db1f0c0, 0x0000000469720000)
  to   space 200000K,   0% used [0x0000000451080000, 0x0000000451080000, 0x000000045d3d0000)
 concurrent mark-sweep generation total 14001024K, used 8309453K [0x0000000469720000, 0x00000007c0000000, 0x00000007c0000000)
 Metaspace       used 44937K, capacity 46232K, committed 46652K, reserved 1091584K
  class space    used 4916K, capacity 5189K, committed 5268K, reserved 1048576K
2017-04-16T11:40:26.538-0700: 138950.797: [GC (Allocation Failure) Before GC:
Statistics for BinaryTreeDictionary:
------------------------------------
Total Free Space: 165810863
Max   Chunk Size: 1128311
Number of Blocks: 74802
Av.  Block  Size: 2216
Tree      Height: 110
2017-04-16T11:40:26.539-0700: 138950.798: [ParNew
Desired survivor size 102400000 bytes, new threshold 1 (max 1)
- age   1:    7076024 bytes,    7076024 total
: 1607484K->7638K(1800000K), 0.0124782 secs] 9916938K->8318802K(15801024K)After GC:
Statistics for BinaryTreeDictionary:
------------------------------------
Total Free Space: 165738786
Max   Chunk Size: 1128311
Number of Blocks: 74767
Av.  Block  Size: 2216
Tree      Height: 110
, 0.0137594 secs] [Times: user=0.31 sys=0.00, real=0.02 secs] 
Heap after GC invocations=12852 (full 18):
 par new generation   total 1800000K, used 7638K [0x00000003ef600000, 0x0000000469720000, 0x0000000469720000)
  eden space 1600000K,   0% used [0x00000003ef600000, 0x00000003ef600000, 0x0000000451080000)
  from space 200000K,   3% used [0x0000000451080000, 0x00000004517f5a68, 0x000000045d3d0000)
  to   space 200000K,   0% used [0x000000045d3d0000, 0x000000045d3d0000, 0x0000000469720000)
 concurrent mark-sweep generation total 14001024K, used 8311164K [0x0000000469720000, 0x00000007c0000000, 0x00000007c0000000)
 Metaspace       used 44937K, capacity 46232K, committed 46652K, reserved 1091584K
  class space    used 4916K, capacity 5189K, committed 5268K, reserved 1048576K
}
2017-04-16T11:40:26.552-0700: 138950.811: Total time for which application threads were stopped: 0.0149011 seconds, Stopping threads took: 0.0001806 seconds
{Heap before GC invocations=12852 (full 18):
 par new generation   total 1800000K, used 1607638K [0x00000003ef600000, 0x0000000469720000, 0x0000000469720000)
  eden space 1600000K, 100% used [0x00000003ef600000, 0x0000000451080000, 0x0000000451080000)
  from space 200000K,   3% used [0x0000000451080000, 0x00000004517f5a68, 0x000000045d3d0000)
  to   space 200000K,   0% used [0x000000045d3d0000, 0x000000045d3d0000, 0x0000000469720000)
 concurrent mark-sweep generation total 14001024K, used 8311164K [0x0000000469720000, 0x00000007c0000000, 0x00000007c0000000)
 Metaspace       used 44937K, capacity 46232K, committed 46652K, reserved 1091584K
  class space    used 4916K, capacity 5189K, committed 5268K, reserved 1048576K
2017-04-16T11:40:40.224-0700: 138964.484: [GC (Allocation Failure) Before GC:
Statistics for BinaryTreeDictionary:
------------------------------------
Total Free Space: 165738786
Max   Chunk Size: 1128311
Number of Blocks: 74767
Av.  Block  Size: 2216
Tree      Height: 110
2017-04-16T11:40:40.225-0700: 138964.484: [ParNew
Desired survivor size 102400000 bytes, new threshold 1 (max 1)
- age   1:    7422816 bytes,    7422816 total
: 1607638K->8106K(1800000K), 0.0131974 secs] 9918802K->8321544K(15801024K)After GC:
Statistics for BinaryTreeDictionary:
------------------------------------
Total Free Space: 165701330
Max   Chunk Size: 1128311
Number of Blocks: 74755
Av.  Block  Size: 2216
Tree      Height: 110
, 0.0144829 secs] [Times: user=0.32 sys=0.00, real=0.01 secs] 
Heap after GC invocations=12853 (full 18):
 par new generation   total 1800000K, used 8106K [0x00000003ef600000, 0x0000000469720000, 0x0000000469720000)
  eden space 1600000K,   0% used [0x00000003ef600000, 0x00000003ef600000, 0x0000000451080000)
  from space 200000K,   4% used [0x000000045d3d0000, 0x000000045dbbab08, 0x0000000469720000)
  to   space 200000K,   0% used [0x0000000451080000, 0x0000000451080000, 0x000000045d3d0000)
 concurrent mark-sweep generation total 14001024K, used 8313437K [0x0000000469720000, 0x00000007c0000000, 0x00000007c0000000)
 Metaspace       used 44937K, capacity 46232K, committed 46652K, reserved 1091584K
  class space    used 4916K, capacity 5189K, committed 5268K, reserved 1048576K
}
2017-04-16T11:40:40.239-0700: 138964.498: Total time for which application threads were stopped: 0.0155689 seconds, Stopping threads took: 0.0001477 seconds
2017-04-16T11:40:43.575-0700: 138967.834: Total time for which application threads were stopped: 0.0009205 seconds, Stopping threads took: 0.0001578 seconds
{Heap before GC invocations=12853 (full 18):
 par new generation   total 1800000K, used 1608106K [0x00000003ef600000, 0x0000000469720000, 0x0000000469720000)
  eden space 1600000K, 100% used [0x00000003ef600000, 0x0000000451080000, 0x0000000451080000)
  from space 200000K,   4% used [0x000000045d3d0000, 0x000000045dbbab08, 0x0000000469720000)
  to   space 200000K,   0% used [0x0000000451080000, 0x0000000451080000, 0x000000045d3d0000)
 concurrent mark-sweep generation total 14001024K, used 8313437K [0x0000000469720000, 0x00000007c0000000, 0x00000007c0000000)
 Metaspace       used 44937K, capacity 46232K, committed 46652K, reserved 1091584K
  class space    used 4916K, capacity 5189K, committed 5268K, reserved 1048576K
2017-04-16T11:40:53.373-0700: 138977.632: [GC (Allocation Failure) Before GC:
Statistics for BinaryTreeDictionary:
------------------------------------
Total Free Space: 165701330
Max   Chunk Size: 1128311
Number of Blocks: 74755
Av.  Block  Size: 2216
Tree      Height: 110
2017-04-16T11:40:53.374-0700: 138977.633: [ParNew
Desired survivor size 102400000 bytes, new threshold 1 (max 1)
- age   1:    7368648 bytes,    7368648 total
: 1608106K->8386K(1800000K), 0.0137710 secs] 9921544K->8324319K(15801024K)After GC:
Statistics for BinaryTreeDictionary:
------------------------------------
Total Free Space: 165691152
Max   Chunk Size: 1128311
Number of Blocks: 74738
Av.  Block  Size: 2216
Tree      Height: 110
, 0.0150641 secs] [Times: user=0.33 sys=0.01, real=0.02 secs] 
Heap after GC invocations=12854 (full 18):
 par new generation   total 1800000K, used 8386K [0x00000003ef600000, 0x0000000469720000, 0x0000000469720000)
  eden space 1600000K,   0% used [0x00000003ef600000, 0x00000003ef600000, 0x0000000451080000)
  from space 200000K,   4% used [0x0000000451080000, 0x00000004518b0850, 0x000000045d3d0000)
  to   space 200000K,   0% used [0x000000045d3d0000, 0x000000045d3d0000, 0x0000000469720000)
 concurrent mark-sweep generation total 14001024K, used 8315933K [0x0000000469720000, 0x00000007c0000000, 0x00000007c0000000)
 Metaspace       used 44937K, capacity 46232K, committed 46652K, reserved 1091584K
  class space    used 4916K, capacity 5189K, committed 5268K, reserved 1048576K
}
2017-04-16T11:40:53.388-0700: 138977.648: Total time for which application threads were stopped: 0.0161722 seconds, Stopping threads took: 0.0001597 seconds
{Heap before GC invocations=12854 (full 18):
 par new generation   total 1800000K, used 1608386K [0x00000003ef600000, 0x0000000469720000, 0x0000000469720000)
  eden space 1600000K, 100% used [0x00000003ef600000, 0x0000000451080000, 0x0000000451080000)
  from space 200000K,   4% used [0x0000000451080000, 0x00000004518b0850, 0x000000045d3d0000)
  to   space 200000K,   0% used [0x000000045d3d0000, 0x000000045d3d0000, 0x0000000469720000)
 concurrent mark-sweep generation total 14001024K, used 8315933K [0x0000000469720000, 0x00000007c0000000, 0x00000007c0000000)
 Metaspace       used 44937K, capacity 46232K, committed 46652K, reserved 1091584K
  class space    used 4916K, capacity 5189K, committed 5268K, reserved 1048576K
2017-04-16T11:41:06.044-0700: 138990.304: [GC (Allocation Failure) Before GC:
Statistics for BinaryTreeDictionary:
------------------------------------
Total Free Space: 165691152
Max   Chunk Size: 1128311
Number of Blocks: 74738
Av.  Block  Size: 2216
Tree      Height: 110
2017-04-16T11:41:06.045-0700: 138990.304: [ParNew
Desired survivor size 102400000 bytes, new threshold 1 (max 1)
- age   1:    6827760 bytes,    6827760 total
: 1608386K->7868K(1800000K), 0.0131290 secs] 9924319K->8325869K(15801024K)After GC:
Statistics for BinaryTreeDictionary:
------------------------------------
Total Free Space: 165684144
Max   Chunk Size: 1128311
Number of Blocks: 74725
Av.  Block  Size: 2217
Tree      Height: 110
, 0.0144175 secs] [Times: user=0.32 sys=0.00, real=0.02 secs] 
Heap after GC invocations=12855 (full 18):
 par new generation   total 1800000K, used 7868K [0x00000003ef600000, 0x0000000469720000, 0x0000000469720000)
  eden space 1600000K,   0% used [0x00000003ef600000, 0x00000003ef600000, 0x0000000451080000)
  from space 200000K,   3% used [0x000000045d3d0000, 0x000000045db7f020, 0x0000000469720000)
  to   space 200000K,   0% used [0x0000000451080000, 0x0000000451080000, 0x000000045d3d0000)
 concurrent mark-sweep generation total 14001024K, used 8318001K [0x0000000469720000, 0x00000007c0000000, 0x00000007c0000000)
 Metaspace       used 44937K, capacity 46232K, committed 46652K, reserved 1091584K
  class space    used 4916K, capacity 5189K, committed 5268K, reserved 1048576K
}
2017-04-16T11:41:06.059-0700: 138990.318: Total time for which application threads were stopped: 0.0155141 seconds, Stopping threads took: 0.0001506 seconds
2017-04-16T11:41:07.887-0700: 138992.146: Total time for which application threads were stopped: 0.0022007 seconds, Stopping threads took: 0.0001638 seconds
{Heap before GC invocations=12855 (full 18):
 par new generation   total 1800000K, used 1607868K [0x00000003ef600000, 0x0000000469720000, 0x0000000469720000)
  eden space 1600000K, 100% used [0x00000003ef600000, 0x0000000451080000, 0x0000000451080000)
  from space 200000K,   3% used [0x000000045d3d0000, 0x000000045db7f020, 0x0000000469720000)
  to   space 200000K,   0% used [0x0000000451080000, 0x0000000451080000, 0x000000045d3d0000)
 concurrent mark-sweep generation total 14001024K, used 8318001K [0x0000000469720000, 0x00000007c0000000, 0x00000007c0000000)
 Metaspace       used 44937K, capacity 46232K, committed 46652K, reserved 1091584K
  class space    used 4916K, capacity 5189K, committed 5268K, reserved 1048576K
2017-04-16T11:41:19.568-0700: 139003.827: [GC (Allocation Failure) Before GC:
Statistics for BinaryTreeDictionary:
------------------------------------
Total Free Space: 165684144
Max   Chunk Size: 1128311
Number of Blocks: 74725
Av.  Block  Size: 2217
Tree      Height: 110
2017-04-16T11:41:19.568-0700: 139003.828: [ParNew
Desired survivor size 102400000 bytes, new threshold 1 (max 1)
- age   1:    5993216 bytes,    5993216 total
: 1607868K->6830K(1800000K), 0.0128916 secs] 9925869K->8326888K(15801024K)After GC:
Statistics for BinaryTreeDictionary:
------------------------------------
Total Free Space: 165648778
Max   Chunk Size: 1128311
Number of Blocks: 74718
Av.  Block  Size: 2216
Tree      Height: 110
, 0.0141998 secs] [Times: user=0.31 sys=0.00, real=0.02 secs] 
Heap after GC invocations=12856 (full 18):
 par new generation   total 1800000K, used 6830K [0x00000003ef600000, 0x0000000469720000, 0x0000000469720000)
  eden space 1600000K,   0% used [0x00000003ef600000, 0x00000003ef600000, 0x0000000451080000)
  from space 200000K,   3% used [0x0000000451080000, 0x000000045172ba18, 0x000000045d3d0000)
  to   space 200000K,   0% used [0x000000045d3d0000, 0x000000045d3d0000, 0x0000000469720000)
 concurrent mark-sweep generation total 14001024K, used 8320058K [0x0000000469720000, 0x00000007c0000000, 0x00000007c0000000)
 Metaspace       used 44937K, capacity 46232K, committed 46652K, reserved 1091584K
  class space    used 4916K, capacity 5189K, committed 5268K, reserved 1048576K
}
2017-04-16T11:41:19.582-0700: 139003.841: Total time for which application threads were stopped: 0.0152945 seconds, Stopping threads took: 0.0001446 seconds
{Heap before GC invocations=12856 (full 18):
 par new generation   total 1800000K, used 1606830K [0x00000003ef600000, 0x0000000469720000, 0x0000000469720000)
  eden space 1600000K, 100% used [0x00000003ef600000, 0x0000000451080000, 0x0000000451080000)
  from space 200000K,   3% used [0x0000000451080000, 0x000000045172ba18, 0x000000045d3d0000)
  to   space 200000K,   0% used [0x000000045d3d0000, 0x000000045d3d0000, 0x0000000469720000)
 concurrent mark-sweep generation total 14001024K, used 8320058K [0x0000000469720000, 0x00000007c0000000, 0x00000007c0000000)
 Metaspace       used 44937K, capacity 46232K, committed 46652K, reserved 1091584K
  class space    used 4916K, capacity 5189K, committed 5268K, reserved 1048576K
2017-04-16T11:41:32.012-0700: 139016.271: [GC (Allocation Failure) Before GC:
Statistics for BinaryTreeDictionary:
------------------------------------
Total Free Space: 165648778
Max   Chunk Size: 1128311
Number of Blocks: 74718
Av.  Block  Size: 2216
Tree      Height: 110
2017-04-16T11:41:32.013-0700: 139016.272: [ParNew
Desired survivor size 102400000 bytes, new threshold 1 (max 1)
- age   1:   14032128 bytes,   14032128 total
: 1606830K->14368K(1800000K), 0.0129637 secs] 9926888K->8335798K(15801024K)After GC:
Statistics for BinaryTreeDictionary:
------------------------------------
Total Free Space: 165642359
Max   Chunk Size: 1128311
Number of Blocks: 74705
Av.  Block  Size: 2217
Tree      Height: 110
, 0.0142691 secs] [Times: user=0.32 sys=0.00, real=0.01 secs] 
Heap after GC invocations=12857 (full 18):
 par new generation   total 1800000K, used 14368K [0x00000003ef600000, 0x0000000469720000, 0x0000000469720000)
  eden space 1600000K,   0% used [0x00000003ef600000, 0x00000003ef600000, 0x0000000451080000)
  from space 200000K,   7% used [0x000000045d3d0000, 0x000000045e1d8048, 0x0000000469720000)
  to   space 200000K,   0% used [0x0000000451080000, 0x0000000451080000, 0x000000045d3d0000)
 concurrent mark-sweep generation total 14001024K, used 8321430K [0x0000000469720000, 0x00000007c0000000, 0x00000007c0000000)
 Metaspace       used 44937K, capacity 46232K, committed 46652K, reserved 1091584K
  class space    used 4916K, capacity 5189K, committed 5268K, reserved 1048576K
}
2017-04-16T11:41:32.026-0700: 139016.286: Total time for which application threads were stopped: 0.0153730 seconds, Stopping threads took: 0.0001487 seconds
2017-04-16T11:41:39.618-0700: 139023.878: Total time for which application threads were stopped: 0.0021471 seconds, Stopping threads took: 0.0001460 seconds
{Heap before GC invocations=12857 (full 18):
 par new generation   total 1800000K, used 1614368K [0x00000003ef600000, 0x0000000469720000, 0x0000000469720000)
  eden space 1600000K, 100% used [0x00000003ef600000, 0x0000000451080000, 0x0000000451080000)
  from space 200000K,   7% used [0x000000045d3d0000, 0x000000045e1d8048, 0x0000000469720000)
  to   space 200000K,   0% used [0x0000000451080000, 0x0000000451080000, 0x000000045d3d0000)
 concurrent mark-sweep generation total 14001024K, used 8321430K [0x0000000469720000, 0x00000007c0000000, 0x00000007c0000000)
 Metaspace       used 44937K, capacity 46232K, committed 46652K, reserved 1091584K
  class space    used 4916K, capacity 5189K, committed 5268K, reserved 1048576K
2017-04-16T11:41:43.422-0700: 139027.682: [GC (Allocation Failure) Before GC:
Statistics for BinaryTreeDictionary:
------------------------------------
Total Free Space: 165642359
Max   Chunk Size: 1128311
Number of Blocks: 74705
Av.  Block  Size: 2217
Tree      Height: 110
2017-04-16T11:41:43.423-0700: 139027.682: [ParNew
Desired survivor size 102400000 bytes, new threshold 1 (max 1)
- age   1:    6497384 bytes,    6497384 total
: 1614368K->9711K(1800000K), 0.0178387 secs] 9935798K->8339819K(15801024K)After GC:
Statistics for BinaryTreeDictionary:
------------------------------------
Total Free Space: 165458125
Max   Chunk Size: 1128311
Number of Blocks: 74695
Av.  Block  Size: 2215
Tree      Height: 110
, 0.0191747 secs] [Times: user=0.31 sys=0.00, real=0.02 secs] 
Heap after GC invocations=12858 (full 18):
 par new generation   total 1800000K, used 9711K [0x00000003ef600000, 0x0000000469720000, 0x0000000469720000)
  eden space 1600000K,   0% used [0x00000003ef600000, 0x00000003ef600000, 0x0000000451080000)
  from space 200000K,   4% used [0x0000000451080000, 0x00000004519fbee0, 0x000000045d3d0000)
  to   space 200000K,   0% used [0x000000045d3d0000, 0x000000045d3d0000, 0x0000000469720000)
 concurrent mark-sweep generation total 14001024K, used 8330107K [0x0000000469720000, 0x00000007c0000000, 0x00000007c0000000)
 Metaspace       used 44937K, capacity 46232K, committed 46652K, reserved 1091584K
  class space    used 4916K, capacity 5189K, committed 5268K, reserved 1048576K
}
2017-04-16T11:41:43.442-0700: 139027.701: Total time for which application threads were stopped: 0.0202701 seconds, Stopping threads took: 0.0001486 seconds
{Heap before GC invocations=12858 (full 18):
 par new generation   total 1800000K, used 1609711K [0x00000003ef600000, 0x0000000469720000, 0x0000000469720000)
  eden space 1600000K, 100% used [0x00000003ef600000, 0x0000000451080000, 0x0000000451080000)
  from space 200000K,   4% used [0x0000000451080000, 0x00000004519fbee0, 0x000000045d3d0000)
  to   space 200000K,   0% used [0x000000045d3d0000, 0x000000045d3d0000, 0x0000000469720000)
 concurrent mark-sweep generation total 14001024K, used 8330107K [0x0000000469720000, 0x00000007c0000000, 0x00000007c0000000)
 Metaspace       used 44937K, capacity 46232K, committed 46652K, reserved 1091584K
  class space    used 4916K, capacity 5189K, committed 5268K, reserved 1048576K
2017-04-16T11:41:56.263-0700: 139040.522: [GC (Allocation Failure) Before GC:
Statistics for BinaryTreeDictionary:
------------------------------------
Total Free Space: 165458125
Max   Chunk Size: 1128311
Number of Blocks: 74695
Av.  Block  Size: 2215
Tree      Height: 110
2017-04-16T11:41:56.264-0700: 139040.523: [ParNew
Desired survivor size 102400000 bytes, new threshold 1 (max 1)
- age   1:    6343736 bytes,    6343736 total
: 1609711K->7314K(1800000K), 0.0129941 secs] 9939819K->8339131K(15801024K)After GC:
Statistics for BinaryTreeDictionary:
------------------------------------
Total Free Space: 165371482
Max   Chunk Size: 1128311
Number of Blocks: 74662
Av.  Block  Size: 2214
Tree      Height: 110
, 0.0142674 secs] [Times: user=0.32 sys=0.00, real=0.02 secs] 
Heap after GC invocations=12859 (full 18):
 par new generation   total 1800000K, used 7314K [0x00000003ef600000, 0x0000000469720000, 0x0000000469720000)
  eden space 1600000K,   0% used [0x00000003ef600000, 0x00000003ef600000, 0x0000000451080000)
  from space 200000K,   3% used [0x000000045d3d0000, 0x000000045daf4b00, 0x0000000469720000)
  to   space 200000K,   0% used [0x0000000451080000, 0x0000000451080000, 0x000000045d3d0000)
 concurrent mark-sweep generation total 14001024K, used 8331816K [0x0000000469720000, 0x00000007c0000000, 0x00000007c0000000)
 Metaspace       used 44937K, capacity 46232K, committed 46652K, reserved 1091584K
  class space    used 4916K, capacity 5189K, committed 5268K, reserved 1048576K
}
2017-04-16T11:41:56.277-0700: 139040.537: Total time for which application threads were stopped: 0.0153682 seconds, Stopping threads took: 0.0001593 seconds
2017-04-16T11:42:03.931-0700: 139048.191: Total time for which application threads were stopped: 0.0009388 seconds, Stopping threads took: 0.0001680 seconds
{Heap before GC invocations=12859 (full 18):
 par new generation   total 1800000K, used 1607314K [0x00000003ef600000, 0x0000000469720000, 0x0000000469720000)
  eden space 1600000K, 100% used [0x00000003ef600000, 0x0000000451080000, 0x0000000451080000)
  from space 200000K,   3% used [0x000000045d3d0000, 0x000000045daf4b00, 0x0000000469720000)
  to   space 200000K,   0% used [0x0000000451080000, 0x0000000451080000, 0x000000045d3d0000)
 concurrent mark-sweep generation total 14001024K, used 8331816K [0x0000000469720000, 0x00000007c0000000, 0x00000007c0000000)
 Metaspace       used 44937K, capacity 46232K, committed 46652K, reserved 1091584K
  class space    used 4916K, capacity 5189K, committed 5268K, reserved 1048576K
2017-04-16T11:42:09.221-0700: 139053.481: [GC (Allocation Failure) Before GC:
Statistics for BinaryTreeDictionary:
------------------------------------
Total Free Space: 165371482
Max   Chunk Size: 1128311
Number of Blocks: 74662
Av.  Block  Size: 2214
Tree      Height: 110
2017-04-16T11:42:09.222-0700: 139053.481: [ParNew
Desired survivor size 102400000 bytes, new threshold 1 (max 1)
- age   1:    6989352 bytes,    6989352 total
: 1607314K->7348K(1800000K), 0.0127229 secs] 9939131K->8340812K(15801024K)After GC:
Statistics for BinaryTreeDictionary:
------------------------------------
Total Free Space: 165336905
Max   Chunk Size: 1128311
Number of Blocks: 74658
Av.  Block  Size: 2214
Tree      Height: 110
, 0.0140113 secs] [Times: user=0.31 sys=0.00, real=0.01 secs] 
Heap after GC invocations=12860 (full 18):
 par new generation   total 1800000K, used 7348K [0x00000003ef600000, 0x0000000469720000, 0x0000000469720000)
  eden space 1600000K,   0% used [0x00000003ef600000, 0x00000003ef600000, 0x0000000451080000)
  from space 200000K,   3% used [0x0000000451080000, 0x00000004517ad0f8, 0x000000045d3d0000)
  to   space 200000K,   0% used [0x000000045d3d0000, 0x000000045d3d0000, 0x0000000469720000)
 concurrent mark-sweep generation total 14001024K, used 8333464K [0x0000000469720000, 0x00000007c0000000, 0x00000007c0000000)
 Metaspace       used 44937K, capacity 46232K, committed 46652K, reserved 1091584K
  class space    used 4916K, capacity 5189K, committed 5268K, reserved 1048576K
}
2017-04-16T11:42:09.235-0700: 139053.495: Total time for which application threads were stopped: 0.0151306 seconds, Stopping threads took: 0.0001671 seconds
{Heap before GC invocations=12860 (full 18):
 par new generation   total 1800000K, used 1607348K [0x00000003ef600000, 0x0000000469720000, 0x0000000469720000)
  eden space 1600000K, 100% used [0x00000003ef600000, 0x0000000451080000, 0x0000000451080000)
  from space 200000K,   3% used [0x0000000451080000, 0x00000004517ad0f8, 0x000000045d3d0000)
  to   space 200000K,   0% used [0x000000045d3d0000, 0x000000045d3d0000, 0x0000000469720000)
 concurrent mark-sweep generation total 14001024K, used 8333464K [0x0000000469720000, 0x00000007c0000000, 0x00000007c0000000)
 Metaspace       used 44937K, capacity 46232K, committed 46652K, reserved 1091584K
  class space    used 4916K, capacity 5189K, committed 5268K, reserved 1048576K
2017-04-16T11:42:22.863-0700: 139067.123: [GC (Allocation Failure) Before GC:
Statistics for BinaryTreeDictionary:
------------------------------------
Total Free Space: 165336905
Max   Chunk Size: 1128311
Number of Blocks: 74658
Av.  Block  Size: 2214
Tree      Height: 110
2017-04-16T11:42:22.864-0700: 139067.123: [ParNew
Desired survivor size 102400000 bytes, new threshold 1 (max 1)
- age   1:    6518888 bytes,    6518888 total
: 1607348K->7170K(1800000K), 0.0126794 secs] 9940812K->8342002K(15801024K)After GC:
Statistics for BinaryTreeDictionary:
------------------------------------
Total Free Space: 165327537
Max   Chunk Size: 1128311
Number of Blocks: 74636
Av.  Block  Size: 2215
Tree      Height: 110
, 0.0139677 secs] [Times: user=0.31 sys=0.00, real=0.01 secs] 
Heap after GC invocations=12861 (full 18):
 par new generation   total 1800000K, used 7170K [0x00000003ef600000, 0x0000000469720000, 0x0000000469720000)
  eden space 1600000K,   0% used [0x00000003ef600000, 0x00000003ef600000, 0x0000000451080000)
  from space 200000K,   3% used [0x000000045d3d0000, 0x000000045dad0a08, 0x0000000469720000)
  to   space 200000K,   0% used [0x0000000451080000, 0x0000000451080000, 0x000000045d3d0000)
 concurrent mark-sweep generation total 14001024K, used 8334832K [0x0000000469720000, 0x00000007c0000000, 0x00000007c0000000)
 Metaspace       used 44937K, capacity 46232K, committed 46652K, reserved 1091584K
  class space    used 4916K, capacity 5189K, committed 5268K, reserved 1048576K
}
2017-04-16T11:42:22.877-0700: 139067.137: Total time for which application threads were stopped: 0.0150800 seconds, Stopping threads took: 0.0001693 seconds
{Heap before GC invocations=12861 (full 18):
 par new generation   total 1800000K, used 1607170K [0x00000003ef600000, 0x0000000469720000, 0x0000000469720000)
  eden space 1600000K, 100% used [0x00000003ef600000, 0x0000000451080000, 0x0000000451080000)
  from space 200000K,   3% used [0x000000045d3d0000, 0x000000045dad0a08, 0x0000000469720000)
  to   space 200000K,   0% used [0x0000000451080000, 0x0000000451080000, 0x000000045d3d0000)
 concurrent mark-sweep generation total 14001024K, used 8334832K [0x0000000469720000, 0x00000007c0000000, 0x00000007c0000000)
 Metaspace       used 44937K, capacity 46232K, committed 46652K, reserved 1091584K
  class space    used 4916K, capacity 5189K, committed 5268K, reserved 1048576K
2017-04-16T11:42:36.338-0700: 139080.597: [GC (Allocation Failure) Before GC:
Statistics for BinaryTreeDictionary:
------------------------------------
Total Free Space: 165327537
Max   Chunk Size: 1128311
Number of Blocks: 74636
Av.  Block  Size: 2215
Tree      Height: 110
2017-04-16T11:42:36.339-0700: 139080.598: [ParNew
Desired survivor size 102400000 bytes, new threshold 1 (max 1)
- age   1:    7014216 bytes,    7014216 total
: 1607170K->7354K(1800000K), 0.0125628 secs] 9942002K->8343397K(15801024K)After GC:
Statistics for BinaryTreeDictionary:
------------------------------------
Total Free Space: 165319326
Max   Chunk Size: 1128311
Number of Blocks: 74614
Av.  Block  Size: 2215
Tree      Height: 110
, 0.0138462 secs] [Times: user=0.31 sys=0.00, real=0.02 secs] 
Heap after GC invocations=12862 (full 18):
 par new generation   total 1800000K, used 7354K [0x00000003ef600000, 0x0000000469720000, 0x0000000469720000)
  eden space 1600000K,   0% used [0x00000003ef600000, 0x00000003ef600000, 0x0000000451080000)
  from space 200000K,   3% used [0x0000000451080000, 0x00000004517aea78, 0x000000045d3d0000)
  to   space 200000K,   0% used [0x000000045d3d0000, 0x000000045d3d0000, 0x0000000469720000)
 concurrent mark-sweep generation total 14001024K, used 8336043K [0x0000000469720000, 0x00000007c0000000, 0x00000007c0000000)
 Metaspace       used 44937K, capacity 46232K, committed 46652K, reserved 1091584K
  class space    used 4916K, capacity 5189K, committed 5268K, reserved 1048576K
}
2017-04-16T11:42:36.352-0700: 139080.611: Total time for which application threads were stopped: 0.0149261 seconds, Stopping threads took: 0.0001496 seconds
{Heap before GC invocations=12862 (full 18):
 par new generation   total 1800000K, used 1607354K [0x00000003ef600000, 0x0000000469720000, 0x0000000469720000)
  eden space 1600000K, 100% used [0x00000003ef600000, 0x0000000451080000, 0x0000000451080000)
  from space 200000K,   3% used [0x0000000451080000, 0x00000004517aea78, 0x000000045d3d0000)
  to   space 200000K,   0% used [0x000000045d3d0000, 0x000000045d3d0000, 0x0000000469720000)
 concurrent mark-sweep generation total 14001024K, used 8336043K [0x0000000469720000, 0x00000007c0000000, 0x00000007c0000000)
 Metaspace       used 44937K, capacity 46232K, committed 46652K, reserved 1091584K
  class space    used 4916K, capacity 5189K, committed 5268K, reserved 1048576K
2017-04-16T11:42:49.856-0700: 139094.116: [GC (Allocation Failure) Before GC:
Statistics for BinaryTreeDictionary:
------------------------------------
Total Free Space: 165319326
Max   Chunk Size: 1128311
Number of Blocks: 74614
Av.  Block  Size: 2215
Tree      Height: 110
2017-04-16T11:42:49.857-0700: 139094.116: [ParNew
Desired survivor size 102400000 bytes, new threshold 1 (max 1)
- age   1:    6496952 bytes,    6496952 total
: 1607354K->7147K(1800000K), 0.0123302 secs] 9943397K->8344708K(15801024K)After GC:
Statistics for BinaryTreeDictionary:
------------------------------------
Total Free Space: 165294677
Max   Chunk Size: 1128311
Number of Blocks: 74596
Av.  Block  Size: 2215
Tree      Height: 110
, 0.0135998 secs] [Times: user=0.31 sys=0.00, real=0.01 secs] 
Heap after GC invocations=12863 (full 18):
 par new generation   total 1800000K, used 7147K [0x00000003ef600000, 0x0000000469720000, 0x0000000469720000)
  eden space 1600000K,   0% used [0x00000003ef600000, 0x00000003ef600000, 0x0000000451080000)
  from space 200000K,   3% used [0x000000045d3d0000, 0x000000045dacacd8, 0x0000000469720000)
  to   space 200000K,   0% used [0x0000000451080000, 0x0000000451080000, 0x000000045d3d0000)
 concurrent mark-sweep generation total 14001024K, used 8337560K [0x0000000469720000, 0x00000007c0000000, 0x00000007c0000000)
 Metaspace       used 44937K, capacity 46232K, committed 46652K, reserved 1091584K
  class space    used 4916K, capacity 5189K, committed 5268K, reserved 1048576K
}
2017-04-16T11:42:49.870-0700: 139094.129: Total time for which application threads were stopped: 0.0146751 seconds, Stopping threads took: 0.0001492 seconds
{Heap before GC invocations=12863 (full 18):
 par new generation   total 1800000K, used 1607147K [0x00000003ef600000, 0x0000000469720000, 0x0000000469720000)
  eden space 1600000K, 100% used [0x00000003ef600000, 0x0000000451080000, 0x0000000451080000)
  from space 200000K,   3% used [0x000000045d3d0000, 0x000000045dacacd8, 0x0000000469720000)
  to   space 200000K,   0% used [0x0000000451080000, 0x0000000451080000, 0x000000045d3d0000)
 concurrent mark-sweep generation total 14001024K, used 8337560K [0x0000000469720000, 0x00000007c0000000, 0x00000007c0000000)
 Metaspace       used 44937K, capacity 46232K, committed 46652K, reserved 1091584K
  class space    used 4916K, capacity 5189K, committed 5268K, reserved 1048576K
2017-04-16T11:43:03.334-0700: 139107.594: [GC (Allocation Failure) Before GC:
Statistics for BinaryTreeDictionary:
------------------------------------
Total Free Space: 165294677
Max   Chunk Size: 1128311
Number of Blocks: 74596
Av.  Block  Size: 2215
Tree      Height: 110
2017-04-16T11:43:03.335-0700: 139107.594: [ParNew
Desired survivor size 102400000 bytes, new threshold 1 (max 1)
- age   1:    6498920 bytes,    6498920 total
: 1607147K->7013K(1800000K), 0.0126869 secs] 9944708K->8346445K(15801024K)After GC:
Statistics for BinaryTreeDictionary:
------------------------------------
Total Free Space: 165234084
Max   Chunk Size: 1128311
Number of Blocks: 74571
Av.  Block  Size: 2215
Tree      Height: 110
, 0.0139595 secs] [Times: user=0.31 sys=0.00, real=0.02 secs] 
Heap after GC invocations=12864 (full 18):
 par new generation   total 1800000K, used 7013K [0x00000003ef600000, 0x0000000469720000, 0x0000000469720000)
  eden space 1600000K,   0% used [0x00000003ef600000, 0x00000003ef600000, 0x0000000451080000)
  from space 200000K,   3% used [0x0000000451080000, 0x0000000451759678, 0x000000045d3d0000)
  to   space 200000K,   0% used [0x000000045d3d0000, 0x000000045d3d0000, 0x0000000469720000)
 concurrent mark-sweep generation total 14001024K, used 8339431K [0x0000000469720000, 0x00000007c0000000, 0x00000007c0000000)
 Metaspace       used 44937K, capacity 46232K, committed 46652K, reserved 1091584K
  class space    used 4916K, capacity 5189K, committed 5268K, reserved 1048576K
}
2017-04-16T11:43:03.348-0700: 139107.608: Total time for which application threads were stopped: 0.0150307 seconds, Stopping threads took: 0.0001554 seconds
2017-04-16T11:43:09.761-0700: 139114.021: Total time for which application threads were stopped: 0.0021260 seconds, Stopping threads took: 0.0001480 seconds
2017-04-16T11:43:11.674-0700: 139115.933: Total time for which application threads were stopped: 0.0009209 seconds, Stopping threads took: 0.0001743 seconds
{Heap before GC invocations=12864 (full 18):
 par new generation   total 1800000K, used 1607013K [0x00000003ef600000, 0x0000000469720000, 0x0000000469720000)
  eden space 1600000K, 100% used [0x00000003ef600000, 0x0000000451080000, 0x0000000451080000)
  from space 200000K,   3% used [0x0000000451080000, 0x0000000451759678, 0x000000045d3d0000)
  to   space 200000K,   0% used [0x000000045d3d0000, 0x000000045d3d0000, 0x0000000469720000)
 concurrent mark-sweep generation total 14001024K, used 8339431K [0x0000000469720000, 0x00000007c0000000, 0x00000007c0000000)
 Metaspace       used 44937K, capacity 46232K, committed 46652K, reserved 1091584K
  class space    used 4916K, capacity 5189K, committed 5268K, reserved 1048576K
2017-04-16T11:43:14.271-0700: 139118.531: [GC (Allocation Failure) Before GC:
Statistics for BinaryTreeDictionary:
------------------------------------
Total Free Space: 165234084
Max   Chunk Size: 1128311
Number of Blocks: 74571
Av.  Block  Size: 2215
Tree      Height: 110
2017-04-16T11:43:14.272-0700: 139118.531: [ParNew
Desired survivor size 102400000 bytes, new threshold 1 (max 1)
- age   1:    7665944 bytes,    7665944 total
: 1607013K->8093K(1800000K), 0.0125071 secs] 9946445K->8349127K(15801024K)After GC:
Statistics for BinaryTreeDictionary:
------------------------------------
Total Free Space: 165192958
Max   Chunk Size: 1128311
Number of Blocks: 74548
Av.  Block  Size: 2215
Tree      Height: 110
, 0.0137670 secs] [Times: user=0.31 sys=0.00, real=0.01 secs] 
Heap after GC invocations=12865 (full 18):
 par new generation   total 1800000K, used 8093K [0x00000003ef600000, 0x0000000469720000, 0x0000000469720000)
  eden space 1600000K,   0% used [0x00000003ef600000, 0x00000003ef600000, 0x0000000451080000)
  from space 200000K,   4% used [0x000000045d3d0000, 0x000000045dbb7438, 0x0000000469720000)
  to   space 200000K,   0% used [0x0000000451080000, 0x0000000451080000, 0x000000045d3d0000)
 concurrent mark-sweep generation total 14001024K, used 8341034K [0x0000000469720000, 0x00000007c0000000, 0x00000007c0000000)
 Metaspace       used 44937K, capacity 46232K, committed 46652K, reserved 1091584K
  class space    used 4916K, capacity 5189K, committed 5268K, reserved 1048576K
}
2017-04-16T11:43:14.285-0700: 139118.545: Total time for which application threads were stopped: 0.0148643 seconds, Stopping threads took: 0.0001563 seconds
{Heap before GC invocations=12865 (full 18):
 par new generation   total 1800000K, used 1608093K [0x00000003ef600000, 0x0000000469720000, 0x0000000469720000)
  eden space 1600000K, 100% used [0x00000003ef600000, 0x0000000451080000, 0x0000000451080000)
  from space 200000K,   4% used [0x000000045d3d0000, 0x000000045dbb7438, 0x0000000469720000)
  to   space 200000K,   0% used [0x0000000451080000, 0x0000000451080000, 0x000000045d3d0000)
 concurrent mark-sweep generation total 14001024K, used 8341034K [0x0000000469720000, 0x00000007c0000000, 0x00000007c0000000)
 Metaspace       used 44937K, capacity 46232K, committed 46652K, reserved 1091584K
  class space    used 4916K, capacity 5189K, committed 5268K, reserved 1048576K
2017-04-16T11:43:27.855-0700: 139132.114: [GC (Allocation Failure) Before GC:
Statistics for BinaryTreeDictionary:
------------------------------------
Total Free Space: 165192958
Max   Chunk Size: 1128311
Number of Blocks: 74548
Av.  Block  Size: 2215
Tree      Height: 110
2017-04-16T11:43:27.855-0700: 139132.115: [ParNew
Desired survivor size 102400000 bytes, new threshold 1 (max 1)
- age   1:    6793320 bytes,    6793320 total
: 1608093K->7093K(1800000K), 0.0123120 secs] 9949127K->8349955K(15801024K)After GC:
Statistics for BinaryTreeDictionary:
------------------------------------
Total Free Space: 165116901
Max   Chunk Size: 1128311
Number of Blocks: 74502
Av.  Block  Size: 2216
Tree      Height: 110
, 0.0135857 secs] [Times: user=0.30 sys=0.00, real=0.01 secs] 
Heap after GC invocations=12866 (full 18):
 par new generation   total 1800000K, used 7093K [0x00000003ef600000, 0x0000000469720000, 0x0000000469720000)
  eden space 1600000K,   0% used [0x00000003ef600000, 0x00000003ef600000, 0x0000000451080000)
  from space 200000K,   3% used [0x0000000451080000, 0x000000045176d5c8, 0x000000045d3d0000)
  to   space 200000K,   0% used [0x000000045d3d0000, 0x000000045d3d0000, 0x0000000469720000)
 concurrent mark-sweep generation total 14001024K, used 8342862K [0x0000000469720000, 0x00000007c0000000, 0x00000007c0000000)
 Metaspace       used 44937K, capacity 46232K, committed 46652K, reserved 1091584K
  class space    used 4916K, capacity 5189K, committed 5268K, reserved 1048576K
}
2017-04-16T11:43:27.868-0700: 139132.128: Total time for which application threads were stopped: 0.0146907 seconds, Stopping threads took: 0.0001563 seconds
{Heap before GC invocations=12866 (full 18):
 par new generation   total 1800000K, used 1607093K [0x00000003ef600000, 0x0000000469720000, 0x0000000469720000)
  eden space 1600000K, 100% used [0x00000003ef600000, 0x0000000451080000, 0x0000000451080000)
  from space 200000K,   3% used [0x0000000451080000, 0x000000045176d5c8, 0x000000045d3d0000)
  to   space 200000K,   0% used [0x000000045d3d0000, 0x000000045d3d0000, 0x0000000469720000)
 concurrent mark-sweep generation total 14001024K, used 8342862K [0x0000000469720000, 0x00000007c0000000, 0x00000007c0000000)
 Metaspace       used 44937K, capacity 46232K, committed 46652K, reserved 1091584K
  class space    used 4916K, capacity 5189K, committed 5268K, reserved 1048576K
2017-04-16T11:43:41.271-0700: 139145.530: [GC (Allocation Failure) Before GC:
Statistics for BinaryTreeDictionary:
------------------------------------
Total Free Space: 165116901
Max   Chunk Size: 1128311
Number of Blocks: 74502
Av.  Block  Size: 2216
Tree      Height: 110
2017-04-16T11:43:41.272-0700: 139145.531: [ParNew
Desired survivor size 102400000 bytes, new threshold 1 (max 1)
- age   1:    6920032 bytes,    6920032 total
: 1607093K->7534K(1800000K), 0.0124689 secs] 9949955K->8351987K(15801024K)After GC:
Statistics for BinaryTreeDictionary:
------------------------------------
Total Free Space: 165095078
Max   Chunk Size: 1128311
Number of Blocks: 74487
Av.  Block  Size: 2216
Tree      Height: 110
, 0.0137724 secs] [Times: user=0.30 sys=0.00, real=0.02 secs] 
Heap after GC invocations=12867 (full 18):
 par new generation   total 1800000K, used 7534K [0x00000003ef600000, 0x0000000469720000, 0x0000000469720000)
  eden space 1600000K,   0% used [0x00000003ef600000, 0x00000003ef600000, 0x0000000451080000)
  from space 200000K,   3% used [0x000000045d3d0000, 0x000000045db2bae8, 0x0000000469720000)
  to   space 200000K,   0% used [0x0000000451080000, 0x0000000451080000, 0x000000045d3d0000)
 concurrent mark-sweep generation total 14001024K, used 8344453K [0x0000000469720000, 0x00000007c0000000, 0x00000007c0000000)
 Metaspace       used 44937K, capacity 46232K, committed 46652K, reserved 1091584K
  class space    used 4916K, capacity 5189K, committed 5268K, reserved 1048576K
}
2017-04-16T11:43:41.285-0700: 139145.544: Total time for which application threads were stopped: 0.0148673 seconds, Stopping threads took: 0.0001605 seconds
{Heap before GC invocations=12867 (full 18):
 par new generation   total 1800000K, used 1607534K [0x00000003ef600000, 0x0000000469720000, 0x0000000469720000)
  eden space 1600000K, 100% used [0x00000003ef600000, 0x0000000451080000, 0x0000000451080000)
  from space 200000K,   3% used [0x000000045d3d0000, 0x000000045db2bae8, 0x0000000469720000)
  to   space 200000K,   0% used [0x0000000451080000, 0x0000000451080000, 0x000000045d3d0000)
 concurrent mark-sweep generation total 14001024K, used 8344453K [0x0000000469720000, 0x00000007c0000000, 0x00000007c0000000)
 Metaspace       used 44937K, capacity 46232K, committed 46652K, reserved 1091584K
  class space    used 4916K, capacity 5189K, committed 5268K, reserved 1048576K
2017-04-16T11:43:55.100-0700: 139159.360: [GC (Allocation Failure) Before GC:
Statistics for BinaryTreeDictionary:
------------------------------------
Total Free Space: 165095078
Max   Chunk Size: 1128311
Number of Blocks: 74487
Av.  Block  Size: 2216
Tree      Height: 110
2017-04-16T11:43:55.101-0700: 139159.360: [ParNew
Desired survivor size 102400000 bytes, new threshold 1 (max 1)
- age   1:    6772032 bytes,    6772032 total
: 1607534K->7287K(1800000K), 0.0124424 secs] 9951987K->8353005K(15801024K)After GC:
Statistics for BinaryTreeDictionary:
------------------------------------
Total Free Space: 165087714
Max   Chunk Size: 1128311
Number of Blocks: 74473
Av.  Block  Size: 2216
Tree      Height: 110
, 0.0137358 secs] [Times: user=0.30 sys=0.01, real=0.02 secs] 
Heap after GC invocations=12868 (full 18):
 par new generation   total 1800000K, used 7287K [0x00000003ef600000, 0x0000000469720000, 0x0000000469720000)
  eden space 1600000K,   0% used [0x00000003ef600000, 0x00000003ef600000, 0x0000000451080000)
  from space 200000K,   3% used [0x0000000451080000, 0x000000045179df80, 0x000000045d3d0000)
  to   space 200000K,   0% used [0x000000045d3d0000, 0x000000045d3d0000, 0x0000000469720000)
 concurrent mark-sweep generation total 14001024K, used 8345717K [0x0000000469720000, 0x00000007c0000000, 0x00000007c0000000)
 Metaspace       used 44937K, capacity 46232K, committed 46652K, reserved 1091584K
  class space    used 4916K, capacity 5189K, committed 5268K, reserved 1048576K
}
2017-04-16T11:43:55.114-0700: 139159.373: Total time for which application threads were stopped: 0.0148501 seconds, Stopping threads took: 0.0001708 seconds
2017-04-16T11:44:07.972-0700: 139172.231: Total time for which application threads were stopped: 0.0021635 seconds, Stopping threads took: 0.0001466 seconds
{Heap before GC invocations=12868 (full 18):
 par new generation   total 1800000K, used 1607287K [0x00000003ef600000, 0x0000000469720000, 0x0000000469720000)
  eden space 1600000K, 100% used [0x00000003ef600000, 0x0000000451080000, 0x0000000451080000)
  from space 200000K,   3% used [0x0000000451080000, 0x000000045179df80, 0x000000045d3d0000)
  to   space 200000K,   0% used [0x000000045d3d0000, 0x000000045d3d0000, 0x0000000469720000)
 concurrent mark-sweep generation total 14001024K, used 8345717K [0x0000000469720000, 0x00000007c0000000, 0x00000007c0000000)
 Metaspace       used 44937K, capacity 46232K, committed 46652K, reserved 1091584K
  class space    used 4916K, capacity 5189K, committed 5268K, reserved 1048576K
2017-04-16T11:44:08.669-0700: 139172.928: [GC (Allocation Failure) Before GC:
Statistics for BinaryTreeDictionary:
------------------------------------
Total Free Space: 165087714
Max   Chunk Size: 1128311
Number of Blocks: 74473
Av.  Block  Size: 2216
Tree      Height: 110
2017-04-16T11:44:08.670-0700: 139172.929: [ParNew
Desired survivor size 102400000 bytes, new threshold 1 (max 1)
- age   1:   16326336 bytes,   16326336 total
: 1607287K->17019K(1800000K), 0.0128222 secs] 9953005K->8364441K(15801024K)After GC:
Statistics for BinaryTreeDictionary:
------------------------------------
Total Free Space: 165048232
Max   Chunk Size: 1128311
Number of Blocks: 74457
Av.  Block  Size: 2216
Tree      Height: 110
, 0.0141182 secs] [Times: user=0.32 sys=0.00, real=0.01 secs] 
Heap after GC invocations=12869 (full 18):
 par new generation   total 1800000K, used 17019K [0x00000003ef600000, 0x0000000469720000, 0x0000000469720000)
  eden space 1600000K,   0% used [0x00000003ef600000, 0x00000003ef600000, 0x0000000451080000)
  from space 200000K,   8% used [0x000000045d3d0000, 0x000000045e46ec18, 0x0000000469720000)
  to   space 200000K,   0% used [0x0000000451080000, 0x0000000451080000, 0x000000045d3d0000)
 concurrent mark-sweep generation total 14001024K, used 8347422K [0x0000000469720000, 0x00000007c0000000, 0x00000007c0000000)
 Metaspace       used 44937K, capacity 46232K, committed 46652K, reserved 1091584K
  class space    used 4916K, capacity 5189K, committed 5268K, reserved 1048576K
}
2017-04-16T11:44:08.683-0700: 139172.943: Total time for which application threads were stopped: 0.0152190 seconds, Stopping threads took: 0.0001625 seconds
{Heap before GC invocations=12869 (full 18):
 par new generation   total 1800000K, used 1617019K [0x00000003ef600000, 0x0000000469720000, 0x0000000469720000)
  eden space 1600000K, 100% used [0x00000003ef600000, 0x0000000451080000, 0x0000000451080000)
  from space 200000K,   8% used [0x000000045d3d0000, 0x000000045e46ec18, 0x0000000469720000)
  to   space 200000K,   0% used [0x0000000451080000, 0x0000000451080000, 0x000000045d3d0000)
 concurrent mark-sweep generation total 14001024K, used 8347422K [0x0000000469720000, 0x00000007c0000000, 0x00000007c0000000)
 Metaspace       used 44937K, capacity 46232K, committed 46652K, reserved 1091584K
  class space    used 4916K, capacity 5189K, committed 5268K, reserved 1048576K
2017-04-16T11:44:21.946-0700: 139186.206: [GC (Allocation Failure) Before GC:
Statistics for BinaryTreeDictionary:
------------------------------------
Total Free Space: 165048232
Max   Chunk Size: 1128311
Number of Blocks: 74457
Av.  Block  Size: 2216
Tree      Height: 110
2017-04-16T11:44:21.947-0700: 139186.206: [ParNew
Desired survivor size 102400000 bytes, new threshold 1 (max 1)
- age   1:    5609216 bytes,    5609216 total
: 1617019K->6241K(1800000K), 0.0123485 secs] 9964441K->8357699K(15801024K)After GC:
Statistics for BinaryTreeDictionary:
------------------------------------
Total Free Space: 164712540
Max   Chunk Size: 1128311
Number of Blocks: 74436
Av.  Block  Size: 2212
Tree      Height: 110
, 0.0136523 secs] [Times: user=0.31 sys=0.00, real=0.02 secs] 
Heap after GC invocations=12870 (full 18):
 par new generation   total 1800000K, used 6241K [0x00000003ef600000, 0x0000000469720000, 0x0000000469720000)
  eden space 1600000K,   0% used [0x00000003ef600000, 0x00000003ef600000, 0x0000000451080000)
  from space 200000K,   3% used [0x0000000451080000, 0x0000000451698560, 0x000000045d3d0000)
  to   space 200000K,   0% used [0x000000045d3d0000, 0x000000045d3d0000, 0x0000000469720000)
 concurrent mark-sweep generation total 14001024K, used 8351457K [0x0000000469720000, 0x00000007c0000000, 0x00000007c0000000)
 Metaspace       used 44937K, capacity 46232K, committed 46652K, reserved 1091584K
  class space    used 4916K, capacity 5189K, committed 5268K, reserved 1048576K
}
2017-04-16T11:44:21.960-0700: 139186.219: Total time for which application threads were stopped: 0.0147525 seconds, Stopping threads took: 0.0001578 seconds
{Heap before GC invocations=12870 (full 18):
 par new generation   total 1800000K, used 1606241K [0x00000003ef600000, 0x0000000469720000, 0x0000000469720000)
  eden space 1600000K, 100% used [0x00000003ef600000, 0x0000000451080000, 0x0000000451080000)
  from space 200000K,   3% used [0x0000000451080000, 0x0000000451698560, 0x000000045d3d0000)
  to   space 200000K,   0% used [0x000000045d3d0000, 0x000000045d3d0000, 0x0000000469720000)
 concurrent mark-sweep generation total 14001024K, used 8351457K [0x0000000469720000, 0x00000007c0000000, 0x00000007c0000000)
 Metaspace       used 44937K, capacity 46232K, committed 46652K, reserved 1091584K
  class space    used 4916K, capacity 5189K, committed 5268K, reserved 1048576K
2017-04-16T11:44:35.044-0700: 139199.303: [GC (Allocation Failure) Before GC:
Statistics for BinaryTreeDictionary:
------------------------------------
Total Free Space: 164712540
Max   Chunk Size: 1128311
Number of Blocks: 74436
Av.  Block  Size: 2212
Tree      Height: 110
2017-04-16T11:44:35.045-0700: 139199.304: [ParNew
Desired survivor size 102400000 bytes, new threshold 1 (max 1)
- age   1:    6867368 bytes,    6867368 total
: 1606241K->7400K(1800000K), 0.0125574 secs] 9957699K->8360372K(15801024K)After GC:
Statistics for BinaryTreeDictionary:
------------------------------------
Total Free Space: 164689052
Max   Chunk Size: 1128311
Number of Blocks: 74418
Av.  Block  Size: 2213
Tree      Height: 110
, 0.0138409 secs] [Times: user=0.31 sys=0.00, real=0.01 secs] 
Heap after GC invocations=12871 (full 18):
 par new generation   total 1800000K, used 7400K [0x00000003ef600000, 0x0000000469720000, 0x0000000469720000)
  eden space 1600000K,   0% used [0x00000003ef600000, 0x00000003ef600000, 0x0000000451080000)
  from space 200000K,   3% used [0x000000045d3d0000, 0x000000045db0a030, 0x0000000469720000)
  to   space 200000K,   0% used [0x0000000451080000, 0x0000000451080000, 0x000000045d3d0000)
 concurrent mark-sweep generation total 14001024K, used 8352972K [0x0000000469720000, 0x00000007c0000000, 0x00000007c0000000)
 Metaspace       used 44937K, capacity 46232K, committed 46652K, reserved 1091584K
  class space    used 4916K, capacity 5189K, committed 5268K, reserved 1048576K
}
2017-04-16T11:44:35.058-0700: 139199.317: Total time for which application threads were stopped: 0.0149416 seconds, Stopping threads took: 0.0001537 seconds
2017-04-16T11:44:39.618-0700: 139203.877: Total time for which application threads were stopped: 0.0021627 seconds, Stopping threads took: 0.0001455 seconds
{Heap before GC invocations=12871 (full 18):
 par new generation   total 1800000K, used 1607400K [0x00000003ef600000, 0x0000000469720000, 0x0000000469720000)
  eden space 1600000K, 100% used [0x00000003ef600000, 0x0000000451080000, 0x0000000451080000)
  from space 200000K,   3% used [0x000000045d3d0000, 0x000000045db0a030, 0x0000000469720000)
  to   space 200000K,   0% used [0x0000000451080000, 0x0000000451080000, 0x000000045d3d0000)
 concurrent mark-sweep generation total 14001024K, used 8352972K [0x0000000469720000, 0x00000007c0000000, 0x00000007c0000000)
 Metaspace       used 44937K, capacity 46232K, committed 46652K, reserved 1091584K
  class space    used 4916K, capacity 5189K, committed 5268K, reserved 1048576K
2017-04-16T11:44:45.666-0700: 139209.926: [GC (Allocation Failure) Before GC:
Statistics for BinaryTreeDictionary:
------------------------------------
Total Free Space: 164689052
Max   Chunk Size: 1128311
Number of Blocks: 74418
Av.  Block  Size: 2213
Tree      Height: 110
2017-04-16T11:44:45.667-0700: 139209.926: [ParNew
Desired survivor size 102400000 bytes, new threshold 1 (max 1)
- age   1:    6667024 bytes,    6667024 total
: 1607400K->7261K(1800000K), 0.0124933 secs] 9960372K->8361779K(15801024K)After GC:
Statistics for BinaryTreeDictionary:
------------------------------------
Total Free Space: 164667643
Max   Chunk Size: 1128311
Number of Blocks: 74409
Av.  Block  Size: 2213
Tree      Height: 110
, 0.0137832 secs] [Times: user=0.31 sys=0.00, real=0.01 secs] 
Heap after GC invocations=12872 (full 18):
 par new generation   total 1800000K, used 7261K [0x00000003ef600000, 0x0000000469720000, 0x0000000469720000)
  eden space 1600000K,   0% used [0x00000003ef600000, 0x00000003ef600000, 0x0000000451080000)
  from space 200000K,   3% used [0x0000000451080000, 0x00000004517975f8, 0x000000045d3d0000)
  to   space 200000K,   0% used [0x000000045d3d0000, 0x000000045d3d0000, 0x0000000469720000)
 concurrent mark-sweep generation total 14001024K, used 8354518K [0x0000000469720000, 0x00000007c0000000, 0x00000007c0000000)
 Metaspace       used 44937K, capacity 46232K, committed 46652K, reserved 1091584K
  class space    used 4916K, capacity 5189K, committed 5268K, reserved 1048576K
}
2017-04-16T11:44:45.680-0700: 139209.940: Total time for which application threads were stopped: 0.0149021 seconds, Stopping threads took: 0.0001627 seconds
{Heap before GC invocations=12872 (full 18):
 par new generation   total 1800000K, used 1607261K [0x00000003ef600000, 0x0000000469720000, 0x0000000469720000)
  eden space 1600000K, 100% used [0x00000003ef600000, 0x0000000451080000, 0x0000000451080000)
  from space 200000K,   3% used [0x0000000451080000, 0x00000004517975f8, 0x000000045d3d0000)
  to   space 200000K,   0% used [0x000000045d3d0000, 0x000000045d3d0000, 0x0000000469720000)
 concurrent mark-sweep generation total 14001024K, used 8354518K [0x0000000469720000, 0x00000007c0000000, 0x00000007c0000000)
 Metaspace       used 44937K, capacity 46232K, committed 46652K, reserved 1091584K
  class space    used 4916K, capacity 5189K, committed 5268K, reserved 1048576K
2017-04-16T11:44:58.817-0700: 139223.076: [GC (Allocation Failure) Before GC:
Statistics for BinaryTreeDictionary:
------------------------------------
Total Free Space: 164667643
Max   Chunk Size: 1128311
Number of Blocks: 74409
Av.  Block  Size: 2213
Tree      Height: 110
2017-04-16T11:44:58.818-0700: 139223.077: [ParNew
Desired survivor size 102400000 bytes, new threshold 1 (max 1)
- age   1:    7383624 bytes,    7383624 total
: 1607261K->7820K(1800000K), 0.0123269 secs] 9961779K->8364228K(15801024K)After GC:
Statistics for BinaryTreeDictionary:
------------------------------------
Total Free Space: 164543863
Max   Chunk Size: 1128311
Number of Blocks: 74369
Av.  Block  Size: 2212
Tree      Height: 110
, 0.0136164 secs] [Times: user=0.31 sys=0.00, real=0.01 secs] 
Heap after GC invocations=12873 (full 18):
 par new generation   total 1800000K, used 7820K [0x00000003ef600000, 0x0000000469720000, 0x0000000469720000)
  eden space 1600000K,   0% used [0x00000003ef600000, 0x00000003ef600000, 0x0000000451080000)
  from space 200000K,   3% used [0x000000045d3d0000, 0x000000045db73030, 0x0000000469720000)
  to   space 200000K,   0% used [0x0000000451080000, 0x0000000451080000, 0x000000045d3d0000)
 concurrent mark-sweep generation total 14001024K, used 8356407K [0x0000000469720000, 0x00000007c0000000, 0x00000007c0000000)
 Metaspace       used 44937K, capacity 46232K, committed 46652K, reserved 1091584K
  class space    used 4916K, capacity 5189K, committed 5268K, reserved 1048576K
}
2017-04-16T11:44:58.831-0700: 139223.090: Total time for which application threads were stopped: 0.0147261 seconds, Stopping threads took: 0.0001516 seconds
{Heap before GC invocations=12873 (full 18):
 par new generation   total 1800000K, used 1607820K [0x00000003ef600000, 0x0000000469720000, 0x0000000469720000)
  eden space 1600000K, 100% used [0x00000003ef600000, 0x0000000451080000, 0x0000000451080000)
  from space 200000K,   3% used [0x000000045d3d0000, 0x000000045db73030, 0x0000000469720000)
  to   space 200000K,   0% used [0x0000000451080000, 0x0000000451080000, 0x000000045d3d0000)
 concurrent mark-sweep generation total 14001024K, used 8356407K [0x0000000469720000, 0x00000007c0000000, 0x00000007c0000000)
 Metaspace       used 44937K, capacity 46232K, committed 46652K, reserved 1091584K
  class space    used 4916K, capacity 5189K, committed 5268K, reserved 1048576K
2017-04-16T11:45:12.243-0700: 139236.503: [GC (Allocation Failure) Before GC:
Statistics for BinaryTreeDictionary:
------------------------------------
Total Free Space: 164543863
Max   Chunk Size: 1128311
Number of Blocks: 74369
Av.  Block  Size: 2212
Tree      Height: 110
2017-04-16T11:45:12.244-0700: 139236.503: [ParNew
Desired survivor size 102400000 bytes, new threshold 1 (max 1)
- age   1:    6513352 bytes,    6513352 total
: 1607820K->7171K(1800000K), 0.0124649 secs] 9964228K->8365527K(15801024K)After GC:
Statistics for BinaryTreeDictionary:
------------------------------------
Total Free Space: 164507407
Max   Chunk Size: 1128311
Number of Blocks: 74359
Av.  Block  Size: 2212
Tree      Height: 110
, 0.0137651 secs] [Times: user=0.31 sys=0.00, real=0.02 secs] 
Heap after GC invocations=12874 (full 18):
 par new generation   total 1800000K, used 7171K [0x00000003ef600000, 0x0000000469720000, 0x0000000469720000)
  eden space 1600000K,   0% used [0x00000003ef600000, 0x00000003ef600000, 0x0000000451080000)
  from space 200000K,   3% used [0x0000000451080000, 0x0000000451780dd0, 0x000000045d3d0000)
  to   space 200000K,   0% used [0x000000045d3d0000, 0x000000045d3d0000, 0x0000000469720000)
 concurrent mark-sweep generation total 14001024K, used 8358355K [0x0000000469720000, 0x00000007c0000000, 0x00000007c0000000)
 Metaspace       used 44937K, capacity 46232K, committed 46652K, reserved 1091584K
  class space    used 4916K, capacity 5189K, committed 5268K, reserved 1048576K
}
2017-04-16T11:45:12.257-0700: 139236.517: Total time for which application threads were stopped: 0.0148708 seconds, Stopping threads took: 0.0001597 seconds
{Heap before GC invocations=12874 (full 18):
 par new generation   total 1800000K, used 1607171K [0x00000003ef600000, 0x0000000469720000, 0x0000000469720000)
  eden space 1600000K, 100% used [0x00000003ef600000, 0x0000000451080000, 0x0000000451080000)
  from space 200000K,   3% used [0x0000000451080000, 0x0000000451780dd0, 0x000000045d3d0000)
  to   space 200000K,   0% used [0x000000045d3d0000, 0x000000045d3d0000, 0x0000000469720000)
 concurrent mark-sweep generation total 14001024K, used 8358355K [0x0000000469720000, 0x00000007c0000000, 0x00000007c0000000)
 Metaspace       used 44937K, capacity 46232K, committed 46652K, reserved 1091584K
  class space    used 4916K, capacity 5189K, committed 5268K, reserved 1048576K
2017-04-16T11:45:25.819-0700: 139250.078: [GC (Allocation Failure) Before GC:
Statistics for BinaryTreeDictionary:
------------------------------------
Total Free Space: 164507407
Max   Chunk Size: 1128311
Number of Blocks: 74359
Av.  Block  Size: 2212
Tree      Height: 110
2017-04-16T11:45:25.819-0700: 139250.079: [ParNew
Desired survivor size 102400000 bytes, new threshold 1 (max 1)
- age   1:    7012264 bytes,    7012264 total
: 1607171K->7793K(1800000K), 0.0121268 secs] 9965527K->8367373K(15801024K)After GC:
Statistics for BinaryTreeDictionary:
------------------------------------
Total Free Space: 164496612
Max   Chunk Size: 1128311
Number of Blocks: 74334
Av.  Block  Size: 2212
Tree      Height: 110
, 0.0134028 secs] [Times: user=0.30 sys=0.00, real=0.01 secs] 
Heap after GC invocations=12875 (full 18):
 par new generation   total 1800000K, used 7793K [0x00000003ef600000, 0x0000000469720000, 0x0000000469720000)
  eden space 1600000K,   0% used [0x00000003ef600000, 0x00000003ef600000, 0x0000000451080000)
  from space 200000K,   3% used [0x000000045d3d0000, 0x000000045db6c748, 0x0000000469720000)
  to   space 200000K,   0% used [0x0000000451080000, 0x0000000451080000, 0x000000045d3d0000)
 concurrent mark-sweep generation total 14001024K, used 8359579K [0x0000000469720000, 0x00000007c0000000, 0x00000007c0000000)
 Metaspace       used 44937K, capacity 46232K, committed 46652K, reserved 1091584K
  class space    used 4916K, capacity 5189K, committed 5268K, reserved 1048576K
}
2017-04-16T11:45:25.832-0700: 139250.092: Total time for which application threads were stopped: 0.0145186 seconds, Stopping threads took: 0.0001542 seconds
2017-04-16T11:45:37.726-0700: 139261.986: Total time for which application threads were stopped: 0.0008913 seconds, Stopping threads took: 0.0001566 seconds
{Heap before GC invocations=12875 (full 18):
 par new generation   total 1800000K, used 1607793K [0x00000003ef600000, 0x0000000469720000, 0x0000000469720000)
  eden space 1600000K, 100% used [0x00000003ef600000, 0x0000000451080000, 0x0000000451080000)
  from space 200000K,   3% used [0x000000045d3d0000, 0x000000045db6c748, 0x0000000469720000)
  to   space 200000K,   0% used [0x0000000451080000, 0x0000000451080000, 0x000000045d3d0000)
 concurrent mark-sweep generation total 14001024K, used 8359579K [0x0000000469720000, 0x00000007c0000000, 0x00000007c0000000)
 Metaspace       used 44937K, capacity 46232K, committed 46652K, reserved 1091584K
  class space    used 4916K, capacity 5189K, committed 5268K, reserved 1048576K
2017-04-16T11:45:38.854-0700: 139263.114: [GC (Allocation Failure) Before GC:
Statistics for BinaryTreeDictionary:
------------------------------------
Total Free Space: 164496612
Max   Chunk Size: 1128311
Number of Blocks: 74334
Av.  Block  Size: 2212
Tree      Height: 110
2017-04-16T11:45:38.855-0700: 139263.114: [ParNew
Desired survivor size 102400000 bytes, new threshold 1 (max 1)
- age   1:    7369928 bytes,    7369928 total
: 1607793K->7930K(1800000K), 0.0126370 secs] 9967373K->8369125K(15801024K)After GC:
Statistics for BinaryTreeDictionary:
------------------------------------
Total Free Space: 164436029
Max   Chunk Size: 1128311
Number of Blocks: 74306
Av.  Block  Size: 2212
Tree      Height: 110
, 0.0139258 secs] [Times: user=0.31 sys=0.00, real=0.01 secs] 
Heap after GC invocations=12876 (full 18):
 par new generation   total 1800000K, used 7930K [0x00000003ef600000, 0x0000000469720000, 0x0000000469720000)
  eden space 1600000K,   0% used [0x00000003ef600000, 0x00000003ef600000, 0x0000000451080000)
  from space 200000K,   3% used [0x0000000451080000, 0x000000045183ea88, 0x000000045d3d0000)
  to   space 200000K,   0% used [0x000000045d3d0000, 0x000000045d3d0000, 0x0000000469720000)
 concurrent mark-sweep generation total 14001024K, used 8361194K [0x0000000469720000, 0x00000007c0000000, 0x00000007c0000000)
 Metaspace       used 44937K, capacity 46232K, committed 46652K, reserved 1091584K
  class space    used 4916K, capacity 5189K, committed 5268K, reserved 1048576K
}
2017-04-16T11:45:38.869-0700: 139263.128: Total time for which application threads were stopped: 0.0150233 seconds, Stopping threads took: 0.0001486 seconds
{Heap before GC invocations=12876 (full 18):
 par new generation   total 1800000K, used 1607930K [0x00000003ef600000, 0x0000000469720000, 0x0000000469720000)
  eden space 1600000K, 100% used [0x00000003ef600000, 0x0000000451080000, 0x0000000451080000)
  from space 200000K,   3% used [0x0000000451080000, 0x000000045183ea88, 0x000000045d3d0000)
  to   space 200000K,   0% used [0x000000045d3d0000, 0x000000045d3d0000, 0x0000000469720000)
 concurrent mark-sweep generation total 14001024K, used 8361194K [0x0000000469720000, 0x00000007c0000000, 0x00000007c0000000)
 Metaspace       used 44937K, capacity 46232K, committed 46652K, reserved 1091584K
  class space    used 4916K, capacity 5189K, committed 5268K, reserved 1048576K
2017-04-16T11:45:51.619-0700: 139275.879: [GC (Allocation Failure) Before GC:
Statistics for BinaryTreeDictionary:
------------------------------------
Total Free Space: 164436029
Max   Chunk Size: 1128311
Number of Blocks: 74306
Av.  Block  Size: 2212
Tree      Height: 110
2017-04-16T11:45:51.620-0700: 139275.879: [ParNew
Desired survivor size 102400000 bytes, new threshold 1 (max 1)
- age   1:    6089608 bytes,    6089608 total
: 1607930K->6607K(1800000K), 0.0123717 secs] 9969125K->8369608K(15801024K)After GC:
Statistics for BinaryTreeDictionary:
------------------------------------
Total Free Space: 164407634
Max   Chunk Size: 1128311
Number of Blocks: 74277
Av.  Block  Size: 2213
Tree      Height: 110
, 0.0136664 secs] [Times: user=0.30 sys=0.01, real=0.02 secs] 
Heap after GC invocations=12877 (full 18):
 par new generation   total 1800000K, used 6607K [0x00000003ef600000, 0x0000000469720000, 0x0000000469720000)
  eden space 1600000K,   0% used [0x00000003ef600000, 0x00000003ef600000, 0x0000000451080000)
  from space 200000K,   3% used [0x000000045d3d0000, 0x000000045da43fc0, 0x0000000469720000)
  to   space 200000K,   0% used [0x0000000451080000, 0x0000000451080000, 0x000000045d3d0000)
 concurrent mark-sweep generation total 14001024K, used 8363000K [0x0000000469720000, 0x00000007c0000000, 0x00000007c0000000)
 Metaspace       used 44937K, capacity 46232K, committed 46652K, reserved 1091584K
  class space    used 4916K, capacity 5189K, committed 5268K, reserved 1048576K
}
2017-04-16T11:45:51.633-0700: 139275.892: Total time for which application threads were stopped: 0.0147629 seconds, Stopping threads took: 0.0001623 seconds
{Heap before GC invocations=12877 (full 18):
 par new generation   total 1800000K, used 1606607K [0x00000003ef600000, 0x0000000469720000, 0x0000000469720000)
  eden space 1600000K, 100% used [0x00000003ef600000, 0x0000000451080000, 0x0000000451080000)
  from space 200000K,   3% used [0x000000045d3d0000, 0x000000045da43fc0, 0x0000000469720000)
  to   space 200000K,   0% used [0x0000000451080000, 0x0000000451080000, 0x000000045d3d0000)
 concurrent mark-sweep generation total 14001024K, used 8363000K [0x0000000469720000, 0x00000007c0000000, 0x00000007c0000000)
 Metaspace       used 44937K, capacity 46232K, committed 46652K, reserved 1091584K
  class space    used 4916K, capacity 5189K, committed 5268K, reserved 1048576K
2017-04-16T11:46:04.815-0700: 139289.074: [GC (Allocation Failure) Before GC:
Statistics for BinaryTreeDictionary:
------------------------------------
Total Free Space: 164407634
Max   Chunk Size: 1128311
Number of Blocks: 74277
Av.  Block  Size: 2213
Tree      Height: 110
2017-04-16T11:46:04.815-0700: 139289.075: [ParNew
Desired survivor size 102400000 bytes, new threshold 1 (max 1)
- age   1:    6515616 bytes,    6515616 total
: 1606607K->7018K(1800000K), 0.0122631 secs] 9969608K->8371387K(15801024K)After GC:
Statistics for BinaryTreeDictionary:
------------------------------------
Total Free Space: 164372383
Max   Chunk Size: 1128311
Number of Blocks: 74272
Av.  Block  Size: 2213
Tree      Height: 110
, 0.0135311 secs] [Times: user=0.30 sys=0.00, real=0.01 secs] 
Heap after GC invocations=12878 (full 18):
 par new generation   total 1800000K, used 7018K [0x00000003ef600000, 0x0000000469720000, 0x0000000469720000)
  eden space 1600000K,   0% used [0x00000003ef600000, 0x00000003ef600000, 0x0000000451080000)
  from space 200000K,   3% used [0x0000000451080000, 0x000000045175a968, 0x000000045d3d0000)
  to   space 200000K,   0% used [0x000000045d3d0000, 0x000000045d3d0000, 0x0000000469720000)
 concurrent mark-sweep generation total 14001024K, used 8364368K [0x0000000469720000, 0x00000007c0000000, 0x00000007c0000000)
 Metaspace       used 44937K, capacity 46232K, committed 46652K, reserved 1091584K
  class space    used 4916K, capacity 5189K, committed 5268K, reserved 1048576K
}
2017-04-16T11:46:04.828-0700: 139289.088: Total time for which application threads were stopped: 0.0146138 seconds, Stopping threads took: 0.0001480 seconds
2017-04-16T11:46:09.846-0700: 139294.106: Total time for which application threads were stopped: 0.0020928 seconds, Stopping threads took: 0.0001431 seconds
{Heap before GC invocations=12878 (full 18):
 par new generation   total 1800000K, used 1607018K [0x00000003ef600000, 0x0000000469720000, 0x0000000469720000)
  eden space 1600000K, 100% used [0x00000003ef600000, 0x0000000451080000, 0x0000000451080000)
  from space 200000K,   3% used [0x0000000451080000, 0x000000045175a968, 0x000000045d3d0000)
  to   space 200000K,   0% used [0x000000045d3d0000, 0x000000045d3d0000, 0x0000000469720000)
 concurrent mark-sweep generation total 14001024K, used 8364368K [0x0000000469720000, 0x00000007c0000000, 0x00000007c0000000)
 Metaspace       used 44937K, capacity 46232K, committed 46652K, reserved 1091584K
  class space    used 4916K, capacity 5189K, committed 5268K, reserved 1048576K
2017-04-16T11:46:15.246-0700: 139299.505: [GC (Allocation Failure) Before GC:
Statistics for BinaryTreeDictionary:
------------------------------------
Total Free Space: 164372383
Max   Chunk Size: 1128311
Number of Blocks: 74272
Av.  Block  Size: 2213
Tree      Height: 110
2017-04-16T11:46:15.246-0700: 139299.506: [ParNew
Desired survivor size 102400000 bytes, new threshold 1 (max 1)
- age   1:    8346232 bytes,    8346232 total
: 1607018K->8820K(1800000K), 0.0123513 secs] 9971387K->8374958K(15801024K)After GC:
Statistics for BinaryTreeDictionary:
------------------------------------
Total Free Space: 164296872
Max   Chunk Size: 1128311
Number of Blocks: 74245
Av.  Block  Size: 2212
Tree      Height: 110
, 0.0136519 secs] [Times: user=0.30 sys=0.00, real=0.01 secs] 
Heap after GC invocations=12879 (full 18):
 par new generation   total 1800000K, used 8820K [0x00000003ef600000, 0x0000000469720000, 0x0000000469720000)
  eden space 1600000K,   0% used [0x00000003ef600000, 0x00000003ef600000, 0x0000000451080000)
  from space 200000K,   4% used [0x000000045d3d0000, 0x000000045dc6d3c8, 0x0000000469720000)
  to   space 200000K,   0% used [0x0000000451080000, 0x0000000451080000, 0x000000045d3d0000)
 concurrent mark-sweep generation total 14001024K, used 8366137K [0x0000000469720000, 0x00000007c0000000, 0x00000007c0000000)
 Metaspace       used 44937K, capacity 46232K, committed 46652K, reserved 1091584K
  class space    used 4916K, capacity 5189K, committed 5268K, reserved 1048576K
}
2017-04-16T11:46:15.260-0700: 139299.519: Total time for which application threads were stopped: 0.0147433 seconds, Stopping threads took: 0.0001489 seconds
{Heap before GC invocations=12879 (full 18):
 par new generation   total 1800000K, used 1608820K [0x00000003ef600000, 0x0000000469720000, 0x0000000469720000)
  eden space 1600000K, 100% used [0x00000003ef600000, 0x0000000451080000, 0x0000000451080000)
  from space 200000K,   4% used [0x000000045d3d0000, 0x000000045dc6d3c8, 0x0000000469720000)
  to   space 200000K,   0% used [0x0000000451080000, 0x0000000451080000, 0x000000045d3d0000)
 concurrent mark-sweep generation total 14001024K, used 8366137K [0x0000000469720000, 0x00000007c0000000, 0x00000007c0000000)
 Metaspace       used 44937K, capacity 46232K, committed 46652K, reserved 1091584K
  class space    used 4916K, capacity 5189K, committed 5268K, reserved 1048576K
2017-04-16T11:46:28.560-0700: 139312.819: [GC (Allocation Failure) Before GC:
Statistics for BinaryTreeDictionary:
------------------------------------
Total Free Space: 164296872
Max   Chunk Size: 1128311
Number of Blocks: 74245
Av.  Block  Size: 2212
Tree      Height: 110
2017-04-16T11:46:28.561-0700: 139312.820: [ParNew
Desired survivor size 102400000 bytes, new threshold 1 (max 1)
- age   1:    7104432 bytes,    7104432 total
: 1608820K->7623K(1800000K), 0.0122287 secs] 9974958K->8375368K(15801024K)After GC:
Statistics for BinaryTreeDictionary:
------------------------------------
Total Free Space: 164219835
Max   Chunk Size: 1128311
Number of Blocks: 74199
Av.  Block  Size: 2213
Tree      Height: 110
, 0.0135041 secs] [Times: user=0.30 sys=0.00, real=0.01 secs] 
Heap after GC invocations=12880 (full 18):
 par new generation   total 1800000K, used 7623K [0x00000003ef600000, 0x0000000469720000, 0x0000000469720000)
  eden space 1600000K,   0% used [0x00000003ef600000, 0x00000003ef600000, 0x0000000451080000)
  from space 200000K,   3% used [0x0000000451080000, 0x00000004517f1e98, 0x000000045d3d0000)
  to   space 200000K,   0% used [0x000000045d3d0000, 0x000000045d3d0000, 0x0000000469720000)
 concurrent mark-sweep generation total 14001024K, used 8367745K [0x0000000469720000, 0x00000007c0000000, 0x00000007c0000000)
 Metaspace       used 44937K, capacity 46232K, committed 46652K, reserved 1091584K
  class space    used 4916K, capacity 5189K, committed 5268K, reserved 1048576K
}
2017-04-16T11:46:28.574-0700: 139312.833: Total time for which application threads were stopped: 0.0145999 seconds, Stopping threads took: 0.0001534 seconds
{Heap before GC invocations=12880 (full 18):
 par new generation   total 1800000K, used 1607623K [0x00000003ef600000, 0x0000000469720000, 0x0000000469720000)
  eden space 1600000K, 100% used [0x00000003ef600000, 0x0000000451080000, 0x0000000451080000)
  from space 200000K,   3% used [0x0000000451080000, 0x00000004517f1e98, 0x000000045d3d0000)
  to   space 200000K,   0% used [0x000000045d3d0000, 0x000000045d3d0000, 0x0000000469720000)
 concurrent mark-sweep generation total 14001024K, used 8367745K [0x0000000469720000, 0x00000007c0000000, 0x00000007c0000000)
 Metaspace       used 44937K, capacity 46232K, committed 46652K, reserved 1091584K
  class space    used 4916K, capacity 5189K, committed 5268K, reserved 1048576K
2017-04-16T11:46:40.518-0700: 139324.777: [GC (Allocation Failure) Before GC:
Statistics for BinaryTreeDictionary:
------------------------------------
Total Free Space: 164219835
Max   Chunk Size: 1128311
Number of Blocks: 74199
Av.  Block  Size: 2213
Tree      Height: 110
2017-04-16T11:46:40.518-0700: 139324.778: [ParNew
Desired survivor size 102400000 bytes, new threshold 1 (max 1)
- age   1:   14196104 bytes,   14196104 total
: 1607623K->14455K(1800000K), 0.0126948 secs] 9975368K->8383369K(15801024K)After GC:
Statistics for BinaryTreeDictionary:
------------------------------------
Total Free Space: 164212207
Max   Chunk Size: 1128311
Number of Blocks: 74182
Av.  Block  Size: 2213
Tree      Height: 110
, 0.0140143 secs] [Times: user=0.31 sys=0.00, real=0.02 secs] 
Heap after GC invocations=12881 (full 18):
 par new generation   total 1800000K, used 14455K [0x00000003ef600000, 0x0000000469720000, 0x0000000469720000)
  eden space 1600000K,   0% used [0x00000003ef600000, 0x00000003ef600000, 0x0000000451080000)
  from space 200000K,   7% used [0x000000045d3d0000, 0x000000045e1edd50, 0x0000000469720000)
  to   space 200000K,   0% used [0x0000000451080000, 0x0000000451080000, 0x000000045d3d0000)
 concurrent mark-sweep generation total 14001024K, used 8368914K [0x0000000469720000, 0x00000007c0000000, 0x00000007c0000000)
 Metaspace       used 44937K, capacity 46232K, committed 46652K, reserved 1091584K
  class space    used 4916K, capacity 5189K, committed 5268K, reserved 1048576K
}
2017-04-16T11:46:40.532-0700: 139324.791: Total time for which application threads were stopped: 0.0151140 seconds, Stopping threads took: 0.0001512 seconds
{Heap before GC invocations=12881 (full 18):
 par new generation   total 1800000K, used 1614455K [0x00000003ef600000, 0x0000000469720000, 0x0000000469720000)
  eden space 1600000K, 100% used [0x00000003ef600000, 0x0000000451080000, 0x0000000451080000)
  from space 200000K,   7% used [0x000000045d3d0000, 0x000000045e1edd50, 0x0000000469720000)
  to   space 200000K,   0% used [0x0000000451080000, 0x0000000451080000, 0x000000045d3d0000)
 concurrent mark-sweep generation total 14001024K, used 8368914K [0x0000000469720000, 0x00000007c0000000, 0x00000007c0000000)
 Metaspace       used 44937K, capacity 46232K, committed 46652K, reserved 1091584K
  class space    used 4916K, capacity 5189K, committed 5268K, reserved 1048576K
2017-04-16T11:46:53.661-0700: 139337.920: [GC (Allocation Failure) Before GC:
Statistics for BinaryTreeDictionary:
------------------------------------
Total Free Space: 164212207
Max   Chunk Size: 1128311
Number of Blocks: 74182
Av.  Block  Size: 2213
Tree      Height: 110
2017-04-16T11:46:53.661-0700: 139337.921: [ParNew
Desired survivor size 102400000 bytes, new threshold 1 (max 1)
- age   1:    6416560 bytes,    6416560 total
: 1614455K->10276K(1800000K), 0.0204801 secs] 9983369K->8388051K(15801024K)After GC:
Statistics for BinaryTreeDictionary:
------------------------------------
Total Free Space: 163994362
Max   Chunk Size: 1128311
Number of Blocks: 74170
Av.  Block  Size: 2211
Tree      Height: 110
, 0.0217593 secs] [Times: user=0.32 sys=0.00, real=0.02 secs] 
Heap after GC invocations=12882 (full 18):
 par new generation   total 1800000K, used 10276K [0x00000003ef600000, 0x0000000469720000, 0x0000000469720000)
  eden space 1600000K,   0% used [0x00000003ef600000, 0x00000003ef600000, 0x0000000451080000)
  from space 200000K,   5% used [0x0000000451080000, 0x0000000451a89388, 0x000000045d3d0000)
  to   space 200000K,   0% used [0x000000045d3d0000, 0x000000045d3d0000, 0x0000000469720000)
 concurrent mark-sweep generation total 14001024K, used 8377774K [0x0000000469720000, 0x00000007c0000000, 0x00000007c0000000)
 Metaspace       used 44937K, capacity 46232K, committed 46652K, reserved 1091584K
  class space    used 4916K, capacity 5189K, committed 5268K, reserved 1048576K
}
2017-04-16T11:46:53.683-0700: 139337.942: Total time for which application threads were stopped: 0.0228589 seconds, Stopping threads took: 0.0001504 seconds
{Heap before GC invocations=12882 (full 18):
 par new generation   total 1800000K, used 1610276K [0x00000003ef600000, 0x0000000469720000, 0x0000000469720000)
  eden space 1600000K, 100% used [0x00000003ef600000, 0x0000000451080000, 0x0000000451080000)
  from space 200000K,   5% used [0x0000000451080000, 0x0000000451a89388, 0x000000045d3d0000)
  to   space 200000K,   0% used [0x000000045d3d0000, 0x000000045d3d0000, 0x0000000469720000)
 concurrent mark-sweep generation total 14001024K, used 8377774K [0x0000000469720000, 0x00000007c0000000, 0x00000007c0000000)
 Metaspace       used 44937K, capacity 46232K, committed 46652K, reserved 1091584K
  class space    used 4916K, capacity 5189K, committed 5268K, reserved 1048576K
2017-04-16T11:47:07.677-0700: 139351.937: [GC (Allocation Failure) Before GC:
Statistics for BinaryTreeDictionary:
------------------------------------
Total Free Space: 163994362
Max   Chunk Size: 1128311
Number of Blocks: 74170
Av.  Block  Size: 2211
Tree      Height: 110
2017-04-16T11:47:07.678-0700: 139351.937: [ParNew
Desired survivor size 102400000 bytes, new threshold 1 (max 1)
- age   1:    6051256 bytes,    6051256 total
: 1610276K->6781K(1800000K), 0.0125803 secs] 9988051K->8386082K(15801024K)After GC:
Statistics for BinaryTreeDictionary:
------------------------------------
Total Free Space: 163950757
Max   Chunk Size: 1128311
Number of Blocks: 74157
Av.  Block  Size: 2210
Tree      Height: 110
, 0.0138683 secs] [Times: user=0.31 sys=0.00, real=0.01 secs] 
Heap after GC invocations=12883 (full 18):
 par new generation   total 1800000K, used 6781K [0x00000003ef600000, 0x0000000469720000, 0x0000000469720000)
  eden space 1600000K,   0% used [0x00000003ef600000, 0x00000003ef600000, 0x0000000451080000)
  from space 200000K,   3% used [0x000000045d3d0000, 0x000000045da6f690, 0x0000000469720000)
  to   space 200000K,   0% used [0x0000000451080000, 0x0000000451080000, 0x000000045d3d0000)
 concurrent mark-sweep generation total 14001024K, used 8379300K [0x0000000469720000, 0x00000007c0000000, 0x00000007c0000000)
 Metaspace       used 44937K, capacity 46232K, committed 46652K, reserved 1091584K
  class space    used 4916K, capacity 5189K, committed 5268K, reserved 1048576K
}
2017-04-16T11:47:07.691-0700: 139351.951: Total time for which application threads were stopped: 0.0149787 seconds, Stopping threads took: 0.0001532 seconds
2017-04-16T11:47:08.060-0700: 139352.319: Total time for which application threads were stopped: 0.0021824 seconds, Stopping threads took: 0.0001497 seconds
{Heap before GC invocations=12883 (full 18):
 par new generation   total 1800000K, used 1606781K [0x00000003ef600000, 0x0000000469720000, 0x0000000469720000)
  eden space 1600000K, 100% used [0x00000003ef600000, 0x0000000451080000, 0x0000000451080000)
  from space 200000K,   3% used [0x000000045d3d0000, 0x000000045da6f690, 0x0000000469720000)
  to   space 200000K,   0% used [0x0000000451080000, 0x0000000451080000, 0x000000045d3d0000)
 concurrent mark-sweep generation total 14001024K, used 8379300K [0x0000000469720000, 0x00000007c0000000, 0x00000007c0000000)
 Metaspace       used 44937K, capacity 46232K, committed 46652K, reserved 1091584K
  class space    used 4916K, capacity 5189K, committed 5268K, reserved 1048576K
2017-04-16T11:47:21.088-0700: 139365.348: [GC (Allocation Failure) Before GC:
Statistics for BinaryTreeDictionary:
------------------------------------
Total Free Space: 163950757
Max   Chunk Size: 1128311
Number of Blocks: 74157
Av.  Block  Size: 2210
Tree      Height: 110
2017-04-16T11:47:21.089-0700: 139365.348: [ParNew
Desired survivor size 102400000 bytes, new threshold 1 (max 1)
- age   1:    6633856 bytes,    6633856 total
: 1606781K->7223K(1800000K), 0.0123500 secs] 9986082K->8387953K(15801024K)After GC:
Statistics for BinaryTreeDictionary:
------------------------------------
Total Free Space: 163908603
Max   Chunk Size: 1128311
Number of Blocks: 74137
Av.  Block  Size: 2210
Tree      Height: 110
, 0.0136468 secs] [Times: user=0.30 sys=0.00, real=0.01 secs] 
Heap after GC invocations=12884 (full 18):
 par new generation   total 1800000K, used 7223K [0x00000003ef600000, 0x0000000469720000, 0x0000000469720000)
  eden space 1600000K,   0% used [0x00000003ef600000, 0x00000003ef600000, 0x0000000451080000)
  from space 200000K,   3% used [0x0000000451080000, 0x000000045178dc60, 0x000000045d3d0000)
  to   space 200000K,   0% used [0x000000045d3d0000, 0x000000045d3d0000, 0x0000000469720000)
 concurrent mark-sweep generation total 14001024K, used 8380730K [0x0000000469720000, 0x00000007c0000000, 0x00000007c0000000)
 Metaspace       used 44937K, capacity 46232K, committed 46652K, reserved 1091584K
  class space    used 4916K, capacity 5189K, committed 5268K, reserved 1048576K
}
2017-04-16T11:47:21.102-0700: 139365.362: Total time for which application threads were stopped: 0.0147263 seconds, Stopping threads took: 0.0001516 seconds
{Heap before GC invocations=12884 (full 18):
 par new generation   total 1800000K, used 1607223K [0x00000003ef600000, 0x0000000469720000, 0x0000000469720000)
  eden space 1600000K, 100% used [0x00000003ef600000, 0x0000000451080000, 0x0000000451080000)
  from space 200000K,   3% used [0x0000000451080000, 0x000000045178dc60, 0x000000045d3d0000)
  to   space 200000K,   0% used [0x000000045d3d0000, 0x000000045d3d0000, 0x0000000469720000)
 concurrent mark-sweep generation total 14001024K, used 8380730K [0x0000000469720000, 0x00000007c0000000, 0x00000007c0000000)
 Metaspace       used 44937K, capacity 46232K, committed 46652K, reserved 1091584K
  class space    used 4916K, capacity 5189K, committed 5268K, reserved 1048576K
2017-04-16T11:47:34.402-0700: 139378.662: [GC (Allocation Failure) Before GC:
Statistics for BinaryTreeDictionary:
------------------------------------
Total Free Space: 163908603
Max   Chunk Size: 1128311
Number of Blocks: 74137
Av.  Block  Size: 2210
Tree      Height: 110
2017-04-16T11:47:34.403-0700: 139378.662: [ParNew
Desired survivor size 102400000 bytes, new threshold 1 (max 1)
- age   1:    6683768 bytes,    6683768 total
: 1607223K->7150K(1800000K), 0.0121829 secs] 9987953K->8388971K(15801024K)After GC:
Statistics for BinaryTreeDictionary:
------------------------------------
Total Free Space: 163900875
Max   Chunk Size: 1128311
Number of Blocks: 74119
Av.  Block  Size: 2211
Tree      Height: 110
, 0.0134677 secs] [Times: user=0.30 sys=0.00, real=0.01 secs] 
Heap after GC invocations=12885 (full 18):
 par new generation   total 1800000K, used 7150K [0x00000003ef600000, 0x0000000469720000, 0x0000000469720000)
  eden space 1600000K,   0% used [0x00000003ef600000, 0x00000003ef600000, 0x0000000451080000)
  from space 200000K,   3% used [0x000000045d3d0000, 0x000000045dacbbc8, 0x0000000469720000)
  to   space 200000K,   0% used [0x0000000451080000, 0x0000000451080000, 0x000000045d3d0000)
 concurrent mark-sweep generation total 14001024K, used 8381820K [0x0000000469720000, 0x00000007c0000000, 0x00000007c0000000)
 Metaspace       used 44937K, capacity 46232K, committed 46652K, reserved 1091584K
  class space    used 4916K, capacity 5189K, committed 5268K, reserved 1048576K
}
2017-04-16T11:47:34.416-0700: 139378.675: Total time for which application threads were stopped: 0.0145520 seconds, Stopping threads took: 0.0001568 seconds
2017-04-16T11:47:39.618-0700: 139383.877: Total time for which application threads were stopped: 0.0021241 seconds, Stopping threads took: 0.0001504 seconds
{Heap before GC invocations=12885 (full 18):
 par new generation   total 1800000K, used 1607150K [0x00000003ef600000, 0x0000000469720000, 0x0000000469720000)
  eden space 1600000K, 100% used [0x00000003ef600000, 0x0000000451080000, 0x0000000451080000)
  from space 200000K,   3% used [0x000000045d3d0000, 0x000000045dacbbc8, 0x0000000469720000)
  to   space 200000K,   0% used [0x0000000451080000, 0x0000000451080000, 0x000000045d3d0000)
 concurrent mark-sweep generation total 14001024K, used 8381820K [0x0000000469720000, 0x00000007c0000000, 0x00000007c0000000)
 Metaspace       used 44937K, capacity 46232K, committed 46652K, reserved 1091584K
  class space    used 4916K, capacity 5189K, committed 5268K, reserved 1048576K
2017-04-16T11:47:45.535-0700: 139389.794: [GC (Allocation Failure) Before GC:
Statistics for BinaryTreeDictionary:
------------------------------------
Total Free Space: 163900875
Max   Chunk Size: 1128311
Number of Blocks: 74119
Av.  Block  Size: 2211
Tree      Height: 110
2017-04-16T11:47:45.536-0700: 139389.795: [ParNew
Desired survivor size 102400000 bytes, new threshold 1 (max 1)
- age   1:    6570576 bytes,    6570576 total
: 1607150K->7067K(1800000K), 0.0119784 secs] 9988971K->8390407K(15801024K)After GC:
Statistics for BinaryTreeDictionary:
------------------------------------
Total Free Space: 163825235
Max   Chunk Size: 1128311
Number of Blocks: 74098
Av.  Block  Size: 2210
Tree      Height: 110
, 0.0132688 secs] [Times: user=0.30 sys=0.00, real=0.02 secs] 
Heap after GC invocations=12886 (full 18):
 par new generation   total 1800000K, used 7067K [0x00000003ef600000, 0x0000000469720000, 0x0000000469720000)
  eden space 1600000K,   0% used [0x00000003ef600000, 0x00000003ef600000, 0x0000000451080000)
  from space 200000K,   3% used [0x0000000451080000, 0x0000000451766cf8, 0x000000045d3d0000)
  to   space 200000K,   0% used [0x000000045d3d0000, 0x000000045d3d0000, 0x0000000469720000)
 concurrent mark-sweep generation total 14001024K, used 8383340K [0x0000000469720000, 0x00000007c0000000, 0x00000007c0000000)
 Metaspace       used 44937K, capacity 46232K, committed 46652K, reserved 1091584K
  class space    used 4916K, capacity 5189K, committed 5268K, reserved 1048576K
}
2017-04-16T11:47:45.548-0700: 139389.808: Total time for which application threads were stopped: 0.0143667 seconds, Stopping threads took: 0.0001557 seconds
{Heap before GC invocations=12886 (full 18):
 par new generation   total 1800000K, used 1607067K [0x00000003ef600000, 0x0000000469720000, 0x0000000469720000)
  eden space 1600000K, 100% used [0x00000003ef600000, 0x0000000451080000, 0x0000000451080000)
  from space 200000K,   3% used [0x0000000451080000, 0x0000000451766cf8, 0x000000045d3d0000)
  to   space 200000K,   0% used [0x000000045d3d0000, 0x000000045d3d0000, 0x0000000469720000)
 concurrent mark-sweep generation total 14001024K, used 8383340K [0x0000000469720000, 0x00000007c0000000, 0x00000007c0000000)
 Metaspace       used 44937K, capacity 46232K, committed 46652K, reserved 1091584K
  class space    used 4916K, capacity 5189K, committed 5268K, reserved 1048576K
2017-04-16T11:47:59.200-0700: 139403.459: [GC (Allocation Failure) Before GC:
Statistics for BinaryTreeDictionary:
------------------------------------
Total Free Space: 163825235
Max   Chunk Size: 1128311
Number of Blocks: 74098
Av.  Block  Size: 2210
Tree      Height: 110
2017-04-16T11:47:59.200-0700: 139403.460: [ParNew
Desired survivor size 102400000 bytes, new threshold 1 (max 1)
- age   1:    5882664 bytes,    5882664 total
: 1607067K->6240K(1800000K), 0.0121025 secs] 9990407K->8390985K(15801024K)After GC:
Statistics for BinaryTreeDictionary:
------------------------------------
Total Free Space: 163753574
Max   Chunk Size: 1128311
Number of Blocks: 74058
Av.  Block  Size: 2211
Tree      Height: 110
, 0.0133875 secs] [Times: user=0.30 sys=0.00, real=0.02 secs] 
Heap after GC invocations=12887 (full 18):
 par new generation   total 1800000K, used 6240K [0x00000003ef600000, 0x0000000469720000, 0x0000000469720000)
  eden space 1600000K,   0% used [0x00000003ef600000, 0x00000003ef600000, 0x0000000451080000)
  from space 200000K,   3% used [0x000000045d3d0000, 0x000000045d9e8270, 0x0000000469720000)
  to   space 200000K,   0% used [0x0000000451080000, 0x0000000451080000, 0x000000045d3d0000)
 concurrent mark-sweep generation total 14001024K, used 8384744K [0x0000000469720000, 0x00000007c0000000, 0x00000007c0000000)
 Metaspace       used 44937K, capacity 46232K, committed 46652K, reserved 1091584K
  class space    used 4916K, capacity 5189K, committed 5268K, reserved 1048576K
}
2017-04-16T11:47:59.213-0700: 139403.473: Total time for which application threads were stopped: 0.0144819 seconds, Stopping threads took: 0.0001506 seconds
{Heap before GC invocations=12887 (full 18):
 par new generation   total 1800000K, used 1606240K [0x00000003ef600000, 0x0000000469720000, 0x0000000469720000)
  eden space 1600000K, 100% used [0x00000003ef600000, 0x0000000451080000, 0x0000000451080000)
  from space 200000K,   3% used [0x000000045d3d0000, 0x000000045d9e8270, 0x0000000469720000)
  to   space 200000K,   0% used [0x0000000451080000, 0x0000000451080000, 0x000000045d3d0000)
 concurrent mark-sweep generation total 14001024K, used 8384744K [0x0000000469720000, 0x00000007c0000000, 0x00000007c0000000)
 Metaspace       used 44937K, capacity 46232K, committed 46652K, reserved 1091584K
  class space    used 4916K, capacity 5189K, committed 5268K, reserved 1048576K
2017-04-16T11:48:13.070-0700: 139417.329: [GC (Allocation Failure) Before GC:
Statistics for BinaryTreeDictionary:
------------------------------------
Total Free Space: 163753574
Max   Chunk Size: 1128311
Number of Blocks: 74058
Av.  Block  Size: 2211
Tree      Height: 110
2017-04-16T11:48:13.070-0700: 139417.330: [ParNew
Desired survivor size 102400000 bytes, new threshold 1 (max 1)
- age   1:    5752936 bytes,    5752936 total
: 1606240K->6172K(1800000K), 0.0122581 secs] 9990985K->8392190K(15801024K)After GC:
Statistics for BinaryTreeDictionary:
------------------------------------
Total Free Space: 163730463
Max   Chunk Size: 1128311
Number of Blocks: 74042
Av.  Block  Size: 2211
Tree      Height: 110
, 0.0135567 secs] [Times: user=0.31 sys=0.00, real=0.02 secs] 
Heap after GC invocations=12888 (full 18):
 par new generation   total 1800000K, used 6172K [0x00000003ef600000, 0x0000000469720000, 0x0000000469720000)
  eden space 1600000K,   0% used [0x00000003ef600000, 0x00000003ef600000, 0x0000000451080000)
  from space 200000K,   3% used [0x0000000451080000, 0x0000000451687058, 0x000000045d3d0000)
  to   space 200000K,   0% used [0x000000045d3d0000, 0x000000045d3d0000, 0x0000000469720000)
 concurrent mark-sweep generation total 14001024K, used 8386018K [0x0000000469720000, 0x00000007c0000000, 0x00000007c0000000)
 Metaspace       used 44937K, capacity 46232K, committed 46652K, reserved 1091584K
  class space    used 4916K, capacity 5189K, committed 5268K, reserved 1048576K
}
2017-04-16T11:48:13.083-0700: 139417.343: Total time for which application threads were stopped: 0.0146793 seconds, Stopping threads took: 0.0001710 seconds
{Heap before GC invocations=12888 (full 18):
 par new generation   total 1800000K, used 1606172K [0x00000003ef600000, 0x0000000469720000, 0x0000000469720000)
  eden space 1600000K, 100% used [0x00000003ef600000, 0x0000000451080000, 0x0000000451080000)
  from space 200000K,   3% used [0x0000000451080000, 0x0000000451687058, 0x000000045d3d0000)
  to   space 200000K,   0% used [0x000000045d3d0000, 0x000000045d3d0000, 0x0000000469720000)
 concurrent mark-sweep generation total 14001024K, used 8386018K [0x0000000469720000, 0x00000007c0000000, 0x00000007c0000000)
 Metaspace       used 44937K, capacity 46232K, committed 46652K, reserved 1091584K
  class space    used 4916K, capacity 5189K, committed 5268K, reserved 1048576K
2017-04-16T11:48:26.794-0700: 139431.053: [GC (Allocation Failure) Before GC:
Statistics for BinaryTreeDictionary:
------------------------------------
Total Free Space: 163730463
Max   Chunk Size: 1128311
Number of Blocks: 74042
Av.  Block  Size: 2211
Tree      Height: 110
2017-04-16T11:48:26.795-0700: 139431.054: [ParNew
Desired survivor size 102400000 bytes, new threshold 1 (max 1)
- age   1:    6453224 bytes,    6453224 total
: 1606172K->6843K(1800000K), 0.0119040 secs] 9992190K->8393879K(15801024K)After GC:
Statistics for BinaryTreeDictionary:
------------------------------------
Total Free Space: 163719459
Max   Chunk Size: 1128311
Number of Blocks: 74015
Av.  Block  Size: 2211
Tree      Height: 110
, 0.0131819 secs] [Times: user=0.30 sys=0.00, real=0.02 secs] 
Heap after GC invocations=12889 (full 18):
 par new generation   total 1800000K, used 6843K [0x00000003ef600000, 0x0000000469720000, 0x0000000469720000)
  eden space 1600000K,   0% used [0x00000003ef600000, 0x00000003ef600000, 0x0000000451080000)
  from space 200000K,   3% used [0x000000045d3d0000, 0x000000045da7eed0, 0x0000000469720000)
  to   space 200000K,   0% used [0x0000000451080000, 0x0000000451080000, 0x000000045d3d0000)
 concurrent mark-sweep generation total 14001024K, used 8387036K [0x0000000469720000, 0x00000007c0000000, 0x00000007c0000000)
 Metaspace       used 44937K, capacity 46232K, committed 46652K, reserved 1091584K
  class space    used 4916K, capacity 5189K, committed 5268K, reserved 1048576K
}
2017-04-16T11:48:26.807-0700: 139431.067: Total time for which application threads were stopped: 0.0142823 seconds, Stopping threads took: 0.0001605 seconds
{Heap before GC invocations=12889 (full 18):
 par new generation   total 1800000K, used 1606843K [0x00000003ef600000, 0x0000000469720000, 0x0000000469720000)
  eden space 1600000K, 100% used [0x00000003ef600000, 0x0000000451080000, 0x0000000451080000)
  from space 200000K,   3% used [0x000000045d3d0000, 0x000000045da7eed0, 0x0000000469720000)
  to   space 200000K,   0% used [0x0000000451080000, 0x0000000451080000, 0x000000045d3d0000)
 concurrent mark-sweep generation total 14001024K, used 8387036K [0x0000000469720000, 0x00000007c0000000, 0x00000007c0000000)
 Metaspace       used 44937K, capacity 46232K, committed 46652K, reserved 1091584K
  class space    used 4916K, capacity 5189K, committed 5268K, reserved 1048576K
2017-04-16T11:48:40.356-0700: 139444.615: [GC (Allocation Failure) Before GC:
Statistics for BinaryTreeDictionary:
------------------------------------
Total Free Space: 163719459
Max   Chunk Size: 1128311
Number of Blocks: 74015
Av.  Block  Size: 2211
Tree      Height: 110
2017-04-16T11:48:40.356-0700: 139444.616: [ParNew
Desired survivor size 102400000 bytes, new threshold 1 (max 1)
- age   1:    6133432 bytes,    6133432 total
: 1606843K->6718K(1800000K), 0.0121212 secs] 9993879K->8395189K(15801024K)After GC:
Statistics for BinaryTreeDictionary:
------------------------------------
Total Free Space: 163678317
Max   Chunk Size: 1128311
Number of Blocks: 73993
Av.  Block  Size: 2212
Tree      Height: 110
, 0.0133700 secs] [Times: user=0.28 sys=0.01, real=0.02 secs] 
Heap after GC invocations=12890 (full 18):
 par new generation   total 1800000K, used 6718K [0x00000003ef600000, 0x0000000469720000, 0x0000000469720000)
  eden space 1600000K,   0% used [0x00000003ef600000, 0x00000003ef600000, 0x0000000451080000)
  from space 200000K,   3% used [0x0000000451080000, 0x000000045170f9c8, 0x000000045d3d0000)
  to   space 200000K,   0% used [0x000000045d3d0000, 0x000000045d3d0000, 0x0000000469720000)
 concurrent mark-sweep generation total 14001024K, used 8388470K [0x0000000469720000, 0x00000007c0000000, 0x00000007c0000000)
 Metaspace       used 44937K, capacity 46232K, committed 46652K, reserved 1091584K
  class space    used 4916K, capacity 5189K, committed 5268K, reserved 1048576K
}
2017-04-16T11:48:40.369-0700: 139444.628: Total time for which application threads were stopped: 0.0144548 seconds, Stopping threads took: 0.0001558 seconds
{Heap before GC invocations=12890 (full 18):
 par new generation   total 1800000K, used 1606718K [0x00000003ef600000, 0x0000000469720000, 0x0000000469720000)
  eden space 1600000K, 100% used [0x00000003ef600000, 0x0000000451080000, 0x0000000451080000)
  from space 200000K,   3% used [0x0000000451080000, 0x000000045170f9c8, 0x000000045d3d0000)
  to   space 200000K,   0% used [0x000000045d3d0000, 0x000000045d3d0000, 0x0000000469720000)
 concurrent mark-sweep generation total 14001024K, used 8388470K [0x0000000469720000, 0x00000007c0000000, 0x00000007c0000000)
 Metaspace       used 44937K, capacity 46232K, committed 46652K, reserved 1091584K
  class space    used 4916K, capacity 5189K, committed 5268K, reserved 1048576K
2017-04-16T11:48:54.585-0700: 139458.844: [GC (Allocation Failure) Before GC:
Statistics for BinaryTreeDictionary:
------------------------------------
Total Free Space: 163678317
Max   Chunk Size: 1128311
Number of Blocks: 73993
Av.  Block  Size: 2212
Tree      Height: 110
2017-04-16T11:48:54.586-0700: 139458.845: [ParNew
Desired survivor size 102400000 bytes, new threshold 1 (max 1)
- age   1:    6401536 bytes,    6401536 total
: 1606718K->6828K(1800000K), 0.0120580 secs] 9995189K->8396422K(15801024K)After GC:
Statistics for BinaryTreeDictionary:
------------------------------------
Total Free Space: 163669813
Max   Chunk Size: 1128311
Number of Blocks: 73976
Av.  Block  Size: 2212
Tree      Height: 110
, 0.0133425 secs] [Times: user=0.30 sys=0.00, real=0.01 secs] 
Heap after GC invocations=12891 (full 18):
 par new generation   total 1800000K, used 6828K [0x00000003ef600000, 0x0000000469720000, 0x0000000469720000)
  eden space 1600000K,   0% used [0x00000003ef600000, 0x00000003ef600000, 0x0000000451080000)
  from space 200000K,   3% used [0x000000045d3d0000, 0x000000045da7b138, 0x0000000469720000)
  to   space 200000K,   0% used [0x0000000451080000, 0x0000000451080000, 0x000000045d3d0000)
 concurrent mark-sweep generation total 14001024K, used 8389593K [0x0000000469720000, 0x00000007c0000000, 0x00000007c0000000)
 Metaspace       used 44937K, capacity 46232K, committed 46652K, reserved 1091584K
  class space    used 4916K, capacity 5189K, committed 5268K, reserved 1048576K
}
2017-04-16T11:48:54.599-0700: 139458.858: Total time for which application threads were stopped: 0.0144190 seconds, Stopping threads took: 0.0001600 seconds
{Heap before GC invocations=12891 (full 18):
 par new generation   total 1800000K, used 1606828K [0x00000003ef600000, 0x0000000469720000, 0x0000000469720000)
  eden space 1600000K, 100% used [0x00000003ef600000, 0x0000000451080000, 0x0000000451080000)
  from space 200000K,   3% used [0x000000045d3d0000, 0x000000045da7b138, 0x0000000469720000)
  to   space 200000K,   0% used [0x0000000451080000, 0x0000000451080000, 0x000000045d3d0000)
 concurrent mark-sweep generation total 14001024K, used 8389593K [0x0000000469720000, 0x00000007c0000000, 0x00000007c0000000)
 Metaspace       used 44937K, capacity 46232K, committed 46652K, reserved 1091584K
  class space    used 4916K, capacity 5189K, committed 5268K, reserved 1048576K
2017-04-16T11:49:08.226-0700: 139472.486: [GC (Allocation Failure) Before GC:
Statistics for BinaryTreeDictionary:
------------------------------------
Total Free Space: 163669813
Max   Chunk Size: 1128311
Number of Blocks: 73976
Av.  Block  Size: 2212
Tree      Height: 110
2017-04-16T11:49:08.227-0700: 139472.486: [ParNew
Desired survivor size 102400000 bytes, new threshold 1 (max 1)
- age   1:    6095216 bytes,    6095216 total
: 1606828K->6639K(1800000K), 0.0125314 secs] 9996422K->8397785K(15801024K)After GC:
Statistics for BinaryTreeDictionary:
------------------------------------
Total Free Space: 163607972
Max   Chunk Size: 1128311
Number of Blocks: 73947
Av.  Block  Size: 2212
Tree      Height: 110
, 0.0138017 secs] [Times: user=0.31 sys=0.00, real=0.01 secs] 
Heap after GC invocations=12892 (full 18):
 par new generation   total 1800000K, used 6639K [0x00000003ef600000, 0x0000000469720000, 0x0000000469720000)
  eden space 1600000K,   0% used [0x00000003ef600000, 0x00000003ef600000, 0x0000000451080000)
  from space 200000K,   3% used [0x0000000451080000, 0x00000004516fbdf0, 0x000000045d3d0000)
  to   space 200000K,   0% used [0x000000045d3d0000, 0x000000045d3d0000, 0x0000000469720000)
 concurrent mark-sweep generation total 14001024K, used 8391145K [0x0000000469720000, 0x00000007c0000000, 0x00000007c0000000)
 Metaspace       used 44937K, capacity 46232K, committed 46652K, reserved 1091584K
  class space    used 4916K, capacity 5189K, committed 5268K, reserved 1048576K
}
2017-04-16T11:49:08.240-0700: 139472.500: Total time for which application threads were stopped: 0.0149079 seconds, Stopping threads took: 0.0001574 seconds
2017-04-16T11:49:09.611-0700: 139473.871: Total time for which application threads were stopped: 0.0021387 seconds, Stopping threads took: 0.0001448 seconds
2017-04-16T11:49:09.621-0700: 139473.880: Total time for which application threads were stopped: 0.0011909 seconds, Stopping threads took: 0.0000540 seconds
2017-04-16T11:49:11.516-0700: 139475.775: Total time for which application threads were stopped: 0.0008909 seconds, Stopping threads took: 0.0001452 seconds
{Heap before GC invocations=12892 (full 18):
 par new generation   total 1800000K, used 1606639K [0x00000003ef600000, 0x0000000469720000, 0x0000000469720000)
  eden space 1600000K, 100% used [0x00000003ef600000, 0x0000000451080000, 0x0000000451080000)
  from space 200000K,   3% used [0x0000000451080000, 0x00000004516fbdf0, 0x000000045d3d0000)
  to   space 200000K,   0% used [0x000000045d3d0000, 0x000000045d3d0000, 0x0000000469720000)
 concurrent mark-sweep generation total 14001024K, used 8391145K [0x0000000469720000, 0x00000007c0000000, 0x00000007c0000000)
 Metaspace       used 44937K, capacity 46232K, committed 46652K, reserved 1091584K
  class space    used 4916K, capacity 5189K, committed 5268K, reserved 1048576K
2017-04-16T11:49:19.464-0700: 139483.723: [GC (Allocation Failure) Before GC:
Statistics for BinaryTreeDictionary:
------------------------------------
Total Free Space: 163607972
Max   Chunk Size: 1128311
Number of Blocks: 73947
Av.  Block  Size: 2212
Tree      Height: 110
2017-04-16T11:49:19.464-0700: 139483.724: [ParNew
Desired survivor size 102400000 bytes, new threshold 1 (max 1)
- age   1:    6184056 bytes,    6184056 total
: 1606639K->6716K(1800000K), 0.0119401 secs] 9997785K->8399118K(15801024K)After GC:
Statistics for BinaryTreeDictionary:
------------------------------------
Total Free Space: 163580693
Max   Chunk Size: 1128311
Number of Blocks: 73918
Av.  Block  Size: 2213
Tree      Height: 110
, 0.0132047 secs] [Times: user=0.29 sys=0.00, real=0.01 secs] 
Heap after GC invocations=12893 (full 18):
 par new generation   total 1800000K, used 6716K [0x00000003ef600000, 0x0000000469720000, 0x0000000469720000)
  eden space 1600000K,   0% used [0x00000003ef600000, 0x00000003ef600000, 0x0000000451080000)
  from space 200000K,   3% used [0x000000045d3d0000, 0x000000045da5f110, 0x0000000469720000)
  to   space 200000K,   0% used [0x0000000451080000, 0x0000000451080000, 0x000000045d3d0000)
 concurrent mark-sweep generation total 14001024K, used 8392402K [0x0000000469720000, 0x00000007c0000000, 0x00000007c0000000)
 Metaspace       used 44937K, capacity 46232K, committed 46652K, reserved 1091584K
  class space    used 4916K, capacity 5189K, committed 5268K, reserved 1048576K
}
2017-04-16T11:49:19.477-0700: 139483.736: Total time for which application threads were stopped: 0.0143018 seconds, Stopping threads took: 0.0001538 seconds
{Heap before GC invocations=12893 (full 18):
 par new generation   total 1800000K, used 1606716K [0x00000003ef600000, 0x0000000469720000, 0x0000000469720000)
  eden space 1600000K, 100% used [0x00000003ef600000, 0x0000000451080000, 0x0000000451080000)
  from space 200000K,   3% used [0x000000045d3d0000, 0x000000045da5f110, 0x0000000469720000)
  to   space 200000K,   0% used [0x0000000451080000, 0x0000000451080000, 0x000000045d3d0000)
 concurrent mark-sweep generation total 14001024K, used 8392402K [0x0000000469720000, 0x00000007c0000000, 0x00000007c0000000)
 Metaspace       used 44937K, capacity 46232K, committed 46652K, reserved 1091584K
  class space    used 4916K, capacity 5189K, committed 5268K, reserved 1048576K
2017-04-16T11:49:32.995-0700: 139497.255: [GC (Allocation Failure) Before GC:
Statistics for BinaryTreeDictionary:
------------------------------------
Total Free Space: 163580693
Max   Chunk Size: 1128311
Number of Blocks: 73918
Av.  Block  Size: 2213
Tree      Height: 110
2017-04-16T11:49:32.996-0700: 139497.255: [ParNew
Desired survivor size 102400000 bytes, new threshold 1 (max 1)
- age   1:    7259160 bytes,    7259160 total
: 1606716K->7653K(1800000K), 0.0118935 secs] 9999118K->8401569K(15801024K)After GC:
Statistics for BinaryTreeDictionary:
------------------------------------
Total Free Space: 163503420
Max   Chunk Size: 1128311
Number of Blocks: 73861
Av.  Block  Size: 2213
Tree      Height: 110
, 0.0131983 secs] [Times: user=0.30 sys=0.00, real=0.01 secs] 
Heap after GC invocations=12894 (full 18):
 par new generation   total 1800000K, used 7653K [0x00000003ef600000, 0x0000000469720000, 0x0000000469720000)
  eden space 1600000K,   0% used [0x00000003ef600000, 0x00000003ef600000, 0x0000000451080000)
  from space 200000K,   3% used [0x0000000451080000, 0x00000004517f96c8, 0x000000045d3d0000)
  to   space 200000K,   0% used [0x000000045d3d0000, 0x000000045d3d0000, 0x0000000469720000)
 concurrent mark-sweep generation total 14001024K, used 8393915K [0x0000000469720000, 0x00000007c0000000, 0x00000007c0000000)
 Metaspace       used 44937K, capacity 46232K, committed 46652K, reserved 1091584K
  class space    used 4916K, capacity 5189K, committed 5268K, reserved 1048576K
}
2017-04-16T11:49:33.009-0700: 139497.268: Total time for which application threads were stopped: 0.0143010 seconds, Stopping threads took: 0.0001591 seconds
{Heap before GC invocations=12894 (full 18):
 par new generation   total 1800000K, used 1607653K [0x00000003ef600000, 0x0000000469720000, 0x0000000469720000)
  eden space 1600000K, 100% used [0x00000003ef600000, 0x0000000451080000, 0x0000000451080000)
  from space 200000K,   3% used [0x0000000451080000, 0x00000004517f96c8, 0x000000045d3d0000)
  to   space 200000K,   0% used [0x000000045d3d0000, 0x000000045d3d0000, 0x0000000469720000)
 concurrent mark-sweep generation total 14001024K, used 8393915K [0x0000000469720000, 0x00000007c0000000, 0x00000007c0000000)
 Metaspace       used 44937K, capacity 46232K, committed 46652K, reserved 1091584K
  class space    used 4916K, capacity 5189K, committed 5268K, reserved 1048576K
2017-04-16T11:49:46.338-0700: 139510.598: [GC (Allocation Failure) Before GC:
Statistics for BinaryTreeDictionary:
------------------------------------
Total Free Space: 163503420
Max   Chunk Size: 1128311
Number of Blocks: 73861
Av.  Block  Size: 2213
Tree      Height: 110
2017-04-16T11:49:46.339-0700: 139510.598: [ParNew
Desired survivor size 102400000 bytes, new threshold 1 (max 1)
- age   1:    5597304 bytes,    5597304 total
: 1607653K->6077K(1800000K), 0.0120327 secs] 10001569K->8401312K(15801024K)After GC:
Statistics for BinaryTreeDictionary:
------------------------------------
Total Free Space: 163463370
Max   Chunk Size: 1128311
Number of Blocks: 73842
Av.  Block  Size: 2213
Tree      Height: 110
, 0.0133021 secs] [Times: user=0.30 sys=0.00, real=0.01 secs] 
Heap after GC invocations=12895 (full 18):
 par new generation   total 1800000K, used 6077K [0x00000003ef600000, 0x0000000469720000, 0x0000000469720000)
  eden space 1600000K,   0% used [0x00000003ef600000, 0x00000003ef600000, 0x0000000451080000)
  from space 200000K,   3% used [0x000000045d3d0000, 0x000000045d9bf6e8, 0x0000000469720000)
  to   space 200000K,   0% used [0x0000000451080000, 0x0000000451080000, 0x000000045d3d0000)
 concurrent mark-sweep generation total 14001024K, used 8395234K [0x0000000469720000, 0x00000007c0000000, 0x00000007c0000000)
 Metaspace       used 44937K, capacity 46232K, committed 46652K, reserved 1091584K
  class space    used 4916K, capacity 5189K, committed 5268K, reserved 1048576K
}
2017-04-16T11:49:46.352-0700: 139510.611: Total time for which application threads were stopped: 0.0143882 seconds, Stopping threads took: 0.0001563 seconds
{Heap before GC invocations=12895 (full 18):
 par new generation   total 1800000K, used 1606077K [0x00000003ef600000, 0x0000000469720000, 0x0000000469720000)
  eden space 1600000K, 100% used [0x00000003ef600000, 0x0000000451080000, 0x0000000451080000)
  from space 200000K,   3% used [0x000000045d3d0000, 0x000000045d9bf6e8, 0x0000000469720000)
  to   space 200000K,   0% used [0x0000000451080000, 0x0000000451080000, 0x000000045d3d0000)
 concurrent mark-sweep generation total 14001024K, used 8395234K [0x0000000469720000, 0x00000007c0000000, 0x00000007c0000000)
 Metaspace       used 44937K, capacity 46232K, committed 46652K, reserved 1091584K
  class space    used 4916K, capacity 5189K, committed 5268K, reserved 1048576K
2017-04-16T11:49:59.773-0700: 139524.033: [GC (Allocation Failure) Before GC:
Statistics for BinaryTreeDictionary:
------------------------------------
Total Free Space: 163463370
Max   Chunk Size: 1128311
Number of Blocks: 73842
Av.  Block  Size: 2213
Tree      Height: 110
2017-04-16T11:49:59.774-0700: 139524.033: [ParNew
Desired survivor size 102400000 bytes, new threshold 1 (max 1)
- age   1:    6865576 bytes,    6865576 total
: 1606077K->7286K(1800000K), 0.0125032 secs] 10001312K->8403519K(15801024K)After GC:
Statistics for BinaryTreeDictionary:
------------------------------------
Total Free Space: 163453385
Max   Chunk Size: 1128311
Number of Blocks: 73817
Av.  Block  Size: 2214
Tree      Height: 110
, 0.0137903 secs] [Times: user=0.32 sys=0.00, real=0.01 secs] 
Heap after GC invocations=12896 (full 18):
 par new generation   total 1800000K, used 7286K [0x00000003ef600000, 0x0000000469720000, 0x0000000469720000)
  eden space 1600000K,   0% used [0x00000003ef600000, 0x00000003ef600000, 0x0000000451080000)
  from space 200000K,   3% used [0x0000000451080000, 0x000000045179da88, 0x000000045d3d0000)
  to   space 200000K,   0% used [0x000000045d3d0000, 0x000000045d3d0000, 0x0000000469720000)
 concurrent mark-sweep generation total 14001024K, used 8396232K [0x0000000469720000, 0x00000007c0000000, 0x00000007c0000000)
 Metaspace       used 44937K, capacity 46232K, committed 46652K, reserved 1091584K
  class space    used 4916K, capacity 5189K, committed 5268K, reserved 1048576K
}
2017-04-16T11:49:59.787-0700: 139524.047: Total time for which application threads were stopped: 0.0149034 seconds, Stopping threads took: 0.0001642 seconds
2017-04-16T11:50:08.138-0700: 139532.397: Total time for which application threads were stopped: 0.0021617 seconds, Stopping threads took: 0.0001501 seconds
{Heap before GC invocations=12896 (full 18):
 par new generation   total 1800000K, used 1607286K [0x00000003ef600000, 0x0000000469720000, 0x0000000469720000)
  eden space 1600000K, 100% used [0x00000003ef600000, 0x0000000451080000, 0x0000000451080000)
  from space 200000K,   3% used [0x0000000451080000, 0x000000045179da88, 0x000000045d3d0000)
  to   space 200000K,   0% used [0x000000045d3d0000, 0x000000045d3d0000, 0x0000000469720000)
 concurrent mark-sweep generation total 14001024K, used 8396232K [0x0000000469720000, 0x00000007c0000000, 0x00000007c0000000)
 Metaspace       used 44937K, capacity 46232K, committed 46652K, reserved 1091584K
  class space    used 4916K, capacity 5189K, committed 5268K, reserved 1048576K
2017-04-16T11:50:13.095-0700: 139537.355: [GC (Allocation Failure) Before GC:
Statistics for BinaryTreeDictionary:
------------------------------------
Total Free Space: 163453385
Max   Chunk Size: 1128311
Number of Blocks: 73817
Av.  Block  Size: 2214
Tree      Height: 110
2017-04-16T11:50:13.096-0700: 139537.355: [ParNew
Desired survivor size 102400000 bytes, new threshold 1 (max 1)
- age   1:    7021640 bytes,    7021640 total
: 1607286K->7691K(1800000K), 0.0127726 secs] 10003519K->8406021K(15801024K)After GC:
Statistics for BinaryTreeDictionary:
------------------------------------
Total Free Space: 163392646
Max   Chunk Size: 1128311
Number of Blocks: 73788
Av.  Block  Size: 2214
Tree      Height: 110
, 0.0140739 secs] [Times: user=0.31 sys=0.00, real=0.01 secs] 
Heap after GC invocations=12897 (full 18):
 par new generation   total 1800000K, used 7691K [0x00000003ef600000, 0x0000000469720000, 0x0000000469720000)
  eden space 1600000K,   0% used [0x00000003ef600000, 0x00000003ef600000, 0x0000000451080000)
  from space 200000K,   3% used [0x000000045d3d0000, 0x000000045db52d28, 0x0000000469720000)
  to   space 200000K,   0% used [0x0000000451080000, 0x0000000451080000, 0x000000045d3d0000)
 concurrent mark-sweep generation total 14001024K, used 8398330K [0x0000000469720000, 0x00000007c0000000, 0x00000007c0000000)
 Metaspace       used 44937K, capacity 46232K, committed 46652K, reserved 1091584K
  class space    used 4916K, capacity 5189K, committed 5268K, reserved 1048576K
}
2017-04-16T11:50:13.110-0700: 139537.369: Total time for which application threads were stopped: 0.0151647 seconds, Stopping threads took: 0.0001618 seconds
{Heap before GC invocations=12897 (full 18):
 par new generation   total 1800000K, used 1607691K [0x00000003ef600000, 0x0000000469720000, 0x0000000469720000)
  eden space 1600000K, 100% used [0x00000003ef600000, 0x0000000451080000, 0x0000000451080000)
  from space 200000K,   3% used [0x000000045d3d0000, 0x000000045db52d28, 0x0000000469720000)
  to   space 200000K,   0% used [0x0000000451080000, 0x0000000451080000, 0x000000045d3d0000)
 concurrent mark-sweep generation total 14001024K, used 8398330K [0x0000000469720000, 0x00000007c0000000, 0x00000007c0000000)
 Metaspace       used 44937K, capacity 46232K, committed 46652K, reserved 1091584K
  class space    used 4916K, capacity 5189K, committed 5268K, reserved 1048576K
2017-04-16T11:50:26.241-0700: 139550.500: [GC (Allocation Failure) Before GC:
Statistics for BinaryTreeDictionary:
------------------------------------
Total Free Space: 163392646
Max   Chunk Size: 1128311
Number of Blocks: 73788
Av.  Block  Size: 2214
Tree      Height: 110
2017-04-16T11:50:26.242-0700: 139550.501: [ParNew
Desired survivor size 102400000 bytes, new threshold 1 (max 1)
- age   1:    6510112 bytes,    6510112 total
: 1607691K->7019K(1800000K), 0.0124700 secs] 10006021K->8406709K(15801024K)After GC:
Statistics for BinaryTreeDictionary:
------------------------------------
Total Free Space: 163377024
Max   Chunk Size: 1128311
Number of Blocks: 73750
Av.  Block  Size: 2215
Tree      Height: 110
, 0.0137416 secs] [Times: user=0.30 sys=0.00, real=0.02 secs] 
Heap after GC invocations=12898 (full 18):
 par new generation   total 1800000K, used 7019K [0x00000003ef600000, 0x0000000469720000, 0x0000000469720000)
  eden space 1600000K,   0% used [0x00000003ef600000, 0x00000003ef600000, 0x0000000451080000)
  from space 200000K,   3% used [0x0000000451080000, 0x000000045175ad10, 0x000000045d3d0000)
  to   space 200000K,   0% used [0x000000045d3d0000, 0x000000045d3d0000, 0x0000000469720000)
 concurrent mark-sweep generation total 14001024K, used 8399690K [0x0000000469720000, 0x00000007c0000000, 0x00000007c0000000)
 Metaspace       used 44937K, capacity 46232K, committed 46652K, reserved 1091584K
  class space    used 4916K, capacity 5189K, committed 5268K, reserved 1048576K
}
2017-04-16T11:50:26.255-0700: 139550.514: Total time for which application threads were stopped: 0.0148215 seconds, Stopping threads took: 0.0001513 seconds
{Heap before GC invocations=12898 (full 18):
 par new generation   total 1800000K, used 1607019K [0x00000003ef600000, 0x0000000469720000, 0x0000000469720000)
  eden space 1600000K, 100% used [0x00000003ef600000, 0x0000000451080000, 0x0000000451080000)
  from space 200000K,   3% used [0x0000000451080000, 0x000000045175ad10, 0x000000045d3d0000)
  to   space 200000K,   0% used [0x000000045d3d0000, 0x000000045d3d0000, 0x0000000469720000)
 concurrent mark-sweep generation total 14001024K, used 8399690K [0x0000000469720000, 0x00000007c0000000, 0x00000007c0000000)
 Metaspace       used 44937K, capacity 46232K, committed 46652K, reserved 1091584K
  class space    used 4916K, capacity 5189K, committed 5268K, reserved 1048576K
2017-04-16T11:50:39.600-0700: 139563.860: [GC (Allocation Failure) Before GC:
Statistics for BinaryTreeDictionary:
------------------------------------
Total Free Space: 163377024
Max   Chunk Size: 1128311
Number of Blocks: 73750
Av.  Block  Size: 2215
Tree      Height: 110
2017-04-16T11:50:39.601-0700: 139563.860: [ParNew
Desired survivor size 102400000 bytes, new threshold 1 (max 1)
- age   1:    8589032 bytes,    8589032 total
: 1607019K->9009K(1800000K), 0.0127785 secs] 10006709K->8410070K(15801024K)After GC:
Statistics for BinaryTreeDictionary:
------------------------------------
Total Free Space: 163349679
Max   Chunk Size: 1128311
Number of Blocks: 73721
Av.  Block  Size: 2215
Tree      Height: 110
, 0.0140471 secs] [Times: user=0.32 sys=0.00, real=0.01 secs] 
Heap after GC invocations=12899 (full 18):
 par new generation   total 1800000K, used 9009K [0x00000003ef600000, 0x0000000469720000, 0x0000000469720000)
  eden space 1600000K,   0% used [0x00000003ef600000, 0x00000003ef600000, 0x0000000451080000)
  from space 200000K,   4% used [0x000000045d3d0000, 0x000000045dc9c750, 0x0000000469720000)
  to   space 200000K,   0% used [0x0000000451080000, 0x0000000451080000, 0x000000045d3d0000)
 concurrent mark-sweep generation total 14001024K, used 8401061K [0x0000000469720000, 0x00000007c0000000, 0x00000007c0000000)
 Metaspace       used 44937K, capacity 46232K, committed 46652K, reserved 1091584K
  class space    used 4916K, capacity 5189K, committed 5268K, reserved 1048576K
}
2017-04-16T11:50:39.614-0700: 139563.874: Total time for which application threads were stopped: 0.0151353 seconds, Stopping threads took: 0.0001522 seconds
2017-04-16T11:50:39.666-0700: 139563.925: Total time for which application threads were stopped: 0.0021406 seconds, Stopping threads took: 0.0001523 seconds
2017-04-16T11:50:41.540-0700: 139565.799: Total time for which application threads were stopped: 0.0009386 seconds, Stopping threads took: 0.0001720 seconds
{Heap before GC invocations=12899 (full 18):
 par new generation   total 1800000K, used 1609009K [0x00000003ef600000, 0x0000000469720000, 0x0000000469720000)
  eden space 1600000K, 100% used [0x00000003ef600000, 0x0000000451080000, 0x0000000451080000)
  from space 200000K,   4% used [0x000000045d3d0000, 0x000000045dc9c750, 0x0000000469720000)
  to   space 200000K,   0% used [0x0000000451080000, 0x0000000451080000, 0x000000045d3d0000)
 concurrent mark-sweep generation total 14001024K, used 8401061K [0x0000000469720000, 0x00000007c0000000, 0x00000007c0000000)
 Metaspace       used 44937K, capacity 46232K, committed 46652K, reserved 1091584K
  class space    used 4916K, capacity 5189K, committed 5268K, reserved 1048576K
2017-04-16T11:50:50.785-0700: 139575.044: [GC (Allocation Failure) Before GC:
Statistics for BinaryTreeDictionary:
------------------------------------
Total Free Space: 163349679
Max   Chunk Size: 1128311
Number of Blocks: 73721
Av.  Block  Size: 2215
Tree      Height: 110
2017-04-16T11:50:50.786-0700: 139575.045: [ParNew
Desired survivor size 102400000 bytes, new threshold 1 (max 1)
- age   1:    6818152 bytes,    6818152 total
: 1609009K->7452K(1800000K), 0.0131177 secs] 10010070K->8411597K(15801024K)After GC:
Statistics for BinaryTreeDictionary:
------------------------------------
Total Free Space: 163160503
Max   Chunk Size: 1128311
Number of Blocks: 73698
Av.  Block  Size: 2213
Tree      Height: 110
, 0.0143820 secs] [Times: user=0.33 sys=0.00, real=0.02 secs] 
Heap after GC invocations=12900 (full 18):
 par new generation   total 1800000K, used 7452K [0x00000003ef600000, 0x0000000469720000, 0x0000000469720000)
  eden space 1600000K,   0% used [0x00000003ef600000, 0x00000003ef600000, 0x0000000451080000)
  from space 200000K,   3% used [0x0000000451080000, 0x00000004517c7278, 0x000000045d3d0000)
  to   space 200000K,   0% used [0x000000045d3d0000, 0x000000045d3d0000, 0x0000000469720000)
 concurrent mark-sweep generation total 14001024K, used 8404144K [0x0000000469720000, 0x00000007c0000000, 0x00000007c0000000)
 Metaspace       used 44937K, capacity 46232K, committed 46652K, reserved 1091584K
  class space    used 4916K, capacity 5189K, committed 5268K, reserved 1048576K
}
2017-04-16T11:50:50.800-0700: 139575.059: Total time for which application threads were stopped: 0.0154794 seconds, Stopping threads took: 0.0001598 seconds
{Heap before GC invocations=12900 (full 18):
 par new generation   total 1800000K, used 1607452K [0x00000003ef600000, 0x0000000469720000, 0x0000000469720000)
  eden space 1600000K, 100% used [0x00000003ef600000, 0x0000000451080000, 0x0000000451080000)
  from space 200000K,   3% used [0x0000000451080000, 0x00000004517c7278, 0x000000045d3d0000)
  to   space 200000K,   0% used [0x000000045d3d0000, 0x000000045d3d0000, 0x0000000469720000)
 concurrent mark-sweep generation total 14001024K, used 8404144K [0x0000000469720000, 0x00000007c0000000, 0x00000007c0000000)
 Metaspace       used 44937K, capacity 46232K, committed 46652K, reserved 1091584K
  class space    used 4916K, capacity 5189K, committed 5268K, reserved 1048576K
2017-04-16T11:51:03.775-0700: 139588.034: [GC (Allocation Failure) Before GC:
Statistics for BinaryTreeDictionary:
------------------------------------
Total Free Space: 163160503
Max   Chunk Size: 1128311
Number of Blocks: 73698
Av.  Block  Size: 2213
Tree      Height: 110
2017-04-16T11:51:03.776-0700: 139588.035: [ParNew
Desired survivor size 102400000 bytes, new threshold 1 (max 1)
- age   1:    6674248 bytes,    6674248 total
: 1607452K->7201K(1800000K), 0.0123127 secs] 10011597K->8413281K(15801024K)After GC:
Statistics for BinaryTreeDictionary:
------------------------------------
Total Free Space: 163049408
Max   Chunk Size: 1128311
Number of Blocks: 73647
Av.  Block  Size: 2213
Tree      Height: 110
, 0.0136039 secs] [Times: user=0.30 sys=0.00, real=0.02 secs] 
Heap after GC invocations=12901 (full 18):
 par new generation   total 1800000K, used 7201K [0x00000003ef600000, 0x0000000469720000, 0x0000000469720000)
  eden space 1600000K,   0% used [0x00000003ef600000, 0x00000003ef600000, 0x0000000451080000)
  from space 200000K,   3% used [0x000000045d3d0000, 0x000000045dad85d0, 0x0000000469720000)
  to   space 200000K,   0% used [0x0000000451080000, 0x0000000451080000, 0x000000045d3d0000)
 concurrent mark-sweep generation total 14001024K, used 8406079K [0x0000000469720000, 0x00000007c0000000, 0x00000007c0000000)
 Metaspace       used 44937K, capacity 46232K, committed 46652K, reserved 1091584K
  class space    used 4916K, capacity 5189K, committed 5268K, reserved 1048576K
}
2017-04-16T11:51:03.789-0700: 139588.048: Total time for which application threads were stopped: 0.0147115 seconds, Stopping threads took: 0.0001626 seconds
{Heap before GC invocations=12901 (full 18):
 par new generation   total 1800000K, used 1607201K [0x00000003ef600000, 0x0000000469720000, 0x0000000469720000)
  eden space 1600000K, 100% used [0x00000003ef600000, 0x0000000451080000, 0x0000000451080000)
  from space 200000K,   3% used [0x000000045d3d0000, 0x000000045dad85d0, 0x0000000469720000)
  to   space 200000K,   0% used [0x0000000451080000, 0x0000000451080000, 0x000000045d3d0000)
 concurrent mark-sweep generation total 14001024K, used 8406079K [0x0000000469720000, 0x00000007c0000000, 0x00000007c0000000)
 Metaspace       used 44937K, capacity 46232K, committed 46652K, reserved 1091584K
  class space    used 4916K, capacity 5189K, committed 5268K, reserved 1048576K
2017-04-16T11:51:17.521-0700: 139601.781: [GC (Allocation Failure) Before GC:
Statistics for BinaryTreeDictionary:
------------------------------------
Total Free Space: 163049408
Max   Chunk Size: 1128311
Number of Blocks: 73647
Av.  Block  Size: 2213
Tree      Height: 110
2017-04-16T11:51:17.522-0700: 139601.781: [ParNew
Desired survivor size 102400000 bytes, new threshold 1 (max 1)
- age   1:    6098440 bytes,    6098440 total
: 1607201K->6736K(1800000K), 0.0124917 secs] 10013281K->8414226K(15801024K)After GC:
Statistics for BinaryTreeDictionary:
------------------------------------
Total Free Space: 163023585
Max   Chunk Size: 1128311
Number of Blocks: 73622
Av.  Block  Size: 2214
Tree      Height: 110
, 0.0137660 secs] [Times: user=0.31 sys=0.00, real=0.01 secs] 
Heap after GC invocations=12902 (full 18):
 par new generation   total 1800000K, used 6736K [0x00000003ef600000, 0x0000000469720000, 0x0000000469720000)
  eden space 1600000K,   0% used [0x00000003ef600000, 0x00000003ef600000, 0x0000000451080000)
  from space 200000K,   3% used [0x0000000451080000, 0x00000004517143f8, 0x000000045d3d0000)
  to   space 200000K,   0% used [0x000000045d3d0000, 0x000000045d3d0000, 0x0000000469720000)
 concurrent mark-sweep generation total 14001024K, used 8407489K [0x0000000469720000, 0x00000007c0000000, 0x00000007c0000000)
 Metaspace       used 44937K, capacity 46232K, committed 46652K, reserved 1091584K
  class space    used 4916K, capacity 5189K, committed 5268K, reserved 1048576K
}
2017-04-16T11:51:17.535-0700: 139601.795: Total time for which application threads were stopped: 0.0148484 seconds, Stopping threads took: 0.0001518 seconds
{Heap before GC invocations=12902 (full 18):
 par new generation   total 1800000K, used 1606736K [0x00000003ef600000, 0x0000000469720000, 0x0000000469720000)
  eden space 1600000K, 100% used [0x00000003ef600000, 0x0000000451080000, 0x0000000451080000)
  from space 200000K,   3% used [0x0000000451080000, 0x00000004517143f8, 0x000000045d3d0000)
  to   space 200000K,   0% used [0x000000045d3d0000, 0x000000045d3d0000, 0x0000000469720000)
 concurrent mark-sweep generation total 14001024K, used 8407489K [0x0000000469720000, 0x00000007c0000000, 0x00000007c0000000)
 Metaspace       used 44937K, capacity 46232K, committed 46652K, reserved 1091584K
  class space    used 4916K, capacity 5189K, committed 5268K, reserved 1048576K
2017-04-16T11:51:30.740-0700: 139614.999: [GC (Allocation Failure) Before GC:
Statistics for BinaryTreeDictionary:
------------------------------------
Total Free Space: 163023585
Max   Chunk Size: 1128311
Number of Blocks: 73622
Av.  Block  Size: 2214
Tree      Height: 110
2017-04-16T11:51:30.740-0700: 139615.000: [ParNew
Desired survivor size 102400000 bytes, new threshold 1 (max 1)
- age   1:   11109512 bytes,   11109512 total
: 1606736K->11545K(1800000K), 0.0123200 secs] 10014226K->8420215K(15801024K)After GC:
Statistics for BinaryTreeDictionary:
------------------------------------
Total Free Space: 163002648
Max   Chunk Size: 1128311
Number of Blocks: 73570
Av.  Block  Size: 2215
Tree      Height: 110
, 0.0136234 secs] [Times: user=0.30 sys=0.00, real=0.02 secs] 
Heap after GC invocations=12903 (full 18):
 par new generation   total 1800000K, used 11545K [0x00000003ef600000, 0x0000000469720000, 0x0000000469720000)
  eden space 1600000K,   0% used [0x00000003ef600000, 0x00000003ef600000, 0x0000000451080000)
  from space 200000K,   5% used [0x000000045d3d0000, 0x000000045df16458, 0x0000000469720000)
  to   space 200000K,   0% used [0x0000000451080000, 0x0000000451080000, 0x000000045d3d0000)
 concurrent mark-sweep generation total 14001024K, used 8408670K [0x0000000469720000, 0x00000007c0000000, 0x00000007c0000000)
 Metaspace       used 44937K, capacity 46232K, committed 46652K, reserved 1091584K
  class space    used 4916K, capacity 5189K, committed 5268K, reserved 1048576K
}
2017-04-16T11:51:30.754-0700: 139615.013: Total time for which application threads were stopped: 0.0147159 seconds, Stopping threads took: 0.0001481 seconds
{Heap before GC invocations=12903 (full 18):
 par new generation   total 1800000K, used 1611545K [0x00000003ef600000, 0x0000000469720000, 0x0000000469720000)
  eden space 1600000K, 100% used [0x00000003ef600000, 0x0000000451080000, 0x0000000451080000)
  from space 200000K,   5% used [0x000000045d3d0000, 0x000000045df16458, 0x0000000469720000)
  to   space 200000K,   0% used [0x0000000451080000, 0x0000000451080000, 0x000000045d3d0000)
 concurrent mark-sweep generation total 14001024K, used 8408670K [0x0000000469720000, 0x00000007c0000000, 0x00000007c0000000)
 Metaspace       used 44937K, capacity 46232K, committed 46652K, reserved 1091584K
  class space    used 4916K, capacity 5189K, committed 5268K, reserved 1048576K
2017-04-16T11:51:44.289-0700: 139628.548: [GC (Allocation Failure) Before GC:
Statistics for BinaryTreeDictionary:
------------------------------------
Total Free Space: 163002648
Max   Chunk Size: 1128311
Number of Blocks: 73570
Av.  Block  Size: 2215
Tree      Height: 110
2017-04-16T11:51:44.290-0700: 139628.549: [ParNew
Desired survivor size 102400000 bytes, new threshold 1 (max 1)
- age   1:    8219240 bytes,    8219240 total
: 1611545K->10059K(1800000K), 0.0168196 secs] 10020215K->8424942K(15801024K)After GC:
Statistics for BinaryTreeDictionary:
------------------------------------
Total Free Space: 162814409
Max   Chunk Size: 1128311
Number of Blocks: 73549
Av.  Block  Size: 2213
Tree      Height: 110
, 0.0181167 secs] [Times: user=0.30 sys=0.00, real=0.02 secs] 
Heap after GC invocations=12904 (full 18):
 par new generation   total 1800000K, used 10059K [0x00000003ef600000, 0x0000000469720000, 0x0000000469720000)
  eden space 1600000K,   0% used [0x00000003ef600000, 0x00000003ef600000, 0x0000000451080000)
  from space 200000K,   5% used [0x0000000451080000, 0x0000000451a52c70, 0x000000045d3d0000)
  to   space 200000K,   0% used [0x000000045d3d0000, 0x000000045d3d0000, 0x0000000469720000)
 concurrent mark-sweep generation total 14001024K, used 8414883K [0x0000000469720000, 0x00000007c0000000, 0x00000007c0000000)
 Metaspace       used 44937K, capacity 46232K, committed 46652K, reserved 1091584K
  class space    used 4916K, capacity 5189K, committed 5268K, reserved 1048576K
}
2017-04-16T11:51:44.307-0700: 139628.567: Total time for which application threads were stopped: 0.0191966 seconds, Stopping threads took: 0.0001453 seconds
{Heap before GC invocations=12904 (full 18):
 par new generation   total 1800000K, used 1610059K [0x00000003ef600000, 0x0000000469720000, 0x0000000469720000)
  eden space 1600000K, 100% used [0x00000003ef600000, 0x0000000451080000, 0x0000000451080000)
  from space 200000K,   5% used [0x0000000451080000, 0x0000000451a52c70, 0x000000045d3d0000)
  to   space 200000K,   0% used [0x000000045d3d0000, 0x000000045d3d0000, 0x0000000469720000)
 concurrent mark-sweep generation total 14001024K, used 8414883K [0x0000000469720000, 0x00000007c0000000, 0x00000007c0000000)
 Metaspace       used 44937K, capacity 46232K, committed 46652K, reserved 1091584K
  class space    used 4916K, capacity 5189K, committed 5268K, reserved 1048576K
2017-04-16T11:51:57.228-0700: 139641.487: [GC (Allocation Failure) Before GC:
Statistics for BinaryTreeDictionary:
------------------------------------
Total Free Space: 162814409
Max   Chunk Size: 1128311
Number of Blocks: 73549
Av.  Block  Size: 2213
Tree      Height: 110
2017-04-16T11:51:57.228-0700: 139641.488: [ParNew
Desired survivor size 102400000 bytes, new threshold 1 (max 1)
- age   1:    6246520 bytes,    6246520 total
: 1610059K->8677K(1800000K), 0.0126312 secs] 10024942K->8427244K(15801024K)After GC:
Statistics for BinaryTreeDictionary:
------------------------------------
Total Free Space: 162770866
Max   Chunk Size: 1128311
Number of Blocks: 73525
Av.  Block  Size: 2213
Tree      Height: 110
, 0.0139145 secs] [Times: user=0.31 sys=0.00, real=0.01 secs] 
Heap after GC invocations=12905 (full 18):
 par new generation   total 1800000K, used 8677K [0x00000003ef600000, 0x0000000469720000, 0x0000000469720000)
  eden space 1600000K,   0% used [0x00000003ef600000, 0x00000003ef600000, 0x0000000451080000)
  from space 200000K,   4% used [0x000000045d3d0000, 0x000000045dc496c8, 0x0000000469720000)
  to   space 200000K,   0% used [0x0000000451080000, 0x0000000451080000, 0x000000045d3d0000)
 concurrent mark-sweep generation total 14001024K, used 8418566K [0x0000000469720000, 0x00000007c0000000, 0x00000007c0000000)
 Metaspace       used 44937K, capacity 46232K, committed 46652K, reserved 1091584K
  class space    used 4916K, capacity 5189K, committed 5268K, reserved 1048576K
}
2017-04-16T11:51:57.242-0700: 139641.501: Total time for which application threads were stopped: 0.0149993 seconds, Stopping threads took: 0.0001576 seconds
2017-04-16T11:52:09.697-0700: 139653.957: Total time for which application threads were stopped: 0.0021272 seconds, Stopping threads took: 0.0001549 seconds
{Heap before GC invocations=12905 (full 18):
 par new generation   total 1800000K, used 1608677K [0x00000003ef600000, 0x0000000469720000, 0x0000000469720000)
  eden space 1600000K, 100% used [0x00000003ef600000, 0x0000000451080000, 0x0000000451080000)
  from space 200000K,   4% used [0x000000045d3d0000, 0x000000045dc496c8, 0x0000000469720000)
  to   space 200000K,   0% used [0x0000000451080000, 0x0000000451080000, 0x000000045d3d0000)
 concurrent mark-sweep generation total 14001024K, used 8418566K [0x0000000469720000, 0x00000007c0000000, 0x00000007c0000000)
 Metaspace       used 44937K, capacity 46232K, committed 46652K, reserved 1091584K
  class space    used 4916K, capacity 5189K, committed 5268K, reserved 1048576K
2017-04-16T11:52:10.031-0700: 139654.290: [GC (Allocation Failure) Before GC:
Statistics for BinaryTreeDictionary:
------------------------------------
Total Free Space: 162770866
Max   Chunk Size: 1128311
Number of Blocks: 73525
Av.  Block  Size: 2213
Tree      Height: 110
2017-04-16T11:52:10.032-0700: 139654.291: [ParNew
Desired survivor size 102400000 bytes, new threshold 1 (max 1)
- age   1:    6694224 bytes,    6694224 total
: 1608677K->7427K(1800000K), 0.0124324 secs] 10027244K->8427363K(15801024K)After GC:
Statistics for BinaryTreeDictionary:
------------------------------------
Total Free Space: 162727024
Max   Chunk Size: 1128311
Number of Blocks: 73501
Av.  Block  Size: 2213
Tree      Height: 110
, 0.0138822 secs] [Times: user=0.33 sys=0.00, real=0.01 secs] 
Heap after GC invocations=12906 (full 18):
 par new generation   total 1800000K, used 7427K [0x00000003ef600000, 0x0000000469720000, 0x0000000469720000)
  eden space 1600000K,   0% used [0x00000003ef600000, 0x00000003ef600000, 0x0000000451080000)
  from space 200000K,   3% used [0x0000000451080000, 0x00000004517c0e80, 0x000000045d3d0000)
  to   space 200000K,   0% used [0x000000045d3d0000, 0x000000045d3d0000, 0x0000000469720000)
 concurrent mark-sweep generation total 14001024K, used 8419936K [0x0000000469720000, 0x00000007c0000000, 0x00000007c0000000)
 Metaspace       used 44937K, capacity 46232K, committed 46652K, reserved 1091584K
  class space    used 4916K, capacity 5189K, committed 5268K, reserved 1048576K
}
2017-04-16T11:52:10.045-0700: 139654.304: Total time for which application threads were stopped: 0.0151885 seconds, Stopping threads took: 0.0001586 seconds
{Heap before GC invocations=12906 (full 18):
 par new generation   total 1800000K, used 1607427K [0x00000003ef600000, 0x0000000469720000, 0x0000000469720000)
  eden space 1600000K, 100% used [0x00000003ef600000, 0x0000000451080000, 0x0000000451080000)
  from space 200000K,   3% used [0x0000000451080000, 0x00000004517c0e80, 0x000000045d3d0000)
  to   space 200000K,   0% used [0x000000045d3d0000, 0x000000045d3d0000, 0x0000000469720000)
 concurrent mark-sweep generation total 14001024K, used 8419936K [0x0000000469720000, 0x00000007c0000000, 0x00000007c0000000)
 Metaspace       used 44937K, capacity 46232K, committed 46652K, reserved 1091584K
  class space    used 4916K, capacity 5189K, committed 5268K, reserved 1048576K
2017-04-16T11:52:21.755-0700: 139666.014: [GC (Allocation Failure) Before GC:
Statistics for BinaryTreeDictionary:
------------------------------------
Total Free Space: 162727024
Max   Chunk Size: 1128311
Number of Blocks: 73501
Av.  Block  Size: 2213
Tree      Height: 110
2017-04-16T11:52:21.756-0700: 139666.015: [ParNew
Desired survivor size 102400000 bytes, new threshold 1 (max 1)
- age   1:    6579416 bytes,    6579416 total
: 1607427K->7161K(1800000K), 0.0120631 secs] 10027363K->8428908K(15801024K)After GC:
Statistics for BinaryTreeDictionary:
------------------------------------
Total Free Space: 162622822
Max   Chunk Size: 1128311
Number of Blocks: 73458
Av.  Block  Size: 2213
Tree      Height: 110
, 0.0133310 secs] [Times: user=0.30 sys=0.00, real=0.01 secs] 
Heap after GC invocations=12907 (full 18):
 par new generation   total 1800000K, used 7161K [0x00000003ef600000, 0x0000000469720000, 0x0000000469720000)
  eden space 1600000K,   0% used [0x00000003ef600000, 0x00000003ef600000, 0x0000000451080000)
  from space 200000K,   3% used [0x000000045d3d0000, 0x000000045dace5b8, 0x0000000469720000)
  to   space 200000K,   0% used [0x0000000451080000, 0x0000000451080000, 0x000000045d3d0000)
 concurrent mark-sweep generation total 14001024K, used 8421746K [0x0000000469720000, 0x00000007c0000000, 0x00000007c0000000)
 Metaspace       used 44937K, capacity 46232K, committed 46652K, reserved 1091584K
  class space    used 4916K, capacity 5189K, committed 5268K, reserved 1048576K
}
2017-04-16T11:52:21.768-0700: 139666.028: Total time for which application threads were stopped: 0.0144407 seconds, Stopping threads took: 0.0001566 seconds
{Heap before GC invocations=12907 (full 18):
 par new generation   total 1800000K, used 1603361K [0x00000003ef600000, 0x0000000469720000, 0x0000000469720000)
  eden space 1600000K,  99% used [0x00000003ef600000, 0x0000000450cca208, 0x0000000451080000)
  from space 200000K,   3% used [0x000000045d3d0000, 0x000000045dace5b8, 0x0000000469720000)
  to   space 200000K,   0% used [0x0000000451080000, 0x0000000451080000, 0x000000045d3d0000)
 concurrent mark-sweep generation total 14001024K, used 8421746K [0x0000000469720000, 0x00000007c0000000, 0x00000007c0000000)
 Metaspace       used 44937K, capacity 46232K, committed 46652K, reserved 1091584K
  class space    used 4916K, capacity 5189K, committed 5268K, reserved 1048576K
2017-04-16T11:52:35.185-0700: 139679.444: [GC (Allocation Failure) Before GC:
Statistics for BinaryTreeDictionary:
------------------------------------
Total Free Space: 162622822
Max   Chunk Size: 1128311
Number of Blocks: 73458
Av.  Block  Size: 2213
Tree      Height: 110
2017-04-16T11:52:35.186-0700: 139679.445: [ParNew
Desired survivor size 102400000 bytes, new threshold 1 (max 1)
- age   1:    8200488 bytes,    8200488 total
: 1603361K->8540K(1800000K), 0.0120456 secs] 10025108K->8431313K(15801024K)After GC:
Statistics for BinaryTreeDictionary:
------------------------------------
Total Free Space: 162607068
Max   Chunk Size: 1128311
Number of Blocks: 73425
Av.  Block  Size: 2214
Tree      Height: 110
, 0.0133405 secs] [Times: user=0.30 sys=0.00, real=0.01 secs] 
Heap after GC invocations=12908 (full 18):
 par new generation   total 1800000K, used 8540K [0x00000003ef600000, 0x0000000469720000, 0x0000000469720000)
  eden space 1600000K,   0% used [0x00000003ef600000, 0x00000003ef600000, 0x0000000451080000)
  from space 200000K,   4% used [0x0000000451080000, 0x00000004518d7118, 0x000000045d3d0000)
  to   space 200000K,   0% used [0x000000045d3d0000, 0x000000045d3d0000, 0x0000000469720000)
 concurrent mark-sweep generation total 14001024K, used 8422772K [0x0000000469720000, 0x00000007c0000000, 0x00000007c0000000)
 Metaspace       used 44937K, capacity 46232K, committed 46652K, reserved 1091584K
  class space    used 4916K, capacity 5189K, committed 5268K, reserved 1048576K
}
2017-04-16T11:52:35.199-0700: 139679.458: Total time for which application threads were stopped: 0.0144251 seconds, Stopping threads took: 0.0001499 seconds
{Heap before GC invocations=12908 (full 18):
 par new generation   total 1800000K, used 1608540K [0x00000003ef600000, 0x0000000469720000, 0x0000000469720000)
  eden space 1600000K, 100% used [0x00000003ef600000, 0x0000000451080000, 0x0000000451080000)
  from space 200000K,   4% used [0x0000000451080000, 0x00000004518d7118, 0x000000045d3d0000)
  to   space 200000K,   0% used [0x000000045d3d0000, 0x000000045d3d0000, 0x0000000469720000)
 concurrent mark-sweep generation total 14001024K, used 8422772K [0x0000000469720000, 0x00000007c0000000, 0x00000007c0000000)
 Metaspace       used 44937K, capacity 46232K, committed 46652K, reserved 1091584K
  class space    used 4916K, capacity 5189K, committed 5268K, reserved 1048576K
2017-04-16T11:52:49.265-0700: 139693.525: [GC (Allocation Failure) Before GC:
Statistics for BinaryTreeDictionary:
------------------------------------
Total Free Space: 162607068
Max   Chunk Size: 1128311
Number of Blocks: 73425
Av.  Block  Size: 2214
Tree      Height: 110
2017-04-16T11:52:49.266-0700: 139693.525: [ParNew
Desired survivor size 102400000 bytes, new threshold 1 (max 1)
- age   1:    6598624 bytes,    6598624 total
: 1608540K->7085K(1800000K), 0.0122663 secs] 10031313K->8431099K(15801024K)After GC:
Statistics for BinaryTreeDictionary:
------------------------------------
Total Free Space: 162572177
Max   Chunk Size: 1128311
Number of Blocks: 73387
Av.  Block  Size: 2215
Tree      Height: 110
, 0.0135709 secs] [Times: user=0.29 sys=0.01, real=0.01 secs] 
Heap after GC invocations=12909 (full 18):
 par new generation   total 1800000K, used 7085K [0x00000003ef600000, 0x0000000469720000, 0x0000000469720000)
  eden space 1600000K,   0% used [0x00000003ef600000, 0x00000003ef600000, 0x0000000451080000)
  from space 200000K,   3% used [0x000000045d3d0000, 0x000000045dabb720, 0x0000000469720000)
  to   space 200000K,   0% used [0x0000000451080000, 0x0000000451080000, 0x000000045d3d0000)
 concurrent mark-sweep generation total 14001024K, used 8424013K [0x0000000469720000, 0x00000007c0000000, 0x00000007c0000000)
 Metaspace       used 44937K, capacity 46232K, committed 46652K, reserved 1091584K
  class space    used 4916K, capacity 5189K, committed 5268K, reserved 1048576K
}
2017-04-16T11:52:49.279-0700: 139693.538: Total time for which application threads were stopped: 0.0146489 seconds, Stopping threads took: 0.0001499 seconds
{Heap before GC invocations=12909 (full 18):
 par new generation   total 1800000K, used 1607085K [0x00000003ef600000, 0x0000000469720000, 0x0000000469720000)
  eden space 1600000K, 100% used [0x00000003ef600000, 0x0000000451080000, 0x0000000451080000)
  from space 200000K,   3% used [0x000000045d3d0000, 0x000000045dabb720, 0x0000000469720000)
  to   space 200000K,   0% used [0x0000000451080000, 0x0000000451080000, 0x000000045d3d0000)
 concurrent mark-sweep generation total 14001024K, used 8424013K [0x0000000469720000, 0x00000007c0000000, 0x00000007c0000000)
 Metaspace       used 44937K, capacity 46232K, committed 46652K, reserved 1091584K
  class space    used 4916K, capacity 5189K, committed 5268K, reserved 1048576K
2017-04-16T11:53:02.489-0700: 139706.748: [GC (Allocation Failure) Before GC:
Statistics for BinaryTreeDictionary:
------------------------------------
Total Free Space: 162572177
Max   Chunk Size: 1128311
Number of Blocks: 73387
Av.  Block  Size: 2215
Tree      Height: 110
2017-04-16T11:53:02.489-0700: 139706.749: [ParNew
Desired survivor size 102400000 bytes, new threshold 1 (max 1)
- age   1:    6123984 bytes,    6123984 total
: 1607085K->6543K(1800000K), 0.0122015 secs] 10031099K->8432021K(15801024K)After GC:
Statistics for BinaryTreeDictionary:
------------------------------------
Total Free Space: 162512859
Max   Chunk Size: 1128311
Number of Blocks: 73364
Av.  Block  Size: 2215
Tree      Height: 110
, 0.0134574 secs] [Times: user=0.31 sys=0.00, real=0.01 secs] 
Heap after GC invocations=12910 (full 18):
 par new generation   total 1800000K, used 6543K [0x00000003ef600000, 0x0000000469720000, 0x0000000469720000)
  eden space 1600000K,   0% used [0x00000003ef600000, 0x00000003ef600000, 0x0000000451080000)
  from space 200000K,   3% used [0x0000000451080000, 0x00000004516e3c18, 0x000000045d3d0000)
  to   space 200000K,   0% used [0x000000045d3d0000, 0x000000045d3d0000, 0x0000000469720000)
 concurrent mark-sweep generation total 14001024K, used 8425478K [0x0000000469720000, 0x00000007c0000000, 0x00000007c0000000)
 Metaspace       used 44937K, capacity 46232K, committed 46652K, reserved 1091584K
  class space    used 4916K, capacity 5189K, committed 5268K, reserved 1048576K
}
2017-04-16T11:53:02.502-0700: 139706.762: Total time for which application threads were stopped: 0.0145441 seconds, Stopping threads took: 0.0001498 seconds
2017-04-16T11:53:08.224-0700: 139712.484: Total time for which application threads were stopped: 0.0021607 seconds, Stopping threads took: 0.0001520 seconds
{Heap before GC invocations=12910 (full 18):
 par new generation   total 1800000K, used 1606543K [0x00000003ef600000, 0x0000000469720000, 0x0000000469720000)
  eden space 1600000K, 100% used [0x00000003ef600000, 0x0000000451080000, 0x0000000451080000)
  from space 200000K,   3% used [0x0000000451080000, 0x00000004516e3c18, 0x000000045d3d0000)
  to   space 200000K,   0% used [0x000000045d3d0000, 0x000000045d3d0000, 0x0000000469720000)
 concurrent mark-sweep generation total 14001024K, used 8425478K [0x0000000469720000, 0x00000007c0000000, 0x00000007c0000000)
 Metaspace       used 44937K, capacity 46232K, committed 46652K, reserved 1091584K
  class space    used 4916K, capacity 5189K, committed 5268K, reserved 1048576K
2017-04-16T11:53:15.820-0700: 139720.080: [GC (Allocation Failure) Before GC:
Statistics for BinaryTreeDictionary:
------------------------------------
Total Free Space: 162512859
Max   Chunk Size: 1128311
Number of Blocks: 73364
Av.  Block  Size: 2215
Tree      Height: 110
2017-04-16T11:53:15.821-0700: 139720.080: [ParNew
Desired survivor size 102400000 bytes, new threshold 1 (max 1)
- age   1:    5639416 bytes,    5639416 total
: 1606543K->6100K(1800000K), 0.0119242 secs] 10032021K->8432799K(15801024K)After GC:
Statistics for BinaryTreeDictionary:
------------------------------------
Total Free Space: 162487488
Max   Chunk Size: 1128311
Number of Blocks: 73341
Av.  Block  Size: 2215
Tree      Height: 110
, 0.0132169 secs] [Times: user=0.30 sys=0.00, real=0.01 secs] 
Heap after GC invocations=12911 (full 18):
 par new generation   total 1800000K, used 6100K [0x00000003ef600000, 0x0000000469720000, 0x0000000469720000)
  eden space 1600000K,   0% used [0x00000003ef600000, 0x00000003ef600000, 0x0000000451080000)
  from space 200000K,   3% used [0x000000045d3d0000, 0x000000045d9c53c8, 0x0000000469720000)
  to   space 200000K,   0% used [0x0000000451080000, 0x0000000451080000, 0x000000045d3d0000)
 concurrent mark-sweep generation total 14001024K, used 8426698K [0x0000000469720000, 0x00000007c0000000, 0x00000007c0000000)
 Metaspace       used 44937K, capacity 46232K, committed 46652K, reserved 1091584K
  class space    used 4916K, capacity 5189K, committed 5268K, reserved 1048576K
}
2017-04-16T11:53:15.834-0700: 139720.093: Total time for which application threads were stopped: 0.0142747 seconds, Stopping threads took: 0.0001410 seconds
{Heap before GC invocations=12911 (full 18):
 par new generation   total 1800000K, used 1606100K [0x00000003ef600000, 0x0000000469720000, 0x0000000469720000)
  eden space 1600000K, 100% used [0x00000003ef600000, 0x0000000451080000, 0x0000000451080000)
  from space 200000K,   3% used [0x000000045d3d0000, 0x000000045d9c53c8, 0x0000000469720000)
  to   space 200000K,   0% used [0x0000000451080000, 0x0000000451080000, 0x000000045d3d0000)
 concurrent mark-sweep generation total 14001024K, used 8426698K [0x0000000469720000, 0x00000007c0000000, 0x00000007c0000000)
 Metaspace       used 44937K, capacity 46232K, committed 46652K, reserved 1091584K
  class space    used 4916K, capacity 5189K, committed 5268K, reserved 1048576K
2017-04-16T11:53:29.415-0700: 139733.674: [GC (Allocation Failure) Before GC:
Statistics for BinaryTreeDictionary:
------------------------------------
Total Free Space: 162487488
Max   Chunk Size: 1128311
Number of Blocks: 73341
Av.  Block  Size: 2215
Tree      Height: 110
2017-04-16T11:53:29.416-0700: 139733.675: [ParNew
Desired survivor size 102400000 bytes, new threshold 1 (max 1)
- age   1:    8227376 bytes,    8227376 total
: 1606100K->8683K(1800000K), 0.0123580 secs] 10032799K->8436544K(15801024K)After GC:
Statistics for BinaryTreeDictionary:
------------------------------------
Total Free Space: 162474370
Max   Chunk Size: 1128311
Number of Blocks: 73313
Av.  Block  Size: 2216
Tree      Height: 110
, 0.0136185 secs] [Times: user=0.31 sys=0.00, real=0.01 secs] 
Heap after GC invocations=12912 (full 18):
 par new generation   total 1800000K, used 8683K [0x00000003ef600000, 0x0000000469720000, 0x0000000469720000)
  eden space 1600000K,   0% used [0x00000003ef600000, 0x00000003ef600000, 0x0000000451080000)
  from space 200000K,   4% used [0x0000000451080000, 0x00000004518fad30, 0x000000045d3d0000)
  to   space 200000K,   0% used [0x000000045d3d0000, 0x000000045d3d0000, 0x0000000469720000)
 concurrent mark-sweep generation total 14001024K, used 8427860K [0x0000000469720000, 0x00000007c0000000, 0x00000007c0000000)
 Metaspace       used 44937K, capacity 46232K, committed 46652K, reserved 1091584K
  class space    used 4916K, capacity 5189K, committed 5268K, reserved 1048576K
}
2017-04-16T11:53:29.429-0700: 139733.688: Total time for which application threads were stopped: 0.0146967 seconds, Stopping threads took: 0.0001457 seconds
2017-04-16T11:53:39.619-0700: 139743.878: Total time for which application threads were stopped: 0.0021347 seconds, Stopping threads took: 0.0001444 seconds
{Heap before GC invocations=12912 (full 18):
 par new generation   total 1800000K, used 1608683K [0x00000003ef600000, 0x0000000469720000, 0x0000000469720000)
  eden space 1600000K, 100% used [0x00000003ef600000, 0x0000000451080000, 0x0000000451080000)
  from space 200000K,   4% used [0x0000000451080000, 0x00000004518fad30, 0x000000045d3d0000)
  to   space 200000K,   0% used [0x000000045d3d0000, 0x000000045d3d0000, 0x0000000469720000)
 concurrent mark-sweep generation total 14001024K, used 8427860K [0x0000000469720000, 0x00000007c0000000, 0x00000007c0000000)
 Metaspace       used 44937K, capacity 46232K, committed 46652K, reserved 1091584K
  class space    used 4916K, capacity 5189K, committed 5268K, reserved 1048576K
2017-04-16T11:53:41.064-0700: 139745.323: [GC (Allocation Failure) Before GC:
Statistics for BinaryTreeDictionary:
------------------------------------
Total Free Space: 162474370
Max   Chunk Size: 1128311
Number of Blocks: 73313
Av.  Block  Size: 2216
Tree      Height: 110
2017-04-16T11:53:41.064-0700: 139745.324: [ParNew
Desired survivor size 102400000 bytes, new threshold 1 (max 1)
- age   1:    6158672 bytes,    6158672 total
: 1608683K->6684K(1800000K), 0.0123064 secs] 10036544K->8436302K(15801024K)After GC:
Statistics for BinaryTreeDictionary:
------------------------------------
Total Free Space: 162387341
Max   Chunk Size: 1128311
Number of Blocks: 73300
Av.  Block  Size: 2215
Tree      Height: 110
, 0.0135729 secs] [Times: user=0.30 sys=0.00, real=0.01 secs] 
Heap after GC invocations=12913 (full 18):
 par new generation   total 1800000K, used 6684K [0x00000003ef600000, 0x0000000469720000, 0x0000000469720000)
  eden space 1600000K,   0% used [0x00000003ef600000, 0x00000003ef600000, 0x0000000451080000)
  from space 200000K,   3% used [0x000000045d3d0000, 0x000000045da57048, 0x0000000469720000)
  to   space 200000K,   0% used [0x0000000451080000, 0x0000000451080000, 0x000000045d3d0000)
 concurrent mark-sweep generation total 14001024K, used 8429618K [0x0000000469720000, 0x00000007c0000000, 0x00000007c0000000)
 Metaspace       used 44937K, capacity 46232K, committed 46652K, reserved 1091584K
  class space    used 4916K, capacity 5189K, committed 5268K, reserved 1048576K
}
2017-04-16T11:53:41.077-0700: 139745.337: Total time for which application threads were stopped: 0.0146586 seconds, Stopping threads took: 0.0001524 seconds
{Heap before GC invocations=12913 (full 18):
 par new generation   total 1800000K, used 1606684K [0x00000003ef600000, 0x0000000469720000, 0x0000000469720000)
  eden space 1600000K, 100% used [0x00000003ef600000, 0x0000000451080000, 0x0000000451080000)
  from space 200000K,   3% used [0x000000045d3d0000, 0x000000045da57048, 0x0000000469720000)
  to   space 200000K,   0% used [0x0000000451080000, 0x0000000451080000, 0x000000045d3d0000)
 concurrent mark-sweep generation total 14001024K, used 8429618K [0x0000000469720000, 0x00000007c0000000, 0x00000007c0000000)
 Metaspace       used 44937K, capacity 46232K, committed 46652K, reserved 1091584K
  class space    used 4916K, capacity 5189K, committed 5268K, reserved 1048576K
2017-04-16T11:53:54.258-0700: 139758.517: [GC (Allocation Failure) Before GC:
Statistics for BinaryTreeDictionary:
------------------------------------
Total Free Space: 162387341
Max   Chunk Size: 1128311
Number of Blocks: 73300
Av.  Block  Size: 2215
Tree      Height: 110
2017-04-16T11:53:54.258-0700: 139758.518: [ParNew
Desired survivor size 102400000 bytes, new threshold 1 (max 1)
- age   1:    6191832 bytes,    6191832 total
: 1606684K->6625K(1800000K), 0.0121430 secs] 10036302K->8437758K(15801024K)After GC:
Statistics for BinaryTreeDictionary:
------------------------------------
Total Free Space: 162309499
Max   Chunk Size: 1128311
Number of Blocks: 73282
Av.  Block  Size: 2214
Tree      Height: 110
, 0.0134029 secs] [Times: user=0.30 sys=0.00, real=0.01 secs] 
Heap after GC invocations=12914 (full 18):
 par new generation   total 1800000K, used 6625K [0x00000003ef600000, 0x0000000469720000, 0x0000000469720000)
  eden space 1600000K,   0% used [0x00000003ef600000, 0x00000003ef600000, 0x0000000451080000)
  from space 200000K,   3% used [0x0000000451080000, 0x00000004516f8630, 0x000000045d3d0000)
  to   space 200000K,   0% used [0x000000045d3d0000, 0x000000045d3d0000, 0x0000000469720000)
 concurrent mark-sweep generation total 14001024K, used 8431133K [0x0000000469720000, 0x00000007c0000000, 0x00000007c0000000)
 Metaspace       used 44937K, capacity 46232K, committed 46652K, reserved 1091584K
  class space    used 4916K, capacity 5189K, committed 5268K, reserved 1048576K
}
2017-04-16T11:53:54.271-0700: 139758.531: Total time for which application threads were stopped: 0.0144725 seconds, Stopping threads took: 0.0001500 seconds
{Heap before GC invocations=12914 (full 18):
 par new generation   total 1800000K, used 1606625K [0x00000003ef600000, 0x0000000469720000, 0x0000000469720000)
  eden space 1600000K, 100% used [0x00000003ef600000, 0x0000000451080000, 0x0000000451080000)
  from space 200000K,   3% used [0x0000000451080000, 0x00000004516f8630, 0x000000045d3d0000)
  to   space 200000K,   0% used [0x000000045d3d0000, 0x000000045d3d0000, 0x0000000469720000)
 concurrent mark-sweep generation total 14001024K, used 8431133K [0x0000000469720000, 0x00000007c0000000, 0x00000007c0000000)
 Metaspace       used 44937K, capacity 46232K, committed 46652K, reserved 1091584K
  class space    used 4916K, capacity 5189K, committed 5268K, reserved 1048576K
2017-04-16T11:54:07.919-0700: 139772.178: [GC (Allocation Failure) Before GC:
Statistics for BinaryTreeDictionary:
------------------------------------
Total Free Space: 162309499
Max   Chunk Size: 1128311
Number of Blocks: 73282
Av.  Block  Size: 2214
Tree      Height: 110
2017-04-16T11:54:07.919-0700: 139772.179: [ParNew
Desired survivor size 102400000 bytes, new threshold 1 (max 1)
- age   1:    6011096 bytes,    6011096 total
: 1606625K->6386K(1800000K), 0.0122593 secs] 10037758K->8438830K(15801024K)After GC:
Statistics for BinaryTreeDictionary:
------------------------------------
Total Free Space: 162296341
Max   Chunk Size: 1128311
Number of Blocks: 73256
Av.  Block  Size: 2215
Tree      Height: 110
, 0.0135548 secs] [Times: user=0.30 sys=0.00, real=0.01 secs] 
Heap after GC invocations=12915 (full 18):
 par new generation   total 1800000K, used 6386K [0x00000003ef600000, 0x0000000469720000, 0x0000000469720000)
  eden space 1600000K,   0% used [0x00000003ef600000, 0x00000003ef600000, 0x0000000451080000)
  from space 200000K,   3% used [0x000000045d3d0000, 0x000000045da0cad0, 0x0000000469720000)
  to   space 200000K,   0% used [0x0000000451080000, 0x0000000451080000, 0x000000045d3d0000)
 concurrent mark-sweep generation total 14001024K, used 8432443K [0x0000000469720000, 0x00000007c0000000, 0x00000007c0000000)
 Metaspace       used 44937K, capacity 46232K, committed 46652K, reserved 1091584K
  class space    used 4916K, capacity 5189K, committed 5268K, reserved 1048576K
}
2017-04-16T11:54:07.932-0700: 139772.192: Total time for which application threads were stopped: 0.0146633 seconds, Stopping threads took: 0.0001546 seconds
{Heap before GC invocations=12915 (full 18):
 par new generation   total 1800000K, used 1606386K [0x00000003ef600000, 0x0000000469720000, 0x0000000469720000)
  eden space 1600000K, 100% used [0x00000003ef600000, 0x0000000451080000, 0x0000000451080000)
  from space 200000K,   3% used [0x000000045d3d0000, 0x000000045da0cad0, 0x0000000469720000)
  to   space 200000K,   0% used [0x0000000451080000, 0x0000000451080000, 0x000000045d3d0000)
 concurrent mark-sweep generation total 14001024K, used 8432443K [0x0000000469720000, 0x00000007c0000000, 0x00000007c0000000)
 Metaspace       used 44937K, capacity 46232K, committed 46652K, reserved 1091584K
  class space    used 4916K, capacity 5189K, committed 5268K, reserved 1048576K
2017-04-16T11:54:21.793-0700: 139786.052: [GC (Allocation Failure) Before GC:
Statistics for BinaryTreeDictionary:
------------------------------------
Total Free Space: 162296341
Max   Chunk Size: 1128311
Number of Blocks: 73256
Av.  Block  Size: 2215
Tree      Height: 110
2017-04-16T11:54:21.793-0700: 139786.053: [ParNew
Desired survivor size 102400000 bytes, new threshold 1 (max 1)
- age   1:    6310416 bytes,    6310416 total
: 1606386K->6834K(1800000K), 0.0120246 secs] 10038830K->8440542K(15801024K)After GC:
Statistics for BinaryTreeDictionary:
------------------------------------
Total Free Space: 162275179
Max   Chunk Size: 1128311
Number of Blocks: 73245
Av.  Block  Size: 2215
Tree      Height: 110
, 0.0133094 secs] [Times: user=0.30 sys=0.00, real=0.01 secs] 
Heap after GC invocations=12916 (full 18):
 par new generation   total 1800000K, used 6834K [0x00000003ef600000, 0x0000000469720000, 0x0000000469720000)
  eden space 1600000K,   0% used [0x00000003ef600000, 0x00000003ef600000, 0x0000000451080000)
  from space 200000K,   3% used [0x0000000451080000, 0x000000045172c950, 0x000000045d3d0000)
  to   space 200000K,   0% used [0x000000045d3d0000, 0x000000045d3d0000, 0x0000000469720000)
 concurrent mark-sweep generation total 14001024K, used 8433708K [0x0000000469720000, 0x00000007c0000000, 0x00000007c0000000)
 Metaspace       used 44937K, capacity 46232K, committed 46652K, reserved 1091584K
  class space    used 4916K, capacity 5189K, committed 5268K, reserved 1048576K
}
2017-04-16T11:54:21.806-0700: 139786.065: Total time for which application threads were stopped: 0.0143958 seconds, Stopping threads took: 0.0001489 seconds
{Heap before GC invocations=12916 (full 18):
 par new generation   total 1800000K, used 1606834K [0x00000003ef600000, 0x0000000469720000, 0x0000000469720000)
  eden space 1600000K, 100% used [0x00000003ef600000, 0x0000000451080000, 0x0000000451080000)
  from space 200000K,   3% used [0x0000000451080000, 0x000000045172c950, 0x000000045d3d0000)
  to   space 200000K,   0% used [0x000000045d3d0000, 0x000000045d3d0000, 0x0000000469720000)
 concurrent mark-sweep generation total 14001024K, used 8433708K [0x0000000469720000, 0x00000007c0000000, 0x00000007c0000000)
 Metaspace       used 44937K, capacity 46232K, committed 46652K, reserved 1091584K
  class space    used 4916K, capacity 5189K, committed 5268K, reserved 1048576K
2017-04-16T11:54:35.409-0700: 139799.668: [GC (Allocation Failure) Before GC:
Statistics for BinaryTreeDictionary:
------------------------------------
Total Free Space: 162275179
Max   Chunk Size: 1128311
Number of Blocks: 73245
Av.  Block  Size: 2215
Tree      Height: 110
2017-04-16T11:54:35.409-0700: 139799.669: [ParNew
Desired survivor size 102400000 bytes, new threshold 1 (max 1)
- age   1:    6994592 bytes,    6994592 total
: 1606834K->7335K(1800000K), 0.0120036 secs] 10040542K->8442221K(15801024K)After GC:
Statistics for BinaryTreeDictionary:
------------------------------------
Total Free Space: 162263599
Max   Chunk Size: 1128311
Number of Blocks: 73221
Av.  Block  Size: 2216
Tree      Height: 110
, 0.0132707 secs] [Times: user=0.29 sys=0.01, real=0.02 secs] 
Heap after GC invocations=12917 (full 18):
 par new generation   total 1800000K, used 7335K [0x00000003ef600000, 0x0000000469720000, 0x0000000469720000)
  eden space 1600000K,   0% used [0x00000003ef600000, 0x00000003ef600000, 0x0000000451080000)
  from space 200000K,   3% used [0x000000045d3d0000, 0x000000045daf9f60, 0x0000000469720000)
  to   space 200000K,   0% used [0x0000000451080000, 0x0000000451080000, 0x000000045d3d0000)
 concurrent mark-sweep generation total 14001024K, used 8434885K [0x0000000469720000, 0x00000007c0000000, 0x00000007c0000000)
 Metaspace       used 44937K, capacity 46232K, committed 46652K, reserved 1091584K
  class space    used 4916K, capacity 5189K, committed 5268K, reserved 1048576K
}
2017-04-16T11:54:35.422-0700: 139799.681: Total time for which application threads were stopped: 0.0143531 seconds, Stopping threads took: 0.0001601 seconds
{Heap before GC invocations=12917 (full 18):
 par new generation   total 1800000K, used 1607335K [0x00000003ef600000, 0x0000000469720000, 0x0000000469720000)
  eden space 1600000K, 100% used [0x00000003ef600000, 0x0000000451080000, 0x0000000451080000)
  from space 200000K,   3% used [0x000000045d3d0000, 0x000000045daf9f60, 0x0000000469720000)
  to   space 200000K,   0% used [0x0000000451080000, 0x0000000451080000, 0x000000045d3d0000)
 concurrent mark-sweep generation total 14001024K, used 8434885K [0x0000000469720000, 0x00000007c0000000, 0x00000007c0000000)
 Metaspace       used 44937K, capacity 46232K, committed 46652K, reserved 1091584K
  class space    used 4916K, capacity 5189K, committed 5268K, reserved 1048576K
2017-04-16T11:54:48.821-0700: 139813.081: [GC (Allocation Failure) Before GC:
Statistics for BinaryTreeDictionary:
------------------------------------
Total Free Space: 162263599
Max   Chunk Size: 1128311
Number of Blocks: 73221
Av.  Block  Size: 2216
Tree      Height: 110
2017-04-16T11:54:48.822-0700: 139813.081: [ParNew
Desired survivor size 102400000 bytes, new threshold 1 (max 1)
- age   1:    5595832 bytes,    5595832 total
: 1607335K->6033K(1800000K), 0.0120962 secs] 10042221K->8442761K(15801024K)After GC:
Statistics for BinaryTreeDictionary:
------------------------------------
Total Free Space: 162177138
Max   Chunk Size: 1128311
Number of Blocks: 73211
Av.  Block  Size: 2215
Tree      Height: 110
, 0.0133735 secs] [Times: user=0.30 sys=0.00, real=0.02 secs] 
Heap after GC invocations=12918 (full 18):
 par new generation   total 1800000K, used 6033K [0x00000003ef600000, 0x0000000469720000, 0x0000000469720000)
  eden space 1600000K,   0% used [0x00000003ef600000, 0x00000003ef600000, 0x0000000451080000)
  from space 200000K,   3% used [0x0000000451080000, 0x00000004516646c8, 0x000000045d3d0000)
  to   space 200000K,   0% used [0x000000045d3d0000, 0x000000045d3d0000, 0x0000000469720000)
 concurrent mark-sweep generation total 14001024K, used 8436727K [0x0000000469720000, 0x00000007c0000000, 0x00000007c0000000)
 Metaspace       used 44937K, capacity 46232K, committed 46652K, reserved 1091584K
  class space    used 4916K, capacity 5189K, committed 5268K, reserved 1048576K
}
2017-04-16T11:54:48.835-0700: 139813.094: Total time for which application threads were stopped: 0.0144548 seconds, Stopping threads took: 0.0001593 seconds
{Heap before GC invocations=12918 (full 18):
 par new generation   total 1800000K, used 1606033K [0x00000003ef600000, 0x0000000469720000, 0x0000000469720000)
  eden space 1600000K, 100% used [0x00000003ef600000, 0x0000000451080000, 0x0000000451080000)
  from space 200000K,   3% used [0x0000000451080000, 0x00000004516646c8, 0x000000045d3d0000)
  to   space 200000K,   0% used [0x000000045d3d0000, 0x000000045d3d0000, 0x0000000469720000)
 concurrent mark-sweep generation total 14001024K, used 8436727K [0x0000000469720000, 0x00000007c0000000, 0x00000007c0000000)
 Metaspace       used 44937K, capacity 46232K, committed 46652K, reserved 1091584K
  class space    used 4916K, capacity 5189K, committed 5268K, reserved 1048576K
2017-04-16T11:55:02.687-0700: 139826.947: [GC (Allocation Failure) Before GC:
Statistics for BinaryTreeDictionary:
------------------------------------
Total Free Space: 162177138
Max   Chunk Size: 1128311
Number of Blocks: 73211
Av.  Block  Size: 2215
Tree      Height: 110
2017-04-16T11:55:02.688-0700: 139826.947: [ParNew
Desired survivor size 102400000 bytes, new threshold 1 (max 1)
- age   1:    6614520 bytes,    6614520 total
: 1606033K->6999K(1800000K), 0.0123019 secs] 10042761K->8444948K(15801024K)After GC:
Statistics for BinaryTreeDictionary:
------------------------------------
Total Free Space: 162153631
Max   Chunk Size: 1128311
Number of Blocks: 73196
Av.  Block  Size: 2215
Tree      Height: 110
, 0.0135663 secs] [Times: user=0.30 sys=0.01, real=0.01 secs] 
Heap after GC invocations=12919 (full 18):
 par new generation   total 1800000K, used 6999K [0x00000003ef600000, 0x0000000469720000, 0x0000000469720000)
  eden space 1600000K,   0% used [0x00000003ef600000, 0x00000003ef600000, 0x0000000451080000)
  from space 200000K,   3% used [0x000000045d3d0000, 0x000000045daa5fe8, 0x0000000469720000)
  to   space 200000K,   0% used [0x0000000451080000, 0x0000000451080000, 0x000000045d3d0000)
 concurrent mark-sweep generation total 14001024K, used 8437948K [0x0000000469720000, 0x00000007c0000000, 0x00000007c0000000)
 Metaspace       used 44937K, capacity 46232K, committed 46652K, reserved 1091584K
  class space    used 4916K, capacity 5189K, committed 5268K, reserved 1048576K
}
2017-04-16T11:55:02.701-0700: 139826.960: Total time for which application threads were stopped: 0.0146313 seconds, Stopping threads took: 0.0001499 seconds
2017-04-16T11:55:05.393-0700: 139829.652: Total time for which application threads were stopped: 0.0008864 seconds, Stopping threads took: 0.0001482 seconds
2017-04-16T11:55:09.667-0700: 139833.926: Total time for which application threads were stopped: 0.0020939 seconds, Stopping threads took: 0.0001479 seconds
2017-04-16T11:55:11.758-0700: 139836.017: Total time for which application threads were stopped: 0.0009164 seconds, Stopping threads took: 0.0001694 seconds
{Heap before GC invocations=12919 (full 18):
 par new generation   total 1800000K, used 1606999K [0x00000003ef600000, 0x0000000469720000, 0x0000000469720000)
  eden space 1600000K, 100% used [0x00000003ef600000, 0x0000000451080000, 0x0000000451080000)
  from space 200000K,   3% used [0x000000045d3d0000, 0x000000045daa5fe8, 0x0000000469720000)
  to   space 200000K,   0% used [0x0000000451080000, 0x0000000451080000, 0x000000045d3d0000)
 concurrent mark-sweep generation total 14001024K, used 8437948K [0x0000000469720000, 0x00000007c0000000, 0x00000007c0000000)
 Metaspace       used 44937K, capacity 46232K, committed 46652K, reserved 1091584K
  class space    used 4916K, capacity 5189K, committed 5268K, reserved 1048576K
2017-04-16T11:55:13.917-0700: 139838.177: [GC (Allocation Failure) Before GC:
Statistics for BinaryTreeDictionary:
------------------------------------
Total Free Space: 162153631
Max   Chunk Size: 1128311
Number of Blocks: 73196
Av.  Block  Size: 2215
Tree      Height: 110
2017-04-16T11:55:13.918-0700: 139838.177: [ParNew
Desired survivor size 102400000 bytes, new threshold 1 (max 1)
- age   1:    8287736 bytes,    8287736 total
: 1606999K->8950K(1800000K), 0.0124505 secs] 10044948K->8448739K(15801024K)After GC:
Statistics for BinaryTreeDictionary:
------------------------------------
Total Free Space: 162134264
Max   Chunk Size: 1128311
Number of Blocks: 73189
Av.  Block  Size: 2215
Tree      Height: 110
, 0.0137016 secs] [Times: user=0.30 sys=0.01, real=0.01 secs] 
Heap after GC invocations=12920 (full 18):
 par new generation   total 1800000K, used 8950K [0x00000003ef600000, 0x0000000469720000, 0x0000000469720000)
  eden space 1600000K,   0% used [0x00000003ef600000, 0x00000003ef600000, 0x0000000451080000)
  from space 200000K,   4% used [0x0000000451080000, 0x000000045193d998, 0x000000045d3d0000)
  to   space 200000K,   0% used [0x000000045d3d0000, 0x000000045d3d0000, 0x0000000469720000)
 concurrent mark-sweep generation total 14001024K, used 8439788K [0x0000000469720000, 0x00000007c0000000, 0x00000007c0000000)
 Metaspace       used 44937K, capacity 46232K, committed 46652K, reserved 1091584K
  class space    used 4916K, capacity 5189K, committed 5268K, reserved 1048576K
}
2017-04-16T11:55:13.931-0700: 139838.190: Total time for which application threads were stopped: 0.0147894 seconds, Stopping threads took: 0.0001550 seconds
{Heap before GC invocations=12920 (full 18):
 par new generation   total 1800000K, used 1608950K [0x00000003ef600000, 0x0000000469720000, 0x0000000469720000)
  eden space 1600000K, 100% used [0x00000003ef600000, 0x0000000451080000, 0x0000000451080000)
  from space 200000K,   4% used [0x0000000451080000, 0x000000045193d998, 0x000000045d3d0000)
  to   space 200000K,   0% used [0x000000045d3d0000, 0x000000045d3d0000, 0x0000000469720000)
 concurrent mark-sweep generation total 14001024K, used 8439788K [0x0000000469720000, 0x00000007c0000000, 0x00000007c0000000)
 Metaspace       used 44937K, capacity 46232K, committed 46652K, reserved 1091584K
  class space    used 4916K, capacity 5189K, committed 5268K, reserved 1048576K
2017-04-16T11:55:27.786-0700: 139852.045: [GC (Allocation Failure) Before GC:
Statistics for BinaryTreeDictionary:
------------------------------------
Total Free Space: 162134264
Max   Chunk Size: 1128311
Number of Blocks: 73189
Av.  Block  Size: 2215
Tree      Height: 110
2017-04-16T11:55:27.787-0700: 139852.046: [ParNew
Desired survivor size 102400000 bytes, new threshold 1 (max 1)
- age   1:    6660296 bytes,    6660296 total
: 1608950K->7162K(1800000K), 0.0120576 secs] 10048739K->8448478K(15801024K)After GC:
Statistics for BinaryTreeDictionary:
------------------------------------
Total Free Space: 162052282
Max   Chunk Size: 1128311
Number of Blocks: 73144
Av.  Block  Size: 2215
Tree      Height: 110
, 0.0133156 secs] [Times: user=0.30 sys=0.00, real=0.02 secs] 
Heap after GC invocations=12921 (full 18):
 par new generation   total 1800000K, used 7162K [0x00000003ef600000, 0x0000000469720000, 0x0000000469720000)
  eden space 1600000K,   0% used [0x00000003ef600000, 0x00000003ef600000, 0x0000000451080000)
  from space 200000K,   3% used [0x000000045d3d0000, 0x000000045dace818, 0x0000000469720000)
  to   space 200000K,   0% used [0x0000000451080000, 0x0000000451080000, 0x000000045d3d0000)
 concurrent mark-sweep generation total 14001024K, used 8441316K [0x0000000469720000, 0x00000007c0000000, 0x00000007c0000000)
 Metaspace       used 44937K, capacity 46232K, committed 46652K, reserved 1091584K
  class space    used 4916K, capacity 5189K, committed 5268K, reserved 1048576K
}
2017-04-16T11:55:27.800-0700: 139852.059: Total time for which application threads were stopped: 0.0143954 seconds, Stopping threads took: 0.0001583 seconds
{Heap before GC invocations=12921 (full 18):
 par new generation   total 1800000K, used 1607162K [0x00000003ef600000, 0x0000000469720000, 0x0000000469720000)
  eden space 1600000K, 100% used [0x00000003ef600000, 0x0000000451080000, 0x0000000451080000)
  from space 200000K,   3% used [0x000000045d3d0000, 0x000000045dace818, 0x0000000469720000)
  to   space 200000K,   0% used [0x0000000451080000, 0x0000000451080000, 0x000000045d3d0000)
 concurrent mark-sweep generation total 14001024K, used 8441316K [0x0000000469720000, 0x00000007c0000000, 0x00000007c0000000)
 Metaspace       used 44937K, capacity 46232K, committed 46652K, reserved 1091584K
  class space    used 4916K, capacity 5189K, committed 5268K, reserved 1048576K
2017-04-16T11:55:41.533-0700: 139865.793: [GC (Allocation Failure) Before GC:
Statistics for BinaryTreeDictionary:
------------------------------------
Total Free Space: 162052282
Max   Chunk Size: 1128311
Number of Blocks: 73144
Av.  Block  Size: 2215
Tree      Height: 110
2017-04-16T11:55:41.534-0700: 139865.793: [ParNew
Desired survivor size 102400000 bytes, new threshold 1 (max 1)
- age   1:    6703568 bytes,    6703568 total
: 1607162K->7339K(1800000K), 0.0124290 secs] 10048478K->8450145K(15801024K)After GC:
Statistics for BinaryTreeDictionary:
------------------------------------
Total Free Space: 162016968
Max   Chunk Size: 1128311
Number of Blocks: 73139
Av.  Block  Size: 2215
Tree      Height: 110
, 0.0137071 secs] [Times: user=0.30 sys=0.01, real=0.01 secs] 
Heap after GC invocations=12922 (full 18):
 par new generation   total 1800000K, used 7339K [0x00000003ef600000, 0x0000000469720000, 0x0000000469720000)
  eden space 1600000K,   0% used [0x00000003ef600000, 0x00000003ef600000, 0x0000000451080000)
  from space 200000K,   3% used [0x0000000451080000, 0x00000004517aad08, 0x000000045d3d0000)
  to   space 200000K,   0% used [0x000000045d3d0000, 0x000000045d3d0000, 0x0000000469720000)
 concurrent mark-sweep generation total 14001024K, used 8442806K [0x0000000469720000, 0x00000007c0000000, 0x00000007c0000000)
 Metaspace       used 44937K, capacity 46232K, committed 46652K, reserved 1091584K
  class space    used 4916K, capacity 5189K, committed 5268K, reserved 1048576K
}
2017-04-16T11:55:41.547-0700: 139865.806: Total time for which application threads were stopped: 0.0147931 seconds, Stopping threads took: 0.0001511 seconds
{Heap before GC invocations=12922 (full 18):
 par new generation   total 1800000K, used 1607339K [0x00000003ef600000, 0x0000000469720000, 0x0000000469720000)
  eden space 1600000K, 100% used [0x00000003ef600000, 0x0000000451080000, 0x0000000451080000)
  from space 200000K,   3% used [0x0000000451080000, 0x00000004517aad08, 0x000000045d3d0000)
  to   space 200000K,   0% used [0x000000045d3d0000, 0x000000045d3d0000, 0x0000000469720000)
 concurrent mark-sweep generation total 14001024K, used 8442806K [0x0000000469720000, 0x00000007c0000000, 0x00000007c0000000)
 Metaspace       used 44937K, capacity 46232K, committed 46652K, reserved 1091584K
  class space    used 4916K, capacity 5189K, committed 5268K, reserved 1048576K
2017-04-16T11:55:55.452-0700: 139879.712: [GC (Allocation Failure) Before GC:
Statistics for BinaryTreeDictionary:
------------------------------------
Total Free Space: 162016968
Max   Chunk Size: 1128311
Number of Blocks: 73139
Av.  Block  Size: 2215
Tree      Height: 110
2017-04-16T11:55:55.453-0700: 139879.712: [ParNew
Desired survivor size 102400000 bytes, new threshold 1 (max 1)
- age   1:    6356648 bytes,    6356648 total
: 1607339K->6937K(1800000K), 0.0125072 secs] 10050145K->8451287K(15801024K)After GC:
Statistics for BinaryTreeDictionary:
------------------------------------
Total Free Space: 162010420
Max   Chunk Size: 1128311
Number of Blocks: 73127
Av.  Block  Size: 2215
Tree      Height: 110
, 0.0137672 secs] [Times: user=0.30 sys=0.01, real=0.02 secs] 
Heap after GC invocations=12923 (full 18):
 par new generation   total 1800000K, used 6937K [0x00000003ef600000, 0x0000000469720000, 0x0000000469720000)
  eden space 1600000K,   0% used [0x00000003ef600000, 0x00000003ef600000, 0x0000000451080000)
  from space 200000K,   3% used [0x000000045d3d0000, 0x000000045da96708, 0x0000000469720000)
  to   space 200000K,   0% used [0x0000000451080000, 0x0000000451080000, 0x000000045d3d0000)
 concurrent mark-sweep generation total 14001024K, used 8444349K [0x0000000469720000, 0x00000007c0000000, 0x00000007c0000000)
 Metaspace       used 44937K, capacity 46232K, committed 46652K, reserved 1091584K
  class space    used 4916K, capacity 5189K, committed 5268K, reserved 1048576K
}
2017-04-16T11:55:55.466-0700: 139879.726: Total time for which application threads were stopped: 0.0148854 seconds, Stopping threads took: 0.0001683 seconds
2017-04-16T11:56:08.311-0700: 139892.570: Total time for which application threads were stopped: 0.0021533 seconds, Stopping threads took: 0.0001543 seconds
{Heap before GC invocations=12923 (full 18):
 par new generation   total 1800000K, used 1606937K [0x00000003ef600000, 0x0000000469720000, 0x0000000469720000)
  eden space 1600000K, 100% used [0x00000003ef600000, 0x0000000451080000, 0x0000000451080000)
  from space 200000K,   3% used [0x000000045d3d0000, 0x000000045da96708, 0x0000000469720000)
  to   space 200000K,   0% used [0x0000000451080000, 0x0000000451080000, 0x000000045d3d0000)
 concurrent mark-sweep generation total 14001024K, used 8444349K [0x0000000469720000, 0x00000007c0000000, 0x00000007c0000000)
 Metaspace       used 44937K, capacity 46232K, committed 46652K, reserved 1091584K
  class space    used 4916K, capacity 5189K, committed 5268K, reserved 1048576K
2017-04-16T11:56:08.994-0700: 139893.254: [GC (Allocation Failure) Before GC:
Statistics for BinaryTreeDictionary:
------------------------------------
Total Free Space: 162010420
Max   Chunk Size: 1128311
Number of Blocks: 73127
Av.  Block  Size: 2215
Tree      Height: 110
2017-04-16T11:56:08.995-0700: 139893.254: [ParNew
Desired survivor size 102400000 bytes, new threshold 1 (max 1)
- age   1:    5963696 bytes,    5963696 total
: 1606937K->6551K(1800000K), 0.0121678 secs] 10051287K->8452358K(15801024K)After GC:
Statistics for BinaryTreeDictionary:
------------------------------------
Total Free Space: 161973206
Max   Chunk Size: 1128311
Number of Blocks: 73117
Av.  Block  Size: 2215
Tree      Height: 110
, 0.0134503 secs] [Times: user=0.30 sys=0.00, real=0.02 secs] 
Heap after GC invocations=12924 (full 18):
 par new generation   total 1800000K, used 6551K [0x00000003ef600000, 0x0000000469720000, 0x0000000469720000)
  eden space 1600000K,   0% used [0x00000003ef600000, 0x00000003ef600000, 0x0000000451080000)
  from space 200000K,   3% used [0x0000000451080000, 0x00000004516e5e90, 0x000000045d3d0000)
  to   space 200000K,   0% used [0x000000045d3d0000, 0x000000045d3d0000, 0x0000000469720000)
 concurrent mark-sweep generation total 14001024K, used 8445806K [0x0000000469720000, 0x00000007c0000000, 0x00000007c0000000)
 Metaspace       used 44937K, capacity 46232K, committed 46652K, reserved 1091584K
  class space    used 4916K, capacity 5189K, committed 5268K, reserved 1048576K
}
2017-04-16T11:56:09.008-0700: 139893.267: Total time for which application threads were stopped: 0.0145235 seconds, Stopping threads took: 0.0001504 seconds
{Heap before GC invocations=12924 (full 18):
 par new generation   total 1800000K, used 1606551K [0x00000003ef600000, 0x0000000469720000, 0x0000000469720000)
  eden space 1600000K, 100% used [0x00000003ef600000, 0x0000000451080000, 0x0000000451080000)
  from space 200000K,   3% used [0x0000000451080000, 0x00000004516e5e90, 0x000000045d3d0000)
  to   space 200000K,   0% used [0x000000045d3d0000, 0x000000045d3d0000, 0x0000000469720000)
 concurrent mark-sweep generation total 14001024K, used 8445806K [0x0000000469720000, 0x00000007c0000000, 0x00000007c0000000)
 Metaspace       used 44937K, capacity 46232K, committed 46652K, reserved 1091584K
  class space    used 4916K, capacity 5189K, committed 5268K, reserved 1048576K
2017-04-16T11:56:23.119-0700: 139907.379: [GC (Allocation Failure) Before GC:
Statistics for BinaryTreeDictionary:
------------------------------------
Total Free Space: 161973206
Max   Chunk Size: 1128311
Number of Blocks: 73117
Av.  Block  Size: 2215
Tree      Height: 110
2017-04-16T11:56:23.120-0700: 139907.379: [ParNew
Desired survivor size 102400000 bytes, new threshold 1 (max 1)
- age   1:    6672352 bytes,    6672352 total
: 1606551K->6936K(1800000K), 0.0120671 secs] 10052358K->8454071K(15801024K)After GC:
Statistics for BinaryTreeDictionary:
------------------------------------
Total Free Space: 161935516
Max   Chunk Size: 1128311
Number of Blocks: 73105
Av.  Block  Size: 2215
Tree      Height: 110
, 0.0133391 secs] [Times: user=0.30 sys=0.00, real=0.01 secs] 
Heap after GC invocations=12925 (full 18):
 par new generation   total 1800000K, used 6936K [0x00000003ef600000, 0x0000000469720000, 0x0000000469720000)
  eden space 1600000K,   0% used [0x00000003ef600000, 0x00000003ef600000, 0x0000000451080000)
  from space 200000K,   3% used [0x000000045d3d0000, 0x000000045da96178, 0x0000000469720000)
  to   space 200000K,   0% used [0x0000000451080000, 0x0000000451080000, 0x000000045d3d0000)
 concurrent mark-sweep generation total 14001024K, used 8447134K [0x0000000469720000, 0x00000007c0000000, 0x00000007c0000000)
 Metaspace       used 44937K, capacity 46232K, committed 46652K, reserved 1091584K
  class space    used 4916K, capacity 5189K, committed 5268K, reserved 1048576K
}
2017-04-16T11:56:23.133-0700: 139907.392: Total time for which application threads were stopped: 0.0144171 seconds, Stopping threads took: 0.0001527 seconds
{Heap before GC invocations=12925 (full 18):
 par new generation   total 1800000K, used 1606936K [0x00000003ef600000, 0x0000000469720000, 0x0000000469720000)
  eden space 1600000K, 100% used [0x00000003ef600000, 0x0000000451080000, 0x0000000451080000)
  from space 200000K,   3% used [0x000000045d3d0000, 0x000000045da96178, 0x0000000469720000)
  to   space 200000K,   0% used [0x0000000451080000, 0x0000000451080000, 0x000000045d3d0000)
 concurrent mark-sweep generation total 14001024K, used 8447134K [0x0000000469720000, 0x00000007c0000000, 0x00000007c0000000)
 Metaspace       used 44937K, capacity 46232K, committed 46652K, reserved 1091584K
  class space    used 4916K, capacity 5189K, committed 5268K, reserved 1048576K
2017-04-16T11:56:36.379-0700: 139920.639: [GC (Allocation Failure) Before GC:
Statistics for BinaryTreeDictionary:
------------------------------------
Total Free Space: 161935516
Max   Chunk Size: 1128311
Number of Blocks: 73105
Av.  Block  Size: 2215
Tree      Height: 110
2017-04-16T11:56:36.380-0700: 139920.639: [ParNew
Desired survivor size 102400000 bytes, new threshold 1 (max 1)
- age   1:   25734592 bytes,   25734592 total
: 1606936K->25798K(1800000K), 0.0124055 secs] 10054071K->8474067K(15801024K)After GC:
Statistics for BinaryTreeDictionary:
------------------------------------
Total Free Space: 161933808
Max   Chunk Size: 1128311
Number of Blocks: 73102
Av.  Block  Size: 2215
Tree      Height: 110
, 0.0136919 secs] [Times: user=0.29 sys=0.01, real=0.01 secs] 
Heap after GC invocations=12926 (full 18):
 par new generation   total 1800000K, used 25798K [0x00000003ef600000, 0x0000000469720000, 0x0000000469720000)
  eden space 1600000K,   0% used [0x00000003ef600000, 0x00000003ef600000, 0x0000000451080000)
  from space 200000K,  12% used [0x0000000451080000, 0x00000004529b1888, 0x000000045d3d0000)
  to   space 200000K,   0% used [0x000000045d3d0000, 0x000000045d3d0000, 0x0000000469720000)
 concurrent mark-sweep generation total 14001024K, used 8448269K [0x0000000469720000, 0x00000007c0000000, 0x00000007c0000000)
 Metaspace       used 44937K, capacity 46232K, committed 46652K, reserved 1091584K
  class space    used 4916K, capacity 5189K, committed 5268K, reserved 1048576K
}
2017-04-16T11:56:36.393-0700: 139920.653: Total time for which application threads were stopped: 0.0147546 seconds, Stopping threads took: 0.0001461 seconds
2017-04-16T11:56:39.623-0700: 139923.882: Total time for which application threads were stopped: 0.0020896 seconds, Stopping threads took: 0.0001369 seconds
2017-04-16T11:56:41.553-0700: 139925.812: Total time for which application threads were stopped: 0.0009025 seconds, Stopping threads took: 0.0001651 seconds
{Heap before GC invocations=12926 (full 18):
 par new generation   total 1800000K, used 1625798K [0x00000003ef600000, 0x0000000469720000, 0x0000000469720000)
  eden space 1600000K, 100% used [0x00000003ef600000, 0x0000000451080000, 0x0000000451080000)
  from space 200000K,  12% used [0x0000000451080000, 0x00000004529b1888, 0x000000045d3d0000)
  to   space 200000K,   0% used [0x000000045d3d0000, 0x000000045d3d0000, 0x0000000469720000)
 concurrent mark-sweep generation total 14001024K, used 8448269K [0x0000000469720000, 0x00000007c0000000, 0x00000007c0000000)
 Metaspace       used 44937K, capacity 46232K, committed 46652K, reserved 1091584K
  class space    used 4916K, capacity 5189K, committed 5268K, reserved 1048576K
2017-04-16T11:56:47.127-0700: 139931.387: [GC (Allocation Failure) Before GC:
Statistics for BinaryTreeDictionary:
------------------------------------
Total Free Space: 161933808
Max   Chunk Size: 1128311
Number of Blocks: 73102
Av.  Block  Size: 2215
Tree      Height: 110
2017-04-16T11:56:47.128-0700: 139931.387: [ParNew
Desired survivor size 102400000 bytes, new threshold 1 (max 1)
- age   1:    7203744 bytes,    7203744 total
: 1625798K->10367K(1800000K), 0.0207232 secs] 10074067K->8467969K(15801024K)After GC:
Statistics for BinaryTreeDictionary:
------------------------------------
Total Free Space: 161637390
Max   Chunk Size: 1128311
Number of Blocks: 73099
Av.  Block  Size: 2211
Tree      Height: 110
, 0.0220023 secs] [Times: user=0.31 sys=0.01, real=0.02 secs] 
Heap after GC invocations=12927 (full 18):
 par new generation   total 1800000K, used 10367K [0x00000003ef600000, 0x0000000469720000, 0x0000000469720000)
  eden space 1600000K,   0% used [0x00000003ef600000, 0x00000003ef600000, 0x0000000451080000)
  from space 200000K,   5% used [0x000000045d3d0000, 0x000000045ddefd20, 0x0000000469720000)
  to   space 200000K,   0% used [0x0000000451080000, 0x0000000451080000, 0x000000045d3d0000)
 concurrent mark-sweep generation total 14001024K, used 8457602K [0x0000000469720000, 0x00000007c0000000, 0x00000007c0000000)
 Metaspace       used 44937K, capacity 46232K, committed 46652K, reserved 1091584K
  class space    used 4916K, capacity 5189K, committed 5268K, reserved 1048576K
}
2017-04-16T11:56:47.150-0700: 139931.409: Total time for which application threads were stopped: 0.0231131 seconds, Stopping threads took: 0.0001477 seconds
{Heap before GC invocations=12927 (full 18):
 par new generation   total 1800000K, used 1610367K [0x00000003ef600000, 0x0000000469720000, 0x0000000469720000)
  eden space 1600000K, 100% used [0x00000003ef600000, 0x0000000451080000, 0x0000000451080000)
  from space 200000K,   5% used [0x000000045d3d0000, 0x000000045ddefd20, 0x0000000469720000)
  to   space 200000K,   0% used [0x0000000451080000, 0x0000000451080000, 0x000000045d3d0000)
 concurrent mark-sweep generation total 14001024K, used 8457602K [0x0000000469720000, 0x00000007c0000000, 0x00000007c0000000)
 Metaspace       used 44937K, capacity 46232K, committed 46652K, reserved 1091584K
  class space    used 4916K, capacity 5189K, committed 5268K, reserved 1048576K
2017-04-16T11:57:00.728-0700: 139944.987: [GC (Allocation Failure) Before GC:
Statistics for BinaryTreeDictionary:
------------------------------------
Total Free Space: 161637390
Max   Chunk Size: 1128311
Number of Blocks: 73099
Av.  Block  Size: 2211
Tree      Height: 110
2017-04-16T11:57:00.728-0700: 139944.988: [ParNew
Desired survivor size 102400000 bytes, new threshold 1 (max 1)
- age   1:    6041320 bytes,    6041320 total
: 1610367K->7106K(1800000K), 0.0120531 secs] 10067969K->8466079K(15801024K)After GC:
Statistics for BinaryTreeDictionary:
------------------------------------
Total Free Space: 161565361
Max   Chunk Size: 1128311
Number of Blocks: 73066
Av.  Block  Size: 2211
Tree      Height: 110
, 0.0132937 secs] [Times: user=0.29 sys=0.01, real=0.01 secs] 
Heap after GC invocations=12928 (full 18):
 par new generation   total 1800000K, used 7106K [0x00000003ef600000, 0x0000000469720000, 0x0000000469720000)
  eden space 1600000K,   0% used [0x00000003ef600000, 0x00000003ef600000, 0x0000000451080000)
  from space 200000K,   3% used [0x0000000451080000, 0x0000000451770b00, 0x000000045d3d0000)
  to   space 200000K,   0% used [0x000000045d3d0000, 0x000000045d3d0000, 0x0000000469720000)
 concurrent mark-sweep generation total 14001024K, used 8458973K [0x0000000469720000, 0x00000007c0000000, 0x00000007c0000000)
 Metaspace       used 44937K, capacity 46232K, committed 46652K, reserved 1091584K
  class space    used 4916K, capacity 5189K, committed 5268K, reserved 1048576K
}
2017-04-16T11:57:00.741-0700: 139945.000: Total time for which application threads were stopped: 0.0143898 seconds, Stopping threads took: 0.0001584 seconds
{Heap before GC invocations=12928 (full 18):
 par new generation   total 1800000K, used 1607106K [0x00000003ef600000, 0x0000000469720000, 0x0000000469720000)
  eden space 1600000K, 100% used [0x00000003ef600000, 0x0000000451080000, 0x0000000451080000)
  from space 200000K,   3% used [0x0000000451080000, 0x0000000451770b00, 0x000000045d3d0000)
  to   space 200000K,   0% used [0x000000045d3d0000, 0x000000045d3d0000, 0x0000000469720000)
 concurrent mark-sweep generation total 14001024K, used 8458973K [0x0000000469720000, 0x00000007c0000000, 0x00000007c0000000)
 Metaspace       used 44937K, capacity 46232K, committed 46652K, reserved 1091584K
  class space    used 4916K, capacity 5189K, committed 5268K, reserved 1048576K
2017-04-16T11:57:15.167-0700: 139959.426: [GC (Allocation Failure) Before GC:
Statistics for BinaryTreeDictionary:
------------------------------------
Total Free Space: 161565361
Max   Chunk Size: 1128311
Number of Blocks: 73066
Av.  Block  Size: 2211
Tree      Height: 110
2017-04-16T11:57:15.167-0700: 139959.427: [ParNew
Desired survivor size 102400000 bytes, new threshold 1 (max 1)
- age   1:    7006224 bytes,    7006224 total
: 1607106K->7248K(1800000K), 0.0120970 secs] 10066079K->8467368K(15801024K)After GC:
Statistics for BinaryTreeDictionary:
------------------------------------
Total Free Space: 161548274
Max   Chunk Size: 1128311
Number of Blocks: 73065
Av.  Block  Size: 2211
Tree      Height: 110
, 0.0133695 secs] [Times: user=0.30 sys=0.00, real=0.01 secs] 
Heap after GC invocations=12929 (full 18):
 par new generation   total 1800000K, used 7248K [0x00000003ef600000, 0x0000000469720000, 0x0000000469720000)
  eden space 1600000K,   0% used [0x00000003ef600000, 0x00000003ef600000, 0x0000000451080000)
  from space 200000K,   3% used [0x000000045d3d0000, 0x000000045dae4098, 0x0000000469720000)
  to   space 200000K,   0% used [0x0000000451080000, 0x0000000451080000, 0x000000045d3d0000)
 concurrent mark-sweep generation total 14001024K, used 8460120K [0x0000000469720000, 0x00000007c0000000, 0x00000007c0000000)
 Metaspace       used 44937K, capacity 46232K, committed 46652K, reserved 1091584K
  class space    used 4916K, capacity 5189K, committed 5268K, reserved 1048576K
}
2017-04-16T11:57:15.180-0700: 139959.440: Total time for which application threads were stopped: 0.0144724 seconds, Stopping threads took: 0.0001570 seconds
{Heap before GC invocations=12929 (full 18):
 par new generation   total 1800000K, used 1607248K [0x00000003ef600000, 0x0000000469720000, 0x0000000469720000)
  eden space 1600000K, 100% used [0x00000003ef600000, 0x0000000451080000, 0x0000000451080000)
  from space 200000K,   3% used [0x000000045d3d0000, 0x000000045dae4098, 0x0000000469720000)
  to   space 200000K,   0% used [0x0000000451080000, 0x0000000451080000, 0x000000045d3d0000)
 concurrent mark-sweep generation total 14001024K, used 8460120K [0x0000000469720000, 0x00000007c0000000, 0x00000007c0000000)
 Metaspace       used 44937K, capacity 46232K, committed 46652K, reserved 1091584K
  class space    used 4916K, capacity 5189K, committed 5268K, reserved 1048576K
2017-04-16T11:57:28.988-0700: 139973.248: [GC (Allocation Failure) Before GC:
Statistics for BinaryTreeDictionary:
------------------------------------
Total Free Space: 161548274
Max   Chunk Size: 1128311
Number of Blocks: 73065
Av.  Block  Size: 2211
Tree      Height: 110
2017-04-16T11:57:28.989-0700: 139973.248: [ParNew
Desired survivor size 102400000 bytes, new threshold 1 (max 1)
- age   1:    7236256 bytes,    7236256 total
: 1607248K->7824K(1800000K), 0.0119893 secs] 10067368K->8469026K(15801024K)After GC:
Statistics for BinaryTreeDictionary:
------------------------------------
Total Free Space: 161544110
Max   Chunk Size: 1128311
Number of Blocks: 73060
Av.  Block  Size: 2211
Tree      Height: 110
, 0.0132745 secs] [Times: user=0.29 sys=0.00, real=0.01 secs] 
Heap after GC invocations=12930 (full 18):
 par new generation   total 1800000K, used 7824K [0x00000003ef600000, 0x0000000469720000, 0x0000000469720000)
  eden space 1600000K,   0% used [0x00000003ef600000, 0x00000003ef600000, 0x0000000451080000)
  from space 200000K,   3% used [0x0000000451080000, 0x0000000451824310, 0x000000045d3d0000)
  to   space 200000K,   0% used [0x000000045d3d0000, 0x000000045d3d0000, 0x0000000469720000)
 concurrent mark-sweep generation total 14001024K, used 8461201K [0x0000000469720000, 0x00000007c0000000, 0x00000007c0000000)
 Metaspace       used 44937K, capacity 46232K, committed 46652K, reserved 1091584K
  class space    used 4916K, capacity 5189K, committed 5268K, reserved 1048576K
}
2017-04-16T11:57:29.002-0700: 139973.261: Total time for which application threads were stopped: 0.0143763 seconds, Stopping threads took: 0.0001634 seconds
{Heap before GC invocations=12930 (full 18):
 par new generation   total 1800000K, used 1607824K [0x00000003ef600000, 0x0000000469720000, 0x0000000469720000)
  eden space 1600000K, 100% used [0x00000003ef600000, 0x0000000451080000, 0x0000000451080000)
  from space 200000K,   3% used [0x0000000451080000, 0x0000000451824310, 0x000000045d3d0000)
  to   space 200000K,   0% used [0x000000045d3d0000, 0x000000045d3d0000, 0x0000000469720000)
 concurrent mark-sweep generation total 14001024K, used 8461201K [0x0000000469720000, 0x00000007c0000000, 0x00000007c0000000)
 Metaspace       used 44937K, capacity 46232K, committed 46652K, reserved 1091584K
  class space    used 4916K, capacity 5189K, committed 5268K, reserved 1048576K
2017-04-16T11:57:42.913-0700: 139987.173: [GC (Allocation Failure) Before GC:
Statistics for BinaryTreeDictionary:
------------------------------------
Total Free Space: 161544110
Max   Chunk Size: 1128311
Number of Blocks: 73060
Av.  Block  Size: 2211
Tree      Height: 110
2017-04-16T11:57:42.914-0700: 139987.173: [ParNew
Desired survivor size 102400000 bytes, new threshold 1 (max 1)
- age   1:    5864192 bytes,    5864192 total
: 1607824K->6394K(1800000K), 0.0118043 secs] 10069026K->8468749K(15801024K)After GC:
Statistics for BinaryTreeDictionary:
------------------------------------
Total Free Space: 161526643
Max   Chunk Size: 1128311
Number of Blocks: 73058
Av.  Block  Size: 2210
Tree      Height: 110
, 0.0130996 secs] [Times: user=0.29 sys=0.00, real=0.01 secs] 
Heap after GC invocations=12931 (full 18):
 par new generation   total 1800000K, used 6394K [0x00000003ef600000, 0x0000000469720000, 0x0000000469720000)
  eden space 1600000K,   0% used [0x00000003ef600000, 0x00000003ef600000, 0x0000000451080000)
  from space 200000K,   3% used [0x000000045d3d0000, 0x000000045da0eb08, 0x0000000469720000)
  to   space 200000K,   0% used [0x0000000451080000, 0x0000000451080000, 0x000000045d3d0000)
 concurrent mark-sweep generation total 14001024K, used 8462354K [0x0000000469720000, 0x00000007c0000000, 0x00000007c0000000)
 Metaspace       used 44937K, capacity 46232K, committed 46652K, reserved 1091584K
  class space    used 4916K, capacity 5189K, committed 5268K, reserved 1048576K
}
2017-04-16T11:57:42.926-0700: 139987.186: Total time for which application threads were stopped: 0.0141679 seconds, Stopping threads took: 0.0001503 seconds
{Heap before GC invocations=12931 (full 18):
 par new generation   total 1800000K, used 1606394K [0x00000003ef600000, 0x0000000469720000, 0x0000000469720000)
  eden space 1600000K, 100% used [0x00000003ef600000, 0x0000000451080000, 0x0000000451080000)
  from space 200000K,   3% used [0x000000045d3d0000, 0x000000045da0eb08, 0x0000000469720000)
  to   space 200000K,   0% used [0x0000000451080000, 0x0000000451080000, 0x000000045d3d0000)
 concurrent mark-sweep generation total 14001024K, used 8462354K [0x0000000469720000, 0x00000007c0000000, 0x00000007c0000000)
 Metaspace       used 44937K, capacity 46232K, committed 46652K, reserved 1091584K
  class space    used 4916K, capacity 5189K, committed 5268K, reserved 1048576K
2017-04-16T11:57:57.074-0700: 140001.333: [GC (Allocation Failure) Before GC:
Statistics for BinaryTreeDictionary:
------------------------------------
Total Free Space: 161526643
Max   Chunk Size: 1128311
Number of Blocks: 73058
Av.  Block  Size: 2210
Tree      Height: 110
2017-04-16T11:57:57.074-0700: 140001.334: [ParNew
Desired survivor size 102400000 bytes, new threshold 1 (max 1)
- age   1:    6918664 bytes,    6918664 total
: 1606394K->7303K(1800000K), 0.0119091 secs] 10068749K->8470667K(15801024K)After GC:
Statistics for BinaryTreeDictionary:
------------------------------------
Total Free Space: 161515839
Max   Chunk Size: 1128311
Number of Blocks: 73043
Av.  Block  Size: 2211
Tree      Height: 110
, 0.0131614 secs] [Times: user=0.30 sys=0.00, real=0.01 secs] 
Heap after GC invocations=12932 (full 18):
 par new generation   total 1800000K, used 7303K [0x00000003ef600000, 0x0000000469720000, 0x0000000469720000)
  eden space 1600000K,   0% used [0x00000003ef600000, 0x00000003ef600000, 0x0000000451080000)
  from space 200000K,   3% used [0x0000000451080000, 0x00000004517a1c60, 0x000000045d3d0000)
  to   space 200000K,   0% used [0x000000045d3d0000, 0x000000045d3d0000, 0x0000000469720000)
 concurrent mark-sweep generation total 14001024K, used 8463364K [0x0000000469720000, 0x00000007c0000000, 0x00000007c0000000)
 Metaspace       used 44937K, capacity 46232K, committed 46652K, reserved 1091584K
  class space    used 4916K, capacity 5189K, committed 5268K, reserved 1048576K
}
2017-04-16T11:57:57.087-0700: 140001.346: Total time for which application threads were stopped: 0.0142507 seconds, Stopping threads took: 0.0001529 seconds
2017-04-16T11:58:09.660-0700: 140013.920: Total time for which application threads were stopped: 0.0021430 seconds, Stopping threads took: 0.0001435 seconds
{Heap before GC invocations=12932 (full 18):
 par new generation   total 1800000K, used 1607303K [0x00000003ef600000, 0x0000000469720000, 0x0000000469720000)
  eden space 1600000K, 100% used [0x00000003ef600000, 0x0000000451080000, 0x0000000451080000)
  from space 200000K,   3% used [0x0000000451080000, 0x00000004517a1c60, 0x000000045d3d0000)
  to   space 200000K,   0% used [0x000000045d3d0000, 0x000000045d3d0000, 0x0000000469720000)
 concurrent mark-sweep generation total 14001024K, used 8463364K [0x0000000469720000, 0x00000007c0000000, 0x00000007c0000000)
 Metaspace       used 44937K, capacity 46232K, committed 46652K, reserved 1091584K
  class space    used 4916K, capacity 5189K, committed 5268K, reserved 1048576K
2017-04-16T11:58:10.187-0700: 140014.446: [GC (Allocation Failure) Before GC:
Statistics for BinaryTreeDictionary:
------------------------------------
Total Free Space: 161515839
Max   Chunk Size: 1128311
Number of Blocks: 73043
Av.  Block  Size: 2211
Tree      Height: 110
2017-04-16T11:58:10.187-0700: 140014.447: [ParNew
Desired survivor size 102400000 bytes, new threshold 1 (max 1)
- age   1:    6535296 bytes,    6535296 total
: 1607303K->6920K(1800000K), 0.0125004 secs] 10070667K->8471810K(15801024K)After GC:
Statistics for BinaryTreeDictionary:
------------------------------------
Total Free Space: 161448819
Max   Chunk Size: 1128311
Number of Blocks: 73041
Av.  Block  Size: 2210
Tree      Height: 110
, 0.0138039 secs] [Times: user=0.31 sys=0.00, real=0.01 secs] 
Heap after GC invocations=12933 (full 18):
 par new generation   total 1800000K, used 6920K [0x00000003ef600000, 0x0000000469720000, 0x0000000469720000)
  eden space 1600000K,   0% used [0x00000003ef600000, 0x00000003ef600000, 0x0000000451080000)
  from space 200000K,   3% used [0x000000045d3d0000, 0x000000045da92028, 0x0000000469720000)
  to   space 200000K,   0% used [0x0000000451080000, 0x0000000451080000, 0x000000045d3d0000)
 concurrent mark-sweep generation total 14001024K, used 8464890K [0x0000000469720000, 0x00000007c0000000, 0x00000007c0000000)
 Metaspace       used 44937K, capacity 46232K, committed 46652K, reserved 1091584K
  class space    used 4916K, capacity 5189K, committed 5268K, reserved 1048576K
}
2017-04-16T11:58:10.201-0700: 140014.460: Total time for which application threads were stopped: 0.0148977 seconds, Stopping threads took: 0.0001491 seconds
2017-04-16T11:58:15.666-0700: 140019.925: Total time for which application threads were stopped: 0.0009193 seconds, Stopping threads took: 0.0001505 seconds
{Heap before GC invocations=12933 (full 18):
 par new generation   total 1800000K, used 1606920K [0x00000003ef600000, 0x0000000469720000, 0x0000000469720000)
  eden space 1600000K, 100% used [0x00000003ef600000, 0x0000000451080000, 0x0000000451080000)
  from space 200000K,   3% used [0x000000045d3d0000, 0x000000045da92028, 0x0000000469720000)
  to   space 200000K,   0% used [0x0000000451080000, 0x0000000451080000, 0x000000045d3d0000)
 concurrent mark-sweep generation total 14001024K, used 8464890K [0x0000000469720000, 0x00000007c0000000, 0x00000007c0000000)
 Metaspace       used 44937K, capacity 46232K, committed 46652K, reserved 1091584K
  class space    used 4916K, capacity 5189K, committed 5268K, reserved 1048576K
2017-04-16T11:58:22.030-0700: 140026.289: [GC (Allocation Failure) Before GC:
Statistics for BinaryTreeDictionary:
------------------------------------
Total Free Space: 161448819
Max   Chunk Size: 1128311
Number of Blocks: 73041
Av.  Block  Size: 2210
Tree      Height: 110
2017-04-16T11:58:22.031-0700: 140026.290: [ParNew
Desired survivor size 102400000 bytes, new threshold 1 (max 1)
- age   1:    5690496 bytes,    5690496 total
: 1606920K->6143K(1800000K), 0.0118935 secs] 10071810K->8472677K(15801024K)After GC:
Statistics for BinaryTreeDictionary:
------------------------------------
Total Free Space: 161367863
Max   Chunk Size: 1128311
Number of Blocks: 73015
Av.  Block  Size: 2210
Tree      Height: 110
, 0.0131570 secs] [Times: user=0.30 sys=0.00, real=0.01 secs] 
Heap after GC invocations=12934 (full 18):
 par new generation   total 1800000K, used 6143K [0x00000003ef600000, 0x0000000469720000, 0x0000000469720000)
  eden space 1600000K,   0% used [0x00000003ef600000, 0x00000003ef600000, 0x0000000451080000)
  from space 200000K,   3% used [0x0000000451080000, 0x000000045167fee8, 0x000000045d3d0000)
  to   space 200000K,   0% used [0x000000045d3d0000, 0x000000045d3d0000, 0x0000000469720000)
 concurrent mark-sweep generation total 14001024K, used 8466534K [0x0000000469720000, 0x00000007c0000000, 0x00000007c0000000)
 Metaspace       used 44937K, capacity 46232K, committed 46652K, reserved 1091584K
  class space    used 4916K, capacity 5189K, committed 5268K, reserved 1048576K
}
2017-04-16T11:58:22.043-0700: 140026.303: Total time for which application threads were stopped: 0.0142561 seconds, Stopping threads took: 0.0001530 seconds
{Heap before GC invocations=12934 (full 18):
 par new generation   total 1800000K, used 1606143K [0x00000003ef600000, 0x0000000469720000, 0x0000000469720000)
  eden space 1600000K, 100% used [0x00000003ef600000, 0x0000000451080000, 0x0000000451080000)
  from space 200000K,   3% used [0x0000000451080000, 0x000000045167fee8, 0x000000045d3d0000)
  to   space 200000K,   0% used [0x000000045d3d0000, 0x000000045d3d0000, 0x0000000469720000)
 concurrent mark-sweep generation total 14001024K, used 8466534K [0x0000000469720000, 0x00000007c0000000, 0x00000007c0000000)
 Metaspace       used 44937K, capacity 46232K, committed 46652K, reserved 1091584K
  class space    used 4916K, capacity 5189K, committed 5268K, reserved 1048576K
2017-04-16T11:58:35.495-0700: 140039.754: [GC (Allocation Failure) Before GC:
Statistics for BinaryTreeDictionary:
------------------------------------
Total Free Space: 161367863
Max   Chunk Size: 1128311
Number of Blocks: 73015
Av.  Block  Size: 2210
Tree      Height: 110
2017-04-16T11:58:35.495-0700: 140039.755: [ParNew
Desired survivor size 102400000 bytes, new threshold 1 (max 1)
- age   1:    7388184 bytes,    7388184 total
: 1606143K->7719K(1800000K), 0.0121257 secs] 10072677K->8475294K(15801024K)After GC:
Statistics for BinaryTreeDictionary:
------------------------------------
Total Free Space: 161343468
Max   Chunk Size: 1128311
Number of Blocks: 73000
Av.  Block  Size: 2210
Tree      Height: 110
, 0.0133797 secs] [Times: user=0.30 sys=0.00, real=0.02 secs] 
Heap after GC invocations=12935 (full 18):
 par new generation   total 1800000K, used 7719K [0x00000003ef600000, 0x0000000469720000, 0x0000000469720000)
  eden space 1600000K,   0% used [0x00000003ef600000, 0x00000003ef600000, 0x0000000451080000)
  from space 200000K,   3% used [0x000000045d3d0000, 0x000000045db59f10, 0x0000000469720000)
  to   space 200000K,   0% used [0x0000000451080000, 0x0000000451080000, 0x000000045d3d0000)
 concurrent mark-sweep generation total 14001024K, used 8467575K [0x0000000469720000, 0x00000007c0000000, 0x00000007c0000000)
 Metaspace       used 44937K, capacity 46232K, committed 46652K, reserved 1091584K
  class space    used 4916K, capacity 5189K, committed 5268K, reserved 1048576K
}
2017-04-16T11:58:35.508-0700: 140039.768: Total time for which application threads were stopped: 0.0144864 seconds, Stopping threads took: 0.0001480 seconds
{Heap before GC invocations=12935 (full 18):
 par new generation   total 1800000K, used 1607719K [0x00000003ef600000, 0x0000000469720000, 0x0000000469720000)
  eden space 1600000K, 100% used [0x00000003ef600000, 0x0000000451080000, 0x0000000451080000)
  from space 200000K,   3% used [0x000000045d3d0000, 0x000000045db59f10, 0x0000000469720000)
  to   space 200000K,   0% used [0x0000000451080000, 0x0000000451080000, 0x000000045d3d0000)
 concurrent mark-sweep generation total 14001024K, used 8467575K [0x0000000469720000, 0x00000007c0000000, 0x00000007c0000000)
 Metaspace       used 44937K, capacity 46232K, committed 46652K, reserved 1091584K
  class space    used 4916K, capacity 5189K, committed 5268K, reserved 1048576K
2017-04-16T11:58:49.076-0700: 140053.335: [GC (Allocation Failure) Before GC:
Statistics for BinaryTreeDictionary:
------------------------------------
Total Free Space: 161343468
Max   Chunk Size: 1128311
Number of Blocks: 73000
Av.  Block  Size: 2210
Tree      Height: 110
2017-04-16T11:58:49.076-0700: 140053.336: [ParNew
Desired survivor size 102400000 bytes, new threshold 1 (max 1)
- age   1:    5868728 bytes,    5868728 total
: 1607719K->6448K(1800000K), 0.0121697 secs] 10075294K->8475338K(15801024K)After GC:
Statistics for BinaryTreeDictionary:
------------------------------------
Total Free Space: 161314433
Max   Chunk Size: 1128311
Number of Blocks: 72978
Av.  Block  Size: 2210
Tree      Height: 110
, 0.0134452 secs] [Times: user=0.31 sys=0.00, real=0.01 secs] 
Heap after GC invocations=12936 (full 18):
 par new generation   total 1800000K, used 6448K [0x00000003ef600000, 0x0000000469720000, 0x0000000469720000)
  eden space 1600000K,   0% used [0x00000003ef600000, 0x00000003ef600000, 0x0000000451080000)
  from space 200000K,   3% used [0x0000000451080000, 0x00000004516cc090, 0x000000045d3d0000)
  to   space 200000K,   0% used [0x000000045d3d0000, 0x000000045d3d0000, 0x0000000469720000)
 concurrent mark-sweep generation total 14001024K, used 8468889K [0x0000000469720000, 0x00000007c0000000, 0x00000007c0000000)
 Metaspace       used 44937K, capacity 46232K, committed 46652K, reserved 1091584K
  class space    used 4916K, capacity 5189K, committed 5268K, reserved 1048576K
}
2017-04-16T11:58:49.089-0700: 140053.349: Total time for which application threads were stopped: 0.0145264 seconds, Stopping threads took: 0.0001539 seconds
{Heap before GC invocations=12936 (full 18):
 par new generation   total 1800000K, used 1606448K [0x00000003ef600000, 0x0000000469720000, 0x0000000469720000)
  eden space 1600000K, 100% used [0x00000003ef600000, 0x0000000451080000, 0x0000000451080000)
  from space 200000K,   3% used [0x0000000451080000, 0x00000004516cc090, 0x000000045d3d0000)
  to   space 200000K,   0% used [0x000000045d3d0000, 0x000000045d3d0000, 0x0000000469720000)
 concurrent mark-sweep generation total 14001024K, used 8468889K [0x0000000469720000, 0x00000007c0000000, 0x00000007c0000000)
 Metaspace       used 44937K, capacity 46232K, committed 46652K, reserved 1091584K
  class space    used 4916K, capacity 5189K, committed 5268K, reserved 1048576K
2017-04-16T11:59:02.955-0700: 140067.214: [GC (Allocation Failure) Before GC:
Statistics for BinaryTreeDictionary:
------------------------------------
Total Free Space: 161314433
Max   Chunk Size: 1128311
Number of Blocks: 72978
Av.  Block  Size: 2210
Tree      Height: 110
2017-04-16T11:59:02.955-0700: 140067.215: [ParNew
Desired survivor size 102400000 bytes, new threshold 1 (max 1)
- age   1:    7145664 bytes,    7145664 total
: 1606448K->7443K(1800000K), 0.0119645 secs] 10075338K->8477590K(15801024K)After GC:
Statistics for BinaryTreeDictionary:
------------------------------------
Total Free Space: 161277365
Max   Chunk Size: 1128311
Number of Blocks: 72967
Av.  Block  Size: 2210
Tree      Height: 110
, 0.0132058 secs] [Times: user=0.29 sys=0.00, real=0.01 secs] 
Heap after GC invocations=12937 (full 18):
 par new generation   total 1800000K, used 7443K [0x00000003ef600000, 0x0000000469720000, 0x0000000469720000)
  eden space 1600000K,   0% used [0x00000003ef600000, 0x00000003ef600000, 0x0000000451080000)
  from space 200000K,   3% used [0x000000045d3d0000, 0x000000045db14fd0, 0x0000000469720000)
  to   space 200000K,   0% used [0x0000000451080000, 0x0000000451080000, 0x000000045d3d0000)
 concurrent mark-sweep generation total 14001024K, used 8470146K [0x0000000469720000, 0x00000007c0000000, 0x00000007c0000000)
 Metaspace       used 44937K, capacity 46232K, committed 46652K, reserved 1091584K
  class space    used 4916K, capacity 5189K, committed 5268K, reserved 1048576K
}
2017-04-16T11:59:02.968-0700: 140067.227: Total time for which application threads were stopped: 0.0142764 seconds, Stopping threads took: 0.0001511 seconds
2017-04-16T11:59:04.959-0700: 140069.219: Total time for which application threads were stopped: 0.0008585 seconds, Stopping threads took: 0.0001445 seconds
2017-04-16T11:59:08.389-0700: 140072.648: Total time for which application threads were stopped: 0.0021503 seconds, Stopping threads took: 0.0001504 seconds
{Heap before GC invocations=12937 (full 18):
 par new generation   total 1800000K, used 1607443K [0x00000003ef600000, 0x0000000469720000, 0x0000000469720000)
  eden space 1600000K, 100% used [0x00000003ef600000, 0x0000000451080000, 0x0000000451080000)
  from space 200000K,   3% used [0x000000045d3d0000, 0x000000045db14fd0, 0x0000000469720000)
  to   space 200000K,   0% used [0x0000000451080000, 0x0000000451080000, 0x000000045d3d0000)
 concurrent mark-sweep generation total 14001024K, used 8470146K [0x0000000469720000, 0x00000007c0000000, 0x00000007c0000000)
 Metaspace       used 44937K, capacity 46232K, committed 46652K, reserved 1091584K
  class space    used 4916K, capacity 5189K, committed 5268K, reserved 1048576K
2017-04-16T11:59:16.366-0700: 140080.625: [GC (Allocation Failure) Before GC:
Statistics for BinaryTreeDictionary:
------------------------------------
Total Free Space: 161277365
Max   Chunk Size: 1128311
Number of Blocks: 72967
Av.  Block  Size: 2210
Tree      Height: 110
2017-04-16T11:59:16.366-0700: 140080.625: [ParNew
Desired survivor size 102400000 bytes, new threshold 1 (max 1)
- age   1:    5878192 bytes,    5878192 total
: 1607443K->6233K(1800000K), 0.0118470 secs] 10077590K->8478237K(15801024K)After GC:
Statistics for BinaryTreeDictionary:
------------------------------------
Total Free Space: 161172865
Max   Chunk Size: 1128311
Number of Blocks: 72952
Av.  Block  Size: 2209
Tree      Height: 110
, 0.0131103 secs] [Times: user=0.29 sys=0.00, real=0.01 secs] 
Heap after GC invocations=12938 (full 18):
 par new generation   total 1800000K, used 6233K [0x00000003ef600000, 0x0000000469720000, 0x0000000469720000)
  eden space 1600000K,   0% used [0x00000003ef600000, 0x00000003ef600000, 0x0000000451080000)
  from space 200000K,   3% used [0x0000000451080000, 0x0000000451696688, 0x000000045d3d0000)
  to   space 200000K,   0% used [0x000000045d3d0000, 0x000000045d3d0000, 0x0000000469720000)
 concurrent mark-sweep generation total 14001024K, used 8472003K [0x0000000469720000, 0x00000007c0000000, 0x00000007c0000000)
 Metaspace       used 44937K, capacity 46232K, committed 46652K, reserved 1091584K
  class space    used 4916K, capacity 5189K, committed 5268K, reserved 1048576K
}
2017-04-16T11:59:16.379-0700: 140080.638: Total time for which application threads were stopped: 0.0141839 seconds, Stopping threads took: 0.0001468 seconds
{Heap before GC invocations=12938 (full 18):
 par new generation   total 1800000K, used 1606233K [0x00000003ef600000, 0x0000000469720000, 0x0000000469720000)
  eden space 1600000K, 100% used [0x00000003ef600000, 0x0000000451080000, 0x0000000451080000)
  from space 200000K,   3% used [0x0000000451080000, 0x0000000451696688, 0x000000045d3d0000)
  to   space 200000K,   0% used [0x000000045d3d0000, 0x000000045d3d0000, 0x0000000469720000)
 concurrent mark-sweep generation total 14001024K, used 8472003K [0x0000000469720000, 0x00000007c0000000, 0x00000007c0000000)
 Metaspace       used 44937K, capacity 46232K, committed 46652K, reserved 1091584K
  class space    used 4916K, capacity 5189K, committed 5268K, reserved 1048576K
2017-04-16T11:59:29.983-0700: 140094.243: [GC (Allocation Failure) Before GC:
Statistics for BinaryTreeDictionary:
------------------------------------
Total Free Space: 161172865
Max   Chunk Size: 1128311
Number of Blocks: 72952
Av.  Block  Size: 2209
Tree      Height: 110
2017-04-16T11:59:29.984-0700: 140094.243: [ParNew
Desired survivor size 102400000 bytes, new threshold 1 (max 1)
- age   1:    6132904 bytes,    6132904 total
: 1606233K->6843K(1800000K), 0.0118862 secs] 10078237K->8479957K(15801024K)After GC:
Statistics for BinaryTreeDictionary:
------------------------------------
Total Free Space: 161163857
Max   Chunk Size: 1128311
Number of Blocks: 72935
Av.  Block  Size: 2209
Tree      Height: 110
, 0.0131563 secs] [Times: user=0.29 sys=0.00, real=0.02 secs] 
Heap after GC invocations=12939 (full 18):
 par new generation   total 1800000K, used 6843K [0x00000003ef600000, 0x0000000469720000, 0x0000000469720000)
  eden space 1600000K,   0% used [0x00000003ef600000, 0x00000003ef600000, 0x0000000451080000)
  from space 200000K,   3% used [0x000000045d3d0000, 0x000000045da7ec48, 0x0000000469720000)
  to   space 200000K,   0% used [0x0000000451080000, 0x0000000451080000, 0x000000045d3d0000)
 concurrent mark-sweep generation total 14001024K, used 8473114K [0x0000000469720000, 0x00000007c0000000, 0x00000007c0000000)
 Metaspace       used 44937K, capacity 46232K, committed 46652K, reserved 1091584K
  class space    used 4916K, capacity 5189K, committed 5268K, reserved 1048576K
}
2017-04-16T11:59:29.997-0700: 140094.256: Total time for which application threads were stopped: 0.0142133 seconds, Stopping threads took: 0.0001547 seconds
2017-04-16T11:59:39.750-0700: 140104.009: Total time for which application threads were stopped: 0.0021231 seconds, Stopping threads took: 0.0001420 seconds
{Heap before GC invocations=12939 (full 18):
 par new generation   total 1800000K, used 1606843K [0x00000003ef600000, 0x0000000469720000, 0x0000000469720000)
  eden space 1600000K, 100% used [0x00000003ef600000, 0x0000000451080000, 0x0000000451080000)
  from space 200000K,   3% used [0x000000045d3d0000, 0x000000045da7ec48, 0x0000000469720000)
  to   space 200000K,   0% used [0x0000000451080000, 0x0000000451080000, 0x000000045d3d0000)
 concurrent mark-sweep generation total 14001024K, used 8473114K [0x0000000469720000, 0x00000007c0000000, 0x00000007c0000000)
 Metaspace       used 44937K, capacity 46232K, committed 46652K, reserved 1091584K
  class space    used 4916K, capacity 5189K, committed 5268K, reserved 1048576K
2017-04-16T11:59:41.321-0700: 140105.580: [GC (Allocation Failure) Before GC:
Statistics for BinaryTreeDictionary:
------------------------------------
Total Free Space: 161163857
Max   Chunk Size: 1128311
Number of Blocks: 72935
Av.  Block  Size: 2209
Tree      Height: 110
2017-04-16T11:59:41.321-0700: 140105.581: [ParNew
Desired survivor size 102400000 bytes, new threshold 1 (max 1)
- age   1:    7849248 bytes,    7849248 total
: 1606843K->8014K(1800000K), 0.0120500 secs] 10079957K->8482374K(15801024K)After GC:
Statistics for BinaryTreeDictionary:
------------------------------------
Total Free Space: 161142114
Max   Chunk Size: 1128311
Number of Blocks: 72921
Av.  Block  Size: 2209
Tree      Height: 110
, 0.0133077 secs] [Times: user=0.30 sys=0.00, real=0.01 secs] 
Heap after GC invocations=12940 (full 18):
 par new generation   total 1800000K, used 8014K [0x00000003ef600000, 0x0000000469720000, 0x0000000469720000)
  eden space 1600000K,   0% used [0x00000003ef600000, 0x00000003ef600000, 0x0000000451080000)
  from space 200000K,   4% used [0x0000000451080000, 0x0000000451853aa8, 0x000000045d3d0000)
  to   space 200000K,   0% used [0x000000045d3d0000, 0x000000045d3d0000, 0x0000000469720000)
 concurrent mark-sweep generation total 14001024K, used 8474360K [0x0000000469720000, 0x00000007c0000000, 0x00000007c0000000)
 Metaspace       used 44937K, capacity 46232K, committed 46652K, reserved 1091584K
  class space    used 4916K, capacity 5189K, committed 5268K, reserved 1048576K
}
2017-04-16T11:59:41.334-0700: 140105.594: Total time for which application threads were stopped: 0.0143963 seconds, Stopping threads took: 0.0001543 seconds
{Heap before GC invocations=12940 (full 18):
 par new generation   total 1800000K, used 1608014K [0x00000003ef600000, 0x0000000469720000, 0x0000000469720000)
  eden space 1600000K, 100% used [0x00000003ef600000, 0x0000000451080000, 0x0000000451080000)
  from space 200000K,   4% used [0x0000000451080000, 0x0000000451853aa8, 0x000000045d3d0000)
  to   space 200000K,   0% used [0x000000045d3d0000, 0x000000045d3d0000, 0x0000000469720000)
 concurrent mark-sweep generation total 14001024K, used 8474360K [0x0000000469720000, 0x00000007c0000000, 0x00000007c0000000)
 Metaspace       used 44937K, capacity 46232K, committed 46652K, reserved 1091584K
  class space    used 4916K, capacity 5189K, committed 5268K, reserved 1048576K
2017-04-16T11:59:54.265-0700: 140118.524: [GC (Allocation Failure) Before GC:
Statistics for BinaryTreeDictionary:
------------------------------------
Total Free Space: 161142114
Max   Chunk Size: 1128311
Number of Blocks: 72921
Av.  Block  Size: 2209
Tree      Height: 110
2017-04-16T11:59:54.265-0700: 140118.525: [ParNew
Desired survivor size 102400000 bytes, new threshold 1 (max 1)
- age   1:    6104792 bytes,    6104792 total
: 1608014K->6447K(1800000K), 0.0119908 secs] 10082374K->8483446K(15801024K)After GC:
Statistics for BinaryTreeDictionary:
------------------------------------
Total Free Space: 160917369
Max   Chunk Size: 1128311
Number of Blocks: 72907
Av.  Block  Size: 2207
Tree      Height: 110
, 0.0132508 secs] [Times: user=0.30 sys=0.00, real=0.01 secs] 
Heap after GC invocations=12941 (full 18):
 par new generation   total 1800000K, used 6447K [0x00000003ef600000, 0x0000000469720000, 0x0000000469720000)
  eden space 1600000K,   0% used [0x00000003ef600000, 0x00000003ef600000, 0x0000000451080000)
  from space 200000K,   3% used [0x000000045d3d0000, 0x000000045da1bc18, 0x0000000469720000)
  to   space 200000K,   0% used [0x0000000451080000, 0x0000000451080000, 0x000000045d3d0000)
 concurrent mark-sweep generation total 14001024K, used 8476999K [0x0000000469720000, 0x00000007c0000000, 0x00000007c0000000)
 Metaspace       used 44937K, capacity 46232K, committed 46652K, reserved 1091584K
  class space    used 4916K, capacity 5189K, committed 5268K, reserved 1048576K
}
2017-04-16T11:59:54.278-0700: 140118.537: Total time for which application threads were stopped: 0.0143481 seconds, Stopping threads took: 0.0001582 seconds
2017-04-16T12:00:00.115-0700: 140124.374: Total time for which application threads were stopped: 0.0009084 seconds, Stopping threads took: 0.0001715 seconds
2017-04-16T12:00:00.117-0700: 140124.376: Total time for which application threads were stopped: 0.0004476 seconds, Stopping threads took: 0.0000691 seconds
2017-04-16T12:00:00.175-0700: 140124.435: Total time for which application threads were stopped: 0.0005456 seconds, Stopping threads took: 0.0000731 seconds
2017-04-16T12:00:00.179-0700: 140124.438: Total time for which application threads were stopped: 0.0004297 seconds, Stopping threads took: 0.0000829 seconds
{Heap before GC invocations=12941 (full 18):
 par new generation   total 1800000K, used 1606447K [0x00000003ef600000, 0x0000000469720000, 0x0000000469720000)
  eden space 1600000K, 100% used [0x00000003ef600000, 0x0000000451080000, 0x0000000451080000)
  from space 200000K,   3% used [0x000000045d3d0000, 0x000000045da1bc18, 0x0000000469720000)
  to   space 200000K,   0% used [0x0000000451080000, 0x0000000451080000, 0x000000045d3d0000)
 concurrent mark-sweep generation total 14001024K, used 8476999K [0x0000000469720000, 0x00000007c0000000, 0x00000007c0000000)
 Metaspace       used 44937K, capacity 46232K, committed 46652K, reserved 1091584K
  class space    used 4916K, capacity 5189K, committed 5268K, reserved 1048576K
2017-04-16T12:00:09.059-0700: 140133.318: [GC (Allocation Failure) Before GC:
Statistics for BinaryTreeDictionary:
------------------------------------
Total Free Space: 160917369
Max   Chunk Size: 1128311
Number of Blocks: 72907
Av.  Block  Size: 2207
Tree      Height: 110
2017-04-16T12:00:09.059-0700: 140133.319: [ParNew
Desired survivor size 102400000 bytes, new threshold 1 (max 1)
- age   1:    6504480 bytes,    6504480 total
: 1606447K->6779K(1800000K), 0.0123326 secs] 10083446K->8485253K(15801024K)After GC:
Statistics for BinaryTreeDictionary:
------------------------------------
Total Free Space: 160850568
Max   Chunk Size: 1128311
Number of Blocks: 72881
Av.  Block  Size: 2207
Tree      Height: 110
, 0.0135811 secs] [Times: user=0.30 sys=0.00, real=0.02 secs] 
Heap after GC invocations=12942 (full 18):
 par new generation   total 1800000K, used 6779K [0x00000003ef600000, 0x0000000469720000, 0x0000000469720000)
  eden space 1600000K,   0% used [0x00000003ef600000, 0x00000003ef600000, 0x0000000451080000)
  from space 200000K,   3% used [0x0000000451080000, 0x000000045171ede8, 0x000000045d3d0000)
  to   space 200000K,   0% used [0x000000045d3d0000, 0x000000045d3d0000, 0x0000000469720000)
 concurrent mark-sweep generation total 14001024K, used 8478474K [0x0000000469720000, 0x00000007c0000000, 0x00000007c0000000)
 Metaspace       used 44937K, capacity 46232K, committed 46652K, reserved 1091584K
  class space    used 4916K, capacity 5189K, committed 5268K, reserved 1048576K
}
2017-04-16T12:00:09.072-0700: 140133.332: Total time for which application threads were stopped: 0.0146728 seconds, Stopping threads took: 0.0001465 seconds
{Heap before GC invocations=12942 (full 18):
 par new generation   total 1800000K, used 1606779K [0x00000003ef600000, 0x0000000469720000, 0x0000000469720000)
  eden space 1600000K, 100% used [0x00000003ef600000, 0x0000000451080000, 0x0000000451080000)
  from space 200000K,   3% used [0x0000000451080000, 0x000000045171ede8, 0x000000045d3d0000)
  to   space 200000K,   0% used [0x000000045d3d0000, 0x000000045d3d0000, 0x0000000469720000)
 concurrent mark-sweep generation total 14001024K, used 8478474K [0x0000000469720000, 0x00000007c0000000, 0x00000007c0000000)
 Metaspace       used 44937K, capacity 46232K, committed 46652K, reserved 1091584K
  class space    used 4916K, capacity 5189K, committed 5268K, reserved 1048576K
2017-04-16T12:00:23.383-0700: 140147.642: [GC (Allocation Failure) Before GC:
Statistics for BinaryTreeDictionary:
------------------------------------
Total Free Space: 160850568
Max   Chunk Size: 1128311
Number of Blocks: 72881
Av.  Block  Size: 2207
Tree      Height: 110
2017-04-16T12:00:23.384-0700: 140147.643: [ParNew
Desired survivor size 102400000 bytes, new threshold 1 (max 1)
- age   1:    6014672 bytes,    6014672 total
: 1606779K->6716K(1800000K), 0.0125476 secs] 10085253K->8487056K(15801024K)After GC:
Statistics for BinaryTreeDictionary:
------------------------------------
Total Free Space: 160826085
Max   Chunk Size: 1128311
Number of Blocks: 72865
Av.  Block  Size: 2207
Tree      Height: 110
, 0.0138163 secs] [Times: user=0.30 sys=0.00, real=0.02 secs] 
Heap after GC invocations=12943 (full 18):
 par new generation   total 1800000K, used 6716K [0x00000003ef600000, 0x0000000469720000, 0x0000000469720000)
  eden space 1600000K,   0% used [0x00000003ef600000, 0x00000003ef600000, 0x0000000451080000)
  from space 200000K,   3% used [0x000000045d3d0000, 0x000000045da5f178, 0x0000000469720000)
  to   space 200000K,   0% used [0x0000000451080000, 0x0000000451080000, 0x000000045d3d0000)
 concurrent mark-sweep generation total 14001024K, used 8480339K [0x0000000469720000, 0x00000007c0000000, 0x00000007c0000000)
 Metaspace       used 44937K, capacity 46232K, committed 46652K, reserved 1091584K
  class space    used 4916K, capacity 5189K, committed 5268K, reserved 1048576K
}
2017-04-16T12:00:23.397-0700: 140147.656: Total time for which application threads were stopped: 0.0148917 seconds, Stopping threads took: 0.0001445 seconds
{Heap before GC invocations=12943 (full 18):
 par new generation   total 1800000K, used 1606716K [0x00000003ef600000, 0x0000000469720000, 0x0000000469720000)
  eden space 1600000K, 100% used [0x00000003ef600000, 0x0000000451080000, 0x0000000451080000)
  from space 200000K,   3% used [0x000000045d3d0000, 0x000000045da5f178, 0x0000000469720000)
  to   space 200000K,   0% used [0x0000000451080000, 0x0000000451080000, 0x000000045d3d0000)
 concurrent mark-sweep generation total 14001024K, used 8480339K [0x0000000469720000, 0x00000007c0000000, 0x00000007c0000000)
 Metaspace       used 44937K, capacity 46232K, committed 46652K, reserved 1091584K
  class space    used 4916K, capacity 5189K, committed 5268K, reserved 1048576K
2017-04-16T12:00:37.255-0700: 140161.514: [GC (Allocation Failure) Before GC:
Statistics for BinaryTreeDictionary:
------------------------------------
Total Free Space: 160826085
Max   Chunk Size: 1128311
Number of Blocks: 72865
Av.  Block  Size: 2207
Tree      Height: 110
2017-04-16T12:00:37.256-0700: 140161.515: [ParNew
Desired survivor size 102400000 bytes, new threshold 1 (max 1)
- age   1:    6849832 bytes,    6849832 total
: 1606716K->7201K(1800000K), 0.0124106 secs] 10087056K->8488809K(15801024K)After GC:
Statistics for BinaryTreeDictionary:
------------------------------------
Total Free Space: 160818214
Max   Chunk Size: 1128311
Number of Blocks: 72849
Av.  Block  Size: 2207
Tree      Height: 110
, 0.0136868 secs] [Times: user=0.31 sys=0.00, real=0.02 secs] 
Heap after GC invocations=12944 (full 18):
 par new generation   total 1800000K, used 7201K [0x00000003ef600000, 0x0000000469720000, 0x0000000469720000)
  eden space 1600000K,   0% used [0x00000003ef600000, 0x00000003ef600000, 0x0000000451080000)
  from space 200000K,   3% used [0x0000000451080000, 0x00000004517885c8, 0x000000045d3d0000)
  to   space 200000K,   0% used [0x000000045d3d0000, 0x000000045d3d0000, 0x0000000469720000)
 concurrent mark-sweep generation total 14001024K, used 8481607K [0x0000000469720000, 0x00000007c0000000, 0x00000007c0000000)
 Metaspace       used 44937K, capacity 46232K, committed 46652K, reserved 1091584K
  class space    used 4916K, capacity 5189K, committed 5268K, reserved 1048576K
}
2017-04-16T12:00:37.269-0700: 140161.528: Total time for which application threads were stopped: 0.0148095 seconds, Stopping threads took: 0.0001690 seconds
2017-04-16T12:00:38.633-0700: 140162.892: Total time for which application threads were stopped: 0.0008920 seconds, Stopping threads took: 0.0001443 seconds
{Heap before GC invocations=12944 (full 18):
 par new generation   total 1800000K, used 1607201K [0x00000003ef600000, 0x0000000469720000, 0x0000000469720000)
  eden space 1600000K, 100% used [0x00000003ef600000, 0x0000000451080000, 0x0000000451080000)
  from space 200000K,   3% used [0x0000000451080000, 0x00000004517885c8, 0x000000045d3d0000)
  to   space 200000K,   0% used [0x000000045d3d0000, 0x000000045d3d0000, 0x0000000469720000)
 concurrent mark-sweep generation total 14001024K, used 8481607K [0x0000000469720000, 0x00000007c0000000, 0x00000007c0000000)
 Metaspace       used 44937K, capacity 46232K, committed 46652K, reserved 1091584K
  class space    used 4916K, capacity 5189K, committed 5268K, reserved 1048576K
2017-04-16T12:00:51.385-0700: 140175.645: [GC (Allocation Failure) Before GC:
Statistics for BinaryTreeDictionary:
------------------------------------
Total Free Space: 160818214
Max   Chunk Size: 1128311
Number of Blocks: 72849
Av.  Block  Size: 2207
Tree      Height: 110
2017-04-16T12:00:51.386-0700: 140175.645: [ParNew
Desired survivor size 102400000 bytes, new threshold 1 (max 1)
- age   1:    6065816 bytes,    6065816 total
: 1607201K->6806K(1800000K), 0.0124820 secs] 10088809K->8490232K(15801024K)After GC:
Statistics for BinaryTreeDictionary:
------------------------------------
Total Free Space: 160790303
Max   Chunk Size: 1128311
Number of Blocks: 72824
Av.  Block  Size: 2207
Tree      Height: 110
, 0.0137348 secs] [Times: user=0.31 sys=0.00, real=0.02 secs] 
Heap after GC invocations=12945 (full 18):
 par new generation   total 1800000K, used 6806K [0x00000003ef600000, 0x0000000469720000, 0x0000000469720000)
  eden space 1600000K,   0% used [0x00000003ef600000, 0x00000003ef600000, 0x0000000451080000)
  from space 200000K,   3% used [0x000000045d3d0000, 0x000000045da75bf0, 0x0000000469720000)
  to   space 200000K,   0% used [0x0000000451080000, 0x0000000451080000, 0x000000045d3d0000)
 concurrent mark-sweep generation total 14001024K, used 8483425K [0x0000000469720000, 0x00000007c0000000, 0x00000007c0000000)
 Metaspace       used 44937K, capacity 46232K, committed 46652K, reserved 1091584K
  class space    used 4916K, capacity 5189K, committed 5268K, reserved 1048576K
}
2017-04-16T12:00:51.399-0700: 140175.659: Total time for which application threads were stopped: 0.0148295 seconds, Stopping threads took: 0.0001561 seconds
{Heap before GC invocations=12945 (full 18):
 par new generation   total 1800000K, used 1606806K [0x00000003ef600000, 0x0000000469720000, 0x0000000469720000)
  eden space 1600000K, 100% used [0x00000003ef600000, 0x0000000451080000, 0x0000000451080000)
  from space 200000K,   3% used [0x000000045d3d0000, 0x000000045da75bf0, 0x0000000469720000)
  to   space 200000K,   0% used [0x0000000451080000, 0x0000000451080000, 0x000000045d3d0000)
 concurrent mark-sweep generation total 14001024K, used 8483425K [0x0000000469720000, 0x00000007c0000000, 0x00000007c0000000)
 Metaspace       used 44937K, capacity 46232K, committed 46652K, reserved 1091584K
  class space    used 4916K, capacity 5189K, committed 5268K, reserved 1048576K
2017-04-16T12:01:04.685-0700: 140188.944: [GC (Allocation Failure) Before GC:
Statistics for BinaryTreeDictionary:
------------------------------------
Total Free Space: 160790303
Max   Chunk Size: 1128311
Number of Blocks: 72824
Av.  Block  Size: 2207
Tree      Height: 110
2017-04-16T12:01:04.685-0700: 140188.945: [ParNew
Desired survivor size 102400000 bytes, new threshold 1 (max 1)
- age   1:    7479256 bytes,    7479256 total
: 1606806K->7952K(1800000K), 0.0121927 secs] 10090232K->8492691K(15801024K)After GC:
Statistics for BinaryTreeDictionary:
------------------------------------
Total Free Space: 160768472
Max   Chunk Size: 1128311
Number of Blocks: 72815
Av.  Block  Size: 2207
Tree      Height: 110
, 0.0134491 secs] [Times: user=0.30 sys=0.00, real=0.01 secs] 
Heap after GC invocations=12946 (full 18):
 par new generation   total 1800000K, used 7952K [0x00000003ef600000, 0x0000000469720000, 0x0000000469720000)
  eden space 1600000K,   0% used [0x00000003ef600000, 0x00000003ef600000, 0x0000000451080000)
  from space 200000K,   3% used [0x0000000451080000, 0x0000000451844348, 0x000000045d3d0000)
  to   space 200000K,   0% used [0x000000045d3d0000, 0x000000045d3d0000, 0x0000000469720000)
 concurrent mark-sweep generation total 14001024K, used 8484738K [0x0000000469720000, 0x00000007c0000000, 0x00000007c0000000)
 Metaspace       used 44937K, capacity 46232K, committed 46652K, reserved 1091584K
  class space    used 4916K, capacity 5189K, committed 5268K, reserved 1048576K
}
2017-04-16T12:01:04.698-0700: 140188.958: Total time for which application threads were stopped: 0.0145166 seconds, Stopping threads took: 0.0001534 seconds
2017-04-16T12:01:09.693-0700: 140193.952: Total time for which application threads were stopped: 0.0021176 seconds, Stopping threads took: 0.0001444 seconds
{Heap before GC invocations=12946 (full 18):
 par new generation   total 1800000K, used 1607952K [0x00000003ef600000, 0x0000000469720000, 0x0000000469720000)
  eden space 1600000K, 100% used [0x00000003ef600000, 0x0000000451080000, 0x0000000451080000)
  from space 200000K,   3% used [0x0000000451080000, 0x0000000451844348, 0x000000045d3d0000)
  to   space 200000K,   0% used [0x000000045d3d0000, 0x000000045d3d0000, 0x0000000469720000)
 concurrent mark-sweep generation total 14001024K, used 8484738K [0x0000000469720000, 0x00000007c0000000, 0x00000007c0000000)
 Metaspace       used 44937K, capacity 46232K, committed 46652K, reserved 1091584K
  class space    used 4916K, capacity 5189K, committed 5268K, reserved 1048576K
2017-04-16T12:01:15.772-0700: 140200.032: [GC (Allocation Failure) Before GC:
Statistics for BinaryTreeDictionary:
------------------------------------
Total Free Space: 160768472
Max   Chunk Size: 1128311
Number of Blocks: 72815
Av.  Block  Size: 2207
Tree      Height: 110
2017-04-16T12:01:15.773-0700: 140200.032: [ParNew
Desired survivor size 102400000 bytes, new threshold 1 (max 1)
- age   1:    7268104 bytes,    7268104 total
: 1607952K->7689K(1800000K), 0.0119840 secs] 10092691K->8493709K(15801024K)After GC:
Statistics for BinaryTreeDictionary:
------------------------------------
Total Free Space: 160748345
Max   Chunk Size: 1128311
Number of Blocks: 72806
Av.  Block  Size: 2207
Tree      Height: 110
, 0.0132510 secs] [Times: user=0.29 sys=0.00, real=0.01 secs] 
Heap after GC invocations=12947 (full 18):
 par new generation   total 1800000K, used 7689K [0x00000003ef600000, 0x0000000469720000, 0x0000000469720000)
  eden space 1600000K,   0% used [0x00000003ef600000, 0x00000003ef600000, 0x0000000451080000)
  from space 200000K,   3% used [0x000000045d3d0000, 0x000000045db52578, 0x0000000469720000)
  to   space 200000K,   0% used [0x0000000451080000, 0x0000000451080000, 0x000000045d3d0000)
 concurrent mark-sweep generation total 14001024K, used 8486020K [0x0000000469720000, 0x00000007c0000000, 0x00000007c0000000)
 Metaspace       used 44937K, capacity 46232K, committed 46652K, reserved 1091584K
  class space    used 4916K, capacity 5189K, committed 5268K, reserved 1048576K
}
2017-04-16T12:01:15.786-0700: 140200.045: Total time for which application threads were stopped: 0.0143309 seconds, Stopping threads took: 0.0001499 seconds
2017-04-16T12:01:25.377-0700: 140209.636: Total time for which application threads were stopped: 0.0009002 seconds, Stopping threads took: 0.0001663 seconds
{Heap before GC invocations=12947 (full 18):
 par new generation   total 1800000K, used 1607689K [0x00000003ef600000, 0x0000000469720000, 0x0000000469720000)
  eden space 1600000K, 100% used [0x00000003ef600000, 0x0000000451080000, 0x0000000451080000)
  from space 200000K,   3% used [0x000000045d3d0000, 0x000000045db52578, 0x0000000469720000)
  to   space 200000K,   0% used [0x0000000451080000, 0x0000000451080000, 0x000000045d3d0000)
 concurrent mark-sweep generation total 14001024K, used 8486020K [0x0000000469720000, 0x00000007c0000000, 0x00000007c0000000)
 Metaspace       used 44937K, capacity 46232K, committed 46652K, reserved 1091584K
  class space    used 4916K, capacity 5189K, committed 5268K, reserved 1048576K
2017-04-16T12:01:29.652-0700: 140213.911: [GC (Allocation Failure) Before GC:
Statistics for BinaryTreeDictionary:
------------------------------------
Total Free Space: 160748345
Max   Chunk Size: 1128311
Number of Blocks: 72806
Av.  Block  Size: 2207
Tree      Height: 110
2017-04-16T12:01:29.653-0700: 140213.912: [ParNew
Desired survivor size 102400000 bytes, new threshold 1 (max 1)
- age   1:    5940472 bytes,    5940472 total
: 1607689K->6425K(1800000K), 0.0119997 secs] 10093709K->8494389K(15801024K)After GC:
Statistics for BinaryTreeDictionary:
------------------------------------
Total Free Space: 160624457
Max   Chunk Size: 1128311
Number of Blocks: 72770
Av.  Block  Size: 2207
Tree      Height: 110
, 0.0132607 secs] [Times: user=0.30 sys=0.00, real=0.02 secs] 
Heap after GC invocations=12948 (full 18):
 par new generation   total 1800000K, used 6425K [0x00000003ef600000, 0x0000000469720000, 0x0000000469720000)
  eden space 1600000K,   0% used [0x00000003ef600000, 0x00000003ef600000, 0x0000000451080000)
  from space 200000K,   3% used [0x0000000451080000, 0x00000004516c6690, 0x000000045d3d0000)
  to   space 200000K,   0% used [0x000000045d3d0000, 0x000000045d3d0000, 0x0000000469720000)
 concurrent mark-sweep generation total 14001024K, used 8487963K [0x0000000469720000, 0x00000007c0000000, 0x00000007c0000000)
 Metaspace       used 44937K, capacity 46232K, committed 46652K, reserved 1091584K
  class space    used 4916K, capacity 5189K, committed 5268K, reserved 1048576K
}
2017-04-16T12:01:29.665-0700: 140213.925: Total time for which application threads were stopped: 0.0143566 seconds, Stopping threads took: 0.0001465 seconds
{Heap before GC invocations=12948 (full 18):
 par new generation   total 1800000K, used 1606425K [0x00000003ef600000, 0x0000000469720000, 0x0000000469720000)
  eden space 1600000K, 100% used [0x00000003ef600000, 0x0000000451080000, 0x0000000451080000)
  from space 200000K,   3% used [0x0000000451080000, 0x00000004516c6690, 0x000000045d3d0000)
  to   space 200000K,   0% used [0x000000045d3d0000, 0x000000045d3d0000, 0x0000000469720000)
 concurrent mark-sweep generation total 14001024K, used 8487963K [0x0000000469720000, 0x00000007c0000000, 0x00000007c0000000)
 Metaspace       used 44937K, capacity 46232K, committed 46652K, reserved 1091584K
  class space    used 4916K, capacity 5189K, committed 5268K, reserved 1048576K
2017-04-16T12:01:41.849-0700: 140226.108: [GC (Allocation Failure) Before GC:
Statistics for BinaryTreeDictionary:
------------------------------------
Total Free Space: 160624457
Max   Chunk Size: 1128311
Number of Blocks: 72770
Av.  Block  Size: 2207
Tree      Height: 110
2017-04-16T12:01:41.849-0700: 140226.109: [ParNew
Desired survivor size 102400000 bytes, new threshold 1 (max 1)
- age   1:   13659032 bytes,   13659032 total
: 1606425K->13945K(1800000K), 0.0120421 secs] 10094389K->8503105K(15801024K)After GC:
Statistics for BinaryTreeDictionary:
------------------------------------
Total Free Space: 160608034
Max   Chunk Size: 1128311
Number of Blocks: 72770
Av.  Block  Size: 2207
Tree      Height: 110
, 0.0133361 secs] [Times: user=0.30 sys=0.00, real=0.01 secs] 
Heap after GC invocations=12949 (full 18):
 par new generation   total 1800000K, used 13945K [0x00000003ef600000, 0x0000000469720000, 0x0000000469720000)
  eden space 1600000K,   0% used [0x00000003ef600000, 0x00000003ef600000, 0x0000000451080000)
  from space 200000K,   6% used [0x000000045d3d0000, 0x000000045e16e6f8, 0x0000000469720000)
  to   space 200000K,   0% used [0x0000000451080000, 0x0000000451080000, 0x000000045d3d0000)
 concurrent mark-sweep generation total 14001024K, used 8489159K [0x0000000469720000, 0x00000007c0000000, 0x00000007c0000000)
 Metaspace       used 44937K, capacity 46232K, committed 46652K, reserved 1091584K
  class space    used 4916K, capacity 5189K, committed 5268K, reserved 1048576K
}
2017-04-16T12:01:41.862-0700: 140226.122: Total time for which application threads were stopped: 0.0144337 seconds, Stopping threads took: 0.0001482 seconds
{Heap before GC invocations=12949 (full 18):
 par new generation   total 1800000K, used 1613945K [0x00000003ef600000, 0x0000000469720000, 0x0000000469720000)
  eden space 1600000K, 100% used [0x00000003ef600000, 0x0000000451080000, 0x0000000451080000)
  from space 200000K,   6% used [0x000000045d3d0000, 0x000000045e16e6f8, 0x0000000469720000)
  to   space 200000K,   0% used [0x0000000451080000, 0x0000000451080000, 0x000000045d3d0000)
 concurrent mark-sweep generation total 14001024K, used 8489159K [0x0000000469720000, 0x00000007c0000000, 0x00000007c0000000)
 Metaspace       used 44937K, capacity 46232K, committed 46652K, reserved 1091584K
  class space    used 4916K, capacity 5189K, committed 5268K, reserved 1048576K
2017-04-16T12:01:55.224-0700: 140239.483: [GC (Allocation Failure) Before GC:
Statistics for BinaryTreeDictionary:
------------------------------------
Total Free Space: 160608034
Max   Chunk Size: 1128311
Number of Blocks: 72770
Av.  Block  Size: 2207
Tree      Height: 110
2017-04-16T12:01:55.224-0700: 140239.484: [ParNew
Desired survivor size 102400000 bytes, new threshold 1 (max 1)
- age   1:    6150128 bytes,    6150128 total
: 1613945K->9816K(1800000K), 0.0205846 secs] 10103105K->8507195K(15801024K)After GC:
Statistics for BinaryTreeDictionary:
------------------------------------
Total Free Space: 160458067
Max   Chunk Size: 1128311
Number of Blocks: 72765
Av.  Block  Size: 2205
Tree      Height: 110
, 0.0218598 secs] [Times: user=0.31 sys=0.01, real=0.02 secs] 
Heap after GC invocations=12950 (full 18):
 par new generation   total 1800000K, used 9816K [0x00000003ef600000, 0x0000000469720000, 0x0000000469720000)
  eden space 1600000K,   0% used [0x00000003ef600000, 0x00000003ef600000, 0x0000000451080000)
  from space 200000K,   4% used [0x0000000451080000, 0x0000000451a16000, 0x000000045d3d0000)
  to   space 200000K,   0% used [0x000000045d3d0000, 0x000000045d3d0000, 0x0000000469720000)
 concurrent mark-sweep generation total 14001024K, used 8497379K [0x0000000469720000, 0x00000007c0000000, 0x00000007c0000000)
 Metaspace       used 44937K, capacity 46232K, committed 46652K, reserved 1091584K
  class space    used 4916K, capacity 5189K, committed 5268K, reserved 1048576K
}
2017-04-16T12:01:55.246-0700: 140239.505: Total time for which application threads were stopped: 0.0229609 seconds, Stopping threads took: 0.0001585 seconds
{Heap before GC invocations=12950 (full 18):
 par new generation   total 1800000K, used 1609816K [0x00000003ef600000, 0x0000000469720000, 0x0000000469720000)
  eden space 1600000K, 100% used [0x00000003ef600000, 0x0000000451080000, 0x0000000451080000)
  from space 200000K,   4% used [0x0000000451080000, 0x0000000451a16000, 0x000000045d3d0000)
  to   space 200000K,   0% used [0x000000045d3d0000, 0x000000045d3d0000, 0x0000000469720000)
 concurrent mark-sweep generation total 14001024K, used 8497379K [0x0000000469720000, 0x00000007c0000000, 0x00000007c0000000)
 Metaspace       used 44937K, capacity 46232K, committed 46652K, reserved 1091584K
  class space    used 4916K, capacity 5189K, committed 5268K, reserved 1048576K
2017-04-16T12:02:08.204-0700: 140252.463: [GC (Allocation Failure) Before GC:
Statistics for BinaryTreeDictionary:
------------------------------------
Total Free Space: 160458067
Max   Chunk Size: 1128311
Number of Blocks: 72765
Av.  Block  Size: 2205
Tree      Height: 110
2017-04-16T12:02:08.204-0700: 140252.464: [ParNew
Desired survivor size 102400000 bytes, new threshold 1 (max 1)
- age   1:    5863992 bytes,    5863992 total
: 1609816K->6639K(1800000K), 0.0120683 secs] 10107195K->8505384K(15801024K)After GC:
Statistics for BinaryTreeDictionary:
------------------------------------
Total Free Space: 160423511
Max   Chunk Size: 1128311
Number of Blocks: 72762
Av.  Block  Size: 2204
Tree      Height: 110
, 0.0133058 secs] [Times: user=0.30 sys=0.00, real=0.01 secs] 
Heap after GC invocations=12951 (full 18):
 par new generation   total 1800000K, used 6639K [0x00000003ef600000, 0x0000000469720000, 0x0000000469720000)
  eden space 1600000K,   0% used [0x00000003ef600000, 0x00000003ef600000, 0x0000000451080000)
  from space 200000K,   3% used [0x000000045d3d0000, 0x000000045da4be58, 0x0000000469720000)
  to   space 200000K,   0% used [0x0000000451080000, 0x0000000451080000, 0x000000045d3d0000)
 concurrent mark-sweep generation total 14001024K, used 8498744K [0x0000000469720000, 0x00000007c0000000, 0x00000007c0000000)
 Metaspace       used 44937K, capacity 46232K, committed 46652K, reserved 1091584K
  class space    used 4916K, capacity 5189K, committed 5268K, reserved 1048576K
}
2017-04-16T12:02:08.217-0700: 140252.477: Total time for which application threads were stopped: 0.0143765 seconds, Stopping threads took: 0.0001466 seconds
2017-04-16T12:02:08.471-0700: 140252.730: Total time for which application threads were stopped: 0.0022657 seconds, Stopping threads took: 0.0001760 seconds
{Heap before GC invocations=12951 (full 18):
 par new generation   total 1800000K, used 1606639K [0x00000003ef600000, 0x0000000469720000, 0x0000000469720000)
  eden space 1600000K, 100% used [0x00000003ef600000, 0x0000000451080000, 0x0000000451080000)
  from space 200000K,   3% used [0x000000045d3d0000, 0x000000045da4be58, 0x0000000469720000)
  to   space 200000K,   0% used [0x0000000451080000, 0x0000000451080000, 0x000000045d3d0000)
 concurrent mark-sweep generation total 14001024K, used 8498744K [0x0000000469720000, 0x00000007c0000000, 0x00000007c0000000)
 Metaspace       used 44937K, capacity 46232K, committed 46652K, reserved 1091584K
  class space    used 4916K, capacity 5189K, committed 5268K, reserved 1048576K
2017-04-16T12:02:21.727-0700: 140265.987: [GC (Allocation Failure) Before GC:
Statistics for BinaryTreeDictionary:
------------------------------------
Total Free Space: 160423511
Max   Chunk Size: 1128311
Number of Blocks: 72762
Av.  Block  Size: 2204
Tree      Height: 110
2017-04-16T12:02:21.728-0700: 140265.987: [ParNew
Desired survivor size 102400000 bytes, new threshold 1 (max 1)
- age   1:    7109896 bytes,    7109896 total
: 1606639K->7418K(1800000K), 0.0120426 secs] 10105384K->8507159K(15801024K)After GC:
Statistics for BinaryTreeDictionary:
------------------------------------
Total Free Space: 160422181
Max   Chunk Size: 1128311
Number of Blocks: 72760
Av.  Block  Size: 2204
Tree      Height: 110
, 0.0133110 secs] [Times: user=0.30 sys=0.00, real=0.01 secs] 
Heap after GC invocations=12952 (full 18):
 par new generation   total 1800000K, used 7418K [0x00000003ef600000, 0x0000000469720000, 0x0000000469720000)
  eden space 1600000K,   0% used [0x00000003ef600000, 0x00000003ef600000, 0x0000000451080000)
  from space 200000K,   3% used [0x0000000451080000, 0x00000004517be8b8, 0x000000045d3d0000)
  to   space 200000K,   0% used [0x000000045d3d0000, 0x000000045d3d0000, 0x0000000469720000)
 concurrent mark-sweep generation total 14001024K, used 8499741K [0x0000000469720000, 0x00000007c0000000, 0x00000007c0000000)
 Metaspace       used 44937K, capacity 46232K, committed 46652K, reserved 1091584K
  class space    used 4916K, capacity 5189K, committed 5268K, reserved 1048576K
}
2017-04-16T12:02:21.741-0700: 140266.000: Total time for which application threads were stopped: 0.0143904 seconds, Stopping threads took: 0.0001534 seconds
{Heap before GC invocations=12952 (full 18):
 par new generation   total 1800000K, used 1607418K [0x00000003ef600000, 0x0000000469720000, 0x0000000469720000)
  eden space 1600000K, 100% used [0x00000003ef600000, 0x0000000451080000, 0x0000000451080000)
  from space 200000K,   3% used [0x0000000451080000, 0x00000004517be8b8, 0x000000045d3d0000)
  to   space 200000K,   0% used [0x000000045d3d0000, 0x000000045d3d0000, 0x0000000469720000)
 concurrent mark-sweep generation total 14001024K, used 8499741K [0x0000000469720000, 0x00000007c0000000, 0x00000007c0000000)
 Metaspace       used 44937K, capacity 46232K, committed 46652K, reserved 1091584K
  class space    used 4916K, capacity 5189K, committed 5268K, reserved 1048576K
2017-04-16T12:02:35.246-0700: 140279.505: [GC (Allocation Failure) Before GC:
Statistics for BinaryTreeDictionary:
------------------------------------
Total Free Space: 160422181
Max   Chunk Size: 1128311
Number of Blocks: 72760
Av.  Block  Size: 2204
Tree      Height: 110
2017-04-16T12:02:35.246-0700: 140279.506: [ParNew
Desired survivor size 102400000 bytes, new threshold 1 (max 1)
- age   1:    5839840 bytes,    5839840 total
: 1607418K->6184K(1800000K), 0.0119541 secs] 10107159K->8507110K(15801024K)After GC:
Statistics for BinaryTreeDictionary:
------------------------------------
Total Free Space: 160402053
Max   Chunk Size: 1128311
Number of Blocks: 72754
Av.  Block  Size: 2204
Tree      Height: 110
, 0.0132040 secs] [Times: user=0.30 sys=0.00, real=0.01 secs] 
Heap after GC invocations=12953 (full 18):
 par new generation   total 1800000K, used 6184K [0x00000003ef600000, 0x0000000469720000, 0x0000000469720000)
  eden space 1600000K,   0% used [0x00000003ef600000, 0x00000003ef600000, 0x0000000451080000)
  from space 200000K,   3% used [0x000000045d3d0000, 0x000000045d9da0f8, 0x0000000469720000)
  to   space 200000K,   0% used [0x0000000451080000, 0x0000000451080000, 0x000000045d3d0000)
 concurrent mark-sweep generation total 14001024K, used 8500926K [0x0000000469720000, 0x00000007c0000000, 0x00000007c0000000)
 Metaspace       used 44937K, capacity 46232K, committed 46652K, reserved 1091584K
  class space    used 4916K, capacity 5189K, committed 5268K, reserved 1048576K
}
2017-04-16T12:02:35.259-0700: 140279.518: Total time for which application threads were stopped: 0.0142827 seconds, Stopping threads took: 0.0001467 seconds
2017-04-16T12:02:39.622-0700: 140283.882: Total time for which application threads were stopped: 0.0021235 seconds, Stopping threads took: 0.0001462 seconds
{Heap before GC invocations=12953 (full 18):
 par new generation   total 1800000K, used 1606184K [0x00000003ef600000, 0x0000000469720000, 0x0000000469720000)
  eden space 1600000K, 100% used [0x00000003ef600000, 0x0000000451080000, 0x0000000451080000)
  from space 200000K,   3% used [0x000000045d3d0000, 0x000000045d9da0f8, 0x0000000469720000)
  to   space 200000K,   0% used [0x0000000451080000, 0x0000000451080000, 0x000000045d3d0000)
 concurrent mark-sweep generation total 14001024K, used 8500926K [0x0000000469720000, 0x00000007c0000000, 0x00000007c0000000)
 Metaspace       used 44937K, capacity 46232K, committed 46652K, reserved 1091584K
  class space    used 4916K, capacity 5189K, committed 5268K, reserved 1048576K
2017-04-16T12:02:45.983-0700: 140290.243: [GC (Allocation Failure) Before GC:
Statistics for BinaryTreeDictionary:
------------------------------------
Total Free Space: 160402053
Max   Chunk Size: 1128311
Number of Blocks: 72754
Av.  Block  Size: 2204
Tree      Height: 110
2017-04-16T12:02:45.984-0700: 140290.243: [ParNew
Desired survivor size 102400000 bytes, new threshold 1 (max 1)
- age   1:    6517480 bytes,    6517480 total
: 1606184K->6952K(1800000K), 0.0122044 secs] 10107110K->8509138K(15801024K)After GC:
Statistics for BinaryTreeDictionary:
------------------------------------
Total Free Space: 160368542
Max   Chunk Size: 1128311
Number of Blocks: 72753
Av.  Block  Size: 2204
Tree      Height: 110
, 0.0134720 secs] [Times: user=0.30 sys=0.00, real=0.02 secs] 
Heap after GC invocations=12954 (full 18):
 par new generation   total 1800000K, used 6952K [0x00000003ef600000, 0x0000000469720000, 0x0000000469720000)
  eden space 1600000K,   0% used [0x00000003ef600000, 0x00000003ef600000, 0x0000000451080000)
  from space 200000K,   3% used [0x0000000451080000, 0x000000045174a3c0, 0x000000045d3d0000)
  to   space 200000K,   0% used [0x000000045d3d0000, 0x000000045d3d0000, 0x0000000469720000)
 concurrent mark-sweep generation total 14001024K, used 8502185K [0x0000000469720000, 0x00000007c0000000, 0x00000007c0000000)
 Metaspace       used 44937K, capacity 46232K, committed 46652K, reserved 1091584K
  class space    used 4916K, capacity 5189K, committed 5268K, reserved 1048576K
}
2017-04-16T12:02:45.997-0700: 140290.256: Total time for which application threads were stopped: 0.0145426 seconds, Stopping threads took: 0.0001491 seconds
{Heap before GC invocations=12954 (full 18):
 par new generation   total 1800000K, used 1606952K [0x00000003ef600000, 0x0000000469720000, 0x0000000469720000)
  eden space 1600000K, 100% used [0x00000003ef600000, 0x0000000451080000, 0x0000000451080000)
  from space 200000K,   3% used [0x0000000451080000, 0x000000045174a3c0, 0x000000045d3d0000)
  to   space 200000K,   0% used [0x000000045d3d0000, 0x000000045d3d0000, 0x0000000469720000)
 concurrent mark-sweep generation total 14001024K, used 8502185K [0x0000000469720000, 0x00000007c0000000, 0x00000007c0000000)
 Metaspace       used 44937K, capacity 46232K, committed 46652K, reserved 1091584K
  class space    used 4916K, capacity 5189K, committed 5268K, reserved 1048576K
2017-04-16T12:02:59.256-0700: 140303.515: [GC (Allocation Failure) Before GC:
Statistics for BinaryTreeDictionary:
------------------------------------
Total Free Space: 160368542
Max   Chunk Size: 1128311
Number of Blocks: 72753
Av.  Block  Size: 2204
Tree      Height: 110
2017-04-16T12:02:59.257-0700: 140303.516: [ParNew
Desired survivor size 102400000 bytes, new threshold 1 (max 1)
- age   1:    6489992 bytes,    6489992 total
: 1606952K->6808K(1800000K), 0.0119654 secs] 10109138K->8510482K(15801024K)After GC:
Statistics for BinaryTreeDictionary:
------------------------------------
Total Free Space: 160278755
Max   Chunk Size: 1128311
Number of Blocks: 72718
Av.  Block  Size: 2204
Tree      Height: 110
, 0.0132177 secs] [Times: user=0.30 sys=0.00, real=0.02 secs] 
Heap after GC invocations=12955 (full 18):
 par new generation   total 1800000K, used 6808K [0x00000003ef600000, 0x0000000469720000, 0x0000000469720000)
  eden space 1600000K,   0% used [0x00000003ef600000, 0x00000003ef600000, 0x0000000451080000)
  from space 200000K,   3% used [0x000000045d3d0000, 0x000000045da76060, 0x0000000469720000)
  to   space 200000K,   0% used [0x0000000451080000, 0x0000000451080000, 0x000000045d3d0000)
 concurrent mark-sweep generation total 14001024K, used 8503674K [0x0000000469720000, 0x00000007c0000000, 0x00000007c0000000)
 Metaspace       used 44937K, capacity 46232K, committed 46652K, reserved 1091584K
  class space    used 4916K, capacity 5189K, committed 5268K, reserved 1048576K
}
2017-04-16T12:02:59.269-0700: 140303.529: Total time for which application threads were stopped: 0.0143171 seconds, Stopping threads took: 0.0001592 seconds
{Heap before GC invocations=12955 (full 18):
 par new generation   total 1800000K, used 1606808K [0x00000003ef600000, 0x0000000469720000, 0x0000000469720000)
  eden space 1600000K, 100% used [0x00000003ef600000, 0x0000000451080000, 0x0000000451080000)
  from space 200000K,   3% used [0x000000045d3d0000, 0x000000045da76060, 0x0000000469720000)
  to   space 200000K,   0% used [0x0000000451080000, 0x0000000451080000, 0x000000045d3d0000)
 concurrent mark-sweep generation total 14001024K, used 8503674K [0x0000000469720000, 0x00000007c0000000, 0x00000007c0000000)
 Metaspace       used 44937K, capacity 46232K, committed 46652K, reserved 1091584K
  class space    used 4916K, capacity 5189K, committed 5268K, reserved 1048576K
2017-04-16T12:03:12.943-0700: 140317.202: [GC (Allocation Failure) Before GC:
Statistics for BinaryTreeDictionary:
------------------------------------
Total Free Space: 160278755
Max   Chunk Size: 1128311
Number of Blocks: 72718
Av.  Block  Size: 2204
Tree      Height: 110
2017-04-16T12:03:12.944-0700: 140317.203: [ParNew
Desired survivor size 102400000 bytes, new threshold 1 (max 1)
- age   1:    6013752 bytes,    6013752 total
: 1606808K->6478K(1800000K), 0.0118506 secs] 10110482K->8511609K(15801024K)After GC:
Statistics for BinaryTreeDictionary:
------------------------------------
Total Free Space: 160245909
Max   Chunk Size: 1128311
Number of Blocks: 72718
Av.  Block  Size: 2203
Tree      Height: 110
, 0.0131519 secs] [Times: user=0.29 sys=0.00, real=0.01 secs] 
Heap after GC invocations=12956 (full 18):
 par new generation   total 1800000K, used 6478K [0x00000003ef600000, 0x0000000469720000, 0x0000000469720000)
  eden space 1600000K,   0% used [0x00000003ef600000, 0x00000003ef600000, 0x0000000451080000)
  from space 200000K,   3% used [0x0000000451080000, 0x00000004516d3a08, 0x000000045d3d0000)
  to   space 200000K,   0% used [0x000000045d3d0000, 0x000000045d3d0000, 0x0000000469720000)
 concurrent mark-sweep generation total 14001024K, used 8505131K [0x0000000469720000, 0x00000007c0000000, 0x00000007c0000000)
 Metaspace       used 44937K, capacity 46232K, committed 46652K, reserved 1091584K
  class space    used 4916K, capacity 5189K, committed 5268K, reserved 1048576K
}
2017-04-16T12:03:12.956-0700: 140317.216: Total time for which application threads were stopped: 0.0142369 seconds, Stopping threads took: 0.0001567 seconds
{Heap before GC invocations=12956 (full 18):
 par new generation   total 1800000K, used 1606478K [0x00000003ef600000, 0x0000000469720000, 0x0000000469720000)
  eden space 1600000K, 100% used [0x00000003ef600000, 0x0000000451080000, 0x0000000451080000)
  from space 200000K,   3% used [0x0000000451080000, 0x00000004516d3a08, 0x000000045d3d0000)
  to   space 200000K,   0% used [0x000000045d3d0000, 0x000000045d3d0000, 0x0000000469720000)
 concurrent mark-sweep generation total 14001024K, used 8505131K [0x0000000469720000, 0x00000007c0000000, 0x00000007c0000000)
 Metaspace       used 44937K, capacity 46232K, committed 46652K, reserved 1091584K
  class space    used 4916K, capacity 5189K, committed 5268K, reserved 1048576K
2017-04-16T12:03:26.682-0700: 140330.942: [GC (Allocation Failure) Before GC:
Statistics for BinaryTreeDictionary:
------------------------------------
Total Free Space: 160245909
Max   Chunk Size: 1128311
Number of Blocks: 72718
Av.  Block  Size: 2203
Tree      Height: 110
2017-04-16T12:03:26.683-0700: 140330.942: [ParNew
Desired survivor size 102400000 bytes, new threshold 1 (max 1)
- age   1:    6399920 bytes,    6399920 total
: 1606478K->6789K(1800000K), 0.0120081 secs] 10111609K->8513150K(15801024K)After GC:
Statistics for BinaryTreeDictionary:
------------------------------------
Total Free Space: 160225315
Max   Chunk Size: 1128311
Number of Blocks: 72713
Av.  Block  Size: 2203
Tree      Height: 110
, 0.0132579 secs] [Times: user=0.30 sys=0.00, real=0.01 secs] 
Heap after GC invocations=12957 (full 18):
 par new generation   total 1800000K, used 6789K [0x00000003ef600000, 0x0000000469720000, 0x0000000469720000)
  eden space 1600000K,   0% used [0x00000003ef600000, 0x00000003ef600000, 0x0000000451080000)
  from space 200000K,   3% used [0x000000045d3d0000, 0x000000045da715f8, 0x0000000469720000)
  to   space 200000K,   0% used [0x0000000451080000, 0x0000000451080000, 0x000000045d3d0000)
 concurrent mark-sweep generation total 14001024K, used 8506361K [0x0000000469720000, 0x00000007c0000000, 0x00000007c0000000)
 Metaspace       used 44937K, capacity 46232K, committed 46652K, reserved 1091584K
  class space    used 4916K, capacity 5189K, committed 5268K, reserved 1048576K
}
2017-04-16T12:03:26.696-0700: 140330.955: Total time for which application threads were stopped: 0.0143618 seconds, Stopping threads took: 0.0001604 seconds
{Heap before GC invocations=12957 (full 18):
 par new generation   total 1800000K, used 1606789K [0x00000003ef600000, 0x0000000469720000, 0x0000000469720000)
  eden space 1600000K, 100% used [0x00000003ef600000, 0x0000000451080000, 0x0000000451080000)
  from space 200000K,   3% used [0x000000045d3d0000, 0x000000045da715f8, 0x0000000469720000)
  to   space 200000K,   0% used [0x0000000451080000, 0x0000000451080000, 0x000000045d3d0000)
 concurrent mark-sweep generation total 14001024K, used 8506361K [0x0000000469720000, 0x00000007c0000000, 0x00000007c0000000)
 Metaspace       used 44937K, capacity 46232K, committed 46652K, reserved 1091584K
  class space    used 4916K, capacity 5189K, committed 5268K, reserved 1048576K
2017-04-16T12:03:39.904-0700: 140344.163: [GC (Allocation Failure) Before GC:
Statistics for BinaryTreeDictionary:
------------------------------------
Total Free Space: 160225315
Max   Chunk Size: 1128311
Number of Blocks: 72713
Av.  Block  Size: 2203
Tree      Height: 110
2017-04-16T12:03:39.904-0700: 140344.164: [ParNew
Desired survivor size 102400000 bytes, new threshold 1 (max 1)
- age   1:    5720576 bytes,    5720576 total
: 1606789K->6166K(1800000K), 0.0118132 secs] 10113150K->8513998K(15801024K)After GC:
Statistics for BinaryTreeDictionary:
------------------------------------
Total Free Space: 160174620
Max   Chunk Size: 1128311
Number of Blocks: 72710
Av.  Block  Size: 2202
Tree      Height: 110
, 0.0130495 secs] [Times: user=0.30 sys=0.00, real=0.01 secs] 
Heap after GC invocations=12958 (full 18):
 par new generation   total 1800000K, used 6166K [0x00000003ef600000, 0x0000000469720000, 0x0000000469720000)
  eden space 1600000K,   0% used [0x00000003ef600000, 0x00000003ef600000, 0x0000000451080000)
  from space 200000K,   3% used [0x0000000451080000, 0x0000000451685a58, 0x000000045d3d0000)
  to   space 200000K,   0% used [0x000000045d3d0000, 0x000000045d3d0000, 0x0000000469720000)
 concurrent mark-sweep generation total 14001024K, used 8507832K [0x0000000469720000, 0x00000007c0000000, 0x00000007c0000000)
 Metaspace       used 44937K, capacity 46232K, committed 46652K, reserved 1091584K
  class space    used 4916K, capacity 5189K, committed 5268K, reserved 1048576K
}
2017-04-16T12:03:39.917-0700: 140344.176: Total time for which application threads were stopped: 0.0141277 seconds, Stopping threads took: 0.0001447 seconds
{Heap before GC invocations=12958 (full 18):
 par new generation   total 1800000K, used 1606166K [0x00000003ef600000, 0x0000000469720000, 0x0000000469720000)
  eden space 1600000K, 100% used [0x00000003ef600000, 0x0000000451080000, 0x0000000451080000)
  from space 200000K,   3% used [0x0000000451080000, 0x0000000451685a58, 0x000000045d3d0000)
  to   space 200000K,   0% used [0x000000045d3d0000, 0x000000045d3d0000, 0x0000000469720000)
 concurrent mark-sweep generation total 14001024K, used 8507832K [0x0000000469720000, 0x00000007c0000000, 0x00000007c0000000)
 Metaspace       used 44937K, capacity 46232K, committed 46652K, reserved 1091584K
  class space    used 4916K, capacity 5189K, committed 5268K, reserved 1048576K
2017-04-16T12:03:53.829-0700: 140358.089: [GC (Allocation Failure) Before GC:
Statistics for BinaryTreeDictionary:
------------------------------------
Total Free Space: 160174620
Max   Chunk Size: 1128311
Number of Blocks: 72710
Av.  Block  Size: 2202
Tree      Height: 110
2017-04-16T12:03:53.830-0700: 140358.089: [ParNew
Desired survivor size 102400000 bytes, new threshold 1 (max 1)
- age   1:    7148976 bytes,    7148976 total
: 1606166K->7363K(1800000K), 0.0117291 secs] 10113998K->8516191K(15801024K)After GC:
Statistics for BinaryTreeDictionary:
------------------------------------
Total Free Space: 160169402
Max   Chunk Size: 1128311
Number of Blocks: 72703
Av.  Block  Size: 2203
Tree      Height: 110
, 0.0129795 secs] [Times: user=0.29 sys=0.00, real=0.01 secs] 
Heap after GC invocations=12959 (full 18):
 par new generation   total 1800000K, used 7363K [0x00000003ef600000, 0x0000000469720000, 0x0000000469720000)
  eden space 1600000K,   0% used [0x00000003ef600000, 0x00000003ef600000, 0x0000000451080000)
  from space 200000K,   3% used [0x000000045d3d0000, 0x000000045db00db8, 0x0000000469720000)
  to   space 200000K,   0% used [0x0000000451080000, 0x0000000451080000, 0x000000045d3d0000)
 concurrent mark-sweep generation total 14001024K, used 8508828K [0x0000000469720000, 0x00000007c0000000, 0x00000007c0000000)
 Metaspace       used 44937K, capacity 46232K, committed 46652K, reserved 1091584K
  class space    used 4916K, capacity 5189K, committed 5268K, reserved 1048576K
}
2017-04-16T12:03:53.843-0700: 140358.102: Total time for which application threads were stopped: 0.0140440 seconds, Stopping threads took: 0.0001476 seconds
{Heap before GC invocations=12959 (full 18):
 par new generation   total 1800000K, used 1607363K [0x00000003ef600000, 0x0000000469720000, 0x0000000469720000)
  eden space 1600000K, 100% used [0x00000003ef600000, 0x0000000451080000, 0x0000000451080000)
  from space 200000K,   3% used [0x000000045d3d0000, 0x000000045db00db8, 0x0000000469720000)
  to   space 200000K,   0% used [0x0000000451080000, 0x0000000451080000, 0x000000045d3d0000)
 concurrent mark-sweep generation total 14001024K, used 8508828K [0x0000000469720000, 0x00000007c0000000, 0x00000007c0000000)
 Metaspace       used 44937K, capacity 46232K, committed 46652K, reserved 1091584K
  class space    used 4916K, capacity 5189K, committed 5268K, reserved 1048576K
2017-04-16T12:04:07.385-0700: 140371.645: [GC (Allocation Failure) Before GC:
Statistics for BinaryTreeDictionary:
------------------------------------
Total Free Space: 160169402
Max   Chunk Size: 1128311
Number of Blocks: 72703
Av.  Block  Size: 2203
Tree      Height: 110
2017-04-16T12:04:07.386-0700: 140371.645: [ParNew
Desired survivor size 102400000 bytes, new threshold 1 (max 1)
- age   1:    5911368 bytes,    5911368 total
: 1607363K->6494K(1800000K), 0.0121453 secs] 10116191K->8516482K(15801024K)After GC:
Statistics for BinaryTreeDictionary:
------------------------------------
Total Free Space: 160165025
Max   Chunk Size: 1128311
Number of Blocks: 72696
Av.  Block  Size: 2203
Tree      Height: 110
, 0.0134050 secs] [Times: user=0.30 sys=0.00, real=0.02 secs] 
Heap after GC invocations=12960 (full 18):
 par new generation   total 1800000K, used 6494K [0x00000003ef600000, 0x0000000469720000, 0x0000000469720000)
  eden space 1600000K,   0% used [0x00000003ef600000, 0x00000003ef600000, 0x0000000451080000)
  from space 200000K,   3% used [0x0000000451080000, 0x00000004516d7868, 0x000000045d3d0000)
  to   space 200000K,   0% used [0x000000045d3d0000, 0x000000045d3d0000, 0x0000000469720000)
 concurrent mark-sweep generation total 14001024K, used 8509988K [0x0000000469720000, 0x00000007c0000000, 0x00000007c0000000)
 Metaspace       used 44937K, capacity 46232K, committed 46652K, reserved 1091584K
  class space    used 4916K, capacity 5189K, committed 5268K, reserved 1048576K
}
2017-04-16T12:04:07.399-0700: 140371.658: Total time for which application threads were stopped: 0.0144733 seconds, Stopping threads took: 0.0001528 seconds
2017-04-16T12:04:09.634-0700: 140373.894: Total time for which application threads were stopped: 0.0021171 seconds, Stopping threads took: 0.0001434 seconds
2017-04-16T12:04:09.645-0700: 140373.904: Total time for which application threads were stopped: 0.0012197 seconds, Stopping threads took: 0.0000502 seconds
{Heap before GC invocations=12960 (full 18):
 par new generation   total 1800000K, used 1606494K [0x00000003ef600000, 0x0000000469720000, 0x0000000469720000)
  eden space 1600000K, 100% used [0x00000003ef600000, 0x0000000451080000, 0x0000000451080000)
  from space 200000K,   3% used [0x0000000451080000, 0x00000004516d7868, 0x000000045d3d0000)
  to   space 200000K,   0% used [0x000000045d3d0000, 0x000000045d3d0000, 0x0000000469720000)
 concurrent mark-sweep generation total 14001024K, used 8509988K [0x0000000469720000, 0x00000007c0000000, 0x00000007c0000000)
 Metaspace       used 44937K, capacity 46232K, committed 46652K, reserved 1091584K
  class space    used 4916K, capacity 5189K, committed 5268K, reserved 1048576K
2017-04-16T12:04:18.763-0700: 140383.023: [GC (Allocation Failure) Before GC:
Statistics for BinaryTreeDictionary:
------------------------------------
Total Free Space: 160165025
Max   Chunk Size: 1128311
Number of Blocks: 72696
Av.  Block  Size: 2203
Tree      Height: 110
2017-04-16T12:04:18.764-0700: 140383.023: [ParNew
Desired survivor size 102400000 bytes, new threshold 1 (max 1)
- age   1:    6061560 bytes,    6061560 total
: 1606494K->6428K(1800000K), 0.0120131 secs] 10116482K->8517853K(15801024K)After GC:
Statistics for BinaryTreeDictionary:
------------------------------------
Total Free Space: 160115376
Max   Chunk Size: 1128311
Number of Blocks: 72695
Av.  Block  Size: 2202
Tree      Height: 110
, 0.0132799 secs] [Times: user=0.30 sys=0.00, real=0.01 secs] 
Heap after GC invocations=12961 (full 18):
 par new generation   total 1800000K, used 6428K [0x00000003ef600000, 0x0000000469720000, 0x0000000469720000)
  eden space 1600000K,   0% used [0x00000003ef600000, 0x00000003ef600000, 0x0000000451080000)
  from space 200000K,   3% used [0x000000045d3d0000, 0x000000045da172b0, 0x0000000469720000)
  to   space 200000K,   0% used [0x0000000451080000, 0x0000000451080000, 0x000000045d3d0000)
 concurrent mark-sweep generation total 14001024K, used 8511424K [0x0000000469720000, 0x00000007c0000000, 0x00000007c0000000)
 Metaspace       used 44937K, capacity 46232K, committed 46652K, reserved 1091584K
  class space    used 4916K, capacity 5189K, committed 5268K, reserved 1048576K
}
2017-04-16T12:04:18.777-0700: 140383.036: Total time for which application threads were stopped: 0.0143928 seconds, Stopping threads took: 0.0001618 seconds
{Heap before GC invocations=12961 (full 18):
 par new generation   total 1800000K, used 1606428K [0x00000003ef600000, 0x0000000469720000, 0x0000000469720000)
  eden space 1600000K, 100% used [0x00000003ef600000, 0x0000000451080000, 0x0000000451080000)
  from space 200000K,   3% used [0x000000045d3d0000, 0x000000045da172b0, 0x0000000469720000)
  to   space 200000K,   0% used [0x0000000451080000, 0x0000000451080000, 0x000000045d3d0000)
 concurrent mark-sweep generation total 14001024K, used 8511424K [0x0000000469720000, 0x00000007c0000000, 0x00000007c0000000)
 Metaspace       used 44937K, capacity 46232K, committed 46652K, reserved 1091584K
  class space    used 4916K, capacity 5189K, committed 5268K, reserved 1048576K
2017-04-16T12:04:32.552-0700: 140396.811: [GC (Allocation Failure) Before GC:
Statistics for BinaryTreeDictionary:
------------------------------------
Total Free Space: 160115376
Max   Chunk Size: 1128311
Number of Blocks: 72695
Av.  Block  Size: 2202
Tree      Height: 110
2017-04-16T12:04:32.553-0700: 140396.812: [ParNew
Desired survivor size 102400000 bytes, new threshold 1 (max 1)
- age   1:    6198952 bytes,    6198952 total
: 1606428K->6635K(1800000K), 0.0121199 secs] 10117853K->8519587K(15801024K)After GC:
Statistics for BinaryTreeDictionary:
------------------------------------
Total Free Space: 160046208
Max   Chunk Size: 1128311
Number of Blocks: 72666
Av.  Block  Size: 2202
Tree      Height: 110
, 0.0133789 secs] [Times: user=0.30 sys=0.00, real=0.01 secs] 
Heap after GC invocations=12962 (full 18):
 par new generation   total 1800000K, used 6635K [0x00000003ef600000, 0x0000000469720000, 0x0000000469720000)
  eden space 1600000K,   0% used [0x00000003ef600000, 0x00000003ef600000, 0x0000000451080000)
  from space 200000K,   3% used [0x0000000451080000, 0x00000004516fac40, 0x000000045d3d0000)
  to   space 200000K,   0% used [0x000000045d3d0000, 0x000000045d3d0000, 0x0000000469720000)
 concurrent mark-sweep generation total 14001024K, used 8512952K [0x0000000469720000, 0x00000007c0000000, 0x00000007c0000000)
 Metaspace       used 44937K, capacity 46232K, committed 46652K, reserved 1091584K
  class space    used 4916K, capacity 5189K, committed 5268K, reserved 1048576K
}
2017-04-16T12:04:32.566-0700: 140396.825: Total time for which application threads were stopped: 0.0144811 seconds, Stopping threads took: 0.0001561 seconds
2017-04-16T12:04:37.836-0700: 140402.095: Total time for which application threads were stopped: 0.0009123 seconds, Stopping threads took: 0.0001757 seconds
2017-04-16T12:04:37.841-0700: 140402.101: Total time for which application threads were stopped: 0.0006823 seconds, Stopping threads took: 0.0000723 seconds
2017-04-16T12:04:37.842-0700: 140402.101: Total time for which application threads were stopped: 0.0003507 seconds, Stopping threads took: 0.0000322 seconds
2017-04-16T12:04:37.842-0700: 140402.101: Total time for which application threads were stopped: 0.0003474 seconds, Stopping threads took: 0.0000317 seconds
2017-04-16T12:04:37.842-0700: 140402.102: Total time for which application threads were stopped: 0.0003521 seconds, Stopping threads took: 0.0000318 seconds
2017-04-16T12:04:38.328-0700: 140402.587: Total time for which application threads were stopped: 0.0009027 seconds, Stopping threads took: 0.0001707 seconds
2017-04-16T12:04:38.333-0700: 140402.593: Total time for which application threads were stopped: 0.0007297 seconds, Stopping threads took: 0.0000685 seconds
2017-04-16T12:04:38.334-0700: 140402.593: Total time for which application threads were stopped: 0.0003642 seconds, Stopping threads took: 0.0000421 seconds
2017-04-16T12:04:38.368-0700: 140402.628: Total time for which application threads were stopped: 0.0004534 seconds, Stopping threads took: 0.0001100 seconds
2017-04-16T12:04:38.373-0700: 140402.632: Total time for which application threads were stopped: 0.0005610 seconds, Stopping threads took: 0.0000969 seconds
2017-04-16T12:04:38.374-0700: 140402.633: Total time for which application threads were stopped: 0.0004038 seconds, Stopping threads took: 0.0000652 seconds
2017-04-16T12:04:38.494-0700: 140402.753: Total time for which application threads were stopped: 0.0006290 seconds, Stopping threads took: 0.0001207 seconds
2017-04-16T12:04:38.499-0700: 140402.758: Total time for which application threads were stopped: 0.0006452 seconds, Stopping threads took: 0.0000887 seconds
2017-04-16T12:04:38.499-0700: 140402.758: Total time for which application threads were stopped: 0.0003704 seconds, Stopping threads took: 0.0000516 seconds
2017-04-16T12:04:38.644-0700: 140402.904: Total time for which application threads were stopped: 0.0009398 seconds, Stopping threads took: 0.0001853 seconds
2017-04-16T12:04:38.649-0700: 140402.909: Total time for which application threads were stopped: 0.0007879 seconds, Stopping threads took: 0.0000995 seconds
2017-04-16T12:04:38.650-0700: 140402.909: Total time for which application threads were stopped: 0.0004245 seconds, Stopping threads took: 0.0000855 seconds
{Heap before GC invocations=12962 (full 18):
 par new generation   total 1800000K, used 1606635K [0x00000003ef600000, 0x0000000469720000, 0x0000000469720000)
  eden space 1600000K, 100% used [0x00000003ef600000, 0x0000000451080000, 0x0000000451080000)
  from space 200000K,   3% used [0x0000000451080000, 0x00000004516fac40, 0x000000045d3d0000)
  to   space 200000K,   0% used [0x000000045d3d0000, 0x000000045d3d0000, 0x0000000469720000)
 concurrent mark-sweep generation total 14001024K, used 8512952K [0x0000000469720000, 0x00000007c0000000, 0x00000007c0000000)
 Metaspace       used 44937K, capacity 46232K, committed 46652K, reserved 1091584K
  class space    used 4916K, capacity 5189K, committed 5268K, reserved 1048576K
2017-04-16T12:04:40.023-0700: 140404.282: [GC (Allocation Failure) Before GC:
Statistics for BinaryTreeDictionary:
------------------------------------
Total Free Space: 160046208
Max   Chunk Size: 1128311
Number of Blocks: 72666
Av.  Block  Size: 2202
Tree      Height: 110
2017-04-16T12:04:40.024-0700: 140404.283: [ParNew
Desired survivor size 102400000 bytes, new threshold 1 (max 1)
- age   1:   12550600 bytes,   12550600 total
: 1606635K->12875K(1800000K), 0.0118221 secs] 10119587K->8527162K(15801024K)After GC:
Statistics for BinaryTreeDictionary:
------------------------------------
Total Free Space: 160027784
Max   Chunk Size: 1128311
Number of Blocks: 72663
Av.  Block  Size: 2202
Tree      Height: 110
, 0.0130579 secs] [Times: user=0.29 sys=0.01, real=0.01 secs] 
Heap after GC invocations=12963 (full 18):
 par new generation   total 1800000K, used 12875K [0x00000003ef600000, 0x0000000469720000, 0x0000000469720000)
  eden space 1600000K,   0% used [0x00000003ef600000, 0x00000003ef600000, 0x0000000451080000)
  from space 200000K,   6% used [0x000000045d3d0000, 0x000000045e062eb0, 0x0000000469720000)
  to   space 200000K,   0% used [0x0000000451080000, 0x0000000451080000, 0x000000045d3d0000)
 concurrent mark-sweep generation total 14001024K, used 8514286K [0x0000000469720000, 0x00000007c0000000, 0x00000007c0000000)
 Metaspace       used 44937K, capacity 46232K, committed 46652K, reserved 1091584K
  class space    used 4916K, capacity 5189K, committed 5268K, reserved 1048576K
}
2017-04-16T12:04:40.036-0700: 140404.295: Total time for which application threads were stopped: 0.0142038 seconds, Stopping threads took: 0.0001607 seconds
{Heap before GC invocations=12963 (full 18):
 par new generation   total 1800000K, used 1612875K [0x00000003ef600000, 0x0000000469720000, 0x0000000469720000)
  eden space 1600000K, 100% used [0x00000003ef600000, 0x0000000451080000, 0x0000000451080000)
  from space 200000K,   6% used [0x000000045d3d0000, 0x000000045e062eb0, 0x0000000469720000)
  to   space 200000K,   0% used [0x0000000451080000, 0x0000000451080000, 0x000000045d3d0000)
 concurrent mark-sweep generation total 14001024K, used 8514286K [0x0000000469720000, 0x00000007c0000000, 0x00000007c0000000)
 Metaspace       used 44937K, capacity 46232K, committed 46652K, reserved 1091584K
  class space    used 4916K, capacity 5189K, committed 5268K, reserved 1048576K
2017-04-16T12:04:50.271-0700: 140414.531: [GC (Allocation Failure) Before GC:
Statistics for BinaryTreeDictionary:
------------------------------------
Total Free Space: 160027784
Max   Chunk Size: 1128311
Number of Blocks: 72663
Av.  Block  Size: 2202
Tree      Height: 110
2017-04-16T12:04:50.272-0700: 140414.531: [ParNew
Desired survivor size 102400000 bytes, new threshold 1 (max 1)
- age   1:    6886024 bytes,    6886024 total
: 1612875K->7280K(1800000K), 0.0130286 secs] 10127162K->8526719K(15801024K)After GC:
Statistics for BinaryTreeDictionary:
------------------------------------
Total Free Space: 159466153
Max   Chunk Size: 1128311
Number of Blocks: 72645
Av.  Block  Size: 2195
Tree      Height: 110
, 0.0142804 secs] [Times: user=0.33 sys=0.00, real=0.02 secs] 
Heap after GC invocations=12964 (full 18):
 par new generation   total 1800000K, used 7280K [0x00000003ef600000, 0x0000000469720000, 0x0000000469720000)
  eden space 1600000K,   0% used [0x00000003ef600000, 0x00000003ef600000, 0x0000000451080000)
  from space 200000K,   3% used [0x0000000451080000, 0x000000045179c020, 0x000000045d3d0000)
  to   space 200000K,   0% used [0x000000045d3d0000, 0x000000045d3d0000, 0x0000000469720000)
 concurrent mark-sweep generation total 14001024K, used 8519439K [0x0000000469720000, 0x00000007c0000000, 0x00000007c0000000)
 Metaspace       used 44937K, capacity 46232K, committed 46652K, reserved 1091584K
  class space    used 4916K, capacity 5189K, committed 5268K, reserved 1048576K
}
2017-04-16T12:04:50.286-0700: 140414.545: Total time for which application threads were stopped: 0.0153627 seconds, Stopping threads took: 0.0001471 seconds
2017-04-16T12:04:58.038-0700: 140422.297: Total time for which application threads were stopped: 0.0009238 seconds, Stopping threads took: 0.0001886 seconds
2017-04-16T12:04:58.043-0700: 140422.302: Total time for which application threads were stopped: 0.0006819 seconds, Stopping threads took: 0.0000574 seconds
2017-04-16T12:04:58.043-0700: 140422.302: Total time for which application threads were stopped: 0.0003490 seconds, Stopping threads took: 0.0000313 seconds
{Heap before GC invocations=12964 (full 18):
 par new generation   total 1800000K, used 1607280K [0x00000003ef600000, 0x0000000469720000, 0x0000000469720000)
  eden space 1600000K, 100% used [0x00000003ef600000, 0x0000000451080000, 0x0000000451080000)
  from space 200000K,   3% used [0x0000000451080000, 0x000000045179c020, 0x000000045d3d0000)
  to   space 200000K,   0% used [0x000000045d3d0000, 0x000000045d3d0000, 0x0000000469720000)
 concurrent mark-sweep generation total 14001024K, used 8519439K [0x0000000469720000, 0x00000007c0000000, 0x00000007c0000000)
 Metaspace       used 44937K, capacity 46232K, committed 46652K, reserved 1091584K
  class space    used 4916K, capacity 5189K, committed 5268K, reserved 1048576K
2017-04-16T12:05:03.909-0700: 140428.169: [GC (Allocation Failure) Before GC:
Statistics for BinaryTreeDictionary:
------------------------------------
Total Free Space: 159466153
Max   Chunk Size: 1128311
Number of Blocks: 72645
Av.  Block  Size: 2195
Tree      Height: 110
2017-04-16T12:05:03.910-0700: 140428.169: [ParNew
Desired survivor size 102400000 bytes, new threshold 1 (max 1)
- age   1:    8613864 bytes,    8613864 total
: 1607280K->9256K(1800000K), 0.0126925 secs] 10126719K->8530490K(15801024K)After GC:
Statistics for BinaryTreeDictionary:
------------------------------------
Total Free Space: 159461595
Max   Chunk Size: 1128311
Number of Blocks: 72639
Av.  Block  Size: 2195
Tree      Height: 110
, 0.0139867 secs] [Times: user=0.31 sys=0.00, real=0.01 secs] 
Heap after GC invocations=12965 (full 18):
 par new generation   total 1800000K, used 9256K [0x00000003ef600000, 0x0000000469720000, 0x0000000469720000)
  eden space 1600000K,   0% used [0x00000003ef600000, 0x00000003ef600000, 0x0000000451080000)
  from space 200000K,   4% used [0x000000045d3d0000, 0x000000045dcda2f0, 0x0000000469720000)
  to   space 200000K,   0% used [0x0000000451080000, 0x0000000451080000, 0x000000045d3d0000)
 concurrent mark-sweep generation total 14001024K, used 8521234K [0x0000000469720000, 0x00000007c0000000, 0x00000007c0000000)
 Metaspace       used 44937K, capacity 46232K, committed 46652K, reserved 1091584K
  class space    used 4916K, capacity 5189K, committed 5268K, reserved 1048576K
}
2017-04-16T12:05:03.923-0700: 140428.183: Total time for which application threads were stopped: 0.0150974 seconds, Stopping threads took: 0.0001674 seconds
2017-04-16T12:05:08.552-0700: 140432.811: Total time for which application threads were stopped: 0.0022108 seconds, Stopping threads took: 0.0001564 seconds
{Heap before GC invocations=12965 (full 18):
 par new generation   total 1800000K, used 1609256K [0x00000003ef600000, 0x0000000469720000, 0x0000000469720000)
  eden space 1600000K, 100% used [0x00000003ef600000, 0x0000000451080000, 0x0000000451080000)
  from space 200000K,   4% used [0x000000045d3d0000, 0x000000045dcda2f0, 0x0000000469720000)
  to   space 200000K,   0% used [0x0000000451080000, 0x0000000451080000, 0x000000045d3d0000)
 concurrent mark-sweep generation total 14001024K, used 8521234K [0x0000000469720000, 0x00000007c0000000, 0x00000007c0000000)
 Metaspace       used 44937K, capacity 46232K, committed 46652K, reserved 1091584K
  class space    used 4916K, capacity 5189K, committed 5268K, reserved 1048576K
2017-04-16T12:05:16.941-0700: 140441.200: [GC (Allocation Failure) Before GC:
Statistics for BinaryTreeDictionary:
------------------------------------
Total Free Space: 159461595
Max   Chunk Size: 1128311
Number of Blocks: 72639
Av.  Block  Size: 2195
Tree      Height: 110
2017-04-16T12:05:16.941-0700: 140441.201: [ParNew
Desired survivor size 102400000 bytes, new threshold 1 (max 1)
- age   1:    8679968 bytes,    8679968 total
: 1609256K->10013K(1800000K), 0.0134536 secs] 10130490K->8534261K(15801024K)After GC:
Statistics for BinaryTreeDictionary:
------------------------------------
Total Free Space: 159442604
Max   Chunk Size: 1128311
Number of Blocks: 72633
Av.  Block  Size: 2195
Tree      Height: 110
, 0.0147569 secs] [Times: user=0.32 sys=0.00, real=0.01 secs] 
Heap after GC invocations=12966 (full 18):
 par new generation   total 1800000K, used 10013K [0x00000003ef600000, 0x0000000469720000, 0x0000000469720000)
  eden space 1600000K,   0% used [0x00000003ef600000, 0x00000003ef600000, 0x0000000451080000)
  from space 200000K,   5% used [0x0000000451080000, 0x0000000451a477a8, 0x000000045d3d0000)
  to   space 200000K,   0% used [0x000000045d3d0000, 0x000000045d3d0000, 0x0000000469720000)
 concurrent mark-sweep generation total 14001024K, used 8524247K [0x0000000469720000, 0x00000007c0000000, 0x00000007c0000000)
 Metaspace       used 44937K, capacity 46232K, committed 46652K, reserved 1091584K
  class space    used 4916K, capacity 5189K, committed 5268K, reserved 1048576K
}
2017-04-16T12:05:16.956-0700: 140441.215: Total time for which application threads were stopped: 0.0158344 seconds, Stopping threads took: 0.0001447 seconds
{Heap before GC invocations=12966 (full 18):
 par new generation   total 1800000K, used 1610013K [0x00000003ef600000, 0x0000000469720000, 0x0000000469720000)
  eden space 1600000K, 100% used [0x00000003ef600000, 0x0000000451080000, 0x0000000451080000)
  from space 200000K,   5% used [0x0000000451080000, 0x0000000451a477a8, 0x000000045d3d0000)
  to   space 200000K,   0% used [0x000000045d3d0000, 0x000000045d3d0000, 0x0000000469720000)
 concurrent mark-sweep generation total 14001024K, used 8524247K [0x0000000469720000, 0x00000007c0000000, 0x00000007c0000000)
 Metaspace       used 44937K, capacity 46232K, committed 46652K, reserved 1091584K
  class space    used 4916K, capacity 5189K, committed 5268K, reserved 1048576K
2017-04-16T12:05:30.317-0700: 140454.576: [GC (Allocation Failure) Before GC:
Statistics for BinaryTreeDictionary:
------------------------------------
Total Free Space: 159442604
Max   Chunk Size: 1128311
Number of Blocks: 72633
Av.  Block  Size: 2195
Tree      Height: 110
2017-04-16T12:05:30.317-0700: 140454.577: [ParNew
Desired survivor size 102400000 bytes, new threshold 1 (max 1)
- age   1:    6573080 bytes,    6573080 total
: 1610013K->7151K(1800000K), 0.0126688 secs] 10134261K->8534385K(15801024K)After GC:
Statistics for BinaryTreeDictionary:
------------------------------------
Total Free Space: 159253325
Max   Chunk Size: 1128311
Number of Blocks: 72611
Av.  Block  Size: 2193
Tree      Height: 110
, 0.0139285 secs] [Times: user=0.31 sys=0.00, real=0.02 secs] 
Heap after GC invocations=12967 (full 18):
 par new generation   total 1800000K, used 7151K [0x00000003ef600000, 0x0000000469720000, 0x0000000469720000)
  eden space 1600000K,   0% used [0x00000003ef600000, 0x00000003ef600000, 0x0000000451080000)
  from space 200000K,   3% used [0x000000045d3d0000, 0x000000045dacbeb8, 0x0000000469720000)
  to   space 200000K,   0% used [0x0000000451080000, 0x0000000451080000, 0x000000045d3d0000)
 concurrent mark-sweep generation total 14001024K, used 8527233K [0x0000000469720000, 0x00000007c0000000, 0x00000007c0000000)
 Metaspace       used 44937K, capacity 46232K, committed 46652K, reserved 1091584K
  class space    used 4916K, capacity 5189K, committed 5268K, reserved 1048576K
}
2017-04-16T12:05:30.331-0700: 140454.590: Total time for which application threads were stopped: 0.0150113 seconds, Stopping threads took: 0.0001537 seconds
2017-04-16T12:05:39.624-0700: 140463.884: Total time for which application threads were stopped: 0.0021177 seconds, Stopping threads took: 0.0001504 seconds
{Heap before GC invocations=12967 (full 18):
 par new generation   total 1800000K, used 1607151K [0x00000003ef600000, 0x0000000469720000, 0x0000000469720000)
  eden space 1600000K, 100% used [0x00000003ef600000, 0x0000000451080000, 0x0000000451080000)
  from space 200000K,   3% used [0x000000045d3d0000, 0x000000045dacbeb8, 0x0000000469720000)
  to   space 200000K,   0% used [0x0000000451080000, 0x0000000451080000, 0x000000045d3d0000)
 concurrent mark-sweep generation total 14001024K, used 8527233K [0x0000000469720000, 0x00000007c0000000, 0x00000007c0000000)
 Metaspace       used 44937K, capacity 46232K, committed 46652K, reserved 1091584K
  class space    used 4916K, capacity 5189K, committed 5268K, reserved 1048576K
2017-04-16T12:05:41.650-0700: 140465.910: [GC (Allocation Failure) Before GC:
Statistics for BinaryTreeDictionary:
------------------------------------
Total Free Space: 159253325
Max   Chunk Size: 1128311
Number of Blocks: 72611
Av.  Block  Size: 2193
Tree      Height: 110
2017-04-16T12:05:41.651-0700: 140465.910: [ParNew
Desired survivor size 102400000 bytes, new threshold 1 (max 1)
- age   1:    7818984 bytes,    7818984 total
: 1607151K->8501K(1800000K), 0.0130980 secs] 10134385K->8537658K(15801024K)After GC:
Statistics for BinaryTreeDictionary:
------------------------------------
Total Free Space: 159194662
Max   Chunk Size: 1128311
Number of Blocks: 72590
Av.  Block  Size: 2193
Tree      Height: 110
, 0.0143632 secs] [Times: user=0.32 sys=0.00, real=0.02 secs] 
Heap after GC invocations=12968 (full 18):
 par new generation   total 1800000K, used 8501K [0x00000003ef600000, 0x0000000469720000, 0x0000000469720000)
  eden space 1600000K,   0% used [0x00000003ef600000, 0x00000003ef600000, 0x0000000451080000)
  from space 200000K,   4% used [0x0000000451080000, 0x00000004518cd608, 0x000000045d3d0000)
  to   space 200000K,   0% used [0x000000045d3d0000, 0x000000045d3d0000, 0x0000000469720000)
 concurrent mark-sweep generation total 14001024K, used 8529157K [0x0000000469720000, 0x00000007c0000000, 0x00000007c0000000)
 Metaspace       used 44937K, capacity 46232K, committed 46652K, reserved 1091584K
  class space    used 4916K, capacity 5189K, committed 5268K, reserved 1048576K
}
2017-04-16T12:05:41.665-0700: 140465.924: Total time for which application threads were stopped: 0.0154421 seconds, Stopping threads took: 0.0001557 seconds
2017-04-16T12:05:44.827-0700: 140469.086: Total time for which application threads were stopped: 0.0009231 seconds, Stopping threads took: 0.0001680 seconds
{Heap before GC invocations=12968 (full 18):
 par new generation   total 1800000K, used 1608501K [0x00000003ef600000, 0x0000000469720000, 0x0000000469720000)
  eden space 1600000K, 100% used [0x00000003ef600000, 0x0000000451080000, 0x0000000451080000)
  from space 200000K,   4% used [0x0000000451080000, 0x00000004518cd608, 0x000000045d3d0000)
  to   space 200000K,   0% used [0x000000045d3d0000, 0x000000045d3d0000, 0x0000000469720000)
 concurrent mark-sweep generation total 14001024K, used 8529157K [0x0000000469720000, 0x00000007c0000000, 0x00000007c0000000)
 Metaspace       used 44937K, capacity 46232K, committed 46652K, reserved 1091584K
  class space    used 4916K, capacity 5189K, committed 5268K, reserved 1048576K
2017-04-16T12:05:55.215-0700: 140479.474: [GC (Allocation Failure) Before GC:
Statistics for BinaryTreeDictionary:
------------------------------------
Total Free Space: 159194662
Max   Chunk Size: 1128311
Number of Blocks: 72590
Av.  Block  Size: 2193
Tree      Height: 110
2017-04-16T12:05:55.216-0700: 140479.475: [ParNew
Desired survivor size 102400000 bytes, new threshold 1 (max 1)
- age   1:    7748400 bytes,    7748400 total
: 1608501K->8765K(1800000K), 0.0139045 secs] 10137658K->8540784K(15801024K)After GC:
Statistics for BinaryTreeDictionary:
------------------------------------
Total Free Space: 159098742
Max   Chunk Size: 1128311
Number of Blocks: 72546
Av.  Block  Size: 2193
Tree      Height: 110
, 0.0151855 secs] [Times: user=0.34 sys=0.00, real=0.01 secs] 
Heap after GC invocations=12969 (full 18):
 par new generation   total 1800000K, used 8765K [0x00000003ef600000, 0x0000000469720000, 0x0000000469720000)
  eden space 1600000K,   0% used [0x00000003ef600000, 0x00000003ef600000, 0x0000000451080000)
  from space 200000K,   4% used [0x000000045d3d0000, 0x000000045dc5f548, 0x0000000469720000)
  to   space 200000K,   0% used [0x0000000451080000, 0x0000000451080000, 0x000000045d3d0000)
 concurrent mark-sweep generation total 14001024K, used 8532018K [0x0000000469720000, 0x00000007c0000000, 0x00000007c0000000)
 Metaspace       used 44937K, capacity 46232K, committed 46652K, reserved 1091584K
  class space    used 4916K, capacity 5189K, committed 5268K, reserved 1048576K
}
2017-04-16T12:05:55.230-0700: 140479.490: Total time for which application threads were stopped: 0.0163401 seconds, Stopping threads took: 0.0001773 seconds
{Heap before GC invocations=12969 (full 18):
 par new generation   total 1800000K, used 1608765K [0x00000003ef600000, 0x0000000469720000, 0x0000000469720000)
  eden space 1600000K, 100% used [0x00000003ef600000, 0x0000000451080000, 0x0000000451080000)
  from space 200000K,   4% used [0x000000045d3d0000, 0x000000045dc5f548, 0x0000000469720000)
  to   space 200000K,   0% used [0x0000000451080000, 0x0000000451080000, 0x000000045d3d0000)
 concurrent mark-sweep generation total 14001024K, used 8532018K [0x0000000469720000, 0x00000007c0000000, 0x00000007c0000000)
 Metaspace       used 44937K, capacity 46232K, committed 46652K, reserved 1091584K
  class space    used 4916K, capacity 5189K, committed 5268K, reserved 1048576K
2017-04-16T12:06:08.533-0700: 140492.792: [GC (Allocation Failure) Before GC:
Statistics for BinaryTreeDictionary:
------------------------------------
Total Free Space: 159098742
Max   Chunk Size: 1128311
Number of Blocks: 72546
Av.  Block  Size: 2193
Tree      Height: 110
2017-04-16T12:06:08.534-0700: 140492.793: [ParNew
Desired survivor size 102400000 bytes, new threshold 1 (max 1)
- age   1:    5957656 bytes,    5957656 total
: 1608765K->7212K(1800000K), 0.0129430 secs] 10140784K->8541753K(15801024K)After GC:
Statistics for BinaryTreeDictionary:
------------------------------------
Total Free Space: 159048713
Max   Chunk Size: 1128311
Number of Blocks: 72544
Av.  Block  Size: 2192
Tree      Height: 110
, 0.0142190 secs] [Times: user=0.31 sys=0.01, real=0.02 secs] 
Heap after GC invocations=12970 (full 18):
 par new generation   total 1800000K, used 7212K [0x00000003ef600000, 0x0000000469720000, 0x0000000469720000)
  eden space 1600000K,   0% used [0x00000003ef600000, 0x00000003ef600000, 0x0000000451080000)
  from space 200000K,   3% used [0x0000000451080000, 0x000000045178b158, 0x000000045d3d0000)
  to   space 200000K,   0% used [0x000000045d3d0000, 0x000000045d3d0000, 0x0000000469720000)
 concurrent mark-sweep generation total 14001024K, used 8534541K [0x0000000469720000, 0x00000007c0000000, 0x00000007c0000000)
 Metaspace       used 44937K, capacity 46232K, committed 46652K, reserved 1091584K
  class space    used 4916K, capacity 5189K, committed 5268K, reserved 1048576K
}
2017-04-16T12:06:08.547-0700: 140492.807: Total time for which application threads were stopped: 0.0153088 seconds, Stopping threads took: 0.0001602 seconds
{Heap before GC invocations=12970 (full 18):
 par new generation   total 1800000K, used 1607212K [0x00000003ef600000, 0x0000000469720000, 0x0000000469720000)
  eden space 1600000K, 100% used [0x00000003ef600000, 0x0000000451080000, 0x0000000451080000)
  from space 200000K,   3% used [0x0000000451080000, 0x000000045178b158, 0x000000045d3d0000)
  to   space 200000K,   0% used [0x000000045d3d0000, 0x000000045d3d0000, 0x0000000469720000)
 concurrent mark-sweep generation total 14001024K, used 8534541K [0x0000000469720000, 0x00000007c0000000, 0x00000007c0000000)
 Metaspace       used 44937K, capacity 46232K, committed 46652K, reserved 1091584K
  class space    used 4916K, capacity 5189K, committed 5268K, reserved 1048576K
2017-04-16T12:06:22.077-0700: 140506.337: [GC (Allocation Failure) Before GC:
Statistics for BinaryTreeDictionary:
------------------------------------
Total Free Space: 159048713
Max   Chunk Size: 1128311
Number of Blocks: 72544
Av.  Block  Size: 2192
Tree      Height: 110
2017-04-16T12:06:22.078-0700: 140506.337: [ParNew
Desired survivor size 102400000 bytes, new threshold 1 (max 1)
- age   1:    5670280 bytes,    5670280 total
: 1607212K->6008K(1800000K), 0.0116255 secs] 10141753K->8541747K(15801024K)After GC:
Statistics for BinaryTreeDictionary:
------------------------------------
Total Free Space: 159028110
Max   Chunk Size: 1128311
Number of Blocks: 72533
Av.  Block  Size: 2192
Tree      Height: 110
, 0.0128828 secs] [Times: user=0.28 sys=0.00, real=0.02 secs] 
Heap after GC invocations=12971 (full 18):
 par new generation   total 1800000K, used 6008K [0x00000003ef600000, 0x0000000469720000, 0x0000000469720000)
  eden space 1600000K,   0% used [0x00000003ef600000, 0x00000003ef600000, 0x0000000451080000)
  from space 200000K,   3% used [0x000000045d3d0000, 0x000000045d9ae2f8, 0x0000000469720000)
  to   space 200000K,   0% used [0x0000000451080000, 0x0000000451080000, 0x000000045d3d0000)
 concurrent mark-sweep generation total 14001024K, used 8535738K [0x0000000469720000, 0x00000007c0000000, 0x00000007c0000000)
 Metaspace       used 44937K, capacity 46232K, committed 46652K, reserved 1091584K
  class space    used 4916K, capacity 5189K, committed 5268K, reserved 1048576K
}
2017-04-16T12:06:22.090-0700: 140506.350: Total time for which application threads were stopped: 0.0139547 seconds, Stopping threads took: 0.0001500 seconds
{Heap before GC invocations=12971 (full 18):
 par new generation   total 1800000K, used 1606008K [0x00000003ef600000, 0x0000000469720000, 0x0000000469720000)
  eden space 1600000K, 100% used [0x00000003ef600000, 0x0000000451080000, 0x0000000451080000)
  from space 200000K,   3% used [0x000000045d3d0000, 0x000000045d9ae2f8, 0x0000000469720000)
  to   space 200000K,   0% used [0x0000000451080000, 0x0000000451080000, 0x000000045d3d0000)
 concurrent mark-sweep generation total 14001024K, used 8535738K [0x0000000469720000, 0x00000007c0000000, 0x00000007c0000000)
 Metaspace       used 44937K, capacity 46232K, committed 46652K, reserved 1091584K
  class space    used 4916K, capacity 5189K, committed 5268K, reserved 1048576K
2017-04-16T12:06:34.108-0700: 140518.367: [GC (Allocation Failure) Before GC:
Statistics for BinaryTreeDictionary:
------------------------------------
Total Free Space: 159028110
Max   Chunk Size: 1128311
Number of Blocks: 72533
Av.  Block  Size: 2192
Tree      Height: 110
2017-04-16T12:06:34.108-0700: 140518.368: [ParNew
Desired survivor size 102400000 bytes, new threshold 1 (max 1)
- age   1:   17069432 bytes,   17069432 total
: 1606008K->17297K(1800000K), 0.0122420 secs] 10141747K->8554064K(15801024K)After GC:
Statistics for BinaryTreeDictionary:
------------------------------------
Total Free Space: 159015952
Max   Chunk Size: 1128311
Number of Blocks: 72507
Av.  Block  Size: 2193
Tree      Height: 110
, 0.0135181 secs] [Times: user=0.30 sys=0.00, real=0.02 secs] 
Heap after GC invocations=12972 (full 18):
 par new generation   total 1800000K, used 17297K [0x00000003ef600000, 0x0000000469720000, 0x0000000469720000)
  eden space 1600000K,   0% used [0x00000003ef600000, 0x00000003ef600000, 0x0000000451080000)
  from space 200000K,   8% used [0x0000000451080000, 0x00000004521647a8, 0x000000045d3d0000)
  to   space 200000K,   0% used [0x000000045d3d0000, 0x000000045d3d0000, 0x0000000469720000)
 concurrent mark-sweep generation total 14001024K, used 8536766K [0x0000000469720000, 0x00000007c0000000, 0x00000007c0000000)
 Metaspace       used 44937K, capacity 46232K, committed 46652K, reserved 1091584K
  class space    used 4916K, capacity 5189K, committed 5268K, reserved 1048576K
}
2017-04-16T12:06:34.121-0700: 140518.381: Total time for which application threads were stopped: 0.0146140 seconds, Stopping threads took: 0.0001510 seconds
{Heap before GC invocations=12972 (full 18):
 par new generation   total 1800000K, used 1617297K [0x00000003ef600000, 0x0000000469720000, 0x0000000469720000)
  eden space 1600000K, 100% used [0x00000003ef600000, 0x0000000451080000, 0x0000000451080000)
  from space 200000K,   8% used [0x0000000451080000, 0x00000004521647a8, 0x000000045d3d0000)
  to   space 200000K,   0% used [0x000000045d3d0000, 0x000000045d3d0000, 0x0000000469720000)
 concurrent mark-sweep generation total 14001024K, used 8536766K [0x0000000469720000, 0x00000007c0000000, 0x00000007c0000000)
 Metaspace       used 44937K, capacity 46232K, committed 46652K, reserved 1091584K
  class space    used 4916K, capacity 5189K, committed 5268K, reserved 1048576K
2017-04-16T12:06:47.878-0700: 140532.138: [GC (Allocation Failure) Before GC:
Statistics for BinaryTreeDictionary:
------------------------------------
Total Free Space: 159015952
Max   Chunk Size: 1128311
Number of Blocks: 72507
Av.  Block  Size: 2193
Tree      Height: 110
2017-04-16T12:06:47.879-0700: 140532.138: [ParNew
Desired survivor size 102400000 bytes, new threshold 1 (max 1)
- age   1:    6003320 bytes,    6003320 total
: 1617297K->9691K(1800000K), 0.0206162 secs] 10154064K->8556637K(15801024K)After GC:
Statistics for BinaryTreeDictionary:
------------------------------------
Total Free Space: 158710738
Max   Chunk Size: 1128311
Number of Blocks: 72484
Av.  Block  Size: 2189
Tree      Height: 110
, 0.0219175 secs] [Times: user=0.32 sys=0.01, real=0.02 secs] 
Heap after GC invocations=12973 (full 18):
 par new generation   total 1800000K, used 9691K [0x00000003ef600000, 0x0000000469720000, 0x0000000469720000)
  eden space 1600000K,   0% used [0x00000003ef600000, 0x00000003ef600000, 0x0000000451080000)
  from space 200000K,   4% used [0x000000045d3d0000, 0x000000045dd46de0, 0x0000000469720000)
  to   space 200000K,   0% used [0x0000000451080000, 0x0000000451080000, 0x000000045d3d0000)
 concurrent mark-sweep generation total 14001024K, used 8546945K [0x0000000469720000, 0x00000007c0000000, 0x00000007c0000000)
 Metaspace       used 44937K, capacity 46232K, committed 46652K, reserved 1091584K
  class space    used 4916K, capacity 5189K, committed 5268K, reserved 1048576K
}
2017-04-16T12:06:47.901-0700: 140532.160: Total time for which application threads were stopped: 0.0229929 seconds, Stopping threads took: 0.0001564 seconds
{Heap before GC invocations=12973 (full 18):
 par new generation   total 1800000K, used 1609691K [0x00000003ef600000, 0x0000000469720000, 0x0000000469720000)
  eden space 1600000K, 100% used [0x00000003ef600000, 0x0000000451080000, 0x0000000451080000)
  from space 200000K,   4% used [0x000000045d3d0000, 0x000000045dd46de0, 0x0000000469720000)
  to   space 200000K,   0% used [0x0000000451080000, 0x0000000451080000, 0x000000045d3d0000)
 concurrent mark-sweep generation total 14001024K, used 8546945K [0x0000000469720000, 0x00000007c0000000, 0x00000007c0000000)
 Metaspace       used 44937K, capacity 46232K, committed 46652K, reserved 1091584K
  class space    used 4916K, capacity 5189K, committed 5268K, reserved 1048576K
2017-04-16T12:07:01.405-0700: 140545.665: [GC (Allocation Failure) Before GC:
Statistics for BinaryTreeDictionary:
------------------------------------
Total Free Space: 158710738
Max   Chunk Size: 1128311
Number of Blocks: 72484
Av.  Block  Size: 2189
Tree      Height: 110
2017-04-16T12:07:01.406-0700: 140545.665: [ParNew
Desired survivor size 102400000 bytes, new threshold 1 (max 1)
- age   1:    7455136 bytes,    7455136 total
: 1609691K->8344K(1800000K), 0.0118717 secs] 10156637K->8556532K(15801024K)After GC:
Statistics for BinaryTreeDictionary:
------------------------------------
Total Free Space: 158671040
Max   Chunk Size: 1128311
Number of Blocks: 72469
Av.  Block  Size: 2189
Tree      Height: 110
, 0.0130999 secs] [Times: user=0.29 sys=0.00, real=0.01 secs] 
Heap after GC invocations=12974 (full 18):
 par new generation   total 1800000K, used 8344K [0x00000003ef600000, 0x0000000469720000, 0x0000000469720000)
  eden space 1600000K,   0% used [0x00000003ef600000, 0x00000003ef600000, 0x0000000451080000)
  from space 200000K,   4% used [0x0000000451080000, 0x00000004518a61d8, 0x000000045d3d0000)
  to   space 200000K,   0% used [0x000000045d3d0000, 0x000000045d3d0000, 0x0000000469720000)
 concurrent mark-sweep generation total 14001024K, used 8548187K [0x0000000469720000, 0x00000007c0000000, 0x00000007c0000000)
 Metaspace       used 44937K, capacity 46232K, committed 46652K, reserved 1091584K
  class space    used 4916K, capacity 5189K, committed 5268K, reserved 1048576K
}
2017-04-16T12:07:01.419-0700: 140545.678: Total time for which application threads were stopped: 0.0141430 seconds, Stopping threads took: 0.0001424 seconds
2017-04-16T12:07:09.624-0700: 140553.883: Total time for which application threads were stopped: 0.0021241 seconds, Stopping threads took: 0.0001468 seconds
{Heap before GC invocations=12974 (full 18):
 par new generation   total 1800000K, used 1608344K [0x00000003ef600000, 0x0000000469720000, 0x0000000469720000)
  eden space 1600000K, 100% used [0x00000003ef600000, 0x0000000451080000, 0x0000000451080000)
  from space 200000K,   4% used [0x0000000451080000, 0x00000004518a61d8, 0x000000045d3d0000)
  to   space 200000K,   0% used [0x000000045d3d0000, 0x000000045d3d0000, 0x0000000469720000)
 concurrent mark-sweep generation total 14001024K, used 8548187K [0x0000000469720000, 0x00000007c0000000, 0x00000007c0000000)
 Metaspace       used 44937K, capacity 46232K, committed 46652K, reserved 1091584K
  class space    used 4916K, capacity 5189K, committed 5268K, reserved 1048576K
2017-04-16T12:07:12.492-0700: 140556.751: [GC (Allocation Failure) Before GC:
Statistics for BinaryTreeDictionary:
------------------------------------
Total Free Space: 158671040
Max   Chunk Size: 1128311
Number of Blocks: 72469
Av.  Block  Size: 2189
Tree      Height: 110
2017-04-16T12:07:12.493-0700: 140556.752: [ParNew
Desired survivor size 102400000 bytes, new threshold 1 (max 1)
- age   1:    6498152 bytes,    6498152 total
: 1608344K->6823K(1800000K), 0.0117171 secs] 10156532K->8556382K(15801024K)After GC:
Statistics for BinaryTreeDictionary:
------------------------------------
Total Free Space: 158636386
Max   Chunk Size: 1128311
Number of Blocks: 72465
Av.  Block  Size: 2189
Tree      Height: 110
, 0.0129867 secs] [Times: user=0.29 sys=0.00, real=0.01 secs] 
Heap after GC invocations=12975 (full 18):
 par new generation   total 1800000K, used 6823K [0x00000003ef600000, 0x0000000469720000, 0x0000000469720000)
  eden space 1600000K,   0% used [0x00000003ef600000, 0x00000003ef600000, 0x0000000451080000)
  from space 200000K,   3% used [0x000000045d3d0000, 0x000000045da79c10, 0x0000000469720000)
  to   space 200000K,   0% used [0x0000000451080000, 0x0000000451080000, 0x000000045d3d0000)
 concurrent mark-sweep generation total 14001024K, used 8549559K [0x0000000469720000, 0x00000007c0000000, 0x00000007c0000000)
 Metaspace       used 44937K, capacity 46232K, committed 46652K, reserved 1091584K
  class space    used 4916K, capacity 5189K, committed 5268K, reserved 1048576K
}
2017-04-16T12:07:12.505-0700: 140556.765: Total time for which application threads were stopped: 0.0140770 seconds, Stopping threads took: 0.0001599 seconds
{Heap before GC invocations=12975 (full 18):
 par new generation   total 1800000K, used 1606823K [0x00000003ef600000, 0x0000000469720000, 0x0000000469720000)
  eden space 1600000K, 100% used [0x00000003ef600000, 0x0000000451080000, 0x0000000451080000)
  from space 200000K,   3% used [0x000000045d3d0000, 0x000000045da79c10, 0x0000000469720000)
  to   space 200000K,   0% used [0x0000000451080000, 0x0000000451080000, 0x000000045d3d0000)
 concurrent mark-sweep generation total 14001024K, used 8549559K [0x0000000469720000, 0x00000007c0000000, 0x00000007c0000000)
 Metaspace       used 44937K, capacity 46232K, committed 46652K, reserved 1091584K
  class space    used 4916K, capacity 5189K, committed 5268K, reserved 1048576K
2017-04-16T12:07:26.200-0700: 140570.459: [GC (Allocation Failure) Before GC:
Statistics for BinaryTreeDictionary:
------------------------------------
Total Free Space: 158636386
Max   Chunk Size: 1128311
Number of Blocks: 72465
Av.  Block  Size: 2189
Tree      Height: 110
2017-04-16T12:07:26.200-0700: 140570.459: [ParNew
Desired survivor size 102400000 bytes, new threshold 1 (max 1)
- age   1:    6470360 bytes,    6470360 total
: 1606823K->6855K(1800000K), 0.0116102 secs] 10156382K->8557847K(15801024K)After GC:
Statistics for BinaryTreeDictionary:
------------------------------------
Total Free Space: 158559215
Max   Chunk Size: 1128311
Number of Blocks: 72421
Av.  Block  Size: 2189
Tree      Height: 110
, 0.0128660 secs] [Times: user=0.29 sys=0.00, real=0.01 secs] 
Heap after GC invocations=12976 (full 18):
 par new generation   total 1800000K, used 6855K [0x00000003ef600000, 0x0000000469720000, 0x0000000469720000)
  eden space 1600000K,   0% used [0x00000003ef600000, 0x00000003ef600000, 0x0000000451080000)
  from space 200000K,   3% used [0x0000000451080000, 0x0000000451731f00, 0x000000045d3d0000)
  to   space 200000K,   0% used [0x000000045d3d0000, 0x000000045d3d0000, 0x0000000469720000)
 concurrent mark-sweep generation total 14001024K, used 8550991K [0x0000000469720000, 0x00000007c0000000, 0x00000007c0000000)
 Metaspace       used 44937K, capacity 46232K, committed 46652K, reserved 1091584K
  class space    used 4916K, capacity 5189K, committed 5268K, reserved 1048576K
}
2017-04-16T12:07:26.213-0700: 140570.472: Total time for which application threads were stopped: 0.0140013 seconds, Stopping threads took: 0.0001474 seconds
{Heap before GC invocations=12976 (full 18):
 par new generation   total 1800000K, used 1606855K [0x00000003ef600000, 0x0000000469720000, 0x0000000469720000)
  eden space 1600000K, 100% used [0x00000003ef600000, 0x0000000451080000, 0x0000000451080000)
  from space 200000K,   3% used [0x0000000451080000, 0x0000000451731f00, 0x000000045d3d0000)
  to   space 200000K,   0% used [0x000000045d3d0000, 0x000000045d3d0000, 0x0000000469720000)
 concurrent mark-sweep generation total 14001024K, used 8550991K [0x0000000469720000, 0x00000007c0000000, 0x00000007c0000000)
 Metaspace       used 44937K, capacity 46232K, committed 46652K, reserved 1091584K
  class space    used 4916K, capacity 5189K, committed 5268K, reserved 1048576K
2017-04-16T12:07:39.517-0700: 140583.777: [GC (Allocation Failure) Before GC:
Statistics for BinaryTreeDictionary:
------------------------------------
Total Free Space: 158559215
Max   Chunk Size: 1128311
Number of Blocks: 72421
Av.  Block  Size: 2189
Tree      Height: 110
2017-04-16T12:07:39.518-0700: 140583.777: [ParNew
Desired survivor size 102400000 bytes, new threshold 1 (max 1)
- age   1:    6157376 bytes,    6157376 total
: 1606855K->6646K(1800000K), 0.0119363 secs] 10157847K->8559182K(15801024K)After GC:
Statistics for BinaryTreeDictionary:
------------------------------------
Total Free Space: 158507086
Max   Chunk Size: 1128311
Number of Blocks: 72415
Av.  Block  Size: 2188
Tree      Height: 110
, 0.0132007 secs] [Times: user=0.30 sys=0.00, real=0.02 secs] 
Heap after GC invocations=12977 (full 18):
 par new generation   total 1800000K, used 6646K [0x00000003ef600000, 0x0000000469720000, 0x0000000469720000)
  eden space 1600000K,   0% used [0x00000003ef600000, 0x00000003ef600000, 0x0000000451080000)
  from space 200000K,   3% used [0x000000045d3d0000, 0x000000045da4db20, 0x0000000469720000)
  to   space 200000K,   0% used [0x0000000451080000, 0x0000000451080000, 0x000000045d3d0000)
 concurrent mark-sweep generation total 14001024K, used 8552535K [0x0000000469720000, 0x00000007c0000000, 0x00000007c0000000)
 Metaspace       used 44937K, capacity 46232K, committed 46652K, reserved 1091584K
  class space    used 4916K, capacity 5189K, committed 5268K, reserved 1048576K
}
2017-04-16T12:07:39.531-0700: 140583.790: Total time for which application threads were stopped: 0.0142956 seconds, Stopping threads took: 0.0001603 seconds
{Heap before GC invocations=12977 (full 18):
 par new generation   total 1800000K, used 1606646K [0x00000003ef600000, 0x0000000469720000, 0x0000000469720000)
  eden space 1600000K, 100% used [0x00000003ef600000, 0x0000000451080000, 0x0000000451080000)
  from space 200000K,   3% used [0x000000045d3d0000, 0x000000045da4db20, 0x0000000469720000)
  to   space 200000K,   0% used [0x0000000451080000, 0x0000000451080000, 0x000000045d3d0000)
 concurrent mark-sweep generation total 14001024K, used 8552535K [0x0000000469720000, 0x00000007c0000000, 0x00000007c0000000)
 Metaspace       used 44937K, capacity 46232K, committed 46652K, reserved 1091584K
  class space    used 4916K, capacity 5189K, committed 5268K, reserved 1048576K
2017-04-16T12:07:52.532-0700: 140596.791: [GC (Allocation Failure) Before GC:
Statistics for BinaryTreeDictionary:
------------------------------------
Total Free Space: 158507086
Max   Chunk Size: 1128311
Number of Blocks: 72415
Av.  Block  Size: 2188
Tree      Height: 110
2017-04-16T12:07:52.532-0700: 140596.792: [ParNew
Desired survivor size 102400000 bytes, new threshold 1 (max 1)
- age   1:    6818664 bytes,    6818664 total
: 1606646K->7286K(1800000K), 0.0118764 secs] 10159182K->8561335K(15801024K)After GC:
Statistics for BinaryTreeDictionary:
------------------------------------
Total Free Space: 158445608
Max   Chunk Size: 1128311
Number of Blocks: 72392
Av.  Block  Size: 2188
Tree      Height: 110
, 0.0131718 secs] [Times: user=0.29 sys=0.00, real=0.02 secs] 
Heap after GC invocations=12978 (full 18):
 par new generation   total 1800000K, used 7286K [0x00000003ef600000, 0x0000000469720000, 0x0000000469720000)
  eden space 1600000K,   0% used [0x00000003ef600000, 0x00000003ef600000, 0x0000000451080000)
  from space 200000K,   3% used [0x0000000451080000, 0x000000045179db18, 0x000000045d3d0000)
  to   space 200000K,   0% used [0x000000045d3d0000, 0x000000045d3d0000, 0x0000000469720000)
 concurrent mark-sweep generation total 14001024K, used 8554048K [0x0000000469720000, 0x00000007c0000000, 0x00000007c0000000)
 Metaspace       used 44937K, capacity 46232K, committed 46652K, reserved 1091584K
  class space    used 4916K, capacity 5189K, committed 5268K, reserved 1048576K
}
2017-04-16T12:07:52.545-0700: 140596.804: Total time for which application threads were stopped: 0.0142682 seconds, Stopping threads took: 0.0001493 seconds
{Heap before GC invocations=12978 (full 18):
 par new generation   total 1800000K, used 1607286K [0x00000003ef600000, 0x0000000469720000, 0x0000000469720000)
  eden space 1600000K, 100% used [0x00000003ef600000, 0x0000000451080000, 0x0000000451080000)
  from space 200000K,   3% used [0x0000000451080000, 0x000000045179db18, 0x000000045d3d0000)
  to   space 200000K,   0% used [0x000000045d3d0000, 0x000000045d3d0000, 0x0000000469720000)
 concurrent mark-sweep generation total 14001024K, used 8554048K [0x0000000469720000, 0x00000007c0000000, 0x00000007c0000000)
 Metaspace       used 44937K, capacity 46232K, committed 46652K, reserved 1091584K
  class space    used 4916K, capacity 5189K, committed 5268K, reserved 1048576K
2017-04-16T12:08:05.786-0700: 140610.045: [GC (Allocation Failure) Before GC:
Statistics for BinaryTreeDictionary:
------------------------------------
Total Free Space: 158445608
Max   Chunk Size: 1128311
Number of Blocks: 72392
Av.  Block  Size: 2188
Tree      Height: 110
2017-04-16T12:08:05.786-0700: 140610.046: [ParNew
Desired survivor size 102400000 bytes, new threshold 1 (max 1)
- age   1:    7414296 bytes,    7414296 total
: 1607286K->7749K(1800000K), 0.0119808 secs] 10161335K->8562970K(15801024K)After GC:
Statistics for BinaryTreeDictionary:
------------------------------------
Total Free Space: 158436762
Max   Chunk Size: 1128311
Number of Blocks: 72374
Av.  Block  Size: 2189
Tree      Height: 110
, 0.0132503 secs] [Times: user=0.29 sys=0.01, real=0.01 secs] 
Heap after GC invocations=12979 (full 18):
 par new generation   total 1800000K, used 7749K [0x00000003ef600000, 0x0000000469720000, 0x0000000469720000)
  eden space 1600000K,   0% used [0x00000003ef600000, 0x00000003ef600000, 0x0000000451080000)
  from space 200000K,   3% used [0x000000045d3d0000, 0x000000045db61460, 0x0000000469720000)
  to   space 200000K,   0% used [0x0000000451080000, 0x0000000451080000, 0x000000045d3d0000)
 concurrent mark-sweep generation total 14001024K, used 8555221K [0x0000000469720000, 0x00000007c0000000, 0x00000007c0000000)
 Metaspace       used 44937K, capacity 46232K, committed 46652K, reserved 1091584K
  class space    used 4916K, capacity 5189K, committed 5268K, reserved 1048576K
}
2017-04-16T12:08:05.799-0700: 140610.058: Total time for which application threads were stopped: 0.0143358 seconds, Stopping threads took: 0.0001446 seconds
2017-04-16T12:08:08.637-0700: 140612.896: Total time for which application threads were stopped: 0.0022238 seconds, Stopping threads took: 0.0001467 seconds
{Heap before GC invocations=12979 (full 18):
 par new generation   total 1800000K, used 1607749K [0x00000003ef600000, 0x0000000469720000, 0x0000000469720000)
  eden space 1600000K, 100% used [0x00000003ef600000, 0x0000000451080000, 0x0000000451080000)
  from space 200000K,   3% used [0x000000045d3d0000, 0x000000045db61460, 0x0000000469720000)
  to   space 200000K,   0% used [0x0000000451080000, 0x0000000451080000, 0x000000045d3d0000)
 concurrent mark-sweep generation total 14001024K, used 8555221K [0x0000000469720000, 0x00000007c0000000, 0x00000007c0000000)
 Metaspace       used 44937K, capacity 46232K, committed 46652K, reserved 1091584K
  class space    used 4916K, capacity 5189K, committed 5268K, reserved 1048576K
2017-04-16T12:08:19.125-0700: 140623.384: [GC (Allocation Failure) Before GC:
Statistics for BinaryTreeDictionary:
------------------------------------
Total Free Space: 158436762
Max   Chunk Size: 1128311
Number of Blocks: 72374
Av.  Block  Size: 2189
Tree      Height: 110
2017-04-16T12:08:19.125-0700: 140623.385: [ParNew
Desired survivor size 102400000 bytes, new threshold 1 (max 1)
- age   1:    6098968 bytes,    6098968 total
: 1607749K->6516K(1800000K), 0.0119791 secs] 10162970K->8563203K(15801024K)After GC:
Statistics for BinaryTreeDictionary:
------------------------------------
Total Free Space: 158385969
Max   Chunk Size: 1128311
Number of Blocks: 72370
Av.  Block  Size: 2188
Tree      Height: 110
, 0.0132626 secs] [Times: user=0.30 sys=0.00, real=0.02 secs] 
Heap after GC invocations=12980 (full 18):
 par new generation   total 1800000K, used 6516K [0x00000003ef600000, 0x0000000469720000, 0x0000000469720000)
  eden space 1600000K,   0% used [0x00000003ef600000, 0x00000003ef600000, 0x0000000451080000)
  from space 200000K,   3% used [0x0000000451080000, 0x00000004516dd038, 0x000000045d3d0000)
  to   space 200000K,   0% used [0x000000045d3d0000, 0x000000045d3d0000, 0x0000000469720000)
 concurrent mark-sweep generation total 14001024K, used 8556687K [0x0000000469720000, 0x00000007c0000000, 0x00000007c0000000)
 Metaspace       used 44937K, capacity 46232K, committed 46652K, reserved 1091584K
  class space    used 4916K, capacity 5189K, committed 5268K, reserved 1048576K
}
2017-04-16T12:08:19.138-0700: 140623.398: Total time for which application threads were stopped: 0.0143416 seconds, Stopping threads took: 0.0001473 seconds
{Heap before GC invocations=12980 (full 18):
 par new generation   total 1800000K, used 1606516K [0x00000003ef600000, 0x0000000469720000, 0x0000000469720000)
  eden space 1600000K, 100% used [0x00000003ef600000, 0x0000000451080000, 0x0000000451080000)
  from space 200000K,   3% used [0x0000000451080000, 0x00000004516dd038, 0x000000045d3d0000)
  to   space 200000K,   0% used [0x000000045d3d0000, 0x000000045d3d0000, 0x0000000469720000)
 concurrent mark-sweep generation total 14001024K, used 8556687K [0x0000000469720000, 0x00000007c0000000, 0x00000007c0000000)
 Metaspace       used 44937K, capacity 46232K, committed 46652K, reserved 1091584K
  class space    used 4916K, capacity 5189K, committed 5268K, reserved 1048576K
2017-04-16T12:08:32.377-0700: 140636.636: [GC (Allocation Failure) Before GC:
Statistics for BinaryTreeDictionary:
------------------------------------
Total Free Space: 158385969
Max   Chunk Size: 1128311
Number of Blocks: 72370
Av.  Block  Size: 2188
Tree      Height: 110
2017-04-16T12:08:32.378-0700: 140636.637: [ParNew
Desired survivor size 102400000 bytes, new threshold 1 (max 1)
- age   1:    6445824 bytes,    6445824 total
: 1606516K->7043K(1800000K), 0.0117236 secs] 10163203K->8565120K(15801024K)After GC:
Statistics for BinaryTreeDictionary:
------------------------------------
Total Free Space: 158346066
Max   Chunk Size: 1128311
Number of Blocks: 72353
Av.  Block  Size: 2188
Tree      Height: 110
, 0.0130103 secs] [Times: user=0.29 sys=0.00, real=0.02 secs] 
Heap after GC invocations=12981 (full 18):
 par new generation   total 1800000K, used 7043K [0x00000003ef600000, 0x0000000469720000, 0x0000000469720000)
  eden space 1600000K,   0% used [0x00000003ef600000, 0x00000003ef600000, 0x0000000451080000)
  from space 200000K,   3% used [0x000000045d3d0000, 0x000000045dab0d58, 0x0000000469720000)
  to   space 200000K,   0% used [0x0000000451080000, 0x0000000451080000, 0x000000045d3d0000)
 concurrent mark-sweep generation total 14001024K, used 8558076K [0x0000000469720000, 0x00000007c0000000, 0x00000007c0000000)
 Metaspace       used 44937K, capacity 46232K, committed 46652K, reserved 1091584K
  class space    used 4916K, capacity 5189K, committed 5268K, reserved 1048576K
}
2017-04-16T12:08:32.390-0700: 140636.650: Total time for which application threads were stopped: 0.0140888 seconds, Stopping threads took: 0.0001431 seconds
2017-04-16T12:08:39.623-0700: 140643.883: Total time for which application threads were stopped: 0.0021482 seconds, Stopping threads took: 0.0001520 seconds
{Heap before GC invocations=12981 (full 18):
 par new generation   total 1800000K, used 1607043K [0x00000003ef600000, 0x0000000469720000, 0x0000000469720000)
  eden space 1600000K, 100% used [0x00000003ef600000, 0x0000000451080000, 0x0000000451080000)
  from space 200000K,   3% used [0x000000045d3d0000, 0x000000045dab0d58, 0x0000000469720000)
  to   space 200000K,   0% used [0x0000000451080000, 0x0000000451080000, 0x000000045d3d0000)
 concurrent mark-sweep generation total 14001024K, used 8558076K [0x0000000469720000, 0x00000007c0000000, 0x00000007c0000000)
 Metaspace       used 44937K, capacity 46232K, committed 46652K, reserved 1091584K
  class space    used 4916K, capacity 5189K, committed 5268K, reserved 1048576K
2017-04-16T12:08:43.097-0700: 140647.356: [GC (Allocation Failure) Before GC:
Statistics for BinaryTreeDictionary:
------------------------------------
Total Free Space: 158346066
Max   Chunk Size: 1128311
Number of Blocks: 72353
Av.  Block  Size: 2188
Tree      Height: 110
2017-04-16T12:08:43.097-0700: 140647.357: [ParNew
Desired survivor size 102400000 bytes, new threshold 1 (max 1)
- age   1:    6139944 bytes,    6139944 total
: 1607043K->6581K(1800000K), 0.0115389 secs] 10165120K->8566183K(15801024K)After GC:
Statistics for BinaryTreeDictionary:
------------------------------------
Total Free Space: 158275503
Max   Chunk Size: 1128311
Number of Blocks: 72341
Av.  Block  Size: 2187
Tree      Height: 110
, 0.0128141 secs] [Times: user=0.29 sys=0.00, real=0.02 secs] 
Heap after GC invocations=12982 (full 18):
 par new generation   total 1800000K, used 6581K [0x00000003ef600000, 0x0000000469720000, 0x0000000469720000)
  eden space 1600000K,   0% used [0x00000003ef600000, 0x00000003ef600000, 0x0000000451080000)
  from space 200000K,   3% used [0x0000000451080000, 0x00000004516ed528, 0x000000045d3d0000)
  to   space 200000K,   0% used [0x000000045d3d0000, 0x000000045d3d0000, 0x0000000469720000)
 concurrent mark-sweep generation total 14001024K, used 8559602K [0x0000000469720000, 0x00000007c0000000, 0x00000007c0000000)
 Metaspace       used 44937K, capacity 46232K, committed 46652K, reserved 1091584K
  class space    used 4916K, capacity 5189K, committed 5268K, reserved 1048576K
}
2017-04-16T12:08:43.110-0700: 140647.369: Total time for which application threads were stopped: 0.0139140 seconds, Stopping threads took: 0.0001456 seconds
2017-04-16T12:08:57.168-0700: 140661.427: Total time for which application threads were stopped: 0.0008707 seconds, Stopping threads took: 0.0001458 seconds
{Heap before GC invocations=12982 (full 18):
 par new generation   total 1800000K, used 1606645K [0x00000003ef600000, 0x0000000469720000, 0x0000000469720000)
  eden space 1600000K, 100% used [0x00000003ef600000, 0x0000000451080000, 0x0000000451080000)
  from space 200000K,   3% used [0x0000000451080000, 0x00000004516fd538, 0x000000045d3d0000)
  to   space 200000K,   0% used [0x000000045d3d0000, 0x000000045d3d0000, 0x0000000469720000)
 concurrent mark-sweep generation total 14001024K, used 8559602K [0x0000000469720000, 0x00000007c0000000, 0x00000007c0000000)
 Metaspace       used 44937K, capacity 46232K, committed 46652K, reserved 1091584K
  class space    used 4916K, capacity 5189K, committed 5268K, reserved 1048576K
2017-04-16T12:08:57.168-0700: 140661.427: [GC (GCLocker Initiated GC) Before GC:
Statistics for BinaryTreeDictionary:
------------------------------------
Total Free Space: 158275503
Max   Chunk Size: 1128311
Number of Blocks: 72341
Av.  Block  Size: 2187
Tree      Height: 110
2017-04-16T12:08:57.169-0700: 140661.428: [ParNew
Desired survivor size 102400000 bytes, new threshold 1 (max 1)
- age   1:    6344848 bytes,    6344848 total
: 1606645K->6722K(1800000K), 0.0117860 secs] 10166247K->8567686K(15801024K)After GC:
Statistics for BinaryTreeDictionary:
------------------------------------
Total Free Space: 158203131
Max   Chunk Size: 1128311
Number of Blocks: 72303
Av.  Block  Size: 2188
Tree      Height: 110
, 0.0130406 secs] [Times: user=0.28 sys=0.00, real=0.01 secs] 
Heap after GC invocations=12983 (full 18):
 par new generation   total 1800000K, used 6722K [0x00000003ef600000, 0x0000000469720000, 0x0000000469720000)
  eden space 1600000K,   0% used [0x00000003ef600000, 0x00000003ef600000, 0x0000000451080000)
  from space 200000K,   3% used [0x000000045d3d0000, 0x000000045da60b68, 0x0000000469720000)
  to   space 200000K,   0% used [0x0000000451080000, 0x0000000451080000, 0x000000045d3d0000)
 concurrent mark-sweep generation total 14001024K, used 8560963K [0x0000000469720000, 0x00000007c0000000, 0x00000007c0000000)
 Metaspace       used 44937K, capacity 46232K, committed 46652K, reserved 1091584K
  class space    used 4916K, capacity 5189K, committed 5268K, reserved 1048576K
}
2017-04-16T12:08:57.181-0700: 140661.441: Total time for which application threads were stopped: 0.0136088 seconds, Stopping threads took: 0.0000340 seconds
{Heap before GC invocations=12983 (full 18):
 par new generation   total 1800000K, used 1606722K [0x00000003ef600000, 0x0000000469720000, 0x0000000469720000)
  eden space 1600000K, 100% used [0x00000003ef600000, 0x0000000451080000, 0x0000000451080000)
  from space 200000K,   3% used [0x000000045d3d0000, 0x000000045da60b68, 0x0000000469720000)
  to   space 200000K,   0% used [0x0000000451080000, 0x0000000451080000, 0x000000045d3d0000)
 concurrent mark-sweep generation total 14001024K, used 8560963K [0x0000000469720000, 0x00000007c0000000, 0x00000007c0000000)
 Metaspace       used 44937K, capacity 46232K, committed 46652K, reserved 1091584K
  class space    used 4916K, capacity 5189K, committed 5268K, reserved 1048576K
2017-04-16T12:09:10.606-0700: 140674.865: [GC (Allocation Failure) Before GC:
Statistics for BinaryTreeDictionary:
------------------------------------
Total Free Space: 158203131
Max   Chunk Size: 1128311
Number of Blocks: 72303
Av.  Block  Size: 2188
Tree      Height: 110
2017-04-16T12:09:10.607-0700: 140674.866: [ParNew
Desired survivor size 102400000 bytes, new threshold 1 (max 1)
- age   1:    6576240 bytes,    6576240 total
: 1606722K->6940K(1800000K), 0.0120855 secs] 10167686K->8569549K(15801024K)After GC:
Statistics for BinaryTreeDictionary:
------------------------------------
Total Free Space: 158132207
Max   Chunk Size: 1128311
Number of Blocks: 72293
Av.  Block  Size: 2187
Tree      Height: 110
, 0.0133442 secs] [Times: user=0.30 sys=0.00, real=0.01 secs] 
Heap after GC invocations=12984 (full 18):
 par new generation   total 1800000K, used 6940K [0x00000003ef600000, 0x0000000469720000, 0x0000000469720000)
  eden space 1600000K,   0% used [0x00000003ef600000, 0x00000003ef600000, 0x0000000451080000)
  from space 200000K,   3% used [0x0000000451080000, 0x00000004517472c0, 0x000000045d3d0000)
  to   space 200000K,   0% used [0x000000045d3d0000, 0x000000045d3d0000, 0x0000000469720000)
 concurrent mark-sweep generation total 14001024K, used 8562608K [0x0000000469720000, 0x00000007c0000000, 0x00000007c0000000)
 Metaspace       used 44937K, capacity 46232K, committed 46652K, reserved 1091584K
  class space    used 4916K, capacity 5189K, committed 5268K, reserved 1048576K
}
2017-04-16T12:09:10.619-0700: 140674.879: Total time for which application threads were stopped: 0.0144364 seconds, Stopping threads took: 0.0001460 seconds
2017-04-16T12:09:23.967-0700: 140688.226: Total time for which application threads were stopped: 0.0008563 seconds, Stopping threads took: 0.0001461 seconds
{Heap before GC invocations=12984 (full 18):
 par new generation   total 1800000K, used 1606940K [0x00000003ef600000, 0x0000000469720000, 0x0000000469720000)
  eden space 1600000K, 100% used [0x00000003ef600000, 0x0000000451080000, 0x0000000451080000)
  from space 200000K,   3% used [0x0000000451080000, 0x00000004517472f8, 0x000000045d3d0000)
  to   space 200000K,   0% used [0x000000045d3d0000, 0x000000045d3d0000, 0x0000000469720000)
 concurrent mark-sweep generation total 14001024K, used 8562608K [0x0000000469720000, 0x00000007c0000000, 0x00000007c0000000)
 Metaspace       used 44937K, capacity 46232K, committed 46652K, reserved 1091584K
  class space    used 4916K, capacity 5189K, committed 5268K, reserved 1048576K
2017-04-16T12:09:23.967-0700: 140688.227: [GC (GCLocker Initiated GC) Before GC:
Statistics for BinaryTreeDictionary:
------------------------------------
Total Free Space: 158132207
Max   Chunk Size: 1128311
Number of Blocks: 72293
Av.  Block  Size: 2187
Tree      Height: 110
2017-04-16T12:09:23.968-0700: 140688.227: [ParNew
Desired survivor size 102400000 bytes, new threshold 1 (max 1)
- age   1:    6427048 bytes,    6427048 total
: 1606940K->6768K(1800000K), 0.0121904 secs] 10169549K->8570538K(15801024K)After GC:
Statistics for BinaryTreeDictionary:
------------------------------------
Total Free Space: 158127233
Max   Chunk Size: 1128311
Number of Blocks: 72280
Av.  Block  Size: 2187
Tree      Height: 110
, 0.0134830 secs] [Times: user=0.30 sys=0.00, real=0.01 secs] 
Heap after GC invocations=12985 (full 18):
 par new generation   total 1800000K, used 6768K [0x00000003ef600000, 0x0000000469720000, 0x0000000469720000)
  eden space 1600000K,   0% used [0x00000003ef600000, 0x00000003ef600000, 0x0000000451080000)
  from space 200000K,   3% used [0x000000045d3d0000, 0x000000045da6c2a8, 0x0000000469720000)
  to   space 200000K,   0% used [0x0000000451080000, 0x0000000451080000, 0x000000045d3d0000)
 concurrent mark-sweep generation total 14001024K, used 8563769K [0x0000000469720000, 0x00000007c0000000, 0x00000007c0000000)
 Metaspace       used 44937K, capacity 46232K, committed 46652K, reserved 1091584K
  class space    used 4916K, capacity 5189K, committed 5268K, reserved 1048576K
}
2017-04-16T12:09:23.981-0700: 140688.240: Total time for which application threads were stopped: 0.0140484 seconds, Stopping threads took: 0.0000312 seconds
{Heap before GC invocations=12985 (full 18):
 par new generation   total 1800000K, used 1606768K [0x00000003ef600000, 0x0000000469720000, 0x0000000469720000)
  eden space 1600000K, 100% used [0x00000003ef600000, 0x0000000451080000, 0x0000000451080000)
  from space 200000K,   3% used [0x000000045d3d0000, 0x000000045da6c2a8, 0x0000000469720000)
  to   space 200000K,   0% used [0x0000000451080000, 0x0000000451080000, 0x000000045d3d0000)
 concurrent mark-sweep generation total 14001024K, used 8563769K [0x0000000469720000, 0x00000007c0000000, 0x00000007c0000000)
 Metaspace       used 44937K, capacity 46232K, committed 46652K, reserved 1091584K
  class space    used 4916K, capacity 5189K, committed 5268K, reserved 1048576K
2017-04-16T12:09:37.665-0700: 140701.924: [GC (Allocation Failure) Before GC:
Statistics for BinaryTreeDictionary:
------------------------------------
Total Free Space: 158127233
Max   Chunk Size: 1128311
Number of Blocks: 72280
Av.  Block  Size: 2187
Tree      Height: 110
2017-04-16T12:09:37.665-0700: 140701.924: [ParNew
Desired survivor size 102400000 bytes, new threshold 1 (max 1)
- age   1:    6639008 bytes,    6639008 total
: 1606768K->7058K(1800000K), 0.0119012 secs] 10170538K->8572192K(15801024K)After GC:
Statistics for BinaryTreeDictionary:
------------------------------------
Total Free Space: 158086345
Max   Chunk Size: 1128311
Number of Blocks: 72262
Av.  Block  Size: 2187
Tree      Height: 110
, 0.0131510 secs] [Times: user=0.29 sys=0.00, real=0.01 secs] 
Heap after GC invocations=12986 (full 18):
 par new generation   total 1800000K, used 7058K [0x00000003ef600000, 0x0000000469720000, 0x0000000469720000)
  eden space 1600000K,   0% used [0x00000003ef600000, 0x00000003ef600000, 0x0000000451080000)
  from space 200000K,   3% used [0x0000000451080000, 0x0000000451764bd0, 0x000000045d3d0000)
  to   space 200000K,   0% used [0x000000045d3d0000, 0x000000045d3d0000, 0x0000000469720000)
 concurrent mark-sweep generation total 14001024K, used 8565133K [0x0000000469720000, 0x00000007c0000000, 0x00000007c0000000)
 Metaspace       used 44937K, capacity 46232K, committed 46652K, reserved 1091584K
  class space    used 4916K, capacity 5189K, committed 5268K, reserved 1048576K
}
2017-04-16T12:09:37.678-0700: 140701.937: Total time for which application threads were stopped: 0.0142478 seconds, Stopping threads took: 0.0001476 seconds
{Heap before GC invocations=12986 (full 18):
 par new generation   total 1800000K, used 1607058K [0x00000003ef600000, 0x0000000469720000, 0x0000000469720000)
  eden space 1600000K, 100% used [0x00000003ef600000, 0x0000000451080000, 0x0000000451080000)
  from space 200000K,   3% used [0x0000000451080000, 0x0000000451764bd0, 0x000000045d3d0000)
  to   space 200000K,   0% used [0x000000045d3d0000, 0x000000045d3d0000, 0x0000000469720000)
 concurrent mark-sweep generation total 14001024K, used 8565133K [0x0000000469720000, 0x00000007c0000000, 0x00000007c0000000)
 Metaspace       used 44937K, capacity 46232K, committed 46652K, reserved 1091584K
  class space    used 4916K, capacity 5189K, committed 5268K, reserved 1048576K
2017-04-16T12:09:51.024-0700: 140715.283: [GC (Allocation Failure) Before GC:
Statistics for BinaryTreeDictionary:
------------------------------------
Total Free Space: 158086345
Max   Chunk Size: 1128311
Number of Blocks: 72262
Av.  Block  Size: 2187
Tree      Height: 110
2017-04-16T12:09:51.024-0700: 140715.284: [ParNew
Desired survivor size 102400000 bytes, new threshold 1 (max 1)
- age   1:    6065064 bytes,    6065064 total
: 1607058K->6585K(1800000K), 0.0118758 secs] 10172192K->8573352K(15801024K)After GC:
Statistics for BinaryTreeDictionary:
------------------------------------
Total Free Space: 158014526
Max   Chunk Size: 1128311
Number of Blocks: 72249
Av.  Block  Size: 2187
Tree      Height: 110
, 0.0131336 secs] [Times: user=0.29 sys=0.00, real=0.01 secs] 
Heap after GC invocations=12987 (full 18):
 par new generation   total 1800000K, used 6585K [0x00000003ef600000, 0x0000000469720000, 0x0000000469720000)
  eden space 1600000K,   0% used [0x00000003ef600000, 0x00000003ef600000, 0x0000000451080000)
  from space 200000K,   3% used [0x000000045d3d0000, 0x000000045da3e478, 0x0000000469720000)
  to   space 200000K,   0% used [0x0000000451080000, 0x0000000451080000, 0x000000045d3d0000)
 concurrent mark-sweep generation total 14001024K, used 8566767K [0x0000000469720000, 0x00000007c0000000, 0x00000007c0000000)
 Metaspace       used 44937K, capacity 46232K, committed 46652K, reserved 1091584K
  class space    used 4916K, capacity 5189K, committed 5268K, reserved 1048576K
}
2017-04-16T12:09:51.037-0700: 140715.296: Total time for which application threads were stopped: 0.0142002 seconds, Stopping threads took: 0.0001467 seconds
{Heap before GC invocations=12987 (full 18):
 par new generation   total 1800000K, used 1606585K [0x00000003ef600000, 0x0000000469720000, 0x0000000469720000)
  eden space 1600000K, 100% used [0x00000003ef600000, 0x0000000451080000, 0x0000000451080000)
  from space 200000K,   3% used [0x000000045d3d0000, 0x000000045da3e478, 0x0000000469720000)
  to   space 200000K,   0% used [0x0000000451080000, 0x0000000451080000, 0x000000045d3d0000)
 concurrent mark-sweep generation total 14001024K, used 8566767K [0x0000000469720000, 0x00000007c0000000, 0x00000007c0000000)
 Metaspace       used 44937K, capacity 46232K, committed 46652K, reserved 1091584K
  class space    used 4916K, capacity 5189K, committed 5268K, reserved 1048576K
2017-04-16T12:10:04.580-0700: 140728.839: [GC (Allocation Failure) Before GC:
Statistics for BinaryTreeDictionary:
------------------------------------
Total Free Space: 158014526
Max   Chunk Size: 1128311
Number of Blocks: 72249
Av.  Block  Size: 2187
Tree      Height: 110
2017-04-16T12:10:04.581-0700: 140728.840: [ParNew
Desired survivor size 102400000 bytes, new threshold 1 (max 1)
- age   1:    7175856 bytes,    7175856 total
: 1606585K->7583K(1800000K), 0.0118105 secs] 10173352K->8575472K(15801024K)After GC:
Statistics for BinaryTreeDictionary:
------------------------------------
Total Free Space: 157991575
Max   Chunk Size: 1128311
Number of Blocks: 72235
Av.  Block  Size: 2187
Tree      Height: 110
, 0.0130812 secs] [Times: user=0.30 sys=0.00, real=0.02 secs] 
Heap after GC invocations=12988 (full 18):
 par new generation   total 1800000K, used 7583K [0x00000003ef600000, 0x0000000469720000, 0x0000000469720000)
  eden space 1600000K,   0% used [0x00000003ef600000, 0x00000003ef600000, 0x0000000451080000)
  from space 200000K,   3% used [0x0000000451080000, 0x00000004517e7e60, 0x000000045d3d0000)
  to   space 200000K,   0% used [0x000000045d3d0000, 0x000000045d3d0000, 0x0000000469720000)
 concurrent mark-sweep generation total 14001024K, used 8567888K [0x0000000469720000, 0x00000007c0000000, 0x00000007c0000000)
 Metaspace       used 44937K, capacity 46232K, committed 46652K, reserved 1091584K
  class space    used 4916K, capacity 5189K, committed 5268K, reserved 1048576K
}
2017-04-16T12:10:04.593-0700: 140728.853: Total time for which application threads were stopped: 0.0141540 seconds, Stopping threads took: 0.0001480 seconds
2017-04-16T12:10:09.624-0700: 140733.884: Total time for which application threads were stopped: 0.0021241 seconds, Stopping threads took: 0.0001493 seconds
2017-04-16T12:10:13.598-0700: 140737.857: Total time for which application threads were stopped: 0.0009253 seconds, Stopping threads took: 0.0001566 seconds
{Heap before GC invocations=12988 (full 18):
 par new generation   total 1800000K, used 1607583K [0x00000003ef600000, 0x0000000469720000, 0x0000000469720000)
  eden space 1600000K, 100% used [0x00000003ef600000, 0x0000000451080000, 0x0000000451080000)
  from space 200000K,   3% used [0x0000000451080000, 0x00000004517e7e60, 0x000000045d3d0000)
  to   space 200000K,   0% used [0x000000045d3d0000, 0x000000045d3d0000, 0x0000000469720000)
 concurrent mark-sweep generation total 14001024K, used 8567888K [0x0000000469720000, 0x00000007c0000000, 0x00000007c0000000)
 Metaspace       used 44937K, capacity 46232K, committed 46652K, reserved 1091584K
  class space    used 4916K, capacity 5189K, committed 5268K, reserved 1048576K
2017-04-16T12:10:15.486-0700: 140739.745: [GC (Allocation Failure) Before GC:
Statistics for BinaryTreeDictionary:
------------------------------------
Total Free Space: 157991575
Max   Chunk Size: 1128311
Number of Blocks: 72235
Av.  Block  Size: 2187
Tree      Height: 110
2017-04-16T12:10:15.486-0700: 140739.746: [ParNew
Desired survivor size 102400000 bytes, new threshold 1 (max 1)
- age   1:    6315784 bytes,    6315784 total
: 1607583K->6937K(1800000K), 0.0122571 secs] 10175472K->8576964K(15801024K)After GC:
Statistics for BinaryTreeDictionary:
------------------------------------
Total Free Space: 157915311
Max   Chunk Size: 1128311
Number of Blocks: 72213
Av.  Block  Size: 2186
Tree      Height: 110
, 0.0135143 secs] [Times: user=0.30 sys=0.00, real=0.01 secs] 
Heap after GC invocations=12989 (full 18):
 par new generation   total 1800000K, used 6937K [0x00000003ef600000, 0x0000000469720000, 0x0000000469720000)
  eden space 1600000K,   0% used [0x00000003ef600000, 0x00000003ef600000, 0x0000000451080000)
  from space 200000K,   3% used [0x000000045d3d0000, 0x000000045da96748, 0x0000000469720000)
  to   space 200000K,   0% used [0x0000000451080000, 0x0000000451080000, 0x000000045d3d0000)
 concurrent mark-sweep generation total 14001024K, used 8570026K [0x0000000469720000, 0x00000007c0000000, 0x00000007c0000000)
 Metaspace       used 44937K, capacity 46232K, committed 46652K, reserved 1091584K
  class space    used 4916K, capacity 5189K, committed 5268K, reserved 1048576K
}
2017-04-16T12:10:15.499-0700: 140739.759: Total time for which application threads were stopped: 0.0146029 seconds, Stopping threads took: 0.0001478 seconds
{Heap before GC invocations=12989 (full 18):
 par new generation   total 1800000K, used 1606937K [0x00000003ef600000, 0x0000000469720000, 0x0000000469720000)
  eden space 1600000K, 100% used [0x00000003ef600000, 0x0000000451080000, 0x0000000451080000)
  from space 200000K,   3% used [0x000000045d3d0000, 0x000000045da96748, 0x0000000469720000)
  to   space 200000K,   0% used [0x0000000451080000, 0x0000000451080000, 0x000000045d3d0000)
 concurrent mark-sweep generation total 14001024K, used 8570026K [0x0000000469720000, 0x00000007c0000000, 0x00000007c0000000)
 Metaspace       used 44937K, capacity 46232K, committed 46652K, reserved 1091584K
  class space    used 4916K, capacity 5189K, committed 5268K, reserved 1048576K
2017-04-16T12:10:28.929-0700: 140753.189: [GC (Allocation Failure) Before GC:
Statistics for BinaryTreeDictionary:
------------------------------------
Total Free Space: 157915311
Max   Chunk Size: 1128311
Number of Blocks: 72213
Av.  Block  Size: 2186
Tree      Height: 110
2017-04-16T12:10:28.930-0700: 140753.189: [ParNew
Desired survivor size 102400000 bytes, new threshold 1 (max 1)
- age   1:    7341216 bytes,    7341216 total
: 1606937K->7809K(1800000K), 0.0124497 secs] 10176964K->8579500K(15801024K)After GC:
Statistics for BinaryTreeDictionary:
------------------------------------
Total Free Space: 157833890
Max   Chunk Size: 1128311
Number of Blocks: 72158
Av.  Block  Size: 2187
Tree      Height: 110
, 0.0137336 secs] [Times: user=0.30 sys=0.01, real=0.01 secs] 
Heap after GC invocations=12990 (full 18):
 par new generation   total 1800000K, used 7809K [0x00000003ef600000, 0x0000000469720000, 0x0000000469720000)
  eden space 1600000K,   0% used [0x00000003ef600000, 0x00000003ef600000, 0x0000000451080000)
  from space 200000K,   3% used [0x0000000451080000, 0x00000004518205d0, 0x000000045d3d0000)
  to   space 200000K,   0% used [0x000000045d3d0000, 0x000000045d3d0000, 0x0000000469720000)
 concurrent mark-sweep generation total 14001024K, used 8571690K [0x0000000469720000, 0x00000007c0000000, 0x00000007c0000000)
 Metaspace       used 44937K, capacity 46232K, committed 46652K, reserved 1091584K
  class space    used 4916K, capacity 5189K, committed 5268K, reserved 1048576K
}
2017-04-16T12:10:28.943-0700: 140753.203: Total time for which application threads were stopped: 0.0148274 seconds, Stopping threads took: 0.0001507 seconds
2017-04-16T12:10:41.304-0700: 140765.563: Total time for which application threads were stopped: 0.0010004 seconds, Stopping threads took: 0.0001633 seconds
{Heap before GC invocations=12990 (full 18):
 par new generation   total 1800000K, used 1607809K [0x00000003ef600000, 0x0000000469720000, 0x0000000469720000)
  eden space 1600000K, 100% used [0x00000003ef600000, 0x0000000451080000, 0x0000000451080000)
  from space 200000K,   3% used [0x0000000451080000, 0x00000004518205d0, 0x000000045d3d0000)
  to   space 200000K,   0% used [0x000000045d3d0000, 0x000000045d3d0000, 0x0000000469720000)
 concurrent mark-sweep generation total 14001024K, used 8571690K [0x0000000469720000, 0x00000007c0000000, 0x00000007c0000000)
 Metaspace       used 44937K, capacity 46232K, committed 46652K, reserved 1091584K
  class space    used 4916K, capacity 5189K, committed 5268K, reserved 1048576K
2017-04-16T12:10:42.287-0700: 140766.546: [GC (Allocation Failure) Before GC:
Statistics for BinaryTreeDictionary:
------------------------------------
Total Free Space: 157833890
Max   Chunk Size: 1128311
Number of Blocks: 72158
Av.  Block  Size: 2187
Tree      Height: 110
2017-04-16T12:10:42.287-0700: 140766.546: [ParNew
Desired survivor size 102400000 bytes, new threshold 1 (max 1)
- age   1:    8391584 bytes,    8391584 total
: 1607809K->8819K(1800000K), 0.0124811 secs] 10179500K->8582025K(15801024K)After GC:
Statistics for BinaryTreeDictionary:
------------------------------------
Total Free Space: 157791812
Max   Chunk Size: 1128311
Number of Blocks: 72138
Av.  Block  Size: 2187
Tree      Height: 110
, 0.0137303 secs] [Times: user=0.30 sys=0.00, real=0.02 secs] 
Heap after GC invocations=12991 (full 18):
 par new generation   total 1800000K, used 8819K [0x00000003ef600000, 0x0000000469720000, 0x0000000469720000)
  eden space 1600000K,   0% used [0x00000003ef600000, 0x00000003ef600000, 0x0000000451080000)
  from space 200000K,   4% used [0x000000045d3d0000, 0x000000045dc6cd30, 0x0000000469720000)
  to   space 200000K,   0% used [0x0000000451080000, 0x0000000451080000, 0x000000045d3d0000)
 concurrent mark-sweep generation total 14001024K, used 8573206K [0x0000000469720000, 0x00000007c0000000, 0x00000007c0000000)
 Metaspace       used 44937K, capacity 46232K, committed 46652K, reserved 1091584K
  class space    used 4916K, capacity 5189K, committed 5268K, reserved 1048576K
}
2017-04-16T12:10:42.300-0700: 140766.560: Total time for which application threads were stopped: 0.0148368 seconds, Stopping threads took: 0.0001474 seconds
{Heap before GC invocations=12991 (full 18):
 par new generation   total 1800000K, used 1608819K [0x00000003ef600000, 0x0000000469720000, 0x0000000469720000)
  eden space 1600000K, 100% used [0x00000003ef600000, 0x0000000451080000, 0x0000000451080000)
  from space 200000K,   4% used [0x000000045d3d0000, 0x000000045dc6cd30, 0x0000000469720000)
  to   space 200000K,   0% used [0x0000000451080000, 0x0000000451080000, 0x000000045d3d0000)
 concurrent mark-sweep generation total 14001024K, used 8573206K [0x0000000469720000, 0x00000007c0000000, 0x00000007c0000000)
 Metaspace       used 44937K, capacity 46232K, committed 46652K, reserved 1091584K
  class space    used 4916K, capacity 5189K, committed 5268K, reserved 1048576K
2017-04-16T12:10:55.671-0700: 140779.930: [GC (Allocation Failure) Before GC:
Statistics for BinaryTreeDictionary:
------------------------------------
Total Free Space: 157791812
Max   Chunk Size: 1128311
Number of Blocks: 72138
Av.  Block  Size: 2187
Tree      Height: 110
2017-04-16T12:10:55.672-0700: 140779.931: [ParNew
Desired survivor size 102400000 bytes, new threshold 1 (max 1)
- age   1:    7510816 bytes,    7510816 total
: 1608819K->8556K(1800000K), 0.0124770 secs] 10182025K->8583906K(15801024K)After GC:
Statistics for BinaryTreeDictionary:
------------------------------------
Total Free Space: 157729831
Max   Chunk Size: 1128311
Number of Blocks: 72112
Av.  Block  Size: 2187
Tree      Height: 110
, 0.0137414 secs] [Times: user=0.31 sys=0.00, real=0.01 secs] 
Heap after GC invocations=12992 (full 18):
 par new generation   total 1800000K, used 8556K [0x00000003ef600000, 0x0000000469720000, 0x0000000469720000)
  eden space 1600000K,   0% used [0x00000003ef600000, 0x00000003ef600000, 0x0000000451080000)
  from space 200000K,   4% used [0x0000000451080000, 0x00000004518db390, 0x000000045d3d0000)
  to   space 200000K,   0% used [0x000000045d3d0000, 0x000000045d3d0000, 0x0000000469720000)
 concurrent mark-sweep generation total 14001024K, used 8575349K [0x0000000469720000, 0x00000007c0000000, 0x00000007c0000000)
 Metaspace       used 44937K, capacity 46232K, committed 46652K, reserved 1091584K
  class space    used 4916K, capacity 5189K, committed 5268K, reserved 1048576K
}
2017-04-16T12:10:55.685-0700: 140779.944: Total time for which application threads were stopped: 0.0148337 seconds, Stopping threads took: 0.0001510 seconds
2017-04-16T12:11:08.717-0700: 140792.976: Total time for which application threads were stopped: 0.0021751 seconds, Stopping threads took: 0.0001543 seconds
{Heap before GC invocations=12992 (full 18):
 par new generation   total 1800000K, used 1608556K [0x00000003ef600000, 0x0000000469720000, 0x0000000469720000)
  eden space 1600000K, 100% used [0x00000003ef600000, 0x0000000451080000, 0x0000000451080000)
  from space 200000K,   4% used [0x0000000451080000, 0x00000004518db390, 0x000000045d3d0000)
  to   space 200000K,   0% used [0x000000045d3d0000, 0x000000045d3d0000, 0x0000000469720000)
 concurrent mark-sweep generation total 14001024K, used 8575349K [0x0000000469720000, 0x00000007c0000000, 0x00000007c0000000)
 Metaspace       used 44937K, capacity 46232K, committed 46652K, reserved 1091584K
  class space    used 4916K, capacity 5189K, committed 5268K, reserved 1048576K
2017-04-16T12:11:08.727-0700: 140792.986: [GC (Allocation Failure) Before GC:
Statistics for BinaryTreeDictionary:
------------------------------------
Total Free Space: 157729831
Max   Chunk Size: 1128311
Number of Blocks: 72112
Av.  Block  Size: 2187
Tree      Height: 110
2017-04-16T12:11:08.727-0700: 140792.987: [ParNew
Desired survivor size 102400000 bytes, new threshold 1 (max 1)
- age   1:    6353936 bytes,    6353936 total
: 1608556K->7330K(1800000K), 0.0122538 secs] 10183906K->8584368K(15801024K)After GC:
Statistics for BinaryTreeDictionary:
------------------------------------
Total Free Space: 157673842
Max   Chunk Size: 1128311
Number of Blocks: 72097
Av.  Block  Size: 2186
Tree      Height: 110
, 0.0135094 secs] [Times: user=0.30 sys=0.00, real=0.01 secs] 
Heap after GC invocations=12993 (full 18):
 par new generation   total 1800000K, used 7330K [0x00000003ef600000, 0x0000000469720000, 0x0000000469720000)
  eden space 1600000K,   0% used [0x00000003ef600000, 0x00000003ef600000, 0x0000000451080000)
  from space 200000K,   3% used [0x000000045d3d0000, 0x000000045daf89d0, 0x0000000469720000)
  to   space 200000K,   0% used [0x0000000451080000, 0x0000000451080000, 0x000000045d3d0000)
 concurrent mark-sweep generation total 14001024K, used 8577037K [0x0000000469720000, 0x00000007c0000000, 0x00000007c0000000)
 Metaspace       used 44937K, capacity 46232K, committed 46652K, reserved 1091584K
  class space    used 4916K, capacity 5189K, committed 5268K, reserved 1048576K
}
2017-04-16T12:11:08.740-0700: 140793.000: Total time for which application threads were stopped: 0.0141639 seconds, Stopping threads took: 0.0000604 seconds
{Heap before GC invocations=12993 (full 18):
 par new generation   total 1800000K, used 1607330K [0x00000003ef600000, 0x0000000469720000, 0x0000000469720000)
  eden space 1600000K, 100% used [0x00000003ef600000, 0x0000000451080000, 0x0000000451080000)
  from space 200000K,   3% used [0x000000045d3d0000, 0x000000045daf89d0, 0x0000000469720000)
  to   space 200000K,   0% used [0x0000000451080000, 0x0000000451080000, 0x000000045d3d0000)
 concurrent mark-sweep generation total 14001024K, used 8577037K [0x0000000469720000, 0x00000007c0000000, 0x00000007c0000000)
 Metaspace       used 44937K, capacity 46232K, committed 46652K, reserved 1091584K
  class space    used 4916K, capacity 5189K, committed 5268K, reserved 1048576K
2017-04-16T12:11:21.455-0700: 140805.715: [GC (Allocation Failure) Before GC:
Statistics for BinaryTreeDictionary:
------------------------------------
Total Free Space: 157673842
Max   Chunk Size: 1128311
Number of Blocks: 72097
Av.  Block  Size: 2186
Tree      Height: 110
2017-04-16T12:11:21.456-0700: 140805.715: [ParNew
Desired survivor size 102400000 bytes, new threshold 1 (max 1)
- age   1:    6250920 bytes,    6250920 total
: 1607330K->6607K(1800000K), 0.0123248 secs] 10184368K->8584962K(15801024K)After GC:
Statistics for BinaryTreeDictionary:
------------------------------------
Total Free Space: 157652323
Max   Chunk Size: 1128311
Number of Blocks: 72084
Av.  Block  Size: 2187
Tree      Height: 110
, 0.0135695 secs] [Times: user=0.31 sys=0.00, real=0.01 secs] 
Heap after GC invocations=12994 (full 18):
 par new generation   total 1800000K, used 6607K [0x00000003ef600000, 0x0000000469720000, 0x0000000469720000)
  eden space 1600000K,   0% used [0x00000003ef600000, 0x00000003ef600000, 0x0000000451080000)
  from space 200000K,   3% used [0x0000000451080000, 0x00000004516f3dc0, 0x000000045d3d0000)
  to   space 200000K,   0% used [0x000000045d3d0000, 0x000000045d3d0000, 0x0000000469720000)
 concurrent mark-sweep generation total 14001024K, used 8578355K [0x0000000469720000, 0x00000007c0000000, 0x00000007c0000000)
 Metaspace       used 44937K, capacity 46232K, committed 46652K, reserved 1091584K
  class space    used 4916K, capacity 5189K, committed 5268K, reserved 1048576K
}
2017-04-16T12:11:21.469-0700: 140805.729: Total time for which application threads were stopped: 0.0146368 seconds, Stopping threads took: 0.0001478 seconds
{Heap before GC invocations=12994 (full 18):
 par new generation   total 1800000K, used 1606607K [0x00000003ef600000, 0x0000000469720000, 0x0000000469720000)
  eden space 1600000K, 100% used [0x00000003ef600000, 0x0000000451080000, 0x0000000451080000)
  from space 200000K,   3% used [0x0000000451080000, 0x00000004516f3dc0, 0x000000045d3d0000)
  to   space 200000K,   0% used [0x000000045d3d0000, 0x000000045d3d0000, 0x0000000469720000)
 concurrent mark-sweep generation total 14001024K, used 8578355K [0x0000000469720000, 0x00000007c0000000, 0x00000007c0000000)
 Metaspace       used 44937K, capacity 46232K, committed 46652K, reserved 1091584K
  class space    used 4916K, capacity 5189K, committed 5268K, reserved 1048576K
2017-04-16T12:11:33.926-0700: 140818.185: [GC (Allocation Failure) Before GC:
Statistics for BinaryTreeDictionary:
------------------------------------
Total Free Space: 157652323
Max   Chunk Size: 1128311
Number of Blocks: 72084
Av.  Block  Size: 2187
Tree      Height: 110
2017-04-16T12:11:33.927-0700: 140818.186: [ParNew
Desired survivor size 102400000 bytes, new threshold 1 (max 1)
- age   1:   15037216 bytes,   15037216 total
: 1606607K->15196K(1800000K), 0.0122010 secs] 10184962K->8594658K(15801024K)After GC:
Statistics for BinaryTreeDictionary:
------------------------------------
Total Free Space: 157650979
Max   Chunk Size: 1128311
Number of Blocks: 72082
Av.  Block  Size: 2187
Tree      Height: 110
, 0.0134907 secs] [Times: user=0.30 sys=0.00, real=0.01 secs] 
Heap after GC invocations=12995 (full 18):
 par new generation   total 1800000K, used 15196K [0x00000003ef600000, 0x0000000469720000, 0x0000000469720000)
  eden space 1600000K,   0% used [0x00000003ef600000, 0x00000003ef600000, 0x0000000451080000)
  from space 200000K,   7% used [0x000000045d3d0000, 0x000000045e2a7190, 0x0000000469720000)
  to   space 200000K,   0% used [0x0000000451080000, 0x0000000451080000, 0x000000045d3d0000)
 concurrent mark-sweep generation total 14001024K, used 8579462K [0x0000000469720000, 0x00000007c0000000, 0x00000007c0000000)
 Metaspace       used 44937K, capacity 46232K, committed 46652K, reserved 1091584K
  class space    used 4916K, capacity 5189K, committed 5268K, reserved 1048576K
}
2017-04-16T12:11:33.940-0700: 140818.199: Total time for which application threads were stopped: 0.0145913 seconds, Stopping threads took: 0.0001478 seconds
2017-04-16T12:11:39.722-0700: 140823.982: Total time for which application threads were stopped: 0.0021231 seconds, Stopping threads took: 0.0001426 seconds
{Heap before GC invocations=12995 (full 18):
 par new generation   total 1800000K, used 1615196K [0x00000003ef600000, 0x0000000469720000, 0x0000000469720000)
  eden space 1600000K, 100% used [0x00000003ef600000, 0x0000000451080000, 0x0000000451080000)
  from space 200000K,   7% used [0x000000045d3d0000, 0x000000045e2a7190, 0x0000000469720000)
  to   space 200000K,   0% used [0x0000000451080000, 0x0000000451080000, 0x000000045d3d0000)
 concurrent mark-sweep generation total 14001024K, used 8579462K [0x0000000469720000, 0x00000007c0000000, 0x00000007c0000000)
 Metaspace       used 44937K, capacity 46232K, committed 46652K, reserved 1091584K
  class space    used 4916K, capacity 5189K, committed 5268K, reserved 1048576K
2017-04-16T12:11:44.742-0700: 140829.001: [GC (Allocation Failure) Before GC:
Statistics for BinaryTreeDictionary:
------------------------------------
Total Free Space: 157650979
Max   Chunk Size: 1128311
Number of Blocks: 72082
Av.  Block  Size: 2187
Tree      Height: 110
2017-04-16T12:11:44.743-0700: 140829.002: [ParNew
Desired survivor size 102400000 bytes, new threshold 1 (max 1)
- age   1:    6323984 bytes,    6323984 total
: 1615196K->9841K(1800000K), 0.0202671 secs] 10194658K->8597939K(15801024K)After GC:
Statistics for BinaryTreeDictionary:
------------------------------------
Total Free Space: 157452337
Max   Chunk Size: 1128311
Number of Blocks: 72078
Av.  Block  Size: 2184
Tree      Height: 110
, 0.0216183 secs] [Times: user=0.30 sys=0.01, real=0.02 secs] 
Heap after GC invocations=12996 (full 18):
 par new generation   total 1800000K, used 9841K [0x00000003ef600000, 0x0000000469720000, 0x0000000469720000)
  eden space 1600000K,   0% used [0x00000003ef600000, 0x00000003ef600000, 0x0000000451080000)
  from space 200000K,   4% used [0x0000000451080000, 0x0000000451a1c720, 0x000000045d3d0000)
  to   space 200000K,   0% used [0x000000045d3d0000, 0x000000045d3d0000, 0x0000000469720000)
 concurrent mark-sweep generation total 14001024K, used 8588098K [0x0000000469720000, 0x00000007c0000000, 0x00000007c0000000)
 Metaspace       used 44937K, capacity 46232K, committed 46652K, reserved 1091584K
  class space    used 4916K, capacity 5189K, committed 5268K, reserved 1048576K
}
2017-04-16T12:11:44.764-0700: 140829.023: Total time for which application threads were stopped: 0.0227115 seconds, Stopping threads took: 0.0001497 seconds
{Heap before GC invocations=12996 (full 18):
 par new generation   total 1800000K, used 1609841K [0x00000003ef600000, 0x0000000469720000, 0x0000000469720000)
  eden space 1600000K, 100% used [0x00000003ef600000, 0x0000000451080000, 0x0000000451080000)
  from space 200000K,   4% used [0x0000000451080000, 0x0000000451a1c720, 0x000000045d3d0000)
  to   space 200000K,   0% used [0x000000045d3d0000, 0x000000045d3d0000, 0x0000000469720000)
 concurrent mark-sweep generation total 14001024K, used 8588098K [0x0000000469720000, 0x00000007c0000000, 0x00000007c0000000)
 Metaspace       used 44937K, capacity 46232K, committed 46652K, reserved 1091584K
  class space    used 4916K, capacity 5189K, committed 5268K, reserved 1048576K
2017-04-16T12:11:58.451-0700: 140842.711: [GC (Allocation Failure) Before GC:
Statistics for BinaryTreeDictionary:
------------------------------------
Total Free Space: 157452337
Max   Chunk Size: 1128311
Number of Blocks: 72078
Av.  Block  Size: 2184
Tree      Height: 110
2017-04-16T12:11:58.452-0700: 140842.711: [ParNew
Desired survivor size 102400000 bytes, new threshold 1 (max 1)
- age   1:    7194176 bytes,    7194176 total
: 1609841K->7961K(1800000K), 0.0117537 secs] 10197939K->8597504K(15801024K)After GC:
Statistics for BinaryTreeDictionary:
------------------------------------
Total Free Space: 157381204
Max   Chunk Size: 1128311
Number of Blocks: 72050
Av.  Block  Size: 2184
Tree      Height: 110
, 0.0129999 secs] [Times: user=0.29 sys=0.00, real=0.01 secs] 
Heap after GC invocations=12997 (full 18):
 par new generation   total 1800000K, used 7961K [0x00000003ef600000, 0x0000000469720000, 0x0000000469720000)
  eden space 1600000K,   0% used [0x00000003ef600000, 0x00000003ef600000, 0x0000000451080000)
  from space 200000K,   3% used [0x000000045d3d0000, 0x000000045db96440, 0x0000000469720000)
  to   space 200000K,   0% used [0x0000000451080000, 0x0000000451080000, 0x000000045d3d0000)
 concurrent mark-sweep generation total 14001024K, used 8589543K [0x0000000469720000, 0x00000007c0000000, 0x00000007c0000000)
 Metaspace       used 44937K, capacity 46232K, committed 46652K, reserved 1091584K
  class space    used 4916K, capacity 5189K, committed 5268K, reserved 1048576K
}
2017-04-16T12:11:58.464-0700: 140842.724: Total time for which application threads were stopped: 0.0140919 seconds, Stopping threads took: 0.0001521 seconds
{Heap before GC invocations=12997 (full 18):
 par new generation   total 1800000K, used 1607961K [0x00000003ef600000, 0x0000000469720000, 0x0000000469720000)
  eden space 1600000K, 100% used [0x00000003ef600000, 0x0000000451080000, 0x0000000451080000)
  from space 200000K,   3% used [0x000000045d3d0000, 0x000000045db96440, 0x0000000469720000)
  to   space 200000K,   0% used [0x0000000451080000, 0x0000000451080000, 0x000000045d3d0000)
 concurrent mark-sweep generation total 14001024K, used 8589543K [0x0000000469720000, 0x00000007c0000000, 0x00000007c0000000)
 Metaspace       used 44937K, capacity 46232K, committed 46652K, reserved 1091584K
  class space    used 4916K, capacity 5189K, committed 5268K, reserved 1048576K
2017-04-16T12:12:11.027-0700: 140855.286: [GC (Allocation Failure) Before GC:
Statistics for BinaryTreeDictionary:
------------------------------------
Total Free Space: 157381204
Max   Chunk Size: 1128311
Number of Blocks: 72050
Av.  Block  Size: 2184
Tree      Height: 110
2017-04-16T12:12:11.027-0700: 140855.287: [ParNew
Desired survivor size 102400000 bytes, new threshold 1 (max 1)
- age   1:    7668664 bytes,    7668664 total
: 1607961K->7978K(1800000K), 0.0121425 secs] 10197504K->8599224K(15801024K)After GC:
Statistics for BinaryTreeDictionary:
------------------------------------
Total Free Space: 157298417
Max   Chunk Size: 1128311
Number of Blocks: 72049
Av.  Block  Size: 2183
Tree      Height: 110
, 0.0134110 secs] [Times: user=0.30 sys=0.00, real=0.01 secs] 
Heap after GC invocations=12998 (full 18):
 par new generation   total 1800000K, used 7978K [0x00000003ef600000, 0x0000000469720000, 0x0000000469720000)
  eden space 1600000K,   0% used [0x00000003ef600000, 0x00000003ef600000, 0x0000000451080000)
  from space 200000K,   3% used [0x0000000451080000, 0x000000045184aae0, 0x000000045d3d0000)
  to   space 200000K,   0% used [0x000000045d3d0000, 0x000000045d3d0000, 0x0000000469720000)
 concurrent mark-sweep generation total 14001024K, used 8591245K [0x0000000469720000, 0x00000007c0000000, 0x00000007c0000000)
 Metaspace       used 44937K, capacity 46232K, committed 46652K, reserved 1091584K
  class space    used 4916K, capacity 5189K, committed 5268K, reserved 1048576K
}
2017-04-16T12:12:11.040-0700: 140855.300: Total time for which application threads were stopped: 0.0145025 seconds, Stopping threads took: 0.0001514 seconds
{Heap before GC invocations=12998 (full 18):
 par new generation   total 1800000K, used 1607978K [0x00000003ef600000, 0x0000000469720000, 0x0000000469720000)
  eden space 1600000K, 100% used [0x00000003ef600000, 0x0000000451080000, 0x0000000451080000)
  from space 200000K,   3% used [0x0000000451080000, 0x000000045184aae0, 0x000000045d3d0000)
  to   space 200000K,   0% used [0x000000045d3d0000, 0x000000045d3d0000, 0x0000000469720000)
 concurrent mark-sweep generation total 14001024K, used 8591245K [0x0000000469720000, 0x00000007c0000000, 0x00000007c0000000)
 Metaspace       used 44937K, capacity 46232K, committed 46652K, reserved 1091584K
  class space    used 4916K, capacity 5189K, committed 5268K, reserved 1048576K
2017-04-16T12:12:24.717-0700: 140868.976: [GC (Allocation Failure) Before GC:
Statistics for BinaryTreeDictionary:
------------------------------------
Total Free Space: 157298417
Max   Chunk Size: 1128311
Number of Blocks: 72049
Av.  Block  Size: 2183
Tree      Height: 110
2017-04-16T12:12:24.717-0700: 140868.977: [ParNew
Desired survivor size 102400000 bytes, new threshold 1 (max 1)
- age   1:    6305984 bytes,    6305984 total
: 1607978K->6734K(1800000K), 0.0121092 secs] 10199224K->8599507K(15801024K)After GC:
Statistics for BinaryTreeDictionary:
------------------------------------
Total Free Space: 157249148
Max   Chunk Size: 1128311
Number of Blocks: 72049
Av.  Block  Size: 2182
Tree      Height: 110
, 0.0133498 secs] [Times: user=0.30 sys=0.00, real=0.01 secs] 
Heap after GC invocations=12999 (full 18):
 par new generation   total 1800000K, used 6734K [0x00000003ef600000, 0x0000000469720000, 0x0000000469720000)
  eden space 1600000K,   0% used [0x00000003ef600000, 0x00000003ef600000, 0x0000000451080000)
  from space 200000K,   3% used [0x000000045d3d0000, 0x000000045da63938, 0x0000000469720000)
  to   space 200000K,   0% used [0x0000000451080000, 0x0000000451080000, 0x000000045d3d0000)
 concurrent mark-sweep generation total 14001024K, used 8592773K [0x0000000469720000, 0x00000007c0000000, 0x00000007c0000000)
 Metaspace       used 44937K, capacity 46232K, committed 46652K, reserved 1091584K
  class space    used 4916K, capacity 5189K, committed 5268K, reserved 1048576K
}
2017-04-16T12:12:24.730-0700: 140868.990: Total time for which application threads were stopped: 0.0144353 seconds, Stopping threads took: 0.0001487 seconds
{Heap before GC invocations=12999 (full 18):
 par new generation   total 1800000K, used 1606734K [0x00000003ef600000, 0x0000000469720000, 0x0000000469720000)
  eden space 1600000K, 100% used [0x00000003ef600000, 0x0000000451080000, 0x0000000451080000)
  from space 200000K,   3% used [0x000000045d3d0000, 0x000000045da63938, 0x0000000469720000)
  to   space 200000K,   0% used [0x0000000451080000, 0x0000000451080000, 0x000000045d3d0000)
 concurrent mark-sweep generation total 14001024K, used 8592773K [0x0000000469720000, 0x00000007c0000000, 0x00000007c0000000)
 Metaspace       used 44937K, capacity 46232K, committed 46652K, reserved 1091584K
  class space    used 4916K, capacity 5189K, committed 5268K, reserved 1048576K
2017-04-16T12:12:38.710-0700: 140882.970: [GC (Allocation Failure) Before GC:
Statistics for BinaryTreeDictionary:
------------------------------------
Total Free Space: 157249148
Max   Chunk Size: 1128311
Number of Blocks: 72049
Av.  Block  Size: 2182
Tree      Height: 110
2017-04-16T12:12:38.711-0700: 140882.970: [ParNew
Desired survivor size 102400000 bytes, new threshold 1 (max 1)
- age   1:    6628584 bytes,    6628584 total
: 1606734K->6862K(1800000K), 0.0123946 secs] 10199507K->8601187K(15801024K)After GC:
Statistics for BinaryTreeDictionary:
------------------------------------
Total Free Space: 157197863
Max   Chunk Size: 1128311
Number of Blocks: 72046
Av.  Block  Size: 2181
Tree      Height: 110
, 0.0136453 secs] [Times: user=0.31 sys=0.00, real=0.01 secs] 
Heap after GC invocations=13000 (full 18):
 par new generation   total 1800000K, used 6862K [0x00000003ef600000, 0x0000000469720000, 0x0000000469720000)
  eden space 1600000K,   0% used [0x00000003ef600000, 0x00000003ef600000, 0x0000000451080000)
  from space 200000K,   3% used [0x0000000451080000, 0x0000000451733ba8, 0x000000045d3d0000)
  to   space 200000K,   0% used [0x000000045d3d0000, 0x000000045d3d0000, 0x0000000469720000)
 concurrent mark-sweep generation total 14001024K, used 8594324K [0x0000000469720000, 0x00000007c0000000, 0x00000007c0000000)
 Metaspace       used 44937K, capacity 46232K, committed 46652K, reserved 1091584K
  class space    used 4916K, capacity 5189K, committed 5268K, reserved 1048576K
}
2017-04-16T12:12:38.724-0700: 140882.984: Total time for which application threads were stopped: 0.0147294 seconds, Stopping threads took: 0.0001495 seconds
{Heap before GC invocations=13000 (full 18):
 par new generation   total 1800000K, used 1606862K [0x00000003ef600000, 0x0000000469720000, 0x0000000469720000)
  eden space 1600000K, 100% used [0x00000003ef600000, 0x0000000451080000, 0x0000000451080000)
  from space 200000K,   3% used [0x0000000451080000, 0x0000000451733ba8, 0x000000045d3d0000)
  to   space 200000K,   0% used [0x000000045d3d0000, 0x000000045d3d0000, 0x0000000469720000)
 concurrent mark-sweep generation total 14001024K, used 8594324K [0x0000000469720000, 0x00000007c0000000, 0x00000007c0000000)
 Metaspace       used 44937K, capacity 46232K, committed 46652K, reserved 1091584K
  class space    used 4916K, capacity 5189K, committed 5268K, reserved 1048576K
2017-04-16T12:12:52.037-0700: 140896.296: [GC (Allocation Failure) Before GC:
Statistics for BinaryTreeDictionary:
------------------------------------
Total Free Space: 157197863
Max   Chunk Size: 1128311
Number of Blocks: 72046
Av.  Block  Size: 2181
Tree      Height: 110
2017-04-16T12:12:52.037-0700: 140896.297: [ParNew
Desired survivor size 102400000 bytes, new threshold 1 (max 1)
- age   1:    6135256 bytes,    6135256 total
: 1606862K->6659K(1800000K), 0.0121737 secs] 10201187K->8602320K(15801024K)After GC:
Statistics for BinaryTreeDictionary:
------------------------------------
Total Free Space: 157176072
Max   Chunk Size: 1128311
Number of Blocks: 72038
Av.  Block  Size: 2181
Tree      Height: 110
, 0.0134324 secs] [Times: user=0.30 sys=0.00, real=0.02 secs] 
Heap after GC invocations=13001 (full 18):
 par new generation   total 1800000K, used 6659K [0x00000003ef600000, 0x0000000469720000, 0x0000000469720000)
  eden space 1600000K,   0% used [0x00000003ef600000, 0x00000003ef600000, 0x0000000451080000)
  from space 200000K,   3% used [0x000000045d3d0000, 0x000000045da50d20, 0x0000000469720000)
  to   space 200000K,   0% used [0x0000000451080000, 0x0000000451080000, 0x000000045d3d0000)
 concurrent mark-sweep generation total 14001024K, used 8595661K [0x0000000469720000, 0x00000007c0000000, 0x00000007c0000000)
 Metaspace       used 44937K, capacity 46232K, committed 46652K, reserved 1091584K
  class space    used 4916K, capacity 5189K, committed 5268K, reserved 1048576K
}
2017-04-16T12:12:52.050-0700: 140896.310: Total time for which application threads were stopped: 0.0145251 seconds, Stopping threads took: 0.0001491 seconds
{Heap before GC invocations=13001 (full 18):
 par new generation   total 1800000K, used 1606659K [0x00000003ef600000, 0x0000000469720000, 0x0000000469720000)
  eden space 1600000K, 100% used [0x00000003ef600000, 0x0000000451080000, 0x0000000451080000)
  from space 200000K,   3% used [0x000000045d3d0000, 0x000000045da50d20, 0x0000000469720000)
  to   space 200000K,   0% used [0x0000000451080000, 0x0000000451080000, 0x000000045d3d0000)
 concurrent mark-sweep generation total 14001024K, used 8595661K [0x0000000469720000, 0x00000007c0000000, 0x00000007c0000000)
 Metaspace       used 44937K, capacity 46232K, committed 46652K, reserved 1091584K
  class space    used 4916K, capacity 5189K, committed 5268K, reserved 1048576K
2017-04-16T12:13:05.714-0700: 140909.974: [GC (Allocation Failure) Before GC:
Statistics for BinaryTreeDictionary:
------------------------------------
Total Free Space: 157176072
Max   Chunk Size: 1128311
Number of Blocks: 72038
Av.  Block  Size: 2181
Tree      Height: 110
2017-04-16T12:13:05.715-0700: 140909.974: [ParNew
Desired survivor size 102400000 bytes, new threshold 1 (max 1)
- age   1:    6090752 bytes,    6090752 total
: 1606659K->6599K(1800000K), 0.0122227 secs] 10202320K->8603422K(15801024K)After GC:
Statistics for BinaryTreeDictionary:
------------------------------------
Total Free Space: 157152929
Max   Chunk Size: 1128311
Number of Blocks: 72023
Av.  Block  Size: 2181
Tree      Height: 110
, 0.0134928 secs] [Times: user=0.31 sys=0.00, real=0.01 secs] 
Heap after GC invocations=13002 (full 18):
 par new generation   total 1800000K, used 6599K [0x00000003ef600000, 0x0000000469720000, 0x0000000469720000)
  eden space 1600000K,   0% used [0x00000003ef600000, 0x00000003ef600000, 0x0000000451080000)
  from space 200000K,   3% used [0x0000000451080000, 0x00000004516f1d68, 0x000000045d3d0000)
  to   space 200000K,   0% used [0x000000045d3d0000, 0x000000045d3d0000, 0x0000000469720000)
 concurrent mark-sweep generation total 14001024K, used 8596823K [0x0000000469720000, 0x00000007c0000000, 0x00000007c0000000)
 Metaspace       used 44937K, capacity 46232K, committed 46652K, reserved 1091584K
  class space    used 4916K, capacity 5189K, committed 5268K, reserved 1048576K
}
2017-04-16T12:13:05.728-0700: 140909.987: Total time for which application threads were stopped: 0.0145860 seconds, Stopping threads took: 0.0001566 seconds
2017-04-16T12:13:09.628-0700: 140913.888: Total time for which application threads were stopped: 0.0021964 seconds, Stopping threads took: 0.0001487 seconds
{Heap before GC invocations=13002 (full 18):
 par new generation   total 1800000K, used 1606599K [0x00000003ef600000, 0x0000000469720000, 0x0000000469720000)
  eden space 1600000K, 100% used [0x00000003ef600000, 0x0000000451080000, 0x0000000451080000)
  from space 200000K,   3% used [0x0000000451080000, 0x00000004516f1d68, 0x000000045d3d0000)
  to   space 200000K,   0% used [0x000000045d3d0000, 0x000000045d3d0000, 0x0000000469720000)
 concurrent mark-sweep generation total 14001024K, used 8596823K [0x0000000469720000, 0x00000007c0000000, 0x00000007c0000000)
 Metaspace       used 44937K, capacity 46232K, committed 46652K, reserved 1091584K
  class space    used 4916K, capacity 5189K, committed 5268K, reserved 1048576K
2017-04-16T12:13:17.029-0700: 140921.288: [GC (Allocation Failure) Before GC:
Statistics for BinaryTreeDictionary:
------------------------------------
Total Free Space: 157152929
Max   Chunk Size: 1128311
Number of Blocks: 72023
Av.  Block  Size: 2181
Tree      Height: 110
2017-04-16T12:13:17.030-0700: 140921.289: [ParNew
Desired survivor size 102400000 bytes, new threshold 1 (max 1)
- age   1:    6306472 bytes,    6306472 total
: 1606599K->6722K(1800000K), 0.0119589 secs] 10203422K->8605140K(15801024K)After GC:
Statistics for BinaryTreeDictionary:
------------------------------------
Total Free Space: 157080181
Max   Chunk Size: 1128311
Number of Blocks: 72005
Av.  Block  Size: 2181
Tree      Height: 110
, 0.0132463 secs] [Times: user=0.30 sys=0.00, real=0.02 secs] 
Heap after GC invocations=13003 (full 18):
 par new generation   total 1800000K, used 6722K [0x00000003ef600000, 0x0000000469720000, 0x0000000469720000)
  eden space 1600000K,   0% used [0x00000003ef600000, 0x00000003ef600000, 0x0000000451080000)
  from space 200000K,   3% used [0x000000045d3d0000, 0x000000045da60a58, 0x0000000469720000)
  to   space 200000K,   0% used [0x0000000451080000, 0x0000000451080000, 0x000000045d3d0000)
 concurrent mark-sweep generation total 14001024K, used 8598417K [0x0000000469720000, 0x00000007c0000000, 0x00000007c0000000)
 Metaspace       used 44937K, capacity 46232K, committed 46652K, reserved 1091584K
  class space    used 4916K, capacity 5189K, committed 5268K, reserved 1048576K
}
2017-04-16T12:13:17.043-0700: 140921.302: Total time for which application threads were stopped: 0.0143324 seconds, Stopping threads took: 0.0001505 seconds
{Heap before GC invocations=13003 (full 18):
 par new generation   total 1800000K, used 1606722K [0x00000003ef600000, 0x0000000469720000, 0x0000000469720000)
  eden space 1600000K, 100% used [0x00000003ef600000, 0x0000000451080000, 0x0000000451080000)
  from space 200000K,   3% used [0x000000045d3d0000, 0x000000045da60a58, 0x0000000469720000)
  to   space 200000K,   0% used [0x0000000451080000, 0x0000000451080000, 0x000000045d3d0000)
 concurrent mark-sweep generation total 14001024K, used 8598417K [0x0000000469720000, 0x00000007c0000000, 0x00000007c0000000)
 Metaspace       used 44937K, capacity 46232K, committed 46652K, reserved 1091584K
  class space    used 4916K, capacity 5189K, committed 5268K, reserved 1048576K
2017-04-16T12:13:30.763-0700: 140935.022: [GC (Allocation Failure) Before GC:
Statistics for BinaryTreeDictionary:
------------------------------------
Total Free Space: 157080181
Max   Chunk Size: 1128311
Number of Blocks: 72005
Av.  Block  Size: 2181
Tree      Height: 110
2017-04-16T12:13:30.764-0700: 140935.023: [ParNew
Desired survivor size 102400000 bytes, new threshold 1 (max 1)
- age   1:    7105688 bytes,    7105688 total
: 1606722K->7466K(1800000K), 0.0125273 secs] 10205140K->8607535K(15801024K)After GC:
Statistics for BinaryTreeDictionary:
------------------------------------
Total Free Space: 156988094
Max   Chunk Size: 1128311
Number of Blocks: 71960
Av.  Block  Size: 2181
Tree      Height: 110
, 0.0137903 secs] [Times: user=0.30 sys=0.01, real=0.02 secs] 
Heap after GC invocations=13004 (full 18):
 par new generation   total 1800000K, used 7466K [0x00000003ef600000, 0x0000000469720000, 0x0000000469720000)
  eden space 1600000K,   0% used [0x00000003ef600000, 0x00000003ef600000, 0x0000000451080000)
  from space 200000K,   3% used [0x0000000451080000, 0x00000004517cabe0, 0x000000045d3d0000)
  to   space 200000K,   0% used [0x000000045d3d0000, 0x000000045d3d0000, 0x0000000469720000)
 concurrent mark-sweep generation total 14001024K, used 8600068K [0x0000000469720000, 0x00000007c0000000, 0x00000007c0000000)
 Metaspace       used 44937K, capacity 46232K, committed 46652K, reserved 1091584K
  class space    used 4916K, capacity 5189K, committed 5268K, reserved 1048576K
}
2017-04-16T12:13:30.777-0700: 140935.036: Total time for which application threads were stopped: 0.0148985 seconds, Stopping threads took: 0.0001625 seconds
{Heap before GC invocations=13004 (full 18):
 par new generation   total 1800000K, used 1607466K [0x00000003ef600000, 0x0000000469720000, 0x0000000469720000)
  eden space 1600000K, 100% used [0x00000003ef600000, 0x0000000451080000, 0x0000000451080000)
  from space 200000K,   3% used [0x0000000451080000, 0x00000004517cabe0, 0x000000045d3d0000)
  to   space 200000K,   0% used [0x000000045d3d0000, 0x000000045d3d0000, 0x0000000469720000)
 concurrent mark-sweep generation total 14001024K, used 8600068K [0x0000000469720000, 0x00000007c0000000, 0x00000007c0000000)
 Metaspace       used 44937K, capacity 46232K, committed 46652K, reserved 1091584K
  class space    used 4916K, capacity 5189K, committed 5268K, reserved 1048576K
2017-04-16T12:13:44.163-0700: 140948.422: [GC (Allocation Failure) Before GC:
Statistics for BinaryTreeDictionary:
------------------------------------
Total Free Space: 156988094
Max   Chunk Size: 1128311
Number of Blocks: 71960
Av.  Block  Size: 2181
Tree      Height: 110
2017-04-16T12:13:44.164-0700: 140948.423: [ParNew
Desired survivor size 102400000 bytes, new threshold 1 (max 1)
- age   1:    7607832 bytes,    7607832 total
: 1607466K->8066K(1800000K), 0.0119223 secs] 10207535K->8609568K(15801024K)After GC:
Statistics for BinaryTreeDictionary:
------------------------------------
Total Free Space: 156948584
Max   Chunk Size: 1128311
Number of Blocks: 71943
Av.  Block  Size: 2181
Tree      Height: 110
, 0.0132023 secs] [Times: user=0.30 sys=0.00, real=0.02 secs] 
Heap after GC invocations=13005 (full 18):
 par new generation   total 1800000K, used 8066K [0x00000003ef600000, 0x0000000469720000, 0x0000000469720000)
  eden space 1600000K,   0% used [0x00000003ef600000, 0x00000003ef600000, 0x0000000451080000)
  from space 200000K,   4% used [0x000000045d3d0000, 0x000000045dbb0b38, 0x0000000469720000)
  to   space 200000K,   0% used [0x0000000451080000, 0x0000000451080000, 0x000000045d3d0000)
 concurrent mark-sweep generation total 14001024K, used 8601502K [0x0000000469720000, 0x00000007c0000000, 0x00000007c0000000)
 Metaspace       used 44937K, capacity 46232K, committed 46652K, reserved 1091584K
  class space    used 4916K, capacity 5189K, committed 5268K, reserved 1048576K
}
2017-04-16T12:13:44.176-0700: 140948.436: Total time for which application threads were stopped: 0.0143053 seconds, Stopping threads took: 0.0001534 seconds
{Heap before GC invocations=13005 (full 18):
 par new generation   total 1800000K, used 1608066K [0x00000003ef600000, 0x0000000469720000, 0x0000000469720000)
  eden space 1600000K, 100% used [0x00000003ef600000, 0x0000000451080000, 0x0000000451080000)
  from space 200000K,   4% used [0x000000045d3d0000, 0x000000045dbb0b38, 0x0000000469720000)
  to   space 200000K,   0% used [0x0000000451080000, 0x0000000451080000, 0x000000045d3d0000)
 concurrent mark-sweep generation total 14001024K, used 8601502K [0x0000000469720000, 0x00000007c0000000, 0x00000007c0000000)
 Metaspace       used 44937K, capacity 46232K, committed 46652K, reserved 1091584K
  class space    used 4916K, capacity 5189K, committed 5268K, reserved 1048576K
2017-04-16T12:13:57.642-0700: 140961.901: [GC (Allocation Failure) Before GC:
Statistics for BinaryTreeDictionary:
------------------------------------
Total Free Space: 156948584
Max   Chunk Size: 1128311
Number of Blocks: 71943
Av.  Block  Size: 2181
Tree      Height: 110
2017-04-16T12:13:57.643-0700: 140961.902: [ParNew
Desired survivor size 102400000 bytes, new threshold 1 (max 1)
- age   1:    6508584 bytes,    6508584 total
: 1608066K->6990K(1800000K), 0.0120474 secs] 10209568K->8609687K(15801024K)After GC:
Statistics for BinaryTreeDictionary:
------------------------------------
Total Free Space: 156923881
Max   Chunk Size: 1128311
Number of Blocks: 71929
Av.  Block  Size: 2181
Tree      Height: 110
, 0.0133125 secs] [Times: user=0.30 sys=0.00, real=0.01 secs] 
Heap after GC invocations=13006 (full 18):
 par new generation   total 1800000K, used 6990K [0x00000003ef600000, 0x0000000469720000, 0x0000000469720000)
  eden space 1600000K,   0% used [0x00000003ef600000, 0x00000003ef600000, 0x0000000451080000)
  from space 200000K,   3% used [0x0000000451080000, 0x0000000451753920, 0x000000045d3d0000)
  to   space 200000K,   0% used [0x000000045d3d0000, 0x000000045d3d0000, 0x0000000469720000)
 concurrent mark-sweep generation total 14001024K, used 8602697K [0x0000000469720000, 0x00000007c0000000, 0x00000007c0000000)
 Metaspace       used 44937K, capacity 46232K, committed 46652K, reserved 1091584K
  class space    used 4916K, capacity 5189K, committed 5268K, reserved 1048576K
}
2017-04-16T12:13:57.656-0700: 140961.915: Total time for which application threads were stopped: 0.0144015 seconds, Stopping threads took: 0.0001514 seconds
2017-04-16T12:14:08.796-0700: 140973.055: Total time for which application threads were stopped: 0.0021563 seconds, Stopping threads took: 0.0001463 seconds
{Heap before GC invocations=13006 (full 18):
 par new generation   total 1800000K, used 1606990K [0x00000003ef600000, 0x0000000469720000, 0x0000000469720000)
  eden space 1600000K, 100% used [0x00000003ef600000, 0x0000000451080000, 0x0000000451080000)
  from space 200000K,   3% used [0x0000000451080000, 0x0000000451753920, 0x000000045d3d0000)
  to   space 200000K,   0% used [0x000000045d3d0000, 0x000000045d3d0000, 0x0000000469720000)
 concurrent mark-sweep generation total 14001024K, used 8602697K [0x0000000469720000, 0x00000007c0000000, 0x00000007c0000000)
 Metaspace       used 44937K, capacity 46232K, committed 46652K, reserved 1091584K
  class space    used 4916K, capacity 5189K, committed 5268K, reserved 1048576K
2017-04-16T12:14:10.823-0700: 140975.082: [GC (Allocation Failure) Before GC:
Statistics for BinaryTreeDictionary:
------------------------------------
Total Free Space: 156923881
Max   Chunk Size: 1128311
Number of Blocks: 71929
Av.  Block  Size: 2181
Tree      Height: 110
2017-04-16T12:14:10.823-0700: 140975.083: [ParNew
Desired survivor size 102400000 bytes, new threshold 1 (max 1)
- age   1:    5864016 bytes,    5864016 total
: 1606990K->6287K(1800000K), 0.0120225 secs] 10209687K->8610725K(15801024K)After GC:
Statistics for BinaryTreeDictionary:
------------------------------------
Total Free Space: 156854269
Max   Chunk Size: 1128311
Number of Blocks: 71919
Av.  Block  Size: 2180
Tree      Height: 110
, 0.0132668 secs] [Times: user=0.30 sys=0.00, real=0.01 secs] 
Heap after GC invocations=13007 (full 18):
 par new generation   total 1800000K, used 6287K [0x00000003ef600000, 0x0000000469720000, 0x0000000469720000)
  eden space 1600000K,   0% used [0x00000003ef600000, 0x00000003ef600000, 0x0000000451080000)
  from space 200000K,   3% used [0x000000045d3d0000, 0x000000045d9f3e90, 0x0000000469720000)
  to   space 200000K,   0% used [0x0000000451080000, 0x0000000451080000, 0x000000045d3d0000)
 concurrent mark-sweep generation total 14001024K, used 8604437K [0x0000000469720000, 0x00000007c0000000, 0x00000007c0000000)
 Metaspace       used 44937K, capacity 46232K, committed 46652K, reserved 1091584K
  class space    used 4916K, capacity 5189K, committed 5268K, reserved 1048576K
}
2017-04-16T12:14:10.836-0700: 140975.096: Total time for which application threads were stopped: 0.0143631 seconds, Stopping threads took: 0.0001572 seconds
{Heap before GC invocations=13007 (full 18):
 par new generation   total 1800000K, used 1606287K [0x00000003ef600000, 0x0000000469720000, 0x0000000469720000)
  eden space 1600000K, 100% used [0x00000003ef600000, 0x0000000451080000, 0x0000000451080000)
  from space 200000K,   3% used [0x000000045d3d0000, 0x000000045d9f3e90, 0x0000000469720000)
  to   space 200000K,   0% used [0x0000000451080000, 0x0000000451080000, 0x000000045d3d0000)
 concurrent mark-sweep generation total 14001024K, used 8604437K [0x0000000469720000, 0x00000007c0000000, 0x00000007c0000000)
 Metaspace       used 44937K, capacity 46232K, committed 46652K, reserved 1091584K
  class space    used 4916K, capacity 5189K, committed 5268K, reserved 1048576K
2017-04-16T12:14:24.730-0700: 140988.989: [GC (Allocation Failure) Before GC:
Statistics for BinaryTreeDictionary:
------------------------------------
Total Free Space: 156854269
Max   Chunk Size: 1128311
Number of Blocks: 71919
Av.  Block  Size: 2180
Tree      Height: 110
2017-04-16T12:14:24.731-0700: 140988.990: [ParNew
Desired survivor size 102400000 bytes, new threshold 1 (max 1)
- age   1:    6137024 bytes,    6137024 total
: 1606287K->6506K(1800000K), 0.0119139 secs] 10210725K->8612054K(15801024K)After GC:
Statistics for BinaryTreeDictionary:
------------------------------------
Total Free Space: 156846933
Max   Chunk Size: 1128311
Number of Blocks: 71901
Av.  Block  Size: 2181
Tree      Height: 110
, 0.0131940 secs] [Times: user=0.29 sys=0.00, real=0.02 secs] 
Heap after GC invocations=13008 (full 18):
 par new generation   total 1800000K, used 6506K [0x00000003ef600000, 0x0000000469720000, 0x0000000469720000)
  eden space 1600000K,   0% used [0x00000003ef600000, 0x00000003ef600000, 0x0000000451080000)
  from space 200000K,   3% used [0x0000000451080000, 0x00000004516da9c0, 0x000000045d3d0000)
  to   space 200000K,   0% used [0x000000045d3d0000, 0x000000045d3d0000, 0x0000000469720000)
 concurrent mark-sweep generation total 14001024K, used 8605548K [0x0000000469720000, 0x00000007c0000000, 0x00000007c0000000)
 Metaspace       used 44937K, capacity 46232K, committed 46652K, reserved 1091584K
  class space    used 4916K, capacity 5189K, committed 5268K, reserved 1048576K
}
2017-04-16T12:14:24.743-0700: 140989.003: Total time for which application threads were stopped: 0.0142808 seconds, Stopping threads took: 0.0001530 seconds
{Heap before GC invocations=13008 (full 18):
 par new generation   total 1800000K, used 1606506K [0x00000003ef600000, 0x0000000469720000, 0x0000000469720000)
  eden space 1600000K, 100% used [0x00000003ef600000, 0x0000000451080000, 0x0000000451080000)
  from space 200000K,   3% used [0x0000000451080000, 0x00000004516da9c0, 0x000000045d3d0000)
  to   space 200000K,   0% used [0x000000045d3d0000, 0x000000045d3d0000, 0x0000000469720000)
 concurrent mark-sweep generation total 14001024K, used 8605548K [0x0000000469720000, 0x00000007c0000000, 0x00000007c0000000)
 Metaspace       used 44937K, capacity 46232K, committed 46652K, reserved 1091584K
  class space    used 4916K, capacity 5189K, committed 5268K, reserved 1048576K
2017-04-16T12:14:37.677-0700: 141001.936: [GC (Allocation Failure) Before GC:
Statistics for BinaryTreeDictionary:
------------------------------------
Total Free Space: 156846933
Max   Chunk Size: 1128311
Number of Blocks: 71901
Av.  Block  Size: 2181
Tree      Height: 110
2017-04-16T12:14:37.678-0700: 141001.937: [ParNew
Desired survivor size 102400000 bytes, new threshold 1 (max 1)
- age   1:    6209656 bytes,    6209656 total
: 1606506K->6657K(1800000K), 0.0123870 secs] 10212054K->8613915K(15801024K)After GC:
Statistics for BinaryTreeDictionary:
------------------------------------
Total Free Space: 156757314
Max   Chunk Size: 1128311
Number of Blocks: 71884
Av.  Block  Size: 2180
Tree      Height: 110
, 0.0136552 secs] [Times: user=0.31 sys=0.00, real=0.01 secs] 
Heap after GC invocations=13009 (full 18):
 par new generation   total 1800000K, used 6657K [0x00000003ef600000, 0x0000000469720000, 0x0000000469720000)
  eden space 1600000K,   0% used [0x00000003ef600000, 0x00000003ef600000, 0x0000000451080000)
  from space 200000K,   3% used [0x000000045d3d0000, 0x000000045da50770, 0x0000000469720000)
  to   space 200000K,   0% used [0x0000000451080000, 0x0000000451080000, 0x000000045d3d0000)
 concurrent mark-sweep generation total 14001024K, used 8607257K [0x0000000469720000, 0x00000007c0000000, 0x00000007c0000000)
 Metaspace       used 44937K, capacity 46232K, committed 46652K, reserved 1091584K
  class space    used 4916K, capacity 5189K, committed 5268K, reserved 1048576K
}
2017-04-16T12:14:37.691-0700: 141001.950: Total time for which application threads were stopped: 0.0147303 seconds, Stopping threads took: 0.0001448 seconds
2017-04-16T12:14:39.633-0700: 141003.892: Total time for which application threads were stopped: 0.0021794 seconds, Stopping threads took: 0.0001436 seconds
2017-04-16T12:14:41.497-0700: 141005.756: Total time for which application threads were stopped: 0.0009203 seconds, Stopping threads took: 0.0001744 seconds
{Heap before GC invocations=13009 (full 18):
 par new generation   total 1800000K, used 1606657K [0x00000003ef600000, 0x0000000469720000, 0x0000000469720000)
  eden space 1600000K, 100% used [0x00000003ef600000, 0x0000000451080000, 0x0000000451080000)
  from space 200000K,   3% used [0x000000045d3d0000, 0x000000045da50770, 0x0000000469720000)
  to   space 200000K,   0% used [0x0000000451080000, 0x0000000451080000, 0x000000045d3d0000)
 concurrent mark-sweep generation total 14001024K, used 8607257K [0x0000000469720000, 0x00000007c0000000, 0x00000007c0000000)
 Metaspace       used 44937K, capacity 46232K, committed 46652K, reserved 1091584K
  class space    used 4916K, capacity 5189K, committed 5268K, reserved 1048576K
2017-04-16T12:14:48.798-0700: 141013.058: [GC (Allocation Failure) Before GC:
Statistics for BinaryTreeDictionary:
------------------------------------
Total Free Space: 156757314
Max   Chunk Size: 1128311
Number of Blocks: 71884
Av.  Block  Size: 2180
Tree      Height: 110
2017-04-16T12:14:48.799-0700: 141013.058: [ParNew
Desired survivor size 102400000 bytes, new threshold 1 (max 1)
- age   1:    6117136 bytes,    6117136 total
: 1606657K->6514K(1800000K), 0.0121926 secs] 10213915K->8615204K(15801024K)After GC:
Statistics for BinaryTreeDictionary:
------------------------------------
Total Free Space: 156716684
Max   Chunk Size: 1128311
Number of Blocks: 71867
Av.  Block  Size: 2180
Tree      Height: 110
, 0.0134516 secs] [Times: user=0.30 sys=0.00, real=0.01 secs] 
Heap after GC invocations=13010 (full 18):
 par new generation   total 1800000K, used 6514K [0x00000003ef600000, 0x0000000469720000, 0x0000000469720000)
  eden space 1600000K,   0% used [0x00000003ef600000, 0x00000003ef600000, 0x0000000451080000)
  from space 200000K,   3% used [0x0000000451080000, 0x00000004516dcad0, 0x000000045d3d0000)
  to   space 200000K,   0% used [0x000000045d3d0000, 0x000000045d3d0000, 0x0000000469720000)
 concurrent mark-sweep generation total 14001024K, used 8608689K [0x0000000469720000, 0x00000007c0000000, 0x00000007c0000000)
 Metaspace       used 44937K, capacity 46232K, committed 46652K, reserved 1091584K
  class space    used 4916K, capacity 5189K, committed 5268K, reserved 1048576K
}
2017-04-16T12:14:48.812-0700: 141013.071: Total time for which application threads were stopped: 0.0145360 seconds, Stopping threads took: 0.0001497 seconds
{Heap before GC invocations=13010 (full 18):
 par new generation   total 1800000K, used 1606514K [0x00000003ef600000, 0x0000000469720000, 0x0000000469720000)
  eden space 1600000K, 100% used [0x00000003ef600000, 0x0000000451080000, 0x0000000451080000)
  from space 200000K,   3% used [0x0000000451080000, 0x00000004516dcad0, 0x000000045d3d0000)
  to   space 200000K,   0% used [0x000000045d3d0000, 0x000000045d3d0000, 0x0000000469720000)
 concurrent mark-sweep generation total 14001024K, used 8608689K [0x0000000469720000, 0x00000007c0000000, 0x00000007c0000000)
 Metaspace       used 44937K, capacity 46232K, committed 46652K, reserved 1091584K
  class space    used 4916K, capacity 5189K, committed 5268K, reserved 1048576K
2017-04-16T12:15:02.553-0700: 141026.813: [GC (Allocation Failure) Before GC:
Statistics for BinaryTreeDictionary:
------------------------------------
Total Free Space: 156716684
Max   Chunk Size: 1128311
Number of Blocks: 71867
Av.  Block  Size: 2180
Tree      Height: 110
2017-04-16T12:15:02.554-0700: 141026.813: [ParNew
Desired survivor size 102400000 bytes, new threshold 1 (max 1)
- age   1:    6837056 bytes,    6837056 total
: 1606514K->7288K(1800000K), 0.0120281 secs] 10215204K->8617336K(15801024K)After GC:
Statistics for BinaryTreeDictionary:
------------------------------------
Total Free Space: 156639780
Max   Chunk Size: 1128311
Number of Blocks: 71823
Av.  Block  Size: 2180
Tree      Height: 110
, 0.0132992 secs] [Times: user=0.30 sys=0.00, real=0.01 secs] 
Heap after GC invocations=13011 (full 18):
 par new generation   total 1800000K, used 7288K [0x00000003ef600000, 0x0000000469720000, 0x0000000469720000)
  eden space 1600000K,   0% used [0x00000003ef600000, 0x00000003ef600000, 0x0000000451080000)
  from space 200000K,   3% used [0x000000045d3d0000, 0x000000045daee368, 0x0000000469720000)
  to   space 200000K,   0% used [0x0000000451080000, 0x0000000451080000, 0x000000045d3d0000)
 concurrent mark-sweep generation total 14001024K, used 8610047K [0x0000000469720000, 0x00000007c0000000, 0x00000007c0000000)
 Metaspace       used 44937K, capacity 46232K, committed 46652K, reserved 1091584K
  class space    used 4916K, capacity 5189K, committed 5268K, reserved 1048576K
}
2017-04-16T12:15:02.567-0700: 141026.826: Total time for which application threads were stopped: 0.0144067 seconds, Stopping threads took: 0.0001573 seconds
{Heap before GC invocations=13011 (full 18):
 par new generation   total 1800000K, used 1607288K [0x00000003ef600000, 0x0000000469720000, 0x0000000469720000)
  eden space 1600000K, 100% used [0x00000003ef600000, 0x0000000451080000, 0x0000000451080000)
  from space 200000K,   3% used [0x000000045d3d0000, 0x000000045daee368, 0x0000000469720000)
  to   space 200000K,   0% used [0x0000000451080000, 0x0000000451080000, 0x000000045d3d0000)
 concurrent mark-sweep generation total 14001024K, used 8610047K [0x0000000469720000, 0x00000007c0000000, 0x00000007c0000000)
 Metaspace       used 44937K, capacity 46232K, committed 46652K, reserved 1091584K
  class space    used 4916K, capacity 5189K, committed 5268K, reserved 1048576K
2017-04-16T12:15:15.920-0700: 141040.179: [GC (Allocation Failure) Before GC:
Statistics for BinaryTreeDictionary:
------------------------------------
Total Free Space: 156639780
Max   Chunk Size: 1128311
Number of Blocks: 71823
Av.  Block  Size: 2180
Tree      Height: 110
2017-04-16T12:15:15.921-0700: 141040.180: [ParNew
Desired survivor size 102400000 bytes, new threshold 1 (max 1)
- age   1:   10575616 bytes,   10575616 total
: 1607288K->11068K(1800000K), 0.0127716 secs] 10217336K->8623150K(15801024K)After GC:
Statistics for BinaryTreeDictionary:
------------------------------------
Total Free Space: 156582111
Max   Chunk Size: 1128311
Number of Blocks: 71803
Av.  Block  Size: 2180
Tree      Height: 110
, 0.0140326 secs] [Times: user=0.31 sys=0.00, real=0.01 secs] 
Heap after GC invocations=13012 (full 18):
 par new generation   total 1800000K, used 11068K [0x00000003ef600000, 0x0000000469720000, 0x0000000469720000)
  eden space 1600000K,   0% used [0x00000003ef600000, 0x00000003ef600000, 0x0000000451080000)
  from space 200000K,   5% used [0x0000000451080000, 0x0000000451b4f050, 0x000000045d3d0000)
  to   space 200000K,   0% used [0x000000045d3d0000, 0x000000045d3d0000, 0x0000000469720000)
 concurrent mark-sweep generation total 14001024K, used 8612082K [0x0000000469720000, 0x00000007c0000000, 0x00000007c0000000)
 Metaspace       used 44937K, capacity 46232K, committed 46652K, reserved 1091584K
  class space    used 4916K, capacity 5189K, committed 5268K, reserved 1048576K
}
2017-04-16T12:15:15.934-0700: 141040.194: Total time for which application threads were stopped: 0.0151266 seconds, Stopping threads took: 0.0001472 seconds
{Heap before GC invocations=13012 (full 18):
 par new generation   total 1800000K, used 1611068K [0x00000003ef600000, 0x0000000469720000, 0x0000000469720000)
  eden space 1600000K, 100% used [0x00000003ef600000, 0x0000000451080000, 0x0000000451080000)
  from space 200000K,   5% used [0x0000000451080000, 0x0000000451b4f050, 0x000000045d3d0000)
  to   space 200000K,   0% used [0x000000045d3d0000, 0x000000045d3d0000, 0x0000000469720000)
 concurrent mark-sweep generation total 14001024K, used 8612082K [0x0000000469720000, 0x00000007c0000000, 0x00000007c0000000)
 Metaspace       used 44937K, capacity 46232K, committed 46652K, reserved 1091584K
  class space    used 4916K, capacity 5189K, committed 5268K, reserved 1048576K
2017-04-16T12:15:29.297-0700: 141053.556: [GC (Allocation Failure) Before GC:
Statistics for BinaryTreeDictionary:
------------------------------------
Total Free Space: 156582111
Max   Chunk Size: 1128311
Number of Blocks: 71803
Av.  Block  Size: 2180
Tree      Height: 110
2017-04-16T12:15:29.297-0700: 141053.557: [ParNew
Desired survivor size 102400000 bytes, new threshold 1 (max 1)
- age   1:    6539080 bytes,    6539080 total
: 1611068K->7116K(1800000K), 0.0124484 secs] 10223150K->8621576K(15801024K)After GC:
Statistics for BinaryTreeDictionary:
------------------------------------
Total Free Space: 156422477
Max   Chunk Size: 1128311
Number of Blocks: 71733
Av.  Block  Size: 2180
Tree      Height: 110
, 0.0137394 secs] [Times: user=0.31 sys=0.00, real=0.01 secs] 
Heap after GC invocations=13013 (full 18):
 par new generation   total 1800000K, used 7116K [0x00000003ef600000, 0x0000000469720000, 0x0000000469720000)
  eden space 1600000K,   0% used [0x00000003ef600000, 0x00000003ef600000, 0x0000000451080000)
  from space 200000K,   3% used [0x000000045d3d0000, 0x000000045dac32a8, 0x0000000469720000)
  to   space 200000K,   0% used [0x0000000451080000, 0x0000000451080000, 0x000000045d3d0000)
 concurrent mark-sweep generation total 14001024K, used 8614459K [0x0000000469720000, 0x00000007c0000000, 0x00000007c0000000)
 Metaspace       used 44937K, capacity 46232K, committed 46652K, reserved 1091584K
  class space    used 4916K, capacity 5189K, committed 5268K, reserved 1048576K
}
2017-04-16T12:15:29.311-0700: 141053.570: Total time for which application threads were stopped: 0.0148486 seconds, Stopping threads took: 0.0001619 seconds
{Heap before GC invocations=13013 (full 18):
 par new generation   total 1800000K, used 1607116K [0x00000003ef600000, 0x0000000469720000, 0x0000000469720000)
  eden space 1600000K, 100% used [0x00000003ef600000, 0x0000000451080000, 0x0000000451080000)
  from space 200000K,   3% used [0x000000045d3d0000, 0x000000045dac32a8, 0x0000000469720000)
  to   space 200000K,   0% used [0x0000000451080000, 0x0000000451080000, 0x000000045d3d0000)
 concurrent mark-sweep generation total 14001024K, used 8614459K [0x0000000469720000, 0x00000007c0000000, 0x00000007c0000000)
 Metaspace       used 44937K, capacity 46232K, committed 46652K, reserved 1091584K
  class space    used 4916K, capacity 5189K, committed 5268K, reserved 1048576K
2017-04-16T12:15:42.801-0700: 141067.060: [GC (Allocation Failure) Before GC:
Statistics for BinaryTreeDictionary:
------------------------------------
Total Free Space: 156422477
Max   Chunk Size: 1128311
Number of Blocks: 71733
Av.  Block  Size: 2180
Tree      Height: 110
2017-04-16T12:15:42.801-0700: 141067.061: [ParNew
Desired survivor size 102400000 bytes, new threshold 1 (max 1)
- age   1:    6934480 bytes,    6934480 total
: 1607116K->7372K(1800000K), 0.0123105 secs] 10221576K->8623192K(15801024K)After GC:
Statistics for BinaryTreeDictionary:
------------------------------------
Total Free Space: 156367287
Max   Chunk Size: 1128311
Number of Blocks: 71676
Av.  Block  Size: 2181
Tree      Height: 110
, 0.0135903 secs] [Times: user=0.31 sys=0.00, real=0.02 secs] 
Heap after GC invocations=13014 (full 18):
 par new generation   total 1800000K, used 7372K [0x00000003ef600000, 0x0000000469720000, 0x0000000469720000)
  eden space 1600000K,   0% used [0x00000003ef600000, 0x00000003ef600000, 0x0000000451080000)
  from space 200000K,   3% used [0x0000000451080000, 0x00000004517b3078, 0x000000045d3d0000)
  to   space 200000K,   0% used [0x000000045d3d0000, 0x000000045d3d0000, 0x0000000469720000)
 concurrent mark-sweep generation total 14001024K, used 8615820K [0x0000000469720000, 0x00000007c0000000, 0x00000007c0000000)
 Metaspace       used 44937K, capacity 46232K, committed 46652K, reserved 1091584K
  class space    used 4916K, capacity 5189K, committed 5268K, reserved 1048576K
}
2017-04-16T12:15:42.815-0700: 141067.074: Total time for which application threads were stopped: 0.0146487 seconds, Stopping threads took: 0.0001402 seconds
{Heap before GC invocations=13014 (full 18):
 par new generation   total 1800000K, used 1607372K [0x00000003ef600000, 0x0000000469720000, 0x0000000469720000)
  eden space 1600000K, 100% used [0x00000003ef600000, 0x0000000451080000, 0x0000000451080000)
  from space 200000K,   3% used [0x0000000451080000, 0x00000004517b3078, 0x000000045d3d0000)
  to   space 200000K,   0% used [0x000000045d3d0000, 0x000000045d3d0000, 0x0000000469720000)
 concurrent mark-sweep generation total 14001024K, used 8615820K [0x0000000469720000, 0x00000007c0000000, 0x00000007c0000000)
 Metaspace       used 44937K, capacity 46232K, committed 46652K, reserved 1091584K
  class space    used 4916K, capacity 5189K, committed 5268K, reserved 1048576K
2017-04-16T12:15:56.338-0700: 141080.597: [GC (Allocation Failure) Before GC:
Statistics for BinaryTreeDictionary:
------------------------------------
Total Free Space: 156367287
Max   Chunk Size: 1128311
Number of Blocks: 71676
Av.  Block  Size: 2181
Tree      Height: 110
2017-04-16T12:15:56.338-0700: 141080.598: [ParNew
Desired survivor size 102400000 bytes, new threshold 1 (max 1)
- age   1:    8132584 bytes,    8132584 total
: 1607372K->8688K(1800000K), 0.0121281 secs] 10223192K->8626017K(15801024K)After GC:
Statistics for BinaryTreeDictionary:
------------------------------------
Total Free Space: 156340857
Max   Chunk Size: 1128311
Number of Blocks: 71620
Av.  Block  Size: 2182
Tree      Height: 110
, 0.0133963 secs] [Times: user=0.30 sys=0.00, real=0.01 secs] 
Heap after GC invocations=13015 (full 18):
 par new generation   total 1800000K, used 8688K [0x00000003ef600000, 0x0000000469720000, 0x0000000469720000)
  eden space 1600000K,   0% used [0x00000003ef600000, 0x00000003ef600000, 0x0000000451080000)
  from space 200000K,   4% used [0x000000045d3d0000, 0x000000045dc4c000, 0x0000000469720000)
  to   space 200000K,   0% used [0x0000000451080000, 0x0000000451080000, 0x000000045d3d0000)
 concurrent mark-sweep generation total 14001024K, used 8617329K [0x0000000469720000, 0x00000007c0000000, 0x00000007c0000000)
 Metaspace       used 44937K, capacity 46232K, committed 46652K, reserved 1091584K
  class space    used 4916K, capacity 5189K, committed 5268K, reserved 1048576K
}
2017-04-16T12:15:56.351-0700: 141080.611: Total time for which application threads were stopped: 0.0144769 seconds, Stopping threads took: 0.0001469 seconds
2017-04-16T12:16:09.828-0700: 141094.087: Total time for which application threads were stopped: 0.0021181 seconds, Stopping threads took: 0.0001525 seconds
{Heap before GC invocations=13015 (full 18):
 par new generation   total 1800000K, used 1608688K [0x00000003ef600000, 0x0000000469720000, 0x0000000469720000)
  eden space 1600000K, 100% used [0x00000003ef600000, 0x0000000451080000, 0x0000000451080000)
  from space 200000K,   4% used [0x000000045d3d0000, 0x000000045dc4c000, 0x0000000469720000)
  to   space 200000K,   0% used [0x0000000451080000, 0x0000000451080000, 0x000000045d3d0000)
 concurrent mark-sweep generation total 14001024K, used 8617329K [0x0000000469720000, 0x00000007c0000000, 0x00000007c0000000)
 Metaspace       used 44937K, capacity 46232K, committed 46652K, reserved 1091584K
  class space    used 4916K, capacity 5189K, committed 5268K, reserved 1048576K
2017-04-16T12:16:09.845-0700: 141094.104: [GC (Allocation Failure) Before GC:
Statistics for BinaryTreeDictionary:
------------------------------------
Total Free Space: 156340857
Max   Chunk Size: 1128311
Number of Blocks: 71620
Av.  Block  Size: 2182
Tree      Height: 110
2017-04-16T12:16:09.846-0700: 141094.105: [ParNew
Desired survivor size 102400000 bytes, new threshold 1 (max 1)
- age   1:    6165248 bytes,    6165248 total
: 1608688K->6656K(1800000K), 0.0119413 secs] 10226017K->8625483K(15801024K)After GC:
Statistics for BinaryTreeDictionary:
------------------------------------
Total Free Space: 156273769
Max   Chunk Size: 1128311
Number of Blocks: 71576
Av.  Block  Size: 2183
Tree      Height: 110
, 0.0131877 secs] [Times: user=0.30 sys=0.00, real=0.02 secs] 
Heap after GC invocations=13016 (full 18):
 par new generation   total 1800000K, used 6656K [0x00000003ef600000, 0x0000000469720000, 0x0000000469720000)
  eden space 1600000K,   0% used [0x00000003ef600000, 0x00000003ef600000, 0x0000000451080000)
  from space 200000K,   3% used [0x0000000451080000, 0x0000000451700258, 0x000000045d3d0000)
  to   space 200000K,   0% used [0x000000045d3d0000, 0x000000045d3d0000, 0x0000000469720000)
 concurrent mark-sweep generation total 14001024K, used 8618826K [0x0000000469720000, 0x00000007c0000000, 0x00000007c0000000)
 Metaspace       used 44937K, capacity 46232K, committed 46652K, reserved 1091584K
  class space    used 4916K, capacity 5189K, committed 5268K, reserved 1048576K
}
2017-04-16T12:16:09.858-0700: 141094.118: Total time for which application threads were stopped: 0.0137801 seconds, Stopping threads took: 0.0000391 seconds
2017-04-16T12:16:17.370-0700: 141101.629: Total time for which application threads were stopped: 0.0009162 seconds, Stopping threads took: 0.0001600 seconds
{Heap before GC invocations=13016 (full 18):
 par new generation   total 1800000K, used 1606656K [0x00000003ef600000, 0x0000000469720000, 0x0000000469720000)
  eden space 1600000K, 100% used [0x00000003ef600000, 0x0000000451080000, 0x0000000451080000)
  from space 200000K,   3% used [0x0000000451080000, 0x0000000451700258, 0x000000045d3d0000)
  to   space 200000K,   0% used [0x000000045d3d0000, 0x000000045d3d0000, 0x0000000469720000)
 concurrent mark-sweep generation total 14001024K, used 8618826K [0x0000000469720000, 0x00000007c0000000, 0x00000007c0000000)
 Metaspace       used 44937K, capacity 46232K, committed 46652K, reserved 1091584K
  class space    used 4916K, capacity 5189K, committed 5268K, reserved 1048576K
2017-04-16T12:16:20.382-0700: 141104.641: [GC (Allocation Failure) Before GC:
Statistics for BinaryTreeDictionary:
------------------------------------
Total Free Space: 156273769
Max   Chunk Size: 1128311
Number of Blocks: 71576
Av.  Block  Size: 2183
Tree      Height: 110
2017-04-16T12:16:20.382-0700: 141104.642: [ParNew
Desired survivor size 102400000 bytes, new threshold 1 (max 1)
- age   1:    6208768 bytes,    6208768 total
: 1606656K->6801K(1800000K), 0.0119735 secs] 10225483K->8626770K(15801024K)After GC:
Statistics for BinaryTreeDictionary:
------------------------------------
Total Free Space: 156254201
Max   Chunk Size: 1128311
Number of Blocks: 71534
Av.  Block  Size: 2184
Tree      Height: 110
, 0.0132415 secs] [Times: user=0.29 sys=0.00, real=0.01 secs] 
Heap after GC invocations=13017 (full 18):
 par new generation   total 1800000K, used 6801K [0x00000003ef600000, 0x0000000469720000, 0x0000000469720000)
  eden space 1600000K,   0% used [0x00000003ef600000, 0x00000003ef600000, 0x0000000451080000)
  from space 200000K,   3% used [0x000000045d3d0000, 0x000000045da74430, 0x0000000469720000)
  to   space 200000K,   0% used [0x0000000451080000, 0x0000000451080000, 0x000000045d3d0000)
 concurrent mark-sweep generation total 14001024K, used 8619969K [0x0000000469720000, 0x00000007c0000000, 0x00000007c0000000)
 Metaspace       used 44937K, capacity 46232K, committed 46652K, reserved 1091584K
  class space    used 4916K, capacity 5189K, committed 5268K, reserved 1048576K
}
2017-04-16T12:16:20.395-0700: 141104.655: Total time for which application threads were stopped: 0.0143442 seconds, Stopping threads took: 0.0001637 seconds
{Heap before GC invocations=13017 (full 18):
 par new generation   total 1800000K, used 1606801K [0x00000003ef600000, 0x0000000469720000, 0x0000000469720000)
  eden space 1600000K, 100% used [0x00000003ef600000, 0x0000000451080000, 0x0000000451080000)
  from space 200000K,   3% used [0x000000045d3d0000, 0x000000045da74430, 0x0000000469720000)
  to   space 200000K,   0% used [0x0000000451080000, 0x0000000451080000, 0x000000045d3d0000)
 concurrent mark-sweep generation total 14001024K, used 8619969K [0x0000000469720000, 0x00000007c0000000, 0x00000007c0000000)
 Metaspace       used 44937K, capacity 46232K, committed 46652K, reserved 1091584K
  class space    used 4916K, capacity 5189K, committed 5268K, reserved 1048576K
2017-04-16T12:16:32.675-0700: 141116.934: [GC (Allocation Failure) Before GC:
Statistics for BinaryTreeDictionary:
------------------------------------
Total Free Space: 156254201
Max   Chunk Size: 1128311
Number of Blocks: 71534
Av.  Block  Size: 2184
Tree      Height: 110
2017-04-16T12:16:32.676-0700: 141116.935: [ParNew
Desired survivor size 102400000 bytes, new threshold 1 (max 1)
- age   1:   16837080 bytes,   16837080 total
: 1606801K->16800K(1800000K), 0.0121560 secs] 10226770K->8638267K(15801024K)After GC:
Statistics for BinaryTreeDictionary:
------------------------------------
Total Free Space: 156154505
Max   Chunk Size: 1128311
Number of Blocks: 71500
Av.  Block  Size: 2183
Tree      Height: 110
, 0.0134269 secs] [Times: user=0.30 sys=0.00, real=0.01 secs] 
Heap after GC invocations=13018 (full 18):
 par new generation   total 1800000K, used 16800K [0x00000003ef600000, 0x0000000469720000, 0x0000000469720000)
  eden space 1600000K,   0% used [0x00000003ef600000, 0x00000003ef600000, 0x0000000451080000)
  from space 200000K,   8% used [0x0000000451080000, 0x00000004520e82a0, 0x000000045d3d0000)
  to   space 200000K,   0% used [0x000000045d3d0000, 0x000000045d3d0000, 0x0000000469720000)
 concurrent mark-sweep generation total 14001024K, used 8621466K [0x0000000469720000, 0x00000007c0000000, 0x00000007c0000000)
 Metaspace       used 44937K, capacity 46232K, committed 46652K, reserved 1091584K
  class space    used 4916K, capacity 5189K, committed 5268K, reserved 1048576K
}
2017-04-16T12:16:32.689-0700: 141116.948: Total time for which application threads were stopped: 0.0145160 seconds, Stopping threads took: 0.0001622 seconds
{Heap before GC invocations=13018 (full 18):
 par new generation   total 1800000K, used 1616800K [0x00000003ef600000, 0x0000000469720000, 0x0000000469720000)
  eden space 1600000K, 100% used [0x00000003ef600000, 0x0000000451080000, 0x0000000451080000)
  from space 200000K,   8% used [0x0000000451080000, 0x00000004520e82a0, 0x000000045d3d0000)
  to   space 200000K,   0% used [0x000000045d3d0000, 0x000000045d3d0000, 0x0000000469720000)
 concurrent mark-sweep generation total 14001024K, used 8621466K [0x0000000469720000, 0x00000007c0000000, 0x00000007c0000000)
 Metaspace       used 44937K, capacity 46232K, committed 46652K, reserved 1091584K
  class space    used 4916K, capacity 5189K, committed 5268K, reserved 1048576K
2017-04-16T12:16:45.846-0700: 141130.106: [GC (Allocation Failure) Before GC:
Statistics for BinaryTreeDictionary:
------------------------------------
Total Free Space: 156154505
Max   Chunk Size: 1128311
Number of Blocks: 71500
Av.  Block  Size: 2183
Tree      Height: 110
2017-04-16T12:16:45.847-0700: 141130.106: [ParNew
Desired survivor size 102400000 bytes, new threshold 1 (max 1)
- age   1:    7089536 bytes,    7089536 total
: 1616800K->10131K(1800000K), 0.0204799 secs] 10238267K->8639891K(15801024K)After GC:
Statistics for BinaryTreeDictionary:
------------------------------------
Total Free Space: 155974704
Max   Chunk Size: 1128311
Number of Blocks: 71465
Av.  Block  Size: 2182
Tree      Height: 110
, 0.0217549 secs] [Times: user=0.31 sys=0.01, real=0.02 secs] 
Heap after GC invocations=13019 (full 18):
 par new generation   total 1800000K, used 10131K [0x00000003ef600000, 0x0000000469720000, 0x0000000469720000)
  eden space 1600000K,   0% used [0x00000003ef600000, 0x00000003ef600000, 0x0000000451080000)
  from space 200000K,   5% used [0x000000045d3d0000, 0x000000045ddb4fe0, 0x0000000469720000)
  to   space 200000K,   0% used [0x0000000451080000, 0x0000000451080000, 0x000000045d3d0000)
 concurrent mark-sweep generation total 14001024K, used 8629759K [0x0000000469720000, 0x00000007c0000000, 0x00000007c0000000)
 Metaspace       used 44937K, capacity 46232K, committed 46652K, reserved 1091584K
  class space    used 4916K, capacity 5189K, committed 5268K, reserved 1048576K
}
2017-04-16T12:16:45.868-0700: 141130.128: Total time for which application threads were stopped: 0.0228686 seconds, Stopping threads took: 0.0001500 seconds
{Heap before GC invocations=13019 (full 18):
 par new generation   total 1800000K, used 1610131K [0x00000003ef600000, 0x0000000469720000, 0x0000000469720000)
  eden space 1600000K, 100% used [0x00000003ef600000, 0x0000000451080000, 0x0000000451080000)
  from space 200000K,   5% used [0x000000045d3d0000, 0x000000045ddb4fe0, 0x0000000469720000)
  to   space 200000K,   0% used [0x0000000451080000, 0x0000000451080000, 0x000000045d3d0000)
 concurrent mark-sweep generation total 14001024K, used 8629759K [0x0000000469720000, 0x00000007c0000000, 0x00000007c0000000)
 Metaspace       used 44937K, capacity 46232K, committed 46652K, reserved 1091584K
  class space    used 4916K, capacity 5189K, committed 5268K, reserved 1048576K
2017-04-16T12:16:58.514-0700: 141142.773: [GC (Allocation Failure) Before GC:
Statistics for BinaryTreeDictionary:
------------------------------------
Total Free Space: 155974704
Max   Chunk Size: 1128311
Number of Blocks: 71465
Av.  Block  Size: 2182
Tree      Height: 110
2017-04-16T12:16:58.514-0700: 141142.774: [ParNew
Desired survivor size 102400000 bytes, new threshold 1 (max 1)
- age   1:    7186504 bytes,    7186504 total
: 1610131K->8344K(1800000K), 0.0121546 secs] 10239891K->8639082K(15801024K)After GC:
Statistics for BinaryTreeDictionary:
------------------------------------
Total Free Space: 155967116
Max   Chunk Size: 1128311
Number of Blocks: 71450
Av.  Block  Size: 2182
Tree      Height: 110
, 0.0134028 secs] [Times: user=0.31 sys=0.00, real=0.02 secs] 
Heap after GC invocations=13020 (full 18):
 par new generation   total 1800000K, used 8344K [0x00000003ef600000, 0x0000000469720000, 0x0000000469720000)
  eden space 1600000K,   0% used [0x00000003ef600000, 0x00000003ef600000, 0x0000000451080000)
  from space 200000K,   4% used [0x0000000451080000, 0x00000004518a6018, 0x000000045d3d0000)
  to   space 200000K,   0% used [0x000000045d3d0000, 0x000000045d3d0000, 0x0000000469720000)
 concurrent mark-sweep generation total 14001024K, used 8630738K [0x0000000469720000, 0x00000007c0000000, 0x00000007c0000000)
 Metaspace       used 44937K, capacity 46232K, committed 46652K, reserved 1091584K
  class space    used 4916K, capacity 5189K, committed 5268K, reserved 1048576K
}
2017-04-16T12:16:58.527-0700: 141142.787: Total time for which application threads were stopped: 0.0144786 seconds, Stopping threads took: 0.0001460 seconds
2017-04-16T12:17:08.878-0700: 141153.138: Total time for which application threads were stopped: 0.0021469 seconds, Stopping threads took: 0.0001517 seconds
{Heap before GC invocations=13020 (full 18):
 par new generation   total 1800000K, used 1608344K [0x00000003ef600000, 0x0000000469720000, 0x0000000469720000)
  eden space 1600000K, 100% used [0x00000003ef600000, 0x0000000451080000, 0x0000000451080000)
  from space 200000K,   4% used [0x0000000451080000, 0x00000004518a6018, 0x000000045d3d0000)
  to   space 200000K,   0% used [0x000000045d3d0000, 0x000000045d3d0000, 0x0000000469720000)
 concurrent mark-sweep generation total 14001024K, used 8630738K [0x0000000469720000, 0x00000007c0000000, 0x00000007c0000000)
 Metaspace       used 44937K, capacity 46232K, committed 46652K, reserved 1091584K
  class space    used 4916K, capacity 5189K, committed 5268K, reserved 1048576K
2017-04-16T12:17:11.621-0700: 141155.881: [GC (Allocation Failure) Before GC:
Statistics for BinaryTreeDictionary:
------------------------------------
Total Free Space: 155967116
Max   Chunk Size: 1128311
Number of Blocks: 71450
Av.  Block  Size: 2182
Tree      Height: 110
2017-04-16T12:17:11.622-0700: 141155.881: [ParNew
Desired survivor size 102400000 bytes, new threshold 1 (max 1)
- age   1:    5934216 bytes,    5934216 total
: 1608344K->6235K(1800000K), 0.0122026 secs] 10239082K->8639384K(15801024K)After GC:
Statistics for BinaryTreeDictionary:
------------------------------------
Total Free Space: 155776704
Max   Chunk Size: 1128311
Number of Blocks: 71426
Av.  Block  Size: 2180
Tree      Height: 110
, 0.0134463 secs] [Times: user=0.30 sys=0.00, real=0.01 secs] 
Heap after GC invocations=13021 (full 18):
 par new generation   total 1800000K, used 6235K [0x00000003ef600000, 0x0000000469720000, 0x0000000469720000)
  eden space 1600000K,   0% used [0x00000003ef600000, 0x00000003ef600000, 0x0000000451080000)
  from space 200000K,   3% used [0x000000045d3d0000, 0x000000045d9e6d20, 0x0000000469720000)
  to   space 200000K,   0% used [0x0000000451080000, 0x0000000451080000, 0x000000045d3d0000)
 concurrent mark-sweep generation total 14001024K, used 8633148K [0x0000000469720000, 0x00000007c0000000, 0x00000007c0000000)
 Metaspace       used 44937K, capacity 46232K, committed 46652K, reserved 1091584K
  class space    used 4916K, capacity 5189K, committed 5268K, reserved 1048576K
}
2017-04-16T12:17:11.635-0700: 141155.894: Total time for which application threads were stopped: 0.0145178 seconds, Stopping threads took: 0.0001555 seconds
{Heap before GC invocations=13021 (full 18):
 par new generation   total 1800000K, used 1606235K [0x00000003ef600000, 0x0000000469720000, 0x0000000469720000)
  eden space 1600000K, 100% used [0x00000003ef600000, 0x0000000451080000, 0x0000000451080000)
  from space 200000K,   3% used [0x000000045d3d0000, 0x000000045d9e6d20, 0x0000000469720000)
  to   space 200000K,   0% used [0x0000000451080000, 0x0000000451080000, 0x000000045d3d0000)
 concurrent mark-sweep generation total 14001024K, used 8633148K [0x0000000469720000, 0x00000007c0000000, 0x00000007c0000000)
 Metaspace       used 44937K, capacity 46232K, committed 46652K, reserved 1091584K
  class space    used 4916K, capacity 5189K, committed 5268K, reserved 1048576K
2017-04-16T12:17:24.200-0700: 141168.459: [GC (Allocation Failure) Before GC:
Statistics for BinaryTreeDictionary:
------------------------------------
Total Free Space: 155776704
Max   Chunk Size: 1128311
Number of Blocks: 71426
Av.  Block  Size: 2180
Tree      Height: 110
2017-04-16T12:17:24.200-0700: 141168.459: [ParNew
Desired survivor size 102400000 bytes, new threshold 1 (max 1)
- age   1:    9243248 bytes,    9243248 total
: 1606235K->9476K(1800000K), 0.0119819 secs] 10239384K->8643690K(15801024K)After GC:
Statistics for BinaryTreeDictionary:
------------------------------------
Total Free Space: 155768406
Max   Chunk Size: 1128311
Number of Blocks: 71405
Av.  Block  Size: 2181
Tree      Height: 110
, 0.0132355 secs] [Times: user=0.30 sys=0.00, real=0.01 secs] 
Heap after GC invocations=13022 (full 18):
 par new generation   total 1800000K, used 9476K [0x00000003ef600000, 0x0000000469720000, 0x0000000469720000)
  eden space 1600000K,   0% used [0x00000003ef600000, 0x00000003ef600000, 0x0000000451080000)
  from space 200000K,   4% used [0x0000000451080000, 0x00000004519c1118, 0x000000045d3d0000)
  to   space 200000K,   0% used [0x000000045d3d0000, 0x000000045d3d0000, 0x0000000469720000)
 concurrent mark-sweep generation total 14001024K, used 8634213K [0x0000000469720000, 0x00000007c0000000, 0x00000007c0000000)
 Metaspace       used 44937K, capacity 46232K, committed 46652K, reserved 1091584K
  class space    used 4916K, capacity 5189K, committed 5268K, reserved 1048576K
}
2017-04-16T12:17:24.213-0700: 141168.472: Total time for which application threads were stopped: 0.0143047 seconds, Stopping threads took: 0.0001489 seconds
{Heap before GC invocations=13022 (full 18):
 par new generation   total 1800000K, used 1609476K [0x00000003ef600000, 0x0000000469720000, 0x0000000469720000)
  eden space 1600000K, 100% used [0x00000003ef600000, 0x0000000451080000, 0x0000000451080000)
  from space 200000K,   4% used [0x0000000451080000, 0x00000004519c1118, 0x000000045d3d0000)
  to   space 200000K,   0% used [0x000000045d3d0000, 0x000000045d3d0000, 0x0000000469720000)
 concurrent mark-sweep generation total 14001024K, used 8634213K [0x0000000469720000, 0x00000007c0000000, 0x00000007c0000000)
 Metaspace       used 44937K, capacity 46232K, committed 46652K, reserved 1091584K
  class space    used 4916K, capacity 5189K, committed 5268K, reserved 1048576K
2017-04-16T12:17:37.285-0700: 141181.544: [GC (Allocation Failure) Before GC:
Statistics for BinaryTreeDictionary:
------------------------------------
Total Free Space: 155768406
Max   Chunk Size: 1128311
Number of Blocks: 71405
Av.  Block  Size: 2181
Tree      Height: 110
2017-04-16T12:17:37.286-0700: 141181.545: [ParNew
Desired survivor size 102400000 bytes, new threshold 1 (max 1)
- age   1:    6146216 bytes,    6146216 total
: 1609476K->6567K(1800000K), 0.0119793 secs] 10243690K->8643014K(15801024K)After GC:
Statistics for BinaryTreeDictionary:
------------------------------------
Total Free Space: 155597830
Max   Chunk Size: 997237
Number of Blocks: 71391
Av.  Block  Size: 2179
Tree      Height: 110
, 0.0132082 secs] [Times: user=0.30 sys=0.00, real=0.01 secs] 
Heap after GC invocations=13023 (full 18):
 par new generation   total 1800000K, used 6567K [0x00000003ef600000, 0x0000000469720000, 0x0000000469720000)
  eden space 1600000K,   0% used [0x00000003ef600000, 0x00000003ef600000, 0x0000000451080000)
  from space 200000K,   3% used [0x000000045d3d0000, 0x000000045da39e08, 0x0000000469720000)
  to   space 200000K,   0% used [0x0000000451080000, 0x0000000451080000, 0x000000045d3d0000)
 concurrent mark-sweep generation total 14001024K, used 8636447K [0x0000000469720000, 0x00000007c0000000, 0x00000007c0000000)
 Metaspace       used 44937K, capacity 46232K, committed 46652K, reserved 1091584K
  class space    used 4916K, capacity 5189K, committed 5268K, reserved 1048576K
}
2017-04-16T12:17:37.298-0700: 141181.558: Total time for which application threads were stopped: 0.0142684 seconds, Stopping threads took: 0.0001420 seconds
2017-04-16T12:17:39.821-0700: 141184.080: Total time for which application threads were stopped: 0.0021368 seconds, Stopping threads took: 0.0001458 seconds
{Heap before GC invocations=13023 (full 18):
 par new generation   total 1800000K, used 1606567K [0x00000003ef600000, 0x0000000469720000, 0x0000000469720000)
  eden space 1600000K, 100% used [0x00000003ef600000, 0x0000000451080000, 0x0000000451080000)
  from space 200000K,   3% used [0x000000045d3d0000, 0x000000045da39e08, 0x0000000469720000)
  to   space 200000K,   0% used [0x0000000451080000, 0x0000000451080000, 0x000000045d3d0000)
 concurrent mark-sweep generation total 14001024K, used 8636447K [0x0000000469720000, 0x00000007c0000000, 0x00000007c0000000)
 Metaspace       used 44937K, capacity 46232K, committed 46652K, reserved 1091584K
  class space    used 4916K, capacity 5189K, committed 5268K, reserved 1048576K
2017-04-16T12:17:47.605-0700: 141191.864: [GC (Allocation Failure) Before GC:
Statistics for BinaryTreeDictionary:
------------------------------------
Total Free Space: 155597830
Max   Chunk Size: 997237
Number of Blocks: 71391
Av.  Block  Size: 2179
Tree      Height: 110
2017-04-16T12:17:47.606-0700: 141191.865: [ParNew
Desired survivor size 102400000 bytes, new threshold 1 (max 1)
- age   1:    7611360 bytes,    7611360 total
: 1606567K->7966K(1800000K), 0.0121404 secs] 10243014K->8645936K(15801024K)After GC:
Statistics for BinaryTreeDictionary:
------------------------------------
Total Free Space: 155526434
Max   Chunk Size: 997237
Number of Blocks: 71378
Av.  Block  Size: 2178
Tree      Height: 110
, 0.0134132 secs] [Times: user=0.30 sys=0.00, real=0.01 secs] 
Heap after GC invocations=13024 (full 18):
 par new generation   total 1800000K, used 7966K [0x00000003ef600000, 0x0000000469720000, 0x0000000469720000)
  eden space 1600000K,   0% used [0x00000003ef600000, 0x00000003ef600000, 0x0000000451080000)
  from space 200000K,   3% used [0x0000000451080000, 0x0000000451847908, 0x000000045d3d0000)
  to   space 200000K,   0% used [0x000000045d3d0000, 0x000000045d3d0000, 0x0000000469720000)
 concurrent mark-sweep generation total 14001024K, used 8637970K [0x0000000469720000, 0x00000007c0000000, 0x00000007c0000000)
 Metaspace       used 44937K, capacity 46232K, committed 46652K, reserved 1091584K
  class space    used 4916K, capacity 5189K, committed 5268K, reserved 1048576K
}
2017-04-16T12:17:47.619-0700: 141191.878: Total time for which application threads were stopped: 0.0145097 seconds, Stopping threads took: 0.0001580 seconds
{Heap before GC invocations=13024 (full 18):
 par new generation   total 1800000K, used 1607966K [0x00000003ef600000, 0x0000000469720000, 0x0000000469720000)
  eden space 1600000K, 100% used [0x00000003ef600000, 0x0000000451080000, 0x0000000451080000)
  from space 200000K,   3% used [0x0000000451080000, 0x0000000451847908, 0x000000045d3d0000)
  to   space 200000K,   0% used [0x000000045d3d0000, 0x000000045d3d0000, 0x0000000469720000)
 concurrent mark-sweep generation total 14001024K, used 8637970K [0x0000000469720000, 0x00000007c0000000, 0x00000007c0000000)
 Metaspace       used 44937K, capacity 46232K, committed 46652K, reserved 1091584K
  class space    used 4916K, capacity 5189K, committed 5268K, reserved 1048576K
2017-04-16T12:18:00.586-0700: 141204.845: [GC (Allocation Failure) Before GC:
Statistics for BinaryTreeDictionary:
------------------------------------
Total Free Space: 155526434
Max   Chunk Size: 997237
Number of Blocks: 71378
Av.  Block  Size: 2178
Tree      Height: 110
2017-04-16T12:18:00.586-0700: 141204.845: [ParNew
Desired survivor size 102400000 bytes, new threshold 1 (max 1)
- age   1:    6364280 bytes,    6364280 total
: 1607966K->6830K(1800000K), 0.0121510 secs] 10245936K->8646223K(15801024K)After GC:
Statistics for BinaryTreeDictionary:
------------------------------------
Total Free Space: 155454701
Max   Chunk Size: 997237
Number of Blocks: 71343
Av.  Block  Size: 2178
Tree      Height: 110
, 0.0133897 secs] [Times: user=0.30 sys=0.00, real=0.01 secs] 
Heap after GC invocations=13025 (full 18):
 par new generation   total 1800000K, used 6830K [0x00000003ef600000, 0x0000000469720000, 0x0000000469720000)
  eden space 1600000K,   0% used [0x00000003ef600000, 0x00000003ef600000, 0x0000000451080000)
  from space 200000K,   3% used [0x000000045d3d0000, 0x000000045da7ba90, 0x0000000469720000)
  to   space 200000K,   0% used [0x0000000451080000, 0x0000000451080000, 0x000000045d3d0000)
 concurrent mark-sweep generation total 14001024K, used 8639393K [0x0000000469720000, 0x00000007c0000000, 0x00000007c0000000)
 Metaspace       used 44937K, capacity 46232K, committed 46652K, reserved 1091584K
  class space    used 4916K, capacity 5189K, committed 5268K, reserved 1048576K
}
2017-04-16T12:18:00.599-0700: 141204.858: Total time for which application threads were stopped: 0.0144644 seconds, Stopping threads took: 0.0001522 seconds
{Heap before GC invocations=13025 (full 18):
 par new generation   total 1800000K, used 1606830K [0x00000003ef600000, 0x0000000469720000, 0x0000000469720000)
  eden space 1600000K, 100% used [0x00000003ef600000, 0x0000000451080000, 0x0000000451080000)
  from space 200000K,   3% used [0x000000045d3d0000, 0x000000045da7ba90, 0x0000000469720000)
  to   space 200000K,   0% used [0x0000000451080000, 0x0000000451080000, 0x000000045d3d0000)
 concurrent mark-sweep generation total 14001024K, used 8639393K [0x0000000469720000, 0x00000007c0000000, 0x00000007c0000000)
 Metaspace       used 44937K, capacity 46232K, committed 46652K, reserved 1091584K
  class space    used 4916K, capacity 5189K, committed 5268K, reserved 1048576K
2017-04-16T12:18:14.028-0700: 141218.287: [GC (Allocation Failure) Before GC:
Statistics for BinaryTreeDictionary:
------------------------------------
Total Free Space: 155454701
Max   Chunk Size: 997237
Number of Blocks: 71343
Av.  Block  Size: 2178
Tree      Height: 110
2017-04-16T12:18:14.028-0700: 141218.287: [ParNew
Desired survivor size 102400000 bytes, new threshold 1 (max 1)
- age   1:    6128848 bytes,    6128848 total
: 1606830K->6521K(1800000K), 0.0123621 secs] 10246223K->8647387K(15801024K)After GC:
Statistics for BinaryTreeDictionary:
------------------------------------
Total Free Space: 155401193
Max   Chunk Size: 997237
Number of Blocks: 71333
Av.  Block  Size: 2178
Tree      Height: 110
, 0.0136146 secs] [Times: user=0.30 sys=0.00, real=0.01 secs] 
Heap after GC invocations=13026 (full 18):
 par new generation   total 1800000K, used 6521K [0x00000003ef600000, 0x0000000469720000, 0x0000000469720000)
  eden space 1600000K,   0% used [0x00000003ef600000, 0x00000003ef600000, 0x0000000451080000)
  from space 200000K,   3% used [0x0000000451080000, 0x00000004516de508, 0x000000045d3d0000)
  to   space 200000K,   0% used [0x000000045d3d0000, 0x000000045d3d0000, 0x0000000469720000)
 concurrent mark-sweep generation total 14001024K, used 8640866K [0x0000000469720000, 0x00000007c0000000, 0x00000007c0000000)
 Metaspace       used 44937K, capacity 46232K, committed 46652K, reserved 1091584K
  class space    used 4916K, capacity 5189K, committed 5268K, reserved 1048576K
}
2017-04-16T12:18:14.041-0700: 141218.301: Total time for which application threads were stopped: 0.0146944 seconds, Stopping threads took: 0.0001528 seconds
{Heap before GC invocations=13026 (full 18):
 par new generation   total 1800000K, used 1606521K [0x00000003ef600000, 0x0000000469720000, 0x0000000469720000)
  eden space 1600000K, 100% used [0x00000003ef600000, 0x0000000451080000, 0x0000000451080000)
  from space 200000K,   3% used [0x0000000451080000, 0x00000004516de508, 0x000000045d3d0000)
  to   space 200000K,   0% used [0x000000045d3d0000, 0x000000045d3d0000, 0x0000000469720000)
 concurrent mark-sweep generation total 14001024K, used 8640866K [0x0000000469720000, 0x00000007c0000000, 0x00000007c0000000)
 Metaspace       used 44937K, capacity 46232K, committed 46652K, reserved 1091584K
  class space    used 4916K, capacity 5189K, committed 5268K, reserved 1048576K
2017-04-16T12:18:27.217-0700: 141231.477: [GC (Allocation Failure) Before GC:
Statistics for BinaryTreeDictionary:
------------------------------------
Total Free Space: 155401193
Max   Chunk Size: 997237
Number of Blocks: 71333
Av.  Block  Size: 2178
Tree      Height: 110
2017-04-16T12:18:27.218-0700: 141231.477: [ParNew
Desired survivor size 102400000 bytes, new threshold 1 (max 1)
- age   1:    6752552 bytes,    6752552 total
: 1606521K->7183K(1800000K), 0.0120625 secs] 10247387K->8649295K(15801024K)After GC:
Statistics for BinaryTreeDictionary:
------------------------------------
Total Free Space: 155375104
Max   Chunk Size: 997237
Number of Blocks: 71310
Av.  Block  Size: 2178
Tree      Height: 110
, 0.0133048 secs] [Times: user=0.29 sys=0.00, real=0.02 secs] 
Heap after GC invocations=13027 (full 18):
 par new generation   total 1800000K, used 7183K [0x00000003ef600000, 0x0000000469720000, 0x0000000469720000)
  eden space 1600000K,   0% used [0x00000003ef600000, 0x00000003ef600000, 0x0000000451080000)
  from space 200000K,   3% used [0x000000045d3d0000, 0x000000045dad3cd8, 0x0000000469720000)
  to   space 200000K,   0% used [0x0000000451080000, 0x0000000451080000, 0x000000045d3d0000)
 concurrent mark-sweep generation total 14001024K, used 8642112K [0x0000000469720000, 0x00000007c0000000, 0x00000007c0000000)
 Metaspace       used 44937K, capacity 46232K, committed 46652K, reserved 1091584K
  class space    used 4916K, capacity 5189K, committed 5268K, reserved 1048576K
}
2017-04-16T12:18:27.231-0700: 141231.490: Total time for which application threads were stopped: 0.0143664 seconds, Stopping threads took: 0.0001431 seconds
{Heap before GC invocations=13027 (full 18):
 par new generation   total 1800000K, used 1607183K [0x00000003ef600000, 0x0000000469720000, 0x0000000469720000)
  eden space 1600000K, 100% used [0x00000003ef600000, 0x0000000451080000, 0x0000000451080000)
  from space 200000K,   3% used [0x000000045d3d0000, 0x000000045dad3cd8, 0x0000000469720000)
  to   space 200000K,   0% used [0x0000000451080000, 0x0000000451080000, 0x000000045d3d0000)
 concurrent mark-sweep generation total 14001024K, used 8642112K [0x0000000469720000, 0x00000007c0000000, 0x00000007c0000000)
 Metaspace       used 44937K, capacity 46232K, committed 46652K, reserved 1091584K
  class space    used 4916K, capacity 5189K, committed 5268K, reserved 1048576K
2017-04-16T12:18:40.595-0700: 141244.855: [GC (Allocation Failure) Before GC:
Statistics for BinaryTreeDictionary:
------------------------------------
Total Free Space: 155375104
Max   Chunk Size: 997237
Number of Blocks: 71310
Av.  Block  Size: 2178
Tree      Height: 110
2017-04-16T12:18:40.596-0700: 141244.855: [ParNew
Desired survivor size 102400000 bytes, new threshold 1 (max 1)
- age   1:    7342408 bytes,    7342408 total
: 1607183K->7651K(1800000K), 0.0120353 secs] 10249295K->8651102K(15801024K)After GC:
Statistics for BinaryTreeDictionary:
------------------------------------
Total Free Space: 155319616
Max   Chunk Size: 997237
Number of Blocks: 71295
Av.  Block  Size: 2178
Tree      Height: 110
, 0.0133059 secs] [Times: user=0.30 sys=0.00, real=0.01 secs] 
Heap after GC invocations=13028 (full 18):
 par new generation   total 1800000K, used 7651K [0x00000003ef600000, 0x0000000469720000, 0x0000000469720000)
  eden space 1600000K,   0% used [0x00000003ef600000, 0x00000003ef600000, 0x0000000451080000)
  from space 200000K,   3% used [0x0000000451080000, 0x00000004517f8d18, 0x000000045d3d0000)
  to   space 200000K,   0% used [0x000000045d3d0000, 0x000000045d3d0000, 0x0000000469720000)
 concurrent mark-sweep generation total 14001024K, used 8643450K [0x0000000469720000, 0x00000007c0000000, 0x00000007c0000000)
 Metaspace       used 44937K, capacity 46232K, committed 46652K, reserved 1091584K
  class space    used 4916K, capacity 5189K, committed 5268K, reserved 1048576K
}
2017-04-16T12:18:40.609-0700: 141244.868: Total time for which application threads were stopped: 0.0144000 seconds, Stopping threads took: 0.0001655 seconds
{Heap before GC invocations=13028 (full 18):
 par new generation   total 1800000K, used 1607651K [0x00000003ef600000, 0x0000000469720000, 0x0000000469720000)
  eden space 1600000K, 100% used [0x00000003ef600000, 0x0000000451080000, 0x0000000451080000)
  from space 200000K,   3% used [0x0000000451080000, 0x00000004517f8d18, 0x000000045d3d0000)
  to   space 200000K,   0% used [0x000000045d3d0000, 0x000000045d3d0000, 0x0000000469720000)
 concurrent mark-sweep generation total 14001024K, used 8643450K [0x0000000469720000, 0x00000007c0000000, 0x00000007c0000000)
 Metaspace       used 44937K, capacity 46232K, committed 46652K, reserved 1091584K
  class space    used 4916K, capacity 5189K, committed 5268K, reserved 1048576K
2017-04-16T12:18:54.119-0700: 141258.379: [GC (Allocation Failure) Before GC:
Statistics for BinaryTreeDictionary:
------------------------------------
Total Free Space: 155319616
Max   Chunk Size: 997237
Number of Blocks: 71295
Av.  Block  Size: 2178
Tree      Height: 110
2017-04-16T12:18:54.120-0700: 141258.379: [ParNew
Desired survivor size 102400000 bytes, new threshold 1 (max 1)
- age   1:    6236088 bytes,    6236088 total
: 1607651K->6795K(1800000K), 0.0123409 secs] 10251102K->8651386K(15801024K)After GC:
Statistics for BinaryTreeDictionary:
------------------------------------
Total Free Space: 155308242
Max   Chunk Size: 997237
Number of Blocks: 71274
Av.  Block  Size: 2179
Tree      Height: 110
, 0.0135753 secs] [Times: user=0.30 sys=0.00, real=0.02 secs] 
Heap after GC invocations=13029 (full 18):
 par new generation   total 1800000K, used 6795K [0x00000003ef600000, 0x0000000469720000, 0x0000000469720000)
  eden space 1600000K,   0% used [0x00000003ef600000, 0x00000003ef600000, 0x0000000451080000)
  from space 200000K,   3% used [0x000000045d3d0000, 0x000000045da72c08, 0x0000000469720000)
  to   space 200000K,   0% used [0x0000000451080000, 0x0000000451080000, 0x000000045d3d0000)
 concurrent mark-sweep generation total 14001024K, used 8644591K [0x0000000469720000, 0x00000007c0000000, 0x00000007c0000000)
 Metaspace       used 44937K, capacity 46232K, committed 46652K, reserved 1091584K
  class space    used 4916K, capacity 5189K, committed 5268K, reserved 1048576K
}
2017-04-16T12:18:54.133-0700: 141258.392: Total time for which application threads were stopped: 0.0146514 seconds, Stopping threads took: 0.0001467 seconds
{Heap before GC invocations=13029 (full 18):
 par new generation   total 1800000K, used 1606795K [0x00000003ef600000, 0x0000000469720000, 0x0000000469720000)
  eden space 1600000K, 100% used [0x00000003ef600000, 0x0000000451080000, 0x0000000451080000)
  from space 200000K,   3% used [0x000000045d3d0000, 0x000000045da72c08, 0x0000000469720000)
  to   space 200000K,   0% used [0x0000000451080000, 0x0000000451080000, 0x000000045d3d0000)
 concurrent mark-sweep generation total 14001024K, used 8644591K [0x0000000469720000, 0x00000007c0000000, 0x00000007c0000000)
 Metaspace       used 44937K, capacity 46232K, committed 46652K, reserved 1091584K
  class space    used 4916K, capacity 5189K, committed 5268K, reserved 1048576K
2017-04-16T12:19:07.120-0700: 141271.379: [GC (Allocation Failure) Before GC:
Statistics for BinaryTreeDictionary:
------------------------------------
Total Free Space: 155308242
Max   Chunk Size: 997237
Number of Blocks: 71274
Av.  Block  Size: 2179
Tree      Height: 110
2017-04-16T12:19:07.120-0700: 141271.379: [ParNew
Desired survivor size 102400000 bytes, new threshold 1 (max 1)
- age   1:    5831024 bytes,    5831024 total
: 1606795K->6193K(1800000K), 0.0118319 secs] 10251386K->8652004K(15801024K)After GC:
Statistics for BinaryTreeDictionary:
------------------------------------
Total Free Space: 155283692
Max   Chunk Size: 997237
Number of Blocks: 71257
Av.  Block  Size: 2179
Tree      Height: 110
, 0.0130940 secs] [Times: user=0.29 sys=0.00, real=0.01 secs] 
Heap after GC invocations=13030 (full 18):
 par new generation   total 1800000K, used 6193K [0x00000003ef600000, 0x0000000469720000, 0x0000000469720000)
  eden space 1600000K,   0% used [0x00000003ef600000, 0x00000003ef600000, 0x0000000451080000)
  from space 200000K,   3% used [0x0000000451080000, 0x000000045168c798, 0x000000045d3d0000)
  to   space 200000K,   0% used [0x000000045d3d0000, 0x000000045d3d0000, 0x0000000469720000)
 concurrent mark-sweep generation total 14001024K, used 8645810K [0x0000000469720000, 0x00000007c0000000, 0x00000007c0000000)
 Metaspace       used 44937K, capacity 46232K, committed 46652K, reserved 1091584K
  class space    used 4916K, capacity 5189K, committed 5268K, reserved 1048576K
}
2017-04-16T12:19:07.133-0700: 141271.392: Total time for which application threads were stopped: 0.0141625 seconds, Stopping threads took: 0.0001505 seconds
2017-04-16T12:19:09.619-0700: 141273.878: Total time for which application threads were stopped: 0.0021609 seconds, Stopping threads took: 0.0001422 seconds
2017-04-16T12:19:09.629-0700: 141273.888: Total time for which application threads were stopped: 0.0011584 seconds, Stopping threads took: 0.0000449 seconds
2017-04-16T12:19:11.493-0700: 141275.752: Total time for which application threads were stopped: 0.0022446 seconds, Stopping threads took: 0.0001792 seconds
{Heap before GC invocations=13030 (full 18):
 par new generation   total 1800000K, used 1606193K [0x00000003ef600000, 0x0000000469720000, 0x0000000469720000)
  eden space 1600000K, 100% used [0x00000003ef600000, 0x0000000451080000, 0x0000000451080000)
  from space 200000K,   3% used [0x0000000451080000, 0x000000045168c798, 0x000000045d3d0000)
  to   space 200000K,   0% used [0x000000045d3d0000, 0x000000045d3d0000, 0x0000000469720000)
 concurrent mark-sweep generation total 14001024K, used 8645810K [0x0000000469720000, 0x00000007c0000000, 0x00000007c0000000)
 Metaspace       used 44937K, capacity 46232K, committed 46652K, reserved 1091584K
  class space    used 4916K, capacity 5189K, committed 5268K, reserved 1048576K
2017-04-16T12:19:18.184-0700: 141282.443: [GC (Allocation Failure) Before GC:
Statistics for BinaryTreeDictionary:
------------------------------------
Total Free Space: 155283692
Max   Chunk Size: 997237
Number of Blocks: 71257
Av.  Block  Size: 2179
Tree      Height: 110
2017-04-16T12:19:18.185-0700: 141282.444: [ParNew
Desired survivor size 102400000 bytes, new threshold 1 (max 1)
- age   1:   11603552 bytes,   11603552 total
: 1606193K->11937K(1800000K), 0.0119036 secs] 10252004K->8658968K(15801024K)After GC:
Statistics for BinaryTreeDictionary:
------------------------------------
Total Free Space: 155244906
Max   Chunk Size: 997237
Number of Blocks: 71242
Av.  Block  Size: 2179
Tree      Height: 110
, 0.0131693 secs] [Times: user=0.30 sys=0.00, real=0.02 secs] 
Heap after GC invocations=13031 (full 18):
 par new generation   total 1800000K, used 11937K [0x00000003ef600000, 0x0000000469720000, 0x0000000469720000)
  eden space 1600000K,   0% used [0x00000003ef600000, 0x00000003ef600000, 0x0000000451080000)
  from space 200000K,   5% used [0x000000045d3d0000, 0x000000045df785b0, 0x0000000469720000)
  to   space 200000K,   0% used [0x0000000451080000, 0x0000000451080000, 0x000000045d3d0000)
 concurrent mark-sweep generation total 14001024K, used 8647030K [0x0000000469720000, 0x00000007c0000000, 0x00000007c0000000)
 Metaspace       used 44937K, capacity 46232K, committed 46652K, reserved 1091584K
  class space    used 4916K, capacity 5189K, committed 5268K, reserved 1048576K
}
2017-04-16T12:19:18.197-0700: 141282.457: Total time for which application threads were stopped: 0.0142775 seconds, Stopping threads took: 0.0001581 seconds
{Heap before GC invocations=13031 (full 18):
 par new generation   total 1800000K, used 1611937K [0x00000003ef600000, 0x0000000469720000, 0x0000000469720000)
  eden space 1600000K, 100% used [0x00000003ef600000, 0x0000000451080000, 0x0000000451080000)
  from space 200000K,   5% used [0x000000045d3d0000, 0x000000045df785b0, 0x0000000469720000)
  to   space 200000K,   0% used [0x0000000451080000, 0x0000000451080000, 0x000000045d3d0000)
 concurrent mark-sweep generation total 14001024K, used 8647030K [0x0000000469720000, 0x00000007c0000000, 0x00000007c0000000)
 Metaspace       used 44937K, capacity 46232K, committed 46652K, reserved 1091584K
  class space    used 4916K, capacity 5189K, committed 5268K, reserved 1048576K
2017-04-16T12:19:31.438-0700: 141295.698: [GC (Allocation Failure) Before GC:
Statistics for BinaryTreeDictionary:
------------------------------------
Total Free Space: 155244906
Max   Chunk Size: 997237
Number of Blocks: 71242
Av.  Block  Size: 2179
Tree      Height: 110
2017-04-16T12:19:31.439-0700: 141295.698: [ParNew
Desired survivor size 102400000 bytes, new threshold 1 (max 1)
- age   1:    6169624 bytes,    6169624 total
: 1611937K->6477K(1800000K), 0.0122607 secs] 10258968K->8656215K(15801024K)After GC:
Statistics for BinaryTreeDictionary:
------------------------------------
Total Free Space: 155001417
Max   Chunk Size: 866163
Number of Blocks: 71193
Av.  Block  Size: 2177
Tree      Height: 110
, 0.0135425 secs] [Times: user=0.30 sys=0.01, real=0.02 secs] 
Heap after GC invocations=13032 (full 18):
 par new generation   total 1800000K, used 6477K [0x00000003ef600000, 0x0000000469720000, 0x0000000469720000)
  eden space 1600000K,   0% used [0x00000003ef600000, 0x00000003ef600000, 0x0000000451080000)
  from space 200000K,   3% used [0x0000000451080000, 0x00000004516d35b0, 0x000000045d3d0000)
  to   space 200000K,   0% used [0x000000045d3d0000, 0x000000045d3d0000, 0x0000000469720000)
 concurrent mark-sweep generation total 14001024K, used 8649737K [0x0000000469720000, 0x00000007c0000000, 0x00000007c0000000)
 Metaspace       used 44937K, capacity 46232K, committed 46652K, reserved 1091584K
  class space    used 4916K, capacity 5189K, committed 5268K, reserved 1048576K
}
2017-04-16T12:19:31.452-0700: 141295.711: Total time for which application threads were stopped: 0.0146279 seconds, Stopping threads took: 0.0001450 seconds
{Heap before GC invocations=13032 (full 18):
 par new generation   total 1800000K, used 1606477K [0x00000003ef600000, 0x0000000469720000, 0x0000000469720000)
  eden space 1600000K, 100% used [0x00000003ef600000, 0x0000000451080000, 0x0000000451080000)
  from space 200000K,   3% used [0x0000000451080000, 0x00000004516d35b0, 0x000000045d3d0000)
  to   space 200000K,   0% used [0x000000045d3d0000, 0x000000045d3d0000, 0x0000000469720000)
 concurrent mark-sweep generation total 14001024K, used 8649737K [0x0000000469720000, 0x00000007c0000000, 0x00000007c0000000)
 Metaspace       used 44937K, capacity 46232K, committed 46652K, reserved 1091584K
  class space    used 4916K, capacity 5189K, committed 5268K, reserved 1048576K
2017-04-16T12:19:44.393-0700: 141308.652: [GC (Allocation Failure) Before GC:
Statistics for BinaryTreeDictionary:
------------------------------------
Total Free Space: 155001417
Max   Chunk Size: 866163
Number of Blocks: 71193
Av.  Block  Size: 2177
Tree      Height: 110
2017-04-16T12:19:44.393-0700: 141308.653: [ParNew
Desired survivor size 102400000 bytes, new threshold 1 (max 1)
- age   1:    6969240 bytes,    6969240 total
: 1606477K->7283K(1800000K), 0.0120569 secs] 10256215K->8658308K(15801024K)After GC:
Statistics for BinaryTreeDictionary:
------------------------------------
Total Free Space: 154959203
Max   Chunk Size: 866163
Number of Blocks: 71175
Av.  Block  Size: 2177
Tree      Height: 110
, 0.0133190 secs] [Times: user=0.30 sys=0.00, real=0.01 secs] 
Heap after GC invocations=13033 (full 18):
 par new generation   total 1800000K, used 7283K [0x00000003ef600000, 0x0000000469720000, 0x0000000469720000)
  eden space 1600000K,   0% used [0x00000003ef600000, 0x00000003ef600000, 0x0000000451080000)
  from space 200000K,   3% used [0x000000045d3d0000, 0x000000045daecdc0, 0x0000000469720000)
  to   space 200000K,   0% used [0x0000000451080000, 0x0000000451080000, 0x000000045d3d0000)
 concurrent mark-sweep generation total 14001024K, used 8651024K [0x0000000469720000, 0x00000007c0000000, 0x00000007c0000000)
 Metaspace       used 44937K, capacity 46232K, committed 46652K, reserved 1091584K
  class space    used 4916K, capacity 5189K, committed 5268K, reserved 1048576K
}
2017-04-16T12:19:44.406-0700: 141308.666: Total time for which application threads were stopped: 0.0144007 seconds, Stopping threads took: 0.0001407 seconds
{Heap before GC invocations=13033 (full 18):
 par new generation   total 1800000K, used 1607283K [0x00000003ef600000, 0x0000000469720000, 0x0000000469720000)
  eden space 1600000K, 100% used [0x00000003ef600000, 0x0000000451080000, 0x0000000451080000)
  from space 200000K,   3% used [0x000000045d3d0000, 0x000000045daecdc0, 0x0000000469720000)
  to   space 200000K,   0% used [0x0000000451080000, 0x0000000451080000, 0x000000045d3d0000)
 concurrent mark-sweep generation total 14001024K, used 8651024K [0x0000000469720000, 0x00000007c0000000, 0x00000007c0000000)
 Metaspace       used 44937K, capacity 46232K, committed 46652K, reserved 1091584K
  class space    used 4916K, capacity 5189K, committed 5268K, reserved 1048576K
2017-04-16T12:19:57.853-0700: 141322.112: [GC (Allocation Failure) Before GC:
Statistics for BinaryTreeDictionary:
------------------------------------
Total Free Space: 154959203
Max   Chunk Size: 866163
Number of Blocks: 71175
Av.  Block  Size: 2177
Tree      Height: 110
2017-04-16T12:19:57.853-0700: 141322.113: [ParNew
Desired survivor size 102400000 bytes, new threshold 1 (max 1)
- age   1:    6408048 bytes,    6408048 total
: 1607283K->6746K(1800000K), 0.0120960 secs] 10258308K->8658932K(15801024K)After GC:
Statistics for BinaryTreeDictionary:
------------------------------------
Total Free Space: 154920617
Max   Chunk Size: 866163
Number of Blocks: 71164
Av.  Block  Size: 2176
Tree      Height: 110
, 0.0133618 secs] [Times: user=0.30 sys=0.00, real=0.01 secs] 
Heap after GC invocations=13034 (full 18):
 par new generation   total 1800000K, used 6746K [0x00000003ef600000, 0x0000000469720000, 0x0000000469720000)
  eden space 1600000K,   0% used [0x00000003ef600000, 0x00000003ef600000, 0x0000000451080000)
  from space 200000K,   3% used [0x0000000451080000, 0x0000000451716830, 0x000000045d3d0000)
  to   space 200000K,   0% used [0x000000045d3d0000, 0x000000045d3d0000, 0x0000000469720000)
 concurrent mark-sweep generation total 14001024K, used 8652186K [0x0000000469720000, 0x00000007c0000000, 0x00000007c0000000)
 Metaspace       used 44937K, capacity 46232K, committed 46652K, reserved 1091584K
  class space    used 4916K, capacity 5189K, committed 5268K, reserved 1048576K
}
2017-04-16T12:19:57.866-0700: 141322.126: Total time for which application threads were stopped: 0.0144744 seconds, Stopping threads took: 0.0001529 seconds
2017-04-16T12:20:08.964-0700: 141333.223: Total time for which application threads were stopped: 0.0021730 seconds, Stopping threads took: 0.0001467 seconds
{Heap before GC invocations=13034 (full 18):
 par new generation   total 1800000K, used 1606746K [0x00000003ef600000, 0x0000000469720000, 0x0000000469720000)
  eden space 1600000K, 100% used [0x00000003ef600000, 0x0000000451080000, 0x0000000451080000)
  from space 200000K,   3% used [0x0000000451080000, 0x0000000451716830, 0x000000045d3d0000)
  to   space 200000K,   0% used [0x000000045d3d0000, 0x000000045d3d0000, 0x0000000469720000)
 concurrent mark-sweep generation total 14001024K, used 8652186K [0x0000000469720000, 0x00000007c0000000, 0x00000007c0000000)
 Metaspace       used 44937K, capacity 46232K, committed 46652K, reserved 1091584K
  class space    used 4916K, capacity 5189K, committed 5268K, reserved 1048576K
2017-04-16T12:20:10.861-0700: 141335.120: [GC (Allocation Failure) Before GC:
Statistics for BinaryTreeDictionary:
------------------------------------
Total Free Space: 154920617
Max   Chunk Size: 866163
Number of Blocks: 71164
Av.  Block  Size: 2176
Tree      Height: 110
2017-04-16T12:20:10.862-0700: 141335.121: [ParNew
Desired survivor size 102400000 bytes, new threshold 1 (max 1)
- age   1:    6785824 bytes,    6785824 total
: 1606746K->7283K(1800000K), 0.0127075 secs] 10258932K->8661437K(15801024K)After GC:
Statistics for BinaryTreeDictionary:
------------------------------------
Total Free Space: 154865524
Max   Chunk Size: 866163
Number of Blocks: 71150
Av.  Block  Size: 2176
Tree      Height: 110
, 0.0140024 secs] [Times: user=0.32 sys=0.00, real=0.02 secs] 
Heap after GC invocations=13035 (full 18):
 par new generation   total 1800000K, used 7283K [0x00000003ef600000, 0x0000000469720000, 0x0000000469720000)
  eden space 1600000K,   0% used [0x00000003ef600000, 0x00000003ef600000, 0x0000000451080000)
  from space 200000K,   3% used [0x000000045d3d0000, 0x000000045daece70, 0x0000000469720000)
  to   space 200000K,   0% used [0x0000000451080000, 0x0000000451080000, 0x000000045d3d0000)
 concurrent mark-sweep generation total 14001024K, used 8654153K [0x0000000469720000, 0x00000007c0000000, 0x00000007c0000000)
 Metaspace       used 44937K, capacity 46232K, committed 46652K, reserved 1091584K
  class space    used 4916K, capacity 5189K, committed 5268K, reserved 1048576K
}
2017-04-16T12:20:10.875-0700: 141335.134: Total time for which application threads were stopped: 0.0151045 seconds, Stopping threads took: 0.0001457 seconds
{Heap before GC invocations=13035 (full 18):
 par new generation   total 1800000K, used 1607283K [0x00000003ef600000, 0x0000000469720000, 0x0000000469720000)
  eden space 1600000K, 100% used [0x00000003ef600000, 0x0000000451080000, 0x0000000451080000)
  from space 200000K,   3% used [0x000000045d3d0000, 0x000000045daece70, 0x0000000469720000)
  to   space 200000K,   0% used [0x0000000451080000, 0x0000000451080000, 0x000000045d3d0000)
 concurrent mark-sweep generation total 14001024K, used 8654153K [0x0000000469720000, 0x00000007c0000000, 0x00000007c0000000)
 Metaspace       used 44937K, capacity 46232K, committed 46652K, reserved 1091584K
  class space    used 4916K, capacity 5189K, committed 5268K, reserved 1048576K
2017-04-16T12:20:24.241-0700: 141348.500: [GC (Allocation Failure) Before GC:
Statistics for BinaryTreeDictionary:
------------------------------------
Total Free Space: 154865524
Max   Chunk Size: 866163
Number of Blocks: 71150
Av.  Block  Size: 2176
Tree      Height: 110
2017-04-16T12:20:24.241-0700: 141348.501: [ParNew
Desired survivor size 102400000 bytes, new threshold 1 (max 1)
- age   1:    6453080 bytes,    6453080 total
: 1607283K->7074K(1800000K), 0.0124003 secs] 10261437K->8662451K(15801024K)After GC:
Statistics for BinaryTreeDictionary:
------------------------------------
Total Free Space: 154856006
Max   Chunk Size: 866163
Number of Blocks: 71126
Av.  Block  Size: 2177
Tree      Height: 110
, 0.0136984 secs] [Times: user=0.30 sys=0.00, real=0.01 secs] 
Heap after GC invocations=13036 (full 18):
 par new generation   total 1800000K, used 7074K [0x00000003ef600000, 0x0000000469720000, 0x0000000469720000)
  eden space 1600000K,   0% used [0x00000003ef600000, 0x00000003ef600000, 0x0000000451080000)
  from space 200000K,   3% used [0x0000000451080000, 0x0000000451768a28, 0x000000045d3d0000)
  to   space 200000K,   0% used [0x000000045d3d0000, 0x000000045d3d0000, 0x0000000469720000)
 concurrent mark-sweep generation total 14001024K, used 8655377K [0x0000000469720000, 0x00000007c0000000, 0x00000007c0000000)
 Metaspace       used 44937K, capacity 46232K, committed 46652K, reserved 1091584K
  class space    used 4916K, capacity 5189K, committed 5268K, reserved 1048576K
}
2017-04-16T12:20:24.255-0700: 141348.514: Total time for which application threads were stopped: 0.0148053 seconds, Stopping threads took: 0.0001552 seconds
2017-04-16T12:20:30.349-0700: 141354.608: Total time for which application threads were stopped: 0.0009108 seconds, Stopping threads took: 0.0001486 seconds
{Heap before GC invocations=13036 (full 18):
 par new generation   total 1800000K, used 1607074K [0x00000003ef600000, 0x0000000469720000, 0x0000000469720000)
  eden space 1600000K, 100% used [0x00000003ef600000, 0x0000000451080000, 0x0000000451080000)
  from space 200000K,   3% used [0x0000000451080000, 0x0000000451768a28, 0x000000045d3d0000)
  to   space 200000K,   0% used [0x000000045d3d0000, 0x000000045d3d0000, 0x0000000469720000)
 concurrent mark-sweep generation total 14001024K, used 8655377K [0x0000000469720000, 0x00000007c0000000, 0x00000007c0000000)
 Metaspace       used 44937K, capacity 46232K, committed 46652K, reserved 1091584K
  class space    used 4916K, capacity 5189K, committed 5268K, reserved 1048576K
2017-04-16T12:20:37.543-0700: 141361.802: [GC (Allocation Failure) Before GC:
Statistics for BinaryTreeDictionary:
------------------------------------
Total Free Space: 154856006
Max   Chunk Size: 866163
Number of Blocks: 71126
Av.  Block  Size: 2177
Tree      Height: 110
2017-04-16T12:20:37.543-0700: 141361.803: [ParNew
Desired survivor size 102400000 bytes, new threshold 1 (max 1)
- age   1:   10067224 bytes,   10067224 total
: 1607074K->10661K(1800000K), 0.0127411 secs] 10262451K->8667462K(15801024K)After GC:
Statistics for BinaryTreeDictionary:
------------------------------------
Total Free Space: 154811593
Max   Chunk Size: 866163
Number of Blocks: 71099
Av.  Block  Size: 2177
Tree      Height: 110
, 0.0140060 secs] [Times: user=0.32 sys=0.00, real=0.01 secs] 
Heap after GC invocations=13037 (full 18):
 par new generation   total 1800000K, used 10661K [0x00000003ef600000, 0x0000000469720000, 0x0000000469720000)
  eden space 1600000K,   0% used [0x00000003ef600000, 0x00000003ef600000, 0x0000000451080000)
  from space 200000K,   5% used [0x000000045d3d0000, 0x000000045de395a0, 0x0000000469720000)
  to   space 200000K,   0% used [0x0000000451080000, 0x0000000451080000, 0x000000045d3d0000)
 concurrent mark-sweep generation total 14001024K, used 8656801K [0x0000000469720000, 0x00000007c0000000, 0x00000007c0000000)
 Metaspace       used 44937K, capacity 46232K, committed 46652K, reserved 1091584K
  class space    used 4916K, capacity 5189K, committed 5268K, reserved 1048576K
}
2017-04-16T12:20:37.557-0700: 141361.816: Total time for which application threads were stopped: 0.0151018 seconds, Stopping threads took: 0.0001603 seconds
2017-04-16T12:20:39.630-0700: 141363.890: Total time for which application threads were stopped: 0.0021549 seconds, Stopping threads took: 0.0001473 seconds
2017-04-16T12:20:42.404-0700: 141366.663: Total time for which application threads were stopped: 0.0009534 seconds, Stopping threads took: 0.0001512 seconds
{Heap before GC invocations=13037 (full 18):
 par new generation   total 1800000K, used 1610661K [0x00000003ef600000, 0x0000000469720000, 0x0000000469720000)
  eden space 1600000K, 100% used [0x00000003ef600000, 0x0000000451080000, 0x0000000451080000)
  from space 200000K,   5% used [0x000000045d3d0000, 0x000000045de395a0, 0x0000000469720000)
  to   space 200000K,   0% used [0x0000000451080000, 0x0000000451080000, 0x000000045d3d0000)
 concurrent mark-sweep generation total 14001024K, used 8656801K [0x0000000469720000, 0x00000007c0000000, 0x00000007c0000000)
 Metaspace       used 44937K, capacity 46232K, committed 46652K, reserved 1091584K
  class space    used 4916K, capacity 5189K, committed 5268K, reserved 1048576K
2017-04-16T12:20:48.336-0700: 141372.595: [GC (Allocation Failure) Before GC:
Statistics for BinaryTreeDictionary:
------------------------------------
Total Free Space: 154811593
Max   Chunk Size: 866163
Number of Blocks: 71099
Av.  Block  Size: 2177
Tree      Height: 110
2017-04-16T12:20:48.337-0700: 141372.596: [ParNew
Desired survivor size 102400000 bytes, new threshold 1 (max 1)
- age   1:    7218864 bytes,    7218864 total
: 1610661K->7843K(1800000K), 0.0123516 secs] 10267462K->8667770K(15801024K)After GC:
Statistics for BinaryTreeDictionary:
------------------------------------
Total Free Space: 154603645
Max   Chunk Size: 735089
Number of Blocks: 71073
Av.  Block  Size: 2175
Tree      Height: 110
, 0.0136288 secs] [Times: user=0.30 sys=0.00, real=0.02 secs] 
Heap after GC invocations=13038 (full 18):
 par new generation   total 1800000K, used 7843K [0x00000003ef600000, 0x0000000469720000, 0x0000000469720000)
  eden space 1600000K,   0% used [0x00000003ef600000, 0x00000003ef600000, 0x0000000451080000)
  from space 200000K,   3% used [0x0000000451080000, 0x0000000451828f70, 0x000000045d3d0000)
  to   space 200000K,   0% used [0x000000045d3d0000, 0x000000045d3d0000, 0x0000000469720000)
 concurrent mark-sweep generation total 14001024K, used 8659926K [0x0000000469720000, 0x00000007c0000000, 0x00000007c0000000)
 Metaspace       used 44937K, capacity 46232K, committed 46652K, reserved 1091584K
  class space    used 4916K, capacity 5189K, committed 5268K, reserved 1048576K
}
2017-04-16T12:20:48.350-0700: 141372.609: Total time for which application threads were stopped: 0.0147467 seconds, Stopping threads took: 0.0001542 seconds
{Heap before GC invocations=13038 (full 18):
 par new generation   total 1800000K, used 1607843K [0x00000003ef600000, 0x0000000469720000, 0x0000000469720000)
  eden space 1600000K, 100% used [0x00000003ef600000, 0x0000000451080000, 0x0000000451080000)
  from space 200000K,   3% used [0x0000000451080000, 0x0000000451828f70, 0x000000045d3d0000)
  to   space 200000K,   0% used [0x000000045d3d0000, 0x000000045d3d0000, 0x0000000469720000)
 concurrent mark-sweep generation total 14001024K, used 8659926K [0x0000000469720000, 0x00000007c0000000, 0x00000007c0000000)
 Metaspace       used 44937K, capacity 46232K, committed 46652K, reserved 1091584K
  class space    used 4916K, capacity 5189K, committed 5268K, reserved 1048576K
2017-04-16T12:21:02.129-0700: 141386.388: [GC (Allocation Failure) Before GC:
Statistics for BinaryTreeDictionary:
------------------------------------
Total Free Space: 154603645
Max   Chunk Size: 735089
Number of Blocks: 71073
Av.  Block  Size: 2175
Tree      Height: 110
2017-04-16T12:21:02.129-0700: 141386.389: [ParNew
Desired survivor size 102400000 bytes, new threshold 1 (max 1)
- age   1:    6079664 bytes,    6079664 total
: 1607843K->6288K(1800000K), 0.0118220 secs] 10267770K->8667885K(15801024K)After GC:
Statistics for BinaryTreeDictionary:
------------------------------------
Total Free Space: 154492923
Max   Chunk Size: 735089
Number of Blocks: 71029
Av.  Block  Size: 2175
Tree      Height: 110
, 0.0130744 secs] [Times: user=0.29 sys=0.00, real=0.01 secs] 
Heap after GC invocations=13039 (full 18):
 par new generation   total 1800000K, used 6288K [0x00000003ef600000, 0x0000000469720000, 0x0000000469720000)
  eden space 1600000K,   0% used [0x00000003ef600000, 0x00000003ef600000, 0x0000000451080000)
  from space 200000K,   3% used [0x000000045d3d0000, 0x000000045d9f4290, 0x0000000469720000)
  to   space 200000K,   0% used [0x0000000451080000, 0x0000000451080000, 0x000000045d3d0000)
 concurrent mark-sweep generation total 14001024K, used 8661596K [0x0000000469720000, 0x00000007c0000000, 0x00000007c0000000)
 Metaspace       used 44937K, capacity 46232K, committed 46652K, reserved 1091584K
  class space    used 4916K, capacity 5189K, committed 5268K, reserved 1048576K
}
2017-04-16T12:21:02.142-0700: 141386.401: Total time for which application threads were stopped: 0.0141699 seconds, Stopping threads took: 0.0001498 seconds
{Heap before GC invocations=13039 (full 18):
 par new generation   total 1800000K, used 1606288K [0x00000003ef600000, 0x0000000469720000, 0x0000000469720000)
  eden space 1600000K, 100% used [0x00000003ef600000, 0x0000000451080000, 0x0000000451080000)
  from space 200000K,   3% used [0x000000045d3d0000, 0x000000045d9f4290, 0x0000000469720000)
  to   space 200000K,   0% used [0x0000000451080000, 0x0000000451080000, 0x000000045d3d0000)
 concurrent mark-sweep generation total 14001024K, used 8661596K [0x0000000469720000, 0x00000007c0000000, 0x00000007c0000000)
 Metaspace       used 44937K, capacity 46232K, committed 46652K, reserved 1091584K
  class space    used 4916K, capacity 5189K, committed 5268K, reserved 1048576K
2017-04-16T12:21:15.213-0700: 141399.473: [GC (Allocation Failure) Before GC:
Statistics for BinaryTreeDictionary:
------------------------------------
Total Free Space: 154492923
Max   Chunk Size: 735089
Number of Blocks: 71029
Av.  Block  Size: 2175
Tree      Height: 110
2017-04-16T12:21:15.214-0700: 141399.473: [ParNew
Desired survivor size 102400000 bytes, new threshold 1 (max 1)
- age   1:    5639688 bytes,    5639688 total
: 1606288K->5990K(1800000K), 0.0125432 secs] 10267885K->8669144K(15801024K)After GC:
Statistics for BinaryTreeDictionary:
------------------------------------
Total Free Space: 154437270
Max   Chunk Size: 735089
Number of Blocks: 71013
Av.  Block  Size: 2174
Tree      Height: 110
, 0.0138228 secs] [Times: user=0.30 sys=0.00, real=0.02 secs] 
Heap after GC invocations=13040 (full 18):
 par new generation   total 1800000K, used 5990K [0x00000003ef600000, 0x0000000469720000, 0x0000000469720000)
  eden space 1600000K,   0% used [0x00000003ef600000, 0x00000003ef600000, 0x0000000451080000)
  from space 200000K,   2% used [0x0000000451080000, 0x0000000451659858, 0x000000045d3d0000)
  to   space 200000K,   0% used [0x000000045d3d0000, 0x000000045d3d0000, 0x0000000469720000)
 concurrent mark-sweep generation total 14001024K, used 8663154K [0x0000000469720000, 0x00000007c0000000, 0x00000007c0000000)
 Metaspace       used 44937K, capacity 46232K, committed 46652K, reserved 1091584K
  class space    used 4916K, capacity 5189K, committed 5268K, reserved 1048576K
}
2017-04-16T12:21:15.227-0700: 141399.487: Total time for which application threads were stopped: 0.0149257 seconds, Stopping threads took: 0.0001517 seconds
{Heap before GC invocations=13040 (full 18):
 par new generation   total 1800000K, used 1605990K [0x00000003ef600000, 0x0000000469720000, 0x0000000469720000)
  eden space 1600000K, 100% used [0x00000003ef600000, 0x0000000451080000, 0x0000000451080000)
  from space 200000K,   2% used [0x0000000451080000, 0x0000000451659858, 0x000000045d3d0000)
  to   space 200000K,   0% used [0x000000045d3d0000, 0x000000045d3d0000, 0x0000000469720000)
 concurrent mark-sweep generation total 14001024K, used 8663154K [0x0000000469720000, 0x00000007c0000000, 0x00000007c0000000)
 Metaspace       used 44937K, capacity 46232K, committed 46652K, reserved 1091584K
  class space    used 4916K, capacity 5189K, committed 5268K, reserved 1048576K
2017-04-16T12:21:28.392-0700: 141412.652: [GC (Allocation Failure) Before GC:
Statistics for BinaryTreeDictionary:
------------------------------------
Total Free Space: 154437270
Max   Chunk Size: 735089
Number of Blocks: 71013
Av.  Block  Size: 2174
Tree      Height: 110
2017-04-16T12:21:28.393-0700: 141412.652: [ParNew
Desired survivor size 102400000 bytes, new threshold 1 (max 1)
- age   1:    7111488 bytes,    7111488 total
: 1605990K->7373K(1800000K), 0.0117133 secs] 10269144K->8671556K(15801024K)After GC:
Statistics for BinaryTreeDictionary:
------------------------------------
Total Free Space: 154427902
Max   Chunk Size: 735089
Number of Blocks: 70993
Av.  Block  Size: 2175
Tree      Height: 110
, 0.0129805 secs] [Times: user=0.29 sys=0.00, real=0.01 secs] 
Heap after GC invocations=13041 (full 18):
 par new generation   total 1800000K, used 7373K [0x00000003ef600000, 0x0000000469720000, 0x0000000469720000)
  eden space 1600000K,   0% used [0x00000003ef600000, 0x00000003ef600000, 0x0000000451080000)
  from space 200000K,   3% used [0x000000045d3d0000, 0x000000045db03460, 0x0000000469720000)
  to   space 200000K,   0% used [0x0000000451080000, 0x0000000451080000, 0x000000045d3d0000)
 concurrent mark-sweep generation total 14001024K, used 8664183K [0x0000000469720000, 0x00000007c0000000, 0x00000007c0000000)
 Metaspace       used 44937K, capacity 46232K, committed 46652K, reserved 1091584K
  class space    used 4916K, capacity 5189K, committed 5268K, reserved 1048576K
}
2017-04-16T12:21:28.406-0700: 141412.665: Total time for which application threads were stopped: 0.0141008 seconds, Stopping threads took: 0.0001691 seconds
{Heap before GC invocations=13041 (full 18):
 par new generation   total 1800000K, used 1607373K [0x00000003ef600000, 0x0000000469720000, 0x0000000469720000)
  eden space 1600000K, 100% used [0x00000003ef600000, 0x0000000451080000, 0x0000000451080000)
  from space 200000K,   3% used [0x000000045d3d0000, 0x000000045db03460, 0x0000000469720000)
  to   space 200000K,   0% used [0x0000000451080000, 0x0000000451080000, 0x000000045d3d0000)
 concurrent mark-sweep generation total 14001024K, used 8664183K [0x0000000469720000, 0x00000007c0000000, 0x00000007c0000000)
 Metaspace       used 44937K, capacity 46232K, committed 46652K, reserved 1091584K
  class space    used 4916K, capacity 5189K, committed 5268K, reserved 1048576K
2017-04-16T12:21:40.405-0700: 141424.664: [GC (Allocation Failure) Before GC:
Statistics for BinaryTreeDictionary:
------------------------------------
Total Free Space: 154427902
Max   Chunk Size: 735089
Number of Blocks: 70993
Av.  Block  Size: 2175
Tree      Height: 110
2017-04-16T12:21:40.406-0700: 141424.665: [ParNew
Desired survivor size 102400000 bytes, new threshold 1 (max 1)
- age   1:   19599168 bytes,   19599168 total
: 1607373K->19732K(1800000K), 0.0120185 secs] 10271556K->8684897K(15801024K)After GC:
Statistics for BinaryTreeDictionary:
------------------------------------
Total Free Space: 154421502
Max   Chunk Size: 735089
Number of Blocks: 70977
Av.  Block  Size: 2175
Tree      Height: 110
, 0.0133102 secs] [Times: user=0.30 sys=0.00, real=0.02 secs] 
Heap after GC invocations=13042 (full 18):
 par new generation   total 1800000K, used 19732K [0x00000003ef600000, 0x0000000469720000, 0x0000000469720000)
  eden space 1600000K,   0% used [0x00000003ef600000, 0x00000003ef600000, 0x0000000451080000)
  from space 200000K,   9% used [0x0000000451080000, 0x00000004523c50c8, 0x000000045d3d0000)
  to   space 200000K,   0% used [0x000000045d3d0000, 0x000000045d3d0000, 0x0000000469720000)
 concurrent mark-sweep generation total 14001024K, used 8665165K [0x0000000469720000, 0x00000007c0000000, 0x00000007c0000000)
 Metaspace       used 44937K, capacity 46232K, committed 46652K, reserved 1091584K
  class space    used 4916K, capacity 5189K, committed 5268K, reserved 1048576K
}
2017-04-16T12:21:40.418-0700: 141424.678: Total time for which application threads were stopped: 0.0144004 seconds, Stopping threads took: 0.0001445 seconds
{Heap before GC invocations=13042 (full 18):
 par new generation   total 1800000K, used 1619732K [0x00000003ef600000, 0x0000000469720000, 0x0000000469720000)
  eden space 1600000K, 100% used [0x00000003ef600000, 0x0000000451080000, 0x0000000451080000)
  from space 200000K,   9% used [0x0000000451080000, 0x00000004523c50c8, 0x000000045d3d0000)
  to   space 200000K,   0% used [0x000000045d3d0000, 0x000000045d3d0000, 0x0000000469720000)
 concurrent mark-sweep generation total 14001024K, used 8665165K [0x0000000469720000, 0x00000007c0000000, 0x00000007c0000000)
 Metaspace       used 44937K, capacity 46232K, committed 46652K, reserved 1091584K
  class space    used 4916K, capacity 5189K, committed 5268K, reserved 1048576K
2017-04-16T12:21:53.134-0700: 141437.394: [GC (Allocation Failure) Before GC:
Statistics for BinaryTreeDictionary:
------------------------------------
Total Free Space: 154421502
Max   Chunk Size: 735089
Number of Blocks: 70977
Av.  Block  Size: 2175
Tree      Height: 110
2017-04-16T12:21:53.135-0700: 141437.394: [ParNew
Desired survivor size 102400000 bytes, new threshold 1 (max 1)
- age   1:    7414928 bytes,    7414928 total
: 1619732K->10713K(1800000K), 0.0208757 secs] 10284897K->8684511K(15801024K)After GC:
Statistics for BinaryTreeDictionary:
------------------------------------
Total Free Space: 154209977
Max   Chunk Size: 604015
Number of Blocks: 70957
Av.  Block  Size: 2173
Tree      Height: 110
, 0.0221613 secs] [Times: user=0.32 sys=0.00, real=0.02 secs] 
Heap after GC invocations=13043 (full 18):
 par new generation   total 1800000K, used 10713K [0x00000003ef600000, 0x0000000469720000, 0x0000000469720000)
  eden space 1600000K,   0% used [0x00000003ef600000, 0x00000003ef600000, 0x0000000451080000)
  from space 200000K,   5% used [0x000000045d3d0000, 0x000000045de46748, 0x0000000469720000)
  to   space 200000K,   0% used [0x0000000451080000, 0x0000000451080000, 0x000000045d3d0000)
 concurrent mark-sweep generation total 14001024K, used 8673797K [0x0000000469720000, 0x00000007c0000000, 0x00000007c0000000)
 Metaspace       used 44937K, capacity 46232K, committed 46652K, reserved 1091584K
  class space    used 4916K, capacity 5189K, committed 5268K, reserved 1048576K
}
2017-04-16T12:21:53.157-0700: 141437.416: Total time for which application threads were stopped: 0.0232524 seconds, Stopping threads took: 0.0001565 seconds
{Heap before GC invocations=13043 (full 18):
 par new generation   total 1800000K, used 1610713K [0x00000003ef600000, 0x0000000469720000, 0x0000000469720000)
  eden space 1600000K, 100% used [0x00000003ef600000, 0x0000000451080000, 0x0000000451080000)
  from space 200000K,   5% used [0x000000045d3d0000, 0x000000045de46748, 0x0000000469720000)
  to   space 200000K,   0% used [0x0000000451080000, 0x0000000451080000, 0x000000045d3d0000)
 concurrent mark-sweep generation total 14001024K, used 8673797K [0x0000000469720000, 0x00000007c0000000, 0x00000007c0000000)
 Metaspace       used 44937K, capacity 46232K, committed 46652K, reserved 1091584K
  class space    used 4916K, capacity 5189K, committed 5268K, reserved 1048576K
2017-04-16T12:22:06.321-0700: 141450.580: [GC (Allocation Failure) Before GC:
Statistics for BinaryTreeDictionary:
------------------------------------
Total Free Space: 154209977
Max   Chunk Size: 604015
Number of Blocks: 70957
Av.  Block  Size: 2173
Tree      Height: 110
2017-04-16T12:22:06.321-0700: 141450.581: [ParNew
Desired survivor size 102400000 bytes, new threshold 1 (max 1)
- age   1:    6488136 bytes,    6488136 total
: 1610713K->7140K(1800000K), 0.0119369 secs] 10284511K->8682012K(15801024K)After GC:
Statistics for BinaryTreeDictionary:
------------------------------------
Total Free Space: 154184698
Max   Chunk Size: 604015
Number of Blocks: 70939
Av.  Block  Size: 2173
Tree      Height: 110
, 0.0131809 secs] [Times: user=0.30 sys=0.00, real=0.02 secs] 
Heap after GC invocations=13044 (full 18):
 par new generation   total 1800000K, used 7140K [0x00000003ef600000, 0x0000000469720000, 0x0000000469720000)
  eden space 1600000K,   0% used [0x00000003ef600000, 0x00000003ef600000, 0x0000000451080000)
  from space 200000K,   3% used [0x0000000451080000, 0x00000004517790d8, 0x000000045d3d0000)
  to   space 200000K,   0% used [0x000000045d3d0000, 0x000000045d3d0000, 0x0000000469720000)
 concurrent mark-sweep generation total 14001024K, used 8674872K [0x0000000469720000, 0x00000007c0000000, 0x00000007c0000000)
 Metaspace       used 44937K, capacity 46232K, committed 46652K, reserved 1091584K
  class space    used 4916K, capacity 5189K, committed 5268K, reserved 1048576K
}
2017-04-16T12:22:06.334-0700: 141450.593: Total time for which application threads were stopped: 0.0142550 seconds, Stopping threads took: 0.0001467 seconds
2017-04-16T12:22:09.660-0700: 141453.919: Total time for which application threads were stopped: 0.0021380 seconds, Stopping threads took: 0.0001393 seconds
2017-04-16T12:22:11.503-0700: 141455.763: Total time for which application threads were stopped: 0.0009333 seconds, Stopping threads took: 0.0001809 seconds
{Heap before GC invocations=13044 (full 18):
 par new generation   total 1800000K, used 1607140K [0x00000003ef600000, 0x0000000469720000, 0x0000000469720000)
  eden space 1600000K, 100% used [0x00000003ef600000, 0x0000000451080000, 0x0000000451080000)
  from space 200000K,   3% used [0x0000000451080000, 0x00000004517790d8, 0x000000045d3d0000)
  to   space 200000K,   0% used [0x000000045d3d0000, 0x000000045d3d0000, 0x0000000469720000)
 concurrent mark-sweep generation total 14001024K, used 8674872K [0x0000000469720000, 0x00000007c0000000, 0x00000007c0000000)
 Metaspace       used 44937K, capacity 46232K, committed 46652K, reserved 1091584K
  class space    used 4916K, capacity 5189K, committed 5268K, reserved 1048576K
2017-04-16T12:22:16.989-0700: 141461.249: [GC (Allocation Failure) Before GC:
Statistics for BinaryTreeDictionary:
------------------------------------
Total Free Space: 154184698
Max   Chunk Size: 604015
Number of Blocks: 70939
Av.  Block  Size: 2173
Tree      Height: 110
2017-04-16T12:22:16.990-0700: 141461.249: [ParNew
Desired survivor size 102400000 bytes, new threshold 1 (max 1)
- age   1:    6345424 bytes,    6345424 total
: 1607140K->6668K(1800000K), 0.0120475 secs] 10282012K->8683385K(15801024K)After GC:
Statistics for BinaryTreeDictionary:
------------------------------------
Total Free Space: 154080956
Max   Chunk Size: 604015
Number of Blocks: 70925
Av.  Block  Size: 2172
Tree      Height: 110
, 0.0133026 secs] [Times: user=0.30 sys=0.00, real=0.01 secs] 
Heap after GC invocations=13045 (full 18):
 par new generation   total 1800000K, used 6668K [0x00000003ef600000, 0x0000000469720000, 0x0000000469720000)
  eden space 1600000K,   0% used [0x00000003ef600000, 0x00000003ef600000, 0x0000000451080000)
  from space 200000K,   3% used [0x000000045d3d0000, 0x000000045da53330, 0x0000000469720000)
  to   space 200000K,   0% used [0x0000000451080000, 0x0000000451080000, 0x000000045d3d0000)
 concurrent mark-sweep generation total 14001024K, used 8676717K [0x0000000469720000, 0x00000007c0000000, 0x00000007c0000000)
 Metaspace       used 44937K, capacity 46232K, committed 46652K, reserved 1091584K
  class space    used 4916K, capacity 5189K, committed 5268K, reserved 1048576K
}
2017-04-16T12:22:17.003-0700: 141461.262: Total time for which application threads were stopped: 0.0143921 seconds, Stopping threads took: 0.0001464 seconds
{Heap before GC invocations=13045 (full 18):
 par new generation   total 1800000K, used 1606668K [0x00000003ef600000, 0x0000000469720000, 0x0000000469720000)
  eden space 1600000K, 100% used [0x00000003ef600000, 0x0000000451080000, 0x0000000451080000)
  from space 200000K,   3% used [0x000000045d3d0000, 0x000000045da53330, 0x0000000469720000)
  to   space 200000K,   0% used [0x0000000451080000, 0x0000000451080000, 0x000000045d3d0000)
 concurrent mark-sweep generation total 14001024K, used 8676717K [0x0000000469720000, 0x00000007c0000000, 0x00000007c0000000)
 Metaspace       used 44937K, capacity 46232K, committed 46652K, reserved 1091584K
  class space    used 4916K, capacity 5189K, committed 5268K, reserved 1048576K
2017-04-16T12:22:30.219-0700: 141474.478: [GC (Allocation Failure) Before GC:
Statistics for BinaryTreeDictionary:
------------------------------------
Total Free Space: 154080956
Max   Chunk Size: 604015
Number of Blocks: 70925
Av.  Block  Size: 2172
Tree      Height: 110
2017-04-16T12:22:30.220-0700: 141474.479: [ParNew
Desired survivor size 102400000 bytes, new threshold 1 (max 1)
- age   1:    7259112 bytes,    7259112 total
: 1606668K->7591K(1800000K), 0.0118921 secs] 10283385K->8686010K(15801024K)After GC:
Statistics for BinaryTreeDictionary:
------------------------------------
Total Free Space: 153965963
Max   Chunk Size: 604015
Number of Blocks: 70872
Av.  Block  Size: 2172
Tree      Height: 110
, 0.0131316 secs] [Times: user=0.30 sys=0.00, real=0.01 secs] 
Heap after GC invocations=13046 (full 18):
 par new generation   total 1800000K, used 7591K [0x00000003ef600000, 0x0000000469720000, 0x0000000469720000)
  eden space 1600000K,   0% used [0x00000003ef600000, 0x00000003ef600000, 0x0000000451080000)
  from space 200000K,   3% used [0x0000000451080000, 0x00000004517e9da0, 0x000000045d3d0000)
  to   space 200000K,   0% used [0x000000045d3d0000, 0x000000045d3d0000, 0x0000000469720000)
 concurrent mark-sweep generation total 14001024K, used 8678419K [0x0000000469720000, 0x00000007c0000000, 0x00000007c0000000)
 Metaspace       used 44937K, capacity 46232K, committed 46652K, reserved 1091584K
  class space    used 4916K, capacity 5189K, committed 5268K, reserved 1048576K
}
2017-04-16T12:22:30.232-0700: 141474.492: Total time for which application threads were stopped: 0.0142443 seconds, Stopping threads took: 0.0001526 seconds
{Heap before GC invocations=13046 (full 18):
 par new generation   total 1800000K, used 1607591K [0x00000003ef600000, 0x0000000469720000, 0x0000000469720000)
  eden space 1600000K, 100% used [0x00000003ef600000, 0x0000000451080000, 0x0000000451080000)
  from space 200000K,   3% used [0x0000000451080000, 0x00000004517e9da0, 0x000000045d3d0000)
  to   space 200000K,   0% used [0x000000045d3d0000, 0x000000045d3d0000, 0x0000000469720000)
 concurrent mark-sweep generation total 14001024K, used 8678419K [0x0000000469720000, 0x00000007c0000000, 0x00000007c0000000)
 Metaspace       used 44937K, capacity 46232K, committed 46652K, reserved 1091584K
  class space    used 4916K, capacity 5189K, committed 5268K, reserved 1048576K
2017-04-16T12:22:43.719-0700: 141487.979: [GC (Allocation Failure) Before GC:
Statistics for BinaryTreeDictionary:
------------------------------------
Total Free Space: 153965963
Max   Chunk Size: 604015
Number of Blocks: 70872
Av.  Block  Size: 2172
Tree      Height: 110
2017-04-16T12:22:43.720-0700: 141487.979: [ParNew
Desired survivor size 102400000 bytes, new threshold 1 (max 1)
- age   1:    6407032 bytes,    6407032 total
: 1607591K->7066K(1800000K), 0.0118028 secs] 10286010K->8686957K(15801024K)After GC:
Statistics for BinaryTreeDictionary:
------------------------------------
Total Free Space: 153896088
Max   Chunk Size: 604015
Number of Blocks: 70861
Av.  Block  Size: 2171
Tree      Height: 110
, 0.0130891 secs] [Times: user=0.30 sys=0.00, real=0.01 secs] 
Heap after GC invocations=13047 (full 18):
 par new generation   total 1800000K, used 7066K [0x00000003ef600000, 0x0000000469720000, 0x0000000469720000)
  eden space 1600000K,   0% used [0x00000003ef600000, 0x00000003ef600000, 0x0000000451080000)
  from space 200000K,   3% used [0x000000045d3d0000, 0x000000045dab6a60, 0x0000000469720000)
  to   space 200000K,   0% used [0x0000000451080000, 0x0000000451080000, 0x000000045d3d0000)
 concurrent mark-sweep generation total 14001024K, used 8679891K [0x0000000469720000, 0x00000007c0000000, 0x00000007c0000000)
 Metaspace       used 44937K, capacity 46232K, committed 46652K, reserved 1091584K
  class space    used 4916K, capacity 5189K, committed 5268K, reserved 1048576K
}
2017-04-16T12:22:43.733-0700: 141487.992: Total time for which application threads were stopped: 0.0141665 seconds, Stopping threads took: 0.0001483 seconds
{Heap before GC invocations=13047 (full 18):
 par new generation   total 1800000K, used 1607066K [0x00000003ef600000, 0x0000000469720000, 0x0000000469720000)
  eden space 1600000K, 100% used [0x00000003ef600000, 0x0000000451080000, 0x0000000451080000)
  from space 200000K,   3% used [0x000000045d3d0000, 0x000000045dab6a60, 0x0000000469720000)
  to   space 200000K,   0% used [0x0000000451080000, 0x0000000451080000, 0x000000045d3d0000)
 concurrent mark-sweep generation total 14001024K, used 8679891K [0x0000000469720000, 0x00000007c0000000, 0x00000007c0000000)
 Metaspace       used 44937K, capacity 46232K, committed 46652K, reserved 1091584K
  class space    used 4916K, capacity 5189K, committed 5268K, reserved 1048576K
2017-04-16T12:22:57.167-0700: 141501.427: [GC (Allocation Failure) Before GC:
Statistics for BinaryTreeDictionary:
------------------------------------
Total Free Space: 153896088
Max   Chunk Size: 604015
Number of Blocks: 70861
Av.  Block  Size: 2171
Tree      Height: 110
2017-04-16T12:22:57.168-0700: 141501.427: [ParNew
Desired survivor size 102400000 bytes, new threshold 1 (max 1)
- age   1:    6042736 bytes,    6042736 total
: 1607066K->6250K(1800000K), 0.0119744 secs] 10286957K->8687532K(15801024K)After GC:
Statistics for BinaryTreeDictionary:
------------------------------------
Total Free Space: 153840406
Max   Chunk Size: 604015
Number of Blocks: 70846
Av.  Block  Size: 2171
Tree      Height: 110
, 0.0132175 secs] [Times: user=0.29 sys=0.00, real=0.02 secs] 
Heap after GC invocations=13048 (full 18):
 par new generation   total 1800000K, used 6250K [0x00000003ef600000, 0x0000000469720000, 0x0000000469720000)
  eden space 1600000K,   0% used [0x00000003ef600000, 0x00000003ef600000, 0x0000000451080000)
  from space 200000K,   3% used [0x0000000451080000, 0x000000045169a860, 0x000000045d3d0000)
  to   space 200000K,   0% used [0x000000045d3d0000, 0x000000045d3d0000, 0x0000000469720000)
 concurrent mark-sweep generation total 14001024K, used 8681282K [0x0000000469720000, 0x00000007c0000000, 0x00000007c0000000)
 Metaspace       used 44937K, capacity 46232K, committed 46652K, reserved 1091584K
  class space    used 4916K, capacity 5189K, committed 5268K, reserved 1048576K
}
2017-04-16T12:22:57.181-0700: 141501.440: Total time for which application threads were stopped: 0.0143191 seconds, Stopping threads took: 0.0001599 seconds
2017-04-16T12:23:09.051-0700: 141513.310: Total time for which application threads were stopped: 0.0021692 seconds, Stopping threads took: 0.0001439 seconds
2017-04-16T12:23:09.057-0700: 141513.316: Total time for which application threads were stopped: 0.0003965 seconds, Stopping threads took: 0.0000507 seconds
{Heap before GC invocations=13048 (full 18):
 par new generation   total 1800000K, used 1606250K [0x00000003ef600000, 0x0000000469720000, 0x0000000469720000)
  eden space 1600000K, 100% used [0x00000003ef600000, 0x0000000451080000, 0x0000000451080000)
  from space 200000K,   3% used [0x0000000451080000, 0x000000045169a860, 0x000000045d3d0000)
  to   space 200000K,   0% used [0x000000045d3d0000, 0x000000045d3d0000, 0x0000000469720000)
 concurrent mark-sweep generation total 14001024K, used 8681282K [0x0000000469720000, 0x00000007c0000000, 0x00000007c0000000)
 Metaspace       used 44937K, capacity 46232K, committed 46652K, reserved 1091584K
  class space    used 4916K, capacity 5189K, committed 5268K, reserved 1048576K
2017-04-16T12:23:10.858-0700: 141515.117: [GC (Allocation Failure) Before GC:
Statistics for BinaryTreeDictionary:
------------------------------------
Total Free Space: 153840406
Max   Chunk Size: 604015
Number of Blocks: 70846
Av.  Block  Size: 2171
Tree      Height: 110
2017-04-16T12:23:10.859-0700: 141515.118: [ParNew
Desired survivor size 102400000 bytes, new threshold 1 (max 1)
- age   1:    6064536 bytes,    6064536 total
: 1606250K->6402K(1800000K), 0.0119086 secs] 10287532K->8688965K(15801024K)After GC:
Statistics for BinaryTreeDictionary:
------------------------------------
Total Free Space: 153797082
Max   Chunk Size: 604015
Number of Blocks: 70824
Av.  Block  Size: 2171
Tree      Height: 110
, 0.0131627 secs] [Times: user=0.30 sys=0.00, real=0.01 secs] 
Heap after GC invocations=13049 (full 18):
 par new generation   total 1800000K, used 6402K [0x00000003ef600000, 0x0000000469720000, 0x0000000469720000)
  eden space 1600000K,   0% used [0x00000003ef600000, 0x00000003ef600000, 0x0000000451080000)
  from space 200000K,   3% used [0x000000045d3d0000, 0x000000045da10ae8, 0x0000000469720000)
  to   space 200000K,   0% used [0x0000000451080000, 0x0000000451080000, 0x000000045d3d0000)
 concurrent mark-sweep generation total 14001024K, used 8682562K [0x0000000469720000, 0x00000007c0000000, 0x00000007c0000000)
 Metaspace       used 44937K, capacity 46232K, committed 46652K, reserved 1091584K
  class space    used 4916K, capacity 5189K, committed 5268K, reserved 1048576K
}
2017-04-16T12:23:10.871-0700: 141515.131: Total time for which application threads were stopped: 0.0142461 seconds, Stopping threads took: 0.0001464 seconds
{Heap before GC invocations=13049 (full 18):
 par new generation   total 1800000K, used 1606402K [0x00000003ef600000, 0x0000000469720000, 0x0000000469720000)
  eden space 1600000K, 100% used [0x00000003ef600000, 0x0000000451080000, 0x0000000451080000)
  from space 200000K,   3% used [0x000000045d3d0000, 0x000000045da10ae8, 0x0000000469720000)
  to   space 200000K,   0% used [0x0000000451080000, 0x0000000451080000, 0x000000045d3d0000)
 concurrent mark-sweep generation total 14001024K, used 8682562K [0x0000000469720000, 0x00000007c0000000, 0x00000007c0000000)
 Metaspace       used 44937K, capacity 46232K, committed 46652K, reserved 1091584K
  class space    used 4916K, capacity 5189K, committed 5268K, reserved 1048576K
2017-04-16T12:23:24.470-0700: 141528.729: [GC (Allocation Failure) Before GC:
Statistics for BinaryTreeDictionary:
------------------------------------
Total Free Space: 153797082
Max   Chunk Size: 604015
Number of Blocks: 70824
Av.  Block  Size: 2171
Tree      Height: 110
2017-04-16T12:23:24.470-0700: 141528.730: [ParNew
Desired survivor size 102400000 bytes, new threshold 1 (max 1)
- age   1:    6258040 bytes,    6258040 total
: 1606402K->6602K(1800000K), 0.0118533 secs] 10288965K->8690476K(15801024K)After GC:
Statistics for BinaryTreeDictionary:
------------------------------------
Total Free Space: 153744576
Max   Chunk Size: 604015
Number of Blocks: 70779
Av.  Block  Size: 2172
Tree      Height: 110
, 0.0130986 secs] [Times: user=0.30 sys=0.00, real=0.01 secs] 
Heap after GC invocations=13050 (full 18):
 par new generation   total 1800000K, used 6602K [0x00000003ef600000, 0x0000000469720000, 0x0000000469720000)
  eden space 1600000K,   0% used [0x00000003ef600000, 0x00000003ef600000, 0x0000000451080000)
  from space 200000K,   3% used [0x0000000451080000, 0x00000004516f2990, 0x000000045d3d0000)
  to   space 200000K,   0% used [0x000000045d3d0000, 0x000000045d3d0000, 0x0000000469720000)
 concurrent mark-sweep generation total 14001024K, used 8683873K [0x0000000469720000, 0x00000007c0000000, 0x00000007c0000000)
 Metaspace       used 44937K, capacity 46232K, committed 46652K, reserved 1091584K
  class space    used 4916K, capacity 5189K, committed 5268K, reserved 1048576K
}
2017-04-16T12:23:24.483-0700: 141528.742: Total time for which application threads were stopped: 0.0141837 seconds, Stopping threads took: 0.0001426 seconds
{Heap before GC invocations=13050 (full 18):
 par new generation   total 1800000K, used 1606602K [0x00000003ef600000, 0x0000000469720000, 0x0000000469720000)
  eden space 1600000K, 100% used [0x00000003ef600000, 0x0000000451080000, 0x0000000451080000)
  from space 200000K,   3% used [0x0000000451080000, 0x00000004516f2990, 0x000000045d3d0000)
  to   space 200000K,   0% used [0x000000045d3d0000, 0x000000045d3d0000, 0x0000000469720000)
 concurrent mark-sweep generation total 14001024K, used 8683873K [0x0000000469720000, 0x00000007c0000000, 0x00000007c0000000)
 Metaspace       used 44937K, capacity 46232K, committed 46652K, reserved 1091584K
  class space    used 4916K, capacity 5189K, committed 5268K, reserved 1048576K
2017-04-16T12:23:37.660-0700: 141541.920: [GC (Allocation Failure) Before GC:
Statistics for BinaryTreeDictionary:
------------------------------------
Total Free Space: 153744576
Max   Chunk Size: 604015
Number of Blocks: 70779
Av.  Block  Size: 2172
Tree      Height: 110
2017-04-16T12:23:37.661-0700: 141541.920: [ParNew
Desired survivor size 102400000 bytes, new threshold 1 (max 1)
- age   1:    6286256 bytes,    6286256 total
: 1606602K->6822K(1800000K), 0.0117959 secs] 10290476K->8691676K(15801024K)After GC:
Statistics for BinaryTreeDictionary:
------------------------------------
Total Free Space: 153737181
Max   Chunk Size: 604015
Number of Blocks: 70762
Av.  Block  Size: 2172
Tree      Height: 110
, 0.0130591 secs] [Times: user=0.29 sys=0.00, real=0.01 secs] 
Heap after GC invocations=13051 (full 18):
 par new generation   total 1800000K, used 6822K [0x00000003ef600000, 0x0000000469720000, 0x0000000469720000)
  eden space 1600000K,   0% used [0x00000003ef600000, 0x00000003ef600000, 0x0000000451080000)
  from space 200000K,   3% used [0x000000045d3d0000, 0x000000045da79830, 0x0000000469720000)
  to   space 200000K,   0% used [0x0000000451080000, 0x0000000451080000, 0x000000045d3d0000)
 concurrent mark-sweep generation total 14001024K, used 8684854K [0x0000000469720000, 0x00000007c0000000, 0x00000007c0000000)
 Metaspace       used 44937K, capacity 46232K, committed 46652K, reserved 1091584K
  class space    used 4916K, capacity 5189K, committed 5268K, reserved 1048576K
}
2017-04-16T12:23:37.674-0700: 141541.933: Total time for which application threads were stopped: 0.0141346 seconds, Stopping threads took: 0.0001493 seconds
2017-04-16T12:23:39.633-0700: 141543.892: Total time for which application threads were stopped: 0.0021972 seconds, Stopping threads took: 0.0001430 seconds
{Heap before GC invocations=13051 (full 18):
 par new generation   total 1800000K, used 1606822K [0x00000003ef600000, 0x0000000469720000, 0x0000000469720000)
  eden space 1600000K, 100% used [0x00000003ef600000, 0x0000000451080000, 0x0000000451080000)
  from space 200000K,   3% used [0x000000045d3d0000, 0x000000045da79830, 0x0000000469720000)
  to   space 200000K,   0% used [0x0000000451080000, 0x0000000451080000, 0x000000045d3d0000)
 concurrent mark-sweep generation total 14001024K, used 8684854K [0x0000000469720000, 0x00000007c0000000, 0x00000007c0000000)
 Metaspace       used 44937K, capacity 46232K, committed 46652K, reserved 1091584K
  class space    used 4916K, capacity 5189K, committed 5268K, reserved 1048576K
2017-04-16T12:23:48.565-0700: 141552.825: [GC (Allocation Failure) Before GC:
Statistics for BinaryTreeDictionary:
------------------------------------
Total Free Space: 153737181
Max   Chunk Size: 604015
Number of Blocks: 70762
Av.  Block  Size: 2172
Tree      Height: 110
2017-04-16T12:23:48.566-0700: 141552.825: [ParNew
Desired survivor size 102400000 bytes, new threshold 1 (max 1)
- age   1:    6398192 bytes,    6398192 total
: 1606822K->6848K(1800000K), 0.0119103 secs] 10291676K->8693199K(15801024K)After GC:
Statistics for BinaryTreeDictionary:
------------------------------------
Total Free Space: 153679449
Max   Chunk Size: 604015
Number of Blocks: 70741
Av.  Block  Size: 2172
Tree      Height: 110
, 0.0131798 secs] [Times: user=0.29 sys=0.00, real=0.02 secs] 
Heap after GC invocations=13052 (full 18):
 par new generation   total 1800000K, used 6848K [0x00000003ef600000, 0x0000000469720000, 0x0000000469720000)
  eden space 1600000K,   0% used [0x00000003ef600000, 0x00000003ef600000, 0x0000000451080000)
  from space 200000K,   3% used [0x0000000451080000, 0x00000004517303e0, 0x000000045d3d0000)
  to   space 200000K,   0% used [0x000000045d3d0000, 0x000000045d3d0000, 0x0000000469720000)
 concurrent mark-sweep generation total 14001024K, used 8686350K [0x0000000469720000, 0x00000007c0000000, 0x00000007c0000000)
 Metaspace       used 44937K, capacity 46232K, committed 46652K, reserved 1091584K
  class space    used 4916K, capacity 5189K, committed 5268K, reserved 1048576K
}
2017-04-16T12:23:48.579-0700: 141552.838: Total time for which application threads were stopped: 0.0142761 seconds, Stopping threads took: 0.0001500 seconds
{Heap before GC invocations=13052 (full 18):
 par new generation   total 1800000K, used 1606848K [0x00000003ef600000, 0x0000000469720000, 0x0000000469720000)
  eden space 1600000K, 100% used [0x00000003ef600000, 0x0000000451080000, 0x0000000451080000)
  from space 200000K,   3% used [0x0000000451080000, 0x00000004517303e0, 0x000000045d3d0000)
  to   space 200000K,   0% used [0x000000045d3d0000, 0x000000045d3d0000, 0x0000000469720000)
 concurrent mark-sweep generation total 14001024K, used 8686350K [0x0000000469720000, 0x00000007c0000000, 0x00000007c0000000)
 Metaspace       used 44937K, capacity 46232K, committed 46652K, reserved 1091584K
  class space    used 4916K, capacity 5189K, committed 5268K, reserved 1048576K
2017-04-16T12:24:01.925-0700: 141566.185: [GC (Allocation Failure) Before GC:
Statistics for BinaryTreeDictionary:
------------------------------------
Total Free Space: 153679449
Max   Chunk Size: 604015
Number of Blocks: 70741
Av.  Block  Size: 2172
Tree      Height: 110
2017-04-16T12:24:01.926-0700: 141566.185: [ParNew
Desired survivor size 102400000 bytes, new threshold 1 (max 1)
- age   1:    6221040 bytes,    6221040 total
: 1606848K->6619K(1800000K), 0.0118697 secs] 10293199K->8694559K(15801024K)After GC:
Statistics for BinaryTreeDictionary:
------------------------------------
Total Free Space: 153571062
Max   Chunk Size: 604015
Number of Blocks: 70698
Av.  Block  Size: 2172
Tree      Height: 110
, 0.0131422 secs] [Times: user=0.30 sys=0.00, real=0.01 secs] 
Heap after GC invocations=13053 (full 18):
 par new generation   total 1800000K, used 6619K [0x00000003ef600000, 0x0000000469720000, 0x0000000469720000)
  eden space 1600000K,   0% used [0x00000003ef600000, 0x00000003ef600000, 0x0000000451080000)
  from space 200000K,   3% used [0x000000045d3d0000, 0x000000045da46fb8, 0x0000000469720000)
  to   space 200000K,   0% used [0x0000000451080000, 0x0000000451080000, 0x000000045d3d0000)
 concurrent mark-sweep generation total 14001024K, used 8687939K [0x0000000469720000, 0x00000007c0000000, 0x00000007c0000000)
 Metaspace       used 44937K, capacity 46232K, committed 46652K, reserved 1091584K
  class space    used 4916K, capacity 5189K, committed 5268K, reserved 1048576K
}
2017-04-16T12:24:01.939-0700: 141566.198: Total time for which application threads were stopped: 0.0142531 seconds, Stopping threads took: 0.0001584 seconds
{Heap before GC invocations=13053 (full 18):
 par new generation   total 1800000K, used 1606619K [0x00000003ef600000, 0x0000000469720000, 0x0000000469720000)
  eden space 1600000K, 100% used [0x00000003ef600000, 0x0000000451080000, 0x0000000451080000)
  from space 200000K,   3% used [0x000000045d3d0000, 0x000000045da46fb8, 0x0000000469720000)
  to   space 200000K,   0% used [0x0000000451080000, 0x0000000451080000, 0x000000045d3d0000)
 concurrent mark-sweep generation total 14001024K, used 8687939K [0x0000000469720000, 0x00000007c0000000, 0x00000007c0000000)
 Metaspace       used 44937K, capacity 46232K, committed 46652K, reserved 1091584K
  class space    used 4916K, capacity 5189K, committed 5268K, reserved 1048576K
2017-04-16T12:24:15.936-0700: 141580.195: [GC (Allocation Failure) Before GC:
Statistics for BinaryTreeDictionary:
------------------------------------
Total Free Space: 153571062
Max   Chunk Size: 604015
Number of Blocks: 70698
Av.  Block  Size: 2172
Tree      Height: 110
2017-04-16T12:24:15.937-0700: 141580.196: [ParNew
Desired survivor size 102400000 bytes, new threshold 1 (max 1)
- age   1:    5911048 bytes,    5911048 total
: 1606619K->6366K(1800000K), 0.0125438 secs] 10294559K->8695827K(15801024K)After GC:
Statistics for BinaryTreeDictionary:
------------------------------------
Total Free Space: 153513713
Max   Chunk Size: 604015
Number of Blocks: 70678
Av.  Block  Size: 2172
Tree      Height: 110
, 0.0138155 secs] [Times: user=0.31 sys=0.00, real=0.01 secs] 
Heap after GC invocations=13054 (full 18):
 par new generation   total 1800000K, used 6366K [0x00000003ef600000, 0x0000000469720000, 0x0000000469720000)
  eden space 1600000K,   0% used [0x00000003ef600000, 0x00000003ef600000, 0x0000000451080000)
  from space 200000K,   3% used [0x0000000451080000, 0x00000004516b7810, 0x000000045d3d0000)
  to   space 200000K,   0% used [0x000000045d3d0000, 0x000000045d3d0000, 0x0000000469720000)
 concurrent mark-sweep generation total 14001024K, used 8689461K [0x0000000469720000, 0x00000007c0000000, 0x00000007c0000000)
 Metaspace       used 44937K, capacity 46232K, committed 46652K, reserved 1091584K
  class space    used 4916K, capacity 5189K, committed 5268K, reserved 1048576K
}
2017-04-16T12:24:15.950-0700: 141580.209: Total time for which application threads were stopped: 0.0149084 seconds, Stopping threads took: 0.0001410 seconds
{Heap before GC invocations=13054 (full 18):
 par new generation   total 1800000K, used 1606366K [0x00000003ef600000, 0x0000000469720000, 0x0000000469720000)
  eden space 1600000K, 100% used [0x00000003ef600000, 0x0000000451080000, 0x0000000451080000)
  from space 200000K,   3% used [0x0000000451080000, 0x00000004516b7810, 0x000000045d3d0000)
  to   space 200000K,   0% used [0x000000045d3d0000, 0x000000045d3d0000, 0x0000000469720000)
 concurrent mark-sweep generation total 14001024K, used 8689461K [0x0000000469720000, 0x00000007c0000000, 0x00000007c0000000)
 Metaspace       used 44937K, capacity 46232K, committed 46652K, reserved 1091584K
  class space    used 4916K, capacity 5189K, committed 5268K, reserved 1048576K
2017-04-16T12:24:29.530-0700: 141593.789: [GC (Allocation Failure) Before GC:
Statistics for BinaryTreeDictionary:
------------------------------------
Total Free Space: 153513713
Max   Chunk Size: 604015
Number of Blocks: 70678
Av.  Block  Size: 2172
Tree      Height: 110
2017-04-16T12:24:29.530-0700: 141593.790: [ParNew
Desired survivor size 102400000 bytes, new threshold 1 (max 1)
- age   1:    7019920 bytes,    7019920 total
: 1606366K->7498K(1800000K), 0.0118261 secs] 10295827K->8698040K(15801024K)After GC:
Statistics for BinaryTreeDictionary:
------------------------------------
Total Free Space: 153499573
Max   Chunk Size: 604015
Number of Blocks: 70644
Av.  Block  Size: 2172
Tree      Height: 110
, 0.0130902 secs] [Times: user=0.28 sys=0.00, real=0.01 secs] 
Heap after GC invocations=13055 (full 18):
 par new generation   total 1800000K, used 7498K [0x00000003ef600000, 0x0000000469720000, 0x0000000469720000)
  eden space 1600000K,   0% used [0x00000003ef600000, 0x00000003ef600000, 0x0000000451080000)
  from space 200000K,   3% used [0x000000045d3d0000, 0x000000045db22b78, 0x0000000469720000)
  to   space 200000K,   0% used [0x0000000451080000, 0x0000000451080000, 0x000000045d3d0000)
 concurrent mark-sweep generation total 14001024K, used 8690541K [0x0000000469720000, 0x00000007c0000000, 0x00000007c0000000)
 Metaspace       used 44937K, capacity 46232K, committed 46652K, reserved 1091584K
  class space    used 4916K, capacity 5189K, committed 5268K, reserved 1048576K
}
2017-04-16T12:24:29.543-0700: 141593.802: Total time for which application threads were stopped: 0.0141798 seconds, Stopping threads took: 0.0001454 seconds
{Heap before GC invocations=13055 (full 18):
 par new generation   total 1800000K, used 1607498K [0x00000003ef600000, 0x0000000469720000, 0x0000000469720000)
  eden space 1600000K, 100% used [0x00000003ef600000, 0x0000000451080000, 0x0000000451080000)
  from space 200000K,   3% used [0x000000045d3d0000, 0x000000045db22b78, 0x0000000469720000)
  to   space 200000K,   0% used [0x0000000451080000, 0x0000000451080000, 0x000000045d3d0000)
 concurrent mark-sweep generation total 14001024K, used 8690541K [0x0000000469720000, 0x00000007c0000000, 0x00000007c0000000)
 Metaspace       used 44937K, capacity 46232K, committed 46652K, reserved 1091584K
  class space    used 4916K, capacity 5189K, committed 5268K, reserved 1048576K
2017-04-16T12:24:42.439-0700: 141606.698: [GC (Allocation Failure) Before GC:
Statistics for BinaryTreeDictionary:
------------------------------------
Total Free Space: 153499573
Max   Chunk Size: 604015
Number of Blocks: 70644
Av.  Block  Size: 2172
Tree      Height: 110
2017-04-16T12:24:42.439-0700: 141606.699: [ParNew
Desired survivor size 102400000 bytes, new threshold 1 (max 1)
- age   1:    6581552 bytes,    6581552 total
: 1607498K->6982K(1800000K), 0.0119981 secs] 10298040K->8698988K(15801024K)After GC:
Statistics for BinaryTreeDictionary:
------------------------------------
Total Free Space: 153439528
Max   Chunk Size: 604015
Number of Blocks: 70618
Av.  Block  Size: 2172
Tree      Height: 110
, 0.0132588 secs] [Times: user=0.30 sys=0.00, real=0.01 secs] 
Heap after GC invocations=13056 (full 18):
 par new generation   total 1800000K, used 6982K [0x00000003ef600000, 0x0000000469720000, 0x0000000469720000)
  eden space 1600000K,   0% used [0x00000003ef600000, 0x00000003ef600000, 0x0000000451080000)
  from space 200000K,   3% used [0x0000000451080000, 0x0000000451751ae0, 0x000000045d3d0000)
  to   space 200000K,   0% used [0x000000045d3d0000, 0x000000045d3d0000, 0x0000000469720000)
 concurrent mark-sweep generation total 14001024K, used 8692005K [0x0000000469720000, 0x00000007c0000000, 0x00000007c0000000)
 Metaspace       used 44937K, capacity 46232K, committed 46652K, reserved 1091584K
  class space    used 4916K, capacity 5189K, committed 5268K, reserved 1048576K
}
2017-04-16T12:24:42.452-0700: 141606.712: Total time for which application threads were stopped: 0.0143411 seconds, Stopping threads took: 0.0001442 seconds
{Heap before GC invocations=13056 (full 18):
 par new generation   total 1800000K, used 1606982K [0x00000003ef600000, 0x0000000469720000, 0x0000000469720000)
  eden space 1600000K, 100% used [0x00000003ef600000, 0x0000000451080000, 0x0000000451080000)
  from space 200000K,   3% used [0x0000000451080000, 0x0000000451751ae0, 0x000000045d3d0000)
  to   space 200000K,   0% used [0x000000045d3d0000, 0x000000045d3d0000, 0x0000000469720000)
 concurrent mark-sweep generation total 14001024K, used 8692005K [0x0000000469720000, 0x00000007c0000000, 0x00000007c0000000)
 Metaspace       used 44937K, capacity 46232K, committed 46652K, reserved 1091584K
  class space    used 4916K, capacity 5189K, committed 5268K, reserved 1048576K
2017-04-16T12:24:55.450-0700: 141619.710: [GC (Allocation Failure) Before GC:
Statistics for BinaryTreeDictionary:
------------------------------------
Total Free Space: 153439528
Max   Chunk Size: 604015
Number of Blocks: 70618
Av.  Block  Size: 2172
Tree      Height: 110
2017-04-16T12:24:55.451-0700: 141619.710: [ParNew
Desired survivor size 102400000 bytes, new threshold 1 (max 1)
- age   1:    7343632 bytes,    7343632 total
: 1606982K->7632K(1800000K), 0.0119511 secs] 10298988K->8700805K(15801024K)After GC:
Statistics for BinaryTreeDictionary:
------------------------------------
Total Free Space: 153405165
Max   Chunk Size: 604015
Number of Blocks: 70581
Av.  Block  Size: 2173
Tree      Height: 110
, 0.0132299 secs] [Times: user=0.30 sys=0.00, real=0.01 secs] 
Heap after GC invocations=13057 (full 18):
 par new generation   total 1800000K, used 7632K [0x00000003ef600000, 0x0000000469720000, 0x0000000469720000)
  eden space 1600000K,   0% used [0x00000003ef600000, 0x00000003ef600000, 0x0000000451080000)
  from space 200000K,   3% used [0x000000045d3d0000, 0x000000045db442a8, 0x0000000469720000)
  to   space 200000K,   0% used [0x0000000451080000, 0x0000000451080000, 0x000000045d3d0000)
 concurrent mark-sweep generation total 14001024K, used 8693172K [0x0000000469720000, 0x00000007c0000000, 0x00000007c0000000)
 Metaspace       used 44937K, capacity 46232K, committed 46652K, reserved 1091584K
  class space    used 4916K, capacity 5189K, committed 5268K, reserved 1048576K
}
2017-04-16T12:24:55.464-0700: 141619.723: Total time for which application threads were stopped: 0.0143361 seconds, Stopping threads took: 0.0001703 seconds
{Heap before GC invocations=13057 (full 18):
 par new generation   total 1800000K, used 1607632K [0x00000003ef600000, 0x0000000469720000, 0x0000000469720000)
  eden space 1600000K, 100% used [0x00000003ef600000, 0x0000000451080000, 0x0000000451080000)
  from space 200000K,   3% used [0x000000045d3d0000, 0x000000045db442a8, 0x0000000469720000)
  to   space 200000K,   0% used [0x0000000451080000, 0x0000000451080000, 0x000000045d3d0000)
 concurrent mark-sweep generation total 14001024K, used 8693172K [0x0000000469720000, 0x00000007c0000000, 0x00000007c0000000)
 Metaspace       used 44937K, capacity 46232K, committed 46652K, reserved 1091584K
  class space    used 4916K, capacity 5189K, committed 5268K, reserved 1048576K
2017-04-16T12:25:08.404-0700: 141632.663: [GC (Allocation Failure) Before GC:
Statistics for BinaryTreeDictionary:
------------------------------------
Total Free Space: 153405165
Max   Chunk Size: 604015
Number of Blocks: 70581
Av.  Block  Size: 2173
Tree      Height: 110
2017-04-16T12:25:08.404-0700: 141632.664: [ParNew
Desired survivor size 102400000 bytes, new threshold 1 (max 1)
- age   1:    6948384 bytes,    6948384 total
: 1607632K->7845K(1800000K), 0.0121674 secs] 10300805K->8703056K(15801024K)After GC:
Statistics for BinaryTreeDictionary:
------------------------------------
Total Free Space: 153332333
Max   Chunk Size: 604015
Number of Blocks: 70564
Av.  Block  Size: 2172
Tree      Height: 110
, 0.0134186 secs] [Times: user=0.30 sys=0.00, real=0.01 secs] 
Heap after GC invocations=13058 (full 18):
 par new generation   total 1800000K, used 7845K [0x00000003ef600000, 0x0000000469720000, 0x0000000469720000)
  eden space 1600000K,   0% used [0x00000003ef600000, 0x00000003ef600000, 0x0000000451080000)
  from space 200000K,   3% used [0x0000000451080000, 0x0000000451829450, 0x000000045d3d0000)
  to   space 200000K,   0% used [0x000000045d3d0000, 0x000000045d3d0000, 0x0000000469720000)
 concurrent mark-sweep generation total 14001024K, used 8695211K [0x0000000469720000, 0x00000007c0000000, 0x00000007c0000000)
 Metaspace       used 44937K, capacity 46232K, committed 46652K, reserved 1091584K
  class space    used 4916K, capacity 5189K, committed 5268K, reserved 1048576K
}
2017-04-16T12:25:08.417-0700: 141632.677: Total time for which application threads were stopped: 0.0145621 seconds, Stopping threads took: 0.0001636 seconds
2017-04-16T12:25:09.627-0700: 141633.887: Total time for which application threads were stopped: 0.0021833 seconds, Stopping threads took: 0.0001437 seconds
{Heap before GC invocations=13058 (full 18):
 par new generation   total 1800000K, used 1607845K [0x00000003ef600000, 0x0000000469720000, 0x0000000469720000)
  eden space 1600000K, 100% used [0x00000003ef600000, 0x0000000451080000, 0x0000000451080000)
  from space 200000K,   3% used [0x0000000451080000, 0x0000000451829450, 0x000000045d3d0000)
  to   space 200000K,   0% used [0x000000045d3d0000, 0x000000045d3d0000, 0x0000000469720000)
 concurrent mark-sweep generation total 14001024K, used 8695211K [0x0000000469720000, 0x00000007c0000000, 0x00000007c0000000)
 Metaspace       used 44937K, capacity 46232K, committed 46652K, reserved 1091584K
  class space    used 4916K, capacity 5189K, committed 5268K, reserved 1048576K
2017-04-16T12:25:19.290-0700: 141643.550: [GC (Allocation Failure) Before GC:
Statistics for BinaryTreeDictionary:
------------------------------------
Total Free Space: 153332333
Max   Chunk Size: 604015
Number of Blocks: 70564
Av.  Block  Size: 2172
Tree      Height: 110
2017-04-16T12:25:19.291-0700: 141643.550: [ParNew
Desired survivor size 102400000 bytes, new threshold 1 (max 1)
- age   1:    6533664 bytes,    6533664 total
: 1607845K->7374K(1800000K), 0.0121774 secs] 10303056K->8703729K(15801024K)After GC:
Statistics for BinaryTreeDictionary:
------------------------------------
Total Free Space: 153317789
Max   Chunk Size: 604015
Number of Blocks: 70528
Av.  Block  Size: 2173
Tree      Height: 110
, 0.0134814 secs] [Times: user=0.30 sys=0.00, real=0.02 secs] 
Heap after GC invocations=13059 (full 18):
 par new generation   total 1800000K, used 7374K [0x00000003ef600000, 0x0000000469720000, 0x0000000469720000)
  eden space 1600000K,   0% used [0x00000003ef600000, 0x00000003ef600000, 0x0000000451080000)
  from space 200000K,   3% used [0x000000045d3d0000, 0x000000045db03b28, 0x0000000469720000)
  to   space 200000K,   0% used [0x0000000451080000, 0x0000000451080000, 0x000000045d3d0000)
 concurrent mark-sweep generation total 14001024K, used 8696354K [0x0000000469720000, 0x00000007c0000000, 0x00000007c0000000)
 Metaspace       used 44937K, capacity 46232K, committed 46652K, reserved 1091584K
  class space    used 4916K, capacity 5189K, committed 5268K, reserved 1048576K
}
2017-04-16T12:25:19.304-0700: 141643.563: Total time for which application threads were stopped: 0.0145814 seconds, Stopping threads took: 0.0001610 seconds
{Heap before GC invocations=13059 (full 18):
 par new generation   total 1800000K, used 1607374K [0x00000003ef600000, 0x0000000469720000, 0x0000000469720000)
  eden space 1600000K, 100% used [0x00000003ef600000, 0x0000000451080000, 0x0000000451080000)
  from space 200000K,   3% used [0x000000045d3d0000, 0x000000045db03b28, 0x0000000469720000)
  to   space 200000K,   0% used [0x0000000451080000, 0x0000000451080000, 0x000000045d3d0000)
 concurrent mark-sweep generation total 14001024K, used 8696354K [0x0000000469720000, 0x00000007c0000000, 0x00000007c0000000)
 Metaspace       used 44937K, capacity 46232K, committed 46652K, reserved 1091584K
  class space    used 4916K, capacity 5189K, committed 5268K, reserved 1048576K
2017-04-16T12:25:32.516-0700: 141656.775: [GC (Allocation Failure) Before GC:
Statistics for BinaryTreeDictionary:
------------------------------------
Total Free Space: 153317789
Max   Chunk Size: 604015
Number of Blocks: 70528
Av.  Block  Size: 2173
Tree      Height: 110
2017-04-16T12:25:32.516-0700: 141656.776: [ParNew
Desired survivor size 102400000 bytes, new threshold 1 (max 1)
- age   1:    5917336 bytes,    5917336 total
: 1607374K->6371K(1800000K), 0.0121928 secs] 10303729K->8704524K(15801024K)After GC:
Statistics for BinaryTreeDictionary:
------------------------------------
Total Free Space: 153217241
Max   Chunk Size: 604015
Number of Blocks: 70464
Av.  Block  Size: 2174
Tree      Height: 110
, 0.0134552 secs] [Times: user=0.30 sys=0.00, real=0.01 secs] 
Heap after GC invocations=13060 (full 18):
 par new generation   total 1800000K, used 6371K [0x00000003ef600000, 0x0000000469720000, 0x0000000469720000)
  eden space 1600000K,   0% used [0x00000003ef600000, 0x00000003ef600000, 0x0000000451080000)
  from space 200000K,   3% used [0x0000000451080000, 0x00000004516b8ed0, 0x000000045d3d0000)
  to   space 200000K,   0% used [0x000000045d3d0000, 0x000000045d3d0000, 0x0000000469720000)
 concurrent mark-sweep generation total 14001024K, used 8698153K [0x0000000469720000, 0x00000007c0000000, 0x00000007c0000000)
 Metaspace       used 44937K, capacity 46232K, committed 46652K, reserved 1091584K
  class space    used 4916K, capacity 5189K, committed 5268K, reserved 1048576K
}
2017-04-16T12:25:32.529-0700: 141656.789: Total time for which application threads were stopped: 0.0145412 seconds, Stopping threads took: 0.0001470 seconds
{Heap before GC invocations=13060 (full 18):
 par new generation   total 1800000K, used 1606371K [0x00000003ef600000, 0x0000000469720000, 0x0000000469720000)
  eden space 1600000K, 100% used [0x00000003ef600000, 0x0000000451080000, 0x0000000451080000)
  from space 200000K,   3% used [0x0000000451080000, 0x00000004516b8ed0, 0x000000045d3d0000)
  to   space 200000K,   0% used [0x000000045d3d0000, 0x000000045d3d0000, 0x0000000469720000)
 concurrent mark-sweep generation total 14001024K, used 8698153K [0x0000000469720000, 0x00000007c0000000, 0x00000007c0000000)
 Metaspace       used 44937K, capacity 46232K, committed 46652K, reserved 1091584K
  class space    used 4916K, capacity 5189K, committed 5268K, reserved 1048576K
2017-04-16T12:25:45.373-0700: 141669.633: [GC (Allocation Failure) Before GC:
Statistics for BinaryTreeDictionary:
------------------------------------
Total Free Space: 153217241
Max   Chunk Size: 604015
Number of Blocks: 70464
Av.  Block  Size: 2174
Tree      Height: 110
2017-04-16T12:25:45.374-0700: 141669.633: [ParNew
Desired survivor size 102400000 bytes, new threshold 1 (max 1)
- age   1:    7124400 bytes,    7124400 total
: 1606371K->7539K(1800000K), 0.0126648 secs] 10304524K->8707250K(15801024K)After GC:
Statistics for BinaryTreeDictionary:
------------------------------------
Total Free Space: 153152340
Max   Chunk Size: 604015
Number of Blocks: 70428
Av.  Block  Size: 2174
Tree      Height: 110
, 0.0139429 secs] [Times: user=0.32 sys=0.00, real=0.02 secs] 
Heap after GC invocations=13061 (full 18):
 par new generation   total 1800000K, used 7539K [0x00000003ef600000, 0x0000000469720000, 0x0000000469720000)
  eden space 1600000K,   0% used [0x00000003ef600000, 0x00000003ef600000, 0x0000000451080000)
  from space 200000K,   3% used [0x000000045d3d0000, 0x000000045db2ce40, 0x0000000469720000)
  to   space 200000K,   0% used [0x0000000451080000, 0x0000000451080000, 0x000000045d3d0000)
 concurrent mark-sweep generation total 14001024K, used 8699710K [0x0000000469720000, 0x00000007c0000000, 0x00000007c0000000)
 Metaspace       used 44937K, capacity 46232K, committed 46652K, reserved 1091584K
  class space    used 4916K, capacity 5189K, committed 5268K, reserved 1048576K
}
2017-04-16T12:25:45.387-0700: 141669.647: Total time for which application threads were stopped: 0.0150314 seconds, Stopping threads took: 0.0001527 seconds
2017-04-16T12:25:54.457-0700: 141678.717: Total time for which application threads were stopped: 0.0009167 seconds, Stopping threads took: 0.0001449 seconds
{Heap before GC invocations=13061 (full 18):
 par new generation   total 1800000K, used 1607539K [0x00000003ef600000, 0x0000000469720000, 0x0000000469720000)
  eden space 1600000K, 100% used [0x00000003ef600000, 0x0000000451080000, 0x0000000451080000)
  from space 200000K,   3% used [0x000000045d3d0000, 0x000000045db2ce40, 0x0000000469720000)
  to   space 200000K,   0% used [0x0000000451080000, 0x0000000451080000, 0x000000045d3d0000)
 concurrent mark-sweep generation total 14001024K, used 8699710K [0x0000000469720000, 0x00000007c0000000, 0x00000007c0000000)
 Metaspace       used 44937K, capacity 46232K, committed 46652K, reserved 1091584K
  class space    used 4916K, capacity 5189K, committed 5268K, reserved 1048576K
2017-04-16T12:25:58.753-0700: 141683.012: [GC (Allocation Failure) Before GC:
Statistics for BinaryTreeDictionary:
------------------------------------
Total Free Space: 153152340
Max   Chunk Size: 604015
Number of Blocks: 70428
Av.  Block  Size: 2174
Tree      Height: 110
2017-04-16T12:25:58.753-0700: 141683.012: [ParNew
Desired survivor size 102400000 bytes, new threshold 1 (max 1)
- age   1:    6841496 bytes,    6841496 total
: 1607539K->7349K(1800000K), 0.0122993 secs] 10307250K->8708630K(15801024K)After GC:
Statistics for BinaryTreeDictionary:
------------------------------------
Total Free Space: 153127541
Max   Chunk Size: 604015
Number of Blocks: 70412
Av.  Block  Size: 2174
Tree      Height: 110
, 0.0135526 secs] [Times: user=0.30 sys=0.00, real=0.01 secs] 
Heap after GC invocations=13062 (full 18):
 par new generation   total 1800000K, used 7349K [0x00000003ef600000, 0x0000000469720000, 0x0000000469720000)
  eden space 1600000K,   0% used [0x00000003ef600000, 0x00000003ef600000, 0x0000000451080000)
  from space 200000K,   3% used [0x0000000451080000, 0x00000004517ad450, 0x000000045d3d0000)
  to   space 200000K,   0% used [0x000000045d3d0000, 0x000000045d3d0000, 0x0000000469720000)
 concurrent mark-sweep generation total 14001024K, used 8701281K [0x0000000469720000, 0x00000007c0000000, 0x00000007c0000000)
 Metaspace       used 44937K, capacity 46232K, committed 46652K, reserved 1091584K
  class space    used 4916K, capacity 5189K, committed 5268K, reserved 1048576K
}
2017-04-16T12:25:58.766-0700: 141683.026: Total time for which application threads were stopped: 0.0146483 seconds, Stopping threads took: 0.0001488 seconds
2017-04-16T12:26:09.129-0700: 141693.388: Total time for which application threads were stopped: 0.0021586 seconds, Stopping threads took: 0.0001492 seconds
{Heap before GC invocations=13062 (full 18):
 par new generation   total 1800000K, used 1607349K [0x00000003ef600000, 0x0000000469720000, 0x0000000469720000)
  eden space 1600000K, 100% used [0x00000003ef600000, 0x0000000451080000, 0x0000000451080000)
  from space 200000K,   3% used [0x0000000451080000, 0x00000004517ad450, 0x000000045d3d0000)
  to   space 200000K,   0% used [0x000000045d3d0000, 0x000000045d3d0000, 0x0000000469720000)
 concurrent mark-sweep generation total 14001024K, used 8701281K [0x0000000469720000, 0x00000007c0000000, 0x00000007c0000000)
 Metaspace       used 44937K, capacity 46232K, committed 46652K, reserved 1091584K
  class space    used 4916K, capacity 5189K, committed 5268K, reserved 1048576K
2017-04-16T12:26:11.407-0700: 141695.667: [GC (Allocation Failure) Before GC:
Statistics for BinaryTreeDictionary:
------------------------------------
Total Free Space: 153127541
Max   Chunk Size: 604015
Number of Blocks: 70412
Av.  Block  Size: 2174
Tree      Height: 110
2017-04-16T12:26:11.408-0700: 141695.667: [ParNew
Desired survivor size 102400000 bytes, new threshold 1 (max 1)
- age   1:    6277008 bytes,    6277008 total
: 1607349K->6835K(1800000K), 0.0121604 secs] 10308630K->8709798K(15801024K)After GC:
Statistics for BinaryTreeDictionary:
------------------------------------
Total Free Space: 153044065
Max   Chunk Size: 604015
Number of Blocks: 70370
Av.  Block  Size: 2174
Tree      Height: 110
, 0.0134414 secs] [Times: user=0.31 sys=0.00, real=0.02 secs] 
Heap after GC invocations=13063 (full 18):
 par new generation   total 1800000K, used 6835K [0x00000003ef600000, 0x0000000469720000, 0x0000000469720000)
  eden space 1600000K,   0% used [0x00000003ef600000, 0x00000003ef600000, 0x0000000451080000)
  from space 200000K,   3% used [0x000000045d3d0000, 0x000000045da7ce38, 0x0000000469720000)
  to   space 200000K,   0% used [0x0000000451080000, 0x0000000451080000, 0x000000045d3d0000)
 concurrent mark-sweep generation total 14001024K, used 8702963K [0x0000000469720000, 0x00000007c0000000, 0x00000007c0000000)
 Metaspace       used 44937K, capacity 46232K, committed 46652K, reserved 1091584K
  class space    used 4916K, capacity 5189K, committed 5268K, reserved 1048576K
}
2017-04-16T12:26:11.421-0700: 141695.680: Total time for which application threads were stopped: 0.0145284 seconds, Stopping threads took: 0.0001504 seconds
{Heap before GC invocations=13063 (full 18):
 par new generation   total 1800000K, used 1606835K [0x00000003ef600000, 0x0000000469720000, 0x0000000469720000)
  eden space 1600000K, 100% used [0x00000003ef600000, 0x0000000451080000, 0x0000000451080000)
  from space 200000K,   3% used [0x000000045d3d0000, 0x000000045da7ce38, 0x0000000469720000)
  to   space 200000K,   0% used [0x0000000451080000, 0x0000000451080000, 0x000000045d3d0000)
 concurrent mark-sweep generation total 14001024K, used 8702963K [0x0000000469720000, 0x00000007c0000000, 0x00000007c0000000)
 Metaspace       used 44937K, capacity 46232K, committed 46652K, reserved 1091584K
  class space    used 4916K, capacity 5189K, committed 5268K, reserved 1048576K
2017-04-16T12:26:25.216-0700: 141709.475: [GC (Allocation Failure) Before GC:
Statistics for BinaryTreeDictionary:
------------------------------------
Total Free Space: 153044065
Max   Chunk Size: 604015
Number of Blocks: 70370
Av.  Block  Size: 2174
Tree      Height: 110
2017-04-16T12:26:25.216-0700: 141709.476: [ParNew
Desired survivor size 102400000 bytes, new threshold 1 (max 1)
- age   1:    6219240 bytes,    6219240 total
: 1606835K->6644K(1800000K), 0.0124938 secs] 10309798K->8711131K(15801024K)After GC:
Statistics for BinaryTreeDictionary:
------------------------------------
Total Free Space: 152981587
Max   Chunk Size: 604015
Number of Blocks: 70338
Av.  Block  Size: 2174
Tree      Height: 110
, 0.0137325 secs] [Times: user=0.31 sys=0.00, real=0.01 secs] 
Heap after GC invocations=13064 (full 18):
 par new generation   total 1800000K, used 6644K [0x00000003ef600000, 0x0000000469720000, 0x0000000469720000)
  eden space 1600000K,   0% used [0x00000003ef600000, 0x00000003ef600000, 0x0000000451080000)
  from space 200000K,   3% used [0x0000000451080000, 0x00000004516fd398, 0x000000045d3d0000)
  to   space 200000K,   0% used [0x000000045d3d0000, 0x000000045d3d0000, 0x0000000469720000)
 concurrent mark-sweep generation total 14001024K, used 8704486K [0x0000000469720000, 0x00000007c0000000, 0x00000007c0000000)
 Metaspace       used 44937K, capacity 46232K, committed 46652K, reserved 1091584K
  class space    used 4916K, capacity 5189K, committed 5268K, reserved 1048576K
}
2017-04-16T12:26:25.230-0700: 141709.489: Total time for which application threads were stopped: 0.0148189 seconds, Stopping threads took: 0.0001512 seconds
{Heap before GC invocations=13064 (full 18):
 par new generation   total 1800000K, used 1606644K [0x00000003ef600000, 0x0000000469720000, 0x0000000469720000)
  eden space 1600000K, 100% used [0x00000003ef600000, 0x0000000451080000, 0x0000000451080000)
  from space 200000K,   3% used [0x0000000451080000, 0x00000004516fd398, 0x000000045d3d0000)
  to   space 200000K,   0% used [0x000000045d3d0000, 0x000000045d3d0000, 0x0000000469720000)
 concurrent mark-sweep generation total 14001024K, used 8704486K [0x0000000469720000, 0x00000007c0000000, 0x00000007c0000000)
 Metaspace       used 44937K, capacity 46232K, committed 46652K, reserved 1091584K
  class space    used 4916K, capacity 5189K, committed 5268K, reserved 1048576K
2017-04-16T12:26:38.507-0700: 141722.767: [GC (Allocation Failure) Before GC:
Statistics for BinaryTreeDictionary:
------------------------------------
Total Free Space: 152981587
Max   Chunk Size: 604015
Number of Blocks: 70338
Av.  Block  Size: 2174
Tree      Height: 110
2017-04-16T12:26:38.508-0700: 141722.767: [ParNew
Desired survivor size 102400000 bytes, new threshold 1 (max 1)
- age   1:   25627768 bytes,   25627768 total
: 1606644K->25609K(1800000K), 0.0125091 secs] 10311131K->8731286K(15801024K)After GC:
Statistics for BinaryTreeDictionary:
------------------------------------
Total Free Space: 152967539
Max   Chunk Size: 604015
Number of Blocks: 70306
Av.  Block  Size: 2175
Tree      Height: 110
, 0.0137897 secs] [Times: user=0.31 sys=0.00, real=0.01 secs] 
Heap after GC invocations=13065 (full 18):
 par new generation   total 1800000K, used 25609K [0x00000003ef600000, 0x0000000469720000, 0x0000000469720000)
  eden space 1600000K,   0% used [0x00000003ef600000, 0x00000003ef600000, 0x0000000451080000)
  from space 200000K,  12% used [0x000000045d3d0000, 0x000000045ecd24a0, 0x0000000469720000)
  to   space 200000K,   0% used [0x0000000451080000, 0x0000000451080000, 0x000000045d3d0000)
 concurrent mark-sweep generation total 14001024K, used 8705677K [0x0000000469720000, 0x00000007c0000000, 0x00000007c0000000)
 Metaspace       used 44937K, capacity 46232K, committed 46652K, reserved 1091584K
  class space    used 4916K, capacity 5189K, committed 5268K, reserved 1048576K
}
2017-04-16T12:26:38.521-0700: 141722.781: Total time for which application threads were stopped: 0.0148727 seconds, Stopping threads took: 0.0001445 seconds
2017-04-16T12:26:39.629-0700: 141723.888: Total time for which application threads were stopped: 0.0021731 seconds, Stopping threads took: 0.0001411 seconds
{Heap before GC invocations=13065 (full 18):
 par new generation   total 1800000K, used 1625609K [0x00000003ef600000, 0x0000000469720000, 0x0000000469720000)
  eden space 1600000K, 100% used [0x00000003ef600000, 0x0000000451080000, 0x0000000451080000)
  from space 200000K,  12% used [0x000000045d3d0000, 0x000000045ecd24a0, 0x0000000469720000)
  to   space 200000K,   0% used [0x0000000451080000, 0x0000000451080000, 0x000000045d3d0000)
 concurrent mark-sweep generation total 14001024K, used 8705677K [0x0000000469720000, 0x00000007c0000000, 0x00000007c0000000)
 Metaspace       used 44937K, capacity 46232K, committed 46652K, reserved 1091584K
  class space    used 4916K, capacity 5189K, committed 5268K, reserved 1048576K
2017-04-16T12:26:49.505-0700: 141733.764: [GC (Allocation Failure) Before GC:
Statistics for BinaryTreeDictionary:
------------------------------------
Total Free Space: 152967539
Max   Chunk Size: 604015
Number of Blocks: 70306
Av.  Block  Size: 2175
Tree      Height: 110
2017-04-16T12:26:49.505-0700: 141733.764: [ParNew
Desired survivor size 102400000 bytes, new threshold 1 (max 1)
- age   1:    5964608 bytes,    5964608 total
: 1625609K->8940K(1800000K), 0.0207464 secs] 10331286K->8722965K(15801024K)After GC:
Statistics for BinaryTreeDictionary:
------------------------------------
Total Free Space: 152791439
Max   Chunk Size: 472941
Number of Blocks: 70278
Av.  Block  Size: 2174
Tree      Height: 110
, 0.0220203 secs] [Times: user=0.32 sys=0.00, real=0.02 secs] 
Heap after GC invocations=13066 (full 18):
 par new generation   total 1800000K, used 8940K [0x00000003ef600000, 0x0000000469720000, 0x0000000469720000)
  eden space 1600000K,   0% used [0x00000003ef600000, 0x00000003ef600000, 0x0000000451080000)
  from space 200000K,   4% used [0x0000000451080000, 0x000000045193b1a0, 0x000000045d3d0000)
  to   space 200000K,   0% used [0x000000045d3d0000, 0x000000045d3d0000, 0x0000000469720000)
 concurrent mark-sweep generation total 14001024K, used 8714025K [0x0000000469720000, 0x00000007c0000000, 0x00000007c0000000)
 Metaspace       used 44937K, capacity 46232K, committed 46652K, reserved 1091584K
  class space    used 4916K, capacity 5189K, committed 5268K, reserved 1048576K
}
2017-04-16T12:26:49.527-0700: 141733.786: Total time for which application threads were stopped: 0.0231130 seconds, Stopping threads took: 0.0001424 seconds
{Heap before GC invocations=13066 (full 18):
 par new generation   total 1800000K, used 1608940K [0x00000003ef600000, 0x0000000469720000, 0x0000000469720000)
  eden space 1600000K, 100% used [0x00000003ef600000, 0x0000000451080000, 0x0000000451080000)
  from space 200000K,   4% used [0x0000000451080000, 0x000000045193b1a0, 0x000000045d3d0000)
  to   space 200000K,   0% used [0x000000045d3d0000, 0x000000045d3d0000, 0x0000000469720000)
 concurrent mark-sweep generation total 14001024K, used 8714025K [0x0000000469720000, 0x00000007c0000000, 0x00000007c0000000)
 Metaspace       used 44937K, capacity 46232K, committed 46652K, reserved 1091584K
  class space    used 4916K, capacity 5189K, committed 5268K, reserved 1048576K
2017-04-16T12:27:03.011-0700: 141747.271: [GC (Allocation Failure) Before GC:
Statistics for BinaryTreeDictionary:
------------------------------------
Total Free Space: 152791439
Max   Chunk Size: 472941
Number of Blocks: 70278
Av.  Block  Size: 2174
Tree      Height: 110
2017-04-16T12:27:03.012-0700: 141747.271: [ParNew
Desired survivor size 102400000 bytes, new threshold 1 (max 1)
- age   1:    8274640 bytes,    8274640 total
: 1608940K->9384K(1800000K), 0.0120140 secs] 10322965K->8725129K(15801024K)After GC:
Statistics for BinaryTreeDictionary:
------------------------------------
Total Free Space: 152663748
Max   Chunk Size: 472941
Number of Blocks: 70232
Av.  Block  Size: 2173
Tree      Height: 110
, 0.0132874 secs] [Times: user=0.29 sys=0.00, real=0.01 secs] 
Heap after GC invocations=13067 (full 18):
 par new generation   total 1800000K, used 9384K [0x00000003ef600000, 0x0000000469720000, 0x0000000469720000)
  eden space 1600000K,   0% used [0x00000003ef600000, 0x00000003ef600000, 0x0000000451080000)
  from space 200000K,   4% used [0x000000045d3d0000, 0x000000045dcfa060, 0x0000000469720000)
  to   space 200000K,   0% used [0x0000000451080000, 0x0000000451080000, 0x000000045d3d0000)
 concurrent mark-sweep generation total 14001024K, used 8715745K [0x0000000469720000, 0x00000007c0000000, 0x00000007c0000000)
 Metaspace       used 44937K, capacity 46232K, committed 46652K, reserved 1091584K
  class space    used 4916K, capacity 5189K, committed 5268K, reserved 1048576K
}
2017-04-16T12:27:03.025-0700: 141747.284: Total time for which application threads were stopped: 0.0144045 seconds, Stopping threads took: 0.0001543 seconds
{Heap before GC invocations=13067 (full 18):
 par new generation   total 1800000K, used 1609384K [0x00000003ef600000, 0x0000000469720000, 0x0000000469720000)
  eden space 1600000K, 100% used [0x00000003ef600000, 0x0000000451080000, 0x0000000451080000)
  from space 200000K,   4% used [0x000000045d3d0000, 0x000000045dcfa060, 0x0000000469720000)
  to   space 200000K,   0% used [0x0000000451080000, 0x0000000451080000, 0x000000045d3d0000)
 concurrent mark-sweep generation total 14001024K, used 8715745K [0x0000000469720000, 0x00000007c0000000, 0x00000007c0000000)
 Metaspace       used 44937K, capacity 46232K, committed 46652K, reserved 1091584K
  class space    used 4916K, capacity 5189K, committed 5268K, reserved 1048576K
2017-04-16T12:27:16.105-0700: 141760.364: [GC (Allocation Failure) Before GC:
Statistics for BinaryTreeDictionary:
------------------------------------
Total Free Space: 152663748
Max   Chunk Size: 472941
Number of Blocks: 70232
Av.  Block  Size: 2173
Tree      Height: 110
2017-04-16T12:27:16.105-0700: 141760.364: [ParNew
Desired survivor size 102400000 bytes, new threshold 1 (max 1)
- age   1:    6081384 bytes,    6081384 total
: 1609384K->6431K(1800000K), 0.0122619 secs] 10325129K->8723565K(15801024K)After GC:
Statistics for BinaryTreeDictionary:
------------------------------------
Total Free Space: 152622636
Max   Chunk Size: 472941
Number of Blocks: 70215
Av.  Block  Size: 2173
Tree      Height: 110
, 0.0135089 secs] [Times: user=0.30 sys=0.00, real=0.01 secs] 
Heap after GC invocations=13068 (full 18):
 par new generation   total 1800000K, used 6431K [0x00000003ef600000, 0x0000000469720000, 0x0000000469720000)
  eden space 1600000K,   0% used [0x00000003ef600000, 0x00000003ef600000, 0x0000000451080000)
  from space 200000K,   3% used [0x0000000451080000, 0x00000004516c7de0, 0x000000045d3d0000)
  to   space 200000K,   0% used [0x000000045d3d0000, 0x000000045d3d0000, 0x0000000469720000)
 concurrent mark-sweep generation total 14001024K, used 8717134K [0x0000000469720000, 0x00000007c0000000, 0x00000007c0000000)
 Metaspace       used 44937K, capacity 46232K, committed 46652K, reserved 1091584K
  class space    used 4916K, capacity 5189K, committed 5268K, reserved 1048576K
}
2017-04-16T12:27:16.118-0700: 141760.378: Total time for which application threads were stopped: 0.0145981 seconds, Stopping threads took: 0.0001503 seconds
{Heap before GC invocations=13068 (full 18):
 par new generation   total 1800000K, used 1606431K [0x00000003ef600000, 0x0000000469720000, 0x0000000469720000)
  eden space 1600000K, 100% used [0x00000003ef600000, 0x0000000451080000, 0x0000000451080000)
  from space 200000K,   3% used [0x0000000451080000, 0x00000004516c7de0, 0x000000045d3d0000)
  to   space 200000K,   0% used [0x000000045d3d0000, 0x000000045d3d0000, 0x0000000469720000)
 concurrent mark-sweep generation total 14001024K, used 8717134K [0x0000000469720000, 0x00000007c0000000, 0x00000007c0000000)
 Metaspace       used 44937K, capacity 46232K, committed 46652K, reserved 1091584K
  class space    used 4916K, capacity 5189K, committed 5268K, reserved 1048576K
2017-04-16T12:27:29.378-0700: 141773.638: [GC (Allocation Failure) Before GC:
Statistics for BinaryTreeDictionary:
------------------------------------
Total Free Space: 152622636
Max   Chunk Size: 472941
Number of Blocks: 70215
Av.  Block  Size: 2173
Tree      Height: 110
2017-04-16T12:27:29.379-0700: 141773.638: [ParNew
Desired survivor size 102400000 bytes, new threshold 1 (max 1)
- age   1:    7703600 bytes,    7703600 total
: 1606431K->8030K(1800000K), 0.0125300 secs] 10323565K->8726494K(15801024K)After GC:
Statistics for BinaryTreeDictionary:
------------------------------------
Total Free Space: 152595909
Max   Chunk Size: 472941
Number of Blocks: 70191
Av.  Block  Size: 2174
Tree      Height: 110
, 0.0137872 secs] [Times: user=0.31 sys=0.00, real=0.02 secs] 
Heap after GC invocations=13069 (full 18):
 par new generation   total 1800000K, used 8030K [0x00000003ef600000, 0x0000000469720000, 0x0000000469720000)
  eden space 1600000K,   0% used [0x00000003ef600000, 0x00000003ef600000, 0x0000000451080000)
  from space 200000K,   4% used [0x000000045d3d0000, 0x000000045dba7bb8, 0x0000000469720000)
  to   space 200000K,   0% used [0x0000000451080000, 0x0000000451080000, 0x000000045d3d0000)
 concurrent mark-sweep generation total 14001024K, used 8718463K [0x0000000469720000, 0x00000007c0000000, 0x00000007c0000000)
 Metaspace       used 44937K, capacity 46232K, committed 46652K, reserved 1091584K
  class space    used 4916K, capacity 5189K, committed 5268K, reserved 1048576K
}
2017-04-16T12:27:29.392-0700: 141773.652: Total time for which application threads were stopped: 0.0148916 seconds, Stopping threads took: 0.0001687 seconds
{Heap before GC invocations=13069 (full 18):
 par new generation   total 1800000K, used 1608030K [0x00000003ef600000, 0x0000000469720000, 0x0000000469720000)
  eden space 1600000K, 100% used [0x00000003ef600000, 0x0000000451080000, 0x0000000451080000)
  from space 200000K,   4% used [0x000000045d3d0000, 0x000000045dba7bb8, 0x0000000469720000)
  to   space 200000K,   0% used [0x0000000451080000, 0x0000000451080000, 0x000000045d3d0000)
 concurrent mark-sweep generation total 14001024K, used 8718463K [0x0000000469720000, 0x00000007c0000000, 0x00000007c0000000)
 Metaspace       used 44937K, capacity 46232K, committed 46652K, reserved 1091584K
  class space    used 4916K, capacity 5189K, committed 5268K, reserved 1048576K
2017-04-16T12:27:42.243-0700: 141786.503: [GC (Allocation Failure) Before GC:
Statistics for BinaryTreeDictionary:
------------------------------------
Total Free Space: 152595909
Max   Chunk Size: 472941
Number of Blocks: 70191
Av.  Block  Size: 2174
Tree      Height: 110
2017-04-16T12:27:42.244-0700: 141786.503: [ParNew
Desired survivor size 102400000 bytes, new threshold 1 (max 1)
- age   1:    6389856 bytes,    6389856 total
: 1608030K->7011K(1800000K), 0.0125087 secs] 10326494K->8727087K(15801024K)After GC:
Statistics for BinaryTreeDictionary:
------------------------------------
Total Free Space: 152538229
Max   Chunk Size: 472941
Number of Blocks: 70171
Av.  Block  Size: 2173
Tree      Height: 110
, 0.0137799 secs] [Times: user=0.31 sys=0.00, real=0.01 secs] 
Heap after GC invocations=13070 (full 18):
 par new generation   total 1800000K, used 7011K [0x00000003ef600000, 0x0000000469720000, 0x0000000469720000)
  eden space 1600000K,   0% used [0x00000003ef600000, 0x00000003ef600000, 0x0000000451080000)
  from space 200000K,   3% used [0x0000000451080000, 0x0000000451758d60, 0x000000045d3d0000)
  to   space 200000K,   0% used [0x000000045d3d0000, 0x000000045d3d0000, 0x0000000469720000)
 concurrent mark-sweep generation total 14001024K, used 8720076K [0x0000000469720000, 0x00000007c0000000, 0x00000007c0000000)
 Metaspace       used 44937K, capacity 46232K, committed 46652K, reserved 1091584K
  class space    used 4916K, capacity 5189K, committed 5268K, reserved 1048576K
}
2017-04-16T12:27:42.257-0700: 141786.517: Total time for which application threads were stopped: 0.0148553 seconds, Stopping threads took: 0.0001476 seconds
{Heap before GC invocations=13070 (full 18):
 par new generation   total 1800000K, used 1607011K [0x00000003ef600000, 0x0000000469720000, 0x0000000469720000)
  eden space 1600000K, 100% used [0x00000003ef600000, 0x0000000451080000, 0x0000000451080000)
  from space 200000K,   3% used [0x0000000451080000, 0x0000000451758d60, 0x000000045d3d0000)
  to   space 200000K,   0% used [0x000000045d3d0000, 0x000000045d3d0000, 0x0000000469720000)
 concurrent mark-sweep generation total 14001024K, used 8720076K [0x0000000469720000, 0x00000007c0000000, 0x00000007c0000000)
 Metaspace       used 44937K, capacity 46232K, committed 46652K, reserved 1091584K
  class space    used 4916K, capacity 5189K, committed 5268K, reserved 1048576K
2017-04-16T12:27:55.731-0700: 141799.990: [GC (Allocation Failure) Before GC:
Statistics for BinaryTreeDictionary:
------------------------------------
Total Free Space: 152538229
Max   Chunk Size: 472941
Number of Blocks: 70171
Av.  Block  Size: 2173
Tree      Height: 110
2017-04-16T12:27:55.731-0700: 141799.991: [ParNew
Desired survivor size 102400000 bytes, new threshold 1 (max 1)
- age   1:    6264656 bytes,    6264656 total
: 1607011K->6746K(1800000K), 0.0118679 secs] 10327087K->8727658K(15801024K)After GC:
Statistics for BinaryTreeDictionary:
------------------------------------
Total Free Space: 152533075
Max   Chunk Size: 472941
Number of Blocks: 70161
Av.  Block  Size: 2174
Tree      Height: 110
, 0.0131013 secs] [Times: user=0.29 sys=0.01, real=0.01 secs] 
Heap after GC invocations=13071 (full 18):
 par new generation   total 1800000K, used 6746K [0x00000003ef600000, 0x0000000469720000, 0x0000000469720000)
  eden space 1600000K,   0% used [0x00000003ef600000, 0x00000003ef600000, 0x0000000451080000)
  from space 200000K,   3% used [0x000000045d3d0000, 0x000000045da66998, 0x0000000469720000)
  to   space 200000K,   0% used [0x0000000451080000, 0x0000000451080000, 0x000000045d3d0000)
 concurrent mark-sweep generation total 14001024K, used 8720912K [0x0000000469720000, 0x00000007c0000000, 0x00000007c0000000)
 Metaspace       used 44937K, capacity 46232K, committed 46652K, reserved 1091584K
  class space    used 4916K, capacity 5189K, committed 5268K, reserved 1048576K
}
2017-04-16T12:27:55.744-0700: 141800.003: Total time for which application threads were stopped: 0.0141884 seconds, Stopping threads took: 0.0001416 seconds
{Heap before GC invocations=13071 (full 18):
 par new generation   total 1800000K, used 1606746K [0x00000003ef600000, 0x0000000469720000, 0x0000000469720000)
  eden space 1600000K, 100% used [0x00000003ef600000, 0x0000000451080000, 0x0000000451080000)
  from space 200000K,   3% used [0x000000045d3d0000, 0x000000045da66998, 0x0000000469720000)
  to   space 200000K,   0% used [0x0000000451080000, 0x0000000451080000, 0x000000045d3d0000)
 concurrent mark-sweep generation total 14001024K, used 8720912K [0x0000000469720000, 0x00000007c0000000, 0x00000007c0000000)
 Metaspace       used 44937K, capacity 46232K, committed 46652K, reserved 1091584K
  class space    used 4916K, capacity 5189K, committed 5268K, reserved 1048576K
2017-04-16T12:28:09.394-0700: 141813.653: [GC (Allocation Failure) Before GC:
Statistics for BinaryTreeDictionary:
------------------------------------
Total Free Space: 152533075
Max   Chunk Size: 472941
Number of Blocks: 70161
Av.  Block  Size: 2174
Tree      Height: 110
2017-04-16T12:28:09.394-0700: 141813.654: [ParNew
Desired survivor size 102400000 bytes, new threshold 1 (max 1)
- age   1:    5878016 bytes,    5878016 total
: 1606746K->6264K(1800000K), 0.0119728 secs] 10327658K->8728560K(15801024K)After GC:
Statistics for BinaryTreeDictionary:
------------------------------------
Total Free Space: 152476615
Max   Chunk Size: 472941
Number of Blocks: 70146
Av.  Block  Size: 2173
Tree      Height: 110
, 0.0132243 secs] [Times: user=0.29 sys=0.00, real=0.02 secs] 
Heap after GC invocations=13072 (full 18):
 par new generation   total 1800000K, used 6264K [0x00000003ef600000, 0x0000000469720000, 0x0000000469720000)
  eden space 1600000K,   0% used [0x00000003ef600000, 0x00000003ef600000, 0x0000000451080000)
  from space 200000K,   3% used [0x0000000451080000, 0x000000045169e1f8, 0x000000045d3d0000)
  to   space 200000K,   0% used [0x000000045d3d0000, 0x000000045d3d0000, 0x0000000469720000)
 concurrent mark-sweep generation total 14001024K, used 8722296K [0x0000000469720000, 0x00000007c0000000, 0x00000007c0000000)
 Metaspace       used 44937K, capacity 46232K, committed 46652K, reserved 1091584K
  class space    used 4916K, capacity 5189K, committed 5268K, reserved 1048576K
}
2017-04-16T12:28:09.407-0700: 141813.666: Total time for which application threads were stopped: 0.0143052 seconds, Stopping threads took: 0.0001507 seconds
2017-04-16T12:28:09.721-0700: 141813.981: Total time for which application threads were stopped: 0.0021339 seconds, Stopping threads took: 0.0001443 seconds
{Heap before GC invocations=13072 (full 18):
 par new generation   total 1800000K, used 1606264K [0x00000003ef600000, 0x0000000469720000, 0x0000000469720000)
  eden space 1600000K, 100% used [0x00000003ef600000, 0x0000000451080000, 0x0000000451080000)
  from space 200000K,   3% used [0x0000000451080000, 0x000000045169e1f8, 0x000000045d3d0000)
  to   space 200000K,   0% used [0x000000045d3d0000, 0x000000045d3d0000, 0x0000000469720000)
 concurrent mark-sweep generation total 14001024K, used 8722296K [0x0000000469720000, 0x00000007c0000000, 0x00000007c0000000)
 Metaspace       used 44937K, capacity 46232K, committed 46652K, reserved 1091584K
  class space    used 4916K, capacity 5189K, committed 5268K, reserved 1048576K
2017-04-16T12:28:20.290-0700: 141824.549: [GC (Allocation Failure) Before GC:
Statistics for BinaryTreeDictionary:
------------------------------------
Total Free Space: 152476615
Max   Chunk Size: 472941
Number of Blocks: 70146
Av.  Block  Size: 2173
Tree      Height: 110
2017-04-16T12:28:20.290-0700: 141824.550: [ParNew
Desired survivor size 102400000 bytes, new threshold 1 (max 1)
- age   1:    6895656 bytes,    6895656 total
: 1606264K->7293K(1800000K), 0.0120207 secs] 10328560K->8730852K(15801024K)After GC:
Statistics for BinaryTreeDictionary:
------------------------------------
Total Free Space: 152439145
Max   Chunk Size: 472941
Number of Blocks: 70138
Av.  Block  Size: 2173
Tree      Height: 110
, 0.0132785 secs] [Times: user=0.30 sys=0.00, real=0.01 secs] 
Heap after GC invocations=13073 (full 18):
 par new generation   total 1800000K, used 7293K [0x00000003ef600000, 0x0000000469720000, 0x0000000469720000)
  eden space 1600000K,   0% used [0x00000003ef600000, 0x00000003ef600000, 0x0000000451080000)
  from space 200000K,   3% used [0x000000045d3d0000, 0x000000045daef710, 0x0000000469720000)
  to   space 200000K,   0% used [0x0000000451080000, 0x0000000451080000, 0x000000045d3d0000)
 concurrent mark-sweep generation total 14001024K, used 8723558K [0x0000000469720000, 0x00000007c0000000, 0x00000007c0000000)
 Metaspace       used 44937K, capacity 46232K, committed 46652K, reserved 1091584K
  class space    used 4916K, capacity 5189K, committed 5268K, reserved 1048576K
}
2017-04-16T12:28:20.303-0700: 141824.563: Total time for which application threads were stopped: 0.0143686 seconds, Stopping threads took: 0.0001426 seconds
{Heap before GC invocations=13073 (full 18):
 par new generation   total 1800000K, used 1607293K [0x00000003ef600000, 0x0000000469720000, 0x0000000469720000)
  eden space 1600000K, 100% used [0x00000003ef600000, 0x0000000451080000, 0x0000000451080000)
  from space 200000K,   3% used [0x000000045d3d0000, 0x000000045daef710, 0x0000000469720000)
  to   space 200000K,   0% used [0x0000000451080000, 0x0000000451080000, 0x000000045d3d0000)
 concurrent mark-sweep generation total 14001024K, used 8723558K [0x0000000469720000, 0x00000007c0000000, 0x00000007c0000000)
 Metaspace       used 44937K, capacity 46232K, committed 46652K, reserved 1091584K
  class space    used 4916K, capacity 5189K, committed 5268K, reserved 1048576K
2017-04-16T12:28:33.286-0700: 141837.545: [GC (Allocation Failure) Before GC:
Statistics for BinaryTreeDictionary:
------------------------------------
Total Free Space: 152439145
Max   Chunk Size: 472941
Number of Blocks: 70138
Av.  Block  Size: 2173
Tree      Height: 110
2017-04-16T12:28:33.286-0700: 141837.546: [ParNew
Desired survivor size 102400000 bytes, new threshold 1 (max 1)
- age   1:    6533744 bytes,    6533744 total
: 1607293K->6915K(1800000K), 0.0120692 secs] 10330852K->8731960K(15801024K)After GC:
Statistics for BinaryTreeDictionary:
------------------------------------
Total Free Space: 152361092
Max   Chunk Size: 472941
Number of Blocks: 70090
Av.  Block  Size: 2173
Tree      Height: 110
, 0.0133248 secs] [Times: user=0.30 sys=0.00, real=0.01 secs] 
Heap after GC invocations=13074 (full 18):
 par new generation   total 1800000K, used 6915K [0x00000003ef600000, 0x0000000469720000, 0x0000000469720000)
  eden space 1600000K,   0% used [0x00000003ef600000, 0x00000003ef600000, 0x0000000451080000)
  from space 200000K,   3% used [0x0000000451080000, 0x0000000451740f60, 0x000000045d3d0000)
  to   space 200000K,   0% used [0x000000045d3d0000, 0x000000045d3d0000, 0x0000000469720000)
 concurrent mark-sweep generation total 14001024K, used 8725044K [0x0000000469720000, 0x00000007c0000000, 0x00000007c0000000)
 Metaspace       used 44937K, capacity 46232K, committed 46652K, reserved 1091584K
  class space    used 4916K, capacity 5189K, committed 5268K, reserved 1048576K
}
2017-04-16T12:28:33.299-0700: 141837.559: Total time for which application threads were stopped: 0.0144388 seconds, Stopping threads took: 0.0001598 seconds
{Heap before GC invocations=13074 (full 18):
 par new generation   total 1800000K, used 1606915K [0x00000003ef600000, 0x0000000469720000, 0x0000000469720000)
  eden space 1600000K, 100% used [0x00000003ef600000, 0x0000000451080000, 0x0000000451080000)
  from space 200000K,   3% used [0x0000000451080000, 0x0000000451740f60, 0x000000045d3d0000)
  to   space 200000K,   0% used [0x000000045d3d0000, 0x000000045d3d0000, 0x0000000469720000)
 concurrent mark-sweep generation total 14001024K, used 8725044K [0x0000000469720000, 0x00000007c0000000, 0x00000007c0000000)
 Metaspace       used 44937K, capacity 46232K, committed 46652K, reserved 1091584K
  class space    used 4916K, capacity 5189K, committed 5268K, reserved 1048576K
2017-04-16T12:28:46.548-0700: 141850.808: [GC (Allocation Failure) Before GC:
Statistics for BinaryTreeDictionary:
------------------------------------
Total Free Space: 152361092
Max   Chunk Size: 472941
Number of Blocks: 70090
Av.  Block  Size: 2173
Tree      Height: 110
2017-04-16T12:28:46.549-0700: 141850.808: [ParNew
Desired survivor size 102400000 bytes, new threshold 1 (max 1)
- age   1:    6182280 bytes,    6182280 total
: 1606915K->6637K(1800000K), 0.0122132 secs] 10331960K->8732997K(15801024K)After GC:
Statistics for BinaryTreeDictionary:
------------------------------------
Total Free Space: 152322135
Max   Chunk Size: 472941
Number of Blocks: 70079
Av.  Block  Size: 2173
Tree      Height: 110
, 0.0134864 secs] [Times: user=0.30 sys=0.00, real=0.01 secs] 
Heap after GC invocations=13075 (full 18):
 par new generation   total 1800000K, used 6637K [0x00000003ef600000, 0x0000000469720000, 0x0000000469720000)
  eden space 1600000K,   0% used [0x00000003ef600000, 0x00000003ef600000, 0x0000000451080000)
  from space 200000K,   3% used [0x000000045d3d0000, 0x000000045da4b7f8, 0x0000000469720000)
  to   space 200000K,   0% used [0x0000000451080000, 0x0000000451080000, 0x000000045d3d0000)
 concurrent mark-sweep generation total 14001024K, used 8726359K [0x0000000469720000, 0x00000007c0000000, 0x00000007c0000000)
 Metaspace       used 44937K, capacity 46232K, committed 46652K, reserved 1091584K
  class space    used 4916K, capacity 5189K, committed 5268K, reserved 1048576K
}
2017-04-16T12:28:46.562-0700: 141850.821: Total time for which application threads were stopped: 0.0146031 seconds, Stopping threads took: 0.0001646 seconds
2017-04-16T12:29:00.143-0700: 141864.402: Total time for which application threads were stopped: 0.0008518 seconds, Stopping threads took: 0.0001464 seconds
{Heap before GC invocations=13075 (full 18):
 par new generation   total 1800000K, used 1606638K [0x00000003ef600000, 0x0000000469720000, 0x0000000469720000)
  eden space 1600000K, 100% used [0x00000003ef600000, 0x0000000451080000, 0x0000000451080000)
  from space 200000K,   3% used [0x000000045d3d0000, 0x000000045da4b890, 0x0000000469720000)
  to   space 200000K,   0% used [0x0000000451080000, 0x0000000451080000, 0x000000045d3d0000)
 concurrent mark-sweep generation total 14001024K, used 8726359K [0x0000000469720000, 0x00000007c0000000, 0x00000007c0000000)
 Metaspace       used 44937K, capacity 46232K, committed 46652K, reserved 1091584K
  class space    used 4916K, capacity 5189K, committed 5268K, reserved 1048576K
2017-04-16T12:29:00.143-0700: 141864.403: [GC (GCLocker Initiated GC) Before GC:
Statistics for BinaryTreeDictionary:
------------------------------------
Total Free Space: 152322135
Max   Chunk Size: 472941
Number of Blocks: 70079
Av.  Block  Size: 2173
Tree      Height: 110
2017-04-16T12:29:00.144-0700: 141864.403: [ParNew
Desired survivor size 102400000 bytes, new threshold 1 (max 1)
- age   1:    6357136 bytes,    6357136 total
: 1606638K->6850K(1800000K), 0.0120543 secs] 10332997K->8734347K(15801024K)After GC:
Statistics for BinaryTreeDictionary:
------------------------------------
Total Free Space: 152298508
Max   Chunk Size: 472941
Number of Blocks: 70064
Av.  Block  Size: 2173
Tree      Height: 110
, 0.0132808 secs] [Times: user=0.30 sys=0.00, real=0.02 secs] 
Heap after GC invocations=13076 (full 18):
 par new generation   total 1800000K, used 6850K [0x00000003ef600000, 0x0000000469720000, 0x0000000469720000)
  eden space 1600000K,   0% used [0x00000003ef600000, 0x00000003ef600000, 0x0000000451080000)
  from space 200000K,   3% used [0x0000000451080000, 0x0000000451730980, 0x000000045d3d0000)
  to   space 200000K,   0% used [0x000000045d3d0000, 0x000000045d3d0000, 0x0000000469720000)
 concurrent mark-sweep generation total 14001024K, used 8727496K [0x0000000469720000, 0x00000007c0000000, 0x00000007c0000000)
 Metaspace       used 44937K, capacity 46232K, committed 46652K, reserved 1091584K
  class space    used 4916K, capacity 5189K, committed 5268K, reserved 1048576K
}
2017-04-16T12:29:00.157-0700: 141864.416: Total time for which application threads were stopped: 0.0138696 seconds, Stopping threads took: 0.0000465 seconds
2017-04-16T12:29:09.210-0700: 141873.470: Total time for which application threads were stopped: 0.0021465 seconds, Stopping threads took: 0.0001487 seconds
{Heap before GC invocations=13076 (full 18):
 par new generation   total 1800000K, used 1606850K [0x00000003ef600000, 0x0000000469720000, 0x0000000469720000)
  eden space 1600000K, 100% used [0x00000003ef600000, 0x0000000451080000, 0x0000000451080000)
  from space 200000K,   3% used [0x0000000451080000, 0x0000000451730980, 0x000000045d3d0000)
  to   space 200000K,   0% used [0x000000045d3d0000, 0x000000045d3d0000, 0x0000000469720000)
 concurrent mark-sweep generation total 14001024K, used 8727496K [0x0000000469720000, 0x00000007c0000000, 0x00000007c0000000)
 Metaspace       used 44937K, capacity 46232K, committed 46652K, reserved 1091584K
  class space    used 4916K, capacity 5189K, committed 5268K, reserved 1048576K
2017-04-16T12:29:13.198-0700: 141877.458: [GC (Allocation Failure) Before GC:
Statistics for BinaryTreeDictionary:
------------------------------------
Total Free Space: 152298508
Max   Chunk Size: 472941
Number of Blocks: 70064
Av.  Block  Size: 2173
Tree      Height: 110
2017-04-16T12:29:13.199-0700: 141877.458: [ParNew
Desired survivor size 102400000 bytes, new threshold 1 (max 1)
- age   1:    7485208 bytes,    7485208 total
: 1606850K->7854K(1800000K), 0.0119740 secs] 10334347K->8736623K(15801024K)After GC:
Statistics for BinaryTreeDictionary:
------------------------------------
Total Free Space: 152258828
Max   Chunk Size: 472941
Number of Blocks: 70048
Av.  Block  Size: 2173
Tree      Height: 110
, 0.0132543 secs] [Times: user=0.30 sys=0.00, real=0.01 secs] 
Heap after GC invocations=13077 (full 18):
 par new generation   total 1800000K, used 7854K [0x00000003ef600000, 0x0000000469720000, 0x0000000469720000)
  eden space 1600000K,   0% used [0x00000003ef600000, 0x00000003ef600000, 0x0000000451080000)
  from space 200000K,   3% used [0x000000045d3d0000, 0x000000045db7b850, 0x0000000469720000)
  to   space 200000K,   0% used [0x0000000451080000, 0x0000000451080000, 0x000000045d3d0000)
 concurrent mark-sweep generation total 14001024K, used 8728769K [0x0000000469720000, 0x00000007c0000000, 0x00000007c0000000)
 Metaspace       used 44937K, capacity 46232K, committed 46652K, reserved 1091584K
  class space    used 4916K, capacity 5189K, committed 5268K, reserved 1048576K
}
2017-04-16T12:29:13.212-0700: 141877.471: Total time for which application threads were stopped: 0.0143460 seconds, Stopping threads took: 0.0001625 seconds
{Heap before GC invocations=13077 (full 18):
 par new generation   total 1800000K, used 1607854K [0x00000003ef600000, 0x0000000469720000, 0x0000000469720000)
  eden space 1600000K, 100% used [0x00000003ef600000, 0x0000000451080000, 0x0000000451080000)
  from space 200000K,   3% used [0x000000045d3d0000, 0x000000045db7b850, 0x0000000469720000)
  to   space 200000K,   0% used [0x0000000451080000, 0x0000000451080000, 0x000000045d3d0000)
 concurrent mark-sweep generation total 14001024K, used 8728769K [0x0000000469720000, 0x00000007c0000000, 0x00000007c0000000)
 Metaspace       used 44937K, capacity 46232K, committed 46652K, reserved 1091584K
  class space    used 4916K, capacity 5189K, committed 5268K, reserved 1048576K
2017-04-16T12:29:26.780-0700: 141891.040: [GC (Allocation Failure) Before GC:
Statistics for BinaryTreeDictionary:
------------------------------------
Total Free Space: 152258828
Max   Chunk Size: 472941
Number of Blocks: 70048
Av.  Block  Size: 2173
Tree      Height: 110
2017-04-16T12:29:26.781-0700: 141891.040: [ParNew
Desired survivor size 102400000 bytes, new threshold 1 (max 1)
- age   1:    7328136 bytes,    7328136 total
: 1607854K->7829K(1800000K), 0.0121399 secs] 10336623K->8737981K(15801024K)After GC:
Statistics for BinaryTreeDictionary:
------------------------------------
Total Free Space: 152220407
Max   Chunk Size: 472941
Number of Blocks: 70035
Av.  Block  Size: 2173
Tree      Height: 110
, 0.0133865 secs] [Times: user=0.30 sys=0.00, real=0.01 secs] 
Heap after GC invocations=13078 (full 18):
 par new generation   total 1800000K, used 7829K [0x00000003ef600000, 0x0000000469720000, 0x0000000469720000)
  eden space 1600000K,   0% used [0x00000003ef600000, 0x00000003ef600000, 0x0000000451080000)
  from space 200000K,   3% used [0x0000000451080000, 0x0000000451825498, 0x000000045d3d0000)
  to   space 200000K,   0% used [0x000000045d3d0000, 0x000000045d3d0000, 0x0000000469720000)
 concurrent mark-sweep generation total 14001024K, used 8730151K [0x0000000469720000, 0x00000007c0000000, 0x00000007c0000000)
 Metaspace       used 44937K, capacity 46232K, committed 46652K, reserved 1091584K
  class space    used 4916K, capacity 5189K, committed 5268K, reserved 1048576K
}
2017-04-16T12:29:26.794-0700: 141891.053: Total time for which application threads were stopped: 0.0144686 seconds, Stopping threads took: 0.0001456 seconds
2017-04-16T12:29:39.629-0700: 141903.889: Total time for which application threads were stopped: 0.0021181 seconds, Stopping threads took: 0.0001480 seconds
{Heap before GC invocations=13078 (full 18):
 par new generation   total 1800000K, used 1607829K [0x00000003ef600000, 0x0000000469720000, 0x0000000469720000)
  eden space 1600000K, 100% used [0x00000003ef600000, 0x0000000451080000, 0x0000000451080000)
  from space 200000K,   3% used [0x0000000451080000, 0x0000000451825498, 0x000000045d3d0000)
  to   space 200000K,   0% used [0x000000045d3d0000, 0x000000045d3d0000, 0x0000000469720000)
 concurrent mark-sweep generation total 14001024K, used 8730151K [0x0000000469720000, 0x00000007c0000000, 0x00000007c0000000)
 Metaspace       used 44937K, capacity 46232K, committed 46652K, reserved 1091584K
  class space    used 4916K, capacity 5189K, committed 5268K, reserved 1048576K
2017-04-16T12:29:39.956-0700: 141904.215: [GC (Allocation Failure) Before GC:
Statistics for BinaryTreeDictionary:
------------------------------------
Total Free Space: 152220407
Max   Chunk Size: 472941
Number of Blocks: 70035
Av.  Block  Size: 2173
Tree      Height: 110
2017-04-16T12:29:39.956-0700: 141904.216: [ParNew
Desired survivor size 102400000 bytes, new threshold 1 (max 1)
- age   1:    6191872 bytes,    6191872 total
: 1607829K->6559K(1800000K), 0.0121639 secs] 10337981K->8739266K(15801024K)After GC:
Statistics for BinaryTreeDictionary:
------------------------------------
Total Free Space: 152017387
Max   Chunk Size: 341867
Number of Blocks: 70021
Av.  Block  Size: 2171
Tree      Height: 110
, 0.0134175 secs] [Times: user=0.30 sys=0.00, real=0.01 secs] 
Heap after GC invocations=13079 (full 18):
 par new generation   total 1800000K, used 6559K [0x00000003ef600000, 0x0000000469720000, 0x0000000469720000)
  eden space 1600000K,   0% used [0x00000003ef600000, 0x00000003ef600000, 0x0000000451080000)
  from space 200000K,   3% used [0x000000045d3d0000, 0x000000045da37c88, 0x0000000469720000)
  to   space 200000K,   0% used [0x0000000451080000, 0x0000000451080000, 0x000000045d3d0000)
 concurrent mark-sweep generation total 14001024K, used 8732707K [0x0000000469720000, 0x00000007c0000000, 0x00000007c0000000)
 Metaspace       used 44937K, capacity 46232K, committed 46652K, reserved 1091584K
  class space    used 4916K, capacity 5189K, committed 5268K, reserved 1048576K
}
2017-04-16T12:29:39.969-0700: 141904.229: Total time for which application threads were stopped: 0.0145062 seconds, Stopping threads took: 0.0001486 seconds
{Heap before GC invocations=13079 (full 18):
 par new generation   total 1800000K, used 1606559K [0x00000003ef600000, 0x0000000469720000, 0x0000000469720000)
  eden space 1600000K, 100% used [0x00000003ef600000, 0x0000000451080000, 0x0000000451080000)
  from space 200000K,   3% used [0x000000045d3d0000, 0x000000045da37c88, 0x0000000469720000)
  to   space 200000K,   0% used [0x0000000451080000, 0x0000000451080000, 0x000000045d3d0000)
 concurrent mark-sweep generation total 14001024K, used 8732707K [0x0000000469720000, 0x00000007c0000000, 0x00000007c0000000)
 Metaspace       used 44937K, capacity 46232K, committed 46652K, reserved 1091584K
  class space    used 4916K, capacity 5189K, committed 5268K, reserved 1048576K
2017-04-16T12:29:51.661-0700: 141915.920: [GC (Allocation Failure) Before GC:
Statistics for BinaryTreeDictionary:
------------------------------------
Total Free Space: 152017387
Max   Chunk Size: 341867
Number of Blocks: 70021
Av.  Block  Size: 2171
Tree      Height: 110
2017-04-16T12:29:51.662-0700: 141915.921: [ParNew
Desired survivor size 102400000 bytes, new threshold 1 (max 1)
- age   1:    6103120 bytes,    6103120 total
: 1606559K->6473K(1800000K), 0.0117164 secs] 10339266K->8740755K(15801024K)After GC:
Statistics for BinaryTreeDictionary:
------------------------------------
Total Free Space: 151940509
Max   Chunk Size: 341867
Number of Blocks: 70001
Av.  Block  Size: 2170
Tree      Height: 110
, 0.0129420 secs] [Times: user=0.29 sys=0.00, real=0.02 secs] 
Heap after GC invocations=13080 (full 18):
 par new generation   total 1800000K, used 6473K [0x00000003ef600000, 0x0000000469720000, 0x0000000469720000)
  eden space 1600000K,   0% used [0x00000003ef600000, 0x00000003ef600000, 0x0000000451080000)
  from space 200000K,   3% used [0x0000000451080000, 0x00000004516d2730, 0x000000045d3d0000)
  to   space 200000K,   0% used [0x000000045d3d0000, 0x000000045d3d0000, 0x0000000469720000)
 concurrent mark-sweep generation total 14001024K, used 8734281K [0x0000000469720000, 0x00000007c0000000, 0x00000007c0000000)
 Metaspace       used 44937K, capacity 46232K, committed 46652K, reserved 1091584K
  class space    used 4916K, capacity 5189K, committed 5268K, reserved 1048576K
}
2017-04-16T12:29:51.674-0700: 141915.934: Total time for which application threads were stopped: 0.0140364 seconds, Stopping threads took: 0.0001415 seconds
{Heap before GC invocations=13080 (full 18):
 par new generation   total 1800000K, used 1606473K [0x00000003ef600000, 0x0000000469720000, 0x0000000469720000)
  eden space 1600000K, 100% used [0x00000003ef600000, 0x0000000451080000, 0x0000000451080000)
  from space 200000K,   3% used [0x0000000451080000, 0x00000004516d2730, 0x000000045d3d0000)
  to   space 200000K,   0% used [0x000000045d3d0000, 0x000000045d3d0000, 0x0000000469720000)
 concurrent mark-sweep generation total 14001024K, used 8734281K [0x0000000469720000, 0x00000007c0000000, 0x00000007c0000000)
 Metaspace       used 44937K, capacity 46232K, committed 46652K, reserved 1091584K
  class space    used 4916K, capacity 5189K, committed 5268K, reserved 1048576K
2017-04-16T12:30:05.251-0700: 141929.510: [GC (Allocation Failure) Before GC:
Statistics for BinaryTreeDictionary:
------------------------------------
Total Free Space: 151940509
Max   Chunk Size: 341867
Number of Blocks: 70001
Av.  Block  Size: 2170
Tree      Height: 110
2017-04-16T12:30:05.251-0700: 141929.510: [ParNew
Desired survivor size 102400000 bytes, new threshold 1 (max 1)
- age   1:    8082424 bytes,    8082424 total
: 1606473K->8508K(1800000K), 0.0122529 secs] 10340755K->8743753K(15801024K)After GC:
Statistics for BinaryTreeDictionary:
------------------------------------
Total Free Space: 151928144
Max   Chunk Size: 341867
Number of Blocks: 69978
Av.  Block  Size: 2171
Tree      Height: 110
, 0.0134894 secs] [Times: user=0.30 sys=0.00, real=0.01 secs] 
Heap after GC invocations=13081 (full 18):
 par new generation   total 1800000K, used 8508K [0x00000003ef600000, 0x0000000469720000, 0x0000000469720000)
  eden space 1600000K,   0% used [0x00000003ef600000, 0x00000003ef600000, 0x0000000451080000)
  from space 200000K,   4% used [0x000000045d3d0000, 0x000000045dc1f3c0, 0x0000000469720000)
  to   space 200000K,   0% used [0x0000000451080000, 0x0000000451080000, 0x000000045d3d0000)
 concurrent mark-sweep generation total 14001024K, used 8735244K [0x0000000469720000, 0x00000007c0000000, 0x00000007c0000000)
 Metaspace       used 44937K, capacity 46232K, committed 46652K, reserved 1091584K
  class space    used 4916K, capacity 5189K, committed 5268K, reserved 1048576K
}
2017-04-16T12:30:05.264-0700: 141929.524: Total time for which application threads were stopped: 0.0145811 seconds, Stopping threads took: 0.0001477 seconds
{Heap before GC invocations=13081 (full 18):
 par new generation   total 1800000K, used 1608508K [0x00000003ef600000, 0x0000000469720000, 0x0000000469720000)
  eden space 1600000K, 100% used [0x00000003ef600000, 0x0000000451080000, 0x0000000451080000)
  from space 200000K,   4% used [0x000000045d3d0000, 0x000000045dc1f3c0, 0x0000000469720000)
  to   space 200000K,   0% used [0x0000000451080000, 0x0000000451080000, 0x000000045d3d0000)
 concurrent mark-sweep generation total 14001024K, used 8735244K [0x0000000469720000, 0x00000007c0000000, 0x00000007c0000000)
 Metaspace       used 44937K, capacity 46232K, committed 46652K, reserved 1091584K
  class space    used 4916K, capacity 5189K, committed 5268K, reserved 1048576K
2017-04-16T12:30:18.539-0700: 141942.798: [GC (Allocation Failure) Before GC:
Statistics for BinaryTreeDictionary:
------------------------------------
Total Free Space: 151928144
Max   Chunk Size: 341867
Number of Blocks: 69978
Av.  Block  Size: 2171
Tree      Height: 110
2017-04-16T12:30:18.539-0700: 141942.799: [ParNew
Desired survivor size 102400000 bytes, new threshold 1 (max 1)
- age   1:    6612632 bytes,    6612632 total
: 1608508K->7212K(1800000K), 0.0128019 secs] 10343753K->8744575K(15801024K)After GC:
Statistics for BinaryTreeDictionary:
------------------------------------
Total Free Space: 151870852
Max   Chunk Size: 341867
Number of Blocks: 69959
Av.  Block  Size: 2170
Tree      Height: 110
, 0.0140774 secs] [Times: user=0.31 sys=0.00, real=0.01 secs] 
Heap after GC invocations=13082 (full 18):
 par new generation   total 1800000K, used 7212K [0x00000003ef600000, 0x0000000469720000, 0x0000000469720000)
  eden space 1600000K,   0% used [0x00000003ef600000, 0x00000003ef600000, 0x0000000451080000)
  from space 200000K,   3% used [0x0000000451080000, 0x000000045178b1a0, 0x000000045d3d0000)
  to   space 200000K,   0% used [0x000000045d3d0000, 0x000000045d3d0000, 0x0000000469720000)
 concurrent mark-sweep generation total 14001024K, used 8737363K [0x0000000469720000, 0x00000007c0000000, 0x00000007c0000000)
 Metaspace       used 44937K, capacity 46232K, committed 46652K, reserved 1091584K
  class space    used 4916K, capacity 5189K, committed 5268K, reserved 1048576K
}
2017-04-16T12:30:18.553-0700: 141942.812: Total time for which application threads were stopped: 0.0151962 seconds, Stopping threads took: 0.0001688 seconds
{Heap before GC invocations=13082 (full 18):
 par new generation   total 1800000K, used 1607212K [0x00000003ef600000, 0x0000000469720000, 0x0000000469720000)
  eden space 1600000K, 100% used [0x00000003ef600000, 0x0000000451080000, 0x0000000451080000)
  from space 200000K,   3% used [0x0000000451080000, 0x000000045178b1a0, 0x000000045d3d0000)
  to   space 200000K,   0% used [0x000000045d3d0000, 0x000000045d3d0000, 0x0000000469720000)
 concurrent mark-sweep generation total 14001024K, used 8737363K [0x0000000469720000, 0x00000007c0000000, 0x00000007c0000000)
 Metaspace       used 44937K, capacity 46232K, committed 46652K, reserved 1091584K
  class space    used 4916K, capacity 5189K, committed 5268K, reserved 1048576K
2017-04-16T12:30:32.135-0700: 141956.394: [GC (Allocation Failure) Before GC:
Statistics for BinaryTreeDictionary:
------------------------------------
Total Free Space: 151870852
Max   Chunk Size: 341867
Number of Blocks: 69959
Av.  Block  Size: 2170
Tree      Height: 110
2017-04-16T12:30:32.136-0700: 141956.395: [ParNew
Desired survivor size 102400000 bytes, new threshold 1 (max 1)
- age   1:    7572264 bytes,    7572264 total
: 1607212K->8191K(1800000K), 0.0122583 secs] 10344575K->8746896K(15801024K)After GC:
Statistics for BinaryTreeDictionary:
------------------------------------
Total Free Space: 151862966
Max   Chunk Size: 341867
Number of Blocks: 69941
Av.  Block  Size: 2171
Tree      Height: 110
, 0.0135097 secs] [Times: user=0.30 sys=0.00, real=0.02 secs] 
Heap after GC invocations=13083 (full 18):
 par new generation   total 1800000K, used 8191K [0x00000003ef600000, 0x0000000469720000, 0x0000000469720000)
  eden space 1600000K,   0% used [0x00000003ef600000, 0x00000003ef600000, 0x0000000451080000)
  from space 200000K,   4% used [0x000000045d3d0000, 0x000000045dbcfd30, 0x0000000469720000)
  to   space 200000K,   0% used [0x0000000451080000, 0x0000000451080000, 0x000000045d3d0000)
 concurrent mark-sweep generation total 14001024K, used 8738704K [0x0000000469720000, 0x00000007c0000000, 0x00000007c0000000)
 Metaspace       used 44937K, capacity 46232K, committed 46652K, reserved 1091584K
  class space    used 4916K, capacity 5189K, committed 5268K, reserved 1048576K
}
2017-04-16T12:30:32.149-0700: 141956.408: Total time for which application threads were stopped: 0.0145993 seconds, Stopping threads took: 0.0001566 seconds
{Heap before GC invocations=13083 (full 18):
 par new generation   total 1800000K, used 1608191K [0x00000003ef600000, 0x0000000469720000, 0x0000000469720000)
  eden space 1600000K, 100% used [0x00000003ef600000, 0x0000000451080000, 0x0000000451080000)
  from space 200000K,   4% used [0x000000045d3d0000, 0x000000045dbcfd30, 0x0000000469720000)
  to   space 200000K,   0% used [0x0000000451080000, 0x0000000451080000, 0x000000045d3d0000)
 concurrent mark-sweep generation total 14001024K, used 8738704K [0x0000000469720000, 0x00000007c0000000, 0x00000007c0000000)
 Metaspace       used 44937K, capacity 46232K, committed 46652K, reserved 1091584K
  class space    used 4916K, capacity 5189K, committed 5268K, reserved 1048576K
2017-04-16T12:30:45.280-0700: 141969.539: [GC (Allocation Failure) Before GC:
Statistics for BinaryTreeDictionary:
------------------------------------
Total Free Space: 151862966
Max   Chunk Size: 341867
Number of Blocks: 69941
Av.  Block  Size: 2171
Tree      Height: 110
2017-04-16T12:30:45.280-0700: 141969.540: [ParNew
Desired survivor size 102400000 bytes, new threshold 1 (max 1)
- age   1:    6877160 bytes,    6877160 total
: 1608191K->7347K(1800000K), 0.0124547 secs] 10346896K->8747808K(15801024K)After GC:
Statistics for BinaryTreeDictionary:
------------------------------------
Total Free Space: 151785715
Max   Chunk Size: 341867
Number of Blocks: 69916
Av.  Block  Size: 2170
Tree      Height: 110
, 0.0137165 secs] [Times: user=0.31 sys=0.00, real=0.02 secs] 
Heap after GC invocations=13084 (full 18):
 par new generation   total 1800000K, used 7347K [0x00000003ef600000, 0x0000000469720000, 0x0000000469720000)
  eden space 1600000K,   0% used [0x00000003ef600000, 0x00000003ef600000, 0x0000000451080000)
  from space 200000K,   3% used [0x0000000451080000, 0x00000004517acd40, 0x000000045d3d0000)
  to   space 200000K,   0% used [0x000000045d3d0000, 0x000000045d3d0000, 0x0000000469720000)
 concurrent mark-sweep generation total 14001024K, used 8740461K [0x0000000469720000, 0x00000007c0000000, 0x00000007c0000000)
 Metaspace       used 44937K, capacity 46232K, committed 46652K, reserved 1091584K
  class space    used 4916K, capacity 5189K, committed 5268K, reserved 1048576K
}
2017-04-16T12:30:45.294-0700: 141969.553: Total time for which application threads were stopped: 0.0147944 seconds, Stopping threads took: 0.0001509 seconds
{Heap before GC invocations=13084 (full 18):
 par new generation   total 1800000K, used 1607347K [0x00000003ef600000, 0x0000000469720000, 0x0000000469720000)
  eden space 1600000K, 100% used [0x00000003ef600000, 0x0000000451080000, 0x0000000451080000)
  from space 200000K,   3% used [0x0000000451080000, 0x00000004517acd40, 0x000000045d3d0000)
  to   space 200000K,   0% used [0x000000045d3d0000, 0x000000045d3d0000, 0x0000000469720000)
 concurrent mark-sweep generation total 14001024K, used 8740461K [0x0000000469720000, 0x00000007c0000000, 0x00000007c0000000)
 Metaspace       used 44937K, capacity 46232K, committed 46652K, reserved 1091584K
  class space    used 4916K, capacity 5189K, committed 5268K, reserved 1048576K
2017-04-16T12:30:58.174-0700: 141982.434: [GC (Allocation Failure) Before GC:
Statistics for BinaryTreeDictionary:
------------------------------------
Total Free Space: 151785715
Max   Chunk Size: 341867
Number of Blocks: 69916
Av.  Block  Size: 2170
Tree      Height: 110
2017-04-16T12:30:58.175-0700: 141982.434: [ParNew
Desired survivor size 102400000 bytes, new threshold 1 (max 1)
- age   1:    6932168 bytes,    6932168 total
: 1607347K->7476K(1800000K), 0.0124212 secs] 10347808K->8749403K(15801024K)After GC:
Statistics for BinaryTreeDictionary:
------------------------------------
Total Free Space: 151782995
Max   Chunk Size: 341867
Number of Blocks: 69910
Av.  Block  Size: 2171
Tree      Height: 110
, 0.0136775 secs] [Times: user=0.31 sys=0.00, real=0.01 secs] 
Heap after GC invocations=13085 (full 18):
 par new generation   total 1800000K, used 7476K [0x00000003ef600000, 0x0000000469720000, 0x0000000469720000)
  eden space 1600000K,   0% used [0x00000003ef600000, 0x00000003ef600000, 0x0000000451080000)
  from space 200000K,   3% used [0x000000045d3d0000, 0x000000045db1d2a8, 0x0000000469720000)
  to   space 200000K,   0% used [0x0000000451080000, 0x0000000451080000, 0x000000045d3d0000)
 concurrent mark-sweep generation total 14001024K, used 8741926K [0x0000000469720000, 0x00000007c0000000, 0x00000007c0000000)
 Metaspace       used 44937K, capacity 46232K, committed 46652K, reserved 1091584K
  class space    used 4916K, capacity 5189K, committed 5268K, reserved 1048576K
}
2017-04-16T12:30:58.188-0700: 141982.448: Total time for which application threads were stopped: 0.0147926 seconds, Stopping threads took: 0.0001630 seconds
2017-04-16T12:31:09.819-0700: 141994.078: Total time for which application threads were stopped: 0.0021276 seconds, Stopping threads took: 0.0001429 seconds
{Heap before GC invocations=13085 (full 18):
 par new generation   total 1800000K, used 1607476K [0x00000003ef600000, 0x0000000469720000, 0x0000000469720000)
  eden space 1600000K, 100% used [0x00000003ef600000, 0x0000000451080000, 0x0000000451080000)
  from space 200000K,   3% used [0x000000045d3d0000, 0x000000045db1d2a8, 0x0000000469720000)
  to   space 200000K,   0% used [0x0000000451080000, 0x0000000451080000, 0x000000045d3d0000)
 concurrent mark-sweep generation total 14001024K, used 8741926K [0x0000000469720000, 0x00000007c0000000, 0x00000007c0000000)
 Metaspace       used 44937K, capacity 46232K, committed 46652K, reserved 1091584K
  class space    used 4916K, capacity 5189K, committed 5268K, reserved 1048576K
2017-04-16T12:31:10.579-0700: 141994.838: [GC (Allocation Failure) Before GC:
Statistics for BinaryTreeDictionary:
------------------------------------
Total Free Space: 151782995
Max   Chunk Size: 341867
Number of Blocks: 69910
Av.  Block  Size: 2171
Tree      Height: 110
2017-04-16T12:31:10.579-0700: 141994.839: [ParNew
Desired survivor size 102400000 bytes, new threshold 1 (max 1)
- age   1:    6807968 bytes,    6807968 total
: 1607476K->7332K(1800000K), 0.0122264 secs] 10349403K->8751157K(15801024K)After GC:
Statistics for BinaryTreeDictionary:
------------------------------------
Total Free Space: 151690816
Max   Chunk Size: 341867
Number of Blocks: 69886
Av.  Block  Size: 2170
Tree      Height: 110
, 0.0135425 secs] [Times: user=0.29 sys=0.01, real=0.01 secs] 
Heap after GC invocations=13086 (full 18):
 par new generation   total 1800000K, used 7332K [0x00000003ef600000, 0x0000000469720000, 0x0000000469720000)
  eden space 1600000K,   0% used [0x00000003ef600000, 0x00000003ef600000, 0x0000000451080000)
  from space 200000K,   3% used [0x0000000451080000, 0x00000004517a9290, 0x000000045d3d0000)
  to   space 200000K,   0% used [0x000000045d3d0000, 0x000000045d3d0000, 0x0000000469720000)
 concurrent mark-sweep generation total 14001024K, used 8743825K [0x0000000469720000, 0x00000007c0000000, 0x00000007c0000000)
 Metaspace       used 44937K, capacity 46232K, committed 46652K, reserved 1091584K
  class space    used 4916K, capacity 5189K, committed 5268K, reserved 1048576K
}
2017-04-16T12:31:10.592-0700: 141994.852: Total time for which application threads were stopped: 0.0146628 seconds, Stopping threads took: 0.0001660 seconds
{Heap before GC invocations=13086 (full 18):
 par new generation   total 1800000K, used 1607332K [0x00000003ef600000, 0x0000000469720000, 0x0000000469720000)
  eden space 1600000K, 100% used [0x00000003ef600000, 0x0000000451080000, 0x0000000451080000)
  from space 200000K,   3% used [0x0000000451080000, 0x00000004517a9290, 0x000000045d3d0000)
  to   space 200000K,   0% used [0x000000045d3d0000, 0x000000045d3d0000, 0x0000000469720000)
 concurrent mark-sweep generation total 14001024K, used 8743825K [0x0000000469720000, 0x00000007c0000000, 0x00000007c0000000)
 Metaspace       used 44937K, capacity 46232K, committed 46652K, reserved 1091584K
  class space    used 4916K, capacity 5189K, committed 5268K, reserved 1048576K
2017-04-16T12:31:22.377-0700: 142006.636: [GC (Allocation Failure) Before GC:
Statistics for BinaryTreeDictionary:
------------------------------------
Total Free Space: 151690816
Max   Chunk Size: 341867
Number of Blocks: 69886
Av.  Block  Size: 2170
Tree      Height: 110
2017-04-16T12:31:22.377-0700: 142006.637: [ParNew
Desired survivor size 102400000 bytes, new threshold 1 (max 1)
- age   1:    7354136 bytes,    7354136 total
: 1607332K->7755K(1800000K), 0.0120588 secs] 10351157K->8753378K(15801024K)After GC:
Statistics for BinaryTreeDictionary:
------------------------------------
Total Free Space: 151587213
Max   Chunk Size: 341867
Number of Blocks: 69850
Av.  Block  Size: 2170
Tree      Height: 110
, 0.0133273 secs] [Times: user=0.29 sys=0.01, real=0.01 secs] 
Heap after GC invocations=13087 (full 18):
 par new generation   total 1800000K, used 7755K [0x00000003ef600000, 0x0000000469720000, 0x0000000469720000)
  eden space 1600000K,   0% used [0x00000003ef600000, 0x00000003ef600000, 0x0000000451080000)
  from space 200000K,   3% used [0x000000045d3d0000, 0x000000045db62c18, 0x0000000469720000)
  to   space 200000K,   0% used [0x0000000451080000, 0x0000000451080000, 0x000000045d3d0000)
 concurrent mark-sweep generation total 14001024K, used 8745623K [0x0000000469720000, 0x00000007c0000000, 0x00000007c0000000)
 Metaspace       used 44937K, capacity 46232K, committed 46652K, reserved 1091584K
  class space    used 4916K, capacity 5189K, committed 5268K, reserved 1048576K
}
2017-04-16T12:31:22.390-0700: 142006.649: Total time for which application threads were stopped: 0.0144552 seconds, Stopping threads took: 0.0001600 seconds
{Heap before GC invocations=13087 (full 18):
 par new generation   total 1800000K, used 1607755K [0x00000003ef600000, 0x0000000469720000, 0x0000000469720000)
  eden space 1600000K, 100% used [0x00000003ef600000, 0x0000000451080000, 0x0000000451080000)
  from space 200000K,   3% used [0x000000045d3d0000, 0x000000045db62c18, 0x0000000469720000)
  to   space 200000K,   0% used [0x0000000451080000, 0x0000000451080000, 0x000000045d3d0000)
 concurrent mark-sweep generation total 14001024K, used 8745623K [0x0000000469720000, 0x00000007c0000000, 0x00000007c0000000)
 Metaspace       used 44937K, capacity 46232K, committed 46652K, reserved 1091584K
  class space    used 4916K, capacity 5189K, committed 5268K, reserved 1048576K
2017-04-16T12:31:34.633-0700: 142018.892: [GC (Allocation Failure) Before GC:
Statistics for BinaryTreeDictionary:
------------------------------------
Total Free Space: 151587213
Max   Chunk Size: 341867
Number of Blocks: 69850
Av.  Block  Size: 2170
Tree      Height: 110
2017-04-16T12:31:34.634-0700: 142018.893: [ParNew
Desired survivor size 102400000 bytes, new threshold 1 (max 1)
- age   1:   20669008 bytes,   20669008 total
: 1607755K->20816K(1800000K), 0.0142191 secs] 10353378K->8767446K(15801024K)After GC:
Statistics for BinaryTreeDictionary:
------------------------------------
Total Free Space: 151574021
Max   Chunk Size: 341867
Number of Blocks: 69825
Av.  Block  Size: 2170
Tree      Height: 110
, 0.0155221 secs] [Times: user=0.35 sys=0.00, real=0.02 secs] 
Heap after GC invocations=13088 (full 18):
 par new generation   total 1800000K, used 20816K [0x00000003ef600000, 0x0000000469720000, 0x0000000469720000)
  eden space 1600000K,   0% used [0x00000003ef600000, 0x00000003ef600000, 0x0000000451080000)
  from space 200000K,  10% used [0x0000000451080000, 0x00000004524d4230, 0x000000045d3d0000)
  to   space 200000K,   0% used [0x000000045d3d0000, 0x000000045d3d0000, 0x0000000469720000)
 concurrent mark-sweep generation total 14001024K, used 8746629K [0x0000000469720000, 0x00000007c0000000, 0x00000007c0000000)
 Metaspace       used 44937K, capacity 46232K, committed 46652K, reserved 1091584K
  class space    used 4916K, capacity 5189K, committed 5268K, reserved 1048576K
}
2017-04-16T12:31:34.649-0700: 142018.908: Total time for which application threads were stopped: 0.0166290 seconds, Stopping threads took: 0.0001597 seconds
{Heap before GC invocations=13088 (full 18):
 par new generation   total 1800000K, used 1620816K [0x00000003ef600000, 0x0000000469720000, 0x0000000469720000)
  eden space 1600000K, 100% used [0x00000003ef600000, 0x0000000451080000, 0x0000000451080000)
  from space 200000K,  10% used [0x0000000451080000, 0x00000004524d4230, 0x000000045d3d0000)
  to   space 200000K,   0% used [0x000000045d3d0000, 0x000000045d3d0000, 0x0000000469720000)
 concurrent mark-sweep generation total 14001024K, used 8746629K [0x0000000469720000, 0x00000007c0000000, 0x00000007c0000000)
 Metaspace       used 44937K, capacity 46232K, committed 46652K, reserved 1091584K
  class space    used 4916K, capacity 5189K, committed 5268K, reserved 1048576K
2017-04-16T12:31:47.877-0700: 142032.136: [GC (Allocation Failure) Before GC:
Statistics for BinaryTreeDictionary:
------------------------------------
Total Free Space: 151574021
Max   Chunk Size: 341867
Number of Blocks: 69825
Av.  Block  Size: 2170
Tree      Height: 110
2017-04-16T12:31:47.878-0700: 142032.137: [ParNew
Desired survivor size 102400000 bytes, new threshold 1 (max 1)
- age   1:    6457904 bytes,    6457904 total
: 1620816K->10328K(1800000K), 0.0204105 secs] 10367446K->8766361K(15801024K)After GC:
Statistics for BinaryTreeDictionary:
------------------------------------
Total Free Space: 151270867
Max   Chunk Size: 130597
Number of Blocks: 69807
Av.  Block  Size: 2166
Tree      Height: 110
, 0.0217149 secs] [Times: user=0.32 sys=0.00, real=0.02 secs] 
Heap after GC invocations=13089 (full 18):
 par new generation   total 1800000K, used 10328K [0x00000003ef600000, 0x0000000469720000, 0x0000000469720000)
  eden space 1600000K,   0% used [0x00000003ef600000, 0x00000003ef600000, 0x0000000451080000)
  from space 200000K,   5% used [0x000000045d3d0000, 0x000000045dde6320, 0x0000000469720000)
  to   space 200000K,   0% used [0x0000000451080000, 0x0000000451080000, 0x000000045d3d0000)
 concurrent mark-sweep generation total 14001024K, used 8756033K [0x0000000469720000, 0x00000007c0000000, 0x00000007c0000000)
 Metaspace       used 44937K, capacity 46232K, committed 46652K, reserved 1091584K
  class space    used 4916K, capacity 5189K, committed 5268K, reserved 1048576K
}
2017-04-16T12:31:47.899-0700: 142032.158: Total time for which application threads were stopped: 0.0228228 seconds, Stopping threads took: 0.0001498 seconds
{Heap before GC invocations=13089 (full 18):
 par new generation   total 1800000K, used 1610328K [0x00000003ef600000, 0x0000000469720000, 0x0000000469720000)
  eden space 1600000K, 100% used [0x00000003ef600000, 0x0000000451080000, 0x0000000451080000)
  from space 200000K,   5% used [0x000000045d3d0000, 0x000000045dde6320, 0x0000000469720000)
  to   space 200000K,   0% used [0x0000000451080000, 0x0000000451080000, 0x000000045d3d0000)
 concurrent mark-sweep generation total 14001024K, used 8756033K [0x0000000469720000, 0x00000007c0000000, 0x00000007c0000000)
 Metaspace       used 44937K, capacity 46232K, committed 46652K, reserved 1091584K
  class space    used 4916K, capacity 5189K, committed 5268K, reserved 1048576K
2017-04-16T12:32:00.913-0700: 142045.173: [GC (Allocation Failure) Before GC:
Statistics for BinaryTreeDictionary:
------------------------------------
Total Free Space: 151270867
Max   Chunk Size: 130597
Number of Blocks: 69807
Av.  Block  Size: 2166
Tree      Height: 110
2017-04-16T12:32:00.914-0700: 142045.173: [ParNew
Desired survivor size 102400000 bytes, new threshold 1 (max 1)
- age   1:    6343992 bytes,    6343992 total
: 1610328K->7202K(1800000K), 0.0117044 secs] 10366361K->8764158K(15801024K)After GC:
Statistics for BinaryTreeDictionary:
------------------------------------
Total Free Space: 151264883
Max   Chunk Size: 130597
Number of Blocks: 69795
Av.  Block  Size: 2167
Tree      Height: 110
, 0.0129581 secs] [Times: user=0.29 sys=0.00, real=0.01 secs] 
Heap after GC invocations=13090 (full 18):
 par new generation   total 1800000K, used 7202K [0x00000003ef600000, 0x0000000469720000, 0x0000000469720000)
  eden space 1600000K,   0% used [0x00000003ef600000, 0x00000003ef600000, 0x0000000451080000)
  from space 200000K,   3% used [0x0000000451080000, 0x0000000451788bb0, 0x000000045d3d0000)
  to   space 200000K,   0% used [0x000000045d3d0000, 0x000000045d3d0000, 0x0000000469720000)
 concurrent mark-sweep generation total 14001024K, used 8756955K [0x0000000469720000, 0x00000007c0000000, 0x00000007c0000000)
 Metaspace       used 44937K, capacity 46232K, committed 46652K, reserved 1091584K
  class space    used 4916K, capacity 5189K, committed 5268K, reserved 1048576K
}
2017-04-16T12:32:00.927-0700: 142045.186: Total time for which application threads were stopped: 0.0140609 seconds, Stopping threads took: 0.0001455 seconds
2017-04-16T12:32:09.292-0700: 142053.551: Total time for which application threads were stopped: 0.0021510 seconds, Stopping threads took: 0.0001486 seconds
{Heap before GC invocations=13090 (full 18):
 par new generation   total 1800000K, used 1607202K [0x00000003ef600000, 0x0000000469720000, 0x0000000469720000)
  eden space 1600000K, 100% used [0x00000003ef600000, 0x0000000451080000, 0x0000000451080000)
  from space 200000K,   3% used [0x0000000451080000, 0x0000000451788bb0, 0x000000045d3d0000)
  to   space 200000K,   0% used [0x000000045d3d0000, 0x000000045d3d0000, 0x0000000469720000)
 concurrent mark-sweep generation total 14001024K, used 8756955K [0x0000000469720000, 0x00000007c0000000, 0x00000007c0000000)
 Metaspace       used 44937K, capacity 46232K, committed 46652K, reserved 1091584K
  class space    used 4916K, capacity 5189K, committed 5268K, reserved 1048576K
2017-04-16T12:32:13.630-0700: 142057.889: [GC (Allocation Failure) Before GC:
Statistics for BinaryTreeDictionary:
------------------------------------
Total Free Space: 151264883
Max   Chunk Size: 130597
Number of Blocks: 69795
Av.  Block  Size: 2167
Tree      Height: 110
2017-04-16T12:32:13.630-0700: 142057.890: [ParNew
Desired survivor size 102400000 bytes, new threshold 1 (max 1)
- age   1:    6111608 bytes,    6111608 total
: 1607202K->6399K(1800000K), 0.0120164 secs] 10364158K->8764822K(15801024K)After GC:
Statistics for BinaryTreeDictionary:
------------------------------------
Total Free Space: 151207998
Max   Chunk Size: 130597
Number of Blocks: 69777
Av.  Block  Size: 2167
Tree      Height: 110
, 0.0132483 secs] [Times: user=0.30 sys=0.00, real=0.01 secs] 
Heap after GC invocations=13091 (full 18):
 par new generation   total 1800000K, used 6399K [0x00000003ef600000, 0x0000000469720000, 0x0000000469720000)
  eden space 1600000K,   0% used [0x00000003ef600000, 0x00000003ef600000, 0x0000000451080000)
  from space 200000K,   3% used [0x000000045d3d0000, 0x000000045da0feb8, 0x0000000469720000)
  to   space 200000K,   0% used [0x0000000451080000, 0x0000000451080000, 0x000000045d3d0000)
 concurrent mark-sweep generation total 14001024K, used 8758423K [0x0000000469720000, 0x00000007c0000000, 0x00000007c0000000)
 Metaspace       used 44937K, capacity 46232K, committed 46652K, reserved 1091584K
  class space    used 4916K, capacity 5189K, committed 5268K, reserved 1048576K
}
2017-04-16T12:32:13.643-0700: 142057.903: Total time for which application threads were stopped: 0.0143474 seconds, Stopping threads took: 0.0001658 seconds
{Heap before GC invocations=13091 (full 18):
 par new generation   total 1800000K, used 1606399K [0x00000003ef600000, 0x0000000469720000, 0x0000000469720000)
  eden space 1600000K, 100% used [0x00000003ef600000, 0x0000000451080000, 0x0000000451080000)
  from space 200000K,   3% used [0x000000045d3d0000, 0x000000045da0feb8, 0x0000000469720000)
  to   space 200000K,   0% used [0x0000000451080000, 0x0000000451080000, 0x000000045d3d0000)
 concurrent mark-sweep generation total 14001024K, used 8758423K [0x0000000469720000, 0x00000007c0000000, 0x00000007c0000000)
 Metaspace       used 44937K, capacity 46232K, committed 46652K, reserved 1091584K
  class space    used 4916K, capacity 5189K, committed 5268K, reserved 1048576K
2017-04-16T12:32:26.649-0700: 142070.908: [GC (Allocation Failure) Before GC:
Statistics for BinaryTreeDictionary:
------------------------------------
Total Free Space: 151207998
Max   Chunk Size: 130597
Number of Blocks: 69777
Av.  Block  Size: 2167
Tree      Height: 110
2017-04-16T12:32:26.650-0700: 142070.909: [ParNew
Desired survivor size 102400000 bytes, new threshold 1 (max 1)
- age   1:    6076496 bytes,    6076496 total
: 1606399K->6463K(1800000K), 0.0118924 secs] 10364822K->8766212K(15801024K)After GC:
Statistics for BinaryTreeDictionary:
------------------------------------
Total Free Space: 151164680
Max   Chunk Size: 130597
Number of Blocks: 69752
Av.  Block  Size: 2167
Tree      Height: 110
, 0.0131198 secs] [Times: user=0.29 sys=0.00, real=0.01 secs] 
Heap after GC invocations=13092 (full 18):
 par new generation   total 1800000K, used 6463K [0x00000003ef600000, 0x0000000469720000, 0x0000000469720000)
  eden space 1600000K,   0% used [0x00000003ef600000, 0x00000003ef600000, 0x0000000451080000)
  from space 200000K,   3% used [0x0000000451080000, 0x00000004516cfea0, 0x000000045d3d0000)
  to   space 200000K,   0% used [0x000000045d3d0000, 0x000000045d3d0000, 0x0000000469720000)
 concurrent mark-sweep generation total 14001024K, used 8759749K [0x0000000469720000, 0x00000007c0000000, 0x00000007c0000000)
 Metaspace       used 44937K, capacity 46232K, committed 46652K, reserved 1091584K
  class space    used 4916K, capacity 5189K, committed 5268K, reserved 1048576K
}
2017-04-16T12:32:26.662-0700: 142070.922: Total time for which application threads were stopped: 0.0141905 seconds, Stopping threads took: 0.0001477 seconds
{Heap before GC invocations=13092 (full 18):
 par new generation   total 1800000K, used 1606463K [0x00000003ef600000, 0x0000000469720000, 0x0000000469720000)
  eden space 1600000K, 100% used [0x00000003ef600000, 0x0000000451080000, 0x0000000451080000)
  from space 200000K,   3% used [0x0000000451080000, 0x00000004516cfea0, 0x000000045d3d0000)
  to   space 200000K,   0% used [0x000000045d3d0000, 0x000000045d3d0000, 0x0000000469720000)
 concurrent mark-sweep generation total 14001024K, used 8759749K [0x0000000469720000, 0x00000007c0000000, 0x00000007c0000000)
 Metaspace       used 44937K, capacity 46232K, committed 46652K, reserved 1091584K
  class space    used 4916K, capacity 5189K, committed 5268K, reserved 1048576K
2017-04-16T12:32:39.291-0700: 142083.550: [GC (Allocation Failure) Before GC:
Statistics for BinaryTreeDictionary:
------------------------------------
Total Free Space: 151164680
Max   Chunk Size: 130597
Number of Blocks: 69752
Av.  Block  Size: 2167
Tree      Height: 110
2017-04-16T12:32:39.291-0700: 142083.551: [ParNew
Desired survivor size 102400000 bytes, new threshold 1 (max 1)
- age   1:    6167280 bytes,    6167280 total
: 1606463K->6451K(1800000K), 0.0121579 secs] 10366212K->8767510K(15801024K)After GC:
Statistics for BinaryTreeDictionary:
------------------------------------
Total Free Space: 151121770
Max   Chunk Size: 130597
Number of Blocks: 69732
Av.  Block  Size: 2167
Tree      Height: 110
, 0.0133839 secs] [Times: user=0.29 sys=0.01, real=0.01 secs] 
Heap after GC invocations=13093 (full 18):
 par new generation   total 1800000K, used 6451K [0x00000003ef600000, 0x0000000469720000, 0x0000000469720000)
  eden space 1600000K,   0% used [0x00000003ef600000, 0x00000003ef600000, 0x0000000451080000)
  from space 200000K,   3% used [0x000000045d3d0000, 0x000000045da1cf08, 0x0000000469720000)
  to   space 200000K,   0% used [0x0000000451080000, 0x0000000451080000, 0x000000045d3d0000)
 concurrent mark-sweep generation total 14001024K, used 8761058K [0x0000000469720000, 0x00000007c0000000, 0x00000007c0000000)
 Metaspace       used 44937K, capacity 46232K, committed 46652K, reserved 1091584K
  class space    used 4916K, capacity 5189K, committed 5268K, reserved 1048576K
}
2017-04-16T12:32:39.304-0700: 142083.563: Total time for which application threads were stopped: 0.0144827 seconds, Stopping threads took: 0.0001648 seconds
2017-04-16T12:32:39.724-0700: 142083.983: Total time for which application threads were stopped: 0.0021340 seconds, Stopping threads took: 0.0001448 seconds
{Heap before GC invocations=13093 (full 18):
 par new generation   total 1800000K, used 1606451K [0x00000003ef600000, 0x0000000469720000, 0x0000000469720000)
  eden space 1600000K, 100% used [0x00000003ef600000, 0x0000000451080000, 0x0000000451080000)
  from space 200000K,   3% used [0x000000045d3d0000, 0x000000045da1cf08, 0x0000000469720000)
  to   space 200000K,   0% used [0x0000000451080000, 0x0000000451080000, 0x000000045d3d0000)
 concurrent mark-sweep generation total 14001024K, used 8761058K [0x0000000469720000, 0x00000007c0000000, 0x00000007c0000000)
 Metaspace       used 44937K, capacity 46232K, committed 46652K, reserved 1091584K
  class space    used 4916K, capacity 5189K, committed 5268K, reserved 1048576K
2017-04-16T12:32:49.875-0700: 142094.134: [GC (Allocation Failure) Before GC:
Statistics for BinaryTreeDictionary:
------------------------------------
Total Free Space: 151121770
Max   Chunk Size: 130597
Number of Blocks: 69732
Av.  Block  Size: 2167
Tree      Height: 110
2017-04-16T12:32:49.875-0700: 142094.135: [ParNew
Desired survivor size 102400000 bytes, new threshold 1 (max 1)
- age   1:    7056952 bytes,    7056952 total
: 1606451K->7456K(1800000K), 0.0118147 secs] 10367510K->8769906K(15801024K)After GC:
Statistics for BinaryTreeDictionary:
------------------------------------
Total Free Space: 151078860
Max   Chunk Size: 130597
Number of Blocks: 69710
Av.  Block  Size: 2167
Tree      Height: 110
, 0.0130835 secs] [Times: user=0.29 sys=0.00, real=0.01 secs] 
Heap after GC invocations=13094 (full 18):
 par new generation   total 1800000K, used 7456K [0x00000003ef600000, 0x0000000469720000, 0x0000000469720000)
  eden space 1600000K,   0% used [0x00000003ef600000, 0x00000003ef600000, 0x0000000451080000)
  from space 200000K,   3% used [0x0000000451080000, 0x00000004517c83b8, 0x000000045d3d0000)
  to   space 200000K,   0% used [0x000000045d3d0000, 0x000000045d3d0000, 0x0000000469720000)
 concurrent mark-sweep generation total 14001024K, used 8762449K [0x0000000469720000, 0x00000007c0000000, 0x00000007c0000000)
 Metaspace       used 44937K, capacity 46232K, committed 46652K, reserved 1091584K
  class space    used 4916K, capacity 5189K, committed 5268K, reserved 1048576K
}
2017-04-16T12:32:49.888-0700: 142094.147: Total time for which application threads were stopped: 0.0141659 seconds, Stopping threads took: 0.0001470 seconds
{Heap before GC invocations=13094 (full 18):
 par new generation   total 1800000K, used 1607456K [0x00000003ef600000, 0x0000000469720000, 0x0000000469720000)
  eden space 1600000K, 100% used [0x00000003ef600000, 0x0000000451080000, 0x0000000451080000)
  from space 200000K,   3% used [0x0000000451080000, 0x00000004517c83b8, 0x000000045d3d0000)
  to   space 200000K,   0% used [0x000000045d3d0000, 0x000000045d3d0000, 0x0000000469720000)
 concurrent mark-sweep generation total 14001024K, used 8762449K [0x0000000469720000, 0x00000007c0000000, 0x00000007c0000000)
 Metaspace       used 44937K, capacity 46232K, committed 46652K, reserved 1091584K
  class space    used 4916K, capacity 5189K, committed 5268K, reserved 1048576K
2017-04-16T12:33:03.371-0700: 142107.631: [GC (Allocation Failure) Before GC:
Statistics for BinaryTreeDictionary:
------------------------------------
Total Free Space: 151078860
Max   Chunk Size: 130597
Number of Blocks: 69710
Av.  Block  Size: 2167
Tree      Height: 110
2017-04-16T12:33:03.372-0700: 142107.631: [ParNew
Desired survivor size 102400000 bytes, new threshold 1 (max 1)
- age   1:    6312912 bytes,    6312912 total
: 1607456K->6727K(1800000K), 0.0118661 secs] 10369906K->8770703K(15801024K)After GC:
Statistics for BinaryTreeDictionary:
------------------------------------
Total Free Space: 150987328
Max   Chunk Size: 130597
Number of Blocks: 69670
Av.  Block  Size: 2167
Tree      Height: 110
, 0.0131007 secs] [Times: user=0.30 sys=0.00, real=0.01 secs] 
Heap after GC invocations=13095 (full 18):
 par new generation   total 1800000K, used 6727K [0x00000003ef600000, 0x0000000469720000, 0x0000000469720000)
  eden space 1600000K,   0% used [0x00000003ef600000, 0x00000003ef600000, 0x0000000451080000)
  from space 200000K,   3% used [0x000000045d3d0000, 0x000000045da61e78, 0x0000000469720000)
  to   space 200000K,   0% used [0x0000000451080000, 0x0000000451080000, 0x000000045d3d0000)
 concurrent mark-sweep generation total 14001024K, used 8763976K [0x0000000469720000, 0x00000007c0000000, 0x00000007c0000000)
 Metaspace       used 44937K, capacity 46232K, committed 46652K, reserved 1091584K
  class space    used 4916K, capacity 5189K, committed 5268K, reserved 1048576K
}
2017-04-16T12:33:03.385-0700: 142107.644: Total time for which application threads were stopped: 0.0141931 seconds, Stopping threads took: 0.0001482 seconds
{Heap before GC invocations=13095 (full 18):
 par new generation   total 1800000K, used 1606727K [0x00000003ef600000, 0x0000000469720000, 0x0000000469720000)
  eden space 1600000K, 100% used [0x00000003ef600000, 0x0000000451080000, 0x0000000451080000)
  from space 200000K,   3% used [0x000000045d3d0000, 0x000000045da61e78, 0x0000000469720000)
  to   space 200000K,   0% used [0x0000000451080000, 0x0000000451080000, 0x000000045d3d0000)
 concurrent mark-sweep generation total 14001024K, used 8763976K [0x0000000469720000, 0x00000007c0000000, 0x00000007c0000000)
 Metaspace       used 44937K, capacity 46232K, committed 46652K, reserved 1091584K
  class space    used 4916K, capacity 5189K, committed 5268K, reserved 1048576K
2017-04-16T12:33:16.519-0700: 142120.778: [GC (Allocation Failure) Before GC:
Statistics for BinaryTreeDictionary:
------------------------------------
Total Free Space: 150987328
Max   Chunk Size: 130597
Number of Blocks: 69670
Av.  Block  Size: 2167
Tree      Height: 110
2017-04-16T12:33:16.520-0700: 142120.779: [ParNew
Desired survivor size 102400000 bytes, new threshold 1 (max 1)
- age   1:    5797256 bytes,    5797256 total
: 1606727K->6121K(1800000K), 0.0121970 secs] 10370703K->8771911K(15801024K)After GC:
Statistics for BinaryTreeDictionary:
------------------------------------
Total Free Space: 150884030
Max   Chunk Size: 130597
Number of Blocks: 69659
Av.  Block  Size: 2166
Tree      Height: 110
, 0.0134444 secs] [Times: user=0.30 sys=0.00, real=0.01 secs] 
Heap after GC invocations=13096 (full 18):
 par new generation   total 1800000K, used 6121K [0x00000003ef600000, 0x0000000469720000, 0x0000000469720000)
  eden space 1600000K,   0% used [0x00000003ef600000, 0x00000003ef600000, 0x0000000451080000)
  from space 200000K,   3% used [0x0000000451080000, 0x000000045167a528, 0x000000045d3d0000)
  to   space 200000K,   0% used [0x000000045d3d0000, 0x000000045d3d0000, 0x0000000469720000)
 concurrent mark-sweep generation total 14001024K, used 8765790K [0x0000000469720000, 0x00000007c0000000, 0x00000007c0000000)
 Metaspace       used 44937K, capacity 46232K, committed 46652K, reserved 1091584K
  class space    used 4916K, capacity 5189K, committed 5268K, reserved 1048576K
}
2017-04-16T12:33:16.533-0700: 142120.792: Total time for which application threads were stopped: 0.0145447 seconds, Stopping threads took: 0.0001535 seconds
{Heap before GC invocations=13096 (full 18):
 par new generation   total 1800000K, used 1606121K [0x00000003ef600000, 0x0000000469720000, 0x0000000469720000)
  eden space 1600000K, 100% used [0x00000003ef600000, 0x0000000451080000, 0x0000000451080000)
  from space 200000K,   3% used [0x0000000451080000, 0x000000045167a528, 0x000000045d3d0000)
  to   space 200000K,   0% used [0x000000045d3d0000, 0x000000045d3d0000, 0x0000000469720000)
 concurrent mark-sweep generation total 14001024K, used 8765790K [0x0000000469720000, 0x00000007c0000000, 0x00000007c0000000)
 Metaspace       used 44937K, capacity 46232K, committed 46652K, reserved 1091584K
  class space    used 4916K, capacity 5189K, committed 5268K, reserved 1048576K
2017-04-16T12:33:29.512-0700: 142133.771: [GC (Allocation Failure) Before GC:
Statistics for BinaryTreeDictionary:
------------------------------------
Total Free Space: 150884030
Max   Chunk Size: 130597
Number of Blocks: 69659
Av.  Block  Size: 2166
Tree      Height: 110
2017-04-16T12:33:29.512-0700: 142133.772: [ParNew
Desired survivor size 102400000 bytes, new threshold 1 (max 1)
- age   1:    7196840 bytes,    7196840 total
: 1606121K->7482K(1800000K), 0.0121070 secs] 10371911K->8774825K(15801024K)After GC:
Statistics for BinaryTreeDictionary:
------------------------------------
Total Free Space: 150819801
Max   Chunk Size: 130597
Number of Blocks: 69625
Av.  Block  Size: 2166
Tree      Height: 110
, 0.0133406 secs] [Times: user=0.30 sys=0.00, real=0.01 secs] 
Heap after GC invocations=13097 (full 18):
 par new generation   total 1800000K, used 7482K [0x00000003ef600000, 0x0000000469720000, 0x0000000469720000)
  eden space 1600000K,   0% used [0x00000003ef600000, 0x00000003ef600000, 0x0000000451080000)
  from space 200000K,   3% used [0x000000045d3d0000, 0x000000045db1e870, 0x0000000469720000)
  to   space 200000K,   0% used [0x0000000451080000, 0x0000000451080000, 0x000000045d3d0000)
 concurrent mark-sweep generation total 14001024K, used 8767342K [0x0000000469720000, 0x00000007c0000000, 0x00000007c0000000)
 Metaspace       used 44937K, capacity 46232K, committed 46652K, reserved 1091584K
  class space    used 4916K, capacity 5189K, committed 5268K, reserved 1048576K
}
2017-04-16T12:33:29.525-0700: 142133.785: Total time for which application threads were stopped: 0.0144496 seconds, Stopping threads took: 0.0001641 seconds
{Heap before GC invocations=13097 (full 18):
 par new generation   total 1800000K, used 1607482K [0x00000003ef600000, 0x0000000469720000, 0x0000000469720000)
  eden space 1600000K, 100% used [0x00000003ef600000, 0x0000000451080000, 0x0000000451080000)
  from space 200000K,   3% used [0x000000045d3d0000, 0x000000045db1e870, 0x0000000469720000)
  to   space 200000K,   0% used [0x0000000451080000, 0x0000000451080000, 0x000000045d3d0000)
 concurrent mark-sweep generation total 14001024K, used 8767342K [0x0000000469720000, 0x00000007c0000000, 0x00000007c0000000)
 Metaspace       used 44937K, capacity 46232K, committed 46652K, reserved 1091584K
  class space    used 4916K, capacity 5189K, committed 5268K, reserved 1048576K
2017-04-16T12:33:42.242-0700: 142146.501: [GC (Allocation Failure) Before GC:
Statistics for BinaryTreeDictionary:
------------------------------------
Total Free Space: 150819801
Max   Chunk Size: 130597
Number of Blocks: 69625
Av.  Block  Size: 2166
Tree      Height: 110
2017-04-16T12:33:42.242-0700: 142146.502: [ParNew
Desired survivor size 102400000 bytes, new threshold 1 (max 1)
- age   1:    6143072 bytes,    6143072 total
: 1607482K->6670K(1800000K), 0.0117600 secs] 10374825K->8775326K(15801024K)After GC:
Statistics for BinaryTreeDictionary:
------------------------------------
Total Free Space: 150773899
Max   Chunk Size: 130597
Number of Blocks: 69597
Av.  Block  Size: 2166
Tree      Height: 110
, 0.0129943 secs] [Times: user=0.29 sys=0.00, real=0.01 secs] 
Heap after GC invocations=13098 (full 18):
 par new generation   total 1800000K, used 6670K [0x00000003ef600000, 0x0000000469720000, 0x0000000469720000)
  eden space 1600000K,   0% used [0x00000003ef600000, 0x00000003ef600000, 0x0000000451080000)
  from space 200000K,   3% used [0x0000000451080000, 0x0000000451703b10, 0x000000045d3d0000)
  to   space 200000K,   0% used [0x000000045d3d0000, 0x000000045d3d0000, 0x0000000469720000)
 concurrent mark-sweep generation total 14001024K, used 8768656K [0x0000000469720000, 0x00000007c0000000, 0x00000007c0000000)
 Metaspace       used 44937K, capacity 46232K, committed 46652K, reserved 1091584K
  class space    used 4916K, capacity 5189K, committed 5268K, reserved 1048576K
}
2017-04-16T12:33:42.255-0700: 142146.514: Total time for which application threads were stopped: 0.0140609 seconds, Stopping threads took: 0.0001480 seconds
{Heap before GC invocations=13098 (full 18):
 par new generation   total 1800000K, used 1606670K [0x00000003ef600000, 0x0000000469720000, 0x0000000469720000)
  eden space 1600000K, 100% used [0x00000003ef600000, 0x0000000451080000, 0x0000000451080000)
  from space 200000K,   3% used [0x0000000451080000, 0x0000000451703b10, 0x000000045d3d0000)
  to   space 200000K,   0% used [0x000000045d3d0000, 0x000000045d3d0000, 0x0000000469720000)
 concurrent mark-sweep generation total 14001024K, used 8768656K [0x0000000469720000, 0x00000007c0000000, 0x00000007c0000000)
 Metaspace       used 44937K, capacity 46232K, committed 46652K, reserved 1091584K
  class space    used 4916K, capacity 5189K, committed 5268K, reserved 1048576K
2017-04-16T12:33:55.384-0700: 142159.644: [GC (Allocation Failure) Before GC:
Statistics for BinaryTreeDictionary:
------------------------------------
Total Free Space: 150773899
Max   Chunk Size: 130597
Number of Blocks: 69597
Av.  Block  Size: 2166
Tree      Height: 110
2017-04-16T12:33:55.385-0700: 142159.644: [ParNew
Desired survivor size 102400000 bytes, new threshold 1 (max 1)
- age   1:    6915888 bytes,    6915888 total
: 1606670K->7286K(1800000K), 0.0118356 secs] 10375326K->8776961K(15801024K)After GC:
Statistics for BinaryTreeDictionary:
------------------------------------
Total Free Space: 150761931
Max   Chunk Size: 130597
Number of Blocks: 69575
Av.  Block  Size: 2166
Tree      Height: 110
, 0.0130902 secs] [Times: user=0.30 sys=0.00, real=0.01 secs] 
Heap after GC invocations=13099 (full 18):
 par new generation   total 1800000K, used 7286K [0x00000003ef600000, 0x0000000469720000, 0x0000000469720000)
  eden space 1600000K,   0% used [0x00000003ef600000, 0x00000003ef600000, 0x0000000451080000)
  from space 200000K,   3% used [0x000000045d3d0000, 0x000000045daed8b0, 0x0000000469720000)
  to   space 200000K,   0% used [0x0000000451080000, 0x0000000451080000, 0x000000045d3d0000)
 concurrent mark-sweep generation total 14001024K, used 8769675K [0x0000000469720000, 0x00000007c0000000, 0x00000007c0000000)
 Metaspace       used 44937K, capacity 46232K, committed 46652K, reserved 1091584K
  class space    used 4916K, capacity 5189K, committed 5268K, reserved 1048576K
}
2017-04-16T12:33:55.398-0700: 142159.657: Total time for which application threads were stopped: 0.0141751 seconds, Stopping threads took: 0.0001576 seconds
{Heap before GC invocations=13099 (full 18):
 par new generation   total 1800000K, used 1607286K [0x00000003ef600000, 0x0000000469720000, 0x0000000469720000)
  eden space 1600000K, 100% used [0x00000003ef600000, 0x0000000451080000, 0x0000000451080000)
  from space 200000K,   3% used [0x000000045d3d0000, 0x000000045daed8b0, 0x0000000469720000)
  to   space 200000K,   0% used [0x0000000451080000, 0x0000000451080000, 0x000000045d3d0000)
 concurrent mark-sweep generation total 14001024K, used 8769675K [0x0000000469720000, 0x00000007c0000000, 0x00000007c0000000)
 Metaspace       used 44937K, capacity 46232K, committed 46652K, reserved 1091584K
  class space    used 4916K, capacity 5189K, committed 5268K, reserved 1048576K
2017-04-16T12:34:08.314-0700: 142172.573: [GC (Allocation Failure) Before GC:
Statistics for BinaryTreeDictionary:
------------------------------------
Total Free Space: 150761931
Max   Chunk Size: 130597
Number of Blocks: 69575
Av.  Block  Size: 2166
Tree      Height: 110
2017-04-16T12:34:08.314-0700: 142172.574: [ParNew
Desired survivor size 102400000 bytes, new threshold 1 (max 1)
- age   1:    5951192 bytes,    5951192 total
: 1607286K->6514K(1800000K), 0.0118236 secs] 10376961K->8777483K(15801024K)After GC:
Statistics for BinaryTreeDictionary:
------------------------------------
Total Free Space: 150724597
Max   Chunk Size: 130597
Number of Blocks: 69566
Av.  Block  Size: 2166
Tree      Height: 110
, 0.0130468 secs] [Times: user=0.29 sys=0.00, real=0.01 secs] 
Heap after GC invocations=13100 (full 18):
 par new generation   total 1800000K, used 6514K [0x00000003ef600000, 0x0000000469720000, 0x0000000469720000)
  eden space 1600000K,   0% used [0x00000003ef600000, 0x00000003ef600000, 0x0000000451080000)
  from space 200000K,   3% used [0x0000000451080000, 0x00000004516dca98, 0x000000045d3d0000)
  to   space 200000K,   0% used [0x000000045d3d0000, 0x000000045d3d0000, 0x0000000469720000)
 concurrent mark-sweep generation total 14001024K, used 8770969K [0x0000000469720000, 0x00000007c0000000, 0x00000007c0000000)
 Metaspace       used 44937K, capacity 46232K, committed 46652K, reserved 1091584K
  class space    used 4916K, capacity 5189K, committed 5268K, reserved 1048576K
}
2017-04-16T12:34:08.327-0700: 142172.586: Total time for which application threads were stopped: 0.0141596 seconds, Stopping threads took: 0.0001591 seconds
2017-04-16T12:34:09.685-0700: 142173.944: Total time for which application threads were stopped: 0.0021701 seconds, Stopping threads took: 0.0001413 seconds
2017-04-16T12:34:09.694-0700: 142173.953: Total time for which application threads were stopped: 0.0010978 seconds, Stopping threads took: 0.0000407 seconds
2017-04-16T12:34:11.632-0700: 142175.892: Total time for which application threads were stopped: 0.0009109 seconds, Stopping threads took: 0.0001662 seconds
{Heap before GC invocations=13100 (full 18):
 par new generation   total 1800000K, used 1606514K [0x00000003ef600000, 0x0000000469720000, 0x0000000469720000)
  eden space 1600000K, 100% used [0x00000003ef600000, 0x0000000451080000, 0x0000000451080000)
  from space 200000K,   3% used [0x0000000451080000, 0x00000004516dca98, 0x000000045d3d0000)
  to   space 200000K,   0% used [0x000000045d3d0000, 0x000000045d3d0000, 0x0000000469720000)
 concurrent mark-sweep generation total 14001024K, used 8770969K [0x0000000469720000, 0x00000007c0000000, 0x00000007c0000000)
 Metaspace       used 44937K, capacity 46232K, committed 46652K, reserved 1091584K
  class space    used 4916K, capacity 5189K, committed 5268K, reserved 1048576K
2017-04-16T12:34:19.700-0700: 142183.959: [GC (Allocation Failure) Before GC:
Statistics for BinaryTreeDictionary:
------------------------------------
Total Free Space: 150724597
Max   Chunk Size: 130597
Number of Blocks: 69566
Av.  Block  Size: 2166
Tree      Height: 110
2017-04-16T12:34:19.701-0700: 142183.960: [ParNew
Desired survivor size 102400000 bytes, new threshold 1 (max 1)
- age   1:    6221048 bytes,    6221048 total
: 1606514K->6672K(1800000K), 0.0120947 secs] 10377483K->8778837K(15801024K)After GC:
Statistics for BinaryTreeDictionary:
------------------------------------
Total Free Space: 150696750
Max   Chunk Size: 130597
Number of Blocks: 69542
Av.  Block  Size: 2166
Tree      Height: 110
, 0.0133210 secs] [Times: user=0.30 sys=0.00, real=0.02 secs] 
Heap after GC invocations=13101 (full 18):
 par new generation   total 1800000K, used 6672K [0x00000003ef600000, 0x0000000469720000, 0x0000000469720000)
  eden space 1600000K,   0% used [0x00000003ef600000, 0x00000003ef600000, 0x0000000451080000)
  from space 200000K,   3% used [0x000000045d3d0000, 0x000000045da54368, 0x0000000469720000)
  to   space 200000K,   0% used [0x0000000451080000, 0x0000000451080000, 0x000000045d3d0000)
 concurrent mark-sweep generation total 14001024K, used 8772164K [0x0000000469720000, 0x00000007c0000000, 0x00000007c0000000)
 Metaspace       used 44937K, capacity 46232K, committed 46652K, reserved 1091584K
  class space    used 4916K, capacity 5189K, committed 5268K, reserved 1048576K
}
2017-04-16T12:34:19.714-0700: 142183.973: Total time for which application threads were stopped: 0.0144135 seconds, Stopping threads took: 0.0001581 seconds
{Heap before GC invocations=13101 (full 18):
 par new generation   total 1800000K, used 1606672K [0x00000003ef600000, 0x0000000469720000, 0x0000000469720000)
  eden space 1600000K, 100% used [0x00000003ef600000, 0x0000000451080000, 0x0000000451080000)
  from space 200000K,   3% used [0x000000045d3d0000, 0x000000045da54368, 0x0000000469720000)
  to   space 200000K,   0% used [0x0000000451080000, 0x0000000451080000, 0x000000045d3d0000)
 concurrent mark-sweep generation total 14001024K, used 8772164K [0x0000000469720000, 0x00000007c0000000, 0x00000007c0000000)
 Metaspace       used 44937K, capacity 46232K, committed 46652K, reserved 1091584K
  class space    used 4916K, capacity 5189K, committed 5268K, reserved 1048576K
2017-04-16T12:34:32.892-0700: 142197.151: [GC (Allocation Failure) Before GC:
Statistics for BinaryTreeDictionary:
------------------------------------
Total Free Space: 150696750
Max   Chunk Size: 130597
Number of Blocks: 69542
Av.  Block  Size: 2166
Tree      Height: 110
2017-04-16T12:34:32.893-0700: 142197.152: [ParNew
Desired survivor size 102400000 bytes, new threshold 1 (max 1)
- age   1:    6955840 bytes,    6955840 total
: 1606672K->7460K(1800000K), 0.0118577 secs] 10378837K->8781112K(15801024K)After GC:
Statistics for BinaryTreeDictionary:
------------------------------------
Total Free Space: 150624905
Max   Chunk Size: 130597
Number of Blocks: 69504
Av.  Block  Size: 2167
Tree      Height: 110
, 0.0130985 secs] [Times: user=0.30 sys=0.00, real=0.01 secs] 
Heap after GC invocations=13102 (full 18):
 par new generation   total 1800000K, used 7460K [0x00000003ef600000, 0x0000000469720000, 0x0000000469720000)
  eden space 1600000K,   0% used [0x00000003ef600000, 0x00000003ef600000, 0x0000000451080000)
  from space 200000K,   3% used [0x0000000451080000, 0x00000004517c93b0, 0x000000045d3d0000)
  to   space 200000K,   0% used [0x000000045d3d0000, 0x000000045d3d0000, 0x0000000469720000)
 concurrent mark-sweep generation total 14001024K, used 8773652K [0x0000000469720000, 0x00000007c0000000, 0x00000007c0000000)
 Metaspace       used 44937K, capacity 46232K, committed 46652K, reserved 1091584K
  class space    used 4916K, capacity 5189K, committed 5268K, reserved 1048576K
}
2017-04-16T12:34:32.905-0700: 142197.165: Total time for which application threads were stopped: 0.0141973 seconds, Stopping threads took: 0.0001572 seconds
{Heap before GC invocations=13102 (full 18):
 par new generation   total 1800000K, used 1607460K [0x00000003ef600000, 0x0000000469720000, 0x0000000469720000)
  eden space 1600000K, 100% used [0x00000003ef600000, 0x0000000451080000, 0x0000000451080000)
  from space 200000K,   3% used [0x0000000451080000, 0x00000004517c93b0, 0x000000045d3d0000)
  to   space 200000K,   0% used [0x000000045d3d0000, 0x000000045d3d0000, 0x0000000469720000)
 concurrent mark-sweep generation total 14001024K, used 8773652K [0x0000000469720000, 0x00000007c0000000, 0x00000007c0000000)
 Metaspace       used 44937K, capacity 46232K, committed 46652K, reserved 1091584K
  class space    used 4916K, capacity 5189K, committed 5268K, reserved 1048576K
2017-04-16T12:34:46.381-0700: 142210.640: [GC (Allocation Failure) Before GC:
Statistics for BinaryTreeDictionary:
------------------------------------
Total Free Space: 150624905
Max   Chunk Size: 130597
Number of Blocks: 69504
Av.  Block  Size: 2167
Tree      Height: 110
2017-04-16T12:34:46.382-0700: 142210.641: [ParNew
Desired survivor size 102400000 bytes, new threshold 1 (max 1)
- age   1:    6278360 bytes,    6278360 total
: 1607460K->6680K(1800000K), 0.0121804 secs] 10381112K->8781641K(15801024K)After GC:
Statistics for BinaryTreeDictionary:
------------------------------------
Total Free Space: 150584579
Max   Chunk Size: 130597
Number of Blocks: 69487
Av.  Block  Size: 2167
Tree      Height: 110
, 0.0134378 secs] [Times: user=0.30 sys=0.00, real=0.01 secs] 
Heap after GC invocations=13103 (full 18):
 par new generation   total 1800000K, used 6680K [0x00000003ef600000, 0x0000000469720000, 0x0000000469720000)
  eden space 1600000K,   0% used [0x00000003ef600000, 0x00000003ef600000, 0x0000000451080000)
  from space 200000K,   3% used [0x000000045d3d0000, 0x000000045da563a0, 0x0000000469720000)
  to   space 200000K,   0% used [0x0000000451080000, 0x0000000451080000, 0x000000045d3d0000)
 concurrent mark-sweep generation total 14001024K, used 8774960K [0x0000000469720000, 0x00000007c0000000, 0x00000007c0000000)
 Metaspace       used 44937K, capacity 46232K, committed 46652K, reserved 1091584K
  class space    used 4916K, capacity 5189K, committed 5268K, reserved 1048576K
}
2017-04-16T12:34:46.395-0700: 142210.654: Total time for which application threads were stopped: 0.0145453 seconds, Stopping threads took: 0.0001627 seconds
{Heap before GC invocations=13103 (full 18):
 par new generation   total 1800000K, used 1606680K [0x00000003ef600000, 0x0000000469720000, 0x0000000469720000)
  eden space 1600000K, 100% used [0x00000003ef600000, 0x0000000451080000, 0x0000000451080000)
  from space 200000K,   3% used [0x000000045d3d0000, 0x000000045da563a0, 0x0000000469720000)
  to   space 200000K,   0% used [0x0000000451080000, 0x0000000451080000, 0x000000045d3d0000)
 concurrent mark-sweep generation total 14001024K, used 8774960K [0x0000000469720000, 0x00000007c0000000, 0x00000007c0000000)
 Metaspace       used 44937K, capacity 46232K, committed 46652K, reserved 1091584K
  class space    used 4916K, capacity 5189K, committed 5268K, reserved 1048576K
2017-04-16T12:34:59.539-0700: 142223.798: [GC (Allocation Failure) Before GC:
Statistics for BinaryTreeDictionary:
------------------------------------
Total Free Space: 150584579
Max   Chunk Size: 130597
Number of Blocks: 69487
Av.  Block  Size: 2167
Tree      Height: 110
2017-04-16T12:34:59.540-0700: 142223.799: [ParNew
Desired survivor size 102400000 bytes, new threshold 1 (max 1)
- age   1:   10989088 bytes,   10989088 total
: 1606680K->11303K(1800000K), 0.0121508 secs] 10381641K->8787642K(15801024K)After GC:
Statistics for BinaryTreeDictionary:
------------------------------------
Total Free Space: 150527694
Max   Chunk Size: 130597
Number of Blocks: 69473
Av.  Block  Size: 2166
Tree      Height: 110
, 0.0134098 secs] [Times: user=0.30 sys=0.00, real=0.02 secs] 
Heap after GC invocations=13104 (full 18):
 par new generation   total 1800000K, used 11303K [0x00000003ef600000, 0x0000000469720000, 0x0000000469720000)
  eden space 1600000K,   0% used [0x00000003ef600000, 0x00000003ef600000, 0x0000000451080000)
  from space 200000K,   5% used [0x0000000451080000, 0x0000000451b89c80, 0x000000045d3d0000)
  to   space 200000K,   0% used [0x000000045d3d0000, 0x000000045d3d0000, 0x0000000469720000)
 concurrent mark-sweep generation total 14001024K, used 8776338K [0x0000000469720000, 0x00000007c0000000, 0x00000007c0000000)
 Metaspace       used 44937K, capacity 46232K, committed 46652K, reserved 1091584K
  class space    used 4916K, capacity 5189K, committed 5268K, reserved 1048576K
}
2017-04-16T12:34:59.553-0700: 142223.812: Total time for which application threads were stopped: 0.0145077 seconds, Stopping threads took: 0.0001561 seconds
2017-04-16T12:35:09.373-0700: 142233.633: Total time for which application threads were stopped: 0.0021331 seconds, Stopping threads took: 0.0001477 seconds
{Heap before GC invocations=13104 (full 18):
 par new generation   total 1800000K, used 1611303K [0x00000003ef600000, 0x0000000469720000, 0x0000000469720000)
  eden space 1600000K, 100% used [0x00000003ef600000, 0x0000000451080000, 0x0000000451080000)
  from space 200000K,   5% used [0x0000000451080000, 0x0000000451b89c80, 0x000000045d3d0000)
  to   space 200000K,   0% used [0x000000045d3d0000, 0x000000045d3d0000, 0x0000000469720000)
 concurrent mark-sweep generation total 14001024K, used 8776338K [0x0000000469720000, 0x00000007c0000000, 0x00000007c0000000)
 Metaspace       used 44937K, capacity 46232K, committed 46652K, reserved 1091584K
  class space    used 4916K, capacity 5189K, committed 5268K, reserved 1048576K
2017-04-16T12:35:12.796-0700: 142237.056: [GC (Allocation Failure) Before GC:
Statistics for BinaryTreeDictionary:
------------------------------------
Total Free Space: 150527694
Max   Chunk Size: 130597
Number of Blocks: 69473
Av.  Block  Size: 2166
Tree      Height: 110
2017-04-16T12:35:12.797-0700: 142237.056: [ParNew (0: promotion failure size = 3)  (1: promotion failure size = 3)  (2: promotion failure size = 3)  (3: promotion failure size = 3)  (4: promotion failure size = 3)  (5: promotion failure size = 3)  (6: promotion failure size = 3)  (7: promotion failure size = 131074)  (8: promotion failure size = 3)  (9: promotion failure size = 3)  (10: promotion failure size = 3)  (11: promotion failure size = 3)  (12: promotion failure size = 3)  (13: promotion failure size = 3)  (14: promotion failure size = 3)  (15: promotion failure size = 3)  (16: promotion failure size = 3)  (17: promotion failure size = 3)  (18: promotion failure size = 3)  (19: promotion failure size = 3)  (20: promotion failure size = 3)  (21: promotion failure size = 3)  (22: promotion failure size = 3)  (23: promotion failure size = 3)  (24: promotion failure size = 3)  (25: promotion failure size = 4)  (26: promotion failure size = 3)  (27: promotion failure size = 3)  (promotion failed): 1611303K->1607853K(1800000K), 0.4413433 secs]2017-04-16T12:35:13.238-0700: 142237.498: [CMSCMS: Large block 0x00000004bc5d2380
: 8776515K->1358408K(14001024K), 11.4611917 secs] 10387642K->1358408K(15801024K), [Metaspace: 44937K->44937K(1091584K)]After GC:
Statistics for BinaryTreeDictionary:
------------------------------------
Total Free Space: 1618238352
Max   Chunk Size: 1618238352
Number of Blocks: 1
Av.  Block  Size: 1618238352
Tree      Height: 1
, 11.9033328 secs] [Times: user=12.29 sys=0.00, real=11.90 secs] 
Heap after GC invocations=13105 (full 19):
 par new generation   total 1800000K, used 0K [0x00000003ef600000, 0x0000000469720000, 0x0000000469720000)
  eden space 1600000K,   0% used [0x00000003ef600000, 0x00000003ef600000, 0x0000000451080000)
  from space 200000K,   0% used [0x000000045d3d0000, 0x000000045d3d0000, 0x0000000469720000)
  to   space 200000K,   0% used [0x0000000451080000, 0x0000000451080000, 0x000000045d3d0000)
 concurrent mark-sweep generation total 14001024K, used 1358408K [0x0000000469720000, 0x00000007c0000000, 0x00000007c0000000)
 Metaspace       used 44937K, capacity 46232K, committed 46652K, reserved 1091584K
  class space    used 4916K, capacity 5189K, committed 5268K, reserved 1048576K
}
2017-04-16T12:35:24.700-0700: 142248.959: Total time for which application threads were stopped: 11.9044419 seconds, Stopping threads took: 0.0001507 seconds
2017-04-16T12:35:24.701-0700: 142248.960: Total time for which application threads were stopped: 0.0007783 seconds, Stopping threads took: 0.0001757 seconds
2017-04-16T12:35:24.702-0700: 142248.962: Total time for which application threads were stopped: 0.0008656 seconds, Stopping threads took: 0.0002695 seconds
2017-04-16T12:35:24.705-0700: 142248.964: Total time for which application threads were stopped: 0.0012769 seconds, Stopping threads took: 0.0003201 seconds
2017-04-16T12:35:24.706-0700: 142248.965: Total time for which application threads were stopped: 0.0006497 seconds, Stopping threads took: 0.0001118 seconds
2017-04-16T12:35:24.710-0700: 142248.969: Total time for which application threads were stopped: 0.0008911 seconds, Stopping threads took: 0.0003028 seconds
2017-04-16T12:35:24.711-0700: 142248.970: Total time for which application threads were stopped: 0.0005734 seconds, Stopping threads took: 0.0000813 seconds
2017-04-16T12:35:24.711-0700: 142248.971: Total time for which application threads were stopped: 0.0007480 seconds, Stopping threads took: 0.0002163 seconds
2017-04-16T12:35:24.712-0700: 142248.971: Total time for which application threads were stopped: 0.0006071 seconds, Stopping threads took: 0.0001048 seconds
2017-04-16T12:35:24.914-0700: 142249.173: Total time for which application threads were stopped: 0.0010612 seconds, Stopping threads took: 0.0001701 seconds
2017-04-16T12:35:25.915-0700: 142250.174: Total time for which application threads were stopped: 0.0009137 seconds, Stopping threads took: 0.0001607 seconds
2017-04-16T12:35:28.916-0700: 142253.175: Total time for which application threads were stopped: 0.0009035 seconds, Stopping threads took: 0.0001554 seconds
2017-04-16T12:35:29.702-0700: 142253.961: Total time for which application threads were stopped: 0.0009290 seconds, Stopping threads took: 0.0001549 seconds
2017-04-16T12:35:30.703-0700: 142254.962: Total time for which application threads were stopped: 0.0009113 seconds, Stopping threads took: 0.0001614 seconds
{Heap before GC invocations=13105 (full 19):
 par new generation   total 1800000K, used 1600000K [0x00000003ef600000, 0x0000000469720000, 0x0000000469720000)
  eden space 1600000K, 100% used [0x00000003ef600000, 0x0000000451080000, 0x0000000451080000)
  from space 200000K,   0% used [0x000000045d3d0000, 0x000000045d3d0000, 0x0000000469720000)
  to   space 200000K,   0% used [0x0000000451080000, 0x0000000451080000, 0x000000045d3d0000)
 concurrent mark-sweep generation total 14001024K, used 1358408K [0x0000000469720000, 0x00000007c0000000, 0x00000007c0000000)
 Metaspace       used 44951K, capacity 46238K, committed 46652K, reserved 1091584K
  class space    used 4917K, capacity 5190K, committed 5268K, reserved 1048576K
2017-04-16T12:35:30.772-0700: 142255.032: [GC (Allocation Failure) Before GC:
Statistics for BinaryTreeDictionary:
------------------------------------
Total Free Space: 1618238352
Max   Chunk Size: 1618238352
Number of Blocks: 1
Av.  Block  Size: 1618238352
Tree      Height: 1
2017-04-16T12:35:30.773-0700: 142255.032: [ParNew
Desired survivor size 102400000 bytes, new threshold 1 (max 1)
- age   1:    9373824 bytes,    9373824 total
: 1600000K->9955K(1800000K), 0.0142517 secs] 2958408K->1368364K(15801024K)After GC:
Statistics for BinaryTreeDictionary:
------------------------------------
Total Free Space: 1618238352
Max   Chunk Size: 1618238352
Number of Blocks: 1
Av.  Block  Size: 1618238352
Tree      Height: 1
, 0.0145995 secs] [Times: user=0.37 sys=0.01, real=0.02 secs] 
Heap after GC invocations=13106 (full 19):
 par new generation   total 1800000K, used 9955K [0x00000003ef600000, 0x0000000469720000, 0x0000000469720000)
  eden space 1600000K,   0% used [0x00000003ef600000, 0x00000003ef600000, 0x0000000451080000)
  from space 200000K,   4% used [0x0000000451080000, 0x0000000451a38f48, 0x000000045d3d0000)
  to   space 200000K,   0% used [0x000000045d3d0000, 0x000000045d3d0000, 0x0000000469720000)
 concurrent mark-sweep generation total 14001024K, used 1358408K [0x0000000469720000, 0x00000007c0000000, 0x00000007c0000000)
 Metaspace       used 44951K, capacity 46238K, committed 46652K, reserved 1091584K
  class space    used 4917K, capacity 5190K, committed 5268K, reserved 1048576K
}
2017-04-16T12:35:30.787-0700: 142255.047: Total time for which application threads were stopped: 0.0152672 seconds, Stopping threads took: 0.0000520 seconds
2017-04-16T12:35:31.788-0700: 142256.048: Total time for which application threads were stopped: 0.0008784 seconds, Stopping threads took: 0.0001506 seconds
2017-04-16T12:35:34.789-0700: 142259.049: Total time for which application threads were stopped: 0.0008869 seconds, Stopping threads took: 0.0001623 seconds
2017-04-16T12:35:39.840-0700: 142264.100: Total time for which application threads were stopped: 0.0022489 seconds, Stopping threads took: 0.0001584 seconds
2017-04-16T12:35:40.841-0700: 142265.101: Total time for which application threads were stopped: 0.0009306 seconds, Stopping threads took: 0.0001647 seconds
{Heap before GC invocations=13106 (full 19):
 par new generation   total 1800000K, used 1609955K [0x00000003ef600000, 0x0000000469720000, 0x0000000469720000)
  eden space 1600000K, 100% used [0x00000003ef600000, 0x0000000451080000, 0x0000000451080000)
  from space 200000K,   4% used [0x0000000451080000, 0x0000000451a38f48, 0x000000045d3d0000)
  to   space 200000K,   0% used [0x000000045d3d0000, 0x000000045d3d0000, 0x0000000469720000)
 concurrent mark-sweep generation total 14001024K, used 1358408K [0x0000000469720000, 0x00000007c0000000, 0x00000007c0000000)
 Metaspace       used 44951K, capacity 46238K, committed 46652K, reserved 1091584K
  class space    used 4917K, capacity 5190K, committed 5268K, reserved 1048576K
2017-04-16T12:35:41.655-0700: 142265.914: [GC (Allocation Failure) Before GC:
Statistics for BinaryTreeDictionary:
------------------------------------
Total Free Space: 1618238352
Max   Chunk Size: 1618238352
Number of Blocks: 1
Av.  Block  Size: 1618238352
Tree      Height: 1
2017-04-16T12:35:41.655-0700: 142265.914: [ParNew
Desired survivor size 102400000 bytes, new threshold 1 (max 1)
- age   1:    7806304 bytes,    7806304 total
: 1609955K->9361K(1800000K), 0.0190150 secs] 2968364K->1373187K(15801024K)After GC:
Statistics for BinaryTreeDictionary:
------------------------------------
Total Free Space: 1617415632
Max   Chunk Size: 1617415632
Number of Blocks: 1
Av.  Block  Size: 1617415632
Tree      Height: 1
, 0.0193357 secs] [Times: user=0.38 sys=0.01, real=0.02 secs] 
Heap after GC invocations=13107 (full 19):
 par new generation   total 1800000K, used 9361K [0x00000003ef600000, 0x0000000469720000, 0x0000000469720000)
  eden space 1600000K,   0% used [0x00000003ef600000, 0x00000003ef600000, 0x0000000451080000)
  from space 200000K,   4% used [0x000000045d3d0000, 0x000000045dcf4608, 0x0000000469720000)
  to   space 200000K,   0% used [0x0000000451080000, 0x0000000451080000, 0x000000045d3d0000)
 concurrent mark-sweep generation total 14001024K, used 1363825K [0x0000000469720000, 0x00000007c0000000, 0x00000007c0000000)
 Metaspace       used 44951K, capacity 46238K, committed 46652K, reserved 1091584K
  class space    used 4917K, capacity 5190K, committed 5268K, reserved 1048576K
}
2017-04-16T12:35:41.674-0700: 142265.934: Total time for which application threads were stopped: 0.0205744 seconds, Stopping threads took: 0.0001920 seconds
2017-04-16T12:35:42.675-0700: 142266.935: Total time for which application threads were stopped: 0.0009042 seconds, Stopping threads took: 0.0001633 seconds
{Heap before GC invocations=13107 (full 19):
 par new generation   total 1800000K, used 1609361K [0x00000003ef600000, 0x0000000469720000, 0x0000000469720000)
  eden space 1600000K, 100% used [0x00000003ef600000, 0x0000000451080000, 0x0000000451080000)
  from space 200000K,   4% used [0x000000045d3d0000, 0x000000045dcf4608, 0x0000000469720000)
  to   space 200000K,   0% used [0x0000000451080000, 0x0000000451080000, 0x000000045d3d0000)
 concurrent mark-sweep generation total 14001024K, used 1363825K [0x0000000469720000, 0x00000007c0000000, 0x00000007c0000000)
 Metaspace       used 44951K, capacity 46238K, committed 46652K, reserved 1091584K
  class space    used 4917K, capacity 5190K, committed 5268K, reserved 1048576K
2017-04-16T12:35:54.776-0700: 142279.035: [GC (Allocation Failure) Before GC:
Statistics for BinaryTreeDictionary:
------------------------------------
Total Free Space: 1617415632
Max   Chunk Size: 1617415632
Number of Blocks: 1
Av.  Block  Size: 1617415632
Tree      Height: 1
2017-04-16T12:35:54.776-0700: 142279.035: [ParNew
Desired survivor size 102400000 bytes, new threshold 1 (max 1)
- age   1:    7414632 bytes,    7414632 total
: 1609361K->8395K(1800000K), 0.0148403 secs] 2973187K->1374648K(15801024K)After GC:
Statistics for BinaryTreeDictionary:
------------------------------------
Total Free Space: 1617124870
Max   Chunk Size: 1617124870
Number of Blocks: 1
Av.  Block  Size: 1617124870
Tree      Height: 1
, 0.0151472 secs] [Times: user=0.36 sys=0.00, real=0.02 secs] 
Heap after GC invocations=13108 (full 19):
 par new generation   total 1800000K, used 8395K [0x00000003ef600000, 0x0000000469720000, 0x0000000469720000)
  eden space 1600000K,   0% used [0x00000003ef600000, 0x00000003ef600000, 0x0000000451080000)
  from space 200000K,   4% used [0x0000000451080000, 0x00000004518b2c08, 0x000000045d3d0000)
  to   space 200000K,   0% used [0x000000045d3d0000, 0x000000045d3d0000, 0x0000000469720000)
 concurrent mark-sweep generation total 14001024K, used 1366253K [0x0000000469720000, 0x00000007c0000000, 0x00000007c0000000)
 Metaspace       used 44951K, capacity 46238K, committed 46652K, reserved 1091584K
  class space    used 4917K, capacity 5190K, committed 5268K, reserved 1048576K
}
2017-04-16T12:35:54.791-0700: 142279.051: Total time for which application threads were stopped: 0.0163030 seconds, Stopping threads took: 0.0001495 seconds
2017-04-16T12:36:00.792-0700: 142285.052: Total time for which application threads were stopped: 0.0009140 seconds, Stopping threads took: 0.0001591 seconds
{Heap before GC invocations=13108 (full 19):
 par new generation   total 1800000K, used 1608395K [0x00000003ef600000, 0x0000000469720000, 0x0000000469720000)
  eden space 1600000K, 100% used [0x00000003ef600000, 0x0000000451080000, 0x0000000451080000)
  from space 200000K,   4% used [0x0000000451080000, 0x00000004518b2c08, 0x000000045d3d0000)
  to   space 200000K,   0% used [0x000000045d3d0000, 0x000000045d3d0000, 0x0000000469720000)
 concurrent mark-sweep generation total 14001024K, used 1366253K [0x0000000469720000, 0x00000007c0000000, 0x00000007c0000000)
 Metaspace       used 44951K, capacity 46238K, committed 46652K, reserved 1091584K
  class space    used 4917K, capacity 5190K, committed 5268K, reserved 1048576K
2017-04-16T12:36:07.738-0700: 142291.997: [GC (Allocation Failure) Before GC:
Statistics for BinaryTreeDictionary:
------------------------------------
Total Free Space: 1617124870
Max   Chunk Size: 1617124870
Number of Blocks: 1
Av.  Block  Size: 1617124870
Tree      Height: 1
2017-04-16T12:36:07.738-0700: 142291.997: [ParNew
Desired survivor size 102400000 bytes, new threshold 1 (max 1)
- age   1:    5793304 bytes,    5793304 total
: 1608395K->6624K(1800000K), 0.0140631 secs] 2974648K->1374779K(15801024K)After GC:
Statistics for BinaryTreeDictionary:
------------------------------------
Total Free Space: 1616888307
Max   Chunk Size: 1616888307
Number of Blocks: 1
Av.  Block  Size: 1616888307
Tree      Height: 1
, 0.0143791 secs] [Times: user=0.35 sys=0.00, real=0.02 secs] 
Heap after GC invocations=13109 (full 19):
 par new generation   total 1800000K, used 6624K [0x00000003ef600000, 0x0000000469720000, 0x0000000469720000)
  eden space 1600000K,   0% used [0x00000003ef600000, 0x00000003ef600000, 0x0000000451080000)
  from space 200000K,   3% used [0x000000045d3d0000, 0x000000045da48078, 0x0000000469720000)
  to   space 200000K,   0% used [0x0000000451080000, 0x0000000451080000, 0x000000045d3d0000)
 concurrent mark-sweep generation total 14001024K, used 1368155K [0x0000000469720000, 0x00000007c0000000, 0x00000007c0000000)
 Metaspace       used 44951K, capacity 46238K, committed 46652K, reserved 1091584K
  class space    used 4917K, capacity 5190K, committed 5268K, reserved 1048576K
}
2017-04-16T12:36:07.752-0700: 142292.012: Total time for which application threads were stopped: 0.0155591 seconds, Stopping threads took: 0.0001668 seconds
{Heap before GC invocations=13109 (full 19):
 par new generation   total 1800000K, used 1606624K [0x00000003ef600000, 0x0000000469720000, 0x0000000469720000)
  eden space 1600000K, 100% used [0x00000003ef600000, 0x0000000451080000, 0x0000000451080000)
  from space 200000K,   3% used [0x000000045d3d0000, 0x000000045da48078, 0x0000000469720000)
  to   space 200000K,   0% used [0x0000000451080000, 0x0000000451080000, 0x000000045d3d0000)
 concurrent mark-sweep generation total 14001024K, used 1368155K [0x0000000469720000, 0x00000007c0000000, 0x00000007c0000000)
 Metaspace       used 44951K, capacity 46238K, committed 46652K, reserved 1091584K
  class space    used 4917K, capacity 5190K, committed 5268K, reserved 1048576K
2017-04-16T12:36:21.637-0700: 142305.896: [GC (Allocation Failure) Before GC:
Statistics for BinaryTreeDictionary:
------------------------------------
Total Free Space: 1616888307
Max   Chunk Size: 1616888307
Number of Blocks: 1
Av.  Block  Size: 1616888307
Tree      Height: 1
2017-04-16T12:36:21.637-0700: 142305.896: [ParNew
Desired survivor size 102400000 bytes, new threshold 1 (max 1)
- age   1:    6094168 bytes,    6094168 total
: 1606624K->6512K(1800000K), 0.0137388 secs] 2974779K->1375851K(15801024K)After GC:
Statistics for BinaryTreeDictionary:
------------------------------------
Total Free Space: 1616749423
Max   Chunk Size: 1616749423
Number of Blocks: 1
Av.  Block  Size: 1616749423
Tree      Height: 1
, 0.0140472 secs] [Times: user=0.34 sys=0.00, real=0.01 secs] 
Heap after GC invocations=13110 (full 19):
 par new generation   total 1800000K, used 6512K [0x00000003ef600000, 0x0000000469720000, 0x0000000469720000)
  eden space 1600000K,   0% used [0x00000003ef600000, 0x00000003ef600000, 0x0000000451080000)
  from space 200000K,   3% used [0x0000000451080000, 0x00000004516dc210, 0x000000045d3d0000)
  to   space 200000K,   0% used [0x000000045d3d0000, 0x000000045d3d0000, 0x0000000469720000)
 concurrent mark-sweep generation total 14001024K, used 1369339K [0x0000000469720000, 0x00000007c0000000, 0x00000007c0000000)
 Metaspace       used 44951K, capacity 46238K, committed 46652K, reserved 1091584K
  class space    used 4917K, capacity 5190K, committed 5268K, reserved 1048576K
}
2017-04-16T12:36:21.651-0700: 142305.910: Total time for which application threads were stopped: 0.0152421 seconds, Stopping threads took: 0.0001754 seconds
{Heap before GC invocations=13110 (full 19):
 par new generation   total 1800000K, used 1606512K [0x00000003ef600000, 0x0000000469720000, 0x0000000469720000)
  eden space 1600000K, 100% used [0x00000003ef600000, 0x0000000451080000, 0x0000000451080000)
  from space 200000K,   3% used [0x0000000451080000, 0x00000004516dc210, 0x000000045d3d0000)
  to   space 200000K,   0% used [0x000000045d3d0000, 0x000000045d3d0000, 0x0000000469720000)
 concurrent mark-sweep generation total 14001024K, used 1369339K [0x0000000469720000, 0x00000007c0000000, 0x00000007c0000000)
 Metaspace       used 44951K, capacity 46238K, committed 46652K, reserved 1091584K
  class space    used 4917K, capacity 5190K, committed 5268K, reserved 1048576K
2017-04-16T12:36:34.618-0700: 142318.877: [GC (Allocation Failure) Before GC:
Statistics for BinaryTreeDictionary:
------------------------------------
Total Free Space: 1616749423
Max   Chunk Size: 1616749423
Number of Blocks: 1
Av.  Block  Size: 1616749423
Tree      Height: 1
2017-04-16T12:36:34.618-0700: 142318.878: [ParNew
Desired survivor size 102400000 bytes, new threshold 1 (max 1)
- age   1:   13503520 bytes,   13503520 total
: 1606512K->13905K(1800000K), 0.0143800 secs] 2975851K->1384491K(15801024K)After GC:
Statistics for BinaryTreeDictionary:
------------------------------------
Total Free Space: 1616591113
Max   Chunk Size: 1616591113
Number of Blocks: 1
Av.  Block  Size: 1616591113
Tree      Height: 1
, 0.0147036 secs] [Times: user=0.36 sys=0.00, real=0.01 secs] 
Heap after GC invocations=13111 (full 19):
 par new generation   total 1800000K, used 13905K [0x00000003ef600000, 0x0000000469720000, 0x0000000469720000)
  eden space 1600000K,   0% used [0x00000003ef600000, 0x00000003ef600000, 0x0000000451080000)
  from space 200000K,   6% used [0x000000045d3d0000, 0x000000045e1646e8, 0x0000000469720000)
  to   space 200000K,   0% used [0x0000000451080000, 0x0000000451080000, 0x000000045d3d0000)
 concurrent mark-sweep generation total 14001024K, used 1370586K [0x0000000469720000, 0x00000007c0000000, 0x00000007c0000000)
 Metaspace       used 44951K, capacity 46238K, committed 46652K, reserved 1091584K
  class space    used 4917K, capacity 5190K, committed 5268K, reserved 1048576K
}
2017-04-16T12:36:34.633-0700: 142318.892: Total time for which application threads were stopped: 0.0158764 seconds, Stopping threads took: 0.0001559 seconds
{Heap before GC invocations=13111 (full 19):
 par new generation   total 1800000K, used 1613905K [0x00000003ef600000, 0x0000000469720000, 0x0000000469720000)
  eden space 1600000K, 100% used [0x00000003ef600000, 0x0000000451080000, 0x0000000451080000)
  from space 200000K,   6% used [0x000000045d3d0000, 0x000000045e1646e8, 0x0000000469720000)
  to   space 200000K,   0% used [0x0000000451080000, 0x0000000451080000, 0x000000045d3d0000)
 concurrent mark-sweep generation total 14001024K, used 1370586K [0x0000000469720000, 0x00000007c0000000, 0x00000007c0000000)
 Metaspace       used 44951K, capacity 46238K, committed 46652K, reserved 1091584K
  class space    used 4917K, capacity 5190K, committed 5268K, reserved 1048576K
2017-04-16T12:36:47.832-0700: 142332.091: [GC (Allocation Failure) Before GC:
Statistics for BinaryTreeDictionary:
------------------------------------
Total Free Space: 1616591113
Max   Chunk Size: 1616591113
Number of Blocks: 1
Av.  Block  Size: 1616591113
Tree      Height: 1
2017-04-16T12:36:47.832-0700: 142332.091: [ParNew
Desired survivor size 102400000 bytes, new threshold 1 (max 1)
- age   1:    7206680 bytes,    7206680 total
: 1613905K->10004K(1800000K), 0.0322641 secs] 2984491K->1389882K(15801024K)After GC:
Statistics for BinaryTreeDictionary:
------------------------------------
Total Free Space: 1615401791
Max   Chunk Size: 1615401791
Number of Blocks: 1
Av.  Block  Size: 1615401791
Tree      Height: 1
, 0.0325888 secs] [Times: user=0.42 sys=0.01, real=0.03 secs] 
Heap after GC invocations=13112 (full 19):
 par new generation   total 1800000K, used 10004K [0x00000003ef600000, 0x0000000469720000, 0x0000000469720000)
  eden space 1600000K,   0% used [0x00000003ef600000, 0x00000003ef600000, 0x0000000451080000)
  from space 200000K,   5% used [0x0000000451080000, 0x0000000451a45398, 0x000000045d3d0000)
  to   space 200000K,   0% used [0x000000045d3d0000, 0x000000045d3d0000, 0x0000000469720000)
 concurrent mark-sweep generation total 14001024K, used 1379877K [0x0000000469720000, 0x00000007c0000000, 0x00000007c0000000)
 Metaspace       used 44951K, capacity 46238K, committed 46652K, reserved 1091584K
  class space    used 4917K, capacity 5190K, committed 5268K, reserved 1048576K
}
2017-04-16T12:36:47.865-0700: 142332.124: Total time for which application threads were stopped: 0.0337677 seconds, Stopping threads took: 0.0001575 seconds
2017-04-16T12:36:55.866-0700: 142340.125: Total time for which application threads were stopped: 0.0009050 seconds, Stopping threads took: 0.0001626 seconds
{Heap before GC invocations=13112 (full 19):
 par new generation   total 1800000K, used 1610004K [0x00000003ef600000, 0x0000000469720000, 0x0000000469720000)
  eden space 1600000K, 100% used [0x00000003ef600000, 0x0000000451080000, 0x0000000451080000)
  from space 200000K,   5% used [0x0000000451080000, 0x0000000451a45398, 0x000000045d3d0000)
  to   space 200000K,   0% used [0x000000045d3d0000, 0x000000045d3d0000, 0x0000000469720000)
 concurrent mark-sweep generation total 14001024K, used 1379877K [0x0000000469720000, 0x00000007c0000000, 0x00000007c0000000)
 Metaspace       used 44951K, capacity 46238K, committed 46652K, reserved 1091584K
  class space    used 4917K, capacity 5190K, committed 5268K, reserved 1048576K
2017-04-16T12:37:01.152-0700: 142345.412: [GC (Allocation Failure) Before GC:
Statistics for BinaryTreeDictionary:
------------------------------------
Total Free Space: 1615401791
Max   Chunk Size: 1615401791
Number of Blocks: 1
Av.  Block  Size: 1615401791
Tree      Height: 1
2017-04-16T12:37:01.152-0700: 142345.412: [ParNew
Desired survivor size 102400000 bytes, new threshold 1 (max 1)
- age   1:    7839016 bytes,    7839016 total
: 1610004K->9034K(1800000K), 0.0139490 secs] 2989882K->1390322K(15801024K)After GC:
Statistics for BinaryTreeDictionary:
------------------------------------
Total Free Space: 1615151641
Max   Chunk Size: 1615151641
Number of Blocks: 1
Av.  Block  Size: 1615151641
Tree      Height: 1
, 0.0142541 secs] [Times: user=0.36 sys=0.00, real=0.01 secs] 
Heap after GC invocations=13113 (full 19):
 par new generation   total 1800000K, used 9034K [0x00000003ef600000, 0x0000000469720000, 0x0000000469720000)
  eden space 1600000K,   0% used [0x00000003ef600000, 0x00000003ef600000, 0x0000000451080000)
  from space 200000K,   4% used [0x000000045d3d0000, 0x000000045dca2890, 0x0000000469720000)
  to   space 200000K,   0% used [0x0000000451080000, 0x0000000451080000, 0x000000045d3d0000)
 concurrent mark-sweep generation total 14001024K, used 1381288K [0x0000000469720000, 0x00000007c0000000, 0x00000007c0000000)
 Metaspace       used 44951K, capacity 46238K, committed 46652K, reserved 1091584K
  class space    used 4917K, capacity 5190K, committed 5268K, reserved 1048576K
}
2017-04-16T12:37:01.167-0700: 142345.426: Total time for which application threads were stopped: 0.0154619 seconds, Stopping threads took: 0.0001976 seconds
2017-04-16T12:37:09.629-0700: 142353.888: Total time for which application threads were stopped: 0.0022229 seconds, Stopping threads took: 0.0001596 seconds
{Heap before GC invocations=13113 (full 19):
 par new generation   total 1800000K, used 1609034K [0x00000003ef600000, 0x0000000469720000, 0x0000000469720000)
  eden space 1600000K, 100% used [0x00000003ef600000, 0x0000000451080000, 0x0000000451080000)
  from space 200000K,   4% used [0x000000045d3d0000, 0x000000045dca2890, 0x0000000469720000)
  to   space 200000K,   0% used [0x0000000451080000, 0x0000000451080000, 0x000000045d3d0000)
 concurrent mark-sweep generation total 14001024K, used 1381288K [0x0000000469720000, 0x00000007c0000000, 0x00000007c0000000)
 Metaspace       used 44951K, capacity 46238K, committed 46652K, reserved 1091584K
  class space    used 4917K, capacity 5190K, committed 5268K, reserved 1048576K
2017-04-16T12:37:11.868-0700: 142356.127: [GC (Allocation Failure) Before GC:
Statistics for BinaryTreeDictionary:
------------------------------------
Total Free Space: 1615151641
Max   Chunk Size: 1615151641
Number of Blocks: 1
Av.  Block  Size: 1615151641
Tree      Height: 1
2017-04-16T12:37:11.868-0700: 142356.127: [ParNew
Desired survivor size 102400000 bytes, new threshold 1 (max 1)
- age   1:    7020016 bytes,    7020016 total
: 1609034K->7539K(1800000K), 0.0137400 secs] 2990322K->1390591K(15801024K)After GC:
Statistics for BinaryTreeDictionary:
------------------------------------
Total Free Space: 1614969894
Max   Chunk Size: 1614969894
Number of Blocks: 1
Av.  Block  Size: 1614969894
Tree      Height: 1
, 0.0140689 secs] [Times: user=0.35 sys=0.00, real=0.02 secs] 
Heap after GC invocations=13114 (full 19):
 par new generation   total 1800000K, used 7539K [0x00000003ef600000, 0x0000000469720000, 0x0000000469720000)
  eden space 1600000K,   0% used [0x00000003ef600000, 0x00000003ef600000, 0x0000000451080000)
  from space 200000K,   3% used [0x0000000451080000, 0x00000004517dcea0, 0x000000045d3d0000)
  to   space 200000K,   0% used [0x000000045d3d0000, 0x000000045d3d0000, 0x0000000469720000)
 concurrent mark-sweep generation total 14001024K, used 1383051K [0x0000000469720000, 0x00000007c0000000, 0x00000007c0000000)
 Metaspace       used 44951K, capacity 46238K, committed 46652K, reserved 1091584K
  class space    used 4917K, capacity 5190K, committed 5268K, reserved 1048576K
}
2017-04-16T12:37:11.882-0700: 142356.141: Total time for which application threads were stopped: 0.0152748 seconds, Stopping threads took: 0.0001848 seconds
{Heap before GC invocations=13114 (full 19):
 par new generation   total 1800000K, used 1607539K [0x00000003ef600000, 0x0000000469720000, 0x0000000469720000)
  eden space 1600000K, 100% used [0x00000003ef600000, 0x0000000451080000, 0x0000000451080000)
  from space 200000K,   3% used [0x0000000451080000, 0x00000004517dcea0, 0x000000045d3d0000)
  to   space 200000K,   0% used [0x000000045d3d0000, 0x000000045d3d0000, 0x0000000469720000)
 concurrent mark-sweep generation total 14001024K, used 1383051K [0x0000000469720000, 0x00000007c0000000, 0x00000007c0000000)
 Metaspace       used 44951K, capacity 46238K, committed 46652K, reserved 1091584K
  class space    used 4917K, capacity 5190K, committed 5268K, reserved 1048576K
2017-04-16T12:37:24.987-0700: 142369.247: [GC (Allocation Failure) Before GC:
Statistics for BinaryTreeDictionary:
------------------------------------
Total Free Space: 1614969894
Max   Chunk Size: 1614969894
Number of Blocks: 1
Av.  Block  Size: 1614969894
Tree      Height: 1
2017-04-16T12:37:24.987-0700: 142369.247: [ParNew
Desired survivor size 102400000 bytes, new threshold 1 (max 1)
- age   1:    6292472 bytes,    6292472 total
: 1607539K->6794K(1800000K), 0.0136652 secs] 2990591K->1391421K(15801024K)After GC:
Statistics for BinaryTreeDictionary:
------------------------------------
Total Free Space: 1614773292
Max   Chunk Size: 1614773292
Number of Blocks: 1
Av.  Block  Size: 1614773292
Tree      Height: 1
, 0.0139661 secs] [Times: user=0.34 sys=0.00, real=0.01 secs] 
Heap after GC invocations=13115 (full 19):
 par new generation   total 1800000K, used 6794K [0x00000003ef600000, 0x0000000469720000, 0x0000000469720000)
  eden space 1600000K,   0% used [0x00000003ef600000, 0x00000003ef600000, 0x0000000451080000)
  from space 200000K,   3% used [0x000000045d3d0000, 0x000000045da72890, 0x0000000469720000)
  to   space 200000K,   0% used [0x0000000451080000, 0x0000000451080000, 0x000000045d3d0000)
 concurrent mark-sweep generation total 14001024K, used 1384627K [0x0000000469720000, 0x00000007c0000000, 0x00000007c0000000)
 Metaspace       used 44951K, capacity 46238K, committed 46652K, reserved 1091584K
  class space    used 4917K, capacity 5190K, committed 5268K, reserved 1048576K
}
2017-04-16T12:37:25.001-0700: 142369.261: Total time for which application threads were stopped: 0.0151280 seconds, Stopping threads took: 0.0001633 seconds
2017-04-16T12:37:37.003-0700: 142381.262: Total time for which application threads were stopped: 0.0009430 seconds, Stopping threads took: 0.0001766 seconds
{Heap before GC invocations=13115 (full 19):
 par new generation   total 1800000K, used 1606794K [0x00000003ef600000, 0x0000000469720000, 0x0000000469720000)
  eden space 1600000K, 100% used [0x00000003ef600000, 0x0000000451080000, 0x0000000451080000)
  from space 200000K,   3% used [0x000000045d3d0000, 0x000000045da72890, 0x0000000469720000)
  to   space 200000K,   0% used [0x0000000451080000, 0x0000000451080000, 0x000000045d3d0000)
 concurrent mark-sweep generation total 14001024K, used 1384627K [0x0000000469720000, 0x00000007c0000000, 0x00000007c0000000)
 Metaspace       used 44951K, capacity 46238K, committed 46652K, reserved 1091584K
  class space    used 4917K, capacity 5190K, committed 5268K, reserved 1048576K
2017-04-16T12:37:38.206-0700: 142382.465: [GC (Allocation Failure) Before GC:
Statistics for BinaryTreeDictionary:
------------------------------------
Total Free Space: 1614773292
Max   Chunk Size: 1614773292
Number of Blocks: 1
Av.  Block  Size: 1614773292
Tree      Height: 1
2017-04-16T12:37:38.206-0700: 142382.465: [ParNew
Desired survivor size 102400000 bytes, new threshold 1 (max 1)
- age   1:    6935464 bytes,    6935464 total
: 1606794K->7378K(1800000K), 0.0140576 secs] 2991421K->1393498K(15801024K)After GC:
Statistics for BinaryTreeDictionary:
------------------------------------
Total Free Space: 1614607793
Max   Chunk Size: 1614607793
Number of Blocks: 1
Av.  Block  Size: 1614607793
Tree      Height: 1
, 0.0143688 secs] [Times: user=0.36 sys=0.00, real=0.01 secs] 
Heap after GC invocations=13116 (full 19):
 par new generation   total 1800000K, used 7378K [0x00000003ef600000, 0x0000000469720000, 0x0000000469720000)
  eden space 1600000K,   0% used [0x00000003ef600000, 0x00000003ef600000, 0x0000000451080000)
  from space 200000K,   3% used [0x0000000451080000, 0x00000004517b4828, 0x000000045d3d0000)
  to   space 200000K,   0% used [0x000000045d3d0000, 0x000000045d3d0000, 0x0000000469720000)
 concurrent mark-sweep generation total 14001024K, used 1386120K [0x0000000469720000, 0x00000007c0000000, 0x00000007c0000000)
 Metaspace       used 44951K, capacity 46238K, committed 46652K, reserved 1091584K
  class space    used 4917K, capacity 5190K, committed 5268K, reserved 1048576K
}
2017-04-16T12:37:38.220-0700: 142382.479: Total time for which application threads were stopped: 0.0155331 seconds, Stopping threads took: 0.0001599 seconds
{Heap before GC invocations=13116 (full 19):
 par new generation   total 1800000K, used 1607378K [0x00000003ef600000, 0x0000000469720000, 0x0000000469720000)
  eden space 1600000K, 100% used [0x00000003ef600000, 0x0000000451080000, 0x0000000451080000)
  from space 200000K,   3% used [0x0000000451080000, 0x00000004517b4828, 0x000000045d3d0000)
  to   space 200000K,   0% used [0x000000045d3d0000, 0x000000045d3d0000, 0x0000000469720000)
 concurrent mark-sweep generation total 14001024K, used 1386120K [0x0000000469720000, 0x00000007c0000000, 0x00000007c0000000)
 Metaspace       used 44951K, capacity 46238K, committed 46652K, reserved 1091584K
  class space    used 4917K, capacity 5190K, committed 5268K, reserved 1048576K
2017-04-16T12:37:51.334-0700: 142395.593: [GC (Allocation Failure) Before GC:
Statistics for BinaryTreeDictionary:
------------------------------------
Total Free Space: 1614607793
Max   Chunk Size: 1614607793
Number of Blocks: 1
Av.  Block  Size: 1614607793
Tree      Height: 1
2017-04-16T12:37:51.334-0700: 142395.594: [ParNew
Desired survivor size 102400000 bytes, new threshold 1 (max 1)
- age   1:    6708600 bytes,    6708600 total
: 1607378K->7100K(1800000K), 0.0145569 secs] 2993498K->1394628K(15801024K)After GC:
Statistics for BinaryTreeDictionary:
------------------------------------
Total Free Space: 1614430244
Max   Chunk Size: 1614430244
Number of Blocks: 1
Av.  Block  Size: 1614430244
Tree      Height: 1
, 0.0148927 secs] [Times: user=0.37 sys=0.00, real=0.02 secs] 
Heap after GC invocations=13117 (full 19):
 par new generation   total 1800000K, used 7100K [0x00000003ef600000, 0x0000000469720000, 0x0000000469720000)
  eden space 1600000K,   0% used [0x00000003ef600000, 0x00000003ef600000, 0x0000000451080000)
  from space 200000K,   3% used [0x000000045d3d0000, 0x000000045dabf330, 0x0000000469720000)
  to   space 200000K,   0% used [0x0000000451080000, 0x0000000451080000, 0x000000045d3d0000)
 concurrent mark-sweep generation total 14001024K, used 1387527K [0x0000000469720000, 0x00000007c0000000, 0x00000007c0000000)
 Metaspace       used 44951K, capacity 46238K, committed 46652K, reserved 1091584K
  class space    used 4917K, capacity 5190K, committed 5268K, reserved 1048576K
}
2017-04-16T12:37:51.349-0700: 142395.609: Total time for which application threads were stopped: 0.0160618 seconds, Stopping threads took: 0.0001592 seconds
{Heap before GC invocations=13117 (full 19):
 par new generation   total 1800000K, used 1607100K [0x00000003ef600000, 0x0000000469720000, 0x0000000469720000)
  eden space 1600000K, 100% used [0x00000003ef600000, 0x0000000451080000, 0x0000000451080000)
  from space 200000K,   3% used [0x000000045d3d0000, 0x000000045dabf330, 0x0000000469720000)
  to   space 200000K,   0% used [0x0000000451080000, 0x0000000451080000, 0x000000045d3d0000)
 concurrent mark-sweep generation total 14001024K, used 1387527K [0x0000000469720000, 0x00000007c0000000, 0x00000007c0000000)
 Metaspace       used 44951K, capacity 46238K, committed 46652K, reserved 1091584K
  class space    used 4917K, capacity 5190K, committed 5268K, reserved 1048576K
2017-04-16T12:38:04.336-0700: 142408.596: [GC (Allocation Failure) Before GC:
Statistics for BinaryTreeDictionary:
------------------------------------
Total Free Space: 1614430244
Max   Chunk Size: 1614430244
Number of Blocks: 1
Av.  Block  Size: 1614430244
Tree      Height: 1
2017-04-16T12:38:04.337-0700: 142408.596: [ParNew
Desired survivor size 102400000 bytes, new threshold 1 (max 1)
- age   1:    6053544 bytes,    6053544 total
: 1607100K->6510K(1800000K), 0.0139552 secs] 2994628K->1395481K(15801024K)After GC:
Statistics for BinaryTreeDictionary:
------------------------------------
Total Free Space: 1614245246
Max   Chunk Size: 1614245246
Number of Blocks: 1
Av.  Block  Size: 1614245246
Tree      Height: 1
, 0.0142624 secs] [Times: user=0.35 sys=0.00, real=0.02 secs] 
Heap after GC invocations=13118 (full 19):
 par new generation   total 1800000K, used 6510K [0x00000003ef600000, 0x0000000469720000, 0x0000000469720000)
  eden space 1600000K,   0% used [0x00000003ef600000, 0x00000003ef600000, 0x0000000451080000)
  from space 200000K,   3% used [0x0000000451080000, 0x00000004516dba88, 0x000000045d3d0000)
  to   space 200000K,   0% used [0x000000045d3d0000, 0x000000045d3d0000, 0x0000000469720000)
 concurrent mark-sweep generation total 14001024K, used 1388971K [0x0000000469720000, 0x00000007c0000000, 0x00000007c0000000)
 Metaspace       used 44951K, capacity 46238K, committed 46652K, reserved 1091584K
  class space    used 4917K, capacity 5190K, committed 5268K, reserved 1048576K
}
2017-04-16T12:38:04.351-0700: 142408.610: Total time for which application threads were stopped: 0.0154189 seconds, Stopping threads took: 0.0001568 seconds
2017-04-16T12:38:09.448-0700: 142413.707: Total time for which application threads were stopped: 0.0022890 seconds, Stopping threads took: 0.0001657 seconds
{Heap before GC invocations=13118 (full 19):
 par new generation   total 1800000K, used 1606510K [0x00000003ef600000, 0x0000000469720000, 0x0000000469720000)
  eden space 1600000K, 100% used [0x00000003ef600000, 0x0000000451080000, 0x0000000451080000)
  from space 200000K,   3% used [0x0000000451080000, 0x00000004516dba88, 0x000000045d3d0000)
  to   space 200000K,   0% used [0x000000045d3d0000, 0x000000045d3d0000, 0x0000000469720000)
 concurrent mark-sweep generation total 14001024K, used 1388971K [0x0000000469720000, 0x00000007c0000000, 0x00000007c0000000)
 Metaspace       used 44951K, capacity 46238K, committed 46652K, reserved 1091584K
  class space    used 4917K, capacity 5190K, committed 5268K, reserved 1048576K
2017-04-16T12:38:18.168-0700: 142422.427: [GC (Allocation Failure) Before GC:
Statistics for BinaryTreeDictionary:
------------------------------------
Total Free Space: 1614245246
Max   Chunk Size: 1614245246
Number of Blocks: 1
Av.  Block  Size: 1614245246
Tree      Height: 1
2017-04-16T12:38:18.168-0700: 142422.427: [ParNew
Desired survivor size 102400000 bytes, new threshold 1 (max 1)
- age   1:    6454360 bytes,    6454360 total
: 1606510K->7012K(1800000K), 0.0140136 secs] 2995481K->1397322K(15801024K)After GC:
Statistics for BinaryTreeDictionary:
------------------------------------
Total Free Space: 1614076746
Max   Chunk Size: 1614076746
Number of Blocks: 1
Av.  Block  Size: 1614076746
Tree      Height: 1
, 0.0143319 secs] [Times: user=0.35 sys=0.00, real=0.02 secs] 
Heap after GC invocations=13119 (full 19):
 par new generation   total 1800000K, used 7012K [0x00000003ef600000, 0x0000000469720000, 0x0000000469720000)
  eden space 1600000K,   0% used [0x00000003ef600000, 0x00000003ef600000, 0x0000000451080000)
  from space 200000K,   3% used [0x000000045d3d0000, 0x000000045daa92a8, 0x0000000469720000)
  to   space 200000K,   0% used [0x0000000451080000, 0x0000000451080000, 0x000000045d3d0000)
 concurrent mark-sweep generation total 14001024K, used 1390309K [0x0000000469720000, 0x00000007c0000000, 0x00000007c0000000)
 Metaspace       used 44951K, capacity 46238K, committed 46652K, reserved 1091584K
  class space    used 4917K, capacity 5190K, committed 5268K, reserved 1048576K
}
2017-04-16T12:38:18.182-0700: 142422.441: Total time for which application threads were stopped: 0.0155103 seconds, Stopping threads took: 0.0001843 seconds
{Heap before GC invocations=13119 (full 19):
 par new generation   total 1800000K, used 1607012K [0x00000003ef600000, 0x0000000469720000, 0x0000000469720000)
  eden space 1600000K, 100% used [0x00000003ef600000, 0x0000000451080000, 0x0000000451080000)
  from space 200000K,   3% used [0x000000045d3d0000, 0x000000045daa92a8, 0x0000000469720000)
  to   space 200000K,   0% used [0x0000000451080000, 0x0000000451080000, 0x000000045d3d0000)
 concurrent mark-sweep generation total 14001024K, used 1390309K [0x0000000469720000, 0x00000007c0000000, 0x00000007c0000000)
 Metaspace       used 44951K, capacity 46238K, committed 46652K, reserved 1091584K
  class space    used 4917K, capacity 5190K, committed 5268K, reserved 1048576K
2017-04-16T12:38:31.495-0700: 142435.755: [GC (Allocation Failure) Before GC:
Statistics for BinaryTreeDictionary:
------------------------------------
Total Free Space: 1614076746
Max   Chunk Size: 1614076746
Number of Blocks: 1
Av.  Block  Size: 1614076746
Tree      Height: 1
2017-04-16T12:38:31.495-0700: 142435.755: [ParNew
Desired survivor size 102400000 bytes, new threshold 1 (max 1)
- age   1:    6233848 bytes,    6233848 total
: 1607012K->6661K(1800000K), 0.0142807 secs] 2997322K->1398415K(15801024K)After GC:
Statistics for BinaryTreeDictionary:
------------------------------------
Total Free Space: 1613888412
Max   Chunk Size: 1613888412
Number of Blocks: 1
Av.  Block  Size: 1613888412
Tree      Height: 1
, 0.0145970 secs] [Times: user=0.36 sys=0.00, real=0.01 secs] 
Heap after GC invocations=13120 (full 19):
 par new generation   total 1800000K, used 6661K [0x00000003ef600000, 0x0000000469720000, 0x0000000469720000)
  eden space 1600000K,   0% used [0x00000003ef600000, 0x00000003ef600000, 0x0000000451080000)
  from space 200000K,   3% used [0x0000000451080000, 0x00000004517015e8, 0x000000045d3d0000)
  to   space 200000K,   0% used [0x000000045d3d0000, 0x000000045d3d0000, 0x0000000469720000)
 concurrent mark-sweep generation total 14001024K, used 1391754K [0x0000000469720000, 0x00000007c0000000, 0x00000007c0000000)
 Metaspace       used 44951K, capacity 46238K, committed 46652K, reserved 1091584K
  class space    used 4917K, capacity 5190K, committed 5268K, reserved 1048576K
}
2017-04-16T12:38:31.510-0700: 142435.769: Total time for which application threads were stopped: 0.0157407 seconds, Stopping threads took: 0.0001555 seconds
2017-04-16T12:38:39.630-0700: 142443.890: Total time for which application threads were stopped: 0.0021979 seconds, Stopping threads took: 0.0001605 seconds
{Heap before GC invocations=13120 (full 19):
 par new generation   total 1800000K, used 1606661K [0x00000003ef600000, 0x0000000469720000, 0x0000000469720000)
  eden space 1600000K, 100% used [0x00000003ef600000, 0x0000000451080000, 0x0000000451080000)
  from space 200000K,   3% used [0x0000000451080000, 0x00000004517015e8, 0x000000045d3d0000)
  to   space 200000K,   0% used [0x000000045d3d0000, 0x000000045d3d0000, 0x0000000469720000)
 concurrent mark-sweep generation total 14001024K, used 1391754K [0x0000000469720000, 0x00000007c0000000, 0x00000007c0000000)
 Metaspace       used 44951K, capacity 46238K, committed 46652K, reserved 1091584K
  class space    used 4917K, capacity 5190K, committed 5268K, reserved 1048576K
2017-04-16T12:38:42.234-0700: 142446.493: [GC (Allocation Failure) Before GC:
Statistics for BinaryTreeDictionary:
------------------------------------
Total Free Space: 1613888412
Max   Chunk Size: 1613888412
Number of Blocks: 1
Av.  Block  Size: 1613888412
Tree      Height: 1
2017-04-16T12:38:42.234-0700: 142446.493: [ParNew
Desired survivor size 102400000 bytes, new threshold 1 (max 1)
- age   1:    6655432 bytes,    6655432 total
: 1606661K->7033K(1800000K), 0.0142968 secs] 2998415K->1400411K(15801024K)After GC:
Statistics for BinaryTreeDictionary:
------------------------------------
Total Free Space: 1613685582
Max   Chunk Size: 1613685582
Number of Blocks: 1
Av.  Block  Size: 1613685582
Tree      Height: 1
, 0.0146270 secs] [Times: user=0.36 sys=0.00, real=0.01 secs] 
Heap after GC invocations=13121 (full 19):
 par new generation   total 1800000K, used 7033K [0x00000003ef600000, 0x0000000469720000, 0x0000000469720000)
  eden space 1600000K,   0% used [0x00000003ef600000, 0x00000003ef600000, 0x0000000451080000)
  from space 200000K,   3% used [0x000000045d3d0000, 0x000000045daae528, 0x0000000469720000)
  to   space 200000K,   0% used [0x0000000451080000, 0x0000000451080000, 0x000000045d3d0000)
 concurrent mark-sweep generation total 14001024K, used 1393378K [0x0000000469720000, 0x00000007c0000000, 0x00000007c0000000)
 Metaspace       used 44951K, capacity 46238K, committed 46652K, reserved 1091584K
  class space    used 4917K, capacity 5190K, committed 5268K, reserved 1048576K
}
2017-04-16T12:38:42.248-0700: 142446.508: Total time for which application threads were stopped: 0.0158017 seconds, Stopping threads took: 0.0001622 seconds
{Heap before GC invocations=13121 (full 19):
 par new generation   total 1800000K, used 1607033K [0x00000003ef600000, 0x0000000469720000, 0x0000000469720000)
  eden space 1600000K, 100% used [0x00000003ef600000, 0x0000000451080000, 0x0000000451080000)
  from space 200000K,   3% used [0x000000045d3d0000, 0x000000045daae528, 0x0000000469720000)
  to   space 200000K,   0% used [0x0000000451080000, 0x0000000451080000, 0x000000045d3d0000)
 concurrent mark-sweep generation total 14001024K, used 1393378K [0x0000000469720000, 0x00000007c0000000, 0x00000007c0000000)
 Metaspace       used 44951K, capacity 46238K, committed 46652K, reserved 1091584K
  class space    used 4917K, capacity 5190K, committed 5268K, reserved 1048576K
2017-04-16T12:38:54.877-0700: 142459.136: [GC (Allocation Failure) Before GC:
Statistics for BinaryTreeDictionary:
------------------------------------
Total Free Space: 1613685582
Max   Chunk Size: 1613685582
Number of Blocks: 1
Av.  Block  Size: 1613685582
Tree      Height: 1
2017-04-16T12:38:54.877-0700: 142459.136: [ParNew
Desired survivor size 102400000 bytes, new threshold 1 (max 1)
- age   1:    7475256 bytes,    7475256 total
: 1607033K->7959K(1800000K), 0.0148300 secs] 3000411K->1402829K(15801024K)After GC:
Statistics for BinaryTreeDictionary:
------------------------------------
Total Free Space: 1613481725
Max   Chunk Size: 1613481725
Number of Blocks: 1
Av.  Block  Size: 1613481725
Tree      Height: 1
, 0.0151429 secs] [Times: user=0.38 sys=0.00, real=0.01 secs] 
Heap after GC invocations=13122 (full 19):
 par new generation   total 1800000K, used 7959K [0x00000003ef600000, 0x0000000469720000, 0x0000000469720000)
  eden space 1600000K,   0% used [0x00000003ef600000, 0x00000003ef600000, 0x0000000451080000)
  from space 200000K,   3% used [0x0000000451080000, 0x0000000451845c78, 0x000000045d3d0000)
  to   space 200000K,   0% used [0x000000045d3d0000, 0x000000045d3d0000, 0x0000000469720000)
 concurrent mark-sweep generation total 14001024K, used 1394870K [0x0000000469720000, 0x00000007c0000000, 0x00000007c0000000)
 Metaspace       used 44951K, capacity 46238K, committed 46652K, reserved 1091584K
  class space    used 4917K, capacity 5190K, committed 5268K, reserved 1048576K
}
2017-04-16T12:38:54.892-0700: 142459.151: Total time for which application threads were stopped: 0.0162970 seconds, Stopping threads took: 0.0001551 seconds
{Heap before GC invocations=13122 (full 19):
 par new generation   total 1800000K, used 1607959K [0x00000003ef600000, 0x0000000469720000, 0x0000000469720000)
  eden space 1600000K, 100% used [0x00000003ef600000, 0x0000000451080000, 0x0000000451080000)
  from space 200000K,   3% used [0x0000000451080000, 0x0000000451845c78, 0x000000045d3d0000)
  to   space 200000K,   0% used [0x000000045d3d0000, 0x000000045d3d0000, 0x0000000469720000)
 concurrent mark-sweep generation total 14001024K, used 1394870K [0x0000000469720000, 0x00000007c0000000, 0x00000007c0000000)
 Metaspace       used 44951K, capacity 46238K, committed 46652K, reserved 1091584K
  class space    used 4917K, capacity 5190K, committed 5268K, reserved 1048576K
2017-04-16T12:39:07.820-0700: 142472.079: [GC (Allocation Failure) Before GC:
Statistics for BinaryTreeDictionary:
------------------------------------
Total Free Space: 1613481725
Max   Chunk Size: 1613481725
Number of Blocks: 1
Av.  Block  Size: 1613481725
Tree      Height: 1
2017-04-16T12:39:07.820-0700: 142472.079: [ParNew
Desired survivor size 102400000 bytes, new threshold 1 (max 1)
- age   1:    5873176 bytes,    5873176 total
: 1607959K->6279K(1800000K), 0.0139343 secs] 3002829K->1402701K(15801024K)After GC:
Statistics for BinaryTreeDictionary:
------------------------------------
Total Free Space: 1613293250
Max   Chunk Size: 1613293250
Number of Blocks: 1
Av.  Block  Size: 1613293250
Tree      Height: 1
, 0.0142285 secs] [Times: user=0.35 sys=0.00, real=0.01 secs] 
Heap after GC invocations=13123 (full 19):
 par new generation   total 1800000K, used 6279K [0x00000003ef600000, 0x0000000469720000, 0x0000000469720000)
  eden space 1600000K,   0% used [0x00000003ef600000, 0x00000003ef600000, 0x0000000451080000)
  from space 200000K,   3% used [0x000000045d3d0000, 0x000000045d9f1e90, 0x0000000469720000)
  to   space 200000K,   0% used [0x0000000451080000, 0x0000000451080000, 0x000000045d3d0000)
 concurrent mark-sweep generation total 14001024K, used 1396421K [0x0000000469720000, 0x00000007c0000000, 0x00000007c0000000)
 Metaspace       used 44951K, capacity 46238K, committed 46652K, reserved 1091584K
  class space    used 4917K, capacity 5190K, committed 5268K, reserved 1048576K
}
2017-04-16T12:39:07.834-0700: 142472.094: Total time for which application threads were stopped: 0.0153846 seconds, Stopping threads took: 0.0001635 seconds
{Heap before GC invocations=13123 (full 19):
 par new generation   total 1800000K, used 1606279K [0x00000003ef600000, 0x0000000469720000, 0x0000000469720000)
  eden space 1600000K, 100% used [0x00000003ef600000, 0x0000000451080000, 0x0000000451080000)
  from space 200000K,   3% used [0x000000045d3d0000, 0x000000045d9f1e90, 0x0000000469720000)
  to   space 200000K,   0% used [0x0000000451080000, 0x0000000451080000, 0x000000045d3d0000)
 concurrent mark-sweep generation total 14001024K, used 1396421K [0x0000000469720000, 0x00000007c0000000, 0x00000007c0000000)
 Metaspace       used 44951K, capacity 46238K, committed 46652K, reserved 1091584K
  class space    used 4917K, capacity 5190K, committed 5268K, reserved 1048576K
2017-04-16T12:39:21.550-0700: 142485.809: [GC (Allocation Failure) Before GC:
Statistics for BinaryTreeDictionary:
------------------------------------
Total Free Space: 1613293250
Max   Chunk Size: 1613293250
Number of Blocks: 1
Av.  Block  Size: 1613293250
Tree      Height: 1
2017-04-16T12:39:21.550-0700: 142485.809: [ParNew
Desired survivor size 102400000 bytes, new threshold 1 (max 1)
- age   1:    7074512 bytes,    7074512 total
: 1606279K->7475K(1800000K), 0.0138936 secs] 3002701K->1405044K(15801024K)After GC:
Statistics for BinaryTreeDictionary:
------------------------------------
Total Free Space: 1613145069
Max   Chunk Size: 1613145069
Number of Blocks: 1
Av.  Block  Size: 1613145069
Tree      Height: 1
, 0.0142175 secs] [Times: user=0.35 sys=0.00, real=0.01 secs] 
Heap after GC invocations=13124 (full 19):
 par new generation   total 1800000K, used 7475K [0x00000003ef600000, 0x0000000469720000, 0x0000000469720000)
  eden space 1600000K,   0% used [0x00000003ef600000, 0x00000003ef600000, 0x0000000451080000)
  from space 200000K,   3% used [0x0000000451080000, 0x00000004517ccfe8, 0x000000045d3d0000)
  to   space 200000K,   0% used [0x000000045d3d0000, 0x000000045d3d0000, 0x0000000469720000)
 concurrent mark-sweep generation total 14001024K, used 1397568K [0x0000000469720000, 0x00000007c0000000, 0x00000007c0000000)
 Metaspace       used 44951K, capacity 46238K, committed 46652K, reserved 1091584K
  class space    used 4917K, capacity 5190K, committed 5268K, reserved 1048576K
}
2017-04-16T12:39:21.564-0700: 142485.823: Total time for which application threads were stopped: 0.0153932 seconds, Stopping threads took: 0.0001712 seconds
{Heap before GC invocations=13124 (full 19):
 par new generation   total 1800000K, used 1607475K [0x00000003ef600000, 0x0000000469720000, 0x0000000469720000)
  eden space 1600000K, 100% used [0x00000003ef600000, 0x0000000451080000, 0x0000000451080000)
  from space 200000K,   3% used [0x0000000451080000, 0x00000004517ccfe8, 0x000000045d3d0000)
  to   space 200000K,   0% used [0x000000045d3d0000, 0x000000045d3d0000, 0x0000000469720000)
 concurrent mark-sweep generation total 14001024K, used 1397568K [0x0000000469720000, 0x00000007c0000000, 0x00000007c0000000)
 Metaspace       used 44951K, capacity 46238K, committed 46652K, reserved 1091584K
  class space    used 4917K, capacity 5190K, committed 5268K, reserved 1048576K
2017-04-16T12:39:34.905-0700: 142499.164: [GC (Allocation Failure) Before GC:
Statistics for BinaryTreeDictionary:
------------------------------------
Total Free Space: 1613145069
Max   Chunk Size: 1613145069
Number of Blocks: 1
Av.  Block  Size: 1613145069
Tree      Height: 1
2017-04-16T12:39:34.905-0700: 142499.164: [ParNew
Desired survivor size 102400000 bytes, new threshold 1 (max 1)
- age   1:    6979320 bytes,    6979320 total
: 1607475K->7495K(1800000K), 0.0138207 secs] 3005044K->1406633K(15801024K)After GC:
Statistics for BinaryTreeDictionary:
------------------------------------
Total Free Space: 1612940379
Max   Chunk Size: 1612940379
Number of Blocks: 1
Av.  Block  Size: 1612940379
Tree      Height: 1
, 0.0141250 secs] [Times: user=0.35 sys=0.00, real=0.01 secs] 
Heap after GC invocations=13125 (full 19):
 par new generation   total 1800000K, used 7495K [0x00000003ef600000, 0x0000000469720000, 0x0000000469720000)
  eden space 1600000K,   0% used [0x00000003ef600000, 0x00000003ef600000, 0x0000000451080000)
  from space 200000K,   3% used [0x000000045d3d0000, 0x000000045db21c10, 0x0000000469720000)
  to   space 200000K,   0% used [0x0000000451080000, 0x0000000451080000, 0x000000045d3d0000)
 concurrent mark-sweep generation total 14001024K, used 1399138K [0x0000000469720000, 0x00000007c0000000, 0x00000007c0000000)
 Metaspace       used 44951K, capacity 46238K, committed 46652K, reserved 1091584K
  class space    used 4917K, capacity 5190K, committed 5268K, reserved 1048576K
}
2017-04-16T12:39:34.919-0700: 142499.178: Total time for which application threads were stopped: 0.0152761 seconds, Stopping threads took: 0.0001594 seconds
{Heap before GC invocations=13125 (full 19):
 par new generation   total 1800000K, used 1607495K [0x00000003ef600000, 0x0000000469720000, 0x0000000469720000)
  eden space 1600000K, 100% used [0x00000003ef600000, 0x0000000451080000, 0x0000000451080000)
  from space 200000K,   3% used [0x000000045d3d0000, 0x000000045db21c10, 0x0000000469720000)
  to   space 200000K,   0% used [0x0000000451080000, 0x0000000451080000, 0x000000045d3d0000)
 concurrent mark-sweep generation total 14001024K, used 1399138K [0x0000000469720000, 0x00000007c0000000, 0x00000007c0000000)
 Metaspace       used 44951K, capacity 46238K, committed 46652K, reserved 1091584K
  class space    used 4917K, capacity 5190K, committed 5268K, reserved 1048576K
2017-04-16T12:39:48.144-0700: 142512.403: [GC (Allocation Failure) Before GC:
Statistics for BinaryTreeDictionary:
------------------------------------
Total Free Space: 1612940379
Max   Chunk Size: 1612940379
Number of Blocks: 1
Av.  Block  Size: 1612940379
Tree      Height: 1
2017-04-16T12:39:48.144-0700: 142512.403: [ParNew
Desired survivor size 102400000 bytes, new threshold 1 (max 1)
- age   1:    5903216 bytes,    5903216 total
: 1607495K->6456K(1800000K), 0.0142589 secs] 3006633K->1407048K(15801024K)After GC:
Statistics for BinaryTreeDictionary:
------------------------------------
Total Free Space: 1612759373
Max   Chunk Size: 1612759373
Number of Blocks: 1
Av.  Block  Size: 1612759373
Tree      Height: 1
, 0.0145616 secs] [Times: user=0.36 sys=0.00, real=0.01 secs] 
Heap after GC invocations=13126 (full 19):
 par new generation   total 1800000K, used 6456K [0x00000003ef600000, 0x0000000469720000, 0x0000000469720000)
  eden space 1600000K,   0% used [0x00000003ef600000, 0x00000003ef600000, 0x0000000451080000)
  from space 200000K,   3% used [0x0000000451080000, 0x00000004516ce2d0, 0x000000045d3d0000)
  to   space 200000K,   0% used [0x000000045d3d0000, 0x000000045d3d0000, 0x0000000469720000)
 concurrent mark-sweep generation total 14001024K, used 1400591K [0x0000000469720000, 0x00000007c0000000, 0x00000007c0000000)
 Metaspace       used 44951K, capacity 46238K, committed 46652K, reserved 1091584K
  class space    used 4917K, capacity 5190K, committed 5268K, reserved 1048576K
}
2017-04-16T12:39:48.158-0700: 142512.418: Total time for which application threads were stopped: 0.0157240 seconds, Stopping threads took: 0.0001732 seconds
{Heap before GC invocations=13126 (full 19):
 par new generation   total 1800000K, used 1606456K [0x00000003ef600000, 0x0000000469720000, 0x0000000469720000)
  eden space 1600000K, 100% used [0x00000003ef600000, 0x0000000451080000, 0x0000000451080000)
  from space 200000K,   3% used [0x0000000451080000, 0x00000004516ce2d0, 0x000000045d3d0000)
  to   space 200000K,   0% used [0x000000045d3d0000, 0x000000045d3d0000, 0x0000000469720000)
 concurrent mark-sweep generation total 14001024K, used 1400591K [0x0000000469720000, 0x00000007c0000000, 0x00000007c0000000)
 Metaspace       used 44951K, capacity 46238K, committed 46652K, reserved 1091584K
  class space    used 4917K, capacity 5190K, committed 5268K, reserved 1048576K
2017-04-16T12:40:01.191-0700: 142525.450: [GC (Allocation Failure) Before GC:
Statistics for BinaryTreeDictionary:
------------------------------------
Total Free Space: 1612759373
Max   Chunk Size: 1612759373
Number of Blocks: 1
Av.  Block  Size: 1612759373
Tree      Height: 1
2017-04-16T12:40:01.191-0700: 142525.450: [ParNew
Desired survivor size 102400000 bytes, new threshold 1 (max 1)
- age   1:    8116872 bytes,    8116872 total
: 1606456K->8443K(1800000K), 0.0152942 secs] 3007048K->1410581K(15801024K)After GC:
Statistics for BinaryTreeDictionary:
------------------------------------
Total Free Space: 1612564839
Max   Chunk Size: 1612564839
Number of Blocks: 1
Av.  Block  Size: 1612564839
Tree      Height: 1
, 0.0155767 secs] [Times: user=0.40 sys=0.00, real=0.02 secs] 
Heap after GC invocations=13127 (full 19):
 par new generation   total 1800000K, used 8443K [0x00000003ef600000, 0x0000000469720000, 0x0000000469720000)
  eden space 1600000K,   0% used [0x00000003ef600000, 0x00000003ef600000, 0x0000000451080000)
  from space 200000K,   4% used [0x000000045d3d0000, 0x000000045dc0ee58, 0x0000000469720000)
  to   space 200000K,   0% used [0x0000000451080000, 0x0000000451080000, 0x000000045d3d0000)
 concurrent mark-sweep generation total 14001024K, used 1402138K [0x0000000469720000, 0x00000007c0000000, 0x00000007c0000000)
 Metaspace       used 44951K, capacity 46238K, committed 46652K, reserved 1091584K
  class space    used 4917K, capacity 5190K, committed 5268K, reserved 1048576K
}
2017-04-16T12:40:01.207-0700: 142525.466: Total time for which application threads were stopped: 0.0167055 seconds, Stopping threads took: 0.0001546 seconds
2017-04-16T12:40:09.741-0700: 142534.001: Total time for which application threads were stopped: 0.0021937 seconds, Stopping threads took: 0.0001570 seconds
2017-04-16T12:40:11.588-0700: 142535.848: Total time for which application threads were stopped: 0.0010011 seconds, Stopping threads took: 0.0001985 seconds
{Heap before GC invocations=13127 (full 19):
 par new generation   total 1800000K, used 1608443K [0x00000003ef600000, 0x0000000469720000, 0x0000000469720000)
  eden space 1600000K, 100% used [0x00000003ef600000, 0x0000000451080000, 0x0000000451080000)
  from space 200000K,   4% used [0x000000045d3d0000, 0x000000045dc0ee58, 0x0000000469720000)
  to   space 200000K,   0% used [0x0000000451080000, 0x0000000451080000, 0x000000045d3d0000)
 concurrent mark-sweep generation total 14001024K, used 1402138K [0x0000000469720000, 0x00000007c0000000, 0x00000007c0000000)
 Metaspace       used 44951K, capacity 46238K, committed 46652K, reserved 1091584K
  class space    used 4917K, capacity 5190K, committed 5268K, reserved 1048576K
2017-04-16T12:40:12.570-0700: 142536.830: [GC (Allocation Failure) Before GC:
Statistics for BinaryTreeDictionary:
------------------------------------
Total Free Space: 1612564839
Max   Chunk Size: 1612564839
Number of Blocks: 1
Av.  Block  Size: 1612564839
Tree      Height: 1
2017-04-16T12:40:12.571-0700: 142536.830: [ParNew
Desired survivor size 102400000 bytes, new threshold 1 (max 1)
- age   1:    7126632 bytes,    7126632 total
: 1608443K->7796K(1800000K), 0.0153501 secs] 3010581K->1412243K(15801024K)After GC:
Statistics for BinaryTreeDictionary:
------------------------------------
Total Free Space: 1612265607
Max   Chunk Size: 1612265607
Number of Blocks: 1
Av.  Block  Size: 1612265607
Tree      Height: 1
, 0.0156627 secs] [Times: user=0.39 sys=0.00, real=0.01 secs] 
Heap after GC invocations=13128 (full 19):
 par new generation   total 1800000K, used 7796K [0x00000003ef600000, 0x0000000469720000, 0x0000000469720000)
  eden space 1600000K,   0% used [0x00000003ef600000, 0x00000003ef600000, 0x0000000451080000)
  from space 200000K,   3% used [0x0000000451080000, 0x000000045181d038, 0x000000045d3d0000)
  to   space 200000K,   0% used [0x000000045d3d0000, 0x000000045d3d0000, 0x0000000469720000)
 concurrent mark-sweep generation total 14001024K, used 1404447K [0x0000000469720000, 0x00000007c0000000, 0x00000007c0000000)
 Metaspace       used 44951K, capacity 46238K, committed 46652K, reserved 1091584K
  class space    used 4917K, capacity 5190K, committed 5268K, reserved 1048576K
}
2017-04-16T12:40:12.586-0700: 142536.846: Total time for which application threads were stopped: 0.0168343 seconds, Stopping threads took: 0.0001757 seconds
{Heap before GC invocations=13128 (full 19):
 par new generation   total 1800000K, used 1607796K [0x00000003ef600000, 0x0000000469720000, 0x0000000469720000)
  eden space 1600000K, 100% used [0x00000003ef600000, 0x0000000451080000, 0x0000000451080000)
  from space 200000K,   3% used [0x0000000451080000, 0x000000045181d038, 0x000000045d3d0000)
  to   space 200000K,   0% used [0x000000045d3d0000, 0x000000045d3d0000, 0x0000000469720000)
 concurrent mark-sweep generation total 14001024K, used 1404447K [0x0000000469720000, 0x00000007c0000000, 0x00000007c0000000)
 Metaspace       used 44951K, capacity 46238K, committed 46652K, reserved 1091584K
  class space    used 4917K, capacity 5190K, committed 5268K, reserved 1048576K
2017-04-16T12:40:25.935-0700: 142550.195: [GC (Allocation Failure) Before GC:
Statistics for BinaryTreeDictionary:
------------------------------------
Total Free Space: 1612265607
Max   Chunk Size: 1612265607
Number of Blocks: 1
Av.  Block  Size: 1612265607
Tree      Height: 1
2017-04-16T12:40:25.935-0700: 142550.195: [ParNew
Desired survivor size 102400000 bytes, new threshold 1 (max 1)
- age   1:    6544856 bytes,    6544856 total
: 1607796K->7104K(1800000K), 0.0149868 secs] 3012243K->1413524K(15801024K)After GC:
Statistics for BinaryTreeDictionary:
------------------------------------
Total Free Space: 1611990881
Max   Chunk Size: 1611990881
Number of Blocks: 1
Av.  Block  Size: 1611990881
Tree      Height: 1
, 0.0153099 secs] [Times: user=0.38 sys=0.00, real=0.02 secs] 
Heap after GC invocations=13129 (full 19):
 par new generation   total 1800000K, used 7104K [0x00000003ef600000, 0x0000000469720000, 0x0000000469720000)
  eden space 1600000K,   0% used [0x00000003ef600000, 0x00000003ef600000, 0x0000000451080000)
  from space 200000K,   3% used [0x000000045d3d0000, 0x000000045dac03d8, 0x0000000469720000)
  to   space 200000K,   0% used [0x0000000451080000, 0x0000000451080000, 0x000000045d3d0000)
 concurrent mark-sweep generation total 14001024K, used 1406419K [0x0000000469720000, 0x00000007c0000000, 0x00000007c0000000)
 Metaspace       used 44951K, capacity 46238K, committed 46652K, reserved 1091584K
  class space    used 4917K, capacity 5190K, committed 5268K, reserved 1048576K
}
2017-04-16T12:40:25.951-0700: 142550.210: Total time for which application threads were stopped: 0.0164783 seconds, Stopping threads took: 0.0001765 seconds
{Heap before GC invocations=13129 (full 19):
 par new generation   total 1800000K, used 1607104K [0x00000003ef600000, 0x0000000469720000, 0x0000000469720000)
  eden space 1600000K, 100% used [0x00000003ef600000, 0x0000000451080000, 0x0000000451080000)
  from space 200000K,   3% used [0x000000045d3d0000, 0x000000045dac03d8, 0x0000000469720000)
  to   space 200000K,   0% used [0x0000000451080000, 0x0000000451080000, 0x000000045d3d0000)
 concurrent mark-sweep generation total 14001024K, used 1406419K [0x0000000469720000, 0x00000007c0000000, 0x00000007c0000000)
 Metaspace       used 44951K, capacity 46238K, committed 46652K, reserved 1091584K
  class space    used 4917K, capacity 5190K, committed 5268K, reserved 1048576K
2017-04-16T12:40:39.344-0700: 142563.603: [GC (Allocation Failure) Before GC:
Statistics for BinaryTreeDictionary:
------------------------------------
Total Free Space: 1611990881
Max   Chunk Size: 1611990881
Number of Blocks: 1
Av.  Block  Size: 1611990881
Tree      Height: 1
2017-04-16T12:40:39.344-0700: 142563.603: [ParNew
Desired survivor size 102400000 bytes, new threshold 1 (max 1)
- age   1:    7128984 bytes,    7128984 total
: 1607104K->7737K(1800000K), 0.0143317 secs] 3013524K->1415774K(15801024K)After GC:
Statistics for BinaryTreeDictionary:
------------------------------------
Total Free Space: 1611803895
Max   Chunk Size: 1611803895
Number of Blocks: 1
Av.  Block  Size: 1611803895
Tree      Height: 1
, 0.0146389 secs] [Times: user=0.36 sys=0.00, real=0.01 secs] 
Heap after GC invocations=13130 (full 19):
 par new generation   total 1800000K, used 7737K [0x00000003ef600000, 0x0000000469720000, 0x0000000469720000)
  eden space 1600000K,   0% used [0x00000003ef600000, 0x00000003ef600000, 0x0000000451080000)
  from space 200000K,   3% used [0x0000000451080000, 0x000000045180e778, 0x000000045d3d0000)
  to   space 200000K,   0% used [0x000000045d3d0000, 0x000000045d3d0000, 0x0000000469720000)
 concurrent mark-sweep generation total 14001024K, used 1408036K [0x0000000469720000, 0x00000007c0000000, 0x00000007c0000000)
 Metaspace       used 44951K, capacity 46238K, committed 46652K, reserved 1091584K
  class space    used 4917K, capacity 5190K, committed 5268K, reserved 1048576K
}
2017-04-16T12:40:39.359-0700: 142563.618: Total time for which application threads were stopped: 0.0158201 seconds, Stopping threads took: 0.0001704 seconds
{Heap before GC invocations=13130 (full 19):
 par new generation   total 1800000K, used 1607737K [0x00000003ef600000, 0x0000000469720000, 0x0000000469720000)
  eden space 1600000K, 100% used [0x00000003ef600000, 0x0000000451080000, 0x0000000451080000)
  from space 200000K,   3% used [0x0000000451080000, 0x000000045180e778, 0x000000045d3d0000)
  to   space 200000K,   0% used [0x000000045d3d0000, 0x000000045d3d0000, 0x0000000469720000)
 concurrent mark-sweep generation total 14001024K, used 1408036K [0x0000000469720000, 0x00000007c0000000, 0x00000007c0000000)
 Metaspace       used 44951K, capacity 46238K, committed 46652K, reserved 1091584K
  class space    used 4917K, capacity 5190K, committed 5268K, reserved 1048576K
2017-04-16T12:40:52.289-0700: 142576.549: [GC (Allocation Failure) Before GC:
Statistics for BinaryTreeDictionary:
------------------------------------
Total Free Space: 1611803895
Max   Chunk Size: 1611803895
Number of Blocks: 1
Av.  Block  Size: 1611803895
Tree      Height: 1
2017-04-16T12:40:52.290-0700: 142576.549: [ParNew
Desired survivor size 102400000 bytes, new threshold 1 (max 1)
- age   1:    6739784 bytes,    6739784 total
: 1607737K->7282K(1800000K), 0.0158622 secs] 3015774K->1417745K(15801024K)After GC:
Statistics for BinaryTreeDictionary:
------------------------------------
Total Free Space: 1611494536
Max   Chunk Size: 1611494536
Number of Blocks: 1
Av.  Block  Size: 1611494536
Tree      Height: 1
, 0.0161926 secs] [Times: user=0.39 sys=0.00, real=0.02 secs] 
Heap after GC invocations=13131 (full 19):
 par new generation   total 1800000K, used 7282K [0x00000003ef600000, 0x0000000469720000, 0x0000000469720000)
  eden space 1600000K,   0% used [0x00000003ef600000, 0x00000003ef600000, 0x0000000451080000)
  from space 200000K,   3% used [0x000000045d3d0000, 0x000000045daec810, 0x0000000469720000)
  to   space 200000K,   0% used [0x0000000451080000, 0x0000000451080000, 0x000000045d3d0000)
 concurrent mark-sweep generation total 14001024K, used 1410463K [0x0000000469720000, 0x00000007c0000000, 0x00000007c0000000)
 Metaspace       used 44951K, capacity 46238K, committed 46652K, reserved 1091584K
  class space    used 4917K, capacity 5190K, committed 5268K, reserved 1048576K
}
2017-04-16T12:40:52.306-0700: 142576.565: Total time for which application threads were stopped: 0.0173395 seconds, Stopping threads took: 0.0001586 seconds
{Heap before GC invocations=13131 (full 19):
 par new generation   total 1800000K, used 1607282K [0x00000003ef600000, 0x0000000469720000, 0x0000000469720000)
  eden space 1600000K, 100% used [0x00000003ef600000, 0x0000000451080000, 0x0000000451080000)
  from space 200000K,   3% used [0x000000045d3d0000, 0x000000045daec810, 0x0000000469720000)
  to   space 200000K,   0% used [0x0000000451080000, 0x0000000451080000, 0x000000045d3d0000)
 concurrent mark-sweep generation total 14001024K, used 1410463K [0x0000000469720000, 0x00000007c0000000, 0x00000007c0000000)
 Metaspace       used 44951K, capacity 46238K, committed 46652K, reserved 1091584K
  class space    used 4917K, capacity 5190K, committed 5268K, reserved 1048576K
2017-04-16T12:41:05.635-0700: 142589.894: [GC (Allocation Failure) Before GC:
Statistics for BinaryTreeDictionary:
------------------------------------
Total Free Space: 1611494536
Max   Chunk Size: 1611494536
Number of Blocks: 1
Av.  Block  Size: 1611494536
Tree      Height: 1
2017-04-16T12:41:05.635-0700: 142589.894: [ParNew
Desired survivor size 102400000 bytes, new threshold 1 (max 1)
- age   1:    6596264 bytes,    6596264 total
: 1607282K->7135K(1800000K), 0.0144361 secs] 3017745K->1418790K(15801024K)After GC:
Statistics for BinaryTreeDictionary:
------------------------------------
Total Free Space: 1611336472
Max   Chunk Size: 1611336472
Number of Blocks: 1
Av.  Block  Size: 1611336472
Tree      Height: 1
, 0.0147333 secs] [Times: user=0.36 sys=0.00, real=0.01 secs] 
Heap after GC invocations=13132 (full 19):
 par new generation   total 1800000K, used 7135K [0x00000003ef600000, 0x0000000469720000, 0x0000000469720000)
  eden space 1600000K,   0% used [0x00000003ef600000, 0x00000003ef600000, 0x0000000451080000)
  from space 200000K,   3% used [0x0000000451080000, 0x0000000451777d60, 0x000000045d3d0000)
  to   space 200000K,   0% used [0x000000045d3d0000, 0x000000045d3d0000, 0x0000000469720000)
 concurrent mark-sweep generation total 14001024K, used 1411655K [0x0000000469720000, 0x00000007c0000000, 0x00000007c0000000)
 Metaspace       used 44951K, capacity 46238K, committed 46652K, reserved 1091584K
  class space    used 4917K, capacity 5190K, committed 5268K, reserved 1048576K
}
2017-04-16T12:41:05.650-0700: 142589.909: Total time for which application threads were stopped: 0.0158919 seconds, Stopping threads took: 0.0001519 seconds
2017-04-16T12:41:09.528-0700: 142593.788: Total time for which application threads were stopped: 0.0022812 seconds, Stopping threads took: 0.0001661 seconds
{Heap before GC invocations=13132 (full 19):
 par new generation   total 1800000K, used 1607135K [0x00000003ef600000, 0x0000000469720000, 0x0000000469720000)
  eden space 1600000K, 100% used [0x00000003ef600000, 0x0000000451080000, 0x0000000451080000)
  from space 200000K,   3% used [0x0000000451080000, 0x0000000451777d60, 0x000000045d3d0000)
  to   space 200000K,   0% used [0x000000045d3d0000, 0x000000045d3d0000, 0x0000000469720000)
 concurrent mark-sweep generation total 14001024K, used 1411655K [0x0000000469720000, 0x00000007c0000000, 0x00000007c0000000)
 Metaspace       used 44951K, capacity 46238K, committed 46652K, reserved 1091584K
  class space    used 4917K, capacity 5190K, committed 5268K, reserved 1048576K
2017-04-16T12:41:19.035-0700: 142603.295: [GC (Allocation Failure) Before GC:
Statistics for BinaryTreeDictionary:
------------------------------------
Total Free Space: 1611336472
Max   Chunk Size: 1611336472
Number of Blocks: 1
Av.  Block  Size: 1611336472
Tree      Height: 1
2017-04-16T12:41:19.035-0700: 142603.295: [ParNew
Desired survivor size 102400000 bytes, new threshold 1 (max 1)
- age   1:    5803008 bytes,    5803008 total
: 1607135K->6306K(1800000K), 0.0144364 secs] 3018790K->1419506K(15801024K)After GC:
Statistics for BinaryTreeDictionary:
------------------------------------
Total Free Space: 1611146200
Max   Chunk Size: 1611146200
Number of Blocks: 1
Av.  Block  Size: 1611146200
Tree      Height: 1
, 0.0147538 secs] [Times: user=0.36 sys=0.00, real=0.02 secs] 
Heap after GC invocations=13133 (full 19):
 par new generation   total 1800000K, used 6306K [0x00000003ef600000, 0x0000000469720000, 0x0000000469720000)
  eden space 1600000K,   0% used [0x00000003ef600000, 0x00000003ef600000, 0x0000000451080000)
  from space 200000K,   3% used [0x000000045d3d0000, 0x000000045d9f8850, 0x0000000469720000)
  to   space 200000K,   0% used [0x0000000451080000, 0x0000000451080000, 0x000000045d3d0000)
 concurrent mark-sweep generation total 14001024K, used 1413200K [0x0000000469720000, 0x00000007c0000000, 0x00000007c0000000)
 Metaspace       used 44951K, capacity 46238K, committed 46652K, reserved 1091584K
  class space    used 4917K, capacity 5190K, committed 5268K, reserved 1048576K
}
2017-04-16T12:41:19.050-0700: 142603.309: Total time for which application threads were stopped: 0.0159020 seconds, Stopping threads took: 0.0001680 seconds
{Heap before GC invocations=13133 (full 19):
 par new generation   total 1800000K, used 1606306K [0x00000003ef600000, 0x0000000469720000, 0x0000000469720000)
  eden space 1600000K, 100% used [0x00000003ef600000, 0x0000000451080000, 0x0000000451080000)
  from space 200000K,   3% used [0x000000045d3d0000, 0x000000045d9f8850, 0x0000000469720000)
  to   space 200000K,   0% used [0x0000000451080000, 0x0000000451080000, 0x000000045d3d0000)
 concurrent mark-sweep generation total 14001024K, used 1413200K [0x0000000469720000, 0x00000007c0000000, 0x00000007c0000000)
 Metaspace       used 44951K, capacity 46238K, committed 46652K, reserved 1091584K
  class space    used 4917K, capacity 5190K, committed 5268K, reserved 1048576K
2017-04-16T12:41:31.914-0700: 142616.174: [GC (Allocation Failure) Before GC:
Statistics for BinaryTreeDictionary:
------------------------------------
Total Free Space: 1611146200
Max   Chunk Size: 1611146200
Number of Blocks: 1
Av.  Block  Size: 1611146200
Tree      Height: 1
2017-04-16T12:41:31.915-0700: 142616.174: [ParNew
Desired survivor size 102400000 bytes, new threshold 1 (max 1)
- age   1:    7935824 bytes,    7935824 total
: 1606306K->8456K(1800000K), 0.0140976 secs] 3019506K->1422991K(15801024K)After GC:
Statistics for BinaryTreeDictionary:
------------------------------------
Total Free Space: 1610974675
Max   Chunk Size: 1610974675
Number of Blocks: 1
Av.  Block  Size: 1610974675
Tree      Height: 1
, 0.0144302 secs] [Times: user=0.36 sys=0.00, real=0.02 secs] 
Heap after GC invocations=13134 (full 19):
 par new generation   total 1800000K, used 8456K [0x00000003ef600000, 0x0000000469720000, 0x0000000469720000)
  eden space 1600000K,   0% used [0x00000003ef600000, 0x00000003ef600000, 0x0000000451080000)
  from space 200000K,   4% used [0x0000000451080000, 0x00000004518c2058, 0x000000045d3d0000)
  to   space 200000K,   0% used [0x000000045d3d0000, 0x000000045d3d0000, 0x0000000469720000)
 concurrent mark-sweep generation total 14001024K, used 1414535K [0x0000000469720000, 0x00000007c0000000, 0x00000007c0000000)
 Metaspace       used 44951K, capacity 46238K, committed 46652K, reserved 1091584K
  class space    used 4917K, capacity 5190K, committed 5268K, reserved 1048576K
}
2017-04-16T12:41:31.929-0700: 142616.188: Total time for which application threads were stopped: 0.0156277 seconds, Stopping threads took: 0.0001872 seconds
2017-04-16T12:41:39.631-0700: 142623.890: Total time for which application threads were stopped: 0.0022102 seconds, Stopping threads took: 0.0001526 seconds
{Heap before GC invocations=13134 (full 19):
 par new generation   total 1800000K, used 1608456K [0x00000003ef600000, 0x0000000469720000, 0x0000000469720000)
  eden space 1600000K, 100% used [0x00000003ef600000, 0x0000000451080000, 0x0000000451080000)
  from space 200000K,   4% used [0x0000000451080000, 0x00000004518c2058, 0x000000045d3d0000)
  to   space 200000K,   0% used [0x000000045d3d0000, 0x000000045d3d0000, 0x0000000469720000)
 concurrent mark-sweep generation total 14001024K, used 1414535K [0x0000000469720000, 0x00000007c0000000, 0x00000007c0000000)
 Metaspace       used 44951K, capacity 46238K, committed 46652K, reserved 1091584K
  class space    used 4917K, capacity 5190K, committed 5268K, reserved 1048576K
2017-04-16T12:41:42.002-0700: 142626.261: [GC (Allocation Failure) Before GC:
Statistics for BinaryTreeDictionary:
------------------------------------
Total Free Space: 1610974675
Max   Chunk Size: 1610974675
Number of Blocks: 1
Av.  Block  Size: 1610974675
Tree      Height: 1
2017-04-16T12:41:42.002-0700: 142626.262: [ParNew
Desired survivor size 102400000 bytes, new threshold 1 (max 1)
- age   1:   12629304 bytes,   12629304 total
: 1608456K->13685K(1800000K), 0.0195157 secs] 3022991K->1431476K(15801024K)After GC:
Statistics for BinaryTreeDictionary:
------------------------------------
Total Free Space: 1610558851
Max   Chunk Size: 1610558851
Number of Blocks: 1
Av.  Block  Size: 1610558851
Tree      Height: 1
, 0.0198297 secs] [Times: user=0.38 sys=0.00, real=0.02 secs] 
Heap after GC invocations=13135 (full 19):
 par new generation   total 1800000K, used 13685K [0x00000003ef600000, 0x0000000469720000, 0x0000000469720000)
  eden space 1600000K,   0% used [0x00000003ef600000, 0x00000003ef600000, 0x0000000451080000)
  from space 200000K,   6% used [0x000000045d3d0000, 0x000000045e12d7e0, 0x0000000469720000)
  to   space 200000K,   0% used [0x0000000451080000, 0x0000000451080000, 0x000000045d3d0000)
 concurrent mark-sweep generation total 14001024K, used 1417790K [0x0000000469720000, 0x00000007c0000000, 0x00000007c0000000)
 Metaspace       used 44951K, capacity 46238K, committed 46652K, reserved 1091584K
  class space    used 4917K, capacity 5190K, committed 5268K, reserved 1048576K
}
2017-04-16T12:41:42.022-0700: 142626.281: Total time for which application threads were stopped: 0.0210249 seconds, Stopping threads took: 0.0001687 seconds
{Heap before GC invocations=13135 (full 19):
 par new generation   total 1800000K, used 1613685K [0x00000003ef600000, 0x0000000469720000, 0x0000000469720000)
  eden space 1600000K, 100% used [0x00000003ef600000, 0x0000000451080000, 0x0000000451080000)
  from space 200000K,   6% used [0x000000045d3d0000, 0x000000045e12d7e0, 0x0000000469720000)
  to   space 200000K,   0% used [0x0000000451080000, 0x0000000451080000, 0x000000045d3d0000)
 concurrent mark-sweep generation total 14001024K, used 1417790K [0x0000000469720000, 0x00000007c0000000, 0x00000007c0000000)
 Metaspace       used 44951K, capacity 46238K, committed 46652K, reserved 1091584K
  class space    used 4917K, capacity 5190K, committed 5268K, reserved 1048576K
2017-04-16T12:41:55.266-0700: 142639.526: [GC (Allocation Failure) Before GC:
Statistics for BinaryTreeDictionary:
------------------------------------
Total Free Space: 1610558851
Max   Chunk Size: 1610558851
Number of Blocks: 1
Av.  Block  Size: 1610558851
Tree      Height: 1
2017-04-16T12:41:55.266-0700: 142639.526: [ParNew
Desired survivor size 102400000 bytes, new threshold 1 (max 1)
- age   1:    7595776 bytes,    7595776 total
: 1613685K->9519K(1800000K), 0.0169734 secs] 3031476K->1434298K(15801024K)After GC:
Statistics for BinaryTreeDictionary:
------------------------------------
Total Free Space: 1609629915
Max   Chunk Size: 1609629915
Number of Blocks: 1
Av.  Block  Size: 1609629915
Tree      Height: 1
, 0.0173141 secs] [Times: user=0.36 sys=0.00, real=0.02 secs] 
Heap after GC invocations=13136 (full 19):
 par new generation   total 1800000K, used 9519K [0x00000003ef600000, 0x0000000469720000, 0x0000000469720000)
  eden space 1600000K,   0% used [0x00000003ef600000, 0x00000003ef600000, 0x0000000451080000)
  from space 200000K,   4% used [0x0000000451080000, 0x00000004519cbe08, 0x000000045d3d0000)
  to   space 200000K,   0% used [0x000000045d3d0000, 0x000000045d3d0000, 0x0000000469720000)
 concurrent mark-sweep generation total 14001024K, used 1424779K [0x0000000469720000, 0x00000007c0000000, 0x00000007c0000000)
 Metaspace       used 44951K, capacity 46238K, committed 46652K, reserved 1091584K
  class space    used 4917K, capacity 5190K, committed 5268K, reserved 1048576K
}
2017-04-16T12:41:55.284-0700: 142639.543: Total time for which application threads were stopped: 0.0184733 seconds, Stopping threads took: 0.0001636 seconds
{Heap before GC invocations=13136 (full 19):
 par new generation   total 1800000K, used 1609519K [0x00000003ef600000, 0x0000000469720000, 0x0000000469720000)
  eden space 1600000K, 100% used [0x00000003ef600000, 0x0000000451080000, 0x0000000451080000)
  from space 200000K,   4% used [0x0000000451080000, 0x00000004519cbe08, 0x000000045d3d0000)
  to   space 200000K,   0% used [0x000000045d3d0000, 0x000000045d3d0000, 0x0000000469720000)
 concurrent mark-sweep generation total 14001024K, used 1424779K [0x0000000469720000, 0x00000007c0000000, 0x00000007c0000000)
 Metaspace       used 44951K, capacity 46238K, committed 46652K, reserved 1091584K
  class space    used 4917K, capacity 5190K, committed 5268K, reserved 1048576K
2017-04-16T12:42:08.504-0700: 142652.763: [GC (Allocation Failure) Before GC:
Statistics for BinaryTreeDictionary:
------------------------------------
Total Free Space: 1609629915
Max   Chunk Size: 1609629915
Number of Blocks: 1
Av.  Block  Size: 1609629915
Tree      Height: 1
2017-04-16T12:42:08.504-0700: 142652.763: [ParNew
Desired survivor size 102400000 bytes, new threshold 1 (max 1)
- age   1:    6501784 bytes,    6501784 total
: 1609519K->8349K(1800000K), 0.0142772 secs] 3034298K->1434603K(15801024K)After GC:
Statistics for BinaryTreeDictionary:
------------------------------------
Total Free Space: 1609408701
Max   Chunk Size: 1609408701
Number of Blocks: 1
Av.  Block  Size: 1609408701
Tree      Height: 1
, 0.0145793 secs] [Times: user=0.36 sys=0.00, real=0.02 secs] 
Heap after GC invocations=13137 (full 19):
 par new generation   total 1800000K, used 8349K [0x00000003ef600000, 0x0000000469720000, 0x0000000469720000)
  eden space 1600000K,   0% used [0x00000003ef600000, 0x00000003ef600000, 0x0000000451080000)
  from space 200000K,   4% used [0x000000045d3d0000, 0x000000045dbf7548, 0x0000000469720000)
  to   space 200000K,   0% used [0x0000000451080000, 0x0000000451080000, 0x000000045d3d0000)
 concurrent mark-sweep generation total 14001024K, used 1426254K [0x0000000469720000, 0x00000007c0000000, 0x00000007c0000000)
 Metaspace       used 44951K, capacity 46238K, committed 46652K, reserved 1091584K
  class space    used 4917K, capacity 5190K, committed 5268K, reserved 1048576K
}
2017-04-16T12:42:08.518-0700: 142652.778: Total time for which application threads were stopped: 0.0157379 seconds, Stopping threads took: 0.0001658 seconds
{Heap before GC invocations=13137 (full 19):
 par new generation   total 1800000K, used 1608349K [0x00000003ef600000, 0x0000000469720000, 0x0000000469720000)
  eden space 1600000K, 100% used [0x00000003ef600000, 0x0000000451080000, 0x0000000451080000)
  from space 200000K,   4% used [0x000000045d3d0000, 0x000000045dbf7548, 0x0000000469720000)
  to   space 200000K,   0% used [0x0000000451080000, 0x0000000451080000, 0x000000045d3d0000)
 concurrent mark-sweep generation total 14001024K, used 1426254K [0x0000000469720000, 0x00000007c0000000, 0x00000007c0000000)
 Metaspace       used 44951K, capacity 46238K, committed 46652K, reserved 1091584K
  class space    used 4917K, capacity 5190K, committed 5268K, reserved 1048576K
2017-04-16T12:42:22.159-0700: 142666.419: [GC (Allocation Failure) Before GC:
Statistics for BinaryTreeDictionary:
------------------------------------
Total Free Space: 1609408701
Max   Chunk Size: 1609408701
Number of Blocks: 1
Av.  Block  Size: 1609408701
Tree      Height: 1
2017-04-16T12:42:22.159-0700: 142666.419: [ParNew
Desired survivor size 102400000 bytes, new threshold 1 (max 1)
- age   1:    7339128 bytes,    7339128 total
: 1608349K->7864K(1800000K), 0.0154015 secs] 3034603K->1435364K(15801024K)After GC:
Statistics for BinaryTreeDictionary:
------------------------------------
Total Free Space: 1609293578
Max   Chunk Size: 1609293578
Number of Blocks: 1
Av.  Block  Size: 1609293578
Tree      Height: 1
, 0.0157309 secs] [Times: user=0.39 sys=0.00, real=0.01 secs] 
Heap after GC invocations=13138 (full 19):
 par new generation   total 1800000K, used 7864K [0x00000003ef600000, 0x0000000469720000, 0x0000000469720000)
  eden space 1600000K,   0% used [0x00000003ef600000, 0x00000003ef600000, 0x0000000451080000)
  from space 200000K,   3% used [0x0000000451080000, 0x000000045182e050, 0x000000045d3d0000)
  to   space 200000K,   0% used [0x000000045d3d0000, 0x000000045d3d0000, 0x0000000469720000)
 concurrent mark-sweep generation total 14001024K, used 1427500K [0x0000000469720000, 0x00000007c0000000, 0x00000007c0000000)
 Metaspace       used 44951K, capacity 46238K, committed 46652K, reserved 1091584K
  class space    used 4917K, capacity 5190K, committed 5268K, reserved 1048576K
}
2017-04-16T12:42:22.175-0700: 142666.435: Total time for which application threads were stopped: 0.0169526 seconds, Stopping threads took: 0.0001554 seconds
2017-04-16T12:42:33.177-0700: 142677.436: Total time for which application threads were stopped: 0.0010287 seconds, Stopping threads took: 0.0002232 seconds
{Heap before GC invocations=13138 (full 19):
 par new generation   total 1800000K, used 1607864K [0x00000003ef600000, 0x0000000469720000, 0x0000000469720000)
  eden space 1600000K, 100% used [0x00000003ef600000, 0x0000000451080000, 0x0000000451080000)
  from space 200000K,   3% used [0x0000000451080000, 0x000000045182e050, 0x000000045d3d0000)
  to   space 200000K,   0% used [0x000000045d3d0000, 0x000000045d3d0000, 0x0000000469720000)
 concurrent mark-sweep generation total 14001024K, used 1427500K [0x0000000469720000, 0x00000007c0000000, 0x00000007c0000000)
 Metaspace       used 44953K, capacity 46238K, committed 46652K, reserved 1091584K
  class space    used 4917K, capacity 5190K, committed 5268K, reserved 1048576K
2017-04-16T12:42:38.366-0700: 142682.625: [GC (Allocation Failure) Before GC:
Statistics for BinaryTreeDictionary:
------------------------------------
Total Free Space: 1609293578
Max   Chunk Size: 1609293578
Number of Blocks: 1
Av.  Block  Size: 1609293578
Tree      Height: 1
2017-04-16T12:42:38.366-0700: 142682.625: [ParNew
Desired survivor size 102400000 bytes, new threshold 1 (max 1)
- age   1:   20664544 bytes,   20664544 total
: 1607864K->21008K(1800000K), 0.0141542 secs] 3035364K->1449776K(15801024K)After GC:
Statistics for BinaryTreeDictionary:
------------------------------------
Total Free Space: 1609136583
Max   Chunk Size: 1609136583
Number of Blocks: 1
Av.  Block  Size: 1609136583
Tree      Height: 1
, 0.0144896 secs] [Times: user=0.35 sys=0.00, real=0.02 secs] 
Heap after GC invocations=13139 (full 19):
 par new generation   total 1800000K, used 21008K [0x00000003ef600000, 0x0000000469720000, 0x0000000469720000)
  eden space 1600000K,   0% used [0x00000003ef600000, 0x00000003ef600000, 0x0000000451080000)
  from space 200000K,  10% used [0x000000045d3d0000, 0x000000045e854238, 0x0000000469720000)
  to   space 200000K,   0% used [0x0000000451080000, 0x0000000451080000, 0x000000045d3d0000)
 concurrent mark-sweep generation total 14001024K, used 1428768K [0x0000000469720000, 0x00000007c0000000, 0x00000007c0000000)
 Metaspace       used 44953K, capacity 46238K, committed 46652K, reserved 1091584K
  class space    used 4917K, capacity 5190K, committed 5268K, reserved 1048576K
}
2017-04-16T12:42:38.381-0700: 142682.640: Total time for which application threads were stopped: 0.0156754 seconds, Stopping threads took: 0.0001691 seconds
{Heap before GC invocations=13139 (full 19):
 par new generation   total 1800000K, used 1621008K [0x00000003ef600000, 0x0000000469720000, 0x0000000469720000)
  eden space 1600000K, 100% used [0x00000003ef600000, 0x0000000451080000, 0x0000000451080000)
  from space 200000K,  10% used [0x000000045d3d0000, 0x000000045e854238, 0x0000000469720000)
  to   space 200000K,   0% used [0x0000000451080000, 0x0000000451080000, 0x000000045d3d0000)
 concurrent mark-sweep generation total 14001024K, used 1428768K [0x0000000469720000, 0x00000007c0000000, 0x00000007c0000000)
 Metaspace       used 44953K, capacity 46238K, committed 46652K, reserved 1091584K
  class space    used 4917K, capacity 5190K, committed 5268K, reserved 1048576K
2017-04-16T12:42:52.082-0700: 142696.341: [GC (Allocation Failure) Before GC:
Statistics for BinaryTreeDictionary:
------------------------------------
Total Free Space: 1609136583
Max   Chunk Size: 1609136583
Number of Blocks: 1
Av.  Block  Size: 1609136583
Tree      Height: 1
2017-04-16T12:42:52.082-0700: 142696.341: [ParNew
Desired survivor size 102400000 bytes, new threshold 1 (max 1)
- age   1:    6462680 bytes,    6462680 total
: 1621008K->7140K(1800000K), 0.0152484 secs] 3049776K->1440714K(15801024K)After GC:
Statistics for BinaryTreeDictionary:
------------------------------------
Total Free Space: 1608527849
Max   Chunk Size: 1608527849
Number of Blocks: 1
Av.  Block  Size: 1608527849
Tree      Height: 1
, 0.0155698 secs] [Times: user=0.39 sys=0.00, real=0.01 secs] 
Heap after GC invocations=13140 (full 19):
 par new generation   total 1800000K, used 7140K [0x00000003ef600000, 0x0000000469720000, 0x0000000469720000)
  eden space 1600000K,   0% used [0x00000003ef600000, 0x00000003ef600000, 0x0000000451080000)
  from space 200000K,   3% used [0x0000000451080000, 0x00000004517790d8, 0x000000045d3d0000)
  to   space 200000K,   0% used [0x000000045d3d0000, 0x000000045d3d0000, 0x0000000469720000)
 concurrent mark-sweep generation total 14001024K, used 1433574K [0x0000000469720000, 0x00000007c0000000, 0x00000007c0000000)
 Metaspace       used 44953K, capacity 46238K, committed 46652K, reserved 1091584K
  class space    used 4917K, capacity 5190K, committed 5268K, reserved 1048576K
}
2017-04-16T12:42:52.098-0700: 142696.357: Total time for which application threads were stopped: 0.0167547 seconds, Stopping threads took: 0.0001599 seconds
2017-04-16T12:43:02.099-0700: 142706.359: Total time for which application threads were stopped: 0.0008832 seconds, Stopping threads took: 0.0001620 seconds
{Heap before GC invocations=13140 (full 19):
 par new generation   total 1800000K, used 1607140K [0x00000003ef600000, 0x0000000469720000, 0x0000000469720000)
  eden space 1600000K, 100% used [0x00000003ef600000, 0x0000000451080000, 0x0000000451080000)
  from space 200000K,   3% used [0x0000000451080000, 0x00000004517790d8, 0x000000045d3d0000)
  to   space 200000K,   0% used [0x000000045d3d0000, 0x000000045d3d0000, 0x0000000469720000)
 concurrent mark-sweep generation total 14001024K, used 1433574K [0x0000000469720000, 0x00000007c0000000, 0x00000007c0000000)
 Metaspace       used 44953K, capacity 46238K, committed 46652K, reserved 1091584K
  class space    used 4917K, capacity 5190K, committed 5268K, reserved 1048576K
2017-04-16T12:43:05.462-0700: 142709.722: [GC (Allocation Failure) Before GC:
Statistics for BinaryTreeDictionary:
------------------------------------
Total Free Space: 1608527849
Max   Chunk Size: 1608527849
Number of Blocks: 1
Av.  Block  Size: 1608527849
Tree      Height: 1
2017-04-16T12:43:05.463-0700: 142709.722: [ParNew
Desired survivor size 102400000 bytes, new threshold 1 (max 1)
- age   1:    6508400 bytes,    6508400 total
: 1607140K->6756K(1800000K), 0.0138362 secs] 3040714K->1441670K(15801024K)After GC:
Statistics for BinaryTreeDictionary:
------------------------------------
Total Free Space: 1608368830
Max   Chunk Size: 1608368830
Number of Blocks: 1
Av.  Block  Size: 1608368830
Tree      Height: 1
, 0.0141487 secs] [Times: user=0.35 sys=0.00, real=0.02 secs] 
Heap after GC invocations=13141 (full 19):
 par new generation   total 1800000K, used 6756K [0x00000003ef600000, 0x0000000469720000, 0x0000000469720000)
  eden space 1600000K,   0% used [0x00000003ef600000, 0x00000003ef600000, 0x0000000451080000)
  from space 200000K,   3% used [0x000000045d3d0000, 0x000000045da69070, 0x0000000469720000)
  to   space 200000K,   0% used [0x0000000451080000, 0x0000000451080000, 0x000000045d3d0000)
 concurrent mark-sweep generation total 14001024K, used 1434914K [0x0000000469720000, 0x00000007c0000000, 0x00000007c0000000)
 Metaspace       used 44953K, capacity 46238K, committed 46652K, reserved 1091584K
  class space    used 4917K, capacity 5190K, committed 5268K, reserved 1048576K
}
2017-04-16T12:43:05.477-0700: 142709.736: Total time for which application threads were stopped: 0.0152906 seconds, Stopping threads took: 0.0001576 seconds
2017-04-16T12:43:09.632-0700: 142713.891: Total time for which application threads were stopped: 0.0022318 seconds, Stopping threads took: 0.0001563 seconds
2017-04-16T12:43:11.576-0700: 142715.835: Total time for which application threads were stopped: 0.0009862 seconds, Stopping threads took: 0.0001833 seconds
{Heap before GC invocations=13141 (full 19):
 par new generation   total 1800000K, used 1606756K [0x00000003ef600000, 0x0000000469720000, 0x0000000469720000)
  eden space 1600000K, 100% used [0x00000003ef600000, 0x0000000451080000, 0x0000000451080000)
  from space 200000K,   3% used [0x000000045d3d0000, 0x000000045da69070, 0x0000000469720000)
  to   space 200000K,   0% used [0x0000000451080000, 0x0000000451080000, 0x000000045d3d0000)
 concurrent mark-sweep generation total 14001024K, used 1434914K [0x0000000469720000, 0x00000007c0000000, 0x00000007c0000000)
 Metaspace       used 44953K, capacity 46238K, committed 46652K, reserved 1091584K
  class space    used 4917K, capacity 5190K, committed 5268K, reserved 1048576K
2017-04-16T12:43:16.210-0700: 142720.469: [GC (Allocation Failure) Before GC:
Statistics for BinaryTreeDictionary:
------------------------------------
Total Free Space: 1608368830
Max   Chunk Size: 1608368830
Number of Blocks: 1
Av.  Block  Size: 1608368830
Tree      Height: 1
2017-04-16T12:43:16.210-0700: 142720.469: [ParNew
Desired survivor size 102400000 bytes, new threshold 1 (max 1)
- age   1:    6418888 bytes,    6418888 total
: 1606756K->6815K(1800000K), 0.0140727 secs] 3041670K->1443232K(15801024K)After GC:
Statistics for BinaryTreeDictionary:
------------------------------------
Total Free Space: 1608174035
Max   Chunk Size: 1608174035
Number of Blocks: 1
Av.  Block  Size: 1608174035
Tree      Height: 1
, 0.0143717 secs] [Times: user=0.36 sys=0.00, real=0.01 secs] 
Heap after GC invocations=13142 (full 19):
 par new generation   total 1800000K, used 6815K [0x00000003ef600000, 0x0000000469720000, 0x0000000469720000)
  eden space 1600000K,   0% used [0x00000003ef600000, 0x00000003ef600000, 0x0000000451080000)
  from space 200000K,   3% used [0x0000000451080000, 0x0000000451727c60, 0x000000045d3d0000)
  to   space 200000K,   0% used [0x000000045d3d0000, 0x000000045d3d0000, 0x0000000469720000)
 concurrent mark-sweep generation total 14001024K, used 1436417K [0x0000000469720000, 0x00000007c0000000, 0x00000007c0000000)
 Metaspace       used 44953K, capacity 46238K, committed 46652K, reserved 1091584K
  class space    used 4917K, capacity 5190K, committed 5268K, reserved 1048576K
}
2017-04-16T12:43:16.224-0700: 142720.484: Total time for which application threads were stopped: 0.0155498 seconds, Stopping threads took: 0.0001545 seconds
{Heap before GC invocations=13142 (full 19):
 par new generation   total 1800000K, used 1606815K [0x00000003ef600000, 0x0000000469720000, 0x0000000469720000)
  eden space 1600000K, 100% used [0x00000003ef600000, 0x0000000451080000, 0x0000000451080000)
  from space 200000K,   3% used [0x0000000451080000, 0x0000000451727c60, 0x000000045d3d0000)
  to   space 200000K,   0% used [0x000000045d3d0000, 0x000000045d3d0000, 0x0000000469720000)
 concurrent mark-sweep generation total 14001024K, used 1436417K [0x0000000469720000, 0x00000007c0000000, 0x00000007c0000000)
 Metaspace       used 44953K, capacity 46238K, committed 46652K, reserved 1091584K
  class space    used 4917K, capacity 5190K, committed 5268K, reserved 1048576K
2017-04-16T12:43:29.262-0700: 142733.522: [GC (Allocation Failure) Before GC:
Statistics for BinaryTreeDictionary:
------------------------------------
Total Free Space: 1608174035
Max   Chunk Size: 1608174035
Number of Blocks: 1
Av.  Block  Size: 1608174035
Tree      Height: 1
2017-04-16T12:43:29.263-0700: 142733.522: [ParNew
Desired survivor size 102400000 bytes, new threshold 1 (max 1)
- age   1:    6463984 bytes,    6463984 total
: 1606815K->7051K(1800000K), 0.0137128 secs] 3043232K->1445257K(15801024K)After GC:
Statistics for BinaryTreeDictionary:
------------------------------------
Total Free Space: 1607928445
Max   Chunk Size: 1607928445
Number of Blocks: 1
Av.  Block  Size: 1607928445
Tree      Height: 1
, 0.0140218 secs] [Times: user=0.34 sys=0.01, real=0.02 secs] 
Heap after GC invocations=13143 (full 19):
 par new generation   total 1800000K, used 7051K [0x00000003ef600000, 0x0000000469720000, 0x0000000469720000)
  eden space 1600000K,   0% used [0x00000003ef600000, 0x00000003ef600000, 0x0000000451080000)
  from space 200000K,   3% used [0x000000045d3d0000, 0x000000045dab2c70, 0x0000000469720000)
  to   space 200000K,   0% used [0x0000000451080000, 0x0000000451080000, 0x000000045d3d0000)
 concurrent mark-sweep generation total 14001024K, used 1438206K [0x0000000469720000, 0x00000007c0000000, 0x00000007c0000000)
 Metaspace       used 44953K, capacity 46238K, committed 46652K, reserved 1091584K
  class space    used 4917K, capacity 5190K, committed 5268K, reserved 1048576K
}
2017-04-16T12:43:29.277-0700: 142733.536: Total time for which application threads were stopped: 0.0151892 seconds, Stopping threads took: 0.0001621 seconds
{Heap before GC invocations=13143 (full 19):
 par new generation   total 1800000K, used 1607051K [0x00000003ef600000, 0x0000000469720000, 0x0000000469720000)
  eden space 1600000K, 100% used [0x00000003ef600000, 0x0000000451080000, 0x0000000451080000)
  from space 200000K,   3% used [0x000000045d3d0000, 0x000000045dab2c70, 0x0000000469720000)
  to   space 200000K,   0% used [0x0000000451080000, 0x0000000451080000, 0x000000045d3d0000)
 concurrent mark-sweep generation total 14001024K, used 1438206K [0x0000000469720000, 0x00000007c0000000, 0x00000007c0000000)
 Metaspace       used 44953K, capacity 46238K, committed 46652K, reserved 1091584K
  class space    used 4917K, capacity 5190K, committed 5268K, reserved 1048576K
2017-04-16T12:43:42.952-0700: 142747.212: [GC (Allocation Failure) Before GC:
Statistics for BinaryTreeDictionary:
------------------------------------
Total Free Space: 1607928445
Max   Chunk Size: 1607928445
Number of Blocks: 1
Av.  Block  Size: 1607928445
Tree      Height: 1
2017-04-16T12:43:42.953-0700: 142747.212: [ParNew
Desired survivor size 102400000 bytes, new threshold 1 (max 1)
- age   1:    6238784 bytes,    6238784 total
: 1607051K->6682K(1800000K), 0.0142472 secs] 3045257K->1446230K(15801024K)After GC:
Statistics for BinaryTreeDictionary:
------------------------------------
Total Free Space: 1607771083
Max   Chunk Size: 1607771083
Number of Blocks: 1
Av.  Block  Size: 1607771083
Tree      Height: 1
, 0.0145690 secs] [Times: user=0.36 sys=0.00, real=0.01 secs] 
Heap after GC invocations=13144 (full 19):
 par new generation   total 1800000K, used 6682K [0x00000003ef600000, 0x0000000469720000, 0x0000000469720000)
  eden space 1600000K,   0% used [0x00000003ef600000, 0x00000003ef600000, 0x0000000451080000)
  from space 200000K,   3% used [0x0000000451080000, 0x0000000451706ba0, 0x000000045d3d0000)
  to   space 200000K,   0% used [0x000000045d3d0000, 0x000000045d3d0000, 0x0000000469720000)
 concurrent mark-sweep generation total 14001024K, used 1439547K [0x0000000469720000, 0x00000007c0000000, 0x00000007c0000000)
 Metaspace       used 44953K, capacity 46238K, committed 46652K, reserved 1091584K
  class space    used 4917K, capacity 5190K, committed 5268K, reserved 1048576K
}
2017-04-16T12:43:42.967-0700: 142747.226: Total time for which application threads were stopped: 0.0157383 seconds, Stopping threads took: 0.0001666 seconds
{Heap before GC invocations=13144 (full 19):
 par new generation   total 1800000K, used 1606682K [0x00000003ef600000, 0x0000000469720000, 0x0000000469720000)
  eden space 1600000K, 100% used [0x00000003ef600000, 0x0000000451080000, 0x0000000451080000)
  from space 200000K,   3% used [0x0000000451080000, 0x0000000451706ba0, 0x000000045d3d0000)
  to   space 200000K,   0% used [0x000000045d3d0000, 0x000000045d3d0000, 0x0000000469720000)
 concurrent mark-sweep generation total 14001024K, used 1439547K [0x0000000469720000, 0x00000007c0000000, 0x00000007c0000000)
 Metaspace       used 44953K, capacity 46238K, committed 46652K, reserved 1091584K
  class space    used 4917K, capacity 5190K, committed 5268K, reserved 1048576K
2017-04-16T12:43:56.488-0700: 142760.747: [GC (Allocation Failure) Before GC:
Statistics for BinaryTreeDictionary:
------------------------------------
Total Free Space: 1607771083
Max   Chunk Size: 1607771083
Number of Blocks: 1
Av.  Block  Size: 1607771083
Tree      Height: 1
2017-04-16T12:43:56.488-0700: 142760.748: [ParNew
Desired survivor size 102400000 bytes, new threshold 1 (max 1)
- age   1:    7423064 bytes,    7423064 total
: 1606682K->7775K(1800000K), 0.0143039 secs] 3046230K->1448824K(15801024K)After GC:
Statistics for BinaryTreeDictionary:
------------------------------------
Total Free Space: 1607580809
Max   Chunk Size: 1607580809
Number of Blocks: 1
Av.  Block  Size: 1607580809
Tree      Height: 1
, 0.0146052 secs] [Times: user=0.36 sys=0.00, real=0.02 secs] 
Heap after GC invocations=13145 (full 19):
 par new generation   total 1800000K, used 7775K [0x00000003ef600000, 0x0000000469720000, 0x0000000469720000)
  eden space 1600000K,   0% used [0x00000003ef600000, 0x00000003ef600000, 0x0000000451080000)
  from space 200000K,   3% used [0x000000045d3d0000, 0x000000045db67f88, 0x0000000469720000)
  to   space 200000K,   0% used [0x0000000451080000, 0x0000000451080000, 0x000000045d3d0000)
 concurrent mark-sweep generation total 14001024K, used 1441048K [0x0000000469720000, 0x00000007c0000000, 0x00000007c0000000)
 Metaspace       used 44953K, capacity 46238K, committed 46652K, reserved 1091584K
  class space    used 4917K, capacity 5190K, committed 5268K, reserved 1048576K
}
2017-04-16T12:43:56.503-0700: 142760.762: Total time for which application threads were stopped: 0.0157791 seconds, Stopping threads took: 0.0001684 seconds
2017-04-16T12:44:09.611-0700: 142773.870: Total time for which application threads were stopped: 0.0022694 seconds, Stopping threads took: 0.0001585 seconds
{Heap before GC invocations=13145 (full 19):
 par new generation   total 1800000K, used 1607775K [0x00000003ef600000, 0x0000000469720000, 0x0000000469720000)
  eden space 1600000K, 100% used [0x00000003ef600000, 0x0000000451080000, 0x0000000451080000)
  from space 200000K,   3% used [0x000000045d3d0000, 0x000000045db67f88, 0x0000000469720000)
  to   space 200000K,   0% used [0x0000000451080000, 0x0000000451080000, 0x000000045d3d0000)
 concurrent mark-sweep generation total 14001024K, used 1441048K [0x0000000469720000, 0x00000007c0000000, 0x00000007c0000000)
 Metaspace       used 44953K, capacity 46238K, committed 46652K, reserved 1091584K
  class space    used 4917K, capacity 5190K, committed 5268K, reserved 1048576K
2017-04-16T12:44:10.305-0700: 142774.564: [GC (Allocation Failure) Before GC:
Statistics for BinaryTreeDictionary:
------------------------------------
Total Free Space: 1607580809
Max   Chunk Size: 1607580809
Number of Blocks: 1
Av.  Block  Size: 1607580809
Tree      Height: 1
2017-04-16T12:44:10.305-0700: 142774.565: [ParNew
Desired survivor size 102400000 bytes, new threshold 1 (max 1)
- age   1:    6699888 bytes,    6699888 total
: 1607775K->7085K(1800000K), 0.0139427 secs] 3048824K->1449752K(15801024K)After GC:
Statistics for BinaryTreeDictionary:
------------------------------------
Total Free Space: 1607368357
Max   Chunk Size: 1607368357
Number of Blocks: 1
Av.  Block  Size: 1607368357
Tree      Height: 1
, 0.0142709 secs] [Times: user=0.35 sys=0.00, real=0.01 secs] 
Heap after GC invocations=13146 (full 19):
 par new generation   total 1800000K, used 7085K [0x00000003ef600000, 0x0000000469720000, 0x0000000469720000)
  eden space 1600000K,   0% used [0x00000003ef600000, 0x00000003ef600000, 0x0000000451080000)
  from space 200000K,   3% used [0x0000000451080000, 0x000000045176b7a8, 0x000000045d3d0000)
  to   space 200000K,   0% used [0x000000045d3d0000, 0x000000045d3d0000, 0x0000000469720000)
 concurrent mark-sweep generation total 14001024K, used 1442666K [0x0000000469720000, 0x00000007c0000000, 0x00000007c0000000)
 Metaspace       used 44953K, capacity 46238K, committed 46652K, reserved 1091584K
  class space    used 4917K, capacity 5190K, committed 5268K, reserved 1048576K
}
2017-04-16T12:44:10.320-0700: 142774.579: Total time for which application threads were stopped: 0.0154166 seconds, Stopping threads took: 0.0001504 seconds
{Heap before GC invocations=13146 (full 19):
 par new generation   total 1800000K, used 1607085K [0x00000003ef600000, 0x0000000469720000, 0x0000000469720000)
  eden space 1600000K, 100% used [0x00000003ef600000, 0x0000000451080000, 0x0000000451080000)
  from space 200000K,   3% used [0x0000000451080000, 0x000000045176b7a8, 0x000000045d3d0000)
  to   space 200000K,   0% used [0x000000045d3d0000, 0x000000045d3d0000, 0x0000000469720000)
 concurrent mark-sweep generation total 14001024K, used 1442666K [0x0000000469720000, 0x00000007c0000000, 0x00000007c0000000)
 Metaspace       used 44953K, capacity 46238K, committed 46652K, reserved 1091584K
  class space    used 4917K, capacity 5190K, committed 5268K, reserved 1048576K
2017-04-16T12:44:24.119-0700: 142788.378: [GC (Allocation Failure) Before GC:
Statistics for BinaryTreeDictionary:
------------------------------------
Total Free Space: 1607368357
Max   Chunk Size: 1607368357
Number of Blocks: 1
Av.  Block  Size: 1607368357
Tree      Height: 1
2017-04-16T12:44:24.119-0700: 142788.379: [ParNew
Desired survivor size 102400000 bytes, new threshold 1 (max 1)
- age   1:    6806640 bytes,    6806640 total
: 1607085K->7263K(1800000K), 0.0138612 secs] 3049752K->1451105K(15801024K)After GC:
Statistics for BinaryTreeDictionary:
------------------------------------
Total Free Space: 1607222209
Max   Chunk Size: 1607222209
Number of Blocks: 1
Av.  Block  Size: 1607222209
Tree      Height: 1
, 0.0141526 secs] [Times: user=0.34 sys=0.00, real=0.01 secs] 
Heap after GC invocations=13147 (full 19):
 par new generation   total 1800000K, used 7263K [0x00000003ef600000, 0x0000000469720000, 0x0000000469720000)
  eden space 1600000K,   0% used [0x00000003ef600000, 0x00000003ef600000, 0x0000000451080000)
  from space 200000K,   3% used [0x000000045d3d0000, 0x000000045dae7fd0, 0x0000000469720000)
  to   space 200000K,   0% used [0x0000000451080000, 0x0000000451080000, 0x000000045d3d0000)
 concurrent mark-sweep generation total 14001024K, used 1443841K [0x0000000469720000, 0x00000007c0000000, 0x00000007c0000000)
 Metaspace       used 44953K, capacity 46238K, committed 46652K, reserved 1091584K
  class space    used 4917K, capacity 5190K, committed 5268K, reserved 1048576K
}
2017-04-16T12:44:24.134-0700: 142788.393: Total time for which application threads were stopped: 0.0153579 seconds, Stopping threads took: 0.0001741 seconds
{Heap before GC invocations=13147 (full 19):
 par new generation   total 1800000K, used 1607263K [0x00000003ef600000, 0x0000000469720000, 0x0000000469720000)
  eden space 1600000K, 100% used [0x00000003ef600000, 0x0000000451080000, 0x0000000451080000)
  from space 200000K,   3% used [0x000000045d3d0000, 0x000000045dae7fd0, 0x0000000469720000)
  to   space 200000K,   0% used [0x0000000451080000, 0x0000000451080000, 0x000000045d3d0000)
 concurrent mark-sweep generation total 14001024K, used 1443841K [0x0000000469720000, 0x00000007c0000000, 0x00000007c0000000)
 Metaspace       used 44953K, capacity 46238K, committed 46652K, reserved 1091584K
  class space    used 4917K, capacity 5190K, committed 5268K, reserved 1048576K
2017-04-16T12:44:37.502-0700: 142801.762: [GC (Allocation Failure) Before GC:
Statistics for BinaryTreeDictionary:
------------------------------------
Total Free Space: 1607222209
Max   Chunk Size: 1607222209
Number of Blocks: 1
Av.  Block  Size: 1607222209
Tree      Height: 1
2017-04-16T12:44:37.502-0700: 142801.762: [ParNew
Desired survivor size 102400000 bytes, new threshold 1 (max 1)
- age   1:    6676296 bytes,    6676296 total
: 1607263K->7239K(1800000K), 0.0145326 secs] 3051105K->1452297K(15801024K)After GC:
Statistics for BinaryTreeDictionary:
------------------------------------
Total Free Space: 1607061060
Max   Chunk Size: 1607061060
Number of Blocks: 1
Av.  Block  Size: 1607061060
Tree      Height: 1
, 0.0148338 secs] [Times: user=0.37 sys=0.00, real=0.01 secs] 
Heap after GC invocations=13148 (full 19):
 par new generation   total 1800000K, used 7239K [0x00000003ef600000, 0x0000000469720000, 0x0000000469720000)
  eden space 1600000K,   0% used [0x00000003ef600000, 0x00000003ef600000, 0x0000000451080000)
  from space 200000K,   3% used [0x0000000451080000, 0x0000000451791ef0, 0x000000045d3d0000)
  to   space 200000K,   0% used [0x000000045d3d0000, 0x000000045d3d0000, 0x0000000469720000)
 concurrent mark-sweep generation total 14001024K, used 1445057K [0x0000000469720000, 0x00000007c0000000, 0x00000007c0000000)
 Metaspace       used 44953K, capacity 46238K, committed 46652K, reserved 1091584K
  class space    used 4917K, capacity 5190K, committed 5268K, reserved 1048576K
}
2017-04-16T12:44:37.517-0700: 142801.777: Total time for which application threads were stopped: 0.0159873 seconds, Stopping threads took: 0.0001589 seconds
2017-04-16T12:44:39.686-0700: 142803.945: Total time for which application threads were stopped: 0.0022112 seconds, Stopping threads took: 0.0001518 seconds
2017-04-16T12:44:41.549-0700: 142805.809: Total time for which application threads were stopped: 0.0009821 seconds, Stopping threads took: 0.0001861 seconds
{Heap before GC invocations=13148 (full 19):
 par new generation   total 1800000K, used 1607239K [0x00000003ef600000, 0x0000000469720000, 0x0000000469720000)
  eden space 1600000K, 100% used [0x00000003ef600000, 0x0000000451080000, 0x0000000451080000)
  from space 200000K,   3% used [0x0000000451080000, 0x0000000451791ef0, 0x000000045d3d0000)
  to   space 200000K,   0% used [0x000000045d3d0000, 0x000000045d3d0000, 0x0000000469720000)
 concurrent mark-sweep generation total 14001024K, used 1445057K [0x0000000469720000, 0x00000007c0000000, 0x00000007c0000000)
 Metaspace       used 44953K, capacity 46238K, committed 46652K, reserved 1091584K
  class space    used 4917K, capacity 5190K, committed 5268K, reserved 1048576K
2017-04-16T12:44:48.845-0700: 142813.104: [GC (Allocation Failure) Before GC:
Statistics for BinaryTreeDictionary:
------------------------------------
Total Free Space: 1607061060
Max   Chunk Size: 1607061060
Number of Blocks: 1
Av.  Block  Size: 1607061060
Tree      Height: 1
2017-04-16T12:44:48.845-0700: 142813.104: [ParNew
Desired survivor size 102400000 bytes, new threshold 1 (max 1)
- age   1:    7420792 bytes,    7420792 total
: 1607239K->7997K(1800000K), 0.0140420 secs] 3052297K->1454557K(15801024K)After GC:
Statistics for BinaryTreeDictionary:
------------------------------------
Total Free Space: 1606870386
Max   Chunk Size: 1606870386
Number of Blocks: 1
Av.  Block  Size: 1606870386
Tree      Height: 1
, 0.0143533 secs] [Times: user=0.35 sys=0.00, real=0.02 secs] 
Heap after GC invocations=13149 (full 19):
 par new generation   total 1800000K, used 7997K [0x00000003ef600000, 0x0000000469720000, 0x0000000469720000)
  eden space 1600000K,   0% used [0x00000003ef600000, 0x00000003ef600000, 0x0000000451080000)
  from space 200000K,   3% used [0x000000045d3d0000, 0x000000045db9f448, 0x0000000469720000)
  to   space 200000K,   0% used [0x0000000451080000, 0x0000000451080000, 0x000000045d3d0000)
 concurrent mark-sweep generation total 14001024K, used 1446560K [0x0000000469720000, 0x00000007c0000000, 0x00000007c0000000)
 Metaspace       used 44953K, capacity 46238K, committed 46652K, reserved 1091584K
  class space    used 4917K, capacity 5190K, committed 5268K, reserved 1048576K
}
2017-04-16T12:44:48.859-0700: 142813.118: Total time for which application threads were stopped: 0.0155107 seconds, Stopping threads took: 0.0001588 seconds
2017-04-16T12:44:57.996-0700: 142822.255: Total time for which application threads were stopped: 0.0010114 seconds, Stopping threads took: 0.0001831 seconds
2017-04-16T12:44:58.001-0700: 142822.260: Total time for which application threads were stopped: 0.0003671 seconds, Stopping threads took: 0.0000405 seconds
2017-04-16T12:44:58.003-0700: 142822.262: Total time for which application threads were stopped: 0.0016898 seconds, Stopping threads took: 0.0000473 seconds
{Heap before GC invocations=13149 (full 19):
 par new generation   total 1800000K, used 1607997K [0x00000003ef600000, 0x0000000469720000, 0x0000000469720000)
  eden space 1600000K, 100% used [0x00000003ef600000, 0x0000000451080000, 0x0000000451080000)
  from space 200000K,   3% used [0x000000045d3d0000, 0x000000045db9f448, 0x0000000469720000)
  to   space 200000K,   0% used [0x0000000451080000, 0x0000000451080000, 0x000000045d3d0000)
 concurrent mark-sweep generation total 14001024K, used 1446560K [0x0000000469720000, 0x00000007c0000000, 0x00000007c0000000)
 Metaspace       used 44953K, capacity 46238K, committed 46652K, reserved 1091584K
  class space    used 4917K, capacity 5190K, committed 5268K, reserved 1048576K
2017-04-16T12:45:02.184-0700: 142826.444: [GC (Allocation Failure) Before GC:
Statistics for BinaryTreeDictionary:
------------------------------------
Total Free Space: 1606870386
Max   Chunk Size: 1606870386
Number of Blocks: 1
Av.  Block  Size: 1606870386
Tree      Height: 1
2017-04-16T12:45:02.185-0700: 142826.444: [ParNew
Desired survivor size 102400000 bytes, new threshold 1 (max 1)
- age   1:    6956568 bytes,    6956568 total
: 1607997K->7404K(1800000K), 0.0139981 secs] 3054557K->1455464K(15801024K)After GC:
Statistics for BinaryTreeDictionary:
------------------------------------
Total Free Space: 1606667465
Max   Chunk Size: 1606667465
Number of Blocks: 1
Av.  Block  Size: 1606667465
Tree      Height: 1
, 0.0143000 secs] [Times: user=0.35 sys=0.00, real=0.01 secs] 
Heap after GC invocations=13150 (full 19):
 par new generation   total 1800000K, used 7404K [0x00000003ef600000, 0x0000000469720000, 0x0000000469720000)
  eden space 1600000K,   0% used [0x00000003ef600000, 0x00000003ef600000, 0x0000000451080000)
  from space 200000K,   3% used [0x0000000451080000, 0x00000004517bb3d8, 0x000000045d3d0000)
  to   space 200000K,   0% used [0x000000045d3d0000, 0x000000045d3d0000, 0x0000000469720000)
 concurrent mark-sweep generation total 14001024K, used 1448059K [0x0000000469720000, 0x00000007c0000000, 0x00000007c0000000)
 Metaspace       used 44953K, capacity 46238K, committed 46652K, reserved 1091584K
  class space    used 4917K, capacity 5190K, committed 5268K, reserved 1048576K
}
2017-04-16T12:45:02.199-0700: 142826.458: Total time for which application threads were stopped: 0.0154650 seconds, Stopping threads took: 0.0001641 seconds
{Heap before GC invocations=13150 (full 19):
 par new generation   total 1800000K, used 1607404K [0x00000003ef600000, 0x0000000469720000, 0x0000000469720000)
  eden space 1600000K, 100% used [0x00000003ef600000, 0x0000000451080000, 0x0000000451080000)
  from space 200000K,   3% used [0x0000000451080000, 0x00000004517bb3d8, 0x000000045d3d0000)
  to   space 200000K,   0% used [0x000000045d3d0000, 0x000000045d3d0000, 0x0000000469720000)
 concurrent mark-sweep generation total 14001024K, used 1448059K [0x0000000469720000, 0x00000007c0000000, 0x00000007c0000000)
 Metaspace       used 44953K, capacity 46238K, committed 46652K, reserved 1091584K
  class space    used 4917K, capacity 5190K, committed 5268K, reserved 1048576K
2017-04-16T12:45:15.216-0700: 142839.475: [GC (Allocation Failure) Before GC:
Statistics for BinaryTreeDictionary:
------------------------------------
Total Free Space: 1606667465
Max   Chunk Size: 1606667465
Number of Blocks: 1
Av.  Block  Size: 1606667465
Tree      Height: 1
2017-04-16T12:45:15.216-0700: 142839.476: [ParNew
Desired survivor size 102400000 bytes, new threshold 1 (max 1)
- age   1:    6476424 bytes,    6476424 total
: 1607404K->6880K(1800000K), 0.0148077 secs] 3055464K->1457000K(15801024K)After GC:
Statistics for BinaryTreeDictionary:
------------------------------------
Total Free Space: 1606411462
Max   Chunk Size: 1606411462
Number of Blocks: 1
Av.  Block  Size: 1606411462
Tree      Height: 1
, 0.0151396 secs] [Times: user=0.37 sys=0.00, real=0.01 secs] 
Heap after GC invocations=13151 (full 19):
 par new generation   total 1800000K, used 6880K [0x00000003ef600000, 0x0000000469720000, 0x0000000469720000)
  eden space 1600000K,   0% used [0x00000003ef600000, 0x00000003ef600000, 0x0000000451080000)
  from space 200000K,   3% used [0x000000045d3d0000, 0x000000045da882c0, 0x0000000469720000)
  to   space 200000K,   0% used [0x0000000451080000, 0x0000000451080000, 0x000000045d3d0000)
 concurrent mark-sweep generation total 14001024K, used 1450119K [0x0000000469720000, 0x00000007c0000000, 0x00000007c0000000)
 Metaspace       used 44953K, capacity 46238K, committed 46652K, reserved 1091584K
  class space    used 4917K, capacity 5190K, committed 5268K, reserved 1048576K
}
2017-04-16T12:45:15.231-0700: 142839.491: Total time for which application threads were stopped: 0.0163228 seconds, Stopping threads took: 0.0001710 seconds
{Heap before GC invocations=13151 (full 19):
 par new generation   total 1800000K, used 1606880K [0x00000003ef600000, 0x0000000469720000, 0x0000000469720000)
  eden space 1600000K, 100% used [0x00000003ef600000, 0x0000000451080000, 0x0000000451080000)
  from space 200000K,   3% used [0x000000045d3d0000, 0x000000045da882c0, 0x0000000469720000)
  to   space 200000K,   0% used [0x0000000451080000, 0x0000000451080000, 0x000000045d3d0000)
 concurrent mark-sweep generation total 14001024K, used 1450119K [0x0000000469720000, 0x00000007c0000000, 0x00000007c0000000)
 Metaspace       used 44953K, capacity 46238K, committed 46652K, reserved 1091584K
  class space    used 4917K, capacity 5190K, committed 5268K, reserved 1048576K
2017-04-16T12:45:28.530-0700: 142852.789: [GC (Allocation Failure) Before GC:
Statistics for BinaryTreeDictionary:
------------------------------------
Total Free Space: 1606411462
Max   Chunk Size: 1606411462
Number of Blocks: 1
Av.  Block  Size: 1606411462
Tree      Height: 1
2017-04-16T12:45:28.530-0700: 142852.789: [ParNew
Desired survivor size 102400000 bytes, new threshold 1 (max 1)
- age   1:    6900408 bytes,    6900408 total
: 1606880K->7334K(1800000K), 0.0141295 secs] 3057000K->1458900K(15801024K)After GC:
Statistics for BinaryTreeDictionary:
------------------------------------
Total Free Space: 1606215073
Max   Chunk Size: 1606215073
Number of Blocks: 1
Av.  Block  Size: 1606215073
Tree      Height: 1
, 0.0144253 secs] [Times: user=0.35 sys=0.00, real=0.01 secs] 
Heap after GC invocations=13152 (full 19):
 par new generation   total 1800000K, used 7334K [0x00000003ef600000, 0x0000000469720000, 0x0000000469720000)
  eden space 1600000K,   0% used [0x00000003ef600000, 0x00000003ef600000, 0x0000000451080000)
  from space 200000K,   3% used [0x0000000451080000, 0x00000004517a9a80, 0x000000045d3d0000)
  to   space 200000K,   0% used [0x000000045d3d0000, 0x000000045d3d0000, 0x0000000469720000)
 concurrent mark-sweep generation total 14001024K, used 1451565K [0x0000000469720000, 0x00000007c0000000, 0x00000007c0000000)
 Metaspace       used 44953K, capacity 46238K, committed 46652K, reserved 1091584K
  class space    used 4917K, capacity 5190K, committed 5268K, reserved 1048576K
}
2017-04-16T12:45:28.544-0700: 142852.804: Total time for which application threads were stopped: 0.0156205 seconds, Stopping threads took: 0.0001877 seconds
{Heap before GC invocations=13152 (full 19):
 par new generation   total 1800000K, used 1607334K [0x00000003ef600000, 0x0000000469720000, 0x0000000469720000)
  eden space 1600000K, 100% used [0x00000003ef600000, 0x0000000451080000, 0x0000000451080000)
  from space 200000K,   3% used [0x0000000451080000, 0x00000004517a9a80, 0x000000045d3d0000)
  to   space 200000K,   0% used [0x000000045d3d0000, 0x000000045d3d0000, 0x0000000469720000)
 concurrent mark-sweep generation total 14001024K, used 1451565K [0x0000000469720000, 0x00000007c0000000, 0x00000007c0000000)
 Metaspace       used 44953K, capacity 46238K, committed 46652K, reserved 1091584K
  class space    used 4917K, capacity 5190K, committed 5268K, reserved 1048576K
2017-04-16T12:45:42.006-0700: 142866.265: [GC (Allocation Failure) Before GC:
Statistics for BinaryTreeDictionary:
------------------------------------
Total Free Space: 1606215073
Max   Chunk Size: 1606215073
Number of Blocks: 1
Av.  Block  Size: 1606215073
Tree      Height: 1
2017-04-16T12:45:42.006-0700: 142866.265: [ParNew
Desired survivor size 102400000 bytes, new threshold 1 (max 1)
- age   1:    6864368 bytes,    6864368 total
: 1607334K->7359K(1800000K), 0.0144564 secs] 3058900K->1460347K(15801024K)After GC:
Statistics for BinaryTreeDictionary:
------------------------------------
Total Free Space: 1606048215
Max   Chunk Size: 1606048215
Number of Blocks: 1
Av.  Block  Size: 1606048215
Tree      Height: 1
, 0.0147825 secs] [Times: user=0.37 sys=0.00, real=0.02 secs] 
Heap after GC invocations=13153 (full 19):
 par new generation   total 1800000K, used 7359K [0x00000003ef600000, 0x0000000469720000, 0x0000000469720000)
  eden space 1600000K,   0% used [0x00000003ef600000, 0x00000003ef600000, 0x0000000451080000)
  from space 200000K,   3% used [0x000000045d3d0000, 0x000000045daffe38, 0x0000000469720000)
  to   space 200000K,   0% used [0x0000000451080000, 0x0000000451080000, 0x000000045d3d0000)
 concurrent mark-sweep generation total 14001024K, used 1452988K [0x0000000469720000, 0x00000007c0000000, 0x00000007c0000000)
 Metaspace       used 44953K, capacity 46238K, committed 46652K, reserved 1091584K
  class space    used 4917K, capacity 5190K, committed 5268K, reserved 1048576K
}
2017-04-16T12:45:42.021-0700: 142866.280: Total time for which application threads were stopped: 0.0159349 seconds, Stopping threads took: 0.0001634 seconds
{Heap before GC invocations=13153 (full 19):
 par new generation   total 1800000K, used 1607359K [0x00000003ef600000, 0x0000000469720000, 0x0000000469720000)
  eden space 1600000K, 100% used [0x00000003ef600000, 0x0000000451080000, 0x0000000451080000)
  from space 200000K,   3% used [0x000000045d3d0000, 0x000000045daffe38, 0x0000000469720000)
  to   space 200000K,   0% used [0x0000000451080000, 0x0000000451080000, 0x000000045d3d0000)
 concurrent mark-sweep generation total 14001024K, used 1452988K [0x0000000469720000, 0x00000007c0000000, 0x00000007c0000000)
 Metaspace       used 44953K, capacity 46238K, committed 46652K, reserved 1091584K
  class space    used 4917K, capacity 5190K, committed 5268K, reserved 1048576K
2017-04-16T12:45:55.971-0700: 142880.231: [GC (Allocation Failure) Before GC:
Statistics for BinaryTreeDictionary:
------------------------------------
Total Free Space: 1606048215
Max   Chunk Size: 1606048215
Number of Blocks: 1
Av.  Block  Size: 1606048215
Tree      Height: 1
2017-04-16T12:45:55.971-0700: 142880.231: [ParNew
Desired survivor size 102400000 bytes, new threshold 1 (max 1)
- age   1:    6208520 bytes,    6208520 total
: 1607359K->6848K(1800000K), 0.0150014 secs] 3060347K->1461999K(15801024K)After GC:
Statistics for BinaryTreeDictionary:
------------------------------------
Total Free Space: 1605769755
Max   Chunk Size: 1605769755
Number of Blocks: 1
Av.  Block  Size: 1605769755
Tree      Height: 1
, 0.0153215 secs] [Times: user=0.37 sys=0.00, real=0.01 secs] 
Heap after GC invocations=13154 (full 19):
 par new generation   total 1800000K, used 6848K [0x00000003ef600000, 0x0000000469720000, 0x0000000469720000)
  eden space 1600000K,   0% used [0x00000003ef600000, 0x00000003ef600000, 0x0000000451080000)
  from space 200000K,   3% used [0x0000000451080000, 0x0000000451730338, 0x000000045d3d0000)
  to   space 200000K,   0% used [0x000000045d3d0000, 0x000000045d3d0000, 0x0000000469720000)
 concurrent mark-sweep generation total 14001024K, used 1455150K [0x0000000469720000, 0x00000007c0000000, 0x00000007c0000000)
 Metaspace       used 44953K, capacity 46238K, committed 46652K, reserved 1091584K
  class space    used 4917K, capacity 5190K, committed 5268K, reserved 1048576K
}
2017-04-16T12:45:55.987-0700: 142880.246: Total time for which application threads were stopped: 0.0164957 seconds, Stopping threads took: 0.0001889 seconds
{Heap before GC invocations=13154 (full 19):
 par new generation   total 1800000K, used 1606848K [0x00000003ef600000, 0x0000000469720000, 0x0000000469720000)
  eden space 1600000K, 100% used [0x00000003ef600000, 0x0000000451080000, 0x0000000451080000)
  from space 200000K,   3% used [0x0000000451080000, 0x0000000451730338, 0x000000045d3d0000)
  to   space 200000K,   0% used [0x000000045d3d0000, 0x000000045d3d0000, 0x0000000469720000)
 concurrent mark-sweep generation total 14001024K, used 1455150K [0x0000000469720000, 0x00000007c0000000, 0x00000007c0000000)
 Metaspace       used 44953K, capacity 46238K, committed 46652K, reserved 1091584K
  class space    used 4917K, capacity 5190K, committed 5268K, reserved 1048576K
2017-04-16T12:46:08.931-0700: 142893.191: [GC (Allocation Failure) Before GC:
Statistics for BinaryTreeDictionary:
------------------------------------
Total Free Space: 1605769755
Max   Chunk Size: 1605769755
Number of Blocks: 1
Av.  Block  Size: 1605769755
Tree      Height: 1
2017-04-16T12:46:08.932-0700: 142893.191: [ParNew
Desired survivor size 102400000 bytes, new threshold 1 (max 1)
- age   1:    5811424 bytes,    5811424 total
: 1606848K->6260K(1800000K), 0.0141856 secs] 3061999K->1463376K(15801024K)After GC:
Statistics for BinaryTreeDictionary:
------------------------------------
Total Free Space: 1605517340
Max   Chunk Size: 1605517340
Number of Blocks: 1
Av.  Block  Size: 1605517340
Tree      Height: 1
, 0.0144834 secs] [Times: user=0.35 sys=0.00, real=0.01 secs] 
Heap after GC invocations=13155 (full 19):
 par new generation   total 1800000K, used 6260K [0x00000003ef600000, 0x0000000469720000, 0x0000000469720000)
  eden space 1600000K,   0% used [0x00000003ef600000, 0x00000003ef600000, 0x0000000451080000)
  from space 200000K,   3% used [0x000000045d3d0000, 0x000000045d9ed360, 0x0000000469720000)
  to   space 200000K,   0% used [0x0000000451080000, 0x0000000451080000, 0x000000045d3d0000)
 concurrent mark-sweep generation total 14001024K, used 1457115K [0x0000000469720000, 0x00000007c0000000, 0x00000007c0000000)
 Metaspace       used 44953K, capacity 46238K, committed 46652K, reserved 1091584K
  class space    used 4917K, capacity 5190K, committed 5268K, reserved 1048576K
}
2017-04-16T12:46:08.946-0700: 142893.205: Total time for which application threads were stopped: 0.0156414 seconds, Stopping threads took: 0.0001611 seconds
2017-04-16T12:46:09.632-0700: 142893.892: Total time for which application threads were stopped: 0.0022774 seconds, Stopping threads took: 0.0001826 seconds
{Heap before GC invocations=13155 (full 19):
 par new generation   total 1800000K, used 1606260K [0x00000003ef600000, 0x0000000469720000, 0x0000000469720000)
  eden space 1600000K, 100% used [0x00000003ef600000, 0x0000000451080000, 0x0000000451080000)
  from space 200000K,   3% used [0x000000045d3d0000, 0x000000045d9ed360, 0x0000000469720000)
  to   space 200000K,   0% used [0x0000000451080000, 0x0000000451080000, 0x000000045d3d0000)
 concurrent mark-sweep generation total 14001024K, used 1457115K [0x0000000469720000, 0x00000007c0000000, 0x00000007c0000000)
 Metaspace       used 44953K, capacity 46238K, committed 46652K, reserved 1091584K
  class space    used 4917K, capacity 5190K, committed 5268K, reserved 1048576K
2017-04-16T12:46:19.395-0700: 142903.655: [GC (Allocation Failure) Before GC:
Statistics for BinaryTreeDictionary:
------------------------------------
Total Free Space: 1605517340
Max   Chunk Size: 1605517340
Number of Blocks: 1
Av.  Block  Size: 1605517340
Tree      Height: 1
2017-04-16T12:46:19.396-0700: 142903.655: [ParNew
Desired survivor size 102400000 bytes, new threshold 1 (max 1)
- age   1:    6677104 bytes,    6677104 total
: 1606260K->7129K(1800000K), 0.0154438 secs] 3063376K->1465437K(15801024K)After GC:
Statistics for BinaryTreeDictionary:
------------------------------------
Total Free Space: 1605365487
Max   Chunk Size: 1605365487
Number of Blocks: 1
Av.  Block  Size: 1605365487
Tree      Height: 1
, 0.0157744 secs] [Times: user=0.39 sys=0.00, real=0.01 secs] 
Heap after GC invocations=13156 (full 19):
 par new generation   total 1800000K, used 7129K [0x00000003ef600000, 0x0000000469720000, 0x0000000469720000)
  eden space 1600000K,   0% used [0x00000003ef600000, 0x00000003ef600000, 0x0000000451080000)
  from space 200000K,   3% used [0x0000000451080000, 0x0000000451776718, 0x000000045d3d0000)
  to   space 200000K,   0% used [0x000000045d3d0000, 0x000000045d3d0000, 0x0000000469720000)
 concurrent mark-sweep generation total 14001024K, used 1458307K [0x0000000469720000, 0x00000007c0000000, 0x00000007c0000000)
 Metaspace       used 44953K, capacity 46238K, committed 46652K, reserved 1091584K
  class space    used 4917K, capacity 5190K, committed 5268K, reserved 1048576K
}
2017-04-16T12:46:19.411-0700: 142903.671: Total time for which application threads were stopped: 0.0169593 seconds, Stopping threads took: 0.0001597 seconds
{Heap before GC invocations=13156 (full 19):
 par new generation   total 1800000K, used 1607129K [0x00000003ef600000, 0x0000000469720000, 0x0000000469720000)
  eden space 1600000K, 100% used [0x00000003ef600000, 0x0000000451080000, 0x0000000451080000)
  from space 200000K,   3% used [0x0000000451080000, 0x0000000451776718, 0x000000045d3d0000)
  to   space 200000K,   0% used [0x000000045d3d0000, 0x000000045d3d0000, 0x0000000469720000)
 concurrent mark-sweep generation total 14001024K, used 1458307K [0x0000000469720000, 0x00000007c0000000, 0x00000007c0000000)
 Metaspace       used 44953K, capacity 46238K, committed 46652K, reserved 1091584K
  class space    used 4917K, capacity 5190K, committed 5268K, reserved 1048576K
2017-04-16T12:46:32.039-0700: 142916.298: [GC (Allocation Failure) Before GC:
Statistics for BinaryTreeDictionary:
------------------------------------
Total Free Space: 1605365487
Max   Chunk Size: 1605365487
Number of Blocks: 1
Av.  Block  Size: 1605365487
Tree      Height: 1
2017-04-16T12:46:32.039-0700: 142916.298: [ParNew
Desired survivor size 102400000 bytes, new threshold 1 (max 1)
- age   1:    7100832 bytes,    7100832 total
: 1607129K->7556K(1800000K), 0.0140244 secs] 3065437K->1467624K(15801024K)After GC:
Statistics for BinaryTreeDictionary:
------------------------------------
Total Free Space: 1605128216
Max   Chunk Size: 1605128216
Number of Blocks: 1
Av.  Block  Size: 1605128216
Tree      Height: 1
, 0.0143502 secs] [Times: user=0.35 sys=0.00, real=0.01 secs] 
Heap after GC invocations=13157 (full 19):
 par new generation   total 1800000K, used 7556K [0x00000003ef600000, 0x0000000469720000, 0x0000000469720000)
  eden space 1600000K,   0% used [0x00000003ef600000, 0x00000003ef600000, 0x0000000451080000)
  from space 200000K,   3% used [0x000000045d3d0000, 0x000000045db31388, 0x0000000469720000)
  to   space 200000K,   0% used [0x0000000451080000, 0x0000000451080000, 0x000000045d3d0000)
 concurrent mark-sweep generation total 14001024K, used 1460067K [0x0000000469720000, 0x00000007c0000000, 0x00000007c0000000)
 Metaspace       used 44953K, capacity 46238K, committed 46652K, reserved 1091584K
  class space    used 4917K, capacity 5190K, committed 5268K, reserved 1048576K
}
2017-04-16T12:46:32.053-0700: 142916.312: Total time for which application threads were stopped: 0.0155282 seconds, Stopping threads took: 0.0001769 seconds
{Heap before GC invocations=13157 (full 19):
 par new generation   total 1800000K, used 1607556K [0x00000003ef600000, 0x0000000469720000, 0x0000000469720000)
  eden space 1600000K, 100% used [0x00000003ef600000, 0x0000000451080000, 0x0000000451080000)
  from space 200000K,   3% used [0x000000045d3d0000, 0x000000045db31388, 0x0000000469720000)
  to   space 200000K,   0% used [0x0000000451080000, 0x0000000451080000, 0x000000045d3d0000)
 concurrent mark-sweep generation total 14001024K, used 1460067K [0x0000000469720000, 0x00000007c0000000, 0x00000007c0000000)
 Metaspace       used 44953K, capacity 46238K, committed 46652K, reserved 1091584K
  class space    used 4917K, capacity 5190K, committed 5268K, reserved 1048576K
2017-04-16T12:46:44.789-0700: 142929.049: [GC (Allocation Failure) Before GC:
Statistics for BinaryTreeDictionary:
------------------------------------
Total Free Space: 1605128216
Max   Chunk Size: 1605128216
Number of Blocks: 1
Av.  Block  Size: 1605128216
Tree      Height: 1
2017-04-16T12:46:44.790-0700: 142929.049: [ParNew
Desired survivor size 102400000 bytes, new threshold 1 (max 1)
- age   1:   11435064 bytes,   11435064 total
: 1607556K->12328K(1800000K), 0.0173387 secs] 3067624K->1474716K(15801024K)After GC:
Statistics for BinaryTreeDictionary:
------------------------------------
Total Free Space: 1604849542
Max   Chunk Size: 1604849542
Number of Blocks: 1
Av.  Block  Size: 1604849542
Tree      Height: 1
, 0.0176495 secs] [Times: user=0.37 sys=0.00, real=0.02 secs] 
Heap after GC invocations=13158 (full 19):
 par new generation   total 1800000K, used 12328K [0x00000003ef600000, 0x0000000469720000, 0x0000000469720000)
  eden space 1600000K,   0% used [0x00000003ef600000, 0x00000003ef600000, 0x0000000451080000)
  from space 200000K,   6% used [0x0000000451080000, 0x0000000451c8a2d0, 0x000000045d3d0000)
  to   space 200000K,   0% used [0x000000045d3d0000, 0x000000045d3d0000, 0x0000000469720000)
 concurrent mark-sweep generation total 14001024K, used 1462387K [0x0000000469720000, 0x00000007c0000000, 0x00000007c0000000)
 Metaspace       used 44953K, capacity 46238K, committed 46652K, reserved 1091584K
  class space    used 4917K, capacity 5190K, committed 5268K, reserved 1048576K
}
2017-04-16T12:46:44.807-0700: 142929.067: Total time for which application threads were stopped: 0.0188170 seconds, Stopping threads took: 0.0001573 seconds
{Heap before GC invocations=13158 (full 19):
 par new generation   total 1800000K, used 1612328K [0x00000003ef600000, 0x0000000469720000, 0x0000000469720000)
  eden space 1600000K, 100% used [0x00000003ef600000, 0x0000000451080000, 0x0000000451080000)
  from space 200000K,   6% used [0x0000000451080000, 0x0000000451c8a2d0, 0x000000045d3d0000)
  to   space 200000K,   0% used [0x000000045d3d0000, 0x000000045d3d0000, 0x0000000469720000)
 concurrent mark-sweep generation total 14001024K, used 1462387K [0x0000000469720000, 0x00000007c0000000, 0x00000007c0000000)
 Metaspace       used 44953K, capacity 46238K, committed 46652K, reserved 1091584K
  class space    used 4917K, capacity 5190K, committed 5268K, reserved 1048576K
2017-04-16T12:46:58.898-0700: 142943.157: [GC (Allocation Failure) Before GC:
Statistics for BinaryTreeDictionary:
------------------------------------
Total Free Space: 1604849542
Max   Chunk Size: 1604849542
Number of Blocks: 1
Av.  Block  Size: 1604849542
Tree      Height: 1
2017-04-16T12:46:58.898-0700: 142943.157: [ParNew
Desired survivor size 102400000 bytes, new threshold 1 (max 1)
- age   1:    7322216 bytes,    7322216 total
: 1612328K->10705K(1800000K), 0.0186253 secs] 3074716K->1479401K(15801024K)After GC:
Statistics for BinaryTreeDictionary:
------------------------------------
Total Free Space: 1604020450
Max   Chunk Size: 1604020450
Number of Blocks: 1
Av.  Block  Size: 1604020450
Tree      Height: 1
, 0.0189475 secs] [Times: user=0.37 sys=0.00, real=0.02 secs] 
Heap after GC invocations=13159 (full 19):
 par new generation   total 1800000K, used 10705K [0x00000003ef600000, 0x0000000469720000, 0x0000000469720000)
  eden space 1600000K,   0% used [0x00000003ef600000, 0x00000003ef600000, 0x0000000451080000)
  from space 200000K,   5% used [0x000000045d3d0000, 0x000000045de44540, 0x0000000469720000)
  to   space 200000K,   0% used [0x0000000451080000, 0x0000000451080000, 0x000000045d3d0000)
 concurrent mark-sweep generation total 14001024K, used 1468695K [0x0000000469720000, 0x00000007c0000000, 0x00000007c0000000)
 Metaspace       used 44953K, capacity 46238K, committed 46652K, reserved 1091584K
  class space    used 4917K, capacity 5190K, committed 5268K, reserved 1048576K
}
2017-04-16T12:46:58.917-0700: 142943.176: Total time for which application threads were stopped: 0.0201084 seconds, Stopping threads took: 0.0001585 seconds
2017-04-16T12:47:09.694-0700: 142953.953: Total time for which application threads were stopped: 0.0022620 seconds, Stopping threads took: 0.0001740 seconds
{Heap before GC invocations=13159 (full 19):
 par new generation   total 1800000K, used 1610705K [0x00000003ef600000, 0x0000000469720000, 0x0000000469720000)
  eden space 1600000K, 100% used [0x00000003ef600000, 0x0000000451080000, 0x0000000451080000)
  from space 200000K,   5% used [0x000000045d3d0000, 0x000000045de44540, 0x0000000469720000)
  to   space 200000K,   0% used [0x0000000451080000, 0x0000000451080000, 0x000000045d3d0000)
 concurrent mark-sweep generation total 14001024K, used 1468695K [0x0000000469720000, 0x00000007c0000000, 0x00000007c0000000)
 Metaspace       used 44953K, capacity 46238K, committed 46652K, reserved 1091584K
  class space    used 4917K, capacity 5190K, committed 5268K, reserved 1048576K
2017-04-16T12:47:12.205-0700: 142956.464: [GC (Allocation Failure) Before GC:
Statistics for BinaryTreeDictionary:
------------------------------------
Total Free Space: 1604020450
Max   Chunk Size: 1604020450
Number of Blocks: 1
Av.  Block  Size: 1604020450
Tree      Height: 1
2017-04-16T12:47:12.205-0700: 142956.464: [ParNew
Desired survivor size 102400000 bytes, new threshold 1 (max 1)
- age   1:    6683616 bytes,    6683616 total
: 1610705K->7294K(1800000K), 0.0139265 secs] 3079401K->1477359K(15801024K)After GC:
Statistics for BinaryTreeDictionary:
------------------------------------
Total Free Space: 1603801909
Max   Chunk Size: 1603801909
Number of Blocks: 1
Av.  Block  Size: 1603801909
Tree      Height: 1
, 0.0142341 secs] [Times: user=0.36 sys=0.00, real=0.01 secs] 
Heap after GC invocations=13160 (full 19):
 par new generation   total 1800000K, used 7294K [0x00000003ef600000, 0x0000000469720000, 0x0000000469720000)
  eden space 1600000K,   0% used [0x00000003ef600000, 0x00000003ef600000, 0x0000000451080000)
  from space 200000K,   3% used [0x0000000451080000, 0x000000045179fad8, 0x000000045d3d0000)
  to   space 200000K,   0% used [0x000000045d3d0000, 0x000000045d3d0000, 0x0000000469720000)
 concurrent mark-sweep generation total 14001024K, used 1470064K [0x0000000469720000, 0x00000007c0000000, 0x00000007c0000000)
 Metaspace       used 44953K, capacity 46238K, committed 46652K, reserved 1091584K
  class space    used 4917K, capacity 5190K, committed 5268K, reserved 1048576K
}
2017-04-16T12:47:12.219-0700: 142956.479: Total time for which application threads were stopped: 0.0153713 seconds, Stopping threads took: 0.0001548 seconds
{Heap before GC invocations=13160 (full 19):
 par new generation   total 1800000K, used 1607294K [0x00000003ef600000, 0x0000000469720000, 0x0000000469720000)
  eden space 1600000K, 100% used [0x00000003ef600000, 0x0000000451080000, 0x0000000451080000)
  from space 200000K,   3% used [0x0000000451080000, 0x000000045179fad8, 0x000000045d3d0000)
  to   space 200000K,   0% used [0x000000045d3d0000, 0x000000045d3d0000, 0x0000000469720000)
 concurrent mark-sweep generation total 14001024K, used 1470064K [0x0000000469720000, 0x00000007c0000000, 0x00000007c0000000)
 Metaspace       used 44953K, capacity 46238K, committed 46652K, reserved 1091584K
  class space    used 4917K, capacity 5190K, committed 5268K, reserved 1048576K
2017-04-16T12:47:25.374-0700: 142969.634: [GC (Allocation Failure) Before GC:
Statistics for BinaryTreeDictionary:
------------------------------------
Total Free Space: 1603801909
Max   Chunk Size: 1603801909
Number of Blocks: 1
Av.  Block  Size: 1603801909
Tree      Height: 1
2017-04-16T12:47:25.374-0700: 142969.634: [ParNew
Desired survivor size 102400000 bytes, new threshold 1 (max 1)
- age   1:    6765024 bytes,    6765024 total
: 1607294K->7311K(1800000K), 0.0139975 secs] 3077359K->1478770K(15801024K)After GC:
Statistics for BinaryTreeDictionary:
------------------------------------
Total Free Space: 1603661048
Max   Chunk Size: 1603661048
Number of Blocks: 1
Av.  Block  Size: 1603661048
Tree      Height: 1
, 0.0143081 secs] [Times: user=0.36 sys=0.00, real=0.01 secs] 
Heap after GC invocations=13161 (full 19):
 par new generation   total 1800000K, used 7311K [0x00000003ef600000, 0x0000000469720000, 0x0000000469720000)
  eden space 1600000K,   0% used [0x00000003ef600000, 0x00000003ef600000, 0x0000000451080000)
  from space 200000K,   3% used [0x000000045d3d0000, 0x000000045daf3fa8, 0x0000000469720000)
  to   space 200000K,   0% used [0x0000000451080000, 0x0000000451080000, 0x000000045d3d0000)
 concurrent mark-sweep generation total 14001024K, used 1471458K [0x0000000469720000, 0x00000007c0000000, 0x00000007c0000000)
 Metaspace       used 44953K, capacity 46238K, committed 46652K, reserved 1091584K
  class space    used 4917K, capacity 5190K, committed 5268K, reserved 1048576K
}
2017-04-16T12:47:25.389-0700: 142969.648: Total time for which application threads were stopped: 0.0154576 seconds, Stopping threads took: 0.0001684 seconds
{Heap before GC invocations=13161 (full 19):
 par new generation   total 1800000K, used 1607311K [0x00000003ef600000, 0x0000000469720000, 0x0000000469720000)
  eden space 1600000K, 100% used [0x00000003ef600000, 0x0000000451080000, 0x0000000451080000)
  from space 200000K,   3% used [0x000000045d3d0000, 0x000000045daf3fa8, 0x0000000469720000)
  to   space 200000K,   0% used [0x0000000451080000, 0x0000000451080000, 0x000000045d3d0000)
 concurrent mark-sweep generation total 14001024K, used 1471458K [0x0000000469720000, 0x00000007c0000000, 0x00000007c0000000)
 Metaspace       used 44953K, capacity 46238K, committed 46652K, reserved 1091584K
  class space    used 4917K, capacity 5190K, committed 5268K, reserved 1048576K
2017-04-16T12:47:38.915-0700: 142983.174: [GC (Allocation Failure) Before GC:
Statistics for BinaryTreeDictionary:
------------------------------------
Total Free Space: 1603661048
Max   Chunk Size: 1603661048
Number of Blocks: 1
Av.  Block  Size: 1603661048
Tree      Height: 1
2017-04-16T12:47:38.915-0700: 142983.174: [ParNew
Desired survivor size 102400000 bytes, new threshold 1 (max 1)
- age   1:    6740072 bytes,    6740072 total
: 1607311K->7093K(1800000K), 0.0142677 secs] 3078770K->1479772K(15801024K)After GC:
Statistics for BinaryTreeDictionary:
------------------------------------
Total Free Space: 1603524088
Max   Chunk Size: 1603524088
Number of Blocks: 1
Av.  Block  Size: 1603524088
Tree      Height: 1
, 0.0145678 secs] [Times: user=0.35 sys=0.01, real=0.01 secs] 
Heap after GC invocations=13162 (full 19):
 par new generation   total 1800000K, used 7093K [0x00000003ef600000, 0x0000000469720000, 0x0000000469720000)
  eden space 1600000K,   0% used [0x00000003ef600000, 0x00000003ef600000, 0x0000000451080000)
  from space 200000K,   3% used [0x0000000451080000, 0x000000045176d748, 0x000000045d3d0000)
  to   space 200000K,   0% used [0x000000045d3d0000, 0x000000045d3d0000, 0x0000000469720000)
 concurrent mark-sweep generation total 14001024K, used 1472678K [0x0000000469720000, 0x00000007c0000000, 0x00000007c0000000)
 Metaspace       used 44953K, capacity 46238K, committed 46652K, reserved 1091584K
  class space    used 4917K, capacity 5190K, committed 5268K, reserved 1048576K
}
2017-04-16T12:47:38.930-0700: 142983.189: Total time for which application threads were stopped: 0.0157534 seconds, Stopping threads took: 0.0001631 seconds
2017-04-16T12:47:39.719-0700: 142983.978: Total time for which application threads were stopped: 0.0022518 seconds, Stopping threads took: 0.0001558 seconds
{Heap before GC invocations=13162 (full 19):
 par new generation   total 1800000K, used 1607093K [0x00000003ef600000, 0x0000000469720000, 0x0000000469720000)
  eden space 1600000K, 100% used [0x00000003ef600000, 0x0000000451080000, 0x0000000451080000)
  from space 200000K,   3% used [0x0000000451080000, 0x000000045176d748, 0x000000045d3d0000)
  to   space 200000K,   0% used [0x000000045d3d0000, 0x000000045d3d0000, 0x0000000469720000)
 concurrent mark-sweep generation total 14001024K, used 1472678K [0x0000000469720000, 0x00000007c0000000, 0x00000007c0000000)
 Metaspace       used 44953K, capacity 46238K, committed 46652K, reserved 1091584K
  class space    used 4917K, capacity 5190K, committed 5268K, reserved 1048576K
2017-04-16T12:47:49.550-0700: 142993.809: [GC (Allocation Failure) Before GC:
Statistics for BinaryTreeDictionary:
------------------------------------
Total Free Space: 1603524088
Max   Chunk Size: 1603524088
Number of Blocks: 1
Av.  Block  Size: 1603524088
Tree      Height: 1
2017-04-16T12:47:49.550-0700: 142993.809: [ParNew
Desired survivor size 102400000 bytes, new threshold 1 (max 1)
- age   1:    6985256 bytes,    6985256 total
: 1607093K->7495K(1800000K), 0.0135907 secs] 3079772K->1481567K(15801024K)After GC:
Statistics for BinaryTreeDictionary:
------------------------------------
Total Free Space: 1603351421
Max   Chunk Size: 1603351421
Number of Blocks: 1
Av.  Block  Size: 1603351421
Tree      Height: 1
, 0.0138988 secs] [Times: user=0.34 sys=0.00, real=0.01 secs] 
Heap after GC invocations=13163 (full 19):
 par new generation   total 1800000K, used 7495K [0x00000003ef600000, 0x0000000469720000, 0x0000000469720000)
  eden space 1600000K,   0% used [0x00000003ef600000, 0x00000003ef600000, 0x0000000451080000)
  from space 200000K,   3% used [0x000000045d3d0000, 0x000000045db21f28, 0x0000000469720000)
  to   space 200000K,   0% used [0x0000000451080000, 0x0000000451080000, 0x000000045d3d0000)
 concurrent mark-sweep generation total 14001024K, used 1474071K [0x0000000469720000, 0x00000007c0000000, 0x00000007c0000000)
 Metaspace       used 44953K, capacity 46238K, committed 46652K, reserved 1091584K
  class space    used 4917K, capacity 5190K, committed 5268K, reserved 1048576K
}
2017-04-16T12:47:49.564-0700: 142993.823: Total time for which application threads were stopped: 0.0150802 seconds, Stopping threads took: 0.0001752 seconds
{Heap before GC invocations=13163 (full 19):
 par new generation   total 1800000K, used 1607495K [0x00000003ef600000, 0x0000000469720000, 0x0000000469720000)
  eden space 1600000K, 100% used [0x00000003ef600000, 0x0000000451080000, 0x0000000451080000)
  from space 200000K,   3% used [0x000000045d3d0000, 0x000000045db21f28, 0x0000000469720000)
  to   space 200000K,   0% used [0x0000000451080000, 0x0000000451080000, 0x000000045d3d0000)
 concurrent mark-sweep generation total 14001024K, used 1474071K [0x0000000469720000, 0x00000007c0000000, 0x00000007c0000000)
 Metaspace       used 44953K, capacity 46238K, committed 46652K, reserved 1091584K
  class space    used 4917K, capacity 5190K, committed 5268K, reserved 1048576K
2017-04-16T12:48:02.815-0700: 143007.074: [GC (Allocation Failure) Before GC:
Statistics for BinaryTreeDictionary:
------------------------------------
Total Free Space: 1603351421
Max   Chunk Size: 1603351421
Number of Blocks: 1
Av.  Block  Size: 1603351421
Tree      Height: 1
2017-04-16T12:48:02.815-0700: 143007.074: [ParNew
Desired survivor size 102400000 bytes, new threshold 1 (max 1)
- age   1:    6459520 bytes,    6459520 total
: 1607495K->6876K(1800000K), 0.0136558 secs] 3081567K->1482462K(15801024K)After GC:
Statistics for BinaryTreeDictionary:
------------------------------------
Total Free Space: 1603146503
Max   Chunk Size: 1603146503
Number of Blocks: 1
Av.  Block  Size: 1603146503
Tree      Height: 1
, 0.0139591 secs] [Times: user=0.35 sys=0.00, real=0.02 secs] 
Heap after GC invocations=13164 (full 19):
 par new generation   total 1800000K, used 6876K [0x00000003ef600000, 0x0000000469720000, 0x0000000469720000)
  eden space 1600000K,   0% used [0x00000003ef600000, 0x00000003ef600000, 0x0000000451080000)
  from space 200000K,   3% used [0x0000000451080000, 0x00000004517371f8, 0x000000045d3d0000)
  to   space 200000K,   0% used [0x000000045d3d0000, 0x000000045d3d0000, 0x0000000469720000)
 concurrent mark-sweep generation total 14001024K, used 1475585K [0x0000000469720000, 0x00000007c0000000, 0x00000007c0000000)
 Metaspace       used 44953K, capacity 46238K, committed 46652K, reserved 1091584K
  class space    used 4917K, capacity 5190K, committed 5268K, reserved 1048576K
}
2017-04-16T12:48:02.829-0700: 143007.088: Total time for which application threads were stopped: 0.0151124 seconds, Stopping threads took: 0.0001618 seconds
{Heap before GC invocations=13164 (full 19):
 par new generation   total 1800000K, used 1606876K [0x00000003ef600000, 0x0000000469720000, 0x0000000469720000)
  eden space 1600000K, 100% used [0x00000003ef600000, 0x0000000451080000, 0x0000000451080000)
  from space 200000K,   3% used [0x0000000451080000, 0x00000004517371f8, 0x000000045d3d0000)
  to   space 200000K,   0% used [0x000000045d3d0000, 0x000000045d3d0000, 0x0000000469720000)
 concurrent mark-sweep generation total 14001024K, used 1475585K [0x0000000469720000, 0x00000007c0000000, 0x00000007c0000000)
 Metaspace       used 44953K, capacity 46238K, committed 46652K, reserved 1091584K
  class space    used 4917K, capacity 5190K, committed 5268K, reserved 1048576K
2017-04-16T12:48:15.781-0700: 143020.041: [GC (Allocation Failure) Before GC:
Statistics for BinaryTreeDictionary:
------------------------------------
Total Free Space: 1603146503
Max   Chunk Size: 1603146503
Number of Blocks: 1
Av.  Block  Size: 1603146503
Tree      Height: 1
2017-04-16T12:48:15.781-0700: 143020.041: [ParNew
Desired survivor size 102400000 bytes, new threshold 1 (max 1)
- age   1:    5574424 bytes,    5574424 total
: 1606876K->5900K(1800000K), 0.0140069 secs] 3082462K->1482800K(15801024K)After GC:
Statistics for BinaryTreeDictionary:
------------------------------------
Total Free Space: 1603001902
Max   Chunk Size: 1603001902
Number of Blocks: 1
Av.  Block  Size: 1603001902
Tree      Height: 1
, 0.0143203 secs] [Times: user=0.35 sys=0.00, real=0.01 secs] 
Heap after GC invocations=13165 (full 19):
 par new generation   total 1800000K, used 5900K [0x00000003ef600000, 0x0000000469720000, 0x0000000469720000)
  eden space 1600000K,   0% used [0x00000003ef600000, 0x00000003ef600000, 0x0000000451080000)
  from space 200000K,   2% used [0x000000045d3d0000, 0x000000045d9932b8, 0x0000000469720000)
  to   space 200000K,   0% used [0x0000000451080000, 0x0000000451080000, 0x000000045d3d0000)
 concurrent mark-sweep generation total 14001024K, used 1476899K [0x0000000469720000, 0x00000007c0000000, 0x00000007c0000000)
 Metaspace       used 44953K, capacity 46238K, committed 46652K, reserved 1091584K
  class space    used 4917K, capacity 5190K, committed 5268K, reserved 1048576K
}
2017-04-16T12:48:15.796-0700: 143020.055: Total time for which application threads were stopped: 0.0154759 seconds, Stopping threads took: 0.0001570 seconds
{Heap before GC invocations=13165 (full 19):
 par new generation   total 1800000K, used 1605900K [0x00000003ef600000, 0x0000000469720000, 0x0000000469720000)
  eden space 1600000K, 100% used [0x00000003ef600000, 0x0000000451080000, 0x0000000451080000)
  from space 200000K,   2% used [0x000000045d3d0000, 0x000000045d9932b8, 0x0000000469720000)
  to   space 200000K,   0% used [0x0000000451080000, 0x0000000451080000, 0x000000045d3d0000)
 concurrent mark-sweep generation total 14001024K, used 1476899K [0x0000000469720000, 0x00000007c0000000, 0x00000007c0000000)
 Metaspace       used 44953K, capacity 46238K, committed 46652K, reserved 1091584K
  class space    used 4917K, capacity 5190K, committed 5268K, reserved 1048576K
2017-04-16T12:48:29.249-0700: 143033.508: [GC (Allocation Failure) Before GC:
Statistics for BinaryTreeDictionary:
------------------------------------
Total Free Space: 1603001902
Max   Chunk Size: 1603001902
Number of Blocks: 1
Av.  Block  Size: 1603001902
Tree      Height: 1
2017-04-16T12:48:29.249-0700: 143033.508: [ParNew
Desired survivor size 102400000 bytes, new threshold 1 (max 1)
- age   1:    6674480 bytes,    6674480 total
: 1605900K->6972K(1800000K), 0.0137565 secs] 3082800K->1485093K(15801024K)After GC:
Statistics for BinaryTreeDictionary:
------------------------------------
Total Free Space: 1602839417
Max   Chunk Size: 1602839417
Number of Blocks: 1
Av.  Block  Size: 1602839417
Tree      Height: 1
, 0.0140691 secs] [Times: user=0.35 sys=0.00, real=0.02 secs] 
Heap after GC invocations=13166 (full 19):
 par new generation   total 1800000K, used 6972K [0x00000003ef600000, 0x0000000469720000, 0x0000000469720000)
  eden space 1600000K,   0% used [0x00000003ef600000, 0x00000003ef600000, 0x0000000451080000)
  from space 200000K,   3% used [0x0000000451080000, 0x000000045174f2e0, 0x000000045d3d0000)
  to   space 200000K,   0% used [0x000000045d3d0000, 0x000000045d3d0000, 0x0000000469720000)
 concurrent mark-sweep generation total 14001024K, used 1478120K [0x0000000469720000, 0x00000007c0000000, 0x00000007c0000000)
 Metaspace       used 44953K, capacity 46238K, committed 46652K, reserved 1091584K
  class space    used 4917K, capacity 5190K, committed 5268K, reserved 1048576K
}
2017-04-16T12:48:29.263-0700: 143033.522: Total time for which application threads were stopped: 0.0152337 seconds, Stopping threads took: 0.0001511 seconds
{Heap before GC invocations=13166 (full 19):
 par new generation   total 1800000K, used 1606972K [0x00000003ef600000, 0x0000000469720000, 0x0000000469720000)
  eden space 1600000K, 100% used [0x00000003ef600000, 0x0000000451080000, 0x0000000451080000)
  from space 200000K,   3% used [0x0000000451080000, 0x000000045174f2e0, 0x000000045d3d0000)
  to   space 200000K,   0% used [0x000000045d3d0000, 0x000000045d3d0000, 0x0000000469720000)
 concurrent mark-sweep generation total 14001024K, used 1478120K [0x0000000469720000, 0x00000007c0000000, 0x00000007c0000000)
 Metaspace       used 44953K, capacity 46238K, committed 46652K, reserved 1091584K
  class space    used 4917K, capacity 5190K, committed 5268K, reserved 1048576K
2017-04-16T12:48:42.762-0700: 143047.021: [GC (Allocation Failure) Before GC:
Statistics for BinaryTreeDictionary:
------------------------------------
Total Free Space: 1602839417
Max   Chunk Size: 1602839417
Number of Blocks: 1
Av.  Block  Size: 1602839417
Tree      Height: 1
2017-04-16T12:48:42.762-0700: 143047.021: [ParNew
Desired survivor size 102400000 bytes, new threshold 1 (max 1)
- age   1:    6273680 bytes,    6273680 total
: 1606972K->6664K(1800000K), 0.0138588 secs] 3085093K->1486170K(15801024K)After GC:
Statistics for BinaryTreeDictionary:
------------------------------------
Total Free Space: 1602661327
Max   Chunk Size: 1602661327
Number of Blocks: 1
Av.  Block  Size: 1602661327
Tree      Height: 1
, 0.0141682 secs] [Times: user=0.35 sys=0.00, real=0.02 secs] 
Heap after GC invocations=13167 (full 19):
 par new generation   total 1800000K, used 6664K [0x00000003ef600000, 0x0000000469720000, 0x0000000469720000)
  eden space 1600000K,   0% used [0x00000003ef600000, 0x00000003ef600000, 0x0000000451080000)
  from space 200000K,   3% used [0x000000045d3d0000, 0x000000045da52270, 0x0000000469720000)
  to   space 200000K,   0% used [0x0000000451080000, 0x0000000451080000, 0x000000045d3d0000)
 concurrent mark-sweep generation total 14001024K, used 1479505K [0x0000000469720000, 0x00000007c0000000, 0x00000007c0000000)
 Metaspace       used 44953K, capacity 46238K, committed 46652K, reserved 1091584K
  class space    used 4917K, capacity 5190K, committed 5268K, reserved 1048576K
}
2017-04-16T12:48:42.776-0700: 143047.035: Total time for which application threads were stopped: 0.0153510 seconds, Stopping threads took: 0.0001556 seconds
{Heap before GC invocations=13167 (full 19):
 par new generation   total 1800000K, used 1606664K [0x00000003ef600000, 0x0000000469720000, 0x0000000469720000)
  eden space 1600000K, 100% used [0x00000003ef600000, 0x0000000451080000, 0x0000000451080000)
  from space 200000K,   3% used [0x000000045d3d0000, 0x000000045da52270, 0x0000000469720000)
  to   space 200000K,   0% used [0x0000000451080000, 0x0000000451080000, 0x000000045d3d0000)
 concurrent mark-sweep generation total 14001024K, used 1479505K [0x0000000469720000, 0x00000007c0000000, 0x00000007c0000000)
 Metaspace       used 44953K, capacity 46238K, committed 46652K, reserved 1091584K
  class space    used 4917K, capacity 5190K, committed 5268K, reserved 1048576K
2017-04-16T12:48:55.468-0700: 143059.727: [GC (Allocation Failure) Before GC:
Statistics for BinaryTreeDictionary:
------------------------------------
Total Free Space: 1602661327
Max   Chunk Size: 1602661327
Number of Blocks: 1
Av.  Block  Size: 1602661327
Tree      Height: 1
2017-04-16T12:48:55.468-0700: 143059.727: [ParNew
Desired survivor size 102400000 bytes, new threshold 1 (max 1)
- age   1:    6598904 bytes,    6598904 total
: 1606664K->7013K(1800000K), 0.0144474 secs] 3086170K->1487645K(15801024K)After GC:
Statistics for BinaryTreeDictionary:
------------------------------------
Total Free Space: 1602517105
Max   Chunk Size: 1602517105
Number of Blocks: 1
Av.  Block  Size: 1602517105
Tree      Height: 1
, 0.0147474 secs] [Times: user=0.36 sys=0.01, real=0.01 secs] 
Heap after GC invocations=13168 (full 19):
 par new generation   total 1800000K, used 7013K [0x00000003ef600000, 0x0000000469720000, 0x0000000469720000)
  eden space 1600000K,   0% used [0x00000003ef600000, 0x00000003ef600000, 0x0000000451080000)
  from space 200000K,   3% used [0x0000000451080000, 0x0000000451759760, 0x000000045d3d0000)
  to   space 200000K,   0% used [0x000000045d3d0000, 0x000000045d3d0000, 0x0000000469720000)
 concurrent mark-sweep generation total 14001024K, used 1480631K [0x0000000469720000, 0x00000007c0000000, 0x00000007c0000000)
 Metaspace       used 44953K, capacity 46238K, committed 46652K, reserved 1091584K
  class space    used 4917K, capacity 5190K, committed 5268K, reserved 1048576K
}
2017-04-16T12:48:55.483-0700: 143059.742: Total time for which application threads were stopped: 0.0159271 seconds, Stopping threads took: 0.0001570 seconds
{Heap before GC invocations=13168 (full 19):
 par new generation   total 1800000K, used 1607013K [0x00000003ef600000, 0x0000000469720000, 0x0000000469720000)
  eden space 1600000K, 100% used [0x00000003ef600000, 0x0000000451080000, 0x0000000451080000)
  from space 200000K,   3% used [0x0000000451080000, 0x0000000451759760, 0x000000045d3d0000)
  to   space 200000K,   0% used [0x000000045d3d0000, 0x000000045d3d0000, 0x0000000469720000)
 concurrent mark-sweep generation total 14001024K, used 1480631K [0x0000000469720000, 0x00000007c0000000, 0x00000007c0000000)
 Metaspace       used 44953K, capacity 46238K, committed 46652K, reserved 1091584K
  class space    used 4917K, capacity 5190K, committed 5268K, reserved 1048576K
2017-04-16T12:49:08.901-0700: 143073.161: [GC (Allocation Failure) Before GC:
Statistics for BinaryTreeDictionary:
------------------------------------
Total Free Space: 1602517105
Max   Chunk Size: 1602517105
Number of Blocks: 1
Av.  Block  Size: 1602517105
Tree      Height: 1
2017-04-16T12:49:08.902-0700: 143073.161: [ParNew
Desired survivor size 102400000 bytes, new threshold 1 (max 1)
- age   1:    5790960 bytes,    5790960 total
: 1607013K->6276K(1800000K), 0.0142114 secs] 3087645K->1488362K(15801024K)After GC:
Statistics for BinaryTreeDictionary:
------------------------------------
Total Free Space: 1602333580
Max   Chunk Size: 1602333580
Number of Blocks: 1
Av.  Block  Size: 1602333580
Tree      Height: 1
, 0.0145174 secs] [Times: user=0.36 sys=0.00, real=0.01 secs] 
Heap after GC invocations=13169 (full 19):
 par new generation   total 1800000K, used 6276K [0x00000003ef600000, 0x0000000469720000, 0x0000000469720000)
  eden space 1600000K,   0% used [0x00000003ef600000, 0x00000003ef600000, 0x0000000451080000)
  from space 200000K,   3% used [0x000000045d3d0000, 0x000000045d9f10d0, 0x0000000469720000)
  to   space 200000K,   0% used [0x0000000451080000, 0x0000000451080000, 0x000000045d3d0000)
 concurrent mark-sweep generation total 14001024K, used 1482085K [0x0000000469720000, 0x00000007c0000000, 0x00000007c0000000)
 Metaspace       used 44953K, capacity 46238K, committed 46652K, reserved 1091584K
  class space    used 4917K, capacity 5190K, committed 5268K, reserved 1048576K
}
2017-04-16T12:49:08.916-0700: 143073.176: Total time for which application threads were stopped: 0.0156776 seconds, Stopping threads took: 0.0001485 seconds
2017-04-16T12:49:09.781-0700: 143074.041: Total time for which application threads were stopped: 0.0022205 seconds, Stopping threads took: 0.0001475 seconds
2017-04-16T12:49:09.790-0700: 143074.050: Total time for which application threads were stopped: 0.0010794 seconds, Stopping threads took: 0.0000337 seconds
{Heap before GC invocations=13169 (full 19):
 par new generation   total 1800000K, used 1606276K [0x00000003ef600000, 0x0000000469720000, 0x0000000469720000)
  eden space 1600000K, 100% used [0x00000003ef600000, 0x0000000451080000, 0x0000000451080000)
  from space 200000K,   3% used [0x000000045d3d0000, 0x000000045d9f10d0, 0x0000000469720000)
  to   space 200000K,   0% used [0x0000000451080000, 0x0000000451080000, 0x000000045d3d0000)
 concurrent mark-sweep generation total 14001024K, used 1482085K [0x0000000469720000, 0x00000007c0000000, 0x00000007c0000000)
 Metaspace       used 44953K, capacity 46238K, committed 46652K, reserved 1091584K
  class space    used 4917K, capacity 5190K, committed 5268K, reserved 1048576K
2017-04-16T12:49:19.711-0700: 143083.970: [GC (Allocation Failure) Before GC:
Statistics for BinaryTreeDictionary:
------------------------------------
Total Free Space: 1602333580
Max   Chunk Size: 1602333580
Number of Blocks: 1
Av.  Block  Size: 1602333580
Tree      Height: 1
2017-04-16T12:49:19.711-0700: 143083.970: [ParNew
Desired survivor size 102400000 bytes, new threshold 1 (max 1)
- age   1:    7304536 bytes,    7304536 total
: 1606276K->7514K(1800000K), 0.0138480 secs] 3088362K->1490766K(15801024K)After GC:
Statistics for BinaryTreeDictionary:
------------------------------------
Total Free Space: 1602183865
Max   Chunk Size: 1602183865
Number of Blocks: 1
Av.  Block  Size: 1602183865
Tree      Height: 1
, 0.0141605 secs] [Times: user=0.35 sys=0.00, real=0.01 secs] 
Heap after GC invocations=13170 (full 19):
 par new generation   total 1800000K, used 7514K [0x00000003ef600000, 0x0000000469720000, 0x0000000469720000)
  eden space 1600000K,   0% used [0x00000003ef600000, 0x00000003ef600000, 0x0000000451080000)
  from space 200000K,   3% used [0x0000000451080000, 0x00000004517d6808, 0x000000045d3d0000)
  to   space 200000K,   0% used [0x000000045d3d0000, 0x000000045d3d0000, 0x0000000469720000)
 concurrent mark-sweep generation total 14001024K, used 1483252K [0x0000000469720000, 0x00000007c0000000, 0x00000007c0000000)
 Metaspace       used 44953K, capacity 46238K, committed 46652K, reserved 1091584K
  class space    used 4917K, capacity 5190K, committed 5268K, reserved 1048576K
}
2017-04-16T12:49:19.725-0700: 143083.984: Total time for which application threads were stopped: 0.0153400 seconds, Stopping threads took: 0.0001570 seconds
{Heap before GC invocations=13170 (full 19):
 par new generation   total 1800000K, used 1607514K [0x00000003ef600000, 0x0000000469720000, 0x0000000469720000)
  eden space 1600000K, 100% used [0x00000003ef600000, 0x0000000451080000, 0x0000000451080000)
  from space 200000K,   3% used [0x0000000451080000, 0x00000004517d6808, 0x000000045d3d0000)
  to   space 200000K,   0% used [0x000000045d3d0000, 0x000000045d3d0000, 0x0000000469720000)
 concurrent mark-sweep generation total 14001024K, used 1483252K [0x0000000469720000, 0x00000007c0000000, 0x00000007c0000000)
 Metaspace       used 44953K, capacity 46238K, committed 46652K, reserved 1091584K
  class space    used 4917K, capacity 5190K, committed 5268K, reserved 1048576K
2017-04-16T12:49:33.361-0700: 143097.620: [GC (Allocation Failure) Before GC:
Statistics for BinaryTreeDictionary:
------------------------------------
Total Free Space: 1602183865
Max   Chunk Size: 1602183865
Number of Blocks: 1
Av.  Block  Size: 1602183865
Tree      Height: 1
2017-04-16T12:49:33.361-0700: 143097.621: [ParNew
Desired survivor size 102400000 bytes, new threshold 1 (max 1)
- age   1:    7141320 bytes,    7141320 total
: 1607514K->7479K(1800000K), 0.0139304 secs] 3090766K->1492191K(15801024K)After GC:
Statistics for BinaryTreeDictionary:
------------------------------------
Total Free Space: 1601982306
Max   Chunk Size: 1601982306
Number of Blocks: 1
Av.  Block  Size: 1601982306
Tree      Height: 1
, 0.0142586 secs] [Times: user=0.35 sys=0.01, real=0.02 secs] 
Heap after GC invocations=13171 (full 19):
 par new generation   total 1800000K, used 7479K [0x00000003ef600000, 0x0000000469720000, 0x0000000469720000)
  eden space 1600000K,   0% used [0x00000003ef600000, 0x00000003ef600000, 0x0000000451080000)
  from space 200000K,   3% used [0x000000045d3d0000, 0x000000045db1dd40, 0x0000000469720000)
  to   space 200000K,   0% used [0x0000000451080000, 0x0000000451080000, 0x000000045d3d0000)
 concurrent mark-sweep generation total 14001024K, used 1484711K [0x0000000469720000, 0x00000007c0000000, 0x00000007c0000000)
 Metaspace       used 44953K, capacity 46238K, committed 46652K, reserved 1091584K
  class space    used 4917K, capacity 5190K, committed 5268K, reserved 1048576K
}
2017-04-16T12:49:33.376-0700: 143097.635: Total time for which application threads were stopped: 0.0154388 seconds, Stopping threads took: 0.0001695 seconds
{Heap before GC invocations=13171 (full 19):
 par new generation   total 1800000K, used 1607479K [0x00000003ef600000, 0x0000000469720000, 0x0000000469720000)
  eden space 1600000K, 100% used [0x00000003ef600000, 0x0000000451080000, 0x0000000451080000)
  from space 200000K,   3% used [0x000000045d3d0000, 0x000000045db1dd40, 0x0000000469720000)
  to   space 200000K,   0% used [0x0000000451080000, 0x0000000451080000, 0x000000045d3d0000)
 concurrent mark-sweep generation total 14001024K, used 1484711K [0x0000000469720000, 0x00000007c0000000, 0x00000007c0000000)
 Metaspace       used 44953K, capacity 46238K, committed 46652K, reserved 1091584K
  class space    used 4917K, capacity 5190K, committed 5268K, reserved 1048576K
2017-04-16T12:49:46.367-0700: 143110.626: [GC (Allocation Failure) Before GC:
Statistics for BinaryTreeDictionary:
------------------------------------
Total Free Space: 1601982306
Max   Chunk Size: 1601982306
Number of Blocks: 1
Av.  Block  Size: 1601982306
Tree      Height: 1
2017-04-16T12:49:46.367-0700: 143110.626: [ParNew
Desired survivor size 102400000 bytes, new threshold 1 (max 1)
- age   1:    6738424 bytes,    6738424 total
: 1607479K->7220K(1800000K), 0.0138290 secs] 3092191K->1493298K(15801024K)After GC:
Statistics for BinaryTreeDictionary:
------------------------------------
Total Free Space: 1601821806
Max   Chunk Size: 1601821806
Number of Blocks: 1
Av.  Block  Size: 1601821806
Tree      Height: 1
, 0.0141482 secs] [Times: user=0.35 sys=0.00, real=0.01 secs] 
Heap after GC invocations=13172 (full 19):
 par new generation   total 1800000K, used 7220K [0x00000003ef600000, 0x0000000469720000, 0x0000000469720000)
  eden space 1600000K,   0% used [0x00000003ef600000, 0x00000003ef600000, 0x0000000451080000)
  from space 200000K,   3% used [0x0000000451080000, 0x000000045178d380, 0x000000045d3d0000)
  to   space 200000K,   0% used [0x000000045d3d0000, 0x000000045d3d0000, 0x0000000469720000)
 concurrent mark-sweep generation total 14001024K, used 1486077K [0x0000000469720000, 0x00000007c0000000, 0x00000007c0000000)
 Metaspace       used 44953K, capacity 46238K, committed 46652K, reserved 1091584K
  class space    used 4917K, capacity 5190K, committed 5268K, reserved 1048576K
}
2017-04-16T12:49:46.381-0700: 143110.641: Total time for which application threads were stopped: 0.0153362 seconds, Stopping threads took: 0.0001606 seconds
{Heap before GC invocations=13172 (full 19):
 par new generation   total 1800000K, used 1607220K [0x00000003ef600000, 0x0000000469720000, 0x0000000469720000)
  eden space 1600000K, 100% used [0x00000003ef600000, 0x0000000451080000, 0x0000000451080000)
  from space 200000K,   3% used [0x0000000451080000, 0x000000045178d380, 0x000000045d3d0000)
  to   space 200000K,   0% used [0x000000045d3d0000, 0x000000045d3d0000, 0x0000000469720000)
 concurrent mark-sweep generation total 14001024K, used 1486077K [0x0000000469720000, 0x00000007c0000000, 0x00000007c0000000)
 Metaspace       used 44953K, capacity 46238K, committed 46652K, reserved 1091584K
  class space    used 4917K, capacity 5190K, committed 5268K, reserved 1048576K
2017-04-16T12:49:59.603-0700: 143123.862: [GC (Allocation Failure) Before GC:
Statistics for BinaryTreeDictionary:
------------------------------------
Total Free Space: 1601821806
Max   Chunk Size: 1601821806
Number of Blocks: 1
Av.  Block  Size: 1601821806
Tree      Height: 1
2017-04-16T12:49:59.603-0700: 143123.862: [ParNew
Desired survivor size 102400000 bytes, new threshold 1 (max 1)
- age   1:    8150560 bytes,    8150560 total
: 1607220K->8609K(1800000K), 0.0147179 secs] 3093298K->1495873K(15801024K)After GC:
Statistics for BinaryTreeDictionary:
------------------------------------
Total Free Space: 1601669939
Max   Chunk Size: 1601669939
Number of Blocks: 1
Av.  Block  Size: 1601669939
Tree      Height: 1
, 0.0150257 secs] [Times: user=0.38 sys=0.00, real=0.02 secs] 
Heap after GC invocations=13173 (full 19):
 par new generation   total 1800000K, used 8609K [0x00000003ef600000, 0x0000000469720000, 0x0000000469720000)
  eden space 1600000K,   0% used [0x00000003ef600000, 0x00000003ef600000, 0x0000000451080000)
  from space 200000K,   4% used [0x000000045d3d0000, 0x000000045dc387d0, 0x0000000469720000)
  to   space 200000K,   0% used [0x0000000451080000, 0x0000000451080000, 0x000000045d3d0000)
 concurrent mark-sweep generation total 14001024K, used 1487263K [0x0000000469720000, 0x00000007c0000000, 0x00000007c0000000)
 Metaspace       used 44953K, capacity 46238K, committed 46652K, reserved 1091584K
  class space    used 4917K, capacity 5190K, committed 5268K, reserved 1048576K
}
2017-04-16T12:49:59.618-0700: 143123.877: Total time for which application threads were stopped: 0.0161995 seconds, Stopping threads took: 0.0001554 seconds
2017-04-16T12:50:06.428-0700: 143130.687: Total time for which application threads were stopped: 0.0009655 seconds, Stopping threads took: 0.0001632 seconds
2017-04-16T12:50:09.777-0700: 143134.037: Total time for which application threads were stopped: 0.0022504 seconds, Stopping threads took: 0.0001678 seconds
{Heap before GC invocations=13173 (full 19):
 par new generation   total 1800000K, used 1608609K [0x00000003ef600000, 0x0000000469720000, 0x0000000469720000)
  eden space 1600000K, 100% used [0x00000003ef600000, 0x0000000451080000, 0x0000000451080000)
  from space 200000K,   4% used [0x000000045d3d0000, 0x000000045dc387d0, 0x0000000469720000)
  to   space 200000K,   0% used [0x0000000451080000, 0x0000000451080000, 0x000000045d3d0000)
 concurrent mark-sweep generation total 14001024K, used 1487263K [0x0000000469720000, 0x00000007c0000000, 0x00000007c0000000)
 Metaspace       used 44953K, capacity 46238K, committed 46652K, reserved 1091584K
  class space    used 4917K, capacity 5190K, committed 5268K, reserved 1048576K
2017-04-16T12:50:12.868-0700: 143137.127: [GC (Allocation Failure) Before GC:
Statistics for BinaryTreeDictionary:
------------------------------------
Total Free Space: 1601669939
Max   Chunk Size: 1601669939
Number of Blocks: 1
Av.  Block  Size: 1601669939
Tree      Height: 1
2017-04-16T12:50:12.868-0700: 143137.128: [ParNew
Desired survivor size 102400000 bytes, new threshold 1 (max 1)
- age   1:    6121528 bytes,    6121528 total
: 1608609K->6812K(1800000K), 0.0149323 secs] 3095873K->1496000K(15801024K)After GC:
Statistics for BinaryTreeDictionary:
------------------------------------
Total Free Space: 1601423645
Max   Chunk Size: 1601423645
Number of Blocks: 1
Av.  Block  Size: 1601423645
Tree      Height: 1
, 0.0152566 secs] [Times: user=0.38 sys=0.00, real=0.02 secs] 
Heap after GC invocations=13174 (full 19):
 par new generation   total 1800000K, used 6812K [0x00000003ef600000, 0x0000000469720000, 0x0000000469720000)
  eden space 1600000K,   0% used [0x00000003ef600000, 0x00000003ef600000, 0x0000000451080000)
  from space 200000K,   3% used [0x0000000451080000, 0x00000004517273d0, 0x000000045d3d0000)
  to   space 200000K,   0% used [0x000000045d3d0000, 0x000000045d3d0000, 0x0000000469720000)
 concurrent mark-sweep generation total 14001024K, used 1489187K [0x0000000469720000, 0x00000007c0000000, 0x00000007c0000000)
 Metaspace       used 44953K, capacity 46238K, committed 46652K, reserved 1091584K
  class space    used 4917K, capacity 5190K, committed 5268K, reserved 1048576K
}
2017-04-16T12:50:12.884-0700: 143137.143: Total time for which application threads were stopped: 0.0164067 seconds, Stopping threads took: 0.0001615 seconds
{Heap before GC invocations=13174 (full 19):
 par new generation   total 1800000K, used 1606812K [0x00000003ef600000, 0x0000000469720000, 0x0000000469720000)
  eden space 1600000K, 100% used [0x00000003ef600000, 0x0000000451080000, 0x0000000451080000)
  from space 200000K,   3% used [0x0000000451080000, 0x00000004517273d0, 0x000000045d3d0000)
  to   space 200000K,   0% used [0x000000045d3d0000, 0x000000045d3d0000, 0x0000000469720000)
 concurrent mark-sweep generation total 14001024K, used 1489187K [0x0000000469720000, 0x00000007c0000000, 0x00000007c0000000)
 Metaspace       used 44953K, capacity 46238K, committed 46652K, reserved 1091584K
  class space    used 4917K, capacity 5190K, committed 5268K, reserved 1048576K
2017-04-16T12:50:25.897-0700: 143150.157: [GC (Allocation Failure) Before GC:
Statistics for BinaryTreeDictionary:
------------------------------------
Total Free Space: 1601423645
Max   Chunk Size: 1601423645
Number of Blocks: 1
Av.  Block  Size: 1601423645
Tree      Height: 1
2017-04-16T12:50:25.898-0700: 143150.157: [ParNew
Desired survivor size 102400000 bytes, new threshold 1 (max 1)
- age   1:    6426624 bytes,    6426624 total
: 1606812K->6732K(1800000K), 0.0140386 secs] 3096000K->1497026K(15801024K)After GC:
Statistics for BinaryTreeDictionary:
------------------------------------
Total Free Space: 1601279714
Max   Chunk Size: 1601279714
Number of Blocks: 1
Av.  Block  Size: 1601279714
Tree      Height: 1
, 0.0143300 secs] [Times: user=0.35 sys=0.00, real=0.02 secs] 
Heap after GC invocations=13175 (full 19):
 par new generation   total 1800000K, used 6732K [0x00000003ef600000, 0x0000000469720000, 0x0000000469720000)
  eden space 1600000K,   0% used [0x00000003ef600000, 0x00000003ef600000, 0x0000000451080000)
  from space 200000K,   3% used [0x000000045d3d0000, 0x000000045da63270, 0x0000000469720000)
  to   space 200000K,   0% used [0x0000000451080000, 0x0000000451080000, 0x000000045d3d0000)
 concurrent mark-sweep generation total 14001024K, used 1490294K [0x0000000469720000, 0x00000007c0000000, 0x00000007c0000000)
 Metaspace       used 44953K, capacity 46238K, committed 46652K, reserved 1091584K
  class space    used 4917K, capacity 5190K, committed 5268K, reserved 1048576K
}
2017-04-16T12:50:25.912-0700: 143150.171: Total time for which application threads were stopped: 0.0155203 seconds, Stopping threads took: 0.0001856 seconds
2017-04-16T12:50:34.913-0700: 143159.173: Total time for which application threads were stopped: 0.0008936 seconds, Stopping threads took: 0.0001547 seconds
{Heap before GC invocations=13175 (full 19):
 par new generation   total 1800000K, used 1606732K [0x00000003ef600000, 0x0000000469720000, 0x0000000469720000)
  eden space 1600000K, 100% used [0x00000003ef600000, 0x0000000451080000, 0x0000000451080000)
  from space 200000K,   3% used [0x000000045d3d0000, 0x000000045da63270, 0x0000000469720000)
  to   space 200000K,   0% used [0x0000000451080000, 0x0000000451080000, 0x000000045d3d0000)
 concurrent mark-sweep generation total 14001024K, used 1490294K [0x0000000469720000, 0x00000007c0000000, 0x00000007c0000000)
 Metaspace       used 44953K, capacity 46238K, committed 46652K, reserved 1091584K
  class space    used 4917K, capacity 5190K, committed 5268K, reserved 1048576K
2017-04-16T12:50:38.674-0700: 143162.934: [GC (Allocation Failure) Before GC:
Statistics for BinaryTreeDictionary:
------------------------------------
Total Free Space: 1601279714
Max   Chunk Size: 1601279714
Number of Blocks: 1
Av.  Block  Size: 1601279714
Tree      Height: 1
2017-04-16T12:50:38.675-0700: 143162.934: [ParNew
Desired survivor size 102400000 bytes, new threshold 1 (max 1)
- age   1:    6936040 bytes,    6936040 total
: 1606732K->7348K(1800000K), 0.0141054 secs] 3097026K->1499166K(15801024K)After GC:
Statistics for BinaryTreeDictionary:
------------------------------------
Total Free Space: 1601086832
Max   Chunk Size: 1601086832
Number of Blocks: 1
Av.  Block  Size: 1601086832
Tree      Height: 1
, 0.0144157 secs] [Times: user=0.35 sys=0.00, real=0.01 secs] 
Heap after GC invocations=13176 (full 19):
 par new generation   total 1800000K, used 7348K [0x00000003ef600000, 0x0000000469720000, 0x0000000469720000)
  eden space 1600000K,   0% used [0x00000003ef600000, 0x00000003ef600000, 0x0000000451080000)
  from space 200000K,   3% used [0x0000000451080000, 0x00000004517ad210, 0x000000045d3d0000)
  to   space 200000K,   0% used [0x000000045d3d0000, 0x000000045d3d0000, 0x0000000469720000)
 concurrent mark-sweep generation total 14001024K, used 1491817K [0x0000000469720000, 0x00000007c0000000, 0x00000007c0000000)
 Metaspace       used 44953K, capacity 46238K, committed 46652K, reserved 1091584K
  class space    used 4917K, capacity 5190K, committed 5268K, reserved 1048576K
}
2017-04-16T12:50:38.689-0700: 143162.948: Total time for which application threads were stopped: 0.0155978 seconds, Stopping threads took: 0.0001841 seconds
2017-04-16T12:50:39.789-0700: 143164.048: Total time for which application threads were stopped: 0.0022473 seconds, Stopping threads took: 0.0001552 seconds
{Heap before GC invocations=13176 (full 19):
 par new generation   total 1800000K, used 1607348K [0x00000003ef600000, 0x0000000469720000, 0x0000000469720000)
  eden space 1600000K, 100% used [0x00000003ef600000, 0x0000000451080000, 0x0000000451080000)
  from space 200000K,   3% used [0x0000000451080000, 0x00000004517ad210, 0x000000045d3d0000)
  to   space 200000K,   0% used [0x000000045d3d0000, 0x000000045d3d0000, 0x0000000469720000)
 concurrent mark-sweep generation total 14001024K, used 1491817K [0x0000000469720000, 0x00000007c0000000, 0x00000007c0000000)
 Metaspace       used 44953K, capacity 46238K, committed 46652K, reserved 1091584K
  class space    used 4917K, capacity 5190K, committed 5268K, reserved 1048576K
2017-04-16T12:50:49.178-0700: 143173.438: [GC (Allocation Failure) Before GC:
Statistics for BinaryTreeDictionary:
------------------------------------
Total Free Space: 1601086832
Max   Chunk Size: 1601086832
Number of Blocks: 1
Av.  Block  Size: 1601086832
Tree      Height: 1
2017-04-16T12:50:49.178-0700: 143173.438: [ParNew
Desired survivor size 102400000 bytes, new threshold 1 (max 1)
- age   1:    6519792 bytes,    6519792 total
: 1607348K->7149K(1800000K), 0.0141251 secs] 3099166K->1500968K(15801024K)After GC:
Statistics for BinaryTreeDictionary:
------------------------------------
Total Free Space: 1600824989
Max   Chunk Size: 1600824989
Number of Blocks: 1
Av.  Block  Size: 1600824989
Tree      Height: 1
, 0.0144593 secs] [Times: user=0.35 sys=0.00, real=0.01 secs] 
Heap after GC invocations=13177 (full 19):
 par new generation   total 1800000K, used 7149K [0x00000003ef600000, 0x0000000469720000, 0x0000000469720000)
  eden space 1600000K,   0% used [0x00000003ef600000, 0x00000003ef600000, 0x0000000451080000)
  from space 200000K,   3% used [0x000000045d3d0000, 0x000000045dacb708, 0x0000000469720000)
  to   space 200000K,   0% used [0x0000000451080000, 0x0000000451080000, 0x000000045d3d0000)
 concurrent mark-sweep generation total 14001024K, used 1493818K [0x0000000469720000, 0x00000007c0000000, 0x00000007c0000000)
 Metaspace       used 44953K, capacity 46238K, committed 46652K, reserved 1091584K
  class space    used 4917K, capacity 5190K, committed 5268K, reserved 1048576K
}
2017-04-16T12:50:49.193-0700: 143173.452: Total time for which application threads were stopped: 0.0156827 seconds, Stopping threads took: 0.0001971 seconds
{Heap before GC invocations=13177 (full 19):
 par new generation   total 1800000K, used 1607149K [0x00000003ef600000, 0x0000000469720000, 0x0000000469720000)
  eden space 1600000K, 100% used [0x00000003ef600000, 0x0000000451080000, 0x0000000451080000)
  from space 200000K,   3% used [0x000000045d3d0000, 0x000000045dacb708, 0x0000000469720000)
  to   space 200000K,   0% used [0x0000000451080000, 0x0000000451080000, 0x000000045d3d0000)
 concurrent mark-sweep generation total 14001024K, used 1493818K [0x0000000469720000, 0x00000007c0000000, 0x00000007c0000000)
 Metaspace       used 44953K, capacity 46238K, committed 46652K, reserved 1091584K
  class space    used 4917K, capacity 5190K, committed 5268K, reserved 1048576K
2017-04-16T12:51:02.480-0700: 143186.740: [GC (Allocation Failure) Before GC:
Statistics for BinaryTreeDictionary:
------------------------------------
Total Free Space: 1600824989
Max   Chunk Size: 1600824989
Number of Blocks: 1
Av.  Block  Size: 1600824989
Tree      Height: 1
2017-04-16T12:51:02.480-0700: 143186.740: [ParNew
Desired survivor size 102400000 bytes, new threshold 1 (max 1)
- age   1:    8189928 bytes,    8189928 total
: 1607149K->8669K(1800000K), 0.0136694 secs] 3100968K->1504203K(15801024K)After GC:
Statistics for BinaryTreeDictionary:
------------------------------------
Total Free Space: 1600588514
Max   Chunk Size: 1600588514
Number of Blocks: 1
Av.  Block  Size: 1600588514
Tree      Height: 1
, 0.0139800 secs] [Times: user=0.35 sys=0.00, real=0.01 secs] 
Heap after GC invocations=13178 (full 19):
 par new generation   total 1800000K, used 8669K [0x00000003ef600000, 0x0000000469720000, 0x0000000469720000)
  eden space 1600000K,   0% used [0x00000003ef600000, 0x00000003ef600000, 0x0000000451080000)
  from space 200000K,   4% used [0x0000000451080000, 0x00000004518f77b8, 0x000000045d3d0000)
  to   space 200000K,   0% used [0x000000045d3d0000, 0x000000045d3d0000, 0x0000000469720000)
 concurrent mark-sweep generation total 14001024K, used 1495533K [0x0000000469720000, 0x00000007c0000000, 0x00000007c0000000)
 Metaspace       used 44953K, capacity 46238K, committed 46652K, reserved 1091584K
  class space    used 4917K, capacity 5190K, committed 5268K, reserved 1048576K
}
2017-04-16T12:51:02.495-0700: 143186.754: Total time for which application threads were stopped: 0.0151448 seconds, Stopping threads took: 0.0001638 seconds
{Heap before GC invocations=13178 (full 19):
 par new generation   total 1800000K, used 1608669K [0x00000003ef600000, 0x0000000469720000, 0x0000000469720000)
  eden space 1600000K, 100% used [0x00000003ef600000, 0x0000000451080000, 0x0000000451080000)
  from space 200000K,   4% used [0x0000000451080000, 0x00000004518f77b8, 0x000000045d3d0000)
  to   space 200000K,   0% used [0x000000045d3d0000, 0x000000045d3d0000, 0x0000000469720000)
 concurrent mark-sweep generation total 14001024K, used 1495533K [0x0000000469720000, 0x00000007c0000000, 0x00000007c0000000)
 Metaspace       used 44953K, capacity 46238K, committed 46652K, reserved 1091584K
  class space    used 4917K, capacity 5190K, committed 5268K, reserved 1048576K
2017-04-16T12:51:15.500-0700: 143199.759: [GC (Allocation Failure) Before GC:
Statistics for BinaryTreeDictionary:
------------------------------------
Total Free Space: 1600588514
Max   Chunk Size: 1600588514
Number of Blocks: 1
Av.  Block  Size: 1600588514
Tree      Height: 1
2017-04-16T12:51:15.500-0700: 143199.759: [ParNew
Desired survivor size 102400000 bytes, new threshold 1 (max 1)
- age   1:    6410384 bytes,    6410384 total
: 1608669K->6877K(1800000K), 0.0141286 secs] 3104203K->1503754K(15801024K)After GC:
Statistics for BinaryTreeDictionary:
------------------------------------
Total Free Space: 1600438296
Max   Chunk Size: 1600438296
Number of Blocks: 1
Av.  Block  Size: 1600438296
Tree      Height: 1
, 0.0144552 secs] [Times: user=0.36 sys=0.00, real=0.01 secs] 
Heap after GC invocations=13179 (full 19):
 par new generation   total 1800000K, used 6877K [0x00000003ef600000, 0x0000000469720000, 0x0000000469720000)
  eden space 1600000K,   0% used [0x00000003ef600000, 0x00000003ef600000, 0x0000000451080000)
  from space 200000K,   3% used [0x000000045d3d0000, 0x000000045da87438, 0x0000000469720000)
  to   space 200000K,   0% used [0x0000000451080000, 0x0000000451080000, 0x000000045d3d0000)
 concurrent mark-sweep generation total 14001024K, used 1496876K [0x0000000469720000, 0x00000007c0000000, 0x00000007c0000000)
 Metaspace       used 44953K, capacity 46238K, committed 46652K, reserved 1091584K
  class space    used 4917K, capacity 5190K, committed 5268K, reserved 1048576K
}
2017-04-16T12:51:15.514-0700: 143199.773: Total time for which application threads were stopped: 0.0156403 seconds, Stopping threads took: 0.0001721 seconds
{Heap before GC invocations=13179 (full 19):
 par new generation   total 1800000K, used 1606877K [0x00000003ef600000, 0x0000000469720000, 0x0000000469720000)
  eden space 1600000K, 100% used [0x00000003ef600000, 0x0000000451080000, 0x0000000451080000)
  from space 200000K,   3% used [0x000000045d3d0000, 0x000000045da87438, 0x0000000469720000)
  to   space 200000K,   0% used [0x0000000451080000, 0x0000000451080000, 0x000000045d3d0000)
 concurrent mark-sweep generation total 14001024K, used 1496876K [0x0000000469720000, 0x00000007c0000000, 0x00000007c0000000)
 Metaspace       used 44953K, capacity 46238K, committed 46652K, reserved 1091584K
  class space    used 4917K, capacity 5190K, committed 5268K, reserved 1048576K
2017-04-16T12:51:28.688-0700: 143212.947: [GC (Allocation Failure) Before GC:
Statistics for BinaryTreeDictionary:
------------------------------------
Total Free Space: 1600438296
Max   Chunk Size: 1600438296
Number of Blocks: 1
Av.  Block  Size: 1600438296
Tree      Height: 1
2017-04-16T12:51:28.688-0700: 143212.948: [ParNew
Desired survivor size 102400000 bytes, new threshold 1 (max 1)
- age   1:    6799736 bytes,    6799736 total
: 1606877K->7200K(1800000K), 0.0139076 secs] 3103754K->1505489K(15801024K)After GC:
Statistics for BinaryTreeDictionary:
------------------------------------
Total Free Space: 1600256912
Max   Chunk Size: 1600256912
Number of Blocks: 1
Av.  Block  Size: 1600256912
Tree      Height: 1
, 0.0142044 secs] [Times: user=0.35 sys=0.00, real=0.02 secs] 
Heap after GC invocations=13180 (full 19):
 par new generation   total 1800000K, used 7200K [0x00000003ef600000, 0x0000000469720000, 0x0000000469720000)
  eden space 1600000K,   0% used [0x00000003ef600000, 0x00000003ef600000, 0x0000000451080000)
  from space 200000K,   3% used [0x0000000451080000, 0x0000000451788328, 0x000000045d3d0000)
  to   space 200000K,   0% used [0x000000045d3d0000, 0x000000045d3d0000, 0x0000000469720000)
 concurrent mark-sweep generation total 14001024K, used 1498288K [0x0000000469720000, 0x00000007c0000000, 0x00000007c0000000)
 Metaspace       used 44953K, capacity 46238K, committed 46652K, reserved 1091584K
  class space    used 4917K, capacity 5190K, committed 5268K, reserved 1048576K
}
2017-04-16T12:51:28.702-0700: 143212.962: Total time for which application threads were stopped: 0.0153881 seconds, Stopping threads took: 0.0001544 seconds
{Heap before GC invocations=13180 (full 19):
 par new generation   total 1800000K, used 1607200K [0x00000003ef600000, 0x0000000469720000, 0x0000000469720000)
  eden space 1600000K, 100% used [0x00000003ef600000, 0x0000000451080000, 0x0000000451080000)
  from space 200000K,   3% used [0x0000000451080000, 0x0000000451788328, 0x000000045d3d0000)
  to   space 200000K,   0% used [0x000000045d3d0000, 0x000000045d3d0000, 0x0000000469720000)
 concurrent mark-sweep generation total 14001024K, used 1498288K [0x0000000469720000, 0x00000007c0000000, 0x00000007c0000000)
 Metaspace       used 44953K, capacity 46238K, committed 46652K, reserved 1091584K
  class space    used 4917K, capacity 5190K, committed 5268K, reserved 1048576K
2017-04-16T12:51:41.029-0700: 143225.288: [GC (Allocation Failure) Before GC:
Statistics for BinaryTreeDictionary:
------------------------------------
Total Free Space: 1600256912
Max   Chunk Size: 1600256912
Number of Blocks: 1
Av.  Block  Size: 1600256912
Tree      Height: 1
2017-04-16T12:51:41.029-0700: 143225.288: [ParNew
Desired survivor size 102400000 bytes, new threshold 1 (max 1)
- age   1:   12778296 bytes,   12778296 total
: 1607200K->13147K(1800000K), 0.0139076 secs] 3105489K->1512561K(15801024K)After GC:
Statistics for BinaryTreeDictionary:
------------------------------------
Total Free Space: 1600113380
Max   Chunk Size: 1600113380
Number of Blocks: 1
Av.  Block  Size: 1600113380
Tree      Height: 1
, 0.0142269 secs] [Times: user=0.35 sys=0.00, real=0.02 secs] 
Heap after GC invocations=13181 (full 19):
 par new generation   total 1800000K, used 13147K [0x00000003ef600000, 0x0000000469720000, 0x0000000469720000)
  eden space 1600000K,   0% used [0x00000003ef600000, 0x00000003ef600000, 0x0000000451080000)
  from space 200000K,   6% used [0x000000045d3d0000, 0x000000045e0a6c90, 0x0000000469720000)
  to   space 200000K,   0% used [0x0000000451080000, 0x0000000451080000, 0x000000045d3d0000)
 concurrent mark-sweep generation total 14001024K, used 1499413K [0x0000000469720000, 0x00000007c0000000, 0x00000007c0000000)
 Metaspace       used 44953K, capacity 46238K, committed 46652K, reserved 1091584K
  class space    used 4917K, capacity 5190K, committed 5268K, reserved 1048576K
}
2017-04-16T12:51:41.043-0700: 143225.303: Total time for which application threads were stopped: 0.0153776 seconds, Stopping threads took: 0.0001560 seconds
{Heap before GC invocations=13181 (full 19):
 par new generation   total 1800000K, used 1613147K [0x00000003ef600000, 0x0000000469720000, 0x0000000469720000)
  eden space 1600000K, 100% used [0x00000003ef600000, 0x0000000451080000, 0x0000000451080000)
  from space 200000K,   6% used [0x000000045d3d0000, 0x000000045e0a6c90, 0x0000000469720000)
  to   space 200000K,   0% used [0x0000000451080000, 0x0000000451080000, 0x000000045d3d0000)
 concurrent mark-sweep generation total 14001024K, used 1499413K [0x0000000469720000, 0x00000007c0000000, 0x00000007c0000000)
 Metaspace       used 44953K, capacity 46238K, committed 46652K, reserved 1091584K
  class space    used 4917K, capacity 5190K, committed 5268K, reserved 1048576K
2017-04-16T12:51:54.777-0700: 143239.036: [GC (Allocation Failure) Before GC:
Statistics for BinaryTreeDictionary:
------------------------------------
Total Free Space: 1600113380
Max   Chunk Size: 1600113380
Number of Blocks: 1
Av.  Block  Size: 1600113380
Tree      Height: 1
2017-04-16T12:51:54.777-0700: 143239.036: [ParNew
Desired survivor size 102400000 bytes, new threshold 1 (max 1)
- age   1:    6786920 bytes,    6786920 total
: 1613147K->10419K(1800000K), 0.0343409 secs] 3112561K->1517312K(15801024K)After GC:
Statistics for BinaryTreeDictionary:
------------------------------------
Total Free Space: 1599142870
Max   Chunk Size: 1599142870
Number of Blocks: 1
Av.  Block  Size: 1599142870
Tree      Height: 1
, 0.0346325 secs] [Times: user=0.43 sys=0.01, real=0.03 secs] 
Heap after GC invocations=13182 (full 19):
 par new generation   total 1800000K, used 10419K [0x00000003ef600000, 0x0000000469720000, 0x0000000469720000)
  eden space 1600000K,   0% used [0x00000003ef600000, 0x00000003ef600000, 0x0000000451080000)
  from space 200000K,   5% used [0x0000000451080000, 0x0000000451aaccf0, 0x000000045d3d0000)
  to   space 200000K,   0% used [0x000000045d3d0000, 0x000000045d3d0000, 0x0000000469720000)
 concurrent mark-sweep generation total 14001024K, used 1506892K [0x0000000469720000, 0x00000007c0000000, 0x00000007c0000000)
 Metaspace       used 44953K, capacity 46238K, committed 46652K, reserved 1091584K
  class space    used 4917K, capacity 5190K, committed 5268K, reserved 1048576K
}
2017-04-16T12:51:54.812-0700: 143239.071: Total time for which application threads were stopped: 0.0357323 seconds, Stopping threads took: 0.0001530 seconds
{Heap before GC invocations=13182 (full 19):
 par new generation   total 1800000K, used 1610419K [0x00000003ef600000, 0x0000000469720000, 0x0000000469720000)
  eden space 1600000K, 100% used [0x00000003ef600000, 0x0000000451080000, 0x0000000451080000)
  from space 200000K,   5% used [0x0000000451080000, 0x0000000451aaccf0, 0x000000045d3d0000)
  to   space 200000K,   0% used [0x000000045d3d0000, 0x000000045d3d0000, 0x0000000469720000)
 concurrent mark-sweep generation total 14001024K, used 1506892K [0x0000000469720000, 0x00000007c0000000, 0x00000007c0000000)
 Metaspace       used 44953K, capacity 46238K, committed 46652K, reserved 1091584K
  class space    used 4917K, capacity 5190K, committed 5268K, reserved 1048576K
2017-04-16T12:52:08.439-0700: 143252.698: [GC (Allocation Failure) Before GC:
Statistics for BinaryTreeDictionary:
------------------------------------
Total Free Space: 1599142870
Max   Chunk Size: 1599142870
Number of Blocks: 1
Av.  Block  Size: 1599142870
Tree      Height: 1
2017-04-16T12:52:08.439-0700: 143252.698: [ParNew
Desired survivor size 102400000 bytes, new threshold 1 (max 1)
- age   1:   10046776 bytes,   10046776 total
: 1610419K->10723K(1800000K), 0.0142849 secs] 3117312K->1519118K(15801024K)After GC:
Statistics for BinaryTreeDictionary:
------------------------------------
Total Free Space: 1598894001
Max   Chunk Size: 1598894001
Number of Blocks: 1
Av.  Block  Size: 1598894001
Tree      Height: 1
, 0.0145781 secs] [Times: user=0.37 sys=0.00, real=0.01 secs] 
Heap after GC invocations=13183 (full 19):
 par new generation   total 1800000K, used 10723K [0x00000003ef600000, 0x0000000469720000, 0x0000000469720000)
  eden space 1600000K,   0% used [0x00000003ef600000, 0x00000003ef600000, 0x0000000451080000)
  from space 200000K,   5% used [0x000000045d3d0000, 0x000000045de48fa0, 0x0000000469720000)
  to   space 200000K,   0% used [0x0000000451080000, 0x0000000451080000, 0x000000045d3d0000)
 concurrent mark-sweep generation total 14001024K, used 1508395K [0x0000000469720000, 0x00000007c0000000, 0x00000007c0000000)
 Metaspace       used 44953K, capacity 46238K, committed 46652K, reserved 1091584K
  class space    used 4917K, capacity 5190K, committed 5268K, reserved 1048576K
}
2017-04-16T12:52:08.454-0700: 143252.713: Total time for which application threads were stopped: 0.0156697 seconds, Stopping threads took: 0.0001514 seconds
2017-04-16T12:52:09.631-0700: 143253.890: Total time for which application threads were stopped: 0.0021277 seconds, Stopping threads took: 0.0001505 seconds
2017-04-16T12:52:11.515-0700: 143255.774: Total time for which application threads were stopped: 0.0009462 seconds, Stopping threads took: 0.0001702 seconds
{Heap before GC invocations=13183 (full 19):
 par new generation   total 1800000K, used 1610723K [0x00000003ef600000, 0x0000000469720000, 0x0000000469720000)
  eden space 1600000K, 100% used [0x00000003ef600000, 0x0000000451080000, 0x0000000451080000)
  from space 200000K,   5% used [0x000000045d3d0000, 0x000000045de48fa0, 0x0000000469720000)
  to   space 200000K,   0% used [0x0000000451080000, 0x0000000451080000, 0x000000045d3d0000)
 concurrent mark-sweep generation total 14001024K, used 1508395K [0x0000000469720000, 0x00000007c0000000, 0x00000007c0000000)
 Metaspace       used 44953K, capacity 46238K, committed 46652K, reserved 1091584K
  class space    used 4917K, capacity 5190K, committed 5268K, reserved 1048576K
2017-04-16T12:52:18.866-0700: 143263.125: [GC (Allocation Failure) Before GC:
Statistics for BinaryTreeDictionary:
------------------------------------
Total Free Space: 1598894001
Max   Chunk Size: 1598894001
Number of Blocks: 1
Av.  Block  Size: 1598894001
Tree      Height: 1
2017-04-16T12:52:18.866-0700: 143263.125: [ParNew
Desired survivor size 102400000 bytes, new threshold 1 (max 1)
- age   1:    6364104 bytes,    6364104 total
: 1610723K->7066K(1800000K), 0.0139798 secs] 3119118K->1517570K(15801024K)After GC:
Statistics for BinaryTreeDictionary:
------------------------------------
Total Free Space: 1598663653
Max   Chunk Size: 1598663653
Number of Blocks: 1
Av.  Block  Size: 1598663653
Tree      Height: 1
, 0.0142717 secs] [Times: user=0.36 sys=0.00, real=0.02 secs] 
Heap after GC invocations=13184 (full 19):
 par new generation   total 1800000K, used 7066K [0x00000003ef600000, 0x0000000469720000, 0x0000000469720000)
  eden space 1600000K,   0% used [0x00000003ef600000, 0x00000003ef600000, 0x0000000451080000)
  from space 200000K,   3% used [0x0000000451080000, 0x0000000451766988, 0x000000045d3d0000)
  to   space 200000K,   0% used [0x000000045d3d0000, 0x000000045d3d0000, 0x0000000469720000)
 concurrent mark-sweep generation total 14001024K, used 1510504K [0x0000000469720000, 0x00000007c0000000, 0x00000007c0000000)
 Metaspace       used 44953K, capacity 46238K, committed 46652K, reserved 1091584K
  class space    used 4917K, capacity 5190K, committed 5268K, reserved 1048576K
}
2017-04-16T12:52:18.880-0700: 143263.140: Total time for which application threads were stopped: 0.0153543 seconds, Stopping threads took: 0.0001543 seconds
{Heap before GC invocations=13184 (full 19):
 par new generation   total 1800000K, used 1607066K [0x00000003ef600000, 0x0000000469720000, 0x0000000469720000)
  eden space 1600000K, 100% used [0x00000003ef600000, 0x0000000451080000, 0x0000000451080000)
  from space 200000K,   3% used [0x0000000451080000, 0x0000000451766988, 0x000000045d3d0000)
  to   space 200000K,   0% used [0x000000045d3d0000, 0x000000045d3d0000, 0x0000000469720000)
 concurrent mark-sweep generation total 14001024K, used 1510504K [0x0000000469720000, 0x00000007c0000000, 0x00000007c0000000)
 Metaspace       used 44953K, capacity 46238K, committed 46652K, reserved 1091584K
  class space    used 4917K, capacity 5190K, committed 5268K, reserved 1048576K
2017-04-16T12:52:32.727-0700: 143276.986: [GC (Allocation Failure) Before GC:
Statistics for BinaryTreeDictionary:
------------------------------------
Total Free Space: 1598663653
Max   Chunk Size: 1598663653
Number of Blocks: 1
Av.  Block  Size: 1598663653
Tree      Height: 1
2017-04-16T12:52:32.727-0700: 143276.986: [ParNew
Desired survivor size 102400000 bytes, new threshold 1 (max 1)
- age   1:    6264000 bytes,    6264000 total
: 1607066K->6534K(1800000K), 0.0142944 secs] 3117570K->1518490K(15801024K)After GC:
Statistics for BinaryTreeDictionary:
------------------------------------
Total Free Space: 1598476585
Max   Chunk Size: 1598476585
Number of Blocks: 1
Av.  Block  Size: 1598476585
Tree      Height: 1
, 0.0145802 secs] [Times: user=0.37 sys=0.00, real=0.02 secs] 
Heap after GC invocations=13185 (full 19):
 par new generation   total 1800000K, used 6534K [0x00000003ef600000, 0x0000000469720000, 0x0000000469720000)
  eden space 1600000K,   0% used [0x00000003ef600000, 0x00000003ef600000, 0x0000000451080000)
  from space 200000K,   3% used [0x000000045d3d0000, 0x000000045da31bb0, 0x0000000469720000)
  to   space 200000K,   0% used [0x0000000451080000, 0x0000000451080000, 0x000000045d3d0000)
 concurrent mark-sweep generation total 14001024K, used 1511955K [0x0000000469720000, 0x00000007c0000000, 0x00000007c0000000)
 Metaspace       used 44953K, capacity 46238K, committed 46652K, reserved 1091584K
  class space    used 4917K, capacity 5190K, committed 5268K, reserved 1048576K
}
2017-04-16T12:52:32.742-0700: 143277.001: Total time for which application threads were stopped: 0.0156704 seconds, Stopping threads took: 0.0001532 seconds
{Heap before GC invocations=13185 (full 19):
 par new generation   total 1800000K, used 1606534K [0x00000003ef600000, 0x0000000469720000, 0x0000000469720000)
  eden space 1600000K, 100% used [0x00000003ef600000, 0x0000000451080000, 0x0000000451080000)
  from space 200000K,   3% used [0x000000045d3d0000, 0x000000045da31bb0, 0x0000000469720000)
  to   space 200000K,   0% used [0x0000000451080000, 0x0000000451080000, 0x000000045d3d0000)
 concurrent mark-sweep generation total 14001024K, used 1511955K [0x0000000469720000, 0x00000007c0000000, 0x00000007c0000000)
 Metaspace       used 44953K, capacity 46238K, committed 46652K, reserved 1091584K
  class space    used 4917K, capacity 5190K, committed 5268K, reserved 1048576K
2017-04-16T12:52:45.038-0700: 143289.297: [GC (Allocation Failure) Before GC:
Statistics for BinaryTreeDictionary:
------------------------------------
Total Free Space: 1598476585
Max   Chunk Size: 1598476585
Number of Blocks: 1
Av.  Block  Size: 1598476585
Tree      Height: 1
2017-04-16T12:52:45.038-0700: 143289.297: [ParNew
Desired survivor size 102400000 bytes, new threshold 1 (max 1)
- age   1:    7259640 bytes,    7259640 total
: 1606534K->7639K(1800000K), 0.0138772 secs] 3118490K->1521244K(15801024K)After GC:
Statistics for BinaryTreeDictionary:
------------------------------------
Total Free Space: 1598292693
Max   Chunk Size: 1598292693
Number of Blocks: 1
Av.  Block  Size: 1598292693
Tree      Height: 1
, 0.0141622 secs] [Times: user=0.35 sys=0.00, real=0.02 secs] 
Heap after GC invocations=13186 (full 19):
 par new generation   total 1800000K, used 7639K [0x00000003ef600000, 0x0000000469720000, 0x0000000469720000)
  eden space 1600000K,   0% used [0x00000003ef600000, 0x00000003ef600000, 0x0000000451080000)
  from space 200000K,   3% used [0x0000000451080000, 0x00000004517f5e88, 0x000000045d3d0000)
  to   space 200000K,   0% used [0x000000045d3d0000, 0x000000045d3d0000, 0x0000000469720000)
 concurrent mark-sweep generation total 14001024K, used 1513604K [0x0000000469720000, 0x00000007c0000000, 0x00000007c0000000)
 Metaspace       used 44953K, capacity 46238K, committed 46652K, reserved 1091584K
  class space    used 4917K, capacity 5190K, committed 5268K, reserved 1048576K
}
2017-04-16T12:52:45.052-0700: 143289.311: Total time for which application threads were stopped: 0.0152357 seconds, Stopping threads took: 0.0001444 seconds
2017-04-16T12:52:52.805-0700: 143297.064: Total time for which application threads were stopped: 0.0009072 seconds, Stopping threads took: 0.0001735 seconds
{Heap before GC invocations=13186 (full 19):
 par new generation   total 1800000K, used 1607639K [0x00000003ef600000, 0x0000000469720000, 0x0000000469720000)
  eden space 1600000K, 100% used [0x00000003ef600000, 0x0000000451080000, 0x0000000451080000)
  from space 200000K,   3% used [0x0000000451080000, 0x00000004517f5e88, 0x000000045d3d0000)
  to   space 200000K,   0% used [0x000000045d3d0000, 0x000000045d3d0000, 0x0000000469720000)
 concurrent mark-sweep generation total 14001024K, used 1513604K [0x0000000469720000, 0x00000007c0000000, 0x00000007c0000000)
 Metaspace       used 44953K, capacity 46238K, committed 46652K, reserved 1091584K
  class space    used 4917K, capacity 5190K, committed 5268K, reserved 1048576K
2017-04-16T12:52:58.174-0700: 143302.434: [GC (Allocation Failure) Before GC:
Statistics for BinaryTreeDictionary:
------------------------------------
Total Free Space: 1598292693
Max   Chunk Size: 1598292693
Number of Blocks: 1
Av.  Block  Size: 1598292693
Tree      Height: 1
2017-04-16T12:52:58.174-0700: 143302.434: [ParNew
Desired survivor size 102400000 bytes, new threshold 1 (max 1)
- age   1:    6274960 bytes,    6274960 total
: 1607639K->6751K(1800000K), 0.0135512 secs] 3121244K->1521742K(15801024K)After GC:
Statistics for BinaryTreeDictionary:
------------------------------------
Total Free Space: 1598114248
Max   Chunk Size: 1598114248
Number of Blocks: 1
Av.  Block  Size: 1598114248
Tree      Height: 1
, 0.0138327 secs] [Times: user=0.34 sys=0.00, real=0.01 secs] 
Heap after GC invocations=13187 (full 19):
 par new generation   total 1800000K, used 6751K [0x00000003ef600000, 0x0000000469720000, 0x0000000469720000)
  eden space 1600000K,   0% used [0x00000003ef600000, 0x00000003ef600000, 0x0000000451080000)
  from space 200000K,   3% used [0x000000045d3d0000, 0x000000045da67e30, 0x0000000469720000)
  to   space 200000K,   0% used [0x0000000451080000, 0x0000000451080000, 0x000000045d3d0000)
 concurrent mark-sweep generation total 14001024K, used 1514990K [0x0000000469720000, 0x00000007c0000000, 0x00000007c0000000)
 Metaspace       used 44953K, capacity 46238K, committed 46652K, reserved 1091584K
  class space    used 4917K, capacity 5190K, committed 5268K, reserved 1048576K
}
2017-04-16T12:52:58.188-0700: 143302.448: Total time for which application threads were stopped: 0.0149166 seconds, Stopping threads took: 0.0001537 seconds
2017-04-16T12:53:09.858-0700: 143314.118: Total time for which application threads were stopped: 0.0021760 seconds, Stopping threads took: 0.0001516 seconds
{Heap before GC invocations=13187 (full 19):
 par new generation   total 1800000K, used 1606751K [0x00000003ef600000, 0x0000000469720000, 0x0000000469720000)
  eden space 1600000K, 100% used [0x00000003ef600000, 0x0000000451080000, 0x0000000451080000)
  from space 200000K,   3% used [0x000000045d3d0000, 0x000000045da67e30, 0x0000000469720000)
  to   space 200000K,   0% used [0x0000000451080000, 0x0000000451080000, 0x000000045d3d0000)
 concurrent mark-sweep generation total 14001024K, used 1514990K [0x0000000469720000, 0x00000007c0000000, 0x00000007c0000000)
 Metaspace       used 44953K, capacity 46238K, committed 46652K, reserved 1091584K
  class space    used 4917K, capacity 5190K, committed 5268K, reserved 1048576K
2017-04-16T12:53:11.651-0700: 143315.910: [GC (Allocation Failure) Before GC:
Statistics for BinaryTreeDictionary:
------------------------------------
Total Free Space: 1598114248
Max   Chunk Size: 1598114248
Number of Blocks: 1
Av.  Block  Size: 1598114248
Tree      Height: 1
2017-04-16T12:53:11.651-0700: 143315.910: [ParNew
Desired survivor size 102400000 bytes, new threshold 1 (max 1)
- age   1:    6731264 bytes,    6731264 total
: 1606751K->7133K(1800000K), 0.0143395 secs] 3121742K->1523516K(15801024K)After GC:
Statistics for BinaryTreeDictionary:
------------------------------------
Total Free Space: 1597941456
Max   Chunk Size: 1597941456
Number of Blocks: 1
Av.  Block  Size: 1597941456
Tree      Height: 1
, 0.0146271 secs] [Times: user=0.36 sys=0.00, real=0.01 secs] 
Heap after GC invocations=13188 (full 19):
 par new generation   total 1800000K, used 7133K [0x00000003ef600000, 0x0000000469720000, 0x0000000469720000)
  eden space 1600000K,   0% used [0x00000003ef600000, 0x00000003ef600000, 0x0000000451080000)
  from space 200000K,   3% used [0x0000000451080000, 0x0000000451777480, 0x000000045d3d0000)
  to   space 200000K,   0% used [0x000000045d3d0000, 0x000000045d3d0000, 0x0000000469720000)
 concurrent mark-sweep generation total 14001024K, used 1516383K [0x0000000469720000, 0x00000007c0000000, 0x00000007c0000000)
 Metaspace       used 44953K, capacity 46238K, committed 46652K, reserved 1091584K
  class space    used 4917K, capacity 5190K, committed 5268K, reserved 1048576K
}
2017-04-16T12:53:11.665-0700: 143315.925: Total time for which application threads were stopped: 0.0157311 seconds, Stopping threads took: 0.0001543 seconds
{Heap before GC invocations=13188 (full 19):
 par new generation   total 1800000K, used 1607133K [0x00000003ef600000, 0x0000000469720000, 0x0000000469720000)
  eden space 1600000K, 100% used [0x00000003ef600000, 0x0000000451080000, 0x0000000451080000)
  from space 200000K,   3% used [0x0000000451080000, 0x0000000451777480, 0x000000045d3d0000)
  to   space 200000K,   0% used [0x000000045d3d0000, 0x000000045d3d0000, 0x0000000469720000)
 concurrent mark-sweep generation total 14001024K, used 1516383K [0x0000000469720000, 0x00000007c0000000, 0x00000007c0000000)
 Metaspace       used 44953K, capacity 46238K, committed 46652K, reserved 1091584K
  class space    used 4917K, capacity 5190K, committed 5268K, reserved 1048576K
2017-04-16T12:53:25.028-0700: 143329.287: [GC (Allocation Failure) Before GC:
Statistics for BinaryTreeDictionary:
------------------------------------
Total Free Space: 1597941456
Max   Chunk Size: 1597941456
Number of Blocks: 1
Av.  Block  Size: 1597941456
Tree      Height: 1
2017-04-16T12:53:25.028-0700: 143329.287: [ParNew
Desired survivor size 102400000 bytes, new threshold 1 (max 1)
- age   1:    6388272 bytes,    6388272 total
: 1607133K->6844K(1800000K), 0.0146261 secs] 3123516K->1524891K(15801024K)After GC:
Statistics for BinaryTreeDictionary:
------------------------------------
Total Free Space: 1597728987
Max   Chunk Size: 1597728987
Number of Blocks: 1
Av.  Block  Size: 1597728987
Tree      Height: 1
, 0.0149222 secs] [Times: user=0.37 sys=0.00, real=0.01 secs] 
Heap after GC invocations=13189 (full 19):
 par new generation   total 1800000K, used 6844K [0x00000003ef600000, 0x0000000469720000, 0x0000000469720000)
  eden space 1600000K,   0% used [0x00000003ef600000, 0x00000003ef600000, 0x0000000451080000)
  from space 200000K,   3% used [0x000000045d3d0000, 0x000000045da7f368, 0x0000000469720000)
  to   space 200000K,   0% used [0x0000000451080000, 0x0000000451080000, 0x000000045d3d0000)
 concurrent mark-sweep generation total 14001024K, used 1518046K [0x0000000469720000, 0x00000007c0000000, 0x00000007c0000000)
 Metaspace       used 44953K, capacity 46238K, committed 46652K, reserved 1091584K
  class space    used 4917K, capacity 5190K, committed 5268K, reserved 1048576K
}
2017-04-16T12:53:25.043-0700: 143329.302: Total time for which application threads were stopped: 0.0160160 seconds, Stopping threads took: 0.0001608 seconds
{Heap before GC invocations=13189 (full 19):
 par new generation   total 1800000K, used 1606844K [0x00000003ef600000, 0x0000000469720000, 0x0000000469720000)
  eden space 1600000K, 100% used [0x00000003ef600000, 0x0000000451080000, 0x0000000451080000)
  from space 200000K,   3% used [0x000000045d3d0000, 0x000000045da7f368, 0x0000000469720000)
  to   space 200000K,   0% used [0x0000000451080000, 0x0000000451080000, 0x000000045d3d0000)
 concurrent mark-sweep generation total 14001024K, used 1518046K [0x0000000469720000, 0x00000007c0000000, 0x00000007c0000000)
 Metaspace       used 44953K, capacity 46238K, committed 46652K, reserved 1091584K
  class space    used 4917K, capacity 5190K, committed 5268K, reserved 1048576K
2017-04-16T12:53:37.917-0700: 143342.177: [GC (Allocation Failure) Before GC:
Statistics for BinaryTreeDictionary:
------------------------------------
Total Free Space: 1597728987
Max   Chunk Size: 1597728987
Number of Blocks: 1
Av.  Block  Size: 1597728987
Tree      Height: 1
2017-04-16T12:53:37.917-0700: 143342.177: [ParNew
Desired survivor size 102400000 bytes, new threshold 1 (max 1)
- age   1:    6312536 bytes,    6312536 total
: 1606844K->6784K(1800000K), 0.0139722 secs] 3124891K->1526147K(15801024K)After GC:
Statistics for BinaryTreeDictionary:
------------------------------------
Total Free Space: 1597557849
Max   Chunk Size: 1597557849
Number of Blocks: 1
Av.  Block  Size: 1597557849
Tree      Height: 1
, 0.0142528 secs] [Times: user=0.35 sys=0.00, real=0.02 secs] 
Heap after GC invocations=13190 (full 19):
 par new generation   total 1800000K, used 6784K [0x00000003ef600000, 0x0000000469720000, 0x0000000469720000)
  eden space 1600000K,   0% used [0x00000003ef600000, 0x00000003ef600000, 0x0000000451080000)
  from space 200000K,   3% used [0x0000000451080000, 0x0000000451720358, 0x000000045d3d0000)
  to   space 200000K,   0% used [0x000000045d3d0000, 0x000000045d3d0000, 0x0000000469720000)
 concurrent mark-sweep generation total 14001024K, used 1519362K [0x0000000469720000, 0x00000007c0000000, 0x00000007c0000000)
 Metaspace       used 44953K, capacity 46238K, committed 46652K, reserved 1091584K
  class space    used 4917K, capacity 5190K, committed 5268K, reserved 1048576K
}
2017-04-16T12:53:37.932-0700: 143342.191: Total time for which application threads were stopped: 0.0153316 seconds, Stopping threads took: 0.0001443 seconds
2017-04-16T12:53:39.840-0700: 143344.099: Total time for which application threads were stopped: 0.0021644 seconds, Stopping threads took: 0.0001708 seconds
{Heap before GC invocations=13190 (full 19):
 par new generation   total 1800000K, used 1606784K [0x00000003ef600000, 0x0000000469720000, 0x0000000469720000)
  eden space 1600000K, 100% used [0x00000003ef600000, 0x0000000451080000, 0x0000000451080000)
  from space 200000K,   3% used [0x0000000451080000, 0x0000000451720358, 0x000000045d3d0000)
  to   space 200000K,   0% used [0x000000045d3d0000, 0x000000045d3d0000, 0x0000000469720000)
 concurrent mark-sweep generation total 14001024K, used 1519362K [0x0000000469720000, 0x00000007c0000000, 0x00000007c0000000)
 Metaspace       used 44953K, capacity 46238K, committed 46652K, reserved 1091584K
  class space    used 4917K, capacity 5190K, committed 5268K, reserved 1048576K
2017-04-16T12:53:48.470-0700: 143352.730: [GC (Allocation Failure) Before GC:
Statistics for BinaryTreeDictionary:
------------------------------------
Total Free Space: 1597557849
Max   Chunk Size: 1597557849
Number of Blocks: 1
Av.  Block  Size: 1597557849
Tree      Height: 1
2017-04-16T12:53:48.471-0700: 143352.730: [ParNew
Desired survivor size 102400000 bytes, new threshold 1 (max 1)
- age   1:    8564680 bytes,    8564680 total
: 1606784K->9037K(1800000K), 0.0136545 secs] 3126147K->1529796K(15801024K)After GC:
Statistics for BinaryTreeDictionary:
------------------------------------
Total Free Space: 1597379468
Max   Chunk Size: 1597379468
Number of Blocks: 1
Av.  Block  Size: 1597379468
Tree      Height: 1
, 0.0139673 secs] [Times: user=0.34 sys=0.00, real=0.01 secs] 
Heap after GC invocations=13191 (full 19):
 par new generation   total 1800000K, used 9037K [0x00000003ef600000, 0x0000000469720000, 0x0000000469720000)
  eden space 1600000K,   0% used [0x00000003ef600000, 0x00000003ef600000, 0x0000000451080000)
  from space 200000K,   4% used [0x000000045d3d0000, 0x000000045dca3638, 0x0000000469720000)
  to   space 200000K,   0% used [0x0000000451080000, 0x0000000451080000, 0x000000045d3d0000)
 concurrent mark-sweep generation total 14001024K, used 1520759K [0x0000000469720000, 0x00000007c0000000, 0x00000007c0000000)
 Metaspace       used 44953K, capacity 46238K, committed 46652K, reserved 1091584K
  class space    used 4917K, capacity 5190K, committed 5268K, reserved 1048576K
}
2017-04-16T12:53:48.485-0700: 143352.744: Total time for which application threads were stopped: 0.0150540 seconds, Stopping threads took: 0.0001542 seconds
{Heap before GC invocations=13191 (full 19):
 par new generation   total 1800000K, used 1609037K [0x00000003ef600000, 0x0000000469720000, 0x0000000469720000)
  eden space 1600000K, 100% used [0x00000003ef600000, 0x0000000451080000, 0x0000000451080000)
  from space 200000K,   4% used [0x000000045d3d0000, 0x000000045dca3638, 0x0000000469720000)
  to   space 200000K,   0% used [0x0000000451080000, 0x0000000451080000, 0x000000045d3d0000)
 concurrent mark-sweep generation total 14001024K, used 1520759K [0x0000000469720000, 0x00000007c0000000, 0x00000007c0000000)
 Metaspace       used 44953K, capacity 46238K, committed 46652K, reserved 1091584K
  class space    used 4917K, capacity 5190K, committed 5268K, reserved 1048576K
2017-04-16T12:54:01.564-0700: 143365.823: [GC (Allocation Failure) Before GC:
Statistics for BinaryTreeDictionary:
------------------------------------
Total Free Space: 1597379468
Max   Chunk Size: 1597379468
Number of Blocks: 1
Av.  Block  Size: 1597379468
Tree      Height: 1
2017-04-16T12:54:01.564-0700: 143365.823: [ParNew
Desired survivor size 102400000 bytes, new threshold 1 (max 1)
- age   1:    6367816 bytes,    6367816 total
: 1609037K->6792K(1800000K), 0.0138829 secs] 3129796K->1530160K(15801024K)After GC:
Statistics for BinaryTreeDictionary:
------------------------------------
Total Free Space: 1597035268
Max   Chunk Size: 1597035268
Number of Blocks: 1
Av.  Block  Size: 1597035268
Tree      Height: 1
, 0.0141669 secs] [Times: user=0.35 sys=0.00, real=0.01 secs] 
Heap after GC invocations=13192 (full 19):
 par new generation   total 1800000K, used 6792K [0x00000003ef600000, 0x0000000469720000, 0x0000000469720000)
  eden space 1600000K,   0% used [0x00000003ef600000, 0x00000003ef600000, 0x0000000451080000)
  from space 200000K,   3% used [0x0000000451080000, 0x00000004517223b8, 0x000000045d3d0000)
  to   space 200000K,   0% used [0x000000045d3d0000, 0x000000045d3d0000, 0x0000000469720000)
 concurrent mark-sweep generation total 14001024K, used 1523367K [0x0000000469720000, 0x00000007c0000000, 0x00000007c0000000)
 Metaspace       used 44953K, capacity 46238K, committed 46652K, reserved 1091584K
  class space    used 4917K, capacity 5190K, committed 5268K, reserved 1048576K
}
2017-04-16T12:54:01.578-0700: 143365.837: Total time for which application threads were stopped: 0.0152733 seconds, Stopping threads took: 0.0001549 seconds
{Heap before GC invocations=13192 (full 19):
 par new generation   total 1800000K, used 1606792K [0x00000003ef600000, 0x0000000469720000, 0x0000000469720000)
  eden space 1600000K, 100% used [0x00000003ef600000, 0x0000000451080000, 0x0000000451080000)
  from space 200000K,   3% used [0x0000000451080000, 0x00000004517223b8, 0x000000045d3d0000)
  to   space 200000K,   0% used [0x000000045d3d0000, 0x000000045d3d0000, 0x0000000469720000)
 concurrent mark-sweep generation total 14001024K, used 1523367K [0x0000000469720000, 0x00000007c0000000, 0x00000007c0000000)
 Metaspace       used 44953K, capacity 46238K, committed 46652K, reserved 1091584K
  class space    used 4917K, capacity 5190K, committed 5268K, reserved 1048576K
2017-04-16T12:54:14.988-0700: 143379.248: [GC (Allocation Failure) Before GC:
Statistics for BinaryTreeDictionary:
------------------------------------
Total Free Space: 1597035268
Max   Chunk Size: 1597035268
Number of Blocks: 1
Av.  Block  Size: 1597035268
Tree      Height: 1
2017-04-16T12:54:14.989-0700: 143379.248: [ParNew
Desired survivor size 102400000 bytes, new threshold 1 (max 1)
- age   1:    5875176 bytes,    5875176 total
: 1606792K->6295K(1800000K), 0.0138552 secs] 3130160K->1531532K(15801024K)After GC:
Statistics for BinaryTreeDictionary:
------------------------------------
Total Free Space: 1596812034
Max   Chunk Size: 1596812034
Number of Blocks: 1
Av.  Block  Size: 1596812034
Tree      Height: 1
, 0.0141403 secs] [Times: user=0.35 sys=0.00, real=0.01 secs] 
Heap after GC invocations=13193 (full 19):
 par new generation   total 1800000K, used 6295K [0x00000003ef600000, 0x0000000469720000, 0x0000000469720000)
  eden space 1600000K,   0% used [0x00000003ef600000, 0x00000003ef600000, 0x0000000451080000)
  from space 200000K,   3% used [0x000000045d3d0000, 0x000000045d9f5d60, 0x0000000469720000)
  to   space 200000K,   0% used [0x0000000451080000, 0x0000000451080000, 0x000000045d3d0000)
 concurrent mark-sweep generation total 14001024K, used 1525237K [0x0000000469720000, 0x00000007c0000000, 0x00000007c0000000)
 Metaspace       used 44953K, capacity 46238K, committed 46652K, reserved 1091584K
  class space    used 4917K, capacity 5190K, committed 5268K, reserved 1048576K
}
2017-04-16T12:54:15.003-0700: 143379.262: Total time for which application threads were stopped: 0.0152244 seconds, Stopping threads took: 0.0001523 seconds
{Heap before GC invocations=13193 (full 19):
 par new generation   total 1800000K, used 1606295K [0x00000003ef600000, 0x0000000469720000, 0x0000000469720000)
  eden space 1600000K, 100% used [0x00000003ef600000, 0x0000000451080000, 0x0000000451080000)
  from space 200000K,   3% used [0x000000045d3d0000, 0x000000045d9f5d60, 0x0000000469720000)
  to   space 200000K,   0% used [0x0000000451080000, 0x0000000451080000, 0x000000045d3d0000)
 concurrent mark-sweep generation total 14001024K, used 1525237K [0x0000000469720000, 0x00000007c0000000, 0x00000007c0000000)
 Metaspace       used 44953K, capacity 46238K, committed 46652K, reserved 1091584K
  class space    used 4917K, capacity 5190K, committed 5268K, reserved 1048576K
2017-04-16T12:54:28.148-0700: 143392.407: [GC (Allocation Failure) Before GC:
Statistics for BinaryTreeDictionary:
------------------------------------
Total Free Space: 1596812034
Max   Chunk Size: 1596812034
Number of Blocks: 1
Av.  Block  Size: 1596812034
Tree      Height: 1
2017-04-16T12:54:28.148-0700: 143392.408: [ParNew
Desired survivor size 102400000 bytes, new threshold 1 (max 1)
- age   1:    6154024 bytes,    6154024 total
: 1606295K->6633K(1800000K), 0.0138564 secs] 3131532K->1533010K(15801024K)After GC:
Statistics for BinaryTreeDictionary:
------------------------------------
Total Free Space: 1596661170
Max   Chunk Size: 1596661170
Number of Blocks: 1
Av.  Block  Size: 1596661170
Tree      Height: 1
, 0.0141396 secs] [Times: user=0.35 sys=0.00, real=0.01 secs] 
Heap after GC invocations=13194 (full 19):
 par new generation   total 1800000K, used 6633K [0x00000003ef600000, 0x0000000469720000, 0x0000000469720000)
  eden space 1600000K,   0% used [0x00000003ef600000, 0x00000003ef600000, 0x0000000451080000)
  from space 200000K,   3% used [0x0000000451080000, 0x00000004516fa648, 0x000000045d3d0000)
  to   space 200000K,   0% used [0x000000045d3d0000, 0x000000045d3d0000, 0x0000000469720000)
 concurrent mark-sweep generation total 14001024K, used 1526376K [0x0000000469720000, 0x00000007c0000000, 0x00000007c0000000)
 Metaspace       used 44953K, capacity 46238K, committed 46652K, reserved 1091584K
  class space    used 4917K, capacity 5190K, committed 5268K, reserved 1048576K
}
2017-04-16T12:54:28.162-0700: 143392.422: Total time for which application threads were stopped: 0.0152052 seconds, Stopping threads took: 0.0001543 seconds
{Heap before GC invocations=13194 (full 19):
 par new generation   total 1800000K, used 1606633K [0x00000003ef600000, 0x0000000469720000, 0x0000000469720000)
  eden space 1600000K, 100% used [0x00000003ef600000, 0x0000000451080000, 0x0000000451080000)
  from space 200000K,   3% used [0x0000000451080000, 0x00000004516fa648, 0x000000045d3d0000)
  to   space 200000K,   0% used [0x000000045d3d0000, 0x000000045d3d0000, 0x0000000469720000)
 concurrent mark-sweep generation total 14001024K, used 1526376K [0x0000000469720000, 0x00000007c0000000, 0x00000007c0000000)
 Metaspace       used 44953K, capacity 46238K, committed 46652K, reserved 1091584K
  class space    used 4917K, capacity 5190K, committed 5268K, reserved 1048576K
2017-04-16T12:54:40.553-0700: 143404.812: [GC (Allocation Failure) Before GC:
Statistics for BinaryTreeDictionary:
------------------------------------
Total Free Space: 1596661170
Max   Chunk Size: 1596661170
Number of Blocks: 1
Av.  Block  Size: 1596661170
Tree      Height: 1
2017-04-16T12:54:40.553-0700: 143404.813: [ParNew
Desired survivor size 102400000 bytes, new threshold 1 (max 1)
- age   1:    7237296 bytes,    7237296 total
: 1606633K->7515K(1800000K), 0.0137620 secs] 3133010K->1535168K(15801024K)After GC:
Statistics for BinaryTreeDictionary:
------------------------------------
Total Free Space: 1596493353
Max   Chunk Size: 1596493353
Number of Blocks: 1
Av.  Block  Size: 1596493353
Tree      Height: 1
, 0.0140558 secs] [Times: user=0.34 sys=0.00, real=0.01 secs] 
Heap after GC invocations=13195 (full 19):
 par new generation   total 1800000K, used 7515K [0x00000003ef600000, 0x0000000469720000, 0x0000000469720000)
  eden space 1600000K,   0% used [0x00000003ef600000, 0x00000003ef600000, 0x0000000451080000)
  from space 200000K,   3% used [0x000000045d3d0000, 0x000000045db26d38, 0x0000000469720000)
  to   space 200000K,   0% used [0x0000000451080000, 0x0000000451080000, 0x000000045d3d0000)
 concurrent mark-sweep generation total 14001024K, used 1527653K [0x0000000469720000, 0x00000007c0000000, 0x00000007c0000000)
 Metaspace       used 44953K, capacity 46238K, committed 46652K, reserved 1091584K
  class space    used 4917K, capacity 5190K, committed 5268K, reserved 1048576K
}
2017-04-16T12:54:40.567-0700: 143404.827: Total time for which application threads were stopped: 0.0151358 seconds, Stopping threads took: 0.0001568 seconds
{Heap before GC invocations=13195 (full 19):
 par new generation   total 1800000K, used 1607515K [0x00000003ef600000, 0x0000000469720000, 0x0000000469720000)
  eden space 1600000K, 100% used [0x00000003ef600000, 0x0000000451080000, 0x0000000451080000)
  from space 200000K,   3% used [0x000000045d3d0000, 0x000000045db26d38, 0x0000000469720000)
  to   space 200000K,   0% used [0x0000000451080000, 0x0000000451080000, 0x000000045d3d0000)
 concurrent mark-sweep generation total 14001024K, used 1527653K [0x0000000469720000, 0x00000007c0000000, 0x00000007c0000000)
 Metaspace       used 44953K, capacity 46238K, committed 46652K, reserved 1091584K
  class space    used 4917K, capacity 5190K, committed 5268K, reserved 1048576K
2017-04-16T12:54:53.488-0700: 143417.748: [GC (Allocation Failure) Before GC:
Statistics for BinaryTreeDictionary:
------------------------------------
Total Free Space: 1596493353
Max   Chunk Size: 1596493353
Number of Blocks: 1
Av.  Block  Size: 1596493353
Tree      Height: 1
2017-04-16T12:54:53.489-0700: 143417.748: [ParNew
Desired survivor size 102400000 bytes, new threshold 1 (max 1)
- age   1:    7275568 bytes,    7275568 total
: 1607515K->7688K(1800000K), 0.0139352 secs] 3135168K->1536592K(15801024K)After GC:
Statistics for BinaryTreeDictionary:
------------------------------------
Total Free Space: 1596337381
Max   Chunk Size: 1596337381
Number of Blocks: 1
Av.  Block  Size: 1596337381
Tree      Height: 1
, 0.0142240 secs] [Times: user=0.35 sys=0.00, real=0.02 secs] 
Heap after GC invocations=13196 (full 19):
 par new generation   total 1800000K, used 7688K [0x00000003ef600000, 0x0000000469720000, 0x0000000469720000)
  eden space 1600000K,   0% used [0x00000003ef600000, 0x00000003ef600000, 0x0000000451080000)
  from space 200000K,   3% used [0x0000000451080000, 0x0000000451802270, 0x000000045d3d0000)
  to   space 200000K,   0% used [0x000000045d3d0000, 0x000000045d3d0000, 0x0000000469720000)
 concurrent mark-sweep generation total 14001024K, used 1528903K [0x0000000469720000, 0x00000007c0000000, 0x00000007c0000000)
 Metaspace       used 44953K, capacity 46238K, committed 46652K, reserved 1091584K
  class space    used 4917K, capacity 5190K, committed 5268K, reserved 1048576K
}
2017-04-16T12:54:53.503-0700: 143417.762: Total time for which application threads were stopped: 0.0153125 seconds, Stopping threads took: 0.0001556 seconds
2017-04-16T12:54:58.504-0700: 143422.763: Total time for which application threads were stopped: 0.0008559 seconds, Stopping threads took: 0.0001569 seconds
{Heap before GC invocations=13196 (full 19):
 par new generation   total 1800000K, used 1607688K [0x00000003ef600000, 0x0000000469720000, 0x0000000469720000)
  eden space 1600000K, 100% used [0x00000003ef600000, 0x0000000451080000, 0x0000000451080000)
  from space 200000K,   3% used [0x0000000451080000, 0x0000000451802270, 0x000000045d3d0000)
  to   space 200000K,   0% used [0x000000045d3d0000, 0x000000045d3d0000, 0x0000000469720000)
 concurrent mark-sweep generation total 14001024K, used 1528903K [0x0000000469720000, 0x00000007c0000000, 0x00000007c0000000)
 Metaspace       used 44953K, capacity 46238K, committed 46652K, reserved 1091584K
  class space    used 4917K, capacity 5190K, committed 5268K, reserved 1048576K
2017-04-16T12:55:06.651-0700: 143430.911: [GC (Allocation Failure) Before GC:
Statistics for BinaryTreeDictionary:
------------------------------------
Total Free Space: 1596337381
Max   Chunk Size: 1596337381
Number of Blocks: 1
Av.  Block  Size: 1596337381
Tree      Height: 1
2017-04-16T12:55:06.651-0700: 143430.911: [ParNew
Desired survivor size 102400000 bytes, new threshold 1 (max 1)
- age   1:    8857704 bytes,    8857704 total
: 1607688K->9150K(1800000K), 0.0137630 secs] 3136592K->1539252K(15801024K)After GC:
Statistics for BinaryTreeDictionary:
------------------------------------
Total Free Space: 1596182439
Max   Chunk Size: 1596182439
Number of Blocks: 1
Av.  Block  Size: 1596182439
Tree      Height: 1
, 0.0140476 secs] [Times: user=0.34 sys=0.00, real=0.02 secs] 
Heap after GC invocations=13197 (full 19):
 par new generation   total 1800000K, used 9150K [0x00000003ef600000, 0x0000000469720000, 0x0000000469720000)
  eden space 1600000K,   0% used [0x00000003ef600000, 0x00000003ef600000, 0x0000000451080000)
  from space 200000K,   4% used [0x000000045d3d0000, 0x000000045dcbfb40, 0x0000000469720000)
  to   space 200000K,   0% used [0x0000000451080000, 0x0000000451080000, 0x000000045d3d0000)
 concurrent mark-sweep generation total 14001024K, used 1530101K [0x0000000469720000, 0x00000007c0000000, 0x00000007c0000000)
 Metaspace       used 44953K, capacity 46238K, committed 46652K, reserved 1091584K
  class space    used 4917K, capacity 5190K, committed 5268K, reserved 1048576K
}
2017-04-16T12:55:06.666-0700: 143430.925: Total time for which application threads were stopped: 0.0151505 seconds, Stopping threads took: 0.0001568 seconds
2017-04-16T12:55:09.729-0700: 143433.989: Total time for which application threads were stopped: 0.0022001 seconds, Stopping threads took: 0.0001861 seconds
{Heap before GC invocations=13197 (full 19):
 par new generation   total 1800000K, used 1609150K [0x00000003ef600000, 0x0000000469720000, 0x0000000469720000)
  eden space 1600000K, 100% used [0x00000003ef600000, 0x0000000451080000, 0x0000000451080000)
  from space 200000K,   4% used [0x000000045d3d0000, 0x000000045dcbfb40, 0x0000000469720000)
  to   space 200000K,   0% used [0x0000000451080000, 0x0000000451080000, 0x000000045d3d0000)
 concurrent mark-sweep generation total 14001024K, used 1530101K [0x0000000469720000, 0x00000007c0000000, 0x00000007c0000000)
 Metaspace       used 44953K, capacity 46238K, committed 46652K, reserved 1091584K
  class space    used 4917K, capacity 5190K, committed 5268K, reserved 1048576K
2017-04-16T12:55:17.341-0700: 143441.600: [GC (Allocation Failure) Before GC:
Statistics for BinaryTreeDictionary:
------------------------------------
Total Free Space: 1596182439
Max   Chunk Size: 1596182439
Number of Blocks: 1
Av.  Block  Size: 1596182439
Tree      Height: 1
2017-04-16T12:55:17.341-0700: 143441.600: [ParNew
Desired survivor size 102400000 bytes, new threshold 1 (max 1)
- age   1:    6463088 bytes,    6463088 total
: 1609150K->7035K(1800000K), 0.0153752 secs] 3139252K->1541288K(15801024K)After GC:
Statistics for BinaryTreeDictionary:
------------------------------------
Total Free Space: 1595646051
Max   Chunk Size: 1595646051
Number of Blocks: 1
Av.  Block  Size: 1595646051
Tree      Height: 1
, 0.0156814 secs] [Times: user=0.39 sys=0.00, real=0.02 secs] 
Heap after GC invocations=13198 (full 19):
 par new generation   total 1800000K, used 7035K [0x00000003ef600000, 0x0000000469720000, 0x0000000469720000)
  eden space 1600000K,   0% used [0x00000003ef600000, 0x00000003ef600000, 0x0000000451080000)
  from space 200000K,   3% used [0x0000000451080000, 0x000000045175ed70, 0x000000045d3d0000)
  to   space 200000K,   0% used [0x000000045d3d0000, 0x000000045d3d0000, 0x0000000469720000)
 concurrent mark-sweep generation total 14001024K, used 1534253K [0x0000000469720000, 0x00000007c0000000, 0x00000007c0000000)
 Metaspace       used 44953K, capacity 46238K, committed 46652K, reserved 1091584K
  class space    used 4917K, capacity 5190K, committed 5268K, reserved 1048576K
}
2017-04-16T12:55:17.357-0700: 143441.616: Total time for which application threads were stopped: 0.0167700 seconds, Stopping threads took: 0.0001520 seconds
{Heap before GC invocations=13198 (full 19):
 par new generation   total 1800000K, used 1607035K [0x00000003ef600000, 0x0000000469720000, 0x0000000469720000)
  eden space 1600000K, 100% used [0x00000003ef600000, 0x0000000451080000, 0x0000000451080000)
  from space 200000K,   3% used [0x0000000451080000, 0x000000045175ed70, 0x000000045d3d0000)
  to   space 200000K,   0% used [0x000000045d3d0000, 0x000000045d3d0000, 0x0000000469720000)
 concurrent mark-sweep generation total 14001024K, used 1534253K [0x0000000469720000, 0x00000007c0000000, 0x00000007c0000000)
 Metaspace       used 44953K, capacity 46238K, committed 46652K, reserved 1091584K
  class space    used 4917K, capacity 5190K, committed 5268K, reserved 1048576K
2017-04-16T12:55:31.032-0700: 143455.292: [GC (Allocation Failure) Before GC:
Statistics for BinaryTreeDictionary:
------------------------------------
Total Free Space: 1595646051
Max   Chunk Size: 1595646051
Number of Blocks: 1
Av.  Block  Size: 1595646051
Tree      Height: 1
2017-04-16T12:55:31.032-0700: 143455.292: [ParNew
Desired survivor size 102400000 bytes, new threshold 1 (max 1)
- age   1:    6172768 bytes,    6172768 total
: 1607035K->6653K(1800000K), 0.0139057 secs] 3141288K->1542736K(15801024K)After GC:
Statistics for BinaryTreeDictionary:
------------------------------------
Total Free Space: 1595400488
Max   Chunk Size: 1595400488
Number of Blocks: 1
Av.  Block  Size: 1595400488
Tree      Height: 1
, 0.0142055 secs] [Times: user=0.34 sys=0.01, real=0.02 secs] 
Heap after GC invocations=13199 (full 19):
 par new generation   total 1800000K, used 6653K [0x00000003ef600000, 0x0000000469720000, 0x0000000469720000)
  eden space 1600000K,   0% used [0x00000003ef600000, 0x00000003ef600000, 0x0000000451080000)
  from space 200000K,   3% used [0x000000045d3d0000, 0x000000045da4f488, 0x0000000469720000)
  to   space 200000K,   0% used [0x0000000451080000, 0x0000000451080000, 0x000000045d3d0000)
 concurrent mark-sweep generation total 14001024K, used 1536082K [0x0000000469720000, 0x00000007c0000000, 0x00000007c0000000)
 Metaspace       used 44953K, capacity 46238K, committed 46652K, reserved 1091584K
  class space    used 4917K, capacity 5190K, committed 5268K, reserved 1048576K
}
2017-04-16T12:55:31.047-0700: 143455.306: Total time for which application threads were stopped: 0.0152707 seconds, Stopping threads took: 0.0001469 seconds
{Heap before GC invocations=13199 (full 19):
 par new generation   total 1800000K, used 1606653K [0x00000003ef600000, 0x0000000469720000, 0x0000000469720000)
  eden space 1600000K, 100% used [0x00000003ef600000, 0x0000000451080000, 0x0000000451080000)
  from space 200000K,   3% used [0x000000045d3d0000, 0x000000045da4f488, 0x0000000469720000)
  to   space 200000K,   0% used [0x0000000451080000, 0x0000000451080000, 0x000000045d3d0000)
 concurrent mark-sweep generation total 14001024K, used 1536082K [0x0000000469720000, 0x00000007c0000000, 0x00000007c0000000)
 Metaspace       used 44953K, capacity 46238K, committed 46652K, reserved 1091584K
  class space    used 4917K, capacity 5190K, committed 5268K, reserved 1048576K
2017-04-16T12:55:43.853-0700: 143468.112: [GC (Allocation Failure) Before GC:
Statistics for BinaryTreeDictionary:
------------------------------------
Total Free Space: 1595400488
Max   Chunk Size: 1595400488
Number of Blocks: 1
Av.  Block  Size: 1595400488
Tree      Height: 1
2017-04-16T12:55:43.853-0700: 143468.112: [ParNew
Desired survivor size 102400000 bytes, new threshold 1 (max 1)
- age   1:    7404888 bytes,    7404888 total
: 1606653K->7782K(1800000K), 0.0138303 secs] 3142736K->1545288K(15801024K)After GC:
Statistics for BinaryTreeDictionary:
------------------------------------
Total Free Space: 1595228096
Max   Chunk Size: 1595228096
Number of Blocks: 1
Av.  Block  Size: 1595228096
Tree      Height: 1
, 0.0141195 secs] [Times: user=0.34 sys=0.00, real=0.01 secs] 
Heap after GC invocations=13200 (full 19):
 par new generation   total 1800000K, used 7782K [0x00000003ef600000, 0x0000000469720000, 0x0000000469720000)
  eden space 1600000K,   0% used [0x00000003ef600000, 0x00000003ef600000, 0x0000000451080000)
  from space 200000K,   3% used [0x0000000451080000, 0x0000000451819938, 0x000000045d3d0000)
  to   space 200000K,   0% used [0x000000045d3d0000, 0x000000045d3d0000, 0x0000000469720000)
 concurrent mark-sweep generation total 14001024K, used 1537506K [0x0000000469720000, 0x00000007c0000000, 0x00000007c0000000)
 Metaspace       used 44953K, capacity 46238K, committed 46652K, reserved 1091584K
  class space    used 4917K, capacity 5190K, committed 5268K, reserved 1048576K
}
2017-04-16T12:55:43.867-0700: 143468.127: Total time for which application threads were stopped: 0.0151917 seconds, Stopping threads took: 0.0001496 seconds
{Heap before GC invocations=13200 (full 19):
 par new generation   total 1800000K, used 1607782K [0x00000003ef600000, 0x0000000469720000, 0x0000000469720000)
  eden space 1600000K, 100% used [0x00000003ef600000, 0x0000000451080000, 0x0000000451080000)
  from space 200000K,   3% used [0x0000000451080000, 0x0000000451819938, 0x000000045d3d0000)
  to   space 200000K,   0% used [0x000000045d3d0000, 0x000000045d3d0000, 0x0000000469720000)
 concurrent mark-sweep generation total 14001024K, used 1537506K [0x0000000469720000, 0x00000007c0000000, 0x00000007c0000000)
 Metaspace       used 44953K, capacity 46238K, committed 46652K, reserved 1091584K
  class space    used 4917K, capacity 5190K, committed 5268K, reserved 1048576K
2017-04-16T12:55:56.947-0700: 143481.206: [GC (Allocation Failure) Before GC:
Statistics for BinaryTreeDictionary:
------------------------------------
Total Free Space: 1595228096
Max   Chunk Size: 1595228096
Number of Blocks: 1
Av.  Block  Size: 1595228096
Tree      Height: 1
2017-04-16T12:55:56.947-0700: 143481.206: [ParNew
Desired survivor size 102400000 bytes, new threshold 1 (max 1)
- age   1:    6254992 bytes,    6254992 total
: 1607782K->6988K(1800000K), 0.0143755 secs] 3145288K->1547242K(15801024K)After GC:
Statistics for BinaryTreeDictionary:
------------------------------------
Total Free Space: 1594875407
Max   Chunk Size: 1594875407
Number of Blocks: 1
Av.  Block  Size: 1594875407
Tree      Height: 1
, 0.0146662 secs] [Times: user=0.35 sys=0.00, real=0.02 secs] 
Heap after GC invocations=13201 (full 19):
 par new generation   total 1800000K, used 6988K [0x00000003ef600000, 0x0000000469720000, 0x0000000469720000)
  eden space 1600000K,   0% used [0x00000003ef600000, 0x00000003ef600000, 0x0000000451080000)
  from space 200000K,   3% used [0x000000045d3d0000, 0x000000045daa3218, 0x0000000469720000)
  to   space 200000K,   0% used [0x0000000451080000, 0x0000000451080000, 0x000000045d3d0000)
 concurrent mark-sweep generation total 14001024K, used 1540254K [0x0000000469720000, 0x00000007c0000000, 0x00000007c0000000)
 Metaspace       used 44953K, capacity 46238K, committed 46652K, reserved 1091584K
  class space    used 4917K, capacity 5190K, committed 5268K, reserved 1048576K
}
2017-04-16T12:55:56.961-0700: 143481.221: Total time for which application threads were stopped: 0.0157327 seconds, Stopping threads took: 0.0001505 seconds
2017-04-16T12:56:09.935-0700: 143494.195: Total time for which application threads were stopped: 0.0021793 seconds, Stopping threads took: 0.0001507 seconds
{Heap before GC invocations=13201 (full 19):
 par new generation   total 1800000K, used 1606988K [0x00000003ef600000, 0x0000000469720000, 0x0000000469720000)
  eden space 1600000K, 100% used [0x00000003ef600000, 0x0000000451080000, 0x0000000451080000)
  from space 200000K,   3% used [0x000000045d3d0000, 0x000000045daa3218, 0x0000000469720000)
  to   space 200000K,   0% used [0x0000000451080000, 0x0000000451080000, 0x000000045d3d0000)
 concurrent mark-sweep generation total 14001024K, used 1540254K [0x0000000469720000, 0x00000007c0000000, 0x00000007c0000000)
 Metaspace       used 44953K, capacity 46238K, committed 46652K, reserved 1091584K
  class space    used 4917K, capacity 5190K, committed 5268K, reserved 1048576K
2017-04-16T12:56:10.359-0700: 143494.618: [GC (Allocation Failure) Before GC:
Statistics for BinaryTreeDictionary:
------------------------------------
Total Free Space: 1594875407
Max   Chunk Size: 1594875407
Number of Blocks: 1
Av.  Block  Size: 1594875407
Tree      Height: 1
2017-04-16T12:56:10.359-0700: 143494.618: [ParNew
Desired survivor size 102400000 bytes, new threshold 1 (max 1)
- age   1:    6298160 bytes,    6298160 total
: 1606988K->6612K(1800000K), 0.0137430 secs] 3147242K->1548235K(15801024K)After GC:
Statistics for BinaryTreeDictionary:
------------------------------------
Total Free Space: 1594703139
Max   Chunk Size: 1594703139
Number of Blocks: 1
Av.  Block  Size: 1594703139
Tree      Height: 1
, 0.0140140 secs] [Times: user=0.34 sys=0.00, real=0.02 secs] 
Heap after GC invocations=13202 (full 19):
 par new generation   total 1800000K, used 6612K [0x00000003ef600000, 0x0000000469720000, 0x0000000469720000)
  eden space 1600000K,   0% used [0x00000003ef600000, 0x00000003ef600000, 0x0000000451080000)
  from space 200000K,   3% used [0x0000000451080000, 0x00000004516f5240, 0x000000045d3d0000)
  to   space 200000K,   0% used [0x000000045d3d0000, 0x000000045d3d0000, 0x0000000469720000)
 concurrent mark-sweep generation total 14001024K, used 1541623K [0x0000000469720000, 0x00000007c0000000, 0x00000007c0000000)
 Metaspace       used 44953K, capacity 46238K, committed 46652K, reserved 1091584K
  class space    used 4917K, capacity 5190K, committed 5268K, reserved 1048576K
}
2017-04-16T12:56:10.373-0700: 143494.632: Total time for which application threads were stopped: 0.0150361 seconds, Stopping threads took: 0.0001376 seconds
{Heap before GC invocations=13202 (full 19):
 par new generation   total 1800000K, used 1606612K [0x00000003ef600000, 0x0000000469720000, 0x0000000469720000)
  eden space 1600000K, 100% used [0x00000003ef600000, 0x0000000451080000, 0x0000000451080000)
  from space 200000K,   3% used [0x0000000451080000, 0x00000004516f5240, 0x000000045d3d0000)
  to   space 200000K,   0% used [0x000000045d3d0000, 0x000000045d3d0000, 0x0000000469720000)
 concurrent mark-sweep generation total 14001024K, used 1541623K [0x0000000469720000, 0x00000007c0000000, 0x00000007c0000000)
 Metaspace       used 44953K, capacity 46238K, committed 46652K, reserved 1091584K
  class space    used 4917K, capacity 5190K, committed 5268K, reserved 1048576K
2017-04-16T12:56:23.627-0700: 143507.887: [GC (Allocation Failure) Before GC:
Statistics for BinaryTreeDictionary:
------------------------------------
Total Free Space: 1594703139
Max   Chunk Size: 1594703139
Number of Blocks: 1
Av.  Block  Size: 1594703139
Tree      Height: 1
2017-04-16T12:56:23.627-0700: 143507.887: [ParNew
Desired survivor size 102400000 bytes, new threshold 1 (max 1)
- age   1:    6524568 bytes,    6524568 total
: 1606612K->6862K(1800000K), 0.0138523 secs] 3148235K->1549645K(15801024K)After GC:
Statistics for BinaryTreeDictionary:
------------------------------------
Total Free Space: 1594552127
Max   Chunk Size: 1594552127
Number of Blocks: 1
Av.  Block  Size: 1594552127
Tree      Height: 1
, 0.0141327 secs] [Times: user=0.34 sys=0.01, real=0.01 secs] 
Heap after GC invocations=13203 (full 19):
 par new generation   total 1800000K, used 6862K [0x00000003ef600000, 0x0000000469720000, 0x0000000469720000)
  eden space 1600000K,   0% used [0x00000003ef600000, 0x00000003ef600000, 0x0000000451080000)
  from space 200000K,   3% used [0x000000045d3d0000, 0x000000045da83808, 0x0000000469720000)
  to   space 200000K,   0% used [0x0000000451080000, 0x0000000451080000, 0x000000045d3d0000)
 concurrent mark-sweep generation total 14001024K, used 1542783K [0x0000000469720000, 0x00000007c0000000, 0x00000007c0000000)
 Metaspace       used 44953K, capacity 46238K, committed 46652K, reserved 1091584K
  class space    used 4917K, capacity 5190K, committed 5268K, reserved 1048576K
}
2017-04-16T12:56:23.642-0700: 143507.901: Total time for which application threads were stopped: 0.0152089 seconds, Stopping threads took: 0.0001579 seconds
{Heap before GC invocations=13203 (full 19):
 par new generation   total 1800000K, used 1606862K [0x00000003ef600000, 0x0000000469720000, 0x0000000469720000)
  eden space 1600000K, 100% used [0x00000003ef600000, 0x0000000451080000, 0x0000000451080000)
  from space 200000K,   3% used [0x000000045d3d0000, 0x000000045da83808, 0x0000000469720000)
  to   space 200000K,   0% used [0x0000000451080000, 0x0000000451080000, 0x000000045d3d0000)
 concurrent mark-sweep generation total 14001024K, used 1542783K [0x0000000469720000, 0x00000007c0000000, 0x00000007c0000000)
 Metaspace       used 44953K, capacity 46238K, committed 46652K, reserved 1091584K
  class space    used 4917K, capacity 5190K, committed 5268K, reserved 1048576K
2017-04-16T12:56:36.136-0700: 143520.395: [GC (Allocation Failure) Before GC:
Statistics for BinaryTreeDictionary:
------------------------------------
Total Free Space: 1594552127
Max   Chunk Size: 1594552127
Number of Blocks: 1
Av.  Block  Size: 1594552127
Tree      Height: 1
2017-04-16T12:56:36.136-0700: 143520.395: [ParNew
Desired survivor size 102400000 bytes, new threshold 1 (max 1)
- age   1:   13659504 bytes,   13659504 total
: 1606862K->13925K(1800000K), 0.0143117 secs] 3149645K->1558087K(15801024K)After GC:
Statistics for BinaryTreeDictionary:
------------------------------------
Total Free Space: 1594385097
Max   Chunk Size: 1594385097
Number of Blocks: 1
Av.  Block  Size: 1594385097
Tree      Height: 1
, 0.0146185 secs] [Times: user=0.35 sys=0.01, real=0.02 secs] 
Heap after GC invocations=13204 (full 19):
 par new generation   total 1800000K, used 13925K [0x00000003ef600000, 0x0000000469720000, 0x0000000469720000)
  eden space 1600000K,   0% used [0x00000003ef600000, 0x00000003ef600000, 0x0000000451080000)
  from space 200000K,   6% used [0x0000000451080000, 0x0000000451e19760, 0x000000045d3d0000)
  to   space 200000K,   0% used [0x000000045d3d0000, 0x000000045d3d0000, 0x0000000469720000)
 concurrent mark-sweep generation total 14001024K, used 1544161K [0x0000000469720000, 0x00000007c0000000, 0x00000007c0000000)
 Metaspace       used 44953K, capacity 46238K, committed 46652K, reserved 1091584K
  class space    used 4917K, capacity 5190K, committed 5268K, reserved 1048576K
}
2017-04-16T12:56:36.151-0700: 143520.410: Total time for which application threads were stopped: 0.0156899 seconds, Stopping threads took: 0.0001526 seconds
2017-04-16T12:56:39.638-0700: 143523.898: Total time for which application threads were stopped: 0.0021356 seconds, Stopping threads took: 0.0001539 seconds
{Heap before GC invocations=13204 (full 19):
 par new generation   total 1800000K, used 1613925K [0x00000003ef600000, 0x0000000469720000, 0x0000000469720000)
  eden space 1600000K, 100% used [0x00000003ef600000, 0x0000000451080000, 0x0000000451080000)
  from space 200000K,   6% used [0x0000000451080000, 0x0000000451e19760, 0x000000045d3d0000)
  to   space 200000K,   0% used [0x000000045d3d0000, 0x000000045d3d0000, 0x0000000469720000)
 concurrent mark-sweep generation total 14001024K, used 1544161K [0x0000000469720000, 0x00000007c0000000, 0x00000007c0000000)
 Metaspace       used 44953K, capacity 46238K, committed 46652K, reserved 1091584K
  class space    used 4917K, capacity 5190K, committed 5268K, reserved 1048576K
2017-04-16T12:56:46.287-0700: 143530.546: [GC (Allocation Failure) Before GC:
Statistics for BinaryTreeDictionary:
------------------------------------
Total Free Space: 1594385097
Max   Chunk Size: 1594385097
Number of Blocks: 1
Av.  Block  Size: 1594385097
Tree      Height: 1
2017-04-16T12:56:46.287-0700: 143530.546: [ParNew
Desired survivor size 102400000 bytes, new threshold 1 (max 1)
- age   1:    6164144 bytes,    6164144 total
: 1613925K->9657K(1800000K), 0.0341417 secs] 3158087K->1562127K(15801024K)After GC:
Statistics for BinaryTreeDictionary:
------------------------------------
Total Free Space: 1593305479
Max   Chunk Size: 1593305479
Number of Blocks: 1
Av.  Block  Size: 1593305479
Tree      Height: 1
, 0.0344398 secs] [Times: user=0.42 sys=0.01, real=0.04 secs] 
Heap after GC invocations=13205 (full 19):
 par new generation   total 1800000K, used 9657K [0x00000003ef600000, 0x0000000469720000, 0x0000000469720000)
  eden space 1600000K,   0% used [0x00000003ef600000, 0x00000003ef600000, 0x0000000451080000)
  from space 200000K,   4% used [0x000000045d3d0000, 0x000000045dd3e5c8, 0x0000000469720000)
  to   space 200000K,   0% used [0x0000000451080000, 0x0000000451080000, 0x000000045d3d0000)
 concurrent mark-sweep generation total 14001024K, used 1552470K [0x0000000469720000, 0x00000007c0000000, 0x00000007c0000000)
 Metaspace       used 44953K, capacity 46238K, committed 46652K, reserved 1091584K
  class space    used 4917K, capacity 5190K, committed 5268K, reserved 1048576K
}
2017-04-16T12:56:46.321-0700: 143530.581: Total time for which application threads were stopped: 0.0355470 seconds, Stopping threads took: 0.0001537 seconds
{Heap before GC invocations=13205 (full 19):
 par new generation   total 1800000K, used 1609657K [0x00000003ef600000, 0x0000000469720000, 0x0000000469720000)
  eden space 1600000K, 100% used [0x00000003ef600000, 0x0000000451080000, 0x0000000451080000)
  from space 200000K,   4% used [0x000000045d3d0000, 0x000000045dd3e5c8, 0x0000000469720000)
  to   space 200000K,   0% used [0x0000000451080000, 0x0000000451080000, 0x000000045d3d0000)
 concurrent mark-sweep generation total 14001024K, used 1552470K [0x0000000469720000, 0x00000007c0000000, 0x00000007c0000000)
 Metaspace       used 44953K, capacity 46238K, committed 46652K, reserved 1091584K
  class space    used 4917K, capacity 5190K, committed 5268K, reserved 1048576K
2017-04-16T12:56:59.370-0700: 143543.629: [GC (Allocation Failure) Before GC:
Statistics for BinaryTreeDictionary:
------------------------------------
Total Free Space: 1593305479
Max   Chunk Size: 1593305479
Number of Blocks: 1
Av.  Block  Size: 1593305479
Tree      Height: 1
2017-04-16T12:56:59.370-0700: 143543.629: [ParNew
Desired survivor size 102400000 bytes, new threshold 1 (max 1)
- age   1:    6570200 bytes,    6570200 total
: 1609657K->7347K(1800000K), 0.0134991 secs] 3162127K->1561422K(15801024K)After GC:
Statistics for BinaryTreeDictionary:
------------------------------------
Total Free Space: 1593026417
Max   Chunk Size: 1593026417
Number of Blocks: 1
Av.  Block  Size: 1593026417
Tree      Height: 1
, 0.0137908 secs] [Times: user=0.34 sys=0.00, real=0.01 secs] 
Heap after GC invocations=13206 (full 19):
 par new generation   total 1800000K, used 7347K [0x00000003ef600000, 0x0000000469720000, 0x0000000469720000)
  eden space 1600000K,   0% used [0x00000003ef600000, 0x00000003ef600000, 0x0000000451080000)
  from space 200000K,   3% used [0x0000000451080000, 0x00000004517acd70, 0x000000045d3d0000)
  to   space 200000K,   0% used [0x000000045d3d0000, 0x000000045d3d0000, 0x0000000469720000)
 concurrent mark-sweep generation total 14001024K, used 1554075K [0x0000000469720000, 0x00000007c0000000, 0x00000007c0000000)
 Metaspace       used 44953K, capacity 46238K, committed 46652K, reserved 1091584K
  class space    used 4917K, capacity 5190K, committed 5268K, reserved 1048576K
}
2017-04-16T12:56:59.384-0700: 143543.643: Total time for which application threads were stopped: 0.0148797 seconds, Stopping threads took: 0.0001542 seconds
{Heap before GC invocations=13206 (full 19):
 par new generation   total 1800000K, used 1607347K [0x00000003ef600000, 0x0000000469720000, 0x0000000469720000)
  eden space 1600000K, 100% used [0x00000003ef600000, 0x0000000451080000, 0x0000000451080000)
  from space 200000K,   3% used [0x0000000451080000, 0x00000004517acd70, 0x000000045d3d0000)
  to   space 200000K,   0% used [0x000000045d3d0000, 0x000000045d3d0000, 0x0000000469720000)
 concurrent mark-sweep generation total 14001024K, used 1554075K [0x0000000469720000, 0x00000007c0000000, 0x00000007c0000000)
 Metaspace       used 44953K, capacity 46238K, committed 46652K, reserved 1091584K
  class space    used 4917K, capacity 5190K, committed 5268K, reserved 1048576K
2017-04-16T12:57:12.412-0700: 143556.672: [GC (Allocation Failure) Before GC:
Statistics for BinaryTreeDictionary:
------------------------------------
Total Free Space: 1593026417
Max   Chunk Size: 1593026417
Number of Blocks: 1
Av.  Block  Size: 1593026417
Tree      Height: 1
2017-04-16T12:57:12.412-0700: 143556.672: [ParNew
Desired survivor size 102400000 bytes, new threshold 1 (max 1)
- age   1:    6928792 bytes,    6928792 total
: 1607347K->7220K(1800000K), 0.0138002 secs] 3161422K->1562724K(15801024K)After GC:
Statistics for BinaryTreeDictionary:
------------------------------------
Total Free Space: 1592889641
Max   Chunk Size: 1592889641
Number of Blocks: 1
Av.  Block  Size: 1592889641
Tree      Height: 1
, 0.0141191 secs] [Times: user=0.34 sys=0.00, real=0.01 secs] 
Heap after GC invocations=13207 (full 19):
 par new generation   total 1800000K, used 7220K [0x00000003ef600000, 0x0000000469720000, 0x0000000469720000)
  eden space 1600000K,   0% used [0x00000003ef600000, 0x00000003ef600000, 0x0000000451080000)
  from space 200000K,   3% used [0x000000045d3d0000, 0x000000045dadd350, 0x0000000469720000)
  to   space 200000K,   0% used [0x0000000451080000, 0x0000000451080000, 0x000000045d3d0000)
 concurrent mark-sweep generation total 14001024K, used 1555503K [0x0000000469720000, 0x00000007c0000000, 0x00000007c0000000)
 Metaspace       used 44953K, capacity 46238K, committed 46652K, reserved 1091584K
  class space    used 4917K, capacity 5190K, committed 5268K, reserved 1048576K
}
2017-04-16T12:57:12.427-0700: 143556.686: Total time for which application threads were stopped: 0.0152346 seconds, Stopping threads took: 0.0001740 seconds
{Heap before GC invocations=13207 (full 19):
 par new generation   total 1800000K, used 1607220K [0x00000003ef600000, 0x0000000469720000, 0x0000000469720000)
  eden space 1600000K, 100% used [0x00000003ef600000, 0x0000000451080000, 0x0000000451080000)
  from space 200000K,   3% used [0x000000045d3d0000, 0x000000045dadd350, 0x0000000469720000)
  to   space 200000K,   0% used [0x0000000451080000, 0x0000000451080000, 0x000000045d3d0000)
 concurrent mark-sweep generation total 14001024K, used 1555503K [0x0000000469720000, 0x00000007c0000000, 0x00000007c0000000)
 Metaspace       used 44953K, capacity 46238K, committed 46652K, reserved 1091584K
  class space    used 4917K, capacity 5190K, committed 5268K, reserved 1048576K
2017-04-16T12:57:25.912-0700: 143570.172: [GC (Allocation Failure) Before GC:
Statistics for BinaryTreeDictionary:
------------------------------------
Total Free Space: 1592889641
Max   Chunk Size: 1592889641
Number of Blocks: 1
Av.  Block  Size: 1592889641
Tree      Height: 1
2017-04-16T12:57:25.913-0700: 143570.172: [ParNew
Desired survivor size 102400000 bytes, new threshold 1 (max 1)
- age   1:    6562336 bytes,    6562336 total
: 1607220K->7025K(1800000K), 0.0138568 secs] 3162724K->1563829K(15801024K)After GC:
Statistics for BinaryTreeDictionary:
------------------------------------
Total Free Space: 1592750517
Max   Chunk Size: 1592750517
Number of Blocks: 1
Av.  Block  Size: 1592750517
Tree      Height: 1
, 0.0141443 secs] [Times: user=0.35 sys=0.00, real=0.02 secs] 
Heap after GC invocations=13208 (full 19):
 par new generation   total 1800000K, used 7025K [0x00000003ef600000, 0x0000000469720000, 0x0000000469720000)
  eden space 1600000K,   0% used [0x00000003ef600000, 0x00000003ef600000, 0x0000000451080000)
  from space 200000K,   3% used [0x0000000451080000, 0x000000045175c670, 0x000000045d3d0000)
  to   space 200000K,   0% used [0x000000045d3d0000, 0x000000045d3d0000, 0x0000000469720000)
 concurrent mark-sweep generation total 14001024K, used 1556804K [0x0000000469720000, 0x00000007c0000000, 0x00000007c0000000)
 Metaspace       used 44953K, capacity 46238K, committed 46652K, reserved 1091584K
  class space    used 4917K, capacity 5190K, committed 5268K, reserved 1048576K
}
2017-04-16T12:57:25.927-0700: 143570.186: Total time for which application threads were stopped: 0.0152389 seconds, Stopping threads took: 0.0001514 seconds
{Heap before GC invocations=13208 (full 19):
 par new generation   total 1800000K, used 1607025K [0x00000003ef600000, 0x0000000469720000, 0x0000000469720000)
  eden space 1600000K, 100% used [0x00000003ef600000, 0x0000000451080000, 0x0000000451080000)
  from space 200000K,   3% used [0x0000000451080000, 0x000000045175c670, 0x000000045d3d0000)
  to   space 200000K,   0% used [0x000000045d3d0000, 0x000000045d3d0000, 0x0000000469720000)
 concurrent mark-sweep generation total 14001024K, used 1556804K [0x0000000469720000, 0x00000007c0000000, 0x00000007c0000000)
 Metaspace       used 44953K, capacity 46238K, committed 46652K, reserved 1091584K
  class space    used 4917K, capacity 5190K, committed 5268K, reserved 1048576K
2017-04-16T12:57:39.337-0700: 143583.597: [GC (Allocation Failure) Before GC:
Statistics for BinaryTreeDictionary:
------------------------------------
Total Free Space: 1592750517
Max   Chunk Size: 1592750517
Number of Blocks: 1
Av.  Block  Size: 1592750517
Tree      Height: 1
2017-04-16T12:57:39.338-0700: 143583.597: [ParNew
Desired survivor size 102400000 bytes, new threshold 1 (max 1)
- age   1:    6321968 bytes,    6321968 total
: 1607025K->6863K(1800000K), 0.0136353 secs] 3163829K->1564947K(15801024K)After GC:
Statistics for BinaryTreeDictionary:
------------------------------------
Total Free Space: 1592591687
Max   Chunk Size: 1592591687
Number of Blocks: 1
Av.  Block  Size: 1592591687
Tree      Height: 1
, 0.0139265 secs] [Times: user=0.34 sys=0.01, real=0.01 secs] 
Heap after GC invocations=13209 (full 19):
 par new generation   total 1800000K, used 6863K [0x00000003ef600000, 0x0000000469720000, 0x0000000469720000)
  eden space 1600000K,   0% used [0x00000003ef600000, 0x00000003ef600000, 0x0000000451080000)
  from space 200000K,   3% used [0x000000045d3d0000, 0x000000045da83fa8, 0x0000000469720000)
  to   space 200000K,   0% used [0x0000000451080000, 0x0000000451080000, 0x000000045d3d0000)
 concurrent mark-sweep generation total 14001024K, used 1558084K [0x0000000469720000, 0x00000007c0000000, 0x00000007c0000000)
 Metaspace       used 44953K, capacity 46238K, committed 46652K, reserved 1091584K
  class space    used 4917K, capacity 5190K, committed 5268K, reserved 1048576K
}
2017-04-16T12:57:39.351-0700: 143583.611: Total time for which application threads were stopped: 0.0150102 seconds, Stopping threads took: 0.0001513 seconds
{Heap before GC invocations=13209 (full 19):
 par new generation   total 1800000K, used 1606863K [0x00000003ef600000, 0x0000000469720000, 0x0000000469720000)
  eden space 1600000K, 100% used [0x00000003ef600000, 0x0000000451080000, 0x0000000451080000)
  from space 200000K,   3% used [0x000000045d3d0000, 0x000000045da83fa8, 0x0000000469720000)
  to   space 200000K,   0% used [0x0000000451080000, 0x0000000451080000, 0x000000045d3d0000)
 concurrent mark-sweep generation total 14001024K, used 1558084K [0x0000000469720000, 0x00000007c0000000, 0x00000007c0000000)
 Metaspace       used 44953K, capacity 46238K, committed 46652K, reserved 1091584K
  class space    used 4917K, capacity 5190K, committed 5268K, reserved 1048576K
2017-04-16T12:57:53.171-0700: 143597.430: [GC (Allocation Failure) Before GC:
Statistics for BinaryTreeDictionary:
------------------------------------
Total Free Space: 1592591687
Max   Chunk Size: 1592591687
Number of Blocks: 1
Av.  Block  Size: 1592591687
Tree      Height: 1
2017-04-16T12:57:53.171-0700: 143597.430: [ParNew
Desired survivor size 102400000 bytes, new threshold 1 (max 1)
- age   1:    5902768 bytes,    5902768 total
: 1606863K->6437K(1800000K), 0.0140655 secs] 3164947K->1565711K(15801024K)After GC:
Statistics for BinaryTreeDictionary:
------------------------------------
Total Free Space: 1592444369
Max   Chunk Size: 1592444369
Number of Blocks: 1
Av.  Block  Size: 1592444369
Tree      Height: 1
, 0.0143633 secs] [Times: user=0.36 sys=0.00, real=0.01 secs] 
Heap after GC invocations=13210 (full 19):
 par new generation   total 1800000K, used 6437K [0x00000003ef600000, 0x0000000469720000, 0x0000000469720000)
  eden space 1600000K,   0% used [0x00000003ef600000, 0x00000003ef600000, 0x0000000451080000)
  from space 200000K,   3% used [0x0000000451080000, 0x00000004516c9750, 0x000000045d3d0000)
  to   space 200000K,   0% used [0x000000045d3d0000, 0x000000045d3d0000, 0x0000000469720000)
 concurrent mark-sweep generation total 14001024K, used 1559273K [0x0000000469720000, 0x00000007c0000000, 0x00000007c0000000)
 Metaspace       used 44953K, capacity 46238K, committed 46652K, reserved 1091584K
  class space    used 4917K, capacity 5190K, committed 5268K, reserved 1048576K
}
2017-04-16T12:57:53.185-0700: 143597.444: Total time for which application threads were stopped: 0.0154416 seconds, Stopping threads took: 0.0001492 seconds
{Heap before GC invocations=13210 (full 19):
 par new generation   total 1800000K, used 1606437K [0x00000003ef600000, 0x0000000469720000, 0x0000000469720000)
  eden space 1600000K, 100% used [0x00000003ef600000, 0x0000000451080000, 0x0000000451080000)
  from space 200000K,   3% used [0x0000000451080000, 0x00000004516c9750, 0x000000045d3d0000)
  to   space 200000K,   0% used [0x000000045d3d0000, 0x000000045d3d0000, 0x0000000469720000)
 concurrent mark-sweep generation total 14001024K, used 1559273K [0x0000000469720000, 0x00000007c0000000, 0x00000007c0000000)
 Metaspace       used 44953K, capacity 46238K, committed 46652K, reserved 1091584K
  class space    used 4917K, capacity 5190K, committed 5268K, reserved 1048576K
2017-04-16T12:58:06.467-0700: 143610.726: [GC (Allocation Failure) Before GC:
Statistics for BinaryTreeDictionary:
------------------------------------
Total Free Space: 1592444369
Max   Chunk Size: 1592444369
Number of Blocks: 1
Av.  Block  Size: 1592444369
Tree      Height: 1
2017-04-16T12:58:06.467-0700: 143610.726: [ParNew
Desired survivor size 102400000 bytes, new threshold 1 (max 1)
- age   1:    7360328 bytes,    7360328 total
: 1606437K->7758K(1800000K), 0.0136495 secs] 3165711K->1568195K(15801024K)After GC:
Statistics for BinaryTreeDictionary:
------------------------------------
Total Free Space: 1592296800
Max   Chunk Size: 1592296800
Number of Blocks: 1
Av.  Block  Size: 1592296800
Tree      Height: 1
, 0.0139272 secs] [Times: user=0.34 sys=0.00, real=0.02 secs] 
Heap after GC invocations=13211 (full 19):
 par new generation   total 1800000K, used 7758K [0x00000003ef600000, 0x0000000469720000, 0x0000000469720000)
  eden space 1600000K,   0% used [0x00000003ef600000, 0x00000003ef600000, 0x0000000451080000)
  from space 200000K,   3% used [0x000000045d3d0000, 0x000000045db63a08, 0x0000000469720000)
  to   space 200000K,   0% used [0x0000000451080000, 0x0000000451080000, 0x000000045d3d0000)
 concurrent mark-sweep generation total 14001024K, used 1560436K [0x0000000469720000, 0x00000007c0000000, 0x00000007c0000000)
 Metaspace       used 44953K, capacity 46238K, committed 46652K, reserved 1091584K
  class space    used 4917K, capacity 5190K, committed 5268K, reserved 1048576K
}
2017-04-16T12:58:06.481-0700: 143610.740: Total time for which application threads were stopped: 0.0149961 seconds, Stopping threads took: 0.0001515 seconds
2017-04-16T12:58:09.877-0700: 143614.136: Total time for which application threads were stopped: 0.0021255 seconds, Stopping threads took: 0.0001515 seconds
{Heap before GC invocations=13211 (full 19):
 par new generation   total 1800000K, used 1607758K [0x00000003ef600000, 0x0000000469720000, 0x0000000469720000)
  eden space 1600000K, 100% used [0x00000003ef600000, 0x0000000451080000, 0x0000000451080000)
  from space 200000K,   3% used [0x000000045d3d0000, 0x000000045db63a08, 0x0000000469720000)
  to   space 200000K,   0% used [0x0000000451080000, 0x0000000451080000, 0x000000045d3d0000)
 concurrent mark-sweep generation total 14001024K, used 1560436K [0x0000000469720000, 0x00000007c0000000, 0x00000007c0000000)
 Metaspace       used 44953K, capacity 46238K, committed 46652K, reserved 1091584K
  class space    used 4917K, capacity 5190K, committed 5268K, reserved 1048576K
2017-04-16T12:58:17.050-0700: 143621.309: [GC (Allocation Failure) Before GC:
Statistics for BinaryTreeDictionary:
------------------------------------
Total Free Space: 1592296800
Max   Chunk Size: 1592296800
Number of Blocks: 1
Av.  Block  Size: 1592296800
Tree      Height: 1
2017-04-16T12:58:17.050-0700: 143621.310: [ParNew
Desired survivor size 102400000 bytes, new threshold 1 (max 1)
- age   1:    6796048 bytes,    6796048 total
: 1607758K->7249K(1800000K), 0.0163970 secs] 3168195K->1568979K(15801024K)After GC:
Statistics for BinaryTreeDictionary:
------------------------------------
Total Free Space: 1592136146
Max   Chunk Size: 1592136146
Number of Blocks: 1
Av.  Block  Size: 1592136146
Tree      Height: 1
, 0.0166915 secs] [Times: user=0.36 sys=0.00, real=0.02 secs] 
Heap after GC invocations=13212 (full 19):
 par new generation   total 1800000K, used 7249K [0x00000003ef600000, 0x0000000469720000, 0x0000000469720000)
  eden space 1600000K,   0% used [0x00000003ef600000, 0x00000003ef600000, 0x0000000451080000)
  from space 200000K,   3% used [0x0000000451080000, 0x0000000451794418, 0x000000045d3d0000)
  to   space 200000K,   0% used [0x000000045d3d0000, 0x000000045d3d0000, 0x0000000469720000)
 concurrent mark-sweep generation total 14001024K, used 1561730K [0x0000000469720000, 0x00000007c0000000, 0x00000007c0000000)
 Metaspace       used 44953K, capacity 46238K, committed 46652K, reserved 1091584K
  class space    used 4917K, capacity 5190K, committed 5268K, reserved 1048576K
}
2017-04-16T12:58:17.067-0700: 143621.326: Total time for which application threads were stopped: 0.0178086 seconds, Stopping threads took: 0.0001697 seconds
{Heap before GC invocations=13212 (full 19):
 par new generation   total 1800000K, used 1607249K [0x00000003ef600000, 0x0000000469720000, 0x0000000469720000)
  eden space 1600000K, 100% used [0x00000003ef600000, 0x0000000451080000, 0x0000000451080000)
  from space 200000K,   3% used [0x0000000451080000, 0x0000000451794418, 0x000000045d3d0000)
  to   space 200000K,   0% used [0x000000045d3d0000, 0x000000045d3d0000, 0x0000000469720000)
 concurrent mark-sweep generation total 14001024K, used 1561730K [0x0000000469720000, 0x00000007c0000000, 0x00000007c0000000)
 Metaspace       used 44953K, capacity 46238K, committed 46652K, reserved 1091584K
  class space    used 4917K, capacity 5190K, committed 5268K, reserved 1048576K
2017-04-16T12:58:30.365-0700: 143634.624: [GC (Allocation Failure) Before GC:
Statistics for BinaryTreeDictionary:
------------------------------------
Total Free Space: 1592136146
Max   Chunk Size: 1592136146
Number of Blocks: 1
Av.  Block  Size: 1592136146
Tree      Height: 1
2017-04-16T12:58:30.365-0700: 143634.624: [ParNew
Desired survivor size 102400000 bytes, new threshold 1 (max 1)
- age   1:    6591240 bytes,    6591240 total
: 1607249K->7063K(1800000K), 0.0142972 secs] 3168979K->1570306K(15801024K)After GC:
Statistics for BinaryTreeDictionary:
------------------------------------
Total Free Space: 1591926724
Max   Chunk Size: 1591926724
Number of Blocks: 1
Av.  Block  Size: 1591926724
Tree      Height: 1
, 0.0145882 secs] [Times: user=0.35 sys=0.01, real=0.01 secs] 
Heap after GC invocations=13213 (full 19):
 par new generation   total 1800000K, used 7063K [0x00000003ef600000, 0x0000000469720000, 0x0000000469720000)
  eden space 1600000K,   0% used [0x00000003ef600000, 0x00000003ef600000, 0x0000000451080000)
  from space 200000K,   3% used [0x000000045d3d0000, 0x000000045dab5ec0, 0x0000000469720000)
  to   space 200000K,   0% used [0x0000000451080000, 0x0000000451080000, 0x000000045d3d0000)
 concurrent mark-sweep generation total 14001024K, used 1563243K [0x0000000469720000, 0x00000007c0000000, 0x00000007c0000000)
 Metaspace       used 44953K, capacity 46238K, committed 46652K, reserved 1091584K
  class space    used 4917K, capacity 5190K, committed 5268K, reserved 1048576K
}
2017-04-16T12:58:30.379-0700: 143634.639: Total time for which application threads were stopped: 0.0156871 seconds, Stopping threads took: 0.0001574 seconds
{Heap before GC invocations=13213 (full 19):
 par new generation   total 1800000K, used 1607063K [0x00000003ef600000, 0x0000000469720000, 0x0000000469720000)
  eden space 1600000K, 100% used [0x00000003ef600000, 0x0000000451080000, 0x0000000451080000)
  from space 200000K,   3% used [0x000000045d3d0000, 0x000000045dab5ec0, 0x0000000469720000)
  to   space 200000K,   0% used [0x0000000451080000, 0x0000000451080000, 0x000000045d3d0000)
 concurrent mark-sweep generation total 14001024K, used 1563243K [0x0000000469720000, 0x00000007c0000000, 0x00000007c0000000)
 Metaspace       used 44953K, capacity 46238K, committed 46652K, reserved 1091584K
  class space    used 4917K, capacity 5190K, committed 5268K, reserved 1048576K
2017-04-16T12:58:43.128-0700: 143647.388: [GC (Allocation Failure) Before GC:
Statistics for BinaryTreeDictionary:
------------------------------------
Total Free Space: 1591926724
Max   Chunk Size: 1591926724
Number of Blocks: 1
Av.  Block  Size: 1591926724
Tree      Height: 1
2017-04-16T12:58:43.128-0700: 143647.388: [ParNew
Desired survivor size 102400000 bytes, new threshold 1 (max 1)
- age   1:    6525592 bytes,    6525592 total
: 1607063K->6951K(1800000K), 0.0136783 secs] 3170306K->1571764K(15801024K)After GC:
Statistics for BinaryTreeDictionary:
------------------------------------
Total Free Space: 1591743966
Max   Chunk Size: 1591743966
Number of Blocks: 1
Av.  Block  Size: 1591743966
Tree      Height: 1
, 0.0139902 secs] [Times: user=0.34 sys=0.01, real=0.01 secs] 
Heap after GC invocations=13214 (full 19):
 par new generation   total 1800000K, used 6951K [0x00000003ef600000, 0x0000000469720000, 0x0000000469720000)
  eden space 1600000K,   0% used [0x00000003ef600000, 0x00000003ef600000, 0x0000000451080000)
  from space 200000K,   3% used [0x0000000451080000, 0x0000000451749d60, 0x000000045d3d0000)
  to   space 200000K,   0% used [0x000000045d3d0000, 0x000000045d3d0000, 0x0000000469720000)
 concurrent mark-sweep generation total 14001024K, used 1564813K [0x0000000469720000, 0x00000007c0000000, 0x00000007c0000000)
 Metaspace       used 44953K, capacity 46238K, committed 46652K, reserved 1091584K
  class space    used 4917K, capacity 5190K, committed 5268K, reserved 1048576K
}
2017-04-16T12:58:43.142-0700: 143647.402: Total time for which application threads were stopped: 0.0150964 seconds, Stopping threads took: 0.0001523 seconds
{Heap before GC invocations=13214 (full 19):
 par new generation   total 1800000K, used 1606951K [0x00000003ef600000, 0x0000000469720000, 0x0000000469720000)
  eden space 1600000K, 100% used [0x00000003ef600000, 0x0000000451080000, 0x0000000451080000)
  from space 200000K,   3% used [0x0000000451080000, 0x0000000451749d60, 0x000000045d3d0000)
  to   space 200000K,   0% used [0x000000045d3d0000, 0x000000045d3d0000, 0x0000000469720000)
 concurrent mark-sweep generation total 14001024K, used 1564813K [0x0000000469720000, 0x00000007c0000000, 0x00000007c0000000)
 Metaspace       used 44953K, capacity 46238K, committed 46652K, reserved 1091584K
  class space    used 4917K, capacity 5190K, committed 5268K, reserved 1048576K
2017-04-16T12:58:56.670-0700: 143660.929: [GC (Allocation Failure) Before GC:
Statistics for BinaryTreeDictionary:
------------------------------------
Total Free Space: 1591743966
Max   Chunk Size: 1591743966
Number of Blocks: 1
Av.  Block  Size: 1591743966
Tree      Height: 1
2017-04-16T12:58:56.670-0700: 143660.929: [ParNew
Desired survivor size 102400000 bytes, new threshold 1 (max 1)
- age   1:    7206888 bytes,    7206888 total
: 1606951K->7543K(1800000K), 0.0140604 secs] 3171764K->1573615K(15801024K)After GC:
Statistics for BinaryTreeDictionary:
------------------------------------
Total Free Space: 1591582201
Max   Chunk Size: 1591582201
Number of Blocks: 1
Av.  Block  Size: 1591582201
Tree      Height: 1
, 0.0143617 secs] [Times: user=0.35 sys=0.00, real=0.01 secs] 
Heap after GC invocations=13215 (full 19):
 par new generation   total 1800000K, used 7543K [0x00000003ef600000, 0x0000000469720000, 0x0000000469720000)
  eden space 1600000K,   0% used [0x00000003ef600000, 0x00000003ef600000, 0x0000000451080000)
  from space 200000K,   3% used [0x000000045d3d0000, 0x000000045db2de10, 0x0000000469720000)
  to   space 200000K,   0% used [0x0000000451080000, 0x0000000451080000, 0x000000045d3d0000)
 concurrent mark-sweep generation total 14001024K, used 1566071K [0x0000000469720000, 0x00000007c0000000, 0x00000007c0000000)
 Metaspace       used 44953K, capacity 46238K, committed 46652K, reserved 1091584K
  class space    used 4917K, capacity 5190K, committed 5268K, reserved 1048576K
}
2017-04-16T12:58:56.684-0700: 143660.944: Total time for which application threads were stopped: 0.0154669 seconds, Stopping threads took: 0.0001613 seconds
2017-04-16T12:59:10.015-0700: 143674.275: Total time for which application threads were stopped: 0.0021887 seconds, Stopping threads took: 0.0001504 seconds
{Heap before GC invocations=13215 (full 19):
 par new generation   total 1800000K, used 1607543K [0x00000003ef600000, 0x0000000469720000, 0x0000000469720000)
  eden space 1600000K, 100% used [0x00000003ef600000, 0x0000000451080000, 0x0000000451080000)
  from space 200000K,   3% used [0x000000045d3d0000, 0x000000045db2de10, 0x0000000469720000)
  to   space 200000K,   0% used [0x0000000451080000, 0x0000000451080000, 0x000000045d3d0000)
 concurrent mark-sweep generation total 14001024K, used 1566071K [0x0000000469720000, 0x00000007c0000000, 0x00000007c0000000)
 Metaspace       used 44953K, capacity 46238K, committed 46652K, reserved 1091584K
  class space    used 4917K, capacity 5190K, committed 5268K, reserved 1048576K
2017-04-16T12:59:10.496-0700: 143674.756: [GC (Allocation Failure) Before GC:
Statistics for BinaryTreeDictionary:
------------------------------------
Total Free Space: 1591582201
Max   Chunk Size: 1591582201
Number of Blocks: 1
Av.  Block  Size: 1591582201
Tree      Height: 1
2017-04-16T12:59:10.496-0700: 143674.756: [ParNew
Desired survivor size 102400000 bytes, new threshold 1 (max 1)
- age   1:    5863144 bytes,    5863144 total
: 1607543K->6279K(1800000K), 0.0140136 secs] 3173615K->1574140K(15801024K)After GC:
Statistics for BinaryTreeDictionary:
------------------------------------
Total Free Space: 1591348778
Max   Chunk Size: 1591348778
Number of Blocks: 1
Av.  Block  Size: 1591348778
Tree      Height: 1
, 0.0143127 secs] [Times: user=0.35 sys=0.00, real=0.02 secs] 
Heap after GC invocations=13216 (full 19):
 par new generation   total 1800000K, used 6279K [0x00000003ef600000, 0x0000000469720000, 0x0000000469720000)
  eden space 1600000K,   0% used [0x00000003ef600000, 0x00000003ef600000, 0x0000000451080000)
  from space 200000K,   3% used [0x0000000451080000, 0x00000004516a1dd8, 0x000000045d3d0000)
  to   space 200000K,   0% used [0x000000045d3d0000, 0x000000045d3d0000, 0x0000000469720000)
 concurrent mark-sweep generation total 14001024K, used 1567861K [0x0000000469720000, 0x00000007c0000000, 0x00000007c0000000)
 Metaspace       used 44953K, capacity 46238K, committed 46652K, reserved 1091584K
  class space    used 4917K, capacity 5190K, committed 5268K, reserved 1048576K
}
2017-04-16T12:59:10.511-0700: 143674.770: Total time for which application threads were stopped: 0.0153827 seconds, Stopping threads took: 0.0001531 seconds
{Heap before GC invocations=13216 (full 19):
 par new generation   total 1800000K, used 1606279K [0x00000003ef600000, 0x0000000469720000, 0x0000000469720000)
  eden space 1600000K, 100% used [0x00000003ef600000, 0x0000000451080000, 0x0000000451080000)
  from space 200000K,   3% used [0x0000000451080000, 0x00000004516a1dd8, 0x000000045d3d0000)
  to   space 200000K,   0% used [0x000000045d3d0000, 0x000000045d3d0000, 0x0000000469720000)
 concurrent mark-sweep generation total 14001024K, used 1567861K [0x0000000469720000, 0x00000007c0000000, 0x00000007c0000000)
 Metaspace       used 44953K, capacity 46238K, committed 46652K, reserved 1091584K
  class space    used 4917K, capacity 5190K, committed 5268K, reserved 1048576K
2017-04-16T12:59:23.957-0700: 143688.216: [GC (Allocation Failure) Before GC:
Statistics for BinaryTreeDictionary:
------------------------------------
Total Free Space: 1591348778
Max   Chunk Size: 1591348778
Number of Blocks: 1
Av.  Block  Size: 1591348778
Tree      Height: 1
2017-04-16T12:59:23.957-0700: 143688.216: [ParNew
Desired survivor size 102400000 bytes, new threshold 1 (max 1)
- age   1:    5833512 bytes,    5833512 total
: 1606279K->6202K(1800000K), 0.0139543 secs] 3174140K->1575308K(15801024K)After GC:
Statistics for BinaryTreeDictionary:
------------------------------------
Total Free Space: 1591195117
Max   Chunk Size: 1591195117
Number of Blocks: 1
Av.  Block  Size: 1591195117
Tree      Height: 1
, 0.0142344 secs] [Times: user=0.35 sys=0.00, real=0.01 secs] 
Heap after GC invocations=13217 (full 19):
 par new generation   total 1800000K, used 6202K [0x00000003ef600000, 0x0000000469720000, 0x0000000469720000)
  eden space 1600000K,   0% used [0x00000003ef600000, 0x00000003ef600000, 0x0000000451080000)
  from space 200000K,   3% used [0x000000045d3d0000, 0x000000045d9dea68, 0x0000000469720000)
  to   space 200000K,   0% used [0x0000000451080000, 0x0000000451080000, 0x000000045d3d0000)
 concurrent mark-sweep generation total 14001024K, used 1569105K [0x0000000469720000, 0x00000007c0000000, 0x00000007c0000000)
 Metaspace       used 44953K, capacity 46238K, committed 46652K, reserved 1091584K
  class space    used 4917K, capacity 5190K, committed 5268K, reserved 1048576K
}
2017-04-16T12:59:23.971-0700: 143688.231: Total time for which application threads were stopped: 0.0153718 seconds, Stopping threads took: 0.0001894 seconds
{Heap before GC invocations=13217 (full 19):
 par new generation   total 1800000K, used 1606202K [0x00000003ef600000, 0x0000000469720000, 0x0000000469720000)
  eden space 1600000K, 100% used [0x00000003ef600000, 0x0000000451080000, 0x0000000451080000)
  from space 200000K,   3% used [0x000000045d3d0000, 0x000000045d9dea68, 0x0000000469720000)
  to   space 200000K,   0% used [0x0000000451080000, 0x0000000451080000, 0x000000045d3d0000)
 concurrent mark-sweep generation total 14001024K, used 1569105K [0x0000000469720000, 0x00000007c0000000, 0x00000007c0000000)
 Metaspace       used 44953K, capacity 46238K, committed 46652K, reserved 1091584K
  class space    used 4917K, capacity 5190K, committed 5268K, reserved 1048576K
2017-04-16T12:59:37.343-0700: 143701.603: [GC (Allocation Failure) Before GC:
Statistics for BinaryTreeDictionary:
------------------------------------
Total Free Space: 1591195117
Max   Chunk Size: 1591195117
Number of Blocks: 1
Av.  Block  Size: 1591195117
Tree      Height: 1
2017-04-16T12:59:37.343-0700: 143701.603: [ParNew
Desired survivor size 102400000 bytes, new threshold 1 (max 1)
- age   1:    6139544 bytes,    6139544 total
: 1606202K->6512K(1800000K), 0.0136983 secs] 3175308K->1576867K(15801024K)After GC:
Statistics for BinaryTreeDictionary:
------------------------------------
Total Free Space: 1591035236
Max   Chunk Size: 1591035236
Number of Blocks: 1
Av.  Block  Size: 1591035236
Tree      Height: 1
, 0.0139870 secs] [Times: user=0.35 sys=0.00, real=0.02 secs] 
Heap after GC invocations=13218 (full 19):
 par new generation   total 1800000K, used 6512K [0x00000003ef600000, 0x0000000469720000, 0x0000000469720000)
  eden space 1600000K,   0% used [0x00000003ef600000, 0x00000003ef600000, 0x0000000451080000)
  from space 200000K,   3% used [0x0000000451080000, 0x00000004516dc260, 0x000000045d3d0000)
  to   space 200000K,   0% used [0x000000045d3d0000, 0x000000045d3d0000, 0x0000000469720000)
 concurrent mark-sweep generation total 14001024K, used 1570355K [0x0000000469720000, 0x00000007c0000000, 0x00000007c0000000)
 Metaspace       used 44953K, capacity 46238K, committed 46652K, reserved 1091584K
  class space    used 4917K, capacity 5190K, committed 5268K, reserved 1048576K
}
2017-04-16T12:59:37.357-0700: 143701.617: Total time for which application threads were stopped: 0.0150602 seconds, Stopping threads took: 0.0001502 seconds
2017-04-16T12:59:39.773-0700: 143704.032: Total time for which application threads were stopped: 0.0021566 seconds, Stopping threads took: 0.0001484 seconds
2017-04-16T12:59:41.685-0700: 143705.944: Total time for which application threads were stopped: 0.0009089 seconds, Stopping threads took: 0.0001655 seconds
{Heap before GC invocations=13218 (full 19):
 par new generation   total 1800000K, used 1606512K [0x00000003ef600000, 0x0000000469720000, 0x0000000469720000)
  eden space 1600000K, 100% used [0x00000003ef600000, 0x0000000451080000, 0x0000000451080000)
  from space 200000K,   3% used [0x0000000451080000, 0x00000004516dc260, 0x000000045d3d0000)
  to   space 200000K,   0% used [0x000000045d3d0000, 0x000000045d3d0000, 0x0000000469720000)
 concurrent mark-sweep generation total 14001024K, used 1570355K [0x0000000469720000, 0x00000007c0000000, 0x00000007c0000000)
 Metaspace       used 44953K, capacity 46238K, committed 46652K, reserved 1091584K
  class space    used 4917K, capacity 5190K, committed 5268K, reserved 1048576K
2017-04-16T12:59:48.343-0700: 143712.602: [GC (Allocation Failure) Before GC:
Statistics for BinaryTreeDictionary:
------------------------------------
Total Free Space: 1591035236
Max   Chunk Size: 1591035236
Number of Blocks: 1
Av.  Block  Size: 1591035236
Tree      Height: 1
2017-04-16T12:59:48.343-0700: 143712.602: [ParNew
Desired survivor size 102400000 bytes, new threshold 1 (max 1)
- age   1:    6338976 bytes,    6338976 total
: 1606512K->6698K(1800000K), 0.0137277 secs] 3176867K->1578410K(15801024K)After GC:
Statistics for BinaryTreeDictionary:
------------------------------------
Total Free Space: 1590857938
Max   Chunk Size: 1590857938
Number of Blocks: 1
Av.  Block  Size: 1590857938
Tree      Height: 1
, 0.0140164 secs] [Times: user=0.34 sys=0.00, real=0.02 secs] 
Heap after GC invocations=13219 (full 19):
 par new generation   total 1800000K, used 6698K [0x00000003ef600000, 0x0000000469720000, 0x0000000469720000)
  eden space 1600000K,   0% used [0x00000003ef600000, 0x00000003ef600000, 0x0000000451080000)
  from space 200000K,   3% used [0x000000045d3d0000, 0x000000045da5a9b8, 0x0000000469720000)
  to   space 200000K,   0% used [0x0000000451080000, 0x0000000451080000, 0x000000045d3d0000)
 concurrent mark-sweep generation total 14001024K, used 1571712K [0x0000000469720000, 0x00000007c0000000, 0x00000007c0000000)
 Metaspace       used 44953K, capacity 46238K, committed 46652K, reserved 1091584K
  class space    used 4917K, capacity 5190K, committed 5268K, reserved 1048576K
}
2017-04-16T12:59:48.357-0700: 143712.616: Total time for which application threads were stopped: 0.0151068 seconds, Stopping threads took: 0.0001554 seconds
2017-04-16T13:00:00.169-0700: 143724.428: Total time for which application threads were stopped: 0.0009013 seconds, Stopping threads took: 0.0001587 seconds
{Heap before GC invocations=13219 (full 19):
 par new generation   total 1800000K, used 1606698K [0x00000003ef600000, 0x0000000469720000, 0x0000000469720000)
  eden space 1600000K, 100% used [0x00000003ef600000, 0x0000000451080000, 0x0000000451080000)
  from space 200000K,   3% used [0x000000045d3d0000, 0x000000045da5a9b8, 0x0000000469720000)
  to   space 200000K,   0% used [0x0000000451080000, 0x0000000451080000, 0x000000045d3d0000)
 concurrent mark-sweep generation total 14001024K, used 1571712K [0x0000000469720000, 0x00000007c0000000, 0x00000007c0000000)
 Metaspace       used 44953K, capacity 46238K, committed 46652K, reserved 1091584K
  class space    used 4917K, capacity 5190K, committed 5268K, reserved 1048576K
2017-04-16T13:00:02.064-0700: 143726.324: [GC (Allocation Failure) Before GC:
Statistics for BinaryTreeDictionary:
------------------------------------
Total Free Space: 1590857938
Max   Chunk Size: 1590857938
Number of Blocks: 1
Av.  Block  Size: 1590857938
Tree      Height: 1
2017-04-16T13:00:02.064-0700: 143726.324: [ParNew
Desired survivor size 102400000 bytes, new threshold 1 (max 1)
- age   1:    7343448 bytes,    7343448 total
: 1606698K->7732K(1800000K), 0.0141099 secs] 3178410K->1581026K(15801024K)After GC:
Statistics for BinaryTreeDictionary:
------------------------------------
Total Free Space: 1590639814
Max   Chunk Size: 1590639814
Number of Blocks: 1
Av.  Block  Size: 1590639814
Tree      Height: 1
, 0.0144114 secs] [Times: user=0.36 sys=0.00, real=0.02 secs] 
Heap after GC invocations=13220 (full 19):
 par new generation   total 1800000K, used 7732K [0x00000003ef600000, 0x0000000469720000, 0x0000000469720000)
  eden space 1600000K,   0% used [0x00000003ef600000, 0x00000003ef600000, 0x0000000451080000)
  from space 200000K,   3% used [0x0000000451080000, 0x000000045180d318, 0x000000045d3d0000)
  to   space 200000K,   0% used [0x000000045d3d0000, 0x000000045d3d0000, 0x0000000469720000)
 concurrent mark-sweep generation total 14001024K, used 1573293K [0x0000000469720000, 0x00000007c0000000, 0x00000007c0000000)
 Metaspace       used 44953K, capacity 46238K, committed 46652K, reserved 1091584K
  class space    used 4917K, capacity 5190K, committed 5268K, reserved 1048576K
}
2017-04-16T13:00:02.079-0700: 143726.338: Total time for which application threads were stopped: 0.0155124 seconds, Stopping threads took: 0.0001513 seconds
2017-04-16T13:00:05.411-0700: 143729.671: Total time for which application threads were stopped: 0.0009286 seconds, Stopping threads took: 0.0001606 seconds
{Heap before GC invocations=13220 (full 19):
 par new generation   total 1800000K, used 1607732K [0x00000003ef600000, 0x0000000469720000, 0x0000000469720000)
  eden space 1600000K, 100% used [0x00000003ef600000, 0x0000000451080000, 0x0000000451080000)
  from space 200000K,   3% used [0x0000000451080000, 0x000000045180d318, 0x000000045d3d0000)
  to   space 200000K,   0% used [0x000000045d3d0000, 0x000000045d3d0000, 0x0000000469720000)
 concurrent mark-sweep generation total 14001024K, used 1573293K [0x0000000469720000, 0x00000007c0000000, 0x00000007c0000000)
 Metaspace       used 44953K, capacity 46238K, committed 46652K, reserved 1091584K
  class space    used 4917K, capacity 5190K, committed 5268K, reserved 1048576K
2017-04-16T13:00:14.646-0700: 143738.905: [GC (Allocation Failure) Before GC:
Statistics for BinaryTreeDictionary:
------------------------------------
Total Free Space: 1590639814
Max   Chunk Size: 1590639814
Number of Blocks: 1
Av.  Block  Size: 1590639814
Tree      Height: 1
