0.782: Total time for which application threads were stopped: 0.0001570 seconds
1.782: Total time for which application threads were stopped: 0.0001360 seconds
2.187: Total time for which application threads were stopped: 0.0002150 seconds
3.187: Total time for which application threads were stopped: 0.0002680 seconds
3.462: Total time for which application threads were stopped: 0.0001410 seconds
3.485: Total time for which application threads were stopped: 0.0000920 seconds
3.735: [GC pause (G1 Evacuation Pause) (young)
Desired survivor size 33554432 bytes, new threshold 15 (max 15)
, 0.0310490 secs]
   [Parallel Time: 20.7 ms, GC Workers: 18]
      [GC Worker Start (ms): Min: 3735.4, Avg: 3735.8, Max: 3738.3, Diff: 2.9]
      [Ext Root Scanning (ms): Min: 0.0, Avg: 1.9, Max: 3.2, Diff: 3.2, Sum: 34.8]
      [Update RS (ms): Min: 0.0, Avg: 0.0, Max: 0.1, Diff: 0.1, Sum: 0.2]
         [Processed Buffers: Min: 0, Avg: 2.6, Max: 25, Diff: 25, Sum: 47]
      [Scan RS (ms): Min: 0.0, Avg: 0.0, Max: 0.2, Diff: 0.2, Sum: 0.8]
      [Code Root Scanning (ms): Min: 0.0, Avg: 0.1, Max: 0.6, Diff: 0.6, Sum: 1.1]
      [Object Copy (ms): Min: 16.7, Avg: 17.6, Max: 18.5, Diff: 1.8, Sum: 316.2]
      [Termination (ms): Min: 0.3, Avg: 0.4, Max: 0.5, Diff: 0.2, Sum: 7.2]
      [GC Worker Other (ms): Min: 0.0, Avg: 0.0, Max: 0.0, Diff: 0.0, Sum: 0.6]
      [GC Worker Total (ms): Min: 17.6, Avg: 20.1, Max: 20.5, Diff: 2.9, Sum: 360.9]
      [GC Worker End (ms): Min: 3755.9, Avg: 3755.9, Max: 3756.0, Diff: 0.1]
   [Code Root Fixup: 0.2 ms]
   [Code Root Migration: 0.6 ms]
   [Clear CT: 0.2 ms]
   [Other: 9.3 ms]
      [Choose CSet: 0.0 ms]
      [Ref Proc: 8.9 ms]
      [Ref Enq: 0.2 ms]
      [Free CSet: 0.1 ms]
   [Eden: 512.0M(512.0M)->0.0B(464.0M) Survivors: 0.0B->48.0M Heap: 512.0M(10.0G)->33.3M(10.0G)]
 [Times: user=0.37 sys=0.12, real=0.03 secs] 
3.767: Total time for which application threads were stopped: 0.0313840 seconds
4.210: Total time for which application threads were stopped: 0.0007570 seconds
4.534: Total time for which application threads were stopped: 0.0002400 seconds
4.788: Total time for which application threads were stopped: 0.0001090 seconds
4.804: Total time for which application threads were stopped: 0.0000620 seconds
4.817: Total time for which application threads were stopped: 0.0000490 seconds
4.818: Total time for which application threads were stopped: 0.0000420 seconds
4.818: Total time for which application threads were stopped: 0.0000240 seconds
4.843: Total time for which application threads were stopped: 0.0000440 seconds
4.844: Total time for which application threads were stopped: 0.0000380 seconds
4.845: Total time for which application threads were stopped: 0.0000580 seconds
4.846: Total time for which application threads were stopped: 0.0000580 seconds
4.851: Total time for which application threads were stopped: 0.0000570 seconds
4.853: Total time for which application threads were stopped: 0.0000370 seconds
4.866: Total time for which application threads were stopped: 0.0000450 seconds
4.880: Total time for which application threads were stopped: 0.0001080 seconds
4.882: Total time for which application threads were stopped: 0.0000740 seconds
4.882: Total time for which application threads were stopped: 0.0000430 seconds
4.882: Total time for which application threads were stopped: 0.0000440 seconds
4.882: Total time for which application threads were stopped: 0.0000570 seconds
4.883: Total time for which application threads were stopped: 0.0000410 seconds
4.883: Total time for which application threads were stopped: 0.0001180 seconds
4.884: Total time for which application threads were stopped: 0.0000400 seconds
4.884: Total time for which application threads were stopped: 0.0000520 seconds
4.885: Total time for which application threads were stopped: 0.0000540 seconds
4.908: Total time for which application threads were stopped: 0.0000500 seconds
4.915: Total time for which application threads were stopped: 0.0000510 seconds
4.916: Total time for which application threads were stopped: 0.0001400 seconds
4.946: Total time for which application threads were stopped: 0.0000610 seconds
4.946: Total time for which application threads were stopped: 0.0000310 seconds
4.946: Total time for which application threads were stopped: 0.0000270 seconds
4.952: Total time for which application threads were stopped: 0.0000270 seconds
4.952: Total time for which application threads were stopped: 0.0000160 seconds
4.952: Total time for which application threads were stopped: 0.0000150 seconds
4.952: Total time for which application threads were stopped: 0.0000150 seconds
4.954: Total time for which application threads were stopped: 0.0000210 seconds
4.954: Total time for which application threads were stopped: 0.0000220 seconds
4.954: Total time for which application threads were stopped: 0.0000160 seconds
4.955: Total time for which application threads were stopped: 0.0000230 seconds
4.955: Total time for which application threads were stopped: 0.0000170 seconds
4.955: Total time for which application threads were stopped: 0.0000180 seconds
5.643: [GC pause (G1 Evacuation Pause) (young)
Desired survivor size 33554432 bytes, new threshold 15 (max 15)
- age   1:   11583704 bytes,   11583704 total
, 0.0151670 secs]
   [Parallel Time: 9.9 ms, GC Workers: 18]
      [GC Worker Start (ms): Min: 5643.1, Avg: 5643.3, Max: 5643.5, Diff: 0.4]
      [Ext Root Scanning (ms): Min: 1.6, Avg: 2.7, Max: 3.9, Diff: 2.3, Sum: 47.9]
      [Update RS (ms): Min: 0.0, Avg: 0.0, Max: 0.2, Diff: 0.2, Sum: 0.2]
         [Processed Buffers: Min: 0, Avg: 1.7, Max: 25, Diff: 25, Sum: 30]
      [Scan RS (ms): Min: 0.0, Avg: 0.0, Max: 0.2, Diff: 0.2, Sum: 0.8]
      [Code Root Scanning (ms): Min: 0.0, Avg: 0.1, Max: 1.0, Diff: 1.0, Sum: 1.0]
      [Object Copy (ms): Min: 5.6, Avg: 6.8, Max: 7.5, Diff: 1.9, Sum: 121.6]
      [Termination (ms): Min: 0.0, Avg: 0.0, Max: 0.0, Diff: 0.0, Sum: 0.1]
      [GC Worker Other (ms): Min: 0.0, Avg: 0.0, Max: 0.1, Diff: 0.0, Sum: 0.5]
      [GC Worker Total (ms): Min: 9.4, Avg: 9.6, Max: 9.8, Diff: 0.4, Sum: 172.2]
      [GC Worker End (ms): Min: 5652.9, Avg: 5652.9, Max: 5652.9, Diff: 0.0]
   [Code Root Fixup: 0.2 ms]
   [Code Root Migration: 0.3 ms]
   [Clear CT: 0.2 ms]
   [Other: 4.5 ms]
      [Choose CSet: 0.0 ms]
      [Ref Proc: 4.0 ms]
      [Ref Enq: 0.3 ms]
      [Free CSet: 0.1 ms]
   [Eden: 464.0M(464.0M)->0.0B(448.0M) Survivors: 48.0M->64.0M Heap: 497.3M(10.0G)->52.1M(10.0G)]
 [Times: user=0.22 sys=0.01, real=0.02 secs] 
5.658: Total time for which application threads were stopped: 0.0155980 seconds
5.659: Total time for which application threads were stopped: 0.0000570 seconds
5.659: Total time for which application threads were stopped: 0.0000470 seconds
5.659: Total time for which application threads were stopped: 0.0000460 seconds
5.659: Total time for which application threads were stopped: 0.0000440 seconds
5.659: Total time for which application threads were stopped: 0.0000360 seconds
5.659: Total time for which application threads were stopped: 0.0000300 seconds
5.659: Total time for which application threads were stopped: 0.0000300 seconds
5.659: Total time for which application threads were stopped: 0.0000280 seconds
5.659: Total time for which application threads were stopped: 0.0000300 seconds
5.659: Total time for which application threads were stopped: 0.0000440 seconds
5.659: Total time for which application threads were stopped: 0.0000360 seconds
5.659: Total time for which application threads were stopped: 0.0000390 seconds
5.659: Total time for which application threads were stopped: 0.0000320 seconds
5.659: Total time for which application threads were stopped: 0.0000380 seconds
5.659: Total time for which application threads were stopped: 0.0000190 seconds
5.659: Total time for which application threads were stopped: 0.0000250 seconds
5.660: Total time for which application threads were stopped: 0.0000270 seconds
5.660: Total time for which application threads were stopped: 0.0000340 seconds
5.660: Total time for which application threads were stopped: 0.0000310 seconds
5.660: Total time for which application threads were stopped: 0.0001120 seconds
5.660: Total time for which application threads were stopped: 0.0000290 seconds
5.660: Total time for which application threads were stopped: 0.0000350 seconds
5.660: Total time for which application threads were stopped: 0.0000350 seconds
5.660: Total time for which application threads were stopped: 0.0000270 seconds
5.660: Total time for which application threads were stopped: 0.0000280 seconds
5.660: Total time for which application threads were stopped: 0.0000300 seconds
5.660: Total time for which application threads were stopped: 0.0000280 seconds
5.660: Total time for which application threads were stopped: 0.0000310 seconds
5.660: Total time for which application threads were stopped: 0.0000310 seconds
5.660: Total time for which application threads were stopped: 0.0000300 seconds
5.660: Total time for which application threads were stopped: 0.0000340 seconds
5.660: Total time for which application threads were stopped: 0.0000290 seconds
5.660: Total time for which application threads were stopped: 0.0000320 seconds
5.660: Total time for which application threads were stopped: 0.0000310 seconds
5.661: Total time for which application threads were stopped: 0.0000350 seconds
5.661: Total time for which application threads were stopped: 0.0000300 seconds
5.661: Total time for which application threads were stopped: 0.0000310 seconds
5.661: Total time for which application threads were stopped: 0.0000330 seconds
5.661: Total time for which application threads were stopped: 0.0000340 seconds
5.661: Total time for which application threads were stopped: 0.0000970 seconds
5.665: Total time for which application threads were stopped: 0.0000930 seconds
5.665: Total time for which application threads were stopped: 0.0000440 seconds
5.665: Total time for which application threads were stopped: 0.0000630 seconds
5.665: Total time for which application threads were stopped: 0.0000540 seconds
5.665: Total time for which application threads were stopped: 0.0000570 seconds
5.665: Total time for which application threads were stopped: 0.0000600 seconds
5.665: Total time for which application threads were stopped: 0.0000630 seconds
5.665: Total time for which application threads were stopped: 0.0000580 seconds
5.666: Total time for which application threads were stopped: 0.0000780 seconds
5.666: Total time for which application threads were stopped: 0.0000650 seconds
5.666: Total time for which application threads were stopped: 0.0000550 seconds
5.666: Total time for which application threads were stopped: 0.0000500 seconds
5.666: Total time for which application threads were stopped: 0.0000720 seconds
5.666: Total time for which application threads were stopped: 0.0000570 seconds
5.666: Total time for which application threads were stopped: 0.0000560 seconds
5.754: Total time for which application threads were stopped: 0.0001220 seconds
5.759: Total time for which application threads were stopped: 0.0000630 seconds
5.871: Total time for which application threads were stopped: 0.0000710 seconds
5.871: Total time for which application threads were stopped: 0.0000520 seconds
5.920: Total time for which application threads were stopped: 0.0001000 seconds
5.965: Total time for which application threads were stopped: 0.0001260 seconds
5.966: Total time for which application threads were stopped: 0.0000160 seconds
5.966: Total time for which application threads were stopped: 0.0000160 seconds
5.966: Total time for which application threads were stopped: 0.0000150 seconds
5.966: Total time for which application threads were stopped: 0.0000160 seconds
5.966: Total time for which application threads were stopped: 0.0000270 seconds
5.966: Total time for which application threads were stopped: 0.0000140 seconds
5.966: Total time for which application threads were stopped: 0.0000140 seconds
5.966: Total time for which application threads were stopped: 0.0000160 seconds
5.966: Total time for which application threads were stopped: 0.0000150 seconds
5.966: Total time for which application threads were stopped: 0.0000150 seconds
5.966: Total time for which application threads were stopped: 0.0000140 seconds
6.635: Total time for which application threads were stopped: 0.0002860 seconds
7.635: Total time for which application threads were stopped: 0.0002570 seconds
7.787: [GC pause (G1 Evacuation Pause) (young)
Desired survivor size 33554432 bytes, new threshold 15 (max 15)
- age   1:    4067832 bytes,    4067832 total
- age   2:   11013024 bytes,   15080856 total
, 0.0261660 secs]
   [Parallel Time: 20.8 ms, GC Workers: 18]
      [GC Worker Start (ms): Min: 7787.2, Avg: 7787.4, Max: 7787.6, Diff: 0.4]
      [Ext Root Scanning (ms): Min: 1.6, Avg: 2.3, Max: 2.8, Diff: 1.2, Sum: 41.5]
      [Update RS (ms): Min: 0.0, Avg: 0.0, Max: 0.1, Diff: 0.1, Sum: 0.2]
         [Processed Buffers: Min: 0, Avg: 1.2, Max: 21, Diff: 21, Sum: 21]
      [Scan RS (ms): Min: 0.0, Avg: 0.0, Max: 0.2, Diff: 0.2, Sum: 0.7]
      [Code Root Scanning (ms): Min: 0.0, Avg: 0.1, Max: 1.2, Diff: 1.2, Sum: 2.2]
      [Object Copy (ms): Min: 17.2, Avg: 18.0, Max: 18.9, Diff: 1.7, Sum: 323.3]
      [Termination (ms): Min: 0.0, Avg: 0.0, Max: 0.0, Diff: 0.0, Sum: 0.1]
      [GC Worker Other (ms): Min: 0.0, Avg: 0.0, Max: 0.0, Diff: 0.0, Sum: 0.5]
      [GC Worker Total (ms): Min: 20.2, Avg: 20.5, Max: 20.7, Diff: 0.4, Sum: 368.4]
      [GC Worker End (ms): Min: 7807.8, Avg: 7807.9, Max: 7807.9, Diff: 0.0]
   [Code Root Fixup: 0.4 ms]
   [Code Root Migration: 1.0 ms]
   [Clear CT: 0.2 ms]
   [Other: 3.6 ms]
      [Choose CSet: 0.0 ms]
      [Ref Proc: 3.1 ms]
      [Ref Enq: 0.4 ms]
      [Free CSet: 0.1 ms]
   [Eden: 448.0M(448.0M)->0.0B(448.0M) Survivors: 64.0M->64.0M Heap: 500.1M(10.0G)->68.7M(10.0G)]
 [Times: user=0.43 sys=0.01, real=0.03 secs] 
7.813: Total time for which application threads were stopped: 0.0264360 seconds
7.814: Total time for which application threads were stopped: 0.0001390 seconds
7.814: Total time for which application threads were stopped: 0.0000560 seconds
7.814: Total time for which application threads were stopped: 0.0000640 seconds
7.814: Total time for which application threads were stopped: 0.0000570 seconds
7.814: Total time for which application threads were stopped: 0.0001700 seconds
7.989: Total time for which application threads were stopped: 0.0001190 seconds
7.994: Total time for which application threads were stopped: 0.0001380 seconds
8.023: Total time for which application threads were stopped: 0.0001270 seconds
9.024: Total time for which application threads were stopped: 0.0002300 seconds
9.072: [GC pause (G1 Evacuation Pause) (young)
Desired survivor size 33554432 bytes, new threshold 2 (max 15)
- age   1:   32871864 bytes,   32871864 total
- age   2:    3905832 bytes,   36777696 total
- age   3:   11010840 bytes,   47788536 total
, 0.0368560 secs]
   [Parallel Time: 31.4 ms, GC Workers: 18]
      [GC Worker Start (ms): Min: 9072.2, Avg: 9072.7, Max: 9073.2, Diff: 1.0]
      [Ext Root Scanning (ms): Min: 1.6, Avg: 2.9, Max: 4.3, Diff: 2.8, Sum: 51.6]
      [Update RS (ms): Min: 0.0, Avg: 0.1, Max: 0.4, Diff: 0.4, Sum: 1.0]
         [Processed Buffers: Min: 0, Avg: 0.8, Max: 6, Diff: 6, Sum: 15]
      [Scan RS (ms): Min: 0.0, Avg: 0.0, Max: 0.1, Diff: 0.1, Sum: 0.5]
      [Code Root Scanning (ms): Min: 0.0, Avg: 0.1, Max: 2.4, Diff: 2.4, Sum: 2.6]
      [Object Copy (ms): Min: 24.9, Avg: 27.6, Max: 28.8, Diff: 3.9, Sum: 496.9]
      [Termination (ms): Min: 0.0, Avg: 0.0, Max: 0.0, Diff: 0.0, Sum: 0.3]
      [GC Worker Other (ms): Min: 0.0, Avg: 0.1, Max: 0.1, Diff: 0.1, Sum: 1.0]
      [GC Worker Total (ms): Min: 30.2, Avg: 30.8, Max: 31.2, Diff: 1.0, Sum: 553.8]
      [GC Worker End (ms): Min: 9103.4, Avg: 9103.4, Max: 9103.5, Diff: 0.0]
   [Code Root Fixup: 0.5 ms]
   [Code Root Migration: 0.6 ms]
   [Clear CT: 0.2 ms]
   [Other: 4.2 ms]
      [Choose CSet: 0.0 ms]
      [Ref Proc: 3.8 ms]
      [Ref Enq: 0.2 ms]
      [Free CSet: 0.1 ms]
   [Eden: 448.0M(448.0M)->0.0B(448.0M) Survivors: 64.0M->64.0M Heap: 516.7M(10.0G)->120.9M(10.0G)]
 [Times: user=0.50 sys=0.10, real=0.04 secs] 
9.109: Total time for which application threads were stopped: 0.0371560 seconds
10.110: Total time for which application threads were stopped: 0.0002600 seconds
10.382: Total time for which application threads were stopped: 0.0001050 seconds
10.432: Total time for which application threads were stopped: 0.0004270 seconds
10.829: [GC pause (G1 Evacuation Pause) (young)
Desired survivor size 33554432 bytes, new threshold 2 (max 15)
- age   1:   13799616 bytes,   13799616 total
- age   2:   32751272 bytes,   46550888 total
, 0.0346060 secs]
   [Parallel Time: 28.7 ms, GC Workers: 18]
      [GC Worker Start (ms): Min: 10829.1, Avg: 10829.4, Max: 10830.3, Diff: 1.2]
      [Ext Root Scanning (ms): Min: 1.9, Avg: 3.0, Max: 11.0, Diff: 9.1, Sum: 54.7]
      [Update RS (ms): Min: 0.0, Avg: 0.2, Max: 0.8, Diff: 0.8, Sum: 3.8]
         [Processed Buffers: Min: 0, Avg: 1.7, Max: 8, Diff: 8, Sum: 31]
      [Scan RS (ms): Min: 0.0, Avg: 0.1, Max: 0.3, Diff: 0.3, Sum: 2.7]
      [Code Root Scanning (ms): Min: 0.0, Avg: 0.0, Max: 0.0, Diff: 0.0, Sum: 0.1]
      [Object Copy (ms): Min: 17.3, Avg: 20.8, Max: 21.5, Diff: 4.1, Sum: 373.9]
      [Termination (ms): Min: 0.0, Avg: 4.0, Max: 4.2, Diff: 4.2, Sum: 71.3]
      [GC Worker Other (ms): Min: 0.0, Avg: 0.0, Max: 0.1, Diff: 0.1, Sum: 0.5]
      [GC Worker Total (ms): Min: 27.3, Avg: 28.2, Max: 28.5, Diff: 1.2, Sum: 507.0]
      [GC Worker End (ms): Min: 10857.5, Avg: 10857.5, Max: 10857.5, Diff: 0.0]
   [Code Root Fixup: 0.0 ms]
   [Code Root Migration: 0.1 ms]
   [Clear CT: 0.2 ms]
   [Other: 5.5 ms]
      [Choose CSet: 0.0 ms]
      [Ref Proc: 5.1 ms]
      [Ref Enq: 0.1 ms]
      [Free CSet: 0.1 ms]
   [Eden: 448.0M(448.0M)->0.0B(448.0M) Survivors: 64.0M->64.0M Heap: 568.9M(10.0G)->158.6M(10.0G)]
 [Times: user=0.53 sys=0.06, real=0.03 secs] 
10.864: Total time for which application threads were stopped: 0.0350630 seconds
11.864: Total time for which application threads were stopped: 0.0002390 seconds
12.307: Total time for which application threads were stopped: 0.0001970 seconds
12.318: Total time for which application threads were stopped: 0.0001780 seconds
12.328: Total time for which application threads were stopped: 0.0000300 seconds
12.458: Total time for which application threads were stopped: 0.0002820 seconds
12.732: Total time for which application threads were stopped: 0.0003110 seconds
13.636: Total time for which application threads were stopped: 0.0003030 seconds
13.637: Total time for which application threads were stopped: 0.0000610 seconds
13.642: Total time for which application threads were stopped: 0.0001280 seconds
14.378: Total time for which application threads were stopped: 0.0005170 seconds
15.126: [GC pause (G1 Evacuation Pause) (young)
Desired survivor size 33554432 bytes, new threshold 15 (max 15)
- age   1:    6226936 bytes,    6226936 total
- age   2:   13746784 bytes,   19973720 total
, 0.0276670 secs]
   [Parallel Time: 20.5 ms, GC Workers: 18]
      [GC Worker Start (ms): Min: 15125.7, Avg: 15125.9, Max: 15126.0, Diff: 0.3]
      [Ext Root Scanning (ms): Min: 2.1, Avg: 3.3, Max: 10.6, Diff: 8.5, Sum: 58.9]
      [Update RS (ms): Min: 0.0, Avg: 0.1, Max: 0.6, Diff: 0.6, Sum: 1.0]
         [Processed Buffers: Min: 0, Avg: 2.3, Max: 19, Diff: 19, Sum: 42]
      [Scan RS (ms): Min: 0.0, Avg: 0.2, Max: 0.6, Diff: 0.6, Sum: 3.9]
      [Code Root Scanning (ms): Min: 0.0, Avg: 0.0, Max: 0.2, Diff: 0.2, Sum: 0.3]
      [Object Copy (ms): Min: 9.4, Avg: 16.3, Max: 17.0, Diff: 7.6, Sum: 294.1]
      [Termination (ms): Min: 0.0, Avg: 0.3, Max: 0.3, Diff: 0.3, Sum: 4.8]
      [GC Worker Other (ms): Min: 0.0, Avg: 0.0, Max: 0.0, Diff: 0.0, Sum: 0.4]
      [GC Worker Total (ms): Min: 20.0, Avg: 20.2, Max: 20.4, Diff: 0.3, Sum: 363.3]
      [GC Worker End (ms): Min: 15146.1, Avg: 15146.1, Max: 15146.1, Diff: 0.0]
   [Code Root Fixup: 0.1 ms]
   [Code Root Migration: 0.3 ms]
   [Clear CT: 0.2 ms]
   [Other: 6.5 ms]
      [Choose CSet: 0.0 ms]
      [Ref Proc: 6.0 ms]
      [Ref Enq: 0.3 ms]
      [Free CSet: 0.1 ms]
   [Eden: 448.0M(448.0M)->0.0B(448.0M) Survivors: 64.0M->64.0M Heap: 606.6M(10.0G)->169.5M(10.0G)]
 [Times: user=0.41 sys=0.05, real=0.03 secs] 
15.154: Total time for which application threads were stopped: 0.0282510 seconds
15.155: Total time for which application threads were stopped: 0.0001340 seconds
15.186: Total time for which application threads were stopped: 0.0000400 seconds
15.186: Total time for which application threads were stopped: 0.0000230 seconds
15.383: Total time for which application threads were stopped: 0.0001430 seconds
15.385: Total time for which application threads were stopped: 0.0000770 seconds
15.385: Total time for which application threads were stopped: 0.0000930 seconds
15.387: Total time for which application threads were stopped: 0.0001070 seconds
15.391: Total time for which application threads were stopped: 0.0000360 seconds
15.391: Total time for which application threads were stopped: 0.0000310 seconds
15.391: Total time for which application threads were stopped: 0.0000290 seconds
15.391: Total time for which application threads were stopped: 0.0000260 seconds
15.391: Total time for which application threads were stopped: 0.0000230 seconds
15.391: Total time for which application threads were stopped: 0.0000350 seconds
15.392: Total time for which application threads were stopped: 0.0000210 seconds
15.408: Total time for which application threads were stopped: 0.0002670 seconds
16.409: Total time for which application threads were stopped: 0.0003080 seconds
16.489: Total time for which application threads were stopped: 0.0003250 seconds
16.490: Total time for which application threads were stopped: 0.0000270 seconds
17.257: [GC pause (G1 Evacuation Pause) (young)
Desired survivor size 33554432 bytes, new threshold 3 (max 15)
- age   1:   24516136 bytes,   24516136 total
- age   2:    5992984 bytes,   30509120 total
- age   3:   13746688 bytes,   44255808 total
, 0.0800510 secs]
   [Parallel Time: 75.2 ms, GC Workers: 18]
      [GC Worker Start (ms): Min: 17256.7, Avg: 17256.9, Max: 17257.1, Diff: 0.4]
      [Ext Root Scanning (ms): Min: 2.5, Avg: 3.3, Max: 4.1, Diff: 1.5, Sum: 59.4]
      [Update RS (ms): Min: 0.0, Avg: 0.1, Max: 0.5, Diff: 0.5, Sum: 1.6]
         [Processed Buffers: Min: 0, Avg: 2.4, Max: 19, Diff: 19, Sum: 44]
      [Scan RS (ms): Min: 0.0, Avg: 0.2, Max: 0.7, Diff: 0.6, Sum: 4.4]
      [Code Root Scanning (ms): Min: 0.0, Avg: 0.0, Max: 0.4, Diff: 0.4, Sum: 0.5]
      [Object Copy (ms): Min: 70.3, Avg: 70.7, Max: 71.4, Diff: 1.1, Sum: 1272.3]
      [Termination (ms): Min: 0.0, Avg: 0.4, Max: 0.7, Diff: 0.7, Sum: 8.1]
      [GC Worker Other (ms): Min: 0.0, Avg: 0.0, Max: 0.1, Diff: 0.0, Sum: 0.6]
      [GC Worker Total (ms): Min: 74.6, Avg: 74.8, Max: 75.1, Diff: 0.4, Sum: 1346.8]
      [GC Worker End (ms): Min: 17331.7, Avg: 17331.7, Max: 17331.8, Diff: 0.0]
   [Code Root Fixup: 0.2 ms]
   [Code Root Migration: 0.3 ms]
   [Clear CT: 0.2 ms]
   [Other: 4.2 ms]
      [Choose CSet: 0.0 ms]
      [Ref Proc: 3.5 ms]
      [Ref Enq: 0.3 ms]
      [Free CSet: 0.1 ms]
   [Eden: 448.0M(448.0M)->0.0B(448.0M) Survivors: 64.0M->64.0M Heap: 617.5M(10.0G)->476.1M(10.0G)]
 [Times: user=0.74 sys=0.58, real=0.08 secs] 
17.337: Total time for which application threads were stopped: 0.0805550 seconds
17.338: Total time for which application threads were stopped: 0.0001400 seconds
17.339: Total time for which application threads were stopped: 0.0000740 seconds
17.339: Total time for which application threads were stopped: 0.0000550 seconds
18.339: Total time for which application threads were stopped: 0.0002890 seconds
18.499: [GC pause (G1 Evacuation Pause) (young)
Desired survivor size 33554432 bytes, new threshold 1 (max 15)
- age   1:  275081184 bytes,  275081184 total
- age   2:   24375336 bytes,  299456520 total
- age   3:    5988040 bytes,  305444560 total
, 0.1171560 secs]
   [Parallel Time: 114.6 ms, GC Workers: 18]
      [GC Worker Start (ms): Min: 18499.4, Avg: 18499.7, Max: 18500.1, Diff: 0.7]
      [Ext Root Scanning (ms): Min: 2.3, Avg: 3.1, Max: 3.7, Diff: 1.4, Sum: 56.0]
      [Update RS (ms): Min: 0.0, Avg: 0.4, Max: 1.1, Diff: 1.1, Sum: 7.4]
         [Processed Buffers: Min: 0, Avg: 1.8, Max: 6, Diff: 6, Sum: 32]
      [Scan RS (ms): Min: 0.3, Avg: 0.6, Max: 2.8, Diff: 2.5, Sum: 10.2]
      [Code Root Scanning (ms): Min: 0.0, Avg: 0.0, Max: 0.1, Diff: 0.1, Sum: 0.3]
      [Object Copy (ms): Min: 106.0, Avg: 109.2, Max: 110.5, Diff: 4.4, Sum: 1965.6]
      [Termination (ms): Min: 0.0, Avg: 0.8, Max: 1.7, Diff: 1.7, Sum: 14.9]
      [GC Worker Other (ms): Min: 0.0, Avg: 0.0, Max: 0.1, Diff: 0.1, Sum: 0.5]
      [GC Worker Total (ms): Min: 113.8, Avg: 114.2, Max: 114.4, Diff: 0.7, Sum: 2054.7]
      [GC Worker End (ms): Min: 18613.8, Avg: 18613.8, Max: 18613.9, Diff: 0.0]
   [Code Root Fixup: 0.1 ms]
   [Code Root Migration: 0.2 ms]
   [Clear CT: 0.2 ms]
   [Other: 2.0 ms]
      [Choose CSet: 0.0 ms]
      [Ref Proc: 1.5 ms]
      [Ref Enq: 0.1 ms]
      [Free CSet: 0.1 ms]
   [Eden: 448.0M(448.0M)->0.0B(448.0M) Survivors: 64.0M->64.0M Heap: 924.1M(10.0G)->923.1M(10.0G)]
 [Times: user=0.92 sys=0.99, real=0.11 secs] 
18.617: Total time for which application threads were stopped: 0.1174360 seconds
19.722: [GC pause (G1 Evacuation Pause) (young)
Desired survivor size 33554432 bytes, new threshold 1 (max 15)
- age   1:  456345320 bytes,  456345320 total
, 0.1082520 secs]
   [Parallel Time: 106.1 ms, GC Workers: 18]
      [GC Worker Start (ms): Min: 19722.1, Avg: 19722.3, Max: 19722.5, Diff: 0.4]
      [Ext Root Scanning (ms): Min: 1.9, Avg: 3.3, Max: 4.1, Diff: 2.2, Sum: 59.7]
      [Update RS (ms): Min: 0.3, Avg: 1.0, Max: 2.1, Diff: 1.9, Sum: 17.4]
         [Processed Buffers: Min: 1, Avg: 2.1, Max: 6, Diff: 5, Sum: 38]
      [Scan RS (ms): Min: 0.0, Avg: 0.0, Max: 0.1, Diff: 0.1, Sum: 0.4]
      [Code Root Scanning (ms): Min: 0.0, Avg: 0.0, Max: 0.0, Diff: 0.0, Sum: 0.0]
      [Object Copy (ms): Min: 99.7, Avg: 100.8, Max: 103.1, Diff: 3.3, Sum: 1815.2]
      [Termination (ms): Min: 0.0, Avg: 0.6, Max: 1.6, Diff: 1.6, Sum: 10.7]
      [GC Worker Other (ms): Min: 0.0, Avg: 0.0, Max: 0.1, Diff: 0.0, Sum: 0.6]
      [GC Worker Total (ms): Min: 105.6, Avg: 105.8, Max: 106.0, Diff: 0.4, Sum: 1904.1]
      [GC Worker End (ms): Min: 19828.1, Avg: 19828.1, Max: 19828.1, Diff: 0.0]
   [Code Root Fixup: 0.0 ms]
   [Code Root Migration: 0.0 ms]
   [Clear CT: 0.2 ms]
   [Other: 1.9 ms]
      [Choose CSet: 0.0 ms]
      [Ref Proc: 1.6 ms]
      [Ref Enq: 0.2 ms]
      [Free CSet: 0.1 ms]
   [Eden: 448.0M(448.0M)->0.0B(448.0M) Survivors: 64.0M->64.0M Heap: 1371.1M(10.0G)->1371.1M(10.0G)]
 [Times: user=0.83 sys=1.00, real=0.11 secs] 
19.830: Total time for which application threads were stopped: 0.1086510 seconds
20.156: Total time for which application threads were stopped: 0.0002500 seconds
21.157: Total time for which application threads were stopped: 0.0003600 seconds
22.157: Total time for which application threads were stopped: 0.0002520 seconds
23.157: Total time for which application threads were stopped: 0.0003040 seconds
23.176: [GC pause (G1 Evacuation Pause) (young)
Desired survivor size 33554432 bytes, new threshold 1 (max 15)
- age   1:  456344256 bytes,  456344256 total
, 0.1336550 secs]
   [Parallel Time: 129.6 ms, GC Workers: 18]
      [GC Worker Start (ms): Min: 23175.6, Avg: 23175.9, Max: 23176.1, Diff: 0.5]
      [Ext Root Scanning (ms): Min: 2.2, Avg: 3.1, Max: 3.6, Diff: 1.4, Sum: 55.4]
      [Update RS (ms): Min: 0.0, Avg: 0.1, Max: 0.8, Diff: 0.8, Sum: 2.6]
         [Processed Buffers: Min: 0, Avg: 1.7, Max: 13, Diff: 13, Sum: 30]
      [Scan RS (ms): Min: 0.0, Avg: 0.0, Max: 0.1, Diff: 0.1, Sum: 0.2]
      [Code Root Scanning (ms): Min: 0.0, Avg: 0.0, Max: 0.0, Diff: 0.0, Sum: 0.0]
      [Object Copy (ms): Min: 125.3, Avg: 125.7, Max: 126.0, Diff: 0.8, Sum: 2261.9]
      [Termination (ms): Min: 0.1, Avg: 0.2, Max: 0.3, Diff: 0.1, Sum: 3.5]
      [GC Worker Other (ms): Min: 0.0, Avg: 0.0, Max: 0.1, Diff: 0.0, Sum: 0.5]
      [GC Worker Total (ms): Min: 128.9, Avg: 129.1, Max: 129.5, Diff: 0.5, Sum: 2324.1]
      [GC Worker End (ms): Min: 23305.0, Avg: 23305.1, Max: 23305.1, Diff: 0.0]
   [Code Root Fixup: 0.0 ms]
   [Code Root Migration: 0.0 ms]
   [Clear CT: 0.2 ms]
   [Other: 3.8 ms]
      [Choose CSet: 0.0 ms]
      [Ref Proc: 2.8 ms]
      [Ref Enq: 0.1 ms]
      [Free CSet: 0.1 ms]
   [Eden: 448.0M(448.0M)->0.0B(448.0M) Survivors: 64.0M->64.0M Heap: 1819.1M(10.0G)->1669.5M(10.0G)]
 [Times: user=2.18 sys=0.14, real=0.13 secs] 
23.309: Total time for which application threads were stopped: 0.1339950 seconds
23.826: Total time for which application threads were stopped: 0.0004680 seconds
24.237: Total time for which application threads were stopped: 0.0002340 seconds
24.238: Total time for which application threads were stopped: 0.0000460 seconds
24.239: Total time for which application threads were stopped: 0.0001590 seconds
24.239: Total time for which application threads were stopped: 0.0000820 seconds
24.239: Total time for which application threads were stopped: 0.0000930 seconds
24.253: Total time for which application threads were stopped: 0.0000850 seconds
24.253: Total time for which application threads were stopped: 0.0000420 seconds
25.254: Total time for which application threads were stopped: 0.0002840 seconds
25.459: [GC pause (G1 Evacuation Pause) (young)
Desired survivor size 33554432 bytes, new threshold 1 (max 15)
- age   1:  286065120 bytes,  286065120 total
, 0.0916090 secs]
   [Parallel Time: 83.4 ms, GC Workers: 18]
      [GC Worker Start (ms): Min: 25458.9, Avg: 25459.1, Max: 25459.2, Diff: 0.3]
      [Ext Root Scanning (ms): Min: 0.3, Avg: 3.1, Max: 5.1, Diff: 4.9, Sum: 55.0]
      [Update RS (ms): Min: 0.6, Avg: 2.0, Max: 2.7, Diff: 2.0, Sum: 36.0]
         [Processed Buffers: Min: 1, Avg: 3.0, Max: 10, Diff: 9, Sum: 54]
      [Scan RS (ms): Min: 14.6, Avg: 15.1, Max: 15.5, Diff: 0.8, Sum: 272.3]
      [Code Root Scanning (ms): Min: 0.0, Avg: 0.0, Max: 0.0, Diff: 0.0, Sum: 0.1]
      [Object Copy (ms): Min: 60.3, Avg: 62.4, Max: 65.4, Diff: 5.1, Sum: 1124.1]
      [Termination (ms): Min: 0.0, Avg: 0.4, Max: 0.6, Diff: 0.6, Sum: 8.0]
      [GC Worker Other (ms): Min: 0.0, Avg: 0.0, Max: 0.0, Diff: 0.0, Sum: 0.6]
      [GC Worker Total (ms): Min: 83.0, Avg: 83.1, Max: 83.3, Diff: 0.3, Sum: 1496.0]
      [GC Worker End (ms): Min: 25542.2, Avg: 25542.2, Max: 25542.2, Diff: 0.0]
   [Code Root Fixup: 0.0 ms]
   [Code Root Migration: 0.1 ms]
   [Clear CT: 0.4 ms]
   [Other: 7.7 ms]
      [Choose CSet: 0.0 ms]
      [Ref Proc: 6.5 ms]
      [Ref Enq: 0.1 ms]
      [Free CSet: 0.1 ms]
   [Eden: 448.0M(448.0M)->0.0B(448.0M) Survivors: 64.0M->64.0M Heap: 2117.5M(10.0G)->1949.6M(10.0G)]
 [Times: user=1.41 sys=0.12, real=0.10 secs] 
25.551: Total time for which application threads were stopped: 0.0919410 seconds
26.084: Total time for which application threads were stopped: 0.0003860 seconds
26.604: [GC pause (G1 Evacuation Pause) (young)
Desired survivor size 33554432 bytes, new threshold 1 (max 15)
- age   1:   62745664 bytes,   62745664 total
, 0.0509850 secs]
   [Parallel Time: 45.7 ms, GC Workers: 18]
      [GC Worker Start (ms): Min: 26603.7, Avg: 26604.0, Max: 26604.3, Diff: 0.6]
      [Ext Root Scanning (ms): Min: 2.0, Avg: 3.0, Max: 3.6, Diff: 1.6, Sum: 54.0]
      [Update RS (ms): Min: 0.4, Avg: 1.0, Max: 2.0, Diff: 1.5, Sum: 17.6]
         [Processed Buffers: Min: 1, Avg: 3.4, Max: 7, Diff: 6, Sum: 62]
      [Scan RS (ms): Min: 1.0, Avg: 1.2, Max: 1.3, Diff: 0.3, Sum: 21.2]
      [Code Root Scanning (ms): Min: 0.0, Avg: 0.0, Max: 0.0, Diff: 0.0, Sum: 0.1]
      [Object Copy (ms): Min: 39.7, Avg: 40.1, Max: 40.9, Diff: 1.2, Sum: 722.2]
      [Termination (ms): Min: 0.0, Avg: 0.0, Max: 0.0, Diff: 0.0, Sum: 0.1]
      [GC Worker Other (ms): Min: 0.0, Avg: 0.1, Max: 0.1, Diff: 0.1, Sum: 1.0]
      [GC Worker Total (ms): Min: 45.0, Avg: 45.3, Max: 45.6, Diff: 0.6, Sum: 816.1]
      [GC Worker End (ms): Min: 26649.3, Avg: 26649.3, Max: 26649.3, Diff: 0.0]
   [Code Root Fixup: 0.0 ms]
   [Code Root Migration: 0.1 ms]
   [Clear CT: 0.3 ms]
   [Other: 4.8 ms]
      [Choose CSet: 0.0 ms]
      [Ref Proc: 4.2 ms]
      [Ref Enq: 0.1 ms]
      [Free CSet: 0.1 ms]
   [Eden: 448.0M(448.0M)->0.0B(448.0M) Survivors: 64.0M->64.0M Heap: 2397.6M(10.0G)->2071.6M(10.0G)]
 [Times: user=0.79 sys=0.06, real=0.05 secs] 
26.655: Total time for which application threads were stopped: 0.0514680 seconds
27.191: Total time for which application threads were stopped: 0.0005940 seconds
27.794: [GC pause (G1 Evacuation Pause) (young)
Desired survivor size 33554432 bytes, new threshold 1 (max 15)
- age   1:   66700016 bytes,   66700016 total
, 0.0427440 secs]
   [Parallel Time: 38.0 ms, GC Workers: 18]
      [GC Worker Start (ms): Min: 27793.8, Avg: 27793.9, Max: 27794.1, Diff: 0.4]
      [Ext Root Scanning (ms): Min: 2.6, Avg: 3.4, Max: 4.1, Diff: 1.5, Sum: 61.8]
      [Update RS (ms): Min: 0.0, Avg: 0.6, Max: 1.5, Diff: 1.5, Sum: 10.2]
         [Processed Buffers: Min: 0, Avg: 3.0, Max: 10, Diff: 10, Sum: 54]
      [Scan RS (ms): Min: 0.4, Avg: 0.6, Max: 0.7, Diff: 0.3, Sum: 11.3]
      [Code Root Scanning (ms): Min: 0.0, Avg: 0.0, Max: 0.0, Diff: 0.0, Sum: 0.0]
      [Object Copy (ms): Min: 32.7, Avg: 33.0, Max: 33.3, Diff: 0.5, Sum: 593.2]
      [Termination (ms): Min: 0.0, Avg: 0.0, Max: 0.0, Diff: 0.0, Sum: 0.0]
      [GC Worker Other (ms): Min: 0.0, Avg: 0.0, Max: 0.1, Diff: 0.1, Sum: 0.7]
      [GC Worker Total (ms): Min: 37.5, Avg: 37.6, Max: 37.8, Diff: 0.4, Sum: 677.3]
      [GC Worker End (ms): Min: 27831.5, Avg: 27831.6, Max: 27831.6, Diff: 0.0]
   [Code Root Fixup: 0.0 ms]
   [Code Root Migration: 0.0 ms]
   [Clear CT: 0.3 ms]
   [Other: 4.4 ms]
      [Choose CSet: 0.0 ms]
      [Ref Proc: 3.7 ms]
      [Ref Enq: 0.1 ms]
      [Free CSet: 0.1 ms]
   [Eden: 448.0M(448.0M)->0.0B(448.0M) Survivors: 64.0M->64.0M Heap: 2519.6M(10.0G)->2159.7M(10.0G)]
 [Times: user=0.66 sys=0.05, real=0.04 secs] 
27.837: Total time for which application threads were stopped: 0.0432710 seconds
28.837: Total time for which application threads were stopped: 0.0003520 seconds
31.800: [GC pause (G1 Evacuation Pause) (young)
Desired survivor size 33554432 bytes, new threshold 15 (max 15)
- age   1:   33351608 bytes,   33351608 total
, 0.3036950 secs]
   [Parallel Time: 296.8 ms, GC Workers: 18]
      [GC Worker Start (ms): Min: 31800.1, Avg: 31800.4, Max: 31800.6, Diff: 0.5]
      [Ext Root Scanning (ms): Min: 2.6, Avg: 3.3, Max: 4.1, Diff: 1.5, Sum: 59.0]
      [Update RS (ms): Min: 5.4, Avg: 7.4, Max: 11.2, Diff: 5.8, Sum: 132.9]
         [Processed Buffers: Min: 1, Avg: 3.0, Max: 11, Diff: 10, Sum: 54]
      [Scan RS (ms): Min: 75.5, Avg: 79.0, Max: 80.5, Diff: 5.0, Sum: 1422.4]
      [Code Root Scanning (ms): Min: 0.0, Avg: 0.0, Max: 0.1, Diff: 0.1, Sum: 0.1]
      [Object Copy (ms): Min: 205.4, Avg: 206.2, Max: 207.0, Diff: 1.5, Sum: 3710.9]
      [Termination (ms): Min: 0.0, Avg: 0.4, Max: 0.8, Diff: 0.8, Sum: 7.6]
      [GC Worker Other (ms): Min: 0.0, Avg: 0.0, Max: 0.1, Diff: 0.0, Sum: 0.7]
      [GC Worker Total (ms): Min: 296.1, Avg: 296.3, Max: 296.6, Diff: 0.5, Sum: 5333.7]
      [GC Worker End (ms): Min: 32096.7, Avg: 32096.7, Max: 32096.8, Diff: 0.0]
   [Code Root Fixup: 0.0 ms]
   [Code Root Migration: 0.0 ms]
   [Clear CT: 0.4 ms]
   [Other: 6.5 ms]
      [Choose CSet: 0.0 ms]
      [Ref Proc: 4.0 ms]
      [Ref Enq: 0.1 ms]
      [Free CSet: 0.1 ms]
   [Eden: 448.0M(448.0M)->0.0B(448.0M) Survivors: 64.0M->64.0M Heap: 2633.8M(10.0G)->2517.3M(10.0G)]
 [Times: user=3.86 sys=0.37, real=0.31 secs] 
32.104: Total time for which application threads were stopped: 0.3041280 seconds
35.104: Total time for which application threads were stopped: 0.0003270 seconds
35.953: Total time for which application threads were stopped: 0.0002060 seconds
35.953: Total time for which application threads were stopped: 0.0001170 seconds
35.963: Total time for which application threads were stopped: 0.0001500 seconds
35.963: Total time for which application threads were stopped: 0.0000340 seconds
35.963: Total time for which application threads were stopped: 0.0000250 seconds
35.963: Total time for which application threads were stopped: 0.0000470 seconds
35.963: Total time for which application threads were stopped: 0.0000250 seconds
35.963: Total time for which application threads were stopped: 0.0000230 seconds
35.963: Total time for which application threads were stopped: 0.0000220 seconds
35.971: Total time for which application threads were stopped: 0.0000740 seconds
35.971: Total time for which application threads were stopped: 0.0001130 seconds
35.980: Total time for which application threads were stopped: 0.0001130 seconds
35.980: Total time for which application threads were stopped: 0.0000470 seconds
35.980: Total time for which application threads were stopped: 0.0002590 seconds
35.980: Total time for which application threads were stopped: 0.0000410 seconds
35.981: Total time for which application threads were stopped: 0.0000270 seconds
35.981: Total time for which application threads were stopped: 0.0000350 seconds
35.981: Total time for which application threads were stopped: 0.0000400 seconds
36.605: [GC pause (G1 Evacuation Pause) (young)
Desired survivor size 33554432 bytes, new threshold 1 (max 15)
- age   1:  350917560 bytes,  350917560 total
- age   2:   32916728 bytes,  383834288 total
, 0.2688060 secs]
   [Parallel Time: 260.5 ms, GC Workers: 18]
      [GC Worker Start (ms): Min: 36604.7, Avg: 36604.8, Max: 36605.0, Diff: 0.3]
      [Ext Root Scanning (ms): Min: 1.6, Avg: 3.1, Max: 4.8, Diff: 3.2, Sum: 55.4]
      [Update RS (ms): Min: 0.9, Avg: 1.7, Max: 6.3, Diff: 5.4, Sum: 30.0]
         [Processed Buffers: Min: 2, Avg: 3.8, Max: 13, Diff: 11, Sum: 69]
      [Scan RS (ms): Min: 62.8, Avg: 67.6, Max: 68.2, Diff: 5.4, Sum: 1216.2]
      [Code Root Scanning (ms): Min: 0.0, Avg: 0.0, Max: 0.0, Diff: 0.0, Sum: 0.2]
      [Object Copy (ms): Min: 186.4, Avg: 187.8, Max: 189.3, Diff: 2.9, Sum: 3380.8]
      [Termination (ms): Min: 0.0, Avg: 0.0, Max: 0.0, Diff: 0.0, Sum: 0.3]
      [GC Worker Other (ms): Min: 0.0, Avg: 0.1, Max: 0.1, Diff: 0.1, Sum: 0.9]
      [GC Worker Total (ms): Min: 260.1, Avg: 260.2, Max: 260.3, Diff: 0.3, Sum: 4683.8]
      [GC Worker End (ms): Min: 36865.0, Avg: 36865.0, Max: 36865.1, Diff: 0.0]
   [Code Root Fixup: 0.0 ms]
   [Code Root Migration: 0.0 ms]
   [Clear CT: 0.3 ms]
   [Other: 7.9 ms]
      [Choose CSet: 0.0 ms]
      [Ref Proc: 3.9 ms]
      [Ref Enq: 0.1 ms]
      [Free CSet: 0.1 ms]
   [Eden: 448.0M(448.0M)->0.0B(448.0M) Survivors: 64.0M->64.0M Heap: 2988.7M(10.0G)->3097.6M(10.0G)]
 [Times: user=4.44 sys=0.28, real=0.27 secs] 
36.874: Total time for which application threads were stopped: 0.2692830 seconds
37.790: Total time for which application threads were stopped: 0.0005820 seconds
37.798: Total time for which application threads were stopped: 0.0001320 seconds
37.798: Total time for which application threads were stopped: 0.0000880 seconds
37.798: Total time for which application threads were stopped: 0.0000600 seconds
37.798: Total time for which application threads were stopped: 0.0000370 seconds
37.798: Total time for which application threads were stopped: 0.0000260 seconds
37.799: Total time for which application threads were stopped: 0.0000240 seconds
37.799: Total time for which application threads were stopped: 0.0000360 seconds
37.799: Total time for which application threads were stopped: 0.0000410 seconds
37.799: Total time for which application threads were stopped: 0.0000360 seconds
37.799: Total time for which application threads were stopped: 0.0000260 seconds
37.799: Total time for which application threads were stopped: 0.0000250 seconds
37.799: Total time for which application threads were stopped: 0.0000250 seconds
37.949: Total time for which application threads were stopped: 0.0001310 seconds
38.478: Total time for which application threads were stopped: 0.0003690 seconds
38.561: [GC pause (G1 Evacuation Pause) (young)
Desired survivor size 33554432 bytes, new threshold 1 (max 15)
- age   1:  341357312 bytes,  341357312 total
, 0.1457550 secs]
   [Parallel Time: 141.2 ms, GC Workers: 18]
      [GC Worker Start (ms): Min: 38560.9, Avg: 38561.1, Max: 38561.2, Diff: 0.3]
      [Ext Root Scanning (ms): Min: 0.2, Avg: 2.9, Max: 5.3, Diff: 5.1, Sum: 53.0]
      [Update RS (ms): Min: 7.0, Avg: 12.4, Max: 32.1, Diff: 25.1, Sum: 223.0]
         [Processed Buffers: Min: 2, Avg: 4.5, Max: 17, Diff: 15, Sum: 81]
      [Scan RS (ms): Min: 0.0, Avg: 6.6, Max: 10.7, Diff: 10.7, Sum: 118.9]
      [Code Root Scanning (ms): Min: 0.0, Avg: 0.0, Max: 0.0, Diff: 0.0, Sum: 0.0]
      [Object Copy (ms): Min: 106.1, Avg: 118.6, Max: 122.5, Diff: 16.4, Sum: 2134.7]
      [Termination (ms): Min: 0.0, Avg: 0.4, Max: 0.7, Diff: 0.7, Sum: 6.7]
      [GC Worker Other (ms): Min: 0.0, Avg: 0.0, Max: 0.1, Diff: 0.0, Sum: 0.8]
      [GC Worker Total (ms): Min: 140.8, Avg: 141.0, Max: 141.1, Diff: 0.3, Sum: 2537.2]
      [GC Worker End (ms): Min: 38702.0, Avg: 38702.0, Max: 38702.0, Diff: 0.0]
   [Code Root Fixup: 0.0 ms]
   [Code Root Migration: 0.0 ms]
   [Clear CT: 0.3 ms]
   [Other: 4.2 ms]
      [Choose CSet: 0.0 ms]
      [Ref Proc: 2.7 ms]
      [Ref Enq: 0.1 ms]
      [Free CSet: 0.1 ms]
   [Eden: 448.0M(448.0M)->0.0B(448.0M) Survivors: 64.0M->64.0M Heap: 3545.6M(10.0G)->3513.6M(10.0G)]
 [Times: user=2.43 sys=0.12, real=0.15 secs] 
38.707: Total time for which application threads were stopped: 0.1460840 seconds
39.707: Total time for which application threads were stopped: 0.0004170 seconds
41.708: Total time for which application threads were stopped: 0.0003710 seconds
41.984: [GC pause (G1 Evacuation Pause) (young)
Desired survivor size 33554432 bytes, new threshold 1 (max 15)
- age   1:  131326344 bytes,  131326344 total
, 0.1179390 secs]
   [Parallel Time: 111.2 ms, GC Workers: 18]
      [GC Worker Start (ms): Min: 41984.1, Avg: 41984.3, Max: 41984.5, Diff: 0.4]
      [Ext Root Scanning (ms): Min: 0.2, Avg: 2.9, Max: 6.1, Diff: 5.9, Sum: 53.0]
      [Update RS (ms): Min: 1.4, Avg: 3.1, Max: 11.1, Diff: 9.8, Sum: 55.6]
         [Processed Buffers: Min: 1, Avg: 3.9, Max: 9, Diff: 8, Sum: 70]
      [Scan RS (ms): Min: 0.0, Avg: 7.0, Max: 8.1, Diff: 8.1, Sum: 125.6]
      [Code Root Scanning (ms): Min: 0.0, Avg: 0.0, Max: 0.0, Diff: 0.0, Sum: 0.0]
      [Object Copy (ms): Min: 94.9, Avg: 97.8, Max: 101.9, Diff: 7.0, Sum: 1760.5]
      [Termination (ms): Min: 0.0, Avg: 0.0, Max: 0.0, Diff: 0.0, Sum: 0.1]
      [GC Worker Other (ms): Min: 0.0, Avg: 0.0, Max: 0.1, Diff: 0.0, Sum: 0.8]
      [GC Worker Total (ms): Min: 110.7, Avg: 110.9, Max: 111.1, Diff: 0.4, Sum: 1995.7]
      [GC Worker End (ms): Min: 42095.2, Avg: 42095.2, Max: 42095.2, Diff: 0.0]
   [Code Root Fixup: 0.0 ms]
   [Code Root Migration: 0.0 ms]
   [Clear CT: 0.4 ms]
   [Other: 6.3 ms]
      [Choose CSet: 0.0 ms]
      [Ref Proc: 4.6 ms]
      [Ref Enq: 0.1 ms]
      [Free CSet: 0.1 ms]
   [Eden: 448.0M(448.0M)->0.0B(448.0M) Survivors: 64.0M->64.0M Heap: 3961.6M(10.0G)->3894.0M(10.0G)]
 [Times: user=1.83 sys=0.13, real=0.11 secs] 
42.102: Total time for which application threads were stopped: 0.1182900 seconds
43.104: Total time for which application threads were stopped: 0.0012420 seconds
43.694: [GC pause (G1 Evacuation Pause) (young)
Desired survivor size 33554432 bytes, new threshold 1 (max 15)
- age   1:  176987872 bytes,  176987872 total
, 0.2327780 secs]
   [Parallel Time: 224.8 ms, GC Workers: 18]
      [GC Worker Start (ms): Min: 43694.5, Avg: 43694.7, Max: 43694.8, Diff: 0.3]
      [Ext Root Scanning (ms): Min: 0.2, Avg: 3.2, Max: 13.8, Diff: 13.7, Sum: 57.9]
      [Update RS (ms): Min: 0.0, Avg: 8.5, Max: 10.8, Diff: 10.8, Sum: 152.2]
         [Processed Buffers: Min: 0, Avg: 3.3, Max: 8, Diff: 8, Sum: 60]
      [Scan RS (ms): Min: 23.6, Avg: 26.5, Max: 31.7, Diff: 8.1, Sum: 477.4]
      [Code Root Scanning (ms): Min: 0.0, Avg: 0.0, Max: 0.0, Diff: 0.0, Sum: 0.1]
      [Object Copy (ms): Min: 178.6, Avg: 182.0, Max: 189.7, Diff: 11.1, Sum: 3276.8]
      [Termination (ms): Min: 0.3, Avg: 4.2, Max: 4.5, Diff: 4.2, Sum: 76.2]
      [GC Worker Other (ms): Min: 0.0, Avg: 0.0, Max: 0.0, Diff: 0.0, Sum: 0.3]
      [GC Worker Total (ms): Min: 224.3, Avg: 224.5, Max: 224.7, Diff: 0.3, Sum: 4040.9]
      [GC Worker End (ms): Min: 43919.2, Avg: 43919.2, Max: 43919.2, Diff: 0.0]
   [Code Root Fixup: 0.0 ms]
   [Code Root Migration: 0.0 ms]
   [Clear CT: 0.4 ms]
   [Other: 7.6 ms]
      [Choose CSet: 0.0 ms]
      [Ref Proc: 5.2 ms]
      [Ref Enq: 0.1 ms]
      [Free CSet: 0.2 ms]
   [Eden: 448.0M(448.0M)->0.0B(448.0M) Survivors: 64.0M->64.0M Heap: 4358.0M(10.0G)->4303.3M(10.0G)]
 [Times: user=3.74 sys=0.11, real=0.23 secs] 
43.927: Total time for which application threads were stopped: 0.2333740 seconds
44.928: Total time for which application threads were stopped: 0.0004000 seconds
45.928: Total time for which application threads were stopped: 0.0003360 seconds
46.500: [GC pause (G1 Evacuation Pause) (young)
Desired survivor size 33554432 bytes, new threshold 1 (max 15)
- age   1:  215834088 bytes,  215834088 total
, 0.1535440 secs]
   [Parallel Time: 147.2 ms, GC Workers: 18]
      [GC Worker Start (ms): Min: 46500.4, Avg: 46500.6, Max: 46500.8, Diff: 0.4]
      [Ext Root Scanning (ms): Min: 1.0, Avg: 3.1, Max: 5.5, Diff: 4.5, Sum: 56.5]
      [Update RS (ms): Min: 3.8, Avg: 4.6, Max: 5.2, Diff: 1.4, Sum: 83.5]
         [Processed Buffers: Min: 3, Avg: 3.9, Max: 10, Diff: 7, Sum: 71]
      [Scan RS (ms): Min: 36.0, Avg: 36.8, Max: 37.2, Diff: 1.2, Sum: 663.2]
      [Code Root Scanning (ms): Min: 0.0, Avg: 0.0, Max: 0.1, Diff: 0.1, Sum: 0.1]
      [Object Copy (ms): Min: 100.4, Avg: 102.2, Max: 104.6, Diff: 4.2, Sum: 1839.4]
      [Termination (ms): Min: 0.0, Avg: 0.0, Max: 0.0, Diff: 0.0, Sum: 0.3]
      [GC Worker Other (ms): Min: 0.0, Avg: 0.0, Max: 0.1, Diff: 0.0, Sum: 0.7]
      [GC Worker Total (ms): Min: 146.7, Avg: 146.9, Max: 147.1, Diff: 0.4, Sum: 2643.7]
      [GC Worker End (ms): Min: 46647.5, Avg: 46647.5, Max: 46647.5, Diff: 0.0]
   [Code Root Fixup: 0.1 ms]
   [Code Root Migration: 0.1 ms]
   [Clear CT: 0.5 ms]
   [Other: 5.7 ms]
      [Choose CSet: 0.0 ms]
      [Ref Proc: 3.0 ms]
      [Ref Enq: 0.1 ms]
      [Free CSet: 0.2 ms]
   [Eden: 448.0M(448.0M)->0.0B(448.0M) Survivors: 64.0M->64.0M Heap: 4751.3M(10.0G)->4689.6M(10.0G)]
 [Times: user=2.57 sys=0.11, real=0.15 secs] 
46.654: Total time for which application threads were stopped: 0.1540350 seconds
47.654: Total time for which application threads were stopped: 0.0003470 seconds
49.209: [GC pause (G1 Evacuation Pause) (young) (initial-mark)
Desired survivor size 33554432 bytes, new threshold 1 (max 15)
- age   1:  151261576 bytes,  151261576 total
, 0.1375850 secs]
   [Parallel Time: 128.3 ms, GC Workers: 18]
      [GC Worker Start (ms): Min: 49209.1, Avg: 49209.4, Max: 49209.8, Diff: 0.7]
      [Ext Root Scanning (ms): Min: 0.3, Avg: 3.8, Max: 7.7, Diff: 7.4, Sum: 67.9]
      [Code Root Marking (ms): Min: 0.0, Avg: 0.3, Max: 2.1, Diff: 2.1, Sum: 4.7]
      [Update RS (ms): Min: 7.6, Avg: 8.8, Max: 10.8, Diff: 3.3, Sum: 157.7]
         [Processed Buffers: Min: 3, Avg: 4.4, Max: 11, Diff: 8, Sum: 80]
      [Scan RS (ms): Min: 14.5, Avg: 16.3, Max: 17.0, Diff: 2.5, Sum: 292.7]
      [Code Root Scanning (ms): Min: 0.0, Avg: 0.0, Max: 0.0, Diff: 0.0, Sum: 0.0]
      [Object Copy (ms): Min: 95.0, Avg: 98.8, Max: 101.9, Diff: 6.9, Sum: 1778.0]
      [Termination (ms): Min: 0.0, Avg: 0.0, Max: 0.0, Diff: 0.0, Sum: 0.1]
      [GC Worker Other (ms): Min: 0.0, Avg: 0.0, Max: 0.1, Diff: 0.1, Sum: 0.9]
      [GC Worker Total (ms): Min: 127.5, Avg: 127.9, Max: 128.2, Diff: 0.7, Sum: 2302.0]
      [GC Worker End (ms): Min: 49337.3, Avg: 49337.3, Max: 49337.4, Diff: 0.1]
   [Code Root Fixup: 0.0 ms]
   [Code Root Migration: 0.0 ms]
   [Clear CT: 0.6 ms]
   [Other: 8.6 ms]
      [Choose CSet: 0.0 ms]
      [Ref Proc: 6.5 ms]
      [Ref Enq: 0.1 ms]
      [Free CSet: 0.2 ms]
   [Eden: 448.0M(448.0M)->0.0B(448.0M) Survivors: 64.0M->64.0M Heap: 5137.6M(10.0G)->5132.4M(10.0G)]
 [Times: user=2.15 sys=0.18, real=0.14 secs] 
49.347: [GC concurrent-root-region-scan-start]
49.347: Total time for which application threads were stopped: 0.1381330 seconds
49.385: [GC concurrent-root-region-scan-end, 0.0379640 secs]
49.385: [GC concurrent-mark-start]
49.865: [GC concurrent-mark-end, 0.4799420 secs]
49.865: [GC remark 49.866: [GC ref-proc, 0.0015570 secs], 0.0075870 secs]
 [Times: user=0.10 sys=0.00, real=0.00 secs] 
49.873: Total time for which application threads were stopped: 0.0079710 seconds
49.873: [GC cleanup 5258M->4169M(10G), 0.0036280 secs]
 [Times: user=0.05 sys=0.00, real=0.01 secs] 
49.876: Total time for which application threads were stopped: 0.0037180 seconds
49.876: [GC concurrent-cleanup-start]
49.877: Total time for which application threads were stopped: 0.0001750 seconds
49.877: [GC concurrent-cleanup-end, 0.0005130 secs]
50.877: Total time for which application threads were stopped: 0.0005820 seconds
50.900: Total time for which application threads were stopped: 0.0018770 seconds
50.900: Total time for which application threads were stopped: 0.0000920 seconds
51.901: Total time for which application threads were stopped: 0.0003350 seconds
51.949: [GC pause (G1 Evacuation Pause) (young)
Desired survivor size 33554432 bytes, new threshold 1 (max 15)
- age   1:  179065776 bytes,  179065776 total
, 0.0957910 secs]
   [Parallel Time: 89.2 ms, GC Workers: 18]
      [GC Worker Start (ms): Min: 51949.4, Avg: 51949.5, Max: 51949.7, Diff: 0.3]
      [Ext Root Scanning (ms): Min: 0.1, Avg: 3.0, Max: 5.2, Diff: 5.1, Sum: 53.2]
      [Update RS (ms): Min: 4.7, Avg: 5.2, Max: 5.8, Diff: 1.1, Sum: 94.0]
         [Processed Buffers: Min: 4, Avg: 5.4, Max: 15, Diff: 11, Sum: 97]
      [Scan RS (ms): Min: 17.9, Avg: 18.3, Max: 18.6, Diff: 0.7, Sum: 328.8]
      [Code Root Scanning (ms): Min: 0.0, Avg: 0.0, Max: 0.0, Diff: 0.0, Sum: 0.1]
      [Object Copy (ms): Min: 59.8, Avg: 61.9, Max: 64.4, Diff: 4.6, Sum: 1114.2]
      [Termination (ms): Min: 0.0, Avg: 0.6, Max: 0.7, Diff: 0.7, Sum: 11.3]
      [GC Worker Other (ms): Min: 0.0, Avg: 0.0, Max: 0.0, Diff: 0.0, Sum: 0.4]
      [GC Worker Total (ms): Min: 88.9, Avg: 89.0, Max: 89.1, Diff: 0.3, Sum: 1601.9]
      [GC Worker End (ms): Min: 52038.5, Avg: 52038.5, Max: 52038.5, Diff: 0.0]
   [Code Root Fixup: 0.0 ms]
   [Code Root Migration: 0.0 ms]
   [Clear CT: 0.5 ms]
   [Other: 6.0 ms]
      [Choose CSet: 0.0 ms]
      [Ref Proc: 4.4 ms]
      [Ref Enq: 0.1 ms]
      [Free CSet: 0.2 ms]
   [Eden: 448.0M(448.0M)->0.0B(448.0M) Survivors: 64.0M->64.0M Heap: 4490.9M(10.0G)->4270.8M(10.0G)]
 [Times: user=1.56 sys=0.06, real=0.09 secs] 
52.045: Total time for which application threads were stopped: 0.0961580 seconds
53.762: [GC pause (G1 Evacuation Pause) (mixed)
Desired survivor size 33554432 bytes, new threshold 1 (max 15)
- age   1:   74314248 bytes,   74314248 total
, 0.0485940 secs]
   [Parallel Time: 43.4 ms, GC Workers: 18]
      [GC Worker Start (ms): Min: 53762.1, Avg: 53762.3, Max: 53762.5, Diff: 0.5]
      [Ext Root Scanning (ms): Min: 2.6, Avg: 3.2, Max: 3.5, Diff: 0.9, Sum: 57.5]
      [Update RS (ms): Min: 2.1, Avg: 2.5, Max: 3.2, Diff: 1.1, Sum: 45.6]
         [Processed Buffers: Min: 3, Avg: 4.8, Max: 13, Diff: 10, Sum: 87]
      [Scan RS (ms): Min: 3.3, Avg: 3.7, Max: 4.0, Diff: 0.7, Sum: 66.1]
      [Code Root Scanning (ms): Min: 0.0, Avg: 0.0, Max: 0.0, Diff: 0.0, Sum: 0.0]
      [Object Copy (ms): Min: 33.4, Avg: 33.5, Max: 33.8, Diff: 0.4, Sum: 602.8]
      [Termination (ms): Min: 0.0, Avg: 0.0, Max: 0.0, Diff: 0.0, Sum: 0.2]
      [GC Worker Other (ms): Min: 0.0, Avg: 0.0, Max: 0.1, Diff: 0.0, Sum: 0.8]
      [GC Worker Total (ms): Min: 42.7, Avg: 42.9, Max: 43.2, Diff: 0.5, Sum: 773.0]
      [GC Worker End (ms): Min: 53805.3, Avg: 53805.3, Max: 53805.3, Diff: 0.0]
   [Code Root Fixup: 0.0 ms]
   [Code Root Migration: 0.0 ms]
   [Clear CT: 0.9 ms]
   [Other: 4.3 ms]
      [Choose CSet: 0.0 ms]
      [Ref Proc: 3.1 ms]
      [Ref Enq: 0.1 ms]
      [Free CSet: 0.3 ms]
   [Eden: 448.0M(448.0M)->0.0B(448.0M) Survivors: 64.0M->64.0M Heap: 4718.8M(10.0G)->4077.2M(10.0G)]
 [Times: user=0.77 sys=0.03, real=0.05 secs] 
53.811: Total time for which application threads were stopped: 0.0492070 seconds
55.436: [GC pause (G1 Evacuation Pause) (mixed)
Desired survivor size 33554432 bytes, new threshold 1 (max 15)
- age   1:   49813128 bytes,   49813128 total
, 0.0589340 secs]
   [Parallel Time: 54.4 ms, GC Workers: 18]
      [GC Worker Start (ms): Min: 55435.8, Avg: 55435.9, Max: 55435.9, Diff: 0.1]
      [Ext Root Scanning (ms): Min: 0.3, Avg: 2.6, Max: 3.1, Diff: 2.8, Sum: 46.4]
      [Update RS (ms): Min: 7.3, Avg: 8.1, Max: 11.0, Diff: 3.7, Sum: 146.0]
         [Processed Buffers: Min: 5, Avg: 10.0, Max: 16, Diff: 11, Sum: 180]
      [Scan RS (ms): Min: 0.7, Avg: 4.0, Max: 8.2, Diff: 7.5, Sum: 72.3]
      [Code Root Scanning (ms): Min: 0.0, Avg: 0.0, Max: 0.0, Diff: 0.0, Sum: 0.0]
      [Object Copy (ms): Min: 35.1, Avg: 39.4, Max: 42.3, Diff: 7.2, Sum: 708.7]
      [Termination (ms): Min: 0.1, Avg: 0.1, Max: 0.2, Diff: 0.1, Sum: 2.1]
      [GC Worker Other (ms): Min: 0.0, Avg: 0.0, Max: 0.1, Diff: 0.0, Sum: 0.6]
      [GC Worker Total (ms): Min: 54.2, Avg: 54.2, Max: 54.3, Diff: 0.2, Sum: 976.1]
      [GC Worker End (ms): Min: 55490.1, Avg: 55490.1, Max: 55490.1, Diff: 0.0]
   [Code Root Fixup: 0.0 ms]
   [Code Root Migration: 0.0 ms]
   [Clear CT: 1.0 ms]
   [Other: 3.5 ms]
      [Choose CSet: 0.0 ms]
      [Ref Proc: 2.0 ms]
      [Ref Enq: 0.1 ms]
      [Free CSet: 0.4 ms]
   [Eden: 448.0M(448.0M)->0.0B(448.0M) Survivors: 64.0M->64.0M Heap: 4525.2M(10.0G)->3899.5M(10.0G)]
 [Times: user=0.94 sys=0.05, real=0.05 secs] 
55.495: Total time for which application threads were stopped: 0.0593590 seconds
55.664: Total time for which application threads were stopped: 0.0003690 seconds
55.777: Total time for which application threads were stopped: 0.0001290 seconds
55.777: Total time for which application threads were stopped: 0.0000880 seconds
55.791: Total time for which application threads were stopped: 0.0000900 seconds
55.791: Total time for which application threads were stopped: 0.0000620 seconds
55.791: Total time for which application threads were stopped: 0.0000480 seconds
55.791: Total time for which application threads were stopped: 0.0000500 seconds
55.791: Total time for which application threads were stopped: 0.0000300 seconds
55.791: Total time for which application threads were stopped: 0.0000410 seconds
55.791: Total time for which application threads were stopped: 0.0000530 seconds
55.791: Total time for which application threads were stopped: 0.0000490 seconds
55.791: Total time for which application threads were stopped: 0.0000440 seconds
55.791: Total time for which application threads were stopped: 0.0000420 seconds
55.791: Total time for which application threads were stopped: 0.0000420 seconds
55.791: Total time for which application threads were stopped: 0.0000390 seconds
55.792: Total time for which application threads were stopped: 0.0000420 seconds
55.792: Total time for which application threads were stopped: 0.0000380 seconds
56.792: Total time for which application threads were stopped: 0.0004470 seconds
57.248: Total time for which application threads were stopped: 0.0002450 seconds
57.390: [GC pause (G1 Evacuation Pause) (mixed)
Desired survivor size 33554432 bytes, new threshold 1 (max 15)
- age   1:   54015256 bytes,   54015256 total
, 0.0671950 secs]
   [Parallel Time: 62.7 ms, GC Workers: 18]
      [GC Worker Start (ms): Min: 57389.7, Avg: 57389.9, Max: 57390.1, Diff: 0.4]
      [Ext Root Scanning (ms): Min: 3.3, Avg: 4.3, Max: 5.3, Diff: 2.0, Sum: 77.6]
      [Update RS (ms): Min: 2.3, Avg: 3.2, Max: 4.5, Diff: 2.2, Sum: 57.2]
         [Processed Buffers: Min: 4, Avg: 6.5, Max: 16, Diff: 12, Sum: 117]
      [Scan RS (ms): Min: 2.4, Avg: 2.9, Max: 4.1, Diff: 1.7, Sum: 52.0]
      [Code Root Scanning (ms): Min: 0.0, Avg: 0.0, Max: 0.0, Diff: 0.0, Sum: 0.0]
      [Object Copy (ms): Min: 50.4, Avg: 51.9, Max: 52.2, Diff: 1.9, Sum: 933.5]
      [Termination (ms): Min: 0.0, Avg: 0.1, Max: 0.1, Diff: 0.1, Sum: 1.0]
      [GC Worker Other (ms): Min: 0.0, Avg: 0.0, Max: 0.1, Diff: 0.0, Sum: 0.9]
      [GC Worker Total (ms): Min: 62.2, Avg: 62.3, Max: 62.6, Diff: 0.4, Sum: 1122.2]
      [GC Worker End (ms): Min: 57452.2, Avg: 57452.2, Max: 57452.3, Diff: 0.0]
   [Code Root Fixup: 0.0 ms]
   [Code Root Migration: 0.0 ms]
   [Clear CT: 0.8 ms]
   [Other: 3.7 ms]
      [Choose CSet: 0.0 ms]
      [Ref Proc: 2.2 ms]
      [Ref Enq: 0.1 ms]
      [Free CSet: 0.3 ms]
   [Eden: 448.0M(448.0M)->0.0B(448.0M) Survivors: 64.0M->64.0M Heap: 4347.5M(10.0G)->3889.3M(10.0G)]
 [Times: user=1.14 sys=0.01, real=0.07 secs] 
57.457: Total time for which application threads were stopped: 0.0676770 seconds
58.457: Total time for which application threads were stopped: 0.0002640 seconds
59.596: [GC pause (G1 Evacuation Pause) (young)
Desired survivor size 33554432 bytes, new threshold 1 (max 15)
- age   1:   81184144 bytes,   81184144 total
, 0.1398430 secs]
   [Parallel Time: 135.2 ms, GC Workers: 18]
      [GC Worker Start (ms): Min: 59596.6, Avg: 59596.8, Max: 59597.0, Diff: 0.4]
      [Ext Root Scanning (ms): Min: 2.3, Avg: 3.1, Max: 3.5, Diff: 1.2, Sum: 55.3]
      [Update RS (ms): Min: 10.4, Avg: 11.5, Max: 13.4, Diff: 3.0, Sum: 207.8]
         [Processed Buffers: Min: 4, Avg: 5.6, Max: 15, Diff: 11, Sum: 100]
      [Scan RS (ms): Min: 0.0, Avg: 1.3, Max: 2.1, Diff: 2.1, Sum: 23.7]
      [Code Root Scanning (ms): Min: 0.0, Avg: 0.0, Max: 0.0, Diff: 0.0, Sum: 0.0]
      [Object Copy (ms): Min: 117.8, Avg: 118.6, Max: 118.9, Diff: 1.1, Sum: 2134.2]
      [Termination (ms): Min: 0.2, Avg: 0.3, Max: 0.3, Diff: 0.1, Sum: 4.6]
      [GC Worker Other (ms): Min: 0.0, Avg: 0.1, Max: 0.1, Diff: 0.0, Sum: 0.9]
      [GC Worker Total (ms): Min: 134.6, Avg: 134.8, Max: 135.0, Diff: 0.4, Sum: 2426.6]
      [GC Worker End (ms): Min: 59731.6, Avg: 59731.6, Max: 59731.6, Diff: 0.0]
   [Code Root Fixup: 0.0 ms]
   [Code Root Migration: 0.0 ms]
   [Clear CT: 0.5 ms]
   [Other: 4.1 ms]
      [Choose CSet: 0.0 ms]
      [Ref Proc: 2.3 ms]
      [Ref Enq: 0.1 ms]
      [Free CSet: 0.1 ms]
   [Eden: 448.0M(448.0M)->0.0B(448.0M) Survivors: 64.0M->64.0M Heap: 4353.3M(10.0G)->4218.8M(10.0G)]
 [Times: user=2.43 sys=0.02, real=0.14 secs] 
59.737: Total time for which application threads were stopped: 0.1403020 seconds
60.737: Total time for which application threads were stopped: 0.0004680 seconds
61.260: [GC pause (G1 Evacuation Pause) (young)
Desired survivor size 33554432 bytes, new threshold 1 (max 15)
- age   1:  208805672 bytes,  208805672 total
, 0.1408330 secs]
   [Parallel Time: 136.0 ms, GC Workers: 18]
      [GC Worker Start (ms): Min: 61259.7, Avg: 61259.9, Max: 61260.0, Diff: 0.3]
      [Ext Root Scanning (ms): Min: 2.3, Avg: 2.8, Max: 3.3, Diff: 1.0, Sum: 51.0]
      [Update RS (ms): Min: 1.8, Avg: 2.2, Max: 2.7, Diff: 1.0, Sum: 40.0]
         [Processed Buffers: Min: 3, Avg: 8.6, Max: 27, Diff: 24, Sum: 154]
      [Scan RS (ms): Min: 13.2, Avg: 13.8, Max: 15.1, Diff: 1.9, Sum: 248.0]
      [Code Root Scanning (ms): Min: 0.0, Avg: 0.0, Max: 0.0, Diff: 0.0, Sum: 0.0]
      [Object Copy (ms): Min: 115.6, Avg: 116.8, Max: 117.3, Diff: 1.7, Sum: 2102.2]
      [Termination (ms): Min: 0.0, Avg: 0.0, Max: 0.0, Diff: 0.0, Sum: 0.0]
      [GC Worker Other (ms): Min: 0.0, Avg: 0.0, Max: 0.1, Diff: 0.1, Sum: 0.8]
      [GC Worker Total (ms): Min: 135.5, Avg: 135.7, Max: 135.9, Diff: 0.3, Sum: 2442.0]
      [GC Worker End (ms): Min: 61395.5, Avg: 61395.6, Max: 61395.6, Diff: 0.1]
   [Code Root Fixup: 0.0 ms]
   [Code Root Migration: 0.0 ms]
   [Clear CT: 0.3 ms]
   [Other: 4.5 ms]
      [Choose CSet: 0.0 ms]
      [Ref Proc: 1.9 ms]
      [Ref Enq: 0.1 ms]
      [Free CSet: 0.1 ms]
   [Eden: 448.0M(448.0M)->0.0B(448.0M) Survivors: 64.0M->64.0M Heap: 4666.8M(10.0G)->4648.0M(10.0G)]
 [Times: user=2.43 sys=0.03, real=0.14 secs] 
61.401: Total time for which application threads were stopped: 0.1413290 seconds
61.838: [GC pause (G1 Humongous Allocation) (young) (initial-mark)
Desired survivor size 33554432 bytes, new threshold 1 (max 15)
- age   1:  259573968 bytes,  259573968 total
, 0.1096100 secs]
   [Parallel Time: 105.8 ms, GC Workers: 18]
      [GC Worker Start (ms): Min: 61838.4, Avg: 61838.5, Max: 61838.7, Diff: 0.3]
      [Ext Root Scanning (ms): Min: 1.4, Avg: 2.9, Max: 3.4, Diff: 1.9, Sum: 52.9]
      [Code Root Marking (ms): Min: 0.0, Avg: 0.2, Max: 1.4, Diff: 1.4, Sum: 2.8]
      [Update RS (ms): Min: 8.9, Avg: 16.0, Max: 68.2, Diff: 59.4, Sum: 287.8]
         [Processed Buffers: Min: 1, Avg: 9.9, Max: 48, Diff: 47, Sum: 179]
      [Scan RS (ms): Min: 0.0, Avg: 18.4, Max: 21.9, Diff: 21.9, Sum: 330.6]
      [Code Root Scanning (ms): Min: 0.0, Avg: 0.0, Max: 0.0, Diff: 0.0, Sum: 0.0]
      [Object Copy (ms): Min: 34.0, Avg: 68.0, Max: 73.1, Diff: 39.1, Sum: 1224.4]
      [Termination (ms): Min: 0.0, Avg: 0.0, Max: 0.1, Diff: 0.1, Sum: 0.5]
      [GC Worker Other (ms): Min: 0.0, Avg: 0.0, Max: 0.1, Diff: 0.0, Sum: 0.9]
      [GC Worker Total (ms): Min: 105.4, Avg: 105.6, Max: 105.7, Diff: 0.3, Sum: 1900.0]
      [GC Worker End (ms): Min: 61944.1, Avg: 61944.1, Max: 61944.1, Diff: 0.0]
   [Code Root Fixup: 0.0 ms]
   [Code Root Migration: 0.0 ms]
   [Clear CT: 0.3 ms]
   [Other: 3.5 ms]
      [Choose CSet: 0.0 ms]
      [Ref Proc: 1.5 ms]
      [Ref Enq: 0.1 ms]
      [Free CSet: 0.1 ms]
   [Eden: 192.0M(448.0M)->0.0B(448.0M) Survivors: 64.0M->64.0M Heap: 4826.9M(10.0G)->4842.8M(10.0G)]
 [Times: user=1.91 sys=0.01, real=0.11 secs] 
61.948: [GC concurrent-root-region-scan-start]
61.948: Total time for which application threads were stopped: 0.1101620 seconds
61.963: [GC concurrent-root-region-scan-end, 0.0153150 secs]
61.963: [GC concurrent-mark-start]
62.528: [GC concurrent-mark-end, 0.5648830 secs]
62.529: [GC remark 62.529: [GC ref-proc, 0.0017100 secs], 0.0063170 secs]
 [Times: user=0.08 sys=0.00, real=0.00 secs] 
62.535: Total time for which application threads were stopped: 0.0066290 seconds
62.535: [GC cleanup 5021M->4813M(10G), 0.0043290 secs]
 [Times: user=0.07 sys=0.00, real=0.01 secs] 
62.539: Total time for which application threads were stopped: 0.0044080 seconds
62.539: [GC concurrent-cleanup-start]
62.539: [GC concurrent-cleanup-end, 0.0000990 secs]
63.383: [GC pause (G1 Evacuation Pause) (young)
Desired survivor size 33554432 bytes, new threshold 1 (max 15)
- age   1:   77808704 bytes,   77808704 total
, 0.1516990 secs]
   [Parallel Time: 147.6 ms, GC Workers: 18]
      [GC Worker Start (ms): Min: 63383.3, Avg: 63383.5, Max: 63383.6, Diff: 0.3]
      [Ext Root Scanning (ms): Min: 2.3, Avg: 3.0, Max: 3.6, Diff: 1.3, Sum: 54.2]
      [Update RS (ms): Min: 11.1, Avg: 12.8, Max: 13.7, Diff: 2.6, Sum: 230.7]
         [Processed Buffers: Min: 4, Avg: 8.9, Max: 46, Diff: 42, Sum: 160]
      [Scan RS (ms): Min: 16.8, Avg: 17.6, Max: 19.4, Diff: 2.6, Sum: 317.7]
      [Code Root Scanning (ms): Min: 0.0, Avg: 0.0, Max: 0.0, Diff: 0.0, Sum: 0.0]
      [Object Copy (ms): Min: 113.5, Avg: 113.7, Max: 114.5, Diff: 1.1, Sum: 2046.6]
      [Termination (ms): Min: 0.0, Avg: 0.1, Max: 0.2, Diff: 0.2, Sum: 1.9]
      [GC Worker Other (ms): Min: 0.0, Avg: 0.0, Max: 0.1, Diff: 0.1, Sum: 0.8]
      [GC Worker Total (ms): Min: 147.2, Avg: 147.3, Max: 147.5, Diff: 0.3, Sum: 2651.9]
      [GC Worker End (ms): Min: 63530.8, Avg: 63530.8, Max: 63530.8, Diff: 0.0]
   [Code Root Fixup: 0.0 ms]
   [Code Root Migration: 0.0 ms]
   [Clear CT: 0.4 ms]
   [Other: 3.6 ms]
      [Choose CSet: 0.0 ms]
      [Ref Proc: 1.5 ms]
      [Ref Enq: 0.1 ms]
      [Free CSet: 0.2 ms]
   [Eden: 448.0M(448.0M)->0.0B(448.0M) Survivors: 64.0M->64.0M Heap: 5106.8M(10.0G)->4961.4M(10.0G)]
 [Times: user=2.61 sys=0.05, real=0.15 secs] 
63.535: Total time for which application threads were stopped: 0.1522320 seconds
64.536: Total time for which application threads were stopped: 0.0004450 seconds
65.029: Total time for which application threads were stopped: 0.0000990 seconds
65.029: Total time for which application threads were stopped: 0.0001100 seconds
65.041: Total time for which application threads were stopped: 0.0002450 seconds
65.041: Total time for which application threads were stopped: 0.0000730 seconds
65.042: Total time for which application threads were stopped: 0.0000520 seconds
65.042: Total time for which application threads were stopped: 0.0000560 seconds
65.042: Total time for which application threads were stopped: 0.0000530 seconds
65.042: Total time for which application threads were stopped: 0.0000500 seconds
65.042: Total time for which application threads were stopped: 0.0000570 seconds
65.042: Total time for which application threads were stopped: 0.0000560 seconds
65.042: Total time for which application threads were stopped: 0.0000550 seconds
65.042: Total time for which application threads were stopped: 0.0000680 seconds
65.042: Total time for which application threads were stopped: 0.0000560 seconds
65.042: Total time for which application threads were stopped: 0.0000530 seconds
65.043: Total time for which application threads were stopped: 0.0000790 seconds
65.044: Total time for which application threads were stopped: 0.0003400 seconds
65.044: Total time for which application threads were stopped: 0.0000350 seconds
65.206: [GC pause (G1 Evacuation Pause) (mixed)
Desired survivor size 33554432 bytes, new threshold 1 (max 15)
- age   1:  211722928 bytes,  211722928 total
, 0.1275440 secs]
   [Parallel Time: 119.9 ms, GC Workers: 18]
      [GC Worker Start (ms): Min: 65206.0, Avg: 65206.2, Max: 65206.4, Diff: 0.4]
      [Ext Root Scanning (ms): Min: 2.5, Avg: 3.3, Max: 4.1, Diff: 1.7, Sum: 60.1]
      [Update RS (ms): Min: 5.0, Avg: 5.6, Max: 6.9, Diff: 1.9, Sum: 100.9]
         [Processed Buffers: Min: 4, Avg: 8.8, Max: 31, Diff: 27, Sum: 158]
      [Scan RS (ms): Min: 11.0, Avg: 11.8, Max: 12.0, Diff: 1.1, Sum: 212.4]
      [Code Root Scanning (ms): Min: 0.0, Avg: 0.0, Max: 0.0, Diff: 0.0, Sum: 0.1]
      [Object Copy (ms): Min: 98.1, Avg: 98.8, Max: 99.5, Diff: 1.4, Sum: 1779.2]
      [Termination (ms): Min: 0.0, Avg: 0.0, Max: 0.0, Diff: 0.0, Sum: 0.1]
      [GC Worker Other (ms): Min: 0.0, Avg: 0.0, Max: 0.1, Diff: 0.0, Sum: 0.7]
      [GC Worker Total (ms): Min: 119.5, Avg: 119.6, Max: 119.8, Diff: 0.4, Sum: 2153.4]
      [GC Worker End (ms): Min: 65325.8, Avg: 65325.8, Max: 65325.9, Diff: 0.0]
   [Code Root Fixup: 0.0 ms]
   [Code Root Migration: 0.0 ms]
   [Clear CT: 1.0 ms]
   [Other: 6.5 ms]
      [Choose CSet: 0.1 ms]
      [Ref Proc: 3.7 ms]
      [Ref Enq: 0.1 ms]
      [Free CSet: 0.5 ms]
   [Eden: 448.0M(448.0M)->0.0B(448.0M) Survivors: 64.0M->64.0M Heap: 5409.4M(10.0G)->4984.0M(10.0G)]
 [Times: user=2.15 sys=0.06, real=0.13 secs] 
65.334: Total time for which application threads were stopped: 0.1278450 seconds
66.334: Total time for which application threads were stopped: 0.0004550 seconds
67.360: [GC pause (G1 Evacuation Pause) (mixed)
Desired survivor size 33554432 bytes, new threshold 1 (max 15)
- age   1:  147924776 bytes,  147924776 total
, 0.2095940 secs]
   [Parallel Time: 197.4 ms, GC Workers: 18]
      [GC Worker Start (ms): Min: 67360.1, Avg: 67360.2, Max: 67360.4, Diff: 0.3]
      [Ext Root Scanning (ms): Min: 1.8, Avg: 3.3, Max: 4.0, Diff: 2.2, Sum: 60.2]
      [Update RS (ms): Min: 4.7, Avg: 5.0, Max: 5.4, Diff: 0.7, Sum: 90.8]
         [Processed Buffers: Min: 2, Avg: 9.8, Max: 36, Diff: 34, Sum: 176]
      [Scan RS (ms): Min: 15.5, Avg: 15.7, Max: 15.8, Diff: 0.4, Sum: 282.3]
      [Code Root Scanning (ms): Min: 0.0, Avg: 0.0, Max: 0.2, Diff: 0.2, Sum: 0.3]
      [Object Copy (ms): Min: 172.2, Avg: 172.8, Max: 174.0, Diff: 1.7, Sum: 3110.1]
      [Termination (ms): Min: 0.0, Avg: 0.2, Max: 0.3, Diff: 0.2, Sum: 2.9]
      [GC Worker Other (ms): Min: 0.0, Avg: 0.0, Max: 0.1, Diff: 0.1, Sum: 0.7]
      [GC Worker Total (ms): Min: 196.9, Avg: 197.1, Max: 197.2, Diff: 0.3, Sum: 3547.4]
      [GC Worker End (ms): Min: 67557.3, Avg: 67557.3, Max: 67557.3, Diff: 0.1]
   [Code Root Fixup: 0.2 ms]
   [Code Root Migration: 0.4 ms]
   [Clear CT: 1.4 ms]
   [Other: 10.3 ms]
      [Choose CSet: 0.2 ms]
      [Ref Proc: 5.9 ms]
      [Ref Enq: 0.2 ms]
      [Free CSet: 0.6 ms]
   [Eden: 448.0M(448.0M)->0.0B(448.0M) Survivors: 64.0M->64.0M Heap: 5432.0M(10.0G)->5346.7M(10.0G)]
 [Times: user=3.53 sys=0.10, real=0.21 secs] 
67.569: Total time for which application threads were stopped: 0.2100310 seconds
68.570: Total time for which application threads were stopped: 0.0004210 seconds
68.638: Total time for which application threads were stopped: 0.0001170 seconds
69.204: [GC pause (G1 Evacuation Pause) (mixed)
Desired survivor size 33554432 bytes, new threshold 1 (max 15)
- age   1:  298771336 bytes,  298771336 total
, 0.1383180 secs]
   [Parallel Time: 129.2 ms, GC Workers: 18]
      [GC Worker Start (ms): Min: 69204.2, Avg: 69204.3, Max: 69204.5, Diff: 0.3]
      [Ext Root Scanning (ms): Min: 1.9, Avg: 2.9, Max: 4.0, Diff: 2.1, Sum: 52.6]
      [Update RS (ms): Min: 2.0, Avg: 3.2, Max: 7.4, Diff: 5.4, Sum: 56.9]
         [Processed Buffers: Min: 5, Avg: 10.6, Max: 31, Diff: 26, Sum: 191]
      [Scan RS (ms): Min: 8.5, Avg: 12.0, Max: 12.7, Diff: 4.2, Sum: 216.8]
      [Code Root Scanning (ms): Min: 0.0, Avg: 0.0, Max: 0.0, Diff: 0.0, Sum: 0.1]
      [Object Copy (ms): Min: 109.3, Avg: 110.6, Max: 111.6, Diff: 2.4, Sum: 1990.2]
      [Termination (ms): Min: 0.0, Avg: 0.1, Max: 0.1, Diff: 0.1, Sum: 1.0]
      [GC Worker Other (ms): Min: 0.0, Avg: 0.0, Max: 0.1, Diff: 0.0, Sum: 0.6]
      [GC Worker Total (ms): Min: 128.6, Avg: 128.8, Max: 128.9, Diff: 0.3, Sum: 2318.2]
      [GC Worker End (ms): Min: 69333.1, Avg: 69333.1, Max: 69333.2, Diff: 0.1]
   [Code Root Fixup: 0.1 ms]
   [Code Root Migration: 0.1 ms]
   [Clear CT: 1.2 ms]
   [Other: 7.7 ms]
      [Choose CSet: 0.2 ms]
      [Ref Proc: 4.4 ms]
      [Ref Enq: 0.1 ms]
      [Free CSet: 0.6 ms]
   [Eden: 448.0M(448.0M)->0.0B(448.0M) Survivors: 64.0M->64.0M Heap: 5794.7M(10.0G)->5565.0M(10.0G)]
 [Times: user=2.31 sys=0.06, real=0.14 secs] 
69.342: Total time for which application threads were stopped: 0.1389870 seconds
69.401: Total time for which application threads were stopped: 0.0001870 seconds
69.455: Total time for which application threads were stopped: 0.0001500 seconds
69.455: Total time for which application threads were stopped: 0.0000980 seconds
70.456: Total time for which application threads were stopped: 0.0004920 seconds
70.751: [GC pause (G1 Evacuation Pause) (mixed)
Desired survivor size 33554432 bytes, new threshold 1 (max 15)
- age   1:  213700016 bytes,  213700016 total
, 0.1093420 secs]
   [Parallel Time: 100.7 ms, GC Workers: 18]
      [GC Worker Start (ms): Min: 70751.7, Avg: 70751.8, Max: 70752.0, Diff: 0.3]
      [Ext Root Scanning (ms): Min: 3.1, Avg: 4.2, Max: 4.9, Diff: 1.9, Sum: 74.9]
      [Update RS (ms): Min: 4.3, Avg: 5.5, Max: 6.1, Diff: 1.8, Sum: 98.4]
         [Processed Buffers: Min: 2, Avg: 10.1, Max: 27, Diff: 25, Sum: 181]
      [Scan RS (ms): Min: 10.3, Avg: 11.3, Max: 11.9, Diff: 1.6, Sum: 204.0]
      [Code Root Scanning (ms): Min: 0.0, Avg: 0.0, Max: 0.0, Diff: 0.0, Sum: 0.0]
      [Object Copy (ms): Min: 78.6, Avg: 79.2, Max: 79.9, Diff: 1.3, Sum: 1425.8]
      [Termination (ms): Min: 0.1, Avg: 0.3, Max: 0.3, Diff: 0.2, Sum: 4.9]
      [GC Worker Other (ms): Min: 0.0, Avg: 0.0, Max: 0.0, Diff: 0.0, Sum: 0.6]
      [GC Worker Total (ms): Min: 100.3, Avg: 100.5, Max: 100.6, Diff: 0.3, Sum: 1808.6]
      [GC Worker End (ms): Min: 70852.3, Avg: 70852.3, Max: 70852.3, Diff: 0.0]
   [Code Root Fixup: 0.0 ms]
   [Code Root Migration: 0.0 ms]
   [Clear CT: 0.9 ms]
   [Other: 7.6 ms]
      [Choose CSet: 0.1 ms]
      [Ref Proc: 5.5 ms]
      [Ref Enq: 0.2 ms]
      [Free CSet: 0.3 ms]
   [Eden: 448.0M(448.0M)->0.0B(448.0M) Survivors: 64.0M->64.0M Heap: 6013.0M(10.0G)->5847.8M(10.0G)]
 [Times: user=1.85 sys=0.03, real=0.11 secs] 
70.861: Total time for which application threads were stopped: 0.1096760 seconds
70.866: Total time for which application threads were stopped: 0.0002200 seconds
70.866: Total time for which application threads were stopped: 0.0000780 seconds
70.866: Total time for which application threads were stopped: 0.0000760 seconds
70.867: Total time for which application threads were stopped: 0.0000750 seconds
71.867: Total time for which application threads were stopped: 0.0005640 seconds
72.024: Total time for which application threads were stopped: 0.0006520 seconds
73.025: Total time for which application threads were stopped: 0.0005320 seconds
74.025: Total time for which application threads were stopped: 0.0002760 seconds
75.285: Total time for which application threads were stopped: 0.0004020 seconds
75.296: Total time for which application threads were stopped: 0.0000990 seconds
75.347: Total time for which application threads were stopped: 0.0000790 seconds
75.347: Total time for which application threads were stopped: 0.0000590 seconds
75.367: Total time for which application threads were stopped: 0.0000830 seconds
75.367: Total time for which application threads were stopped: 0.0000520 seconds
75.367: Total time for which application threads were stopped: 0.0000380 seconds
75.367: Total time for which application threads were stopped: 0.0000570 seconds
75.367: Total time for which application threads were stopped: 0.0000880 seconds
75.434: Total time for which application threads were stopped: 0.0016150 seconds
75.545: Total time for which application threads were stopped: 0.0001650 seconds
75.582: Total time for which application threads were stopped: 0.0005840 seconds
75.586: [GC pause (G1 Evacuation Pause) (young)
Desired survivor size 33554432 bytes, new threshold 1 (max 15)
- age   1:   46673904 bytes,   46673904 total
, 0.0712650 secs]
   [Parallel Time: 66.1 ms, GC Workers: 18]
      [GC Worker Start (ms): Min: 75585.9, Avg: 75586.1, Max: 75586.2, Diff: 0.2]
      [Ext Root Scanning (ms): Min: 3.1, Avg: 4.0, Max: 4.5, Diff: 1.4, Sum: 72.4]
      [Update RS (ms): Min: 3.8, Avg: 6.3, Max: 28.9, Diff: 25.1, Sum: 113.7]
         [Processed Buffers: Min: 1, Avg: 11.9, Max: 32, Diff: 31, Sum: 214]
      [Scan RS (ms): Min: 0.0, Avg: 3.2, Max: 3.8, Diff: 3.8, Sum: 57.3]
      [Code Root Scanning (ms): Min: 0.0, Avg: 0.0, Max: 0.0, Diff: 0.0, Sum: 0.0]
      [Object Copy (ms): Min: 32.8, Avg: 52.2, Max: 54.3, Diff: 21.5, Sum: 939.9]
      [Termination (ms): Min: 0.0, Avg: 0.0, Max: 0.0, Diff: 0.0, Sum: 0.5]
      [GC Worker Other (ms): Min: 0.0, Avg: 0.0, Max: 0.1, Diff: 0.0, Sum: 0.7]
      [GC Worker Total (ms): Min: 65.7, Avg: 65.8, Max: 65.9, Diff: 0.2, Sum: 1184.6]
      [GC Worker End (ms): Min: 75651.8, Avg: 75651.9, Max: 75651.9, Diff: 0.0]
   [Code Root Fixup: 0.0 ms]
   [Code Root Migration: 0.0 ms]
   [Clear CT: 0.5 ms]
   [Other: 4.7 ms]
      [Choose CSet: 0.0 ms]
      [Ref Proc: 3.7 ms]
      [Ref Enq: 0.1 ms]
      [Free CSet: 0.1 ms]
   [Eden: 448.0M(448.0M)->0.0B(448.0M) Survivors: 64.0M->64.0M Heap: 6295.8M(10.0G)->6019.2M(10.0G)]
 [Times: user=1.22 sys=0.01, real=0.07 secs] 
75.657: Total time for which application threads were stopped: 0.0715930 seconds
75.659: Total time for which application threads were stopped: 0.0001950 seconds
75.666: Total time for which application threads were stopped: 0.0001330 seconds
75.716: Total time for which application threads were stopped: 0.0003730 seconds
75.783: Total time for which application threads were stopped: 0.0007310 seconds
75.814: Total time for which application threads were stopped: 0.0005880 seconds
75.815: Total time for which application threads were stopped: 0.0001340 seconds
75.835: Total time for which application threads were stopped: 0.0001370 seconds
75.835: Total time for which application threads were stopped: 0.0000530 seconds
75.836: Total time for which application threads were stopped: 0.0000520 seconds
75.836: Total time for which application threads were stopped: 0.0000680 seconds
75.836: Total time for which application threads were stopped: 0.0000560 seconds
75.836: Total time for which application threads were stopped: 0.0000570 seconds
75.836: Total time for which application threads were stopped: 0.0000690 seconds
75.836: Total time for which application threads were stopped: 0.0001360 seconds
75.836: Total time for which application threads were stopped: 0.0000600 seconds
75.870: Total time for which application threads were stopped: 0.0002780 seconds
75.870: Total time for which application threads were stopped: 0.0002720 seconds
75.871: Total time for which application threads were stopped: 0.0001370 seconds
75.871: Total time for which application threads were stopped: 0.0001200 seconds
75.872: Total time for which application threads were stopped: 0.0000800 seconds
75.872: Total time for which application threads were stopped: 0.0001070 seconds
75.872: Total time for which application threads were stopped: 0.0001010 seconds
75.875: Total time for which application threads were stopped: 0.0000960 seconds
75.875: Total time for which application threads were stopped: 0.0000820 seconds
75.875: Total time for which application threads were stopped: 0.0000710 seconds
75.876: Total time for which application threads were stopped: 0.0006460 seconds
75.876: Total time for which application threads were stopped: 0.0000930 seconds
75.876: Total time for which application threads were stopped: 0.0000750 seconds
75.876: Total time for which application threads were stopped: 0.0000690 seconds
75.876: Total time for which application threads were stopped: 0.0000840 seconds
75.876: Total time for which application threads were stopped: 0.0000600 seconds
75.877: Total time for which application threads were stopped: 0.0000540 seconds
75.877: Total time for which application threads were stopped: 0.0000550 seconds
75.877: Total time for which application threads were stopped: 0.0000550 seconds
75.877: Total time for which application threads were stopped: 0.0000460 seconds
75.877: Total time for which application threads were stopped: 0.0000450 seconds
75.941: Total time for which application threads were stopped: 0.0001800 seconds
75.980: Total time for which application threads were stopped: 0.0001070 seconds
75.980: Total time for which application threads were stopped: 0.0000600 seconds
75.981: Total time for which application threads were stopped: 0.0001060 seconds
75.982: Total time for which application threads were stopped: 0.0000670 seconds
75.983: Total time for which application threads were stopped: 0.0001060 seconds
75.983: Total time for which application threads were stopped: 0.0000840 seconds
75.984: Total time for which application threads were stopped: 0.0000590 seconds
75.986: Total time for which application threads were stopped: 0.0002530 seconds
75.989: Total time for which application threads were stopped: 0.0000580 seconds
76.008: Total time for which application threads were stopped: 0.0002010 seconds
76.020: Total time for which application threads were stopped: 0.0001320 seconds
76.022: Total time for which application threads were stopped: 0.0001260 seconds
76.022: Total time for which application threads were stopped: 0.0000910 seconds
76.023: Total time for which application threads were stopped: 0.0000850 seconds
76.023: Total time for which application threads were stopped: 0.0000830 seconds
76.023: Total time for which application threads were stopped: 0.0000690 seconds
76.028: Total time for which application threads were stopped: 0.0001020 seconds
76.081: Total time for which application threads were stopped: 0.0001020 seconds
76.081: Total time for which application threads were stopped: 0.0000570 seconds
76.082: Total time for which application threads were stopped: 0.0001010 seconds
76.082: Total time for which application threads were stopped: 0.0000690 seconds
76.083: Total time for which application threads were stopped: 0.0000930 seconds
76.084: Total time for which application threads were stopped: 0.0000690 seconds
76.084: Total time for which application threads were stopped: 0.0000590 seconds
76.087: Total time for which application threads were stopped: 0.0000920 seconds
76.089: Total time for which application threads were stopped: 0.0000500 seconds
76.228: Total time for which application threads were stopped: 0.0008680 seconds
76.242: Total time for which application threads were stopped: 0.0001060 seconds
76.270: Total time for which application threads were stopped: 0.0000810 seconds
76.284: Total time for which application threads were stopped: 0.0019840 seconds
76.286: Total time for which application threads were stopped: 0.0001000 seconds
76.293: Total time for which application threads were stopped: 0.0001210 seconds
76.298: Total time for which application threads were stopped: 0.0001200 seconds
76.302: Total time for which application threads were stopped: 0.0001180 seconds
76.303: Total time for which application threads were stopped: 0.0000970 seconds
76.307: Total time for which application threads were stopped: 0.0000980 seconds
76.319: Total time for which application threads were stopped: 0.0002780 seconds
76.319: Total time for which application threads were stopped: 0.0001030 seconds
76.323: Total time for which application threads were stopped: 0.0000870 seconds
76.327: Total time for which application threads were stopped: 0.0001020 seconds
76.330: Total time for which application threads were stopped: 0.0001040 seconds
76.340: Total time for which application threads were stopped: 0.0007850 seconds
76.344: Total time for which application threads were stopped: 0.0000990 seconds
76.422: Total time for which application threads were stopped: 0.0003740 seconds
76.466: Total time for which application threads were stopped: 0.0001210 seconds
76.469: Total time for which application threads were stopped: 0.0001180 seconds
76.825: Total time for which application threads were stopped: 0.0003050 seconds
76.831: Total time for which application threads were stopped: 0.0001290 seconds
76.831: Total time for which application threads were stopped: 0.0000750 seconds
76.877: Total time for which application threads were stopped: 0.0003220 seconds
76.968: Total time for which application threads were stopped: 0.0001120 seconds
77.002: Total time for which application threads were stopped: 0.0001090 seconds
77.003: Total time for which application threads were stopped: 0.0001100 seconds
77.003: Total time for which application threads were stopped: 0.0000740 seconds
77.307: Total time for which application threads were stopped: 0.0003700 seconds
77.308: Total time for which application threads were stopped: 0.0000570 seconds
77.308: Total time for which application threads were stopped: 0.0000550 seconds
80.583: Total time for which application threads were stopped: 0.0002870 seconds
80.583: Total time for which application threads were stopped: 0.0000640 seconds
81.320: Total time for which application threads were stopped: 0.0002500 seconds
81.320: Total time for which application threads were stopped: 0.0000700 seconds
81.474: Total time for which application threads were stopped: 0.0001210 seconds
81.535: Total time for which application threads were stopped: 0.0001190 seconds
81.535: Total time for which application threads were stopped: 0.0000610 seconds
81.535: Total time for which application threads were stopped: 0.0000720 seconds
81.537: Total time for which application threads were stopped: 0.0001550 seconds
81.563: Total time for which application threads were stopped: 0.0001140 seconds
81.564: Total time for which application threads were stopped: 0.0000590 seconds
81.564: Total time for which application threads were stopped: 0.0000690 seconds
81.564: Total time for which application threads were stopped: 0.0000570 seconds
81.566: Total time for which application threads were stopped: 0.0019600 seconds
81.566: Total time for which application threads were stopped: 0.0000730 seconds
81.567: Total time for which application threads were stopped: 0.0000740 seconds
81.567: Total time for which application threads were stopped: 0.0002120 seconds
81.568: Total time for which application threads were stopped: 0.0000900 seconds
81.569: Total time for which application threads were stopped: 0.0001440 seconds
81.570: Total time for which application threads were stopped: 0.0001110 seconds
81.574: Total time for which application threads were stopped: 0.0001050 seconds
82.292: Total time for which application threads were stopped: 0.0002590 seconds
82.292: Total time for which application threads were stopped: 0.0000630 seconds
82.323: Total time for which application threads were stopped: 0.0001640 seconds
82.323: Total time for which application threads were stopped: 0.0000850 seconds
82.323: Total time for which application threads were stopped: 0.0000650 seconds
82.323: Total time for which application threads were stopped: 0.0000990 seconds
82.324: Total time for which application threads were stopped: 0.0001910 seconds
82.324: Total time for which application threads were stopped: 0.0000640 seconds
82.348: Total time for which application threads were stopped: 0.0001640 seconds
82.358: Total time for which application threads were stopped: 0.0011220 seconds
82.531: Total time for which application threads were stopped: 0.0000940 seconds
82.531: Total time for which application threads were stopped: 0.0000530 seconds
82.535: Total time for which application threads were stopped: 0.0001280 seconds
82.535: Total time for which application threads were stopped: 0.0000660 seconds
82.540: Total time for which application threads were stopped: 0.0001220 seconds
82.556: Total time for which application threads were stopped: 0.0001200 seconds
82.584: Total time for which application threads were stopped: 0.0002540 seconds
82.584: Total time for which application threads were stopped: 0.0001250 seconds
82.589: Total time for which application threads were stopped: 0.0002450 seconds
82.590: Total time for which application threads were stopped: 0.0000910 seconds
82.591: Total time for which application threads were stopped: 0.0000850 seconds
82.623: Total time for which application threads were stopped: 0.0001610 seconds
82.624: Total time for which application threads were stopped: 0.0000800 seconds
82.625: Total time for which application threads were stopped: 0.0001200 seconds
82.639: Total time for which application threads were stopped: 0.0001280 seconds
82.639: Total time for which application threads were stopped: 0.0000970 seconds
82.642: Total time for which application threads were stopped: 0.0001050 seconds
82.642: Total time for which application threads were stopped: 0.0000540 seconds
82.642: Total time for which application threads were stopped: 0.0000530 seconds
82.643: Total time for which application threads were stopped: 0.0000580 seconds
82.654: Total time for which application threads were stopped: 0.0001160 seconds
82.657: Total time for which application threads were stopped: 0.0000980 seconds
82.657: Total time for which application threads were stopped: 0.0000700 seconds
82.657: Total time for which application threads were stopped: 0.0000640 seconds
82.657: Total time for which application threads were stopped: 0.0000650 seconds
82.657: Total time for which application threads were stopped: 0.0000570 seconds
82.657: Total time for which application threads were stopped: 0.0000600 seconds
82.657: Total time for which application threads were stopped: 0.0000880 seconds
82.657: Total time for which application threads were stopped: 0.0000540 seconds
82.658: Total time for which application threads were stopped: 0.0001370 seconds
82.658: Total time for which application threads were stopped: 0.0001290 seconds
82.659: Total time for which application threads were stopped: 0.0000780 seconds
82.659: Total time for which application threads were stopped: 0.0000770 seconds
82.659: Total time for which application threads were stopped: 0.0000990 seconds
82.659: Total time for which application threads were stopped: 0.0000930 seconds
82.659: Total time for which application threads were stopped: 0.0000760 seconds
82.660: Total time for which application threads were stopped: 0.0000790 seconds
82.660: Total time for which application threads were stopped: 0.0000850 seconds
82.660: Total time for which application threads were stopped: 0.0001130 seconds
82.670: Total time for which application threads were stopped: 0.0007150 seconds
82.693: Total time for which application threads were stopped: 0.0001980 seconds
82.704: Total time for which application threads were stopped: 0.0001270 seconds
82.704: Total time for which application threads were stopped: 0.0000950 seconds
82.704: Total time for which application threads were stopped: 0.0000800 seconds
82.704: Total time for which application threads were stopped: 0.0001410 seconds
82.709: Total time for which application threads were stopped: 0.0004960 seconds
82.709: Total time for which application threads were stopped: 0.0000810 seconds
82.716: Total time for which application threads were stopped: 0.0001250 seconds
82.716: Total time for which application threads were stopped: 0.0000880 seconds
82.746: Total time for which application threads were stopped: 0.0001300 seconds
82.746: Total time for which application threads were stopped: 0.0000940 seconds
82.756: Total time for which application threads were stopped: 0.0001630 seconds
82.757: Total time for which application threads were stopped: 0.0000700 seconds
82.757: Total time for which application threads were stopped: 0.0000780 seconds
82.760: Total time for which application threads were stopped: 0.0001460 seconds
82.760: Total time for which application threads were stopped: 0.0001110 seconds
82.760: Total time for which application threads were stopped: 0.0001720 seconds
82.761: Total time for which application threads were stopped: 0.0001160 seconds
82.761: Total time for which application threads were stopped: 0.0000890 seconds
82.761: Total time for which application threads were stopped: 0.0000970 seconds
82.761: Total time for which application threads were stopped: 0.0000880 seconds
82.761: Total time for which application threads were stopped: 0.0000970 seconds
82.763: Total time for which application threads were stopped: 0.0002510 seconds
82.763: Total time for which application threads were stopped: 0.0001360 seconds
82.763: Total time for which application threads were stopped: 0.0000870 seconds
82.764: Total time for which application threads were stopped: 0.0001270 seconds
82.764: Total time for which application threads were stopped: 0.0000810 seconds
82.764: Total time for which application threads were stopped: 0.0000820 seconds
82.788: Total time for which application threads were stopped: 0.0004080 seconds
82.789: Total time for which application threads were stopped: 0.0001050 seconds
82.795: Total time for which application threads were stopped: 0.0002740 seconds
82.795: Total time for which application threads were stopped: 0.0000710 seconds
82.810: Total time for which application threads were stopped: 0.0010220 seconds
82.829: Total time for which application threads were stopped: 0.0001470 seconds
82.860: Total time for which application threads were stopped: 0.0001570 seconds
82.861: Total time for which application threads were stopped: 0.0000980 seconds
82.863: Total time for which application threads were stopped: 0.0001350 seconds
82.863: Total time for which application threads were stopped: 0.0001030 seconds
82.863: Total time for which application threads were stopped: 0.0001590 seconds
82.864: Total time for which application threads were stopped: 0.0001270 seconds
82.864: Total time for which application threads were stopped: 0.0001290 seconds
82.864: Total time for which application threads were stopped: 0.0001010 seconds
82.868: Total time for which application threads were stopped: 0.0001370 seconds
82.868: Total time for which application threads were stopped: 0.0001030 seconds
82.872: Total time for which application threads were stopped: 0.0001170 seconds
82.875: Total time for which application threads were stopped: 0.0001240 seconds
82.875: Total time for which application threads were stopped: 0.0000890 seconds
82.875: Total time for which application threads were stopped: 0.0001010 seconds
82.876: Total time for which application threads were stopped: 0.0001610 seconds
82.876: Total time for which application threads were stopped: 0.0001100 seconds
82.973: Total time for which application threads were stopped: 0.0007160 seconds
82.973: Total time for which application threads were stopped: 0.0001050 seconds
82.974: Total time for which application threads were stopped: 0.0001190 seconds
83.030: Total time for which application threads were stopped: 0.0001490 seconds
83.030: Total time for which application threads were stopped: 0.0000930 seconds
83.033: Total time for which application threads were stopped: 0.0001100 seconds
83.121: Total time for which application threads were stopped: 0.0001560 seconds
83.121: Total time for which application threads were stopped: 0.0000880 seconds
83.157: Total time for which application threads were stopped: 0.0004920 seconds
83.158: Total time for which application threads were stopped: 0.0000950 seconds
83.159: Total time for which application threads were stopped: 0.0001180 seconds
83.159: Total time for which application threads were stopped: 0.0000880 seconds
83.396: Total time for which application threads were stopped: 0.0003040 seconds
83.397: Total time for which application threads were stopped: 0.0000710 seconds
83.484: Total time for which application threads were stopped: 0.0001120 seconds
83.485: Total time for which application threads were stopped: 0.0014890 seconds
83.485: Total time for which application threads were stopped: 0.0000800 seconds
83.500: Total time for which application threads were stopped: 0.0001480 seconds
83.551: Total time for which application threads were stopped: 0.0010910 seconds
83.551: Total time for which application threads were stopped: 0.0000780 seconds
83.553: Total time for which application threads were stopped: 0.0000850 seconds
83.584: Total time for which application threads were stopped: 0.0001070 seconds
83.585: Total time for which application threads were stopped: 0.0000650 seconds
83.612: Total time for which application threads were stopped: 0.0000940 seconds
83.612: Total time for which application threads were stopped: 0.0000710 seconds
83.678: [GC pause (G1 Evacuation Pause) (young) (initial-mark)
Desired survivor size 33554432 bytes, new threshold 1 (max 15)
- age   1:   98823824 bytes,   98823824 total
, 0.1025000 secs]
   [Parallel Time: 90.4 ms, GC Workers: 18]
      [GC Worker Start (ms): Min: 83678.7, Avg: 83678.8, Max: 83678.9, Diff: 0.2]
      [Ext Root Scanning (ms): Min: 2.6, Avg: 4.3, Max: 5.1, Diff: 2.5, Sum: 78.1]
      [Code Root Marking (ms): Min: 0.0, Avg: 0.2, Max: 2.8, Diff: 2.8, Sum: 4.2]
      [Update RS (ms): Min: 2.8, Avg: 4.5, Max: 5.1, Diff: 2.3, Sum: 81.3]
         [Processed Buffers: Min: 4, Avg: 15.9, Max: 36, Diff: 32, Sum: 287]
      [Scan RS (ms): Min: 4.4, Avg: 4.7, Max: 4.9, Diff: 0.5, Sum: 85.0]
      [Code Root Scanning (ms): Min: 0.0, Avg: 0.0, Max: 0.0, Diff: 0.0, Sum: 0.1]
      [Object Copy (ms): Min: 75.5, Avg: 76.1, Max: 77.2, Diff: 1.7, Sum: 1370.7]
      [Termination (ms): Min: 0.0, Avg: 0.1, Max: 0.2, Diff: 0.2, Sum: 2.7]
      [GC Worker Other (ms): Min: 0.0, Avg: 0.0, Max: 0.1, Diff: 0.1, Sum: 0.8]
      [GC Worker Total (ms): Min: 90.0, Avg: 90.2, Max: 90.3, Diff: 0.2, Sum: 1622.9]
      [GC Worker End (ms): Min: 83768.9, Avg: 83768.9, Max: 83769.0, Diff: 0.1]
   [Code Root Fixup: 0.1 ms]
   [Code Root Migration: 0.1 ms]
   [Clear CT: 0.6 ms]
   [Other: 11.4 ms]
      [Choose CSet: 0.0 ms]
      [Ref Proc: 9.9 ms]
      [Ref Enq: 0.1 ms]
      [Free CSet: 0.1 ms]
   [Eden: 448.0M(448.0M)->0.0B(576.0M) Survivors: 64.0M->64.0M Heap: 6467.2M(10.0G)->6309.8M(10.0G)]
 [Times: user=1.65 sys=0.08, real=0.11 secs] 
83.781: [GC concurrent-root-region-scan-start]
83.781: Total time for which application threads were stopped: 0.1030110 seconds
83.782: Total time for which application threads were stopped: 0.0002330 seconds
83.782: Total time for which application threads were stopped: 0.0000730 seconds
83.784: Total time for which application threads were stopped: 0.0001130 seconds
83.784: Total time for which application threads were stopped: 0.0001000 seconds
83.787: [GC concurrent-root-region-scan-end, 0.0063180 secs]
83.787: [GC concurrent-mark-start]
83.793: Total time for which application threads were stopped: 0.0001660 seconds
83.794: Total time for which application threads were stopped: 0.0001090 seconds
83.796: Total time for which application threads were stopped: 0.0001210 seconds
83.804: Total time for which application threads were stopped: 0.0001520 seconds
83.806: Total time for which application threads were stopped: 0.0001140 seconds
83.806: Total time for which application threads were stopped: 0.0000940 seconds
83.806: Total time for which application threads were stopped: 0.0000800 seconds
83.806: Total time for which application threads were stopped: 0.0000840 seconds
83.807: Total time for which application threads were stopped: 0.0000950 seconds
83.807: Total time for which application threads were stopped: 0.0000980 seconds
83.861: Total time for which application threads were stopped: 0.0002340 seconds
83.862: Total time for which application threads were stopped: 0.0000920 seconds
83.866: Total time for which application threads were stopped: 0.0001590 seconds
83.866: Total time for which application threads were stopped: 0.0000860 seconds
83.866: Total time for which application threads were stopped: 0.0001290 seconds
83.988: Total time for which application threads were stopped: 0.0004600 seconds
83.988: Total time for which application threads were stopped: 0.0001160 seconds
83.993: Total time for which application threads were stopped: 0.0004970 seconds
83.993: Total time for which application threads were stopped: 0.0001090 seconds
83.993: Total time for which application threads were stopped: 0.0001010 seconds
84.003: Total time for which application threads were stopped: 0.0001120 seconds
84.003: Total time for which application threads were stopped: 0.0000710 seconds
84.093: Total time for which application threads were stopped: 0.0002260 seconds
84.093: Total time for which application threads were stopped: 0.0000750 seconds
84.131: Total time for which application threads were stopped: 0.0001510 seconds
84.131: Total time for which application threads were stopped: 0.0000750 seconds
84.159: Total time for which application threads were stopped: 0.0001320 seconds
84.159: Total time for which application threads were stopped: 0.0000770 seconds
84.160: Total time for which application threads were stopped: 0.0000800 seconds
84.160: Total time for which application threads were stopped: 0.0000780 seconds
84.162: Total time for which application threads were stopped: 0.0000910 seconds
84.162: Total time for which application threads were stopped: 0.0000890 seconds
84.162: Total time for which application threads were stopped: 0.0000950 seconds
84.163: Total time for which application threads were stopped: 0.0000790 seconds
84.164: Total time for which application threads were stopped: 0.0000730 seconds
84.164: Total time for which application threads were stopped: 0.0000740 seconds
84.164: Total time for which application threads were stopped: 0.0000770 seconds
84.164: Total time for which application threads were stopped: 0.0000720 seconds
84.164: Total time for which application threads were stopped: 0.0000810 seconds
84.164: Total time for which application threads were stopped: 0.0000760 seconds
84.165: Total time for which application threads were stopped: 0.0000850 seconds
84.289: Total time for which application threads were stopped: 0.0003070 seconds
84.291: Total time for which application threads were stopped: 0.0018730 seconds
84.293: Total time for which application threads were stopped: 0.0000830 seconds
84.294: Total time for which application threads were stopped: 0.0000870 seconds
84.294: Total time for which application threads were stopped: 0.0000950 seconds
84.294: Total time for which application threads were stopped: 0.0000800 seconds
84.295: Total time for which application threads were stopped: 0.0003030 seconds
84.295: Total time for which application threads were stopped: 0.0001030 seconds
84.311: Total time for which application threads were stopped: 0.0001650 seconds
84.313: Total time for which application threads were stopped: 0.0000990 seconds
84.313: Total time for which application threads were stopped: 0.0000760 seconds
84.313: Total time for which application threads were stopped: 0.0000760 seconds
84.313: Total time for which application threads were stopped: 0.0000760 seconds
84.313: Total time for which application threads were stopped: 0.0000720 seconds
84.370: Total time for which application threads were stopped: 0.0020490 seconds
84.371: Total time for which application threads were stopped: 0.0001090 seconds
84.372: Total time for which application threads were stopped: 0.0000950 seconds
84.372: Total time for which application threads were stopped: 0.0000770 seconds
84.436: Total time for which application threads were stopped: 0.0002470 seconds
84.542: [GC concurrent-mark-end, 0.7546700 secs]
84.543: [GC remark 84.543: [GC ref-proc, 0.0018900 secs], 0.0081560 secs]
 [Times: user=0.11 sys=0.00, real=0.01 secs] 
84.551: Total time for which application threads were stopped: 0.0087820 seconds
84.551: [GC cleanup 6417M->5385M(10G), 0.0058100 secs]
 [Times: user=0.09 sys=0.00, real=0.00 secs] 
84.557: Total time for which application threads were stopped: 0.0060530 seconds
84.557: [GC concurrent-cleanup-start]
84.558: [GC concurrent-cleanup-end, 0.0006300 secs]
84.559: Total time for which application threads were stopped: 0.0001750 seconds
84.863: Total time for which application threads were stopped: 0.0001470 seconds
84.865: Total time for which application threads were stopped: 0.0001080 seconds
84.885: Total time for which application threads were stopped: 0.0001200 seconds
84.968: Total time for which application threads were stopped: 0.0021550 seconds
84.969: Total time for which application threads were stopped: 0.0000840 seconds
85.300: Total time for which application threads were stopped: 0.0003610 seconds
85.300: Total time for which application threads were stopped: 0.0000810 seconds
85.300: Total time for which application threads were stopped: 0.0000800 seconds
85.315: Total time for which application threads were stopped: 0.0001500 seconds
85.316: Total time for which application threads were stopped: 0.0000960 seconds
85.563: Total time for which application threads were stopped: 0.0006480 seconds
85.583: Total time for which application threads were stopped: 0.0001910 seconds
85.583: Total time for which application threads were stopped: 0.0001160 seconds
86.058: Total time for which application threads were stopped: 0.0003590 seconds
86.064: Total time for which application threads were stopped: 0.0000950 seconds
86.064: Total time for which application threads were stopped: 0.0000880 seconds
86.227: Total time for which application threads were stopped: 0.0001430 seconds
86.269: Total time for which application threads were stopped: 0.0001370 seconds
86.317: Total time for which application threads were stopped: 0.0001700 seconds
86.409: Total time for which application threads were stopped: 0.0001820 seconds
86.446: Total time for which application threads were stopped: 0.0001330 seconds
86.447: Total time for which application threads were stopped: 0.0000930 seconds
86.448: Total time for which application threads were stopped: 0.0000900 seconds
86.472: Total time for which application threads were stopped: 0.0001210 seconds
86.598: Total time for which application threads were stopped: 0.0003560 seconds
86.616: Total time for which application threads were stopped: 0.0002010 seconds
86.616: Total time for which application threads were stopped: 0.0000790 seconds
86.652: Total time for which application threads were stopped: 0.0001620 seconds
86.662: Total time for which application threads were stopped: 0.0001520 seconds
86.666: Total time for which application threads were stopped: 0.0001480 seconds
86.666: Total time for which application threads were stopped: 0.0000930 seconds
87.094: Total time for which application threads were stopped: 0.0005770 seconds
87.318: Total time for which application threads were stopped: 0.0003520 seconds
87.319: Total time for which application threads were stopped: 0.0000790 seconds
87.319: Total time for which application threads were stopped: 0.0001110 seconds
87.319: Total time for which application threads were stopped: 0.0001040 seconds
87.388: Total time for which application threads were stopped: 0.0001250 seconds
87.520: Total time for which application threads were stopped: 0.0001330 seconds
87.579: Total time for which application threads were stopped: 0.0001160 seconds
87.616: Total time for which application threads were stopped: 0.0001230 seconds
87.692: Total time for which application threads were stopped: 0.0001170 seconds
88.002: Total time for which application threads were stopped: 0.0003380 seconds
88.314: Total time for which application threads were stopped: 0.0005520 seconds
88.323: Total time for which application threads were stopped: 0.0020740 seconds
88.855: Total time for which application threads were stopped: 0.0007430 seconds
88.865: Total time for which application threads were stopped: 0.0001410 seconds
88.892: Total time for which application threads were stopped: 0.0014390 seconds
89.324: Total time for which application threads were stopped: 0.0003140 seconds
89.324: Total time for which application threads were stopped: 0.0000970 seconds
89.521: Total time for which application threads were stopped: 0.0009750 seconds
89.985: Total time for which application threads were stopped: 0.0002140 seconds
90.584: Total time for which application threads were stopped: 0.0003920 seconds
90.584: Total time for which application threads were stopped: 0.0000900 seconds
90.723: Total time for which application threads were stopped: 0.0002380 seconds
91.184: Total time for which application threads were stopped: 0.0004050 seconds
91.335: Total time for which application threads were stopped: 0.0002150 seconds
91.335: Total time for which application threads were stopped: 0.0000930 seconds
91.335: Total time for which application threads were stopped: 0.0000880 seconds
91.335: Total time for which application threads were stopped: 0.0000880 seconds
91.335: Total time for which application threads were stopped: 0.0000920 seconds
91.335: Total time for which application threads were stopped: 0.0000860 seconds
91.335: Total time for which application threads were stopped: 0.0000870 seconds
91.336: Total time for which application threads were stopped: 0.0000860 seconds
91.336: Total time for which application threads were stopped: 0.0000850 seconds
91.727: Total time for which application threads were stopped: 0.0009860 seconds
91.753: Total time for which application threads were stopped: 0.0001880 seconds
91.753: Total time for which application threads were stopped: 0.0000890 seconds
92.039: Total time for which application threads were stopped: 0.0006970 seconds
92.338: Total time for which application threads were stopped: 0.0009640 seconds
92.338: Total time for which application threads were stopped: 0.0002020 seconds
92.339: Total time for which application threads were stopped: 0.0001230 seconds
92.339: Total time for which application threads were stopped: 0.0001580 seconds
92.340: Total time for which application threads were stopped: 0.0001160 seconds
92.340: Total time for which application threads were stopped: 0.0001050 seconds
92.340: Total time for which application threads were stopped: 0.0001090 seconds
92.341: Total time for which application threads were stopped: 0.0014990 seconds
92.384: Total time for which application threads were stopped: 0.0003310 seconds
92.387: Total time for which application threads were stopped: 0.0004000 seconds
92.387: Total time for which application threads were stopped: 0.0001740 seconds
92.389: Total time for which application threads were stopped: 0.0017380 seconds
92.938: Total time for which application threads were stopped: 0.0011130 seconds
92.938: Total time for which application threads were stopped: 0.0001210 seconds
92.938: Total time for which application threads were stopped: 0.0000990 seconds
92.938: Total time for which application threads were stopped: 0.0001250 seconds
92.938: Total time for which application threads were stopped: 0.0001390 seconds
92.939: Total time for which application threads were stopped: 0.0001180 seconds
92.939: Total time for which application threads were stopped: 0.0001160 seconds
92.939: Total time for which application threads were stopped: 0.0001140 seconds
92.939: Total time for which application threads were stopped: 0.0001450 seconds
92.940: Total time for which application threads were stopped: 0.0001240 seconds
92.940: Total time for which application threads were stopped: 0.0000880 seconds
92.947: Total time for which application threads were stopped: 0.0001740 seconds
92.947: Total time for which application threads were stopped: 0.0001280 seconds
92.947: Total time for which application threads were stopped: 0.0001050 seconds
92.950: Total time for which application threads were stopped: 0.0001390 seconds
92.950: Total time for which application threads were stopped: 0.0000890 seconds
92.954: Total time for which application threads were stopped: 0.0001420 seconds
92.980: Total time for which application threads were stopped: 0.0020400 seconds
93.089: Total time for which application threads were stopped: 0.0002210 seconds
93.090: Total time for which application threads were stopped: 0.0002100 seconds
93.641: Total time for which application threads were stopped: 0.0009770 seconds
94.349: Total time for which application threads were stopped: 0.0012480 seconds
94.349: Total time for which application threads were stopped: 0.0001150 seconds
94.353: Total time for which application threads were stopped: 0.0001540 seconds
94.353: Total time for which application threads were stopped: 0.0000990 seconds
94.822: Total time for which application threads were stopped: 0.0007160 seconds
94.851: Total time for which application threads were stopped: 0.0003960 seconds
94.852: Total time for which application threads were stopped: 0.0001390 seconds
94.862: Total time for which application threads were stopped: 0.0002880 seconds
94.863: Total time for which application threads were stopped: 0.0002130 seconds
94.872: Total time for which application threads were stopped: 0.0001740 seconds
94.872: Total time for which application threads were stopped: 0.0001230 seconds
94.873: Total time for which application threads were stopped: 0.0001620 seconds
94.877: Total time for which application threads were stopped: 0.0020770 seconds
95.878: Total time for which application threads were stopped: 0.0011450 seconds
96.451: Total time for which application threads were stopped: 0.0011680 seconds
96.452: Total time for which application threads were stopped: 0.0001160 seconds
96.477: Total time for which application threads were stopped: 0.0002050 seconds
96.477: Total time for which application threads were stopped: 0.0001500 seconds
96.561: Total time for which application threads were stopped: 0.0001960 seconds
96.562: Total time for which application threads were stopped: 0.0002010 seconds
96.562: Total time for which application threads were stopped: 0.0001330 seconds
96.562: Total time for which application threads were stopped: 0.0001280 seconds
96.562: Total time for which application threads were stopped: 0.0001370 seconds
96.563: Total time for which application threads were stopped: 0.0001450 seconds
96.563: Total time for which application threads were stopped: 0.0001190 seconds
96.563: Total time for which application threads were stopped: 0.0001380 seconds
96.563: Total time for which application threads were stopped: 0.0001260 seconds
96.563: Total time for which application threads were stopped: 0.0001490 seconds
96.564: Total time for which application threads were stopped: 0.0001840 seconds
96.564: Total time for which application threads were stopped: 0.0001280 seconds
96.564: Total time for which application threads were stopped: 0.0001800 seconds
96.565: Total time for which application threads were stopped: 0.0003810 seconds
96.565: Total time for which application threads were stopped: 0.0001070 seconds
96.565: Total time for which application threads were stopped: 0.0001560 seconds
96.566: Total time for which application threads were stopped: 0.0001390 seconds
96.566: Total time for which application threads were stopped: 0.0001270 seconds
96.566: Total time for which application threads were stopped: 0.0001230 seconds
96.566: Total time for which application threads were stopped: 0.0001270 seconds
96.566: Total time for which application threads were stopped: 0.0001330 seconds
96.566: Total time for which application threads were stopped: 0.0001290 seconds
96.567: Total time for which application threads were stopped: 0.0001270 seconds
96.567: Total time for which application threads were stopped: 0.0001260 seconds
96.567: Total time for which application threads were stopped: 0.0001200 seconds
96.567: Total time for which application threads were stopped: 0.0001650 seconds
96.568: Total time for which application threads were stopped: 0.0001280 seconds
96.570: Total time for which application threads were stopped: 0.0024540 seconds
96.571: Total time for which application threads were stopped: 0.0013120 seconds
97.572: Total time for which application threads were stopped: 0.0010490 seconds
98.064: Total time for which application threads were stopped: 0.0003830 seconds
98.064: Total time for which application threads were stopped: 0.0001140 seconds
98.233: [GC pause (G1 Evacuation Pause) (young)
Desired survivor size 41943040 bytes, new threshold 15 (max 15)
- age   1:   18287624 bytes,   18287624 total
, 0.0219770 secs]
   [Parallel Time: 17.0 ms, GC Workers: 18]
      [GC Worker Start (ms): Min: 98233.1, Avg: 98233.2, Max: 98233.4, Diff: 0.3]
      [Ext Root Scanning (ms): Min: 2.0, Avg: 5.0, Max: 8.6, Diff: 6.6, Sum: 90.0]
      [Update RS (ms): Min: 0.0, Avg: 3.1, Max: 4.2, Diff: 4.2, Sum: 55.2]
         [Processed Buffers: Min: 0, Avg: 21.2, Max: 42, Diff: 42, Sum: 382]
      [Scan RS (ms): Min: 0.0, Avg: 0.3, Max: 0.4, Diff: 0.4, Sum: 4.6]
      [Code Root Scanning (ms): Min: 0.0, Avg: 0.0, Max: 0.1, Diff: 0.1, Sum: 0.6]
      [Object Copy (ms): Min: 7.0, Avg: 8.2, Max: 12.8, Diff: 5.8, Sum: 147.2]
      [Termination (ms): Min: 0.0, Avg: 0.0, Max: 0.0, Diff: 0.0, Sum: 0.1]
      [GC Worker Other (ms): Min: 0.0, Avg: 0.0, Max: 0.1, Diff: 0.0, Sum: 0.8]
      [GC Worker Total (ms): Min: 16.4, Avg: 16.6, Max: 16.8, Diff: 0.3, Sum: 298.4]
      [GC Worker End (ms): Min: 98249.8, Avg: 98249.8, Max: 98249.8, Diff: 0.0]
   [Code Root Fixup: 0.2 ms]
   [Code Root Migration: 0.5 ms]
   [Clear CT: 0.6 ms]
   [Other: 3.7 ms]
      [Choose CSet: 0.0 ms]
      [Ref Proc: 2.9 ms]
      [Ref Enq: 0.2 ms]
      [Free CSet: 0.2 ms]
   [Eden: 576.0M(576.0M)->0.0B(432.0M) Survivors: 64.0M->80.0M Heap: 5853.8M(10.0G)->5288.2M(10.0G)]
 [Times: user=0.30 sys=0.03, real=0.02 secs] 
98.255: Total time for which application threads were stopped: 0.0228600 seconds
98.256: Total time for which application threads were stopped: 0.0002450 seconds
98.256: Total time for which application threads were stopped: 0.0001600 seconds
98.256: Total time for which application threads were stopped: 0.0001090 seconds
98.256: Total time for which application threads were stopped: 0.0000970 seconds
98.257: Total time for which application threads were stopped: 0.0001290 seconds
98.257: Total time for which application threads were stopped: 0.0001020 seconds
98.259: Total time for which application threads were stopped: 0.0022590 seconds
99.260: Total time for which application threads were stopped: 0.0009190 seconds
100.167: Total time for which application threads were stopped: 0.0010220 seconds
101.168: Total time for which application threads were stopped: 0.0009580 seconds
102.169: Total time for which application threads were stopped: 0.0010870 seconds
102.946: Total time for which application threads were stopped: 0.0010480 seconds
102.954: Total time for which application threads were stopped: 0.0001540 seconds
102.954: Total time for which application threads were stopped: 0.0000940 seconds
102.981: Total time for which application threads were stopped: 0.0001500 seconds
102.986: Total time for which application threads were stopped: 0.0001390 seconds
103.005: Total time for which application threads were stopped: 0.0001520 seconds
103.013: Total time for which application threads were stopped: 0.0001760 seconds
103.069: Total time for which application threads were stopped: 0.0002450 seconds
103.077: Total time for which application threads were stopped: 0.0001930 seconds
103.320: Total time for which application threads were stopped: 0.0003710 seconds
103.337: Total time for which application threads were stopped: 0.0001990 seconds
103.502: [GC pause (G1 Evacuation Pause) (mixed)
Desired survivor size 33554432 bytes, new threshold 15 (max 15)
- age   1:   14715040 bytes,   14715040 total
- age   2:   15043824 bytes,   29758864 total
, 0.0965020 secs]
   [Parallel Time: 89.5 ms, GC Workers: 18]
      [GC Worker Start (ms): Min: 103502.5, Avg: 103502.7, Max: 103502.8, Diff: 0.3]
      [Ext Root Scanning (ms): Min: 4.0, Avg: 4.8, Max: 5.3, Diff: 1.4, Sum: 86.9]
      [Update RS (ms): Min: 0.0, Avg: 0.5, Max: 1.4, Diff: 1.4, Sum: 9.6]
         [Processed Buffers: Min: 0, Avg: 4.3, Max: 20, Diff: 20, Sum: 78]
      [Scan RS (ms): Min: 21.4, Avg: 21.9, Max: 22.4, Diff: 1.0, Sum: 395.1]
      [Code Root Scanning (ms): Min: 0.0, Avg: 0.0, Max: 0.3, Diff: 0.3, Sum: 0.7]
      [Object Copy (ms): Min: 61.4, Avg: 61.7, Max: 62.1, Diff: 0.8, Sum: 1110.3]
      [Termination (ms): Min: 0.0, Avg: 0.1, Max: 0.1, Diff: 0.1, Sum: 1.7]
      [GC Worker Other (ms): Min: 0.0, Avg: 0.0, Max: 0.0, Diff: 0.0, Sum: 0.6]
      [GC Worker Total (ms): Min: 89.0, Avg: 89.2, Max: 89.3, Diff: 0.3, Sum: 1604.8]
      [GC Worker End (ms): Min: 103591.8, Avg: 103591.8, Max: 103591.8, Diff: 0.0]
   [Code Root Fixup: 0.3 ms]
   [Code Root Migration: 0.4 ms]
   [Clear CT: 1.3 ms]
   [Other: 5.1 ms]
      [Choose CSet: 0.3 ms]
      [Ref Proc: 1.8 ms]
      [Ref Enq: 0.2 ms]
      [Free CSet: 0.9 ms]
   [Eden: 432.0M(432.0M)->0.0B(448.0M) Survivors: 80.0M->64.0M Heap: 5720.2M(10.0G)->4463.8M(10.0G)]
 [Times: user=1.63 sys=0.01, real=0.10 secs] 
103.599: Total time for which application threads were stopped: 0.0972560 seconds
103.601: Total time for which application threads were stopped: 0.0003020 seconds
103.800: Total time for which application threads were stopped: 0.0008700 seconds
103.900: Total time for which application threads were stopped: 0.0002310 seconds
104.838: Total time for which application threads were stopped: 0.0006290 seconds
105.373: Total time for which application threads were stopped: 0.0009430 seconds
106.078: Total time for which application threads were stopped: 0.0006190 seconds
106.302: Total time for which application threads were stopped: 0.0008610 seconds
106.302: Total time for which application threads were stopped: 0.0001100 seconds
106.303: Total time for which application threads were stopped: 0.0001290 seconds
106.303: Total time for which application threads were stopped: 0.0001080 seconds
106.306: Total time for which application threads were stopped: 0.0001660 seconds
106.306: Total time for which application threads were stopped: 0.0001090 seconds
106.307: Total time for which application threads were stopped: 0.0001230 seconds
106.307: Total time for which application threads were stopped: 0.0001090 seconds
106.307: Total time for which application threads were stopped: 0.0001210 seconds
106.307: Total time for which application threads were stopped: 0.0001170 seconds
106.307: Total time for which application threads were stopped: 0.0001160 seconds
106.307: Total time for which application threads were stopped: 0.0001200 seconds
106.307: Total time for which application threads were stopped: 0.0001500 seconds
106.309: Total time for which application threads were stopped: 0.0001580 seconds
106.313: Total time for which application threads were stopped: 0.0002400 seconds
106.314: Total time for which application threads were stopped: 0.0001240 seconds
106.316: Total time for which application threads were stopped: 0.0023180 seconds
106.327: Total time for which application threads were stopped: 0.0002040 seconds
106.475: Total time for which application threads were stopped: 0.0003690 seconds
106.483: Total time for which application threads were stopped: 0.0001900 seconds
106.596: [GC pause (G1 Evacuation Pause) (mixed)
Desired survivor size 33554432 bytes, new threshold 15 (max 15)
- age   1:    3912352 bytes,    3912352 total
- age   2:   12845192 bytes,   16757544 total
- age   3:   15043232 bytes,   31800776 total
, 0.0969930 secs]
   [Parallel Time: 89.5 ms, GC Workers: 18]
      [GC Worker Start (ms): Min: 106596.9, Avg: 106597.2, Max: 106597.3, Diff: 0.4]
      [Ext Root Scanning (ms): Min: 4.2, Avg: 4.7, Max: 5.1, Diff: 1.0, Sum: 84.8]
      [Update RS (ms): Min: 3.9, Avg: 4.2, Max: 4.8, Diff: 1.0, Sum: 75.5]
         [Processed Buffers: Min: 6, Avg: 18.2, Max: 75, Diff: 69, Sum: 328]
      [Scan RS (ms): Min: 18.6, Avg: 19.1, Max: 19.5, Diff: 0.9, Sum: 343.4]
      [Code Root Scanning (ms): Min: 0.0, Avg: 0.0, Max: 0.3, Diff: 0.3, Sum: 0.5]
      [Object Copy (ms): Min: 60.8, Avg: 61.2, Max: 61.6, Diff: 0.9, Sum: 1100.8]
      [Termination (ms): Min: 0.0, Avg: 0.0, Max: 0.0, Diff: 0.0, Sum: 0.6]
      [GC Worker Other (ms): Min: 0.0, Avg: 0.0, Max: 0.1, Diff: 0.0, Sum: 0.8]
      [GC Worker Total (ms): Min: 89.1, Avg: 89.2, Max: 89.5, Diff: 0.4, Sum: 1606.3]
      [GC Worker End (ms): Min: 106686.4, Avg: 106686.4, Max: 106686.4, Diff: 0.0]
   [Code Root Fixup: 0.3 ms]
   [Code Root Migration: 0.4 ms]
   [Clear CT: 1.4 ms]
   [Other: 5.3 ms]
      [Choose CSet: 0.2 ms]
      [Ref Proc: 2.4 ms]
      [Ref Enq: 0.2 ms]
      [Free CSet: 0.6 ms]
   [Eden: 448.0M(448.0M)->0.0B(448.0M) Survivors: 64.0M->64.0M Heap: 4911.8M(10.0G)->4221.4M(10.0G)]
 [Times: user=1.59 sys=0.05, real=0.10 secs] 
106.694: Total time for which application threads were stopped: 0.0977660 seconds
106.695: Total time for which application threads were stopped: 0.0003190 seconds
106.695: Total time for which application threads were stopped: 0.0001870 seconds
106.695: Total time for which application threads were stopped: 0.0001110 seconds
106.696: Total time for which application threads were stopped: 0.0001170 seconds
106.696: Total time for which application threads were stopped: 0.0001280 seconds
106.696: Total time for which application threads were stopped: 0.0001460 seconds
106.696: Total time for which application threads were stopped: 0.0001370 seconds
106.697: Total time for which application threads were stopped: 0.0001170 seconds
106.697: Total time for which application threads were stopped: 0.0001300 seconds
106.697: Total time for which application threads were stopped: 0.0001320 seconds
106.697: Total time for which application threads were stopped: 0.0001010 seconds
106.697: Total time for which application threads were stopped: 0.0001160 seconds
106.698: Total time for which application threads were stopped: 0.0001110 seconds
106.698: Total time for which application threads were stopped: 0.0001210 seconds
106.698: Total time for which application threads were stopped: 0.0001220 seconds
106.698: Total time for which application threads were stopped: 0.0001280 seconds
106.699: Total time for which application threads were stopped: 0.0001240 seconds
106.699: Total time for which application threads were stopped: 0.0001340 seconds
106.726: Total time for which application threads were stopped: 0.0003330 seconds
106.756: Total time for which application threads were stopped: 0.0003470 seconds
106.807: Total time for which application threads were stopped: 0.0002330 seconds
106.821: Total time for which application threads were stopped: 0.0001920 seconds
107.811: Total time for which application threads were stopped: 0.0010030 seconds
107.812: Total time for which application threads were stopped: 0.0001320 seconds
107.812: Total time for which application threads were stopped: 0.0000980 seconds
108.810: Total time for which application threads were stopped: 0.0005740 seconds
108.886: Total time for which application threads were stopped: 0.0002710 seconds
109.869: Total time for which application threads were stopped: 0.0010640 seconds
109.883: Total time for which application threads were stopped: 0.0002280 seconds
110.659: [GC pause (G1 Evacuation Pause) (mixed)
Desired survivor size 33554432 bytes, new threshold 3 (max 15)
- age   1:   20857416 bytes,   20857416 total
- age   2:    2573568 bytes,   23430984 total
- age   3:   12018472 bytes,   35449456 total
- age   4:   15034128 bytes,   50483584 total
, 0.1005270 secs]
   [Parallel Time: 92.2 ms, GC Workers: 18]
      [GC Worker Start (ms): Min: 110659.0, Avg: 110659.1, Max: 110659.3, Diff: 0.3]
      [Ext Root Scanning (ms): Min: 4.1, Avg: 5.0, Max: 5.9, Diff: 1.7, Sum: 90.0]
      [Update RS (ms): Min: 5.1, Avg: 5.8, Max: 6.5, Diff: 1.4, Sum: 103.8]
         [Processed Buffers: Min: 6, Avg: 18.8, Max: 54, Diff: 48, Sum: 338]
      [Scan RS (ms): Min: 15.6, Avg: 15.9, Max: 16.2, Diff: 0.5, Sum: 285.4]
      [Code Root Scanning (ms): Min: 0.0, Avg: 0.0, Max: 0.3, Diff: 0.3, Sum: 0.6]
      [Object Copy (ms): Min: 64.8, Avg: 65.2, Max: 65.6, Diff: 0.9, Sum: 1173.3]
      [Termination (ms): Min: 0.0, Avg: 0.0, Max: 0.1, Diff: 0.0, Sum: 0.4]
      [GC Worker Other (ms): Min: 0.0, Avg: 0.0, Max: 0.1, Diff: 0.0, Sum: 0.7]
      [GC Worker Total (ms): Min: 91.8, Avg: 91.9, Max: 92.0, Diff: 0.2, Sum: 1654.3]
      [GC Worker End (ms): Min: 110751.0, Avg: 110751.1, Max: 110751.1, Diff: 0.0]
   [Code Root Fixup: 0.4 ms]
   [Code Root Migration: 0.7 ms]
   [Clear CT: 1.3 ms]
   [Other: 5.9 ms]
      [Choose CSet: 0.2 ms]
      [Ref Proc: 3.1 ms]
      [Ref Enq: 0.2 ms]
      [Free CSet: 0.5 ms]
   [Eden: 448.0M(448.0M)->0.0B(1280.0M) Survivors: 64.0M->64.0M Heap: 4669.4M(10.0G)->4168.5M(10.0G)]
 [Times: user=1.67 sys=0.03, real=0.10 secs] 
110.759: Total time for which application threads were stopped: 0.1014750 seconds
110.760: Total time for which application threads were stopped: 0.0003200 seconds
111.761: Total time for which application threads were stopped: 0.0010140 seconds
111.951: Total time for which application threads were stopped: 0.0002970 seconds
111.951: Total time for which application threads were stopped: 0.0000980 seconds
112.952: Total time for which application threads were stopped: 0.0009510 seconds
113.953: Total time for which application threads were stopped: 0.0005440 seconds
115.525: Total time for which application threads were stopped: 0.0038640 seconds
116.525: Total time for which application threads were stopped: 0.0005680 seconds
117.526: Total time for which application threads were stopped: 0.0011300 seconds
118.527: Total time for which application threads were stopped: 0.0005000 seconds
119.528: Total time for which application threads were stopped: 0.0006050 seconds
120.529: Total time for which application threads were stopped: 0.0010640 seconds
121.530: Total time for which application threads were stopped: 0.0010940 seconds
123.531: Total time for which application threads were stopped: 0.0004910 seconds
124.344: Total time for which application threads were stopped: 0.0009990 seconds
124.382: Total time for which application threads were stopped: 0.0002310 seconds
124.462: Total time for which application threads were stopped: 0.0002420 seconds
124.463: Total time for which application threads were stopped: 0.0001100 seconds
124.463: Total time for which application threads were stopped: 0.0001170 seconds
124.500: Total time for which application threads were stopped: 0.0001840 seconds
124.534: Total time for which application threads were stopped: 0.0001950 seconds
124.536: Total time for which application threads were stopped: 0.0001350 seconds
124.538: Total time for which application threads were stopped: 0.0021810 seconds
124.539: Total time for which application threads were stopped: 0.0001370 seconds
124.540: Total time for which application threads were stopped: 0.0012040 seconds
124.541: Total time for which application threads were stopped: 0.0001510 seconds
124.553: Total time for which application threads were stopped: 0.0002540 seconds
124.572: Total time for which application threads were stopped: 0.0002130 seconds
124.581: Total time for which application threads were stopped: 0.0001850 seconds
124.581: Total time for which application threads were stopped: 0.0001310 seconds
124.581: Total time for which application threads were stopped: 0.0001400 seconds
124.582: Total time for which application threads were stopped: 0.0001280 seconds
124.602: Total time for which application threads were stopped: 0.0001900 seconds
124.641: Total time for which application threads were stopped: 0.0002250 seconds
124.645: Total time for which application threads were stopped: 0.0032250 seconds
124.646: Total time for which application threads were stopped: 0.0001640 seconds
124.646: Total time for which application threads were stopped: 0.0001590 seconds
124.646: Total time for which application threads were stopped: 0.0001300 seconds
124.647: Total time for which application threads were stopped: 0.0001480 seconds
124.746: Total time for which application threads were stopped: 0.0008360 seconds
124.749: Total time for which application threads were stopped: 0.0023900 seconds
124.802: Total time for which application threads were stopped: 0.0002690 seconds
124.976: Total time for which application threads were stopped: 0.0010900 seconds
124.978: Total time for which application threads were stopped: 0.0001580 seconds
124.978: Total time for which application threads were stopped: 0.0001630 seconds
124.978: Total time for which application threads were stopped: 0.0001390 seconds
124.979: Total time for which application threads were stopped: 0.0001300 seconds
124.979: Total time for which application threads were stopped: 0.0001570 seconds
124.979: Total time for which application threads were stopped: 0.0001390 seconds
124.979: Total time for which application threads were stopped: 0.0001480 seconds
124.979: Total time for which application threads were stopped: 0.0001390 seconds
124.980: Total time for which application threads were stopped: 0.0001610 seconds
124.980: Total time for which application threads were stopped: 0.0001550 seconds
124.980: Total time for which application threads were stopped: 0.0001330 seconds
124.981: Total time for which application threads were stopped: 0.0001630 seconds
124.981: Total time for which application threads were stopped: 0.0001400 seconds
124.981: Total time for which application threads were stopped: 0.0001360 seconds
124.981: Total time for which application threads were stopped: 0.0001220 seconds
124.982: Total time for which application threads were stopped: 0.0001340 seconds
124.982: Total time for which application threads were stopped: 0.0001540 seconds
124.983: Total time for which application threads were stopped: 0.0001740 seconds
124.995: Total time for which application threads were stopped: 0.0002420 seconds
124.997: Total time for which application threads were stopped: 0.0001700 seconds
124.999: Total time for which application threads were stopped: 0.0001800 seconds
125.017: Total time for which application threads were stopped: 0.0002310 seconds
125.026: Total time for which application threads were stopped: 0.0002000 seconds
125.026: Total time for which application threads were stopped: 0.0001250 seconds
125.027: Total time for which application threads were stopped: 0.0001190 seconds
125.027: Total time for which application threads were stopped: 0.0001200 seconds
125.029: Total time for which application threads were stopped: 0.0001550 seconds
125.044: Total time for which application threads were stopped: 0.0002140 seconds
125.082: Total time for which application threads were stopped: 0.0002470 seconds
125.082: Total time for which application threads were stopped: 0.0002000 seconds
125.082: Total time for which application threads were stopped: 0.0001450 seconds
125.083: Total time for which application threads were stopped: 0.0001950 seconds
125.083: Total time for which application threads were stopped: 0.0001490 seconds
125.083: Total time for which application threads were stopped: 0.0001510 seconds
125.084: Total time for which application threads were stopped: 0.0001370 seconds
125.084: Total time for which application threads were stopped: 0.0001630 seconds
125.085: Total time for which application threads were stopped: 0.0001760 seconds
125.183: Total time for which application threads were stopped: 0.0003670 seconds
125.183: Total time for which application threads were stopped: 0.0001530 seconds
125.183: Total time for which application threads were stopped: 0.0001420 seconds
125.184: Total time for which application threads were stopped: 0.0001590 seconds
125.184: Total time for which application threads were stopped: 0.0001800 seconds
125.184: Total time for which application threads were stopped: 0.0001530 seconds
125.185: Total time for which application threads were stopped: 0.0001410 seconds
125.185: Total time for which application threads were stopped: 0.0001860 seconds
125.186: Total time for which application threads were stopped: 0.0001620 seconds
125.281: [GC pause (G1 Evacuation Pause) (young)
Desired survivor size 92274688 bytes, new threshold 15 (max 15)
- age   1:   34047448 bytes,   34047448 total
- age   2:   18151320 bytes,   52198768 total
- age   3:    1830600 bytes,   54029368 total
, 0.0289440 secs]
   [Parallel Time: 24.8 ms, GC Workers: 18]
      [GC Worker Start (ms): Min: 125281.8, Avg: 125281.9, Max: 125282.0, Diff: 0.3]
      [Ext Root Scanning (ms): Min: 4.3, Avg: 5.3, Max: 6.3, Diff: 1.9, Sum: 95.0]
      [Update RS (ms): Min: 7.1, Avg: 7.8, Max: 8.7, Diff: 1.6, Sum: 140.4]
         [Processed Buffers: Min: 11, Avg: 28.2, Max: 49, Diff: 38, Sum: 508]
      [Scan RS (ms): Min: 0.0, Avg: 0.4, Max: 0.5, Diff: 0.5, Sum: 6.7]
      [Code Root Scanning (ms): Min: 0.0, Avg: 0.0, Max: 0.0, Diff: 0.0, Sum: 0.2]
      [Object Copy (ms): Min: 10.3, Avg: 11.0, Max: 11.7, Diff: 1.4, Sum: 198.6]
      [Termination (ms): Min: 0.0, Avg: 0.0, Max: 0.0, Diff: 0.0, Sum: 0.0]
      [GC Worker Other (ms): Min: 0.0, Avg: 0.0, Max: 0.1, Diff: 0.1, Sum: 0.7]
      [GC Worker Total (ms): Min: 24.4, Avg: 24.5, Max: 24.7, Diff: 0.3, Sum: 441.5]
      [GC Worker End (ms): Min: 125306.4, Avg: 125306.4, Max: 125306.5, Diff: 0.1]
   [Code Root Fixup: 0.1 ms]
   [Code Root Migration: 0.1 ms]
   [Clear CT: 0.7 ms]
   [Other: 3.3 ms]
      [Choose CSet: 0.0 ms]
      [Ref Proc: 2.3 ms]
      [Ref Enq: 0.1 ms]
      [Free CSet: 0.3 ms]
   [Eden: 1280.0M(1280.0M)->0.0B(4880.0M) Survivors: 64.0M->96.0M Heap: 5448.5M(10.0G)->4210.8M(10.0G)]
 [Times: user=0.49 sys=0.01, real=0.03 secs] 
125.311: Total time for which application threads were stopped: 0.0301150 seconds
125.311: Total time for which application threads were stopped: 0.0003230 seconds
125.311: Total time for which application threads were stopped: 0.0001370 seconds
125.312: Total time for which application threads were stopped: 0.0001440 seconds
125.312: Total time for which application threads were stopped: 0.0001250 seconds
125.312: Total time for which application threads were stopped: 0.0001370 seconds
125.312: Total time for which application threads were stopped: 0.0001270 seconds
125.312: Total time for which application threads were stopped: 0.0001210 seconds
125.312: Total time for which application threads were stopped: 0.0001230 seconds
125.312: Total time for which application threads were stopped: 0.0001360 seconds
125.313: Total time for which application threads were stopped: 0.0001200 seconds
125.313: Total time for which application threads were stopped: 0.0001180 seconds
125.313: Total time for which application threads were stopped: 0.0001250 seconds
125.313: Total time for which application threads were stopped: 0.0001270 seconds
125.313: Total time for which application threads were stopped: 0.0001220 seconds
125.313: Total time for which application threads were stopped: 0.0001380 seconds
125.313: Total time for which application threads were stopped: 0.0001160 seconds
125.314: Total time for which application threads were stopped: 0.0001410 seconds
125.611: Total time for which application threads were stopped: 0.0011170 seconds
125.611: Total time for which application threads were stopped: 0.0001520 seconds
125.612: Total time for which application threads were stopped: 0.0001440 seconds
125.624: Total time for which application threads were stopped: 0.0001640 seconds
125.624: Total time for which application threads were stopped: 0.0001200 seconds
125.741: Total time for which application threads were stopped: 0.0003460 seconds
125.743: Total time for which application threads were stopped: 0.0001700 seconds
125.743: Total time for which application threads were stopped: 0.0001470 seconds
125.743: Total time for which application threads were stopped: 0.0001680 seconds
125.743: Total time for which application threads were stopped: 0.0001490 seconds
125.744: Total time for which application threads were stopped: 0.0001550 seconds
125.744: Total time for which application threads were stopped: 0.0001390 seconds
125.744: Total time for which application threads were stopped: 0.0001460 seconds
125.744: Total time for which application threads were stopped: 0.0001340 seconds
125.745: Total time for which application threads were stopped: 0.0001370 seconds
125.745: Total time for which application threads were stopped: 0.0001660 seconds
125.746: Total time for which application threads were stopped: 0.0001550 seconds
125.746: Total time for which application threads were stopped: 0.0001610 seconds
125.746: Total time for which application threads were stopped: 0.0001520 seconds
125.746: Total time for which application threads were stopped: 0.0001480 seconds
125.747: Total time for which application threads were stopped: 0.0001290 seconds
125.747: Total time for which application threads were stopped: 0.0001330 seconds
125.747: Total time for which application threads were stopped: 0.0001300 seconds
125.748: Total time for which application threads were stopped: 0.0002260 seconds
125.758: Total time for which application threads were stopped: 0.0002170 seconds
125.778: Total time for which application threads were stopped: 0.0002250 seconds
125.787: Total time for which application threads were stopped: 0.0001780 seconds
125.787: Total time for which application threads were stopped: 0.0001500 seconds
125.787: Total time for which application threads were stopped: 0.0001670 seconds
125.788: Total time for which application threads were stopped: 0.0001890 seconds
125.848: Total time for which application threads were stopped: 0.0008230 seconds
125.849: Total time for which application threads were stopped: 0.0001580 seconds
125.849: Total time for which application threads were stopped: 0.0001320 seconds
125.849: Total time for which application threads were stopped: 0.0001250 seconds
125.849: Total time for which application threads were stopped: 0.0001250 seconds
125.849: Total time for which application threads were stopped: 0.0001380 seconds
125.853: Total time for which application threads were stopped: 0.0031730 seconds
125.951: Total time for which application threads were stopped: 0.0008990 seconds
125.951: Total time for which application threads were stopped: 0.0001540 seconds
125.951: Total time for which application threads were stopped: 0.0001430 seconds
125.952: Total time for which application threads were stopped: 0.0001620 seconds
125.952: Total time for which application threads were stopped: 0.0001550 seconds
125.954: Total time for which application threads were stopped: 0.0002000 seconds
125.954: Total time for which application threads were stopped: 0.0001830 seconds
126.117: Total time for which application threads were stopped: 0.0011630 seconds
127.119: Total time for which application threads were stopped: 0.0012610 seconds
128.120: Total time for which application threads were stopped: 0.0012390 seconds
128.468: Total time for which application threads were stopped: 0.0010330 seconds
128.837: Total time for which application threads were stopped: 0.0012420 seconds
128.838: Total time for which application threads were stopped: 0.0001860 seconds
128.838: Total time for which application threads were stopped: 0.0001300 seconds
128.838: Total time for which application threads were stopped: 0.0001460 seconds
128.839: Total time for which application threads were stopped: 0.0002310 seconds
129.014: Total time for which application threads were stopped: 0.0010650 seconds
129.168: Total time for which application threads were stopped: 0.0011940 seconds
129.468: Total time for which application threads were stopped: 0.0006740 seconds
129.468: Total time for which application threads were stopped: 0.0001420 seconds
129.468: Total time for which application threads were stopped: 0.0001280 seconds
130.470: Total time for which application threads were stopped: 0.0012820 seconds
131.001: Total time for which application threads were stopped: 0.0013340 seconds
132.003: Total time for which application threads were stopped: 0.0012600 seconds
132.370: Total time for which application threads were stopped: 0.0005420 seconds
132.565: Total time for which application threads were stopped: 0.0013800 seconds
133.566: Total time for which application threads were stopped: 0.0012150 seconds
134.174: Total time for which application threads were stopped: 0.0012450 seconds
134.184: Total time for which application threads were stopped: 0.0002620 seconds
134.218: Total time for which application threads were stopped: 0.0004390 seconds
134.469: Total time for which application threads were stopped: 0.0005010 seconds
134.469: Total time for which application threads were stopped: 0.0002420 seconds
134.470: Total time for which application threads were stopped: 0.0001550 seconds
134.470: Total time for which application threads were stopped: 0.0001430 seconds
134.923: Total time for which application threads were stopped: 0.0012260 seconds
135.925: Total time for which application threads were stopped: 0.0013200 seconds
135.938: Total time for which application threads were stopped: 0.0002760 seconds
135.961: Total time for which application threads were stopped: 0.0002410 seconds
136.342: Total time for which application threads were stopped: 0.0004830 seconds
136.343: Total time for which application threads were stopped: 0.0003180 seconds
136.344: Total time for which application threads were stopped: 0.0002980 seconds
136.346: Total time for which application threads were stopped: 0.0009530 seconds
136.346: Total time for which application threads were stopped: 0.0001980 seconds
136.347: Total time for which application threads were stopped: 0.0007860 seconds
136.350: Total time for which application threads were stopped: 0.0004150 seconds
136.350: Total time for which application threads were stopped: 0.0001550 seconds
136.352: Total time for which application threads were stopped: 0.0003190 seconds
136.356: Total time for which application threads were stopped: 0.0011860 seconds
136.362: Total time for which application threads were stopped: 0.0049820 seconds
136.368: Total time for which application threads were stopped: 0.0011410 seconds
136.372: Total time for which application threads were stopped: 0.0007760 seconds
136.379: Total time for which application threads were stopped: 0.0006330 seconds
136.380: Total time for which application threads were stopped: 0.0002580 seconds
136.390: Total time for which application threads were stopped: 0.0065710 seconds
136.391: Total time for which application threads were stopped: 0.0005730 seconds
136.396: Total time for which application threads were stopped: 0.0010020 seconds
136.398: Total time for which application threads were stopped: 0.0004770 seconds
136.402: Total time for which application threads were stopped: 0.0008110 seconds
136.405: Total time for which application threads were stopped: 0.0007150 seconds
136.405: Total time for which application threads were stopped: 0.0002820 seconds
136.421: Total time for which application threads were stopped: 0.0006680 seconds
136.424: Total time for which application threads were stopped: 0.0004870 seconds
136.433: Total time for which application threads were stopped: 0.0012200 seconds
136.438: Total time for which application threads were stopped: 0.0047130 seconds
136.441: Total time for which application threads were stopped: 0.0027970 seconds
136.443: Total time for which application threads were stopped: 0.0004570 seconds
136.467: Total time for which application threads were stopped: 0.0009280 seconds
136.476: Total time for which application threads were stopped: 0.0008550 seconds
136.500: Total time for which application threads were stopped: 0.0007240 seconds
136.519: Total time for which application threads were stopped: 0.0007450 seconds
136.519: Total time for which application threads were stopped: 0.0001960 seconds
136.519: Total time for which application threads were stopped: 0.0001920 seconds
136.520: Total time for which application threads were stopped: 0.0003360 seconds
136.646: Total time for which application threads were stopped: 0.0017410 seconds
136.651: Total time for which application threads were stopped: 0.0043610 seconds
136.833: Total time for which application threads were stopped: 0.0017380 seconds
137.684: Total time for which application threads were stopped: 0.0019850 seconds
137.771: Total time for which application threads were stopped: 0.0016350 seconds
137.785: Total time for which application threads were stopped: 0.0006750 seconds
138.787: Total time for which application threads were stopped: 0.0018030 seconds
139.641: [GC pause (G1 Evacuation Pause) (young)
Desired survivor size 327155712 bytes, new threshold 15 (max 15)
- age   1:   19977184 bytes,   19977184 total
- age   2:     747280 bytes,   20724464 total
- age   3:   16408408 bytes,   37132872 total
- age   4:    1668568 bytes,   38801440 total
, 0.0548730 secs]
   [Parallel Time: 45.6 ms, GC Workers: 18]
      [GC Worker Start (ms): Min: 139642.0, Avg: 139642.0, Max: 139642.1, Diff: 0.1]
      [Ext Root Scanning (ms): Min: 1.5, Avg: 6.3, Max: 9.5, Diff: 8.0, Sum: 113.8]
      [Update RS (ms): Min: 1.2, Avg: 2.5, Max: 4.0, Diff: 2.8, Sum: 45.0]
         [Processed Buffers: Min: 7, Avg: 27.0, Max: 52, Diff: 45, Sum: 486]
      [Scan RS (ms): Min: 0.0, Avg: 0.2, Max: 0.4, Diff: 0.4, Sum: 4.4]
      [Code Root Scanning (ms): Min: 0.0, Avg: 0.1, Max: 0.2, Diff: 0.2, Sum: 1.0]
      [Object Copy (ms): Min: 31.7, Avg: 35.8, Max: 40.0, Diff: 8.3, Sum: 643.6]
      [Termination (ms): Min: 0.0, Avg: 0.5, Max: 0.6, Diff: 0.6, Sum: 8.9]
      [GC Worker Other (ms): Min: 0.0, Avg: 0.0, Max: 0.1, Diff: 0.1, Sum: 0.6]
      [GC Worker Total (ms): Min: 45.3, Avg: 45.4, Max: 45.5, Diff: 0.1, Sum: 817.3]
      [GC Worker End (ms): Min: 139687.4, Avg: 139687.4, Max: 139687.5, Diff: 0.1]
   [Code Root Fixup: 0.4 ms]
   [Code Root Migration: 0.8 ms]
   [Clear CT: 1.3 ms]
   [Other: 6.8 ms]
      [Choose CSet: 0.0 ms]
      [Ref Proc: 5.1 ms]
      [Ref Enq: 0.2 ms]
      [Free CSet: 0.6 ms]
   [Eden: 4880.0M(4880.0M)->0.0B(4816.0M) Survivors: 96.0M->112.0M Heap: 9090.8M(10.0G)->4223.9M(10.0G)]
 [Times: user=0.58 sys=0.30, real=0.05 secs] 
139.697: Total time for which application threads were stopped: 0.0572980 seconds
139.697: Total time for which application threads were stopped: 0.0004730 seconds
139.702: Total time for which application threads were stopped: 0.0004950 seconds
139.702: Total time for which application threads were stopped: 0.0001730 seconds
139.703: Total time for which application threads were stopped: 0.0001950 seconds
139.703: Total time for which application threads were stopped: 0.0001930 seconds
139.703: Total time for which application threads were stopped: 0.0002020 seconds
139.703: Total time for which application threads were stopped: 0.0001850 seconds
139.704: Total time for which application threads were stopped: 0.0002010 seconds
139.704: Total time for which application threads were stopped: 0.0001910 seconds
139.704: Total time for which application threads were stopped: 0.0002110 seconds
140.706: Total time for which application threads were stopped: 0.0017170 seconds
141.110: Total time for which application threads were stopped: 0.0016060 seconds
141.352: Total time for which application threads were stopped: 0.0008960 seconds
142.354: Total time for which application threads were stopped: 0.0017610 seconds
142.690: Total time for which application threads were stopped: 0.0006430 seconds
142.943: Total time for which application threads were stopped: 0.0017720 seconds
143.708: Total time for which application threads were stopped: 0.0020070 seconds
144.177: Total time for which application threads were stopped: 0.0057680 seconds
144.181: Total time for which application threads were stopped: 0.0006750 seconds
144.184: Total time for which application threads were stopped: 0.0003950 seconds
144.185: Total time for which application threads were stopped: 0.0003060 seconds
145.187: Total time for which application threads were stopped: 0.0017470 seconds
145.725: [GC pause (G1 Evacuation Pause) (young)
Desired survivor size 327155712 bytes, new threshold 15 (max 15)
- age   1:   53672096 bytes,   53672096 total
- age   2:   13737696 bytes,   67409792 total
- age   3:     625728 bytes,   68035520 total
- age   4:     722288 bytes,   68757808 total
- age   5:    1651232 bytes,   70409040 total
, 0.0401370 secs]
   [Parallel Time: 34.5 ms, GC Workers: 18]
      [GC Worker Start (ms): Min: 145725.0, Avg: 145725.1, Max: 145725.2, Diff: 0.2]
      [Ext Root Scanning (ms): Min: 4.0, Avg: 4.8, Max: 5.3, Diff: 1.3, Sum: 86.6]
      [Update RS (ms): Min: 1.9, Avg: 2.5, Max: 3.4, Diff: 1.5, Sum: 44.1]
         [Processed Buffers: Min: 14, Avg: 23.0, Max: 36, Diff: 22, Sum: 414]
      [Scan RS (ms): Min: 0.0, Avg: 0.2, Max: 0.3, Diff: 0.3, Sum: 4.5]
      [Code Root Scanning (ms): Min: 0.0, Avg: 0.1, Max: 0.4, Diff: 0.4, Sum: 0.9]
      [Object Copy (ms): Min: 25.5, Avg: 26.1, Max: 26.7, Diff: 1.2, Sum: 469.2]
      [Termination (ms): Min: 0.0, Avg: 0.1, Max: 0.1, Diff: 0.1, Sum: 0.9]
      [GC Worker Other (ms): Min: 0.0, Avg: 0.0, Max: 0.1, Diff: 0.0, Sum: 0.5]
      [GC Worker Total (ms): Min: 33.5, Avg: 33.7, Max: 34.2, Diff: 0.7, Sum: 606.7]
      [GC Worker End (ms): Min: 145758.7, Avg: 145758.8, Max: 145759.5, Diff: 0.7]
   [Code Root Fixup: 0.4 ms]
   [Code Root Migration: 0.8 ms]
   [Clear CT: 1.2 ms]
   [Other: 3.2 ms]
      [Choose CSet: 0.0 ms]
      [Ref Proc: 1.6 ms]
      [Ref Enq: 0.1 ms]
      [Free CSet: 0.6 ms]
   [Eden: 4816.0M(4816.0M)->0.0B(4752.0M) Survivors: 112.0M->160.0M Heap: 9039.9M(10.0G)->4275.6M(10.0G)]
 [Times: user=0.65 sys=0.02, real=0.04 secs] 
145.765: Total time for which application threads were stopped: 0.0423230 seconds
145.766: Total time for which application threads were stopped: 0.0004020 seconds
145.778: Total time for which application threads were stopped: 0.0010090 seconds
145.779: Total time for which application threads were stopped: 0.0002470 seconds
145.779: Total time for which application threads were stopped: 0.0002200 seconds
146.354: Total time for which application threads were stopped: 0.0019350 seconds
146.355: Total time for which application threads were stopped: 0.0002520 seconds
146.501: Total time for which application threads were stopped: 0.0007280 seconds
147.503: Total time for which application threads were stopped: 0.0018310 seconds
148.198: Total time for which application threads were stopped: 0.0018970 seconds
148.198: Total time for which application threads were stopped: 0.0002220 seconds
148.199: Total time for which application threads were stopped: 0.0001630 seconds
148.199: Total time for which application threads were stopped: 0.0001640 seconds
148.199: Total time for which application threads were stopped: 0.0001680 seconds
148.203: Total time for which application threads were stopped: 0.0040210 seconds
148.203: Total time for which application threads were stopped: 0.0001760 seconds
148.203: Total time for which application threads were stopped: 0.0001730 seconds
148.204: Total time for which application threads were stopped: 0.0002220 seconds
148.204: Total time for which application threads were stopped: 0.0001620 seconds
148.206: Total time for which application threads were stopped: 0.0004370 seconds
148.206: Total time for which application threads were stopped: 0.0002030 seconds
148.211: Total time for which application threads were stopped: 0.0005290 seconds
148.241: Total time for which application threads were stopped: 0.0006080 seconds
148.241: Total time for which application threads were stopped: 0.0002300 seconds
148.383: Total time for which application threads were stopped: 0.0006810 seconds
148.384: Total time for which application threads were stopped: 0.0002590 seconds
149.340: Total time for which application threads were stopped: 0.0028760 seconds
150.039: Total time for which application threads were stopped: 0.0017470 seconds
150.468: Total time for which application threads were stopped: 0.0016330 seconds
151.140: Total time for which application threads were stopped: 0.0017570 seconds
151.141: [GC pause (GCLocker Initiated GC) (young)
Desired survivor size 327155712 bytes, new threshold 15 (max 15)
- age   1:   13603104 bytes,   13603104 total
- age   2:   47686968 bytes,   61290072 total
- age   3:   13719424 bytes,   75009496 total
- age   4:     625544 bytes,   75635040 total
- age   5:     722240 bytes,   76357280 total
- age   6:    1648568 bytes,   78005848 total
, 0.0406660 secs]
   [Parallel Time: 34.6 ms, GC Workers: 18]
      [GC Worker Start (ms): Min: 151141.0, Avg: 151141.1, Max: 151141.2, Diff: 0.1]
      [Ext Root Scanning (ms): Min: 4.2, Avg: 4.9, Max: 5.5, Diff: 1.3, Sum: 87.6]
      [Update RS (ms): Min: 2.0, Avg: 2.6, Max: 3.3, Diff: 1.4, Sum: 47.4]
         [Processed Buffers: Min: 10, Avg: 26.4, Max: 45, Diff: 35, Sum: 476]
      [Scan RS (ms): Min: 0.0, Avg: 0.3, Max: 0.4, Diff: 0.4, Sum: 4.7]
      [Code Root Scanning (ms): Min: 0.0, Avg: 0.1, Max: 0.3, Diff: 0.3, Sum: 1.1]
      [Object Copy (ms): Min: 24.6, Avg: 25.2, Max: 26.9, Diff: 2.3, Sum: 454.0]
      [Termination (ms): Min: 0.0, Avg: 1.4, Max: 1.7, Diff: 1.7, Sum: 24.5]
      [GC Worker Other (ms): Min: 0.0, Avg: 0.0, Max: 0.1, Diff: 0.1, Sum: 0.8]
      [GC Worker Total (ms): Min: 34.4, Avg: 34.4, Max: 34.5, Diff: 0.2, Sum: 620.0]
      [GC Worker End (ms): Min: 151175.5, Avg: 151175.5, Max: 151175.6, Diff: 0.1]
   [Code Root Fixup: 0.6 ms]
   [Code Root Migration: 1.1 ms]
   [Clear CT: 1.2 ms]
   [Other: 3.1 ms]
      [Choose CSet: 0.0 ms]
      [Ref Proc: 1.6 ms]
      [Ref Enq: 0.1 ms]
      [Free CSet: 0.6 ms]
   [Eden: 4768.0M(4752.0M)->0.0B(4752.0M) Survivors: 160.0M->160.0M Heap: 9027.7M(10.0G)->4269.3M(10.0G)]
 [Times: user=0.64 sys=0.01, real=0.04 secs] 
151.182: Total time for which application threads were stopped: 0.0414560 seconds
151.182: Total time for which application threads were stopped: 0.0004410 seconds
151.187: Total time for which application threads were stopped: 0.0047270 seconds
152.189: Total time for which application threads were stopped: 0.0016940 seconds
152.679: Total time for which application threads were stopped: 0.0006540 seconds
153.681: Total time for which application threads were stopped: 0.0016790 seconds
154.168: Total time for which application threads were stopped: 0.0006440 seconds
154.199: Total time for which application threads were stopped: 0.0008390 seconds
154.204: Total time for which application threads were stopped: 0.0012670 seconds
155.206: Total time for which application threads were stopped: 0.0016100 seconds
155.234: Total time for which application threads were stopped: 0.0005990 seconds
155.677: Total time for which application threads were stopped: 0.0015200 seconds
156.678: Total time for which application threads were stopped: 0.0017420 seconds
156.800: [GC pause (G1 Evacuation Pause) (young)
Desired survivor size 327155712 bytes, new threshold 15 (max 15)
- age   1:   13783360 bytes,   13783360 total
- age   2:    6973656 bytes,   20757016 total
- age   3:   46497104 bytes,   67254120 total
- age   4:   13699568 bytes,   80953688 total
- age   5:     625232 bytes,   81578920 total
- age   6:     721512 bytes,   82300432 total
- age   7:    1641480 bytes,   83941912 total
, 0.0407390 secs]
   [Parallel Time: 34.6 ms, GC Workers: 18]
      [GC Worker Start (ms): Min: 156800.5, Avg: 156800.6, Max: 156800.7, Diff: 0.1]
      [Ext Root Scanning (ms): Min: 3.9, Avg: 4.8, Max: 5.2, Diff: 1.3, Sum: 86.3]
      [Update RS (ms): Min: 2.4, Avg: 3.5, Max: 4.8, Diff: 2.5, Sum: 63.6]
         [Processed Buffers: Min: 8, Avg: 26.9, Max: 40, Diff: 32, Sum: 484]
      [Scan RS (ms): Min: 0.0, Avg: 0.1, Max: 0.4, Diff: 0.4, Sum: 2.5]
      [Code Root Scanning (ms): Min: 0.0, Avg: 0.0, Max: 0.3, Diff: 0.3, Sum: 0.8]
      [Object Copy (ms): Min: 25.0, Avg: 25.8, Max: 26.6, Diff: 1.6, Sum: 464.0]
      [Termination (ms): Min: 0.0, Avg: 0.1, Max: 0.1, Diff: 0.1, Sum: 1.5]
      [GC Worker Other (ms): Min: 0.0, Avg: 0.0, Max: 0.1, Diff: 0.1, Sum: 0.6]
      [GC Worker Total (ms): Min: 34.3, Avg: 34.4, Max: 34.5, Diff: 0.2, Sum: 619.4]
      [GC Worker End (ms): Min: 156835.0, Avg: 156835.0, Max: 156835.1, Diff: 0.1]
   [Code Root Fixup: 0.5 ms]
   [Code Root Migration: 0.9 ms]
   [Clear CT: 1.3 ms]
   [Other: 3.4 ms]
      [Choose CSet: 0.0 ms]
      [Ref Proc: 1.8 ms]
      [Ref Enq: 0.2 ms]
      [Free CSet: 0.6 ms]
   [Eden: 4752.0M(4752.0M)->0.0B(4784.0M) Survivors: 160.0M->144.0M Heap: 9021.3M(10.0G)->4261.9M(10.0G)]
 [Times: user=0.63 sys=0.01, real=0.05 secs] 
156.841: Total time for which application threads were stopped: 0.0427670 seconds
157.843: Total time for which application threads were stopped: 0.0017440 seconds
158.501: Total time for which application threads were stopped: 0.0018820 seconds
159.502: Total time for which application threads were stopped: 0.0016230 seconds
160.168: Total time for which application threads were stopped: 0.0017690 seconds
160.169: Total time for which application threads were stopped: 0.0002490 seconds
160.169: Total time for which application threads were stopped: 0.0001850 seconds
161.371: Total time for which application threads were stopped: 0.0008540 seconds
162.091: Total time for which application threads were stopped: 0.0018630 seconds
162.093: [GC pause (GCLocker Initiated GC) (young)
Desired survivor size 327155712 bytes, new threshold 15 (max 15)
- age   1:   13462632 bytes,   13462632 total
- age   2:    7602336 bytes,   21064968 total
- age   3:    6645648 bytes,   27710616 total
- age   4:   46270664 bytes,   73981280 total
- age   5:   13697288 bytes,   87678568 total
- age   6:     625096 bytes,   88303664 total
- age   7:     720320 bytes,   89023984 total
- age   8:    1615032 bytes,   90639016 total
, 0.0368400 secs]
   [Parallel Time: 30.0 ms, GC Workers: 18]
      [GC Worker Start (ms): Min: 162093.0, Avg: 162093.0, Max: 162093.1, Diff: 0.1]
      [Ext Root Scanning (ms): Min: 3.7, Avg: 4.4, Max: 5.0, Diff: 1.3, Sum: 80.1]
      [Update RS (ms): Min: 2.6, Avg: 3.2, Max: 4.1, Diff: 1.5, Sum: 57.1]
         [Processed Buffers: Min: 10, Avg: 24.7, Max: 44, Diff: 34, Sum: 444]
      [Scan RS (ms): Min: 0.0, Avg: 0.2, Max: 0.5, Diff: 0.5, Sum: 3.0]
      [Code Root Scanning (ms): Min: 0.0, Avg: 0.1, Max: 0.4, Diff: 0.4, Sum: 1.1]
      [Object Copy (ms): Min: 19.2, Avg: 20.3, Max: 22.1, Diff: 2.9, Sum: 365.8]
      [Termination (ms): Min: 0.0, Avg: 1.7, Max: 2.3, Diff: 2.3, Sum: 30.2]
      [GC Worker Other (ms): Min: 0.0, Avg: 0.0, Max: 0.0, Diff: 0.0, Sum: 0.6]
      [GC Worker Total (ms): Min: 29.8, Avg: 29.9, Max: 30.0, Diff: 0.1, Sum: 537.9]
      [GC Worker End (ms): Min: 162122.9, Avg: 162122.9, Max: 162122.9, Diff: 0.0]
   [Code Root Fixup: 0.8 ms]
   [Code Root Migration: 1.2 ms]
   [Clear CT: 1.4 ms]
   [Other: 3.4 ms]
      [Choose CSet: 0.0 ms]
      [Ref Proc: 1.6 ms]
      [Ref Enq: 0.2 ms]
      [Free CSet: 0.7 ms]
   [Eden: 4800.0M(4784.0M)->0.0B(4784.0M) Survivors: 144.0M->144.0M Heap: 9046.6M(10.0G)->4251.0M(10.0G)]
 [Times: user=0.57 sys=0.00, real=0.03 secs] 
162.130: Total time for which application threads were stopped: 0.0379530 seconds
163.132: Total time for which application threads were stopped: 0.0017050 seconds
164.133: Total time for which application threads were stopped: 0.0016250 seconds
164.167: Total time for which application threads were stopped: 0.0006260 seconds
164.182: Total time for which application threads were stopped: 0.0006030 seconds
164.187: Total time for which application threads were stopped: 0.0006740 seconds
164.376: Total time for which application threads were stopped: 0.0006800 seconds
165.378: Total time for which application threads were stopped: 0.0017990 seconds
166.380: Total time for which application threads were stopped: 0.0018960 seconds
166.809: [GC pause (G1 Evacuation Pause) (young)
Desired survivor size 327155712 bytes, new threshold 15 (max 15)
- age   1:   12987776 bytes,   12987776 total
- age   2:    7922696 bytes,   20910472 total
- age   3:    6844936 bytes,   27755408 total
- age   4:    6486928 bytes,   34242336 total
- age   5:   46121136 bytes,   80363472 total
- age   6:   13688920 bytes,   94052392 total
- age   7:     617368 bytes,   94669760 total
- age   8:     702704 bytes,   95372464 total
- age   9:    1614096 bytes,   96986560 total
, 0.0378410 secs]
   [Parallel Time: 28.5 ms, GC Workers: 18]
      [GC Worker Start (ms): Min: 166809.5, Avg: 166809.6, Max: 166809.6, Diff: 0.1]
      [Ext Root Scanning (ms): Min: 3.9, Avg: 4.6, Max: 5.0, Diff: 1.0, Sum: 82.2]
      [Update RS (ms): Min: 2.5, Avg: 3.2, Max: 4.3, Diff: 1.8, Sum: 57.6]
         [Processed Buffers: Min: 9, Avg: 27.6, Max: 46, Diff: 37, Sum: 497]
      [Scan RS (ms): Min: 0.0, Avg: 0.3, Max: 0.4, Diff: 0.4, Sum: 4.5]
      [Code Root Scanning (ms): Min: 0.0, Avg: 0.1, Max: 0.9, Diff: 0.9, Sum: 1.5]
      [Object Copy (ms): Min: 18.6, Avg: 19.4, Max: 20.5, Diff: 1.8, Sum: 349.1]
      [Termination (ms): Min: 0.0, Avg: 0.8, Max: 1.0, Diff: 1.0, Sum: 14.9]
      [GC Worker Other (ms): Min: 0.0, Avg: 0.0, Max: 0.1, Diff: 0.1, Sum: 0.6]
      [GC Worker Total (ms): Min: 28.3, Avg: 28.4, Max: 28.4, Diff: 0.2, Sum: 510.4]
      [GC Worker End (ms): Min: 166837.9, Avg: 166837.9, Max: 166837.9, Diff: 0.1]
   [Code Root Fixup: 0.7 ms]
   [Code Root Migration: 1.2 ms]
   [Clear CT: 1.5 ms]
   [Other: 5.9 ms]
      [Choose CSet: 0.0 ms]
      [Ref Proc: 4.2 ms]
      [Ref Enq: 0.1 ms]
      [Free CSet: 0.6 ms]
   [Eden: 4784.0M(4784.0M)->0.0B(4656.0M) Survivors: 144.0M->208.0M Heap: 9035.0M(10.0G)->4316.4M(10.0G)]
 [Times: user=0.57 sys=0.02, real=0.04 secs] 
166.847: Total time for which application threads were stopped: 0.0389290 seconds
167.391: Total time for which application threads were stopped: 0.0018280 seconds
169.393: Total time for which application threads were stopped: 0.0017090 seconds
170.395: Total time for which application threads were stopped: 0.0017890 seconds
170.555: Total time for which application threads were stopped: 0.0006850 seconds
171.312: [GC pause (G1 Evacuation Pause) (young)
Desired survivor size 318767104 bytes, new threshold 15 (max 15)
- age   1:   12614640 bytes,   12614640 total
- age   2:    6750640 bytes,   19365280 total
- age   3:    7407160 bytes,   26772440 total
- age   4:    6674528 bytes,   33446968 total
- age   5:    6431600 bytes,   39878568 total
- age   6:   46050608 bytes,   85929176 total
- age   7:   13667696 bytes,   99596872 total
- age   8:     605920 bytes,  100202792 total
- age   9:     700504 bytes,  100903296 total
- age  10:    1613264 bytes,  102516560 total
, 0.0397520 secs]
   [Parallel Time: 32.5 ms, GC Workers: 18]
      [GC Worker Start (ms): Min: 171312.8, Avg: 171312.9, Max: 171313.0, Diff: 0.2]
      [Ext Root Scanning (ms): Min: 4.4, Avg: 5.4, Max: 6.0, Diff: 1.6, Sum: 97.1]
      [Update RS (ms): Min: 2.6, Avg: 3.2, Max: 4.8, Diff: 2.2, Sum: 58.3]
         [Processed Buffers: Min: 5, Avg: 24.7, Max: 46, Diff: 41, Sum: 444]
      [Scan RS (ms): Min: 0.0, Avg: 0.2, Max: 0.4, Diff: 0.4, Sum: 4.4]
      [Code Root Scanning (ms): Min: 0.0, Avg: 0.1, Max: 0.5, Diff: 0.5, Sum: 1.3]
      [Object Copy (ms): Min: 20.9, Avg: 21.8, Max: 22.9, Diff: 2.1, Sum: 391.9]
      [Termination (ms): Min: 0.0, Avg: 1.5, Max: 1.9, Diff: 1.9, Sum: 26.5]
      [GC Worker Other (ms): Min: 0.0, Avg: 0.0, Max: 0.1, Diff: 0.1, Sum: 0.8]
      [GC Worker Total (ms): Min: 32.2, Avg: 32.2, Max: 32.3, Diff: 0.2, Sum: 580.3]
      [GC Worker End (ms): Min: 171345.1, Avg: 171345.2, Max: 171345.2, Diff: 0.1]
   [Code Root Fixup: 0.7 ms]
   [Code Root Migration: 1.6 ms]
   [Clear CT: 1.6 ms]
   [Other: 3.5 ms]
      [Choose CSet: 0.0 ms]
      [Ref Proc: 1.8 ms]
      [Ref Enq: 0.1 ms]
      [Free CSet: 0.6 ms]
   [Eden: 4656.0M(4656.0M)->0.0B(4752.0M) Survivors: 208.0M->160.0M Heap: 8972.4M(10.0G)->4269.9M(10.0G)]
 [Times: user=0.60 sys=0.02, real=0.04 secs] 
171.353: Total time for which application threads were stopped: 0.0420750 seconds
172.354: Total time for which application threads were stopped: 0.0017900 seconds
173.357: Total time for which application threads were stopped: 0.0024740 seconds
174.104: Total time for which application threads were stopped: 0.0018450 seconds
174.169: Total time for which application threads were stopped: 0.0006570 seconds
174.171: Total time for which application threads were stopped: 0.0003480 seconds
174.172: Total time for which application threads were stopped: 0.0003530 seconds
175.174: Total time for which application threads were stopped: 0.0017660 seconds
175.535: [GC pause (G1 Evacuation Pause) (young)
Desired survivor size 327155712 bytes, new threshold 15 (max 15)
- age   1:   29074056 bytes,   29074056 total
- age   2:    7758000 bytes,   36832056 total
- age   3:    6057240 bytes,   42889296 total
- age   4:    7256656 bytes,   50145952 total
- age   5:    6617272 bytes,   56763224 total
- age   6:    6394376 bytes,   63157600 total
- age   7:   29570408 bytes,   92728008 total
- age   8:   13643016 bytes,  106371024 total
- age   9:     605920 bytes,  106976944 total
- age  10:     700480 bytes,  107677424 total
- age  11:    1613264 bytes,  109290688 total
, 0.0389470 secs]
   [Parallel Time: 31.7 ms, GC Workers: 18]
      [GC Worker Start (ms): Min: 175535.0, Avg: 175535.1, Max: 175535.1, Diff: 0.1]
      [Ext Root Scanning (ms): Min: 3.8, Avg: 4.6, Max: 5.1, Diff: 1.3, Sum: 82.2]
      [Update RS (ms): Min: 2.6, Avg: 3.3, Max: 4.8, Diff: 2.3, Sum: 58.9]
         [Processed Buffers: Min: 5, Avg: 25.2, Max: 43, Diff: 38, Sum: 454]
      [Scan RS (ms): Min: 0.0, Avg: 0.2, Max: 0.4, Diff: 0.4, Sum: 4.4]
      [Code Root Scanning (ms): Min: 0.0, Avg: 0.1, Max: 0.6, Diff: 0.6, Sum: 1.3]
      [Object Copy (ms): Min: 22.3, Avg: 23.1, Max: 23.7, Diff: 1.4, Sum: 416.5]
      [Termination (ms): Min: 0.0, Avg: 0.2, Max: 0.2, Diff: 0.2, Sum: 3.2]
      [GC Worker Other (ms): Min: 0.0, Avg: 0.0, Max: 0.1, Diff: 0.1, Sum: 0.7]
      [GC Worker Total (ms): Min: 31.4, Avg: 31.5, Max: 31.6, Diff: 0.1, Sum: 567.2]
      [GC Worker End (ms): Min: 175566.6, Avg: 175566.6, Max: 175566.6, Diff: 0.1]
   [Code Root Fixup: 0.7 ms]
   [Code Root Migration: 1.6 ms]
   [Clear CT: 1.7 ms]
   [Other: 3.3 ms]
      [Choose CSet: 0.0 ms]
      [Ref Proc: 1.6 ms]
      [Ref Enq: 0.2 ms]
      [Free CSet: 0.6 ms]
   [Eden: 4752.0M(4752.0M)->0.0B(4720.0M) Survivors: 160.0M->176.0M Heap: 9021.9M(10.0G)->4288.6M(10.0G)]
 [Times: user=0.60 sys=0.01, real=0.04 secs] 
175.574: Total time for which application threads were stopped: 0.0400620 seconds
176.322: Total time for which application threads were stopped: 0.0018800 seconds
176.590: Total time for which application threads were stopped: 0.0006410 seconds
177.368: Total time for which application threads were stopped: 0.0017910 seconds
178.370: Total time for which application threads were stopped: 0.0019440 seconds
179.440: Total time for which application threads were stopped: 0.0008500 seconds
179.649: [GC pause (G1 Evacuation Pause) (young)
Desired survivor size 327155712 bytes, new threshold 15 (max 15)
- age   1:   14424760 bytes,   14424760 total
- age   2:   22981808 bytes,   37406568 total
- age   3:    7462984 bytes,   44869552 total
- age   4:    5755144 bytes,   50624696 total
- age   5:    7211704 bytes,   57836400 total
- age   6:    6590896 bytes,   64427296 total
- age   7:    6375128 bytes,   70802424 total
- age   8:   28132816 bytes,   98935240 total
- age   9:   13619384 bytes,  112554624 total
- age  10:     604864 bytes,  113159488 total
- age  11:     699384 bytes,  113858872 total
- age  12:    1613264 bytes,  115472136 total
, 0.0417740 secs]
   [Parallel Time: 34.2 ms, GC Workers: 18]
      [GC Worker Start (ms): Min: 179649.8, Avg: 179649.9, Max: 179649.9, Diff: 0.1]
      [Ext Root Scanning (ms): Min: 4.0, Avg: 4.6, Max: 5.2, Diff: 1.2, Sum: 82.8]
      [Update RS (ms): Min: 2.7, Avg: 3.4, Max: 4.1, Diff: 1.4, Sum: 60.6]
         [Processed Buffers: Min: 6, Avg: 27.7, Max: 47, Diff: 41, Sum: 499]
      [Scan RS (ms): Min: 0.0, Avg: 0.2, Max: 0.4, Diff: 0.4, Sum: 3.6]
      [Code Root Scanning (ms): Min: 0.0, Avg: 0.1, Max: 0.4, Diff: 0.4, Sum: 1.2]
      [Object Copy (ms): Min: 22.1, Avg: 24.1, Max: 25.8, Diff: 3.7, Sum: 433.0]
      [Termination (ms): Min: 0.0, Avg: 1.6, Max: 3.4, Diff: 3.4, Sum: 29.3]
      [GC Worker Other (ms): Min: 0.0, Avg: 0.0, Max: 0.1, Diff: 0.0, Sum: 0.6]
      [GC Worker Total (ms): Min: 33.9, Avg: 34.0, Max: 34.0, Diff: 0.2, Sum: 611.1]
      [GC Worker End (ms): Min: 179683.8, Avg: 179683.8, Max: 179683.8, Diff: 0.0]
   [Code Root Fixup: 0.7 ms]
   [Code Root Migration: 1.4 ms]
   [Clear CT: 1.5 ms]
   [Other: 4.0 ms]
      [Choose CSet: 0.0 ms]
      [Ref Proc: 2.4 ms]
      [Ref Enq: 0.1 ms]
      [Free CSet: 0.6 ms]
   [Eden: 4720.0M(4720.0M)->0.0B(4560.0M) Survivors: 176.0M->256.0M Heap: 9008.6M(10.0G)->4369.6M(10.0G)]
 [Times: user=0.64 sys=0.01, real=0.04 secs] 
179.692: Total time for which application threads were stopped: 0.0428920 seconds
180.135: Total time for which application threads were stopped: 0.0018190 seconds
180.135: Total time for which application threads were stopped: 0.0002140 seconds
182.450: Total time for which application threads were stopped: 0.0019030 seconds
183.054: [GC pause (G1 Evacuation Pause) (young)
Desired survivor size 318767104 bytes, new threshold 15 (max 15)
- age   1:   14668024 bytes,   14668024 total
- age   2:    7561376 bytes,   22229400 total
- age   3:   22256272 bytes,   44485672 total
- age   4:    7069840 bytes,   51555512 total
- age   5:    5684320 bytes,   57239832 total
- age   6:    7161536 bytes,   64401368 total
- age   7:    6571936 bytes,   70973304 total
- age   8:    6361240 bytes,   77334544 total
- age   9:   28109424 bytes,  105443968 total
- age  10:   13603736 bytes,  119047704 total
- age  11:     604032 bytes,  119651736 total
- age  12:     699360 bytes,  120351096 total
- age  13:    1613240 bytes,  121964336 total
, 0.0424240 secs]
   [Parallel Time: 35.4 ms, GC Workers: 18]
      [GC Worker Start (ms): Min: 183054.4, Avg: 183054.5, Max: 183054.5, Diff: 0.1]
      [Ext Root Scanning (ms): Min: 4.3, Avg: 4.8, Max: 5.4, Diff: 1.2, Sum: 87.0]
      [Update RS (ms): Min: 2.7, Avg: 3.3, Max: 4.3, Diff: 1.6, Sum: 60.0]
         [Processed Buffers: Min: 6, Avg: 25.1, Max: 51, Diff: 45, Sum: 452]
      [Scan RS (ms): Min: 0.0, Avg: 0.2, Max: 0.3, Diff: 0.3, Sum: 4.4]
      [Code Root Scanning (ms): Min: 0.0, Avg: 0.1, Max: 0.4, Diff: 0.4, Sum: 1.6]
      [Object Copy (ms): Min: 25.4, Avg: 26.5, Max: 26.9, Diff: 1.4, Sum: 476.8]
      [Termination (ms): Min: 0.0, Avg: 0.2, Max: 0.3, Diff: 0.3, Sum: 3.6]
      [GC Worker Other (ms): Min: 0.0, Avg: 0.1, Max: 0.1, Diff: 0.1, Sum: 0.9]
      [GC Worker Total (ms): Min: 35.2, Avg: 35.2, Max: 35.3, Diff: 0.2, Sum: 634.3]
      [GC Worker End (ms): Min: 183089.7, Avg: 183089.7, Max: 183089.8, Diff: 0.1]
   [Code Root Fixup: 0.7 ms]
   [Code Root Migration: 1.7 ms]
   [Clear CT: 1.4 ms]
   [Other: 3.2 ms]
      [Choose CSet: 0.0 ms]
      [Ref Proc: 1.6 ms]
      [Ref Enq: 0.1 ms]
      [Free CSet: 0.6 ms]
   [Eden: 4560.0M(4560.0M)->0.0B(4752.0M) Survivors: 256.0M->160.0M Heap: 8929.6M(10.0G)->4274.2M(10.0G)]
 [Times: user=0.66 sys=0.00, real=0.05 secs] 
183.097: Total time for which application threads were stopped: 0.0437990 seconds
184.101: Total time for which application threads were stopped: 0.0009030 seconds
184.179: Total time for which application threads were stopped: 0.0006700 seconds
184.181: Total time for which application threads were stopped: 0.0003820 seconds
184.186: Total time for which application threads were stopped: 0.0003780 seconds
184.573: Total time for which application threads were stopped: 0.0006970 seconds
185.019: Total time for which application threads were stopped: 0.0017230 seconds
185.705: Total time for which application threads were stopped: 0.0009270 seconds
185.779: Total time for which application threads were stopped: 0.0007220 seconds
186.779: Total time for which application threads were stopped: 0.0008250 seconds
187.085: [GC pause (G1 Evacuation Pause) (young)
Desired survivor size 327155712 bytes, new threshold 15 (max 15)
- age   1:   11360424 bytes,   11360424 total
- age   2:    9247096 bytes,   20607520 total
- age   3:    7151840 bytes,   27759360 total
- age   4:   22056248 bytes,   49815608 total
- age   5:    6999200 bytes,   56814808 total
- age   6:    5650752 bytes,   62465560 total
- age   7:    7148808 bytes,   69614368 total
- age   8:    6562672 bytes,   76177040 total
- age   9:    6351384 bytes,   82528424 total
- age  10:   26022344 bytes,  108550768 total
- age  11:   13602040 bytes,  122152808 total
- age  12:     604032 bytes,  122756840 total
- age  13:     699360 bytes,  123456200 total
- age  14:    1612776 bytes,  125068976 total
, 0.0461680 secs]
   [Parallel Time: 38.1 ms, GC Workers: 18]
      [GC Worker Start (ms): Min: 187085.0, Avg: 187085.1, Max: 187085.2, Diff: 0.1]
      [Ext Root Scanning (ms): Min: 4.3, Avg: 5.5, Max: 7.8, Diff: 3.5, Sum: 98.3]
      [Update RS (ms): Min: 1.1, Avg: 3.3, Max: 4.7, Diff: 3.6, Sum: 58.9]
         [Processed Buffers: Min: 4, Avg: 27.9, Max: 54, Diff: 50, Sum: 503]
      [Scan RS (ms): Min: 0.0, Avg: 0.3, Max: 0.4, Diff: 0.3, Sum: 4.6]
      [Code Root Scanning (ms): Min: 0.0, Avg: 0.1, Max: 0.6, Diff: 0.6, Sum: 2.1]
      [Object Copy (ms): Min: 24.8, Avg: 26.9, Max: 29.1, Diff: 4.2, Sum: 484.6]
      [Termination (ms): Min: 0.0, Avg: 1.9, Max: 3.1, Diff: 3.1, Sum: 33.5]
      [GC Worker Other (ms): Min: 0.0, Avg: 0.0, Max: 0.1, Diff: 0.1, Sum: 0.6]
      [GC Worker Total (ms): Min: 37.8, Avg: 37.9, Max: 38.0, Diff: 0.1, Sum: 682.5]
      [GC Worker End (ms): Min: 187123.0, Avg: 187123.0, Max: 187123.1, Diff: 0.1]
   [Code Root Fixup: 0.8 ms]
   [Code Root Migration: 2.2 ms]
   [Clear CT: 1.6 ms]
   [Other: 3.5 ms]
      [Choose CSet: 0.0 ms]
      [Ref Proc: 1.7 ms]
      [Ref Enq: 0.1 ms]
      [Free CSet: 0.7 ms]
   [Eden: 4752.0M(4752.0M)->0.0B(4592.0M) Survivors: 160.0M->240.0M Heap: 9026.2M(10.0G)->4359.2M(10.0G)]
 [Times: user=0.68 sys=0.01, real=0.05 secs] 
187.131: Total time for which application threads were stopped: 0.0471830 seconds
188.133: Total time for which application threads were stopped: 0.0016680 seconds
188.370: Total time for which application threads were stopped: 0.0006990 seconds
188.943: Total time for which application threads were stopped: 0.0010130 seconds
190.945: Total time for which application threads were stopped: 0.0017360 seconds
191.151: [GC pause (G1 Evacuation Pause) (young)
Desired survivor size 318767104 bytes, new threshold 15 (max 15)
- age   1:   12562728 bytes,   12562728 total
- age   2:    5622296 bytes,   18185024 total
- age   3:    8354240 bytes,   26539264 total
- age   4:    6832920 bytes,   33372184 total
- age   5:   21988136 bytes,   55360320 total
- age   6:    6691680 bytes,   62052000 total
- age   7:    5637872 bytes,   67689872 total
- age   8:    6592968 bytes,   74282840 total
- age   9:    5900952 bytes,   80183792 total
- age  10:    6342696 bytes,   86526488 total
- age  11:   21363576 bytes,  107890064 total
- age  12:   13598568 bytes,  121488632 total
- age  13:     604032 bytes,  122092664 total
- age  14:     696056 bytes,  122788720 total
- age  15:    1612776 bytes,  124401496 total
, 0.0449810 secs]
   [Parallel Time: 37.3 ms, GC Workers: 18]
      [GC Worker Start (ms): Min: 191151.2, Avg: 191151.2, Max: 191151.3, Diff: 0.1]
      [Ext Root Scanning (ms): Min: 4.2, Avg: 5.1, Max: 5.5, Diff: 1.3, Sum: 92.5]
      [Update RS (ms): Min: 3.1, Avg: 3.5, Max: 4.3, Diff: 1.2, Sum: 63.3]
         [Processed Buffers: Min: 8, Avg: 25.7, Max: 40, Diff: 32, Sum: 462]
      [Scan RS (ms): Min: 0.0, Avg: 0.2, Max: 0.3, Diff: 0.3, Sum: 4.2]
      [Code Root Scanning (ms): Min: 0.0, Avg: 0.1, Max: 0.5, Diff: 0.5, Sum: 1.6]
      [Object Copy (ms): Min: 27.4, Avg: 27.9, Max: 28.5, Diff: 1.1, Sum: 501.4]
      [Termination (ms): Min: 0.0, Avg: 0.2, Max: 0.3, Diff: 0.3, Sum: 3.9]
      [GC Worker Other (ms): Min: 0.0, Avg: 0.0, Max: 0.1, Diff: 0.1, Sum: 0.8]
      [GC Worker Total (ms): Min: 37.0, Avg: 37.1, Max: 37.2, Diff: 0.2, Sum: 667.7]
      [GC Worker End (ms): Min: 191188.3, Avg: 191188.3, Max: 191188.4, Diff: 0.1]
   [Code Root Fixup: 0.8 ms]
   [Code Root Migration: 2.0 ms]
   [Clear CT: 1.3 ms]
   [Other: 3.6 ms]
      [Choose CSet: 0.0 ms]
      [Ref Proc: 1.7 ms]
      [Ref Enq: 0.1 ms]
      [Free CSet: 0.8 ms]
   [Eden: 4592.0M(4592.0M)->0.0B(4656.0M) Survivors: 240.0M->208.0M Heap: 8951.2M(10.0G)->4317.7M(10.0G)]
 [Times: user=0.68 sys=0.02, real=0.04 secs] 
191.196: Total time for which application threads were stopped: 0.0460470 seconds
191.198: Total time for which application threads were stopped: 0.0005560 seconds
191.421: Total time for which application threads were stopped: 0.0007060 seconds
193.249: Total time for which application threads were stopped: 0.0016290 seconds
194.188: Total time for which application threads were stopped: 0.0009480 seconds
194.190: Total time for which application threads were stopped: 0.0011880 seconds
194.199: Total time for which application threads were stopped: 0.0057380 seconds
194.418: Total time for which application threads were stopped: 0.0006560 seconds
195.419: Total time for which application threads were stopped: 0.0016140 seconds
195.563: [GC pause (G1 Evacuation Pause) (young)
Desired survivor size 318767104 bytes, new threshold 15 (max 15)
- age   1:   10785808 bytes,   10785808 total
- age   2:    8770080 bytes,   19555888 total
- age   3:    5302728 bytes,   24858616 total
- age   4:    7799096 bytes,   32657712 total
- age   5:    6757704 bytes,   39415416 total
- age   6:   21928272 bytes,   61343688 total
- age   7:    6666144 bytes,   68009832 total
- age   8:    5629096 bytes,   73638928 total
- age   9:    6587712 bytes,   80226640 total
- age  10:    5894656 bytes,   86121296 total
- age  11:    2233296 bytes,   88354592 total
- age  12:   19269192 bytes,  107623784 total
- age  13:   13598088 bytes,  121221872 total
- age  14:     604032 bytes,  121825904 total
- age  15:     696056 bytes,  122521960 total
, 0.0450290 secs]
   [Parallel Time: 37.7 ms, GC Workers: 18]
      [GC Worker Start (ms): Min: 195563.1, Avg: 195563.1, Max: 195563.2, Diff: 0.1]
      [Ext Root Scanning (ms): Min: 4.1, Avg: 4.8, Max: 5.8, Diff: 1.8, Sum: 87.1]
      [Update RS (ms): Min: 2.7, Avg: 3.9, Max: 4.8, Diff: 2.1, Sum: 69.9]
         [Processed Buffers: Min: 13, Avg: 26.2, Max: 43, Diff: 30, Sum: 472]
      [Scan RS (ms): Min: 0.0, Avg: 0.2, Max: 0.3, Diff: 0.3, Sum: 4.4]
      [Code Root Scanning (ms): Min: 0.0, Avg: 0.1, Max: 0.6, Diff: 0.6, Sum: 1.4]
      [Object Copy (ms): Min: 28.0, Avg: 28.4, Max: 28.9, Diff: 1.0, Sum: 511.7]
      [Termination (ms): Min: 0.0, Avg: 0.0, Max: 0.0, Diff: 0.0, Sum: 0.1]
      [GC Worker Other (ms): Min: 0.0, Avg: 0.1, Max: 0.1, Diff: 0.1, Sum: 1.1]
      [GC Worker Total (ms): Min: 37.4, Avg: 37.5, Max: 37.6, Diff: 0.2, Sum: 675.7]
      [GC Worker End (ms): Min: 195600.6, Avg: 195600.7, Max: 195600.7, Diff: 0.1]
   [Code Root Fixup: 0.7 ms]
   [Code Root Migration: 1.6 ms]
   [Clear CT: 1.4 ms]
   [Other: 3.5 ms]
      [Choose CSet: 0.0 ms]
      [Ref Proc: 1.6 ms]
      [Ref Enq: 0.2 ms]
      [Free CSet: 0.7 ms]
   [Eden: 4656.0M(4656.0M)->0.0B(4720.0M) Survivors: 208.0M->176.0M Heap: 8973.7M(10.0G)->4286.4M(10.0G)]
 [Times: user=0.70 sys=0.00, real=0.05 secs] 
195.608: Total time for which application threads were stopped: 0.0460660 seconds
196.093: Total time for which application threads were stopped: 0.0009440 seconds
196.497: Total time for which application threads were stopped: 0.0006920 seconds
197.200: Total time for which application threads were stopped: 0.0017610 seconds
197.601: Total time for which application threads were stopped: 0.0006640 seconds
200.075: [GC pause (G1 Evacuation Pause) (young)
Desired survivor size 327155712 bytes, new threshold 15 (max 15)
- age   1:   12218064 bytes,   12218064 total
- age   2:    5670464 bytes,   17888528 total
- age   3:    8211168 bytes,   26099696 total
- age   4:    5118288 bytes,   31217984 total
- age   5:    7733504 bytes,   38951488 total
- age   6:    6688824 bytes,   45640312 total
- age   7:   21909736 bytes,   67550048 total
- age   8:    6657880 bytes,   74207928 total
- age   9:    5620008 bytes,   79827936 total
- age  10:    6583312 bytes,   86411248 total
- age  11:    1774680 bytes,   88185928 total
- age  12:    2215000 bytes,   90400928 total
- age  13:   19245296 bytes,  109646224 total
- age  14:   13597680 bytes,  123243904 total
- age  15:     604032 bytes,  123847936 total
, 0.0416450 secs]
   [Parallel Time: 34.4 ms, GC Workers: 18]
      [GC Worker Start (ms): Min: 200075.3, Avg: 200075.4, Max: 200075.5, Diff: 0.2]
      [Ext Root Scanning (ms): Min: 4.0, Avg: 4.8, Max: 5.4, Diff: 1.4, Sum: 86.0]
      [Update RS (ms): Min: 3.2, Avg: 3.8, Max: 5.2, Diff: 2.0, Sum: 68.4]
         [Processed Buffers: Min: 8, Avg: 29.4, Max: 56, Diff: 48, Sum: 530]
      [Scan RS (ms): Min: 0.0, Avg: 0.2, Max: 0.4, Diff: 0.4, Sum: 4.4]
      [Code Root Scanning (ms): Min: 0.0, Avg: 0.1, Max: 0.7, Diff: 0.7, Sum: 1.8]
      [Object Copy (ms): Min: 24.2, Avg: 25.1, Max: 25.8, Diff: 1.7, Sum: 452.4]
      [Termination (ms): Min: 0.0, Avg: 0.1, Max: 0.1, Diff: 0.1, Sum: 1.7]
      [GC Worker Other (ms): Min: 0.0, Avg: 0.1, Max: 0.1, Diff: 0.1, Sum: 1.0]
      [GC Worker Total (ms): Min: 34.1, Avg: 34.2, Max: 34.4, Diff: 0.3, Sum: 615.7]
      [GC Worker End (ms): Min: 200109.6, Avg: 200109.7, Max: 200109.7, Diff: 0.1]
   [Code Root Fixup: 0.7 ms]
   [Code Root Migration: 1.4 ms]
   [Clear CT: 1.5 ms]
   [Other: 3.6 ms]
      [Choose CSet: 0.0 ms]
      [Ref Proc: 1.6 ms]
      [Ref Enq: 0.2 ms]
      [Free CSet: 0.7 ms]
   [Eden: 4720.0M(4720.0M)->0.0B(4560.0M) Survivors: 176.0M->256.0M Heap: 9006.4M(10.0G)->4369.0M(10.0G)]
 [Times: user=0.63 sys=0.01, real=0.04 secs] 
200.117: Total time for which application threads were stopped: 0.0436370 seconds
200.444: Total time for which application threads were stopped: 0.0005970 seconds
200.484: Total time for which application threads were stopped: 0.0006270 seconds
200.484: Total time for which application threads were stopped: 0.0002430 seconds
202.486: Total time for which application threads were stopped: 0.0016590 seconds
203.487: Total time for which application threads were stopped: 0.0007590 seconds
203.510: Total time for which application threads were stopped: 0.0006980 seconds
204.168: Total time for which application threads were stopped: 0.0017120 seconds
204.179: Total time for which application threads were stopped: 0.0005660 seconds
204.183: Total time for which application threads were stopped: 0.0003840 seconds
204.286: Total time for which application threads were stopped: 0.0006170 seconds
204.286: Total time for which application threads were stopped: 0.0001980 seconds
204.288: Total time for which application threads were stopped: 0.0003430 seconds
204.292: Total time for which application threads were stopped: 0.0014750 seconds
204.504: [GC pause (G1 Evacuation Pause) (young)
Desired survivor size 318767104 bytes, new threshold 15 (max 15)
- age   1:   11762152 bytes,   11762152 total
- age   2:    6172288 bytes,   17934440 total
- age   3:    5384672 bytes,   23319112 total
- age   4:    7779304 bytes,   31098416 total
- age   5:    5071456 bytes,   36169872 total
- age   6:    7663792 bytes,   43833664 total
- age   7:    6653344 bytes,   50487008 total
- age   8:   21898128 bytes,   72385136 total
- age   9:    6449872 bytes,   78835008 total
- age  10:    5608696 bytes,   84443704 total
- age  11:    2469224 bytes,   86912928 total
- age  12:    1755904 bytes,   88668832 total
- age  13:    1864736 bytes,   90533568 total
- age  14:   18997872 bytes,  109531440 total
- age  15:   13596464 bytes,  123127904 total
, 0.0447190 secs]
   [Parallel Time: 36.9 ms, GC Workers: 18]
      [GC Worker Start (ms): Min: 204503.9, Avg: 204504.0, Max: 204504.1, Diff: 0.1]
      [Ext Root Scanning (ms): Min: 4.0, Avg: 4.7, Max: 5.2, Diff: 1.2, Sum: 84.2]
      [Update RS (ms): Min: 3.1, Avg: 3.7, Max: 4.5, Diff: 1.4, Sum: 66.9]
         [Processed Buffers: Min: 7, Avg: 25.8, Max: 48, Diff: 41, Sum: 465]
      [Scan RS (ms): Min: 0.0, Avg: 0.2, Max: 0.4, Diff: 0.4, Sum: 4.1]
      [Code Root Scanning (ms): Min: 0.0, Avg: 0.1, Max: 0.4, Diff: 0.4, Sum: 1.4]
      [Object Copy (ms): Min: 25.3, Avg: 26.8, Max: 28.1, Diff: 2.9, Sum: 482.5]
      [Termination (ms): Min: 0.0, Avg: 1.2, Max: 2.1, Diff: 2.1, Sum: 20.8]
      [GC Worker Other (ms): Min: 0.0, Avg: 0.0, Max: 0.1, Diff: 0.1, Sum: 0.6]
      [GC Worker Total (ms): Min: 36.6, Avg: 36.7, Max: 36.8, Diff: 0.2, Sum: 660.5]
      [GC Worker End (ms): Min: 204540.7, Avg: 204540.7, Max: 204540.7, Diff: 0.0]
   [Code Root Fixup: 0.8 ms]
   [Code Root Migration: 1.7 ms]
   [Clear CT: 1.5 ms]
   [Other: 3.8 ms]
      [Choose CSet: 0.0 ms]
      [Ref Proc: 1.7 ms]
      [Ref Enq: 0.1 ms]
      [Free CSet: 0.9 ms]
   [Eden: 4560.0M(4560.0M)->0.0B(4704.0M) Survivors: 256.0M->176.0M Heap: 8929.0M(10.0G)->4306.8M(10.0G)]
 [Times: user=0.68 sys=0.02, real=0.05 secs] 
204.549: Total time for which application threads were stopped: 0.0457350 seconds
204.559: Total time for which application threads were stopped: 0.0036080 seconds
204.561: Total time for which application threads were stopped: 0.0003810 seconds
204.561: Total time for which application threads were stopped: 0.0002300 seconds
204.562: Total time for which application threads were stopped: 0.0004050 seconds
204.569: Total time for which application threads were stopped: 0.0005680 seconds
204.570: Total time for which application threads were stopped: 0.0003130 seconds
204.577: Total time for which application threads were stopped: 0.0072410 seconds
204.578: Total time for which application threads were stopped: 0.0003280 seconds
204.580: Total time for which application threads were stopped: 0.0004420 seconds
204.589: Total time for which application threads were stopped: 0.0008390 seconds
204.609: Total time for which application threads were stopped: 0.0007520 seconds
204.616: Total time for which application threads were stopped: 0.0006170 seconds
204.622: Total time for which application threads were stopped: 0.0006860 seconds
204.631: Total time for which application threads were stopped: 0.0006390 seconds
204.653: Total time for which application threads were stopped: 0.0007300 seconds
205.655: Total time for which application threads were stopped: 0.0016680 seconds
206.516: Total time for which application threads were stopped: 0.0017030 seconds
207.518: Total time for which application threads were stopped: 0.0016680 seconds
209.265: [GC pause (G1 Evacuation Pause) (young)
Desired survivor size 327155712 bytes, new threshold 15 (max 15)
- age   1:   15751360 bytes,   15751360 total
- age   2:    7955056 bytes,   23706416 total
- age   3:    5897144 bytes,   29603560 total
- age   4:    5190384 bytes,   34793944 total
- age   5:    7720360 bytes,   42514304 total
- age   6:    5027864 bytes,   47542168 total
- age   7:    7262496 bytes,   54804664 total
- age   8:    6643136 bytes,   61447800 total
- age   9:   21890200 bytes,   83338000 total
- age  10:    6444728 bytes,   89782728 total
- age  11:    1490472 bytes,   91273200 total
- age  12:    2460456 bytes,   93733656 total
- age  13:    1733072 bytes,   95466728 total
- age  14:    1860256 bytes,   97326984 total
- age  15:   18988656 bytes,  116315640 total
, 0.0384390 secs]
   [Parallel Time: 31.8 ms, GC Workers: 18]
      [GC Worker Start (ms): Min: 209265.3, Avg: 209265.3, Max: 209265.4, Diff: 0.1]
      [Ext Root Scanning (ms): Min: 4.0, Avg: 4.8, Max: 5.3, Diff: 1.3, Sum: 85.8]
      [Update RS (ms): Min: 4.2, Avg: 4.7, Max: 6.3, Diff: 2.0, Sum: 85.4]
         [Processed Buffers: Min: 10, Avg: 30.5, Max: 53, Diff: 43, Sum: 549]
      [Scan RS (ms): Min: 0.0, Avg: 0.3, Max: 0.3, Diff: 0.3, Sum: 4.6]
      [Code Root Scanning (ms): Min: 0.0, Avg: 0.0, Max: 0.3, Diff: 0.3, Sum: 0.7]
      [Object Copy (ms): Min: 21.0, Avg: 21.8, Max: 22.2, Diff: 1.3, Sum: 391.6]
      [Termination (ms): Min: 0.0, Avg: 0.1, Max: 0.1, Diff: 0.1, Sum: 1.0]
      [GC Worker Other (ms): Min: 0.0, Avg: 0.1, Max: 0.1, Diff: 0.1, Sum: 1.0]
      [GC Worker Total (ms): Min: 31.6, Avg: 31.7, Max: 31.8, Diff: 0.2, Sum: 570.0]
      [GC Worker End (ms): Min: 209297.0, Avg: 209297.0, Max: 209297.0, Diff: 0.1]
   [Code Root Fixup: 0.4 ms]
   [Code Root Migration: 0.8 ms]
   [Clear CT: 1.6 ms]
   [Other: 3.8 ms]
      [Choose CSet: 0.0 ms]
      [Ref Proc: 1.7 ms]
      [Ref Enq: 0.1 ms]
      [Free CSet: 0.8 ms]
   [Eden: 4704.0M(4704.0M)->0.0B(4560.0M) Survivors: 176.0M->240.0M Heap: 9010.8M(10.0G)->4390.4M(10.0G)]
 [Times: user=0.60 sys=0.01, real=0.04 secs] 
209.304: Total time for which application threads were stopped: 0.0404340 seconds
209.652: Total time for which application threads were stopped: 0.0006790 seconds
211.654: Total time for which application threads were stopped: 0.0017000 seconds
212.380: Total time for which application threads were stopped: 0.0008430 seconds
213.381: Total time for which application threads were stopped: 0.0008140 seconds
214.003: Total time for which application threads were stopped: 0.0008600 seconds
214.176: Total time for which application threads were stopped: 0.0014830 seconds
214.182: Total time for which application threads were stopped: 0.0006870 seconds
214.185: Total time for which application threads were stopped: 0.0003090 seconds
214.391: Total time for which application threads were stopped: 0.0006410 seconds
214.392: [GC pause (GCLocker Initiated GC) (young)
Desired survivor size 318767104 bytes, new threshold 15 (max 15)
- age   1:   28557472 bytes,   28557472 total
- age   2:    6264880 bytes,   34822352 total
- age   3:    7367728 bytes,   42190080 total
- age   4:    5719824 bytes,   47909904 total
- age   5:    5137320 bytes,   53047224 total
- age   6:    7659776 bytes,   60707000 total
- age   7:    5009080 bytes,   65716080 total
- age   8:    6648992 bytes,   72365072 total
- age   9:    6637328 bytes,   79002400 total
- age  10:    5431432 bytes,   84433832 total
- age  11:    2131376 bytes,   86565208 total
- age  12:    1487320 bytes,   88052528 total
- age  13:    1844416 bytes,   89896944 total
- age  14:    1311240 bytes,   91208184 total
- age  15:    1857512 bytes,   93065696 total
, 0.0362030 secs]
   [Parallel Time: 30.8 ms, GC Workers: 18]
      [GC Worker Start (ms): Min: 214392.3, Avg: 214392.3, Max: 214392.4, Diff: 0.1]
      [Ext Root Scanning (ms): Min: 4.0, Avg: 4.9, Max: 5.3, Diff: 1.2, Sum: 88.7]
      [Update RS (ms): Min: 5.2, Avg: 5.8, Max: 7.2, Diff: 1.9, Sum: 104.6]
         [Processed Buffers: Min: 18, Avg: 34.7, Max: 64, Diff: 46, Sum: 625]
      [Scan RS (ms): Min: 0.0, Avg: 0.2, Max: 0.3, Diff: 0.3, Sum: 4.0]
      [Code Root Scanning (ms): Min: 0.0, Avg: 0.0, Max: 0.1, Diff: 0.1, Sum: 0.3]
      [Object Copy (ms): Min: 18.7, Avg: 19.7, Max: 20.1, Diff: 1.4, Sum: 354.2]
      [Termination (ms): Min: 0.0, Avg: 0.0, Max: 0.1, Diff: 0.1, Sum: 0.2]
      [GC Worker Other (ms): Min: 0.0, Avg: 0.1, Max: 0.1, Diff: 0.1, Sum: 1.1]
      [GC Worker Total (ms): Min: 30.6, Avg: 30.7, Max: 30.8, Diff: 0.1, Sum: 553.0]
      [GC Worker End (ms): Min: 214423.0, Avg: 214423.1, Max: 214423.1, Diff: 0.1]
   [Code Root Fixup: 0.3 ms]
   [Code Root Migration: 0.2 ms]
   [Clear CT: 1.5 ms]
   [Other: 3.3 ms]
      [Choose CSet: 0.0 ms]
      [Ref Proc: 1.6 ms]
      [Ref Enq: 0.1 ms]
      [Free CSet: 0.6 ms]
   [Eden: 4576.0M(4560.0M)->0.0B(4736.0M) Survivors: 240.0M->144.0M Heap: 8950.8M(10.0G)->4304.8M(10.0G)]
 [Times: user=0.58 sys=0.00, real=0.03 secs] 
214.428: Total time for which application threads were stopped: 0.0370350 seconds
214.560: Total time for which application threads were stopped: 0.0009060 seconds
214.567: Total time for which application threads were stopped: 0.0006250 seconds
214.567: Total time for which application threads were stopped: 0.0003240 seconds
214.587: Total time for which application threads were stopped: 0.0006550 seconds
215.703: Total time for which application threads were stopped: 0.0017980 seconds
216.704: Total time for which application threads were stopped: 0.0008480 seconds
218.462: Total time for which application threads were stopped: 0.0009100 seconds
219.464: Total time for which application threads were stopped: 0.0017110 seconds
220.426: [GC pause (G1 Evacuation Pause) (young)
Desired survivor size 327155712 bytes, new threshold 15 (max 15)
- age   1:   11969784 bytes,   11969784 total
- age   2:   24789072 bytes,   36758856 total
- age   3:    6003744 bytes,   42762600 total
- age   4:    7197168 bytes,   49959768 total
- age   5:    5546408 bytes,   55506176 total
- age   6:    5113840 bytes,   60620016 total
- age   7:    7642176 bytes,   68262192 total
- age   8:    5003152 bytes,   73265344 total
- age   9:    6643128 bytes,   79908472 total
- age  10:    5241272 bytes,   85149744 total
- age  11:    1305480 bytes,   86455224 total
- age  12:    2126792 bytes,   88582016 total
- age  13:    1467672 bytes,   90049688 total
- age  14:    1840504 bytes,   91890192 total
- age  15:    1309608 bytes,   93199800 total
, 0.0335280 secs]
   [Parallel Time: 28.3 ms, GC Workers: 18]
      [GC Worker Start (ms): Min: 220427.0, Avg: 220427.0, Max: 220427.1, Diff: 0.1]
      [Ext Root Scanning (ms): Min: 4.2, Avg: 4.6, Max: 4.9, Diff: 0.8, Sum: 82.7]
      [Update RS (ms): Min: 3.5, Avg: 4.0, Max: 5.0, Diff: 1.5, Sum: 71.9]
         [Processed Buffers: Min: 16, Avg: 39.3, Max: 73, Diff: 57, Sum: 707]
      [Scan RS (ms): Min: 0.0, Avg: 0.3, Max: 0.4, Diff: 0.4, Sum: 4.7]
      [Code Root Scanning (ms): Min: 0.0, Avg: 0.0, Max: 0.0, Diff: 0.0, Sum: 0.1]
      [Object Copy (ms): Min: 18.1, Avg: 19.0, Max: 19.3, Diff: 1.1, Sum: 342.1]
      [Termination (ms): Min: 0.0, Avg: 0.2, Max: 0.2, Diff: 0.2, Sum: 3.8]
      [GC Worker Other (ms): Min: 0.0, Avg: 0.0, Max: 0.1, Diff: 0.1, Sum: 0.8]
      [GC Worker Total (ms): Min: 28.1, Avg: 28.1, Max: 28.2, Diff: 0.1, Sum: 506.1]
      [GC Worker End (ms): Min: 220455.1, Avg: 220455.1, Max: 220455.2, Diff: 0.1]
   [Code Root Fixup: 0.3 ms]
   [Code Root Migration: 0.1 ms]
   [Clear CT: 1.5 ms]
   [Other: 3.4 ms]
      [Choose CSet: 0.0 ms]
      [Ref Proc: 1.7 ms]
      [Ref Enq: 0.1 ms]
      [Free CSet: 0.6 ms]
   [Eden: 4736.0M(4736.0M)->0.0B(4768.0M) Survivors: 144.0M->128.0M Heap: 9040.8M(10.0G)->4296.7M(10.0G)]
 [Times: user=0.52 sys=0.01, real=0.03 secs] 
220.460: Total time for which application threads were stopped: 0.0349050 seconds
221.448: Total time for which application threads were stopped: 0.0009960 seconds
222.449: Total time for which application threads were stopped: 0.0017570 seconds
224.182: Total time for which application threads were stopped: 0.0018150 seconds
224.197: Total time for which application threads were stopped: 0.0005810 seconds
224.225: Total time for which application threads were stopped: 0.0006460 seconds
224.371: Total time for which application threads were stopped: 0.0007560 seconds
224.775: Total time for which application threads were stopped: 0.0008650 seconds
226.422: [GC pause (G1 Evacuation Pause) (young)
Desired survivor size 327155712 bytes, new threshold 15 (max 15)
- age   1:   11592976 bytes,   11592976 total
- age   2:    7087664 bytes,   18680640 total
- age   3:   24116064 bytes,   42796704 total
- age   4:    5431408 bytes,   48228112 total
- age   5:    7124128 bytes,   55352240 total
- age   6:    5521288 bytes,   60873528 total
- age   7:    5092824 bytes,   65966352 total
- age   8:    6810040 bytes,   72776392 total
- age   9:    4995696 bytes,   77772088 total
- age  10:    6452896 bytes,   84224984 total
- age  11:    1105328 bytes,   85330312 total
- age  12:    1301824 bytes,   86632136 total
- age  13:    1833776 bytes,   88465912 total
- age  14:    1140816 bytes,   89606728 total
- age  15:    1588816 bytes,   91195544 total
, 0.0326930 secs]
   [Parallel Time: 27.6 ms, GC Workers: 18]
      [GC Worker Start (ms): Min: 226422.2, Avg: 226422.3, Max: 226422.3, Diff: 0.1]
      [Ext Root Scanning (ms): Min: 4.3, Avg: 4.9, Max: 5.2, Diff: 0.9, Sum: 88.3]
      [Update RS (ms): Min: 2.9, Avg: 3.4, Max: 4.2, Diff: 1.3, Sum: 60.4]
         [Processed Buffers: Min: 12, Avg: 37.6, Max: 55, Diff: 43, Sum: 676]
      [Scan RS (ms): Min: 0.0, Avg: 0.3, Max: 0.4, Diff: 0.3, Sum: 4.6]
      [Code Root Scanning (ms): Min: 0.0, Avg: 0.0, Max: 0.1, Diff: 0.1, Sum: 0.2]
      [Object Copy (ms): Min: 18.4, Avg: 18.8, Max: 19.1, Diff: 0.7, Sum: 338.4]
      [Termination (ms): Min: 0.0, Avg: 0.0, Max: 0.0, Diff: 0.0, Sum: 0.1]
      [GC Worker Other (ms): Min: 0.0, Avg: 0.1, Max: 0.1, Diff: 0.1, Sum: 1.2]
      [GC Worker Total (ms): Min: 27.3, Avg: 27.4, Max: 27.5, Diff: 0.2, Sum: 493.1]
      [GC Worker End (ms): Min: 226449.6, Avg: 226449.7, Max: 226449.7, Diff: 0.1]
   [Code Root Fixup: 0.3 ms]
   [Code Root Migration: 0.1 ms]
   [Clear CT: 1.4 ms]
   [Other: 3.3 ms]
      [Choose CSet: 0.0 ms]
      [Ref Proc: 1.6 ms]
      [Ref Enq: 0.1 ms]
      [Free CSet: 0.6 ms]
   [Eden: 4768.0M(4768.0M)->0.0B(4768.0M) Survivors: 128.0M->128.0M Heap: 9064.7M(10.0G)->4296.3M(10.0G)]
 [Times: user=0.51 sys=0.01, real=0.03 secs] 
226.455: Total time for which application threads were stopped: 0.0341600 seconds
227.493: Total time for which application threads were stopped: 0.0009660 seconds
230.495: Total time for which application threads were stopped: 0.0017650 seconds
230.637: Total time for which application threads were stopped: 0.0007500 seconds
232.044: [GC pause (G1 Evacuation Pause) (young)
Desired survivor size 327155712 bytes, new threshold 15 (max 15)
- age   1:   11813936 bytes,   11813936 total
- age   2:    7750488 bytes,   19564424 total
- age   3:    6787984 bytes,   26352408 total
- age   4:   23960192 bytes,   50312600 total
- age   5:    5396144 bytes,   55708744 total
- age   6:    6671288 bytes,   62380032 total
- age   7:    5509968 bytes,   67890000 total
- age   8:    5083336 bytes,   72973336 total
- age   9:    6588352 bytes,   79561688 total
- age  10:    4989624 bytes,   84551312 total
- age  11:    2026456 bytes,   86577768 total
- age  12:    1094576 bytes,   87672344 total
- age  13:     961872 bytes,   88634216 total
- age  14:    1749744 bytes,   90383960 total
- age  15:    1136800 bytes,   91520760 total
, 0.0310800 secs]
   [Parallel Time: 26.0 ms, GC Workers: 18]
      [GC Worker Start (ms): Min: 232044.3, Avg: 232044.4, Max: 232044.5, Diff: 0.1]
      [Ext Root Scanning (ms): Min: 3.8, Avg: 4.5, Max: 5.0, Diff: 1.2, Sum: 81.6]
      [Update RS (ms): Min: 2.7, Avg: 3.4, Max: 4.9, Diff: 2.2, Sum: 61.9]
         [Processed Buffers: Min: 10, Avg: 34.8, Max: 66, Diff: 56, Sum: 627]
      [Scan RS (ms): Min: 0.0, Avg: 0.2, Max: 0.4, Diff: 0.4, Sum: 4.3]
      [Code Root Scanning (ms): Min: 0.0, Avg: 0.0, Max: 0.1, Diff: 0.1, Sum: 0.1]
      [Object Copy (ms): Min: 16.6, Avg: 17.4, Max: 17.9, Diff: 1.3, Sum: 313.8]
      [Termination (ms): Min: 0.0, Avg: 0.2, Max: 0.2, Diff: 0.2, Sum: 3.1]
      [GC Worker Other (ms): Min: 0.0, Avg: 0.0, Max: 0.1, Diff: 0.1, Sum: 0.8]
      [GC Worker Total (ms): Min: 25.8, Avg: 25.9, Max: 25.9, Diff: 0.2, Sum: 465.6]
      [GC Worker End (ms): Min: 232070.2, Avg: 232070.3, Max: 232070.3, Diff: 0.1]
   [Code Root Fixup: 0.3 ms]
   [Code Root Migration: 0.1 ms]
   [Clear CT: 1.4 ms]
   [Other: 3.2 ms]
      [Choose CSet: 0.0 ms]
      [Ref Proc: 1.5 ms]
      [Ref Enq: 0.1 ms]
      [Free CSet: 0.6 ms]
   [Eden: 4768.0M(4768.0M)->0.0B(4752.0M) Survivors: 128.0M->128.0M Heap: 9064.3M(10.0G)->4299.6M(10.0G)]
 [Times: user=0.49 sys=0.00, real=0.03 secs] 
232.075: Total time for which application threads were stopped: 0.0324320 seconds
233.652: Total time for which application threads were stopped: 0.0009480 seconds
234.170: Total time for which application threads were stopped: 0.0009450 seconds
234.170: Total time for which application threads were stopped: 0.0002320 seconds
234.171: Total time for which application threads were stopped: 0.0003540 seconds
234.758: Total time for which application threads were stopped: 0.0017810 seconds
234.801: Total time for which application threads were stopped: 0.0007020 seconds
235.802: Total time for which application threads were stopped: 0.0008770 seconds
236.486: Total time for which application threads were stopped: 0.0009040 seconds
237.323: [GC pause (G1 Evacuation Pause) (young)
Desired survivor size 327155712 bytes, new threshold 15 (max 15)
- age   1:   10758784 bytes,   10758784 total
- age   2:    7680904 bytes,   18439688 total
- age   3:    7476992 bytes,   25916680 total
- age   4:    6677648 bytes,   32594328 total
- age   5:   23907016 bytes,   56501344 total
- age   6:    4996088 bytes,   61497432 total
- age   7:    6651968 bytes,   68149400 total
- age   8:    5503312 bytes,   73652712 total
- age   9:    5079288 bytes,   78732000 total
- age  10:    6582792 bytes,   85314792 total
- age  11:     855776 bytes,   86170568 total
- age  12:    2020992 bytes,   88191560 total
- age  13:    1062832 bytes,   89254392 total
- age  14:     954776 bytes,   90209168 total
- age  15:    1747800 bytes,   91956968 total
, 0.0336510 secs]
   [Parallel Time: 27.9 ms, GC Workers: 18]
      [GC Worker Start (ms): Min: 237323.4, Avg: 237323.4, Max: 237323.5, Diff: 0.2]
      [Ext Root Scanning (ms): Min: 3.9, Avg: 4.7, Max: 5.1, Diff: 1.2, Sum: 83.7]
      [Update RS (ms): Min: 2.6, Avg: 3.2, Max: 4.0, Diff: 1.4, Sum: 57.3]
         [Processed Buffers: Min: 12, Avg: 37.7, Max: 56, Diff: 44, Sum: 678]
      [Scan RS (ms): Min: 0.0, Avg: 0.2, Max: 0.3, Diff: 0.3, Sum: 4.5]
      [Code Root Scanning (ms): Min: 0.0, Avg: 0.0, Max: 0.1, Diff: 0.1, Sum: 0.2]
      [Object Copy (ms): Min: 18.5, Avg: 19.3, Max: 19.7, Diff: 1.2, Sum: 348.1]
      [Termination (ms): Min: 0.0, Avg: 0.2, Max: 0.3, Diff: 0.3, Sum: 4.5]
      [GC Worker Other (ms): Min: 0.0, Avg: 0.0, Max: 0.1, Diff: 0.1, Sum: 0.7]
      [GC Worker Total (ms): Min: 27.6, Avg: 27.7, Max: 27.8, Diff: 0.2, Sum: 499.0]
      [GC Worker End (ms): Min: 237351.1, Avg: 237351.2, Max: 237351.2, Diff: 0.1]
   [Code Root Fixup: 0.3 ms]
   [Code Root Migration: 0.1 ms]
   [Clear CT: 1.6 ms]
   [Other: 3.6 ms]
      [Choose CSet: 0.0 ms]
      [Ref Proc: 1.7 ms]
      [Ref Enq: 0.1 ms]
      [Free CSet: 0.8 ms]
   [Eden: 4752.0M(4752.0M)->0.0B(4720.0M) Survivors: 128.0M->144.0M Heap: 9051.6M(10.0G)->4314.5M(10.0G)]
 [Times: user=0.53 sys=0.02, real=0.04 secs] 
237.357: Total time for which application threads were stopped: 0.0358080 seconds
238.358: Total time for which application threads were stopped: 0.0009020 seconds
239.371: Total time for which application threads were stopped: 0.0008760 seconds
240.372: Total time for which application threads were stopped: 0.0008890 seconds
241.373: Total time for which application threads were stopped: 0.0008540 seconds
242.246: [GC pause (G1 Evacuation Pause) (young)
Desired survivor size 318767104 bytes, new threshold 15 (max 15)
- age   1:   11862288 bytes,   11862288 total
- age   2:    5972328 bytes,   17834616 total
- age   3:    7341224 bytes,   25175840 total
- age   4:    7187816 bytes,   32363656 total
- age   5:    6641480 bytes,   39005136 total
- age   6:   23523120 bytes,   62528256 total
- age   7:    4987376 bytes,   67515632 total
- age   8:    6429328 bytes,   73944960 total
- age   9:    5494288 bytes,   79439248 total
- age  10:    5074272 bytes,   84513520 total
- age  11:    2138784 bytes,   86652304 total
- age  12:     845848 bytes,   87498152 total
- age  13:    1690304 bytes,   89188456 total
- age  14:    1059336 bytes,   90247792 total
- age  15:     947208 bytes,   91195000 total
, 0.0332120 secs]
   [Parallel Time: 28.0 ms, GC Workers: 18]
      [GC Worker Start (ms): Min: 242246.4, Avg: 242246.5, Max: 242246.5, Diff: 0.1]
      [Ext Root Scanning (ms): Min: 3.8, Avg: 4.6, Max: 5.1, Diff: 1.3, Sum: 82.3]
      [Update RS (ms): Min: 2.3, Avg: 3.0, Max: 4.3, Diff: 2.0, Sum: 53.6]
         [Processed Buffers: Min: 21, Avg: 34.4, Max: 68, Diff: 47, Sum: 619]
      [Scan RS (ms): Min: 0.0, Avg: 0.2, Max: 0.3, Diff: 0.3, Sum: 4.2]
      [Code Root Scanning (ms): Min: 0.0, Avg: 0.0, Max: 0.0, Diff: 0.0, Sum: 0.1]
      [Object Copy (ms): Min: 19.3, Avg: 19.9, Max: 20.2, Diff: 1.0, Sum: 358.3]
      [Termination (ms): Min: 0.0, Avg: 0.0, Max: 0.0, Diff: 0.0, Sum: 0.2]
      [GC Worker Other (ms): Min: 0.0, Avg: 0.1, Max: 0.1, Diff: 0.1, Sum: 1.2]
      [GC Worker Total (ms): Min: 27.7, Avg: 27.8, Max: 27.8, Diff: 0.2, Sum: 499.8]
      [GC Worker End (ms): Min: 242274.2, Avg: 242274.2, Max: 242274.3, Diff: 0.1]
   [Code Root Fixup: 0.3 ms]
   [Code Root Migration: 0.1 ms]
   [Clear CT: 1.4 ms]
   [Other: 3.5 ms]
      [Choose CSet: 0.0 ms]
      [Ref Proc: 1.6 ms]
      [Ref Enq: 0.1 ms]
      [Free CSet: 0.7 ms]
   [Eden: 4720.0M(4720.0M)->0.0B(4752.0M) Survivors: 144.0M->128.0M Heap: 9034.5M(10.0G)->4299.3M(10.0G)]
 [Times: user=0.52 sys=0.00, real=0.03 secs] 
242.280: Total time for which application threads were stopped: 0.0353230 seconds
242.452: Total time for which application threads were stopped: 0.0007260 seconds
244.170: Total time for which application threads were stopped: 0.0008850 seconds
244.176: Total time for which application threads were stopped: 0.0005230 seconds
244.180: Total time for which application threads were stopped: 0.0003390 seconds
245.111: Total time for which application threads were stopped: 0.0009400 seconds
245.445: Total time for which application threads were stopped: 0.0006960 seconds
247.233: Total time for which application threads were stopped: 0.0017290 seconds
247.234: [GC pause (GCLocker Initiated GC) (young)
Desired survivor size 327155712 bytes, new threshold 15 (max 15)
- age   1:   26593456 bytes,   26593456 total
- age   2:    8458344 bytes,   35051800 total
- age   3:    5741456 bytes,   40793256 total
- age   4:    7189440 bytes,   47982696 total
- age   5:    7146984 bytes,   55129680 total
- age   6:    6615944 bytes,   61745624 total
- age   7:    7124680 bytes,   68870304 total
- age   8:    4924592 bytes,   73794896 total
- age   9:    6425792 bytes,   80220688 total
- age  10:    5491264 bytes,   85711952 total
- age  11:     943840 bytes,   86655792 total
- age  12:    1807976 bytes,   88463768 total
- age  13:     839968 bytes,   89303736 total
- age  14:    1688584 bytes,   90992320 total
- age  15:    1056112 bytes,   92048432 total
, 0.0318040 secs]
   [Parallel Time: 26.3 ms, GC Workers: 18]
      [GC Worker Start (ms): Min: 247234.9, Avg: 247235.0, Max: 247235.1, Diff: 0.1]
      [Ext Root Scanning (ms): Min: 4.1, Avg: 4.8, Max: 5.3, Diff: 1.1, Sum: 86.1]
      [Update RS (ms): Min: 2.2, Avg: 2.9, Max: 4.0, Diff: 1.7, Sum: 52.8]
         [Processed Buffers: Min: 19, Avg: 37.2, Max: 61, Diff: 42, Sum: 670]
      [Scan RS (ms): Min: 0.0, Avg: 0.3, Max: 0.4, Diff: 0.4, Sum: 4.6]
      [Code Root Scanning (ms): Min: 0.0, Avg: 0.0, Max: 0.0, Diff: 0.0, Sum: 0.1]
      [Object Copy (ms): Min: 17.4, Avg: 18.0, Max: 18.4, Diff: 1.0, Sum: 324.8]
      [Termination (ms): Min: 0.0, Avg: 0.0, Max: 0.0, Diff: 0.0, Sum: 0.1]
      [GC Worker Other (ms): Min: 0.0, Avg: 0.1, Max: 0.1, Diff: 0.1, Sum: 1.2]
      [GC Worker Total (ms): Min: 26.0, Avg: 26.1, Max: 26.2, Diff: 0.2, Sum: 469.7]
      [GC Worker End (ms): Min: 247261.1, Avg: 247261.1, Max: 247261.1, Diff: 0.1]
   [Code Root Fixup: 0.3 ms]
   [Code Root Migration: 0.1 ms]
   [Clear CT: 1.5 ms]
   [Other: 3.6 ms]
      [Choose CSet: 0.0 ms]
      [Ref Proc: 1.7 ms]
      [Ref Enq: 0.1 ms]
      [Free CSet: 0.7 ms]
   [Eden: 4768.0M(4752.0M)->0.0B(4688.0M) Survivors: 128.0M->160.0M Heap: 9051.7M(10.0G)->4327.9M(10.0G)]
 [Times: user=0.49 sys=0.01, real=0.03 secs] 
247.267: Total time for which application threads were stopped: 0.0325180 seconds
248.377: Total time for which application threads were stopped: 0.0008920 seconds
250.379: Total time for which application threads were stopped: 0.0017010 seconds
251.248: Total time for which application threads were stopped: 0.0075490 seconds
251.587: Total time for which application threads were stopped: 0.0006760 seconds
251.865: [GC pause (G1 Evacuation Pause) (young)
Desired survivor size 318767104 bytes, new threshold 15 (max 15)
- age   1:   12739824 bytes,   12739824 total
- age   2:   22419712 bytes,   35159536 total
- age   3:    7259928 bytes,   42419464 total
- age   4:    5415128 bytes,   47834592 total
- age   5:    6983816 bytes,   54818408 total
- age   6:    6992512 bytes,   61810920 total
- age   7:    5218096 bytes,   67029016 total
- age   8:    6910776 bytes,   73939792 total
- age   9:    4918248 bytes,   78858040 total
- age  10:    5935736 bytes,   84793776 total
- age  11:    1367296 bytes,   86161072 total
- age  12:     923232 bytes,   87084304 total
- age  13:    1801152 bytes,   88885456 total
- age  14:     838280 bytes,   89723736 total
- age  15:    1400696 bytes,   91124432 total
, 0.0347690 secs]
   [Parallel Time: 29.6 ms, GC Workers: 18]
      [GC Worker Start (ms): Min: 251865.4, Avg: 251865.5, Max: 251865.6, Diff: 0.1]
      [Ext Root Scanning (ms): Min: 3.9, Avg: 4.7, Max: 5.1, Diff: 1.2, Sum: 85.0]
      [Update RS (ms): Min: 2.3, Avg: 2.9, Max: 4.0, Diff: 1.7, Sum: 51.6]
         [Processed Buffers: Min: 21, Avg: 34.2, Max: 57, Diff: 36, Sum: 615]
      [Scan RS (ms): Min: 0.0, Avg: 0.2, Max: 0.3, Diff: 0.3, Sum: 4.1]
      [Code Root Scanning (ms): Min: 0.0, Avg: 0.0, Max: 0.0, Diff: 0.0, Sum: 0.1]
      [Object Copy (ms): Min: 20.4, Avg: 21.0, Max: 21.7, Diff: 1.3, Sum: 378.8]
      [Termination (ms): Min: 0.0, Avg: 0.5, Max: 0.9, Diff: 0.9, Sum: 8.7]
      [GC Worker Other (ms): Min: 0.0, Avg: 0.0, Max: 0.1, Diff: 0.1, Sum: 0.9]
      [GC Worker Total (ms): Min: 29.3, Avg: 29.4, Max: 29.5, Diff: 0.2, Sum: 529.2]
      [GC Worker End (ms): Min: 251894.9, Avg: 251894.9, Max: 251894.9, Diff: 0.1]
   [Code Root Fixup: 0.3 ms]
   [Code Root Migration: 0.1 ms]
   [Clear CT: 1.3 ms]
   [Other: 3.5 ms]
      [Choose CSet: 0.0 ms]
      [Ref Proc: 1.6 ms]
      [Ref Enq: 0.1 ms]
      [Free CSet: 0.8 ms]
   [Eden: 4688.0M(4688.0M)->0.0B(4752.0M) Survivors: 160.0M->128.0M Heap: 9015.9M(10.0G)->4298.5M(10.0G)]
 [Times: user=0.56 sys=0.01, real=0.04 secs] 
251.900: Total time for which application threads were stopped: 0.0360470 seconds
253.901: Total time for which application threads were stopped: 0.0008850 seconds
254.173: Total time for which application threads were stopped: 0.0006930 seconds
254.174: Total time for which application threads were stopped: 0.0004100 seconds
254.206: Total time for which application threads were stopped: 0.0006580 seconds
254.401: Total time for which application threads were stopped: 0.0007120 seconds
254.457: Total time for which application threads were stopped: 0.0009240 seconds
256.704: [GC pause (G1 Evacuation Pause) (young)
Desired survivor size 327155712 bytes, new threshold 15 (max 15)
- age   1:   10547088 bytes,   10547088 total
- age   2:    9637200 bytes,   20184288 total
- age   3:   22151960 bytes,   42336248 total
- age   4:    7104416 bytes,   49440664 total
- age   5:    5368800 bytes,   54809464 total
- age   6:    6959736 bytes,   61769200 total
- age   7:    6980408 bytes,   68749608 total
- age   8:    5212928 bytes,   73962536 total
- age   9:    6903888 bytes,   80866424 total
- age  10:    4912360 bytes,   85778784 total
- age  11:    1815320 bytes,   87594104 total
- age  12:    1034376 bytes,   88628480 total
- age  13:     918520 bytes,   89547000 total
- age  14:    1797112 bytes,   91344112 total
- age  15:     836288 bytes,   92180400 total
, 0.0338340 secs]
   [Parallel Time: 28.6 ms, GC Workers: 18]
      [GC Worker Start (ms): Min: 256704.7, Avg: 256704.7, Max: 256704.8, Diff: 0.1]
      [Ext Root Scanning (ms): Min: 4.0, Avg: 4.6, Max: 5.1, Diff: 1.1, Sum: 83.0]
      [Update RS (ms): Min: 2.3, Avg: 2.8, Max: 3.5, Diff: 1.3, Sum: 50.9]
         [Processed Buffers: Min: 12, Avg: 36.8, Max: 52, Diff: 40, Sum: 663]
      [Scan RS (ms): Min: 0.0, Avg: 0.2, Max: 0.3, Diff: 0.3, Sum: 4.0]
      [Code Root Scanning (ms): Min: 0.0, Avg: 0.0, Max: 0.0, Diff: 0.0, Sum: 0.1]
      [Object Copy (ms): Min: 14.6, Avg: 18.4, Max: 20.8, Diff: 6.1, Sum: 331.7]
      [Termination (ms): Min: 0.0, Avg: 2.2, Max: 5.6, Diff: 5.5, Sum: 40.3]
      [GC Worker Other (ms): Min: 0.0, Avg: 0.0, Max: 0.1, Diff: 0.0, Sum: 0.5]
      [GC Worker Total (ms): Min: 28.3, Avg: 28.4, Max: 28.4, Diff: 0.1, Sum: 510.6]
      [GC Worker End (ms): Min: 256733.1, Avg: 256733.1, Max: 256733.1, Diff: 0.0]
   [Code Root Fixup: 0.3 ms]
   [Code Root Migration: 0.1 ms]
   [Clear CT: 1.4 ms]
   [Other: 3.5 ms]
      [Choose CSet: 0.0 ms]
      [Ref Proc: 1.6 ms]
      [Ref Enq: 0.1 ms]
      [Free CSet: 0.7 ms]
   [Eden: 4752.0M(4752.0M)->0.0B(4720.0M) Survivors: 128.0M->144.0M Heap: 9050.5M(10.0G)->4326.8M(10.0G)]
 [Times: user=0.53 sys=0.01, real=0.04 secs] 
256.738: Total time for which application threads were stopped: 0.0358820 seconds
257.449: Total time for which application threads were stopped: 0.0009100 seconds
260.404: Total time for which application threads were stopped: 0.0009260 seconds
261.406: Total time for which application threads were stopped: 0.0016260 seconds
261.432: [GC pause (G1 Evacuation Pause) (young)
Desired survivor size 318767104 bytes, new threshold 15 (max 15)
- age   1:   11242352 bytes,   11242352 total
- age   2:    6129680 bytes,   17372032 total
- age   3:    8687656 bytes,   26059688 total
- age   4:   21991112 bytes,   48050800 total
- age   5:    6897552 bytes,   54948352 total
- age   6:    5317648 bytes,   60266000 total
- age   7:    6821016 bytes,   67087016 total
- age   8:    6792872 bytes,   73879888 total
- age   9:    5202400 bytes,   79082288 total
- age  10:    6443696 bytes,   85525984 total
- age  11:     785352 bytes,   86311336 total
- age  12:    1485176 bytes,   87796512 total
- age  13:    1031872 bytes,   88828384 total
- age  14:     916912 bytes,   89745296 total
- age  15:    1492888 bytes,   91238184 total
, 0.0335980 secs]
   [Parallel Time: 28.4 ms, GC Workers: 18]
      [GC Worker Start (ms): Min: 261432.1, Avg: 261432.2, Max: 261432.3, Diff: 0.1]
      [Ext Root Scanning (ms): Min: 3.9, Avg: 4.6, Max: 5.2, Diff: 1.3, Sum: 82.9]
      [Update RS (ms): Min: 1.9, Avg: 2.6, Max: 3.5, Diff: 1.6, Sum: 47.6]
         [Processed Buffers: Min: 12, Avg: 33.4, Max: 74, Diff: 62, Sum: 602]
      [Scan RS (ms): Min: 0.0, Avg: 0.2, Max: 0.3, Diff: 0.3, Sum: 4.5]
      [Code Root Scanning (ms): Min: 0.0, Avg: 0.0, Max: 0.0, Diff: 0.0, Sum: 0.1]
      [Object Copy (ms): Min: 20.2, Avg: 20.7, Max: 20.8, Diff: 0.6, Sum: 371.8]
      [Termination (ms): Min: 0.0, Avg: 0.0, Max: 0.0, Diff: 0.0, Sum: 0.1]
      [GC Worker Other (ms): Min: 0.0, Avg: 0.1, Max: 0.1, Diff: 0.1, Sum: 1.0]
      [GC Worker Total (ms): Min: 28.1, Avg: 28.2, Max: 28.3, Diff: 0.2, Sum: 508.0]
      [GC Worker End (ms): Min: 261460.4, Avg: 261460.4, Max: 261460.5, Diff: 0.1]
   [Code Root Fixup: 0.2 ms]
   [Code Root Migration: 0.1 ms]
   [Clear CT: 1.4 ms]
   [Other: 3.5 ms]
      [Choose CSet: 0.0 ms]
      [Ref Proc: 1.6 ms]
      [Ref Enq: 0.1 ms]
      [Free CSet: 0.8 ms]
   [Eden: 4720.0M(4720.0M)->0.0B(4752.0M) Survivors: 144.0M->128.0M Heap: 9046.8M(10.0G)->4300.1M(10.0G)]
 [Times: user=0.53 sys=0.01, real=0.03 secs] 
261.466: Total time for which application threads were stopped: 0.0346910 seconds
261.739: Total time for which application threads were stopped: 0.0007370 seconds
262.739: Total time for which application threads were stopped: 0.0008110 seconds
263.416: Total time for which application threads were stopped: 0.0010240 seconds
264.171: Total time for which application threads were stopped: 0.0009490 seconds
264.173: Total time for which application threads were stopped: 0.0003540 seconds
264.175: Total time for which application threads were stopped: 0.0003430 seconds
264.890: Total time for which application threads were stopped: 0.0044660 seconds
265.892: Total time for which application threads were stopped: 0.0016900 seconds
266.414: [GC pause (G1 Evacuation Pause) (young)
Desired survivor size 327155712 bytes, new threshold 15 (max 15)
- age   1:   10036336 bytes,   10036336 total
- age   2:    8205240 bytes,   18241576 total
- age   3:    5707960 bytes,   23949536 total
- age   4:    8141896 bytes,   32091432 total
- age   5:   21946064 bytes,   54037496 total
- age   6:    6862304 bytes,   60899800 total
- age   7:    5302024 bytes,   66201824 total
- age   8:    6810168 bytes,   73011992 total
- age   9:    6785184 bytes,   79797176 total
- age  10:    5197808 bytes,   84994984 total
- age  11:    4373424 bytes,   89368408 total
- age  12:     766736 bytes,   90135144 total
- age  13:    1482576 bytes,   91617720 total
- age  14:    1030408 bytes,   92648128 total
- age  15:     916056 bytes,   93564184 total
, 0.0303270 secs]
   [Parallel Time: 24.9 ms, GC Workers: 18]
      [GC Worker Start (ms): Min: 266414.1, Avg: 266414.1, Max: 266414.2, Diff: 0.1]
      [Ext Root Scanning (ms): Min: 3.8, Avg: 4.6, Max: 5.1, Diff: 1.3, Sum: 83.7]
      [Update RS (ms): Min: 2.2, Avg: 2.7, Max: 3.5, Diff: 1.3, Sum: 49.2]
         [Processed Buffers: Min: 19, Avg: 34.8, Max: 51, Diff: 32, Sum: 626]
      [Scan RS (ms): Min: 0.0, Avg: 0.2, Max: 0.3, Diff: 0.3, Sum: 4.4]
      [Code Root Scanning (ms): Min: 0.0, Avg: 0.0, Max: 0.0, Diff: 0.0, Sum: 0.1]
      [Object Copy (ms): Min: 16.5, Avg: 17.1, Max: 17.3, Diff: 0.8, Sum: 307.1]
      [Termination (ms): Min: 0.0, Avg: 0.0, Max: 0.0, Diff: 0.0, Sum: 0.1]
      [GC Worker Other (ms): Min: 0.0, Avg: 0.1, Max: 0.1, Diff: 0.1, Sum: 1.2]
      [GC Worker Total (ms): Min: 24.7, Avg: 24.8, Max: 24.8, Diff: 0.2, Sum: 445.7]
      [GC Worker End (ms): Min: 266438.9, Avg: 266438.9, Max: 266438.9, Diff: 0.1]
   [Code Root Fixup: 0.3 ms]
   [Code Root Migration: 0.1 ms]
   [Clear CT: 1.5 ms]
   [Other: 3.5 ms]
      [Choose CSet: 0.0 ms]
      [Ref Proc: 1.6 ms]
      [Ref Enq: 0.1 ms]
      [Free CSet: 0.8 ms]
   [Eden: 4752.0M(4752.0M)->0.0B(4720.0M) Survivors: 128.0M->144.0M Heap: 9052.1M(10.0G)->4325.2M(10.0G)]
 [Times: user=0.46 sys=0.01, real=0.03 secs] 
266.444: Total time for which application threads were stopped: 0.0317130 seconds
266.457: Total time for which application threads were stopped: 0.0016210 seconds
269.374: Total time for which application threads were stopped: 0.0009910 seconds
271.337: [GC pause (G1 Evacuation Pause) (young)
Desired survivor size 318767104 bytes, new threshold 15 (max 15)
- age   1:   14700664 bytes,   14700664 total
- age   2:    4024568 bytes,   18725232 total
- age   3:    7656016 bytes,   26381248 total
- age   4:    5455512 bytes,   31836760 total
- age   5:    8094040 bytes,   39930800 total
- age   6:   21905144 bytes,   61835944 total
- age   7:    6832088 bytes,   68668032 total
- age   8:    5292744 bytes,   73960776 total
- age   9:    6804576 bytes,   80765352 total
- age  10:    6781008 bytes,   87546360 total
- age  11:    1074168 bytes,   88620528 total
- age  12:    2298584 bytes,   90919112 total
- age  13:     763416 bytes,   91682528 total
- age  14:    1481896 bytes,   93164424 total
- age  15:    1029800 bytes,   94194224 total
, 0.0313930 secs]
   [Parallel Time: 26.1 ms, GC Workers: 18]
      [GC Worker Start (ms): Min: 271337.7, Avg: 271337.8, Max: 271337.9, Diff: 0.2]
      [Ext Root Scanning (ms): Min: 4.2, Avg: 4.8, Max: 5.3, Diff: 1.1, Sum: 86.4]
      [Update RS (ms): Min: 2.0, Avg: 2.7, Max: 4.3, Diff: 2.2, Sum: 48.3]
         [Processed Buffers: Min: 22, Avg: 35.2, Max: 46, Diff: 24, Sum: 634]
      [Scan RS (ms): Min: 0.0, Avg: 0.2, Max: 0.3, Diff: 0.3, Sum: 4.2]
      [Code Root Scanning (ms): Min: 0.0, Avg: 0.0, Max: 0.0, Diff: 0.0, Sum: 0.1]
      [Object Copy (ms): Min: 17.1, Avg: 18.2, Max: 18.6, Diff: 1.5, Sum: 327.0]
      [Termination (ms): Min: 0.0, Avg: 0.0, Max: 0.0, Diff: 0.0, Sum: 0.1]
      [GC Worker Other (ms): Min: 0.0, Avg: 0.1, Max: 0.1, Diff: 0.1, Sum: 1.2]
      [GC Worker Total (ms): Min: 25.9, Avg: 26.0, Max: 26.1, Diff: 0.2, Sum: 467.2]
      [GC Worker End (ms): Min: 271363.7, Avg: 271363.7, Max: 271363.8, Diff: 0.1]
   [Code Root Fixup: 0.2 ms]
   [Code Root Migration: 0.1 ms]
   [Clear CT: 1.5 ms]
   [Other: 3.5 ms]
      [Choose CSet: 0.0 ms]
      [Ref Proc: 1.8 ms]
      [Ref Enq: 0.1 ms]
      [Free CSet: 0.6 ms]
   [Eden: 4720.0M(4720.0M)->0.0B(4752.0M) Survivors: 144.0M->128.0M Heap: 9045.2M(10.0G)->4316.5M(10.0G)]
 [Times: user=0.49 sys=0.01, real=0.04 secs] 
271.369: Total time for which application threads were stopped: 0.0327920 seconds
272.383: Total time for which application threads were stopped: 0.0009700 seconds
274.177: Total time for which application threads were stopped: 0.0010330 seconds
274.177: Total time for which application threads were stopped: 0.0003770 seconds
274.178: Total time for which application threads were stopped: 0.0003500 seconds
274.809: Total time for which application threads were stopped: 0.0019290 seconds
275.403: Total time for which application threads were stopped: 0.0009170 seconds
276.214: [GC pause (G1 Evacuation Pause) (young)
Desired survivor size 327155712 bytes, new threshold 15 (max 15)
- age   1:   13064064 bytes,   13064064 total
- age   2:    7366040 bytes,   20430104 total
- age   3:    3380640 bytes,   23810744 total
- age   4:    7363608 bytes,   31174352 total
- age   5:    5397024 bytes,   36571376 total
- age   6:    8045624 bytes,   44617000 total
- age   7:   21898616 bytes,   66515616 total
- age   8:    6823000 bytes,   73338616 total
- age   9:    5280800 bytes,   78619416 total
- age  10:    6798912 bytes,   85418328 total
- age  11:    2666696 bytes,   88085024 total
- age  12:    1056728 bytes,   89141752 total
- age  13:    1978936 bytes,   91120688 total
- age  14:     762872 bytes,   91883560 total
- age  15:    1476488 bytes,   93360048 total
, 0.0318220 secs]
   [Parallel Time: 26.8 ms, GC Workers: 18]
      [GC Worker Start (ms): Min: 276214.0, Avg: 276214.1, Max: 276214.2, Diff: 0.1]
      [Ext Root Scanning (ms): Min: 3.7, Avg: 4.6, Max: 5.0, Diff: 1.3, Sum: 82.8]
      [Update RS (ms): Min: 2.1, Avg: 2.7, Max: 4.2, Diff: 2.0, Sum: 48.5]
         [Processed Buffers: Min: 19, Avg: 33.4, Max: 63, Diff: 44, Sum: 602]
      [Scan RS (ms): Min: 0.0, Avg: 0.3, Max: 0.4, Diff: 0.4, Sum: 4.9]
      [Code Root Scanning (ms): Min: 0.0, Avg: 0.0, Max: 0.0, Diff: 0.0, Sum: 0.1]
      [Object Copy (ms): Min: 13.9, Avg: 17.1, Max: 19.0, Diff: 5.2, Sum: 308.5]
      [Termination (ms): Min: 0.0, Avg: 1.8, Max: 4.9, Diff: 4.8, Sum: 32.4]
      [GC Worker Other (ms): Min: 0.0, Avg: 0.0, Max: 0.1, Diff: 0.0, Sum: 0.5]
      [GC Worker Total (ms): Min: 26.5, Avg: 26.5, Max: 26.6, Diff: 0.2, Sum: 477.7]
      [GC Worker End (ms): Min: 276240.6, Avg: 276240.6, Max: 276240.7, Diff: 0.0]
   [Code Root Fixup: 0.2 ms]
   [Code Root Migration: 0.1 ms]
   [Clear CT: 1.4 ms]
   [Other: 3.3 ms]
      [Choose CSet: 0.0 ms]
      [Ref Proc: 1.6 ms]
      [Ref Enq: 0.1 ms]
      [Free CSet: 0.6 ms]
   [Eden: 4752.0M(4752.0M)->0.0B(4752.0M) Survivors: 128.0M->128.0M Heap: 9068.5M(10.0G)->4313.0M(10.0G)]
 [Times: user=0.49 sys=0.01, real=0.03 secs] 
276.246: Total time for which application threads were stopped: 0.0332310 seconds
278.247: Total time for which application threads were stopped: 0.0009090 seconds
278.375: Total time for which application threads were stopped: 0.0007380 seconds
279.376: Total time for which application threads were stopped: 0.0009650 seconds
280.378: Total time for which application threads were stopped: 0.0018100 seconds
281.099: [GC pause (G1 Evacuation Pause) (young)
Desired survivor size 327155712 bytes, new threshold 15 (max 15)
- age   1:   30617472 bytes,   30617472 total
- age   2:    7396608 bytes,   38014080 total
- age   3:    6931976 bytes,   44946056 total
- age   4:    3212280 bytes,   48158336 total
- age   5:    7318336 bytes,   55476672 total
- age   6:    5354048 bytes,   60830720 total
- age   7:    6642976 bytes,   67473696 total
- age   8:    5446536 bytes,   72920232 total
- age   9:    6818568 bytes,   79738800 total
- age  10:    5276232 bytes,   85015032 total
- age  11:    2681272 bytes,   87696304 total
- age  12:    2390496 bytes,   90086800 total
- age  13:    1053560 bytes,   91140360 total
- age  14:    1976528 bytes,   93116888 total
- age  15:     761488 bytes,   93878376 total
, 0.0306170 secs]
   [Parallel Time: 25.7 ms, GC Workers: 18]
      [GC Worker Start (ms): Min: 281099.7, Avg: 281099.8, Max: 281099.9, Diff: 0.2]
      [Ext Root Scanning (ms): Min: 3.9, Avg: 4.6, Max: 5.0, Diff: 1.1, Sum: 83.4]
      [Update RS (ms): Min: 2.7, Avg: 3.3, Max: 4.1, Diff: 1.5, Sum: 59.8]
         [Processed Buffers: Min: 10, Avg: 36.1, Max: 95, Diff: 85, Sum: 650]
      [Scan RS (ms): Min: 0.0, Avg: 0.1, Max: 0.4, Diff: 0.4, Sum: 1.7]
      [Code Root Scanning (ms): Min: 0.0, Avg: 0.0, Max: 0.0, Diff: 0.0, Sum: 0.1]
      [Object Copy (ms): Min: 17.1, Avg: 17.3, Max: 17.7, Diff: 0.6, Sum: 312.1]
      [Termination (ms): Min: 0.0, Avg: 0.0, Max: 0.0, Diff: 0.0, Sum: 0.1]
      [GC Worker Other (ms): Min: 0.0, Avg: 0.1, Max: 0.1, Diff: 0.1, Sum: 1.1]
      [GC Worker Total (ms): Min: 25.4, Avg: 25.5, Max: 25.6, Diff: 0.2, Sum: 458.3]
      [GC Worker End (ms): Min: 281125.2, Avg: 281125.3, Max: 281125.3, Diff: 0.1]
   [Code Root Fixup: 0.2 ms]
   [Code Root Migration: 0.1 ms]
   [Clear CT: 1.5 ms]
   [Other: 3.2 ms]
      [Choose CSet: 0.0 ms]
      [Ref Proc: 1.5 ms]
      [Ref Enq: 0.1 ms]
      [Free CSet: 0.6 ms]
   [Eden: 4752.0M(4752.0M)->0.0B(4640.0M) Survivors: 128.0M->176.0M Heap: 9065.0M(10.0G)->4361.6M(10.0G)]
 [Times: user=0.47 sys=0.01, real=0.03 secs] 
281.130: Total time for which application threads were stopped: 0.0320810 seconds
281.574: Total time for which application threads were stopped: 0.0007830 seconds
284.169: Total time for which application threads were stopped: 0.0009520 seconds
284.175: Total time for which application threads were stopped: 0.0004590 seconds
284.191: Total time for which application threads were stopped: 0.0005640 seconds
284.195: Total time for which application threads were stopped: 0.0004810 seconds
284.425: Total time for which application threads were stopped: 0.0007410 seconds
285.947: Total time for which application threads were stopped: 0.0009250 seconds
285.948: [GC pause (GCLocker Initiated GC) (young)
Desired survivor size 318767104 bytes, new threshold 15 (max 15)
- age   1:   14560912 bytes,   14560912 total
- age   2:   23865408 bytes,   38426320 total
- age   3:    6231112 bytes,   44657432 total
- age   4:    6742136 bytes,   51399568 total
- age   5:    3170040 bytes,   54569608 total
- age   6:    7096424 bytes,   61666032 total
- age   7:    5339968 bytes,   67006000 total
- age   8:    6468168 bytes,   73474168 total
- age   9:    5441952 bytes,   78916120 total
- age  10:    6813712 bytes,   85729832 total
- age  11:    1164720 bytes,   86894552 total
- age  12:    2458632 bytes,   89353184 total
- age  13:    2065104 bytes,   91418288 total
- age  14:    1052976 bytes,   92471264 total
- age  15:    1973712 bytes,   94444976 total
, 0.0370050 secs]
   [Parallel Time: 32.0 ms, GC Workers: 18]
      [GC Worker Start (ms): Min: 285948.1, Avg: 285948.2, Max: 285948.2, Diff: 0.1]
      [Ext Root Scanning (ms): Min: 4.6, Avg: 5.0, Max: 5.4, Diff: 0.8, Sum: 89.5]
      [Update RS (ms): Min: 2.0, Avg: 2.6, Max: 3.5, Diff: 1.5, Sum: 46.8]
         [Processed Buffers: Min: 13, Avg: 33.3, Max: 48, Diff: 35, Sum: 600]
      [Scan RS (ms): Min: 0.0, Avg: 0.3, Max: 0.4, Diff: 0.4, Sum: 4.7]
      [Code Root Scanning (ms): Min: 0.0, Avg: 0.0, Max: 0.0, Diff: 0.0, Sum: 0.1]
      [Object Copy (ms): Min: 23.5, Avg: 23.9, Max: 24.2, Diff: 0.8, Sum: 430.3]
      [Termination (ms): Min: 0.0, Avg: 0.0, Max: 0.0, Diff: 0.0, Sum: 0.1]
      [GC Worker Other (ms): Min: 0.0, Avg: 0.1, Max: 0.1, Diff: 0.1, Sum: 1.1]
      [GC Worker Total (ms): Min: 31.7, Avg: 31.8, Max: 31.9, Diff: 0.1, Sum: 572.6]
      [GC Worker End (ms): Min: 285980.0, Avg: 285980.0, Max: 285980.0, Diff: 0.1]
   [Code Root Fixup: 0.3 ms]
   [Code Root Migration: 0.1 ms]
   [Clear CT: 1.4 ms]
   [Other: 3.3 ms]
      [Choose CSet: 0.0 ms]
      [Ref Proc: 1.7 ms]
      [Ref Enq: 0.1 ms]
      [Free CSet: 0.6 ms]
   [Eden: 4656.0M(4640.0M)->0.0B(4736.0M) Survivors: 176.0M->128.0M Heap: 9002.2M(10.0G)->4317.2M(10.0G)]
 [Times: user=0.59 sys=0.02, real=0.04 secs] 
285.985: Total time for which application threads were stopped: 0.0377490 seconds
287.554: Total time for which application threads were stopped: 0.0009770 seconds
288.556: Total time for which application threads were stopped: 0.0018200 seconds
289.557: Total time for which application threads were stopped: 0.0008840 seconds
290.385: Total time for which application threads were stopped: 0.0008970 seconds
291.128: [GC pause (G1 Evacuation Pause) (young)
Desired survivor size 318767104 bytes, new threshold 15 (max 15)
- age   1:   14641768 bytes,   14641768 total
- age   2:    8483568 bytes,   23125336 total
- age   3:   23452344 bytes,   46577680 total
- age   4:    6070552 bytes,   52648232 total
- age   5:    6698944 bytes,   59347176 total
- age   6:    3131160 bytes,   62478336 total
- age   7:    7080064 bytes,   69558400 total
- age   8:    5333416 bytes,   74891816 total
- age   9:    6461768 bytes,   81353584 total
- age  10:    5437808 bytes,   86791392 total
- age  11:    2701744 bytes,   89493136 total
- age  12:    1157120 bytes,   90650256 total
- age  13:    1975736 bytes,   92625992 total
- age  14:    2064208 bytes,   94690200 total
- age  15:    1051896 bytes,   95742096 total
, 0.0406360 secs]
   [Parallel Time: 35.8 ms, GC Workers: 18]
      [GC Worker Start (ms): Min: 291128.6, Avg: 291128.6, Max: 291128.7, Diff: 0.1]
      [Ext Root Scanning (ms): Min: 4.1, Avg: 4.9, Max: 5.3, Diff: 1.3, Sum: 89.1]
      [Update RS (ms): Min: 2.2, Avg: 2.8, Max: 3.5, Diff: 1.3, Sum: 50.1]
         [Processed Buffers: Min: 21, Avg: 36.3, Max: 70, Diff: 49, Sum: 654]
      [Scan RS (ms): Min: 0.0, Avg: 0.2, Max: 0.3, Diff: 0.3, Sum: 4.2]
      [Code Root Scanning (ms): Min: 0.0, Avg: 0.0, Max: 0.0, Diff: 0.0, Sum: 0.1]
      [Object Copy (ms): Min: 26.9, Avg: 27.6, Max: 27.9, Diff: 1.0, Sum: 496.0]
      [Termination (ms): Min: 0.0, Avg: 0.0, Max: 0.0, Diff: 0.0, Sum: 0.3]
      [GC Worker Other (ms): Min: 0.0, Avg: 0.1, Max: 0.1, Diff: 0.1, Sum: 1.0]
      [GC Worker Total (ms): Min: 35.5, Avg: 35.6, Max: 35.6, Diff: 0.1, Sum: 640.7]
      [GC Worker End (ms): Min: 291164.2, Avg: 291164.2, Max: 291164.3, Diff: 0.1]
   [Code Root Fixup: 0.2 ms]
   [Code Root Migration: 0.1 ms]
   [Clear CT: 1.3 ms]
   [Other: 3.3 ms]
      [Choose CSet: 0.0 ms]
      [Ref Proc: 1.6 ms]
      [Ref Enq: 0.1 ms]
      [Free CSet: 0.6 ms]
   [Eden: 4736.0M(4736.0M)->0.0B(4640.0M) Survivors: 128.0M->176.0M Heap: 9053.2M(10.0G)->4370.4M(10.0G)]
 [Times: user=0.65 sys=0.02, real=0.04 secs] 
291.169: Total time for which application threads were stopped: 0.0420930 seconds
292.170: Total time for which application threads were stopped: 0.0009150 seconds
293.501: Total time for which application threads were stopped: 0.0009400 seconds
294.178: Total time for which application threads were stopped: 0.0009520 seconds
294.183: Total time for which application threads were stopped: 0.0005940 seconds
294.184: Total time for which application threads were stopped: 0.0004100 seconds
294.422: Total time for which application threads were stopped: 0.0007770 seconds
294.434: Total time for which application threads were stopped: 0.0005720 seconds
296.126: Total time for which application threads were stopped: 0.0009470 seconds
296.127: [GC pause (GCLocker Initiated GC) (young)
Desired survivor size 318767104 bytes, new threshold 15 (max 15)
- age   1:   13785528 bytes,   13785528 total
- age   2:    6058752 bytes,   19844280 total
- age   3:    7032360 bytes,   26876640 total
- age   4:   23265648 bytes,   50142288 total
- age   5:    5949888 bytes,   56092176 total
- age   6:    6633000 bytes,   62725176 total
- age   7:    3115480 bytes,   65840656 total
- age   8:    6882776 bytes,   72723432 total
- age   9:    5326072 bytes,   78049504 total
- age  10:    4201696 bytes,   82251200 total
- age  11:    1314784 bytes,   83565984 total
- age  12:    2517680 bytes,   86083664 total
- age  13:    1140656 bytes,   87224320 total
- age  14:    1969776 bytes,   89194096 total
- age  15:    1943864 bytes,   91137960 total
, 0.0411470 secs]
   [Parallel Time: 36.4 ms, GC Workers: 18]
      [GC Worker Start (ms): Min: 296127.6, Avg: 296127.7, Max: 296127.8, Diff: 0.1]
      [Ext Root Scanning (ms): Min: 4.3, Avg: 4.9, Max: 5.8, Diff: 1.4, Sum: 89.1]
      [Update RS (ms): Min: 1.7, Avg: 2.6, Max: 4.0, Diff: 2.3, Sum: 47.4]
         [Processed Buffers: Min: 10, Avg: 33.3, Max: 58, Diff: 48, Sum: 599]
      [Scan RS (ms): Min: 0.0, Avg: 0.2, Max: 0.3, Diff: 0.3, Sum: 4.2]
      [Code Root Scanning (ms): Min: 0.0, Avg: 0.0, Max: 0.0, Diff: 0.0, Sum: 0.1]
      [Object Copy (ms): Min: 27.8, Avg: 28.3, Max: 28.7, Diff: 0.9, Sum: 510.0]
      [Termination (ms): Min: 0.0, Avg: 0.0, Max: 0.0, Diff: 0.0, Sum: 0.1]
      [GC Worker Other (ms): Min: 0.0, Avg: 0.1, Max: 0.1, Diff: 0.1, Sum: 1.2]
      [GC Worker Total (ms): Min: 36.1, Avg: 36.2, Max: 36.3, Diff: 0.2, Sum: 652.0]
      [GC Worker End (ms): Min: 296163.9, Avg: 296163.9, Max: 296164.0, Diff: 0.1]
   [Code Root Fixup: 0.3 ms]
   [Code Root Migration: 0.1 ms]
   [Clear CT: 1.2 ms]
   [Other: 3.2 ms]
      [Choose CSet: 0.0 ms]
      [Ref Proc: 1.6 ms]
      [Ref Enq: 0.1 ms]
      [Free CSet: 0.6 ms]
   [Eden: 4656.0M(4640.0M)->0.0B(4736.0M) Survivors: 176.0M->128.0M Heap: 9010.8M(10.0G)->4319.8M(10.0G)]
 [Times: user=0.67 sys=0.02, real=0.04 secs] 
296.169: Total time for which application threads were stopped: 0.0419670 seconds
296.483: Total time for which application threads were stopped: 0.0008190 seconds
299.427: Total time for which application threads were stopped: 0.0018850 seconds
301.107: [GC pause (G1 Evacuation Pause) (young)
Desired survivor size 318767104 bytes, new threshold 15 (max 15)
- age   1:   12807328 bytes,   12807328 total
- age   2:    8000376 bytes,   20807704 total
- age   3:    5647840 bytes,   26455544 total
- age   4:    6875672 bytes,   33331216 total
- age   5:   23226224 bytes,   56557440 total
- age   6:    5922856 bytes,   62480296 total
- age   7:    6585864 bytes,   69066160 total
- age   8:    3107400 bytes,   72173560 total
- age   9:    6876616 bytes,   79050176 total
- age  10:    3254776 bytes,   82304952 total
- age  11:    2136488 bytes,   84441440 total
- age  12:    1303296 bytes,   85744736 total
- age  13:    2498128 bytes,   88242864 total
- age  14:    1139848 bytes,   89382712 total
- age  15:    1967624 bytes,   91350336 total
, 0.0420420 secs]
   [Parallel Time: 37.2 ms, GC Workers: 18]
      [GC Worker Start (ms): Min: 301107.9, Avg: 301108.0, Max: 301108.1, Diff: 0.1]
      [Ext Root Scanning (ms): Min: 4.7, Avg: 5.2, Max: 5.7, Diff: 0.9, Sum: 93.1]
      [Update RS (ms): Min: 2.1, Avg: 2.7, Max: 3.3, Diff: 1.2, Sum: 48.9]
         [Processed Buffers: Min: 9, Avg: 36.4, Max: 68, Diff: 59, Sum: 655]
      [Scan RS (ms): Min: 0.0, Avg: 0.2, Max: 0.3, Diff: 0.3, Sum: 4.3]
      [Code Root Scanning (ms): Min: 0.0, Avg: 0.0, Max: 0.0, Diff: 0.0, Sum: 0.1]
      [Object Copy (ms): Min: 28.4, Avg: 28.8, Max: 29.0, Diff: 0.6, Sum: 518.8]
      [Termination (ms): Min: 0.0, Avg: 0.0, Max: 0.0, Diff: 0.0, Sum: 0.1]
      [GC Worker Other (ms): Min: 0.0, Avg: 0.1, Max: 0.1, Diff: 0.1, Sum: 1.1]
      [GC Worker Total (ms): Min: 36.9, Avg: 37.0, Max: 37.1, Diff: 0.2, Sum: 666.4]
      [GC Worker End (ms): Min: 301145.0, Avg: 301145.0, Max: 301145.1, Diff: 0.1]
   [Code Root Fixup: 0.2 ms]
   [Code Root Migration: 0.1 ms]
   [Clear CT: 1.2 ms]
   [Other: 3.3 ms]
      [Choose CSet: 0.0 ms]
      [Ref Proc: 1.7 ms]
      [Ref Enq: 0.1 ms]
      [Free CSet: 0.6 ms]
   [Eden: 4736.0M(4736.0M)->0.0B(4672.0M) Survivors: 128.0M->160.0M Heap: 9055.8M(10.0G)->4352.2M(10.0G)]
 [Times: user=0.68 sys=0.01, real=0.04 secs] 
301.150: Total time for which application threads were stopped: 0.0435210 seconds
302.596: Total time for which application threads were stopped: 0.0009800 seconds
304.209: Total time for which application threads were stopped: 0.0009050 seconds
304.226: Total time for which application threads were stopped: 0.0005980 seconds
304.228: Total time for which application threads were stopped: 0.0003910 seconds
304.503: Total time for which application threads were stopped: 0.0007420 seconds
304.805: Total time for which application threads were stopped: 0.0009780 seconds
304.805: Total time for which application threads were stopped: 0.0003310 seconds
305.068: Total time for which application threads were stopped: 0.0007100 seconds
305.486: Total time for which application threads were stopped: 0.0078320 seconds
306.061: [GC pause (G1 Evacuation Pause) (young)
Desired survivor size 318767104 bytes, new threshold 15 (max 15)
- age   1:   14200920 bytes,   14200920 total
- age   2:    6465864 bytes,   20666784 total
- age   3:    7007688 bytes,   27674472 total
- age   4:    5520112 bytes,   33194584 total
- age   5:    6807920 bytes,   40002504 total
- age   6:   23207384 bytes,   63209888 total
- age   7:    5914728 bytes,   69124616 total
- age   8:    6577376 bytes,   75701992 total
- age   9:    3103072 bytes,   78805064 total
- age  10:    4808336 bytes,   83613400 total
- age  11:    1189392 bytes,   84802792 total
- age  12:    2119664 bytes,   86922456 total
- age  13:    1282768 bytes,   88205224 total
- age  14:    2494848 bytes,   90700072 total
- age  15:    1138536 bytes,   91838608 total
, 0.0481020 secs]
   [Parallel Time: 43.2 ms, GC Workers: 18]
      [GC Worker Start (ms): Min: 306061.3, Avg: 306061.4, Max: 306061.5, Diff: 0.1]
      [Ext Root Scanning (ms): Min: 4.5, Avg: 5.2, Max: 5.6, Diff: 1.1, Sum: 93.2]
      [Update RS (ms): Min: 2.1, Avg: 2.9, Max: 4.1, Diff: 2.0, Sum: 51.3]
         [Processed Buffers: Min: 3, Avg: 34.6, Max: 73, Diff: 70, Sum: 623]
      [Scan RS (ms): Min: 0.0, Avg: 0.2, Max: 0.4, Diff: 0.4, Sum: 4.4]
      [Code Root Scanning (ms): Min: 0.0, Avg: 0.0, Max: 0.0, Diff: 0.0, Sum: 0.1]
      [Object Copy (ms): Min: 34.0, Avg: 34.7, Max: 35.0, Diff: 1.0, Sum: 624.3]
      [Termination (ms): Min: 0.0, Avg: 0.0, Max: 0.0, Diff: 0.0, Sum: 0.1]
      [GC Worker Other (ms): Min: 0.0, Avg: 0.1, Max: 0.1, Diff: 0.1, Sum: 1.1]
      [GC Worker Total (ms): Min: 42.9, Avg: 43.0, Max: 43.1, Diff: 0.2, Sum: 774.4]
      [GC Worker End (ms): Min: 306104.4, Avg: 306104.4, Max: 306104.5, Diff: 0.1]
   [Code Root Fixup: 0.2 ms]
   [Code Root Migration: 0.1 ms]
   [Clear CT: 1.4 ms]
   [Other: 3.3 ms]
      [Choose CSet: 0.0 ms]
      [Ref Proc: 1.6 ms]
      [Ref Enq: 0.1 ms]
      [Free CSet: 0.6 ms]
   [Eden: 4672.0M(4672.0M)->0.0B(4704.0M) Survivors: 160.0M->144.0M Heap: 9024.2M(10.0G)->4346.9M(10.0G)]
 [Times: user=0.77 sys=0.02, real=0.05 secs] 
306.109: Total time for which application threads were stopped: 0.0506460 seconds
307.110: Total time for which application threads were stopped: 0.0009700 seconds
308.111: Total time for which application threads were stopped: 0.0009060 seconds
308.429: Total time for which application threads were stopped: 0.0007330 seconds
309.430: Total time for which application threads were stopped: 0.0009610 seconds
310.979: [GC pause (G1 Evacuation Pause) (young)
Desired survivor size 318767104 bytes, new threshold 15 (max 15)
- age   1:   40177464 bytes,   40177464 total
- age   2:    7973824 bytes,   48151288 total
- age   3:    6239680 bytes,   54390968 total
- age   4:    6861344 bytes,   61252312 total
- age   5:    5493944 bytes,   66746256 total
- age   6:    6782880 bytes,   73529136 total
- age   7:   23190712 bytes,   96719848 total
- age   8:    5910160 bytes,  102630008 total
- age   9:    6569016 bytes,  109199024 total
- age  10:    1035152 bytes,  110234176 total
- age  11:    2740160 bytes,  112974336 total
- age  12:    1178856 bytes,  114153192 total
- age  13:    2107792 bytes,  116260984 total
- age  14:    1282032 bytes,  117543016 total
- age  15:    1960376 bytes,  119503392 total
, 0.0341450 secs]
   [Parallel Time: 29.2 ms, GC Workers: 18]
      [GC Worker Start (ms): Min: 310979.6, Avg: 310979.6, Max: 310979.7, Diff: 0.1]
      [Ext Root Scanning (ms): Min: 4.0, Avg: 4.7, Max: 5.1, Diff: 1.1, Sum: 85.0]
      [Update RS (ms): Min: 2.3, Avg: 2.8, Max: 3.3, Diff: 1.0, Sum: 50.0]
         [Processed Buffers: Min: 3, Avg: 35.8, Max: 55, Diff: 52, Sum: 644]
      [Scan RS (ms): Min: 0.0, Avg: 0.2, Max: 0.4, Diff: 0.3, Sum: 4.4]
      [Code Root Scanning (ms): Min: 0.0, Avg: 0.0, Max: 0.0, Diff: 0.0, Sum: 0.1]
      [Object Copy (ms): Min: 20.8, Avg: 21.2, Max: 21.4, Diff: 0.5, Sum: 382.0]
      [Termination (ms): Min: 0.0, Avg: 0.0, Max: 0.0, Diff: 0.0, Sum: 0.1]
      [GC Worker Other (ms): Min: 0.0, Avg: 0.1, Max: 0.1, Diff: 0.1, Sum: 1.1]
      [GC Worker Total (ms): Min: 28.9, Avg: 29.0, Max: 29.2, Diff: 0.2, Sum: 522.6]
      [GC Worker End (ms): Min: 311008.6, Avg: 311008.7, Max: 311008.7, Diff: 0.1]
   [Code Root Fixup: 0.3 ms]
   [Code Root Migration: 0.1 ms]
   [Clear CT: 1.4 ms]
   [Other: 3.2 ms]
      [Choose CSet: 0.0 ms]
      [Ref Proc: 1.5 ms]
      [Ref Enq: 0.1 ms]
      [Free CSet: 0.6 ms]
   [Eden: 4704.0M(4704.0M)->0.0B(4672.0M) Survivors: 144.0M->160.0M Heap: 9050.9M(10.0G)->4356.3M(10.0G)]
 [Times: user=0.54 sys=0.01, real=0.03 secs] 
311.014: Total time for which application threads were stopped: 0.0364190 seconds
311.383: Total time for which application threads were stopped: 0.0007930 seconds
312.662: Total time for which application threads were stopped: 0.0009690 seconds
312.663: Total time for which application threads were stopped: 0.0003360 seconds
313.665: Total time for which application threads were stopped: 0.0019020 seconds
314.171: Total time for which application threads were stopped: 0.0009710 seconds
314.176: Total time for which application threads were stopped: 0.0004030 seconds
314.182: Total time for which application threads were stopped: 0.0004200 seconds
314.459: Total time for which application threads were stopped: 0.0007550 seconds
314.770: Total time for which application threads were stopped: 0.0009520 seconds
315.637: Total time for which application threads were stopped: 0.0008930 seconds
315.637: [GC pause (GCLocker Initiated GC) (young)
Desired survivor size 318767104 bytes, new threshold 15 (max 15)
- age   1:   31233912 bytes,   31233912 total
- age   2:    6768240 bytes,   38002152 total
- age   3:    6748712 bytes,   44750864 total
- age   4:    5907392 bytes,   50658256 total
- age   5:    6589504 bytes,   57247760 total
- age   6:    5465248 bytes,   62713008 total
- age   7:    6771560 bytes,   69484568 total
- age   8:    5348064 bytes,   74832632 total
- age   9:    5748336 bytes,   80580968 total
- age  10:    2437160 bytes,   83018128 total
- age  11:    1028472 bytes,   84046600 total
- age  12:    2528152 bytes,   86574752 total
- age  13:    1168304 bytes,   87743056 total
- age  14:    2105344 bytes,   89848400 total
- age  15:     963272 bytes,   90811672 total
, 0.0473620 secs]
   [Parallel Time: 42.1 ms, GC Workers: 18]
      [GC Worker Start (ms): Min: 315637.7, Avg: 315637.8, Max: 315637.8, Diff: 0.1]
      [Ext Root Scanning (ms): Min: 4.3, Avg: 4.9, Max: 5.3, Diff: 1.0, Sum: 88.1]
      [Update RS (ms): Min: 2.1, Avg: 2.8, Max: 3.8, Diff: 1.7, Sum: 51.2]
         [Processed Buffers: Min: 3, Avg: 33.7, Max: 57, Diff: 54, Sum: 607]
      [Scan RS (ms): Min: 0.0, Avg: 0.2, Max: 0.4, Diff: 0.4, Sum: 4.2]
      [Code Root Scanning (ms): Min: 0.0, Avg: 0.0, Max: 0.0, Diff: 0.0, Sum: 0.1]
      [Object Copy (ms): Min: 32.6, Avg: 33.4, Max: 34.0, Diff: 1.5, Sum: 601.4]
      [Termination (ms): Min: 0.0, Avg: 0.5, Max: 0.6, Diff: 0.6, Sum: 9.4]
      [GC Worker Other (ms): Min: 0.0, Avg: 0.0, Max: 0.1, Diff: 0.0, Sum: 0.5]
      [GC Worker Total (ms): Min: 41.9, Avg: 41.9, Max: 42.0, Diff: 0.1, Sum: 755.0]
      [GC Worker End (ms): Min: 315679.7, Avg: 315679.7, Max: 315679.7, Diff: 0.0]
   [Code Root Fixup: 0.2 ms]
   [Code Root Migration: 0.1 ms]
   [Clear CT: 1.6 ms]
   [Other: 3.3 ms]
      [Choose CSet: 0.0 ms]
      [Ref Proc: 1.7 ms]
      [Ref Enq: 0.1 ms]
      [Free CSet: 0.6 ms]
   [Eden: 4688.0M(4672.0M)->0.0B(4640.0M) Survivors: 160.0M->176.0M Heap: 9028.7M(10.0G)->4381.6M(10.0G)]
 [Times: user=0.77 sys=0.01, real=0.04 secs] 
315.685: Total time for which application threads were stopped: 0.0481380 seconds
316.217: Total time for which application threads were stopped: 0.0009890 seconds
317.219: Total time for which application threads were stopped: 0.0019300 seconds
317.607: Total time for which application threads were stopped: 0.0007980 seconds
320.326: [GC pause (G1 Evacuation Pause) (young)
Desired survivor size 318767104 bytes, new threshold 15 (max 15)
- age   1:   50057128 bytes,   50057128 total
- age   2:   25527880 bytes,   75585008 total
- age   3:    6441936 bytes,   82026944 total
- age   4:    6570280 bytes,   88597224 total
- age   5:    5865784 bytes,   94463008 total
- age   6:    6556688 bytes,  101019696 total
- age   7:    5455712 bytes,  106475408 total
- age   8:    6766472 bytes,  113241880 total
- age   9:    5339480 bytes,  118581360 total
- age  10:    1622784 bytes,  120204144 total
- age  11:    2434392 bytes,  122638536 total
- age  12:    1016080 bytes,  123654616 total
- age  13:    2518640 bytes,  126173256 total
- age  14:    1167584 bytes,  127340840 total
- age  15:    2104144 bytes,  129444984 total
, 0.0387310 secs]
   [Parallel Time: 31.7 ms, GC Workers: 18]
      [GC Worker Start (ms): Min: 320326.3, Avg: 320326.4, Max: 320326.4, Diff: 0.1]
      [Ext Root Scanning (ms): Min: 3.7, Avg: 4.6, Max: 5.1, Diff: 1.4, Sum: 82.4]
      [Update RS (ms): Min: 2.2, Avg: 2.9, Max: 4.0, Diff: 1.8, Sum: 51.9]
         [Processed Buffers: Min: 2, Avg: 36.4, Max: 71, Diff: 69, Sum: 656]
      [Scan RS (ms): Min: 0.0, Avg: 0.2, Max: 0.3, Diff: 0.3, Sum: 3.8]
      [Code Root Scanning (ms): Min: 0.0, Avg: 0.0, Max: 0.0, Diff: 0.0, Sum: 0.1]
      [Object Copy (ms): Min: 22.7, Avg: 23.8, Max: 24.0, Diff: 1.4, Sum: 428.6]
      [Termination (ms): Min: 0.0, Avg: 0.0, Max: 0.0, Diff: 0.0, Sum: 0.1]
      [GC Worker Other (ms): Min: 0.0, Avg: 0.1, Max: 0.1, Diff: 0.1, Sum: 1.1]
      [GC Worker Total (ms): Min: 31.5, Avg: 31.6, Max: 31.6, Diff: 0.2, Sum: 568.0]
      [GC Worker End (ms): Min: 320357.9, Avg: 320357.9, Max: 320358.0, Diff: 0.1]
   [Code Root Fixup: 0.3 ms]
   [Code Root Migration: 0.1 ms]
   [Clear CT: 1.6 ms]
   [Other: 5.1 ms]
      [Choose CSet: 0.0 ms]
      [Ref Proc: 3.4 ms]
      [Ref Enq: 0.1 ms]
      [Free CSet: 0.6 ms]
   [Eden: 4640.0M(4640.0M)->0.0B(4432.0M) Survivors: 176.0M->272.0M Heap: 9021.6M(10.0G)->4473.0M(10.0G)]
 [Times: user=0.61 sys=0.02, real=0.03 secs] 
320.365: Total time for which application threads were stopped: 0.0401750 seconds
320.380: Total time for which application threads were stopped: 0.0008830 seconds
323.585: Total time for which application threads were stopped: 0.0009470 seconds
324.187: Total time for which application threads were stopped: 0.0009570 seconds
324.188: Total time for which application threads were stopped: 0.0003390 seconds
324.194: Total time for which application threads were stopped: 0.0004350 seconds
324.556: Total time for which application threads were stopped: 0.0008100 seconds
324.567: Total time for which application threads were stopped: 0.0006240 seconds
325.191: Total time for which application threads were stopped: 0.0009410 seconds
325.192: [GC pause (GCLocker Initiated GC) (young)
Desired survivor size 310378496 bytes, new threshold 15 (max 15)
- age   1:   35853608 bytes,   35853608 total
- age   2:    7537600 bytes,   43391208 total
- age   3:   24844480 bytes,   68235688 total
- age   4:    6273312 bytes,   74509000 total
- age   5:    6356912 bytes,   80865912 total
- age   6:    5831576 bytes,   86697488 total
- age   7:    6531720 bytes,   93229208 total
- age   8:    5444664 bytes,   98673872 total
- age   9:    6600992 bytes,  105274864 total
- age  10:    1202136 bytes,  106477000 total
- age  11:    1618848 bytes,  108095848 total
- age  12:    2200728 bytes,  110296576 total
- age  13:     993840 bytes,  111290416 total
- age  14:    2262832 bytes,  113553248 total
- age  15:     850136 bytes,  114403384 total
, 0.0361720 secs]
   [Parallel Time: 31.2 ms, GC Workers: 18]
      [GC Worker Start (ms): Min: 325192.2, Avg: 325192.3, Max: 325192.3, Diff: 0.1]
      [Ext Root Scanning (ms): Min: 4.1, Avg: 4.7, Max: 5.3, Diff: 1.1, Sum: 85.3]
      [Update RS (ms): Min: 2.0, Avg: 2.7, Max: 3.8, Diff: 1.8, Sum: 49.0]
         [Processed Buffers: Min: 2, Avg: 33.4, Max: 60, Diff: 58, Sum: 601]
      [Scan RS (ms): Min: 0.0, Avg: 0.2, Max: 0.3, Diff: 0.3, Sum: 4.5]
      [Code Root Scanning (ms): Min: 0.0, Avg: 0.0, Max: 0.1, Diff: 0.1, Sum: 0.2]
      [Object Copy (ms): Min: 17.9, Avg: 21.7, Max: 23.4, Diff: 5.5, Sum: 391.2]
      [Termination (ms): Min: 0.0, Avg: 1.5, Max: 5.0, Diff: 5.0, Sum: 27.9]
      [GC Worker Other (ms): Min: 0.0, Avg: 0.0, Max: 0.1, Diff: 0.1, Sum: 0.7]
      [GC Worker Total (ms): Min: 30.9, Avg: 31.0, Max: 31.1, Diff: 0.2, Sum: 558.6]
      [GC Worker End (ms): Min: 325223.3, Avg: 325223.3, Max: 325223.3, Diff: 0.1]
   [Code Root Fixup: 0.3 ms]
   [Code Root Migration: 0.1 ms]
   [Clear CT: 1.5 ms]
   [Other: 3.2 ms]
      [Choose CSet: 0.0 ms]
      [Ref Proc: 1.5 ms]
      [Ref Enq: 0.1 ms]
      [Free CSet: 0.6 ms]
   [Eden: 4448.0M(4432.0M)->0.0B(4656.0M) Survivors: 272.0M->160.0M Heap: 8905.1M(10.0G)->4362.9M(10.0G)]
 [Times: user=0.59 sys=0.01, real=0.04 secs] 
325.228: Total time for which application threads were stopped: 0.0370220 seconds
326.229: Total time for which application threads were stopped: 0.0009390 seconds
326.377: Total time for which application threads were stopped: 0.0007660 seconds
329.658: Total time for which application threads were stopped: 0.0010080 seconds
329.666: [GC pause (G1 Evacuation Pause) (young)
Desired survivor size 318767104 bytes, new threshold 15 (max 15)
- age   1:   13009912 bytes,   13009912 total
- age   2:   30431224 bytes,   43441136 total
- age   3:    7226128 bytes,   50667264 total
- age   4:   24264368 bytes,   74931632 total
- age   5:    6224304 bytes,   81155936 total
- age   6:    6321024 bytes,   87476960 total
- age   7:    5815936 bytes,   93292896 total
- age   8:    6516872 bytes,   99809768 total
- age   9:    5440520 bytes,  105250288 total
- age  10:    2464472 bytes,  107714760 total
- age  11:    1197864 bytes,  108912624 total
- age  12:    1607136 bytes,  110519760 total
- age  13:    2177584 bytes,  112697344 total
- age  14:     993408 bytes,  113690752 total
- age  15:    2260904 bytes,  115951656 total
, 0.0374940 secs]
   [Parallel Time: 32.4 ms, GC Workers: 18]
      [GC Worker Start (ms): Min: 329667.0, Avg: 329667.0, Max: 329667.1, Diff: 0.1]
      [Ext Root Scanning (ms): Min: 4.4, Avg: 4.8, Max: 5.5, Diff: 1.1, Sum: 86.7]
      [Update RS (ms): Min: 2.3, Avg: 2.8, Max: 3.9, Diff: 1.6, Sum: 50.3]
         [Processed Buffers: Min: 1, Avg: 35.9, Max: 66, Diff: 65, Sum: 646]
      [Scan RS (ms): Min: 0.0, Avg: 0.2, Max: 0.3, Diff: 0.3, Sum: 4.0]
      [Code Root Scanning (ms): Min: 0.0, Avg: 0.0, Max: 0.0, Diff: 0.0, Sum: 0.1]
      [Object Copy (ms): Min: 23.9, Avg: 24.4, Max: 24.6, Diff: 0.7, Sum: 438.4]
      [Termination (ms): Min: 0.0, Avg: 0.0, Max: 0.0, Diff: 0.0, Sum: 0.1]
      [GC Worker Other (ms): Min: 0.0, Avg: 0.1, Max: 0.1, Diff: 0.1, Sum: 1.3]
      [GC Worker Total (ms): Min: 32.2, Avg: 32.3, Max: 32.3, Diff: 0.1, Sum: 580.9]
      [GC Worker End (ms): Min: 329699.3, Avg: 329699.3, Max: 329699.3, Diff: 0.1]
   [Code Root Fixup: 0.3 ms]
   [Code Root Migration: 0.1 ms]
   [Clear CT: 1.4 ms]
   [Other: 3.3 ms]
      [Choose CSet: 0.0 ms]
      [Ref Proc: 1.6 ms]
      [Ref Enq: 0.1 ms]
      [Free CSet: 0.6 ms]
   [Eden: 4656.0M(4656.0M)->0.0B(4528.0M) Survivors: 160.0M->224.0M Heap: 9018.9M(10.0G)->4433.6M(10.0G)]
 [Times: user=0.58 sys=0.01, real=0.04 secs] 
329.704: Total time for which application threads were stopped: 0.0386210 seconds
330.080: Total time for which application threads were stopped: 0.0008320 seconds
332.371: Total time for which application threads were stopped: 0.0010190 seconds
333.372: Total time for which application threads were stopped: 0.0009750 seconds
334.179: Total time for which application threads were stopped: 0.0017870 seconds
334.227: Total time for which application threads were stopped: 0.0007730 seconds
334.245: Total time for which application threads were stopped: 0.0006520 seconds
334.715: [GC pause (G1 Evacuation Pause) (young)
Desired survivor size 318767104 bytes, new threshold 15 (max 15)
- age   1:   14151544 bytes,   14151544 total
- age   2:    6103952 bytes,   20255496 total
- age   3:   29576240 bytes,   49831736 total
- age   4:    7072504 bytes,   56904240 total
- age   5:   24048280 bytes,   80952520 total
- age   6:    6180336 bytes,   87132856 total
- age   7:    6311896 bytes,   93444752 total
- age   8:    5808800 bytes,   99253552 total
- age   9:    6366304 bytes,  105619856 total
- age  10:    1305272 bytes,  106925128 total
- age  11:    2270248 bytes,  109195376 total
- age  12:     969608 bytes,  110164984 total
- age  13:    1594568 bytes,  111759552 total
- age  14:    1955512 bytes,  113715064 total
- age  15:     992184 bytes,  114707248 total
, 0.0352510 secs]
   [Parallel Time: 29.9 ms, GC Workers: 18]
      [GC Worker Start (ms): Min: 334715.3, Avg: 334715.4, Max: 334715.4, Diff: 0.1]
      [Ext Root Scanning (ms): Min: 3.8, Avg: 4.6, Max: 5.2, Diff: 1.4, Sum: 82.5]
      [Update RS (ms): Min: 1.9, Avg: 2.7, Max: 3.8, Diff: 1.9, Sum: 48.8]
         [Processed Buffers: Min: 1, Avg: 33.2, Max: 52, Diff: 51, Sum: 598]
      [Scan RS (ms): Min: 0.0, Avg: 0.2, Max: 0.3, Diff: 0.3, Sum: 4.4]
      [Code Root Scanning (ms): Min: 0.0, Avg: 0.0, Max: 0.0, Diff: 0.0, Sum: 0.1]
      [Object Copy (ms): Min: 21.3, Avg: 22.2, Max: 22.5, Diff: 1.2, Sum: 399.3]
      [Termination (ms): Min: 0.0, Avg: 0.0, Max: 0.0, Diff: 0.0, Sum: 0.1]
      [GC Worker Other (ms): Min: 0.0, Avg: 0.1, Max: 0.1, Diff: 0.1, Sum: 1.1]
      [GC Worker Total (ms): Min: 29.7, Avg: 29.8, Max: 29.9, Diff: 0.2, Sum: 536.2]
      [GC Worker End (ms): Min: 334745.1, Avg: 334745.2, Max: 334745.2, Diff: 0.1]
   [Code Root Fixup: 0.3 ms]
   [Code Root Migration: 0.1 ms]
   [Clear CT: 1.6 ms]
   [Other: 3.4 ms]
      [Choose CSet: 0.0 ms]
      [Ref Proc: 1.7 ms]
      [Ref Enq: 0.1 ms]
      [Free CSet: 0.6 ms]
   [Eden: 4528.0M(4528.0M)->0.0B(4624.0M) Survivors: 224.0M->176.0M Heap: 8961.6M(10.0G)->4382.8M(10.0G)]
 [Times: user=0.56 sys=0.01, real=0.04 secs] 
334.750: Total time for which application threads were stopped: 0.0367030 seconds
334.867: Total time for which application threads were stopped: 0.0007640 seconds
335.461: Total time for which application threads were stopped: 0.0009830 seconds
338.605: Total time for which application threads were stopped: 0.0022780 seconds
339.606: Total time for which application threads were stopped: 0.0009090 seconds
339.989: [GC pause (G1 Evacuation Pause) (young)
Desired survivor size 318767104 bytes, new threshold 15 (max 15)
- age   1:   11855336 bytes,   11855336 total
- age   2:    8097496 bytes,   19952832 total
- age   3:    5396312 bytes,   25349144 total
- age   4:   29381184 bytes,   54730328 total
- age   5:    7032496 bytes,   61762824 total
- age   6:   24004288 bytes,   85767112 total
- age   7:    6168112 bytes,   91935224 total
- age   8:    6304864 bytes,   98240088 total
- age   9:    5798688 bytes,  104038776 total
- age  10:    2236184 bytes,  106274960 total
- age  11:    1301536 bytes,  107576496 total
- age  12:    2249056 bytes,  109825552 total
- age  13:     940080 bytes,  110765632 total
- age  14:    1590720 bytes,  112356352 total
- age  15:    1637992 bytes,  113994344 total
, 0.0377400 secs]
   [Parallel Time: 32.4 ms, GC Workers: 18]
      [GC Worker Start (ms): Min: 339989.7, Avg: 339989.7, Max: 339989.8, Diff: 0.2]
      [Ext Root Scanning (ms): Min: 4.2, Avg: 4.9, Max: 5.3, Diff: 1.1, Sum: 88.0]
      [Update RS (ms): Min: 2.2, Avg: 2.8, Max: 3.9, Diff: 1.7, Sum: 51.0]
         [Processed Buffers: Min: 13, Avg: 36.9, Max: 61, Diff: 48, Sum: 664]
      [Scan RS (ms): Min: 0.0, Avg: 0.3, Max: 0.4, Diff: 0.3, Sum: 4.8]
      [Code Root Scanning (ms): Min: 0.0, Avg: 0.0, Max: 0.0, Diff: 0.0, Sum: 0.1]
      [Object Copy (ms): Min: 23.5, Avg: 24.1, Max: 24.4, Diff: 0.9, Sum: 434.3]
      [Termination (ms): Min: 0.0, Avg: 0.0, Max: 0.0, Diff: 0.0, Sum: 0.1]
      [GC Worker Other (ms): Min: 0.0, Avg: 0.1, Max: 0.1, Diff: 0.1, Sum: 1.1]
      [GC Worker Total (ms): Min: 32.1, Avg: 32.2, Max: 32.3, Diff: 0.2, Sum: 579.5]
      [GC Worker End (ms): Min: 340021.9, Avg: 340021.9, Max: 340022.0, Diff: 0.1]
   [Code Root Fixup: 0.2 ms]
   [Code Root Migration: 0.1 ms]
   [Clear CT: 1.7 ms]
   [Other: 3.4 ms]
      [Choose CSet: 0.0 ms]
      [Ref Proc: 1.7 ms]
      [Ref Enq: 0.1 ms]
      [Free CSet: 0.6 ms]
   [Eden: 4624.0M(4624.0M)->0.0B(4496.0M) Survivors: 176.0M->240.0M Heap: 9006.8M(10.0G)->4444.5M(10.0G)]
 [Times: user=0.60 sys=0.02, real=0.03 secs] 
340.027: Total time for which application threads were stopped: 0.0389620 seconds
340.312: Total time for which application threads were stopped: 0.0010020 seconds
341.421: Total time for which application threads were stopped: 0.0010200 seconds
344.180: Total time for which application threads were stopped: 0.0010540 seconds
344.224: Total time for which application threads were stopped: 0.0007710 seconds
344.247: Total time for which application threads were stopped: 0.0007000 seconds
344.411: Total time for which application threads were stopped: 0.0020010 seconds
344.693: Total time for which application threads were stopped: 0.0075890 seconds
344.723: Total time for which application threads were stopped: 0.0008200 seconds
345.019: [GC pause (G1 Evacuation Pause) (young)
Desired survivor size 310378496 bytes, new threshold 15 (max 15)
- age   1:   30501184 bytes,   30501184 total
- age   2:    6399064 bytes,   36900248 total
- age   3:    7166352 bytes,   44066600 total
- age   4:    5226552 bytes,   49293152 total
- age   5:   29151528 bytes,   78444680 total
- age   6:    6996640 bytes,   85441320 total
- age   7:    6488872 bytes,   91930192 total
- age   8:    5822720 bytes,   97752912 total
- age   9:    6172936 bytes,  103925848 total
- age  10:    1409464 bytes,  105335312 total
- age  11:    2022384 bytes,  107357696 total
- age  12:    1068544 bytes,  108426240 total
- age  13:    2068440 bytes,  110494680 total
- age  14:     938976 bytes,  111433656 total
- age  15:    1589880 bytes,  113023536 total
, 0.0377750 secs]
   [Parallel Time: 32.7 ms, GC Workers: 18]
      [GC Worker Start (ms): Min: 345019.2, Avg: 345019.3, Max: 345019.4, Diff: 0.2]
      [Ext Root Scanning (ms): Min: 3.8, Avg: 4.6, Max: 5.0, Diff: 1.2, Sum: 83.7]
      [Update RS (ms): Min: 2.2, Avg: 2.8, Max: 4.0, Diff: 1.8, Sum: 51.2]
         [Processed Buffers: Min: 14, Avg: 33.1, Max: 55, Diff: 41, Sum: 596]
      [Scan RS (ms): Min: 0.0, Avg: 0.2, Max: 0.3, Diff: 0.3, Sum: 4.3]
      [Code Root Scanning (ms): Min: 0.0, Avg: 0.0, Max: 0.0, Diff: 0.0, Sum: 0.1]
      [Object Copy (ms): Min: 23.5, Avg: 24.0, Max: 24.6, Diff: 1.1, Sum: 432.8]
      [Termination (ms): Min: 0.0, Avg: 0.6, Max: 0.9, Diff: 0.9, Sum: 11.0]
      [GC Worker Other (ms): Min: 0.0, Avg: 0.0, Max: 0.1, Diff: 0.1, Sum: 0.8]
      [GC Worker Total (ms): Min: 32.4, Avg: 32.4, Max: 32.6, Diff: 0.2, Sum: 583.9]
      [GC Worker End (ms): Min: 345051.7, Avg: 345051.7, Max: 345051.8, Diff: 0.1]
   [Code Root Fixup: 0.2 ms]
   [Code Root Migration: 0.1 ms]
   [Clear CT: 1.5 ms]
   [Other: 3.3 ms]
      [Choose CSet: 0.0 ms]
      [Ref Proc: 1.7 ms]
      [Ref Enq: 0.1 ms]
      [Free CSet: 0.6 ms]
   [Eden: 4496.0M(4496.0M)->0.0B(4688.0M) Survivors: 240.0M->144.0M Heap: 8940.5M(10.0G)->4361.4M(10.0G)]
 [Times: user=0.61 sys=0.01, real=0.04 secs] 
345.057: Total time for which application threads were stopped: 0.0390110 seconds
347.058: Total time for which application threads were stopped: 0.0009510 seconds
347.423: Total time for which application threads were stopped: 0.0007720 seconds
349.899: [GC pause (G1 Evacuation Pause) (young)
Desired survivor size 318767104 bytes, new threshold 15 (max 15)
- age   1:   11547808 bytes,   11547808 total
- age   2:   25773280 bytes,   37321088 total
- age   3:    5787256 bytes,   43108344 total
- age   4:    7027600 bytes,   50135944 total
- age   5:    5184272 bytes,   55320216 total
- age   6:   29112936 bytes,   84433152 total
- age   7:    6983256 bytes,   91416408 total
- age   8:    6484960 bytes,   97901368 total
- age   9:    5818248 bytes,  103719616 total
- age  10:    2054952 bytes,  105774568 total
- age  11:    1403648 bytes,  107178216 total
- age  12:    2011960 bytes,  109190176 total
- age  13:    1053104 bytes,  110243280 total
- age  14:    2066368 bytes,  112309648 total
- age  15:     934800 bytes,  113244448 total
, 0.0369840 secs]
   [Parallel Time: 31.6 ms, GC Workers: 18]
      [GC Worker Start (ms): Min: 349899.1, Avg: 349899.1, Max: 349899.2, Diff: 0.1]
      [Ext Root Scanning (ms): Min: 4.1, Avg: 4.7, Max: 5.3, Diff: 1.2, Sum: 84.9]
      [Update RS (ms): Min: 2.0, Avg: 2.7, Max: 3.4, Diff: 1.4, Sum: 49.3]
         [Processed Buffers: Min: 6, Avg: 36.8, Max: 60, Diff: 54, Sum: 663]
      [Scan RS (ms): Min: 0.0, Avg: 0.2, Max: 0.3, Diff: 0.3, Sum: 4.2]
      [Code Root Scanning (ms): Min: 0.0, Avg: 0.0, Max: 0.0, Diff: 0.0, Sum: 0.1]
      [Object Copy (ms): Min: 23.2, Avg: 23.7, Max: 24.0, Diff: 0.8, Sum: 426.9]
      [Termination (ms): Min: 0.0, Avg: 0.0, Max: 0.0, Diff: 0.0, Sum: 0.1]
      [GC Worker Other (ms): Min: 0.0, Avg: 0.1, Max: 0.1, Diff: 0.1, Sum: 1.1]
      [GC Worker Total (ms): Min: 31.4, Avg: 31.5, Max: 31.6, Diff: 0.1, Sum: 566.7]
      [GC Worker End (ms): Min: 349930.6, Avg: 349930.6, Max: 349930.7, Diff: 0.1]
   [Code Root Fixup: 0.3 ms]
   [Code Root Migration: 0.1 ms]
   [Clear CT: 1.6 ms]
   [Other: 3.5 ms]
      [Choose CSet: 0.0 ms]
      [Ref Proc: 1.8 ms]
      [Ref Enq: 0.1 ms]
      [Free CSet: 0.6 ms]
   [Eden: 4688.0M(4688.0M)->0.0B(4496.0M) Survivors: 144.0M->240.0M Heap: 9049.4M(10.0G)->4451.8M(10.0G)]
 [Times: user=0.59 sys=0.00, real=0.04 secs] 
349.936: Total time for which application threads were stopped: 0.0384230 seconds
350.320: Total time for which application threads were stopped: 0.0008530 seconds
350.438: Total time for which application threads were stopped: 0.0010180 seconds
353.382: Total time for which application threads were stopped: 0.0010100 seconds
354.168: Total time for which application threads were stopped: 0.0010210 seconds
354.186: Total time for which application threads were stopped: 0.0007670 seconds
354.186: Total time for which application threads were stopped: 0.0003540 seconds
354.654: [GC pause (G1 Evacuation Pause) (young)
Desired survivor size 310378496 bytes, new threshold 15 (max 15)
- age   1:   11701632 bytes,   11701632 total
- age   2:    6537720 bytes,   18239352 total
- age   3:   24856488 bytes,   43095840 total
- age   4:    5642328 bytes,   48738168 total
- age   5:    6951144 bytes,   55689312 total
- age   6:    5152800 bytes,   60842112 total
- age   7:   29089480 bytes,   89931592 total
- age   8:    6979168 bytes,   96910760 total
- age   9:    4271360 bytes,  101182120 total
- age  10:    1411328 bytes,  102593448 total
- age  11:    1855104 bytes,  104448552 total
- age  12:    1392720 bytes,  105841272 total
- age  13:    1857288 bytes,  107698560 total
- age  14:    1050512 bytes,  108749072 total
- age  15:    2065688 bytes,  110814760 total
, 0.0381550 secs]
   [Parallel Time: 33.3 ms, GC Workers: 18]
      [GC Worker Start (ms): Min: 354654.2, Avg: 354654.2, Max: 354654.3, Diff: 0.1]
      [Ext Root Scanning (ms): Min: 3.9, Avg: 4.7, Max: 5.1, Diff: 1.3, Sum: 84.7]
      [Update RS (ms): Min: 2.0, Avg: 2.6, Max: 3.9, Diff: 1.9, Sum: 47.4]
         [Processed Buffers: Min: 2, Avg: 33.8, Max: 63, Diff: 61, Sum: 609]
      [Scan RS (ms): Min: 0.0, Avg: 0.2, Max: 0.3, Diff: 0.3, Sum: 4.1]
      [Code Root Scanning (ms): Min: 0.0, Avg: 0.0, Max: 0.0, Diff: 0.0, Sum: 0.1]
      [Object Copy (ms): Min: 24.4, Avg: 25.0, Max: 25.3, Diff: 0.9, Sum: 450.8]
      [Termination (ms): Min: 0.0, Avg: 0.4, Max: 0.5, Diff: 0.5, Sum: 7.9]
      [GC Worker Other (ms): Min: 0.0, Avg: 0.0, Max: 0.1, Diff: 0.0, Sum: 0.6]
      [GC Worker Total (ms): Min: 33.0, Avg: 33.1, Max: 33.2, Diff: 0.1, Sum: 595.6]
      [GC Worker End (ms): Min: 354687.3, Avg: 354687.3, Max: 354687.4, Diff: 0.1]
   [Code Root Fixup: 0.2 ms]
   [Code Root Migration: 0.1 ms]
   [Clear CT: 1.3 ms]
   [Other: 3.3 ms]
      [Choose CSet: 0.0 ms]
      [Ref Proc: 1.6 ms]
      [Ref Enq: 0.1 ms]
      [Free CSet: 0.6 ms]
   [Eden: 4496.0M(4496.0M)->0.0B(4688.0M) Survivors: 240.0M->144.0M Heap: 8947.8M(10.0G)->4364.4M(10.0G)]
 [Times: user=0.61 sys=0.02, real=0.04 secs] 
354.692: Total time for which application threads were stopped: 0.0393710 seconds
354.706: Total time for which application threads were stopped: 0.0009530 seconds
354.723: Total time for which application threads were stopped: 0.0016210 seconds
356.529: Total time for which application threads were stopped: 0.0065560 seconds
358.530: Total time for which application threads were stopped: 0.0009210 seconds
359.396: Total time for which application threads were stopped: 0.0010010 seconds
359.589: [GC pause (G1 Evacuation Pause) (young)
Desired survivor size 318767104 bytes, new threshold 15 (max 15)
- age   1:   10519408 bytes,   10519408 total
- age   2:    8067840 bytes,   18587248 total
- age   3:    5798816 bytes,   24386064 total
- age   4:   24678336 bytes,   49064400 total
- age   5:    5590208 bytes,   54654608 total
- age   6:    6917712 bytes,   61572320 total
- age   7:    5138688 bytes,   66711008 total
- age   8:   29083288 bytes,   95794296 total
- age   9:    4919448 bytes,  100713744 total
- age  10:    2201728 bytes,  102915472 total
- age  11:    1409600 bytes,  104325072 total
- age  12:    1848216 bytes,  106173288 total
- age  13:    1379640 bytes,  107552928 total
- age  14:    1854264 bytes,  109407192 total
- age  15:    1049720 bytes,  110456912 total
, 0.0361340 secs]
   [Parallel Time: 30.9 ms, GC Workers: 18]
      [GC Worker Start (ms): Min: 359589.6, Avg: 359589.6, Max: 359589.7, Diff: 0.1]
      [Ext Root Scanning (ms): Min: 3.8, Avg: 4.7, Max: 5.2, Diff: 1.4, Sum: 84.2]
      [Update RS (ms): Min: 2.1, Avg: 2.7, Max: 3.5, Diff: 1.4, Sum: 48.4]
         [Processed Buffers: Min: 22, Avg: 36.4, Max: 56, Diff: 34, Sum: 656]
      [Scan RS (ms): Min: 0.0, Avg: 0.2, Max: 0.3, Diff: 0.3, Sum: 4.3]
      [Code Root Scanning (ms): Min: 0.0, Avg: 0.0, Max: 0.0, Diff: 0.0, Sum: 0.1]
      [Object Copy (ms): Min: 22.4, Avg: 23.1, Max: 23.3, Diff: 0.9, Sum: 415.0]
      [Termination (ms): Min: 0.0, Avg: 0.0, Max: 0.0, Diff: 0.0, Sum: 0.2]
      [GC Worker Other (ms): Min: 0.0, Avg: 0.1, Max: 0.1, Diff: 0.1, Sum: 1.1]
      [GC Worker Total (ms): Min: 30.6, Avg: 30.7, Max: 30.8, Diff: 0.2, Sum: 553.3]
      [GC Worker End (ms): Min: 359620.3, Avg: 359620.4, Max: 359620.4, Diff: 0.1]
   [Code Root Fixup: 0.2 ms]
   [Code Root Migration: 0.1 ms]
   [Clear CT: 1.6 ms]
   [Other: 3.4 ms]
      [Choose CSet: 0.0 ms]
      [Ref Proc: 1.5 ms]
      [Ref Enq: 0.1 ms]
      [Free CSet: 0.7 ms]
   [Eden: 4688.0M(4688.0M)->0.0B(4528.0M) Survivors: 144.0M->224.0M Heap: 9052.4M(10.0G)->4443.2M(10.0G)]
 [Times: user=0.57 sys=0.03, real=0.04 secs] 
359.626: Total time for which application threads were stopped: 0.0372020 seconds
360.627: Total time for which application threads were stopped: 0.0009610 seconds
362.573: Total time for which application threads were stopped: 0.0009820 seconds
364.173: Total time for which application threads were stopped: 0.0009360 seconds
364.174: Total time for which application threads were stopped: 0.0003580 seconds
364.177: Total time for which application threads were stopped: 0.0003130 seconds
364.503: Total time for which application threads were stopped: 0.0006920 seconds
364.745: [GC pause (G1 Evacuation Pause) (young)
Desired survivor size 318767104 bytes, new threshold 15 (max 15)
- age   1:   12941192 bytes,   12941192 total
- age   2:    6412656 bytes,   19353848 total
- age   3:    6989248 bytes,   26343096 total
- age   4:    5636672 bytes,   31979768 total
- age   5:   24598328 bytes,   56578096 total
- age   6:    5559568 bytes,   62137664 total
- age   7:    6899680 bytes,   69037344 total
- age   8:    5132528 bytes,   74169872 total
- age   9:   27019648 bytes,  101189520 total
- age  10:    2857800 bytes,  104047320 total
- age  11:    2197248 bytes,  106244568 total
- age  12:    1400576 bytes,  107645144 total
- age  13:    1830512 bytes,  109475656 total
- age  14:    1376016 bytes,  110851672 total
- age  15:    1852368 bytes,  112704040 total
, 0.0356660 secs]
   [Parallel Time: 30.5 ms, GC Workers: 18]
      [GC Worker Start (ms): Min: 364745.0, Avg: 364745.1, Max: 364745.2, Diff: 0.2]
      [Ext Root Scanning (ms): Min: 4.2, Avg: 4.7, Max: 5.2, Diff: 1.0, Sum: 84.8]
      [Update RS (ms): Min: 2.0, Avg: 2.6, Max: 3.9, Diff: 1.9, Sum: 46.9]
         [Processed Buffers: Min: 14, Avg: 33.3, Max: 49, Diff: 35, Sum: 599]
      [Scan RS (ms): Min: 0.0, Avg: 0.2, Max: 0.3, Diff: 0.3, Sum: 4.2]
      [Code Root Scanning (ms): Min: 0.0, Avg: 0.0, Max: 0.0, Diff: 0.0, Sum: 0.1]
      [Object Copy (ms): Min: 22.1, Avg: 22.7, Max: 23.1, Diff: 1.0, Sum: 408.5]
      [Termination (ms): Min: 0.0, Avg: 0.0, Max: 0.0, Diff: 0.0, Sum: 0.1]
      [GC Worker Other (ms): Min: 0.0, Avg: 0.1, Max: 0.1, Diff: 0.1, Sum: 1.0]
      [GC Worker Total (ms): Min: 30.2, Avg: 30.3, Max: 30.4, Diff: 0.2, Sum: 545.5]
      [GC Worker End (ms): Min: 364775.4, Avg: 364775.4, Max: 364775.5, Diff: 0.1]
   [Code Root Fixup: 0.2 ms]
   [Code Root Migration: 0.1 ms]
   [Clear CT: 1.5 ms]
   [Other: 3.4 ms]
      [Choose CSet: 0.0 ms]
      [Ref Proc: 1.5 ms]
      [Ref Enq: 0.1 ms]
      [Free CSet: 0.7 ms]
   [Eden: 4528.0M(4528.0M)->0.0B(4640.0M) Survivors: 224.0M->160.0M Heap: 8971.2M(10.0G)->4384.0M(10.0G)]
 [Times: user=0.56 sys=0.01, real=0.03 secs] 
364.781: Total time for which application threads were stopped: 0.0369860 seconds
365.621: Total time for which application threads were stopped: 0.0009990 seconds
368.470: Total time for which application threads were stopped: 0.0010060 seconds
369.827: [GC pause (G1 Evacuation Pause) (young)
Desired survivor size 318767104 bytes, new threshold 15 (max 15)
- age   1:   10702488 bytes,   10702488 total
- age   2:    8539168 bytes,   19241656 total
- age   3:    5758752 bytes,   25000408 total
- age   4:    6803472 bytes,   31803880 total
- age   5:    5611504 bytes,   37415384 total
- age   6:   24562616 bytes,   61978000 total
- age   7:    5547296 bytes,   67525296 total
- age   8:    6886312 bytes,   74411608 total
- age   9:    5127016 bytes,   79538624 total
- age  10:   24952912 bytes,  104491536 total
- age  11:    2848768 bytes,  107340304 total
- age  12:    2195128 bytes,  109535432 total
- age  13:    1377896 bytes,  110913328 total
- age  14:    1824952 bytes,  112738280 total
- age  15:    1374840 bytes,  114113120 total
, 0.0383170 secs]
   [Parallel Time: 33.0 ms, GC Workers: 18]
      [GC Worker Start (ms): Min: 369827.0, Avg: 369827.1, Max: 369827.2, Diff: 0.1]
      [Ext Root Scanning (ms): Min: 4.1, Avg: 4.8, Max: 5.4, Diff: 1.3, Sum: 86.9]
      [Update RS (ms): Min: 1.9, Avg: 2.8, Max: 3.9, Diff: 1.9, Sum: 49.6]
         [Processed Buffers: Min: 3, Avg: 36.3, Max: 63, Diff: 60, Sum: 654]
      [Scan RS (ms): Min: 0.0, Avg: 0.2, Max: 0.3, Diff: 0.3, Sum: 4.3]
      [Code Root Scanning (ms): Min: 0.0, Avg: 0.0, Max: 0.0, Diff: 0.0, Sum: 0.1]
      [Object Copy (ms): Min: 24.5, Avg: 24.9, Max: 25.3, Diff: 0.8, Sum: 448.4]
      [Termination (ms): Min: 0.0, Avg: 0.0, Max: 0.0, Diff: 0.0, Sum: 0.1]
      [GC Worker Other (ms): Min: 0.0, Avg: 0.1, Max: 0.2, Diff: 0.1, Sum: 1.5]
      [GC Worker Total (ms): Min: 32.8, Avg: 32.8, Max: 32.9, Diff: 0.2, Sum: 590.8]
      [GC Worker End (ms): Min: 369859.9, Avg: 369859.9, Max: 369860.0, Diff: 0.1]
   [Code Root Fixup: 0.2 ms]
   [Code Root Migration: 0.1 ms]
   [Clear CT: 1.5 ms]
   [Other: 3.5 ms]
      [Choose CSet: 0.0 ms]
      [Ref Proc: 1.6 ms]
      [Ref Enq: 0.1 ms]
      [Free CSet: 0.8 ms]
   [Eden: 4640.0M(4640.0M)->0.0B(4480.0M) Survivors: 160.0M->240.0M Heap: 9024.0M(10.0G)->4464.1M(10.0G)]
 [Times: user=0.61 sys=0.01, real=0.04 secs] 
369.865: Total time for which application threads were stopped: 0.0396650 seconds
371.445: Total time for which application threads were stopped: 0.0009260 seconds
373.447: Total time for which application threads were stopped: 0.0016830 seconds
374.175: Total time for which application threads were stopped: 0.0009560 seconds
374.185: Total time for which application threads were stopped: 0.0006070 seconds
374.194: Total time for which application threads were stopped: 0.0005720 seconds
374.574: Total time for which application threads were stopped: 0.0007850 seconds
374.709: [GC pause (G1 Evacuation Pause) (young)
Desired survivor size 310378496 bytes, new threshold 15 (max 15)
- age   1:   30531208 bytes,   30531208 total
- age   2:    4149048 bytes,   34680256 total
- age   3:    7951520 bytes,   42631776 total
- age   4:    5615960 bytes,   48247736 total
- age   5:    6589800 bytes,   54837536 total
- age   6:    5586368 bytes,   60423904 total
- age   7:    8107088 bytes,   68530992 total
- age   8:    5541992 bytes,   74072984 total
- age   9:    6877240 bytes,   80950224 total
- age  10:     993400 bytes,   81943624 total
- age  11:   24505256 bytes,  106448880 total
- age  12:    2839360 bytes,  109288240 total
- age  13:    1988352 bytes,  111276592 total
- age  14:    1371800 bytes,  112648392 total
- age  15:    1824032 bytes,  114472424 total
, 0.0404670 secs]
   [Parallel Time: 35.3 ms, GC Workers: 18]
      [GC Worker Start (ms): Min: 374709.1, Avg: 374709.2, Max: 374709.3, Diff: 0.1]
      [Ext Root Scanning (ms): Min: 4.0, Avg: 4.7, Max: 5.2, Diff: 1.1, Sum: 84.4]
      [Update RS (ms): Min: 2.2, Avg: 3.5, Max: 13.5, Diff: 11.4, Sum: 62.9]
         [Processed Buffers: Min: 8, Avg: 33.1, Max: 51, Diff: 43, Sum: 596]
      [Scan RS (ms): Min: 0.0, Avg: 0.2, Max: 0.4, Diff: 0.4, Sum: 2.9]
      [Code Root Scanning (ms): Min: 0.0, Avg: 0.0, Max: 0.0, Diff: 0.0, Sum: 0.1]
      [Object Copy (ms): Min: 16.7, Avg: 24.4, Max: 27.3, Diff: 10.6, Sum: 438.5]
      [Termination (ms): Min: 0.0, Avg: 2.4, Max: 7.6, Diff: 7.6, Sum: 42.5]
      [GC Worker Other (ms): Min: 0.0, Avg: 0.0, Max: 0.1, Diff: 0.1, Sum: 0.8]
      [GC Worker Total (ms): Min: 35.1, Avg: 35.1, Max: 35.2, Diff: 0.1, Sum: 632.2]
      [GC Worker End (ms): Min: 374744.3, Avg: 374744.3, Max: 374744.4, Diff: 0.1]
   [Code Root Fixup: 0.2 ms]
   [Code Root Migration: 0.1 ms]
   [Clear CT: 1.4 ms]
   [Other: 3.5 ms]
      [Choose CSet: 0.0 ms]
      [Ref Proc: 1.6 ms]
      [Ref Enq: 0.1 ms]
      [Free CSet: 0.8 ms]
   [Eden: 4480.0M(4480.0M)->0.0B(4608.0M) Survivors: 240.0M->176.0M Heap: 8944.1M(10.0G)->4400.9M(10.0G)]
 [Times: user=0.62 sys=0.01, real=0.04 secs] 
374.750: Total time for which application threads were stopped: 0.0418000 seconds
374.891: Total time for which application threads were stopped: 0.0007410 seconds
375.330: Total time for which application threads were stopped: 0.0009260 seconds
375.381: Total time for which application threads were stopped: 0.0007620 seconds
375.388: Total time for which application threads were stopped: 0.0006010 seconds
375.392: Total time for which application threads were stopped: 0.0005010 seconds
375.406: Total time for which application threads were stopped: 0.0007190 seconds
375.422: Total time for which application threads were stopped: 0.0007900 seconds
375.442: Total time for which application threads were stopped: 0.0007450 seconds
376.374: Total time for which application threads were stopped: 0.0009500 seconds
376.544: Total time for which application threads were stopped: 0.0008060 seconds
376.545: Total time for which application threads were stopped: 0.0003610 seconds
376.648: Total time for which application threads were stopped: 0.0007280 seconds
376.649: Total time for which application threads were stopped: 0.0003800 seconds
376.650: Total time for which application threads were stopped: 0.0002190 seconds
376.650: Total time for which application threads were stopped: 0.0003220 seconds
376.767: Total time for which application threads were stopped: 0.0008310 seconds
376.767: Total time for which application threads were stopped: 0.0002420 seconds
376.773: Total time for which application threads were stopped: 0.0062010 seconds
376.774: Total time for which application threads were stopped: 0.0002150 seconds
376.774: Total time for which application threads were stopped: 0.0001920 seconds
376.774: Total time for which application threads were stopped: 0.0002030 seconds
376.774: Total time for which application threads were stopped: 0.0001900 seconds
376.774: Total time for which application threads were stopped: 0.0001990 seconds
376.777: Total time for which application threads were stopped: 0.0023470 seconds
376.777: Total time for which application threads were stopped: 0.0002350 seconds
376.779: Total time for which application threads were stopped: 0.0021880 seconds
376.781: Total time for which application threads were stopped: 0.0006680 seconds
376.781: Total time for which application threads were stopped: 0.0002000 seconds
376.782: Total time for which application threads were stopped: 0.0001920 seconds
376.782: Total time for which application threads were stopped: 0.0001930 seconds
376.782: Total time for which application threads were stopped: 0.0002010 seconds
376.782: Total time for which application threads were stopped: 0.0001950 seconds
376.783: Total time for which application threads were stopped: 0.0001920 seconds
376.783: Total time for which application threads were stopped: 0.0001990 seconds
376.783: Total time for which application threads were stopped: 0.0001990 seconds
377.528: Total time for which application threads were stopped: 0.0064590 seconds
378.477: [GC pause (G1 Evacuation Pause) (young)
Desired survivor size 318767104 bytes, new threshold 15 (max 15)
- age   1:   14655144 bytes,   14655144 total
- age   2:   25015120 bytes,   39670264 total
- age   3:    3484080 bytes,   43154344 total
- age   4:    7691672 bytes,   50846016 total
- age   5:    5592184 bytes,   56438200 total
- age   6:    6558624 bytes,   62996824 total
- age   7:    5569400 bytes,   68566224 total
- age   8:    6707848 bytes,   75274072 total
- age   9:    5534536 bytes,   80808608 total
- age  10:    2742904 bytes,   83551512 total
- age  11:     991024 bytes,   84542536 total
- age  12:   24500656 bytes,  109043192 total
- age  13:    2821816 bytes,  111865008 total
- age  14:    1986248 bytes,  113851256 total
- age  15:    1370808 bytes,  115222064 total
, 0.2184720 secs]
   [Parallel Time: 207.6 ms, GC Workers: 18]
      [GC Worker Start (ms): Min: 378477.5, Avg: 378477.6, Max: 378477.7, Diff: 0.2]
      [Ext Root Scanning (ms): Min: 4.1, Avg: 4.7, Max: 5.2, Diff: 1.0, Sum: 84.9]
      [Update RS (ms): Min: 2.0, Avg: 2.6, Max: 3.4, Diff: 1.3, Sum: 47.4]
         [Processed Buffers: Min: 13, Avg: 34.6, Max: 67, Diff: 54, Sum: 623]
      [Scan RS (ms): Min: 0.0, Avg: 0.2, Max: 0.3, Diff: 0.3, Sum: 4.0]
      [Code Root Scanning (ms): Min: 0.0, Avg: 0.0, Max: 0.0, Diff: 0.0, Sum: 0.1]
      [Object Copy (ms): Min: 199.1, Avg: 199.7, Max: 200.0, Diff: 0.9, Sum: 3594.5]
      [Termination (ms): Min: 0.0, Avg: 0.0, Max: 0.0, Diff: 0.0, Sum: 0.1]
      [GC Worker Other (ms): Min: 0.0, Avg: 0.1, Max: 0.1, Diff: 0.1, Sum: 1.3]
      [GC Worker Total (ms): Min: 207.2, Avg: 207.3, Max: 207.5, Diff: 0.3, Sum: 3732.3]
      [GC Worker End (ms): Min: 378684.9, Avg: 378684.9, Max: 378685.0, Diff: 0.1]
   [Code Root Fixup: 0.2 ms]
   [Code Root Migration: 0.1 ms]
   [Clear CT: 1.2 ms]
   [Other: 9.4 ms]
      [Choose CSet: 0.0 ms]
      [Ref Proc: 7.4 ms]
      [Ref Enq: 0.1 ms]
      [Free CSet: 0.7 ms]
   [Eden: 4608.0M(4608.0M)->0.0B(3936.0M) Survivors: 176.0M->512.0M Heap: 9008.9M(10.0G)->4739.0M(10.0G)]
 [Times: user=3.53 sys=0.29, real=0.22 secs] 
378.696: Total time for which application threads were stopped: 0.2238360 seconds
378.837: Total time for which application threads were stopped: 0.0015210 seconds
379.066: Total time for which application threads were stopped: 0.0071990 seconds
380.069: Total time for which application threads were stopped: 0.0034620 seconds
380.395: Total time for which application threads were stopped: 0.0009580 seconds
381.396: Total time for which application threads were stopped: 0.0009390 seconds
382.397: Total time for which application threads were stopped: 0.0009600 seconds
382.632: [GC pause (G1 Evacuation Pause) (young)
Desired survivor size 293601280 bytes, new threshold 1 (max 15)
- age   1:  296510896 bytes,  296510896 total
- age   2:    8319136 bytes,  304830032 total
- age   3:   24438264 bytes,  329268296 total
- age   4:    3373704 bytes,  332642000 total
- age   5:    7485472 bytes,  340127472 total
- age   6:    5569712 bytes,  345697184 total
- age   7:    6538784 bytes,  352235968 total
- age   8:    5564312 bytes,  357800280 total
- age   9:    4635240 bytes,  362435520 total
- age  10:    1406560 bytes,  363842080 total
- age  11:    2353168 bytes,  366195248 total
- age  12:     987984 bytes,  367183232 total
- age  13:   24299192 bytes,  391482424 total
- age  14:    2820976 bytes,  394303400 total
- age  15:    1985760 bytes,  396289160 total
, 0.3149650 secs]
   [Parallel Time: 306.5 ms, GC Workers: 18]
      [GC Worker Start (ms): Min: 382632.6, Avg: 382632.7, Max: 382632.8, Diff: 0.2]
      [Ext Root Scanning (ms): Min: 4.2, Avg: 4.7, Max: 5.2, Diff: 1.0, Sum: 84.8]
      [Update RS (ms): Min: 52.0, Avg: 53.5, Max: 55.1, Diff: 3.1, Sum: 962.4]
         [Processed Buffers: Min: 12, Avg: 44.7, Max: 122, Diff: 110, Sum: 805]
      [Scan RS (ms): Min: 0.0, Avg: 0.1, Max: 0.4, Diff: 0.4, Sum: 2.3]
      [Code Root Scanning (ms): Min: 0.0, Avg: 0.0, Max: 0.1, Diff: 0.1, Sum: 0.1]
      [Object Copy (ms): Min: 246.1, Avg: 247.5, Max: 248.6, Diff: 2.5, Sum: 4454.5]
      [Termination (ms): Min: 0.0, Avg: 0.5, Max: 0.6, Diff: 0.6, Sum: 9.0]
      [GC Worker Other (ms): Min: 0.0, Avg: 0.0, Max: 0.1, Diff: 0.1, Sum: 0.8]
      [GC Worker Total (ms): Min: 306.2, Avg: 306.3, Max: 306.4, Diff: 0.2, Sum: 5513.8]
      [GC Worker End (ms): Min: 382939.0, Avg: 382939.0, Max: 382939.1, Diff: 0.1]
   [Code Root Fixup: 0.3 ms]
   [Code Root Migration: 0.1 ms]
   [Clear CT: 1.2 ms]
   [Other: 7.0 ms]
      [Choose CSet: 0.0 ms]
      [Ref Proc: 3.7 ms]
      [Ref Enq: 0.2 ms]
      [Free CSet: 0.7 ms]
   [Eden: 3936.0M(3936.0M)->0.0B(576.0M) Survivors: 512.0M->560.0M Heap: 8701.4M(10.0G)->5130.4M(10.0G)]
 [Times: user=5.36 sys=0.05, real=0.32 secs] 
382.947: Total time for which application threads were stopped: 0.3161220 seconds
383.138: [GC pause (G1 Humongous Allocation) (young) (initial-mark)
Desired survivor size 75497472 bytes, new threshold 1 (max 15)
- age   1:  508737312 bytes,  508737312 total
, 0.3309730 secs]
   [Parallel Time: 323.0 ms, GC Workers: 18]
      [GC Worker Start (ms): Min: 383138.3, Avg: 383138.4, Max: 383138.5, Diff: 0.1]
      [Ext Root Scanning (ms): Min: 4.5, Avg: 5.6, Max: 6.2, Diff: 1.7, Sum: 100.1]
      [Code Root Marking (ms): Min: 0.1, Avg: 0.9, Max: 4.0, Diff: 3.9, Sum: 15.8]
      [Update RS (ms): Min: 19.3, Avg: 21.6, Max: 26.9, Diff: 7.6, Sum: 389.0]
         [Processed Buffers: Min: 31, Avg: 65.6, Max: 109, Diff: 78, Sum: 1180]
      [Scan RS (ms): Min: 20.4, Avg: 25.5, Max: 27.6, Diff: 7.2, Sum: 459.7]
      [Code Root Scanning (ms): Min: 0.0, Avg: 0.0, Max: 0.0, Diff: 0.0, Sum: 0.1]
      [Object Copy (ms): Min: 268.4, Avg: 269.0, Max: 269.8, Diff: 1.3, Sum: 4841.7]
      [Termination (ms): Min: 0.0, Avg: 0.1, Max: 0.2, Diff: 0.2, Sum: 2.4]
      [GC Worker Other (ms): Min: 0.0, Avg: 0.0, Max: 0.1, Diff: 0.0, Sum: 0.7]
      [GC Worker Total (ms): Min: 322.7, Avg: 322.7, Max: 322.8, Diff: 0.1, Sum: 5809.5]
      [GC Worker End (ms): Min: 383461.1, Avg: 383461.1, Max: 383461.1, Diff: 0.0]
   [Code Root Fixup: 0.2 ms]
   [Code Root Migration: 0.0 ms]
   [Clear CT: 0.6 ms]
   [Other: 7.2 ms]
      [Choose CSet: 0.0 ms]
      [Ref Proc: 1.6 ms]
      [Ref Enq: 0.1 ms]
      [Free CSet: 0.4 ms]
   [Eden: 432.0M(576.0M)->0.0B(368.0M) Survivors: 560.0M->144.0M Heap: 5550.1M(10.0G)->5376.9M(10.0G)]
 [Times: user=5.78 sys=0.04, real=0.33 secs] 
383.469: [GC concurrent-root-region-scan-start]
383.469: Total time for which application threads were stopped: 0.3323050 seconds
383.484: [GC concurrent-root-region-scan-end, 0.0151380 secs]
383.484: [GC concurrent-mark-start]
383.496: Total time for which application threads were stopped: 0.0007610 seconds
383.766: [GC pause (G1 Evacuation Pause) (young)
Desired survivor size 33554432 bytes, new threshold 15 (max 15)
- age   1:   32158816 bytes,   32158816 total
, 0.1244110 secs]
   [Parallel Time: 120.2 ms, GC Workers: 18]
      [GC Worker Start (ms): Min: 383767.1, Avg: 383767.3, Max: 383767.3, Diff: 0.2]
      [Ext Root Scanning (ms): Min: 4.5, Avg: 5.2, Max: 8.8, Diff: 4.3, Sum: 93.2]
      [SATB Filtering (ms): Min: 0.0, Avg: 0.2, Max: 3.9, Diff: 3.9, Sum: 3.9]
      [Update RS (ms): Min: 77.8, Avg: 81.4, Max: 82.7, Diff: 4.9, Sum: 1465.1]
         [Processed Buffers: Min: 85, Avg: 132.1, Max: 199, Diff: 114, Sum: 2377]
      [Scan RS (ms): Min: 0.5, Avg: 0.9, Max: 1.1, Diff: 0.7, Sum: 16.7]
      [Code Root Scanning (ms): Min: 0.0, Avg: 0.0, Max: 0.0, Diff: 0.0, Sum: 0.0]
      [Object Copy (ms): Min: 32.0, Avg: 32.1, Max: 32.4, Diff: 0.4, Sum: 578.6]
      [Termination (ms): Min: 0.0, Avg: 0.0, Max: 0.1, Diff: 0.1, Sum: 0.7]
      [GC Worker Other (ms): Min: 0.0, Avg: 0.0, Max: 0.1, Diff: 0.0, Sum: 0.8]
      [GC Worker Total (ms): Min: 119.8, Avg: 119.9, Max: 120.1, Diff: 0.2, Sum: 2159.0]
      [GC Worker End (ms): Min: 383887.2, Avg: 383887.2, Max: 383887.2, Diff: 0.0]
   [Code Root Fixup: 0.6 ms]
   [Code Root Migration: 0.0 ms]
   [Clear CT: 0.3 ms]
   [Other: 3.3 ms]
      [Choose CSet: 0.0 ms]
      [Ref Proc: 1.6 ms]
      [Ref Enq: 0.2 ms]
      [Free CSet: 0.2 ms]
   [Eden: 368.0M(368.0M)->0.0B(448.0M) Survivors: 144.0M->64.0M Heap: 5760.5M(10.0G)->5410.1M(10.0G)]
 [Times: user=2.14 sys=0.00, real=0.12 secs] 
383.891: Total time for which application threads were stopped: 0.1258430 seconds
384.198: Total time for which application threads were stopped: 0.0008330 seconds
384.199: [GC pause (G1 Evacuation Pause) (young)
Desired survivor size 33554432 bytes, new threshold 2 (max 15)
- age   1:   32641128 bytes,   32641128 total
- age   2:   31744424 bytes,   64385552 total
, 0.0694630 secs]
   [Parallel Time: 65.8 ms, GC Workers: 18]
      [GC Worker Start (ms): Min: 384199.8, Avg: 384199.8, Max: 384199.9, Diff: 0.1]
      [Ext Root Scanning (ms): Min: 4.0, Avg: 4.7, Max: 5.2, Diff: 1.2, Sum: 85.4]
      [SATB Filtering (ms): Min: 0.0, Avg: 0.2, Max: 3.0, Diff: 3.0, Sum: 3.0]
      [Update RS (ms): Min: 14.5, Avg: 15.8, Max: 17.1, Diff: 2.6, Sum: 284.4]
         [Processed Buffers: Min: 15, Avg: 48.3, Max: 82, Diff: 67, Sum: 870]
      [Scan RS (ms): Min: 0.0, Avg: 0.0, Max: 0.1, Diff: 0.1, Sum: 0.5]
      [Code Root Scanning (ms): Min: 0.0, Avg: 0.0, Max: 0.0, Diff: 0.0, Sum: 0.0]
      [Object Copy (ms): Min: 44.1, Avg: 44.9, Max: 45.3, Diff: 1.1, Sum: 807.4]
      [Termination (ms): Min: 0.0, Avg: 0.0, Max: 0.0, Diff: 0.0, Sum: 0.4]
      [GC Worker Other (ms): Min: 0.0, Avg: 0.0, Max: 0.1, Diff: 0.0, Sum: 0.8]
      [GC Worker Total (ms): Min: 65.6, Avg: 65.7, Max: 65.7, Diff: 0.1, Sum: 1181.9]
      [GC Worker End (ms): Min: 384265.5, Avg: 384265.5, Max: 384265.5, Diff: 0.0]
   [Code Root Fixup: 0.3 ms]
   [Code Root Migration: 0.0 ms]
   [Clear CT: 0.2 ms]
   [Other: 3.1 ms]
      [Choose CSet: 0.0 ms]
      [Ref Proc: 1.7 ms]
      [Ref Enq: 0.1 ms]
      [Free CSet: 0.1 ms]
   [Eden: 448.0M(448.0M)->0.0B(448.0M) Survivors: 64.0M->64.0M Heap: 5858.1M(10.0G)->5540.9M(10.0G)]
 [Times: user=1.21 sys=0.01, real=0.07 secs] 
384.269: Total time for which application threads were stopped: 0.0706570 seconds
384.283: Total time for which application threads were stopped: 0.0020980 seconds
384.283: Total time for which application threads were stopped: 0.0002720 seconds
384.663: [GC pause (G1 Evacuation Pause) (young)
Desired survivor size 33554432 bytes, new threshold 1 (max 15)
- age   1:   41680256 bytes,   41680256 total
- age   2:   16761184 bytes,   58441440 total
, 0.0864140 secs]
   [Parallel Time: 82.2 ms, GC Workers: 18]
      [GC Worker Start (ms): Min: 384663.1, Avg: 384663.2, Max: 384663.3, Diff: 0.2]
      [Ext Root Scanning (ms): Min: 4.2, Avg: 4.9, Max: 5.5, Diff: 1.3, Sum: 87.9]
      [SATB Filtering (ms): Min: 0.0, Avg: 0.1, Max: 2.2, Diff: 2.2, Sum: 2.2]
      [Update RS (ms): Min: 10.9, Avg: 12.9, Max: 15.2, Diff: 4.3, Sum: 231.3]
         [Processed Buffers: Min: 13, Avg: 43.3, Max: 78, Diff: 65, Sum: 779]
      [Scan RS (ms): Min: 0.0, Avg: 0.0, Max: 0.1, Diff: 0.1, Sum: 0.4]
      [Code Root Scanning (ms): Min: 0.0, Avg: 0.0, Max: 0.0, Diff: 0.0, Sum: 0.0]
      [Object Copy (ms): Min: 62.1, Avg: 63.9, Max: 64.5, Diff: 2.3, Sum: 1150.1]
      [Termination (ms): Min: 0.0, Avg: 0.1, Max: 0.2, Diff: 0.2, Sum: 2.3]
      [GC Worker Other (ms): Min: 0.0, Avg: 0.0, Max: 0.1, Diff: 0.0, Sum: 0.6]
      [GC Worker Total (ms): Min: 81.8, Avg: 81.9, Max: 82.0, Diff: 0.2, Sum: 1474.7]
      [GC Worker End (ms): Min: 384745.1, Avg: 384745.1, Max: 384745.1, Diff: 0.0]
   [Code Root Fixup: 0.5 ms]
   [Code Root Migration: 0.0 ms]
   [Clear CT: 0.2 ms]
   [Other: 3.5 ms]
      [Choose CSet: 0.0 ms]
      [Ref Proc: 1.8 ms]
      [Ref Enq: 0.2 ms]
      [Free CSet: 0.1 ms]
   [Eden: 448.0M(448.0M)->0.0B(448.0M) Survivors: 64.0M->64.0M Heap: 5988.9M(10.0G)->5629.0M(10.0G)]
 [Times: user=1.62 sys=0.01, real=0.09 secs] 
384.749: Total time for which application threads were stopped: 0.0875760 seconds
384.897: Total time for which application threads were stopped: 0.0020200 seconds
384.911: Total time for which application threads were stopped: 0.0007430 seconds
385.041: [GC pause (G1 Evacuation Pause) (young)
Desired survivor size 33554432 bytes, new threshold 1 (max 15)
- age   1:   43686032 bytes,   43686032 total
, 0.0826110 secs]
   [Parallel Time: 78.6 ms, GC Workers: 18]
      [GC Worker Start (ms): Min: 385041.8, Avg: 385041.8, Max: 385041.9, Diff: 0.1]
      [Ext Root Scanning (ms): Min: 3.8, Avg: 4.8, Max: 5.6, Diff: 1.7, Sum: 87.0]
      [SATB Filtering (ms): Min: 0.0, Avg: 0.1, Max: 2.0, Diff: 2.0, Sum: 2.0]
      [Update RS (ms): Min: 14.0, Avg: 15.1, Max: 16.8, Diff: 2.8, Sum: 271.4]
         [Processed Buffers: Min: 22, Avg: 55.0, Max: 74, Diff: 52, Sum: 990]
      [Scan RS (ms): Min: 0.0, Avg: 1.3, Max: 1.6, Diff: 1.6, Sum: 23.2]
      [Code Root Scanning (ms): Min: 0.0, Avg: 0.0, Max: 0.0, Diff: 0.0, Sum: 0.0]
      [Object Copy (ms): Min: 56.5, Avg: 56.9, Max: 57.1, Diff: 0.5, Sum: 1023.5]
      [Termination (ms): Min: 0.0, Avg: 0.2, Max: 0.2, Diff: 0.2, Sum: 3.6]
      [GC Worker Other (ms): Min: 0.0, Avg: 0.0, Max: 0.0, Diff: 0.0, Sum: 0.6]
      [GC Worker Total (ms): Min: 78.3, Avg: 78.4, Max: 78.5, Diff: 0.1, Sum: 1411.4]
      [GC Worker End (ms): Min: 385120.2, Avg: 385120.2, Max: 385120.3, Diff: 0.0]
   [Code Root Fixup: 0.2 ms]
   [Code Root Migration: 0.0 ms]
   [Clear CT: 0.5 ms]
   [Other: 3.3 ms]
      [Choose CSet: 0.0 ms]
      [Ref Proc: 1.7 ms]
      [Ref Enq: 0.2 ms]
      [Free CSet: 0.2 ms]
   [Eden: 448.0M(448.0M)->0.0B(448.0M) Survivors: 64.0M->64.0M Heap: 6077.0M(10.0G)->5683.0M(10.0G)]
 [Times: user=1.48 sys=0.01, real=0.08 secs] 
385.124: Total time for which application threads were stopped: 0.0838800 seconds
385.436: [GC pause (G1 Evacuation Pause) (young)
Desired survivor size 33554432 bytes, new threshold 1 (max 15)
- age   1:   39702440 bytes,   39702440 total
, 0.0868530 secs]
   [Parallel Time: 82.5 ms, GC Workers: 18]
      [GC Worker Start (ms): Min: 385437.1, Avg: 385437.2, Max: 385437.2, Diff: 0.1]
      [Ext Root Scanning (ms): Min: 4.2, Avg: 5.0, Max: 5.6, Diff: 1.5, Sum: 90.3]
      [SATB Filtering (ms): Min: 0.0, Avg: 0.1, Max: 2.4, Diff: 2.4, Sum: 2.4]
      [Update RS (ms): Min: 28.4, Avg: 30.0, Max: 31.5, Diff: 3.1, Sum: 539.9]
         [Processed Buffers: Min: 37, Avg: 63.6, Max: 97, Diff: 60, Sum: 1145]
      [Scan RS (ms): Min: 0.0, Avg: 0.0, Max: 0.0, Diff: 0.0, Sum: 0.4]
      [Code Root Scanning (ms): Min: 0.0, Avg: 0.0, Max: 0.0, Diff: 0.0, Sum: 0.0]
      [Object Copy (ms): Min: 45.0, Avg: 46.9, Max: 47.5, Diff: 2.4, Sum: 843.7]
      [Termination (ms): Min: 0.0, Avg: 0.4, Max: 0.4, Diff: 0.4, Sum: 6.4]
      [GC Worker Other (ms): Min: 0.0, Avg: 0.0, Max: 0.1, Diff: 0.0, Sum: 0.6]
      [GC Worker Total (ms): Min: 82.3, Avg: 82.4, Max: 82.5, Diff: 0.2, Sum: 1483.7]
      [GC Worker End (ms): Min: 385519.6, Avg: 385519.6, Max: 385519.6, Diff: 0.0]
   [Code Root Fixup: 0.3 ms]
   [Code Root Migration: 0.0 ms]
   [Clear CT: 0.2 ms]
   [Other: 3.8 ms]
      [Choose CSet: 0.0 ms]
      [Ref Proc: 1.7 ms]
      [Ref Enq: 0.1 ms]
      [Free CSet: 0.1 ms]
   [Eden: 448.0M(448.0M)->0.0B(448.0M) Survivors: 64.0M->64.0M Heap: 6154.4M(10.0G)->5779.5M(10.0G)]
 [Times: user=1.49 sys=0.01, real=0.08 secs] 
385.523: Total time for which application threads were stopped: 0.0908190 seconds
385.673: [GC concurrent-mark-end, 2.1887360 secs]
385.674: [GC remark 385.675: [GC ref-proc, 0.0032890 secs], 0.0109410 secs]
 [Times: user=0.17 sys=0.00, real=0.01 secs] 
385.685: Total time for which application threads were stopped: 0.0119450 seconds
385.685: [GC cleanup 6108M->5964M(10G), 0.0071610 secs]
 [Times: user=0.12 sys=0.00, real=0.00 secs] 
385.693: Total time for which application threads were stopped: 0.0080750 seconds
385.703: [GC concurrent-cleanup-start]
385.703: [GC concurrent-cleanup-end, 0.0001040 secs]
385.704: Total time for which application threads were stopped: 0.0008200 seconds
385.830: [GC pause (G1 Evacuation Pause) (young)
Desired survivor size 33554432 bytes, new threshold 1 (max 15)
- age   1:   42079168 bytes,   42079168 total
, 0.0693460 secs]
   [Parallel Time: 65.4 ms, GC Workers: 18]
      [GC Worker Start (ms): Min: 385830.4, Avg: 385830.5, Max: 385830.6, Diff: 0.2]
      [Ext Root Scanning (ms): Min: 4.9, Avg: 6.1, Max: 7.2, Diff: 2.3, Sum: 110.6]
      [Update RS (ms): Min: 15.7, Avg: 16.9, Max: 18.0, Diff: 2.3, Sum: 303.6]
         [Processed Buffers: Min: 18, Avg: 50.6, Max: 82, Diff: 64, Sum: 910]
      [Scan RS (ms): Min: 0.0, Avg: 0.2, Max: 1.7, Diff: 1.7, Sum: 3.6]
      [Code Root Scanning (ms): Min: 0.0, Avg: 0.0, Max: 0.0, Diff: 0.0, Sum: 0.0]
      [Object Copy (ms): Min: 40.9, Avg: 41.9, Max: 43.0, Diff: 2.1, Sum: 754.9]
      [Termination (ms): Min: 0.0, Avg: 0.0, Max: 0.1, Diff: 0.1, Sum: 0.8]
      [GC Worker Other (ms): Min: 0.0, Avg: 0.0, Max: 0.1, Diff: 0.0, Sum: 0.8]
      [GC Worker Total (ms): Min: 65.1, Avg: 65.2, Max: 65.3, Diff: 0.2, Sum: 1174.2]
      [GC Worker End (ms): Min: 385895.7, Avg: 385895.7, Max: 385895.7, Diff: 0.1]
   [Code Root Fixup: 0.2 ms]
   [Code Root Migration: 0.0 ms]
   [Clear CT: 0.4 ms]
   [Other: 3.3 ms]
      [Choose CSet: 0.0 ms]
      [Ref Proc: 1.6 ms]
      [Ref Enq: 0.1 ms]
      [Free CSet: 0.2 ms]
   [Eden: 448.0M(448.0M)->0.0B(448.0M) Survivors: 64.0M->64.0M Heap: 6083.5M(10.0G)->5689.7M(10.0G)]
 [Times: user=1.08 sys=0.10, real=0.07 secs] 
385.900: Total time for which application threads were stopped: 0.0706430 seconds
386.240: [GC pause (G1 Evacuation Pause) (mixed)
Desired survivor size 33554432 bytes, new threshold 1 (max 15)
- age   1:   42890952 bytes,   42890952 total
, 0.1148410 secs]
   [Parallel Time: 107.5 ms, GC Workers: 18]
      [GC Worker Start (ms): Min: 386240.8, Avg: 386240.9, Max: 386241.0, Diff: 0.2]
      [Ext Root Scanning (ms): Min: 4.6, Avg: 5.2, Max: 5.6, Diff: 1.0, Sum: 93.4]
      [Update RS (ms): Min: 12.5, Avg: 13.3, Max: 14.6, Diff: 2.1, Sum: 239.8]
         [Processed Buffers: Min: 13, Avg: 47.2, Max: 123, Diff: 110, Sum: 850]
      [Scan RS (ms): Min: 12.7, Avg: 14.2, Max: 14.8, Diff: 2.1, Sum: 254.9]
      [Code Root Scanning (ms): Min: 0.0, Avg: 0.1, Max: 0.8, Diff: 0.8, Sum: 1.0]
      [Object Copy (ms): Min: 74.0, Avg: 74.1, Max: 74.5, Diff: 0.5, Sum: 1334.5]
      [Termination (ms): Min: 0.0, Avg: 0.3, Max: 0.4, Diff: 0.4, Sum: 5.8]
      [GC Worker Other (ms): Min: 0.0, Avg: 0.0, Max: 0.0, Diff: 0.0, Sum: 0.6]
      [GC Worker Total (ms): Min: 107.1, Avg: 107.2, Max: 107.3, Diff: 0.2, Sum: 1930.0]
      [GC Worker End (ms): Min: 386348.1, Avg: 386348.1, Max: 386348.1, Diff: 0.0]
   [Code Root Fixup: 0.7 ms]
   [Code Root Migration: 1.0 ms]
   [Clear CT: 1.1 ms]
   [Other: 4.5 ms]
      [Choose CSet: 0.1 ms]
      [Ref Proc: 1.8 ms]
      [Ref Enq: 0.1 ms]
      [Free CSet: 0.4 ms]
   [Eden: 448.0M(448.0M)->0.0B(448.0M) Survivors: 64.0M->64.0M Heap: 6137.7M(10.0G)->5495.6M(10.0G)]
 [Times: user=2.06 sys=0.02, real=0.11 secs] 
386.355: Total time for which application threads were stopped: 0.1162830 seconds
386.391: Total time for which application threads were stopped: 0.0008330 seconds
386.614: [GC pause (G1 Evacuation Pause) (mixed)
Desired survivor size 33554432 bytes, new threshold 15 (max 15)
- age   1:   33128488 bytes,   33128488 total
, 0.1181600 secs]
   [Parallel Time: 112.2 ms, GC Workers: 18]
      [GC Worker Start (ms): Min: 386614.2, Avg: 386614.3, Max: 386614.3, Diff: 0.1]
      [Ext Root Scanning (ms): Min: 4.4, Avg: 5.1, Max: 5.8, Diff: 1.4, Sum: 91.9]
      [Update RS (ms): Min: 13.9, Avg: 14.4, Max: 14.8, Diff: 0.9, Sum: 259.0]
         [Processed Buffers: Min: 18, Avg: 47.9, Max: 81, Diff: 63, Sum: 863]
      [Scan RS (ms): Min: 18.8, Avg: 19.8, Max: 20.0, Diff: 1.2, Sum: 356.8]
      [Code Root Scanning (ms): Min: 0.0, Avg: 0.0, Max: 0.1, Diff: 0.1, Sum: 0.3]
      [Object Copy (ms): Min: 72.4, Avg: 72.5, Max: 72.6, Diff: 0.2, Sum: 1305.1]
      [Termination (ms): Min: 0.0, Avg: 0.1, Max: 0.2, Diff: 0.2, Sum: 2.4]
      [GC Worker Other (ms): Min: 0.0, Avg: 0.0, Max: 0.1, Diff: 0.1, Sum: 0.8]
      [GC Worker Total (ms): Min: 112.0, Avg: 112.0, Max: 112.1, Diff: 0.1, Sum: 2016.3]
      [GC Worker End (ms): Min: 386726.3, Avg: 386726.3, Max: 386726.3, Diff: 0.0]
   [Code Root Fixup: 0.4 ms]
   [Code Root Migration: 0.3 ms]
   [Clear CT: 1.2 ms]
   [Other: 4.0 ms]
      [Choose CSet: 0.1 ms]
      [Ref Proc: 1.5 ms]
      [Ref Enq: 0.1 ms]
      [Free CSet: 0.4 ms]
   [Eden: 448.0M(448.0M)->0.0B(448.0M) Survivors: 64.0M->64.0M Heap: 5943.6M(10.0G)->5432.8M(10.0G)]
 [Times: user=2.02 sys=0.02, real=0.12 secs] 
386.732: Total time for which application threads were stopped: 0.1194210 seconds
386.988: [GC pause (G1 Evacuation Pause) (young)
Desired survivor size 33554432 bytes, new threshold 1 (max 15)
- age   1:   38147776 bytes,   38147776 total
- age   2:   31736920 bytes,   69884696 total
, 0.0677520 secs]
   [Parallel Time: 63.7 ms, GC Workers: 18]
      [GC Worker Start (ms): Min: 386988.6, Avg: 386988.6, Max: 386988.7, Diff: 0.1]
      [Ext Root Scanning (ms): Min: 4.1, Avg: 4.9, Max: 5.3, Diff: 1.1, Sum: 88.1]
      [Update RS (ms): Min: 14.3, Avg: 14.8, Max: 16.0, Diff: 1.6, Sum: 267.2]
         [Processed Buffers: Min: 18, Avg: 44.7, Max: 97, Diff: 79, Sum: 805]
      [Scan RS (ms): Min: 0.0, Avg: 0.1, Max: 0.2, Diff: 0.2, Sum: 2.3]
      [Code Root Scanning (ms): Min: 0.0, Avg: 0.0, Max: 0.0, Diff: 0.0, Sum: 0.0]
      [Object Copy (ms): Min: 42.9, Avg: 43.6, Max: 43.9, Diff: 1.0, Sum: 784.5]
      [Termination (ms): Min: 0.0, Avg: 0.0, Max: 0.0, Diff: 0.0, Sum: 0.1]
      [GC Worker Other (ms): Min: 0.0, Avg: 0.0, Max: 0.1, Diff: 0.0, Sum: 0.6]
      [GC Worker Total (ms): Min: 63.4, Avg: 63.5, Max: 63.6, Diff: 0.1, Sum: 1142.9]
      [GC Worker End (ms): Min: 387052.1, Avg: 387052.1, Max: 387052.1, Diff: 0.0]
   [Code Root Fixup: 0.3 ms]
   [Code Root Migration: 0.0 ms]
   [Clear CT: 0.5 ms]
   [Other: 3.2 ms]
      [Choose CSet: 0.0 ms]
      [Ref Proc: 1.7 ms]
      [Ref Enq: 0.1 ms]
      [Free CSet: 0.2 ms]
   [Eden: 448.0M(448.0M)->0.0B(448.0M) Survivors: 64.0M->64.0M Heap: 5880.8M(10.0G)->5549.7M(10.0G)]
 [Times: user=1.14 sys=0.02, real=0.07 secs] 
387.056: Total time for which application threads were stopped: 0.0691560 seconds
387.287: [GC pause (G1 Evacuation Pause) (young) (initial-mark)
Desired survivor size 33554432 bytes, new threshold 1 (max 15)
- age   1:   46346536 bytes,   46346536 total
, 0.0848630 secs]
   [Parallel Time: 80.9 ms, GC Workers: 18]
      [GC Worker Start (ms): Min: 387287.5, Avg: 387287.6, Max: 387287.6, Diff: 0.1]
      [Ext Root Scanning (ms): Min: 3.7, Avg: 4.5, Max: 4.8, Diff: 1.1, Sum: 81.2]
      [Code Root Marking (ms): Min: 0.2, Avg: 1.0, Max: 5.9, Diff: 5.7, Sum: 17.3]
      [Update RS (ms): Min: 7.8, Avg: 10.8, Max: 14.9, Diff: 7.0, Sum: 193.9]
         [Processed Buffers: Min: 12, Avg: 42.2, Max: 79, Diff: 67, Sum: 760]
      [Scan RS (ms): Min: 0.0, Avg: 1.8, Max: 2.7, Diff: 2.7, Sum: 31.7]
      [Code Root Scanning (ms): Min: 0.0, Avg: 0.0, Max: 0.0, Diff: 0.0, Sum: 0.0]
      [Object Copy (ms): Min: 60.2, Avg: 62.6, Max: 63.4, Diff: 3.1, Sum: 1127.1]
      [Termination (ms): Min: 0.0, Avg: 0.1, Max: 0.1, Diff: 0.1, Sum: 1.0]
      [GC Worker Other (ms): Min: 0.0, Avg: 0.0, Max: 0.1, Diff: 0.1, Sum: 0.8]
      [GC Worker Total (ms): Min: 80.6, Avg: 80.7, Max: 80.8, Diff: 0.2, Sum: 1453.0]
      [GC Worker End (ms): Min: 387368.3, Avg: 387368.3, Max: 387368.3, Diff: 0.1]
   [Code Root Fixup: 0.3 ms]
   [Code Root Migration: 0.0 ms]
   [Clear CT: 0.5 ms]
   [Other: 3.2 ms]
      [Choose CSet: 0.0 ms]
      [Ref Proc: 1.5 ms]
      [Ref Enq: 0.1 ms]
      [Free CSet: 0.2 ms]
   [Eden: 448.0M(448.0M)->0.0B(448.0M) Survivors: 64.0M->64.0M Heap: 5997.7M(10.0G)->5616.0M(10.0G)]
 [Times: user=1.43 sys=0.02, real=0.08 secs] 
387.372: [GC concurrent-root-region-scan-start]
387.372: Total time for which application threads were stopped: 0.0864990 seconds
387.397: [GC concurrent-root-region-scan-end, 0.0248250 secs]
387.397: [GC concurrent-mark-start]
387.786: [GC pause (G1 Evacuation Pause) (young)
Desired survivor size 33554432 bytes, new threshold 1 (max 15)
- age   1:   58891160 bytes,   58891160 total
, 0.0657210 secs]
   [Parallel Time: 61.6 ms, GC Workers: 18]
      [GC Worker Start (ms): Min: 387786.9, Avg: 387787.0, Max: 387787.0, Diff: 0.1]
      [Ext Root Scanning (ms): Min: 5.4, Avg: 5.9, Max: 8.9, Diff: 3.5, Sum: 106.5]
      [SATB Filtering (ms): Min: 0.0, Avg: 0.1, Max: 2.6, Diff: 2.6, Sum: 2.6]
      [Update RS (ms): Min: 7.1, Avg: 10.0, Max: 11.2, Diff: 4.1, Sum: 179.8]
         [Processed Buffers: Min: 18, Avg: 41.6, Max: 93, Diff: 75, Sum: 748]
      [Scan RS (ms): Min: 0.0, Avg: 0.2, Max: 0.7, Diff: 0.7, Sum: 3.9]
      [Code Root Scanning (ms): Min: 0.0, Avg: 0.0, Max: 0.0, Diff: 0.0, Sum: 0.0]
      [Object Copy (ms): Min: 44.7, Avg: 45.1, Max: 45.5, Diff: 0.7, Sum: 811.4]
      [Termination (ms): Min: 0.0, Avg: 0.0, Max: 0.1, Diff: 0.1, Sum: 0.8]
      [GC Worker Other (ms): Min: 0.0, Avg: 0.0, Max: 0.1, Diff: 0.0, Sum: 0.9]
      [GC Worker Total (ms): Min: 61.3, Avg: 61.4, Max: 61.5, Diff: 0.2, Sum: 1105.9]
      [GC Worker End (ms): Min: 387848.4, Avg: 387848.4, Max: 387848.4, Diff: 0.0]
   [Code Root Fixup: 0.4 ms]
   [Code Root Migration: 0.0 ms]
   [Clear CT: 0.4 ms]
   [Other: 3.2 ms]
      [Choose CSet: 0.0 ms]
      [Ref Proc: 1.7 ms]
      [Ref Enq: 0.2 ms]
      [Free CSet: 0.1 ms]
   [Eden: 448.0M(448.0M)->0.0B(448.0M) Survivors: 64.0M->64.0M Heap: 6064.0M(10.0G)->5723.1M(10.0G)]
 [Times: user=1.07 sys=0.02, real=0.06 secs] 
387.853: Total time for which application threads were stopped: 0.0670730 seconds
388.080: [GC pause (G1 Evacuation Pause) (young)
Desired survivor size 33554432 bytes, new threshold 1 (max 15)
- age   1:   61955328 bytes,   61955328 total
, 0.0442400 secs]
   [Parallel Time: 40.5 ms, GC Workers: 18]
      [GC Worker Start (ms): Min: 388080.3, Avg: 388080.3, Max: 388080.4, Diff: 0.1]
      [Ext Root Scanning (ms): Min: 4.4, Avg: 4.8, Max: 5.6, Diff: 1.2, Sum: 87.3]
      [SATB Filtering (ms): Min: 0.0, Avg: 0.1, Max: 1.7, Diff: 1.7, Sum: 1.7]
      [Update RS (ms): Min: 6.9, Avg: 8.4, Max: 10.4, Diff: 3.5, Sum: 151.9]
         [Processed Buffers: Min: 26, Avg: 43.7, Max: 84, Diff: 58, Sum: 786]
      [Scan RS (ms): Min: 0.5, Avg: 2.2, Max: 3.0, Diff: 2.6, Sum: 39.8]
      [Code Root Scanning (ms): Min: 0.0, Avg: 0.0, Max: 0.0, Diff: 0.0, Sum: 0.0]
      [Object Copy (ms): Min: 24.1, Avg: 24.6, Max: 25.1, Diff: 1.0, Sum: 443.3]
      [Termination (ms): Min: 0.0, Avg: 0.0, Max: 0.0, Diff: 0.0, Sum: 0.4]
      [GC Worker Other (ms): Min: 0.0, Avg: 0.0, Max: 0.1, Diff: 0.0, Sum: 0.7]
      [GC Worker Total (ms): Min: 40.2, Avg: 40.3, Max: 40.4, Diff: 0.2, Sum: 725.1]
      [GC Worker End (ms): Min: 388120.6, Avg: 388120.6, Max: 388120.6, Diff: 0.0]
   [Code Root Fixup: 0.2 ms]
   [Code Root Migration: 0.0 ms]
   [Clear CT: 0.6 ms]
   [Other: 3.0 ms]
      [Choose CSet: 0.0 ms]
      [Ref Proc: 1.5 ms]
      [Ref Enq: 0.1 ms]
      [Free CSet: 0.2 ms]
   [Eden: 448.0M(448.0M)->0.0B(1440.0M) Survivors: 64.0M->64.0M Heap: 6171.1M(10.0G)->5804.8M(10.0G)]
 [Times: user=0.72 sys=0.02, real=0.04 secs] 
388.124: Total time for which application threads were stopped: 0.0455290 seconds
388.469: [GC pause (G1 Evacuation Pause) (young)
Desired survivor size 33554432 bytes, new threshold 15 (max 15)
- age   1:   30139048 bytes,   30139048 total
, 0.0707290 secs]
   [Parallel Time: 66.9 ms, GC Workers: 18]
      [GC Worker Start (ms): Min: 388469.8, Avg: 388469.8, Max: 388469.9, Diff: 0.1]
      [Ext Root Scanning (ms): Min: 4.4, Avg: 7.6, Max: 19.6, Diff: 15.2, Sum: 137.7]
      [SATB Filtering (ms): Min: 0.0, Avg: 0.1, Max: 2.2, Diff: 2.2, Sum: 2.2]
      [Update RS (ms): Min: 1.1, Avg: 14.9, Max: 25.8, Diff: 24.7, Sum: 268.5]
         [Processed Buffers: Min: 3, Avg: 44.6, Max: 79, Diff: 76, Sum: 802]
      [Scan RS (ms): Min: 0.0, Avg: 5.2, Max: 7.4, Diff: 7.4, Sum: 94.2]
      [Code Root Scanning (ms): Min: 0.0, Avg: 0.0, Max: 0.0, Diff: 0.0, Sum: 0.0]
      [Object Copy (ms): Min: 36.1, Avg: 38.7, Max: 39.6, Diff: 3.5, Sum: 696.5]
      [Termination (ms): Min: 0.0, Avg: 0.0, Max: 0.0, Diff: 0.0, Sum: 0.4]
      [GC Worker Other (ms): Min: 0.0, Avg: 0.1, Max: 0.1, Diff: 0.1, Sum: 1.0]
      [GC Worker Total (ms): Min: 66.6, Avg: 66.7, Max: 66.8, Diff: 0.1, Sum: 1200.4]
      [GC Worker End (ms): Min: 388536.5, Avg: 388536.5, Max: 388536.6, Diff: 0.0]
   [Code Root Fixup: 0.2 ms]
   [Code Root Migration: 0.0 ms]
   [Clear CT: 0.5 ms]
   [Other: 3.1 ms]
      [Choose CSet: 0.0 ms]
      [Ref Proc: 1.6 ms]
      [Ref Enq: 0.1 ms]
      [Free CSet: 0.2 ms]
   [Eden: 480.0M(448.0M)->0.0B(1264.0M) Survivors: 64.0M->64.0M Heap: 6284.8M(10.0G)->5834.3M(10.0G)]
 [Times: user=1.08 sys=0.01, real=0.07 secs] 
388.540: Total time for which application threads were stopped: 0.0726350 seconds
388.611: Total time for which application threads were stopped: 0.0012480 seconds
388.834: Total time for which application threads were stopped: 0.0012440 seconds
388.835: [GC pause (GCLocker Initiated GC) (young)
Desired survivor size 33554432 bytes, new threshold 1 (max 15)
- age   1:   49812112 bytes,   49812112 total
- age   2:   26916872 bytes,   76728984 total
, 0.1036000 secs]
   [Parallel Time: 99.3 ms, GC Workers: 18]
      [GC Worker Start (ms): Min: 388835.6, Avg: 388835.7, Max: 388835.8, Diff: 0.1]
      [Ext Root Scanning (ms): Min: 3.7, Avg: 4.4, Max: 4.9, Diff: 1.2, Sum: 79.7]
      [SATB Filtering (ms): Min: 0.0, Avg: 0.1, Max: 1.8, Diff: 1.8, Sum: 1.8]
      [Update RS (ms): Min: 13.5, Avg: 14.7, Max: 17.4, Diff: 3.9, Sum: 263.9]
         [Processed Buffers: Min: 17, Avg: 47.6, Max: 90, Diff: 73, Sum: 857]
      [Scan RS (ms): Min: 8.9, Avg: 11.9, Max: 12.3, Diff: 3.4, Sum: 214.6]
      [Code Root Scanning (ms): Min: 0.0, Avg: 0.0, Max: 0.0, Diff: 0.0, Sum: 0.0]
      [Object Copy (ms): Min: 67.2, Avg: 67.3, Max: 67.9, Diff: 0.8, Sum: 1211.3]
      [Termination (ms): Min: 0.0, Avg: 0.7, Max: 0.8, Diff: 0.8, Sum: 12.9]
      [GC Worker Other (ms): Min: 0.0, Avg: 0.0, Max: 0.0, Diff: 0.0, Sum: 0.7]
      [GC Worker Total (ms): Min: 99.1, Avg: 99.2, Max: 99.2, Diff: 0.1, Sum: 1784.9]
      [GC Worker End (ms): Min: 388934.8, Avg: 388934.9, Max: 388934.9, Diff: 0.0]
   [Code Root Fixup: 0.3 ms]
   [Code Root Migration: 0.0 ms]
   [Clear CT: 0.7 ms]
   [Other: 3.3 ms]
      [Choose CSet: 0.0 ms]
      [Ref Proc: 1.5 ms]
      [Ref Enq: 0.1 ms]
      [Free CSet: 0.3 ms]
   [Eden: 464.0M(448.0M)->0.0B(448.0M) Survivors: 64.0M->64.0M Heap: 6282.3M(10.0G)->5918.2M(10.0G)]
 [Times: user=1.80 sys=0.01, real=0.11 secs] 
388.939: Total time for which application threads were stopped: 0.1047270 seconds
389.234: Total time for which application threads were stopped: 0.0009620 seconds
389.236: [GC pause (GCLocker Initiated GC) (young)
Desired survivor size 33554432 bytes, new threshold 1 (max 15)
- age   1:   48927992 bytes,   48927992 total
, 0.1071370 secs]
   [Parallel Time: 101.3 ms, GC Workers: 18]
      [GC Worker Start (ms): Min: 389236.8, Avg: 389236.9, Max: 389237.0, Diff: 0.1]
      [Ext Root Scanning (ms): Min: 3.7, Avg: 4.7, Max: 8.0, Diff: 4.3, Sum: 84.5]
      [SATB Filtering (ms): Min: 0.0, Avg: 0.1, Max: 1.8, Diff: 1.8, Sum: 1.8]
      [Update RS (ms): Min: 12.9, Avg: 16.2, Max: 29.3, Diff: 16.4, Sum: 291.6]
         [Processed Buffers: Min: 22, Avg: 45.1, Max: 70, Diff: 48, Sum: 812]
      [Scan RS (ms): Min: 0.0, Avg: 9.5, Max: 11.8, Diff: 11.8, Sum: 170.2]
      [Code Root Scanning (ms): Min: 0.0, Avg: 0.0, Max: 0.0, Diff: 0.0, Sum: 0.0]
      [Object Copy (ms): Min: 66.2, Avg: 69.4, Max: 71.1, Diff: 5.0, Sum: 1249.9]
      [Termination (ms): Min: 0.1, Avg: 1.3, Max: 1.5, Diff: 1.4, Sum: 22.5]
      [GC Worker Other (ms): Min: 0.0, Avg: 0.0, Max: 0.0, Diff: 0.0, Sum: 0.3]
      [GC Worker Total (ms): Min: 101.1, Avg: 101.2, Max: 101.2, Diff: 0.1, Sum: 1820.8]
      [GC Worker End (ms): Min: 389338.0, Avg: 389338.1, Max: 389338.1, Diff: 0.0]
   [Code Root Fixup: 0.3 ms]
   [Code Root Migration: 0.0 ms]
   [Clear CT: 0.6 ms]
   [Other: 4.9 ms]
      [Choose CSet: 0.0 ms]
      [Ref Proc: 3.3 ms]
      [Ref Enq: 0.1 ms]
      [Free CSet: 0.3 ms]
   [Eden: 464.0M(448.0M)->0.0B(448.0M) Survivors: 64.0M->64.0M Heap: 6366.7M(10.0G)->6003.9M(10.0G)]
 [Times: user=1.71 sys=0.02, real=0.10 secs] 
389.344: Total time for which application threads were stopped: 0.1079240 seconds
389.413: Total time for which application threads were stopped: 0.0008720 seconds
389.588: [GC concurrent-mark-end, 2.1915410 secs]
389.589: [GC remark 389.671: [GC ref-proc, 0.0027010 secs], 0.0912450 secs]
 [Times: user=0.15 sys=0.01, real=0.09 secs] 
389.681: Total time for which application threads were stopped: 0.0922670 seconds
389.682: [GC cleanup 6434M->6408M(10G), 0.0083560 secs]
 [Times: user=0.13 sys=0.00, real=0.01 secs] 
389.691: Total time for which application threads were stopped: 0.0100350 seconds
389.691: [GC concurrent-cleanup-start]
389.691: [GC concurrent-cleanup-end, 0.0000340 secs]
389.710: Total time for which application threads were stopped: 0.0009600 seconds
389.715: [GC pause (GCLocker Initiated GC) (young)
Desired survivor size 33554432 bytes, new threshold 1 (max 15)
- age   1:   45672640 bytes,   45672640 total
, 0.0909890 secs]
   [Parallel Time: 86.1 ms, GC Workers: 18]
      [GC Worker Start (ms): Min: 389716.0, Avg: 389716.0, Max: 389716.1, Diff: 0.1]
      [Ext Root Scanning (ms): Min: 5.1, Avg: 5.7, Max: 12.2, Diff: 7.1, Sum: 102.1]
      [Update RS (ms): Min: 7.4, Avg: 14.2, Max: 15.4, Diff: 8.1, Sum: 256.4]
         [Processed Buffers: Min: 9, Avg: 44.9, Max: 84, Diff: 75, Sum: 809]
      [Scan RS (ms): Min: 9.0, Avg: 9.7, Max: 11.5, Diff: 2.6, Sum: 174.0]
      [Code Root Scanning (ms): Min: 0.0, Avg: 0.0, Max: 0.0, Diff: 0.0, Sum: 0.0]
      [Object Copy (ms): Min: 54.8, Avg: 56.0, Max: 56.6, Diff: 1.8, Sum: 1007.7]
      [Termination (ms): Min: 0.1, Avg: 0.3, Max: 0.4, Diff: 0.4, Sum: 6.0]
      [GC Worker Other (ms): Min: 0.0, Avg: 0.0, Max: 0.0, Diff: 0.0, Sum: 0.5]
      [GC Worker Total (ms): Min: 85.9, Avg: 85.9, Max: 86.0, Diff: 0.2, Sum: 1546.8]
      [GC Worker End (ms): Min: 389802.0, Avg: 389802.0, Max: 389802.0, Diff: 0.0]
   [Code Root Fixup: 0.4 ms]
   [Code Root Migration: 0.0 ms]
   [Clear CT: 0.6 ms]
   [Other: 3.9 ms]
      [Choose CSet: 0.0 ms]
      [Ref Proc: 2.0 ms]
      [Ref Enq: 0.1 ms]
      [Free CSet: 0.3 ms]
   [Eden: 464.0M(448.0M)->0.0B(448.0M) Survivors: 64.0M->64.0M Heap: 6433.1M(10.0G)->6036.8M(10.0G)]
 [Times: user=1.47 sys=0.01, real=0.10 secs] 
389.807: Total time for which application threads were stopped: 0.0923760 seconds
390.060: [GC pause (G1 Evacuation Pause) (mixed)
Desired survivor size 33554432 bytes, new threshold 1 (max 15)
- age   1:   41643960 bytes,   41643960 total
, 0.0914470 secs]
   [Parallel Time: 86.0 ms, GC Workers: 18]
      [GC Worker Start (ms): Min: 390060.9, Avg: 390060.9, Max: 390061.0, Diff: 0.1]
      [Ext Root Scanning (ms): Min: 4.9, Avg: 5.3, Max: 5.9, Diff: 1.1, Sum: 94.9]
      [Update RS (ms): Min: 3.5, Avg: 4.3, Max: 5.0, Diff: 1.5, Sum: 77.2]
         [Processed Buffers: Min: 12, Avg: 41.8, Max: 64, Diff: 52, Sum: 752]
      [Scan RS (ms): Min: 11.6, Avg: 12.1, Max: 12.3, Diff: 0.7, Sum: 217.0]
      [Code Root Scanning (ms): Min: 0.0, Avg: 0.0, Max: 0.0, Diff: 0.0, Sum: 0.0]
      [Object Copy (ms): Min: 63.9, Avg: 64.2, Max: 64.5, Diff: 0.6, Sum: 1155.5]
      [Termination (ms): Min: 0.0, Avg: 0.0, Max: 0.0, Diff: 0.0, Sum: 0.1]
      [GC Worker Other (ms): Min: 0.0, Avg: 0.0, Max: 0.1, Diff: 0.1, Sum: 0.8]
      [GC Worker Total (ms): Min: 85.8, Avg: 85.9, Max: 85.9, Diff: 0.1, Sum: 1545.6]
      [GC Worker End (ms): Min: 390146.8, Avg: 390146.8, Max: 390146.8, Diff: 0.1]
   [Code Root Fixup: 0.3 ms]
   [Code Root Migration: 0.0 ms]
   [Clear CT: 1.0 ms]
   [Other: 4.1 ms]
      [Choose CSet: 0.1 ms]
      [Ref Proc: 1.6 ms]
      [Ref Enq: 0.1 ms]
      [Free CSet: 0.4 ms]
   [Eden: 448.0M(448.0M)->0.0B(448.0M) Survivors: 64.0M->64.0M Heap: 6484.8M(10.0G)->5850.9M(10.0G)]
 [Times: user=1.58 sys=0.02, real=0.09 secs] 
390.152: Total time for which application threads were stopped: 0.0929500 seconds
390.393: [GC pause (G1 Evacuation Pause) (mixed)
Desired survivor size 33554432 bytes, new threshold 1 (max 15)
- age   1:   37251056 bytes,   37251056 total
, 0.1231400 secs]
   [Parallel Time: 115.4 ms, GC Workers: 18]
      [GC Worker Start (ms): Min: 390393.4, Avg: 390393.5, Max: 390393.5, Diff: 0.1]
      [Ext Root Scanning (ms): Min: 0.8, Avg: 4.4, Max: 5.7, Diff: 5.0, Sum: 79.6]
      [Update RS (ms): Min: 7.0, Avg: 8.7, Max: 20.4, Diff: 13.3, Sum: 155.9]
         [Processed Buffers: Min: 8, Avg: 44.8, Max: 80, Diff: 72, Sum: 807]
      [Scan RS (ms): Min: 8.4, Avg: 20.2, Max: 26.9, Diff: 18.5, Sum: 363.3]
      [Code Root Scanning (ms): Min: 0.0, Avg: 0.0, Max: 0.1, Diff: 0.1, Sum: 0.2]
      [Object Copy (ms): Min: 79.3, Avg: 81.9, Max: 86.5, Diff: 7.2, Sum: 1474.8]
      [Termination (ms): Min: 0.0, Avg: 0.0, Max: 0.0, Diff: 0.0, Sum: 0.1]
      [GC Worker Other (ms): Min: 0.0, Avg: 0.0, Max: 0.0, Diff: 0.0, Sum: 0.7]
      [GC Worker Total (ms): Min: 115.2, Avg: 115.3, Max: 115.3, Diff: 0.1, Sum: 2074.5]
      [GC Worker End (ms): Min: 390508.7, Avg: 390508.7, Max: 390508.7, Diff: 0.0]
   [Code Root Fixup: 0.4 ms]
   [Code Root Migration: 0.3 ms]
   [Clear CT: 1.7 ms]
   [Other: 5.4 ms]
      [Choose CSet: 0.2 ms]
      [Ref Proc: 2.1 ms]
      [Ref Enq: 0.1 ms]
      [Free CSet: 0.5 ms]
   [Eden: 448.0M(448.0M)->0.0B(1424.0M) Survivors: 64.0M->64.0M Heap: 6298.9M(10.0G)->5741.6M(10.0G)]
 [Times: user=2.11 sys=0.01, real=0.12 secs] 
390.516: Total time for which application threads were stopped: 0.1243920 seconds
391.760: Total time for which application threads were stopped: 0.0023590 seconds
391.903: [GC pause (G1 Evacuation Pause) (young)
Desired survivor size 100663296 bytes, new threshold 15 (max 15)
- age   1:   38143464 bytes,   38143464 total
, 0.0611840 secs]
   [Parallel Time: 56.3 ms, GC Workers: 18]
      [GC Worker Start (ms): Min: 391903.5, Avg: 391903.5, Max: 391903.6, Diff: 0.1]
      [Ext Root Scanning (ms): Min: 3.9, Avg: 4.6, Max: 5.0, Diff: 1.0, Sum: 82.6]
      [Update RS (ms): Min: 7.7, Avg: 8.4, Max: 9.4, Diff: 1.7, Sum: 151.5]
         [Processed Buffers: Min: 2, Avg: 46.8, Max: 70, Diff: 68, Sum: 843]
      [Scan RS (ms): Min: 0.0, Avg: 0.5, Max: 2.5, Diff: 2.4, Sum: 8.3]
      [Code Root Scanning (ms): Min: 0.0, Avg: 0.0, Max: 0.0, Diff: 0.0, Sum: 0.0]
      [Object Copy (ms): Min: 40.7, Avg: 42.4, Max: 43.0, Diff: 2.3, Sum: 763.4]
      [Termination (ms): Min: 0.0, Avg: 0.2, Max: 0.3, Diff: 0.3, Sum: 4.0]
      [GC Worker Other (ms): Min: 0.0, Avg: 0.0, Max: 0.1, Diff: 0.0, Sum: 0.7]
      [GC Worker Total (ms): Min: 56.1, Avg: 56.1, Max: 56.2, Diff: 0.1, Sum: 1010.5]
      [GC Worker End (ms): Min: 391959.7, Avg: 391959.7, Max: 391959.7, Diff: 0.0]
   [Code Root Fixup: 0.3 ms]
   [Code Root Migration: 0.0 ms]
   [Clear CT: 1.1 ms]
   [Other: 3.5 ms]
      [Choose CSet: 0.0 ms]
      [Ref Proc: 2.2 ms]
      [Ref Enq: 0.1 ms]
      [Free CSet: 0.3 ms]
   [Eden: 1424.0M(1424.0M)->0.0B(336.0M) Survivors: 64.0M->176.0M Heap: 7165.6M(10.0G)->5861.3M(10.0G)]
 [Times: user=0.97 sys=0.01, real=0.06 secs] 
391.965: Total time for which application threads were stopped: 0.0682900 seconds
392.063: Total time for which application threads were stopped: 0.0007660 seconds
392.138: [GC pause (G1 Evacuation Pause) (young) (initial-mark)
Desired survivor size 33554432 bytes, new threshold 1 (max 15)
- age   1:  116602000 bytes,  116602000 total
- age   2:   26069304 bytes,  142671304 total
, 0.0421260 secs]
   [Parallel Time: 38.4 ms, GC Workers: 18]
      [GC Worker Start (ms): Min: 392138.3, Avg: 392138.3, Max: 392138.4, Diff: 0.1]
      [Ext Root Scanning (ms): Min: 3.6, Avg: 4.2, Max: 4.5, Diff: 0.9, Sum: 76.4]
      [Code Root Marking (ms): Min: 0.2, Avg: 1.3, Max: 12.1, Diff: 11.9, Sum: 23.7]
      [Update RS (ms): Min: 0.0, Avg: 2.3, Max: 6.0, Diff: 6.0, Sum: 42.2]
         [Processed Buffers: Min: 0, Avg: 29.3, Max: 71, Diff: 71, Sum: 528]
      [Scan RS (ms): Min: 0.0, Avg: 0.0, Max: 0.1, Diff: 0.1, Sum: 0.5]
      [Code Root Scanning (ms): Min: 0.0, Avg: 0.0, Max: 0.0, Diff: 0.0, Sum: 0.0]
      [Object Copy (ms): Min: 21.8, Avg: 30.2, Max: 31.3, Diff: 9.5, Sum: 544.3]
      [Termination (ms): Min: 0.0, Avg: 0.0, Max: 0.0, Diff: 0.0, Sum: 0.1]
      [GC Worker Other (ms): Min: 0.0, Avg: 0.0, Max: 0.1, Diff: 0.0, Sum: 0.8]
      [GC Worker Total (ms): Min: 38.1, Avg: 38.2, Max: 38.3, Diff: 0.1, Sum: 687.9]
      [GC Worker End (ms): Min: 392176.5, Avg: 392176.6, Max: 392176.6, Diff: 0.0]
   [Code Root Fixup: 0.3 ms]
   [Code Root Migration: 0.0 ms]
   [Clear CT: 0.2 ms]
   [Other: 3.2 ms]
      [Choose CSet: 0.0 ms]
      [Ref Proc: 1.6 ms]
      [Ref Enq: 0.1 ms]
      [Free CSet: 0.1 ms]
   [Eden: 336.0M(336.0M)->0.0B(3120.0M) Survivors: 176.0M->64.0M Heap: 6197.3M(10.0G)->5938.2M(10.0G)]
 [Times: user=0.68 sys=0.01, real=0.04 secs] 
392.180: [GC concurrent-root-region-scan-start]
392.180: Total time for which application threads were stopped: 0.0434270 seconds
392.181: [GC concurrent-root-region-scan-end, 0.0007780 secs]
392.181: [GC concurrent-mark-start]
392.387: Total time for which application threads were stopped: 0.0009430 seconds
392.406: Total time for which application threads were stopped: 0.0007880 seconds
393.349: [GC concurrent-mark-end, 1.1677890 secs]
393.350: [GC remark 393.351: [GC ref-proc, 0.0030610 secs], 0.0105570 secs]
 [Times: user=0.15 sys=0.00, real=0.01 secs] 
393.361: Total time for which application threads were stopped: 0.0118170 seconds
393.361: [GC cleanup 7252M->7180M(10G), 0.0089820 secs]
 [Times: user=0.15 sys=0.00, real=0.01 secs] 
393.370: Total time for which application threads were stopped: 0.0097870 seconds
393.370: [GC concurrent-cleanup-start]
393.370: [GC concurrent-cleanup-end, 0.0000730 secs]
394.170: Total time for which application threads were stopped: 0.0009990 seconds
394.172: Total time for which application threads were stopped: 0.0004360 seconds
394.174: Total time for which application threads were stopped: 0.0003920 seconds
395.001: Total time for which application threads were stopped: 0.0010640 seconds
395.187: [GC pause (G1 Evacuation Pause) (young)
Desired survivor size 209715200 bytes, new threshold 15 (max 15)
- age   1:    6698280 bytes,    6698280 total
, 0.0635150 secs]
   [Parallel Time: 58.8 ms, GC Workers: 18]
      [GC Worker Start (ms): Min: 395188.0, Avg: 395188.2, Max: 395188.3, Diff: 0.2]
      [Ext Root Scanning (ms): Min: 4.3, Avg: 4.8, Max: 5.2, Diff: 1.0, Sum: 86.8]
      [Update RS (ms): Min: 11.3, Avg: 11.9, Max: 13.0, Diff: 1.8, Sum: 215.1]
         [Processed Buffers: Min: 30, Avg: 46.8, Max: 71, Diff: 41, Sum: 843]
      [Scan RS (ms): Min: 0.0, Avg: 0.2, Max: 0.4, Diff: 0.4, Sum: 4.0]
      [Code Root Scanning (ms): Min: 0.0, Avg: 0.0, Max: 0.0, Diff: 0.0, Sum: 0.1]
      [Object Copy (ms): Min: 40.9, Avg: 41.5, Max: 41.7, Diff: 0.8, Sum: 746.2]
      [Termination (ms): Min: 0.0, Avg: 0.0, Max: 0.0, Diff: 0.0, Sum: 0.1]
      [GC Worker Other (ms): Min: 0.0, Avg: 0.1, Max: 0.1, Diff: 0.1, Sum: 0.9]
      [GC Worker Total (ms): Min: 58.4, Avg: 58.5, Max: 58.6, Diff: 0.2, Sum: 1053.1]
      [GC Worker End (ms): Min: 395246.7, Avg: 395246.7, Max: 395246.7, Diff: 0.1]
   [Code Root Fixup: 0.2 ms]
   [Code Root Migration: 0.0 ms]
   [Clear CT: 1.2 ms]
   [Other: 3.3 ms]
      [Choose CSet: 0.0 ms]
      [Ref Proc: 1.6 ms]
      [Ref Enq: 0.1 ms]
      [Free CSet: 0.4 ms]
   [Eden: 3120.0M(3120.0M)->0.0B(384.0M) Survivors: 64.0M->128.0M Heap: 8986.7M(10.0G)->5926.1M(10.0G)]
 [Times: user=1.06 sys=0.01, real=0.06 secs] 
395.251: Total time for which application threads were stopped: 0.0647620 seconds
395.469: Total time for which application threads were stopped: 0.0007460 seconds
395.470: [GC pause (GCLocker Initiated GC) (mixed)
Desired survivor size 33554432 bytes, new threshold 1 (max 15)
- age   1:  100966696 bytes,  100966696 total
- age   2:    3964960 bytes,  104931656 total
, 0.0971420 secs]
   [Parallel Time: 89.7 ms, GC Workers: 18]
      [GC Worker Start (ms): Min: 395470.5, Avg: 395470.5, Max: 395470.6, Diff: 0.1]
      [Ext Root Scanning (ms): Min: 4.1, Avg: 4.9, Max: 8.6, Diff: 4.5, Sum: 88.3]
      [Update RS (ms): Min: 3.9, Avg: 7.8, Max: 19.3, Diff: 15.4, Sum: 140.8]
         [Processed Buffers: Min: 5, Avg: 35.9, Max: 88, Diff: 83, Sum: 646]
      [Scan RS (ms): Min: 0.8, Avg: 12.6, Max: 21.4, Diff: 20.6, Sum: 227.3]
      [Code Root Scanning (ms): Min: 0.0, Avg: 0.0, Max: 0.0, Diff: 0.0, Sum: 0.0]
      [Object Copy (ms): Min: 55.5, Avg: 64.1, Max: 64.9, Diff: 9.4, Sum: 1153.3]
      [Termination (ms): Min: 0.0, Avg: 0.1, Max: 0.1, Diff: 0.1, Sum: 1.7]
      [GC Worker Other (ms): Min: 0.0, Avg: 0.0, Max: 0.1, Diff: 0.0, Sum: 0.6]
      [GC Worker Total (ms): Min: 89.5, Avg: 89.6, Max: 89.6, Diff: 0.2, Sum: 1612.1]
      [GC Worker End (ms): Min: 395560.1, Avg: 395560.1, Max: 395560.1, Diff: 0.0]
   [Code Root Fixup: 0.3 ms]
   [Code Root Migration: 0.0 ms]
   [Clear CT: 1.2 ms]
   [Other: 5.9 ms]
      [Choose CSet: 0.2 ms]
      [Ref Proc: 2.0 ms]
      [Ref Enq: 0.1 ms]
      [Free CSet: 0.7 ms]
   [Eden: 400.0M(384.0M)->0.0B(448.0M) Survivors: 128.0M->64.0M Heap: 6310.6M(10.0G)->5373.2M(10.0G)]
 [Times: user=1.55 sys=0.01, real=0.09 secs] 
395.567: Total time for which application threads were stopped: 0.0980380 seconds
395.732: Total time for which application threads were stopped: 0.0010100 seconds
395.860: [GC pause (G1 Evacuation Pause) (mixed)
Desired survivor size 33554432 bytes, new threshold 15 (max 15)
- age   1:    7898376 bytes,    7898376 total
, 0.1119770 secs]
   [Parallel Time: 105.1 ms, GC Workers: 18]
      [GC Worker Start (ms): Min: 395860.5, Avg: 395860.5, Max: 395860.6, Diff: 0.1]
      [Ext Root Scanning (ms): Min: 4.1, Avg: 4.6, Max: 5.3, Diff: 1.2, Sum: 82.8]
      [Update RS (ms): Min: 9.6, Avg: 10.4, Max: 11.1, Diff: 1.5, Sum: 187.3]
         [Processed Buffers: Min: 21, Avg: 44.8, Max: 93, Diff: 72, Sum: 806]
      [Scan RS (ms): Min: 20.9, Avg: 21.4, Max: 21.9, Diff: 0.9, Sum: 386.0]
      [Code Root Scanning (ms): Min: 0.0, Avg: 0.0, Max: 0.0, Diff: 0.0, Sum: 0.1]
      [Object Copy (ms): Min: 68.0, Avg: 68.5, Max: 69.5, Diff: 1.5, Sum: 1232.4]
      [Termination (ms): Min: 0.0, Avg: 0.0, Max: 0.0, Diff: 0.0, Sum: 0.2]
      [GC Worker Other (ms): Min: 0.0, Avg: 0.0, Max: 0.1, Diff: 0.0, Sum: 0.7]
      [GC Worker Total (ms): Min: 104.9, Avg: 105.0, Max: 105.0, Diff: 0.1, Sum: 1889.4]
      [GC Worker End (ms): Min: 395965.5, Avg: 395965.5, Max: 395965.5, Diff: 0.0]
   [Code Root Fixup: 0.2 ms]
   [Code Root Migration: 0.0 ms]
   [Clear CT: 1.4 ms]
   [Other: 5.3 ms]
      [Choose CSet: 0.2 ms]
      [Ref Proc: 1.6 ms]
      [Ref Enq: 0.1 ms]
      [Free CSet: 0.6 ms]
   [Eden: 448.0M(448.0M)->0.0B(480.0M) Survivors: 64.0M->32.0M Heap: 5821.2M(10.0G)->5087.4M(10.0G)]
 [Times: user=1.92 sys=0.01, real=0.11 secs] 
395.972: Total time for which application threads were stopped: 0.1131750 seconds
396.298: [GC pause (G1 Evacuation Pause) (mixed)
Desired survivor size 33554432 bytes, new threshold 15 (max 15)
- age   1:    6912448 bytes,    6912448 total
- age   2:    4035000 bytes,   10947448 total
, 0.1214240 secs]
   [Parallel Time: 112.5 ms, GC Workers: 18]
      [GC Worker Start (ms): Min: 396298.4, Avg: 396298.4, Max: 396298.5, Diff: 0.1]
      [Ext Root Scanning (ms): Min: 0.9, Avg: 4.4, Max: 5.1, Diff: 4.3, Sum: 79.8]
      [Update RS (ms): Min: 12.8, Avg: 13.4, Max: 14.1, Diff: 1.3, Sum: 242.1]
         [Processed Buffers: Min: 22, Avg: 43.4, Max: 91, Diff: 69, Sum: 782]
      [Scan RS (ms): Min: 27.5, Avg: 27.8, Max: 28.3, Diff: 0.7, Sum: 500.2]
      [Code Root Scanning (ms): Min: 0.0, Avg: 0.0, Max: 0.3, Diff: 0.3, Sum: 0.8]
      [Object Copy (ms): Min: 65.8, Avg: 66.5, Max: 70.6, Diff: 4.8, Sum: 1196.5]
      [Termination (ms): Min: 0.0, Avg: 0.2, Max: 0.2, Diff: 0.2, Sum: 2.7]
      [GC Worker Other (ms): Min: 0.0, Avg: 0.0, Max: 0.0, Diff: 0.0, Sum: 0.6]
      [GC Worker Total (ms): Min: 112.3, Avg: 112.4, Max: 112.5, Diff: 0.1, Sum: 2022.9]
      [GC Worker End (ms): Min: 396410.8, Avg: 396410.8, Max: 396410.8, Diff: 0.0]
   [Code Root Fixup: 0.6 ms]
   [Code Root Migration: 1.1 ms]
   [Clear CT: 1.7 ms]
   [Other: 5.5 ms]
      [Choose CSet: 0.2 ms]
      [Ref Proc: 1.5 ms]
      [Ref Enq: 0.1 ms]
      [Free CSet: 0.6 ms]
   [Eden: 480.0M(480.0M)->0.0B(480.0M) Survivors: 32.0M->32.0M Heap: 5567.4M(10.0G)->4972.9M(10.0G)]
 [Times: user=2.05 sys=0.01, real=0.12 secs] 
396.419: Total time for which application threads were stopped: 0.1228570 seconds
396.757: [GC pause (G1 Evacuation Pause) (young)
Desired survivor size 33554432 bytes, new threshold 15 (max 15)
- age   1:    7542240 bytes,    7542240 total
- age   2:    5682104 bytes,   13224344 total
- age   3:    4026544 bytes,   17250888 total
, 0.0269580 secs]
   [Parallel Time: 23.4 ms, GC Workers: 18]
      [GC Worker Start (ms): Min: 396757.5, Avg: 396757.6, Max: 396757.6, Diff: 0.1]
      [Ext Root Scanning (ms): Min: 4.2, Avg: 4.9, Max: 5.2, Diff: 1.0, Sum: 87.7]
      [Update RS (ms): Min: 10.4, Avg: 11.1, Max: 17.1, Diff: 6.7, Sum: 200.2]
         [Processed Buffers: Min: 7, Avg: 43.7, Max: 77, Diff: 70, Sum: 786]
      [Scan RS (ms): Min: 0.0, Avg: 0.9, Max: 1.0, Diff: 1.0, Sum: 15.9]
      [Code Root Scanning (ms): Min: 0.0, Avg: 0.0, Max: 0.0, Diff: 0.0, Sum: 0.0]
      [Object Copy (ms): Min: 1.2, Avg: 6.3, Max: 6.8, Diff: 5.6, Sum: 112.9]
      [Termination (ms): Min: 0.0, Avg: 0.0, Max: 0.0, Diff: 0.0, Sum: 0.2]
      [GC Worker Other (ms): Min: 0.0, Avg: 0.0, Max: 0.1, Diff: 0.0, Sum: 0.8]
      [GC Worker Total (ms): Min: 23.1, Avg: 23.2, Max: 23.2, Diff: 0.1, Sum: 417.6]
      [GC Worker End (ms): Min: 396780.7, Avg: 396780.8, Max: 396780.8, Diff: 0.0]
   [Code Root Fixup: 0.2 ms]
   [Code Root Migration: 0.0 ms]
   [Clear CT: 0.6 ms]
   [Other: 2.8 ms]
      [Choose CSet: 0.0 ms]
      [Ref Proc: 1.5 ms]
      [Ref Enq: 0.2 ms]
      [Free CSet: 0.2 ms]
   [Eden: 480.0M(480.0M)->0.0B(1408.0M) Survivors: 32.0M->48.0M Heap: 5452.9M(10.0G)->4984.3M(10.0G)]
 [Times: user=0.42 sys=0.01, real=0.03 secs] 
396.784: Total time for which application threads were stopped: 0.0282270 seconds
397.468: Total time for which application threads were stopped: 0.0010180 seconds
398.161: [GC pause (G1 Evacuation Pause) (young) (initial-mark)
Desired survivor size 100663296 bytes, new threshold 15 (max 15)
- age   1:    8891592 bytes,    8891592 total
- age   2:    7178112 bytes,   16069704 total
- age   3:    5664376 bytes,   21734080 total
- age   4:    4011264 bytes,   25745344 total
, 0.0369980 secs]
   [Parallel Time: 32.9 ms, GC Workers: 18]
      [GC Worker Start (ms): Min: 398161.2, Avg: 398161.3, Max: 398161.4, Diff: 0.1]
      [Ext Root Scanning (ms): Min: 3.6, Avg: 4.2, Max: 4.6, Diff: 1.0, Sum: 75.3]
      [Code Root Marking (ms): Min: 0.0, Avg: 1.0, Max: 5.9, Diff: 5.9, Sum: 17.5]
      [Update RS (ms): Min: 0.0, Avg: 4.6, Max: 5.2, Diff: 5.2, Sum: 83.6]
         [Processed Buffers: Min: 0, Avg: 34.7, Max: 72, Diff: 72, Sum: 624]
      [Scan RS (ms): Min: 0.0, Avg: 0.1, Max: 0.1, Diff: 0.1, Sum: 1.6]
      [Code Root Scanning (ms): Min: 0.0, Avg: 0.0, Max: 0.0, Diff: 0.0, Sum: 0.0]
      [Object Copy (ms): Min: 22.4, Avg: 22.8, Max: 23.0, Diff: 0.6, Sum: 410.6]
      [Termination (ms): Min: 0.0, Avg: 0.0, Max: 0.0, Diff: 0.0, Sum: 0.1]
      [GC Worker Other (ms): Min: 0.0, Avg: 0.0, Max: 0.1, Diff: 0.0, Sum: 0.7]
      [GC Worker Total (ms): Min: 32.7, Avg: 32.7, Max: 32.8, Diff: 0.1, Sum: 589.4]
      [GC Worker End (ms): Min: 398194.0, Avg: 398194.0, Max: 398194.1, Diff: 0.0]
   [Code Root Fixup: 0.2 ms]
   [Code Root Migration: 0.0 ms]
   [Clear CT: 0.5 ms]
   [Other: 3.4 ms]
      [Choose CSet: 0.0 ms]
      [Ref Proc: 1.6 ms]
      [Ref Enq: 0.1 ms]
      [Free CSet: 0.3 ms]
   [Eden: 1408.0M(1408.0M)->0.0B(3232.0M) Survivors: 48.0M->80.0M Heap: 6392.3M(10.0G)->5024.8M(10.0G)]
 [Times: user=0.60 sys=0.01, real=0.04 secs] 
398.198: [GC concurrent-root-region-scan-start]
398.198: Total time for which application threads were stopped: 0.0385130 seconds
398.226: [GC concurrent-root-region-scan-end, 0.0279120 secs]
398.226: [GC concurrent-mark-start]
398.594: Total time for which application threads were stopped: 0.0008010 seconds
399.488: [GC concurrent-mark-end, 1.2620660 secs]
399.509: [GC remark 399.510: [GC ref-proc, 0.0026610 secs], 0.0099590 secs]
 [Times: user=0.14 sys=0.00, real=0.01 secs] 
399.519: Total time for which application threads were stopped: 0.0311020 seconds
399.519: [GC cleanup 6375M->6375M(10G), 0.0100440 secs]
 [Times: user=0.17 sys=0.00, real=0.01 secs] 
399.530: Total time for which application threads were stopped: 0.0108240 seconds
399.897: Total time for which application threads were stopped: 0.0016110 seconds
400.421: Total time for which application threads were stopped: 0.0010460 seconds
400.421: Total time for which application threads were stopped: 0.0002240 seconds
400.422: Total time for which application threads were stopped: 0.0002980 seconds
400.422: Total time for which application threads were stopped: 0.0002030 seconds
400.423: Total time for which application threads were stopped: 0.0002190 seconds
400.424: Total time for which application threads were stopped: 0.0003510 seconds
401.578: Total time for which application threads were stopped: 0.0009530 seconds
401.945: Total time for which application threads were stopped: 0.0007390 seconds
401.946: [GC pause (GCLocker Initiated GC) (young)
Desired survivor size 218103808 bytes, new threshold 15 (max 15)
- age   1:   37912992 bytes,   37912992 total
- age   2:    8149024 bytes,   46062016 total
- age   3:    6039384 bytes,   52101400 total
- age   4:    5617984 bytes,   57719384 total
- age   5:    4001888 bytes,   61721272 total
, 0.0613050 secs]
   [Parallel Time: 55.9 ms, GC Workers: 18]
      [GC Worker Start (ms): Min: 401946.5, Avg: 401946.5, Max: 401946.6, Diff: 0.2]
      [Ext Root Scanning (ms): Min: 4.4, Avg: 5.6, Max: 19.6, Diff: 15.3, Sum: 101.1]
      [Update RS (ms): Min: 0.0, Avg: 11.5, Max: 12.7, Diff: 12.7, Sum: 207.1]
         [Processed Buffers: Min: 0, Avg: 42.1, Max: 85, Diff: 85, Sum: 758]
      [Scan RS (ms): Min: 0.3, Avg: 3.8, Max: 20.7, Diff: 20.4, Sum: 67.8]
      [Code Root Scanning (ms): Min: 0.0, Avg: 0.0, Max: 0.0, Diff: 0.0, Sum: 0.0]
      [Object Copy (ms): Min: 17.7, Avg: 34.7, Max: 36.0, Diff: 18.2, Sum: 625.1]
      [Termination (ms): Min: 0.0, Avg: 0.1, Max: 0.1, Diff: 0.1, Sum: 1.7]
      [GC Worker Other (ms): Min: 0.0, Avg: 0.0, Max: 0.1, Diff: 0.1, Sum: 0.8]
      [GC Worker Total (ms): Min: 55.6, Avg: 55.8, Max: 55.9, Diff: 0.2, Sum: 1003.7]
      [GC Worker End (ms): Min: 402002.3, Avg: 402002.3, Max: 402002.3, Diff: 0.1]
   [Code Root Fixup: 0.2 ms]
   [Code Root Migration: 0.0 ms]
   [Clear CT: 1.4 ms]
   [Other: 3.8 ms]
      [Choose CSet: 0.0 ms]
      [Ref Proc: 1.9 ms]
      [Ref Enq: 0.1 ms]
      [Free CSet: 0.6 ms]
   [Eden: 3248.0M(3232.0M)->0.0B(368.0M) Survivors: 80.0M->144.0M Heap: 8257.1M(10.0G)->5089.8M(10.0G)]
 [Times: user=0.96 sys=0.01, real=0.06 secs] 
402.008: Total time for which application threads were stopped: 0.0621870 seconds
402.265: Total time for which application threads were stopped: 0.0009660 seconds
402.266: [GC pause (GCLocker Initiated GC) (mixed)
Desired survivor size 33554432 bytes, new threshold 1 (max 15)
- age   1:   58467320 bytes,   58467320 total
- age   2:   33190712 bytes,   91658032 total
- age   3:    7311640 bytes,   98969672 total
- age   4:    5651912 bytes,  104621584 total
- age   5:    5386552 bytes,  110008136 total
- age   6:    3911256 bytes,  113919392 total
, 0.1059750 secs]
   [Parallel Time: 98.6 ms, GC Workers: 18]
      [GC Worker Start (ms): Min: 402266.6, Avg: 402266.7, Max: 402266.8, Diff: 0.2]
      [Ext Root Scanning (ms): Min: 4.1, Avg: 4.8, Max: 5.2, Diff: 1.0, Sum: 85.6]
      [Update RS (ms): Min: 3.5, Avg: 5.0, Max: 12.3, Diff: 8.8, Sum: 89.8]
         [Processed Buffers: Min: 7, Avg: 33.6, Max: 69, Diff: 62, Sum: 604]
      [Scan RS (ms): Min: 5.8, Avg: 14.2, Max: 29.4, Diff: 23.6, Sum: 256.1]
      [Code Root Scanning (ms): Min: 0.0, Avg: 0.0, Max: 0.1, Diff: 0.1, Sum: 0.1]
      [Object Copy (ms): Min: 60.4, Avg: 74.4, Max: 75.4, Diff: 15.0, Sum: 1339.7]
      [Termination (ms): Min: 0.0, Avg: 0.0, Max: 0.0, Diff: 0.0, Sum: 0.1]
      [GC Worker Other (ms): Min: 0.0, Avg: 0.0, Max: 0.1, Diff: 0.1, Sum: 0.7]
      [GC Worker Total (ms): Min: 98.4, Avg: 98.5, Max: 98.5, Diff: 0.2, Sum: 1772.1]
      [GC Worker End (ms): Min: 402365.1, Avg: 402365.2, Max: 402365.2, Diff: 0.0]
   [Code Root Fixup: 0.3 ms]
   [Code Root Migration: 0.2 ms]
   [Clear CT: 1.3 ms]
   [Other: 5.6 ms]
      [Choose CSet: 0.2 ms]
      [Ref Proc: 1.5 ms]
      [Ref Enq: 0.1 ms]
      [Free CSet: 0.5 ms]
   [Eden: 384.0M(368.0M)->0.0B(4128.0M) Survivors: 144.0M->64.0M Heap: 5458.5M(10.0G)->4945.3M(10.0G)]
 [Times: user=1.70 sys=0.01, real=0.11 secs] 
402.372: Total time for which application threads were stopped: 0.1068550 seconds
404.173: Total time for which application threads were stopped: 0.0010340 seconds
404.188: Total time for which application threads were stopped: 0.0006160 seconds
404.202: Total time for which application threads were stopped: 0.0004930 seconds
404.428: Total time for which application threads were stopped: 0.0007950 seconds
404.498: Total time for which application threads were stopped: 0.0007910 seconds
405.951: Total time for which application threads were stopped: 0.0009830 seconds
406.342: Total time for which application threads were stopped: 0.0007320 seconds
407.384: Total time for which application threads were stopped: 0.0085840 seconds
407.632: [GC pause (G1 Evacuation Pause) (young)
Desired survivor size 276824064 bytes, new threshold 15 (max 15)
- age   1:    2241936 bytes,    2241936 total
, 0.0214170 secs]
   [Parallel Time: 16.6 ms, GC Workers: 18]
      [GC Worker Start (ms): Min: 407632.1, Avg: 407632.2, Max: 407632.3, Diff: 0.2]
      [Ext Root Scanning (ms): Min: 4.6, Avg: 5.0, Max: 5.6, Diff: 1.0, Sum: 90.0]
      [Update RS (ms): Min: 6.9, Avg: 7.6, Max: 8.1, Diff: 1.2, Sum: 136.9]
         [Processed Buffers: Min: 29, Avg: 44.1, Max: 60, Diff: 31, Sum: 794]
      [Scan RS (ms): Min: 0.0, Avg: 0.4, Max: 0.4, Diff: 0.4, Sum: 6.4]
      [Code Root Scanning (ms): Min: 0.0, Avg: 0.0, Max: 0.0, Diff: 0.0, Sum: 0.1]
      [Object Copy (ms): Min: 3.1, Avg: 3.2, Max: 3.3, Diff: 0.3, Sum: 57.0]
      [Termination (ms): Min: 0.0, Avg: 0.2, Max: 0.3, Diff: 0.3, Sum: 4.4]
      [GC Worker Other (ms): Min: 0.0, Avg: 0.0, Max: 0.1, Diff: 0.1, Sum: 0.7]
      [GC Worker Total (ms): Min: 16.3, Avg: 16.4, Max: 16.5, Diff: 0.2, Sum: 295.5]
      [GC Worker End (ms): Min: 407648.6, Avg: 407648.6, Max: 407648.6, Diff: 0.0]
   [Code Root Fixup: 0.2 ms]
   [Code Root Migration: 0.0 ms]
   [Clear CT: 1.3 ms]
   [Other: 3.2 ms]
      [Choose CSet: 0.0 ms]
      [Ref Proc: 1.7 ms]
      [Ref Enq: 0.1 ms]
      [Free CSet: 0.6 ms]
   [Eden: 4128.0M(4128.0M)->0.0B(4160.0M) Survivors: 64.0M->48.0M Heap: 9073.3M(10.0G)->4929.7M(10.0G)]
 [Times: user=0.32 sys=0.00, real=0.02 secs] 
407.653: Total time for which application threads were stopped: 0.0226790 seconds
410.399: Total time for which application threads were stopped: 0.0010690 seconds
412.236: [GC pause (G1 Evacuation Pause) (young) (initial-mark)
Desired survivor size 276824064 bytes, new threshold 15 (max 15)
- age   1:   15070824 bytes,   15070824 total
- age   2:     238584 bytes,   15309408 total
, 0.0190890 secs]
   [Parallel Time: 14.3 ms, GC Workers: 18]
      [GC Worker Start (ms): Min: 412236.8, Avg: 412236.8, Max: 412236.9, Diff: 0.1]
      [Ext Root Scanning (ms): Min: 3.8, Avg: 4.4, Max: 4.8, Diff: 1.0, Sum: 78.8]
      [Code Root Marking (ms): Min: 0.1, Avg: 1.0, Max: 6.6, Diff: 6.4, Sum: 18.0]
      [Update RS (ms): Min: 0.0, Avg: 2.4, Max: 4.3, Diff: 4.3, Sum: 43.3]
         [Processed Buffers: Min: 0, Avg: 31.6, Max: 58, Diff: 58, Sum: 568]
      [Scan RS (ms): Min: 0.0, Avg: 0.2, Max: 0.3, Diff: 0.3, Sum: 3.6]
      [Code Root Scanning (ms): Min: 0.0, Avg: 0.0, Max: 0.0, Diff: 0.0, Sum: 0.1]
      [Object Copy (ms): Min: 2.7, Avg: 4.5, Max: 6.6, Diff: 3.9, Sum: 80.3]
      [Termination (ms): Min: 0.0, Avg: 1.7, Max: 2.2, Diff: 2.2, Sum: 30.4]
      [GC Worker Other (ms): Min: 0.0, Avg: 0.0, Max: 0.0, Diff: 0.0, Sum: 0.4]
      [GC Worker Total (ms): Min: 14.1, Avg: 14.2, Max: 14.2, Diff: 0.1, Sum: 254.9]
      [GC Worker End (ms): Min: 412251.0, Avg: 412251.0, Max: 412251.0, Diff: 0.0]
   [Code Root Fixup: 0.2 ms]
   [Code Root Migration: 0.0 ms]
   [Clear CT: 1.1 ms]
   [Other: 3.4 ms]
      [Choose CSet: 0.0 ms]
      [Ref Proc: 1.6 ms]
      [Ref Enq: 0.1 ms]
      [Free CSet: 0.5 ms]
   [Eden: 4160.0M(4160.0M)->0.0B(4192.0M) Survivors: 48.0M->32.0M Heap: 9089.7M(10.0G)->4921.1M(10.0G)]
 [Times: user=0.27 sys=0.01, real=0.02 secs] 
412.256: [GC concurrent-root-region-scan-start]
412.256: Total time for which application threads were stopped: 0.0205450 seconds
412.263: [GC concurrent-root-region-scan-end, 0.0074080 secs]
412.263: [GC concurrent-mark-start]
413.100: [GC concurrent-mark-end, 0.8371000 secs]
413.101: [GC remark 413.102: [GC ref-proc, 0.0033640 secs], 0.0098280 secs]
 [Times: user=0.13 sys=0.00, real=0.01 secs] 
413.111: Total time for which application threads were stopped: 0.0111420 seconds
413.112: [GC cleanup 5878M->5830M(10G), 0.0094970 secs]
 [Times: user=0.16 sys=0.00, real=0.01 secs] 
413.122: Total time for which application threads were stopped: 0.0102520 seconds
413.122: [GC concurrent-cleanup-start]
413.122: [GC concurrent-cleanup-end, 0.0000540 secs]
413.392: Total time for which application threads were stopped: 0.0008540 seconds
414.173: Total time for which application threads were stopped: 0.0010240 seconds
414.178: Total time for which application threads were stopped: 0.0004370 seconds
414.180: Total time for which application threads were stopped: 0.0004250 seconds
414.825: Total time for which application threads were stopped: 0.0010240 seconds
414.860: Total time for which application threads were stopped: 0.0008180 seconds
416.425: Total time for which application threads were stopped: 0.0010670 seconds
416.769: [GC pause (G1 Evacuation Pause) (young)
Desired survivor size 276824064 bytes, new threshold 15 (max 15)
- age   1:   10186784 bytes,   10186784 total
- age   2:   11956120 bytes,   22142904 total
- age   3:     201328 bytes,   22344232 total
, 0.0161310 secs]
   [Parallel Time: 11.5 ms, GC Workers: 18]
      [GC Worker Start (ms): Min: 416769.4, Avg: 416769.4, Max: 416769.5, Diff: 0.1]
      [Ext Root Scanning (ms): Min: 3.9, Avg: 4.5, Max: 5.2, Diff: 1.3, Sum: 81.8]
      [Update RS (ms): Min: 1.7, Avg: 2.4, Max: 3.5, Diff: 1.8, Sum: 42.5]
         [Processed Buffers: Min: 10, Avg: 34.9, Max: 58, Diff: 48, Sum: 628]
      [Scan RS (ms): Min: 0.0, Avg: 0.2, Max: 0.3, Diff: 0.2, Sum: 3.5]
      [Code Root Scanning (ms): Min: 0.0, Avg: 0.0, Max: 0.0, Diff: 0.0, Sum: 0.1]
      [Object Copy (ms): Min: 3.2, Avg: 3.6, Max: 4.2, Diff: 1.0, Sum: 65.7]
      [Termination (ms): Min: 0.0, Avg: 0.6, Max: 0.7, Diff: 0.7, Sum: 10.3]
      [GC Worker Other (ms): Min: 0.0, Avg: 0.0, Max: 0.1, Diff: 0.0, Sum: 0.6]
      [GC Worker Total (ms): Min: 11.3, Avg: 11.4, Max: 11.4, Diff: 0.1, Sum: 204.4]
      [GC Worker End (ms): Min: 416780.8, Avg: 416780.8, Max: 416780.8, Diff: 0.0]
   [Code Root Fixup: 0.2 ms]
   [Code Root Migration: 0.0 ms]
   [Clear CT: 1.3 ms]
   [Other: 3.1 ms]
      [Choose CSet: 0.0 ms]
      [Ref Proc: 1.5 ms]
      [Ref Enq: 0.1 ms]
      [Free CSet: 0.5 ms]
   [Eden: 4192.0M(4192.0M)->0.0B(464.0M) Survivors: 32.0M->48.0M Heap: 9065.1M(10.0G)->4880.1M(10.0G)]
 [Times: user=0.22 sys=0.01, real=0.02 secs] 
416.785: Total time for which application threads were stopped: 0.0173300 seconds
417.172: Total time for which application threads were stopped: 0.0009670 seconds
417.173: [GC pause (GCLocker Initiated GC) (mixed)
Desired survivor size 33554432 bytes, new threshold 15 (max 15)
- age   1:   15453488 bytes,   15453488 total
- age   2:    3876824 bytes,   19330312 total
- age   3:    6683384 bytes,   26013696 total
- age   4:      87256 bytes,   26100952 total
, 0.0771740 secs]
   [Parallel Time: 68.6 ms, GC Workers: 18]
      [GC Worker Start (ms): Min: 417173.6, Avg: 417173.7, Max: 417173.8, Diff: 0.2]
      [Ext Root Scanning (ms): Min: 3.9, Avg: 4.5, Max: 4.9, Diff: 1.0, Sum: 81.7]
      [Update RS (ms): Min: 1.3, Avg: 1.9, Max: 2.9, Diff: 1.6, Sum: 34.2]
         [Processed Buffers: Min: 6, Avg: 30.3, Max: 58, Diff: 52, Sum: 545]
      [Scan RS (ms): Min: 17.8, Avg: 18.2, Max: 18.4, Diff: 0.6, Sum: 327.1]
      [Code Root Scanning (ms): Min: 0.0, Avg: 0.0, Max: 0.2, Diff: 0.2, Sum: 0.6]
      [Object Copy (ms): Min: 43.6, Avg: 43.6, Max: 43.8, Diff: 0.3, Sum: 785.3]
      [Termination (ms): Min: 0.1, Avg: 0.1, Max: 0.2, Diff: 0.1, Sum: 2.0]
      [GC Worker Other (ms): Min: 0.0, Avg: 0.0, Max: 0.1, Diff: 0.0, Sum: 0.7]
      [GC Worker Total (ms): Min: 68.3, Avg: 68.4, Max: 68.6, Diff: 0.2, Sum: 1231.5]
      [GC Worker End (ms): Min: 417242.1, Avg: 417242.1, Max: 417242.2, Diff: 0.0]
   [Code Root Fixup: 0.5 ms]
   [Code Root Migration: 0.7 ms]
   [Clear CT: 1.7 ms]
   [Other: 5.6 ms]
      [Choose CSet: 0.6 ms]
      [Ref Proc: 1.5 ms]
      [Ref Enq: 0.1 ms]
      [Free CSet: 1.2 ms]
   [Eden: 480.0M(464.0M)->0.0B(480.0M) Survivors: 48.0M->32.0M Heap: 5344.2M(10.0G)->4083.1M(10.0G)]
 [Times: user=1.26 sys=0.00, real=0.07 secs] 
417.250: Total time for which application threads were stopped: 0.0780050 seconds
417.619: [GC pause (G1 Evacuation Pause) (mixed)
Desired survivor size 33554432 bytes, new threshold 15 (max 15)
- age   1:    1463008 bytes,    1463008 total
- age   2:   12210168 bytes,   13673176 total
- age   3:    3856608 bytes,   17529784 total
- age   4:    6646680 bytes,   24176464 total
- age   5:      78168 bytes,   24254632 total
, 0.0291890 secs]
   [Parallel Time: 24.6 ms, GC Workers: 18]
      [GC Worker Start (ms): Min: 417619.4, Avg: 417619.5, Max: 417619.6, Diff: 0.1]
      [Ext Root Scanning (ms): Min: 4.0, Avg: 4.6, Max: 5.0, Diff: 1.0, Sum: 83.3]
      [Update RS (ms): Min: 8.0, Avg: 8.4, Max: 9.2, Diff: 1.3, Sum: 150.9]
         [Processed Buffers: Min: 18, Avg: 45.4, Max: 81, Diff: 63, Sum: 817]
      [Scan RS (ms): Min: 3.7, Avg: 4.0, Max: 4.1, Diff: 0.3, Sum: 71.7]
      [Code Root Scanning (ms): Min: 0.0, Avg: 0.0, Max: 0.1, Diff: 0.1, Sum: 0.1]
      [Object Copy (ms): Min: 6.0, Avg: 6.2, Max: 7.3, Diff: 1.3, Sum: 112.5]
      [Termination (ms): Min: 0.0, Avg: 1.1, Max: 1.3, Diff: 1.3, Sum: 20.3]
      [GC Worker Other (ms): Min: 0.0, Avg: 0.0, Max: 0.0, Diff: 0.0, Sum: 0.4]
      [GC Worker Total (ms): Min: 24.3, Avg: 24.4, Max: 24.5, Diff: 0.1, Sum: 439.2]
      [GC Worker End (ms): Min: 417643.9, Avg: 417643.9, Max: 417643.9, Diff: 0.0]
   [Code Root Fixup: 0.3 ms]
   [Code Root Migration: 0.2 ms]
   [Clear CT: 1.0 ms]
   [Other: 3.1 ms]
      [Choose CSet: 0.0 ms]
      [Ref Proc: 1.6 ms]
      [Ref Enq: 0.1 ms]
      [Free CSet: 0.2 ms]
   [Eden: 480.0M(480.0M)->0.0B(5008.0M) Survivors: 32.0M->32.0M Heap: 4563.1M(10.0G)->4124.3M(10.0G)]
 [Times: user=0.45 sys=0.01, real=0.03 secs] 
417.648: Total time for which application threads were stopped: 0.0304080 seconds
419.672: Total time for which application threads were stopped: 0.0011050 seconds
422.756: Total time for which application threads were stopped: 0.0010640 seconds
423.671: [GC pause (G1 Evacuation Pause) (young)
Desired survivor size 335544320 bytes, new threshold 15 (max 15)
- age   1:    3099264 bytes,    3099264 total
- age   2:     474608 bytes,    3573872 total
- age   3:    9846960 bytes,   13420832 total
- age   4:    3814816 bytes,   17235648 total
- age   5:    6618392 bytes,   23854040 total
- age   6:      77736 bytes,   23931776 total
, 0.0235510 secs]
   [Parallel Time: 18.5 ms, GC Workers: 18]
      [GC Worker Start (ms): Min: 423671.8, Avg: 423671.9, Max: 423671.9, Diff: 0.2]
      [Ext Root Scanning (ms): Min: 4.9, Avg: 5.3, Max: 5.8, Diff: 0.9, Sum: 95.6]
      [Update RS (ms): Min: 5.8, Avg: 6.5, Max: 7.2, Diff: 1.4, Sum: 117.7]
         [Processed Buffers: Min: 18, Avg: 38.9, Max: 70, Diff: 52, Sum: 700]
      [Scan RS (ms): Min: 0.0, Avg: 0.2, Max: 0.3, Diff: 0.3, Sum: 4.4]
      [Code Root Scanning (ms): Min: 0.0, Avg: 0.0, Max: 0.0, Diff: 0.0, Sum: 0.1]
      [Object Copy (ms): Min: 4.5, Avg: 5.1, Max: 6.2, Diff: 1.7, Sum: 91.2]
      [Termination (ms): Min: 0.0, Avg: 1.1, Max: 1.6, Diff: 1.6, Sum: 20.4]
      [GC Worker Other (ms): Min: 0.0, Avg: 0.0, Max: 0.0, Diff: 0.0, Sum: 0.5]
      [GC Worker Total (ms): Min: 18.2, Avg: 18.3, Max: 18.4, Diff: 0.2, Sum: 329.9]
      [GC Worker End (ms): Min: 423690.2, Avg: 423690.2, Max: 423690.2, Diff: 0.0]
   [Code Root Fixup: 0.2 ms]
   [Code Root Migration: 0.1 ms]
   [Clear CT: 1.4 ms]
   [Other: 3.3 ms]
      [Choose CSet: 0.0 ms]
      [Ref Proc: 1.6 ms]
      [Ref Enq: 0.1 ms]
      [Free CSet: 0.6 ms]
   [Eden: 5008.0M(5008.0M)->0.0B(4992.0M) Survivors: 32.0M->48.0M Heap: 9132.3M(10.0G)->4131.2M(10.0G)]
 [Times: user=0.34 sys=0.01, real=0.02 secs] 
423.695: Total time for which application threads were stopped: 0.0250170 seconds
424.180: Total time for which application threads were stopped: 0.0010000 seconds
424.184: Total time for which application threads were stopped: 0.0005810 seconds
424.187: Total time for which application threads were stopped: 0.0003590 seconds
424.672: Total time for which application threads were stopped: 0.0007870 seconds
425.371: Total time for which application threads were stopped: 0.0011300 seconds
425.631: Total time for which application threads were stopped: 0.0008270 seconds
428.602: Total time for which application threads were stopped: 0.0010740 seconds
429.388: [GC pause (G1 Evacuation Pause) (young)
Desired survivor size 335544320 bytes, new threshold 15 (max 15)
- age   1:   11922384 bytes,   11922384 total
- age   2:    2184776 bytes,   14107160 total
- age   3:     154592 bytes,   14261752 total
- age   4:    8039920 bytes,   22301672 total
- age   5:    3564880 bytes,   25866552 total
- age   6:    6448368 bytes,   32314920 total
- age   7:      75128 bytes,   32390048 total
, 0.0202310 secs]
   [Parallel Time: 15.0 ms, GC Workers: 18]
      [GC Worker Start (ms): Min: 429388.1, Avg: 429388.2, Max: 429388.3, Diff: 0.2]
      [Ext Root Scanning (ms): Min: 4.0, Avg: 4.7, Max: 5.2, Diff: 1.2, Sum: 83.8]
      [Update RS (ms): Min: 1.9, Avg: 2.5, Max: 3.3, Diff: 1.4, Sum: 45.5]
         [Processed Buffers: Min: 7, Avg: 35.3, Max: 52, Diff: 45, Sum: 636]
      [Scan RS (ms): Min: 0.0, Avg: 0.3, Max: 0.3, Diff: 0.3, Sum: 4.6]
      [Code Root Scanning (ms): Min: 0.0, Avg: 0.0, Max: 0.0, Diff: 0.0, Sum: 0.1]
      [Object Copy (ms): Min: 4.8, Avg: 5.8, Max: 7.3, Diff: 2.6, Sum: 103.9]
      [Termination (ms): Min: 0.0, Avg: 1.5, Max: 2.3, Diff: 2.3, Sum: 27.8]
      [GC Worker Other (ms): Min: 0.0, Avg: 0.0, Max: 0.1, Diff: 0.0, Sum: 0.5]
      [GC Worker Total (ms): Min: 14.7, Avg: 14.8, Max: 14.9, Diff: 0.2, Sum: 266.3]
      [GC Worker End (ms): Min: 429403.0, Avg: 429403.0, Max: 429403.0, Diff: 0.0]
   [Code Root Fixup: 0.3 ms]
   [Code Root Migration: 0.1 ms]
   [Clear CT: 1.6 ms]
   [Other: 3.3 ms]
      [Choose CSet: 0.0 ms]
      [Ref Proc: 1.6 ms]
      [Ref Enq: 0.1 ms]
      [Free CSet: 0.6 ms]
   [Eden: 4992.0M(4992.0M)->0.0B(4976.0M) Survivors: 48.0M->64.0M Heap: 9123.2M(10.0G)->4144.0M(10.0G)]
 [Times: user=0.29 sys=0.01, real=0.02 secs] 
429.408: Total time for which application threads were stopped: 0.0217460 seconds
431.375: Total time for which application threads were stopped: 0.0010540 seconds
434.174: Total time for which application threads were stopped: 0.0010090 seconds
434.181: Total time for which application threads were stopped: 0.0005070 seconds
434.185: Total time for which application threads were stopped: 0.0004070 seconds
434.383: Total time for which application threads were stopped: 0.0009200 seconds
434.574: [GC pause (G1 Evacuation Pause) (young)
Desired survivor size 335544320 bytes, new threshold 15 (max 15)
- age   1:   12935576 bytes,   12935576 total
- age   2:    6086424 bytes,   19022000 total
- age   3:    2159568 bytes,   21181568 total
- age   4:      94240 bytes,   21275808 total
- age   5:    7108048 bytes,   28383856 total
- age   6:    3460408 bytes,   31844264 total
- age   7:    6405392 bytes,   38249656 total
- age   8:      73184 bytes,   38322840 total
, 0.0264140 secs]
   [Parallel Time: 21.3 ms, GC Workers: 18]
      [GC Worker Start (ms): Min: 434574.1, Avg: 434574.2, Max: 434574.3, Diff: 0.2]
      [Ext Root Scanning (ms): Min: 4.6, Avg: 5.2, Max: 5.5, Diff: 0.9, Sum: 94.0]
      [Update RS (ms): Min: 2.1, Avg: 2.4, Max: 3.4, Diff: 1.4, Sum: 43.9]
         [Processed Buffers: Min: 10, Avg: 32.8, Max: 63, Diff: 53, Sum: 591]
      [Scan RS (ms): Min: 0.0, Avg: 0.2, Max: 0.3, Diff: 0.3, Sum: 4.2]
      [Code Root Scanning (ms): Min: 0.0, Avg: 0.0, Max: 0.0, Diff: 0.0, Sum: 0.1]
      [Object Copy (ms): Min: 12.8, Avg: 13.1, Max: 13.2, Diff: 0.5, Sum: 236.0]
      [Termination (ms): Min: 0.0, Avg: 0.0, Max: 0.1, Diff: 0.1, Sum: 0.3]
      [GC Worker Other (ms): Min: 0.0, Avg: 0.1, Max: 0.1, Diff: 0.1, Sum: 1.0]
      [GC Worker Total (ms): Min: 21.0, Avg: 21.1, Max: 21.2, Diff: 0.2, Sum: 379.6]
      [GC Worker End (ms): Min: 434595.3, Avg: 434595.3, Max: 434595.3, Diff: 0.1]
   [Code Root Fixup: 0.2 ms]
   [Code Root Migration: 0.1 ms]
   [Clear CT: 1.5 ms]
   [Other: 3.4 ms]
      [Choose CSet: 0.0 ms]
      [Ref Proc: 1.6 ms]
      [Ref Enq: 0.1 ms]
      [Free CSet: 0.6 ms]
   [Eden: 4976.0M(4976.0M)->0.0B(4944.0M) Survivors: 64.0M->80.0M Heap: 9120.0M(10.0G)->4162.1M(10.0G)]
 [Times: user=0.39 sys=0.01, real=0.02 secs] 
434.600: Total time for which application threads were stopped: 0.0277050 seconds
434.728: Total time for which application threads were stopped: 0.0079710 seconds
435.731: Total time for which application threads were stopped: 0.0029340 seconds
437.025: Total time for which application threads were stopped: 0.0010550 seconds
437.026: Total time for which application threads were stopped: 0.0002460 seconds
437.026: Total time for which application threads were stopped: 0.0002450 seconds
437.026: Total time for which application threads were stopped: 0.0003260 seconds
437.027: Total time for which application threads were stopped: 0.0003540 seconds
437.447: Total time for which application threads were stopped: 0.0007690 seconds
439.342: [GC pause (G1 Evacuation Pause) (young)
Desired survivor size 335544320 bytes, new threshold 15 (max 15)
- age   1:   31350048 bytes,   31350048 total
- age   2:    8041232 bytes,   39391280 total
- age   3:    5691584 bytes,   45082864 total
- age   4:    2148640 bytes,   47231504 total
- age   5:      78560 bytes,   47310064 total
- age   6:    6976176 bytes,   54286240 total
- age   7:    3416640 bytes,   57702880 total
- age   8:    6373576 bytes,   64076456 total
- age   9:      73112 bytes,   64149568 total
, 0.0643700 secs]
   [Parallel Time: 59.2 ms, GC Workers: 18]
      [GC Worker Start (ms): Min: 439342.7, Avg: 439342.7, Max: 439342.8, Diff: 0.1]
      [Ext Root Scanning (ms): Min: 4.7, Avg: 5.1, Max: 5.4, Diff: 0.7, Sum: 91.2]
      [Update RS (ms): Min: 2.2, Avg: 2.8, Max: 3.7, Diff: 1.5, Sum: 50.5]
         [Processed Buffers: Min: 9, Avg: 34.9, Max: 67, Diff: 58, Sum: 629]
      [Scan RS (ms): Min: 0.0, Avg: 0.1, Max: 0.3, Diff: 0.3, Sum: 1.9]
      [Code Root Scanning (ms): Min: 0.0, Avg: 0.0, Max: 0.0, Diff: 0.0, Sum: 0.1]
      [Object Copy (ms): Min: 50.5, Avg: 50.9, Max: 51.2, Diff: 0.7, Sum: 915.5]
      [Termination (ms): Min: 0.0, Avg: 0.0, Max: 0.0, Diff: 0.0, Sum: 0.1]
      [GC Worker Other (ms): Min: 0.0, Avg: 0.1, Max: 0.7, Diff: 0.7, Sum: 1.9]
      [GC Worker Total (ms): Min: 58.9, Avg: 59.0, Max: 59.0, Diff: 0.2, Sum: 1061.2]
      [GC Worker End (ms): Min: 439401.6, Avg: 439401.7, Max: 439401.7, Diff: 0.1]
   [Code Root Fixup: 0.2 ms]
   [Code Root Migration: 0.1 ms]
   [Clear CT: 1.3 ms]
   [Other: 3.6 ms]
      [Choose CSet: 0.0 ms]
      [Ref Proc: 1.8 ms]
      [Ref Enq: 0.1 ms]
      [Free CSet: 0.6 ms]
   [Eden: 4944.0M(4944.0M)->0.0B(4752.0M) Survivors: 80.0M->176.0M Heap: 9106.1M(10.0G)->4258.5M(10.0G)]
 [Times: user=1.07 sys=0.02, real=0.07 secs] 
439.407: Total time for which application threads were stopped: 0.0658570 seconds
440.371: Total time for which application threads were stopped: 0.0010100 seconds
440.818: Total time for which application threads were stopped: 0.0007650 seconds
440.854: Total time for which application threads were stopped: 0.0007810 seconds
443.550: Total time for which application threads were stopped: 0.0009450 seconds
444.151: [GC pause (G1 Evacuation Pause) (young)
Desired survivor size 327155712 bytes, new threshold 15 (max 15)
- age   1:   81964248 bytes,   81964248 total
- age   2:   24554232 bytes,  106518480 total
- age   3:    7494296 bytes,  114012776 total
- age   4:    5577744 bytes,  119590520 total
- age   5:    2147008 bytes,  121737528 total
- age   6:      77096 bytes,  121814624 total
- age   7:    6931664 bytes,  128746288 total
- age   8:    3393184 bytes,  132139472 total
- age   9:    6358480 bytes,  138497952 total
- age  10:      73088 bytes,  138571040 total
, 0.0685520 secs]
   [Parallel Time: 63.4 ms, GC Workers: 18]
      [GC Worker Start (ms): Min: 444151.6, Avg: 444151.7, Max: 444151.8, Diff: 0.1]
      [Ext Root Scanning (ms): Min: 4.2, Avg: 4.8, Max: 5.6, Diff: 1.4, Sum: 87.3]
      [Update RS (ms): Min: 2.0, Avg: 2.8, Max: 3.3, Diff: 1.2, Sum: 49.6]
         [Processed Buffers: Min: 6, Avg: 32.2, Max: 100, Diff: 94, Sum: 580]
      [Scan RS (ms): Min: 0.2, Avg: 0.2, Max: 0.3, Diff: 0.1, Sum: 4.5]
      [Code Root Scanning (ms): Min: 0.0, Avg: 0.0, Max: 0.0, Diff: 0.0, Sum: 0.1]
      [Object Copy (ms): Min: 55.1, Avg: 55.2, Max: 55.6, Diff: 0.5, Sum: 994.0]
      [Termination (ms): Min: 0.0, Avg: 0.0, Max: 0.0, Diff: 0.0, Sum: 0.1]
      [GC Worker Other (ms): Min: 0.0, Avg: 0.1, Max: 0.1, Diff: 0.1, Sum: 1.3]
      [GC Worker Total (ms): Min: 63.1, Avg: 63.2, Max: 63.2, Diff: 0.2, Sum: 1136.8]
      [GC Worker End (ms): Min: 444214.8, Avg: 444214.8, Max: 444214.9, Diff: 0.1]
   [Code Root Fixup: 0.2 ms]
   [Code Root Migration: 0.1 ms]
   [Clear CT: 1.3 ms]
   [Other: 3.6 ms]
      [Choose CSet: 0.0 ms]
      [Ref Proc: 1.6 ms]
      [Ref Enq: 0.1 ms]
      [Free CSet: 0.8 ms]
   [Eden: 4752.0M(4752.0M)->0.0B(4624.0M) Survivors: 176.0M->240.0M Heap: 9010.5M(10.0G)->4327.2M(10.0G)]
 [Times: user=1.13 sys=0.02, real=0.07 secs] 
444.220: Total time for which application threads were stopped: 0.0698920 seconds
444.241: Total time for which application threads were stopped: 0.0025580 seconds
444.242: Total time for which application threads were stopped: 0.0003000 seconds
444.244: Total time for which application threads were stopped: 0.0004600 seconds
444.782: Total time for which application threads were stopped: 0.0009840 seconds
444.790: Total time for which application threads were stopped: 0.0006310 seconds
446.385: Total time for which application threads were stopped: 0.0018050 seconds
448.700: Total time for which application threads were stopped: 0.0009690 seconds
449.441: Total time for which application threads were stopped: 0.0009350 seconds
449.442: [GC pause (GCLocker Initiated GC) (young)
Desired survivor size 318767104 bytes, new threshold 15 (max 15)
- age   1:   47885304 bytes,   47885304 total
- age   2:   44388144 bytes,   92273448 total
- age   3:   24166336 bytes,  116439784 total
- age   4:    7308016 bytes,  123747800 total
- age   5:    5548392 bytes,  129296192 total
- age   6:    2144376 bytes,  131440568 total
- age   7:      75784 bytes,  131516352 total
- age   8:    6919424 bytes,  138435776 total
- age   9:    3386344 bytes,  141822120 total
- age  10:    4290616 bytes,  146112736 total
- age  11:      73088 bytes,  146185824 total
, 0.0536900 secs]
   [Parallel Time: 48.2 ms, GC Workers: 18]
      [GC Worker Start (ms): Min: 449442.4, Avg: 449442.5, Max: 449442.6, Diff: 0.1]
      [Ext Root Scanning (ms): Min: 4.0, Avg: 4.8, Max: 5.2, Diff: 1.3, Sum: 85.7]
      [Update RS (ms): Min: 2.2, Avg: 2.6, Max: 3.2, Diff: 0.9, Sum: 47.4]
         [Processed Buffers: Min: 8, Avg: 35.4, Max: 66, Diff: 58, Sum: 637]
      [Scan RS (ms): Min: 0.0, Avg: 0.2, Max: 0.3, Diff: 0.3, Sum: 3.6]
      [Code Root Scanning (ms): Min: 0.0, Avg: 0.0, Max: 0.0, Diff: 0.0, Sum: 0.1]
      [Object Copy (ms): Min: 40.2, Avg: 40.3, Max: 40.6, Diff: 0.3, Sum: 725.8]
      [Termination (ms): Min: 0.0, Avg: 0.0, Max: 0.0, Diff: 0.0, Sum: 0.1]
      [GC Worker Other (ms): Min: 0.0, Avg: 0.1, Max: 0.1, Diff: 0.1, Sum: 1.2]
      [GC Worker Total (ms): Min: 47.9, Avg: 48.0, Max: 48.1, Diff: 0.2, Sum: 863.9]
      [GC Worker End (ms): Min: 449490.5, Avg: 449490.5, Max: 449490.5, Diff: 0.1]
   [Code Root Fixup: 0.3 ms]
   [Code Root Migration: 0.1 ms]
   [Clear CT: 1.3 ms]
   [Other: 3.9 ms]
      [Choose CSet: 0.0 ms]
      [Ref Proc: 1.7 ms]
      [Ref Enq: 0.1 ms]
      [Free CSet: 0.8 ms]
   [Eden: 4640.0M(4624.0M)->0.0B(4496.0M) Survivors: 240.0M->304.0M Heap: 8951.3M(10.0G)->4396.0M(10.0G)]
 [Times: user=0.88 sys=0.01, real=0.06 secs] 
449.496: Total time for which application threads were stopped: 0.0544720 seconds
449.602: Total time for which application threads were stopped: 0.0008520 seconds
452.483: Total time for which application threads were stopped: 0.0011100 seconds
454.193: Total time for which application threads were stopped: 0.0015510 seconds
454.194: Total time for which application threads were stopped: 0.0008590 seconds
454.198: Total time for which application threads were stopped: 0.0004590 seconds
454.316: Total time for which application threads were stopped: 0.0008130 seconds
454.323: Total time for which application threads were stopped: 0.0005840 seconds
454.362: [GC pause (G1 Evacuation Pause) (young)
Desired survivor size 318767104 bytes, new threshold 15 (max 15)
- age   1:   12157856 bytes,   12157856 total
- age   2:   42967936 bytes,   55125792 total
- age   3:   43802384 bytes,   98928176 total
- age   4:   23610984 bytes,  122539160 total
- age   5:    7140368 bytes,  129679528 total
- age   6:    5501552 bytes,  135181080 total
- age   7:    2143296 bytes,  137324376 total
- age   8:      73768 bytes,  137398144 total
- age   9:    6890864 bytes,  144289008 total
- age  10:    1322272 bytes,  145611280 total
- age  11:    2221648 bytes,  147832928 total
- age  12:      73064 bytes,  147905992 total
, 0.0471030 secs]
   [Parallel Time: 41.6 ms, GC Workers: 18]
      [GC Worker Start (ms): Min: 454362.3, Avg: 454362.4, Max: 454362.5, Diff: 0.1]
      [Ext Root Scanning (ms): Min: 4.2, Avg: 4.9, Max: 5.2, Diff: 1.0, Sum: 87.5]
      [Update RS (ms): Min: 2.0, Avg: 2.5, Max: 3.3, Diff: 1.3, Sum: 45.6]
         [Processed Buffers: Min: 7, Avg: 32.9, Max: 56, Diff: 49, Sum: 593]
      [Scan RS (ms): Min: 0.0, Avg: 0.2, Max: 0.3, Diff: 0.3, Sum: 3.2]
      [Code Root Scanning (ms): Min: 0.0, Avg: 0.0, Max: 0.0, Diff: 0.0, Sum: 0.1]
      [Object Copy (ms): Min: 33.5, Avg: 33.8, Max: 34.1, Diff: 0.7, Sum: 608.7]
      [Termination (ms): Min: 0.0, Avg: 0.0, Max: 0.0, Diff: 0.0, Sum: 0.1]
      [GC Worker Other (ms): Min: 0.0, Avg: 0.1, Max: 0.1, Diff: 0.1, Sum: 1.2]
      [GC Worker Total (ms): Min: 41.4, Avg: 41.5, Max: 41.6, Diff: 0.2, Sum: 746.3]
      [GC Worker End (ms): Min: 454403.8, Avg: 454403.9, Max: 454403.9, Diff: 0.1]
   [Code Root Fixup: 0.2 ms]
   [Code Root Migration: 0.1 ms]
   [Clear CT: 1.8 ms]
   [Other: 3.4 ms]
      [Choose CSet: 0.0 ms]
      [Ref Proc: 1.6 ms]
      [Ref Enq: 0.1 ms]
      [Free CSet: 0.6 ms]
   [Eden: 4496.0M(4496.0M)->0.0B(4656.0M) Survivors: 304.0M->224.0M Heap: 8892.0M(10.0G)->4311.6M(10.0G)]
 [Times: user=0.77 sys=0.01, real=0.05 secs] 
454.409: Total time for which application threads were stopped: 0.0483480 seconds
455.459: Total time for which application threads were stopped: 0.0010460 seconds
458.433: Total time for which application threads were stopped: 0.0086220 seconds
459.434: Total time for which application threads were stopped: 0.0009710 seconds
459.486: [GC pause (G1 Evacuation Pause) (young)
Desired survivor size 327155712 bytes, new threshold 15 (max 15)
- age   1:   10900864 bytes,   10900864 total
- age   2:    8386928 bytes,   19287792 total
- age   3:   42560368 bytes,   61848160 total
- age   4:   43560448 bytes,  105408608 total
- age   5:   23575656 bytes,  128984264 total
- age   6:    7110584 bytes,  136094848 total
- age   7:    5486008 bytes,  141580856 total
- age   8:    2143008 bytes,  143723864 total
- age   9:      72416 bytes,  143796280 total
- age  10:    2756064 bytes,  146552344 total
- age  11:    1317728 bytes,  147870072 total
- age  12:    2216192 bytes,  150086264 total
- age  13:      72520 bytes,  150158784 total
, 0.0512450 secs]
   [Parallel Time: 45.8 ms, GC Workers: 18]
      [GC Worker Start (ms): Min: 459486.7, Avg: 459486.8, Max: 459486.9, Diff: 0.2]
      [Ext Root Scanning (ms): Min: 4.1, Avg: 4.8, Max: 5.6, Diff: 1.4, Sum: 86.3]
      [Update RS (ms): Min: 2.3, Avg: 2.8, Max: 4.2, Diff: 1.9, Sum: 50.0]
         [Processed Buffers: Min: 7, Avg: 36.1, Max: 66, Diff: 59, Sum: 649]
      [Scan RS (ms): Min: 0.0, Avg: 0.2, Max: 0.3, Diff: 0.3, Sum: 3.9]
      [Code Root Scanning (ms): Min: 0.0, Avg: 0.0, Max: 0.0, Diff: 0.0, Sum: 0.1]
      [Object Copy (ms): Min: 36.9, Avg: 37.7, Max: 38.1, Diff: 1.1, Sum: 679.3]
      [Termination (ms): Min: 0.0, Avg: 0.0, Max: 0.0, Diff: 0.0, Sum: 0.1]
      [GC Worker Other (ms): Min: 0.0, Avg: 0.1, Max: 0.1, Diff: 0.1, Sum: 1.2]
      [GC Worker Total (ms): Min: 45.5, Avg: 45.6, Max: 45.7, Diff: 0.2, Sum: 820.9]
      [GC Worker End (ms): Min: 459532.4, Avg: 459532.4, Max: 459532.5, Diff: 0.1]
   [Code Root Fixup: 0.2 ms]
   [Code Root Migration: 0.1 ms]
   [Clear CT: 1.7 ms]
   [Other: 3.5 ms]
      [Choose CSet: 0.0 ms]
      [Ref Proc: 1.6 ms]
      [Ref Enq: 0.1 ms]
      [Free CSet: 0.6 ms]
   [Eden: 4656.0M(4656.0M)->0.0B(4368.0M) Survivors: 224.0M->368.0M Heap: 8967.6M(10.0G)->4452.7M(10.0G)]
 [Times: user=0.84 sys=0.02, real=0.05 secs] 
459.538: Total time for which application threads were stopped: 0.0525580 seconds
460.539: Total time for which application threads were stopped: 0.0010450 seconds
461.472: Total time for which application threads were stopped: 0.0010600 seconds
464.189: Total time for which application threads were stopped: 0.0010620 seconds
464.193: Total time for which application threads were stopped: 0.0004770 seconds
464.194: Total time for which application threads were stopped: 0.0003670 seconds
464.329: [GC pause (G1 Evacuation Pause) (young)
Desired survivor size 310378496 bytes, new threshold 15 (max 15)
- age   1:   12385424 bytes,   12385424 total
- age   2:    5814832 bytes,   18200256 total
- age   3:    7290464 bytes,   25490720 total
- age   4:   42413592 bytes,   67904312 total
- age   5:   43418248 bytes,  111322560 total
- age   6:   23538792 bytes,  134861352 total
- age   7:    7092688 bytes,  141954040 total
- age   8:    3412776 bytes,  145366816 total
- age   9:      74936 bytes,  145441752 total
- age  10:      72416 bytes,  145514168 total
- age  11:    2750888 bytes,  148265056 total
- age  12:    1314104 bytes,  149579160 total
- age  13:    1731888 bytes,  151311048 total
- age  14:      72520 bytes,  151383568 total
, 0.0739840 secs]
   [Parallel Time: 68.7 ms, GC Workers: 18]
      [GC Worker Start (ms): Min: 464329.0, Avg: 464329.1, Max: 464329.2, Diff: 0.2]
      [Ext Root Scanning (ms): Min: 3.7, Avg: 4.6, Max: 5.2, Diff: 1.5, Sum: 83.1]
      [Update RS (ms): Min: 2.1, Avg: 2.7, Max: 3.5, Diff: 1.4, Sum: 48.9]
         [Processed Buffers: Min: 9, Avg: 33.1, Max: 87, Diff: 78, Sum: 595]
      [Scan RS (ms): Min: 0.0, Avg: 0.2, Max: 0.3, Diff: 0.3, Sum: 3.2]
      [Code Root Scanning (ms): Min: 0.0, Avg: 0.0, Max: 0.0, Diff: 0.0, Sum: 0.1]
      [Object Copy (ms): Min: 60.5, Avg: 60.8, Max: 61.0, Diff: 0.5, Sum: 1095.3]
      [Termination (ms): Min: 0.0, Avg: 0.0, Max: 0.0, Diff: 0.0, Sum: 0.0]
      [GC Worker Other (ms): Min: 0.0, Avg: 0.1, Max: 0.1, Diff: 0.1, Sum: 1.2]
      [GC Worker Total (ms): Min: 68.3, Avg: 68.4, Max: 68.6, Diff: 0.2, Sum: 1231.9]
      [GC Worker End (ms): Min: 464397.5, Avg: 464397.6, Max: 464397.6, Diff: 0.1]
   [Code Root Fixup: 0.2 ms]
   [Code Root Migration: 0.1 ms]
   [Clear CT: 1.5 ms]
   [Other: 3.5 ms]
      [Choose CSet: 0.0 ms]
      [Ref Proc: 1.7 ms]
      [Ref Enq: 0.1 ms]
      [Free CSet: 0.6 ms]
   [Eden: 4368.0M(4368.0M)->0.0B(4528.0M) Survivors: 368.0M->288.0M Heap: 8820.7M(10.0G)->4379.4M(10.0G)]
 [Times: user=1.25 sys=0.02, real=0.07 secs] 
464.403: Total time for which application threads were stopped: 0.0752780 seconds
464.416: Total time for which application threads were stopped: 0.0011020 seconds
464.512: Total time for which application threads were stopped: 0.0008010 seconds
467.388: Total time for which application threads were stopped: 0.0010080 seconds
469.840: [GC pause (G1 Evacuation Pause) (young)
Desired survivor size 318767104 bytes, new threshold 15 (max 15)
- age   1:   58611016 bytes,   58611016 total
- age   2:    8729704 bytes,   67340720 total
- age   3:    5550144 bytes,   72890864 total
- age   4:    7137920 bytes,   80028784 total
- age   5:   42372864 bytes,  122401648 total
- age   6:   43393088 bytes,  165794736 total
- age   7:   23517680 bytes,  189312416 total
- age   8:    7082000 bytes,  196394416 total
- age   9:    1337800 bytes,  197732216 total
- age  10:      74368 bytes,  197806584 total
- age  11:      72416 bytes,  197879000 total
- age  12:    2746368 bytes,  200625368 total
- age  13:    1310120 bytes,  201935488 total
- age  14:    1725880 bytes,  203661368 total
- age  15:      72240 bytes,  203733608 total
, 0.0523980 secs]
   [Parallel Time: 47.0 ms, GC Workers: 18]
      [GC Worker Start (ms): Min: 469840.4, Avg: 469840.4, Max: 469840.5, Diff: 0.1]
      [Ext Root Scanning (ms): Min: 5.0, Avg: 5.5, Max: 6.0, Diff: 1.0, Sum: 98.3]
      [Update RS (ms): Min: 2.5, Avg: 3.1, Max: 4.4, Diff: 1.8, Sum: 55.7]
         [Processed Buffers: Min: 11, Avg: 37.0, Max: 88, Diff: 77, Sum: 666]
      [Scan RS (ms): Min: 0.1, Avg: 0.2, Max: 0.3, Diff: 0.2, Sum: 4.3]
      [Code Root Scanning (ms): Min: 0.0, Avg: 0.0, Max: 0.0, Diff: 0.0, Sum: 0.1]
      [Object Copy (ms): Min: 36.6, Avg: 38.0, Max: 38.3, Diff: 1.7, Sum: 683.2]
      [Termination (ms): Min: 0.0, Avg: 0.0, Max: 0.0, Diff: 0.0, Sum: 0.1]
      [GC Worker Other (ms): Min: 0.0, Avg: 0.1, Max: 0.1, Diff: 0.1, Sum: 1.3]
      [GC Worker Total (ms): Min: 46.7, Avg: 46.8, Max: 46.9, Diff: 0.2, Sum: 842.9]
      [GC Worker End (ms): Min: 469887.2, Avg: 469887.3, Max: 469887.3, Diff: 0.1]
   [Code Root Fixup: 0.2 ms]
   [Code Root Migration: 0.1 ms]
   [Clear CT: 1.5 ms]
   [Other: 3.5 ms]
      [Choose CSet: 0.0 ms]
      [Ref Proc: 1.7 ms]
      [Ref Enq: 0.1 ms]
      [Free CSet: 0.6 ms]
   [Eden: 4528.0M(4528.0M)->0.0B(4528.0M) Survivors: 288.0M->288.0M Heap: 8907.4M(10.0G)->4382.1M(10.0G)]
 [Times: user=0.84 sys=0.01, real=0.05 secs] 
469.893: Total time for which application threads were stopped: 0.0539340 seconds
470.435: Total time for which application threads were stopped: 0.0010440 seconds
473.190: Total time for which application threads were stopped: 0.0010650 seconds
473.576: Total time for which application threads were stopped: 0.0008580 seconds
474.167: Total time for which application threads were stopped: 0.0010320 seconds
474.168: Total time for which application threads were stopped: 0.0003500 seconds
474.172: Total time for which application threads were stopped: 0.0004190 seconds
474.815: Total time for which application threads were stopped: 0.0020410 seconds
474.827: Total time for which application threads were stopped: 0.0007220 seconds
475.174: [GC pause (G1 Evacuation Pause) (young)
Desired survivor size 318767104 bytes, new threshold 15 (max 15)
- age   1:   20483880 bytes,   20483880 total
- age   2:   16804672 bytes,   37288552 total
- age   3:    7320872 bytes,   44609424 total
- age   4:    5277832 bytes,   49887256 total
- age   5:    7071672 bytes,   56958928 total
- age   6:   42344184 bytes,   99303112 total
- age   7:   43366736 bytes,  142669848 total
- age   8:    5669600 bytes,  148339448 total
- age   9:    2949304 bytes,  151288752 total
- age  10:    1332456 bytes,  152621208 total
- age  11:      73864 bytes,  152695072 total
- age  12:      72392 bytes,  152767464 total
- age  13:    2169808 bytes,  154937272 total
- age  14:    1306320 bytes,  156243592 total
- age  15:    1702488 bytes,  157946080 total
, 0.0496000 secs]
   [Parallel Time: 44.2 ms, GC Workers: 18]
      [GC Worker Start (ms): Min: 475174.7, Avg: 475174.8, Max: 475174.9, Diff: 0.1]
      [Ext Root Scanning (ms): Min: 3.7, Avg: 4.7, Max: 5.1, Diff: 1.5, Sum: 83.9]
      [Update RS (ms): Min: 2.1, Avg: 2.7, Max: 3.4, Diff: 1.3, Sum: 48.6]
         [Processed Buffers: Min: 9, Avg: 33.1, Max: 64, Diff: 55, Sum: 596]
      [Scan RS (ms): Min: 0.0, Avg: 0.2, Max: 0.3, Diff: 0.3, Sum: 3.4]
      [Code Root Scanning (ms): Min: 0.0, Avg: 0.0, Max: 0.0, Diff: 0.0, Sum: 0.1]
      [Object Copy (ms): Min: 36.1, Avg: 36.4, Max: 36.5, Diff: 0.4, Sum: 655.2]
      [Termination (ms): Min: 0.0, Avg: 0.0, Max: 0.0, Diff: 0.0, Sum: 0.1]
      [GC Worker Other (ms): Min: 0.0, Avg: 0.1, Max: 0.1, Diff: 0.1, Sum: 1.1]
      [GC Worker Total (ms): Min: 44.0, Avg: 44.0, Max: 44.1, Diff: 0.2, Sum: 792.4]
      [GC Worker End (ms): Min: 475218.8, Avg: 475218.8, Max: 475218.9, Diff: 0.1]
   [Code Root Fixup: 0.2 ms]
   [Code Root Migration: 0.1 ms]
   [Clear CT: 1.6 ms]
   [Other: 3.5 ms]
      [Choose CSet: 0.0 ms]
      [Ref Proc: 1.7 ms]
      [Ref Enq: 0.1 ms]
      [Free CSet: 0.6 ms]
   [Eden: 4528.0M(4528.0M)->0.0B(4624.0M) Survivors: 288.0M->240.0M Heap: 8910.1M(10.0G)->4330.2M(10.0G)]
 [Times: user=0.81 sys=0.01, real=0.05 secs] 
475.224: Total time for which application threads were stopped: 0.0509090 seconds
476.376: Total time for which application threads were stopped: 0.0010960 seconds
479.843: Total time for which application threads were stopped: 0.0010610 seconds
480.553: [GC pause (G1 Evacuation Pause) (young)
Desired survivor size 318767104 bytes, new threshold 15 (max 15)
- age   1:   12600056 bytes,   12600056 total
- age   2:   13427784 bytes,   26027840 total
- age   3:   16577952 bytes,   42605792 total
- age   4:    7165648 bytes,   49771440 total
- age   5:    5257376 bytes,   55028816 total
- age   6:    7047136 bytes,   62075952 total
- age   7:   42333248 bytes,  104409200 total
- age   8:   43363800 bytes,  147773000 total
- age   9:    1539904 bytes,  149312904 total
- age  10:    2657864 bytes,  151970768 total
- age  11:    1330272 bytes,  153301040 total
- age  12:      73600 bytes,  153374640 total
- age  13:      72352 bytes,  153446992 total
- age  14:    2161720 bytes,  155608712 total
- age  15:    1289608 bytes,  156898320 total
, 0.0498090 secs]
   [Parallel Time: 44.5 ms, GC Workers: 18]
      [GC Worker Start (ms): Min: 480554.0, Avg: 480554.0, Max: 480554.1, Diff: 0.1]
      [Ext Root Scanning (ms): Min: 4.1, Avg: 4.7, Max: 5.2, Diff: 1.1, Sum: 84.4]
      [Update RS (ms): Min: 2.7, Avg: 3.8, Max: 5.4, Diff: 2.7, Sum: 68.4]
         [Processed Buffers: Min: 8, Avg: 36.1, Max: 72, Diff: 64, Sum: 650]
      [Scan RS (ms): Min: 0.0, Avg: 0.1, Max: 0.3, Diff: 0.3, Sum: 2.4]
      [Code Root Scanning (ms): Min: 0.0, Avg: 0.0, Max: 0.0, Diff: 0.0, Sum: 0.1]
      [Object Copy (ms): Min: 34.7, Avg: 35.6, Max: 36.2, Diff: 1.6, Sum: 641.5]
      [Termination (ms): Min: 0.0, Avg: 0.0, Max: 0.0, Diff: 0.0, Sum: 0.1]
      [GC Worker Other (ms): Min: 0.0, Avg: 0.1, Max: 0.1, Diff: 0.1, Sum: 1.2]
      [GC Worker Total (ms): Min: 44.2, Avg: 44.3, Max: 44.4, Diff: 0.2, Sum: 798.1]
      [GC Worker End (ms): Min: 480598.3, Avg: 480598.4, Max: 480598.4, Diff: 0.1]
   [Code Root Fixup: 0.2 ms]
   [Code Root Migration: 0.1 ms]
   [Clear CT: 1.5 ms]
   [Other: 3.5 ms]
      [Choose CSet: 0.0 ms]
      [Ref Proc: 1.7 ms]
      [Ref Enq: 0.1 ms]
      [Free CSet: 0.6 ms]
   [Eden: 4624.0M(4624.0M)->0.0B(4480.0M) Survivors: 240.0M->304.0M Heap: 8954.2M(10.0G)->4400.0M(10.0G)]
 [Times: user=0.80 sys=0.01, real=0.05 secs] 
480.604: Total time for which application threads were stopped: 0.0512690 seconds
482.438: Total time for which application threads were stopped: 0.0011140 seconds
484.170: Total time for which application threads were stopped: 0.0010350 seconds
484.173: Total time for which application threads were stopped: 0.0004780 seconds
484.180: Total time for which application threads were stopped: 0.0004320 seconds
484.709: Total time for which application threads were stopped: 0.0010900 seconds
485.560: Total time for which application threads were stopped: 0.0010590 seconds
485.636: Total time for which application threads were stopped: 0.0007760 seconds
485.636: [GC pause (GCLocker Initiated GC) (young)
Desired survivor size 318767104 bytes, new threshold 15 (max 15)
- age   1:   13910888 bytes,   13910888 total
- age   2:    6232992 bytes,   20143880 total
- age   3:   12287320 bytes,   32431200 total
- age   4:   16430720 bytes,   48861920 total
- age   5:    7115648 bytes,   55977568 total
- age   6:    5240888 bytes,   61218456 total
- age   7:    7033112 bytes,   68251568 total
- age   8:   40268984 bytes,  108520552 total
- age   9:   39242456 bytes,  147763008 total
- age  10:    1530016 bytes,  149293024 total
- age  11:    2424136 bytes,  151717160 total
- age  12:    1321896 bytes,  153039056 total
- age  13:      73496 bytes,  153112552 total
- age  14:      70952 bytes,  153183504 total
- age  15:    2133920 bytes,  155317424 total
, 0.0506040 secs]
   [Parallel Time: 45.2 ms, GC Workers: 18]
      [GC Worker Start (ms): Min: 485636.9, Avg: 485637.0, Max: 485637.1, Diff: 0.1]
      [Ext Root Scanning (ms): Min: 4.4, Avg: 4.9, Max: 5.3, Diff: 0.9, Sum: 88.9]
      [Update RS (ms): Min: 2.8, Avg: 3.9, Max: 12.9, Diff: 10.0, Sum: 71.0]
         [Processed Buffers: Min: 1, Avg: 33.6, Max: 128, Diff: 127, Sum: 604]
      [Scan RS (ms): Min: 0.0, Avg: 0.2, Max: 0.3, Diff: 0.3, Sum: 3.1]
      [Code Root Scanning (ms): Min: 0.0, Avg: 0.0, Max: 0.0, Diff: 0.0, Sum: 0.1]
      [Object Copy (ms): Min: 26.8, Avg: 35.8, Max: 36.5, Diff: 9.7, Sum: 643.6]
      [Termination (ms): Min: 0.0, Avg: 0.1, Max: 0.1, Diff: 0.1, Sum: 1.7]
      [GC Worker Other (ms): Min: 0.0, Avg: 0.1, Max: 0.1, Diff: 0.1, Sum: 1.2]
      [GC Worker Total (ms): Min: 44.9, Avg: 45.0, Max: 45.1, Diff: 0.1, Sum: 809.6]
      [GC Worker End (ms): Min: 485682.0, Avg: 485682.0, Max: 485682.0, Diff: 0.1]
   [Code Root Fixup: 0.3 ms]
   [Code Root Migration: 0.1 ms]
   [Clear CT: 1.6 ms]
   [Other: 3.5 ms]
      [Choose CSet: 0.0 ms]
      [Ref Proc: 1.7 ms]
      [Ref Enq: 0.1 ms]
      [Free CSet: 0.6 ms]
   [Eden: 4496.0M(4480.0M)->0.0B(4576.0M) Survivors: 304.0M->256.0M Heap: 8880.0M(10.0G)->4354.5M(10.0G)]
 [Times: user=0.78 sys=0.01, real=0.05 secs] 
485.688: Total time for which application threads were stopped: 0.0514640 seconds
486.689: Total time for which application threads were stopped: 0.0009820 seconds
488.388: Total time for which application threads were stopped: 0.0009830 seconds
491.021: [GC pause (G1 Evacuation Pause) (young)
Desired survivor size 318767104 bytes, new threshold 15 (max 15)
- age   1:   12724072 bytes,   12724072 total
- age   2:    7863040 bytes,   20587112 total
- age   3:    5879608 bytes,   26466720 total
- age   4:   12140360 bytes,   38607080 total
- age   5:   16406448 bytes,   55013528 total
- age   6:    7092104 bytes,   62105632 total
- age   7:    5232104 bytes,   67337736 total
- age   8:    4964944 bytes,   72302680 total
- age   9:   38202232 bytes,  110504912 total
- age  10:   39239864 bytes,  149744776 total
- age  11:    1528672 bytes,  151273448 total
- age  12:    2414248 bytes,  153687696 total
- age  13:    1303744 bytes,  154991440 total
- age  14:      73424 bytes,  155064864 total
- age  15:      70928 bytes,  155135792 total
, 0.0502590 secs]
   [Parallel Time: 44.9 ms, GC Workers: 18]
      [GC Worker Start (ms): Min: 491021.2, Avg: 491021.3, Max: 491021.4, Diff: 0.2]
      [Ext Root Scanning (ms): Min: 3.5, Avg: 4.5, Max: 5.1, Diff: 1.6, Sum: 81.5]
      [Update RS (ms): Min: 2.3, Avg: 3.0, Max: 4.2, Diff: 1.8, Sum: 54.1]
         [Processed Buffers: Min: 10, Avg: 36.8, Max: 67, Diff: 57, Sum: 662]
      [Scan RS (ms): Min: 0.0, Avg: 0.2, Max: 0.3, Diff: 0.3, Sum: 4.0]
      [Code Root Scanning (ms): Min: 0.0, Avg: 0.0, Max: 0.0, Diff: 0.0, Sum: 0.2]
      [Object Copy (ms): Min: 36.6, Avg: 36.9, Max: 37.1, Diff: 0.5, Sum: 663.8]
      [Termination (ms): Min: 0.0, Avg: 0.0, Max: 0.0, Diff: 0.0, Sum: 0.1]
      [GC Worker Other (ms): Min: 0.0, Avg: 0.1, Max: 0.1, Diff: 0.1, Sum: 1.1]
      [GC Worker Total (ms): Min: 44.6, Avg: 44.7, Max: 44.8, Diff: 0.3, Sum: 804.7]
      [GC Worker End (ms): Min: 491065.9, Avg: 491066.0, Max: 491066.0, Diff: 0.1]
   [Code Root Fixup: 0.2 ms]
   [Code Root Migration: 0.1 ms]
   [Clear CT: 1.6 ms]
   [Other: 3.6 ms]
      [Choose CSet: 0.0 ms]
      [Ref Proc: 1.7 ms]
      [Ref Enq: 0.1 ms]
      [Free CSet: 0.6 ms]
   [Eden: 4576.0M(4576.0M)->0.0B(4384.0M) Survivors: 256.0M->352.0M Heap: 8930.5M(10.0G)->4443.7M(10.0G)]
 [Times: user=0.82 sys=0.01, real=0.05 secs] 
491.071: Total time for which application threads were stopped: 0.0526240 seconds
491.486: Total time for which application threads were stopped: 0.0015500 seconds
494.170: Total time for which application threads were stopped: 0.0010960 seconds
494.194: Total time for which application threads were stopped: 0.0007850 seconds
494.210: Total time for which application threads were stopped: 0.0006370 seconds
494.414: Total time for which application threads were stopped: 0.0008870 seconds
495.114: Total time for which application threads were stopped: 0.0010510 seconds
495.434: Total time for which application threads were stopped: 0.0008290 seconds
496.005: [GC pause (G1 Evacuation Pause) (young)
Desired survivor size 310378496 bytes, new threshold 15 (max 15)
- age   1:   13816552 bytes,   13816552 total
- age   2:    6094624 bytes,   19911176 total
- age   3:    6892832 bytes,   26804008 total
- age   4:    5728688 bytes,   32532696 total
- age   5:   12083960 bytes,   44616656 total
- age   6:   16388768 bytes,   61005424 total
- age   7:    7082512 bytes,   68087936 total
- age   8:    3165304 bytes,   71253240 total
- age   9:    2898472 bytes,   74151712 total
- age  10:   38194400 bytes,  112346112 total
- age  11:   39237504 bytes,  151583616 total
- age  12:    1527024 bytes,  153110640 total
- age  13:    2385072 bytes,  155495712 total
- age  14:    1302616 bytes,  156798328 total
- age  15:      73424 bytes,  156871752 total
, 0.0790650 secs]
   [Parallel Time: 73.9 ms, GC Workers: 18]
      [GC Worker Start (ms): Min: 496006.0, Avg: 496006.1, Max: 496006.2, Diff: 0.2]
      [Ext Root Scanning (ms): Min: 4.2, Avg: 4.7, Max: 5.1, Diff: 0.9, Sum: 84.9]
      [Update RS (ms): Min: 2.3, Avg: 2.8, Max: 3.3, Diff: 1.0, Sum: 50.5]
         [Processed Buffers: Min: 6, Avg: 33.3, Max: 105, Diff: 99, Sum: 599]
      [Scan RS (ms): Min: 0.0, Avg: 0.2, Max: 0.3, Diff: 0.3, Sum: 4.1]
      [Code Root Scanning (ms): Min: 0.0, Avg: 0.0, Max: 0.0, Diff: 0.0, Sum: 0.1]
      [Object Copy (ms): Min: 65.6, Avg: 65.9, Max: 66.3, Diff: 0.7, Sum: 1186.8]
      [Termination (ms): Min: 0.0, Avg: 0.0, Max: 0.0, Diff: 0.0, Sum: 0.1]
      [GC Worker Other (ms): Min: 0.0, Avg: 0.1, Max: 0.1, Diff: 0.1, Sum: 1.1]
      [GC Worker Total (ms): Min: 73.7, Avg: 73.8, Max: 73.8, Diff: 0.1, Sum: 1327.6]
      [GC Worker End (ms): Min: 496079.8, Avg: 496079.8, Max: 496079.9, Diff: 0.1]
   [Code Root Fixup: 0.2 ms]
   [Code Root Migration: 0.1 ms]
   [Clear CT: 1.4 ms]
   [Other: 3.5 ms]
      [Choose CSet: 0.0 ms]
      [Ref Proc: 1.7 ms]
      [Ref Enq: 0.1 ms]
      [Free CSet: 0.6 ms]
   [Eden: 4384.0M(4384.0M)->0.0B(4512.0M) Survivors: 352.0M->288.0M Heap: 8827.7M(10.0G)->4387.6M(10.0G)]
 [Times: user=1.34 sys=0.01, real=0.08 secs] 
496.085: Total time for which application threads were stopped: 0.0806060 seconds
497.381: Total time for which application threads were stopped: 0.0010480 seconds
498.383: Total time for which application threads were stopped: 0.0010120 seconds
500.547: Total time for which application threads were stopped: 0.0010780 seconds
500.969: [GC pause (G1 Evacuation Pause) (young)
Desired survivor size 318767104 bytes, new threshold 15 (max 15)
- age   1:   62508104 bytes,   62508104 total
- age   2:    8162856 bytes,   70670960 total
- age   3:    5858680 bytes,   76529640 total
- age   4:    6718592 bytes,   83248232 total
- age   5:    5681912 bytes,   88930144 total
- age   6:   12057480 bytes,  100987624 total
- age   7:   16373408 bytes,  117361032 total
- age   8:    5018064 bytes,  122379096 total
- age   9:    1094032 bytes,  123473128 total
- age  10:    2894864 bytes,  126367992 total
- age  11:   38189928 bytes,  164557920 total
- age  12:   38917264 bytes,  203475184 total
- age  13:    1496888 bytes,  204972072 total
- age  14:    2383336 bytes,  207355408 total
- age  15:    1301368 bytes,  208656776 total
, 0.0541440 secs]
   [Parallel Time: 49.0 ms, GC Workers: 18]
      [GC Worker Start (ms): Min: 500969.6, Avg: 500969.7, Max: 500969.7, Diff: 0.1]
      [Ext Root Scanning (ms): Min: 3.8, Avg: 4.8, Max: 7.0, Diff: 3.1, Sum: 87.0]
      [Update RS (ms): Min: 0.6, Avg: 2.7, Max: 3.5, Diff: 2.9, Sum: 49.0]
         [Processed Buffers: Min: 4, Avg: 34.8, Max: 76, Diff: 72, Sum: 627]
      [Scan RS (ms): Min: 0.0, Avg: 0.2, Max: 0.3, Diff: 0.3, Sum: 3.4]
      [Code Root Scanning (ms): Min: 0.0, Avg: 0.0, Max: 0.0, Diff: 0.0, Sum: 0.1]
      [Object Copy (ms): Min: 40.5, Avg: 41.0, Max: 41.3, Diff: 0.8, Sum: 738.7]
      [Termination (ms): Min: 0.0, Avg: 0.0, Max: 0.0, Diff: 0.0, Sum: 0.1]
      [GC Worker Other (ms): Min: 0.0, Avg: 0.1, Max: 0.1, Diff: 0.1, Sum: 1.2]
      [GC Worker Total (ms): Min: 48.8, Avg: 48.9, Max: 48.9, Diff: 0.2, Sum: 879.4]
      [GC Worker End (ms): Min: 501018.5, Avg: 501018.5, Max: 501018.6, Diff: 0.1]
   [Code Root Fixup: 0.3 ms]
   [Code Root Migration: 0.1 ms]
   [Clear CT: 1.4 ms]
   [Other: 3.4 ms]
      [Choose CSet: 0.0 ms]
      [Ref Proc: 1.6 ms]
      [Ref Enq: 0.1 ms]
      [Free CSet: 0.6 ms]
   [Eden: 4512.0M(4512.0M)->0.0B(4512.0M) Survivors: 288.0M->288.0M Heap: 8899.6M(10.0G)->4382.9M(10.0G)]
 [Times: user=0.89 sys=0.01, real=0.06 secs] 
501.024: Total time for which application threads were stopped: 0.0554280 seconds
503.455: Total time for which application threads were stopped: 0.0010860 seconds
504.168: Total time for which application threads were stopped: 0.0010580 seconds
504.169: Total time for which application threads were stopped: 0.0003980 seconds
504.171: Total time for which application threads were stopped: 0.0004450 seconds
504.616: Total time for which application threads were stopped: 0.0008420 seconds
504.628: Total time for which application threads were stopped: 0.0007060 seconds
505.630: Total time for which application threads were stopped: 0.0025190 seconds
506.018: [GC pause (G1 Evacuation Pause) (young)
Desired survivor size 318767104 bytes, new threshold 15 (max 15)
- age   1:   18274720 bytes,   18274720 total
- age   2:   19439504 bytes,   37714224 total
- age   3:    7100832 bytes,   44815056 total
- age   4:    5589880 bytes,   50404936 total
- age   5:    6533192 bytes,   56938128 total
- age   6:    5653584 bytes,   62591712 total
- age   7:    7033856 bytes,   69625568 total
- age   8:    1451304 bytes,   71076872 total
- age   9:    2948672 bytes,   74025544 total
- age  10:    1090944 bytes,   75116488 total
- age  11:    2891696 bytes,   78008184 total
- age  12:   38182896 bytes,  116191080 total
- age  13:   38649696 bytes,  154840776 total
- age  14:    1495144 bytes,  156335920 total
- age  15:    2382032 bytes,  158717952 total
, 0.0529580 secs]
   [Parallel Time: 47.5 ms, GC Workers: 18]
      [GC Worker Start (ms): Min: 506018.8, Avg: 506018.9, Max: 506019.0, Diff: 0.2]
      [Ext Root Scanning (ms): Min: 4.1, Avg: 4.6, Max: 5.1, Diff: 1.0, Sum: 83.5]
      [Update RS (ms): Min: 2.7, Avg: 3.0, Max: 3.6, Diff: 1.0, Sum: 53.8]
         [Processed Buffers: Min: 11, Avg: 33.6, Max: 65, Diff: 54, Sum: 605]
      [Scan RS (ms): Min: 0.0, Avg: 0.2, Max: 0.3, Diff: 0.3, Sum: 3.5]
      [Code Root Scanning (ms): Min: 0.0, Avg: 0.0, Max: 0.0, Diff: 0.0, Sum: 0.1]
      [Object Copy (ms): Min: 39.2, Avg: 39.3, Max: 39.5, Diff: 0.3, Sum: 708.1]
      [Termination (ms): Min: 0.0, Avg: 0.0, Max: 0.0, Diff: 0.0, Sum: 0.1]
      [GC Worker Other (ms): Min: 0.0, Avg: 0.1, Max: 0.1, Diff: 0.1, Sum: 1.4]
      [GC Worker Total (ms): Min: 47.1, Avg: 47.2, Max: 47.3, Diff: 0.2, Sum: 850.4]
      [GC Worker End (ms): Min: 506066.1, Avg: 506066.1, Max: 506066.2, Diff: 0.1]
   [Code Root Fixup: 0.2 ms]
   [Code Root Migration: 0.1 ms]
   [Clear CT: 1.5 ms]
   [Other: 3.7 ms]
      [Choose CSet: 0.0 ms]
      [Ref Proc: 1.6 ms]
      [Ref Enq: 0.1 ms]
      [Free CSet: 0.8 ms]
   [Eden: 4512.0M(4512.0M)->0.0B(4448.0M) Survivors: 288.0M->320.0M Heap: 8894.9M(10.0G)->4420.5M(10.0G)]
 [Times: user=0.88 sys=0.01, real=0.05 secs] 
506.072: Total time for which application threads were stopped: 0.0541710 seconds
506.577: Total time for which application threads were stopped: 0.0010520 seconds
509.509: Total time for which application threads were stopped: 0.0010700 seconds
511.179: [GC pause (G1 Evacuation Pause) (young)
Desired survivor size 318767104 bytes, new threshold 15 (max 15)
- age   1:   11914792 bytes,   11914792 total
- age   2:   12667000 bytes,   24581792 total
- age   3:   19167768 bytes,   43749560 total
- age   4:    6953632 bytes,   50703192 total
- age   5:    5555864 bytes,   56259056 total
- age   6:    6504584 bytes,   62763640 total
- age   7:    5639720 bytes,   68403360 total
- age   8:    2905984 bytes,   71309344 total
- age   9:    1445512 bytes,   72754856 total
- age  10:    2946424 bytes,   75701280 total
- age  11:    1085080 bytes,   76786360 total
- age  12:    2596792 bytes,   79383152 total
- age  13:   38165832 bytes,  117548984 total
- age  14:   38646368 bytes,  156195352 total
- age  15:    1493840 bytes,  157689192 total
, 0.0506720 secs]
   [Parallel Time: 45.2 ms, GC Workers: 18]
      [GC Worker Start (ms): Min: 511179.2, Avg: 511179.3, Max: 511179.3, Diff: 0.1]
      [Ext Root Scanning (ms): Min: 3.8, Avg: 4.7, Max: 5.3, Diff: 1.4, Sum: 85.2]
      [Update RS (ms): Min: 2.3, Avg: 3.0, Max: 3.8, Diff: 1.5, Sum: 53.3]
         [Processed Buffers: Min: 10, Avg: 35.3, Max: 80, Diff: 70, Sum: 636]
      [Scan RS (ms): Min: 0.0, Avg: 0.2, Max: 0.3, Diff: 0.3, Sum: 3.4]
      [Code Root Scanning (ms): Min: 0.0, Avg: 0.0, Max: 0.0, Diff: 0.0, Sum: 0.1]
      [Object Copy (ms): Min: 36.8, Avg: 37.0, Max: 37.2, Diff: 0.4, Sum: 665.7]
      [Termination (ms): Min: 0.0, Avg: 0.0, Max: 0.0, Diff: 0.0, Sum: 0.1]
      [GC Worker Other (ms): Min: 0.0, Avg: 0.1, Max: 0.1, Diff: 0.1, Sum: 1.2]
      [GC Worker Total (ms): Min: 44.9, Avg: 44.9, Max: 45.0, Diff: 0.2, Sum: 809.1]
      [GC Worker End (ms): Min: 511224.2, Avg: 511224.2, Max: 511224.3, Diff: 0.1]
   [Code Root Fixup: 0.2 ms]
   [Code Root Migration: 0.1 ms]
   [Clear CT: 1.4 ms]
   [Other: 3.7 ms]
      [Choose CSet: 0.0 ms]
      [Ref Proc: 1.7 ms]
      [Ref Enq: 0.1 ms]
      [Free CSet: 0.8 ms]
   [Eden: 4448.0M(4448.0M)->0.0B(4416.0M) Survivors: 320.0M->336.0M Heap: 8868.5M(10.0G)->4442.7M(10.0G)]
 [Times: user=0.83 sys=0.01, real=0.05 secs] 
511.230: Total time for which application threads were stopped: 0.0520640 seconds
512.372: Total time for which application threads were stopped: 0.0011610 seconds
514.185: Total time for which application threads were stopped: 0.0069410 seconds
514.186: Total time for which application threads were stopped: 0.0006370 seconds
514.196: Total time for which application threads were stopped: 0.0007700 seconds
514.539: Total time for which application threads were stopped: 0.0059200 seconds
514.565: Total time for which application threads were stopped: 0.0007680 seconds
515.587: Total time for which application threads were stopped: 0.0011500 seconds
516.471: [GC pause (G1 Evacuation Pause) (young)
Desired survivor size 318767104 bytes, new threshold 15 (max 15)
- age   1:   13026048 bytes,   13026048 total
- age   2:    6461368 bytes,   19487416 total
- age   3:   11440368 bytes,   30927784 total
- age   4:   19029096 bytes,   49956880 total
- age   5:    6896504 bytes,   56853384 total
- age   6:    5526344 bytes,   62379728 total
- age   7:    6486592 bytes,   68866320 total
- age   8:    1514168 bytes,   70380488 total
- age   9:    2898352 bytes,   73278840 total
- age  10:    1441504 bytes,   74720344 total
- age  11:    2938432 bytes,   77658776 total
- age  12:    1083328 bytes,   78742104 total
- age  13:    2363536 bytes,   81105640 total
- age  14:   38162184 bytes,  119267824 total
- age  15:   38645328 bytes,  157913152 total
, 0.0551160 secs]
   [Parallel Time: 49.5 ms, GC Workers: 18]
      [GC Worker Start (ms): Min: 516471.7, Avg: 516471.8, Max: 516471.9, Diff: 0.2]
      [Ext Root Scanning (ms): Min: 4.3, Avg: 5.0, Max: 5.4, Diff: 1.1, Sum: 89.9]
      [Update RS (ms): Min: 2.8, Avg: 3.2, Max: 4.5, Diff: 1.7, Sum: 57.2]
         [Processed Buffers: Min: 8, Avg: 33.6, Max: 108, Diff: 100, Sum: 605]
      [Scan RS (ms): Min: 0.0, Avg: 0.2, Max: 0.3, Diff: 0.3, Sum: 3.9]
      [Code Root Scanning (ms): Min: 0.0, Avg: 0.0, Max: 0.0, Diff: 0.0, Sum: 0.1]
      [Object Copy (ms): Min: 40.4, Avg: 40.8, Max: 41.1, Diff: 0.7, Sum: 735.0]
      [Termination (ms): Min: 0.0, Avg: 0.0, Max: 0.0, Diff: 0.0, Sum: 0.0]
      [GC Worker Other (ms): Min: 0.0, Avg: 0.1, Max: 0.1, Diff: 0.1, Sum: 1.3]
      [GC Worker Total (ms): Min: 49.2, Avg: 49.3, Max: 49.4, Diff: 0.2, Sum: 887.4]
      [GC Worker End (ms): Min: 516521.1, Avg: 516521.1, Max: 516521.2, Diff: 0.1]
   [Code Root Fixup: 0.2 ms]
   [Code Root Migration: 0.1 ms]
   [Clear CT: 1.4 ms]
   [Other: 3.8 ms]
      [Choose CSet: 0.0 ms]
      [Ref Proc: 1.6 ms]
      [Ref Enq: 0.1 ms]
      [Free CSet: 0.8 ms]
   [Eden: 4416.0M(4416.0M)->0.0B(4624.0M) Survivors: 336.0M->208.0M Heap: 8858.7M(10.0G)->4352.1M(10.0G)]
 [Times: user=0.90 sys=0.01, real=0.06 secs] 
516.527: Total time for which application threads were stopped: 0.0565330 seconds
518.385: Total time for which application threads were stopped: 0.0010830 seconds
521.441: Total time for which application threads were stopped: 0.0010840 seconds
521.980: Total time for which application threads were stopped: 0.0009630 seconds
521.981: [GC pause (GCLocker Initiated GC) (young)
Desired survivor size 318767104 bytes, new threshold 15 (max 15)
- age   1:   12457440 bytes,   12457440 total
- age   2:    7815128 bytes,   20272568 total
- age   3:    6123600 bytes,   26396168 total
- age   4:   11253624 bytes,   37649792 total
- age   5:   18970960 bytes,   56620752 total
- age   6:    6868128 bytes,   63488880 total
- age   7:    5508072 bytes,   68996952 total
- age   8:    2360912 bytes,   71357864 total
- age   9:    1509416 bytes,   72867280 total
- age  10:    2605920 bytes,   75473200 total
- age  11:    1435816 bytes,   76909016 total
- age  12:    2628432 bytes,   79537448 total
- age  13:    1060240 bytes,   80597688 total
- age  14:    2361952 bytes,   82959640 total
- age  15:   38159240 bytes,  121118880 total
, 0.0507410 secs]
   [Parallel Time: 44.8 ms, GC Workers: 18]
      [GC Worker Start (ms): Min: 521981.2, Avg: 521981.3, Max: 521981.3, Diff: 0.1]
      [Ext Root Scanning (ms): Min: 4.4, Avg: 5.0, Max: 5.7, Diff: 1.3, Sum: 89.4]
      [Update RS (ms): Min: 9.8, Avg: 10.7, Max: 11.7, Diff: 1.9, Sum: 193.1]
         [Processed Buffers: Min: 15, Avg: 50.4, Max: 86, Diff: 71, Sum: 907]
      [Scan RS (ms): Min: 0.0, Avg: 0.2, Max: 0.3, Diff: 0.3, Sum: 3.5]
      [Code Root Scanning (ms): Min: 0.0, Avg: 0.0, Max: 0.0, Diff: 0.0, Sum: 0.1]
      [Object Copy (ms): Min: 28.1, Avg: 28.7, Max: 29.0, Diff: 0.9, Sum: 515.9]
      [Termination (ms): Min: 0.0, Avg: 0.0, Max: 0.0, Diff: 0.0, Sum: 0.1]
      [GC Worker Other (ms): Min: 0.0, Avg: 0.1, Max: 0.1, Diff: 0.1, Sum: 1.3]
      [GC Worker Total (ms): Min: 44.6, Avg: 44.6, Max: 44.7, Diff: 0.2, Sum: 803.4]
      [GC Worker End (ms): Min: 522025.9, Avg: 522025.9, Max: 522025.9, Diff: 0.1]
   [Code Root Fixup: 0.2 ms]
   [Code Root Migration: 0.1 ms]
   [Clear CT: 1.6 ms]
   [Other: 3.9 ms]
      [Choose CSet: 0.0 ms]
      [Ref Proc: 1.7 ms]
      [Ref Enq: 0.1 ms]
      [Free CSet: 0.8 ms]
   [Eden: 4640.0M(4624.0M)->0.0B(4656.0M) Survivors: 208.0M->176.0M Heap: 8976.4M(10.0G)->4358.5M(10.0G)]
 [Times: user=0.83 sys=0.01, real=0.05 secs] 
522.032: Total time for which application threads were stopped: 0.0514410 seconds
524.169: Total time for which application threads were stopped: 0.0010490 seconds
524.185: Total time for which application threads were stopped: 0.0007530 seconds
524.186: Total time for which application threads were stopped: 0.0003840 seconds
524.383: Total time for which application threads were stopped: 0.0008420 seconds
524.408: Total time for which application threads were stopped: 0.0007560 seconds
527.405: [GC pause (G1 Evacuation Pause) (young)
Desired survivor size 318767104 bytes, new threshold 15 (max 15)
- age   1:   12577584 bytes,   12577584 total
- age   2:    6445488 bytes,   19023072 total
- age   3:    6653352 bytes,   25676424 total
- age   4:    5972856 bytes,   31649280 total
- age   5:   11182880 bytes,   42832160 total
- age   6:   18943328 bytes,   61775488 total
- age   7:    6853920 bytes,   68629408 total
- age   8:    1369112 bytes,   69998520 total
- age   9:    2354624 bytes,   72353144 total
- age  10:    1487960 bytes,   73841104 total
- age  11:    2603608 bytes,   76444712 total
- age  12:    1424584 bytes,   77869296 total
- age  13:    2366640 bytes,   80235936 total
- age  14:    1058808 bytes,   81294744 total
- age  15:    2361616 bytes,   83656360 total
, 0.0491230 secs]
   [Parallel Time: 43.8 ms, GC Workers: 18]
      [GC Worker Start (ms): Min: 527405.1, Avg: 527405.1, Max: 527405.2, Diff: 0.1]
      [Ext Root Scanning (ms): Min: 4.4, Avg: 4.9, Max: 5.7, Diff: 1.3, Sum: 88.3]
      [Update RS (ms): Min: 9.0, Avg: 9.9, Max: 10.8, Diff: 1.9, Sum: 178.4]
         [Processed Buffers: Min: 29, Avg: 50.8, Max: 72, Diff: 43, Sum: 914]
      [Scan RS (ms): Min: 0.0, Avg: 0.2, Max: 0.3, Diff: 0.3, Sum: 3.5]
      [Code Root Scanning (ms): Min: 0.0, Avg: 0.0, Max: 0.0, Diff: 0.0, Sum: 0.1]
      [Object Copy (ms): Min: 27.6, Avg: 28.1, Max: 28.5, Diff: 0.9, Sum: 505.5]
      [Termination (ms): Min: 0.0, Avg: 0.5, Max: 0.7, Diff: 0.7, Sum: 9.2]
      [GC Worker Other (ms): Min: 0.0, Avg: 0.0, Max: 0.1, Diff: 0.1, Sum: 0.8]
      [GC Worker Total (ms): Min: 43.6, Avg: 43.7, Max: 43.7, Diff: 0.2, Sum: 785.8]
      [GC Worker End (ms): Min: 527448.7, Avg: 527448.8, Max: 527448.8, Diff: 0.1]
   [Code Root Fixup: 0.2 ms]
   [Code Root Migration: 0.1 ms]
   [Clear CT: 1.3 ms]
   [Other: 3.7 ms]
      [Choose CSet: 0.0 ms]
      [Ref Proc: 1.6 ms]
      [Ref Enq: 0.1 ms]
      [Free CSet: 0.8 ms]
   [Eden: 4656.0M(4656.0M)->0.0B(4640.0M) Survivors: 176.0M->160.0M Heap: 9014.5M(10.0G)->4380.2M(10.0G)]
 [Times: user=0.81 sys=0.00, real=0.05 secs] 
527.454: Total time for which application threads were stopped: 0.0513920 seconds
527.675: Total time for which application threads were stopped: 0.0008760 seconds
530.477: Total time for which application threads were stopped: 0.0010700 seconds
532.775: [GC pause (G1 Evacuation Pause) (young)
Desired survivor size 318767104 bytes, new threshold 15 (max 15)
- age   1:   34379208 bytes,   34379208 total
- age   2:    7200200 bytes,   41579408 total
- age   3:    6271064 bytes,   47850472 total
- age   4:    6480416 bytes,   54330888 total
- age   5:    5934184 bytes,   60265072 total
- age   6:   11145200 bytes,   71410272 total
- age   7:   18930112 bytes,   90340384 total
- age   8:    2735048 bytes,   93075432 total
- age   9:    1364296 bytes,   94439728 total
- age  10:    2352432 bytes,   96792160 total
- age  11:    1180832 bytes,   97972992 total
- age  12:    2359856 bytes,  100332848 total
- age  13:    1404032 bytes,  101736880 total
- age  14:    2365408 bytes,  104102288 total
- age  15:    1055488 bytes,  105157776 total
, 0.0330650 secs]
   [Parallel Time: 27.6 ms, GC Workers: 18]
      [GC Worker Start (ms): Min: 532775.9, Avg: 532776.0, Max: 532776.1, Diff: 0.2]
      [Ext Root Scanning (ms): Min: 4.2, Avg: 4.8, Max: 5.2, Diff: 1.0, Sum: 86.1]
      [Update RS (ms): Min: 2.6, Avg: 3.2, Max: 3.8, Diff: 1.2, Sum: 56.9]
         [Processed Buffers: Min: 11, Avg: 33.9, Max: 72, Diff: 61, Sum: 610]
      [Scan RS (ms): Min: 0.0, Avg: 0.2, Max: 0.3, Diff: 0.3, Sum: 3.5]
      [Code Root Scanning (ms): Min: 0.0, Avg: 0.0, Max: 0.0, Diff: 0.0, Sum: 0.1]
      [Object Copy (ms): Min: 17.8, Avg: 18.4, Max: 19.2, Diff: 1.5, Sum: 330.4]
      [Termination (ms): Min: 0.0, Avg: 0.8, Max: 1.3, Diff: 1.3, Sum: 14.6]
      [GC Worker Other (ms): Min: 0.0, Avg: 0.0, Max: 0.1, Diff: 0.1, Sum: 0.7]
      [GC Worker Total (ms): Min: 27.3, Avg: 27.4, Max: 27.4, Diff: 0.2, Sum: 492.4]
      [GC Worker End (ms): Min: 532803.4, Avg: 532803.4, Max: 532803.4, Diff: 0.1]
   [Code Root Fixup: 0.2 ms]
   [Code Root Migration: 0.1 ms]
   [Clear CT: 1.6 ms]
   [Other: 3.6 ms]
      [Choose CSet: 0.0 ms]
      [Ref Proc: 1.5 ms]
      [Ref Enq: 0.1 ms]
      [Free CSet: 0.8 ms]
   [Eden: 4640.0M(4640.0M)->0.0B(4704.0M) Survivors: 160.0M->128.0M Heap: 9020.2M(10.0G)->4362.3M(10.0G)]
 [Times: user=0.48 sys=0.01, real=0.04 secs] 
532.809: Total time for which application threads were stopped: 0.0344270 seconds
533.385: Total time for which application threads were stopped: 0.0010190 seconds
534.168: Total time for which application threads were stopped: 0.0010210 seconds
534.178: Total time for which application threads were stopped: 0.0006660 seconds
534.228: Total time for which application threads were stopped: 0.0007760 seconds
534.647: Total time for which application threads were stopped: 0.0008370 seconds
534.657: Total time for which application threads were stopped: 0.0006720 seconds
536.406: Total time for which application threads were stopped: 0.0010420 seconds
538.408: Total time for which application threads were stopped: 0.0015660 seconds
538.426: [GC pause (G1 Evacuation Pause) (young)
Desired survivor size 318767104 bytes, new threshold 15 (max 15)
- age   1:   28939656 bytes,   28939656 total
- age   2:    8279920 bytes,   37219576 total
- age   3:    6694480 bytes,   43914056 total
- age   4:    6129616 bytes,   50043672 total
- age   5:    6443520 bytes,   56487192 total
- age   6:    5914672 bytes,   62401864 total
- age   7:    6309360 bytes,   68711224 total
- age   8:    1780120 bytes,   70491344 total
- age   9:    2726240 bytes,   73217584 total
- age  10:    1360456 bytes,   74578040 total
- age  11:    2350224 bytes,   76928264 total
- age  12:    1148944 bytes,   78077208 total
- age  13:    2346568 bytes,   80423776 total
- age  14:    1402328 bytes,   81826104 total
- age  15:    2361232 bytes,   84187336 total
, 0.0363300 secs]
   [Parallel Time: 31.0 ms, GC Workers: 18]
      [GC Worker Start (ms): Min: 538426.8, Avg: 538426.9, Max: 538426.9, Diff: 0.1]
      [Ext Root Scanning (ms): Min: 4.4, Avg: 5.2, Max: 5.8, Diff: 1.4, Sum: 92.8]
      [Update RS (ms): Min: 2.6, Avg: 3.1, Max: 3.9, Diff: 1.4, Sum: 55.7]
         [Processed Buffers: Min: 9, Avg: 36.4, Max: 67, Diff: 58, Sum: 655]
      [Scan RS (ms): Min: 0.0, Avg: 0.2, Max: 0.3, Diff: 0.3, Sum: 3.3]
      [Code Root Scanning (ms): Min: 0.0, Avg: 0.0, Max: 0.0, Diff: 0.0, Sum: 0.2]
      [Object Copy (ms): Min: 18.3, Avg: 20.0, Max: 22.3, Diff: 4.1, Sum: 359.4]
      [Termination (ms): Min: 0.0, Avg: 2.3, Max: 4.0, Diff: 4.0, Sum: 41.7]
      [GC Worker Other (ms): Min: 0.0, Avg: 0.1, Max: 0.1, Diff: 0.1, Sum: 1.0]
      [GC Worker Total (ms): Min: 30.7, Avg: 30.8, Max: 30.9, Diff: 0.2, Sum: 554.1]
      [GC Worker End (ms): Min: 538457.6, Avg: 538457.6, Max: 538457.7, Diff: 0.1]
   [Code Root Fixup: 0.2 ms]
   [Code Root Migration: 0.1 ms]
   [Clear CT: 1.3 ms]
   [Other: 3.7 ms]
      [Choose CSet: 0.0 ms]
      [Ref Proc: 1.7 ms]
      [Ref Enq: 0.1 ms]
      [Free CSet: 0.8 ms]
   [Eden: 4704.0M(4704.0M)->0.0B(4624.0M) Survivors: 128.0M->160.0M Heap: 9066.3M(10.0G)->4397.7M(10.0G)]
 [Times: user=0.57 sys=0.01, real=0.04 secs] 
538.463: Total time for which application threads were stopped: 0.0374960 seconds
539.464: Total time for which application threads were stopped: 0.0009580 seconds
539.503: Total time for which application threads were stopped: 0.0007950 seconds
540.504: Total time for which application threads were stopped: 0.0009620 seconds
542.513: Total time for which application threads were stopped: 0.0010130 seconds
543.514: Total time for which application threads were stopped: 0.0009320 seconds
544.096: [GC pause (G1 Evacuation Pause) (young)
Desired survivor size 318767104 bytes, new threshold 15 (max 15)
- age   1:   12668144 bytes,   12668144 total
- age   2:   23824104 bytes,   36492248 total
- age   3:    7309088 bytes,   43801336 total
- age   4:    6522752 bytes,   50324088 total
- age   5:    6084168 bytes,   56408256 total
- age   6:    6411664 bytes,   62819920 total
- age   7:    5902000 bytes,   68721920 total
- age   8:    2167544 bytes,   70889464 total
- age   9:    1774816 bytes,   72664280 total
- age  10:    2718992 bytes,   75383272 total
- age  11:    1351760 bytes,   76735032 total
- age  12:    2127048 bytes,   78862080 total
- age  13:    1129680 bytes,   79991760 total
- age  14:    2345104 bytes,   82336864 total
- age  15:    1400312 bytes,   83737176 total
, 0.0410590 secs]
   [Parallel Time: 35.8 ms, GC Workers: 18]
      [GC Worker Start (ms): Min: 544096.4, Avg: 544096.5, Max: 544096.6, Diff: 0.1]
      [Ext Root Scanning (ms): Min: 4.5, Avg: 5.2, Max: 5.7, Diff: 1.2, Sum: 93.4]
      [Update RS (ms): Min: 2.4, Avg: 3.1, Max: 4.0, Diff: 1.5, Sum: 56.3]
         [Processed Buffers: Min: 11, Avg: 33.7, Max: 62, Diff: 51, Sum: 606]
      [Scan RS (ms): Min: 0.0, Avg: 0.2, Max: 0.3, Diff: 0.3, Sum: 3.6]
      [Code Root Scanning (ms): Min: 0.0, Avg: 0.0, Max: 0.0, Diff: 0.0, Sum: 0.1]
      [Object Copy (ms): Min: 26.3, Avg: 26.9, Max: 27.3, Diff: 1.0, Sum: 484.1]
      [Termination (ms): Min: 0.0, Avg: 0.2, Max: 0.2, Diff: 0.2, Sum: 3.6]
      [GC Worker Other (ms): Min: 0.0, Avg: 0.1, Max: 0.1, Diff: 0.1, Sum: 1.3]
      [GC Worker Total (ms): Min: 35.6, Avg: 35.7, Max: 35.8, Diff: 0.2, Sum: 642.3]
      [GC Worker End (ms): Min: 544132.1, Avg: 544132.2, Max: 544132.2, Diff: 0.1]
   [Code Root Fixup: 0.3 ms]
   [Code Root Migration: 0.1 ms]
   [Clear CT: 1.2 ms]
   [Other: 3.7 ms]
      [Choose CSet: 0.0 ms]
      [Ref Proc: 1.7 ms]
      [Ref Enq: 0.1 ms]
      [Free CSet: 0.7 ms]
   [Eden: 4624.0M(4624.0M)->0.0B(4720.0M) Survivors: 160.0M->112.0M Heap: 9021.7M(10.0G)->4352.7M(10.0G)]
 [Times: user=0.64 sys=0.02, real=0.04 secs] 
544.137: Total time for which application threads were stopped: 0.0425450 seconds
544.174: Total time for which application threads were stopped: 0.0008140 seconds
544.195: Total time for which application threads were stopped: 0.0007760 seconds
544.199: Total time for which application threads were stopped: 0.0004080 seconds
544.528: Total time for which application threads were stopped: 0.0008370 seconds
545.408: Total time for which application threads were stopped: 0.0010970 seconds
546.410: Total time for which application threads were stopped: 0.0019860 seconds
547.411: Total time for which application threads were stopped: 0.0010680 seconds
548.512: Total time for which application threads were stopped: 0.0027480 seconds
548.514: Total time for which application threads were stopped: 0.0005240 seconds
549.041: [GC pause (G1 Evacuation Pause) (young)
Desired survivor size 318767104 bytes, new threshold 15 (max 15)
- age   1:   11766408 bytes,   11766408 total
- age   2:    8135760 bytes,   19902168 total
- age   3:   23417760 bytes,   43319928 total
- age   4:    7151160 bytes,   50471088 total
- age   5:    6478368 bytes,   56949456 total
- age   6:    6059976 bytes,   63009432 total
- age   7:    6402576 bytes,   69412008 total
- age   8:    1772328 bytes,   71184336 total
- age   9:    2161912 bytes,   73346248 total
- age  10:    1772392 bytes,   75118640 total
- age  11:    2713736 bytes,   77832376 total
- age  12:    1036576 bytes,   78868952 total
- age  13:    2122904 bytes,   80991856 total
- age  14:    1125112 bytes,   82116968 total
- age  15:    2344008 bytes,   84460976 total
, 0.0415560 secs]
   [Parallel Time: 36.3 ms, GC Workers: 18]
      [GC Worker Start (ms): Min: 549041.2, Avg: 549041.3, Max: 549041.4, Diff: 0.1]
      [Ext Root Scanning (ms): Min: 4.8, Avg: 5.4, Max: 5.9, Diff: 1.1, Sum: 97.3]
      [Update RS (ms): Min: 2.4, Avg: 3.2, Max: 4.0, Diff: 1.5, Sum: 58.3]
         [Processed Buffers: Min: 6, Avg: 36.6, Max: 66, Diff: 60, Sum: 658]
      [Scan RS (ms): Min: 0.0, Avg: 0.2, Max: 0.3, Diff: 0.3, Sum: 3.3]
      [Code Root Scanning (ms): Min: 0.0, Avg: 0.0, Max: 0.0, Diff: 0.0, Sum: 0.2]
      [Object Copy (ms): Min: 26.9, Avg: 27.0, Max: 27.4, Diff: 0.4, Sum: 486.8]
      [Termination (ms): Min: 0.0, Avg: 0.2, Max: 0.2, Diff: 0.2, Sum: 3.7]
      [GC Worker Other (ms): Min: 0.0, Avg: 0.1, Max: 0.1, Diff: 0.1, Sum: 0.9]
      [GC Worker Total (ms): Min: 36.0, Avg: 36.1, Max: 36.2, Diff: 0.2, Sum: 650.6]
      [GC Worker End (ms): Min: 549077.4, Avg: 549077.4, Max: 549077.5, Diff: 0.1]
   [Code Root Fixup: 0.3 ms]
   [Code Root Migration: 0.1 ms]
   [Clear CT: 1.2 ms]
   [Other: 3.6 ms]
      [Choose CSet: 0.0 ms]
      [Ref Proc: 1.6 ms]
      [Ref Enq: 0.1 ms]
      [Free CSet: 0.8 ms]
   [Eden: 4720.0M(4720.0M)->0.0B(4688.0M) Survivors: 112.0M->128.0M Heap: 9072.7M(10.0G)->4372.5M(10.0G)]
 [Times: user=0.66 sys=0.02, real=0.04 secs] 
549.083: Total time for which application threads were stopped: 0.0429970 seconds
551.373: Total time for which application threads were stopped: 0.0009940 seconds
553.600: [GC pause (G1 Evacuation Pause) (young)
Desired survivor size 318767104 bytes, new threshold 15 (max 15)
- age   1:   12724416 bytes,   12724416 total
- age   2:    6762496 bytes,   19486912 total
- age   3:    7119992 bytes,   26606904 total
- age   4:   23262736 bytes,   49869640 total
- age   5:    7068824 bytes,   56938464 total
- age   6:    6458896 bytes,   63397360 total
- age   7:    3992840 bytes,   67390200 total
- age   8:    2276296 bytes,   69666496 total
- age   9:    1769808 bytes,   71436304 total
- age  10:    2157336 bytes,   73593640 total
- age  11:    1763696 bytes,   75357336 total
- age  12:    2504232 bytes,   77861568 total
- age  13:    1033936 bytes,   78895504 total
- age  14:    2121776 bytes,   81017280 total
- age  15:    1124008 bytes,   82141288 total
, 0.0353890 secs]
   [Parallel Time: 30.0 ms, GC Workers: 18]
      [GC Worker Start (ms): Min: 553600.6, Avg: 553600.7, Max: 553600.8, Diff: 0.1]
      [Ext Root Scanning (ms): Min: 4.2, Avg: 5.0, Max: 5.8, Diff: 1.5, Sum: 90.0]
      [Update RS (ms): Min: 2.6, Avg: 3.5, Max: 4.0, Diff: 1.4, Sum: 62.3]
         [Processed Buffers: Min: 5, Avg: 33.7, Max: 98, Diff: 93, Sum: 606]
      [Scan RS (ms): Min: 0.0, Avg: 0.2, Max: 0.3, Diff: 0.2, Sum: 4.2]
      [Code Root Scanning (ms): Min: 0.0, Avg: 0.0, Max: 0.0, Diff: 0.0, Sum: 0.1]
      [Object Copy (ms): Min: 20.5, Avg: 20.9, Max: 21.1, Diff: 0.7, Sum: 377.0]
      [Termination (ms): Min: 0.0, Avg: 0.2, Max: 0.2, Diff: 0.2, Sum: 3.9]
      [GC Worker Other (ms): Min: 0.0, Avg: 0.1, Max: 0.1, Diff: 0.1, Sum: 1.0]
      [GC Worker Total (ms): Min: 29.8, Avg: 29.9, Max: 30.0, Diff: 0.2, Sum: 538.5]
      [GC Worker End (ms): Min: 553630.6, Avg: 553630.6, Max: 553630.7, Diff: 0.1]
   [Code Root Fixup: 0.3 ms]
   [Code Root Migration: 0.1 ms]
   [Clear CT: 1.4 ms]
   [Other: 3.6 ms]
      [Choose CSet: 0.0 ms]
      [Ref Proc: 1.6 ms]
      [Ref Enq: 0.1 ms]
      [Free CSet: 0.8 ms]
   [Eden: 4688.0M(4688.0M)->0.0B(4720.0M) Survivors: 128.0M->112.0M Heap: 9060.5M(10.0G)->4346.1M(10.0G)]
 [Times: user=0.55 sys=0.00, real=0.04 secs] 
553.636: Total time for which application threads were stopped: 0.0368060 seconds
554.170: Total time for which application threads were stopped: 0.0010450 seconds
554.175: Total time for which application threads were stopped: 0.0005580 seconds
554.176: Total time for which application threads were stopped: 0.0008210 seconds
554.373: Total time for which application threads were stopped: 0.0009100 seconds
554.617: Total time for which application threads were stopped: 0.0009690 seconds
557.589: Total time for which application threads were stopped: 0.0011520 seconds
558.178: [GC pause (G1 Evacuation Pause) (young)
Desired survivor size 318767104 bytes, new threshold 15 (max 15)
- age   1:   11816240 bytes,   11816240 total
- age   2:    8018760 bytes,   19835000 total
- age   3:    6198016 bytes,   26033016 total
- age   4:    6909416 bytes,   32942432 total
- age   5:   23216800 bytes,   56159232 total
- age   6:    7042544 bytes,   63201776 total
- age   7:    4391544 bytes,   67593320 total
- age   8:    1930760 bytes,   69524080 total
- age   9:    2272264 bytes,   71796344 total
- age  10:    1765656 bytes,   73562000 total
- age  11:    2155416 bytes,   75717416 total
- age  12:    1742120 bytes,   77459536 total
- age  13:    2496224 bytes,   79955760 total
- age  14:    1032024 bytes,   80987784 total
- age  15:    2119816 bytes,   83107600 total
, 0.0404680 secs]
   [Parallel Time: 35.3 ms, GC Workers: 18]
      [GC Worker Start (ms): Min: 558179.0, Avg: 558179.1, Max: 558179.1, Diff: 0.1]
      [Ext Root Scanning (ms): Min: 3.9, Avg: 4.5, Max: 4.9, Diff: 1.0, Sum: 81.7]
      [Update RS (ms): Min: 2.6, Avg: 3.1, Max: 3.6, Diff: 1.0, Sum: 55.3]
         [Processed Buffers: Min: 12, Avg: 36.7, Max: 63, Diff: 51, Sum: 660]
      [Scan RS (ms): Min: 0.0, Avg: 0.2, Max: 0.3, Diff: 0.3, Sum: 3.5]
      [Code Root Scanning (ms): Min: 0.0, Avg: 0.0, Max: 0.0, Diff: 0.0, Sum: 0.1]
      [Object Copy (ms): Min: 26.6, Avg: 27.3, Max: 27.5, Diff: 0.8, Sum: 490.8]
      [Termination (ms): Min: 0.0, Avg: 0.0, Max: 0.0, Diff: 0.0, Sum: 0.1]
      [GC Worker Other (ms): Min: 0.0, Avg: 0.1, Max: 0.1, Diff: 0.1, Sum: 1.1]
      [GC Worker Total (ms): Min: 35.1, Avg: 35.2, Max: 35.2, Diff: 0.2, Sum: 632.7]
      [GC Worker End (ms): Min: 558214.2, Avg: 558214.2, Max: 558214.3, Diff: 0.1]
   [Code Root Fixup: 0.3 ms]
   [Code Root Migration: 0.1 ms]
   [Clear CT: 1.3 ms]
   [Other: 3.5 ms]
      [Choose CSet: 0.0 ms]
      [Ref Proc: 1.6 ms]
      [Ref Enq: 0.1 ms]
      [Free CSet: 0.6 ms]
   [Eden: 4720.0M(4720.0M)->0.0B(4624.0M) Survivors: 112.0M->160.0M Heap: 9066.1M(10.0G)->4406.3M(10.0G)]
 [Times: user=0.65 sys=0.02, real=0.04 secs] 
558.219: Total time for which application threads were stopped: 0.0420650 seconds
559.641: Total time for which application threads were stopped: 0.0010780 seconds
560.478: Total time for which application threads were stopped: 0.0011490 seconds
562.422: [GC pause (G1 Evacuation Pause) (young)
Desired survivor size 318767104 bytes, new threshold 15 (max 15)
- age   1:   37556216 bytes,   37556216 total
- age   2:    6245000 bytes,   43801216 total
- age   3:    6900472 bytes,   50701688 total
- age   4:    6038832 bytes,   56740520 total
- age   5:    6858720 bytes,   63599240 total
- age   6:   23191712 bytes,   86790952 total
- age   7:    2888608 bytes,   89679560 total
- age   8:    2319768 bytes,   91999328 total
- age   9:    1924328 bytes,   93923656 total
- age  10:    2264976 bytes,   96188632 total
- age  11:    1760288 bytes,   97948920 total
- age  12:    2132696 bytes,  100081616 total
- age  13:    1727712 bytes,  101809328 total
- age  14:    2495480 bytes,  104304808 total
- age  15:    1030760 bytes,  105335568 total
, 0.0343810 secs]
   [Parallel Time: 29.2 ms, GC Workers: 18]
      [GC Worker Start (ms): Min: 562422.9, Avg: 562422.9, Max: 562423.0, Diff: 0.1]
      [Ext Root Scanning (ms): Min: 4.0, Avg: 4.6, Max: 5.0, Diff: 1.0, Sum: 82.1]
      [Update RS (ms): Min: 2.3, Avg: 2.9, Max: 3.5, Diff: 1.2, Sum: 52.1]
         [Processed Buffers: Min: 8, Avg: 33.3, Max: 62, Diff: 54, Sum: 599]
      [Scan RS (ms): Min: 0.0, Avg: 0.2, Max: 0.3, Diff: 0.3, Sum: 3.2]
      [Code Root Scanning (ms): Min: 0.0, Avg: 0.0, Max: 0.0, Diff: 0.0, Sum: 0.1]
      [Object Copy (ms): Min: 17.8, Avg: 19.6, Max: 21.6, Diff: 3.8, Sum: 353.1]
      [Termination (ms): Min: 0.0, Avg: 1.7, Max: 3.2, Diff: 3.2, Sum: 30.6]
      [GC Worker Other (ms): Min: 0.0, Avg: 0.0, Max: 0.1, Diff: 0.1, Sum: 0.6]
      [GC Worker Total (ms): Min: 28.9, Avg: 29.0, Max: 29.1, Diff: 0.1, Sum: 521.8]
      [GC Worker End (ms): Min: 562451.9, Avg: 562451.9, Max: 562452.0, Diff: 0.1]
   [Code Root Fixup: 0.2 ms]
   [Code Root Migration: 0.1 ms]
   [Clear CT: 1.5 ms]
   [Other: 3.4 ms]
      [Choose CSet: 0.0 ms]
      [Ref Proc: 1.6 ms]
      [Ref Enq: 0.1 ms]
      [Free CSet: 0.6 ms]
   [Eden: 4624.0M(4624.0M)->0.0B(4656.0M) Survivors: 160.0M->144.0M Heap: 9030.3M(10.0G)->4386.5M(10.0G)]
 [Times: user=0.53 sys=0.01, real=0.03 secs] 
562.457: Total time for which application threads were stopped: 0.0359820 seconds
563.393: Total time for which application threads were stopped: 0.0011420 seconds
564.168: Total time for which application threads were stopped: 0.0011130 seconds
564.176: Total time for which application threads were stopped: 0.0006400 seconds
564.182: Total time for which application threads were stopped: 0.0004990 seconds
564.363: Total time for which application threads were stopped: 0.0009350 seconds
564.364: Total time for which application threads were stopped: 0.0003190 seconds
564.364: Total time for which application threads were stopped: 0.0003480 seconds
564.384: Total time for which application threads were stopped: 0.0008810 seconds
564.400: Total time for which application threads were stopped: 0.0007760 seconds
564.707: Total time for which application threads were stopped: 0.0011010 seconds
566.388: Total time for which application threads were stopped: 0.0097540 seconds
566.543: [GC pause (G1 Evacuation Pause) (young)
Desired survivor size 318767104 bytes, new threshold 15 (max 15)
- age   1:   28743616 bytes,   28743616 total
- age   2:   30317712 bytes,   59061328 total
- age   3:    5935992 bytes,   64997320 total
- age   4:    6746544 bytes,   71743864 total
- age   5:    5984304 bytes,   77728168 total
- age   6:    6828056 bytes,   84556224 total
- age   7:    1576136 bytes,   86132360 total
- age   8:    2538704 bytes,   88671064 total
- age   9:    2311736 bytes,   90982800 total
- age  10:    1921320 bytes,   92904120 total
- age  11:    2256968 bytes,   95161088 total
- age  12:    1750120 bytes,   96911208 total
- age  13:    2129072 bytes,   99040280 total
- age  14:    1726936 bytes,  100767216 total
- age  15:    2494424 bytes,  103261640 total
, 0.0355400 secs]
   [Parallel Time: 30.0 ms, GC Workers: 18]
      [GC Worker Start (ms): Min: 566543.5, Avg: 566543.6, Max: 566543.7, Diff: 0.2]
      [Ext Root Scanning (ms): Min: 4.1, Avg: 4.7, Max: 5.3, Diff: 1.2, Sum: 84.8]
      [Update RS (ms): Min: 2.5, Avg: 3.0, Max: 3.9, Diff: 1.4, Sum: 54.2]
         [Processed Buffers: Min: 9, Avg: 33.5, Max: 64, Diff: 55, Sum: 603]
      [Scan RS (ms): Min: 0.0, Avg: 0.2, Max: 0.3, Diff: 0.3, Sum: 3.3]
      [Code Root Scanning (ms): Min: 0.0, Avg: 0.0, Max: 0.0, Diff: 0.0, Sum: 0.1]
      [Object Copy (ms): Min: 19.5, Avg: 20.5, Max: 21.8, Diff: 2.4, Sum: 368.5]
      [Termination (ms): Min: 0.0, Avg: 1.4, Max: 1.8, Diff: 1.8, Sum: 24.4]
      [GC Worker Other (ms): Min: 0.0, Avg: 0.0, Max: 0.1, Diff: 0.1, Sum: 0.6]
      [GC Worker Total (ms): Min: 29.7, Avg: 29.8, Max: 29.8, Diff: 0.2, Sum: 536.1]
      [GC Worker End (ms): Min: 566573.3, Avg: 566573.3, Max: 566573.4, Diff: 0.1]
   [Code Root Fixup: 0.2 ms]
   [Code Root Migration: 0.1 ms]
   [Clear CT: 1.7 ms]
   [Other: 3.5 ms]
      [Choose CSet: 0.0 ms]
      [Ref Proc: 1.7 ms]
      [Ref Enq: 0.1 ms]
      [Free CSet: 0.6 ms]
   [Eden: 4656.0M(4656.0M)->0.0B(4592.0M) Survivors: 144.0M->176.0M Heap: 9042.5M(10.0G)->4428.1M(10.0G)]
 [Times: user=0.56 sys=0.01, real=0.04 secs] 
566.579: Total time for which application threads were stopped: 0.0369030 seconds
568.788: Total time for which application threads were stopped: 0.0011580 seconds
569.389: Total time for which application threads were stopped: 0.0011460 seconds
570.391: Total time for which application threads were stopped: 0.0011430 seconds
570.639: Total time for which application threads were stopped: 0.0008610 seconds
570.639: [GC pause (GCLocker Initiated GC) (young)
Desired survivor size 318767104 bytes, new threshold 15 (max 15)
- age   1:   12449352 bytes,   12449352 total
- age   2:   23908000 bytes,   36357352 total
- age   3:   29987368 bytes,   66344720 total
- age   4:    5653240 bytes,   71997960 total
- age   5:    6709416 bytes,   78707376 total
- age   6:    5945096 bytes,   84652472 total
- age   7:    4763104 bytes,   89415576 total
- age   8:    1560176 bytes,   90975752 total
- age   9:    2534576 bytes,   93510328 total
- age  10:    2307416 bytes,   95817744 total
- age  11:    1919856 bytes,   97737600 total
- age  12:    2245080 bytes,   99982680 total
- age  13:    1734216 bytes,  101716896 total
- age  14:    2128112 bytes,  103845008 total
- age  15:    1726160 bytes,  105571168 total
, 0.0344850 secs]
   [Parallel Time: 29.3 ms, GC Workers: 18]
      [GC Worker Start (ms): Min: 570639.9, Avg: 570640.0, Max: 570640.0, Diff: 0.2]
      [Ext Root Scanning (ms): Min: 3.9, Avg: 4.9, Max: 5.3, Diff: 1.4, Sum: 87.9]
      [Update RS (ms): Min: 2.6, Avg: 3.0, Max: 3.7, Diff: 1.1, Sum: 53.9]
         [Processed Buffers: Min: 7, Avg: 36.2, Max: 64, Diff: 57, Sum: 652]
      [Scan RS (ms): Min: 0.0, Avg: 0.2, Max: 0.3, Diff: 0.2, Sum: 3.4]
      [Code Root Scanning (ms): Min: 0.0, Avg: 0.0, Max: 0.0, Diff: 0.0, Sum: 0.1]
      [Object Copy (ms): Min: 20.2, Avg: 20.5, Max: 21.1, Diff: 0.9, Sum: 368.4]
      [Termination (ms): Min: 0.0, Avg: 0.6, Max: 0.8, Diff: 0.8, Sum: 10.4]
      [GC Worker Other (ms): Min: 0.0, Avg: 0.0, Max: 0.1, Diff: 0.1, Sum: 0.7]
      [GC Worker Total (ms): Min: 29.1, Avg: 29.2, Max: 29.3, Diff: 0.2, Sum: 524.9]
      [GC Worker End (ms): Min: 570669.1, Avg: 570669.1, Max: 570669.1, Diff: 0.1]
   [Code Root Fixup: 0.3 ms]
   [Code Root Migration: 0.1 ms]
   [Clear CT: 1.5 ms]
   [Other: 3.4 ms]
      [Choose CSet: 0.0 ms]
      [Ref Proc: 1.5 ms]
      [Ref Enq: 0.1 ms]
      [Free CSet: 0.6 ms]
   [Eden: 4608.0M(4592.0M)->0.0B(4592.0M) Survivors: 176.0M->176.0M Heap: 9020.2M(10.0G)->4418.9M(10.0G)]
 [Times: user=0.55 sys=0.01, real=0.04 secs] 
570.674: Total time for which application threads were stopped: 0.0353760 seconds
572.405: Total time for which application threads were stopped: 0.0011050 seconds
574.181: Total time for which application threads were stopped: 0.0011570 seconds
574.185: Total time for which application threads were stopped: 0.0004920 seconds
574.187: Total time for which application threads were stopped: 0.0005150 seconds
574.645: Total time for which application threads were stopped: 0.0009770 seconds
574.646: [GC pause (GCLocker Initiated GC) (young)
Desired survivor size 318767104 bytes, new threshold 15 (max 15)
- age   1:   13528496 bytes,   13528496 total
- age   2:    5076504 bytes,   18605000 total
- age   3:   23465496 bytes,   42070496 total
- age   4:   28917280 bytes,   70987776 total
- age   5:    5590304 bytes,   76578080 total
- age   6:    6658000 bytes,   83236080 total
- age   7:    3872984 bytes,   87109064 total
- age   8:    2687400 bytes,   89796464 total
- age   9:    1555336 bytes,   91351800 total
- age  10:    2528600 bytes,   93880400 total
- age  11:    2302080 bytes,   96182480 total
- age  12:    1915848 bytes,   98098328 total
- age  13:    2233448 bytes,  100331776 total
- age  14:    1733728 bytes,  102065504 total
- age  15:    2126384 bytes,  104191888 total
, 0.0371600 secs]
   [Parallel Time: 32.2 ms, GC Workers: 18]
      [GC Worker Start (ms): Min: 574646.3, Avg: 574646.4, Max: 574646.5, Diff: 0.1]
      [Ext Root Scanning (ms): Min: 4.1, Avg: 4.9, Max: 5.3, Diff: 1.1, Sum: 87.4]
      [Update RS (ms): Min: 2.4, Avg: 2.9, Max: 3.6, Diff: 1.3, Sum: 52.0]
         [Processed Buffers: Min: 7, Avg: 33.0, Max: 64, Diff: 57, Sum: 594]
      [Scan RS (ms): Min: 0.0, Avg: 0.2, Max: 0.3, Diff: 0.3, Sum: 3.4]
      [Code Root Scanning (ms): Min: 0.0, Avg: 0.0, Max: 0.0, Diff: 0.0, Sum: 0.1]
      [Object Copy (ms): Min: 23.7, Avg: 23.9, Max: 24.1, Diff: 0.4, Sum: 430.1]
      [Termination (ms): Min: 0.0, Avg: 0.2, Max: 0.3, Diff: 0.3, Sum: 3.4]
      [GC Worker Other (ms): Min: 0.0, Avg: 0.0, Max: 0.1, Diff: 0.0, Sum: 0.8]
      [GC Worker Total (ms): Min: 32.0, Avg: 32.1, Max: 32.1, Diff: 0.2, Sum: 577.1]
      [GC Worker End (ms): Min: 574678.4, Avg: 574678.5, Max: 574678.5, Diff: 0.1]
   [Code Root Fixup: 0.2 ms]
   [Code Root Migration: 0.1 ms]
   [Clear CT: 1.4 ms]
   [Other: 3.3 ms]
      [Choose CSet: 0.0 ms]
      [Ref Proc: 1.5 ms]
      [Ref Enq: 0.1 ms]
      [Free CSet: 0.6 ms]
   [Eden: 4608.0M(4592.0M)->0.0B(4576.0M) Survivors: 176.0M->176.0M Heap: 9011.6M(10.0G)->4426.8M(10.0G)]
 [Times: user=0.59 sys=0.01, real=0.03 secs] 
574.683: Total time for which application threads were stopped: 0.0380120 seconds
574.751: Total time for which application threads were stopped: 0.0011100 seconds
575.398: Total time for which application threads were stopped: 0.0011880 seconds
576.399: Total time for which application threads were stopped: 0.0011360 seconds
578.405: Total time for which application threads were stopped: 0.0011070 seconds
579.331: [GC pause (G1 Evacuation Pause) (young)
Desired survivor size 318767104 bytes, new threshold 15 (max 15)
- age   1:   12920400 bytes,   12920400 total
- age   2:    7900416 bytes,   20820816 total
- age   3:    4313928 bytes,   25134744 total
- age   4:   23341288 bytes,   48476032 total
- age   5:   28833024 bytes,   77309056 total
- age   6:    5536632 bytes,   82845688 total
- age   7:    4585992 bytes,   87431680 total
- age   8:    1806808 bytes,   89238488 total
- age   9:    2679512 bytes,   91918000 total
- age  10:    1551032 bytes,   93469032 total
- age  11:    2516280 bytes,   95985312 total
- age  12:    2299736 bytes,   98285048 total
- age  13:    1895680 bytes,  100180728 total
- age  14:    2232256 bytes,  102412984 total
- age  15:    1733056 bytes,  104146040 total
, 0.0342990 secs]
   [Parallel Time: 29.0 ms, GC Workers: 18]
      [GC Worker Start (ms): Min: 579331.3, Avg: 579331.4, Max: 579331.5, Diff: 0.2]
      [Ext Root Scanning (ms): Min: 3.9, Avg: 4.7, Max: 5.1, Diff: 1.2, Sum: 83.9]
      [Update RS (ms): Min: 2.5, Avg: 3.0, Max: 3.8, Diff: 1.3, Sum: 53.8]
         [Processed Buffers: Min: 14, Avg: 36.4, Max: 72, Diff: 58, Sum: 656]
      [Scan RS (ms): Min: 0.0, Avg: 0.2, Max: 0.3, Diff: 0.3, Sum: 3.7]
      [Code Root Scanning (ms): Min: 0.0, Avg: 0.0, Max: 0.0, Diff: 0.0, Sum: 0.1]
      [Object Copy (ms): Min: 20.6, Avg: 20.8, Max: 21.0, Diff: 0.4, Sum: 374.4]
      [Termination (ms): Min: 0.0, Avg: 0.0, Max: 0.0, Diff: 0.0, Sum: 0.1]
      [GC Worker Other (ms): Min: 0.0, Avg: 0.1, Max: 0.1, Diff: 0.1, Sum: 1.4]
      [GC Worker Total (ms): Min: 28.6, Avg: 28.7, Max: 28.9, Diff: 0.3, Sum: 517.3]
      [GC Worker End (ms): Min: 579360.1, Avg: 579360.1, Max: 579360.2, Diff: 0.1]
   [Code Root Fixup: 0.2 ms]
   [Code Root Migration: 0.1 ms]
   [Clear CT: 1.6 ms]
   [Other: 3.5 ms]
      [Choose CSet: 0.0 ms]
      [Ref Proc: 1.6 ms]
      [Ref Enq: 0.1 ms]
      [Free CSet: 0.6 ms]
   [Eden: 4576.0M(4576.0M)->0.0B(4480.0M) Survivors: 176.0M->224.0M Heap: 9002.8M(10.0G)->4483.0M(10.0G)]
 [Times: user=0.55 sys=0.00, real=0.04 secs] 
579.365: Total time for which application threads were stopped: 0.0358470 seconds
581.379: Total time for which application threads were stopped: 0.0011690 seconds
583.884: [GC pause (G1 Evacuation Pause) (young)
Desired survivor size 310378496 bytes, new threshold 15 (max 15)
- age   1:   12647336 bytes,   12647336 total
- age   2:    6502064 bytes,   19149400 total
- age   3:    6554080 bytes,   25703480 total
- age   4:    4151096 bytes,   29854576 total
- age   5:   23242656 bytes,   53097232 total
- age   6:   28768640 bytes,   81865872 total
- age   7:    1412704 bytes,   83278576 total
- age   8:    2522976 bytes,   85801552 total
- age   9:    1799896 bytes,   87601448 total
- age  10:    2674024 bytes,   90275472 total
- age  11:    1546152 bytes,   91821624 total
- age  12:    2510768 bytes,   94332392 total
- age  13:    2272200 bytes,   96604592 total
- age  14:    1893768 bytes,   98498360 total
- age  15:    2230400 bytes,  100728760 total
, 0.0360180 secs]
   [Parallel Time: 30.8 ms, GC Workers: 18]
      [GC Worker Start (ms): Min: 583884.7, Avg: 583884.8, Max: 583884.9, Diff: 0.1]
      [Ext Root Scanning (ms): Min: 4.2, Avg: 4.8, Max: 6.4, Diff: 2.2, Sum: 87.1]
      [Update RS (ms): Min: 1.4, Avg: 2.9, Max: 3.8, Diff: 2.4, Sum: 52.9]
         [Processed Buffers: Min: 7, Avg: 33.3, Max: 74, Diff: 67, Sum: 600]
      [Scan RS (ms): Min: 0.0, Avg: 0.2, Max: 0.3, Diff: 0.3, Sum: 3.8]
      [Code Root Scanning (ms): Min: 0.0, Avg: 0.0, Max: 0.0, Diff: 0.0, Sum: 0.1]
      [Object Copy (ms): Min: 22.0, Avg: 22.5, Max: 22.9, Diff: 0.9, Sum: 405.8]
      [Termination (ms): Min: 0.0, Avg: 0.0, Max: 0.0, Diff: 0.0, Sum: 0.1]
      [GC Worker Other (ms): Min: 0.0, Avg: 0.1, Max: 0.1, Diff: 0.1, Sum: 1.1]
      [GC Worker Total (ms): Min: 30.5, Avg: 30.6, Max: 30.7, Diff: 0.2, Sum: 550.9]
      [GC Worker End (ms): Min: 583915.4, Avg: 583915.4, Max: 583915.5, Diff: 0.1]
   [Code Root Fixup: 0.2 ms]
   [Code Root Migration: 0.1 ms]
   [Clear CT: 1.5 ms]
   [Other: 3.4 ms]
      [Choose CSet: 0.0 ms]
      [Ref Proc: 1.6 ms]
      [Ref Enq: 0.1 ms]
      [Free CSet: 0.6 ms]
   [Eden: 4480.0M(4480.0M)->0.0B(4608.0M) Survivors: 224.0M->160.0M Heap: 8963.0M(10.0G)->4410.4M(10.0G)]
 [Times: user=0.56 sys=0.02, real=0.04 secs] 
583.921: Total time for which application threads were stopped: 0.0376340 seconds
584.171: Total time for which application threads were stopped: 0.0009150 seconds
584.178: Total time for which application threads were stopped: 0.0005490 seconds
584.179: Total time for which application threads were stopped: 0.0003760 seconds
584.372: Total time for which application threads were stopped: 0.0008960 seconds
584.514: Total time for which application threads were stopped: 0.0010850 seconds
587.408: Total time for which application threads were stopped: 0.0011600 seconds
588.168: [GC pause (G1 Evacuation Pause) (young)
Desired survivor size 318767104 bytes, new threshold 15 (max 15)
- age   1:   11030616 bytes,   11030616 total
- age   2:    8237744 bytes,   19268360 total
- age   3:    5987320 bytes,   25255680 total
- age   4:    6372112 bytes,   31627792 total
- age   5:    4052416 bytes,   35680208 total
- age   6:   23162592 bytes,   58842800 total
- age   7:   24624352 bytes,   83467152 total
- age   8:    1404872 bytes,   84872024 total
- age   9:    2520040 bytes,   87392064 total
- age  10:    1790784 bytes,   89182848 total
- age  11:    2670704 bytes,   91853552 total
- age  12:    1542632 bytes,   93396184 total
- age  13:    2484896 bytes,   95881080 total
- age  14:    2264376 bytes,   98145456 total
- age  15:    1891744 bytes,  100037200 total
, 0.0378150 secs]
   [Parallel Time: 32.7 ms, GC Workers: 18]
      [GC Worker Start (ms): Min: 588168.1, Avg: 588168.2, Max: 588168.3, Diff: 0.2]
      [Ext Root Scanning (ms): Min: 4.1, Avg: 4.8, Max: 5.3, Diff: 1.2, Sum: 86.1]
      [Update RS (ms): Min: 2.5, Avg: 3.2, Max: 3.9, Diff: 1.4, Sum: 56.8]
         [Processed Buffers: Min: 16, Avg: 36.3, Max: 93, Diff: 77, Sum: 653]
      [Scan RS (ms): Min: 0.0, Avg: 0.2, Max: 0.3, Diff: 0.2, Sum: 3.9]
      [Code Root Scanning (ms): Min: 0.0, Avg: 0.0, Max: 0.0, Diff: 0.0, Sum: 0.1]
      [Object Copy (ms): Min: 23.7, Avg: 24.2, Max: 24.5, Diff: 0.7, Sum: 435.2]
      [Termination (ms): Min: 0.0, Avg: 0.2, Max: 0.2, Diff: 0.2, Sum: 3.0]
      [GC Worker Other (ms): Min: 0.0, Avg: 0.0, Max: 0.1, Diff: 0.1, Sum: 0.8]
      [GC Worker Total (ms): Min: 32.5, Avg: 32.5, Max: 32.7, Diff: 0.2, Sum: 585.8]
      [GC Worker End (ms): Min: 588200.7, Avg: 588200.8, Max: 588200.8, Diff: 0.1]
   [Code Root Fixup: 0.2 ms]
   [Code Root Migration: 0.1 ms]
   [Clear CT: 1.4 ms]
   [Other: 3.4 ms]
      [Choose CSet: 0.0 ms]
      [Ref Proc: 1.6 ms]
      [Ref Enq: 0.1 ms]
      [Free CSet: 0.6 ms]
   [Eden: 4608.0M(4608.0M)->0.0B(4576.0M) Survivors: 160.0M->176.0M Heap: 9018.4M(10.0G)->4429.9M(10.0G)]
 [Times: user=0.60 sys=0.01, real=0.03 secs] 
588.206: Total time for which application threads were stopped: 0.0393840 seconds
590.619: Total time for which application threads were stopped: 0.0019950 seconds
591.049: Total time for which application threads were stopped: 0.0008900 seconds
592.488: [GC pause (G1 Evacuation Pause) (young)
Desired survivor size 318767104 bytes, new threshold 15 (max 15)
- age   1:   11626288 bytes,   11626288 total
- age   2:    6398968 bytes,   18025256 total
- age   3:    7247240 bytes,   25272496 total
- age   4:    5823864 bytes,   31096360 total
- age   5:    6269336 bytes,   37365696 total
- age   6:    3990048 bytes,   41355744 total
- age   7:   19012480 bytes,   60368224 total
- age   8:   24606240 bytes,   84974464 total
- age   9:    1396584 bytes,   86371048 total
- age  10:    2514176 bytes,   88885224 total
- age  11:    1782128 bytes,   90667352 total
- age  12:    2669256 bytes,   93336608 total
- age  13:    1527096 bytes,   94863704 total
- age  14:    2474488 bytes,   97338192 total
- age  15:    2263584 bytes,   99601776 total
, 0.0339230 secs]
   [Parallel Time: 28.8 ms, GC Workers: 18]
      [GC Worker Start (ms): Min: 592488.6, Avg: 592488.7, Max: 592488.7, Diff: 0.1]
      [Ext Root Scanning (ms): Min: 4.0, Avg: 4.6, Max: 5.2, Diff: 1.2, Sum: 83.1]
      [Update RS (ms): Min: 2.3, Avg: 2.8, Max: 4.2, Diff: 1.9, Sum: 51.1]
         [Processed Buffers: Min: 7, Avg: 33.2, Max: 64, Diff: 57, Sum: 597]
      [Scan RS (ms): Min: 0.0, Avg: 0.2, Max: 0.3, Diff: 0.3, Sum: 3.4]
      [Code Root Scanning (ms): Min: 0.0, Avg: 0.0, Max: 0.0, Diff: 0.0, Sum: 0.1]
      [Object Copy (ms): Min: 20.1, Avg: 20.9, Max: 21.2, Diff: 1.1, Sum: 375.9]
      [Termination (ms): Min: 0.0, Avg: 0.0, Max: 0.0, Diff: 0.0, Sum: 0.2]
      [GC Worker Other (ms): Min: 0.0, Avg: 0.1, Max: 0.1, Diff: 0.1, Sum: 1.2]
      [GC Worker Total (ms): Min: 28.5, Avg: 28.6, Max: 28.7, Diff: 0.2, Sum: 515.0]
      [GC Worker End (ms): Min: 592517.2, Avg: 592517.3, Max: 592517.3, Diff: 0.1]
   [Code Root Fixup: 0.2 ms]
   [Code Root Migration: 0.1 ms]
   [Clear CT: 1.4 ms]
   [Other: 3.4 ms]
      [Choose CSet: 0.0 ms]
      [Ref Proc: 1.6 ms]
      [Ref Enq: 0.1 ms]
      [Free CSet: 0.6 ms]
   [Eden: 4576.0M(4576.0M)->0.0B(4640.0M) Survivors: 176.0M->144.0M Heap: 9005.9M(10.0G)->4407.4M(10.0G)]
 [Times: user=0.53 sys=0.01, real=0.03 secs] 
592.522: Total time for which application threads were stopped: 0.0355200 seconds
593.488: Total time for which application threads were stopped: 0.0011010 seconds
594.168: Total time for which application threads were stopped: 0.0011220 seconds
594.171: Total time for which application threads were stopped: 0.0005920 seconds
594.174: Total time for which application threads were stopped: 0.0005090 seconds
594.174: Total time for which application threads were stopped: 0.0002720 seconds
594.175: Total time for which application threads were stopped: 0.0004040 seconds
594.180: Total time for which application threads were stopped: 0.0004290 seconds
594.194: Total time for which application threads were stopped: 0.0006960 seconds
594.206: Total time for which application threads were stopped: 0.0014450 seconds
594.206: Total time for which application threads were stopped: 0.0003670 seconds
596.328: Total time for which application threads were stopped: 0.0010870 seconds
596.423: Total time for which application threads were stopped: 0.0009430 seconds
596.918: [GC pause (G1 Evacuation Pause) (young)
Desired survivor size 318767104 bytes, new threshold 15 (max 15)
- age   1:   10255880 bytes,   10255880 total
- age   2:    7906440 bytes,   18162320 total
- age   3:    6100384 bytes,   24262704 total
- age   4:    7117008 bytes,   31379712 total
- age   5:    5761912 bytes,   37141624 total
- age   6:    6210664 bytes,   43352288 total
- age   7:    1913480 bytes,   45265768 total
- age   8:   19006736 bytes,   64272504 total
- age   9:   24600632 bytes,   88873136 total
- age  10:    1389656 bytes,   90262792 total
- age  11:    2509800 bytes,   92772592 total
- age  12:    1778896 bytes,   94551488 total
- age  13:    2659160 bytes,   97210648 total
- age  14:    1506552 bytes,   98717200 total
- age  15:    2471752 bytes,  101188952 total
, 0.0340410 secs]
   [Parallel Time: 28.2 ms, GC Workers: 18]
      [GC Worker Start (ms): Min: 596918.0, Avg: 596918.1, Max: 596918.2, Diff: 0.1]
      [Ext Root Scanning (ms): Min: 4.2, Avg: 4.7, Max: 5.4, Diff: 1.3, Sum: 85.2]
      [Update RS (ms): Min: 2.4, Avg: 3.6, Max: 13.0, Diff: 10.6, Sum: 65.3]
         [Processed Buffers: Min: 7, Avg: 35.7, Max: 88, Diff: 81, Sum: 643]
      [Scan RS (ms): Min: 0.0, Avg: 0.2, Max: 0.3, Diff: 0.3, Sum: 4.3]
      [Code Root Scanning (ms): Min: 0.0, Avg: 0.0, Max: 0.0, Diff: 0.0, Sum: 0.1]
      [Object Copy (ms): Min: 9.5, Avg: 18.9, Max: 19.9, Diff: 10.4, Sum: 340.9]
      [Termination (ms): Min: 0.0, Avg: 0.4, Max: 0.5, Diff: 0.5, Sum: 7.1]
      [GC Worker Other (ms): Min: 0.0, Avg: 0.0, Max: 0.1, Diff: 0.1, Sum: 0.8]
      [GC Worker Total (ms): Min: 27.9, Avg: 28.0, Max: 28.1, Diff: 0.2, Sum: 503.7]
      [GC Worker End (ms): Min: 596946.1, Avg: 596946.1, Max: 596946.1, Diff: 0.1]
   [Code Root Fixup: 0.2 ms]
   [Code Root Migration: 0.1 ms]
   [Clear CT: 1.6 ms]
   [Other: 4.0 ms]
      [Choose CSet: 0.0 ms]
      [Ref Proc: 2.2 ms]
      [Ref Enq: 0.1 ms]
      [Free CSet: 0.6 ms]
   [Eden: 4640.0M(4640.0M)->0.0B(4576.0M) Survivors: 144.0M->176.0M Heap: 9047.4M(10.0G)->4443.2M(10.0G)]
 [Times: user=0.49 sys=0.01, real=0.03 secs] 
596.952: Total time for which application threads were stopped: 0.0355910 seconds
598.954: Total time for which application threads were stopped: 0.0018340 seconds
599.471: Total time for which application threads were stopped: 0.0011540 seconds
600.473: Total time for which application threads were stopped: 0.0023170 seconds
601.349: [GC pause (G1 Evacuation Pause) (young)
Desired survivor size 318767104 bytes, new threshold 15 (max 15)
- age   1:   30663872 bytes,   30663872 total
- age   2:    4341416 bytes,   35005288 total
- age   3:    7308224 bytes,   42313512 total
- age   4:    5844400 bytes,   48157912 total
- age   5:    6816032 bytes,   54973944 total
- age   6:    5721016 bytes,   60694960 total
- age   7:    2079872 bytes,   62774832 total
- age   8:    1899768 bytes,   64674600 total
- age   9:    1172424 bytes,   65847024 total
- age  10:   24597760 bytes,   90444784 total
- age  11:    1384120 bytes,   91828904 total
- age  12:    2507136 bytes,   94336040 total
- age  13:    1769712 bytes,   96105752 total
- age  14:    2645480 bytes,   98751232 total
- age  15:    1505824 bytes,  100257056 total
, 0.0334110 secs]
   [Parallel Time: 27.9 ms, GC Workers: 18]
      [GC Worker Start (ms): Min: 601350.0, Avg: 601350.1, Max: 601350.1, Diff: 0.1]
      [Ext Root Scanning (ms): Min: 3.9, Avg: 4.7, Max: 5.1, Diff: 1.2, Sum: 85.0]
      [Update RS (ms): Min: 2.5, Avg: 2.9, Max: 3.7, Diff: 1.2, Sum: 52.1]
         [Processed Buffers: Min: 8, Avg: 32.9, Max: 73, Diff: 65, Sum: 593]
      [Scan RS (ms): Min: 0.0, Avg: 0.2, Max: 0.3, Diff: 0.3, Sum: 3.6]
      [Code Root Scanning (ms): Min: 0.0, Avg: 0.0, Max: 0.0, Diff: 0.0, Sum: 0.1]
      [Object Copy (ms): Min: 19.7, Avg: 19.9, Max: 20.1, Diff: 0.3, Sum: 357.4]
      [Termination (ms): Min: 0.0, Avg: 0.0, Max: 0.0, Diff: 0.0, Sum: 0.1]
      [GC Worker Other (ms): Min: 0.0, Avg: 0.1, Max: 0.1, Diff: 0.1, Sum: 1.2]
      [GC Worker Total (ms): Min: 27.7, Avg: 27.7, Max: 27.8, Diff: 0.1, Sum: 499.4]
      [GC Worker End (ms): Min: 601377.8, Avg: 601377.8, Max: 601377.9, Diff: 0.1]
   [Code Root Fixup: 0.2 ms]
   [Code Root Migration: 0.1 ms]
   [Clear CT: 1.7 ms]
   [Other: 3.5 ms]
      [Choose CSet: 0.0 ms]
      [Ref Proc: 1.7 ms]
      [Ref Enq: 0.1 ms]
      [Free CSet: 0.6 ms]
   [Eden: 4576.0M(4576.0M)->0.0B(4624.0M) Survivors: 176.0M->144.0M Heap: 9019.2M(10.0G)->4414.3M(10.0G)]
 [Times: user=0.52 sys=0.01, real=0.03 secs] 
601.383: Total time for which application threads were stopped: 0.0350390 seconds
602.419: Total time for which application threads were stopped: 0.0016720 seconds
604.171: Total time for which application threads were stopped: 0.0010830 seconds
604.172: Total time for which application threads were stopped: 0.0004140 seconds
604.214: Total time for which application threads were stopped: 0.0009050 seconds
604.515: Total time for which application threads were stopped: 0.0009030 seconds
604.801: Total time for which application threads were stopped: 0.0078210 seconds
605.441: Total time for which application threads were stopped: 0.0011450 seconds
605.770: Total time for which application threads were stopped: 0.0008440 seconds
605.771: [GC pause (GCLocker Initiated GC) (young)
Desired survivor size 318767104 bytes, new threshold 15 (max 15)
- age   1:   12571816 bytes,   12571816 total
- age   2:   25804152 bytes,   38375968 total
- age   3:    3990344 bytes,   42366312 total
- age   4:    6789160 bytes,   49155472 total
- age   5:    5755008 bytes,   54910480 total
- age   6:    6762528 bytes,   61673008 total
- age   7:    1598440 bytes,   63271448 total
- age   8:    2073608 bytes,   65345056 total
- age   9:    1886296 bytes,   67231352 total
- age  10:    1167624 bytes,   68398976 total
- age  11:   24591208 bytes,   92990184 total
- age  12:    1378048 bytes,   94368232 total
- age  13:    2502736 bytes,   96870968 total
- age  14:    1753360 bytes,   98624328 total
- age  15:    2643280 bytes,  101267608 total
, 0.0338060 secs]
   [Parallel Time: 28.5 ms, GC Workers: 18]
      [GC Worker Start (ms): Min: 605771.1, Avg: 605771.2, Max: 605771.3, Diff: 0.2]
      [Ext Root Scanning (ms): Min: 4.4, Avg: 4.8, Max: 5.4, Diff: 1.0, Sum: 86.9]
      [Update RS (ms): Min: 2.5, Avg: 3.1, Max: 3.8, Diff: 1.3, Sum: 55.0]
         [Processed Buffers: Min: 10, Avg: 33.3, Max: 70, Diff: 60, Sum: 600]
      [Scan RS (ms): Min: 0.0, Avg: 0.2, Max: 0.3, Diff: 0.3, Sum: 3.7]
      [Code Root Scanning (ms): Min: 0.0, Avg: 0.0, Max: 0.0, Diff: 0.0, Sum: 0.1]
      [Object Copy (ms): Min: 19.6, Avg: 20.1, Max: 20.2, Diff: 0.6, Sum: 362.4]
      [Termination (ms): Min: 0.0, Avg: 0.0, Max: 0.0, Diff: 0.0, Sum: 0.3]
      [GC Worker Other (ms): Min: 0.0, Avg: 0.1, Max: 0.1, Diff: 0.1, Sum: 1.0]
      [GC Worker Total (ms): Min: 28.2, Avg: 28.3, Max: 28.4, Diff: 0.2, Sum: 509.5]
      [GC Worker End (ms): Min: 605799.5, Avg: 605799.5, Max: 605799.6, Diff: 0.1]
   [Code Root Fixup: 0.2 ms]
   [Code Root Migration: 0.1 ms]
   [Clear CT: 1.5 ms]
   [Other: 3.5 ms]
      [Choose CSet: 0.0 ms]
      [Ref Proc: 1.7 ms]
      [Ref Enq: 0.1 ms]
      [Free CSet: 0.6 ms]
   [Eden: 4640.0M(4624.0M)->0.0B(4560.0M) Survivors: 144.0M->176.0M Heap: 9038.4M(10.0G)->4443.8M(10.0G)]
 [Times: user=0.52 sys=0.02, real=0.03 secs] 
605.805: Total time for which application threads were stopped: 0.0346690 seconds
608.437: Total time for which application threads were stopped: 0.0011720 seconds
610.762: [GC pause (G1 Evacuation Pause) (young)
Desired survivor size 310378496 bytes, new threshold 15 (max 15)
- age   1:   13620272 bytes,   13620272 total
- age   2:    6484256 bytes,   20104528 total
- age   3:   25081696 bytes,   45186224 total
- age   4:    3843608 bytes,   49029832 total
- age   5:    6714440 bytes,   55744272 total
- age   6:    5710608 bytes,   61454880 total
- age   7:    2623984 bytes,   64078864 total
- age   8:    1587552 bytes,   65666416 total
- age   9:    2068960 bytes,   67735376 total
- age  10:    1879928 bytes,   69615304 total
- age  11:    1163928 bytes,   70779232 total
- age  12:   24587832 bytes,   95367064 total
- age  13:    1374496 bytes,   96741560 total
- age  14:    2477992 bytes,   99219552 total
- age  15:    1749416 bytes,  100968968 total
, 0.0331380 secs]
   [Parallel Time: 27.9 ms, GC Workers: 18]
      [GC Worker Start (ms): Min: 610762.6, Avg: 610762.7, Max: 610762.8, Diff: 0.2]
      [Ext Root Scanning (ms): Min: 4.1, Avg: 4.8, Max: 5.1, Diff: 1.0, Sum: 87.0]
      [Update RS (ms): Min: 2.6, Avg: 3.0, Max: 3.6, Diff: 1.0, Sum: 54.0]
         [Processed Buffers: Min: 10, Avg: 36.7, Max: 82, Diff: 72, Sum: 661]
      [Scan RS (ms): Min: 0.0, Avg: 0.2, Max: 0.3, Diff: 0.3, Sum: 3.9]
      [Code Root Scanning (ms): Min: 0.0, Avg: 0.0, Max: 0.0, Diff: 0.0, Sum: 0.1]
      [Object Copy (ms): Min: 19.2, Avg: 19.5, Max: 19.8, Diff: 0.6, Sum: 351.6]
      [Termination (ms): Min: 0.0, Avg: 0.0, Max: 0.0, Diff: 0.0, Sum: 0.3]
      [GC Worker Other (ms): Min: 0.0, Avg: 0.1, Max: 0.1, Diff: 0.1, Sum: 1.4]
      [GC Worker Total (ms): Min: 27.6, Avg: 27.7, Max: 27.8, Diff: 0.2, Sum: 498.5]
      [GC Worker End (ms): Min: 610790.4, Avg: 610790.4, Max: 610790.5, Diff: 0.1]
   [Code Root Fixup: 0.2 ms]
   [Code Root Migration: 0.1 ms]
   [Clear CT: 1.6 ms]
   [Other: 3.4 ms]
      [Choose CSet: 0.0 ms]
      [Ref Proc: 1.6 ms]
      [Ref Enq: 0.1 ms]
      [Free CSet: 0.6 ms]
   [Eden: 4560.0M(4560.0M)->0.0B(4592.0M) Survivors: 176.0M->160.0M Heap: 9003.8M(10.0G)->4435.7M(10.0G)]
 [Times: user=0.52 sys=0.01, real=0.03 secs] 
610.796: Total time for which application threads were stopped: 0.0347500 seconds
611.374: Total time for which application threads were stopped: 0.0012380 seconds
611.967: Total time for which application threads were stopped: 0.0011400 seconds
612.969: Total time for which application threads were stopped: 0.0019800 seconds
614.169: Total time for which application threads were stopped: 0.0011510 seconds
614.171: Total time for which application threads were stopped: 0.0004830 seconds
614.186: Total time for which application threads were stopped: 0.0007070 seconds
614.461: Total time for which application threads were stopped: 0.0064440 seconds
614.539: Total time for which application threads were stopped: 0.0008820 seconds
615.715: [GC pause (G1 Evacuation Pause) (young)
Desired survivor size 318767104 bytes, new threshold 15 (max 15)
- age   1:   12943008 bytes,   12943008 total
- age   2:    6438472 bytes,   19381480 total
- age   3:    5687104 bytes,   25068584 total
- age   4:   24449776 bytes,   49518360 total
- age   5:    3771544 bytes,   53289904 total
- age   6:    6474992 bytes,   59764896 total
- age   7:    1564080 bytes,   61328976 total
- age   8:    2614728 bytes,   63943704 total
- age   9:    1581656 bytes,   65525360 total
- age  10:    2066392 bytes,   67591752 total
- age  11:    1854608 bytes,   69446360 total
- age  12:    1156984 bytes,   70603344 total
- age  13:   24585368 bytes,   95188712 total
- age  14:    1347144 bytes,   96535856 total
- age  15:    2467944 bytes,   99003800 total
, 0.0348570 secs]
   [Parallel Time: 29.7 ms, GC Workers: 18]
      [GC Worker Start (ms): Min: 615715.0, Avg: 615715.1, Max: 615715.2, Diff: 0.1]
      [Ext Root Scanning (ms): Min: 4.0, Avg: 4.7, Max: 5.2, Diff: 1.1, Sum: 84.5]
      [Update RS (ms): Min: 2.4, Avg: 3.0, Max: 3.9, Diff: 1.5, Sum: 53.4]
         [Processed Buffers: Min: 6, Avg: 33.3, Max: 63, Diff: 57, Sum: 600]
      [Scan RS (ms): Min: 0.0, Avg: 0.2, Max: 0.3, Diff: 0.3, Sum: 3.3]
      [Code Root Scanning (ms): Min: 0.0, Avg: 0.0, Max: 0.0, Diff: 0.0, Sum: 0.1]
      [Object Copy (ms): Min: 20.8, Avg: 21.2, Max: 21.6, Diff: 0.8, Sum: 381.4]
      [Termination (ms): Min: 0.0, Avg: 0.4, Max: 0.6, Diff: 0.6, Sum: 7.9]
      [GC Worker Other (ms): Min: 0.0, Avg: 0.0, Max: 0.1, Diff: 0.1, Sum: 0.8]
      [GC Worker Total (ms): Min: 29.4, Avg: 29.5, Max: 29.6, Diff: 0.2, Sum: 531.3]
      [GC Worker End (ms): Min: 615744.6, Avg: 615744.6, Max: 615744.7, Diff: 0.1]
   [Code Root Fixup: 0.2 ms]
   [Code Root Migration: 0.1 ms]
   [Clear CT: 1.4 ms]
   [Other: 3.5 ms]
      [Choose CSet: 0.0 ms]
      [Ref Proc: 1.7 ms]
      [Ref Enq: 0.1 ms]
      [Free CSet: 0.6 ms]
   [Eden: 4592.0M(4592.0M)->0.0B(4592.0M) Survivors: 160.0M->160.0M Heap: 9027.7M(10.0G)->4437.3M(10.0G)]
 [Times: user=0.55 sys=0.00, real=0.03 secs] 
615.750: Total time for which application threads were stopped: 0.0364200 seconds
617.491: Total time for which application threads were stopped: 0.0011800 seconds
620.483: [GC pause (G1 Evacuation Pause) (young)
Desired survivor size 318767104 bytes, new threshold 15 (max 15)
- age   1:   11782088 bytes,   11782088 total
- age   2:    8020640 bytes,   19802728 total
- age   3:    5979456 bytes,   25782184 total
- age   4:    5511760 bytes,   31293944 total
- age   5:   24397304 bytes,   55691248 total
- age   6:    3729000 bytes,   59420248 total
- age   7:    2338992 bytes,   61759240 total
- age   8:    1553448 bytes,   63312688 total
- age   9:    2610024 bytes,   65922712 total
- age  10:    1577384 bytes,   67500096 total
- age  11:    2058816 bytes,   69558912 total
- age  12:    1851312 bytes,   71410224 total
- age  13:    1151528 bytes,   72561752 total
- age  14:   24565776 bytes,   97127528 total
- age  15:    1342648 bytes,   98470176 total
, 0.0337690 secs]
   [Parallel Time: 28.7 ms, GC Workers: 18]
      [GC Worker Start (ms): Min: 620484.0, Avg: 620484.1, Max: 620484.2, Diff: 0.2]
      [Ext Root Scanning (ms): Min: 4.1, Avg: 4.7, Max: 5.0, Diff: 0.9, Sum: 84.4]
      [Update RS (ms): Min: 2.6, Avg: 3.0, Max: 4.0, Diff: 1.4, Sum: 54.1]
         [Processed Buffers: Min: 11, Avg: 35.5, Max: 69, Diff: 58, Sum: 639]
      [Scan RS (ms): Min: 0.0, Avg: 0.2, Max: 0.3, Diff: 0.3, Sum: 3.6]
      [Code Root Scanning (ms): Min: 0.0, Avg: 0.0, Max: 0.0, Diff: 0.0, Sum: 0.1]
      [Object Copy (ms): Min: 19.4, Avg: 20.4, Max: 20.6, Diff: 1.2, Sum: 367.5]
      [Termination (ms): Min: 0.0, Avg: 0.0, Max: 0.0, Diff: 0.0, Sum: 0.1]
      [GC Worker Other (ms): Min: 0.0, Avg: 0.1, Max: 0.1, Diff: 0.1, Sum: 1.2]
      [GC Worker Total (ms): Min: 28.3, Avg: 28.4, Max: 28.5, Diff: 0.2, Sum: 511.0]
      [GC Worker End (ms): Min: 620512.5, Avg: 620512.5, Max: 620512.5, Diff: 0.1]
   [Code Root Fixup: 0.2 ms]
   [Code Root Migration: 0.1 ms]
   [Clear CT: 1.4 ms]
   [Other: 3.4 ms]
      [Choose CSet: 0.0 ms]
      [Ref Proc: 1.6 ms]
      [Ref Enq: 0.1 ms]
      [Free CSet: 0.6 ms]
   [Eden: 4592.0M(4592.0M)->0.0B(4560.0M) Survivors: 160.0M->176.0M Heap: 9029.3M(10.0G)->4449.1M(10.0G)]
 [Times: user=0.54 sys=0.00, real=0.03 secs] 
620.518: Total time for which application threads were stopped: 0.0353250 seconds
620.632: Total time for which application threads were stopped: 0.0009610 seconds
623.428: Total time for which application threads were stopped: 0.0012040 seconds
624.168: Total time for which application threads were stopped: 0.0010720 seconds
624.169: Total time for which application threads were stopped: 0.0003650 seconds
624.171: Total time for which application threads were stopped: 0.0003930 seconds
624.408: Total time for which application threads were stopped: 0.0008870 seconds
624.417: Total time for which application threads were stopped: 0.0006150 seconds
625.631: [GC pause (G1 Evacuation Pause) (young)
Desired survivor size 310378496 bytes, new threshold 15 (max 15)
- age   1:   12629112 bytes,   12629112 total
- age   2:    6484424 bytes,   19113536 total
- age   3:    6832312 bytes,   25945848 total
- age   4:    5830040 bytes,   31775888 total
- age   5:    5471504 bytes,   37247392 total
- age   6:   22285816 bytes,   59533208 total
- age   7:    1649448 bytes,   61182656 total
- age   8:    2319488 bytes,   63502144 total
- age   9:    1549088 bytes,   65051232 total
- age  10:    2598200 bytes,   67649432 total
- age  11:    1573880 bytes,   69223312 total
- age  12:    2051392 bytes,   71274704 total
- age  13:    1837520 bytes,   73112224 total
- age  14:    1138880 bytes,   74251104 total
- age  15:   24555648 bytes,   98806752 total
, 0.0339660 secs]
   [Parallel Time: 28.5 ms, GC Workers: 18]
      [GC Worker Start (ms): Min: 625631.6, Avg: 625631.6, Max: 625631.7, Diff: 0.2]
      [Ext Root Scanning (ms): Min: 4.1, Avg: 4.8, Max: 5.2, Diff: 1.1, Sum: 85.6]
      [Update RS (ms): Min: 2.2, Avg: 3.3, Max: 4.8, Diff: 2.6, Sum: 59.0]
         [Processed Buffers: Min: 11, Avg: 33.1, Max: 53, Diff: 42, Sum: 596]
      [Scan RS (ms): Min: 0.0, Avg: 0.1, Max: 0.3, Diff: 0.3, Sum: 1.8]
      [Code Root Scanning (ms): Min: 0.0, Avg: 0.0, Max: 0.0, Diff: 0.0, Sum: 0.1]
      [Object Copy (ms): Min: 17.7, Avg: 18.7, Max: 20.3, Diff: 2.6, Sum: 336.4]
      [Termination (ms): Min: 0.0, Avg: 1.4, Max: 1.8, Diff: 1.8, Sum: 25.8]
      [GC Worker Other (ms): Min: 0.0, Avg: 0.0, Max: 0.1, Diff: 0.1, Sum: 0.8]
      [GC Worker Total (ms): Min: 28.2, Avg: 28.3, Max: 28.4, Diff: 0.2, Sum: 509.5]
      [GC Worker End (ms): Min: 625659.9, Avg: 625659.9, Max: 625660.0, Diff: 0.1]
   [Code Root Fixup: 0.2 ms]
   [Code Root Migration: 0.1 ms]
   [Clear CT: 1.6 ms]
   [Other: 3.6 ms]
      [Choose CSet: 0.0 ms]
      [Ref Proc: 1.7 ms]
      [Ref Enq: 0.1 ms]
      [Free CSet: 0.6 ms]
   [Eden: 4560.0M(4560.0M)->0.0B(4656.0M) Survivors: 176.0M->112.0M Heap: 9009.1M(10.0G)->4412.6M(10.0G)]
 [Times: user=0.53 sys=0.01, real=0.04 secs] 
625.665: Total time for which application threads were stopped: 0.0355640 seconds
626.445: Total time for which application threads were stopped: 0.0011360 seconds
629.370: Total time for which application threads were stopped: 0.0011490 seconds
630.372: Total time for which application threads were stopped: 0.0010660 seconds
631.140: [GC pause (G1 Evacuation Pause) (young)
Desired survivor size 318767104 bytes, new threshold 15 (max 15)
- age   1:   28096800 bytes,   28096800 total
- age   2:    7742040 bytes,   35838840 total
- age   3:    6149576 bytes,   41988416 total
- age   4:    6694336 bytes,   48682752 total
- age   5:    5784344 bytes,   54467096 total
- age   6:    3375136 bytes,   57842232 total
- age   7:    3774304 bytes,   61616536 total
- age   8:    1642648 bytes,   63259184 total
- age   9:    2311192 bytes,   65570376 total
- age  10:    1542432 bytes,   67112808 total
- age  11:    2593016 bytes,   69705824 total
- age  12:    1572760 bytes,   71278584 total
- age  13:    2032528 bytes,   73311112 total
- age  14:    1813264 bytes,   75124376 total
- age  15:    1131512 bytes,   76255888 total
, 0.0367280 secs]
   [Parallel Time: 29.6 ms, GC Workers: 18]
      [GC Worker Start (ms): Min: 631140.9, Avg: 631141.0, Max: 631141.1, Diff: 0.1]
      [Ext Root Scanning (ms): Min: 4.1, Avg: 4.7, Max: 5.2, Diff: 1.0, Sum: 84.6]
      [Update RS (ms): Min: 6.1, Avg: 6.6, Max: 7.1, Diff: 1.0, Sum: 119.1]
         [Processed Buffers: Min: 16, Avg: 44.6, Max: 81, Diff: 65, Sum: 802]
      [Scan RS (ms): Min: 0.0, Avg: 0.2, Max: 0.3, Diff: 0.3, Sum: 3.7]
      [Code Root Scanning (ms): Min: 0.0, Avg: 0.0, Max: 0.0, Diff: 0.0, Sum: 0.1]
      [Object Copy (ms): Min: 17.6, Avg: 17.7, Max: 17.9, Diff: 0.3, Sum: 319.1]
      [Termination (ms): Min: 0.0, Avg: 0.2, Max: 0.2, Diff: 0.2, Sum: 3.5]
      [GC Worker Other (ms): Min: 0.0, Avg: 0.1, Max: 0.1, Diff: 0.1, Sum: 0.9]
      [GC Worker Total (ms): Min: 29.4, Avg: 29.5, Max: 29.6, Diff: 0.2, Sum: 531.0]
      [GC Worker End (ms): Min: 631170.5, Avg: 631170.5, Max: 631170.5, Diff: 0.1]
   [Code Root Fixup: 0.2 ms]
   [Code Root Migration: 0.1 ms]
   [Clear CT: 3.3 ms]
   [Other: 3.5 ms]
      [Choose CSet: 0.0 ms]
      [Ref Proc: 1.7 ms]
      [Ref Enq: 0.1 ms]
      [Free CSet: 0.6 ms]
   [Eden: 4656.0M(4656.0M)->0.0B(4608.0M) Survivors: 112.0M->128.0M Heap: 9068.6M(10.0G)->4447.2M(10.0G)]
 [Times: user=0.55 sys=0.00, real=0.04 secs] 
631.178: Total time for which application threads were stopped: 0.0382460 seconds
631.867: Total time for which application threads were stopped: 0.0011290 seconds
632.465: Total time for which application threads were stopped: 0.0010630 seconds
632.830: Total time for which application threads were stopped: 0.0009390 seconds
634.180: Total time for which application threads were stopped: 0.0012090 seconds
634.181: Total time for which application threads were stopped: 0.0004970 seconds
634.192: Total time for which application threads were stopped: 0.0006200 seconds
634.654: Total time for which application threads were stopped: 0.0009020 seconds
635.395: Total time for which application threads were stopped: 0.0011730 seconds
636.478: [GC pause (G1 Evacuation Pause) (young)
Desired survivor size 310378496 bytes, new threshold 15 (max 15)
- age   1:   13932008 bytes,   13932008 total
- age   2:   22784416 bytes,   36716424 total
- age   3:    6696344 bytes,   43412768 total
- age   4:    5865008 bytes,   49277776 total
- age   5:    6641928 bytes,   55919704 total
- age   6:    3681488 bytes,   59601192 total
- age   7:    1305000 bytes,   60906192 total
- age   8:    2375584 bytes,   63281776 total
- age   9:    1639392 bytes,   64921168 total
- age  10:    2305824 bytes,   67226992 total
- age  11:    1540080 bytes,   68767072 total
- age  12:    2587552 bytes,   71354624 total
- age  13:    1557080 bytes,   72911704 total
- age  14:    2015248 bytes,   74926952 total
- age  15:    1810568 bytes,   76737520 total
, 0.0325450 secs]
   [Parallel Time: 27.5 ms, GC Workers: 18]
      [GC Worker Start (ms): Min: 636478.6, Avg: 636478.7, Max: 636478.8, Diff: 0.2]
      [Ext Root Scanning (ms): Min: 4.4, Avg: 4.9, Max: 5.6, Diff: 1.2, Sum: 89.0]
      [Update RS (ms): Min: 2.4, Avg: 2.9, Max: 3.5, Diff: 1.1, Sum: 52.9]
         [Processed Buffers: Min: 13, Avg: 33.4, Max: 74, Diff: 61, Sum: 602]
      [Scan RS (ms): Min: 0.0, Avg: 0.2, Max: 0.3, Diff: 0.3, Sum: 3.4]
      [Code Root Scanning (ms): Min: 0.0, Avg: 0.0, Max: 0.0, Diff: 0.0, Sum: 0.1]
      [Object Copy (ms): Min: 17.8, Avg: 18.2, Max: 19.3, Diff: 1.6, Sum: 328.2]
      [Termination (ms): Min: 0.0, Avg: 1.0, Max: 1.3, Diff: 1.3, Sum: 18.0]
      [GC Worker Other (ms): Min: 0.0, Avg: 0.0, Max: 0.1, Diff: 0.1, Sum: 0.8]
      [GC Worker Total (ms): Min: 27.3, Avg: 27.4, Max: 27.5, Diff: 0.2, Sum: 492.6]
      [GC Worker End (ms): Min: 636506.0, Avg: 636506.0, Max: 636506.1, Diff: 0.1]
   [Code Root Fixup: 0.2 ms]
   [Code Root Migration: 0.1 ms]
   [Clear CT: 1.3 ms]
   [Other: 3.4 ms]
      [Choose CSet: 0.0 ms]
      [Ref Proc: 1.7 ms]
      [Ref Enq: 0.1 ms]
      [Free CSet: 0.6 ms]
   [Eden: 4608.0M(4608.0M)->0.0B(4640.0M) Survivors: 128.0M->112.0M Heap: 9055.2M(10.0G)->4437.3M(10.0G)]
 [Times: user=0.51 sys=0.01, real=0.03 secs] 
636.511: Total time for which application threads were stopped: 0.0341340 seconds
638.621: Total time for which application threads were stopped: 0.0012050 seconds
641.376: Total time for which application threads were stopped: 0.0011040 seconds
642.105: [GC pause (G1 Evacuation Pause) (young)
Desired survivor size 318767104 bytes, new threshold 15 (max 15)
- age   1:   12533896 bytes,   12533896 total
- age   2:    9418944 bytes,   21952840 total
- age   3:   22503976 bytes,   44456816 total
- age   4:    6502984 bytes,   50959800 total
- age   5:    5801664 bytes,   56761464 total
- age   6:    4490376 bytes,   61251840 total
- age   7:    1603648 bytes,   62855488 total
- age   8:    1297464 bytes,   64152952 total
- age   9:    2371056 bytes,   66524008 total
- age  10:    1634176 bytes,   68158184 total
- age  11:    2298064 bytes,   70456248 total
- age  12:    1533880 bytes,   71990128 total
- age  13:    2549408 bytes,   74539536 total
- age  14:    1548656 bytes,   76088192 total
- age  15:    2014152 bytes,   78102344 total
, 0.0316990 secs]
   [Parallel Time: 26.5 ms, GC Workers: 18]
      [GC Worker Start (ms): Min: 642105.5, Avg: 642105.6, Max: 642105.6, Diff: 0.1]
      [Ext Root Scanning (ms): Min: 4.0, Avg: 4.6, Max: 5.2, Diff: 1.2, Sum: 83.3]
      [Update RS (ms): Min: 2.4, Avg: 2.9, Max: 3.6, Diff: 1.3, Sum: 52.8]
         [Processed Buffers: Min: 8, Avg: 35.7, Max: 68, Diff: 60, Sum: 643]
      [Scan RS (ms): Min: 0.0, Avg: 0.2, Max: 0.3, Diff: 0.3, Sum: 3.9]
      [Code Root Scanning (ms): Min: 0.0, Avg: 0.0, Max: 0.0, Diff: 0.0, Sum: 0.1]
      [Object Copy (ms): Min: 17.0, Avg: 17.6, Max: 18.5, Diff: 1.4, Sum: 316.7]
      [Termination (ms): Min: 0.0, Avg: 0.9, Max: 1.5, Diff: 1.5, Sum: 16.2]
      [GC Worker Other (ms): Min: 0.0, Avg: 0.0, Max: 0.1, Diff: 0.1, Sum: 0.7]
      [GC Worker Total (ms): Min: 26.3, Avg: 26.3, Max: 26.4, Diff: 0.1, Sum: 473.7]
      [GC Worker End (ms): Min: 642131.9, Avg: 642131.9, Max: 642131.9, Diff: 0.0]
   [Code Root Fixup: 0.2 ms]
   [Code Root Migration: 0.1 ms]
   [Clear CT: 1.3 ms]
   [Other: 3.6 ms]
      [Choose CSet: 0.0 ms]
      [Ref Proc: 1.8 ms]
      [Ref Enq: 0.1 ms]
      [Free CSet: 0.6 ms]
   [Eden: 4640.0M(4640.0M)->0.0B(4608.0M) Survivors: 112.0M->128.0M Heap: 9077.3M(10.0G)->4456.7M(10.0G)]
 [Times: user=0.49 sys=0.01, real=0.03 secs] 
642.137: Total time for which application threads were stopped: 0.0332590 seconds
644.168: Total time for which application threads were stopped: 0.0011240 seconds
644.172: Total time for which application threads were stopped: 0.0004690 seconds
644.175: Total time for which application threads were stopped: 0.0004140 seconds
644.404: Total time for which application threads were stopped: 0.0009840 seconds
644.580: Total time for which application threads were stopped: 0.0009100 seconds
647.390: Total time for which application threads were stopped: 0.0011900 seconds
647.617: [GC pause (G1 Evacuation Pause) (young)
Desired survivor size 310378496 bytes, new threshold 15 (max 15)
- age   1:   13354336 bytes,   13354336 total
- age   2:    6160224 bytes,   19514560 total
- age   3:    8394456 bytes,   27909016 total
- age   4:   22352640 bytes,   50261656 total
- age   5:    6437912 bytes,   56699568 total
- age   6:    3714920 bytes,   60414488 total
- age   7:    2418544 bytes,   62833032 total
- age   8:    1595840 bytes,   64428872 total
- age   9:    1294528 bytes,   65723400 total
- age  10:    2369136 bytes,   68092536 total
- age  11:    1631832 bytes,   69724368 total
- age  12:    2293960 bytes,   72018328 total
- age  13:    1504672 bytes,   73523000 total
- age  14:    2537000 bytes,   76060000 total
- age  15:    1547712 bytes,   77607712 total
, 0.0296750 secs]
   [Parallel Time: 24.4 ms, GC Workers: 18]
      [GC Worker Start (ms): Min: 647617.4, Avg: 647617.5, Max: 647617.5, Diff: 0.2]
      [Ext Root Scanning (ms): Min: 3.8, Avg: 4.6, Max: 5.0, Diff: 1.1, Sum: 83.2]
      [Update RS (ms): Min: 2.5, Avg: 3.0, Max: 3.8, Diff: 1.2, Sum: 54.3]
         [Processed Buffers: Min: 4, Avg: 36.6, Max: 68, Diff: 64, Sum: 659]
      [Scan RS (ms): Min: 0.0, Avg: 0.2, Max: 0.3, Diff: 0.3, Sum: 3.9]
      [Code Root Scanning (ms): Min: 0.0, Avg: 0.0, Max: 0.0, Diff: 0.0, Sum: 0.1]
      [Object Copy (ms): Min: 15.6, Avg: 16.1, Max: 16.4, Diff: 0.9, Sum: 290.7]
      [Termination (ms): Min: 0.0, Avg: 0.2, Max: 0.2, Diff: 0.2, Sum: 3.4]
      [GC Worker Other (ms): Min: 0.0, Avg: 0.0, Max: 0.1, Diff: 0.1, Sum: 0.8]
      [GC Worker Total (ms): Min: 24.2, Avg: 24.2, Max: 24.3, Diff: 0.2, Sum: 436.4]
      [GC Worker End (ms): Min: 647641.7, Avg: 647641.7, Max: 647641.8, Diff: 0.1]
   [Code Root Fixup: 0.2 ms]
   [Code Root Migration: 0.1 ms]
   [Clear CT: 1.5 ms]
   [Other: 3.5 ms]
      [Choose CSet: 0.0 ms]
      [Ref Proc: 1.7 ms]
      [Ref Enq: 0.1 ms]
      [Free CSet: 0.6 ms]
   [Eden: 4608.0M(4608.0M)->0.0B(4640.0M) Survivors: 128.0M->112.0M Heap: 9064.7M(10.0G)->4445.1M(10.0G)]
 [Times: user=0.46 sys=0.00, real=0.03 secs] 
647.647: Total time for which application threads were stopped: 0.0310890 seconds
650.386: Total time for which application threads were stopped: 0.0011830 seconds
650.616: Total time for which application threads were stopped: 0.0009140 seconds
652.810: Total time for which application threads were stopped: 0.0010760 seconds
652.811: [GC pause (GCLocker Initiated GC) (young)
Desired survivor size 318767104 bytes, new threshold 15 (max 15)
- age   1:   11763160 bytes,   11763160 total
- age   2:    8101016 bytes,   19864176 total
- age   3:    5785936 bytes,   25650112 total
- age   4:    8222872 bytes,   33872984 total
- age   5:   22311920 bytes,   56184904 total
- age   6:    2299288 bytes,   58484192 total
- age   7:    1635232 bytes,   60119424 total
- age   8:    2412944 bytes,   62532368 total
- age   9:    1590016 bytes,   64122384 total
- age  10:    1290560 bytes,   65412944 total
- age  11:    2365496 bytes,   67778440 total
- age  12:    1624040 bytes,   69402480 total
- age  13:    2271464 bytes,   71673944 total
- age  14:    1502352 bytes,   73176296 total
- age  15:    2535896 bytes,   75712192 total
, 0.0304670 secs]
   [Parallel Time: 25.3 ms, GC Workers: 18]
      [GC Worker Start (ms): Min: 652811.5, Avg: 652811.6, Max: 652811.6, Diff: 0.1]
      [Ext Root Scanning (ms): Min: 4.1, Avg: 4.9, Max: 5.5, Diff: 1.5, Sum: 88.8]
      [Update RS (ms): Min: 2.2, Avg: 2.8, Max: 3.9, Diff: 1.7, Sum: 50.6]
         [Processed Buffers: Min: 7, Avg: 33.2, Max: 61, Diff: 54, Sum: 598]
      [Scan RS (ms): Min: 0.0, Avg: 0.2, Max: 0.3, Diff: 0.3, Sum: 3.5]
      [Code Root Scanning (ms): Min: 0.0, Avg: 0.0, Max: 0.0, Diff: 0.0, Sum: 0.1]
      [Object Copy (ms): Min: 15.1, Avg: 15.6, Max: 17.2, Diff: 2.1, Sum: 281.1]
      [Termination (ms): Min: 0.0, Avg: 1.5, Max: 2.0, Diff: 2.0, Sum: 27.6]
      [GC Worker Other (ms): Min: 0.0, Avg: 0.0, Max: 0.1, Diff: 0.0, Sum: 0.5]
      [GC Worker Total (ms): Min: 25.1, Avg: 25.1, Max: 25.2, Diff: 0.1, Sum: 452.2]
      [GC Worker End (ms): Min: 652836.7, Avg: 652836.7, Max: 652836.7, Diff: 0.0]
   [Code Root Fixup: 0.3 ms]
   [Code Root Migration: 0.1 ms]
   [Clear CT: 1.5 ms]
   [Other: 3.3 ms]
      [Choose CSet: 0.0 ms]
      [Ref Proc: 1.5 ms]
      [Ref Enq: 0.1 ms]
      [Free CSet: 0.6 ms]
   [Eden: 4656.0M(4640.0M)->0.0B(4624.0M) Survivors: 112.0M->112.0M Heap: 9085.4M(10.0G)->4445.5M(10.0G)]
 [Times: user=0.47 sys=0.01, real=0.03 secs] 
652.842: Total time for which application threads were stopped: 0.0313350 seconds
652.961: Total time for which application threads were stopped: 0.0009630 seconds
653.552: Total time for which application threads were stopped: 0.0011440 seconds
654.185: Total time for which application threads were stopped: 0.0010900 seconds
654.187: Total time for which application threads were stopped: 0.0004560 seconds
654.192: Total time for which application threads were stopped: 0.0007200 seconds
654.433: Total time for which application threads were stopped: 0.0009420 seconds
654.448: Total time for which application threads were stopped: 0.0008250 seconds
654.643: Total time for which application threads were stopped: 0.0008880 seconds
656.331: Total time for which application threads were stopped: 0.0020720 seconds
656.502: Total time for which application threads were stopped: 0.0009320 seconds
657.800: Total time for which application threads were stopped: 0.0011070 seconds
657.801: [GC pause (GCLocker Initiated GC) (young)
Desired survivor size 310378496 bytes, new threshold 15 (max 15)
- age   1:   13078936 bytes,   13078936 total
- age   2:    7577152 bytes,   20656088 total
- age   3:    7422840 bytes,   28078928 total
- age   4:    5666648 bytes,   33745576 total
- age   5:    8185808 bytes,   41931384 total
- age   6:   18172136 bytes,   60103520 total
- age   7:    2288720 bytes,   62392240 total
- age   8:    1628688 bytes,   64020928 total
- age   9:    2406744 bytes,   66427672 total
- age  10:    1584328 bytes,   68012000 total
- age  11:    1285232 bytes,   69297232 total
- age  12:    2349904 bytes,   71647136 total
- age  13:    1608264 bytes,   73255400 total
- age  14:    2270464 bytes,   75525864 total
- age  15:    1501336 bytes,   77027200 total
, 0.0297040 secs]
   [Parallel Time: 24.5 ms, GC Workers: 18]
      [GC Worker Start (ms): Min: 657801.3, Avg: 657801.4, Max: 657801.4, Diff: 0.1]
      [Ext Root Scanning (ms): Min: 3.8, Avg: 4.6, Max: 5.1, Diff: 1.3, Sum: 82.3]
      [Update RS (ms): Min: 2.3, Avg: 2.9, Max: 3.9, Diff: 1.6, Sum: 51.7]
         [Processed Buffers: Min: 10, Avg: 35.7, Max: 75, Diff: 65, Sum: 643]
      [Scan RS (ms): Min: 0.0, Avg: 0.2, Max: 0.3, Diff: 0.3, Sum: 3.6]
      [Code Root Scanning (ms): Min: 0.0, Avg: 0.0, Max: 0.0, Diff: 0.0, Sum: 0.1]
      [Object Copy (ms): Min: 15.8, Avg: 16.2, Max: 16.7, Diff: 0.9, Sum: 291.0]
      [Termination (ms): Min: 0.0, Avg: 0.5, Max: 0.6, Diff: 0.6, Sum: 8.5]
      [GC Worker Other (ms): Min: 0.0, Avg: 0.0, Max: 0.1, Diff: 0.1, Sum: 0.7]
      [GC Worker Total (ms): Min: 24.3, Avg: 24.3, Max: 24.4, Diff: 0.1, Sum: 437.9]
      [GC Worker End (ms): Min: 657825.7, Avg: 657825.7, Max: 657825.7, Diff: 0.1]
   [Code Root Fixup: 0.2 ms]
   [Code Root Migration: 0.1 ms]
   [Clear CT: 1.4 ms]
   [Other: 3.5 ms]
      [Choose CSet: 0.0 ms]
      [Ref Proc: 1.7 ms]
      [Ref Enq: 0.1 ms]
      [Free CSet: 0.6 ms]
   [Eden: 4640.0M(4624.0M)->0.0B(4592.0M) Survivors: 112.0M->128.0M Heap: 9069.9M(10.0G)->4463.6M(10.0G)]
 [Times: user=0.45 sys=0.01, real=0.03 secs] 
657.831: Total time for which application threads were stopped: 0.0306160 seconds
659.383: Total time for which application threads were stopped: 0.0011640 seconds
662.400: Total time for which application threads were stopped: 0.0011340 seconds
662.858: Total time for which application threads were stopped: 0.0008360 seconds
662.859: [GC pause (GCLocker Initiated GC) (young)
Desired survivor size 310378496 bytes, new threshold 15 (max 15)
- age   1:   29073816 bytes,   29073816 total
- age   2:    6830568 bytes,   35904384 total
- age   3:    6811760 bytes,   42716144 total
- age   4:    7227624 bytes,   49943768 total
- age   5:    5610768 bytes,   55554536 total
- age   6:    2664784 bytes,   58219320 total
- age   7:    1717376 bytes,   59936696 total
- age   8:    2281888 bytes,   62218584 total
- age   9:    1625352 bytes,   63843936 total
- age  10:    2397432 bytes,   66241368 total
- age  11:    1582248 bytes,   67823616 total
- age  12:    1276888 bytes,   69100504 total
- age  13:    2336800 bytes,   71437304 total
- age  14:    1607088 bytes,   73044392 total
- age  15:    2269952 bytes,   75314344 total
, 0.0289010 secs]
   [Parallel Time: 23.6 ms, GC Workers: 18]
      [GC Worker Start (ms): Min: 662859.0, Avg: 662859.2, Max: 662859.2, Diff: 0.2]
      [Ext Root Scanning (ms): Min: 4.1, Avg: 4.7, Max: 5.4, Diff: 1.3, Sum: 84.8]
      [Update RS (ms): Min: 2.2, Avg: 2.8, Max: 3.6, Diff: 1.4, Sum: 50.7]
         [Processed Buffers: Min: 8, Avg: 33.3, Max: 67, Diff: 59, Sum: 600]
      [Scan RS (ms): Min: 0.0, Avg: 0.2, Max: 0.3, Diff: 0.3, Sum: 3.5]
      [Code Root Scanning (ms): Min: 0.0, Avg: 0.0, Max: 0.0, Diff: 0.0, Sum: 0.1]
      [Object Copy (ms): Min: 14.7, Avg: 15.2, Max: 15.7, Diff: 1.0, Sum: 273.2]
      [Termination (ms): Min: 0.0, Avg: 0.5, Max: 0.6, Diff: 0.6, Sum: 8.7]
      [GC Worker Other (ms): Min: 0.0, Avg: 0.0, Max: 0.1, Diff: 0.1, Sum: 0.6]
      [GC Worker Total (ms): Min: 23.3, Avg: 23.4, Max: 23.5, Diff: 0.2, Sum: 421.5]
      [GC Worker End (ms): Min: 662882.6, Avg: 662882.6, Max: 662882.6, Diff: 0.0]
   [Code Root Fixup: 0.2 ms]
   [Code Root Migration: 0.1 ms]
   [Clear CT: 1.5 ms]
   [Other: 3.5 ms]
      [Choose CSet: 0.0 ms]
      [Ref Proc: 1.7 ms]
      [Ref Enq: 0.1 ms]
      [Free CSet: 0.6 ms]
   [Eden: 4608.0M(4592.0M)->0.0B(4624.0M) Survivors: 128.0M->112.0M Heap: 9056.0M(10.0G)->4443.8M(10.0G)]
 [Times: user=0.44 sys=0.01, real=0.03 secs] 
662.888: Total time for which application threads were stopped: 0.0297790 seconds
662.984: Total time for which application threads were stopped: 0.0011650 seconds
664.179: Total time for which application threads were stopped: 0.0080800 seconds
664.182: Total time for which application threads were stopped: 0.0008180 seconds
664.185: Total time for which application threads were stopped: 0.0005270 seconds
664.202: Total time for which application threads were stopped: 0.0007750 seconds
665.203: Total time for which application threads were stopped: 0.0011000 seconds
665.392: Total time for which application threads were stopped: 0.0009100 seconds
665.872: Total time for which application threads were stopped: 0.0011070 seconds
665.873: Total time for which application threads were stopped: 0.0004470 seconds
668.306: [GC pause (G1 Evacuation Pause) (young)
Desired survivor size 310378496 bytes, new threshold 15 (max 15)
- age   1:   10906928 bytes,   10906928 total
- age   2:   25328864 bytes,   36235792 total
- age   3:    6144232 bytes,   42380024 total
- age   4:    6658936 bytes,   49038960 total
- age   5:    7186392 bytes,   56225352 total
- age   6:    1461936 bytes,   57687288 total
- age   7:    2657608 bytes,   60344896 total
- age   8:    1709784 bytes,   62054680 total
- age   9:    2275328 bytes,   64330008 total
- age  10:    1621944 bytes,   65951952 total
- age  11:    2392784 bytes,   68344736 total
- age  12:    1569936 bytes,   69914672 total
- age  13:    1267232 bytes,   71181904 total
- age  14:    2335224 bytes,   73517128 total
- age  15:    1605784 bytes,   75122912 total
, 0.0290990 secs]
   [Parallel Time: 23.9 ms, GC Workers: 18]
      [GC Worker Start (ms): Min: 668306.2, Avg: 668306.3, Max: 668306.4, Diff: 0.2]
      [Ext Root Scanning (ms): Min: 4.0, Avg: 4.6, Max: 5.0, Diff: 0.9, Sum: 83.6]
      [Update RS (ms): Min: 2.5, Avg: 3.0, Max: 3.8, Diff: 1.2, Sum: 53.8]
         [Processed Buffers: Min: 10, Avg: 36.7, Max: 68, Diff: 58, Sum: 660]
      [Scan RS (ms): Min: 0.0, Avg: 0.2, Max: 0.3, Diff: 0.3, Sum: 3.8]
      [Code Root Scanning (ms): Min: 0.0, Avg: 0.0, Max: 0.0, Diff: 0.0, Sum: 0.1]
      [Object Copy (ms): Min: 13.9, Avg: 14.8, Max: 15.9, Diff: 1.9, Sum: 266.7]
      [Termination (ms): Min: 0.0, Avg: 1.0, Max: 1.2, Diff: 1.2, Sum: 17.3]
      [GC Worker Other (ms): Min: 0.0, Avg: 0.1, Max: 0.1, Diff: 0.1, Sum: 1.0]
      [GC Worker Total (ms): Min: 23.6, Avg: 23.7, Max: 23.8, Diff: 0.2, Sum: 426.2]
      [GC Worker End (ms): Min: 668329.9, Avg: 668330.0, Max: 668330.0, Diff: 0.1]
   [Code Root Fixup: 0.3 ms]
   [Code Root Migration: 0.1 ms]
   [Clear CT: 1.6 ms]
   [Other: 3.3 ms]
      [Choose CSet: 0.0 ms]
      [Ref Proc: 1.5 ms]
      [Ref Enq: 0.1 ms]
      [Free CSet: 0.6 ms]
   [Eden: 4624.0M(4624.0M)->0.0B(4592.0M) Survivors: 112.0M->128.0M Heap: 9067.8M(10.0G)->4463.8M(10.0G)]
 [Times: user=0.45 sys=0.00, real=0.03 secs] 
668.335: Total time for which application threads were stopped: 0.0307040 seconds
668.377: Total time for which application threads were stopped: 0.0009250 seconds
669.378: Total time for which application threads were stopped: 0.0010680 seconds
670.896: Total time for which application threads were stopped: 0.0011240 seconds
671.386: Total time for which application threads were stopped: 0.0009610 seconds
671.508: Total time for which application threads were stopped: 0.0011160 seconds
673.425: [GC pause (G1 Evacuation Pause) (young)
Desired survivor size 310378496 bytes, new threshold 15 (max 15)
- age   1:   11166376 bytes,   11166376 total
- age   2:    6520312 bytes,   17686688 total
- age   3:   24618992 bytes,   42305680 total
- age   4:    5973000 bytes,   48278680 total
- age   5:    6480744 bytes,   54759424 total
- age   6:    2917216 bytes,   57676640 total
- age   7:    1450008 bytes,   59126648 total
- age   8:    2651032 bytes,   61777680 total
- age   9:    1704584 bytes,   63482264 total
- age  10:    2271032 bytes,   65753296 total
- age  11:    1616000 bytes,   67369296 total
- age  12:    2372920 bytes,   69742216 total
- age  13:    1561696 bytes,   71303912 total
- age  14:    1267032 bytes,   72570944 total
- age  15:    2334520 bytes,   74905464 total
, 0.0303620 secs]
   [Parallel Time: 25.4 ms, GC Workers: 18]
      [GC Worker Start (ms): Min: 673425.5, Avg: 673425.5, Max: 673425.6, Diff: 0.1]
      [Ext Root Scanning (ms): Min: 4.0, Avg: 4.8, Max: 5.4, Diff: 1.4, Sum: 87.2]
      [Update RS (ms): Min: 2.2, Avg: 3.0, Max: 4.5, Diff: 2.3, Sum: 53.9]
         [Processed Buffers: Min: 10, Avg: 33.6, Max: 66, Diff: 56, Sum: 605]
      [Scan RS (ms): Min: 0.0, Avg: 0.2, Max: 0.3, Diff: 0.3, Sum: 3.3]
      [Code Root Scanning (ms): Min: 0.0, Avg: 0.0, Max: 0.0, Diff: 0.0, Sum: 0.1]
      [Object Copy (ms): Min: 15.2, Avg: 16.8, Max: 17.4, Diff: 2.2, Sum: 302.2]
      [Termination (ms): Min: 0.0, Avg: 0.4, Max: 0.5, Diff: 0.5, Sum: 6.8]
      [GC Worker Other (ms): Min: 0.0, Avg: 0.1, Max: 0.1, Diff: 0.1, Sum: 1.1]
      [GC Worker Total (ms): Min: 25.2, Avg: 25.3, Max: 25.3, Diff: 0.2, Sum: 454.6]
      [GC Worker End (ms): Min: 673450.7, Avg: 673450.8, Max: 673450.8, Diff: 0.1]
   [Code Root Fixup: 0.2 ms]
   [Code Root Migration: 0.1 ms]
   [Clear CT: 1.4 ms]
   [Other: 3.3 ms]
      [Choose CSet: 0.0 ms]
      [Ref Proc: 1.5 ms]
      [Ref Enq: 0.1 ms]
      [Free CSet: 0.6 ms]
   [Eden: 4592.0M(4592.0M)->0.0B(4624.0M) Survivors: 128.0M->112.0M Heap: 9055.8M(10.0G)->4448.2M(10.0G)]
 [Times: user=0.46 sys=0.01, real=0.03 secs] 
673.456: Total time for which application threads were stopped: 0.0320190 seconds
674.184: Total time for which application threads were stopped: 0.0011120 seconds
674.193: Total time for which application threads were stopped: 0.0007060 seconds
674.197: Total time for which application threads were stopped: 0.0005540 seconds
674.324: Total time for which application threads were stopped: 0.0009460 seconds
674.430: Total time for which application threads were stopped: 0.0009400 seconds
674.624: Total time for which application threads were stopped: 0.0009500 seconds
674.624: Total time for which application threads were stopped: 0.0003050 seconds
674.625: Total time for which application threads were stopped: 0.0002500 seconds
674.625: Total time for which application threads were stopped: 0.0002400 seconds
674.625: Total time for which application threads were stopped: 0.0002300 seconds
674.626: Total time for which application threads were stopped: 0.0003320 seconds
674.626: Total time for which application threads were stopped: 0.0002670 seconds
674.626: Total time for which application threads were stopped: 0.0002320 seconds
674.626: Total time for which application threads were stopped: 0.0002350 seconds
674.627: Total time for which application threads were stopped: 0.0002380 seconds
674.627: Total time for which application threads were stopped: 0.0003050 seconds
674.627: Total time for which application threads were stopped: 0.0002380 seconds
674.628: Total time for which application threads were stopped: 0.0002710 seconds
674.628: Total time for which application threads were stopped: 0.0002230 seconds
674.628: Total time for which application threads were stopped: 0.0002220 seconds
675.529: Total time for which application threads were stopped: 0.0011110 seconds
675.530: Total time for which application threads were stopped: 0.0004460 seconds
675.533: Total time for which application threads were stopped: 0.0004720 seconds
675.721: Total time for which application threads were stopped: 0.0009410 seconds
675.751: Total time for which application threads were stopped: 0.0008970 seconds
676.318: Total time for which application threads were stopped: 0.0011320 seconds
677.313: Total time for which application threads were stopped: 0.0022520 seconds
677.313: Total time for which application threads were stopped: 0.0002910 seconds
677.313: Total time for which application threads were stopped: 0.0002540 seconds
677.314: Total time for which application threads were stopped: 0.0002390 seconds
677.314: Total time for which application threads were stopped: 0.0002320 seconds
677.314: Total time for which application threads were stopped: 0.0002240 seconds
677.314: Total time for which application threads were stopped: 0.0002570 seconds
677.315: Total time for which application threads were stopped: 0.0003600 seconds
677.315: Total time for which application threads were stopped: 0.0002330 seconds
677.315: Total time for which application threads were stopped: 0.0002380 seconds
677.316: Total time for which application threads were stopped: 0.0002530 seconds
677.316: Total time for which application threads were stopped: 0.0002470 seconds
677.316: Total time for which application threads were stopped: 0.0003740 seconds
677.317: Total time for which application threads were stopped: 0.0003090 seconds
677.470: Total time for which application threads were stopped: 0.0009290 seconds
677.562: Total time for which application threads were stopped: 0.0009730 seconds
677.847: [GC pause (G1 Evacuation Pause) (young)
Desired survivor size 310378496 bytes, new threshold 15 (max 15)
- age   1:   11290760 bytes,   11290760 total
- age   2:    7857280 bytes,   19148040 total
- age   3:    5893272 bytes,   25041312 total
- age   4:   24410952 bytes,   49452264 total
- age   5:    5928064 bytes,   55380328 total
- age   6:    2347904 bytes,   57728232 total
- age   7:    2900272 bytes,   60628504 total
- age   8:    1441536 bytes,   62070040 total
- age   9:    2642480 bytes,   64712520 total
- age  10:    1701176 bytes,   66413696 total
- age  11:    2265992 bytes,   68679688 total
- age  12:    1602016 bytes,   70281704 total
- age  13:    2369184 bytes,   72650888 total
- age  14:    1560480 bytes,   74211368 total
- age  15:    1265744 bytes,   75477112 total
, 0.1330460 secs]
   [Parallel Time: 127.4 ms, GC Workers: 18]
      [GC Worker Start (ms): Min: 677848.0, Avg: 677848.0, Max: 677848.1, Diff: 0.1]
      [Ext Root Scanning (ms): Min: 4.1, Avg: 4.8, Max: 5.5, Diff: 1.4, Sum: 86.4]
      [Update RS (ms): Min: 12.8, Avg: 13.5, Max: 14.7, Diff: 2.0, Sum: 243.5]
         [Processed Buffers: Min: 13, Avg: 43.7, Max: 93, Diff: 80, Sum: 786]
      [Scan RS (ms): Min: 0.0, Avg: 0.2, Max: 0.3, Diff: 0.3, Sum: 3.6]
      [Code Root Scanning (ms): Min: 0.0, Avg: 0.0, Max: 0.0, Diff: 0.0, Sum: 0.1]
      [Object Copy (ms): Min: 107.7, Avg: 108.1, Max: 108.8, Diff: 1.0, Sum: 1946.6]
      [Termination (ms): Min: 0.0, Avg: 0.5, Max: 0.6, Diff: 0.6, Sum: 8.6]
      [GC Worker Other (ms): Min: 0.0, Avg: 0.1, Max: 0.1, Diff: 0.1, Sum: 1.3]
      [GC Worker Total (ms): Min: 127.1, Avg: 127.2, Max: 127.3, Diff: 0.2, Sum: 2290.0]
      [GC Worker End (ms): Min: 677975.2, Avg: 677975.2, Max: 677975.3, Diff: 0.1]
   [Code Root Fixup: 0.3 ms]
   [Code Root Migration: 0.1 ms]
   [Clear CT: 1.5 ms]
   [Other: 3.8 ms]
      [Choose CSet: 0.0 ms]
      [Ref Proc: 1.9 ms]
      [Ref Enq: 0.1 ms]
      [Free CSet: 0.6 ms]
   [Eden: 4624.0M(4624.0M)->0.0B(4112.0M) Survivors: 112.0M->352.0M Heap: 9088.2M(10.0G)->4715.3M(10.0G)]
 [Times: user=2.31 sys=0.01, real=0.14 secs] 
677.981: Total time for which application threads were stopped: 0.1346700 seconds
677.987: Total time for which application threads were stopped: 0.0008880 seconds
677.987: Total time for which application threads were stopped: 0.0002340 seconds
677.987: Total time for which application threads were stopped: 0.0002380 seconds
677.988: Total time for which application threads were stopped: 0.0002440 seconds
678.751: Total time for which application threads were stopped: 0.0011360 seconds
678.826: Total time for which application threads were stopped: 0.0010230 seconds
679.827: Total time for which application threads were stopped: 0.0010820 seconds
680.245: Total time for which application threads were stopped: 0.0009570 seconds
680.308: Total time for which application threads were stopped: 0.0008850 seconds
680.425: Total time for which application threads were stopped: 0.0011320 seconds
681.721: [GC pause (G1 Evacuation Pause) (young)
Desired survivor size 293601280 bytes, new threshold 15 (max 15)
- age   1:  180995784 bytes,  180995784 total
- age   2:    6483960 bytes,  187479744 total
- age   3:    7287104 bytes,  194766848 total
- age   4:    5745120 bytes,  200511968 total
- age   5:   24195288 bytes,  224707256 total
- age   6:    3833248 bytes,  228540504 total
- age   7:    2327688 bytes,  230868192 total
- age   8:    2894144 bytes,  233762336 total
- age   9:    1436424 bytes,  235198760 total
- age  10:    2628920 bytes,  237827680 total
- age  11:    1698904 bytes,  239526584 total
- age  12:    2247544 bytes,  241774128 total
- age  13:    1598768 bytes,  243372896 total
- age  14:    2368704 bytes,  245741600 total
- age  15:    1558944 bytes,  247300544 total
, 0.4212960 secs]
   [Parallel Time: 412.1 ms, GC Workers: 18]
      [GC Worker Start (ms): Min: 681721.8, Avg: 681721.9, Max: 681722.0, Diff: 0.2]
      [Ext Root Scanning (ms): Min: 4.3, Avg: 5.1, Max: 5.5, Diff: 1.2, Sum: 92.1]
      [Update RS (ms): Min: 38.3, Avg: 38.9, Max: 40.4, Diff: 2.2, Sum: 700.4]
         [Processed Buffers: Min: 14, Avg: 47.6, Max: 124, Diff: 110, Sum: 857]
      [Scan RS (ms): Min: 0.0, Avg: 0.1, Max: 0.3, Diff: 0.3, Sum: 2.6]
      [Code Root Scanning (ms): Min: 0.0, Avg: 0.0, Max: 0.0, Diff: 0.0, Sum: 0.1]
      [Object Copy (ms): Min: 366.2, Avg: 367.3, Max: 367.7, Diff: 1.5, Sum: 6610.8]
      [Termination (ms): Min: 0.2, Avg: 0.3, Max: 0.5, Diff: 0.3, Sum: 6.1]
      [GC Worker Other (ms): Min: 0.0, Avg: 0.1, Max: 0.1, Diff: 0.1, Sum: 1.4]
      [GC Worker Total (ms): Min: 411.7, Avg: 411.9, Max: 412.0, Diff: 0.2, Sum: 7413.5]
      [GC Worker End (ms): Min: 682133.8, Avg: 682133.8, Max: 682133.9, Diff: 0.1]
   [Code Root Fixup: 0.2 ms]
   [Code Root Migration: 0.1 ms]
   [Clear CT: 1.2 ms]
   [Other: 7.8 ms]
      [Choose CSet: 0.0 ms]
      [Ref Proc: 4.3 ms]
      [Ref Enq: 0.1 ms]
      [Free CSet: 0.6 ms]
   [Eden: 4112.0M(4112.0M)->0.0B(848.0M) Survivors: 352.0M->560.0M Heap: 8851.3M(10.0G)->5312.0M(10.0G)]
 [Times: user=7.33 sys=0.11, real=0.42 secs] 
682.143: Total time for which application threads were stopped: 0.4229550 seconds
682.457: [GC pause (G1 Evacuation Pause) (young) (initial-mark)
Desired survivor size 41943040 bytes, new threshold 1 (max 15)
- age   1:  534518440 bytes,  534518440 total
- age   2:  170179544 bytes,  704697984 total
- age   3:    5802624 bytes,  710500608 total
- age   4:    7156336 bytes,  717656944 total
- age   5:    5710912 bytes,  723367856 total
- age   6:   22110040 bytes,  745477896 total
- age   7:    1764496 bytes,  747242392 total
- age   8:    2322632 bytes,  749565024 total
- age   9:    2888160 bytes,  752453184 total
- age  10:    1427408 bytes,  753880592 total
- age  11:    2624560 bytes,  756505152 total
- age  12:    1684632 bytes,  758189784 total
- age  13:    2246752 bytes,  760436536 total
- age  14:    1597904 bytes,  762034440 total
- age  15:    2367952 bytes,  764402392 total
, 0.3632840 secs]
   [Parallel Time: 354.3 ms, GC Workers: 18]
      [GC Worker Start (ms): Min: 682457.8, Avg: 682457.9, Max: 682458.0, Diff: 0.2]
      [Ext Root Scanning (ms): Min: 3.8, Avg: 4.8, Max: 5.6, Diff: 1.8, Sum: 85.8]
      [Code Root Marking (ms): Min: 0.0, Avg: 1.1, Max: 6.7, Diff: 6.7, Sum: 19.2]
      [Update RS (ms): Min: 46.7, Avg: 52.3, Max: 57.4, Diff: 10.7, Sum: 941.7]
         [Processed Buffers: Min: 31, Avg: 67.8, Max: 130, Diff: 99, Sum: 1221]
      [Scan RS (ms): Min: 35.4, Avg: 40.1, Max: 40.5, Diff: 5.1, Sum: 721.4]
      [Code Root Scanning (ms): Min: 0.0, Avg: 0.0, Max: 0.0, Diff: 0.0, Sum: 0.1]
      [Object Copy (ms): Min: 254.1, Avg: 254.6, Max: 256.1, Diff: 2.0, Sum: 4583.3]
      [Termination (ms): Min: 0.0, Avg: 1.2, Max: 1.5, Diff: 1.5, Sum: 22.5]
      [GC Worker Other (ms): Min: 0.0, Avg: 0.0, Max: 0.1, Diff: 0.1, Sum: 0.7]
      [GC Worker Total (ms): Min: 354.1, Avg: 354.1, Max: 354.2, Diff: 0.2, Sum: 6374.6]
      [GC Worker End (ms): Min: 682812.0, Avg: 682812.0, Max: 682812.1, Diff: 0.1]
   [Code Root Fixup: 0.2 ms]
   [Code Root Migration: 0.0 ms]
   [Clear CT: 0.9 ms]
   [Other: 7.8 ms]
      [Choose CSet: 0.0 ms]
      [Ref Proc: 1.6 ms]
      [Ref Enq: 0.1 ms]
      [Free CSet: 0.4 ms]
   [Eden: 496.0M(16.0M)->0.0B(432.0M) Survivors: 560.0M->80.0M Heap: 5808.0M(10.0G)->5478.8M(10.0G)]
 [Times: user=6.10 sys=0.07, real=0.37 secs] 
682.821: [GC concurrent-root-region-scan-start]
682.821: Total time for which application threads were stopped: 0.3649710 seconds
682.832: [GC concurrent-root-region-scan-end, 0.0115100 secs]
682.832: [GC concurrent-mark-start]
683.210: [GC pause (G1 Evacuation Pause) (young)
Desired survivor size 33554432 bytes, new threshold 1 (max 15)
- age   1:   38816976 bytes,   38816976 total
, 0.0556460 secs]
   [Parallel Time: 51.2 ms, GC Workers: 18]
      [GC Worker Start (ms): Min: 683210.3, Avg: 683210.3, Max: 683210.4, Diff: 0.1]
      [Ext Root Scanning (ms): Min: 3.9, Avg: 4.8, Max: 5.1, Diff: 1.2, Sum: 85.9]
      [SATB Filtering (ms): Min: 0.0, Avg: 0.1, Max: 2.7, Diff: 2.7, Sum: 2.7]
      [Update RS (ms): Min: 21.1, Avg: 23.0, Max: 23.6, Diff: 2.5, Sum: 413.4]
         [Processed Buffers: Min: 39, Avg: 64.8, Max: 106, Diff: 67, Sum: 1167]
      [Scan RS (ms): Min: 2.9, Avg: 3.1, Max: 3.2, Diff: 0.3, Sum: 55.3]
      [Code Root Scanning (ms): Min: 0.0, Avg: 0.0, Max: 0.0, Diff: 0.0, Sum: 0.0]
      [Object Copy (ms): Min: 19.9, Avg: 20.0, Max: 20.2, Diff: 0.3, Sum: 359.6]
      [Termination (ms): Min: 0.0, Avg: 0.1, Max: 0.1, Diff: 0.1, Sum: 1.3]
      [GC Worker Other (ms): Min: 0.0, Avg: 0.0, Max: 0.1, Diff: 0.0, Sum: 0.6]
      [GC Worker Total (ms): Min: 51.0, Avg: 51.0, Max: 51.1, Diff: 0.1, Sum: 918.7]
      [GC Worker End (ms): Min: 683261.4, Avg: 683261.4, Max: 683261.4, Diff: 0.0]
   [Code Root Fixup: 0.5 ms]
   [Code Root Migration: 0.0 ms]
   [Clear CT: 0.6 ms]
   [Other: 3.4 ms]
      [Choose CSet: 0.0 ms]
      [Ref Proc: 1.8 ms]
      [Ref Enq: 0.1 ms]
      [Free CSet: 0.3 ms]
   [Eden: 432.0M(432.0M)->0.0B(448.0M) Survivors: 80.0M->64.0M Heap: 5910.8M(10.0G)->5688.0M(10.0G)]
 [Times: user=0.92 sys=0.01, real=0.06 secs] 
683.266: Total time for which application threads were stopped: 0.0569330 seconds
683.386: Total time for which application threads were stopped: 0.0008780 seconds
683.589: [GC pause (G1 Evacuation Pause) (young)
Desired survivor size 33554432 bytes, new threshold 15 (max 15)
- age   1:   28491464 bytes,   28491464 total
, 0.0574930 secs]
   [Parallel Time: 53.6 ms, GC Workers: 18]
      [GC Worker Start (ms): Min: 683589.2, Avg: 683589.3, Max: 683589.4, Diff: 0.2]
      [Ext Root Scanning (ms): Min: 4.0, Avg: 4.5, Max: 4.9, Diff: 1.0, Sum: 81.9]
      [SATB Filtering (ms): Min: 0.0, Avg: 0.1, Max: 2.1, Diff: 2.1, Sum: 2.1]
      [Update RS (ms): Min: 21.1, Avg: 22.5, Max: 23.4, Diff: 2.3, Sum: 405.9]
         [Processed Buffers: Min: 37, Avg: 61.8, Max: 87, Diff: 50, Sum: 1112]
      [Scan RS (ms): Min: 0.0, Avg: 0.0, Max: 0.0, Diff: 0.0, Sum: 0.4]
      [Code Root Scanning (ms): Min: 0.0, Avg: 0.0, Max: 0.0, Diff: 0.0, Sum: 0.0]
      [Object Copy (ms): Min: 25.4, Avg: 26.1, Max: 26.3, Diff: 0.8, Sum: 469.8]
      [Termination (ms): Min: 0.0, Avg: 0.0, Max: 0.1, Diff: 0.1, Sum: 0.7]
      [GC Worker Other (ms): Min: 0.0, Avg: 0.0, Max: 0.1, Diff: 0.1, Sum: 0.8]
      [GC Worker Total (ms): Min: 53.3, Avg: 53.4, Max: 53.5, Diff: 0.2, Sum: 961.6]
      [GC Worker End (ms): Min: 683642.7, Avg: 683642.7, Max: 683642.7, Diff: 0.1]
   [Code Root Fixup: 0.2 ms]
   [Code Root Migration: 0.0 ms]
   [Clear CT: 0.2 ms]
   [Other: 3.4 ms]
      [Choose CSet: 0.0 ms]
      [Ref Proc: 1.6 ms]
      [Ref Enq: 0.1 ms]
      [Free CSet: 0.2 ms]
   [Eden: 448.0M(448.0M)->0.0B(976.0M) Survivors: 64.0M->64.0M Heap: 6136.0M(10.0G)->5725.4M(10.0G)]
 [Times: user=0.96 sys=0.00, real=0.06 secs] 
683.647: Total time for which application threads were stopped: 0.0586850 seconds
684.049: Total time for which application threads were stopped: 0.0009770 seconds
684.049: [GC pause (GCLocker Initiated GC) (young)
Desired survivor size 33554432 bytes, new threshold 1 (max 15)
- age   1:   45916448 bytes,   45916448 total
- age   2:   11693352 bytes,   57609800 total
, 0.0705240 secs]
   [Parallel Time: 64.8 ms, GC Workers: 18]
      [GC Worker Start (ms): Min: 684050.0, Avg: 684050.0, Max: 684050.1, Diff: 0.1]
      [Ext Root Scanning (ms): Min: 3.5, Avg: 4.5, Max: 4.9, Diff: 1.4, Sum: 80.2]
      [SATB Filtering (ms): Min: 0.0, Avg: 0.1, Max: 2.4, Diff: 2.4, Sum: 2.4]
      [Update RS (ms): Min: 17.6, Avg: 19.4, Max: 23.1, Diff: 5.5, Sum: 350.0]
         [Processed Buffers: Min: 20, Avg: 56.1, Max: 108, Diff: 88, Sum: 1009]
      [Scan RS (ms): Min: 3.5, Avg: 7.3, Max: 7.9, Diff: 4.4, Sum: 131.9]
      [Code Root Scanning (ms): Min: 0.0, Avg: 0.0, Max: 0.0, Diff: 0.0, Sum: 0.0]
      [Object Copy (ms): Min: 32.9, Avg: 33.2, Max: 33.5, Diff: 0.7, Sum: 597.6]
      [Termination (ms): Min: 0.0, Avg: 0.0, Max: 0.0, Diff: 0.0, Sum: 0.2]
      [GC Worker Other (ms): Min: 0.0, Avg: 0.0, Max: 0.1, Diff: 0.1, Sum: 0.8]
      [GC Worker Total (ms): Min: 64.5, Avg: 64.6, Max: 64.7, Diff: 0.2, Sum: 1163.0]
      [GC Worker End (ms): Min: 684114.6, Avg: 684114.6, Max: 684114.7, Diff: 0.1]
   [Code Root Fixup: 0.3 ms]
   [Code Root Migration: 0.0 ms]
   [Clear CT: 0.6 ms]
   [Other: 4.9 ms]
      [Choose CSet: 0.0 ms]
      [Ref Proc: 1.6 ms]
      [Ref Enq: 0.1 ms]
      [Free CSet: 0.3 ms]
   [Eden: 464.0M(448.0M)->0.0B(1392.0M) Survivors: 64.0M->64.0M Heap: 6173.5M(10.0G)->5791.6M(10.0G)]
 [Times: user=1.16 sys=0.01, real=0.07 secs] 
684.120: Total time for which application threads were stopped: 0.0713480 seconds
684.177: Total time for which application threads were stopped: 0.0008540 seconds
684.184: Total time for which application threads were stopped: 0.0008890 seconds
684.184: Total time for which application threads were stopped: 0.0003520 seconds
684.408: [GC concurrent-mark-end, 1.5755690 secs]
684.409: [GC remark 684.410: [GC ref-proc, 0.0027920 secs], 0.0104160 secs]
 [Times: user=0.15 sys=0.00, real=0.01 secs] 
684.419: Total time for which application threads were stopped: 0.0116080 seconds
684.420: [GC cleanup 6138M->6074M(10G), 0.0093240 secs]
 [Times: user=0.15 sys=0.01, real=0.01 secs] 
684.430: Total time for which application threads were stopped: 0.0102020 seconds
684.430: [GC concurrent-cleanup-start]
684.430: [GC concurrent-cleanup-end, 0.0000420 secs]
684.437: Total time for which application threads were stopped: 0.0011130 seconds
684.438: Total time for which application threads were stopped: 0.0003920 seconds
684.492: Total time for which application threads were stopped: 0.0066880 seconds
684.498: Total time for which application threads were stopped: 0.0008150 seconds
684.592: [GC pause (G1 Evacuation Pause) (young)
Desired survivor size 33554432 bytes, new threshold 15 (max 15)
- age   1:   24522536 bytes,   24522536 total
, 0.0895030 secs]
   [Parallel Time: 84.0 ms, GC Workers: 18]
      [GC Worker Start (ms): Min: 684592.5, Avg: 684592.5, Max: 684592.6, Diff: 0.1]
      [Ext Root Scanning (ms): Min: 4.9, Avg: 6.0, Max: 7.3, Diff: 2.4, Sum: 108.0]
      [Update RS (ms): Min: 23.0, Avg: 23.6, Max: 24.3, Diff: 1.3, Sum: 424.8]
         [Processed Buffers: Min: 33, Avg: 64.5, Max: 105, Diff: 72, Sum: 1161]
      [Scan RS (ms): Min: 16.4, Avg: 16.7, Max: 16.7, Diff: 0.3, Sum: 299.9]
      [Code Root Scanning (ms): Min: 0.0, Avg: 0.0, Max: 0.0, Diff: 0.0, Sum: 0.0]
      [Object Copy (ms): Min: 35.7, Avg: 37.0, Max: 38.1, Diff: 2.4, Sum: 666.7]
      [Termination (ms): Min: 0.0, Avg: 0.4, Max: 0.6, Diff: 0.6, Sum: 7.7]
      [GC Worker Other (ms): Min: 0.0, Avg: 0.0, Max: 0.1, Diff: 0.1, Sum: 0.8]
      [GC Worker Total (ms): Min: 83.7, Avg: 83.8, Max: 83.8, Diff: 0.2, Sum: 1507.9]
      [GC Worker End (ms): Min: 684676.3, Avg: 684676.3, Max: 684676.3, Diff: 0.1]
   [Code Root Fixup: 0.2 ms]
   [Code Root Migration: 0.0 ms]
   [Clear CT: 0.9 ms]
   [Other: 4.4 ms]
      [Choose CSet: 0.0 ms]
      [Ref Proc: 1.6 ms]
      [Ref Enq: 0.1 ms]
      [Free CSet: 0.3 ms]
   [Eden: 448.0M(448.0M)->0.0B(464.0M) Survivors: 64.0M->48.0M Heap: 6175.6M(10.0G)->5710.5M(10.0G)]
 [Times: user=1.49 sys=0.03, real=0.09 secs] 
684.682: Total time for which application threads were stopped: 0.0911420 seconds
685.122: [GC pause (G1 Evacuation Pause) (mixed)
Desired survivor size 33554432 bytes, new threshold 15 (max 15)
- age   1:    8472248 bytes,    8472248 total
- age   2:   22457744 bytes,   30929992 total
, 0.1413820 secs]
   [Parallel Time: 135.1 ms, GC Workers: 18]
      [GC Worker Start (ms): Min: 685122.6, Avg: 685122.7, Max: 685122.8, Diff: 0.2]
      [Ext Root Scanning (ms): Min: 3.9, Avg: 4.6, Max: 5.1, Diff: 1.3, Sum: 82.2]
      [Update RS (ms): Min: 18.9, Avg: 19.8, Max: 25.8, Diff: 6.9, Sum: 356.9]
         [Processed Buffers: Min: 16, Avg: 56.2, Max: 94, Diff: 78, Sum: 1011]
      [Scan RS (ms): Min: 24.1, Avg: 30.4, Max: 31.0, Diff: 6.8, Sum: 546.8]
      [Code Root Scanning (ms): Min: 0.0, Avg: 0.0, Max: 0.0, Diff: 0.0, Sum: 0.1]
      [Object Copy (ms): Min: 79.8, Avg: 80.0, Max: 80.1, Diff: 0.3, Sum: 1439.4]
      [Termination (ms): Min: 0.0, Avg: 0.1, Max: 0.2, Diff: 0.2, Sum: 2.0]
      [GC Worker Other (ms): Min: 0.0, Avg: 0.0, Max: 0.1, Diff: 0.1, Sum: 0.7]
      [GC Worker Total (ms): Min: 134.8, Avg: 134.9, Max: 135.0, Diff: 0.2, Sum: 2428.0]
      [GC Worker End (ms): Min: 685257.6, Avg: 685257.6, Max: 685257.6, Diff: 0.1]
   [Code Root Fixup: 0.3 ms]
   [Code Root Migration: 0.1 ms]
   [Clear CT: 1.2 ms]
   [Other: 4.8 ms]
      [Choose CSet: 0.1 ms]
      [Ref Proc: 1.6 ms]
      [Ref Enq: 0.1 ms]
      [Free CSet: 0.6 ms]
   [Eden: 464.0M(464.0M)->0.0B(448.0M) Survivors: 48.0M->64.0M Heap: 6174.5M(10.0G)->5435.2M(10.0G)]
 [Times: user=2.44 sys=0.01, real=0.14 secs] 
685.264: Total time for which application threads were stopped: 0.1429420 seconds
685.545: Total time for which application threads were stopped: 0.0009600 seconds
685.627: [GC pause (G1 Evacuation Pause) (mixed)
Desired survivor size 33554432 bytes, new threshold 3 (max 15)
- age   1:    9929048 bytes,    9929048 total
- age   2:    7430864 bytes,   17359912 total
- age   3:   17553224 bytes,   34913136 total
, 0.1592310 secs]
   [Parallel Time: 150.1 ms, GC Workers: 18]
      [GC Worker Start (ms): Min: 685627.3, Avg: 685627.4, Max: 685627.5, Diff: 0.2]
      [Ext Root Scanning (ms): Min: 4.0, Avg: 4.9, Max: 5.3, Diff: 1.3, Sum: 87.4]
      [Update RS (ms): Min: 18.4, Avg: 18.8, Max: 19.5, Diff: 1.1, Sum: 339.2]
         [Processed Buffers: Min: 28, Avg: 55.1, Max: 86, Diff: 58, Sum: 992]
      [Scan RS (ms): Min: 34.8, Avg: 35.0, Max: 35.1, Diff: 0.3, Sum: 630.0]
      [Code Root Scanning (ms): Min: 0.0, Avg: 0.0, Max: 0.2, Diff: 0.2, Sum: 0.7]
      [Object Copy (ms): Min: 91.0, Avg: 91.1, Max: 91.2, Diff: 0.2, Sum: 1639.1]
      [Termination (ms): Min: 0.0, Avg: 0.1, Max: 0.1, Diff: 0.1, Sum: 1.0]
      [GC Worker Other (ms): Min: 0.0, Avg: 0.0, Max: 0.1, Diff: 0.0, Sum: 0.9]
      [GC Worker Total (ms): Min: 149.8, Avg: 149.9, Max: 150.0, Diff: 0.3, Sum: 2698.4]
      [GC Worker End (ms): Min: 685777.3, Avg: 685777.3, Max: 685777.3, Diff: 0.0]
   [Code Root Fixup: 0.6 ms]
   [Code Root Migration: 1.1 ms]
   [Clear CT: 1.4 ms]
   [Other: 6.0 ms]
      [Choose CSet: 0.2 ms]
      [Ref Proc: 1.6 ms]
      [Ref Enq: 0.1 ms]
      [Free CSet: 0.6 ms]
   [Eden: 448.0M(448.0M)->0.0B(464.0M) Survivors: 64.0M->48.0M Heap: 5883.2M(10.0G)->5222.2M(10.0G)]
 [Times: user=2.63 sys=0.09, real=0.16 secs] 
685.786: Total time for which application threads were stopped: 0.1608120 seconds
686.187: Total time for which application threads were stopped: 0.0010900 seconds
686.187: [GC pause (GCLocker Initiated GC) (mixed)
Desired survivor size 33554432 bytes, new threshold 15 (max 15)
- age   1:    6555800 bytes,    6555800 total
- age   2:    9326600 bytes,   15882400 total
- age   3:    7401472 bytes,   23283872 total
, 0.0650980 secs]
   [Parallel Time: 59.9 ms, GC Workers: 18]
      [GC Worker Start (ms): Min: 686188.0, Avg: 686188.1, Max: 686188.1, Diff: 0.1]
      [Ext Root Scanning (ms): Min: 4.0, Avg: 4.8, Max: 6.1, Diff: 2.1, Sum: 87.1]
      [Update RS (ms): Min: 10.2, Avg: 10.9, Max: 11.4, Diff: 1.2, Sum: 196.4]
         [Processed Buffers: Min: 23, Avg: 47.4, Max: 82, Diff: 59, Sum: 853]
      [Scan RS (ms): Min: 17.9, Avg: 18.0, Max: 18.1, Diff: 0.2, Sum: 323.8]
      [Code Root Scanning (ms): Min: 0.0, Avg: 0.0, Max: 0.0, Diff: 0.0, Sum: 0.0]
      [Object Copy (ms): Min: 25.3, Avg: 26.0, Max: 26.8, Diff: 1.5, Sum: 467.6]
      [Termination (ms): Min: 0.0, Avg: 0.0, Max: 0.1, Diff: 0.1, Sum: 0.7]
      [GC Worker Other (ms): Min: 0.0, Avg: 0.0, Max: 0.1, Diff: 0.0, Sum: 0.7]
      [GC Worker Total (ms): Min: 59.7, Avg: 59.8, Max: 59.9, Diff: 0.1, Sum: 1076.4]
      [GC Worker End (ms): Min: 686247.8, Avg: 686247.9, Max: 686247.9, Diff: 0.0]
   [Code Root Fixup: 0.2 ms]
   [Code Root Migration: 0.0 ms]
   [Clear CT: 1.1 ms]
   [Other: 3.8 ms]
      [Choose CSet: 0.0 ms]
      [Ref Proc: 1.6 ms]
      [Ref Enq: 0.1 ms]
      [Free CSet: 0.3 ms]
   [Eden: 480.0M(464.0M)->0.0B(464.0M) Survivors: 48.0M->48.0M Heap: 5686.5M(10.0G)->5264.0M(10.0G)]
 [Times: user=1.08 sys=0.01, real=0.07 secs] 
686.253: Total time for which application threads were stopped: 0.0659460 seconds
686.274: Total time for which application threads were stopped: 0.0010220 seconds
686.305: Total time for which application threads were stopped: 0.0009240 seconds
686.574: Total time for which application threads were stopped: 0.0009540 seconds
686.642: [GC pause (G1 Evacuation Pause) (young)
Desired survivor size 33554432 bytes, new threshold 15 (max 15)
- age   1:    3621328 bytes,    3621328 total
- age   2:    5834904 bytes,    9456232 total
- age   3:    9281072 bytes,   18737304 total
- age   4:    7380656 bytes,   26117960 total
, 0.0707680 secs]
   [Parallel Time: 66.6 ms, GC Workers: 18]
      [GC Worker Start (ms): Min: 686642.9, Avg: 686643.0, Max: 686643.1, Diff: 0.2]
      [Ext Root Scanning (ms): Min: 4.1, Avg: 4.8, Max: 5.2, Diff: 1.1, Sum: 86.3]
      [Update RS (ms): Min: 11.8, Avg: 12.6, Max: 17.1, Diff: 5.3, Sum: 227.6]
         [Processed Buffers: Min: 13, Avg: 47.0, Max: 88, Diff: 75, Sum: 846]
      [Scan RS (ms): Min: 3.2, Avg: 7.8, Max: 8.5, Diff: 5.3, Sum: 141.2]
      [Code Root Scanning (ms): Min: 0.0, Avg: 0.0, Max: 0.0, Diff: 0.0, Sum: 0.0]
      [Object Copy (ms): Min: 40.6, Avg: 40.8, Max: 41.0, Diff: 0.4, Sum: 733.9]
      [Termination (ms): Min: 0.0, Avg: 0.2, Max: 0.3, Diff: 0.3, Sum: 3.3]
      [GC Worker Other (ms): Min: 0.0, Avg: 0.0, Max: 0.1, Diff: 0.0, Sum: 0.6]
      [GC Worker Total (ms): Min: 66.2, Avg: 66.3, Max: 66.4, Diff: 0.2, Sum: 1192.9]
      [GC Worker End (ms): Min: 686709.2, Avg: 686709.3, Max: 686709.3, Diff: 0.0]
   [Code Root Fixup: 0.2 ms]
   [Code Root Migration: 0.0 ms]
   [Clear CT: 0.6 ms]
   [Other: 3.4 ms]
      [Choose CSet: 0.0 ms]
      [Ref Proc: 1.6 ms]
      [Ref Enq: 0.1 ms]
      [Free CSet: 0.2 ms]
   [Eden: 464.0M(464.0M)->0.0B(448.0M) Survivors: 48.0M->64.0M Heap: 5728.0M(10.0G)->5289.3M(10.0G)]
 [Times: user=1.20 sys=0.01, real=0.07 secs] 
686.714: Total time for which application threads were stopped: 0.0721320 seconds
686.961: [GC pause (G1 Evacuation Pause) (young) (initial-mark)
Desired survivor size 33554432 bytes, new threshold 4 (max 15)
- age   1:   18887736 bytes,   18887736 total
- age   2:    2639120 bytes,   21526856 total
- age   3:    5808008 bytes,   27334864 total
- age   4:    9258304 bytes,   36593168 total
- age   5:    7359544 bytes,   43952712 total
, 0.0692700 secs]
   [Parallel Time: 64.5 ms, GC Workers: 18]
      [GC Worker Start (ms): Min: 686961.7, Avg: 686961.8, Max: 686961.9, Diff: 0.2]
      [Ext Root Scanning (ms): Min: 3.7, Avg: 4.5, Max: 5.0, Diff: 1.3, Sum: 80.8]
      [Code Root Marking (ms): Min: 0.0, Avg: 0.8, Max: 4.2, Diff: 4.2, Sum: 15.3]
      [Update RS (ms): Min: 6.7, Avg: 9.3, Max: 9.7, Diff: 2.9, Sum: 168.0]
         [Processed Buffers: Min: 22, Avg: 45.2, Max: 71, Diff: 49, Sum: 813]
      [Scan RS (ms): Min: 9.1, Avg: 9.1, Max: 9.2, Diff: 0.1, Sum: 164.4]
      [Code Root Scanning (ms): Min: 0.0, Avg: 0.0, Max: 0.0, Diff: 0.0, Sum: 0.0]
      [Object Copy (ms): Min: 40.2, Avg: 40.4, Max: 40.6, Diff: 0.4, Sum: 727.3]
      [Termination (ms): Min: 0.0, Avg: 0.0, Max: 0.0, Diff: 0.0, Sum: 0.1]
      [GC Worker Other (ms): Min: 0.0, Avg: 0.0, Max: 0.1, Diff: 0.0, Sum: 0.6]
      [GC Worker Total (ms): Min: 64.2, Avg: 64.2, Max: 64.4, Diff: 0.2, Sum: 1156.5]
      [GC Worker End (ms): Min: 687026.1, Avg: 687026.1, Max: 687026.1, Diff: 0.0]
   [Code Root Fixup: 0.2 ms]
   [Code Root Migration: 0.0 ms]
   [Clear CT: 0.6 ms]
   [Other: 4.0 ms]
      [Choose CSet: 0.0 ms]
      [Ref Proc: 1.6 ms]
      [Ref Enq: 0.1 ms]
      [Free CSet: 0.2 ms]
   [Eden: 448.0M(448.0M)->0.0B(448.0M) Survivors: 64.0M->64.0M Heap: 5737.3M(10.0G)->5354.0M(10.0G)]
 [Times: user=1.15 sys=0.01, real=0.07 secs] 
687.031: [GC concurrent-root-region-scan-start]
687.031: Total time for which application threads were stopped: 0.0708850 seconds
687.090: [GC concurrent-root-region-scan-end, 0.0588740 secs]
687.090: [GC concurrent-mark-start]
687.315: [GC pause (G1 Evacuation Pause) (young)
Desired survivor size 33554432 bytes, new threshold 1 (max 15)
- age   1:   54664416 bytes,   54664416 total
- age   2:   14313464 bytes,   68977880 total
- age   3:    2618544 bytes,   71596424 total
- age   4:    5795888 bytes,   77392312 total
, 0.0803770 secs]
   [Parallel Time: 75.5 ms, GC Workers: 18]
      [GC Worker Start (ms): Min: 687315.6, Avg: 687315.7, Max: 687315.8, Diff: 0.1]
      [Ext Root Scanning (ms): Min: 4.3, Avg: 4.8, Max: 5.3, Diff: 1.0, Sum: 87.1]
      [SATB Filtering (ms): Min: 0.0, Avg: 0.1, Max: 1.6, Diff: 1.6, Sum: 1.6]
      [Update RS (ms): Min: 11.1, Avg: 12.1, Max: 12.7, Diff: 1.6, Sum: 218.5]
         [Processed Buffers: Min: 19, Avg: 44.7, Max: 103, Diff: 84, Sum: 805]
      [Scan RS (ms): Min: 8.6, Avg: 8.8, Max: 8.9, Diff: 0.3, Sum: 157.6]
      [Code Root Scanning (ms): Min: 0.0, Avg: 0.0, Max: 0.0, Diff: 0.0, Sum: 0.0]
      [Object Copy (ms): Min: 49.4, Avg: 49.6, Max: 49.7, Diff: 0.3, Sum: 891.9]
      [Termination (ms): Min: 0.0, Avg: 0.0, Max: 0.0, Diff: 0.0, Sum: 0.2]
      [GC Worker Other (ms): Min: 0.0, Avg: 0.0, Max: 0.1, Diff: 0.0, Sum: 0.8]
      [GC Worker Total (ms): Min: 75.3, Avg: 75.4, Max: 75.5, Diff: 0.2, Sum: 1357.7]
      [GC Worker End (ms): Min: 687391.1, Avg: 687391.1, Max: 687391.1, Diff: 0.0]
   [Code Root Fixup: 0.3 ms]
   [Code Root Migration: 0.0 ms]
   [Clear CT: 0.7 ms]
   [Other: 3.9 ms]
      [Choose CSet: 0.0 ms]
      [Ref Proc: 1.6 ms]
      [Ref Enq: 0.1 ms]
      [Free CSet: 0.2 ms]
   [Eden: 448.0M(448.0M)->0.0B(448.0M) Survivors: 64.0M->64.0M Heap: 5802.0M(10.0G)->5420.2M(10.0G)]
 [Times: user=1.35 sys=0.03, real=0.08 secs] 
687.396: Total time for which application threads were stopped: 0.0818110 seconds
687.473: Total time for which application threads were stopped: 0.0011890 seconds
687.684: Total time for which application threads were stopped: 0.0009330 seconds
687.684: [GC pause (GCLocker Initiated GC) (young)
Desired survivor size 33554432 bytes, new threshold 1 (max 15)
- age   1:   44709832 bytes,   44709832 total
, 0.1039990 secs]
   [Parallel Time: 100.0 ms, GC Workers: 18]
      [GC Worker Start (ms): Min: 687685.0, Avg: 687685.0, Max: 687685.1, Diff: 0.1]
      [Ext Root Scanning (ms): Min: 4.1, Avg: 4.6, Max: 5.1, Diff: 1.0, Sum: 83.0]
      [SATB Filtering (ms): Min: 0.0, Avg: 0.1, Max: 1.7, Diff: 1.7, Sum: 1.7]
      [Update RS (ms): Min: 12.7, Avg: 13.8, Max: 15.2, Diff: 2.4, Sum: 247.7]
         [Processed Buffers: Min: 23, Avg: 46.7, Max: 71, Diff: 48, Sum: 841]
      [Scan RS (ms): Min: 0.3, Avg: 1.3, Max: 1.4, Diff: 1.1, Sum: 22.9]
      [Code Root Scanning (ms): Min: 0.0, Avg: 0.0, Max: 0.0, Diff: 0.0, Sum: 0.0]
      [Object Copy (ms): Min: 78.5, Avg: 79.1, Max: 80.1, Diff: 1.6, Sum: 1424.0]
      [Termination (ms): Min: 0.2, Avg: 1.0, Max: 1.5, Diff: 1.3, Sum: 17.7]
      [GC Worker Other (ms): Min: 0.0, Avg: 0.0, Max: 0.1, Diff: 0.0, Sum: 0.6]
      [GC Worker Total (ms): Min: 99.8, Avg: 99.9, Max: 99.9, Diff: 0.1, Sum: 1797.7]
      [GC Worker End (ms): Min: 687784.9, Avg: 687784.9, Max: 687784.9, Diff: 0.0]
   [Code Root Fixup: 0.2 ms]
   [Code Root Migration: 0.0 ms]
   [Clear CT: 0.5 ms]
   [Other: 3.2 ms]
      [Choose CSet: 0.0 ms]
      [Ref Proc: 1.5 ms]
      [Ref Enq: 0.1 ms]
      [Free CSet: 0.2 ms]
   [Eden: 464.0M(448.0M)->0.0B(448.0M) Survivors: 64.0M->64.0M Heap: 5868.6M(10.0G)->5464.5M(10.0G)]
 [Times: user=1.81 sys=0.01, real=0.10 secs] 
687.789: Total time for which application threads were stopped: 0.1048690 seconds
688.063: [GC pause (G1 Evacuation Pause) (young)
Desired survivor size 33554432 bytes, new threshold 1 (max 15)
- age   1:   43447264 bytes,   43447264 total
, 0.0870270 secs]
   [Parallel Time: 83.2 ms, GC Workers: 18]
      [GC Worker Start (ms): Min: 688063.6, Avg: 688063.7, Max: 688063.7, Diff: 0.2]
      [Ext Root Scanning (ms): Min: 4.0, Avg: 4.8, Max: 5.8, Diff: 1.8, Sum: 85.5]
      [SATB Filtering (ms): Min: 0.0, Avg: 0.1, Max: 1.8, Diff: 1.8, Sum: 1.8]
      [Update RS (ms): Min: 10.9, Avg: 11.8, Max: 12.9, Diff: 2.0, Sum: 213.2]
         [Processed Buffers: Min: 20, Avg: 44.9, Max: 83, Diff: 63, Sum: 809]
      [Scan RS (ms): Min: 1.1, Avg: 1.9, Max: 2.0, Diff: 0.9, Sum: 34.6]
      [Code Root Scanning (ms): Min: 0.0, Avg: 0.0, Max: 0.0, Diff: 0.0, Sum: 0.0]
      [Object Copy (ms): Min: 63.4, Avg: 63.6, Max: 63.7, Diff: 0.3, Sum: 1144.0]
      [Termination (ms): Min: 0.6, Avg: 0.7, Max: 0.8, Diff: 0.2, Sum: 12.7]
      [GC Worker Other (ms): Min: 0.0, Avg: 0.0, Max: 0.1, Diff: 0.0, Sum: 0.7]
      [GC Worker Total (ms): Min: 82.8, Avg: 82.9, Max: 83.0, Diff: 0.2, Sum: 1492.5]
      [GC Worker End (ms): Min: 688146.6, Avg: 688146.6, Max: 688146.6, Diff: 0.0]
   [Code Root Fixup: 0.3 ms]
   [Code Root Migration: 0.0 ms]
   [Clear CT: 0.4 ms]
   [Other: 3.2 ms]
      [Choose CSet: 0.0 ms]
      [Ref Proc: 1.6 ms]
      [Ref Enq: 0.1 ms]
      [Free CSet: 0.2 ms]
   [Eden: 448.0M(448.0M)->0.0B(672.0M) Survivors: 64.0M->64.0M Heap: 5912.5M(10.0G)->5522.8M(10.0G)]
 [Times: user=1.49 sys=0.02, real=0.08 secs] 
688.151: Total time for which application threads were stopped: 0.0885870 seconds
688.356: [GC concurrent-mark-end, 1.2665410 secs]
688.357: [GC remark 688.358: [GC ref-proc, 0.0028500 secs], 0.0104160 secs]
 [Times: user=0.14 sys=0.00, real=0.01 secs] 
688.368: Total time for which application threads were stopped: 0.0116020 seconds
688.368: [GC cleanup 5894M->5854M(10G), 0.0091250 secs]
 [Times: user=0.14 sys=0.01, real=0.01 secs] 
688.378: Total time for which application threads were stopped: 0.0098630 seconds
688.378: [GC concurrent-cleanup-start]
688.378: [GC concurrent-cleanup-end, 0.0000650 secs]
688.763: [GC pause (G1 Evacuation Pause) (young)
Desired survivor size 50331648 bytes, new threshold 15 (max 15)
- age   1:   42522672 bytes,   42522672 total
, 0.0580530 secs]
   [Parallel Time: 54.4 ms, GC Workers: 18]
      [GC Worker Start (ms): Min: 688763.8, Avg: 688763.9, Max: 688764.0, Diff: 0.2]
      [Ext Root Scanning (ms): Min: 4.2, Avg: 4.7, Max: 5.2, Diff: 1.0, Sum: 85.1]
      [Update RS (ms): Min: 7.8, Avg: 8.2, Max: 9.0, Diff: 1.3, Sum: 147.7]
         [Processed Buffers: Min: 14, Avg: 41.2, Max: 70, Diff: 56, Sum: 742]
      [Scan RS (ms): Min: 1.0, Avg: 1.3, Max: 1.5, Diff: 0.5, Sum: 24.2]
      [Code Root Scanning (ms): Min: 0.0, Avg: 0.0, Max: 0.0, Diff: 0.0, Sum: 0.0]
      [Object Copy (ms): Min: 39.7, Avg: 39.9, Max: 40.1, Diff: 0.4, Sum: 717.6]
      [Termination (ms): Min: 0.0, Avg: 0.0, Max: 0.0, Diff: 0.0, Sum: 0.5]
      [GC Worker Other (ms): Min: 0.0, Avg: 0.0, Max: 0.1, Diff: 0.0, Sum: 0.5]
      [GC Worker Total (ms): Min: 54.1, Avg: 54.2, Max: 54.3, Diff: 0.2, Sum: 975.6]
      [GC Worker End (ms): Min: 688818.1, Avg: 688818.1, Max: 688818.1, Diff: 0.0]
   [Code Root Fixup: 0.2 ms]
   [Code Root Migration: 0.0 ms]
   [Clear CT: 0.5 ms]
   [Other: 3.0 ms]
      [Choose CSet: 0.0 ms]
      [Ref Proc: 1.7 ms]
      [Ref Enq: 0.1 ms]
      [Free CSet: 0.3 ms]
   [Eden: 672.0M(672.0M)->0.0B(432.0M) Survivors: 64.0M->80.0M Heap: 6154.8M(10.0G)->5505.3M(10.0G)]
 [Times: user=0.98 sys=0.00, real=0.06 secs] 
688.822: Total time for which application threads were stopped: 0.0595270 seconds
688.883: Total time for which application threads were stopped: 0.0058820 seconds
689.117: [GC pause (G1 Evacuation Pause) (mixed)
Desired survivor size 33554432 bytes, new threshold 2 (max 15)
- age   1:   11725280 bytes,   11725280 total
- age   2:   41639904 bytes,   53365184 total
, 0.0879540 secs]
   [Parallel Time: 82.3 ms, GC Workers: 18]
      [GC Worker Start (ms): Min: 689117.1, Avg: 689117.2, Max: 689117.3, Diff: 0.1]
      [Ext Root Scanning (ms): Min: 4.0, Avg: 4.8, Max: 5.3, Diff: 1.3, Sum: 86.0]
      [Update RS (ms): Min: 4.3, Avg: 4.7, Max: 5.5, Diff: 1.3, Sum: 85.3]
         [Processed Buffers: Min: 14, Avg: 34.1, Max: 53, Diff: 39, Sum: 614]
      [Scan RS (ms): Min: 8.0, Avg: 8.2, Max: 8.3, Diff: 0.3, Sum: 148.0]
      [Code Root Scanning (ms): Min: 0.0, Avg: 0.0, Max: 0.0, Diff: 0.0, Sum: 0.0]
      [Object Copy (ms): Min: 64.2, Avg: 64.4, Max: 64.6, Diff: 0.3, Sum: 1158.5]
      [Termination (ms): Min: 0.0, Avg: 0.0, Max: 0.0, Diff: 0.0, Sum: 0.2]
      [GC Worker Other (ms): Min: 0.0, Avg: 0.0, Max: 0.1, Diff: 0.0, Sum: 0.7]
      [GC Worker Total (ms): Min: 82.1, Avg: 82.2, Max: 82.2, Diff: 0.2, Sum: 1478.8]
      [GC Worker End (ms): Min: 689199.3, Avg: 689199.4, Max: 689199.4, Diff: 0.0]
   [Code Root Fixup: 0.2 ms]
   [Code Root Migration: 0.0 ms]
   [Clear CT: 1.0 ms]
   [Other: 4.4 ms]
      [Choose CSet: 0.2 ms]
      [Ref Proc: 1.7 ms]
      [Ref Enq: 0.1 ms]
      [Free CSet: 0.7 ms]
   [Eden: 432.0M(432.0M)->0.0B(464.0M) Survivors: 80.0M->48.0M Heap: 5937.3M(10.0G)->5035.9M(10.0G)]
 [Times: user=1.49 sys=0.01, real=0.09 secs] 
689.205: Total time for which application threads were stopped: 0.0892690 seconds
689.545: [GC pause (G1 Evacuation Pause) (mixed)
Desired survivor size 33554432 bytes, new threshold 15 (max 15)
- age   1:    3787952 bytes,    3787952 total
- age   2:   10983312 bytes,   14771264 total
, 0.1069440 secs]
   [Parallel Time: 98.7 ms, GC Workers: 18]
      [GC Worker Start (ms): Min: 689545.9, Avg: 689546.0, Max: 689546.1, Diff: 0.2]
      [Ext Root Scanning (ms): Min: 4.3, Avg: 4.7, Max: 5.2, Diff: 0.9, Sum: 84.9]
      [Update RS (ms): Min: 11.4, Avg: 12.3, Max: 17.8, Diff: 6.3, Sum: 221.0]
         [Processed Buffers: Min: 4, Avg: 42.4, Max: 66, Diff: 62, Sum: 764]
      [Scan RS (ms): Min: 23.2, Avg: 28.6, Max: 29.1, Diff: 6.0, Sum: 514.8]
      [Code Root Scanning (ms): Min: 0.0, Avg: 0.0, Max: 0.4, Diff: 0.4, Sum: 0.7]
      [Object Copy (ms): Min: 52.7, Avg: 52.8, Max: 52.9, Diff: 0.2, Sum: 950.9]
      [Termination (ms): Min: 0.0, Avg: 0.0, Max: 0.0, Diff: 0.0, Sum: 0.1]
      [GC Worker Other (ms): Min: 0.0, Avg: 0.0, Max: 0.1, Diff: 0.0, Sum: 0.8]
      [GC Worker Total (ms): Min: 98.4, Avg: 98.5, Max: 98.6, Diff: 0.2, Sum: 1773.2]
      [GC Worker End (ms): Min: 689644.5, Avg: 689644.6, Max: 689644.6, Diff: 0.0]
   [Code Root Fixup: 0.6 ms]
   [Code Root Migration: 0.9 ms]
   [Clear CT: 1.4 ms]
   [Other: 5.3 ms]
      [Choose CSet: 0.3 ms]
      [Ref Proc: 1.6 ms]
      [Ref Enq: 0.1 ms]
      [Free CSet: 0.7 ms]
   [Eden: 464.0M(464.0M)->0.0B(480.0M) Survivors: 48.0M->32.0M Heap: 5499.9M(10.0G)->4718.7M(10.0G)]
 [Times: user=1.78 sys=0.02, real=0.11 secs] 
689.652: Total time for which application threads were stopped: 0.1083800 seconds
689.971: Total time for which application threads were stopped: 0.0007770 seconds
689.971: [GC pause (GCLocker Initiated GC) (mixed)
Desired survivor size 33554432 bytes, new threshold 15 (max 15)
- age   1:    1742264 bytes,    1742264 total
- age   2:    2700928 bytes,    4443192 total
- age   3:   10871056 bytes,   15314248 total
, 0.1170540 secs]
   [Parallel Time: 107.4 ms, GC Workers: 18]
      [GC Worker Start (ms): Min: 689972.1, Avg: 689972.2, Max: 689972.3, Diff: 0.2]
      [Ext Root Scanning (ms): Min: 3.9, Avg: 4.7, Max: 5.3, Diff: 1.4, Sum: 84.2]
      [Update RS (ms): Min: 9.4, Avg: 10.3, Max: 11.9, Diff: 2.6, Sum: 184.5]
         [Processed Buffers: Min: 3, Avg: 43.7, Max: 80, Diff: 77, Sum: 786]
      [Scan RS (ms): Min: 31.9, Avg: 33.6, Max: 34.1, Diff: 2.3, Sum: 604.7]
      [Code Root Scanning (ms): Min: 0.0, Avg: 0.0, Max: 0.3, Diff: 0.3, Sum: 0.9]
      [Object Copy (ms): Min: 58.3, Avg: 58.6, Max: 59.3, Diff: 1.0, Sum: 1054.8]
      [Termination (ms): Min: 0.0, Avg: 0.0, Max: 0.0, Diff: 0.0, Sum: 0.1]
      [GC Worker Other (ms): Min: 0.0, Avg: 0.0, Max: 0.0, Diff: 0.0, Sum: 0.7]
      [GC Worker Total (ms): Min: 107.1, Avg: 107.2, Max: 107.3, Diff: 0.2, Sum: 1929.9]
      [GC Worker End (ms): Min: 690079.4, Avg: 690079.4, Max: 690079.4, Diff: 0.0]
   [Code Root Fixup: 0.7 ms]
   [Code Root Migration: 1.9 ms]
   [Clear CT: 1.6 ms]
   [Other: 5.4 ms]
      [Choose CSet: 0.3 ms]
      [Ref Proc: 1.7 ms]
      [Ref Enq: 0.2 ms]
      [Free CSet: 0.6 ms]
   [Eden: 496.0M(480.0M)->0.0B(464.0M) Survivors: 32.0M->48.0M Heap: 5198.7M(10.0G)->4556.8M(10.0G)]
 [Times: user=1.95 sys=0.01, real=0.11 secs] 
690.089: Total time for which application threads were stopped: 0.1177340 seconds
690.412: [GC pause (G1 Evacuation Pause) (young)
Desired survivor size 33554432 bytes, new threshold 4 (max 15)
- age   1:   20128632 bytes,   20128632 total
- age   2:     426872 bytes,   20555504 total
- age   3:    2654608 bytes,   23210112 total
- age   4:   10835208 bytes,   34045320 total
, 0.0367740 secs]
   [Parallel Time: 33.1 ms, GC Workers: 18]
      [GC Worker Start (ms): Min: 690412.4, Avg: 690412.5, Max: 690412.6, Diff: 0.2]
      [Ext Root Scanning (ms): Min: 4.2, Avg: 5.0, Max: 5.5, Diff: 1.3, Sum: 90.3]
      [Update RS (ms): Min: 8.5, Avg: 9.1, Max: 10.5, Diff: 2.0, Sum: 164.4]
         [Processed Buffers: Min: 10, Avg: 41.9, Max: 76, Diff: 66, Sum: 755]
      [Scan RS (ms): Min: 0.5, Avg: 1.7, Max: 1.9, Diff: 1.4, Sum: 30.4]
      [Code Root Scanning (ms): Min: 0.0, Avg: 0.0, Max: 0.0, Diff: 0.0, Sum: 0.0]
      [Object Copy (ms): Min: 17.0, Avg: 17.0, Max: 17.2, Diff: 0.2, Sum: 306.5]
      [Termination (ms): Min: 0.0, Avg: 0.0, Max: 0.0, Diff: 0.0, Sum: 0.2]
      [GC Worker Other (ms): Min: 0.0, Avg: 0.0, Max: 0.1, Diff: 0.0, Sum: 0.8]
      [GC Worker Total (ms): Min: 32.8, Avg: 32.9, Max: 33.0, Diff: 0.2, Sum: 592.6]
      [GC Worker End (ms): Min: 690445.4, Avg: 690445.4, Max: 690445.4, Diff: 0.0]
   [Code Root Fixup: 0.2 ms]
   [Code Root Migration: 0.0 ms]
   [Clear CT: 0.6 ms]
   [Other: 2.8 ms]
      [Choose CSet: 0.0 ms]
      [Ref Proc: 1.5 ms]
      [Ref Enq: 0.2 ms]
      [Free CSet: 0.2 ms]
   [Eden: 464.0M(464.0M)->0.0B(2032.0M) Survivors: 48.0M->48.0M Heap: 5020.8M(10.0G)->4624.7M(10.0G)]
 [Times: user=0.60 sys=0.00, real=0.04 secs] 
690.449: Total time for which application threads were stopped: 0.0383000 seconds
691.450: Total time for which application threads were stopped: 0.0010000 seconds
692.610: Total time for which application threads were stopped: 0.0010090 seconds
692.611: [GC pause (GCLocker Initiated GC) (young) (initial-mark)
Desired survivor size 142606336 bytes, new threshold 15 (max 15)
- age   1:    7718688 bytes,    7718688 total
- age   2:   12553464 bytes,   20272152 total
- age   3:     372776 bytes,   20644928 total
- age   4:    2566120 bytes,   23211048 total
, 0.0573030 secs]
   [Parallel Time: 52.9 ms, GC Workers: 18]
      [GC Worker Start (ms): Min: 692611.5, Avg: 692611.6, Max: 692611.6, Diff: 0.1]
      [Ext Root Scanning (ms): Min: 3.8, Avg: 4.5, Max: 4.8, Diff: 1.1, Sum: 80.3]
      [Code Root Marking (ms): Min: 0.3, Avg: 1.0, Max: 5.8, Diff: 5.5, Sum: 18.2]
      [Update RS (ms): Min: 6.2, Avg: 11.1, Max: 13.0, Diff: 6.8, Sum: 199.5]
         [Processed Buffers: Min: 19, Avg: 45.4, Max: 85, Diff: 66, Sum: 817]
      [Scan RS (ms): Min: 0.0, Avg: 0.1, Max: 0.1, Diff: 0.1, Sum: 1.5]
      [Code Root Scanning (ms): Min: 0.0, Avg: 0.0, Max: 0.0, Diff: 0.0, Sum: 0.0]
      [Object Copy (ms): Min: 34.3, Avg: 36.0, Max: 36.5, Diff: 2.2, Sum: 647.4]
      [Termination (ms): Min: 0.1, Avg: 0.1, Max: 0.2, Diff: 0.1, Sum: 1.8]
      [GC Worker Other (ms): Min: 0.0, Avg: 0.1, Max: 0.1, Diff: 0.1, Sum: 1.1]
      [GC Worker Total (ms): Min: 52.7, Avg: 52.8, Max: 52.9, Diff: 0.2, Sum: 949.9]
      [GC Worker End (ms): Min: 692664.3, Avg: 692664.4, Max: 692664.4, Diff: 0.1]
   [Code Root Fixup: 0.2 ms]
   [Code Root Migration: 0.0 ms]
   [Clear CT: 0.8 ms]
   [Other: 3.3 ms]
      [Choose CSet: 0.0 ms]
      [Ref Proc: 1.6 ms]
      [Ref Enq: 0.1 ms]
      [Free CSet: 0.5 ms]
   [Eden: 2048.0M(2032.0M)->0.0B(1408.0M) Survivors: 48.0M->112.0M Heap: 6656.7M(10.0G)->4692.5M(10.0G)]
 [Times: user=0.97 sys=0.00, real=0.06 secs] 
692.668: [GC concurrent-root-region-scan-start]
692.669: Total time for which application threads were stopped: 0.0581700 seconds
692.713: [GC concurrent-root-region-scan-end, 0.0448480 secs]
692.713: [GC concurrent-mark-start]
693.685: [GC concurrent-mark-end, 0.9711720 secs]
693.686: [GC remark 693.686: [GC ref-proc, 0.0029480 secs], 0.0107450 secs]
 [Times: user=0.15 sys=0.00, real=0.01 secs] 
693.697: Total time for which application threads were stopped: 0.0120430 seconds
693.697: [GC cleanup 5705M->5704M(10G), 0.0076690 secs]
 [Times: user=0.12 sys=0.01, real=0.01 secs] 
693.705: Total time for which application threads were stopped: 0.0084540 seconds
693.705: [GC concurrent-cleanup-start]
693.705: [GC concurrent-cleanup-end, 0.0000310 secs]
694.158: [GC pause (G1 Evacuation Pause) (young)
Desired survivor size 100663296 bytes, new threshold 15 (max 15)
- age   1:   71835384 bytes,   71835384 total
- age   2:    6456272 bytes,   78291656 total
- age   3:    4452120 bytes,   82743776 total
- age   4:     272800 bytes,   83016576 total
- age   5:    2394912 bytes,   85411488 total
, 0.1015220 secs]
   [Parallel Time: 97.5 ms, GC Workers: 18]
      [GC Worker Start (ms): Min: 694158.0, Avg: 694158.0, Max: 694158.1, Diff: 0.1]
      [Ext Root Scanning (ms): Min: 4.2, Avg: 4.9, Max: 5.4, Diff: 1.2, Sum: 87.7]
      [Update RS (ms): Min: 1.8, Avg: 4.8, Max: 13.0, Diff: 11.3, Sum: 86.8]
         [Processed Buffers: Min: 7, Avg: 31.6, Max: 65, Diff: 58, Sum: 568]
      [Scan RS (ms): Min: 0.0, Avg: 0.0, Max: 0.1, Diff: 0.1, Sum: 0.7]
      [Code Root Scanning (ms): Min: 0.0, Avg: 0.0, Max: 0.0, Diff: 0.0, Sum: 0.0]
      [Object Copy (ms): Min: 79.8, Avg: 87.2, Max: 89.8, Diff: 10.1, Sum: 1569.0]
      [Termination (ms): Min: 0.3, Avg: 0.4, Max: 0.5, Diff: 0.2, Sum: 7.8]
      [GC Worker Other (ms): Min: 0.0, Avg: 0.1, Max: 0.1, Diff: 0.1, Sum: 0.9]
      [GC Worker Total (ms): Min: 97.3, Avg: 97.4, Max: 97.4, Diff: 0.1, Sum: 1753.0]
      [GC Worker End (ms): Min: 694255.4, Avg: 694255.4, Max: 694255.5, Diff: 0.1]
   [Code Root Fixup: 0.3 ms]
   [Code Root Migration: 0.0 ms]
   [Clear CT: 0.6 ms]
   [Other: 3.1 ms]
      [Choose CSet: 0.0 ms]
      [Ref Proc: 1.6 ms]
      [Ref Enq: 0.1 ms]
      [Free CSet: 0.4 ms]
   [Eden: 1408.0M(1408.0M)->0.0B(320.0M) Survivors: 112.0M->192.0M Heap: 6099.5M(10.0G)->4835.3M(10.0G)]
 [Times: user=1.71 sys=0.01, real=0.10 secs] 
694.259: Total time for which application threads were stopped: 0.1027460 seconds
694.389: [GC pause (G1 Evacuation Pause) (mixed)
Desired survivor size 33554432 bytes, new threshold 1 (max 15)
- age   1:  107405360 bytes,  107405360 total
- age   2:   65687264 bytes,  173092624 total
- age   3:    6226336 bytes,  179318960 total
- age   4:    1756848 bytes,  181075808 total
- age   5:     147864 bytes,  181223672 total
- age   6:    2275488 bytes,  183499160 total
, 0.1581470 secs]
   [Parallel Time: 150.5 ms, GC Workers: 18]
      [GC Worker Start (ms): Min: 694389.7, Avg: 694389.9, Max: 694390.0, Diff: 0.2]
      [Ext Root Scanning (ms): Min: 3.7, Avg: 4.5, Max: 5.2, Diff: 1.6, Sum: 80.5]
      [Update RS (ms): Min: 4.2, Avg: 5.5, Max: 12.6, Diff: 8.4, Sum: 98.3]
         [Processed Buffers: Min: 12, Avg: 35.7, Max: 64, Diff: 52, Sum: 643]
      [Scan RS (ms): Min: 17.2, Avg: 21.0, Max: 21.3, Diff: 4.1, Sum: 377.2]
      [Code Root Scanning (ms): Min: 0.0, Avg: 0.0, Max: 0.1, Diff: 0.1, Sum: 0.2]
      [Object Copy (ms): Min: 114.9, Avg: 119.0, Max: 119.4, Diff: 4.5, Sum: 2142.5]
      [Termination (ms): Min: 0.2, Avg: 0.3, Max: 0.4, Diff: 0.2, Sum: 5.7]
      [GC Worker Other (ms): Min: 0.0, Avg: 0.0, Max: 0.1, Diff: 0.1, Sum: 0.9]
      [GC Worker Total (ms): Min: 150.2, Avg: 150.3, Max: 150.4, Diff: 0.2, Sum: 2705.3]
      [GC Worker End (ms): Min: 694540.1, Avg: 694540.1, Max: 694540.2, Diff: 0.1]
   [Code Root Fixup: 0.3 ms]
   [Code Root Migration: 0.2 ms]
   [Clear CT: 1.7 ms]
   [Other: 5.5 ms]
      [Choose CSet: 0.2 ms]
      [Ref Proc: 1.4 ms]
      [Ref Enq: 0.1 ms]
      [Free CSet: 0.6 ms]
   [Eden: 320.0M(320.0M)->0.0B(448.0M) Survivors: 192.0M->64.0M Heap: 5155.3M(10.0G)->4729.1M(10.0G)]
 [Times: user=2.68 sys=0.02, real=0.16 secs] 
694.548: Total time for which application threads were stopped: 0.1594960 seconds
694.850: [GC pause (G1 Evacuation Pause) (mixed)
Desired survivor size 33554432 bytes, new threshold 15 (max 15)
- age   1:   14792240 bytes,   14792240 total
, 0.1355940 secs]
   [Parallel Time: 128.0 ms, GC Workers: 18]
      [GC Worker Start (ms): Min: 694850.8, Avg: 694850.9, Max: 694851.0, Diff: 0.2]
      [Ext Root Scanning (ms): Min: 4.2, Avg: 4.8, Max: 5.3, Diff: 1.1, Sum: 86.0]
      [Update RS (ms): Min: 14.3, Avg: 16.1, Max: 35.5, Diff: 21.2, Sum: 289.2]
         [Processed Buffers: Min: 16, Avg: 49.3, Max: 89, Diff: 73, Sum: 888]
      [Scan RS (ms): Min: 0.0, Avg: 18.6, Max: 19.9, Diff: 19.9, Sum: 334.4]
      [Code Root Scanning (ms): Min: 0.0, Avg: 0.0, Max: 0.5, Diff: 0.5, Sum: 0.9]
      [Object Copy (ms): Min: 87.6, Avg: 88.1, Max: 88.3, Diff: 0.7, Sum: 1585.6]
      [Termination (ms): Min: 0.0, Avg: 0.2, Max: 0.3, Diff: 0.3, Sum: 4.0]
      [GC Worker Other (ms): Min: 0.0, Avg: 0.0, Max: 0.1, Diff: 0.0, Sum: 0.5]
      [GC Worker Total (ms): Min: 127.7, Avg: 127.8, Max: 127.9, Diff: 0.2, Sum: 2300.6]
      [GC Worker End (ms): Min: 694978.7, Avg: 694978.7, Max: 694978.7, Diff: 0.0]
   [Code Root Fixup: 0.7 ms]
   [Code Root Migration: 1.3 ms]
   [Clear CT: 1.4 ms]
   [Other: 4.1 ms]
      [Choose CSet: 0.1 ms]
      [Ref Proc: 1.6 ms]
      [Ref Enq: 0.1 ms]
      [Free CSet: 0.4 ms]
   [Eden: 448.0M(448.0M)->0.0B(1136.0M) Survivors: 64.0M->64.0M Heap: 5187.5M(10.0G)->4780.9M(10.0G)]
 [Times: user=2.33 sys=0.00, real=0.14 secs] 
694.986: Total time for which application threads were stopped: 0.1369640 seconds
695.059: Total time for which application threads were stopped: 0.0010970 seconds
696.113: [GC pause (G1 Evacuation Pause) (young)
Desired survivor size 83886080 bytes, new threshold 15 (max 15)
- age   1:   27259840 bytes,   27259840 total
- age   2:    6426704 bytes,   33686544 total
, 0.1144700 secs]
   [Parallel Time: 110.6 ms, GC Workers: 18]
      [GC Worker Start (ms): Min: 696113.2, Avg: 696113.3, Max: 696113.3, Diff: 0.1]
      [Ext Root Scanning (ms): Min: 4.1, Avg: 4.8, Max: 5.4, Diff: 1.3, Sum: 86.4]
      [Update RS (ms): Min: 19.4, Avg: 20.3, Max: 22.4, Diff: 3.0, Sum: 364.7]
         [Processed Buffers: Min: 13, Avg: 43.1, Max: 75, Diff: 62, Sum: 775]
      [Scan RS (ms): Min: 0.1, Avg: 2.3, Max: 2.6, Diff: 2.6, Sum: 40.6]
      [Code Root Scanning (ms): Min: 0.0, Avg: 0.0, Max: 0.0, Diff: 0.0, Sum: 0.0]
      [Object Copy (ms): Min: 82.4, Avg: 82.6, Max: 83.0, Diff: 0.7, Sum: 1487.3]
      [Termination (ms): Min: 0.0, Avg: 0.5, Max: 0.7, Diff: 0.7, Sum: 8.4]
      [GC Worker Other (ms): Min: 0.0, Avg: 0.0, Max: 0.1, Diff: 0.1, Sum: 0.8]
      [GC Worker Total (ms): Min: 110.4, Avg: 110.5, Max: 110.5, Diff: 0.1, Sum: 1988.2]
      [GC Worker End (ms): Min: 696223.7, Avg: 696223.7, Max: 696223.7, Diff: 0.0]
   [Code Root Fixup: 0.2 ms]
   [Code Root Migration: 0.0 ms]
   [Clear CT: 0.7 ms]
   [Other: 2.9 ms]
      [Choose CSet: 0.0 ms]
      [Ref Proc: 1.6 ms]
      [Ref Enq: 0.1 ms]
      [Free CSet: 0.3 ms]
   [Eden: 1136.0M(1136.0M)->0.0B(368.0M) Survivors: 64.0M->144.0M Heap: 5916.9M(10.0G)->4857.0M(10.0G)]
 [Times: user=1.99 sys=0.02, real=0.11 secs] 
696.228: Total time for which application threads were stopped: 0.1160280 seconds
696.272: Total time for which application threads were stopped: 0.0009280 seconds
696.272: [GC pause (GCLocker Initiated GC) (young) (initial-mark)
Desired survivor size 33554432 bytes, new threshold 1 (max 15)
- age   1:   87570392 bytes,   87570392 total
- age   2:   26423192 bytes,  113993584 total
- age   3:    6403000 bytes,  120396584 total
, 0.0939780 secs]
   [Parallel Time: 89.6 ms, GC Workers: 18]
      [GC Worker Start (ms): Min: 696273.0, Avg: 696273.0, Max: 696273.1, Diff: 0.1]
      [Ext Root Scanning (ms): Min: 3.7, Avg: 4.4, Max: 4.8, Diff: 1.1, Sum: 78.6]
      [Code Root Marking (ms): Min: 0.0, Avg: 1.1, Max: 7.8, Diff: 7.8, Sum: 19.3]
      [Update RS (ms): Min: 6.7, Avg: 15.6, Max: 52.4, Diff: 45.7, Sum: 281.0]
         [Processed Buffers: Min: 1, Avg: 31.5, Max: 98, Diff: 97, Sum: 567]
      [Scan RS (ms): Min: 0.0, Avg: 0.0, Max: 0.0, Diff: 0.0, Sum: 0.4]
      [Code Root Scanning (ms): Min: 0.0, Avg: 0.0, Max: 0.0, Diff: 0.0, Sum: 0.0]
      [Object Copy (ms): Min: 31.8, Avg: 68.3, Max: 70.9, Diff: 39.1, Sum: 1229.2]
      [Termination (ms): Min: 0.0, Avg: 0.1, Max: 0.1, Diff: 0.1, Sum: 1.4]
      [GC Worker Other (ms): Min: 0.0, Avg: 0.0, Max: 0.1, Diff: 0.1, Sum: 0.7]
      [GC Worker Total (ms): Min: 89.4, Avg: 89.5, Max: 89.6, Diff: 0.1, Sum: 1610.7]
      [GC Worker End (ms): Min: 696362.5, Avg: 696362.5, Max: 696362.5, Diff: 0.0]
   [Code Root Fixup: 0.3 ms]
   [Code Root Migration: 0.0 ms]
   [Clear CT: 0.2 ms]
   [Other: 3.9 ms]
      [Choose CSet: 0.0 ms]
      [Ref Proc: 1.5 ms]
      [Ref Enq: 0.1 ms]
      [Free CSet: 0.1 ms]
   [Eden: 272.0M(368.0M)->0.0B(448.0M) Survivors: 144.0M->64.0M Heap: 5116.1M(10.0G)->4949.9M(10.0G)]
 [Times: user=1.61 sys=0.01, real=0.09 secs] 
696.367: [GC concurrent-root-region-scan-start]
696.367: Total time for which application threads were stopped: 0.0949100 seconds
696.368: Total time for which application threads were stopped: 0.0007790 seconds
696.378: [GC concurrent-root-region-scan-end, 0.0116070 secs]
696.378: [GC concurrent-mark-start]
696.673: [GC pause (G1 Evacuation Pause) (young)
Desired survivor size 33554432 bytes, new threshold 15 (max 15)
- age   1:    9414760 bytes,    9414760 total
, 0.0496190 secs]
   [Parallel Time: 46.1 ms, GC Workers: 18]
      [GC Worker Start (ms): Min: 696674.0, Avg: 696674.0, Max: 696674.1, Diff: 0.1]
      [Ext Root Scanning (ms): Min: 3.9, Avg: 4.7, Max: 5.2, Diff: 1.3, Sum: 84.0]
      [SATB Filtering (ms): Min: 0.0, Avg: 0.1, Max: 2.1, Diff: 2.1, Sum: 2.1]
      [Update RS (ms): Min: 11.4, Avg: 15.1, Max: 21.1, Diff: 9.7, Sum: 272.5]
         [Processed Buffers: Min: 16, Avg: 41.9, Max: 69, Diff: 53, Sum: 755]
      [Scan RS (ms): Min: 0.0, Avg: 0.2, Max: 0.5, Diff: 0.5, Sum: 3.0]
      [Code Root Scanning (ms): Min: 0.0, Avg: 0.0, Max: 0.0, Diff: 0.0, Sum: 0.0]
      [Object Copy (ms): Min: 20.9, Avg: 25.8, Max: 28.6, Diff: 7.7, Sum: 465.2]
      [Termination (ms): Min: 0.0, Avg: 0.0, Max: 0.1, Diff: 0.1, Sum: 0.7]
      [GC Worker Other (ms): Min: 0.0, Avg: 0.0, Max: 0.1, Diff: 0.0, Sum: 0.7]
      [GC Worker Total (ms): Min: 45.9, Avg: 46.0, Max: 46.1, Diff: 0.1, Sum: 828.1]
      [GC Worker End (ms): Min: 696720.0, Avg: 696720.0, Max: 696720.0, Diff: 0.0]
   [Code Root Fixup: 0.3 ms]
   [Code Root Migration: 0.0 ms]
   [Clear CT: 0.5 ms]
   [Other: 2.7 ms]
      [Choose CSet: 0.0 ms]
      [Ref Proc: 1.6 ms]
      [Ref Enq: 0.1 ms]
      [Free CSet: 0.2 ms]
   [Eden: 448.0M(448.0M)->0.0B(464.0M) Survivors: 64.0M->48.0M Heap: 5413.6M(10.0G)->4949.6M(10.0G)]
 [Times: user=0.79 sys=0.01, real=0.05 secs] 
696.723: Total time for which application threads were stopped: 0.0511890 seconds
697.129: [GC pause (G1 Evacuation Pause) (young)
Desired survivor size 33554432 bytes, new threshold 2 (max 15)
- age   1:   31921208 bytes,   31921208 total
- age   2:    3526960 bytes,   35448168 total
, 0.0451230 secs]
   [Parallel Time: 41.6 ms, GC Workers: 18]
      [GC Worker Start (ms): Min: 697129.3, Avg: 697129.4, Max: 697129.5, Diff: 0.2]
      [Ext Root Scanning (ms): Min: 4.2, Avg: 4.9, Max: 5.4, Diff: 1.2, Sum: 88.0]
      [SATB Filtering (ms): Min: 0.0, Avg: 0.2, Max: 3.0, Diff: 3.0, Sum: 3.0]
      [Update RS (ms): Min: 4.5, Avg: 6.5, Max: 6.9, Diff: 2.4, Sum: 116.8]
         [Processed Buffers: Min: 10, Avg: 33.4, Max: 68, Diff: 58, Sum: 602]
      [Scan RS (ms): Min: 0.0, Avg: 0.0, Max: 0.0, Diff: 0.0, Sum: 0.4]
      [Code Root Scanning (ms): Min: 0.0, Avg: 0.0, Max: 0.0, Diff: 0.0, Sum: 0.0]
      [Object Copy (ms): Min: 29.6, Avg: 29.7, Max: 30.2, Diff: 0.6, Sum: 535.3]
      [Termination (ms): Min: 0.0, Avg: 0.0, Max: 0.0, Diff: 0.0, Sum: 0.3]
      [GC Worker Other (ms): Min: 0.0, Avg: 0.0, Max: 0.1, Diff: 0.0, Sum: 0.7]
      [GC Worker Total (ms): Min: 41.3, Avg: 41.4, Max: 41.5, Diff: 0.2, Sum: 744.6]
      [GC Worker End (ms): Min: 697170.7, Avg: 697170.8, Max: 697170.8, Diff: 0.0]
   [Code Root Fixup: 0.4 ms]
   [Code Root Migration: 0.0 ms]
   [Clear CT: 0.2 ms]
   [Other: 2.9 ms]
      [Choose CSet: 0.0 ms]
      [Ref Proc: 1.6 ms]
      [Ref Enq: 0.1 ms]
      [Free CSet: 0.2 ms]
   [Eden: 464.0M(464.0M)->0.0B(640.0M) Survivors: 48.0M->64.0M Heap: 5413.6M(10.0G)->5000.8M(10.0G)]
 [Times: user=0.75 sys=0.00, real=0.05 secs] 
697.174: Total time for which application threads were stopped: 0.0465080 seconds
697.664: [GC pause (G1 Evacuation Pause) (young)
Desired survivor size 50331648 bytes, new threshold 2 (max 15)
- age   1:   29821016 bytes,   29821016 total
- age   2:   31119296 bytes,   60940312 total
, 0.0661080 secs]
   [Parallel Time: 62.7 ms, GC Workers: 18]
      [GC Worker Start (ms): Min: 697664.6, Avg: 697664.7, Max: 697664.8, Diff: 0.1]
      [Ext Root Scanning (ms): Min: 3.8, Avg: 4.7, Max: 5.3, Diff: 1.5, Sum: 84.7]
      [SATB Filtering (ms): Min: 0.0, Avg: 0.1, Max: 2.2, Diff: 2.2, Sum: 2.2]
      [Update RS (ms): Min: 9.4, Avg: 10.6, Max: 11.8, Diff: 2.4, Sum: 190.2]
         [Processed Buffers: Min: 6, Avg: 35.1, Max: 90, Diff: 84, Sum: 632]
      [Scan RS (ms): Min: 0.0, Avg: 0.0, Max: 0.0, Diff: 0.0, Sum: 0.5]
      [Code Root Scanning (ms): Min: 0.0, Avg: 0.0, Max: 0.0, Diff: 0.0, Sum: 0.0]
      [Object Copy (ms): Min: 46.1, Avg: 47.1, Max: 47.3, Diff: 1.1, Sum: 846.9]
      [Termination (ms): Min: 0.0, Avg: 0.0, Max: 0.0, Diff: 0.0, Sum: 0.2]
      [GC Worker Other (ms): Min: 0.0, Avg: 0.1, Max: 0.1, Diff: 0.1, Sum: 1.0]
      [GC Worker Total (ms): Min: 62.5, Avg: 62.5, Max: 62.6, Diff: 0.1, Sum: 1125.7]
      [GC Worker End (ms): Min: 697727.2, Avg: 697727.2, Max: 697727.3, Diff: 0.0]
   [Code Root Fixup: 0.2 ms]
   [Code Root Migration: 0.0 ms]
   [Clear CT: 0.3 ms]
   [Other: 2.9 ms]
      [Choose CSet: 0.0 ms]
      [Ref Proc: 1.6 ms]
      [Ref Enq: 0.1 ms]
      [Free CSet: 0.2 ms]
   [Eden: 640.0M(640.0M)->0.0B(672.0M) Survivors: 64.0M->96.0M Heap: 5640.8M(10.0G)->5076.6M(10.0G)]
 [Times: user=1.11 sys=0.02, real=0.06 secs] 
697.731: Total time for which application threads were stopped: 0.0677230 seconds
697.942: [GC concurrent-mark-end, 1.5639970 secs]
697.943: [GC remark 697.944: [GC ref-proc, 0.0029180 secs], 0.0109850 secs]
 [Times: user=0.14 sys=0.00, real=0.01 secs] 
697.954: Total time for which application threads were stopped: 0.0121410 seconds
697.955: [GC cleanup 5483M->5483M(10G), 0.0079270 secs]
 [Times: user=0.13 sys=0.01, real=0.00 secs] 
697.963: Total time for which application threads were stopped: 0.0088000 seconds
698.267: [GC pause (G1 Evacuation Pause) (young)
Desired survivor size 50331648 bytes, new threshold 2 (max 15)
- age   1:   44718656 bytes,   44718656 total
- age   2:   24979880 bytes,   69698536 total
, 0.0911210 secs]
   [Parallel Time: 87.1 ms, GC Workers: 18]
      [GC Worker Start (ms): Min: 698267.2, Avg: 698267.3, Max: 698267.4, Diff: 0.1]
      [Ext Root Scanning (ms): Min: 4.2, Avg: 4.8, Max: 6.0, Diff: 1.9, Sum: 87.1]
      [Update RS (ms): Min: 9.4, Avg: 11.1, Max: 13.1, Diff: 3.8, Sum: 200.4]
         [Processed Buffers: Min: 9, Avg: 37.6, Max: 83, Diff: 74, Sum: 677]
      [Scan RS (ms): Min: 0.0, Avg: 1.0, Max: 1.4, Diff: 1.4, Sum: 18.5]
      [Code Root Scanning (ms): Min: 0.0, Avg: 0.0, Max: 0.0, Diff: 0.0, Sum: 0.0]
      [Object Copy (ms): Min: 68.6, Avg: 69.7, Max: 70.3, Diff: 1.8, Sum: 1254.9]
      [Termination (ms): Min: 0.0, Avg: 0.1, Max: 0.2, Diff: 0.2, Sum: 2.3]
      [GC Worker Other (ms): Min: 0.0, Avg: 0.1, Max: 0.1, Diff: 0.0, Sum: 0.9]
      [GC Worker Total (ms): Min: 86.8, Avg: 86.9, Max: 87.0, Diff: 0.1, Sum: 1564.2]
      [GC Worker End (ms): Min: 698354.2, Avg: 698354.2, Max: 698354.2, Diff: 0.0]
   [Code Root Fixup: 0.2 ms]
   [Code Root Migration: 0.0 ms]
   [Clear CT: 0.7 ms]
   [Other: 3.1 ms]
      [Choose CSet: 0.0 ms]
      [Ref Proc: 1.6 ms]
      [Ref Enq: 0.1 ms]
      [Free CSet: 0.2 ms]
   [Eden: 672.0M(672.0M)->0.0B(416.0M) Survivors: 96.0M->96.0M Heap: 5748.6M(10.0G)->5148.3M(10.0G)]
 [Times: user=1.57 sys=0.01, real=0.09 secs] 
698.358: Total time for which application threads were stopped: 0.0927840 seconds
698.586: [GC pause (G1 Evacuation Pause) (mixed)
Desired survivor size 33554432 bytes, new threshold 1 (max 15)
- age   1:   44453904 bytes,   44453904 total
- age   2:   43790248 bytes,   88244152 total
, 0.1392880 secs]
   [Parallel Time: 133.0 ms, GC Workers: 18]
      [GC Worker Start (ms): Min: 698586.8, Avg: 698586.9, Max: 698587.0, Diff: 0.2]
      [Ext Root Scanning (ms): Min: 3.9, Avg: 4.6, Max: 5.1, Diff: 1.2, Sum: 83.6]
      [Update RS (ms): Min: 12.3, Avg: 12.7, Max: 13.5, Diff: 1.2, Sum: 228.5]
         [Processed Buffers: Min: 10, Avg: 37.2, Max: 63, Diff: 53, Sum: 670]
      [Scan RS (ms): Min: 13.2, Avg: 13.3, Max: 13.4, Diff: 0.2, Sum: 240.1]
      [Code Root Scanning (ms): Min: 0.0, Avg: 0.0, Max: 0.0, Diff: 0.0, Sum: 0.1]
      [Object Copy (ms): Min: 101.3, Avg: 101.5, Max: 102.1, Diff: 0.7, Sum: 1827.0]
      [Termination (ms): Min: 0.0, Avg: 0.5, Max: 0.7, Diff: 0.7, Sum: 9.6]
      [GC Worker Other (ms): Min: 0.0, Avg: 0.0, Max: 0.1, Diff: 0.1, Sum: 0.7]
      [GC Worker Total (ms): Min: 132.7, Avg: 132.8, Max: 132.9, Diff: 0.2, Sum: 2389.7]
      [GC Worker End (ms): Min: 698719.6, Avg: 698719.6, Max: 698719.6, Diff: 0.0]
   [Code Root Fixup: 0.3 ms]
   [Code Root Migration: 0.2 ms]
   [Clear CT: 1.0 ms]
   [Other: 4.7 ms]
      [Choose CSet: 0.1 ms]
      [Ref Proc: 1.6 ms]
      [Ref Enq: 0.1 ms]
      [Free CSet: 0.5 ms]
   [Eden: 416.0M(416.0M)->0.0B(448.0M) Survivors: 96.0M->64.0M Heap: 5587.8M(10.0G)->4967.4M(10.0G)]
 [Times: user=2.40 sys=0.01, real=0.14 secs] 
698.726: Total time for which application threads were stopped: 0.1406330 seconds
699.008: Total time for which application threads were stopped: 0.0010560 seconds
699.009: [GC pause (GCLocker Initiated GC) (mixed)
Desired survivor size 33554432 bytes, new threshold 15 (max 15)
- age   1:   25941848 bytes,   25941848 total
, 0.1077810 secs]
   [Parallel Time: 100.9 ms, GC Workers: 18]
      [GC Worker Start (ms): Min: 699009.7, Avg: 699009.8, Max: 699009.9, Diff: 0.1]
      [Ext Root Scanning (ms): Min: 4.3, Avg: 4.9, Max: 5.3, Diff: 1.0, Sum: 88.5]
      [Update RS (ms): Min: 6.3, Avg: 6.9, Max: 8.7, Diff: 2.4, Sum: 125.1]
         [Processed Buffers: Min: 5, Avg: 38.2, Max: 127, Diff: 122, Sum: 687]
      [Scan RS (ms): Min: 10.7, Avg: 12.5, Max: 13.2, Diff: 2.5, Sum: 225.8]
      [Code Root Scanning (ms): Min: 0.0, Avg: 0.0, Max: 0.3, Diff: 0.3, Sum: 0.5]
      [Object Copy (ms): Min: 75.5, Avg: 75.8, Max: 76.0, Diff: 0.5, Sum: 1363.7]
      [Termination (ms): Min: 0.0, Avg: 0.4, Max: 0.7, Diff: 0.7, Sum: 7.7]
      [GC Worker Other (ms): Min: 0.0, Avg: 0.0, Max: 0.1, Diff: 0.0, Sum: 0.8]
      [GC Worker Total (ms): Min: 100.6, Avg: 100.7, Max: 100.7, Diff: 0.2, Sum: 1812.1]
      [GC Worker End (ms): Min: 699110.4, Avg: 699110.5, Max: 699110.5, Diff: 0.0]
   [Code Root Fixup: 0.5 ms]
   [Code Root Migration: 1.0 ms]
   [Clear CT: 1.3 ms]
   [Other: 4.2 ms]
      [Choose CSet: 0.1 ms]
      [Ref Proc: 1.7 ms]
      [Ref Enq: 0.1 ms]
      [Free CSet: 0.4 ms]
   [Eden: 464.0M(448.0M)->0.0B(448.0M) Survivors: 64.0M->64.0M Heap: 5415.8M(10.0G)->4957.1M(10.0G)]
 [Times: user=1.83 sys=0.01, real=0.11 secs] 
699.117: Total time for which application threads were stopped: 0.1086510 seconds
699.399: [GC pause (G1 Evacuation Pause) (young)
Desired survivor size 33554432 bytes, new threshold 2 (max 15)
- age   1:   32115664 bytes,   32115664 total
- age   2:   14406328 bytes,   46521992 total
, 0.0774460 secs]
   [Parallel Time: 73.7 ms, GC Workers: 18]
      [GC Worker Start (ms): Min: 699399.3, Avg: 699399.4, Max: 699399.5, Diff: 0.1]
      [Ext Root Scanning (ms): Min: 4.4, Avg: 5.0, Max: 5.4, Diff: 1.0, Sum: 90.8]
      [Update RS (ms): Min: 10.4, Avg: 10.9, Max: 12.9, Diff: 2.5, Sum: 195.6]
         [Processed Buffers: Min: 7, Avg: 36.9, Max: 89, Diff: 82, Sum: 664]
      [Scan RS (ms): Min: 0.0, Avg: 0.5, Max: 0.9, Diff: 0.9, Sum: 9.3]
      [Code Root Scanning (ms): Min: 0.0, Avg: 0.0, Max: 0.0, Diff: 0.0, Sum: 0.0]
      [Object Copy (ms): Min: 56.2, Avg: 57.0, Max: 57.3, Diff: 1.1, Sum: 1026.0]
      [Termination (ms): Min: 0.0, Avg: 0.1, Max: 0.2, Diff: 0.2, Sum: 2.1]
      [GC Worker Other (ms): Min: 0.0, Avg: 0.0, Max: 0.1, Diff: 0.1, Sum: 0.8]
      [GC Worker Total (ms): Min: 73.5, Avg: 73.6, Max: 73.7, Diff: 0.1, Sum: 1324.7]
      [GC Worker End (ms): Min: 699473.0, Avg: 699473.0, Max: 699473.0, Diff: 0.0]
   [Code Root Fixup: 0.2 ms]
   [Code Root Migration: 0.0 ms]
   [Clear CT: 0.6 ms]
   [Other: 2.8 ms]
      [Choose CSet: 0.0 ms]
      [Ref Proc: 1.5 ms]
      [Ref Enq: 0.1 ms]
      [Free CSet: 0.2 ms]
   [Eden: 448.0M(448.0M)->0.0B(480.0M) Survivors: 64.0M->64.0M Heap: 5405.1M(10.0G)->5013.3M(10.0G)]
 [Times: user=1.41 sys=0.01, real=0.08 secs] 
699.477: Total time for which application threads were stopped: 0.0788670 seconds
699.797: [GC pause (G1 Evacuation Pause) (young) (initial-mark)
Desired survivor size 41943040 bytes, new threshold 2 (max 15)
- age   1:   30329704 bytes,   30329704 total
- age   2:   31121040 bytes,   61450744 total
, 0.0742770 secs]
   [Parallel Time: 69.9 ms, GC Workers: 18]
      [GC Worker Start (ms): Min: 699798.1, Avg: 699798.2, Max: 699798.2, Diff: 0.2]
      [Ext Root Scanning (ms): Min: 3.7, Avg: 4.8, Max: 10.9, Diff: 7.1, Sum: 86.6]
      [Code Root Marking (ms): Min: 0.0, Avg: 1.2, Max: 9.3, Diff: 9.2, Sum: 20.7]
      [Update RS (ms): Min: 0.0, Avg: 7.2, Max: 10.5, Diff: 10.5, Sum: 129.2]
         [Processed Buffers: Min: 0, Avg: 36.7, Max: 105, Diff: 105, Sum: 661]
      [Scan RS (ms): Min: 0.0, Avg: 2.6, Max: 3.7, Diff: 3.6, Sum: 47.4]
      [Code Root Scanning (ms): Min: 0.0, Avg: 0.0, Max: 0.0, Diff: 0.0, Sum: 0.0]
      [Object Copy (ms): Min: 52.1, Avg: 53.7, Max: 54.5, Diff: 2.3, Sum: 965.8]
      [Termination (ms): Min: 0.1, Avg: 0.2, Max: 0.4, Diff: 0.3, Sum: 4.3]
      [GC Worker Other (ms): Min: 0.0, Avg: 0.0, Max: 0.1, Diff: 0.1, Sum: 0.7]
      [GC Worker Total (ms): Min: 69.6, Avg: 69.7, Max: 69.8, Diff: 0.2, Sum: 1254.8]
      [GC Worker End (ms): Min: 699867.9, Avg: 699867.9, Max: 699867.9, Diff: 0.0]
   [Code Root Fixup: 0.2 ms]
   [Code Root Migration: 0.0 ms]
   [Clear CT: 0.7 ms]
   [Other: 3.4 ms]
      [Choose CSet: 0.0 ms]
      [Ref Proc: 1.7 ms]
      [Ref Enq: 0.1 ms]
      [Free CSet: 0.2 ms]
   [Eden: 480.0M(480.0M)->0.0B(432.0M) Survivors: 64.0M->80.0M Heap: 5493.3M(10.0G)->5076.5M(10.0G)]
 [Times: user=1.27 sys=0.00, real=0.07 secs] 
699.872: [GC concurrent-root-region-scan-start]
699.872: Total time for which application threads were stopped: 0.0759910 seconds
699.892: [GC concurrent-root-region-scan-end, 0.0200170 secs]
699.892: [GC concurrent-mark-start]
700.256: [GC pause (G1 Evacuation Pause) (young)
Desired survivor size 33554432 bytes, new threshold 1 (max 15)
- age   1:   39443568 bytes,   39443568 total
- age   2:   28467352 bytes,   67910920 total
, 0.0736900 secs]
   [Parallel Time: 69.2 ms, GC Workers: 18]
      [GC Worker Start (ms): Min: 700256.8, Avg: 700256.9, Max: 700256.9, Diff: 0.2]
      [Ext Root Scanning (ms): Min: 4.3, Avg: 5.1, Max: 5.8, Diff: 1.5, Sum: 92.3]
      [SATB Filtering (ms): Min: 0.0, Avg: 0.1, Max: 2.2, Diff: 2.2, Sum: 2.2]
      [Update RS (ms): Min: 7.3, Avg: 8.6, Max: 10.8, Diff: 3.5, Sum: 155.1]
         [Processed Buffers: Min: 6, Avg: 36.4, Max: 102, Diff: 96, Sum: 655]
      [Scan RS (ms): Min: 0.0, Avg: 0.9, Max: 1.3, Diff: 1.3, Sum: 16.8]
      [Code Root Scanning (ms): Min: 0.0, Avg: 0.0, Max: 0.0, Diff: 0.0, Sum: 0.0]
      [Object Copy (ms): Min: 52.9, Avg: 54.1, Max: 54.6, Diff: 1.7, Sum: 974.5]
      [Termination (ms): Min: 0.0, Avg: 0.0, Max: 0.1, Diff: 0.0, Sum: 0.5]
      [GC Worker Other (ms): Min: 0.0, Avg: 0.0, Max: 0.1, Diff: 0.1, Sum: 0.9]
      [GC Worker Total (ms): Min: 68.9, Avg: 69.0, Max: 69.1, Diff: 0.2, Sum: 1242.2]
      [GC Worker End (ms): Min: 700325.8, Avg: 700325.9, Max: 700325.9, Diff: 0.1]
   [Code Root Fixup: 0.4 ms]
   [Code Root Migration: 0.0 ms]
   [Clear CT: 0.5 ms]
   [Other: 3.5 ms]
      [Choose CSet: 0.0 ms]
      [Ref Proc: 1.8 ms]
      [Ref Enq: 0.1 ms]
      [Free CSet: 0.2 ms]
   [Eden: 432.0M(432.0M)->0.0B(656.0M) Survivors: 80.0M->64.0M Heap: 5508.5M(10.0G)->5153.4M(10.0G)]
 [Times: user=1.32 sys=0.02, real=0.07 secs] 
700.330: Total time for which application threads were stopped: 0.0750400 seconds
700.785: [GC pause (G1 Evacuation Pause) (young)
Desired survivor size 50331648 bytes, new threshold 15 (max 15)
- age   1:   37348320 bytes,   37348320 total
, 0.0538630 secs]
   [Parallel Time: 49.9 ms, GC Workers: 18]
      [GC Worker Start (ms): Min: 700785.7, Avg: 700785.8, Max: 700785.9, Diff: 0.2]
      [Ext Root Scanning (ms): Min: 4.3, Avg: 5.4, Max: 5.9, Diff: 1.5, Sum: 97.3]
      [SATB Filtering (ms): Min: 0.0, Avg: 0.1, Max: 1.9, Diff: 1.9, Sum: 1.9]
      [Update RS (ms): Min: 5.8, Avg: 6.9, Max: 7.6, Diff: 1.8, Sum: 123.3]
         [Processed Buffers: Min: 26, Avg: 40.5, Max: 70, Diff: 44, Sum: 729]
      [Scan RS (ms): Min: 3.4, Avg: 3.8, Max: 4.0, Diff: 0.6, Sum: 68.1]
      [Code Root Scanning (ms): Min: 0.0, Avg: 0.0, Max: 0.0, Diff: 0.0, Sum: 0.0]
      [Object Copy (ms): Min: 33.2, Avg: 33.5, Max: 33.7, Diff: 0.5, Sum: 602.2]
      [Termination (ms): Min: 0.0, Avg: 0.0, Max: 0.1, Diff: 0.1, Sum: 0.5]
      [GC Worker Other (ms): Min: 0.0, Avg: 0.0, Max: 0.1, Diff: 0.1, Sum: 0.9]
      [GC Worker Total (ms): Min: 49.5, Avg: 49.7, Max: 49.8, Diff: 0.2, Sum: 894.1]
      [GC Worker End (ms): Min: 700835.4, Avg: 700835.4, Max: 700835.5, Diff: 0.1]
   [Code Root Fixup: 0.4 ms]
   [Code Root Migration: 0.0 ms]
   [Clear CT: 0.7 ms]
   [Other: 2.9 ms]
      [Choose CSet: 0.0 ms]
      [Ref Proc: 1.6 ms]
      [Ref Enq: 0.1 ms]
      [Free CSet: 0.3 ms]
   [Eden: 656.0M(656.0M)->0.0B(560.0M) Survivors: 64.0M->96.0M Heap: 5809.4M(10.0G)->5216.0M(10.0G)]
 [Times: user=0.89 sys=0.01, real=0.05 secs] 
700.839: Total time for which application threads were stopped: 0.0563700 seconds
701.049: Total time for which application threads were stopped: 0.0009580 seconds
701.050: Total time for which application threads were stopped: 0.0002800 seconds
701.050: Total time for which application threads were stopped: 0.0002590 seconds
701.050: Total time for which application threads were stopped: 0.0002360 seconds
701.051: Total time for which application threads were stopped: 0.0002500 seconds
701.051: Total time for which application threads were stopped: 0.0003230 seconds
701.051: Total time for which application threads were stopped: 0.0003010 seconds
701.052: Total time for which application threads were stopped: 0.0002940 seconds
701.052: Total time for which application threads were stopped: 0.0002320 seconds
701.052: Total time for which application threads were stopped: 0.0003290 seconds
701.053: Total time for which application threads were stopped: 0.0002660 seconds
701.053: Total time for which application threads were stopped: 0.0003010 seconds
701.054: Total time for which application threads were stopped: 0.0003350 seconds
701.054: Total time for which application threads were stopped: 0.0004210 seconds
701.156: Total time for which application threads were stopped: 0.0042650 seconds
701.164: [GC pause (GCLocker Initiated GC) (young)
Desired survivor size 50331648 bytes, new threshold 1 (max 15)
- age   1:   75590376 bytes,   75590376 total
- age   2:   25694792 bytes,  101285168 total
, 0.0786410 secs]
   [Parallel Time: 74.2 ms, GC Workers: 18]
      [GC Worker Start (ms): Min: 701164.4, Avg: 701164.5, Max: 701164.6, Diff: 0.2]
      [Ext Root Scanning (ms): Min: 4.1, Avg: 4.9, Max: 5.3, Diff: 1.2, Sum: 87.8]
      [SATB Filtering (ms): Min: 0.0, Avg: 0.1, Max: 2.1, Diff: 2.1, Sum: 2.1]
      [Update RS (ms): Min: 7.4, Avg: 8.5, Max: 9.3, Diff: 1.9, Sum: 152.7]
         [Processed Buffers: Min: 20, Avg: 42.8, Max: 62, Diff: 42, Sum: 770]
      [Scan RS (ms): Min: 5.0, Avg: 5.2, Max: 5.3, Diff: 0.3, Sum: 94.2]
      [Code Root Scanning (ms): Min: 0.0, Avg: 0.0, Max: 0.0, Diff: 0.0, Sum: 0.0]
      [Object Copy (ms): Min: 54.9, Avg: 55.1, Max: 55.9, Diff: 1.0, Sum: 992.2]
      [Termination (ms): Min: 0.0, Avg: 0.0, Max: 0.0, Diff: 0.0, Sum: 0.5]
      [GC Worker Other (ms): Min: 0.0, Avg: 0.0, Max: 0.1, Diff: 0.0, Sum: 0.8]
      [GC Worker Total (ms): Min: 73.8, Avg: 73.9, Max: 74.0, Diff: 0.2, Sum: 1330.3]
      [GC Worker End (ms): Min: 701238.4, Avg: 701238.4, Max: 701238.5, Diff: 0.0]
   [Code Root Fixup: 0.3 ms]
   [Code Root Migration: 0.0 ms]
   [Clear CT: 0.8 ms]
   [Other: 3.4 ms]
      [Choose CSet: 0.0 ms]
      [Ref Proc: 1.6 ms]
      [Ref Enq: 0.1 ms]
      [Free CSet: 0.2 ms]
   [Eden: 576.0M(560.0M)->0.0B(1392.0M) Survivors: 96.0M->96.0M Heap: 5778.6M(10.0G)->5286.1M(10.0G)]
 [Times: user=1.34 sys=0.01, real=0.07 secs] 
701.243: Total time for which application threads were stopped: 0.0845400 seconds
701.714: [GC concurrent-mark-end, 1.8218160 secs]
701.718: [GC remark 701.719: [GC ref-proc, 0.0030030 secs], 0.0105760 secs]
 [Times: user=0.14 sys=0.01, real=0.01 secs] 
701.729: Total time for which application threads were stopped: 0.0149260 seconds
701.729: [GC cleanup 5850M->5824M(10G), 0.0077300 secs]
 [Times: user=0.12 sys=0.00, real=0.01 secs] 
701.737: Total time for which application threads were stopped: 0.0085390 seconds
701.737: [GC concurrent-cleanup-start]
701.737: [GC concurrent-cleanup-end, 0.0000310 secs]
702.759: [GC pause (G1 Evacuation Pause) (young)
Desired survivor size 100663296 bytes, new threshold 15 (max 15)
- age   1:   42049384 bytes,   42049384 total
, 0.0553500 secs]
   [Parallel Time: 50.7 ms, GC Workers: 18]
      [GC Worker Start (ms): Min: 702759.5, Avg: 702759.7, Max: 702759.9, Diff: 0.4]
      [Ext Root Scanning (ms): Min: 3.7, Avg: 4.5, Max: 4.9, Diff: 1.2, Sum: 81.2]
      [Update RS (ms): Min: 6.9, Avg: 7.3, Max: 8.2, Diff: 1.3, Sum: 131.3]
         [Processed Buffers: Min: 28, Avg: 45.8, Max: 72, Diff: 44, Sum: 824]
      [Scan RS (ms): Min: 0.2, Avg: 0.5, Max: 0.6, Diff: 0.4, Sum: 9.7]
      [Code Root Scanning (ms): Min: 0.0, Avg: 0.0, Max: 0.0, Diff: 0.0, Sum: 0.0]
      [Object Copy (ms): Min: 37.9, Avg: 38.0, Max: 38.2, Diff: 0.3, Sum: 683.2]
      [Termination (ms): Min: 0.0, Avg: 0.0, Max: 0.0, Diff: 0.0, Sum: 0.1]
      [GC Worker Other (ms): Min: 0.0, Avg: 0.0, Max: 0.1, Diff: 0.1, Sum: 0.9]
      [GC Worker Total (ms): Min: 50.2, Avg: 50.4, Max: 50.6, Diff: 0.4, Sum: 906.4]
      [GC Worker End (ms): Min: 702810.0, Avg: 702810.1, Max: 702810.1, Diff: 0.1]
   [Code Root Fixup: 0.2 ms]
   [Code Root Migration: 0.0 ms]
   [Clear CT: 1.0 ms]
   [Other: 3.4 ms]
      [Choose CSet: 0.0 ms]
      [Ref Proc: 1.9 ms]
      [Ref Enq: 0.1 ms]
      [Free CSet: 0.4 ms]
   [Eden: 1392.0M(1392.0M)->0.0B(368.0M) Survivors: 96.0M->144.0M Heap: 6652.0M(10.0G)->5296.7M(10.0G)]
 [Times: user=0.92 sys=0.01, real=0.06 secs] 
702.815: Total time for which application threads were stopped: 0.0988440 seconds
702.987: [GC pause (G1 Evacuation Pause) (mixed)
Desired survivor size 33554432 bytes, new threshold 1 (max 15)
- age   1:   78157216 bytes,   78157216 total
- age   2:   28978472 bytes,  107135688 total
, 0.1040280 secs]
   [Parallel Time: 97.7 ms, GC Workers: 18]
      [GC Worker Start (ms): Min: 702988.0, Avg: 702988.0, Max: 702988.1, Diff: 0.1]
      [Ext Root Scanning (ms): Min: 4.2, Avg: 4.9, Max: 5.4, Diff: 1.2, Sum: 88.1]
      [Update RS (ms): Min: 4.7, Avg: 5.4, Max: 6.0, Diff: 1.3, Sum: 96.9]
         [Processed Buffers: Min: 21, Avg: 43.5, Max: 76, Diff: 55, Sum: 783]
      [Scan RS (ms): Min: 10.2, Avg: 10.5, Max: 10.6, Diff: 0.3, Sum: 188.7]
      [Code Root Scanning (ms): Min: 0.0, Avg: 0.0, Max: 0.0, Diff: 0.0, Sum: 0.0]
      [Object Copy (ms): Min: 76.5, Avg: 76.6, Max: 77.7, Diff: 1.2, Sum: 1379.3]
      [Termination (ms): Min: 0.0, Avg: 0.0, Max: 0.0, Diff: 0.0, Sum: 0.0]
      [GC Worker Other (ms): Min: 0.0, Avg: 0.0, Max: 0.1, Diff: 0.0, Sum: 0.7]
      [GC Worker Total (ms): Min: 97.4, Avg: 97.4, Max: 97.5, Diff: 0.1, Sum: 1753.8]
      [GC Worker End (ms): Min: 703085.4, Avg: 703085.4, Max: 703085.5, Diff: 0.0]
   [Code Root Fixup: 0.2 ms]
   [Code Root Migration: 0.1 ms]
   [Clear CT: 1.2 ms]
   [Other: 4.9 ms]
      [Choose CSet: 0.1 ms]
      [Ref Proc: 1.5 ms]
      [Ref Enq: 0.1 ms]
      [Free CSet: 0.4 ms]
   [Eden: 368.0M(368.0M)->0.0B(448.0M) Survivors: 144.0M->64.0M Heap: 5664.7M(10.0G)->5202.6M(10.0G)]
 [Times: user=1.77 sys=0.02, real=0.10 secs] 
703.092: Total time for which application threads were stopped: 0.1073440 seconds
703.370: [GC pause (G1 Evacuation Pause) (mixed)
Desired survivor size 33554432 bytes, new threshold 15 (max 15)
- age   1:   26794360 bytes,   26794360 total
, 0.0664070 secs]
   [Parallel Time: 60.2 ms, GC Workers: 18]
      [GC Worker Start (ms): Min: 703370.3, Avg: 703370.4, Max: 703370.5, Diff: 0.2]
      [Ext Root Scanning (ms): Min: 4.0, Avg: 4.6, Max: 5.1, Diff: 1.1, Sum: 83.4]
      [Update RS (ms): Min: 5.9, Avg: 6.3, Max: 7.0, Diff: 1.1, Sum: 113.7]
         [Processed Buffers: Min: 25, Avg: 43.3, Max: 78, Diff: 53, Sum: 780]
      [Scan RS (ms): Min: 7.8, Avg: 7.9, Max: 8.0, Diff: 0.2, Sum: 142.4]
      [Code Root Scanning (ms): Min: 0.0, Avg: 0.0, Max: 0.2, Diff: 0.2, Sum: 0.3]
      [Object Copy (ms): Min: 40.6, Avg: 40.7, Max: 40.9, Diff: 0.3, Sum: 733.4]
      [Termination (ms): Min: 0.3, Avg: 0.4, Max: 0.5, Diff: 0.2, Sum: 6.8]
      [GC Worker Other (ms): Min: 0.0, Avg: 0.0, Max: 0.1, Diff: 0.0, Sum: 0.7]
      [GC Worker Total (ms): Min: 59.9, Avg: 60.0, Max: 60.2, Diff: 0.2, Sum: 1080.7]
      [GC Worker End (ms): Min: 703430.5, Avg: 703430.5, Max: 703430.5, Diff: 0.0]
   [Code Root Fixup: 0.4 ms]
   [Code Root Migration: 0.5 ms]
   [Clear CT: 1.3 ms]
   [Other: 3.9 ms]
      [Choose CSet: 0.1 ms]
      [Ref Proc: 1.7 ms]
      [Ref Enq: 0.1 ms]
      [Free CSet: 0.3 ms]
   [Eden: 448.0M(448.0M)->0.0B(3632.0M) Survivors: 64.0M->64.0M Heap: 5650.6M(10.0G)->5266.0M(10.0G)]
 [Times: user=1.11 sys=0.00, real=0.07 secs] 
703.437: Total time for which application threads were stopped: 0.0745930 seconds
704.410: Total time for which application threads were stopped: 0.0011060 seconds
704.714: Total time for which application threads were stopped: 0.0009810 seconds
704.714: Total time for which application threads were stopped: 0.0002850 seconds
704.715: Total time for which application threads were stopped: 0.0002690 seconds
704.715: Total time for which application threads were stopped: 0.0002430 seconds
704.715: Total time for which application threads were stopped: 0.0002940 seconds
705.716: Total time for which application threads were stopped: 0.0010980 seconds
705.821: [GC pause (G1 Humongous Allocation) (young) (initial-mark)
Desired survivor size 243269632 bytes, new threshold 15 (max 15)
- age   1:   22223232 bytes,   22223232 total
- age   2:   19800720 bytes,   42023952 total
, 0.1477420 secs]
   [Parallel Time: 142.1 ms, GC Workers: 18]
      [GC Worker Start (ms): Min: 705821.7, Avg: 705821.8, Max: 705821.9, Diff: 0.2]
      [Ext Root Scanning (ms): Min: 4.2, Avg: 4.9, Max: 11.6, Diff: 7.5, Sum: 88.1]
      [Code Root Marking (ms): Min: 0.0, Avg: 0.9, Max: 3.8, Diff: 3.8, Sum: 15.7]
      [Update RS (ms): Min: 1.8, Avg: 9.8, Max: 29.8, Diff: 28.0, Sum: 176.2]
         [Processed Buffers: Min: 11, Avg: 46.3, Max: 72, Diff: 61, Sum: 833]
      [Scan RS (ms): Min: 0.0, Avg: 1.5, Max: 1.8, Diff: 1.8, Sum: 26.2]
      [Code Root Scanning (ms): Min: 0.0, Avg: 0.0, Max: 0.0, Diff: 0.0, Sum: 0.0]
      [Object Copy (ms): Min: 106.7, Avg: 124.7, Max: 126.7, Diff: 20.0, Sum: 2244.5]
      [Termination (ms): Min: 0.0, Avg: 0.1, Max: 0.1, Diff: 0.1, Sum: 1.8]
      [GC Worker Other (ms): Min: 0.0, Avg: 0.1, Max: 0.1, Diff: 0.1, Sum: 0.9]
      [GC Worker Total (ms): Min: 141.7, Avg: 141.9, Max: 141.9, Diff: 0.2, Sum: 2553.4]
      [GC Worker End (ms): Min: 705963.6, Avg: 705963.6, Max: 705963.7, Diff: 0.1]
   [Code Root Fixup: 0.2 ms]
   [Code Root Migration: 0.0 ms]
   [Clear CT: 1.3 ms]
   [Other: 4.1 ms]
      [Choose CSet: 0.0 ms]
      [Ref Proc: 2.2 ms]
      [Ref Enq: 0.1 ms]
      [Free CSet: 0.5 ms]
   [Eden: 2656.0M(3632.0M)->0.0B(224.0M) Survivors: 64.0M->304.0M Heap: 7911.5M(10.0G)->5518.3M(10.0G)]
 [Times: user=2.41 sys=0.02, real=0.15 secs] 
705.969: [GC concurrent-root-region-scan-start]
705.969: Total time for which application threads were stopped: 0.1491400 seconds
706.002: Total time for which application threads were stopped: 0.0016290 seconds
706.008: [GC pause (GCLocker Initiated GC) (young)
Desired survivor size 41943040 bytes, new threshold 1 (max 15)
- age   1:  244458264 bytes,  244458264 total
- age   2:   16849408 bytes,  261307672 total
- age   3:   15325168 bytes,  276632840 total
706.117: [GC concurrent-root-region-scan-end, 0.1481630 secs]
706.117: [GC concurrent-mark-start]
, 0.2411310 secs]
   [Root Region Scan Waiting: 108.8 ms]
   [Parallel Time: 126.5 ms, GC Workers: 18]
      [GC Worker Start (ms): Min: 706117.5, Avg: 706117.6, Max: 706117.6, Diff: 0.2]
      [Ext Root Scanning (ms): Min: 3.6, Avg: 4.6, Max: 8.0, Diff: 4.4, Sum: 83.0]
      [SATB Filtering (ms): Min: 0.0, Avg: 0.1, Max: 1.4, Diff: 1.4, Sum: 1.4]
      [Update RS (ms): Min: 5.3, Avg: 9.8, Max: 30.7, Diff: 25.3, Sum: 176.3]
         [Processed Buffers: Min: 8, Avg: 36.9, Max: 63, Diff: 55, Sum: 664]
      [Scan RS (ms): Min: 0.0, Avg: 0.0, Max: 0.0, Diff: 0.0, Sum: 0.4]
      [Code Root Scanning (ms): Min: 0.0, Avg: 0.0, Max: 0.0, Diff: 0.0, Sum: 0.0]
      [Object Copy (ms): Min: 91.0, Avg: 111.8, Max: 113.7, Diff: 22.7, Sum: 2012.1]
      [Termination (ms): Min: 0.0, Avg: 0.0, Max: 0.0, Diff: 0.0, Sum: 0.0]
      [GC Worker Other (ms): Min: 0.0, Avg: 0.0, Max: 0.1, Diff: 0.0, Sum: 0.8]
      [GC Worker Total (ms): Min: 126.2, Avg: 126.3, Max: 126.4, Diff: 0.2, Sum: 2274.1]
      [GC Worker End (ms): Min: 706243.9, Avg: 706243.9, Max: 706243.9, Diff: 0.0]
   [Code Root Fixup: 0.4 ms]
   [Code Root Migration: 0.0 ms]
   [Clear CT: 0.2 ms]
   [Other: 5.2 ms]
      [Choose CSet: 0.0 ms]
      [Ref Proc: 1.8 ms]
      [Ref Enq: 0.1 ms]
      [Free CSet: 0.2 ms]
   [Eden: 240.0M(224.0M)->0.0B(432.0M) Survivors: 304.0M->80.0M Heap: 5755.2M(10.0G)->5693.9M(10.0G)]
 [Times: user=2.63 sys=0.00, real=0.24 secs] 
706.250: Total time for which application threads were stopped: 0.2424380 seconds
706.567: [GC pause (G1 Evacuation Pause) (young)
Desired survivor size 33554432 bytes, new threshold 15 (max 15)
- age   1:    1842008 bytes,    1842008 total
, 0.0326700 secs]
   [Parallel Time: 29.0 ms, GC Workers: 18]
      [GC Worker Start (ms): Min: 706567.9, Avg: 706568.0, Max: 706568.1, Diff: 0.2]
      [Ext Root Scanning (ms): Min: 4.3, Avg: 5.1, Max: 5.5, Diff: 1.2, Sum: 91.1]
      [SATB Filtering (ms): Min: 0.0, Avg: 0.1, Max: 1.9, Diff: 1.9, Sum: 1.9]
      [Update RS (ms): Min: 13.9, Avg: 15.2, Max: 16.2, Diff: 2.2, Sum: 273.6]
         [Processed Buffers: Min: 24, Avg: 48.3, Max: 82, Diff: 58, Sum: 869]
      [Scan RS (ms): Min: 0.0, Avg: 0.2, Max: 0.2, Diff: 0.2, Sum: 2.9]
      [Code Root Scanning (ms): Min: 0.0, Avg: 0.0, Max: 0.0, Diff: 0.0, Sum: 0.0]
      [Object Copy (ms): Min: 7.3, Avg: 8.2, Max: 8.6, Diff: 1.3, Sum: 148.0]
      [Termination (ms): Min: 0.0, Avg: 0.0, Max: 0.0, Diff: 0.0, Sum: 0.2]
      [GC Worker Other (ms): Min: 0.0, Avg: 0.0, Max: 0.0, Diff: 0.0, Sum: 0.6]
      [GC Worker Total (ms): Min: 28.7, Avg: 28.8, Max: 28.9, Diff: 0.2, Sum: 518.3]
      [GC Worker End (ms): Min: 706596.8, Avg: 706596.8, Max: 706596.8, Diff: 0.0]
   [Code Root Fixup: 0.2 ms]
   [Code Root Migration: 0.0 ms]
   [Clear CT: 0.6 ms]
   [Other: 2.8 ms]
      [Choose CSet: 0.0 ms]
      [Ref Proc: 1.6 ms]
      [Ref Enq: 0.1 ms]
      [Free CSet: 0.2 ms]
   [Eden: 432.0M(432.0M)->0.0B(528.0M) Survivors: 80.0M->48.0M Heap: 6133.9M(10.0G)->5669.7M(10.0G)]
 [Times: user=0.52 sys=0.00, real=0.03 secs] 
706.600: Total time for which application threads were stopped: 0.0340940 seconds
707.061: [GC pause (G1 Evacuation Pause) (young)
Desired survivor size 41943040 bytes, new threshold 15 (max 15)
- age   1:   16612560 bytes,   16612560 total
- age   2:     284320 bytes,   16896880 total
, 0.0484540 secs]
   [Parallel Time: 44.9 ms, GC Workers: 18]
      [GC Worker Start (ms): Min: 707061.7, Avg: 707061.8, Max: 707061.9, Diff: 0.2]
      [Ext Root Scanning (ms): Min: 3.9, Avg: 4.5, Max: 5.1, Diff: 1.2, Sum: 81.5]
      [SATB Filtering (ms): Min: 0.0, Avg: 0.1, Max: 1.8, Diff: 1.8, Sum: 1.8]
      [Update RS (ms): Min: 13.7, Avg: 14.8, Max: 15.6, Diff: 1.9, Sum: 267.2]
         [Processed Buffers: Min: 19, Avg: 44.3, Max: 82, Diff: 63, Sum: 797]
      [Scan RS (ms): Min: 0.0, Avg: 0.0, Max: 0.0, Diff: 0.0, Sum: 0.5]
      [Code Root Scanning (ms): Min: 0.0, Avg: 0.0, Max: 0.0, Diff: 0.0, Sum: 0.0]
      [Object Copy (ms): Min: 24.6, Avg: 25.2, Max: 25.4, Diff: 0.9, Sum: 453.0]
      [Termination (ms): Min: 0.0, Avg: 0.0, Max: 0.0, Diff: 0.0, Sum: 0.1]
      [GC Worker Other (ms): Min: 0.0, Avg: 0.1, Max: 0.1, Diff: 0.1, Sum: 1.2]
      [GC Worker Total (ms): Min: 44.7, Avg: 44.7, Max: 44.8, Diff: 0.2, Sum: 805.3]
      [GC Worker End (ms): Min: 707106.5, Avg: 707106.6, Max: 707106.6, Diff: 0.0]
   [Code Root Fixup: 0.2 ms]
   [Code Root Migration: 0.0 ms]
   [Clear CT: 0.2 ms]
   [Other: 3.1 ms]
      [Choose CSet: 0.0 ms]
      [Ref Proc: 1.6 ms]
      [Ref Enq: 0.1 ms]
      [Free CSet: 0.2 ms]
   [Eden: 528.0M(528.0M)->0.0B(832.0M) Survivors: 48.0M->64.0M Heap: 6197.7M(10.0G)->5685.0M(10.0G)]
 [Times: user=0.81 sys=0.01, real=0.05 secs] 
707.110: Total time for which application threads were stopped: 0.0496710 seconds
707.358: [GC concurrent-mark-end, 1.2412620 secs]
707.360: [GC remark 707.360: [GC ref-proc, 0.0038250 secs], 0.0114620 secs]
 [Times: user=0.15 sys=0.01, real=0.01 secs] 
707.371: Total time for which application threads were stopped: 0.0127510 seconds
707.372: [GC cleanup 6065M->5898M(10G), 0.0091070 secs]
 [Times: user=0.15 sys=0.00, real=0.01 secs] 
707.382: Total time for which application threads were stopped: 0.0102300 seconds
707.382: [GC concurrent-cleanup-start]
707.382: [GC concurrent-cleanup-end, 0.0001210 secs]
707.888: [GC pause (G1 Evacuation Pause) (young)
Desired survivor size 58720256 bytes, new threshold 15 (max 15)
- age   1:   38736352 bytes,   38736352 total
- age   2:   15799400 bytes,   54535752 total
- age   3:     279144 bytes,   54814896 total
, 0.0660200 secs]
   [Parallel Time: 61.6 ms, GC Workers: 18]
      [GC Worker Start (ms): Min: 707888.1, Avg: 707888.2, Max: 707888.2, Diff: 0.1]
      [Ext Root Scanning (ms): Min: 4.5, Avg: 5.0, Max: 6.2, Diff: 1.7, Sum: 90.0]
      [Update RS (ms): Min: 10.8, Avg: 12.1, Max: 13.8, Diff: 3.0, Sum: 218.2]
         [Processed Buffers: Min: 11, Avg: 41.5, Max: 65, Diff: 54, Sum: 747]
      [Scan RS (ms): Min: 2.9, Avg: 4.4, Max: 4.8, Diff: 1.9, Sum: 79.1]
      [Code Root Scanning (ms): Min: 0.0, Avg: 0.0, Max: 0.0, Diff: 0.0, Sum: 0.0]
      [Object Copy (ms): Min: 39.7, Avg: 39.9, Max: 40.1, Diff: 0.4, Sum: 717.9]
      [Termination (ms): Min: 0.0, Avg: 0.0, Max: 0.0, Diff: 0.0, Sum: 0.2]
      [GC Worker Other (ms): Min: 0.0, Avg: 0.0, Max: 0.1, Diff: 0.0, Sum: 0.6]
      [GC Worker Total (ms): Min: 61.4, Avg: 61.5, Max: 61.5, Diff: 0.1, Sum: 1106.2]
      [GC Worker End (ms): Min: 707949.6, Avg: 707949.6, Max: 707949.6, Diff: 0.0]
   [Code Root Fixup: 0.2 ms]
   [Code Root Migration: 0.0 ms]
   [Clear CT: 0.7 ms]
   [Other: 3.5 ms]
      [Choose CSet: 0.0 ms]
      [Ref Proc: 1.6 ms]
      [Ref Enq: 0.1 ms]
      [Free CSet: 0.3 ms]
   [Eden: 832.0M(832.0M)->0.0B(400.0M) Survivors: 64.0M->112.0M Heap: 6349.5M(10.0G)->5582.4M(10.0G)]
 [Times: user=1.08 sys=0.00, real=0.06 secs] 
707.954: Total time for which application threads were stopped: 0.0675180 seconds
708.197: [GC pause (G1 Evacuation Pause) (mixed)
Desired survivor size 33554432 bytes, new threshold 1 (max 15)
- age   1:   47162880 bytes,   47162880 total
- age   2:   38000224 bytes,   85163104 total
- age   3:   15736960 bytes,  100900064 total
- age   4:     271080 bytes,  101171144 total
, 0.0697090 secs]
   [Parallel Time: 63.8 ms, GC Workers: 18]
      [GC Worker Start (ms): Min: 708197.2, Avg: 708197.3, Max: 708197.4, Diff: 0.2]
      [Ext Root Scanning (ms): Min: 3.7, Avg: 4.6, Max: 5.0, Diff: 1.3, Sum: 82.9]
      [Update RS (ms): Min: 10.2, Avg: 10.5, Max: 11.2, Diff: 1.1, Sum: 189.9]
         [Processed Buffers: Min: 17, Avg: 40.4, Max: 116, Diff: 99, Sum: 728]
      [Scan RS (ms): Min: 7.9, Avg: 8.1, Max: 8.2, Diff: 0.3, Sum: 145.9]
      [Code Root Scanning (ms): Min: 0.0, Avg: 0.0, Max: 0.0, Diff: 0.0, Sum: 0.0]
      [Object Copy (ms): Min: 40.0, Avg: 40.2, Max: 40.5, Diff: 0.5, Sum: 723.8]
      [Termination (ms): Min: 0.0, Avg: 0.0, Max: 0.0, Diff: 0.0, Sum: 0.1]
      [GC Worker Other (ms): Min: 0.0, Avg: 0.0, Max: 0.1, Diff: 0.0, Sum: 0.8]
      [GC Worker Total (ms): Min: 63.4, Avg: 63.5, Max: 63.6, Diff: 0.2, Sum: 1143.3]
      [GC Worker End (ms): Min: 708260.8, Avg: 708260.9, Max: 708260.9, Diff: 0.0]
   [Code Root Fixup: 0.3 ms]
   [Code Root Migration: 0.0 ms]
   [Clear CT: 1.3 ms]
   [Other: 4.4 ms]
      [Choose CSet: 0.1 ms]
      [Ref Proc: 1.7 ms]
      [Ref Enq: 0.1 ms]
      [Free CSet: 0.5 ms]
   [Eden: 400.0M(400.0M)->0.0B(448.0M) Survivors: 112.0M->64.0M Heap: 5982.4M(10.0G)->5282.5M(10.0G)]
 [Times: user=1.15 sys=0.01, real=0.07 secs] 
708.267: Total time for which application threads were stopped: 0.0719930 seconds
708.641: [GC pause (G1 Evacuation Pause) (mixed)
Desired survivor size 33554432 bytes, new threshold 15 (max 15)
- age   1:   14982864 bytes,   14982864 total
, 0.0790830 secs]
   [Parallel Time: 71.1 ms, GC Workers: 18]
      [GC Worker Start (ms): Min: 708641.9, Avg: 708641.9, Max: 708642.0, Diff: 0.2]
      [Ext Root Scanning (ms): Min: 4.1, Avg: 4.9, Max: 5.3, Diff: 1.2, Sum: 87.6]
      [Update RS (ms): Min: 5.2, Avg: 5.7, Max: 6.2, Diff: 1.0, Sum: 101.7]
         [Processed Buffers: Min: 23, Avg: 41.3, Max: 60, Diff: 37, Sum: 743]
      [Scan RS (ms): Min: 19.8, Avg: 20.1, Max: 20.3, Diff: 0.5, Sum: 362.6]
      [Code Root Scanning (ms): Min: 0.0, Avg: 0.0, Max: 0.1, Diff: 0.1, Sum: 0.3]
      [Object Copy (ms): Min: 40.0, Avg: 40.2, Max: 40.5, Diff: 0.5, Sum: 723.1]
      [Termination (ms): Min: 0.0, Avg: 0.1, Max: 0.1, Diff: 0.1, Sum: 1.2]
      [GC Worker Other (ms): Min: 0.0, Avg: 0.0, Max: 0.1, Diff: 0.0, Sum: 0.7]
      [GC Worker Total (ms): Min: 70.9, Avg: 71.0, Max: 71.0, Diff: 0.2, Sum: 1277.3]
      [GC Worker End (ms): Min: 708712.9, Avg: 708712.9, Max: 708712.9, Diff: 0.0]
   [Code Root Fixup: 0.4 ms]
   [Code Root Migration: 0.5 ms]
   [Clear CT: 1.4 ms]
   [Other: 5.7 ms]
      [Choose CSet: 0.3 ms]
      [Ref Proc: 1.8 ms]
      [Ref Enq: 0.1 ms]
      [Free CSet: 0.7 ms]
   [Eden: 448.0M(448.0M)->0.0B(464.0M) Survivors: 64.0M->48.0M Heap: 5730.5M(10.0G)->5016.5M(10.0G)]
 [Times: user=1.30 sys=0.01, real=0.08 secs] 
708.721: Total time for which application threads were stopped: 0.0807440 seconds
709.024: [GC pause (G1 Evacuation Pause) (mixed)
Desired survivor size 33554432 bytes, new threshold 15 (max 15)
- age   1:    6754328 bytes,    6754328 total
- age   2:   10304840 bytes,   17059168 total
, 0.1214650 secs]
   [Parallel Time: 112.2 ms, GC Workers: 18]
      [GC Worker Start (ms): Min: 709025.2, Avg: 709025.3, Max: 709025.3, Diff: 0.1]
      [Ext Root Scanning (ms): Min: 4.3, Avg: 5.3, Max: 6.0, Diff: 1.7, Sum: 94.8]
      [Update RS (ms): Min: 8.8, Avg: 10.0, Max: 19.3, Diff: 10.5, Sum: 180.8]
         [Processed Buffers: Min: 22, Avg: 42.7, Max: 122, Diff: 100, Sum: 768]
      [Scan RS (ms): Min: 21.2, Avg: 21.7, Max: 22.4, Diff: 1.2, Sum: 390.2]
      [Code Root Scanning (ms): Min: 0.0, Avg: 0.0, Max: 0.2, Diff: 0.2, Sum: 0.6]
      [Object Copy (ms): Min: 54.0, Avg: 64.4, Max: 72.5, Diff: 18.5, Sum: 1159.2]
      [Termination (ms): Min: 3.1, Avg: 10.5, Max: 11.4, Diff: 8.3, Sum: 189.8]
      [GC Worker Other (ms): Min: 0.0, Avg: 0.0, Max: 0.1, Diff: 0.1, Sum: 0.6]
      [GC Worker Total (ms): Min: 111.9, Avg: 112.0, Max: 112.1, Diff: 0.2, Sum: 2016.0]
      [GC Worker End (ms): Min: 709137.3, Avg: 709137.3, Max: 709137.3, Diff: 0.1]
   [Code Root Fixup: 0.6 ms]
   [Code Root Migration: 0.9 ms]
   [Clear CT: 1.6 ms]
   [Other: 6.3 ms]
      [Choose CSet: 0.3 ms]
      [Ref Proc: 2.2 ms]
      [Ref Enq: 0.1 ms]
      [Free CSet: 0.6 ms]
   [Eden: 464.0M(464.0M)->0.0B(480.0M) Survivors: 48.0M->32.0M Heap: 5480.5M(10.0G)->4956.3M(10.0G)]
 [Times: user=1.91 sys=0.01, real=0.12 secs] 
709.146: Total time for which application threads were stopped: 0.1228470 seconds
709.391: [GC pause (G1 Evacuation Pause) (young)
Desired survivor size 33554432 bytes, new threshold 15 (max 15)
- age   1:    7494488 bytes,    7494488 total
- age   2:    5961264 bytes,   13455752 total
- age   3:   10284024 bytes,   23739776 total
, 0.0341500 secs]
   [Parallel Time: 30.2 ms, GC Workers: 18]
      [GC Worker Start (ms): Min: 709391.1, Avg: 709391.2, Max: 709391.3, Diff: 0.2]
      [Ext Root Scanning (ms): Min: 4.0, Avg: 4.8, Max: 5.1, Diff: 1.2, Sum: 87.0]
      [Update RS (ms): Min: 10.0, Avg: 11.1, Max: 20.8, Diff: 10.8, Sum: 199.6]
         [Processed Buffers: Min: 6, Avg: 40.7, Max: 93, Diff: 87, Sum: 733]
      [Scan RS (ms): Min: 0.0, Avg: 1.1, Max: 1.4, Diff: 1.4, Sum: 19.0]
      [Code Root Scanning (ms): Min: 0.0, Avg: 0.0, Max: 0.0, Diff: 0.0, Sum: 0.0]
      [Object Copy (ms): Min: 5.2, Avg: 13.0, Max: 13.5, Diff: 8.4, Sum: 233.3]
      [Termination (ms): Min: 0.0, Avg: 0.0, Max: 0.0, Diff: 0.0, Sum: 0.2]
      [GC Worker Other (ms): Min: 0.0, Avg: 0.0, Max: 0.1, Diff: 0.0, Sum: 0.8]
      [GC Worker Total (ms): Min: 29.9, Avg: 30.0, Max: 30.1, Diff: 0.2, Sum: 540.0]
      [GC Worker End (ms): Min: 709421.2, Avg: 709421.2, Max: 709421.2, Diff: 0.0]
   [Code Root Fixup: 0.2 ms]
   [Code Root Migration: 0.0 ms]
   [Clear CT: 0.8 ms]
   [Other: 2.9 ms]
      [Choose CSet: 0.0 ms]
      [Ref Proc: 1.6 ms]
      [Ref Enq: 0.2 ms]
      [Free CSet: 0.2 ms]
   [Eden: 480.0M(480.0M)->0.0B(2112.0M) Survivors: 32.0M->64.0M Heap: 5436.3M(10.0G)->4996.1M(10.0G)]
 [Times: user=0.55 sys=0.01, real=0.04 secs] 
709.425: Total time for which application threads were stopped: 0.0357280 seconds
709.918: Total time for which application threads were stopped: 0.0010180 seconds
710.921: Total time for which application threads were stopped: 0.0022550 seconds
711.391: [GC pause (G1 Evacuation Pause) (young) (initial-mark)
Desired survivor size 142606336 bytes, new threshold 15 (max 15)
- age   1:   33127920 bytes,   33127920 total
- age   2:    6314480 bytes,   39442400 total
- age   3:    4860792 bytes,   44303192 total
- age   4:   10283584 bytes,   54586776 total
, 0.1255090 secs]
   [Parallel Time: 121.1 ms, GC Workers: 18]
      [GC Worker Start (ms): Min: 711391.1, Avg: 711391.2, Max: 711391.3, Diff: 0.2]
      [Ext Root Scanning (ms): Min: 3.8, Avg: 4.4, Max: 4.7, Diff: 0.8, Sum: 79.1]
      [Code Root Marking (ms): Min: 0.2, Avg: 0.9, Max: 4.5, Diff: 4.3, Sum: 15.9]
      [Update RS (ms): Min: 17.3, Avg: 20.7, Max: 21.8, Diff: 4.4, Sum: 372.3]
         [Processed Buffers: Min: 11, Avg: 42.2, Max: 77, Diff: 66, Sum: 759]
      [Scan RS (ms): Min: 0.0, Avg: 0.1, Max: 0.2, Diff: 0.2, Sum: 2.2]
      [Code Root Scanning (ms): Min: 0.0, Avg: 0.0, Max: 0.0, Diff: 0.0, Sum: 0.1]
      [Object Copy (ms): Min: 94.3, Avg: 94.8, Max: 95.1, Diff: 0.8, Sum: 1706.9]
      [Termination (ms): Min: 0.0, Avg: 0.0, Max: 0.0, Diff: 0.0, Sum: 0.1]
      [GC Worker Other (ms): Min: 0.0, Avg: 0.1, Max: 0.1, Diff: 0.1, Sum: 1.1]
      [GC Worker Total (ms): Min: 120.9, Avg: 121.0, Max: 121.1, Diff: 0.2, Sum: 2177.6]
      [GC Worker End (ms): Min: 711512.1, Avg: 711512.2, Max: 711512.2, Diff: 0.1]
   [Code Root Fixup: 0.2 ms]
   [Code Root Migration: 0.0 ms]
   [Clear CT: 0.6 ms]
   [Other: 3.5 ms]
      [Choose CSet: 0.0 ms]
      [Ref Proc: 1.5 ms]
      [Ref Enq: 0.1 ms]
      [Free CSet: 0.4 ms]
   [Eden: 2112.0M(2112.0M)->0.0B(240.0M) Survivors: 64.0M->272.0M Heap: 7108.1M(10.0G)->5199.3M(10.0G)]
 [Times: user=2.19 sys=0.01, real=0.13 secs] 
711.516: [GC concurrent-root-region-scan-start]
711.517: Total time for which application threads were stopped: 0.1270290 seconds
711.559: [GC pause (G1 Evacuation Pause) (young)
Desired survivor size 33554432 bytes, new threshold 1 (max 15)
- age   1:  195380864 bytes,  195380864 total
- age   2:    9268656 bytes,  204649520 total
- age   3:    1115464 bytes,  205764984 total
- age   4:     881392 bytes,  206646376 total
- age   5:    9878056 bytes,  216524432 total
711.611: [GC concurrent-root-region-scan-end, 0.0946160 secs]
711.611: [GC concurrent-mark-start]
, 0.1878770 secs]
   [Root Region Scan Waiting: 52.1 ms]
   [Parallel Time: 130.1 ms, GC Workers: 18]
      [GC Worker Start (ms): Min: 711611.2, Avg: 711611.4, Max: 711611.5, Diff: 0.3]
      [Ext Root Scanning (ms): Min: 3.8, Avg: 4.4, Max: 4.9, Diff: 1.0, Sum: 80.0]
      [SATB Filtering (ms): Min: 0.0, Avg: 0.1, Max: 1.5, Diff: 1.5, Sum: 1.5]
      [Update RS (ms): Min: 11.2, Avg: 12.4, Max: 13.9, Diff: 2.7, Sum: 222.7]
         [Processed Buffers: Min: 6, Avg: 35.6, Max: 88, Diff: 82, Sum: 640]
      [Scan RS (ms): Min: 2.1, Avg: 3.0, Max: 3.5, Diff: 1.4, Sum: 54.7]
      [Code Root Scanning (ms): Min: 0.0, Avg: 0.0, Max: 0.0, Diff: 0.0, Sum: 0.0]
      [Object Copy (ms): Min: 108.9, Avg: 109.1, Max: 109.8, Diff: 0.9, Sum: 1964.3]
      [Termination (ms): Min: 0.0, Avg: 0.8, Max: 0.9, Diff: 0.9, Sum: 13.5]
      [GC Worker Other (ms): Min: 0.0, Avg: 0.0, Max: 0.1, Diff: 0.1, Sum: 0.7]
      [GC Worker Total (ms): Min: 129.7, Avg: 129.9, Max: 130.0, Diff: 0.2, Sum: 2337.4]
      [GC Worker End (ms): Min: 711741.2, Avg: 711741.2, Max: 711741.3, Diff: 0.1]
   [Code Root Fixup: 0.3 ms]
   [Code Root Migration: 0.0 ms]
   [Clear CT: 0.7 ms]
   [Other: 4.6 ms]
      [Choose CSet: 0.0 ms]
      [Ref Proc: 1.7 ms]
      [Ref Enq: 0.1 ms]
      [Free CSet: 0.2 ms]
   [Eden: 240.0M(240.0M)->0.0B(448.0M) Survivors: 272.0M->64.0M Heap: 5439.3M(10.0G)->5319.9M(10.0G)]
 [Times: user=2.58 sys=0.02, real=0.19 secs] 
711.747: Total time for which application threads were stopped: 0.1896390 seconds
712.108: [GC pause (G1 Evacuation Pause) (young)
Desired survivor size 33554432 bytes, new threshold 15 (max 15)
- age   1:    9993920 bytes,    9993920 total
, 0.0216450 secs]
   [Parallel Time: 18.4 ms, GC Workers: 18]
      [GC Worker Start (ms): Min: 712108.1, Avg: 712108.2, Max: 712108.2, Diff: 0.2]
      [Ext Root Scanning (ms): Min: 3.9, Avg: 4.6, Max: 4.9, Diff: 1.0, Sum: 82.0]
      [SATB Filtering (ms): Min: 0.0, Avg: 0.1, Max: 2.0, Diff: 2.0, Sum: 2.0]
      [Update RS (ms): Min: 5.8, Avg: 7.1, Max: 8.2, Diff: 2.4, Sum: 128.7]
         [Processed Buffers: Min: 15, Avg: 39.4, Max: 64, Diff: 49, Sum: 710]
      [Scan RS (ms): Min: 0.0, Avg: 0.4, Max: 0.6, Diff: 0.6, Sum: 6.7]
      [Code Root Scanning (ms): Min: 0.0, Avg: 0.0, Max: 0.0, Diff: 0.0, Sum: 0.0]
      [Object Copy (ms): Min: 5.8, Avg: 6.0, Max: 6.1, Diff: 0.2, Sum: 107.4]
      [Termination (ms): Min: 0.0, Avg: 0.0, Max: 0.0, Diff: 0.0, Sum: 0.0]
      [GC Worker Other (ms): Min: 0.0, Avg: 0.0, Max: 0.0, Diff: 0.0, Sum: 0.4]
      [GC Worker Total (ms): Min: 18.1, Avg: 18.2, Max: 18.3, Diff: 0.2, Sum: 327.1]
      [GC Worker End (ms): Min: 712126.3, Avg: 712126.3, Max: 712126.3, Diff: 0.0]
   [Code Root Fixup: 0.2 ms]
   [Code Root Migration: 0.0 ms]
   [Clear CT: 0.6 ms]
   [Other: 2.5 ms]
      [Choose CSet: 0.0 ms]
      [Ref Proc: 1.5 ms]
      [Ref Enq: 0.1 ms]
      [Free CSet: 0.2 ms]
   [Eden: 448.0M(448.0M)->0.0B(1616.0M) Survivors: 64.0M->48.0M Heap: 5767.9M(10.0G)->5301.8M(10.0G)]
 [Times: user=0.34 sys=0.00, real=0.02 secs] 
712.130: Total time for which application threads were stopped: 0.0262560 seconds
712.980: [GC concurrent-mark-end, 1.3689630 secs]
712.981: [GC remark 712.982: [GC ref-proc, 0.0030120 secs], 0.0108300 secs]
 [Times: user=0.15 sys=0.01, real=0.01 secs] 
712.992: Total time for which application threads were stopped: 0.0120100 seconds
712.992: [GC cleanup 6133M->6133M(10G), 0.0102150 secs]
 [Times: user=0.17 sys=0.00, real=0.01 secs] 
713.003: Total time for which application threads were stopped: 0.0109670 seconds
713.840: [GC pause (G1 Evacuation Pause) (young)
Desired survivor size 109051904 bytes, new threshold 15 (max 15)
- age   1:   12383064 bytes,   12383064 total
- age   2:    3452928 bytes,   15835992 total
, 0.0386700 secs]
   [Parallel Time: 34.8 ms, GC Workers: 18]
      [GC Worker Start (ms): Min: 713840.4, Avg: 713840.4, Max: 713840.5, Diff: 0.1]
      [Ext Root Scanning (ms): Min: 3.9, Avg: 4.7, Max: 5.1, Diff: 1.2, Sum: 85.1]
      [Update RS (ms): Min: 6.8, Avg: 7.5, Max: 8.3, Diff: 1.5, Sum: 134.9]
         [Processed Buffers: Min: 11, Avg: 35.2, Max: 55, Diff: 44, Sum: 634]
      [Scan RS (ms): Min: 0.0, Avg: 0.1, Max: 0.1, Diff: 0.1, Sum: 1.1]
      [Code Root Scanning (ms): Min: 0.0, Avg: 0.0, Max: 0.0, Diff: 0.0, Sum: 0.0]
      [Object Copy (ms): Min: 21.2, Avg: 22.2, Max: 22.7, Diff: 1.5, Sum: 400.0]
      [Termination (ms): Min: 0.0, Avg: 0.0, Max: 0.0, Diff: 0.0, Sum: 0.3]
      [GC Worker Other (ms): Min: 0.0, Avg: 0.0, Max: 0.1, Diff: 0.0, Sum: 0.7]
      [GC Worker Total (ms): Min: 34.5, Avg: 34.6, Max: 34.6, Diff: 0.1, Sum: 622.2]
      [GC Worker End (ms): Min: 713875.0, Avg: 713875.0, Max: 713875.0, Diff: 0.0]
   [Code Root Fixup: 0.3 ms]
   [Code Root Migration: 0.0 ms]
   [Clear CT: 0.5 ms]
   [Other: 3.1 ms]
      [Choose CSet: 0.0 ms]
      [Ref Proc: 1.6 ms]
      [Ref Enq: 0.1 ms]
      [Free CSet: 0.4 ms]
   [Eden: 1616.0M(1616.0M)->0.0B(432.0M) Survivors: 48.0M->80.0M Heap: 6917.8M(10.0G)->5330.6M(10.0G)]
 [Times: user=0.63 sys=0.01, real=0.04 secs] 
713.879: Total time for which application threads were stopped: 0.0401290 seconds
714.167: [GC pause (G1 Evacuation Pause) (mixed)
Desired survivor size 33554432 bytes, new threshold 1 (max 15)
- age   1:   57688376 bytes,   57688376 total
- age   2:    6553008 bytes,   64241384 total
- age   3:    3445952 bytes,   67687336 total
, 0.0915060 secs]
   [Parallel Time: 84.5 ms, GC Workers: 18]
      [GC Worker Start (ms): Min: 714168.0, Avg: 714168.0, Max: 714168.1, Diff: 0.1]
      [Ext Root Scanning (ms): Min: 3.9, Avg: 4.6, Max: 5.1, Diff: 1.1, Sum: 82.6]
      [Update RS (ms): Min: 6.1, Avg: 6.9, Max: 7.7, Diff: 1.6, Sum: 124.1]
         [Processed Buffers: Min: 13, Avg: 33.5, Max: 65, Diff: 52, Sum: 603]
      [Scan RS (ms): Min: 15.3, Avg: 15.7, Max: 16.1, Diff: 0.9, Sum: 282.7]
      [Code Root Scanning (ms): Min: 0.0, Avg: 0.0, Max: 0.0, Diff: 0.0, Sum: 0.1]
      [Object Copy (ms): Min: 57.0, Avg: 57.0, Max: 57.2, Diff: 0.3, Sum: 1026.5]
      [Termination (ms): Min: 0.0, Avg: 0.0, Max: 0.1, Diff: 0.1, Sum: 0.9]
      [GC Worker Other (ms): Min: 0.0, Avg: 0.0, Max: 0.1, Diff: 0.1, Sum: 0.8]
      [GC Worker Total (ms): Min: 84.3, Avg: 84.3, Max: 84.4, Diff: 0.1, Sum: 1517.8]
      [GC Worker End (ms): Min: 714252.3, Avg: 714252.4, Max: 714252.4, Diff: 0.1]
   [Code Root Fixup: 0.3 ms]
   [Code Root Migration: 0.1 ms]
   [Clear CT: 1.5 ms]
   [Other: 5.1 ms]
      [Choose CSet: 0.1 ms]
      [Ref Proc: 1.5 ms]
      [Ref Enq: 0.1 ms]
      [Free CSet: 0.5 ms]
   [Eden: 432.0M(432.0M)->0.0B(448.0M) Survivors: 80.0M->64.0M Heap: 5762.6M(10.0G)->5119.9M(10.0G)]
 [Times: user=1.54 sys=0.01, real=0.09 secs] 
714.259: Total time for which application threads were stopped: 0.0927070 seconds
714.565: [GC pause (G1 Evacuation Pause) (mixed)
Desired survivor size 33554432 bytes, new threshold 15 (max 15)
- age   1:   11858240 bytes,   11858240 total
, 0.0555290 secs]
   [Parallel Time: 49.4 ms, GC Workers: 18]
      [GC Worker Start (ms): Min: 714565.7, Avg: 714565.8, Max: 714565.9, Diff: 0.2]
      [Ext Root Scanning (ms): Min: 4.4, Avg: 4.9, Max: 5.3, Diff: 0.9, Sum: 87.9]
      [Update RS (ms): Min: 7.0, Avg: 7.4, Max: 8.0, Diff: 1.0, Sum: 133.5]
         [Processed Buffers: Min: 15, Avg: 42.2, Max: 76, Diff: 61, Sum: 759]
      [Scan RS (ms): Min: 8.9, Avg: 9.1, Max: 9.2, Diff: 0.3, Sum: 164.4]
      [Code Root Scanning (ms): Min: 0.0, Avg: 0.0, Max: 0.2, Diff: 0.2, Sum: 0.3]
      [Object Copy (ms): Min: 27.5, Avg: 27.6, Max: 27.8, Diff: 0.3, Sum: 497.6]
      [Termination (ms): Min: 0.0, Avg: 0.0, Max: 0.0, Diff: 0.0, Sum: 0.0]
      [GC Worker Other (ms): Min: 0.0, Avg: 0.0, Max: 0.1, Diff: 0.0, Sum: 0.7]
      [GC Worker Total (ms): Min: 49.1, Avg: 49.1, Max: 49.2, Diff: 0.2, Sum: 884.5]
      [GC Worker End (ms): Min: 714614.9, Avg: 714614.9, Max: 714614.9, Diff: 0.0]
   [Code Root Fixup: 0.4 ms]
   [Code Root Migration: 0.4 ms]
   [Clear CT: 1.5 ms]
   [Other: 3.9 ms]
      [Choose CSet: 0.1 ms]
      [Ref Proc: 1.7 ms]
      [Ref Enq: 0.1 ms]
      [Free CSet: 0.4 ms]
   [Eden: 448.0M(448.0M)->0.0B(3104.0M) Survivors: 64.0M->32.0M Heap: 5567.9M(10.0G)->5115.2M(10.0G)]
 [Times: user=0.91 sys=0.01, real=0.06 secs] 
714.621: Total time for which application threads were stopped: 0.0569430 seconds
714.629: Total time for which application threads were stopped: 0.0009210 seconds
714.663: Total time for which application threads were stopped: 0.0009660 seconds
714.680: Total time for which application threads were stopped: 0.0008190 seconds
717.886: Total time for which application threads were stopped: 0.0011670 seconds
717.887: [GC pause (GCLocker Initiated GC) (young)
Desired survivor size 209715200 bytes, new threshold 15 (max 15)
- age   1:   10132312 bytes,   10132312 total
- age   2:   11214448 bytes,   21346760 total
, 0.0587540 secs]
   [Parallel Time: 53.6 ms, GC Workers: 18]
      [GC Worker Start (ms): Min: 717887.4, Avg: 717887.5, Max: 717887.6, Diff: 0.1]
      [Ext Root Scanning (ms): Min: 4.3, Avg: 4.9, Max: 5.4, Diff: 1.1, Sum: 87.5]
      [Update RS (ms): Min: 9.1, Avg: 9.7, Max: 10.5, Diff: 1.4, Sum: 174.0]
         [Processed Buffers: Min: 32, Avg: 43.7, Max: 63, Diff: 31, Sum: 786]
      [Scan RS (ms): Min: 0.6, Avg: 0.9, Max: 1.0, Diff: 0.4, Sum: 15.7]
      [Code Root Scanning (ms): Min: 0.0, Avg: 0.0, Max: 0.0, Diff: 0.0, Sum: 0.1]
      [Object Copy (ms): Min: 38.0, Avg: 38.0, Max: 38.3, Diff: 0.3, Sum: 684.8]
      [Termination (ms): Min: 0.0, Avg: 0.0, Max: 0.0, Diff: 0.0, Sum: 0.1]
      [GC Worker Other (ms): Min: 0.0, Avg: 0.1, Max: 0.1, Diff: 0.1, Sum: 0.9]
      [GC Worker Total (ms): Min: 53.4, Avg: 53.5, Max: 53.6, Diff: 0.2, Sum: 963.0]
      [GC Worker End (ms): Min: 717941.0, Avg: 717941.0, Max: 717941.0, Diff: 0.1]
   [Code Root Fixup: 0.3 ms]
   [Code Root Migration: 0.0 ms]
   [Clear CT: 1.4 ms]
   [Other: 3.4 ms]
      [Choose CSet: 0.0 ms]
      [Ref Proc: 1.6 ms]
      [Ref Enq: 0.1 ms]
      [Free CSet: 0.6 ms]
   [Eden: 3120.0M(3104.0M)->0.0B(2624.0M) Survivors: 32.0M->128.0M Heap: 8219.5M(10.0G)->5201.2M(10.0G)]
 [Times: user=0.98 sys=0.01, real=0.05 secs] 
717.946: Total time for which application threads were stopped: 0.0596300 seconds
719.947: Total time for which application threads were stopped: 0.0010040 seconds
720.642: [GC pause (G1 Evacuation Pause) (young) (initial-mark)
Desired survivor size 184549376 bytes, new threshold 15 (max 15)
- age   1:   84680120 bytes,   84680120 total
- age   2:    8745392 bytes,   93425512 total
- age   3:   11074424 bytes,  104499936 total
, 0.0645540 secs]
   [Parallel Time: 58.9 ms, GC Workers: 18]
      [GC Worker Start (ms): Min: 720642.3, Avg: 720642.3, Max: 720642.4, Diff: 0.1]
      [Ext Root Scanning (ms): Min: 4.0, Avg: 4.7, Max: 6.2, Diff: 2.2, Sum: 85.2]
      [Code Root Marking (ms): Min: 0.0, Avg: 1.0, Max: 5.2, Diff: 5.2, Sum: 17.9]
      [Update RS (ms): Min: 8.3, Avg: 12.1, Max: 14.9, Diff: 6.6, Sum: 218.2]
         [Processed Buffers: Min: 16, Avg: 43.2, Max: 72, Diff: 56, Sum: 777]
      [Scan RS (ms): Min: 0.0, Avg: 2.1, Max: 2.6, Diff: 2.6, Sum: 38.7]
      [Code Root Scanning (ms): Min: 0.0, Avg: 0.0, Max: 0.0, Diff: 0.0, Sum: 0.0]
      [Object Copy (ms): Min: 37.5, Avg: 38.6, Max: 43.7, Diff: 6.2, Sum: 695.4]
      [Termination (ms): Min: 0.0, Avg: 0.1, Max: 0.1, Diff: 0.1, Sum: 1.7]
      [GC Worker Other (ms): Min: 0.0, Avg: 0.0, Max: 0.1, Diff: 0.1, Sum: 0.8]
      [GC Worker Total (ms): Min: 58.7, Avg: 58.8, Max: 58.8, Diff: 0.1, Sum: 1057.8]
      [GC Worker End (ms): Min: 720701.1, Avg: 720701.1, Max: 720701.1, Diff: 0.1]
   [Code Root Fixup: 0.3 ms]
   [Code Root Migration: 0.0 ms]
   [Clear CT: 1.5 ms]
   [Other: 3.8 ms]
      [Choose CSet: 0.0 ms]
      [Ref Proc: 1.8 ms]
      [Ref Enq: 0.1 ms]
      [Free CSet: 0.7 ms]
   [Eden: 2624.0M(2624.0M)->0.0B(2480.0M) Survivors: 128.0M->224.0M Heap: 7825.2M(10.0G)->5301.9M(10.0G)]
 [Times: user=1.01 sys=0.01, real=0.07 secs] 
720.706: [GC concurrent-root-region-scan-start]
720.707: Total time for which application threads were stopped: 0.0660360 seconds
720.741: Total time for which application threads were stopped: 0.0012270 seconds
720.746: [GC concurrent-root-region-scan-end, 0.0396170 secs]
720.746: [GC concurrent-mark-start]
721.619: [GC concurrent-mark-end, 0.8734490 secs]
721.621: [GC remark 721.621: [GC ref-proc, 0.0028920 secs], 0.0104570 secs]
 [Times: user=0.14 sys=0.01, real=0.01 secs] 
721.631: Total time for which application threads were stopped: 0.0118030 seconds
721.632: [GC cleanup 6213M->6165M(10G), 0.0102450 secs]
 [Times: user=0.16 sys=0.00, real=0.01 secs] 
721.642: Total time for which application threads were stopped: 0.0109640 seconds
721.642: [GC concurrent-cleanup-start]
721.642: [GC concurrent-cleanup-end, 0.0000640 secs]
723.383: [GC pause (G1 Evacuation Pause) (young)
Desired survivor size 184549376 bytes, new threshold 15 (max 15)
- age   1:   40004192 bytes,   40004192 total
- age   2:   80881792 bytes,  120885984 total
- age   3:    8587736 bytes,  129473720 total
- age   4:    4190640 bytes,  133664360 total
, 0.0527100 secs]
   [Parallel Time: 48.0 ms, GC Workers: 18]
      [GC Worker Start (ms): Min: 723383.1, Avg: 723383.2, Max: 723383.2, Diff: 0.1]
      [Ext Root Scanning (ms): Min: 4.2, Avg: 4.9, Max: 5.3, Diff: 1.2, Sum: 87.7]
      [Update RS (ms): Min: 4.3, Avg: 4.8, Max: 5.4, Diff: 1.1, Sum: 86.0]
         [Processed Buffers: Min: 11, Avg: 35.7, Max: 54, Diff: 43, Sum: 642]
      [Scan RS (ms): Min: 0.0, Avg: 0.1, Max: 0.2, Diff: 0.2, Sum: 2.1]
      [Code Root Scanning (ms): Min: 0.0, Avg: 0.0, Max: 0.0, Diff: 0.0, Sum: 0.1]
      [Object Copy (ms): Min: 37.3, Avg: 38.0, Max: 38.3, Diff: 1.0, Sum: 683.6]
      [Termination (ms): Min: 0.0, Avg: 0.0, Max: 0.0, Diff: 0.0, Sum: 0.0]
      [GC Worker Other (ms): Min: 0.0, Avg: 0.1, Max: 0.1, Diff: 0.1, Sum: 1.0]
      [GC Worker Total (ms): Min: 47.7, Avg: 47.8, Max: 47.9, Diff: 0.1, Sum: 860.5]
      [GC Worker End (ms): Min: 723430.9, Avg: 723431.0, Max: 723431.0, Diff: 0.1]
   [Code Root Fixup: 0.2 ms]
   [Code Root Migration: 0.0 ms]
   [Clear CT: 0.9 ms]
   [Other: 3.6 ms]
      [Choose CSet: 0.0 ms]
      [Ref Proc: 1.6 ms]
      [Ref Enq: 0.1 ms]
      [Free CSet: 0.5 ms]
   [Eden: 2480.0M(2480.0M)->0.0B(240.0M) Survivors: 224.0M->272.0M Heap: 7733.9M(10.0G)->5300.0M(10.0G)]
 [Times: user=0.87 sys=0.01, real=0.05 secs] 
723.436: Total time for which application threads were stopped: 0.0542020 seconds
723.489: Total time for which application threads were stopped: 0.0007860 seconds
723.490: [GC pause (GCLocker Initiated GC) (mixed)
Desired survivor size 33554432 bytes, new threshold 2 (max 15)
- age   1:   23668592 bytes,   23668592 total
- age   2:   36951112 bytes,   60619704 total
- age   3:   79248872 bytes,  139868576 total
- age   4:    8570992 bytes,  148439568 total
- age   5:    1920696 bytes,  150360264 total
, 0.0764330 secs]
   [Parallel Time: 69.0 ms, GC Workers: 18]
      [GC Worker Start (ms): Min: 723490.3, Avg: 723490.4, Max: 723490.4, Diff: 0.1]
      [Ext Root Scanning (ms): Min: 4.2, Avg: 4.8, Max: 5.2, Diff: 1.0, Sum: 87.3]
      [Update RS (ms): Min: 3.8, Avg: 4.3, Max: 4.8, Diff: 1.0, Sum: 77.6]
         [Processed Buffers: Min: 12, Avg: 33.8, Max: 59, Diff: 47, Sum: 609]
      [Scan RS (ms): Min: 7.8, Avg: 8.2, Max: 8.6, Diff: 0.8, Sum: 147.7]
      [Code Root Scanning (ms): Min: 0.0, Avg: 0.0, Max: 0.2, Diff: 0.2, Sum: 0.4]
      [Object Copy (ms): Min: 51.2, Avg: 51.4, Max: 51.6, Diff: 0.4, Sum: 924.4]
      [Termination (ms): Min: 0.0, Avg: 0.0, Max: 0.0, Diff: 0.0, Sum: 0.1]
      [GC Worker Other (ms): Min: 0.0, Avg: 0.0, Max: 0.1, Diff: 0.0, Sum: 0.8]
      [GC Worker Total (ms): Min: 68.7, Avg: 68.8, Max: 68.9, Diff: 0.1, Sum: 1238.3]
      [GC Worker End (ms): Min: 723559.1, Avg: 723559.1, Max: 723559.2, Diff: 0.0]
   [Code Root Fixup: 0.4 ms]
   [Code Root Migration: 0.5 ms]
   [Clear CT: 1.6 ms]
   [Other: 4.9 ms]
      [Choose CSet: 0.2 ms]
      [Ref Proc: 1.6 ms]
      [Ref Enq: 0.1 ms]
      [Free CSet: 0.6 ms]
   [Eden: 256.0M(240.0M)->0.0B(448.0M) Survivors: 272.0M->64.0M Heap: 5540.0M(10.0G)->4931.3M(10.0G)]
 [Times: user=1.26 sys=0.01, real=0.07 secs] 
723.566: Total time for which application threads were stopped: 0.0771540 seconds
723.904: [GC pause (G1 Evacuation Pause) (mixed)
Desired survivor size 33554432 bytes, new threshold 15 (max 15)
- age   1:    1764704 bytes,    1764704 total
- age   2:   22578424 bytes,   24343128 total
, 0.0754680 secs]
   [Parallel Time: 67.9 ms, GC Workers: 18]
      [GC Worker Start (ms): Min: 723904.4, Avg: 723904.5, Max: 723904.5, Diff: 0.2]
      [Ext Root Scanning (ms): Min: 3.9, Avg: 4.7, Max: 5.2, Diff: 1.3, Sum: 85.1]
      [Update RS (ms): Min: 7.3, Avg: 7.9, Max: 8.4, Diff: 1.0, Sum: 141.8]
         [Processed Buffers: Min: 10, Avg: 43.8, Max: 81, Diff: 71, Sum: 789]
      [Scan RS (ms): Min: 21.7, Avg: 22.0, Max: 22.1, Diff: 0.5, Sum: 396.2]
      [Code Root Scanning (ms): Min: 0.0, Avg: 0.0, Max: 0.1, Diff: 0.1, Sum: 0.3]
      [Object Copy (ms): Min: 32.9, Avg: 33.0, Max: 33.2, Diff: 0.3, Sum: 594.3]
      [Termination (ms): Min: 0.0, Avg: 0.0, Max: 0.0, Diff: 0.0, Sum: 0.2]
      [GC Worker Other (ms): Min: 0.0, Avg: 0.0, Max: 0.1, Diff: 0.0, Sum: 0.7]
      [GC Worker Total (ms): Min: 67.6, Avg: 67.7, Max: 67.8, Diff: 0.2, Sum: 1218.7]
      [GC Worker End (ms): Min: 723972.1, Avg: 723972.2, Max: 723972.2, Diff: 0.0]
   [Code Root Fixup: 0.4 ms]
   [Code Root Migration: 0.3 ms]
   [Clear CT: 1.7 ms]
   [Other: 5.1 ms]
      [Choose CSet: 0.3 ms]
      [Ref Proc: 1.8 ms]
      [Ref Enq: 0.2 ms]
      [Free CSet: 0.7 ms]
   [Eden: 448.0M(448.0M)->0.0B(464.0M) Survivors: 64.0M->48.0M Heap: 5379.3M(10.0G)->4607.6M(10.0G)]
 [Times: user=1.25 sys=0.01, real=0.08 secs] 
723.979: Total time for which application threads were stopped: 0.0768570 seconds
724.334: [GC pause (G1 Evacuation Pause) (mixed)
Desired survivor size 33554432 bytes, new threshold 15 (max 15)
- age   1:    2500680 bytes,    2500680 total
- age   2:    1132456 bytes,    3633136 total
- age   3:    5264544 bytes,    8897680 total
, 0.1210080 secs]
   [Parallel Time: 110.0 ms, GC Workers: 18]
      [GC Worker Start (ms): Min: 724335.3, Avg: 724335.3, Max: 724335.4, Diff: 0.1]
      [Ext Root Scanning (ms): Min: 4.3, Avg: 4.9, Max: 5.2, Diff: 0.9, Sum: 87.9]
      [Update RS (ms): Min: 10.4, Avg: 10.8, Max: 11.5, Diff: 1.1, Sum: 194.9]
         [Processed Buffers: Min: 11, Avg: 43.1, Max: 67, Diff: 56, Sum: 776]
      [Scan RS (ms): Min: 30.3, Avg: 31.1, Max: 32.0, Diff: 1.7, Sum: 559.3]
      [Code Root Scanning (ms): Min: 0.0, Avg: 0.1, Max: 0.7, Diff: 0.7, Sum: 1.6]
      [Object Copy (ms): Min: 61.9, Avg: 62.6, Max: 63.4, Diff: 1.6, Sum: 1127.6]
      [Termination (ms): Min: 0.2, Avg: 0.3, Max: 0.4, Diff: 0.2, Sum: 5.5]
      [GC Worker Other (ms): Min: 0.0, Avg: 0.0, Max: 0.1, Diff: 0.0, Sum: 0.7]
      [GC Worker Total (ms): Min: 109.8, Avg: 109.9, Max: 109.9, Diff: 0.1, Sum: 1977.4]
      [GC Worker End (ms): Min: 724445.2, Avg: 724445.2, Max: 724445.2, Diff: 0.0]
   [Code Root Fixup: 1.0 ms]
   [Code Root Migration: 2.3 ms]
   [Clear CT: 1.7 ms]
   [Other: 6.0 ms]
      [Choose CSet: 0.3 ms]
      [Ref Proc: 1.7 ms]
      [Ref Enq: 0.1 ms]
      [Free CSet: 0.8 ms]
   [Eden: 464.0M(464.0M)->0.0B(480.0M) Survivors: 48.0M->32.0M Heap: 5071.6M(10.0G)->4398.3M(10.0G)]
 [Times: user=2.01 sys=0.01, real=0.12 secs] 
724.456: Total time for which application threads were stopped: 0.1222820 seconds
724.623: Total time for which application threads were stopped: 0.0010380 seconds
724.822: [GC pause (G1 Evacuation Pause) (mixed)
Desired survivor size 33554432 bytes, new threshold 15 (max 15)
- age   1:    3569536 bytes,    3569536 total
- age   2:    1852608 bytes,    5422144 total
- age   3:      62848 bytes,    5484992 total
- age   4:    5249600 bytes,   10734592 total
, 0.0403050 secs]
   [Parallel Time: 35.4 ms, GC Workers: 18]
      [GC Worker Start (ms): Min: 724822.5, Avg: 724822.7, Max: 724822.7, Diff: 0.2]
      [Ext Root Scanning (ms): Min: 3.9, Avg: 4.7, Max: 5.1, Diff: 1.3, Sum: 84.7]
      [Update RS (ms): Min: 11.0, Avg: 12.4, Max: 27.2, Diff: 16.2, Sum: 223.0]
         [Processed Buffers: Min: 2, Avg: 42.7, Max: 75, Diff: 73, Sum: 769]
      [Scan RS (ms): Min: 0.0, Avg: 6.7, Max: 7.3, Diff: 7.3, Sum: 121.1]
      [Code Root Scanning (ms): Min: 0.0, Avg: 0.0, Max: 0.0, Diff: 0.0, Sum: 0.0]
      [Object Copy (ms): Min: 2.9, Avg: 11.3, Max: 11.9, Diff: 9.0, Sum: 203.0]
      [Termination (ms): Min: 0.0, Avg: 0.0, Max: 0.0, Diff: 0.0, Sum: 0.2]
      [GC Worker Other (ms): Min: 0.0, Avg: 0.0, Max: 0.1, Diff: 0.0, Sum: 0.5]
      [GC Worker Total (ms): Min: 35.1, Avg: 35.1, Max: 35.3, Diff: 0.2, Sum: 632.6]
      [GC Worker End (ms): Min: 724857.8, Avg: 724857.8, Max: 724857.8, Diff: 0.0]
   [Code Root Fixup: 0.3 ms]
   [Code Root Migration: 0.0 ms]
   [Clear CT: 1.3 ms]
   [Other: 3.3 ms]
      [Choose CSet: 0.1 ms]
      [Ref Proc: 1.6 ms]
      [Ref Enq: 0.1 ms]
      [Free CSet: 0.3 ms]
   [Eden: 480.0M(480.0M)->0.0B(2384.0M) Survivors: 32.0M->16.0M Heap: 4878.3M(10.0G)->4485.1M(10.0G)]
 [Times: user=0.65 sys=0.00, real=0.04 secs] 
724.863: Total time for which application threads were stopped: 0.0415840 seconds
727.829: [GC pause (G1 Evacuation Pause) (young)
Desired survivor size 159383552 bytes, new threshold 15 (max 15)
- age   1:    1815040 bytes,    1815040 total
- age   2:    2598096 bytes,    4413136 total
- age   3:    1832152 bytes,    6245288 total
- age   4:      62800 bytes,    6308088 total
- age   5:    5236160 bytes,   11544248 total
, 0.0352450 secs]
   [Parallel Time: 31.1 ms, GC Workers: 18]
      [GC Worker Start (ms): Min: 727829.4, Avg: 727829.5, Max: 727829.5, Diff: 0.1]
      [Ext Root Scanning (ms): Min: 4.4, Avg: 4.8, Max: 5.2, Diff: 0.8, Sum: 86.5]
      [Update RS (ms): Min: 7.5, Avg: 8.8, Max: 25.8, Diff: 18.4, Sum: 158.7]
         [Processed Buffers: Min: 9, Avg: 44.0, Max: 73, Diff: 64, Sum: 792]
      [Scan RS (ms): Min: 0.0, Avg: 0.1, Max: 0.1, Diff: 0.1, Sum: 2.1]
      [Code Root Scanning (ms): Min: 0.0, Avg: 0.0, Max: 0.0, Diff: 0.0, Sum: 0.1]
      [Object Copy (ms): Min: 0.4, Avg: 4.5, Max: 4.8, Diff: 4.4, Sum: 80.7]
      [Termination (ms): Min: 0.0, Avg: 12.7, Max: 13.5, Diff: 13.5, Sum: 228.1]
      [GC Worker Other (ms): Min: 0.0, Avg: 0.0, Max: 0.0, Diff: 0.0, Sum: 0.4]
      [GC Worker Total (ms): Min: 30.9, Avg: 30.9, Max: 31.0, Diff: 0.1, Sum: 556.5]
      [GC Worker End (ms): Min: 727860.4, Avg: 727860.4, Max: 727860.4, Diff: 0.0]
   [Code Root Fixup: 0.2 ms]
   [Code Root Migration: 0.0 ms]
   [Clear CT: 0.7 ms]
   [Other: 3.2 ms]
      [Choose CSet: 0.0 ms]
      [Ref Proc: 1.6 ms]
      [Ref Enq: 0.1 ms]
      [Free CSet: 0.5 ms]
   [Eden: 2384.0M(2384.0M)->0.0B(480.0M) Survivors: 16.0M->32.0M Heap: 6869.1M(10.0G)->4495.7M(10.0G)]
 [Times: user=0.57 sys=0.01, real=0.03 secs] 
727.864: Total time for which application threads were stopped: 0.0367920 seconds
728.254: [GC pause (G1 Evacuation Pause) (young)
Desired survivor size 33554432 bytes, new threshold 15 (max 15)
- age   1:   10522720 bytes,   10522720 total
- age   2:     734240 bytes,   11256960 total
- age   3:     384608 bytes,   11641568 total
- age   4:    1638752 bytes,   13280320 total
- age   5:      53776 bytes,   13334096 total
- age   6:    4987304 bytes,   18321400 total
, 0.0155310 secs]
   [Parallel Time: 12.2 ms, GC Workers: 18]
      [GC Worker Start (ms): Min: 728254.1, Avg: 728254.2, Max: 728254.3, Diff: 0.1]
      [Ext Root Scanning (ms): Min: 3.7, Avg: 4.6, Max: 4.9, Diff: 1.3, Sum: 82.4]
      [Update RS (ms): Min: 2.2, Avg: 2.6, Max: 3.5, Diff: 1.3, Sum: 46.6]
         [Processed Buffers: Min: 8, Avg: 31.1, Max: 56, Diff: 48, Sum: 560]
      [Scan RS (ms): Min: 0.0, Avg: 0.0, Max: 0.1, Diff: 0.1, Sum: 0.5]
      [Code Root Scanning (ms): Min: 0.0, Avg: 0.0, Max: 0.0, Diff: 0.0, Sum: 0.0]
      [Object Copy (ms): Min: 4.4, Avg: 4.8, Max: 5.0, Diff: 0.6, Sum: 86.0]
      [Termination (ms): Min: 0.0, Avg: 0.0, Max: 0.0, Diff: 0.0, Sum: 0.2]
      [GC Worker Other (ms): Min: 0.0, Avg: 0.0, Max: 0.1, Diff: 0.1, Sum: 0.7]
      [GC Worker Total (ms): Min: 12.0, Avg: 12.0, Max: 12.1, Diff: 0.1, Sum: 216.5]
      [GC Worker End (ms): Min: 728266.2, Avg: 728266.2, Max: 728266.3, Diff: 0.0]
   [Code Root Fixup: 0.2 ms]
   [Code Root Migration: 0.0 ms]
   [Clear CT: 0.2 ms]
   [Other: 2.8 ms]
      [Choose CSet: 0.0 ms]
      [Ref Proc: 1.7 ms]
      [Ref Enq: 0.2 ms]
      [Free CSet: 0.2 ms]
   [Eden: 480.0M(480.0M)->0.0B(480.0M) Survivors: 32.0M->32.0M Heap: 4975.7M(10.0G)->4496.2M(10.0G)]
 [Times: user=0.22 sys=0.01, real=0.02 secs] 
728.270: Total time for which application threads were stopped: 0.0167520 seconds
728.639: [GC pause (G1 Evacuation Pause) (young)
Desired survivor size 33554432 bytes, new threshold 15 (max 15)
- age   1:    1229312 bytes,    1229312 total
- age   2:    9567760 bytes,   10797072 total
- age   3:     734032 bytes,   11531104 total
- age   4:     345952 bytes,   11877056 total
- age   5:    1538832 bytes,   13415888 total
- age   6:      53776 bytes,   13469664 total
- age   7:    4980896 bytes,   18450560 total
, 0.0144010 secs]
   [Parallel Time: 11.1 ms, GC Workers: 18]
      [GC Worker Start (ms): Min: 728639.5, Avg: 728639.6, Max: 728639.7, Diff: 0.2]
      [Ext Root Scanning (ms): Min: 3.9, Avg: 4.6, Max: 5.0, Diff: 1.1, Sum: 83.4]
      [Update RS (ms): Min: 2.1, Avg: 2.5, Max: 3.2, Diff: 1.1, Sum: 45.5]
         [Processed Buffers: Min: 12, Avg: 31.8, Max: 57, Diff: 45, Sum: 572]
      [Scan RS (ms): Min: 0.0, Avg: 0.0, Max: 0.0, Diff: 0.0, Sum: 0.5]
      [Code Root Scanning (ms): Min: 0.0, Avg: 0.0, Max: 0.0, Diff: 0.0, Sum: 0.0]
      [Object Copy (ms): Min: 3.1, Avg: 3.6, Max: 3.9, Diff: 0.8, Sum: 65.1]
      [Termination (ms): Min: 0.0, Avg: 0.0, Max: 0.0, Diff: 0.0, Sum: 0.0]
      [GC Worker Other (ms): Min: 0.0, Avg: 0.0, Max: 0.1, Diff: 0.1, Sum: 0.8]
      [GC Worker Total (ms): Min: 10.8, Avg: 10.9, Max: 11.0, Diff: 0.2, Sum: 195.4]
      [GC Worker End (ms): Min: 728650.5, Avg: 728650.5, Max: 728650.5, Diff: 0.0]
   [Code Root Fixup: 0.3 ms]
   [Code Root Migration: 0.0 ms]
   [Clear CT: 0.2 ms]
   [Other: 2.8 ms]
      [Choose CSet: 0.0 ms]
      [Ref Proc: 1.7 ms]
      [Ref Enq: 0.1 ms]
      [Free CSet: 0.2 ms]
   [Eden: 480.0M(480.0M)->0.0B(480.0M) Survivors: 32.0M->32.0M Heap: 4976.2M(10.0G)->4497.1M(10.0G)]
 [Times: user=0.20 sys=0.00, real=0.01 secs] 
728.654: Total time for which application threads were stopped: 0.0158680 seconds
729.163: Total time for which application threads were stopped: 0.0011500 seconds
729.164: [GC pause (GCLocker Initiated GC) (young)
Desired survivor size 33554432 bytes, new threshold 15 (max 15)
- age   1:    3368632 bytes,    3368632 total
- age   2:     500504 bytes,    3869136 total
- age   3:    7313088 bytes,   11182224 total
- age   4:     670488 bytes,   11852712 total
- age   5:     243232 bytes,   12095944 total
- age   6:    1537752 bytes,   13633696 total
- age   7:      53776 bytes,   13687472 total
- age   8:    4979280 bytes,   18666752 total
, 0.0151250 secs]
   [Parallel Time: 11.9 ms, GC Workers: 18]
      [GC Worker Start (ms): Min: 729164.3, Avg: 729164.3, Max: 729164.4, Diff: 0.1]
      [Ext Root Scanning (ms): Min: 4.6, Avg: 5.1, Max: 5.5, Diff: 0.9, Sum: 91.2]
      [Update RS (ms): Min: 2.0, Avg: 2.5, Max: 3.2, Diff: 1.2, Sum: 44.2]
         [Processed Buffers: Min: 9, Avg: 31.3, Max: 51, Diff: 42, Sum: 563]
      [Scan RS (ms): Min: 0.0, Avg: 0.0, Max: 0.0, Diff: 0.0, Sum: 0.5]
      [Code Root Scanning (ms): Min: 0.0, Avg: 0.0, Max: 0.0, Diff: 0.0, Sum: 0.0]
      [Object Copy (ms): Min: 3.8, Avg: 4.1, Max: 4.2, Diff: 0.4, Sum: 74.3]
      [Termination (ms): Min: 0.0, Avg: 0.0, Max: 0.0, Diff: 0.0, Sum: 0.1]
      [GC Worker Other (ms): Min: 0.0, Avg: 0.0, Max: 0.0, Diff: 0.0, Sum: 0.5]
      [GC Worker Total (ms): Min: 11.6, Avg: 11.7, Max: 11.8, Diff: 0.1, Sum: 210.8]
      [GC Worker End (ms): Min: 729176.0, Avg: 729176.1, Max: 729176.1, Diff: 0.0]
   [Code Root Fixup: 0.3 ms]
   [Code Root Migration: 0.0 ms]
   [Clear CT: 0.2 ms]
   [Other: 2.8 ms]
      [Choose CSet: 0.0 ms]
      [Ref Proc: 1.6 ms]
      [Ref Enq: 0.2 ms]
      [Free CSet: 0.2 ms]
   [Eden: 512.0M(480.0M)->0.0B(480.0M) Survivors: 32.0M->32.0M Heap: 4995.3M(10.0G)->4495.1M(10.0G)]
 [Times: user=0.21 sys=0.01, real=0.02 secs] 
729.179: Total time for which application threads were stopped: 0.0159860 seconds
729.572: [GC pause (G1 Evacuation Pause) (young)
Desired survivor size 33554432 bytes, new threshold 15 (max 15)
- age   1:    1903024 bytes,    1903024 total
- age   2:    2483136 bytes,    4386160 total
- age   3:     464176 bytes,    4850336 total
- age   4:    7134000 bytes,   11984336 total
- age   5:     620728 bytes,   12605064 total
- age   6:     240320 bytes,   12845384 total
- age   7:    1531848 bytes,   14377232 total
- age   8:      53776 bytes,   14431008 total
- age   9:    4978496 bytes,   19409504 total
, 0.0147470 secs]
   [Parallel Time: 11.5 ms, GC Workers: 18]
      [GC Worker Start (ms): Min: 729572.9, Avg: 729573.0, Max: 729573.1, Diff: 0.2]
      [Ext Root Scanning (ms): Min: 4.3, Avg: 4.8, Max: 5.1, Diff: 0.8, Sum: 85.6]
      [Update RS (ms): Min: 2.0, Avg: 2.5, Max: 3.6, Diff: 1.5, Sum: 45.7]
         [Processed Buffers: Min: 5, Avg: 31.4, Max: 58, Diff: 53, Sum: 565]
      [Scan RS (ms): Min: 0.0, Avg: 0.0, Max: 0.0, Diff: 0.0, Sum: 0.3]
      [Code Root Scanning (ms): Min: 0.0, Avg: 0.0, Max: 0.0, Diff: 0.0, Sum: 0.0]
      [Object Copy (ms): Min: 3.3, Avg: 3.9, Max: 4.3, Diff: 1.0, Sum: 70.9]
      [Termination (ms): Min: 0.0, Avg: 0.0, Max: 0.0, Diff: 0.0, Sum: 0.1]
      [GC Worker Other (ms): Min: 0.0, Avg: 0.0, Max: 0.0, Diff: 0.0, Sum: 0.4]
      [GC Worker Total (ms): Min: 11.2, Avg: 11.3, Max: 11.4, Diff: 0.2, Sum: 202.9]
      [GC Worker End (ms): Min: 729584.2, Avg: 729584.3, Max: 729584.3, Diff: 0.0]
   [Code Root Fixup: 0.2 ms]
   [Code Root Migration: 0.0 ms]
   [Clear CT: 0.2 ms]
   [Other: 2.8 ms]
      [Choose CSet: 0.0 ms]
      [Ref Proc: 1.6 ms]
      [Ref Enq: 0.1 ms]
      [Free CSet: 0.2 ms]
   [Eden: 480.0M(480.0M)->0.0B(480.0M) Survivors: 32.0M->32.0M Heap: 4975.1M(10.0G)->4497.7M(10.0G)]
 [Times: user=0.20 sys=0.01, real=0.02 secs] 
729.588: Total time for which application threads were stopped: 0.0161040 seconds
729.988: [GC pause (G1 Evacuation Pause) (young)
Desired survivor size 33554432 bytes, new threshold 15 (max 15)
- age   1:    2198280 bytes,    2198280 total
- age   2:     644176 bytes,    2842456 total
- age   3:    2464368 bytes,    5306824 total
- age   4:     453256 bytes,    5760080 total
- age   5:    7086232 bytes,   12846312 total
- age   6:     616984 bytes,   13463296 total
- age   7:     240320 bytes,   13703616 total
- age   8:    1524184 bytes,   15227800 total
- age   9:      53776 bytes,   15281576 total
- age  10:    4978448 bytes,   20260024 total
, 0.0150870 secs]
   [Parallel Time: 11.9 ms, GC Workers: 18]
      [GC Worker Start (ms): Min: 729988.6, Avg: 729988.7, Max: 729988.8, Diff: 0.1]
      [Ext Root Scanning (ms): Min: 3.9, Avg: 4.7, Max: 5.2, Diff: 1.3, Sum: 84.4]
      [Update RS (ms): Min: 2.0, Avg: 2.5, Max: 3.3, Diff: 1.2, Sum: 45.7]
         [Processed Buffers: Min: 9, Avg: 31.2, Max: 60, Diff: 51, Sum: 562]
      [Scan RS (ms): Min: 0.0, Avg: 0.0, Max: 0.0, Diff: 0.0, Sum: 0.5]
      [Code Root Scanning (ms): Min: 0.0, Avg: 0.0, Max: 0.0, Diff: 0.0, Sum: 0.0]
      [Object Copy (ms): Min: 3.6, Avg: 4.4, Max: 4.7, Diff: 1.1, Sum: 79.4]
      [Termination (ms): Min: 0.0, Avg: 0.0, Max: 0.0, Diff: 0.0, Sum: 0.3]
      [GC Worker Other (ms): Min: 0.0, Avg: 0.0, Max: 0.1, Diff: 0.0, Sum: 0.7]
      [GC Worker Total (ms): Min: 11.6, Avg: 11.7, Max: 11.8, Diff: 0.2, Sum: 210.9]
      [GC Worker End (ms): Min: 730000.4, Avg: 730000.4, Max: 730000.5, Diff: 0.0]
   [Code Root Fixup: 0.2 ms]
   [Code Root Migration: 0.0 ms]
   [Clear CT: 0.3 ms]
   [Other: 2.6 ms]
      [Choose CSet: 0.0 ms]
      [Ref Proc: 1.5 ms]
      [Ref Enq: 0.1 ms]
      [Free CSet: 0.2 ms]
   [Eden: 480.0M(480.0M)->0.0B(480.0M) Survivors: 32.0M->32.0M Heap: 4977.7M(10.0G)->4498.6M(10.0G)]
 [Times: user=0.22 sys=0.01, real=0.02 secs] 
730.004: Total time for which application threads were stopped: 0.0166340 seconds
730.412: Total time for which application threads were stopped: 0.0009570 seconds
730.413: [GC pause (GCLocker Initiated GC) (young)
Desired survivor size 33554432 bytes, new threshold 15 (max 15)
- age   1:    1549616 bytes,    1549616 total
- age   2:    1480544 bytes,    3030160 total
- age   3:     606408 bytes,    3636568 total
- age   4:    2391984 bytes,    6028552 total
- age   5:     308088 bytes,    6336640 total
- age   6:    6925352 bytes,   13261992 total
- age   7:     614432 bytes,   13876424 total
- age   8:     228984 bytes,   14105408 total
- age   9:    1523080 bytes,   15628488 total
- age  10:      53776 bytes,   15682264 total
- age  11:    4972656 bytes,   20654920 total
, 0.0162390 secs]
   [Parallel Time: 13.1 ms, GC Workers: 18]
      [GC Worker Start (ms): Min: 730413.3, Avg: 730413.3, Max: 730413.4, Diff: 0.2]
      [Ext Root Scanning (ms): Min: 4.0, Avg: 4.7, Max: 5.1, Diff: 1.1, Sum: 84.5]
      [Update RS (ms): Min: 2.1, Avg: 2.6, Max: 4.2, Diff: 2.1, Sum: 47.4]
         [Processed Buffers: Min: 13, Avg: 31.8, Max: 56, Diff: 43, Sum: 572]
      [Scan RS (ms): Min: 0.0, Avg: 0.0, Max: 0.0, Diff: 0.0, Sum: 0.5]
      [Code Root Scanning (ms): Min: 0.0, Avg: 0.0, Max: 0.0, Diff: 0.0, Sum: 0.0]
      [Object Copy (ms): Min: 4.4, Avg: 5.6, Max: 6.0, Diff: 1.6, Sum: 100.0]
      [Termination (ms): Min: 0.0, Avg: 0.0, Max: 0.0, Diff: 0.0, Sum: 0.2]
      [GC Worker Other (ms): Min: 0.0, Avg: 0.0, Max: 0.1, Diff: 0.0, Sum: 0.7]
      [GC Worker Total (ms): Min: 12.9, Avg: 13.0, Max: 13.1, Diff: 0.2, Sum: 233.3]
      [GC Worker End (ms): Min: 730426.3, Avg: 730426.3, Max: 730426.3, Diff: 0.0]
   [Code Root Fixup: 0.2 ms]
   [Code Root Migration: 0.0 ms]
   [Clear CT: 0.3 ms]
   [Other: 2.6 ms]
      [Choose CSet: 0.0 ms]
      [Ref Proc: 1.4 ms]
      [Ref Enq: 0.1 ms]
      [Free CSet: 0.2 ms]
   [Eden: 496.0M(480.0M)->0.0B(480.0M) Survivors: 32.0M->32.0M Heap: 4978.9M(10.0G)->4499.4M(10.0G)]
 [Times: user=0.24 sys=0.00, real=0.02 secs] 
730.429: Total time for which application threads were stopped: 0.0170380 seconds
730.857: [GC pause (G1 Evacuation Pause) (young)
Desired survivor size 33554432 bytes, new threshold 15 (max 15)
- age   1:    3360000 bytes,    3360000 total
- age   2:     840904 bytes,    4200904 total
- age   3:     391728 bytes,    4592632 total
- age   4:     502312 bytes,    5094944 total
- age   5:    2382416 bytes,    7477360 total
- age   6:     289096 bytes,    7766456 total
- age   7:    6824056 bytes,   14590512 total
- age   8:     608168 bytes,   15198680 total
- age   9:     227144 bytes,   15425824 total
- age  10:    1520208 bytes,   16946032 total
- age  11:      53776 bytes,   16999808 total
- age  12:    4965624 bytes,   21965432 total
, 0.0160950 secs]
   [Parallel Time: 12.7 ms, GC Workers: 18]
      [GC Worker Start (ms): Min: 730857.0, Avg: 730857.1, Max: 730857.2, Diff: 0.1]
      [Ext Root Scanning (ms): Min: 4.2, Avg: 4.9, Max: 5.3, Diff: 1.1, Sum: 88.5]
      [Update RS (ms): Min: 2.3, Avg: 2.7, Max: 4.3, Diff: 2.1, Sum: 48.8]
         [Processed Buffers: Min: 5, Avg: 31.6, Max: 76, Diff: 71, Sum: 568]
      [Scan RS (ms): Min: 0.0, Avg: 0.0, Max: 0.1, Diff: 0.1, Sum: 0.5]
      [Code Root Scanning (ms): Min: 0.0, Avg: 0.0, Max: 0.0, Diff: 0.0, Sum: 0.0]
      [Object Copy (ms): Min: 4.1, Avg: 4.9, Max: 5.2, Diff: 1.1, Sum: 88.1]
      [Termination (ms): Min: 0.0, Avg: 0.0, Max: 0.0, Diff: 0.0, Sum: 0.1]
      [GC Worker Other (ms): Min: 0.0, Avg: 0.0, Max: 0.1, Diff: 0.0, Sum: 0.7]
      [GC Worker Total (ms): Min: 12.5, Avg: 12.6, Max: 12.7, Diff: 0.1, Sum: 226.7]
      [GC Worker End (ms): Min: 730869.7, Avg: 730869.7, Max: 730869.7, Diff: 0.0]
   [Code Root Fixup: 0.2 ms]
   [Code Root Migration: 0.0 ms]
   [Clear CT: 0.2 ms]
   [Other: 2.9 ms]
      [Choose CSet: 0.0 ms]
      [Ref Proc: 1.6 ms]
      [Ref Enq: 0.2 ms]
      [Free CSet: 0.2 ms]
   [Eden: 480.0M(480.0M)->0.0B(480.0M) Survivors: 32.0M->32.0M Heap: 4979.4M(10.0G)->4500.7M(10.0G)]
 [Times: user=0.23 sys=0.01, real=0.02 secs] 
730.873: Total time for which application threads were stopped: 0.0176750 seconds
731.295: Total time for which application threads were stopped: 0.0008800 seconds
731.295: [GC pause (GCLocker Initiated GC) (young)
Desired survivor size 33554432 bytes, new threshold 15 (max 15)
- age   1:    1309928 bytes,    1309928 total
- age   2:    2662472 bytes,    3972400 total
- age   3:     806424 bytes,    4778824 total
- age   4:     384328 bytes,    5163152 total
- age   5:     498512 bytes,    5661664 total
- age   6:    2374448 bytes,    8036112 total
- age   7:     283544 bytes,    8319656 total
- age   8:    6682888 bytes,   15002544 total
- age   9:     607112 bytes,   15609656 total
- age  10:     226088 bytes,   15835744 total
- age  11:    1515520 bytes,   17351264 total
- age  12:      53776 bytes,   17405040 total
- age  13:    4961784 bytes,   22366824 total
, 0.0191090 secs]
   [Parallel Time: 15.8 ms, GC Workers: 18]
      [GC Worker Start (ms): Min: 731295.8, Avg: 731295.8, Max: 731295.9, Diff: 0.1]
      [Ext Root Scanning (ms): Min: 4.5, Avg: 5.1, Max: 5.5, Diff: 1.1, Sum: 92.1]
      [Update RS (ms): Min: 2.3, Avg: 5.8, Max: 9.4, Diff: 7.1, Sum: 103.7]
         [Processed Buffers: Min: 6, Avg: 31.9, Max: 98, Diff: 92, Sum: 575]
      [Scan RS (ms): Min: 0.0, Avg: 0.0, Max: 0.0, Diff: 0.0, Sum: 0.2]
      [Code Root Scanning (ms): Min: 0.0, Avg: 0.0, Max: 0.0, Diff: 0.0, Sum: 0.0]
      [Object Copy (ms): Min: 1.0, Avg: 4.7, Max: 7.8, Diff: 6.7, Sum: 84.7]
      [Termination (ms): Min: 0.0, Avg: 0.0, Max: 0.1, Diff: 0.0, Sum: 0.6]
      [GC Worker Other (ms): Min: 0.0, Avg: 0.0, Max: 0.0, Diff: 0.0, Sum: 0.5]
      [GC Worker Total (ms): Min: 15.6, Avg: 15.7, Max: 15.7, Diff: 0.1, Sum: 281.8]
      [GC Worker End (ms): Min: 731311.5, Avg: 731311.5, Max: 731311.5, Diff: 0.0]
   [Code Root Fixup: 0.2 ms]
   [Code Root Migration: 0.0 ms]
   [Clear CT: 0.2 ms]
   [Other: 2.8 ms]
      [Choose CSet: 0.0 ms]
      [Ref Proc: 1.6 ms]
      [Ref Enq: 0.2 ms]
      [Free CSet: 0.1 ms]
   [Eden: 496.0M(480.0M)->0.0B(464.0M) Survivors: 32.0M->48.0M Heap: 4980.7M(10.0G)->4505.7M(10.0G)]
 [Times: user=0.21 sys=0.00, real=0.02 secs] 
731.315: Total time for which application threads were stopped: 0.0199470 seconds
731.699: [GC pause (G1 Evacuation Pause) (young)
Desired survivor size 33554432 bytes, new threshold 15 (max 15)
- age   1:    1163200 bytes,    1163200 total
- age   2:     352880 bytes,    1516080 total
- age   3:    2625944 bytes,    4142024 total
- age   4:     784144 bytes,    4926168 total
- age   5:     371464 bytes,    5297632 total
- age   6:     441576 bytes,    5739208 total
- age   7:    2367216 bytes,    8106424 total
- age   8:     278760 bytes,    8385184 total
- age   9:    6492496 bytes,   14877680 total
- age  10:     599216 bytes,   15476896 total
- age  11:     225952 bytes,   15702848 total
- age  12:    1509824 bytes,   17212672 total
- age  13:      53776 bytes,   17266448 total
- age  14:    4960712 bytes,   22227160 total
, 0.0156130 secs]
   [Parallel Time: 12.2 ms, GC Workers: 18]
      [GC Worker Start (ms): Min: 731699.8, Avg: 731699.9, Max: 731699.9, Diff: 0.1]
      [Ext Root Scanning (ms): Min: 4.1, Avg: 4.9, Max: 5.2, Diff: 1.1, Sum: 87.7]
      [Update RS (ms): Min: 2.2, Avg: 2.7, Max: 3.5, Diff: 1.3, Sum: 48.7]
         [Processed Buffers: Min: 3, Avg: 31.8, Max: 70, Diff: 67, Sum: 573]
      [Scan RS (ms): Min: 0.0, Avg: 0.0, Max: 0.0, Diff: 0.0, Sum: 0.5]
      [Code Root Scanning (ms): Min: 0.0, Avg: 0.0, Max: 0.0, Diff: 0.0, Sum: 0.0]
      [Object Copy (ms): Min: 3.3, Avg: 4.0, Max: 4.4, Diff: 1.1, Sum: 71.3]
      [Termination (ms): Min: 0.0, Avg: 0.4, Max: 0.4, Diff: 0.4, Sum: 7.4]
      [GC Worker Other (ms): Min: 0.0, Avg: 0.0, Max: 0.1, Diff: 0.0, Sum: 0.7]
      [GC Worker Total (ms): Min: 12.0, Avg: 12.0, Max: 12.1, Diff: 0.1, Sum: 216.4]
      [GC Worker End (ms): Min: 731711.9, Avg: 731711.9, Max: 731711.9, Diff: 0.0]
   [Code Root Fixup: 0.2 ms]
   [Code Root Migration: 0.0 ms]
   [Clear CT: 0.2 ms]
   [Other: 3.0 ms]
      [Choose CSet: 0.0 ms]
      [Ref Proc: 1.7 ms]
      [Ref Enq: 0.1 ms]
      [Free CSet: 0.1 ms]
   [Eden: 464.0M(464.0M)->0.0B(4640.0M) Survivors: 48.0M->32.0M Heap: 4969.7M(10.0G)->4500.1M(10.0G)]
 [Times: user=0.22 sys=0.00, real=0.01 secs] 
731.715: Total time for which application threads were stopped: 0.0172700 seconds
734.250: Total time for which application threads were stopped: 0.0011880 seconds
734.740: Total time for which application threads were stopped: 0.0009330 seconds
734.740: Total time for which application threads were stopped: 0.0002770 seconds
734.740: Total time for which application threads were stopped: 0.0002340 seconds
734.740: Total time for which application threads were stopped: 0.0002490 seconds
734.741: Total time for which application threads were stopped: 0.0002500 seconds
734.741: Total time for which application threads were stopped: 0.0003050 seconds
734.741: Total time for which application threads were stopped: 0.0002740 seconds
734.742: Total time for which application threads were stopped: 0.0002300 seconds
734.742: Total time for which application threads were stopped: 0.0002300 seconds
734.742: Total time for which application threads were stopped: 0.0002320 seconds
734.743: Total time for which application threads were stopped: 0.0002520 seconds
737.405: [GC pause (G1 Evacuation Pause) (young)
Desired survivor size 310378496 bytes, new threshold 15 (max 15)
- age   1:    4918472 bytes,    4918472 total
- age   2:     459696 bytes,    5378168 total
- age   3:     329592 bytes,    5707760 total
- age   4:     462080 bytes,    6169840 total
- age   5:     775448 bytes,    6945288 total
- age   6:     367008 bytes,    7312296 total
- age   7:     441024 bytes,    7753320 total
- age   8:    2348720 bytes,   10102040 total
- age   9:     277544 bytes,   10379584 total
- age  10:    6324408 bytes,   16703992 total
- age  11:     597016 bytes,   17301008 total
- age  12:     220992 bytes,   17522000 total
- age  13:    1509800 bytes,   19031800 total
- age  14:      53776 bytes,   19085576 total
- age  15:    4957848 bytes,   24043424 total
, 0.0226890 secs]
   [Parallel Time: 17.5 ms, GC Workers: 18]
      [GC Worker Start (ms): Min: 737405.6, Avg: 737405.7, Max: 737405.8, Diff: 0.1]
      [Ext Root Scanning (ms): Min: 4.0, Avg: 4.6, Max: 5.2, Diff: 1.2, Sum: 82.6]
      [Update RS (ms): Min: 2.7, Avg: 4.5, Max: 10.8, Diff: 8.1, Sum: 81.3]
         [Processed Buffers: Min: 15, Avg: 37.0, Max: 62, Diff: 47, Sum: 666]
      [Scan RS (ms): Min: 0.0, Avg: 0.2, Max: 0.3, Diff: 0.2, Sum: 3.4]
      [Code Root Scanning (ms): Min: 0.0, Avg: 0.0, Max: 0.0, Diff: 0.0, Sum: 0.1]
      [Object Copy (ms): Min: 2.1, Avg: 7.2, Max: 9.2, Diff: 7.1, Sum: 129.6]
      [Termination (ms): Min: 0.0, Avg: 0.0, Max: 0.0, Diff: 0.0, Sum: 0.5]
      [GC Worker Other (ms): Min: 0.0, Avg: 0.8, Max: 7.1, Diff: 7.1, Sum: 14.8]
      [GC Worker Total (ms): Min: 17.3, Avg: 17.4, Max: 17.4, Diff: 0.1, Sum: 312.4]
      [GC Worker End (ms): Min: 737423.0, Avg: 737423.1, Max: 737423.1, Diff: 0.1]
   [Code Root Fixup: 0.3 ms]
   [Code Root Migration: 0.0 ms]
   [Clear CT: 1.4 ms]
   [Other: 3.5 ms]
      [Choose CSet: 0.0 ms]
      [Ref Proc: 1.6 ms]
      [Ref Enq: 0.1 ms]
      [Free CSet: 0.6 ms]
   [Eden: 4640.0M(4640.0M)->0.0B(4624.0M) Survivors: 32.0M->48.0M Heap: 9140.1M(10.0G)->4519.7M(10.0G)]
 [Times: user=0.30 sys=0.01, real=0.02 secs] 
737.428: Total time for which application threads were stopped: 0.0243070 seconds
738.429: Total time for which application threads were stopped: 0.0011480 seconds
742.609: Total time for which application threads were stopped: 0.0011160 seconds
742.609: [GC pause (GCLocker Initiated GC) (young)
Desired survivor size 310378496 bytes, new threshold 15 (max 15)
- age   1:   12250744 bytes,   12250744 total
- age   2:    2476032 bytes,   14726776 total
- age   3:     134560 bytes,   14861336 total
- age   4:     149592 bytes,   15010928 total
- age   5:     151040 bytes,   15161968 total
- age   6:     156400 bytes,   15318368 total
- age   7:     164520 bytes,   15482888 total
- age   8:     188288 bytes,   15671176 total
- age   9:    2185024 bytes,   17856200 total
- age  10:     144736 bytes,   18000936 total
- age  11:    5717864 bytes,   23718800 total
- age  12:     435032 bytes,   24153832 total
- age  13:     171984 bytes,   24325816 total
- age  14:    1491280 bytes,   25817096 total
- age  15:      53368 bytes,   25870464 total
, 0.0220520 secs]
   [Parallel Time: 17.0 ms, GC Workers: 18]
      [GC Worker Start (ms): Min: 742610.0, Avg: 742610.1, Max: 742610.1, Diff: 0.2]
      [Ext Root Scanning (ms): Min: 4.2, Avg: 5.0, Max: 5.4, Diff: 1.1, Sum: 89.2]
      [Update RS (ms): Min: 4.0, Avg: 4.4, Max: 5.1, Diff: 1.2, Sum: 79.0]
         [Processed Buffers: Min: 11, Avg: 36.1, Max: 57, Diff: 46, Sum: 649]
      [Scan RS (ms): Min: 0.0, Avg: 0.2, Max: 0.3, Diff: 0.2, Sum: 4.1]
      [Code Root Scanning (ms): Min: 0.0, Avg: 0.0, Max: 0.0, Diff: 0.0, Sum: 0.1]
      [Object Copy (ms): Min: 5.8, Avg: 6.2, Max: 7.2, Diff: 1.3, Sum: 111.8]
      [Termination (ms): Min: 0.0, Avg: 1.0, Max: 1.2, Diff: 1.2, Sum: 18.5]
      [GC Worker Other (ms): Min: 0.0, Avg: 0.0, Max: 0.1, Diff: 0.1, Sum: 0.9]
      [GC Worker Total (ms): Min: 16.8, Avg: 16.9, Max: 16.9, Diff: 0.2, Sum: 303.5]
      [GC Worker End (ms): Min: 742626.9, Avg: 742626.9, Max: 742626.9, Diff: 0.0]
   [Code Root Fixup: 0.2 ms]
   [Code Root Migration: 0.0 ms]
   [Clear CT: 1.4 ms]
   [Other: 3.4 ms]
      [Choose CSet: 0.0 ms]
      [Ref Proc: 1.6 ms]
      [Ref Enq: 0.1 ms]
      [Free CSet: 0.6 ms]
   [Eden: 4640.0M(4624.0M)->0.0B(4608.0M) Survivors: 48.0M->48.0M Heap: 9144.2M(10.0G)->4517.4M(10.0G)]
 [Times: user=0.31 sys=0.01, real=0.02 secs] 
742.632: Total time for which application threads were stopped: 0.0229990 seconds
745.055: Total time for which application threads were stopped: 0.0011470 seconds
745.072: Total time for which application threads were stopped: 0.0007980 seconds
745.500: Total time for which application threads were stopped: 0.0009440 seconds
747.538: [GC pause (G1 Evacuation Pause) (young)
Desired survivor size 310378496 bytes, new threshold 15 (max 15)
- age   1:   11430272 bytes,   11430272 total
- age   2:    7922232 bytes,   19352504 total
- age   3:    2431912 bytes,   21784416 total
- age   4:     114728 bytes,   21899144 total
- age   5:     137608 bytes,   22036752 total
- age   6:     113664 bytes,   22150416 total
- age   7:     133144 bytes,   22283560 total
- age   8:     140680 bytes,   22424240 total
- age   9:     169424 bytes,   22593664 total
- age  10:    2184024 bytes,   24777688 total
- age  11:     134096 bytes,   24911784 total
- age  12:    5639224 bytes,   30551008 total
- age  13:     420352 bytes,   30971360 total
- age  14:     159800 bytes,   31131160 total
- age  15:    1482776 bytes,   32613936 total
, 0.0225970 secs]
   [Parallel Time: 17.4 ms, GC Workers: 18]
      [GC Worker Start (ms): Min: 747538.9, Avg: 747539.0, Max: 747539.1, Diff: 0.1]
      [Ext Root Scanning (ms): Min: 4.2, Avg: 4.9, Max: 5.2, Diff: 1.0, Sum: 87.8]
      [Update RS (ms): Min: 3.2, Avg: 3.5, Max: 4.2, Diff: 1.0, Sum: 63.0]
         [Processed Buffers: Min: 10, Avg: 36.8, Max: 69, Diff: 59, Sum: 662]
      [Scan RS (ms): Min: 0.0, Avg: 0.2, Max: 0.3, Diff: 0.2, Sum: 4.1]
      [Code Root Scanning (ms): Min: 0.0, Avg: 0.0, Max: 0.0, Diff: 0.0, Sum: 0.1]
      [Object Copy (ms): Min: 5.8, Avg: 6.6, Max: 8.6, Diff: 2.8, Sum: 119.5]
      [Termination (ms): Min: 0.0, Avg: 1.9, Max: 2.7, Diff: 2.7, Sum: 34.1]
      [GC Worker Other (ms): Min: 0.0, Avg: 0.0, Max: 0.1, Diff: 0.1, Sum: 0.8]
      [GC Worker Total (ms): Min: 17.1, Avg: 17.2, Max: 17.3, Diff: 0.1, Sum: 309.4]
      [GC Worker End (ms): Min: 747556.2, Avg: 747556.2, Max: 747556.2, Diff: 0.0]
   [Code Root Fixup: 0.3 ms]
   [Code Root Migration: 0.0 ms]
   [Clear CT: 1.6 ms]
   [Other: 3.3 ms]
      [Choose CSet: 0.0 ms]
      [Ref Proc: 1.5 ms]
      [Ref Enq: 0.1 ms]
      [Free CSet: 0.6 ms]
   [Eden: 4608.0M(4608.0M)->0.0B(4576.0M) Survivors: 48.0M->64.0M Heap: 9125.4M(10.0G)->4531.4M(10.0G)]
 [Times: user=0.34 sys=0.00, real=0.03 secs] 
747.561: Total time for which application threads were stopped: 0.0241860 seconds
752.847: [GC pause (G1 Evacuation Pause) (young)
Desired survivor size 310378496 bytes, new threshold 15 (max 15)
- age   1:   11332328 bytes,   11332328 total
- age   2:    6670408 bytes,   18002736 total
- age   3:    7252176 bytes,   25254912 total
- age   4:    2419248 bytes,   27674160 total
- age   5:     103680 bytes,   27777840 total
- age   6:     122472 bytes,   27900312 total
- age   7:      98712 bytes,   27999024 total
- age   8:     123872 bytes,   28122896 total
- age   9:     132224 bytes,   28255120 total
- age  10:     160408 bytes,   28415528 total
- age  11:    2173048 bytes,   30588576 total
- age  12:     120056 bytes,   30708632 total
- age  13:    5589336 bytes,   36297968 total
- age  14:     417664 bytes,   36715632 total
- age  15:     158000 bytes,   36873632 total
, 0.0241280 secs]
   [Parallel Time: 18.7 ms, GC Workers: 18]
      [GC Worker Start (ms): Min: 752847.5, Avg: 752847.6, Max: 752847.7, Diff: 0.2]
      [Ext Root Scanning (ms): Min: 5.2, Avg: 5.8, Max: 6.1, Diff: 0.9, Sum: 103.6]
      [Update RS (ms): Min: 3.6, Avg: 3.9, Max: 4.5, Diff: 0.9, Sum: 70.3]
         [Processed Buffers: Min: 13, Avg: 34.9, Max: 61, Diff: 48, Sum: 629]
      [Scan RS (ms): Min: 0.0, Avg: 0.2, Max: 0.3, Diff: 0.3, Sum: 4.1]
      [Code Root Scanning (ms): Min: 0.0, Avg: 0.0, Max: 0.0, Diff: 0.0, Sum: 0.1]
      [Object Copy (ms): Min: 7.2, Avg: 7.6, Max: 8.5, Diff: 1.3, Sum: 136.5]
      [Termination (ms): Min: 0.0, Avg: 1.0, Max: 1.2, Diff: 1.2, Sum: 17.3]
      [GC Worker Other (ms): Min: 0.0, Avg: 0.0, Max: 0.1, Diff: 0.0, Sum: 0.5]
      [GC Worker Total (ms): Min: 18.4, Avg: 18.5, Max: 18.5, Diff: 0.2, Sum: 332.4]
      [GC Worker End (ms): Min: 752866.1, Avg: 752866.1, Max: 752866.1, Diff: 0.0]
   [Code Root Fixup: 0.3 ms]
   [Code Root Migration: 0.1 ms]
   [Clear CT: 1.5 ms]
   [Other: 3.6 ms]
      [Choose CSet: 0.0 ms]
      [Ref Proc: 1.7 ms]
      [Ref Enq: 0.1 ms]
      [Free CSet: 0.6 ms]
   [Eden: 4576.0M(4576.0M)->0.0B(4608.0M) Survivors: 64.0M->48.0M Heap: 9107.4M(10.0G)->4530.4M(10.0G)]
 [Times: user=0.34 sys=0.01, real=0.03 secs] 
752.872: Total time for which application threads were stopped: 0.0257760 seconds
753.873: Total time for which application threads were stopped: 0.0010990 seconds
754.611: Total time for which application threads were stopped: 0.0011560 seconds
757.950: [GC pause (G1 Evacuation Pause) (young)
Desired survivor size 310378496 bytes, new threshold 15 (max 15)
- age   1:   10755976 bytes,   10755976 total
- age   2:    7744744 bytes,   18500720 total
- age   3:    5862152 bytes,   24362872 total
- age   4:    7043760 bytes,   31406632 total
- age   5:    2417104 bytes,   33823736 total
- age   6:     102200 bytes,   33925936 total
- age   7:     116832 bytes,   34042768 total
- age   8:      91832 bytes,   34134600 total
- age   9:     117144 bytes,   34251744 total
- age  10:     128960 bytes,   34380704 total
- age  11:     155264 bytes,   34535968 total
- age  12:    2167576 bytes,   36703544 total
- age  13:     118080 bytes,   36821624 total
- age  14:    3517552 bytes,   40339176 total
- age  15:     416608 bytes,   40755784 total
, 0.0265530 secs]
   [Parallel Time: 21.2 ms, GC Workers: 18]
      [GC Worker Start (ms): Min: 757950.8, Avg: 757950.8, Max: 757950.9, Diff: 0.1]
      [Ext Root Scanning (ms): Min: 3.7, Avg: 4.7, Max: 5.1, Diff: 1.4, Sum: 85.0]
      [Update RS (ms): Min: 3.4, Avg: 3.7, Max: 4.4, Diff: 1.0, Sum: 67.3]
         [Processed Buffers: Min: 21, Avg: 37.4, Max: 73, Diff: 52, Sum: 674]
      [Scan RS (ms): Min: 0.0, Avg: 0.2, Max: 0.3, Diff: 0.2, Sum: 4.0]
      [Code Root Scanning (ms): Min: 0.0, Avg: 0.0, Max: 0.0, Diff: 0.0, Sum: 0.1]
      [Object Copy (ms): Min: 10.4, Avg: 10.9, Max: 12.3, Diff: 1.9, Sum: 196.4]
      [Termination (ms): Min: 0.0, Avg: 1.4, Max: 1.9, Diff: 1.9, Sum: 25.2]
      [GC Worker Other (ms): Min: 0.0, Avg: 0.0, Max: 0.1, Diff: 0.1, Sum: 0.8]
      [GC Worker Total (ms): Min: 21.0, Avg: 21.1, Max: 21.1, Diff: 0.1, Sum: 378.9]
      [GC Worker End (ms): Min: 757971.9, Avg: 757971.9, Max: 757971.9, Diff: 0.0]
   [Code Root Fixup: 0.3 ms]
   [Code Root Migration: 0.1 ms]
   [Clear CT: 1.5 ms]
   [Other: 3.5 ms]
      [Choose CSet: 0.0 ms]
      [Ref Proc: 1.6 ms]
      [Ref Enq: 0.1 ms]
      [Free CSet: 0.6 ms]
   [Eden: 4608.0M(4608.0M)->0.0B(4544.0M) Survivors: 48.0M->80.0M Heap: 9138.4M(10.0G)->4561.3M(10.0G)]
 [Times: user=0.40 sys=0.01, real=0.03 secs] 
757.977: Total time for which application threads were stopped: 0.0281840 seconds
763.017: [GC pause (G1 Evacuation Pause) (young)
Desired survivor size 310378496 bytes, new threshold 15 (max 15)
- age   1:   28515192 bytes,   28515192 total
- age   2:    6764696 bytes,   35279888 total
- age   3:    7103832 bytes,   42383720 total
- age   4:    5709816 bytes,   48093536 total
- age   5:    6990816 bytes,   55084352 total
- age   6:    2413816 bytes,   57498168 total
- age   7:     100912 bytes,   57599080 total
- age   8:     114184 bytes,   57713264 total
- age   9:      89896 bytes,   57803160 total
- age  10:     115256 bytes,   57918416 total
- age  11:     128384 bytes,   58046800 total
- age  12:     148936 bytes,   58195736 total
- age  13:     100992 bytes,   58296728 total
- age  14:     115376 bytes,   58412104 total
- age  15:    3507264 bytes,   61919368 total
, 0.0283420 secs]
   [Parallel Time: 23.1 ms, GC Workers: 18]
      [GC Worker Start (ms): Min: 763017.2, Avg: 763017.2, Max: 763017.3, Diff: 0.1]
      [Ext Root Scanning (ms): Min: 4.1, Avg: 4.7, Max: 5.1, Diff: 0.9, Sum: 83.9]
      [Update RS (ms): Min: 3.3, Avg: 3.7, Max: 4.5, Diff: 1.2, Sum: 65.8]
         [Processed Buffers: Min: 13, Avg: 34.5, Max: 60, Diff: 47, Sum: 621]
      [Scan RS (ms): Min: 0.0, Avg: 0.2, Max: 0.3, Diff: 0.2, Sum: 4.1]
      [Code Root Scanning (ms): Min: 0.0, Avg: 0.0, Max: 0.0, Diff: 0.0, Sum: 0.1]
      [Object Copy (ms): Min: 12.5, Avg: 12.9, Max: 14.4, Diff: 1.9, Sum: 232.4]
      [Termination (ms): Min: 0.0, Avg: 1.4, Max: 1.8, Diff: 1.8, Sum: 25.5]
      [GC Worker Other (ms): Min: 0.0, Avg: 0.0, Max: 0.1, Diff: 0.1, Sum: 0.8]
      [GC Worker Total (ms): Min: 22.8, Avg: 22.9, Max: 23.0, Diff: 0.2, Sum: 412.6]
      [GC Worker End (ms): Min: 763040.1, Avg: 763040.1, Max: 763040.2, Diff: 0.1]
   [Code Root Fixup: 0.3 ms]
   [Code Root Migration: 0.1 ms]
   [Clear CT: 1.3 ms]
   [Other: 3.6 ms]
      [Choose CSet: 0.0 ms]
      [Ref Proc: 1.7 ms]
      [Ref Enq: 0.1 ms]
      [Free CSet: 0.6 ms]
   [Eden: 4544.0M(4544.0M)->0.0B(4512.0M) Survivors: 80.0M->96.0M Heap: 9105.3M(10.0G)->4570.4M(10.0G)]
 [Times: user=0.43 sys=0.02, real=0.03 secs] 
763.045: Total time for which application threads were stopped: 0.0299270 seconds
764.217: Total time for which application threads were stopped: 0.0013400 seconds
764.765: Total time for which application threads were stopped: 0.0011270 seconds
764.766: Total time for which application threads were stopped: 0.0002960 seconds
764.766: Total time for which application threads were stopped: 0.0002700 seconds
764.766: Total time for which application threads were stopped: 0.0002880 seconds
764.773: Total time for which application threads were stopped: 0.0070890 seconds
764.774: Total time for which application threads were stopped: 0.0003970 seconds
764.774: Total time for which application threads were stopped: 0.0002320 seconds
764.774: Total time for which application threads were stopped: 0.0002250 seconds
764.775: Total time for which application threads were stopped: 0.0002310 seconds
764.775: Total time for which application threads were stopped: 0.0002360 seconds
764.775: Total time for which application threads were stopped: 0.0002200 seconds
764.776: Total time for which application threads were stopped: 0.0002220 seconds
764.776: Total time for which application threads were stopped: 0.0002190 seconds
767.759: [GC pause (G1 Evacuation Pause) (young)
Desired survivor size 301989888 bytes, new threshold 15 (max 15)
- age   1:   12844936 bytes,   12844936 total
- age   2:   23068224 bytes,   35913160 total
- age   3:    6145792 bytes,   42058952 total
- age   4:    6969600 bytes,   49028552 total
- age   5:    5667832 bytes,   54696384 total
- age   6:    4901504 bytes,   59597888 total
- age   7:     354152 bytes,   59952040 total
- age   8:     100176 bytes,   60052216 total
- age   9:     113320 bytes,   60165536 total
- age  10:      88664 bytes,   60254200 total
- age  11:     114752 bytes,   60368952 total
- age  12:     125664 bytes,   60494616 total
- age  13:     148064 bytes,   60642680 total
- age  14:     100400 bytes,   60743080 total
- age  15:     113448 bytes,   60856528 total
, 0.0285570 secs]
   [Parallel Time: 23.3 ms, GC Workers: 18]
      [GC Worker Start (ms): Min: 767759.8, Avg: 767759.9, Max: 767760.0, Diff: 0.2]
      [Ext Root Scanning (ms): Min: 4.2, Avg: 4.7, Max: 5.4, Diff: 1.2, Sum: 85.3]
      [Update RS (ms): Min: 3.4, Avg: 3.9, Max: 4.5, Diff: 1.1, Sum: 70.7]
         [Processed Buffers: Min: 15, Avg: 37.8, Max: 58, Diff: 43, Sum: 681]
      [Scan RS (ms): Min: 0.0, Avg: 0.2, Max: 0.3, Diff: 0.2, Sum: 3.9]
      [Code Root Scanning (ms): Min: 0.0, Avg: 0.0, Max: 0.0, Diff: 0.0, Sum: 0.1]
      [Object Copy (ms): Min: 13.9, Avg: 14.1, Max: 14.3, Diff: 0.5, Sum: 253.7]
      [Termination (ms): Min: 0.0, Avg: 0.0, Max: 0.0, Diff: 0.0, Sum: 0.2]
      [GC Worker Other (ms): Min: 0.0, Avg: 0.1, Max: 0.1, Diff: 0.1, Sum: 1.1]
      [GC Worker Total (ms): Min: 23.0, Avg: 23.1, Max: 23.2, Diff: 0.2, Sum: 415.0]
      [GC Worker End (ms): Min: 767782.9, Avg: 767783.0, Max: 767783.0, Diff: 0.1]
   [Code Root Fixup: 0.3 ms]
   [Code Root Migration: 0.1 ms]
   [Clear CT: 1.4 ms]
   [Other: 3.6 ms]
      [Choose CSet: 0.0 ms]
      [Ref Proc: 1.7 ms]
      [Ref Enq: 0.1 ms]
      [Free CSet: 0.6 ms]
   [Eden: 4512.0M(4512.0M)->0.0B(4512.0M) Survivors: 96.0M->96.0M Heap: 9082.4M(10.0G)->4583.1M(10.0G)]
 [Times: user=0.44 sys=0.01, real=0.03 secs] 
767.788: Total time for which application threads were stopped: 0.0301950 seconds
772.368: Total time for which application threads were stopped: 0.0011580 seconds
772.369: [GC pause (GCLocker Initiated GC) (young)
Desired survivor size 301989888 bytes, new threshold 15 (max 15)
- age   1:   13016312 bytes,   13016312 total
- age   2:    6767864 bytes,   19784176 total
- age   3:   22411304 bytes,   42195480 total
- age   4:    6002080 bytes,   48197560 total
- age   5:    6912288 bytes,   55109848 total
- age   6:    3583768 bytes,   58693616 total
- age   7:    2738392 bytes,   61432008 total
- age   8:     354072 bytes,   61786080 total
- age   9:      99448 bytes,   61885528 total
- age  10:     113272 bytes,   61998800 total
- age  11:      88384 bytes,   62087184 total
- age  12:     114720 bytes,   62201904 total
- age  13:     125224 bytes,   62327128 total
- age  14:     147304 bytes,   62474432 total
- age  15:     100328 bytes,   62574760 total
, 0.0298660 secs]
   [Parallel Time: 24.7 ms, GC Workers: 18]
      [GC Worker Start (ms): Min: 772369.2, Avg: 772369.2, Max: 772369.3, Diff: 0.1]
      [Ext Root Scanning (ms): Min: 4.3, Avg: 4.9, Max: 5.3, Diff: 1.0, Sum: 87.4]
      [Update RS (ms): Min: 3.2, Avg: 3.7, Max: 5.0, Diff: 1.8, Sum: 67.2]
         [Processed Buffers: Min: 11, Avg: 34.4, Max: 71, Diff: 60, Sum: 620]
      [Scan RS (ms): Min: 0.0, Avg: 0.2, Max: 0.3, Diff: 0.3, Sum: 4.0]
      [Code Root Scanning (ms): Min: 0.0, Avg: 0.0, Max: 0.0, Diff: 0.0, Sum: 0.1]
      [Object Copy (ms): Min: 12.7, Avg: 14.3, Max: 15.8, Diff: 3.1, Sum: 256.9]
      [Termination (ms): Min: 0.0, Avg: 1.4, Max: 1.8, Diff: 1.8, Sum: 26.0]
      [GC Worker Other (ms): Min: 0.0, Avg: 0.0, Max: 0.1, Diff: 0.0, Sum: 0.8]
      [GC Worker Total (ms): Min: 24.5, Avg: 24.6, Max: 24.7, Diff: 0.2, Sum: 442.4]
      [GC Worker End (ms): Min: 772393.8, Avg: 772393.8, Max: 772393.8, Diff: 0.1]
   [Code Root Fixup: 0.3 ms]
   [Code Root Migration: 0.1 ms]
   [Clear CT: 1.4 ms]
   [Other: 3.4 ms]
      [Choose CSet: 0.0 ms]
      [Ref Proc: 1.5 ms]
      [Ref Enq: 0.1 ms]
      [Free CSet: 0.6 ms]
   [Eden: 4528.0M(4512.0M)->0.0B(4544.0M) Survivors: 96.0M->80.0M Heap: 9095.4M(10.0G)->4566.2M(10.0G)]
 [Times: user=0.45 sys=0.02, real=0.03 secs] 
772.399: Total time for which application threads were stopped: 0.0307580 seconds
774.195: Total time for which application threads were stopped: 0.0012070 seconds
774.204: Total time for which application threads were stopped: 0.0082030 seconds
777.276: [GC pause (G1 Evacuation Pause) (young)
Desired survivor size 310378496 bytes, new threshold 15 (max 15)
- age   1:   12120144 bytes,   12120144 total
- age   2:    7886880 bytes,   20007024 total
- age   3:    6440496 bytes,   26447520 total
- age   4:   22244288 bytes,   48691808 total
- age   5:    5956752 bytes,   54648560 total
- age   6:    4811520 bytes,   59460080 total
- age   7:    1499168 bytes,   60959248 total
- age   8:    2724040 bytes,   63683288 total
- age   9:     353792 bytes,   64037080 total
- age  10:      98640 bytes,   64135720 total
- age  11:     112608 bytes,   64248328 total
- age  12:      88296 bytes,   64336624 total
- age  13:     114520 bytes,   64451144 total
- age  14:     123768 bytes,   64574912 total
- age  15:     146760 bytes,   64721672 total
, 0.0288110 secs]
   [Parallel Time: 23.5 ms, GC Workers: 18]
      [GC Worker Start (ms): Min: 777276.4, Avg: 777276.5, Max: 777276.6, Diff: 0.2]
      [Ext Root Scanning (ms): Min: 4.1, Avg: 4.7, Max: 5.1, Diff: 1.1, Sum: 84.6]
      [Update RS (ms): Min: 3.3, Avg: 3.7, Max: 4.3, Diff: 1.0, Sum: 67.4]
         [Processed Buffers: Min: 11, Avg: 37.9, Max: 70, Diff: 59, Sum: 683]
      [Scan RS (ms): Min: 0.0, Avg: 0.2, Max: 0.3, Diff: 0.2, Sum: 3.9]
      [Code Root Scanning (ms): Min: 0.0, Avg: 0.0, Max: 0.0, Diff: 0.0, Sum: 0.1]
      [Object Copy (ms): Min: 13.8, Avg: 14.1, Max: 14.5, Diff: 0.7, Sum: 252.9]
      [Termination (ms): Min: 0.0, Avg: 0.5, Max: 0.7, Diff: 0.7, Sum: 9.2]
      [GC Worker Other (ms): Min: 0.0, Avg: 0.0, Max: 0.1, Diff: 0.0, Sum: 0.6]
      [GC Worker Total (ms): Min: 23.2, Avg: 23.3, Max: 23.4, Diff: 0.2, Sum: 418.8]
      [GC Worker End (ms): Min: 777299.8, Avg: 777299.8, Max: 777299.8, Diff: 0.1]
   [Code Root Fixup: 0.2 ms]
   [Code Root Migration: 0.0 ms]
   [Clear CT: 1.4 ms]
   [Other: 3.6 ms]
      [Choose CSet: 0.0 ms]
      [Ref Proc: 1.7 ms]
      [Ref Enq: 0.1 ms]
      [Free CSet: 0.6 ms]
   [Eden: 4544.0M(4544.0M)->0.0B(4480.0M) Survivors: 80.0M->112.0M Heap: 9110.2M(10.0G)->4591.8M(10.0G)]
 [Times: user=0.44 sys=0.01, real=0.02 secs] 
777.305: Total time for which application threads were stopped: 0.0313360 seconds
782.269: [GC pause (G1 Evacuation Pause) (young)
Desired survivor size 301989888 bytes, new threshold 15 (max 15)
- age   1:   13645880 bytes,   13645880 total
- age   2:    5999832 bytes,   19645712 total
- age   3:    7197776 bytes,   26843488 total
- age   4:    5910176 bytes,   32753664 total
- age   5:   22184608 bytes,   54938272 total
- age   6:    3854336 bytes,   58792608 total
- age   7:    2740384 bytes,   61532992 total
- age   8:    1494320 bytes,   63027312 total
- age   9:    2715712 bytes,   65743024 total
- age  10:     353448 bytes,   66096472 total
- age  11:      98200 bytes,   66194672 total
- age  12:     112416 bytes,   66307088 total
- age  13:      85960 bytes,   66393048 total
- age  14:     112800 bytes,   66505848 total
- age  15:     123736 bytes,   66629584 total
, 0.0270580 secs]
   [Parallel Time: 21.8 ms, GC Workers: 18]
      [GC Worker Start (ms): Min: 782269.0, Avg: 782269.1, Max: 782269.2, Diff: 0.1]
      [Ext Root Scanning (ms): Min: 3.9, Avg: 4.7, Max: 5.0, Diff: 1.1, Sum: 84.0]
      [Update RS (ms): Min: 3.4, Avg: 3.8, Max: 4.4, Diff: 1.0, Sum: 68.5]
         [Processed Buffers: Min: 11, Avg: 35.3, Max: 61, Diff: 50, Sum: 636]
      [Scan RS (ms): Min: 0.0, Avg: 0.2, Max: 0.3, Diff: 0.2, Sum: 3.9]
      [Code Root Scanning (ms): Min: 0.0, Avg: 0.0, Max: 0.0, Diff: 0.0, Sum: 0.1]
      [Object Copy (ms): Min: 12.6, Avg: 12.9, Max: 13.1, Diff: 0.5, Sum: 232.3]
      [Termination (ms): Min: 0.0, Avg: 0.0, Max: 0.0, Diff: 0.0, Sum: 0.1]
      [GC Worker Other (ms): Min: 0.0, Avg: 0.1, Max: 0.1, Diff: 0.1, Sum: 0.9]
      [GC Worker Total (ms): Min: 21.6, Avg: 21.7, Max: 21.8, Diff: 0.2, Sum: 389.9]
      [GC Worker End (ms): Min: 782290.7, Avg: 782290.8, Max: 782290.8, Diff: 0.1]
   [Code Root Fixup: 0.3 ms]
   [Code Root Migration: 0.1 ms]
   [Clear CT: 1.4 ms]
   [Other: 3.5 ms]
      [Choose CSet: 0.0 ms]
      [Ref Proc: 1.6 ms]
      [Ref Enq: 0.1 ms]
      [Free CSet: 0.6 ms]
   [Eden: 4480.0M(4480.0M)->0.0B(4512.0M) Survivors: 112.0M->96.0M Heap: 9071.8M(10.0G)->4572.4M(10.0G)]
 [Times: user=0.41 sys=0.01, real=0.02 secs] 
782.296: Total time for which application threads were stopped: 0.0287050 seconds
783.566: Total time for which application threads were stopped: 0.0033200 seconds
784.383: Total time for which application threads were stopped: 0.0011170 seconds
787.172: [GC pause (G1 Evacuation Pause) (young)
Desired survivor size 301989888 bytes, new threshold 15 (max 15)
- age   1:   13314000 bytes,   13314000 total
- age   2:    8159608 bytes,   21473608 total
- age   3:    5747472 bytes,   27221080 total
- age   4:    7024688 bytes,   34245768 total
- age   5:    5874808 bytes,   40120576 total
- age   6:   20106424 bytes,   60227000 total
- age   7:    1779288 bytes,   62006288 total
- age   8:    2731176 bytes,   64737464 total
- age   9:    1490328 bytes,   66227792 total
- age  10:    2709104 bytes,   68936896 total
- age  11:     353128 bytes,   69290024 total
- age  12:      98200 bytes,   69388224 total
- age  13:     111336 bytes,   69499560 total
- age  14:      85608 bytes,   69585168 total
- age  15:     112704 bytes,   69697872 total
, 0.0293340 secs]
   [Parallel Time: 24.1 ms, GC Workers: 18]
      [GC Worker Start (ms): Min: 787172.7, Avg: 787172.8, Max: 787172.9, Diff: 0.2]
      [Ext Root Scanning (ms): Min: 3.6, Avg: 4.6, Max: 5.2, Diff: 1.6, Sum: 83.6]
      [Update RS (ms): Min: 3.3, Avg: 3.8, Max: 5.0, Diff: 1.7, Sum: 68.4]
         [Processed Buffers: Min: 15, Avg: 38.0, Max: 67, Diff: 52, Sum: 684]
      [Scan RS (ms): Min: 0.0, Avg: 0.2, Max: 0.3, Diff: 0.3, Sum: 3.9]
      [Code Root Scanning (ms): Min: 0.0, Avg: 0.0, Max: 0.0, Diff: 0.0, Sum: 0.1]
      [Object Copy (ms): Min: 14.0, Avg: 14.4, Max: 15.1, Diff: 1.1, Sum: 259.6]
      [Termination (ms): Min: 0.0, Avg: 0.7, Max: 0.8, Diff: 0.8, Sum: 13.1]
      [GC Worker Other (ms): Min: 0.0, Avg: 0.0, Max: 0.1, Diff: 0.1, Sum: 0.9]
      [GC Worker Total (ms): Min: 23.8, Avg: 23.9, Max: 24.0, Diff: 0.2, Sum: 429.7]
      [GC Worker End (ms): Min: 787196.6, Avg: 787196.7, Max: 787196.7, Diff: 0.1]
   [Code Root Fixup: 0.2 ms]
   [Code Root Migration: 0.1 ms]
   [Clear CT: 1.5 ms]
   [Other: 3.5 ms]
      [Choose CSet: 0.0 ms]
      [Ref Proc: 1.6 ms]
      [Ref Enq: 0.1 ms]
      [Free CSet: 0.6 ms]
   [Eden: 4512.0M(4512.0M)->0.0B(4448.0M) Survivors: 96.0M->128.0M Heap: 9084.4M(10.0G)->4604.7M(10.0G)]
 [Times: user=0.45 sys=0.01, real=0.03 secs] 
787.202: Total time for which application threads were stopped: 0.0309270 seconds
788.564: Total time for which application threads were stopped: 0.0019090 seconds
792.147: Total time for which application threads were stopped: 0.0021510 seconds
792.148: [GC pause (GCLocker Initiated GC) (young)
Desired survivor size 301989888 bytes, new threshold 15 (max 15)
- age   1:   30712384 bytes,   30712384 total
- age   2:    6346264 bytes,   37058648 total
- age   3:    7151664 bytes,   44210312 total
- age   4:    5589176 bytes,   49799488 total
- age   5:    6982336 bytes,   56781824 total
- age   6:    1729344 bytes,   58511168 total
- age   7:    2347992 bytes,   60859160 total
- age   8:    1770896 bytes,   62630056 total
- age   9:    2586864 bytes,   65216920 total
- age  10:    1486664 bytes,   66703584 total
- age  11:    2623456 bytes,   69327040 total
- age  12:     353048 bytes,   69680088 total
- age  13:      98200 bytes,   69778288 total
- age  14:     109744 bytes,   69888032 total
- age  15:      85584 bytes,   69973616 total
, 0.0307600 secs]
   [Parallel Time: 25.5 ms, GC Workers: 18]
      [GC Worker Start (ms): Min: 792148.7, Avg: 792148.8, Max: 792148.9, Diff: 0.2]
      [Ext Root Scanning (ms): Min: 4.4, Avg: 4.9, Max: 5.4, Diff: 1.0, Sum: 88.9]
      [Update RS (ms): Min: 3.2, Avg: 3.8, Max: 4.3, Diff: 1.1, Sum: 68.0]
         [Processed Buffers: Min: 7, Avg: 35.2, Max: 72, Diff: 65, Sum: 634]
      [Scan RS (ms): Min: 0.0, Avg: 0.2, Max: 0.3, Diff: 0.3, Sum: 3.9]
      [Code Root Scanning (ms): Min: 0.0, Avg: 0.0, Max: 0.0, Diff: 0.0, Sum: 0.1]
      [Object Copy (ms): Min: 15.9, Avg: 16.1, Max: 16.4, Diff: 0.4, Sum: 290.3]
      [Termination (ms): Min: 0.0, Avg: 0.2, Max: 0.2, Diff: 0.2, Sum: 2.8]
      [GC Worker Other (ms): Min: 0.0, Avg: 0.1, Max: 0.1, Diff: 0.1, Sum: 1.0]
      [GC Worker Total (ms): Min: 25.2, Avg: 25.3, Max: 25.4, Diff: 0.2, Sum: 455.0]
      [GC Worker End (ms): Min: 792174.0, Avg: 792174.1, Max: 792174.1, Diff: 0.1]
   [Code Root Fixup: 0.2 ms]
   [Code Root Migration: 0.1 ms]
   [Clear CT: 1.4 ms]
   [Other: 3.6 ms]
      [Choose CSet: 0.0 ms]
      [Ref Proc: 1.7 ms]
      [Ref Enq: 0.1 ms]
      [Free CSet: 0.6 ms]
   [Eden: 4464.0M(4448.0M)->0.0B(4512.0M) Survivors: 128.0M->96.0M Heap: 9053.1M(10.0G)->4577.4M(10.0G)]
 [Times: user=0.47 sys=0.00, real=0.03 secs] 
792.179: Total time for which application threads were stopped: 0.0316760 seconds
793.565: Total time for which application threads were stopped: 0.0010990 seconds
793.566: Total time for which application threads were stopped: 0.0003840 seconds
794.791: Total time for which application threads were stopped: 0.0011890 seconds
794.791: Total time for which application threads were stopped: 0.0002850 seconds
794.797: Total time for which application threads were stopped: 0.0057840 seconds
794.800: Total time for which application threads were stopped: 0.0027960 seconds
794.898: Total time for which application threads were stopped: 0.0009270 seconds
796.905: [GC pause (G1 Evacuation Pause) (young)
Desired survivor size 301989888 bytes, new threshold 15 (max 15)
- age   1:   11826512 bytes,   11826512 total
- age   2:   25485920 bytes,   37312432 total
- age   3:    6058168 bytes,   43370600 total
- age   4:    6980432 bytes,   50351032 total
- age   5:    5540816 bytes,   55891848 total
- age   6:    2831976 bytes,   58723824 total
- age   7:    1715744 bytes,   60439568 total
- age   8:    2341408 bytes,   62780976 total
- age   9:    1764368 bytes,   64545344 total
- age  10:    2582248 bytes,   67127592 total
- age  11:    1484872 bytes,   68612464 total
- age  12:    2610344 bytes,   71222808 total
- age  13:     349736 bytes,   71572544 total
- age  14:      98184 bytes,   71670728 total
- age  15:     105280 bytes,   71776008 total
, 0.0302150 secs]
   [Parallel Time: 24.8 ms, GC Workers: 18]
      [GC Worker Start (ms): Min: 796905.2, Avg: 796905.3, Max: 796905.3, Diff: 0.1]
      [Ext Root Scanning (ms): Min: 4.1, Avg: 4.8, Max: 5.3, Diff: 1.2, Sum: 86.0]
      [Update RS (ms): Min: 3.6, Avg: 3.9, Max: 4.5, Diff: 1.0, Sum: 70.9]
         [Processed Buffers: Min: 15, Avg: 38.2, Max: 62, Diff: 47, Sum: 688]
      [Scan RS (ms): Min: 0.0, Avg: 0.2, Max: 0.3, Diff: 0.2, Sum: 3.9]
      [Code Root Scanning (ms): Min: 0.0, Avg: 0.0, Max: 0.0, Diff: 0.0, Sum: 0.1]
      [Object Copy (ms): Min: 15.4, Avg: 15.4, Max: 15.7, Diff: 0.3, Sum: 278.1]
      [Termination (ms): Min: 0.0, Avg: 0.1, Max: 0.2, Diff: 0.2, Sum: 2.4]
      [GC Worker Other (ms): Min: 0.0, Avg: 0.0, Max: 0.1, Diff: 0.1, Sum: 0.6]
      [GC Worker Total (ms): Min: 24.5, Avg: 24.6, Max: 24.6, Diff: 0.1, Sum: 442.0]
      [GC Worker End (ms): Min: 796929.8, Avg: 796929.8, Max: 796929.8, Diff: 0.0]
   [Code Root Fixup: 0.2 ms]
   [Code Root Migration: 0.1 ms]
   [Clear CT: 1.4 ms]
   [Other: 3.8 ms]
      [Choose CSet: 0.0 ms]
      [Ref Proc: 1.8 ms]
      [Ref Enq: 0.1 ms]
      [Free CSet: 0.6 ms]
   [Eden: 4512.0M(4512.0M)->0.0B(4448.0M) Survivors: 96.0M->128.0M Heap: 9089.4M(10.0G)->4607.2M(10.0G)]
 [Times: user=0.47 sys=0.00, real=0.03 secs] 
796.935: Total time for which application threads were stopped: 0.0318240 seconds
801.358: [GC pause (G1 Evacuation Pause) (young)
Desired survivor size 301989888 bytes, new threshold 15 (max 15)
- age   1:   12976760 bytes,   12976760 total
- age   2:    6343216 bytes,   19319976 total
- age   3:   24453176 bytes,   43773152 total
- age   4:    5922680 bytes,   49695832 total
- age   5:    6917824 bytes,   56613656 total
- age   6:    1398008 bytes,   58011664 total
- age   7:    2730040 bytes,   60741704 total
- age   8:    1703968 bytes,   62445672 total
- age   9:    2335464 bytes,   64781136 total
- age  10:    1761112 bytes,   66542248 total
- age  11:    2557920 bytes,   69100168 total
- age  12:    1476496 bytes,   70576664 total
- age  13:    2594368 bytes,   73171032 total
- age  14:     349688 bytes,   73520720 total
- age  15:      97720 bytes,   73618440 total
, 0.0385720 secs]
   [Parallel Time: 33.3 ms, GC Workers: 18]
      [GC Worker Start (ms): Min: 801358.2, Avg: 801358.2, Max: 801358.3, Diff: 0.1]
      [Ext Root Scanning (ms): Min: 4.2, Avg: 4.8, Max: 5.2, Diff: 1.0, Sum: 86.6]
      [Update RS (ms): Min: 3.4, Avg: 3.9, Max: 4.9, Diff: 1.5, Sum: 69.8]
         [Processed Buffers: Min: 10, Avg: 35.1, Max: 59, Diff: 49, Sum: 631]
      [Scan RS (ms): Min: 0.0, Avg: 0.2, Max: 0.3, Diff: 0.2, Sum: 3.7]
      [Code Root Scanning (ms): Min: 0.0, Avg: 0.0, Max: 0.0, Diff: 0.0, Sum: 0.1]
      [Object Copy (ms): Min: 23.6, Avg: 24.1, Max: 24.4, Diff: 0.9, Sum: 434.5]
      [Termination (ms): Min: 0.0, Avg: 0.0, Max: 0.0, Diff: 0.0, Sum: 0.1]
      [GC Worker Other (ms): Min: 0.0, Avg: 0.1, Max: 0.1, Diff: 0.1, Sum: 1.3]
      [GC Worker Total (ms): Min: 33.0, Avg: 33.1, Max: 33.2, Diff: 0.2, Sum: 596.1]
      [GC Worker End (ms): Min: 801391.3, Avg: 801391.3, Max: 801391.4, Diff: 0.1]
   [Code Root Fixup: 0.3 ms]
   [Code Root Migration: 0.1 ms]
   [Clear CT: 1.3 ms]
   [Other: 3.6 ms]
      [Choose CSet: 0.0 ms]
      [Ref Proc: 1.6 ms]
      [Ref Enq: 0.1 ms]
      [Free CSet: 0.6 ms]
   [Eden: 4448.0M(4448.0M)->0.0B(4448.0M) Survivors: 128.0M->128.0M Heap: 9055.2M(10.0G)->4605.6M(10.0G)]
 [Times: user=0.62 sys=0.02, real=0.04 secs] 
801.397: Total time for which application threads were stopped: 0.0413340 seconds
802.398: Total time for which application threads were stopped: 0.0011580 seconds
804.230: Total time for which application threads were stopped: 0.0011960 seconds
804.241: Total time for which application threads were stopped: 0.0009290 seconds
804.568: Total time for which application threads were stopped: 0.0009410 seconds
804.818: [GC pause (G1 Evacuation Pause) (young)
Desired survivor size 301989888 bytes, new threshold 15 (max 15)
- age   1:   33487688 bytes,   33487688 total
- age   2:    7749408 bytes,   41237096 total
- age   3:    6065976 bytes,   47303072 total
- age   4:   24330848 bytes,   71633920 total
- age   5:    5881888 bytes,   77515808 total
- age   6:    2772608 bytes,   80288416 total
- age   7:    1375696 bytes,   81664112 total
- age   8:    2717096 bytes,   84381208 total
- age   9:    1699160 bytes,   86080368 total
- age  10:    2195008 bytes,   88275376 total
- age  11:    1757264 bytes,   90032640 total
- age  12:    2551328 bytes,   92583968 total
- age  13:    1458288 bytes,   94042256 total
- age  14:    2592600 bytes,   96634856 total
- age  15:      89200 bytes,   96724056 total
, 0.0549760 secs]
   [Parallel Time: 49.7 ms, GC Workers: 18]
      [GC Worker Start (ms): Min: 804818.2, Avg: 804818.2, Max: 804818.3, Diff: 0.2]
      [Ext Root Scanning (ms): Min: 3.6, Avg: 4.8, Max: 5.2, Diff: 1.5, Sum: 85.7]
      [Update RS (ms): Min: 3.3, Avg: 3.8, Max: 4.8, Diff: 1.5, Sum: 69.3]
         [Processed Buffers: Min: 14, Avg: 34.8, Max: 81, Diff: 67, Sum: 626]
      [Scan RS (ms): Min: 0.0, Avg: 0.2, Max: 0.3, Diff: 0.3, Sum: 3.9]
      [Code Root Scanning (ms): Min: 0.0, Avg: 0.0, Max: 0.0, Diff: 0.0, Sum: 0.1]
      [Object Copy (ms): Min: 40.4, Avg: 40.6, Max: 40.7, Diff: 0.3, Sum: 730.7]
      [Termination (ms): Min: 0.0, Avg: 0.0, Max: 0.0, Diff: 0.0, Sum: 0.2]
      [GC Worker Other (ms): Min: 0.0, Avg: 0.1, Max: 0.1, Diff: 0.1, Sum: 1.1]
      [GC Worker Total (ms): Min: 49.4, Avg: 49.5, Max: 49.6, Diff: 0.2, Sum: 891.0]
      [GC Worker End (ms): Min: 804867.7, Avg: 804867.7, Max: 804867.8, Diff: 0.1]
   [Code Root Fixup: 0.2 ms]
   [Code Root Migration: 0.1 ms]
   [Clear CT: 1.3 ms]
   [Other: 3.8 ms]
      [Choose CSet: 0.0 ms]
      [Ref Proc: 1.8 ms]
      [Ref Enq: 0.1 ms]
      [Free CSet: 0.6 ms]
   [Eden: 4448.0M(4448.0M)->0.0B(4288.0M) Survivors: 128.0M->208.0M Heap: 9053.6M(10.0G)->4693.9M(10.0G)]
 [Times: user=0.90 sys=0.02, real=0.06 secs] 
804.873: Total time for which application threads were stopped: 0.0566350 seconds
805.874: Total time for which application threads were stopped: 0.0011640 seconds
809.178: [GC pause (G1 Evacuation Pause) (young)
Desired survivor size 301989888 bytes, new threshold 15 (max 15)
- age   1:   64583464 bytes,   64583464 total
- age   2:   29279656 bytes,   93863120 total
- age   3:    7100912 bytes,  100964032 total
- age   4:    5967048 bytes,  106931080 total
- age   5:   24278376 bytes,  131209456 total
- age   6:    3798944 bytes,  135008400 total
- age   7:    2747816 bytes,  137756216 total
- age   8:    1367528 bytes,  139123744 total
- age   9:    2713120 bytes,  141836864 total
- age  10:    1696264 bytes,  143533128 total
- age  11:    2191760 bytes,  145724888 total
- age  12:    1755864 bytes,  147480752 total
- age  13:    2512416 bytes,  149993168 total
- age  14:    1455888 bytes,  151449056 total
- age  15:    2591072 bytes,  154040128 total
, 0.0591420 secs]
   [Parallel Time: 53.7 ms, GC Workers: 18]
      [GC Worker Start (ms): Min: 809178.1, Avg: 809178.2, Max: 809178.2, Diff: 0.1]
      [Ext Root Scanning (ms): Min: 4.3, Avg: 4.7, Max: 5.1, Diff: 0.8, Sum: 84.8]
      [Update RS (ms): Min: 3.6, Avg: 4.0, Max: 4.5, Diff: 0.9, Sum: 72.1]
         [Processed Buffers: Min: 3, Avg: 37.8, Max: 101, Diff: 98, Sum: 681]
      [Scan RS (ms): Min: 0.0, Avg: 0.2, Max: 0.2, Diff: 0.2, Sum: 3.9]
      [Code Root Scanning (ms): Min: 0.0, Avg: 0.0, Max: 0.0, Diff: 0.0, Sum: 0.1]
      [Object Copy (ms): Min: 44.4, Avg: 44.6, Max: 44.8, Diff: 0.4, Sum: 802.5]
      [Termination (ms): Min: 0.0, Avg: 0.0, Max: 0.0, Diff: 0.0, Sum: 0.0]
      [GC Worker Other (ms): Min: 0.0, Avg: 0.1, Max: 0.1, Diff: 0.1, Sum: 1.2]
      [GC Worker Total (ms): Min: 53.5, Avg: 53.6, Max: 53.7, Diff: 0.2, Sum: 964.5]
      [GC Worker End (ms): Min: 809231.7, Avg: 809231.7, Max: 809231.8, Diff: 0.1]
   [Code Root Fixup: 0.2 ms]
   [Code Root Migration: 0.1 ms]
   [Clear CT: 1.4 ms]
   [Other: 3.8 ms]
      [Choose CSet: 0.0 ms]
      [Ref Proc: 1.8 ms]
      [Ref Enq: 0.1 ms]
      [Free CSet: 0.6 ms]
   [Eden: 4288.0M(4288.0M)->0.0B(3840.0M) Survivors: 208.0M->432.0M Heap: 8981.9M(10.0G)->4914.1M(10.0G)]
 [Times: user=0.98 sys=0.01, real=0.06 secs] 
809.237: Total time for which application threads were stopped: 0.0616450 seconds
813.450: [GC pause (G1 Evacuation Pause) (young)
Desired survivor size 285212672 bytes, new threshold 15 (max 15)
- age   1:   33351400 bytes,   33351400 total
- age   2:   57410536 bytes,   90761936 total
- age   3:   28451224 bytes,  119213160 total
- age   4:    6665600 bytes,  125878760 total
- age   5:    5901192 bytes,  131779952 total
- age   6:   22157616 bytes,  153937568 total
- age   7:    1728064 bytes,  155665632 total
- age   8:    2743016 bytes,  158408648 total
- age   9:    1358776 bytes,  159767424 total
- age  10:    2565784 bytes,  162333208 total
- age  11:    1693160 bytes,  164026368 total
- age  12:    2187208 bytes,  166213576 total
- age  13:    1745784 bytes,  167959360 total
- age  14:    2505816 bytes,  170465176 total
- age  15:    1454896 bytes,  171920072 total
, 0.0559990 secs]
   [Parallel Time: 50.8 ms, GC Workers: 18]
      [GC Worker Start (ms): Min: 813450.9, Avg: 813451.0, Max: 813451.1, Diff: 0.1]
      [Ext Root Scanning (ms): Min: 3.6, Avg: 4.6, Max: 5.1, Diff: 1.5, Sum: 82.1]
      [Update RS (ms): Min: 3.7, Avg: 4.2, Max: 5.0, Diff: 1.4, Sum: 75.8]
         [Processed Buffers: Min: 6, Avg: 35.2, Max: 68, Diff: 62, Sum: 634]
      [Scan RS (ms): Min: 0.0, Avg: 0.2, Max: 0.2, Diff: 0.2, Sum: 3.8]
      [Code Root Scanning (ms): Min: 0.0, Avg: 0.0, Max: 0.0, Diff: 0.0, Sum: 0.1]
      [Object Copy (ms): Min: 41.0, Avg: 41.6, Max: 41.7, Diff: 0.7, Sum: 748.3]
      [Termination (ms): Min: 0.0, Avg: 0.0, Max: 0.0, Diff: 0.0, Sum: 0.1]
      [GC Worker Other (ms): Min: 0.0, Avg: 0.1, Max: 0.1, Diff: 0.1, Sum: 1.4]
      [GC Worker Total (ms): Min: 50.6, Avg: 50.6, Max: 50.7, Diff: 0.2, Sum: 911.5]
      [GC Worker End (ms): Min: 813501.6, Avg: 813501.7, Max: 813501.7, Diff: 0.1]
   [Code Root Fixup: 0.2 ms]
   [Code Root Migration: 0.1 ms]
   [Clear CT: 1.3 ms]
   [Other: 3.6 ms]
      [Choose CSet: 0.0 ms]
      [Ref Proc: 1.7 ms]
      [Ref Enq: 0.1 ms]
      [Free CSet: 0.6 ms]
   [Eden: 3840.0M(3840.0M)->0.0B(4160.0M) Survivors: 432.0M->272.0M Heap: 8754.1M(10.0G)->4754.1M(10.0G)]
 [Times: user=0.93 sys=0.02, real=0.05 secs] 
813.507: Total time for which application threads were stopped: 0.0576510 seconds
814.508: Total time for which application threads were stopped: 0.0011620 seconds
814.771: Total time for which application threads were stopped: 0.0009550 seconds
818.047: [GC pause (G1 Evacuation Pause) (young)
Desired survivor size 293601280 bytes, new threshold 15 (max 15)
- age   1:   11228760 bytes,   11228760 total
- age   2:   27652464 bytes,   38881224 total
- age   3:   57126456 bytes,   96007680 total
- age   4:   28274088 bytes,  124281768 total
- age   5:    6575872 bytes,  130857640 total
- age   6:    3798176 bytes,  134655816 total
- age   7:   20080664 bytes,  154736480 total
- age   8:    1717872 bytes,  156454352 total
- age   9:    2735560 bytes,  159189912 total
- age  10:    1353680 bytes,  160543592 total
- age  11:    2563560 bytes,  163107152 total
- age  12:    1689920 bytes,  164797072 total
- age  13:    2173872 bytes,  166970944 total
- age  14:    1732072 bytes,  168703016 total
- age  15:    2505008 bytes,  171208024 total
, 0.0534380 secs]
   [Parallel Time: 48.0 ms, GC Workers: 18]
      [GC Worker Start (ms): Min: 818047.8, Avg: 818047.9, Max: 818048.0, Diff: 0.2]
      [Ext Root Scanning (ms): Min: 3.8, Avg: 4.7, Max: 5.0, Diff: 1.2, Sum: 84.0]
      [Update RS (ms): Min: 3.7, Avg: 4.1, Max: 4.7, Diff: 0.9, Sum: 74.3]
         [Processed Buffers: Min: 7, Avg: 38.2, Max: 80, Diff: 73, Sum: 688]
      [Scan RS (ms): Min: 0.0, Avg: 0.2, Max: 0.3, Diff: 0.2, Sum: 3.8]
      [Code Root Scanning (ms): Min: 0.0, Avg: 0.0, Max: 0.0, Diff: 0.0, Sum: 0.1]
      [Object Copy (ms): Min: 38.5, Avg: 38.7, Max: 39.0, Diff: 0.5, Sum: 697.0]
      [Termination (ms): Min: 0.0, Avg: 0.0, Max: 0.0, Diff: 0.0, Sum: 0.1]
      [GC Worker Other (ms): Min: 0.0, Avg: 0.1, Max: 0.1, Diff: 0.1, Sum: 1.3]
      [GC Worker Total (ms): Min: 47.7, Avg: 47.8, Max: 47.9, Diff: 0.2, Sum: 860.6]
      [GC Worker End (ms): Min: 818095.7, Avg: 818095.7, Max: 818095.7, Diff: 0.1]
   [Code Root Fixup: 0.2 ms]
   [Code Root Migration: 0.1 ms]
   [Clear CT: 1.5 ms]
   [Other: 3.7 ms]
      [Choose CSet: 0.0 ms]
      [Ref Proc: 1.7 ms]
      [Ref Enq: 0.1 ms]
      [Free CSet: 0.6 ms]
   [Eden: 4160.0M(4160.0M)->0.0B(4016.0M) Survivors: 272.0M->336.0M Heap: 8914.1M(10.0G)->4831.0M(10.0G)]
 [Times: user=0.88 sys=0.01, real=0.05 secs] 
818.101: Total time for which application threads were stopped: 0.0559390 seconds
821.028: Total time for which application threads were stopped: 0.0021130 seconds
822.688: [GC pause (G1 Evacuation Pause) (young)
Desired survivor size 285212672 bytes, new threshold 15 (max 15)
- age   1:   27499960 bytes,   27499960 total
- age   2:    5956712 bytes,   33456672 total
- age   3:   26980432 bytes,   60437104 total
- age   4:   56660008 bytes,  117097112 total
- age   5:   28177448 bytes,  145274560 total
- age   6:    4457120 bytes,  149731680 total
- age   7:    1708368 bytes,  151440048 total
- age   8:    3620680 bytes,  155060728 total
- age   9:    1711544 bytes,  156772272 total
- age  10:    2624184 bytes,  159396456 total
- age  11:    1350576 bytes,  160747032 total
- age  12:    2559688 bytes,  163306720 total
- age  13:    1681568 bytes,  164988288 total
- age  14:    2164296 bytes,  167152584 total
- age  15:    1729472 bytes,  168882056 total
, 0.0569890 secs]
   [Parallel Time: 51.8 ms, GC Workers: 18]
      [GC Worker Start (ms): Min: 822688.6, Avg: 822688.8, Max: 822688.9, Diff: 0.3]
      [Ext Root Scanning (ms): Min: 4.3, Avg: 4.9, Max: 5.4, Diff: 1.1, Sum: 87.8]
      [Update RS (ms): Min: 3.4, Avg: 3.9, Max: 4.5, Diff: 1.1, Sum: 70.5]
         [Processed Buffers: Min: 10, Avg: 34.8, Max: 58, Diff: 48, Sum: 627]
      [Scan RS (ms): Min: 0.0, Avg: 0.2, Max: 0.2, Diff: 0.2, Sum: 3.7]
      [Code Root Scanning (ms): Min: 0.0, Avg: 0.0, Max: 0.0, Diff: 0.0, Sum: 0.1]
      [Object Copy (ms): Min: 42.4, Avg: 42.4, Max: 42.7, Diff: 0.3, Sum: 764.0]
      [Termination (ms): Min: 0.0, Avg: 0.0, Max: 0.0, Diff: 0.0, Sum: 0.1]
      [GC Worker Other (ms): Min: 0.0, Avg: 0.1, Max: 0.1, Diff: 0.1, Sum: 1.4]
      [GC Worker Total (ms): Min: 51.4, Avg: 51.5, Max: 51.7, Diff: 0.2, Sum: 927.5]
      [GC Worker End (ms): Min: 822740.3, Avg: 822740.3, Max: 822740.3, Diff: 0.1]
   [Code Root Fixup: 0.2 ms]
   [Code Root Migration: 0.1 ms]
   [Clear CT: 1.4 ms]
   [Other: 3.6 ms]
      [Choose CSet: 0.0 ms]
      [Ref Proc: 1.6 ms]
      [Ref Enq: 0.1 ms]
      [Free CSet: 0.6 ms]
   [Eden: 4016.0M(4016.0M)->0.0B(4176.0M) Survivors: 336.0M->256.0M Heap: 8847.0M(10.0G)->4748.1M(10.0G)]
 [Times: user=0.94 sys=0.01, real=0.06 secs] 
822.745: Total time for which application threads were stopped: 0.0586250 seconds
824.875: Total time for which application threads were stopped: 0.0011650 seconds
828.437: [GC pause (G1 Evacuation Pause) (young)
Desired survivor size 293601280 bytes, new threshold 15 (max 15)
- age   1:   12299064 bytes,   12299064 total
- age   2:   24329032 bytes,   36628096 total
- age   3:    5673016 bytes,   42301112 total
- age   4:   26690712 bytes,   68991824 total
- age   5:   56588432 bytes,  125580256 total
- age   6:   28146704 bytes,  153726960 total
- age   7:    2375720 bytes,  156102680 total
- age   8:    1692560 bytes,  157795240 total
- age   9:    2319288 bytes,  160114528 total
- age  10:    1708712 bytes,  161823240 total
- age  11:    2620416 bytes,  164443656 total
- age  12:    1346568 bytes,  165790224 total
- age  13:    2554616 bytes,  168344840 total
- age  14:    1660776 bytes,  170005616 total
- age  15:    2161456 bytes,  172167072 total
, 0.0582880 secs]
   [Parallel Time: 52.7 ms, GC Workers: 18]
      [GC Worker Start (ms): Min: 828437.2, Avg: 828437.3, Max: 828437.3, Diff: 0.2]
      [Ext Root Scanning (ms): Min: 4.2, Avg: 4.6, Max: 5.3, Diff: 1.1, Sum: 82.8]
      [Update RS (ms): Min: 4.1, Avg: 7.1, Max: 16.8, Diff: 12.7, Sum: 127.9]
         [Processed Buffers: Min: 9, Avg: 38.4, Max: 82, Diff: 73, Sum: 691]
      [Scan RS (ms): Min: 0.0, Avg: 0.1, Max: 0.3, Diff: 0.2, Sum: 1.9]
      [Code Root Scanning (ms): Min: 0.0, Avg: 0.0, Max: 0.0, Diff: 0.0, Sum: 0.1]
      [Object Copy (ms): Min: 31.3, Avg: 40.6, Max: 43.2, Diff: 11.9, Sum: 730.0]
      [Termination (ms): Min: 0.0, Avg: 0.1, Max: 0.1, Diff: 0.1, Sum: 1.6]
      [GC Worker Other (ms): Min: 0.0, Avg: 0.1, Max: 0.1, Diff: 0.1, Sum: 1.1]
      [GC Worker Total (ms): Min: 52.4, Avg: 52.5, Max: 52.6, Diff: 0.2, Sum: 945.5]
      [GC Worker End (ms): Min: 828489.7, Avg: 828489.8, Max: 828489.8, Diff: 0.1]
   [Code Root Fixup: 0.3 ms]
   [Code Root Migration: 0.1 ms]
   [Clear CT: 1.3 ms]
   [Other: 4.0 ms]
      [Choose CSet: 0.0 ms]
      [Ref Proc: 2.1 ms]
      [Ref Enq: 0.1 ms]
      [Free CSet: 0.6 ms]
   [Eden: 4176.0M(4176.0M)->0.0B(4016.0M) Survivors: 256.0M->336.0M Heap: 8924.1M(10.0G)->4828.7M(10.0G)]
 [Times: user=0.88 sys=0.01, real=0.06 secs] 
828.495: Total time for which application threads were stopped: 0.0599390 seconds
831.498: Total time for which application threads were stopped: 0.0020830 seconds
832.499: Total time for which application threads were stopped: 0.0011390 seconds
833.354: [GC pause (G1 Evacuation Pause) (young)
Desired survivor size 285212672 bytes, new threshold 15 (max 15)
- age   1:   13203808 bytes,   13203808 total
- age   2:    5442048 bytes,   18645856 total
- age   3:   23406664 bytes,   42052520 total
- age   4:    5520360 bytes,   47572880 total
- age   5:   26626552 bytes,   74199432 total
- age   6:   56565536 bytes,  130764968 total
- age   7:   24007304 bytes,  154772272 total
- age   8:    2263528 bytes,  157035800 total
- age   9:    1683168 bytes,  158718968 total
- age  10:    2153936 bytes,  160872904 total
- age  11:    1704248 bytes,  162577152 total
- age  12:    2616536 bytes,  165193688 total
- age  13:    1331232 bytes,  166524920 total
- age  14:    2530080 bytes,  169055000 total
- age  15:    1652664 bytes,  170707664 total
, 0.0586520 secs]
   [Parallel Time: 53.5 ms, GC Workers: 18]
      [GC Worker Start (ms): Min: 833354.1, Avg: 833354.2, Max: 833354.2, Diff: 0.2]
      [Ext Root Scanning (ms): Min: 4.4, Avg: 5.1, Max: 5.5, Diff: 1.1, Sum: 91.0]
      [Update RS (ms): Min: 3.3, Avg: 3.7, Max: 4.5, Diff: 1.2, Sum: 67.4]
         [Processed Buffers: Min: 7, Avg: 34.8, Max: 50, Diff: 43, Sum: 627]
      [Scan RS (ms): Min: 0.0, Avg: 0.2, Max: 0.3, Diff: 0.3, Sum: 3.7]
      [Code Root Scanning (ms): Min: 0.0, Avg: 0.0, Max: 0.0, Diff: 0.0, Sum: 0.1]
      [Object Copy (ms): Min: 44.1, Avg: 44.2, Max: 44.4, Diff: 0.3, Sum: 796.1]
      [Termination (ms): Min: 0.0, Avg: 0.0, Max: 0.0, Diff: 0.0, Sum: 0.1]
      [GC Worker Other (ms): Min: 0.0, Avg: 0.1, Max: 0.1, Diff: 0.1, Sum: 1.3]
      [GC Worker Total (ms): Min: 53.2, Avg: 53.3, Max: 53.4, Diff: 0.2, Sum: 959.7]
      [GC Worker End (ms): Min: 833407.4, Avg: 833407.5, Max: 833407.5, Diff: 0.1]
   [Code Root Fixup: 0.2 ms]
   [Code Root Migration: 0.1 ms]
   [Clear CT: 1.4 ms]
   [Other: 3.4 ms]
      [Choose CSet: 0.0 ms]
      [Ref Proc: 1.6 ms]
      [Ref Enq: 0.1 ms]
      [Free CSet: 0.6 ms]
   [Eden: 4016.0M(4016.0M)->0.0B(4176.0M) Survivors: 336.0M->256.0M Heap: 8844.7M(10.0G)->4758.2M(10.0G)]
 [Times: user=0.97 sys=0.01, real=0.05 secs] 
833.413: Total time for which application threads were stopped: 0.0605080 seconds
834.196: Total time for which application threads were stopped: 0.0011320 seconds
834.211: Total time for which application threads were stopped: 0.0008260 seconds
837.212: Total time for which application threads were stopped: 0.0011770 seconds
838.062: [GC pause (G1 Evacuation Pause) (young)
Desired survivor size 293601280 bytes, new threshold 15 (max 15)
- age   1:   10943912 bytes,   10943912 total
- age   2:    7878248 bytes,   18822160 total
- age   3:    5135208 bytes,   23957368 total
- age   4:   23273456 bytes,   47230824 total
- age   5:    5470712 bytes,   52701536 total
- age   6:   24542408 bytes,   77243944 total
- age   7:   54501120 bytes,  131745064 total
- age   8:   24000064 bytes,  155745128 total
- age   9:    2255528 bytes,  158000656 total
- age  10:    1672800 bytes,  159673456 total
- age  11:    2148496 bytes,  161821952 total
- age  12:    1697144 bytes,  163519096 total
- age  13:    2607792 bytes,  166126888 total
- age  14:    1319936 bytes,  167446824 total
- age  15:    2527928 bytes,  169974752 total
, 0.0604050 secs]
   [Parallel Time: 55.4 ms, GC Workers: 18]
      [GC Worker Start (ms): Min: 838062.6, Avg: 838062.7, Max: 838062.8, Diff: 0.2]
      [Ext Root Scanning (ms): Min: 4.2, Avg: 4.7, Max: 5.1, Diff: 0.9, Sum: 85.4]
      [Update RS (ms): Min: 3.2, Avg: 3.6, Max: 4.4, Diff: 1.2, Sum: 65.7]
         [Processed Buffers: Min: 13, Avg: 37.3, Max: 73, Diff: 60, Sum: 672]
      [Scan RS (ms): Min: 0.0, Avg: 0.2, Max: 0.3, Diff: 0.2, Sum: 3.9]
      [Code Root Scanning (ms): Min: 0.0, Avg: 0.0, Max: 0.0, Diff: 0.0, Sum: 0.1]
      [Object Copy (ms): Min: 46.4, Avg: 46.5, Max: 46.7, Diff: 0.3, Sum: 836.7]
      [Termination (ms): Min: 0.0, Avg: 0.0, Max: 0.0, Diff: 0.0, Sum: 0.1]
      [GC Worker Other (ms): Min: 0.0, Avg: 0.1, Max: 0.1, Diff: 0.1, Sum: 1.3]
      [GC Worker Total (ms): Min: 55.1, Avg: 55.2, Max: 55.3, Diff: 0.2, Sum: 993.0]
      [GC Worker End (ms): Min: 838117.9, Avg: 838117.9, Max: 838117.9, Diff: 0.1]
   [Code Root Fixup: 0.2 ms]
   [Code Root Migration: 0.1 ms]
   [Clear CT: 1.4 ms]
   [Other: 3.4 ms]
      [Choose CSet: 0.0 ms]
      [Ref Proc: 1.5 ms]
      [Ref Enq: 0.1 ms]
      [Free CSet: 0.6 ms]
   [Eden: 4176.0M(4176.0M)->0.0B(3984.0M) Survivors: 256.0M->352.0M Heap: 8934.2M(10.0G)->4849.4M(10.0G)]
 [Times: user=1.02 sys=0.01, real=0.06 secs] 
838.123: Total time for which application threads were stopped: 0.0620150 seconds
842.895: [GC pause (G1 Evacuation Pause) (young)
Desired survivor size 285212672 bytes, new threshold 15 (max 15)
- age   1:   10626712 bytes,   10626712 total
- age   2:    6402544 bytes,   17029256 total
- age   3:    6894128 bytes,   23923384 total
- age   4:    4995536 bytes,   28918920 total
- age   5:   23213136 bytes,   52132056 total
- age   6:    3392792 bytes,   55524848 total
- age   7:   22471696 bytes,   77996544 total
- age   8:   54491280 bytes,  132487824 total
- age   9:   23919408 bytes,  156407232 total
- age  10:    2250608 bytes,  158657840 total
- age  11:    1670096 bytes,  160327936 total
- age  12:    2144504 bytes,  162472440 total
- age  13:    1691488 bytes,  164163928 total
- age  14:    2600176 bytes,  166764104 total
- age  15:    1318832 bytes,  168082936 total
, 0.0556790 secs]
   [Parallel Time: 50.5 ms, GC Workers: 18]
      [GC Worker Start (ms): Min: 842895.4, Avg: 842895.4, Max: 842895.5, Diff: 0.1]
      [Ext Root Scanning (ms): Min: 4.7, Avg: 5.2, Max: 7.9, Diff: 3.3, Sum: 93.5]
      [Update RS (ms): Min: 0.7, Avg: 3.5, Max: 4.0, Diff: 3.3, Sum: 63.2]
         [Processed Buffers: Min: 11, Avg: 34.6, Max: 61, Diff: 50, Sum: 623]
      [Scan RS (ms): Min: 0.0, Avg: 0.2, Max: 0.3, Diff: 0.2, Sum: 3.7]
      [Code Root Scanning (ms): Min: 0.0, Avg: 0.0, Max: 0.0, Diff: 0.0, Sum: 0.1]
      [Object Copy (ms): Min: 41.1, Avg: 41.3, Max: 41.5, Diff: 0.4, Sum: 744.0]
      [Termination (ms): Min: 0.0, Avg: 0.0, Max: 0.0, Diff: 0.0, Sum: 0.1]
      [GC Worker Other (ms): Min: 0.0, Avg: 0.1, Max: 0.1, Diff: 0.1, Sum: 1.3]
      [GC Worker Total (ms): Min: 50.2, Avg: 50.3, Max: 50.4, Diff: 0.2, Sum: 905.9]
      [GC Worker End (ms): Min: 842945.7, Avg: 842945.8, Max: 842945.8, Diff: 0.1]
   [Code Root Fixup: 0.2 ms]
   [Code Root Migration: 0.1 ms]
   [Clear CT: 1.4 ms]
   [Other: 3.5 ms]
      [Choose CSet: 0.0 ms]
      [Ref Proc: 1.6 ms]
      [Ref Enq: 0.1 ms]
      [Free CSet: 0.6 ms]
   [Eden: 3984.0M(3984.0M)->0.0B(4176.0M) Survivors: 352.0M->256.0M Heap: 8833.4M(10.0G)->4757.5M(10.0G)]
 [Times: user=0.92 sys=0.01, real=0.06 secs] 
842.951: Total time for which application threads were stopped: 0.0582180 seconds
843.952: Total time for which application threads were stopped: 0.0011860 seconds
844.779: Total time for which application threads were stopped: 0.0011800 seconds
848.021: [GC pause (G1 Evacuation Pause) (young)
Desired survivor size 293601280 bytes, new threshold 15 (max 15)
- age   1:   10039672 bytes,   10039672 total
- age   2:    7423792 bytes,   17463464 total
- age   3:    5933496 bytes,   23396960 total
- age   4:    6756056 bytes,   30153016 total
- age   5:    4961752 bytes,   35114768 total
- age   6:   23192224 bytes,   58306992 total
- age   7:    1321248 bytes,   59628240 total
- age   8:   22466656 bytes,   82094896 total
- age   9:   54486088 bytes,  136580984 total
- age  10:   23907464 bytes,  160488448 total
- age  11:    2246056 bytes,  162734504 total
- age  12:    1666952 bytes,  164401456 total
- age  13:    2132304 bytes,  166533760 total
- age  14:    1670840 bytes,  168204600 total
- age  15:    2594056 bytes,  170798656 total
, 0.0577440 secs]
   [Parallel Time: 52.2 ms, GC Workers: 18]
      [GC Worker Start (ms): Min: 848021.3, Avg: 848021.4, Max: 848021.4, Diff: 0.1]
      [Ext Root Scanning (ms): Min: 3.6, Avg: 4.6, Max: 5.4, Diff: 1.8, Sum: 82.4]
      [Update RS (ms): Min: 3.0, Avg: 3.7, Max: 4.5, Diff: 1.5, Sum: 66.5]
         [Processed Buffers: Min: 9, Avg: 38.1, Max: 71, Diff: 62, Sum: 685]
      [Scan RS (ms): Min: 0.0, Avg: 0.2, Max: 0.3, Diff: 0.3, Sum: 4.0]
      [Code Root Scanning (ms): Min: 0.0, Avg: 0.0, Max: 0.0, Diff: 0.0, Sum: 0.1]
      [Object Copy (ms): Min: 43.4, Avg: 43.5, Max: 43.6, Diff: 0.2, Sum: 782.9]
      [Termination (ms): Min: 0.0, Avg: 0.0, Max: 0.0, Diff: 0.0, Sum: 0.1]
      [GC Worker Other (ms): Min: 0.0, Avg: 0.1, Max: 0.1, Diff: 0.1, Sum: 1.3]
      [GC Worker Total (ms): Min: 52.0, Avg: 52.1, Max: 52.2, Diff: 0.2, Sum: 937.2]
      [GC Worker End (ms): Min: 848073.4, Avg: 848073.4, Max: 848073.5, Diff: 0.1]
   [Code Root Fixup: 0.3 ms]
   [Code Root Migration: 0.1 ms]
   [Clear CT: 1.6 ms]
   [Other: 3.6 ms]
      [Choose CSet: 0.0 ms]
      [Ref Proc: 1.7 ms]
      [Ref Enq: 0.1 ms]
      [Free CSet: 0.6 ms]
   [Eden: 4176.0M(4176.0M)->0.0B(4016.0M) Survivors: 256.0M->336.0M Heap: 8933.5M(10.0G)->4838.0M(10.0G)]
 [Times: user=0.96 sys=0.01, real=0.06 secs] 
848.079: Total time for which application threads were stopped: 0.0594220 seconds
851.080: Total time for which application threads were stopped: 0.0011980 seconds
851.379: Total time for which application threads were stopped: 0.0009500 seconds
852.380: Total time for which application threads were stopped: 0.0011780 seconds
852.866: [GC pause (G1 Evacuation Pause) (young)
Desired survivor size 285212672 bytes, new threshold 15 (max 15)
- age   1:   14285360 bytes,   14285360 total
- age   2:    4395168 bytes,   18680528 total
- age   3:    6471720 bytes,   25152248 total
- age   4:    5781104 bytes,   30933352 total
- age   5:    6682784 bytes,   37616136 total
- age   6:    4933464 bytes,   42549600 total
- age   7:   19053640 bytes,   61603240 total
- age   8:    1310632 bytes,   62913872 total
- age   9:   22318696 bytes,   85232568 total
- age  10:   54477656 bytes,  139710224 total
- age  11:   23903056 bytes,  163613280 total
- age  12:    2239688 bytes,  165852968 total
- age  13:    1653720 bytes,  167506688 total
- age  14:    2121232 bytes,  169627920 total
- age  15:    1667392 bytes,  171295312 total
, 0.0573550 secs]
   [Parallel Time: 52.1 ms, GC Workers: 18]
      [GC Worker Start (ms): Min: 852867.0, Avg: 852867.1, Max: 852867.2, Diff: 0.2]
      [Ext Root Scanning (ms): Min: 4.0, Avg: 4.8, Max: 5.3, Diff: 1.3, Sum: 86.5]
      [Update RS (ms): Min: 3.2, Avg: 3.6, Max: 4.3, Diff: 1.1, Sum: 64.0]
         [Processed Buffers: Min: 9, Avg: 34.4, Max: 67, Diff: 58, Sum: 619]
      [Scan RS (ms): Min: 0.0, Avg: 0.2, Max: 0.3, Diff: 0.3, Sum: 3.9]
      [Code Root Scanning (ms): Min: 0.0, Avg: 0.0, Max: 0.0, Diff: 0.0, Sum: 0.1]
      [Object Copy (ms): Min: 43.1, Avg: 43.2, Max: 43.5, Diff: 0.4, Sum: 778.4]
      [Termination (ms): Min: 0.0, Avg: 0.0, Max: 0.0, Diff: 0.0, Sum: 0.1]
      [GC Worker Other (ms): Min: 0.0, Avg: 0.1, Max: 0.2, Diff: 0.1, Sum: 1.5]
      [GC Worker Total (ms): Min: 51.8, Avg: 51.9, Max: 52.1, Diff: 0.2, Sum: 934.5]
      [GC Worker End (ms): Min: 852919.0, Avg: 852919.0, Max: 852919.1, Diff: 0.1]
   [Code Root Fixup: 0.2 ms]
   [Code Root Migration: 0.1 ms]
   [Clear CT: 1.4 ms]
   [Other: 3.5 ms]
      [Choose CSet: 0.0 ms]
      [Ref Proc: 1.7 ms]
      [Ref Enq: 0.1 ms]
      [Free CSet: 0.6 ms]
   [Eden: 4016.0M(4016.0M)->0.0B(4160.0M) Survivors: 336.0M->256.0M Heap: 8854.0M(10.0G)->4762.9M(10.0G)]
 [Times: user=0.96 sys=0.00, real=0.05 secs] 
852.924: Total time for which application threads were stopped: 0.0587400 seconds
854.179: Total time for which application threads were stopped: 0.0080530 seconds
854.208: Total time for which application threads were stopped: 0.0009810 seconds
856.210: Total time for which application threads were stopped: 0.0021270 seconds
857.654: [GC pause (G1 Evacuation Pause) (young)
Desired survivor size 293601280 bytes, new threshold 15 (max 15)
- age   1:   28596112 bytes,   28596112 total
- age   2:    7979944 bytes,   36576056 total
- age   3:    3942648 bytes,   40518704 total
- age   4:    6337408 bytes,   46856112 total
- age   5:    5726760 bytes,   52582872 total
- age   6:    4603016 bytes,   57185888 total
- age   7:    1568048 bytes,   58753936 total
- age   8:    2602536 bytes,   61356472 total
- age   9:    1308128 bytes,   62664600 total
- age  10:   22314392 bytes,   84978992 total
- age  11:   54475920 bytes,  139454912 total
- age  12:   23900608 bytes,  163355520 total
- age  13:    2230576 bytes,  165586096 total
- age  14:    1641464 bytes,  167227560 total
- age  15:    2120240 bytes,  169347800 total
, 0.0523880 secs]
   [Parallel Time: 47.0 ms, GC Workers: 18]
      [GC Worker Start (ms): Min: 857654.7, Avg: 857654.8, Max: 857654.9, Diff: 0.2]
      [Ext Root Scanning (ms): Min: 3.7, Avg: 4.4, Max: 4.9, Diff: 1.1, Sum: 78.7]
      [Update RS (ms): Min: 3.1, Avg: 3.5, Max: 4.6, Diff: 1.5, Sum: 63.7]
         [Processed Buffers: Min: 10, Avg: 37.2, Max: 64, Diff: 54, Sum: 669]
      [Scan RS (ms): Min: 0.0, Avg: 0.2, Max: 0.3, Diff: 0.2, Sum: 3.9]
      [Code Root Scanning (ms): Min: 0.0, Avg: 0.0, Max: 0.0, Diff: 0.0, Sum: 0.1]
      [Object Copy (ms): Min: 38.3, Avg: 38.6, Max: 38.9, Diff: 0.6, Sum: 695.2]
      [Termination (ms): Min: 0.0, Avg: 0.0, Max: 0.0, Diff: 0.0, Sum: 0.1]
      [GC Worker Other (ms): Min: 0.0, Avg: 0.1, Max: 0.1, Diff: 0.1, Sum: 1.1]
      [GC Worker Total (ms): Min: 46.7, Avg: 46.8, Max: 46.9, Diff: 0.2, Sum: 842.8]
      [GC Worker End (ms): Min: 857701.6, Avg: 857701.6, Max: 857701.6, Diff: 0.1]
   [Code Root Fixup: 0.2 ms]
   [Code Root Migration: 0.1 ms]
   [Clear CT: 1.5 ms]
   [Other: 3.5 ms]
      [Choose CSet: 0.0 ms]
      [Ref Proc: 1.6 ms]
      [Ref Enq: 0.1 ms]
      [Free CSet: 0.6 ms]
   [Eden: 4160.0M(4160.0M)->0.0B(4000.0M) Survivors: 256.0M->336.0M Heap: 8922.9M(10.0G)->4842.7M(10.0G)]
 [Times: user=0.87 sys=0.01, real=0.05 secs] 
857.707: Total time for which application threads were stopped: 0.0540380 seconds
862.169: [GC pause (G1 Evacuation Pause) (young)
Desired survivor size 285212672 bytes, new threshold 15 (max 15)
- age   1:   11943336 bytes,   11943336 total
- age   2:   23809672 bytes,   35753008 total
- age   3:    6957432 bytes,   42710440 total
- age   4:    3822832 bytes,   46533272 total
- age   5:    6262736 bytes,   52796008 total
- age   6:    3652560 bytes,   56448568 total
- age   7:    2439048 bytes,   58887616 total
- age   8:    1559760 bytes,   60447376 total
- age   9:    2465960 bytes,   62913336 total
- age  10:    1304928 bytes,   64218264 total
- age  11:   22311000 bytes,   86529264 total
- age  12:   54474088 bytes,  141003352 total
- age  13:   23878584 bytes,  164881936 total
- age  14:    2215480 bytes,  167097416 total
- age  15:    1640432 bytes,  168737848 total
, 0.0544220 secs]
   [Parallel Time: 49.0 ms, GC Workers: 18]
      [GC Worker Start (ms): Min: 862170.0, Avg: 862170.2, Max: 862170.3, Diff: 0.2]
      [Ext Root Scanning (ms): Min: 4.0, Avg: 4.9, Max: 5.3, Diff: 1.3, Sum: 87.5]
      [Update RS (ms): Min: 3.1, Avg: 3.6, Max: 4.3, Diff: 1.2, Sum: 64.0]
         [Processed Buffers: Min: 7, Avg: 34.0, Max: 70, Diff: 63, Sum: 612]
      [Scan RS (ms): Min: 0.0, Avg: 0.2, Max: 0.3, Diff: 0.2, Sum: 3.7]
      [Code Root Scanning (ms): Min: 0.0, Avg: 0.0, Max: 0.0, Diff: 0.0, Sum: 0.1]
      [Object Copy (ms): Min: 39.4, Avg: 40.1, Max: 40.3, Diff: 0.9, Sum: 722.0]
      [Termination (ms): Min: 0.0, Avg: 0.0, Max: 0.0, Diff: 0.0, Sum: 0.1]
      [GC Worker Other (ms): Min: 0.0, Avg: 0.1, Max: 0.1, Diff: 0.1, Sum: 1.1]
      [GC Worker Total (ms): Min: 48.7, Avg: 48.8, Max: 48.9, Diff: 0.3, Sum: 878.4]
      [GC Worker End (ms): Min: 862218.9, Avg: 862219.0, Max: 862219.0, Diff: 0.1]
   [Code Root Fixup: 0.2 ms]
   [Code Root Migration: 0.1 ms]
   [Clear CT: 1.7 ms]
   [Other: 3.5 ms]
      [Choose CSet: 0.0 ms]
      [Ref Proc: 1.6 ms]
      [Ref Enq: 0.1 ms]
      [Free CSet: 0.6 ms]
   [Eden: 4000.0M(4000.0M)->0.0B(4192.0M) Survivors: 336.0M->240.0M Heap: 8842.7M(10.0G)->4756.1M(10.0G)]
 [Times: user=0.90 sys=0.02, real=0.05 secs] 
862.224: Total time for which application threads were stopped: 0.0569610 seconds
864.609: Total time for which application threads were stopped: 0.0011590 seconds
864.633: Total time for which application threads were stopped: 0.0009210 seconds
866.625: [GC pause (G1 Evacuation Pause) (young)
Desired survivor size 293601280 bytes, new threshold 15 (max 15)
- age   1:    9739376 bytes,    9739376 total
- age   2:    7936496 bytes,   17675872 total
- age   3:   23418200 bytes,   41094072 total
- age   4:    6840008 bytes,   47934080 total
- age   5:    3761296 bytes,   51695376 total
- age   6:    6243216 bytes,   57938592 total
- age   7:    1580200 bytes,   59518792 total
- age   8:    2412488 bytes,   61931280 total
- age   9:    1554856 bytes,   63486136 total
- age  10:    2462464 bytes,   65948600 total
- age  11:    1300104 bytes,   67248704 total
- age  12:   22307240 bytes,   89555944 total
- age  13:   54452912 bytes,  144008856 total
- age  14:   23870096 bytes,  167878952 total
- age  15:    2214152 bytes,  170093104 total
, 0.0582810 secs]
   [Parallel Time: 52.7 ms, GC Workers: 18]
      [GC Worker Start (ms): Min: 866625.4, Avg: 866625.4, Max: 866625.5, Diff: 0.1]
      [Ext Root Scanning (ms): Min: 4.0, Avg: 4.8, Max: 5.1, Diff: 1.1, Sum: 85.8]
      [Update RS (ms): Min: 3.1, Avg: 3.5, Max: 4.1, Diff: 1.0, Sum: 62.7]
         [Processed Buffers: Min: 12, Avg: 34.1, Max: 58, Diff: 46, Sum: 614]
      [Scan RS (ms): Min: 0.0, Avg: 0.2, Max: 0.3, Diff: 0.2, Sum: 3.8]
      [Code Root Scanning (ms): Min: 0.0, Avg: 0.0, Max: 0.0, Diff: 0.0, Sum: 0.1]
      [Object Copy (ms): Min: 43.7, Avg: 43.9, Max: 44.2, Diff: 0.5, Sum: 790.8]
      [Termination (ms): Min: 0.0, Avg: 0.0, Max: 0.0, Diff: 0.0, Sum: 0.1]
      [GC Worker Other (ms): Min: 0.0, Avg: 0.1, Max: 0.1, Diff: 0.1, Sum: 1.2]
      [GC Worker Total (ms): Min: 52.4, Avg: 52.5, Max: 52.6, Diff: 0.2, Sum: 944.5]
      [GC Worker End (ms): Min: 866677.9, Avg: 866677.9, Max: 866677.9, Diff: 0.1]
   [Code Root Fixup: 0.3 ms]
   [Code Root Migration: 0.1 ms]
   [Clear CT: 1.7 ms]
   [Other: 3.6 ms]
      [Choose CSet: 0.0 ms]
      [Ref Proc: 1.7 ms]
      [Ref Enq: 0.1 ms]
      [Free CSet: 0.6 ms]
   [Eden: 4192.0M(4192.0M)->0.0B(4096.0M) Survivors: 240.0M->288.0M Heap: 8948.1M(10.0G)->4806.7M(10.0G)]
 [Times: user=0.97 sys=0.01, real=0.06 secs] 
866.684: Total time for which application threads were stopped: 0.0599840 seconds
871.218: Total time for which application threads were stopped: 0.0020740 seconds
871.219: [GC pause (GCLocker Initiated GC) (young)
Desired survivor size 293601280 bytes, new threshold 15 (max 15)
- age   1:   13760744 bytes,   13760744 total
- age   2:    4245024 bytes,   18005768 total
- age   3:    7294992 bytes,   25300760 total
- age   4:   23315792 bytes,   48616552 total
- age   5:    6778200 bytes,   55394752 total
- age   6:    3739344 bytes,   59134096 total
- age   7:    2119392 bytes,   61253488 total
- age   8:    1570624 bytes,   62824112 total
- age   9:    2401776 bytes,   65225888 total
- age  10:    1550064 bytes,   66775952 total
- age  11:    2458840 bytes,   69234792 total
- age  12:    1295272 bytes,   70530064 total
- age  13:   22283856 bytes,   92813920 total
- age  14:   54446632 bytes,  147260552 total
- age  15:   23869208 bytes,  171129760 total
, 0.0529160 secs]
   [Parallel Time: 47.3 ms, GC Workers: 18]
      [GC Worker Start (ms): Min: 871219.6, Avg: 871219.7, Max: 871219.8, Diff: 0.2]
      [Ext Root Scanning (ms): Min: 4.2, Avg: 4.7, Max: 5.0, Diff: 0.8, Sum: 84.8]
      [Update RS (ms): Min: 3.2, Avg: 3.6, Max: 4.5, Diff: 1.3, Sum: 64.0]
         [Processed Buffers: Min: 12, Avg: 37.0, Max: 71, Diff: 59, Sum: 666]
      [Scan RS (ms): Min: 0.0, Avg: 0.2, Max: 0.2, Diff: 0.2, Sum: 3.9]
      [Code Root Scanning (ms): Min: 0.0, Avg: 0.0, Max: 0.0, Diff: 0.0, Sum: 0.1]
      [Object Copy (ms): Min: 38.0, Avg: 38.5, Max: 38.8, Diff: 0.8, Sum: 693.6]
      [Termination (ms): Min: 0.0, Avg: 0.0, Max: 0.0, Diff: 0.0, Sum: 0.1]
      [GC Worker Other (ms): Min: 0.0, Avg: 0.1, Max: 0.1, Diff: 0.1, Sum: 1.6]
      [GC Worker Total (ms): Min: 47.0, Avg: 47.1, Max: 47.2, Diff: 0.2, Sum: 848.0]
      [GC Worker End (ms): Min: 871266.8, Avg: 871266.8, Max: 871266.9, Diff: 0.1]
   [Code Root Fixup: 0.2 ms]
   [Code Root Migration: 0.1 ms]
   [Clear CT: 1.6 ms]
   [Other: 3.7 ms]
      [Choose CSet: 0.0 ms]
      [Ref Proc: 1.6 ms]
      [Ref Enq: 0.1 ms]
      [Free CSet: 0.6 ms]
   [Eden: 4112.0M(4096.0M)->0.0B(4112.0M) Survivors: 288.0M->272.0M Heap: 8903.0M(10.0G)->4815.1M(10.0G)]
 [Times: user=0.87 sys=0.01, real=0.06 secs] 
871.272: Total time for which application threads were stopped: 0.0538190 seconds
874.778: Total time for which application threads were stopped: 0.0011740 seconds
875.810: [GC pause (G1 Evacuation Pause) (young)
Desired survivor size 293601280 bytes, new threshold 15 (max 15)
- age   1:   12258888 bytes,   12258888 total
- age   2:    6431624 bytes,   18690512 total
- age   3:    3621280 bytes,   22311792 total
- age   4:    6878312 bytes,   29190104 total
- age   5:   23230408 bytes,   52420512 total
- age   6:    4673832 bytes,   57094344 total
- age   7:    1668128 bytes,   58762472 total
- age   8:    2012272 bytes,   60774744 total
- age   9:    1565000 bytes,   62339744 total
- age  10:    2259400 bytes,   64599144 total
- age  11:    1546664 bytes,   66145808 total
- age  12:    2455408 bytes,   68601216 total
- age  13:    1270144 bytes,   69871360 total
- age  14:   22281504 bytes,   92152864 total
- age  15:   54446400 bytes,  146599264 total
, 0.0563540 secs]
   [Parallel Time: 50.7 ms, GC Workers: 18]
      [GC Worker Start (ms): Min: 875810.6, Avg: 875810.7, Max: 875810.8, Diff: 0.1]
      [Ext Root Scanning (ms): Min: 4.2, Avg: 4.9, Max: 5.2, Diff: 1.0, Sum: 87.5]
      [Update RS (ms): Min: 7.3, Avg: 7.7, Max: 8.1, Diff: 0.8, Sum: 138.1]
         [Processed Buffers: Min: 25, Avg: 43.2, Max: 65, Diff: 40, Sum: 777]
      [Scan RS (ms): Min: 0.0, Avg: 0.2, Max: 0.3, Diff: 0.2, Sum: 3.9]
      [Code Root Scanning (ms): Min: 0.0, Avg: 0.0, Max: 0.0, Diff: 0.0, Sum: 0.1]
      [Object Copy (ms): Min: 37.4, Avg: 37.7, Max: 37.9, Diff: 0.5, Sum: 677.9]
      [Termination (ms): Min: 0.0, Avg: 0.0, Max: 0.0, Diff: 0.0, Sum: 0.1]
      [GC Worker Other (ms): Min: 0.0, Avg: 0.1, Max: 0.1, Diff: 0.1, Sum: 1.2]
      [GC Worker Total (ms): Min: 50.4, Avg: 50.5, Max: 50.6, Diff: 0.2, Sum: 908.7]
      [GC Worker End (ms): Min: 875861.1, Avg: 875861.2, Max: 875861.2, Diff: 0.1]
   [Code Root Fixup: 0.2 ms]
   [Code Root Migration: 0.1 ms]
   [Clear CT: 1.5 ms]
   [Other: 3.8 ms]
      [Choose CSet: 0.0 ms]
      [Ref Proc: 1.6 ms]
      [Ref Enq: 0.1 ms]
      [Free CSet: 0.6 ms]
   [Eden: 4112.0M(4112.0M)->0.0B(4240.0M) Survivors: 272.0M->176.0M Heap: 8927.1M(10.0G)->4774.6M(10.0G)]
 [Times: user=0.92 sys=0.02, real=0.06 secs] 
875.867: Total time for which application threads were stopped: 0.0579900 seconds
880.692: [GC pause (G1 Evacuation Pause) (young) (initial-mark)
Desired survivor size 293601280 bytes, new threshold 15 (max 15)
- age   1:   11389120 bytes,   11389120 total
- age   2:    7627144 bytes,   19016264 total
- age   3:    5788032 bytes,   24804296 total
- age   4:    3503216 bytes,   28307512 total
- age   5:    6799232 bytes,   35106744 total
- age   6:   21151064 bytes,   56257808 total
- age   7:    2593928 bytes,   58851736 total
- age   8:    1655216 bytes,   60506952 total
- age   9:    2009080 bytes,   62516032 total
- age  10:    1560560 bytes,   64076592 total
- age  11:    2256536 bytes,   66333128 total
- age  12:    1544128 bytes,   67877256 total
- age  13:    2424152 bytes,   70301408 total
- age  14:    1260664 bytes,   71562072 total
- age  15:   22280264 bytes,   93842336 total
, 0.0536560 secs]
   [Parallel Time: 48.0 ms, GC Workers: 18]
      [GC Worker Start (ms): Min: 880692.4, Avg: 880692.5, Max: 880692.6, Diff: 0.1]
      [Ext Root Scanning (ms): Min: 3.7, Avg: 4.2, Max: 4.7, Diff: 1.0, Sum: 76.5]
      [Code Root Marking (ms): Min: 0.2, Avg: 1.1, Max: 6.5, Diff: 6.3, Sum: 19.8]
      [Update RS (ms): Min: 7.8, Avg: 13.3, Max: 14.0, Diff: 6.2, Sum: 240.0]
         [Processed Buffers: Min: 37, Avg: 58.9, Max: 83, Diff: 46, Sum: 1061]
      [Scan RS (ms): Min: 0.0, Avg: 0.2, Max: 0.2, Diff: 0.2, Sum: 3.9]
      [Code Root Scanning (ms): Min: 0.0, Avg: 0.0, Max: 0.0, Diff: 0.0, Sum: 0.1]
      [Object Copy (ms): Min: 28.5, Avg: 28.8, Max: 29.0, Diff: 0.4, Sum: 518.8]
      [Termination (ms): Min: 0.0, Avg: 0.0, Max: 0.0, Diff: 0.0, Sum: 0.1]
      [GC Worker Other (ms): Min: 0.0, Avg: 0.1, Max: 0.1, Diff: 0.1, Sum: 1.2]
      [GC Worker Total (ms): Min: 47.7, Avg: 47.8, Max: 47.9, Diff: 0.1, Sum: 860.4]
      [GC Worker End (ms): Min: 880740.3, Avg: 880740.3, Max: 880740.4, Diff: 0.1]
   [Code Root Fixup: 0.3 ms]
   [Code Root Migration: 0.1 ms]
   [Clear CT: 1.3 ms]
   [Other: 4.1 ms]
      [Choose CSet: 0.0 ms]
      [Ref Proc: 1.7 ms]
      [Ref Enq: 0.1 ms]
      [Free CSet: 0.6 ms]
   [Eden: 4240.0M(4240.0M)->0.0B(4256.0M) Survivors: 176.0M->144.0M Heap: 9014.6M(10.0G)->4794.0M(10.0G)]
 [Times: user=0.89 sys=0.01, real=0.05 secs] 
880.746: [GC concurrent-root-region-scan-start]
880.746: Total time for which application threads were stopped: 0.0563090 seconds
880.764: [GC concurrent-root-region-scan-end, 0.0178620 secs]
880.764: [GC concurrent-mark-start]
880.858: Total time for which application threads were stopped: 0.0009170 seconds
881.709: [GC concurrent-mark-end, 0.9449220 secs]
881.710: [GC remark 881.711: [GC ref-proc, 0.0028040 secs], 0.0102290 secs]
 [Times: user=0.14 sys=0.00, real=0.01 secs] 
881.720: Total time for which application threads were stopped: 0.0116780 seconds
881.721: [GC cleanup 5840M->5824M(10G), 0.0079780 secs]
 [Times: user=0.12 sys=0.01, real=0.01 secs] 
881.729: Total time for which application threads were stopped: 0.0089390 seconds
881.729: [GC concurrent-cleanup-start]
881.729: [GC concurrent-cleanup-end, 0.0000270 secs]
882.731: Total time for which application threads were stopped: 0.0010650 seconds
884.188: Total time for which application threads were stopped: 0.0011460 seconds
885.625: [GC pause (G1 Evacuation Pause) (young)
Desired survivor size 293601280 bytes, new threshold 15 (max 15)
- age   1:   23342264 bytes,   23342264 total
- age   2:    6467176 bytes,   29809440 total
- age   3:    7037872 bytes,   36847312 total
- age   4:    5663544 bytes,   42510856 total
- age   5:    3435568 bytes,   45946424 total
- age   6:    6661616 bytes,   52608040 total
- age   7:   19072824 bytes,   71680864 total
- age   8:    2499096 bytes,   74179960 total
- age   9:    1651176 bytes,   75831136 total
- age  10:    2005256 bytes,   77836392 total
- age  11:    1557312 bytes,   79393704 total
- age  12:    2251192 bytes,   81644896 total
- age  13:    1526872 bytes,   83171768 total
- age  14:    2418912 bytes,   85590680 total
- age  15:     933408 bytes,   86524088 total
, 0.0357530 secs]
   [Parallel Time: 30.4 ms, GC Workers: 18]
      [GC Worker Start (ms): Min: 885625.8, Avg: 885625.9, Max: 885625.9, Diff: 0.2]
      [Ext Root Scanning (ms): Min: 4.3, Avg: 4.9, Max: 5.4, Diff: 1.1, Sum: 88.7]
      [Update RS (ms): Min: 7.3, Avg: 7.8, Max: 9.0, Diff: 1.7, Sum: 139.8]
         [Processed Buffers: Min: 17, Avg: 42.6, Max: 66, Diff: 49, Sum: 766]
      [Scan RS (ms): Min: 0.0, Avg: 0.2, Max: 0.3, Diff: 0.3, Sum: 3.4]
      [Code Root Scanning (ms): Min: 0.0, Avg: 0.0, Max: 0.0, Diff: 0.0, Sum: 0.1]
      [Object Copy (ms): Min: 16.5, Avg: 17.2, Max: 17.5, Diff: 1.0, Sum: 309.0]
      [Termination (ms): Min: 0.0, Avg: 0.0, Max: 0.0, Diff: 0.0, Sum: 0.1]
      [GC Worker Other (ms): Min: 0.0, Avg: 0.1, Max: 0.1, Diff: 0.1, Sum: 1.2]
      [GC Worker Total (ms): Min: 30.0, Avg: 30.1, Max: 30.3, Diff: 0.2, Sum: 542.5]
      [GC Worker End (ms): Min: 885656.0, Avg: 885656.0, Max: 885656.0, Diff: 0.1]
   [Code Root Fixup: 0.3 ms]
   [Code Root Migration: 0.1 ms]
   [Clear CT: 1.3 ms]
   [Other: 3.8 ms]
      [Choose CSet: 0.0 ms]
      [Ref Proc: 1.6 ms]
      [Ref Enq: 0.1 ms]
      [Free CSet: 0.8 ms]
   [Eden: 4256.0M(4256.0M)->0.0B(400.0M) Survivors: 144.0M->112.0M Heap: 9034.0M(10.0G)->4761.4M(10.0G)]
 [Times: user=0.55 sys=0.01, real=0.03 secs] 
885.661: Total time for which application threads were stopped: 0.0374030 seconds
885.918: [GC pause (G1 Evacuation Pause) (mixed)
Desired survivor size 33554432 bytes, new threshold 2 (max 15)
- age   1:   30632552 bytes,   30632552 total
- age   2:    5829848 bytes,   36462400 total
- age   3:    5776968 bytes,   42239368 total
- age   4:    6771240 bytes,   49010608 total
- age   5:    5536568 bytes,   54547176 total
- age   6:    3366448 bytes,   57913624 total
- age   7:    2501128 bytes,   60414752 total
- age   8:    1287072 bytes,   61701824 total
- age   9:    2458200 bytes,   64160024 total
- age  10:    1623408 bytes,   65783432 total
- age  11:    1979184 bytes,   67762616 total
- age  12:    1518776 bytes,   69281392 total
- age  13:    2186296 bytes,   71467688 total
- age  14:    1442536 bytes,   72910224 total
- age  15:    2367808 bytes,   75278032 total
, 0.1413590 secs]
   [Parallel Time: 130.8 ms, GC Workers: 18]
      [GC Worker Start (ms): Min: 885918.4, Avg: 885918.5, Max: 885918.6, Diff: 0.1]
      [Ext Root Scanning (ms): Min: 4.1, Avg: 4.9, Max: 5.4, Diff: 1.2, Sum: 87.5]
      [Update RS (ms): Min: 1.9, Avg: 2.4, Max: 3.1, Diff: 1.2, Sum: 44.1]
         [Processed Buffers: Min: 7, Avg: 32.6, Max: 75, Diff: 68, Sum: 587]
      [Scan RS (ms): Min: 18.4, Avg: 18.7, Max: 18.8, Diff: 0.4, Sum: 335.9]
      [Code Root Scanning (ms): Min: 0.0, Avg: 0.0, Max: 0.2, Diff: 0.2, Sum: 0.7]
      [Object Copy (ms): Min: 104.3, Avg: 104.5, Max: 104.8, Diff: 0.6, Sum: 1881.1]
      [Termination (ms): Min: 0.0, Avg: 0.0, Max: 0.0, Diff: 0.0, Sum: 0.1]
      [GC Worker Other (ms): Min: 0.0, Avg: 0.1, Max: 0.1, Diff: 0.0, Sum: 0.9]
      [GC Worker Total (ms): Min: 130.5, Avg: 130.6, Max: 130.6, Diff: 0.2, Sum: 2350.3]
      [GC Worker End (ms): Min: 886049.0, Avg: 886049.1, Max: 886049.1, Diff: 0.0]
   [Code Root Fixup: 0.6 ms]
   [Code Root Migration: 1.2 ms]
   [Clear CT: 2.0 ms]
   [Other: 6.8 ms]
      [Choose CSet: 0.3 ms]
      [Ref Proc: 1.7 ms]
      [Ref Enq: 0.1 ms]
      [Free CSet: 1.0 ms]
   [Eden: 400.0M(400.0M)->0.0B(448.0M) Survivors: 112.0M->64.0M Heap: 5161.4M(10.0G)->4270.4M(10.0G)]
 [Times: user=2.38 sys=0.01, real=0.14 secs] 
886.059: Total time for which application threads were stopped: 0.1426640 seconds
886.381: Total time for which application threads were stopped: 0.0010970 seconds
886.381: [GC pause (GCLocker Initiated GC) (young)
Desired survivor size 33554432 bytes, new threshold 15 (max 15)
- age   1:    1095080 bytes,    1095080 total
- age   2:   29478688 bytes,   30573768 total
, 0.0477090 secs]
   [Parallel Time: 44.1 ms, GC Workers: 18]
      [GC Worker Start (ms): Min: 886381.8, Avg: 886381.9, Max: 886382.0, Diff: 0.2]
      [Ext Root Scanning (ms): Min: 4.4, Avg: 5.0, Max: 5.5, Diff: 1.0, Sum: 89.2]
      [Update RS (ms): Min: 25.9, Avg: 27.1, Max: 38.6, Diff: 12.7, Sum: 487.2]
         [Processed Buffers: Min: 17, Avg: 73.2, Max: 114, Diff: 97, Sum: 1317]
      [Scan RS (ms): Min: 0.0, Avg: 0.4, Max: 0.5, Diff: 0.5, Sum: 7.5]
      [Code Root Scanning (ms): Min: 0.0, Avg: 0.0, Max: 0.0, Diff: 0.0, Sum: 0.0]
      [Object Copy (ms): Min: 0.3, Avg: 5.1, Max: 5.6, Diff: 5.3, Sum: 91.5]
      [Termination (ms): Min: 0.0, Avg: 6.4, Max: 6.7, Diff: 6.7, Sum: 114.4]
      [GC Worker Other (ms): Min: 0.0, Avg: 0.0, Max: 0.0, Diff: 0.0, Sum: 0.3]
      [GC Worker Total (ms): Min: 43.8, Avg: 43.9, Max: 44.0, Diff: 0.1, Sum: 790.2]
      [GC Worker End (ms): Min: 886425.8, Avg: 886425.8, Max: 886425.8, Diff: 0.0]
   [Code Root Fixup: 0.2 ms]
   [Code Root Migration: 0.0 ms]
   [Clear CT: 0.7 ms]
   [Other: 2.7 ms]
      [Choose CSet: 0.0 ms]
      [Ref Proc: 1.6 ms]
      [Ref Enq: 0.1 ms]
      [Free CSet: 0.2 ms]
   [Eden: 464.0M(448.0M)->0.0B(464.0M) Survivors: 64.0M->48.0M Heap: 4718.8M(10.0G)->4258.0M(10.0G)]
 [Times: user=0.80 sys=0.01, real=0.04 secs] 
886.429: Total time for which application threads were stopped: 0.0484830 seconds
886.781: [GC pause (G1 Evacuation Pause) (young)
Desired survivor size 33554432 bytes, new threshold 15 (max 15)
- age   1:    3600648 bytes,    3600648 total
- age   2:     286544 bytes,    3887192 total
- age   3:   26951296 bytes,   30838488 total
, 0.0162430 secs]
   [Parallel Time: 12.9 ms, GC Workers: 18]
      [GC Worker Start (ms): Min: 886781.6, Avg: 886781.7, Max: 886781.8, Diff: 0.1]
      [Ext Root Scanning (ms): Min: 4.3, Avg: 4.8, Max: 5.1, Diff: 0.8, Sum: 86.3]
      [Update RS (ms): Min: 0.9, Avg: 1.7, Max: 2.6, Diff: 1.7, Sum: 29.8]
         [Processed Buffers: Min: 10, Avg: 30.4, Max: 63, Diff: 53, Sum: 548]
      [Scan RS (ms): Min: 0.0, Avg: 0.0, Max: 0.0, Diff: 0.0, Sum: 0.5]
      [Code Root Scanning (ms): Min: 0.0, Avg: 0.0, Max: 0.0, Diff: 0.0, Sum: 0.0]
      [Object Copy (ms): Min: 5.3, Avg: 5.8, Max: 6.6, Diff: 1.2, Sum: 105.2]
      [Termination (ms): Min: 0.0, Avg: 0.0, Max: 0.0, Diff: 0.0, Sum: 0.1]
      [GC Worker Other (ms): Min: 0.0, Avg: 0.4, Max: 0.9, Diff: 0.9, Sum: 7.3]
      [GC Worker Total (ms): Min: 12.7, Avg: 12.7, Max: 12.8, Diff: 0.2, Sum: 229.2]
      [GC Worker End (ms): Min: 886794.4, Avg: 886794.4, Max: 886794.5, Diff: 0.0]
   [Code Root Fixup: 0.3 ms]
   [Code Root Migration: 0.0 ms]
   [Clear CT: 0.2 ms]
   [Other: 2.8 ms]
      [Choose CSet: 0.0 ms]
      [Ref Proc: 1.7 ms]
      [Ref Enq: 0.2 ms]
      [Free CSet: 0.2 ms]
   [Eden: 464.0M(464.0M)->0.0B(464.0M) Survivors: 48.0M->48.0M Heap: 4722.0M(10.0G)->4263.0M(10.0G)]
 [Times: user=0.21 sys=0.01, real=0.02 secs] 
886.798: Total time for which application threads were stopped: 0.0175150 seconds
887.165: [GC pause (G1 Evacuation Pause) (young)
Desired survivor size 33554432 bytes, new threshold 15 (max 15)
- age   1:    1936680 bytes,    1936680 total
- age   2:    2583400 bytes,    4520080 total
- age   3:     281344 bytes,    4801424 total
- age   4:   26884336 bytes,   31685760 total
, 0.0168450 secs]
   [Parallel Time: 13.7 ms, GC Workers: 18]
      [GC Worker Start (ms): Min: 887165.1, Avg: 887165.2, Max: 887165.2, Diff: 0.1]
      [Ext Root Scanning (ms): Min: 3.7, Avg: 4.7, Max: 5.1, Diff: 1.4, Sum: 85.4]
      [Update RS (ms): Min: 1.4, Avg: 1.9, Max: 2.9, Diff: 1.4, Sum: 35.1]
         [Processed Buffers: Min: 10, Avg: 33.5, Max: 69, Diff: 59, Sum: 603]
      [Scan RS (ms): Min: 0.0, Avg: 0.0, Max: 0.0, Diff: 0.0, Sum: 0.3]
      [Code Root Scanning (ms): Min: 0.0, Avg: 0.0, Max: 0.0, Diff: 0.0, Sum: 0.0]
      [Object Copy (ms): Min: 6.5, Avg: 6.8, Max: 7.0, Diff: 0.4, Sum: 121.8]
      [Termination (ms): Min: 0.0, Avg: 0.0, Max: 0.0, Diff: 0.0, Sum: 0.1]
      [GC Worker Other (ms): Min: 0.0, Avg: 0.0, Max: 0.1, Diff: 0.0, Sum: 0.7]
      [GC Worker Total (ms): Min: 13.5, Avg: 13.5, Max: 13.6, Diff: 0.2, Sum: 243.4]
      [GC Worker End (ms): Min: 887178.7, Avg: 887178.7, Max: 887178.7, Diff: 0.0]
   [Code Root Fixup: 0.2 ms]
   [Code Root Migration: 0.0 ms]
   [Clear CT: 0.2 ms]
   [Other: 2.7 ms]
      [Choose CSet: 0.0 ms]
      [Ref Proc: 1.6 ms]
      [Ref Enq: 0.2 ms]
      [Free CSet: 0.2 ms]
   [Eden: 464.0M(464.0M)->0.0B(464.0M) Survivors: 48.0M->48.0M Heap: 4727.0M(10.0G)->4264.0M(10.0G)]
 [Times: user=0.24 sys=0.00, real=0.02 secs] 
887.182: Total time for which application threads were stopped: 0.0183030 seconds
887.546: [GC pause (G1 Evacuation Pause) (young)
Desired survivor size 33554432 bytes, new threshold 5 (max 15)
- age   1:    3730808 bytes,    3730808 total
- age   2:     735968 bytes,    4466776 total
- age   3:    2561368 bytes,    7028144 total
- age   4:     275752 bytes,    7303896 total
- age   5:   26672696 bytes,   33976592 total
, 0.0165380 secs]
   [Parallel Time: 13.2 ms, GC Workers: 18]
      [GC Worker Start (ms): Min: 887546.6, Avg: 887546.7, Max: 887546.7, Diff: 0.1]
      [Ext Root Scanning (ms): Min: 4.3, Avg: 4.8, Max: 5.1, Diff: 0.9, Sum: 86.7]
      [Update RS (ms): Min: 1.2, Avg: 1.6, Max: 2.7, Diff: 1.5, Sum: 28.7]
         [Processed Buffers: Min: 12, Avg: 29.9, Max: 49, Diff: 37, Sum: 538]
      [Scan RS (ms): Min: 0.0, Avg: 0.0, Max: 0.0, Diff: 0.0, Sum: 0.5]
      [Code Root Scanning (ms): Min: 0.0, Avg: 0.0, Max: 0.0, Diff: 0.0, Sum: 0.0]
      [Object Copy (ms): Min: 6.0, Avg: 6.6, Max: 6.8, Diff: 0.8, Sum: 118.0]
      [Termination (ms): Min: 0.0, Avg: 0.0, Max: 0.0, Diff: 0.0, Sum: 0.0]
      [GC Worker Other (ms): Min: 0.0, Avg: 0.0, Max: 0.1, Diff: 0.0, Sum: 0.8]
      [GC Worker Total (ms): Min: 13.0, Avg: 13.0, Max: 13.1, Diff: 0.1, Sum: 234.7]
      [GC Worker End (ms): Min: 887559.7, Avg: 887559.7, Max: 887559.7, Diff: 0.0]
   [Code Root Fixup: 0.3 ms]
   [Code Root Migration: 0.0 ms]
   [Clear CT: 0.2 ms]
   [Other: 2.8 ms]
      [Choose CSet: 0.0 ms]
      [Ref Proc: 1.6 ms]
      [Ref Enq: 0.1 ms]
      [Free CSet: 0.2 ms]
   [Eden: 464.0M(464.0M)->0.0B(480.0M) Survivors: 48.0M->32.0M Heap: 4728.0M(10.0G)->4272.6M(10.0G)]
 [Times: user=0.23 sys=0.00, real=0.02 secs] 
887.563: Total time for which application threads were stopped: 0.0178760 seconds
887.932: [GC pause (G1 Evacuation Pause) (young)
Desired survivor size 33554432 bytes, new threshold 15 (max 15)
- age   1:    1088120 bytes,    1088120 total
- age   2:    2739224 bytes,    3827344 total
- age   3:     730328 bytes,    4557672 total
- age   4:    2534504 bytes,    7092176 total
- age   5:     271208 bytes,    7363384 total
, 0.0160010 secs]
   [Parallel Time: 12.9 ms, GC Workers: 18]
      [GC Worker Start (ms): Min: 887932.3, Avg: 887932.4, Max: 887932.5, Diff: 0.1]
      [Ext Root Scanning (ms): Min: 3.7, Avg: 4.7, Max: 5.0, Diff: 1.4, Sum: 83.8]
      [Update RS (ms): Min: 5.9, Avg: 6.3, Max: 7.2, Diff: 1.3, Sum: 112.5]
         [Processed Buffers: Min: 11, Avg: 39.1, Max: 77, Diff: 66, Sum: 703]
      [Scan RS (ms): Min: 0.0, Avg: 0.0, Max: 0.1, Diff: 0.1, Sum: 0.5]
      [Code Root Scanning (ms): Min: 0.0, Avg: 0.0, Max: 0.0, Diff: 0.0, Sum: 0.0]
      [Object Copy (ms): Min: 1.1, Avg: 1.7, Max: 2.0, Diff: 0.8, Sum: 31.3]
      [Termination (ms): Min: 0.0, Avg: 0.0, Max: 0.0, Diff: 0.0, Sum: 0.6]
      [GC Worker Other (ms): Min: 0.0, Avg: 0.0, Max: 0.0, Diff: 0.0, Sum: 0.3]
      [GC Worker Total (ms): Min: 12.7, Avg: 12.7, Max: 12.8, Diff: 0.1, Sum: 229.1]
      [GC Worker End (ms): Min: 887945.1, Avg: 887945.1, Max: 887945.2, Diff: 0.0]
   [Code Root Fixup: 0.3 ms]
   [Code Root Migration: 0.0 ms]
   [Clear CT: 0.3 ms]
   [Other: 2.5 ms]
      [Choose CSet: 0.0 ms]
      [Ref Proc: 1.6 ms]
      [Ref Enq: 0.2 ms]
      [Free CSet: 0.2 ms]
   [Eden: 480.0M(480.0M)->0.0B(496.0M) Survivors: 32.0M->16.0M Heap: 4752.6M(10.0G)->4257.7M(10.0G)]
 [Times: user=0.23 sys=0.01, real=0.02 secs] 
887.948: Total time for which application threads were stopped: 0.0174440 seconds
888.336: [GC pause (G1 Evacuation Pause) (young)
Desired survivor size 33554432 bytes, new threshold 15 (max 15)
- age   1:    3212800 bytes,    3212800 total
- age   2:     321880 bytes,    3534680 total
- age   3:    1664744 bytes,    5199424 total
- age   4:     711600 bytes,    5911024 total
- age   5:    2521800 bytes,    8432824 total
- age   6:     261480 bytes,    8694304 total
, 0.0120270 secs]
   [Parallel Time: 9.0 ms, GC Workers: 18]
      [GC Worker Start (ms): Min: 888336.6, Avg: 888336.7, Max: 888336.8, Diff: 0.2]
      [Ext Root Scanning (ms): Min: 3.9, Avg: 4.7, Max: 5.1, Diff: 1.3, Sum: 84.2]
      [Update RS (ms): Min: 1.2, Avg: 1.6, Max: 2.7, Diff: 1.6, Sum: 28.5]
         [Processed Buffers: Min: 15, Avg: 30.6, Max: 56, Diff: 41, Sum: 550]
      [Scan RS (ms): Min: 0.0, Avg: 0.0, Max: 0.0, Diff: 0.0, Sum: 0.4]
      [Code Root Scanning (ms): Min: 0.0, Avg: 0.0, Max: 0.0, Diff: 0.0, Sum: 0.0]
      [Object Copy (ms): Min: 1.4, Avg: 1.8, Max: 2.5, Diff: 1.1, Sum: 33.3]
      [Termination (ms): Min: 0.0, Avg: 0.7, Max: 0.8, Diff: 0.8, Sum: 12.4]
      [GC Worker Other (ms): Min: 0.0, Avg: 0.0, Max: 0.0, Diff: 0.0, Sum: 0.4]
      [GC Worker Total (ms): Min: 8.8, Avg: 8.8, Max: 8.9, Diff: 0.2, Sum: 159.1]
      [GC Worker End (ms): Min: 888345.5, Avg: 888345.5, Max: 888345.5, Diff: 0.0]
   [Code Root Fixup: 0.2 ms]
   [Code Root Migration: 0.0 ms]
   [Clear CT: 0.2 ms]
   [Other: 2.6 ms]
      [Choose CSet: 0.0 ms]
      [Ref Proc: 1.6 ms]
      [Ref Enq: 0.2 ms]
      [Free CSet: 0.2 ms]
   [Eden: 496.0M(496.0M)->0.0B(1920.0M) Survivors: 16.0M->16.0M Heap: 4753.7M(10.0G)->4256.3M(10.0G)]
 [Times: user=0.16 sys=0.01, real=0.01 secs] 
888.348: Total time for which application threads were stopped: 0.0132070 seconds
890.445: [GC pause (G1 Evacuation Pause) (young)
Desired survivor size 134217728 bytes, new threshold 15 (max 15)
- age   1:    1133704 bytes,    1133704 total
- age   2:    2555920 bytes,    3689624 total
- age   3:     307920 bytes,    3997544 total
- age   4:    1646424 bytes,    5643968 total
- age   5:     704096 bytes,    6348064 total
- age   6:    2521312 bytes,    8869376 total
- age   7:     254744 bytes,    9124120 total
, 0.0133590 secs]
   [Parallel Time: 9.5 ms, GC Workers: 18]
      [GC Worker Start (ms): Min: 890445.0, Avg: 890445.0, Max: 890445.1, Diff: 0.1]
      [Ext Root Scanning (ms): Min: 4.2, Avg: 4.7, Max: 5.0, Diff: 0.8, Sum: 84.0]
      [Update RS (ms): Min: 1.6, Avg: 2.0, Max: 2.6, Diff: 1.0, Sum: 35.8]
         [Processed Buffers: Min: 6, Avg: 32.0, Max: 78, Diff: 72, Sum: 576]
      [Scan RS (ms): Min: 0.1, Avg: 0.1, Max: 0.1, Diff: 0.0, Sum: 1.8]
      [Code Root Scanning (ms): Min: 0.0, Avg: 0.0, Max: 0.0, Diff: 0.0, Sum: 0.0]
      [Object Copy (ms): Min: 1.8, Avg: 1.9, Max: 2.6, Diff: 0.8, Sum: 35.0]
      [Termination (ms): Min: 0.0, Avg: 0.6, Max: 0.7, Diff: 0.7, Sum: 10.6]
      [GC Worker Other (ms): Min: 0.0, Avg: 0.0, Max: 0.1, Diff: 0.1, Sum: 0.6]
      [GC Worker Total (ms): Min: 9.2, Avg: 9.3, Max: 9.4, Diff: 0.2, Sum: 167.8]
      [GC Worker End (ms): Min: 890454.4, Avg: 890454.4, Max: 890454.4, Diff: 0.0]
   [Code Root Fixup: 0.3 ms]
   [Code Root Migration: 0.0 ms]
   [Clear CT: 0.6 ms]
   [Other: 3.0 ms]
      [Choose CSet: 0.0 ms]
      [Ref Proc: 1.8 ms]
      [Ref Enq: 0.1 ms]
      [Free CSet: 0.4 ms]
   [Eden: 1920.0M(1920.0M)->0.0B(4880.0M) Survivors: 16.0M->16.0M Heap: 6176.3M(10.0G)->4261.5M(10.0G)]
 [Times: user=0.16 sys=0.01, real=0.01 secs] 
890.458: Total time for which application threads were stopped: 0.0148130 seconds
894.460: Total time for which application threads were stopped: 0.0011900 seconds
895.061: Total time for which application threads were stopped: 0.0010000 seconds
895.103: Total time for which application threads were stopped: 0.0009280 seconds
895.449: [GC pause (G1 Evacuation Pause) (young)
Desired survivor size 327155712 bytes, new threshold 15 (max 15)
- age   1:    8534904 bytes,    8534904 total
- age   2:     365176 bytes,    8900080 total
- age   3:     298336 bytes,    9198416 total
- age   4:     285072 bytes,    9483488 total
- age   5:    1608896 bytes,   11092384 total
- age   6:     678816 bytes,   11771200 total
- age   7:    2388376 bytes,   14159576 total
- age   8:     142280 bytes,   14301856 total
, 0.0158680 secs]
   [Parallel Time: 11.1 ms, GC Workers: 18]
      [GC Worker Start (ms): Min: 895449.4, Avg: 895449.4, Max: 895449.5, Diff: 0.1]
      [Ext Root Scanning (ms): Min: 4.2, Avg: 4.8, Max: 5.3, Diff: 1.1, Sum: 86.5]
      [Update RS (ms): Min: 1.8, Avg: 2.2, Max: 2.8, Diff: 1.0, Sum: 38.7]
         [Processed Buffers: Min: 8, Avg: 32.7, Max: 61, Diff: 53, Sum: 588]
      [Scan RS (ms): Min: 0.2, Avg: 0.2, Max: 0.3, Diff: 0.1, Sum: 4.3]
      [Code Root Scanning (ms): Min: 0.0, Avg: 0.0, Max: 0.0, Diff: 0.0, Sum: 0.1]
      [Object Copy (ms): Min: 3.3, Avg: 3.4, Max: 3.7, Diff: 0.4, Sum: 62.0]
      [Termination (ms): Min: 0.0, Avg: 0.2, Max: 0.2, Diff: 0.2, Sum: 3.9]
      [GC Worker Other (ms): Min: 0.0, Avg: 0.0, Max: 0.1, Diff: 0.1, Sum: 0.7]
      [GC Worker Total (ms): Min: 10.9, Avg: 10.9, Max: 11.0, Diff: 0.1, Sum: 196.3]
      [GC Worker End (ms): Min: 895460.3, Avg: 895460.3, Max: 895460.4, Diff: 0.0]
   [Code Root Fixup: 0.3 ms]
   [Code Root Migration: 0.0 ms]
   [Clear CT: 1.3 ms]
   [Other: 3.2 ms]
      [Choose CSet: 0.0 ms]
      [Ref Proc: 1.5 ms]
      [Ref Enq: 0.1 ms]
      [Free CSet: 0.8 ms]
   [Eden: 4880.0M(4880.0M)->0.0B(4880.0M) Survivors: 16.0M->32.0M Heap: 9141.5M(10.0G)->4270.1M(10.0G)]
 [Times: user=0.22 sys=0.00, real=0.02 secs] 
895.465: Total time for which application threads were stopped: 0.0171540 seconds
898.466: Total time for which application threads were stopped: 0.0010840 seconds
900.217: [GC pause (G1 Evacuation Pause) (young)
Desired survivor size 327155712 bytes, new threshold 15 (max 15)
- age   1:   12980608 bytes,   12980608 total
- age   2:    4031984 bytes,   17012592 total
- age   3:     151080 bytes,   17163672 total
- age   4:     148920 bytes,   17312592 total
- age   5:     145656 bytes,   17458248 total
- age   6:    1459608 bytes,   18917856 total
- age   7:     529768 bytes,   19447624 total
- age   8:    2333608 bytes,   21781232 total
- age   9:     109888 bytes,   21891120 total
, 0.0175440 secs]
   [Parallel Time: 12.5 ms, GC Workers: 18]
      [GC Worker Start (ms): Min: 900217.7, Avg: 900217.8, Max: 900217.8, Diff: 0.1]
      [Ext Root Scanning (ms): Min: 4.2, Avg: 4.9, Max: 5.3, Diff: 1.1, Sum: 88.3]
      [Update RS (ms): Min: 1.9, Avg: 2.3, Max: 3.0, Diff: 1.1, Sum: 41.0]
         [Processed Buffers: Min: 4, Avg: 35.4, Max: 55, Diff: 51, Sum: 637]
      [Scan RS (ms): Min: 0.2, Avg: 0.2, Max: 0.3, Diff: 0.1, Sum: 4.4]
      [Code Root Scanning (ms): Min: 0.0, Avg: 0.0, Max: 0.0, Diff: 0.0, Sum: 0.1]
      [Object Copy (ms): Min: 3.5, Avg: 4.0, Max: 4.9, Diff: 1.3, Sum: 71.6]
      [Termination (ms): Min: 0.0, Avg: 0.9, Max: 1.3, Diff: 1.3, Sum: 16.6]
      [GC Worker Other (ms): Min: 0.0, Avg: 0.0, Max: 0.1, Diff: 0.1, Sum: 0.7]
      [GC Worker Total (ms): Min: 12.3, Avg: 12.4, Max: 12.4, Diff: 0.1, Sum: 222.6]
      [GC Worker End (ms): Min: 900230.1, Avg: 900230.2, Max: 900230.2, Diff: 0.0]
   [Code Root Fixup: 0.3 ms]
   [Code Root Migration: 0.1 ms]
   [Clear CT: 1.3 ms]
   [Other: 3.4 ms]
      [Choose CSet: 0.0 ms]
      [Ref Proc: 1.6 ms]
      [Ref Enq: 0.1 ms]
      [Free CSet: 0.8 ms]
   [Eden: 4880.0M(4880.0M)->0.0B(4848.0M) Survivors: 32.0M->48.0M Heap: 9150.1M(10.0G)->4281.1M(10.0G)]
 [Times: user=0.23 sys=0.02, real=0.02 secs] 
900.235: Total time for which application threads were stopped: 0.0190350 seconds
904.120: Total time for which application threads were stopped: 0.0020150 seconds
904.743: [GC pause (G1 Evacuation Pause) (young)
Desired survivor size 327155712 bytes, new threshold 15 (max 15)
- age   1:   13741000 bytes,   13741000 total
- age   2:    6380216 bytes,   20121216 total
- age   3:    3854896 bytes,   23976112 total
- age   4:     134008 bytes,   24110120 total
- age   5:     121352 bytes,   24231472 total
- age   6:     105512 bytes,   24336984 total
- age   7:    1223576 bytes,   25560560 total
- age   8:     503168 bytes,   26063728 total
- age   9:    2325952 bytes,   28389680 total
- age  10:     103952 bytes,   28493632 total
, 0.0192010 secs]
   [Parallel Time: 14.0 ms, GC Workers: 18]
      [GC Worker Start (ms): Min: 904744.0, Avg: 904744.0, Max: 904744.1, Diff: 0.1]
      [Ext Root Scanning (ms): Min: 4.4, Avg: 4.9, Max: 5.2, Diff: 0.8, Sum: 88.0]
      [Update RS (ms): Min: 2.0, Avg: 2.4, Max: 3.4, Diff: 1.4, Sum: 43.8]
         [Processed Buffers: Min: 7, Avg: 32.3, Max: 70, Diff: 63, Sum: 581]
      [Scan RS (ms): Min: 0.0, Avg: 0.2, Max: 0.3, Diff: 0.3, Sum: 3.7]
      [Code Root Scanning (ms): Min: 0.0, Avg: 0.0, Max: 0.0, Diff: 0.0, Sum: 0.1]
      [Object Copy (ms): Min: 3.4, Avg: 4.7, Max: 6.3, Diff: 2.9, Sum: 83.9]
      [Termination (ms): Min: 0.0, Avg: 1.6, Max: 2.5, Diff: 2.5, Sum: 29.1]
      [GC Worker Other (ms): Min: 0.0, Avg: 0.0, Max: 0.1, Diff: 0.0, Sum: 0.5]
      [GC Worker Total (ms): Min: 13.8, Avg: 13.8, Max: 13.9, Diff: 0.1, Sum: 249.0]
      [GC Worker End (ms): Min: 904757.9, Avg: 904757.9, Max: 904757.9, Diff: 0.0]
   [Code Root Fixup: 0.2 ms]
   [Code Root Migration: 0.1 ms]
   [Clear CT: 1.6 ms]
   [Other: 3.3 ms]
      [Choose CSet: 0.0 ms]
      [Ref Proc: 1.6 ms]
      [Ref Enq: 0.1 ms]
      [Free CSet: 0.8 ms]
   [Eden: 4848.0M(4848.0M)->0.0B(4848.0M) Survivors: 48.0M->48.0M Heap: 9129.1M(10.0G)->4289.0M(10.0G)]
 [Times: user=0.27 sys=0.01, real=0.02 secs] 
904.763: Total time for which application threads were stopped: 0.0207020 seconds
904.933: Total time for which application threads were stopped: 0.0009730 seconds
905.934: Total time for which application threads were stopped: 0.0010790 seconds
908.822: [GC pause (G1 Evacuation Pause) (young)
Desired survivor size 327155712 bytes, new threshold 15 (max 15)
- age   1:   13499264 bytes,   13499264 total
- age   2:    8103288 bytes,   21602552 total
- age   3:    6015256 bytes,   27617808 total
- age   4:    3787744 bytes,   31405552 total
- age   5:     122520 bytes,   31528072 total
- age   6:     109176 bytes,   31637248 total
- age   7:      95576 bytes,   31732824 total
- age   8:    1212168 bytes,   32944992 total
- age   9:     489600 bytes,   33434592 total
- age  10:    2321184 bytes,   35755776 total
- age  11:      98208 bytes,   35853984 total
, 0.0204380 secs]
   [Parallel Time: 15.1 ms, GC Workers: 18]
      [GC Worker Start (ms): Min: 908822.5, Avg: 908822.5, Max: 908822.6, Diff: 0.1]
      [Ext Root Scanning (ms): Min: 4.3, Avg: 4.9, Max: 5.4, Diff: 1.1, Sum: 88.4]
      [Update RS (ms): Min: 1.9, Avg: 2.4, Max: 3.0, Diff: 1.1, Sum: 42.4]
         [Processed Buffers: Min: 7, Avg: 35.1, Max: 53, Diff: 46, Sum: 632]
      [Scan RS (ms): Min: 0.0, Avg: 0.2, Max: 0.3, Diff: 0.2, Sum: 4.2]
      [Code Root Scanning (ms): Min: 0.0, Avg: 0.0, Max: 0.0, Diff: 0.0, Sum: 0.1]
      [Object Copy (ms): Min: 4.7, Avg: 5.5, Max: 7.7, Diff: 3.0, Sum: 99.8]
      [Termination (ms): Min: 0.0, Avg: 1.9, Max: 2.7, Diff: 2.7, Sum: 34.3]
      [GC Worker Other (ms): Min: 0.0, Avg: 0.0, Max: 0.1, Diff: 0.0, Sum: 0.5]
      [GC Worker Total (ms): Min: 14.9, Avg: 15.0, Max: 15.1, Diff: 0.2, Sum: 269.8]
      [GC Worker End (ms): Min: 908837.5, Avg: 908837.5, Max: 908837.5, Diff: 0.0]
   [Code Root Fixup: 0.3 ms]
   [Code Root Migration: 0.1 ms]
   [Clear CT: 1.4 ms]
   [Other: 3.6 ms]
      [Choose CSet: 0.0 ms]
      [Ref Proc: 1.7 ms]
      [Ref Enq: 0.1 ms]
      [Free CSet: 0.8 ms]
   [Eden: 4848.0M(4848.0M)->0.0B(4816.0M) Survivors: 48.0M->64.0M Heap: 9137.0M(10.0G)->4297.2M(10.0G)]
 [Times: user=0.29 sys=0.00, real=0.02 secs] 
908.843: Total time for which application threads were stopped: 0.0219390 seconds
910.857: Total time for which application threads were stopped: 0.0012120 seconds
912.810: [GC pause (G1 Evacuation Pause) (young)
Desired survivor size 327155712 bytes, new threshold 15 (max 15)
- age   1:   13220792 bytes,   13220792 total
- age   2:    5947016 bytes,   19167808 total
- age   3:    7293680 bytes,   26461488 total
- age   4:    5463904 bytes,   31925392 total
- age   5:    3706352 bytes,   35631744 total
- age   6:     117736 bytes,   35749480 total
- age   7:     105240 bytes,   35854720 total
- age   8:      93168 bytes,   35947888 total
- age   9:    1073336 bytes,   37021224 total
- age  10:     485168 bytes,   37506392 total
- age  11:    2315720 bytes,   39822112 total
- age  12:      96248 bytes,   39918360 total
, 0.0404450 secs]
   [Parallel Time: 35.2 ms, GC Workers: 18]
      [GC Worker Start (ms): Min: 912810.9, Avg: 912811.0, Max: 912811.0, Diff: 0.1]
      [Ext Root Scanning (ms): Min: 4.3, Avg: 4.8, Max: 5.2, Diff: 0.9, Sum: 86.6]
      [Update RS (ms): Min: 2.0, Avg: 2.4, Max: 3.3, Diff: 1.3, Sum: 43.4]
         [Processed Buffers: Min: 6, Avg: 32.8, Max: 57, Diff: 51, Sum: 591]
      [Scan RS (ms): Min: 0.0, Avg: 0.2, Max: 0.3, Diff: 0.3, Sum: 4.4]
      [Code Root Scanning (ms): Min: 0.0, Avg: 0.0, Max: 0.0, Diff: 0.0, Sum: 0.1]
      [Object Copy (ms): Min: 27.4, Avg: 27.5, Max: 27.8, Diff: 0.4, Sum: 495.7]
      [Termination (ms): Min: 0.0, Avg: 0.0, Max: 0.1, Diff: 0.1, Sum: 0.5]
      [GC Worker Other (ms): Min: 0.0, Avg: 0.1, Max: 0.1, Diff: 0.1, Sum: 1.0]
      [GC Worker Total (ms): Min: 35.0, Avg: 35.1, Max: 35.1, Diff: 0.1, Sum: 631.7]
      [GC Worker End (ms): Min: 912846.0, Avg: 912846.0, Max: 912846.1, Diff: 0.1]
   [Code Root Fixup: 0.3 ms]
   [Code Root Migration: 0.1 ms]
   [Clear CT: 1.4 ms]
   [Other: 3.4 ms]
      [Choose CSet: 0.0 ms]
      [Ref Proc: 1.5 ms]
      [Ref Enq: 0.1 ms]
      [Free CSet: 0.8 ms]
   [Eden: 4816.0M(4816.0M)->0.0B(4752.0M) Survivors: 64.0M->96.0M Heap: 9113.2M(10.0G)->4331.5M(10.0G)]
 [Times: user=0.66 sys=0.00, real=0.04 secs] 
912.851: Total time for which application threads were stopped: 0.0420200 seconds
914.331: Total time for which application threads were stopped: 0.0011000 seconds
917.254: [GC pause (G1 Evacuation Pause) (young)
Desired survivor size 318767104 bytes, new threshold 15 (max 15)
- age   1:   51578544 bytes,   51578544 total
- age   2:    8452920 bytes,   60031464 total
- age   3:    5633984 bytes,   65665448 total
- age   4:    7143408 bytes,   72808856 total
- age   5:    5391664 bytes,   78200520 total
- age   6:    1636904 bytes,   79837424 total
- age   7:     111280 bytes,   79948704 total
- age   8:     104440 bytes,   80053144 total
- age   9:      92216 bytes,   80145360 total
- age  10:    1071936 bytes,   81217296 total
- age  11:     484392 bytes,   81701688 total
- age  12:     256656 bytes,   81958344 total
- age  13:      94976 bytes,   82053320 total
, 0.0287530 secs]
   [Parallel Time: 23.1 ms, GC Workers: 18]
      [GC Worker Start (ms): Min: 917254.5, Avg: 917254.5, Max: 917254.6, Diff: 0.1]
      [Ext Root Scanning (ms): Min: 4.4, Avg: 5.3, Max: 8.5, Diff: 4.1, Sum: 94.6]
      [Update RS (ms): Min: 0.0, Avg: 3.3, Max: 9.8, Diff: 9.8, Sum: 59.2]
         [Processed Buffers: Min: 0, Avg: 35.2, Max: 65, Diff: 65, Sum: 633]
      [Scan RS (ms): Min: 0.0, Avg: 0.2, Max: 0.3, Diff: 0.3, Sum: 3.9]
      [Code Root Scanning (ms): Min: 0.0, Avg: 0.0, Max: 0.0, Diff: 0.0, Sum: 0.1]
      [Object Copy (ms): Min: 8.0, Avg: 13.9, Max: 15.2, Diff: 7.2, Sum: 250.2]
      [Termination (ms): Min: 0.0, Avg: 0.3, Max: 0.3, Diff: 0.3, Sum: 4.7]
      [GC Worker Other (ms): Min: 0.0, Avg: 0.1, Max: 0.1, Diff: 0.1, Sum: 1.1]
      [GC Worker Total (ms): Min: 22.9, Avg: 23.0, Max: 23.1, Diff: 0.2, Sum: 413.9]
      [GC Worker End (ms): Min: 917277.5, Avg: 917277.5, Max: 917277.6, Diff: 0.1]
   [Code Root Fixup: 0.3 ms]
   [Code Root Migration: 0.1 ms]
   [Clear CT: 1.3 ms]
   [Other: 3.9 ms]
      [Choose CSet: 0.0 ms]
      [Ref Proc: 1.9 ms]
      [Ref Enq: 0.1 ms]
      [Free CSet: 0.9 ms]
   [Eden: 4752.0M(4752.0M)->0.0B(4688.0M) Survivors: 96.0M->128.0M Heap: 9083.5M(10.0G)->4366.7M(10.0G)]
 [Times: user=0.36 sys=0.01, real=0.03 secs] 
917.283: Total time for which application threads were stopped: 0.0302810 seconds
919.609: Total time for which application threads were stopped: 0.0016730 seconds
922.133: [GC pause (G1 Evacuation Pause) (young)
Desired survivor size 318767104 bytes, new threshold 15 (max 15)
- age   1:   28965664 bytes,   28965664 total
- age   2:    8318000 bytes,   37283664 total
- age   3:    7149464 bytes,   44433128 total
- age   4:    5460248 bytes,   49893376 total
- age   5:    7041576 bytes,   56934952 total
- age   6:    1222544 bytes,   58157496 total
- age   7:    1630512 bytes,   59788008 total
- age   8:     110472 bytes,   59898480 total
- age   9:     103896 bytes,   60002376 total
- age  10:      89512 bytes,   60091888 total
- age  11:    1071624 bytes,   61163512 total
- age  12:     483920 bytes,   61647432 total
- age  13:     255608 bytes,   61903040 total
- age  14:      93984 bytes,   61997024 total
, 0.0261690 secs]
   [Parallel Time: 20.8 ms, GC Workers: 18]
      [GC Worker Start (ms): Min: 922133.7, Avg: 922133.8, Max: 922133.8, Diff: 0.1]
      [Ext Root Scanning (ms): Min: 4.8, Avg: 5.1, Max: 5.6, Diff: 0.9, Sum: 91.1]
      [Update RS (ms): Min: 1.6, Avg: 2.6, Max: 3.8, Diff: 2.2, Sum: 47.0]
         [Processed Buffers: Min: 9, Avg: 33.2, Max: 64, Diff: 55, Sum: 597]
      [Scan RS (ms): Min: 0.0, Avg: 0.2, Max: 0.3, Diff: 0.3, Sum: 4.3]
      [Code Root Scanning (ms): Min: 0.0, Avg: 0.0, Max: 0.0, Diff: 0.0, Sum: 0.1]
      [Object Copy (ms): Min: 11.7, Avg: 12.5, Max: 12.9, Diff: 1.2, Sum: 225.4]
      [Termination (ms): Min: 0.0, Avg: 0.1, Max: 0.1, Diff: 0.1, Sum: 1.3]
      [GC Worker Other (ms): Min: 0.0, Avg: 0.1, Max: 0.1, Diff: 0.1, Sum: 1.3]
      [GC Worker Total (ms): Min: 20.5, Avg: 20.6, Max: 20.7, Diff: 0.2, Sum: 370.6]
      [GC Worker End (ms): Min: 922154.3, Avg: 922154.4, Max: 922154.4, Diff: 0.1]
   [Code Root Fixup: 0.2 ms]
   [Code Root Migration: 0.1 ms]
   [Clear CT: 1.4 ms]
   [Other: 3.7 ms]
      [Choose CSet: 0.0 ms]
      [Ref Proc: 1.7 ms]
      [Ref Enq: 0.1 ms]
      [Free CSet: 0.9 ms]
   [Eden: 4688.0M(4688.0M)->0.0B(4752.0M) Survivors: 128.0M->96.0M Heap: 9054.7M(10.0G)->4333.4M(10.0G)]
 [Times: user=0.39 sys=0.00, real=0.03 secs] 
922.160: Total time for which application threads were stopped: 0.0286220 seconds
924.639: Total time for which application threads were stopped: 0.0010960 seconds
924.660: Total time for which application threads were stopped: 0.0009440 seconds
924.677: Total time for which application threads were stopped: 0.0008700 seconds
925.678: Total time for which application threads were stopped: 0.0010800 seconds
926.679: Total time for which application threads were stopped: 0.0010930 seconds
927.113: [GC pause (G1 Evacuation Pause) (young)
Desired survivor size 318767104 bytes, new threshold 15 (max 15)
- age   1:   12688136 bytes,   12688136 total
- age   2:   24527048 bytes,   37215184 total
- age   3:    8011008 bytes,   45226192 total
- age   4:    6981368 bytes,   52207560 total
- age   5:    5259072 bytes,   57466632 total
- age   6:    2861008 bytes,   60327640 total
- age   7:    1198152 bytes,   61525792 total
- age   8:    1627640 bytes,   63153432 total
- age   9:      99632 bytes,   63253064 total
- age  10:     103752 bytes,   63356816 total
- age  11:      89120 bytes,   63445936 total
- age  12:     971288 bytes,   64417224 total
- age  13:     483864 bytes,   64901088 total
- age  14:     255248 bytes,   65156336 total
- age  15:      93728 bytes,   65250064 total
, 0.0268920 secs]
   [Parallel Time: 21.5 ms, GC Workers: 18]
      [GC Worker Start (ms): Min: 927113.0, Avg: 927113.1, Max: 927113.2, Diff: 0.2]
      [Ext Root Scanning (ms): Min: 3.9, Avg: 4.7, Max: 5.1, Diff: 1.1, Sum: 83.9]
      [Update RS (ms): Min: 2.1, Avg: 2.6, Max: 3.2, Diff: 1.1, Sum: 46.1]
         [Processed Buffers: Min: 10, Avg: 35.4, Max: 59, Diff: 49, Sum: 637]
      [Scan RS (ms): Min: 0.0, Avg: 0.2, Max: 0.3, Diff: 0.3, Sum: 4.4]
      [Code Root Scanning (ms): Min: 0.0, Avg: 0.0, Max: 0.0, Diff: 0.0, Sum: 0.1]
      [Object Copy (ms): Min: 11.8, Avg: 12.3, Max: 13.7, Diff: 1.9, Sum: 222.0]
      [Termination (ms): Min: 0.0, Avg: 1.5, Max: 2.0, Diff: 2.0, Sum: 26.8]
      [GC Worker Other (ms): Min: 0.0, Avg: 0.1, Max: 0.1, Diff: 0.1, Sum: 0.9]
      [GC Worker Total (ms): Min: 21.3, Avg: 21.3, Max: 21.5, Diff: 0.2, Sum: 384.1]
      [GC Worker End (ms): Min: 927134.4, Avg: 927134.4, Max: 927134.5, Diff: 0.1]
   [Code Root Fixup: 0.2 ms]
   [Code Root Migration: 0.1 ms]
   [Clear CT: 1.4 ms]
   [Other: 3.7 ms]
      [Choose CSet: 0.0 ms]
      [Ref Proc: 1.7 ms]
      [Ref Enq: 0.1 ms]
      [Free CSet: 0.8 ms]
   [Eden: 4752.0M(4752.0M)->0.0B(4688.0M) Survivors: 96.0M->128.0M Heap: 9085.4M(10.0G)->4362.0M(10.0G)]
 [Times: user=0.41 sys=0.00, real=0.03 secs] 
927.140: Total time for which application threads were stopped: 0.0281650 seconds
931.545: Total time for which application threads were stopped: 0.0009970 seconds
931.545: [GC pause (GCLocker Initiated GC) (young)
Desired survivor size 318767104 bytes, new threshold 15 (max 15)
- age   1:   11378896 bytes,   11378896 total
- age   2:    7904096 bytes,   19282992 total
- age   3:   23776512 bytes,   43059504 total
- age   4:    7814008 bytes,   50873512 total
- age   5:    6869256 bytes,   57742768 total
- age   6:    1101312 bytes,   58844080 total
- age   7:    2843712 bytes,   61687792 total
- age   8:    1192472 bytes,   62880264 total
- age   9:    1620384 bytes,   64500648 total
- age  10:      99536 bytes,   64600184 total
- age  11:     102096 bytes,   64702280 total
- age  12:      89000 bytes,   64791280 total
- age  13:     971216 bytes,   65762496 total
- age  14:     483456 bytes,   66245952 total
- age  15:     255248 bytes,   66501200 total
, 0.0320510 secs]
   [Parallel Time: 26.3 ms, GC Workers: 18]
      [GC Worker Start (ms): Min: 931545.5, Avg: 931545.6, Max: 931545.7, Diff: 0.1]
      [Ext Root Scanning (ms): Min: 4.1, Avg: 4.6, Max: 4.9, Diff: 0.8, Sum: 82.2]
      [Update RS (ms): Min: 2.4, Avg: 3.1, Max: 4.5, Diff: 2.1, Sum: 55.5]
         [Processed Buffers: Min: 6, Avg: 32.9, Max: 70, Diff: 64, Sum: 593]
      [Scan RS (ms): Min: 0.0, Avg: 0.2, Max: 0.3, Diff: 0.2, Sum: 3.4]
      [Code Root Scanning (ms): Min: 0.0, Avg: 0.0, Max: 0.0, Diff: 0.0, Sum: 0.1]
      [Object Copy (ms): Min: 17.0, Avg: 18.0, Max: 18.5, Diff: 1.5, Sum: 323.2]
      [Termination (ms): Min: 0.0, Avg: 0.1, Max: 0.1, Diff: 0.1, Sum: 1.7]
      [GC Worker Other (ms): Min: 0.0, Avg: 0.2, Max: 1.4, Diff: 1.4, Sum: 3.7]
      [GC Worker Total (ms): Min: 26.0, Avg: 26.1, Max: 26.2, Diff: 0.2, Sum: 469.8]
      [GC Worker End (ms): Min: 931571.7, Avg: 931571.7, Max: 931571.7, Diff: 0.1]
   [Code Root Fixup: 0.3 ms]
   [Code Root Migration: 0.1 ms]
   [Clear CT: 1.5 ms]
   [Other: 4.0 ms]
      [Choose CSet: 0.0 ms]
      [Ref Proc: 2.0 ms]
      [Ref Enq: 0.1 ms]
      [Free CSet: 0.8 ms]
   [Eden: 4704.0M(4688.0M)->0.0B(4720.0M) Survivors: 128.0M->112.0M Heap: 9050.3M(10.0G)->4350.9M(10.0G)]
 [Times: user=0.46 sys=0.00, real=0.03 secs] 
931.577: Total time for which application threads were stopped: 0.0328320 seconds
935.001: Total time for which application threads were stopped: 0.0079090 seconds
936.249: [GC pause (G1 Evacuation Pause) (young)
Desired survivor size 318767104 bytes, new threshold 15 (max 15)
- age   1:   29813312 bytes,   29813312 total
- age   2:    7626040 bytes,   37439352 total
- age   3:    7502248 bytes,   44941600 total
- age   4:   23257072 bytes,   68198672 total
- age   5:    7765984 bytes,   75964656 total
- age   6:    2693896 bytes,   78658552 total
- age   7:    1081680 bytes,   79740232 total
- age   8:    2837888 bytes,   82578120 total
- age   9:    1185112 bytes,   83763232 total
- age  10:    1618648 bytes,   85381880 total
- age  11:      99512 bytes,   85481392 total
- age  12:     101584 bytes,   85582976 total
- age  13:      88920 bytes,   85671896 total
- age  14:     971088 bytes,   86642984 total
- age  15:     483456 bytes,   87126440 total
, 0.0274050 secs]
   [Parallel Time: 21.6 ms, GC Workers: 18]
      [GC Worker Start (ms): Min: 936249.1, Avg: 936249.2, Max: 936249.2, Diff: 0.1]
      [Ext Root Scanning (ms): Min: 4.2, Avg: 5.1, Max: 7.2, Diff: 3.0, Sum: 91.5]
      [Update RS (ms): Min: 0.6, Avg: 3.1, Max: 13.1, Diff: 12.5, Sum: 56.2]
         [Processed Buffers: Min: 7, Avg: 33.1, Max: 62, Diff: 55, Sum: 595]
      [Scan RS (ms): Min: 0.1, Avg: 0.2, Max: 0.3, Diff: 0.2, Sum: 4.2]
      [Code Root Scanning (ms): Min: 0.0, Avg: 0.0, Max: 0.0, Diff: 0.0, Sum: 0.1]
      [Object Copy (ms): Min: 3.4, Avg: 12.9, Max: 13.6, Diff: 10.2, Sum: 232.1]
      [Termination (ms): Min: 0.0, Avg: 0.1, Max: 0.1, Diff: 0.1, Sum: 1.8]
      [GC Worker Other (ms): Min: 0.0, Avg: 0.1, Max: 0.1, Diff: 0.1, Sum: 1.0]
      [GC Worker Total (ms): Min: 21.4, Avg: 21.5, Max: 21.6, Diff: 0.2, Sum: 386.8]
      [GC Worker End (ms): Min: 936270.6, Avg: 936270.7, Max: 936270.7, Diff: 0.1]
   [Code Root Fixup: 0.2 ms]
   [Code Root Migration: 0.1 ms]
   [Clear CT: 1.5 ms]
   [Other: 4.0 ms]
      [Choose CSet: 0.0 ms]
      [Ref Proc: 2.0 ms]
      [Ref Enq: 0.2 ms]
      [Free CSet: 0.8 ms]
   [Eden: 4720.0M(4720.0M)->0.0B(4720.0M) Survivors: 112.0M->112.0M Heap: 9070.9M(10.0G)->4354.0M(10.0G)]
 [Times: user=0.38 sys=0.00, real=0.03 secs] 
936.276: Total time for which application threads were stopped: 0.0289060 seconds
940.444: [GC pause (G1 Evacuation Pause) (young)
Desired survivor size 318767104 bytes, new threshold 15 (max 15)
- age   1:   10988032 bytes,   10988032 total
- age   2:    6551144 bytes,   17539176 total
- age   3:    7324856 bytes,   24864032 total
- age   4:    7372272 bytes,   32236304 total
- age   5:   23222264 bytes,   55458568 total
- age   6:    5679624 bytes,   61138192 total
- age   7:    2674368 bytes,   63812560 total
- age   8:    1074608 bytes,   64887168 total
- age   9:    2830560 bytes,   67717728 total
- age  10:    1179368 bytes,   68897096 total
- age  11:    1611680 bytes,   70508776 total
- age  12:      99080 bytes,   70607856 total
- age  13:     101464 bytes,   70709320 total
- age  14:      88872 bytes,   70798192 total
- age  15:     971088 bytes,   71769280 total
, 0.0288120 secs]
   [Parallel Time: 23.2 ms, GC Workers: 18]
      [GC Worker Start (ms): Min: 940444.6, Avg: 940444.7, Max: 940444.8, Diff: 0.1]
      [Ext Root Scanning (ms): Min: 5.2, Avg: 5.7, Max: 6.2, Diff: 1.0, Sum: 102.2]
      [Update RS (ms): Min: 2.1, Avg: 2.7, Max: 3.3, Diff: 1.2, Sum: 49.4]
         [Processed Buffers: Min: 10, Avg: 36.2, Max: 70, Diff: 60, Sum: 652]
      [Scan RS (ms): Min: 0.2, Avg: 0.2, Max: 0.3, Diff: 0.1, Sum: 4.5]
      [Code Root Scanning (ms): Min: 0.0, Avg: 0.0, Max: 0.0, Diff: 0.0, Sum: 0.1]
      [Object Copy (ms): Min: 12.8, Avg: 13.1, Max: 14.3, Diff: 1.5, Sum: 236.4]
      [Termination (ms): Min: 0.0, Avg: 1.2, Max: 1.5, Diff: 1.5, Sum: 20.9]
      [GC Worker Other (ms): Min: 0.0, Avg: 0.0, Max: 0.1, Diff: 0.0, Sum: 0.8]
      [GC Worker Total (ms): Min: 22.9, Avg: 23.0, Max: 23.1, Diff: 0.1, Sum: 414.3]
      [GC Worker End (ms): Min: 940467.7, Avg: 940467.7, Max: 940467.7, Diff: 0.0]
   [Code Root Fixup: 0.2 ms]
   [Code Root Migration: 0.1 ms]
   [Clear CT: 1.6 ms]
   [Other: 3.7 ms]
      [Choose CSet: 0.0 ms]
      [Ref Proc: 1.7 ms]
      [Ref Enq: 0.1 ms]
      [Free CSet: 0.8 ms]
   [Eden: 4720.0M(4720.0M)->0.0B(4656.0M) Survivors: 112.0M->144.0M Heap: 9074.0M(10.0G)->4381.4M(10.0G)]
 [Times: user=0.42 sys=0.01, real=0.03 secs] 
940.473: Total time for which application threads were stopped: 0.0302900 seconds
943.475: Total time for which application threads were stopped: 0.0010580 seconds
944.553: [GC pause (G1 Evacuation Pause) (young)
Desired survivor size 318767104 bytes, new threshold 15 (max 15)
- age   1:   14171032 bytes,   14171032 total
- age   2:    3691560 bytes,   17862592 total
- age   3:    6014616 bytes,   23877208 total
- age   4:    6761296 bytes,   30638504 total
- age   5:    7321888 bytes,   37960392 total
- age   6:   20746336 bytes,   58706728 total
- age   7:    3605808 bytes,   62312536 total
- age   8:    2668088 bytes,   64980624 total
- age   9:    1068896 bytes,   66049520 total
- age  10:    2824144 bytes,   68873664 total
- age  11:    1177712 bytes,   70051376 total
- age  12:    1608432 bytes,   71659808 total
- age  13:      98304 bytes,   71758112 total
- age  14:     101336 bytes,   71859448 total
- age  15:      88872 bytes,   71948320 total
, 0.0291870 secs]
   [Parallel Time: 23.8 ms, GC Workers: 18]
      [GC Worker Start (ms): Min: 944553.8, Avg: 944553.9, Max: 944554.0, Diff: 0.1]
      [Ext Root Scanning (ms): Min: 4.1, Avg: 4.7, Max: 5.1, Diff: 1.0, Sum: 84.7]
      [Update RS (ms): Min: 2.1, Avg: 2.7, Max: 3.2, Diff: 1.1, Sum: 47.9]
         [Processed Buffers: Min: 14, Avg: 32.6, Max: 56, Diff: 42, Sum: 587]
      [Scan RS (ms): Min: 0.0, Avg: 0.2, Max: 0.3, Diff: 0.3, Sum: 4.3]
      [Code Root Scanning (ms): Min: 0.0, Avg: 0.0, Max: 0.0, Diff: 0.0, Sum: 0.1]
      [Object Copy (ms): Min: 12.8, Avg: 13.9, Max: 16.0, Diff: 3.3, Sum: 249.7]
      [Termination (ms): Min: 0.0, Avg: 2.0, Max: 3.1, Diff: 3.1, Sum: 36.7]
      [GC Worker Other (ms): Min: 0.0, Avg: 0.0, Max: 0.1, Diff: 0.1, Sum: 0.8]
      [GC Worker Total (ms): Min: 23.5, Avg: 23.6, Max: 23.6, Diff: 0.1, Sum: 424.2]
      [GC Worker End (ms): Min: 944577.5, Avg: 944577.5, Max: 944577.5, Diff: 0.1]
   [Code Root Fixup: 0.2 ms]
   [Code Root Migration: 0.1 ms]
   [Clear CT: 1.4 ms]
   [Other: 3.7 ms]
      [Choose CSet: 0.0 ms]
      [Ref Proc: 1.7 ms]
      [Ref Enq: 0.1 ms]
      [Free CSet: 0.8 ms]
   [Eden: 4656.0M(4656.0M)->0.0B(4720.0M) Survivors: 144.0M->112.0M Heap: 9037.4M(10.0G)->4351.2M(10.0G)]
 [Times: user=0.45 sys=0.01, real=0.03 secs] 
944.583: Total time for which application threads were stopped: 0.0307480 seconds
945.062: Total time for which application threads were stopped: 0.0010970 seconds
948.740: [GC pause (G1 Evacuation Pause) (young)
Desired survivor size 318767104 bytes, new threshold 15 (max 15)
- age   1:   13019264 bytes,   13019264 total
- age   2:    8852376 bytes,   21871640 total
- age   3:    3399088 bytes,   25270728 total
- age   4:    5874944 bytes,   31145672 total
- age   5:    6689872 bytes,   37835544 total
- age   6:    5235968 bytes,   43071512 total
- age   7:   18675736 bytes,   61747248 total
- age   8:    3594672 bytes,   65341920 total
- age   9:    2662448 bytes,   68004368 total
- age  10:    1064768 bytes,   69069136 total
- age  11:    2820888 bytes,   71890024 total
- age  12:    1174368 bytes,   73064392 total
- age  13:    1608264 bytes,   74672656 total
- age  14:      98272 bytes,   74770928 total
- age  15:      99104 bytes,   74870032 total
, 0.0437820 secs]
   [Parallel Time: 38.3 ms, GC Workers: 18]
      [GC Worker Start (ms): Min: 948740.0, Avg: 948740.1, Max: 948740.1, Diff: 0.1]
      [Ext Root Scanning (ms): Min: 4.5, Avg: 5.0, Max: 5.4, Diff: 0.9, Sum: 89.4]
      [Update RS (ms): Min: 2.3, Avg: 2.7, Max: 4.0, Diff: 1.8, Sum: 49.4]
         [Processed Buffers: Min: 11, Avg: 36.2, Max: 85, Diff: 74, Sum: 652]
      [Scan RS (ms): Min: 0.0, Avg: 0.2, Max: 0.3, Diff: 0.3, Sum: 4.2]
      [Code Root Scanning (ms): Min: 0.0, Avg: 0.0, Max: 0.0, Diff: 0.0, Sum: 0.1]
      [Object Copy (ms): Min: 28.7, Avg: 29.5, Max: 30.2, Diff: 1.5, Sum: 531.0]
      [Termination (ms): Min: 0.0, Avg: 0.6, Max: 0.7, Diff: 0.7, Sum: 11.7]
      [GC Worker Other (ms): Min: 0.0, Avg: 0.1, Max: 0.1, Diff: 0.1, Sum: 0.9]
      [GC Worker Total (ms): Min: 38.1, Avg: 38.1, Max: 38.2, Diff: 0.1, Sum: 686.6]
      [GC Worker End (ms): Min: 948778.2, Avg: 948778.2, Max: 948778.3, Diff: 0.1]
   [Code Root Fixup: 0.3 ms]
   [Code Root Migration: 0.1 ms]
   [Clear CT: 1.4 ms]
   [Other: 3.7 ms]
      [Choose CSet: 0.0 ms]
      [Ref Proc: 1.7 ms]
      [Ref Enq: 0.1 ms]
      [Free CSet: 0.8 ms]
   [Eden: 4720.0M(4720.0M)->0.0B(4624.0M) Survivors: 112.0M->160.0M Heap: 9071.2M(10.0G)->4403.9M(10.0G)]
 [Times: user=0.71 sys=0.01, real=0.05 secs] 
948.784: Total time for which application threads were stopped: 0.0453550 seconds
952.923: Total time for which application threads were stopped: 0.0011120 seconds
952.924: [GC pause (GCLocker Initiated GC) (young)
Desired survivor size 318767104 bytes, new threshold 15 (max 15)
- age   1:   42413384 bytes,   42413384 total
- age   2:    5716808 bytes,   48130192 total
- age   3:    7936960 bytes,   56067152 total
- age   4:    3215504 bytes,   59282656 total
- age   5:    5817400 bytes,   65100056 total
- age   6:    4590664 bytes,   69690720 total
- age   7:    3159856 bytes,   72850576 total
- age   8:   18668664 bytes,   91519240 total
- age   9:    3590744 bytes,   95109984 total
- age  10:    2655056 bytes,   97765040 total
- age  11:    1061512 bytes,   98826552 total
- age  12:    2818392 bytes,  101644944 total
- age  13:    1165584 bytes,  102810528 total
- age  14:    1598120 bytes,  104408648 total
- age  15:      98272 bytes,  104506920 total
, 0.0282490 secs]
   [Parallel Time: 22.9 ms, GC Workers: 18]
      [GC Worker Start (ms): Min: 952924.4, Avg: 952924.4, Max: 952924.5, Diff: 0.1]
      [Ext Root Scanning (ms): Min: 4.1, Avg: 4.6, Max: 5.1, Diff: 0.9, Sum: 83.5]
      [Update RS (ms): Min: 2.1, Avg: 2.7, Max: 3.7, Diff: 1.5, Sum: 49.1]
         [Processed Buffers: Min: 7, Avg: 33.0, Max: 54, Diff: 47, Sum: 594]
      [Scan RS (ms): Min: 0.0, Avg: 0.2, Max: 0.3, Diff: 0.3, Sum: 4.2]
      [Code Root Scanning (ms): Min: 0.0, Avg: 0.0, Max: 0.0, Diff: 0.0, Sum: 0.1]
      [Object Copy (ms): Min: 14.4, Avg: 15.1, Max: 15.4, Diff: 1.0, Sum: 271.7]
      [Termination (ms): Min: 0.0, Avg: 0.0, Max: 0.0, Diff: 0.0, Sum: 0.0]
      [GC Worker Other (ms): Min: 0.0, Avg: 0.1, Max: 0.1, Diff: 0.1, Sum: 1.4]
      [GC Worker Total (ms): Min: 22.7, Avg: 22.8, Max: 22.9, Diff: 0.2, Sum: 410.0]
      [GC Worker End (ms): Min: 952947.2, Avg: 952947.2, Max: 952947.2, Diff: 0.1]
   [Code Root Fixup: 0.3 ms]
   [Code Root Migration: 0.1 ms]
   [Clear CT: 1.4 ms]
   [Other: 3.6 ms]
      [Choose CSet: 0.0 ms]
      [Ref Proc: 1.6 ms]
      [Ref Enq: 0.1 ms]
      [Free CSet: 0.8 ms]
   [Eden: 4640.0M(4624.0M)->0.0B(4688.0M) Survivors: 160.0M->128.0M Heap: 9028.2M(10.0G)->4363.9M(10.0G)]
 [Times: user=0.44 sys=0.01, real=0.03 secs] 
952.953: Total time for which application threads were stopped: 0.0290880 seconds
954.633: Total time for which application threads were stopped: 0.0020400 seconds
954.644: Total time for which application threads were stopped: 0.0009070 seconds
955.645: Total time for which application threads were stopped: 0.0011000 seconds
957.646: Total time for which application threads were stopped: 0.0010300 seconds
957.823: [GC pause (G1 Evacuation Pause) (young)
Desired survivor size 318767104 bytes, new threshold 15 (max 15)
- age   1:   29170112 bytes,   29170112 total
- age   2:    8424192 bytes,   37594304 total
- age   3:    5289536 bytes,   42883840 total
- age   4:    7252336 bytes,   50136176 total
- age   5:    3169120 bytes,   53305296 total
- age   6:    3701504 bytes,   57006800 total
- age   7:    2521856 bytes,   59528656 total
- age   8:    1764920 bytes,   61293576 total
- age   9:    2557864 bytes,   63851440 total
- age  10:    3245792 bytes,   67097232 total
- age  11:    2648872 bytes,   69746104 total
- age  12:    1059176 bytes,   70805280 total
- age  13:    2814888 bytes,   73620168 total
- age  14:    1147536 bytes,   74767704 total
- age  15:    1336944 bytes,   76104648 total
, 0.0292460 secs]
   [Parallel Time: 23.8 ms, GC Workers: 18]
      [GC Worker Start (ms): Min: 957823.7, Avg: 957823.7, Max: 957823.8, Diff: 0.1]
      [Ext Root Scanning (ms): Min: 4.2, Avg: 5.0, Max: 5.5, Diff: 1.3, Sum: 90.4]
      [Update RS (ms): Min: 2.5, Avg: 2.8, Max: 3.6, Diff: 1.2, Sum: 50.8]
         [Processed Buffers: Min: 7, Avg: 36.2, Max: 69, Diff: 62, Sum: 652]
      [Scan RS (ms): Min: 0.0, Avg: 0.2, Max: 0.3, Diff: 0.3, Sum: 4.4]
      [Code Root Scanning (ms): Min: 0.0, Avg: 0.0, Max: 0.0, Diff: 0.0, Sum: 0.1]
      [Object Copy (ms): Min: 14.6, Avg: 14.9, Max: 15.5, Diff: 0.9, Sum: 267.9]
      [Termination (ms): Min: 0.0, Avg: 0.5, Max: 0.6, Diff: 0.6, Sum: 9.6]
      [GC Worker Other (ms): Min: 0.0, Avg: 0.0, Max: 0.1, Diff: 0.1, Sum: 0.8]
      [GC Worker Total (ms): Min: 23.5, Avg: 23.6, Max: 23.6, Diff: 0.2, Sum: 424.2]
      [GC Worker End (ms): Min: 957847.3, Avg: 957847.3, Max: 957847.3, Diff: 0.1]
   [Code Root Fixup: 0.3 ms]
   [Code Root Migration: 0.1 ms]
   [Clear CT: 1.5 ms]
   [Other: 3.7 ms]
      [Choose CSet: 0.0 ms]
      [Ref Proc: 1.6 ms]
      [Ref Enq: 0.1 ms]
      [Free CSet: 0.8 ms]
   [Eden: 4688.0M(4688.0M)->0.0B(4624.0M) Survivors: 128.0M->160.0M Heap: 9051.9M(10.0G)->4396.6M(10.0G)]
 [Times: user=0.45 sys=0.00, real=0.03 secs] 
957.853: Total time for which application threads were stopped: 0.0306420 seconds
958.854: Total time for which application threads were stopped: 0.0011570 seconds
962.818: [GC pause (G1 Evacuation Pause) (young)
Desired survivor size 318767104 bytes, new threshold 15 (max 15)
- age   1:   12314480 bytes,   12314480 total
- age   2:   24214024 bytes,   36528504 total
- age   3:    7592384 bytes,   44120888 total
- age   4:    5130760 bytes,   49251648 total
- age   5:    7176536 bytes,   56428184 total
- age   6:    1071496 bytes,   57499680 total
- age   7:    1633496 bytes,   59133176 total
- age   8:    2511576 bytes,   61644752 total
- age   9:    1757360 bytes,   63402112 total
- age  10:    2553896 bytes,   65956008 total
- age  11:    3244392 bytes,   69200400 total
- age  12:    2644704 bytes,   71845104 total
- age  13:    1051352 bytes,   72896456 total
- age  14:    2789424 bytes,   75685880 total
- age  15:    1126576 bytes,   76812456 total
, 0.0291300 secs]
   [Parallel Time: 23.9 ms, GC Workers: 18]
      [GC Worker Start (ms): Min: 962818.5, Avg: 962818.5, Max: 962818.6, Diff: 0.1]
      [Ext Root Scanning (ms): Min: 4.0, Avg: 4.7, Max: 5.4, Diff: 1.4, Sum: 84.7]
      [Update RS (ms): Min: 2.2, Avg: 2.9, Max: 3.7, Diff: 1.5, Sum: 51.6]
         [Processed Buffers: Min: 11, Avg: 33.5, Max: 54, Diff: 43, Sum: 603]
      [Scan RS (ms): Min: 0.0, Avg: 0.2, Max: 0.3, Diff: 0.3, Sum: 4.3]
      [Code Root Scanning (ms): Min: 0.0, Avg: 0.0, Max: 0.0, Diff: 0.0, Sum: 0.1]
      [Object Copy (ms): Min: 14.9, Avg: 15.1, Max: 15.9, Diff: 1.0, Sum: 271.7]
      [Termination (ms): Min: 0.0, Avg: 0.8, Max: 1.0, Diff: 1.0, Sum: 13.7]
      [GC Worker Other (ms): Min: 0.0, Avg: 0.0, Max: 0.1, Diff: 0.1, Sum: 0.7]
      [GC Worker Total (ms): Min: 23.6, Avg: 23.7, Max: 23.8, Diff: 0.2, Sum: 426.8]
      [GC Worker End (ms): Min: 962842.2, Avg: 962842.2, Max: 962842.3, Diff: 0.1]
   [Code Root Fixup: 0.2 ms]
   [Code Root Migration: 0.1 ms]
   [Clear CT: 1.4 ms]
   [Other: 3.6 ms]
      [Choose CSet: 0.0 ms]
      [Ref Proc: 1.6 ms]
      [Ref Enq: 0.1 ms]
      [Free CSet: 0.8 ms]
   [Eden: 4624.0M(4624.0M)->0.0B(4720.0M) Survivors: 160.0M->112.0M Heap: 9020.6M(10.0G)->4354.5M(10.0G)]
 [Times: user=0.44 sys=0.01, real=0.03 secs] 
962.847: Total time for which application threads were stopped: 0.0306660 seconds
964.802: Total time for which application threads were stopped: 0.0011540 seconds
965.878: Total time for which application threads were stopped: 0.0067540 seconds
965.880: Total time for which application threads were stopped: 0.0006850 seconds
965.880: Total time for which application threads were stopped: 0.0003560 seconds
968.071: Total time for which application threads were stopped: 0.0011100 seconds
968.073: [GC pause (GCLocker Initiated GC) (young)
Desired survivor size 318767104 bytes, new threshold 15 (max 15)
- age   1:   11125016 bytes,   11125016 total
- age   2:    7838400 bytes,   18963416 total
- age   3:   23457648 bytes,   42421064 total
- age   4:    7418968 bytes,   49840032 total
- age   5:    5081496 bytes,   54921528 total
- age   6:    3010728 bytes,   57932256 total
- age   7:    1034688 bytes,   58966944 total
- age   8:    1627584 bytes,   60594528 total
- age   9:    2504584 bytes,   63099112 total
- age  10:    1753400 bytes,   64852512 total
- age  11:    2549896 bytes,   67402408 total
- age  12:    3243168 bytes,   70645576 total
- age  13:    2637032 bytes,   73282608 total
- age  14:    1036992 bytes,   74319600 total
- age  15:    2473872 bytes,   76793472 total
, 0.0291590 secs]
   [Parallel Time: 23.7 ms, GC Workers: 18]
      [GC Worker Start (ms): Min: 968073.0, Avg: 968073.1, Max: 968073.2, Diff: 0.2]
      [Ext Root Scanning (ms): Min: 3.8, Avg: 4.5, Max: 5.6, Diff: 1.8, Sum: 81.3]
      [Update RS (ms): Min: 2.0, Avg: 3.0, Max: 3.8, Diff: 1.8, Sum: 54.0]
         [Processed Buffers: Min: 6, Avg: 37.1, Max: 67, Diff: 61, Sum: 667]
      [Scan RS (ms): Min: 0.2, Avg: 0.2, Max: 0.3, Diff: 0.1, Sum: 4.4]
      [Code Root Scanning (ms): Min: 0.0, Avg: 0.0, Max: 0.0, Diff: 0.0, Sum: 0.1]
      [Object Copy (ms): Min: 15.5, Avg: 15.5, Max: 15.8, Diff: 0.3, Sum: 279.9]
      [Termination (ms): Min: 0.0, Avg: 0.2, Max: 0.2, Diff: 0.2, Sum: 3.4]
      [GC Worker Other (ms): Min: 0.0, Avg: 0.0, Max: 0.1, Diff: 0.1, Sum: 0.8]
      [GC Worker Total (ms): Min: 23.5, Avg: 23.6, Max: 23.6, Diff: 0.2, Sum: 423.9]
      [GC Worker End (ms): Min: 968096.6, Avg: 968096.6, Max: 968096.7, Diff: 0.1]
   [Code Root Fixup: 0.3 ms]
   [Code Root Migration: 0.1 ms]
   [Clear CT: 1.4 ms]
   [Other: 3.7 ms]
      [Choose CSet: 0.0 ms]
      [Ref Proc: 1.6 ms]
      [Ref Enq: 0.1 ms]
      [Free CSet: 0.8 ms]
   [Eden: 4736.0M(4720.0M)->0.0B(4656.0M) Survivors: 112.0M->144.0M Heap: 9074.8M(10.0G)->4395.1M(10.0G)]
 [Times: user=0.45 sys=0.01, real=0.03 secs] 
968.102: Total time for which application threads were stopped: 0.0299820 seconds
970.103: Total time for which application threads were stopped: 0.0010650 seconds
973.306: [GC pause (G1 Evacuation Pause) (young)
Desired survivor size 318767104 bytes, new threshold 15 (max 15)
- age   1:   11572104 bytes,   11572104 total
- age   2:    6753360 bytes,   18325464 total
- age   3:    6879344 bytes,   25204808 total
- age   4:   23285032 bytes,   48489840 total
- age   5:    7345328 bytes,   55835168 total
- age   6:     937288 bytes,   56772456 total
- age   7:    2994896 bytes,   59767352 total
- age   8:    1025984 bytes,   60793336 total
- age   9:    1623688 bytes,   62417024 total
- age  10:    2501848 bytes,   64918872 total
- age  11:    1750792 bytes,   66669664 total
- age  12:    2548400 bytes,   69218064 total
- age  13:    3236568 bytes,   72454632 total
- age  14:    2603104 bytes,   75057736 total
- age  15:    1034944 bytes,   76092680 total
, 0.0348930 secs]
   [Parallel Time: 29.7 ms, GC Workers: 18]
      [GC Worker Start (ms): Min: 973306.7, Avg: 973306.7, Max: 973306.8, Diff: 0.1]
      [Ext Root Scanning (ms): Min: 4.2, Avg: 4.8, Max: 5.2, Diff: 1.1, Sum: 86.2]
      [Update RS (ms): Min: 2.6, Avg: 3.0, Max: 3.7, Diff: 1.1, Sum: 54.2]
         [Processed Buffers: Min: 7, Avg: 34.0, Max: 58, Diff: 51, Sum: 612]
      [Scan RS (ms): Min: 0.0, Avg: 0.2, Max: 0.3, Diff: 0.3, Sum: 4.3]
      [Code Root Scanning (ms): Min: 0.0, Avg: 0.0, Max: 0.0, Diff: 0.0, Sum: 0.1]
      [Object Copy (ms): Min: 20.7, Avg: 20.9, Max: 21.4, Diff: 0.7, Sum: 376.4]
      [Termination (ms): Min: 0.0, Avg: 0.6, Max: 0.7, Diff: 0.7, Sum: 10.2]
      [GC Worker Other (ms): Min: 0.0, Avg: 0.0, Max: 0.1, Diff: 0.1, Sum: 0.8]
      [GC Worker Total (ms): Min: 29.5, Avg: 29.6, Max: 29.6, Diff: 0.2, Sum: 532.2]
      [GC Worker End (ms): Min: 973336.3, Avg: 973336.3, Max: 973336.3, Diff: 0.1]
   [Code Root Fixup: 0.2 ms]
   [Code Root Migration: 0.1 ms]
   [Clear CT: 1.3 ms]
   [Other: 3.6 ms]
      [Choose CSet: 0.0 ms]
      [Ref Proc: 1.6 ms]
      [Ref Enq: 0.1 ms]
      [Free CSet: 0.8 ms]
   [Eden: 4656.0M(4656.0M)->0.0B(4720.0M) Survivors: 144.0M->112.0M Heap: 9051.1M(10.0G)->4358.5M(10.0G)]
 [Times: user=0.54 sys=0.02, real=0.03 secs] 
973.341: Total time for which application threads were stopped: 0.0364490 seconds
974.343: Total time for which application threads were stopped: 0.0010880 seconds
974.593: Total time for which application threads were stopped: 0.0009170 seconds
976.595: Total time for which application threads were stopped: 0.0010530 seconds
978.218: [GC pause (G1 Evacuation Pause) (young)
Desired survivor size 318767104 bytes, new threshold 15 (max 15)
- age   1:   12231208 bytes,   12231208 total
- age   2:    7392664 bytes,   19623872 total
- age   3:    5995656 bytes,   25619528 total
- age   4:    6713096 bytes,   32332624 total
- age   5:   23252192 bytes,   55584816 total
- age   6:    3192696 bytes,   58777512 total
- age   7:     924968 bytes,   59702480 total
- age   8:    2990472 bytes,   62692952 total
- age   9:    1019008 bytes,   63711960 total
- age  10:    1619416 bytes,   65331376 total
- age  11:    2497624 bytes,   67829000 total
- age  12:    1750016 bytes,   69579016 total
- age  13:    2538712 bytes,   72117728 total
- age  14:    2896000 bytes,   75013728 total
- age  15:    2600704 bytes,   77614432 total
, 0.0361500 secs]
   [Parallel Time: 30.5 ms, GC Workers: 18]
      [GC Worker Start (ms): Min: 978218.1, Avg: 978218.2, Max: 978218.2, Diff: 0.1]
      [Ext Root Scanning (ms): Min: 4.5, Avg: 5.0, Max: 5.4, Diff: 0.9, Sum: 89.9]
      [Update RS (ms): Min: 2.6, Avg: 3.1, Max: 3.7, Diff: 1.2, Sum: 55.5]
         [Processed Buffers: Min: 5, Avg: 36.9, Max: 63, Diff: 58, Sum: 665]
      [Scan RS (ms): Min: 0.0, Avg: 0.2, Max: 0.3, Diff: 0.3, Sum: 4.0]
      [Code Root Scanning (ms): Min: 0.0, Avg: 0.0, Max: 0.0, Diff: 0.0, Sum: 0.1]
      [Object Copy (ms): Min: 21.2, Avg: 22.0, Max: 22.3, Diff: 1.1, Sum: 396.1]
      [Termination (ms): Min: 0.0, Avg: 0.0, Max: 0.0, Diff: 0.0, Sum: 0.1]
      [GC Worker Other (ms): Min: 0.0, Avg: 0.1, Max: 0.1, Diff: 0.1, Sum: 1.1]
      [GC Worker Total (ms): Min: 30.3, Avg: 30.4, Max: 30.5, Diff: 0.2, Sum: 546.8]
      [GC Worker End (ms): Min: 978248.5, Avg: 978248.5, Max: 978248.6, Diff: 0.1]
   [Code Root Fixup: 0.3 ms]
   [Code Root Migration: 0.1 ms]
   [Clear CT: 1.5 ms]
   [Other: 3.8 ms]
      [Choose CSet: 0.0 ms]
      [Ref Proc: 1.7 ms]
      [Ref Enq: 0.1 ms]
      [Free CSet: 0.8 ms]
   [Eden: 4720.0M(4720.0M)->0.0B(4608.0M) Survivors: 112.0M->160.0M Heap: 9078.5M(10.0G)->4414.8M(10.0G)]
 [Times: user=0.57 sys=0.01, real=0.03 secs] 
978.254: Total time for which application threads were stopped: 0.0376240 seconds
983.194: Total time for which application threads were stopped: 0.0011560 seconds
983.195: [GC pause (GCLocker Initiated GC) (young)
Desired survivor size 318767104 bytes, new threshold 15 (max 15)
- age   1:   30343008 bytes,   30343008 total
- age   2:    7166616 bytes,   37509624 total
- age   3:    6701456 bytes,   44211080 total
- age   4:    5864456 bytes,   50075536 total
- age   5:    6659296 bytes,   56734832 total
- age   6:   19104552 bytes,   75839384 total
- age   7:    3179088 bytes,   79018472 total
- age   8:     914400 bytes,   79932872 total
- age   9:    2980824 bytes,   82913696 total
- age  10:    1009136 bytes,   83922832 total
- age  11:    1615984 bytes,   85538816 total
- age  12:    2496984 bytes,   88035800 total
- age  13:    1735360 bytes,   89771160 total
- age  14:    2525872 bytes,   92297032 total
- age  15:    2895256 bytes,   95192288 total
, 0.0529300 secs]
   [Parallel Time: 47.3 ms, GC Workers: 18]
      [GC Worker Start (ms): Min: 983195.1, Avg: 983195.2, Max: 983195.2, Diff: 0.1]
      [Ext Root Scanning (ms): Min: 4.6, Avg: 5.1, Max: 8.4, Diff: 3.8, Sum: 92.3]
      [Update RS (ms): Min: 0.0, Avg: 3.3, Max: 5.7, Diff: 5.7, Sum: 59.6]
         [Processed Buffers: Min: 0, Avg: 33.9, Max: 62, Diff: 62, Sum: 610]
      [Scan RS (ms): Min: 0.0, Avg: 0.2, Max: 0.3, Diff: 0.3, Sum: 3.5]
      [Code Root Scanning (ms): Min: 0.0, Avg: 0.0, Max: 0.0, Diff: 0.0, Sum: 0.1]
      [Object Copy (ms): Min: 36.6, Avg: 38.3, Max: 38.9, Diff: 2.3, Sum: 689.5]
      [Termination (ms): Min: 0.0, Avg: 0.0, Max: 0.0, Diff: 0.0, Sum: 0.0]
      [GC Worker Other (ms): Min: 0.0, Avg: 0.2, Max: 2.2, Diff: 2.1, Sum: 3.4]
      [GC Worker Total (ms): Min: 47.0, Avg: 47.1, Max: 47.2, Diff: 0.2, Sum: 848.5]
      [GC Worker End (ms): Min: 983242.2, Avg: 983242.3, Max: 983242.3, Diff: 0.1]
   [Code Root Fixup: 0.3 ms]
   [Code Root Migration: 0.1 ms]
   [Clear CT: 1.6 ms]
   [Other: 3.7 ms]
      [Choose CSet: 0.0 ms]
      [Ref Proc: 1.6 ms]
      [Ref Enq: 0.1 ms]
      [Free CSet: 0.8 ms]
   [Eden: 4624.0M(4608.0M)->0.0B(4608.0M) Survivors: 160.0M->160.0M Heap: 9023.5M(10.0G)->4409.6M(10.0G)]
 [Times: user=0.86 sys=0.01, real=0.06 secs] 
983.248: Total time for which application threads were stopped: 0.0537320 seconds
984.586: Total time for which application threads were stopped: 0.0010770 seconds
984.595: Total time for which application threads were stopped: 0.0006240 seconds
984.595: Total time for which application threads were stopped: 0.0003000 seconds
984.611: Total time for which application threads were stopped: 0.0007910 seconds
988.484: [GC pause (G1 Evacuation Pause) (young)
Desired survivor size 318767104 bytes, new threshold 15 (max 15)
- age   1:   55171128 bytes,   55171128 total
- age   2:   27030032 bytes,   82201160 total
- age   3:    6336144 bytes,   88537304 total
- age   4:    6557936 bytes,   95095240 total
- age   5:    5829440 bytes,  100924680 total
- age   6:    2522168 bytes,  103446848 total
- age   7:    1594800 bytes,  105041648 total
- age   8:    2824128 bytes,  107865776 total
- age   9:     911448 bytes,  108777224 total
- age  10:    2978240 bytes,  111755464 total
- age  11:    1004064 bytes,  112759528 total
- age  12:    1612208 bytes,  114371736 total
- age  13:    2484488 bytes,  116856224 total
- age  14:    1435136 bytes,  118291360 total
- age  15:    2523400 bytes,  120814760 total
, 0.0511810 secs]
   [Parallel Time: 45.3 ms, GC Workers: 18]
      [GC Worker Start (ms): Min: 988484.7, Avg: 988484.8, Max: 988484.9, Diff: 0.2]
      [Ext Root Scanning (ms): Min: 3.8, Avg: 4.7, Max: 5.1, Diff: 1.3, Sum: 85.4]
      [Update RS (ms): Min: 3.0, Avg: 3.3, Max: 4.1, Diff: 1.1, Sum: 60.1]
         [Processed Buffers: Min: 12, Avg: 37.7, Max: 61, Diff: 49, Sum: 679]
      [Scan RS (ms): Min: 0.2, Avg: 0.2, Max: 0.3, Diff: 0.1, Sum: 4.3]
      [Code Root Scanning (ms): Min: 0.0, Avg: 0.0, Max: 0.0, Diff: 0.0, Sum: 0.1]
      [Object Copy (ms): Min: 36.6, Avg: 36.7, Max: 36.9, Diff: 0.3, Sum: 660.9]
      [Termination (ms): Min: 0.0, Avg: 0.0, Max: 0.0, Diff: 0.0, Sum: 0.1]
      [GC Worker Other (ms): Min: 0.0, Avg: 0.1, Max: 0.1, Diff: 0.1, Sum: 1.2]
      [GC Worker Total (ms): Min: 45.0, Avg: 45.1, Max: 45.2, Diff: 0.2, Sum: 812.0]
      [GC Worker End (ms): Min: 988529.8, Avg: 988529.9, Max: 988529.9, Diff: 0.1]
   [Code Root Fixup: 0.2 ms]
   [Code Root Migration: 0.1 ms]
   [Clear CT: 1.8 ms]
   [Other: 3.7 ms]
      [Choose CSet: 0.0 ms]
      [Ref Proc: 1.6 ms]
      [Ref Enq: 0.1 ms]
      [Free CSet: 0.8 ms]
   [Eden: 4608.0M(4608.0M)->0.0B(4448.0M) Survivors: 160.0M->240.0M Heap: 9017.6M(10.0G)->4502.4M(10.0G)]
 [Times: user=0.84 sys=0.01, real=0.05 secs] 
988.536: Total time for which application threads were stopped: 0.0527820 seconds
993.356: [GC pause (G1 Evacuation Pause) (young)
Desired survivor size 310378496 bytes, new threshold 15 (max 15)
- age   1:   11243256 bytes,   11243256 total
- age   2:   51028280 bytes,   62271536 total
- age   3:   26324208 bytes,   88595744 total
- age   4:    6178192 bytes,   94773936 total
- age   5:    6505680 bytes,  101279616 total
- age   6:    1679856 bytes,  102959472 total
- age   7:    2509280 bytes,  105468752 total
- age   8:    1587520 bytes,  107056272 total
- age   9:    2815328 bytes,  109871600 total
- age  10:     906912 bytes,  110778512 total
- age  11:    2971048 bytes,  113749560 total
- age  12:    1001368 bytes,  114750928 total
- age  13:    1588408 bytes,  116339336 total
- age  14:    2464984 bytes,  118804320 total
- age  15:    1434600 bytes,  120238920 total
, 0.1461070 secs]
   [Parallel Time: 140.9 ms, GC Workers: 18]
      [GC Worker Start (ms): Min: 993356.5, Avg: 993356.6, Max: 993356.6, Diff: 0.1]
      [Ext Root Scanning (ms): Min: 4.2, Avg: 4.8, Max: 5.2, Diff: 1.0, Sum: 85.7]
      [Update RS (ms): Min: 2.4, Avg: 3.0, Max: 3.6, Diff: 1.2, Sum: 53.6]
         [Processed Buffers: Min: 4, Avg: 33.7, Max: 81, Diff: 77, Sum: 606]
      [Scan RS (ms): Min: 0.0, Avg: 0.2, Max: 0.3, Diff: 0.3, Sum: 4.3]
      [Code Root Scanning (ms): Min: 0.0, Avg: 0.0, Max: 0.0, Diff: 0.0, Sum: 0.1]
      [Object Copy (ms): Min: 132.6, Avg: 132.7, Max: 132.9, Diff: 0.3, Sum: 2388.5]
      [Termination (ms): Min: 0.0, Avg: 0.0, Max: 0.0, Diff: 0.0, Sum: 0.1]
      [GC Worker Other (ms): Min: 0.0, Avg: 0.1, Max: 0.1, Diff: 0.1, Sum: 1.3]
      [GC Worker Total (ms): Min: 140.7, Avg: 140.8, Max: 140.8, Diff: 0.2, Sum: 2533.6]
      [GC Worker End (ms): Min: 993497.3, Avg: 993497.3, Max: 993497.4, Diff: 0.1]
   [Code Root Fixup: 0.3 ms]
   [Code Root Migration: 0.1 ms]
   [Clear CT: 1.3 ms]
   [Other: 3.6 ms]
      [Choose CSet: 0.0 ms]
      [Ref Proc: 1.6 ms]
      [Ref Enq: 0.1 ms]
      [Free CSet: 0.8 ms]
   [Eden: 4448.0M(4448.0M)->0.0B(4224.0M) Survivors: 240.0M->352.0M Heap: 8950.4M(10.0G)->4615.8M(10.0G)]
 [Times: user=2.55 sys=0.01, real=0.15 secs] 
993.503: Total time for which application threads were stopped: 0.1476490 seconds
994.357: Total time for which application threads were stopped: 0.0020150 seconds
998.119: [GC pause (G1 Evacuation Pause) (young)
Desired survivor size 301989888 bytes, new threshold 15 (max 15)
- age   1:  170447088 bytes,  170447088 total
- age   2:    7655264 bytes,  178102352 total
- age   3:   50360408 bytes,  228462760 total
- age   4:   26168016 bytes,  254630776 total
- age   5:    6145720 bytes,  260776496 total
- age   6:    4430728 bytes,  265207224 total
- age   7:    1670984 bytes,  266878208 total
- age   8:    2502048 bytes,  269380256 total
- age   9:    1578136 bytes,  270958392 total
- age  10:    2810448 bytes,  273768840 total
- age  11:     903816 bytes,  274672656 total
- age  12:    2969336 bytes,  277641992 total
- age  13:     989584 bytes,  278631576 total
- age  14:    1258168 bytes,  279889744 total
- age  15:    2463040 bytes,  282352784 total
, 0.0520410 secs]
   [Parallel Time: 46.5 ms, GC Workers: 18]
      [GC Worker Start (ms): Min: 998119.7, Avg: 998119.7, Max: 998119.8, Diff: 0.1]
      [Ext Root Scanning (ms): Min: 4.0, Avg: 4.7, Max: 5.4, Diff: 1.4, Sum: 84.9]
      [Update RS (ms): Min: 2.3, Avg: 3.0, Max: 3.8, Diff: 1.5, Sum: 53.9]
         [Processed Buffers: Min: 10, Avg: 36.9, Max: 66, Diff: 56, Sum: 665]
      [Scan RS (ms): Min: 0.2, Avg: 0.2, Max: 0.2, Diff: 0.1, Sum: 4.1]
      [Code Root Scanning (ms): Min: 0.0, Avg: 0.0, Max: 0.0, Diff: 0.0, Sum: 0.1]
      [Object Copy (ms): Min: 38.3, Avg: 38.4, Max: 38.6, Diff: 0.3, Sum: 690.7]
      [Termination (ms): Min: 0.0, Avg: 0.0, Max: 0.0, Diff: 0.0, Sum: 0.1]
      [GC Worker Other (ms): Min: 0.0, Avg: 0.1, Max: 0.1, Diff: 0.1, Sum: 1.2]
      [GC Worker Total (ms): Min: 46.3, Avg: 46.4, Max: 46.5, Diff: 0.2, Sum: 834.9]
      [GC Worker End (ms): Min: 998166.1, Avg: 998166.1, Max: 998166.2, Diff: 0.1]
   [Code Root Fixup: 0.3 ms]
   [Code Root Migration: 0.1 ms]
   [Clear CT: 1.3 ms]
   [Other: 3.8 ms]
      [Choose CSet: 0.0 ms]
      [Ref Proc: 1.7 ms]
      [Ref Enq: 0.1 ms]
      [Free CSet: 0.8 ms]
   [Eden: 4224.0M(4224.0M)->0.0B(4288.0M) Survivors: 352.0M->320.0M Heap: 8839.8M(10.0G)->4581.6M(10.0G)]
 [Times: user=0.85 sys=0.01, real=0.05 secs] 
998.172: Total time for which application threads were stopped: 0.0536020 seconds
1000.173: Total time for which application threads were stopped: 0.0010860 seconds
1003.279: [GC pause (G1 Evacuation Pause) (young)
Desired survivor size 301989888 bytes, new threshold 15 (max 15)
- age   1:   19420952 bytes,   19420952 total
- age   2:    4692816 bytes,   24113768 total
- age   3:    7047440 bytes,   31161208 total
- age   4:   50078960 bytes,   81240168 total
- age   5:   26102248 bytes,  107342416 total
- age   6:    4058992 bytes,  111401408 total
- age   7:    2354920 bytes,  113756328 total
- age   8:    1660384 bytes,  115416712 total
- age   9:    2491888 bytes,  117908600 total
- age  10:    1576104 bytes,  119484704 total
- age  11:    2808488 bytes,  122293192 total
- age  12:     900584 bytes,  123193776 total
- age  13:    2941328 bytes,  126135104 total
- age  14:     983216 bytes,  127118320 total
- age  15:    1257432 bytes,  128375752 total
, 0.0468830 secs]
   [Parallel Time: 41.4 ms, GC Workers: 18]
      [GC Worker Start (ms): Min: 1003279.7, Avg: 1003279.7, Max: 1003279.8, Diff: 0.2]
      [Ext Root Scanning (ms): Min: 3.9, Avg: 4.5, Max: 5.0, Diff: 1.1, Sum: 81.7]
      [Update RS (ms): Min: 2.6, Avg: 3.1, Max: 3.6, Diff: 0.9, Sum: 55.2]
         [Processed Buffers: Min: 10, Avg: 33.9, Max: 57, Diff: 47, Sum: 610]
      [Scan RS (ms): Min: 0.1, Avg: 0.2, Max: 0.3, Diff: 0.2, Sum: 4.2]
      [Code Root Scanning (ms): Min: 0.0, Avg: 0.0, Max: 0.0, Diff: 0.0, Sum: 0.1]
      [Object Copy (ms): Min: 33.3, Avg: 33.3, Max: 33.5, Diff: 0.2, Sum: 600.2]
      [Termination (ms): Min: 0.0, Avg: 0.0, Max: 0.0, Diff: 0.0, Sum: 0.1]
      [GC Worker Other (ms): Min: 0.0, Avg: 0.1, Max: 0.1, Diff: 0.1, Sum: 1.3]
      [GC Worker Total (ms): Min: 41.1, Avg: 41.3, Max: 41.4, Diff: 0.2, Sum: 742.7]
      [GC Worker End (ms): Min: 1003320.9, Avg: 1003321.0, Max: 1003321.0, Diff: 0.1]
   [Code Root Fixup: 0.3 ms]
   [Code Root Migration: 0.1 ms]
   [Clear CT: 1.5 ms]
   [Other: 3.7 ms]
      [Choose CSet: 0.0 ms]
      [Ref Proc: 1.7 ms]
      [Ref Enq: 0.1 ms]
      [Free CSet: 0.8 ms]
   [Eden: 4288.0M(4288.0M)->0.0B(4480.0M) Survivors: 320.0M->224.0M Heap: 8869.6M(10.0G)->4488.1M(10.0G)]
 [Times: user=0.77 sys=0.00, real=0.04 secs] 
1003.326: Total time for which application threads were stopped: 0.0483300 seconds
1004.757: Total time for which application threads were stopped: 0.0012090 seconds
1008.427: [GC pause (G1 Evacuation Pause) (young)
Desired survivor size 310378496 bytes, new threshold 15 (max 15)
- age   1:   12603280 bytes,   12603280 total
- age   2:   14228888 bytes,   26832168 total
- age   3:    3934808 bytes,   30766976 total
- age   4:    6847104 bytes,   37614080 total
- age   5:   50022792 bytes,   87636872 total
- age   6:   24017080 bytes,  111653952 total
- age   7:    1988040 bytes,  113641992 total
- age   8:    2346784 bytes,  115988776 total
- age   9:    1654712 bytes,  117643488 total
- age  10:    2489288 bytes,  120132776 total
- age  11:    1573008 bytes,  121705784 total
- age  12:    2800216 bytes,  124506000 total
- age  13:     889160 bytes,  125395160 total
- age  14:    2616744 bytes,  128011904 total
- age  15:     980936 bytes,  128992840 total
, 0.1411840 secs]
   [Parallel Time: 135.8 ms, GC Workers: 18]
      [GC Worker Start (ms): Min: 1008427.4, Avg: 1008427.4, Max: 1008427.5, Diff: 0.1]
      [Ext Root Scanning (ms): Min: 4.1, Avg: 4.7, Max: 5.1, Diff: 1.0, Sum: 84.8]
      [Update RS (ms): Min: 25.9, Avg: 26.4, Max: 27.1, Diff: 1.2, Sum: 475.5]
         [Processed Buffers: Min: 14, Avg: 41.2, Max: 83, Diff: 69, Sum: 742]
      [Scan RS (ms): Min: 0.0, Avg: 0.2, Max: 0.3, Diff: 0.3, Sum: 4.2]
      [Code Root Scanning (ms): Min: 0.0, Avg: 0.0, Max: 0.0, Diff: 0.0, Sum: 0.1]
      [Object Copy (ms): Min: 103.3, Avg: 104.2, Max: 104.6, Diff: 1.2, Sum: 1875.6]
      [Termination (ms): Min: 0.0, Avg: 0.0, Max: 0.0, Diff: 0.0, Sum: 0.1]
      [GC Worker Other (ms): Min: 0.0, Avg: 0.1, Max: 0.1, Diff: 0.1, Sum: 1.0]
      [GC Worker Total (ms): Min: 135.5, Avg: 135.6, Max: 135.7, Diff: 0.2, Sum: 2441.3]
      [GC Worker End (ms): Min: 1008563.0, Avg: 1008563.0, Max: 1008563.1, Diff: 0.1]
   [Code Root Fixup: 0.2 ms]
   [Code Root Migration: 0.1 ms]
   [Clear CT: 1.4 ms]
   [Other: 3.8 ms]
      [Choose CSet: 0.0 ms]
      [Ref Proc: 1.6 ms]
      [Ref Enq: 0.1 ms]
      [Free CSet: 0.8 ms]
   [Eden: 4480.0M(4480.0M)->0.0B(3632.0M) Survivors: 224.0M->592.0M Heap: 8978.5M(10.0G)->4959.9M(10.0G)]
 [Times: user=2.45 sys=0.03, real=0.14 secs] 
1008.568: Total time for which application threads were stopped: 0.1426790 seconds
1012.444: [GC pause (G1 Evacuation Pause) (young)
Desired survivor size 276824064 bytes, new threshold 2 (max 15)
- age   1:  271869128 bytes,  271869128 total
- age   2:    6665512 bytes,  278534640 total
- age   3:   13759648 bytes,  292294288 total
- age   4:    3806760 bytes,  296101048 total
- age   5:    6794160 bytes,  302895208 total
- age   6:   45879080 bytes,  348774288 total
- age   7:   21949352 bytes,  370723640 total
- age   8:    1982776 bytes,  372706416 total
- age   9:    2341184 bytes,  375047600 total
- age  10:    1649088 bytes,  376696688 total
- age  11:    2485240 bytes,  379181928 total
- age  12:    1566480 bytes,  380748408 total
- age  13:    2785208 bytes,  383533616 total
- age  14:     879392 bytes,  384413008 total
- age  15:    2616272 bytes,  387029280 total
, 0.6276920 secs]
   [Parallel Time: 621.2 ms, GC Workers: 18]
      [GC Worker Start (ms): Min: 1012444.5, Avg: 1012444.6, Max: 1012444.7, Diff: 0.1]
      [Ext Root Scanning (ms): Min: 4.4, Avg: 5.2, Max: 6.6, Diff: 2.2, Sum: 94.4]
      [Update RS (ms): Min: 301.8, Avg: 305.3, Max: 309.0, Diff: 7.2, Sum: 5496.0]
         [Processed Buffers: Min: 22, Avg: 56.2, Max: 176, Diff: 154, Sum: 1011]
      [Scan RS (ms): Min: 0.0, Avg: 0.1, Max: 0.3, Diff: 0.3, Sum: 1.6]
      [Code Root Scanning (ms): Min: 0.0, Avg: 0.0, Max: 0.0, Diff: 0.0, Sum: 0.1]
      [Object Copy (ms): Min: 306.6, Avg: 310.0, Max: 312.8, Diff: 6.2, Sum: 5579.4]
      [Termination (ms): Min: 0.0, Avg: 0.3, Max: 0.5, Diff: 0.5, Sum: 5.8]
      [GC Worker Other (ms): Min: 0.0, Avg: 0.1, Max: 0.1, Diff: 0.1, Sum: 1.2]
      [GC Worker Total (ms): Min: 621.0, Avg: 621.0, Max: 621.1, Diff: 0.2, Sum: 11178.4]
      [GC Worker End (ms): Min: 1013065.6, Avg: 1013065.6, Max: 1013065.7, Diff: 0.1]
   [Code Root Fixup: 0.2 ms]
   [Code Root Migration: 0.1 ms]
   [Clear CT: 1.1 ms]
   [Other: 5.1 ms]
      [Choose CSet: 0.0 ms]
      [Ref Proc: 1.7 ms]
      [Ref Enq: 0.1 ms]
      [Free CSet: 0.7 ms]
   [Eden: 3632.0M(3632.0M)->0.0B(16.0M) Survivors: 592.0M->528.0M Heap: 8631.0M(10.0G)->5177.6M(10.0G)]
 [Times: user=6.78 sys=0.39, real=0.63 secs] 
1013.072: Total time for which application threads were stopped: 0.6292690 seconds
1013.075: [GC pause (G1 Evacuation Pause) (young) (initial-mark)
Desired survivor size 41943040 bytes, new threshold 1 (max 15)
- age   1:  325087664 bytes,  325087664 total
- age   2:  268063560 bytes,  593151224 total
, 0.3699910 secs]
   [Parallel Time: 361.9 ms, GC Workers: 18]
      [GC Worker Start (ms): Min: 1013075.1, Avg: 1013075.1, Max: 1013075.2, Diff: 0.1]
      [Ext Root Scanning (ms): Min: 4.1, Avg: 4.8, Max: 5.3, Diff: 1.3, Sum: 85.8]
      [Code Root Marking (ms): Min: 0.2, Avg: 1.7, Max: 17.1, Diff: 16.8, Sum: 30.5]
      [Update RS (ms): Min: 95.8, Avg: 111.2, Max: 115.9, Diff: 20.2, Sum: 2002.0]
         [Processed Buffers: Min: 58, Avg: 79.4, Max: 112, Diff: 54, Sum: 1430]
      [Scan RS (ms): Min: 0.0, Avg: 2.7, Max: 3.9, Diff: 3.9, Sum: 49.0]
      [Code Root Scanning (ms): Min: 0.0, Avg: 0.0, Max: 0.0, Diff: 0.0, Sum: 0.0]
      [Object Copy (ms): Min: 240.0, Avg: 241.1, Max: 241.6, Diff: 1.6, Sum: 4339.0]
      [Termination (ms): Min: 0.0, Avg: 0.2, Max: 0.3, Diff: 0.3, Sum: 3.9]
      [GC Worker Other (ms): Min: 0.0, Avg: 0.1, Max: 0.1, Diff: 0.1, Sum: 1.1]
      [GC Worker Total (ms): Min: 361.7, Avg: 361.7, Max: 361.8, Diff: 0.1, Sum: 6511.2]
      [GC Worker End (ms): Min: 1013436.9, Avg: 1013436.9, Max: 1013436.9, Diff: 0.1]
   [Code Root Fixup: 0.3 ms]
   [Code Root Migration: 0.0 ms]
   [Clear CT: 0.4 ms]
   [Other: 7.4 ms]
      [Choose CSet: 0.0 ms]
      [Ref Proc: 1.6 ms]
      [Ref Enq: 0.1 ms]
      [Free CSet: 0.2 ms]
   [Eden: 16.0M(16.0M)->0.0B(432.0M) Survivors: 528.0M->80.0M Heap: 5193.6M(10.0G)->5464.0M(10.0G)]
 [Times: user=6.50 sys=0.02, real=0.37 secs] 
1013.445: [GC concurrent-root-region-scan-start]
1013.445: [GC concurrent-root-region-scan-end, 0.0000850 secs]
1013.445: [GC concurrent-mark-start]
1013.445: Total time for which application threads were stopped: 0.3713270 seconds
1013.746: [GC pause (G1 Evacuation Pause) (young)
Desired survivor size 33554432 bytes, new threshold 15 (max 15)
- age   1:    2309800 bytes,    2309800 total
, 0.0511520 secs]
   [Parallel Time: 47.7 ms, GC Workers: 18]
      [GC Worker Start (ms): Min: 1013746.7, Avg: 1013746.8, Max: 1013746.8, Diff: 0.1]
      [Ext Root Scanning (ms): Min: 3.5, Avg: 4.4, Max: 4.8, Diff: 1.4, Sum: 79.4]
      [SATB Filtering (ms): Min: 0.0, Avg: 0.1, Max: 2.5, Diff: 2.5, Sum: 2.5]
      [Update RS (ms): Min: 17.1, Avg: 18.7, Max: 19.4, Diff: 2.3, Sum: 335.8]
         [Processed Buffers: Min: 42, Avg: 66.8, Max: 96, Diff: 54, Sum: 1203]
      [Scan RS (ms): Min: 0.0, Avg: 0.2, Max: 1.6, Diff: 1.6, Sum: 4.4]
      [Code Root Scanning (ms): Min: 0.0, Avg: 0.0, Max: 0.0, Diff: 0.0, Sum: 0.0]
      [Object Copy (ms): Min: 22.9, Avg: 24.1, Max: 24.6, Diff: 1.7, Sum: 433.4]
      [Termination (ms): Min: 0.0, Avg: 0.0, Max: 0.0, Diff: 0.0, Sum: 0.4]
      [GC Worker Other (ms): Min: 0.0, Avg: 0.0, Max: 0.0, Diff: 0.0, Sum: 0.5]
      [GC Worker Total (ms): Min: 47.5, Avg: 47.6, Max: 47.6, Diff: 0.1, Sum: 856.4]
      [GC Worker End (ms): Min: 1013794.3, Avg: 1013794.4, Max: 1013794.4, Diff: 0.0]
   [Code Root Fixup: 0.2 ms]
   [Code Root Migration: 0.0 ms]
   [Clear CT: 0.5 ms]
   [Other: 2.7 ms]
      [Choose CSet: 0.0 ms]
      [Ref Proc: 1.5 ms]
      [Ref Enq: 0.2 ms]
      [Free CSet: 0.2 ms]
   [Eden: 432.0M(432.0M)->0.0B(448.0M) Survivors: 80.0M->64.0M Heap: 5896.0M(10.0G)->5528.4M(10.0G)]
 [Times: user=0.86 sys=0.00, real=0.05 secs] 
1013.798: Total time for which application threads were stopped: 0.0525430 seconds
1014.237: [GC pause (G1 Evacuation Pause) (young)
Desired survivor size 33554432 bytes, new threshold 15 (max 15)
- age   1:   17580528 bytes,   17580528 total
- age   2:      10896 bytes,   17591424 total
, 0.0303360 secs]
   [Parallel Time: 26.8 ms, GC Workers: 18]
      [GC Worker Start (ms): Min: 1014237.5, Avg: 1014237.6, Max: 1014237.7, Diff: 0.2]
      [Ext Root Scanning (ms): Min: 3.8, Avg: 4.5, Max: 4.9, Diff: 1.1, Sum: 80.3]
      [SATB Filtering (ms): Min: 0.0, Avg: 0.1, Max: 1.9, Diff: 1.9, Sum: 1.9]
      [Update RS (ms): Min: 13.2, Avg: 14.6, Max: 16.2, Diff: 3.0, Sum: 262.8]
         [Processed Buffers: Min: 31, Avg: 58.2, Max: 97, Diff: 66, Sum: 1047]
      [Scan RS (ms): Min: 0.1, Avg: 1.1, Max: 2.3, Diff: 2.2, Sum: 20.2]
      [Code Root Scanning (ms): Min: 0.0, Avg: 0.0, Max: 0.0, Diff: 0.0, Sum: 0.0]
      [Object Copy (ms): Min: 5.1, Avg: 6.2, Max: 6.5, Diff: 1.3, Sum: 111.9]
      [Termination (ms): Min: 0.0, Avg: 0.0, Max: 0.0, Diff: 0.0, Sum: 0.1]
      [GC Worker Other (ms): Min: 0.0, Avg: 0.0, Max: 0.1, Diff: 0.0, Sum: 0.7]
      [GC Worker Total (ms): Min: 26.4, Avg: 26.5, Max: 26.6, Diff: 0.2, Sum: 477.9]
      [GC Worker End (ms): Min: 1014264.2, Avg: 1014264.2, Max: 1014264.2, Diff: 0.0]
   [Code Root Fixup: 0.3 ms]
   [Code Root Migration: 0.0 ms]
   [Clear CT: 0.5 ms]
   [Other: 2.7 ms]
      [Choose CSet: 0.0 ms]
      [Ref Proc: 1.6 ms]
      [Ref Enq: 0.2 ms]
      [Free CSet: 0.2 ms]
   [Eden: 448.0M(448.0M)->0.0B(464.0M) Survivors: 64.0M->48.0M Heap: 5976.4M(10.0G)->5505.9M(10.0G)]
 [Times: user=0.48 sys=0.02, real=0.03 secs] 
1014.268: Total time for which application threads were stopped: 0.0315210 seconds
1014.721: [GC pause (G1 Evacuation Pause) (young)
Desired survivor size 33554432 bytes, new threshold 15 (max 15)
- age   1:   13605808 bytes,   13605808 total
- age   2:    7582424 bytes,   21188232 total
- age   3:       1328 bytes,   21189560 total
, 0.0283720 secs]
   [Parallel Time: 24.8 ms, GC Workers: 18]
      [GC Worker Start (ms): Min: 1014721.6, Avg: 1014721.6, Max: 1014721.7, Diff: 0.2]
      [Ext Root Scanning (ms): Min: 3.8, Avg: 4.6, Max: 5.0, Diff: 1.2, Sum: 82.9]
      [SATB Filtering (ms): Min: 0.0, Avg: 0.1, Max: 1.8, Diff: 1.8, Sum: 1.8]
      [Update RS (ms): Min: 12.8, Avg: 13.8, Max: 14.5, Diff: 1.8, Sum: 248.8]
         [Processed Buffers: Min: 32, Avg: 55.9, Max: 79, Diff: 47, Sum: 1006]
      [Scan RS (ms): Min: 0.9, Avg: 1.0, Max: 2.2, Diff: 1.3, Sum: 18.1]
      [Code Root Scanning (ms): Min: 0.0, Avg: 0.0, Max: 0.0, Diff: 0.0, Sum: 0.0]
      [Object Copy (ms): Min: 3.8, Avg: 5.0, Max: 5.2, Diff: 1.5, Sum: 89.4]
      [Termination (ms): Min: 0.0, Avg: 0.0, Max: 0.0, Diff: 0.0, Sum: 0.1]
      [GC Worker Other (ms): Min: 0.0, Avg: 0.0, Max: 0.1, Diff: 0.1, Sum: 0.6]
      [GC Worker Total (ms): Min: 24.4, Avg: 24.5, Max: 24.6, Diff: 0.2, Sum: 441.8]
      [GC Worker End (ms): Min: 1014746.2, Avg: 1014746.2, Max: 1014746.2, Diff: 0.1]
   [Code Root Fixup: 0.3 ms]
   [Code Root Migration: 0.0 ms]
   [Clear CT: 0.6 ms]
   [Other: 2.7 ms]
      [Choose CSet: 0.0 ms]
      [Ref Proc: 1.7 ms]
      [Ref Enq: 0.1 ms]
      [Free CSet: 0.2 ms]
   [Eden: 464.0M(464.0M)->0.0B(464.0M) Survivors: 48.0M->48.0M Heap: 5969.9M(10.0G)->5502.4M(10.0G)]
 [Times: user=0.45 sys=0.01, real=0.03 secs] 
1014.750: Total time for which application threads were stopped: 0.0297100 seconds
1014.927: Total time for which application threads were stopped: 0.0068250 seconds
1014.943: Total time for which application threads were stopped: 0.0008590 seconds
1015.164: [GC pause (G1 Evacuation Pause) (young)
Desired survivor size 33554432 bytes, new threshold 15 (max 15)
- age   1:   21172352 bytes,   21172352 total
- age   2:    4257960 bytes,   25430312 total
- age   3:    7576264 bytes,   33006576 total
- age   4:        800 bytes,   33007376 total
, 0.0288020 secs]
   [Parallel Time: 25.1 ms, GC Workers: 18]
      [GC Worker Start (ms): Min: 1015164.2, Avg: 1015164.3, Max: 1015164.3, Diff: 0.1]
      [Ext Root Scanning (ms): Min: 3.9, Avg: 4.6, Max: 5.0, Diff: 1.1, Sum: 82.3]
      [SATB Filtering (ms): Min: 0.0, Avg: 0.1, Max: 2.0, Diff: 2.0, Sum: 2.0]
      [Update RS (ms): Min: 11.6, Avg: 12.8, Max: 13.5, Diff: 1.9, Sum: 229.8]
         [Processed Buffers: Min: 29, Avg: 54.4, Max: 76, Diff: 47, Sum: 980]
      [Scan RS (ms): Min: 0.8, Avg: 0.9, Max: 1.0, Diff: 0.1, Sum: 15.9]
      [Code Root Scanning (ms): Min: 0.0, Avg: 0.0, Max: 0.0, Diff: 0.0, Sum: 0.0]
      [Object Copy (ms): Min: 6.5, Avg: 6.6, Max: 6.7, Diff: 0.2, Sum: 118.2]
      [Termination (ms): Min: 0.0, Avg: 0.1, Max: 0.1, Diff: 0.1, Sum: 1.0]
      [GC Worker Other (ms): Min: 0.0, Avg: 0.0, Max: 0.1, Diff: 0.0, Sum: 0.6]
      [GC Worker Total (ms): Min: 24.9, Avg: 25.0, Max: 25.1, Diff: 0.1, Sum: 449.7]
      [GC Worker End (ms): Min: 1015189.2, Avg: 1015189.3, Max: 1015189.3, Diff: 0.0]
   [Code Root Fixup: 0.2 ms]
   [Code Root Migration: 0.0 ms]
   [Clear CT: 0.7 ms]
   [Other: 2.8 ms]
      [Choose CSet: 0.0 ms]
      [Ref Proc: 1.7 ms]
      [Ref Enq: 0.1 ms]
      [Free CSet: 0.2 ms]
   [Eden: 464.0M(464.0M)->0.0B(448.0M) Survivors: 48.0M->64.0M Heap: 5966.4M(10.0G)->5513.3M(10.0G)]
 [Times: user=0.46 sys=0.01, real=0.03 secs] 
1015.193: Total time for which application threads were stopped: 0.0300460 seconds
1015.308: [GC concurrent-mark-end, 1.8629910 secs]
1015.309: [GC remark 1015.310: [GC ref-proc, 0.0040550 secs], 0.0122450 secs]
 [Times: user=0.17 sys=0.00, real=0.02 secs] 
1015.322: Total time for which application threads were stopped: 0.0135580 seconds
1015.323: [GC cleanup 5783M->5677M(10G), 0.0079800 secs]
 [Times: user=0.13 sys=0.01, real=0.00 secs] 
1015.331: Total time for which application threads were stopped: 0.0088650 seconds
1015.331: [GC concurrent-cleanup-start]
1015.331: [GC concurrent-cleanup-end, 0.0000740 secs]
1015.337: Total time for which application threads were stopped: 0.0009350 seconds
1015.338: Total time for which application threads were stopped: 0.0002740 seconds
1015.338: Total time for which application threads were stopped: 0.0002620 seconds
1015.338: Total time for which application threads were stopped: 0.0002420 seconds
1015.338: Total time for which application threads were stopped: 0.0002440 seconds
1015.339: Total time for which application threads were stopped: 0.0002650 seconds
1015.571: Total time for which application threads were stopped: 0.0008470 seconds
1015.572: [GC pause (GCLocker Initiated GC) (young)
Desired survivor size 33554432 bytes, new threshold 4 (max 15)
- age   1:   14405104 bytes,   14405104 total
- age   2:   15492944 bytes,   29898048 total
- age   3:    2313464 bytes,   32211512 total
- age   4:    7575568 bytes,   39787080 total
- age   5:        800 bytes,   39787880 total
, 0.0311490 secs]
   [Parallel Time: 27.2 ms, GC Workers: 18]
      [GC Worker Start (ms): Min: 1015572.3, Avg: 1015572.4, Max: 1015572.5, Diff: 0.1]
      [Ext Root Scanning (ms): Min: 4.0, Avg: 5.0, Max: 5.5, Diff: 1.5, Sum: 90.2]
      [Update RS (ms): Min: 12.6, Avg: 13.1, Max: 14.0, Diff: 1.4, Sum: 235.6]
         [Processed Buffers: Min: 23, Avg: 53.4, Max: 76, Diff: 53, Sum: 962]
      [Scan RS (ms): Min: 0.7, Avg: 0.9, Max: 1.3, Diff: 0.6, Sum: 16.7]
      [Code Root Scanning (ms): Min: 0.0, Avg: 0.0, Max: 0.0, Diff: 0.0, Sum: 0.0]
      [Object Copy (ms): Min: 7.7, Avg: 8.0, Max: 8.2, Diff: 0.5, Sum: 143.8]
      [Termination (ms): Min: 0.0, Avg: 0.0, Max: 0.0, Diff: 0.0, Sum: 0.1]
      [GC Worker Other (ms): Min: 0.0, Avg: 0.0, Max: 0.1, Diff: 0.1, Sum: 0.7]
      [GC Worker Total (ms): Min: 27.0, Avg: 27.1, Max: 27.1, Diff: 0.1, Sum: 487.0]
      [GC Worker End (ms): Min: 1015599.4, Avg: 1015599.5, Max: 1015599.5, Diff: 0.0]
   [Code Root Fixup: 0.2 ms]
   [Code Root Migration: 0.0 ms]
   [Clear CT: 0.8 ms]
   [Other: 2.9 ms]
      [Choose CSet: 0.0 ms]
      [Ref Proc: 1.7 ms]
      [Ref Enq: 0.1 ms]
      [Free CSet: 0.2 ms]
   [Eden: 464.0M(448.0M)->0.0B(448.0M) Survivors: 64.0M->64.0M Heap: 5855.5M(10.0G)->5426.5M(10.0G)]
 [Times: user=0.49 sys=0.01, real=0.03 secs] 
1015.603: Total time for which application threads were stopped: 0.0319360 seconds
1016.002: [GC pause (G1 Evacuation Pause) (mixed)
Desired survivor size 33554432 bytes, new threshold 3 (max 15)
- age   1:   20073032 bytes,   20073032 total
- age   2:   11806768 bytes,   31879800 total
- age   3:    8647272 bytes,   40527072 total
- age   4:    1695296 bytes,   42222368 total
, 0.1236940 secs]
   [Parallel Time: 116.2 ms, GC Workers: 18]
      [GC Worker Start (ms): Min: 1016002.3, Avg: 1016002.4, Max: 1016002.5, Diff: 0.1]
      [Ext Root Scanning (ms): Min: 4.1, Avg: 4.7, Max: 5.4, Diff: 1.4, Sum: 85.0]
      [Update RS (ms): Min: 9.5, Avg: 10.2, Max: 10.7, Diff: 1.2, Sum: 183.9]
         [Processed Buffers: Min: 31, Avg: 54.2, Max: 67, Diff: 36, Sum: 976]
      [Scan RS (ms): Min: 16.2, Avg: 16.4, Max: 16.6, Diff: 0.4, Sum: 295.3]
      [Code Root Scanning (ms): Min: 0.0, Avg: 0.0, Max: 0.2, Diff: 0.2, Sum: 0.3]
      [Object Copy (ms): Min: 84.4, Avg: 84.6, Max: 84.8, Diff: 0.3, Sum: 1522.2]
      [Termination (ms): Min: 0.0, Avg: 0.0, Max: 0.0, Diff: 0.0, Sum: 0.1]
      [GC Worker Other (ms): Min: 0.0, Avg: 0.0, Max: 0.1, Diff: 0.0, Sum: 0.6]
      [GC Worker Total (ms): Min: 115.9, Avg: 116.0, Max: 116.0, Diff: 0.1, Sum: 2087.3]
      [GC Worker End (ms): Min: 1016118.4, Avg: 1016118.4, Max: 1016118.4, Diff: 0.0]
   [Code Root Fixup: 0.4 ms]
   [Code Root Migration: 0.3 ms]
   [Clear CT: 1.7 ms]
   [Other: 5.0 ms]
      [Choose CSet: 0.1 ms]
      [Ref Proc: 1.6 ms]
      [Ref Enq: 0.1 ms]
      [Free CSet: 0.7 ms]
   [Eden: 448.0M(448.0M)->0.0B(448.0M) Survivors: 64.0M->64.0M Heap: 5874.5M(10.0G)->5124.3M(10.0G)]
 [Times: user=2.12 sys=0.01, real=0.12 secs] 
1016.126: Total time for which application threads were stopped: 0.1251970 seconds
1016.488: [GC pause (G1 Evacuation Pause) (mixed)
Desired survivor size 33554432 bytes, new threshold 3 (max 15)
- age   1:   12462760 bytes,   12462760 total
- age   2:   18180096 bytes,   30642856 total
- age   3:   10124416 bytes,   40767272 total
, 0.0363060 secs]
   [Parallel Time: 31.3 ms, GC Workers: 18]
      [GC Worker Start (ms): Min: 1016488.4, Avg: 1016488.4, Max: 1016488.5, Diff: 0.1]
      [Ext Root Scanning (ms): Min: 4.2, Avg: 4.8, Max: 5.2, Diff: 1.0, Sum: 86.9]
      [Update RS (ms): Min: 8.8, Avg: 9.2, Max: 9.9, Diff: 1.1, Sum: 165.3]
         [Processed Buffers: Min: 32, Avg: 50.1, Max: 86, Diff: 54, Sum: 902]
      [Scan RS (ms): Min: 5.2, Avg: 5.2, Max: 5.3, Diff: 0.2, Sum: 94.1]
      [Code Root Scanning (ms): Min: 0.0, Avg: 0.0, Max: 0.1, Diff: 0.1, Sum: 0.1]
      [Object Copy (ms): Min: 11.7, Avg: 11.8, Max: 12.0, Diff: 0.3, Sum: 212.1]
      [Termination (ms): Min: 0.0, Avg: 0.2, Max: 0.2, Diff: 0.2, Sum: 2.9]
      [GC Worker Other (ms): Min: 0.0, Avg: 0.0, Max: 0.1, Diff: 0.1, Sum: 0.5]
      [GC Worker Total (ms): Min: 31.1, Avg: 31.2, Max: 31.3, Diff: 0.1, Sum: 561.9]
      [GC Worker End (ms): Min: 1016519.6, Avg: 1016519.7, Max: 1016519.7, Diff: 0.0]
   [Code Root Fixup: 0.3 ms]
   [Code Root Migration: 0.2 ms]
   [Clear CT: 1.3 ms]
   [Other: 3.3 ms]
      [Choose CSet: 0.0 ms]
      [Ref Proc: 1.6 ms]
      [Ref Enq: 0.1 ms]
      [Free CSet: 0.3 ms]
   [Eden: 448.0M(448.0M)->0.0B(448.0M) Survivors: 64.0M->64.0M Heap: 5572.3M(10.0G)->5178.4M(10.0G)]
 [Times: user=0.58 sys=0.01, real=0.04 secs] 
1016.525: Total time for which application threads were stopped: 0.0376730 seconds
1016.812: [GC pause (G1 Evacuation Pause) (young)
Desired survivor size 33554432 bytes, new threshold 3 (max 15)
- age   1:   15383152 bytes,   15383152 total
- age   2:   10209568 bytes,   25592720 total
- age   3:   15992176 bytes,   41584896 total
, 0.0538940 secs]
   [Parallel Time: 50.4 ms, GC Workers: 18]
      [GC Worker Start (ms): Min: 1016812.9, Avg: 1016812.9, Max: 1016813.0, Diff: 0.1]
      [Ext Root Scanning (ms): Min: 4.6, Avg: 5.2, Max: 5.6, Diff: 1.0, Sum: 94.0]
      [Update RS (ms): Min: 9.5, Avg: 10.1, Max: 11.2, Diff: 1.7, Sum: 181.0]
         [Processed Buffers: Min: 26, Avg: 45.3, Max: 65, Diff: 39, Sum: 815]
      [Scan RS (ms): Min: 0.0, Avg: 0.0, Max: 0.1, Diff: 0.1, Sum: 0.6]
      [Code Root Scanning (ms): Min: 0.0, Avg: 0.0, Max: 0.0, Diff: 0.0, Sum: 0.0]
      [Object Copy (ms): Min: 33.2, Avg: 34.5, Max: 34.9, Diff: 1.7, Sum: 621.0]
      [Termination (ms): Min: 0.1, Avg: 0.4, Max: 0.6, Diff: 0.5, Sum: 6.8]
      [GC Worker Other (ms): Min: 0.0, Avg: 0.0, Max: 0.1, Diff: 0.0, Sum: 0.8]
      [GC Worker Total (ms): Min: 50.2, Avg: 50.2, Max: 50.3, Diff: 0.1, Sum: 904.2]
      [GC Worker End (ms): Min: 1016863.1, Avg: 1016863.2, Max: 1016863.2, Diff: 0.0]
   [Code Root Fixup: 0.2 ms]
   [Code Root Migration: 0.0 ms]
   [Clear CT: 0.3 ms]
   [Other: 2.9 ms]
      [Choose CSet: 0.0 ms]
      [Ref Proc: 1.7 ms]
      [Ref Enq: 0.2 ms]
      [Free CSet: 0.2 ms]
   [Eden: 448.0M(448.0M)->0.0B(768.0M) Survivors: 64.0M->64.0M Heap: 5626.4M(10.0G)->5247.7M(10.0G)]
 [Times: user=0.90 sys=0.01, real=0.05 secs] 
1016.867: Total time for which application threads were stopped: 0.0553990 seconds
1017.604: [GC pause (G1 Evacuation Pause) (young) (initial-mark)
Desired survivor size 58720256 bytes, new threshold 2 (max 15)
- age   1:   53141176 bytes,   53141176 total
- age   2:   12790832 bytes,   65932008 total
- age   3:   10160208 bytes,   76092216 total
, 0.0235610 secs]
   [Parallel Time: 19.8 ms, GC Workers: 18]
      [GC Worker Start (ms): Min: 1017604.5, Avg: 1017604.6, Max: 1017604.7, Diff: 0.1]
      [Ext Root Scanning (ms): Min: 3.8, Avg: 4.4, Max: 5.0, Diff: 1.1, Sum: 79.8]
      [Code Root Marking (ms): Min: 0.2, Avg: 1.3, Max: 10.5, Diff: 10.3, Sum: 23.3]
      [Update RS (ms): Min: 0.0, Avg: 3.8, Max: 4.1, Diff: 4.1, Sum: 67.5]
         [Processed Buffers: Min: 0, Avg: 39.1, Max: 64, Diff: 64, Sum: 703]
      [Scan RS (ms): Min: 0.0, Avg: 0.0, Max: 0.1, Diff: 0.0, Sum: 0.7]
      [Code Root Scanning (ms): Min: 0.0, Avg: 0.0, Max: 0.0, Diff: 0.0, Sum: 0.0]
      [Object Copy (ms): Min: 4.4, Avg: 10.1, Max: 10.6, Diff: 6.2, Sum: 181.2]
      [Termination (ms): Min: 0.0, Avg: 0.0, Max: 0.0, Diff: 0.0, Sum: 0.4]
      [GC Worker Other (ms): Min: 0.0, Avg: 0.1, Max: 0.1, Diff: 0.1, Sum: 1.0]
      [GC Worker Total (ms): Min: 19.6, Avg: 19.7, Max: 19.8, Diff: 0.2, Sum: 354.0]
      [GC Worker End (ms): Min: 1017624.3, Avg: 1017624.3, Max: 1017624.3, Diff: 0.0]
   [Code Root Fixup: 0.2 ms]
   [Code Root Migration: 0.0 ms]
   [Clear CT: 0.3 ms]
   [Other: 3.2 ms]
      [Choose CSet: 0.0 ms]
      [Ref Proc: 1.5 ms]
      [Ref Enq: 0.1 ms]
      [Free CSet: 0.3 ms]
   [Eden: 768.0M(768.0M)->0.0B(3776.0M) Survivors: 64.0M->64.0M Heap: 6015.7M(10.0G)->5268.7M(10.0G)]
 [Times: user=0.36 sys=0.00, real=0.02 secs] 
1017.628: [GC concurrent-root-region-scan-start]
1017.628: Total time for which application threads were stopped: 0.0251290 seconds
1017.629: [GC concurrent-root-region-scan-end, 0.0014720 secs]
1017.629: [GC concurrent-mark-start]
1018.589: [GC concurrent-mark-end, 0.9598450 secs]
1018.590: [GC remark 1018.591: [GC ref-proc, 0.0030270 secs], 0.0103350 secs]
 [Times: user=0.14 sys=0.00, real=0.01 secs] 
1018.601: Total time for which application threads were stopped: 0.0117290 seconds
1018.602: [GC cleanup 6277M->6094M(10G), 0.0087450 secs]
 [Times: user=0.14 sys=0.00, real=0.00 secs] 
1018.611: Total time for which application threads were stopped: 0.0097680 seconds
1018.611: [GC concurrent-cleanup-start]
1018.611: [GC concurrent-cleanup-end, 0.0001380 secs]
1021.612: Total time for which application threads were stopped: 0.0012280 seconds
1021.696: Total time for which application threads were stopped: 0.0009450 seconds
1021.697: [GC pause (GCLocker Initiated GC) (young)
Desired survivor size 251658240 bytes, new threshold 15 (max 15)
- age   1:    9555496 bytes,    9555496 total
- age   2:    7625856 bytes,   17181352 total
, 0.0596180 secs]
   [Parallel Time: 55.1 ms, GC Workers: 18]
      [GC Worker Start (ms): Min: 1021697.5, Avg: 1021697.5, Max: 1021697.6, Diff: 0.1]
      [Ext Root Scanning (ms): Min: 4.6, Avg: 5.1, Max: 5.6, Diff: 1.0, Sum: 91.7]
      [Update RS (ms): Min: 3.2, Avg: 3.8, Max: 4.3, Diff: 1.1, Sum: 67.8]
         [Processed Buffers: Min: 18, Avg: 37.3, Max: 80, Diff: 62, Sum: 672]
      [Scan RS (ms): Min: 0.0, Avg: 0.2, Max: 0.2, Diff: 0.2, Sum: 3.3]
      [Code Root Scanning (ms): Min: 0.0, Avg: 0.0, Max: 0.0, Diff: 0.0, Sum: 0.1]
      [Object Copy (ms): Min: 45.7, Avg: 45.8, Max: 46.0, Diff: 0.3, Sum: 823.9]
      [Termination (ms): Min: 0.0, Avg: 0.0, Max: 0.0, Diff: 0.0, Sum: 0.1]
      [GC Worker Other (ms): Min: 0.0, Avg: 0.1, Max: 0.1, Diff: 0.1, Sum: 1.2]
      [GC Worker Total (ms): Min: 54.8, Avg: 54.9, Max: 55.0, Diff: 0.2, Sum: 988.1]
      [GC Worker End (ms): Min: 1021752.4, Avg: 1021752.4, Max: 1021752.5, Diff: 0.1]
   [Code Root Fixup: 0.2 ms]
   [Code Root Migration: 0.0 ms]
   [Clear CT: 1.1 ms]
   [Other: 3.2 ms]
      [Choose CSet: 0.0 ms]
      [Ref Proc: 1.6 ms]
      [Ref Enq: 0.1 ms]
      [Free CSet: 0.6 ms]
   [Eden: 3792.0M(3776.0M)->0.0B(384.0M) Survivors: 64.0M->128.0M Heap: 8861.5M(10.0G)->5142.3M(10.0G)]
 [Times: user=1.00 sys=0.01, real=0.06 secs] 
1021.757: Total time for which application threads were stopped: 0.0604610 seconds
1022.015: [GC pause (G1 Evacuation Pause) (mixed)
Desired survivor size 33554432 bytes, new threshold 1 (max 15)
- age   1:   93024152 bytes,   93024152 total
- age   2:    6895312 bytes,   99919464 total
- age   3:    7390448 bytes,  107309912 total
, 0.0972670 secs]
   [Parallel Time: 89.3 ms, GC Workers: 18]
      [GC Worker Start (ms): Min: 1022015.7, Avg: 1022015.7, Max: 1022015.8, Diff: 0.1]
      [Ext Root Scanning (ms): Min: 4.0, Avg: 4.9, Max: 5.3, Diff: 1.3, Sum: 87.8]
      [Update RS (ms): Min: 0.9, Avg: 1.3, Max: 2.1, Diff: 1.1, Sum: 23.6]
         [Processed Buffers: Min: 9, Avg: 29.3, Max: 53, Diff: 44, Sum: 528]
      [Scan RS (ms): Min: 12.7, Avg: 13.1, Max: 13.2, Diff: 0.5, Sum: 235.0]
      [Code Root Scanning (ms): Min: 0.0, Avg: 0.0, Max: 0.0, Diff: 0.0, Sum: 0.2]
      [Object Copy (ms): Min: 69.7, Avg: 69.8, Max: 70.0, Diff: 0.3, Sum: 1256.9]
      [Termination (ms): Min: 0.0, Avg: 0.0, Max: 0.0, Diff: 0.0, Sum: 0.1]
      [GC Worker Other (ms): Min: 0.0, Avg: 0.0, Max: 0.1, Diff: 0.0, Sum: 0.8]
      [GC Worker Total (ms): Min: 89.1, Avg: 89.1, Max: 89.2, Diff: 0.1, Sum: 1604.3]
      [GC Worker End (ms): Min: 1022104.8, Avg: 1022104.9, Max: 1022104.9, Diff: 0.0]
   [Code Root Fixup: 0.3 ms]
   [Code Root Migration: 0.2 ms]
   [Clear CT: 1.6 ms]
   [Other: 5.8 ms]
      [Choose CSet: 0.3 ms]
      [Ref Proc: 1.6 ms]
      [Ref Enq: 0.1 ms]
      [Free CSet: 0.9 ms]
   [Eden: 384.0M(384.0M)->0.0B(448.0M) Survivors: 128.0M->64.0M Heap: 5526.3M(10.0G)->4408.7M(10.0G)]
 [Times: user=1.63 sys=0.01, real=0.10 secs] 
1022.113: Total time for which application threads were stopped: 0.0998670 seconds
1022.379: [GC pause (G1 Evacuation Pause) (mixed)
Desired survivor size 33554432 bytes, new threshold 15 (max 15)
- age   1:    2364824 bytes,    2364824 total
, 0.0727130 secs]
   [Parallel Time: 66.7 ms, GC Workers: 18]
      [GC Worker Start (ms): Min: 1022379.7, Avg: 1022379.7, Max: 1022379.8, Diff: 0.1]
      [Ext Root Scanning (ms): Min: 4.2, Avg: 5.0, Max: 5.2, Diff: 1.1, Sum: 89.4]
      [Update RS (ms): Min: 15.5, Avg: 16.3, Max: 22.0, Diff: 6.6, Sum: 292.6]
         [Processed Buffers: Min: 18, Avg: 53.6, Max: 83, Diff: 65, Sum: 965]
      [Scan RS (ms): Min: 3.0, Avg: 8.8, Max: 10.4, Diff: 7.4, Sum: 158.5]
      [Code Root Scanning (ms): Min: 0.0, Avg: 0.0, Max: 0.2, Diff: 0.2, Sum: 0.3]
      [Object Copy (ms): Min: 35.4, Avg: 36.4, Max: 36.7, Diff: 1.3, Sum: 655.8]
      [Termination (ms): Min: 0.0, Avg: 0.0, Max: 0.0, Diff: 0.0, Sum: 0.3]
      [GC Worker Other (ms): Min: 0.0, Avg: 0.0, Max: 0.1, Diff: 0.0, Sum: 0.7]
      [GC Worker Total (ms): Min: 66.5, Avg: 66.5, Max: 66.6, Diff: 0.1, Sum: 1197.7]
      [GC Worker End (ms): Min: 1022446.3, Avg: 1022446.3, Max: 1022446.3, Diff: 0.0]
   [Code Root Fixup: 0.4 ms]
   [Code Root Migration: 0.3 ms]
   [Clear CT: 1.5 ms]
   [Other: 3.8 ms]
      [Choose CSet: 0.1 ms]
      [Ref Proc: 1.5 ms]
      [Ref Enq: 0.2 ms]
      [Free CSet: 0.3 ms]
   [Eden: 448.0M(448.0M)->0.0B(464.0M) Survivors: 64.0M->48.0M Heap: 4856.7M(10.0G)->4460.6M(10.0G)]
 [Times: user=1.21 sys=0.01, real=0.07 secs] 
1022.452: Total time for which application threads were stopped: 0.0743780 seconds
1022.962: Total time for which application threads were stopped: 0.0011710 seconds
1022.964: [GC pause (GCLocker Initiated GC) (young)
Desired survivor size 33554432 bytes, new threshold 15 (max 15)
- age   1:   29206664 bytes,   29206664 total
- age   2:     937224 bytes,   30143888 total
, 0.0551240 secs]
   [Parallel Time: 51.7 ms, GC Workers: 18]
      [GC Worker Start (ms): Min: 1022964.0, Avg: 1022964.1, Max: 1022964.1, Diff: 0.1]
      [Ext Root Scanning (ms): Min: 4.0, Avg: 4.8, Max: 5.2, Diff: 1.2, Sum: 86.9]
      [Update RS (ms): Min: 14.8, Avg: 15.8, Max: 24.3, Diff: 9.5, Sum: 283.6]
         [Processed Buffers: Min: 17, Avg: 45.1, Max: 85, Diff: 68, Sum: 812]
      [Scan RS (ms): Min: 0.0, Avg: 0.0, Max: 0.1, Diff: 0.1, Sum: 0.8]
      [Code Root Scanning (ms): Min: 0.0, Avg: 0.0, Max: 0.0, Diff: 0.0, Sum: 0.0]
      [Object Copy (ms): Min: 22.1, Avg: 30.8, Max: 31.6, Diff: 9.5, Sum: 554.9]
      [Termination (ms): Min: 0.0, Avg: 0.0, Max: 0.0, Diff: 0.0, Sum: 0.5]
      [GC Worker Other (ms): Min: 0.0, Avg: 0.0, Max: 0.1, Diff: 0.0, Sum: 0.7]
      [GC Worker Total (ms): Min: 51.4, Avg: 51.5, Max: 51.6, Diff: 0.2, Sum: 927.4]
      [GC Worker End (ms): Min: 1023015.6, Avg: 1023015.6, Max: 1023015.6, Diff: 0.0]
   [Code Root Fixup: 0.2 ms]
   [Code Root Migration: 0.0 ms]
   [Clear CT: 0.3 ms]
   [Other: 2.9 ms]
      [Choose CSet: 0.0 ms]
      [Ref Proc: 1.7 ms]
      [Ref Enq: 0.1 ms]
      [Free CSet: 0.2 ms]
   [Eden: 480.0M(464.0M)->0.0B(448.0M) Survivors: 48.0M->64.0M Heap: 4931.0M(10.0G)->4473.8M(10.0G)]
 [Times: user=0.93 sys=0.01, real=0.05 secs] 
1023.019: Total time for which application threads were stopped: 0.0560080 seconds
1023.368: [GC pause (G1 Evacuation Pause) (young)
Desired survivor size 33554432 bytes, new threshold 2 (max 15)
- age   1:   13254904 bytes,   13254904 total
- age   2:   26735560 bytes,   39990464 total
- age   3:     934376 bytes,   40924840 total
, 0.0391600 secs]
   [Parallel Time: 35.7 ms, GC Workers: 18]
      [GC Worker Start (ms): Min: 1023368.8, Avg: 1023368.9, Max: 1023369.0, Diff: 0.2]
      [Ext Root Scanning (ms): Min: 4.5, Avg: 4.9, Max: 5.3, Diff: 0.8, Sum: 88.8]
      [Update RS (ms): Min: 3.7, Avg: 4.7, Max: 12.2, Diff: 8.5, Sum: 84.3]
         [Processed Buffers: Min: 1, Avg: 33.0, Max: 83, Diff: 82, Sum: 594]
      [Scan RS (ms): Min: 0.0, Avg: 0.0, Max: 0.1, Diff: 0.1, Sum: 0.7]
      [Code Root Scanning (ms): Min: 0.0, Avg: 0.0, Max: 0.0, Diff: 0.0, Sum: 0.0]
      [Object Copy (ms): Min: 18.5, Avg: 25.8, Max: 26.5, Diff: 8.0, Sum: 465.2]
      [Termination (ms): Min: 0.0, Avg: 0.0, Max: 0.0, Diff: 0.0, Sum: 0.1]
      [GC Worker Other (ms): Min: 0.0, Avg: 0.0, Max: 0.0, Diff: 0.0, Sum: 0.7]
      [GC Worker Total (ms): Min: 35.5, Avg: 35.5, Max: 35.6, Diff: 0.2, Sum: 639.9]
      [GC Worker End (ms): Min: 1023404.4, Avg: 1023404.4, Max: 1023404.5, Diff: 0.0]
   [Code Root Fixup: 0.3 ms]
   [Code Root Migration: 0.0 ms]
   [Clear CT: 0.2 ms]
   [Other: 2.9 ms]
      [Choose CSet: 0.0 ms]
      [Ref Proc: 1.5 ms]
      [Ref Enq: 0.1 ms]
      [Free CSet: 0.2 ms]
   [Eden: 448.0M(448.0M)->0.0B(2000.0M) Survivors: 64.0M->48.0M Heap: 4921.8M(10.0G)->4493.0M(10.0G)]
 [Times: user=0.65 sys=0.00, real=0.04 secs] 
1023.408: Total time for which application threads were stopped: 0.0406600 seconds
1024.905: Total time for which application threads were stopped: 0.0086090 seconds
1024.930: Total time for which application threads were stopped: 0.0009510 seconds
1025.229: [GC pause (G1 Evacuation Pause) (young)
Desired survivor size 134217728 bytes, new threshold 15 (max 15)
- age   1:    8491832 bytes,    8491832 total
- age   2:    9520960 bytes,   18012792 total
, 0.1532310 secs]
   [Parallel Time: 149.2 ms, GC Workers: 18]
      [GC Worker Start (ms): Min: 1025229.9, Avg: 1025230.1, Max: 1025230.1, Diff: 0.2]
      [Ext Root Scanning (ms): Min: 5.2, Avg: 5.8, Max: 6.2, Diff: 1.1, Sum: 105.2]
      [Update RS (ms): Min: 15.8, Avg: 19.0, Max: 45.7, Diff: 29.9, Sum: 341.9]
         [Processed Buffers: Min: 4, Avg: 47.2, Max: 72, Diff: 68, Sum: 850]
      [Scan RS (ms): Min: 0.0, Avg: 0.1, Max: 0.1, Diff: 0.1, Sum: 1.7]
      [Code Root Scanning (ms): Min: 0.0, Avg: 0.0, Max: 0.0, Diff: 0.0, Sum: 0.1]
      [Object Copy (ms): Min: 98.0, Avg: 123.8, Max: 127.0, Diff: 29.1, Sum: 2229.2]
      [Termination (ms): Min: 0.0, Avg: 0.1, Max: 0.2, Diff: 0.2, Sum: 2.1]
      [GC Worker Other (ms): Min: 0.0, Avg: 0.1, Max: 0.1, Diff: 0.1, Sum: 1.0]
      [GC Worker Total (ms): Min: 148.9, Avg: 149.0, Max: 149.0, Diff: 0.2, Sum: 2681.2]
      [GC Worker End (ms): Min: 1025379.0, Avg: 1025379.0, Max: 1025379.0, Diff: 0.1]
   [Code Root Fixup: 0.2 ms]
   [Code Root Migration: 0.0 ms]
   [Clear CT: 0.6 ms]
   [Other: 3.2 ms]
      [Choose CSet: 0.0 ms]
      [Ref Proc: 1.7 ms]
      [Ref Enq: 0.1 ms]
      [Free CSet: 0.4 ms]
   [Eden: 2000.0M(2000.0M)->0.0B(272.0M) Survivors: 48.0M->240.0M Heap: 6493.0M(10.0G)->4686.4M(10.0G)]
 [Times: user=2.67 sys=0.01, real=0.16 secs] 
1025.383: Total time for which application threads were stopped: 0.1546740 seconds
1025.441: [GC pause (G1 Evacuation Pause) (young)
Desired survivor size 33554432 bytes, new threshold 1 (max 15)
- age   1:  202047800 bytes,  202047800 total
- age   2:    5853536 bytes,  207901336 total
- age   3:    9433656 bytes,  217334992 total
, 0.1572150 secs]
   [Parallel Time: 152.4 ms, GC Workers: 18]
      [GC Worker Start (ms): Min: 1025441.9, Avg: 1025441.9, Max: 1025442.0, Diff: 0.1]
      [Ext Root Scanning (ms): Min: 4.4, Avg: 5.2, Max: 5.5, Diff: 1.2, Sum: 93.5]
      [Update RS (ms): Min: 7.0, Avg: 9.7, Max: 41.3, Diff: 34.3, Sum: 173.7]
         [Processed Buffers: Min: 2, Avg: 34.8, Max: 67, Diff: 65, Sum: 627]
      [Scan RS (ms): Min: 0.0, Avg: 0.4, Max: 0.6, Diff: 0.6, Sum: 7.8]
      [Code Root Scanning (ms): Min: 0.0, Avg: 0.0, Max: 0.0, Diff: 0.0, Sum: 0.0]
      [Object Copy (ms): Min: 105.5, Avg: 136.9, Max: 139.3, Diff: 33.9, Sum: 2464.4]
      [Termination (ms): Min: 0.0, Avg: 0.0, Max: 0.0, Diff: 0.0, Sum: 0.1]
      [GC Worker Other (ms): Min: 0.0, Avg: 0.0, Max: 0.0, Diff: 0.0, Sum: 0.6]
      [GC Worker Total (ms): Min: 152.2, Avg: 152.2, Max: 152.3, Diff: 0.1, Sum: 2740.2]
      [GC Worker End (ms): Min: 1025594.1, Avg: 1025594.1, Max: 1025594.2, Diff: 0.0]
   [Code Root Fixup: 0.3 ms]
   [Code Root Migration: 0.0 ms]
   [Clear CT: 0.2 ms]
   [Other: 4.3 ms]
      [Choose CSet: 0.0 ms]
      [Ref Proc: 1.5 ms]
      [Ref Enq: 0.1 ms]
      [Free CSet: 0.2 ms]
   [Eden: 272.0M(272.0M)->0.0B(864.0M) Survivors: 240.0M->64.0M Heap: 4958.4M(10.0G)->4840.1M(10.0G)]
 [Times: user=2.73 sys=0.02, real=0.16 secs] 
1025.599: Total time for which application threads were stopped: 0.1588930 seconds
1025.749: [GC pause (G1 Humongous Allocation) (young) (initial-mark)
Desired survivor size 67108864 bytes, new threshold 15 (max 15)
- age   1:   10280512 bytes,   10280512 total
, 0.0554290 secs]
   [Parallel Time: 51.6 ms, GC Workers: 18]
      [GC Worker Start (ms): Min: 1025749.9, Avg: 1025750.0, Max: 1025750.1, Diff: 0.2]
      [Ext Root Scanning (ms): Min: 4.0, Avg: 4.7, Max: 5.2, Diff: 1.2, Sum: 84.2]
      [Code Root Marking (ms): Min: 0.2, Avg: 1.0, Max: 5.7, Diff: 5.5, Sum: 18.2]
      [Update RS (ms): Min: 14.8, Avg: 21.0, Max: 41.8, Diff: 27.0, Sum: 377.3]
         [Processed Buffers: Min: 16, Avg: 51.9, Max: 89, Diff: 73, Sum: 934]
      [Scan RS (ms): Min: 0.0, Avg: 2.5, Max: 2.8, Diff: 2.8, Sum: 44.2]
      [Code Root Scanning (ms): Min: 0.0, Avg: 0.0, Max: 0.0, Diff: 0.0, Sum: 0.0]
      [Object Copy (ms): Min: 4.2, Avg: 22.2, Max: 23.5, Diff: 19.3, Sum: 399.8]
      [Termination (ms): Min: 0.0, Avg: 0.1, Max: 0.1, Diff: 0.1, Sum: 1.2]
      [GC Worker Other (ms): Min: 0.0, Avg: 0.0, Max: 0.0, Diff: 0.0, Sum: 0.5]
      [GC Worker Total (ms): Min: 51.3, Avg: 51.4, Max: 51.5, Diff: 0.2, Sum: 925.3]
      [GC Worker End (ms): Min: 1025801.4, Avg: 1025801.4, Max: 1025801.4, Diff: 0.0]
   [Code Root Fixup: 0.2 ms]
   [Code Root Migration: 0.0 ms]
   [Clear CT: 0.6 ms]
   [Other: 3.0 ms]
      [Choose CSet: 0.0 ms]
      [Ref Proc: 1.5 ms]
      [Ref Enq: 0.1 ms]
      [Free CSet: 0.2 ms]
   [Eden: 336.0M(864.0M)->0.0B(1024.0M) Survivors: 64.0M->48.0M Heap: 5167.1M(10.0G)->4818.9M(10.0G)]
 [Times: user=0.93 sys=0.01, real=0.06 secs] 
1025.805: [GC concurrent-root-region-scan-start]
1025.805: Total time for which application threads were stopped: 0.0568900 seconds
1025.840: [GC concurrent-root-region-scan-end, 0.0347050 secs]
1025.840: [GC concurrent-mark-start]
1026.181: [GC pause (G1 Evacuation Pause) (young)
Desired survivor size 33554432 bytes, new threshold 15 (max 15)
- age   1:   21495816 bytes,   21495816 total
- age   2:    4720928 bytes,   26216744 total
, 0.0840430 secs]
   [Parallel Time: 80.1 ms, GC Workers: 18]
      [GC Worker Start (ms): Min: 1026181.7, Avg: 1026181.8, Max: 1026181.8, Diff: 0.2]
      [Ext Root Scanning (ms): Min: 3.8, Avg: 4.6, Max: 5.1, Diff: 1.3, Sum: 83.2]
      [SATB Filtering (ms): Min: 0.0, Avg: 0.1, Max: 1.8, Diff: 1.8, Sum: 1.8]
      [Update RS (ms): Min: 18.9, Avg: 20.0, Max: 21.2, Diff: 2.3, Sum: 359.8]
         [Processed Buffers: Min: 19, Avg: 48.9, Max: 85, Diff: 66, Sum: 880]
      [Scan RS (ms): Min: 5.8, Avg: 6.8, Max: 7.0, Diff: 1.2, Sum: 123.2]
      [Code Root Scanning (ms): Min: 0.0, Avg: 0.0, Max: 0.0, Diff: 0.0, Sum: 0.0]
      [Object Copy (ms): Min: 47.9, Avg: 48.1, Max: 48.4, Diff: 0.4, Sum: 865.2]
      [Termination (ms): Min: 0.0, Avg: 0.2, Max: 0.3, Diff: 0.3, Sum: 3.7]
      [GC Worker Other (ms): Min: 0.0, Avg: 0.0, Max: 0.1, Diff: 0.0, Sum: 0.7]
      [GC Worker Total (ms): Min: 79.8, Avg: 79.9, Max: 80.0, Diff: 0.2, Sum: 1437.7]
      [GC Worker End (ms): Min: 1026261.6, Avg: 1026261.6, Max: 1026261.7, Diff: 0.0]
   [Code Root Fixup: 0.2 ms]
   [Code Root Migration: 0.0 ms]
   [Clear CT: 0.4 ms]
   [Other: 3.3 ms]
      [Choose CSet: 0.0 ms]
      [Ref Proc: 1.7 ms]
      [Ref Enq: 0.1 ms]
      [Free CSet: 0.2 ms]
   [Eden: 464.0M(464.0M)->0.0B(672.0M) Survivors: 48.0M->64.0M Heap: 5298.9M(10.0G)->4866.0M(10.0G)]
 [Times: user=1.44 sys=0.01, real=0.09 secs] 
1026.266: Total time for which application threads were stopped: 0.0856610 seconds
1026.610: [GC pause (G1 Evacuation Pause) (young)
Desired survivor size 33554432 bytes, new threshold 1 (max 15)
- age   1:   36846752 bytes,   36846752 total
- age   2:   20472792 bytes,   57319544 total
- age   3:    4717408 bytes,   62036952 total
, 0.0784000 secs]
   [Parallel Time: 74.1 ms, GC Workers: 18]
      [GC Worker Start (ms): Min: 1026610.1, Avg: 1026610.2, Max: 1026610.2, Diff: 0.1]
      [Ext Root Scanning (ms): Min: 4.5, Avg: 5.3, Max: 5.7, Diff: 1.1, Sum: 96.0]
      [SATB Filtering (ms): Min: 0.0, Avg: 0.1, Max: 1.8, Diff: 1.8, Sum: 1.8]
      [Update RS (ms): Min: 18.1, Avg: 18.5, Max: 19.2, Diff: 1.1, Sum: 333.0]
         [Processed Buffers: Min: 19, Avg: 44.4, Max: 68, Diff: 49, Sum: 799]
      [Scan RS (ms): Min: 4.7, Avg: 5.3, Max: 5.5, Diff: 0.9, Sum: 95.6]
      [Code Root Scanning (ms): Min: 0.0, Avg: 0.0, Max: 0.0, Diff: 0.0, Sum: 0.0]
      [Object Copy (ms): Min: 44.5, Avg: 44.6, Max: 44.9, Diff: 0.4, Sum: 803.3]
      [Termination (ms): Min: 0.0, Avg: 0.0, Max: 0.0, Diff: 0.0, Sum: 0.2]
      [GC Worker Other (ms): Min: 0.0, Avg: 0.0, Max: 0.1, Diff: 0.0, Sum: 0.7]
      [GC Worker Total (ms): Min: 73.9, Avg: 73.9, Max: 74.0, Diff: 0.1, Sum: 1330.6]
      [GC Worker End (ms): Min: 1026684.1, Avg: 1026684.1, Max: 1026684.1, Diff: 0.0]
   [Code Root Fixup: 0.3 ms]
   [Code Root Migration: 0.0 ms]
   [Clear CT: 0.3 ms]
   [Other: 3.8 ms]
      [Choose CSet: 0.0 ms]
      [Ref Proc: 1.7 ms]
      [Ref Enq: 0.1 ms]
      [Free CSet: 0.2 ms]
   [Eden: 448.0M(448.0M)->0.0B(1024.0M) Survivors: 64.0M->64.0M Heap: 5314.0M(10.0G)->4919.2M(10.0G)]
 [Times: user=1.32 sys=0.01, real=0.08 secs] 
1026.688: Total time for which application threads were stopped: 0.0798660 seconds
1026.715: Total time for which application threads were stopped: 0.0012530 seconds
1027.180: [GC concurrent-mark-end, 1.3400290 secs]
1027.181: [GC remark 1027.182: [GC ref-proc, 0.0032120 secs], 0.0110710 secs]
 [Times: user=0.15 sys=0.00, real=0.01 secs] 
1027.192: Total time for which application threads were stopped: 0.0124260 seconds
1027.193: [GC cleanup 5481M->5481M(10G), 0.0092060 secs]
 [Times: user=0.15 sys=0.01, real=0.01 secs] 
1027.202: Total time for which application threads were stopped: 0.0101460 seconds
1027.780: [GC pause (G1 Evacuation Pause) (young)
Desired survivor size 75497472 bytes, new threshold 15 (max 15)
- age   1:   13556648 bytes,   13556648 total
, 0.0388210 secs]
   [Parallel Time: 35.0 ms, GC Workers: 18]
      [GC Worker Start (ms): Min: 1027780.2, Avg: 1027780.2, Max: 1027780.3, Diff: 0.1]
      [Ext Root Scanning (ms): Min: 4.0, Avg: 4.7, Max: 5.2, Diff: 1.2, Sum: 85.0]
      [Update RS (ms): Min: 12.8, Avg: 13.2, Max: 14.0, Diff: 1.3, Sum: 238.0]
         [Processed Buffers: Min: 33, Avg: 47.8, Max: 64, Diff: 31, Sum: 861]
      [Scan RS (ms): Min: 2.6, Avg: 2.8, Max: 2.9, Diff: 0.4, Sum: 51.1]
      [Code Root Scanning (ms): Min: 0.0, Avg: 0.0, Max: 0.0, Diff: 0.0, Sum: 0.0]
      [Object Copy (ms): Min: 13.8, Avg: 13.9, Max: 14.2, Diff: 0.3, Sum: 250.7]
      [Termination (ms): Min: 0.0, Avg: 0.0, Max: 0.1, Diff: 0.1, Sum: 0.8]
      [GC Worker Other (ms): Min: 0.0, Avg: 0.0, Max: 0.1, Diff: 0.0, Sum: 0.6]
      [GC Worker Total (ms): Min: 34.7, Avg: 34.8, Max: 34.9, Diff: 0.1, Sum: 626.3]
      [GC Worker End (ms): Min: 1027815.0, Avg: 1027815.0, Max: 1027815.0, Diff: 0.0]
   [Code Root Fixup: 0.2 ms]
   [Code Root Migration: 0.0 ms]
   [Clear CT: 0.6 ms]
   [Other: 3.0 ms]
      [Choose CSet: 0.0 ms]
      [Ref Proc: 1.6 ms]
      [Ref Enq: 0.1 ms]
      [Free CSet: 0.3 ms]
   [Eden: 1024.0M(1024.0M)->0.0B(464.0M) Survivors: 64.0M->48.0M Heap: 5943.2M(10.0G)->4908.8M(10.0G)]
 [Times: user=0.63 sys=0.00, real=0.04 secs] 
1027.819: Total time for which application threads were stopped: 0.0407700 seconds
1028.116: [GC pause (G1 Evacuation Pause) (mixed)
Desired survivor size 33554432 bytes, new threshold 2 (max 15)
- age   1:   21071888 bytes,   21071888 total
- age   2:   12713568 bytes,   33785456 total
, 0.0691990 secs]
   [Parallel Time: 63.0 ms, GC Workers: 18]
      [GC Worker Start (ms): Min: 1028117.0, Avg: 1028117.1, Max: 1028117.2, Diff: 0.2]
      [Ext Root Scanning (ms): Min: 4.2, Avg: 4.8, Max: 5.2, Diff: 1.0, Sum: 86.8]
      [Update RS (ms): Min: 8.8, Avg: 9.3, Max: 9.8, Diff: 1.0, Sum: 166.6]
         [Processed Buffers: Min: 19, Avg: 39.9, Max: 71, Diff: 52, Sum: 718]
      [Scan RS (ms): Min: 11.8, Avg: 12.2, Max: 12.4, Diff: 0.6, Sum: 219.8]
      [Code Root Scanning (ms): Min: 0.0, Avg: 0.0, Max: 0.1, Diff: 0.1, Sum: 0.2]
      [Object Copy (ms): Min: 36.1, Avg: 36.3, Max: 36.5, Diff: 0.3, Sum: 654.0]
      [Termination (ms): Min: 0.0, Avg: 0.1, Max: 0.2, Diff: 0.2, Sum: 2.2]
      [GC Worker Other (ms): Min: 0.0, Avg: 0.0, Max: 0.1, Diff: 0.0, Sum: 0.7]
      [GC Worker Total (ms): Min: 62.7, Avg: 62.8, Max: 62.9, Diff: 0.2, Sum: 1130.4]
      [GC Worker End (ms): Min: 1028179.9, Avg: 1028179.9, Max: 1028179.9, Diff: 0.0]
   [Code Root Fixup: 0.4 ms]
   [Code Root Migration: 0.3 ms]
   [Clear CT: 1.2 ms]
   [Other: 4.3 ms]
      [Choose CSet: 0.2 ms]
      [Ref Proc: 1.5 ms]
      [Ref Enq: 0.1 ms]
      [Free CSet: 0.5 ms]
   [Eden: 464.0M(464.0M)->0.0B(448.0M) Survivors: 48.0M->64.0M Heap: 5372.8M(10.0G)->4707.4M(10.0G)]
 [Times: user=1.15 sys=0.00, real=0.07 secs] 
1028.186: Total time for which application threads were stopped: 0.0784080 seconds
1028.491: Total time for which application threads were stopped: 0.0020360 seconds
1028.492: [GC pause (GCLocker Initiated GC) (mixed)
Desired survivor size 33554432 bytes, new threshold 2 (max 15)
- age   1:   14655464 bytes,   14655464 total
- age   2:   20379504 bytes,   35034968 total
, 0.0595190 secs]
   [Parallel Time: 53.0 ms, GC Workers: 18]
      [GC Worker Start (ms): Min: 1028492.2, Avg: 1028492.2, Max: 1028492.3, Diff: 0.1]
      [Ext Root Scanning (ms): Min: 3.6, Avg: 4.5, Max: 5.1, Diff: 1.5, Sum: 81.5]
      [Update RS (ms): Min: 9.0, Avg: 9.4, Max: 10.4, Diff: 1.5, Sum: 169.6]
         [Processed Buffers: Min: 24, Avg: 44.9, Max: 65, Diff: 41, Sum: 808]
      [Scan RS (ms): Min: 13.8, Avg: 14.0, Max: 14.1, Diff: 0.3, Sum: 251.8]
      [Code Root Scanning (ms): Min: 0.0, Avg: 0.0, Max: 0.2, Diff: 0.2, Sum: 0.2]
      [Object Copy (ms): Min: 24.6, Avg: 24.7, Max: 24.9, Diff: 0.3, Sum: 445.1]
      [Termination (ms): Min: 0.0, Avg: 0.1, Max: 0.1, Diff: 0.1, Sum: 1.8]
      [GC Worker Other (ms): Min: 0.0, Avg: 0.0, Max: 0.1, Diff: 0.0, Sum: 0.8]
      [GC Worker Total (ms): Min: 52.7, Avg: 52.8, Max: 52.9, Diff: 0.1, Sum: 950.8]
      [GC Worker End (ms): Min: 1028545.0, Avg: 1028545.0, Max: 1028545.1, Diff: 0.0]
   [Code Root Fixup: 0.4 ms]
   [Code Root Migration: 0.5 ms]
   [Clear CT: 1.4 ms]
   [Other: 4.2 ms]
      [Choose CSet: 0.1 ms]
      [Ref Proc: 1.6 ms]
      [Ref Enq: 0.1 ms]
      [Free CSet: 0.3 ms]
   [Eden: 464.0M(448.0M)->0.0B(3664.0M) Survivors: 64.0M->48.0M Heap: 5155.5M(10.0G)->4688.5M(10.0G)]
 [Times: user=0.98 sys=0.00, real=0.06 secs] 
1028.551: Total time for which application threads were stopped: 0.0603720 seconds
1029.553: Total time for which application threads were stopped: 0.0012140 seconds
1032.205: [GC pause (G1 Evacuation Pause) (young)
Desired survivor size 243269632 bytes, new threshold 15 (max 15)
- age   1:   13390648 bytes,   13390648 total
- age   2:   13553408 bytes,   26944056 total
, 0.1709500 secs]
   [Parallel Time: 165.5 ms, GC Workers: 18]
      [GC Worker Start (ms): Min: 1032205.4, Avg: 1032205.5, Max: 1032205.5, Diff: 0.1]
      [Ext Root Scanning (ms): Min: 4.1, Avg: 4.8, Max: 5.3, Diff: 1.2, Sum: 86.0]
      [Update RS (ms): Min: 23.4, Avg: 24.0, Max: 25.7, Diff: 2.3, Sum: 431.6]
         [Processed Buffers: Min: 20, Avg: 49.7, Max: 95, Diff: 75, Sum: 894]
      [Scan RS (ms): Min: 1.5, Avg: 2.7, Max: 2.8, Diff: 1.3, Sum: 47.8]
      [Code Root Scanning (ms): Min: 0.0, Avg: 0.0, Max: 0.0, Diff: 0.0, Sum: 0.1]
      [Object Copy (ms): Min: 133.3, Avg: 133.5, Max: 133.9, Diff: 0.6, Sum: 2403.4]
      [Termination (ms): Min: 0.0, Avg: 0.4, Max: 0.6, Diff: 0.5, Sum: 7.1]
      [GC Worker Other (ms): Min: 0.0, Avg: 0.1, Max: 0.1, Diff: 0.1, Sum: 1.0]
      [GC Worker Total (ms): Min: 165.3, Avg: 165.4, Max: 165.5, Diff: 0.2, Sum: 2977.0]
      [GC Worker End (ms): Min: 1032370.8, Avg: 1032370.8, Max: 1032370.9, Diff: 0.1]
   [Code Root Fixup: 0.2 ms]
   [Code Root Migration: 0.0 ms]
   [Clear CT: 1.5 ms]
   [Other: 3.7 ms]
      [Choose CSet: 0.0 ms]
      [Ref Proc: 1.7 ms]
      [Ref Enq: 0.1 ms]
      [Free CSet: 0.6 ms]
   [Eden: 3664.0M(3664.0M)->0.0B(240.0M) Survivors: 48.0M->272.0M Heap: 8352.5M(10.0G)->4920.4M(10.0G)]
 [Times: user=3.00 sys=0.01, real=0.17 secs] 
1032.376: Total time for which application threads were stopped: 0.1726540 seconds
1032.413: [GC pause (G1 Evacuation Pause) (young) (initial-mark)
Desired survivor size 33554432 bytes, new threshold 1 (max 15)
- age   1:  224744072 bytes,  224744072 total
- age   2:   12577120 bytes,  237321192 total
- age   3:   13465768 bytes,  250786960 total
, 0.1876120 secs]
   [Parallel Time: 181.2 ms, GC Workers: 18]
      [GC Worker Start (ms): Min: 1032414.0, Avg: 1032414.1, Max: 1032414.2, Diff: 0.1]
      [Ext Root Scanning (ms): Min: 3.8, Avg: 4.8, Max: 5.1, Diff: 1.3, Sum: 85.6]
      [Code Root Marking (ms): Min: 0.2, Avg: 1.0, Max: 5.1, Diff: 4.9, Sum: 17.2]
      [Update RS (ms): Min: 14.4, Avg: 17.8, Max: 19.6, Diff: 5.2, Sum: 320.3]
         [Processed Buffers: Min: 10, Avg: 40.4, Max: 114, Diff: 104, Sum: 728]
      [Scan RS (ms): Min: 0.9, Avg: 2.5, Max: 2.7, Diff: 1.8, Sum: 44.6]
      [Code Root Scanning (ms): Min: 0.0, Avg: 0.0, Max: 0.0, Diff: 0.0, Sum: 0.0]
      [Object Copy (ms): Min: 153.5, Avg: 153.7, Max: 155.0, Diff: 1.5, Sum: 2766.6]
      [Termination (ms): Min: 0.0, Avg: 1.3, Max: 1.6, Diff: 1.6, Sum: 24.2]
      [GC Worker Other (ms): Min: 0.0, Avg: 0.0, Max: 0.1, Diff: 0.0, Sum: 0.6]
      [GC Worker Total (ms): Min: 181.0, Avg: 181.1, Max: 181.1, Diff: 0.2, Sum: 3259.1]
      [GC Worker End (ms): Min: 1032595.1, Avg: 1032595.1, Max: 1032595.2, Diff: 0.0]
   [Code Root Fixup: 0.4 ms]
   [Code Root Migration: 0.0 ms]
   [Clear CT: 0.6 ms]
   [Other: 5.4 ms]
      [Choose CSet: 0.0 ms]
      [Ref Proc: 1.7 ms]
      [Ref Enq: 0.1 ms]
      [Free CSet: 0.2 ms]
   [Eden: 240.0M(240.0M)->0.0B(1264.0M) Survivors: 272.0M->64.0M Heap: 5160.4M(10.0G)->5064.3M(10.0G)]
 [Times: user=3.27 sys=0.01, real=0.19 secs] 
1032.601: [GC concurrent-root-region-scan-start]
1032.602: Total time for which application threads were stopped: 0.1892190 seconds
1032.602: [GC concurrent-root-region-scan-end, 0.0005520 secs]
1032.602: [GC concurrent-mark-start]
1033.951: [GC concurrent-mark-end, 1.3492100 secs]
1033.952: [GC remark 1033.953: [GC ref-proc, 0.0031050 secs], 0.0112370 secs]
 [Times: user=0.15 sys=0.01, real=0.01 secs] 
1033.964: Total time for which application threads were stopped: 0.0126840 seconds
1033.964: [GC cleanup 6218M->6218M(10G), 0.0102340 secs]
 [Times: user=0.16 sys=0.00, real=0.01 secs] 
1033.975: Total time for which application threads were stopped: 0.0111650 seconds
1034.119: [GC pause (G1 Evacuation Pause) (young)
Desired survivor size 92274688 bytes, new threshold 15 (max 15)
- age   1:    4042544 bytes,    4042544 total
, 0.0401070 secs]
   [Parallel Time: 35.9 ms, GC Workers: 18]
      [GC Worker Start (ms): Min: 1034119.2, Avg: 1034119.3, Max: 1034119.4, Diff: 0.1]
      [Ext Root Scanning (ms): Min: 4.1, Avg: 4.7, Max: 5.2, Diff: 1.1, Sum: 85.4]
      [Update RS (ms): Min: 12.0, Avg: 12.9, Max: 20.6, Diff: 8.6, Sum: 232.0]
         [Processed Buffers: Min: 13, Avg: 49.3, Max: 97, Diff: 84, Sum: 888]
      [Scan RS (ms): Min: 0.0, Avg: 0.6, Max: 1.5, Diff: 1.4, Sum: 10.3]
      [Code Root Scanning (ms): Min: 0.0, Avg: 0.0, Max: 0.0, Diff: 0.0, Sum: 0.0]
      [Object Copy (ms): Min: 10.2, Avg: 17.5, Max: 18.1, Diff: 7.8, Sum: 315.4]
      [Termination (ms): Min: 0.0, Avg: 0.0, Max: 0.0, Diff: 0.0, Sum: 0.3]
      [GC Worker Other (ms): Min: 0.0, Avg: 0.0, Max: 0.1, Diff: 0.1, Sum: 0.8]
      [GC Worker Total (ms): Min: 35.7, Avg: 35.8, Max: 35.9, Diff: 0.1, Sum: 644.2]
      [GC Worker End (ms): Min: 1034155.1, Avg: 1034155.1, Max: 1034155.1, Diff: 0.1]
   [Code Root Fixup: 0.2 ms]
   [Code Root Migration: 0.0 ms]
   [Clear CT: 0.8 ms]
   [Other: 3.1 ms]
      [Choose CSet: 0.0 ms]
      [Ref Proc: 1.6 ms]
      [Ref Enq: 0.1 ms]
      [Free CSet: 0.3 ms]
   [Eden: 1264.0M(1264.0M)->0.0B(432.0M) Survivors: 64.0M->80.0M Heap: 6328.3M(10.0G)->5071.9M(10.0G)]
 [Times: user=0.66 sys=0.01, real=0.04 secs] 
1034.159: Total time for which application threads were stopped: 0.0415570 seconds
1034.552: [GC pause (G1 Evacuation Pause) (mixed)
Desired survivor size 33554432 bytes, new threshold 1 (max 15)
- age   1:   49271832 bytes,   49271832 total
- age   2:     551328 bytes,   49823160 total
, 0.0892780 secs]
   [Parallel Time: 81.2 ms, GC Workers: 18]
      [GC Worker Start (ms): Min: 1034552.6, Avg: 1034552.7, Max: 1034552.9, Diff: 0.3]
      [Ext Root Scanning (ms): Min: 3.9, Avg: 4.6, Max: 5.2, Diff: 1.2, Sum: 83.5]
      [Update RS (ms): Min: 5.3, Avg: 6.2, Max: 10.6, Diff: 5.3, Sum: 110.9]
         [Processed Buffers: Min: 3, Avg: 34.0, Max: 70, Diff: 67, Sum: 612]
      [Scan RS (ms): Min: 19.2, Avg: 23.7, Max: 24.1, Diff: 4.9, Sum: 427.0]
      [Code Root Scanning (ms): Min: 0.0, Avg: 0.0, Max: 0.1, Diff: 0.1, Sum: 0.2]
      [Object Copy (ms): Min: 46.2, Avg: 46.3, Max: 46.5, Diff: 0.3, Sum: 833.7]
      [Termination (ms): Min: 0.0, Avg: 0.0, Max: 0.0, Diff: 0.0, Sum: 0.4]
      [GC Worker Other (ms): Min: 0.0, Avg: 0.0, Max: 0.1, Diff: 0.0, Sum: 0.8]
      [GC Worker Total (ms): Min: 80.8, Avg: 80.9, Max: 81.1, Diff: 0.3, Sum: 1456.5]
      [GC Worker End (ms): Min: 1034633.6, Avg: 1034633.7, Max: 1034633.7, Diff: 0.0]
   [Code Root Fixup: 0.4 ms]
   [Code Root Migration: 0.5 ms]
   [Clear CT: 1.8 ms]
   [Other: 5.3 ms]
      [Choose CSet: 0.2 ms]
      [Ref Proc: 1.6 ms]
      [Ref Enq: 0.2 ms]
      [Free CSet: 0.5 ms]
   [Eden: 432.0M(432.0M)->0.0B(1296.0M) Survivors: 80.0M->48.0M Heap: 5503.9M(10.0G)->4923.6M(10.0G)]
 [Times: user=1.49 sys=0.00, real=0.09 secs] 
1034.642: Total time for which application threads were stopped: 0.0908920 seconds
1034.693: Total time for which application threads were stopped: 0.0009930 seconds
1036.121: [GC pause (G1 Evacuation Pause) (young)
Desired survivor size 92274688 bytes, new threshold 15 (max 15)
- age   1:    7227304 bytes,    7227304 total
, 0.0228570 secs]
   [Parallel Time: 19.0 ms, GC Workers: 18]
      [GC Worker Start (ms): Min: 1036121.9, Avg: 1036122.0, Max: 1036122.1, Diff: 0.2]
      [Ext Root Scanning (ms): Min: 4.2, Avg: 4.9, Max: 5.4, Diff: 1.2, Sum: 87.9]
      [Update RS (ms): Min: 8.0, Avg: 8.7, Max: 9.7, Diff: 1.6, Sum: 156.0]
         [Processed Buffers: Min: 18, Avg: 45.2, Max: 64, Diff: 46, Sum: 813]
      [Scan RS (ms): Min: 0.1, Avg: 0.7, Max: 1.5, Diff: 1.5, Sum: 12.7]
      [Code Root Scanning (ms): Min: 0.0, Avg: 0.0, Max: 0.0, Diff: 0.0, Sum: 0.0]
      [Object Copy (ms): Min: 3.7, Avg: 4.5, Max: 4.6, Diff: 0.9, Sum: 80.8]
      [Termination (ms): Min: 0.0, Avg: 0.0, Max: 0.0, Diff: 0.0, Sum: 0.1]
      [GC Worker Other (ms): Min: 0.0, Avg: 0.0, Max: 0.0, Diff: 0.0, Sum: 0.5]
      [GC Worker Total (ms): Min: 18.7, Avg: 18.8, Max: 18.9, Diff: 0.2, Sum: 338.0]
      [GC Worker End (ms): Min: 1036140.8, Avg: 1036140.8, Max: 1036140.8, Diff: 0.0]
   [Code Root Fixup: 0.2 ms]
   [Code Root Migration: 0.0 ms]
   [Clear CT: 0.7 ms]
   [Other: 2.9 ms]
      [Choose CSet: 0.0 ms]
      [Ref Proc: 1.6 ms]
      [Ref Enq: 0.1 ms]
      [Free CSet: 0.3 ms]
   [Eden: 1296.0M(1296.0M)->0.0B(4144.0M) Survivors: 48.0M->32.0M Heap: 6219.6M(10.0G)->4895.8M(10.0G)]
 [Times: user=0.34 sys=0.01, real=0.03 secs] 
1036.145: Total time for which application threads were stopped: 0.0244760 seconds
1037.799: Total time for which application threads were stopped: 0.0018940 seconds
1040.432: [GC pause (G1 Evacuation Pause) (young) (initial-mark)
Desired survivor size 276824064 bytes, new threshold 15 (max 15)
- age   1:   11188792 bytes,   11188792 total
- age   2:    3140976 bytes,   14329768 total
, 0.0903610 secs]
   [Parallel Time: 85.0 ms, GC Workers: 18]
      [GC Worker Start (ms): Min: 1040433.0, Avg: 1040433.1, Max: 1040433.2, Diff: 0.3]
      [Ext Root Scanning (ms): Min: 3.6, Avg: 4.3, Max: 5.0, Diff: 1.4, Sum: 78.0]
      [Code Root Marking (ms): Min: 0.2, Avg: 0.9, Max: 3.7, Diff: 3.5, Sum: 16.3]
      [Update RS (ms): Min: 1.6, Avg: 4.9, Max: 5.8, Diff: 4.2, Sum: 87.7]
         [Processed Buffers: Min: 27, Avg: 39.2, Max: 61, Diff: 34, Sum: 706]
      [Scan RS (ms): Min: 0.0, Avg: 0.2, Max: 0.2, Diff: 0.2, Sum: 3.3]
      [Code Root Scanning (ms): Min: 0.0, Avg: 0.0, Max: 0.0, Diff: 0.0, Sum: 0.1]
      [Object Copy (ms): Min: 73.8, Avg: 74.3, Max: 74.6, Diff: 0.7, Sum: 1338.2]
      [Termination (ms): Min: 0.0, Avg: 0.1, Max: 0.1, Diff: 0.1, Sum: 1.3]
      [GC Worker Other (ms): Min: 0.0, Avg: 0.1, Max: 0.1, Diff: 0.1, Sum: 1.2]
      [GC Worker Total (ms): Min: 84.6, Avg: 84.8, Max: 84.9, Diff: 0.3, Sum: 1526.1]
      [GC Worker End (ms): Min: 1040517.8, Avg: 1040517.9, Max: 1040517.9, Diff: 0.1]
   [Code Root Fixup: 0.3 ms]
   [Code Root Migration: 0.0 ms]
   [Clear CT: 1.2 ms]
   [Other: 3.8 ms]
      [Choose CSet: 0.0 ms]
      [Ref Proc: 1.7 ms]
      [Ref Enq: 0.1 ms]
      [Free CSet: 0.6 ms]
   [Eden: 4144.0M(4144.0M)->0.0B(1440.0M) Survivors: 32.0M->176.0M Heap: 9039.8M(10.0G)->5055.6M(10.0G)]
 [Times: user=1.54 sys=0.01, real=0.09 secs] 
1040.523: [GC concurrent-root-region-scan-start]
1040.523: Total time for which application threads were stopped: 0.1068990 seconds
1040.530: Total time for which application threads were stopped: 0.0017050 seconds
1040.530: Total time for which application threads were stopped: 0.0003110 seconds
1040.531: Total time for which application threads were stopped: 0.0002620 seconds
1040.531: Total time for which application threads were stopped: 0.0002550 seconds
1040.531: Total time for which application threads were stopped: 0.0002310 seconds
1040.532: Total time for which application threads were stopped: 0.0002270 seconds
1040.532: Total time for which application threads were stopped: 0.0002350 seconds
1040.532: Total time for which application threads were stopped: 0.0003200 seconds
1040.533: Total time for which application threads were stopped: 0.0002840 seconds
1040.533: Total time for which application threads were stopped: 0.0002760 seconds
1040.534: Total time for which application threads were stopped: 0.0003030 seconds
1040.534: Total time for which application threads were stopped: 0.0002710 seconds
1040.535: Total time for which application threads were stopped: 0.0002750 seconds
1040.535: Total time for which application threads were stopped: 0.0002650 seconds
1040.594: [GC concurrent-root-region-scan-end, 0.0707900 secs]
1040.594: [GC concurrent-mark-start]
1041.871: [GC concurrent-mark-end, 1.2771140 secs]
1041.872: [GC remark 1041.873: [GC ref-proc, 0.0027400 secs], 0.0120890 secs]
 [Times: user=0.16 sys=0.00, real=0.01 secs] 
1041.884: Total time for which application threads were stopped: 0.0134970 seconds
1041.885: [GC cleanup 6363M->6363M(10G), 0.0104860 secs]
 [Times: user=0.18 sys=0.00, real=0.02 secs] 
1041.896: Total time for which application threads were stopped: 0.0114620 seconds
1042.042: [GC pause (G1 Evacuation Pause) (young)
Desired survivor size 109051904 bytes, new threshold 1 (max 15)
- age   1:  163917056 bytes,  163917056 total
- age   2:    6182224 bytes,  170099280 total
- age   3:    2994584 bytes,  173093864 total
, 0.0617810 secs]
   [Parallel Time: 57.0 ms, GC Workers: 18]
      [GC Worker Start (ms): Min: 1042042.5, Avg: 1042042.6, Max: 1042042.6, Diff: 0.2]
      [Ext Root Scanning (ms): Min: 4.1, Avg: 4.7, Max: 5.1, Diff: 1.0, Sum: 84.8]
      [Update RS (ms): Min: 4.4, Avg: 4.8, Max: 5.4, Diff: 1.0, Sum: 87.2]
         [Processed Buffers: Min: 12, Avg: 35.2, Max: 55, Diff: 43, Sum: 634]
      [Scan RS (ms): Min: 0.0, Avg: 0.1, Max: 0.1, Diff: 0.1, Sum: 1.3]
      [Code Root Scanning (ms): Min: 0.0, Avg: 0.0, Max: 0.0, Diff: 0.0, Sum: 0.0]
      [Object Copy (ms): Min: 46.6, Avg: 47.2, Max: 47.4, Diff: 0.8, Sum: 848.9]
      [Termination (ms): Min: 0.0, Avg: 0.0, Max: 0.0, Diff: 0.0, Sum: 0.1]
      [GC Worker Other (ms): Min: 0.0, Avg: 0.0, Max: 0.1, Diff: 0.1, Sum: 0.8]
      [GC Worker Total (ms): Min: 56.8, Avg: 56.8, Max: 57.0, Diff: 0.2, Sum: 1023.0]
      [GC Worker End (ms): Min: 1042099.4, Avg: 1042099.4, Max: 1042099.4, Diff: 0.1]
   [Code Root Fixup: 0.3 ms]
   [Code Root Migration: 0.0 ms]
   [Clear CT: 0.5 ms]
   [Other: 4.0 ms]
      [Choose CSet: 0.0 ms]
      [Ref Proc: 1.7 ms]
      [Ref Enq: 0.1 ms]
      [Free CSet: 0.3 ms]
   [Eden: 1440.0M(1440.0M)->0.0B(368.0M) Survivors: 176.0M->144.0M Heap: 6495.6M(10.0G)->5120.1M(10.0G)]
 [Times: user=1.03 sys=0.01, real=0.06 secs] 
1042.104: Total time for which application threads were stopped: 0.0632640 seconds
1042.316: [GC pause (G1 Evacuation Pause) (mixed)
Desired survivor size 33554432 bytes, new threshold 1 (max 15)
- age   1:   40946176 bytes,   40946176 total
, 0.0544300 secs]
   [Parallel Time: 49.0 ms, GC Workers: 18]
      [GC Worker Start (ms): Min: 1042317.1, Avg: 1042317.2, Max: 1042317.3, Diff: 0.2]
      [Ext Root Scanning (ms): Min: 4.4, Avg: 5.0, Max: 5.4, Diff: 1.0, Sum: 90.0]
      [Update RS (ms): Min: 8.9, Avg: 9.3, Max: 9.9, Diff: 1.0, Sum: 168.2]
         [Processed Buffers: Min: 13, Avg: 47.7, Max: 86, Diff: 73, Sum: 859]
      [Scan RS (ms): Min: 4.8, Avg: 5.2, Max: 5.3, Diff: 0.6, Sum: 94.3]
      [Code Root Scanning (ms): Min: 0.0, Avg: 0.0, Max: 0.0, Diff: 0.0, Sum: 0.0]
      [Object Copy (ms): Min: 28.9, Avg: 29.0, Max: 29.2, Diff: 0.3, Sum: 522.0]
      [Termination (ms): Min: 0.0, Avg: 0.1, Max: 0.2, Diff: 0.2, Sum: 1.8]
      [GC Worker Other (ms): Min: 0.0, Avg: 0.0, Max: 0.1, Diff: 0.0, Sum: 0.7]
      [GC Worker Total (ms): Min: 48.7, Avg: 48.7, Max: 48.8, Diff: 0.2, Sum: 877.1]
      [GC Worker End (ms): Min: 1042365.9, Avg: 1042365.9, Max: 1042365.9, Diff: 0.0]
   [Code Root Fixup: 0.2 ms]
   [Code Root Migration: 0.0 ms]
   [Clear CT: 1.2 ms]
   [Other: 4.0 ms]
      [Choose CSet: 0.0 ms]
      [Ref Proc: 1.7 ms]
      [Ref Enq: 0.2 ms]
      [Free CSet: 0.3 ms]
   [Eden: 368.0M(368.0M)->0.0B(3984.0M) Survivors: 144.0M->48.0M Heap: 5488.1M(10.0G)->5059.5M(10.0G)]
 [Times: user=0.89 sys=0.00, real=0.05 secs] 
1042.371: Total time for which application threads were stopped: 0.0558380 seconds
1044.447: Total time for which application threads were stopped: 0.0020240 seconds
1044.462: Total time for which application threads were stopped: 0.0007700 seconds
1047.335: [GC pause (G1 Evacuation Pause) (young)
Desired survivor size 268435456 bytes, new threshold 15 (max 15)
- age   1:    7391224 bytes,    7391224 total
, 0.0455900 secs]
   [Parallel Time: 40.1 ms, GC Workers: 18]
      [GC Worker Start (ms): Min: 1047335.5, Avg: 1047335.6, Max: 1047335.7, Diff: 0.2]
      [Ext Root Scanning (ms): Min: 4.0, Avg: 4.6, Max: 5.2, Diff: 1.1, Sum: 83.3]
      [Update RS (ms): Min: 15.6, Avg: 16.1, Max: 17.2, Diff: 1.6, Sum: 290.6]
         [Processed Buffers: Min: 21, Avg: 50.9, Max: 85, Diff: 64, Sum: 917]
      [Scan RS (ms): Min: 0.7, Avg: 1.0, Max: 1.2, Diff: 0.5, Sum: 18.7]
      [Code Root Scanning (ms): Min: 0.0, Avg: 0.0, Max: 0.0, Diff: 0.0, Sum: 0.1]
      [Object Copy (ms): Min: 18.0, Avg: 18.1, Max: 18.3, Diff: 0.3, Sum: 325.3]
      [Termination (ms): Min: 0.0, Avg: 0.0, Max: 0.0, Diff: 0.0, Sum: 0.0]
      [GC Worker Other (ms): Min: 0.0, Avg: 0.1, Max: 0.1, Diff: 0.1, Sum: 1.0]
      [GC Worker Total (ms): Min: 39.9, Avg: 39.9, Max: 40.0, Diff: 0.2, Sum: 719.0]
      [GC Worker End (ms): Min: 1047375.5, Avg: 1047375.6, Max: 1047375.6, Diff: 0.1]
   [Code Root Fixup: 0.2 ms]
   [Code Root Migration: 0.0 ms]
   [Clear CT: 1.4 ms]
   [Other: 3.8 ms]
      [Choose CSet: 0.0 ms]
      [Ref Proc: 1.6 ms]
      [Ref Enq: 0.1 ms]
      [Free CSet: 0.8 ms]
   [Eden: 3984.0M(3984.0M)->0.0B(3968.0M) Survivors: 48.0M->64.0M Heap: 9043.5M(10.0G)->5083.9M(10.0G)]
 [Times: user=0.74 sys=0.00, real=0.05 secs] 
1047.381: Total time for which application threads were stopped: 0.0472860 seconds
1052.051: Total time for which application threads were stopped: 0.0012080 seconds
1052.052: [GC pause (GCLocker Initiated GC) (young) (initial-mark)
Desired survivor size 268435456 bytes, new threshold 15 (max 15)
- age   1:   43846952 bytes,   43846952 total
- age   2:    4989568 bytes,   48836520 total
, 0.0359850 secs]
   [Parallel Time: 30.4 ms, GC Workers: 18]
      [GC Worker Start (ms): Min: 1052052.2, Avg: 1052052.2, Max: 1052052.3, Diff: 0.1]
      [Ext Root Scanning (ms): Min: 3.8, Avg: 4.4, Max: 4.8, Diff: 1.0, Sum: 79.1]
      [Code Root Marking (ms): Min: 0.2, Avg: 0.9, Max: 4.5, Diff: 4.4, Sum: 16.6]
      [Update RS (ms): Min: 1.5, Avg: 4.9, Max: 6.1, Diff: 4.6, Sum: 87.6]
         [Processed Buffers: Min: 6, Avg: 35.4, Max: 68, Diff: 62, Sum: 637]
      [Scan RS (ms): Min: 0.0, Avg: 0.2, Max: 0.2, Diff: 0.2, Sum: 3.6]
      [Code Root Scanning (ms): Min: 0.0, Avg: 0.0, Max: 0.0, Diff: 0.0, Sum: 0.1]
      [Object Copy (ms): Min: 19.0, Avg: 19.8, Max: 20.0, Diff: 1.0, Sum: 355.5]
      [Termination (ms): Min: 0.0, Avg: 0.0, Max: 0.0, Diff: 0.0, Sum: 0.0]
      [GC Worker Other (ms): Min: 0.0, Avg: 0.1, Max: 0.1, Diff: 0.1, Sum: 1.2]
      [GC Worker Total (ms): Min: 30.1, Avg: 30.2, Max: 30.3, Diff: 0.2, Sum: 543.7]
      [GC Worker End (ms): Min: 1052082.4, Avg: 1052082.5, Max: 1052082.5, Diff: 0.1]
   [Code Root Fixup: 0.2 ms]
   [Code Root Migration: 0.0 ms]
   [Clear CT: 1.2 ms]
   [Other: 4.1 ms]
      [Choose CSet: 0.0 ms]
      [Ref Proc: 1.7 ms]
      [Ref Enq: 0.1 ms]
      [Free CSet: 0.6 ms]
   [Eden: 3984.0M(3968.0M)->0.0B(3952.0M) Survivors: 64.0M->96.0M Heap: 9051.9M(10.0G)->5119.5M(10.0G)]
 [Times: user=0.57 sys=0.01, real=0.04 secs] 
1052.088: [GC concurrent-root-region-scan-start]
1052.088: Total time for which application threads were stopped: 0.0369600 seconds
1052.117: [GC concurrent-root-region-scan-end, 0.0293530 secs]
1052.117: [GC concurrent-mark-start]
1053.050: [GC concurrent-mark-end, 0.9325500 secs]
1053.051: [GC remark 1053.052: [GC ref-proc, 0.0027580 secs], 0.0103070 secs]
 [Times: user=0.13 sys=0.00, real=0.01 secs] 
1053.062: Total time for which application threads were stopped: 0.0118040 seconds
1053.062: [GC cleanup 6052M->5984M(10G), 0.0104170 secs]
 [Times: user=0.17 sys=0.01, real=0.01 secs] 
1053.073: Total time for which application threads were stopped: 0.0114400 seconds
1053.073: [GC concurrent-cleanup-start]
1053.074: [GC concurrent-cleanup-end, 0.0004890 secs]
1054.858: Total time for which application threads were stopped: 0.0013060 seconds
1057.131: [GC pause (G1 Evacuation Pause) (young)
Desired survivor size 268435456 bytes, new threshold 15 (max 15)
- age   1:   27622464 bytes,   27622464 total
- age   2:   40110256 bytes,   67732720 total
- age   3:    4959928 bytes,   72692648 total
, 0.0333220 secs]
   [Parallel Time: 28.0 ms, GC Workers: 18]
      [GC Worker Start (ms): Min: 1057131.8, Avg: 1057131.9, Max: 1057131.9, Diff: 0.1]
      [Ext Root Scanning (ms): Min: 4.4, Avg: 5.0, Max: 5.7, Diff: 1.2, Sum: 90.2]
      [Update RS (ms): Min: 4.0, Avg: 4.7, Max: 5.7, Diff: 1.7, Sum: 84.2]
         [Processed Buffers: Min: 25, Avg: 39.6, Max: 65, Diff: 40, Sum: 712]
      [Scan RS (ms): Min: 0.0, Avg: 0.2, Max: 0.2, Diff: 0.2, Sum: 3.2]
      [Code Root Scanning (ms): Min: 0.0, Avg: 0.0, Max: 0.0, Diff: 0.0, Sum: 0.1]
      [Object Copy (ms): Min: 17.5, Avg: 17.9, Max: 18.1, Diff: 0.6, Sum: 321.9]
      [Termination (ms): Min: 0.0, Avg: 0.0, Max: 0.0, Diff: 0.0, Sum: 0.3]
      [GC Worker Other (ms): Min: 0.0, Avg: 0.1, Max: 0.1, Diff: 0.1, Sum: 1.2]
      [GC Worker Total (ms): Min: 27.8, Avg: 27.8, Max: 27.9, Diff: 0.2, Sum: 501.1]
      [GC Worker End (ms): Min: 1057159.7, Avg: 1057159.7, Max: 1057159.7, Diff: 0.1]
   [Code Root Fixup: 0.2 ms]
   [Code Root Migration: 0.0 ms]
   [Clear CT: 1.2 ms]
   [Other: 3.8 ms]
      [Choose CSet: 0.0 ms]
      [Ref Proc: 1.6 ms]
      [Ref Enq: 0.1 ms]
      [Free CSet: 0.6 ms]
   [Eden: 3952.0M(3952.0M)->0.0B(368.0M) Survivors: 96.0M->144.0M Heap: 9003.6M(10.0G)->5102.8M(10.0G)]
 [Times: user=0.52 sys=0.01, real=0.03 secs] 
1057.165: Total time for which application threads were stopped: 0.0350420 seconds
1057.408: [GC pause (G1 Evacuation Pause) (mixed)
Desired survivor size 33554432 bytes, new threshold 2 (max 15)
- age   1:   12495648 bytes,   12495648 total
- age   2:   22141520 bytes,   34637168 total
- age   3:   35208888 bytes,   69846056 total
- age   4:    4949208 bytes,   74795264 total
, 0.0810450 secs]
   [Parallel Time: 73.5 ms, GC Workers: 18]
      [GC Worker Start (ms): Min: 1057408.9, Avg: 1057408.9, Max: 1057409.0, Diff: 0.2]
      [Ext Root Scanning (ms): Min: 4.9, Avg: 5.4, Max: 5.9, Diff: 1.0, Sum: 97.9]
      [Update RS (ms): Min: 3.3, Avg: 3.9, Max: 4.4, Diff: 1.1, Sum: 70.4]
         [Processed Buffers: Min: 15, Avg: 34.5, Max: 56, Diff: 41, Sum: 621]
      [Scan RS (ms): Min: 15.0, Avg: 15.8, Max: 16.6, Diff: 1.6, Sum: 284.0]
      [Code Root Scanning (ms): Min: 0.0, Avg: 0.0, Max: 0.0, Diff: 0.0, Sum: 0.1]
      [Object Copy (ms): Min: 47.3, Avg: 48.1, Max: 48.5, Diff: 1.1, Sum: 866.4]
      [Termination (ms): Min: 0.0, Avg: 0.0, Max: 0.1, Diff: 0.1, Sum: 0.6]
      [GC Worker Other (ms): Min: 0.0, Avg: 0.0, Max: 0.1, Diff: 0.0, Sum: 0.7]
      [GC Worker Total (ms): Min: 73.2, Avg: 73.3, Max: 73.4, Diff: 0.2, Sum: 1320.0]
      [GC Worker End (ms): Min: 1057482.2, Avg: 1057482.3, Max: 1057482.3, Diff: 0.0]
   [Code Root Fixup: 0.2 ms]
   [Code Root Migration: 0.1 ms]
   [Clear CT: 1.7 ms]
   [Other: 5.5 ms]
      [Choose CSet: 0.3 ms]
      [Ref Proc: 1.6 ms]
      [Ref Enq: 0.1 ms]
      [Free CSet: 0.9 ms]
   [Eden: 368.0M(368.0M)->0.0B(464.0M) Survivors: 144.0M->48.0M Heap: 5470.8M(10.0G)->4504.1M(10.0G)]
 [Times: user=1.32 sys=0.02, real=0.08 secs] 
1057.489: Total time for which application threads were stopped: 0.0824730 seconds
1057.851: [GC pause (G1 Evacuation Pause) (mixed)
Desired survivor size 33554432 bytes, new threshold 15 (max 15)
- age   1:     908200 bytes,     908200 total
- age   2:   11610648 bytes,   12518848 total
, 0.0947010 secs]
   [Parallel Time: 85.7 ms, GC Workers: 18]
      [GC Worker Start (ms): Min: 1057851.9, Avg: 1057852.0, Max: 1057852.1, Diff: 0.2]
      [Ext Root Scanning (ms): Min: 4.2, Avg: 4.8, Max: 5.4, Diff: 1.3, Sum: 86.3]
      [Update RS (ms): Min: 11.2, Avg: 11.9, Max: 12.5, Diff: 1.3, Sum: 214.7]
         [Processed Buffers: Min: 22, Avg: 51.2, Max: 84, Diff: 62, Sum: 921]
      [Scan RS (ms): Min: 19.8, Avg: 20.5, Max: 21.1, Diff: 1.3, Sum: 369.7]
      [Code Root Scanning (ms): Min: 0.0, Avg: 0.0, Max: 0.2, Diff: 0.2, Sum: 0.4]
      [Object Copy (ms): Min: 47.6, Avg: 48.2, Max: 48.6, Diff: 1.0, Sum: 866.9]
      [Termination (ms): Min: 0.0, Avg: 0.0, Max: 0.1, Diff: 0.1, Sum: 0.5]
      [GC Worker Other (ms): Min: 0.0, Avg: 0.0, Max: 0.1, Diff: 0.0, Sum: 0.7]
      [GC Worker Total (ms): Min: 85.4, Avg: 85.5, Max: 85.6, Diff: 0.2, Sum: 1539.3]
      [GC Worker End (ms): Min: 1057937.5, Avg: 1057937.5, Max: 1057937.5, Diff: 0.0]
   [Code Root Fixup: 0.5 ms]
   [Code Root Migration: 0.7 ms]
   [Clear CT: 1.6 ms]
   [Other: 6.2 ms]
      [Choose CSet: 0.4 ms]
      [Ref Proc: 1.6 ms]
      [Ref Enq: 0.1 ms]
      [Free CSet: 1.3 ms]
   [Eden: 464.0M(464.0M)->0.0B(480.0M) Survivors: 48.0M->32.0M Heap: 4968.1M(10.0G)->4296.7M(10.0G)]
 [Times: user=1.56 sys=0.01, real=0.09 secs] 
1057.946: Total time for which application threads were stopped: 0.0963360 seconds
1058.340: [GC pause (G1 Evacuation Pause) (mixed)
Desired survivor size 33554432 bytes, new threshold 15 (max 15)
- age   1:    1020600 bytes,    1020600 total
- age   2:     376664 bytes,    1397264 total
- age   3:   11339504 bytes,   12736768 total
, 0.0523760 secs]
   [Parallel Time: 47.0 ms, GC Workers: 18]
      [GC Worker Start (ms): Min: 1058340.7, Avg: 1058340.8, Max: 1058340.8, Diff: 0.1]
      [Ext Root Scanning (ms): Min: 4.3, Avg: 4.8, Max: 5.2, Diff: 0.9, Sum: 85.7]
      [Update RS (ms): Min: 11.4, Avg: 12.2, Max: 13.3, Diff: 2.0, Sum: 219.1]
         [Processed Buffers: Min: 32, Avg: 47.8, Max: 78, Diff: 46, Sum: 861]
      [Scan RS (ms): Min: 10.6, Avg: 11.7, Max: 12.3, Diff: 1.7, Sum: 210.3]
      [Code Root Scanning (ms): Min: 0.0, Avg: 0.0, Max: 0.0, Diff: 0.0, Sum: 0.0]
      [Object Copy (ms): Min: 17.5, Avg: 18.2, Max: 18.6, Diff: 1.1, Sum: 327.1]
      [Termination (ms): Min: 0.0, Avg: 0.0, Max: 0.0, Diff: 0.0, Sum: 0.1]
      [GC Worker Other (ms): Min: 0.0, Avg: 0.0, Max: 0.0, Diff: 0.0, Sum: 0.7]
      [GC Worker Total (ms): Min: 46.8, Avg: 46.8, Max: 46.9, Diff: 0.1, Sum: 843.2]
      [GC Worker End (ms): Min: 1058387.6, Avg: 1058387.6, Max: 1058387.6, Diff: 0.0]
   [Code Root Fixup: 0.2 ms]
   [Code Root Migration: 0.0 ms]
   [Clear CT: 1.3 ms]
   [Other: 3.8 ms]
      [Choose CSet: 0.1 ms]
      [Ref Proc: 1.5 ms]
      [Ref Enq: 0.1 ms]
      [Free CSet: 0.3 ms]
   [Eden: 480.0M(480.0M)->0.0B(4800.0M) Survivors: 32.0M->16.0M Heap: 4776.7M(10.0G)->4308.5M(10.0G)]
 [Times: user=0.86 sys=0.01, real=0.05 secs] 
1058.393: Total time for which application threads were stopped: 0.0537940 seconds
1063.965: [GC pause (G1 Evacuation Pause) (young)
Desired survivor size 318767104 bytes, new threshold 15 (max 15)
- age   1:    1021432 bytes,    1021432 total
- age   2:     360832 bytes,    1382264 total
- age   3:     369480 bytes,    1751744 total
- age   4:   11095848 bytes,   12847592 total
, 0.0259420 secs]
   [Parallel Time: 21.0 ms, GC Workers: 18]
      [GC Worker Start (ms): Min: 1063966.0, Avg: 1063966.1, Max: 1063966.1, Diff: 0.1]
      [Ext Root Scanning (ms): Min: 4.1, Avg: 4.6, Max: 5.2, Diff: 1.0, Sum: 83.6]
      [Update RS (ms): Min: 10.9, Avg: 11.5, Max: 12.0, Diff: 1.1, Sum: 206.7]
         [Processed Buffers: Min: 14, Avg: 45.9, Max: 78, Diff: 64, Sum: 826]
      [Scan RS (ms): Min: 0.0, Avg: 0.3, Max: 0.5, Diff: 0.5, Sum: 4.8]
      [Code Root Scanning (ms): Min: 0.0, Avg: 0.0, Max: 0.0, Diff: 0.0, Sum: 0.1]
      [Object Copy (ms): Min: 2.8, Avg: 3.2, Max: 4.4, Diff: 1.7, Sum: 58.5]
      [Termination (ms): Min: 0.0, Avg: 1.1, Max: 1.4, Diff: 1.4, Sum: 19.8]
      [GC Worker Other (ms): Min: 0.0, Avg: 0.0, Max: 0.0, Diff: 0.0, Sum: 0.4]
      [GC Worker Total (ms): Min: 20.7, Avg: 20.8, Max: 20.9, Diff: 0.2, Sum: 374.0]
      [GC Worker End (ms): Min: 1063986.8, Avg: 1063986.8, Max: 1063986.8, Diff: 0.0]
   [Code Root Fixup: 0.2 ms]
   [Code Root Migration: 0.1 ms]
   [Clear CT: 1.4 ms]
   [Other: 3.3 ms]
      [Choose CSet: 0.0 ms]
      [Ref Proc: 1.5 ms]
      [Ref Enq: 0.1 ms]
      [Free CSet: 0.7 ms]
   [Eden: 4800.0M(4800.0M)->0.0B(480.0M) Survivors: 16.0M->32.0M Heap: 9108.5M(10.0G)->4316.6M(10.0G)]
 [Times: user=0.40 sys=0.00, real=0.03 secs] 
1063.992: Total time for which application threads were stopped: 0.0277240 seconds
1064.364: [GC pause (G1 Evacuation Pause) (young)
Desired survivor size 33554432 bytes, new threshold 15 (max 15)
- age   1:   13163768 bytes,   13163768 total
- age   2:     310088 bytes,   13473856 total
- age   3:     121272 bytes,   13595128 total
- age   4:     252800 bytes,   13847928 total
- age   5:    7312024 bytes,   21159952 total
, 0.0154380 secs]
   [Parallel Time: 12.1 ms, GC Workers: 18]
      [GC Worker Start (ms): Min: 1064364.4, Avg: 1064364.4, Max: 1064364.5, Diff: 0.1]
      [Ext Root Scanning (ms): Min: 4.3, Avg: 4.9, Max: 5.5, Diff: 1.1, Sum: 87.5]
      [Update RS (ms): Min: 1.8, Avg: 2.6, Max: 4.5, Diff: 2.7, Sum: 46.5]
         [Processed Buffers: Min: 12, Avg: 31.1, Max: 72, Diff: 60, Sum: 559]
      [Scan RS (ms): Min: 0.0, Avg: 0.0, Max: 0.0, Diff: 0.0, Sum: 0.4]
      [Code Root Scanning (ms): Min: 0.0, Avg: 0.0, Max: 0.0, Diff: 0.0, Sum: 0.0]
      [Object Copy (ms): Min: 2.2, Avg: 3.7, Max: 4.9, Diff: 2.7, Sum: 67.0]
      [Termination (ms): Min: 0.0, Avg: 0.7, Max: 0.9, Diff: 0.9, Sum: 12.7]
      [GC Worker Other (ms): Min: 0.0, Avg: 0.0, Max: 0.0, Diff: 0.0, Sum: 0.5]
      [GC Worker Total (ms): Min: 11.9, Avg: 11.9, Max: 12.0, Diff: 0.1, Sum: 214.5]
      [GC Worker End (ms): Min: 1064376.3, Avg: 1064376.3, Max: 1064376.4, Diff: 0.0]
   [Code Root Fixup: 0.2 ms]
   [Code Root Migration: 0.0 ms]
   [Clear CT: 0.2 ms]
   [Other: 2.9 ms]
      [Choose CSet: 0.0 ms]
      [Ref Proc: 1.7 ms]
      [Ref Enq: 0.1 ms]
      [Free CSet: 0.1 ms]
   [Eden: 480.0M(480.0M)->0.0B(480.0M) Survivors: 32.0M->32.0M Heap: 4796.6M(10.0G)->4317.4M(10.0G)]
 [Times: user=0.21 sys=0.01, real=0.02 secs] 
1064.380: Total time for which application threads were stopped: 0.0169130 seconds
1064.495: Total time for which application threads were stopped: 0.0012230 seconds
1064.750: [GC pause (G1 Evacuation Pause) (young)
Desired survivor size 33554432 bytes, new threshold 15 (max 15)
- age   1:    2385232 bytes,    2385232 total
- age   2:   11679584 bytes,   14064816 total
- age   3:     307240 bytes,   14372056 total
- age   4:     119080 bytes,   14491136 total
- age   5:     246664 bytes,   14737800 total
- age   6:    7298488 bytes,   22036288 total
, 0.0152840 secs]
   [Parallel Time: 12.0 ms, GC Workers: 18]
      [GC Worker Start (ms): Min: 1064750.5, Avg: 1064750.6, Max: 1064750.6, Diff: 0.1]
      [Ext Root Scanning (ms): Min: 4.0, Avg: 4.8, Max: 5.3, Diff: 1.3, Sum: 85.8]
      [Update RS (ms): Min: 1.7, Avg: 2.6, Max: 4.6, Diff: 3.0, Sum: 47.4]
         [Processed Buffers: Min: 15, Avg: 31.3, Max: 54, Diff: 39, Sum: 564]
      [Scan RS (ms): Min: 0.0, Avg: 0.0, Max: 0.1, Diff: 0.0, Sum: 0.2]
      [Code Root Scanning (ms): Min: 0.0, Avg: 0.0, Max: 0.0, Diff: 0.0, Sum: 0.0]
      [Object Copy (ms): Min: 1.9, Avg: 3.5, Max: 4.3, Diff: 2.4, Sum: 62.5]
      [Termination (ms): Min: 0.0, Avg: 0.9, Max: 1.2, Diff: 1.2, Sum: 16.7]
      [GC Worker Other (ms): Min: 0.0, Avg: 0.0, Max: 0.0, Diff: 0.0, Sum: 0.4]
      [GC Worker Total (ms): Min: 11.8, Avg: 11.8, Max: 11.9, Diff: 0.1, Sum: 213.0]
      [GC Worker End (ms): Min: 1064762.4, Avg: 1064762.4, Max: 1064762.4, Diff: 0.0]
   [Code Root Fixup: 0.2 ms]
   [Code Root Migration: 0.0 ms]
   [Clear CT: 0.2 ms]
   [Other: 2.8 ms]
      [Choose CSet: 0.0 ms]
      [Ref Proc: 1.7 ms]
      [Ref Enq: 0.2 ms]
      [Free CSet: 0.1 ms]
   [Eden: 480.0M(480.0M)->0.0B(4816.0M) Survivors: 32.0M->32.0M Heap: 4797.4M(10.0G)->4317.7M(10.0G)]
 [Times: user=0.22 sys=0.01, real=0.01 secs] 
1064.766: Total time for which application threads were stopped: 0.0167080 seconds
1070.360: [GC pause (G1 Evacuation Pause) (young)
Desired survivor size 318767104 bytes, new threshold 15 (max 15)
- age   1:    1175728 bytes,    1175728 total
- age   2:    1631448 bytes,    2807176 total
- age   3:   11322472 bytes,   14129648 total
- age   4:     302280 bytes,   14431928 total
- age   5:     116816 bytes,   14548744 total
- age   6:     242760 bytes,   14791504 total
- age   7:    7264160 bytes,   22055664 total
, 0.0199080 secs]
   [Parallel Time: 14.7 ms, GC Workers: 18]
      [GC Worker Start (ms): Min: 1070360.9, Avg: 1070361.0, Max: 1070361.1, Diff: 0.1]
      [Ext Root Scanning (ms): Min: 4.4, Avg: 5.0, Max: 5.6, Diff: 1.1, Sum: 90.3]
      [Update RS (ms): Min: 2.6, Avg: 3.2, Max: 4.3, Diff: 1.8, Sum: 56.9]
         [Processed Buffers: Min: 11, Avg: 36.9, Max: 62, Diff: 51, Sum: 664]
      [Scan RS (ms): Min: 0.0, Avg: 0.2, Max: 0.3, Diff: 0.3, Sum: 4.0]
      [Code Root Scanning (ms): Min: 0.0, Avg: 0.0, Max: 0.0, Diff: 0.0, Sum: 0.1]
      [Object Copy (ms): Min: 5.0, Avg: 5.4, Max: 6.2, Diff: 1.2, Sum: 96.8]
      [Termination (ms): Min: 0.0, Avg: 0.7, Max: 0.8, Diff: 0.8, Sum: 13.0]
      [GC Worker Other (ms): Min: 0.0, Avg: 0.0, Max: 0.1, Diff: 0.0, Sum: 0.6]
      [GC Worker Total (ms): Min: 14.5, Avg: 14.5, Max: 14.6, Diff: 0.1, Sum: 261.8]
      [GC Worker End (ms): Min: 1070375.5, Avg: 1070375.5, Max: 1070375.6, Diff: 0.1]
   [Code Root Fixup: 0.2 ms]
   [Code Root Migration: 0.0 ms]
   [Clear CT: 1.3 ms]
   [Other: 3.6 ms]
      [Choose CSet: 0.0 ms]
      [Ref Proc: 1.8 ms]
      [Ref Enq: 0.1 ms]
      [Free CSet: 0.7 ms]
   [Eden: 4816.0M(4816.0M)->0.0B(4800.0M) Survivors: 32.0M->48.0M Heap: 9133.7M(10.0G)->4332.0M(10.0G)]
 [Times: user=0.27 sys=0.00, real=0.02 secs] 
1070.381: Total time for which application threads were stopped: 0.0217020 seconds
1074.193: Total time for which application threads were stopped: 0.0012580 seconds
1074.194: Total time for which application threads were stopped: 0.0004540 seconds
1074.194: Total time for which application threads were stopped: 0.0003460 seconds
1075.673: [GC pause (G1 Evacuation Pause) (young)
Desired survivor size 318767104 bytes, new threshold 15 (max 15)
- age   1:   13539944 bytes,   13539944 total
- age   2:     150624 bytes,   13690568 total
- age   3:     152384 bytes,   13842952 total
- age   4:    8701592 bytes,   22544544 total
- age   5:     129240 bytes,   22673784 total
- age   6:     110072 bytes,   22783856 total
- age   7:     198592 bytes,   22982448 total
- age   8:    6894360 bytes,   29876808 total
, 0.0208650 secs]
   [Parallel Time: 15.7 ms, GC Workers: 18]
      [GC Worker Start (ms): Min: 1075674.0, Avg: 1075674.0, Max: 1075674.1, Diff: 0.1]
      [Ext Root Scanning (ms): Min: 4.1, Avg: 4.7, Max: 5.2, Diff: 1.2, Sum: 84.4]
      [Update RS (ms): Min: 2.5, Avg: 3.3, Max: 4.2, Diff: 1.7, Sum: 59.3]
         [Processed Buffers: Min: 16, Avg: 33.5, Max: 58, Diff: 42, Sum: 603]
      [Scan RS (ms): Min: 0.0, Avg: 0.2, Max: 0.3, Diff: 0.3, Sum: 3.4]
      [Code Root Scanning (ms): Min: 0.0, Avg: 0.0, Max: 0.0, Diff: 0.0, Sum: 0.1]
      [Object Copy (ms): Min: 4.6, Avg: 5.8, Max: 7.3, Diff: 2.6, Sum: 104.4]
      [Termination (ms): Min: 0.0, Avg: 1.4, Max: 1.9, Diff: 1.9, Sum: 26.0]
      [GC Worker Other (ms): Min: 0.0, Avg: 0.0, Max: 0.1, Diff: 0.0, Sum: 0.5]
      [GC Worker Total (ms): Min: 15.4, Avg: 15.5, Max: 15.5, Diff: 0.1, Sum: 278.1]
      [GC Worker End (ms): Min: 1075689.5, Avg: 1075689.5, Max: 1075689.5, Diff: 0.0]
   [Code Root Fixup: 0.2 ms]
   [Code Root Migration: 0.1 ms]
   [Clear CT: 1.4 ms]
   [Other: 3.5 ms]
      [Choose CSet: 0.0 ms]
      [Ref Proc: 1.6 ms]
      [Ref Enq: 0.1 ms]
      [Free CSet: 0.7 ms]
   [Eden: 4800.0M(4800.0M)->0.0B(4800.0M) Survivors: 48.0M->48.0M Heap: 9132.0M(10.0G)->4334.0M(10.0G)]
 [Times: user=0.30 sys=0.01, real=0.02 secs] 
1075.695: Total time for which application threads were stopped: 0.0225620 seconds
1078.215: Total time for which application threads were stopped: 0.0012690 seconds
1078.216: Total time for which application threads were stopped: 0.0003430 seconds
1078.217: Total time for which application threads were stopped: 0.0004640 seconds
1078.217: Total time for which application threads were stopped: 0.0002600 seconds
1078.237: Total time for which application threads were stopped: 0.0081610 seconds
1078.237: Total time for which application threads were stopped: 0.0005040 seconds
1078.238: Total time for which application threads were stopped: 0.0008430 seconds
1078.238: Total time for which application threads were stopped: 0.0002800 seconds
1078.239: Total time for which application threads were stopped: 0.0002320 seconds
1078.239: Total time for which application threads were stopped: 0.0002330 seconds
1078.239: Total time for which application threads were stopped: 0.0002310 seconds
1078.239: Total time for which application threads were stopped: 0.0002480 seconds
1078.240: Total time for which application threads were stopped: 0.0002490 seconds
1078.240: Total time for which application threads were stopped: 0.0002300 seconds
1078.240: Total time for which application threads were stopped: 0.0002340 seconds
1078.241: Total time for which application threads were stopped: 0.0002290 seconds
1078.241: Total time for which application threads were stopped: 0.0002310 seconds
1079.242: Total time for which application threads were stopped: 0.0011800 seconds
1080.967: [GC pause (G1 Evacuation Pause) (young)
Desired survivor size 318767104 bytes, new threshold 15 (max 15)
- age   1:   13039568 bytes,   13039568 total
- age   2:    7700216 bytes,   20739784 total
- age   3:      97152 bytes,   20836936 total
- age   4:     110776 bytes,   20947712 total
- age   5:    8137952 bytes,   29085664 total
- age   6:     113160 bytes,   29198824 total
- age   7:     101560 bytes,   29300384 total
- age   8:     189984 bytes,   29490368 total
- age   9:    6820168 bytes,   36310536 total
, 0.0209840 secs]
   [Parallel Time: 15.6 ms, GC Workers: 18]
      [GC Worker Start (ms): Min: 1080967.3, Avg: 1080967.3, Max: 1080967.4, Diff: 0.1]
      [Ext Root Scanning (ms): Min: 3.8, Avg: 4.6, Max: 5.0, Diff: 1.2, Sum: 82.9]
      [Update RS (ms): Min: 2.9, Avg: 3.5, Max: 4.7, Diff: 1.8, Sum: 62.1]
         [Processed Buffers: Min: 9, Avg: 36.4, Max: 68, Diff: 59, Sum: 656]
      [Scan RS (ms): Min: 0.0, Avg: 0.2, Max: 0.3, Diff: 0.3, Sum: 3.9]
      [Code Root Scanning (ms): Min: 0.0, Avg: 0.0, Max: 0.0, Diff: 0.0, Sum: 0.1]
      [Object Copy (ms): Min: 4.5, Avg: 5.4, Max: 7.2, Diff: 2.6, Sum: 97.9]
      [Termination (ms): Min: 0.0, Avg: 1.6, Max: 2.3, Diff: 2.3, Sum: 29.4]
      [GC Worker Other (ms): Min: 0.0, Avg: 0.0, Max: 0.1, Diff: 0.1, Sum: 0.9]
      [GC Worker Total (ms): Min: 15.3, Avg: 15.4, Max: 15.5, Diff: 0.2, Sum: 277.2]
      [GC Worker End (ms): Min: 1080982.7, Avg: 1080982.7, Max: 1080982.8, Diff: 0.1]
   [Code Root Fixup: 0.3 ms]
   [Code Root Migration: 0.1 ms]
   [Clear CT: 1.5 ms]
   [Other: 3.6 ms]
      [Choose CSet: 0.0 ms]
      [Ref Proc: 1.6 ms]
      [Ref Enq: 0.1 ms]
      [Free CSet: 0.8 ms]
   [Eden: 4800.0M(4800.0M)->0.0B(4768.0M) Survivors: 48.0M->64.0M Heap: 9134.0M(10.0G)->4347.6M(10.0G)]
 [Times: user=0.29 sys=0.00, real=0.02 secs] 
1080.988: Total time for which application threads were stopped: 0.0224950 seconds
1085.013: Total time for which application threads were stopped: 0.0011250 seconds
1086.021: [GC pause (G1 Evacuation Pause) (young)
Desired survivor size 318767104 bytes, new threshold 15 (max 15)
- age   1:   14051528 bytes,   14051528 total
- age   2:    6454672 bytes,   20506200 total
- age   3:    7043560 bytes,   27549760 total
- age   4:      85384 bytes,   27635144 total
- age   5:     101704 bytes,   27736848 total
- age   6:    8034176 bytes,   35771024 total
- age   7:     109976 bytes,   35881000 total
- age   8:      99656 bytes,   35980656 total
- age   9:     188832 bytes,   36169488 total
- age  10:    2667144 bytes,   38836632 total
, 0.0262310 secs]
   [Parallel Time: 20.8 ms, GC Workers: 18]
      [GC Worker Start (ms): Min: 1086021.9, Avg: 1086022.0, Max: 1086022.1, Diff: 0.1]
      [Ext Root Scanning (ms): Min: 3.9, Avg: 4.9, Max: 5.3, Diff: 1.4, Sum: 87.5]
      [Update RS (ms): Min: 3.0, Avg: 3.6, Max: 4.6, Diff: 1.5, Sum: 64.1]
         [Processed Buffers: Min: 11, Avg: 34.5, Max: 61, Diff: 50, Sum: 621]
      [Scan RS (ms): Min: 0.0, Avg: 0.2, Max: 0.3, Diff: 0.3, Sum: 3.4]
      [Code Root Scanning (ms): Min: 0.0, Avg: 0.0, Max: 0.0, Diff: 0.0, Sum: 0.1]
      [Object Copy (ms): Min: 10.0, Avg: 11.1, Max: 12.1, Diff: 2.0, Sum: 199.1]
      [Termination (ms): Min: 0.0, Avg: 0.9, Max: 1.1, Diff: 1.1, Sum: 16.6]
      [GC Worker Other (ms): Min: 0.0, Avg: 0.0, Max: 0.1, Diff: 0.1, Sum: 0.7]
      [GC Worker Total (ms): Min: 20.5, Avg: 20.6, Max: 20.7, Diff: 0.2, Sum: 371.6]
      [GC Worker End (ms): Min: 1086042.6, Avg: 1086042.6, Max: 1086042.7, Diff: 0.1]
   [Code Root Fixup: 0.3 ms]
   [Code Root Migration: 0.1 ms]
   [Clear CT: 1.6 ms]
   [Other: 3.5 ms]
      [Choose CSet: 0.0 ms]
      [Ref Proc: 1.6 ms]
      [Ref Enq: 0.1 ms]
      [Free CSet: 0.7 ms]
   [Eden: 4768.0M(4768.0M)->0.0B(4768.0M) Survivors: 64.0M->64.0M Heap: 9115.6M(10.0G)->4356.2M(10.0G)]
 [Times: user=0.40 sys=0.01, real=0.03 secs] 
1086.048: Total time for which application threads were stopped: 0.0277910 seconds
1090.678: [GC pause (G1 Evacuation Pause) (young)
Desired survivor size 318767104 bytes, new threshold 15 (max 15)
- age   1:   30541768 bytes,   30541768 total
- age   2:    8562808 bytes,   39104576 total
- age   3:    5808224 bytes,   44912800 total
- age   4:    6918400 bytes,   51831200 total
- age   5:      82064 bytes,   51913264 total
- age   6:     101352 bytes,   52014616 total
- age   7:    3873024 bytes,   55887640 total
- age   8:     107472 bytes,   55995112 total
- age   9:      98048 bytes,   56093160 total
- age  10:     187952 bytes,   56281112 total
- age  11:    2653896 bytes,   58935008 total
, 0.0266480 secs]
   [Parallel Time: 21.3 ms, GC Workers: 18]
      [GC Worker Start (ms): Min: 1090678.5, Avg: 1090678.6, Max: 1090678.6, Diff: 0.1]
      [Ext Root Scanning (ms): Min: 4.0, Avg: 4.8, Max: 5.2, Diff: 1.2, Sum: 85.8]
      [Update RS (ms): Min: 3.3, Avg: 3.8, Max: 4.6, Diff: 1.3, Sum: 67.5]
         [Processed Buffers: Min: 9, Avg: 37.9, Max: 62, Diff: 53, Sum: 682]
      [Scan RS (ms): Min: 0.0, Avg: 0.2, Max: 0.3, Diff: 0.3, Sum: 4.3]
      [Code Root Scanning (ms): Min: 0.0, Avg: 0.0, Max: 0.0, Diff: 0.0, Sum: 0.1]
      [Object Copy (ms): Min: 11.9, Avg: 12.4, Max: 12.6, Diff: 0.7, Sum: 222.4]
      [Termination (ms): Min: 0.0, Avg: 0.0, Max: 0.0, Diff: 0.0, Sum: 0.1]
      [GC Worker Other (ms): Min: 0.0, Avg: 0.1, Max: 0.1, Diff: 0.1, Sum: 1.2]
      [GC Worker Total (ms): Min: 21.1, Avg: 21.2, Max: 21.3, Diff: 0.2, Sum: 381.4]
      [GC Worker End (ms): Min: 1090699.7, Avg: 1090699.8, Max: 1090699.8, Diff: 0.1]
   [Code Root Fixup: 0.2 ms]
   [Code Root Migration: 0.1 ms]
   [Clear CT: 1.5 ms]
   [Other: 3.5 ms]
      [Choose CSet: 0.0 ms]
      [Ref Proc: 1.5 ms]
      [Ref Enq: 0.1 ms]
      [Free CSet: 0.7 ms]
   [Eden: 4768.0M(4768.0M)->0.0B(4704.0M) Survivors: 64.0M->96.0M Heap: 9124.2M(10.0G)->4384.6M(10.0G)]
 [Times: user=0.40 sys=0.01, real=0.03 secs] 
1090.705: Total time for which application threads were stopped: 0.0283610 seconds
1094.806: Total time for which application threads were stopped: 0.0012550 seconds
1095.187: Total time for which application threads were stopped: 0.0010730 seconds
1095.188: [GC pause (GCLocker Initiated GC) (young)
Desired survivor size 318767104 bytes, new threshold 15 (max 15)
- age   1:   13614360 bytes,   13614360 total
- age   2:   23815144 bytes,   37429504 total
- age   3:    7818256 bytes,   45247760 total
- age   4:    5652848 bytes,   50900608 total
- age   5:    4792288 bytes,   55692896 total
- age   6:      79296 bytes,   55772192 total
- age   7:      99064 bytes,   55871256 total
- age   8:    1792520 bytes,   57663776 total
- age   9:     106032 bytes,   57769808 total
- age  10:      97504 bytes,   57867312 total
- age  11:     187480 bytes,   58054792 total
- age  12:    2642144 bytes,   60696936 total
, 0.0279100 secs]
   [Parallel Time: 21.9 ms, GC Workers: 18]
      [GC Worker Start (ms): Min: 1095188.3, Avg: 1095188.3, Max: 1095188.4, Diff: 0.1]
      [Ext Root Scanning (ms): Min: 4.6, Avg: 4.9, Max: 5.3, Diff: 0.7, Sum: 88.5]
      [Update RS (ms): Min: 2.9, Avg: 5.1, Max: 12.0, Diff: 9.0, Sum: 91.2]
         [Processed Buffers: Min: 1, Avg: 34.3, Max: 56, Diff: 55, Sum: 617]
      [Scan RS (ms): Min: 0.0, Avg: 0.1, Max: 0.3, Diff: 0.3, Sum: 2.6]
      [Code Root Scanning (ms): Min: 0.0, Avg: 0.0, Max: 0.0, Diff: 0.0, Sum: 0.1]
      [Object Copy (ms): Min: 4.8, Avg: 11.0, Max: 12.8, Diff: 8.0, Sum: 198.7]
      [Termination (ms): Min: 0.0, Avg: 0.1, Max: 0.1, Diff: 0.1, Sum: 1.8]
      [GC Worker Other (ms): Min: 0.0, Avg: 0.5, Max: 7.8, Diff: 7.8, Sum: 8.6]
      [GC Worker Total (ms): Min: 21.7, Avg: 21.7, Max: 21.8, Diff: 0.1, Sum: 391.5]
      [GC Worker End (ms): Min: 1095210.1, Avg: 1095210.1, Max: 1095210.1, Diff: 0.1]
   [Code Root Fixup: 0.3 ms]
   [Code Root Migration: 0.1 ms]
   [Clear CT: 1.5 ms]
   [Other: 4.1 ms]
      [Choose CSet: 0.0 ms]
      [Ref Proc: 2.2 ms]
      [Ref Enq: 0.1 ms]
      [Free CSet: 0.7 ms]
   [Eden: 4720.0M(4704.0M)->0.0B(4736.0M) Survivors: 96.0M->80.0M Heap: 9089.3M(10.0G)->4369.1M(10.0G)]
 [Times: user=0.37 sys=0.01, real=0.03 secs] 
1095.216: Total time for which application threads were stopped: 0.0288230 seconds
1098.726: Total time for which application threads were stopped: 0.0091140 seconds
1098.727: Total time for which application threads were stopped: 0.0006070 seconds
1098.727: Total time for which application threads were stopped: 0.0003060 seconds
1098.728: Total time for which application threads were stopped: 0.0002560 seconds
1098.728: Total time for which application threads were stopped: 0.0002750 seconds
1098.728: Total time for which application threads were stopped: 0.0002560 seconds
1098.729: Total time for which application threads were stopped: 0.0002320 seconds
1098.729: Total time for which application threads were stopped: 0.0002540 seconds
1098.729: Total time for which application threads were stopped: 0.0002470 seconds
1098.729: Total time for which application threads were stopped: 0.0002510 seconds
1098.730: Total time for which application threads were stopped: 0.0002570 seconds
1098.730: Total time for which application threads were stopped: 0.0002440 seconds
1098.733: Total time for which application threads were stopped: 0.0029060 seconds
1098.734: Total time for which application threads were stopped: 0.0003050 seconds
1100.259: [GC pause (G1 Evacuation Pause) (young)
Desired survivor size 318767104 bytes, new threshold 15 (max 15)
- age   1:   12577384 bytes,   12577384 total
- age   2:    7971456 bytes,   20548840 total
- age   3:   23167000 bytes,   43715840 total
- age   4:    7674112 bytes,   51389952 total
- age   5:    1493320 bytes,   52883272 total
- age   6:    2701168 bytes,   55584440 total
- age   7:      78312 bytes,   55662752 total
- age   8:      98520 bytes,   55761272 total
- age   9:    1781536 bytes,   57542808 total
- age  10:     105704 bytes,   57648512 total
- age  11:      97240 bytes,   57745752 total
- age  12:     187392 bytes,   57933144 total
- age  13:    2636360 bytes,   60569504 total
, 0.0293300 secs]
   [Parallel Time: 24.0 ms, GC Workers: 18]
      [GC Worker Start (ms): Min: 1100259.9, Avg: 1100260.0, Max: 1100260.1, Diff: 0.2]
      [Ext Root Scanning (ms): Min: 4.3, Avg: 5.3, Max: 5.8, Diff: 1.5, Sum: 95.8]
      [Update RS (ms): Min: 3.1, Avg: 3.9, Max: 5.7, Diff: 2.6, Sum: 70.6]
         [Processed Buffers: Min: 11, Avg: 38.3, Max: 63, Diff: 52, Sum: 689]
      [Scan RS (ms): Min: 0.0, Avg: 0.2, Max: 0.3, Diff: 0.3, Sum: 3.3]
      [Code Root Scanning (ms): Min: 0.0, Avg: 0.0, Max: 0.0, Diff: 0.0, Sum: 0.1]
      [Object Copy (ms): Min: 12.7, Avg: 14.0, Max: 14.6, Diff: 1.9, Sum: 251.7]
      [Termination (ms): Min: 0.0, Avg: 0.4, Max: 0.4, Diff: 0.4, Sum: 6.3]
      [GC Worker Other (ms): Min: 0.0, Avg: 0.0, Max: 0.1, Diff: 0.1, Sum: 0.8]
      [GC Worker Total (ms): Min: 23.7, Avg: 23.8, Max: 23.9, Diff: 0.2, Sum: 428.6]
      [GC Worker End (ms): Min: 1100283.8, Avg: 1100283.8, Max: 1100283.8, Diff: 0.1]
   [Code Root Fixup: 0.3 ms]
   [Code Root Migration: 0.1 ms]
   [Clear CT: 1.3 ms]
   [Other: 3.7 ms]
      [Choose CSet: 0.0 ms]
      [Ref Proc: 1.7 ms]
      [Ref Enq: 0.1 ms]
      [Free CSet: 0.7 ms]
   [Eden: 4736.0M(4736.0M)->0.0B(4672.0M) Survivors: 80.0M->112.0M Heap: 9105.1M(10.0G)->4394.6M(10.0G)]
 [Times: user=0.44 sys=0.01, real=0.03 secs] 
1100.289: Total time for which application threads were stopped: 0.0311170 seconds
1104.710: Total time for which application threads were stopped: 0.0013510 seconds
1104.719: Total time for which application threads were stopped: 0.0008390 seconds
1104.748: Total time for which application threads were stopped: 0.0087610 seconds
1105.089: [GC pause (G1 Evacuation Pause) (young)
Desired survivor size 318767104 bytes, new threshold 15 (max 15)
- age   1:   13237200 bytes,   13237200 total
- age   2:    6258728 bytes,   19495928 total
- age   3:    7235728 bytes,   26731656 total
- age   4:   23035312 bytes,   49766968 total
- age   5:    3496640 bytes,   53263608 total
- age   6:    1453360 bytes,   54716968 total
- age   7:    2676872 bytes,   57393840 total
- age   8:      77792 bytes,   57471632 total
- age   9:      98496 bytes,   57570128 total
- age  10:    1775528 bytes,   59345656 total
- age  11:     105576 bytes,   59451232 total
- age  12:      97216 bytes,   59548448 total
- age  13:     186976 bytes,   59735424 total
- age  14:    2632168 bytes,   62367592 total
, 0.0288500 secs]
   [Parallel Time: 23.6 ms, GC Workers: 18]
      [GC Worker Start (ms): Min: 1105089.4, Avg: 1105089.5, Max: 1105089.5, Diff: 0.1]
      [Ext Root Scanning (ms): Min: 4.3, Avg: 4.9, Max: 5.4, Diff: 1.0, Sum: 89.1]
      [Update RS (ms): Min: 2.9, Avg: 3.7, Max: 4.9, Diff: 2.0, Sum: 66.4]
         [Processed Buffers: Min: 10, Avg: 34.7, Max: 73, Diff: 63, Sum: 624]
      [Scan RS (ms): Min: 0.0, Avg: 0.2, Max: 0.3, Diff: 0.3, Sum: 3.2]
      [Code Root Scanning (ms): Min: 0.0, Avg: 0.0, Max: 0.0, Diff: 0.0, Sum: 0.1]
      [Object Copy (ms): Min: 12.6, Avg: 13.5, Max: 14.6, Diff: 2.0, Sum: 243.8]
      [Termination (ms): Min: 0.0, Avg: 1.0, Max: 1.1, Diff: 1.1, Sum: 17.8]
      [GC Worker Other (ms): Min: 0.0, Avg: 0.1, Max: 0.1, Diff: 0.1, Sum: 1.0]
      [GC Worker Total (ms): Min: 23.3, Avg: 23.4, Max: 23.5, Diff: 0.2, Sum: 421.4]
      [GC Worker End (ms): Min: 1105112.9, Avg: 1105112.9, Max: 1105112.9, Diff: 0.1]
   [Code Root Fixup: 0.3 ms]
   [Code Root Migration: 0.1 ms]
   [Clear CT: 1.4 ms]
   [Other: 3.6 ms]
      [Choose CSet: 0.0 ms]
      [Ref Proc: 1.6 ms]
      [Ref Enq: 0.1 ms]
      [Free CSet: 0.7 ms]
   [Eden: 4672.0M(4672.0M)->0.0B(4704.0M) Survivors: 112.0M->96.0M Heap: 9066.6M(10.0G)->4378.4M(10.0G)]
 [Times: user=0.44 sys=0.02, real=0.03 secs] 
1105.118: Total time for which application threads were stopped: 0.0303290 seconds
1108.120: Total time for which application threads were stopped: 0.0012170 seconds
1110.017: [GC pause (G1 Evacuation Pause) (young)
Desired survivor size 318767104 bytes, new threshold 15 (max 15)
- age   1:   12859536 bytes,   12859536 total
- age   2:    7969952 bytes,   20829488 total
- age   3:    5628872 bytes,   26458360 total
- age   4:    7076064 bytes,   33534424 total
- age   5:   18885584 bytes,   52420008 total
- age   6:    3467384 bytes,   55887392 total
- age   7:    1443568 bytes,   57330960 total
- age   8:    2671632 bytes,   60002592 total
- age   9:      76896 bytes,   60079488 total
- age  10:      98448 bytes,   60177936 total
- age  11:    1772136 bytes,   61950072 total
- age  12:     105256 bytes,   62055328 total
- age  13:      96384 bytes,   62151712 total
- age  14:     186816 bytes,   62338528 total
- age  15:    2621208 bytes,   64959736 total
, 0.0286310 secs]
   [Parallel Time: 23.3 ms, GC Workers: 18]
      [GC Worker Start (ms): Min: 1110017.9, Avg: 1110018.0, Max: 1110018.1, Diff: 0.2]
      [Ext Root Scanning (ms): Min: 3.7, Avg: 4.8, Max: 5.2, Diff: 1.5, Sum: 86.0]
      [Update RS (ms): Min: 3.1, Avg: 3.8, Max: 5.5, Diff: 2.4, Sum: 68.4]
         [Processed Buffers: Min: 9, Avg: 36.8, Max: 63, Diff: 54, Sum: 663]
      [Scan RS (ms): Min: 0.0, Avg: 0.2, Max: 0.3, Diff: 0.3, Sum: 3.3]
      [Code Root Scanning (ms): Min: 0.0, Avg: 0.0, Max: 0.0, Diff: 0.0, Sum: 0.1]
      [Object Copy (ms): Min: 12.6, Avg: 14.0, Max: 14.5, Diff: 1.9, Sum: 251.9]
      [Termination (ms): Min: 0.0, Avg: 0.4, Max: 0.4, Diff: 0.4, Sum: 6.4]
      [GC Worker Other (ms): Min: 0.0, Avg: 0.0, Max: 0.1, Diff: 0.1, Sum: 0.8]
      [GC Worker Total (ms): Min: 23.1, Avg: 23.2, Max: 23.3, Diff: 0.2, Sum: 417.0]
      [GC Worker End (ms): Min: 1110041.2, Avg: 1110041.2, Max: 1110041.2, Diff: 0.1]
   [Code Root Fixup: 0.3 ms]
   [Code Root Migration: 0.1 ms]
   [Clear CT: 1.4 ms]
   [Other: 3.5 ms]
      [Choose CSet: 0.0 ms]
      [Ref Proc: 1.5 ms]
      [Ref Enq: 0.1 ms]
      [Free CSet: 0.7 ms]
   [Eden: 4704.0M(4704.0M)->0.0B(4640.0M) Survivors: 96.0M->128.0M Heap: 9082.4M(10.0G)->4415.7M(10.0G)]
 [Times: user=0.44 sys=0.01, real=0.03 secs] 
1110.046: Total time for which application threads were stopped: 0.0303410 seconds
1114.190: Total time for which application threads were stopped: 0.0012450 seconds
1114.820: [GC pause (G1 Evacuation Pause) (young)
Desired survivor size 318767104 bytes, new threshold 15 (max 15)
- age   1:   13885568 bytes,   13885568 total
- age   2:    6511616 bytes,   20397184 total
- age   3:    7205040 bytes,   27602224 total
- age   4:    5496176 bytes,   33098400 total
- age   5:    2901424 bytes,   35999824 total
- age   6:   18844344 bytes,   54844168 total
- age   7:    3351752 bytes,   58195920 total
- age   8:    1434256 bytes,   59630176 total
- age   9:    2666584 bytes,   62296760 total
- age  10:      76872 bytes,   62373632 total
- age  11:      98304 bytes,   62471936 total
- age  12:    1769936 bytes,   64241872 total
- age  13:     105256 bytes,   64347128 total
- age  14:      96384 bytes,   64443512 total
- age  15:     186816 bytes,   64630328 total
, 0.0286160 secs]
   [Parallel Time: 23.4 ms, GC Workers: 18]
      [GC Worker Start (ms): Min: 1114821.0, Avg: 1114821.0, Max: 1114821.1, Diff: 0.1]
      [Ext Root Scanning (ms): Min: 4.1, Avg: 4.7, Max: 5.0, Diff: 0.9, Sum: 84.7]
      [Update RS (ms): Min: 3.7, Avg: 4.2, Max: 5.4, Diff: 1.7, Sum: 76.0]
         [Processed Buffers: Min: 11, Avg: 35.6, Max: 61, Diff: 50, Sum: 640]
      [Scan RS (ms): Min: 0.0, Avg: 0.2, Max: 0.3, Diff: 0.3, Sum: 3.4]
      [Code Root Scanning (ms): Min: 0.0, Avg: 0.0, Max: 0.0, Diff: 0.0, Sum: 0.1]
      [Object Copy (ms): Min: 12.7, Avg: 14.0, Max: 14.2, Diff: 1.5, Sum: 251.6]
      [Termination (ms): Min: 0.0, Avg: 0.0, Max: 0.0, Diff: 0.0, Sum: 0.2]
      [GC Worker Other (ms): Min: 0.0, Avg: 0.1, Max: 0.1, Diff: 0.1, Sum: 1.2]
      [GC Worker Total (ms): Min: 23.1, Avg: 23.2, Max: 23.3, Diff: 0.2, Sum: 417.2]
      [GC Worker End (ms): Min: 1114844.2, Avg: 1114844.2, Max: 1114844.3, Diff: 0.1]
   [Code Root Fixup: 0.3 ms]
   [Code Root Migration: 0.1 ms]
   [Clear CT: 1.5 ms]
   [Other: 3.5 ms]
      [Choose CSet: 0.0 ms]
      [Ref Proc: 1.5 ms]
      [Ref Enq: 0.1 ms]
      [Free CSet: 0.7 ms]
   [Eden: 4640.0M(4640.0M)->0.0B(4704.0M) Survivors: 128.0M->96.0M Heap: 9055.7M(10.0G)->4382.1M(10.0G)]
 [Times: user=0.43 sys=0.01, real=0.03 secs] 
1114.850: Total time for which application threads were stopped: 0.0303400 seconds
1119.546: [GC pause (G1 Evacuation Pause) (young)
Desired survivor size 318767104 bytes, new threshold 15 (max 15)
- age   1:   30735296 bytes,   30735296 total
- age   2:    7810784 bytes,   38546080 total
- age   3:    5806216 bytes,   44352296 total
- age   4:    7032024 bytes,   51384320 total
- age   5:    1311720 bytes,   52696040 total
- age   6:    2855144 bytes,   55551184 total
- age   7:    1090160 bytes,   56641344 total
- age   8:    3346584 bytes,   59987928 total
- age   9:    1425256 bytes,   61413184 total
- age  10:    2664456 bytes,   64077640 total
- age  11:      76680 bytes,   64154320 total
- age  12:      98256 bytes,   64252576 total
- age  13:    1765280 bytes,   66017856 total
- age  14:     105232 bytes,   66123088 total
- age  15:      95904 bytes,   66218992 total
, 0.0280940 secs]
   [Parallel Time: 22.7 ms, GC Workers: 18]
      [GC Worker Start (ms): Min: 1119546.8, Avg: 1119546.9, Max: 1119547.0, Diff: 0.2]
      [Ext Root Scanning (ms): Min: 4.6, Avg: 5.4, Max: 5.8, Diff: 1.2, Sum: 96.8]
      [Update RS (ms): Min: 3.2, Avg: 3.9, Max: 4.8, Diff: 1.6, Sum: 69.5]
         [Processed Buffers: Min: 9, Avg: 37.1, Max: 65, Diff: 56, Sum: 668]
      [Scan RS (ms): Min: 0.0, Avg: 0.2, Max: 0.3, Diff: 0.3, Sum: 3.5]
      [Code Root Scanning (ms): Min: 0.0, Avg: 0.0, Max: 0.0, Diff: 0.0, Sum: 0.1]
      [Object Copy (ms): Min: 12.4, Avg: 13.0, Max: 13.4, Diff: 1.0, Sum: 233.3]
      [Termination (ms): Min: 0.0, Avg: 0.0, Max: 0.0, Diff: 0.0, Sum: 0.1]
      [GC Worker Other (ms): Min: 0.0, Avg: 0.1, Max: 0.1, Diff: 0.1, Sum: 1.2]
      [GC Worker Total (ms): Min: 22.4, Avg: 22.5, Max: 22.6, Diff: 0.2, Sum: 404.4]
      [GC Worker End (ms): Min: 1119569.3, Avg: 1119569.4, Max: 1119569.4, Diff: 0.1]
   [Code Root Fixup: 0.2 ms]
   [Code Root Migration: 0.1 ms]
   [Clear CT: 1.6 ms]
   [Other: 3.6 ms]
      [Choose CSet: 0.0 ms]
      [Ref Proc: 1.6 ms]
      [Ref Enq: 0.1 ms]
      [Free CSet: 0.7 ms]
   [Eden: 4704.0M(4704.0M)->0.0B(4640.0M) Survivors: 96.0M->128.0M Heap: 9086.1M(10.0G)->4419.2M(10.0G)]
 [Times: user=0.42 sys=0.00, real=0.03 secs] 
1119.575: Total time for which application threads were stopped: 0.0298930 seconds
1124.298: [GC pause (G1 Evacuation Pause) (young)
Desired survivor size 318767104 bytes, new threshold 15 (max 15)
- age   1:   14643384 bytes,   14643384 total
- age   2:   24151192 bytes,   38794576 total
- age   3:    7128360 bytes,   45922936 total
- age   4:    5658440 bytes,   51581376 total
- age   5:    2830936 bytes,   54412312 total
- age   6:    1265816 bytes,   55678128 total
- age   7:    2837336 bytes,   58515464 total
- age   8:    1081864 bytes,   59597328 total
- age   9:    3342072 bytes,   62939400 total
- age  10:    1421944 bytes,   64361344 total
- age  11:    2658792 bytes,   67020136 total
- age  12:      76656 bytes,   67096792 total
- age  13:      98256 bytes,   67195048 total
- age  14:    1748304 bytes,   68943352 total
- age  15:     104176 bytes,   69047528 total
, 0.0282490 secs]
   [Parallel Time: 22.9 ms, GC Workers: 18]
      [GC Worker Start (ms): Min: 1124298.7, Avg: 1124298.8, Max: 1124298.9, Diff: 0.1]
      [Ext Root Scanning (ms): Min: 4.3, Avg: 4.9, Max: 5.5, Diff: 1.1, Sum: 88.9]
      [Update RS (ms): Min: 3.1, Avg: 3.9, Max: 4.8, Diff: 1.6, Sum: 69.3]
         [Processed Buffers: Min: 15, Avg: 34.5, Max: 56, Diff: 41, Sum: 621]
      [Scan RS (ms): Min: 0.0, Avg: 0.2, Max: 0.3, Diff: 0.3, Sum: 3.2]
      [Code Root Scanning (ms): Min: 0.0, Avg: 0.0, Max: 0.0, Diff: 0.0, Sum: 0.1]
      [Object Copy (ms): Min: 13.0, Avg: 13.7, Max: 14.0, Diff: 1.1, Sum: 246.4]
      [Termination (ms): Min: 0.0, Avg: 0.0, Max: 0.0, Diff: 0.0, Sum: 0.1]
      [GC Worker Other (ms): Min: 0.0, Avg: 0.1, Max: 0.1, Diff: 0.1, Sum: 1.0]
      [GC Worker Total (ms): Min: 22.6, Avg: 22.7, Max: 22.8, Diff: 0.2, Sum: 409.1]
      [GC Worker End (ms): Min: 1124321.5, Avg: 1124321.6, Max: 1124321.6, Diff: 0.1]
   [Code Root Fixup: 0.2 ms]
   [Code Root Migration: 0.1 ms]
   [Clear CT: 1.5 ms]
   [Other: 3.6 ms]
      [Choose CSet: 0.0 ms]
      [Ref Proc: 1.6 ms]
      [Ref Enq: 0.1 ms]
      [Free CSet: 0.7 ms]
   [Eden: 4640.0M(4640.0M)->0.0B(4704.0M) Survivors: 128.0M->96.0M Heap: 9059.2M(10.0G)->4382.9M(10.0G)]
 [Times: user=0.44 sys=0.00, real=0.02 secs] 
1124.327: Total time for which application threads were stopped: 0.0300450 seconds
1124.682: Total time for which application threads were stopped: 0.0010610 seconds
1128.702: Total time for which application threads were stopped: 0.0012660 seconds
1129.163: [GC pause (G1 Evacuation Pause) (young)
Desired survivor size 318767104 bytes, new threshold 15 (max 15)
- age   1:   12510832 bytes,   12510832 total
- age   2:    8229344 bytes,   20740176 total
- age   3:   23492216 bytes,   44232392 total
- age   4:    6985760 bytes,   51218152 total
- age   5:    1490840 bytes,   52708992 total
- age   6:    2803232 bytes,   55512224 total
- age   7:    1250992 bytes,   56763216 total
- age   8:    2829592 bytes,   59592808 total
- age   9:    1076232 bytes,   60669040 total
- age  10:    3340232 bytes,   64009272 total
- age  11:    1419320 bytes,   65428592 total
- age  12:    2652184 bytes,   68080776 total
- age  13:      76584 bytes,   68157360 total
- age  14:      97152 bytes,   68254512 total
- age  15:    1731288 bytes,   69985800 total
, 0.0305270 secs]
   [Parallel Time: 25.1 ms, GC Workers: 18]
      [GC Worker Start (ms): Min: 1129163.7, Avg: 1129163.8, Max: 1129163.8, Diff: 0.2]
      [Ext Root Scanning (ms): Min: 4.1, Avg: 4.9, Max: 5.5, Diff: 1.4, Sum: 87.4]
      [Update RS (ms): Min: 3.1, Avg: 4.0, Max: 5.7, Diff: 2.6, Sum: 72.6]
         [Processed Buffers: Min: 13, Avg: 37.9, Max: 66, Diff: 53, Sum: 682]
      [Scan RS (ms): Min: 0.0, Avg: 0.2, Max: 0.3, Diff: 0.3, Sum: 3.3]
      [Code Root Scanning (ms): Min: 0.0, Avg: 0.0, Max: 0.0, Diff: 0.0, Sum: 0.1]
      [Object Copy (ms): Min: 14.4, Avg: 15.7, Max: 16.1, Diff: 1.7, Sum: 282.8]
      [Termination (ms): Min: 0.0, Avg: 0.0, Max: 0.0, Diff: 0.0, Sum: 0.1]
      [GC Worker Other (ms): Min: 0.0, Avg: 0.1, Max: 0.1, Diff: 0.1, Sum: 1.3]
      [GC Worker Total (ms): Min: 24.8, Avg: 24.9, Max: 25.0, Diff: 0.2, Sum: 447.7]
      [GC Worker End (ms): Min: 1129188.6, Avg: 1129188.6, Max: 1129188.7, Diff: 0.1]
   [Code Root Fixup: 0.2 ms]
   [Code Root Migration: 0.1 ms]
   [Clear CT: 1.5 ms]
   [Other: 3.7 ms]
      [Choose CSet: 0.0 ms]
      [Ref Proc: 1.7 ms]
      [Ref Enq: 0.1 ms]
      [Free CSet: 0.7 ms]
   [Eden: 4704.0M(4704.0M)->0.0B(4640.0M) Survivors: 96.0M->128.0M Heap: 9086.9M(10.0G)->4421.6M(10.0G)]
 [Times: user=0.47 sys=0.01, real=0.03 secs] 
1129.194: Total time for which application threads were stopped: 0.0320780 seconds
1131.196: Total time for which application threads were stopped: 0.0012610 seconds
1134.394: [GC pause (G1 Evacuation Pause) (young)
Desired survivor size 318767104 bytes, new threshold 15 (max 15)
- age   1:   13147152 bytes,   13147152 total
- age   2:    6067848 bytes,   19215000 total
- age   3:    7574768 bytes,   26789768 total
- age   4:   23340832 bytes,   50130600 total
- age   5:    2806232 bytes,   52936832 total
- age   6:    1442528 bytes,   54379360 total
- age   7:    2776168 bytes,   57155528 total
- age   8:    1246968 bytes,   58402496 total
- age   9:    2821488 bytes,   61223984 total
- age  10:    1072384 bytes,   62296368 total
- age  11:    3338032 bytes,   65634400 total
- age  12:    1410976 bytes,   67045376 total
- age  13:    2200784 bytes,   69246160 total
- age  14:      76536 bytes,   69322696 total
- age  15:      96560 bytes,   69419256 total
, 0.0336870 secs]
   [Parallel Time: 28.3 ms, GC Workers: 18]
      [GC Worker Start (ms): Min: 1134394.8, Avg: 1134394.8, Max: 1134394.9, Diff: 0.1]
      [Ext Root Scanning (ms): Min: 3.9, Avg: 4.8, Max: 5.1, Diff: 1.2, Sum: 86.4]
      [Update RS (ms): Min: 4.0, Avg: 5.0, Max: 6.4, Diff: 2.3, Sum: 90.4]
         [Processed Buffers: Min: 12, Avg: 35.3, Max: 82, Diff: 70, Sum: 636]
      [Scan RS (ms): Min: 0.0, Avg: 0.1, Max: 0.4, Diff: 0.4, Sum: 1.6]
      [Code Root Scanning (ms): Min: 0.0, Avg: 0.0, Max: 0.0, Diff: 0.0, Sum: 0.0]
      [Object Copy (ms): Min: 15.9, Avg: 16.7, Max: 18.7, Diff: 2.8, Sum: 299.7]
      [Termination (ms): Min: 0.0, Avg: 1.5, Max: 1.9, Diff: 1.9, Sum: 27.4]
      [GC Worker Other (ms): Min: 0.0, Avg: 0.0, Max: 0.1, Diff: 0.1, Sum: 0.8]
      [GC Worker Total (ms): Min: 28.1, Avg: 28.1, Max: 28.2, Diff: 0.2, Sum: 506.5]
      [GC Worker End (ms): Min: 1134422.9, Avg: 1134423.0, Max: 1134423.0, Diff: 0.1]
   [Code Root Fixup: 0.3 ms]
   [Code Root Migration: 0.1 ms]
   [Clear CT: 1.4 ms]
   [Other: 3.7 ms]
      [Choose CSet: 0.0 ms]
      [Ref Proc: 1.6 ms]
      [Ref Enq: 0.1 ms]
      [Free CSet: 0.7 ms]
   [Eden: 4640.0M(4640.0M)->0.0B(4704.0M) Survivors: 128.0M->96.0M Heap: 9061.6M(10.0G)->4391.6M(10.0G)]
 [Times: user=0.49 sys=0.01, real=0.03 secs] 
1134.428: Total time for which application threads were stopped: 0.0353760 seconds
1134.459: Total time for which application threads were stopped: 0.0010310 seconds
1134.469: Total time for which application threads were stopped: 0.0006360 seconds
1139.571: [GC pause (G1 Evacuation Pause) (young)
Desired survivor size 318767104 bytes, new threshold 15 (max 15)
- age   1:   12247520 bytes,   12247520 total
- age   2:    8179904 bytes,   20427424 total
- age   3:    5438248 bytes,   25865672 total
- age   4:    7347456 bytes,   33213128 total
- age   5:   19184600 bytes,   52397728 total
- age   6:    2772768 bytes,   55170496 total
- age   7:    1422240 bytes,   56592736 total
- age   8:    2769128 bytes,   59361864 total
- age   9:    1238264 bytes,   60600128 total
- age  10:    2816864 bytes,   63416992 total
- age  11:    1069544 bytes,   64486536 total
- age  12:    3321768 bytes,   67808304 total
- age  13:    1394520 bytes,   69202824 total
- age  14:    2191544 bytes,   71394368 total
- age  15:      76488 bytes,   71470856 total
, 0.0302580 secs]
   [Parallel Time: 24.9 ms, GC Workers: 18]
      [GC Worker Start (ms): Min: 1139571.7, Avg: 1139571.8, Max: 1139571.9, Diff: 0.1]
      [Ext Root Scanning (ms): Min: 4.4, Avg: 5.0, Max: 7.5, Diff: 3.1, Sum: 89.4]
      [Update RS (ms): Min: 1.9, Avg: 3.9, Max: 5.2, Diff: 3.3, Sum: 70.9]
         [Processed Buffers: Min: 6, Avg: 36.9, Max: 68, Diff: 62, Sum: 665]
      [Scan RS (ms): Min: 0.0, Avg: 0.2, Max: 0.3, Diff: 0.3, Sum: 4.3]
      [Code Root Scanning (ms): Min: 0.0, Avg: 0.0, Max: 0.0, Diff: 0.0, Sum: 0.1]
      [Object Copy (ms): Min: 14.6, Avg: 15.5, Max: 15.9, Diff: 1.3, Sum: 278.8]
      [Termination (ms): Min: 0.0, Avg: 0.0, Max: 0.0, Diff: 0.0, Sum: 0.2]
      [GC Worker Other (ms): Min: 0.0, Avg: 0.0, Max: 0.1, Diff: 0.1, Sum: 0.9]
      [GC Worker Total (ms): Min: 24.6, Avg: 24.7, Max: 24.8, Diff: 0.2, Sum: 444.5]
      [GC Worker End (ms): Min: 1139596.5, Avg: 1139596.5, Max: 1139596.5, Diff: 0.1]
   [Code Root Fixup: 0.3 ms]
   [Code Root Migration: 0.1 ms]
   [Clear CT: 1.6 ms]
   [Other: 3.5 ms]
      [Choose CSet: 0.0 ms]
      [Ref Proc: 1.5 ms]
      [Ref Enq: 0.1 ms]
      [Free CSet: 0.7 ms]
   [Eden: 4704.0M(4704.0M)->0.0B(4640.0M) Survivors: 96.0M->128.0M Heap: 9095.6M(10.0G)->4416.0M(10.0G)]
 [Times: user=0.46 sys=0.01, real=0.03 secs] 
1139.602: Total time for which application threads were stopped: 0.0319820 seconds
1144.454: [GC pause (G1 Evacuation Pause) (young)
Desired survivor size 318767104 bytes, new threshold 15 (max 15)
- age   1:   13413448 bytes,   13413448 total
- age   2:    6089424 bytes,   19502872 total
- age   3:    7490984 bytes,   26993856 total
- age   4:    5295152 bytes,   32289008 total
- age   5:    3170528 bytes,   35459536 total
- age   6:   19140456 bytes,   54599992 total
- age   7:    2664176 bytes,   57264168 total
- age   8:    1415128 bytes,   58679296 total
- age   9:    2756024 bytes,   61435320 total
- age  10:    1228536 bytes,   62663856 total
- age  11:    2810104 bytes,   65473960 total
- age  12:    1055920 bytes,   66529880 total
- age  13:    2877824 bytes,   69407704 total
- age  14:    1390056 bytes,   70797760 total
- age  15:    2190304 bytes,   72988064 total
, 0.0382470 secs]
   [Parallel Time: 32.3 ms, GC Workers: 18]
      [GC Worker Start (ms): Min: 1144454.7, Avg: 1144454.7, Max: 1144454.8, Diff: 0.1]
      [Ext Root Scanning (ms): Min: 3.8, Avg: 4.5, Max: 4.8, Diff: 1.1, Sum: 81.3]
      [Update RS (ms): Min: 3.2, Avg: 3.8, Max: 4.8, Diff: 1.6, Sum: 67.8]
         [Processed Buffers: Min: 13, Avg: 34.1, Max: 80, Diff: 67, Sum: 613]
      [Scan RS (ms): Min: 0.0, Avg: 0.2, Max: 0.3, Diff: 0.3, Sum: 3.3]
      [Code Root Scanning (ms): Min: 0.0, Avg: 0.0, Max: 0.0, Diff: 0.0, Sum: 0.1]
      [Object Copy (ms): Min: 22.8, Avg: 23.5, Max: 23.9, Diff: 1.0, Sum: 423.3]
      [Termination (ms): Min: 0.0, Avg: 0.2, Max: 0.2, Diff: 0.2, Sum: 3.0]
      [GC Worker Other (ms): Min: 0.0, Avg: 0.1, Max: 0.1, Diff: 0.1, Sum: 1.0]
      [GC Worker Total (ms): Min: 32.1, Avg: 32.2, Max: 32.3, Diff: 0.2, Sum: 579.8]
      [GC Worker End (ms): Min: 1144486.9, Avg: 1144487.0, Max: 1144487.0, Diff: 0.1]
   [Code Root Fixup: 0.3 ms]
   [Code Root Migration: 0.1 ms]
   [Clear CT: 1.7 ms]
   [Other: 3.9 ms]
      [Choose CSet: 0.0 ms]
      [Ref Proc: 1.7 ms]
      [Ref Enq: 0.1 ms]
      [Free CSet: 0.7 ms]
   [Eden: 4640.0M(4640.0M)->0.0B(4640.0M) Survivors: 128.0M->128.0M Heap: 9056.0M(10.0G)->4418.5M(10.0G)]
 [Times: user=0.61 sys=0.01, real=0.04 secs] 
1144.493: Total time for which application threads were stopped: 0.0399570 seconds
1144.602: Total time for which application threads were stopped: 0.0010630 seconds
1146.604: Total time for which application threads were stopped: 0.0020760 seconds
1149.274: [GC pause (G1 Evacuation Pause) (young)
Desired survivor size 318767104 bytes, new threshold 15 (max 15)
- age   1:   34405376 bytes,   34405376 total
- age   2:    8207912 bytes,   42613288 total
- age   3:    5482048 bytes,   48095336 total
- age   4:    7356016 bytes,   55451352 total
- age   5:    1127392 bytes,   56578744 total
- age   6:    3130984 bytes,   59709728 total
- age   7:   19128848 bytes,   78838576 total
- age   8:    2659488 bytes,   81498064 total
- age   9:    1407448 bytes,   82905512 total
- age  10:    2750368 bytes,   85655880 total
- age  11:    1221096 bytes,   86876976 total
- age  12:    2801792 bytes,   89678768 total
- age  13:    1040576 bytes,   90719344 total
- age  14:    2874800 bytes,   93594144 total
- age  15:    1387008 bytes,   94981152 total
, 0.0308880 secs]
   [Parallel Time: 25.4 ms, GC Workers: 18]
      [GC Worker Start (ms): Min: 1149274.2, Avg: 1149274.3, Max: 1149274.3, Diff: 0.1]
      [Ext Root Scanning (ms): Min: 3.6, Avg: 4.7, Max: 5.1, Diff: 1.4, Sum: 84.9]
      [Update RS (ms): Min: 3.5, Avg: 4.1, Max: 5.4, Diff: 1.8, Sum: 74.2]
         [Processed Buffers: Min: 17, Avg: 38.1, Max: 61, Diff: 44, Sum: 686]
      [Scan RS (ms): Min: 0.0, Avg: 0.2, Max: 0.3, Diff: 0.3, Sum: 3.5]
      [Code Root Scanning (ms): Min: 0.0, Avg: 0.0, Max: 0.0, Diff: 0.0, Sum: 0.1]
      [Object Copy (ms): Min: 14.9, Avg: 16.0, Max: 16.3, Diff: 1.3, Sum: 288.7]
      [Termination (ms): Min: 0.0, Avg: 0.2, Max: 0.2, Diff: 0.2, Sum: 2.9]
      [GC Worker Other (ms): Min: 0.0, Avg: 0.0, Max: 0.1, Diff: 0.0, Sum: 0.7]
      [GC Worker Total (ms): Min: 25.2, Avg: 25.3, Max: 25.4, Diff: 0.2, Sum: 454.9]
      [GC Worker End (ms): Min: 1149299.5, Avg: 1149299.5, Max: 1149299.6, Diff: 0.1]
   [Code Root Fixup: 0.2 ms]
   [Code Root Migration: 0.1 ms]
   [Clear CT: 1.7 ms]
   [Other: 3.5 ms]
      [Choose CSet: 0.0 ms]
      [Ref Proc: 1.5 ms]
      [Ref Enq: 0.1 ms]
      [Free CSet: 0.7 ms]
   [Eden: 4640.0M(4640.0M)->0.0B(4640.0M) Survivors: 128.0M->128.0M Heap: 9058.5M(10.0G)->4428.0M(10.0G)]
 [Times: user=0.48 sys=0.00, real=0.03 secs] 
1149.305: Total time for which application threads were stopped: 0.0326750 seconds
1152.306: Total time for which application threads were stopped: 0.0013200 seconds
1154.525: [GC pause (G1 Evacuation Pause) (young)
Desired survivor size 318767104 bytes, new threshold 15 (max 15)
- age   1:   29641120 bytes,   29641120 total
- age   2:    6347632 bytes,   35988752 total
- age   3:    7553696 bytes,   43542448 total
- age   4:    5333648 bytes,   48876096 total
- age   5:    3180728 bytes,   52056824 total
- age   6:    1086104 bytes,   53142928 total
- age   7:    3118504 bytes,   56261432 total
- age   8:    1378000 bytes,   57639432 total
- age   9:    2652856 bytes,   60292288 total
- age  10:    1404000 bytes,   61696288 total
- age  11:    2747160 bytes,   64443448 total
- age  12:    1212608 bytes,   65656056 total
- age  13:    2359088 bytes,   68015144 total
- age  14:    1035520 bytes,   69050664 total
- age  15:    2873040 bytes,   71923704 total
, 0.0294510 secs]
   [Parallel Time: 23.9 ms, GC Workers: 18]
      [GC Worker Start (ms): Min: 1154525.2, Avg: 1154525.3, Max: 1154525.3, Diff: 0.1]
      [Ext Root Scanning (ms): Min: 4.2, Avg: 4.8, Max: 5.2, Diff: 1.0, Sum: 85.6]
      [Update RS (ms): Min: 3.1, Avg: 3.8, Max: 4.8, Diff: 1.7, Sum: 68.7]
         [Processed Buffers: Min: 14, Avg: 34.8, Max: 54, Diff: 40, Sum: 627]
      [Scan RS (ms): Min: 0.0, Avg: 0.2, Max: 0.3, Diff: 0.3, Sum: 3.3]
      [Code Root Scanning (ms): Min: 0.0, Avg: 0.0, Max: 0.0, Diff: 0.0, Sum: 0.1]
      [Object Copy (ms): Min: 14.4, Avg: 14.9, Max: 15.3, Diff: 0.9, Sum: 268.1]
      [Termination (ms): Min: 0.0, Avg: 0.0, Max: 0.0, Diff: 0.0, Sum: 0.2]
      [GC Worker Other (ms): Min: 0.0, Avg: 0.1, Max: 0.1, Diff: 0.1, Sum: 1.1]
      [GC Worker Total (ms): Min: 23.6, Avg: 23.7, Max: 23.8, Diff: 0.2, Sum: 427.1]
      [GC Worker End (ms): Min: 1154549.0, Avg: 1154549.0, Max: 1154549.0, Diff: 0.1]
   [Code Root Fixup: 0.3 ms]
   [Code Root Migration: 0.1 ms]
   [Clear CT: 1.5 ms]
   [Other: 3.7 ms]
      [Choose CSet: 0.0 ms]
      [Ref Proc: 1.5 ms]
      [Ref Enq: 0.1 ms]
      [Free CSet: 0.8 ms]
   [Eden: 4640.0M(4640.0M)->0.0B(4688.0M) Survivors: 128.0M->96.0M Heap: 9068.0M(10.0G)->4402.4M(10.0G)]
 [Times: user=0.46 sys=0.01, real=0.03 secs] 
1154.554: Total time for which application threads were stopped: 0.0310330 seconds
1154.644: Total time for which application threads were stopped: 0.0009230 seconds
1159.926: [GC pause (G1 Evacuation Pause) (young)
Desired survivor size 318767104 bytes, new threshold 15 (max 15)
- age   1:   11839760 bytes,   11839760 total
- age   2:   25349984 bytes,   37189744 total
- age   3:    5724848 bytes,   42914592 total
- age   4:    7298912 bytes,   50213504 total
- age   5:    1175656 bytes,   51389160 total
- age   6:    3144760 bytes,   54533920 total
- age   7:    1073808 bytes,   55607728 total
- age   8:    3113024 bytes,   58720752 total
- age   9:    1373200 bytes,   60093952 total
- age  10:    2647536 bytes,   62741488 total
- age  11:    1400544 bytes,   64142032 total
- age  12:    2734312 bytes,   66876344 total
- age  13:    1197480 bytes,   68073824 total
- age  14:    2358184 bytes,   70432008 total
- age  15:    1034248 bytes,   71466256 total
, 0.0307130 secs]
   [Parallel Time: 25.1 ms, GC Workers: 18]
      [GC Worker Start (ms): Min: 1159926.3, Avg: 1159926.4, Max: 1159926.4, Diff: 0.1]
      [Ext Root Scanning (ms): Min: 4.2, Avg: 4.9, Max: 5.3, Diff: 1.1, Sum: 87.8]
      [Update RS (ms): Min: 3.4, Avg: 4.0, Max: 5.3, Diff: 1.9, Sum: 71.8]
         [Processed Buffers: Min: 10, Avg: 37.8, Max: 68, Diff: 58, Sum: 681]
      [Scan RS (ms): Min: 0.0, Avg: 0.2, Max: 0.3, Diff: 0.3, Sum: 2.8]
      [Code Root Scanning (ms): Min: 0.0, Avg: 0.0, Max: 0.0, Diff: 0.0, Sum: 0.1]
      [Object Copy (ms): Min: 15.4, Avg: 15.8, Max: 16.0, Diff: 0.6, Sum: 285.2]
      [Termination (ms): Min: 0.0, Avg: 0.0, Max: 0.0, Diff: 0.0, Sum: 0.1]
      [GC Worker Other (ms): Min: 0.0, Avg: 0.1, Max: 0.1, Diff: 0.1, Sum: 1.1]
      [GC Worker Total (ms): Min: 24.9, Avg: 24.9, Max: 25.0, Diff: 0.2, Sum: 448.9]
      [GC Worker End (ms): Min: 1159951.3, Avg: 1159951.3, Max: 1159951.3, Diff: 0.1]
   [Code Root Fixup: 0.2 ms]
   [Code Root Migration: 0.1 ms]
   [Clear CT: 1.4 ms]
   [Other: 3.9 ms]
      [Choose CSet: 0.0 ms]
      [Ref Proc: 1.7 ms]
      [Ref Enq: 0.1 ms]
      [Free CSet: 0.8 ms]
   [Eden: 4688.0M(4688.0M)->0.0B(4624.0M) Survivors: 96.0M->128.0M Heap: 9090.4M(10.0G)->4428.1M(10.0G)]
 [Times: user=0.46 sys=0.01, real=0.03 secs] 
1159.957: Total time for which application threads were stopped: 0.0323390 seconds
1163.500: Total time for which application threads were stopped: 0.0081750 seconds
1164.427: Total time for which application threads were stopped: 0.0013380 seconds
1164.439: Total time for which application threads were stopped: 0.0010100 seconds
1164.493: Total time for which application threads were stopped: 0.0009130 seconds
1164.493: [GC pause (GCLocker Initiated GC) (young)
Desired survivor size 318767104 bytes, new threshold 15 (max 15)
- age   1:   13714736 bytes,   13714736 total
- age   2:    6174296 bytes,   19889032 total
- age   3:   24798416 bytes,   44687448 total
- age   4:    5597576 bytes,   50285024 total
- age   5:    3121912 bytes,   53406936 total
- age   6:    1152632 bytes,   54559568 total
- age   7:    3124920 bytes,   57684488 total
- age   8:    1066936 bytes,   58751424 total
- age   9:    3104856 bytes,   61856280 total
- age  10:    1370768 bytes,   63227048 total
- age  11:    2632112 bytes,   65859160 total
- age  12:    1373776 bytes,   67232936 total
- age  13:    2270936 bytes,   69503872 total
- age  14:    1195136 bytes,   70699008 total
- age  15:    2354728 bytes,   73053736 total
, 0.0307490 secs]
   [Parallel Time: 25.3 ms, GC Workers: 18]
      [GC Worker Start (ms): Min: 1164493.9, Avg: 1164494.0, Max: 1164494.0, Diff: 0.2]
      [Ext Root Scanning (ms): Min: 4.4, Avg: 4.7, Max: 5.2, Diff: 0.9, Sum: 84.2]
      [Update RS (ms): Min: 3.0, Avg: 3.9, Max: 5.7, Diff: 2.7, Sum: 70.2]
         [Processed Buffers: Min: 12, Avg: 34.1, Max: 64, Diff: 52, Sum: 614]
      [Scan RS (ms): Min: 0.0, Avg: 0.2, Max: 0.3, Diff: 0.3, Sum: 3.2]
      [Code Root Scanning (ms): Min: 0.0, Avg: 0.0, Max: 0.0, Diff: 0.0, Sum: 0.1]
      [Object Copy (ms): Min: 15.0, Avg: 16.3, Max: 16.9, Diff: 1.9, Sum: 293.9]
      [Termination (ms): Min: 0.0, Avg: 0.0, Max: 0.0, Diff: 0.0, Sum: 0.0]
      [GC Worker Other (ms): Min: 0.0, Avg: 0.1, Max: 0.1, Diff: 0.1, Sum: 1.0]
      [GC Worker Total (ms): Min: 25.1, Avg: 25.1, Max: 25.3, Diff: 0.2, Sum: 452.7]
      [GC Worker End (ms): Min: 1164519.1, Avg: 1164519.1, Max: 1164519.1, Diff: 0.1]
   [Code Root Fixup: 0.3 ms]
   [Code Root Migration: 0.1 ms]
   [Clear CT: 1.4 ms]
   [Other: 3.7 ms]
      [Choose CSet: 0.0 ms]
      [Ref Proc: 1.6 ms]
      [Ref Enq: 0.1 ms]
      [Free CSet: 0.8 ms]
   [Eden: 4640.0M(4624.0M)->0.0B(4688.0M) Survivors: 128.0M->96.0M Heap: 9052.5M(10.0G)->4403.4M(10.0G)]
 [Times: user=0.50 sys=0.01, real=0.04 secs] 
1164.525: Total time for which application threads were stopped: 0.0315310 seconds
1166.526: Total time for which application threads were stopped: 0.0011780 seconds
1168.331: Total time for which application threads were stopped: 0.0024970 seconds
1168.332: [GC pause (GCLocker Initiated GC) (young)
Desired survivor size 318767104 bytes, new threshold 15 (max 15)
- age   1:   12888832 bytes,   12888832 total
- age   2:    7808384 bytes,   20697216 total
- age   3:    5536512 bytes,   26233728 total
- age   4:   24653464 bytes,   50887192 total
- age   5:    1435216 bytes,   52322408 total
- age   6:    3097928 bytes,   55420336 total
- age   7:    1143960 bytes,   56564296 total
- age   8:    3120016 bytes,   59684312 total
- age   9:    1061144 bytes,   60745456 total
- age  10:    3098592 bytes,   63844048 total
- age  11:    1369072 bytes,   65213120 total
- age  12:    2620696 bytes,   67833816 total
- age  13:    1362488 bytes,   69196304 total
- age  14:    2268816 bytes,   71465120 total
- age  15:    1192848 bytes,   72657968 total
, 0.0594820 secs]
   [Parallel Time: 53.9 ms, GC Workers: 18]
      [GC Worker Start (ms): Min: 1168332.8, Avg: 1168332.9, Max: 1168333.0, Diff: 0.1]
      [Ext Root Scanning (ms): Min: 4.1, Avg: 4.8, Max: 5.3, Diff: 1.2, Sum: 87.1]
      [Update RS (ms): Min: 3.2, Avg: 3.8, Max: 5.6, Diff: 2.4, Sum: 69.0]
         [Processed Buffers: Min: 13, Avg: 36.9, Max: 68, Diff: 55, Sum: 665]
      [Scan RS (ms): Min: 0.0, Avg: 0.2, Max: 0.3, Diff: 0.3, Sum: 3.3]
      [Code Root Scanning (ms): Min: 0.0, Avg: 0.0, Max: 0.0, Diff: 0.0, Sum: 0.1]
      [Object Copy (ms): Min: 43.4, Avg: 44.8, Max: 45.3, Diff: 1.8, Sum: 806.3]
      [Termination (ms): Min: 0.0, Avg: 0.0, Max: 0.0, Diff: 0.0, Sum: 0.4]
      [GC Worker Other (ms): Min: 0.0, Avg: 0.1, Max: 0.1, Diff: 0.1, Sum: 1.5]
      [GC Worker Total (ms): Min: 53.7, Avg: 53.8, Max: 53.9, Diff: 0.2, Sum: 967.6]
      [GC Worker End (ms): Min: 1168386.6, Avg: 1168386.6, Max: 1168386.7, Diff: 0.1]
   [Code Root Fixup: 0.3 ms]
   [Code Root Migration: 0.1 ms]
   [Clear CT: 1.4 ms]
   [Other: 3.8 ms]
      [Choose CSet: 0.0 ms]
      [Ref Proc: 1.6 ms]
      [Ref Enq: 0.1 ms]
      [Free CSet: 0.8 ms]
   [Eden: 4704.0M(4688.0M)->0.0B(4464.0M) Survivors: 96.0M->208.0M Heap: 9092.0M(10.0G)->4514.5M(10.0G)]
 [Times: user=0.98 sys=0.00, real=0.06 secs] 
1168.392: Total time for which application threads were stopped: 0.0603340 seconds
1172.512: [GC pause (G1 Evacuation Pause) (young)
Desired survivor size 310378496 bytes, new threshold 15 (max 15)
- age   1:   89552592 bytes,   89552592 total
- age   2:    6675736 bytes,   96228328 total
- age   3:    7121336 bytes,  103349664 total
- age   4:    5329976 bytes,  108679640 total
- age   5:   20429480 bytes,  129109120 total
- age   6:    1403128 bytes,  130512248 total
- age   7:    3090440 bytes,  133602688 total
- age   8:    1139288 bytes,  134741976 total
- age   9:    3112440 bytes,  137854416 total
- age  10:    1056640 bytes,  138911056 total
- age  11:    3095024 bytes,  142006080 total
- age  12:    1359216 bytes,  143365296 total
- age  13:    2453496 bytes,  145818792 total
- age  14:    1358320 bytes,  147177112 total
- age  15:    2268040 bytes,  149445152 total
, 0.0532590 secs]
   [Parallel Time: 47.6 ms, GC Workers: 18]
      [GC Worker Start (ms): Min: 1172512.4, Avg: 1172512.5, Max: 1172512.5, Diff: 0.1]
      [Ext Root Scanning (ms): Min: 3.8, Avg: 4.7, Max: 5.1, Diff: 1.3, Sum: 84.6]
      [Update RS (ms): Min: 3.1, Avg: 3.7, Max: 4.6, Diff: 1.5, Sum: 66.7]
         [Processed Buffers: Min: 7, Avg: 33.8, Max: 80, Diff: 73, Sum: 608]
      [Scan RS (ms): Min: 0.0, Avg: 0.2, Max: 0.3, Diff: 0.3, Sum: 3.2]
      [Code Root Scanning (ms): Min: 0.0, Avg: 0.0, Max: 0.0, Diff: 0.0, Sum: 0.1]
      [Object Copy (ms): Min: 38.0, Avg: 38.8, Max: 39.2, Diff: 1.1, Sum: 698.4]
      [Termination (ms): Min: 0.0, Avg: 0.0, Max: 0.0, Diff: 0.0, Sum: 0.1]
      [GC Worker Other (ms): Min: 0.0, Avg: 0.1, Max: 0.1, Diff: 0.1, Sum: 1.1]
      [GC Worker Total (ms): Min: 47.4, Avg: 47.5, Max: 47.5, Diff: 0.2, Sum: 854.2]
      [GC Worker End (ms): Min: 1172559.9, Avg: 1172559.9, Max: 1172559.9, Diff: 0.1]
   [Code Root Fixup: 0.2 ms]
   [Code Root Migration: 0.1 ms]
   [Clear CT: 1.6 ms]
   [Other: 3.8 ms]
      [Choose CSet: 0.0 ms]
      [Ref Proc: 1.6 ms]
      [Ref Enq: 0.1 ms]
      [Free CSet: 0.8 ms]
   [Eden: 4464.0M(4464.0M)->0.0B(4304.0M) Survivors: 208.0M->288.0M Heap: 8978.5M(10.0G)->4599.0M(10.0G)]
 [Times: user=0.88 sys=0.00, real=0.06 secs] 
1172.566: Total time for which application threads were stopped: 0.0548790 seconds
1174.633: Total time for which application threads were stopped: 0.0012160 seconds
1177.005: [GC pause (G1 Evacuation Pause) (young)
Desired survivor size 301989888 bytes, new threshold 15 (max 15)
- age   1:   44532184 bytes,   44532184 total
- age   2:   46343400 bytes,   90875584 total
- age   3:    6125952 bytes,   97001536 total
- age   4:    6837240 bytes,  103838776 total
- age   5:    3215024 bytes,  107053800 total
- age   6:   20391120 bytes,  127444920 total
- age   7:    1385712 bytes,  128830632 total
- age   8:    2988256 bytes,  131818888 total
- age   9:    1136552 bytes,  132955440 total
- age  10:    3109664 bytes,  136065104 total
- age  11:    1048512 bytes,  137113616 total
- age  12:    3089304 bytes,  140202920 total
- age  13:    1347792 bytes,  141550712 total
- age  14:    2123000 bytes,  143673712 total
- age  15:    1355704 bytes,  145029416 total
, 0.0500260 secs]
   [Parallel Time: 44.3 ms, GC Workers: 18]
      [GC Worker Start (ms): Min: 1177005.4, Avg: 1177005.4, Max: 1177005.5, Diff: 0.1]
      [Ext Root Scanning (ms): Min: 4.5, Avg: 5.1, Max: 5.5, Diff: 1.0, Sum: 91.8]
      [Update RS (ms): Min: 3.1, Avg: 3.8, Max: 5.5, Diff: 2.4, Sum: 69.1]
         [Processed Buffers: Min: 9, Avg: 35.3, Max: 66, Diff: 57, Sum: 635]
      [Scan RS (ms): Min: 0.0, Avg: 0.2, Max: 0.3, Diff: 0.3, Sum: 3.2]
      [Code Root Scanning (ms): Min: 0.0, Avg: 0.0, Max: 0.0, Diff: 0.0, Sum: 0.1]
      [Object Copy (ms): Min: 32.9, Avg: 34.9, Max: 35.3, Diff: 2.3, Sum: 627.8]
      [Termination (ms): Min: 0.0, Avg: 0.0, Max: 0.0, Diff: 0.0, Sum: 0.1]
      [GC Worker Other (ms): Min: 0.0, Avg: 0.1, Max: 0.1, Diff: 0.1, Sum: 1.3]
      [GC Worker Total (ms): Min: 44.0, Avg: 44.1, Max: 44.2, Diff: 0.2, Sum: 793.4]
      [GC Worker End (ms): Min: 1177049.5, Avg: 1177049.5, Max: 1177049.6, Diff: 0.1]
   [Code Root Fixup: 0.3 ms]
   [Code Root Migration: 0.1 ms]
   [Clear CT: 1.6 ms]
   [Other: 3.9 ms]
      [Choose CSet: 0.0 ms]
      [Ref Proc: 1.7 ms]
      [Ref Enq: 0.1 ms]
      [Free CSet: 0.8 ms]
   [Eden: 4304.0M(4304.0M)->0.0B(4336.0M) Survivors: 288.0M->272.0M Heap: 8903.0M(10.0G)->4586.8M(10.0G)]
 [Times: user=0.82 sys=0.01, real=0.05 secs] 
1177.055: Total time for which application threads were stopped: 0.0515880 seconds
1181.375: [GC pause (G1 Evacuation Pause) (young)
Desired survivor size 301989888 bytes, new threshold 15 (max 15)
- age   1:   30564176 bytes,   30564176 total
- age   2:   39002368 bytes,   69566544 total
- age   3:   45848424 bytes,  115414968 total
- age   4:    5590416 bytes,  121005384 total
- age   5:    4714552 bytes,  125719936 total
- age   6:    1130008 bytes,  126849944 total
- age   7:    4264224 bytes,  131114168 total
- age   8:    1040408 bytes,  132154576 total
- age   9:    2981320 bytes,  135135896 total
- age  10:    1132848 bytes,  136268744 total
- age  11:    3105536 bytes,  139374280 total
- age  12:    1043376 bytes,  140417656 total
- age  13:    3066832 bytes,  143484488 total
- age  14:    1344160 bytes,  144828648 total
- age  15:    2122368 bytes,  146951016 total
, 0.0490620 secs]
   [Parallel Time: 43.5 ms, GC Workers: 18]
      [GC Worker Start (ms): Min: 1181375.9, Avg: 1181376.0, Max: 1181376.1, Diff: 0.1]
      [Ext Root Scanning (ms): Min: 4.3, Avg: 4.8, Max: 5.2, Diff: 0.9, Sum: 86.2]
      [Update RS (ms): Min: 2.6, Avg: 3.7, Max: 4.5, Diff: 1.8, Sum: 65.8]
         [Processed Buffers: Min: 7, Avg: 36.2, Max: 62, Diff: 55, Sum: 652]
      [Scan RS (ms): Min: 0.0, Avg: 0.2, Max: 0.3, Diff: 0.3, Sum: 3.1]
      [Code Root Scanning (ms): Min: 0.0, Avg: 0.0, Max: 0.0, Diff: 0.0, Sum: 0.1]
      [Object Copy (ms): Min: 34.0, Avg: 34.6, Max: 35.1, Diff: 1.1, Sum: 623.2]
      [Termination (ms): Min: 0.0, Avg: 0.0, Max: 0.0, Diff: 0.0, Sum: 0.1]
      [GC Worker Other (ms): Min: 0.0, Avg: 0.1, Max: 0.1, Diff: 0.1, Sum: 1.3]
      [GC Worker Total (ms): Min: 43.2, Avg: 43.3, Max: 43.4, Diff: 0.2, Sum: 779.7]
      [GC Worker End (ms): Min: 1181419.3, Avg: 1181419.3, Max: 1181419.3, Diff: 0.1]
   [Code Root Fixup: 0.3 ms]
   [Code Root Migration: 0.1 ms]
   [Clear CT: 1.4 ms]
   [Other: 3.8 ms]
      [Choose CSet: 0.0 ms]
      [Ref Proc: 1.6 ms]
      [Ref Enq: 0.1 ms]
      [Free CSet: 0.8 ms]
   [Eden: 4336.0M(4336.0M)->0.0B(4336.0M) Survivors: 272.0M->272.0M Heap: 8922.8M(10.0G)->4579.8M(10.0G)]
 [Times: user=0.80 sys=0.01, real=0.05 secs] 
1181.425: Total time for which application threads were stopped: 0.0506310 seconds
1183.285: Total time for which application threads were stopped: 0.0020520 seconds
1183.285: Total time for which application threads were stopped: 0.0003760 seconds
1184.433: Total time for which application threads were stopped: 0.0012110 seconds
1185.375: [GC pause (G1 Evacuation Pause) (young)
Desired survivor size 301989888 bytes, new threshold 15 (max 15)
- age   1:   12781752 bytes,   12781752 total
- age   2:   23879688 bytes,   36661440 total
- age   3:   38450744 bytes,   75112184 total
- age   4:   45521088 bytes,  120633272 total
- age   5:    3466192 bytes,  124099464 total
- age   6:    2594840 bytes,  126694304 total
- age   7:    1115720 bytes,  127810024 total
- age   8:    2959472 bytes,  130769496 total
- age   9:    1035072 bytes,  131804568 total
- age  10:    2976992 bytes,  134781560 total
- age  11:    1129192 bytes,  135910752 total
- age  12:    3103072 bytes,  139013824 total
- age  13:    1024360 bytes,  140038184 total
- age  14:    2555352 bytes,  142593536 total
- age  15:    1342632 bytes,  143936168 total
, 0.0504870 secs]
   [Parallel Time: 44.9 ms, GC Workers: 18]
      [GC Worker Start (ms): Min: 1185375.1, Avg: 1185375.2, Max: 1185375.3, Diff: 0.1]
      [Ext Root Scanning (ms): Min: 4.1, Avg: 4.7, Max: 5.1, Diff: 1.1, Sum: 84.0]
      [Update RS (ms): Min: 2.8, Avg: 3.6, Max: 4.4, Diff: 1.6, Sum: 64.1]
         [Processed Buffers: Min: 9, Avg: 33.9, Max: 55, Diff: 46, Sum: 611]
      [Scan RS (ms): Min: 0.0, Avg: 0.2, Max: 0.3, Diff: 0.3, Sum: 3.0]
      [Code Root Scanning (ms): Min: 0.0, Avg: 0.0, Max: 0.0, Diff: 0.0, Sum: 0.1]
      [Object Copy (ms): Min: 35.4, Avg: 36.3, Max: 36.5, Diff: 1.1, Sum: 653.1]
      [Termination (ms): Min: 0.0, Avg: 0.0, Max: 0.0, Diff: 0.0, Sum: 0.1]
      [GC Worker Other (ms): Min: 0.0, Avg: 0.1, Max: 0.1, Diff: 0.1, Sum: 1.3]
      [GC Worker Total (ms): Min: 44.7, Avg: 44.8, Max: 44.9, Diff: 0.2, Sum: 805.7]
      [GC Worker End (ms): Min: 1185419.9, Avg: 1185420.0, Max: 1185420.0, Diff: 0.1]
   [Code Root Fixup: 0.3 ms]
   [Code Root Migration: 0.1 ms]
   [Clear CT: 1.5 ms]
   [Other: 3.7 ms]
      [Choose CSet: 0.0 ms]
      [Ref Proc: 1.6 ms]
      [Ref Enq: 0.1 ms]
      [Free CSet: 0.8 ms]
   [Eden: 4336.0M(4336.0M)->0.0B(4320.0M) Survivors: 272.0M->272.0M Heap: 8915.8M(10.0G)->4589.8M(10.0G)]
 [Times: user=0.83 sys=0.01, real=0.05 secs] 
1185.426: Total time for which application threads were stopped: 0.0520700 seconds
1186.581: Total time for which application threads were stopped: 0.0010850 seconds
1186.592: Total time for which application threads were stopped: 0.0009130 seconds
1189.627: [GC pause (G1 Evacuation Pause) (young)
Desired survivor size 301989888 bytes, new threshold 15 (max 15)
- age   1:   11831584 bytes,   11831584 total
- age   2:    7902856 bytes,   19734440 total
- age   3:   23252824 bytes,   42987264 total
- age   4:   38293784 bytes,   81281048 total
- age   5:   43413936 bytes,  124694984 total
- age   6:    1378608 bytes,  126073592 total
- age   7:    2581168 bytes,  128654760 total
- age   8:    1110624 bytes,  129765384 total
- age   9:    2951448 bytes,  132716832 total
- age  10:    1032384 bytes,  133749216 total
- age  11:    2973776 bytes,  136722992 total
- age  12:    1127632 bytes,  137850624 total
- age  13:    3085496 bytes,  140936120 total
- age  14:    1020712 bytes,  141956832 total
- age  15:    2554552 bytes,  144511384 total
, 0.0498700 secs]
   [Parallel Time: 44.3 ms, GC Workers: 18]
      [GC Worker Start (ms): Min: 1189627.5, Avg: 1189627.6, Max: 1189627.6, Diff: 0.1]
      [Ext Root Scanning (ms): Min: 3.7, Avg: 4.7, Max: 5.0, Diff: 1.3, Sum: 84.5]
      [Update RS (ms): Min: 3.3, Avg: 3.7, Max: 5.3, Diff: 2.1, Sum: 67.0]
         [Processed Buffers: Min: 8, Avg: 37.6, Max: 65, Diff: 57, Sum: 677]
      [Scan RS (ms): Min: 0.0, Avg: 0.2, Max: 0.3, Diff: 0.3, Sum: 3.1]
      [Code Root Scanning (ms): Min: 0.0, Avg: 0.0, Max: 0.0, Diff: 0.0, Sum: 0.1]
      [Object Copy (ms): Min: 34.9, Avg: 35.4, Max: 35.6, Diff: 0.6, Sum: 637.4]
      [Termination (ms): Min: 0.0, Avg: 0.0, Max: 0.0, Diff: 0.0, Sum: 0.1]
      [GC Worker Other (ms): Min: 0.0, Avg: 0.1, Max: 0.1, Diff: 0.1, Sum: 1.3]
      [GC Worker Total (ms): Min: 44.0, Avg: 44.1, Max: 44.2, Diff: 0.2, Sum: 793.4]
      [GC Worker End (ms): Min: 1189671.6, Avg: 1189671.7, Max: 1189671.7, Diff: 0.1]
   [Code Root Fixup: 0.2 ms]
   [Code Root Migration: 0.1 ms]
   [Clear CT: 1.5 ms]
   [Other: 3.8 ms]
      [Choose CSet: 0.0 ms]
      [Ref Proc: 1.6 ms]
      [Ref Enq: 0.1 ms]
      [Free CSet: 0.8 ms]
   [Eden: 4320.0M(4320.0M)->0.0B(4192.0M) Survivors: 272.0M->336.0M Heap: 8909.8M(10.0G)->4657.9M(10.0G)]
 [Times: user=0.81 sys=0.02, real=0.05 secs] 
1189.677: Total time for which application threads were stopped: 0.0515010 seconds
1190.679: Total time for which application threads were stopped: 0.0012610 seconds
1194.030: Total time for which application threads were stopped: 0.0011680 seconds
1194.031: [GC pause (GCLocker Initiated GC) (young)
Desired survivor size 301989888 bytes, new threshold 15 (max 15)
- age   1:   11748904 bytes,   11748904 total
- age   2:    6390320 bytes,   18139224 total
- age   3:    7292128 bytes,   25431352 total
- age   4:   23071680 bytes,   48503032 total
- age   5:   36184904 bytes,   84687936 total
- age   6:   41308272 bytes,  125996208 total
- age   7:    1362032 bytes,  127358240 total
- age   8:    2565384 bytes,  129923624 total
- age   9:    1106872 bytes,  131030496 total
- age  10:    2948424 bytes,  133978920 total
- age  11:    1028728 bytes,  135007648 total
- age  12:    2963928 bytes,  137971576 total
- age  13:    1093576 bytes,  139065152 total
- age  14:    2643352 bytes,  141708504 total
- age  15:    1015776 bytes,  142724280 total
, 0.0518090 secs]
   [Parallel Time: 46.3 ms, GC Workers: 18]
      [GC Worker Start (ms): Min: 1194031.0, Avg: 1194031.0, Max: 1194031.1, Diff: 0.1]
      [Ext Root Scanning (ms): Min: 3.9, Avg: 4.6, Max: 5.2, Diff: 1.3, Sum: 83.6]
      [Update RS (ms): Min: 2.8, Avg: 3.6, Max: 4.7, Diff: 1.9, Sum: 64.3]
         [Processed Buffers: Min: 10, Avg: 33.8, Max: 62, Diff: 52, Sum: 608]
      [Scan RS (ms): Min: 0.0, Avg: 0.2, Max: 0.3, Diff: 0.3, Sum: 3.1]
      [Code Root Scanning (ms): Min: 0.0, Avg: 0.0, Max: 0.0, Diff: 0.0, Sum: 0.1]
      [Object Copy (ms): Min: 37.1, Avg: 37.7, Max: 38.1, Diff: 1.0, Sum: 678.1]
      [Termination (ms): Min: 0.0, Avg: 0.0, Max: 0.0, Diff: 0.0, Sum: 0.0]
      [GC Worker Other (ms): Min: 0.0, Avg: 0.1, Max: 0.1, Diff: 0.1, Sum: 1.3]
      [GC Worker Total (ms): Min: 46.1, Avg: 46.1, Max: 46.2, Diff: 0.2, Sum: 830.5]
      [GC Worker End (ms): Min: 1194077.1, Avg: 1194077.2, Max: 1194077.2, Diff: 0.1]
   [Code Root Fixup: 0.3 ms]
   [Code Root Migration: 0.1 ms]
   [Clear CT: 1.5 ms]
   [Other: 3.7 ms]
      [Choose CSet: 0.0 ms]
      [Ref Proc: 1.6 ms]
      [Ref Enq: 0.1 ms]
      [Free CSet: 0.8 ms]
   [Eden: 4208.0M(4192.0M)->0.0B(4384.0M) Survivors: 336.0M->240.0M Heap: 8851.0M(10.0G)->4554.2M(10.0G)]
 [Times: user=0.84 sys=0.02, real=0.05 secs] 
1194.083: Total time for which application threads were stopped: 0.0526200 seconds
1194.571: Total time for which application threads were stopped: 0.0011400 seconds
1194.770: Total time for which application threads were stopped: 0.0073740 seconds
1194.776: Total time for which application threads were stopped: 0.0010700 seconds
1194.794: Total time for which application threads were stopped: 0.0010040 seconds
1198.469: [GC pause (G1 Evacuation Pause) (young)
Desired survivor size 310378496 bytes, new threshold 15 (max 15)
- age   1:   10885000 bytes,   10885000 total
- age   2:    7622680 bytes,   18507680 total
- age   3:    5655184 bytes,   24162864 total
- age   4:    7015056 bytes,   31177920 total
- age   5:   20961088 bytes,   52139008 total
- age   6:   36147344 bytes,   88286352 total
- age   7:   41295648 bytes,  129582000 total
- age   8:    1354648 bytes,  130936648 total
- age   9:    2558920 bytes,  133495568 total
- age  10:    1101816 bytes,  134597384 total
- age  11:    2943368 bytes,  137540752 total
- age  12:    1023840 bytes,  138564592 total
- age  13:    2947976 bytes,  141512568 total
- age  14:    1086832 bytes,  142599400 total
- age  15:    2641816 bytes,  145241216 total
, 0.0536070 secs]
   [Parallel Time: 48.1 ms, GC Workers: 18]
      [GC Worker Start (ms): Min: 1198469.7, Avg: 1198469.8, Max: 1198469.8, Diff: 0.1]
      [Ext Root Scanning (ms): Min: 4.4, Avg: 4.9, Max: 5.2, Diff: 0.8, Sum: 87.7]
      [Update RS (ms): Min: 3.1, Avg: 3.6, Max: 5.0, Diff: 1.9, Sum: 65.4]
         [Processed Buffers: Min: 13, Avg: 37.0, Max: 67, Diff: 54, Sum: 666]
      [Scan RS (ms): Min: 0.0, Avg: 0.2, Max: 0.3, Diff: 0.3, Sum: 3.3]
      [Code Root Scanning (ms): Min: 0.0, Avg: 0.0, Max: 0.0, Diff: 0.0, Sum: 0.1]
      [Object Copy (ms): Min: 38.1, Avg: 39.2, Max: 39.5, Diff: 1.4, Sum: 706.0]
      [Termination (ms): Min: 0.0, Avg: 0.0, Max: 0.0, Diff: 0.0, Sum: 0.2]
      [GC Worker Other (ms): Min: 0.0, Avg: 0.1, Max: 0.1, Diff: 0.1, Sum: 1.2]
      [GC Worker Total (ms): Min: 47.9, Avg: 48.0, Max: 48.1, Diff: 0.2, Sum: 863.9]
      [GC Worker End (ms): Min: 1198517.7, Avg: 1198517.8, Max: 1198517.8, Diff: 0.1]
   [Code Root Fixup: 0.2 ms]
   [Code Root Migration: 0.1 ms]
   [Clear CT: 1.5 ms]
   [Other: 3.7 ms]
      [Choose CSet: 0.0 ms]
      [Ref Proc: 1.7 ms]
      [Ref Enq: 0.1 ms]
      [Free CSet: 0.7 ms]
   [Eden: 4384.0M(4384.0M)->0.0B(4128.0M) Survivors: 240.0M->368.0M Heap: 8938.2M(10.0G)->4693.4M(10.0G)]
 [Times: user=0.89 sys=0.02, real=0.06 secs] 
1198.523: Total time for which application threads were stopped: 0.0553550 seconds
1200.525: Total time for which application threads were stopped: 0.0012690 seconds
1202.527: Total time for which application threads were stopped: 0.0021860 seconds
1202.747: [GC pause (G1 Evacuation Pause) (young)
Desired survivor size 301989888 bytes, new threshold 15 (max 15)
- age   1:   14077000 bytes,   14077000 total
- age   2:    4359608 bytes,   18436608 total
- age   3:    7109744 bytes,   25546352 total
- age   4:    5504040 bytes,   31050392 total
- age   5:    4866560 bytes,   35916952 total
- age   6:   18867832 bytes,   54784784 total
- age   7:   36123144 bytes,   90907928 total
- age   8:   41285664 bytes,  132193592 total
- age   9:    1347736 bytes,  133541328 total
- age  10:    2553440 bytes,  136094768 total
- age  11:    1098192 bytes,  137192960 total
- age  12:    2937680 bytes,  140130640 total
- age  13:    1013776 bytes,  141144416 total
- age  14:    2559336 bytes,  143703752 total
- age  15:    1085480 bytes,  144789232 total
, 0.0489270 secs]
   [Parallel Time: 43.7 ms, GC Workers: 18]
      [GC Worker Start (ms): Min: 1202747.7, Avg: 1202747.7, Max: 1202747.8, Diff: 0.1]
      [Ext Root Scanning (ms): Min: 4.5, Avg: 4.8, Max: 5.2, Diff: 0.8, Sum: 87.0]
      [Update RS (ms): Min: 3.0, Avg: 3.5, Max: 4.9, Diff: 1.9, Sum: 63.8]
         [Processed Buffers: Min: 13, Avg: 34.4, Max: 58, Diff: 45, Sum: 620]
      [Scan RS (ms): Min: 0.0, Avg: 0.2, Max: 0.3, Diff: 0.3, Sum: 3.1]
      [Code Root Scanning (ms): Min: 0.0, Avg: 0.0, Max: 0.0, Diff: 0.0, Sum: 0.2]
      [Object Copy (ms): Min: 34.1, Avg: 34.9, Max: 35.0, Diff: 0.9, Sum: 627.5]
      [Termination (ms): Min: 0.0, Avg: 0.0, Max: 0.0, Diff: 0.0, Sum: 0.1]
      [GC Worker Other (ms): Min: 0.0, Avg: 0.1, Max: 0.1, Diff: 0.1, Sum: 1.2]
      [GC Worker Total (ms): Min: 43.4, Avg: 43.5, Max: 43.6, Diff: 0.2, Sum: 782.8]
      [GC Worker End (ms): Min: 1202791.2, Avg: 1202791.2, Max: 1202791.3, Diff: 0.1]
   [Code Root Fixup: 0.3 ms]
   [Code Root Migration: 0.1 ms]
   [Clear CT: 1.5 ms]
   [Other: 3.4 ms]
      [Choose CSet: 0.0 ms]
      [Ref Proc: 1.5 ms]
      [Ref Enq: 0.1 ms]
      [Free CSet: 0.6 ms]
   [Eden: 4128.0M(4128.0M)->0.0B(4416.0M) Survivors: 368.0M->224.0M Heap: 8821.4M(10.0G)->4551.4M(10.0G)]
 [Times: user=0.80 sys=0.01, real=0.05 secs] 
1202.797: Total time for which application threads were stopped: 0.0504120 seconds
1203.798: Total time for which application threads were stopped: 0.0012880 seconds
1204.707: Total time for which application threads were stopped: 0.0012580 seconds
1207.527: [GC pause (G1 Evacuation Pause) (young)
Desired survivor size 310378496 bytes, new threshold 15 (max 15)
- age   1:   12081488 bytes,   12081488 total
- age   2:    7930984 bytes,   20012472 total
- age   3:    3894744 bytes,   23907216 total
- age   4:    6985288 bytes,   30892504 total
- age   5:    3393072 bytes,   34285576 total
- age   6:    2781736 bytes,   37067312 total
- age   7:   18851184 bytes,   55918496 total
- age   8:   36024528 bytes,   91943024 total
- age   9:   41280696 bytes,  133223720 total
- age  10:    1341952 bytes,  134565672 total
- age  11:    2549096 bytes,  137114768 total
- age  12:    1090200 bytes,  138204968 total
- age  13:    2918376 bytes,  141123344 total
- age  14:    1005760 bytes,  142129104 total
- age  15:    2558488 bytes,  144687592 total
, 0.0580770 secs]
   [Parallel Time: 52.6 ms, GC Workers: 18]
      [GC Worker Start (ms): Min: 1207527.8, Avg: 1207527.9, Max: 1207527.9, Diff: 0.1]
      [Ext Root Scanning (ms): Min: 4.2, Avg: 4.8, Max: 5.3, Diff: 1.1, Sum: 86.9]
      [Update RS (ms): Min: 3.0, Avg: 3.6, Max: 5.1, Diff: 2.1, Sum: 65.4]
         [Processed Buffers: Min: 12, Avg: 37.9, Max: 63, Diff: 51, Sum: 682]
      [Scan RS (ms): Min: 0.0, Avg: 0.2, Max: 0.3, Diff: 0.3, Sum: 3.3]
      [Code Root Scanning (ms): Min: 0.0, Avg: 0.0, Max: 0.0, Diff: 0.0, Sum: 0.1]
      [Object Copy (ms): Min: 42.6, Avg: 43.6, Max: 43.9, Diff: 1.3, Sum: 784.9]
      [Termination (ms): Min: 0.0, Avg: 0.0, Max: 0.0, Diff: 0.0, Sum: 0.0]
      [GC Worker Other (ms): Min: 0.0, Avg: 0.1, Max: 0.1, Diff: 0.1, Sum: 1.2]
      [GC Worker Total (ms): Min: 52.2, Avg: 52.3, Max: 52.4, Diff: 0.2, Sum: 941.9]
      [GC Worker End (ms): Min: 1207580.2, Avg: 1207580.2, Max: 1207580.3, Diff: 0.1]
   [Code Root Fixup: 0.3 ms]
   [Code Root Migration: 0.1 ms]
   [Clear CT: 1.5 ms]
   [Other: 3.7 ms]
      [Choose CSet: 0.0 ms]
      [Ref Proc: 1.7 ms]
      [Ref Enq: 0.1 ms]
      [Free CSet: 0.7 ms]
   [Eden: 4416.0M(4416.0M)->0.0B(4000.0M) Survivors: 224.0M->432.0M Heap: 8967.4M(10.0G)->4755.6M(10.0G)]
 [Times: user=0.96 sys=0.01, real=0.06 secs] 
1207.586: Total time for which application threads were stopped: 0.0598580 seconds
1212.202: [GC pause (G1 Evacuation Pause) (young)
Desired survivor size 293601280 bytes, new threshold 15 (max 15)
- age   1:   34443984 bytes,   34443984 total
- age   2:    5827848 bytes,   40271832 total
- age   3:    7345488 bytes,   47617320 total
- age   4:    3404728 bytes,   51022048 total
- age   5:    4860000 bytes,   55882048 total
- age   6:    1292040 bytes,   57174088 total
- age   7:    2763320 bytes,   59937408 total
- age   8:   18843400 bytes,   78780808 total
- age   9:   36017688 bytes,  114798496 total
- age  10:   41275064 bytes,  156073560 total
- age  11:    1335464 bytes,  157409024 total
- age  12:    2547032 bytes,  159956056 total
- age  13:    1081208 bytes,  161037264 total
- age  14:    2774536 bytes,  163811800 total
- age  15:    1005072 bytes,  164816872 total
, 0.0485470 secs]
   [Parallel Time: 43.2 ms, GC Workers: 18]
      [GC Worker Start (ms): Min: 1212202.2, Avg: 1212202.3, Max: 1212202.4, Diff: 0.2]
      [Ext Root Scanning (ms): Min: 4.2, Avg: 5.0, Max: 5.3, Diff: 1.1, Sum: 89.4]
      [Update RS (ms): Min: 2.8, Avg: 3.5, Max: 4.7, Diff: 1.9, Sum: 63.3]
         [Processed Buffers: Min: 8, Avg: 33.9, Max: 65, Diff: 57, Sum: 610]
      [Scan RS (ms): Min: 0.0, Avg: 0.2, Max: 0.3, Diff: 0.3, Sum: 3.1]
      [Code Root Scanning (ms): Min: 0.0, Avg: 0.0, Max: 0.0, Diff: 0.0, Sum: 0.1]
      [Object Copy (ms): Min: 33.1, Avg: 34.2, Max: 34.4, Diff: 1.3, Sum: 614.9]
      [Termination (ms): Min: 0.0, Avg: 0.0, Max: 0.0, Diff: 0.0, Sum: 0.1]
      [GC Worker Other (ms): Min: 0.0, Avg: 0.1, Max: 0.1, Diff: 0.1, Sum: 1.2]
      [GC Worker Total (ms): Min: 42.8, Avg: 42.9, Max: 43.0, Diff: 0.3, Sum: 772.0]
      [GC Worker End (ms): Min: 1212245.1, Avg: 1212245.2, Max: 1212245.2, Diff: 0.1]
   [Code Root Fixup: 0.2 ms]
   [Code Root Migration: 0.1 ms]
   [Clear CT: 1.6 ms]
   [Other: 3.6 ms]
      [Choose CSet: 0.0 ms]
      [Ref Proc: 1.7 ms]
      [Ref Enq: 0.1 ms]
      [Free CSet: 0.6 ms]
   [Eden: 4000.0M(4000.0M)->0.0B(4416.0M) Survivors: 432.0M->224.0M Heap: 8755.6M(10.0G)->4552.2M(10.0G)]
 [Times: user=0.80 sys=0.00, real=0.04 secs] 
1212.251: Total time for which application threads were stopped: 0.0503330 seconds
1213.252: Total time for which application threads were stopped: 0.0012830 seconds
1214.190: Total time for which application threads were stopped: 0.0012480 seconds
1217.245: [GC pause (G1 Evacuation Pause) (young)
Desired survivor size 310378496 bytes, new threshold 15 (max 15)
- age   1:   27526408 bytes,   27526408 total
- age   2:    8230616 bytes,   35757024 total
- age   3:    5371896 bytes,   41128920 total
- age   4:    7208136 bytes,   48337056 total
- age   5:    1249536 bytes,   49586592 total
- age   6:    2745296 bytes,   52331888 total
- age   7:    1270824 bytes,   53602712 total
- age   8:    1456064 bytes,   55058776 total
- age   9:    2391904 bytes,   57450680 total
- age  10:   36011944 bytes,   93462624 total
- age  11:   41266088 bytes,  134728712 total
- age  12:    1333864 bytes,  136062576 total
- age  13:    2526256 bytes,  138588832 total
- age  14:    1064696 bytes,  139653528 total
- age  15:    2515856 bytes,  142169384 total
, 0.0478050 secs]
   [Parallel Time: 42.4 ms, GC Workers: 18]
      [GC Worker Start (ms): Min: 1217245.6, Avg: 1217245.7, Max: 1217245.8, Diff: 0.1]
      [Ext Root Scanning (ms): Min: 4.4, Avg: 4.9, Max: 5.5, Diff: 1.1, Sum: 88.7]
      [Update RS (ms): Min: 2.9, Avg: 3.6, Max: 4.4, Diff: 1.5, Sum: 64.1]
         [Processed Buffers: Min: 11, Avg: 36.6, Max: 83, Diff: 72, Sum: 658]
      [Scan RS (ms): Min: 0.0, Avg: 0.2, Max: 0.3, Diff: 0.3, Sum: 3.0]
      [Code Root Scanning (ms): Min: 0.0, Avg: 0.0, Max: 0.0, Diff: 0.0, Sum: 0.1]
      [Object Copy (ms): Min: 32.9, Avg: 33.5, Max: 33.8, Diff: 0.8, Sum: 603.4]
      [Termination (ms): Min: 0.0, Avg: 0.0, Max: 0.0, Diff: 0.0, Sum: 0.1]
      [GC Worker Other (ms): Min: 0.0, Avg: 0.1, Max: 0.1, Diff: 0.1, Sum: 1.1]
      [GC Worker Total (ms): Min: 42.2, Avg: 42.2, Max: 42.3, Diff: 0.2, Sum: 760.5]
      [GC Worker End (ms): Min: 1217287.9, Avg: 1217288.0, Max: 1217288.0, Diff: 0.1]
   [Code Root Fixup: 0.2 ms]
   [Code Root Migration: 0.1 ms]
   [Clear CT: 1.6 ms]
   [Other: 3.5 ms]
      [Choose CSet: 0.0 ms]
      [Ref Proc: 1.6 ms]
      [Ref Enq: 0.1 ms]
      [Free CSet: 0.7 ms]
   [Eden: 4416.0M(4416.0M)->0.0B(4208.0M) Survivors: 224.0M->320.0M Heap: 8968.2M(10.0G)->4654.4M(10.0G)]
 [Times: user=0.78 sys=0.01, real=0.05 secs] 
1217.293: Total time for which application threads were stopped: 0.0495750 seconds
1221.552: [GC pause (G1 Evacuation Pause) (young)
Desired survivor size 301989888 bytes, new threshold 15 (max 15)
- age   1:   11748208 bytes,   11748208 total
- age   2:   23426696 bytes,   35174904 total
- age   3:    7343552 bytes,   42518456 total
- age   4:    5246472 bytes,   47764928 total
- age   5:    3003688 bytes,   50768616 total
- age   6:    1227464 bytes,   51996080 total
- age   7:    2715984 bytes,   54712064 total
- age   8:    1261272 bytes,   55973336 total
- age   9:    1449624 bytes,   57422960 total
- age  10:    2384736 bytes,   59807696 total
- age  11:   36007208 bytes,   95814904 total
- age  12:   41262560 bytes,  137077464 total
- age  13:    1323768 bytes,  138401232 total
- age  14:    2508728 bytes,  140909960 total
- age  15:    1060904 bytes,  141970864 total
, 0.0467280 secs]
   [Parallel Time: 41.4 ms, GC Workers: 18]
      [GC Worker Start (ms): Min: 1221552.1, Avg: 1221552.2, Max: 1221552.3, Diff: 0.1]
      [Ext Root Scanning (ms): Min: 3.9, Avg: 4.5, Max: 5.1, Diff: 1.1, Sum: 81.5]
      [Update RS (ms): Min: 2.8, Avg: 3.6, Max: 4.9, Diff: 2.1, Sum: 65.2]
         [Processed Buffers: Min: 8, Avg: 34.7, Max: 61, Diff: 53, Sum: 625]
      [Scan RS (ms): Min: 0.0, Avg: 0.2, Max: 0.3, Diff: 0.3, Sum: 2.7]
      [Code Root Scanning (ms): Min: 0.0, Avg: 0.0, Max: 0.0, Diff: 0.0, Sum: 0.1]
      [Object Copy (ms): Min: 32.1, Avg: 32.9, Max: 33.2, Diff: 1.1, Sum: 591.4]
      [Termination (ms): Min: 0.0, Avg: 0.0, Max: 0.0, Diff: 0.0, Sum: 0.1]
      [GC Worker Other (ms): Min: 0.0, Avg: 0.1, Max: 0.1, Diff: 0.1, Sum: 1.3]
      [GC Worker Total (ms): Min: 41.2, Avg: 41.2, Max: 41.3, Diff: 0.2, Sum: 742.3]
      [GC Worker End (ms): Min: 1221593.4, Avg: 1221593.4, Max: 1221593.5, Diff: 0.1]
   [Code Root Fixup: 0.2 ms]
   [Code Root Migration: 0.1 ms]
   [Clear CT: 1.5 ms]
   [Other: 3.6 ms]
      [Choose CSet: 0.0 ms]
      [Ref Proc: 1.7 ms]
      [Ref Enq: 0.1 ms]
      [Free CSet: 0.7 ms]
   [Eden: 4208.0M(4208.0M)->0.0B(4368.0M) Survivors: 320.0M->240.0M Heap: 8862.4M(10.0G)->4576.0M(10.0G)]
 [Times: user=0.76 sys=0.01, real=0.05 secs] 
1221.599: Total time for which application threads were stopped: 0.0484670 seconds
1224.600: Total time for which application threads were stopped: 0.0012210 seconds
1224.781: Total time for which application threads were stopped: 0.0011250 seconds
1224.801: Total time for which application threads were stopped: 0.0009840 seconds
1226.222: Total time for which application threads were stopped: 0.0012080 seconds
1226.502: [GC pause (G1 Evacuation Pause) (young)
Desired survivor size 301989888 bytes, new threshold 15 (max 15)
- age   1:    9474912 bytes,    9474912 total
- age   2:    7909688 bytes,   17384600 total
- age   3:   23227128 bytes,   40611728 total
- age   4:    7192432 bytes,   47804160 total
- age   5:    3142064 bytes,   50946224 total
- age   6:    2971952 bytes,   53918176 total
- age   7:    1216288 bytes,   55134464 total
- age   8:    2692208 bytes,   57826672 total
- age   9:    1256448 bytes,   59083120 total
- age  10:    1444000 bytes,   60527120 total
- age  11:    2380344 bytes,   62907464 total
- age  12:   35995136 bytes,   98902600 total
- age  13:   41245472 bytes,  140148072 total
- age  14:    1317744 bytes,  141465816 total
- age  15:    2247320 bytes,  143713136 total
, 0.0500230 secs]
   [Parallel Time: 44.7 ms, GC Workers: 18]
      [GC Worker Start (ms): Min: 1226502.4, Avg: 1226502.4, Max: 1226502.5, Diff: 0.1]
      [Ext Root Scanning (ms): Min: 4.6, Avg: 5.5, Max: 5.9, Diff: 1.4, Sum: 98.8]
      [Update RS (ms): Min: 3.2, Avg: 3.7, Max: 4.6, Diff: 1.5, Sum: 66.0]
         [Processed Buffers: Min: 10, Avg: 33.7, Max: 66, Diff: 56, Sum: 607]
      [Scan RS (ms): Min: 0.0, Avg: 0.2, Max: 0.3, Diff: 0.3, Sum: 4.2]
      [Code Root Scanning (ms): Min: 0.0, Avg: 0.0, Max: 0.0, Diff: 0.0, Sum: 0.1]
      [Object Copy (ms): Min: 34.2, Avg: 35.0, Max: 35.5, Diff: 1.3, Sum: 630.7]
      [Termination (ms): Min: 0.0, Avg: 0.0, Max: 0.0, Diff: 0.0, Sum: 0.1]
      [GC Worker Other (ms): Min: 0.0, Avg: 0.1, Max: 0.1, Diff: 0.1, Sum: 1.3]
      [GC Worker Total (ms): Min: 44.4, Avg: 44.5, Max: 44.6, Diff: 0.2, Sum: 801.2]
      [GC Worker End (ms): Min: 1226546.9, Avg: 1226546.9, Max: 1226547.0, Diff: 0.1]
   [Code Root Fixup: 0.2 ms]
   [Code Root Migration: 0.1 ms]
   [Clear CT: 1.5 ms]
   [Other: 3.5 ms]
      [Choose CSet: 0.0 ms]
      [Ref Proc: 1.6 ms]
      [Ref Enq: 0.1 ms]
      [Free CSet: 0.7 ms]
   [Eden: 4368.0M(4368.0M)->0.0B(4304.0M) Survivors: 240.0M->272.0M Heap: 8944.0M(10.0G)->4604.0M(10.0G)]
 [Times: user=0.80 sys=0.01, real=0.05 secs] 
1226.552: Total time for which application threads were stopped: 0.0515400 seconds
1230.903: [GC pause (G1 Evacuation Pause) (young)
Desired survivor size 301989888 bytes, new threshold 15 (max 15)
- age   1:   13116608 bytes,   13116608 total
- age   2:    3916584 bytes,   17033192 total
- age   3:    7216328 bytes,   24249520 total
- age   4:   22959072 bytes,   47208592 total
- age   5:    5104800 bytes,   52313392 total
- age   6:    1055856 bytes,   53369248 total
- age   7:    2951296 bytes,   56320544 total
- age   8:    1209592 bytes,   57530136 total
- age   9:    2687000 bytes,   60217136 total
- age  10:    1250256 bytes,   61467392 total
- age  11:    1436160 bytes,   62903552 total
- age  12:    2374616 bytes,   65278168 total
- age  13:   35971136 bytes,  101249304 total
- age  14:   41242792 bytes,  142492096 total
- age  15:    1314088 bytes,  143806184 total
, 0.0498960 secs]
   [Parallel Time: 44.5 ms, GC Workers: 18]
      [GC Worker Start (ms): Min: 1230903.6, Avg: 1230903.6, Max: 1230903.7, Diff: 0.1]
      [Ext Root Scanning (ms): Min: 4.3, Avg: 4.9, Max: 7.6, Diff: 3.3, Sum: 88.4]
      [Update RS (ms): Min: 0.7, Avg: 3.5, Max: 4.6, Diff: 3.9, Sum: 63.3]
         [Processed Buffers: Min: 11, Avg: 36.2, Max: 67, Diff: 56, Sum: 651]
      [Scan RS (ms): Min: 0.0, Avg: 0.2, Max: 0.3, Diff: 0.3, Sum: 3.1]
      [Code Root Scanning (ms): Min: 0.0, Avg: 0.0, Max: 0.0, Diff: 0.0, Sum: 0.1]
      [Object Copy (ms): Min: 35.0, Avg: 35.6, Max: 35.9, Diff: 0.9, Sum: 641.3]
      [Termination (ms): Min: 0.0, Avg: 0.0, Max: 0.0, Diff: 0.0, Sum: 0.1]
      [GC Worker Other (ms): Min: 0.0, Avg: 0.1, Max: 0.1, Diff: 0.1, Sum: 1.2]
      [GC Worker Total (ms): Min: 44.2, Avg: 44.3, Max: 44.4, Diff: 0.2, Sum: 797.5]
      [GC Worker End (ms): Min: 1230947.9, Avg: 1230948.0, Max: 1230948.0, Diff: 0.1]
   [Code Root Fixup: 0.3 ms]
   [Code Root Migration: 0.1 ms]
   [Clear CT: 1.6 ms]
   [Other: 3.5 ms]
      [Choose CSet: 0.0 ms]
      [Ref Proc: 1.6 ms]
      [Ref Enq: 0.1 ms]
      [Free CSet: 0.7 ms]
   [Eden: 4304.0M(4304.0M)->0.0B(4240.0M) Survivors: 272.0M->304.0M Heap: 8908.0M(10.0G)->4646.0M(10.0G)]
 [Times: user=0.81 sys=0.01, real=0.05 secs] 
1230.953: Total time for which application threads were stopped: 0.0516580 seconds
1234.741: Total time for which application threads were stopped: 0.0012670 seconds
1235.535: [GC pause (G1 Evacuation Pause) (young)
Desired survivor size 301989888 bytes, new threshold 15 (max 15)
- age   1:   13786360 bytes,   13786360 total
- age   2:    6535456 bytes,   20321816 total
- age   3:    3565160 bytes,   23886976 total
- age   4:    6817216 bytes,   30704192 total
- age   5:   20858752 bytes,   51562944 total
- age   6:    3003856 bytes,   54566800 total
- age   7:     952040 bytes,   55518840 total
- age   8:    2944776 bytes,   58463616 total
- age   9:    1203232 bytes,   59666848 total
- age  10:    2680824 bytes,   62347672 total
- age  11:    1246280 bytes,   63593952 total
- age  12:    1431680 bytes,   65025632 total
- age  13:    2359808 bytes,   67385440 total
- age  14:   35669952 bytes,  103055392 total
- age  15:   41241344 bytes,  144296736 total
, 0.0495500 secs]
   [Parallel Time: 43.5 ms, GC Workers: 18]
      [GC Worker Start (ms): Min: 1235535.6, Avg: 1235535.7, Max: 1235535.8, Diff: 0.2]
      [Ext Root Scanning (ms): Min: 4.5, Avg: 4.8, Max: 5.7, Diff: 1.3, Sum: 86.7]
      [Update RS (ms): Min: 2.7, Avg: 4.4, Max: 14.0, Diff: 11.4, Sum: 78.4]
         [Processed Buffers: Min: 2, Avg: 34.6, Max: 72, Diff: 70, Sum: 622]
      [Scan RS (ms): Min: 0.0, Avg: 0.1, Max: 0.6, Diff: 0.6, Sum: 2.5]
      [Code Root Scanning (ms): Min: 0.0, Avg: 0.0, Max: 0.0, Diff: 0.0, Sum: 0.1]
      [Object Copy (ms): Min: 23.8, Avg: 33.8, Max: 34.9, Diff: 11.1, Sum: 609.1]
      [Termination (ms): Min: 0.0, Avg: 0.1, Max: 0.1, Diff: 0.1, Sum: 1.6]
      [GC Worker Other (ms): Min: 0.0, Avg: 0.1, Max: 0.1, Diff: 0.1, Sum: 1.0]
      [GC Worker Total (ms): Min: 43.2, Avg: 43.3, Max: 43.4, Diff: 0.2, Sum: 779.5]
      [GC Worker End (ms): Min: 1235579.0, Avg: 1235579.0, Max: 1235579.1, Diff: 0.1]
   [Code Root Fixup: 0.2 ms]
   [Code Root Migration: 0.1 ms]
   [Clear CT: 1.5 ms]
   [Other: 4.3 ms]
      [Choose CSet: 0.0 ms]
      [Ref Proc: 2.1 ms]
      [Ref Enq: 0.1 ms]
      [Free CSet: 0.6 ms]
   [Eden: 4240.0M(4240.0M)->0.0B(4432.0M) Survivors: 304.0M->192.0M Heap: 8886.0M(10.0G)->4564.0M(10.0G)]
 [Times: user=0.75 sys=0.01, real=0.05 secs] 
1235.585: Total time for which application threads were stopped: 0.0512490 seconds
1240.586: [GC pause (G1 Evacuation Pause) (young)
Desired survivor size 310378496 bytes, new threshold 15 (max 15)
- age   1:   11816632 bytes,   11816632 total
- age   2:    7659688 bytes,   19476320 total
- age   3:    5782160 bytes,   25258480 total
- age   4:    3433920 bytes,   28692400 total
- age   5:    4715152 bytes,   33407552 total
- age   6:   18775296 bytes,   52182848 total
- age   7:    2984312 bytes,   55167160 total
- age   8:     943920 bytes,   56111080 total
- age   9:    2940456 bytes,   59051536 total
- age  10:    1200064 bytes,   60251600 total
- age  11:    2675120 bytes,   62926720 total
- age  12:    1242832 bytes,   64169552 total
- age  13:    1412248 bytes,   65581800 total
- age  14:    2352000 bytes,   67933800 total
- age  15:   35668856 bytes,  103602656 total
, 0.0478530 secs]
   [Parallel Time: 42.4 ms, GC Workers: 18]
      [GC Worker Start (ms): Min: 1240586.2, Avg: 1240586.2, Max: 1240586.3, Diff: 0.1]
      [Ext Root Scanning (ms): Min: 4.5, Avg: 5.0, Max: 5.4, Diff: 0.9, Sum: 90.2]
      [Update RS (ms): Min: 10.6, Avg: 11.3, Max: 12.2, Diff: 1.6, Sum: 203.1]
         [Processed Buffers: Min: 17, Avg: 52.1, Max: 83, Diff: 66, Sum: 938]
      [Scan RS (ms): Min: 0.0, Avg: 0.2, Max: 0.3, Diff: 0.3, Sum: 3.2]
      [Code Root Scanning (ms): Min: 0.0, Avg: 0.0, Max: 0.0, Diff: 0.0, Sum: 0.1]
      [Object Copy (ms): Min: 25.2, Avg: 25.7, Max: 25.9, Diff: 0.6, Sum: 462.4]
      [Termination (ms): Min: 0.0, Avg: 0.0, Max: 0.0, Diff: 0.0, Sum: 0.1]
      [GC Worker Other (ms): Min: 0.0, Avg: 0.1, Max: 0.1, Diff: 0.1, Sum: 1.0]
      [GC Worker Total (ms): Min: 42.1, Avg: 42.2, Max: 42.3, Diff: 0.2, Sum: 760.1]
      [GC Worker End (ms): Min: 1240628.4, Avg: 1240628.4, Max: 1240628.5, Diff: 0.1]
   [Code Root Fixup: 0.2 ms]
   [Code Root Migration: 0.1 ms]
   [Clear CT: 1.5 ms]
   [Other: 3.7 ms]
      [Choose CSet: 0.0 ms]
      [Ref Proc: 1.5 ms]
      [Ref Enq: 0.1 ms]
      [Free CSet: 0.7 ms]
   [Eden: 4432.0M(4432.0M)->0.0B(4448.0M) Survivors: 192.0M->160.0M Heap: 8996.0M(10.0G)->4584.4M(10.0G)]
 [Times: user=0.78 sys=0.01, real=0.04 secs] 
1240.634: Total time for which application threads were stopped: 0.0496700 seconds
1244.499: Total time for which application threads were stopped: 0.0012600 seconds
1245.163: Total time for which application threads were stopped: 0.0012660 seconds
1245.462: [GC pause (G1 Evacuation Pause) (young)
Desired survivor size 301989888 bytes, new threshold 15 (max 15)
- age   1:   29256512 bytes,   29256512 total
- age   2:    6429832 bytes,   35686344 total
- age   3:    7052776 bytes,   42739120 total
- age   4:    5634960 bytes,   48374080 total
- age   5:    1312456 bytes,   49686536 total
- age   6:    2598640 bytes,   52285176 total
- age   7:    2645624 bytes,   54930800 total
- age   8:    2637896 bytes,   57568696 total
- age   9:     939440 bytes,   58508136 total
- age  10:    2936544 bytes,   61444680 total
- age  11:    1196200 bytes,   62640880 total
- age  12:    2668800 bytes,   65309680 total
- age  13:    1220552 bytes,   66530232 total
- age  14:    1123240 bytes,   67653472 total
- age  15:    2347688 bytes,   70001160 total
, 0.0349900 secs]
   [Parallel Time: 30.0 ms, GC Workers: 18]
      [GC Worker Start (ms): Min: 1245462.8, Avg: 1245462.9, Max: 1245463.0, Diff: 0.1]
      [Ext Root Scanning (ms): Min: 4.1, Avg: 4.8, Max: 5.9, Diff: 1.8, Sum: 85.8]
      [Update RS (ms): Min: 8.8, Avg: 10.0, Max: 11.7, Diff: 2.9, Sum: 180.1]
         [Processed Buffers: Min: 20, Avg: 47.2, Max: 66, Diff: 46, Sum: 850]
      [Scan RS (ms): Min: 0.0, Avg: 0.2, Max: 0.3, Diff: 0.3, Sum: 3.1]
      [Code Root Scanning (ms): Min: 0.0, Avg: 0.0, Max: 0.0, Diff: 0.0, Sum: 0.1]
      [Object Copy (ms): Min: 13.1, Avg: 14.4, Max: 14.8, Diff: 1.7, Sum: 258.5]
      [Termination (ms): Min: 0.0, Avg: 0.5, Max: 0.5, Diff: 0.5, Sum: 8.7]
      [GC Worker Other (ms): Min: 0.0, Avg: 0.0, Max: 0.1, Diff: 0.1, Sum: 0.8]
      [GC Worker Total (ms): Min: 29.7, Avg: 29.8, Max: 29.9, Diff: 0.2, Sum: 537.0]
      [GC Worker End (ms): Min: 1245492.7, Avg: 1245492.7, Max: 1245492.8, Diff: 0.1]
   [Code Root Fixup: 0.2 ms]
   [Code Root Migration: 0.1 ms]
   [Clear CT: 1.3 ms]
   [Other: 3.4 ms]
      [Choose CSet: 0.0 ms]
      [Ref Proc: 1.5 ms]
      [Ref Enq: 0.1 ms]
      [Free CSet: 0.7 ms]
   [Eden: 4448.0M(4448.0M)->0.0B(4528.0M) Survivors: 160.0M->96.0M Heap: 9032.4M(10.0G)->4560.3M(10.0G)]
 [Times: user=0.55 sys=0.02, real=0.04 secs] 
1245.498: Total time for which application threads were stopped: 0.0364970 seconds
1250.070: [GC pause (G1 Evacuation Pause) (young)
Desired survivor size 310378496 bytes, new threshold 15 (max 15)
- age   1:   12494608 bytes,   12494608 total
- age   2:   24159936 bytes,   36654544 total
- age   3:    5685328 bytes,   42339872 total
- age   4:    6916680 bytes,   49256552 total
- age   5:    1477528 bytes,   50734080 total
- age   6:    1275016 bytes,   52009096 total
- age   7:    2578944 bytes,   54588040 total
- age   8:    1343368 bytes,   55931408 total
- age   9:    2632624 bytes,   58564032 total
- age  10:     933424 bytes,   59497456 total
- age  11:    2931152 bytes,   62428608 total
- age  12:    1191560 bytes,   63620168 total
- age  13:    2648048 bytes,   66268216 total
- age  14:    1211656 bytes,   67479872 total
- age  15:    1118976 bytes,   68598848 total
, 0.0300240 secs]
   [Parallel Time: 25.0 ms, GC Workers: 18]
      [GC Worker Start (ms): Min: 1250070.4, Avg: 1250070.5, Max: 1250070.6, Diff: 0.2]
      [Ext Root Scanning (ms): Min: 4.5, Avg: 5.0, Max: 5.4, Diff: 0.9, Sum: 89.9]
      [Update RS (ms): Min: 3.3, Avg: 4.0, Max: 6.4, Diff: 3.1, Sum: 72.1]
         [Processed Buffers: Min: 13, Avg: 37.2, Max: 59, Diff: 46, Sum: 670]
      [Scan RS (ms): Min: 0.0, Avg: 0.2, Max: 0.3, Diff: 0.3, Sum: 3.0]
      [Code Root Scanning (ms): Min: 0.0, Avg: 0.0, Max: 0.0, Diff: 0.0, Sum: 0.1]
      [Object Copy (ms): Min: 13.5, Avg: 15.5, Max: 15.8, Diff: 2.2, Sum: 279.5]
      [Termination (ms): Min: 0.0, Avg: 0.0, Max: 0.0, Diff: 0.0, Sum: 0.1]
      [GC Worker Other (ms): Min: 0.0, Avg: 0.1, Max: 0.1, Diff: 0.1, Sum: 1.2]
      [GC Worker Total (ms): Min: 24.7, Avg: 24.8, Max: 24.9, Diff: 0.2, Sum: 446.0]
      [GC Worker End (ms): Min: 1250095.2, Avg: 1250095.3, Max: 1250095.3, Diff: 0.1]
   [Code Root Fixup: 0.2 ms]
   [Code Root Migration: 0.1 ms]
   [Clear CT: 1.4 ms]
   [Other: 3.4 ms]
      [Choose CSet: 0.0 ms]
      [Ref Proc: 1.5 ms]
      [Ref Enq: 0.1 ms]
      [Free CSet: 0.7 ms]
   [Eden: 4528.0M(4528.0M)->0.0B(4464.0M) Survivors: 96.0M->128.0M Heap: 9088.3M(10.0G)->4594.4M(10.0G)]
 [Times: user=0.47 sys=0.01, real=0.03 secs] 
1250.100: Total time for which application threads were stopped: 0.0318200 seconds
1254.128: [GC pause (G1 Evacuation Pause) (young)
Desired survivor size 301989888 bytes, new threshold 15 (max 15)
- age   1:   11313664 bytes,   11313664 total
- age   2:    7840192 bytes,   19153856 total
- age   3:   23563472 bytes,   42717328 total
- age   4:    5519944 bytes,   48237272 total
- age   5:    4740152 bytes,   52977424 total
- age   6:    1446272 bytes,   54423696 total
- age   7:    1249120 bytes,   55672816 total
- age   8:    2575216 bytes,   58248032 total
- age   9:    1337312 bytes,   59585344 total
- age  10:    2627016 bytes,   62212360 total
- age  11:     921728 bytes,   63134088 total
- age  12:    2925488 bytes,   66059576 total
- age  13:    1170552 bytes,   67230128 total
- age  14:    2172984 bytes,   69403112 total
- age  15:    1207320 bytes,   70610432 total
, 0.0285150 secs]
   [Parallel Time: 23.1 ms, GC Workers: 18]
      [GC Worker Start (ms): Min: 1254128.5, Avg: 1254128.6, Max: 1254128.7, Diff: 0.1]
      [Ext Root Scanning (ms): Min: 4.2, Avg: 4.8, Max: 5.2, Diff: 1.0, Sum: 86.2]
      [Update RS (ms): Min: 3.2, Avg: 3.8, Max: 4.7, Diff: 1.6, Sum: 68.4]
         [Processed Buffers: Min: 3, Avg: 33.8, Max: 69, Diff: 66, Sum: 608]
      [Scan RS (ms): Min: 0.0, Avg: 0.2, Max: 0.3, Diff: 0.3, Sum: 3.1]
      [Code Root Scanning (ms): Min: 0.0, Avg: 0.0, Max: 0.0, Diff: 0.0, Sum: 0.1]
      [Object Copy (ms): Min: 13.2, Avg: 14.1, Max: 14.5, Diff: 1.3, Sum: 254.1]
      [Termination (ms): Min: 0.0, Avg: 0.0, Max: 0.0, Diff: 0.0, Sum: 0.1]
      [GC Worker Other (ms): Min: 0.0, Avg: 0.1, Max: 0.1, Diff: 0.1, Sum: 1.2]
      [GC Worker Total (ms): Min: 22.8, Avg: 23.0, Max: 23.0, Diff: 0.2, Sum: 413.1]
      [GC Worker End (ms): Min: 1254151.5, Avg: 1254151.5, Max: 1254151.6, Diff: 0.1]
   [Code Root Fixup: 0.2 ms]
   [Code Root Migration: 0.1 ms]
   [Clear CT: 1.5 ms]
   [Other: 3.5 ms]
      [Choose CSet: 0.0 ms]
      [Ref Proc: 1.6 ms]
      [Ref Enq: 0.1 ms]
      [Free CSet: 0.7 ms]
   [Eden: 4464.0M(4464.0M)->0.0B(4496.0M) Survivors: 128.0M->112.0M Heap: 9058.4M(10.0G)->4576.5M(10.0G)]
 [Times: user=0.43 sys=0.02, real=0.02 secs] 
1254.157: Total time for which application threads were stopped: 0.0302710 seconds
1254.898: Total time for which application threads were stopped: 0.0012230 seconds
1254.913: Total time for which application threads were stopped: 0.0011070 seconds
1255.915: Total time for which application threads were stopped: 0.0012290 seconds
1258.011: [GC pause (G1 Evacuation Pause) (young)
Desired survivor size 301989888 bytes, new threshold 15 (max 15)
- age   1:   12604608 bytes,   12604608 total
- age   2:    6138904 bytes,   18743512 total
- age   3:    7135256 bytes,   25878768 total
- age   4:   23411840 bytes,   49290608 total
- age   5:    3427040 bytes,   52717648 total
- age   6:    2661536 bytes,   55379184 total
- age   7:    1436168 bytes,   56815352 total
- age   8:    1239432 bytes,   58054784 total
- age   9:    2570736 bytes,   60625520 total
- age  10:    1335688 bytes,   61961208 total
- age  11:    2623400 bytes,   64584608 total
- age  12:     915432 bytes,   65500040 total
- age  13:    2908776 bytes,   68408816 total
- age  14:    1168376 bytes,   69577192 total
- age  15:    2171056 bytes,   71748248 total
, 0.0289220 secs]
   [Parallel Time: 23.6 ms, GC Workers: 18]
      [GC Worker Start (ms): Min: 1258011.5, Avg: 1258011.6, Max: 1258011.6, Diff: 0.1]
      [Ext Root Scanning (ms): Min: 4.2, Avg: 5.0, Max: 5.5, Diff: 1.3, Sum: 89.6]
      [Update RS (ms): Min: 3.0, Avg: 3.6, Max: 4.5, Diff: 1.5, Sum: 64.8]
         [Processed Buffers: Min: 15, Avg: 36.4, Max: 61, Diff: 46, Sum: 656]
      [Scan RS (ms): Min: 0.0, Avg: 0.2, Max: 0.3, Diff: 0.3, Sum: 3.1]
      [Code Root Scanning (ms): Min: 0.0, Avg: 0.0, Max: 0.0, Diff: 0.0, Sum: 0.1]
      [Object Copy (ms): Min: 14.3, Avg: 14.6, Max: 14.8, Diff: 0.5, Sum: 262.6]
      [Termination (ms): Min: 0.0, Avg: 0.0, Max: 0.0, Diff: 0.0, Sum: 0.1]
      [GC Worker Other (ms): Min: 0.0, Avg: 0.1, Max: 0.1, Diff: 0.1, Sum: 1.1]
      [GC Worker Total (ms): Min: 23.3, Avg: 23.4, Max: 23.5, Diff: 0.2, Sum: 421.5]
      [GC Worker End (ms): Min: 1258035.0, Avg: 1258035.0, Max: 1258035.0, Diff: 0.1]
   [Code Root Fixup: 0.3 ms]
   [Code Root Migration: 0.1 ms]
   [Clear CT: 1.5 ms]
   [Other: 3.5 ms]
      [Choose CSet: 0.0 ms]
      [Ref Proc: 1.6 ms]
      [Ref Enq: 0.1 ms]
      [Free CSet: 0.7 ms]
   [Eden: 4496.0M(4496.0M)->0.0B(4464.0M) Survivors: 112.0M->128.0M Heap: 9072.5M(10.0G)->4603.4M(10.0G)]
 [Times: user=0.44 sys=0.01, real=0.03 secs] 
1258.040: Total time for which application threads were stopped: 0.0307160 seconds
1261.686: Total time for which application threads were stopped: 0.0023980 seconds
1261.688: [GC pause (GCLocker Initiated GC) (young)
Desired survivor size 301989888 bytes, new threshold 15 (max 15)
- age   1:   14044472 bytes,   14044472 total
- age   2:    6277864 bytes,   20322336 total
- age   3:    5355608 bytes,   25677944 total
- age   4:    6963488 bytes,   32641432 total
- age   5:   21286928 bytes,   53928360 total
- age   6:    1356776 bytes,   55285136 total
- age   7:    2650232 bytes,   57935368 total
- age   8:    1429016 bytes,   59364384 total
- age   9:    1237616 bytes,   60602000 total
- age  10:    2566176 bytes,   63168176 total
- age  11:    1333704 bytes,   64501880 total
- age  12:    2510472 bytes,   67012352 total
- age  13:     900048 bytes,   67912400 total
- age  14:    2468528 bytes,   70380928 total
- age  15:    1165448 bytes,   71546376 total
, 0.0281660 secs]
   [Parallel Time: 22.8 ms, GC Workers: 18]
      [GC Worker Start (ms): Min: 1261688.1, Avg: 1261688.1, Max: 1261688.2, Diff: 0.1]
      [Ext Root Scanning (ms): Min: 3.8, Avg: 4.7, Max: 5.3, Diff: 1.4, Sum: 84.6]
      [Update RS (ms): Min: 2.7, Avg: 3.7, Max: 5.3, Diff: 2.6, Sum: 65.8]
         [Processed Buffers: Min: 12, Avg: 34.9, Max: 61, Diff: 49, Sum: 628]
      [Scan RS (ms): Min: 0.0, Avg: 0.2, Max: 0.7, Diff: 0.7, Sum: 3.5]
      [Code Root Scanning (ms): Min: 0.0, Avg: 0.0, Max: 0.0, Diff: 0.0, Sum: 0.1]
      [Object Copy (ms): Min: 13.1, Avg: 13.9, Max: 14.3, Diff: 1.2, Sum: 250.4]
      [Termination (ms): Min: 0.0, Avg: 0.1, Max: 0.2, Diff: 0.2, Sum: 2.4]
      [GC Worker Other (ms): Min: 0.0, Avg: 0.0, Max: 0.1, Diff: 0.1, Sum: 0.7]
      [GC Worker Total (ms): Min: 22.6, Avg: 22.6, Max: 22.7, Diff: 0.2, Sum: 407.5]
      [GC Worker End (ms): Min: 1261710.7, Avg: 1261710.8, Max: 1261710.8, Diff: 0.1]
   [Code Root Fixup: 0.2 ms]
   [Code Root Migration: 0.1 ms]
   [Clear CT: 1.4 ms]
   [Other: 3.6 ms]
      [Choose CSet: 0.0 ms]
      [Ref Proc: 1.7 ms]
      [Ref Enq: 0.1 ms]
      [Free CSet: 0.7 ms]
   [Eden: 4480.0M(4464.0M)->0.0B(4512.0M) Survivors: 128.0M->96.0M Heap: 9067.8M(10.0G)->4573.2M(10.0G)]
 [Times: user=0.43 sys=0.01, real=0.03 secs] 
1261.716: Total time for which application threads were stopped: 0.0291220 seconds
1264.589: Total time for which application threads were stopped: 0.0094410 seconds
1265.607: [GC pause (G1 Evacuation Pause) (young)
Desired survivor size 301989888 bytes, new threshold 15 (max 15)
- age   1:   10920776 bytes,   10920776 total
- age   2:    8414104 bytes,   19334880 total
- age   3:    5872448 bytes,   25207328 total
- age   4:    5189312 bytes,   30396640 total
- age   5:    4836664 bytes,   35233304 total
- age   6:   19195584 bytes,   54428888 total
- age   7:    1342888 bytes,   55771776 total
- age   8:    2550064 bytes,   58321840 total
- age   9:    1424464 bytes,   59746304 total
- age  10:    1232968 bytes,   60979272 total
- age  11:    2559952 bytes,   63539224 total
- age  12:    1327152 bytes,   64866376 total
- age  13:    2497760 bytes,   67364136 total
- age  14:     888248 bytes,   68252384 total
- age  15:    2467208 bytes,   70719592 total
, 0.0319110 secs]
   [Parallel Time: 26.9 ms, GC Workers: 18]
      [GC Worker Start (ms): Min: 1265607.9, Avg: 1265608.0, Max: 1265608.0, Diff: 0.2]
      [Ext Root Scanning (ms): Min: 4.2, Avg: 4.8, Max: 5.3, Diff: 1.1, Sum: 86.6]
      [Update RS (ms): Min: 2.9, Avg: 3.6, Max: 5.2, Diff: 2.3, Sum: 65.0]
         [Processed Buffers: Min: 12, Avg: 33.8, Max: 57, Diff: 45, Sum: 609]
      [Scan RS (ms): Min: 0.0, Avg: 0.2, Max: 0.3, Diff: 0.3, Sum: 2.7]
      [Code Root Scanning (ms): Min: 0.0, Avg: 0.0, Max: 0.0, Diff: 0.0, Sum: 0.1]
      [Object Copy (ms): Min: 15.5, Avg: 16.7, Max: 17.9, Diff: 2.3, Sum: 300.1]
      [Termination (ms): Min: 0.0, Avg: 1.4, Max: 1.8, Diff: 1.8, Sum: 25.6]
      [GC Worker Other (ms): Min: 0.0, Avg: 0.0, Max: 0.1, Diff: 0.1, Sum: 0.7]
      [GC Worker Total (ms): Min: 26.6, Avg: 26.7, Max: 26.8, Diff: 0.2, Sum: 480.9]
      [GC Worker End (ms): Min: 1265634.7, Avg: 1265634.7, Max: 1265634.7, Diff: 0.1]
   [Code Root Fixup: 0.3 ms]
   [Code Root Migration: 0.1 ms]
   [Clear CT: 1.3 ms]
   [Other: 3.4 ms]
      [Choose CSet: 0.0 ms]
      [Ref Proc: 1.5 ms]
      [Ref Enq: 0.1 ms]
      [Free CSet: 0.7 ms]
   [Eden: 4512.0M(4512.0M)->0.0B(4480.0M) Survivors: 96.0M->112.0M Heap: 9085.2M(10.0G)->4584.4M(10.0G)]
 [Times: user=0.49 sys=0.01, real=0.04 secs] 
1265.640: Total time for which application threads were stopped: 0.0336900 seconds
1270.124: Total time for which application threads were stopped: 0.0012680 seconds
1270.125: [GC pause (GCLocker Initiated GC) (young)
Desired survivor size 301989888 bytes, new threshold 15 (max 15)
- age   1:   13597720 bytes,   13597720 total
- age   2:    5910520 bytes,   19508240 total
- age   3:    7787112 bytes,   27295352 total
- age   4:    5187072 bytes,   32482424 total
- age   5:    3055544 bytes,   35537968 total
- age   6:    2745280 bytes,   38283248 total
- age   7:   19184544 bytes,   57467792 total
- age   8:    1336408 bytes,   58804200 total
- age   9:    2545160 bytes,   61349360 total
- age  10:    1420664 bytes,   62770024 total
- age  11:    1229888 bytes,   63999912 total
- age  12:    2554856 bytes,   66554768 total
- age  13:    1006848 bytes,   67561616 total
- age  14:    2484672 bytes,   70046288 total
- age  15:     886176 bytes,   70932464 total
, 0.0295570 secs]
   [Parallel Time: 23.8 ms, GC Workers: 18]
      [GC Worker Start (ms): Min: 1270125.2, Avg: 1270125.3, Max: 1270125.4, Diff: 0.1]
      [Ext Root Scanning (ms): Min: 4.1, Avg: 4.8, Max: 5.3, Diff: 1.2, Sum: 86.2]
      [Update RS (ms): Min: 3.3, Avg: 5.7, Max: 14.4, Diff: 11.0, Sum: 101.7]
         [Processed Buffers: Min: 11, Avg: 37.0, Max: 78, Diff: 67, Sum: 666]
      [Scan RS (ms): Min: 0.0, Avg: 0.7, Max: 10.4, Diff: 10.4, Sum: 13.0]
      [Code Root Scanning (ms): Min: 0.0, Avg: 0.0, Max: 0.0, Diff: 0.0, Sum: 0.1]
      [Object Copy (ms): Min: 4.1, Avg: 11.9, Max: 14.8, Diff: 10.7, Sum: 215.1]
      [Termination (ms): Min: 0.0, Avg: 0.5, Max: 0.6, Diff: 0.6, Sum: 9.0]
      [GC Worker Other (ms): Min: 0.0, Avg: 0.0, Max: 0.1, Diff: 0.0, Sum: 0.5]
      [GC Worker Total (ms): Min: 23.6, Avg: 23.6, Max: 23.7, Diff: 0.1, Sum: 425.6]
      [GC Worker End (ms): Min: 1270148.9, Avg: 1270149.0, Max: 1270149.0, Diff: 0.0]
   [Code Root Fixup: 0.3 ms]
   [Code Root Migration: 0.1 ms]
   [Clear CT: 1.4 ms]
   [Other: 4.0 ms]
      [Choose CSet: 0.0 ms]
      [Ref Proc: 2.1 ms]
      [Ref Enq: 0.1 ms]
      [Free CSet: 0.6 ms]
   [Eden: 4496.0M(4480.0M)->0.0B(4416.0M) Survivors: 112.0M->144.0M Heap: 9064.5M(10.0G)->4621.6M(10.0G)]
 [Times: user=0.39 sys=0.01, real=0.03 secs] 
1270.155: Total time for which application threads were stopped: 0.0304970 seconds
1274.338: Total time for which application threads were stopped: 0.0012680 seconds
1274.339: [GC pause (GCLocker Initiated GC) (young)
Desired survivor size 301989888 bytes, new threshold 15 (max 15)
- age   1:   12087208 bytes,   12087208 total
- age   2:    6361472 bytes,   18448680 total
- age   3:    5338832 bytes,   23787512 total
- age   4:    7341888 bytes,   31129400 total
- age   5:    3069024 bytes,   34198424 total
- age   6:    2994640 bytes,   37193064 total
- age   7:    2728440 bytes,   39921504 total
- age   8:   19176264 bytes,   59097768 total
- age   9:    1331928 bytes,   60429696 total
- age  10:    2430064 bytes,   62859760 total
- age  11:    1417064 bytes,   64276824 total
- age  12:    1125456 bytes,   65402280 total
- age  13:    2547224 bytes,   67949504 total
- age  14:     985128 bytes,   68934632 total
- age  15:    2482800 bytes,   71417432 total
, 0.0292270 secs]
   [Parallel Time: 24.2 ms, GC Workers: 18]
      [GC Worker Start (ms): Min: 1274339.5, Avg: 1274339.6, Max: 1274339.7, Diff: 0.1]
      [Ext Root Scanning (ms): Min: 4.5, Avg: 4.8, Max: 5.7, Diff: 1.2, Sum: 86.7]
      [Update RS (ms): Min: 3.2, Avg: 4.0, Max: 4.6, Diff: 1.4, Sum: 71.2]
         [Processed Buffers: Min: 10, Avg: 33.8, Max: 90, Diff: 80, Sum: 608]
      [Scan RS (ms): Min: 0.0, Avg: 0.2, Max: 0.3, Diff: 0.3, Sum: 2.9]
      [Code Root Scanning (ms): Min: 0.0, Avg: 0.0, Max: 0.0, Diff: 0.0, Sum: 0.1]
      [Object Copy (ms): Min: 10.3, Avg: 13.7, Max: 15.1, Diff: 4.8, Sum: 246.5]
      [Termination (ms): Min: 0.0, Avg: 0.0, Max: 0.0, Diff: 0.0, Sum: 0.1]
      [GC Worker Other (ms): Min: 0.0, Avg: 1.4, Max: 4.8, Diff: 4.8, Sum: 24.6]
      [GC Worker Total (ms): Min: 23.9, Avg: 24.0, Max: 24.1, Diff: 0.2, Sum: 431.9]
      [GC Worker End (ms): Min: 1274363.5, Avg: 1274363.6, Max: 1274363.6, Diff: 0.1]
   [Code Root Fixup: 0.2 ms]
   [Code Root Migration: 0.1 ms]
   [Clear CT: 1.4 ms]
   [Other: 3.4 ms]
      [Choose CSet: 0.0 ms]
      [Ref Proc: 1.5 ms]
      [Ref Enq: 0.1 ms]
      [Free CSet: 0.7 ms]
   [Eden: 4432.0M(4416.0M)->0.0B(4480.0M) Survivors: 144.0M->112.0M Heap: 9038.0M(10.0G)->4585.5M(10.0G)]
 [Times: user=0.41 sys=0.01, real=0.03 secs] 
1274.369: Total time for which application threads were stopped: 0.0301900 seconds
1274.881: Total time for which application threads were stopped: 0.0012870 seconds
1276.882: Total time for which application threads were stopped: 0.0012190 seconds
1277.885: Total time for which application threads were stopped: 0.0023250 seconds
1278.758: [GC pause (G1 Evacuation Pause) (young)
Desired survivor size 301989888 bytes, new threshold 15 (max 15)
- age   1:   29250000 bytes,   29250000 total
- age   2:    6276512 bytes,   35526512 total
- age   3:    5706920 bytes,   41233432 total
- age   4:    5187288 bytes,   46420720 total
- age   5:    5203720 bytes,   51624440 total
- age   6:     963808 bytes,   52588248 total
- age   7:    2958816 bytes,   55547064 total
- age   8:    2718224 bytes,   58265288 total
- age   9:    2726352 bytes,   60991640 total
- age  10:    1329936 bytes,   62321576 total
- age  11:    2427152 bytes,   64748728 total
- age  12:    1413144 bytes,   66161872 total
- age  13:    1122552 bytes,   67284424 total
- age  14:    2517792 bytes,   69802216 total
- age  15:     984080 bytes,   70786296 total
, 0.0386250 secs]
   [Parallel Time: 33.0 ms, GC Workers: 18]
      [GC Worker Start (ms): Min: 1278759.0, Avg: 1278759.1, Max: 1278759.2, Diff: 0.3]
      [Ext Root Scanning (ms): Min: 3.7, Avg: 4.7, Max: 5.0, Diff: 1.3, Sum: 83.8]
      [Update RS (ms): Min: 3.1, Avg: 3.9, Max: 5.4, Diff: 2.3, Sum: 69.5]
         [Processed Buffers: Min: 9, Avg: 37.3, Max: 68, Diff: 59, Sum: 672]
      [Scan RS (ms): Min: 0.0, Avg: 0.1, Max: 0.3, Diff: 0.3, Sum: 2.6]
      [Code Root Scanning (ms): Min: 0.0, Avg: 0.0, Max: 0.0, Diff: 0.0, Sum: 0.1]
      [Object Copy (ms): Min: 21.7, Avg: 22.9, Max: 24.3, Diff: 2.6, Sum: 413.0]
      [Termination (ms): Min: 0.0, Avg: 0.7, Max: 0.7, Diff: 0.7, Sum: 11.8]
      [GC Worker Other (ms): Min: 0.0, Avg: 0.4, Max: 1.9, Diff: 1.9, Sum: 8.1]
      [GC Worker Total (ms): Min: 32.6, Avg: 32.7, Max: 32.9, Diff: 0.3, Sum: 589.0]
      [GC Worker End (ms): Min: 1278791.8, Avg: 1278791.8, Max: 1278791.9, Diff: 0.1]
   [Code Root Fixup: 0.3 ms]
   [Code Root Migration: 0.1 ms]
   [Clear CT: 1.3 ms]
   [Other: 4.0 ms]
      [Choose CSet: 0.0 ms]
      [Ref Proc: 2.0 ms]
      [Ref Enq: 0.1 ms]
      [Free CSet: 0.7 ms]
   [Eden: 4480.0M(4480.0M)->0.0B(4256.0M) Survivors: 112.0M->224.0M Heap: 9065.5M(10.0G)->4704.5M(10.0G)]
 [Times: user=0.60 sys=0.01, real=0.04 secs] 
1278.797: Total time for which application threads were stopped: 0.0412820 seconds
1278.799: Total time for which application threads were stopped: 0.0009450 seconds
1278.799: Total time for which application threads were stopped: 0.0002940 seconds
1278.803: Total time for which application threads were stopped: 0.0004390 seconds
1278.803: Total time for which application threads were stopped: 0.0002710 seconds
1279.805: Total time for which application threads were stopped: 0.0012540 seconds
1282.609: [GC pause (G1 Evacuation Pause) (young)
Desired survivor size 293601280 bytes, new threshold 15 (max 15)
- age   1:   33021560 bytes,   33021560 total
- age   2:   22668424 bytes,   55689984 total
- age   3:    5416224 bytes,   61106208 total
- age   4:    5462552 bytes,   66568760 total
- age   5:    3058512 bytes,   69627272 total
- age   6:    3096440 bytes,   72723712 total
- age   7:     940936 bytes,   73664648 total
- age   8:    2951032 bytes,   76615680 total
- age   9:    1417448 bytes,   78033128 total
- age  10:    2582896 bytes,   80616024 total
- age  11:    1325648 bytes,   81941672 total
- age  12:    2423384 bytes,   84365056 total
- age  13:    1404728 bytes,   85769784 total
- age  14:     865680 bytes,   86635464 total
- age  15:    2516400 bytes,   89151864 total
, 0.0556390 secs]
   [Parallel Time: 50.4 ms, GC Workers: 18]
      [GC Worker Start (ms): Min: 1282609.3, Avg: 1282609.4, Max: 1282609.5, Diff: 0.1]
      [Ext Root Scanning (ms): Min: 4.2, Avg: 4.8, Max: 5.1, Diff: 0.9, Sum: 85.8]
      [Update RS (ms): Min: 3.0, Avg: 3.7, Max: 5.8, Diff: 2.8, Sum: 67.4]
         [Processed Buffers: Min: 11, Avg: 34.8, Max: 65, Diff: 54, Sum: 626]
      [Scan RS (ms): Min: 0.0, Avg: 0.2, Max: 0.3, Diff: 0.3, Sum: 3.0]
      [Code Root Scanning (ms): Min: 0.0, Avg: 0.0, Max: 0.0, Diff: 0.0, Sum: 0.2]
      [Object Copy (ms): Min: 40.2, Avg: 41.5, Max: 42.1, Diff: 1.9, Sum: 746.6]
      [Termination (ms): Min: 0.0, Avg: 0.0, Max: 0.0, Diff: 0.0, Sum: 0.1]
      [GC Worker Other (ms): Min: 0.0, Avg: 0.1, Max: 0.1, Diff: 0.1, Sum: 1.2]
      [GC Worker Total (ms): Min: 50.1, Avg: 50.2, Max: 50.3, Diff: 0.2, Sum: 904.2]
      [GC Worker End (ms): Min: 1282659.6, Avg: 1282659.6, Max: 1282659.7, Diff: 0.1]
   [Code Root Fixup: 0.2 ms]
   [Code Root Migration: 0.1 ms]
   [Clear CT: 1.4 ms]
   [Other: 3.5 ms]
      [Choose CSet: 0.0 ms]
      [Ref Proc: 1.5 ms]
      [Ref Enq: 0.1 ms]
      [Free CSet: 0.7 ms]
   [Eden: 4256.0M(4256.0M)->0.0B(4320.0M) Survivors: 224.0M->192.0M Heap: 8960.5M(10.0G)->4672.9M(10.0G)]
 [Times: user=0.92 sys=0.01, real=0.06 secs] 
1282.665: Total time for which application threads were stopped: 0.0573370 seconds
1283.040: Total time for which application threads were stopped: 0.0011770 seconds
1284.200: Total time for which application threads were stopped: 0.0012130 seconds
1284.223: Total time for which application threads were stopped: 0.0009770 seconds
1287.174: [GC pause (G1 Evacuation Pause) (young)
Desired survivor size 301989888 bytes, new threshold 15 (max 15)
- age   1:   58550808 bytes,   58550808 total
- age   2:   29020368 bytes,   87571176 total
- age   3:   22072720 bytes,  109643896 total
- age   4:    5311200 bytes,  114955096 total
- age   5:    3351048 bytes,  118306144 total
- age   6:     954328 bytes,  119260472 total
- age   7:    3069560 bytes,  122330032 total
- age   8:     930280 bytes,  123260312 total
- age   9:    2935072 bytes,  126195384 total
- age  10:    1413696 bytes,  127609080 total
- age  11:    2576720 bytes,  130185800 total
- age  12:    1321216 bytes,  131507016 total
- age  13:    2413408 bytes,  133920424 total
- age  14:    1393104 bytes,  135313528 total
- age  15:     863552 bytes,  136177080 total
, 0.0670010 secs]
   [Parallel Time: 61.5 ms, GC Workers: 18]
      [GC Worker Start (ms): Min: 1287174.5, Avg: 1287174.6, Max: 1287174.6, Diff: 0.1]
      [Ext Root Scanning (ms): Min: 4.3, Avg: 4.9, Max: 5.5, Diff: 1.2, Sum: 87.3]
      [Update RS (ms): Min: 3.0, Avg: 3.7, Max: 4.8, Diff: 1.8, Sum: 66.6]
         [Processed Buffers: Min: 13, Avg: 37.2, Max: 64, Diff: 51, Sum: 669]
      [Scan RS (ms): Min: 0.0, Avg: 0.2, Max: 0.3, Diff: 0.3, Sum: 3.3]
      [Code Root Scanning (ms): Min: 0.0, Avg: 0.0, Max: 0.0, Diff: 0.0, Sum: 0.1]
      [Object Copy (ms): Min: 52.0, Avg: 52.4, Max: 52.5, Diff: 0.6, Sum: 943.0]
      [Termination (ms): Min: 0.1, Avg: 0.1, Max: 0.2, Diff: 0.1, Sum: 2.3]
      [GC Worker Other (ms): Min: 0.0, Avg: 0.1, Max: 0.1, Diff: 0.1, Sum: 1.3]
      [GC Worker Total (ms): Min: 61.3, Avg: 61.3, Max: 61.4, Diff: 0.1, Sum: 1104.0]
      [GC Worker End (ms): Min: 1287235.9, Avg: 1287235.9, Max: 1287235.9, Diff: 0.1]
   [Code Root Fixup: 0.3 ms]
   [Code Root Migration: 0.1 ms]
   [Clear CT: 1.6 ms]
   [Other: 3.5 ms]
      [Choose CSet: 0.0 ms]
      [Ref Proc: 1.6 ms]
      [Ref Enq: 0.1 ms]
      [Free CSet: 0.6 ms]
   [Eden: 4320.0M(4320.0M)->0.0B(4096.0M) Survivors: 192.0M->304.0M Heap: 8992.9M(10.0G)->4796.6M(10.0G)]
 [Times: user=1.12 sys=0.02, real=0.06 secs] 
1287.241: Total time for which application threads were stopped: 0.0687460 seconds
1291.139: Total time for which application threads were stopped: 0.0012220 seconds
1291.140: [GC pause (GCLocker Initiated GC) (young)
Desired survivor size 293601280 bytes, new threshold 15 (max 15)
- age   1:   56154408 bytes,   56154408 total
- age   2:   54345888 bytes,  110500296 total
- age   3:   28237408 bytes,  138737704 total
- age   4:   21960208 bytes,  160697912 total
- age   5:    5176088 bytes,  165874000 total
- age   6:    1251448 bytes,  167125448 total
- age   7:     928200 bytes,  168053648 total
- age   8:    3061544 bytes,  171115192 total
- age   9:     924592 bytes,  172039784 total
- age  10:    2927664 bytes,  174967448 total
- age  11:    1410320 bytes,  176377768 total
- age  12:    2570256 bytes,  178948024 total
- age  13:    1320352 bytes,  180268376 total
- age  14:    2099960 bytes,  182368336 total
- age  15:    1361768 bytes,  183730104 total
, 0.1052030 secs]
   [Parallel Time: 99.4 ms, GC Workers: 18]
      [GC Worker Start (ms): Min: 1291140.3, Avg: 1291140.4, Max: 1291140.5, Diff: 0.1]
      [Ext Root Scanning (ms): Min: 4.3, Avg: 5.1, Max: 11.3, Diff: 7.0, Sum: 91.6]
      [Update RS (ms): Min: 9.1, Avg: 15.4, Max: 25.2, Diff: 16.0, Sum: 277.6]
         [Processed Buffers: Min: 3, Avg: 41.0, Max: 114, Diff: 111, Sum: 738]
      [Scan RS (ms): Min: 0.0, Avg: 0.1, Max: 0.4, Diff: 0.4, Sum: 2.2]
      [Code Root Scanning (ms): Min: 0.0, Avg: 0.0, Max: 0.0, Diff: 0.0, Sum: 0.1]
      [Object Copy (ms): Min: 69.3, Avg: 78.4, Max: 79.4, Diff: 10.1, Sum: 1411.1]
      [Termination (ms): Min: 0.0, Avg: 0.1, Max: 0.1, Diff: 0.1, Sum: 1.6]
      [GC Worker Other (ms): Min: 0.0, Avg: 0.1, Max: 0.1, Diff: 0.1, Sum: 1.1]
      [GC Worker Total (ms): Min: 99.1, Avg: 99.2, Max: 99.3, Diff: 0.2, Sum: 1785.2]
      [GC Worker End (ms): Min: 1291239.5, Avg: 1291239.6, Max: 1291239.6, Diff: 0.1]
   [Code Root Fixup: 0.3 ms]
   [Code Root Migration: 0.1 ms]
   [Clear CT: 1.5 ms]
   [Other: 4.0 ms]
      [Choose CSet: 0.0 ms]
      [Ref Proc: 2.0 ms]
      [Ref Enq: 0.1 ms]
      [Free CSet: 0.6 ms]
   [Eden: 4112.0M(4096.0M)->0.0B(4000.0M) Survivors: 304.0M->336.0M Heap: 8908.9M(10.0G)->4840.5M(10.0G)]
 [Times: user=1.70 sys=0.02, real=0.11 secs] 
1291.245: Total time for which application threads were stopped: 0.1061850 seconds
1294.426: Total time for which application threads were stopped: 0.0013040 seconds
1295.346: [GC pause (G1 Evacuation Pause) (young)
Desired survivor size 285212672 bytes, new threshold 15 (max 15)
- age   1:  106957096 bytes,  106957096 total
- age   2:    5882352 bytes,  112839448 total
- age   3:   54113224 bytes,  166952672 total
- age   4:   28128040 bytes,  195080712 total
- age   5:   19833224 bytes,  214913936 total
- age   6:    3090744 bytes,  218004680 total
- age   7:    1235776 bytes,  219240456 total
- age   8:     915880 bytes,  220156336 total
- age   9:    3054840 bytes,  223211176 total
- age  10:     918336 bytes,  224129512 total
- age  11:    2749672 bytes,  226879184 total
- age  12:    1407704 bytes,  228286888 total
- age  13:    2569432 bytes,  230856320 total
- age  14:    1314376 bytes,  232170696 total
- age  15:    2092832 bytes,  234263528 total
, 0.1853750 secs]
   [Parallel Time: 180.1 ms, GC Workers: 18]
      [GC Worker Start (ms): Min: 1295346.8, Avg: 1295346.8, Max: 1295346.9, Diff: 0.1]
      [Ext Root Scanning (ms): Min: 4.2, Avg: 5.1, Max: 5.9, Diff: 1.7, Sum: 91.4]
      [Update RS (ms): Min: 7.8, Avg: 9.0, Max: 11.9, Diff: 4.1, Sum: 162.7]
         [Processed Buffers: Min: 8, Avg: 37.7, Max: 70, Diff: 62, Sum: 679]
      [Scan RS (ms): Min: 0.0, Avg: 0.2, Max: 0.4, Diff: 0.4, Sum: 3.5]
      [Code Root Scanning (ms): Min: 0.0, Avg: 0.0, Max: 0.0, Diff: 0.0, Sum: 0.1]
      [Object Copy (ms): Min: 163.3, Avg: 165.3, Max: 166.0, Diff: 2.7, Sum: 2975.4]
      [Termination (ms): Min: 0.0, Avg: 0.1, Max: 0.1, Diff: 0.1, Sum: 1.3]
      [GC Worker Other (ms): Min: 0.0, Avg: 0.2, Max: 2.6, Diff: 2.6, Sum: 3.8]
      [GC Worker Total (ms): Min: 179.8, Avg: 179.9, Max: 180.0, Diff: 0.2, Sum: 3238.2]
      [GC Worker End (ms): Min: 1295526.7, Avg: 1295526.7, Max: 1295526.8, Diff: 0.1]
   [Code Root Fixup: 0.2 ms]
   [Code Root Migration: 0.1 ms]
   [Clear CT: 1.4 ms]
   [Other: 3.7 ms]
      [Choose CSet: 0.0 ms]
      [Ref Proc: 1.6 ms]
      [Ref Enq: 0.1 ms]
      [Free CSet: 0.6 ms]
   [Eden: 4000.0M(4000.0M)->0.0B(3696.0M) Survivors: 336.0M->480.0M Heap: 8840.5M(10.0G)->4993.8M(10.0G)]
 [Times: user=3.22 sys=0.02, real=0.18 secs] 
1295.532: Total time for which application threads were stopped: 0.1870930 seconds
1298.736: [GC pause (G1 Evacuation Pause) (young)
Desired survivor size 276824064 bytes, new threshold 2 (max 15)
- age   1:  178767136 bytes,  178767136 total
- age   2:  100677392 bytes,  279444528 total
- age   3:    5357608 bytes,  284802136 total
- age   4:   53978648 bytes,  338780784 total
- age   5:   28050272 bytes,  366831056 total
- age   6:   17377080 bytes,  384208136 total
- age   7:    3064920 bytes,  387273056 total
- age   8:    1225960 bytes,  388499016 total
- age   9:     911216 bytes,  389410232 total
- age  10:    3047288 bytes,  392457520 total
- age  11:     912064 bytes,  393369584 total
- age  12:    2743224 bytes,  396112808 total
- age  13:    1402488 bytes,  397515296 total
- age  14:    2555672 bytes,  400070968 total
- age  15:    1300080 bytes,  401371048 total
, 0.3998650 secs]
   [Parallel Time: 392.0 ms, GC Workers: 18]
      [GC Worker Start (ms): Min: 1298736.7, Avg: 1298736.8, Max: 1298736.8, Diff: 0.1]
      [Ext Root Scanning (ms): Min: 4.2, Avg: 4.9, Max: 5.4, Diff: 1.2, Sum: 87.3]
      [Update RS (ms): Min: 38.7, Avg: 39.5, Max: 40.4, Diff: 1.6, Sum: 711.6]
         [Processed Buffers: Min: 14, Avg: 50.8, Max: 111, Diff: 97, Sum: 915]
      [Scan RS (ms): Min: 0.0, Avg: 0.2, Max: 0.3, Diff: 0.3, Sum: 2.8]
      [Code Root Scanning (ms): Min: 0.0, Avg: 0.0, Max: 0.0, Diff: 0.0, Sum: 0.1]
      [Object Copy (ms): Min: 346.2, Avg: 346.9, Max: 347.1, Diff: 1.0, Sum: 6243.6]
      [Termination (ms): Min: 0.3, Avg: 0.3, Max: 0.4, Diff: 0.2, Sum: 6.2]
      [GC Worker Other (ms): Min: 0.0, Avg: 0.1, Max: 0.1, Diff: 0.1, Sum: 1.5]
      [GC Worker Total (ms): Min: 391.7, Avg: 391.8, Max: 391.9, Diff: 0.2, Sum: 7053.1]
      [GC Worker End (ms): Min: 1299128.6, Avg: 1299128.6, Max: 1299128.6, Diff: 0.1]
   [Code Root Fixup: 0.2 ms]
   [Code Root Migration: 0.1 ms]
   [Clear CT: 1.2 ms]
   [Other: 6.3 ms]
      [Choose CSet: 0.0 ms]
      [Ref Proc: 1.8 ms]
      [Ref Enq: 0.1 ms]
      [Free CSet: 0.6 ms]
   [Eden: 3696.0M(3696.0M)->0.0B(16.0M) Survivors: 480.0M->528.0M Heap: 8713.8M(10.0G)->5520.0M(10.0G)]
 [Times: user=7.06 sys=0.03, real=0.40 secs] 
1299.136: Total time for which application threads were stopped: 0.4015740 seconds
1299.149: [GC pause (G1 Evacuation Pause) (young) (initial-mark)
Desired survivor size 41943040 bytes, new threshold 1 (max 15)
- age   1:  507274560 bytes,  507274560 total
- age   2:  173112176 bytes,  680386736 total
, 0.3199450 secs]
   [Parallel Time: 312.1 ms, GC Workers: 18]
      [GC Worker Start (ms): Min: 1299148.8, Avg: 1299148.9, Max: 1299149.0, Diff: 0.1]
      [Ext Root Scanning (ms): Min: 3.3, Avg: 4.0, Max: 4.5, Diff: 1.2, Sum: 71.9]
      [Code Root Marking (ms): Min: 0.2, Avg: 0.9, Max: 4.9, Diff: 4.7, Sum: 16.7]
      [Update RS (ms): Min: 73.1, Avg: 76.8, Max: 78.8, Diff: 5.7, Sum: 1382.7]
         [Processed Buffers: Min: 117, Avg: 139.5, Max: 167, Diff: 50, Sum: 2511]
      [Scan RS (ms): Min: 16.7, Avg: 18.3, Max: 18.8, Diff: 2.2, Sum: 330.1]
      [Code Root Scanning (ms): Min: 0.0, Avg: 0.0, Max: 0.0, Diff: 0.0, Sum: 0.1]
      [Object Copy (ms): Min: 210.6, Avg: 211.0, Max: 211.3, Diff: 0.7, Sum: 3797.1]
      [Termination (ms): Min: 0.6, Avg: 0.8, Max: 1.0, Diff: 0.4, Sum: 14.9]
      [GC Worker Other (ms): Min: 0.0, Avg: 0.0, Max: 0.1, Diff: 0.0, Sum: 0.8]
      [GC Worker Total (ms): Min: 311.8, Avg: 311.9, Max: 312.0, Diff: 0.2, Sum: 5614.4]
      [GC Worker End (ms): Min: 1299460.8, Avg: 1299460.8, Max: 1299460.8, Diff: 0.0]
   [Code Root Fixup: 0.3 ms]
   [Code Root Migration: 0.0 ms]
   [Clear CT: 0.6 ms]
   [Other: 7.0 ms]
      [Choose CSet: 0.0 ms]
      [Ref Proc: 1.5 ms]
      [Ref Enq: 0.1 ms]
      [Free CSet: 0.3 ms]
   [Eden: 16.0M(16.0M)->0.0B(432.0M) Survivors: 528.0M->80.0M Heap: 5536.0M(10.0G)->5791.4M(10.0G)]
 [Times: user=5.59 sys=0.04, real=0.32 secs] 
1299.469: [GC concurrent-root-region-scan-start]
1299.469: [GC concurrent-root-region-scan-end, 0.0001280 secs]
1299.469: [GC concurrent-mark-start]
1299.469: Total time for which application threads were stopped: 0.3213720 seconds
1299.765: Total time for which application threads were stopped: 0.0012170 seconds
1299.802: [GC pause (G1 Evacuation Pause) (young)
Desired survivor size 33554432 bytes, new threshold 15 (max 15)
- age   1:     364120 bytes,     364120 total
, 0.1485970 secs]
   [Parallel Time: 144.7 ms, GC Workers: 18]
      [GC Worker Start (ms): Min: 1299802.4, Avg: 1299802.5, Max: 1299802.5, Diff: 0.1]
      [Ext Root Scanning (ms): Min: 3.6, Avg: 4.5, Max: 5.6, Diff: 2.0, Sum: 81.4]
      [SATB Filtering (ms): Min: 0.0, Avg: 0.3, Max: 6.0, Diff: 6.0, Sum: 6.0]
      [Update RS (ms): Min: 128.4, Avg: 133.3, Max: 139.8, Diff: 11.3, Sum: 2399.1]
         [Processed Buffers: Min: 94, Avg: 187.2, Max: 228, Diff: 134, Sum: 3370]
      [Scan RS (ms): Min: 0.0, Avg: 0.2, Max: 0.5, Diff: 0.5, Sum: 3.5]
      [Code Root Scanning (ms): Min: 0.0, Avg: 0.0, Max: 0.0, Diff: 0.0, Sum: 0.0]
      [Object Copy (ms): Min: 0.3, Avg: 5.4, Max: 6.0, Diff: 5.7, Sum: 97.0]
      [Termination (ms): Min: 0.0, Avg: 0.8, Max: 0.9, Diff: 0.9, Sum: 14.1]
      [GC Worker Other (ms): Min: 0.0, Avg: 0.0, Max: 0.0, Diff: 0.0, Sum: 0.5]
      [GC Worker Total (ms): Min: 144.5, Avg: 144.5, Max: 144.6, Diff: 0.1, Sum: 2601.5]
      [GC Worker End (ms): Min: 1299947.0, Avg: 1299947.0, Max: 1299947.0, Diff: 0.0]
   [Code Root Fixup: 0.3 ms]
   [Code Root Migration: 0.0 ms]
   [Clear CT: 0.3 ms]
   [Other: 3.3 ms]
      [Choose CSet: 0.0 ms]
      [Ref Proc: 1.5 ms]
      [Ref Enq: 0.1 ms]
      [Free CSet: 0.2 ms]
   [Eden: 432.0M(432.0M)->0.0B(448.0M) Survivors: 80.0M->64.0M Heap: 6223.4M(10.0G)->5863.8M(10.0G)]
 [Times: user=2.60 sys=0.02, real=0.15 secs] 
1299.951: Total time for which application threads were stopped: 0.1499510 seconds
1300.423: [GC pause (G1 Evacuation Pause) (young)
Desired survivor size 33554432 bytes, new threshold 15 (max 15)
- age   1:    4618200 bytes,    4618200 total
- age   2:      12760 bytes,    4630960 total
, 0.0462590 secs]
   [Parallel Time: 42.1 ms, GC Workers: 18]
      [GC Worker Start (ms): Min: 1300423.6, Avg: 1300423.7, Max: 1300423.8, Diff: 0.2]
      [Ext Root Scanning (ms): Min: 4.0, Avg: 4.7, Max: 5.3, Diff: 1.2, Sum: 85.2]
      [SATB Filtering (ms): Min: 0.0, Avg: 0.1, Max: 2.1, Diff: 2.1, Sum: 2.1]
      [Update RS (ms): Min: 24.4, Avg: 25.4, Max: 26.5, Diff: 2.0, Sum: 457.0]
         [Processed Buffers: Min: 29, Avg: 61.1, Max: 85, Diff: 56, Sum: 1099]
      [Scan RS (ms): Min: 0.0, Avg: 0.0, Max: 0.1, Diff: 0.1, Sum: 0.3]
      [Code Root Scanning (ms): Min: 0.0, Avg: 0.0, Max: 0.0, Diff: 0.0, Sum: 0.0]
      [Object Copy (ms): Min: 11.0, Avg: 11.5, Max: 12.0, Diff: 1.0, Sum: 207.4]
      [Termination (ms): Min: 0.0, Avg: 0.0, Max: 0.0, Diff: 0.0, Sum: 0.3]
      [GC Worker Other (ms): Min: 0.0, Avg: 0.0, Max: 0.1, Diff: 0.0, Sum: 0.9]
      [GC Worker Total (ms): Min: 41.8, Avg: 41.8, Max: 41.9, Diff: 0.2, Sum: 753.2]
      [GC Worker End (ms): Min: 1300465.5, Avg: 1300465.5, Max: 1300465.5, Diff: 0.0]
   [Code Root Fixup: 0.3 ms]
   [Code Root Migration: 0.0 ms]
   [Clear CT: 0.3 ms]
   [Other: 3.7 ms]
      [Choose CSet: 0.0 ms]
      [Ref Proc: 1.6 ms]
      [Ref Enq: 0.1 ms]
      [Free CSet: 0.2 ms]
   [Eden: 448.0M(448.0M)->0.0B(464.0M) Survivors: 64.0M->48.0M Heap: 6311.8M(10.0G)->5835.8M(10.0G)]
 [Times: user=0.74 sys=0.01, real=0.05 secs] 
1300.470: Total time for which application threads were stopped: 0.0476910 seconds
1300.928: [GC pause (G1 Evacuation Pause) (young)
Desired survivor size 33554432 bytes, new threshold 15 (max 15)
- age   1:   11017552 bytes,   11017552 total
- age   2:    1674640 bytes,   12692192 total
- age   3:       1792 bytes,   12693984 total
, 0.0564700 secs]
   [Parallel Time: 51.8 ms, GC Workers: 18]
      [GC Worker Start (ms): Min: 1300928.0, Avg: 1300928.1, Max: 1300928.2, Diff: 0.2]
      [Ext Root Scanning (ms): Min: 3.5, Avg: 4.4, Max: 5.1, Diff: 1.6, Sum: 78.8]
      [SATB Filtering (ms): Min: 0.0, Avg: 0.1, Max: 2.0, Diff: 2.0, Sum: 2.0]
      [Update RS (ms): Min: 23.0, Avg: 23.9, Max: 24.9, Diff: 1.9, Sum: 429.4]
         [Processed Buffers: Min: 43, Avg: 59.9, Max: 102, Diff: 59, Sum: 1078]
      [Scan RS (ms): Min: 3.9, Avg: 4.4, Max: 5.5, Diff: 1.6, Sum: 80.1]
      [Code Root Scanning (ms): Min: 0.0, Avg: 0.0, Max: 0.0, Diff: 0.0, Sum: 0.0]
      [Object Copy (ms): Min: 17.8, Avg: 18.7, Max: 19.0, Diff: 1.1, Sum: 336.3]
      [Termination (ms): Min: 0.0, Avg: 0.0, Max: 0.0, Diff: 0.0, Sum: 0.2]
      [GC Worker Other (ms): Min: 0.0, Avg: 0.0, Max: 0.0, Diff: 0.0, Sum: 0.6]
      [GC Worker Total (ms): Min: 51.4, Avg: 51.5, Max: 51.6, Diff: 0.2, Sum: 927.3]
      [GC Worker End (ms): Min: 1300979.6, Avg: 1300979.6, Max: 1300979.6, Diff: 0.0]
   [Code Root Fixup: 0.3 ms]
   [Code Root Migration: 0.0 ms]
   [Clear CT: 0.9 ms]
   [Other: 3.6 ms]
      [Choose CSet: 0.0 ms]
      [Ref Proc: 1.5 ms]
      [Ref Enq: 0.1 ms]
      [Free CSet: 0.3 ms]
   [Eden: 464.0M(464.0M)->0.0B(480.0M) Survivors: 48.0M->32.0M Heap: 6299.8M(10.0G)->5826.8M(10.0G)]
 [Times: user=0.94 sys=0.00, real=0.06 secs] 
1300.984: Total time for which application threads were stopped: 0.0579550 seconds
1301.436: [GC concurrent-mark-end, 1.9674700 secs]
1301.438: [GC remark 1301.439: [GC ref-proc, 0.0027550 secs], 0.0110580 secs]
 [Times: user=0.15 sys=0.00, real=0.01 secs] 
1301.449: Total time for which application threads were stopped: 0.0124000 seconds
1301.449: [GC cleanup 6297M->6265M(10G), 0.0123500 secs]
 [Times: user=0.21 sys=0.00, real=0.01 secs] 
1301.462: Total time for which application threads were stopped: 0.0132390 seconds
1301.462: [GC concurrent-cleanup-start]
1301.462: [GC concurrent-cleanup-end, 0.0000450 secs]
1301.476: [GC pause (G1 Evacuation Pause) (young)
Desired survivor size 33554432 bytes, new threshold 15 (max 15)
- age   1:    8935256 bytes,    8935256 total
- age   2:    9354528 bytes,   18289784 total
- age   3:    1668104 bytes,   19957888 total
- age   4:       1728 bytes,   19959616 total
, 0.0679860 secs]
   [Parallel Time: 63.1 ms, GC Workers: 18]
      [GC Worker Start (ms): Min: 1301476.6, Avg: 1301476.6, Max: 1301476.7, Diff: 0.1]
      [Ext Root Scanning (ms): Min: 4.3, Avg: 5.0, Max: 5.4, Diff: 1.1, Sum: 90.1]
      [Update RS (ms): Min: 23.4, Avg: 24.2, Max: 27.9, Diff: 4.5, Sum: 435.1]
         [Processed Buffers: Min: 26, Avg: 58.8, Max: 108, Diff: 82, Sum: 1059]
      [Scan RS (ms): Min: 2.2, Avg: 6.2, Max: 6.7, Diff: 4.5, Sum: 111.1]
      [Code Root Scanning (ms): Min: 0.0, Avg: 0.0, Max: 0.0, Diff: 0.0, Sum: 0.0]
      [Object Copy (ms): Min: 27.4, Avg: 27.5, Max: 27.7, Diff: 0.3, Sum: 495.2]
      [Termination (ms): Min: 0.0, Avg: 0.0, Max: 0.1, Diff: 0.1, Sum: 0.6]
      [GC Worker Other (ms): Min: 0.0, Avg: 0.0, Max: 0.1, Diff: 0.0, Sum: 0.8]
      [GC Worker Total (ms): Min: 62.9, Avg: 62.9, Max: 63.0, Diff: 0.1, Sum: 1132.9]
      [GC Worker End (ms): Min: 1301539.5, Avg: 1301539.6, Max: 1301539.6, Diff: 0.0]
   [Code Root Fixup: 0.3 ms]
   [Code Root Migration: 0.0 ms]
   [Clear CT: 0.8 ms]
   [Other: 3.7 ms]
      [Choose CSet: 0.0 ms]
      [Ref Proc: 1.6 ms]
      [Ref Enq: 0.1 ms]
      [Free CSet: 0.2 ms]
   [Eden: 480.0M(480.0M)->0.0B(464.0M) Survivors: 32.0M->48.0M Heap: 6274.8M(10.0G)->5806.3M(10.0G)]
 [Times: user=1.15 sys=0.00, real=0.07 secs] 
1301.544: Total time for which application threads were stopped: 0.0697340 seconds
1301.545: Total time for which application threads were stopped: 0.0008730 seconds
1301.546: Total time for which application threads were stopped: 0.0003170 seconds
1301.546: Total time for which application threads were stopped: 0.0002710 seconds
1301.547: Total time for which application threads were stopped: 0.0002850 seconds
1301.978: [GC pause (G1 Evacuation Pause) (mixed)
Desired survivor size 33554432 bytes, new threshold 15 (max 15)
- age   1:   11728520 bytes,   11728520 total
- age   2:    8090680 bytes,   19819200 total
- age   3:    8205448 bytes,   28024648 total
- age   4:    1667840 bytes,   29692488 total
- age   5:       1728 bytes,   29694216 total
, 0.1051990 secs]
   [Parallel Time: 98.4 ms, GC Workers: 18]
      [GC Worker Start (ms): Min: 1301978.7, Avg: 1301978.8, Max: 1301978.9, Diff: 0.2]
      [Ext Root Scanning (ms): Min: 4.2, Avg: 4.8, Max: 5.3, Diff: 1.1, Sum: 87.1]
      [Update RS (ms): Min: 20.1, Avg: 20.8, Max: 22.8, Diff: 2.7, Sum: 374.1]
         [Processed Buffers: Min: 32, Avg: 61.2, Max: 104, Diff: 72, Sum: 1101]
      [Scan RS (ms): Min: 9.0, Avg: 10.2, Max: 10.7, Diff: 1.7, Sum: 184.4]
      [Code Root Scanning (ms): Min: 0.0, Avg: 0.0, Max: 0.0, Diff: 0.0, Sum: 0.0]
      [Object Copy (ms): Min: 62.0, Avg: 62.2, Max: 62.4, Diff: 0.4, Sum: 1119.6]
      [Termination (ms): Min: 0.0, Avg: 0.0, Max: 0.0, Diff: 0.0, Sum: 0.5]
      [GC Worker Other (ms): Min: 0.0, Avg: 0.1, Max: 0.1, Diff: 0.0, Sum: 0.9]
      [GC Worker Total (ms): Min: 98.0, Avg: 98.1, Max: 98.3, Diff: 0.2, Sum: 1766.6]
      [GC Worker End (ms): Min: 1302076.9, Avg: 1302076.9, Max: 1302076.9, Diff: 0.0]
   [Code Root Fixup: 0.2 ms]
   [Code Root Migration: 0.0 ms]
   [Clear CT: 1.4 ms]
   [Other: 5.2 ms]
      [Choose CSet: 0.1 ms]
      [Ref Proc: 1.6 ms]
      [Ref Enq: 0.1 ms]
      [Free CSet: 0.5 ms]
   [Eden: 464.0M(464.0M)->0.0B(464.0M) Survivors: 48.0M->48.0M Heap: 6270.3M(10.0G)->5507.4M(10.0G)]
 [Times: user=1.79 sys=0.00, real=0.10 secs] 
1302.084: Total time for which application threads were stopped: 0.1070090 seconds
1302.490: [GC pause (G1 Evacuation Pause) (mixed)
Desired survivor size 33554432 bytes, new threshold 15 (max 15)
- age   1:    1716920 bytes,    1716920 total
- age   2:   10099360 bytes,   11816280 total
- age   3:    8068392 bytes,   19884672 total
- age   4:    8193376 bytes,   28078048 total
- age   5:    1665064 bytes,   29743112 total
- age   6:       1504 bytes,   29744616 total
, 0.1524240 secs]
   [Parallel Time: 144.4 ms, GC Workers: 18]
      [GC Worker Start (ms): Min: 1302491.2, Avg: 1302491.3, Max: 1302491.4, Diff: 0.1]
      [Ext Root Scanning (ms): Min: 4.2, Avg: 5.0, Max: 5.4, Diff: 1.2, Sum: 90.1]
      [Update RS (ms): Min: 11.3, Avg: 11.9, Max: 13.3, Diff: 2.0, Sum: 213.7]
         [Processed Buffers: Min: 17, Avg: 50.8, Max: 68, Diff: 51, Sum: 914]
      [Scan RS (ms): Min: 22.0, Avg: 22.8, Max: 23.0, Diff: 0.9, Sum: 410.7]
      [Code Root Scanning (ms): Min: 0.0, Avg: 0.0, Max: 0.0, Diff: 0.0, Sum: 0.1]
      [Object Copy (ms): Min: 104.2, Avg: 104.3, Max: 104.4, Diff: 0.2, Sum: 1877.8]
      [Termination (ms): Min: 0.0, Avg: 0.1, Max: 0.2, Diff: 0.2, Sum: 1.7]
      [GC Worker Other (ms): Min: 0.0, Avg: 0.0, Max: 0.0, Diff: 0.0, Sum: 0.6]
      [GC Worker Total (ms): Min: 144.1, Avg: 144.1, Max: 144.2, Diff: 0.1, Sum: 2594.7]
      [GC Worker End (ms): Min: 1302635.4, Avg: 1302635.4, Max: 1302635.4, Diff: 0.0]
   [Code Root Fixup: 0.2 ms]
   [Code Root Migration: 0.0 ms]
   [Clear CT: 1.4 ms]
   [Other: 6.4 ms]
      [Choose CSet: 0.2 ms]
      [Ref Proc: 1.6 ms]
      [Ref Enq: 0.1 ms]
      [Free CSet: 0.7 ms]
   [Eden: 464.0M(464.0M)->0.0B(464.0M) Survivors: 48.0M->48.0M Heap: 5971.4M(10.0G)->5302.1M(10.0G)]
 [Times: user=2.62 sys=0.00, real=0.15 secs] 
1302.643: Total time for which application threads were stopped: 0.1541890 seconds
1302.889: [GC pause (G1 Evacuation Pause) (mixed)
Desired survivor size 33554432 bytes, new threshold 15 (max 15)
- age   1:     897520 bytes,     897520 total
- age   2:     966264 bytes,    1863784 total
- age   3:   10092600 bytes,   11956384 total
- age   4:    8060864 bytes,   20017248 total
- age   5:    8161592 bytes,   28178840 total
- age   6:    1650432 bytes,   29829272 total
- age   7:        520 bytes,   29829792 total
, 0.1371510 secs]
   [Parallel Time: 125.6 ms, GC Workers: 18]
      [GC Worker Start (ms): Min: 1302889.5, Avg: 1302889.6, Max: 1302889.7, Diff: 0.2]
      [Ext Root Scanning (ms): Min: 4.0, Avg: 4.7, Max: 5.3, Diff: 1.3, Sum: 84.6]
      [Update RS (ms): Min: 10.2, Avg: 10.7, Max: 11.9, Diff: 1.7, Sum: 193.1]
         [Processed Buffers: Min: 21, Avg: 48.8, Max: 84, Diff: 63, Sum: 878]
      [Scan RS (ms): Min: 27.7, Avg: 28.4, Max: 28.6, Diff: 0.9, Sum: 511.0]
      [Code Root Scanning (ms): Min: 0.0, Avg: 0.1, Max: 1.2, Diff: 1.2, Sum: 1.6]
      [Object Copy (ms): Min: 80.4, Avg: 81.2, Max: 81.5, Diff: 1.2, Sum: 1462.2]
      [Termination (ms): Min: 0.0, Avg: 0.2, Max: 0.2, Diff: 0.2, Sum: 3.0]
      [GC Worker Other (ms): Min: 0.0, Avg: 0.0, Max: 0.1, Diff: 0.0, Sum: 0.8]
      [GC Worker Total (ms): Min: 125.3, Avg: 125.4, Max: 125.5, Diff: 0.2, Sum: 2256.3]
      [GC Worker End (ms): Min: 1303015.0, Avg: 1303015.0, Max: 1303015.0, Diff: 0.0]
   [Code Root Fixup: 1.1 ms]
   [Code Root Migration: 2.2 ms]
   [Clear CT: 2.0 ms]
   [Other: 6.3 ms]
      [Choose CSet: 0.3 ms]
      [Ref Proc: 1.7 ms]
      [Ref Enq: 0.1 ms]
      [Free CSet: 0.8 ms]
   [Eden: 464.0M(464.0M)->0.0B(448.0M) Survivors: 48.0M->64.0M Heap: 5766.1M(10.0G)->5334.6M(10.0G)]
 [Times: user=2.29 sys=0.01, real=0.14 secs] 
1303.026: Total time for which application threads were stopped: 0.1386500 seconds
1303.274: [GC pause (G1 Evacuation Pause) (young)
Desired survivor size 33554432 bytes, new threshold 1 (max 15)
- age   1:   42924224 bytes,   42924224 total
- age   2:     358720 bytes,   43282944 total
- age   3:     948816 bytes,   44231760 total
- age   4:   10088024 bytes,   54319784 total
- age   5:    8049592 bytes,   62369376 total
- age   6:    8155360 bytes,   70524736 total
- age   7:    1650192 bytes,   72174928 total
- age   8:        520 bytes,   72175448 total
, 0.0718170 secs]
   [Parallel Time: 66.4 ms, GC Workers: 18]
      [GC Worker Start (ms): Min: 1303274.7, Avg: 1303274.7, Max: 1303274.8, Diff: 0.1]
      [Ext Root Scanning (ms): Min: 4.3, Avg: 4.9, Max: 5.3, Diff: 1.0, Sum: 87.7]
      [Update RS (ms): Min: 10.7, Avg: 11.5, Max: 12.4, Diff: 1.7, Sum: 206.5]
         [Processed Buffers: Min: 14, Avg: 46.0, Max: 96, Diff: 82, Sum: 828]
      [Scan RS (ms): Min: 10.9, Avg: 11.5, Max: 11.9, Diff: 1.0, Sum: 207.2]
      [Code Root Scanning (ms): Min: 0.0, Avg: 0.0, Max: 0.0, Diff: 0.0, Sum: 0.0]
      [Object Copy (ms): Min: 38.2, Avg: 38.3, Max: 38.6, Diff: 0.3, Sum: 689.6]
      [Termination (ms): Min: 0.0, Avg: 0.0, Max: 0.0, Diff: 0.0, Sum: 0.0]
      [GC Worker Other (ms): Min: 0.0, Avg: 0.0, Max: 0.1, Diff: 0.1, Sum: 0.7]
      [GC Worker Total (ms): Min: 66.1, Avg: 66.2, Max: 66.3, Diff: 0.2, Sum: 1191.8]
      [GC Worker End (ms): Min: 1303340.9, Avg: 1303341.0, Max: 1303341.0, Diff: 0.0]
   [Code Root Fixup: 0.3 ms]
   [Code Root Migration: 0.0 ms]
   [Clear CT: 0.9 ms]
   [Other: 4.2 ms]
      [Choose CSet: 0.0 ms]
      [Ref Proc: 1.7 ms]
      [Ref Enq: 0.1 ms]
      [Free CSet: 0.3 ms]
   [Eden: 448.0M(448.0M)->0.0B(448.0M) Survivors: 64.0M->64.0M Heap: 5782.6M(10.0G)->5431.2M(10.0G)]
 [Times: user=1.20 sys=0.01, real=0.08 secs] 
1303.346: Total time for which application threads were stopped: 0.0735210 seconds
1303.626: [GC pause (G1 Evacuation Pause) (young) (initial-mark)
Desired survivor size 33554432 bytes, new threshold 1 (max 15)
- age   1:   42137840 bytes,   42137840 total
, 0.0693720 secs]
   [Parallel Time: 65.1 ms, GC Workers: 18]
      [GC Worker Start (ms): Min: 1303626.2, Avg: 1303626.3, Max: 1303626.3, Diff: 0.1]
      [Ext Root Scanning (ms): Min: 3.6, Avg: 4.5, Max: 4.9, Diff: 1.3, Sum: 81.0]
      [Code Root Marking (ms): Min: 0.3, Avg: 1.1, Max: 6.7, Diff: 6.3, Sum: 20.1]
      [Update RS (ms): Min: 6.0, Avg: 12.0, Max: 13.2, Diff: 7.2, Sum: 216.4]
         [Processed Buffers: Min: 23, Avg: 45.3, Max: 70, Diff: 47, Sum: 816]
      [Scan RS (ms): Min: 0.0, Avg: 0.7, Max: 2.1, Diff: 2.0, Sum: 12.6]
      [Code Root Scanning (ms): Min: 0.0, Avg: 0.0, Max: 0.0, Diff: 0.0, Sum: 0.0]
      [Object Copy (ms): Min: 45.4, Avg: 46.4, Max: 46.7, Diff: 1.4, Sum: 836.0]
      [Termination (ms): Min: 0.0, Avg: 0.0, Max: 0.0, Diff: 0.0, Sum: 0.1]
      [GC Worker Other (ms): Min: 0.0, Avg: 0.0, Max: 0.1, Diff: 0.0, Sum: 0.7]
      [GC Worker Total (ms): Min: 64.8, Avg: 64.8, Max: 64.9, Diff: 0.1, Sum: 1166.8]
      [GC Worker End (ms): Min: 1303691.1, Avg: 1303691.1, Max: 1303691.1, Diff: 0.0]
   [Code Root Fixup: 0.2 ms]
   [Code Root Migration: 0.0 ms]
   [Clear CT: 0.6 ms]
   [Other: 3.4 ms]
      [Choose CSet: 0.0 ms]
      [Ref Proc: 1.6 ms]
      [Ref Enq: 0.1 ms]
      [Free CSet: 0.2 ms]
   [Eden: 448.0M(448.0M)->0.0B(448.0M) Survivors: 64.0M->64.0M Heap: 5879.2M(10.0G)->5503.1M(10.0G)]
 [Times: user=1.18 sys=0.00, real=0.07 secs] 
1303.695: [GC concurrent-root-region-scan-start]
1303.695: Total time for which application threads were stopped: 0.0709450 seconds
1303.764: [GC concurrent-root-region-scan-end, 0.0685470 secs]
1303.764: [GC concurrent-mark-start]
1303.975: [GC pause (G1 Evacuation Pause) (young)
Desired survivor size 33554432 bytes, new threshold 1 (max 15)
- age   1:   49385376 bytes,   49385376 total
, 0.0856700 secs]
   [Parallel Time: 81.4 ms, GC Workers: 18]
      [GC Worker Start (ms): Min: 1303975.1, Avg: 1303975.2, Max: 1303975.3, Diff: 0.2]
      [Ext Root Scanning (ms): Min: 4.0, Avg: 4.8, Max: 5.1, Diff: 1.1, Sum: 86.2]
      [SATB Filtering (ms): Min: 0.0, Avg: 0.1, Max: 2.2, Diff: 2.2, Sum: 2.2]
      [Update RS (ms): Min: 11.3, Avg: 12.4, Max: 13.6, Diff: 2.3, Sum: 223.1]
         [Processed Buffers: Min: 18, Avg: 46.4, Max: 73, Diff: 55, Sum: 836]
      [Scan RS (ms): Min: 0.8, Avg: 1.6, Max: 2.4, Diff: 1.6, Sum: 29.4]
      [Code Root Scanning (ms): Min: 0.0, Avg: 0.0, Max: 0.0, Diff: 0.0, Sum: 0.0]
      [Object Copy (ms): Min: 60.6, Avg: 61.6, Max: 62.3, Diff: 1.6, Sum: 1108.0]
      [Termination (ms): Min: 0.0, Avg: 0.7, Max: 0.8, Diff: 0.8, Sum: 12.5]
      [GC Worker Other (ms): Min: 0.0, Avg: 0.0, Max: 0.1, Diff: 0.1, Sum: 0.6]
      [GC Worker Total (ms): Min: 81.1, Avg: 81.2, Max: 81.3, Diff: 0.2, Sum: 1462.1]
      [GC Worker End (ms): Min: 1304056.4, Avg: 1304056.4, Max: 1304056.4, Diff: 0.0]
   [Code Root Fixup: 0.3 ms]
   [Code Root Migration: 0.0 ms]
   [Clear CT: 0.6 ms]
   [Other: 3.4 ms]
      [Choose CSet: 0.0 ms]
      [Ref Proc: 1.7 ms]
      [Ref Enq: 0.1 ms]
      [Free CSet: 0.2 ms]
   [Eden: 448.0M(448.0M)->0.0B(448.0M) Survivors: 64.0M->64.0M Heap: 5951.1M(10.0G)->5572.8M(10.0G)]
 [Times: user=1.47 sys=0.00, real=0.09 secs] 
1304.061: Total time for which application threads were stopped: 0.0873570 seconds
1304.340: [GC pause (G1 Evacuation Pause) (young)
Desired survivor size 33554432 bytes, new threshold 1 (max 15)
- age   1:   45279192 bytes,   45279192 total
, 0.0886040 secs]
   [Parallel Time: 84.5 ms, GC Workers: 18]
      [GC Worker Start (ms): Min: 1304340.1, Avg: 1304340.2, Max: 1304340.3, Diff: 0.2]
      [Ext Root Scanning (ms): Min: 3.6, Avg: 4.6, Max: 5.0, Diff: 1.4, Sum: 82.1]
      [SATB Filtering (ms): Min: 0.0, Avg: 0.1, Max: 2.0, Diff: 2.0, Sum: 2.0]
      [Update RS (ms): Min: 14.0, Avg: 16.9, Max: 40.8, Diff: 26.8, Sum: 304.4]
         [Processed Buffers: Min: 8, Avg: 43.3, Max: 81, Diff: 73, Sum: 779]
      [Scan RS (ms): Min: 0.0, Avg: 3.7, Max: 4.3, Diff: 4.3, Sum: 65.8]
      [Code Root Scanning (ms): Min: 0.0, Avg: 0.0, Max: 0.0, Diff: 0.0, Sum: 0.0]
      [Object Copy (ms): Min: 38.6, Avg: 59.1, Max: 60.4, Diff: 21.8, Sum: 1063.4]
      [Termination (ms): Min: 0.0, Avg: 0.0, Max: 0.0, Diff: 0.0, Sum: 0.1]
      [GC Worker Other (ms): Min: 0.0, Avg: 0.0, Max: 0.0, Diff: 0.0, Sum: 0.6]
      [GC Worker Total (ms): Min: 84.3, Avg: 84.4, Max: 84.4, Diff: 0.2, Sum: 1518.4]
      [GC Worker End (ms): Min: 1304424.6, Avg: 1304424.6, Max: 1304424.6, Diff: 0.0]
   [Code Root Fixup: 0.2 ms]
   [Code Root Migration: 0.0 ms]
   [Clear CT: 0.6 ms]
   [Other: 3.3 ms]
      [Choose CSet: 0.0 ms]
      [Ref Proc: 1.6 ms]
      [Ref Enq: 0.1 ms]
      [Free CSet: 0.2 ms]
   [Eden: 448.0M(448.0M)->0.0B(448.0M) Survivors: 64.0M->64.0M Heap: 6020.8M(10.0G)->5646.9M(10.0G)]
 [Times: user=1.48 sys=0.01, real=0.09 secs] 
1304.429: Total time for which application threads were stopped: 0.0900510 seconds
1304.556: Total time for which application threads were stopped: 0.0012390 seconds
1304.714: [GC pause (G1 Evacuation Pause) (young)
Desired survivor size 33554432 bytes, new threshold 1 (max 15)
- age   1:   40885424 bytes,   40885424 total
, 0.0545320 secs]
   [Parallel Time: 50.8 ms, GC Workers: 18]
      [GC Worker Start (ms): Min: 1304715.0, Avg: 1304715.1, Max: 1304715.1, Diff: 0.1]
      [Ext Root Scanning (ms): Min: 4.0, Avg: 4.6, Max: 5.2, Diff: 1.2, Sum: 83.1]
      [SATB Filtering (ms): Min: 0.0, Avg: 0.1, Max: 1.5, Diff: 1.5, Sum: 1.5]
      [Update RS (ms): Min: 7.6, Avg: 8.9, Max: 10.1, Diff: 2.5, Sum: 160.4]
         [Processed Buffers: Min: 10, Avg: 40.1, Max: 67, Diff: 57, Sum: 721]
      [Scan RS (ms): Min: 0.1, Avg: 0.9, Max: 1.4, Diff: 1.3, Sum: 15.8]
      [Code Root Scanning (ms): Min: 0.0, Avg: 0.0, Max: 0.0, Diff: 0.0, Sum: 0.0]
      [Object Copy (ms): Min: 35.9, Avg: 36.0, Max: 36.2, Diff: 0.3, Sum: 648.4]
      [Termination (ms): Min: 0.0, Avg: 0.0, Max: 0.0, Diff: 0.0, Sum: 0.2]
      [GC Worker Other (ms): Min: 0.0, Avg: 0.0, Max: 0.1, Diff: 0.0, Sum: 0.8]
      [GC Worker Total (ms): Min: 50.5, Avg: 50.6, Max: 50.6, Diff: 0.2, Sum: 910.2]
      [GC Worker End (ms): Min: 1304765.6, Avg: 1304765.6, Max: 1304765.6, Diff: 0.0]
   [Code Root Fixup: 0.3 ms]
   [Code Root Migration: 0.0 ms]
   [Clear CT: 0.3 ms]
   [Other: 3.1 ms]
      [Choose CSet: 0.0 ms]
      [Ref Proc: 1.6 ms]
      [Ref Enq: 0.1 ms]
      [Free CSet: 0.2 ms]
   [Eden: 448.0M(448.0M)->0.0B(2016.0M) Survivors: 64.0M->48.0M Heap: 6094.9M(10.0G)->5688.6M(10.0G)]
 [Times: user=0.91 sys=0.01, real=0.06 secs] 
1304.769: Total time for which application threads were stopped: 0.0560210 seconds
1305.058: [GC concurrent-mark-end, 1.2939430 secs]
1305.059: [GC remark 1305.060: [GC ref-proc, 0.0028250 secs], 0.0109320 secs]
 [Times: user=0.14 sys=0.01, real=0.01 secs] 
1305.070: Total time for which application threads were stopped: 0.0124680 seconds
1305.071: [GC cleanup 6154M->5986M(10G), 0.0130490 secs]
 [Times: user=0.22 sys=0.00, real=0.01 secs] 
1305.084: Total time for which application threads were stopped: 0.0140830 seconds
1305.084: [GC concurrent-cleanup-start]
1305.085: [GC concurrent-cleanup-end, 0.0001600 secs]
1306.935: Total time for which application threads were stopped: 0.0012100 seconds
1306.936: [GC pause (GCLocker Initiated GC) (young)
Desired survivor size 142606336 bytes, new threshold 15 (max 15)
- age   1:   12361016 bytes,   12361016 total
, 0.0334910 secs]
   [Parallel Time: 29.6 ms, GC Workers: 18]
      [GC Worker Start (ms): Min: 1306936.7, Avg: 1306936.8, Max: 1306936.8, Diff: 0.1]
      [Ext Root Scanning (ms): Min: 4.5, Avg: 5.2, Max: 10.8, Diff: 6.2, Sum: 93.4]
      [Update RS (ms): Min: 5.0, Avg: 14.3, Max: 21.6, Diff: 16.6, Sum: 256.8]
         [Processed Buffers: Min: 19, Avg: 46.6, Max: 78, Diff: 59, Sum: 839]
      [Scan RS (ms): Min: 0.0, Avg: 0.3, Max: 1.2, Diff: 1.2, Sum: 5.6]
      [Code Root Scanning (ms): Min: 0.0, Avg: 0.0, Max: 0.0, Diff: 0.0, Sum: 0.0]
      [Object Copy (ms): Min: 0.9, Avg: 7.6, Max: 12.0, Diff: 11.1, Sum: 137.5]
      [Termination (ms): Min: 0.1, Avg: 2.0, Max: 2.1, Diff: 2.0, Sum: 35.6]
      [GC Worker Other (ms): Min: 0.0, Avg: 0.0, Max: 0.1, Diff: 0.0, Sum: 0.5]
      [GC Worker Total (ms): Min: 29.3, Avg: 29.4, Max: 29.5, Diff: 0.1, Sum: 529.4]
      [GC Worker End (ms): Min: 1306966.2, Avg: 1306966.2, Max: 1306966.2, Diff: 0.0]
   [Code Root Fixup: 0.2 ms]
   [Code Root Migration: 0.0 ms]
   [Clear CT: 0.8 ms]
   [Other: 2.9 ms]
      [Choose CSet: 0.0 ms]
      [Ref Proc: 1.6 ms]
      [Ref Enq: 0.1 ms]
      [Free CSet: 0.4 ms]
   [Eden: 2032.0M(2016.0M)->0.0B(480.0M) Survivors: 48.0M->32.0M Heap: 7536.6M(10.0G)->5516.1M(10.0G)]
 [Times: user=0.45 sys=0.00, real=0.03 secs] 
1306.970: Total time for which application threads were stopped: 0.0344320 seconds
1307.305: [GC pause (G1 Evacuation Pause) (mixed)
Desired survivor size 33554432 bytes, new threshold 15 (max 15)
- age   1:   15161952 bytes,   15161952 total
- age   2:    6878712 bytes,   22040664 total
, 0.0775380 secs]
   [Parallel Time: 68.4 ms, GC Workers: 18]
      [GC Worker Start (ms): Min: 1307305.7, Avg: 1307305.8, Max: 1307305.9, Diff: 0.2]
      [Ext Root Scanning (ms): Min: 4.0, Avg: 4.8, Max: 5.3, Diff: 1.2, Sum: 86.4]
      [Update RS (ms): Min: 2.2, Avg: 2.9, Max: 4.4, Diff: 2.1, Sum: 53.0]
         [Processed Buffers: Min: 11, Avg: 33.6, Max: 71, Diff: 60, Sum: 605]
      [Scan RS (ms): Min: 20.5, Avg: 21.2, Max: 21.6, Diff: 1.1, Sum: 380.8]
      [Code Root Scanning (ms): Min: 0.0, Avg: 0.0, Max: 0.5, Diff: 0.5, Sum: 0.5]
      [Object Copy (ms): Min: 39.1, Avg: 39.3, Max: 39.5, Diff: 0.4, Sum: 707.2]
      [Termination (ms): Min: 0.0, Avg: 0.0, Max: 0.0, Diff: 0.0, Sum: 0.6]
      [GC Worker Other (ms): Min: 0.0, Avg: 0.0, Max: 0.1, Diff: 0.0, Sum: 0.8]
      [GC Worker Total (ms): Min: 68.2, Avg: 68.3, Max: 68.4, Diff: 0.2, Sum: 1229.3]
      [GC Worker End (ms): Min: 1307374.1, Avg: 1307374.1, Max: 1307374.1, Diff: 0.0]
   [Code Root Fixup: 0.5 ms]
   [Code Root Migration: 0.7 ms]
   [Clear CT: 2.0 ms]
   [Other: 6.0 ms]
      [Choose CSet: 0.5 ms]
      [Ref Proc: 1.6 ms]
      [Ref Enq: 0.2 ms]
      [Free CSet: 1.1 ms]
   [Eden: 480.0M(480.0M)->0.0B(464.0M) Survivors: 32.0M->48.0M Heap: 5996.1M(10.0G)->4711.3M(10.0G)]
 [Times: user=1.26 sys=0.02, real=0.08 secs] 
1307.383: Total time for which application threads were stopped: 0.0790580 seconds
1307.645: [GC pause (G1 Evacuation Pause) (mixed)
Desired survivor size 33554432 bytes, new threshold 15 (max 15)
- age   1:    9535256 bytes,    9535256 total
- age   2:   12800344 bytes,   22335600 total
- age   3:    6603160 bytes,   28938760 total
, 0.0772760 secs]
   [Parallel Time: 69.6 ms, GC Workers: 18]
      [GC Worker Start (ms): Min: 1307645.7, Avg: 1307645.9, Max: 1307645.9, Diff: 0.2]
      [Ext Root Scanning (ms): Min: 4.0, Avg: 4.7, Max: 5.2, Diff: 1.2, Sum: 85.3]
      [Update RS (ms): Min: 6.0, Avg: 6.7, Max: 7.9, Diff: 1.8, Sum: 121.0]
         [Processed Buffers: Min: 23, Avg: 42.4, Max: 74, Diff: 51, Sum: 764]
      [Scan RS (ms): Min: 15.9, Avg: 16.7, Max: 17.3, Diff: 1.4, Sum: 300.8]
      [Code Root Scanning (ms): Min: 0.0, Avg: 0.0, Max: 0.3, Diff: 0.3, Sum: 0.6]
      [Object Copy (ms): Min: 40.8, Avg: 41.1, Max: 41.4, Diff: 0.6, Sum: 740.6]
      [Termination (ms): Min: 0.0, Avg: 0.0, Max: 0.0, Diff: 0.0, Sum: 0.1]
      [GC Worker Other (ms): Min: 0.0, Avg: 0.0, Max: 0.1, Diff: 0.1, Sum: 0.7]
      [GC Worker Total (ms): Min: 69.3, Avg: 69.4, Max: 69.5, Diff: 0.2, Sum: 1249.1]
      [GC Worker End (ms): Min: 1307715.2, Avg: 1307715.2, Max: 1307715.3, Diff: 0.1]
   [Code Root Fixup: 0.6 ms]
   [Code Root Migration: 0.9 ms]
   [Clear CT: 1.5 ms]
   [Other: 4.6 ms]
      [Choose CSet: 0.2 ms]
      [Ref Proc: 1.5 ms]
      [Ref Enq: 0.1 ms]
      [Free CSet: 0.5 ms]
   [Eden: 464.0M(464.0M)->0.0B(2592.0M) Survivors: 48.0M->64.0M Heap: 5175.3M(10.0G)->4652.7M(10.0G)]
 [Times: user=1.27 sys=0.01, real=0.08 secs] 
1307.723: Total time for which application threads were stopped: 0.0788720 seconds
1310.752: [GC pause (G1 Evacuation Pause) (young)
Desired survivor size 176160768 bytes, new threshold 15 (max 15)
- age   1:   31538952 bytes,   31538952 total
- age   2:    6414752 bytes,   37953704 total
- age   3:   12755400 bytes,   50709104 total
- age   4:    6596720 bytes,   57305824 total
, 0.0311030 secs]
   [Parallel Time: 26.5 ms, GC Workers: 18]
      [GC Worker Start (ms): Min: 1310752.4, Avg: 1310752.5, Max: 1310752.6, Diff: 0.2]
      [Ext Root Scanning (ms): Min: 4.3, Avg: 4.8, Max: 5.3, Diff: 1.0, Sum: 87.2]
      [Update RS (ms): Min: 9.9, Avg: 10.4, Max: 10.9, Diff: 1.0, Sum: 187.3]
         [Processed Buffers: Min: 10, Avg: 43.4, Max: 64, Diff: 54, Sum: 782]
      [Scan RS (ms): Min: 0.3, Avg: 0.8, Max: 1.0, Diff: 0.7, Sum: 14.9]
      [Code Root Scanning (ms): Min: 0.0, Avg: 0.0, Max: 0.0, Diff: 0.0, Sum: 0.1]
      [Object Copy (ms): Min: 10.0, Avg: 10.1, Max: 10.3, Diff: 0.3, Sum: 182.2]
      [Termination (ms): Min: 0.0, Avg: 0.0, Max: 0.0, Diff: 0.0, Sum: 0.1]
      [GC Worker Other (ms): Min: 0.0, Avg: 0.1, Max: 0.1, Diff: 0.1, Sum: 1.0]
      [GC Worker Total (ms): Min: 26.2, Avg: 26.3, Max: 26.4, Diff: 0.2, Sum: 472.8]
      [GC Worker End (ms): Min: 1310778.8, Avg: 1310778.8, Max: 1310778.8, Diff: 0.1]
   [Code Root Fixup: 0.2 ms]
   [Code Root Migration: 0.0 ms]
   [Clear CT: 1.3 ms]
   [Other: 3.1 ms]
      [Choose CSet: 0.0 ms]
      [Ref Proc: 1.6 ms]
      [Ref Enq: 0.1 ms]
      [Free CSet: 0.6 ms]
   [Eden: 2592.0M(2592.0M)->0.0B(4400.0M) Survivors: 64.0M->80.0M Heap: 7244.7M(10.0G)->4677.6M(10.0G)]
 [Times: user=0.48 sys=0.00, real=0.03 secs] 
1310.783: Total time for which application threads were stopped: 0.0327180 seconds
1315.002: Total time for which application threads were stopped: 0.0011830 seconds
1315.004: Total time for which application threads were stopped: 0.0004790 seconds
1315.005: Total time for which application threads were stopped: 0.0002720 seconds
1315.005: Total time for which application threads were stopped: 0.0004000 seconds
1315.020: Total time for which application threads were stopped: 0.0007000 seconds
1315.036: Total time for which application threads were stopped: 0.0007760 seconds
1316.771: [GC pause (G1 Evacuation Pause) (young) (initial-mark)
Desired survivor size 293601280 bytes, new threshold 15 (max 15)
- age   1:   25362096 bytes,   25362096 total
- age   2:    2034528 bytes,   27396624 total
- age   3:    1255800 bytes,   28652424 total
- age   4:   11937384 bytes,   40589808 total
- age   5:    6464024 bytes,   47053832 total
, 0.0294100 secs]
   [Parallel Time: 24.0 ms, GC Workers: 18]
      [GC Worker Start (ms): Min: 1316771.1, Avg: 1316771.2, Max: 1316771.3, Diff: 0.1]
      [Ext Root Scanning (ms): Min: 3.9, Avg: 4.7, Max: 5.3, Diff: 1.4, Sum: 85.5]
      [Code Root Marking (ms): Min: 0.1, Avg: 1.3, Max: 10.3, Diff: 10.1, Sum: 23.2]
      [Update RS (ms): Min: 0.0, Avg: 3.1, Max: 3.7, Diff: 3.7, Sum: 55.5]
         [Processed Buffers: Min: 0, Avg: 33.7, Max: 65, Diff: 65, Sum: 607]
      [Scan RS (ms): Min: 0.0, Avg: 0.2, Max: 0.3, Diff: 0.2, Sum: 3.0]
      [Code Root Scanning (ms): Min: 0.0, Avg: 0.0, Max: 0.0, Diff: 0.0, Sum: 0.1]
      [Object Copy (ms): Min: 8.4, Avg: 14.5, Max: 15.3, Diff: 6.8, Sum: 260.6]
      [Termination (ms): Min: 0.0, Avg: 0.0, Max: 0.0, Diff: 0.0, Sum: 0.1]
      [GC Worker Other (ms): Min: 0.0, Avg: 0.1, Max: 0.1, Diff: 0.1, Sum: 1.0]
      [GC Worker Total (ms): Min: 23.7, Avg: 23.8, Max: 23.9, Diff: 0.2, Sum: 429.0]
      [GC Worker End (ms): Min: 1316795.0, Avg: 1316795.0, Max: 1316795.1, Diff: 0.1]
   [Code Root Fixup: 0.3 ms]
   [Code Root Migration: 0.1 ms]
   [Clear CT: 1.4 ms]
   [Other: 3.7 ms]
      [Choose CSet: 0.0 ms]
      [Ref Proc: 1.6 ms]
      [Ref Enq: 0.1 ms]
      [Free CSet: 0.8 ms]
   [Eden: 4400.0M(4400.0M)->0.0B(4384.0M) Survivors: 80.0M->96.0M Heap: 9077.6M(10.0G)->4697.0M(10.0G)]
 [Times: user=0.44 sys=0.01, real=0.03 secs] 
1316.800: [GC concurrent-root-region-scan-start]
1316.800: Total time for which application threads were stopped: 0.0309870 seconds
1316.819: [GC concurrent-root-region-scan-end, 0.0184950 secs]
1316.819: [GC concurrent-mark-start]
1317.810: [GC concurrent-mark-end, 0.9911380 secs]
1317.811: [GC remark 1317.812: [GC ref-proc, 0.0033470 secs], 0.0107250 secs]
 [Times: user=0.15 sys=0.00, real=0.01 secs] 
1317.822: Total time for which application threads were stopped: 0.0120910 seconds
1317.823: [GC cleanup 5725M->5692M(10G), 0.0096790 secs]
 [Times: user=0.16 sys=0.00, real=0.01 secs] 
1317.833: Total time for which application threads were stopped: 0.0105360 seconds
1317.833: [GC concurrent-cleanup-start]
1317.833: [GC concurrent-cleanup-end, 0.0000550 secs]
1321.867: [GC pause (G1 Evacuation Pause) (young)
Desired survivor size 293601280 bytes, new threshold 15 (max 15)
- age   1:   17470600 bytes,   17470600 total
- age   2:   20571968 bytes,   38042568 total
- age   3:    1882248 bytes,   39924816 total
- age   4:    1102976 bytes,   41027792 total
- age   5:   11559208 bytes,   52587000 total
- age   6:    6446344 bytes,   59033344 total
, 0.2405920 secs]
   [Parallel Time: 235.3 ms, GC Workers: 18]
      [GC Worker Start (ms): Min: 1321867.2, Avg: 1321867.3, Max: 1321867.4, Diff: 0.1]
      [Ext Root Scanning (ms): Min: 3.9, Avg: 4.7, Max: 5.1, Diff: 1.2, Sum: 84.7]
      [Update RS (ms): Min: 52.7, Avg: 53.4, Max: 56.8, Diff: 4.1, Sum: 961.5]
         [Processed Buffers: Min: 11, Avg: 47.8, Max: 81, Diff: 70, Sum: 860]
      [Scan RS (ms): Min: 0.0, Avg: 0.2, Max: 0.3, Diff: 0.3, Sum: 3.9]
      [Code Root Scanning (ms): Min: 0.0, Avg: 0.0, Max: 0.0, Diff: 0.0, Sum: 0.1]
      [Object Copy (ms): Min: 172.2, Avg: 175.6, Max: 176.5, Diff: 4.3, Sum: 3160.9]
      [Termination (ms): Min: 0.0, Avg: 1.1, Max: 1.4, Diff: 1.4, Sum: 19.9]
      [GC Worker Other (ms): Min: 0.0, Avg: 0.1, Max: 0.1, Diff: 0.1, Sum: 1.2]
      [GC Worker Total (ms): Min: 235.0, Avg: 235.1, Max: 235.2, Diff: 0.2, Sum: 4232.2]
      [GC Worker End (ms): Min: 1322102.4, Avg: 1322102.4, Max: 1322102.5, Diff: 0.1]
   [Code Root Fixup: 0.3 ms]
   [Code Root Migration: 0.1 ms]
   [Clear CT: 1.2 ms]
   [Other: 3.8 ms]
      [Choose CSet: 0.0 ms]
      [Ref Proc: 1.6 ms]
      [Ref Enq: 0.1 ms]
      [Free CSet: 0.8 ms]
   [Eden: 4384.0M(4384.0M)->0.0B(16.0M) Survivors: 96.0M->496.0M Heap: 9074.3M(10.0G)->5090.3M(10.0G)]
 [Times: user=4.15 sys=0.10, real=0.24 secs] 
1322.108: Total time for which application threads were stopped: 0.2422230 seconds
1322.109: Total time for which application threads were stopped: 0.0006880 seconds
1322.112: [GC pause (GCLocker Initiated GC) (mixed)
Desired survivor size 33554432 bytes, new threshold 1 (max 15)
- age   1:  352257792 bytes,  352257792 total
- age   2:   11098472 bytes,  363356264 total
- age   3:   20331352 bytes,  383687616 total
- age   4:     487816 bytes,  384175432 total
- age   5:     904088 bytes,  385079520 total
- age   6:   10778056 bytes,  395857576 total
- age   7:    1649944 bytes,  397507520 total
, 0.2805690 secs]
   [Parallel Time: 271.2 ms, GC Workers: 18]
      [GC Worker Start (ms): Min: 1322112.5, Avg: 1322112.6, Max: 1322112.6, Diff: 0.1]
      [Ext Root Scanning (ms): Min: 3.9, Avg: 4.8, Max: 5.6, Diff: 1.7, Sum: 86.4]
      [Update RS (ms): Min: 46.9, Avg: 47.9, Max: 49.1, Diff: 2.1, Sum: 862.1]
         [Processed Buffers: Min: 11, Avg: 19.1, Max: 47, Diff: 36, Sum: 343]
      [Scan RS (ms): Min: 13.6, Avg: 14.7, Max: 14.9, Diff: 1.3, Sum: 264.1]
      [Code Root Scanning (ms): Min: 0.0, Avg: 0.0, Max: 0.3, Diff: 0.3, Sum: 0.4]
      [Object Copy (ms): Min: 202.6, Avg: 203.3, Max: 203.6, Diff: 1.0, Sum: 3659.8]
      [Termination (ms): Min: 0.0, Avg: 0.3, Max: 0.6, Diff: 0.6, Sum: 5.6]
      [GC Worker Other (ms): Min: 0.0, Avg: 0.0, Max: 0.1, Diff: 0.0, Sum: 0.7]
      [GC Worker Total (ms): Min: 271.0, Avg: 271.1, Max: 271.1, Diff: 0.1, Sum: 4879.1]
      [GC Worker End (ms): Min: 1322383.6, Avg: 1322383.6, Max: 1322383.6, Diff: 0.0]
   [Code Root Fixup: 0.6 ms]
   [Code Root Migration: 0.6 ms]
   [Clear CT: 1.3 ms]
   [Other: 6.9 ms]
      [Choose CSet: 0.1 ms]
      [Ref Proc: 1.5 ms]
      [Ref Enq: 0.1 ms]
      [Free CSet: 0.5 ms]
   [Eden: 48.0M(16.0M)->0.0B(448.0M) Survivors: 496.0M->64.0M Heap: 5138.3M(10.0G)->4958.5M(10.0G)]
 [Times: user=4.86 sys=0.04, real=0.28 secs] 
1322.393: Total time for which application threads were stopped: 0.2812790 seconds
1322.700: [GC pause (G1 Evacuation Pause) (mixed)
Desired survivor size 33554432 bytes, new threshold 15 (max 15)
- age   1:     307544 bytes,     307544 total
, 0.0584180 secs]
   [Parallel Time: 52.3 ms, GC Workers: 18]
      [GC Worker Start (ms): Min: 1322700.3, Avg: 1322700.3, Max: 1322700.4, Diff: 0.1]
      [Ext Root Scanning (ms): Min: 4.0, Avg: 4.7, Max: 5.5, Diff: 1.5, Sum: 85.3]
      [Update RS (ms): Min: 6.2, Avg: 7.2, Max: 8.1, Diff: 1.8, Sum: 128.8]
         [Processed Buffers: Min: 7, Avg: 41.1, Max: 88, Diff: 81, Sum: 740]
      [Scan RS (ms): Min: 6.4, Avg: 7.3, Max: 8.3, Diff: 1.8, Sum: 130.8]
      [Code Root Scanning (ms): Min: 0.0, Avg: 0.0, Max: 0.4, Diff: 0.4, Sum: 0.4]
      [Object Copy (ms): Min: 32.0, Avg: 32.9, Max: 33.3, Diff: 1.3, Sum: 592.2]
      [Termination (ms): Min: 0.0, Avg: 0.0, Max: 0.0, Diff: 0.0, Sum: 0.4]
      [GC Worker Other (ms): Min: 0.0, Avg: 0.0, Max: 0.1, Diff: 0.0, Sum: 0.8]
      [GC Worker Total (ms): Min: 52.1, Avg: 52.2, Max: 52.2, Diff: 0.2, Sum: 938.7]
      [GC Worker End (ms): Min: 1322752.5, Avg: 1322752.5, Max: 1322752.5, Diff: 0.0]
   [Code Root Fixup: 0.4 ms]
   [Code Root Migration: 0.3 ms]
   [Clear CT: 1.7 ms]
   [Other: 3.8 ms]
      [Choose CSet: 0.1 ms]
      [Ref Proc: 1.7 ms]
      [Ref Enq: 0.1 ms]
      [Free CSet: 0.3 ms]
   [Eden: 448.0M(448.0M)->0.0B(1424.0M) Survivors: 64.0M->64.0M Heap: 5406.5M(10.0G)->5050.1M(10.0G)]
 [Times: user=0.97 sys=0.01, real=0.06 secs] 
1322.758: Total time for which application threads were stopped: 0.0599060 seconds
1323.071: [GC pause (G1 Humongous Allocation) (young) (initial-mark)
Desired survivor size 100663296 bytes, new threshold 15 (max 15)
- age   1:   39980840 bytes,   39980840 total
- age   2:     111304 bytes,   40092144 total
, 0.0650850 secs]
   [Parallel Time: 61.7 ms, GC Workers: 18]
      [GC Worker Start (ms): Min: 1323071.3, Avg: 1323071.4, Max: 1323071.5, Diff: 0.2]
      [Ext Root Scanning (ms): Min: 3.8, Avg: 4.4, Max: 4.9, Diff: 1.1, Sum: 79.0]
      [Code Root Marking (ms): Min: 0.2, Avg: 1.1, Max: 7.3, Diff: 7.2, Sum: 19.6]
      [Update RS (ms): Min: 5.1, Avg: 12.1, Max: 13.9, Diff: 8.9, Sum: 217.9]
         [Processed Buffers: Min: 6, Avg: 37.5, Max: 105, Diff: 99, Sum: 675]
      [Scan RS (ms): Min: 0.0, Avg: 0.0, Max: 0.1, Diff: 0.0, Sum: 0.3]
      [Code Root Scanning (ms): Min: 0.0, Avg: 0.0, Max: 0.0, Diff: 0.0, Sum: 0.0]
      [Object Copy (ms): Min: 42.3, Avg: 43.9, Max: 44.4, Diff: 2.0, Sum: 789.8]
      [Termination (ms): Min: 0.0, Avg: 0.0, Max: 0.0, Diff: 0.0, Sum: 0.5]
      [GC Worker Other (ms): Min: 0.0, Avg: 0.0, Max: 0.1, Diff: 0.0, Sum: 0.8]
      [GC Worker Total (ms): Min: 61.5, Avg: 61.6, Max: 61.6, Diff: 0.2, Sum: 1107.9]
      [GC Worker End (ms): Min: 1323133.0, Avg: 1323133.0, Max: 1323133.0, Diff: 0.0]
   [Code Root Fixup: 0.2 ms]
   [Code Root Migration: 0.0 ms]
   [Clear CT: 0.2 ms]
   [Other: 2.9 ms]
      [Choose CSet: 0.0 ms]
      [Ref Proc: 1.5 ms]
      [Ref Enq: 0.1 ms]
      [Free CSet: 0.2 ms]
   [Eden: 384.0M(1424.0M)->0.0B(416.0M) Survivors: 64.0M->96.0M Heap: 5425.8M(10.0G)->5071.4M(10.0G)]
 [Times: user=1.10 sys=0.02, real=0.06 secs] 
1323.136: [GC concurrent-root-region-scan-start]
1323.136: Total time for which application threads were stopped: 0.0665170 seconds
1323.156: [GC concurrent-root-region-scan-end, 0.0199200 secs]
1323.156: [GC concurrent-mark-start]
1323.548: [GC pause (G1 Evacuation Pause) (young)
Desired survivor size 33554432 bytes, new threshold 2 (max 15)
- age   1:   29714296 bytes,   29714296 total
- age   2:   35626728 bytes,   65341024 total
- age   3:     111160 bytes,   65452184 total
, 0.0861460 secs]
   [Parallel Time: 82.2 ms, GC Workers: 18]
      [GC Worker Start (ms): Min: 1323548.9, Avg: 1323549.0, Max: 1323549.1, Diff: 0.3]
      [Ext Root Scanning (ms): Min: 4.0, Avg: 4.9, Max: 5.3, Diff: 1.3, Sum: 87.4]
      [SATB Filtering (ms): Min: 0.0, Avg: 0.2, Max: 3.1, Diff: 3.1, Sum: 3.1]
      [Update RS (ms): Min: 20.5, Avg: 22.9, Max: 23.6, Diff: 3.1, Sum: 411.4]
         [Processed Buffers: Min: 17, Avg: 41.0, Max: 77, Diff: 60, Sum: 738]
      [Scan RS (ms): Min: 0.0, Avg: 0.0, Max: 0.0, Diff: 0.0, Sum: 0.4]
      [Code Root Scanning (ms): Min: 0.0, Avg: 0.0, Max: 0.0, Diff: 0.0, Sum: 0.0]
      [Object Copy (ms): Min: 53.4, Avg: 53.9, Max: 54.1, Diff: 0.7, Sum: 969.8]
      [Termination (ms): Min: 0.0, Avg: 0.1, Max: 0.1, Diff: 0.1, Sum: 1.2]
      [GC Worker Other (ms): Min: 0.0, Avg: 0.0, Max: 0.1, Diff: 0.0, Sum: 0.8]
      [GC Worker Total (ms): Min: 81.8, Avg: 81.9, Max: 82.0, Diff: 0.2, Sum: 1474.2]
      [GC Worker End (ms): Min: 1323630.9, Avg: 1323630.9, Max: 1323630.9, Diff: 0.0]
   [Code Root Fixup: 0.4 ms]
   [Code Root Migration: 0.0 ms]
   [Clear CT: 0.2 ms]
   [Other: 3.3 ms]
      [Choose CSet: 0.0 ms]
      [Ref Proc: 1.6 ms]
      [Ref Enq: 0.1 ms]
      [Free CSet: 0.2 ms]
   [Eden: 416.0M(416.0M)->0.0B(448.0M) Survivors: 96.0M->64.0M Heap: 5510.9M(10.0G)->5180.9M(10.0G)]
 [Times: user=1.45 sys=0.03, real=0.08 secs] 
1323.635: Total time for which application threads were stopped: 0.0875960 seconds
1324.004: [GC pause (G1 Evacuation Pause) (young)
Desired survivor size 33554432 bytes, new threshold 1 (max 15)
- age   1:   49699240 bytes,   49699240 total
- age   2:   27845784 bytes,   77545024 total
, 0.0783410 secs]
   [Parallel Time: 74.2 ms, GC Workers: 18]
      [GC Worker Start (ms): Min: 1324004.1, Avg: 1324004.1, Max: 1324004.2, Diff: 0.1]
      [Ext Root Scanning (ms): Min: 3.7, Avg: 4.6, Max: 5.0, Diff: 1.2, Sum: 83.7]
      [SATB Filtering (ms): Min: 0.0, Avg: 0.1, Max: 1.8, Diff: 1.8, Sum: 1.8]
      [Update RS (ms): Min: 10.2, Avg: 11.5, Max: 15.8, Diff: 5.6, Sum: 206.9]
         [Processed Buffers: Min: 8, Avg: 38.7, Max: 110, Diff: 102, Sum: 696]
      [Scan RS (ms): Min: 0.0, Avg: 3.4, Max: 4.5, Diff: 4.5, Sum: 60.9]
      [Code Root Scanning (ms): Min: 0.0, Avg: 0.0, Max: 0.0, Diff: 0.0, Sum: 0.0]
      [Object Copy (ms): Min: 53.4, Avg: 54.2, Max: 54.8, Diff: 1.4, Sum: 974.8]
      [Termination (ms): Min: 0.0, Avg: 0.2, Max: 0.2, Diff: 0.2, Sum: 3.0]
      [GC Worker Other (ms): Min: 0.0, Avg: 0.0, Max: 0.1, Diff: 0.0, Sum: 0.8]
      [GC Worker Total (ms): Min: 73.9, Avg: 74.0, Max: 74.1, Diff: 0.1, Sum: 1332.0]
      [GC Worker End (ms): Min: 1324078.1, Avg: 1324078.1, Max: 1324078.1, Diff: 0.0]
   [Code Root Fixup: 0.2 ms]
   [Code Root Migration: 0.0 ms]
   [Clear CT: 0.5 ms]
   [Other: 3.4 ms]
      [Choose CSet: 0.0 ms]
      [Ref Proc: 1.7 ms]
      [Ref Enq: 0.1 ms]
      [Free CSet: 0.2 ms]
   [Eden: 448.0M(448.0M)->0.0B(448.0M) Survivors: 64.0M->64.0M Heap: 5628.9M(10.0G)->5275.0M(10.0G)]
 [Times: user=1.34 sys=0.01, real=0.08 secs] 
1324.082: Total time for which application threads were stopped: 0.0796620 seconds
1324.454: [GC pause (G1 Evacuation Pause) (young)
Desired survivor size 33554432 bytes, new threshold 1 (max 15)
- age   1:   68185544 bytes,   68185544 total
, 0.0789220 secs]
   [Parallel Time: 74.8 ms, GC Workers: 18]
      [GC Worker Start (ms): Min: 1324454.5, Avg: 1324454.6, Max: 1324454.7, Diff: 0.2]
      [Ext Root Scanning (ms): Min: 4.0, Avg: 4.8, Max: 5.2, Diff: 1.2, Sum: 86.5]
      [SATB Filtering (ms): Min: 0.0, Avg: 0.1, Max: 1.9, Diff: 1.9, Sum: 1.9]
      [Update RS (ms): Min: 10.9, Avg: 11.9, Max: 13.3, Diff: 2.3, Sum: 213.4]
         [Processed Buffers: Min: 5, Avg: 36.2, Max: 95, Diff: 90, Sum: 652]
      [Scan RS (ms): Min: 0.0, Avg: 0.3, Max: 0.8, Diff: 0.8, Sum: 5.8]
      [Code Root Scanning (ms): Min: 0.0, Avg: 0.0, Max: 0.0, Diff: 0.0, Sum: 0.0]
      [Object Copy (ms): Min: 56.5, Avg: 57.4, Max: 57.8, Diff: 1.3, Sum: 1033.7]
      [Termination (ms): Min: 0.0, Avg: 0.1, Max: 0.1, Diff: 0.1, Sum: 1.4]
      [GC Worker Other (ms): Min: 0.0, Avg: 0.0, Max: 0.1, Diff: 0.1, Sum: 0.8]
      [GC Worker Total (ms): Min: 74.5, Avg: 74.6, Max: 74.7, Diff: 0.1, Sum: 1343.4]
      [GC Worker End (ms): Min: 1324529.2, Avg: 1324529.2, Max: 1324529.3, Diff: 0.1]
   [Code Root Fixup: 0.2 ms]
   [Code Root Migration: 0.0 ms]
   [Clear CT: 0.4 ms]
   [Other: 3.5 ms]
      [Choose CSet: 0.0 ms]
      [Ref Proc: 1.7 ms]
      [Ref Enq: 0.2 ms]
      [Free CSet: 0.2 ms]
   [Eden: 448.0M(448.0M)->0.0B(448.0M) Survivors: 64.0M->64.0M Heap: 5723.0M(10.0G)->5369.2M(10.0G)]
 [Times: user=1.34 sys=0.01, real=0.08 secs] 
1324.533: Total time for which application threads were stopped: 0.0804820 seconds
1324.671: [GC concurrent-mark-end, 1.5148850 secs]
1324.672: [GC remark 1324.673: [GC ref-proc, 0.0029390 secs], 0.0107820 secs]
 [Times: user=0.14 sys=0.01, real=0.01 secs] 
1324.683: Total time for which application threads were stopped: 0.0118840 seconds
1324.684: [GC cleanup 5660M->5649M(10G), 0.0106090 secs]
 [Times: user=0.18 sys=0.00, real=0.01 secs] 
1324.695: Total time for which application threads were stopped: 0.0118110 seconds
1324.695: [GC concurrent-cleanup-start]
1324.695: [GC concurrent-cleanup-end, 0.0000240 secs]
1324.751: Total time for which application threads were stopped: 0.0011150 seconds
1324.941: Total time for which application threads were stopped: 0.0010200 seconds
1324.942: [GC pause (GCLocker Initiated GC) (young)
Desired survivor size 33554432 bytes, new threshold 1 (max 15)
- age   1:   50487968 bytes,   50487968 total
, 0.0405260 secs]
   [Parallel Time: 36.6 ms, GC Workers: 18]
      [GC Worker Start (ms): Min: 1324942.1, Avg: 1324942.2, Max: 1324942.3, Diff: 0.1]
      [Ext Root Scanning (ms): Min: 4.2, Avg: 4.8, Max: 5.3, Diff: 1.1, Sum: 87.3]
      [Update RS (ms): Min: 4.6, Avg: 5.3, Max: 9.3, Diff: 4.7, Sum: 95.3]
         [Processed Buffers: Min: 13, Avg: 38.9, Max: 69, Diff: 56, Sum: 700]
      [Scan RS (ms): Min: 0.0, Avg: 4.6, Max: 5.2, Diff: 5.2, Sum: 82.6]
      [Code Root Scanning (ms): Min: 0.0, Avg: 0.0, Max: 0.0, Diff: 0.0, Sum: 0.0]
      [Object Copy (ms): Min: 21.3, Avg: 21.6, Max: 22.0, Diff: 0.7, Sum: 389.1]
      [Termination (ms): Min: 0.0, Avg: 0.0, Max: 0.0, Diff: 0.0, Sum: 0.1]
      [GC Worker Other (ms): Min: 0.0, Avg: 0.0, Max: 0.1, Diff: 0.0, Sum: 0.8]
      [GC Worker Total (ms): Min: 36.3, Avg: 36.4, Max: 36.5, Diff: 0.1, Sum: 655.2]
      [GC Worker End (ms): Min: 1324978.6, Avg: 1324978.6, Max: 1324978.6, Diff: 0.0]
   [Code Root Fixup: 0.2 ms]
   [Code Root Migration: 0.0 ms]
   [Clear CT: 0.6 ms]
   [Other: 3.2 ms]
      [Choose CSet: 0.0 ms]
      [Ref Proc: 1.6 ms]
      [Ref Enq: 0.1 ms]
      [Free CSet: 0.2 ms]
   [Eden: 464.0M(448.0M)->0.0B(448.0M) Survivors: 64.0M->64.0M Heap: 5806.9M(10.0G)->5429.7M(10.0G)]
 [Times: user=0.66 sys=0.00, real=0.04 secs] 
1324.983: Total time for which application threads were stopped: 0.0413870 seconds
1325.395: [GC pause (G1 Evacuation Pause) (mixed)
Desired survivor size 33554432 bytes, new threshold 15 (max 15)
- age   1:   30773264 bytes,   30773264 total
, 0.0684510 secs]
   [Parallel Time: 62.6 ms, GC Workers: 18]
      [GC Worker Start (ms): Min: 1325395.2, Avg: 1325395.3, Max: 1325395.4, Diff: 0.1]
      [Ext Root Scanning (ms): Min: 4.3, Avg: 4.8, Max: 5.2, Diff: 0.9, Sum: 86.4]
      [Update RS (ms): Min: 4.2, Avg: 4.6, Max: 5.4, Diff: 1.2, Sum: 83.5]
         [Processed Buffers: Min: 13, Avg: 38.9, Max: 63, Diff: 50, Sum: 701]
      [Scan RS (ms): Min: 7.0, Avg: 7.9, Max: 8.1, Diff: 1.2, Sum: 141.6]
      [Code Root Scanning (ms): Min: 0.0, Avg: 0.0, Max: 0.2, Diff: 0.2, Sum: 0.4]
      [Object Copy (ms): Min: 44.8, Avg: 45.0, Max: 45.4, Diff: 0.5, Sum: 809.4]
      [Termination (ms): Min: 0.0, Avg: 0.1, Max: 0.1, Diff: 0.1, Sum: 1.5]
      [GC Worker Other (ms): Min: 0.0, Avg: 0.0, Max: 0.1, Diff: 0.0, Sum: 0.7]
      [GC Worker Total (ms): Min: 62.3, Avg: 62.4, Max: 62.5, Diff: 0.2, Sum: 1123.4]
      [GC Worker End (ms): Min: 1325457.7, Avg: 1325457.7, Max: 1325457.7, Diff: 0.0]
   [Code Root Fixup: 0.4 ms]
   [Code Root Migration: 0.3 ms]
   [Clear CT: 1.2 ms]
   [Other: 3.9 ms]
      [Choose CSet: 0.1 ms]
      [Ref Proc: 1.6 ms]
      [Ref Enq: 0.1 ms]
      [Free CSet: 0.5 ms]
   [Eden: 448.0M(448.0M)->0.0B(448.0M) Survivors: 64.0M->64.0M Heap: 5877.7M(10.0G)->5115.4M(10.0G)]
 [Times: user=1.15 sys=0.00, real=0.07 secs] 
1325.463: Total time for which application threads were stopped: 0.0701460 seconds
1325.845: [GC pause (G1 Evacuation Pause) (young)
Desired survivor size 33554432 bytes, new threshold 2 (max 15)
- age   1:   18617176 bytes,   18617176 total
- age   2:   23168024 bytes,   41785200 total
, 0.0286110 secs]
   [Parallel Time: 24.6 ms, GC Workers: 18]
      [GC Worker Start (ms): Min: 1325845.1, Avg: 1325845.2, Max: 1325845.3, Diff: 0.1]
      [Ext Root Scanning (ms): Min: 4.3, Avg: 4.7, Max: 5.2, Diff: 0.9, Sum: 85.3]
      [Update RS (ms): Min: 4.6, Avg: 5.2, Max: 7.5, Diff: 2.9, Sum: 93.8]
         [Processed Buffers: Min: 20, Avg: 42.3, Max: 85, Diff: 65, Sum: 762]
      [Scan RS (ms): Min: 0.0, Avg: 2.1, Max: 2.3, Diff: 2.3, Sum: 37.4]
      [Code Root Scanning (ms): Min: 0.0, Avg: 0.0, Max: 0.0, Diff: 0.0, Sum: 0.0]
      [Object Copy (ms): Min: 12.2, Avg: 12.4, Max: 12.5, Diff: 0.3, Sum: 222.7]
      [Termination (ms): Min: 0.0, Avg: 0.0, Max: 0.0, Diff: 0.0, Sum: 0.1]
      [GC Worker Other (ms): Min: 0.0, Avg: 0.0, Max: 0.1, Diff: 0.1, Sum: 0.8]
      [GC Worker Total (ms): Min: 24.4, Avg: 24.5, Max: 24.5, Diff: 0.1, Sum: 440.3]
      [GC Worker End (ms): Min: 1325869.6, Avg: 1325869.7, Max: 1325869.7, Diff: 0.0]
   [Code Root Fixup: 0.2 ms]
   [Code Root Migration: 0.0 ms]
   [Clear CT: 0.8 ms]
   [Other: 3.0 ms]
      [Choose CSet: 0.0 ms]
      [Ref Proc: 1.6 ms]
      [Ref Enq: 0.1 ms]
      [Free CSet: 0.2 ms]
   [Eden: 448.0M(448.0M)->0.0B(2192.0M) Survivors: 64.0M->48.0M Heap: 5563.4M(10.0G)->5150.3M(10.0G)]
 [Times: user=0.45 sys=0.01, real=0.03 secs] 
1325.874: Total time for which application threads were stopped: 0.0300350 seconds
1326.875: Total time for which application threads were stopped: 0.0012850 seconds
1327.583: Total time for which application threads were stopped: 0.0012710 seconds
1328.681: [GC pause (G1 Evacuation Pause) (young) (initial-mark)
Desired survivor size 150994944 bytes, new threshold 15 (max 15)
- age   1:   19104648 bytes,   19104648 total
- age   2:   11329952 bytes,   30434600 total
, 0.0321150 secs]
   [Parallel Time: 27.3 ms, GC Workers: 18]
      [GC Worker Start (ms): Min: 1328681.4, Avg: 1328681.4, Max: 1328681.5, Diff: 0.1]
      [Ext Root Scanning (ms): Min: 3.8, Avg: 4.4, Max: 5.0, Diff: 1.2, Sum: 79.9]
      [Code Root Marking (ms): Min: 0.2, Avg: 1.0, Max: 4.9, Diff: 4.6, Sum: 17.6]
      [Update RS (ms): Min: 3.2, Avg: 6.6, Max: 7.2, Diff: 4.0, Sum: 118.9]
         [Processed Buffers: Min: 26, Avg: 45.0, Max: 71, Diff: 45, Sum: 810]
      [Scan RS (ms): Min: 0.0, Avg: 0.5, Max: 1.3, Diff: 1.3, Sum: 8.7]
      [Code Root Scanning (ms): Min: 0.0, Avg: 0.0, Max: 0.0, Diff: 0.0, Sum: 0.0]
      [Object Copy (ms): Min: 13.2, Avg: 13.9, Max: 14.6, Diff: 1.4, Sum: 249.8]
      [Termination (ms): Min: 0.0, Avg: 0.7, Max: 0.8, Diff: 0.8, Sum: 12.9]
      [GC Worker Other (ms): Min: 0.0, Avg: 0.0, Max: 0.1, Diff: 0.0, Sum: 0.7]
      [GC Worker Total (ms): Min: 27.0, Avg: 27.1, Max: 27.2, Diff: 0.2, Sum: 488.4]
      [GC Worker End (ms): Min: 1328708.5, Avg: 1328708.6, Max: 1328708.6, Diff: 0.0]
   [Code Root Fixup: 0.3 ms]
   [Code Root Migration: 0.0 ms]
   [Clear CT: 1.1 ms]
   [Other: 3.4 ms]
      [Choose CSet: 0.0 ms]
      [Ref Proc: 1.6 ms]
      [Ref Enq: 0.1 ms]
      [Free CSet: 0.5 ms]
   [Eden: 2192.0M(2192.0M)->0.0B(3856.0M) Survivors: 48.0M->80.0M Heap: 7342.3M(10.0G)->5183.2M(10.0G)]
 [Times: user=0.50 sys=0.01, real=0.03 secs] 
1328.713: [GC concurrent-root-region-scan-start]
1328.713: Total time for which application threads were stopped: 0.0338460 seconds
1328.717: [GC concurrent-root-region-scan-end, 0.0036860 secs]
1328.717: [GC concurrent-mark-start]
1329.680: [GC concurrent-mark-end, 0.9630800 secs]
1329.681: [GC remark 1329.682: [GC ref-proc, 0.0029780 secs], 0.0109630 secs]
 [Times: user=0.14 sys=0.01, real=0.01 secs] 
1329.692: Total time for which application threads were stopped: 0.0124230 seconds
1329.693: [GC cleanup 6097M->6033M(10G), 0.0100680 secs]
 [Times: user=0.17 sys=0.01, real=0.01 secs] 
1329.703: Total time for which application threads were stopped: 0.0109240 seconds
1329.703: [GC concurrent-cleanup-start]
1329.703: [GC concurrent-cleanup-end, 0.0000730 secs]
1333.718: [GC pause (G1 Evacuation Pause) (young)
Desired survivor size 260046848 bytes, new threshold 15 (max 15)
- age   1:   57332224 bytes,   57332224 total
- age   2:   10647256 bytes,   67979480 total
- age   3:    4291696 bytes,   72271176 total
, 0.0253050 secs]
   [Parallel Time: 20.5 ms, GC Workers: 18]
      [GC Worker Start (ms): Min: 1333718.2, Avg: 1333718.2, Max: 1333718.3, Diff: 0.1]
      [Ext Root Scanning (ms): Min: 4.1, Avg: 4.9, Max: 5.2, Diff: 1.1, Sum: 87.7]
      [Update RS (ms): Min: 1.9, Avg: 2.4, Max: 3.6, Diff: 1.7, Sum: 43.7]
         [Processed Buffers: Min: 14, Avg: 32.4, Max: 71, Diff: 57, Sum: 583]
      [Scan RS (ms): Min: 0.0, Avg: 0.2, Max: 0.2, Diff: 0.2, Sum: 3.1]
      [Code Root Scanning (ms): Min: 0.0, Avg: 0.0, Max: 0.0, Diff: 0.0, Sum: 0.1]
      [Object Copy (ms): Min: 12.2, Avg: 12.6, Max: 12.8, Diff: 0.6, Sum: 226.9]
      [Termination (ms): Min: 0.0, Avg: 0.2, Max: 0.3, Diff: 0.3, Sum: 3.9]
      [GC Worker Other (ms): Min: 0.0, Avg: 0.0, Max: 0.1, Diff: 0.1, Sum: 0.9]
      [GC Worker Total (ms): Min: 20.3, Avg: 20.3, Max: 20.4, Diff: 0.2, Sum: 366.3]
      [GC Worker End (ms): Min: 1333738.6, Avg: 1333738.6, Max: 1333738.6, Diff: 0.1]
   [Code Root Fixup: 0.3 ms]
   [Code Root Migration: 0.1 ms]
   [Clear CT: 1.2 ms]
   [Other: 3.3 ms]
      [Choose CSet: 0.0 ms]
      [Ref Proc: 1.6 ms]
      [Ref Enq: 0.1 ms]
      [Free CSet: 0.7 ms]
   [Eden: 3856.0M(3856.0M)->0.0B(400.0M) Survivors: 80.0M->112.0M Heap: 8975.1M(10.0G)->5140.3M(10.0G)]
 [Times: user=0.38 sys=0.01, real=0.03 secs] 
1333.743: Total time for which application threads were stopped: 0.0269570 seconds
1334.039: [GC pause (G1 Evacuation Pause) (mixed)
Desired survivor size 33554432 bytes, new threshold 2 (max 15)
- age   1:   11056304 bytes,   11056304 total
- age   2:   53405080 bytes,   64461384 total
- age   3:    8336712 bytes,   72798096 total
- age   4:    3580864 bytes,   76378960 total
, 0.0539730 secs]
   [Parallel Time: 47.5 ms, GC Workers: 18]
      [GC Worker Start (ms): Min: 1334039.9, Avg: 1334040.0, Max: 1334040.0, Diff: 0.2]
      [Ext Root Scanning (ms): Min: 4.2, Avg: 4.8, Max: 5.2, Diff: 1.0, Sum: 85.6]
      [Update RS (ms): Min: 1.2, Avg: 1.7, Max: 2.6, Diff: 1.4, Sum: 31.0]
         [Processed Buffers: Min: 13, Avg: 31.2, Max: 69, Diff: 56, Sum: 562]
      [Scan RS (ms): Min: 3.7, Avg: 4.4, Max: 5.3, Diff: 1.6, Sum: 78.8]
      [Code Root Scanning (ms): Min: 0.0, Avg: 0.0, Max: 0.5, Diff: 0.5, Sum: 0.5]
      [Object Copy (ms): Min: 35.8, Avg: 36.3, Max: 36.5, Diff: 0.7, Sum: 653.1]
      [Termination (ms): Min: 0.0, Avg: 0.0, Max: 0.1, Diff: 0.1, Sum: 0.9]
      [GC Worker Other (ms): Min: 0.0, Avg: 0.0, Max: 0.1, Diff: 0.0, Sum: 0.6]
      [GC Worker Total (ms): Min: 47.2, Avg: 47.2, Max: 47.3, Diff: 0.2, Sum: 850.4]
      [GC Worker End (ms): Min: 1334087.2, Avg: 1334087.2, Max: 1334087.2, Diff: 0.0]
   [Code Root Fixup: 0.4 ms]
   [Code Root Migration: 0.5 ms]
   [Clear CT: 1.3 ms]
   [Other: 4.3 ms]
      [Choose CSet: 0.1 ms]
      [Ref Proc: 1.6 ms]
      [Ref Enq: 0.1 ms]
      [Free CSet: 0.8 ms]
   [Eden: 400.0M(400.0M)->0.0B(4720.0M) Survivors: 112.0M->64.0M Heap: 5540.3M(10.0G)->4335.7M(10.0G)]
 [Times: user=0.87 sys=0.01, real=0.05 secs] 
1334.094: Total time for which application threads were stopped: 0.0553390 seconds
1334.334: Total time for which application threads were stopped: 0.0011180 seconds
1340.116: [GC pause (G1 Evacuation Pause) (young)
Desired survivor size 318767104 bytes, new threshold 15 (max 15)
- age   1:    1649248 bytes,    1649248 total
- age   2:    9236872 bytes,   10886120 total
, 0.0266080 secs]
   [Parallel Time: 21.1 ms, GC Workers: 18]
      [GC Worker Start (ms): Min: 1340116.9, Avg: 1340117.0, Max: 1340117.1, Diff: 0.2]
      [Ext Root Scanning (ms): Min: 4.2, Avg: 4.8, Max: 5.3, Diff: 1.1, Sum: 85.7]
      [Update RS (ms): Min: 7.3, Avg: 7.8, Max: 8.3, Diff: 1.0, Sum: 140.5]
         [Processed Buffers: Min: 28, Avg: 45.8, Max: 73, Diff: 45, Sum: 825]
      [Scan RS (ms): Min: 0.5, Avg: 0.7, Max: 0.8, Diff: 0.2, Sum: 12.4]
      [Code Root Scanning (ms): Min: 0.0, Avg: 0.0, Max: 0.0, Diff: 0.0, Sum: 0.1]
      [Object Copy (ms): Min: 7.5, Avg: 7.6, Max: 7.9, Diff: 0.4, Sum: 136.2]
      [Termination (ms): Min: 0.0, Avg: 0.0, Max: 0.0, Diff: 0.0, Sum: 0.1]
      [GC Worker Other (ms): Min: 0.0, Avg: 0.1, Max: 0.1, Diff: 0.1, Sum: 1.1]
      [GC Worker Total (ms): Min: 20.8, Avg: 20.9, Max: 21.0, Diff: 0.2, Sum: 376.1]
      [GC Worker End (ms): Min: 1340137.9, Avg: 1340137.9, Max: 1340138.0, Diff: 0.1]
   [Code Root Fixup: 0.3 ms]
   [Code Root Migration: 0.1 ms]
   [Clear CT: 1.7 ms]
   [Other: 3.5 ms]
      [Choose CSet: 0.0 ms]
      [Ref Proc: 1.8 ms]
      [Ref Enq: 0.1 ms]
      [Free CSet: 0.7 ms]
   [Eden: 4720.0M(4720.0M)->0.0B(4736.0M) Survivors: 64.0M->64.0M Heap: 9055.7M(10.0G)->4326.6M(10.0G)]
 [Times: user=0.39 sys=0.00, real=0.03 secs] 
1340.143: Total time for which application threads were stopped: 0.0283440 seconds
1344.497: Total time for which application threads were stopped: 0.0012700 seconds
1344.506: Total time for which application threads were stopped: 0.0008430 seconds
1344.518: Total time for which application threads were stopped: 0.0008030 seconds
1346.156: [GC pause (G1 Evacuation Pause) (young)
Desired survivor size 318767104 bytes, new threshold 15 (max 15)
- age   1:   29359544 bytes,   29359544 total
- age   2:     264808 bytes,   29624352 total
- age   3:    7088720 bytes,   36713072 total
, 0.0242200 secs]
   [Parallel Time: 19.1 ms, GC Workers: 18]
      [GC Worker Start (ms): Min: 1346156.8, Avg: 1346156.9, Max: 1346157.0, Diff: 0.2]
      [Ext Root Scanning (ms): Min: 3.9, Avg: 4.7, Max: 5.2, Diff: 1.3, Sum: 83.7]
      [Update RS (ms): Min: 1.7, Avg: 2.3, Max: 3.3, Diff: 1.5, Sum: 41.2]
         [Processed Buffers: Min: 4, Avg: 32.8, Max: 57, Diff: 53, Sum: 591]
      [Scan RS (ms): Min: 0.0, Avg: 0.2, Max: 0.3, Diff: 0.3, Sum: 3.9]
      [Code Root Scanning (ms): Min: 0.0, Avg: 0.0, Max: 0.0, Diff: 0.0, Sum: 0.1]
      [Object Copy (ms): Min: 9.4, Avg: 10.6, Max: 11.8, Diff: 2.3, Sum: 190.0]
      [Termination (ms): Min: 0.0, Avg: 1.2, Max: 1.4, Diff: 1.4, Sum: 20.8]
      [GC Worker Other (ms): Min: 0.0, Avg: 0.0, Max: 0.1, Diff: 0.1, Sum: 0.7]
      [GC Worker Total (ms): Min: 18.8, Avg: 18.9, Max: 19.0, Diff: 0.2, Sum: 340.5]
      [GC Worker End (ms): Min: 1346175.8, Avg: 1346175.9, Max: 1346175.9, Diff: 0.1]
   [Code Root Fixup: 0.2 ms]
   [Code Root Migration: 0.1 ms]
   [Clear CT: 1.3 ms]
   [Other: 3.6 ms]
      [Choose CSet: 0.0 ms]
      [Ref Proc: 1.7 ms]
      [Ref Enq: 0.1 ms]
      [Free CSet: 0.8 ms]
   [Eden: 4736.0M(4736.0M)->0.0B(4752.0M) Survivors: 64.0M->64.0M Heap: 9062.6M(10.0G)->4340.2M(10.0G)]
 [Times: user=0.36 sys=0.01, real=0.02 secs] 
1346.181: Total time for which application threads were stopped: 0.0256770 seconds
1347.185: Total time for which application threads were stopped: 0.0038150 seconds
1348.187: Total time for which application threads were stopped: 0.0016360 seconds
1351.159: [GC pause (G1 Evacuation Pause) (young)
Desired survivor size 318767104 bytes, new threshold 15 (max 15)
- age   1:   13083560 bytes,   13083560 total
- age   2:   25028136 bytes,   38111696 total
- age   3:     225096 bytes,   38336792 total
- age   4:    6476232 bytes,   44813024 total
, 0.1205080 secs]
   [Parallel Time: 115.1 ms, GC Workers: 18]
      [GC Worker Start (ms): Min: 1351159.3, Avg: 1351159.4, Max: 1351159.4, Diff: 0.1]
      [Ext Root Scanning (ms): Min: 2.0, Avg: 5.0, Max: 7.1, Diff: 5.1, Sum: 90.6]
      [Update RS (ms): Min: 1.7, Avg: 4.2, Max: 14.8, Diff: 13.1, Sum: 76.3]
         [Processed Buffers: Min: 6, Avg: 35.3, Max: 63, Diff: 57, Sum: 635]
      [Scan RS (ms): Min: 0.0, Avg: 0.1, Max: 0.3, Diff: 0.3, Sum: 2.6]
      [Code Root Scanning (ms): Min: 0.0, Avg: 0.0, Max: 0.0, Diff: 0.0, Sum: 0.1]
      [Object Copy (ms): Min: 94.9, Avg: 105.5, Max: 109.7, Diff: 14.8, Sum: 1898.1]
      [Termination (ms): Min: 0.0, Avg: 0.0, Max: 0.0, Diff: 0.0, Sum: 0.1]
      [GC Worker Other (ms): Min: 0.0, Avg: 0.1, Max: 0.1, Diff: 0.1, Sum: 1.1]
      [GC Worker Total (ms): Min: 114.9, Avg: 114.9, Max: 115.0, Diff: 0.1, Sum: 2068.9]
      [GC Worker End (ms): Min: 1351274.3, Avg: 1351274.3, Max: 1351274.3, Diff: 0.1]
   [Code Root Fixup: 0.4 ms]
   [Code Root Migration: 0.1 ms]
   [Clear CT: 1.4 ms]
   [Other: 3.6 ms]
      [Choose CSet: 0.0 ms]
      [Ref Proc: 1.6 ms]
      [Ref Enq: 0.1 ms]
      [Free CSet: 0.9 ms]
   [Eden: 4752.0M(4752.0M)->0.0B(3584.0M) Survivors: 64.0M->320.0M Heap: 9092.2M(10.0G)->4596.2M(10.0G)]
 [Times: user=2.02 sys=0.01, real=0.12 secs] 
1351.280: Total time for which application threads were stopped: 0.1220470 seconds
1353.283: Total time for which application threads were stopped: 0.0028630 seconds
1354.284: Total time for which application threads were stopped: 0.0011830 seconds
1354.914: [GC pause (G1 Evacuation Pause) (young)
Desired survivor size 260046848 bytes, new threshold 2 (max 15)
- age   1:  253305112 bytes,  253305112 total
- age   2:    8181696 bytes,  261486808 total
- age   3:   24453888 bytes,  285940696 total
- age   4:     218568 bytes,  286159264 total
- age   5:    4311256 bytes,  290470520 total
, 0.2125560 secs]
   [Parallel Time: 207.4 ms, GC Workers: 18]
      [GC Worker Start (ms): Min: 1354914.3, Avg: 1354914.3, Max: 1354914.4, Diff: 0.1]
      [Ext Root Scanning (ms): Min: 4.8, Avg: 5.3, Max: 5.7, Diff: 0.9, Sum: 96.2]
      [Update RS (ms): Min: 19.5, Avg: 20.2, Max: 22.8, Diff: 3.3, Sum: 362.8]
         [Processed Buffers: Min: 9, Avg: 39.1, Max: 89, Diff: 80, Sum: 703]
      [Scan RS (ms): Min: 0.0, Avg: 0.2, Max: 0.2, Diff: 0.2, Sum: 3.1]
      [Code Root Scanning (ms): Min: 0.0, Avg: 0.0, Max: 0.0, Diff: 0.0, Sum: 0.1]
      [Object Copy (ms): Min: 179.4, Avg: 181.5, Max: 181.9, Diff: 2.5, Sum: 3266.4]
      [Termination (ms): Min: 0.0, Avg: 0.0, Max: 0.0, Diff: 0.0, Sum: 0.2]
      [GC Worker Other (ms): Min: 0.0, Avg: 0.1, Max: 0.1, Diff: 0.1, Sum: 1.3]
      [GC Worker Total (ms): Min: 207.1, Avg: 207.2, Max: 207.3, Diff: 0.2, Sum: 3730.2]
      [GC Worker End (ms): Min: 1355121.5, Avg: 1355121.5, Max: 1355121.6, Diff: 0.1]
   [Code Root Fixup: 0.3 ms]
   [Code Root Migration: 0.0 ms]
   [Clear CT: 1.1 ms]
   [Other: 3.7 ms]
      [Choose CSet: 0.0 ms]
      [Ref Proc: 1.5 ms]
      [Ref Enq: 0.1 ms]
      [Free CSet: 0.7 ms]
   [Eden: 3584.0M(3584.0M)->0.0B(304.0M) Survivors: 320.0M->480.0M Heap: 8196.2M(10.0G)->4799.5M(10.0G)]
 [Times: user=3.72 sys=0.02, real=0.21 secs] 
1355.127: Total time for which application threads were stopped: 0.2142850 seconds
1355.181: Total time for which application threads were stopped: 0.0010170 seconds
1355.193: [GC pause (G1 Evacuation Pause) (young)
Desired survivor size 33554432 bytes, new threshold 1 (max 15)
- age   1:  230979720 bytes,  230979720 total
- age   2:  160939624 bytes,  391919344 total
, 0.1670180 secs]
   [Parallel Time: 160.5 ms, GC Workers: 18]
      [GC Worker Start (ms): Min: 1355193.3, Avg: 1355193.3, Max: 1355193.4, Diff: 0.1]
      [Ext Root Scanning (ms): Min: 4.3, Avg: 4.8, Max: 5.3, Diff: 1.0, Sum: 86.4]
      [Update RS (ms): Min: 11.5, Avg: 12.2, Max: 13.8, Diff: 2.3, Sum: 219.3]
         [Processed Buffers: Min: 22, Avg: 41.0, Max: 74, Diff: 52, Sum: 738]
      [Scan RS (ms): Min: 6.8, Avg: 8.3, Max: 9.1, Diff: 2.3, Sum: 149.3]
      [Code Root Scanning (ms): Min: 0.0, Avg: 0.0, Max: 0.0, Diff: 0.0, Sum: 0.0]
      [Object Copy (ms): Min: 134.6, Avg: 135.0, Max: 135.3, Diff: 0.7, Sum: 2430.5]
      [Termination (ms): Min: 0.0, Avg: 0.0, Max: 0.0, Diff: 0.0, Sum: 0.1]
      [GC Worker Other (ms): Min: 0.0, Avg: 0.0, Max: 0.1, Diff: 0.1, Sum: 0.8]
      [GC Worker Total (ms): Min: 160.3, Avg: 160.4, Max: 160.4, Diff: 0.1, Sum: 2886.4]
      [GC Worker End (ms): Min: 1355353.6, Avg: 1355353.7, Max: 1355353.7, Diff: 0.1]
   [Code Root Fixup: 0.3 ms]
   [Code Root Migration: 0.0 ms]
   [Clear CT: 0.5 ms]
   [Other: 5.7 ms]
      [Choose CSet: 0.0 ms]
      [Ref Proc: 1.5 ms]
      [Ref Enq: 0.1 ms]
      [Free CSet: 0.3 ms]
   [Eden: 288.0M(32.0M)->0.0B(2896.0M) Survivors: 480.0M->64.0M Heap: 5087.5M(10.0G)->4869.3M(10.0G)]
 [Times: user=2.85 sys=0.03, real=0.17 secs] 
1355.360: Total time for which application threads were stopped: 0.1683580 seconds
1358.598: [GC pause (G1 Evacuation Pause) (young) (initial-mark)
Desired survivor size 201326592 bytes, new threshold 15 (max 15)
- age   1:    6046808 bytes,    6046808 total
, 0.1260840 secs]
   [Parallel Time: 120.6 ms, GC Workers: 18]
      [GC Worker Start (ms): Min: 1358598.9, Avg: 1358599.0, Max: 1358599.1, Diff: 0.2]
      [Ext Root Scanning (ms): Min: 3.8, Avg: 4.4, Max: 4.9, Diff: 1.2, Sum: 79.5]
      [Code Root Marking (ms): Min: 0.1, Avg: 1.0, Max: 6.0, Diff: 5.9, Sum: 18.9]
      [Update RS (ms): Min: 15.8, Avg: 21.0, Max: 21.5, Diff: 5.7, Sum: 378.3]
         [Processed Buffers: Min: 22, Avg: 49.5, Max: 101, Diff: 79, Sum: 891]
      [Scan RS (ms): Min: 0.0, Avg: 0.4, Max: 1.1, Diff: 1.1, Sum: 8.0]
      [Code Root Scanning (ms): Min: 0.0, Avg: 0.0, Max: 0.0, Diff: 0.0, Sum: 0.1]
      [Object Copy (ms): Min: 92.8, Avg: 93.4, Max: 93.8, Diff: 1.0, Sum: 1680.7]
      [Termination (ms): Min: 0.0, Avg: 0.0, Max: 0.0, Diff: 0.0, Sum: 0.0]
      [GC Worker Other (ms): Min: 0.0, Avg: 0.1, Max: 0.1, Diff: 0.1, Sum: 1.2]
      [GC Worker Total (ms): Min: 120.3, Avg: 120.4, Max: 120.5, Diff: 0.2, Sum: 2166.7]
      [GC Worker End (ms): Min: 1358719.3, Avg: 1358719.4, Max: 1358719.4, Diff: 0.1]
   [Code Root Fixup: 0.3 ms]
   [Code Root Migration: 0.0 ms]
   [Clear CT: 1.4 ms]
   [Other: 3.8 ms]
      [Choose CSet: 0.0 ms]
      [Ref Proc: 1.7 ms]
      [Ref Enq: 0.1 ms]
      [Free CSet: 0.6 ms]
   [Eden: 2896.0M(2896.0M)->0.0B(256.0M) Survivors: 64.0M->304.0M Heap: 7765.3M(10.0G)->5110.6M(10.0G)]
 [Times: user=2.18 sys=0.01, real=0.13 secs] 
1358.725: [GC concurrent-root-region-scan-start]
1358.725: Total time for which application threads were stopped: 0.1277730 seconds
1358.776: [GC pause (G1 Evacuation Pause) (young)
Desired survivor size 41943040 bytes, new threshold 1 (max 15)
- age   1:  205043736 bytes,  205043736 total
- age   2:     680592 bytes,  205724328 total
1358.824: [GC concurrent-root-region-scan-end, 0.0996190 secs]
1358.824: [GC concurrent-mark-start]
, 0.1753690 secs]
   [Root Region Scan Waiting: 48.1 ms]
   [Parallel Time: 121.8 ms, GC Workers: 18]
      [GC Worker Start (ms): Min: 1358824.6, Avg: 1358824.9, Max: 1358825.0, Diff: 0.4]
      [Ext Root Scanning (ms): Min: 3.8, Avg: 4.4, Max: 5.0, Diff: 1.2, Sum: 78.4]
      [SATB Filtering (ms): Min: 0.0, Avg: 0.1, Max: 1.5, Diff: 1.5, Sum: 1.5]
      [Update RS (ms): Min: 14.3, Avg: 14.8, Max: 15.3, Diff: 1.0, Sum: 265.9]
         [Processed Buffers: Min: 8, Avg: 36.4, Max: 77, Diff: 69, Sum: 655]
      [Scan RS (ms): Min: 0.0, Avg: 0.0, Max: 0.1, Diff: 0.1, Sum: 0.5]
      [Code Root Scanning (ms): Min: 0.0, Avg: 0.0, Max: 0.0, Diff: 0.0, Sum: 0.0]
      [Object Copy (ms): Min: 101.4, Avg: 102.1, Max: 102.4, Diff: 1.0, Sum: 1837.0]
      [Termination (ms): Min: 0.0, Avg: 0.2, Max: 0.3, Diff: 0.3, Sum: 3.7]
      [GC Worker Other (ms): Min: 0.0, Avg: 0.1, Max: 0.1, Diff: 0.1, Sum: 0.9]
      [GC Worker Total (ms): Min: 121.4, Avg: 121.6, Max: 121.8, Diff: 0.4, Sum: 2187.9]
      [GC Worker End (ms): Min: 1358946.4, Avg: 1358946.4, Max: 1358946.4, Diff: 0.0]
   [Code Root Fixup: 0.4 ms]
   [Code Root Migration: 0.0 ms]
   [Clear CT: 0.2 ms]
   [Other: 4.8 ms]
      [Choose CSet: 0.0 ms]
      [Ref Proc: 1.5 ms]
      [Ref Enq: 0.1 ms]
      [Free CSet: 0.2 ms]
   [Eden: 256.0M(256.0M)->0.0B(1600.0M) Survivors: 304.0M->80.0M Heap: 5366.6M(10.0G)->5207.7M(10.0G)]
 [Times: user=2.39 sys=0.01, real=0.17 secs] 
1358.952: Total time for which application threads were stopped: 0.1773960 seconds
1360.181: [GC concurrent-mark-end, 1.3565260 secs]
1360.183: [GC remark 1360.183: [GC ref-proc, 0.0032350 secs], 0.0114730 secs]
 [Times: user=0.14 sys=0.00, real=0.02 secs] 
1360.194: Total time for which application threads were stopped: 0.0136680 seconds
1360.195: [GC cleanup 6343M->6343M(10G), 0.0087370 secs]
 [Times: user=0.12 sys=0.00, real=0.01 secs] 
1360.204: Total time for which application threads were stopped: 0.0095920 seconds
1360.209: Total time for which application threads were stopped: 0.0010590 seconds
1360.210: Total time for which application threads were stopped: 0.0002680 seconds
1360.210: Total time for which application threads were stopped: 0.0002670 seconds
1360.210: Total time for which application threads were stopped: 0.0002560 seconds
1360.210: Total time for which application threads were stopped: 0.0002660 seconds
1360.211: Total time for which application threads were stopped: 0.0002700 seconds
1360.717: [GC pause (G1 Evacuation Pause) (young)
Desired survivor size 117440512 bytes, new threshold 15 (max 15)
- age   1:    7778128 bytes,    7778128 total
, 0.0496760 secs]
   [Parallel Time: 45.4 ms, GC Workers: 18]
      [GC Worker Start (ms): Min: 1360717.4, Avg: 1360717.4, Max: 1360717.5, Diff: 0.1]
      [Ext Root Scanning (ms): Min: 4.1, Avg: 5.0, Max: 5.5, Diff: 1.4, Sum: 89.9]
      [Update RS (ms): Min: 14.1, Avg: 14.6, Max: 16.3, Diff: 2.2, Sum: 262.9]
         [Processed Buffers: Min: 8, Avg: 47.2, Max: 85, Diff: 77, Sum: 850]
      [Scan RS (ms): Min: 0.0, Avg: 0.5, Max: 1.2, Diff: 1.2, Sum: 8.1]
      [Code Root Scanning (ms): Min: 0.0, Avg: 0.0, Max: 0.0, Diff: 0.0, Sum: 0.0]
      [Object Copy (ms): Min: 24.5, Avg: 25.1, Max: 25.4, Diff: 0.9, Sum: 451.9]
      [Termination (ms): Min: 0.0, Avg: 0.0, Max: 0.1, Diff: 0.1, Sum: 0.7]
      [GC Worker Other (ms): Min: 0.0, Avg: 0.0, Max: 0.1, Diff: 0.1, Sum: 0.6]
      [GC Worker Total (ms): Min: 45.2, Avg: 45.2, Max: 45.3, Diff: 0.1, Sum: 814.2]
      [GC Worker End (ms): Min: 1360762.7, Avg: 1360762.7, Max: 1360762.7, Diff: 0.0]
   [Code Root Fixup: 0.3 ms]
   [Code Root Migration: 0.0 ms]
   [Clear CT: 0.9 ms]
   [Other: 3.1 ms]
      [Choose CSet: 0.0 ms]
      [Ref Proc: 1.6 ms]
      [Ref Enq: 0.1 ms]
      [Free CSet: 0.5 ms]
   [Eden: 1600.0M(1600.0M)->0.0B(416.0M) Survivors: 80.0M->96.0M Heap: 6807.7M(10.0G)->5217.3M(10.0G)]
 [Times: user=0.82 sys=0.01, real=0.05 secs] 
1360.767: Total time for which application threads were stopped: 0.0512230 seconds
1360.973: [GC pause (G1 Evacuation Pause) (mixed)
Desired survivor size 33554432 bytes, new threshold 1 (max 15)
- age   1:   55346888 bytes,   55346888 total
- age   2:    4128568 bytes,   59475456 total
, 0.0620550 secs]
   [Parallel Time: 56.3 ms, GC Workers: 18]
      [GC Worker Start (ms): Min: 1360973.2, Avg: 1360973.3, Max: 1360973.3, Diff: 0.1]
      [Ext Root Scanning (ms): Min: 4.3, Avg: 5.0, Max: 5.5, Diff: 1.2, Sum: 89.7]
      [Update RS (ms): Min: 5.9, Avg: 6.6, Max: 10.6, Diff: 4.7, Sum: 118.9]
         [Processed Buffers: Min: 4, Avg: 33.5, Max: 65, Diff: 61, Sum: 603]
      [Scan RS (ms): Min: 2.8, Avg: 6.8, Max: 7.4, Diff: 4.6, Sum: 122.6]
      [Code Root Scanning (ms): Min: 0.0, Avg: 0.0, Max: 0.0, Diff: 0.0, Sum: 0.0]
      [Object Copy (ms): Min: 37.5, Avg: 37.7, Max: 37.8, Diff: 0.3, Sum: 678.4]
      [Termination (ms): Min: 0.0, Avg: 0.0, Max: 0.1, Diff: 0.1, Sum: 0.7]
      [GC Worker Other (ms): Min: 0.0, Avg: 0.0, Max: 0.1, Diff: 0.0, Sum: 0.7]
      [GC Worker Total (ms): Min: 56.1, Avg: 56.2, Max: 56.2, Diff: 0.2, Sum: 1011.0]
      [GC Worker End (ms): Min: 1361029.4, Avg: 1361029.4, Max: 1361029.5, Diff: 0.0]
   [Code Root Fixup: 0.3 ms]
   [Code Root Migration: 0.0 ms]
   [Clear CT: 1.5 ms]
   [Other: 4.0 ms]
      [Choose CSet: 0.1 ms]
      [Ref Proc: 1.6 ms]
      [Ref Enq: 0.1 ms]
      [Free CSet: 0.4 ms]
   [Eden: 416.0M(416.0M)->0.0B(2496.0M) Survivors: 96.0M->64.0M Heap: 5633.3M(10.0G)->5112.6M(10.0G)]
 [Times: user=1.02 sys=0.01, real=0.07 secs] 
1361.035: Total time for which application threads were stopped: 0.0634020 seconds
1362.178: Total time for which application threads were stopped: 0.0012120 seconds
1363.590: Total time for which application threads were stopped: 0.0011660 seconds
1363.591: [GC pause (GCLocker Initiated GC) (young)
Desired survivor size 167772160 bytes, new threshold 15 (max 15)
- age   1:   10323776 bytes,   10323776 total
, 0.0315460 secs]
   [Parallel Time: 27.2 ms, GC Workers: 18]
      [GC Worker Start (ms): Min: 1363591.5, Avg: 1363591.6, Max: 1363591.7, Diff: 0.1]
      [Ext Root Scanning (ms): Min: 4.0, Avg: 4.8, Max: 5.2, Diff: 1.3, Sum: 85.9]
      [Update RS (ms): Min: 6.4, Avg: 7.1, Max: 8.2, Diff: 1.8, Sum: 128.2]
         [Processed Buffers: Min: 27, Avg: 41.6, Max: 60, Diff: 33, Sum: 748]
      [Scan RS (ms): Min: 0.0, Avg: 0.6, Max: 0.9, Diff: 0.9, Sum: 11.4]
      [Code Root Scanning (ms): Min: 0.0, Avg: 0.0, Max: 0.0, Diff: 0.0, Sum: 0.0]
      [Object Copy (ms): Min: 14.0, Avg: 14.4, Max: 14.7, Diff: 0.7, Sum: 259.9]
      [Termination (ms): Min: 0.0, Avg: 0.0, Max: 0.0, Diff: 0.0, Sum: 0.1]
      [GC Worker Other (ms): Min: 0.0, Avg: 0.0, Max: 0.1, Diff: 0.1, Sum: 0.9]
      [GC Worker Total (ms): Min: 26.9, Avg: 27.0, Max: 27.1, Diff: 0.2, Sum: 486.3]
      [GC Worker End (ms): Min: 1363618.6, Avg: 1363618.6, Max: 1363618.7, Diff: 0.1]
   [Code Root Fixup: 0.3 ms]
   [Code Root Migration: 0.0 ms]
   [Clear CT: 1.1 ms]
   [Other: 3.0 ms]
      [Choose CSet: 0.0 ms]
      [Ref Proc: 1.5 ms]
      [Ref Enq: 0.1 ms]
      [Free CSet: 0.5 ms]
   [Eden: 2512.0M(2496.0M)->0.0B(3504.0M) Survivors: 64.0M->64.0M Heap: 7609.0M(10.0G)->5113.0M(10.0G)]
 [Times: user=0.50 sys=0.01, real=0.03 secs] 
1363.623: Total time for which application threads were stopped: 0.0323270 seconds
1364.516: Total time for which application threads were stopped: 0.0075040 seconds
1364.538: Total time for which application threads were stopped: 0.0010480 seconds
1367.339: [GC pause (G1 Evacuation Pause) (young) (initial-mark)
Desired survivor size 234881024 bytes, new threshold 15 (max 15)
- age   1:   31618640 bytes,   31618640 total
- age   2:    4570768 bytes,   36189408 total
, 0.0532150 secs]
   [Parallel Time: 48.0 ms, GC Workers: 18]
      [GC Worker Start (ms): Min: 1367339.7, Avg: 1367339.7, Max: 1367339.8, Diff: 0.1]
      [Ext Root Scanning (ms): Min: 3.9, Avg: 4.5, Max: 5.0, Diff: 1.1, Sum: 80.8]
      [Code Root Marking (ms): Min: 0.0, Avg: 1.0, Max: 5.0, Diff: 5.0, Sum: 17.1]
      [Update RS (ms): Min: 1.9, Avg: 5.3, Max: 6.4, Diff: 4.5, Sum: 95.8]
         [Processed Buffers: Min: 11, Avg: 38.6, Max: 79, Diff: 68, Sum: 695]
      [Scan RS (ms): Min: 0.0, Avg: 0.1, Max: 0.2, Diff: 0.2, Sum: 2.7]
      [Code Root Scanning (ms): Min: 0.0, Avg: 0.0, Max: 0.0, Diff: 0.0, Sum: 0.1]
      [Object Copy (ms): Min: 36.2, Avg: 36.8, Max: 37.0, Diff: 0.8, Sum: 662.0]
      [Termination (ms): Min: 0.0, Avg: 0.0, Max: 0.0, Diff: 0.0, Sum: 0.0]
      [GC Worker Other (ms): Min: 0.0, Avg: 0.1, Max: 0.2, Diff: 0.1, Sum: 1.4]
      [GC Worker Total (ms): Min: 47.7, Avg: 47.8, Max: 47.9, Diff: 0.2, Sum: 859.9]
      [GC Worker End (ms): Min: 1367387.5, Avg: 1367387.5, Max: 1367387.6, Diff: 0.1]
   [Code Root Fixup: 0.3 ms]
   [Code Root Migration: 0.0 ms]
   [Clear CT: 1.1 ms]
   [Other: 3.8 ms]
      [Choose CSet: 0.0 ms]
      [Ref Proc: 1.6 ms]
      [Ref Enq: 0.1 ms]
      [Free CSet: 0.7 ms]
   [Eden: 3504.0M(3504.0M)->0.0B(3568.0M) Survivors: 64.0M->112.0M Heap: 8617.0M(10.0G)->5156.0M(10.0G)]
 [Times: user=0.88 sys=0.01, real=0.05 secs] 
1367.392: [GC concurrent-root-region-scan-start]
1367.393: Total time for which application threads were stopped: 0.0548680 seconds
1367.428: [GC concurrent-root-region-scan-end, 0.0357610 secs]
1367.428: [GC concurrent-mark-start]
1368.835: [GC concurrent-mark-end, 1.4064590 secs]
1368.836: [GC remark 1368.837: [GC ref-proc, 0.0030230 secs], 0.0110700 secs]
 [Times: user=0.15 sys=0.00, real=0.01 secs] 
1368.847: Total time for which application threads were stopped: 0.0124970 seconds
1368.848: [GC cleanup 6840M->6839M(10G), 0.0093220 secs]
 [Times: user=0.15 sys=0.00, real=0.01 secs] 
1368.858: Total time for which application threads were stopped: 0.0102370 seconds
1368.858: [GC concurrent-cleanup-start]
1368.858: [GC concurrent-cleanup-end, 0.0000210 secs]
1370.634: [GC pause (G1 Evacuation Pause) (young)
Desired survivor size 243269632 bytes, new threshold 15 (max 15)
- age   1:   65913744 bytes,   65913744 total
- age   2:   19691544 bytes,   85605288 total
- age   3:    4502192 bytes,   90107480 total
, 0.0766950 secs]
   [Parallel Time: 71.0 ms, GC Workers: 18]
      [GC Worker Start (ms): Min: 1370634.6, Avg: 1370634.7, Max: 1370634.8, Diff: 0.2]
      [Ext Root Scanning (ms): Min: 4.4, Avg: 5.0, Max: 5.5, Diff: 1.1, Sum: 89.7]
      [Update RS (ms): Min: 12.6, Avg: 14.0, Max: 14.9, Diff: 2.3, Sum: 251.3]
         [Processed Buffers: Min: 16, Avg: 44.9, Max: 86, Diff: 70, Sum: 808]
      [Scan RS (ms): Min: 2.2, Avg: 2.7, Max: 3.9, Diff: 1.7, Sum: 47.9]
      [Code Root Scanning (ms): Min: 0.0, Avg: 0.0, Max: 0.0, Diff: 0.0, Sum: 0.1]
      [Object Copy (ms): Min: 48.8, Avg: 49.0, Max: 49.3, Diff: 0.5, Sum: 882.3]
      [Termination (ms): Min: 0.0, Avg: 0.1, Max: 0.2, Diff: 0.1, Sum: 2.4]
      [GC Worker Other (ms): Min: 0.0, Avg: 0.0, Max: 0.0, Diff: 0.0, Sum: 0.5]
      [GC Worker Total (ms): Min: 70.7, Avg: 70.8, Max: 70.9, Diff: 0.2, Sum: 1274.1]
      [GC Worker End (ms): Min: 1370705.4, Avg: 1370705.5, Max: 1370705.5, Diff: 0.0]
   [Code Root Fixup: 0.2 ms]
   [Code Root Migration: 0.0 ms]
   [Clear CT: 1.5 ms]
   [Other: 3.9 ms]
      [Choose CSet: 0.0 ms]
      [Ref Proc: 1.7 ms]
      [Ref Enq: 0.1 ms]
      [Free CSet: 0.9 ms]
   [Eden: 3568.0M(3568.0M)->0.0B(304.0M) Survivors: 112.0M->208.0M Heap: 8723.0M(10.0G)->5255.4M(10.0G)]
 [Times: user=1.25 sys=0.01, real=0.08 secs] 
1370.711: Total time for which application threads were stopped: 0.0782480 seconds
1370.810: [GC pause (G1 Evacuation Pause) (mixed)
Desired survivor size 33554432 bytes, new threshold 1 (max 15)
- age   1:   79013856 bytes,   79013856 total
- age   2:   56732784 bytes,  135746640 total
- age   3:    6012304 bytes,  141758944 total
- age   4:    1885032 bytes,  143643976 total
, 0.0804310 secs]
   [Parallel Time: 73.5 ms, GC Workers: 18]
      [GC Worker Start (ms): Min: 1370810.6, Avg: 1370810.7, Max: 1370810.8, Diff: 0.1]
      [Ext Root Scanning (ms): Min: 4.5, Avg: 5.1, Max: 5.5, Diff: 1.0, Sum: 92.6]
      [Update RS (ms): Min: 3.2, Avg: 3.7, Max: 4.3, Diff: 1.0, Sum: 66.7]
         [Processed Buffers: Min: 12, Avg: 33.7, Max: 61, Diff: 49, Sum: 606]
      [Scan RS (ms): Min: 10.7, Avg: 11.3, Max: 11.5, Diff: 0.7, Sum: 203.5]
      [Code Root Scanning (ms): Min: 0.0, Avg: 0.0, Max: 0.0, Diff: 0.0, Sum: 0.0]
      [Object Copy (ms): Min: 53.1, Avg: 53.2, Max: 53.4, Diff: 0.3, Sum: 956.9]
      [Termination (ms): Min: 0.0, Avg: 0.0, Max: 0.0, Diff: 0.0, Sum: 0.2]
      [GC Worker Other (ms): Min: 0.0, Avg: 0.0, Max: 0.1, Diff: 0.0, Sum: 0.8]
      [GC Worker Total (ms): Min: 73.3, Avg: 73.4, Max: 73.4, Diff: 0.1, Sum: 1320.8]
      [GC Worker End (ms): Min: 1370884.1, Avg: 1370884.1, Max: 1370884.1, Diff: 0.0]
   [Code Root Fixup: 0.3 ms]
   [Code Root Migration: 0.0 ms]
   [Clear CT: 1.8 ms]
   [Other: 4.9 ms]
      [Choose CSet: 0.1 ms]
      [Ref Proc: 1.5 ms]
      [Ref Enq: 0.1 ms]
      [Free CSet: 0.5 ms]
   [Eden: 304.0M(304.0M)->0.0B(3712.0M) Survivors: 208.0M->64.0M Heap: 5559.4M(10.0G)->5130.8M(10.0G)]
 [Times: user=1.35 sys=0.01, real=0.08 secs] 
1370.891: Total time for which application threads were stopped: 0.0817660 seconds
1371.892: Total time for which application threads were stopped: 0.0012700 seconds
1372.893: Total time for which application threads were stopped: 0.0011460 seconds
1373.895: Total time for which application threads were stopped: 0.0019420 seconds
1374.320: Total time for which application threads were stopped: 0.0010390 seconds
1374.323: Total time for which application threads were stopped: 0.0005810 seconds
1375.087: [GC pause (G1 Evacuation Pause) (young)
Desired survivor size 251658240 bytes, new threshold 15 (max 15)
- age   1:    1796520 bytes,    1796520 total
, 0.0252250 secs]
   [Parallel Time: 19.9 ms, GC Workers: 18]
      [GC Worker Start (ms): Min: 1375087.4, Avg: 1375087.4, Max: 1375087.5, Diff: 0.1]
      [Ext Root Scanning (ms): Min: 4.3, Avg: 4.8, Max: 5.3, Diff: 1.1, Sum: 86.6]
      [Update RS (ms): Min: 8.2, Avg: 8.7, Max: 9.2, Diff: 1.0, Sum: 156.8]
         [Processed Buffers: Min: 23, Avg: 45.2, Max: 89, Diff: 66, Sum: 813]
      [Scan RS (ms): Min: 0.1, Avg: 0.3, Max: 0.3, Diff: 0.2, Sum: 5.1]
      [Code Root Scanning (ms): Min: 0.0, Avg: 0.0, Max: 0.0, Diff: 0.0, Sum: 0.1]
      [Object Copy (ms): Min: 5.8, Avg: 5.9, Max: 6.2, Diff: 0.3, Sum: 106.6]
      [Termination (ms): Min: 0.0, Avg: 0.0, Max: 0.0, Diff: 0.0, Sum: 0.1]
      [GC Worker Other (ms): Min: 0.0, Avg: 0.1, Max: 0.1, Diff: 0.1, Sum: 0.9]
      [GC Worker Total (ms): Min: 19.7, Avg: 19.8, Max: 19.9, Diff: 0.2, Sum: 356.2]
      [GC Worker End (ms): Min: 1375107.2, Avg: 1375107.2, Max: 1375107.3, Diff: 0.1]
   [Code Root Fixup: 0.3 ms]
   [Code Root Migration: 0.0 ms]
   [Clear CT: 1.6 ms]
   [Other: 3.4 ms]
      [Choose CSet: 0.0 ms]
      [Ref Proc: 1.6 ms]
      [Ref Enq: 0.1 ms]
      [Free CSet: 0.7 ms]
   [Eden: 3712.0M(3712.0M)->0.0B(3936.0M) Survivors: 64.0M->48.0M Heap: 8842.8M(10.0G)->5109.1M(10.0G)]
 [Times: user=0.37 sys=0.00, real=0.02 secs] 
1375.112: Total time for which application threads were stopped: 0.0268430 seconds
1379.398: [GC pause (G1 Evacuation Pause) (young) (initial-mark)
Desired survivor size 268435456 bytes, new threshold 15 (max 15)
- age   1:   30960304 bytes,   30960304 total
- age   2:     554336 bytes,   31514640 total
, 0.0231190 secs]
   [Parallel Time: 17.9 ms, GC Workers: 18]
      [GC Worker Start (ms): Min: 1379398.2, Avg: 1379398.3, Max: 1379398.4, Diff: 0.1]
      [Ext Root Scanning (ms): Min: 3.7, Avg: 4.5, Max: 4.9, Diff: 1.2, Sum: 81.2]
      [Code Root Marking (ms): Min: 0.4, Avg: 1.2, Max: 8.5, Diff: 8.1, Sum: 21.6]
      [Update RS (ms): Min: 0.0, Avg: 3.3, Max: 3.7, Diff: 3.7, Sum: 59.8]
         [Processed Buffers: Min: 0, Avg: 36.6, Max: 76, Diff: 76, Sum: 659]
      [Scan RS (ms): Min: 0.0, Avg: 0.2, Max: 0.2, Diff: 0.2, Sum: 3.2]
      [Code Root Scanning (ms): Min: 0.0, Avg: 0.0, Max: 0.0, Diff: 0.0, Sum: 0.1]
      [Object Copy (ms): Min: 5.2, Avg: 8.5, Max: 8.8, Diff: 3.7, Sum: 152.8]
      [Termination (ms): Min: 0.0, Avg: 0.0, Max: 0.0, Diff: 0.0, Sum: 0.1]
      [GC Worker Other (ms): Min: 0.0, Avg: 0.1, Max: 0.1, Diff: 0.1, Sum: 1.1]
      [GC Worker Total (ms): Min: 17.7, Avg: 17.8, Max: 17.8, Diff: 0.1, Sum: 319.8]
      [GC Worker End (ms): Min: 1379416.0, Avg: 1379416.1, Max: 1379416.1, Diff: 0.1]
   [Code Root Fixup: 0.3 ms]
   [Code Root Migration: 0.0 ms]
   [Clear CT: 1.2 ms]
   [Other: 3.7 ms]
      [Choose CSet: 0.0 ms]
      [Ref Proc: 1.6 ms]
      [Ref Enq: 0.1 ms]
      [Free CSet: 0.6 ms]
   [Eden: 3936.0M(3936.0M)->0.0B(3936.0M) Survivors: 48.0M->64.0M Heap: 9045.1M(10.0G)->5123.1M(10.0G)]
 [Times: user=0.34 sys=0.01, real=0.02 secs] 
1379.421: [GC concurrent-root-region-scan-start]
1379.421: Total time for which application threads were stopped: 0.0247560 seconds
1379.436: [GC concurrent-root-region-scan-end, 0.0147680 secs]
1379.436: [GC concurrent-mark-start]
1380.468: [GC concurrent-mark-end, 1.0322250 secs]
1380.469: [GC remark 1380.470: [GC ref-proc, 0.0027340 secs], 0.0104540 secs]
 [Times: user=0.14 sys=0.00, real=0.01 secs] 
1380.480: Total time for which application threads were stopped: 0.0119270 seconds
1380.481: [GC cleanup 6252M->6204M(10G), 0.0091970 secs]
 [Times: user=0.15 sys=0.01, real=0.01 secs] 
1380.490: Total time for which application threads were stopped: 0.0101520 seconds
1380.490: [GC concurrent-cleanup-start]
1380.490: [GC concurrent-cleanup-end, 0.0000660 secs]
1383.436: [GC pause (G1 Evacuation Pause) (young)
Desired survivor size 268435456 bytes, new threshold 15 (max 15)
- age   1:   12115880 bytes,   12115880 total
- age   2:   25927576 bytes,   38043456 total
- age   3:     538232 bytes,   38581688 total
, 0.0218490 secs]
   [Parallel Time: 17.0 ms, GC Workers: 18]
      [GC Worker Start (ms): Min: 1383436.4, Avg: 1383436.5, Max: 1383436.6, Diff: 0.1]
      [Ext Root Scanning (ms): Min: 4.0, Avg: 4.8, Max: 5.3, Diff: 1.2, Sum: 86.0]
      [Update RS (ms): Min: 3.1, Avg: 3.5, Max: 4.1, Diff: 1.1, Sum: 63.1]
         [Processed Buffers: Min: 11, Avg: 33.9, Max: 76, Diff: 65, Sum: 611]
      [Scan RS (ms): Min: 0.0, Avg: 0.2, Max: 0.2, Diff: 0.2, Sum: 3.0]
      [Code Root Scanning (ms): Min: 0.0, Avg: 0.0, Max: 0.0, Diff: 0.0, Sum: 0.1]
      [Object Copy (ms): Min: 8.1, Avg: 8.3, Max: 8.7, Diff: 0.6, Sum: 149.6]
      [Termination (ms): Min: 0.0, Avg: 0.0, Max: 0.0, Diff: 0.0, Sum: 0.1]
      [GC Worker Other (ms): Min: 0.0, Avg: 0.1, Max: 0.1, Diff: 0.1, Sum: 0.9]
      [GC Worker Total (ms): Min: 16.7, Avg: 16.8, Max: 16.9, Diff: 0.2, Sum: 302.8]
      [GC Worker End (ms): Min: 1383453.3, Avg: 1383453.3, Max: 1383453.4, Diff: 0.1]
   [Code Root Fixup: 0.3 ms]
   [Code Root Migration: 0.0 ms]
   [Clear CT: 1.2 ms]
   [Other: 3.3 ms]
      [Choose CSet: 0.0 ms]
      [Ref Proc: 1.5 ms]
      [Ref Enq: 0.1 ms]
      [Free CSet: 0.6 ms]
   [Eden: 3936.0M(3936.0M)->0.0B(448.0M) Survivors: 64.0M->64.0M Heap: 9011.1M(10.0G)->5074.9M(10.0G)]
 [Times: user=0.32 sys=0.00, real=0.03 secs] 
1383.458: Total time for which application threads were stopped: 0.0236550 seconds
1383.749: [GC pause (G1 Evacuation Pause) (mixed)
Desired survivor size 33554432 bytes, new threshold 3 (max 15)
- age   1:   10231576 bytes,   10231576 total
- age   2:    7533040 bytes,   17764616 total
- age   3:   23992816 bytes,   41757432 total
- age   4:     507352 bytes,   42264784 total
, 0.0767820 secs]
   [Parallel Time: 69.0 ms, GC Workers: 18]
      [GC Worker Start (ms): Min: 1383749.9, Avg: 1383750.0, Max: 1383750.1, Diff: 0.1]
      [Ext Root Scanning (ms): Min: 4.3, Avg: 5.1, Max: 5.5, Diff: 1.2, Sum: 92.6]
      [Update RS (ms): Min: 2.5, Avg: 2.9, Max: 3.9, Diff: 1.4, Sum: 51.7]
         [Processed Buffers: Min: 20, Avg: 33.7, Max: 66, Diff: 46, Sum: 607]
      [Scan RS (ms): Min: 12.8, Avg: 13.2, Max: 13.7, Diff: 0.9, Sum: 237.9]
      [Code Root Scanning (ms): Min: 0.0, Avg: 0.0, Max: 0.0, Diff: 0.0, Sum: 0.0]
      [Object Copy (ms): Min: 47.1, Avg: 47.4, Max: 47.6, Diff: 0.5, Sum: 853.5]
      [Termination (ms): Min: 0.1, Avg: 0.1, Max: 0.2, Diff: 0.1, Sum: 1.7]
      [GC Worker Other (ms): Min: 0.0, Avg: 0.0, Max: 0.1, Diff: 0.1, Sum: 0.8]
      [GC Worker Total (ms): Min: 68.7, Avg: 68.8, Max: 68.9, Diff: 0.2, Sum: 1238.1]
      [GC Worker End (ms): Min: 1383818.8, Avg: 1383818.8, Max: 1383818.8, Diff: 0.1]
   [Code Root Fixup: 0.3 ms]
   [Code Root Migration: 0.0 ms]
   [Clear CT: 1.9 ms]
   [Other: 5.6 ms]
      [Choose CSet: 0.3 ms]
      [Ref Proc: 1.8 ms]
      [Ref Enq: 0.1 ms]
      [Free CSet: 0.9 ms]
   [Eden: 448.0M(448.0M)->0.0B(464.0M) Survivors: 64.0M->48.0M Heap: 5522.9M(10.0G)->4480.7M(10.0G)]
 [Times: user=1.26 sys=0.01, real=0.07 secs] 
1383.826: Total time for which application threads were stopped: 0.0783060 seconds
1384.126: Total time for which application threads were stopped: 0.0012070 seconds
1384.127: [GC pause (GCLocker Initiated GC) (mixed)
Desired survivor size 33554432 bytes, new threshold 15 (max 15)
- age   1:    1252792 bytes,    1252792 total
- age   2:    8996240 bytes,   10249032 total
- age   3:    7502632 bytes,   17751664 total
, 0.0494230 secs]
   [Parallel Time: 43.6 ms, GC Workers: 18]
      [GC Worker Start (ms): Min: 1384127.7, Avg: 1384127.7, Max: 1384127.8, Diff: 0.1]
      [Ext Root Scanning (ms): Min: 4.2, Avg: 4.9, Max: 5.2, Diff: 1.1, Sum: 87.6]
      [Update RS (ms): Min: 9.3, Avg: 9.7, Max: 10.5, Diff: 1.2, Sum: 175.2]
         [Processed Buffers: Min: 29, Avg: 49.3, Max: 75, Diff: 46, Sum: 888]
      [Scan RS (ms): Min: 8.6, Avg: 9.0, Max: 9.2, Diff: 0.6, Sum: 162.6]
      [Code Root Scanning (ms): Min: 0.0, Avg: 0.0, Max: 0.0, Diff: 0.0, Sum: 0.0]
      [Object Copy (ms): Min: 19.6, Avg: 19.7, Max: 19.9, Diff: 0.3, Sum: 354.6]
      [Termination (ms): Min: 0.0, Avg: 0.0, Max: 0.0, Diff: 0.0, Sum: 0.3]
      [GC Worker Other (ms): Min: 0.0, Avg: 0.0, Max: 0.1, Diff: 0.0, Sum: 0.7]
      [GC Worker Total (ms): Min: 43.3, Avg: 43.4, Max: 43.5, Diff: 0.1, Sum: 781.1]
      [GC Worker End (ms): Min: 1384171.1, Avg: 1384171.1, Max: 1384171.2, Diff: 0.0]
   [Code Root Fixup: 0.2 ms]
   [Code Root Migration: 0.0 ms]
   [Clear CT: 1.6 ms]
   [Other: 4.0 ms]
      [Choose CSet: 0.1 ms]
      [Ref Proc: 1.6 ms]
      [Ref Enq: 0.1 ms]
      [Free CSet: 0.4 ms]
   [Eden: 480.0M(464.0M)->0.0B(3216.0M) Survivors: 48.0M->32.0M Heap: 4945.1M(10.0G)->4477.3M(10.0G)]
 [Times: user=0.81 sys=0.01, real=0.05 secs] 
1384.177: Total time for which application threads were stopped: 0.0502790 seconds
1384.868: Total time for which application threads were stopped: 0.0013540 seconds
1387.785: [GC pause (G1 Evacuation Pause) (young)
Desired survivor size 218103808 bytes, new threshold 15 (max 15)
- age   1:    3508448 bytes,    3508448 total
- age   2:     363040 bytes,    3871488 total
- age   3:    6469080 bytes,   10340568 total
- age   4:    7405840 bytes,   17746408 total
, 0.0279440 secs]
   [Parallel Time: 23.1 ms, GC Workers: 18]
      [GC Worker Start (ms): Min: 1387785.3, Avg: 1387785.4, Max: 1387785.5, Diff: 0.1]
      [Ext Root Scanning (ms): Min: 4.2, Avg: 4.7, Max: 5.4, Diff: 1.3, Sum: 84.9]
      [Update RS (ms): Min: 12.9, Avg: 13.6, Max: 14.2, Diff: 1.3, Sum: 245.6]
         [Processed Buffers: Min: 26, Avg: 50.7, Max: 83, Diff: 57, Sum: 912]
      [Scan RS (ms): Min: 0.0, Avg: 0.2, Max: 0.4, Diff: 0.4, Sum: 3.5]
      [Code Root Scanning (ms): Min: 0.0, Avg: 0.0, Max: 0.0, Diff: 0.0, Sum: 0.1]
      [Object Copy (ms): Min: 4.1, Avg: 4.3, Max: 4.5, Diff: 0.4, Sum: 76.7]
      [Termination (ms): Min: 0.0, Avg: 0.1, Max: 0.1, Diff: 0.1, Sum: 2.0]
      [GC Worker Other (ms): Min: 0.0, Avg: 0.0, Max: 0.1, Diff: 0.0, Sum: 0.6]
      [GC Worker Total (ms): Min: 22.9, Avg: 23.0, Max: 23.0, Diff: 0.2, Sum: 413.4]
      [GC Worker End (ms): Min: 1387808.3, Avg: 1387808.3, Max: 1387808.4, Diff: 0.0]
   [Code Root Fixup: 0.2 ms]
   [Code Root Migration: 0.0 ms]
   [Clear CT: 1.1 ms]
   [Other: 3.5 ms]
      [Choose CSet: 0.0 ms]
      [Ref Proc: 1.8 ms]
      [Ref Enq: 0.1 ms]
      [Free CSet: 0.5 ms]
   [Eden: 3216.0M(3216.0M)->0.0B(480.0M) Survivors: 32.0M->32.0M Heap: 7693.3M(10.0G)->4483.4M(10.0G)]
 [Times: user=0.43 sys=0.00, real=0.03 secs] 
1387.813: Total time for which application threads were stopped: 0.0296910 seconds
1388.201: [GC pause (G1 Evacuation Pause) (young)
Desired survivor size 33554432 bytes, new threshold 15 (max 15)
- age   1:   10333464 bytes,   10333464 total
- age   2:    2274776 bytes,   12608240 total
- age   3:     157992 bytes,   12766232 total
- age   4:    3811312 bytes,   16577544 total
- age   5:    6909088 bytes,   23486632 total
, 0.0158560 secs]
   [Parallel Time: 12.6 ms, GC Workers: 18]
      [GC Worker Start (ms): Min: 1388201.1, Avg: 1388201.2, Max: 1388201.3, Diff: 0.1]
      [Ext Root Scanning (ms): Min: 4.3, Avg: 4.9, Max: 5.5, Diff: 1.2, Sum: 88.8]
      [Update RS (ms): Min: 1.9, Avg: 2.6, Max: 3.7, Diff: 1.9, Sum: 47.4]
         [Processed Buffers: Min: 14, Avg: 31.8, Max: 47, Diff: 33, Sum: 573]
      [Scan RS (ms): Min: 0.0, Avg: 0.0, Max: 0.0, Diff: 0.0, Sum: 0.6]
      [Code Root Scanning (ms): Min: 0.0, Avg: 0.0, Max: 0.0, Diff: 0.0, Sum: 0.0]
      [Object Copy (ms): Min: 2.5, Avg: 3.9, Max: 5.0, Diff: 2.5, Sum: 69.4]
      [Termination (ms): Min: 0.0, Avg: 0.9, Max: 1.0, Diff: 1.0, Sum: 15.9]
      [GC Worker Other (ms): Min: 0.0, Avg: 0.0, Max: 0.0, Diff: 0.0, Sum: 0.6]
      [GC Worker Total (ms): Min: 12.3, Avg: 12.4, Max: 12.4, Diff: 0.1, Sum: 222.6]
      [GC Worker End (ms): Min: 1388213.6, Avg: 1388213.6, Max: 1388213.6, Diff: 0.0]
   [Code Root Fixup: 0.2 ms]
   [Code Root Migration: 0.0 ms]
   [Clear CT: 0.2 ms]
   [Other: 2.8 ms]
      [Choose CSet: 0.0 ms]
      [Ref Proc: 1.5 ms]
      [Ref Enq: 0.2 ms]
      [Free CSet: 0.2 ms]
   [Eden: 480.0M(480.0M)->0.0B(480.0M) Survivors: 32.0M->32.0M Heap: 4963.4M(10.0G)->4483.1M(10.0G)]
 [Times: user=0.23 sys=0.00, real=0.01 secs] 
1388.217: Total time for which application threads were stopped: 0.0173530 seconds
1388.631: [GC pause (G1 Evacuation Pause) (young)
Desired survivor size 33554432 bytes, new threshold 15 (max 15)
- age   1:    1221992 bytes,    1221992 total
- age   2:    9671072 bytes,   10893064 total
- age   3:    2274264 bytes,   13167328 total
- age   4:     104848 bytes,   13272176 total
- age   5:    3726424 bytes,   16998600 total
- age   6:    6901176 bytes,   23899776 total
, 0.0164060 secs]
   [Parallel Time: 13.1 ms, GC Workers: 18]
      [GC Worker Start (ms): Min: 1388631.4, Avg: 1388631.5, Max: 1388631.5, Diff: 0.1]
      [Ext Root Scanning (ms): Min: 4.3, Avg: 4.9, Max: 5.2, Diff: 1.0, Sum: 88.0]
      [Update RS (ms): Min: 2.1, Avg: 2.6, Max: 3.7, Diff: 1.6, Sum: 47.5]
         [Processed Buffers: Min: 11, Avg: 32.2, Max: 59, Diff: 48, Sum: 579]
      [Scan RS (ms): Min: 0.0, Avg: 0.0, Max: 0.0, Diff: 0.0, Sum: 0.4]
      [Code Root Scanning (ms): Min: 0.0, Avg: 0.0, Max: 0.0, Diff: 0.0, Sum: 0.0]
      [Object Copy (ms): Min: 2.6, Avg: 3.9, Max: 5.6, Diff: 2.9, Sum: 69.5]
      [Termination (ms): Min: 0.0, Avg: 1.5, Max: 1.8, Diff: 1.8, Sum: 27.6]
      [GC Worker Other (ms): Min: 0.0, Avg: 0.0, Max: 0.1, Diff: 0.1, Sum: 0.6]
      [GC Worker Total (ms): Min: 12.9, Avg: 13.0, Max: 13.0, Diff: 0.1, Sum: 233.6]
      [GC Worker End (ms): Min: 1388644.4, Avg: 1388644.4, Max: 1388644.5, Diff: 0.0]
   [Code Root Fixup: 0.2 ms]
   [Code Root Migration: 0.0 ms]
   [Clear CT: 0.2 ms]
   [Other: 2.8 ms]
      [Choose CSet: 0.0 ms]
      [Ref Proc: 1.6 ms]
      [Ref Enq: 0.1 ms]
      [Free CSet: 0.2 ms]
   [Eden: 480.0M(480.0M)->0.0B(2320.0M) Survivors: 32.0M->32.0M Heap: 4963.1M(10.0G)->4482.4M(10.0G)]
 [Times: user=0.24 sys=0.00, real=0.01 secs] 
1388.648: Total time for which application threads were stopped: 0.0181310 seconds
1391.203: [GC pause (G1 Evacuation Pause) (young)
Desired survivor size 159383552 bytes, new threshold 15 (max 15)
- age   1:    1191160 bytes,    1191160 total
- age   2:     337192 bytes,    1528352 total
- age   3:    9516968 bytes,   11045320 total
- age   4:    2188520 bytes,   13233840 total
- age   5:     104848 bytes,   13338688 total
- age   6:    3662312 bytes,   17001000 total
- age   7:    6769584 bytes,   23770584 total
, 0.0189540 secs]
   [Parallel Time: 14.9 ms, GC Workers: 18]
      [GC Worker Start (ms): Min: 1391204.0, Avg: 1391204.1, Max: 1391204.1, Diff: 0.1]
      [Ext Root Scanning (ms): Min: 4.5, Avg: 5.7, Max: 7.9, Diff: 3.4, Sum: 101.9]
      [Update RS (ms): Min: 0.7, Avg: 4.2, Max: 6.0, Diff: 5.3, Sum: 74.7]
         [Processed Buffers: Min: 5, Avg: 33.7, Max: 71, Diff: 66, Sum: 606]
      [Scan RS (ms): Min: 0.0, Avg: 0.0, Max: 0.1, Diff: 0.1, Sum: 0.7]
      [Code Root Scanning (ms): Min: 0.0, Avg: 0.0, Max: 0.0, Diff: 0.0, Sum: 0.0]
      [Object Copy (ms): Min: 3.2, Avg: 4.2, Max: 6.2, Diff: 3.1, Sum: 74.9]
      [Termination (ms): Min: 0.0, Avg: 0.7, Max: 0.8, Diff: 0.8, Sum: 12.0]
      [GC Worker Other (ms): Min: 0.0, Avg: 0.0, Max: 0.1, Diff: 0.0, Sum: 0.5]
      [GC Worker Total (ms): Min: 14.6, Avg: 14.7, Max: 14.8, Diff: 0.1, Sum: 264.8]
      [GC Worker End (ms): Min: 1391218.7, Avg: 1391218.8, Max: 1391218.8, Diff: 0.0]
   [Code Root Fixup: 0.2 ms]
   [Code Root Migration: 0.0 ms]
   [Clear CT: 0.7 ms]
   [Other: 3.2 ms]
      [Choose CSet: 0.0 ms]
      [Ref Proc: 1.6 ms]
      [Ref Enq: 0.1 ms]
      [Free CSet: 0.4 ms]
   [Eden: 2320.0M(2320.0M)->0.0B(4608.0M) Survivors: 32.0M->32.0M Heap: 6802.4M(10.0G)->4485.3M(10.0G)]
 [Times: user=0.21 sys=0.01, real=0.02 secs] 
1391.223: Total time for which application threads were stopped: 0.0207170 seconds
1394.224: Total time for which application threads were stopped: 0.0012440 seconds
1394.502: Total time for which application threads were stopped: 0.0010710 seconds
1396.293: [GC pause (G1 Evacuation Pause) (young)
Desired survivor size 310378496 bytes, new threshold 15 (max 15)
- age   1:    8367912 bytes,    8367912 total
- age   2:     417304 bytes,    8785216 total
- age   3:     261544 bytes,    9046760 total
- age   4:    6337744 bytes,   15384504 total
- age   5:    2171560 bytes,   17556064 total
- age   6:      73544 bytes,   17629608 total
- age   7:    3500336 bytes,   21129944 total
- age   8:    6722216 bytes,   27852160 total
, 0.0206000 secs]
   [Parallel Time: 15.7 ms, GC Workers: 18]
      [GC Worker Start (ms): Min: 1396293.4, Avg: 1396293.5, Max: 1396293.5, Diff: 0.1]
      [Ext Root Scanning (ms): Min: 4.0, Avg: 4.8, Max: 5.1, Diff: 1.1, Sum: 85.8]
      [Update RS (ms): Min: 3.0, Avg: 3.4, Max: 4.2, Diff: 1.2, Sum: 60.9]
         [Processed Buffers: Min: 12, Avg: 33.9, Max: 65, Diff: 53, Sum: 611]
      [Scan RS (ms): Min: 0.0, Avg: 0.2, Max: 0.3, Diff: 0.2, Sum: 4.0]
      [Code Root Scanning (ms): Min: 0.0, Avg: 0.0, Max: 0.0, Diff: 0.0, Sum: 0.1]
      [Object Copy (ms): Min: 4.9, Avg: 5.6, Max: 7.1, Diff: 2.2, Sum: 101.5]
      [Termination (ms): Min: 0.0, Avg: 1.5, Max: 1.8, Diff: 1.8, Sum: 26.7]
      [GC Worker Other (ms): Min: 0.0, Avg: 0.0, Max: 0.1, Diff: 0.0, Sum: 0.5]
      [GC Worker Total (ms): Min: 15.5, Avg: 15.5, Max: 15.6, Diff: 0.1, Sum: 279.5]
      [GC Worker End (ms): Min: 1396309.0, Avg: 1396309.0, Max: 1396309.0, Diff: 0.0]
   [Code Root Fixup: 0.2 ms]
   [Code Root Migration: 0.1 ms]
   [Clear CT: 1.3 ms]
   [Other: 3.4 ms]
      [Choose CSet: 0.0 ms]
      [Ref Proc: 1.5 ms]
      [Ref Enq: 0.1 ms]
      [Free CSet: 0.7 ms]
   [Eden: 4608.0M(4608.0M)->0.0B(4592.0M) Survivors: 32.0M->48.0M Heap: 9093.3M(10.0G)->4497.0M(10.0G)]
 [Times: user=0.30 sys=0.01, real=0.02 secs] 
1396.314: Total time for which application threads were stopped: 0.0222730 seconds
1401.783: [GC pause (G1 Evacuation Pause) (young)
Desired survivor size 310378496 bytes, new threshold 15 (max 15)
- age   1:   13280688 bytes,   13280688 total
- age   2:    3029504 bytes,   16310192 total
- age   3:     253136 bytes,   16563328 total
- age   4:     117960 bytes,   16681288 total
- age   5:    5261536 bytes,   21942824 total
- age   6:    2158896 bytes,   24101720 total
- age   7:      67272 bytes,   24168992 total
- age   8:    3378568 bytes,   27547560 total
- age   9:    4571960 bytes,   32119520 total
, 0.0223060 secs]
   [Parallel Time: 17.0 ms, GC Workers: 18]
      [GC Worker Start (ms): Min: 1401783.7, Avg: 1401783.7, Max: 1401783.8, Diff: 0.2]
      [Ext Root Scanning (ms): Min: 4.5, Avg: 5.4, Max: 11.7, Diff: 7.2, Sum: 96.9]
      [Update RS (ms): Min: 0.0, Avg: 3.3, Max: 4.2, Diff: 4.2, Sum: 60.1]
         [Processed Buffers: Min: 0, Avg: 36.9, Max: 80, Diff: 80, Sum: 665]
      [Scan RS (ms): Min: 0.0, Avg: 0.2, Max: 0.3, Diff: 0.3, Sum: 3.7]
      [Code Root Scanning (ms): Min: 0.0, Avg: 0.0, Max: 0.0, Diff: 0.0, Sum: 0.1]
      [Object Copy (ms): Min: 4.3, Avg: 7.1, Max: 8.1, Diff: 3.9, Sum: 128.3]
      [Termination (ms): Min: 0.0, Avg: 0.7, Max: 0.8, Diff: 0.8, Sum: 13.2]
      [GC Worker Other (ms): Min: 0.0, Avg: 0.0, Max: 0.1, Diff: 0.1, Sum: 0.7]
      [GC Worker Total (ms): Min: 16.8, Avg: 16.8, Max: 16.9, Diff: 0.2, Sum: 302.9]
      [GC Worker End (ms): Min: 1401800.5, Avg: 1401800.6, Max: 1401800.6, Diff: 0.0]
   [Code Root Fixup: 0.3 ms]
   [Code Root Migration: 0.1 ms]
   [Clear CT: 1.4 ms]
   [Other: 3.6 ms]
      [Choose CSet: 0.0 ms]
      [Ref Proc: 1.6 ms]
      [Ref Enq: 0.1 ms]
      [Free CSet: 0.7 ms]
   [Eden: 4592.0M(4592.0M)->0.0B(4608.0M) Survivors: 48.0M->48.0M Heap: 9089.0M(10.0G)->4494.2M(10.0G)]
 [Times: user=0.30 sys=0.01, real=0.02 secs] 
1401.806: Total time for which application threads were stopped: 0.0241760 seconds
1404.579: Total time for which application threads were stopped: 0.0012440 seconds
1404.774: Total time for which application threads were stopped: 0.0011210 seconds
1404.782: Total time for which application threads were stopped: 0.0008090 seconds
1406.334: [GC pause (G1 Evacuation Pause) (young)
Desired survivor size 310378496 bytes, new threshold 15 (max 15)
- age   1:   14067816 bytes,   14067816 total
- age   2:    6726472 bytes,   20794288 total
- age   3:    2733440 bytes,   23527728 total
- age   4:     113128 bytes,   23640856 total
- age   5:     100728 bytes,   23741584 total
- age   6:    4830776 bytes,   28572360 total
- age   7:    2151800 bytes,   30724160 total
- age   8:      60792 bytes,   30784952 total
- age   9:    1245000 bytes,   32029952 total
- age  10:    2461240 bytes,   34491192 total
, 0.0273850 secs]
   [Parallel Time: 22.2 ms, GC Workers: 18]
      [GC Worker Start (ms): Min: 1406334.1, Avg: 1406334.2, Max: 1406334.3, Diff: 0.1]
      [Ext Root Scanning (ms): Min: 4.2, Avg: 4.8, Max: 5.5, Diff: 1.3, Sum: 87.2]
      [Update RS (ms): Min: 2.9, Avg: 3.7, Max: 4.6, Diff: 1.7, Sum: 66.9]
         [Processed Buffers: Min: 13, Avg: 35.3, Max: 59, Diff: 46, Sum: 636]
      [Scan RS (ms): Min: 0.0, Avg: 0.2, Max: 0.3, Diff: 0.2, Sum: 3.6]
      [Code Root Scanning (ms): Min: 0.0, Avg: 0.0, Max: 0.0, Diff: 0.0, Sum: 0.1]
      [Object Copy (ms): Min: 12.4, Avg: 12.7, Max: 13.3, Diff: 0.8, Sum: 228.4]
      [Termination (ms): Min: 0.0, Avg: 0.5, Max: 0.6, Diff: 0.6, Sum: 9.9]
      [GC Worker Other (ms): Min: 0.0, Avg: 0.0, Max: 0.1, Diff: 0.1, Sum: 0.7]
      [GC Worker Total (ms): Min: 22.0, Avg: 22.0, Max: 22.1, Diff: 0.1, Sum: 396.7]
      [GC Worker End (ms): Min: 1406356.2, Avg: 1406356.2, Max: 1406356.3, Diff: 0.1]
   [Code Root Fixup: 0.2 ms]
   [Code Root Migration: 0.1 ms]
   [Clear CT: 1.4 ms]
   [Other: 3.5 ms]
      [Choose CSet: 0.0 ms]
      [Ref Proc: 1.6 ms]
      [Ref Enq: 0.1 ms]
      [Free CSet: 0.7 ms]
   [Eden: 4608.0M(4608.0M)->0.0B(4592.0M) Survivors: 48.0M->64.0M Heap: 9102.2M(10.0G)->4515.9M(10.0G)]
 [Times: user=0.40 sys=0.01, real=0.03 secs] 
1406.361: Total time for which application threads were stopped: 0.0291030 seconds
1410.363: Total time for which application threads were stopped: 0.0012810 seconds
1411.401: [GC pause (G1 Evacuation Pause) (young)
Desired survivor size 310378496 bytes, new threshold 15 (max 15)
- age   1:   30942008 bytes,   30942008 total
- age   2:    7676480 bytes,   38618488 total
- age   3:    6053536 bytes,   44672024 total
- age   4:    2671080 bytes,   47343104 total
- age   5:      99152 bytes,   47442256 total
- age   6:      85992 bytes,   47528248 total
- age   7:    2734832 bytes,   50263080 total
- age   8:      80040 bytes,   50343120 total
- age   9:      60248 bytes,   50403368 total
- age  10:    1220568 bytes,   51623936 total
- age  11:    2437528 bytes,   54061464 total
, 0.0262570 secs]
   [Parallel Time: 21.1 ms, GC Workers: 18]
      [GC Worker Start (ms): Min: 1411401.8, Avg: 1411401.9, Max: 1411401.9, Diff: 0.1]
      [Ext Root Scanning (ms): Min: 4.5, Avg: 5.0, Max: 5.5, Diff: 0.9, Sum: 89.3]
      [Update RS (ms): Min: 3.1, Avg: 3.6, Max: 4.5, Diff: 1.3, Sum: 65.1]
         [Processed Buffers: Min: 22, Avg: 37.7, Max: 56, Diff: 34, Sum: 679]
      [Scan RS (ms): Min: 0.0, Avg: 0.2, Max: 0.3, Diff: 0.2, Sum: 3.6]
      [Code Root Scanning (ms): Min: 0.0, Avg: 0.0, Max: 0.0, Diff: 0.0, Sum: 0.1]
      [Object Copy (ms): Min: 11.2, Avg: 11.5, Max: 12.2, Diff: 1.0, Sum: 207.7]
      [Termination (ms): Min: 0.0, Avg: 0.6, Max: 0.7, Diff: 0.7, Sum: 10.8]
      [GC Worker Other (ms): Min: 0.0, Avg: 0.0, Max: 0.1, Diff: 0.0, Sum: 0.5]
      [GC Worker Total (ms): Min: 20.9, Avg: 21.0, Max: 21.0, Diff: 0.1, Sum: 377.2]
      [GC Worker End (ms): Min: 1411422.8, Avg: 1411422.8, Max: 1411422.8, Diff: 0.1]
   [Code Root Fixup: 0.3 ms]
   [Code Root Migration: 0.1 ms]
   [Clear CT: 1.3 ms]
   [Other: 3.5 ms]
      [Choose CSet: 0.0 ms]
      [Ref Proc: 1.5 ms]
      [Ref Enq: 0.1 ms]
      [Free CSet: 0.7 ms]
   [Eden: 4592.0M(4592.0M)->0.0B(4528.0M) Survivors: 64.0M->96.0M Heap: 9107.9M(10.0G)->4540.8M(10.0G)]
 [Times: user=0.39 sys=0.01, real=0.02 secs] 
1411.428: Total time for which application threads were stopped: 0.0279950 seconds
1414.187: Total time for which application threads were stopped: 0.0012920 seconds
1415.189: Total time for which application threads were stopped: 0.0012840 seconds
1416.283: [GC pause (G1 Evacuation Pause) (young)
Desired survivor size 310378496 bytes, new threshold 15 (max 15)
- age   1:   13352944 bytes,   13352944 total
- age   2:   24509392 bytes,   37862336 total
- age   3:    6830000 bytes,   44692336 total
- age   4:    3851152 bytes,   48543488 total
- age   5:     596256 bytes,   49139744 total
- age   6:      97360 bytes,   49237104 total
- age   7:      85352 bytes,   49322456 total
- age   8:    2696752 bytes,   52019208 total
- age   9:      77512 bytes,   52096720 total
- age  10:      58296 bytes,   52155016 total
- age  11:    1208608 bytes,   53363624 total
- age  12:    2427736 bytes,   55791360 total
, 0.0267510 secs]
   [Parallel Time: 21.2 ms, GC Workers: 18]
      [GC Worker Start (ms): Min: 1416283.2, Avg: 1416283.2, Max: 1416283.3, Diff: 0.1]
      [Ext Root Scanning (ms): Min: 4.1, Avg: 4.8, Max: 5.3, Diff: 1.1, Sum: 86.4]
      [Update RS (ms): Min: 3.2, Avg: 3.7, Max: 4.4, Diff: 1.2, Sum: 66.8]
         [Processed Buffers: Min: 12, Avg: 35.3, Max: 53, Diff: 41, Sum: 636]
      [Scan RS (ms): Min: 0.0, Avg: 0.2, Max: 0.3, Diff: 0.2, Sum: 3.4]
      [Code Root Scanning (ms): Min: 0.0, Avg: 0.0, Max: 0.0, Diff: 0.0, Sum: 0.1]
      [Object Copy (ms): Min: 11.6, Avg: 12.3, Max: 12.5, Diff: 0.9, Sum: 220.7]
      [Termination (ms): Min: 0.0, Avg: 0.0, Max: 0.0, Diff: 0.0, Sum: 0.1]
      [GC Worker Other (ms): Min: 0.0, Avg: 0.1, Max: 0.1, Diff: 0.1, Sum: 1.3]
      [GC Worker Total (ms): Min: 21.0, Avg: 21.0, Max: 21.1, Diff: 0.2, Sum: 378.8]
      [GC Worker End (ms): Min: 1416304.2, Avg: 1416304.3, Max: 1416304.3, Diff: 0.1]
   [Code Root Fixup: 0.2 ms]
   [Code Root Migration: 0.1 ms]
   [Clear CT: 1.4 ms]
   [Other: 3.9 ms]
      [Choose CSet: 0.0 ms]
      [Ref Proc: 1.7 ms]
      [Ref Enq: 0.1 ms]
      [Free CSet: 0.8 ms]
   [Eden: 4528.0M(4528.0M)->0.0B(4560.0M) Survivors: 96.0M->80.0M Heap: 9068.8M(10.0G)->4523.3M(10.0G)]
 [Times: user=0.40 sys=0.01, real=0.02 secs] 
1416.310: Total time for which application threads were stopped: 0.0283620 seconds
1420.862: [GC pause (G1 Evacuation Pause) (young)
Desired survivor size 310378496 bytes, new threshold 15 (max 15)
- age   1:   13288912 bytes,   13288912 total
- age   2:    7736848 bytes,   21025760 total
- age   3:   23814680 bytes,   44840440 total
- age   4:    4607064 bytes,   49447504 total
- age   5:    1752784 bytes,   51200288 total
- age   6:     571880 bytes,   51772168 total
- age   7:      96376 bytes,   51868544 total
- age   8:      84680 bytes,   51953224 total
- age   9:    2683760 bytes,   54636984 total
- age  10:      77088 bytes,   54714072 total
- age  11:      57600 bytes,   54771672 total
- age  12:    1202880 bytes,   55974552 total
- age  13:    2417200 bytes,   58391752 total
, 0.0262300 secs]
   [Parallel Time: 20.7 ms, GC Workers: 18]
      [GC Worker Start (ms): Min: 1420862.6, Avg: 1420862.7, Max: 1420862.8, Diff: 0.2]
      [Ext Root Scanning (ms): Min: 4.0, Avg: 4.7, Max: 5.1, Diff: 1.1, Sum: 84.7]
      [Update RS (ms): Min: 3.6, Avg: 4.0, Max: 4.7, Diff: 1.1, Sum: 72.0]
         [Processed Buffers: Min: 13, Avg: 38.7, Max: 63, Diff: 50, Sum: 696]
      [Scan RS (ms): Min: 0.0, Avg: 0.2, Max: 0.3, Diff: 0.2, Sum: 3.8]
      [Code Root Scanning (ms): Min: 0.0, Avg: 0.0, Max: 0.0, Diff: 0.0, Sum: 0.1]
      [Object Copy (ms): Min: 11.4, Avg: 11.5, Max: 11.7, Diff: 0.3, Sum: 206.8]
      [Termination (ms): Min: 0.0, Avg: 0.0, Max: 0.0, Diff: 0.0, Sum: 0.1]
      [GC Worker Other (ms): Min: 0.0, Avg: 0.1, Max: 0.1, Diff: 0.1, Sum: 1.2]
      [GC Worker Total (ms): Min: 20.4, Avg: 20.5, Max: 20.6, Diff: 0.2, Sum: 368.6]
      [GC Worker End (ms): Min: 1420883.2, Avg: 1420883.2, Max: 1420883.2, Diff: 0.1]
   [Code Root Fixup: 0.2 ms]
   [Code Root Migration: 0.1 ms]
   [Clear CT: 1.4 ms]
   [Other: 3.9 ms]
      [Choose CSet: 0.0 ms]
      [Ref Proc: 1.6 ms]
      [Ref Enq: 0.1 ms]
      [Free CSet: 0.8 ms]
   [Eden: 4560.0M(4560.0M)->0.0B(4496.0M) Survivors: 80.0M->112.0M Heap: 9083.3M(10.0G)->4556.2M(10.0G)]
 [Times: user=0.39 sys=0.00, real=0.03 secs] 
1420.889: Total time for which application threads were stopped: 0.0277600 seconds
1424.789: Total time for which application threads were stopped: 0.0011710 seconds
1425.864: [GC pause (G1 Evacuation Pause) (young)
Desired survivor size 301989888 bytes, new threshold 15 (max 15)
- age   1:   12142256 bytes,   12142256 total
- age   2:    6497408 bytes,   18639664 total
- age   3:    6975032 bytes,   25614696 total
- age   4:   21599304 bytes,   47214000 total
- age   5:    2499432 bytes,   49713432 total
- age   6:    1728960 bytes,   51442392 total
- age   7:     563352 bytes,   52005744 total
- age   8:      96256 bytes,   52102000 total
- age   9:      81400 bytes,   52183400 total
- age  10:    2679200 bytes,   54862600 total
- age  11:      77024 bytes,   54939624 total
- age  12:      57152 bytes,   54996776 total
- age  13:    1197480 bytes,   56194256 total
- age  14:    2414280 bytes,   58608536 total
, 0.0266680 secs]
   [Parallel Time: 21.2 ms, GC Workers: 18]
      [GC Worker Start (ms): Min: 1425864.2, Avg: 1425864.3, Max: 1425864.3, Diff: 0.1]
      [Ext Root Scanning (ms): Min: 4.1, Avg: 4.8, Max: 5.2, Diff: 1.1, Sum: 86.8]
      [Update RS (ms): Min: 3.4, Avg: 3.9, Max: 4.8, Diff: 1.4, Sum: 70.1]
         [Processed Buffers: Min: 15, Avg: 35.8, Max: 59, Diff: 44, Sum: 645]
      [Scan RS (ms): Min: 0.0, Avg: 0.2, Max: 0.2, Diff: 0.2, Sum: 3.4]
      [Code Root Scanning (ms): Min: 0.0, Avg: 0.0, Max: 0.0, Diff: 0.0, Sum: 0.1]
      [Object Copy (ms): Min: 11.7, Avg: 12.0, Max: 12.3, Diff: 0.6, Sum: 216.4]
      [Termination (ms): Min: 0.0, Avg: 0.0, Max: 0.0, Diff: 0.0, Sum: 0.3]
      [GC Worker Other (ms): Min: 0.0, Avg: 0.1, Max: 0.1, Diff: 0.1, Sum: 1.0]
      [GC Worker Total (ms): Min: 20.9, Avg: 21.0, Max: 21.1, Diff: 0.2, Sum: 378.0]
      [GC Worker End (ms): Min: 1425885.3, Avg: 1425885.3, Max: 1425885.3, Diff: 0.1]
   [Code Root Fixup: 0.2 ms]
   [Code Root Migration: 0.1 ms]
   [Clear CT: 1.6 ms]
   [Other: 3.6 ms]
      [Choose CSet: 0.0 ms]
      [Ref Proc: 1.5 ms]
      [Ref Enq: 0.1 ms]
      [Free CSet: 0.8 ms]
   [Eden: 4496.0M(4496.0M)->0.0B(4560.0M) Survivors: 112.0M->80.0M Heap: 9052.2M(10.0G)->4531.5M(10.0G)]
 [Times: user=0.40 sys=0.01, real=0.02 secs] 
1425.891: Total time for which application threads were stopped: 0.0282350 seconds
1430.702: [GC pause (G1 Evacuation Pause) (young)
Desired survivor size 310378496 bytes, new threshold 15 (max 15)
- age   1:   13504464 bytes,   13504464 total
- age   2:    7772112 bytes,   21276576 total
- age   3:    5807760 bytes,   27084336 total
- age   4:    4765848 bytes,   31850184 total
- age   5:   19505424 bytes,   51355608 total
- age   6:    2464480 bytes,   53820088 total
- age   7:    1712816 bytes,   55532904 total
- age   8:     557936 bytes,   56090840 total
- age   9:      95584 bytes,   56186424 total
- age  10:      80000 bytes,   56266424 total
- age  11:    2675192 bytes,   58941616 total
- age  12:      76480 bytes,   59018096 total
- age  13:      57112 bytes,   59075208 total
- age  14:    1192016 bytes,   60267224 total
- age  15:    2145048 bytes,   62412272 total
, 0.0294200 secs]
   [Parallel Time: 23.7 ms, GC Workers: 18]
      [GC Worker Start (ms): Min: 1430702.6, Avg: 1430702.7, Max: 1430702.8, Diff: 0.1]
      [Ext Root Scanning (ms): Min: 5.3, Avg: 6.0, Max: 6.6, Diff: 1.4, Sum: 108.9]
      [Update RS (ms): Min: 3.6, Avg: 4.1, Max: 5.0, Diff: 1.5, Sum: 74.3]
         [Processed Buffers: Min: 19, Avg: 38.9, Max: 68, Diff: 49, Sum: 701]
      [Scan RS (ms): Min: 0.0, Avg: 0.2, Max: 0.2, Diff: 0.2, Sum: 3.4]
      [Code Root Scanning (ms): Min: 0.0, Avg: 0.0, Max: 0.0, Diff: 0.0, Sum: 0.1]
      [Object Copy (ms): Min: 12.4, Avg: 13.0, Max: 13.4, Diff: 1.0, Sum: 234.4]
      [Termination (ms): Min: 0.0, Avg: 0.1, Max: 0.1, Diff: 0.1, Sum: 1.8]
      [GC Worker Other (ms): Min: 0.0, Avg: 0.1, Max: 0.1, Diff: 0.1, Sum: 1.0]
      [GC Worker Total (ms): Min: 23.5, Avg: 23.5, Max: 23.7, Diff: 0.2, Sum: 423.8]
      [GC Worker End (ms): Min: 1430726.2, Avg: 1430726.3, Max: 1430726.3, Diff: 0.1]
   [Code Root Fixup: 0.3 ms]
   [Code Root Migration: 0.1 ms]
   [Clear CT: 1.5 ms]
   [Other: 3.9 ms]
      [Choose CSet: 0.0 ms]
      [Ref Proc: 1.7 ms]
      [Ref Enq: 0.1 ms]
      [Free CSet: 0.8 ms]
   [Eden: 4560.0M(4560.0M)->0.0B(4496.0M) Survivors: 80.0M->112.0M Heap: 9091.5M(10.0G)->4567.0M(10.0G)]
 [Times: user=0.41 sys=0.01, real=0.03 secs] 
1430.732: Total time for which application threads were stopped: 0.0310180 seconds
1434.970: Total time for which application threads were stopped: 0.0079430 seconds
1435.462: Total time for which application threads were stopped: 0.0009790 seconds
1435.462: [GC pause (GCLocker Initiated GC) (young)
Desired survivor size 301989888 bytes, new threshold 15 (max 15)
- age   1:   12261952 bytes,   12261952 total
- age   2:    6596784 bytes,   18858736 total
- age   3:    7007400 bytes,   25866136 total
- age   4:    3591832 bytes,   29457968 total
- age   5:    2655184 bytes,   32113152 total
- age   6:   19475664 bytes,   51588816 total
- age   7:    2330912 bytes,   53919728 total
- age   8:    1705752 bytes,   55625480 total
- age   9:     556016 bytes,   56181496 total
- age  10:      95560 bytes,   56277056 total
- age  11:      79320 bytes,   56356376 total
- age  12:    2671728 bytes,   59028104 total
- age  13:      74280 bytes,   59102384 total
- age  14:      57064 bytes,   59159448 total
- age  15:    1187944 bytes,   60347392 total
, 0.0278300 secs]
   [Parallel Time: 22.4 ms, GC Workers: 18]
      [GC Worker Start (ms): Min: 1435462.7, Avg: 1435462.7, Max: 1435462.8, Diff: 0.2]
      [Ext Root Scanning (ms): Min: 4.3, Avg: 4.8, Max: 5.7, Diff: 1.3, Sum: 86.0]
      [Update RS (ms): Min: 3.2, Avg: 4.3, Max: 5.2, Diff: 1.9, Sum: 76.7]
         [Processed Buffers: Min: 20, Avg: 36.4, Max: 51, Diff: 31, Sum: 656]
      [Scan RS (ms): Min: 0.0, Avg: 0.2, Max: 0.2, Diff: 0.2, Sum: 3.4]
      [Code Root Scanning (ms): Min: 0.0, Avg: 0.0, Max: 0.0, Diff: 0.0, Sum: 0.1]
      [Object Copy (ms): Min: 12.4, Avg: 12.8, Max: 13.1, Diff: 0.8, Sum: 230.4]
      [Termination (ms): Min: 0.0, Avg: 0.1, Max: 0.2, Diff: 0.2, Sum: 1.7]
      [GC Worker Other (ms): Min: 0.0, Avg: 0.1, Max: 0.1, Diff: 0.1, Sum: 1.0]
      [GC Worker Total (ms): Min: 22.1, Avg: 22.2, Max: 22.3, Diff: 0.2, Sum: 399.2]
      [GC Worker End (ms): Min: 1435484.9, Avg: 1435484.9, Max: 1435485.0, Diff: 0.1]
   [Code Root Fixup: 0.3 ms]
   [Code Root Migration: 0.1 ms]
   [Clear CT: 1.5 ms]
   [Other: 3.7 ms]
      [Choose CSet: 0.0 ms]
      [Ref Proc: 1.5 ms]
      [Ref Enq: 0.1 ms]
      [Free CSet: 0.8 ms]
   [Eden: 4512.0M(4496.0M)->0.0B(4528.0M) Survivors: 112.0M->96.0M Heap: 9063.3M(10.0G)->4541.0M(10.0G)]
 [Times: user=0.42 sys=0.01, real=0.03 secs] 
1435.490: Total time for which application threads were stopped: 0.0285790 seconds
1437.493: Total time for which application threads were stopped: 0.0021600 seconds
1440.485: [GC pause (G1 Evacuation Pause) (young)
Desired survivor size 310378496 bytes, new threshold 15 (max 15)
- age   1:   28629376 bytes,   28629376 total
- age   2:    7583992 bytes,   36213368 total
- age   3:    6327680 bytes,   42541048 total
- age   4:    4791032 bytes,   47332080 total
- age   5:    1478080 bytes,   48810160 total
- age   6:    2625680 bytes,   51435840 total
- age   7:    1720336 bytes,   53156176 total
- age   8:    2323272 bytes,   55479448 total
- age   9:    1702032 bytes,   57181480 total
- age  10:     555080 bytes,   57736560 total
- age  11:      95560 bytes,   57832120 total
- age  12:      79272 bytes,   57911392 total
- age  13:    2670800 bytes,   60582192 total
- age  14:      73640 bytes,   60655832 total
- age  15:      57016 bytes,   60712848 total
, 0.0280340 secs]
   [Parallel Time: 22.7 ms, GC Workers: 18]
      [GC Worker Start (ms): Min: 1440485.8, Avg: 1440485.8, Max: 1440485.9, Diff: 0.2]
      [Ext Root Scanning (ms): Min: 4.2, Avg: 4.9, Max: 5.5, Diff: 1.3, Sum: 88.2]
      [Update RS (ms): Min: 3.4, Avg: 4.0, Max: 4.7, Diff: 1.3, Sum: 72.1]
         [Processed Buffers: Min: 18, Avg: 38.5, Max: 54, Diff: 36, Sum: 693]
      [Scan RS (ms): Min: 0.0, Avg: 0.2, Max: 0.3, Diff: 0.2, Sum: 3.7]
      [Code Root Scanning (ms): Min: 0.0, Avg: 0.0, Max: 0.0, Diff: 0.0, Sum: 0.1]
      [Object Copy (ms): Min: 13.1, Avg: 13.3, Max: 13.5, Diff: 0.4, Sum: 239.8]
      [Termination (ms): Min: 0.0, Avg: 0.0, Max: 0.1, Diff: 0.1, Sum: 0.7]
      [GC Worker Other (ms): Min: 0.0, Avg: 0.1, Max: 0.1, Diff: 0.1, Sum: 1.0]
      [GC Worker Total (ms): Min: 22.4, Avg: 22.5, Max: 22.6, Diff: 0.2, Sum: 405.5]
      [GC Worker End (ms): Min: 1440508.3, Avg: 1440508.4, Max: 1440508.4, Diff: 0.1]
   [Code Root Fixup: 0.2 ms]
   [Code Root Migration: 0.1 ms]
   [Clear CT: 1.3 ms]
   [Other: 3.7 ms]
      [Choose CSet: 0.0 ms]
      [Ref Proc: 1.6 ms]
      [Ref Enq: 0.1 ms]
      [Free CSet: 0.8 ms]
   [Eden: 4528.0M(4528.0M)->0.0B(4496.0M) Survivors: 96.0M->112.0M Heap: 9069.0M(10.0G)->4567.1M(10.0G)]
 [Times: user=0.43 sys=0.01, real=0.03 secs] 
1440.514: Total time for which application threads were stopped: 0.0296720 seconds
1441.515: Total time for which application threads were stopped: 0.0011560 seconds
1444.863: Total time for which application threads were stopped: 0.0011760 seconds
1445.554: [GC pause (G1 Evacuation Pause) (young)
Desired survivor size 301989888 bytes, new threshold 15 (max 15)
- age   1:   12266712 bytes,   12266712 total
- age   2:   23713944 bytes,   35980656 total
- age   3:    6903584 bytes,   42884240 total
- age   4:    3751936 bytes,   46636176 total
- age   5:    2673600 bytes,   49309776 total
- age   6:    1441048 bytes,   50750824 total
- age   7:    2613560 bytes,   53364384 total
- age   8:    1715816 bytes,   55080200 total
- age   9:    2319696 bytes,   57399896 total
- age  10:    1700016 bytes,   59099912 total
- age  11:     551640 bytes,   59651552 total
- age  12:      95560 bytes,   59747112 total
- age  13:      79240 bytes,   59826352 total
- age  14:    2207256 bytes,   62033608 total
- age  15:      73640 bytes,   62107248 total
, 0.0309110 secs]
   [Parallel Time: 25.8 ms, GC Workers: 18]
      [GC Worker Start (ms): Min: 1445554.9, Avg: 1445554.9, Max: 1445555.0, Diff: 0.2]
      [Ext Root Scanning (ms): Min: 4.2, Avg: 4.9, Max: 5.3, Diff: 1.1, Sum: 87.5]
      [Update RS (ms): Min: 3.0, Avg: 3.7, Max: 5.1, Diff: 2.1, Sum: 66.0]
         [Processed Buffers: Min: 12, Avg: 35.5, Max: 59, Diff: 47, Sum: 639]
      [Scan RS (ms): Min: 0.0, Avg: 0.2, Max: 0.2, Diff: 0.2, Sum: 3.4]
      [Code Root Scanning (ms): Min: 0.0, Avg: 0.0, Max: 0.0, Diff: 0.0, Sum: 0.1]
      [Object Copy (ms): Min: 15.1, Avg: 16.1, Max: 17.2, Diff: 2.0, Sum: 289.3]
      [Termination (ms): Min: 0.0, Avg: 0.8, Max: 1.0, Diff: 1.0, Sum: 13.8]
      [GC Worker Other (ms): Min: 0.0, Avg: 0.0, Max: 0.1, Diff: 0.1, Sum: 0.9]
      [GC Worker Total (ms): Min: 25.5, Avg: 25.6, Max: 25.7, Diff: 0.2, Sum: 460.9]
      [GC Worker End (ms): Min: 1445580.5, Avg: 1445580.5, Max: 1445580.6, Diff: 0.1]
   [Code Root Fixup: 0.3 ms]
   [Code Root Migration: 0.1 ms]
   [Clear CT: 1.3 ms]
   [Other: 3.5 ms]
      [Choose CSet: 0.0 ms]
      [Ref Proc: 1.4 ms]
      [Ref Enq: 0.1 ms]
      [Free CSet: 0.8 ms]
   [Eden: 4496.0M(4496.0M)->0.0B(4528.0M) Survivors: 112.0M->96.0M Heap: 9063.1M(10.0G)->4543.4M(10.0G)]
 [Times: user=0.49 sys=0.00, real=0.03 secs] 
1445.586: Total time for which application threads were stopped: 0.0325370 seconds
1450.477: [GC pause (G1 Evacuation Pause) (young)
Desired survivor size 310378496 bytes, new threshold 15 (max 15)
- age   1:   12891064 bytes,   12891064 total
- age   2:    8139896 bytes,   21030960 total
- age   3:   23473248 bytes,   44504208 total
- age   4:    4634592 bytes,   49138800 total
- age   5:    1654152 bytes,   50792952 total
- age   6:    2642856 bytes,   53435808 total
- age   7:    1429360 bytes,   54865168 total
- age   8:    2605848 bytes,   57471016 total
- age   9:    1706576 bytes,   59177592 total
- age  10:    2314840 bytes,   61492432 total
- age  11:    1695568 bytes,   63188000 total
- age  12:     551320 bytes,   63739320 total
- age  13:      95024 bytes,   63834344 total
- age  14:      79192 bytes,   63913536 total
- age  15:    2185008 bytes,   66098544 total
, 0.0279780 secs]
   [Parallel Time: 22.6 ms, GC Workers: 18]
      [GC Worker Start (ms): Min: 1450477.5, Avg: 1450477.6, Max: 1450477.6, Diff: 0.1]
      [Ext Root Scanning (ms): Min: 4.3, Avg: 4.9, Max: 9.4, Diff: 5.1, Sum: 88.0]
      [Update RS (ms): Min: 0.0, Avg: 3.7, Max: 4.3, Diff: 4.3, Sum: 66.4]
         [Processed Buffers: Min: 0, Avg: 38.7, Max: 58, Diff: 58, Sum: 697]
      [Scan RS (ms): Min: 0.0, Avg: 0.2, Max: 0.3, Diff: 0.3, Sum: 3.4]
      [Code Root Scanning (ms): Min: 0.0, Avg: 0.0, Max: 0.0, Diff: 0.0, Sum: 0.1]
      [Object Copy (ms): Min: 13.0, Avg: 13.7, Max: 13.9, Diff: 1.0, Sum: 245.7]
      [Termination (ms): Min: 0.0, Avg: 0.0, Max: 0.0, Diff: 0.0, Sum: 0.0]
      [GC Worker Other (ms): Min: 0.0, Avg: 0.1, Max: 0.1, Diff: 0.1, Sum: 1.2]
      [GC Worker Total (ms): Min: 22.4, Avg: 22.5, Max: 22.6, Diff: 0.2, Sum: 404.9]
      [GC Worker End (ms): Min: 1450500.0, Avg: 1450500.0, Max: 1450500.1, Diff: 0.1]
   [Code Root Fixup: 0.2 ms]
   [Code Root Migration: 0.1 ms]
   [Clear CT: 1.4 ms]
   [Other: 3.7 ms]
      [Choose CSet: 0.0 ms]
      [Ref Proc: 1.5 ms]
      [Ref Enq: 0.1 ms]
      [Free CSet: 0.8 ms]
   [Eden: 4528.0M(4528.0M)->0.0B(4496.0M) Survivors: 96.0M->112.0M Heap: 9071.4M(10.0G)->4561.7M(10.0G)]
 [Times: user=0.42 sys=0.00, real=0.03 secs] 
1450.505: Total time for which application threads were stopped: 0.0294870 seconds
1454.557: Total time for which application threads were stopped: 0.0011850 seconds
1455.533: [GC pause (G1 Evacuation Pause) (young)
Desired survivor size 301989888 bytes, new threshold 15 (max 15)
- age   1:   11571680 bytes,   11571680 total
- age   2:    6027000 bytes,   17598680 total
- age   3:    7154760 bytes,   24753440 total
- age   4:   23341008 bytes,   48094448 total
- age   5:    2517072 bytes,   50611520 total
- age   6:    1624240 bytes,   52235760 total
- age   7:    2627048 bytes,   54862808 total
- age   8:    1419808 bytes,   56282616 total
- age   9:    2601592 bytes,   58884208 total
- age  10:    1701704 bytes,   60585912 total
- age  11:    2225040 bytes,   62810952 total
- age  12:    1384136 bytes,   64195088 total
- age  13:     537968 bytes,   64733056 total
- age  14:      94760 bytes,   64827816 total
- age  15:      79096 bytes,   64906912 total
, 0.0287020 secs]
   [Parallel Time: 23.3 ms, GC Workers: 18]
      [GC Worker Start (ms): Min: 1455533.0, Avg: 1455533.1, Max: 1455533.2, Diff: 0.2]
      [Ext Root Scanning (ms): Min: 4.3, Avg: 4.8, Max: 5.3, Diff: 1.0, Sum: 86.9]
      [Update RS (ms): Min: 3.1, Avg: 3.9, Max: 4.9, Diff: 1.8, Sum: 70.5]
         [Processed Buffers: Min: 15, Avg: 35.3, Max: 66, Diff: 51, Sum: 636]
      [Scan RS (ms): Min: 0.0, Avg: 0.2, Max: 0.2, Diff: 0.2, Sum: 3.4]
      [Code Root Scanning (ms): Min: 0.0, Avg: 0.0, Max: 0.0, Diff: 0.0, Sum: 0.1]
      [Object Copy (ms): Min: 13.4, Avg: 14.0, Max: 14.2, Diff: 0.8, Sum: 251.4]
      [Termination (ms): Min: 0.0, Avg: 0.2, Max: 0.2, Diff: 0.2, Sum: 2.9]
      [GC Worker Other (ms): Min: 0.0, Avg: 0.0, Max: 0.1, Diff: 0.1, Sum: 0.7]
      [GC Worker Total (ms): Min: 23.0, Avg: 23.1, Max: 23.2, Diff: 0.2, Sum: 415.9]
      [GC Worker End (ms): Min: 1455556.2, Avg: 1455556.2, Max: 1455556.2, Diff: 0.1]
   [Code Root Fixup: 0.3 ms]
   [Code Root Migration: 0.1 ms]
   [Clear CT: 1.4 ms]
   [Other: 3.7 ms]
      [Choose CSet: 0.0 ms]
      [Ref Proc: 1.6 ms]
      [Ref Enq: 0.1 ms]
      [Free CSet: 0.8 ms]
   [Eden: 4496.0M(4496.0M)->0.0B(4528.0M) Survivors: 112.0M->96.0M Heap: 9057.7M(10.0G)->4549.6M(10.0G)]
 [Times: user=0.44 sys=0.00, real=0.03 secs] 
1455.562: Total time for which application threads were stopped: 0.0302240 seconds
1460.923: [GC pause (G1 Evacuation Pause) (young)
Desired survivor size 310378496 bytes, new threshold 15 (max 15)
- age   1:   12407360 bytes,   12407360 total
- age   2:    5954024 bytes,   18361384 total
- age   3:    5811216 bytes,   24172600 total
- age   4:    7006192 bytes,   31178792 total
- age   5:   19171720 bytes,   50350512 total
- age   6:    2495072 bytes,   52845584 total
- age   7:    1617592 bytes,   54463176 total
- age   8:    2618464 bytes,   57081640 total
- age   9:    1408824 bytes,   58490464 total
- age  10:    2593680 bytes,   61084144 total
- age  11:    1697760 bytes,   62781904 total
- age  12:    2219272 bytes,   65001176 total
- age  13:    1365288 bytes,   66366464 total
- age  14:     537688 bytes,   66904152 total
- age  15:      94760 bytes,   66998912 total
, 0.0280110 secs]
   [Parallel Time: 22.8 ms, GC Workers: 18]
      [GC Worker Start (ms): Min: 1460923.8, Avg: 1460923.9, Max: 1460924.0, Diff: 0.1]
      [Ext Root Scanning (ms): Min: 4.3, Avg: 4.9, Max: 5.4, Diff: 1.1, Sum: 88.5]
      [Update RS (ms): Min: 3.2, Avg: 3.8, Max: 4.8, Diff: 1.6, Sum: 67.8]
         [Processed Buffers: Min: 6, Avg: 38.1, Max: 60, Diff: 54, Sum: 685]
      [Scan RS (ms): Min: 0.0, Avg: 0.2, Max: 0.3, Diff: 0.2, Sum: 3.5]
      [Code Root Scanning (ms): Min: 0.0, Avg: 0.0, Max: 0.0, Diff: 0.0, Sum: 0.1]
      [Object Copy (ms): Min: 13.0, Avg: 13.7, Max: 14.0, Diff: 1.0, Sum: 247.0]
      [Termination (ms): Min: 0.0, Avg: 0.0, Max: 0.0, Diff: 0.0, Sum: 0.1]
      [GC Worker Other (ms): Min: 0.0, Avg: 0.1, Max: 0.1, Diff: 0.1, Sum: 1.2]
      [GC Worker Total (ms): Min: 22.6, Avg: 22.7, Max: 22.8, Diff: 0.2, Sum: 408.2]
      [GC Worker End (ms): Min: 1460946.6, Avg: 1460946.6, Max: 1460946.6, Diff: 0.1]
   [Code Root Fixup: 0.2 ms]
   [Code Root Migration: 0.1 ms]
   [Clear CT: 1.6 ms]
   [Other: 3.3 ms]
      [Choose CSet: 0.0 ms]
      [Ref Proc: 1.5 ms]
      [Ref Enq: 0.1 ms]
      [Free CSet: 0.7 ms]
   [Eden: 4528.0M(4528.0M)->0.0B(4496.0M) Survivors: 96.0M->112.0M Heap: 9077.6M(10.0G)->4566.9M(10.0G)]
 [Times: user=0.43 sys=0.01, real=0.03 secs] 
1460.952: Total time for which application threads were stopped: 0.0296920 seconds
1463.955: Total time for which application threads were stopped: 0.0033700 seconds
1464.664: Total time for which application threads were stopped: 0.0013090 seconds
1464.675: Total time for which application threads were stopped: 0.0008450 seconds
1466.017: [GC pause (G1 Evacuation Pause) (young)
Desired survivor size 301989888 bytes, new threshold 15 (max 15)
- age   1:   13987536 bytes,   13987536 total
- age   2:    5552696 bytes,   19540232 total
- age   3:    5148472 bytes,   24688704 total
- age   4:    3277888 bytes,   27966592 total
- age   5:    2835744 bytes,   30802336 total
- age   6:   19137632 bytes,   49939968 total
- age   7:    2371032 bytes,   52311000 total
- age   8:    1608440 bytes,   53919440 total
- age   9:    2612112 bytes,   56531552 total
- age  10:    1401912 bytes,   57933464 total
- age  11:    2590288 bytes,   60523752 total
- age  12:    1444752 bytes,   61968504 total
- age  13:    2192928 bytes,   64161432 total
- age  14:    1363872 bytes,   65525304 total
- age  15:     536480 bytes,   66061784 total
, 0.0306800 secs]
   [Parallel Time: 25.5 ms, GC Workers: 18]
      [GC Worker Start (ms): Min: 1466018.0, Avg: 1466018.1, Max: 1466018.2, Diff: 0.2]
      [Ext Root Scanning (ms): Min: 4.2, Avg: 4.9, Max: 5.2, Diff: 1.0, Sum: 88.3]
      [Update RS (ms): Min: 3.4, Avg: 3.8, Max: 5.3, Diff: 1.9, Sum: 68.1]
         [Processed Buffers: Min: 11, Avg: 35.0, Max: 58, Diff: 47, Sum: 630]
      [Scan RS (ms): Min: 0.0, Avg: 0.2, Max: 0.3, Diff: 0.3, Sum: 3.7]
      [Code Root Scanning (ms): Min: 0.0, Avg: 0.0, Max: 0.0, Diff: 0.0, Sum: 0.1]
      [Object Copy (ms): Min: 15.8, Avg: 16.4, Max: 16.7, Diff: 0.9, Sum: 294.5]
      [Termination (ms): Min: 0.0, Avg: 0.0, Max: 0.0, Diff: 0.0, Sum: 0.1]
      [GC Worker Other (ms): Min: 0.0, Avg: 0.1, Max: 0.1, Diff: 0.1, Sum: 1.2]
      [GC Worker Total (ms): Min: 25.2, Avg: 25.3, Max: 25.4, Diff: 0.2, Sum: 455.9]
      [GC Worker End (ms): Min: 1466043.4, Avg: 1466043.4, Max: 1466043.4, Diff: 0.1]
   [Code Root Fixup: 0.3 ms]
   [Code Root Migration: 0.1 ms]
   [Clear CT: 1.3 ms]
   [Other: 3.5 ms]
      [Choose CSet: 0.0 ms]
      [Ref Proc: 1.6 ms]
      [Ref Enq: 0.1 ms]
      [Free CSet: 0.7 ms]
   [Eden: 4496.0M(4496.0M)->0.0B(4528.0M) Survivors: 112.0M->96.0M Heap: 9062.9M(10.0G)->4548.9M(10.0G)]
 [Times: user=0.47 sys=0.01, real=0.03 secs] 
1466.049: Total time for which application threads were stopped: 0.0323800 seconds
1467.050: Total time for which application threads were stopped: 0.0012980 seconds
1470.726: Total time for which application threads were stopped: 0.0012270 seconds
1470.727: [GC pause (GCLocker Initiated GC) (young)
Desired survivor size 310378496 bytes, new threshold 15 (max 15)
- age   1:   29091512 bytes,   29091512 total
- age   2:    8156832 bytes,   37248344 total
- age   3:    5322888 bytes,   42571232 total
- age   4:    2932032 bytes,   45503264 total
- age   5:    1180032 bytes,   46683296 total
- age   6:    2804104 bytes,   49487400 total
- age   7:    2677952 bytes,   52165352 total
- age   8:    2365048 bytes,   54530400 total
- age   9:    1602528 bytes,   56132928 total
- age  10:    2608608 bytes,   58741536 total
- age  11:    1397824 bytes,   60139360 total
- age  12:    2579144 bytes,   62718504 total
- age  13:    1425544 bytes,   64144048 total
- age  14:    2188968 bytes,   66333016 total
- age  15:    1362544 bytes,   67695560 total
, 0.0315840 secs]
   [Parallel Time: 26.4 ms, GC Workers: 18]
      [GC Worker Start (ms): Min: 1470727.2, Avg: 1470727.3, Max: 1470727.4, Diff: 0.1]
      [Ext Root Scanning (ms): Min: 4.0, Avg: 4.8, Max: 5.1, Diff: 1.2, Sum: 85.7]
      [Update RS (ms): Min: 3.6, Avg: 4.0, Max: 4.9, Diff: 1.3, Sum: 71.9]
         [Processed Buffers: Min: 21, Avg: 38.1, Max: 73, Diff: 52, Sum: 686]
      [Scan RS (ms): Min: 0.0, Avg: 0.2, Max: 0.3, Diff: 0.3, Sum: 3.6]
      [Code Root Scanning (ms): Min: 0.0, Avg: 0.0, Max: 0.0, Diff: 0.0, Sum: 0.1]
      [Object Copy (ms): Min: 17.0, Avg: 17.1, Max: 17.5, Diff: 0.5, Sum: 308.6]
      [Termination (ms): Min: 0.0, Avg: 0.0, Max: 0.0, Diff: 0.0, Sum: 0.1]
      [GC Worker Other (ms): Min: 0.0, Avg: 0.1, Max: 0.1, Diff: 0.1, Sum: 1.0]
      [GC Worker Total (ms): Min: 26.1, Avg: 26.2, Max: 26.3, Diff: 0.2, Sum: 471.1]
      [GC Worker End (ms): Min: 1470753.5, Avg: 1470753.5, Max: 1470753.5, Diff: 0.1]
   [Code Root Fixup: 0.2 ms]
   [Code Root Migration: 0.1 ms]
   [Clear CT: 1.3 ms]
   [Other: 3.6 ms]
      [Choose CSet: 0.0 ms]
      [Ref Proc: 1.6 ms]
      [Ref Enq: 0.1 ms]
      [Free CSet: 0.7 ms]
   [Eden: 4544.0M(4528.0M)->0.0B(4464.0M) Survivors: 96.0M->128.0M Heap: 9076.9M(10.0G)->4580.6M(10.0G)]
 [Times: user=0.49 sys=0.01, real=0.03 secs] 
1470.759: Total time for which application threads were stopped: 0.0324890 seconds
1474.732: Total time for which application threads were stopped: 0.0013050 seconds
1475.046: Total time for which application threads were stopped: 0.0010740 seconds
1475.192: [GC pause (G1 Evacuation Pause) (young)
Desired survivor size 301989888 bytes, new threshold 15 (max 15)
- age   1:   14520288 bytes,   14520288 total
- age   2:   23193568 bytes,   37713856 total
- age   3:    7489152 bytes,   45203008 total
- age   4:    1043448 bytes,   46246456 total
- age   5:    2882864 bytes,   49129320 total
- age   6:    1138192 bytes,   50267512 total
- age   7:    2794520 bytes,   53062032 total
- age   8:    1372232 bytes,   54434264 total
- age   9:    2358640 bytes,   56792904 total
- age  10:    1592096 bytes,   58385000 total
- age  11:    2606776 bytes,   60991776 total
- age  12:    1392112 bytes,   62383888 total
- age  13:    2556464 bytes,   64940352 total
- age  14:    1423000 bytes,   66363352 total
- age  15:    2188272 bytes,   68551624 total
, 0.0286350 secs]
   [Parallel Time: 23.4 ms, GC Workers: 18]
      [GC Worker Start (ms): Min: 1475192.9, Avg: 1475193.0, Max: 1475193.1, Diff: 0.2]
      [Ext Root Scanning (ms): Min: 4.0, Avg: 4.8, Max: 5.1, Diff: 1.1, Sum: 86.0]
      [Update RS (ms): Min: 3.6, Avg: 4.0, Max: 4.9, Diff: 1.3, Sum: 72.6]
         [Processed Buffers: Min: 15, Avg: 35.4, Max: 64, Diff: 49, Sum: 637]
      [Scan RS (ms): Min: 0.0, Avg: 0.2, Max: 0.2, Diff: 0.2, Sum: 3.5]
      [Code Root Scanning (ms): Min: 0.0, Avg: 0.0, Max: 0.0, Diff: 0.0, Sum: 0.1]
      [Object Copy (ms): Min: 13.4, Avg: 14.2, Max: 14.4, Diff: 1.0, Sum: 255.1]
      [Termination (ms): Min: 0.0, Avg: 0.0, Max: 0.0, Diff: 0.0, Sum: 0.1]
      [GC Worker Other (ms): Min: 0.0, Avg: 0.1, Max: 0.1, Diff: 0.1, Sum: 1.0]
      [GC Worker Total (ms): Min: 23.1, Avg: 23.2, Max: 23.3, Diff: 0.2, Sum: 418.3]
      [GC Worker End (ms): Min: 1475216.2, Avg: 1475216.3, Max: 1475216.3, Diff: 0.1]
   [Code Root Fixup: 0.3 ms]
   [Code Root Migration: 0.1 ms]
   [Clear CT: 1.4 ms]
   [Other: 3.5 ms]
      [Choose CSet: 0.0 ms]
      [Ref Proc: 1.5 ms]
      [Ref Enq: 0.1 ms]
      [Free CSet: 0.7 ms]
   [Eden: 4464.0M(4464.0M)->0.0B(4512.0M) Survivors: 128.0M->96.0M Heap: 9044.6M(10.0G)->4558.2M(10.0G)]
 [Times: user=0.44 sys=0.01, real=0.03 secs] 
1475.221: Total time for which application threads were stopped: 0.0302040 seconds
1479.436: [GC pause (G1 Evacuation Pause) (young)
Desired survivor size 301989888 bytes, new threshold 15 (max 15)
- age   1:   11570320 bytes,   11570320 total
- age   2:    8818336 bytes,   20388656 total
- age   3:   22861888 bytes,   43250544 total
- age   4:    3221344 bytes,   46471888 total
- age   5:    1016688 bytes,   47488576 total
- age   6:    2854904 bytes,   50343480 total
- age   7:    1128784 bytes,   51472264 total
- age   8:    2787360 bytes,   54259624 total
- age   9:    1365936 bytes,   55625560 total
- age  10:    2354912 bytes,   57980472 total
- age  11:    1588912 bytes,   59569384 total
- age  12:    2600552 bytes,   62169936 total
- age  13:    1379344 bytes,   63549280 total
- age  14:    2553280 bytes,   66102560 total
- age  15:    1421840 bytes,   67524400 total
, 0.0299890 secs]
   [Parallel Time: 24.7 ms, GC Workers: 18]
      [GC Worker Start (ms): Min: 1479436.9, Avg: 1479437.0, Max: 1479437.1, Diff: 0.2]
      [Ext Root Scanning (ms): Min: 3.9, Avg: 4.7, Max: 5.1, Diff: 1.3, Sum: 85.1]
      [Update RS (ms): Min: 3.6, Avg: 4.1, Max: 4.7, Diff: 1.1, Sum: 74.4]
         [Processed Buffers: Min: 13, Avg: 38.8, Max: 85, Diff: 72, Sum: 699]
      [Scan RS (ms): Min: 0.0, Avg: 0.2, Max: 0.3, Diff: 0.2, Sum: 3.6]
      [Code Root Scanning (ms): Min: 0.0, Avg: 0.0, Max: 0.0, Diff: 0.0, Sum: 0.1]
      [Object Copy (ms): Min: 15.1, Avg: 15.4, Max: 15.6, Diff: 0.5, Sum: 276.6]
      [Termination (ms): Min: 0.0, Avg: 0.0, Max: 0.0, Diff: 0.0, Sum: 0.2]
      [GC Worker Other (ms): Min: 0.0, Avg: 0.1, Max: 0.1, Diff: 0.1, Sum: 1.0]
      [GC Worker Total (ms): Min: 24.4, Avg: 24.5, Max: 24.6, Diff: 0.2, Sum: 441.0]
      [GC Worker End (ms): Min: 1479461.5, Avg: 1479461.5, Max: 1479461.6, Diff: 0.1]
   [Code Root Fixup: 0.3 ms]
   [Code Root Migration: 0.1 ms]
   [Clear CT: 1.4 ms]
   [Other: 3.5 ms]
      [Choose CSet: 0.0 ms]
      [Ref Proc: 1.5 ms]
      [Ref Enq: 0.1 ms]
      [Free CSet: 0.7 ms]
   [Eden: 4512.0M(4512.0M)->0.0B(4448.0M) Survivors: 96.0M->128.0M Heap: 9070.2M(10.0G)->4587.9M(10.0G)]
 [Times: user=0.46 sys=0.00, real=0.03 secs] 
1479.467: Total time for which application threads were stopped: 0.0317730 seconds
1480.468: Total time for which application threads were stopped: 0.0012820 seconds
1483.233: [GC pause (G1 Evacuation Pause) (young)
Desired survivor size 301989888 bytes, new threshold 15 (max 15)
- age   1:   12602384 bytes,   12602384 total
- age   2:    5960992 bytes,   18563376 total
- age   3:    8149136 bytes,   26712512 total
- age   4:   18212960 bytes,   44925472 total
- age   5:    3137984 bytes,   48063456 total
- age   6:     993184 bytes,   49056640 total
- age   7:    2842288 bytes,   51898928 total
- age   8:    1123192 bytes,   53022120 total
- age   9:    2782888 bytes,   55805008 total
- age  10:    1361888 bytes,   57166896 total
- age  11:    2353464 bytes,   59520360 total
- age  12:    1581200 bytes,   61101560 total
- age  13:    2579448 bytes,   63681008 total
- age  14:    1376008 bytes,   65057016 total
- age  15:    2380288 bytes,   67437304 total
, 0.0286180 secs]
   [Parallel Time: 23.5 ms, GC Workers: 18]
      [GC Worker Start (ms): Min: 1483233.5, Avg: 1483233.5, Max: 1483233.6, Diff: 0.1]
      [Ext Root Scanning (ms): Min: 4.1, Avg: 4.8, Max: 5.5, Diff: 1.4, Sum: 87.0]
      [Update RS (ms): Min: 3.2, Avg: 3.9, Max: 4.7, Diff: 1.5, Sum: 70.8]
         [Processed Buffers: Min: 15, Avg: 35.6, Max: 51, Diff: 36, Sum: 640]
      [Scan RS (ms): Min: 0.0, Avg: 0.2, Max: 0.3, Diff: 0.2, Sum: 3.5]
      [Code Root Scanning (ms): Min: 0.0, Avg: 0.0, Max: 0.0, Diff: 0.0, Sum: 0.1]
      [Object Copy (ms): Min: 13.9, Avg: 14.3, Max: 14.5, Diff: 0.6, Sum: 256.5]
      [Termination (ms): Min: 0.0, Avg: 0.0, Max: 0.0, Diff: 0.0, Sum: 0.1]
      [GC Worker Other (ms): Min: 0.0, Avg: 0.1, Max: 0.1, Diff: 0.1, Sum: 1.2]
      [GC Worker Total (ms): Min: 23.2, Avg: 23.3, Max: 23.4, Diff: 0.2, Sum: 419.2]
      [GC Worker End (ms): Min: 1483256.8, Avg: 1483256.8, Max: 1483256.9, Diff: 0.1]
   [Code Root Fixup: 0.3 ms]
   [Code Root Migration: 0.1 ms]
   [Clear CT: 1.3 ms]
   [Other: 3.5 ms]
      [Choose CSet: 0.0 ms]
      [Ref Proc: 1.6 ms]
      [Ref Enq: 0.1 ms]
      [Free CSet: 0.7 ms]
   [Eden: 4448.0M(4448.0M)->0.0B(4512.0M) Survivors: 128.0M->96.0M Heap: 9035.9M(10.0G)->4559.9M(10.0G)]
 [Times: user=0.44 sys=0.01, real=0.02 secs] 
1483.262: Total time for which application threads were stopped: 0.0303770 seconds
1484.691: Total time for which application threads were stopped: 0.0012630 seconds
1487.177: [GC pause (G1 Evacuation Pause) (young)
Desired survivor size 301989888 bytes, new threshold 15 (max 15)
- age   1:   11143688 bytes,   11143688 total
- age   2:    8683712 bytes,   19827400 total
- age   3:    5662528 bytes,   25489928 total
- age   4:    3726144 bytes,   29216072 total
- age   5:   18173592 bytes,   47389664 total
- age   6:    3104384 bytes,   50494048 total
- age   7:     980216 bytes,   51474264 total
- age   8:    2835784 bytes,   54310048 total
- age   9:    1117840 bytes,   55427888 total
- age  10:    2781208 bytes,   58209096 total
- age  11:    1360304 bytes,   59569400 total
- age  12:    2348960 bytes,   61918360 total
- age  13:    1566368 bytes,   63484728 total
- age  14:    2578712 bytes,   66063440 total
- age  15:    1375296 bytes,   67438736 total
, 0.0279050 secs]
   [Parallel Time: 22.7 ms, GC Workers: 18]
      [GC Worker Start (ms): Min: 1487177.3, Avg: 1487177.3, Max: 1487177.4, Diff: 0.1]
      [Ext Root Scanning (ms): Min: 4.2, Avg: 4.9, Max: 5.5, Diff: 1.3, Sum: 89.0]
      [Update RS (ms): Min: 3.0, Avg: 3.6, Max: 4.2, Diff: 1.2, Sum: 64.4]
         [Processed Buffers: Min: 15, Avg: 35.5, Max: 57, Diff: 42, Sum: 639]
      [Scan RS (ms): Min: 0.0, Avg: 0.2, Max: 0.3, Diff: 0.2, Sum: 3.5]
      [Code Root Scanning (ms): Min: 0.0, Avg: 0.0, Max: 0.0, Diff: 0.0, Sum: 0.1]
      [Object Copy (ms): Min: 13.5, Avg: 13.8, Max: 14.1, Diff: 0.5, Sum: 247.7]
      [Termination (ms): Min: 0.0, Avg: 0.0, Max: 0.0, Diff: 0.0, Sum: 0.1]
      [GC Worker Other (ms): Min: 0.0, Avg: 0.1, Max: 0.1, Diff: 0.1, Sum: 1.1]
      [GC Worker Total (ms): Min: 22.5, Avg: 22.5, Max: 22.6, Diff: 0.2, Sum: 405.9]
      [GC Worker End (ms): Min: 1487199.9, Avg: 1487199.9, Max: 1487199.9, Diff: 0.1]
   [Code Root Fixup: 0.3 ms]
   [Code Root Migration: 0.1 ms]
   [Clear CT: 1.5 ms]
   [Other: 3.4 ms]
      [Choose CSet: 0.0 ms]
      [Ref Proc: 1.5 ms]
      [Ref Enq: 0.1 ms]
      [Free CSet: 0.7 ms]
   [Eden: 4512.0M(4512.0M)->0.0B(4448.0M) Survivors: 96.0M->128.0M Heap: 9071.9M(10.0G)->4589.8M(10.0G)]
 [Times: user=0.43 sys=0.01, real=0.03 secs] 
1487.205: Total time for which application threads were stopped: 0.0297090 seconds
1491.398: [GC pause (G1 Evacuation Pause) (young)
Desired survivor size 301989888 bytes, new threshold 15 (max 15)
- age   1:   13380368 bytes,   13380368 total
- age   2:    5781232 bytes,   19161600 total
- age   3:    7663072 bytes,   26824672 total
- age   4:    1357152 bytes,   28181824 total
- age   5:    3683736 bytes,   31865560 total
- age   6:   18134016 bytes,   49999576 total
- age   7:    3093816 bytes,   53093392 total
- age   8:     976904 bytes,   54070296 total
- age   9:    2831824 bytes,   56902120 total
- age  10:    1114920 bytes,   58017040 total
- age  11:    2778776 bytes,   60795816 total
- age  12:    1357480 bytes,   62153296 total
- age  13:    2339544 bytes,   64492840 total
- age  14:    1278800 bytes,   65771640 total
- age  15:    2573208 bytes,   68344848 total
, 0.0294720 secs]
   [Parallel Time: 24.0 ms, GC Workers: 18]
      [GC Worker Start (ms): Min: 1491398.2, Avg: 1491398.3, Max: 1491398.4, Diff: 0.2]
      [Ext Root Scanning (ms): Min: 4.5, Avg: 5.2, Max: 5.8, Diff: 1.2, Sum: 93.7]
      [Update RS (ms): Min: 3.1, Avg: 3.7, Max: 5.3, Diff: 2.2, Sum: 67.4]
         [Processed Buffers: Min: 13, Avg: 36.9, Max: 53, Diff: 40, Sum: 664]
      [Scan RS (ms): Min: 0.0, Avg: 0.2, Max: 0.3, Diff: 0.3, Sum: 3.5]
      [Code Root Scanning (ms): Min: 0.0, Avg: 0.0, Max: 0.0, Diff: 0.0, Sum: 0.1]
      [Object Copy (ms): Min: 13.2, Avg: 14.6, Max: 15.0, Diff: 1.8, Sum: 263.5]
      [Termination (ms): Min: 0.0, Avg: 0.0, Max: 0.0, Diff: 0.0, Sum: 0.3]
      [GC Worker Other (ms): Min: 0.0, Avg: 0.1, Max: 0.1, Diff: 0.1, Sum: 1.1]
      [GC Worker Total (ms): Min: 23.8, Avg: 23.9, Max: 23.9, Diff: 0.2, Sum: 429.6]
      [GC Worker End (ms): Min: 1491422.1, Avg: 1491422.2, Max: 1491422.2, Diff: 0.1]
   [Code Root Fixup: 0.3 ms]
   [Code Root Migration: 0.1 ms]
   [Clear CT: 1.5 ms]
   [Other: 3.6 ms]
      [Choose CSet: 0.0 ms]
      [Ref Proc: 1.7 ms]
      [Ref Enq: 0.1 ms]
      [Free CSet: 0.7 ms]
   [Eden: 4448.0M(4448.0M)->0.0B(4480.0M) Survivors: 128.0M->112.0M Heap: 9037.8M(10.0G)->4578.7M(10.0G)]
 [Times: user=0.44 sys=0.01, real=0.03 secs] 
1491.428: Total time for which application threads were stopped: 0.0312500 seconds
1493.429: Total time for which application threads were stopped: 0.0012350 seconds
1495.142: Total time for which application threads were stopped: 0.0013330 seconds
1495.151: Total time for which application threads were stopped: 0.0008150 seconds
1495.172: Total time for which application threads were stopped: 0.0011050 seconds
1495.413: [GC pause (G1 Evacuation Pause) (young)
Desired survivor size 301989888 bytes, new threshold 15 (max 15)
- age   1:   10800200 bytes,   10800200 total
- age   2:    8095496 bytes,   18895696 total
- age   3:    5302440 bytes,   24198136 total
- age   4:    5202280 bytes,   29400416 total
- age   5:    1306952 bytes,   30707368 total
- age   6:    3621072 bytes,   34328440 total
- age   7:   18109200 bytes,   52437640 total
- age   8:    2978072 bytes,   55415712 total
- age   9:     972192 bytes,   56387904 total
- age  10:    2830160 bytes,   59218064 total
- age  11:    1111768 bytes,   60329832 total
- age  12:    2776304 bytes,   63106136 total
- age  13:    1343224 bytes,   64449360 total
- age  14:    2317848 bytes,   66767208 total
- age  15:    1276192 bytes,   68043400 total
, 0.0284900 secs]
   [Parallel Time: 23.2 ms, GC Workers: 18]
      [GC Worker Start (ms): Min: 1495413.8, Avg: 1495413.9, Max: 1495413.9, Diff: 0.1]
      [Ext Root Scanning (ms): Min: 4.4, Avg: 4.9, Max: 5.4, Diff: 1.0, Sum: 87.6]
      [Update RS (ms): Min: 2.7, Avg: 3.6, Max: 4.3, Diff: 1.6, Sum: 64.0]
         [Processed Buffers: Min: 19, Avg: 34.6, Max: 46, Diff: 27, Sum: 622]
      [Scan RS (ms): Min: 0.0, Avg: 0.2, Max: 0.3, Diff: 0.3, Sum: 3.7]
      [Code Root Scanning (ms): Min: 0.0, Avg: 0.0, Max: 0.0, Diff: 0.0, Sum: 0.1]
      [Object Copy (ms): Min: 14.1, Avg: 14.4, Max: 14.7, Diff: 0.6, Sum: 258.8]
      [Termination (ms): Min: 0.0, Avg: 0.0, Max: 0.0, Diff: 0.0, Sum: 0.2]
      [GC Worker Other (ms): Min: 0.0, Avg: 0.1, Max: 0.1, Diff: 0.1, Sum: 1.0]
      [GC Worker Total (ms): Min: 23.0, Avg: 23.1, Max: 23.2, Diff: 0.2, Sum: 415.3]
      [GC Worker End (ms): Min: 1495436.9, Avg: 1495436.9, Max: 1495437.0, Diff: 0.1]
   [Code Root Fixup: 0.3 ms]
   [Code Root Migration: 0.1 ms]
   [Clear CT: 1.4 ms]
   [Other: 3.5 ms]
      [Choose CSet: 0.0 ms]
      [Ref Proc: 1.6 ms]
      [Ref Enq: 0.1 ms]
      [Free CSet: 0.7 ms]
   [Eden: 4480.0M(4480.0M)->0.0B(4512.0M) Survivors: 112.0M->96.0M Heap: 9058.7M(10.0G)->4564.7M(10.0G)]
 [Times: user=0.43 sys=0.01, real=0.03 secs] 
1495.442: Total time for which application threads were stopped: 0.0300300 seconds
1498.445: Total time for which application threads were stopped: 0.0022310 seconds
1499.387: [GC pause (G1 Evacuation Pause) (young)
Desired survivor size 301989888 bytes, new threshold 15 (max 15)
- age   1:   12605488 bytes,   12605488 total
- age   2:    4926792 bytes,   17532280 total
- age   3:    7702552 bytes,   25234832 total
- age   4:    3014728 bytes,   28249560 total
- age   5:    3013344 bytes,   31262904 total
- age   6:    1265320 bytes,   32528224 total
- age   7:    3595528 bytes,   36123752 total
- age   8:   18102728 bytes,   54226480 total
- age   9:    2972936 bytes,   57199416 total
- age  10:     967640 bytes,   58167056 total
- age  11:    2535832 bytes,   60702888 total
- age  12:    1108440 bytes,   61811328 total
- age  13:    2526872 bytes,   64338200 total
- age  14:    1330264 bytes,   65668464 total
- age  15:    2316312 bytes,   67984776 total
, 0.0282460 secs]
   [Parallel Time: 22.8 ms, GC Workers: 18]
      [GC Worker Start (ms): Min: 1499387.5, Avg: 1499387.6, Max: 1499387.6, Diff: 0.2]
      [Ext Root Scanning (ms): Min: 4.0, Avg: 4.6, Max: 5.5, Diff: 1.5, Sum: 82.9]
      [Update RS (ms): Min: 2.6, Avg: 3.6, Max: 4.5, Diff: 1.8, Sum: 64.7]
         [Processed Buffers: Min: 13, Avg: 36.8, Max: 61, Diff: 48, Sum: 662]
      [Scan RS (ms): Min: 0.0, Avg: 0.2, Max: 0.3, Diff: 0.2, Sum: 3.7]
      [Code Root Scanning (ms): Min: 0.0, Avg: 0.0, Max: 0.0, Diff: 0.0, Sum: 0.1]
      [Object Copy (ms): Min: 13.8, Avg: 14.2, Max: 14.4, Diff: 0.6, Sum: 255.4]
      [Termination (ms): Min: 0.0, Avg: 0.0, Max: 0.0, Diff: 0.0, Sum: 0.1]
      [GC Worker Other (ms): Min: 0.0, Avg: 0.1, Max: 0.1, Diff: 0.1, Sum: 1.0]
      [GC Worker Total (ms): Min: 22.5, Avg: 22.7, Max: 22.8, Diff: 0.2, Sum: 407.8]
      [GC Worker End (ms): Min: 1499410.2, Avg: 1499410.2, Max: 1499410.3, Diff: 0.1]
   [Code Root Fixup: 0.3 ms]
   [Code Root Migration: 0.1 ms]
   [Clear CT: 1.5 ms]
   [Other: 3.6 ms]
      [Choose CSet: 0.0 ms]
      [Ref Proc: 1.7 ms]
      [Ref Enq: 0.1 ms]
      [Free CSet: 0.7 ms]
   [Eden: 4512.0M(4512.0M)->0.0B(4432.0M) Survivors: 96.0M->128.0M Heap: 9076.7M(10.0G)->4596.9M(10.0G)]
 [Times: user=0.43 sys=0.02, real=0.03 secs] 
1499.416: Total time for which application threads were stopped: 0.0299890 seconds
1503.833: Total time for which application threads were stopped: 0.0013090 seconds
1503.834: [GC pause (GCLocker Initiated GC) (young)
Desired survivor size 301989888 bytes, new threshold 15 (max 15)
- age   1:   31474128 bytes,   31474128 total
- age   2:    6403952 bytes,   37878080 total
- age   3:    3919904 bytes,   41797984 total
- age   4:    5056264 bytes,   46854248 total
- age   5:     902704 bytes,   47756952 total
- age   6:    2950088 bytes,   50707040 total
- age   7:    1236112 bytes,   51943152 total
- age   8:    2293072 bytes,   54236224 total
- age   9:    1650944 bytes,   55887168 total
- age  10:    2970264 bytes,   58857432 total
- age  11:     966584 bytes,   59824016 total
- age  12:    2532648 bytes,   62356664 total
- age  13:    1104768 bytes,   63461432 total
- age  14:    2355376 bytes,   65816808 total
- age  15:    1324880 bytes,   67141688 total
, 0.0291030 secs]
   [Parallel Time: 24.1 ms, GC Workers: 18]
      [GC Worker Start (ms): Min: 1503834.2, Avg: 1503834.3, Max: 1503834.3, Diff: 0.1]
      [Ext Root Scanning (ms): Min: 4.2, Avg: 4.8, Max: 5.2, Diff: 1.0, Sum: 86.1]
      [Update RS (ms): Min: 2.9, Avg: 3.4, Max: 4.5, Diff: 1.5, Sum: 61.5]
         [Processed Buffers: Min: 15, Avg: 34.9, Max: 59, Diff: 44, Sum: 629]
      [Scan RS (ms): Min: 0.0, Avg: 0.2, Max: 0.3, Diff: 0.2, Sum: 3.6]
      [Code Root Scanning (ms): Min: 0.0, Avg: 0.0, Max: 0.0, Diff: 0.0, Sum: 0.1]
      [Object Copy (ms): Min: 14.7, Avg: 15.1, Max: 15.7, Diff: 1.0, Sum: 271.8]
      [Termination (ms): Min: 0.0, Avg: 0.4, Max: 0.4, Diff: 0.4, Sum: 6.8]
      [GC Worker Other (ms): Min: 0.0, Avg: 0.0, Max: 0.1, Diff: 0.1, Sum: 0.8]
      [GC Worker Total (ms): Min: 23.9, Avg: 23.9, Max: 24.0, Diff: 0.1, Sum: 430.7]
      [GC Worker End (ms): Min: 1503858.2, Avg: 1503858.2, Max: 1503858.2, Diff: 0.1]
   [Code Root Fixup: 0.3 ms]
   [Code Root Migration: 0.1 ms]
   [Clear CT: 1.3 ms]
   [Other: 3.4 ms]
      [Choose CSet: 0.0 ms]
      [Ref Proc: 1.4 ms]
      [Ref Enq: 0.1 ms]
      [Free CSet: 0.7 ms]
   [Eden: 4448.0M(4432.0M)->0.0B(4496.0M) Survivors: 128.0M->96.0M Heap: 9029.2M(10.0G)->4577.4M(10.0G)]
 [Times: user=0.44 sys=0.01, real=0.03 secs] 
1503.863: Total time for which application threads were stopped: 0.0300860 seconds
1504.563: Total time for which application threads were stopped: 0.0012960 seconds
1506.565: Total time for which application threads were stopped: 0.0012650 seconds
1508.286: [GC pause (G1 Evacuation Pause) (young)
Desired survivor size 301989888 bytes, new threshold 15 (max 15)
- age   1:   11251552 bytes,   11251552 total
- age   2:   25897792 bytes,   37149344 total
- age   3:    5933248 bytes,   43082592 total
- age   4:    1546240 bytes,   44628832 total
- age   5:    2939712 bytes,   47568544 total
- age   6:     863200 bytes,   48431744 total
- age   7:    2931800 bytes,   51363544 total
- age   8:    1229296 bytes,   52592840 total
- age   9:    2287760 bytes,   54880600 total
- age  10:    1645576 bytes,   56526176 total
- age  11:    2966456 bytes,   59492632 total
- age  12:     964192 bytes,   60456824 total
- age  13:    2526256 bytes,   62983080 total
- age  14:    1082024 bytes,   64065104 total
- age  15:    2350024 bytes,   66415128 total
, 0.0284290 secs]
   [Parallel Time: 23.3 ms, GC Workers: 18]
      [GC Worker Start (ms): Min: 1508287.0, Avg: 1508287.1, Max: 1508287.2, Diff: 0.2]
      [Ext Root Scanning (ms): Min: 3.9, Avg: 4.7, Max: 5.1, Diff: 1.2, Sum: 84.9]
      [Update RS (ms): Min: 3.2, Avg: 3.6, Max: 4.4, Diff: 1.2, Sum: 64.3]
         [Processed Buffers: Min: 10, Avg: 38.1, Max: 69, Diff: 59, Sum: 685]
      [Scan RS (ms): Min: 0.0, Avg: 0.2, Max: 0.3, Diff: 0.2, Sum: 3.5]
      [Code Root Scanning (ms): Min: 0.0, Avg: 0.0, Max: 0.0, Diff: 0.0, Sum: 0.1]
      [Object Copy (ms): Min: 14.4, Avg: 14.6, Max: 14.7, Diff: 0.3, Sum: 262.3]
      [Termination (ms): Min: 0.0, Avg: 0.0, Max: 0.0, Diff: 0.0, Sum: 0.1]
      [GC Worker Other (ms): Min: 0.0, Avg: 0.1, Max: 0.1, Diff: 0.1, Sum: 1.2]
      [GC Worker Total (ms): Min: 23.0, Avg: 23.1, Max: 23.3, Diff: 0.3, Sum: 416.4]
      [GC Worker End (ms): Min: 1508310.2, Avg: 1508310.2, Max: 1508310.3, Diff: 0.1]
   [Code Root Fixup: 0.3 ms]
   [Code Root Migration: 0.1 ms]
   [Clear CT: 1.3 ms]
   [Other: 3.5 ms]
      [Choose CSet: 0.0 ms]
      [Ref Proc: 1.6 ms]
      [Ref Enq: 0.1 ms]
      [Free CSet: 0.7 ms]
   [Eden: 4496.0M(4496.0M)->0.0B(4432.0M) Survivors: 96.0M->128.0M Heap: 9073.4M(10.0G)->4599.3M(10.0G)]
 [Times: user=0.43 sys=0.01, real=0.02 secs] 
1508.315: Total time for which application threads were stopped: 0.0302100 seconds
1508.735: Total time for which application threads were stopped: 0.0010750 seconds
1512.879: [GC pause (G1 Evacuation Pause) (young)
Desired survivor size 301989888 bytes, new threshold 15 (max 15)
- age   1:   12162712 bytes,   12162712 total
- age   2:    6165000 bytes,   18327712 total
- age   3:   24660240 bytes,   42987952 total
- age   4:    1671400 bytes,   44659352 total
- age   5:    1494280 bytes,   46153632 total
- age   6:    2891736 bytes,   49045368 total
- age   7:     838632 bytes,   49884000 total
- age   8:    2922640 bytes,   52806640 total
- age   9:    1217536 bytes,   54024176 total
- age  10:    2281320 bytes,   56305496 total
- age  11:    1643088 bytes,   57948584 total
- age  12:    2565664 bytes,   60514248 total
- age  13:     962336 bytes,   61476584 total
- age  14:    2383040 bytes,   63859624 total
- age  15:    1076888 bytes,   64936512 total
, 0.0278180 secs]
   [Parallel Time: 22.6 ms, GC Workers: 18]
      [GC Worker Start (ms): Min: 1512879.8, Avg: 1512879.8, Max: 1512879.9, Diff: 0.1]
      [Ext Root Scanning (ms): Min: 4.2, Avg: 4.8, Max: 5.3, Diff: 1.0, Sum: 86.8]
      [Update RS (ms): Min: 3.0, Avg: 3.5, Max: 4.0, Diff: 1.0, Sum: 62.6]
         [Processed Buffers: Min: 15, Avg: 34.7, Max: 58, Diff: 43, Sum: 624]
      [Scan RS (ms): Min: 0.0, Avg: 0.2, Max: 0.3, Diff: 0.2, Sum: 3.4]
      [Code Root Scanning (ms): Min: 0.0, Avg: 0.0, Max: 0.0, Diff: 0.0, Sum: 0.1]
      [Object Copy (ms): Min: 13.5, Avg: 13.9, Max: 14.1, Diff: 0.6, Sum: 249.3]
      [Termination (ms): Min: 0.0, Avg: 0.0, Max: 0.0, Diff: 0.0, Sum: 0.1]
      [GC Worker Other (ms): Min: 0.0, Avg: 0.1, Max: 0.1, Diff: 0.1, Sum: 1.1]
      [GC Worker Total (ms): Min: 22.3, Avg: 22.4, Max: 22.5, Diff: 0.1, Sum: 403.4]
      [GC Worker End (ms): Min: 1512902.2, Avg: 1512902.3, Max: 1512902.3, Diff: 0.1]
   [Code Root Fixup: 0.3 ms]
   [Code Root Migration: 0.1 ms]
   [Clear CT: 1.5 ms]
   [Other: 3.5 ms]
      [Choose CSet: 0.0 ms]
      [Ref Proc: 1.6 ms]
      [Ref Enq: 0.1 ms]
      [Free CSet: 0.7 ms]
   [Eden: 4432.0M(4432.0M)->0.0B(4496.0M) Survivors: 128.0M->96.0M Heap: 9031.3M(10.0G)->4574.9M(10.0G)]
 [Times: user=0.42 sys=0.00, real=0.03 secs] 
1512.908: Total time for which application threads were stopped: 0.0296650 seconds
1513.736: Total time for which application threads were stopped: 0.0012380 seconds
1513.736: Total time for which application threads were stopped: 0.0004440 seconds
1514.927: Total time for which application threads were stopped: 0.0012970 seconds
1517.426: [GC pause (G1 Evacuation Pause) (young)
Desired survivor size 301989888 bytes, new threshold 15 (max 15)
- age   1:   12522944 bytes,   12522944 total
- age   2:    8109080 bytes,   20632024 total
- age   3:    5696408 bytes,   26328432 total
- age   4:   20346944 bytes,   46675376 total
- age   5:    1613720 bytes,   48289096 total
- age   6:    1432384 bytes,   49721480 total
- age   7:    2862688 bytes,   52584168 total
- age   8:     830016 bytes,   53414184 total
- age   9:    2912808 bytes,   56326992 total
- age  10:    1210952 bytes,   57537944 total
- age  11:    2277376 bytes,   59815320 total
- age  12:    1638016 bytes,   61453336 total
- age  13:    2563056 bytes,   64016392 total
- age  14:     948632 bytes,   64965024 total
- age  15:    2376816 bytes,   67341840 total
, 0.0283650 secs]
   [Parallel Time: 23.1 ms, GC Workers: 18]
      [GC Worker Start (ms): Min: 1517426.8, Avg: 1517426.9, Max: 1517427.0, Diff: 0.1]
      [Ext Root Scanning (ms): Min: 4.5, Avg: 5.1, Max: 5.6, Diff: 1.1, Sum: 90.9]
      [Update RS (ms): Min: 2.9, Avg: 3.5, Max: 4.1, Diff: 1.2, Sum: 63.4]
         [Processed Buffers: Min: 12, Avg: 37.4, Max: 69, Diff: 57, Sum: 674]
      [Scan RS (ms): Min: 0.0, Avg: 0.2, Max: 0.3, Diff: 0.3, Sum: 4.0]
      [Code Root Scanning (ms): Min: 0.0, Avg: 0.0, Max: 0.0, Diff: 0.0, Sum: 0.1]
      [Object Copy (ms): Min: 14.1, Avg: 14.1, Max: 14.3, Diff: 0.2, Sum: 254.5]
      [Termination (ms): Min: 0.0, Avg: 0.0, Max: 0.0, Diff: 0.0, Sum: 0.1]
      [GC Worker Other (ms): Min: 0.0, Avg: 0.1, Max: 0.1, Diff: 0.1, Sum: 1.1]
      [GC Worker Total (ms): Min: 22.9, Avg: 23.0, Max: 23.1, Diff: 0.1, Sum: 413.9]
      [GC Worker End (ms): Min: 1517449.9, Avg: 1517449.9, Max: 1517449.9, Diff: 0.1]
   [Code Root Fixup: 0.2 ms]
   [Code Root Migration: 0.1 ms]
   [Clear CT: 1.4 ms]
   [Other: 3.5 ms]
      [Choose CSet: 0.0 ms]
      [Ref Proc: 1.6 ms]
      [Ref Enq: 0.1 ms]
      [Free CSet: 0.7 ms]
   [Eden: 4496.0M(4496.0M)->0.0B(4432.0M) Survivors: 96.0M->128.0M Heap: 9070.9M(10.0G)->4615.7M(10.0G)]
 [Times: user=0.43 sys=0.02, real=0.03 secs] 
1517.455: Total time for which application threads were stopped: 0.0301840 seconds
1522.143: [GC pause (G1 Evacuation Pause) (young)
Desired survivor size 301989888 bytes, new threshold 15 (max 15)
- age   1:   12229200 bytes,   12229200 total
- age   2:    7841256 bytes,   20070456 total
- age   3:    7225048 bytes,   27295504 total
- age   4:    1372448 bytes,   28667952 total
- age   5:   20285624 bytes,   48953576 total
- age   6:    1575840 bytes,   50529416 total
- age   7:    1405312 bytes,   51934728 total
- age   8:    2855328 bytes,   54790056 total
- age   9:     823728 bytes,   55613784 total
- age  10:    2902432 bytes,   58516216 total
- age  11:    1207672 bytes,   59723888 total
- age  12:    2275880 bytes,   61999768 total
- age  13:    1405016 bytes,   63404784 total
- age  14:    2548280 bytes,   65953064 total
- age  15:     936096 bytes,   66889160 total
, 0.0291200 secs]
   [Parallel Time: 24.1 ms, GC Workers: 18]
      [GC Worker Start (ms): Min: 1522143.2, Avg: 1522143.3, Max: 1522143.4, Diff: 0.1]
      [Ext Root Scanning (ms): Min: 4.6, Avg: 4.9, Max: 5.2, Diff: 0.6, Sum: 89.0]
      [Update RS (ms): Min: 2.9, Avg: 3.4, Max: 4.3, Diff: 1.4, Sum: 61.0]
         [Processed Buffers: Min: 12, Avg: 34.8, Max: 53, Diff: 41, Sum: 626]
      [Scan RS (ms): Min: 0.0, Avg: 0.2, Max: 0.3, Diff: 0.2, Sum: 3.3]
      [Code Root Scanning (ms): Min: 0.0, Avg: 0.0, Max: 0.0, Diff: 0.0, Sum: 0.1]
      [Object Copy (ms): Min: 14.4, Avg: 15.3, Max: 15.5, Diff: 1.1, Sum: 275.0]
      [Termination (ms): Min: 0.0, Avg: 0.0, Max: 0.1, Diff: 0.1, Sum: 0.9]
      [GC Worker Other (ms): Min: 0.0, Avg: 0.0, Max: 0.1, Diff: 0.1, Sum: 0.6]
      [GC Worker Total (ms): Min: 23.8, Avg: 23.9, Max: 24.0, Diff: 0.2, Sum: 429.8]
      [GC Worker End (ms): Min: 1522167.1, Avg: 1522167.2, Max: 1522167.2, Diff: 0.1]
   [Code Root Fixup: 0.2 ms]
   [Code Root Migration: 0.1 ms]
   [Clear CT: 1.3 ms]
   [Other: 3.4 ms]
      [Choose CSet: 0.0 ms]
      [Ref Proc: 1.6 ms]
      [Ref Enq: 0.1 ms]
      [Free CSet: 0.7 ms]
   [Eden: 4432.0M(4432.0M)->0.0B(4496.0M) Survivors: 128.0M->96.0M Heap: 9047.7M(10.0G)->4582.5M(10.0G)]
 [Times: user=0.44 sys=0.01, real=0.03 secs] 
1522.172: Total time for which application threads were stopped: 0.0309300 seconds
1524.587: Total time for which application threads were stopped: 0.0013300 seconds
1524.594: Total time for which application threads were stopped: 0.0007770 seconds
1526.559: [GC pause (G1 Evacuation Pause) (young)
Desired survivor size 301989888 bytes, new threshold 15 (max 15)
- age   1:   10016096 bytes,   10016096 total
- age   2:    8160736 bytes,   18176832 total
- age   3:    7326024 bytes,   25502856 total
- age   4:    4987496 bytes,   30490352 total
- age   5:    1326760 bytes,   31817112 total
- age   6:   20243992 bytes,   52061104 total
- age   7:    1552792 bytes,   53613896 total
- age   8:    1287032 bytes,   54900928 total
- age   9:    2849440 bytes,   57750368 total
- age  10:     817600 bytes,   58567968 total
- age  11:    2896840 bytes,   61464808 total
- age  12:    1203672 bytes,   62668480 total
- age  13:    2271928 bytes,   64940408 total
- age  14:    1389304 bytes,   66329712 total
- age  15:    2532856 bytes,   68862568 total
, 0.0393690 secs]
   [Parallel Time: 34.0 ms, GC Workers: 18]
      [GC Worker Start (ms): Min: 1526559.8, Avg: 1526559.9, Max: 1526560.0, Diff: 0.2]
      [Ext Root Scanning (ms): Min: 4.3, Avg: 5.0, Max: 5.4, Diff: 1.1, Sum: 89.2]
      [Update RS (ms): Min: 2.9, Avg: 3.4, Max: 4.2, Diff: 1.3, Sum: 61.5]
         [Processed Buffers: Min: 10, Avg: 34.6, Max: 58, Diff: 48, Sum: 622]
      [Scan RS (ms): Min: 0.0, Avg: 0.2, Max: 0.3, Diff: 0.2, Sum: 3.5]
      [Code Root Scanning (ms): Min: 0.0, Avg: 0.0, Max: 0.0, Diff: 0.0, Sum: 0.1]
      [Object Copy (ms): Min: 24.4, Avg: 25.2, Max: 25.5, Diff: 1.1, Sum: 452.8]
      [Termination (ms): Min: 0.0, Avg: 0.0, Max: 0.0, Diff: 0.0, Sum: 0.3]
      [GC Worker Other (ms): Min: 0.0, Avg: 0.1, Max: 0.1, Diff: 0.1, Sum: 1.0]
      [GC Worker Total (ms): Min: 33.7, Avg: 33.8, Max: 33.9, Diff: 0.2, Sum: 608.4]
      [GC Worker End (ms): Min: 1526593.7, Avg: 1526593.7, Max: 1526593.7, Diff: 0.1]
   [Code Root Fixup: 0.3 ms]
   [Code Root Migration: 0.1 ms]
   [Clear CT: 1.4 ms]
   [Other: 3.7 ms]
      [Choose CSet: 0.0 ms]
      [Ref Proc: 1.7 ms]
      [Ref Enq: 0.1 ms]
      [Free CSet: 0.7 ms]
   [Eden: 4496.0M(4496.0M)->0.0B(4400.0M) Survivors: 96.0M->144.0M Heap: 9078.5M(10.0G)->4628.8M(10.0G)]
 [Times: user=0.62 sys=0.01, real=0.03 secs] 
1526.599: Total time for which application threads were stopped: 0.0411890 seconds
1531.175: [GC pause (G1 Evacuation Pause) (young)
Desired survivor size 301989888 bytes, new threshold 15 (max 15)
- age   1:   36386144 bytes,   36386144 total
- age   2:    4069400 bytes,   40455544 total
- age   3:    7460520 bytes,   47916064 total
- age   4:    5128704 bytes,   53044768 total
- age   5:    2885872 bytes,   55930640 total
- age   6:    1288512 bytes,   57219152 total
- age   7:   20229648 bytes,   77448800 total
- age   8:    1528928 bytes,   78977728 total
- age   9:    1279960 bytes,   80257688 total
- age  10:    2844152 bytes,   83101840 total
- age  11:     815816 bytes,   83917656 total
- age  12:    2648656 bytes,   86566312 total
- age  13:    1199752 bytes,   87766064 total
- age  14:    2262496 bytes,   90028560 total
- age  15:    1373456 bytes,   91402016 total
, 0.0731150 secs]
   [Parallel Time: 67.8 ms, GC Workers: 18]
      [GC Worker Start (ms): Min: 1531176.0, Avg: 1531176.1, Max: 1531176.2, Diff: 0.2]
      [Ext Root Scanning (ms): Min: 4.1, Avg: 4.7, Max: 5.2, Diff: 1.1, Sum: 84.1]
      [Update RS (ms): Min: 2.9, Avg: 3.5, Max: 4.6, Diff: 1.7, Sum: 62.7]
         [Processed Buffers: Min: 8, Avg: 37.3, Max: 60, Diff: 52, Sum: 672]
      [Scan RS (ms): Min: 0.0, Avg: 0.2, Max: 0.3, Diff: 0.2, Sum: 3.5]
      [Code Root Scanning (ms): Min: 0.0, Avg: 0.0, Max: 0.0, Diff: 0.0, Sum: 0.1]
      [Object Copy (ms): Min: 58.7, Avg: 59.2, Max: 59.4, Diff: 0.7, Sum: 1065.1]
      [Termination (ms): Min: 0.0, Avg: 0.0, Max: 0.1, Diff: 0.1, Sum: 0.6]
      [GC Worker Other (ms): Min: 0.0, Avg: 0.1, Max: 0.1, Diff: 0.1, Sum: 1.2]
      [GC Worker Total (ms): Min: 67.5, Avg: 67.6, Max: 67.7, Diff: 0.2, Sum: 1217.3]
      [GC Worker End (ms): Min: 1531243.7, Avg: 1531243.7, Max: 1531243.8, Diff: 0.1]
   [Code Root Fixup: 0.3 ms]
   [Code Root Migration: 0.1 ms]
   [Clear CT: 1.4 ms]
   [Other: 3.6 ms]
      [Choose CSet: 0.0 ms]
      [Ref Proc: 1.6 ms]
      [Ref Enq: 0.1 ms]
      [Free CSet: 0.7 ms]
   [Eden: 4400.0M(4400.0M)->0.0B(4144.0M) Survivors: 144.0M->272.0M Heap: 9028.8M(10.0G)->4758.5M(10.0G)]
 [Times: user=1.24 sys=0.01, real=0.07 secs] 
1531.249: Total time for which application threads were stopped: 0.0748980 seconds
1534.510: [GC pause (G1 Evacuation Pause) (young)
Desired survivor size 293601280 bytes, new threshold 15 (max 15)
- age   1:  124945056 bytes,  124945056 total
- age   2:   29102680 bytes,  154047736 total
- age   3:    3666760 bytes,  157714496 total
- age   4:    5008824 bytes,  162723320 total
- age   5:    3027048 bytes,  165750368 total
- age   6:    2810904 bytes,  168561272 total
- age   7:    1273736 bytes,  169835008 total
- age   8:    2479608 bytes,  172314616 total
- age   9:    1524184 bytes,  173838800 total
- age  10:    1276904 bytes,  175115704 total
- age  11:    2837928 bytes,  177953632 total
- age  12:     812608 bytes,  178766240 total
- age  13:    2643696 bytes,  181409936 total
- age  14:    1190928 bytes,  182600864 total
- age  15:    2245776 bytes,  184846640 total
, 0.0634680 secs]
   [Parallel Time: 58.4 ms, GC Workers: 18]
      [GC Worker Start (ms): Min: 1534510.6, Avg: 1534510.7, Max: 1534510.7, Diff: 0.1]
      [Ext Root Scanning (ms): Min: 4.0, Avg: 4.7, Max: 5.2, Diff: 1.3, Sum: 84.5]
      [Update RS (ms): Min: 2.8, Avg: 3.3, Max: 4.7, Diff: 1.9, Sum: 60.1]
         [Processed Buffers: Min: 12, Avg: 33.8, Max: 65, Diff: 53, Sum: 608]
      [Scan RS (ms): Min: 0.0, Avg: 0.2, Max: 0.2, Diff: 0.2, Sum: 3.4]
      [Code Root Scanning (ms): Min: 0.0, Avg: 0.0, Max: 0.0, Diff: 0.0, Sum: 0.1]
      [Object Copy (ms): Min: 49.2, Avg: 49.9, Max: 50.1, Diff: 0.9, Sum: 897.8]
      [Termination (ms): Min: 0.0, Avg: 0.0, Max: 0.0, Diff: 0.0, Sum: 0.1]
      [GC Worker Other (ms): Min: 0.0, Avg: 0.1, Max: 0.1, Diff: 0.1, Sum: 1.2]
      [GC Worker Total (ms): Min: 58.1, Avg: 58.2, Max: 58.2, Diff: 0.2, Sum: 1047.2]
      [GC Worker End (ms): Min: 1534568.8, Avg: 1534568.8, Max: 1534568.9, Diff: 0.1]
   [Code Root Fixup: 0.3 ms]
   [Code Root Migration: 0.1 ms]
   [Clear CT: 1.3 ms]
   [Other: 3.5 ms]
      [Choose CSet: 0.0 ms]
      [Ref Proc: 1.6 ms]
      [Ref Enq: 0.1 ms]
      [Free CSet: 0.6 ms]
   [Eden: 4144.0M(4144.0M)->0.0B(4160.0M) Survivors: 272.0M->256.0M Heap: 8902.5M(10.0G)->4753.5M(10.0G)]
 [Times: user=1.07 sys=0.01, real=0.07 secs] 
1534.574: Total time for which application threads were stopped: 0.0652260 seconds
1534.643: Total time for which application threads were stopped: 0.0084640 seconds
1534.672: Total time for which application threads were stopped: 0.0010870 seconds
1537.675: Total time for which application threads were stopped: 0.0024960 seconds
1539.024: [GC pause (G1 Evacuation Pause) (young)
Desired survivor size 293601280 bytes, new threshold 15 (max 15)
- age   1:   73730576 bytes,   73730576 total
- age   2:   34440128 bytes,  108170704 total
- age   3:   28848856 bytes,  137019560 total
- age   4:    3391120 bytes,  140410680 total
- age   5:    2908040 bytes,  143318720 total
- age   6:    2992064 bytes,  146310784 total
- age   7:    2792080 bytes,  149102864 total
- age   8:    1266584 bytes,  150369448 total
- age   9:    2477176 bytes,  152846624 total
- age  10:    1519136 bytes,  154365760 total
- age  11:    1276056 bytes,  155641816 total
- age  12:    2836176 bytes,  158477992 total
- age  13:     810984 bytes,  159288976 total
- age  14:    2635016 bytes,  161923992 total
- age  15:    1173712 bytes,  163097704 total
, 0.0579850 secs]
   [Parallel Time: 52.7 ms, GC Workers: 18]
      [GC Worker Start (ms): Min: 1539024.5, Avg: 1539024.5, Max: 1539024.6, Diff: 0.1]
      [Ext Root Scanning (ms): Min: 4.1, Avg: 4.8, Max: 5.2, Diff: 1.0, Sum: 86.6]
      [Update RS (ms): Min: 3.4, Avg: 4.0, Max: 4.4, Diff: 1.0, Sum: 72.4]
         [Processed Buffers: Min: 8, Avg: 37.9, Max: 88, Diff: 80, Sum: 682]
      [Scan RS (ms): Min: 0.0, Avg: 0.1, Max: 0.2, Diff: 0.2, Sum: 1.4]
      [Code Root Scanning (ms): Min: 0.0, Avg: 0.0, Max: 0.0, Diff: 0.0, Sum: 0.1]
      [Object Copy (ms): Min: 43.4, Avg: 43.6, Max: 43.9, Diff: 0.5, Sum: 784.7]
      [Termination (ms): Min: 0.0, Avg: 0.0, Max: 0.0, Diff: 0.0, Sum: 0.1]
      [GC Worker Other (ms): Min: 0.0, Avg: 0.1, Max: 0.1, Diff: 0.1, Sum: 1.3]
      [GC Worker Total (ms): Min: 52.5, Avg: 52.6, Max: 52.7, Diff: 0.2, Sum: 946.5]
      [GC Worker End (ms): Min: 1539077.1, Avg: 1539077.1, Max: 1539077.2, Diff: 0.1]
   [Code Root Fixup: 0.2 ms]
   [Code Root Migration: 0.1 ms]
   [Clear CT: 1.4 ms]
   [Other: 3.6 ms]
      [Choose CSet: 0.0 ms]
      [Ref Proc: 1.6 ms]
      [Ref Enq: 0.1 ms]
      [Free CSet: 0.7 ms]
   [Eden: 4160.0M(4160.0M)->0.0B(3968.0M) Survivors: 256.0M->352.0M Heap: 8913.5M(10.0G)->4843.9M(10.0G)]
 [Times: user=0.95 sys=0.01, real=0.06 secs] 
1539.082: Total time for which application threads were stopped: 0.0606250 seconds
1541.084: Total time for which application threads were stopped: 0.0012750 seconds
1543.490: [GC pause (G1 Evacuation Pause) (young)
Desired survivor size 285212672 bytes, new threshold 15 (max 15)
- age   1:   13074072 bytes,   13074072 total
- age   2:   68117280 bytes,   81191352 total
- age   3:   33357680 bytes,  114549032 total
- age   4:   26252504 bytes,  140801536 total
- age   5:    1270048 bytes,  142071584 total
- age   6:    2853888 bytes,  144925472 total
- age   7:    2975144 bytes,  147900616 total
- age   8:    2786544 bytes,  150687160 total
- age   9:    1260920 bytes,  151948080 total
- age  10:    2474224 bytes,  154422304 total
- age  11:    1515312 bytes,  155937616 total
- age  12:    1272752 bytes,  157210368 total
- age  13:    2502832 bytes,  159713200 total
- age  14:     802456 bytes,  160515656 total
- age  15:    2622144 bytes,  163137800 total
, 0.0515830 secs]
   [Parallel Time: 46.1 ms, GC Workers: 18]
      [GC Worker Start (ms): Min: 1543490.2, Avg: 1543490.2, Max: 1543490.3, Diff: 0.1]
      [Ext Root Scanning (ms): Min: 3.7, Avg: 4.7, Max: 5.1, Diff: 1.4, Sum: 85.3]
      [Update RS (ms): Min: 2.9, Avg: 3.4, Max: 4.9, Diff: 2.1, Sum: 60.4]
         [Processed Buffers: Min: 5, Avg: 33.6, Max: 56, Diff: 51, Sum: 605]
      [Scan RS (ms): Min: 0.0, Avg: 0.2, Max: 0.2, Diff: 0.2, Sum: 3.2]
      [Code Root Scanning (ms): Min: 0.0, Avg: 0.0, Max: 0.0, Diff: 0.0, Sum: 0.1]
      [Object Copy (ms): Min: 37.3, Avg: 37.6, Max: 37.7, Diff: 0.4, Sum: 676.5]
      [Termination (ms): Min: 0.0, Avg: 0.0, Max: 0.0, Diff: 0.0, Sum: 0.1]
      [GC Worker Other (ms): Min: 0.0, Avg: 0.1, Max: 0.1, Diff: 0.1, Sum: 1.1]
      [GC Worker Total (ms): Min: 45.8, Avg: 45.9, Max: 46.0, Diff: 0.2, Sum: 826.7]
      [GC Worker End (ms): Min: 1543536.1, Avg: 1543536.2, Max: 1543536.2, Diff: 0.1]
   [Code Root Fixup: 0.2 ms]
   [Code Root Migration: 0.1 ms]
   [Clear CT: 1.7 ms]
   [Other: 3.5 ms]
      [Choose CSet: 0.0 ms]
      [Ref Proc: 1.6 ms]
      [Ref Enq: 0.1 ms]
      [Free CSet: 0.6 ms]
   [Eden: 3968.0M(3968.0M)->0.0B(4192.0M) Survivors: 352.0M->240.0M Heap: 8811.9M(10.0G)->4731.9M(10.0G)]
 [Times: user=0.85 sys=0.00, real=0.06 secs] 
1543.542: Total time for which application threads were stopped: 0.0532970 seconds
1544.237: Total time for which application threads were stopped: 0.0012930 seconds
1548.304: [GC pause (G1 Evacuation Pause) (young)
Desired survivor size 293601280 bytes, new threshold 15 (max 15)
- age   1:   10177344 bytes,   10177344 total
- age   2:    7835384 bytes,   18012728 total
- age   3:   67849848 bytes,   85862576 total
- age   4:   31148048 bytes,  117010624 total
- age   5:   24126240 bytes,  141136864 total
- age   6:    1232648 bytes,  142369512 total
- age   7:    2829080 bytes,  145198592 total
- age   8:    2965544 bytes,  148164136 total
- age   9:    2781984 bytes,  150946120 total
- age  10:    1258096 bytes,  152204216 total
- age  11:    2470048 bytes,  154674264 total
- age  12:    1514104 bytes,  156188368 total
- age  13:    1269000 bytes,  157457368 total
- age  14:    2493816 bytes,  159951184 total
- age  15:     784776 bytes,  160735960 total
, 0.0535900 secs]
   [Parallel Time: 48.1 ms, GC Workers: 18]
      [GC Worker Start (ms): Min: 1548305.0, Avg: 1548305.1, Max: 1548305.2, Diff: 0.2]
      [Ext Root Scanning (ms): Min: 4.2, Avg: 4.8, Max: 5.2, Diff: 1.0, Sum: 85.9]
      [Update RS (ms): Min: 2.9, Avg: 3.4, Max: 4.0, Diff: 1.1, Sum: 60.4]
         [Processed Buffers: Min: 16, Avg: 37.5, Max: 77, Diff: 61, Sum: 675]
      [Scan RS (ms): Min: 0.0, Avg: 0.2, Max: 0.2, Diff: 0.2, Sum: 3.3]
      [Code Root Scanning (ms): Min: 0.0, Avg: 0.0, Max: 0.0, Diff: 0.0, Sum: 0.1]
      [Object Copy (ms): Min: 39.4, Avg: 39.6, Max: 39.8, Diff: 0.4, Sum: 712.0]
      [Termination (ms): Min: 0.0, Avg: 0.0, Max: 0.0, Diff: 0.0, Sum: 0.1]
      [GC Worker Other (ms): Min: 0.0, Avg: 0.1, Max: 0.1, Diff: 0.1, Sum: 1.1]
      [GC Worker Total (ms): Min: 47.9, Avg: 47.9, Max: 48.1, Diff: 0.2, Sum: 862.9]
      [GC Worker End (ms): Min: 1548353.0, Avg: 1548353.1, Max: 1548353.1, Diff: 0.1]
   [Code Root Fixup: 0.2 ms]
   [Code Root Migration: 0.1 ms]
   [Clear CT: 1.7 ms]
   [Other: 3.5 ms]
      [Choose CSet: 0.0 ms]
      [Ref Proc: 1.6 ms]
      [Ref Enq: 0.1 ms]
      [Free CSet: 0.6 ms]
   [Eden: 4192.0M(4192.0M)->0.0B(4032.0M) Survivors: 240.0M->320.0M Heap: 8923.9M(10.0G)->4822.7M(10.0G)]
 [Times: user=0.89 sys=0.01, real=0.05 secs] 
1548.359: Total time for which application threads were stopped: 0.0554190 seconds
1552.544: [GC pause (G1 Evacuation Pause) (young)
Desired survivor size 285212672 bytes, new threshold 15 (max 15)
- age   1:   11176056 bytes,   11176056 total
- age   2:    5900008 bytes,   17076064 total
- age   3:    6885112 bytes,   23961176 total
- age   4:   65567632 bytes,   89528808 total
- age   5:   28995344 bytes,  118524152 total
- age   6:   24091928 bytes,  142616080 total
- age   7:    1211848 bytes,  143827928 total
- age   8:    2811576 bytes,  146639504 total
- age   9:    2960352 bytes,  149599856 total
- age  10:    2772856 bytes,  152372712 total
- age  11:    1256200 bytes,  153628912 total
- age  12:    2467824 bytes,  156096736 total
- age  13:    1180872 bytes,  157277608 total
- age  14:    1243816 bytes,  158521424 total
- age  15:    2485400 bytes,  161006824 total
, 0.0525320 secs]
   [Parallel Time: 47.1 ms, GC Workers: 18]
      [GC Worker Start (ms): Min: 1552544.3, Avg: 1552544.4, Max: 1552544.4, Diff: 0.1]
      [Ext Root Scanning (ms): Min: 4.0, Avg: 4.8, Max: 5.3, Diff: 1.3, Sum: 85.7]
      [Update RS (ms): Min: 2.8, Avg: 3.4, Max: 4.4, Diff: 1.5, Sum: 60.9]
         [Processed Buffers: Min: 9, Avg: 33.7, Max: 49, Diff: 40, Sum: 606]
      [Scan RS (ms): Min: 0.0, Avg: 0.2, Max: 0.2, Diff: 0.2, Sum: 3.1]
      [Code Root Scanning (ms): Min: 0.0, Avg: 0.0, Max: 0.0, Diff: 0.0, Sum: 0.1]
      [Object Copy (ms): Min: 38.0, Avg: 38.6, Max: 38.9, Diff: 0.9, Sum: 694.5]
      [Termination (ms): Min: 0.0, Avg: 0.0, Max: 0.0, Diff: 0.0, Sum: 0.1]
      [GC Worker Other (ms): Min: 0.0, Avg: 0.1, Max: 0.1, Diff: 0.1, Sum: 1.1]
      [GC Worker Total (ms): Min: 46.9, Avg: 47.0, Max: 47.0, Diff: 0.2, Sum: 845.4]
      [GC Worker End (ms): Min: 1552591.3, Avg: 1552591.4, Max: 1552591.4, Diff: 0.1]
   [Code Root Fixup: 0.3 ms]
   [Code Root Migration: 0.1 ms]
   [Clear CT: 1.5 ms]
   [Other: 3.6 ms]
      [Choose CSet: 0.0 ms]
      [Ref Proc: 1.7 ms]
      [Ref Enq: 0.1 ms]
      [Free CSet: 0.6 ms]
   [Eden: 4032.0M(4032.0M)->0.0B(4192.0M) Survivors: 320.0M->240.0M Heap: 8854.7M(10.0G)->4735.7M(10.0G)]
 [Times: user=0.87 sys=0.01, real=0.05 secs] 
1552.597: Total time for which application threads were stopped: 0.0542420 seconds
1554.427: Total time for which application threads were stopped: 0.0013250 seconds
1554.428: Total time for which application threads were stopped: 0.0004600 seconds
1554.428: Total time for which application threads were stopped: 0.0003130 seconds
1554.447: Total time for which application threads were stopped: 0.0009890 seconds
1554.447: Total time for which application threads were stopped: 0.0003600 seconds
1554.447: Total time for which application threads were stopped: 0.0003260 seconds
1554.448: Total time for which application threads were stopped: 0.0002950 seconds
1554.448: Total time for which application threads were stopped: 0.0002920 seconds
1554.448: Total time for which application threads were stopped: 0.0003170 seconds
1554.449: Total time for which application threads were stopped: 0.0003480 seconds
1554.449: Total time for which application threads were stopped: 0.0003500 seconds
1554.450: Total time for which application threads were stopped: 0.0003910 seconds
1554.450: Total time for which application threads were stopped: 0.0002720 seconds
1554.450: Total time for which application threads were stopped: 0.0002730 seconds
1554.451: Total time for which application threads were stopped: 0.0002860 seconds
1554.451: Total time for which application threads were stopped: 0.0003650 seconds
1554.452: Total time for which application threads were stopped: 0.0003820 seconds
1554.462: Total time for which application threads were stopped: 0.0009180 seconds
1554.473: Total time for which application threads were stopped: 0.0009320 seconds
1555.809: Total time for which application threads were stopped: 0.0013240 seconds
1556.822: [GC pause (G1 Evacuation Pause) (young)
Desired survivor size 293601280 bytes, new threshold 15 (max 15)
- age   1:    9754376 bytes,    9754376 total
- age   2:    8108856 bytes,   17863232 total
- age   3:    5599400 bytes,   23462632 total
- age   4:    4660208 bytes,   28122840 total
- age   5:   65514584 bytes,   93637424 total
- age   6:   28968216 bytes,  122605640 total
- age   7:   24072992 bytes,  146678632 total
- age   8:    1093656 bytes,  147772288 total
- age   9:    2805072 bytes,  150577360 total
- age  10:    2954312 bytes,  153531672 total
- age  11:    2768392 bytes,  156300064 total
- age  12:    1253080 bytes,  157553144 total
- age  13:    2466280 bytes,  160019424 total
- age  14:    1172008 bytes,  161191432 total
- age  15:    1236664 bytes,  162428096 total
, 0.0588900 secs]
   [Parallel Time: 53.7 ms, GC Workers: 18]
      [GC Worker Start (ms): Min: 1556822.4, Avg: 1556822.5, Max: 1556822.6, Diff: 0.2]
      [Ext Root Scanning (ms): Min: 5.5, Avg: 6.0, Max: 6.5, Diff: 1.0, Sum: 107.1]
      [Update RS (ms): Min: 2.7, Avg: 3.3, Max: 4.3, Diff: 1.6, Sum: 58.8]
         [Processed Buffers: Min: 12, Avg: 34.9, Max: 56, Diff: 44, Sum: 629]
      [Scan RS (ms): Min: 0.0, Avg: 0.2, Max: 0.2, Diff: 0.2, Sum: 3.4]
      [Code Root Scanning (ms): Min: 0.0, Avg: 0.0, Max: 0.0, Diff: 0.0, Sum: 0.1]
      [Object Copy (ms): Min: 43.7, Avg: 44.0, Max: 44.3, Diff: 0.6, Sum: 791.6]
      [Termination (ms): Min: 0.0, Avg: 0.0, Max: 0.0, Diff: 0.0, Sum: 0.1]
      [GC Worker Other (ms): Min: 0.0, Avg: 0.1, Max: 0.1, Diff: 0.1, Sum: 1.1]
      [GC Worker Total (ms): Min: 53.4, Avg: 53.5, Max: 53.6, Diff: 0.2, Sum: 962.3]
      [GC Worker End (ms): Min: 1556876.0, Avg: 1556876.0, Max: 1556876.0, Diff: 0.1]
   [Code Root Fixup: 0.2 ms]
   [Code Root Migration: 0.1 ms]
   [Clear CT: 1.3 ms]
   [Other: 3.6 ms]
      [Choose CSet: 0.0 ms]
      [Ref Proc: 1.7 ms]
      [Ref Enq: 0.1 ms]
      [Free CSet: 0.6 ms]
   [Eden: 4192.0M(4192.0M)->0.0B(4064.0M) Survivors: 240.0M->304.0M Heap: 8927.7M(10.0G)->4811.1M(10.0G)]
 [Times: user=0.96 sys=0.01, real=0.06 secs] 
1556.881: Total time for which application threads were stopped: 0.0606470 seconds
1561.178: [GC pause (G1 Evacuation Pause) (young)
Desired survivor size 293601280 bytes, new threshold 15 (max 15)
- age   1:   12880368 bytes,   12880368 total
- age   2:    4393192 bytes,   17273560 total
- age   3:    7237016 bytes,   24510576 total
- age   4:    3383608 bytes,   27894184 total
- age   5:    2557416 bytes,   30451600 total
- age   6:   65492512 bytes,   95944112 total
- age   7:   28940296 bytes,  124884408 total
- age   8:   24061624 bytes,  148946032 total
- age   9:    1085288 bytes,  150031320 total
- age  10:    2799400 bytes,  152830720 total
- age  11:    2948920 bytes,  155779640 total
- age  12:    2466016 bytes,  158245656 total
- age  13:    1252280 bytes,  159497936 total
- age  14:    2443336 bytes,  161941272 total
- age  15:    1165704 bytes,  163106976 total
, 0.0539190 secs]
   [Parallel Time: 48.6 ms, GC Workers: 18]
      [GC Worker Start (ms): Min: 1561178.1, Avg: 1561178.2, Max: 1561178.3, Diff: 0.1]
      [Ext Root Scanning (ms): Min: 4.4, Avg: 5.0, Max: 5.7, Diff: 1.3, Sum: 90.7]
      [Update RS (ms): Min: 2.5, Avg: 3.3, Max: 4.0, Diff: 1.4, Sum: 60.2]
         [Processed Buffers: Min: 17, Avg: 36.5, Max: 54, Diff: 37, Sum: 657]
      [Scan RS (ms): Min: 0.0, Avg: 0.2, Max: 0.2, Diff: 0.2, Sum: 3.2]
      [Code Root Scanning (ms): Min: 0.0, Avg: 0.0, Max: 0.0, Diff: 0.0, Sum: 0.1]
      [Object Copy (ms): Min: 39.6, Avg: 39.8, Max: 40.0, Diff: 0.4, Sum: 716.2]
      [Termination (ms): Min: 0.0, Avg: 0.0, Max: 0.0, Diff: 0.0, Sum: 0.1]
      [GC Worker Other (ms): Min: 0.0, Avg: 0.1, Max: 0.1, Diff: 0.1, Sum: 1.3]
      [GC Worker Total (ms): Min: 48.3, Avg: 48.4, Max: 48.5, Diff: 0.2, Sum: 871.8]
      [GC Worker End (ms): Min: 1561226.6, Avg: 1561226.6, Max: 1561226.7, Diff: 0.1]
   [Code Root Fixup: 0.3 ms]
   [Code Root Migration: 0.1 ms]
   [Clear CT: 1.4 ms]
   [Other: 3.6 ms]
      [Choose CSet: 0.0 ms]
      [Ref Proc: 1.6 ms]
      [Ref Enq: 0.1 ms]
      [Free CSet: 0.6 ms]
   [Eden: 4064.0M(4064.0M)->0.0B(4128.0M) Survivors: 304.0M->272.0M Heap: 8875.1M(10.0G)->4771.1M(10.0G)]
 [Times: user=0.89 sys=0.01, real=0.05 secs] 
1561.232: Total time for which application threads were stopped: 0.0557160 seconds
1564.233: Total time for which application threads were stopped: 0.0012330 seconds
1564.715: Total time for which application threads were stopped: 0.0010320 seconds
1565.740: Total time for which application threads were stopped: 0.0012900 seconds
1565.740: [GC pause (GCLocker Initiated GC) (young)
Desired survivor size 293601280 bytes, new threshold 15 (max 15)
- age   1:   28533400 bytes,   28533400 total
- age   2:    6826600 bytes,   35360000 total
- age   3:    3610248 bytes,   38970248 total
- age   4:    4727216 bytes,   43697464 total
- age   5:    1278584 bytes,   44976048 total
- age   6:    2512864 bytes,   47488912 total
- age   7:   65477848 bytes,  112966760 total
- age   8:   12486464 bytes,  125453224 total
- age   9:   24057392 bytes,  149510616 total
- age  10:    1080840 bytes,  150591456 total
- age  11:    2794024 bytes,  153385480 total
- age  12:    2946024 bytes,  156331504 total
- age  13:    2463504 bytes,  158795008 total
- age  14:    1229312 bytes,  160024320 total
- age  15:    2434760 bytes,  162459080 total
, 0.0530530 secs]
   [Parallel Time: 47.8 ms, GC Workers: 18]
      [GC Worker Start (ms): Min: 1565741.0, Avg: 1565741.0, Max: 1565741.1, Diff: 0.1]
      [Ext Root Scanning (ms): Min: 4.2, Avg: 4.8, Max: 5.3, Diff: 1.1, Sum: 86.5]
      [Update RS (ms): Min: 2.7, Avg: 3.3, Max: 4.2, Diff: 1.5, Sum: 60.3]
         [Processed Buffers: Min: 10, Avg: 34.8, Max: 50, Diff: 40, Sum: 626]
      [Scan RS (ms): Min: 0.0, Avg: 0.2, Max: 0.2, Diff: 0.2, Sum: 3.5]
      [Code Root Scanning (ms): Min: 0.0, Avg: 0.0, Max: 0.0, Diff: 0.0, Sum: 0.1]
      [Object Copy (ms): Min: 38.4, Avg: 39.2, Max: 39.5, Diff: 1.1, Sum: 706.2]
      [Termination (ms): Min: 0.0, Avg: 0.0, Max: 0.0, Diff: 0.0, Sum: 0.1]
      [GC Worker Other (ms): Min: 0.0, Avg: 0.1, Max: 0.1, Diff: 0.1, Sum: 1.2]
      [GC Worker Total (ms): Min: 47.6, Avg: 47.7, Max: 47.7, Diff: 0.2, Sum: 857.8]
      [GC Worker End (ms): Min: 1565788.6, Avg: 1565788.7, Max: 1565788.7, Diff: 0.1]
   [Code Root Fixup: 0.2 ms]
   [Code Root Migration: 0.1 ms]
   [Clear CT: 1.5 ms]
   [Other: 3.4 ms]
      [Choose CSet: 0.0 ms]
      [Ref Proc: 1.5 ms]
      [Ref Enq: 0.1 ms]
      [Free CSet: 0.6 ms]
   [Eden: 4144.0M(4128.0M)->0.0B(4144.0M) Survivors: 272.0M->256.0M Heap: 8899.2M(10.0G)->4767.6M(10.0G)]
 [Times: user=0.89 sys=0.01, real=0.05 secs] 
1565.794: Total time for which application threads were stopped: 0.0540120 seconds
1570.154: [GC pause (G1 Evacuation Pause) (young)
Desired survivor size 293601280 bytes, new threshold 15 (max 15)
- age   1:   11633608 bytes,   11633608 total
- age   2:   23922160 bytes,   35555768 total
- age   3:    6427480 bytes,   41983248 total
- age   4:    1404952 bytes,   43388200 total
- age   5:    2607376 bytes,   45995576 total
- age   6:    1255312 bytes,   47250888 total
- age   7:    2493168 bytes,   49744056 total
- age   8:   65473400 bytes,  115217456 total
- age   9:   11183120 bytes,  126400576 total
- age  10:   24053368 bytes,  150453944 total
- age  11:    1077408 bytes,  151531352 total
- age  12:    2517816 bytes,  154049168 total
- age  13:    2945200 bytes,  156994368 total
- age  14:    2454456 bytes,  159448824 total
- age  15:    1220768 bytes,  160669592 total
, 0.0565290 secs]
   [Parallel Time: 51.3 ms, GC Workers: 18]
      [GC Worker Start (ms): Min: 1570154.2, Avg: 1570154.2, Max: 1570154.3, Diff: 0.1]
      [Ext Root Scanning (ms): Min: 3.7, Avg: 4.6, Max: 5.0, Diff: 1.3, Sum: 82.2]
      [Update RS (ms): Min: 2.9, Avg: 3.3, Max: 4.2, Diff: 1.3, Sum: 60.3]
         [Processed Buffers: Min: 18, Avg: 36.9, Max: 58, Diff: 40, Sum: 665]
      [Scan RS (ms): Min: 0.0, Avg: 0.2, Max: 0.2, Diff: 0.2, Sum: 3.4]
      [Code Root Scanning (ms): Min: 0.0, Avg: 0.0, Max: 0.0, Diff: 0.0, Sum: 0.1]
      [Object Copy (ms): Min: 42.8, Avg: 42.9, Max: 43.2, Diff: 0.4, Sum: 772.6]
      [Termination (ms): Min: 0.0, Avg: 0.0, Max: 0.0, Diff: 0.0, Sum: 0.1]
      [GC Worker Other (ms): Min: 0.0, Avg: 0.1, Max: 0.1, Diff: 0.1, Sum: 1.3]
      [GC Worker Total (ms): Min: 51.0, Avg: 51.1, Max: 51.2, Diff: 0.1, Sum: 920.0]
      [GC Worker End (ms): Min: 1570205.3, Avg: 1570205.3, Max: 1570205.4, Diff: 0.1]
   [Code Root Fixup: 0.2 ms]
   [Code Root Migration: 0.1 ms]
   [Clear CT: 1.4 ms]
   [Other: 3.5 ms]
      [Choose CSet: 0.0 ms]
      [Ref Proc: 1.6 ms]
      [Ref Enq: 0.1 ms]
      [Free CSet: 0.6 ms]
   [Eden: 4144.0M(4144.0M)->0.0B(4080.0M) Survivors: 256.0M->288.0M Heap: 8911.6M(10.0G)->4802.3M(10.0G)]
 [Times: user=0.94 sys=0.01, real=0.06 secs] 
1570.211: Total time for which application threads were stopped: 0.0583100 seconds
1574.408: Total time for which application threads were stopped: 0.0013350 seconds
1574.611: [GC pause (G1 Evacuation Pause) (young)
Desired survivor size 293601280 bytes, new threshold 15 (max 15)
- age   1:   11495624 bytes,   11495624 total
- age   2:    7320120 bytes,   18815744 total
- age   3:   23257920 bytes,   42073664 total
- age   4:    3852736 bytes,   45926400 total
- age   5:    1355064 bytes,   47281464 total
- age   6:    2537856 bytes,   49819320 total
- age   7:    1234272 bytes,   51053592 total
- age   8:    2483040 bytes,   53536632 total
- age   9:   65468424 bytes,  119005056 total
- age  10:   11177240 bytes,  130182296 total
- age  11:   24049152 bytes,  154231448 total
- age  12:    1072768 bytes,  155304216 total
- age  13:    2514224 bytes,  157818440 total
- age  14:    2914136 bytes,  160732576 total
- age  15:    2445544 bytes,  163178120 total
, 0.0585610 secs]
   [Parallel Time: 53.3 ms, GC Workers: 18]
      [GC Worker Start (ms): Min: 1574611.3, Avg: 1574611.4, Max: 1574611.5, Diff: 0.2]
      [Ext Root Scanning (ms): Min: 4.7, Avg: 5.2, Max: 5.9, Diff: 1.1, Sum: 92.9]
      [Update RS (ms): Min: 2.6, Avg: 3.4, Max: 4.2, Diff: 1.6, Sum: 60.5]
         [Processed Buffers: Min: 11, Avg: 33.6, Max: 56, Diff: 45, Sum: 605]
      [Scan RS (ms): Min: 0.0, Avg: 0.2, Max: 0.2, Diff: 0.2, Sum: 3.3]
      [Code Root Scanning (ms): Min: 0.0, Avg: 0.0, Max: 0.0, Diff: 0.0, Sum: 0.1]
      [Object Copy (ms): Min: 43.9, Avg: 44.3, Max: 44.5, Diff: 0.6, Sum: 797.5]
      [Termination (ms): Min: 0.0, Avg: 0.0, Max: 0.0, Diff: 0.0, Sum: 0.1]
      [GC Worker Other (ms): Min: 0.0, Avg: 0.1, Max: 0.1, Diff: 0.1, Sum: 1.2]
      [GC Worker Total (ms): Min: 53.0, Avg: 53.1, Max: 53.2, Diff: 0.2, Sum: 955.6]
      [GC Worker End (ms): Min: 1574664.4, Avg: 1574664.5, Max: 1574664.5, Diff: 0.1]
   [Code Root Fixup: 0.3 ms]
   [Code Root Migration: 0.1 ms]
   [Clear CT: 1.4 ms]
   [Other: 3.5 ms]
      [Choose CSet: 0.0 ms]
      [Ref Proc: 1.6 ms]
      [Ref Enq: 0.1 ms]
      [Free CSet: 0.6 ms]
   [Eden: 4080.0M(4080.0M)->0.0B(4176.0M) Survivors: 288.0M->240.0M Heap: 8882.3M(10.0G)->4756.6M(10.0G)]
 [Times: user=0.97 sys=0.01, real=0.06 secs] 
1574.670: Total time for which application threads were stopped: 0.0601270 seconds
1578.415: Total time for which application threads were stopped: 0.0013840 seconds
1579.059: Total time for which application threads were stopped: 0.0013230 seconds
1579.061: [GC pause (GCLocker Initiated GC) (young)
Desired survivor size 293601280 bytes, new threshold 15 (max 15)
- age   1:   11903064 bytes,   11903064 total
- age   2:    6128280 bytes,   18031344 total
- age   3:    7039008 bytes,   25070352 total
- age   4:   20968128 bytes,   46038480 total
- age   5:    1712912 bytes,   47751392 total
- age   6:    1318128 bytes,   49069520 total
- age   7:    2511232 bytes,   51580752 total
- age   8:    1229760 bytes,   52810512 total
- age   9:    2477392 bytes,   55287904 total
- age  10:   65464616 bytes,  120752520 total
- age  11:   11173760 bytes,  131926280 total
- age  12:   24044888 bytes,  155971168 total
- age  13:    1068784 bytes,  157039952 total
- age  14:    2501936 bytes,  159541888 total
- age  15:    2895944 bytes,  162437832 total
, 0.0671990 secs]
   [Parallel Time: 61.1 ms, GC Workers: 18]
      [GC Worker Start (ms): Min: 1579061.8, Avg: 1579061.9, Max: 1579062.0, Diff: 0.1]
      [Ext Root Scanning (ms): Min: 3.7, Avg: 4.6, Max: 5.0, Diff: 1.2, Sum: 82.1]
      [Update RS (ms): Min: 3.0, Avg: 3.5, Max: 4.1, Diff: 1.1, Sum: 62.5]
         [Processed Buffers: Min: 12, Avg: 37.0, Max: 70, Diff: 58, Sum: 666]
      [Scan RS (ms): Min: 0.0, Avg: 0.2, Max: 0.3, Diff: 0.3, Sum: 3.7]
      [Code Root Scanning (ms): Min: 0.0, Avg: 0.0, Max: 0.0, Diff: 0.0, Sum: 0.1]
      [Object Copy (ms): Min: 51.9, Avg: 52.6, Max: 52.8, Diff: 0.9, Sum: 946.5]
      [Termination (ms): Min: 0.0, Avg: 0.0, Max: 0.0, Diff: 0.0, Sum: 0.1]
      [GC Worker Other (ms): Min: 0.0, Avg: 0.1, Max: 0.1, Diff: 0.1, Sum: 1.3]
      [GC Worker Total (ms): Min: 60.8, Avg: 60.9, Max: 61.0, Diff: 0.2, Sum: 1096.4]
      [GC Worker End (ms): Min: 1579122.8, Avg: 1579122.8, Max: 1579122.9, Diff: 0.1]
   [Code Root Fixup: 0.3 ms]
   [Code Root Migration: 0.1 ms]
   [Clear CT: 1.4 ms]
   [Other: 4.4 ms]
      [Choose CSet: 0.0 ms]
      [Ref Proc: 1.9 ms]
      [Ref Enq: 0.1 ms]
      [Free CSet: 1.0 ms]
   [Eden: 4192.0M(4176.0M)->0.0B(3952.0M) Survivors: 240.0M->352.0M Heap: 8933.0M(10.0G)->4863.9M(10.0G)]
 [Times: user=1.18 sys=0.01, real=0.07 secs] 
1579.129: Total time for which application threads were stopped: 0.0691730 seconds
1583.172: [GC pause (G1 Evacuation Pause) (young)
Desired survivor size 285212672 bytes, new threshold 15 (max 15)
- age   1:   42357216 bytes,   42357216 total
- age   2:    5972912 bytes,   48330128 total
- age   3:    4898024 bytes,   53228152 total
- age   4:    4706560 bytes,   57934712 total
- age   5:   18835656 bytes,   76770368 total
- age   6:    1677920 bytes,   78448288 total
- age   7:    1304920 bytes,   79753208 total
- age   8:    2502280 bytes,   82255488 total
- age   9:    1220656 bytes,   83476144 total
- age  10:    2469368 bytes,   85945512 total
- age  11:   65462544 bytes,  151408056 total
- age  12:   11170728 bytes,  162578784 total
- age  13:   23749336 bytes,  186328120 total
- age  14:    1052104 bytes,  187380224 total
- age  15:    2497216 bytes,  189877440 total
, 0.0695800 secs]
   [Parallel Time: 64.2 ms, GC Workers: 18]
      [GC Worker Start (ms): Min: 1583172.2, Avg: 1583172.3, Max: 1583172.3, Diff: 0.1]
      [Ext Root Scanning (ms): Min: 3.7, Avg: 4.6, Max: 5.1, Diff: 1.4, Sum: 83.0]
      [Update RS (ms): Min: 3.0, Avg: 3.7, Max: 6.1, Diff: 3.0, Sum: 66.0]
         [Processed Buffers: Min: 11, Avg: 34.6, Max: 54, Diff: 43, Sum: 623]
      [Scan RS (ms): Min: 0.0, Avg: 0.2, Max: 0.2, Diff: 0.2, Sum: 3.2]
      [Code Root Scanning (ms): Min: 0.0, Avg: 0.0, Max: 0.0, Diff: 0.0, Sum: 0.1]
      [Object Copy (ms): Min: 52.8, Avg: 55.6, Max: 56.0, Diff: 3.2, Sum: 1000.2]
      [Termination (ms): Min: 0.0, Avg: 0.0, Max: 0.0, Diff: 0.0, Sum: 0.1]
      [GC Worker Other (ms): Min: 0.0, Avg: 0.1, Max: 0.1, Diff: 0.1, Sum: 1.0]
      [GC Worker Total (ms): Min: 64.0, Avg: 64.1, Max: 64.2, Diff: 0.2, Sum: 1153.6]
      [GC Worker End (ms): Min: 1583236.3, Avg: 1583236.4, Max: 1583236.4, Diff: 0.1]
   [Code Root Fixup: 0.3 ms]
   [Code Root Migration: 0.1 ms]
   [Clear CT: 1.4 ms]
   [Other: 3.6 ms]
      [Choose CSet: 0.0 ms]
      [Ref Proc: 1.5 ms]
      [Ref Enq: 0.1 ms]
      [Free CSet: 0.8 ms]
   [Eden: 3952.0M(3952.0M)->0.0B(3920.0M) Survivors: 352.0M->368.0M Heap: 8815.9M(10.0G)->4881.5M(10.0G)]
 [Times: user=1.17 sys=0.01, real=0.07 secs] 
1583.242: Total time for which application threads were stopped: 0.0712480 seconds
1584.574: Total time for which application threads were stopped: 0.0011920 seconds
1584.948: Total time for which application threads were stopped: 0.0009810 seconds
1584.950: Total time for which application threads were stopped: 0.0005210 seconds
1584.961: Total time for which application threads were stopped: 0.0067240 seconds
1588.065: [GC pause (G1 Evacuation Pause) (young)
Desired survivor size 285212672 bytes, new threshold 15 (max 15)
- age   1:   47406736 bytes,   47406736 total
- age   2:   16674448 bytes,   64081184 total
- age   3:    5662104 bytes,   69743288 total
- age   4:    4746520 bytes,   74489808 total
- age   5:    2598184 bytes,   77087992 total
- age   6:   18792968 bytes,   95880960 total
- age   7:    1661096 bytes,   97542056 total
- age   8:    1195904 bytes,   98737960 total
- age   9:    2495224 bytes,  101233184 total
- age  10:    1217376 bytes,  102450560 total
- age  11:    2467416 bytes,  104917976 total
- age  12:   65461152 bytes,  170379128 total
- age  13:   11168792 bytes,  181547920 total
- age  14:   23728824 bytes,  205276744 total
- age  15:    1039352 bytes,  206316096 total
, 0.0664000 secs]
   [Parallel Time: 60.9 ms, GC Workers: 18]
      [GC Worker Start (ms): Min: 1588065.7, Avg: 1588065.7, Max: 1588065.8, Diff: 0.1]
      [Ext Root Scanning (ms): Min: 4.5, Avg: 5.1, Max: 5.6, Diff: 1.1, Sum: 91.1]
      [Update RS (ms): Min: 2.9, Avg: 3.3, Max: 3.9, Diff: 1.1, Sum: 59.9]
         [Processed Buffers: Min: 20, Avg: 37.0, Max: 53, Diff: 33, Sum: 666]
      [Scan RS (ms): Min: 0.0, Avg: 0.2, Max: 0.2, Diff: 0.2, Sum: 3.4]
      [Code Root Scanning (ms): Min: 0.0, Avg: 0.0, Max: 0.0, Diff: 0.0, Sum: 0.1]
      [Object Copy (ms): Min: 51.5, Avg: 52.1, Max: 52.3, Diff: 0.8, Sum: 937.1]
      [Termination (ms): Min: 0.0, Avg: 0.0, Max: 0.0, Diff: 0.0, Sum: 0.1]
      [GC Worker Other (ms): Min: 0.0, Avg: 0.1, Max: 0.1, Diff: 0.1, Sum: 1.3]
      [GC Worker Total (ms): Min: 60.7, Avg: 60.7, Max: 60.8, Diff: 0.1, Sum: 1092.9]
      [GC Worker End (ms): Min: 1588126.4, Avg: 1588126.4, Max: 1588126.5, Diff: 0.1]
   [Code Root Fixup: 0.3 ms]
   [Code Root Migration: 0.1 ms]
   [Clear CT: 1.4 ms]
   [Other: 3.7 ms]
      [Choose CSet: 0.0 ms]
      [Ref Proc: 1.6 ms]
      [Ref Enq: 0.1 ms]
      [Free CSet: 0.8 ms]
   [Eden: 3920.0M(3920.0M)->0.0B(3888.0M) Survivors: 368.0M->384.0M Heap: 8801.5M(10.0G)->4901.6M(10.0G)]
 [Times: user=1.11 sys=0.01, real=0.07 secs] 
1588.132: Total time for which application threads were stopped: 0.0680000 seconds
1592.264: [GC pause (G1 Evacuation Pause) (young)
Desired survivor size 285212672 bytes, new threshold 15 (max 15)
- age   1:   13388656 bytes,   13388656 total
- age   2:   41333944 bytes,   54722600 total
- age   3:   15508824 bytes,   70231424 total
- age   4:    3466824 bytes,   73698248 total
- age   5:    2622712 bytes,   76320960 total
- age   6:    2568368 bytes,   78889328 total
- age   7:   18770760 bytes,   97660088 total
- age   8:    1654432 bytes,   99314520 total
- age   9:    1190384 bytes,  100504904 total
- age  10:    2231072 bytes,  102735976 total
- age  11:    1212776 bytes,  103948752 total
- age  12:    2236280 bytes,  106185032 total
- age  13:   65458152 bytes,  171643184 total
- age  14:   11157512 bytes,  182800696 total
- age  15:   23717552 bytes,  206518248 total
, 0.0790420 secs]
   [Parallel Time: 73.4 ms, GC Workers: 18]
      [GC Worker Start (ms): Min: 1592264.5, Avg: 1592264.6, Max: 1592264.7, Diff: 0.1]
      [Ext Root Scanning (ms): Min: 4.4, Avg: 5.0, Max: 5.5, Diff: 1.1, Sum: 90.8]
      [Update RS (ms): Min: 2.8, Avg: 3.3, Max: 3.8, Diff: 1.1, Sum: 58.8]
         [Processed Buffers: Min: 15, Avg: 33.6, Max: 62, Diff: 47, Sum: 605]
      [Scan RS (ms): Min: 0.0, Avg: 0.2, Max: 0.2, Diff: 0.2, Sum: 3.2]
      [Code Root Scanning (ms): Min: 0.0, Avg: 0.0, Max: 0.0, Diff: 0.0, Sum: 0.1]
      [Object Copy (ms): Min: 64.1, Avg: 64.6, Max: 64.9, Diff: 0.8, Sum: 1163.4]
      [Termination (ms): Min: 0.0, Avg: 0.0, Max: 0.0, Diff: 0.0, Sum: 0.1]
      [GC Worker Other (ms): Min: 0.0, Avg: 0.1, Max: 0.1, Diff: 0.1, Sum: 1.3]
      [GC Worker Total (ms): Min: 73.1, Avg: 73.2, Max: 73.3, Diff: 0.2, Sum: 1317.7]
      [GC Worker End (ms): Min: 1592337.8, Avg: 1592337.8, Max: 1592337.8, Diff: 0.1]
   [Code Root Fixup: 0.3 ms]
   [Code Root Migration: 0.1 ms]
   [Clear CT: 1.3 ms]
   [Other: 4.0 ms]
      [Choose CSet: 0.0 ms]
      [Ref Proc: 1.7 ms]
      [Ref Enq: 0.1 ms]
      [Free CSet: 0.7 ms]
   [Eden: 3888.0M(3888.0M)->0.0B(3920.0M) Survivors: 384.0M->352.0M Heap: 8789.6M(10.0G)->4897.2M(10.0G)]
 [Times: user=1.33 sys=0.02, real=0.08 secs] 
1592.343: Total time for which application threads were stopped: 0.0807100 seconds
1594.528: Total time for which application threads were stopped: 0.0012070 seconds
1596.870: [GC pause (G1 Evacuation Pause) (young)
Desired survivor size 285212672 bytes, new threshold 15 (max 15)
- age   1:   33453800 bytes,   33453800 total
- age   2:    7952744 bytes,   41406544 total
- age   3:   41121464 bytes,   82528008 total
- age   4:   13360648 bytes,   95888656 total
- age   5:    1334640 bytes,   97223296 total
- age   6:    2601344 bytes,   99824640 total
- age   7:    2553608 bytes,  102378248 total
- age   8:   18762592 bytes,  121140840 total
- age   9:    1650552 bytes,  122791392 total
- age  10:    1187136 bytes,  123978528 total
- age  11:    2228016 bytes,  126206544 total
- age  12:    1211264 bytes,  127417808 total
- age  13:    2233704 bytes,  129651512 total
- age  14:   65448680 bytes,  195100192 total
- age  15:   11142944 bytes,  206243136 total
, 0.0657610 secs]
   [Parallel Time: 60.0 ms, GC Workers: 18]
      [GC Worker Start (ms): Min: 1596870.6, Avg: 1596870.6, Max: 1596870.7, Diff: 0.2]
      [Ext Root Scanning (ms): Min: 3.0, Avg: 4.9, Max: 5.4, Diff: 2.4, Sum: 88.3]
      [Update RS (ms): Min: 6.5, Avg: 7.0, Max: 7.8, Diff: 1.3, Sum: 125.7]
         [Processed Buffers: Min: 24, Avg: 44.1, Max: 89, Diff: 65, Sum: 794]
      [Scan RS (ms): Min: 0.0, Avg: 0.2, Max: 0.2, Diff: 0.2, Sum: 3.3]
      [Code Root Scanning (ms): Min: 0.0, Avg: 0.0, Max: 0.0, Diff: 0.0, Sum: 0.1]
      [Object Copy (ms): Min: 47.3, Avg: 47.7, Max: 48.8, Diff: 1.5, Sum: 858.1]
      [Termination (ms): Min: 0.0, Avg: 0.0, Max: 0.0, Diff: 0.0, Sum: 0.2]
      [GC Worker Other (ms): Min: 0.0, Avg: 0.1, Max: 0.1, Diff: 0.1, Sum: 1.5]
      [GC Worker Total (ms): Min: 59.8, Avg: 59.8, Max: 59.9, Diff: 0.2, Sum: 1077.2]
      [GC Worker End (ms): Min: 1596930.4, Avg: 1596930.5, Max: 1596930.5, Diff: 0.1]
   [Code Root Fixup: 0.3 ms]
   [Code Root Migration: 0.1 ms]
   [Clear CT: 1.5 ms]
   [Other: 3.9 ms]
      [Choose CSet: 0.0 ms]
      [Ref Proc: 1.7 ms]
      [Ref Enq: 0.1 ms]
      [Free CSet: 0.8 ms]
   [Eden: 3920.0M(3920.0M)->0.0B(4064.0M) Survivors: 352.0M->272.0M Heap: 8817.2M(10.0G)->4830.4M(10.0G)]
 [Times: user=1.10 sys=0.01, real=0.06 secs] 
1596.936: Total time for which application threads were stopped: 0.0673900 seconds
1601.465: [GC pause (G1 Evacuation Pause) (young) (initial-mark)
Desired survivor size 285212672 bytes, new threshold 15 (max 15)
- age   1:   27935904 bytes,   27935904 total
- age   2:    6490592 bytes,   34426496 total
- age   3:    7502168 bytes,   41928664 total
- age   4:   38941336 bytes,   80870000 total
- age   5:   11224320 bytes,   92094320 total
- age   6:    1307920 bytes,   93402240 total
- age   7:    2579776 bytes,   95982016 total
- age   8:    1245992 bytes,   97228008 total
- age   9:    2313384 bytes,   99541392 total
- age  10:    1399080 bytes,  100940472 total
- age  11:    1183416 bytes,  102123888 total
- age  12:    2223128 bytes,  104347016 total
- age  13:    1208744 bytes,  105555760 total
- age  14:    2213800 bytes,  107769560 total
- age  15:   65442552 bytes,  173212112 total
, 0.0702870 secs]
   [Parallel Time: 63.7 ms, GC Workers: 18]
      [GC Worker Start (ms): Min: 1601465.7, Avg: 1601465.8, Max: 1601465.9, Diff: 0.1]
      [Ext Root Scanning (ms): Min: 3.8, Avg: 4.5, Max: 4.8, Diff: 1.1, Sum: 80.3]
      [Code Root Marking (ms): Min: 0.2, Avg: 1.3, Max: 9.0, Diff: 8.8, Sum: 23.2]
      [Update RS (ms): Min: 0.0, Avg: 4.8, Max: 5.5, Diff: 5.5, Sum: 86.1]
         [Processed Buffers: Min: 0, Avg: 41.2, Max: 65, Diff: 65, Sum: 741]
      [Scan RS (ms): Min: 0.0, Avg: 0.2, Max: 0.2, Diff: 0.2, Sum: 3.4]
      [Code Root Scanning (ms): Min: 0.0, Avg: 0.0, Max: 0.0, Diff: 0.0, Sum: 0.1]
      [Object Copy (ms): Min: 49.7, Avg: 52.8, Max: 53.1, Diff: 3.5, Sum: 950.3]
      [Termination (ms): Min: 0.0, Avg: 0.0, Max: 0.0, Diff: 0.0, Sum: 0.1]
      [GC Worker Other (ms): Min: 0.0, Avg: 0.1, Max: 0.1, Diff: 0.1, Sum: 1.1]
      [GC Worker Total (ms): Min: 63.5, Avg: 63.6, Max: 63.6, Diff: 0.2, Sum: 1144.4]
      [GC Worker End (ms): Min: 1601529.4, Avg: 1601529.4, Max: 1601529.4, Diff: 0.1]
   [Code Root Fixup: 0.3 ms]
   [Code Root Migration: 0.1 ms]
   [Clear CT: 1.6 ms]
   [Other: 4.6 ms]
      [Choose CSet: 0.0 ms]
      [Ref Proc: 1.7 ms]
      [Ref Enq: 0.1 ms]
      [Free CSet: 0.8 ms]
   [Eden: 4064.0M(4064.0M)->0.0B(4032.0M) Survivors: 272.0M->256.0M Heap: 8894.4M(10.0G)->4891.4M(10.0G)]
 [Times: user=1.17 sys=0.01, real=0.07 secs] 
1601.536: [GC concurrent-root-region-scan-start]
1601.536: Total time for which application threads were stopped: 0.0728730 seconds
1601.565: [GC concurrent-root-region-scan-end, 0.0288710 secs]
1601.565: [GC concurrent-mark-start]
1602.495: [GC concurrent-mark-end, 0.9300760 secs]
1602.496: [GC remark 1602.496: [GC ref-proc, 0.0026700 secs], 0.0102320 secs]
 [Times: user=0.13 sys=0.00, real=0.01 secs] 
1602.506: Total time for which application threads were stopped: 0.0116710 seconds
1602.507: [GC cleanup 5900M->5868M(10G), 0.0087840 secs]
 [Times: user=0.14 sys=0.00, real=0.01 secs] 
1602.516: Total time for which application threads were stopped: 0.0096570 seconds
1602.516: [GC concurrent-cleanup-start]
1602.516: [GC concurrent-cleanup-end, 0.0000470 secs]
1604.703: Total time for which application threads were stopped: 0.0013000 seconds
1605.678: Total time for which application threads were stopped: 0.0012680 seconds
1605.678: [GC pause (GCLocker Initiated GC) (young)
Desired survivor size 285212672 bytes, new threshold 15 (max 15)
- age   1:   11378176 bytes,   11378176 total
- age   2:   23677536 bytes,   35055712 total
- age   3:    5883624 bytes,   40939336 total
- age   4:    4697560 bytes,   45636896 total
- age   5:   38875840 bytes,   84512736 total
- age   6:   11185408 bytes,   95698144 total
- age   7:    1283856 bytes,   96982000 total
- age   8:    2572232 bytes,   99554232 total
- age   9:    1242016 bytes,  100796248 total
- age  10:    2307104 bytes,  103103352 total
- age  11:    1393944 bytes,  104497296 total
- age  12:    1178424 bytes,  105675720 total
- age  13:    2218888 bytes,  107894608 total
- age  14:    1201480 bytes,  109096088 total
- age  15:    2208752 bytes,  111304840 total
, 0.1020890 secs]
   [Parallel Time: 96.3 ms, GC Workers: 18]
      [GC Worker Start (ms): Min: 1605678.8, Avg: 1605678.9, Max: 1605678.9, Diff: 0.1]
      [Ext Root Scanning (ms): Min: 4.4, Avg: 4.8, Max: 5.7, Diff: 1.3, Sum: 87.3]
      [Update RS (ms): Min: 15.6, Avg: 17.2, Max: 27.5, Diff: 11.9, Sum: 309.6]
         [Processed Buffers: Min: 10, Avg: 59.4, Max: 97, Diff: 87, Sum: 1069]
      [Scan RS (ms): Min: 0.0, Avg: 0.2, Max: 0.2, Diff: 0.2, Sum: 3.3]
      [Code Root Scanning (ms): Min: 0.0, Avg: 0.0, Max: 0.0, Diff: 0.0, Sum: 0.1]
      [Object Copy (ms): Min: 59.7, Avg: 69.9, Max: 74.5, Diff: 14.8, Sum: 1258.6]
      [Termination (ms): Min: 0.0, Avg: 4.0, Max: 4.2, Diff: 4.2, Sum: 71.6]
      [GC Worker Other (ms): Min: 0.0, Avg: 0.0, Max: 0.1, Diff: 0.0, Sum: 0.6]
      [GC Worker Total (ms): Min: 96.1, Avg: 96.2, Max: 96.2, Diff: 0.1, Sum: 1731.1]
      [GC Worker End (ms): Min: 1605775.0, Avg: 1605775.1, Max: 1605775.1, Diff: 0.1]
   [Code Root Fixup: 0.3 ms]
   [Code Root Migration: 0.1 ms]
   [Clear CT: 1.2 ms]
   [Other: 4.2 ms]
      [Choose CSet: 0.0 ms]
      [Ref Proc: 2.0 ms]
      [Ref Enq: 0.1 ms]
      [Free CSet: 0.7 ms]
   [Eden: 4048.0M(4032.0M)->0.0B(208.0M) Survivors: 256.0M->304.0M Heap: 8892.1M(10.0G)->4962.9M(10.0G)]
 [Times: user=1.66 sys=0.01, real=0.10 secs] 
1605.781: Total time for which application threads were stopped: 0.1029350 seconds
1605.804: Total time for which application threads were stopped: 0.0012170 seconds
1605.807: [GC pause (GCLocker Initiated GC) (mixed)
Desired survivor size 33554432 bytes, new threshold 1 (max 15)
- age   1:  107875336 bytes,  107875336 total
- age   2:    5528816 bytes,  113404152 total
- age   3:   23351248 bytes,  136755400 total
- age   4:    3717872 bytes,  140473272 total
- age   5:    2563896 bytes,  143037168 total
- age   6:   38836640 bytes,  181873808 total
- age   7:   10872704 bytes,  192746512 total
- age   8:    1189168 bytes,  193935680 total
- age   9:    2532088 bytes,  196467768 total
- age  10:     919224 bytes,  197386992 total
- age  11:    2277168 bytes,  199664160 total
- age  12:    1369880 bytes,  201034040 total
- age  13:    1156768 bytes,  202190808 total
- age  14:    2171904 bytes,  204362712 total
- age  15:    1058560 bytes,  205421272 total
, 0.1376660 secs]
   [Parallel Time: 127.9 ms, GC Workers: 18]
      [GC Worker Start (ms): Min: 1605808.2, Avg: 1605808.3, Max: 1605808.3, Diff: 0.1]
      [Ext Root Scanning (ms): Min: 5.0, Avg: 5.3, Max: 5.8, Diff: 0.8, Sum: 96.3]
      [Update RS (ms): Min: 2.2, Avg: 2.7, Max: 3.2, Diff: 1.0, Sum: 47.8]
         [Processed Buffers: Min: 6, Avg: 30.2, Max: 58, Diff: 52, Sum: 543]
      [Scan RS (ms): Min: 14.1, Avg: 15.1, Max: 22.6, Diff: 8.6, Sum: 272.1]
      [Code Root Scanning (ms): Min: 0.0, Avg: 0.0, Max: 0.1, Diff: 0.1, Sum: 0.1]
      [Object Copy (ms): Min: 97.1, Avg: 104.4, Max: 105.1, Diff: 8.1, Sum: 1878.7]
      [Termination (ms): Min: 0.1, Avg: 0.2, Max: 0.2, Diff: 0.2, Sum: 3.6]
      [GC Worker Other (ms): Min: 0.0, Avg: 0.0, Max: 0.1, Diff: 0.0, Sum: 0.7]
      [GC Worker Total (ms): Min: 127.6, Avg: 127.7, Max: 127.8, Diff: 0.2, Sum: 2299.3]
      [GC Worker End (ms): Min: 1605936.0, Avg: 1605936.0, Max: 1605936.0, Diff: 0.0]
   [Code Root Fixup: 0.4 ms]
   [Code Root Migration: 0.1 ms]
   [Clear CT: 1.7 ms]
   [Other: 7.5 ms]
      [Choose CSet: 0.4 ms]
      [Ref Proc: 2.2 ms]
      [Ref Enq: 0.1 ms]
      [Free CSet: 0.9 ms]
   [Eden: 240.0M(208.0M)->0.0B(448.0M) Survivors: 304.0M->64.0M Heap: 5188.4M(10.0G)->4668.9M(10.0G)]
 [Times: user=2.19 sys=0.02, real=0.14 secs] 
1605.945: Total time for which application threads were stopped: 0.1388510 seconds
1606.180: Total time for which application threads were stopped: 0.0012700 seconds
1606.180: [GC pause (GCLocker Initiated GC) (mixed)
Desired survivor size 33554432 bytes, new threshold 15 (max 15)
- age   1:    2023712 bytes,    2023712 total
, 0.0975110 secs]
   [Parallel Time: 91.5 ms, GC Workers: 18]
      [GC Worker Start (ms): Min: 1606181.0, Avg: 1606181.1, Max: 1606181.1, Diff: 0.1]
      [Ext Root Scanning (ms): Min: 4.2, Avg: 4.8, Max: 5.1, Diff: 0.9, Sum: 86.6]
      [Update RS (ms): Min: 25.4, Avg: 28.2, Max: 37.6, Diff: 12.2, Sum: 507.0]
         [Processed Buffers: Min: 31, Avg: 74.1, Max: 119, Diff: 88, Sum: 1333]
      [Scan RS (ms): Min: 0.0, Avg: 6.4, Max: 8.2, Diff: 8.2, Sum: 115.0]
      [Code Root Scanning (ms): Min: 0.0, Avg: 0.0, Max: 0.0, Diff: 0.0, Sum: 0.0]
      [Object Copy (ms): Min: 49.0, Avg: 51.9, Max: 52.6, Diff: 3.6, Sum: 933.4]
      [Termination (ms): Min: 0.0, Avg: 0.1, Max: 0.1, Diff: 0.1, Sum: 1.7]
      [GC Worker Other (ms): Min: 0.0, Avg: 0.0, Max: 0.0, Diff: 0.0, Sum: 0.5]
      [GC Worker Total (ms): Min: 91.3, Avg: 91.3, Max: 91.4, Diff: 0.1, Sum: 1644.3]
      [GC Worker End (ms): Min: 1606272.4, Avg: 1606272.4, Max: 1606272.4, Diff: 0.0]
   [Code Root Fixup: 0.2 ms]
   [Code Root Migration: 0.1 ms]
   [Clear CT: 1.3 ms]
   [Other: 4.4 ms]
      [Choose CSet: 0.1 ms]
      [Ref Proc: 2.0 ms]
      [Ref Enq: 0.1 ms]
      [Free CSet: 0.4 ms]
   [Eden: 464.0M(448.0M)->0.0B(448.0M) Survivors: 64.0M->64.0M Heap: 5117.2M(10.0G)->4712.7M(10.0G)]
 [Times: user=1.54 sys=0.01, real=0.10 secs] 
1606.278: Total time for which application threads were stopped: 0.0984240 seconds
1606.539: [GC pause (G1 Evacuation Pause) (young)
Desired survivor size 33554432 bytes, new threshold 1 (max 15)
- age   1:   36302656 bytes,   36302656 total
- age   2:     418656 bytes,   36721312 total
, 0.1003100 secs]
   [Parallel Time: 96.8 ms, GC Workers: 18]
      [GC Worker Start (ms): Min: 1606539.7, Avg: 1606539.8, Max: 1606539.9, Diff: 0.2]
      [Ext Root Scanning (ms): Min: 4.3, Avg: 4.9, Max: 5.5, Diff: 1.2, Sum: 88.2]
      [Update RS (ms): Min: 25.8, Avg: 26.5, Max: 27.3, Diff: 1.6, Sum: 477.0]
         [Processed Buffers: Min: 40, Avg: 63.6, Max: 85, Diff: 45, Sum: 1144]
      [Scan RS (ms): Min: 0.0, Avg: 0.0, Max: 0.0, Diff: 0.0, Sum: 0.4]
      [Code Root Scanning (ms): Min: 0.0, Avg: 0.0, Max: 0.0, Diff: 0.0, Sum: 0.0]
      [Object Copy (ms): Min: 64.3, Avg: 65.1, Max: 65.3, Diff: 1.0, Sum: 1171.4]
      [Termination (ms): Min: 0.0, Avg: 0.0, Max: 0.0, Diff: 0.0, Sum: 0.1]
      [GC Worker Other (ms): Min: 0.0, Avg: 0.0, Max: 0.1, Diff: 0.0, Sum: 0.7]
      [GC Worker Total (ms): Min: 96.5, Avg: 96.5, Max: 96.7, Diff: 0.2, Sum: 1737.8]
      [GC Worker End (ms): Min: 1606636.3, Avg: 1606636.3, Max: 1606636.4, Diff: 0.0]
   [Code Root Fixup: 0.3 ms]
   [Code Root Migration: 0.0 ms]
   [Clear CT: 0.2 ms]
   [Other: 3.0 ms]
      [Choose CSet: 0.0 ms]
      [Ref Proc: 1.4 ms]
      [Ref Enq: 0.1 ms]
      [Free CSet: 0.2 ms]
   [Eden: 448.0M(448.0M)->0.0B(448.0M) Survivors: 64.0M->64.0M Heap: 5160.7M(10.0G)->4783.4M(10.0G)]
 [Times: user=1.73 sys=0.01, real=0.10 secs] 
1606.640: Total time for which application threads were stopped: 0.1020020 seconds
1606.902: [GC pause (G1 Evacuation Pause) (young) (initial-mark)
Desired survivor size 33554432 bytes, new threshold 1 (max 15)
- age   1:   50903968 bytes,   50903968 total
, 0.0990390 secs]
   [Parallel Time: 94.9 ms, GC Workers: 18]
      [GC Worker Start (ms): Min: 1606902.2, Avg: 1606902.2, Max: 1606902.3, Diff: 0.2]
      [Ext Root Scanning (ms): Min: 4.0, Avg: 4.6, Max: 5.3, Diff: 1.3, Sum: 83.4]
      [Code Root Marking (ms): Min: 0.1, Avg: 1.1, Max: 6.9, Diff: 6.8, Sum: 20.3]
      [Update RS (ms): Min: 9.8, Avg: 16.0, Max: 18.9, Diff: 9.1, Sum: 288.3]
         [Processed Buffers: Min: 23, Avg: 52.1, Max: 72, Diff: 49, Sum: 938]
      [Scan RS (ms): Min: 0.0, Avg: 0.0, Max: 0.0, Diff: 0.0, Sum: 0.4]
      [Code Root Scanning (ms): Min: 0.0, Avg: 0.0, Max: 0.0, Diff: 0.0, Sum: 0.0]
      [Object Copy (ms): Min: 70.5, Avg: 72.9, Max: 73.4, Diff: 2.9, Sum: 1312.4]
      [Termination (ms): Min: 0.0, Avg: 0.0, Max: 0.0, Diff: 0.0, Sum: 0.2]
      [GC Worker Other (ms): Min: 0.0, Avg: 0.0, Max: 0.1, Diff: 0.1, Sum: 0.8]
      [GC Worker Total (ms): Min: 94.7, Avg: 94.8, Max: 94.8, Diff: 0.2, Sum: 1705.8]
      [GC Worker End (ms): Min: 1606997.0, Avg: 1606997.0, Max: 1606997.1, Diff: 0.1]
   [Code Root Fixup: 0.3 ms]
   [Code Root Migration: 0.0 ms]
   [Clear CT: 0.2 ms]
   [Other: 3.6 ms]
      [Choose CSet: 0.0 ms]
      [Ref Proc: 1.6 ms]
      [Ref Enq: 0.1 ms]
      [Free CSet: 0.2 ms]
   [Eden: 448.0M(448.0M)->0.0B(464.0M) Survivors: 64.0M->48.0M Heap: 5231.4M(10.0G)->4826.9M(10.0G)]
 [Times: user=1.70 sys=0.01, real=0.09 secs] 
1607.001: [GC concurrent-root-region-scan-start]
1607.001: Total time for which application threads were stopped: 0.1008330 seconds
1607.046: [GC concurrent-root-region-scan-end, 0.0450600 secs]
1607.046: [GC concurrent-mark-start]
1607.316: [GC pause (G1 Evacuation Pause) (young)
Desired survivor size 33554432 bytes, new threshold 15 (max 15)
- age   1:   28384392 bytes,   28384392 total
, 0.0710460 secs]
   [Parallel Time: 67.8 ms, GC Workers: 18]
      [GC Worker Start (ms): Min: 1607316.9, Avg: 1607317.0, Max: 1607317.1, Diff: 0.2]
      [Ext Root Scanning (ms): Min: 3.9, Avg: 5.3, Max: 6.0, Diff: 2.1, Sum: 96.1]
      [SATB Filtering (ms): Min: 0.0, Avg: 0.2, Max: 3.4, Diff: 3.4, Sum: 3.4]
      [Update RS (ms): Min: 20.6, Avg: 23.1, Max: 24.2, Diff: 3.6, Sum: 416.4]
         [Processed Buffers: Min: 3, Avg: 62.2, Max: 116, Diff: 113, Sum: 1119]
      [Scan RS (ms): Min: 0.0, Avg: 0.0, Max: 0.1, Diff: 0.1, Sum: 0.5]
      [Code Root Scanning (ms): Min: 0.0, Avg: 0.0, Max: 0.0, Diff: 0.0, Sum: 0.0]
      [Object Copy (ms): Min: 37.8, Avg: 38.8, Max: 40.0, Diff: 2.2, Sum: 699.3]
      [Termination (ms): Min: 0.0, Avg: 0.0, Max: 0.0, Diff: 0.0, Sum: 0.2]
      [GC Worker Other (ms): Min: 0.0, Avg: 0.0, Max: 0.1, Diff: 0.1, Sum: 0.7]
      [GC Worker Total (ms): Min: 67.5, Avg: 67.6, Max: 67.7, Diff: 0.2, Sum: 1216.6]
      [GC Worker End (ms): Min: 1607384.5, Avg: 1607384.6, Max: 1607384.6, Diff: 0.0]
   [Code Root Fixup: 0.3 ms]
   [Code Root Migration: 0.0 ms]
   [Clear CT: 0.2 ms]
   [Other: 2.8 ms]
      [Choose CSet: 0.0 ms]
      [Ref Proc: 1.5 ms]
      [Ref Enq: 0.1 ms]
      [Free CSet: 0.2 ms]
   [Eden: 464.0M(464.0M)->0.0B(448.0M) Survivors: 48.0M->64.0M Heap: 5290.9M(10.0G)->4843.1M(10.0G)]
 [Times: user=1.22 sys=0.01, real=0.07 secs] 
1607.388: Total time for which application threads were stopped: 0.0726260 seconds
1607.712: [GC pause (G1 Evacuation Pause) (young)
Desired survivor size 33554432 bytes, new threshold 2 (max 15)
- age   1:   17502720 bytes,   17502720 total
- age   2:   20640528 bytes,   38143248 total
, 0.0624590 secs]
   [Parallel Time: 59.2 ms, GC Workers: 18]
      [GC Worker Start (ms): Min: 1607712.5, Avg: 1607712.6, Max: 1607712.7, Diff: 0.1]
      [Ext Root Scanning (ms): Min: 3.6, Avg: 4.5, Max: 5.2, Diff: 1.6, Sum: 81.6]
      [SATB Filtering (ms): Min: 0.0, Avg: 0.1, Max: 2.2, Diff: 2.2, Sum: 2.2]
      [Update RS (ms): Min: 4.2, Avg: 5.7, Max: 6.6, Diff: 2.4, Sum: 102.3]
         [Processed Buffers: Min: 9, Avg: 36.3, Max: 57, Diff: 48, Sum: 653]
      [Scan RS (ms): Min: 0.0, Avg: 0.0, Max: 0.0, Diff: 0.0, Sum: 0.4]
      [Code Root Scanning (ms): Min: 0.0, Avg: 0.0, Max: 0.0, Diff: 0.0, Sum: 0.0]
      [Object Copy (ms): Min: 47.4, Avg: 48.0, Max: 48.3, Diff: 0.9, Sum: 863.3]
      [Termination (ms): Min: 0.5, Avg: 0.6, Max: 0.7, Diff: 0.2, Sum: 10.5]
      [GC Worker Other (ms): Min: 0.0, Avg: 0.0, Max: 0.1, Diff: 0.1, Sum: 0.8]
      [GC Worker Total (ms): Min: 58.9, Avg: 59.0, Max: 59.0, Diff: 0.1, Sum: 1061.2]
      [GC Worker End (ms): Min: 1607771.5, Avg: 1607771.6, Max: 1607771.6, Diff: 0.0]
   [Code Root Fixup: 0.2 ms]
   [Code Root Migration: 0.0 ms]
   [Clear CT: 0.2 ms]
   [Other: 2.9 ms]
      [Choose CSet: 0.0 ms]
      [Ref Proc: 1.6 ms]
      [Ref Enq: 0.2 ms]
      [Free CSet: 0.2 ms]
   [Eden: 448.0M(448.0M)->0.0B(736.0M) Survivors: 64.0M->48.0M Heap: 5291.1M(10.0G)->4847.7M(10.0G)]
 [Times: user=1.06 sys=0.00, real=0.06 secs] 
1607.775: Total time for which application threads were stopped: 0.0642260 seconds
1608.301: [GC concurrent-mark-end, 1.2547050 secs]
1608.302: [GC remark 1608.305: [GC ref-proc, 0.0039190 secs], 0.0140650 secs]
 [Times: user=0.19 sys=0.01, real=0.01 secs] 
1608.431: Total time for which application threads were stopped: 0.1307260 seconds
1608.432: [GC cleanup 5452M->5436M(10G), 0.0090370 secs]
 [Times: user=0.14 sys=0.00, real=0.01 secs] 
1608.442: Total time for which application threads were stopped: 0.0101360 seconds
1608.442: [GC concurrent-cleanup-start]
1608.442: [GC concurrent-cleanup-end, 0.0000450 secs]
1608.566: [GC pause (G1 Evacuation Pause) (young)
Desired survivor size 58720256 bytes, new threshold 15 (max 15)
- age   1:    4065752 bytes,    4065752 total
- age   2:    9595920 bytes,   13661672 total
, 0.0213890 secs]
   [Parallel Time: 17.7 ms, GC Workers: 18]
      [GC Worker Start (ms): Min: 1608566.1, Avg: 1608566.2, Max: 1608566.3, Diff: 0.2]
      [Ext Root Scanning (ms): Min: 4.5, Avg: 4.9, Max: 5.4, Diff: 0.9, Sum: 88.4]
      [Update RS (ms): Min: 7.6, Avg: 8.8, Max: 12.5, Diff: 4.9, Sum: 157.7]
         [Processed Buffers: Min: 6, Avg: 38.7, Max: 70, Diff: 64, Sum: 697]
      [Scan RS (ms): Min: 0.0, Avg: 0.0, Max: 0.1, Diff: 0.1, Sum: 0.2]
      [Code Root Scanning (ms): Min: 0.0, Avg: 0.0, Max: 0.0, Diff: 0.0, Sum: 0.0]
      [Object Copy (ms): Min: 0.2, Avg: 3.7, Max: 4.8, Diff: 4.6, Sum: 66.8]
      [Termination (ms): Min: 0.0, Avg: 0.1, Max: 0.1, Diff: 0.1, Sum: 1.7]
      [GC Worker Other (ms): Min: 0.0, Avg: 0.0, Max: 0.0, Diff: 0.0, Sum: 0.4]
      [GC Worker Total (ms): Min: 17.4, Avg: 17.5, Max: 17.6, Diff: 0.2, Sum: 315.2]
      [GC Worker End (ms): Min: 1608583.7, Avg: 1608583.7, Max: 1608583.8, Diff: 0.0]
   [Code Root Fixup: 0.2 ms]
   [Code Root Migration: 0.0 ms]
   [Clear CT: 0.3 ms]
   [Other: 3.2 ms]
      [Choose CSet: 0.0 ms]
      [Ref Proc: 2.1 ms]
      [Ref Enq: 0.1 ms]
      [Free CSet: 0.2 ms]
   [Eden: 736.0M(736.0M)->0.0B(480.0M) Survivors: 48.0M->32.0M Heap: 5567.7M(10.0G)->4815.6M(10.0G)]
 [Times: user=0.29 sys=0.00, real=0.02 secs] 
1608.587: Total time for which application threads were stopped: 0.0230230 seconds
1608.966: [GC pause (G1 Evacuation Pause) (mixed)
Desired survivor size 33554432 bytes, new threshold 15 (max 15)
- age   1:    3199712 bytes,    3199712 total
- age   2:    2792224 bytes,    5991936 total
- age   3:    9575632 bytes,   15567568 total
, 0.0686700 secs]
   [Parallel Time: 60.7 ms, GC Workers: 18]
      [GC Worker Start (ms): Min: 1608967.1, Avg: 1608967.2, Max: 1608967.3, Diff: 0.1]
      [Ext Root Scanning (ms): Min: 4.5, Avg: 5.0, Max: 6.0, Diff: 1.5, Sum: 89.2]
      [Update RS (ms): Min: 0.6, Avg: 2.1, Max: 3.3, Diff: 2.7, Sum: 37.8]
         [Processed Buffers: Min: 8, Avg: 29.8, Max: 55, Diff: 47, Sum: 537]
      [Scan RS (ms): Min: 15.3, Avg: 16.2, Max: 16.9, Diff: 1.6, Sum: 290.7]
      [Code Root Scanning (ms): Min: 0.0, Avg: 0.0, Max: 0.4, Diff: 0.4, Sum: 0.6]
      [Object Copy (ms): Min: 37.0, Avg: 37.3, Max: 37.5, Diff: 0.4, Sum: 670.6]
      [Termination (ms): Min: 0.0, Avg: 0.0, Max: 0.0, Diff: 0.0, Sum: 0.1]
      [GC Worker Other (ms): Min: 0.0, Avg: 0.0, Max: 0.1, Diff: 0.0, Sum: 0.7]
      [GC Worker Total (ms): Min: 60.5, Avg: 60.5, Max: 60.6, Diff: 0.2, Sum: 1089.6]
      [GC Worker End (ms): Min: 1609027.7, Avg: 1609027.7, Max: 1609027.8, Diff: 0.0]
   [Code Root Fixup: 0.6 ms]
   [Code Root Migration: 0.8 ms]
   [Clear CT: 1.6 ms]
   [Other: 5.0 ms]
      [Choose CSet: 0.3 ms]
      [Ref Proc: 1.6 ms]
      [Ref Enq: 0.1 ms]
      [Free CSet: 0.6 ms]
   [Eden: 480.0M(480.0M)->0.0B(480.0M) Survivors: 32.0M->32.0M Heap: 5295.6M(10.0G)->4486.1M(10.0G)]
 [Times: user=1.09 sys=0.01, real=0.07 secs] 
1609.035: Total time for which application threads were stopped: 0.0704580 seconds
1609.395: Total time for which application threads were stopped: 0.0010740 seconds
1609.395: [GC pause (GCLocker Initiated GC) (mixed)
Desired survivor size 33554432 bytes, new threshold 15 (max 15)
- age   1:    3366256 bytes,    3366256 total
- age   2:    1206672 bytes,    4572928 total
- age   3:    2787712 bytes,    7360640 total
- age   4:    9564872 bytes,   16925512 total
, 0.0455630 secs]
   [Parallel Time: 40.3 ms, GC Workers: 18]
      [GC Worker Start (ms): Min: 1609396.0, Avg: 1609396.1, Max: 1609396.2, Diff: 0.1]
      [Ext Root Scanning (ms): Min: 4.3, Avg: 4.9, Max: 5.4, Diff: 1.1, Sum: 88.1]
      [Update RS (ms): Min: 21.1, Avg: 21.6, Max: 22.1, Diff: 1.1, Sum: 389.4]
         [Processed Buffers: Min: 30, Avg: 61.3, Max: 89, Diff: 59, Sum: 1104]
      [Scan RS (ms): Min: 4.8, Avg: 5.4, Max: 7.0, Diff: 2.2, Sum: 96.5]
      [Code Root Scanning (ms): Min: 0.0, Avg: 0.0, Max: 0.4, Diff: 0.4, Sum: 0.4]
      [Object Copy (ms): Min: 6.5, Avg: 8.1, Max: 8.4, Diff: 1.8, Sum: 146.1]
      [Termination (ms): Min: 0.0, Avg: 0.0, Max: 0.0, Diff: 0.0, Sum: 0.1]
      [GC Worker Other (ms): Min: 0.0, Avg: 0.0, Max: 0.0, Diff: 0.0, Sum: 0.5]
      [GC Worker Total (ms): Min: 40.0, Avg: 40.1, Max: 40.1, Diff: 0.1, Sum: 721.1]
      [GC Worker End (ms): Min: 1609436.2, Avg: 1609436.2, Max: 1609436.2, Diff: 0.0]
   [Code Root Fixup: 0.4 ms]
   [Code Root Migration: 0.4 ms]
   [Clear CT: 1.2 ms]
   [Other: 3.2 ms]
      [Choose CSet: 0.1 ms]
      [Ref Proc: 1.6 ms]
      [Ref Enq: 0.1 ms]
      [Free CSet: 0.2 ms]
   [Eden: 496.0M(480.0M)->0.0B(480.0M) Survivors: 32.0M->32.0M Heap: 4966.2M(10.0G)->4500.3M(10.0G)]
 [Times: user=0.74 sys=0.01, real=0.05 secs] 
1609.441: Total time for which application threads were stopped: 0.0465080 seconds
1609.804: [GC pause (G1 Evacuation Pause) (young)
Desired survivor size 33554432 bytes, new threshold 15 (max 15)
- age   1:    1125496 bytes,    1125496 total
- age   2:    2497232 bytes,    3622728 total
- age   3:    1181272 bytes,    4804000 total
- age   4:    2782600 bytes,    7586600 total
- age   5:    9558248 bytes,   17144848 total
, 0.0243810 secs]
   [Parallel Time: 21.2 ms, GC Workers: 18]
      [GC Worker Start (ms): Min: 1609804.7, Avg: 1609804.7, Max: 1609804.8, Diff: 0.1]
      [Ext Root Scanning (ms): Min: 4.3, Avg: 4.9, Max: 5.4, Diff: 1.1, Sum: 87.7]
      [Update RS (ms): Min: 10.4, Avg: 11.1, Max: 12.3, Diff: 1.9, Sum: 199.8]
         [Processed Buffers: Min: 15, Avg: 41.3, Max: 64, Diff: 49, Sum: 743]
      [Scan RS (ms): Min: 0.0, Avg: 0.0, Max: 0.0, Diff: 0.0, Sum: 0.4]
      [Code Root Scanning (ms): Min: 0.0, Avg: 0.0, Max: 0.0, Diff: 0.0, Sum: 0.0]
      [Object Copy (ms): Min: 4.1, Avg: 5.0, Max: 5.4, Diff: 1.3, Sum: 89.3]
      [Termination (ms): Min: 0.0, Avg: 0.0, Max: 0.0, Diff: 0.0, Sum: 0.0]
      [GC Worker Other (ms): Min: 0.0, Avg: 0.0, Max: 0.0, Diff: 0.0, Sum: 0.6]
      [GC Worker Total (ms): Min: 20.9, Avg: 21.0, Max: 21.1, Diff: 0.1, Sum: 377.9]
      [GC Worker End (ms): Min: 1609825.7, Avg: 1609825.7, Max: 1609825.7, Diff: 0.0]
   [Code Root Fixup: 0.2 ms]
   [Code Root Migration: 0.0 ms]
   [Clear CT: 0.2 ms]
   [Other: 2.8 ms]
      [Choose CSet: 0.0 ms]
      [Ref Proc: 1.7 ms]
      [Ref Enq: 0.2 ms]
      [Free CSet: 0.1 ms]
   [Eden: 480.0M(480.0M)->0.0B(2320.0M) Survivors: 32.0M->32.0M Heap: 4980.3M(10.0G)->4500.0M(10.0G)]
 [Times: user=0.38 sys=0.00, real=0.02 secs] 
1609.829: Total time for which application threads were stopped: 0.0261540 seconds
1612.239: [GC pause (G1 Evacuation Pause) (young)
Desired survivor size 159383552 bytes, new threshold 15 (max 15)
- age   1:    1594264 bytes,    1594264 total
- age   2:     473776 bytes,    2068040 total
- age   3:    2448464 bytes,    4516504 total
- age   4:    1099232 bytes,    5615736 total
- age   5:    2778040 bytes,    8393776 total
- age   6:    9558104 bytes,   17951880 total
, 0.0165990 secs]
   [Parallel Time: 12.6 ms, GC Workers: 18]
      [GC Worker Start (ms): Min: 1612239.9, Avg: 1612240.0, Max: 1612240.0, Diff: 0.1]
      [Ext Root Scanning (ms): Min: 4.3, Avg: 4.9, Max: 5.4, Diff: 1.1, Sum: 88.5]
      [Update RS (ms): Min: 1.6, Avg: 2.2, Max: 2.9, Diff: 1.3, Sum: 40.0]
         [Processed Buffers: Min: 16, Avg: 31.4, Max: 73, Diff: 57, Sum: 566]
      [Scan RS (ms): Min: 0.0, Avg: 0.1, Max: 0.2, Diff: 0.2, Sum: 2.0]
      [Code Root Scanning (ms): Min: 0.0, Avg: 0.0, Max: 0.0, Diff: 0.0, Sum: 0.1]
      [Object Copy (ms): Min: 4.7, Avg: 5.2, Max: 5.4, Diff: 0.7, Sum: 92.9]
      [Termination (ms): Min: 0.0, Avg: 0.0, Max: 0.0, Diff: 0.0, Sum: 0.1]
      [GC Worker Other (ms): Min: 0.0, Avg: 0.0, Max: 0.1, Diff: 0.1, Sum: 0.8]
      [GC Worker Total (ms): Min: 12.4, Avg: 12.5, Max: 12.5, Diff: 0.1, Sum: 224.3]
      [GC Worker End (ms): Min: 1612252.4, Avg: 1612252.4, Max: 1612252.5, Diff: 0.0]
   [Code Root Fixup: 0.2 ms]
   [Code Root Migration: 0.0 ms]
   [Clear CT: 0.7 ms]
   [Other: 3.0 ms]
      [Choose CSet: 0.0 ms]
      [Ref Proc: 1.7 ms]
      [Ref Enq: 0.1 ms]
      [Free CSet: 0.4 ms]
   [Eden: 2320.0M(2320.0M)->0.0B(4624.0M) Survivors: 32.0M->32.0M Heap: 6820.0M(10.0G)->4505.2M(10.0G)]
 [Times: user=0.24 sys=0.01, real=0.02 secs] 
1612.256: Total time for which application threads were stopped: 0.0183870 seconds
1614.515: Total time for which application threads were stopped: 0.0013300 seconds
1614.517: Total time for which application threads were stopped: 0.0005100 seconds
1614.518: Total time for which application threads were stopped: 0.0004510 seconds
1614.518: Total time for which application threads were stopped: 0.0002930 seconds
1614.520: Total time for which application threads were stopped: 0.0004370 seconds
1614.525: Total time for which application threads were stopped: 0.0005710 seconds
1614.562: Total time for which application threads were stopped: 0.0011350 seconds
1616.624: [GC pause (G1 Evacuation Pause) (young)
Desired survivor size 310378496 bytes, new threshold 15 (max 15)
- age   1:    8115728 bytes,    8115728 total
- age   2:     365496 bytes,    8481224 total
- age   3:     322912 bytes,    8804136 total
- age   4:     271656 bytes,    9075792 total
- age   5:     932376 bytes,   10008168 total
- age   6:    2541048 bytes,   12549216 total
- age   7:    9449256 bytes,   21998472 total
, 0.0189440 secs]
   [Parallel Time: 13.8 ms, GC Workers: 18]
      [GC Worker Start (ms): Min: 1616625.0, Avg: 1616625.0, Max: 1616625.1, Diff: 0.1]
      [Ext Root Scanning (ms): Min: 4.0, Avg: 4.7, Max: 5.1, Diff: 1.2, Sum: 84.9]
      [Update RS (ms): Min: 2.0, Avg: 2.5, Max: 3.0, Diff: 1.0, Sum: 44.3]
         [Processed Buffers: Min: 13, Avg: 32.9, Max: 47, Diff: 34, Sum: 592]
      [Scan RS (ms): Min: 0.0, Avg: 0.2, Max: 0.3, Diff: 0.2, Sum: 3.8]
      [Code Root Scanning (ms): Min: 0.0, Avg: 0.0, Max: 0.0, Diff: 0.0, Sum: 0.1]
      [Object Copy (ms): Min: 5.6, Avg: 6.1, Max: 6.3, Diff: 0.8, Sum: 110.2]
      [Termination (ms): Min: 0.0, Avg: 0.1, Max: 0.1, Diff: 0.1, Sum: 1.0]
      [GC Worker Other (ms): Min: 0.0, Avg: 0.0, Max: 0.1, Diff: 0.1, Sum: 0.8]
      [GC Worker Total (ms): Min: 13.5, Avg: 13.6, Max: 13.7, Diff: 0.1, Sum: 245.2]
      [GC Worker End (ms): Min: 1616638.6, Avg: 1616638.7, Max: 1616638.7, Diff: 0.1]
   [Code Root Fixup: 0.3 ms]
   [Code Root Migration: 0.0 ms]
   [Clear CT: 1.4 ms]
   [Other: 3.5 ms]
      [Choose CSet: 0.0 ms]
      [Ref Proc: 1.7 ms]
      [Ref Enq: 0.1 ms]
      [Free CSet: 0.7 ms]
   [Eden: 4624.0M(4624.0M)->0.0B(4624.0M) Survivors: 32.0M->48.0M Heap: 9129.2M(10.0G)->4517.6M(10.0G)]
 [Times: user=0.27 sys=0.00, real=0.02 secs] 
1616.644: Total time for which application threads were stopped: 0.0207690 seconds
1620.816: [GC pause (G1 Evacuation Pause) (young)
Desired survivor size 310378496 bytes, new threshold 15 (max 15)
- age   1:   14509552 bytes,   14509552 total
- age   2:    3130472 bytes,   17640024 total
- age   3:     219712 bytes,   17859736 total
- age   4:     162760 bytes,   18022496 total
- age   5:     132376 bytes,   18154872 total
- age   6:     749288 bytes,   18904160 total
- age   7:    2495504 bytes,   21399664 total
- age   8:    9419888 bytes,   30819552 total
, 0.0244050 secs]
   [Parallel Time: 15.7 ms, GC Workers: 18]
      [GC Worker Start (ms): Min: 1620816.6, Avg: 1620816.6, Max: 1620816.7, Diff: 0.1]
      [Ext Root Scanning (ms): Min: 4.2, Avg: 4.8, Max: 5.2, Diff: 1.0, Sum: 86.2]
      [Update RS (ms): Min: 2.2, Avg: 3.0, Max: 10.3, Diff: 8.1, Sum: 53.6]
         [Processed Buffers: Min: 9, Avg: 35.8, Max: 60, Diff: 51, Sum: 645]
      [Scan RS (ms): Min: 0.0, Avg: 0.2, Max: 0.3, Diff: 0.2, Sum: 3.8]
      [Code Root Scanning (ms): Min: 0.0, Avg: 0.0, Max: 0.0, Diff: 0.0, Sum: 0.1]
      [Object Copy (ms): Min: 0.2, Avg: 5.3, Max: 8.0, Diff: 7.8, Sum: 94.9]
      [Termination (ms): Min: 0.0, Avg: 0.1, Max: 0.1, Diff: 0.1, Sum: 1.6]
      [GC Worker Other (ms): Min: 0.0, Avg: 2.2, Max: 7.7, Diff: 7.7, Sum: 38.8]
      [GC Worker Total (ms): Min: 15.4, Avg: 15.5, Max: 15.6, Diff: 0.2, Sum: 279.0]
      [GC Worker End (ms): Min: 1620832.1, Avg: 1620832.1, Max: 1620832.2, Diff: 0.1]
   [Code Root Fixup: 0.2 ms]
   [Code Root Migration: 0.0 ms]
   [Clear CT: 1.3 ms]
   [Other: 7.1 ms]
      [Choose CSet: 0.0 ms]
      [Ref Proc: 5.4 ms]
      [Ref Enq: 0.1 ms]
      [Free CSet: 0.7 ms]
   [Eden: 4624.0M(4624.0M)->0.0B(4592.0M) Survivors: 48.0M->64.0M Heap: 9141.6M(10.0G)->4533.4M(10.0G)]
 [Times: user=0.30 sys=0.00, real=0.02 secs] 
1620.841: Total time for which application threads were stopped: 0.0262090 seconds
1624.220: Total time for which application threads were stopped: 0.0013180 seconds
1625.174: [GC pause (G1 Evacuation Pause) (young)
Desired survivor size 310378496 bytes, new threshold 15 (max 15)
- age   1:   13685912 bytes,   13685912 total
- age   2:    7732472 bytes,   21418384 total
- age   3:    2885248 bytes,   24303632 total
- age   4:     122528 bytes,   24426160 total
- age   5:     123240 bytes,   24549400 total
- age   6:     106552 bytes,   24655952 total
- age   7:     537216 bytes,   25193168 total
- age   8:    1968920 bytes,   27162088 total
- age   9:    9322272 bytes,   36484360 total
, 0.0303380 secs]
   [Parallel Time: 25.0 ms, GC Workers: 18]
      [GC Worker Start (ms): Min: 1625174.3, Avg: 1625174.3, Max: 1625174.4, Diff: 0.1]
      [Ext Root Scanning (ms): Min: 5.6, Avg: 6.0, Max: 6.4, Diff: 0.8, Sum: 107.7]
      [Update RS (ms): Min: 2.3, Avg: 3.3, Max: 12.7, Diff: 10.4, Sum: 59.6]
         [Processed Buffers: Min: 3, Avg: 32.4, Max: 79, Diff: 76, Sum: 584]
      [Scan RS (ms): Min: 0.1, Avg: 0.2, Max: 0.3, Diff: 0.1, Sum: 4.1]
      [Code Root Scanning (ms): Min: 0.0, Avg: 0.0, Max: 0.0, Diff: 0.0, Sum: 0.1]
      [Object Copy (ms): Min: 1.7, Avg: 10.3, Max: 15.7, Diff: 14.0, Sum: 184.7]
      [Termination (ms): Min: 0.0, Avg: 3.9, Max: 4.1, Diff: 4.1, Sum: 70.4]
      [GC Worker Other (ms): Min: 0.0, Avg: 1.1, Max: 9.9, Diff: 9.9, Sum: 20.5]
      [GC Worker Total (ms): Min: 24.7, Avg: 24.8, Max: 24.9, Diff: 0.2, Sum: 447.0]
      [GC Worker End (ms): Min: 1625199.1, Avg: 1625199.2, Max: 1625199.2, Diff: 0.1]
   [Code Root Fixup: 0.2 ms]
   [Code Root Migration: 0.1 ms]
   [Clear CT: 1.4 ms]
   [Other: 3.7 ms]
      [Choose CSet: 0.0 ms]
      [Ref Proc: 1.9 ms]
      [Ref Enq: 0.1 ms]
      [Free CSet: 0.7 ms]
   [Eden: 4592.0M(4592.0M)->0.0B(4592.0M) Survivors: 64.0M->64.0M Heap: 9125.4M(10.0G)->4536.8M(10.0G)]
 [Times: user=0.40 sys=0.01, real=0.04 secs] 
1625.205: Total time for which application threads were stopped: 0.0321670 seconds
1629.655: [GC pause (G1 Evacuation Pause) (young)
Desired survivor size 310378496 bytes, new threshold 15 (max 15)
- age   1:   29007232 bytes,   29007232 total
- age   2:    7777392 bytes,   36784624 total
- age   3:    7378696 bytes,   44163320 total
- age   4:     722816 bytes,   44886136 total
- age   5:     109320 bytes,   44995456 total
- age   6:     111968 bytes,   45107424 total
- age   7:      97984 bytes,   45205408 total
- age   8:     533592 bytes,   45739000 total
- age   9:    1961736 bytes,   47700736 total
- age  10:    7252424 bytes,   54953160 total
, 0.0331000 secs]
   [Parallel Time: 27.4 ms, GC Workers: 18]
      [GC Worker Start (ms): Min: 1629655.6, Avg: 1629655.7, Max: 1629655.8, Diff: 0.2]
      [Ext Root Scanning (ms): Min: 3.9, Avg: 4.7, Max: 5.5, Diff: 1.6, Sum: 83.9]
      [Update RS (ms): Min: 2.0, Avg: 3.2, Max: 12.6, Diff: 10.6, Sum: 57.8]
         [Processed Buffers: Min: 8, Avg: 35.9, Max: 73, Diff: 65, Sum: 647]
      [Scan RS (ms): Min: 0.1, Avg: 0.2, Max: 0.2, Diff: 0.1, Sum: 4.0]
      [Code Root Scanning (ms): Min: 0.0, Avg: 0.0, Max: 0.0, Diff: 0.0, Sum: 0.1]
      [Object Copy (ms): Min: 9.5, Avg: 18.8, Max: 19.6, Diff: 10.1, Sum: 339.3]
      [Termination (ms): Min: 0.0, Avg: 0.1, Max: 0.2, Diff: 0.2, Sum: 2.6]
      [GC Worker Other (ms): Min: 0.0, Avg: 0.0, Max: 0.1, Diff: 0.1, Sum: 0.8]
      [GC Worker Total (ms): Min: 27.1, Avg: 27.1, Max: 27.2, Diff: 0.2, Sum: 488.6]
      [GC Worker End (ms): Min: 1629682.8, Avg: 1629682.8, Max: 1629682.9, Diff: 0.1]
   [Code Root Fixup: 0.3 ms]
   [Code Root Migration: 0.1 ms]
   [Clear CT: 1.6 ms]
   [Other: 3.8 ms]
      [Choose CSet: 0.0 ms]
      [Ref Proc: 2.0 ms]
      [Ref Enq: 0.1 ms]
      [Free CSet: 0.7 ms]
   [Eden: 4592.0M(4592.0M)->0.0B(4464.0M) Survivors: 64.0M->128.0M Heap: 9128.8M(10.0G)->4589.6M(10.0G)]
 [Times: user=0.48 sys=0.01, real=0.03 secs] 
1629.689: Total time for which application threads were stopped: 0.0349840 seconds
1631.690: Total time for which application threads were stopped: 0.0012520 seconds
1633.883: [GC pause (G1 Evacuation Pause) (young)
Desired survivor size 301989888 bytes, new threshold 15 (max 15)
- age   1:   35102032 bytes,   35102032 total
- age   2:   22948048 bytes,   58050080 total
- age   3:    6602264 bytes,   64652344 total
- age   4:    3062912 bytes,   67715256 total
- age   5:     704040 bytes,   68419296 total
- age   6:     106912 bytes,   68526208 total
- age   7:     107504 bytes,   68633712 total
- age   8:      93400 bytes,   68727112 total
- age   9:     527320 bytes,   69254432 total
- age  10:    1947240 bytes,   71201672 total
- age  11:    7245384 bytes,   78447056 total
, 0.0596240 secs]
   [Parallel Time: 54.4 ms, GC Workers: 18]
      [GC Worker Start (ms): Min: 1633883.7, Avg: 1633883.8, Max: 1633883.9, Diff: 0.2]
      [Ext Root Scanning (ms): Min: 4.6, Avg: 5.0, Max: 5.9, Diff: 1.4, Sum: 90.7]
      [Update RS (ms): Min: 1.9, Avg: 2.9, Max: 3.5, Diff: 1.6, Sum: 51.6]
         [Processed Buffers: Min: 12, Avg: 32.6, Max: 63, Diff: 51, Sum: 586]
      [Scan RS (ms): Min: 0.0, Avg: 0.2, Max: 0.3, Diff: 0.2, Sum: 3.9]
      [Code Root Scanning (ms): Min: 0.0, Avg: 0.0, Max: 0.0, Diff: 0.0, Sum: 0.1]
      [Object Copy (ms): Min: 45.5, Avg: 45.7, Max: 45.9, Diff: 0.5, Sum: 821.9]
      [Termination (ms): Min: 0.2, Avg: 0.3, Max: 0.5, Diff: 0.2, Sum: 5.8]
      [GC Worker Other (ms): Min: 0.0, Avg: 0.1, Max: 0.1, Diff: 0.1, Sum: 1.2]
      [GC Worker Total (ms): Min: 54.1, Avg: 54.2, Max: 54.3, Diff: 0.2, Sum: 975.3]
      [GC Worker End (ms): Min: 1633937.9, Avg: 1633938.0, Max: 1633938.0, Diff: 0.1]
   [Code Root Fixup: 0.3 ms]
   [Code Root Migration: 0.1 ms]
   [Clear CT: 1.5 ms]
   [Other: 3.4 ms]
      [Choose CSet: 0.0 ms]
      [Ref Proc: 1.6 ms]
      [Ref Enq: 0.1 ms]
      [Free CSet: 0.7 ms]
   [Eden: 4464.0M(4464.0M)->0.0B(4400.0M) Survivors: 128.0M->160.0M Heap: 9053.6M(10.0G)->4625.9M(10.0G)]
 [Times: user=0.98 sys=0.01, real=0.06 secs] 
1633.943: Total time for which application threads were stopped: 0.0614320 seconds
1634.423: Total time for which application threads were stopped: 0.0013400 seconds
1638.347: [GC pause (G1 Evacuation Pause) (young)
Desired survivor size 301989888 bytes, new threshold 15 (max 15)
- age   1:   47794008 bytes,   47794008 total
- age   2:   29300096 bytes,   77094104 total
- age   3:   22573896 bytes,   99668000 total
- age   4:    2275584 bytes,  101943584 total
- age   5:    2993528 bytes,  104937112 total
- age   6:     678208 bytes,  105615320 total
- age   7:     103728 bytes,  105719048 total
- age   8:     103688 bytes,  105822736 total
- age   9:      89936 bytes,  105912672 total
- age  10:     524696 bytes,  106437368 total
- age  11:    1947208 bytes,  108384576 total
- age  12:    7244288 bytes,  115628864 total
, 0.0798320 secs]
   [Parallel Time: 74.3 ms, GC Workers: 18]
      [GC Worker Start (ms): Min: 1638347.1, Avg: 1638347.2, Max: 1638347.3, Diff: 0.1]
      [Ext Root Scanning (ms): Min: 4.6, Avg: 5.0, Max: 5.6, Diff: 1.0, Sum: 89.5]
      [Update RS (ms): Min: 2.1, Avg: 2.7, Max: 3.2, Diff: 1.1, Sum: 48.8]
         [Processed Buffers: Min: 10, Avg: 35.6, Max: 74, Diff: 64, Sum: 640]
      [Scan RS (ms): Min: 0.0, Avg: 0.2, Max: 0.3, Diff: 0.2, Sum: 3.9]
      [Code Root Scanning (ms): Min: 0.0, Avg: 0.0, Max: 0.0, Diff: 0.0, Sum: 0.1]
      [Object Copy (ms): Min: 65.7, Avg: 65.8, Max: 66.1, Diff: 0.4, Sum: 1184.9]
      [Termination (ms): Min: 0.3, Avg: 0.3, Max: 0.5, Diff: 0.2, Sum: 6.1]
      [GC Worker Other (ms): Min: 0.0, Avg: 0.1, Max: 0.1, Diff: 0.1, Sum: 1.0]
      [GC Worker Total (ms): Min: 74.1, Avg: 74.1, Max: 74.2, Diff: 0.2, Sum: 1334.3]
      [GC Worker End (ms): Min: 1638421.3, Avg: 1638421.3, Max: 1638421.4, Diff: 0.1]
   [Code Root Fixup: 0.3 ms]
   [Code Root Migration: 0.1 ms]
   [Clear CT: 1.8 ms]
   [Other: 3.4 ms]
      [Choose CSet: 0.0 ms]
      [Ref Proc: 1.6 ms]
      [Ref Enq: 0.1 ms]
      [Free CSet: 0.7 ms]
   [Eden: 4400.0M(4400.0M)->0.0B(4176.0M) Survivors: 160.0M->272.0M Heap: 9025.9M(10.0G)->4741.6M(10.0G)]
 [Times: user=1.35 sys=0.01, real=0.08 secs] 
1638.427: Total time for which application threads were stopped: 0.0816440 seconds
1642.727: [GC pause (G1 Evacuation Pause) (young)
Desired survivor size 293601280 bytes, new threshold 15 (max 15)
- age   1:   52264040 bytes,   52264040 total
- age   2:   39377856 bytes,   91641896 total
- age   3:   28303088 bytes,  119944984 total
- age   4:   20313648 bytes,  140258632 total
- age   5:    2178800 bytes,  142437432 total
- age   6:    2926080 bytes,  145363512 total
- age   7:     668720 bytes,  146032232 total
- age   8:     101496 bytes,  146133728 total
- age   9:     103128 bytes,  146236856 total
- age  10:      89552 bytes,  146326408 total
- age  11:     521424 bytes,  146847832 total
- age  12:    1946768 bytes,  148794600 total
- age  13:    7244032 bytes,  156038632 total
, 0.1057190 secs]
   [Parallel Time: 100.6 ms, GC Workers: 18]
      [GC Worker Start (ms): Min: 1642727.8, Avg: 1642727.8, Max: 1642727.9, Diff: 0.2]
      [Ext Root Scanning (ms): Min: 4.1, Avg: 4.7, Max: 5.3, Diff: 1.2, Sum: 85.0]
      [Update RS (ms): Min: 2.2, Avg: 2.7, Max: 3.8, Diff: 1.7, Sum: 48.9]
         [Processed Buffers: Min: 9, Avg: 32.6, Max: 55, Diff: 46, Sum: 587]
      [Scan RS (ms): Min: 0.0, Avg: 0.2, Max: 0.3, Diff: 0.2, Sum: 3.2]
      [Code Root Scanning (ms): Min: 0.0, Avg: 0.0, Max: 0.0, Diff: 0.0, Sum: 0.1]
      [Object Copy (ms): Min: 90.6, Avg: 91.4, Max: 91.9, Diff: 1.3, Sum: 1644.7]
      [Termination (ms): Min: 0.7, Avg: 1.3, Max: 1.5, Diff: 0.8, Sum: 24.2]
      [GC Worker Other (ms): Min: 0.0, Avg: 0.1, Max: 0.1, Diff: 0.1, Sum: 1.2]
      [GC Worker Total (ms): Min: 100.3, Avg: 100.4, Max: 100.5, Diff: 0.2, Sum: 1807.3]
      [GC Worker End (ms): Min: 1642828.2, Avg: 1642828.2, Max: 1642828.3, Diff: 0.1]
   [Code Root Fixup: 0.3 ms]
   [Code Root Migration: 0.1 ms]
   [Clear CT: 1.5 ms]
   [Other: 3.3 ms]
      [Choose CSet: 0.0 ms]
      [Ref Proc: 1.5 ms]
      [Ref Enq: 0.1 ms]
      [Free CSet: 0.6 ms]
   [Eden: 4176.0M(4176.0M)->0.0B(4048.0M) Survivors: 272.0M->336.0M Heap: 8917.6M(10.0G)->4803.1M(10.0G)]
 [Times: user=1.83 sys=0.01, real=0.10 secs] 
1642.833: Total time for which application threads were stopped: 0.1075220 seconds
1644.957: Total time for which application threads were stopped: 0.0013150 seconds
1644.957: Total time for which application threads were stopped: 0.0003490 seconds
1644.958: Total time for which application threads were stopped: 0.0004200 seconds
1644.968: Total time for which application threads were stopped: 0.0008610 seconds
1645.002: Total time for which application threads were stopped: 0.0011320 seconds
1646.868: [GC pause (G1 Evacuation Pause) (young)
Desired survivor size 293601280 bytes, new threshold 15 (max 15)
- age   1:   52352728 bytes,   52352728 total
- age   2:   42226328 bytes,   94579056 total
- age   3:   39031960 bytes,  133611016 total
- age   4:   26088328 bytes,  159699344 total
- age   5:   18176440 bytes,  177875784 total
- age   6:    2130912 bytes,  180006696 total
- age   7:    2904736 bytes,  182911432 total
- age   8:     662704 bytes,  183574136 total
- age   9:      92888 bytes,  183667024 total
- age  10:     103128 bytes,  183770152 total
- age  11:      89120 bytes,  183859272 total
- age  12:     520192 bytes,  184379464 total
- age  13:    1946664 bytes,  186326128 total
- age  14:    7243096 bytes,  193569224 total
, 0.1129270 secs]
   [Parallel Time: 107.7 ms, GC Workers: 18]
      [GC Worker Start (ms): Min: 1646868.9, Avg: 1646869.0, Max: 1646869.0, Diff: 0.2]
      [Ext Root Scanning (ms): Min: 4.0, Avg: 4.6, Max: 5.1, Diff: 1.1, Sum: 83.7]
      [Update RS (ms): Min: 2.2, Avg: 2.8, Max: 3.2, Diff: 1.0, Sum: 49.7]
         [Processed Buffers: Min: 11, Avg: 33.5, Max: 48, Diff: 37, Sum: 603]
      [Scan RS (ms): Min: 0.0, Avg: 0.2, Max: 0.2, Diff: 0.2, Sum: 3.1]
      [Code Root Scanning (ms): Min: 0.0, Avg: 0.0, Max: 0.0, Diff: 0.0, Sum: 0.1]
      [Object Copy (ms): Min: 98.6, Avg: 98.9, Max: 99.9, Diff: 1.3, Sum: 1780.2]
      [Termination (ms): Min: 0.2, Avg: 0.9, Max: 1.1, Diff: 0.9, Sum: 17.1]
      [GC Worker Other (ms): Min: 0.0, Avg: 0.1, Max: 0.1, Diff: 0.1, Sum: 1.4]
      [GC Worker Total (ms): Min: 107.4, Avg: 107.5, Max: 107.6, Diff: 0.2, Sum: 1935.3]
      [GC Worker End (ms): Min: 1646976.4, Avg: 1646976.5, Max: 1646976.5, Diff: 0.1]
   [Code Root Fixup: 0.3 ms]
   [Code Root Migration: 0.1 ms]
   [Clear CT: 1.5 ms]
   [Other: 3.4 ms]
      [Choose CSet: 0.0 ms]
      [Ref Proc: 1.6 ms]
      [Ref Enq: 0.1 ms]
      [Free CSet: 0.6 ms]
   [Eden: 4048.0M(4048.0M)->0.0B(4048.0M) Survivors: 336.0M->336.0M Heap: 8851.1M(10.0G)->4811.9M(10.0G)]
 [Times: user=1.95 sys=0.01, real=0.11 secs] 
1646.982: Total time for which application threads were stopped: 0.1147520 seconds
1651.411: [GC pause (G1 Evacuation Pause) (young)
Desired survivor size 293601280 bytes, new threshold 15 (max 15)
- age   1:   42294104 bytes,   42294104 total
- age   2:   46750616 bytes,   89044720 total
- age   3:   41907352 bytes,  130952072 total
- age   4:   36839600 bytes,  167791672 total
- age   5:   23958552 bytes,  191750224 total
- age   6:   18147632 bytes,  209897856 total
- age   7:    2097888 bytes,  211995744 total
- age   8:    2603056 bytes,  214598800 total
- age   9:     660328 bytes,  215259128 total
- age  10:      92840 bytes,  215351968 total
- age  11:     102216 bytes,  215454184 total
- age  12:      89096 bytes,  215543280 total
- age  13:     519440 bytes,  216062720 total
- age  14:    1945992 bytes,  218008712 total
- age  15:    7242008 bytes,  225250720 total
, 0.1034310 secs]
   [Parallel Time: 98.1 ms, GC Workers: 18]
      [GC Worker Start (ms): Min: 1651411.9, Avg: 1651412.0, Max: 1651412.1, Diff: 0.2]
      [Ext Root Scanning (ms): Min: 4.4, Avg: 5.0, Max: 5.5, Diff: 1.0, Sum: 90.0]
      [Update RS (ms): Min: 18.0, Avg: 18.6, Max: 19.4, Diff: 1.4, Sum: 334.6]
         [Processed Buffers: Min: 5, Avg: 40.8, Max: 69, Diff: 64, Sum: 735]
      [Scan RS (ms): Min: 0.0, Avg: 0.2, Max: 0.3, Diff: 0.3, Sum: 3.9]
      [Code Root Scanning (ms): Min: 0.0, Avg: 0.0, Max: 0.0, Diff: 0.0, Sum: 0.1]
      [Object Copy (ms): Min: 73.1, Avg: 73.9, Max: 74.2, Diff: 1.1, Sum: 1331.1]
      [Termination (ms): Min: 0.0, Avg: 0.1, Max: 0.1, Diff: 0.1, Sum: 1.7]
      [GC Worker Other (ms): Min: 0.0, Avg: 0.1, Max: 0.1, Diff: 0.1, Sum: 1.0]
      [GC Worker Total (ms): Min: 97.8, Avg: 97.9, Max: 98.0, Diff: 0.2, Sum: 1762.3]
      [GC Worker End (ms): Min: 1651509.9, Avg: 1651509.9, Max: 1651510.0, Diff: 0.1]
   [Code Root Fixup: 0.3 ms]
   [Code Root Migration: 0.1 ms]
   [Clear CT: 1.5 ms]
   [Other: 3.6 ms]
      [Choose CSet: 0.0 ms]
      [Ref Proc: 1.6 ms]
      [Ref Enq: 0.1 ms]
      [Free CSet: 0.6 ms]
   [Eden: 4048.0M(4048.0M)->0.0B(3856.0M) Survivors: 336.0M->416.0M Heap: 8870.4M(10.0G)->4901.4M(10.0G)]
 [Times: user=1.78 sys=0.02, real=0.10 secs] 
1651.515: Total time for which application threads were stopped: 0.1052640 seconds
1655.071: Total time for which application threads were stopped: 0.0013870 seconds
1655.725: [GC pause (G1 Evacuation Pause) (young)
Desired survivor size 285212672 bytes, new threshold 15 (max 15)
- age   1:   48464112 bytes,   48464112 total
- age   2:   37091472 bytes,   85555584 total
- age   3:   38762568 bytes,  124318152 total
- age   4:   39064872 bytes,  163383024 total
- age   5:   34724032 bytes,  198107056 total
- age   6:   23910352 bytes,  222017408 total
- age   7:   18125600 bytes,  240143008 total
- age   8:    2087240 bytes,  242230248 total
- age   9:    2593496 bytes,  244823744 total
- age  10:     657736 bytes,  245481480 total
- age  11:      92816 bytes,  245574296 total
- age  12:     101744 bytes,  245676040 total
- age  13:      89096 bytes,  245765136 total
- age  14:     516280 bytes,  246281416 total
- age  15:    1945696 bytes,  248227112 total
, 0.1883540 secs]
   [Parallel Time: 183.2 ms, GC Workers: 18]
      [GC Worker Start (ms): Min: 1655726.0, Avg: 1655726.1, Max: 1655726.2, Diff: 0.1]
      [Ext Root Scanning (ms): Min: 4.4, Avg: 4.9, Max: 5.3, Diff: 0.9, Sum: 88.2]
      [Update RS (ms): Min: 18.6, Avg: 19.2, Max: 19.7, Diff: 1.1, Sum: 346.2]
         [Processed Buffers: Min: 8, Avg: 39.2, Max: 119, Diff: 111, Sum: 706]
      [Scan RS (ms): Min: 0.0, Avg: 0.2, Max: 0.3, Diff: 0.3, Sum: 3.5]
      [Code Root Scanning (ms): Min: 0.0, Avg: 0.0, Max: 0.0, Diff: 0.0, Sum: 0.1]
      [Object Copy (ms): Min: 158.0, Avg: 158.2, Max: 158.6, Diff: 0.6, Sum: 2848.1]
      [Termination (ms): Min: 0.0, Avg: 0.3, Max: 0.4, Diff: 0.4, Sum: 6.3]
      [GC Worker Other (ms): Min: 0.0, Avg: 0.1, Max: 0.1, Diff: 0.1, Sum: 1.1]
      [GC Worker Total (ms): Min: 182.9, Avg: 183.0, Max: 183.1, Diff: 0.2, Sum: 3293.4]
      [GC Worker End (ms): Min: 1655909.0, Avg: 1655909.0, Max: 1655909.1, Diff: 0.1]
   [Code Root Fixup: 0.2 ms]
   [Code Root Migration: 0.1 ms]
   [Clear CT: 1.3 ms]
   [Other: 3.6 ms]
      [Choose CSet: 0.0 ms]
      [Ref Proc: 1.7 ms]
      [Ref Enq: 0.1 ms]
      [Free CSet: 0.6 ms]
   [Eden: 3856.0M(3856.0M)->0.0B(880.0M) Survivors: 416.0M->400.0M Heap: 8757.4M(10.0G)->4897.7M(10.0G)]
 [Times: user=3.30 sys=0.02, real=0.19 secs] 
1655.914: Total time for which application threads were stopped: 0.1901490 seconds
1656.724: [GC pause (G1 Evacuation Pause) (young)
Desired survivor size 83886080 bytes, new threshold 2 (max 15)
- age   1:   45057160 bytes,   45057160 total
- age   2:   44069256 bytes,   89126416 total
- age   3:   36815528 bytes,  125941944 total
- age   4:   36511712 bytes,  162453656 total
- age   5:   38993872 bytes,  201447528 total
- age   6:   34709072 bytes,  236156600 total
- age   7:   23893520 bytes,  260050120 total
- age   8:   17794728 bytes,  277844848 total
- age   9:    2078416 bytes,  279923264 total
- age  10:    2586200 bytes,  282509464 total
- age  11:     654424 bytes,  283163888 total
- age  12:      92712 bytes,  283256600 total
- age  13:     101744 bytes,  283358344 total
- age  14:      89096 bytes,  283447440 total
- age  15:     515904 bytes,  283963344 total
, 0.1949400 secs]
   [Parallel Time: 189.5 ms, GC Workers: 18]
      [GC Worker Start (ms): Min: 1656724.8, Avg: 1656724.9, Max: 1656725.0, Diff: 0.1]
      [Ext Root Scanning (ms): Min: 4.2, Avg: 4.9, Max: 5.7, Diff: 1.5, Sum: 88.8]
      [Update RS (ms): Min: 17.0, Avg: 18.2, Max: 20.3, Diff: 3.3, Sum: 328.2]
         [Processed Buffers: Min: 6, Avg: 37.2, Max: 84, Diff: 78, Sum: 670]
      [Scan RS (ms): Min: 0.0, Avg: 0.0, Max: 0.1, Diff: 0.1, Sum: 0.8]
      [Code Root Scanning (ms): Min: 0.0, Avg: 0.0, Max: 0.0, Diff: 0.0, Sum: 0.0]
      [Object Copy (ms): Min: 163.7, Avg: 165.7, Max: 166.3, Diff: 2.6, Sum: 2983.3]
      [Termination (ms): Min: 0.0, Avg: 0.3, Max: 0.4, Diff: 0.4, Sum: 5.9]
      [GC Worker Other (ms): Min: 0.0, Avg: 0.0, Max: 0.1, Diff: 0.1, Sum: 0.9]
      [GC Worker Total (ms): Min: 189.3, Avg: 189.3, Max: 189.4, Diff: 0.2, Sum: 3408.0]
      [GC Worker End (ms): Min: 1656914.2, Avg: 1656914.2, Max: 1656914.3, Diff: 0.1]
   [Code Root Fixup: 0.3 ms]
   [Code Root Migration: 0.0 ms]
   [Clear CT: 0.5 ms]
   [Other: 4.7 ms]
      [Choose CSet: 0.0 ms]
      [Ref Proc: 1.5 ms]
      [Ref Enq: 0.1 ms]
      [Free CSet: 0.3 ms]
   [Eden: 880.0M(880.0M)->0.0B(2144.0M) Survivors: 400.0M->160.0M Heap: 5777.7M(10.0G)->4877.3M(10.0G)]
 [Times: user=3.42 sys=0.01, real=0.20 secs] 
1656.920: Total time for which application threads were stopped: 0.1967010 seconds
1659.504: Total time for which application threads were stopped: 0.0013300 seconds
1659.505: [GC pause (GCLocker Initiated GC) (young) (initial-mark)
Desired survivor size 150994944 bytes, new threshold 15 (max 15)
- age   1:   15570672 bytes,   15570672 total
- age   2:   41284256 bytes,   56854928 total
, 0.0917550 secs]
   [Parallel Time: 86.9 ms, GC Workers: 18]
      [GC Worker Start (ms): Min: 1659505.7, Avg: 1659505.8, Max: 1659505.9, Diff: 0.1]
      [Ext Root Scanning (ms): Min: 3.8, Avg: 4.7, Max: 5.3, Diff: 1.5, Sum: 85.1]
      [Code Root Marking (ms): Min: 0.3, Avg: 0.9, Max: 5.2, Diff: 4.9, Sum: 16.9]
      [Update RS (ms): Min: 13.6, Avg: 17.2, Max: 17.8, Diff: 4.3, Sum: 309.3]
         [Processed Buffers: Min: 25, Avg: 62.7, Max: 108, Diff: 83, Sum: 1128]
      [Scan RS (ms): Min: 0.3, Avg: 1.0, Max: 1.3, Diff: 1.0, Sum: 18.6]
      [Code Root Scanning (ms): Min: 0.0, Avg: 0.0, Max: 0.0, Diff: 0.0, Sum: 0.1]
      [Object Copy (ms): Min: 61.9, Avg: 62.5, Max: 62.9, Diff: 1.0, Sum: 1124.3]
      [Termination (ms): Min: 0.0, Avg: 0.3, Max: 0.4, Diff: 0.4, Sum: 5.6]
      [GC Worker Other (ms): Min: 0.0, Avg: 0.1, Max: 0.1, Diff: 0.1, Sum: 1.1]
      [GC Worker Total (ms): Min: 86.6, Avg: 86.7, Max: 86.8, Diff: 0.1, Sum: 1560.9]
      [GC Worker End (ms): Min: 1659592.5, Avg: 1659592.5, Max: 1659592.6, Diff: 0.1]
   [Code Root Fixup: 0.3 ms]
   [Code Root Migration: 0.0 ms]
   [Clear CT: 1.2 ms]
   [Other: 3.4 ms]
      [Choose CSet: 0.0 ms]
      [Ref Proc: 1.6 ms]
      [Ref Enq: 0.1 ms]
      [Free CSet: 0.5 ms]
   [Eden: 2160.0M(2144.0M)->0.0B(1104.0M) Survivors: 160.0M->144.0M Heap: 7021.5M(10.0G)->4857.3M(10.0G)]
 [Times: user=1.57 sys=0.01, real=0.09 secs] 
1659.597: [GC concurrent-root-region-scan-start]
1659.597: Total time for which application threads were stopped: 0.0927780 seconds
1659.643: [GC concurrent-root-region-scan-end, 0.0455640 secs]
1659.643: [GC concurrent-mark-start]
1660.750: [GC concurrent-mark-end, 1.1069700 secs]
1660.751: [GC remark 1660.752: [GC ref-proc, 0.0035480 secs], 0.0111920 secs]
 [Times: user=0.14 sys=0.01, real=0.01 secs] 
1660.763: Total time for which application threads were stopped: 0.0130430 seconds
1660.763: [GC cleanup 5935M->5935M(10G), 0.0081280 secs]
 [Times: user=0.13 sys=0.00, real=0.01 secs] 
1660.772: Total time for which application threads were stopped: 0.0090680 seconds
1660.814: [GC pause (G1 Evacuation Pause) (young)
Desired survivor size 83886080 bytes, new threshold 3 (max 15)
- age   1:   33097048 bytes,   33097048 total
- age   2:   13480024 bytes,   46577072 total
- age   3:   40108776 bytes,   86685848 total
, 0.0752770 secs]
   [Parallel Time: 71.2 ms, GC Workers: 18]
      [GC Worker Start (ms): Min: 1660814.6, Avg: 1660814.7, Max: 1660814.8, Diff: 0.1]
      [Ext Root Scanning (ms): Min: 4.9, Avg: 5.8, Max: 6.1, Diff: 1.2, Sum: 105.0]
      [Update RS (ms): Min: 21.3, Avg: 21.9, Max: 23.1, Diff: 1.8, Sum: 394.7]
         [Processed Buffers: Min: 8, Avg: 40.6, Max: 74, Diff: 66, Sum: 731]
      [Scan RS (ms): Min: 0.0, Avg: 0.1, Max: 0.1, Diff: 0.1, Sum: 0.9]
      [Code Root Scanning (ms): Min: 0.0, Avg: 0.0, Max: 0.0, Diff: 0.0, Sum: 0.0]
      [Object Copy (ms): Min: 42.8, Avg: 43.2, Max: 43.6, Diff: 0.8, Sum: 776.7]
      [Termination (ms): Min: 0.0, Avg: 0.0, Max: 0.0, Diff: 0.0, Sum: 0.3]
      [GC Worker Other (ms): Min: 0.0, Avg: 0.1, Max: 0.1, Diff: 0.1, Sum: 0.9]
      [GC Worker Total (ms): Min: 71.0, Avg: 71.0, Max: 71.1, Diff: 0.1, Sum: 1278.6]
      [GC Worker End (ms): Min: 1660885.7, Avg: 1660885.7, Max: 1660885.7, Diff: 0.0]
   [Code Root Fixup: 0.2 ms]
   [Code Root Migration: 0.0 ms]
   [Clear CT: 0.4 ms]
   [Other: 3.4 ms]
      [Choose CSet: 0.0 ms]
      [Ref Proc: 1.7 ms]
      [Ref Enq: 0.1 ms]
      [Free CSet: 0.3 ms]
   [Eden: 1104.0M(1104.0M)->0.0B(384.0M) Survivors: 144.0M->128.0M Heap: 5977.0M(10.0G)->4923.5M(10.0G)]
 [Times: user=1.25 sys=0.02, real=0.08 secs] 
1660.890: Total time for which application threads were stopped: 0.0771820 seconds
1661.134: [GC pause (G1 Evacuation Pause) (mixed)
Desired survivor size 33554432 bytes, new threshold 2 (max 15)
- age   1:   16447272 bytes,   16447272 total
- age   2:   30996056 bytes,   47443328 total
- age   3:   12676928 bytes,   60120256 total
, 0.0704610 secs]
   [Parallel Time: 65.4 ms, GC Workers: 18]
      [GC Worker Start (ms): Min: 1661134.3, Avg: 1661134.4, Max: 1661134.5, Diff: 0.2]
      [Ext Root Scanning (ms): Min: 4.3, Avg: 5.0, Max: 5.8, Diff: 1.4, Sum: 90.8]
      [Update RS (ms): Min: 14.3, Avg: 15.1, Max: 17.5, Diff: 3.2, Sum: 272.7]
         [Processed Buffers: Min: 14, Avg: 48.1, Max: 108, Diff: 94, Sum: 866]
      [Scan RS (ms): Min: 0.0, Avg: 2.5, Max: 3.0, Diff: 3.0, Sum: 44.3]
      [Code Root Scanning (ms): Min: 0.0, Avg: 0.0, Max: 0.0, Diff: 0.0, Sum: 0.0]
      [Object Copy (ms): Min: 42.3, Avg: 42.5, Max: 42.7, Diff: 0.4, Sum: 764.8]
      [Termination (ms): Min: 0.0, Avg: 0.0, Max: 0.1, Diff: 0.1, Sum: 0.7]
      [GC Worker Other (ms): Min: 0.0, Avg: 0.0, Max: 0.1, Diff: 0.0, Sum: 0.7]
      [GC Worker Total (ms): Min: 65.1, Avg: 65.2, Max: 65.3, Diff: 0.2, Sum: 1173.9]
      [GC Worker End (ms): Min: 1661199.6, Avg: 1661199.6, Max: 1661199.7, Diff: 0.0]
   [Code Root Fixup: 0.2 ms]
   [Code Root Migration: 0.0 ms]
   [Clear CT: 1.0 ms]
   [Other: 3.8 ms]
      [Choose CSet: 0.1 ms]
      [Ref Proc: 1.6 ms]
      [Ref Enq: 0.1 ms]
      [Free CSet: 0.4 ms]
   [Eden: 384.0M(384.0M)->0.0B(448.0M) Survivors: 128.0M->64.0M Heap: 5307.5M(10.0G)->4682.4M(10.0G)]
 [Times: user=1.18 sys=0.01, real=0.07 secs] 
1661.205: Total time for which application threads were stopped: 0.0720240 seconds
1661.527: [GC pause (G1 Evacuation Pause) (mixed)
Desired survivor size 33554432 bytes, new threshold 15 (max 15)
- age   1:    5338064 bytes,    5338064 total
- age   2:   15675592 bytes,   21013656 total
, 0.0574810 secs]
   [Parallel Time: 52.7 ms, GC Workers: 18]
      [GC Worker Start (ms): Min: 1661527.1, Avg: 1661527.2, Max: 1661527.3, Diff: 0.2]
      [Ext Root Scanning (ms): Min: 0.9, Avg: 4.5, Max: 5.3, Diff: 4.4, Sum: 81.3]
      [Update RS (ms): Min: 10.7, Avg: 11.5, Max: 12.4, Diff: 1.8, Sum: 206.8]
         [Processed Buffers: Min: 25, Avg: 49.4, Max: 84, Diff: 59, Sum: 890]
      [Scan RS (ms): Min: 1.7, Avg: 2.2, Max: 2.6, Diff: 0.9, Sum: 40.4]
      [Code Root Scanning (ms): Min: 0.0, Avg: 0.0, Max: 0.1, Diff: 0.1, Sum: 0.2]
      [Object Copy (ms): Min: 33.7, Avg: 34.1, Max: 37.5, Diff: 3.7, Sum: 614.3]
      [Termination (ms): Min: 0.0, Avg: 0.1, Max: 0.1, Diff: 0.1, Sum: 1.8]
      [GC Worker Other (ms): Min: 0.0, Avg: 0.0, Max: 0.1, Diff: 0.1, Sum: 0.7]
      [GC Worker Total (ms): Min: 52.4, Avg: 52.5, Max: 52.6, Diff: 0.2, Sum: 945.4]
      [GC Worker End (ms): Min: 1661579.7, Avg: 1661579.7, Max: 1661579.8, Diff: 0.0]
   [Code Root Fixup: 0.3 ms]
   [Code Root Migration: 0.3 ms]
   [Clear CT: 1.0 ms]
   [Other: 3.2 ms]
      [Choose CSet: 0.0 ms]
      [Ref Proc: 1.7 ms]
      [Ref Enq: 0.1 ms]
      [Free CSet: 0.2 ms]
   [Eden: 448.0M(448.0M)->0.0B(4384.0M) Survivors: 64.0M->32.0M Heap: 5130.4M(10.0G)->4704.2M(10.0G)]
 [Times: user=0.95 sys=0.01, real=0.06 secs] 
1661.584: Total time for which application threads were stopped: 0.0592500 seconds
1664.442: Total time for which application threads were stopped: 0.0013500 seconds
1666.354: [GC pause (G1 Evacuation Pause) (young)
Desired survivor size 293601280 bytes, new threshold 15 (max 15)
- age   1:    4798760 bytes,    4798760 total
- age   2:    3412288 bytes,    8211048 total
- age   3:   15574216 bytes,   23785264 total
, 0.0658780 secs]
   [Parallel Time: 60.9 ms, GC Workers: 18]
      [GC Worker Start (ms): Min: 1666354.9, Avg: 1666354.9, Max: 1666355.0, Diff: 0.1]
      [Ext Root Scanning (ms): Min: 4.2, Avg: 4.9, Max: 5.5, Diff: 1.2, Sum: 88.7]
      [Update RS (ms): Min: 12.3, Avg: 13.0, Max: 14.5, Diff: 2.2, Sum: 233.7]
         [Processed Buffers: Min: 16, Avg: 40.6, Max: 87, Diff: 71, Sum: 731]
      [Scan RS (ms): Min: 0.0, Avg: 0.2, Max: 0.3, Diff: 0.2, Sum: 3.9]
      [Code Root Scanning (ms): Min: 0.0, Avg: 0.0, Max: 0.0, Diff: 0.0, Sum: 0.1]
      [Object Copy (ms): Min: 41.0, Avg: 42.5, Max: 42.8, Diff: 1.8, Sum: 764.8]
      [Termination (ms): Min: 0.0, Avg: 0.0, Max: 0.0, Diff: 0.0, Sum: 0.4]
      [GC Worker Other (ms): Min: 0.0, Avg: 0.1, Max: 0.1, Diff: 0.1, Sum: 1.1]
      [GC Worker Total (ms): Min: 60.6, Avg: 60.7, Max: 60.8, Diff: 0.2, Sum: 1092.8]
      [GC Worker End (ms): Min: 1666415.6, Avg: 1666415.7, Max: 1666415.7, Diff: 0.1]
   [Code Root Fixup: 0.2 ms]
   [Code Root Migration: 0.1 ms]
   [Clear CT: 1.4 ms]
   [Other: 3.3 ms]
      [Choose CSet: 0.0 ms]
      [Ref Proc: 1.6 ms]
      [Ref Enq: 0.1 ms]
      [Free CSet: 0.7 ms]
   [Eden: 4384.0M(4384.0M)->0.0B(4320.0M) Survivors: 32.0M->96.0M Heap: 9088.2M(10.0G)->4766.4M(10.0G)]
 [Times: user=1.11 sys=0.01, real=0.07 secs] 
1666.421: Total time for which application threads were stopped: 0.0676810 seconds
1669.422: Total time for which application threads were stopped: 0.0013630 seconds
1670.884: [GC pause (G1 Evacuation Pause) (young) (initial-mark)
Desired survivor size 293601280 bytes, new threshold 15 (max 15)
- age   1:   59239984 bytes,   59239984 total
- age   2:    3608504 bytes,   62848488 total
- age   3:    3299304 bytes,   66147792 total
- age   4:   14951736 bytes,   81099528 total
, 0.0763250 secs]
   [Parallel Time: 71.1 ms, GC Workers: 18]
      [GC Worker Start (ms): Min: 1670884.4, Avg: 1670884.5, Max: 1670884.5, Diff: 0.1]
      [Ext Root Scanning (ms): Min: 4.0, Avg: 4.5, Max: 4.9, Diff: 0.9, Sum: 81.2]
      [Code Root Marking (ms): Min: 0.3, Avg: 1.2, Max: 8.0, Diff: 7.8, Sum: 21.3]
      [Update RS (ms): Min: 2.5, Avg: 9.9, Max: 12.4, Diff: 9.9, Sum: 178.0]
         [Processed Buffers: Min: 13, Avg: 37.1, Max: 67, Diff: 54, Sum: 668]
      [Scan RS (ms): Min: 0.0, Avg: 0.2, Max: 0.3, Diff: 0.3, Sum: 4.2]
      [Code Root Scanning (ms): Min: 0.0, Avg: 0.0, Max: 0.0, Diff: 0.0, Sum: 0.1]
      [Object Copy (ms): Min: 53.3, Avg: 55.0, Max: 55.3, Diff: 2.0, Sum: 990.1]
      [Termination (ms): Min: 0.0, Avg: 0.0, Max: 0.0, Diff: 0.0, Sum: 0.3]
      [GC Worker Other (ms): Min: 0.0, Avg: 0.1, Max: 0.1, Diff: 0.1, Sum: 1.2]
      [GC Worker Total (ms): Min: 70.8, Avg: 70.9, Max: 71.0, Diff: 0.2, Sum: 1276.3]
      [GC Worker End (ms): Min: 1670955.3, Avg: 1670955.4, Max: 1670955.4, Diff: 0.1]
   [Code Root Fixup: 0.3 ms]
   [Code Root Migration: 0.0 ms]
   [Clear CT: 1.3 ms]
   [Other: 3.6 ms]
      [Choose CSet: 0.0 ms]
      [Ref Proc: 1.5 ms]
      [Ref Enq: 0.1 ms]
      [Free CSet: 0.6 ms]
   [Eden: 4320.0M(4320.0M)->0.0B(2240.0M) Survivors: 96.0M->176.0M Heap: 9086.4M(10.0G)->4850.4M(10.0G)]
 [Times: user=1.29 sys=0.02, real=0.07 secs] 
1670.960: [GC concurrent-root-region-scan-start]
1670.961: Total time for which application threads were stopped: 0.0781600 seconds
1670.999: [GC concurrent-root-region-scan-end, 0.0384090 secs]
1670.999: [GC concurrent-mark-start]
1671.005: Total time for which application threads were stopped: 0.0015620 seconds
1671.118: Total time for which application threads were stopped: 0.0011130 seconds
1671.118: Total time for which application threads were stopped: 0.0003570 seconds
1671.119: Total time for which application threads were stopped: 0.0002770 seconds
1671.119: Total time for which application threads were stopped: 0.0003800 seconds
1671.120: Total time for which application threads were stopped: 0.0003380 seconds
1671.120: Total time for which application threads were stopped: 0.0003560 seconds
1671.120: Total time for which application threads were stopped: 0.0002990 seconds
1671.121: Total time for which application threads were stopped: 0.0003180 seconds
1671.121: Total time for which application threads were stopped: 0.0003270 seconds
1671.122: Total time for which application threads were stopped: 0.0004370 seconds
1671.122: Total time for which application threads were stopped: 0.0002970 seconds
1671.123: Total time for which application threads were stopped: 0.0003180 seconds
1671.123: Total time for which application threads were stopped: 0.0003860 seconds
1671.125: Total time for which application threads were stopped: 0.0004720 seconds
1672.255: [GC concurrent-mark-end, 1.2562710 secs]
1672.256: [GC remark 1672.257: [GC ref-proc, 0.0027910 secs], 0.0111190 secs]
 [Times: user=0.14 sys=0.01, real=0.01 secs] 
1672.268: Total time for which application threads were stopped: 0.0126310 seconds
1672.268: [GC cleanup 6237M->6227M(10G), 0.0078260 secs]
 [Times: user=0.12 sys=0.00, real=0.01 secs] 
1672.277: Total time for which application threads were stopped: 0.0088200 seconds
1672.277: [GC concurrent-cleanup-start]
1672.277: [GC concurrent-cleanup-end, 0.0000340 secs]
1673.236: [GC pause (G1 Evacuation Pause) (young)
Desired survivor size 159383552 bytes, new threshold 15 (max 15)
- age   1:   51211872 bytes,   51211872 total
- age   2:   53993424 bytes,  105205296 total
- age   3:    3571208 bytes,  108776504 total
- age   4:    3272024 bytes,  112048528 total
- age   5:   14818776 bytes,  126867304 total
, 0.1192730 secs]
   [Parallel Time: 115.1 ms, GC Workers: 18]
      [GC Worker Start (ms): Min: 1673236.2, Avg: 1673236.2, Max: 1673236.3, Diff: 0.1]
      [Ext Root Scanning (ms): Min: 3.9, Avg: 4.8, Max: 6.3, Diff: 2.5, Sum: 86.1]
      [Update RS (ms): Min: 32.3, Avg: 34.2, Max: 35.2, Diff: 2.9, Sum: 615.3]
         [Processed Buffers: Min: 15, Avg: 44.9, Max: 74, Diff: 59, Sum: 808]
      [Scan RS (ms): Min: 0.0, Avg: 0.1, Max: 0.2, Diff: 0.2, Sum: 1.8]
      [Code Root Scanning (ms): Min: 0.0, Avg: 0.0, Max: 0.0, Diff: 0.0, Sum: 0.1]
      [Object Copy (ms): Min: 75.5, Avg: 75.8, Max: 76.2, Diff: 0.7, Sum: 1364.9]
      [Termination (ms): Min: 0.0, Avg: 0.0, Max: 0.0, Diff: 0.0, Sum: 0.4]
      [GC Worker Other (ms): Min: 0.0, Avg: 0.0, Max: 0.1, Diff: 0.1, Sum: 0.8]
      [GC Worker Total (ms): Min: 114.9, Avg: 115.0, Max: 115.1, Diff: 0.2, Sum: 2069.4]
      [GC Worker End (ms): Min: 1673351.2, Avg: 1673351.2, Max: 1673351.2, Diff: 0.1]
   [Code Root Fixup: 0.2 ms]
   [Code Root Migration: 0.0 ms]
   [Clear CT: 0.7 ms]
   [Other: 3.2 ms]
      [Choose CSet: 0.0 ms]
      [Ref Proc: 1.6 ms]
      [Ref Enq: 0.1 ms]
      [Free CSet: 0.4 ms]
   [Eden: 2240.0M(2240.0M)->0.0B(208.0M) Survivors: 176.0M->304.0M Heap: 7103.5M(10.0G)->5014.2M(10.0G)]
 [Times: user=2.06 sys=0.03, real=0.12 secs] 
1673.355: Total time for which application threads were stopped: 0.1210260 seconds
1673.379: Total time for which application threads were stopped: 0.0011810 seconds
1673.382: [GC pause (GCLocker Initiated GC) (mixed)
Desired survivor size 33554432 bytes, new threshold 1 (max 15)
- age   1:   65160416 bytes,   65160416 total
- age   2:   46150872 bytes,  111311288 total
- age   3:   52483840 bytes,  163795128 total
- age   4:    3552656 bytes,  167347784 total
- age   5:    3264160 bytes,  170611944 total
- age   6:   12058712 bytes,  182670656 total
, 0.1394970 secs]
   [Parallel Time: 133.2 ms, GC Workers: 18]
      [GC Worker Start (ms): Min: 1673382.9, Avg: 1673382.9, Max: 1673383.0, Diff: 0.1]
      [Ext Root Scanning (ms): Min: 4.4, Avg: 5.3, Max: 7.2, Diff: 2.8, Sum: 96.3]
      [Update RS (ms): Min: 19.5, Avg: 21.7, Max: 24.2, Diff: 4.7, Sum: 390.5]
         [Processed Buffers: Min: 6, Avg: 34.2, Max: 104, Diff: 98, Sum: 615]
      [Scan RS (ms): Min: 1.8, Avg: 5.6, Max: 6.5, Diff: 4.7, Sum: 100.0]
      [Code Root Scanning (ms): Min: 0.0, Avg: 0.0, Max: 0.1, Diff: 0.1, Sum: 0.1]
      [Object Copy (ms): Min: 100.2, Avg: 100.4, Max: 100.8, Diff: 0.6, Sum: 1807.3]
      [Termination (ms): Min: 0.0, Avg: 0.0, Max: 0.0, Diff: 0.0, Sum: 0.2]
      [GC Worker Other (ms): Min: 0.0, Avg: 0.0, Max: 0.1, Diff: 0.0, Sum: 0.6]
      [GC Worker Total (ms): Min: 133.0, Avg: 133.1, Max: 133.1, Diff: 0.1, Sum: 2395.0]
      [GC Worker End (ms): Min: 1673516.0, Avg: 1673516.0, Max: 1673516.0, Diff: 0.0]
   [Code Root Fixup: 0.4 ms]
   [Code Root Migration: 0.4 ms]
   [Clear CT: 0.9 ms]
   [Other: 4.7 ms]
      [Choose CSet: 0.1 ms]
      [Ref Proc: 1.5 ms]
      [Ref Enq: 0.1 ms]
      [Free CSet: 0.3 ms]
   [Eden: 224.0M(208.0M)->0.0B(4128.0M) Survivors: 304.0M->64.0M Heap: 5237.6M(10.0G)->4952.4M(10.0G)]
 [Times: user=2.36 sys=0.03, real=0.14 secs] 
1673.522: Total time for which application threads were stopped: 0.1406140 seconds
1674.965: Total time for which application threads were stopped: 0.0013430 seconds
1674.966: Total time for which application threads were stopped: 0.0003860 seconds
1674.966: Total time for which application threads were stopped: 0.0003280 seconds
1674.966: Total time for which application threads were stopped: 0.0003020 seconds
1674.967: Total time for which application threads were stopped: 0.0002730 seconds
1674.967: Total time for which application threads were stopped: 0.0002880 seconds
1674.968: Total time for which application threads were stopped: 0.0010340 seconds
1674.968: Total time for which application threads were stopped: 0.0003320 seconds
1674.969: Total time for which application threads were stopped: 0.0002780 seconds
1674.969: Total time for which application threads were stopped: 0.0002670 seconds
1674.975: Total time for which application threads were stopped: 0.0061580 seconds
1674.975: Total time for which application threads were stopped: 0.0003060 seconds
1674.976: Total time for which application threads were stopped: 0.0003220 seconds
1674.977: Total time for which application threads were stopped: 0.0003790 seconds
1674.988: Total time for which application threads were stopped: 0.0011410 seconds
1675.026: Total time for which application threads were stopped: 0.0010390 seconds
1678.150: [GC pause (G1 Evacuation Pause) (young)
Desired survivor size 276824064 bytes, new threshold 15 (max 15)
- age   1:    3868888 bytes,    3868888 total
, 0.1298400 secs]
   [Parallel Time: 124.3 ms, GC Workers: 18]
      [GC Worker Start (ms): Min: 1678150.6, Avg: 1678150.7, Max: 1678150.8, Diff: 0.2]
      [Ext Root Scanning (ms): Min: 3.8, Avg: 4.7, Max: 5.1, Diff: 1.3, Sum: 85.0]
      [Update RS (ms): Min: 21.8, Avg: 22.3, Max: 23.1, Diff: 1.3, Sum: 401.2]
         [Processed Buffers: Min: 32, Avg: 52.1, Max: 82, Diff: 50, Sum: 937]
      [Scan RS (ms): Min: 0.0, Avg: 0.4, Max: 0.7, Diff: 0.7, Sum: 6.8]
      [Code Root Scanning (ms): Min: 0.0, Avg: 0.0, Max: 0.0, Diff: 0.0, Sum: 0.1]
      [Object Copy (ms): Min: 96.2, Avg: 96.6, Max: 96.8, Diff: 0.6, Sum: 1738.8]
      [Termination (ms): Min: 0.0, Avg: 0.0, Max: 0.0, Diff: 0.0, Sum: 0.0]
      [GC Worker Other (ms): Min: 0.0, Avg: 0.1, Max: 0.1, Diff: 0.1, Sum: 1.1]
      [GC Worker Total (ms): Min: 123.9, Avg: 124.1, Max: 124.2, Diff: 0.2, Sum: 2233.0]
      [GC Worker End (ms): Min: 1678274.7, Avg: 1678274.8, Max: 1678274.8, Diff: 0.1]
   [Code Root Fixup: 0.3 ms]
   [Code Root Migration: 0.0 ms]
   [Clear CT: 1.7 ms]
   [Other: 3.5 ms]
      [Choose CSet: 0.0 ms]
      [Ref Proc: 1.7 ms]
      [Ref Enq: 0.1 ms]
      [Free CSet: 0.8 ms]
   [Eden: 4128.0M(4128.0M)->0.0B(208.0M) Survivors: 64.0M->304.0M Heap: 9080.4M(10.0G)->5203.1M(10.0G)]
 [Times: user=2.25 sys=0.02, real=0.13 secs] 
1678.280: Total time for which application threads were stopped: 0.1344740 seconds
1678.298: [GC pause (G1 Evacuation Pause) (young) (initial-mark)
Desired survivor size 33554432 bytes, new threshold 1 (max 15)
- age   1:  254685904 bytes,  254685904 total
- age   2:    2480936 bytes,  257166840 total
, 0.1134520 secs]
   [Parallel Time: 107.3 ms, GC Workers: 18]
      [GC Worker Start (ms): Min: 1678298.6, Avg: 1678298.7, Max: 1678298.8, Diff: 0.2]
      [Ext Root Scanning (ms): Min: 4.0, Avg: 4.7, Max: 5.1, Diff: 1.2, Sum: 83.9]
      [Code Root Marking (ms): Min: 0.3, Avg: 1.5, Max: 13.4, Diff: 13.1, Sum: 26.2]
      [Update RS (ms): Min: 0.0, Avg: 11.6, Max: 14.3, Diff: 14.3, Sum: 209.5]
         [Processed Buffers: Min: 0, Avg: 31.4, Max: 92, Diff: 92, Sum: 566]
      [Scan RS (ms): Min: 0.0, Avg: 0.0, Max: 0.0, Diff: 0.0, Sum: 0.3]
      [Code Root Scanning (ms): Min: 0.0, Avg: 0.0, Max: 0.0, Diff: 0.0, Sum: 0.0]
      [Object Copy (ms): Min: 87.5, Avg: 89.3, Max: 89.8, Diff: 2.3, Sum: 1607.7]
      [Termination (ms): Min: 0.0, Avg: 0.0, Max: 0.0, Diff: 0.0, Sum: 0.1]
      [GC Worker Other (ms): Min: 0.0, Avg: 0.0, Max: 0.1, Diff: 0.1, Sum: 0.8]
      [GC Worker Total (ms): Min: 107.1, Avg: 107.1, Max: 107.3, Diff: 0.2, Sum: 1928.6]
      [GC Worker End (ms): Min: 1678405.8, Avg: 1678405.9, Max: 1678405.9, Diff: 0.1]
   [Code Root Fixup: 0.4 ms]
   [Code Root Migration: 0.0 ms]
   [Clear CT: 0.2 ms]
   [Other: 5.5 ms]
      [Choose CSet: 0.0 ms]
      [Ref Proc: 1.6 ms]
      [Ref Enq: 0.1 ms]
      [Free CSet: 0.2 ms]
   [Eden: 208.0M(208.0M)->0.0B(3072.0M) Survivors: 304.0M->64.0M Heap: 5411.1M(10.0G)->5339.0M(10.0G)]
 [Times: user=1.92 sys=0.02, real=0.12 secs] 
1678.412: [GC concurrent-root-region-scan-start]
1678.413: Total time for which application threads were stopped: 0.1208460 seconds
1678.418: [GC concurrent-root-region-scan-end, 0.0055370 secs]
1678.418: [GC concurrent-mark-start]
1679.347: Total time for which application threads were stopped: 0.0012490 seconds
1680.017: [GC concurrent-mark-end, 1.5992410 secs]
1680.020: [GC remark 1680.021: [GC ref-proc, 0.0029940 secs], 0.0108560 secs]
 [Times: user=0.14 sys=0.01, real=0.01 secs] 
1680.031: Total time for which application threads were stopped: 0.0135650 seconds
1680.032: [GC cleanup 6830M->6814M(10G), 0.0082090 secs]
 [Times: user=0.13 sys=0.00, real=0.01 secs] 
1680.040: Total time for which application threads were stopped: 0.0092570 seconds
1680.040: [GC concurrent-cleanup-start]
1680.040: [GC concurrent-cleanup-end, 0.0000350 secs]
1680.047: Total time for which application threads were stopped: 0.0021170 seconds
1680.050: Total time for which application threads were stopped: 0.0021780 seconds
1681.678: [GC pause (G1 Evacuation Pause) (young)
Desired survivor size 209715200 bytes, new threshold 15 (max 15)
- age   1:    6094512 bytes,    6094512 total
, 0.1558170 secs]
   [Parallel Time: 150.5 ms, GC Workers: 18]
      [GC Worker Start (ms): Min: 1681678.8, Avg: 1681679.0, Max: 1681679.1, Diff: 0.3]
      [Ext Root Scanning (ms): Min: 4.3, Avg: 5.0, Max: 5.3, Diff: 1.0, Sum: 89.8]
      [Update RS (ms): Min: 11.7, Avg: 17.0, Max: 63.9, Diff: 52.2, Sum: 306.2]
         [Processed Buffers: Min: 6, Avg: 47.2, Max: 74, Diff: 68, Sum: 850]
      [Scan RS (ms): Min: 0.0, Avg: 1.2, Max: 1.8, Diff: 1.8, Sum: 21.8]
      [Code Root Scanning (ms): Min: 0.0, Avg: 0.0, Max: 0.0, Diff: 0.0, Sum: 0.1]
      [Object Copy (ms): Min: 81.1, Avg: 127.0, Max: 131.9, Diff: 50.8, Sum: 2285.2]
      [Termination (ms): Min: 0.0, Avg: 0.0, Max: 0.0, Diff: 0.0, Sum: 0.1]
      [GC Worker Other (ms): Min: 0.0, Avg: 0.1, Max: 0.1, Diff: 0.1, Sum: 1.1]
      [GC Worker Total (ms): Min: 150.1, Avg: 150.2, Max: 150.4, Diff: 0.3, Sum: 2704.3]
      [GC Worker End (ms): Min: 1681829.2, Avg: 1681829.2, Max: 1681829.3, Diff: 0.1]
   [Code Root Fixup: 0.3 ms]
   [Code Root Migration: 0.0 ms]
   [Clear CT: 1.3 ms]
   [Other: 3.7 ms]
      [Choose CSet: 0.0 ms]
      [Ref Proc: 1.7 ms]
      [Ref Enq: 0.1 ms]
      [Free CSet: 0.6 ms]
   [Eden: 3072.0M(3072.0M)->0.0B(192.0M) Survivors: 64.0M->320.0M Heap: 8395.4M(10.0G)->5591.3M(10.0G)]
 [Times: user=2.72 sys=0.01, real=0.16 secs] 
1681.834: Total time for which application threads were stopped: 0.1895340 seconds
1681.854: [GC pause (G1 Evacuation Pause) (mixed)
Desired survivor size 33554432 bytes, new threshold 1 (max 15)
- age   1:  262884280 bytes,  262884280 total
- age   2:    3003600 bytes,  265887880 total
, 0.1679740 secs]
   [Parallel Time: 161.7 ms, GC Workers: 18]
      [GC Worker Start (ms): Min: 1681854.9, Avg: 1681855.0, Max: 1681855.1, Diff: 0.3]
      [Ext Root Scanning (ms): Min: 4.1, Avg: 4.7, Max: 5.3, Diff: 1.2, Sum: 85.3]
      [Update RS (ms): Min: 8.1, Avg: 12.5, Max: 66.0, Diff: 57.9, Sum: 225.5]
         [Processed Buffers: Min: 5, Avg: 33.1, Max: 70, Diff: 65, Sum: 595]
      [Scan RS (ms): Min: 0.0, Avg: 3.2, Max: 3.9, Diff: 3.9, Sum: 58.2]
      [Code Root Scanning (ms): Min: 0.0, Avg: 0.0, Max: 0.1, Diff: 0.1, Sum: 0.2]
      [Object Copy (ms): Min: 90.5, Avg: 140.8, Max: 144.4, Diff: 53.9, Sum: 2533.7]
      [Termination (ms): Min: 0.0, Avg: 0.0, Max: 0.1, Diff: 0.1, Sum: 0.7]
      [GC Worker Other (ms): Min: 0.0, Avg: 0.0, Max: 0.1, Diff: 0.1, Sum: 0.8]
      [GC Worker Total (ms): Min: 161.2, Avg: 161.4, Max: 161.5, Diff: 0.3, Sum: 2904.5]
      [GC Worker End (ms): Min: 1682016.3, Avg: 1682016.4, Max: 1682016.4, Diff: 0.0]
   [Code Root Fixup: 0.4 ms]
   [Code Root Migration: 0.2 ms]
   [Clear CT: 0.8 ms]
   [Other: 4.9 ms]
      [Choose CSet: 0.0 ms]
      [Ref Proc: 1.5 ms]
      [Ref Enq: 0.1 ms]
      [Free CSet: 0.3 ms]
   [Eden: 192.0M(192.0M)->0.0B(448.0M) Survivors: 320.0M->64.0M Heap: 5783.3M(10.0G)->5489.1M(10.0G)]
 [Times: user=2.91 sys=0.01, real=0.17 secs] 
1682.023: Total time for which application threads were stopped: 0.1806960 seconds
1682.283: [GC pause (G1 Evacuation Pause) (mixed)
Desired survivor size 33554432 bytes, new threshold 15 (max 15)
- age   1:    1391528 bytes,    1391528 total
, 0.0955480 secs]
   [Parallel Time: 90.4 ms, GC Workers: 18]
      [GC Worker Start (ms): Min: 1682284.0, Avg: 1682284.1, Max: 1682284.2, Diff: 0.2]
      [Ext Root Scanning (ms): Min: 4.4, Avg: 4.8, Max: 5.2, Diff: 0.9, Sum: 86.0]
      [Update RS (ms): Min: 15.8, Avg: 18.8, Max: 45.0, Diff: 29.2, Sum: 339.1]
         [Processed Buffers: Min: 5, Avg: 43.2, Max: 76, Diff: 71, Sum: 777]
      [Scan RS (ms): Min: 0.0, Avg: 5.3, Max: 6.2, Diff: 6.2, Sum: 94.7]
      [Code Root Scanning (ms): Min: 0.0, Avg: 0.0, Max: 0.1, Diff: 0.1, Sum: 0.1]
      [Object Copy (ms): Min: 39.6, Avg: 60.7, Max: 63.2, Diff: 23.7, Sum: 1092.6]
      [Termination (ms): Min: 0.0, Avg: 0.6, Max: 0.7, Diff: 0.7, Sum: 10.1]
      [GC Worker Other (ms): Min: 0.0, Avg: 0.0, Max: 0.1, Diff: 0.0, Sum: 0.8]
      [GC Worker Total (ms): Min: 90.1, Avg: 90.2, Max: 90.3, Diff: 0.2, Sum: 1623.5]
      [GC Worker End (ms): Min: 1682374.2, Avg: 1682374.3, Max: 1682374.3, Diff: 0.0]
   [Code Root Fixup: 0.3 ms]
   [Code Root Migration: 0.1 ms]
   [Clear CT: 1.1 ms]
   [Other: 3.6 ms]
      [Choose CSet: 0.1 ms]
      [Ref Proc: 1.7 ms]
      [Ref Enq: 0.1 ms]
      [Free CSet: 0.3 ms]
   [Eden: 448.0M(448.0M)->0.0B(1280.0M) Survivors: 64.0M->64.0M Heap: 5937.1M(10.0G)->5594.1M(10.0G)]
 [Times: user=1.64 sys=0.01, real=0.09 secs] 
1682.379: Total time for which application threads were stopped: 0.0973930 seconds
1682.645: [GC pause (G1 Humongous Allocation) (young) (initial-mark)
Desired survivor size 92274688 bytes, new threshold 15 (max 15)
- age   1:   42670192 bytes,   42670192 total
- age   2:     189912 bytes,   42860104 total
, 0.0946150 secs]
   [Parallel Time: 90.4 ms, GC Workers: 18]
      [GC Worker Start (ms): Min: 1682645.5, Avg: 1682645.6, Max: 1682645.6, Diff: 0.1]
      [Ext Root Scanning (ms): Min: 4.1, Avg: 4.5, Max: 4.9, Diff: 0.8, Sum: 81.8]
      [Code Root Marking (ms): Min: 0.3, Avg: 1.0, Max: 4.4, Diff: 4.1, Sum: 18.2]
      [Update RS (ms): Min: 15.5, Avg: 23.4, Max: 60.4, Diff: 44.9, Sum: 420.5]
         [Processed Buffers: Min: 5, Avg: 42.3, Max: 93, Diff: 88, Sum: 762]
      [Scan RS (ms): Min: 0.0, Avg: 4.1, Max: 4.9, Diff: 4.9, Sum: 74.4]
      [Code Root Scanning (ms): Min: 0.0, Avg: 0.0, Max: 0.0, Diff: 0.0, Sum: 0.0]
      [Object Copy (ms): Min: 24.5, Avg: 57.0, Max: 60.5, Diff: 36.0, Sum: 1025.5]
      [Termination (ms): Min: 0.0, Avg: 0.1, Max: 0.2, Diff: 0.2, Sum: 2.2]
      [GC Worker Other (ms): Min: 0.0, Avg: 0.0, Max: 0.1, Diff: 0.0, Sum: 0.6]
      [GC Worker Total (ms): Min: 90.1, Avg: 90.2, Max: 90.3, Diff: 0.2, Sum: 1623.2]
      [GC Worker End (ms): Min: 1682735.7, Avg: 1682735.7, Max: 1682735.8, Diff: 0.0]
   [Code Root Fixup: 0.3 ms]
   [Code Root Migration: 0.0 ms]
   [Clear CT: 0.5 ms]
   [Other: 3.5 ms]
      [Choose CSet: 0.0 ms]
      [Ref Proc: 1.7 ms]
      [Ref Enq: 0.1 ms]
      [Free CSet: 0.2 ms]
   [Eden: 416.0M(1280.0M)->0.0B(400.0M) Survivors: 64.0M->128.0M Heap: 6005.9M(10.0G)->5661.3M(10.0G)]
 [Times: user=1.63 sys=0.02, real=0.09 secs] 
1682.740: [GC concurrent-root-region-scan-start]
1682.740: Total time for which application threads were stopped: 0.0962170 seconds
1682.810: [GC concurrent-root-region-scan-end, 0.0707080 secs]
1682.810: [GC concurrent-mark-start]
1683.042: [GC pause (G1 Evacuation Pause) (young)
Desired survivor size 41943040 bytes, new threshold 1 (max 15)
- age   1:   47748360 bytes,   47748360 total
- age   2:   41774192 bytes,   89522552 total
- age   3:     188960 bytes,   89711512 total
, 0.0993200 secs]
   [Parallel Time: 94.3 ms, GC Workers: 18]
      [GC Worker Start (ms): Min: 1683042.5, Avg: 1683042.6, Max: 1683042.6, Diff: 0.2]
      [Ext Root Scanning (ms): Min: 4.0, Avg: 4.4, Max: 4.9, Diff: 1.0, Sum: 79.8]
      [SATB Filtering (ms): Min: 0.0, Avg: 0.1, Max: 1.9, Diff: 1.9, Sum: 1.9]
      [Update RS (ms): Min: 12.2, Avg: 13.6, Max: 14.7, Diff: 2.5, Sum: 244.6]
         [Processed Buffers: Min: 14, Avg: 40.6, Max: 75, Diff: 61, Sum: 731]
      [Scan RS (ms): Min: 13.9, Avg: 15.1, Max: 15.3, Diff: 1.4, Sum: 271.2]
      [Code Root Scanning (ms): Min: 0.0, Avg: 0.0, Max: 0.0, Diff: 0.0, Sum: 0.0]
      [Object Copy (ms): Min: 60.9, Avg: 61.0, Max: 61.2, Diff: 0.4, Sum: 1097.2]
      [Termination (ms): Min: 0.0, Avg: 0.0, Max: 0.1, Diff: 0.1, Sum: 0.6]
      [GC Worker Other (ms): Min: 0.0, Avg: 0.0, Max: 0.1, Diff: 0.0, Sum: 0.7]
      [GC Worker Total (ms): Min: 94.2, Avg: 94.2, Max: 94.3, Diff: 0.2, Sum: 1696.1]
      [GC Worker End (ms): Min: 1683136.8, Avg: 1683136.8, Max: 1683136.8, Diff: 0.0]
   [Code Root Fixup: 0.3 ms]
   [Code Root Migration: 0.0 ms]
   [Clear CT: 0.7 ms]
   [Other: 4.0 ms]
      [Choose CSet: 0.0 ms]
      [Ref Proc: 1.6 ms]
      [Ref Enq: 0.1 ms]
      [Free CSet: 0.2 ms]
   [Eden: 400.0M(400.0M)->0.0B(432.0M) Survivors: 128.0M->80.0M Heap: 6077.3M(10.0G)->5748.4M(10.0G)]
 [Times: user=1.71 sys=0.01, real=0.10 secs] 
1683.142: Total time for which application threads were stopped: 0.1011090 seconds
1683.437: [GC pause (G1 Evacuation Pause) (young)
Desired survivor size 33554432 bytes, new threshold 15 (max 15)
- age   1:   26409952 bytes,   26409952 total
, 0.0486210 secs]
   [Parallel Time: 44.5 ms, GC Workers: 18]
      [GC Worker Start (ms): Min: 1683437.3, Avg: 1683437.4, Max: 1683437.5, Diff: 0.2]
      [Ext Root Scanning (ms): Min: 4.0, Avg: 4.6, Max: 5.0, Diff: 1.0, Sum: 83.4]
      [SATB Filtering (ms): Min: 0.0, Avg: 0.1, Max: 1.9, Diff: 1.9, Sum: 1.9]
      [Update RS (ms): Min: 11.6, Avg: 12.4, Max: 13.0, Diff: 1.5, Sum: 224.0]
         [Processed Buffers: Min: 18, Avg: 39.2, Max: 65, Diff: 47, Sum: 706]
      [Scan RS (ms): Min: 3.2, Avg: 3.7, Max: 3.9, Diff: 0.7, Sum: 66.2]
      [Code Root Scanning (ms): Min: 0.0, Avg: 0.0, Max: 0.0, Diff: 0.0, Sum: 0.0]
      [Object Copy (ms): Min: 23.3, Avg: 23.4, Max: 23.6, Diff: 0.2, Sum: 421.1]
      [Termination (ms): Min: 0.0, Avg: 0.0, Max: 0.0, Diff: 0.0, Sum: 0.2]
      [GC Worker Other (ms): Min: 0.0, Avg: 0.0, Max: 0.0, Diff: 0.0, Sum: 0.6]
      [GC Worker Total (ms): Min: 44.2, Avg: 44.3, Max: 44.4, Diff: 0.2, Sum: 797.5]
      [GC Worker End (ms): Min: 1683481.7, Avg: 1683481.7, Max: 1683481.7, Diff: 0.0]
   [Code Root Fixup: 0.4 ms]
   [Code Root Migration: 0.0 ms]
   [Clear CT: 0.6 ms]
   [Other: 3.0 ms]
      [Choose CSet: 0.0 ms]
      [Ref Proc: 1.7 ms]
      [Ref Enq: 0.1 ms]
      [Free CSet: 0.3 ms]
   [Eden: 432.0M(432.0M)->0.0B(448.0M) Survivors: 80.0M->64.0M Heap: 6180.4M(10.0G)->5742.7M(10.0G)]
 [Times: user=0.81 sys=0.01, real=0.05 secs] 
1683.486: Total time for which application threads were stopped: 0.0499540 seconds
1683.705: [GC pause (G1 Evacuation Pause) (young)
Desired survivor size 33554432 bytes, new threshold 2 (max 15)
- age   1:   32596832 bytes,   32596832 total
- age   2:   22871376 bytes,   55468208 total
, 0.0510800 secs]
   [Parallel Time: 47.1 ms, GC Workers: 18]
      [GC Worker Start (ms): Min: 1683705.1, Avg: 1683705.2, Max: 1683705.3, Diff: 0.1]
      [Ext Root Scanning (ms): Min: 4.0, Avg: 4.7, Max: 5.0, Diff: 1.0, Sum: 83.8]
      [SATB Filtering (ms): Min: 0.0, Avg: 0.1, Max: 1.7, Diff: 1.7, Sum: 1.7]
      [Update RS (ms): Min: 7.3, Avg: 7.8, Max: 8.6, Diff: 1.3, Sum: 139.8]
         [Processed Buffers: Min: 15, Avg: 35.7, Max: 72, Diff: 57, Sum: 643]
      [Scan RS (ms): Min: 3.3, Avg: 3.9, Max: 4.1, Diff: 0.7, Sum: 69.7]
      [Code Root Scanning (ms): Min: 0.0, Avg: 0.0, Max: 0.0, Diff: 0.0, Sum: 0.0]
      [Object Copy (ms): Min: 30.4, Avg: 30.5, Max: 30.7, Diff: 0.3, Sum: 549.4]
      [Termination (ms): Min: 0.0, Avg: 0.0, Max: 0.0, Diff: 0.0, Sum: 0.2]
      [GC Worker Other (ms): Min: 0.0, Avg: 0.0, Max: 0.1, Diff: 0.0, Sum: 0.8]
      [GC Worker Total (ms): Min: 46.9, Avg: 47.0, Max: 47.0, Diff: 0.2, Sum: 845.3]
      [GC Worker End (ms): Min: 1683752.1, Avg: 1683752.1, Max: 1683752.2, Diff: 0.0]
   [Code Root Fixup: 0.4 ms]
   [Code Root Migration: 0.0 ms]
   [Clear CT: 0.5 ms]
   [Other: 3.1 ms]
      [Choose CSet: 0.0 ms]
      [Ref Proc: 1.5 ms]
      [Ref Enq: 0.1 ms]
      [Free CSet: 0.2 ms]
   [Eden: 448.0M(448.0M)->0.0B(1024.0M) Survivors: 64.0M->64.0M Heap: 6190.7M(10.0G)->5785.9M(10.0G)]
 [Times: user=0.85 sys=0.01, real=0.05 secs] 
1683.756: Total time for which application threads were stopped: 0.0526000 seconds
1684.202: [GC concurrent-mark-end, 1.3920060 secs]
1684.204: [GC remark 1684.204: [GC ref-proc, 0.0026730 secs], 0.0103040 secs]
 [Times: user=0.14 sys=0.00, real=0.01 secs] 
1684.214: Total time for which application threads were stopped: 0.0115980 seconds
1684.215: [GC cleanup 6477M->6454M(10G), 0.0096370 secs]
 [Times: user=0.15 sys=0.00, real=0.01 secs] 
1684.225: Total time for which application threads were stopped: 0.0106840 seconds
1684.225: [GC concurrent-cleanup-start]
1684.225: [GC concurrent-cleanup-end, 0.0000280 secs]
1684.583: [GC pause (G1 Evacuation Pause) (young)
Desired survivor size 75497472 bytes, new threshold 15 (max 15)
- age   1:   24446392 bytes,   24446392 total
- age   2:   29942408 bytes,   54388800 total
, 0.0567150 secs]
   [Parallel Time: 52.2 ms, GC Workers: 18]
      [GC Worker Start (ms): Min: 1684584.0, Avg: 1684584.0, Max: 1684584.1, Diff: 0.1]
      [Ext Root Scanning (ms): Min: 4.1, Avg: 4.7, Max: 5.3, Diff: 1.1, Sum: 84.3]
      [Update RS (ms): Min: 6.6, Avg: 7.1, Max: 8.0, Diff: 1.4, Sum: 128.6]
         [Processed Buffers: Min: 16, Avg: 38.9, Max: 68, Diff: 52, Sum: 700]
      [Scan RS (ms): Min: 5.0, Avg: 5.4, Max: 5.6, Diff: 0.6, Sum: 96.4]
      [Code Root Scanning (ms): Min: 0.0, Avg: 0.0, Max: 0.0, Diff: 0.0, Sum: 0.0]
      [Object Copy (ms): Min: 34.6, Avg: 34.8, Max: 35.0, Diff: 0.4, Sum: 626.2]
      [Termination (ms): Min: 0.0, Avg: 0.0, Max: 0.0, Diff: 0.0, Sum: 0.0]
      [GC Worker Other (ms): Min: 0.0, Avg: 0.0, Max: 0.1, Diff: 0.1, Sum: 0.7]
      [GC Worker Total (ms): Min: 51.9, Avg: 52.0, Max: 52.1, Diff: 0.2, Sum: 936.4]
      [GC Worker End (ms): Min: 1684636.0, Avg: 1684636.0, Max: 1684636.1, Diff: 0.1]
   [Code Root Fixup: 0.3 ms]
   [Code Root Migration: 0.0 ms]
   [Clear CT: 0.8 ms]
   [Other: 3.5 ms]
      [Choose CSet: 0.0 ms]
      [Ref Proc: 1.8 ms]
      [Ref Enq: 0.1 ms]
      [Free CSet: 0.4 ms]
   [Eden: 1024.0M(1024.0M)->0.0B(368.0M) Survivors: 64.0M->144.0M Heap: 6786.5M(10.0G)->5833.0M(10.0G)]
 [Times: user=0.95 sys=0.01, real=0.05 secs] 
1684.641: Total time for which application threads were stopped: 0.0581530 seconds
1684.707: Total time for which application threads were stopped: 0.0010790 seconds
1684.837: [GC pause (G1 Evacuation Pause) (mixed)
Desired survivor size 33554432 bytes, new threshold 1 (max 15)
- age   1:   61186896 bytes,   61186896 total
- age   2:    8137704 bytes,   69324600 total
- age   3:   22959952 bytes,   92284552 total
, 0.0737220 secs]
   [Parallel Time: 67.4 ms, GC Workers: 18]
      [GC Worker Start (ms): Min: 1684838.1, Avg: 1684838.1, Max: 1684838.2, Diff: 0.1]
      [Ext Root Scanning (ms): Min: 4.3, Avg: 4.9, Max: 5.4, Diff: 1.1, Sum: 88.9]
      [Update RS (ms): Min: 6.4, Avg: 6.8, Max: 7.4, Diff: 0.9, Sum: 123.1]
         [Processed Buffers: Min: 15, Avg: 37.5, Max: 63, Diff: 48, Sum: 675]
      [Scan RS (ms): Min: 7.8, Avg: 8.2, Max: 8.4, Diff: 0.6, Sum: 148.4]
      [Code Root Scanning (ms): Min: 0.0, Avg: 0.0, Max: 0.0, Diff: 0.0, Sum: 0.1]
      [Object Copy (ms): Min: 47.0, Avg: 47.1, Max: 47.2, Diff: 0.3, Sum: 847.9]
      [Termination (ms): Min: 0.0, Avg: 0.0, Max: 0.1, Diff: 0.1, Sum: 0.8]
      [GC Worker Other (ms): Min: 0.0, Avg: 0.0, Max: 0.1, Diff: 0.0, Sum: 0.7]
      [GC Worker Total (ms): Min: 67.1, Avg: 67.2, Max: 67.3, Diff: 0.2, Sum: 1209.8]
      [GC Worker End (ms): Min: 1684905.3, Avg: 1684905.3, Max: 1684905.4, Diff: 0.0]
   [Code Root Fixup: 0.3 ms]
   [Code Root Migration: 0.1 ms]
   [Clear CT: 1.2 ms]
   [Other: 4.9 ms]
      [Choose CSet: 0.1 ms]
      [Ref Proc: 1.5 ms]
      [Ref Enq: 0.1 ms]
      [Free CSet: 0.8 ms]
   [Eden: 368.0M(368.0M)->0.0B(448.0M) Survivors: 144.0M->64.0M Heap: 6201.0M(10.0G)->5288.7M(10.0G)]
 [Times: user=1.23 sys=0.00, real=0.07 secs] 
1684.912: Total time for which application threads were stopped: 0.0752830 seconds
1685.247: [GC pause (G1 Evacuation Pause) (mixed)
Desired survivor size 33554432 bytes, new threshold 15 (max 15)
- age   1:   16721272 bytes,   16721272 total
, 0.0687220 secs]
   [Parallel Time: 61.4 ms, GC Workers: 18]
      [GC Worker Start (ms): Min: 1685247.5, Avg: 1685247.6, Max: 1685247.6, Diff: 0.1]
      [Ext Root Scanning (ms): Min: 4.1, Avg: 4.8, Max: 5.3, Diff: 1.2, Sum: 86.6]
      [Update RS (ms): Min: 5.3, Avg: 5.8, Max: 6.7, Diff: 1.4, Sum: 105.0]
         [Processed Buffers: Min: 18, Avg: 41.1, Max: 69, Diff: 51, Sum: 740]
      [Scan RS (ms): Min: 16.6, Avg: 17.0, Max: 17.6, Diff: 1.0, Sum: 305.9]
      [Code Root Scanning (ms): Min: 0.0, Avg: 0.0, Max: 0.1, Diff: 0.1, Sum: 0.3]
      [Object Copy (ms): Min: 32.9, Avg: 33.5, Max: 33.6, Diff: 0.7, Sum: 602.1]
      [Termination (ms): Min: 0.0, Avg: 0.0, Max: 0.1, Diff: 0.1, Sum: 0.7]
      [GC Worker Other (ms): Min: 0.0, Avg: 0.0, Max: 0.1, Diff: 0.0, Sum: 0.7]
      [GC Worker Total (ms): Min: 61.1, Avg: 61.2, Max: 61.2, Diff: 0.1, Sum: 1101.3]
      [GC Worker End (ms): Min: 1685308.8, Avg: 1685308.8, Max: 1685308.8, Diff: 0.0]
   [Code Root Fixup: 0.4 ms]
   [Code Root Migration: 0.3 ms]
   [Clear CT: 1.6 ms]
   [Other: 5.0 ms]
      [Choose CSet: 0.2 ms]
      [Ref Proc: 1.5 ms]
      [Ref Enq: 0.2 ms]
      [Free CSet: 0.7 ms]
   [Eden: 448.0M(448.0M)->0.0B(464.0M) Survivors: 64.0M->48.0M Heap: 5736.7M(10.0G)->5001.1M(10.0G)]
 [Times: user=1.13 sys=0.01, real=0.07 secs] 
1685.316: Total time for which application threads were stopped: 0.0701630 seconds
1685.703: [GC pause (G1 Evacuation Pause) (mixed)
Desired survivor size 33554432 bytes, new threshold 15 (max 15)
- age   1:    8154448 bytes,    8154448 total
- age   2:   12006752 bytes,   20161200 total
, 0.0703400 secs]
   [Parallel Time: 62.6 ms, GC Workers: 18]
      [GC Worker Start (ms): Min: 1685703.7, Avg: 1685703.8, Max: 1685703.9, Diff: 0.2]
      [Ext Root Scanning (ms): Min: 4.1, Avg: 4.8, Max: 5.4, Diff: 1.3, Sum: 85.5]
      [Update RS (ms): Min: 7.4, Avg: 8.0, Max: 8.6, Diff: 1.2, Sum: 144.1]
         [Processed Buffers: Min: 15, Avg: 40.9, Max: 78, Diff: 63, Sum: 737]
      [Scan RS (ms): Min: 23.0, Avg: 23.4, Max: 23.6, Diff: 0.6, Sum: 420.9]
      [Code Root Scanning (ms): Min: 0.0, Avg: 0.0, Max: 0.5, Diff: 0.5, Sum: 0.7]
      [Object Copy (ms): Min: 26.1, Avg: 26.2, Max: 26.3, Diff: 0.2, Sum: 471.0]
      [Termination (ms): Min: 0.0, Avg: 0.0, Max: 0.0, Diff: 0.0, Sum: 0.2]
      [GC Worker Other (ms): Min: 0.0, Avg: 0.0, Max: 0.1, Diff: 0.0, Sum: 0.7]
      [GC Worker Total (ms): Min: 62.3, Avg: 62.4, Max: 62.5, Diff: 0.2, Sum: 1123.0]
      [GC Worker End (ms): Min: 1685766.2, Avg: 1685766.2, Max: 1685766.2, Diff: 0.0]
   [Code Root Fixup: 0.6 ms]
   [Code Root Migration: 0.9 ms]
   [Clear CT: 2.0 ms]
   [Other: 4.2 ms]
      [Choose CSet: 0.1 ms]
      [Ref Proc: 1.5 ms]
      [Ref Enq: 0.1 ms]
      [Free CSet: 0.5 ms]
   [Eden: 464.0M(464.0M)->0.0B(2496.0M) Survivors: 48.0M->32.0M Heap: 5465.1M(10.0G)->4947.8M(10.0G)]
 [Times: user=1.15 sys=0.01, real=0.08 secs] 
1685.774: Total time for which application threads were stopped: 0.0719450 seconds
1688.305: [GC pause (G1 Evacuation Pause) (young)
Desired survivor size 167772160 bytes, new threshold 15 (max 15)
- age   1:    5678872 bytes,    5678872 total
- age   2:    7057936 bytes,   12736808 total
- age   3:   12001000 bytes,   24737808 total
, 0.1483520 secs]
   [Parallel Time: 142.8 ms, GC Workers: 18]
      [GC Worker Start (ms): Min: 1688305.6, Avg: 1688305.7, Max: 1688305.7, Diff: 0.1]
      [Ext Root Scanning (ms): Min: 4.3, Avg: 4.9, Max: 5.3, Diff: 1.0, Sum: 87.5]
      [Update RS (ms): Min: 20.3, Avg: 21.9, Max: 31.1, Diff: 10.9, Sum: 394.5]
         [Processed Buffers: Min: 8, Avg: 47.8, Max: 84, Diff: 76, Sum: 860]
      [Scan RS (ms): Min: 0.0, Avg: 1.5, Max: 1.9, Diff: 1.9, Sum: 27.0]
      [Code Root Scanning (ms): Min: 0.0, Avg: 0.0, Max: 0.0, Diff: 0.0, Sum: 0.0]
      [Object Copy (ms): Min: 105.7, Avg: 113.3, Max: 115.3, Diff: 9.6, Sum: 2039.7]
      [Termination (ms): Min: 0.0, Avg: 1.0, Max: 1.1, Diff: 1.1, Sum: 18.4]
      [GC Worker Other (ms): Min: 0.0, Avg: 0.0, Max: 0.1, Diff: 0.1, Sum: 0.8]
      [GC Worker Total (ms): Min: 142.6, Avg: 142.7, Max: 142.7, Diff: 0.2, Sum: 2568.0]
      [GC Worker End (ms): Min: 1688448.3, Avg: 1688448.3, Max: 1688448.4, Diff: 0.1]
   [Code Root Fixup: 0.3 ms]
   [Code Root Migration: 0.0 ms]
   [Clear CT: 1.2 ms]
   [Other: 3.9 ms]
      [Choose CSet: 0.0 ms]
      [Ref Proc: 2.1 ms]
      [Ref Enq: 0.1 ms]
      [Free CSet: 0.6 ms]
   [Eden: 2496.0M(2496.0M)->0.0B(320.0M) Survivors: 32.0M->192.0M Heap: 7443.8M(10.0G)->5110.8M(10.0G)]
 [Times: user=2.43 sys=0.01, real=0.15 secs] 
1688.454: Total time for which application threads were stopped: 0.1500370 seconds
1688.561: [GC pause (G1 Evacuation Pause) (young) (initial-mark)
Desired survivor size 33554432 bytes, new threshold 1 (max 15)
- age   1:  159179400 bytes,  159179400 total
- age   2:    3711312 bytes,  162890712 total
- age   3:    6893992 bytes,  169784704 total
- age   4:   11977968 bytes,  181762672 total
, 0.1170640 secs]
   [Parallel Time: 110.9 ms, GC Workers: 18]
      [GC Worker Start (ms): Min: 1688561.6, Avg: 1688561.7, Max: 1688561.8, Diff: 0.2]
      [Ext Root Scanning (ms): Min: 4.0, Avg: 5.0, Max: 11.6, Diff: 7.6, Sum: 89.2]
      [Code Root Marking (ms): Min: 0.0, Avg: 1.0, Max: 4.9, Diff: 4.9, Sum: 17.8]
      [Update RS (ms): Min: 13.3, Avg: 17.0, Max: 20.9, Diff: 7.6, Sum: 306.0]
         [Processed Buffers: Min: 4, Avg: 39.9, Max: 67, Diff: 63, Sum: 719]
      [Scan RS (ms): Min: 0.0, Avg: 1.4, Max: 1.8, Diff: 1.8, Sum: 25.2]
      [Code Root Scanning (ms): Min: 0.0, Avg: 0.0, Max: 0.0, Diff: 0.0, Sum: 0.0]
      [Object Copy (ms): Min: 77.9, Avg: 86.2, Max: 87.2, Diff: 9.3, Sum: 1551.7]
      [Termination (ms): Min: 0.0, Avg: 0.2, Max: 0.2, Diff: 0.2, Sum: 3.1]
      [GC Worker Other (ms): Min: 0.0, Avg: 0.0, Max: 0.1, Diff: 0.1, Sum: 0.5]
      [GC Worker Total (ms): Min: 110.7, Avg: 110.7, Max: 110.8, Diff: 0.2, Sum: 1993.5]
      [GC Worker End (ms): Min: 1688672.4, Avg: 1688672.4, Max: 1688672.4, Diff: 0.0]
   [Code Root Fixup: 0.3 ms]
   [Code Root Migration: 0.0 ms]
   [Clear CT: 0.7 ms]
   [Other: 5.1 ms]
      [Choose CSet: 0.0 ms]
      [Ref Proc: 2.1 ms]
      [Ref Enq: 0.1 ms]
      [Free CSet: 0.2 ms]
   [Eden: 320.0M(320.0M)->0.0B(672.0M) Survivors: 192.0M->64.0M Heap: 5430.8M(10.0G)->5231.4M(10.0G)]
 [Times: user=1.88 sys=0.02, real=0.12 secs] 
1688.678: [GC concurrent-root-region-scan-start]
1688.679: Total time for which application threads were stopped: 0.1187260 seconds
1688.686: [GC concurrent-root-region-scan-end, 0.0073280 secs]
1688.686: [GC concurrent-mark-start]
1689.210: Total time for which application threads were stopped: 0.0012590 seconds
1689.211: [GC pause (GCLocker Initiated GC) (young)
Desired survivor size 50331648 bytes, new threshold 15 (max 15)
- age   1:   16284360 bytes,   16284360 total
, 0.0404470 secs]
   [Parallel Time: 35.9 ms, GC Workers: 18]
      [GC Worker Start (ms): Min: 1689211.8, Avg: 1689211.9, Max: 1689212.0, Diff: 0.2]
      [Ext Root Scanning (ms): Min: 4.8, Avg: 5.5, Max: 8.6, Diff: 3.8, Sum: 98.6]
      [SATB Filtering (ms): Min: 0.0, Avg: 0.1, Max: 2.2, Diff: 2.2, Sum: 2.2]
      [Update RS (ms): Min: 7.5, Avg: 11.1, Max: 21.6, Diff: 14.1, Sum: 199.3]
         [Processed Buffers: Min: 6, Avg: 41.1, Max: 103, Diff: 97, Sum: 740]
      [Scan RS (ms): Min: 0.0, Avg: 3.7, Max: 4.0, Diff: 4.0, Sum: 65.9]
      [Code Root Scanning (ms): Min: 0.0, Avg: 0.0, Max: 0.0, Diff: 0.0, Sum: 0.0]
      [Object Copy (ms): Min: 8.8, Avg: 15.2, Max: 16.0, Diff: 7.2, Sum: 274.4]
      [Termination (ms): Min: 0.0, Avg: 0.1, Max: 0.1, Diff: 0.1, Sum: 1.6]
      [GC Worker Other (ms): Min: 0.0, Avg: 0.0, Max: 0.1, Diff: 0.0, Sum: 0.5]
      [GC Worker Total (ms): Min: 35.6, Avg: 35.7, Max: 35.8, Diff: 0.2, Sum: 642.5]
      [GC Worker End (ms): Min: 1689247.6, Avg: 1689247.6, Max: 1689247.6, Diff: 0.0]
   [Code Root Fixup: 0.3 ms]
   [Code Root Migration: 0.0 ms]
   [Clear CT: 0.7 ms]
   [Other: 3.5 ms]
      [Choose CSet: 0.0 ms]
      [Ref Proc: 2.1 ms]
      [Ref Enq: 0.1 ms]
      [Free CSet: 0.3 ms]
   [Eden: 688.0M(672.0M)->0.0B(2688.0M) Survivors: 64.0M->80.0M Heap: 5915.0M(10.0G)->5242.5M(10.0G)]
 [Times: user=0.60 sys=0.01, real=0.04 secs] 
1689.252: Total time for which application threads were stopped: 0.0414200 seconds
1690.206: [GC concurrent-mark-end, 1.5199460 secs]
1690.207: [GC remark 1690.208: [GC ref-proc, 0.0040100 secs], 0.0126870 secs]
 [Times: user=0.17 sys=0.01, real=0.01 secs] 
1690.220: Total time for which application threads were stopped: 0.0141360 seconds
1690.221: [GC cleanup 6265M->6265M(10G), 0.0110920 secs]
 [Times: user=0.18 sys=0.00, real=0.01 secs] 
1690.232: Total time for which application threads were stopped: 0.0121260 seconds
1692.256: [GC pause (G1 Evacuation Pause) (young)
Desired survivor size 184549376 bytes, new threshold 15 (max 15)
- age   1:   39109544 bytes,   39109544 total
- age   2:    6835304 bytes,   45944848 total
, 0.0491580 secs]
   [Parallel Time: 44.6 ms, GC Workers: 18]
      [GC Worker Start (ms): Min: 1692256.2, Avg: 1692256.3, Max: 1692256.3, Diff: 0.1]
      [Ext Root Scanning (ms): Min: 4.2, Avg: 4.8, Max: 5.1, Diff: 0.9, Sum: 86.7]
      [Update RS (ms): Min: 10.0, Avg: 10.4, Max: 11.2, Diff: 1.2, Sum: 186.6]
         [Processed Buffers: Min: 20, Avg: 38.0, Max: 67, Diff: 47, Sum: 684]
      [Scan RS (ms): Min: 0.8, Avg: 1.2, Max: 1.3, Diff: 0.5, Sum: 21.1]
      [Code Root Scanning (ms): Min: 0.0, Avg: 0.0, Max: 0.0, Diff: 0.0, Sum: 0.1]
      [Object Copy (ms): Min: 27.8, Avg: 27.9, Max: 28.1, Diff: 0.2, Sum: 502.9]
      [Termination (ms): Min: 0.0, Avg: 0.0, Max: 0.0, Diff: 0.0, Sum: 0.0]
      [GC Worker Other (ms): Min: 0.0, Avg: 0.1, Max: 0.1, Diff: 0.1, Sum: 1.3]
      [GC Worker Total (ms): Min: 44.3, Avg: 44.4, Max: 44.4, Diff: 0.2, Sum: 798.7]
      [GC Worker End (ms): Min: 1692300.6, Avg: 1692300.7, Max: 1692300.7, Diff: 0.1]
   [Code Root Fixup: 0.3 ms]
   [Code Root Migration: 0.0 ms]
   [Clear CT: 0.9 ms]
   [Other: 3.3 ms]
      [Choose CSet: 0.0 ms]
      [Ref Proc: 1.6 ms]
      [Ref Enq: 0.1 ms]
      [Free CSet: 0.5 ms]
   [Eden: 2688.0M(2688.0M)->0.0B(400.0M) Survivors: 80.0M->112.0M Heap: 7930.5M(10.0G)->5279.5M(10.0G)]
 [Times: user=0.81 sys=0.01, real=0.05 secs] 
1692.305: Total time for which application threads were stopped: 0.0510310 seconds
1692.621: [GC pause (G1 Evacuation Pause) (mixed)
Desired survivor size 33554432 bytes, new threshold 1 (max 15)
- age   1:   52071792 bytes,   52071792 total
- age   2:   27149888 bytes,   79221680 total
- age   3:    6817680 bytes,   86039360 total
, 0.1152400 secs]
   [Parallel Time: 105.9 ms, GC Workers: 18]
      [GC Worker Start (ms): Min: 1692621.8, Avg: 1692621.9, Max: 1692622.0, Diff: 0.2]
      [Ext Root Scanning (ms): Min: 4.3, Avg: 4.9, Max: 5.4, Diff: 1.1, Sum: 87.4]
      [Update RS (ms): Min: 9.6, Avg: 10.2, Max: 11.0, Diff: 1.4, Sum: 184.1]
         [Processed Buffers: Min: 8, Avg: 38.6, Max: 87, Diff: 79, Sum: 694]
      [Scan RS (ms): Min: 22.6, Avg: 23.1, Max: 23.3, Diff: 0.7, Sum: 416.4]
      [Code Root Scanning (ms): Min: 0.0, Avg: 0.0, Max: 0.4, Diff: 0.4, Sum: 0.8]
      [Object Copy (ms): Min: 67.3, Avg: 67.4, Max: 67.6, Diff: 0.4, Sum: 1212.3]
      [Termination (ms): Min: 0.0, Avg: 0.0, Max: 0.1, Diff: 0.1, Sum: 0.8]
      [GC Worker Other (ms): Min: 0.0, Avg: 0.0, Max: 0.1, Diff: 0.0, Sum: 0.8]
      [GC Worker Total (ms): Min: 105.6, Avg: 105.7, Max: 105.8, Diff: 0.2, Sum: 1902.5]
      [GC Worker End (ms): Min: 1692727.6, Avg: 1692727.6, Max: 1692727.6, Diff: 0.0]
   [Code Root Fixup: 0.7 ms]
   [Code Root Migration: 1.3 ms]
   [Clear CT: 1.5 ms]
   [Other: 5.8 ms]
      [Choose CSet: 0.2 ms]
      [Ref Proc: 1.5 ms]
      [Ref Enq: 0.1 ms]
      [Free CSet: 0.6 ms]
   [Eden: 400.0M(400.0M)->0.0B(448.0M) Survivors: 112.0M->64.0M Heap: 5679.5M(10.0G)->5107.0M(10.0G)]
 [Times: user=1.92 sys=0.02, real=0.12 secs] 
1692.737: Total time for which application threads were stopped: 0.1168060 seconds
1693.032: [GC pause (G1 Evacuation Pause) (mixed)
Desired survivor size 33554432 bytes, new threshold 15 (max 15)
- age   1:   28585960 bytes,   28585960 total
, 0.0884050 secs]
   [Parallel Time: 79.2 ms, GC Workers: 18]
      [GC Worker Start (ms): Min: 1693032.7, Avg: 1693032.8, Max: 1693032.9, Diff: 0.2]
      [Ext Root Scanning (ms): Min: 4.6, Avg: 5.4, Max: 5.9, Diff: 1.3, Sum: 97.1]
      [Update RS (ms): Min: 5.1, Avg: 5.6, Max: 6.1, Diff: 1.0, Sum: 100.1]
         [Processed Buffers: Min: 18, Avg: 39.0, Max: 74, Diff: 56, Sum: 702]
      [Scan RS (ms): Min: 26.5, Avg: 27.2, Max: 27.3, Diff: 0.8, Sum: 489.8]
      [Code Root Scanning (ms): Min: 0.0, Avg: 0.0, Max: 0.7, Diff: 0.7, Sum: 0.8]
      [Object Copy (ms): Min: 40.6, Avg: 40.7, Max: 41.3, Diff: 0.6, Sum: 732.6]
      [Termination (ms): Min: 0.0, Avg: 0.1, Max: 0.1, Diff: 0.1, Sum: 1.0]
      [GC Worker Other (ms): Min: 0.0, Avg: 0.0, Max: 0.1, Diff: 0.0, Sum: 0.7]
      [GC Worker Total (ms): Min: 78.9, Avg: 79.0, Max: 79.1, Diff: 0.2, Sum: 1422.3]
      [GC Worker End (ms): Min: 1693111.8, Avg: 1693111.8, Max: 1693111.8, Diff: 0.0]
   [Code Root Fixup: 0.8 ms]
   [Code Root Migration: 1.2 ms]
   [Clear CT: 2.1 ms]
   [Other: 5.1 ms]
      [Choose CSet: 0.2 ms]
      [Ref Proc: 1.7 ms]
      [Ref Enq: 0.1 ms]
      [Free CSet: 0.5 ms]
   [Eden: 448.0M(448.0M)->0.0B(2672.0M) Survivors: 64.0M->64.0M Heap: 5555.0M(10.0G)->5056.1M(10.0G)]
 [Times: user=1.44 sys=0.02, real=0.09 secs] 
1693.121: Total time for which application threads were stopped: 0.0901230 seconds
1695.132: Total time for which application threads were stopped: 0.0013560 seconds
1695.664: [GC pause (G1 Evacuation Pause) (young)
Desired survivor size 184549376 bytes, new threshold 15 (max 15)
- age   1:    6380232 bytes,    6380232 total
- age   2:   25407760 bytes,   31787992 total
, 0.0638900 secs]
   [Parallel Time: 58.9 ms, GC Workers: 18]
      [GC Worker Start (ms): Min: 1695664.1, Avg: 1695664.2, Max: 1695664.3, Diff: 0.1]
      [Ext Root Scanning (ms): Min: 4.5, Avg: 4.9, Max: 5.4, Diff: 0.9, Sum: 89.1]
      [Update RS (ms): Min: 7.1, Avg: 7.5, Max: 7.9, Diff: 0.8, Sum: 134.2]
         [Processed Buffers: Min: 22, Avg: 41.3, Max: 80, Diff: 58, Sum: 743]
      [Scan RS (ms): Min: 2.7, Avg: 2.7, Max: 2.8, Diff: 0.1, Sum: 49.5]
      [Code Root Scanning (ms): Min: 0.0, Avg: 0.0, Max: 0.0, Diff: 0.0, Sum: 0.1]
      [Object Copy (ms): Min: 43.5, Avg: 43.6, Max: 43.8, Diff: 0.3, Sum: 784.8]
      [Termination (ms): Min: 0.0, Avg: 0.0, Max: 0.0, Diff: 0.0, Sum: 0.1]
      [GC Worker Other (ms): Min: 0.0, Avg: 0.0, Max: 0.1, Diff: 0.0, Sum: 0.9]
      [GC Worker Total (ms): Min: 58.7, Avg: 58.8, Max: 58.9, Diff: 0.2, Sum: 1058.6]
      [GC Worker End (ms): Min: 1695723.0, Avg: 1695723.0, Max: 1695723.0, Diff: 0.0]
   [Code Root Fixup: 0.2 ms]
   [Code Root Migration: 0.0 ms]
   [Clear CT: 1.2 ms]
   [Other: 3.5 ms]
      [Choose CSet: 0.0 ms]
      [Ref Proc: 1.7 ms]
      [Ref Enq: 0.1 ms]
      [Free CSet: 0.5 ms]
   [Eden: 2672.0M(2672.0M)->0.0B(2464.0M) Survivors: 64.0M->128.0M Heap: 7728.1M(10.0G)->5132.6M(10.0G)]
 [Times: user=1.07 sys=0.01, real=0.07 secs] 
1695.728: Total time for which application threads were stopped: 0.0656360 seconds
1698.066: [GC pause (G1 Evacuation Pause) (young) (initial-mark)
Desired survivor size 176160768 bytes, new threshold 15 (max 15)
- age   1:   73843784 bytes,   73843784 total
- age   2:    5282144 bytes,   79125928 total
- age   3:   25355592 bytes,  104481520 total
, 0.0776390 secs]
   [Parallel Time: 72.8 ms, GC Workers: 18]
      [GC Worker Start (ms): Min: 1698066.6, Avg: 1698066.7, Max: 1698066.8, Diff: 0.2]
      [Ext Root Scanning (ms): Min: 3.4, Avg: 4.2, Max: 4.6, Diff: 1.2, Sum: 76.2]
      [Code Root Marking (ms): Min: 0.2, Avg: 1.0, Max: 4.9, Diff: 4.7, Sum: 17.2]
      [Update RS (ms): Min: 3.1, Avg: 6.3, Max: 6.8, Diff: 3.8, Sum: 112.9]
         [Processed Buffers: Min: 25, Avg: 41.2, Max: 70, Diff: 45, Sum: 741]
      [Scan RS (ms): Min: 1.2, Avg: 1.5, Max: 1.5, Diff: 0.3, Sum: 26.4]
      [Code Root Scanning (ms): Min: 0.0, Avg: 0.0, Max: 0.0, Diff: 0.0, Sum: 0.1]
      [Object Copy (ms): Min: 59.4, Avg: 59.6, Max: 59.7, Diff: 0.3, Sum: 1072.8]
      [Termination (ms): Min: 0.0, Avg: 0.0, Max: 0.0, Diff: 0.0, Sum: 0.1]
      [GC Worker Other (ms): Min: 0.0, Avg: 0.0, Max: 0.1, Diff: 0.1, Sum: 0.8]
      [GC Worker Total (ms): Min: 72.5, Avg: 72.6, Max: 72.7, Diff: 0.2, Sum: 1306.3]
      [GC Worker End (ms): Min: 1698139.2, Avg: 1698139.3, Max: 1698139.3, Diff: 0.0]
   [Code Root Fixup: 0.2 ms]
   [Code Root Migration: 0.0 ms]
   [Clear CT: 0.9 ms]
   [Other: 3.7 ms]
      [Choose CSet: 0.0 ms]
      [Ref Proc: 1.6 ms]
      [Ref Enq: 0.1 ms]
      [Free CSet: 0.5 ms]
   [Eden: 2464.0M(2464.0M)->0.0B(2096.0M) Survivors: 128.0M->272.0M Heap: 7596.6M(10.0G)->5282.5M(10.0G)]
 [Times: user=1.31 sys=0.02, real=0.07 secs] 
1698.144: [GC concurrent-root-region-scan-start]
1698.144: Total time for which application threads were stopped: 0.0793850 seconds
1698.201: [GC concurrent-root-region-scan-end, 0.0570830 secs]
1698.201: [GC concurrent-mark-start]
1699.593: [GC concurrent-mark-end, 1.3923820 secs]
1699.595: [GC remark 1699.596: [GC ref-proc, 0.0027920 secs], 0.0119850 secs]
 [Times: user=0.16 sys=0.01, real=0.02 secs] 
1699.607: Total time for which application threads were stopped: 0.0136770 seconds
1699.608: [GC cleanup 6806M->6800M(10G), 0.0122960 secs]
 [Times: user=0.21 sys=0.00, real=0.01 secs] 
1699.620: Total time for which application threads were stopped: 0.0132450 seconds
1699.620: [GC concurrent-cleanup-start]
1699.620: [GC concurrent-cleanup-end, 0.0000350 secs]
1700.201: Total time for which application threads were stopped: 0.0011580 seconds
1700.201: [GC pause (GCLocker Initiated GC) (young)
Desired survivor size 159383552 bytes, new threshold 4 (max 15)
- age   1:   64462952 bytes,   64462952 total
- age   2:   68976288 bytes,  133439240 total
- age   3:    5071280 bytes,  138510520 total
- age   4:   25270664 bytes,  163781184 total
, 0.0668860 secs]
   [Parallel Time: 61.7 ms, GC Workers: 18]
      [GC Worker Start (ms): Min: 1700202.0, Avg: 1700202.0, Max: 1700202.1, Diff: 0.1]
      [Ext Root Scanning (ms): Min: 4.3, Avg: 4.7, Max: 5.2, Diff: 1.0, Sum: 84.2]
      [Update RS (ms): Min: 8.2, Avg: 8.8, Max: 9.3, Diff: 1.1, Sum: 157.9]
         [Processed Buffers: Min: 28, Avg: 41.6, Max: 65, Diff: 37, Sum: 749]
      [Scan RS (ms): Min: 4.3, Avg: 4.9, Max: 5.1, Diff: 0.8, Sum: 88.5]
      [Code Root Scanning (ms): Min: 0.0, Avg: 0.0, Max: 0.0, Diff: 0.0, Sum: 0.0]
      [Object Copy (ms): Min: 43.0, Avg: 43.2, Max: 43.6, Diff: 0.6, Sum: 776.7]
      [Termination (ms): Min: 0.0, Avg: 0.0, Max: 0.0, Diff: 0.0, Sum: 0.3]
      [GC Worker Other (ms): Min: 0.0, Avg: 0.1, Max: 0.1, Diff: 0.1, Sum: 1.0]
      [GC Worker Total (ms): Min: 61.5, Avg: 61.6, Max: 61.7, Diff: 0.2, Sum: 1108.7]
      [GC Worker End (ms): Min: 1700263.6, Avg: 1700263.6, Max: 1700263.7, Diff: 0.1]
   [Code Root Fixup: 0.2 ms]
   [Code Root Migration: 0.0 ms]
   [Clear CT: 1.3 ms]
   [Other: 3.6 ms]
      [Choose CSet: 0.0 ms]
      [Ref Proc: 1.6 ms]
      [Ref Enq: 0.1 ms]
      [Free CSet: 0.6 ms]
   [Eden: 2112.0M(2096.0M)->0.0B(288.0M) Survivors: 272.0M->224.0M Heap: 7372.9M(10.0G)->5244.9M(10.0G)]
 [Times: user=1.13 sys=0.01, real=0.07 secs] 
1700.269: Total time for which application threads were stopped: 0.0677300 seconds
1700.367: [GC pause (G1 Evacuation Pause) (mixed)
Desired survivor size 33554432 bytes, new threshold 2 (max 15)
- age   1:   16998904 bytes,   16998904 total
- age   2:   58986792 bytes,   75985696 total
- age   3:   58558800 bytes,  134544496 total
- age   4:    3388560 bytes,  137933056 total
, 0.1059390 secs]
   [Parallel Time: 97.0 ms, GC Workers: 18]
      [GC Worker Start (ms): Min: 1700367.3, Avg: 1700367.3, Max: 1700367.4, Diff: 0.1]
      [Ext Root Scanning (ms): Min: 3.9, Avg: 4.8, Max: 5.4, Diff: 1.5, Sum: 86.9]
      [Update RS (ms): Min: 4.6, Avg: 5.1, Max: 6.1, Diff: 1.6, Sum: 92.2]
         [Processed Buffers: Min: 12, Avg: 36.0, Max: 59, Diff: 47, Sum: 648]
      [Scan RS (ms): Min: 24.5, Avg: 24.8, Max: 25.3, Diff: 0.8, Sum: 445.9]
      [Code Root Scanning (ms): Min: 0.0, Avg: 0.0, Max: 0.2, Diff: 0.2, Sum: 0.5]
      [Object Copy (ms): Min: 61.5, Avg: 62.0, Max: 62.2, Diff: 0.7, Sum: 1116.5]
      [Termination (ms): Min: 0.0, Avg: 0.0, Max: 0.0, Diff: 0.0, Sum: 0.1]
      [GC Worker Other (ms): Min: 0.0, Avg: 0.0, Max: 0.1, Diff: 0.0, Sum: 0.6]
      [GC Worker Total (ms): Min: 96.8, Avg: 96.8, Max: 96.9, Diff: 0.1, Sum: 1742.9]
      [GC Worker End (ms): Min: 1700464.1, Avg: 1700464.2, Max: 1700464.2, Diff: 0.0]
   [Code Root Fixup: 0.6 ms]
   [Code Root Migration: 0.8 ms]
   [Clear CT: 1.6 ms]
   [Other: 5.9 ms]
      [Choose CSet: 0.2 ms]
      [Ref Proc: 1.5 ms]
      [Ref Enq: 0.1 ms]
      [Free CSet: 0.5 ms]
   [Eden: 288.0M(288.0M)->0.0B(3904.0M) Survivors: 224.0M->64.0M Heap: 5532.9M(10.0G)->5168.3M(10.0G)]
 [Times: user=1.76 sys=0.02, real=0.10 secs] 
1700.473: Total time for which application threads were stopped: 0.1073990 seconds
1704.628: Total time for which application threads were stopped: 0.0011560 seconds
1704.629: [GC pause (GCLocker Initiated GC) (young)
Desired survivor size 260046848 bytes, new threshold 15 (max 15)
- age   1:    1326632 bytes,    1326632 total
- age   2:   15991368 bytes,   17318000 total
, 0.0223170 secs]
   [Parallel Time: 17.4 ms, GC Workers: 18]
      [GC Worker Start (ms): Min: 1704629.4, Avg: 1704629.5, Max: 1704629.6, Diff: 0.1]
      [Ext Root Scanning (ms): Min: 3.9, Avg: 4.8, Max: 5.2, Diff: 1.4, Sum: 85.6]
      [Update RS (ms): Min: 6.4, Avg: 6.8, Max: 7.8, Diff: 1.4, Sum: 123.3]
         [Processed Buffers: Min: 24, Avg: 42.4, Max: 60, Diff: 36, Sum: 763]
      [Scan RS (ms): Min: 0.5, Avg: 0.6, Max: 0.7, Diff: 0.2, Sum: 10.7]
      [Code Root Scanning (ms): Min: 0.0, Avg: 0.0, Max: 0.0, Diff: 0.0, Sum: 0.1]
      [Object Copy (ms): Min: 4.8, Avg: 5.0, Max: 5.2, Diff: 0.4, Sum: 89.3]
      [Termination (ms): Min: 0.0, Avg: 0.0, Max: 0.0, Diff: 0.0, Sum: 0.1]
      [GC Worker Other (ms): Min: 0.0, Avg: 0.0, Max: 0.1, Diff: 0.1, Sum: 0.7]
      [GC Worker Total (ms): Min: 17.1, Avg: 17.2, Max: 17.3, Diff: 0.1, Sum: 309.8]
      [GC Worker End (ms): Min: 1704646.7, Avg: 1704646.7, Max: 1704646.7, Diff: 0.1]
   [Code Root Fixup: 0.2 ms]
   [Code Root Migration: 0.0 ms]
   [Clear CT: 1.5 ms]
   [Other: 3.2 ms]
      [Choose CSet: 0.0 ms]
      [Ref Proc: 1.4 ms]
      [Ref Enq: 0.1 ms]
      [Free CSet: 0.7 ms]
   [Eden: 3920.0M(3904.0M)->0.0B(3936.0M) Survivors: 64.0M->48.0M Heap: 9072.6M(10.0G)->5148.1M(10.0G)]
 [Times: user=0.34 sys=0.01, real=0.02 secs] 
1704.652: Total time for which application threads were stopped: 0.0231060 seconds
1704.684: Total time for which application threads were stopped: 0.0067020 seconds
1704.693: Total time for which application threads were stopped: 0.0010910 seconds
1704.707: Total time for which application threads were stopped: 0.0009390 seconds
1709.018: [GC pause (G1 Evacuation Pause) (young) (initial-mark)
Desired survivor size 268435456 bytes, new threshold 15 (max 15)
- age   1:   12828976 bytes,   12828976 total
- age   2:     135712 bytes,   12964688 total
- age   3:    6045360 bytes,   19010048 total
, 0.0201740 secs]
   [Parallel Time: 14.8 ms, GC Workers: 18]
      [GC Worker Start (ms): Min: 1709018.7, Avg: 1709018.8, Max: 1709018.9, Diff: 0.2]
      [Ext Root Scanning (ms): Min: 3.8, Avg: 4.5, Max: 5.0, Diff: 1.1, Sum: 80.2]
      [Code Root Marking (ms): Min: 0.1, Avg: 1.2, Max: 8.3, Diff: 8.1, Sum: 21.6]
      [Update RS (ms): Min: 0.0, Avg: 3.1, Max: 3.4, Diff: 3.4, Sum: 55.2]
         [Processed Buffers: Min: 0, Avg: 36.7, Max: 61, Diff: 61, Sum: 660]
      [Scan RS (ms): Min: 0.1, Avg: 0.2, Max: 0.2, Diff: 0.1, Sum: 3.4]
      [Code Root Scanning (ms): Min: 0.0, Avg: 0.0, Max: 0.0, Diff: 0.0, Sum: 0.1]
      [Object Copy (ms): Min: 2.0, Avg: 5.4, Max: 5.8, Diff: 3.8, Sum: 96.9]
      [Termination (ms): Min: 0.0, Avg: 0.2, Max: 0.3, Diff: 0.3, Sum: 4.3]
      [GC Worker Other (ms): Min: 0.0, Avg: 0.0, Max: 0.1, Diff: 0.1, Sum: 0.6]
      [GC Worker Total (ms): Min: 14.5, Avg: 14.6, Max: 14.7, Diff: 0.2, Sum: 262.3]
      [GC Worker End (ms): Min: 1709033.4, Avg: 1709033.4, Max: 1709033.4, Diff: 0.0]
   [Code Root Fixup: 0.3 ms]
   [Code Root Migration: 0.0 ms]
   [Clear CT: 1.2 ms]
   [Other: 3.8 ms]
      [Choose CSet: 0.0 ms]
      [Ref Proc: 1.7 ms]
      [Ref Enq: 0.1 ms]
      [Free CSet: 0.7 ms]
   [Eden: 3936.0M(3936.0M)->0.0B(3952.0M) Survivors: 48.0M->48.0M Heap: 9084.1M(10.0G)->5145.2M(10.0G)]
 [Times: user=0.28 sys=0.00, real=0.02 secs] 
1709.038: [GC concurrent-root-region-scan-start]
1709.039: Total time for which application threads were stopped: 0.0217960 seconds
1709.063: [GC concurrent-root-region-scan-end, 0.0240980 secs]
1709.063: [GC concurrent-mark-start]
1709.993: [GC concurrent-mark-end, 0.9307190 secs]
1709.995: [GC remark 1709.995: [GC ref-proc, 0.0025630 secs], 0.0108130 secs]
 [Times: user=0.14 sys=0.00, real=0.01 secs] 
1710.006: Total time for which application threads were stopped: 0.0122560 seconds
1710.006: [GC cleanup 6088M->5912M(10G), 0.0112750 secs]
 [Times: user=0.18 sys=0.00, real=0.02 secs] 
1710.018: Total time for which application threads were stopped: 0.0121740 seconds
1710.018: [GC concurrent-cleanup-start]
1710.018: [GC concurrent-cleanup-end, 0.0001490 secs]
1713.563: [GC pause (G1 Evacuation Pause) (young)
Desired survivor size 268435456 bytes, new threshold 15 (max 15)
- age   1:   12251160 bytes,   12251160 total
- age   2:    8147512 bytes,   20398672 total
- age   3:     126560 bytes,   20525232 total
- age   4:    5947352 bytes,   26472584 total
, 0.0199400 secs]
   [Parallel Time: 14.9 ms, GC Workers: 18]
      [GC Worker Start (ms): Min: 1713563.5, Avg: 1713563.6, Max: 1713563.6, Diff: 0.1]
      [Ext Root Scanning (ms): Min: 4.0, Avg: 4.6, Max: 5.2, Diff: 1.1, Sum: 83.4]
      [Update RS (ms): Min: 2.8, Avg: 4.7, Max: 8.0, Diff: 5.3, Sum: 83.9]
         [Processed Buffers: Min: 21, Avg: 34.1, Max: 66, Diff: 45, Sum: 614]
      [Scan RS (ms): Min: 0.0, Avg: 0.1, Max: 0.2, Diff: 0.2, Sum: 1.5]
      [Code Root Scanning (ms): Min: 0.0, Avg: 0.0, Max: 0.0, Diff: 0.0, Sum: 0.1]
      [Object Copy (ms): Min: 2.3, Avg: 5.2, Max: 6.6, Diff: 4.2, Sum: 93.9]
      [Termination (ms): Min: 0.0, Avg: 0.1, Max: 0.1, Diff: 0.1, Sum: 2.1]
      [GC Worker Other (ms): Min: 0.0, Avg: 0.0, Max: 0.1, Diff: 0.0, Sum: 0.6]
      [GC Worker Total (ms): Min: 14.7, Avg: 14.7, Max: 14.8, Diff: 0.1, Sum: 265.4]
      [GC Worker End (ms): Min: 1713578.3, Avg: 1713578.3, Max: 1713578.3, Diff: 0.0]
   [Code Root Fixup: 0.3 ms]
   [Code Root Migration: 0.0 ms]
   [Clear CT: 1.2 ms]
   [Other: 3.5 ms]
      [Choose CSet: 0.0 ms]
      [Ref Proc: 1.6 ms]
      [Ref Enq: 0.1 ms]
      [Free CSet: 0.7 ms]
   [Eden: 3952.0M(3952.0M)->0.0B(464.0M) Survivors: 48.0M->48.0M Heap: 8921.2M(10.0G)->4965.3M(10.0G)]
 [Times: user=0.26 sys=0.00, real=0.02 secs] 
1713.583: Total time for which application threads were stopped: 0.0216990 seconds
1713.900: [GC pause (G1 Evacuation Pause) (mixed)
Desired survivor size 33554432 bytes, new threshold 15 (max 15)
- age   1:   11428928 bytes,   11428928 total
- age   2:    7474912 bytes,   18903840 total
- age   3:    3607128 bytes,   22510968 total
- age   4:      34472 bytes,   22545440 total
- age   5:    5438440 bytes,   27983880 total
, 0.0785270 secs]
   [Parallel Time: 69.5 ms, GC Workers: 18]
      [GC Worker Start (ms): Min: 1713901.3, Avg: 1713901.4, Max: 1713901.5, Diff: 0.1]
      [Ext Root Scanning (ms): Min: 4.2, Avg: 4.8, Max: 5.2, Diff: 1.1, Sum: 86.2]
      [Update RS (ms): Min: 2.2, Avg: 3.8, Max: 13.9, Diff: 11.7, Sum: 67.9]
         [Processed Buffers: Min: 5, Avg: 33.2, Max: 65, Diff: 60, Sum: 597]
      [Scan RS (ms): Min: 9.0, Avg: 19.3, Max: 30.7, Diff: 21.7, Sum: 347.3]
      [Code Root Scanning (ms): Min: 0.0, Avg: 0.0, Max: 0.2, Diff: 0.2, Sum: 0.5]
      [Object Copy (ms): Min: 30.0, Avg: 41.3, Max: 42.2, Diff: 12.2, Sum: 744.1]
      [Termination (ms): Min: 0.0, Avg: 0.1, Max: 0.1, Diff: 0.1, Sum: 2.0]
      [GC Worker Other (ms): Min: 0.0, Avg: 0.0, Max: 0.0, Diff: 0.0, Sum: 0.4]
      [GC Worker Total (ms): Min: 69.3, Avg: 69.4, Max: 69.4, Diff: 0.1, Sum: 1248.4]
      [GC Worker End (ms): Min: 1713970.7, Avg: 1713970.8, Max: 1713970.8, Diff: 0.0]
   [Code Root Fixup: 0.6 ms]
   [Code Root Migration: 0.8 ms]
   [Clear CT: 1.9 ms]
   [Other: 5.8 ms]
      [Choose CSet: 0.4 ms]
      [Ref Proc: 1.6 ms]
      [Ref Enq: 0.1 ms]
      [Free CSet: 1.1 ms]
   [Eden: 464.0M(464.0M)->0.0B(464.0M) Survivors: 48.0M->48.0M Heap: 5429.3M(10.0G)->4309.0M(10.0G)]
 [Times: user=1.21 sys=0.01, real=0.08 secs] 
1713.979: Total time for which application threads were stopped: 0.0799190 seconds
1714.292: [GC pause (G1 Evacuation Pause) (mixed)
Desired survivor size 33554432 bytes, new threshold 15 (max 15)
- age   1:    2452048 bytes,    2452048 total
- age   2:    9723528 bytes,   12175576 total
- age   3:    7438864 bytes,   19614440 total
- age   4:    3559384 bytes,   23173824 total
- age   5:      28536 bytes,   23202360 total
- age   6:    5432192 bytes,   28634552 total
, 0.0611260 secs]
   [Parallel Time: 54.6 ms, GC Workers: 18]
      [GC Worker Start (ms): Min: 1714292.4, Avg: 1714292.5, Max: 1714292.6, Diff: 0.2]
      [Ext Root Scanning (ms): Min: 4.4, Avg: 5.0, Max: 5.7, Diff: 1.3, Sum: 89.3]
      [Update RS (ms): Min: 7.7, Avg: 8.3, Max: 8.9, Diff: 1.2, Sum: 149.2]
         [Processed Buffers: Min: 28, Avg: 43.9, Max: 61, Diff: 33, Sum: 790]
      [Scan RS (ms): Min: 13.7, Avg: 14.1, Max: 14.6, Diff: 0.8, Sum: 254.1]
      [Code Root Scanning (ms): Min: 0.0, Avg: 0.0, Max: 0.2, Diff: 0.2, Sum: 0.2]
      [Object Copy (ms): Min: 26.2, Avg: 26.9, Max: 27.4, Diff: 1.2, Sum: 483.8]
      [Termination (ms): Min: 0.1, Avg: 0.2, Max: 0.2, Diff: 0.1, Sum: 2.7]
      [GC Worker Other (ms): Min: 0.0, Avg: 0.0, Max: 0.1, Diff: 0.0, Sum: 0.7]
      [GC Worker Total (ms): Min: 54.3, Avg: 54.4, Max: 54.5, Diff: 0.2, Sum: 980.0]
      [GC Worker End (ms): Min: 1714346.9, Avg: 1714346.9, Max: 1714347.0, Diff: 0.0]
   [Code Root Fixup: 0.4 ms]
   [Code Root Migration: 0.5 ms]
   [Clear CT: 1.5 ms]
   [Other: 4.2 ms]
      [Choose CSet: 0.2 ms]
      [Ref Proc: 1.5 ms]
      [Ref Enq: 0.1 ms]
      [Free CSet: 0.5 ms]
   [Eden: 464.0M(464.0M)->0.0B(4880.0M) Survivors: 48.0M->48.0M Heap: 4773.0M(10.0G)->4222.4M(10.0G)]
 [Times: user=1.00 sys=0.01, real=0.06 secs] 
1714.353: Total time for which application threads were stopped: 0.0627080 seconds
1714.400: Total time for which application threads were stopped: 0.0012040 seconds
1716.126: Total time for which application threads were stopped: 0.0012910 seconds
1719.828: [GC pause (G1 Evacuation Pause) (young)
Desired survivor size 327155712 bytes, new threshold 15 (max 15)
- age   1:     901304 bytes,     901304 total
- age   2:    1503440 bytes,    2404744 total
- age   3:    9486712 bytes,   11891456 total
- age   4:    7361400 bytes,   19252856 total
- age   5:    3533552 bytes,   22786408 total
- age   6:      28232 bytes,   22814640 total
- age   7:    5426976 bytes,   28241616 total
, 0.0341740 secs]
   [Parallel Time: 28.3 ms, GC Workers: 18]
      [GC Worker Start (ms): Min: 1719828.1, Avg: 1719828.1, Max: 1719828.2, Diff: 0.1]
      [Ext Root Scanning (ms): Min: 4.1, Avg: 4.6, Max: 5.1, Diff: 1.0, Sum: 83.4]
      [Update RS (ms): Min: 11.5, Avg: 12.0, Max: 14.2, Diff: 2.8, Sum: 215.5]
         [Processed Buffers: Min: 5, Avg: 50.2, Max: 83, Diff: 78, Sum: 904]
      [Scan RS (ms): Min: 0.0, Avg: 0.4, Max: 0.5, Diff: 0.5, Sum: 7.0]
      [Code Root Scanning (ms): Min: 0.0, Avg: 0.0, Max: 0.0, Diff: 0.0, Sum: 0.1]
      [Object Copy (ms): Min: 9.8, Avg: 11.1, Max: 11.4, Diff: 1.6, Sum: 200.6]
      [Termination (ms): Min: 0.0, Avg: 0.0, Max: 0.0, Diff: 0.0, Sum: 0.2]
      [GC Worker Other (ms): Min: 0.0, Avg: 0.1, Max: 0.1, Diff: 0.1, Sum: 1.1]
      [GC Worker Total (ms): Min: 28.1, Avg: 28.2, Max: 28.3, Diff: 0.2, Sum: 507.7]
      [GC Worker End (ms): Min: 1719856.3, Avg: 1719856.3, Max: 1719856.4, Diff: 0.1]
   [Code Root Fixup: 0.2 ms]
   [Code Root Migration: 0.1 ms]
   [Clear CT: 1.9 ms]
   [Other: 3.7 ms]
      [Choose CSet: 0.0 ms]
      [Ref Proc: 1.6 ms]
      [Ref Enq: 0.1 ms]
      [Free CSet: 0.9 ms]
   [Eden: 4880.0M(4880.0M)->0.0B(4848.0M) Survivors: 48.0M->80.0M Heap: 9102.4M(10.0G)->4252.8M(10.0G)]
 [Times: user=0.51 sys=0.02, real=0.04 secs] 
1719.862: Total time for which application threads were stopped: 0.0358720 seconds
1724.423: Total time for which application threads were stopped: 0.0012620 seconds
1725.629: [GC pause (G1 Evacuation Pause) (young)
Desired survivor size 327155712 bytes, new threshold 15 (max 15)
- age   1:   31558832 bytes,   31558832 total
- age   2:     163248 bytes,   31722080 total
- age   3:     131152 bytes,   31853232 total
- age   4:    5985736 bytes,   37838968 total
- age   5:    4740904 bytes,   42579872 total
- age   6:    1307576 bytes,   43887448 total
- age   7:      27880 bytes,   43915328 total
- age   8:    5413832 bytes,   49329160 total
, 0.0263300 secs]
   [Parallel Time: 20.7 ms, GC Workers: 18]
      [GC Worker Start (ms): Min: 1725629.5, Avg: 1725629.6, Max: 1725629.7, Diff: 0.1]
      [Ext Root Scanning (ms): Min: 4.6, Avg: 5.0, Max: 5.4, Diff: 0.9, Sum: 90.3]
      [Update RS (ms): Min: 3.0, Avg: 3.5, Max: 4.0, Diff: 1.0, Sum: 62.5]
         [Processed Buffers: Min: 19, Avg: 35.1, Max: 53, Diff: 34, Sum: 631]
      [Scan RS (ms): Min: 0.2, Avg: 0.2, Max: 0.3, Diff: 0.0, Sum: 4.4]
      [Code Root Scanning (ms): Min: 0.0, Avg: 0.0, Max: 0.0, Diff: 0.0, Sum: 0.1]
      [Object Copy (ms): Min: 11.7, Avg: 11.7, Max: 11.9, Diff: 0.2, Sum: 211.1]
      [Termination (ms): Min: 0.0, Avg: 0.0, Max: 0.0, Diff: 0.0, Sum: 0.1]
      [GC Worker Other (ms): Min: 0.0, Avg: 0.1, Max: 0.1, Diff: 0.1, Sum: 1.2]
      [GC Worker Total (ms): Min: 20.4, Avg: 20.5, Max: 20.6, Diff: 0.2, Sum: 369.7]
      [GC Worker End (ms): Min: 1725650.1, Avg: 1725650.1, Max: 1725650.2, Diff: 0.1]
   [Code Root Fixup: 0.2 ms]
   [Code Root Migration: 0.1 ms]
   [Clear CT: 1.4 ms]
   [Other: 3.9 ms]
      [Choose CSet: 0.0 ms]
      [Ref Proc: 1.7 ms]
      [Ref Enq: 0.1 ms]
      [Free CSet: 0.8 ms]
   [Eden: 4848.0M(4848.0M)->0.0B(4848.0M) Survivors: 80.0M->80.0M Heap: 9100.8M(10.0G)->4260.6M(10.0G)]
 [Times: user=0.39 sys=0.01, real=0.03 secs] 
1725.656: Total time for which application threads were stopped: 0.0280240 seconds
1731.222: [GC pause (G1 Evacuation Pause) (young)
Desired survivor size 327155712 bytes, new threshold 15 (max 15)
- age   1:   12855696 bytes,   12855696 total
- age   2:   26035704 bytes,   38891400 total
- age   3:     105976 bytes,   38997376 total
- age   4:     102256 bytes,   39099632 total
- age   5:    3569776 bytes,   42669408 total
- age   6:    2557672 bytes,   45227080 total
- age   7:    1281192 bytes,   46508272 total
- age   8:      27848 bytes,   46536120 total
- age   9:    5406024 bytes,   51942144 total
, 0.0270750 secs]
   [Parallel Time: 21.5 ms, GC Workers: 18]
      [GC Worker Start (ms): Min: 1731222.2, Avg: 1731222.3, Max: 1731222.4, Diff: 0.1]
      [Ext Root Scanning (ms): Min: 4.3, Avg: 4.7, Max: 5.5, Diff: 1.2, Sum: 85.3]
      [Update RS (ms): Min: 2.6, Avg: 3.7, Max: 4.2, Diff: 1.6, Sum: 65.9]
         [Processed Buffers: Min: 24, Avg: 38.7, Max: 60, Diff: 36, Sum: 696]
      [Scan RS (ms): Min: 0.2, Avg: 0.2, Max: 0.3, Diff: 0.0, Sum: 4.4]
      [Code Root Scanning (ms): Min: 0.0, Avg: 0.0, Max: 0.0, Diff: 0.0, Sum: 0.1]
      [Object Copy (ms): Min: 12.0, Avg: 12.1, Max: 12.7, Diff: 0.7, Sum: 218.1]
      [Termination (ms): Min: 0.0, Avg: 0.6, Max: 0.6, Diff: 0.6, Sum: 10.4]
      [GC Worker Other (ms): Min: 0.0, Avg: 0.1, Max: 0.1, Diff: 0.1, Sum: 0.9]
      [GC Worker Total (ms): Min: 21.3, Avg: 21.4, Max: 21.5, Diff: 0.2, Sum: 385.1]
      [GC Worker End (ms): Min: 1731243.7, Avg: 1731243.7, Max: 1731243.7, Diff: 0.1]
   [Code Root Fixup: 0.3 ms]
   [Code Root Migration: 0.1 ms]
   [Clear CT: 1.4 ms]
   [Other: 3.8 ms]
      [Choose CSet: 0.0 ms]
      [Ref Proc: 1.5 ms]
      [Ref Enq: 0.1 ms]
      [Free CSet: 0.8 ms]
   [Eden: 4848.0M(4848.0M)->0.0B(4816.0M) Survivors: 80.0M->96.0M Heap: 9108.6M(10.0G)->4283.4M(10.0G)]
 [Times: user=0.41 sys=0.00, real=0.02 secs] 
1731.249: Total time for which application threads were stopped: 0.0287510 seconds
1735.089: Total time for which application threads were stopped: 0.0072520 seconds
1735.098: Total time for which application threads were stopped: 0.0011790 seconds
1735.124: Total time for which application threads were stopped: 0.0010740 seconds
1736.245: [GC pause (G1 Evacuation Pause) (young)
Desired survivor size 327155712 bytes, new threshold 15 (max 15)
- age   1:   13719008 bytes,   13719008 total
- age   2:    6323024 bytes,   20042032 total
- age   3:   23109760 bytes,   43151792 total
- age   4:      89808 bytes,   43241600 total
- age   5:      85760 bytes,   43327360 total
- age   6:    1435896 bytes,   44763256 total
- age   7:    2514440 bytes,   47277696 total
- age   8:    1256848 bytes,   48534544 total
- age   9:      27824 bytes,   48562368 total
- age  10:    5399392 bytes,   53961760 total
, 0.0276090 secs]
   [Parallel Time: 21.8 ms, GC Workers: 18]
      [GC Worker Start (ms): Min: 1736245.9, Avg: 1736246.0, Max: 1736246.0, Diff: 0.1]
      [Ext Root Scanning (ms): Min: 4.7, Avg: 5.3, Max: 5.8, Diff: 1.0, Sum: 94.8]
      [Update RS (ms): Min: 3.3, Avg: 3.8, Max: 4.3, Diff: 1.1, Sum: 67.8]
         [Processed Buffers: Min: 16, Avg: 35.8, Max: 55, Diff: 39, Sum: 644]
      [Scan RS (ms): Min: 0.2, Avg: 0.2, Max: 0.3, Diff: 0.0, Sum: 4.3]
      [Code Root Scanning (ms): Min: 0.0, Avg: 0.0, Max: 0.0, Diff: 0.0, Sum: 0.1]
      [Object Copy (ms): Min: 12.3, Avg: 12.4, Max: 12.6, Diff: 0.3, Sum: 222.6]
      [Termination (ms): Min: 0.0, Avg: 0.0, Max: 0.0, Diff: 0.0, Sum: 0.1]
      [GC Worker Other (ms): Min: 0.0, Avg: 0.1, Max: 0.1, Diff: 0.1, Sum: 1.0]
      [GC Worker Total (ms): Min: 21.6, Avg: 21.7, Max: 21.8, Diff: 0.2, Sum: 390.7]
      [GC Worker End (ms): Min: 1736267.7, Avg: 1736267.7, Max: 1736267.7, Diff: 0.1]
   [Code Root Fixup: 0.3 ms]
   [Code Root Migration: 0.1 ms]
   [Clear CT: 1.5 ms]
   [Other: 3.9 ms]
      [Choose CSet: 0.0 ms]
      [Ref Proc: 1.6 ms]
      [Ref Enq: 0.1 ms]
      [Free CSet: 0.9 ms]
   [Eden: 4816.0M(4816.0M)->0.0B(4848.0M) Survivors: 96.0M->80.0M Heap: 9099.4M(10.0G)->4262.4M(10.0G)]
 [Times: user=0.42 sys=0.00, real=0.03 secs] 
1736.273: Total time for which application threads were stopped: 0.0292740 seconds
1741.798: [GC pause (G1 Evacuation Pause) (young)
Desired survivor size 327155712 bytes, new threshold 15 (max 15)
- age   1:   12980392 bytes,   12980392 total
- age   2:    7996800 bytes,   20977192 total
- age   3:    3864408 bytes,   24841600 total
- age   4:   20859112 bytes,   45700712 total
- age   5:      87088 bytes,   45787800 total
- age   6:      80728 bytes,   45868528 total
- age   7:    1410312 bytes,   47278840 total
- age   8:    2169544 bytes,   49448384 total
- age   9:    1245352 bytes,   50693736 total
- age  10:      27824 bytes,   50721560 total
- age  11:    5397776 bytes,   56119336 total
, 0.0273100 secs]
   [Parallel Time: 21.7 ms, GC Workers: 18]
      [GC Worker Start (ms): Min: 1741798.9, Avg: 1741799.0, Max: 1741799.1, Diff: 0.2]
      [Ext Root Scanning (ms): Min: 4.4, Avg: 5.0, Max: 5.3, Diff: 0.9, Sum: 89.3]
      [Update RS (ms): Min: 3.6, Avg: 3.9, Max: 4.4, Diff: 0.8, Sum: 70.5]
         [Processed Buffers: Min: 24, Avg: 38.4, Max: 66, Diff: 42, Sum: 691]
      [Scan RS (ms): Min: 0.2, Avg: 0.2, Max: 0.3, Diff: 0.0, Sum: 4.3]
      [Code Root Scanning (ms): Min: 0.0, Avg: 0.0, Max: 0.0, Diff: 0.0, Sum: 0.1]
      [Object Copy (ms): Min: 12.3, Avg: 12.3, Max: 12.4, Diff: 0.2, Sum: 221.7]
      [Termination (ms): Min: 0.0, Avg: 0.0, Max: 0.0, Diff: 0.0, Sum: 0.0]
      [GC Worker Other (ms): Min: 0.0, Avg: 0.1, Max: 0.1, Diff: 0.1, Sum: 1.3]
      [GC Worker Total (ms): Min: 21.4, Avg: 21.5, Max: 21.6, Diff: 0.2, Sum: 387.2]
      [GC Worker End (ms): Min: 1741820.5, Avg: 1741820.5, Max: 1741820.5, Diff: 0.1]
   [Code Root Fixup: 0.2 ms]
   [Code Root Migration: 0.1 ms]
   [Clear CT: 1.4 ms]
   [Other: 3.9 ms]
      [Choose CSet: 0.0 ms]
      [Ref Proc: 1.7 ms]
      [Ref Enq: 0.1 ms]
      [Free CSet: 0.9 ms]
   [Eden: 4848.0M(4848.0M)->0.0B(4784.0M) Survivors: 80.0M->112.0M Heap: 9110.4M(10.0G)->4285.9M(10.0G)]
 [Times: user=0.41 sys=0.00, real=0.03 secs] 
1741.826: Total time for which application threads were stopped: 0.0289550 seconds
1744.523: Total time for which application threads were stopped: 0.0012020 seconds
1747.434: [GC pause (G1 Evacuation Pause) (young)
Desired survivor size 327155712 bytes, new threshold 15 (max 15)
- age   1:   13574312 bytes,   13574312 total
- age   2:    6485184 bytes,   20059496 total
- age   3:    2887656 bytes,   22947152 total
- age   4:    1654808 bytes,   24601960 total
- age   5:   20796312 bytes,   45398272 total
- age   6:      86064 bytes,   45484336 total
- age   7:      79360 bytes,   45563696 total
- age   8:    1391936 bytes,   46955632 total
- age   9:    2160048 bytes,   49115680 total
- age  10:    1238752 bytes,   50354432 total
- age  11:      27824 bytes,   50382256 total
- age  12:    5397688 bytes,   55779944 total
, 0.0427070 secs]
   [Parallel Time: 36.9 ms, GC Workers: 18]
      [GC Worker Start (ms): Min: 1747434.2, Avg: 1747434.3, Max: 1747434.4, Diff: 0.1]
      [Ext Root Scanning (ms): Min: 4.1, Avg: 4.9, Max: 5.3, Diff: 1.2, Sum: 87.7]
      [Update RS (ms): Min: 3.5, Avg: 3.9, Max: 4.6, Diff: 1.1, Sum: 70.4]
         [Processed Buffers: Min: 26, Avg: 37.7, Max: 57, Diff: 31, Sum: 678]
      [Scan RS (ms): Min: 0.0, Avg: 0.2, Max: 0.3, Diff: 0.2, Sum: 4.2]
      [Code Root Scanning (ms): Min: 0.0, Avg: 0.0, Max: 0.0, Diff: 0.0, Sum: 0.1]
      [Object Copy (ms): Min: 27.5, Avg: 27.6, Max: 27.8, Diff: 0.3, Sum: 497.2]
      [Termination (ms): Min: 0.0, Avg: 0.0, Max: 0.0, Diff: 0.0, Sum: 0.1]
      [GC Worker Other (ms): Min: 0.0, Avg: 0.1, Max: 0.1, Diff: 0.1, Sum: 1.3]
      [GC Worker Total (ms): Min: 36.6, Avg: 36.7, Max: 36.8, Diff: 0.2, Sum: 661.0]
      [GC Worker End (ms): Min: 1747471.0, Avg: 1747471.0, Max: 1747471.1, Diff: 0.1]
   [Code Root Fixup: 0.3 ms]
   [Code Root Migration: 0.1 ms]
   [Clear CT: 1.4 ms]
   [Other: 4.0 ms]
      [Choose CSet: 0.0 ms]
      [Ref Proc: 1.7 ms]
      [Ref Enq: 0.1 ms]
      [Free CSet: 0.8 ms]
   [Eden: 4784.0M(4784.0M)->0.0B(4784.0M) Survivors: 112.0M->112.0M Heap: 9069.9M(10.0G)->4296.8M(10.0G)]
 [Times: user=0.69 sys=0.01, real=0.04 secs] 
1747.477: Total time for which application threads were stopped: 0.0443700 seconds
1752.807: [GC pause (G1 Evacuation Pause) (young)
Desired survivor size 327155712 bytes, new threshold 15 (max 15)
- age   1:   34597512 bytes,   34597512 total
- age   2:    9723224 bytes,   44320736 total
- age   3:    1977616 bytes,   46298352 total
- age   4:    2740672 bytes,   49039024 total
- age   5:    1609904 bytes,   50648928 total
- age   6:   20449224 bytes,   71098152 total
- age   7:      85440 bytes,   71183592 total
- age   8:      78640 bytes,   71262232 total
- age   9:    1291920 bytes,   72554152 total
- age  10:    2151264 bytes,   74705416 total
- age  11:    1232448 bytes,   75937864 total
- age  12:      27824 bytes,   75965688 total
- age  13:    5397296 bytes,   81362984 total
, 0.0300100 secs]
   [Parallel Time: 24.4 ms, GC Workers: 18]
      [GC Worker Start (ms): Min: 1752807.7, Avg: 1752807.8, Max: 1752807.8, Diff: 0.2]
      [Ext Root Scanning (ms): Min: 3.8, Avg: 4.5, Max: 4.8, Diff: 1.0, Sum: 81.5]
      [Update RS (ms): Min: 3.8, Avg: 4.1, Max: 4.9, Diff: 1.1, Sum: 74.6]
         [Processed Buffers: Min: 24, Avg: 37.1, Max: 64, Diff: 40, Sum: 667]
      [Scan RS (ms): Min: 0.2, Avg: 0.2, Max: 0.3, Diff: 0.1, Sum: 4.3]
      [Code Root Scanning (ms): Min: 0.0, Avg: 0.0, Max: 0.0, Diff: 0.0, Sum: 0.1]
      [Object Copy (ms): Min: 15.1, Avg: 15.2, Max: 15.4, Diff: 0.3, Sum: 273.5]
      [Termination (ms): Min: 0.0, Avg: 0.0, Max: 0.0, Diff: 0.0, Sum: 0.1]
      [GC Worker Other (ms): Min: 0.0, Avg: 0.1, Max: 0.1, Diff: 0.1, Sum: 1.2]
      [GC Worker Total (ms): Min: 24.1, Avg: 24.2, Max: 24.3, Diff: 0.2, Sum: 435.2]
      [GC Worker End (ms): Min: 1752831.9, Avg: 1752831.9, Max: 1752832.0, Diff: 0.1]
   [Code Root Fixup: 0.2 ms]
   [Code Root Migration: 0.1 ms]
   [Clear CT: 1.4 ms]
   [Other: 4.0 ms]
      [Choose CSet: 0.0 ms]
      [Ref Proc: 1.6 ms]
      [Ref Enq: 0.1 ms]
      [Free CSet: 0.8 ms]
   [Eden: 4784.0M(4784.0M)->0.0B(4784.0M) Survivors: 112.0M->112.0M Heap: 9080.8M(10.0G)->4293.0M(10.0G)]
 [Times: user=0.46 sys=0.00, real=0.03 secs] 
1752.838: Total time for which application threads were stopped: 0.0315720 seconds
1754.474: Total time for which application threads were stopped: 0.0070190 seconds
1758.757: [GC pause (G1 Evacuation Pause) (young)
Desired survivor size 327155712 bytes, new threshold 15 (max 15)
- age   1:   28922432 bytes,   28922432 total
- age   2:    8139704 bytes,   37062136 total
- age   3:    4785272 bytes,   41847408 total
- age   4:    1783416 bytes,   43630824 total
- age   5:    2684928 bytes,   46315752 total
- age   6:    1584264 bytes,   47900016 total
- age   7:    2690856 bytes,   50590872 total
- age   8:      84816 bytes,   50675688 total
- age   9:      78056 bytes,   50753744 total
- age  10:    1285344 bytes,   52039088 total
- age  11:    2145720 bytes,   54184808 total
- age  12:    1230560 bytes,   55415368 total
- age  13:      25624 bytes,   55440992 total
- age  14:    5396168 bytes,   60837160 total
, 0.0302950 secs]
   [Parallel Time: 24.6 ms, GC Workers: 18]
      [GC Worker Start (ms): Min: 1758757.0, Avg: 1758757.1, Max: 1758757.1, Diff: 0.1]
      [Ext Root Scanning (ms): Min: 4.8, Avg: 5.2, Max: 5.7, Diff: 0.9, Sum: 93.3]
      [Update RS (ms): Min: 3.7, Avg: 4.2, Max: 4.6, Diff: 0.9, Sum: 75.2]
         [Processed Buffers: Min: 26, Avg: 39.5, Max: 81, Diff: 55, Sum: 711]
      [Scan RS (ms): Min: 0.2, Avg: 0.2, Max: 0.3, Diff: 0.1, Sum: 4.3]
      [Code Root Scanning (ms): Min: 0.0, Avg: 0.0, Max: 0.0, Diff: 0.0, Sum: 0.1]
      [Object Copy (ms): Min: 14.6, Avg: 14.7, Max: 14.9, Diff: 0.3, Sum: 265.1]
      [Termination (ms): Min: 0.0, Avg: 0.0, Max: 0.0, Diff: 0.0, Sum: 0.1]
      [GC Worker Other (ms): Min: 0.0, Avg: 0.1, Max: 0.1, Diff: 0.1, Sum: 1.0]
      [GC Worker Total (ms): Min: 24.3, Avg: 24.4, Max: 24.5, Diff: 0.2, Sum: 439.0]
      [GC Worker End (ms): Min: 1758781.4, Avg: 1758781.5, Max: 1758781.5, Diff: 0.1]
   [Code Root Fixup: 0.2 ms]
   [Code Root Migration: 0.1 ms]
   [Clear CT: 1.5 ms]
   [Other: 3.9 ms]
      [Choose CSet: 0.0 ms]
      [Ref Proc: 1.7 ms]
      [Ref Enq: 0.1 ms]
      [Free CSet: 0.9 ms]
   [Eden: 4784.0M(4784.0M)->0.0B(4784.0M) Survivors: 112.0M->112.0M Heap: 9077.0M(10.0G)->4287.5M(10.0G)]
 [Times: user=0.47 sys=0.00, real=0.03 secs] 
1758.787: Total time for which application threads were stopped: 0.0319360 seconds
1759.806: Total time for which application threads were stopped: 0.0011800 seconds
1763.925: [GC pause (G1 Evacuation Pause) (young)
Desired survivor size 327155712 bytes, new threshold 15 (max 15)
- age   1:   11879392 bytes,   11879392 total
- age   2:   23709744 bytes,   35589136 total
- age   3:    5514936 bytes,   41104072 total
- age   4:    2558440 bytes,   43662512 total
- age   5:    1737016 bytes,   45399528 total
- age   6:    2654152 bytes,   48053680 total
- age   7:    1311960 bytes,   49365640 total
- age   8:    2683808 bytes,   52049448 total
- age   9:      84752 bytes,   52134200 total
- age  10:      77976 bytes,   52212176 total
- age  11:    1279176 bytes,   53491352 total
- age  12:    2141240 bytes,   55632592 total
- age  13:    1227976 bytes,   56860568 total
- age  14:      25600 bytes,   56886168 total
- age  15:    5395616 bytes,   62281784 total
, 0.0434500 secs]
   [Parallel Time: 37.9 ms, GC Workers: 18]
      [GC Worker Start (ms): Min: 1763925.2, Avg: 1763925.3, Max: 1763925.4, Diff: 0.1]
      [Ext Root Scanning (ms): Min: 3.9, Avg: 4.7, Max: 5.4, Diff: 1.5, Sum: 85.4]
      [Update RS (ms): Min: 3.7, Avg: 4.3, Max: 5.2, Diff: 1.5, Sum: 77.2]
         [Processed Buffers: Min: 20, Avg: 36.4, Max: 63, Diff: 43, Sum: 655]
      [Scan RS (ms): Min: 0.0, Avg: 0.2, Max: 0.3, Diff: 0.3, Sum: 4.2]
      [Code Root Scanning (ms): Min: 0.0, Avg: 0.0, Max: 0.0, Diff: 0.0, Sum: 0.1]
      [Object Copy (ms): Min: 27.8, Avg: 28.4, Max: 28.6, Diff: 0.8, Sum: 511.0]
      [Termination (ms): Min: 0.0, Avg: 0.0, Max: 0.0, Diff: 0.0, Sum: 0.1]
      [GC Worker Other (ms): Min: 0.0, Avg: 0.1, Max: 0.1, Diff: 0.1, Sum: 1.2]
      [GC Worker Total (ms): Min: 37.6, Avg: 37.7, Max: 37.8, Diff: 0.2, Sum: 679.2]
      [GC Worker End (ms): Min: 1763963.0, Avg: 1763963.0, Max: 1763963.1, Diff: 0.1]
   [Code Root Fixup: 0.3 ms]
   [Code Root Migration: 0.1 ms]
   [Clear CT: 1.5 ms]
   [Other: 3.8 ms]
      [Choose CSet: 0.0 ms]
      [Ref Proc: 1.5 ms]
      [Ref Enq: 0.1 ms]
      [Free CSet: 0.7 ms]
   [Eden: 4784.0M(4784.0M)->0.0B(4736.0M) Survivors: 112.0M->128.0M Heap: 9071.5M(10.0G)->4310.8M(10.0G)]
 [Times: user=0.70 sys=0.01, real=0.05 secs] 
1763.969: Total time for which application threads were stopped: 0.0452820 seconds
1764.600: Total time for which application threads were stopped: 0.0013110 seconds
1764.611: Total time for which application threads were stopped: 0.0009280 seconds
1768.641: [GC pause (G1 Evacuation Pause) (young)
Desired survivor size 318767104 bytes, new threshold 15 (max 15)
- age   1:   47964064 bytes,   47964064 total
- age   2:    8148512 bytes,   56112576 total
- age   3:   21021288 bytes,   77133864 total
- age   4:    3333800 bytes,   80467664 total
- age   5:    2522008 bytes,   82989672 total
- age   6:    1714992 bytes,   84704664 total
- age   7:    2632192 bytes,   87336856 total
- age   8:    1306688 bytes,   88643544 total
- age   9:    2674992 bytes,   91318536 total
- age  10:      84584 bytes,   91403120 total
- age  11:      77632 bytes,   91480752 total
- age  12:    1268080 bytes,   92748832 total
- age  13:    2139376 bytes,   94888208 total
- age  14:    1217200 bytes,   96105408 total
- age  15:      24544 bytes,   96129952 total
, 0.0355590 secs]
   [Parallel Time: 30.0 ms, GC Workers: 18]
      [GC Worker Start (ms): Min: 1768641.6, Avg: 1768641.7, Max: 1768641.8, Diff: 0.2]
      [Ext Root Scanning (ms): Min: 4.2, Avg: 4.8, Max: 5.2, Diff: 0.9, Sum: 85.9]
      [Update RS (ms): Min: 5.2, Avg: 5.6, Max: 6.2, Diff: 1.0, Sum: 99.9]
         [Processed Buffers: Min: 29, Avg: 41.0, Max: 58, Diff: 29, Sum: 738]
      [Scan RS (ms): Min: 0.2, Avg: 0.2, Max: 0.3, Diff: 0.0, Sum: 4.4]
      [Code Root Scanning (ms): Min: 0.0, Avg: 0.0, Max: 0.0, Diff: 0.0, Sum: 0.1]
      [Object Copy (ms): Min: 19.1, Avg: 19.2, Max: 19.3, Diff: 0.2, Sum: 345.1]
      [Termination (ms): Min: 0.0, Avg: 0.0, Max: 0.0, Diff: 0.0, Sum: 0.0]
      [GC Worker Other (ms): Min: 0.0, Avg: 0.1, Max: 0.1, Diff: 0.1, Sum: 1.1]
      [GC Worker Total (ms): Min: 29.7, Avg: 29.8, Max: 30.0, Diff: 0.2, Sum: 536.7]
      [GC Worker End (ms): Min: 1768671.5, Avg: 1768671.5, Max: 1768671.5, Diff: 0.1]
   [Code Root Fixup: 0.2 ms]
   [Code Root Migration: 0.1 ms]
   [Clear CT: 1.5 ms]
   [Other: 3.7 ms]
      [Choose CSet: 0.0 ms]
      [Ref Proc: 1.6 ms]
      [Ref Enq: 0.1 ms]
      [Free CSet: 0.7 ms]
   [Eden: 4736.0M(4736.0M)->0.0B(4672.0M) Survivors: 128.0M->160.0M Heap: 9046.8M(10.0G)->4354.1M(10.0G)]
 [Times: user=0.56 sys=0.01, real=0.04 secs] 
1768.677: Total time for which application threads were stopped: 0.0373950 seconds
1773.733: [GC pause (G1 Evacuation Pause) (young)
Desired survivor size 318767104 bytes, new threshold 15 (max 15)
- age   1:   34134312 bytes,   34134312 total
- age   2:    6765600 bytes,   40899912 total
- age   3:    3356400 bytes,   44256312 total
- age   4:   18810368 bytes,   63066680 total
- age   5:    3281976 bytes,   66348656 total
- age   6:    2497344 bytes,   68846000 total
- age   7:    1380256 bytes,   70226256 total
- age   8:    2627680 bytes,   72853936 total
- age   9:    1301056 bytes,   74154992 total
- age  10:    2670192 bytes,   76825184 total
- age  11:      84264 bytes,   76909448 total
- age  12:      77272 bytes,   76986720 total
- age  13:    1267256 bytes,   78253976 total
- age  14:    2100616 bytes,   80354592 total
- age  15:    1200360 bytes,   81554952 total
, 0.0419180 secs]
   [Parallel Time: 36.2 ms, GC Workers: 18]
      [GC Worker Start (ms): Min: 1773733.9, Avg: 1773734.0, Max: 1773734.0, Diff: 0.1]
      [Ext Root Scanning (ms): Min: 4.5, Avg: 5.2, Max: 5.6, Diff: 1.1, Sum: 92.8]
      [Update RS (ms): Min: 3.6, Avg: 4.0, Max: 4.7, Diff: 1.1, Sum: 71.3]
         [Processed Buffers: Min: 22, Avg: 36.0, Max: 63, Diff: 41, Sum: 648]
      [Scan RS (ms): Min: 0.2, Avg: 0.2, Max: 0.3, Diff: 0.0, Sum: 4.4]
      [Code Root Scanning (ms): Min: 0.0, Avg: 0.0, Max: 0.0, Diff: 0.0, Sum: 0.1]
      [Object Copy (ms): Min: 26.5, Avg: 26.6, Max: 26.8, Diff: 0.3, Sum: 478.3]
      [Termination (ms): Min: 0.0, Avg: 0.0, Max: 0.0, Diff: 0.0, Sum: 0.1]
      [GC Worker Other (ms): Min: 0.0, Avg: 0.1, Max: 0.1, Diff: 0.1, Sum: 1.3]
      [GC Worker Total (ms): Min: 36.0, Avg: 36.0, Max: 36.1, Diff: 0.1, Sum: 648.3]
      [GC Worker End (ms): Min: 1773769.9, Avg: 1773770.0, Max: 1773770.0, Diff: 0.1]
   [Code Root Fixup: 0.3 ms]
   [Code Root Migration: 0.1 ms]
   [Clear CT: 1.6 ms]
   [Other: 3.7 ms]
      [Choose CSet: 0.0 ms]
      [Ref Proc: 1.6 ms]
      [Ref Enq: 0.1 ms]
      [Free CSet: 0.7 ms]
   [Eden: 4672.0M(4672.0M)->0.0B(4704.0M) Survivors: 160.0M->144.0M Heap: 9026.1M(10.0G)->4337.1M(10.0G)]
 [Times: user=0.68 sys=0.01, real=0.04 secs] 
1773.776: Total time for which application threads were stopped: 0.0436880 seconds
1775.107: Total time for which application threads were stopped: 0.0012950 seconds
1778.467: Total time for which application threads were stopped: 0.0013110 seconds
1778.468: [GC pause (GCLocker Initiated GC) (young)
Desired survivor size 318767104 bytes, new threshold 15 (max 15)
- age   1:   42389104 bytes,   42389104 total
- age   2:   29772096 bytes,   72161200 total
- age   3:    1937032 bytes,   74098232 total
- age   4:    3202816 bytes,   77301048 total
- age   5:   18777008 bytes,   96078056 total
- age   6:    3162256 bytes,   99240312 total
- age   7:    2490016 bytes,  101730328 total
- age   8:    1371480 bytes,  103101808 total
- age   9:    2619408 bytes,  105721216 total
- age  10:    1298528 bytes,  107019744 total
- age  11:    2667504 bytes,  109687248 total
- age  12:      84240 bytes,  109771488 total
- age  13:      77272 bytes,  109848760 total
- age  14:    1258616 bytes,  111107376 total
- age  15:    2092424 bytes,  113199800 total
, 0.0350080 secs]
   [Parallel Time: 29.3 ms, GC Workers: 18]
      [GC Worker Start (ms): Min: 1778468.5, Avg: 1778468.6, Max: 1778468.6, Diff: 0.1]
      [Ext Root Scanning (ms): Min: 4.4, Avg: 4.9, Max: 5.4, Diff: 1.0, Sum: 87.6]
      [Update RS (ms): Min: 3.9, Avg: 4.4, Max: 4.9, Diff: 1.0, Sum: 79.0]
         [Processed Buffers: Min: 26, Avg: 39.9, Max: 57, Diff: 31, Sum: 719]
      [Scan RS (ms): Min: 0.2, Avg: 0.2, Max: 0.3, Diff: 0.0, Sum: 4.4]
      [Code Root Scanning (ms): Min: 0.0, Avg: 0.0, Max: 0.0, Diff: 0.0, Sum: 0.1]
      [Object Copy (ms): Min: 19.5, Avg: 19.6, Max: 19.8, Diff: 0.3, Sum: 352.2]
      [Termination (ms): Min: 0.0, Avg: 0.0, Max: 0.0, Diff: 0.0, Sum: 0.2]
      [GC Worker Other (ms): Min: 0.0, Avg: 0.1, Max: 0.1, Diff: 0.1, Sum: 1.1]
      [GC Worker Total (ms): Min: 29.1, Avg: 29.1, Max: 29.2, Diff: 0.2, Sum: 524.6]
      [GC Worker End (ms): Min: 1778497.7, Avg: 1778497.7, Max: 1778497.8, Diff: 0.1]
   [Code Root Fixup: 0.2 ms]
   [Code Root Migration: 0.1 ms]
   [Clear CT: 1.6 ms]
   [Other: 3.8 ms]
      [Choose CSet: 0.0 ms]
      [Ref Proc: 1.7 ms]
      [Ref Enq: 0.1 ms]
      [Free CSet: 0.7 ms]
   [Eden: 4720.0M(4704.0M)->0.0B(4640.0M) Survivors: 144.0M->176.0M Heap: 9041.4M(10.0G)->4369.0M(10.0G)]
 [Times: user=0.55 sys=0.01, real=0.03 secs] 
1778.503: Total time for which application threads were stopped: 0.0359930 seconds
1781.566: Total time for which application threads were stopped: 0.0012600 seconds
1783.133: [GC pause (G1 Evacuation Pause) (young)
Desired survivor size 318767104 bytes, new threshold 15 (max 15)
- age   1:   12364384 bytes,   12364384 total
- age   2:    6540160 bytes,   18904544 total
- age   3:   24966456 bytes,   43871000 total
- age   4:    1731576 bytes,   45602576 total
- age   5:    3092992 bytes,   48695568 total
- age   6:   18751576 bytes,   67447144 total
- age   7:    3153136 bytes,   70600280 total
- age   8:    2482264 bytes,   73082544 total
- age   9:    1368400 bytes,   74450944 total
- age  10:    2614640 bytes,   77065584 total
- age  11:    1294384 bytes,   78359968 total
- age  12:    2651728 bytes,   81011696 total
- age  13:      83288 bytes,   81094984 total
- age  14:      74952 bytes,   81169936 total
- age  15:    1239048 bytes,   82408984 total
, 0.0327820 secs]
   [Parallel Time: 27.3 ms, GC Workers: 18]
      [GC Worker Start (ms): Min: 1783133.1, Avg: 1783133.2, Max: 1783133.3, Diff: 0.1]
      [Ext Root Scanning (ms): Min: 4.3, Avg: 4.8, Max: 5.6, Diff: 1.2, Sum: 87.1]
      [Update RS (ms): Min: 3.4, Avg: 4.1, Max: 4.6, Diff: 1.2, Sum: 73.0]
         [Processed Buffers: Min: 20, Avg: 35.9, Max: 63, Diff: 43, Sum: 646]
      [Scan RS (ms): Min: 0.2, Avg: 0.2, Max: 0.3, Diff: 0.0, Sum: 4.4]
      [Code Root Scanning (ms): Min: 0.0, Avg: 0.0, Max: 0.0, Diff: 0.0, Sum: 0.1]
      [Object Copy (ms): Min: 17.8, Avg: 17.9, Max: 18.1, Diff: 0.3, Sum: 322.8]
      [Termination (ms): Min: 0.0, Avg: 0.0, Max: 0.0, Diff: 0.0, Sum: 0.0]
      [GC Worker Other (ms): Min: 0.0, Avg: 0.1, Max: 0.1, Diff: 0.1, Sum: 1.2]
      [GC Worker Total (ms): Min: 27.1, Avg: 27.2, Max: 27.2, Diff: 0.2, Sum: 488.7]
      [GC Worker End (ms): Min: 1783160.3, Avg: 1783160.4, Max: 1783160.4, Diff: 0.1]
   [Code Root Fixup: 0.2 ms]
   [Code Root Migration: 0.1 ms]
   [Clear CT: 1.5 ms]
   [Other: 3.7 ms]
      [Choose CSet: 0.0 ms]
      [Ref Proc: 1.6 ms]
      [Ref Enq: 0.1 ms]
      [Free CSet: 0.7 ms]
   [Eden: 4640.0M(4640.0M)->0.0B(4704.0M) Survivors: 176.0M->144.0M Heap: 9009.0M(10.0G)->4334.6M(10.0G)]
 [Times: user=0.51 sys=0.01, real=0.03 secs] 
1783.166: Total time for which application threads were stopped: 0.0346120 seconds
1784.507: Total time for which application threads were stopped: 0.0013970 seconds
1788.304: [GC pause (G1 Evacuation Pause) (young)
Desired survivor size 318767104 bytes, new threshold 15 (max 15)
- age   1:   28878024 bytes,   28878024 total
- age   2:    7680040 bytes,   36558064 total
- age   3:    1750376 bytes,   38308440 total
- age   4:   24811544 bytes,   63119984 total
- age   5:    1683216 bytes,   64803200 total
- age   6:    3064824 bytes,   67868024 total
- age   7:    1335280 bytes,   69203304 total
- age   8:    2806336 bytes,   72009640 total
- age   9:    2477400 bytes,   74487040 total
- age  10:    1363360 bytes,   75850400 total
- age  11:    2611840 bytes,   78462240 total
- age  12:    1278448 bytes,   79740688 total
- age  13:    2641144 bytes,   82381832 total
- age  14:      83240 bytes,   82465072 total
- age  15:      74952 bytes,   82540024 total
, 0.0340960 secs]
   [Parallel Time: 28.4 ms, GC Workers: 18]
      [GC Worker Start (ms): Min: 1788304.2, Avg: 1788304.2, Max: 1788304.3, Diff: 0.1]
      [Ext Root Scanning (ms): Min: 4.1, Avg: 4.7, Max: 5.1, Diff: 1.1, Sum: 83.8]
      [Update RS (ms): Min: 3.5, Avg: 4.0, Max: 4.5, Diff: 1.0, Sum: 71.6]
         [Processed Buffers: Min: 24, Avg: 39.1, Max: 72, Diff: 48, Sum: 704]
      [Scan RS (ms): Min: 0.2, Avg: 0.2, Max: 0.3, Diff: 0.0, Sum: 4.3]
      [Code Root Scanning (ms): Min: 0.0, Avg: 0.0, Max: 0.0, Diff: 0.0, Sum: 0.1]
      [Object Copy (ms): Min: 19.2, Avg: 19.3, Max: 19.5, Diff: 0.3, Sum: 347.0]
      [Termination (ms): Min: 0.0, Avg: 0.0, Max: 0.0, Diff: 0.0, Sum: 0.0]
      [GC Worker Other (ms): Min: 0.0, Avg: 0.1, Max: 0.1, Diff: 0.1, Sum: 1.5]
      [GC Worker Total (ms): Min: 28.1, Avg: 28.2, Max: 28.3, Diff: 0.2, Sum: 508.3]
      [GC Worker End (ms): Min: 1788332.4, Avg: 1788332.5, Max: 1788332.5, Diff: 0.1]
   [Code Root Fixup: 0.2 ms]
   [Code Root Migration: 0.1 ms]
   [Clear CT: 1.5 ms]
   [Other: 3.9 ms]
      [Choose CSet: 0.0 ms]
      [Ref Proc: 1.8 ms]
      [Ref Enq: 0.1 ms]
      [Free CSet: 0.7 ms]
   [Eden: 4704.0M(4704.0M)->0.0B(4608.0M) Survivors: 144.0M->192.0M Heap: 9038.6M(10.0G)->4385.3M(10.0G)]
 [Times: user=0.53 sys=0.01, real=0.03 secs] 
1788.338: Total time for which application threads were stopped: 0.0359300 seconds
1790.949: Total time for which application threads were stopped: 0.0013230 seconds
1793.497: [GC pause (G1 Evacuation Pause) (young)
Desired survivor size 318767104 bytes, new threshold 15 (max 15)
- age   1:   11378696 bytes,   11378696 total
- age   2:   23896752 bytes,   35275448 total
- age   3:    2890296 bytes,   38165744 total
- age   4:    1598336 bytes,   39764080 total
- age   5:   24755800 bytes,   64519880 total
- age   6:    1658232 bytes,   66178112 total
- age   7:    3048448 bytes,   69226560 total
- age   8:    1327152 bytes,   70553712 total
- age   9:    2801008 bytes,   73354720 total
- age  10:    2472504 bytes,   75827224 total
- age  11:    1358320 bytes,   77185544 total
- age  12:    2604816 bytes,   79790360 total
- age  13:    1253880 bytes,   81044240 total
- age  14:    2637096 bytes,   83681336 total
- age  15:      83240 bytes,   83764576 total
, 0.0346850 secs]
   [Parallel Time: 29.3 ms, GC Workers: 18]
      [GC Worker Start (ms): Min: 1793497.5, Avg: 1793497.5, Max: 1793497.6, Diff: 0.1]
      [Ext Root Scanning (ms): Min: 4.1, Avg: 4.8, Max: 5.2, Diff: 1.1, Sum: 86.3]
      [Update RS (ms): Min: 3.2, Avg: 3.6, Max: 4.8, Diff: 1.6, Sum: 65.6]
         [Processed Buffers: Min: 19, Avg: 35.1, Max: 75, Diff: 56, Sum: 632]
      [Scan RS (ms): Min: 0.0, Avg: 0.2, Max: 0.3, Diff: 0.2, Sum: 4.0]
      [Code Root Scanning (ms): Min: 0.0, Avg: 0.0, Max: 0.0, Diff: 0.0, Sum: 0.1]
      [Object Copy (ms): Min: 19.4, Avg: 20.4, Max: 20.6, Diff: 1.2, Sum: 366.6]
      [Termination (ms): Min: 0.0, Avg: 0.0, Max: 0.1, Diff: 0.1, Sum: 0.8]
      [GC Worker Other (ms): Min: 0.0, Avg: 0.1, Max: 0.2, Diff: 0.1, Sum: 1.5]
      [GC Worker Total (ms): Min: 29.1, Avg: 29.2, Max: 29.2, Diff: 0.2, Sum: 524.9]
      [GC Worker End (ms): Min: 1793526.6, Avg: 1793526.7, Max: 1793526.7, Diff: 0.1]
   [Code Root Fixup: 0.2 ms]
   [Code Root Migration: 0.1 ms]
   [Clear CT: 1.5 ms]
   [Other: 3.6 ms]
      [Choose CSet: 0.0 ms]
      [Ref Proc: 1.5 ms]
      [Ref Enq: 0.1 ms]
      [Free CSet: 0.7 ms]
   [Eden: 4608.0M(4608.0M)->0.0B(4736.0M) Survivors: 192.0M->128.0M Heap: 8993.3M(10.0G)->4321.7M(10.0G)]
 [Times: user=0.55 sys=0.01, real=0.04 secs] 
1793.532: Total time for which application threads were stopped: 0.0365260 seconds
1795.063: Total time for which application threads were stopped: 0.0013340 seconds
1795.068: Total time for which application threads were stopped: 0.0007090 seconds
1795.141: Total time for which application threads were stopped: 0.0011210 seconds
1795.142: Total time for which application threads were stopped: 0.0005170 seconds
1798.538: [GC pause (G1 Evacuation Pause) (young)
Desired survivor size 318767104 bytes, new threshold 15 (max 15)
- age   1:   10969096 bytes,   10969096 total
- age   2:    8139176 bytes,   19108272 total
- age   3:   19219160 bytes,   38327432 total
- age   4:    2743512 bytes,   41070944 total
- age   5:    1561688 bytes,   42632632 total
- age   6:   24722088 bytes,   67354720 total
- age   7:    1630976 bytes,   68985696 total
- age   8:    3041512 bytes,   72027208 total
- age   9:    1318808 bytes,   73346016 total
- age  10:    2787584 bytes,   76133600 total
- age  11:    2469776 bytes,   78603376 total
- age  12:    1343000 bytes,   79946376 total
- age  13:    2586912 bytes,   82533288 total
- age  14:    1252056 bytes,   83785344 total
- age  15:    2636016 bytes,   86421360 total
, 0.0335590 secs]
   [Parallel Time: 28.0 ms, GC Workers: 18]
      [GC Worker Start (ms): Min: 1798538.5, Avg: 1798538.6, Max: 1798538.7, Diff: 0.2]
      [Ext Root Scanning (ms): Min: 4.2, Avg: 4.8, Max: 5.2, Diff: 0.9, Sum: 86.2]
      [Update RS (ms): Min: 3.4, Avg: 3.7, Max: 4.2, Diff: 0.9, Sum: 66.3]
         [Processed Buffers: Min: 17, Avg: 37.7, Max: 65, Diff: 48, Sum: 678]
      [Scan RS (ms): Min: 0.2, Avg: 0.2, Max: 0.3, Diff: 0.0, Sum: 4.4]
      [Code Root Scanning (ms): Min: 0.0, Avg: 0.0, Max: 0.0, Diff: 0.0, Sum: 0.1]
      [Object Copy (ms): Min: 18.9, Avg: 19.0, Max: 19.2, Diff: 0.3, Sum: 342.4]
      [Termination (ms): Min: 0.0, Avg: 0.0, Max: 0.0, Diff: 0.0, Sum: 0.1]
      [GC Worker Other (ms): Min: 0.0, Avg: 0.1, Max: 0.1, Diff: 0.1, Sum: 1.4]
      [GC Worker Total (ms): Min: 27.7, Avg: 27.8, Max: 27.9, Diff: 0.2, Sum: 501.0]
      [GC Worker End (ms): Min: 1798566.4, Avg: 1798566.4, Max: 1798566.5, Diff: 0.1]
   [Code Root Fixup: 0.2 ms]
   [Code Root Migration: 0.1 ms]
   [Clear CT: 1.6 ms]
   [Other: 3.7 ms]
      [Choose CSet: 0.0 ms]
      [Ref Proc: 1.6 ms]
      [Ref Enq: 0.1 ms]
      [Free CSet: 0.7 ms]
   [Eden: 4736.0M(4736.0M)->0.0B(4672.0M) Survivors: 128.0M->160.0M Heap: 9057.7M(10.0G)->4360.1M(10.0G)]
 [Times: user=0.53 sys=0.00, real=0.04 secs] 
1798.572: Total time for which application threads were stopped: 0.0353840 seconds
1803.253: [GC pause (G1 Evacuation Pause) (young)
Desired survivor size 318767104 bytes, new threshold 15 (max 15)
- age   1:   11774072 bytes,   11774072 total
- age   2:    6140640 bytes,   17914712 total
- age   3:    3347136 bytes,   21261848 total
- age   4:   19068160 bytes,   40330008 total
- age   5:    2701056 bytes,   43031064 total
- age   6:    1532816 bytes,   44563880 total
- age   7:   24708584 bytes,   69272464 total
- age   8:    1622640 bytes,   70895104 total
- age   9:    3036048 bytes,   73931152 total
- age  10:    1314648 bytes,   75245800 total
- age  11:    2501368 bytes,   77747168 total
- age  12:    2448072 bytes,   80195240 total
- age  13:    1325680 bytes,   81520920 total
- age  14:    2584760 bytes,   84105680 total
- age  15:    1251056 bytes,   85356736 total
, 0.0345210 secs]
   [Parallel Time: 28.9 ms, GC Workers: 18]
      [GC Worker Start (ms): Min: 1803253.6, Avg: 1803253.7, Max: 1803253.7, Diff: 0.1]
      [Ext Root Scanning (ms): Min: 4.2, Avg: 5.0, Max: 5.3, Diff: 1.1, Sum: 89.3]
      [Update RS (ms): Min: 3.6, Avg: 4.0, Max: 4.5, Diff: 0.9, Sum: 72.6]
         [Processed Buffers: Min: 23, Avg: 35.3, Max: 52, Diff: 29, Sum: 636]
      [Scan RS (ms): Min: 0.2, Avg: 0.2, Max: 0.3, Diff: 0.1, Sum: 4.4]
      [Code Root Scanning (ms): Min: 0.0, Avg: 0.0, Max: 0.0, Diff: 0.0, Sum: 0.1]
      [Object Copy (ms): Min: 19.3, Avg: 19.4, Max: 19.6, Diff: 0.2, Sum: 349.0]
      [Termination (ms): Min: 0.0, Avg: 0.0, Max: 0.0, Diff: 0.0, Sum: 0.1]
      [GC Worker Other (ms): Min: 0.0, Avg: 0.1, Max: 0.1, Diff: 0.1, Sum: 1.5]
      [GC Worker Total (ms): Min: 28.6, Avg: 28.7, Max: 28.8, Diff: 0.2, Sum: 516.9]
      [GC Worker End (ms): Min: 1803282.3, Avg: 1803282.4, Max: 1803282.4, Diff: 0.1]
   [Code Root Fixup: 0.3 ms]
   [Code Root Migration: 0.1 ms]
   [Clear CT: 1.7 ms]
   [Other: 3.6 ms]
      [Choose CSet: 0.0 ms]
      [Ref Proc: 1.5 ms]
      [Ref Enq: 0.1 ms]
      [Free CSet: 0.7 ms]
   [Eden: 4672.0M(4672.0M)->0.0B(4736.0M) Survivors: 160.0M->128.0M Heap: 9032.1M(10.0G)->4328.6M(10.0G)]
 [Times: user=0.53 sys=0.02, real=0.03 secs] 
1803.288: Total time for which application threads were stopped: 0.0363710 seconds
1804.192: Total time for which application threads were stopped: 0.0013500 seconds
1808.072: [GC pause (G1 Evacuation Pause) (young)
Desired survivor size 318767104 bytes, new threshold 15 (max 15)
- age   1:   12036760 bytes,   12036760 total
- age   2:    8138096 bytes,   20174856 total
- age   3:    1372232 bytes,   21547088 total
- age   4:    3178816 bytes,   24725904 total
- age   5:   19033640 bytes,   43759544 total
- age   6:    2671176 bytes,   46430720 total
- age   7:    1426864 bytes,   47857584 total
- age   8:   24699864 bytes,   72557448 total
- age   9:    1615336 bytes,   74172784 total
- age  10:    3031440 bytes,   77204224 total
- age  11:    1307456 bytes,   78511680 total
- age  12:    2485824 bytes,   80997504 total
- age  13:    2435944 bytes,   83433448 total
- age  14:    1319776 bytes,   84753224 total
- age  15:    2583304 bytes,   87336528 total
, 0.0341360 secs]
   [Parallel Time: 28.3 ms, GC Workers: 18]
      [GC Worker Start (ms): Min: 1808072.9, Avg: 1808073.0, Max: 1808073.1, Diff: 0.1]
      [Ext Root Scanning (ms): Min: 5.2, Avg: 5.7, Max: 6.3, Diff: 1.1, Sum: 103.4]
      [Update RS (ms): Min: 3.4, Avg: 3.8, Max: 4.3, Diff: 0.9, Sum: 67.8]
         [Processed Buffers: Min: 26, Avg: 39.2, Max: 64, Diff: 38, Sum: 706]
      [Scan RS (ms): Min: 0.2, Avg: 0.2, Max: 0.3, Diff: 0.1, Sum: 4.5]
      [Code Root Scanning (ms): Min: 0.0, Avg: 0.0, Max: 0.0, Diff: 0.0, Sum: 0.1]
      [Object Copy (ms): Min: 18.2, Avg: 18.4, Max: 18.6, Diff: 0.4, Sum: 330.4]
      [Termination (ms): Min: 0.0, Avg: 0.0, Max: 0.0, Diff: 0.0, Sum: 0.3]
      [GC Worker Other (ms): Min: 0.0, Avg: 0.1, Max: 0.1, Diff: 0.1, Sum: 1.1]
      [GC Worker Total (ms): Min: 28.1, Avg: 28.2, Max: 28.3, Diff: 0.2, Sum: 507.6]
      [GC Worker End (ms): Min: 1808101.2, Avg: 1808101.2, Max: 1808101.2, Diff: 0.1]
   [Code Root Fixup: 0.3 ms]
   [Code Root Migration: 0.1 ms]
   [Clear CT: 1.8 ms]
   [Other: 3.7 ms]
      [Choose CSet: 0.0 ms]
      [Ref Proc: 1.6 ms]
      [Ref Enq: 0.1 ms]
      [Free CSet: 0.7 ms]
   [Eden: 4736.0M(4736.0M)->0.0B(4656.0M) Survivors: 128.0M->160.0M Heap: 9064.6M(10.0G)->4365.1M(10.0G)]
 [Times: user=0.49 sys=0.01, real=0.03 secs] 
1808.107: Total time for which application threads were stopped: 0.0360380 seconds
1811.109: Total time for which application threads were stopped: 0.0012930 seconds
1812.820: [GC pause (G1 Evacuation Pause) (young)
Desired survivor size 318767104 bytes, new threshold 15 (max 15)
- age   1:   11553328 bytes,   11553328 total
- age   2:    6581144 bytes,   18134472 total
- age   3:    3258512 bytes,   21392984 total
- age   4:    1236952 bytes,   22629936 total
- age   5:    3127448 bytes,   25757384 total
- age   6:   19009368 bytes,   44766752 total
- age   7:    2662128 bytes,   47428880 total
- age   8:    1421632 bytes,   48850512 total
- age   9:   24693152 bytes,   73543664 total
- age  10:    1608600 bytes,   75152264 total
- age  11:    2748600 bytes,   77900864 total
- age  12:    1299584 bytes,   79200448 total
- age  13:    2463416 bytes,   81663864 total
- age  14:    2432864 bytes,   84096728 total
- age  15:    1318008 bytes,   85414736 total
, 0.0346850 secs]
   [Parallel Time: 29.3 ms, GC Workers: 18]
      [GC Worker Start (ms): Min: 1812820.6, Avg: 1812820.7, Max: 1812820.7, Diff: 0.2]
      [Ext Root Scanning (ms): Min: 4.0, Avg: 4.9, Max: 7.6, Diff: 3.6, Sum: 88.2]
      [Update RS (ms): Min: 1.0, Avg: 3.6, Max: 4.4, Diff: 3.4, Sum: 63.9]
         [Processed Buffers: Min: 18, Avg: 35.4, Max: 62, Diff: 44, Sum: 637]
      [Scan RS (ms): Min: 0.0, Avg: 0.2, Max: 0.3, Diff: 0.3, Sum: 4.1]
      [Code Root Scanning (ms): Min: 0.0, Avg: 0.0, Max: 0.0, Diff: 0.0, Sum: 0.1]
      [Object Copy (ms): Min: 20.1, Avg: 20.4, Max: 20.5, Diff: 0.4, Sum: 366.9]
      [Termination (ms): Min: 0.0, Avg: 0.0, Max: 0.0, Diff: 0.0, Sum: 0.1]
      [GC Worker Other (ms): Min: 0.0, Avg: 0.1, Max: 0.1, Diff: 0.1, Sum: 1.2]
      [GC Worker Total (ms): Min: 29.0, Avg: 29.1, Max: 29.2, Diff: 0.2, Sum: 524.6]
      [GC Worker End (ms): Min: 1812849.8, Avg: 1812849.8, Max: 1812849.9, Diff: 0.1]
   [Code Root Fixup: 0.2 ms]
   [Code Root Migration: 0.1 ms]
   [Clear CT: 1.5 ms]
   [Other: 3.6 ms]
      [Choose CSet: 0.0 ms]
      [Ref Proc: 1.6 ms]
      [Ref Enq: 0.1 ms]
      [Free CSet: 0.7 ms]
   [Eden: 4656.0M(4656.0M)->0.0B(4720.0M) Survivors: 160.0M->128.0M Heap: 9021.1M(10.0G)->4333.8M(10.0G)]
 [Times: user=0.54 sys=0.01, real=0.04 secs] 
1812.855: Total time for which application threads were stopped: 0.0364980 seconds
1814.953: Total time for which application threads were stopped: 0.0013370 seconds
1817.578: [GC pause (G1 Evacuation Pause) (young)
Desired survivor size 318767104 bytes, new threshold 15 (max 15)
- age   1:   28173824 bytes,   28173824 total
- age   2:    7828728 bytes,   36002552 total
- age   3:    1799472 bytes,   37802024 total
- age   4:    3117672 bytes,   40919696 total
- age   5:    1206832 bytes,   42126528 total
- age   6:    3094712 bytes,   45221240 total
- age   7:    1258120 bytes,   46479360 total
- age   8:    2657696 bytes,   49137056 total
- age   9:    1412112 bytes,   50549168 total
- age  10:   24690072 bytes,   75239240 total
- age  11:    1605960 bytes,   76845200 total
- age  12:    2739584 bytes,   79584784 total
- age  13:    1293680 bytes,   80878464 total
- age  14:    2459464 bytes,   83337928 total
- age  15:    2431200 bytes,   85769128 total
, 0.0326440 secs]
   [Parallel Time: 27.1 ms, GC Workers: 18]
      [GC Worker Start (ms): Min: 1817578.6, Avg: 1817578.6, Max: 1817578.7, Diff: 0.1]
      [Ext Root Scanning (ms): Min: 4.2, Avg: 4.8, Max: 5.2, Diff: 1.0, Sum: 86.7]
      [Update RS (ms): Min: 3.3, Avg: 3.7, Max: 4.2, Diff: 0.9, Sum: 65.8]
         [Processed Buffers: Min: 21, Avg: 37.8, Max: 62, Diff: 41, Sum: 680]
      [Scan RS (ms): Min: 0.2, Avg: 0.2, Max: 0.3, Diff: 0.1, Sum: 4.3]
      [Code Root Scanning (ms): Min: 0.0, Avg: 0.0, Max: 0.0, Diff: 0.0, Sum: 0.1]
      [Object Copy (ms): Min: 18.1, Avg: 18.2, Max: 18.4, Diff: 0.3, Sum: 327.4]
      [Termination (ms): Min: 0.0, Avg: 0.0, Max: 0.0, Diff: 0.0, Sum: 0.2]
      [GC Worker Other (ms): Min: 0.0, Avg: 0.1, Max: 0.1, Diff: 0.1, Sum: 1.1]
      [GC Worker Total (ms): Min: 26.9, Avg: 27.0, Max: 27.0, Diff: 0.1, Sum: 485.6]
      [GC Worker End (ms): Min: 1817605.6, Avg: 1817605.6, Max: 1817605.6, Diff: 0.1]
   [Code Root Fixup: 0.2 ms]
   [Code Root Migration: 0.1 ms]
   [Clear CT: 1.5 ms]
   [Other: 3.7 ms]
      [Choose CSet: 0.0 ms]
      [Ref Proc: 1.6 ms]
      [Ref Enq: 0.1 ms]
      [Free CSet: 0.7 ms]
   [Eden: 4720.0M(4720.0M)->0.0B(4624.0M) Survivors: 128.0M->176.0M Heap: 9053.8M(10.0G)->4385.7M(10.0G)]
 [Times: user=0.51 sys=0.00, real=0.03 secs] 
1817.611: Total time for which application threads were stopped: 0.0345300 seconds
1818.612: Total time for which application threads were stopped: 0.0012780 seconds
1822.515: [GC pause (G1 Evacuation Pause) (young)
Desired survivor size 318767104 bytes, new threshold 15 (max 15)
- age   1:   11742144 bytes,   11742144 total
- age   2:   24238112 bytes,   35980256 total
- age   3:    3016144 bytes,   38996400 total
- age   4:    1635960 bytes,   40632360 total
- age   5:    3072824 bytes,   43705184 total
- age   6:    1177872 bytes,   44883056 total
- age   7:    3084056 bytes,   47967112 total
- age   8:    1253472 bytes,   49220584 total
- age   9:    2653608 bytes,   51874192 total
- age  10:    1405784 bytes,   53279976 total
- age  11:   24361256 bytes,   77641232 total
- age  12:    1600768 bytes,   79242000 total
- age  13:    2699248 bytes,   81941248 total
- age  14:    1289560 bytes,   83230808 total
- age  15:    2459008 bytes,   85689816 total
, 0.0342870 secs]
   [Parallel Time: 28.6 ms, GC Workers: 18]
      [GC Worker Start (ms): Min: 1822515.9, Avg: 1822515.9, Max: 1822516.0, Diff: 0.2]
      [Ext Root Scanning (ms): Min: 4.0, Avg: 4.7, Max: 5.2, Diff: 1.2, Sum: 85.2]
      [Update RS (ms): Min: 3.1, Avg: 3.6, Max: 5.2, Diff: 2.1, Sum: 65.3]
         [Processed Buffers: Min: 21, Avg: 35.4, Max: 51, Diff: 30, Sum: 637]
      [Scan RS (ms): Min: 0.0, Avg: 0.2, Max: 0.3, Diff: 0.2, Sum: 4.1]
      [Code Root Scanning (ms): Min: 0.0, Avg: 0.0, Max: 0.0, Diff: 0.0, Sum: 0.1]
      [Object Copy (ms): Min: 19.1, Avg: 19.7, Max: 19.9, Diff: 0.8, Sum: 355.2]
      [Termination (ms): Min: 0.0, Avg: 0.0, Max: 0.0, Diff: 0.0, Sum: 0.2]
      [GC Worker Other (ms): Min: 0.0, Avg: 0.1, Max: 0.1, Diff: 0.1, Sum: 1.1]
      [GC Worker Total (ms): Min: 28.3, Avg: 28.4, Max: 28.5, Diff: 0.2, Sum: 511.3]
      [GC Worker End (ms): Min: 1822544.3, Avg: 1822544.4, Max: 1822544.4, Diff: 0.1]
   [Code Root Fixup: 0.3 ms]
   [Code Root Migration: 0.1 ms]
   [Clear CT: 1.7 ms]
   [Other: 3.7 ms]
      [Choose CSet: 0.0 ms]
      [Ref Proc: 1.7 ms]
      [Ref Enq: 0.1 ms]
      [Free CSet: 0.7 ms]
   [Eden: 4624.0M(4624.0M)->0.0B(4720.0M) Survivors: 176.0M->128.0M Heap: 9009.7M(10.0G)->4334.4M(10.0G)]
 [Times: user=0.53 sys=0.01, real=0.03 secs] 
1822.550: Total time for which application threads were stopped: 0.0369570 seconds
1824.579: Total time for which application threads were stopped: 0.0019710 seconds
1824.592: Total time for which application threads were stopped: 0.0010140 seconds
1827.758: [GC pause (G1 Evacuation Pause) (young)
Desired survivor size 318767104 bytes, new threshold 15 (max 15)
- age   1:   11139448 bytes,   11139448 total
- age   2:    7578608 bytes,   18718056 total
- age   3:   19686200 bytes,   38404256 total
- age   4:    2833984 bytes,   41238240 total
- age   5:    1562416 bytes,   42800656 total
- age   6:    3027096 bytes,   45827752 total
- age   7:    1147232 bytes,   46974984 total
- age   8:    3076632 bytes,   50051616 total
- age   9:    1250416 bytes,   51302032 total
- age  10:    2649656 bytes,   53951688 total
- age  11:    1395080 bytes,   55346768 total
- age  12:   24352272 bytes,   79699040 total
- age  13:    1570272 bytes,   81269312 total
- age  14:    2696488 bytes,   83965800 total
- age  15:    1288352 bytes,   85254152 total
, 0.0334680 secs]
   [Parallel Time: 27.8 ms, GC Workers: 18]
      [GC Worker Start (ms): Min: 1827758.2, Avg: 1827758.3, Max: 1827758.4, Diff: 0.1]
      [Ext Root Scanning (ms): Min: 4.5, Avg: 5.0, Max: 5.4, Diff: 1.0, Sum: 90.0]
      [Update RS (ms): Min: 3.1, Avg: 3.6, Max: 4.0, Diff: 0.9, Sum: 64.1]
         [Processed Buffers: Min: 23, Avg: 38.8, Max: 61, Diff: 38, Sum: 698]
      [Scan RS (ms): Min: 0.2, Avg: 0.2, Max: 0.3, Diff: 0.0, Sum: 4.4]
      [Code Root Scanning (ms): Min: 0.0, Avg: 0.0, Max: 0.0, Diff: 0.0, Sum: 0.1]
      [Object Copy (ms): Min: 18.6, Avg: 18.7, Max: 18.9, Diff: 0.3, Sum: 336.8]
      [Termination (ms): Min: 0.0, Avg: 0.0, Max: 0.0, Diff: 0.0, Sum: 0.0]
      [GC Worker Other (ms): Min: 0.0, Avg: 0.1, Max: 0.1, Diff: 0.1, Sum: 1.3]
      [GC Worker Total (ms): Min: 27.5, Avg: 27.6, Max: 27.7, Diff: 0.2, Sum: 496.7]
      [GC Worker End (ms): Min: 1827785.9, Avg: 1827785.9, Max: 1827785.9, Diff: 0.1]
   [Code Root Fixup: 0.2 ms]
   [Code Root Migration: 0.1 ms]
   [Clear CT: 1.5 ms]
   [Other: 3.9 ms]
      [Choose CSet: 0.0 ms]
      [Ref Proc: 1.8 ms]
      [Ref Enq: 0.1 ms]
      [Free CSet: 0.7 ms]
   [Eden: 4720.0M(4720.0M)->0.0B(4592.0M) Survivors: 128.0M->192.0M Heap: 9054.4M(10.0G)->4410.1M(10.0G)]
 [Times: user=0.52 sys=0.01, real=0.03 secs] 
1827.792: Total time for which application threads were stopped: 0.0353540 seconds
1831.691: Total time for which application threads were stopped: 0.0013790 seconds
1831.691: Total time for which application threads were stopped: 0.0003680 seconds
1831.692: Total time for which application threads were stopped: 0.0002770 seconds
1832.323: Total time for which application threads were stopped: 0.0012940 seconds
1832.323: [GC pause (GCLocker Initiated GC) (young)
Desired survivor size 318767104 bytes, new threshold 15 (max 15)
- age   1:   12378872 bytes,   12378872 total
- age   2:    6185800 bytes,   18564672 total
- age   3:    2852360 bytes,   21417032 total
- age   4:   19177208 bytes,   40594240 total
- age   5:    2782520 bytes,   43376760 total
- age   6:    1522832 bytes,   44899592 total
- age   7:    3005352 bytes,   47904944 total
- age   8:    1135760 bytes,   49040704 total
- age   9:    3071312 bytes,   52112016 total
- age  10:    1244920 bytes,   53356936 total
- age  11:    2318840 bytes,   55675776 total
- age  12:    1388448 bytes,   57064224 total
- age  13:   24334352 bytes,   81398576 total
- age  14:    1567936 bytes,   82966512 total
- age  15:    2696264 bytes,   85662776 total
, 0.0356100 secs]
   [Parallel Time: 30.3 ms, GC Workers: 18]
      [GC Worker Start (ms): Min: 1832323.8, Avg: 1832323.9, Max: 1832324.0, Diff: 0.2]
      [Ext Root Scanning (ms): Min: 4.3, Avg: 5.0, Max: 5.4, Diff: 1.1, Sum: 89.9]
      [Update RS (ms): Min: 3.1, Avg: 3.6, Max: 4.1, Diff: 1.0, Sum: 64.0]
         [Processed Buffers: Min: 22, Avg: 34.5, Max: 54, Diff: 32, Sum: 621]
      [Scan RS (ms): Min: 0.2, Avg: 0.2, Max: 0.3, Diff: 0.0, Sum: 4.3]
      [Code Root Scanning (ms): Min: 0.0, Avg: 0.0, Max: 0.0, Diff: 0.0, Sum: 0.1]
      [Object Copy (ms): Min: 21.1, Avg: 21.2, Max: 21.4, Diff: 0.3, Sum: 381.4]
      [Termination (ms): Min: 0.0, Avg: 0.0, Max: 0.0, Diff: 0.0, Sum: 0.1]
      [GC Worker Other (ms): Min: 0.0, Avg: 0.1, Max: 0.1, Diff: 0.1, Sum: 1.3]
      [GC Worker Total (ms): Min: 30.0, Avg: 30.1, Max: 30.2, Diff: 0.2, Sum: 541.2]
      [GC Worker End (ms): Min: 1832353.9, Avg: 1832354.0, Max: 1832354.0, Diff: 0.1]
   [Code Root Fixup: 0.2 ms]
   [Code Root Migration: 0.1 ms]
   [Clear CT: 1.5 ms]
   [Other: 3.6 ms]
      [Choose CSet: 0.0 ms]
      [Ref Proc: 1.5 ms]
      [Ref Enq: 0.1 ms]
      [Free CSet: 0.7 ms]
   [Eden: 4608.0M(4592.0M)->0.0B(4720.0M) Survivors: 192.0M->128.0M Heap: 9002.2M(10.0G)->4347.1M(10.0G)]
 [Times: user=0.56 sys=0.00, real=0.04 secs] 
1832.359: Total time for which application threads were stopped: 0.0365140 seconds
1834.516: Total time for which application threads were stopped: 0.0012980 seconds
1837.378: [GC pause (G1 Evacuation Pause) (young)
Desired survivor size 318767104 bytes, new threshold 15 (max 15)
- age   1:   10393128 bytes,   10393128 total
- age   2:    8467168 bytes,   18860296 total
- age   3:    1843504 bytes,   20703800 total
- age   4:    2720608 bytes,   23424408 total
- age   5:   19152264 bytes,   42576672 total
- age   6:    2748632 bytes,   45325304 total
- age   7:    1507656 bytes,   46832960 total
- age   8:    2995312 bytes,   49828272 total
- age   9:    1131488 bytes,   50959760 total
- age  10:    3066056 bytes,   54025816 total
- age  11:    1242016 bytes,   55267832 total
- age  12:    2308128 bytes,   57575960 total
- age  13:    1373360 bytes,   58949320 total
- age  14:   24333432 bytes,   83282752 total
- age  15:    1567136 bytes,   84849888 total
, 0.0353560 secs]
   [Parallel Time: 29.8 ms, GC Workers: 18]
      [GC Worker Start (ms): Min: 1837378.3, Avg: 1837378.3, Max: 1837378.4, Diff: 0.1]
      [Ext Root Scanning (ms): Min: 4.3, Avg: 4.9, Max: 5.5, Diff: 1.1, Sum: 88.9]
      [Update RS (ms): Min: 3.1, Avg: 3.5, Max: 4.0, Diff: 0.9, Sum: 63.4]
         [Processed Buffers: Min: 20, Avg: 36.2, Max: 54, Diff: 34, Sum: 652]
      [Scan RS (ms): Min: 0.2, Avg: 0.2, Max: 0.3, Diff: 0.1, Sum: 4.4]
      [Code Root Scanning (ms): Min: 0.0, Avg: 0.0, Max: 0.0, Diff: 0.0, Sum: 0.1]
      [Object Copy (ms): Min: 20.8, Avg: 20.9, Max: 21.1, Diff: 0.3, Sum: 375.8]
      [Termination (ms): Min: 0.0, Avg: 0.0, Max: 0.0, Diff: 0.0, Sum: 0.3]
      [GC Worker Other (ms): Min: 0.0, Avg: 0.1, Max: 0.1, Diff: 0.1, Sum: 1.2]
      [GC Worker Total (ms): Min: 29.6, Avg: 29.7, Max: 29.8, Diff: 0.2, Sum: 534.1]
      [GC Worker End (ms): Min: 1837408.0, Avg: 1837408.0, Max: 1837408.1, Diff: 0.1]
   [Code Root Fixup: 0.3 ms]
   [Code Root Migration: 0.1 ms]
   [Clear CT: 1.5 ms]
   [Other: 3.7 ms]
      [Choose CSet: 0.0 ms]
      [Ref Proc: 1.6 ms]
      [Ref Enq: 0.1 ms]
      [Free CSet: 0.7 ms]
   [Eden: 4720.0M(4720.0M)->0.0B(4640.0M) Survivors: 128.0M->160.0M Heap: 9067.1M(10.0G)->4376.2M(10.0G)]
 [Times: user=0.56 sys=0.00, real=0.03 secs] 
1837.414: Total time for which application threads were stopped: 0.0372200 seconds
1841.969: [GC pause (G1 Evacuation Pause) (young)
Desired survivor size 318767104 bytes, new threshold 15 (max 15)
- age   1:   13263208 bytes,   13263208 total
- age   2:    5644888 bytes,   18908096 total
- age   3:    3410056 bytes,   22318152 total
- age   4:    1699232 bytes,   24017384 total
- age   5:    2683304 bytes,   26700688 total
- age   6:   19125168 bytes,   45825856 total
- age   7:    2733288 bytes,   48559144 total
- age   8:    1407752 bytes,   49966896 total
- age   9:    2990472 bytes,   52957368 total
- age  10:    1127944 bytes,   54085312 total
- age  11:    2735880 bytes,   56821192 total
- age  12:    1236888 bytes,   58058080 total
- age  13:    2286592 bytes,   60344672 total
- age  14:    1371040 bytes,   61715712 total
- age  15:   24331568 bytes,   86047280 total
, 0.0546580 secs]
   [Parallel Time: 49.2 ms, GC Workers: 18]
      [GC Worker Start (ms): Min: 1841969.7, Avg: 1841969.7, Max: 1841969.8, Diff: 0.1]
      [Ext Root Scanning (ms): Min: 4.3, Avg: 4.9, Max: 5.4, Diff: 1.2, Sum: 88.3]
      [Update RS (ms): Min: 2.9, Avg: 3.4, Max: 4.1, Diff: 1.2, Sum: 60.6]
         [Processed Buffers: Min: 25, Avg: 37.6, Max: 62, Diff: 37, Sum: 677]
      [Scan RS (ms): Min: 0.2, Avg: 0.2, Max: 0.3, Diff: 0.1, Sum: 4.3]
      [Code Root Scanning (ms): Min: 0.0, Avg: 0.0, Max: 0.0, Diff: 0.0, Sum: 0.1]
      [Object Copy (ms): Min: 40.4, Avg: 40.5, Max: 40.6, Diff: 0.2, Sum: 728.5]
      [Termination (ms): Min: 0.0, Avg: 0.0, Max: 0.0, Diff: 0.0, Sum: 0.1]
      [GC Worker Other (ms): Min: 0.0, Avg: 0.1, Max: 0.1, Diff: 0.1, Sum: 1.0]
      [GC Worker Total (ms): Min: 49.0, Avg: 49.1, Max: 49.1, Diff: 0.2, Sum: 883.0]
      [GC Worker End (ms): Min: 1842018.8, Avg: 1842018.8, Max: 1842018.8, Diff: 0.1]
   [Code Root Fixup: 0.3 ms]
   [Code Root Migration: 0.1 ms]
   [Clear CT: 1.4 ms]
   [Other: 3.7 ms]
      [Choose CSet: 0.0 ms]
      [Ref Proc: 1.5 ms]
      [Ref Enq: 0.1 ms]
      [Free CSet: 0.7 ms]
   [Eden: 4640.0M(4640.0M)->0.0B(4624.0M) Survivors: 160.0M->160.0M Heap: 9016.2M(10.0G)->4397.7M(10.0G)]
 [Times: user=0.91 sys=0.00, real=0.05 secs] 
1842.024: Total time for which application threads were stopped: 0.0564750 seconds
1844.846: Total time for which application threads were stopped: 0.0013560 seconds
1846.832: Total time for which application threads were stopped: 0.0013310 seconds
1846.833: [GC pause (GCLocker Initiated GC) (young)
Desired survivor size 318767104 bytes, new threshold 15 (max 15)
- age   1:   48455920 bytes,   48455920 total
- age   2:    7898760 bytes,   56354680 total
- age   3:    1150528 bytes,   57505208 total
- age   4:    3088400 bytes,   60593608 total
- age   5:    1616056 bytes,   62209664 total
- age   6:    2631600 bytes,   64841264 total
- age   7:   19110384 bytes,   83951648 total
- age   8:    2727360 bytes,   86679008 total
- age   9:    1403944 bytes,   88082952 total
- age  10:    2977576 bytes,   91060528 total
- age  11:    1122136 bytes,   92182664 total
- age  12:    2730552 bytes,   94913216 total
- age  13:    1216688 bytes,   96129904 total
- age  14:    2285248 bytes,   98415152 total
- age  15:    1370232 bytes,   99785384 total
, 0.0330700 secs]
   [Parallel Time: 27.8 ms, GC Workers: 18]
      [GC Worker Start (ms): Min: 1846833.4, Avg: 1846833.5, Max: 1846833.5, Diff: 0.1]
      [Ext Root Scanning (ms): Min: 4.4, Avg: 5.2, Max: 5.5, Diff: 1.1, Sum: 92.9]
      [Update RS (ms): Min: 7.0, Avg: 7.3, Max: 8.0, Diff: 1.0, Sum: 131.8]
         [Processed Buffers: Min: 30, Avg: 43.9, Max: 56, Diff: 26, Sum: 790]
      [Scan RS (ms): Min: 0.2, Avg: 0.2, Max: 0.3, Diff: 0.0, Sum: 4.4]
      [Code Root Scanning (ms): Min: 0.0, Avg: 0.0, Max: 0.0, Diff: 0.0, Sum: 0.1]
      [Object Copy (ms): Min: 14.7, Avg: 14.8, Max: 15.0, Diff: 0.3, Sum: 266.7]
      [Termination (ms): Min: 0.0, Avg: 0.0, Max: 0.0, Diff: 0.0, Sum: 0.1]
      [GC Worker Other (ms): Min: 0.0, Avg: 0.1, Max: 0.1, Diff: 0.1, Sum: 1.3]
      [GC Worker Total (ms): Min: 27.5, Avg: 27.6, Max: 27.7, Diff: 0.2, Sum: 497.3]
      [GC Worker End (ms): Min: 1846861.1, Avg: 1846861.1, Max: 1846861.1, Diff: 0.1]
   [Code Root Fixup: 0.2 ms]
   [Code Root Migration: 0.1 ms]
   [Clear CT: 1.5 ms]
   [Other: 3.6 ms]
      [Choose CSet: 0.0 ms]
      [Ref Proc: 1.6 ms]
      [Ref Enq: 0.1 ms]
      [Free CSet: 0.7 ms]
   [Eden: 4640.0M(4624.0M)->0.0B(4640.0M) Survivors: 160.0M->144.0M Heap: 9021.8M(10.0G)->4407.0M(10.0G)]
 [Times: user=0.51 sys=0.01, real=0.03 secs] 
1846.866: Total time for which application threads were stopped: 0.0339870 seconds
1852.226: Total time for which application threads were stopped: 0.0013150 seconds
1852.227: [GC pause (GCLocker Initiated GC) (young)
Desired survivor size 318767104 bytes, new threshold 15 (max 15)
- age   1:   28584568 bytes,   28584568 total
- age   2:    7883600 bytes,   36468168 total
- age   3:    2904920 bytes,   39373088 total
- age   4:    1017120 bytes,   40390208 total
- age   5:    3056416 bytes,   43446624 total
- age   6:    1574280 bytes,   45020904 total
- age   7:    2607456 bytes,   47628360 total
- age   8:    1360144 bytes,   48988504 total
- age   9:    2460160 bytes,   51448664 total
- age  10:    1394896 bytes,   52843560 total
- age  11:    2709456 bytes,   55553016 total
- age  12:    1115768 bytes,   56668784 total
- age  13:    2710736 bytes,   59379520 total
- age  14:    1213296 bytes,   60592816 total
- age  15:    2284760 bytes,   62877576 total
, 0.0269350 secs]
   [Parallel Time: 21.5 ms, GC Workers: 18]
      [GC Worker Start (ms): Min: 1852227.3, Avg: 1852227.4, Max: 1852227.4, Diff: 0.1]
      [Ext Root Scanning (ms): Min: 4.1, Avg: 4.7, Max: 5.1, Diff: 1.0, Sum: 84.2]
      [Update RS (ms): Min: 3.0, Avg: 3.5, Max: 4.5, Diff: 1.5, Sum: 62.7]
         [Processed Buffers: Min: 24, Avg: 37.4, Max: 77, Diff: 53, Sum: 673]
      [Scan RS (ms): Min: 0.0, Avg: 0.2, Max: 0.2, Diff: 0.2, Sum: 4.1]
      [Code Root Scanning (ms): Min: 0.0, Avg: 0.0, Max: 0.0, Diff: 0.0, Sum: 0.1]
      [Object Copy (ms): Min: 12.7, Avg: 12.9, Max: 13.0, Diff: 0.3, Sum: 232.2]
      [Termination (ms): Min: 0.0, Avg: 0.0, Max: 0.0, Diff: 0.0, Sum: 0.0]
      [GC Worker Other (ms): Min: 0.0, Avg: 0.1, Max: 0.1, Diff: 0.1, Sum: 1.2]
      [GC Worker Total (ms): Min: 21.3, Avg: 21.4, Max: 21.4, Diff: 0.2, Sum: 384.6]
      [GC Worker End (ms): Min: 1852248.7, Avg: 1852248.7, Max: 1852248.8, Diff: 0.1]
   [Code Root Fixup: 0.2 ms]
   [Code Root Migration: 0.1 ms]
   [Clear CT: 1.6 ms]
   [Other: 3.6 ms]
      [Choose CSet: 0.0 ms]
      [Ref Proc: 1.6 ms]
      [Ref Enq: 0.1 ms]
      [Free CSet: 0.7 ms]
   [Eden: 4656.0M(4640.0M)->0.0B(4704.0M) Survivors: 144.0M->112.0M Heap: 9047.3M(10.0G)->4380.6M(10.0G)]
 [Times: user=0.40 sys=0.00, real=0.03 secs] 
1852.254: Total time for which application threads were stopped: 0.0278560 seconds
1854.332: Total time for which application threads were stopped: 0.0013550 seconds
1854.345: Total time for which application threads were stopped: 0.0008280 seconds
1857.401: [GC pause (G1 Evacuation Pause) (young)
Desired survivor size 318767104 bytes, new threshold 15 (max 15)
- age   1:   12262104 bytes,   12262104 total
- age   2:   23390344 bytes,   35652448 total
- age   3:    3210880 bytes,   38863328 total
- age   4:    2675192 bytes,   41538520 total
- age   5:     986336 bytes,   42524856 total
- age   6:    3003640 bytes,   45528496 total
- age   7:    1552320 bytes,   47080816 total
- age   8:    2601472 bytes,   49682288 total
- age   9:    1354552 bytes,   51036840 total
- age  10:    2454328 bytes,   53491168 total
- age  11:    1382856 bytes,   54874024 total
- age  12:    2701040 bytes,   57575064 total
- age  13:    1096576 bytes,   58671640 total
- age  14:    2703560 bytes,   61375200 total
- age  15:    1211448 bytes,   62586648 total
, 0.0303850 secs]
   [Parallel Time: 25.0 ms, GC Workers: 18]
      [GC Worker Start (ms): Min: 1857402.0, Avg: 1857402.1, Max: 1857402.1, Diff: 0.1]
      [Ext Root Scanning (ms): Min: 4.3, Avg: 4.9, Max: 5.3, Diff: 1.0, Sum: 88.4]
      [Update RS (ms): Min: 3.0, Avg: 3.3, Max: 4.1, Diff: 1.1, Sum: 60.2]
         [Processed Buffers: Min: 25, Avg: 35.7, Max: 65, Diff: 40, Sum: 643]
      [Scan RS (ms): Min: 0.2, Avg: 0.2, Max: 0.3, Diff: 0.0, Sum: 4.3]
      [Code Root Scanning (ms): Min: 0.0, Avg: 0.0, Max: 0.0, Diff: 0.0, Sum: 0.1]
      [Object Copy (ms): Min: 16.0, Avg: 16.1, Max: 16.3, Diff: 0.3, Sum: 290.4]
      [Termination (ms): Min: 0.0, Avg: 0.1, Max: 0.2, Diff: 0.2, Sum: 2.2]
      [GC Worker Other (ms): Min: 0.0, Avg: 0.1, Max: 0.1, Diff: 0.1, Sum: 1.0]
      [GC Worker Total (ms): Min: 24.8, Avg: 24.8, Max: 24.9, Diff: 0.2, Sum: 446.7]
      [GC Worker End (ms): Min: 1857426.9, Avg: 1857426.9, Max: 1857426.9, Diff: 0.1]
   [Code Root Fixup: 0.3 ms]
   [Code Root Migration: 0.1 ms]
   [Clear CT: 1.4 ms]
   [Other: 3.7 ms]
      [Choose CSet: 0.0 ms]
      [Ref Proc: 1.7 ms]
      [Ref Enq: 0.1 ms]
      [Free CSet: 0.7 ms]
   [Eden: 4704.0M(4704.0M)->0.0B(4720.0M) Survivors: 112.0M->96.0M Heap: 9084.6M(10.0G)->4365.1M(10.0G)]
 [Times: user=0.46 sys=0.01, real=0.03 secs] 
1857.432: Total time for which application threads were stopped: 0.0321960 seconds
1862.405: [GC pause (G1 Evacuation Pause) (young)
Desired survivor size 318767104 bytes, new threshold 15 (max 15)
- age   1:   12175328 bytes,   12175328 total
- age   2:    7575416 bytes,   19750744 total
- age   3:   18432192 bytes,   38182936 total
- age   4:    3059408 bytes,   41242344 total
- age   5:    2639560 bytes,   43881904 total
- age   6:     964176 bytes,   44846080 total
- age   7:    2983024 bytes,   47829104 total
- age   8:    1544528 bytes,   49373632 total
- age   9:    2276480 bytes,   51650112 total
- age  10:    1349944 bytes,   53000056 total
- age  11:    2452544 bytes,   55452600 total
- age  12:    1369960 bytes,   56822560 total
- age  13:    2682120 bytes,   59504680 total
- age  14:    1095248 bytes,   60599928 total
- age  15:    2701560 bytes,   63301488 total
, 0.0273680 secs]
   [Parallel Time: 22.1 ms, GC Workers: 18]
      [GC Worker Start (ms): Min: 1862405.3, Avg: 1862405.4, Max: 1862405.5, Diff: 0.1]
      [Ext Root Scanning (ms): Min: 3.6, Avg: 4.6, Max: 5.0, Diff: 1.5, Sum: 83.1]
      [Update RS (ms): Min: 2.8, Avg: 3.3, Max: 4.2, Diff: 1.3, Sum: 59.8]
         [Processed Buffers: Min: 23, Avg: 36.2, Max: 78, Diff: 55, Sum: 651]
      [Scan RS (ms): Min: 0.2, Avg: 0.2, Max: 0.3, Diff: 0.0, Sum: 4.4]
      [Code Root Scanning (ms): Min: 0.0, Avg: 0.0, Max: 0.0, Diff: 0.0, Sum: 0.1]
      [Object Copy (ms): Min: 13.6, Avg: 13.7, Max: 13.8, Diff: 0.2, Sum: 246.4]
      [Termination (ms): Min: 0.0, Avg: 0.0, Max: 0.0, Diff: 0.0, Sum: 0.3]
      [GC Worker Other (ms): Min: 0.0, Avg: 0.1, Max: 0.1, Diff: 0.1, Sum: 1.0]
      [GC Worker Total (ms): Min: 21.9, Avg: 21.9, Max: 22.0, Diff: 0.2, Sum: 395.1]
      [GC Worker End (ms): Min: 1862427.3, Avg: 1862427.3, Max: 1862427.4, Diff: 0.1]
   [Code Root Fixup: 0.2 ms]
   [Code Root Migration: 0.1 ms]
   [Clear CT: 1.5 ms]
   [Other: 3.5 ms]
      [Choose CSet: 0.0 ms]
      [Ref Proc: 1.6 ms]
      [Ref Enq: 0.1 ms]
      [Free CSet: 0.7 ms]
   [Eden: 4720.0M(4720.0M)->0.0B(4688.0M) Survivors: 96.0M->112.0M Heap: 9085.1M(10.0G)->4387.8M(10.0G)]
 [Times: user=0.42 sys=0.00, real=0.03 secs] 
1862.433: Total time for which application threads were stopped: 0.0291540 seconds
1864.237: Total time for which application threads were stopped: 0.0014330 seconds
1866.958: [GC pause (G1 Evacuation Pause) (young)
Desired survivor size 318767104 bytes, new threshold 15 (max 15)
- age   1:   11603768 bytes,   11603768 total
- age   2:    7397960 bytes,   19001728 total
- age   3:    2818144 bytes,   21819872 total
- age   4:   18268744 bytes,   40088616 total
- age   5:    3012040 bytes,   43100656 total
- age   6:    2610816 bytes,   45711472 total
- age   7:     950696 bytes,   46662168 total
- age   8:    2974056 bytes,   49636224 total
- age   9:    1534640 bytes,   51170864 total
- age  10:    2273488 bytes,   53444352 total
- age  11:    1345184 bytes,   54789536 total
- age  12:    2445592 bytes,   57235128 total
- age  13:    1348216 bytes,   58583344 total
- age  14:    2675952 bytes,   61259296 total
- age  15:    1091944 bytes,   62351240 total
, 0.0270520 secs]
   [Parallel Time: 21.7 ms, GC Workers: 18]
      [GC Worker Start (ms): Min: 1866958.3, Avg: 1866958.4, Max: 1866958.5, Diff: 0.1]
      [Ext Root Scanning (ms): Min: 4.5, Avg: 5.0, Max: 5.7, Diff: 1.2, Sum: 89.6]
      [Update RS (ms): Min: 2.7, Avg: 3.4, Max: 4.0, Diff: 1.3, Sum: 61.4]
         [Processed Buffers: Min: 19, Avg: 34.6, Max: 62, Diff: 43, Sum: 623]
      [Scan RS (ms): Min: 0.2, Avg: 0.2, Max: 0.3, Diff: 0.1, Sum: 4.2]
      [Code Root Scanning (ms): Min: 0.0, Avg: 0.0, Max: 0.0, Diff: 0.0, Sum: 0.1]
      [Object Copy (ms): Min: 12.7, Avg: 12.8, Max: 13.1, Diff: 0.3, Sum: 230.7]
      [Termination (ms): Min: 0.0, Avg: 0.0, Max: 0.0, Diff: 0.0, Sum: 0.1]
      [GC Worker Other (ms): Min: 0.0, Avg: 0.1, Max: 0.1, Diff: 0.1, Sum: 1.0]
      [GC Worker Total (ms): Min: 21.4, Avg: 21.5, Max: 21.6, Diff: 0.2, Sum: 387.1]
      [GC Worker End (ms): Min: 1866979.9, Avg: 1866979.9, Max: 1866980.0, Diff: 0.1]
   [Code Root Fixup: 0.3 ms]
   [Code Root Migration: 0.1 ms]
   [Clear CT: 1.6 ms]
   [Other: 3.5 ms]
      [Choose CSet: 0.0 ms]
      [Ref Proc: 1.5 ms]
      [Ref Enq: 0.1 ms]
      [Free CSet: 0.7 ms]
   [Eden: 4688.0M(4688.0M)->0.0B(4720.0M) Survivors: 112.0M->96.0M Heap: 9075.8M(10.0G)->4365.0M(10.0G)]
 [Times: user=0.41 sys=0.01, real=0.03 secs] 
1866.985: Total time for which application threads were stopped: 0.0288780 seconds
1867.987: Total time for which application threads were stopped: 0.0013190 seconds
1871.896: [GC pause (G1 Evacuation Pause) (young)
Desired survivor size 318767104 bytes, new threshold 15 (max 15)
- age   1:   12323840 bytes,   12323840 total
- age   2:    6749464 bytes,   19073304 total
- age   3:    2491704 bytes,   21565008 total
- age   4:    2668888 bytes,   24233896 total
- age   5:   18232752 bytes,   42466648 total
- age   6:    2989056 bytes,   45455704 total
- age   7:    2506968 bytes,   47962672 total
- age   8:     941272 bytes,   48903944 total
- age   9:    2666136 bytes,   51570080 total
- age  10:    1528160 bytes,   53098240 total
- age  11:    2267640 bytes,   55365880 total
- age  12:    1337320 bytes,   56703200 total
- age  13:    2426136 bytes,   59129336 total
- age  14:    1342800 bytes,   60472136 total
- age  15:    2674840 bytes,   63146976 total
, 0.0284900 secs]
   [Parallel Time: 23.3 ms, GC Workers: 18]
      [GC Worker Start (ms): Min: 1871896.7, Avg: 1871896.7, Max: 1871896.8, Diff: 0.2]
      [Ext Root Scanning (ms): Min: 3.9, Avg: 4.7, Max: 5.3, Diff: 1.4, Sum: 85.5]
      [Update RS (ms): Min: 3.0, Avg: 3.4, Max: 4.0, Diff: 1.1, Sum: 61.6]
         [Processed Buffers: Min: 17, Avg: 37.0, Max: 72, Diff: 55, Sum: 666]
      [Scan RS (ms): Min: 0.2, Avg: 0.2, Max: 0.3, Diff: 0.1, Sum: 4.2]
      [Code Root Scanning (ms): Min: 0.0, Avg: 0.0, Max: 0.0, Diff: 0.0, Sum: 0.1]
      [Object Copy (ms): Min: 14.4, Avg: 14.5, Max: 14.7, Diff: 0.3, Sum: 260.8]
      [Termination (ms): Min: 0.0, Avg: 0.0, Max: 0.0, Diff: 0.0, Sum: 0.1]
      [GC Worker Other (ms): Min: 0.0, Avg: 0.1, Max: 0.1, Diff: 0.1, Sum: 1.2]
      [GC Worker Total (ms): Min: 22.9, Avg: 23.0, Max: 23.1, Diff: 0.2, Sum: 413.4]
      [GC Worker End (ms): Min: 1871919.7, Avg: 1871919.7, Max: 1871919.8, Diff: 0.1]
   [Code Root Fixup: 0.2 ms]
   [Code Root Migration: 0.1 ms]
   [Clear CT: 1.5 ms]
   [Other: 3.5 ms]
      [Choose CSet: 0.0 ms]
      [Ref Proc: 1.5 ms]
      [Ref Enq: 0.1 ms]
      [Free CSet: 0.7 ms]
   [Eden: 4720.0M(4720.0M)->0.0B(4688.0M) Survivors: 96.0M->112.0M Heap: 9085.0M(10.0G)->4392.7M(10.0G)]
 [Times: user=0.43 sys=0.01, real=0.03 secs] 
1871.925: Total time for which application threads were stopped: 0.0303020 seconds
1874.177: Total time for which application threads were stopped: 0.0093630 seconds
1874.206: Total time for which application threads were stopped: 0.0011990 seconds
1876.197: [GC pause (G1 Evacuation Pause) (young)
Desired survivor size 318767104 bytes, new threshold 15 (max 15)
- age   1:   12610928 bytes,   12610928 total
- age   2:    7129920 bytes,   19740848 total
- age   3:    2050320 bytes,   21791168 total
- age   4:    2287792 bytes,   24078960 total
- age   5:    2618824 bytes,   26697784 total
- age   6:   18195048 bytes,   44892832 total
- age   7:    2973608 bytes,   47866440 total
- age   8:    2496912 bytes,   50363352 total
- age   9:     934488 bytes,   51297840 total
- age  10:    2661480 bytes,   53959320 total
- age  11:    1522344 bytes,   55481664 total
- age  12:    2255344 bytes,   57737008 total
- age  13:    1319632 bytes,   59056640 total
- age  14:    2425048 bytes,   61481688 total
- age  15:    1339856 bytes,   62821544 total
, 0.0273760 secs]
   [Parallel Time: 22.2 ms, GC Workers: 18]
      [GC Worker Start (ms): Min: 1876197.2, Avg: 1876197.2, Max: 1876197.3, Diff: 0.1]
      [Ext Root Scanning (ms): Min: 4.3, Avg: 5.0, Max: 5.5, Diff: 1.2, Sum: 89.3]
      [Update RS (ms): Min: 2.8, Avg: 3.3, Max: 3.9, Diff: 1.2, Sum: 59.1]
         [Processed Buffers: Min: 19, Avg: 34.6, Max: 60, Diff: 41, Sum: 622]
      [Scan RS (ms): Min: 0.2, Avg: 0.2, Max: 0.3, Diff: 0.1, Sum: 4.2]
      [Code Root Scanning (ms): Min: 0.0, Avg: 0.0, Max: 0.0, Diff: 0.0, Sum: 0.1]
      [Object Copy (ms): Min: 13.4, Avg: 13.4, Max: 13.7, Diff: 0.3, Sum: 242.0]
      [Termination (ms): Min: 0.0, Avg: 0.0, Max: 0.0, Diff: 0.0, Sum: 0.1]
      [GC Worker Other (ms): Min: 0.0, Avg: 0.1, Max: 0.1, Diff: 0.1, Sum: 1.1]
      [GC Worker Total (ms): Min: 21.9, Avg: 22.0, Max: 22.1, Diff: 0.2, Sum: 395.9]
      [GC Worker End (ms): Min: 1876219.2, Avg: 1876219.2, Max: 1876219.3, Diff: 0.1]
   [Code Root Fixup: 0.2 ms]
   [Code Root Migration: 0.1 ms]
   [Clear CT: 1.5 ms]
   [Other: 3.4 ms]
      [Choose CSet: 0.0 ms]
      [Ref Proc: 1.4 ms]
      [Ref Enq: 0.1 ms]
      [Free CSet: 0.7 ms]
   [Eden: 4688.0M(4688.0M)->0.0B(4720.0M) Survivors: 112.0M->96.0M Heap: 9080.7M(10.0G)->4368.3M(10.0G)]
 [Times: user=0.42 sys=0.01, real=0.03 secs] 
1876.224: Total time for which application threads were stopped: 0.0292380 seconds
1880.226: Total time for which application threads were stopped: 0.0014070 seconds
1880.968: [GC pause (G1 Evacuation Pause) (young)
Desired survivor size 318767104 bytes, new threshold 15 (max 15)
- age   1:   29255816 bytes,   29255816 total
- age   2:    7330632 bytes,   36586448 total
- age   3:    2715880 bytes,   39302328 total
- age   4:    1863424 bytes,   41165752 total
- age   5:    2251080 bytes,   43416832 total
- age   6:    2580864 bytes,   45997696 total
- age   7:    1698912 bytes,   47696608 total
- age   8:    1707056 bytes,   49403664 total
- age   9:    2171464 bytes,   51575128 total
- age  10:     931888 bytes,   52507016 total
- age  11:    2659784 bytes,   55166800 total
- age  12:    1517856 bytes,   56684656 total
- age  13:    2246616 bytes,   58931272 total
- age  14:    1317936 bytes,   60249208 total
- age  15:    2421616 bytes,   62670824 total
, 0.0361870 secs]
   [Parallel Time: 30.7 ms, GC Workers: 18]
      [GC Worker Start (ms): Min: 1880968.7, Avg: 1880968.7, Max: 1880968.8, Diff: 0.1]
      [Ext Root Scanning (ms): Min: 4.3, Avg: 4.8, Max: 5.2, Diff: 0.9, Sum: 86.6]
      [Update RS (ms): Min: 3.0, Avg: 3.4, Max: 4.2, Diff: 1.3, Sum: 61.6]
         [Processed Buffers: Min: 22, Avg: 37.7, Max: 55, Diff: 33, Sum: 679]
      [Scan RS (ms): Min: 0.0, Avg: 0.2, Max: 0.3, Diff: 0.2, Sum: 3.9]
      [Code Root Scanning (ms): Min: 0.0, Avg: 0.0, Max: 0.0, Diff: 0.0, Sum: 0.1]
      [Object Copy (ms): Min: 21.3, Avg: 22.0, Max: 22.3, Diff: 1.0, Sum: 395.9]
      [Termination (ms): Min: 0.0, Avg: 0.0, Max: 0.0, Diff: 0.0, Sum: 0.1]
      [GC Worker Other (ms): Min: 0.0, Avg: 0.1, Max: 0.1, Diff: 0.1, Sum: 1.3]
      [GC Worker Total (ms): Min: 30.5, Avg: 30.5, Max: 30.6, Diff: 0.2, Sum: 549.5]
      [GC Worker End (ms): Min: 1880999.2, Avg: 1880999.3, Max: 1880999.3, Diff: 0.1]
   [Code Root Fixup: 0.2 ms]
   [Code Root Migration: 0.1 ms]
   [Clear CT: 1.4 ms]
   [Other: 3.8 ms]
      [Choose CSet: 0.0 ms]
      [Ref Proc: 1.7 ms]
      [Ref Enq: 0.1 ms]
      [Free CSet: 0.7 ms]
   [Eden: 4720.0M(4720.0M)->0.0B(4528.0M) Survivors: 96.0M->192.0M Heap: 9088.3M(10.0G)->4464.5M(10.0G)]
 [Times: user=0.57 sys=0.01, real=0.04 secs] 
1881.005: Total time for which application threads were stopped: 0.0379650 seconds
1881.006: Total time for which application threads were stopped: 0.0009920 seconds
1881.011: Total time for which application threads were stopped: 0.0050570 seconds
1881.011: Total time for which application threads were stopped: 0.0003280 seconds
1884.514: Total time for which application threads were stopped: 0.0013760 seconds
1884.526: Total time for which application threads were stopped: 0.0008500 seconds
1885.705: [GC pause (G1 Evacuation Pause) (young)
Desired survivor size 310378496 bytes, new threshold 15 (max 15)
- age   1:   31037208 bytes,   31037208 total
- age   2:   23819440 bytes,   54856648 total
- age   3:    2479728 bytes,   57336376 total
- age   4:    2041392 bytes,   59377768 total
- age   5:    1812080 bytes,   61189848 total
- age   6:    2220744 bytes,   63410592 total
- age   7:    2557808 bytes,   65968400 total
- age   8:    1693392 bytes,   67661792 total
- age   9:    1702664 bytes,   69364456 total
- age  10:    2167320 bytes,   71531776 total
- age  11:     929424 bytes,   72461200 total
- age  12:    2655808 bytes,   75117008 total
- age  13:    1491592 bytes,   76608600 total
- age  14:    2242840 bytes,   78851440 total
- age  15:    1317624 bytes,   80169064 total
, 0.0469400 secs]
   [Parallel Time: 41.2 ms, GC Workers: 18]
      [GC Worker Start (ms): Min: 1885705.7, Avg: 1885705.8, Max: 1885705.9, Diff: 0.2]
      [Ext Root Scanning (ms): Min: 4.4, Avg: 5.0, Max: 5.6, Diff: 1.1, Sum: 89.7]
      [Update RS (ms): Min: 2.7, Avg: 3.3, Max: 3.8, Diff: 1.0, Sum: 58.7]
         [Processed Buffers: Min: 21, Avg: 35.2, Max: 55, Diff: 34, Sum: 633]
      [Scan RS (ms): Min: 0.2, Avg: 0.2, Max: 0.2, Diff: 0.0, Sum: 4.2]
      [Code Root Scanning (ms): Min: 0.0, Avg: 0.0, Max: 0.0, Diff: 0.0, Sum: 0.1]
      [Object Copy (ms): Min: 32.0, Avg: 32.1, Max: 32.4, Diff: 0.4, Sum: 577.6]
      [Termination (ms): Min: 0.0, Avg: 0.3, Max: 0.3, Diff: 0.3, Sum: 5.8]
      [GC Worker Other (ms): Min: 0.0, Avg: 0.0, Max: 0.1, Diff: 0.1, Sum: 0.7]
      [GC Worker Total (ms): Min: 40.8, Avg: 40.9, Max: 41.0, Diff: 0.2, Sum: 736.8]
      [GC Worker End (ms): Min: 1885746.7, Avg: 1885746.7, Max: 1885746.7, Diff: 0.1]
   [Code Root Fixup: 0.3 ms]
   [Code Root Migration: 0.1 ms]
   [Clear CT: 1.6 ms]
   [Other: 3.9 ms]
      [Choose CSet: 0.0 ms]
      [Ref Proc: 1.9 ms]
      [Ref Enq: 0.1 ms]
      [Free CSet: 0.7 ms]
   [Eden: 4528.0M(4528.0M)->0.0B(4624.0M) Survivors: 192.0M->144.0M Heap: 8992.5M(10.0G)->4430.2M(10.0G)]
 [Times: user=0.75 sys=0.01, real=0.04 secs] 
1885.752: Total time for which application threads were stopped: 0.0488270 seconds
1891.029: [GC pause (G1 Evacuation Pause) (young)
Desired survivor size 318767104 bytes, new threshold 15 (max 15)
- age   1:   36846200 bytes,   36846200 total
- age   2:   27414808 bytes,   64261008 total
- age   3:   21494464 bytes,   85755472 total
- age   4:    2311416 bytes,   88066888 total
- age   5:    2008560 bytes,   90075448 total
- age   6:    1774336 bytes,   91849784 total
- age   7:    2212328 bytes,   94062112 total
- age   8:    2549688 bytes,   96611800 total
- age   9:    1377664 bytes,   97989464 total
- age  10:    1699440 bytes,   99688904 total
- age  11:    2155160 bytes,  101844064 total
- age  12:     925328 bytes,  102769392 total
- age  13:    2634328 bytes,  105403720 total
- age  14:    1489696 bytes,  106893416 total
- age  15:    2242288 bytes,  109135704 total
, 0.0441190 secs]
   [Parallel Time: 38.6 ms, GC Workers: 18]
      [GC Worker Start (ms): Min: 1891029.1, Avg: 1891029.2, Max: 1891029.3, Diff: 0.2]
      [Ext Root Scanning (ms): Min: 4.4, Avg: 4.9, Max: 5.5, Diff: 1.1, Sum: 88.7]
      [Update RS (ms): Min: 2.6, Avg: 3.2, Max: 3.8, Diff: 1.2, Sum: 58.2]
         [Processed Buffers: Min: 20, Avg: 37.5, Max: 61, Diff: 41, Sum: 675]
      [Scan RS (ms): Min: 0.2, Avg: 0.2, Max: 0.2, Diff: 0.0, Sum: 4.3]
      [Code Root Scanning (ms): Min: 0.0, Avg: 0.0, Max: 0.0, Diff: 0.0, Sum: 0.1]
      [Object Copy (ms): Min: 29.8, Avg: 29.9, Max: 30.2, Diff: 0.4, Sum: 538.8]
      [Termination (ms): Min: 0.0, Avg: 0.0, Max: 0.0, Diff: 0.0, Sum: 0.0]
      [GC Worker Other (ms): Min: 0.0, Avg: 0.1, Max: 0.1, Diff: 0.1, Sum: 1.3]
      [GC Worker Total (ms): Min: 38.3, Avg: 38.4, Max: 38.5, Diff: 0.2, Sum: 691.4]
      [GC Worker End (ms): Min: 1891067.6, Avg: 1891067.6, Max: 1891067.6, Diff: 0.1]
   [Code Root Fixup: 0.2 ms]
   [Code Root Migration: 0.1 ms]
   [Clear CT: 1.5 ms]
   [Other: 3.7 ms]
      [Choose CSet: 0.0 ms]
      [Ref Proc: 1.7 ms]
      [Ref Enq: 0.1 ms]
      [Free CSet: 0.7 ms]
   [Eden: 4624.0M(4624.0M)->0.0B(4448.0M) Survivors: 144.0M->224.0M Heap: 9054.2M(10.0G)->4511.7M(10.0G)]
 [Times: user=0.72 sys=0.01, real=0.04 secs] 
1891.073: Total time for which application threads were stopped: 0.0460200 seconds
1894.895: Total time for which application threads were stopped: 0.0013390 seconds
1895.614: [GC pause (G1 Evacuation Pause) (young)
Desired survivor size 310378496 bytes, new threshold 15 (max 15)
- age   1:   14114488 bytes,   14114488 total
- age   2:   30397928 bytes,   44512416 total
- age   3:   24330352 bytes,   68842768 total
- age   4:   19293304 bytes,   88136072 total
- age   5:    2244544 bytes,   90380616 total
- age   6:    1982008 bytes,   92362624 total
- age   7:    1744056 bytes,   94106680 total
- age   8:    2205904 bytes,   96312584 total
- age   9:    2543648 bytes,   98856232 total
- age  10:    1376264 bytes,  100232496 total
- age  11:    1693320 bytes,  101925816 total
- age  12:    2145128 bytes,  104070944 total
- age  13:     895960 bytes,  104966904 total
- age  14:    2632360 bytes,  107599264 total
- age  15:    1488320 bytes,  109087584 total
, 0.0603870 secs]
   [Parallel Time: 55.2 ms, GC Workers: 18]
      [GC Worker Start (ms): Min: 1895615.0, Avg: 1895615.1, Max: 1895615.1, Diff: 0.1]
      [Ext Root Scanning (ms): Min: 4.2, Avg: 4.8, Max: 5.3, Diff: 1.1, Sum: 87.1]
      [Update RS (ms): Min: 2.8, Avg: 3.2, Max: 3.7, Diff: 0.9, Sum: 57.5]
         [Processed Buffers: Min: 18, Avg: 34.3, Max: 66, Diff: 48, Sum: 617]
      [Scan RS (ms): Min: 0.2, Avg: 0.2, Max: 0.2, Diff: 0.0, Sum: 4.2]
      [Code Root Scanning (ms): Min: 0.0, Avg: 0.0, Max: 0.0, Diff: 0.0, Sum: 0.1]
      [Object Copy (ms): Min: 46.6, Avg: 46.6, Max: 46.9, Diff: 0.3, Sum: 839.6]
      [Termination (ms): Min: 0.0, Avg: 0.0, Max: 0.0, Diff: 0.0, Sum: 0.1]
      [GC Worker Other (ms): Min: 0.0, Avg: 0.1, Max: 0.1, Diff: 0.1, Sum: 1.2]
      [GC Worker Total (ms): Min: 54.9, Avg: 55.0, Max: 55.1, Diff: 0.2, Sum: 989.7]
      [GC Worker End (ms): Min: 1895670.0, Avg: 1895670.0, Max: 1895670.1, Diff: 0.1]
   [Code Root Fixup: 0.2 ms]
   [Code Root Migration: 0.1 ms]
   [Clear CT: 1.4 ms]
   [Other: 3.5 ms]
      [Choose CSet: 0.0 ms]
      [Ref Proc: 1.5 ms]
      [Ref Enq: 0.1 ms]
      [Free CSet: 0.7 ms]
   [Eden: 4448.0M(4448.0M)->0.0B(4512.0M) Survivors: 224.0M->192.0M Heap: 8959.7M(10.0G)->4478.1M(10.0G)]
 [Times: user=1.01 sys=0.01, real=0.06 secs] 
1895.675: Total time for which application threads were stopped: 0.0622210 seconds
1899.315: [GC pause (G1 Evacuation Pause) (young)
Desired survivor size 310378496 bytes, new threshold 15 (max 15)
- age   1:   52415520 bytes,   52415520 total
- age   2:    8442352 bytes,   60857872 total
- age   3:   28135664 bytes,   88993536 total
- age   4:   22148840 bytes,  111142376 total
- age   5:   19258040 bytes,  130400416 total
- age   6:    2216152 bytes,  132616568 total
- age   7:    1959328 bytes,  134575896 total
- age   8:    1738792 bytes,  136314688 total
- age   9:    1922992 bytes,  138237680 total
- age  10:    2540000 bytes,  140777680 total
- age  11:    1371968 bytes,  142149648 total
- age  12:    1691888 bytes,  143841536 total
- age  13:    2126128 bytes,  145967664 total
- age  14:     892184 bytes,  146859848 total
- age  15:    2630392 bytes,  149490240 total
, 0.0650460 secs]
   [Parallel Time: 59.6 ms, GC Workers: 18]
      [GC Worker Start (ms): Min: 1899315.7, Avg: 1899315.7, Max: 1899315.8, Diff: 0.2]
      [Ext Root Scanning (ms): Min: 4.4, Avg: 5.1, Max: 5.8, Diff: 1.4, Sum: 91.5]
      [Update RS (ms): Min: 2.6, Avg: 3.3, Max: 4.0, Diff: 1.4, Sum: 59.2]
         [Processed Buffers: Min: 25, Avg: 37.3, Max: 70, Diff: 45, Sum: 671]
      [Scan RS (ms): Min: 0.2, Avg: 0.2, Max: 0.2, Diff: 0.0, Sum: 4.2]
      [Code Root Scanning (ms): Min: 0.0, Avg: 0.0, Max: 0.0, Diff: 0.0, Sum: 0.1]
      [Object Copy (ms): Min: 50.7, Avg: 50.8, Max: 50.9, Diff: 0.3, Sum: 913.5]
      [Termination (ms): Min: 0.0, Avg: 0.0, Max: 0.0, Diff: 0.0, Sum: 0.1]
      [GC Worker Other (ms): Min: 0.0, Avg: 0.1, Max: 0.1, Diff: 0.1, Sum: 1.2]
      [GC Worker Total (ms): Min: 59.3, Avg: 59.4, Max: 59.5, Diff: 0.2, Sum: 1069.8]
      [GC Worker End (ms): Min: 1899375.1, Avg: 1899375.2, Max: 1899375.2, Diff: 0.1]
   [Code Root Fixup: 0.3 ms]
   [Code Root Migration: 0.1 ms]
   [Clear CT: 1.4 ms]
   [Other: 3.7 ms]
      [Choose CSet: 0.0 ms]
      [Ref Proc: 1.6 ms]
      [Ref Enq: 0.1 ms]
      [Free CSet: 0.7 ms]
   [Eden: 4512.0M(4512.0M)->0.0B(4128.0M) Survivors: 192.0M->384.0M Heap: 8990.1M(10.0G)->4676.3M(10.0G)]
 [Times: user=1.08 sys=0.01, real=0.07 secs] 
1899.381: Total time for which application threads were stopped: 0.0668970 seconds
1903.841: [GC pause (G1 Evacuation Pause) (young)
Desired survivor size 301989888 bytes, new threshold 15 (max 15)
- age   1:   59898552 bytes,   59898552 total
- age   2:   32181224 bytes,   92079776 total
- age   3:    3099272 bytes,   95179048 total
- age   4:   28031752 bytes,  123210800 total
- age   5:   22083824 bytes,  145294624 total
- age   6:   19247352 bytes,  164541976 total
- age   7:    2196480 bytes,  166738456 total
- age   8:    1861528 bytes,  168599984 total
- age   9:    1731304 bytes,  170331288 total
- age  10:    1919264 bytes,  172250552 total
- age  11:    2537384 bytes,  174787936 total
- age  12:    1369840 bytes,  176157776 total
- age  13:    1672144 bytes,  177829920 total
- age  14:    2122128 bytes,  179952048 total
- age  15:     891048 bytes,  180843096 total
, 0.1206350 secs]
   [Parallel Time: 115.2 ms, GC Workers: 18]
      [GC Worker Start (ms): Min: 1903841.4, Avg: 1903841.5, Max: 1903841.5, Diff: 0.1]
      [Ext Root Scanning (ms): Min: 4.0, Avg: 4.7, Max: 5.4, Diff: 1.5, Sum: 84.8]
      [Update RS (ms): Min: 12.5, Avg: 13.4, Max: 15.0, Diff: 2.5, Sum: 241.4]
         [Processed Buffers: Min: 13, Avg: 41.3, Max: 77, Diff: 64, Sum: 744]
      [Scan RS (ms): Min: 0.0, Avg: 0.2, Max: 0.3, Diff: 0.3, Sum: 3.9]
      [Code Root Scanning (ms): Min: 0.0, Avg: 0.0, Max: 0.0, Diff: 0.0, Sum: 0.1]
      [Object Copy (ms): Min: 95.7, Avg: 96.5, Max: 97.4, Diff: 1.7, Sum: 1737.4]
      [Termination (ms): Min: 0.0, Avg: 0.1, Max: 0.1, Diff: 0.1, Sum: 1.4]
      [GC Worker Other (ms): Min: 0.0, Avg: 0.1, Max: 0.1, Diff: 0.1, Sum: 1.3]
      [GC Worker Total (ms): Min: 114.9, Avg: 115.0, Max: 115.1, Diff: 0.2, Sum: 2070.3]
      [GC Worker End (ms): Min: 1903956.4, Avg: 1903956.5, Max: 1903956.5, Diff: 0.1]
   [Code Root Fixup: 0.3 ms]
   [Code Root Migration: 0.1 ms]
   [Clear CT: 1.3 ms]
   [Other: 3.8 ms]
      [Choose CSet: 0.0 ms]
      [Ref Proc: 1.7 ms]
      [Ref Enq: 0.1 ms]
      [Free CSet: 0.7 ms]
   [Eden: 4128.0M(4128.0M)->0.0B(4160.0M) Survivors: 384.0M->352.0M Heap: 8820.3M(10.0G)->4654.2M(10.0G)]
 [Times: user=2.09 sys=0.01, real=0.12 secs] 
1903.962: Total time for which application threads were stopped: 0.1224290 seconds
1904.835: Total time for which application threads were stopped: 0.0013080 seconds
1908.008: [GC pause (G1 Evacuation Pause) (young)
Desired survivor size 301989888 bytes, new threshold 15 (max 15)
- age   1:  100319296 bytes,  100319296 total
- age   2:   55759408 bytes,  156078704 total
- age   3:   27609912 bytes,  183688616 total
- age   4:    2962680 bytes,  186651296 total
- age   5:   27972528 bytes,  214623824 total
- age   6:   22063136 bytes,  236686960 total
- age   7:   19230056 bytes,  255917016 total
- age   8:    2186992 bytes,  258104008 total
- age   9:    1852280 bytes,  259956288 total
- age  10:    1728336 bytes,  261684624 total
- age  11:    1915232 bytes,  263599856 total
- age  12:    2531448 bytes,  266131304 total
- age  13:    1348640 bytes,  267479944 total
- age  14:    1664920 bytes,  269144864 total
- age  15:    2120456 bytes,  271265320 total
, 0.3671330 secs]
   [Parallel Time: 360.2 ms, GC Workers: 18]
      [GC Worker Start (ms): Min: 1908008.5, Avg: 1908008.6, Max: 1908008.7, Diff: 0.1]
      [Ext Root Scanning (ms): Min: 4.0, Avg: 4.7, Max: 5.2, Diff: 1.2, Sum: 85.5]
      [Update RS (ms): Min: 25.8, Avg: 26.4, Max: 27.1, Diff: 1.3, Sum: 474.8]
         [Processed Buffers: Min: 13, Avg: 51.6, Max: 110, Diff: 97, Sum: 929]
      [Scan RS (ms): Min: 0.0, Avg: 0.2, Max: 0.3, Diff: 0.3, Sum: 3.7]
      [Code Root Scanning (ms): Min: 0.0, Avg: 0.0, Max: 0.0, Diff: 0.0, Sum: 0.1]
      [Object Copy (ms): Min: 327.8, Avg: 328.3, Max: 328.4, Diff: 0.6, Sum: 5909.1]
      [Termination (ms): Min: 0.2, Avg: 0.3, Max: 0.5, Diff: 0.3, Sum: 6.0]
      [GC Worker Other (ms): Min: 0.0, Avg: 0.1, Max: 0.1, Diff: 0.1, Sum: 1.2]
      [GC Worker Total (ms): Min: 359.9, Avg: 360.0, Max: 360.1, Diff: 0.2, Sum: 6480.5]
      [GC Worker End (ms): Min: 1908368.6, Avg: 1908368.6, Max: 1908368.7, Diff: 0.1]
   [Code Root Fixup: 0.3 ms]
   [Code Root Migration: 0.1 ms]
   [Clear CT: 1.6 ms]
   [Other: 5.0 ms]
      [Choose CSet: 0.0 ms]
      [Ref Proc: 1.8 ms]
      [Ref Enq: 0.1 ms]
      [Free CSet: 0.7 ms]
   [Eden: 4160.0M(4160.0M)->0.0B(880.0M) Survivors: 352.0M->576.0M Heap: 8838.2M(10.0G)->5192.0M(10.0G)]
 [Times: user=6.50 sys=0.03, real=0.36 secs] 
1908.376: Total time for which application threads were stopped: 0.3689270 seconds
1908.681: [GC pause (G1 Evacuation Pause) (young) (initial-mark)
Desired survivor size 41943040 bytes, new threshold 1 (max 15)
- age   1:  510301352 bytes,  510301352 total
- age   2:   46936752 bytes,  557238104 total
- age   3:   52722120 bytes,  609960224 total
- age   4:   27510712 bytes,  637470936 total
- age   5:    2850192 bytes,  640321128 total
- age   6:   27946728 bytes,  668267856 total
- age   7:   22051184 bytes,  690319040 total
- age   8:   19223712 bytes,  709542752 total
- age   9:    2182392 bytes,  711725144 total
- age  10:    1555696 bytes,  713280840 total
- age  11:    1726240 bytes,  715007080 total
- age  12:    1910976 bytes,  716918056 total
- age  13:    2525896 bytes,  719443952 total
- age  14:    1338168 bytes,  720782120 total
- age  15:    1663016 bytes,  722445136 total
, 0.3285690 secs]
   [Parallel Time: 319.2 ms, GC Workers: 18]
      [GC Worker Start (ms): Min: 1908681.3, Avg: 1908681.4, Max: 1908681.5, Diff: 0.1]
      [Ext Root Scanning (ms): Min: 3.6, Avg: 4.3, Max: 4.7, Diff: 1.1, Sum: 78.2]
      [Code Root Marking (ms): Min: 0.3, Avg: 1.3, Max: 9.6, Diff: 9.3, Sum: 22.8]
      [Update RS (ms): Min: 37.0, Avg: 44.9, Max: 45.6, Diff: 8.7, Sum: 808.2]
         [Processed Buffers: Min: 54, Avg: 70.5, Max: 83, Diff: 29, Sum: 1269]
      [Scan RS (ms): Min: 16.9, Avg: 16.9, Max: 17.0, Diff: 0.1, Sum: 304.6]
      [Code Root Scanning (ms): Min: 0.0, Avg: 0.0, Max: 0.0, Diff: 0.0, Sum: 0.0]
      [Object Copy (ms): Min: 251.1, Avg: 251.2, Max: 251.6, Diff: 0.5, Sum: 4521.8]
      [Termination (ms): Min: 0.0, Avg: 0.3, Max: 0.4, Diff: 0.4, Sum: 6.1]
      [GC Worker Other (ms): Min: 0.0, Avg: 0.0, Max: 0.1, Diff: 0.1, Sum: 0.8]
      [GC Worker Total (ms): Min: 319.0, Avg: 319.0, Max: 319.1, Diff: 0.2, Sum: 5742.7]
      [GC Worker End (ms): Min: 1909000.4, Avg: 1909000.4, Max: 1909000.5, Diff: 0.1]
   [Code Root Fixup: 0.3 ms]
   [Code Root Migration: 0.0 ms]
   [Clear CT: 0.9 ms]
   [Other: 8.1 ms]
      [Choose CSet: 0.0 ms]
      [Ref Proc: 1.6 ms]
      [Ref Enq: 0.1 ms]
      [Free CSet: 0.4 ms]
   [Eden: 496.0M(16.0M)->0.0B(880.0M) Survivors: 576.0M->80.0M Heap: 5688.0M(10.0G)->5361.4M(10.0G)]
 [Times: user=5.74 sys=0.04, real=0.33 secs] 
1909.009: [GC concurrent-root-region-scan-start]
1909.010: Total time for which application threads were stopped: 0.3306720 seconds
1909.017: [GC concurrent-root-region-scan-end, 0.0077040 secs]
1909.017: [GC concurrent-mark-start]
1909.849: [GC pause (G1 Evacuation Pause) (young)
Desired survivor size 67108864 bytes, new threshold 15 (max 15)
- age   1:   39829264 bytes,   39829264 total
, 0.0892690 secs]
   [Parallel Time: 85.0 ms, GC Workers: 18]
      [GC Worker Start (ms): Min: 1909849.9, Avg: 1909850.0, Max: 1909850.1, Diff: 0.2]
      [Ext Root Scanning (ms): Min: 4.0, Avg: 4.7, Max: 5.3, Diff: 1.3, Sum: 85.1]
      [SATB Filtering (ms): Min: 0.0, Avg: 0.2, Max: 2.8, Diff: 2.8, Sum: 2.8]
      [Update RS (ms): Min: 26.3, Avg: 28.5, Max: 29.3, Diff: 3.0, Sum: 512.4]
         [Processed Buffers: Min: 59, Avg: 72.3, Max: 94, Diff: 35, Sum: 1302]
      [Scan RS (ms): Min: 3.1, Avg: 3.9, Max: 4.0, Diff: 0.9, Sum: 69.6]
      [Code Root Scanning (ms): Min: 0.0, Avg: 0.0, Max: 0.0, Diff: 0.0, Sum: 0.0]
      [Object Copy (ms): Min: 47.5, Avg: 47.6, Max: 47.8, Diff: 0.3, Sum: 856.2]
      [Termination (ms): Min: 0.0, Avg: 0.0, Max: 0.0, Diff: 0.0, Sum: 0.2]
      [GC Worker Other (ms): Min: 0.0, Avg: 0.0, Max: 0.1, Diff: 0.0, Sum: 0.8]
      [GC Worker Total (ms): Min: 84.7, Avg: 84.8, Max: 84.9, Diff: 0.2, Sum: 1527.0]
      [GC Worker End (ms): Min: 1909934.8, Avg: 1909934.8, Max: 1909934.9, Diff: 0.0]
   [Code Root Fixup: 0.2 ms]
   [Code Root Migration: 0.0 ms]
   [Clear CT: 0.9 ms]
   [Other: 3.1 ms]
      [Choose CSet: 0.0 ms]
      [Ref Proc: 1.6 ms]
      [Ref Enq: 0.1 ms]
      [Free CSet: 0.3 ms]
   [Eden: 880.0M(880.0M)->0.0B(384.0M) Survivors: 80.0M->128.0M Heap: 6241.4M(10.0G)->5456.0M(10.0G)]
 [Times: user=1.54 sys=0.01, real=0.09 secs] 
1909.939: Total time for which application threads were stopped: 0.0910600 seconds
1910.171: [GC pause (G1 Evacuation Pause) (young)
Desired survivor size 33554432 bytes, new threshold 1 (max 15)
- age   1:  104961408 bytes,  104961408 total
- age   2:   18843816 bytes,  123805224 total
, 0.0873170 secs]
   [Parallel Time: 83.1 ms, GC Workers: 18]
      [GC Worker Start (ms): Min: 1910171.5, Avg: 1910171.6, Max: 1910171.6, Diff: 0.1]
      [Ext Root Scanning (ms): Min: 3.9, Avg: 4.6, Max: 5.2, Diff: 1.3, Sum: 83.3]
      [SATB Filtering (ms): Min: 0.0, Avg: 0.1, Max: 1.7, Diff: 1.7, Sum: 1.7]
      [Update RS (ms): Min: 19.3, Avg: 20.4, Max: 21.0, Diff: 1.7, Sum: 367.4]
         [Processed Buffers: Min: 36, Avg: 50.1, Max: 78, Diff: 42, Sum: 901]
      [Scan RS (ms): Min: 0.0, Avg: 0.0, Max: 0.0, Diff: 0.0, Sum: 0.6]
      [Code Root Scanning (ms): Min: 0.0, Avg: 0.0, Max: 0.0, Diff: 0.0, Sum: 0.0]
      [Object Copy (ms): Min: 57.5, Avg: 57.6, Max: 57.9, Diff: 0.4, Sum: 1037.6]
      [Termination (ms): Min: 0.0, Avg: 0.1, Max: 0.1, Diff: 0.1, Sum: 1.2]
      [GC Worker Other (ms): Min: 0.0, Avg: 0.0, Max: 0.1, Diff: 0.0, Sum: 0.7]
      [GC Worker Total (ms): Min: 82.8, Avg: 82.9, Max: 83.0, Diff: 0.2, Sum: 1492.6]
      [GC Worker End (ms): Min: 1910254.5, Avg: 1910254.5, Max: 1910254.5, Diff: 0.0]
   [Code Root Fixup: 0.2 ms]
   [Code Root Migration: 0.0 ms]
   [Clear CT: 0.2 ms]
   [Other: 3.8 ms]
      [Choose CSet: 0.0 ms]
      [Ref Proc: 1.4 ms]
      [Ref Enq: 0.1 ms]
      [Free CSet: 0.2 ms]
   [Eden: 384.0M(384.0M)->0.0B(2144.0M) Survivors: 128.0M->64.0M Heap: 5840.0M(10.0G)->5682.9M(10.0G)]
 [Times: user=1.50 sys=0.00, real=0.09 secs] 
1910.259: Total time for which application threads were stopped: 0.0888600 seconds
1910.632: [GC concurrent-mark-end, 1.6144720 secs]
1910.633: [GC remark 1910.634: [GC ref-proc, 0.0027210 secs], 0.0107650 secs]
 [Times: user=0.16 sys=0.00, real=0.01 secs] 
1910.644: Total time for which application threads were stopped: 0.0121520 seconds
1910.645: [GC cleanup 6178M->6082M(10G), 0.0095480 secs]
 [Times: user=0.16 sys=0.01, real=0.01 secs] 
1910.654: Total time for which application threads were stopped: 0.0105860 seconds
1910.654: [GC concurrent-cleanup-start]
1910.655: [GC concurrent-cleanup-end, 0.0000580 secs]
1910.861: Total time for which application threads were stopped: 0.0010700 seconds
1910.862: [GC pause (GCLocker Initiated GC) (young)
Desired survivor size 33554432 bytes, new threshold 15 (max 15)
- age   1:   31088144 bytes,   31088144 total
, 0.0647790 secs]
   [Parallel Time: 59.2 ms, GC Workers: 18]
      [GC Worker Start (ms): Min: 1910862.1, Avg: 1910862.2, Max: 1910862.3, Diff: 0.2]
      [Ext Root Scanning (ms): Min: 3.7, Avg: 4.7, Max: 5.1, Diff: 1.4, Sum: 83.9]
      [Update RS (ms): Min: 19.6, Avg: 20.2, Max: 25.6, Diff: 5.9, Sum: 364.4]
         [Processed Buffers: Min: 26, Avg: 61.0, Max: 97, Diff: 71, Sum: 1098]
      [Scan RS (ms): Min: 0.7, Avg: 6.2, Max: 6.7, Diff: 6.0, Sum: 110.9]
      [Code Root Scanning (ms): Min: 0.0, Avg: 0.0, Max: 0.0, Diff: 0.0, Sum: 0.0]
      [Object Copy (ms): Min: 27.6, Avg: 27.8, Max: 27.9, Diff: 0.3, Sum: 499.9]
      [Termination (ms): Min: 0.0, Avg: 0.1, Max: 0.1, Diff: 0.1, Sum: 1.1]
      [GC Worker Other (ms): Min: 0.0, Avg: 0.0, Max: 0.0, Diff: 0.0, Sum: 0.5]
      [GC Worker Total (ms): Min: 58.9, Avg: 58.9, Max: 59.0, Diff: 0.2, Sum: 1060.6]
      [GC Worker End (ms): Min: 1910921.1, Avg: 1910921.1, Max: 1910921.2, Diff: 0.0]
   [Code Root Fixup: 0.2 ms]
   [Code Root Migration: 0.0 ms]
   [Clear CT: 0.8 ms]
   [Other: 4.6 ms]
      [Choose CSet: 0.0 ms]
      [Ref Proc: 1.6 ms]
      [Ref Enq: 0.1 ms]
      [Free CSet: 0.3 ms]
   [Eden: 656.0M(448.0M)->0.0B(448.0M) Survivors: 64.0M->64.0M Heap: 6242.9M(10.0G)->5622.0M(10.0G)]
 [Times: user=1.08 sys=0.00, real=0.06 secs] 
1910.927: Total time for which application threads were stopped: 0.0657150 seconds
1911.353: [GC pause (G1 Evacuation Pause) (mixed)
Desired survivor size 33554432 bytes, new threshold 1 (max 15)
- age   1:   57637936 bytes,   57637936 total
- age   2:   14600856 bytes,   72238792 total
, 0.1306820 secs]
   [Parallel Time: 122.0 ms, GC Workers: 18]
      [GC Worker Start (ms): Min: 1911353.9, Avg: 1911354.0, Max: 1911354.0, Diff: 0.1]
      [Ext Root Scanning (ms): Min: 4.0, Avg: 4.6, Max: 5.1, Diff: 1.0, Sum: 82.8]
      [Update RS (ms): Min: 22.1, Avg: 24.7, Max: 28.3, Diff: 6.2, Sum: 443.8]
         [Processed Buffers: Min: 32, Avg: 61.9, Max: 84, Diff: 52, Sum: 1115]
      [Scan RS (ms): Min: 17.2, Avg: 20.4, Max: 22.5, Diff: 5.3, Sum: 366.7]
      [Code Root Scanning (ms): Min: 0.0, Avg: 0.0, Max: 0.1, Diff: 0.1, Sum: 0.2]
      [Object Copy (ms): Min: 72.0, Avg: 72.1, Max: 72.3, Diff: 0.3, Sum: 1297.7]
      [Termination (ms): Min: 0.0, Avg: 0.1, Max: 0.1, Diff: 0.1, Sum: 1.1]
      [GC Worker Other (ms): Min: 0.0, Avg: 0.0, Max: 0.1, Diff: 0.0, Sum: 0.6]
      [GC Worker Total (ms): Min: 121.7, Avg: 121.8, Max: 121.9, Diff: 0.2, Sum: 2192.8]
      [GC Worker End (ms): Min: 1911475.8, Avg: 1911475.8, Max: 1911475.8, Diff: 0.0]
   [Code Root Fixup: 0.4 ms]
   [Code Root Migration: 0.3 ms]
   [Clear CT: 1.7 ms]
   [Other: 6.3 ms]
      [Choose CSet: 0.2 ms]
      [Ref Proc: 1.6 ms]
      [Ref Enq: 0.1 ms]
      [Free CSet: 0.7 ms]
   [Eden: 448.0M(448.0M)->0.0B(448.0M) Survivors: 64.0M->64.0M Heap: 6070.0M(10.0G)->5468.2M(10.0G)]
 [Times: user=2.19 sys=0.01, real=0.13 secs] 
1911.484: Total time for which application threads were stopped: 0.1324540 seconds
1911.871: [GC pause (G1 Evacuation Pause) (mixed)
Desired survivor size 33554432 bytes, new threshold 15 (max 15)
- age   1:   10534848 bytes,   10534848 total
, 0.1145980 secs]
   [Parallel Time: 107.4 ms, GC Workers: 18]
      [GC Worker Start (ms): Min: 1911871.4, Avg: 1911871.5, Max: 1911871.5, Diff: 0.2]
      [Ext Root Scanning (ms): Min: 4.0, Avg: 4.6, Max: 5.1, Diff: 1.1, Sum: 83.6]
      [Update RS (ms): Min: 19.6, Avg: 20.1, Max: 20.8, Diff: 1.2, Sum: 362.1]
         [Processed Buffers: Min: 16, Avg: 57.8, Max: 87, Diff: 71, Sum: 1040]
      [Scan RS (ms): Min: 21.6, Avg: 22.0, Max: 22.6, Diff: 1.0, Sum: 395.2]
      [Code Root Scanning (ms): Min: 0.0, Avg: 0.0, Max: 0.1, Diff: 0.1, Sum: 0.1]
      [Object Copy (ms): Min: 59.9, Avg: 60.4, Max: 60.7, Diff: 0.8, Sum: 1087.6]
      [Termination (ms): Min: 0.0, Avg: 0.0, Max: 0.1, Diff: 0.1, Sum: 0.8]
      [GC Worker Other (ms): Min: 0.0, Avg: 0.0, Max: 0.1, Diff: 0.0, Sum: 0.7]
      [GC Worker Total (ms): Min: 107.1, Avg: 107.2, Max: 107.3, Diff: 0.2, Sum: 1930.0]
      [GC Worker End (ms): Min: 1911978.7, Avg: 1911978.7, Max: 1911978.7, Diff: 0.0]
   [Code Root Fixup: 0.2 ms]
   [Code Root Migration: 0.1 ms]
   [Clear CT: 1.7 ms]
   [Other: 5.2 ms]
      [Choose CSet: 0.2 ms]
      [Ref Proc: 1.7 ms]
      [Ref Enq: 0.1 ms]
      [Free CSet: 0.6 ms]
   [Eden: 448.0M(448.0M)->0.0B(512.0M) Survivors: 64.0M->32.0M Heap: 5916.2M(10.0G)->5371.5M(10.0G)]
 [Times: user=1.95 sys=0.01, real=0.11 secs] 
1911.986: Total time for which application threads were stopped: 0.1163540 seconds
1912.401: [GC pause (G1 Evacuation Pause) (young)
Desired survivor size 33554432 bytes, new threshold 15 (max 15)
- age   1:    7814784 bytes,    7814784 total
- age   2:    7697152 bytes,   15511936 total
, 0.0725270 secs]
   [Parallel Time: 67.8 ms, GC Workers: 18]
      [GC Worker Start (ms): Min: 1912401.6, Avg: 1912401.7, Max: 1912401.8, Diff: 0.2]
      [Ext Root Scanning (ms): Min: 3.8, Avg: 4.4, Max: 4.8, Diff: 1.0, Sum: 79.1]
      [Update RS (ms): Min: 17.1, Avg: 17.7, Max: 20.4, Diff: 3.4, Sum: 317.7]
         [Processed Buffers: Min: 24, Avg: 52.1, Max: 75, Diff: 51, Sum: 937]
      [Scan RS (ms): Min: 13.4, Avg: 15.5, Max: 15.7, Diff: 2.3, Sum: 279.7]
      [Code Root Scanning (ms): Min: 0.0, Avg: 0.0, Max: 0.0, Diff: 0.0, Sum: 0.0]
      [Object Copy (ms): Min: 29.7, Avg: 29.8, Max: 30.0, Diff: 0.3, Sum: 536.2]
      [Termination (ms): Min: 0.0, Avg: 0.1, Max: 0.1, Diff: 0.1, Sum: 2.1]
      [GC Worker Other (ms): Min: 0.0, Avg: 0.0, Max: 0.1, Diff: 0.0, Sum: 0.6]
      [GC Worker Total (ms): Min: 67.4, Avg: 67.5, Max: 67.6, Diff: 0.2, Sum: 1215.5]
      [GC Worker End (ms): Min: 1912469.2, Avg: 1912469.2, Max: 1912469.2, Diff: 0.0]
   [Code Root Fixup: 0.2 ms]
   [Code Root Migration: 0.0 ms]
   [Clear CT: 0.9 ms]
   [Other: 3.7 ms]
      [Choose CSet: 0.0 ms]
      [Ref Proc: 1.5 ms]
      [Ref Enq: 0.1 ms]
      [Free CSet: 0.4 ms]
   [Eden: 496.0M(480.0M)->0.0B(480.0M) Survivors: 32.0M->32.0M Heap: 5867.5M(10.0G)->5372.6M(10.0G)]
 [Times: user=1.23 sys=0.01, real=0.07 secs] 
1912.474: Total time for which application threads were stopped: 0.0743350 seconds
1912.891: Total time for which application threads were stopped: 0.0010700 seconds
1912.892: [GC pause (GCLocker Initiated GC) (young) (initial-mark)
Desired survivor size 33554432 bytes, new threshold 15 (max 15)
- age   1:    9832488 bytes,    9832488 total
- age   2:    6205408 bytes,   16037896 total
- age   3:    7683296 bytes,   23721192 total
, 0.0563750 secs]
   [Parallel Time: 51.7 ms, GC Workers: 18]
      [GC Worker Start (ms): Min: 1912892.1, Avg: 1912892.2, Max: 1912892.3, Diff: 0.1]
      [Ext Root Scanning (ms): Min: 3.6, Avg: 4.2, Max: 4.6, Diff: 1.1, Sum: 76.0]
      [Code Root Marking (ms): Min: 0.4, Avg: 1.1, Max: 6.4, Diff: 6.1, Sum: 19.6]
      [Update RS (ms): Min: 6.9, Avg: 12.8, Max: 17.2, Diff: 10.3, Sum: 230.4]
         [Processed Buffers: Min: 12, Avg: 46.0, Max: 68, Diff: 56, Sum: 828]
      [Scan RS (ms): Min: 5.8, Avg: 9.9, Max: 10.2, Diff: 4.4, Sum: 177.9]
      [Code Root Scanning (ms): Min: 0.0, Avg: 0.0, Max: 0.0, Diff: 0.0, Sum: 0.0]
      [Object Copy (ms): Min: 23.2, Avg: 23.4, Max: 23.6, Diff: 0.4, Sum: 421.3]
      [Termination (ms): Min: 0.0, Avg: 0.1, Max: 0.1, Diff: 0.1, Sum: 1.1]
      [GC Worker Other (ms): Min: 0.0, Avg: 0.0, Max: 0.1, Diff: 0.0, Sum: 0.7]
      [GC Worker Total (ms): Min: 51.4, Avg: 51.5, Max: 51.6, Diff: 0.1, Sum: 927.1]
      [GC Worker End (ms): Min: 1912943.7, Avg: 1912943.7, Max: 1912943.7, Diff: 0.0]
   [Code Root Fixup: 0.2 ms]
   [Code Root Migration: 0.0 ms]
   [Clear CT: 0.6 ms]
   [Other: 3.9 ms]
      [Choose CSet: 0.0 ms]
      [Ref Proc: 1.7 ms]
      [Ref Enq: 0.1 ms]
      [Free CSet: 0.3 ms]
   [Eden: 496.0M(480.0M)->0.0B(464.0M) Survivors: 32.0M->48.0M Heap: 5853.0M(10.0G)->5380.0M(10.0G)]
 [Times: user=0.93 sys=0.01, real=0.06 secs] 
1912.948: [GC concurrent-root-region-scan-start]
1912.948: Total time for which application threads were stopped: 0.0573390 seconds
1913.092: [GC concurrent-root-region-scan-end, 0.1442170 secs]
1913.092: [GC concurrent-mark-start]
1913.354: [GC pause (G1 Evacuation Pause) (young)
Desired survivor size 33554432 bytes, new threshold 15 (max 15)
- age   1:    2617600 bytes,    2617600 total
- age   2:    9223016 bytes,   11840616 total
- age   3:    6191896 bytes,   18032512 total
- age   4:    7674704 bytes,   25707216 total
, 0.0428540 secs]
   [Parallel Time: 38.6 ms, GC Workers: 18]
      [GC Worker Start (ms): Min: 1913354.8, Avg: 1913354.9, Max: 1913354.9, Diff: 0.1]
      [Ext Root Scanning (ms): Min: 3.9, Avg: 4.4, Max: 4.8, Diff: 0.9, Sum: 79.8]
      [SATB Filtering (ms): Min: 0.0, Avg: 0.1, Max: 1.9, Diff: 1.9, Sum: 1.9]
      [Update RS (ms): Min: 8.8, Avg: 10.3, Max: 13.1, Diff: 4.2, Sum: 184.7]
         [Processed Buffers: Min: 7, Avg: 44.0, Max: 69, Diff: 62, Sum: 792]
      [Scan RS (ms): Min: 3.6, Avg: 6.3, Max: 6.5, Diff: 2.9, Sum: 112.9]
      [Code Root Scanning (ms): Min: 0.0, Avg: 0.0, Max: 0.0, Diff: 0.0, Sum: 0.0]
      [Object Copy (ms): Min: 17.3, Avg: 17.4, Max: 17.6, Diff: 0.2, Sum: 313.2]
      [Termination (ms): Min: 0.0, Avg: 0.0, Max: 0.0, Diff: 0.0, Sum: 0.2]
      [GC Worker Other (ms): Min: 0.0, Avg: 0.0, Max: 0.1, Diff: 0.0, Sum: 0.8]
      [GC Worker Total (ms): Min: 38.5, Avg: 38.5, Max: 38.6, Diff: 0.1, Sum: 693.4]
      [GC Worker End (ms): Min: 1913393.4, Avg: 1913393.4, Max: 1913393.4, Diff: 0.0]
   [Code Root Fixup: 0.2 ms]
   [Code Root Migration: 0.0 ms]
   [Clear CT: 0.5 ms]
   [Other: 3.5 ms]
      [Choose CSet: 0.0 ms]
      [Ref Proc: 1.6 ms]
      [Ref Enq: 0.1 ms]
      [Free CSet: 0.2 ms]
   [Eden: 464.0M(464.0M)->0.0B(1200.0M) Survivors: 48.0M->48.0M Heap: 5844.0M(10.0G)->5382.4M(10.0G)]
 [Times: user=0.69 sys=0.01, real=0.05 secs] 
1913.398: Total time for which application threads were stopped: 0.0446020 seconds
1913.958: [GC concurrent-mark-end, 0.8654590 secs]
1913.959: [GC remark 1913.960: [GC ref-proc, 0.0028000 secs], 0.0098500 secs]
 [Times: user=0.13 sys=0.00, real=0.01 secs] 
1913.969: Total time for which application threads were stopped: 0.0113700 seconds
1913.970: [GC cleanup 6085M->5949M(10G), 0.0104350 secs]
 [Times: user=0.17 sys=0.01, real=0.01 secs] 
1913.981: Total time for which application threads were stopped: 0.0114480 seconds
1913.981: [GC concurrent-cleanup-start]
1913.981: [GC concurrent-cleanup-end, 0.0001110 secs]
1914.210: Total time for which application threads were stopped: 0.0011280 seconds
1914.220: Total time for which application threads were stopped: 0.0008340 seconds
1914.431: [GC pause (G1 Evacuation Pause) (young)
Desired survivor size 83886080 bytes, new threshold 15 (max 15)
- age   1:    1443176 bytes,    1443176 total
- age   2:    2069312 bytes,    3512488 total
- age   3:    9197408 bytes,   12709896 total
- age   4:    6191080 bytes,   18900976 total
- age   5:    7605544 bytes,   26506520 total
, 0.1060790 secs]
   [Parallel Time: 101.4 ms, GC Workers: 18]
      [GC Worker Start (ms): Min: 1914431.3, Avg: 1914431.4, Max: 1914431.5, Diff: 0.2]
      [Ext Root Scanning (ms): Min: 4.2, Avg: 4.8, Max: 5.3, Diff: 1.1, Sum: 87.2]
      [Update RS (ms): Min: 8.8, Avg: 9.2, Max: 9.7, Diff: 1.0, Sum: 165.7]
         [Processed Buffers: Min: 27, Avg: 44.1, Max: 84, Diff: 57, Sum: 793]
      [Scan RS (ms): Min: 6.2, Avg: 6.6, Max: 6.8, Diff: 0.5, Sum: 119.0]
      [Code Root Scanning (ms): Min: 0.0, Avg: 0.0, Max: 0.0, Diff: 0.0, Sum: 0.0]
      [Object Copy (ms): Min: 80.1, Avg: 80.3, Max: 80.6, Diff: 0.5, Sum: 1445.6]
      [Termination (ms): Min: 0.1, Avg: 0.1, Max: 0.2, Diff: 0.1, Sum: 2.4]
      [GC Worker Other (ms): Min: 0.0, Avg: 0.0, Max: 0.1, Diff: 0.0, Sum: 0.8]
      [GC Worker Total (ms): Min: 101.1, Avg: 101.2, Max: 101.2, Diff: 0.2, Sum: 1820.8]
      [GC Worker End (ms): Min: 1914532.5, Avg: 1914532.5, Max: 1914532.6, Diff: 0.0]
   [Code Root Fixup: 0.2 ms]
   [Code Root Migration: 0.0 ms]
   [Clear CT: 0.9 ms]
   [Other: 3.6 ms]
      [Choose CSet: 0.0 ms]
      [Ref Proc: 1.6 ms]
      [Ref Enq: 0.1 ms]
      [Free CSet: 0.3 ms]
   [Eden: 1200.0M(1200.0M)->0.0B(352.0M) Survivors: 48.0M->160.0M Heap: 6446.4M(10.0G)->5375.2M(10.0G)]
 [Times: user=1.83 sys=0.02, real=0.10 secs] 
1914.537: Total time for which application threads were stopped: 0.1076280 seconds
1914.677: Total time for which application threads were stopped: 0.0012130 seconds
1914.678: [GC pause (GCLocker Initiated GC) (mixed)
Desired survivor size 33554432 bytes, new threshold 1 (max 15)
- age   1:  128051712 bytes,  128051712 total
- age   2:     831696 bytes,  128883408 total
- age   3:    2038216 bytes,  130921624 total
- age   4:    9181696 bytes,  140103320 total
- age   5:    6155624 bytes,  146258944 total
- age   6:    7587944 bytes,  153846888 total
, 0.1163160 secs]
   [Parallel Time: 109.5 ms, GC Workers: 18]
      [GC Worker Start (ms): Min: 1914678.7, Avg: 1914678.8, Max: 1914678.8, Diff: 0.1]
      [Ext Root Scanning (ms): Min: 3.7, Avg: 4.8, Max: 5.1, Diff: 1.4, Sum: 85.9]
      [Update RS (ms): Min: 8.9, Avg: 9.8, Max: 19.5, Diff: 10.6, Sum: 175.5]
         [Processed Buffers: Min: 14, Avg: 43.6, Max: 67, Diff: 53, Sum: 784]
      [Scan RS (ms): Min: 0.0, Avg: 8.1, Max: 8.7, Diff: 8.7, Sum: 146.2]
      [Code Root Scanning (ms): Min: 0.0, Avg: 0.0, Max: 0.0, Diff: 0.0, Sum: 0.0]
      [Object Copy (ms): Min: 85.0, Avg: 86.5, Max: 86.7, Diff: 1.8, Sum: 1557.8]
      [Termination (ms): Min: 0.1, Avg: 0.1, Max: 0.1, Diff: 0.1, Sum: 1.8]
      [GC Worker Other (ms): Min: 0.0, Avg: 0.0, Max: 0.1, Diff: 0.0, Sum: 0.7]
      [GC Worker Total (ms): Min: 109.3, Avg: 109.3, Max: 109.4, Diff: 0.1, Sum: 1967.9]
      [GC Worker End (ms): Min: 1914788.1, Avg: 1914788.1, Max: 1914788.1, Diff: 0.0]
   [Code Root Fixup: 0.3 ms]
   [Code Root Migration: 0.0 ms]
   [Clear CT: 1.3 ms]
   [Other: 5.2 ms]
      [Choose CSet: 0.2 ms]
      [Ref Proc: 1.5 ms]
      [Ref Enq: 0.1 ms]
      [Free CSet: 0.6 ms]
   [Eden: 368.0M(352.0M)->0.0B(448.0M) Survivors: 160.0M->64.0M Heap: 5727.5M(10.0G)->5092.7M(10.0G)]
 [Times: user=1.98 sys=0.01, real=0.12 secs] 
1914.795: Total time for which application threads were stopped: 0.1171950 seconds
1915.037: [GC pause (G1 Evacuation Pause) (mixed)
Desired survivor size 33554432 bytes, new threshold 15 (max 15)
- age   1:   25894064 bytes,   25894064 total
, 0.1332030 secs]
   [Parallel Time: 124.4 ms, GC Workers: 18]
      [GC Worker Start (ms): Min: 1915037.7, Avg: 1915037.7, Max: 1915037.8, Diff: 0.1]
      [Ext Root Scanning (ms): Min: 4.1, Avg: 4.7, Max: 5.1, Diff: 0.9, Sum: 84.5]
      [Update RS (ms): Min: 13.8, Avg: 15.0, Max: 27.9, Diff: 14.1, Sum: 269.2]
         [Processed Buffers: Min: 14, Avg: 49.8, Max: 74, Diff: 60, Sum: 896]
      [Scan RS (ms): Min: 15.5, Avg: 27.9, Max: 28.7, Diff: 13.2, Sum: 502.5]
      [Code Root Scanning (ms): Min: 0.0, Avg: 0.0, Max: 0.4, Diff: 0.4, Sum: 0.7]
      [Object Copy (ms): Min: 76.5, Avg: 76.6, Max: 76.8, Diff: 0.3, Sum: 1378.0]
      [Termination (ms): Min: 0.0, Avg: 0.0, Max: 0.0, Diff: 0.0, Sum: 0.1]
      [GC Worker Other (ms): Min: 0.0, Avg: 0.0, Max: 0.0, Diff: 0.0, Sum: 0.6]
      [GC Worker Total (ms): Min: 124.1, Avg: 124.2, Max: 124.3, Diff: 0.2, Sum: 2235.6]
      [GC Worker End (ms): Min: 1915161.9, Avg: 1915161.9, Max: 1915161.9, Diff: 0.0]
   [Code Root Fixup: 0.6 ms]
   [Code Root Migration: 1.0 ms]
   [Clear CT: 1.8 ms]
   [Other: 5.3 ms]
      [Choose CSet: 0.3 ms]
      [Ref Proc: 1.6 ms]
      [Ref Enq: 0.1 ms]
      [Free CSet: 0.7 ms]
   [Eden: 448.0M(448.0M)->0.0B(448.0M) Survivors: 64.0M->64.0M Heap: 5540.7M(10.0G)->4877.7M(10.0G)]
 [Times: user=2.27 sys=0.01, real=0.14 secs] 
1915.170: Total time for which application threads were stopped: 0.1347400 seconds
1915.460: [GC pause (G1 Evacuation Pause) (mixed)
Desired survivor size 33554432 bytes, new threshold 1 (max 15)
- age   1:   36963240 bytes,   36963240 total
- age   2:   13305472 bytes,   50268712 total
, 0.1763350 secs]
   [Parallel Time: 166.9 ms, GC Workers: 18]
      [GC Worker Start (ms): Min: 1915461.0, Avg: 1915461.1, Max: 1915461.1, Diff: 0.1]
      [Ext Root Scanning (ms): Min: 4.3, Avg: 4.9, Max: 5.2, Diff: 0.9, Sum: 88.3]
      [Update RS (ms): Min: 12.0, Avg: 12.4, Max: 12.9, Diff: 0.9, Sum: 222.4]
         [Processed Buffers: Min: 29, Avg: 44.6, Max: 67, Diff: 38, Sum: 803]
      [Scan RS (ms): Min: 39.8, Avg: 39.9, Max: 39.9, Diff: 0.1, Sum: 717.9]
      [Code Root Scanning (ms): Min: 0.0, Avg: 0.0, Max: 0.1, Diff: 0.1, Sum: 0.3]
      [Object Copy (ms): Min: 109.3, Avg: 109.4, Max: 109.5, Diff: 0.2, Sum: 1969.1]
      [Termination (ms): Min: 0.0, Avg: 0.1, Max: 0.1, Diff: 0.1, Sum: 1.3]
      [GC Worker Other (ms): Min: 0.0, Avg: 0.0, Max: 0.1, Diff: 0.0, Sum: 0.6]
      [GC Worker Total (ms): Min: 166.6, Avg: 166.7, Max: 166.7, Diff: 0.1, Sum: 2999.9]
      [GC Worker End (ms): Min: 1915627.7, Avg: 1915627.7, Max: 1915627.8, Diff: 0.0]
   [Code Root Fixup: 0.4 ms]
   [Code Root Migration: 0.4 ms]
   [Clear CT: 1.8 ms]
   [Other: 6.9 ms]
      [Choose CSet: 0.3 ms]
      [Ref Proc: 1.6 ms]
      [Ref Enq: 0.1 ms]
      [Free CSet: 0.7 ms]
   [Eden: 448.0M(448.0M)->0.0B(464.0M) Survivors: 64.0M->48.0M Heap: 5325.7M(10.0G)->4680.3M(10.0G)]
 [Times: user=3.04 sys=0.00, real=0.17 secs] 
1915.637: Total time for which application threads were stopped: 0.1780770 seconds
1916.010: [GC pause (G1 Evacuation Pause) (mixed)
Desired survivor size 33554432 bytes, new threshold 15 (max 15)
- age   1:    3574400 bytes,    3574400 total
, 0.0400460 secs]
   [Parallel Time: 35.3 ms, GC Workers: 18]
      [GC Worker Start (ms): Min: 1916011.1, Avg: 1916011.2, Max: 1916011.3, Diff: 0.2]
      [Ext Root Scanning (ms): Min: 4.3, Avg: 4.9, Max: 5.3, Diff: 1.0, Sum: 87.6]
      [Update RS (ms): Min: 12.7, Avg: 13.8, Max: 26.1, Diff: 13.5, Sum: 249.0]
         [Processed Buffers: Min: 9, Avg: 44.1, Max: 102, Diff: 93, Sum: 794]
      [Scan RS (ms): Min: 0.0, Avg: 8.4, Max: 9.1, Diff: 9.1, Sum: 151.2]
      [Code Root Scanning (ms): Min: 0.0, Avg: 0.0, Max: 0.0, Diff: 0.0, Sum: 0.0]
      [Object Copy (ms): Min: 3.7, Avg: 7.9, Max: 8.4, Diff: 4.7, Sum: 142.5]
      [Termination (ms): Min: 0.0, Avg: 0.0, Max: 0.0, Diff: 0.0, Sum: 0.2]
      [GC Worker Other (ms): Min: 0.0, Avg: 0.0, Max: 0.1, Diff: 0.0, Sum: 0.8]
      [GC Worker Total (ms): Min: 35.0, Avg: 35.1, Max: 35.2, Diff: 0.2, Sum: 631.3]
      [GC Worker End (ms): Min: 1916046.2, Avg: 1916046.3, Max: 1916046.3, Diff: 0.0]
   [Code Root Fixup: 0.2 ms]
   [Code Root Migration: 0.0 ms]
   [Clear CT: 1.3 ms]
   [Other: 3.3 ms]
      [Choose CSet: 0.1 ms]
      [Ref Proc: 1.4 ms]
      [Ref Enq: 0.1 ms]
      [Free CSet: 0.2 ms]
   [Eden: 464.0M(464.0M)->0.0B(496.0M) Survivors: 48.0M->16.0M Heap: 5144.3M(10.0G)->4747.7M(10.0G)]
 [Times: user=0.65 sys=0.01, real=0.04 secs] 
1916.051: Total time for which application threads were stopped: 0.0417900 seconds
1916.484: [GC pause (G1 Evacuation Pause) (young)
Desired survivor size 33554432 bytes, new threshold 15 (max 15)
- age   1:    1293424 bytes,    1293424 total
- age   2:    2731480 bytes,    4024904 total
, 0.0180000 secs]
   [Parallel Time: 14.7 ms, GC Workers: 18]
      [GC Worker Start (ms): Min: 1916484.9, Avg: 1916485.0, Max: 1916485.1, Diff: 0.2]
      [Ext Root Scanning (ms): Min: 4.0, Avg: 4.8, Max: 5.2, Diff: 1.2, Sum: 86.4]
      [Update RS (ms): Min: 7.7, Avg: 8.2, Max: 9.2, Diff: 1.5, Sum: 147.4]
         [Processed Buffers: Min: 23, Avg: 41.1, Max: 82, Diff: 59, Sum: 739]
      [Scan RS (ms): Min: 0.0, Avg: 0.0, Max: 0.1, Diff: 0.1, Sum: 0.5]
      [Code Root Scanning (ms): Min: 0.0, Avg: 0.0, Max: 0.0, Diff: 0.0, Sum: 0.0]
      [Object Copy (ms): Min: 0.6, Avg: 1.3, Max: 1.6, Diff: 1.0, Sum: 22.6]
      [Termination (ms): Min: 0.0, Avg: 0.3, Max: 0.3, Diff: 0.3, Sum: 4.8]
      [GC Worker Other (ms): Min: 0.0, Avg: 0.0, Max: 0.1, Diff: 0.1, Sum: 0.4]
      [GC Worker Total (ms): Min: 14.5, Avg: 14.6, Max: 14.6, Diff: 0.1, Sum: 262.1]
      [GC Worker End (ms): Min: 1916499.6, Avg: 1916499.6, Max: 1916499.6, Diff: 0.0]
   [Code Root Fixup: 0.3 ms]
   [Code Root Migration: 0.0 ms]
   [Clear CT: 0.2 ms]
   [Other: 2.8 ms]
      [Choose CSet: 0.0 ms]
      [Ref Proc: 1.7 ms]
      [Ref Enq: 0.2 ms]
      [Free CSet: 0.1 ms]
   [Eden: 496.0M(496.0M)->0.0B(496.0M) Survivors: 16.0M->16.0M Heap: 5243.7M(10.0G)->4743.3M(10.0G)]
 [Times: user=0.26 sys=0.01, real=0.02 secs] 
1916.503: Total time for which application threads were stopped: 0.0195270 seconds
1916.895: [GC pause (G1 Evacuation Pause) (young) (initial-mark)
Desired survivor size 33554432 bytes, new threshold 15 (max 15)
- age   1:    2744520 bytes,    2744520 total
- age   2:     447760 bytes,    3192280 total
- age   3:    2712152 bytes,    5904432 total
, 0.0265060 secs]
   [Parallel Time: 23.0 ms, GC Workers: 18]
      [GC Worker Start (ms): Min: 1916895.6, Avg: 1916895.7, Max: 1916895.8, Diff: 0.1]
      [Ext Root Scanning (ms): Min: 3.8, Avg: 4.4, Max: 4.9, Diff: 1.0, Sum: 80.0]
      [Code Root Marking (ms): Min: 0.3, Avg: 1.0, Max: 4.5, Diff: 4.2, Sum: 17.5]
      [Update RS (ms): Min: 0.0, Avg: 2.5, Max: 3.1, Diff: 3.1, Sum: 45.0]
         [Processed Buffers: Min: 0, Avg: 31.3, Max: 64, Diff: 64, Sum: 564]
      [Scan RS (ms): Min: 0.0, Avg: 0.0, Max: 0.0, Diff: 0.0, Sum: 0.5]
      [Code Root Scanning (ms): Min: 0.0, Avg: 0.0, Max: 0.0, Diff: 0.0, Sum: 0.0]
      [Object Copy (ms): Min: 13.7, Avg: 14.9, Max: 15.2, Diff: 1.5, Sum: 267.4]
      [Termination (ms): Min: 0.0, Avg: 0.0, Max: 0.0, Diff: 0.0, Sum: 0.1]
      [GC Worker Other (ms): Min: 0.0, Avg: 0.0, Max: 0.1, Diff: 0.0, Sum: 0.8]
      [GC Worker Total (ms): Min: 22.8, Avg: 22.9, Max: 22.9, Diff: 0.1, Sum: 411.3]
      [GC Worker End (ms): Min: 1916918.5, Avg: 1916918.6, Max: 1916918.6, Diff: 0.0]
   [Code Root Fixup: 0.2 ms]
   [Code Root Migration: 0.0 ms]
   [Clear CT: 0.2 ms]
   [Other: 3.0 ms]
      [Choose CSet: 0.0 ms]
      [Ref Proc: 1.6 ms]
      [Ref Enq: 0.1 ms]
      [Free CSet: 0.2 ms]
   [Eden: 496.0M(496.0M)->0.0B(480.0M) Survivors: 16.0M->32.0M Heap: 5239.3M(10.0G)->4757.9M(10.0G)]
 [Times: user=0.41 sys=0.00, real=0.03 secs] 
1916.922: [GC concurrent-root-region-scan-start]
1916.922: Total time for which application threads were stopped: 0.0282820 seconds
1916.958: [GC concurrent-root-region-scan-end, 0.0358280 secs]
1916.958: [GC concurrent-mark-start]
1917.304: [GC pause (G1 Evacuation Pause) (young)
Desired survivor size 33554432 bytes, new threshold 15 (max 15)
- age   1:   17049416 bytes,   17049416 total
- age   2:     665960 bytes,   17715376 total
- age   3:     432248 bytes,   18147624 total
- age   4:    2703440 bytes,   20851064 total
, 0.0202250 secs]
   [Parallel Time: 17.1 ms, GC Workers: 18]
      [GC Worker Start (ms): Min: 1917304.7, Avg: 1917304.8, Max: 1917304.8, Diff: 0.1]
      [Ext Root Scanning (ms): Min: 3.8, Avg: 4.4, Max: 4.9, Diff: 1.1, Sum: 79.8]
      [SATB Filtering (ms): Min: 0.0, Avg: 0.1, Max: 2.2, Diff: 2.2, Sum: 2.2]
      [Update RS (ms): Min: 3.0, Avg: 4.5, Max: 5.8, Diff: 2.8, Sum: 81.7]
         [Processed Buffers: Min: 7, Avg: 35.1, Max: 56, Diff: 49, Sum: 631]
      [Scan RS (ms): Min: 0.0, Avg: 0.0, Max: 0.0, Diff: 0.0, Sum: 0.4]
      [Code Root Scanning (ms): Min: 0.0, Avg: 0.0, Max: 0.0, Diff: 0.0, Sum: 0.0]
      [Object Copy (ms): Min: 7.1, Avg: 7.8, Max: 8.0, Diff: 0.9, Sum: 139.7]
      [Termination (ms): Min: 0.0, Avg: 0.0, Max: 0.0, Diff: 0.0, Sum: 0.1]
      [GC Worker Other (ms): Min: 0.0, Avg: 0.0, Max: 0.0, Diff: 0.0, Sum: 0.6]
      [GC Worker Total (ms): Min: 16.8, Avg: 16.9, Max: 17.0, Diff: 0.1, Sum: 304.4]
      [GC Worker End (ms): Min: 1917321.7, Avg: 1917321.7, Max: 1917321.7, Diff: 0.0]
   [Code Root Fixup: 0.3 ms]
   [Code Root Migration: 0.0 ms]
   [Clear CT: 0.3 ms]
   [Other: 2.6 ms]
      [Choose CSet: 0.0 ms]
      [Ref Proc: 1.5 ms]
      [Ref Enq: 0.2 ms]
      [Free CSet: 0.2 ms]
   [Eden: 480.0M(480.0M)->0.0B(480.0M) Survivors: 32.0M->32.0M Heap: 5237.9M(10.0G)->4762.0M(10.0G)]
 [Times: user=0.31 sys=0.01, real=0.02 secs] 
1917.325: Total time for which application threads were stopped: 0.0217970 seconds
1917.628: [GC pause (G1 Evacuation Pause) (young)
Desired survivor size 33554432 bytes, new threshold 15 (max 15)
- age   1:    9393688 bytes,    9393688 total
- age   2:    7359512 bytes,   16753200 total
- age   3:     653232 bytes,   17406432 total
- age   4:     431544 bytes,   17837976 total
- age   5:    2665840 bytes,   20503816 total
, 0.0261720 secs]
   [Parallel Time: 22.9 ms, GC Workers: 18]
      [GC Worker Start (ms): Min: 1917628.7, Avg: 1917628.8, Max: 1917628.9, Diff: 0.1]
      [Ext Root Scanning (ms): Min: 3.4, Avg: 4.5, Max: 4.8, Diff: 1.4, Sum: 80.1]
      [SATB Filtering (ms): Min: 0.0, Avg: 0.1, Max: 2.1, Diff: 2.1, Sum: 2.1]
      [Update RS (ms): Min: 1.2, Avg: 2.0, Max: 2.6, Diff: 1.4, Sum: 35.6]
         [Processed Buffers: Min: 2, Avg: 33.3, Max: 66, Diff: 64, Sum: 599]
      [Scan RS (ms): Min: 0.0, Avg: 0.0, Max: 0.0, Diff: 0.0, Sum: 0.6]
      [Code Root Scanning (ms): Min: 0.0, Avg: 0.0, Max: 0.0, Diff: 0.0, Sum: 0.0]
      [Object Copy (ms): Min: 15.8, Avg: 16.1, Max: 16.2, Diff: 0.4, Sum: 289.8]
      [Termination (ms): Min: 0.0, Avg: 0.0, Max: 0.0, Diff: 0.0, Sum: 0.1]
      [GC Worker Other (ms): Min: 0.0, Avg: 0.0, Max: 0.1, Diff: 0.0, Sum: 0.6]
      [GC Worker Total (ms): Min: 22.6, Avg: 22.7, Max: 22.8, Diff: 0.2, Sum: 408.8]
      [GC Worker End (ms): Min: 1917651.5, Avg: 1917651.5, Max: 1917651.5, Diff: 0.0]
   [Code Root Fixup: 0.2 ms]
   [Code Root Migration: 0.0 ms]
   [Clear CT: 0.2 ms]
   [Other: 2.8 ms]
      [Choose CSet: 0.0 ms]
      [Ref Proc: 1.6 ms]
      [Ref Enq: 0.2 ms]
      [Free CSet: 0.2 ms]
   [Eden: 480.0M(480.0M)->0.0B(448.0M) Survivors: 32.0M->64.0M Heap: 5242.0M(10.0G)->4791.4M(10.0G)]
 [Times: user=0.41 sys=0.01, real=0.03 secs] 
1917.665: Total time for which application threads were stopped: 0.0379000 seconds
1917.921: [GC pause (G1 Evacuation Pause) (young)
Desired survivor size 33554432 bytes, new threshold 2 (max 15)
- age   1:   27457328 bytes,   27457328 total
- age   2:    8318456 bytes,   35775784 total
- age   3:    7345312 bytes,   43121096 total
- age   4:     644384 bytes,   43765480 total
- age   5:     422912 bytes,   44188392 total
- age   6:    2658944 bytes,   46847336 total
, 0.0218080 secs]
   [Parallel Time: 18.5 ms, GC Workers: 18]
      [GC Worker Start (ms): Min: 1917921.8, Avg: 1917921.8, Max: 1917921.9, Diff: 0.1]
      [Ext Root Scanning (ms): Min: 4.4, Avg: 4.8, Max: 5.3, Diff: 0.9, Sum: 86.0]
      [SATB Filtering (ms): Min: 0.0, Avg: 0.1, Max: 1.5, Diff: 1.5, Sum: 1.5]
      [Update RS (ms): Min: 0.9, Avg: 2.0, Max: 2.5, Diff: 1.6, Sum: 35.2]
         [Processed Buffers: Min: 19, Avg: 31.5, Max: 58, Diff: 39, Sum: 567]
      [Scan RS (ms): Min: 0.0, Avg: 0.0, Max: 0.0, Diff: 0.0, Sum: 0.6]
      [Code Root Scanning (ms): Min: 0.0, Avg: 0.0, Max: 0.0, Diff: 0.0, Sum: 0.0]
      [Object Copy (ms): Min: 10.8, Avg: 11.4, Max: 11.7, Diff: 0.9, Sum: 205.0]
      [Termination (ms): Min: 0.0, Avg: 0.0, Max: 0.0, Diff: 0.0, Sum: 0.1]
      [GC Worker Other (ms): Min: 0.0, Avg: 0.0, Max: 0.1, Diff: 0.1, Sum: 0.8]
      [GC Worker Total (ms): Min: 18.2, Avg: 18.3, Max: 18.4, Diff: 0.1, Sum: 329.2]
      [GC Worker End (ms): Min: 1917940.1, Avg: 1917940.1, Max: 1917940.1, Diff: 0.0]
   [Code Root Fixup: 0.3 ms]
   [Code Root Migration: 0.0 ms]
   [Clear CT: 0.2 ms]
   [Other: 2.9 ms]
      [Choose CSet: 0.0 ms]
      [Ref Proc: 1.6 ms]
      [Ref Enq: 0.1 ms]
      [Free CSet: 0.2 ms]
   [Eden: 448.0M(448.0M)->0.0B(464.0M) Survivors: 64.0M->48.0M Heap: 5239.4M(10.0G)->4788.9M(10.0G)]
 [Times: user=0.33 sys=0.00, real=0.02 secs] 
1917.944: Total time for which application threads were stopped: 0.0234290 seconds
1918.131: [GC concurrent-mark-end, 1.1733730 secs]
1918.132: [GC remark 1918.133: [GC ref-proc, 0.0025640 secs], 0.0102410 secs]
 [Times: user=0.14 sys=0.00, real=0.01 secs] 
1918.143: Total time for which application threads were stopped: 0.0116590 seconds
1918.143: [GC cleanup 5131M->5131M(10G), 0.0099160 secs]
 [Times: user=0.16 sys=0.01, real=0.01 secs] 
1918.154: Total time for which application threads were stopped: 0.0109320 seconds
1918.299: [GC pause (G1 Evacuation Pause) (young)
Desired survivor size 33554432 bytes, new threshold 15 (max 15)
- age   1:   18386824 bytes,   18386824 total
- age   2:    1360512 bytes,   19747336 total
, 0.0171170 secs]
   [Parallel Time: 14.0 ms, GC Workers: 18]
      [GC Worker Start (ms): Min: 1918299.8, Avg: 1918299.9, Max: 1918299.9, Diff: 0.2]
      [Ext Root Scanning (ms): Min: 4.0, Avg: 4.7, Max: 5.2, Diff: 1.2, Sum: 83.9]
      [Update RS (ms): Min: 3.8, Avg: 4.5, Max: 5.5, Diff: 1.7, Sum: 81.8]
         [Processed Buffers: Min: 19, Avg: 34.8, Max: 50, Diff: 31, Sum: 627]
      [Scan RS (ms): Min: 0.0, Avg: 0.0, Max: 0.0, Diff: 0.0, Sum: 0.4]
      [Code Root Scanning (ms): Min: 0.0, Avg: 0.0, Max: 0.0, Diff: 0.0, Sum: 0.0]
      [Object Copy (ms): Min: 3.6, Avg: 4.5, Max: 4.7, Diff: 1.1, Sum: 81.3]
      [Termination (ms): Min: 0.0, Avg: 0.0, Max: 0.0, Diff: 0.0, Sum: 0.1]
      [GC Worker Other (ms): Min: 0.0, Avg: 0.0, Max: 0.1, Diff: 0.0, Sum: 0.8]
      [GC Worker Total (ms): Min: 13.7, Avg: 13.8, Max: 13.9, Diff: 0.2, Sum: 248.3]
      [GC Worker End (ms): Min: 1918313.6, Avg: 1918313.6, Max: 1918313.7, Diff: 0.0]
   [Code Root Fixup: 0.3 ms]
   [Code Root Migration: 0.0 ms]
   [Clear CT: 0.2 ms]
   [Other: 2.6 ms]
      [Choose CSet: 0.0 ms]
      [Ref Proc: 1.6 ms]
      [Ref Enq: 0.1 ms]
      [Free CSet: 0.1 ms]
   [Eden: 464.0M(464.0M)->0.0B(480.0M) Survivors: 48.0M->32.0M Heap: 5252.9M(10.0G)->4784.7M(10.0G)]
 [Times: user=0.25 sys=0.01, real=0.01 secs] 
1918.317: Total time for which application threads were stopped: 0.0187760 seconds
1918.687: [GC pause (G1 Evacuation Pause) (mixed)
Desired survivor size 33554432 bytes, new threshold 15 (max 15)
- age   1:    1963984 bytes,    1963984 total
- age   2:   17571392 bytes,   19535376 total
- age   3:    1354744 bytes,   20890120 total
, 0.0849200 secs]
   [Parallel Time: 77.0 ms, GC Workers: 18]
      [GC Worker Start (ms): Min: 1918687.8, Avg: 1918687.9, Max: 1918688.0, Diff: 0.2]
      [Ext Root Scanning (ms): Min: 4.0, Avg: 4.7, Max: 5.2, Diff: 1.2, Sum: 84.0]
      [Update RS (ms): Min: 0.9, Avg: 1.3, Max: 1.8, Diff: 0.9, Sum: 23.6]
         [Processed Buffers: Min: 14, Avg: 30.2, Max: 52, Diff: 38, Sum: 543]
      [Scan RS (ms): Min: 16.7, Avg: 17.1, Max: 17.2, Diff: 0.5, Sum: 307.2]
      [Code Root Scanning (ms): Min: 0.0, Avg: 0.0, Max: 0.2, Diff: 0.2, Sum: 0.3]
      [Object Copy (ms): Min: 53.5, Avg: 53.6, Max: 53.8, Diff: 0.3, Sum: 965.2]
      [Termination (ms): Min: 0.0, Avg: 0.0, Max: 0.0, Diff: 0.0, Sum: 0.1]
      [GC Worker Other (ms): Min: 0.0, Avg: 0.0, Max: 0.0, Diff: 0.0, Sum: 0.7]
      [GC Worker Total (ms): Min: 76.6, Avg: 76.7, Max: 76.8, Diff: 0.2, Sum: 1381.0]
      [GC Worker End (ms): Min: 1918764.6, Avg: 1918764.6, Max: 1918764.6, Diff: 0.0]
   [Code Root Fixup: 0.4 ms]
   [Code Root Migration: 0.4 ms]
   [Clear CT: 1.7 ms]
   [Other: 5.5 ms]
      [Choose CSet: 0.3 ms]
      [Ref Proc: 1.6 ms]
      [Ref Enq: 0.1 ms]
      [Free CSet: 0.8 ms]
   [Eden: 480.0M(480.0M)->0.0B(464.0M) Survivors: 32.0M->48.0M Heap: 5264.7M(10.0G)->4419.6M(10.0G)]
 [Times: user=1.41 sys=0.00, real=0.09 secs] 
1918.772: Total time for which application threads were stopped: 0.0866750 seconds
1919.129: [GC pause (G1 Evacuation Pause) (young)
Desired survivor size 33554432 bytes, new threshold 15 (max 15)
- age   1:    4414504 bytes,    4414504 total
- age   2:    1076672 bytes,    5491176 total
- age   3:   16479016 bytes,   21970192 total
- age   4:    1329800 bytes,   23299992 total
, 0.0366970 secs]
   [Parallel Time: 33.3 ms, GC Workers: 18]
      [GC Worker Start (ms): Min: 1919130.0, Avg: 1919130.1, Max: 1919130.1, Diff: 0.2]
      [Ext Root Scanning (ms): Min: 3.9, Avg: 4.6, Max: 5.1, Diff: 1.1, Sum: 82.8]
      [Update RS (ms): Min: 15.2, Avg: 16.5, Max: 28.6, Diff: 13.4, Sum: 297.8]
         [Processed Buffers: Min: 17, Avg: 51.4, Max: 78, Diff: 61, Sum: 926]
      [Scan RS (ms): Min: 0.0, Avg: 0.1, Max: 0.2, Diff: 0.2, Sum: 2.1]
      [Code Root Scanning (ms): Min: 0.0, Avg: 0.0, Max: 0.0, Diff: 0.0, Sum: 0.0]
      [Object Copy (ms): Min: 0.2, Avg: 4.4, Max: 5.0, Diff: 4.9, Sum: 79.6]
      [Termination (ms): Min: 0.0, Avg: 7.4, Max: 7.8, Diff: 7.8, Sum: 133.1]
      [GC Worker Other (ms): Min: 0.0, Avg: 0.0, Max: 0.0, Diff: 0.0, Sum: 0.6]
      [GC Worker Total (ms): Min: 33.0, Avg: 33.1, Max: 33.2, Diff: 0.2, Sum: 596.0]
      [GC Worker End (ms): Min: 1919163.1, Avg: 1919163.2, Max: 1919163.2, Diff: 0.0]
   [Code Root Fixup: 0.2 ms]
   [Code Root Migration: 0.0 ms]
   [Clear CT: 0.5 ms]
   [Other: 2.7 ms]
      [Choose CSet: 0.0 ms]
      [Ref Proc: 1.6 ms]
      [Ref Enq: 0.1 ms]
      [Free CSet: 0.2 ms]
   [Eden: 464.0M(464.0M)->0.0B(464.0M) Survivors: 48.0M->48.0M Heap: 4883.6M(10.0G)->4423.0M(10.0G)]
 [Times: user=0.59 sys=0.01, real=0.03 secs] 
1919.167: Total time for which application threads were stopped: 0.0382210 seconds
1919.522: [GC pause (G1 Evacuation Pause) (young)
Desired survivor size 33554432 bytes, new threshold 15 (max 15)
- age   1:    1137328 bytes,    1137328 total
- age   2:    3860584 bytes,    4997912 total
- age   3:    1056656 bytes,    6054568 total
- age   4:   16440840 bytes,   22495408 total
- age   5:    1322336 bytes,   23817744 total
, 0.0156900 secs]
   [Parallel Time: 12.4 ms, GC Workers: 18]
      [GC Worker Start (ms): Min: 1919522.3, Avg: 1919522.3, Max: 1919522.4, Diff: 0.1]
      [Ext Root Scanning (ms): Min: 4.4, Avg: 4.8, Max: 5.1, Diff: 0.7, Sum: 86.6]
      [Update RS (ms): Min: 1.2, Avg: 1.4, Max: 1.9, Diff: 0.8, Sum: 25.7]
         [Processed Buffers: Min: 18, Avg: 29.7, Max: 51, Diff: 33, Sum: 535]
      [Scan RS (ms): Min: 0.0, Avg: 0.0, Max: 0.0, Diff: 0.0, Sum: 0.5]
      [Code Root Scanning (ms): Min: 0.0, Avg: 0.0, Max: 0.0, Diff: 0.0, Sum: 0.0]
      [Object Copy (ms): Min: 5.5, Avg: 5.9, Max: 6.1, Diff: 0.7, Sum: 106.6]
      [Termination (ms): Min: 0.0, Avg: 0.0, Max: 0.0, Diff: 0.0, Sum: 0.1]
      [GC Worker Other (ms): Min: 0.0, Avg: 0.0, Max: 0.1, Diff: 0.1, Sum: 0.7]
      [GC Worker Total (ms): Min: 12.2, Avg: 12.2, Max: 12.3, Diff: 0.1, Sum: 220.2]
      [GC Worker End (ms): Min: 1919534.5, Avg: 1919534.5, Max: 1919534.6, Diff: 0.0]
   [Code Root Fixup: 0.2 ms]
   [Code Root Migration: 0.0 ms]
   [Clear CT: 0.2 ms]
   [Other: 2.8 ms]
      [Choose CSet: 0.0 ms]
      [Ref Proc: 1.7 ms]
      [Ref Enq: 0.2 ms]
      [Free CSet: 0.1 ms]
   [Eden: 464.0M(464.0M)->0.0B(912.0M) Survivors: 48.0M->48.0M Heap: 4887.0M(10.0G)->4420.9M(10.0G)]
 [Times: user=0.23 sys=0.00, real=0.01 secs] 
1919.538: Total time for which application threads were stopped: 0.0174550 seconds
1920.417: [GC pause (G1 Evacuation Pause) (young)
Desired survivor size 67108864 bytes, new threshold 15 (max 15)
- age   1:    1073600 bytes,    1073600 total
- age   2:     498608 bytes,    1572208 total
- age   3:    3850496 bytes,    5422704 total
- age   4:    1051472 bytes,    6474176 total
- age   5:   16436344 bytes,   22910520 total
- age   6:    1313944 bytes,   24224464 total
, 0.0161290 secs]
   [Parallel Time: 12.8 ms, GC Workers: 18]
      [GC Worker Start (ms): Min: 1920417.4, Avg: 1920417.4, Max: 1920417.5, Diff: 0.1]
      [Ext Root Scanning (ms): Min: 4.1, Avg: 4.9, Max: 5.3, Diff: 1.2, Sum: 87.5]
      [Update RS (ms): Min: 1.3, Avg: 1.7, Max: 2.8, Diff: 1.6, Sum: 31.1]
         [Processed Buffers: Min: 14, Avg: 30.9, Max: 58, Diff: 44, Sum: 556]
      [Scan RS (ms): Min: 0.0, Avg: 0.1, Max: 0.1, Diff: 0.1, Sum: 1.0]
      [Code Root Scanning (ms): Min: 0.0, Avg: 0.0, Max: 0.0, Diff: 0.0, Sum: 0.0]
      [Object Copy (ms): Min: 5.1, Avg: 6.0, Max: 6.3, Diff: 1.2, Sum: 108.2]
      [Termination (ms): Min: 0.0, Avg: 0.0, Max: 0.0, Diff: 0.0, Sum: 0.0]
      [GC Worker Other (ms): Min: 0.0, Avg: 0.0, Max: 0.1, Diff: 0.1, Sum: 0.8]
      [GC Worker Total (ms): Min: 12.6, Avg: 12.7, Max: 12.8, Diff: 0.1, Sum: 228.6]
      [GC Worker End (ms): Min: 1920430.1, Avg: 1920430.2, Max: 1920430.2, Diff: 0.0]
   [Code Root Fixup: 0.2 ms]
   [Code Root Migration: 0.0 ms]
   [Clear CT: 0.4 ms]
   [Other: 2.7 ms]
      [Choose CSet: 0.0 ms]
      [Ref Proc: 1.5 ms]
      [Ref Enq: 0.1 ms]
      [Free CSet: 0.2 ms]
   [Eden: 912.0M(912.0M)->0.0B(4704.0M) Survivors: 48.0M->48.0M Heap: 5332.9M(10.0G)->4427.9M(10.0G)]
 [Times: user=0.23 sys=0.00, real=0.02 secs] 
1920.433: Total time for which application threads were stopped: 0.0179240 seconds
1925.153: Total time for which application threads were stopped: 0.0087100 seconds
1925.903: [GC pause (G1 Evacuation Pause) (young)
Desired survivor size 318767104 bytes, new threshold 15 (max 15)
- age   1:    5103728 bytes,    5103728 total
- age   2:     309320 bytes,    5413048 total
- age   3:     385848 bytes,    5798896 total
- age   4:    3799416 bytes,    9598312 total
- age   5:    1035592 bytes,   10633904 total
- age   6:   16424112 bytes,   27058016 total
- age   7:    1307056 bytes,   28365072 total
, 0.0197530 secs]
   [Parallel Time: 14.5 ms, GC Workers: 18]
      [GC Worker Start (ms): Min: 1925903.1, Avg: 1925903.2, Max: 1925903.3, Diff: 0.1]
      [Ext Root Scanning (ms): Min: 4.0, Avg: 4.8, Max: 5.2, Diff: 1.2, Sum: 87.1]
      [Update RS (ms): Min: 1.9, Avg: 2.3, Max: 2.9, Diff: 1.0, Sum: 41.8]
         [Processed Buffers: Min: 16, Avg: 33.0, Max: 61, Diff: 45, Sum: 594]
      [Scan RS (ms): Min: 0.0, Avg: 0.2, Max: 0.3, Diff: 0.3, Sum: 4.3]
      [Code Root Scanning (ms): Min: 0.0, Avg: 0.0, Max: 0.0, Diff: 0.0, Sum: 0.1]
      [Object Copy (ms): Min: 6.6, Avg: 6.9, Max: 7.1, Diff: 0.5, Sum: 124.2]
      [Termination (ms): Min: 0.0, Avg: 0.0, Max: 0.0, Diff: 0.0, Sum: 0.0]
      [GC Worker Other (ms): Min: 0.0, Avg: 0.1, Max: 0.1, Diff: 0.1, Sum: 1.0]
      [GC Worker Total (ms): Min: 14.3, Avg: 14.4, Max: 14.4, Diff: 0.2, Sum: 258.5]
      [GC Worker End (ms): Min: 1925917.5, Avg: 1925917.6, Max: 1925917.6, Diff: 0.1]
   [Code Root Fixup: 0.3 ms]
   [Code Root Migration: 0.1 ms]
   [Clear CT: 1.4 ms]
   [Other: 3.5 ms]
      [Choose CSet: 0.0 ms]
      [Ref Proc: 1.8 ms]
      [Ref Enq: 0.1 ms]
      [Free CSet: 0.7 ms]
   [Eden: 4704.0M(4704.0M)->0.0B(4672.0M) Survivors: 48.0M->64.0M Heap: 9131.9M(10.0G)->4440.9M(10.0G)]
 [Times: user=0.28 sys=0.01, real=0.02 secs] 
1925.923: Total time for which application threads were stopped: 0.0215520 seconds
1927.924: Total time for which application threads were stopped: 0.0013200 seconds
1931.140: [GC pause (G1 Evacuation Pause) (young)
Desired survivor size 310378496 bytes, new threshold 15 (max 15)
- age   1:   12246904 bytes,   12246904 total
- age   2:    2427472 bytes,   14674376 total
- age   3:     129696 bytes,   14804072 total
- age   4:     266856 bytes,   15070928 total
- age   5:    3620776 bytes,   18691704 total
- age   6:     503104 bytes,   19194808 total
- age   7:   16309560 bytes,   35504368 total
- age   8:    1212088 bytes,   36716456 total
, 0.0205220 secs]
   [Parallel Time: 15.5 ms, GC Workers: 18]
      [GC Worker Start (ms): Min: 1931140.6, Avg: 1931140.7, Max: 1931140.8, Diff: 0.2]
      [Ext Root Scanning (ms): Min: 4.0, Avg: 4.7, Max: 5.0, Diff: 1.0, Sum: 83.8]
      [Update RS (ms): Min: 2.2, Avg: 2.5, Max: 3.8, Diff: 1.6, Sum: 44.9]
         [Processed Buffers: Min: 21, Avg: 36.4, Max: 53, Diff: 32, Sum: 656]
      [Scan RS (ms): Min: 0.0, Avg: 0.2, Max: 0.3, Diff: 0.3, Sum: 4.2]
      [Code Root Scanning (ms): Min: 0.0, Avg: 0.0, Max: 0.0, Diff: 0.0, Sum: 0.1]
      [Object Copy (ms): Min: 7.5, Avg: 7.9, Max: 8.1, Diff: 0.6, Sum: 142.5]
      [Termination (ms): Min: 0.0, Avg: 0.0, Max: 0.0, Diff: 0.0, Sum: 0.1]
      [GC Worker Other (ms): Min: 0.0, Avg: 0.1, Max: 0.1, Diff: 0.1, Sum: 1.0]
      [GC Worker Total (ms): Min: 15.3, Avg: 15.4, Max: 15.5, Diff: 0.2, Sum: 276.5]
      [GC Worker End (ms): Min: 1931156.0, Avg: 1931156.1, Max: 1931156.1, Diff: 0.1]
   [Code Root Fixup: 0.2 ms]
   [Code Root Migration: 0.1 ms]
   [Clear CT: 1.4 ms]
   [Other: 3.3 ms]
      [Choose CSet: 0.0 ms]
      [Ref Proc: 1.5 ms]
      [Ref Enq: 0.1 ms]
      [Free CSet: 0.7 ms]
   [Eden: 4672.0M(4672.0M)->0.0B(4672.0M) Survivors: 64.0M->64.0M Heap: 9112.9M(10.0G)->4443.2M(10.0G)]
 [Times: user=0.29 sys=0.01, real=0.03 secs] 
1931.161: Total time for which application threads were stopped: 0.0223760 seconds
1934.186: Total time for which application threads were stopped: 0.0014830 seconds
1936.160: [GC pause (G1 Evacuation Pause) (young)
Desired survivor size 310378496 bytes, new threshold 15 (max 15)
- age   1:   13133024 bytes,   13133024 total
- age   2:    7715984 bytes,   20849008 total
- age   3:     267424 bytes,   21116432 total
- age   4:     100024 bytes,   21216456 total
- age   5:     110160 bytes,   21326616 total
- age   6:    3580008 bytes,   24906624 total
- age   7:      93992 bytes,   25000616 total
- age   8:   16250888 bytes,   41251504 total
- age   9:    1039384 bytes,   42290888 total
, 0.0218460 secs]
   [Parallel Time: 16.7 ms, GC Workers: 18]
      [GC Worker Start (ms): Min: 1936160.2, Avg: 1936160.3, Max: 1936160.3, Diff: 0.1]
      [Ext Root Scanning (ms): Min: 4.3, Avg: 4.8, Max: 5.1, Diff: 0.9, Sum: 86.8]
      [Update RS (ms): Min: 2.1, Avg: 2.5, Max: 4.0, Diff: 1.9, Sum: 44.2]
         [Processed Buffers: Min: 12, Avg: 33.1, Max: 86, Diff: 74, Sum: 596]
      [Scan RS (ms): Min: 0.0, Avg: 0.2, Max: 0.3, Diff: 0.2, Sum: 4.2]
      [Code Root Scanning (ms): Min: 0.0, Avg: 0.0, Max: 0.0, Diff: 0.0, Sum: 0.1]
      [Object Copy (ms): Min: 8.1, Avg: 9.0, Max: 9.2, Diff: 1.1, Sum: 161.2]
      [Termination (ms): Min: 0.0, Avg: 0.0, Max: 0.0, Diff: 0.0, Sum: 0.0]
      [GC Worker Other (ms): Min: 0.0, Avg: 0.1, Max: 0.1, Diff: 0.1, Sum: 0.9]
      [GC Worker Total (ms): Min: 16.4, Avg: 16.5, Max: 16.6, Diff: 0.2, Sum: 297.5]
      [GC Worker End (ms): Min: 1936176.8, Avg: 1936176.8, Max: 1936176.9, Diff: 0.1]
   [Code Root Fixup: 0.2 ms]
   [Code Root Migration: 0.1 ms]
   [Clear CT: 1.5 ms]
   [Other: 3.4 ms]
      [Choose CSet: 0.0 ms]
      [Ref Proc: 1.5 ms]
      [Ref Enq: 0.1 ms]
      [Free CSet: 0.7 ms]
   [Eden: 4672.0M(4672.0M)->0.0B(4640.0M) Survivors: 64.0M->80.0M Heap: 9115.2M(10.0G)->4452.1M(10.0G)]
 [Times: user=0.32 sys=0.01, real=0.03 secs] 
1936.182: Total time for which application threads were stopped: 0.0245530 seconds
1941.417: [GC pause (G1 Evacuation Pause) (young)
Desired survivor size 310378496 bytes, new threshold 15 (max 15)
- age   1:   11671848 bytes,   11671848 total
- age   2:    8509472 bytes,   20181320 total
- age   3:    3354960 bytes,   23536280 total
- age   4:     233336 bytes,   23769616 total
- age   5:      88456 bytes,   23858072 total
- age   6:      94272 bytes,   23952344 total
- age   7:    3570648 bytes,   27522992 total
- age   8:      84664 bytes,   27607656 total
- age   9:   16240664 bytes,   43848320 total
- age  10:    1026568 bytes,   44874888 total
, 0.0218550 secs]
   [Parallel Time: 16.6 ms, GC Workers: 18]
      [GC Worker Start (ms): Min: 1941417.2, Avg: 1941417.3, Max: 1941417.3, Diff: 0.1]
      [Ext Root Scanning (ms): Min: 4.2, Avg: 4.8, Max: 5.4, Diff: 1.2, Sum: 86.8]
      [Update RS (ms): Min: 2.1, Avg: 2.7, Max: 3.8, Diff: 1.7, Sum: 47.8]
         [Processed Buffers: Min: 1, Avg: 36.3, Max: 66, Diff: 65, Sum: 654]
      [Scan RS (ms): Min: 0.0, Avg: 0.2, Max: 0.3, Diff: 0.2, Sum: 4.1]
      [Code Root Scanning (ms): Min: 0.0, Avg: 0.0, Max: 0.0, Diff: 0.0, Sum: 0.1]
      [Object Copy (ms): Min: 8.3, Avg: 8.6, Max: 8.9, Diff: 0.6, Sum: 155.5]
      [Termination (ms): Min: 0.0, Avg: 0.0, Max: 0.0, Diff: 0.0, Sum: 0.1]
      [GC Worker Other (ms): Min: 0.0, Avg: 0.1, Max: 0.1, Diff: 0.1, Sum: 1.2]
      [GC Worker Total (ms): Min: 16.4, Avg: 16.4, Max: 16.5, Diff: 0.2, Sum: 295.5]
      [GC Worker End (ms): Min: 1941433.7, Avg: 1941433.7, Max: 1941433.8, Diff: 0.1]
   [Code Root Fixup: 0.2 ms]
   [Code Root Migration: 0.1 ms]
   [Clear CT: 1.5 ms]
   [Other: 3.5 ms]
      [Choose CSet: 0.0 ms]
      [Ref Proc: 1.6 ms]
      [Ref Enq: 0.1 ms]
      [Free CSet: 0.7 ms]
   [Eden: 4640.0M(4640.0M)->0.0B(4608.0M) Survivors: 80.0M->96.0M Heap: 9092.1M(10.0G)->4470.0M(10.0G)]
 [Times: user=0.30 sys=0.01, real=0.02 secs] 
1941.439: Total time for which application threads were stopped: 0.0237130 seconds
1944.933: Total time for which application threads were stopped: 0.0013930 seconds
1944.948: Total time for which application threads were stopped: 0.0009820 seconds
1946.321: [GC pause (G1 Evacuation Pause) (young)
Desired survivor size 310378496 bytes, new threshold 15 (max 15)
- age   1:   13150560 bytes,   13150560 total
- age   2:    6065696 bytes,   19216256 total
- age   3:    3327016 bytes,   22543272 total
- age   4:    3178640 bytes,   25721912 total
- age   5:     224320 bytes,   25946232 total
- age   6:      87920 bytes,   26034152 total
- age   7:      93512 bytes,   26127664 total
- age   8:    3569216 bytes,   29696880 total
- age   9:      83376 bytes,   29780256 total
- age  10:   16232608 bytes,   46012864 total
- age  11:    1012800 bytes,   47025664 total
, 0.0239030 secs]
   [Parallel Time: 18.3 ms, GC Workers: 18]
      [GC Worker Start (ms): Min: 1946321.4, Avg: 1946321.5, Max: 1946321.6, Diff: 0.1]
      [Ext Root Scanning (ms): Min: 4.4, Avg: 5.0, Max: 5.4, Diff: 1.0, Sum: 89.3]
      [Update RS (ms): Min: 2.4, Avg: 2.9, Max: 3.6, Diff: 1.2, Sum: 51.9]
         [Processed Buffers: Min: 5, Avg: 33.6, Max: 79, Diff: 74, Sum: 605]
      [Scan RS (ms): Min: 0.0, Avg: 0.2, Max: 0.3, Diff: 0.3, Sum: 3.7]
      [Code Root Scanning (ms): Min: 0.0, Avg: 0.0, Max: 0.0, Diff: 0.0, Sum: 0.1]
      [Object Copy (ms): Min: 9.6, Avg: 10.0, Max: 10.1, Diff: 0.5, Sum: 180.8]
      [Termination (ms): Min: 0.0, Avg: 0.0, Max: 0.0, Diff: 0.0, Sum: 0.1]
      [GC Worker Other (ms): Min: 0.0, Avg: 0.1, Max: 0.1, Diff: 0.1, Sum: 1.2]
      [GC Worker Total (ms): Min: 18.1, Avg: 18.2, Max: 18.2, Diff: 0.2, Sum: 327.1]
      [GC Worker End (ms): Min: 1946339.6, Avg: 1946339.7, Max: 1946339.7, Diff: 0.1]
   [Code Root Fixup: 0.2 ms]
   [Code Root Migration: 0.1 ms]
   [Clear CT: 1.6 ms]
   [Other: 3.7 ms]
      [Choose CSet: 0.0 ms]
      [Ref Proc: 1.8 ms]
      [Ref Enq: 0.1 ms]
      [Free CSet: 0.7 ms]
   [Eden: 4608.0M(4608.0M)->0.0B(4672.0M) Survivors: 96.0M->64.0M Heap: 9078.0M(10.0G)->4447.9M(10.0G)]
 [Times: user=0.34 sys=0.01, real=0.03 secs] 
1946.345: Total time for which application threads were stopped: 0.0256780 seconds
1951.403: [GC pause (G1 Evacuation Pause) (young)
Desired survivor size 310378496 bytes, new threshold 15 (max 15)
- age   1:   11966904 bytes,   11966904 total
- age   2:    8217640 bytes,   20184544 total
- age   3:    1685592 bytes,   21870136 total
- age   4:    3148832 bytes,   25018968 total
- age   5:    3126464 bytes,   28145432 total
- age   6:     220744 bytes,   28366176 total
- age   7:      85504 bytes,   28451680 total
- age   8:      89488 bytes,   28541168 total
- age   9:    3565560 bytes,   32106728 total
- age  10:      83288 bytes,   32190016 total
- age  11:   16232104 bytes,   48422120 total
- age  12:    1012016 bytes,   49434136 total
, 0.0234890 secs]
   [Parallel Time: 18.2 ms, GC Workers: 18]
      [GC Worker Start (ms): Min: 1951403.2, Avg: 1951403.2, Max: 1951403.3, Diff: 0.1]
      [Ext Root Scanning (ms): Min: 4.0, Avg: 4.6, Max: 5.1, Diff: 1.1, Sum: 83.0]
      [Update RS (ms): Min: 2.1, Avg: 2.7, Max: 3.3, Diff: 1.2, Sum: 47.9]
         [Processed Buffers: Min: 16, Avg: 35.9, Max: 55, Diff: 39, Sum: 647]
      [Scan RS (ms): Min: 0.0, Avg: 0.2, Max: 0.3, Diff: 0.2, Sum: 4.0]
      [Code Root Scanning (ms): Min: 0.0, Avg: 0.0, Max: 0.0, Diff: 0.0, Sum: 0.1]
      [Object Copy (ms): Min: 9.9, Avg: 10.5, Max: 10.7, Diff: 0.8, Sum: 188.5]
      [Termination (ms): Min: 0.0, Avg: 0.0, Max: 0.0, Diff: 0.0, Sum: 0.1]
      [GC Worker Other (ms): Min: 0.0, Avg: 0.1, Max: 0.1, Diff: 0.1, Sum: 1.1]
      [GC Worker Total (ms): Min: 18.0, Avg: 18.0, Max: 18.1, Diff: 0.2, Sum: 324.7]
      [GC Worker End (ms): Min: 1951421.2, Avg: 1951421.3, Max: 1951421.3, Diff: 0.1]
   [Code Root Fixup: 0.3 ms]
   [Code Root Migration: 0.1 ms]
   [Clear CT: 1.5 ms]
   [Other: 3.5 ms]
      [Choose CSet: 0.0 ms]
      [Ref Proc: 1.6 ms]
      [Ref Enq: 0.1 ms]
      [Free CSet: 0.7 ms]
   [Eden: 4672.0M(4672.0M)->0.0B(4608.0M) Survivors: 64.0M->96.0M Heap: 9119.9M(10.0G)->4468.4M(10.0G)]
 [Times: user=0.35 sys=0.00, real=0.03 secs] 
1951.427: Total time for which application threads were stopped: 0.0253600 seconds
1954.532: Total time for which application threads were stopped: 0.0014190 seconds
1956.110: Total time for which application threads were stopped: 0.0013880 seconds
1956.110: [GC pause (GCLocker Initiated GC) (young)
Desired survivor size 310378496 bytes, new threshold 15 (max 15)
- age   1:   29943848 bytes,   29943848 total
- age   2:    5997760 bytes,   35941608 total
- age   3:    3079400 bytes,   39021008 total
- age   4:    1552432 bytes,   40573440 total
- age   5:    3079768 bytes,   43653208 total
- age   6:    3088536 bytes,   46741744 total
- age   7:     218024 bytes,   46959768 total
- age   8:      84544 bytes,   47044312 total
- age   9:      89168 bytes,   47133480 total
- age  10:    2267216 bytes,   49400696 total
- age  11:      83080 bytes,   49483776 total
- age  12:     124392 bytes,   49608168 total
- age  13:     672376 bytes,   50280544 total
, 0.0238320 secs]
   [Parallel Time: 18.7 ms, GC Workers: 18]
      [GC Worker Start (ms): Min: 1956110.9, Avg: 1956110.9, Max: 1956111.0, Diff: 0.2]
      [Ext Root Scanning (ms): Min: 4.2, Avg: 4.9, Max: 5.2, Diff: 1.0, Sum: 87.8]
      [Update RS (ms): Min: 2.4, Avg: 2.8, Max: 3.5, Diff: 1.2, Sum: 51.2]
         [Processed Buffers: Min: 17, Avg: 33.9, Max: 54, Diff: 37, Sum: 611]
      [Scan RS (ms): Min: 0.0, Avg: 0.2, Max: 0.3, Diff: 0.2, Sum: 4.1]
      [Code Root Scanning (ms): Min: 0.0, Avg: 0.0, Max: 0.0, Diff: 0.0, Sum: 0.1]
      [Object Copy (ms): Min: 10.1, Avg: 10.5, Max: 10.7, Diff: 0.6, Sum: 188.5]
      [Termination (ms): Min: 0.0, Avg: 0.0, Max: 0.0, Diff: 0.0, Sum: 0.1]
      [GC Worker Other (ms): Min: 0.0, Avg: 0.1, Max: 0.1, Diff: 0.1, Sum: 1.2]
      [GC Worker Total (ms): Min: 18.4, Avg: 18.5, Max: 18.6, Diff: 0.2, Sum: 333.1]
      [GC Worker End (ms): Min: 1956129.4, Avg: 1956129.4, Max: 1956129.5, Diff: 0.1]
   [Code Root Fixup: 0.3 ms]
   [Code Root Migration: 0.1 ms]
   [Clear CT: 1.5 ms]
   [Other: 3.3 ms]
      [Choose CSet: 0.0 ms]
      [Ref Proc: 1.4 ms]
      [Ref Enq: 0.1 ms]
      [Free CSet: 0.7 ms]
   [Eden: 4624.0M(4608.0M)->0.0B(4640.0M) Survivors: 96.0M->80.0M Heap: 9076.4M(10.0G)->4451.9M(10.0G)]
 [Times: user=0.35 sys=0.01, real=0.03 secs] 
1956.135: Total time for which application threads were stopped: 0.0247880 seconds
1961.105: Total time for which application threads were stopped: 0.0013330 seconds
1961.105: [GC pause (GCLocker Initiated GC) (young)
Desired survivor size 310378496 bytes, new threshold 15 (max 15)
- age   1:   11255904 bytes,   11255904 total
- age   2:   25849064 bytes,   37104968 total
- age   3:    1694224 bytes,   38799192 total
- age   4:    2920816 bytes,   41720008 total
- age   5:    1525008 bytes,   43245016 total
- age   6:    3044240 bytes,   46289256 total
- age   7:    2824000 bytes,   49113256 total
- age   8:     217640 bytes,   49330896 total
- age   9:      83928 bytes,   49414824 total
- age  10:      88552 bytes,   49503376 total
- age  11:    2265944 bytes,   51769320 total
- age  12:      82552 bytes,   51851872 total
- age  13:     124336 bytes,   51976208 total
- age  14:     672376 bytes,   52648584 total
, 0.0247840 secs]
   [Parallel Time: 19.5 ms, GC Workers: 18]
      [GC Worker Start (ms): Min: 1961106.0, Avg: 1961106.1, Max: 1961106.1, Diff: 0.1]
      [Ext Root Scanning (ms): Min: 3.8, Avg: 4.8, Max: 5.2, Diff: 1.4, Sum: 87.0]
      [Update RS (ms): Min: 2.5, Avg: 2.9, Max: 3.5, Diff: 1.0, Sum: 51.5]
         [Processed Buffers: Min: 12, Avg: 36.6, Max: 55, Diff: 43, Sum: 658]
      [Scan RS (ms): Min: 0.0, Avg: 0.2, Max: 0.3, Diff: 0.2, Sum: 4.1]
      [Code Root Scanning (ms): Min: 0.0, Avg: 0.0, Max: 0.0, Diff: 0.0, Sum: 0.1]
      [Object Copy (ms): Min: 11.2, Avg: 11.4, Max: 11.7, Diff: 0.5, Sum: 205.6]
      [Termination (ms): Min: 0.0, Avg: 0.0, Max: 0.0, Diff: 0.0, Sum: 0.0]
      [GC Worker Other (ms): Min: 0.0, Avg: 0.1, Max: 0.1, Diff: 0.1, Sum: 0.9]
      [GC Worker Total (ms): Min: 19.3, Avg: 19.4, Max: 19.5, Diff: 0.2, Sum: 349.3]
      [GC Worker End (ms): Min: 1961125.4, Avg: 1961125.5, Max: 1961125.5, Diff: 0.1]
   [Code Root Fixup: 0.3 ms]
   [Code Root Migration: 0.1 ms]
   [Clear CT: 1.4 ms]
   [Other: 3.5 ms]
      [Choose CSet: 0.0 ms]
      [Ref Proc: 1.6 ms]
      [Ref Enq: 0.1 ms]
      [Free CSet: 0.7 ms]
   [Eden: 4656.0M(4640.0M)->0.0B(4608.0M) Survivors: 80.0M->96.0M Heap: 9092.3M(10.0G)->4479.6M(10.0G)]
 [Times: user=0.37 sys=0.00, real=0.02 secs] 
1961.131: Total time for which application threads were stopped: 0.0257740 seconds
1964.516: Total time for which application threads were stopped: 0.0013450 seconds
1966.195: [GC pause (G1 Evacuation Pause) (young)
Desired survivor size 310378496 bytes, new threshold 15 (max 15)
- age   1:   12606952 bytes,   12606952 total
- age   2:    6283960 bytes,   18890912 total
- age   3:   20690400 bytes,   39581312 total
- age   4:    1538944 bytes,   41120256 total
- age   5:    2866136 bytes,   43986392 total
- age   6:    1492984 bytes,   45479376 total
- age   7:    2935072 bytes,   48414448 total
- age   8:    2816768 bytes,   51231216 total
- age   9:     217264 bytes,   51448480 total
- age  10:      83912 bytes,   51532392 total
- age  11:      88376 bytes,   51620768 total
- age  12:    2265944 bytes,   53886712 total
- age  13:      82208 bytes,   53968920 total
- age  14:     123336 bytes,   54092256 total
- age  15:     670792 bytes,   54763048 total
, 0.0262360 secs]
   [Parallel Time: 21.0 ms, GC Workers: 18]
      [GC Worker Start (ms): Min: 1966195.8, Avg: 1966195.8, Max: 1966195.9, Diff: 0.1]
      [Ext Root Scanning (ms): Min: 4.8, Avg: 5.5, Max: 5.8, Diff: 1.0, Sum: 98.5]
      [Update RS (ms): Min: 2.4, Avg: 2.8, Max: 3.5, Diff: 1.0, Sum: 50.5]
         [Processed Buffers: Min: 14, Avg: 33.5, Max: 55, Diff: 41, Sum: 603]
      [Scan RS (ms): Min: 0.0, Avg: 0.2, Max: 0.3, Diff: 0.2, Sum: 4.1]
      [Code Root Scanning (ms): Min: 0.0, Avg: 0.0, Max: 0.0, Diff: 0.0, Sum: 0.1]
      [Object Copy (ms): Min: 11.9, Avg: 12.2, Max: 12.6, Diff: 0.7, Sum: 219.9]
      [Termination (ms): Min: 0.0, Avg: 0.0, Max: 0.0, Diff: 0.0, Sum: 0.2]
      [GC Worker Other (ms): Min: 0.0, Avg: 0.1, Max: 0.1, Diff: 0.1, Sum: 1.4]
      [GC Worker Total (ms): Min: 20.7, Avg: 20.8, Max: 20.9, Diff: 0.2, Sum: 374.7]
      [GC Worker End (ms): Min: 1966216.6, Avg: 1966216.6, Max: 1966216.7, Diff: 0.1]
   [Code Root Fixup: 0.2 ms]
   [Code Root Migration: 0.1 ms]
   [Clear CT: 1.4 ms]
   [Other: 3.5 ms]
      [Choose CSet: 0.0 ms]
      [Ref Proc: 1.6 ms]
      [Ref Enq: 0.1 ms]
      [Free CSet: 0.7 ms]
   [Eden: 4608.0M(4608.0M)->0.0B(4640.0M) Survivors: 96.0M->80.0M Heap: 9087.6M(10.0G)->4459.3M(10.0G)]
 [Times: user=0.37 sys=0.00, real=0.02 secs] 
1966.222: Total time for which application threads were stopped: 0.0280390 seconds
1971.041: [GC pause (G1 Evacuation Pause) (young)
Desired survivor size 310378496 bytes, new threshold 15 (max 15)
- age   1:   10788120 bytes,   10788120 total
- age   2:    8206192 bytes,   18994312 total
- age   3:    1848264 bytes,   20842576 total
- age   4:   20565656 bytes,   41408232 total
- age   5:    1504264 bytes,   42912496 total
- age   6:    2844264 bytes,   45756760 total
- age   7:    1176160 bytes,   46932920 total
- age   8:    2926192 bytes,   49859112 total
- age   9:    2812080 bytes,   52671192 total
- age  10:     216848 bytes,   52888040 total
- age  11:      83680 bytes,   52971720 total
- age  12:      87232 bytes,   53058952 total
- age  13:    2265432 bytes,   55324384 total
- age  14:      82184 bytes,   55406568 total
- age  15:     123288 bytes,   55529856 total
, 0.0319290 secs]
   [Parallel Time: 26.3 ms, GC Workers: 18]
      [GC Worker Start (ms): Min: 1971042.0, Avg: 1971042.1, Max: 1971042.2, Diff: 0.2]
      [Ext Root Scanning (ms): Min: 4.3, Avg: 4.9, Max: 7.5, Diff: 3.2, Sum: 88.6]
      [Update RS (ms): Min: 0.5, Avg: 3.0, Max: 3.8, Diff: 3.3, Sum: 54.0]
         [Processed Buffers: Min: 14, Avg: 37.3, Max: 58, Diff: 44, Sum: 672]
      [Scan RS (ms): Min: 0.0, Avg: 0.2, Max: 0.3, Diff: 0.2, Sum: 3.4]
      [Code Root Scanning (ms): Min: 0.0, Avg: 0.0, Max: 0.0, Diff: 0.0, Sum: 0.1]
      [Object Copy (ms): Min: 13.3, Avg: 13.9, Max: 18.0, Diff: 4.7, Sum: 249.9]
      [Termination (ms): Min: 0.0, Avg: 4.1, Max: 4.3, Diff: 4.3, Sum: 73.7]
      [GC Worker Other (ms): Min: 0.0, Avg: 0.0, Max: 0.1, Diff: 0.0, Sum: 0.6]
      [GC Worker Total (ms): Min: 26.1, Avg: 26.1, Max: 26.2, Diff: 0.2, Sum: 470.2]
      [GC Worker End (ms): Min: 1971068.2, Avg: 1971068.2, Max: 1971068.3, Diff: 0.0]
   [Code Root Fixup: 0.3 ms]
   [Code Root Migration: 0.1 ms]
   [Clear CT: 1.3 ms]
   [Other: 4.0 ms]
      [Choose CSet: 0.0 ms]
      [Ref Proc: 2.0 ms]
      [Ref Enq: 0.1 ms]
      [Free CSet: 0.7 ms]
   [Eden: 4640.0M(4640.0M)->0.0B(4576.0M) Survivors: 80.0M->112.0M Heap: 9099.3M(10.0G)->4487.6M(10.0G)]
 [Times: user=0.47 sys=0.01, real=0.03 secs] 
1971.074: Total time for which application threads were stopped: 0.0338160 seconds
1975.068: Total time for which application threads were stopped: 0.0013710 seconds
1975.085: Total time for which application threads were stopped: 0.0010320 seconds
1975.891: [GC pause (G1 Evacuation Pause) (young)
Desired survivor size 310378496 bytes, new threshold 15 (max 15)
- age   1:   11869448 bytes,   11869448 total
- age   2:    6301688 bytes,   18171136 total
- age   3:    2846984 bytes,   21018120 total
- age   4:    1656488 bytes,   22674608 total
- age   5:   20486472 bytes,   43161080 total
- age   6:    1477896 bytes,   44638976 total
- age   7:    2825272 bytes,   47464248 total
- age   8:    1170248 bytes,   48634496 total
- age   9:    2916704 bytes,   51551200 total
- age  10:    2806112 bytes,   54357312 total
- age  11:     213928 bytes,   54571240 total
- age  12:      82896 bytes,   54654136 total
- age  13:      86760 bytes,   54740896 total
- age  14:    2264880 bytes,   57005776 total
- age  15:      82160 bytes,   57087936 total
, 0.0313490 secs]
   [Parallel Time: 25.6 ms, GC Workers: 18]
      [GC Worker Start (ms): Min: 1975891.2, Avg: 1975891.2, Max: 1975891.3, Diff: 0.1]
      [Ext Root Scanning (ms): Min: 4.6, Avg: 5.0, Max: 6.0, Diff: 1.4, Sum: 90.7]
      [Update RS (ms): Min: 2.2, Avg: 5.1, Max: 14.0, Diff: 11.7, Sum: 92.4]
         [Processed Buffers: Min: 15, Avg: 34.4, Max: 70, Diff: 55, Sum: 619]
      [Scan RS (ms): Min: 0.0, Avg: 0.1, Max: 0.3, Diff: 0.3, Sum: 2.0]
      [Code Root Scanning (ms): Min: 0.0, Avg: 0.0, Max: 0.0, Diff: 0.0, Sum: 0.1]
      [Object Copy (ms): Min: 1.1, Avg: 10.0, Max: 16.5, Diff: 15.4, Sum: 179.6]
      [Termination (ms): Min: 0.0, Avg: 5.1, Max: 5.4, Diff: 5.4, Sum: 92.0]
      [GC Worker Other (ms): Min: 0.0, Avg: 0.0, Max: 0.1, Diff: 0.0, Sum: 0.6]
      [GC Worker Total (ms): Min: 25.3, Avg: 25.4, Max: 25.5, Diff: 0.1, Sum: 457.3]
      [GC Worker End (ms): Min: 1975916.6, Avg: 1975916.6, Max: 1975916.7, Diff: 0.0]
   [Code Root Fixup: 0.2 ms]
   [Code Root Migration: 0.1 ms]
   [Clear CT: 1.4 ms]
   [Other: 4.0 ms]
      [Choose CSet: 0.0 ms]
      [Ref Proc: 2.1 ms]
      [Ref Enq: 0.1 ms]
      [Free CSet: 0.7 ms]
   [Eden: 4576.0M(4576.0M)->0.0B(4608.0M) Survivors: 112.0M->96.0M Heap: 9063.6M(10.0G)->4469.0M(10.0G)]
 [Times: user=0.43 sys=0.00, real=0.03 secs] 
1975.922: Total time for which application threads were stopped: 0.0332160 seconds
1981.115: [GC pause (G1 Evacuation Pause) (young)
Desired survivor size 310378496 bytes, new threshold 15 (max 15)
- age   1:   11045440 bytes,   11045440 total
- age   2:    8186176 bytes,   19231616 total
- age   3:    1827136 bytes,   21058752 total
- age   4:    2617840 bytes,   23676592 total
- age   5:    1620104 bytes,   25296696 total
- age   6:   20466640 bytes,   45763336 total
- age   7:    1181176 bytes,   46944512 total
- age   8:    2818248 bytes,   49762760 total
- age   9:    1164384 bytes,   50927144 total
- age  10:    2905912 bytes,   53833056 total
- age  11:    2800384 bytes,   56633440 total
- age  12:     213800 bytes,   56847240 total
- age  13:      82784 bytes,   56930024 total
- age  14:      86520 bytes,   57016544 total
- age  15:    2264880 bytes,   59281424 total
, 0.0272100 secs]
   [Parallel Time: 21.9 ms, GC Workers: 18]
      [GC Worker Start (ms): Min: 1981115.7, Avg: 1981115.8, Max: 1981115.9, Diff: 0.2]
      [Ext Root Scanning (ms): Min: 5.6, Avg: 6.3, Max: 6.7, Diff: 1.1, Sum: 113.7]
      [Update RS (ms): Min: 2.4, Avg: 3.0, Max: 3.9, Diff: 1.5, Sum: 53.9]
         [Processed Buffers: Min: 9, Avg: 36.7, Max: 58, Diff: 49, Sum: 660]
      [Scan RS (ms): Min: 0.0, Avg: 0.2, Max: 0.3, Diff: 0.2, Sum: 4.1]
      [Code Root Scanning (ms): Min: 0.0, Avg: 0.0, Max: 0.0, Diff: 0.0, Sum: 0.1]
      [Object Copy (ms): Min: 11.8, Avg: 12.1, Max: 12.5, Diff: 0.8, Sum: 218.7]
      [Termination (ms): Min: 0.0, Avg: 0.0, Max: 0.0, Diff: 0.0, Sum: 0.1]
      [GC Worker Other (ms): Min: 0.0, Avg: 0.1, Max: 0.1, Diff: 0.1, Sum: 1.1]
      [GC Worker Total (ms): Min: 21.7, Avg: 21.8, Max: 21.9, Diff: 0.2, Sum: 391.5]
      [GC Worker End (ms): Min: 1981137.5, Avg: 1981137.6, Max: 1981137.6, Diff: 0.1]
   [Code Root Fixup: 0.2 ms]
   [Code Root Migration: 0.1 ms]
   [Clear CT: 1.4 ms]
   [Other: 3.6 ms]
      [Choose CSet: 0.0 ms]
      [Ref Proc: 1.6 ms]
      [Ref Enq: 0.1 ms]
      [Free CSet: 0.7 ms]
   [Eden: 4608.0M(4608.0M)->0.0B(4576.0M) Survivors: 96.0M->112.0M Heap: 9077.0M(10.0G)->4492.5M(10.0G)]
 [Times: user=0.38 sys=0.01, real=0.03 secs] 
1981.143: Total time for which application threads were stopped: 0.0290160 seconds
1984.431: Total time for which application threads were stopped: 0.0013210 seconds
1985.996: [GC pause (G1 Evacuation Pause) (young)
Desired survivor size 310378496 bytes, new threshold 15 (max 15)
- age   1:   28508544 bytes,   28508544 total
- age   2:    5897856 bytes,   34406400 total
- age   3:    3131648 bytes,   37538048 total
- age   4:    1690904 bytes,   39228952 total
- age   5:    2557624 bytes,   41786576 total
- age   6:    1589560 bytes,   43376136 total
- age   7:    4005280 bytes,   47381416 total
- age   8:    1173400 bytes,   48554816 total
- age   9:    2813056 bytes,   51367872 total
- age  10:    1158168 bytes,   52526040 total
- age  11:    2900904 bytes,   55426944 total
- age  12:    2781096 bytes,   58208040 total
- age  13:     212672 bytes,   58420712 total
- age  14:      80592 bytes,   58501304 total
- age  15:      82152 bytes,   58583456 total
, 0.1344160 secs]
   [Parallel Time: 129.0 ms, GC Workers: 18]
      [GC Worker Start (ms): Min: 1985996.3, Avg: 1985996.4, Max: 1985996.5, Diff: 0.1]
      [Ext Root Scanning (ms): Min: 4.2, Avg: 4.8, Max: 5.3, Diff: 1.1, Sum: 85.5]
      [Update RS (ms): Min: 23.2, Avg: 23.8, Max: 24.2, Diff: 1.0, Sum: 428.4]
         [Processed Buffers: Min: 6, Avg: 38.7, Max: 71, Diff: 65, Sum: 696]
      [Scan RS (ms): Min: 0.0, Avg: 0.2, Max: 0.3, Diff: 0.3, Sum: 4.3]
      [Code Root Scanning (ms): Min: 0.0, Avg: 0.0, Max: 0.0, Diff: 0.0, Sum: 0.1]
      [Object Copy (ms): Min: 99.7, Avg: 100.0, Max: 100.2, Diff: 0.5, Sum: 1799.5]
      [Termination (ms): Min: 0.0, Avg: 0.0, Max: 0.0, Diff: 0.0, Sum: 0.3]
      [GC Worker Other (ms): Min: 0.0, Avg: 0.1, Max: 0.1, Diff: 0.1, Sum: 1.0]
      [GC Worker Total (ms): Min: 128.8, Avg: 128.8, Max: 128.9, Diff: 0.2, Sum: 2319.2]
      [GC Worker End (ms): Min: 1986125.2, Avg: 1986125.2, Max: 1986125.3, Diff: 0.1]
   [Code Root Fixup: 0.3 ms]
   [Code Root Migration: 0.1 ms]
   [Clear CT: 1.4 ms]
   [Other: 3.7 ms]
      [Choose CSet: 0.0 ms]
      [Ref Proc: 1.6 ms]
      [Ref Enq: 0.1 ms]
      [Free CSet: 0.7 ms]
   [Eden: 4576.0M(4576.0M)->0.0B(4144.0M) Survivors: 112.0M->320.0M Heap: 9078.9M(10.0G)->4717.1M(10.0G)]
 [Times: user=2.33 sys=0.02, real=0.14 secs] 
1986.131: Total time for which application threads were stopped: 0.1363110 seconds
1990.278: [GC pause (G1 Evacuation Pause) (young)
Desired survivor size 293601280 bytes, new threshold 5 (max 15)
- age   1:  261329368 bytes,  261329368 total
- age   2:   24704168 bytes,  286033536 total
- age   3:    3617064 bytes,  289650600 total
- age   4:    2907816 bytes,  292558416 total
- age   5:    1653336 bytes,  294211752 total
- age   6:    2506064 bytes,  296717816 total
- age   7:    1323672 bytes,  298041488 total
- age   8:    2702392 bytes,  300743880 total
- age   9:    1169272 bytes,  301913152 total
- age  10:    2806456 bytes,  304719608 total
- age  11:    1151176 bytes,  305870784 total
- age  12:    2888672 bytes,  308759456 total
- age  13:    2775048 bytes,  311534504 total
- age  14:     212568 bytes,  311747072 total
- age  15:      80488 bytes,  311827560 total
, 0.4106290 secs]
   [Parallel Time: 404.6 ms, GC Workers: 18]
      [GC Worker Start (ms): Min: 1990278.3, Avg: 1990278.4, Max: 1990278.4, Diff: 0.1]
      [Ext Root Scanning (ms): Min: 4.0, Avg: 5.0, Max: 6.1, Diff: 2.1, Sum: 89.4]
      [Update RS (ms): Min: 112.7, Avg: 116.1, Max: 119.0, Diff: 6.4, Sum: 2089.0]
         [Processed Buffers: Min: 19, Avg: 58.6, Max: 187, Diff: 168, Sum: 1054]
      [Scan RS (ms): Min: 0.0, Avg: 0.1, Max: 0.4, Diff: 0.3, Sum: 1.6]
      [Code Root Scanning (ms): Min: 0.0, Avg: 0.0, Max: 0.0, Diff: 0.0, Sum: 0.1]
      [Object Copy (ms): Min: 278.2, Avg: 281.0, Max: 283.6, Diff: 5.4, Sum: 5057.6]
      [Termination (ms): Min: 0.0, Avg: 2.3, Max: 2.7, Diff: 2.7, Sum: 41.4]
      [GC Worker Other (ms): Min: 0.0, Avg: 0.1, Max: 0.1, Diff: 0.1, Sum: 0.9]
      [GC Worker Total (ms): Min: 404.4, Avg: 404.4, Max: 404.5, Diff: 0.2, Sum: 7280.0]
      [GC Worker End (ms): Min: 1990682.8, Avg: 1990682.8, Max: 1990682.8, Diff: 0.1]
   [Code Root Fixup: 0.2 ms]
   [Code Root Migration: 0.1 ms]
   [Clear CT: 1.2 ms]
   [Other: 4.6 ms]
      [Choose CSet: 0.0 ms]
      [Ref Proc: 1.6 ms]
      [Ref Enq: 0.1 ms]
      [Free CSet: 0.7 ms]
   [Eden: 4144.0M(4144.0M)->0.0B(16.0M) Survivors: 320.0M->560.0M Heap: 8900.2M(10.0G)->5305.6M(10.0G)]
 [Times: user=6.56 sys=0.24, real=0.41 secs] 
1990.689: Total time for which application threads were stopped: 0.4124360 seconds
1990.690: [GC pause (G1 Evacuation Pause) (young) (initial-mark)
Desired survivor size 41943040 bytes, new threshold 1 (max 15)
- age   1:  347208448 bytes,  347208448 total
- age   2:  254847032 bytes,  602055480 total
- age   3:   21675896 bytes,  623731376 total
- age   4:    1428744 bytes,  625160120 total
- age   5:    2849032 bytes,  628009152 total
, 0.3333830 secs]
   [Parallel Time: 326.0 ms, GC Workers: 18]
      [GC Worker Start (ms): Min: 1990690.6, Avg: 1990690.7, Max: 1990690.7, Diff: 0.1]
      [Ext Root Scanning (ms): Min: 3.7, Avg: 4.3, Max: 4.9, Diff: 1.2, Sum: 76.9]
      [Code Root Marking (ms): Min: 0.0, Avg: 1.7, Max: 17.6, Diff: 17.6, Sum: 30.3]
      [Update RS (ms): Min: 84.1, Avg: 100.5, Max: 102.8, Diff: 18.7, Sum: 1809.2]
         [Processed Buffers: Min: 31, Avg: 52.9, Max: 68, Diff: 37, Sum: 953]
      [Scan RS (ms): Min: 0.0, Avg: 0.4, Max: 1.0, Diff: 1.0, Sum: 7.6]
      [Code Root Scanning (ms): Min: 0.0, Avg: 0.0, Max: 0.0, Diff: 0.0, Sum: 0.0]
      [Object Copy (ms): Min: 217.9, Avg: 218.9, Max: 220.4, Diff: 2.5, Sum: 3940.7]
      [Termination (ms): Min: 0.0, Avg: 0.1, Max: 0.1, Diff: 0.1, Sum: 0.9]
      [GC Worker Other (ms): Min: 0.0, Avg: 0.0, Max: 0.1, Diff: 0.0, Sum: 0.8]
      [GC Worker Total (ms): Min: 325.9, Avg: 325.9, Max: 325.9, Diff: 0.1, Sum: 5866.4]
      [GC Worker End (ms): Min: 1991016.5, Avg: 1991016.6, Max: 1991016.6, Diff: 0.0]
   [Code Root Fixup: 0.3 ms]
   [Code Root Migration: 0.0 ms]
   [Clear CT: 0.4 ms]
   [Other: 6.7 ms]
      [Choose CSet: 0.0 ms]
      [Ref Proc: 1.4 ms]
      [Ref Enq: 0.1 ms]
      [Free CSet: 0.2 ms]
   [Eden: 16.0M(16.0M)->0.0B(432.0M) Survivors: 560.0M->80.0M Heap: 5321.6M(10.0G)->5474.0M(10.0G)]
 [Times: user=5.85 sys=0.03, real=0.33 secs] 
1991.024: [GC concurrent-root-region-scan-start]
1991.024: [GC concurrent-root-region-scan-end, 0.0001300 secs]
1991.024: [GC concurrent-mark-start]
1991.024: Total time for which application threads were stopped: 0.3347410 seconds
1991.417: [GC pause (G1 Evacuation Pause) (young)
Desired survivor size 33554432 bytes, new threshold 15 (max 15)
- age   1:     455912 bytes,     455912 total
, 0.0487460 secs]
   [Parallel Time: 44.8 ms, GC Workers: 18]
      [GC Worker Start (ms): Min: 1991417.7, Avg: 1991417.9, Max: 1991418.1, Diff: 0.3]
      [Ext Root Scanning (ms): Min: 3.7, Avg: 4.5, Max: 4.9, Diff: 1.2, Sum: 81.2]
      [SATB Filtering (ms): Min: 0.0, Avg: 0.1, Max: 2.5, Diff: 2.5, Sum: 2.5]
      [Update RS (ms): Min: 13.1, Avg: 14.8, Max: 15.5, Diff: 2.4, Sum: 265.8]
         [Processed Buffers: Min: 45, Avg: 64.8, Max: 91, Diff: 46, Sum: 1167]
      [Scan RS (ms): Min: 0.0, Avg: 0.2, Max: 0.2, Diff: 0.2, Sum: 3.0]
      [Code Root Scanning (ms): Min: 0.0, Avg: 0.0, Max: 0.0, Diff: 0.0, Sum: 0.0]
      [Object Copy (ms): Min: 24.1, Avg: 24.8, Max: 25.0, Diff: 0.9, Sum: 446.5]
      [Termination (ms): Min: 0.0, Avg: 0.1, Max: 0.1, Diff: 0.1, Sum: 1.6]
      [GC Worker Other (ms): Min: 0.0, Avg: 0.0, Max: 0.0, Diff: 0.0, Sum: 0.5]
      [GC Worker Total (ms): Min: 44.4, Avg: 44.5, Max: 44.7, Diff: 0.3, Sum: 801.2]
      [GC Worker End (ms): Min: 1991462.4, Avg: 1991462.4, Max: 1991462.4, Diff: 0.0]
   [Code Root Fixup: 0.5 ms]
   [Code Root Migration: 0.0 ms]
   [Clear CT: 0.6 ms]
   [Other: 2.9 ms]
      [Choose CSet: 0.0 ms]
      [Ref Proc: 1.6 ms]
      [Ref Enq: 0.1 ms]
      [Free CSet: 0.2 ms]
   [Eden: 432.0M(432.0M)->0.0B(448.0M) Survivors: 80.0M->64.0M Heap: 5906.0M(10.0G)->5535.6M(10.0G)]
 [Times: user=0.81 sys=0.00, real=0.05 secs] 
1991.466: Total time for which application threads were stopped: 0.0504160 seconds
1991.910: [GC pause (G1 Evacuation Pause) (young)
Desired survivor size 33554432 bytes, new threshold 15 (max 15)
- age   1:   13479592 bytes,   13479592 total
- age   2:      35104 bytes,   13514696 total
, 0.0261900 secs]
   [Parallel Time: 22.8 ms, GC Workers: 18]
      [GC Worker Start (ms): Min: 1991910.7, Avg: 1991910.7, Max: 1991910.8, Diff: 0.1]
      [Ext Root Scanning (ms): Min: 4.0, Avg: 4.6, Max: 5.2, Diff: 1.2, Sum: 83.4]
      [SATB Filtering (ms): Min: 0.0, Avg: 0.1, Max: 1.9, Diff: 1.9, Sum: 1.9]
      [Update RS (ms): Min: 12.9, Avg: 13.5, Max: 14.4, Diff: 1.6, Sum: 242.7]
         [Processed Buffers: Min: 41, Avg: 58.1, Max: 75, Diff: 34, Sum: 1045]
      [Scan RS (ms): Min: 0.0, Avg: 0.7, Max: 0.9, Diff: 0.9, Sum: 13.3]
      [Code Root Scanning (ms): Min: 0.0, Avg: 0.0, Max: 0.0, Diff: 0.0, Sum: 0.0]
      [Object Copy (ms): Min: 3.4, Avg: 3.7, Max: 4.0, Diff: 0.6, Sum: 66.0]
      [Termination (ms): Min: 0.0, Avg: 0.0, Max: 0.0, Diff: 0.0, Sum: 0.1]
      [GC Worker Other (ms): Min: 0.0, Avg: 0.0, Max: 0.0, Diff: 0.0, Sum: 0.6]
      [GC Worker Total (ms): Min: 22.6, Avg: 22.7, Max: 22.7, Diff: 0.2, Sum: 408.0]
      [GC Worker End (ms): Min: 1991933.4, Avg: 1991933.4, Max: 1991933.4, Diff: 0.0]
   [Code Root Fixup: 0.3 ms]
   [Code Root Migration: 0.0 ms]
   [Clear CT: 0.5 ms]
   [Other: 2.6 ms]
      [Choose CSet: 0.0 ms]
      [Ref Proc: 1.5 ms]
      [Ref Enq: 0.1 ms]
      [Free CSet: 0.2 ms]
   [Eden: 448.0M(448.0M)->0.0B(1920.0M) Survivors: 64.0M->48.0M Heap: 5983.6M(10.0G)->5516.8M(10.0G)]
 [Times: user=0.42 sys=0.01, real=0.02 secs] 
1991.937: Total time for which application threads were stopped: 0.0276360 seconds
1992.710: [GC concurrent-mark-end, 1.6856360 secs]
1992.711: [GC remark 1992.712: [GC ref-proc, 0.0027370 secs], 0.0105210 secs]
 [Times: user=0.15 sys=0.00, real=0.01 secs] 
1992.722: Total time for which application threads were stopped: 0.0120110 seconds
1992.723: [GC cleanup 6157M->6019M(10G), 0.0090150 secs]
 [Times: user=0.15 sys=0.01, real=0.01 secs] 
1992.732: Total time for which application threads were stopped: 0.0100520 seconds
1992.732: [GC concurrent-cleanup-start]
1992.732: [GC concurrent-cleanup-end, 0.0000970 secs]
1992.744: Total time for which application threads were stopped: 0.0013330 seconds
1992.745: Total time for which application threads were stopped: 0.0003550 seconds
1992.745: Total time for which application threads were stopped: 0.0002790 seconds
1992.745: Total time for which application threads were stopped: 0.0002910 seconds
1992.746: Total time for which application threads were stopped: 0.0002800 seconds
1992.746: Total time for which application threads were stopped: 0.0002760 seconds
1993.990: [GC pause (G1 Evacuation Pause) (young)
Desired survivor size 109051904 bytes, new threshold 15 (max 15)
- age   1:   14916280 bytes,   14916280 total
- age   2:    4104776 bytes,   19021056 total
- age   3:       9920 bytes,   19030976 total
, 0.0586570 secs]
   [Parallel Time: 54.3 ms, GC Workers: 18]
      [GC Worker Start (ms): Min: 1993991.0, Avg: 1993991.1, Max: 1993991.2, Diff: 0.2]
      [Ext Root Scanning (ms): Min: 4.2, Avg: 4.7, Max: 5.1, Diff: 1.0, Sum: 83.7]
      [Update RS (ms): Min: 11.6, Avg: 12.1, Max: 12.7, Diff: 1.1, Sum: 217.4]
         [Processed Buffers: Min: 36, Avg: 57.1, Max: 83, Diff: 47, Sum: 1027]
      [Scan RS (ms): Min: 0.5, Avg: 0.7, Max: 0.9, Diff: 0.4, Sum: 12.5]
      [Code Root Scanning (ms): Min: 0.0, Avg: 0.0, Max: 0.0, Diff: 0.0, Sum: 0.0]
      [Object Copy (ms): Min: 35.7, Avg: 36.0, Max: 36.5, Diff: 0.8, Sum: 648.6]
      [Termination (ms): Min: 0.1, Avg: 0.6, Max: 0.8, Diff: 0.7, Sum: 10.4]
      [GC Worker Other (ms): Min: 0.0, Avg: 0.1, Max: 0.1, Diff: 0.1, Sum: 1.2]
      [GC Worker Total (ms): Min: 54.0, Avg: 54.1, Max: 54.2, Diff: 0.2, Sum: 973.9]
      [GC Worker End (ms): Min: 1994045.1, Avg: 1994045.2, Max: 1994045.2, Diff: 0.1]
   [Code Root Fixup: 0.3 ms]
   [Code Root Migration: 0.0 ms]
   [Clear CT: 1.1 ms]
   [Other: 3.0 ms]
      [Choose CSet: 0.0 ms]
      [Ref Proc: 1.6 ms]
      [Ref Enq: 0.1 ms]
      [Free CSet: 0.4 ms]
   [Eden: 1568.0M(1568.0M)->0.0B(384.0M) Survivors: 48.0M->128.0M Heap: 6946.7M(10.0G)->5464.1M(10.0G)]
 [Times: user=0.99 sys=0.02, real=0.05 secs] 
1994.050: Total time for which application threads were stopped: 0.0605120 seconds
1994.302: Total time for which application threads were stopped: 0.0010980 seconds
1994.303: [GC pause (GCLocker Initiated GC) (mixed)
Desired survivor size 33554432 bytes, new threshold 1 (max 15)
- age   1:  109053472 bytes,  109053472 total
- age   2:    2754496 bytes,  111807968 total
- age   3:    4012272 bytes,  115820240 total
- age   4:       9856 bytes,  115830096 total
, 0.1140840 secs]
   [Parallel Time: 106.1 ms, GC Workers: 18]
      [GC Worker Start (ms): Min: 1994303.6, Avg: 1994303.6, Max: 1994303.7, Diff: 0.1]
      [Ext Root Scanning (ms): Min: 4.3, Avg: 5.0, Max: 5.4, Diff: 1.1, Sum: 89.3]
      [Update RS (ms): Min: 1.5, Avg: 1.9, Max: 2.5, Diff: 1.0, Sum: 33.7]
         [Processed Buffers: Min: 7, Avg: 31.5, Max: 57, Diff: 50, Sum: 567]
      [Scan RS (ms): Min: 14.9, Avg: 15.2, Max: 15.4, Diff: 0.5, Sum: 274.2]
      [Code Root Scanning (ms): Min: 0.0, Avg: 0.0, Max: 0.2, Diff: 0.2, Sum: 0.3]
      [Object Copy (ms): Min: 83.6, Avg: 83.8, Max: 84.0, Diff: 0.4, Sum: 1508.0]
      [Termination (ms): Min: 0.0, Avg: 0.0, Max: 0.0, Diff: 0.0, Sum: 0.4]
      [GC Worker Other (ms): Min: 0.0, Avg: 0.0, Max: 0.1, Diff: 0.1, Sum: 0.8]
      [GC Worker Total (ms): Min: 105.9, Avg: 105.9, Max: 106.0, Diff: 0.1, Sum: 1906.5]
      [GC Worker End (ms): Min: 1994409.5, Avg: 1994409.5, Max: 1994409.6, Diff: 0.1]
   [Code Root Fixup: 0.4 ms]
   [Code Root Migration: 0.4 ms]
   [Clear CT: 1.7 ms]
   [Other: 5.5 ms]
      [Choose CSet: 0.2 ms]
      [Ref Proc: 1.5 ms]
      [Ref Enq: 0.1 ms]
      [Free CSet: 0.7 ms]
   [Eden: 400.0M(384.0M)->0.0B(448.0M) Survivors: 128.0M->64.0M Heap: 5848.9M(10.0G)->5043.4M(10.0G)]
 [Times: user=1.93 sys=0.01, real=0.11 secs] 
1994.417: Total time for which application threads were stopped: 0.1150110 seconds
1994.509: Total time for which application threads were stopped: 0.0013460 seconds
1994.710: Total time for which application threads were stopped: 0.0010690 seconds
1994.711: [GC pause (GCLocker Initiated GC) (young)
Desired survivor size 33554432 bytes, new threshold 15 (max 15)
- age   1:    2066384 bytes,    2066384 total
, 0.0276870 secs]
   [Parallel Time: 24.4 ms, GC Workers: 18]
      [GC Worker Start (ms): Min: 1994711.6, Avg: 1994711.7, Max: 1994711.8, Diff: 0.1]
      [Ext Root Scanning (ms): Min: 4.2, Avg: 5.1, Max: 9.2, Diff: 5.1, Sum: 91.8]
      [Update RS (ms): Min: 14.0, Avg: 18.0, Max: 18.9, Diff: 4.9, Sum: 323.6]
         [Processed Buffers: Min: 32, Avg: 61.8, Max: 78, Diff: 46, Sum: 1112]
      [Scan RS (ms): Min: 0.1, Avg: 0.1, Max: 0.3, Diff: 0.2, Sum: 2.5]
      [Code Root Scanning (ms): Min: 0.0, Avg: 0.0, Max: 0.0, Diff: 0.0, Sum: 0.0]
      [Object Copy (ms): Min: 0.8, Avg: 1.0, Max: 1.2, Diff: 0.4, Sum: 17.4]
      [Termination (ms): Min: 0.0, Avg: 0.0, Max: 0.0, Diff: 0.0, Sum: 0.1]
      [GC Worker Other (ms): Min: 0.0, Avg: 0.0, Max: 0.0, Diff: 0.0, Sum: 0.6]
      [GC Worker Total (ms): Min: 24.1, Avg: 24.2, Max: 24.3, Diff: 0.1, Sum: 436.0]
      [GC Worker End (ms): Min: 1994735.9, Avg: 1994735.9, Max: 1994736.0, Diff: 0.0]
   [Code Root Fixup: 0.2 ms]
   [Code Root Migration: 0.0 ms]
   [Clear CT: 0.4 ms]
   [Other: 2.6 ms]
      [Choose CSet: 0.0 ms]
      [Ref Proc: 1.5 ms]
      [Ref Enq: 0.1 ms]
      [Free CSet: 0.2 ms]
   [Eden: 464.0M(448.0M)->0.0B(3616.0M) Survivors: 64.0M->16.0M Heap: 5491.7M(10.0G)->5011.7M(10.0G)]
 [Times: user=0.40 sys=0.00, real=0.02 secs] 
1994.739: Total time for which application threads were stopped: 0.0286370 seconds
1998.638: [GC pause (G1 Evacuation Pause) (young) (initial-mark)
Desired survivor size 243269632 bytes, new threshold 15 (max 15)
- age   1:    3176216 bytes,    3176216 total
- age   2:    1340232 bytes,    4516448 total
, 0.0183320 secs]
   [Parallel Time: 13.3 ms, GC Workers: 18]
      [GC Worker Start (ms): Min: 1998638.4, Avg: 1998638.4, Max: 1998638.5, Diff: 0.1]
      [Ext Root Scanning (ms): Min: 4.0, Avg: 4.7, Max: 5.2, Diff: 1.2, Sum: 84.9]
      [Code Root Marking (ms): Min: 0.3, Avg: 1.1, Max: 7.1, Diff: 6.8, Sum: 19.5]
      [Update RS (ms): Min: 0.0, Avg: 3.5, Max: 5.8, Diff: 5.8, Sum: 63.7]
         [Processed Buffers: Min: 0, Avg: 34.3, Max: 64, Diff: 64, Sum: 618]
      [Scan RS (ms): Min: 0.0, Avg: 0.1, Max: 0.2, Diff: 0.2, Sum: 2.2]
      [Code Root Scanning (ms): Min: 0.0, Avg: 0.0, Max: 0.0, Diff: 0.0, Sum: 0.1]
      [Object Copy (ms): Min: 0.8, Avg: 2.8, Max: 4.2, Diff: 3.4, Sum: 50.0]
      [Termination (ms): Min: 0.0, Avg: 0.8, Max: 0.9, Diff: 0.9, Sum: 15.0]
      [GC Worker Other (ms): Min: 0.0, Avg: 0.0, Max: 0.0, Diff: 0.0, Sum: 0.6]
      [GC Worker Total (ms): Min: 13.1, Avg: 13.1, Max: 13.1, Diff: 0.1, Sum: 235.9]
      [GC Worker End (ms): Min: 1998651.5, Avg: 1998651.5, Max: 1998651.5, Diff: 0.0]
   [Code Root Fixup: 0.2 ms]
   [Code Root Migration: 0.0 ms]
   [Clear CT: 1.0 ms]
   [Other: 3.8 ms]
      [Choose CSet: 0.0 ms]
      [Ref Proc: 2.0 ms]
      [Ref Enq: 0.1 ms]
      [Free CSet: 0.5 ms]
   [Eden: 3616.0M(3616.0M)->0.0B(4032.0M) Survivors: 16.0M->32.0M Heap: 8627.7M(10.0G)->5015.5M(10.0G)]
 [Times: user=0.23 sys=0.00, real=0.02 secs] 
1998.656: [GC concurrent-root-region-scan-start]
1998.656: Total time for which application threads were stopped: 0.0202110 seconds
1998.662: [GC concurrent-root-region-scan-end, 0.0054780 secs]
1998.662: [GC concurrent-mark-start]
1999.650: [GC concurrent-mark-end, 0.9881900 secs]
1999.651: [GC remark 1999.655: [GC ref-proc, 0.0039660 secs], 0.0146380 secs]
 [Times: user=0.19 sys=0.00, real=0.01 secs] 
1999.666: Total time for which application threads were stopped: 0.0161310 seconds
1999.667: [GC cleanup 6059M->5894M(10G), 0.0089030 secs]
 [Times: user=0.13 sys=0.01, real=0.01 secs] 
1999.676: Total time for which application threads were stopped: 0.0099170 seconds
1999.676: [GC concurrent-cleanup-start]
1999.676: [GC concurrent-cleanup-end, 0.0001250 secs]
2001.081: Total time for which application threads were stopped: 0.0043330 seconds
2001.082: Total time for which application threads were stopped: 0.0003940 seconds
2001.082: Total time for which application threads were stopped: 0.0002680 seconds
2001.083: Total time for which application threads were stopped: 0.0003150 seconds
2001.083: Total time for which application threads were stopped: 0.0005910 seconds
2001.083: Total time for which application threads were stopped: 0.0002950 seconds
2001.084: Total time for which application threads were stopped: 0.0002810 seconds
2001.084: Total time for which application threads were stopped: 0.0002810 seconds
2001.084: Total time for which application threads were stopped: 0.0002920 seconds
2001.085: Total time for which application threads were stopped: 0.0002810 seconds
2001.085: Total time for which application threads were stopped: 0.0002770 seconds
2001.085: Total time for which application threads were stopped: 0.0003200 seconds
2001.086: Total time for which application threads were stopped: 0.0003010 seconds
2001.087: Total time for which application threads were stopped: 0.0003400 seconds
2002.908: [GC pause (G1 Evacuation Pause) (young)
Desired survivor size 268435456 bytes, new threshold 15 (max 15)
- age   1:   12234832 bytes,   12234832 total
- age   2:    2283720 bytes,   14518552 total
- age   3:    1218600 bytes,   15737152 total
, 0.0360700 secs]
   [Parallel Time: 31.0 ms, GC Workers: 18]
      [GC Worker Start (ms): Min: 2002909.0, Avg: 2002909.1, Max: 2002909.2, Diff: 0.2]
      [Ext Root Scanning (ms): Min: 4.4, Avg: 4.7, Max: 4.9, Diff: 0.5, Sum: 85.0]
      [Update RS (ms): Min: 2.5, Avg: 7.7, Max: 10.4, Diff: 7.9, Sum: 138.6]
         [Processed Buffers: Min: 5, Avg: 32.8, Max: 77, Diff: 72, Sum: 590]
      [Scan RS (ms): Min: 0.0, Avg: 0.1, Max: 0.2, Diff: 0.2, Sum: 1.4]
      [Code Root Scanning (ms): Min: 0.0, Avg: 0.0, Max: 0.0, Diff: 0.0, Sum: 0.0]
      [Object Copy (ms): Min: 15.6, Avg: 18.2, Max: 23.4, Diff: 7.7, Sum: 327.4]
      [Termination (ms): Min: 0.0, Avg: 0.0, Max: 0.0, Diff: 0.0, Sum: 0.0]
      [GC Worker Other (ms): Min: 0.0, Avg: 0.1, Max: 0.1, Diff: 0.1, Sum: 1.0]
      [GC Worker Total (ms): Min: 30.6, Avg: 30.8, Max: 30.9, Diff: 0.2, Sum: 553.6]
      [GC Worker End (ms): Min: 2002939.8, Avg: 2002939.8, Max: 2002939.9, Diff: 0.1]
   [Code Root Fixup: 0.3 ms]
   [Code Root Migration: 0.1 ms]
   [Clear CT: 1.3 ms]
   [Other: 3.5 ms]
      [Choose CSet: 0.0 ms]
      [Ref Proc: 1.7 ms]
      [Ref Enq: 0.1 ms]
      [Free CSet: 0.6 ms]
   [Eden: 4032.0M(4032.0M)->0.0B(432.0M) Survivors: 32.0M->80.0M Heap: 8883.4M(10.0G)->4896.8M(10.0G)]
 [Times: user=0.47 sys=0.01, real=0.04 secs] 
2002.945: Total time for which application threads were stopped: 0.0379710 seconds
2003.160: [GC pause (G1 Evacuation Pause) (mixed)
Desired survivor size 33554432 bytes, new threshold 1 (max 15)
- age   1:   51751568 bytes,   51751568 total
- age   2:    7115640 bytes,   58867208 total
- age   3:    1568080 bytes,   60435288 total
- age   4:     897576 bytes,   61332864 total
, 0.0791360 secs]
   [Parallel Time: 71.2 ms, GC Workers: 18]
      [GC Worker Start (ms): Min: 2003160.8, Avg: 2003160.8, Max: 2003160.9, Diff: 0.1]
      [Ext Root Scanning (ms): Min: 3.9, Avg: 4.8, Max: 5.1, Diff: 1.3, Sum: 85.6]
      [Update RS (ms): Min: 1.2, Avg: 1.5, Max: 2.4, Diff: 1.2, Sum: 27.5]
         [Processed Buffers: Min: 2, Avg: 30.4, Max: 57, Diff: 55, Sum: 547]
      [Scan RS (ms): Min: 10.7, Avg: 10.8, Max: 10.8, Diff: 0.1, Sum: 193.8]
      [Code Root Scanning (ms): Min: 0.0, Avg: 0.0, Max: 0.2, Diff: 0.2, Sum: 0.3]
      [Object Copy (ms): Min: 53.8, Avg: 53.9, Max: 54.1, Diff: 0.3, Sum: 970.0]
      [Termination (ms): Min: 0.0, Avg: 0.0, Max: 0.0, Diff: 0.0, Sum: 0.0]
      [GC Worker Other (ms): Min: 0.0, Avg: 0.0, Max: 0.1, Diff: 0.1, Sum: 0.8]
      [GC Worker Total (ms): Min: 70.9, Avg: 71.0, Max: 71.1, Diff: 0.1, Sum: 1278.1]
      [GC Worker End (ms): Min: 2003231.8, Avg: 2003231.8, Max: 2003231.9, Diff: 0.1]
   [Code Root Fixup: 0.5 ms]
   [Code Root Migration: 0.6 ms]
   [Clear CT: 1.7 ms]
   [Other: 5.2 ms]
      [Choose CSet: 0.2 ms]
      [Ref Proc: 1.6 ms]
      [Ref Enq: 0.1 ms]
      [Free CSet: 0.7 ms]
   [Eden: 432.0M(432.0M)->0.0B(4608.0M) Survivors: 80.0M->64.0M Heap: 5328.8M(10.0G)->4339.8M(10.0G)]
 [Times: user=1.30 sys=0.01, real=0.08 secs] 
2003.240: Total time for which application threads were stopped: 0.0807420 seconds
2004.366: Total time for which application threads were stopped: 0.0022270 seconds
2004.441: Total time for which application threads were stopped: 0.0225890 seconds
2007.822: [GC pause (G1 Evacuation Pause) (young)
Desired survivor size 310378496 bytes, new threshold 15 (max 15)
- age   1:   26342368 bytes,   26342368 total
, 0.0683520 secs]
   [Parallel Time: 62.9 ms, GC Workers: 18]
      [GC Worker Start (ms): Min: 2007822.2, Avg: 2007822.2, Max: 2007822.3, Diff: 0.1]
      [Ext Root Scanning (ms): Min: 4.7, Avg: 5.3, Max: 6.2, Diff: 1.4, Sum: 95.7]
      [Update RS (ms): Min: 16.9, Avg: 17.6, Max: 18.1, Diff: 1.2, Sum: 317.3]
         [Processed Buffers: Min: 40, Avg: 61.8, Max: 90, Diff: 50, Sum: 1113]
      [Scan RS (ms): Min: 0.3, Avg: 0.3, Max: 0.4, Diff: 0.1, Sum: 6.3]
      [Code Root Scanning (ms): Min: 0.0, Avg: 0.0, Max: 0.0, Diff: 0.0, Sum: 0.1]
      [Object Copy (ms): Min: 39.1, Avg: 39.3, Max: 39.6, Diff: 0.5, Sum: 707.8]
      [Termination (ms): Min: 0.0, Avg: 0.0, Max: 0.0, Diff: 0.0, Sum: 0.0]
      [GC Worker Other (ms): Min: 0.0, Avg: 0.1, Max: 0.1, Diff: 0.1, Sum: 1.3]
      [GC Worker Total (ms): Min: 62.6, Avg: 62.7, Max: 62.8, Diff: 0.2, Sum: 1128.5]
      [GC Worker End (ms): Min: 2007884.9, Avg: 2007884.9, Max: 2007885.0, Diff: 0.1]
   [Code Root Fixup: 0.3 ms]
   [Code Root Migration: 0.1 ms]
   [Clear CT: 1.7 ms]
   [Other: 3.5 ms]
      [Choose CSet: 0.0 ms]
      [Ref Proc: 1.7 ms]
      [Ref Enq: 0.1 ms]
      [Free CSet: 0.7 ms]
   [Eden: 4608.0M(4608.0M)->0.0B(2624.0M) Survivors: 64.0M->112.0M Heap: 8947.8M(10.0G)->4390.9M(10.0G)]
 [Times: user=1.12 sys=0.01, real=0.07 secs] 
2007.890: Total time for which application threads were stopped: 0.0701950 seconds
2010.095: Total time for which application threads were stopped: 0.0012980 seconds
2010.096: [GC pause (GCLocker Initiated GC) (young)
Desired survivor size 184549376 bytes, new threshold 15 (max 15)
- age   1:   71452704 bytes,   71452704 total
- age   2:   22344416 bytes,   93797120 total
, 0.0522330 secs]
   [Parallel Time: 47.8 ms, GC Workers: 18]
      [GC Worker Start (ms): Min: 2010096.5, Avg: 2010096.5, Max: 2010096.6, Diff: 0.1]
      [Ext Root Scanning (ms): Min: 4.2, Avg: 4.7, Max: 5.3, Diff: 1.1, Sum: 84.9]
      [Update RS (ms): Min: 2.3, Avg: 2.9, Max: 3.4, Diff: 1.1, Sum: 52.4]
         [Processed Buffers: Min: 2, Avg: 33.4, Max: 68, Diff: 66, Sum: 602]
      [Scan RS (ms): Min: 0.0, Avg: 0.1, Max: 0.2, Diff: 0.2, Sum: 2.5]
      [Code Root Scanning (ms): Min: 0.0, Avg: 0.0, Max: 0.0, Diff: 0.0, Sum: 0.1]
      [Object Copy (ms): Min: 39.1, Avg: 39.8, Max: 40.1, Diff: 1.0, Sum: 716.2]
      [Termination (ms): Min: 0.0, Avg: 0.0, Max: 0.0, Diff: 0.0, Sum: 0.1]
      [GC Worker Other (ms): Min: 0.0, Avg: 0.1, Max: 0.2, Diff: 0.1, Sum: 1.4]
      [GC Worker Total (ms): Min: 47.6, Avg: 47.6, Max: 47.7, Diff: 0.2, Sum: 857.5]
      [GC Worker End (ms): Min: 2010144.1, Avg: 2010144.2, Max: 2010144.2, Diff: 0.1]
   [Code Root Fixup: 0.3 ms]
   [Code Root Migration: 0.0 ms]
   [Clear CT: 0.8 ms]
   [Other: 3.3 ms]
      [Choose CSet: 0.0 ms]
      [Ref Proc: 1.7 ms]
      [Ref Enq: 0.1 ms]
      [Free CSet: 0.5 ms]
   [Eden: 2640.0M(2624.0M)->0.0B(4592.0M) Survivors: 112.0M->160.0M Heap: 7015.3M(10.0G)->4445.8M(10.0G)]
 [Times: user=0.85 sys=0.02, real=0.05 secs] 
2010.149: Total time for which application threads were stopped: 0.0532030 seconds
2012.972: Total time for which application threads were stopped: 0.0013560 seconds
2012.980: Total time for which application threads were stopped: 0.0079470 seconds
2012.980: Total time for which application threads were stopped: 0.0004440 seconds
2012.983: Total time for which application threads were stopped: 0.0029370 seconds
2012.984: Total time for which application threads were stopped: 0.0003570 seconds
2012.986: Total time for which application threads were stopped: 0.0027120 seconds
2012.987: Total time for which application threads were stopped: 0.0003020 seconds
2012.989: Total time for which application threads were stopped: 0.0025360 seconds
2012.990: Total time for which application threads were stopped: 0.0003010 seconds
2012.990: Total time for which application threads were stopped: 0.0002810 seconds
2013.169: Total time for which application threads were stopped: 0.0011470 seconds
2013.170: Total time for which application threads were stopped: 0.0004430 seconds
2013.170: Total time for which application threads were stopped: 0.0004390 seconds
2013.177: Total time for which application threads were stopped: 0.0067740 seconds
2013.178: Total time for which application threads were stopped: 0.0003950 seconds
2013.346: Total time for which application threads were stopped: 0.0011850 seconds
2013.437: [GC pause (G1 Evacuation Pause) (young)
Desired survivor size 318767104 bytes, new threshold 15 (max 15)
- age   1:   14537352 bytes,   14537352 total
- age   2:   68768056 bytes,   83305408 total
- age   3:   22317248 bytes,  105622656 total
, 0.2045050 secs]
   [Parallel Time: 198.7 ms, GC Workers: 18]
      [GC Worker Start (ms): Min: 2013437.5, Avg: 2013437.5, Max: 2013437.6, Diff: 0.1]
      [Ext Root Scanning (ms): Min: 4.6, Avg: 5.3, Max: 7.9, Diff: 3.3, Sum: 95.0]
      [Update RS (ms): Min: 21.0, Avg: 22.4, Max: 29.4, Diff: 8.4, Sum: 402.3]
         [Processed Buffers: Min: 5, Avg: 42.3, Max: 69, Diff: 64, Sum: 762]
      [Scan RS (ms): Min: 0.0, Avg: 0.2, Max: 0.3, Diff: 0.3, Sum: 4.0]
      [Code Root Scanning (ms): Min: 0.0, Avg: 0.0, Max: 0.0, Diff: 0.0, Sum: 0.1]
      [Object Copy (ms): Min: 161.3, Avg: 168.0, Max: 171.3, Diff: 10.0, Sum: 3024.4]
      [Termination (ms): Min: 0.0, Avg: 2.7, Max: 2.8, Diff: 2.8, Sum: 48.0]
      [GC Worker Other (ms): Min: 0.0, Avg: 0.1, Max: 0.1, Diff: 0.1, Sum: 1.0]
      [GC Worker Total (ms): Min: 198.5, Avg: 198.6, Max: 198.7, Diff: 0.1, Sum: 3574.8]
      [GC Worker End (ms): Min: 2013636.1, Avg: 2013636.1, Max: 2013636.2, Diff: 0.1]
   [Code Root Fixup: 0.3 ms]
   [Code Root Migration: 0.1 ms]
   [Clear CT: 1.2 ms]
   [Other: 4.2 ms]
      [Choose CSet: 0.0 ms]
      [Ref Proc: 2.2 ms]
      [Ref Enq: 0.1 ms]
      [Free CSet: 0.7 ms]
   [Eden: 4592.0M(4592.0M)->0.0B(848.0M) Survivors: 160.0M->480.0M Heap: 9053.8M(10.0G)->4773.6M(10.0G)]
 [Times: user=3.37 sys=0.04, real=0.20 secs] 
2013.642: Total time for which application threads were stopped: 0.2061570 seconds
2013.886: Total time for which application threads were stopped: 0.0013870 seconds
2014.415: [GC pause (G1 Evacuation Pause) (young)
Desired survivor size 92274688 bytes, new threshold 1 (max 15)
- age   1:  304170408 bytes,  304170408 total
- age   2:    5289832 bytes,  309460240 total
- age   3:   54734904 bytes,  364195144 total
- age   4:   22243520 bytes,  386438664 total
, 0.2397010 secs]
   [Parallel Time: 233.3 ms, GC Workers: 18]
      [GC Worker Start (ms): Min: 2014416.0, Avg: 2014416.1, Max: 2014416.1, Diff: 0.1]
      [Ext Root Scanning (ms): Min: 4.1, Avg: 4.9, Max: 5.4, Diff: 1.3, Sum: 88.0]
      [Update RS (ms): Min: 16.1, Avg: 16.8, Max: 17.9, Diff: 1.8, Sum: 303.1]
         [Processed Buffers: Min: 8, Avg: 41.0, Max: 65, Diff: 57, Sum: 738]
      [Scan RS (ms): Min: 0.0, Avg: 0.1, Max: 0.1, Diff: 0.1, Sum: 1.1]
      [Code Root Scanning (ms): Min: 0.0, Avg: 0.0, Max: 0.0, Diff: 0.0, Sum: 0.0]
      [Object Copy (ms): Min: 209.8, Avg: 211.0, Max: 211.4, Diff: 1.6, Sum: 3798.8]
      [Termination (ms): Min: 0.0, Avg: 0.3, Max: 0.3, Diff: 0.3, Sum: 4.6]
      [GC Worker Other (ms): Min: 0.0, Avg: 0.0, Max: 0.1, Diff: 0.1, Sum: 0.8]
      [GC Worker Total (ms): Min: 233.1, Avg: 233.1, Max: 233.2, Diff: 0.2, Sum: 4196.3]
      [GC Worker End (ms): Min: 2014649.2, Avg: 2014649.2, Max: 2014649.2, Diff: 0.0]
   [Code Root Fixup: 0.3 ms]
   [Code Root Migration: 0.0 ms]
   [Clear CT: 0.4 ms]
   [Other: 5.7 ms]
      [Choose CSet: 0.0 ms]
      [Ref Proc: 1.7 ms]
      [Ref Enq: 0.1 ms]
      [Free CSet: 0.3 ms]
   [Eden: 848.0M(848.0M)->0.0B(944.0M) Survivors: 480.0M->160.0M Heap: 5621.6M(10.0G)->4796.5M(10.0G)]
 [Times: user=4.20 sys=0.01, real=0.24 secs] 
2014.656: Total time for which application threads were stopped: 0.2415350 seconds
2014.730: Total time for which application threads were stopped: 0.0020830 seconds
2014.731: Total time for which application threads were stopped: 0.0004160 seconds
2014.733: Total time for which application threads were stopped: 0.0017380 seconds
2014.733: Total time for which application threads were stopped: 0.0003950 seconds
2014.735: Total time for which application threads were stopped: 0.0004590 seconds
2014.735: Total time for which application threads were stopped: 0.0003650 seconds
2014.736: Total time for which application threads were stopped: 0.0003590 seconds
2014.737: Total time for which application threads were stopped: 0.0004390 seconds
2014.743: Total time for which application threads were stopped: 0.0007200 seconds
2014.773: Total time for which application threads were stopped: 0.0010250 seconds
2015.131: Total time for which application threads were stopped: 0.0012390 seconds
2015.851: [GC pause (G1 Evacuation Pause) (young) (initial-mark)
Desired survivor size 75497472 bytes, new threshold 15 (max 15)
- age   1:   35678264 bytes,   35678264 total
, 0.0364660 secs]
   [Parallel Time: 31.8 ms, GC Workers: 18]
      [GC Worker Start (ms): Min: 2015851.6, Avg: 2015851.7, Max: 2015851.7, Diff: 0.2]
      [Ext Root Scanning (ms): Min: 3.9, Avg: 4.6, Max: 4.9, Diff: 1.0, Sum: 82.3]
      [Code Root Marking (ms): Min: 0.3, Avg: 1.0, Max: 4.1, Diff: 3.9, Sum: 17.8]
      [Update RS (ms): Min: 10.1, Avg: 13.7, Max: 14.1, Diff: 4.0, Sum: 246.5]
         [Processed Buffers: Min: 29, Avg: 56.2, Max: 79, Diff: 50, Sum: 1012]
      [Scan RS (ms): Min: 1.8, Avg: 1.8, Max: 1.9, Diff: 0.2, Sum: 33.3]
      [Code Root Scanning (ms): Min: 0.0, Avg: 0.0, Max: 0.0, Diff: 0.0, Sum: 0.0]
      [Object Copy (ms): Min: 10.1, Avg: 10.4, Max: 10.7, Diff: 0.6, Sum: 188.0]
      [Termination (ms): Min: 0.0, Avg: 0.0, Max: 0.0, Diff: 0.0, Sum: 0.1]
      [GC Worker Other (ms): Min: 0.0, Avg: 0.0, Max: 0.1, Diff: 0.1, Sum: 0.9]
      [GC Worker Total (ms): Min: 31.5, Avg: 31.6, Max: 31.7, Diff: 0.2, Sum: 568.7]
      [GC Worker End (ms): Min: 2015883.2, Avg: 2015883.3, Max: 2015883.3, Diff: 0.1]
   [Code Root Fixup: 0.3 ms]
   [Code Root Migration: 0.0 ms]
   [Clear CT: 1.0 ms]
   [Other: 3.4 ms]
      [Choose CSet: 0.0 ms]
      [Ref Proc: 1.6 ms]
      [Ref Enq: 0.1 ms]
      [Free CSet: 0.4 ms]
   [Eden: 944.0M(944.0M)->0.0B(3056.0M) Survivors: 160.0M->96.0M Heap: 5740.5M(10.0G)->4738.2M(10.0G)]
 [Times: user=0.58 sys=0.00, real=0.04 secs] 
2015.888: [GC concurrent-root-region-scan-start]
2015.888: Total time for which application threads were stopped: 0.0381400 seconds
2015.900: [GC concurrent-root-region-scan-end, 0.0125730 secs]
2015.900: [GC concurrent-mark-start]
2017.069: [GC concurrent-mark-end, 1.1685630 secs]
2017.070: [GC remark 2017.071: [GC ref-proc, 0.0036140 secs], 0.0122000 secs]
 [Times: user=0.16 sys=0.00, real=0.01 secs] 
2017.083: Total time for which application threads were stopped: 0.0137230 seconds
2017.083: [GC cleanup 5654M->5654M(10G), 0.0091310 secs]
 [Times: user=0.15 sys=0.00, real=0.00 secs] 
2017.093: Total time for which application threads were stopped: 0.0102130 seconds
2017.101: Total time for which application threads were stopped: 0.0014300 seconds
2017.102: Total time for which application threads were stopped: 0.0003910 seconds
2019.837: Total time for which application threads were stopped: 0.0013460 seconds
2019.838: [GC pause (GCLocker Initiated GC) (young)
Desired survivor size 209715200 bytes, new threshold 15 (max 15)
- age   1:    6242680 bytes,    6242680 total
- age   2:   34802880 bytes,   41045560 total
, 0.0294350 secs]
   [Parallel Time: 24.6 ms, GC Workers: 18]
      [GC Worker Start (ms): Min: 2019838.1, Avg: 2019838.2, Max: 2019838.3, Diff: 0.2]
      [Ext Root Scanning (ms): Min: 3.8, Avg: 4.9, Max: 5.2, Diff: 1.4, Sum: 87.3]
      [Update RS (ms): Min: 3.7, Avg: 4.1, Max: 5.1, Diff: 1.4, Sum: 73.5]
         [Processed Buffers: Min: 22, Avg: 38.8, Max: 66, Diff: 44, Sum: 699]
      [Scan RS (ms): Min: 0.0, Avg: 0.2, Max: 0.2, Diff: 0.2, Sum: 2.7]
      [Code Root Scanning (ms): Min: 0.0, Avg: 0.0, Max: 0.0, Diff: 0.0, Sum: 0.1]
      [Object Copy (ms): Min: 14.7, Avg: 15.2, Max: 15.4, Diff: 0.7, Sum: 274.1]
      [Termination (ms): Min: 0.0, Avg: 0.0, Max: 0.0, Diff: 0.0, Sum: 0.3]
      [GC Worker Other (ms): Min: 0.0, Avg: 0.1, Max: 0.1, Diff: 0.1, Sum: 1.4]
      [GC Worker Total (ms): Min: 24.3, Avg: 24.4, Max: 24.5, Diff: 0.2, Sum: 439.5]
      [GC Worker End (ms): Min: 2019862.6, Avg: 2019862.6, Max: 2019862.7, Diff: 0.1]
   [Code Root Fixup: 0.3 ms]
   [Code Root Migration: 0.0 ms]
   [Clear CT: 1.0 ms]
   [Other: 3.5 ms]
      [Choose CSet: 0.0 ms]
      [Ref Proc: 1.7 ms]
      [Ref Enq: 0.1 ms]
      [Free CSet: 0.5 ms]
   [Eden: 3072.0M(3056.0M)->0.0B(416.0M) Survivors: 96.0M->96.0M Heap: 7794.2M(10.0G)->4733.7M(10.0G)]
 [Times: user=0.46 sys=0.01, real=0.03 secs] 
2019.867: Total time for which application threads were stopped: 0.0303760 seconds
2020.136: [GC pause (G1 Evacuation Pause) (mixed)
Desired survivor size 33554432 bytes, new threshold 3 (max 15)
- age   1:   18962576 bytes,   18962576 total
- age   2:    4184304 bytes,   23146880 total
- age   3:   34389472 bytes,   57536352 total
, 0.0351780 secs]
   [Parallel Time: 30.6 ms, GC Workers: 18]
      [GC Worker Start (ms): Min: 2020136.9, Avg: 2020136.9, Max: 2020137.0, Diff: 0.1]
      [Ext Root Scanning (ms): Min: 4.7, Avg: 5.1, Max: 5.5, Diff: 0.8, Sum: 92.5]
      [Update RS (ms): Min: 3.2, Avg: 3.5, Max: 4.0, Diff: 0.8, Sum: 63.3]
         [Processed Buffers: Min: 5, Avg: 34.1, Max: 53, Diff: 48, Sum: 614]
      [Scan RS (ms): Min: 0.1, Avg: 0.7, Max: 1.6, Diff: 1.5, Sum: 13.5]
      [Code Root Scanning (ms): Min: 0.0, Avg: 0.0, Max: 0.0, Diff: 0.0, Sum: 0.0]
      [Object Copy (ms): Min: 20.2, Avg: 21.0, Max: 21.3, Diff: 1.1, Sum: 377.5]
      [Termination (ms): Min: 0.0, Avg: 0.0, Max: 0.1, Diff: 0.1, Sum: 0.8]
      [GC Worker Other (ms): Min: 0.0, Avg: 0.0, Max: 0.1, Diff: 0.0, Sum: 0.7]
      [GC Worker Total (ms): Min: 30.4, Avg: 30.5, Max: 30.6, Diff: 0.2, Sum: 548.3]
      [GC Worker End (ms): Min: 2020167.4, Avg: 2020167.4, Max: 2020167.4, Diff: 0.0]
   [Code Root Fixup: 0.3 ms]
   [Code Root Migration: 0.0 ms]
   [Clear CT: 1.0 ms]
   [Other: 3.3 ms]
      [Choose CSet: 0.0 ms]
      [Ref Proc: 1.6 ms]
      [Ref Enq: 0.1 ms]
      [Free CSet: 0.2 ms]
   [Eden: 416.0M(416.0M)->0.0B(4336.0M) Survivors: 96.0M->64.0M Heap: 5149.7M(10.0G)->4710.7M(10.0G)]
 [Times: user=0.56 sys=0.00, real=0.03 secs] 
2020.172: Total time for which application threads were stopped: 0.0367590 seconds
2024.145: [GC pause (G1 Evacuation Pause) (young)
Desired survivor size 293601280 bytes, new threshold 15 (max 15)
- age   1:    2055736 bytes,    2055736 total
- age   2:   18241288 bytes,   20297024 total
- age   3:    4182960 bytes,   24479984 total
, 0.1411610 secs]
   [Parallel Time: 136.1 ms, GC Workers: 18]
      [GC Worker Start (ms): Min: 2024145.9, Avg: 2024145.9, Max: 2024146.0, Diff: 0.1]
      [Ext Root Scanning (ms): Min: 4.1, Avg: 4.9, Max: 5.4, Diff: 1.4, Sum: 88.7]
      [Update RS (ms): Min: 26.2, Avg: 26.7, Max: 27.5, Diff: 1.3, Sum: 480.5]
         [Processed Buffers: Min: 30, Avg: 58.2, Max: 122, Diff: 92, Sum: 1048]
      [Scan RS (ms): Min: 0.0, Avg: 0.2, Max: 0.2, Diff: 0.2, Sum: 4.1]
      [Code Root Scanning (ms): Min: 0.0, Avg: 0.0, Max: 0.0, Diff: 0.0, Sum: 0.1]
      [Object Copy (ms): Min: 103.9, Avg: 104.0, Max: 104.2, Diff: 0.3, Sum: 1871.7]
      [Termination (ms): Min: 0.0, Avg: 0.0, Max: 0.0, Diff: 0.0, Sum: 0.0]
      [GC Worker Other (ms): Min: 0.0, Avg: 0.1, Max: 0.1, Diff: 0.1, Sum: 1.1]
      [GC Worker Total (ms): Min: 135.8, Avg: 135.9, Max: 136.0, Diff: 0.2, Sum: 2446.2]
      [GC Worker End (ms): Min: 2024281.8, Avg: 2024281.8, Max: 2024281.9, Diff: 0.1]
   [Code Root Fixup: 0.3 ms]
   [Code Root Migration: 0.0 ms]
   [Clear CT: 1.2 ms]
   [Other: 3.6 ms]
      [Choose CSet: 0.0 ms]
      [Ref Proc: 1.6 ms]
      [Ref Enq: 0.1 ms]
      [Free CSet: 0.7 ms]
   [Eden: 4336.0M(4336.0M)->0.0B(2416.0M) Survivors: 64.0M->224.0M Heap: 9046.7M(10.0G)->4884.7M(10.0G)]
 [Times: user=2.45 sys=0.02, real=0.14 secs] 
2024.287: Total time for which application threads were stopped: 0.1431750 seconds
2024.615: Total time for which application threads were stopped: 0.0011080 seconds
2026.686: [GC pause (G1 Evacuation Pause) (young) (initial-mark)
Desired survivor size 176160768 bytes, new threshold 1 (max 15)
- age   1:  203982080 bytes,  203982080 total
- age   2:     197192 bytes,  204179272 total
- age   3:    8539552 bytes,  212718824 total
- age   4:    2469128 bytes,  215187952 total
, 0.1070100 secs]
   [Parallel Time: 100.8 ms, GC Workers: 18]
      [GC Worker Start (ms): Min: 2026686.8, Avg: 2026686.9, Max: 2026687.0, Diff: 0.1]
      [Ext Root Scanning (ms): Min: 3.8, Avg: 4.4, Max: 4.7, Diff: 0.9, Sum: 78.3]
      [Code Root Marking (ms): Min: 0.2, Avg: 1.1, Max: 6.9, Diff: 6.6, Sum: 20.3]
      [Update RS (ms): Min: 10.3, Avg: 16.1, Max: 16.6, Diff: 6.3, Sum: 289.5]
         [Processed Buffers: Min: 18, Avg: 41.1, Max: 65, Diff: 47, Sum: 740]
      [Scan RS (ms): Min: 0.1, Avg: 0.1, Max: 0.1, Diff: 0.0, Sum: 2.4]
      [Code Root Scanning (ms): Min: 0.0, Avg: 0.0, Max: 0.0, Diff: 0.0, Sum: 0.1]
      [Object Copy (ms): Min: 78.4, Avg: 78.8, Max: 78.9, Diff: 0.5, Sum: 1417.8]
      [Termination (ms): Min: 0.0, Avg: 0.0, Max: 0.0, Diff: 0.0, Sum: 0.5]
      [GC Worker Other (ms): Min: 0.0, Avg: 0.1, Max: 0.1, Diff: 0.1, Sum: 1.5]
      [GC Worker Total (ms): Min: 100.5, Avg: 100.6, Max: 100.7, Diff: 0.2, Sum: 1810.5]
      [GC Worker End (ms): Min: 2026787.4, Avg: 2026787.5, Max: 2026787.5, Diff: 0.1]
   [Code Root Fixup: 0.3 ms]
   [Code Root Migration: 0.0 ms]
   [Clear CT: 0.8 ms]
   [Other: 5.1 ms]
      [Choose CSet: 0.0 ms]
      [Ref Proc: 1.6 ms]
      [Ref Enq: 0.1 ms]
      [Free CSet: 0.5 ms]
   [Eden: 2416.0M(2416.0M)->0.0B(2736.0M) Survivors: 224.0M->144.0M Heap: 7300.7M(10.0G)->5013.8M(10.0G)]
 [Times: user=1.82 sys=0.01, real=0.10 secs] 
2026.793: [GC concurrent-root-region-scan-start]
2026.794: Total time for which application threads were stopped: 0.1088870 seconds
2026.794: [GC concurrent-root-region-scan-end, 0.0009400 secs]
2026.794: [GC concurrent-mark-start]
2027.803: Total time for which application threads were stopped: 0.0012560 seconds
2028.214: [GC concurrent-mark-end, 1.4198820 secs]
2028.215: [GC remark 2028.216: [GC ref-proc, 0.0033240 secs], 0.0115880 secs]
 [Times: user=0.16 sys=0.01, real=0.01 secs] 
2028.227: Total time for which application threads were stopped: 0.0128630 seconds
2028.228: [GC cleanup 6387M->6387M(10G), 0.0092560 secs]
 [Times: user=0.15 sys=0.00, real=0.01 secs] 
2028.237: Total time for which application threads were stopped: 0.0102250 seconds
2029.875: [GC pause (G1 Evacuation Pause) (young)
Desired survivor size 192937984 bytes, new threshold 15 (max 15)
- age   1:    8739824 bytes,    8739824 total
, 0.0249800 secs]
   [Parallel Time: 20.3 ms, GC Workers: 18]
      [GC Worker Start (ms): Min: 2029876.1, Avg: 2029876.2, Max: 2029876.2, Diff: 0.2]
      [Ext Root Scanning (ms): Min: 4.2, Avg: 4.8, Max: 5.1, Diff: 0.9, Sum: 86.8]
      [Update RS (ms): Min: 11.6, Avg: 12.0, Max: 13.6, Diff: 2.0, Sum: 215.4]
         [Processed Buffers: Min: 16, Avg: 53.8, Max: 89, Diff: 73, Sum: 968]
      [Scan RS (ms): Min: 0.0, Avg: 0.4, Max: 0.5, Diff: 0.5, Sum: 7.9]
      [Code Root Scanning (ms): Min: 0.0, Avg: 0.0, Max: 0.0, Diff: 0.0, Sum: 0.1]
      [Object Copy (ms): Min: 1.5, Avg: 2.7, Max: 2.9, Diff: 1.5, Sum: 48.2]
      [Termination (ms): Min: 0.0, Avg: 0.1, Max: 0.2, Diff: 0.2, Sum: 2.2]
      [GC Worker Other (ms): Min: 0.0, Avg: 0.0, Max: 0.1, Diff: 0.0, Sum: 0.7]
      [GC Worker Total (ms): Min: 20.0, Avg: 20.1, Max: 20.2, Diff: 0.2, Sum: 361.2]
      [GC Worker End (ms): Min: 2029896.2, Avg: 2029896.2, Max: 2029896.3, Diff: 0.0]
   [Code Root Fixup: 0.3 ms]
   [Code Root Migration: 0.0 ms]
   [Clear CT: 1.3 ms]
   [Other: 3.1 ms]
      [Choose CSet: 0.0 ms]
      [Ref Proc: 1.5 ms]
      [Ref Enq: 0.1 ms]
      [Free CSet: 0.5 ms]
   [Eden: 2736.0M(2736.0M)->0.0B(464.0M) Survivors: 144.0M->48.0M Heap: 7749.8M(10.0G)->4916.6M(10.0G)]
 [Times: user=0.38 sys=0.01, real=0.02 secs] 
2029.901: Total time for which application threads were stopped: 0.0267350 seconds
2030.249: [GC pause (G1 Evacuation Pause) (mixed)
Desired survivor size 33554432 bytes, new threshold 15 (max 15)
- age   1:   10499248 bytes,   10499248 total
- age   2:    5136752 bytes,   15636000 total
, 0.0248580 secs]
   [Parallel Time: 19.6 ms, GC Workers: 18]
      [GC Worker Start (ms): Min: 2030249.2, Avg: 2030249.3, Max: 2030249.3, Diff: 0.1]
      [Ext Root Scanning (ms): Min: 4.4, Avg: 4.9, Max: 5.2, Diff: 0.8, Sum: 87.3]
      [Update RS (ms): Min: 1.1, Avg: 1.5, Max: 2.1, Diff: 1.0, Sum: 27.6]
         [Processed Buffers: Min: 2, Avg: 30.1, Max: 48, Diff: 46, Sum: 542]
      [Scan RS (ms): Min: 4.9, Avg: 4.9, Max: 5.0, Diff: 0.1, Sum: 88.8]
      [Code Root Scanning (ms): Min: 0.0, Avg: 0.0, Max: 0.0, Diff: 0.0, Sum: 0.0]
      [Object Copy (ms): Min: 6.6, Avg: 7.2, Max: 8.1, Diff: 1.4, Sum: 130.0]
      [Termination (ms): Min: 0.0, Avg: 0.8, Max: 1.4, Diff: 1.4, Sum: 15.1]
      [GC Worker Other (ms): Min: 0.0, Avg: 0.0, Max: 0.0, Diff: 0.0, Sum: 0.4]
      [GC Worker Total (ms): Min: 19.3, Avg: 19.4, Max: 19.5, Diff: 0.1, Sum: 349.2]
      [GC Worker End (ms): Min: 2030268.6, Avg: 2030268.7, Max: 2030268.7, Diff: 0.0]
   [Code Root Fixup: 0.3 ms]
   [Code Root Migration: 0.0 ms]
   [Clear CT: 1.2 ms]
   [Other: 3.8 ms]
      [Choose CSet: 0.0 ms]
      [Ref Proc: 1.7 ms]
      [Ref Enq: 0.1 ms]
      [Free CSet: 0.7 ms]
   [Eden: 464.0M(464.0M)->0.0B(4176.0M) Survivors: 48.0M->32.0M Heap: 5380.6M(10.0G)->4881.9M(10.0G)]
 [Times: user=0.37 sys=0.00, real=0.02 secs] 
2030.274: Total time for which application threads were stopped: 0.0264420 seconds
2034.423: Total time for which application threads were stopped: 0.0013760 seconds
2034.423: Total time for which application threads were stopped: 0.0003940 seconds
2034.424: Total time for which application threads were stopped: 0.0002930 seconds
2034.424: Total time for which application threads were stopped: 0.0002970 seconds
2034.424: Total time for which application threads were stopped: 0.0003520 seconds
2034.426: Total time for which application threads were stopped: 0.0004380 seconds
2034.426: Total time for which application threads were stopped: 0.0004160 seconds
2034.434: Total time for which application threads were stopped: 0.0008200 seconds
2034.444: Total time for which application threads were stopped: 0.0008160 seconds
2034.892: [GC pause (G1 Evacuation Pause) (young)
Desired survivor size 276824064 bytes, new threshold 15 (max 15)
- age   1:    1404392 bytes,    1404392 total
- age   2:    9709088 bytes,   11113480 total
- age   3:    5123952 bytes,   16237432 total
, 0.0291580 secs]
   [Parallel Time: 24.4 ms, GC Workers: 18]
      [GC Worker Start (ms): Min: 2034892.1, Avg: 2034892.2, Max: 2034892.3, Diff: 0.1]
      [Ext Root Scanning (ms): Min: 4.5, Avg: 4.9, Max: 7.1, Diff: 2.7, Sum: 88.9]
      [Update RS (ms): Min: 9.7, Avg: 12.8, Max: 14.4, Diff: 4.7, Sum: 230.2]
         [Processed Buffers: Min: 23, Avg: 45.9, Max: 77, Diff: 54, Sum: 826]
      [Scan RS (ms): Min: 0.0, Avg: 0.1, Max: 0.2, Diff: 0.2, Sum: 1.9]
      [Code Root Scanning (ms): Min: 0.0, Avg: 0.0, Max: 0.0, Diff: 0.0, Sum: 0.0]
      [Object Copy (ms): Min: 5.2, Avg: 6.3, Max: 7.6, Diff: 2.4, Sum: 112.5]
      [Termination (ms): Min: 0.0, Avg: 0.0, Max: 0.0, Diff: 0.0, Sum: 0.1]
      [GC Worker Other (ms): Min: 0.0, Avg: 0.2, Max: 2.0, Diff: 2.0, Sum: 2.7]
      [GC Worker Total (ms): Min: 24.1, Avg: 24.2, Max: 24.3, Diff: 0.2, Sum: 436.4]
      [GC Worker End (ms): Min: 2034916.4, Avg: 2034916.5, Max: 2034916.5, Diff: 0.1]
   [Code Root Fixup: 0.3 ms]
   [Code Root Migration: 0.0 ms]
   [Clear CT: 1.2 ms]
   [Other: 3.3 ms]
      [Choose CSet: 0.0 ms]
      [Ref Proc: 1.6 ms]
      [Ref Enq: 0.1 ms]
      [Free CSet: 0.6 ms]
   [Eden: 4176.0M(4176.0M)->0.0B(4192.0M) Survivors: 32.0M->32.0M Heap: 9057.9M(10.0G)->4890.9M(10.0G)]
 [Times: user=0.39 sys=0.01, real=0.03 secs] 
2034.921: Total time for which application threads were stopped: 0.0307920 seconds
2035.924: Total time for which application threads were stopped: 0.0022540 seconds
2039.094: [GC pause (G1 Evacuation Pause) (young) (initial-mark)
Desired survivor size 276824064 bytes, new threshold 15 (max 15)
- age   1:   18633712 bytes,   18633712 total
- age   2:     272352 bytes,   18906064 total
- age   3:    5486232 bytes,   24392296 total
- age   4:    2320512 bytes,   26712808 total
, 0.0384410 secs]
   [Parallel Time: 33.0 ms, GC Workers: 18]
      [GC Worker Start (ms): Min: 2039095.0, Avg: 2039095.1, Max: 2039095.1, Diff: 0.1]
      [Ext Root Scanning (ms): Min: 3.5, Avg: 4.4, Max: 4.8, Diff: 1.3, Sum: 79.1]
      [Code Root Marking (ms): Min: 0.4, Avg: 1.1, Max: 6.9, Diff: 6.6, Sum: 20.4]
      [Update RS (ms): Min: 1.8, Avg: 7.0, Max: 8.7, Diff: 6.8, Sum: 125.8]
         [Processed Buffers: Min: 4, Avg: 38.4, Max: 68, Diff: 64, Sum: 691]
      [Scan RS (ms): Min: 0.0, Avg: 0.2, Max: 0.2, Diff: 0.2, Sum: 3.5]
      [Code Root Scanning (ms): Min: 0.0, Avg: 0.0, Max: 0.0, Diff: 0.0, Sum: 0.1]
      [Object Copy (ms): Min: 18.9, Avg: 20.1, Max: 20.3, Diff: 1.5, Sum: 361.6]
      [Termination (ms): Min: 0.0, Avg: 0.0, Max: 0.0, Diff: 0.0, Sum: 0.1]
      [GC Worker Other (ms): Min: 0.0, Avg: 0.1, Max: 0.1, Diff: 0.1, Sum: 1.1]
      [GC Worker Total (ms): Min: 32.8, Avg: 32.9, Max: 32.9, Diff: 0.1, Sum: 591.6]
      [GC Worker End (ms): Min: 2039127.9, Avg: 2039127.9, Max: 2039128.0, Diff: 0.1]
   [Code Root Fixup: 0.3 ms]
   [Code Root Migration: 0.0 ms]
   [Clear CT: 1.3 ms]
   [Other: 3.8 ms]
      [Choose CSet: 0.0 ms]
      [Ref Proc: 1.7 ms]
      [Ref Enq: 0.1 ms]
      [Free CSet: 0.6 ms]
   [Eden: 4192.0M(4192.0M)->0.0B(4128.0M) Survivors: 32.0M->96.0M Heap: 9082.9M(10.0G)->4940.4M(10.0G)]
 [Times: user=0.60 sys=0.01, real=0.04 secs] 
2039.133: [GC concurrent-root-region-scan-start]
2039.133: Total time for which application threads were stopped: 0.0403180 seconds
2039.161: [GC concurrent-root-region-scan-end, 0.0282440 secs]
2039.161: [GC concurrent-mark-start]
2040.579: [GC concurrent-mark-end, 1.4177750 secs]
2040.581: [GC remark 2040.581: [GC ref-proc, 0.0026000 secs], 0.0106870 secs]
 [Times: user=0.15 sys=0.01, real=0.01 secs] 
2040.591: Total time for which application threads were stopped: 0.0122520 seconds
2040.592: [GC cleanup 6438M->6438M(10G), 0.0101150 secs]
 [Times: user=0.17 sys=0.00, real=0.01 secs] 
2040.603: Total time for which application threads were stopped: 0.0112250 seconds
2043.448: [GC pause (G1 Evacuation Pause) (young)
Desired survivor size 276824064 bytes, new threshold 15 (max 15)
- age   1:   53765040 bytes,   53765040 total
- age   2:    8058216 bytes,   61823256 total
- age   3:     246184 bytes,   62069440 total
- age   4:    2968512 bytes,   65037952 total
- age   5:    2270640 bytes,   67308592 total
, 0.0363520 secs]
   [Parallel Time: 31.0 ms, GC Workers: 18]
      [GC Worker Start (ms): Min: 2043448.7, Avg: 2043448.8, Max: 2043448.9, Diff: 0.1]
      [Ext Root Scanning (ms): Min: 4.5, Avg: 5.1, Max: 5.5, Diff: 1.1, Sum: 91.7]
      [Update RS (ms): Min: 6.5, Avg: 7.3, Max: 12.1, Diff: 5.6, Sum: 131.8]
         [Processed Buffers: Min: 4, Avg: 36.1, Max: 77, Diff: 73, Sum: 650]
      [Scan RS (ms): Min: 0.0, Avg: 0.2, Max: 0.2, Diff: 0.2, Sum: 3.3]
      [Code Root Scanning (ms): Min: 0.0, Avg: 0.0, Max: 0.0, Diff: 0.0, Sum: 0.1]
      [Object Copy (ms): Min: 13.3, Avg: 18.1, Max: 18.6, Diff: 5.4, Sum: 325.7]
      [Termination (ms): Min: 0.0, Avg: 0.1, Max: 0.1, Diff: 0.1, Sum: 1.6]
      [GC Worker Other (ms): Min: 0.0, Avg: 0.1, Max: 0.1, Diff: 0.1, Sum: 1.1]
      [GC Worker Total (ms): Min: 30.8, Avg: 30.8, Max: 30.9, Diff: 0.2, Sum: 555.3]
      [GC Worker End (ms): Min: 2043479.6, Avg: 2043479.6, Max: 2043479.7, Diff: 0.1]
   [Code Root Fixup: 0.3 ms]
   [Code Root Migration: 0.0 ms]
   [Clear CT: 1.5 ms]
   [Other: 3.5 ms]
      [Choose CSet: 0.0 ms]
      [Ref Proc: 1.7 ms]
      [Ref Enq: 0.1 ms]
      [Free CSet: 0.6 ms]
   [Eden: 4128.0M(4128.0M)->0.0B(400.0M) Survivors: 96.0M->112.0M Heap: 9068.4M(10.0G)->4965.6M(10.0G)]
 [Times: user=0.58 sys=0.01, real=0.03 secs] 
2043.485: Total time for which application threads were stopped: 0.0383120 seconds
2043.754: Total time for which application threads were stopped: 0.0011350 seconds
2043.755: [GC pause (GCLocker Initiated GC) (mixed)
Desired survivor size 33554432 bytes, new threshold 2 (max 15)
- age   1:   14331912 bytes,   14331912 total
- age   2:   47621640 bytes,   61953552 total
- age   3:    5100872 bytes,   67054424 total
- age   4:     100184 bytes,   67154608 total
- age   5:    2186392 bytes,   69341000 total
- age   6:     929560 bytes,   70270560 total
, 0.0472560 secs]
   [Parallel Time: 42.2 ms, GC Workers: 18]
      [GC Worker Start (ms): Min: 2043755.4, Avg: 2043755.5, Max: 2043755.5, Diff: 0.1]
      [Ext Root Scanning (ms): Min: 4.3, Avg: 4.9, Max: 5.2, Diff: 0.9, Sum: 88.8]
      [Update RS (ms): Min: 6.2, Avg: 6.5, Max: 7.1, Diff: 0.9, Sum: 117.7]
         [Processed Buffers: Min: 1, Avg: 34.0, Max: 55, Diff: 54, Sum: 612]
      [Scan RS (ms): Min: 2.2, Avg: 3.0, Max: 3.3, Diff: 1.1, Sum: 53.4]
      [Code Root Scanning (ms): Min: 0.0, Avg: 0.0, Max: 0.0, Diff: 0.0, Sum: 0.0]
      [Object Copy (ms): Min: 27.1, Avg: 27.4, Max: 27.7, Diff: 0.6, Sum: 493.7]
      [Termination (ms): Min: 0.0, Avg: 0.1, Max: 0.2, Diff: 0.2, Sum: 2.6]
      [GC Worker Other (ms): Min: 0.0, Avg: 0.0, Max: 0.0, Diff: 0.0, Sum: 0.6]
      [GC Worker Total (ms): Min: 42.0, Avg: 42.0, Max: 42.1, Diff: 0.1, Sum: 756.7]
      [GC Worker End (ms): Min: 2043797.5, Avg: 2043797.5, Max: 2043797.5, Diff: 0.0]
   [Code Root Fixup: 0.3 ms]
   [Code Root Migration: 0.0 ms]
   [Clear CT: 1.1 ms]
   [Other: 3.7 ms]
      [Choose CSet: 0.0 ms]
      [Ref Proc: 1.6 ms]
      [Ref Enq: 0.1 ms]
      [Free CSet: 0.2 ms]
   [Eden: 416.0M(400.0M)->0.0B(4128.0M) Survivors: 112.0M->64.0M Heap: 5365.9M(10.0G)->4970.8M(10.0G)]
 [Times: user=0.77 sys=0.01, real=0.05 secs] 
2043.803: Total time for which application threads were stopped: 0.0482040 seconds
2044.875: Total time for which application threads were stopped: 0.0087200 seconds
2044.923: Total time for which application threads were stopped: 0.0011750 seconds
2047.995: [GC pause (G1 Evacuation Pause) (young)
Desired survivor size 276824064 bytes, new threshold 15 (max 15)
- age   1:    1399696 bytes,    1399696 total
- age   2:   13538160 bytes,   14937856 total
, 0.0308950 secs]
   [Parallel Time: 26.0 ms, GC Workers: 18]
      [GC Worker Start (ms): Min: 2047995.7, Avg: 2047995.8, Max: 2047995.8, Diff: 0.1]
      [Ext Root Scanning (ms): Min: 4.2, Avg: 4.8, Max: 5.4, Diff: 1.1, Sum: 86.1]
      [Update RS (ms): Min: 15.2, Avg: 15.9, Max: 16.3, Diff: 1.1, Sum: 285.5]
         [Processed Buffers: Min: 41, Avg: 56.8, Max: 89, Diff: 48, Sum: 1022]
      [Scan RS (ms): Min: 0.1, Avg: 0.3, Max: 0.3, Diff: 0.2, Sum: 4.6]
      [Code Root Scanning (ms): Min: 0.0, Avg: 0.0, Max: 0.0, Diff: 0.0, Sum: 0.1]
      [Object Copy (ms): Min: 4.8, Avg: 4.9, Max: 5.2, Diff: 0.4, Sum: 88.8]
      [Termination (ms): Min: 0.0, Avg: 0.0, Max: 0.0, Diff: 0.0, Sum: 0.0]
      [GC Worker Other (ms): Min: 0.0, Avg: 0.0, Max: 0.1, Diff: 0.1, Sum: 0.8]
      [GC Worker Total (ms): Min: 25.8, Avg: 25.9, Max: 26.0, Diff: 0.2, Sum: 466.0]
      [GC Worker End (ms): Min: 2048021.6, Avg: 2048021.7, Max: 2048021.7, Diff: 0.1]
   [Code Root Fixup: 0.3 ms]
   [Code Root Migration: 0.0 ms]
   [Clear CT: 1.3 ms]
   [Other: 3.2 ms]
      [Choose CSet: 0.0 ms]
      [Ref Proc: 1.5 ms]
      [Ref Enq: 0.1 ms]
      [Free CSet: 0.6 ms]
   [Eden: 4128.0M(4128.0M)->0.0B(4176.0M) Survivors: 64.0M->32.0M Heap: 9098.8M(10.0G)->4940.1M(10.0G)]
 [Times: user=0.48 sys=0.00, real=0.03 secs] 
2048.026: Total time for which application threads were stopped: 0.0328380 seconds
2052.184: Total time for which application threads were stopped: 0.0013460 seconds
2052.184: [GC pause (GCLocker Initiated GC) (young) (initial-mark)
Desired survivor size 276824064 bytes, new threshold 15 (max 15)
- age   1:   11503016 bytes,   11503016 total
- age   2:     143088 bytes,   11646104 total
- age   3:    7092288 bytes,   18738392 total
, 0.0262370 secs]
   [Parallel Time: 21.3 ms, GC Workers: 18]
      [GC Worker Start (ms): Min: 2052185.0, Avg: 2052185.1, Max: 2052185.2, Diff: 0.1]
      [Ext Root Scanning (ms): Min: 3.5, Avg: 4.5, Max: 4.9, Diff: 1.4, Sum: 81.2]
      [Code Root Marking (ms): Min: 0.3, Avg: 0.9, Max: 5.3, Diff: 4.9, Sum: 17.0]
      [Update RS (ms): Min: 0.0, Avg: 3.4, Max: 7.1, Diff: 7.1, Sum: 61.8]
         [Processed Buffers: Min: 0, Avg: 33.1, Max: 74, Diff: 74, Sum: 596]
      [Scan RS (ms): Min: 0.0, Avg: 0.2, Max: 0.2, Diff: 0.2, Sum: 3.6]
      [Code Root Scanning (ms): Min: 0.0, Avg: 0.0, Max: 0.0, Diff: 0.0, Sum: 0.1]
      [Object Copy (ms): Min: 8.6, Avg: 11.9, Max: 12.2, Diff: 3.6, Sum: 215.1]
      [Termination (ms): Min: 0.0, Avg: 0.0, Max: 0.0, Diff: 0.0, Sum: 0.0]
      [GC Worker Other (ms): Min: 0.0, Avg: 0.1, Max: 0.2, Diff: 0.1, Sum: 1.6]
      [GC Worker Total (ms): Min: 21.0, Avg: 21.1, Max: 21.2, Diff: 0.2, Sum: 380.4]
      [GC Worker End (ms): Min: 2052206.2, Avg: 2052206.2, Max: 2052206.3, Diff: 0.1]
   [Code Root Fixup: 0.3 ms]
   [Code Root Migration: 0.0 ms]
   [Clear CT: 1.1 ms]
   [Other: 3.5 ms]
      [Choose CSet: 0.0 ms]
      [Ref Proc: 1.5 ms]
      [Ref Enq: 0.1 ms]
      [Free CSet: 0.6 ms]
   [Eden: 4192.0M(4176.0M)->0.0B(4144.0M) Survivors: 32.0M->64.0M Heap: 9116.3M(10.0G)->4958.1M(10.0G)]
 [Times: user=0.41 sys=0.00, real=0.03 secs] 
2052.211: [GC concurrent-root-region-scan-start]
2052.211: Total time for which application threads were stopped: 0.0272620 seconds
2052.224: [GC concurrent-root-region-scan-end, 0.0127320 secs]
2052.224: [GC concurrent-mark-start]
2053.587: [GC concurrent-mark-end, 1.3637070 secs]
2053.589: [GC remark 2053.589: [GC ref-proc, 0.0028440 secs], 0.0110530 secs]
 [Times: user=0.15 sys=0.00, real=0.02 secs] 
2053.600: Total time for which application threads were stopped: 0.0125840 seconds
2053.601: [GC cleanup 6281M->6281M(10G), 0.0096370 secs]
 [Times: user=0.15 sys=0.01, real=0.01 secs] 
2053.611: Total time for which application threads were stopped: 0.0105680 seconds
2054.266: Total time for which application threads were stopped: 0.0012900 seconds
2056.748: [GC pause (G1 Evacuation Pause) (young)
Desired survivor size 276824064 bytes, new threshold 15 (max 15)
- age   1:   28653808 bytes,   28653808 total
- age   2:    6290824 bytes,   34944632 total
- age   3:     105624 bytes,   35050256 total
- age   4:    6863080 bytes,   41913336 total
, 0.0300700 secs]
   [Parallel Time: 24.7 ms, GC Workers: 18]
      [GC Worker Start (ms): Min: 2056748.3, Avg: 2056748.4, Max: 2056748.5, Diff: 0.1]
      [Ext Root Scanning (ms): Min: 4.5, Avg: 4.9, Max: 5.3, Diff: 0.8, Sum: 87.9]
      [Update RS (ms): Min: 3.3, Avg: 3.6, Max: 4.8, Diff: 1.5, Sum: 64.9]
         [Processed Buffers: Min: 2, Avg: 33.4, Max: 65, Diff: 63, Sum: 601]
      [Scan RS (ms): Min: 0.0, Avg: 0.2, Max: 0.2, Diff: 0.2, Sum: 3.3]
      [Code Root Scanning (ms): Min: 0.0, Avg: 0.0, Max: 0.0, Diff: 0.0, Sum: 0.1]
      [Object Copy (ms): Min: 14.4, Avg: 15.9, Max: 16.1, Diff: 1.7, Sum: 285.4]
      [Termination (ms): Min: 0.0, Avg: 0.0, Max: 0.0, Diff: 0.0, Sum: 0.1]
      [GC Worker Other (ms): Min: 0.0, Avg: 0.1, Max: 0.2, Diff: 0.1, Sum: 1.2]
      [GC Worker Total (ms): Min: 24.5, Avg: 24.6, Max: 24.7, Diff: 0.2, Sum: 442.8]
      [GC Worker End (ms): Min: 2056773.0, Avg: 2056773.0, Max: 2056773.0, Diff: 0.1]
   [Code Root Fixup: 0.3 ms]
   [Code Root Migration: 0.1 ms]
   [Clear CT: 1.3 ms]
   [Other: 3.7 ms]
      [Choose CSet: 0.0 ms]
      [Ref Proc: 1.7 ms]
      [Ref Enq: 0.1 ms]
      [Free CSet: 0.8 ms]
   [Eden: 4144.0M(4144.0M)->0.0B(432.0M) Survivors: 64.0M->80.0M Heap: 9102.1M(10.0G)->4977.2M(10.0G)]
 [Times: user=0.46 sys=0.01, real=0.03 secs] 
2056.778: Total time for which application threads were stopped: 0.0317480 seconds
2057.052: [GC pause (G1 Evacuation Pause) (mixed)
Desired survivor size 33554432 bytes, new threshold 2 (max 15)
- age   1:   22035840 bytes,   22035840 total
- age   2:   20310888 bytes,   42346728 total
- age   3:    2637120 bytes,   44983848 total
- age   4:      70336 bytes,   45054184 total
- age   5:    5943992 bytes,   50998176 total
, 0.0484350 secs]
   [Parallel Time: 42.6 ms, GC Workers: 18]
      [GC Worker Start (ms): Min: 2057052.5, Avg: 2057052.6, Max: 2057052.6, Diff: 0.2]
      [Ext Root Scanning (ms): Min: 5.0, Avg: 5.8, Max: 6.2, Diff: 1.2, Sum: 103.9]
      [Update RS (ms): Min: 2.4, Avg: 3.1, Max: 6.0, Diff: 3.6, Sum: 55.1]
         [Processed Buffers: Min: 1, Avg: 31.1, Max: 62, Diff: 61, Sum: 560]
      [Scan RS (ms): Min: 2.7, Avg: 5.6, Max: 5.9, Diff: 3.3, Sum: 101.1]
      [Code Root Scanning (ms): Min: 0.0, Avg: 0.0, Max: 0.2, Diff: 0.2, Sum: 0.2]
      [Object Copy (ms): Min: 27.8, Avg: 27.9, Max: 28.3, Diff: 0.5, Sum: 502.6]
      [Termination (ms): Min: 0.0, Avg: 0.0, Max: 0.0, Diff: 0.0, Sum: 0.1]
      [GC Worker Other (ms): Min: 0.0, Avg: 0.0, Max: 0.0, Diff: 0.0, Sum: 0.6]
      [GC Worker Total (ms): Min: 42.3, Avg: 42.4, Max: 42.5, Diff: 0.2, Sum: 763.5]
      [GC Worker End (ms): Min: 2057095.0, Avg: 2057095.0, Max: 2057095.0, Diff: 0.0]
   [Code Root Fixup: 0.4 ms]
   [Code Root Migration: 0.2 ms]
   [Clear CT: 1.5 ms]
   [Other: 3.7 ms]
      [Choose CSet: 0.0 ms]
      [Ref Proc: 1.5 ms]
      [Ref Enq: 0.1 ms]
      [Free CSet: 0.3 ms]
   [Eden: 432.0M(432.0M)->0.0B(4208.0M) Survivors: 80.0M->48.0M Heap: 5409.2M(10.0G)->4906.8M(10.0G)]
 [Times: user=0.77 sys=0.01, real=0.05 secs] 
2057.101: Total time for which application threads were stopped: 0.0498420 seconds
2061.697: [GC pause (G1 Evacuation Pause) (young)
Desired survivor size 285212672 bytes, new threshold 15 (max 15)
- age   1:     602056 bytes,     602056 total
- age   2:   19928856 bytes,   20530912 total
, 0.0467550 secs]
   [Parallel Time: 41.9 ms, GC Workers: 18]
      [GC Worker Start (ms): Min: 2061697.4, Avg: 2061697.5, Max: 2061697.6, Diff: 0.1]
      [Ext Root Scanning (ms): Min: 4.0, Avg: 4.8, Max: 5.3, Diff: 1.3, Sum: 85.8]
      [Update RS (ms): Min: 24.5, Avg: 25.4, Max: 31.2, Diff: 6.7, Sum: 456.4]
         [Processed Buffers: Min: 13, Avg: 71.2, Max: 100, Diff: 87, Sum: 1282]
      [Scan RS (ms): Min: 0.0, Avg: 0.2, Max: 0.2, Diff: 0.2, Sum: 3.3]
      [Code Root Scanning (ms): Min: 0.0, Avg: 0.0, Max: 0.0, Diff: 0.0, Sum: 0.1]
      [Object Copy (ms): Min: 6.0, Avg: 11.3, Max: 11.9, Diff: 5.9, Sum: 204.3]
      [Termination (ms): Min: 0.0, Avg: 0.0, Max: 0.0, Diff: 0.0, Sum: 0.1]
      [GC Worker Other (ms): Min: 0.0, Avg: 0.0, Max: 0.1, Diff: 0.1, Sum: 0.8]
      [GC Worker Total (ms): Min: 41.7, Avg: 41.7, Max: 41.8, Diff: 0.1, Sum: 750.8]
      [GC Worker End (ms): Min: 2061739.2, Avg: 2061739.2, Max: 2061739.3, Diff: 0.1]
   [Code Root Fixup: 0.3 ms]
   [Code Root Migration: 0.0 ms]
   [Clear CT: 1.2 ms]
   [Other: 3.3 ms]
      [Choose CSet: 0.0 ms]
      [Ref Proc: 1.5 ms]
      [Ref Enq: 0.1 ms]
      [Free CSet: 0.8 ms]
   [Eden: 4208.0M(4208.0M)->0.0B(4224.0M) Survivors: 48.0M->48.0M Heap: 9114.8M(10.0G)->4897.1M(10.0G)]
 [Times: user=0.76 sys=0.01, real=0.05 secs] 
2061.744: Total time for which application threads were stopped: 0.0484150 seconds
2064.606: Total time for which application threads were stopped: 0.0057920 seconds
2064.622: Total time for which application threads were stopped: 0.0010830 seconds
2065.624: Total time for which application threads were stopped: 0.0013240 seconds
2066.130: [GC pause (G1 Evacuation Pause) (young) (initial-mark)
Desired survivor size 285212672 bytes, new threshold 15 (max 15)
- age   1:   13443336 bytes,   13443336 total
- age   2:     118816 bytes,   13562152 total
- age   3:   13795416 bytes,   27357568 total
, 0.0261250 secs]
   [Parallel Time: 20.8 ms, GC Workers: 18]
      [GC Worker Start (ms): Min: 2066130.8, Avg: 2066130.9, Max: 2066130.9, Diff: 0.2]
      [Ext Root Scanning (ms): Min: 4.1, Avg: 4.3, Max: 4.6, Diff: 0.5, Sum: 78.2]
      [Code Root Marking (ms): Min: 0.4, Avg: 1.3, Max: 9.7, Diff: 9.2, Sum: 24.0]
      [Update RS (ms): Min: 0.0, Avg: 2.3, Max: 2.5, Diff: 2.5, Sum: 40.7]
         [Processed Buffers: Min: 0, Avg: 32.3, Max: 64, Diff: 64, Sum: 582]
      [Scan RS (ms): Min: 0.1, Avg: 0.2, Max: 0.2, Diff: 0.1, Sum: 3.8]
      [Code Root Scanning (ms): Min: 0.0, Avg: 0.0, Max: 0.0, Diff: 0.0, Sum: 0.1]
      [Object Copy (ms): Min: 6.5, Avg: 12.4, Max: 12.9, Diff: 6.4, Sum: 223.3]
      [Termination (ms): Min: 0.0, Avg: 0.0, Max: 0.0, Diff: 0.0, Sum: 0.1]
      [GC Worker Other (ms): Min: 0.0, Avg: 0.1, Max: 0.1, Diff: 0.1, Sum: 1.0]
      [GC Worker Total (ms): Min: 20.5, Avg: 20.6, Max: 20.7, Diff: 0.2, Sum: 371.1]
      [GC Worker End (ms): Min: 2066151.5, Avg: 2066151.5, Max: 2066151.5, Diff: 0.1]
   [Code Root Fixup: 0.3 ms]
   [Code Root Migration: 0.1 ms]
   [Clear CT: 1.2 ms]
   [Other: 3.8 ms]
      [Choose CSet: 0.0 ms]
      [Ref Proc: 1.8 ms]
      [Ref Enq: 0.1 ms]
      [Free CSet: 0.8 ms]
   [Eden: 4224.0M(4224.0M)->0.0B(4224.0M) Survivors: 48.0M->48.0M Heap: 9121.1M(10.0G)->4905.9M(10.0G)]
 [Times: user=0.39 sys=0.01, real=0.03 secs] 
2066.157: [GC concurrent-root-region-scan-start]
2066.157: Total time for which application threads were stopped: 0.0278140 seconds
2066.169: [GC concurrent-root-region-scan-end, 0.0119960 secs]
2066.169: [GC concurrent-mark-start]
2067.560: [GC concurrent-mark-end, 1.3910790 secs]
2067.561: [GC remark 2067.562: [GC ref-proc, 0.0040290 secs], 0.0128080 secs]
 [Times: user=0.17 sys=0.00, real=0.02 secs] 
2067.574: Total time for which application threads were stopped: 0.0143120 seconds
2067.575: [GC cleanup 6457M->6457M(10G), 0.0098920 secs]
 [Times: user=0.15 sys=0.00, real=0.01 secs] 
2067.585: Total time for which application threads were stopped: 0.0108060 seconds
2070.150: [GC pause (G1 Evacuation Pause) (young)
Desired survivor size 285212672 bytes, new threshold 15 (max 15)
- age   1:   13033048 bytes,   13033048 total
- age   2:    6727592 bytes,   19760640 total
- age   3:      77088 bytes,   19837728 total
- age   4:   11306264 bytes,   31143992 total
, 0.0602040 secs]
   [Parallel Time: 55.1 ms, GC Workers: 18]
      [GC Worker Start (ms): Min: 2070150.7, Avg: 2070150.8, Max: 2070150.9, Diff: 0.1]
      [Ext Root Scanning (ms): Min: 4.5, Avg: 5.2, Max: 7.6, Diff: 3.1, Sum: 93.4]
      [Update RS (ms): Min: 2.0, Avg: 4.2, Max: 5.5, Diff: 3.5, Sum: 76.3]
         [Processed Buffers: Min: 13, Avg: 39.3, Max: 61, Diff: 48, Sum: 707]
      [Scan RS (ms): Min: 0.0, Avg: 0.2, Max: 0.2, Diff: 0.2, Sum: 3.6]
      [Code Root Scanning (ms): Min: 0.0, Avg: 0.0, Max: 0.0, Diff: 0.0, Sum: 0.1]
      [Object Copy (ms): Min: 44.6, Avg: 45.2, Max: 45.6, Diff: 1.0, Sum: 814.5]
      [Termination (ms): Min: 0.0, Avg: 0.0, Max: 0.0, Diff: 0.0, Sum: 0.1]
      [GC Worker Other (ms): Min: 0.0, Avg: 0.1, Max: 0.1, Diff: 0.1, Sum: 1.0]
      [GC Worker Total (ms): Min: 54.9, Avg: 54.9, Max: 55.0, Diff: 0.2, Sum: 989.0]
      [GC Worker End (ms): Min: 2070205.7, Avg: 2070205.7, Max: 2070205.8, Diff: 0.1]
   [Code Root Fixup: 0.3 ms]
   [Code Root Migration: 0.0 ms]
   [Clear CT: 1.3 ms]
   [Other: 3.5 ms]
      [Choose CSet: 0.0 ms]
      [Ref Proc: 1.5 ms]
      [Ref Enq: 0.1 ms]
      [Free CSet: 0.6 ms]
   [Eden: 4224.0M(4224.0M)->0.0B(384.0M) Survivors: 48.0M->128.0M Heap: 9129.9M(10.0G)->4987.5M(10.0G)]
 [Times: user=0.98 sys=0.01, real=0.06 secs] 
2070.211: Total time for which application threads were stopped: 0.0619960 seconds
2070.392: [GC pause (G1 Evacuation Pause) (mixed)
Desired survivor size 33554432 bytes, new threshold 1 (max 15)
- age   1:   85736720 bytes,   85736720 total
- age   2:    7811800 bytes,   93548520 total
- age   3:    3352816 bytes,   96901336 total
- age   4:      70120 bytes,   96971456 total
- age   5:    9691200 bytes,  106662656 total
, 0.0472200 secs]
   [Parallel Time: 42.3 ms, GC Workers: 18]
      [GC Worker Start (ms): Min: 2070392.9, Avg: 2070393.0, Max: 2070393.0, Diff: 0.1]
      [Ext Root Scanning (ms): Min: 5.3, Avg: 5.6, Max: 6.3, Diff: 0.9, Sum: 101.5]
      [Update RS (ms): Min: 3.0, Avg: 3.6, Max: 4.0, Diff: 1.0, Sum: 65.6]
         [Processed Buffers: Min: 4, Avg: 33.9, Max: 61, Diff: 57, Sum: 611]
      [Scan RS (ms): Min: 1.6, Avg: 1.9, Max: 2.0, Diff: 0.4, Sum: 33.6]
      [Code Root Scanning (ms): Min: 0.0, Avg: 0.0, Max: 0.0, Diff: 0.0, Sum: 0.0]
      [Object Copy (ms): Min: 30.8, Avg: 30.9, Max: 31.1, Diff: 0.4, Sum: 555.4]
      [Termination (ms): Min: 0.0, Avg: 0.0, Max: 0.0, Diff: 0.0, Sum: 0.3]
      [GC Worker Other (ms): Min: 0.0, Avg: 0.0, Max: 0.0, Diff: 0.0, Sum: 0.5]
      [GC Worker Total (ms): Min: 42.0, Avg: 42.0, Max: 42.1, Diff: 0.1, Sum: 756.9]
      [GC Worker End (ms): Min: 2070435.0, Avg: 2070435.0, Max: 2070435.0, Diff: 0.0]
   [Code Root Fixup: 0.3 ms]
   [Code Root Migration: 0.0 ms]
   [Clear CT: 0.7 ms]
   [Other: 3.9 ms]
      [Choose CSet: 0.0 ms]
      [Ref Proc: 1.5 ms]
      [Ref Enq: 0.2 ms]
      [Free CSet: 0.2 ms]
   [Eden: 384.0M(384.0M)->0.0B(4080.0M) Survivors: 128.0M->64.0M Heap: 5371.5M(10.0G)->5027.4M(10.0G)]
 [Times: user=0.75 sys=0.01, real=0.04 secs] 
2070.440: Total time for which application threads were stopped: 0.0489100 seconds
2074.372: Total time for which application threads were stopped: 0.0013250 seconds
2074.373: [GC pause (GCLocker Initiated GC) (young)
Desired survivor size 276824064 bytes, new threshold 15 (max 15)
- age   1:    5413088 bytes,    5413088 total
, 0.0560400 secs]
   [Parallel Time: 50.2 ms, GC Workers: 18]
      [GC Worker Start (ms): Min: 2074373.2, Avg: 2074373.3, Max: 2074373.3, Diff: 0.1]
      [Ext Root Scanning (ms): Min: 4.5, Avg: 4.8, Max: 5.4, Diff: 0.9, Sum: 86.9]
      [Update RS (ms): Min: 21.4, Avg: 22.1, Max: 22.5, Diff: 1.1, Sum: 398.6]
         [Processed Buffers: Min: 48, Avg: 65.1, Max: 98, Diff: 50, Sum: 1171]
      [Scan RS (ms): Min: 0.8, Avg: 1.1, Max: 1.2, Diff: 0.4, Sum: 20.6]
      [Code Root Scanning (ms): Min: 0.0, Avg: 0.0, Max: 0.0, Diff: 0.0, Sum: 0.1]
      [Object Copy (ms): Min: 21.8, Avg: 21.9, Max: 22.1, Diff: 0.3, Sum: 394.0]
      [Termination (ms): Min: 0.0, Avg: 0.0, Max: 0.0, Diff: 0.0, Sum: 0.1]
      [GC Worker Other (ms): Min: 0.0, Avg: 0.1, Max: 0.1, Diff: 0.1, Sum: 1.1]
      [GC Worker Total (ms): Min: 50.0, Avg: 50.1, Max: 50.2, Diff: 0.2, Sum: 901.4]
      [GC Worker End (ms): Min: 2074423.3, Avg: 2074423.4, Max: 2074423.4, Diff: 0.1]
   [Code Root Fixup: 0.3 ms]
   [Code Root Migration: 0.0 ms]
   [Clear CT: 1.6 ms]
   [Other: 3.9 ms]
      [Choose CSet: 0.0 ms]
      [Ref Proc: 1.6 ms]
      [Ref Enq: 0.1 ms]
      [Free CSet: 0.9 ms]
   [Eden: 4096.0M(4080.0M)->0.0B(4048.0M) Survivors: 64.0M->80.0M Heap: 9107.8M(10.0G)->5035.8M(10.0G)]
 [Times: user=0.92 sys=0.01, real=0.05 secs] 
2074.429: Total time for which application threads were stopped: 0.0569960 seconds
2074.608: Total time for which application threads were stopped: 0.0011890 seconds
2078.299: [GC pause (G1 Evacuation Pause) (young) (initial-mark)
Desired survivor size 276824064 bytes, new threshold 15 (max 15)
- age   1:   55644448 bytes,   55644448 total
- age   2:    4100784 bytes,   59745232 total
, 0.0350140 secs]
   [Parallel Time: 29.2 ms, GC Workers: 18]
      [GC Worker Start (ms): Min: 2078299.8, Avg: 2078299.9, Max: 2078300.0, Diff: 0.2]
      [Ext Root Scanning (ms): Min: 3.8, Avg: 4.5, Max: 5.0, Diff: 1.2, Sum: 81.0]
      [Code Root Marking (ms): Min: 0.3, Avg: 1.1, Max: 6.7, Diff: 6.4, Sum: 19.8]
      [Update RS (ms): Min: 0.0, Avg: 4.2, Max: 4.6, Diff: 4.6, Sum: 76.1]
         [Processed Buffers: Min: 0, Avg: 37.8, Max: 60, Diff: 60, Sum: 681]
      [Scan RS (ms): Min: 0.0, Avg: 0.2, Max: 0.3, Diff: 0.3, Sum: 4.2]
      [Code Root Scanning (ms): Min: 0.0, Avg: 0.0, Max: 0.0, Diff: 0.0, Sum: 0.1]
      [Object Copy (ms): Min: 17.6, Avg: 19.0, Max: 19.2, Diff: 1.5, Sum: 341.2]
      [Termination (ms): Min: 0.0, Avg: 0.0, Max: 0.0, Diff: 0.0, Sum: 0.1]
      [GC Worker Other (ms): Min: 0.0, Avg: 0.1, Max: 0.1, Diff: 0.1, Sum: 1.1]
      [GC Worker Total (ms): Min: 29.0, Avg: 29.1, Max: 29.2, Diff: 0.2, Sum: 523.7]
      [GC Worker End (ms): Min: 2078329.0, Avg: 2078329.0, Max: 2078329.0, Diff: 0.1]
   [Code Root Fixup: 0.3 ms]
   [Code Root Migration: 0.0 ms]
   [Clear CT: 1.4 ms]
   [Other: 4.0 ms]
      [Choose CSet: 0.0 ms]
      [Ref Proc: 1.8 ms]
      [Ref Enq: 0.1 ms]
      [Free CSet: 0.6 ms]
   [Eden: 4048.0M(4048.0M)->0.0B(3984.0M) Survivors: 80.0M->112.0M Heap: 9083.8M(10.0G)->5071.4M(10.0G)]
 [Times: user=0.54 sys=0.00, real=0.04 secs] 
2078.334: [GC concurrent-root-region-scan-start]
2078.335: Total time for which application threads were stopped: 0.0369190 seconds
2078.361: [GC concurrent-root-region-scan-end, 0.0262370 secs]
2078.361: [GC concurrent-mark-start]
2079.471: [GC concurrent-mark-end, 1.1101220 secs]
2079.472: [GC remark 2079.473: [GC ref-proc, 0.0025310 secs], 0.0103910 secs]
 [Times: user=0.14 sys=0.00, real=0.01 secs] 
2079.483: Total time for which application threads were stopped: 0.0119400 seconds
2079.484: [GC cleanup 6373M->6357M(10G), 0.0104050 secs]
 [Times: user=0.17 sys=0.01, real=0.01 secs] 
2079.494: Total time for which application threads were stopped: 0.0114750 seconds
2079.494: [GC concurrent-cleanup-start]
2079.494: [GC concurrent-cleanup-end, 0.0000370 secs]
2080.511: Total time for which application threads were stopped: 0.0013840 seconds
2082.177: [GC pause (G1 Evacuation Pause) (young)
Desired survivor size 268435456 bytes, new threshold 15 (max 15)
- age   1:   13043104 bytes,   13043104 total
- age   2:   48785464 bytes,   61828568 total
- age   3:    4064080 bytes,   65892648 total
, 0.0300300 secs]
   [Parallel Time: 24.8 ms, GC Workers: 18]
      [GC Worker Start (ms): Min: 2082177.9, Avg: 2082178.0, Max: 2082178.0, Diff: 0.1]
      [Ext Root Scanning (ms): Min: 4.2, Avg: 4.7, Max: 5.3, Diff: 1.1, Sum: 85.3]
      [Update RS (ms): Min: 3.3, Avg: 3.9, Max: 4.4, Diff: 1.1, Sum: 69.9]
         [Processed Buffers: Min: 17, Avg: 35.5, Max: 67, Diff: 50, Sum: 639]
      [Scan RS (ms): Min: 0.1, Avg: 0.2, Max: 0.2, Diff: 0.2, Sum: 3.9]
      [Code Root Scanning (ms): Min: 0.0, Avg: 0.0, Max: 0.0, Diff: 0.0, Sum: 0.1]
      [Object Copy (ms): Min: 15.5, Avg: 15.6, Max: 15.9, Diff: 0.3, Sum: 281.5]
      [Termination (ms): Min: 0.0, Avg: 0.1, Max: 0.1, Diff: 0.1, Sum: 1.2]
      [GC Worker Other (ms): Min: 0.0, Avg: 0.1, Max: 0.1, Diff: 0.1, Sum: 1.2]
      [GC Worker Total (ms): Min: 24.5, Avg: 24.6, Max: 24.7, Diff: 0.2, Sum: 443.0]
      [GC Worker End (ms): Min: 2082202.5, Avg: 2082202.6, Max: 2082202.6, Diff: 0.1]
   [Code Root Fixup: 0.3 ms]
   [Code Root Migration: 0.0 ms]
   [Clear CT: 1.3 ms]
   [Other: 3.6 ms]
      [Choose CSet: 0.0 ms]
      [Ref Proc: 1.6 ms]
      [Ref Enq: 0.1 ms]
      [Free CSet: 0.6 ms]
   [Eden: 3984.0M(3984.0M)->0.0B(416.0M) Survivors: 112.0M->96.0M Heap: 9039.4M(10.0G)->5045.6M(10.0G)]
 [Times: user=0.46 sys=0.00, real=0.03 secs] 
2082.208: Total time for which application threads were stopped: 0.0318800 seconds
2082.420: [GC pause (G1 Evacuation Pause) (mixed)
Desired survivor size 33554432 bytes, new threshold 3 (max 15)
- age   1:   11718320 bytes,   11718320 total
- age   2:    7954296 bytes,   19672616 total
- age   3:   43089768 bytes,   62762384 total
- age   4:    3529392 bytes,   66291776 total
, 0.0564100 secs]
   [Parallel Time: 50.7 ms, GC Workers: 18]
      [GC Worker Start (ms): Min: 2082420.8, Avg: 2082420.9, Max: 2082421.0, Diff: 0.2]
      [Ext Root Scanning (ms): Min: 4.3, Avg: 4.9, Max: 5.4, Diff: 1.1, Sum: 88.0]
      [Update RS (ms): Min: 2.7, Avg: 3.1, Max: 3.7, Diff: 1.1, Sum: 56.6]
         [Processed Buffers: Min: 12, Avg: 33.1, Max: 50, Diff: 38, Sum: 595]
      [Scan RS (ms): Min: 8.6, Avg: 8.7, Max: 8.8, Diff: 0.2, Sum: 157.0]
      [Code Root Scanning (ms): Min: 0.0, Avg: 0.0, Max: 0.0, Diff: 0.0, Sum: 0.0]
      [Object Copy (ms): Min: 33.6, Avg: 33.7, Max: 33.9, Diff: 0.2, Sum: 607.5]
      [Termination (ms): Min: 0.0, Avg: 0.0, Max: 0.0, Diff: 0.0, Sum: 0.1]
      [GC Worker Other (ms): Min: 0.0, Avg: 0.0, Max: 0.1, Diff: 0.1, Sum: 0.9]
      [GC Worker Total (ms): Min: 50.5, Avg: 50.6, Max: 50.7, Diff: 0.2, Sum: 910.0]
      [GC Worker End (ms): Min: 2082471.4, Avg: 2082471.4, Max: 2082471.5, Diff: 0.1]
   [Code Root Fixup: 0.2 ms]
   [Code Root Migration: 0.0 ms]
   [Clear CT: 1.1 ms]
   [Other: 4.4 ms]
      [Choose CSet: 0.2 ms]
      [Ref Proc: 1.6 ms]
      [Ref Enq: 0.1 ms]
      [Free CSet: 0.5 ms]
   [Eden: 416.0M(416.0M)->0.0B(448.0M) Survivors: 96.0M->64.0M Heap: 5461.6M(10.0G)->4733.0M(10.0G)]
 [Times: user=0.92 sys=0.01, real=0.06 secs] 
2082.477: Total time for which application threads were stopped: 0.0580680 seconds
2082.727: [GC pause (G1 Evacuation Pause) (mixed)
Desired survivor size 33554432 bytes, new threshold 15 (max 15)
- age   1:    1398504 bytes,    1398504 total
- age   2:    9711240 bytes,   11109744 total
- age   3:    7763368 bytes,   18873112 total
, 0.1091130 secs]
   [Parallel Time: 101.3 ms, GC Workers: 18]
      [GC Worker Start (ms): Min: 2082727.5, Avg: 2082727.6, Max: 2082727.7, Diff: 0.2]
      [Ext Root Scanning (ms): Min: 4.0, Avg: 4.8, Max: 5.2, Diff: 1.3, Sum: 86.5]
      [Update RS (ms): Min: 24.9, Avg: 25.3, Max: 26.0, Diff: 1.1, Sum: 455.4]
         [Processed Buffers: Min: 45, Avg: 78.5, Max: 111, Diff: 66, Sum: 1413]
      [Scan RS (ms): Min: 17.1, Avg: 17.4, Max: 17.6, Diff: 0.5, Sum: 312.3]
      [Code Root Scanning (ms): Min: 0.0, Avg: 0.0, Max: 0.2, Diff: 0.2, Sum: 0.3]
      [Object Copy (ms): Min: 53.3, Avg: 53.5, Max: 53.7, Diff: 0.4, Sum: 963.4]
      [Termination (ms): Min: 0.0, Avg: 0.1, Max: 0.1, Diff: 0.1, Sum: 1.5]
      [GC Worker Other (ms): Min: 0.0, Avg: 0.0, Max: 0.1, Diff: 0.1, Sum: 0.5]
      [GC Worker Total (ms): Min: 101.0, Avg: 101.1, Max: 101.2, Diff: 0.2, Sum: 1819.9]
      [GC Worker End (ms): Min: 2082828.7, Avg: 2082828.7, Max: 2082828.7, Diff: 0.1]
   [Code Root Fixup: 0.4 ms]
   [Code Root Migration: 0.4 ms]
   [Clear CT: 1.9 ms]
   [Other: 5.1 ms]
      [Choose CSet: 0.2 ms]
      [Ref Proc: 1.6 ms]
      [Ref Enq: 0.1 ms]
      [Free CSet: 0.4 ms]
   [Eden: 448.0M(448.0M)->0.0B(480.0M) Survivors: 64.0M->32.0M Heap: 5181.0M(10.0G)->4609.2M(10.0G)]
 [Times: user=1.85 sys=0.01, real=0.11 secs] 
2082.836: Total time for which application threads were stopped: 0.1109140 seconds
2083.123: Total time for which application threads were stopped: 0.0011770 seconds
2083.124: [GC pause (GCLocker Initiated GC) (young)
Desired survivor size 33554432 bytes, new threshold 15 (max 15)
- age   1:    4838936 bytes,    4838936 total
- age   2:     537824 bytes,    5376760 total
- age   3:    7349144 bytes,   12725904 total
- age   4:    5686232 bytes,   18412136 total
, 0.0328690 secs]
   [Parallel Time: 29.2 ms, GC Workers: 18]
      [GC Worker Start (ms): Min: 2083124.5, Avg: 2083124.6, Max: 2083124.6, Diff: 0.1]
      [Ext Root Scanning (ms): Min: 4.3, Avg: 4.9, Max: 5.4, Diff: 1.0, Sum: 88.6]
      [Update RS (ms): Min: 20.0, Avg: 20.6, Max: 22.1, Diff: 2.1, Sum: 370.7]
         [Processed Buffers: Min: 38, Avg: 60.1, Max: 80, Diff: 42, Sum: 1082]
      [Scan RS (ms): Min: 0.0, Avg: 0.3, Max: 0.4, Diff: 0.4, Sum: 4.6]
      [Code Root Scanning (ms): Min: 0.0, Avg: 0.0, Max: 0.0, Diff: 0.0, Sum: 0.0]
      [Object Copy (ms): Min: 1.1, Avg: 2.7, Max: 3.4, Diff: 2.3, Sum: 47.9]
      [Termination (ms): Min: 0.0, Avg: 0.5, Max: 0.6, Diff: 0.6, Sum: 9.8]
      [GC Worker Other (ms): Min: 0.0, Avg: 0.0, Max: 0.0, Diff: 0.0, Sum: 0.3]
      [GC Worker Total (ms): Min: 28.9, Avg: 29.0, Max: 29.1, Diff: 0.1, Sum: 522.0]
      [GC Worker End (ms): Min: 2083153.5, Avg: 2083153.6, Max: 2083153.6, Diff: 0.0]
   [Code Root Fixup: 0.3 ms]
   [Code Root Migration: 0.0 ms]
   [Clear CT: 0.5 ms]
   [Other: 2.9 ms]
      [Choose CSet: 0.0 ms]
      [Ref Proc: 1.7 ms]
      [Ref Enq: 0.2 ms]
      [Free CSet: 0.2 ms]
   [Eden: 496.0M(480.0M)->0.0B(2368.0M) Survivors: 32.0M->32.0M Heap: 5089.6M(10.0G)->4602.4M(10.0G)]
 [Times: user=0.53 sys=0.01, real=0.03 secs] 
2083.157: Total time for which application threads were stopped: 0.0338560 seconds
2084.498: Total time for which application threads were stopped: 0.0014000 seconds
2085.476: [GC pause (G1 Evacuation Pause) (young) (initial-mark)
Desired survivor size 159383552 bytes, new threshold 15 (max 15)
- age   1:    3019544 bytes,    3019544 total
- age   2:    2695792 bytes,    5715336 total
- age   3:     512336 bytes,    6227672 total
- age   4:    7060920 bytes,   13288592 total
- age   5:    5609544 bytes,   18898136 total
, 0.0237190 secs]
   [Parallel Time: 19.3 ms, GC Workers: 18]
      [GC Worker Start (ms): Min: 2085476.6, Avg: 2085476.6, Max: 2085476.7, Diff: 0.2]
      [Ext Root Scanning (ms): Min: 3.9, Avg: 4.5, Max: 5.0, Diff: 1.0, Sum: 81.4]
      [Code Root Marking (ms): Min: 0.3, Avg: 1.3, Max: 11.0, Diff: 10.7, Sum: 24.1]
      [Update RS (ms): Min: 0.0, Avg: 2.3, Max: 4.5, Diff: 4.5, Sum: 40.6]
         [Processed Buffers: Min: 0, Avg: 32.0, Max: 53, Diff: 53, Sum: 576]
      [Scan RS (ms): Min: 0.0, Avg: 0.1, Max: 0.2, Diff: 0.2, Sum: 2.5]
      [Code Root Scanning (ms): Min: 0.0, Avg: 0.0, Max: 0.0, Diff: 0.0, Sum: 0.0]
      [Object Copy (ms): Min: 3.2, Avg: 10.8, Max: 11.6, Diff: 8.3, Sum: 193.8]
      [Termination (ms): Min: 0.0, Avg: 0.0, Max: 0.0, Diff: 0.0, Sum: 0.3]
      [GC Worker Other (ms): Min: 0.0, Avg: 0.0, Max: 0.1, Diff: 0.1, Sum: 0.9]
      [GC Worker Total (ms): Min: 19.0, Avg: 19.1, Max: 19.2, Diff: 0.2, Sum: 343.7]
      [GC Worker End (ms): Min: 2085495.7, Avg: 2085495.7, Max: 2085495.8, Diff: 0.0]
   [Code Root Fixup: 0.2 ms]
   [Code Root Migration: 0.0 ms]
   [Clear CT: 0.7 ms]
   [Other: 3.5 ms]
      [Choose CSet: 0.0 ms]
      [Ref Proc: 1.7 ms]
      [Ref Enq: 0.1 ms]
      [Free CSet: 0.4 ms]
   [Eden: 2368.0M(2368.0M)->0.0B(4480.0M) Survivors: 32.0M->48.0M Heap: 6970.4M(10.0G)->4625.0M(10.0G)]
 [Times: user=0.35 sys=0.01, real=0.02 secs] 
2085.500: [GC concurrent-root-region-scan-start]
2085.500: Total time for which application threads were stopped: 0.0255560 seconds
2085.516: [GC concurrent-root-region-scan-end, 0.0156900 secs]
2085.516: [GC concurrent-mark-start]
2086.519: [GC concurrent-mark-end, 1.0037630 secs]
2086.521: [GC remark 2086.521: [GC ref-proc, 0.0026690 secs], 0.0100620 secs]
 [Times: user=0.14 sys=0.00, real=0.01 secs] 
2086.531: Total time for which application threads were stopped: 0.0115320 seconds
2086.532: [GC cleanup 5625M->5625M(10G), 0.0102550 secs]
 [Times: user=0.17 sys=0.01, real=0.01 secs] 
2086.542: Total time for which application threads were stopped: 0.0112810 seconds
2090.437: [GC pause (G1 Evacuation Pause) (young)
Desired survivor size 301989888 bytes, new threshold 15 (max 15)
- age   1:   25418048 bytes,   25418048 total
- age   2:     936552 bytes,   26354600 total
- age   3:    2561552 bytes,   28916152 total
- age   4:     474336 bytes,   29390488 total
- age   5:    6039008 bytes,   35429496 total
- age   6:    3395088 bytes,   38824584 total
, 0.0229310 secs]
   [Parallel Time: 17.5 ms, GC Workers: 18]
      [GC Worker Start (ms): Min: 2090437.1, Avg: 2090437.2, Max: 2090437.2, Diff: 0.1]
      [Ext Root Scanning (ms): Min: 4.3, Avg: 4.8, Max: 5.2, Diff: 1.0, Sum: 86.8]
      [Update RS (ms): Min: 2.6, Avg: 3.3, Max: 4.8, Diff: 2.1, Sum: 58.8]
         [Processed Buffers: Min: 18, Avg: 35.8, Max: 84, Diff: 66, Sum: 644]
      [Scan RS (ms): Min: 0.0, Avg: 0.2, Max: 0.3, Diff: 0.3, Sum: 3.9]
      [Code Root Scanning (ms): Min: 0.0, Avg: 0.0, Max: 0.0, Diff: 0.0, Sum: 0.1]
      [Object Copy (ms): Min: 7.7, Avg: 9.0, Max: 9.3, Diff: 1.7, Sum: 161.5]
      [Termination (ms): Min: 0.0, Avg: 0.0, Max: 0.0, Diff: 0.0, Sum: 0.1]
      [GC Worker Other (ms): Min: 0.0, Avg: 0.1, Max: 0.1, Diff: 0.1, Sum: 1.1]
      [GC Worker Total (ms): Min: 17.3, Avg: 17.4, Max: 17.4, Diff: 0.2, Sum: 312.3]
      [GC Worker End (ms): Min: 2090454.5, Avg: 2090454.5, Max: 2090454.6, Diff: 0.1]
   [Code Root Fixup: 0.3 ms]
   [Code Root Migration: 0.1 ms]
   [Clear CT: 1.4 ms]
   [Other: 3.7 ms]
      [Choose CSet: 0.0 ms]
      [Ref Proc: 1.7 ms]
      [Ref Enq: 0.1 ms]
      [Free CSet: 0.7 ms]
   [Eden: 4480.0M(4480.0M)->0.0B(432.0M) Survivors: 48.0M->80.0M Heap: 9105.0M(10.0G)->4655.9M(10.0G)]
 [Times: user=0.33 sys=0.00, real=0.02 secs] 
2090.460: Total time for which application threads were stopped: 0.0247780 seconds
2090.746: [GC pause (G1 Evacuation Pause) (mixed)
Desired survivor size 33554432 bytes, new threshold 2 (max 15)
- age   1:   13005088 bytes,   13005088 total
- age   2:   22296704 bytes,   35301792 total
- age   3:     674320 bytes,   35976112 total
- age   4:     239744 bytes,   36215856 total
- age   5:     206824 bytes,   36422680 total
- age   6:    2033680 bytes,   38456360 total
- age   7:    2800864 bytes,   41257224 total
, 0.0644890 secs]
   [Parallel Time: 56.6 ms, GC Workers: 18]
      [GC Worker Start (ms): Min: 2090746.9, Avg: 2090746.9, Max: 2090747.0, Diff: 0.1]
      [Ext Root Scanning (ms): Min: 4.1, Avg: 4.8, Max: 5.2, Diff: 1.1, Sum: 86.0]
      [Update RS (ms): Min: 2.1, Avg: 2.7, Max: 3.3, Diff: 1.2, Sum: 47.9]
         [Processed Buffers: Min: 4, Avg: 31.8, Max: 61, Diff: 57, Sum: 573]
      [Scan RS (ms): Min: 10.6, Avg: 11.0, Max: 11.3, Diff: 0.7, Sum: 198.4]
      [Code Root Scanning (ms): Min: 0.0, Avg: 0.0, Max: 0.1, Diff: 0.1, Sum: 0.1]
      [Object Copy (ms): Min: 37.7, Avg: 38.0, Max: 38.3, Diff: 0.6, Sum: 683.3]
      [Termination (ms): Min: 0.0, Avg: 0.0, Max: 0.0, Diff: 0.0, Sum: 0.3]
      [GC Worker Other (ms): Min: 0.0, Avg: 0.0, Max: 0.0, Diff: 0.0, Sum: 0.7]
      [GC Worker Total (ms): Min: 56.4, Avg: 56.5, Max: 56.5, Diff: 0.1, Sum: 1016.7]
      [GC Worker End (ms): Min: 2090803.4, Avg: 2090803.4, Max: 2090803.4, Diff: 0.0]
   [Code Root Fixup: 0.4 ms]
   [Code Root Migration: 0.2 ms]
   [Clear CT: 2.1 ms]
   [Other: 5.1 ms]
      [Choose CSet: 0.2 ms]
      [Ref Proc: 1.7 ms]
      [Ref Enq: 0.2 ms]
      [Free CSet: 0.6 ms]
   [Eden: 432.0M(432.0M)->0.0B(4672.0M) Survivors: 80.0M->32.0M Heap: 5087.9M(10.0G)->4444.6M(10.0G)]
 [Times: user=1.05 sys=0.01, real=0.06 secs] 
2090.811: Total time for which application threads were stopped: 0.0661030 seconds
2093.817: Total time for which application threads were stopped: 0.0013810 seconds
2094.818: Total time for which application threads were stopped: 0.0012980 seconds
2095.124: Total time for which application threads were stopped: 0.0090810 seconds
2095.481: [GC pause (G1 Evacuation Pause) (young)
Desired survivor size 310378496 bytes, new threshold 15 (max 15)
- age   1:    1832112 bytes,    1832112 total
- age   2:   11702080 bytes,   13534192 total
, 0.0347530 secs]
   [Parallel Time: 29.5 ms, GC Workers: 18]
      [GC Worker Start (ms): Min: 2095481.6, Avg: 2095481.7, Max: 2095481.8, Diff: 0.2]
      [Ext Root Scanning (ms): Min: 4.3, Avg: 4.8, Max: 5.4, Diff: 1.1, Sum: 86.7]
      [Update RS (ms): Min: 19.4, Avg: 19.9, Max: 20.6, Diff: 1.2, Sum: 359.0]
         [Processed Buffers: Min: 44, Avg: 65.0, Max: 109, Diff: 65, Sum: 1170]
      [Scan RS (ms): Min: 0.0, Avg: 0.3, Max: 0.4, Diff: 0.4, Sum: 5.7]
      [Code Root Scanning (ms): Min: 0.0, Avg: 0.0, Max: 0.0, Diff: 0.0, Sum: 0.1]
      [Object Copy (ms): Min: 3.9, Avg: 4.1, Max: 4.4, Diff: 0.5, Sum: 74.1]
      [Termination (ms): Min: 0.0, Avg: 0.0, Max: 0.0, Diff: 0.0, Sum: 0.1]
      [GC Worker Other (ms): Min: 0.0, Avg: 0.0, Max: 0.1, Diff: 0.1, Sum: 0.9]
      [GC Worker Total (ms): Min: 29.2, Avg: 29.3, Max: 29.4, Diff: 0.2, Sum: 526.6]
      [GC Worker End (ms): Min: 2095511.0, Avg: 2095511.0, Max: 2095511.0, Diff: 0.1]
   [Code Root Fixup: 0.3 ms]
   [Code Root Migration: 0.0 ms]
   [Clear CT: 1.5 ms]
   [Other: 3.4 ms]
      [Choose CSet: 0.0 ms]
      [Ref Proc: 1.6 ms]
      [Ref Enq: 0.1 ms]
      [Free CSet: 0.7 ms]
   [Eden: 4672.0M(4672.0M)->0.0B(4672.0M) Survivors: 32.0M->32.0M Heap: 9116.6M(10.0G)->4445.2M(10.0G)]
 [Times: user=0.55 sys=0.01, real=0.04 secs] 
2095.516: Total time for which application threads were stopped: 0.0365870 seconds
2100.242: [GC pause (G1 Evacuation Pause) (young)
Desired survivor size 310378496 bytes, new threshold 15 (max 15)
- age   1:   12682072 bytes,   12682072 total
- age   2:     116368 bytes,   12798440 total
- age   3:    7528192 bytes,   20326632 total
, 0.0188460 secs]
   [Parallel Time: 13.7 ms, GC Workers: 18]
      [GC Worker Start (ms): Min: 2100242.7, Avg: 2100242.8, Max: 2100242.9, Diff: 0.2]
      [Ext Root Scanning (ms): Min: 4.2, Avg: 4.9, Max: 5.3, Diff: 1.1, Sum: 87.6]
      [Update RS (ms): Min: 2.9, Avg: 3.4, Max: 4.4, Diff: 1.6, Sum: 61.9]
         [Processed Buffers: Min: 17, Avg: 37.4, Max: 66, Diff: 49, Sum: 674]
      [Scan RS (ms): Min: 0.0, Avg: 0.2, Max: 0.3, Diff: 0.3, Sum: 4.4]
      [Code Root Scanning (ms): Min: 0.0, Avg: 0.0, Max: 0.0, Diff: 0.0, Sum: 0.1]
      [Object Copy (ms): Min: 4.8, Avg: 4.9, Max: 5.0, Diff: 0.2, Sum: 88.5]
      [Termination (ms): Min: 0.0, Avg: 0.0, Max: 0.0, Diff: 0.0, Sum: 0.2]
      [GC Worker Other (ms): Min: 0.0, Avg: 0.0, Max: 0.1, Diff: 0.1, Sum: 0.9]
      [GC Worker Total (ms): Min: 13.4, Avg: 13.5, Max: 13.6, Diff: 0.2, Sum: 243.5]
      [GC Worker End (ms): Min: 2100256.3, Avg: 2100256.3, Max: 2100256.3, Diff: 0.1]
   [Code Root Fixup: 0.2 ms]
   [Code Root Migration: 0.1 ms]
   [Clear CT: 1.3 ms]
   [Other: 3.5 ms]
      [Choose CSet: 0.0 ms]
      [Ref Proc: 1.6 ms]
      [Ref Enq: 0.1 ms]
      [Free CSet: 0.7 ms]
   [Eden: 4672.0M(4672.0M)->0.0B(4656.0M) Survivors: 32.0M->48.0M Heap: 9117.2M(10.0G)->4453.6M(10.0G)]
 [Times: user=0.27 sys=0.00, real=0.02 secs] 
2100.261: Total time for which application threads were stopped: 0.0207000 seconds
2104.882: Total time for which application threads were stopped: 0.0013820 seconds
2104.904: Total time for which application threads were stopped: 0.0010450 seconds
2104.905: [GC pause (GCLocker Initiated GC) (young)
Desired survivor size 310378496 bytes, new threshold 15 (max 15)
- age   1:   12987632 bytes,   12987632 total
- age   2:    4474120 bytes,   17461752 total
- age   3:      84960 bytes,   17546712 total
- age   4:    4728232 bytes,   22274944 total
, 0.0191860 secs]
   [Parallel Time: 14.2 ms, GC Workers: 18]
      [GC Worker Start (ms): Min: 2104905.6, Avg: 2104905.7, Max: 2104905.7, Diff: 0.1]
      [Ext Root Scanning (ms): Min: 4.1, Avg: 4.8, Max: 5.1, Diff: 1.0, Sum: 86.1]
      [Update RS (ms): Min: 3.2, Avg: 3.6, Max: 4.3, Diff: 1.1, Sum: 64.0]
         [Processed Buffers: Min: 24, Avg: 35.0, Max: 54, Diff: 30, Sum: 630]
      [Scan RS (ms): Min: 0.0, Avg: 0.3, Max: 0.3, Diff: 0.3, Sum: 4.5]
      [Code Root Scanning (ms): Min: 0.0, Avg: 0.0, Max: 0.0, Diff: 0.0, Sum: 0.1]
      [Object Copy (ms): Min: 5.1, Avg: 5.4, Max: 5.7, Diff: 0.6, Sum: 96.9]
      [Termination (ms): Min: 0.0, Avg: 0.0, Max: 0.0, Diff: 0.0, Sum: 0.1]
      [GC Worker Other (ms): Min: 0.0, Avg: 0.1, Max: 0.1, Diff: 0.1, Sum: 1.1]
      [GC Worker Total (ms): Min: 14.0, Avg: 14.0, Max: 14.1, Diff: 0.1, Sum: 252.7]
      [GC Worker End (ms): Min: 2104919.7, Avg: 2104919.7, Max: 2104919.7, Diff: 0.1]
   [Code Root Fixup: 0.3 ms]
   [Code Root Migration: 0.1 ms]
   [Clear CT: 1.2 ms]
   [Other: 3.5 ms]
      [Choose CSet: 0.0 ms]
      [Ref Proc: 1.6 ms]
      [Ref Enq: 0.1 ms]
      [Free CSet: 0.7 ms]
   [Eden: 4672.0M(4656.0M)->0.0B(4688.0M) Survivors: 48.0M->32.0M Heap: 9109.7M(10.0G)->4448.7M(10.0G)]
 [Times: user=0.27 sys=0.00, real=0.02 secs] 
2104.925: Total time for which application threads were stopped: 0.0201600 seconds
2109.754: [GC pause (G1 Evacuation Pause) (young)
Desired survivor size 310378496 bytes, new threshold 15 (max 15)
- age   1:   11791952 bytes,   11791952 total
- age   2:    6405584 bytes,   18197536 total
- age   3:    1701912 bytes,   19899448 total
- age   4:      77304 bytes,   19976752 total
- age   5:    4616216 bytes,   24592968 total
, 0.0194250 secs]
   [Parallel Time: 13.9 ms, GC Workers: 18]
      [GC Worker Start (ms): Min: 2109754.8, Avg: 2109754.9, Max: 2109754.9, Diff: 0.1]
      [Ext Root Scanning (ms): Min: 3.6, Avg: 4.6, Max: 5.0, Diff: 1.4, Sum: 83.6]
      [Update RS (ms): Min: 3.3, Avg: 3.7, Max: 4.6, Diff: 1.2, Sum: 66.2]
         [Processed Buffers: Min: 31, Avg: 38.9, Max: 54, Diff: 23, Sum: 701]
      [Scan RS (ms): Min: 0.0, Avg: 0.2, Max: 0.3, Diff: 0.3, Sum: 4.4]
      [Code Root Scanning (ms): Min: 0.0, Avg: 0.0, Max: 0.0, Diff: 0.0, Sum: 0.1]
      [Object Copy (ms): Min: 4.8, Avg: 5.1, Max: 5.2, Diff: 0.5, Sum: 92.0]
      [Termination (ms): Min: 0.0, Avg: 0.0, Max: 0.0, Diff: 0.0, Sum: 0.5]
      [GC Worker Other (ms): Min: 0.0, Avg: 0.0, Max: 0.1, Diff: 0.0, Sum: 0.8]
      [GC Worker Total (ms): Min: 13.7, Avg: 13.8, Max: 13.8, Diff: 0.1, Sum: 247.7]
      [GC Worker End (ms): Min: 2109768.6, Avg: 2109768.6, Max: 2109768.7, Diff: 0.0]
   [Code Root Fixup: 0.3 ms]
   [Code Root Migration: 0.1 ms]
   [Clear CT: 1.4 ms]
   [Other: 3.8 ms]
      [Choose CSet: 0.0 ms]
      [Ref Proc: 1.8 ms]
      [Ref Enq: 0.1 ms]
      [Free CSet: 0.7 ms]
   [Eden: 4688.0M(4688.0M)->0.0B(4656.0M) Survivors: 32.0M->48.0M Heap: 9136.7M(10.0G)->4463.4M(10.0G)]
 [Times: user=0.27 sys=0.01, real=0.02 secs] 
2109.774: Total time for which application threads were stopped: 0.0213240 seconds
2114.204: Total time for which application threads were stopped: 0.0013570 seconds
2114.851: [GC pause (G1 Evacuation Pause) (young)
Desired survivor size 310378496 bytes, new threshold 15 (max 15)
- age   1:   12372584 bytes,   12372584 total
- age   2:    4489360 bytes,   16861944 total
- age   3:    3614664 bytes,   20476608 total
- age   4:    1557208 bytes,   22033816 total
- age   5:      76424 bytes,   22110240 total
- age   6:    4571256 bytes,   26681496 total
, 0.0216810 secs]
   [Parallel Time: 16.5 ms, GC Workers: 18]
      [GC Worker Start (ms): Min: 2114851.1, Avg: 2114851.1, Max: 2114851.2, Diff: 0.1]
      [Ext Root Scanning (ms): Min: 4.5, Avg: 5.3, Max: 5.8, Diff: 1.3, Sum: 96.1]
      [Update RS (ms): Min: 3.8, Avg: 4.5, Max: 6.7, Diff: 2.9, Sum: 80.8]
         [Processed Buffers: Min: 13, Avg: 35.7, Max: 71, Diff: 58, Sum: 642]
      [Scan RS (ms): Min: 0.0, Avg: 0.2, Max: 0.3, Diff: 0.3, Sum: 3.7]
      [Code Root Scanning (ms): Min: 0.0, Avg: 0.0, Max: 0.0, Diff: 0.0, Sum: 0.1]
      [Object Copy (ms): Min: 4.2, Avg: 6.3, Max: 6.7, Diff: 2.5, Sum: 112.6]
      [Termination (ms): Min: 0.0, Avg: 0.0, Max: 0.0, Diff: 0.0, Sum: 0.1]
      [GC Worker Other (ms): Min: 0.0, Avg: 0.0, Max: 0.1, Diff: 0.1, Sum: 0.8]
      [GC Worker Total (ms): Min: 16.3, Avg: 16.3, Max: 16.4, Diff: 0.2, Sum: 294.2]
      [GC Worker End (ms): Min: 2114867.5, Avg: 2114867.5, Max: 2114867.5, Diff: 0.1]
   [Code Root Fixup: 0.3 ms]
   [Code Root Migration: 0.1 ms]
   [Clear CT: 1.3 ms]
   [Other: 3.5 ms]
      [Choose CSet: 0.0 ms]
      [Ref Proc: 1.6 ms]
      [Ref Enq: 0.1 ms]
      [Free CSet: 0.7 ms]
   [Eden: 4656.0M(4656.0M)->0.0B(4656.0M) Survivors: 48.0M->48.0M Heap: 9119.4M(10.0G)->4456.2M(10.0G)]
 [Times: user=0.29 sys=0.01, real=0.02 secs] 
2114.873: Total time for which application threads were stopped: 0.0235350 seconds
2119.220: [GC pause (G1 Evacuation Pause) (young)
Desired survivor size 310378496 bytes, new threshold 15 (max 15)
- age   1:   13650960 bytes,   13650960 total
- age   2:    5424976 bytes,   19075936 total
- age   3:    1748864 bytes,   20824800 total
- age   4:    3406360 bytes,   24231160 total
- age   5:    1508856 bytes,   25740016 total
- age   6:      74088 bytes,   25814104 total
- age   7:    4549568 bytes,   30363672 total
, 0.0365560 secs]
   [Parallel Time: 31.0 ms, GC Workers: 18]
      [GC Worker Start (ms): Min: 2119221.0, Avg: 2119221.0, Max: 2119221.1, Diff: 0.1]
      [Ext Root Scanning (ms): Min: 4.5, Avg: 5.1, Max: 8.1, Diff: 3.6, Sum: 92.3]
      [Update RS (ms): Min: 1.0, Avg: 4.0, Max: 5.5, Diff: 4.5, Sum: 71.8]
         [Processed Buffers: Min: 18, Avg: 38.6, Max: 55, Diff: 37, Sum: 694]
      [Scan RS (ms): Min: 0.0, Avg: 0.2, Max: 0.3, Diff: 0.3, Sum: 4.3]
      [Code Root Scanning (ms): Min: 0.0, Avg: 0.0, Max: 0.0, Diff: 0.0, Sum: 0.1]
      [Object Copy (ms): Min: 20.5, Avg: 21.4, Max: 21.6, Diff: 1.1, Sum: 384.5]
      [Termination (ms): Min: 0.0, Avg: 0.1, Max: 0.1, Diff: 0.1, Sum: 1.3]
      [GC Worker Other (ms): Min: 0.0, Avg: 0.1, Max: 0.1, Diff: 0.1, Sum: 1.3]
      [GC Worker Total (ms): Min: 30.8, Avg: 30.9, Max: 31.0, Diff: 0.1, Sum: 555.6]
      [GC Worker End (ms): Min: 2119251.8, Avg: 2119251.9, Max: 2119251.9, Diff: 0.1]
   [Code Root Fixup: 0.3 ms]
   [Code Root Migration: 0.1 ms]
   [Clear CT: 1.4 ms]
   [Other: 3.7 ms]
      [Choose CSet: 0.0 ms]
      [Ref Proc: 1.6 ms]
      [Ref Enq: 0.1 ms]
      [Free CSet: 0.7 ms]
   [Eden: 4656.0M(4656.0M)->0.0B(4528.0M) Survivors: 48.0M->112.0M Heap: 9112.2M(10.0G)->4519.4M(10.0G)]
 [Times: user=0.57 sys=0.01, real=0.03 secs] 
2119.257: Total time for which application threads were stopped: 0.0384680 seconds
2123.704: Total time for which application threads were stopped: 0.0015860 seconds
2123.705: [GC pause (GCLocker Initiated GC) (young)
Desired survivor size 310378496 bytes, new threshold 15 (max 15)
- age   1:   58490920 bytes,   58490920 total
- age   2:    6510760 bytes,   65001680 total
- age   3:    2857824 bytes,   67859504 total
- age   4:    1590352 bytes,   69449856 total
- age   5:    3356832 bytes,   72806688 total
- age   6:    1474176 bytes,   74280864 total
- age   7:      72744 bytes,   74353608 total
- age   8:    4451944 bytes,   78805552 total
, 0.0269180 secs]
   [Parallel Time: 21.4 ms, GC Workers: 18]
      [GC Worker Start (ms): Min: 2123705.8, Avg: 2123705.9, Max: 2123705.9, Diff: 0.1]
      [Ext Root Scanning (ms): Min: 4.2, Avg: 5.1, Max: 8.9, Diff: 4.6, Sum: 91.1]
      [Update RS (ms): Min: 0.1, Avg: 5.6, Max: 16.2, Diff: 16.0, Sum: 100.3]
         [Processed Buffers: Min: 8, Avg: 36.3, Max: 58, Diff: 50, Sum: 654]
      [Scan RS (ms): Min: 0.0, Avg: 0.2, Max: 0.3, Diff: 0.3, Sum: 3.6]
      [Code Root Scanning (ms): Min: 0.0, Avg: 0.0, Max: 0.0, Diff: 0.0, Sum: 0.1]
      [Object Copy (ms): Min: 0.1, Avg: 9.6, Max: 11.8, Diff: 11.8, Sum: 173.0]
      [Termination (ms): Min: 0.0, Avg: 0.1, Max: 0.2, Diff: 0.2, Sum: 2.3]
      [GC Worker Other (ms): Min: 0.0, Avg: 0.7, Max: 11.5, Diff: 11.5, Sum: 12.2]
      [GC Worker Total (ms): Min: 21.2, Avg: 21.3, Max: 21.3, Diff: 0.1, Sum: 382.5]
      [GC Worker End (ms): Min: 2123727.1, Avg: 2123727.1, Max: 2123727.1, Diff: 0.1]
   [Code Root Fixup: 0.2 ms]
   [Code Root Migration: 0.1 ms]
   [Clear CT: 1.5 ms]
   [Other: 3.7 ms]
      [Choose CSet: 0.0 ms]
      [Ref Proc: 1.6 ms]
      [Ref Enq: 0.1 ms]
      [Free CSet: 0.7 ms]
   [Eden: 4544.0M(4528.0M)->0.0B(4560.0M) Survivors: 112.0M->96.0M Heap: 9047.4M(10.0G)->4515.3M(10.0G)]
 [Times: user=0.36 sys=0.01, real=0.03 secs] 
2123.733: Total time for which application threads were stopped: 0.0279030 seconds
2124.349: Total time for which application threads were stopped: 0.0013430 seconds
2124.363: Total time for which application threads were stopped: 0.0009680 seconds
2128.764: [GC pause (G1 Evacuation Pause) (young)
Desired survivor size 310378496 bytes, new threshold 15 (max 15)
- age   1:   12067168 bytes,   12067168 total
- age   2:   23038864 bytes,   35106032 total
- age   3:    3721688 bytes,   38827720 total
- age   4:    2558696 bytes,   41386416 total
- age   5:    1557832 bytes,   42944248 total
- age   6:    3328424 bytes,   46272672 total
- age   7:    1195792 bytes,   47468464 total
- age   8:      72568 bytes,   47541032 total
- age   9:    4434408 bytes,   51975440 total
, 0.0263280 secs]
   [Parallel Time: 20.8 ms, GC Workers: 18]
      [GC Worker Start (ms): Min: 2128764.3, Avg: 2128764.3, Max: 2128764.4, Diff: 0.1]
      [Ext Root Scanning (ms): Min: 4.0, Avg: 4.7, Max: 5.4, Diff: 1.4, Sum: 84.1]
      [Update RS (ms): Min: 3.5, Avg: 4.1, Max: 4.9, Diff: 1.4, Sum: 74.5]
         [Processed Buffers: Min: 20, Avg: 39.3, Max: 68, Diff: 48, Sum: 707]
      [Scan RS (ms): Min: 0.0, Avg: 0.2, Max: 0.3, Diff: 0.3, Sum: 4.4]
      [Code Root Scanning (ms): Min: 0.0, Avg: 0.0, Max: 0.0, Diff: 0.0, Sum: 0.1]
      [Object Copy (ms): Min: 11.2, Avg: 11.5, Max: 11.8, Diff: 0.5, Sum: 206.7]
      [Termination (ms): Min: 0.0, Avg: 0.0, Max: 0.0, Diff: 0.0, Sum: 0.1]
      [GC Worker Other (ms): Min: 0.0, Avg: 0.1, Max: 0.1, Diff: 0.1, Sum: 1.0]
      [GC Worker Total (ms): Min: 20.5, Avg: 20.6, Max: 20.7, Diff: 0.2, Sum: 371.0]
      [GC Worker End (ms): Min: 2128784.9, Avg: 2128784.9, Max: 2128785.0, Diff: 0.1]
   [Code Root Fixup: 0.3 ms]
   [Code Root Migration: 0.1 ms]
   [Clear CT: 1.5 ms]
   [Other: 3.7 ms]
      [Choose CSet: 0.0 ms]
      [Ref Proc: 1.6 ms]
      [Ref Enq: 0.1 ms]
      [Free CSet: 0.7 ms]
   [Eden: 4560.0M(4560.0M)->0.0B(4528.0M) Survivors: 96.0M->112.0M Heap: 9075.3M(10.0G)->4518.3M(10.0G)]
 [Times: user=0.40 sys=0.00, real=0.03 secs] 
2128.791: Total time for which application threads were stopped: 0.0281950 seconds
2133.779: [GC pause (G1 Evacuation Pause) (young)
Desired survivor size 310378496 bytes, new threshold 15 (max 15)
- age   1:   12089824 bytes,   12089824 total
- age   2:    2795264 bytes,   14885088 total
- age   3:   20396640 bytes,   35281728 total
- age   4:    3550968 bytes,   38832696 total
- age   5:    2497168 bytes,   41329864 total
- age   6:    1536912 bytes,   42866776 total
- age   7:    3312224 bytes,   46179000 total
- age   8:    1185336 bytes,   47364336 total
- age   9:      72512 bytes,   47436848 total
- age  10:    4428048 bytes,   51864896 total
, 0.0280340 secs]
   [Parallel Time: 22.4 ms, GC Workers: 18]
      [GC Worker Start (ms): Min: 2133780.0, Avg: 2133780.1, Max: 2133780.1, Diff: 0.1]
      [Ext Root Scanning (ms): Min: 4.5, Avg: 5.0, Max: 5.4, Diff: 0.9, Sum: 89.6]
      [Update RS (ms): Min: 3.8, Avg: 4.3, Max: 4.9, Diff: 1.1, Sum: 76.6]
         [Processed Buffers: Min: 20, Avg: 36.4, Max: 55, Diff: 35, Sum: 655]
      [Scan RS (ms): Min: 0.0, Avg: 0.2, Max: 0.3, Diff: 0.3, Sum: 4.2]
      [Code Root Scanning (ms): Min: 0.0, Avg: 0.0, Max: 0.0, Diff: 0.0, Sum: 0.1]
      [Object Copy (ms): Min: 12.3, Avg: 12.8, Max: 13.0, Diff: 0.7, Sum: 229.8]
      [Termination (ms): Min: 0.0, Avg: 0.0, Max: 0.0, Diff: 0.0, Sum: 0.1]
      [GC Worker Other (ms): Min: 0.0, Avg: 0.1, Max: 0.1, Diff: 0.1, Sum: 1.0]
      [GC Worker Total (ms): Min: 22.2, Avg: 22.3, Max: 22.4, Diff: 0.1, Sum: 401.4]
      [GC Worker End (ms): Min: 2133802.3, Avg: 2133802.4, Max: 2133802.4, Diff: 0.1]
   [Code Root Fixup: 0.3 ms]
   [Code Root Migration: 0.1 ms]
   [Clear CT: 1.7 ms]
   [Other: 3.6 ms]
      [Choose CSet: 0.0 ms]
      [Ref Proc: 1.6 ms]
      [Ref Enq: 0.1 ms]
      [Free CSet: 0.7 ms]
   [Eden: 4528.0M(4528.0M)->0.0B(4592.0M) Survivors: 112.0M->80.0M Heap: 9046.3M(10.0G)->4491.1M(10.0G)]
 [Times: user=0.43 sys=0.00, real=0.03 secs] 
2133.808: Total time for which application threads were stopped: 0.0299070 seconds
2134.948: Total time for which application threads were stopped: 0.0013800 seconds
2135.949: Total time for which application threads were stopped: 0.0013550 seconds
2138.635: Total time for which application threads were stopped: 0.0023050 seconds
2138.636: [GC pause (GCLocker Initiated GC) (young)
Desired survivor size 310378496 bytes, new threshold 15 (max 15)
- age   1:   11353624 bytes,   11353624 total
- age   2:    5719104 bytes,   17072728 total
- age   3:    1951536 bytes,   19024264 total
- age   4:   20244168 bytes,   39268432 total
- age   5:    3516056 bytes,   42784488 total
- age   6:    2473392 bytes,   45257880 total
- age   7:    1219616 bytes,   46477496 total
- age   8:    3301608 bytes,   49779104 total
- age   9:    1181392 bytes,   50960496 total
- age  10:      72128 bytes,   51032624 total
- age  11:    4424488 bytes,   55457112 total
, 0.0274350 secs]
   [Parallel Time: 21.9 ms, GC Workers: 18]
      [GC Worker Start (ms): Min: 2138636.1, Avg: 2138636.2, Max: 2138636.3, Diff: 0.1]
      [Ext Root Scanning (ms): Min: 3.9, Avg: 4.7, Max: 5.1, Diff: 1.2, Sum: 84.0]
      [Update RS (ms): Min: 3.9, Avg: 4.4, Max: 5.2, Diff: 1.3, Sum: 79.9]
         [Processed Buffers: Min: 19, Avg: 39.3, Max: 57, Diff: 38, Sum: 708]
      [Scan RS (ms): Min: 0.0, Avg: 0.2, Max: 0.3, Diff: 0.3, Sum: 4.4]
      [Code Root Scanning (ms): Min: 0.0, Avg: 0.0, Max: 0.0, Diff: 0.0, Sum: 0.1]
      [Object Copy (ms): Min: 11.6, Avg: 12.3, Max: 12.6, Diff: 1.0, Sum: 221.4]
      [Termination (ms): Min: 0.0, Avg: 0.0, Max: 0.0, Diff: 0.0, Sum: 0.4]
      [GC Worker Other (ms): Min: 0.0, Avg: 0.1, Max: 0.1, Diff: 0.1, Sum: 1.0]
      [GC Worker Total (ms): Min: 21.7, Avg: 21.7, Max: 21.8, Diff: 0.2, Sum: 391.3]
      [GC Worker End (ms): Min: 2138657.9, Avg: 2138657.9, Max: 2138658.0, Diff: 0.1]
   [Code Root Fixup: 0.3 ms]
   [Code Root Migration: 0.1 ms]
   [Clear CT: 1.6 ms]
   [Other: 3.7 ms]
      [Choose CSet: 0.0 ms]
      [Ref Proc: 1.5 ms]
      [Ref Enq: 0.1 ms]
      [Free CSet: 0.7 ms]
   [Eden: 4608.0M(4592.0M)->0.0B(4528.0M) Survivors: 80.0M->112.0M Heap: 9083.7M(10.0G)->4518.8M(10.0G)]
 [Times: user=0.42 sys=0.01, real=0.03 secs] 
2138.664: Total time for which application threads were stopped: 0.0285210 seconds
2140.665: Total time for which application threads were stopped: 0.0013040 seconds
2143.597: [GC pause (G1 Evacuation Pause) (young)
Desired survivor size 310378496 bytes, new threshold 15 (max 15)
- age   1:   11168432 bytes,   11168432 total
- age   2:    4439664 bytes,   15608096 total
- age   3:    3066400 bytes,   18674496 total
- age   4:    1761288 bytes,   20435784 total
- age   5:   20186232 bytes,   40622016 total
- age   6:    3478288 bytes,   44100304 total
- age   7:    2452064 bytes,   46552368 total
- age   8:    1206992 bytes,   47759360 total
- age   9:    3293216 bytes,   51052576 total
- age  10:    1176672 bytes,   52229248 total
- age  11:      72128 bytes,   52301376 total
- age  12:    4419624 bytes,   56721000 total
, 0.0269900 secs]
   [Parallel Time: 21.7 ms, GC Workers: 18]
      [GC Worker Start (ms): Min: 2143597.2, Avg: 2143597.3, Max: 2143597.3, Diff: 0.1]
      [Ext Root Scanning (ms): Min: 3.8, Avg: 4.6, Max: 4.9, Diff: 1.1, Sum: 82.9]
      [Update RS (ms): Min: 4.1, Avg: 4.4, Max: 5.4, Diff: 1.3, Sum: 79.7]
         [Processed Buffers: Min: 21, Avg: 36.9, Max: 79, Diff: 58, Sum: 664]
      [Scan RS (ms): Min: 0.0, Avg: 0.2, Max: 0.3, Diff: 0.3, Sum: 4.4]
      [Code Root Scanning (ms): Min: 0.0, Avg: 0.0, Max: 0.0, Diff: 0.0, Sum: 0.1]
      [Object Copy (ms): Min: 11.8, Avg: 12.2, Max: 12.4, Diff: 0.6, Sum: 218.9]
      [Termination (ms): Min: 0.0, Avg: 0.0, Max: 0.0, Diff: 0.0, Sum: 0.3]
      [GC Worker Other (ms): Min: 0.0, Avg: 0.1, Max: 0.1, Diff: 0.1, Sum: 1.2]
      [GC Worker Total (ms): Min: 21.4, Avg: 21.5, Max: 21.6, Diff: 0.2, Sum: 387.5]
      [GC Worker End (ms): Min: 2143618.8, Avg: 2143618.8, Max: 2143618.9, Diff: 0.1]
   [Code Root Fixup: 0.2 ms]
   [Code Root Migration: 0.1 ms]
   [Clear CT: 1.5 ms]
   [Other: 3.5 ms]
      [Choose CSet: 0.0 ms]
      [Ref Proc: 1.4 ms]
      [Ref Enq: 0.1 ms]
      [Free CSet: 0.7 ms]
   [Eden: 4528.0M(4528.0M)->0.0B(4560.0M) Survivors: 112.0M->96.0M Heap: 9046.8M(10.0G)->4502.2M(10.0G)]
 [Times: user=0.42 sys=0.01, real=0.03 secs] 
2143.624: Total time for which application threads were stopped: 0.0288100 seconds
2144.199: Total time for which application threads were stopped: 0.0014150 seconds
2148.638: [GC pause (G1 Evacuation Pause) (young)
Desired survivor size 310378496 bytes, new threshold 15 (max 15)
- age   1:   11151832 bytes,   11151832 total
- age   2:    5466032 bytes,   16617864 total
- age   3:    1546656 bytes,   18164520 total
- age   4:    2913520 bytes,   21078040 total
- age   5:    1719848 bytes,   22797888 total
- age   6:   20160696 bytes,   42958584 total
- age   7:    3134552 bytes,   46093136 total
- age   8:    2445480 bytes,   48538616 total
- age   9:    1200120 bytes,   49738736 total
- age  10:    3288640 bytes,   53027376 total
- age  11:    1173120 bytes,   54200496 total
- age  12:      72128 bytes,   54272624 total
- age  13:    4415712 bytes,   58688336 total
, 0.0281810 secs]
   [Parallel Time: 22.4 ms, GC Workers: 18]
      [GC Worker Start (ms): Min: 2148638.2, Avg: 2148638.2, Max: 2148638.3, Diff: 0.1]
      [Ext Root Scanning (ms): Min: 4.1, Avg: 4.7, Max: 5.1, Diff: 1.0, Sum: 85.4]
      [Update RS (ms): Min: 4.0, Avg: 4.5, Max: 5.5, Diff: 1.4, Sum: 80.6]
         [Processed Buffers: Min: 25, Avg: 40.4, Max: 67, Diff: 42, Sum: 728]
      [Scan RS (ms): Min: 0.0, Avg: 0.2, Max: 0.3, Diff: 0.3, Sum: 4.3]
      [Code Root Scanning (ms): Min: 0.0, Avg: 0.0, Max: 0.0, Diff: 0.0, Sum: 0.1]
      [Object Copy (ms): Min: 12.3, Avg: 12.7, Max: 13.0, Diff: 0.6, Sum: 229.0]
      [Termination (ms): Min: 0.0, Avg: 0.0, Max: 0.0, Diff: 0.0, Sum: 0.1]
      [GC Worker Other (ms): Min: 0.0, Avg: 0.1, Max: 0.1, Diff: 0.1, Sum: 1.1]
      [GC Worker Total (ms): Min: 22.2, Avg: 22.3, Max: 22.3, Diff: 0.2, Sum: 400.6]
      [GC Worker End (ms): Min: 2148660.4, Avg: 2148660.5, Max: 2148660.5, Diff: 0.1]
   [Code Root Fixup: 0.3 ms]
   [Code Root Migration: 0.1 ms]
   [Clear CT: 1.6 ms]
   [Other: 3.9 ms]
      [Choose CSet: 0.0 ms]
      [Ref Proc: 1.6 ms]
      [Ref Enq: 0.1 ms]
      [Free CSet: 0.8 ms]
   [Eden: 4560.0M(4560.0M)->0.0B(4496.0M) Survivors: 96.0M->128.0M Heap: 9062.2M(10.0G)->4546.6M(10.0G)]
 [Times: user=0.43 sys=0.00, real=0.03 secs] 
2148.666: Total time for which application threads were stopped: 0.0298290 seconds
2151.668: Total time for which application threads were stopped: 0.0012450 seconds
2153.009: [GC pause (G1 Evacuation Pause) (young)
Desired survivor size 310378496 bytes, new threshold 15 (max 15)
- age   1:   11411368 bytes,   11411368 total
- age   2:    4682352 bytes,   16093720 total
- age   3:    2873808 bytes,   18967528 total
- age   4:    1406336 bytes,   20373864 total
- age   5:    2863072 bytes,   23236936 total
- age   6:    1689672 bytes,   24926608 total
- age   7:   20143000 bytes,   45069608 total
- age   8:    3129632 bytes,   48199240 total
- age   9:    2437720 bytes,   50636960 total
- age  10:    1194952 bytes,   51831912 total
- age  11:    3284080 bytes,   55115992 total
- age  12:    1161568 bytes,   56277560 total
- age  13:      70648 bytes,   56348208 total
- age  14:    4395768 bytes,   60743976 total
, 0.0330780 secs]
   [Parallel Time: 27.7 ms, GC Workers: 18]
      [GC Worker Start (ms): Min: 2153009.8, Avg: 2153009.9, Max: 2153010.0, Diff: 0.1]
      [Ext Root Scanning (ms): Min: 4.3, Avg: 4.8, Max: 5.3, Diff: 1.0, Sum: 86.2]
      [Update RS (ms): Min: 4.0, Avg: 4.5, Max: 5.9, Diff: 1.9, Sum: 81.3]
         [Processed Buffers: Min: 21, Avg: 37.2, Max: 68, Diff: 47, Sum: 669]
      [Scan RS (ms): Min: 0.0, Avg: 0.2, Max: 0.3, Diff: 0.3, Sum: 4.1]
      [Code Root Scanning (ms): Min: 0.0, Avg: 0.0, Max: 0.0, Diff: 0.0, Sum: 0.1]
      [Object Copy (ms): Min: 16.7, Avg: 17.9, Max: 18.3, Diff: 1.6, Sum: 322.4]
      [Termination (ms): Min: 0.0, Avg: 0.0, Max: 0.0, Diff: 0.0, Sum: 0.1]
      [GC Worker Other (ms): Min: 0.0, Avg: 0.1, Max: 0.1, Diff: 0.1, Sum: 1.1]
      [GC Worker Total (ms): Min: 27.4, Avg: 27.5, Max: 27.6, Diff: 0.2, Sum: 495.3]
      [GC Worker End (ms): Min: 2153037.4, Avg: 2153037.4, Max: 2153037.5, Diff: 0.1]
   [Code Root Fixup: 0.2 ms]
   [Code Root Migration: 0.1 ms]
   [Clear CT: 1.2 ms]
   [Other: 3.9 ms]
      [Choose CSet: 0.0 ms]
      [Ref Proc: 1.5 ms]
      [Ref Enq: 0.1 ms]
      [Free CSet: 0.8 ms]
   [Eden: 4496.0M(4496.0M)->0.0B(4560.0M) Survivors: 128.0M->96.0M Heap: 9042.6M(10.0G)->4505.8M(10.0G)]
 [Times: user=0.51 sys=0.01, real=0.03 secs] 
2153.043: Total time for which application threads were stopped: 0.0348630 seconds
2154.174: Total time for which application threads were stopped: 0.0013400 seconds
2154.175: Total time for which application threads were stopped: 0.0003610 seconds
2154.176: Total time for which application threads were stopped: 0.0004530 seconds
2154.183: Total time for which application threads were stopped: 0.0011840 seconds
2154.190: Total time for which application threads were stopped: 0.0008750 seconds
2156.191: Total time for which application threads were stopped: 0.0013490 seconds
2157.604: [GC pause (G1 Evacuation Pause) (young)
Desired survivor size 310378496 bytes, new threshold 15 (max 15)
- age   1:   29640880 bytes,   29640880 total
- age   2:    5289376 bytes,   34930256 total
- age   3:    2268360 bytes,   37198616 total
- age   4:    2748328 bytes,   39946944 total
- age   5:    1370632 bytes,   41317576 total
- age   6:    2822960 bytes,   44140536 total
- age   7:    1327104 bytes,   45467640 total
- age   8:    2296832 bytes,   47764472 total
- age   9:    3124008 bytes,   50888480 total
- age  10:    2433352 bytes,   53321832 total
- age  11:    1190320 bytes,   54512152 total
- age  12:    3281824 bytes,   57793976 total
- age  13:    1147136 bytes,   58941112 total
- age  14:      70600 bytes,   59011712 total
- age  15:    4389256 bytes,   63400968 total
, 0.0346150 secs]
   [Parallel Time: 29.1 ms, GC Workers: 18]
      [GC Worker Start (ms): Min: 2157604.7, Avg: 2157604.8, Max: 2157604.9, Diff: 0.2]
      [Ext Root Scanning (ms): Min: 4.1, Avg: 4.8, Max: 5.2, Diff: 1.0, Sum: 85.7]
      [Update RS (ms): Min: 4.1, Avg: 4.5, Max: 5.5, Diff: 1.4, Sum: 81.6]
         [Processed Buffers: Min: 21, Avg: 37.6, Max: 63, Diff: 42, Sum: 676]
      [Scan RS (ms): Min: 0.0, Avg: 0.2, Max: 0.3, Diff: 0.3, Sum: 4.2]
      [Code Root Scanning (ms): Min: 0.0, Avg: 0.0, Max: 0.0, Diff: 0.0, Sum: 0.1]
      [Object Copy (ms): Min: 19.0, Avg: 19.3, Max: 19.5, Diff: 0.5, Sum: 347.3]
      [Termination (ms): Min: 0.0, Avg: 0.0, Max: 0.0, Diff: 0.0, Sum: 0.1]
      [GC Worker Other (ms): Min: 0.0, Avg: 0.1, Max: 0.1, Diff: 0.1, Sum: 1.0]
      [GC Worker Total (ms): Min: 28.8, Avg: 28.9, Max: 29.0, Diff: 0.2, Sum: 520.1]
      [GC Worker End (ms): Min: 2157633.7, Avg: 2157633.7, Max: 2157633.8, Diff: 0.1]
   [Code Root Fixup: 0.2 ms]
   [Code Root Migration: 0.1 ms]
   [Clear CT: 1.3 ms]
   [Other: 3.9 ms]
      [Choose CSet: 0.0 ms]
      [Ref Proc: 1.7 ms]
      [Ref Enq: 0.1 ms]
      [Free CSet: 0.7 ms]
   [Eden: 4560.0M(4560.0M)->0.0B(4528.0M) Survivors: 96.0M->112.0M Heap: 9065.8M(10.0G)->4526.0M(10.0G)]
 [Times: user=0.54 sys=0.01, real=0.04 secs] 
2157.639: Total time for which application threads were stopped: 0.0364860 seconds
2162.099: [GC pause (G1 Evacuation Pause) (young)
Desired survivor size 310378496 bytes, new threshold 15 (max 15)
- age   1:   10990336 bytes,   10990336 total
- age   2:   22329848 bytes,   33320184 total
- age   3:    2828208 bytes,   36148392 total
- age   4:    1747840 bytes,   37896232 total
- age   5:    2706416 bytes,   40602648 total
- age   6:    1342512 bytes,   41945160 total
- age   7:    2797864 bytes,   44743024 total
- age   8:    1322104 bytes,   46065128 total
- age   9:    2292504 bytes,   48357632 total
- age  10:    3118328 bytes,   51475960 total
- age  11:    2431832 bytes,   53907792 total
- age  12:    1184496 bytes,   55092288 total
- age  13:    3268696 bytes,   58360984 total
- age  14:    1141480 bytes,   59502464 total
- age  15:      70576 bytes,   59573040 total
, 0.0299420 secs]
   [Parallel Time: 24.5 ms, GC Workers: 18]
      [GC Worker Start (ms): Min: 2162099.1, Avg: 2162099.2, Max: 2162099.3, Diff: 0.1]
      [Ext Root Scanning (ms): Min: 4.4, Avg: 4.9, Max: 5.3, Diff: 0.9, Sum: 88.6]
      [Update RS (ms): Min: 4.8, Avg: 5.2, Max: 6.6, Diff: 1.8, Sum: 94.5]
         [Processed Buffers: Min: 27, Avg: 40.4, Max: 73, Diff: 46, Sum: 728]
      [Scan RS (ms): Min: 0.0, Avg: 0.2, Max: 0.3, Diff: 0.2, Sum: 4.4]
      [Code Root Scanning (ms): Min: 0.0, Avg: 0.0, Max: 0.0, Diff: 0.0, Sum: 0.1]
      [Object Copy (ms): Min: 12.8, Avg: 13.8, Max: 14.2, Diff: 1.4, Sum: 249.2]
      [Termination (ms): Min: 0.0, Avg: 0.0, Max: 0.0, Diff: 0.0, Sum: 0.2]
      [GC Worker Other (ms): Min: 0.0, Avg: 0.1, Max: 0.1, Diff: 0.1, Sum: 1.0]
      [GC Worker Total (ms): Min: 24.3, Avg: 24.3, Max: 24.4, Diff: 0.2, Sum: 438.0]
      [GC Worker End (ms): Min: 2162123.5, Avg: 2162123.5, Max: 2162123.6, Diff: 0.1]
   [Code Root Fixup: 0.3 ms]
   [Code Root Migration: 0.1 ms]
   [Clear CT: 1.5 ms]
   [Other: 3.7 ms]
      [Choose CSet: 0.0 ms]
      [Ref Proc: 1.6 ms]
      [Ref Enq: 0.1 ms]
      [Free CSet: 0.7 ms]
   [Eden: 4528.0M(4528.0M)->0.0B(4560.0M) Survivors: 112.0M->96.0M Heap: 9054.0M(10.0G)->4520.5M(10.0G)]
 [Times: user=0.46 sys=0.01, real=0.03 secs] 
2162.129: Total time for which application threads were stopped: 0.0318170 seconds
2164.554: Total time for which application threads were stopped: 0.0013800 seconds
2167.195: [GC pause (G1 Evacuation Pause) (young)
Desired survivor size 310378496 bytes, new threshold 15 (max 15)
- age   1:   11286608 bytes,   11286608 total
- age   2:    4919424 bytes,   16206032 total
- age   3:   19675624 bytes,   35881656 total
- age   4:    2448400 bytes,   38330056 total
- age   5:    1708464 bytes,   40038520 total
- age   6:    2657720 bytes,   42696240 total
- age   7:    1321352 bytes,   44017592 total
- age   8:    2792144 bytes,   46809736 total
- age   9:    1316656 bytes,   48126392 total
- age  10:    2287824 bytes,   50414216 total
- age  11:    3108568 bytes,   53522784 total
- age  12:    2427456 bytes,   55950240 total
- age  13:    1164760 bytes,   57115000 total
- age  14:    3268168 bytes,   60383168 total
- age  15:    1138424 bytes,   61521592 total
, 0.0288450 secs]
   [Parallel Time: 23.2 ms, GC Workers: 18]
      [GC Worker Start (ms): Min: 2167195.2, Avg: 2167195.2, Max: 2167195.3, Diff: 0.1]
      [Ext Root Scanning (ms): Min: 4.2, Avg: 4.8, Max: 5.1, Diff: 1.0, Sum: 86.2]
      [Update RS (ms): Min: 3.7, Avg: 4.2, Max: 4.8, Diff: 1.1, Sum: 75.1]
         [Processed Buffers: Min: 22, Avg: 36.8, Max: 52, Diff: 30, Sum: 662]
      [Scan RS (ms): Min: 0.0, Avg: 0.2, Max: 0.3, Diff: 0.3, Sum: 4.4]
      [Code Root Scanning (ms): Min: 0.0, Avg: 0.0, Max: 0.0, Diff: 0.0, Sum: 0.1]
      [Object Copy (ms): Min: 13.6, Avg: 13.7, Max: 13.8, Diff: 0.2, Sum: 247.4]
      [Termination (ms): Min: 0.0, Avg: 0.0, Max: 0.0, Diff: 0.0, Sum: 0.1]
      [GC Worker Other (ms): Min: 0.0, Avg: 0.1, Max: 0.1, Diff: 0.1, Sum: 1.1]
      [GC Worker Total (ms): Min: 22.9, Avg: 23.0, Max: 23.1, Diff: 0.2, Sum: 414.4]
      [GC Worker End (ms): Min: 2167218.2, Avg: 2167218.3, Max: 2167218.3, Diff: 0.1]
   [Code Root Fixup: 0.3 ms]
   [Code Root Migration: 0.1 ms]
   [Clear CT: 1.4 ms]
   [Other: 3.9 ms]
      [Choose CSet: 0.0 ms]
      [Ref Proc: 1.8 ms]
      [Ref Enq: 0.1 ms]
      [Free CSet: 0.7 ms]
   [Eden: 4560.0M(4560.0M)->0.0B(4560.0M) Survivors: 96.0M->96.0M Heap: 9080.5M(10.0G)->4510.8M(10.0G)]
 [Times: user=0.44 sys=0.00, real=0.03 secs] 
